[2022-04-19T04:39:53.531+0000][8][gc] Using G1
[2022-04-19T04:39:53.579+0000][8][gc,init] Version: 17.0.2+8 (release)
[2022-04-19T04:39:53.580+0000][8][gc,init] CPUs: 5 total, 5 available
[2022-04-19T04:39:53.581+0000][8][gc,init] Memory: 7851M
[2022-04-19T04:39:53.582+0000][8][gc,init] Large Page Support: Disabled
[2022-04-19T04:39:53.583+0000][8][gc,init] NUMA Support: Disabled
[2022-04-19T04:39:53.584+0000][8][gc,init] Compressed Oops: Enabled (32-bit)
[2022-04-19T04:39:53.586+0000][8][gc,init] Heap Region Size: 4M
[2022-04-19T04:39:53.587+0000][8][gc,init] Heap Min Capacity: 512M
[2022-04-19T04:39:53.587+0000][8][gc,init] Heap Initial Capacity: 512M
[2022-04-19T04:39:53.588+0000][8][gc,init] Heap Max Capacity: 512M
[2022-04-19T04:39:53.590+0000][8][gc,init] Pre-touch: Enabled
[2022-04-19T04:39:53.590+0000][8][gc,init] Parallel Workers: 5
[2022-04-19T04:39:53.591+0000][8][gc,init] Concurrent Workers: 1
[2022-04-19T04:39:53.592+0000][8][gc,init] Concurrent Refinement Workers: 5
[2022-04-19T04:39:53.592+0000][8][gc,init] Periodic GC: Disabled
[2022-04-19T04:39:53.593+0000][8][gc,metaspace] CDS archive(s) mapped at: [0x0000000800000000-0x0000000800bd2000-0x0000000800bd2000), size 12394496, SharedBaseAddress: 0x0000000800000000, ArchiveRelocationMode: 0.
[2022-04-19T04:39:53.593+0000][8][gc,metaspace] Compressed class space mapped at: 0x0000000800c00000-0x0000000840c00000, reserved size: 1073741824
[2022-04-19T04:39:53.594+0000][8][gc,metaspace] Narrow klass base: 0x0000000800000000, Narrow klass shift: 0, Narrow klass range: 0x100000000
[2022-04-19T04:39:53.719+0000][8][safepoint   ] Safepoint "ICBufferFull", Time since last: 121201250 ns, Reaching safepoint: 142417 ns, At safepoint: 7916 ns, Total: 150333 ns
[2022-04-19T04:39:53.757+0000][8][safepoint   ] Safepoint "ICBufferFull", Time since last: 37852209 ns, Reaching safepoint: 129916 ns, At safepoint: 9375 ns, Total: 139291 ns
[2022-04-19T04:39:53.839+0000][8][safepoint   ] Safepoint "ICBufferFull", Time since last: 81926250 ns, Reaching safepoint: 139042 ns, At safepoint: 10292 ns, Total: 149334 ns
[2022-04-19T04:39:53.896+0000][8][gc,start    ] GC(0) Pause Young (Normal) (G1 Evacuation Pause)
[2022-04-19T04:39:53.897+0000][8][gc,task     ] GC(0) Using 5 workers of 5 for evacuation
[2022-04-19T04:39:53.899+0000][8][gc,age      ] GC(0) Desired survivor size 2097152 bytes, new threshold 15 (max threshold 15)
[2022-04-19T04:39:53.904+0000][8][gc,age      ] GC(0) Age table with threshold 15 (max threshold 15)
[2022-04-19T04:39:53.905+0000][8][gc,age      ] GC(0) - age   1:    4182864 bytes,    4182864 total
[2022-04-19T04:39:53.906+0000][8][gc,phases   ] GC(0)   Pre Evacuate Collection Set: 0.5ms
[2022-04-19T04:39:53.907+0000][8][gc,phases   ] GC(0)   Merge Heap Roots: 0.5ms
[2022-04-19T04:39:53.907+0000][8][gc,phases   ] GC(0)   Evacuate Collection Set: 1.9ms
[2022-04-19T04:39:53.908+0000][8][gc,phases   ] GC(0)   Post Evacuate Collection Set: 0.8ms
[2022-04-19T04:39:53.908+0000][8][gc,phases   ] GC(0)   Other: 5.9ms
[2022-04-19T04:39:53.909+0000][8][gc,heap     ] GC(0) Eden regions: 6->0(5)
[2022-04-19T04:39:53.910+0000][8][gc,heap     ] GC(0) Survivor regions: 0->1(1)
[2022-04-19T04:39:53.911+0000][8][gc,heap     ] GC(0) Old regions: 0->1
[2022-04-19T04:39:53.911+0000][8][gc,heap     ] GC(0) Archive regions: 2->2
[2022-04-19T04:39:53.912+0000][8][gc,heap     ] GC(0) Humongous regions: 0->0
[2022-04-19T04:39:53.913+0000][8][gc,metaspace] GC(0) Metaspace: 8677K(8896K)->8677K(8896K) NonClass: 7648K(7744K)->7648K(7744K) Class: 1029K(1152K)->1029K(1152K)
[2022-04-19T04:39:53.913+0000][8][gc          ] GC(0) Pause Young (Normal) (G1 Evacuation Pause) 27M->8M(512M) 17.226ms
[2022-04-19T04:39:53.914+0000][8][gc,cpu      ] GC(0) User=0.01s Sys=0.01s Real=0.02s
[2022-04-19T04:39:53.914+0000][8][safepoint   ] Safepoint "G1CollectForAllocation", Time since last: 56448750 ns, Reaching safepoint: 154000 ns, At safepoint: 18580041 ns, Total: 18734041 ns
[2022-04-19T04:39:54.033+0000][8][safepoint   ] Safepoint "ICBufferFull", Time since last: 118309125 ns, Reaching safepoint: 163250 ns, At safepoint: 4334 ns, Total: 167584 ns
[2022-04-19T04:39:54.096+0000][8][gc,start    ] GC(1) Pause Young (Normal) (G1 Evacuation Pause)
[2022-04-19T04:39:54.098+0000][8][gc,task     ] GC(1) Using 5 workers of 5 for evacuation
[2022-04-19T04:39:54.098+0000][8][gc,age      ] GC(1) Desired survivor size 2097152 bytes, new threshold 1 (max threshold 15)
[2022-04-19T04:39:54.103+0000][8][gc,age      ] GC(1) Age table with threshold 1 (max threshold 15)
[2022-04-19T04:39:54.104+0000][8][gc,age      ] GC(1) - age   1:    1948952 bytes,    1948952 total
[2022-04-19T04:39:54.105+0000][8][gc,phases   ] GC(1)   Pre Evacuate Collection Set: 0.3ms
[2022-04-19T04:39:54.106+0000][8][gc,phases   ] GC(1)   Merge Heap Roots: 0.0ms
[2022-04-19T04:39:54.106+0000][8][gc,phases   ] GC(1)   Evacuate Collection Set: 2.8ms
[2022-04-19T04:39:54.107+0000][8][gc,phases   ] GC(1)   Post Evacuate Collection Set: 1.0ms
[2022-04-19T04:39:54.108+0000][8][gc,phases   ] GC(1)   Other: 4.8ms
[2022-04-19T04:39:54.109+0000][8][gc,heap     ] GC(1) Eden regions: 5->0(7)
[2022-04-19T04:39:54.110+0000][8][gc,heap     ] GC(1) Survivor regions: 1->1(1)
[2022-04-19T04:39:54.110+0000][8][gc,heap     ] GC(1) Old regions: 1->2
[2022-04-19T04:39:54.111+0000][8][gc,heap     ] GC(1) Archive regions: 2->2
[2022-04-19T04:39:54.112+0000][8][gc,heap     ] GC(1) Humongous regions: 0->0
[2022-04-19T04:39:54.113+0000][8][gc,metaspace] GC(1) Metaspace: 12144K(12352K)->12144K(12352K) NonClass: 10660K(10752K)->10660K(10752K) Class: 1484K(1600K)->1484K(1600K)
[2022-04-19T04:39:54.113+0000][8][gc          ] GC(1) Pause Young (Normal) (G1 Evacuation Pause) 28M->10M(512M) 17.273ms
[2022-04-19T04:39:54.114+0000][8][gc,cpu      ] GC(1) User=0.02s Sys=0.01s Real=0.02s
[2022-04-19T04:39:54.115+0000][8][safepoint   ] Safepoint "G1CollectForAllocation", Time since last: 62980750 ns, Reaching safepoint: 88875 ns, At safepoint: 18694416 ns, Total: 18783291 ns
[2022-04-19T04:39:54.347+0000][8][safepoint   ] Safepoint "ICBufferFull", Time since last: 232326834 ns, Reaching safepoint: 121542 ns, At safepoint: 2125 ns, Total: 123667 ns
[2022-04-19T04:39:54.378+0000][8][gc,start    ] GC(2) Pause Young (Normal) (G1 Evacuation Pause)
[2022-04-19T04:39:54.379+0000][8][gc,task     ] GC(2) Using 5 workers of 5 for evacuation
[2022-04-19T04:39:54.380+0000][8][gc,age      ] GC(2) Desired survivor size 2097152 bytes, new threshold 15 (max threshold 15)
[2022-04-19T04:39:54.385+0000][8][gc,age      ] GC(2) Age table with threshold 15 (max threshold 15)
[2022-04-19T04:39:54.386+0000][8][gc,age      ] GC(2) - age   1:     807696 bytes,     807696 total
[2022-04-19T04:39:54.387+0000][8][gc,age      ] GC(2) - age   2:    1900264 bytes,    2707960 total
[2022-04-19T04:39:54.388+0000][8][gc,phases   ] GC(2)   Pre Evacuate Collection Set: 0.2ms
[2022-04-19T04:39:54.389+0000][8][gc,phases   ] GC(2)   Merge Heap Roots: 0.2ms
[2022-04-19T04:39:54.389+0000][8][gc,phases   ] GC(2)   Evacuate Collection Set: 2.2ms
[2022-04-19T04:39:54.390+0000][8][gc,phases   ] GC(2)   Post Evacuate Collection Set: 1.1ms
[2022-04-19T04:39:54.390+0000][8][gc,phases   ] GC(2)   Other: 6.3ms
[2022-04-19T04:39:54.391+0000][8][gc,heap     ] GC(2) Eden regions: 7->0(28)
[2022-04-19T04:39:54.391+0000][8][gc,heap     ] GC(2) Survivor regions: 1->1(1)
[2022-04-19T04:39:54.392+0000][8][gc,heap     ] GC(2) Old regions: 2->2
[2022-04-19T04:39:54.392+0000][8][gc,heap     ] GC(2) Archive regions: 2->2
[2022-04-19T04:39:54.393+0000][8][gc,heap     ] GC(2) Humongous regions: 0->0
[2022-04-19T04:39:54.393+0000][8][gc,metaspace] GC(2) Metaspace: 14592K(14848K)->14592K(14848K) NonClass: 12860K(12992K)->12860K(12992K) Class: 1732K(1856K)->1732K(1856K)
[2022-04-19T04:39:54.394+0000][8][gc          ] GC(2) Pause Young (Normal) (G1 Evacuation Pause) 38M->10M(512M) 16.084ms
[2022-04-19T04:39:54.395+0000][8][gc,cpu      ] GC(2) User=0.02s Sys=0.00s Real=0.02s
[2022-04-19T04:39:54.397+0000][8][safepoint   ] Safepoint "G1CollectForAllocation", Time since last: 30712000 ns, Reaching safepoint: 177500 ns, At safepoint: 18648791 ns, Total: 18826291 ns
[2022-04-19T04:39:54.599+0000][8][safepoint   ] Safepoint "ICBufferFull", Time since last: 202661042 ns, Reaching safepoint: 142250 ns, At safepoint: 3250 ns, Total: 145500 ns
[2022-04-19T04:39:54.631+0000][8][safepoint   ] Safepoint "ICBufferFull", Time since last: 31669417 ns, Reaching safepoint: 184041 ns, At safepoint: 3584 ns, Total: 187625 ns
[2022-04-19T04:39:54.638+0000][8][safepoint   ] Safepoint "ICBufferFull", Time since last: 6567375 ns, Reaching safepoint: 33666 ns, At safepoint: 1584 ns, Total: 35250 ns
[2022-04-19T04:39:54.639+0000][8][safepoint   ] Safepoint "ICBufferFull", Time since last: 1348416 ns, Reaching safepoint: 42917 ns, At safepoint: 29667 ns, Total: 72584 ns
[2022-04-19T04:39:54.640+0000][8][safepoint   ] Safepoint "ICBufferFull", Time since last: 984750 ns, Reaching safepoint: 35708 ns, At safepoint: 1625 ns, Total: 37333 ns
[2022-04-19T04:39:54.643+0000][8][safepoint   ] Safepoint "ICBufferFull", Time since last: 2348542 ns, Reaching safepoint: 50958 ns, At safepoint: 1875 ns, Total: 52833 ns
[2022-04-19T04:39:54.644+0000][8][safepoint   ] Safepoint "ICBufferFull", Time since last: 1250042 ns, Reaching safepoint: 46666 ns, At safepoint: 1209 ns, Total: 47875 ns
[2022-04-19T04:39:54.646+0000][8][safepoint   ] Safepoint "ICBufferFull", Time since last: 1337958 ns, Reaching safepoint: 71625 ns, At safepoint: 109458 ns, Total: 181083 ns
[2022-04-19T04:39:54.647+0000][8][safepoint   ] Safepoint "ICBufferFull", Time since last: 1064292 ns, Reaching safepoint: 98000 ns, At safepoint: 1917 ns, Total: 99917 ns
[2022-04-19T04:39:54.648+0000][8][safepoint   ] Safepoint "ICBufferFull", Time since last: 1076875 ns, Reaching safepoint: 38166 ns, At safepoint: 1250 ns, Total: 39416 ns
[2022-04-19T04:39:54.649+0000][8][safepoint   ] Safepoint "ICBufferFull", Time since last: 1003959 ns, Reaching safepoint: 48750 ns, At safepoint: 1166 ns, Total: 49916 ns
[2022-04-19T04:39:54.650+0000][8][safepoint   ] Safepoint "ICBufferFull", Time since last: 1151792 ns, Reaching safepoint: 41208 ns, At safepoint: 1250 ns, Total: 42458 ns
[2022-04-19T04:39:54.687+0000][8][gc,start    ] GC(3) Pause Young (Normal) (G1 Evacuation Pause)
[2022-04-19T04:39:54.688+0000][8][gc,task     ] GC(3) Using 5 workers of 5 for evacuation
[2022-04-19T04:39:54.689+0000][8][gc,age      ] GC(3) Desired survivor size 8388608 bytes, new threshold 15 (max threshold 15)
[2022-04-19T04:39:54.695+0000][8][gc,age      ] GC(3) Age table with threshold 15 (max threshold 15)
[2022-04-19T04:39:54.697+0000][8][gc,age      ] GC(3) - age   1:    3544232 bytes,    3544232 total
[2022-04-19T04:39:54.697+0000][8][gc,age      ] GC(3) - age   2:     769728 bytes,    4313960 total
[2022-04-19T04:39:54.698+0000][8][gc,age      ] GC(3) - age   3:    1898360 bytes,    6212320 total
[2022-04-19T04:39:54.699+0000][8][gc,phases   ] GC(3)   Pre Evacuate Collection Set: 0.6ms
[2022-04-19T04:39:54.700+0000][8][gc,phases   ] GC(3)   Merge Heap Roots: 0.0ms
[2022-04-19T04:39:54.701+0000][8][gc,phases   ] GC(3)   Evacuate Collection Set: 3.1ms
[2022-04-19T04:39:54.701+0000][8][gc,phases   ] GC(3)   Post Evacuate Collection Set: 0.8ms
[2022-04-19T04:39:54.702+0000][8][gc,phases   ] GC(3)   Other: 7.7ms
[2022-04-19T04:39:54.703+0000][8][gc,heap     ] GC(3) Eden regions: 28->0(74)
[2022-04-19T04:39:54.704+0000][8][gc,heap     ] GC(3) Survivor regions: 1->2(4)
[2022-04-19T04:39:54.704+0000][8][gc,heap     ] GC(3) Old regions: 2->2
[2022-04-19T04:39:54.705+0000][8][gc,heap     ] GC(3) Archive regions: 2->2
[2022-04-19T04:39:54.705+0000][8][gc,heap     ] GC(3) Humongous regions: 0->0
[2022-04-19T04:39:54.706+0000][8][gc,metaspace] GC(3) Metaspace: 17075K(17344K)->17075K(17344K) NonClass: 15057K(15232K)->15057K(15232K) Class: 2018K(2112K)->2018K(2112K)
[2022-04-19T04:39:54.707+0000][8][gc          ] GC(3) Pause Young (Normal) (G1 Evacuation Pause) 122M->14M(512M) 20.255ms
[2022-04-19T04:39:54.708+0000][8][gc,cpu      ] GC(3) User=0.02s Sys=0.00s Real=0.02s
[2022-04-19T04:39:54.708+0000][8][safepoint   ] Safepoint "G1CollectForAllocation", Time since last: 36219459 ns, Reaching safepoint: 324750 ns, At safepoint: 21417833 ns, Total: 21742583 ns
[2022-04-19T04:39:54.881+0000][8][safepoint   ] Safepoint "ICBufferFull", Time since last: 172948042 ns, Reaching safepoint: 166583 ns, At safepoint: 11292 ns, Total: 177875 ns
[2022-04-19T04:39:55.022+0000][8][gc,start    ] GC(4) Pause Young (Normal) (G1 Evacuation Pause)
[2022-04-19T04:39:55.023+0000][8][gc,task     ] GC(4) Using 5 workers of 5 for evacuation
[2022-04-19T04:39:55.024+0000][8][gc,age      ] GC(4) Desired survivor size 20971520 bytes, new threshold 15 (max threshold 15)
[2022-04-19T04:39:55.030+0000][8][gc,age      ] GC(4) Age table with threshold 15 (max threshold 15)
[2022-04-19T04:39:55.031+0000][8][gc,age      ] GC(4) - age   1:    7112648 bytes,    7112648 total
[2022-04-19T04:39:55.032+0000][8][gc,age      ] GC(4) - age   2:    2362456 bytes,    9475104 total
[2022-04-19T04:39:55.033+0000][8][gc,age      ] GC(4) - age   3:     769368 bytes,   10244472 total
[2022-04-19T04:39:55.034+0000][8][gc,age      ] GC(4) - age   4:    1897544 bytes,   12142016 total
[2022-04-19T04:39:55.035+0000][8][gc,phases   ] GC(4)   Pre Evacuate Collection Set: 0.4ms
[2022-04-19T04:39:55.036+0000][8][gc,phases   ] GC(4)   Merge Heap Roots: 0.2ms
[2022-04-19T04:39:55.037+0000][8][gc,phases   ] GC(4)   Evacuate Collection Set: 3.3ms
[2022-04-19T04:39:55.037+0000][8][gc,phases   ] GC(4)   Post Evacuate Collection Set: 1.0ms
[2022-04-19T04:39:55.038+0000][8][gc,phases   ] GC(4)   Other: 8.1ms
[2022-04-19T04:39:55.039+0000][8][gc,heap     ] GC(4) Eden regions: 74->0(73)
[2022-04-19T04:39:55.039+0000][8][gc,heap     ] GC(4) Survivor regions: 2->3(10)
[2022-04-19T04:39:55.040+0000][8][gc,heap     ] GC(4) Old regions: 2->2
[2022-04-19T04:39:55.041+0000][8][gc,heap     ] GC(4) Archive regions: 2->2
[2022-04-19T04:39:55.041+0000][8][gc,heap     ] GC(4) Humongous regions: 0->0
[2022-04-19T04:39:55.042+0000][8][gc,metaspace] GC(4) Metaspace: 18623K(19008K)->18623K(19008K) NonClass: 16358K(16576K)->16358K(16576K) Class: 2264K(2432K)->2264K(2432K)
[2022-04-19T04:39:55.043+0000][8][gc          ] GC(4) Pause Young (Normal) (G1 Evacuation Pause) 310M->19M(512M) 20.754ms
[2022-04-19T04:39:55.043+0000][8][gc,cpu      ] GC(4) User=0.02s Sys=0.00s Real=0.02s
[2022-04-19T04:39:55.044+0000][8][safepoint   ] Safepoint "G1CollectForAllocation", Time since last: 140542583 ns, Reaching safepoint: 104250 ns, At safepoint: 21955459 ns, Total: 22059709 ns
[2022-04-19T04:39:55.268+0000][8][safepoint   ] Safepoint "ICBufferFull", Time since last: 224531708 ns, Reaching safepoint: 104083 ns, At safepoint: 3334 ns, Total: 107417 ns
[2022-04-19T04:39:55.280+0000][8][gc,start    ] GC(5) Pause Young (Normal) (G1 Evacuation Pause)
[2022-04-19T04:39:55.281+0000][8][gc,task     ] GC(5) Using 5 workers of 5 for evacuation
[2022-04-19T04:39:55.282+0000][8][gc,age      ] GC(5) Desired survivor size 20971520 bytes, new threshold 15 (max threshold 15)
[2022-04-19T04:39:55.288+0000][8][gc,age      ] GC(5) Age table with threshold 15 (max threshold 15)
[2022-04-19T04:39:55.289+0000][8][gc,age      ] GC(5) - age   1:    2925064 bytes,    2925064 total
[2022-04-19T04:39:55.290+0000][8][gc,age      ] GC(5) - age   2:    5113960 bytes,    8039024 total
[2022-04-19T04:39:55.291+0000][8][gc,age      ] GC(5) - age   3:    2361992 bytes,   10401016 total
[2022-04-19T04:39:55.292+0000][8][gc,age      ] GC(5) - age   4:     769096 bytes,   11170112 total
[2022-04-19T04:39:55.292+0000][8][gc,age      ] GC(5) - age   5:    1897480 bytes,   13067592 total
[2022-04-19T04:39:55.293+0000][8][gc,phases   ] GC(5)   Pre Evacuate Collection Set: 0.2ms
[2022-04-19T04:39:55.294+0000][8][gc,phases   ] GC(5)   Merge Heap Roots: 0.3ms
[2022-04-19T04:39:55.294+0000][8][gc,phases   ] GC(5)   Evacuate Collection Set: 3.0ms
[2022-04-19T04:39:55.295+0000][8][gc,phases   ] GC(5)   Post Evacuate Collection Set: 0.9ms
[2022-04-19T04:39:55.296+0000][8][gc,phases   ] GC(5)   Other: 8.6ms
[2022-04-19T04:39:55.296+0000][8][gc,heap     ] GC(5) Eden regions: 73->0(72)
[2022-04-19T04:39:55.297+0000][8][gc,heap     ] GC(5) Survivor regions: 3->4(10)
[2022-04-19T04:39:55.298+0000][8][gc,heap     ] GC(5) Old regions: 2->2
[2022-04-19T04:39:55.299+0000][8][gc,heap     ] GC(5) Archive regions: 2->2
[2022-04-19T04:39:55.300+0000][8][gc,heap     ] GC(5) Humongous regions: 0->0
[2022-04-19T04:39:55.301+0000][8][gc,metaspace] GC(5) Metaspace: 19573K(20096K)->19573K(20096K) NonClass: 17171K(17472K)->17171K(17472K) Class: 2401K(2624K)->2401K(2624K)
[2022-04-19T04:39:55.301+0000][8][gc          ] GC(5) Pause Young (Normal) (G1 Evacuation Pause) 311M->21M(512M) 21.178ms
[2022-04-19T04:39:55.302+0000][8][gc,cpu      ] GC(5) User=0.02s Sys=0.00s Real=0.03s
[2022-04-19T04:39:55.303+0000][8][safepoint   ] Safepoint "G1CollectForAllocation", Time since last: 11570416 ns, Reaching safepoint: 123834 ns, At safepoint: 22608458 ns, Total: 22732292 ns
[2022-04-19T04:39:55.540+0000][8][gc,start    ] GC(6) Pause Young (Normal) (G1 Evacuation Pause)
[2022-04-19T04:39:55.541+0000][8][gc,task     ] GC(6) Using 5 workers of 5 for evacuation
[2022-04-19T04:39:55.542+0000][8][gc,age      ] GC(6) Desired survivor size 20971520 bytes, new threshold 15 (max threshold 15)
[2022-04-19T04:39:55.554+0000][8][gc,age      ] GC(6) Age table with threshold 15 (max threshold 15)
[2022-04-19T04:39:55.560+0000][8][gc,age      ] GC(6) - age   1:    3958976 bytes,    3958976 total
[2022-04-19T04:39:55.561+0000][8][gc,age      ] GC(6) - age   2:    1331376 bytes,    5290352 total
[2022-04-19T04:39:55.562+0000][8][gc,age      ] GC(6) - age   3:    5108864 bytes,   10399216 total
[2022-04-19T04:39:55.563+0000][8][gc,age      ] GC(6) - age   4:    2360568 bytes,   12759784 total
[2022-04-19T04:39:55.565+0000][8][gc,age      ] GC(6) - age   5:     768416 bytes,   13528200 total
[2022-04-19T04:39:55.566+0000][8][gc,age      ] GC(6) - age   6:    1897144 bytes,   15425344 total
[2022-04-19T04:39:55.567+0000][8][gc,phases   ] GC(6)   Pre Evacuate Collection Set: 0.3ms
[2022-04-19T04:39:55.568+0000][8][gc,phases   ] GC(6)   Merge Heap Roots: 0.1ms
[2022-04-19T04:39:55.569+0000][8][gc,phases   ] GC(6)   Evacuate Collection Set: 8.7ms
[2022-04-19T04:39:55.570+0000][8][gc,phases   ] GC(6)   Post Evacuate Collection Set: 1.3ms
[2022-04-19T04:39:55.571+0000][8][gc,phases   ] GC(6)   Other: 16.8ms
[2022-04-19T04:39:55.572+0000][8][gc,heap     ] GC(6) Eden regions: 72->0(72)
[2022-04-19T04:39:55.572+0000][8][gc,heap     ] GC(6) Survivor regions: 4->4(10)
[2022-04-19T04:39:55.573+0000][8][gc,heap     ] GC(6) Old regions: 2->2
[2022-04-19T04:39:55.574+0000][8][gc,heap     ] GC(6) Archive regions: 2->2
[2022-04-19T04:39:55.575+0000][8][gc,heap     ] GC(6) Humongous regions: 0->0
[2022-04-19T04:39:55.576+0000][8][gc,metaspace] GC(6) Metaspace: 20734K(21248K)->20734K(21248K) NonClass: 18175K(18496K)->18175K(18496K) Class: 2559K(2752K)->2559K(2752K)
[2022-04-19T04:39:55.577+0000][8][gc          ] GC(6) Pause Young (Normal) (G1 Evacuation Pause) 309M->23M(512M) 36.928ms
[2022-04-19T04:39:55.578+0000][8][gc,cpu      ] GC(6) User=0.05s Sys=0.01s Real=0.04s
[2022-04-19T04:39:55.579+0000][8][safepoint   ] Safepoint "G1CollectForAllocation", Time since last: 236864542 ns, Reaching safepoint: 207125 ns, At safepoint: 38818000 ns, Total: 39025125 ns
[2022-04-19T04:39:55.753+0000][8][safepoint   ] Safepoint "ICBufferFull", Time since last: 174336625 ns, Reaching safepoint: 226125 ns, At safepoint: 22500 ns, Total: 248625 ns
[2022-04-19T04:39:55.768+0000][8][gc,start    ] GC(7) Pause Young (Concurrent Start) (Metadata GC Threshold)
[2022-04-19T04:39:55.769+0000][8][gc,task     ] GC(7) Using 5 workers of 5 for evacuation
[2022-04-19T04:39:55.771+0000][8][gc,age      ] GC(7) Desired survivor size 20971520 bytes, new threshold 15 (max threshold 15)
[2022-04-19T04:39:55.777+0000][8][gc,age      ] GC(7) Age table with threshold 15 (max threshold 15)
[2022-04-19T04:39:55.778+0000][8][gc,age      ] GC(7) - age   1:     994728 bytes,     994728 total
[2022-04-19T04:39:55.779+0000][8][gc,age      ] GC(7) - age   2:    2171848 bytes,    3166576 total
[2022-04-19T04:39:55.780+0000][8][gc,age      ] GC(7) - age   3:    1330832 bytes,    4497408 total
[2022-04-19T04:39:55.781+0000][8][gc,age      ] GC(7) - age   4:    5107464 bytes,    9604872 total
[2022-04-19T04:39:55.783+0000][8][gc,age      ] GC(7) - age   5:    2360488 bytes,   11965360 total
[2022-04-19T04:39:55.783+0000][8][gc,age      ] GC(7) - age   6:     768416 bytes,   12733776 total
[2022-04-19T04:39:55.784+0000][8][gc,age      ] GC(7) - age   7:    1897144 bytes,   14630920 total
[2022-04-19T04:39:55.785+0000][8][gc,phases   ] GC(7)   Pre Evacuate Collection Set: 0.1ms
[2022-04-19T04:39:55.785+0000][8][gc,phases   ] GC(7)   Merge Heap Roots: 0.2ms
[2022-04-19T04:39:55.786+0000][8][gc,phases   ] GC(7)   Evacuate Collection Set: 3.7ms
[2022-04-19T04:39:55.788+0000][8][gc,phases   ] GC(7)   Post Evacuate Collection Set: 0.9ms
[2022-04-19T04:39:55.789+0000][8][gc,phases   ] GC(7)   Other: 11.6ms
[2022-04-19T04:39:55.789+0000][8][gc,heap     ] GC(7) Eden regions: 62->0(72)
[2022-04-19T04:39:55.790+0000][8][gc,heap     ] GC(7) Survivor regions: 4->4(10)
[2022-04-19T04:39:55.791+0000][8][gc,heap     ] GC(7) Old regions: 2->2
[2022-04-19T04:39:55.792+0000][8][gc,heap     ] GC(7) Archive regions: 2->2
[2022-04-19T04:39:55.793+0000][8][gc,heap     ] GC(7) Humongous regions: 0->0
[2022-04-19T04:39:55.794+0000][8][gc,metaspace] GC(7) Metaspace: 20978K(21504K)->20978K(21504K) NonClass: 18373K(18688K)->18373K(18688K) Class: 2604K(2816K)->2604K(2816K)
[2022-04-19T04:39:55.795+0000][8][gc          ] GC(7) Pause Young (Concurrent Start) (Metadata GC Threshold) 271M->23M(512M) 26.740ms
[2022-04-19T04:39:55.796+0000][8][gc,cpu      ] GC(7) User=0.02s Sys=0.00s Real=0.03s
[2022-04-19T04:39:55.796+0000][8][gc          ] GC(8) Concurrent Mark Cycle
[2022-04-19T04:39:55.798+0000][8][gc,marking  ] GC(8) Concurrent Clear Claimed Marks
[2022-04-19T04:39:55.798+0000][8][gc,marking  ] GC(8) Concurrent Clear Claimed Marks 0.852ms
[2022-04-19T04:39:55.800+0000][8][gc,marking  ] GC(8) Concurrent Scan Root Regions
[2022-04-19T04:39:55.796+0000][8][safepoint   ] Safepoint "CollectForMetadataAllocation", Time since last: 14632667 ns, Reaching safepoint: 131541 ns, At safepoint: 28206209 ns, Total: 28337750 ns
[2022-04-19T04:39:55.804+0000][8][gc,marking  ] GC(8) Concurrent Scan Root Regions 4.420ms
[2022-04-19T04:39:55.805+0000][8][gc,marking  ] GC(8) Concurrent Mark
[2022-04-19T04:39:55.806+0000][8][gc,marking  ] GC(8) Concurrent Mark From Roots
[2022-04-19T04:39:55.807+0000][8][gc,task     ] GC(8) Using 1 workers of 1 for marking
[2022-04-19T04:39:55.812+0000][8][gc,marking  ] GC(8) Concurrent Mark From Roots 5.945ms
[2022-04-19T04:39:55.813+0000][8][gc,marking  ] GC(8) Concurrent Preclean
[2022-04-19T04:39:55.814+0000][8][gc,marking  ] GC(8) Concurrent Preclean 0.954ms
[2022-04-19T04:39:55.817+0000][8][gc,start    ] GC(8) Pause Remark
[2022-04-19T04:39:55.820+0000][8][gc          ] GC(8) Pause Remark 25M->25M(512M) 3.155ms
[2022-04-19T04:39:55.821+0000][8][gc,cpu      ] GC(8) User=0.01s Sys=0.00s Real=0.00s
[2022-04-19T04:39:55.822+0000][8][safepoint   ] Safepoint "G1Concurrent", Time since last: 18793416 ns, Reaching safepoint: 2148834 ns, At safepoint: 4705333 ns, Total: 6854167 ns
[2022-04-19T04:39:55.823+0000][8][gc,marking  ] GC(8) Concurrent Mark 17.495ms
[2022-04-19T04:39:55.824+0000][8][gc,marking  ] GC(8) Concurrent Rebuild Remembered Sets
[2022-04-19T04:39:55.826+0000][8][gc,marking  ] GC(8) Concurrent Rebuild Remembered Sets 2.481ms
[2022-04-19T04:39:55.828+0000][8][gc,start    ] GC(8) Pause Cleanup
[2022-04-19T04:39:55.829+0000][8][gc          ] GC(8) Pause Cleanup 25M->25M(512M) 0.929ms
[2022-04-19T04:39:55.829+0000][8][gc,cpu      ] GC(8) User=0.00s Sys=0.00s Real=0.00s
[2022-04-19T04:39:55.830+0000][8][safepoint   ] Safepoint "G1Concurrent", Time since last: 5255083 ns, Reaching safepoint: 626917 ns, At safepoint: 2420667 ns, Total: 3047584 ns
[2022-04-19T04:39:55.831+0000][8][gc,marking  ] GC(8) Concurrent Cleanup for Next Mark
[2022-04-19T04:39:55.832+0000][8][gc,marking  ] GC(8) Concurrent Cleanup for Next Mark 1.163ms
[2022-04-19T04:39:55.833+0000][8][gc          ] GC(8) Concurrent Mark Cycle 37.071ms
[2022-04-19T04:39:56.150+0000][8][safepoint   ] Safepoint "ICBufferFull", Time since last: 319268833 ns, Reaching safepoint: 278042 ns, At safepoint: 8958 ns, Total: 287000 ns
[2022-04-19T04:39:56.201+0000][8][safepoint   ] Safepoint "ICBufferFull", Time since last: 51222500 ns, Reaching safepoint: 132250 ns, At safepoint: 3167 ns, Total: 135417 ns
[2022-04-19T04:39:56.203+0000][8][safepoint   ] Safepoint "ICBufferFull", Time since last: 1611041 ns, Reaching safepoint: 251667 ns, At safepoint: 3042 ns, Total: 254709 ns
[2022-04-19T04:39:56.205+0000][8][safepoint   ] Safepoint "ICBufferFull", Time since last: 1670125 ns, Reaching safepoint: 159541 ns, At safepoint: 2792 ns, Total: 162333 ns
[2022-04-19T04:39:56.206+0000][8][safepoint   ] Safepoint "ICBufferFull", Time since last: 1389833 ns, Reaching safepoint: 111000 ns, At safepoint: 3167 ns, Total: 114167 ns
[2022-04-19T04:39:56.208+0000][8][safepoint   ] Safepoint "ICBufferFull", Time since last: 1489542 ns, Reaching safepoint: 38333 ns, At safepoint: 1583 ns, Total: 39916 ns
[2022-04-19T04:39:56.209+0000][8][safepoint   ] Safepoint "ICBufferFull", Time since last: 1522500 ns, Reaching safepoint: 33959 ns, At safepoint: 1375 ns, Total: 35334 ns
[2022-04-19T04:39:56.211+0000][8][safepoint   ] Safepoint "ICBufferFull", Time since last: 1591541 ns, Reaching safepoint: 55459 ns, At safepoint: 1875 ns, Total: 57334 ns
[2022-04-19T04:39:56.222+0000][8][safepoint   ] Safepoint "ICBufferFull", Time since last: 11056750 ns, Reaching safepoint: 208083 ns, At safepoint: 10167 ns, Total: 218250 ns
[2022-04-19T04:39:56.224+0000][8][safepoint   ] Safepoint "ICBufferFull", Time since last: 1849541 ns, Reaching safepoint: 48000 ns, At safepoint: 2250 ns, Total: 50250 ns
[2022-04-19T04:39:56.226+0000][8][safepoint   ] Safepoint "ICBufferFull", Time since last: 1277250 ns, Reaching safepoint: 271209 ns, At safepoint: 3041 ns, Total: 274250 ns
[2022-04-19T04:39:56.227+0000][8][safepoint   ] Safepoint "ICBufferFull", Time since last: 1250292 ns, Reaching safepoint: 335042 ns, At safepoint: 4708 ns, Total: 339750 ns
[2022-04-19T04:39:56.243+0000][8][safepoint   ] Safepoint "ICBufferFull", Time since last: 15880417 ns, Reaching safepoint: 140375 ns, At safepoint: 13791 ns, Total: 154166 ns
[2022-04-19T04:39:56.248+0000][8][safepoint   ] Safepoint "ICBufferFull", Time since last: 4994167 ns, Reaching safepoint: 101833 ns, At safepoint: 12000 ns, Total: 113833 ns
[2022-04-19T04:39:56.250+0000][8][safepoint   ] Safepoint "ICBufferFull", Time since last: 1444084 ns, Reaching safepoint: 168458 ns, At safepoint: 12458 ns, Total: 180916 ns
[2022-04-19T04:39:56.251+0000][8][safepoint   ] Safepoint "ICBufferFull", Time since last: 1097000 ns, Reaching safepoint: 102750 ns, At safepoint: 2625 ns, Total: 105375 ns
[2022-04-19T04:39:56.255+0000][8][safepoint   ] Safepoint "ICBufferFull", Time since last: 3126375 ns, Reaching safepoint: 116125 ns, At safepoint: 3167 ns, Total: 119292 ns
[2022-04-19T04:39:56.431+0000][8][safepoint   ] Safepoint "ICBufferFull", Time since last: 175982792 ns, Reaching safepoint: 234750 ns, At safepoint: 11375 ns, Total: 246125 ns
[2022-04-19T04:39:56.597+0000][8][safepoint   ] Safepoint "ICBufferFull", Time since last: 166560042 ns, Reaching safepoint: 146375 ns, At safepoint: 10041 ns, Total: 156416 ns
[2022-04-19T04:39:56.859+0000][8][safepoint   ] Safepoint "ICBufferFull", Time since last: 261768417 ns, Reaching safepoint: 154708 ns, At safepoint: 9792 ns, Total: 164500 ns
[2022-04-19T04:39:57.073+0000][8][safepoint   ] Safepoint "ICBufferFull", Time since last: 213567458 ns, Reaching safepoint: 145375 ns, At safepoint: 3000 ns, Total: 148375 ns
[2022-04-19T04:39:57.202+0000][8][safepoint   ] Safepoint "ICBufferFull", Time since last: 128581084 ns, Reaching safepoint: 174250 ns, At safepoint: 15042 ns, Total: 189292 ns
[2022-04-19T04:39:57.237+0000][8][gc,start    ] GC(9) Pause Young (Concurrent Start) (Metadata GC Threshold)
[2022-04-19T04:39:57.238+0000][8][gc,task     ] GC(9) Using 5 workers of 5 for evacuation
[2022-04-19T04:39:57.239+0000][8][gc,age      ] GC(9) Desired survivor size 20971520 bytes, new threshold 15 (max threshold 15)
[2022-04-19T04:39:57.259+0000][8][gc,age      ] GC(9) Age table with threshold 15 (max threshold 15)
[2022-04-19T04:39:57.260+0000][8][gc,age      ] GC(9) - age   1:   27158624 bytes,   27158624 total
[2022-04-19T04:39:57.262+0000][8][gc,age      ] GC(9) - age   2:     943528 bytes,   28102152 total
[2022-04-19T04:39:57.263+0000][8][gc,age      ] GC(9) - age   3:    2139080 bytes,   30241232 total
[2022-04-19T04:39:57.265+0000][8][gc,age      ] GC(9) - age   4:    1315272 bytes,   31556504 total
[2022-04-19T04:39:57.266+0000][8][gc,age      ] GC(9) - age   5:    5067128 bytes,   36623632 total
[2022-04-19T04:39:57.266+0000][8][gc,age      ] GC(9) - age   6:    2283368 bytes,   38907000 total
[2022-04-19T04:39:57.267+0000][8][gc,age      ] GC(9) - age   7:     735672 bytes,   39642672 total
[2022-04-19T04:39:57.268+0000][8][gc,age      ] GC(9) - age   8:    1889536 bytes,   41532208 total
[2022-04-19T04:39:57.268+0000][8][gc,phases   ] GC(9)   Pre Evacuate Collection Set: 0.3ms
[2022-04-19T04:39:57.269+0000][8][gc,phases   ] GC(9)   Merge Heap Roots: 0.1ms
[2022-04-19T04:39:57.270+0000][8][gc,phases   ] GC(9)   Evacuate Collection Set: 15.6ms
[2022-04-19T04:39:57.271+0000][8][gc,phases   ] GC(9)   Post Evacuate Collection Set: 1.4ms
[2022-04-19T04:39:57.271+0000][8][gc,phases   ] GC(9)   Other: 14.1ms
[2022-04-19T04:39:57.272+0000][8][gc,heap     ] GC(9) Eden regions: 70->0(66)
[2022-04-19T04:39:57.273+0000][8][gc,heap     ] GC(9) Survivor regions: 4->10(10)
[2022-04-19T04:39:57.273+0000][8][gc,heap     ] GC(9) Old regions: 2->2
[2022-04-19T04:39:57.274+0000][8][gc,heap     ] GC(9) Archive regions: 2->2
[2022-04-19T04:39:57.275+0000][8][gc,heap     ] GC(9) Humongous regions: 0->0
[2022-04-19T04:39:57.275+0000][8][gc,metaspace] GC(9) Metaspace: 35108K(35968K)->35108K(35968K) NonClass: 30462K(30976K)->30462K(30976K) Class: 4645K(4992K)->4645K(4992K)
[2022-04-19T04:39:57.276+0000][8][gc          ] GC(9) Pause Young (Concurrent Start) (Metadata GC Threshold) 301M->48M(512M) 39.113ms
[2022-04-19T04:39:57.277+0000][8][gc,cpu      ] GC(9) User=0.08s Sys=0.01s Real=0.04s
[2022-04-19T04:39:57.277+0000][8][gc          ] GC(10) Concurrent Mark Cycle
[2022-04-19T04:39:57.279+0000][8][gc,marking  ] GC(10) Concurrent Clear Claimed Marks
[2022-04-19T04:39:57.280+0000][8][gc,marking  ] GC(10) Concurrent Clear Claimed Marks 1.010ms
[2022-04-19T04:39:57.281+0000][8][gc,marking  ] GC(10) Concurrent Scan Root Regions
[2022-04-19T04:39:57.278+0000][8][safepoint   ] Safepoint "CollectForMetadataAllocation", Time since last: 34945958 ns, Reaching safepoint: 79042 ns, At safepoint: 40678041 ns, Total: 40757083 ns
[2022-04-19T04:39:57.296+0000][8][gc,marking  ] GC(10) Concurrent Scan Root Regions 15.260ms
[2022-04-19T04:39:57.297+0000][8][gc,marking  ] GC(10) Concurrent Mark
[2022-04-19T04:39:57.298+0000][8][gc,marking  ] GC(10) Concurrent Mark From Roots
[2022-04-19T04:39:57.299+0000][8][gc,task     ] GC(10) Using 1 workers of 1 for marking
[2022-04-19T04:39:57.297+0000][8][safepoint   ] Safepoint "CollectForMetadataAllocation", Time since last: 19005292 ns, Reaching safepoint: 265458 ns, At safepoint: 51500 ns, Total: 316958 ns
[2022-04-19T04:39:57.304+0000][8][gc,marking  ] GC(10) Concurrent Mark From Roots 5.405ms
[2022-04-19T04:39:57.305+0000][8][gc,marking  ] GC(10) Concurrent Preclean
[2022-04-19T04:39:57.306+0000][8][gc,marking  ] GC(10) Concurrent Preclean 1.038ms
[2022-04-19T04:39:57.307+0000][8][gc,start    ] GC(10) Pause Remark
[2022-04-19T04:39:57.310+0000][8][gc          ] GC(10) Pause Remark 50M->50M(512M) 3.244ms
[2022-04-19T04:39:57.311+0000][8][gc,cpu      ] GC(10) User=0.01s Sys=0.00s Real=0.00s
[2022-04-19T04:39:57.315+0000][8][safepoint   ] Safepoint "G1Concurrent", Time since last: 9864250 ns, Reaching safepoint: 374125 ns, At safepoint: 7434834 ns, Total: 7808959 ns
[2022-04-19T04:39:57.316+0000][8][gc,marking  ] GC(10) Concurrent Mark 18.366ms
[2022-04-19T04:39:57.317+0000][8][gc,marking  ] GC(10) Concurrent Rebuild Remembered Sets
[2022-04-19T04:39:57.319+0000][8][gc,marking  ] GC(10) Concurrent Rebuild Remembered Sets 2.633ms
[2022-04-19T04:39:57.322+0000][8][gc,start    ] GC(10) Pause Cleanup
[2022-04-19T04:39:57.323+0000][8][gc          ] GC(10) Pause Cleanup 52M->52M(512M) 1.243ms
[2022-04-19T04:39:57.324+0000][8][gc,cpu      ] GC(10) User=0.00s Sys=0.00s Real=0.00s
[2022-04-19T04:39:57.325+0000][8][safepoint   ] Safepoint "G1Concurrent", Time since last: 6881875 ns, Reaching safepoint: 216875 ns, At safepoint: 2967083 ns, Total: 3183958 ns
[2022-04-19T04:39:57.326+0000][8][gc,marking  ] GC(10) Concurrent Cleanup for Next Mark
[2022-04-19T04:39:57.327+0000][8][gc,marking  ] GC(10) Concurrent Cleanup for Next Mark 1.221ms
[2022-04-19T04:39:57.328+0000][8][gc          ] GC(10) Concurrent Mark Cycle 50.046ms
[2022-04-19T04:39:57.444+0000][8][safepoint   ] Safepoint "ICBufferFull", Time since last: 119302417 ns, Reaching safepoint: 172625 ns, At safepoint: 9708 ns, Total: 182333 ns
[2022-04-19T04:39:57.854+0000][8][safepoint   ] Safepoint "ICBufferFull", Time since last: 409190750 ns, Reaching safepoint: 215500 ns, At safepoint: 16750 ns, Total: 232250 ns
[2022-04-19T04:39:58.046+0000][8][safepoint   ] Safepoint "ICBufferFull", Time since last: 191836500 ns, Reaching safepoint: 325834 ns, At safepoint: 17375 ns, Total: 343209 ns
[2022-04-19T04:39:58.144+0000][8][gc,start    ] GC(11) Pause Young (Concurrent Start) (G1 Evacuation Pause)
[2022-04-19T04:39:58.145+0000][8][gc,task     ] GC(11) Using 5 workers of 5 for evacuation
[2022-04-19T04:39:58.146+0000][8][gc,age      ] GC(11) Desired survivor size 20971520 bytes, new threshold 1 (max threshold 15)
[2022-04-19T04:39:58.167+0000][8][gc,age      ] GC(11) Age table with threshold 1 (max threshold 15)
[2022-04-19T04:39:58.168+0000][8][gc,age      ] GC(11) - age   1:    6085448 bytes,    6085448 total
[2022-04-19T04:39:58.169+0000][8][gc,phases   ] GC(11)   Pre Evacuate Collection Set: 0.2ms
[2022-04-19T04:39:58.170+0000][8][gc,phases   ] GC(11)   Merge Heap Roots: 0.1ms
[2022-04-19T04:39:58.170+0000][8][gc,phases   ] GC(11)   Evacuate Collection Set: 16.4ms
[2022-04-19T04:39:58.171+0000][8][gc,phases   ] GC(11)   Post Evacuate Collection Set: 2.4ms
[2022-04-19T04:39:58.172+0000][8][gc,phases   ] GC(11)   Other: 5.8ms
[2022-04-19T04:39:58.172+0000][8][gc,heap     ] GC(11) Eden regions: 66->0(73)
[2022-04-19T04:39:58.173+0000][8][gc,heap     ] GC(11) Survivor regions: 10->3(10)
[2022-04-19T04:39:58.174+0000][8][gc,heap     ] GC(11) Old regions: 2->11
[2022-04-19T04:39:58.174+0000][8][gc,heap     ] GC(11) Archive regions: 2->2
[2022-04-19T04:39:58.175+0000][8][gc,heap     ] GC(11) Humongous regions: 0->0
[2022-04-19T04:39:58.176+0000][8][gc,metaspace] GC(11) Metaspace: 52165K(53376K)->52165K(53376K) NonClass: 45091K(45824K)->45091K(45824K) Class: 7073K(7552K)->7073K(7552K)
[2022-04-19T04:39:58.177+0000][8][gc          ] GC(11) Pause Young (Concurrent Start) (G1 Evacuation Pause) 312M->57M(512M) 32.668ms
[2022-04-19T04:39:58.178+0000][8][gc,cpu      ] GC(11) User=0.08s Sys=0.00s Real=0.03s
[2022-04-19T04:39:58.178+0000][8][safepoint   ] Safepoint "G1CollectForAllocation", Time since last: 98060958 ns, Reaching safepoint: 190542 ns, At safepoint: 34424708 ns, Total: 34615250 ns
[2022-04-19T04:39:58.179+0000][8][gc          ] GC(12) Concurrent Mark Cycle
[2022-04-19T04:39:58.181+0000][8][gc,marking  ] GC(12) Concurrent Clear Claimed Marks
[2022-04-19T04:39:58.182+0000][8][gc,marking  ] GC(12) Concurrent Clear Claimed Marks 0.781ms
[2022-04-19T04:39:58.182+0000][8][gc,marking  ] GC(12) Concurrent Scan Root Regions
[2022-04-19T04:39:58.201+0000][8][gc,marking  ] GC(12) Concurrent Scan Root Regions 18.640ms
[2022-04-19T04:39:58.202+0000][8][gc,marking  ] GC(12) Concurrent Mark
[2022-04-19T04:39:58.203+0000][8][gc,marking  ] GC(12) Concurrent Mark From Roots
[2022-04-19T04:39:58.205+0000][8][gc,task     ] GC(12) Using 1 workers of 1 for marking
[2022-04-19T04:39:58.210+0000][8][gc,marking  ] GC(12) Concurrent Mark From Roots 6.877ms
[2022-04-19T04:39:58.211+0000][8][gc,marking  ] GC(12) Concurrent Preclean
[2022-04-19T04:39:58.212+0000][8][gc,marking  ] GC(12) Concurrent Preclean 0.863ms
[2022-04-19T04:39:58.214+0000][8][gc,start    ] GC(12) Pause Remark
[2022-04-19T04:39:58.218+0000][8][gc          ] GC(12) Pause Remark 75M->75M(512M) 4.377ms
[2022-04-19T04:39:58.219+0000][8][gc,cpu      ] GC(12) User=0.01s Sys=0.00s Real=0.00s
[2022-04-19T04:39:58.221+0000][8][safepoint   ] Safepoint "G1Concurrent", Time since last: 35337375 ns, Reaching safepoint: 262583 ns, At safepoint: 6490500 ns, Total: 6753083 ns
[2022-04-19T04:39:58.221+0000][8][gc,marking  ] GC(12) Concurrent Mark 18.774ms
[2022-04-19T04:39:58.222+0000][8][gc,marking  ] GC(12) Concurrent Rebuild Remembered Sets
[2022-04-19T04:39:58.222+0000][8][gc,marking  ] GC(12) Concurrent Rebuild Remembered Sets 0.644ms
[2022-04-19T04:39:58.223+0000][8][gc,start    ] GC(12) Pause Cleanup
[2022-04-19T04:39:58.224+0000][8][gc          ] GC(12) Pause Cleanup 75M->75M(512M) 0.858ms
[2022-04-19T04:39:58.225+0000][8][gc,cpu      ] GC(12) User=0.01s Sys=0.00s Real=0.00s
[2022-04-19T04:39:58.226+0000][8][safepoint   ] Safepoint "G1Concurrent", Time since last: 2693084 ns, Reaching safepoint: 129375 ns, At safepoint: 2417791 ns, Total: 2547166 ns
[2022-04-19T04:39:58.226+0000][8][gc,marking  ] GC(12) Concurrent Cleanup for Next Mark
[2022-04-19T04:39:58.227+0000][8][gc,marking  ] GC(12) Concurrent Cleanup for Next Mark 0.885ms
[2022-04-19T04:39:58.228+0000][8][gc          ] GC(12) Concurrent Mark Cycle 49.603ms
[2022-04-19T04:39:58.438+0000][8][safepoint   ] Safepoint "ICBufferFull", Time since last: 212012792 ns, Reaching safepoint: 216000 ns, At safepoint: 10625 ns, Total: 226625 ns
[2022-04-19T04:39:58.636+0000][8][safepoint   ] Safepoint "ICBufferFull", Time since last: 197705709 ns, Reaching safepoint: 524250 ns, At safepoint: 9000 ns, Total: 533250 ns
[2022-04-19T04:39:59.037+0000][8][safepoint   ] Safepoint "ICBufferFull", Time since last: 400176583 ns, Reaching safepoint: 267667 ns, At safepoint: 3041 ns, Total: 270708 ns
[2022-04-19T04:39:59.153+0000][8][safepoint   ] Safepoint "ICBufferFull", Time since last: 116502500 ns, Reaching safepoint: 146875 ns, At safepoint: 3792 ns, Total: 150667 ns
[2022-04-19T04:39:59.420+0000][8][safepoint   ] Safepoint "ICBufferFull", Time since last: 266122709 ns, Reaching safepoint: 191416 ns, At safepoint: 16042 ns, Total: 207458 ns
[2022-04-19T04:39:59.622+0000][8][safepoint   ] Safepoint "ICBufferFull", Time since last: 202045958 ns, Reaching safepoint: 241417 ns, At safepoint: 2917 ns, Total: 244334 ns
[2022-04-19T04:39:59.715+0000][8][safepoint   ] Safepoint "ICBufferFull", Time since last: 92853916 ns, Reaching safepoint: 157667 ns, At safepoint: 10292 ns, Total: 167959 ns
[2022-04-19T04:39:59.723+0000][8][gc,start    ] GC(13) Pause Young (Normal) (G1 Evacuation Pause)
[2022-04-19T04:39:59.724+0000][8][gc,task     ] GC(13) Using 5 workers of 5 for evacuation
[2022-04-19T04:39:59.725+0000][8][gc,age      ] GC(13) Desired survivor size 20971520 bytes, new threshold 15 (max threshold 15)
[2022-04-19T04:39:59.737+0000][8][gc,age      ] GC(13) Age table with threshold 15 (max threshold 15)
[2022-04-19T04:39:59.738+0000][8][gc,age      ] GC(13) - age   1:   13770952 bytes,   13770952 total
[2022-04-19T04:39:59.739+0000][8][gc,age      ] GC(13) - age   2:    5893952 bytes,   19664904 total
[2022-04-19T04:39:59.740+0000][8][gc,phases   ] GC(13)   Pre Evacuate Collection Set: 0.2ms
[2022-04-19T04:39:59.741+0000][8][gc,phases   ] GC(13)   Merge Heap Roots: 0.1ms
[2022-04-19T04:39:59.742+0000][8][gc,phases   ] GC(13)   Evacuate Collection Set: 9.2ms
[2022-04-19T04:39:59.742+0000][8][gc,phases   ] GC(13)   Post Evacuate Collection Set: 1.9ms
[2022-04-19T04:39:59.743+0000][8][gc,phases   ] GC(13)   Other: 5.2ms
[2022-04-19T04:39:59.743+0000][8][gc,heap     ] GC(13) Eden regions: 73->0(71)
[2022-04-19T04:39:59.744+0000][8][gc,heap     ] GC(13) Survivor regions: 3->5(10)
[2022-04-19T04:39:59.745+0000][8][gc,heap     ] GC(13) Old regions: 11->11
[2022-04-19T04:39:59.745+0000][8][gc,heap     ] GC(13) Archive regions: 2->2
[2022-04-19T04:39:59.746+0000][8][gc,heap     ] GC(13) Humongous regions: 0->0
[2022-04-19T04:39:59.748+0000][8][gc,metaspace] GC(13) Metaspace: 85762K(87232K)->85762K(87232K) NonClass: 73839K(74752K)->73839K(74752K) Class: 11922K(12480K)->11922K(12480K)
[2022-04-19T04:39:59.748+0000][8][gc          ] GC(13) Pause Young (Normal) (G1 Evacuation Pause) 349M->67M(512M) 25.078ms
[2022-04-19T04:39:59.749+0000][8][gc,cpu      ] GC(13) User=0.05s Sys=0.00s Real=0.02s
[2022-04-19T04:39:59.750+0000][8][safepoint   ] Safepoint "G1CollectForAllocation", Time since last: 8170791 ns, Reaching safepoint: 93417 ns, At safepoint: 26713750 ns, Total: 26807167 ns
[2022-04-19T04:40:00.115+0000][8][safepoint   ] Safepoint "ICBufferFull", Time since last: 364724750 ns, Reaching safepoint: 278250 ns, At safepoint: 7084 ns, Total: 285334 ns
[2022-04-19T04:40:00.403+0000][8][gc,start    ] GC(14) Pause Young (Concurrent Start) (Metadata GC Threshold)
[2022-04-19T04:40:00.404+0000][8][gc,task     ] GC(14) Using 5 workers of 5 for evacuation
[2022-04-19T04:40:00.405+0000][8][gc,age      ] GC(14) Desired survivor size 20971520 bytes, new threshold 15 (max threshold 15)
[2022-04-19T04:40:00.415+0000][8][gc,age      ] GC(14) Age table with threshold 15 (max threshold 15)
[2022-04-19T04:40:00.416+0000][8][gc,age      ] GC(14) - age   1:     693176 bytes,     693176 total
[2022-04-19T04:40:00.417+0000][8][gc,age      ] GC(14) - age   2:   13437752 bytes,   14130928 total
[2022-04-19T04:40:00.418+0000][8][gc,age      ] GC(14) - age   3:    5868776 bytes,   19999704 total
[2022-04-19T04:40:00.418+0000][8][gc,phases   ] GC(14)   Pre Evacuate Collection Set: 0.4ms
[2022-04-19T04:40:00.419+0000][8][gc,phases   ] GC(14)   Merge Heap Roots: 0.2ms
[2022-04-19T04:40:00.420+0000][8][gc,phases   ] GC(14)   Evacuate Collection Set: 7.5ms
[2022-04-19T04:40:00.421+0000][8][gc,phases   ] GC(14)   Post Evacuate Collection Set: 1.5ms
[2022-04-19T04:40:00.421+0000][8][gc,phases   ] GC(14)   Other: 6.2ms
[2022-04-19T04:40:00.422+0000][8][gc,heap     ] GC(14) Eden regions: 5->0(70)
[2022-04-19T04:40:00.423+0000][8][gc,heap     ] GC(14) Survivor regions: 5->6(10)
[2022-04-19T04:40:00.423+0000][8][gc,heap     ] GC(14) Old regions: 11->11
[2022-04-19T04:40:00.424+0000][8][gc,heap     ] GC(14) Archive regions: 2->2
[2022-04-19T04:40:00.424+0000][8][gc,heap     ] GC(14) Humongous regions: 0->0
[2022-04-19T04:40:00.425+0000][8][gc,metaspace] GC(14) Metaspace: 87577K(88960K)->87577K(88960K) NonClass: 75383K(76224K)->75383K(76224K) Class: 12194K(12736K)->12194K(12736K)
[2022-04-19T04:40:00.425+0000][8][gc          ] GC(14) Pause Young (Concurrent Start) (Metadata GC Threshold) 84M->69M(512M) 22.378ms
[2022-04-19T04:40:00.426+0000][8][gc,cpu      ] GC(14) User=0.03s Sys=0.01s Real=0.02s
[2022-04-19T04:40:00.427+0000][8][safepoint   ] Safepoint "CollectForMetadataAllocation", Time since last: 287489750 ns, Reaching safepoint: 274791 ns, At safepoint: 23877792 ns, Total: 24152583 ns
[2022-04-19T04:40:00.427+0000][8][gc          ] GC(15) Concurrent Mark Cycle
[2022-04-19T04:40:00.429+0000][8][gc,marking  ] GC(15) Concurrent Clear Claimed Marks
[2022-04-19T04:40:00.430+0000][8][gc,marking  ] GC(15) Concurrent Clear Claimed Marks 0.774ms
[2022-04-19T04:40:00.431+0000][8][gc,marking  ] GC(15) Concurrent Scan Root Regions
[2022-04-19T04:40:00.443+0000][8][gc,marking  ] GC(15) Concurrent Scan Root Regions 11.727ms
[2022-04-19T04:40:00.444+0000][8][gc,marking  ] GC(15) Concurrent Mark
[2022-04-19T04:40:00.444+0000][8][gc,marking  ] GC(15) Concurrent Mark From Roots
[2022-04-19T04:40:00.445+0000][8][gc,task     ] GC(15) Using 1 workers of 1 for marking
[2022-04-19T04:40:00.451+0000][8][safepoint   ] Safepoint "CollectForMetadataAllocation", Time since last: 24138333 ns, Reaching safepoint: 71334 ns, At safepoint: 44000 ns, Total: 115334 ns
[2022-04-19T04:40:00.452+0000][8][safepoint   ] Safepoint "CollectForMetadataAllocation", Time since last: 1002625 ns, Reaching safepoint: 468208 ns, At safepoint: 7958 ns, Total: 476166 ns
[2022-04-19T04:40:00.464+0000][8][safepoint   ] Safepoint "CollectForMetadataAllocation", Time since last: 11171417 ns, Reaching safepoint: 174667 ns, At safepoint: 85166 ns, Total: 259833 ns
[2022-04-19T04:40:00.486+0000][8][gc,marking  ] GC(15) Concurrent Mark From Roots 41.472ms
[2022-04-19T04:40:00.487+0000][8][gc,marking  ] GC(15) Concurrent Preclean
[2022-04-19T04:40:00.493+0000][8][safepoint   ] Safepoint "ICBufferFull", Time since last: 25075417 ns, Reaching safepoint: 4095750 ns, At safepoint: 21375 ns, Total: 4117125 ns
[2022-04-19T04:40:00.493+0000][8][gc,marking  ] GC(15) Concurrent Preclean 5.731ms
[2022-04-19T04:40:00.495+0000][8][safepoint   ] Safepoint "ICBufferFull", Time since last: 2388125 ns, Reaching safepoint: 66542 ns, At safepoint: 5166 ns, Total: 71708 ns
[2022-04-19T04:40:00.497+0000][8][safepoint   ] Safepoint "ICBufferFull", Time since last: 1238959 ns, Reaching safepoint: 239125 ns, At safepoint: 3166 ns, Total: 242291 ns
[2022-04-19T04:40:00.498+0000][8][gc,start    ] GC(15) Pause Remark
[2022-04-19T04:40:00.502+0000][8][gc          ] GC(15) Pause Remark 84M->84M(512M) 3.707ms
[2022-04-19T04:40:00.503+0000][8][gc,cpu      ] GC(15) User=0.01s Sys=0.00s Real=0.01s
[2022-04-19T04:40:00.503+0000][8][safepoint   ] Safepoint "G1Concurrent", Time since last: 1374542 ns, Reaching safepoint: 102750 ns, At safepoint: 5011292 ns, Total: 5114042 ns
[2022-04-19T04:40:00.504+0000][8][gc,marking  ] GC(15) Concurrent Mark 60.350ms
[2022-04-19T04:40:00.505+0000][8][gc,marking  ] GC(15) Concurrent Rebuild Remembered Sets
[2022-04-19T04:40:00.506+0000][8][gc,marking  ] GC(15) Concurrent Rebuild Remembered Sets 0.594ms
[2022-04-19T04:40:00.505+0000][8][safepoint   ] Safepoint "CollectForMetadataAllocation", Time since last: 957708 ns, Reaching safepoint: 198583 ns, At safepoint: 7459 ns, Total: 206042 ns
[2022-04-19T04:40:00.507+0000][8][safepoint   ] Safepoint "CollectForMetadataAllocation", Time since last: 2450041 ns, Reaching safepoint: 165875 ns, At safepoint: 10000 ns, Total: 175875 ns
[2022-04-19T04:40:00.508+0000][8][gc,start    ] GC(15) Pause Cleanup
[2022-04-19T04:40:00.509+0000][8][gc          ] GC(15) Pause Cleanup 84M->84M(512M) 0.762ms
[2022-04-19T04:40:00.509+0000][8][gc,cpu      ] GC(15) User=0.00s Sys=0.00s Real=0.00s
[2022-04-19T04:40:00.510+0000][8][safepoint   ] Safepoint "G1Concurrent", Time since last: 908000 ns, Reaching safepoint: 16834 ns, At safepoint: 1880083 ns, Total: 1896917 ns
[2022-04-19T04:40:00.511+0000][8][gc,marking  ] GC(15) Concurrent Cleanup for Next Mark
[2022-04-19T04:40:00.512+0000][8][gc,marking  ] GC(15) Concurrent Cleanup for Next Mark 1.294ms
[2022-04-19T04:40:00.513+0000][8][gc          ] GC(15) Concurrent Mark Cycle 86.452ms
[2022-04-19T04:40:00.651+0000][8][safepoint   ] Safepoint "ICBufferFull", Time since last: 141098917 ns, Reaching safepoint: 233375 ns, At safepoint: 19417 ns, Total: 252792 ns
[2022-04-19T04:40:01.301+0000][8][safepoint   ] Safepoint "ICBufferFull", Time since last: 649873917 ns, Reaching safepoint: 159125 ns, At safepoint: 8625 ns, Total: 167750 ns
[2022-04-19T04:40:01.559+0000][8][safepoint   ] Safepoint "ICBufferFull", Time since last: 257735291 ns, Reaching safepoint: 146500 ns, At safepoint: 9334 ns, Total: 155834 ns
[2022-04-19T04:40:01.834+0000][8][safepoint   ] Safepoint "ICBufferFull", Time since last: 273943583 ns, Reaching safepoint: 612292 ns, At safepoint: 24750 ns, Total: 637042 ns
[2022-04-19T04:40:02.076+0000][8][safepoint   ] Safepoint "ICBufferFull", Time since last: 241609541 ns, Reaching safepoint: 532667 ns, At safepoint: 67041 ns, Total: 599708 ns
[2022-04-19T04:40:02.450+0000][8][safepoint   ] Safepoint "ICBufferFull", Time since last: 373394459 ns, Reaching safepoint: 383666 ns, At safepoint: 27125 ns, Total: 410791 ns
[2022-04-19T04:40:02.860+0000][8][safepoint   ] Safepoint "ICBufferFull", Time since last: 409123334 ns, Reaching safepoint: 550792 ns, At safepoint: 8166 ns, Total: 558958 ns
[2022-04-19T04:40:03.993+0000][8][safepoint   ] Safepoint "ICBufferFull", Time since last: 1132860917 ns, Reaching safepoint: 536834 ns, At safepoint: 10000 ns, Total: 546834 ns
[2022-04-19T04:40:04.645+0000][8][safepoint   ] Safepoint "ICBufferFull", Time since last: 651349375 ns, Reaching safepoint: 172625 ns, At safepoint: 56208 ns, Total: 228833 ns
[2022-04-19T04:40:05.649+0000][8][safepoint   ] Safepoint "Cleanup", Time since last: 1003280668 ns, Reaching safepoint: 662541 ns, At safepoint: 62000 ns, Total: 724541 ns
[2022-04-19T04:40:06.655+0000][8][safepoint   ] Safepoint "Cleanup", Time since last: 1005067792 ns, Reaching safepoint: 820292 ns, At safepoint: 10417 ns, Total: 830709 ns
[2022-04-19T04:40:08.493+0000][8][safepoint   ] Safepoint "Cleanup", Time since last: 1838182334 ns, Reaching safepoint: 435708 ns, At safepoint: 18292 ns, Total: 454000 ns
[2022-04-19T04:40:10.509+0000][8][safepoint   ] Safepoint "Cleanup", Time since last: 2014754126 ns, Reaching safepoint: 1127125 ns, At safepoint: 15167 ns, Total: 1142292 ns
[2022-04-19T04:40:12.521+0000][8][safepoint   ] Safepoint "Cleanup", Time since last: 2011453709 ns, Reaching safepoint: 277250 ns, At safepoint: 4000 ns, Total: 281250 ns
[2022-04-19T04:40:13.526+0000][8][safepoint   ] Safepoint "Cleanup", Time since last: 1004850209 ns, Reaching safepoint: 214583 ns, At safepoint: 6625 ns, Total: 221208 ns
[2022-04-19T04:40:14.532+0000][8][safepoint   ] Safepoint "Cleanup", Time since last: 1005919501 ns, Reaching safepoint: 399333 ns, At safepoint: 14458 ns, Total: 413791 ns
[2022-04-19T04:40:16.548+0000][8][safepoint   ] Safepoint "Cleanup", Time since last: 2015081418 ns, Reaching safepoint: 374375 ns, At safepoint: 9416 ns, Total: 383791 ns
[2022-04-19T04:40:18.555+0000][8][safepoint   ] Safepoint "Cleanup", Time since last: 2007003585 ns, Reaching safepoint: 243833 ns, At safepoint: 30500 ns, Total: 274333 ns
[2022-04-19T04:40:25.578+0000][8][safepoint   ] Safepoint "Cleanup", Time since last: 7022566795 ns, Reaching safepoint: 310667 ns, At safepoint: 6000 ns, Total: 316667 ns
[2022-04-19T04:40:26.581+0000][8][safepoint   ] Safepoint "Cleanup", Time since last: 1002682667 ns, Reaching safepoint: 265042 ns, At safepoint: 282000 ns, Total: 547042 ns
[2022-04-19T04:40:29.591+0000][8][safepoint   ] Safepoint "Cleanup", Time since last: 3009475751 ns, Reaching safepoint: 651583 ns, At safepoint: 17000 ns, Total: 668583 ns
[2022-04-19T04:40:30.605+0000][8][safepoint   ] Safepoint "Cleanup", Time since last: 1013405793 ns, Reaching safepoint: 185291 ns, At safepoint: 15834 ns, Total: 201125 ns
[2022-04-19T04:40:31.606+0000][8][safepoint   ] Safepoint "Cleanup", Time since last: 1001350708 ns, Reaching safepoint: 107417 ns, At safepoint: 2833 ns, Total: 110250 ns
[2022-04-19T04:40:38.620+0000][8][safepoint   ] Safepoint "Cleanup", Time since last: 7013183753 ns, Reaching safepoint: 228959 ns, At safepoint: 5916 ns, Total: 234875 ns
[2022-04-19T04:40:39.646+0000][8][safepoint   ] Safepoint "Cleanup", Time since last: 1025671626 ns, Reaching safepoint: 638375 ns, At safepoint: 16042 ns, Total: 654417 ns
[2022-04-19T04:40:43.663+0000][8][safepoint   ] Safepoint "Cleanup", Time since last: 4012924501 ns, Reaching safepoint: 4279625 ns, At safepoint: 52292 ns, Total: 4331917 ns
[2022-04-19T04:40:47.682+0000][8][safepoint   ] Safepoint "Cleanup", Time since last: 4017780627 ns, Reaching safepoint: 323958 ns, At safepoint: 23709 ns, Total: 347667 ns
[2022-04-19T04:40:50.694+0000][8][safepoint   ] Safepoint "Cleanup", Time since last: 3012284501 ns, Reaching safepoint: 226333 ns, At safepoint: 11792 ns, Total: 238125 ns
[2022-04-19T04:40:53.714+0000][8][safepoint   ] Safepoint "Cleanup", Time since last: 3020034460 ns, Reaching safepoint: 355042 ns, At safepoint: 10833 ns, Total: 365875 ns
[2022-04-19T04:40:54.723+0000][8][safepoint   ] Safepoint "Cleanup", Time since last: 1008789417 ns, Reaching safepoint: 164750 ns, At safepoint: 5750 ns, Total: 170500 ns
[2022-04-19T04:40:55.731+0000][8][safepoint   ] Safepoint "Cleanup", Time since last: 1007822626 ns, Reaching safepoint: 230750 ns, At safepoint: 11833 ns, Total: 242583 ns
[2022-04-19T04:40:56.742+0000][8][safepoint   ] Safepoint "Cleanup", Time since last: 1009827709 ns, Reaching safepoint: 409500 ns, At safepoint: 10666 ns, Total: 420166 ns
[2022-04-19T04:40:58.749+0000][8][safepoint   ] Safepoint "Cleanup", Time since last: 2007282626 ns, Reaching safepoint: 188334 ns, At safepoint: 8125 ns, Total: 196459 ns
[2022-04-19T04:41:00.763+0000][8][safepoint   ] Safepoint "Cleanup", Time since last: 2013866251 ns, Reaching safepoint: 179250 ns, At safepoint: 4666 ns, Total: 183916 ns
[2022-04-19T04:41:01.767+0000][8][safepoint   ] Safepoint "Cleanup", Time since last: 1003228251 ns, Reaching safepoint: 325000 ns, At safepoint: 10875 ns, Total: 335875 ns
[2022-04-19T04:41:03.780+0000][8][safepoint   ] Safepoint "Cleanup", Time since last: 2012113500 ns, Reaching safepoint: 923334 ns, At safepoint: 10208 ns, Total: 933542 ns
[2022-04-19T04:41:05.798+0000][8][safepoint   ] Safepoint "Cleanup", Time since last: 2008062709 ns, Reaching safepoint: 9403750 ns, At safepoint: 21209 ns, Total: 9424959 ns
[2022-04-19T04:41:06.806+0000][8][safepoint   ] Safepoint "Cleanup", Time since last: 1007752000 ns, Reaching safepoint: 333500 ns, At safepoint: 14625 ns, Total: 348125 ns
[2022-04-19T04:41:08.816+0000][8][safepoint   ] Safepoint "Cleanup", Time since last: 2009661459 ns, Reaching safepoint: 69375 ns, At safepoint: 3209 ns, Total: 72584 ns
[2022-04-19T04:41:09.817+0000][8][safepoint   ] Safepoint "Cleanup", Time since last: 1001387667 ns, Reaching safepoint: 380625 ns, At safepoint: 7667 ns, Total: 388292 ns
[2022-04-19T04:41:11.822+0000][8][safepoint   ] Safepoint "Cleanup", Time since last: 2004270251 ns, Reaching safepoint: 362333 ns, At safepoint: 12083 ns, Total: 374416 ns
[2022-04-19T04:41:13.828+0000][8][safepoint   ] Safepoint "Cleanup", Time since last: 2005053751 ns, Reaching safepoint: 422917 ns, At safepoint: 8000 ns, Total: 430917 ns
[2022-04-19T04:41:24.852+0000][8][safepoint   ] Safepoint "Cleanup", Time since last: 11023880297 ns, Reaching safepoint: 714041 ns, At safepoint: 14459 ns, Total: 728500 ns
[2022-04-19T04:41:28.863+0000][8][safepoint   ] Safepoint "Cleanup", Time since last: 4010468418 ns, Reaching safepoint: 400084 ns, At safepoint: 22666 ns, Total: 422750 ns
[2022-04-19T04:41:29.874+0000][8][safepoint   ] Safepoint "Cleanup", Time since last: 1009940626 ns, Reaching safepoint: 584833 ns, At safepoint: 8625 ns, Total: 593458 ns
[2022-04-19T04:41:31.896+0000][8][safepoint   ] Safepoint "Cleanup", Time since last: 2021982834 ns, Reaching safepoint: 113125 ns, At safepoint: 5334 ns, Total: 118459 ns
[2022-04-19T04:41:43.933+0000][8][safepoint   ] Safepoint "Cleanup", Time since last: 12035311088 ns, Reaching safepoint: 389959 ns, At safepoint: 12833 ns, Total: 402792 ns
[2022-04-19T04:41:48.950+0000][8][safepoint   ] Safepoint "Cleanup", Time since last: 5016868794 ns, Reaching safepoint: 604792 ns, At safepoint: 8750 ns, Total: 613542 ns
[2022-04-19T04:41:49.965+0000][8][safepoint   ] Safepoint "Cleanup", Time since last: 1014487250 ns, Reaching safepoint: 127917 ns, At safepoint: 8583 ns, Total: 136500 ns
[2022-04-19T04:42:01.014+0000][8][safepoint   ] Safepoint "Cleanup", Time since last: 11049211089 ns, Reaching safepoint: 349750 ns, At safepoint: 24750 ns, Total: 374500 ns
[2022-04-19T04:42:02.014+0000][8][safepoint   ] Safepoint "Cleanup", Time since last: 1004036833 ns, Reaching safepoint: 144000 ns, At safepoint: 7500 ns, Total: 151500 ns
[2022-04-19T04:42:04.027+0000][8][safepoint   ] Safepoint "Cleanup", Time since last: 2012141334 ns, Reaching safepoint: 192833 ns, At safepoint: 6292 ns, Total: 199125 ns
[2022-04-19T04:42:05.042+0000][8][safepoint   ] Safepoint "Cleanup", Time since last: 1012007959 ns, Reaching safepoint: 1502750 ns, At safepoint: 22625 ns, Total: 1525375 ns
[2022-04-19T04:42:07.067+0000][8][safepoint   ] Safepoint "Cleanup", Time since last: 2026540543 ns, Reaching safepoint: 459291 ns, At safepoint: 50292 ns, Total: 509583 ns
[2022-04-19T04:42:09.076+0000][8][safepoint   ] Safepoint "Cleanup", Time since last: 2009041793 ns, Reaching safepoint: 172250 ns, At safepoint: 5541 ns, Total: 177791 ns
[2022-04-19T04:42:16.098+0000][8][safepoint   ] Safepoint "Cleanup", Time since last: 7020631045 ns, Reaching safepoint: 694417 ns, At safepoint: 17042 ns, Total: 711459 ns
[2022-04-19T04:42:24.131+0000][8][safepoint   ] Safepoint "Cleanup", Time since last: 8032552045 ns, Reaching safepoint: 869583 ns, At safepoint: 22792 ns, Total: 892375 ns
[2022-04-19T04:42:25.142+0000][8][safepoint   ] Safepoint "Cleanup", Time since last: 1010751126 ns, Reaching safepoint: 381791 ns, At safepoint: 13084 ns, Total: 394875 ns
[2022-04-19T04:42:30.162+0000][8][safepoint   ] Safepoint "Cleanup", Time since last: 5019651252 ns, Reaching safepoint: 322167 ns, At safepoint: 12041 ns, Total: 334208 ns
[2022-04-19T04:42:31.169+0000][8][safepoint   ] Safepoint "Cleanup", Time since last: 1006689667 ns, Reaching safepoint: 258834 ns, At safepoint: 7875 ns, Total: 266709 ns
[2022-04-19T04:42:32.178+0000][8][safepoint   ] Safepoint "Cleanup", Time since last: 1008475667 ns, Reaching safepoint: 447541 ns, At safepoint: 24750 ns, Total: 472291 ns
[2022-04-19T04:42:36.194+0000][8][safepoint   ] Safepoint "Cleanup", Time since last: 4010682711 ns, Reaching safepoint: 5308666 ns, At safepoint: 25375 ns, Total: 5334041 ns
[2022-04-19T04:42:37.203+0000][8][safepoint   ] Safepoint "Cleanup", Time since last: 1007730667 ns, Reaching safepoint: 474417 ns, At safepoint: 9583 ns, Total: 484000 ns
[2022-04-19T04:42:48.226+0000][8][safepoint   ] Safepoint "Cleanup", Time since last: 11022811672 ns, Reaching safepoint: 269625 ns, At safepoint: 10542 ns, Total: 280167 ns
[2022-04-19T04:42:50.235+0000][8][safepoint   ] Safepoint "Cleanup", Time since last: 2008821334 ns, Reaching safepoint: 142667 ns, At safepoint: 7292 ns, Total: 149959 ns
[2022-04-19T04:42:54.257+0000][8][safepoint   ] Safepoint "Cleanup", Time since last: 4020332626 ns, Reaching safepoint: 1440750 ns, At safepoint: 32709 ns, Total: 1473459 ns
[2022-04-19T04:43:00.285+0000][8][safepoint   ] Safepoint "Cleanup", Time since last: 6027987794 ns, Reaching safepoint: 251875 ns, At safepoint: 13792 ns, Total: 265667 ns
[2022-04-19T04:43:01.294+0000][8][safepoint   ] Safepoint "Cleanup", Time since last: 1009244834 ns, Reaching safepoint: 57000 ns, At safepoint: 3041 ns, Total: 60041 ns
[2022-04-19T04:43:09.325+0000][8][safepoint   ] Safepoint "Cleanup", Time since last: 8027639004 ns, Reaching safepoint: 277958 ns, At safepoint: 93000 ns, Total: 370958 ns
[2022-04-19T04:43:12.338+0000][8][safepoint   ] Safepoint "Cleanup", Time since last: 3011121001 ns, Reaching safepoint: 1579584 ns, At safepoint: 15583 ns, Total: 1595167 ns
[2022-04-19T04:43:13.349+0000][8][safepoint   ] Safepoint "Cleanup", Time since last: 1010784001 ns, Reaching safepoint: 535125 ns, At safepoint: 22166 ns, Total: 557291 ns
[2022-04-19T04:43:14.363+0000][8][safepoint   ] Safepoint "Cleanup", Time since last: 1013717834 ns, Reaching safepoint: 280875 ns, At safepoint: 9958 ns, Total: 290833 ns
[2022-04-19T04:43:24.389+0000][8][safepoint   ] Safepoint "Cleanup", Time since last: 10025059380 ns, Reaching safepoint: 455959 ns, At safepoint: 16458 ns, Total: 472417 ns
[2022-04-19T04:43:31.416+0000][8][safepoint   ] Safepoint "Cleanup", Time since last: 7026749795 ns, Reaching safepoint: 271250 ns, At safepoint: 12667 ns, Total: 283917 ns
[2022-04-19T04:43:32.423+0000][8][safepoint   ] Safepoint "Cleanup", Time since last: 1005235000 ns, Reaching safepoint: 674333 ns, At safepoint: 15583 ns, Total: 689916 ns
[2022-04-19T04:44:02.514+0000][8][safepoint   ] Safepoint "Cleanup", Time since last: 30092355847 ns, Reaching safepoint: 504542 ns, At safepoint: 9166 ns, Total: 513708 ns
[2022-04-19T04:44:30.623+0000][8][safepoint   ] Safepoint "Cleanup", Time since last: 28107752430 ns, Reaching safepoint: 1267042 ns, At safepoint: 23875 ns, Total: 1290917 ns
[2022-04-19T04:44:31.637+0000][8][safepoint   ] Safepoint "Cleanup", Time since last: 1013573959 ns, Reaching safepoint: 639708 ns, At safepoint: 20292 ns, Total: 660000 ns
[2022-04-19T04:44:40.655+0000][8][safepoint   ] Safepoint "Cleanup", Time since last: 9016642254 ns, Reaching safepoint: 638416 ns, At safepoint: 16875 ns, Total: 655291 ns
[2022-04-19T04:44:48.691+0000][8][safepoint   ] Safepoint "Cleanup", Time since last: 8035408587 ns, Reaching safepoint: 490917 ns, At safepoint: 17250 ns, Total: 508167 ns
[2022-04-19T04:45:01.748+0000][8][safepoint   ] Safepoint "Cleanup", Time since last: 13056472798 ns, Reaching safepoint: 208667 ns, At safepoint: 6333 ns, Total: 215000 ns
[2022-04-19T04:45:03.763+0000][8][safepoint   ] Safepoint "Cleanup", Time since last: 2014053875 ns, Reaching safepoint: 530250 ns, At safepoint: 17667 ns, Total: 547917 ns
[2022-04-19T04:45:08.784+0000][8][safepoint   ] Safepoint "Cleanup", Time since last: 5020881294 ns, Reaching safepoint: 75958 ns, At safepoint: 2333 ns, Total: 78291 ns
[2022-04-19T04:45:09.792+0000][8][safepoint   ] Safepoint "Cleanup", Time since last: 1006758251 ns, Reaching safepoint: 894542 ns, At safepoint: 21958 ns, Total: 916500 ns
[2022-04-19T04:45:48.932+0000][8][safepoint   ] Safepoint "Cleanup", Time since last: 39140858643 ns, Reaching safepoint: 965041 ns, At safepoint: 19417 ns, Total: 984458 ns
[2022-04-19T04:45:59.969+0000][8][safepoint   ] Safepoint "Cleanup", Time since last: 11036811005 ns, Reaching safepoint: 298125 ns, At safepoint: 13750 ns, Total: 311875 ns
[2022-04-19T04:46:21.040+0000][8][safepoint   ] Safepoint "Cleanup", Time since last: 21067245343 ns, Reaching safepoint: 567375 ns, At safepoint: 15500 ns, Total: 582875 ns
[2022-04-19T04:46:40.111+0000][8][safepoint   ] Safepoint "Cleanup", Time since last: 19073237841 ns, Reaching safepoint: 363750 ns, At safepoint: 92959 ns, Total: 456709 ns
[2022-04-19T04:47:32.263+0000][8][safepoint   ] Safepoint "Cleanup", Time since last: 52151409023 ns, Reaching safepoint: 717125 ns, At safepoint: 13167 ns, Total: 730292 ns
[2022-04-19T04:48:00.365+0000][8][safepoint   ] Safepoint "Cleanup", Time since last: 28101483221 ns, Reaching safepoint: 693542 ns, At safepoint: 8583 ns, Total: 702125 ns
[2022-04-19T04:48:01.372+0000][8][safepoint   ] Safepoint "Cleanup", Time since last: 1006735376 ns, Reaching safepoint: 210583 ns, At safepoint: 14417 ns, Total: 225000 ns
[2022-04-19T04:48:31.453+0000][8][safepoint   ] Safepoint "Cleanup", Time since last: 30078846180 ns, Reaching safepoint: 282792 ns, At safepoint: 5708 ns, Total: 288500 ns
[2022-04-19T04:48:32.454+0000][8][safepoint   ] Safepoint "Cleanup", Time since last: 1005110208 ns, Reaching safepoint: 169125 ns, At safepoint: 5250 ns, Total: 174375 ns
[2022-04-19T04:49:01.530+0000][8][safepoint   ] Safepoint "Cleanup", Time since last: 29076723764 ns, Reaching safepoint: 149167 ns, At safepoint: 4542 ns, Total: 153709 ns
[2022-04-19T04:49:02.536+0000][8][safepoint   ] Safepoint "Cleanup", Time since last: 1002654666 ns, Reaching safepoint: 276958 ns, At safepoint: 70000 ns, Total: 346958 ns
[2022-04-19T04:49:14.632+0000][8][safepoint   ] Safepoint "Cleanup", Time since last: 12095420631 ns, Reaching safepoint: 372416 ns, At safepoint: 16792 ns, Total: 389208 ns
[2022-04-19T04:49:31.683+0000][8][safepoint   ] Safepoint "Cleanup", Time since last: 17049328800 ns, Reaching safepoint: 1069042 ns, At safepoint: 23541 ns, Total: 1092583 ns
[2022-04-19T04:49:40.711+0000][8][safepoint   ] Safepoint "Cleanup", Time since last: 9027789754 ns, Reaching safepoint: 226625 ns, At safepoint: 6375 ns, Total: 233000 ns
[2022-04-19T04:50:00.785+0000][8][safepoint   ] Safepoint "Cleanup", Time since last: 20072886842 ns, Reaching safepoint: 190042 ns, At safepoint: 184292 ns, Total: 374334 ns
[2022-04-19T04:50:01.807+0000][8][safepoint   ] Safepoint "Cleanup", Time since last: 1021677959 ns, Reaching safepoint: 423500 ns, At safepoint: 14083 ns, Total: 437583 ns
[2022-04-19T04:50:08.819+0000][8][safepoint   ] Safepoint "Cleanup", Time since last: 7011564794 ns, Reaching safepoint: 437459 ns, At safepoint: 9083 ns, Total: 446542 ns
[2022-04-19T04:50:31.924+0000][8][safepoint   ] Safepoint "Cleanup", Time since last: 23092129094 ns, Reaching safepoint: 403667 ns, At safepoint: 12773542 ns, Total: 13177209 ns
[2022-04-19T04:50:36.941+0000][8][safepoint   ] Safepoint "Cleanup", Time since last: 5016932543 ns, Reaching safepoint: 360125 ns, At safepoint: 5333 ns, Total: 365458 ns
[2022-04-19T04:50:45.969+0000][8][safepoint   ] Safepoint "Cleanup", Time since last: 9027396255 ns, Reaching safepoint: 494166 ns, At safepoint: 13292 ns, Total: 507458 ns
[2022-04-19T04:50:57.013+0000][8][safepoint   ] Safepoint "Cleanup", Time since last: 11044086797 ns, Reaching safepoint: 378125 ns, At safepoint: 9417 ns, Total: 387542 ns
[2022-04-19T04:51:04.040+0000][8][safepoint   ] Safepoint "Cleanup", Time since last: 7024580086 ns, Reaching safepoint: 487708 ns, At safepoint: 23250 ns, Total: 510958 ns
[2022-04-19T04:51:26.092+0000][8][safepoint   ] Safepoint "Cleanup", Time since last: 22052312428 ns, Reaching safepoint: 169166 ns, At safepoint: 6167 ns, Total: 175333 ns
[2022-04-19T04:52:08.220+0000][8][safepoint   ] Safepoint "Cleanup", Time since last: 42125568436 ns, Reaching safepoint: 377750 ns, At safepoint: 12458 ns, Total: 390208 ns
[2022-04-19T04:52:40.354+0000][8][safepoint   ] Safepoint "Cleanup", Time since last: 32136954306 ns, Reaching safepoint: 866209 ns, At safepoint: 19250 ns, Total: 885459 ns
[2022-04-19T04:53:14.476+0000][8][safepoint   ] Safepoint "Cleanup", Time since last: 34122763932 ns, Reaching safepoint: 461250 ns, At safepoint: 18125 ns, Total: 479375 ns
[2022-04-19T04:53:19.502+0000][8][safepoint   ] Safepoint "Cleanup", Time since last: 5025700044 ns, Reaching safepoint: 617292 ns, At safepoint: 20458 ns, Total: 637750 ns
[2022-04-19T04:53:32.551+0000][8][safepoint   ] Safepoint "Cleanup", Time since last: 13047036672 ns, Reaching safepoint: 345542 ns, At safepoint: 12708 ns, Total: 358250 ns
[2022-04-19T04:53:49.609+0000][8][safepoint   ] Safepoint "Cleanup", Time since last: 17057482717 ns, Reaching safepoint: 351666 ns, At safepoint: 16875 ns, Total: 368541 ns
[2022-04-19T04:53:59.642+0000][8][safepoint   ] Safepoint "Cleanup", Time since last: 10032259422 ns, Reaching safepoint: 578417 ns, At safepoint: 15791 ns, Total: 594208 ns
[2022-04-19T04:54:01.653+0000][8][safepoint   ] Safepoint "Cleanup", Time since last: 2010545710 ns, Reaching safepoint: 281375 ns, At safepoint: 19416 ns, Total: 300791 ns
[2022-04-19T04:54:31.737+0000][8][safepoint   ] Safepoint "Cleanup", Time since last: 30081556597 ns, Reaching safepoint: 491125 ns, At safepoint: 12958 ns, Total: 504083 ns
[2022-04-19T04:54:49.809+0000][8][safepoint   ] Safepoint "Cleanup", Time since last: 18071410800 ns, Reaching safepoint: 270292 ns, At safepoint: 7333 ns, Total: 277625 ns
[2022-04-19T04:55:01.850+0000][8][safepoint   ] Safepoint "Cleanup", Time since last: 12040728631 ns, Reaching safepoint: 320000 ns, At safepoint: 54875 ns, Total: 374875 ns
[2022-04-19T04:55:31.934+0000][8][safepoint   ] Safepoint "Cleanup", Time since last: 30085463597 ns, Reaching safepoint: 396500 ns, At safepoint: 9166 ns, Total: 405666 ns
[2022-04-19T04:55:56.015+0000][8][safepoint   ] Safepoint "Cleanup", Time since last: 24077487803 ns, Reaching safepoint: 455875 ns, At safepoint: 25166 ns, Total: 481041 ns
[2022-04-19T04:56:02.029+0000][8][safepoint   ] Safepoint "Cleanup", Time since last: 6014222128 ns, Reaching safepoint: 311584 ns, At safepoint: 15875 ns, Total: 327459 ns
[2022-04-19T04:56:12.053+0000][8][safepoint   ] Safepoint "Cleanup", Time since last: 10022308420 ns, Reaching safepoint: 417834 ns, At safepoint: 13291 ns, Total: 431125 ns
[2022-04-19T04:56:32.121+0000][8][safepoint   ] Safepoint "Cleanup", Time since last: 20067728885 ns, Reaching safepoint: 405250 ns, At safepoint: 9333 ns, Total: 414583 ns
[2022-04-19T04:57:02.211+0000][8][safepoint   ] Safepoint "Cleanup", Time since last: 30092964181 ns, Reaching safepoint: 687917 ns, At safepoint: 16041 ns, Total: 703958 ns
[2022-04-19T04:57:04.221+0000][8][safepoint   ] Safepoint "Cleanup", Time since last: 2011395292 ns, Reaching safepoint: 363334 ns, At safepoint: 14708 ns, Total: 378042 ns
[2022-04-19T04:57:27.270+0000][8][safepoint   ] Safepoint "Cleanup", Time since last: 23048126428 ns, Reaching safepoint: 481791 ns, At safepoint: 8375 ns, Total: 490166 ns
[2022-04-19T04:57:32.294+0000][8][safepoint   ] Safepoint "Cleanup", Time since last: 5024011961 ns, Reaching safepoint: 291625 ns, At safepoint: 13292 ns, Total: 304917 ns
[2022-04-19T04:58:28.549+0000][8][safepoint   ] Safepoint "Cleanup", Time since last: 56252793442 ns, Reaching safepoint: 1195750 ns, At safepoint: 25084 ns, Total: 1220834 ns
[2022-04-19T04:59:01.766+0000][8][safepoint   ] Safepoint "Cleanup", Time since last: 33215260807 ns, Reaching safepoint: 762000 ns, At safepoint: 22833 ns, Total: 784833 ns
[2022-04-19T04:59:31.986+0000][8][safepoint   ] Safepoint "Cleanup", Time since last: 30219637472 ns, Reaching safepoint: 672916 ns, At safepoint: 22584 ns, Total: 695500 ns
[2022-04-19T05:00:50.729+0000][8][safepoint   ] Safepoint "Cleanup", Time since last: 1010573416 ns, Reaching safepoint: 157625 ns, At safepoint: 5333 ns, Total: 162958 ns
[2022-04-19T05:01:02.815+0000][8][safepoint   ] Safepoint "Cleanup", Time since last: 12085311214 ns, Reaching safepoint: 321084 ns, At safepoint: 18958 ns, Total: 340042 ns
[2022-04-19T05:01:18.911+0000][8][safepoint   ] Safepoint "Cleanup", Time since last: 16095141174 ns, Reaching safepoint: 1184709 ns, At safepoint: 57708 ns, Total: 1242417 ns
[2022-04-19T05:01:48.039+0000][8][safepoint   ] Safepoint "Cleanup", Time since last: 29127983097 ns, Reaching safepoint: 315833 ns, At safepoint: 14042 ns, Total: 329875 ns
[2022-04-19T05:01:49.472+0000][8][gc,start    ] GC(16) Pause Young (Concurrent Start) (G1 Evacuation Pause)
[2022-04-19T05:01:49.475+0000][8][gc,task     ] GC(16) Using 5 workers of 5 for evacuation
[2022-04-19T05:01:49.477+0000][8][gc,age      ] GC(16) Desired survivor size 20971520 bytes, new threshold 15 (max threshold 15)
[2022-04-19T05:01:49.499+0000][8][gc,age      ] GC(16) Age table with threshold 15 (max threshold 15)
[2022-04-19T05:01:49.500+0000][8][gc,age      ] GC(16) - age   1:    8046824 bytes,    8046824 total
[2022-04-19T05:01:49.502+0000][8][gc,age      ] GC(16) - age   2:     514224 bytes,    8561048 total
[2022-04-19T05:01:49.504+0000][8][gc,age      ] GC(16) - age   3:   13281480 bytes,   21842528 total
[2022-04-19T05:01:49.505+0000][8][gc,age      ] GC(16) - age   4:    5687696 bytes,   27530224 total
[2022-04-19T05:01:49.506+0000][8][gc,phases   ] GC(16)   Pre Evacuate Collection Set: 0.3ms
[2022-04-19T05:01:49.507+0000][8][gc,phases   ] GC(16)   Merge Heap Roots: 0.3ms
[2022-04-19T05:01:49.509+0000][8][gc,phases   ] GC(16)   Evacuate Collection Set: 16.1ms
[2022-04-19T05:01:49.511+0000][8][gc,phases   ] GC(16)   Post Evacuate Collection Set: 3.0ms
[2022-04-19T05:01:49.512+0000][8][gc,phases   ] GC(16)   Other: 14.7ms
[2022-04-19T05:01:49.513+0000][8][gc,heap     ] GC(16) Eden regions: 70->0(69)
[2022-04-19T05:01:49.515+0000][8][gc,heap     ] GC(16) Survivor regions: 6->7(10)
[2022-04-19T05:01:49.516+0000][8][gc,heap     ] GC(16) Old regions: 11->11
[2022-04-19T05:01:49.517+0000][8][gc,heap     ] GC(16) Archive regions: 2->2
[2022-04-19T05:01:49.518+0000][8][gc,heap     ] GC(16) Humongous regions: 6->6
[2022-04-19T05:01:49.519+0000][8][gc,metaspace] GC(16) Metaspace: 102012K(103552K)->102012K(103552K) NonClass: 87754K(88640K)->87754K(88640K) Class: 14257K(14912K)->14257K(14912K)
[2022-04-19T05:01:49.521+0000][8][gc          ] GC(16) Pause Young (Concurrent Start) (G1 Evacuation Pause) 373M->99M(512M) 48.385ms
[2022-04-19T05:01:49.522+0000][8][gc,cpu      ] GC(16) User=0.07s Sys=0.01s Real=0.05s
[2022-04-19T05:01:49.523+0000][8][safepoint   ] Safepoint "G1CollectForAllocation", Time since last: 1432324000 ns, Reaching safepoint: 350750 ns, At safepoint: 50664417 ns, Total: 51015167 ns
[2022-04-19T05:01:49.523+0000][8][gc          ] GC(17) Concurrent Mark Cycle
[2022-04-19T05:01:49.525+0000][8][gc,marking  ] GC(17) Concurrent Clear Claimed Marks
[2022-04-19T05:01:49.526+0000][8][gc,marking  ] GC(17) Concurrent Clear Claimed Marks 1.061ms
[2022-04-19T05:01:49.527+0000][8][gc,marking  ] GC(17) Concurrent Scan Root Regions
[2022-04-19T05:01:49.540+0000][8][gc,marking  ] GC(17) Concurrent Scan Root Regions 12.749ms
[2022-04-19T05:01:49.541+0000][8][gc,marking  ] GC(17) Concurrent Mark
[2022-04-19T05:01:49.542+0000][8][gc,marking  ] GC(17) Concurrent Mark From Roots
[2022-04-19T05:01:49.543+0000][8][gc,task     ] GC(17) Using 1 workers of 1 for marking
[2022-04-19T05:01:49.576+0000][8][gc,marking  ] GC(17) Concurrent Mark From Roots 34.015ms
[2022-04-19T05:01:49.577+0000][8][gc,marking  ] GC(17) Concurrent Preclean
[2022-04-19T05:01:49.578+0000][8][gc,marking  ] GC(17) Concurrent Preclean 1.476ms
[2022-04-19T05:01:49.580+0000][8][gc,start    ] GC(17) Pause Remark
[2022-04-19T05:01:49.590+0000][8][gc          ] GC(17) Pause Remark 99M->99M(512M) 9.812ms
[2022-04-19T05:01:49.591+0000][8][gc,cpu      ] GC(17) User=0.03s Sys=0.00s Real=0.01s
[2022-04-19T05:01:49.592+0000][8][safepoint   ] Safepoint "G1Concurrent", Time since last: 56586667 ns, Reaching safepoint: 166083 ns, At safepoint: 11998167 ns, Total: 12164250 ns
[2022-04-19T05:01:49.593+0000][8][gc,marking  ] GC(17) Concurrent Mark 51.668ms
[2022-04-19T05:01:49.593+0000][8][gc,marking  ] GC(17) Concurrent Rebuild Remembered Sets
[2022-04-19T05:01:49.594+0000][8][gc,marking  ] GC(17) Concurrent Rebuild Remembered Sets 0.909ms
[2022-04-19T05:01:49.600+0000][8][gc,start    ] GC(17) Pause Cleanup
[2022-04-19T05:01:49.600+0000][8][gc          ] GC(17) Pause Cleanup 99M->99M(512M) 0.693ms
[2022-04-19T05:01:49.601+0000][8][gc,cpu      ] GC(17) User=0.00s Sys=0.00s Real=0.00s
[2022-04-19T05:01:49.601+0000][8][safepoint   ] Safepoint "G1Concurrent", Time since last: 3689958 ns, Reaching safepoint: 4323625 ns, At safepoint: 1893459 ns, Total: 6217084 ns
[2022-04-19T05:01:49.602+0000][8][gc,marking  ] GC(17) Concurrent Cleanup for Next Mark
[2022-04-19T05:01:49.603+0000][8][gc,marking  ] GC(17) Concurrent Cleanup for Next Mark 0.794ms
[2022-04-19T05:01:49.603+0000][8][gc          ] GC(17) Concurrent Mark Cycle 80.556ms
[2022-04-19T05:14:00.489+0000][8][safepoint   ] Safepoint "Cleanup", Time since last: 63180946111 ns, Reaching safepoint: 728959 ns, At safepoint: 64625 ns, Total: 793584 ns
[2022-04-19T05:14:11.534+0000][8][safepoint   ] Safepoint "Cleanup", Time since last: 11044228922 ns, Reaching safepoint: 503875 ns, At safepoint: 13875 ns, Total: 517750 ns
[2022-04-19T05:14:27.591+0000][8][safepoint   ] Safepoint "Cleanup", Time since last: 16057235507 ns, Reaching safepoint: 337209 ns, At safepoint: 7500 ns, Total: 344709 ns
[2022-04-19T05:14:31.609+0000][8][safepoint   ] Safepoint "Cleanup", Time since last: 4021299710 ns, Reaching safepoint: 532500 ns, At safepoint: 15375 ns, Total: 547875 ns
[2022-04-19T05:14:57.682+0000][8][safepoint   ] Safepoint "Cleanup", Time since last: 26073044095 ns, Reaching safepoint: 487750 ns, At safepoint: 16250 ns, Total: 504000 ns
[2022-04-19T05:15:00.702+0000][8][safepoint   ] Safepoint "Cleanup", Time since last: 3019553293 ns, Reaching safepoint: 350875 ns, At safepoint: 19541 ns, Total: 370416 ns
[2022-04-19T05:15:27.760+0000][8][safepoint   ] Safepoint "Cleanup", Time since last: 27057738430 ns, Reaching safepoint: 405792 ns, At safepoint: 8333 ns, Total: 414125 ns
[2022-04-19T05:15:30.774+0000][8][safepoint   ] Safepoint "Cleanup", Time since last: 3012617460 ns, Reaching safepoint: 424916 ns, At safepoint: 14709 ns, Total: 439625 ns
[2022-04-19T05:15:35.807+0000][8][safepoint   ] Safepoint "Cleanup", Time since last: 5032467585 ns, Reaching safepoint: 463625 ns, At safepoint: 15750 ns, Total: 479375 ns
[2022-04-19T05:15:57.897+0000][8][safepoint   ] Safepoint "Cleanup", Time since last: 22089608386 ns, Reaching safepoint: 393875 ns, At safepoint: 14750 ns, Total: 408625 ns
[2022-04-19T05:16:27.989+0000][8][safepoint   ] Safepoint "Cleanup", Time since last: 30090724264 ns, Reaching safepoint: 142041 ns, At safepoint: 8250 ns, Total: 150291 ns
[2022-04-19T05:16:58.079+0000][8][safepoint   ] Safepoint "Cleanup", Time since last: 30088534222 ns, Reaching safepoint: 537958 ns, At safepoint: 22708 ns, Total: 560666 ns
[2022-04-19T05:17:03.106+0000][8][safepoint   ] Safepoint "Cleanup", Time since last: 5027079378 ns, Reaching safepoint: 408291 ns, At safepoint: 15334 ns, Total: 423625 ns
[2022-04-19T05:17:28.169+0000][8][safepoint   ] Safepoint "Cleanup", Time since last: 25065421386 ns, Reaching safepoint: 516000 ns, At safepoint: 9167 ns, Total: 525167 ns
[2022-04-19T05:17:35.201+0000][8][safepoint   ] Safepoint "Cleanup", Time since last: 7032061753 ns, Reaching safepoint: 213792 ns, At safepoint: 10958 ns, Total: 224750 ns
[2022-04-19T05:17:57.282+0000][8][safepoint   ] Safepoint "Cleanup", Time since last: 22079774427 ns, Reaching safepoint: 970459 ns, At safepoint: 11958 ns, Total: 982417 ns
[2022-04-19T05:18:27.366+0000][8][safepoint   ] Safepoint "Cleanup", Time since last: 30085649222 ns, Reaching safepoint: 572792 ns, At safepoint: 10875 ns, Total: 583667 ns
[2022-04-19T05:18:41.411+0000][8][safepoint   ] Safepoint "Cleanup", Time since last: 14038174215 ns, Reaching safepoint: 265041 ns, At safepoint: 15250 ns, Total: 280291 ns
[2022-04-19T05:18:43.431+0000][8][safepoint   ] Safepoint "Cleanup", Time since last: 2019609543 ns, Reaching safepoint: 343708 ns, At safepoint: 12958 ns, Total: 356666 ns
[2022-04-19T05:19:12.534+0000][8][safepoint   ] Safepoint "Cleanup", Time since last: 29107663764 ns, Reaching safepoint: 366000 ns, At safepoint: 7458 ns, Total: 373458 ns
[2022-04-19T05:19:27.581+0000][8][safepoint   ] Safepoint "Cleanup", Time since last: 15046684008 ns, Reaching safepoint: 300458 ns, At safepoint: 14417 ns, Total: 314875 ns
[2022-04-19T05:19:57.685+0000][8][safepoint   ] Safepoint "Cleanup", Time since last: 30099456013 ns, Reaching safepoint: 2160958 ns, At safepoint: 18875 ns, Total: 2179833 ns
[2022-04-19T05:21:08.916+0000][8][safepoint   ] Safepoint "Cleanup", Time since last: 71217584074 ns, Reaching safepoint: 13150708 ns, At safepoint: 14792 ns, Total: 13165500 ns
[2022-04-19T05:21:35.986+0000][8][safepoint   ] Safepoint "Cleanup", Time since last: 27070247971 ns, Reaching safepoint: 242875 ns, At safepoint: 6416 ns, Total: 249291 ns
[2022-04-19T05:22:28.129+0000][8][safepoint   ] Safepoint "Cleanup", Time since last: 52138546399 ns, Reaching safepoint: 621000 ns, At safepoint: 21667 ns, Total: 642667 ns
[2022-04-19T05:23:06.248+0000][8][safepoint   ] Safepoint "Cleanup", Time since last: 38122585809 ns, Reaching safepoint: 676250 ns, At safepoint: 12916 ns, Total: 689166 ns
[2022-04-19T05:23:57.411+0000][8][safepoint   ] Safepoint "Cleanup", Time since last: 51141541691 ns, Reaching safepoint: 15476250 ns, At safepoint: 44167 ns, Total: 15520417 ns
[2022-04-19T05:24:08.446+0000][8][safepoint   ] Safepoint "Cleanup", Time since last: 11039146504 ns, Reaching safepoint: 384042 ns, At safepoint: 11166 ns, Total: 395208 ns
[2022-04-19T05:24:20.484+0000][8][safepoint   ] Safepoint "Cleanup", Time since last: 12036963714 ns, Reaching safepoint: 452500 ns, At safepoint: 20250 ns, Total: 472750 ns
[2022-04-19T05:24:27.504+0000][8][safepoint   ] Safepoint "Cleanup", Time since last: 7019399712 ns, Reaching safepoint: 507833 ns, At safepoint: 14542 ns, Total: 522375 ns
[2022-04-19T05:24:57.588+0000][8][safepoint   ] Safepoint "Cleanup", Time since last: 30084161764 ns, Reaching safepoint: 86875 ns, At safepoint: 6666 ns, Total: 93541 ns
[2022-04-19T05:25:57.759+0000][8][safepoint   ] Safepoint "Cleanup", Time since last: 60173133986 ns, Reaching safepoint: 254875 ns, At safepoint: 7250 ns, Total: 262125 ns
[2022-04-19T05:26:27.847+0000][8][safepoint   ] Safepoint "Cleanup", Time since last: 30089004097 ns, Reaching safepoint: 417292 ns, At safepoint: 11708 ns, Total: 429000 ns
[2022-04-19T05:27:10.967+0000][8][safepoint   ] Safepoint "Cleanup", Time since last: 43116456602 ns, Reaching safepoint: 603292 ns, At safepoint: 15750 ns, Total: 619042 ns
[2022-04-19T05:27:28.044+0000][8][safepoint   ] Safepoint "Cleanup", Time since last: 17075965800 ns, Reaching safepoint: 155916 ns, At safepoint: 15584 ns, Total: 171500 ns
[2022-04-19T05:27:58.152+0000][8][safepoint   ] Safepoint "Cleanup", Time since last: 30107844472 ns, Reaching safepoint: 292708 ns, At safepoint: 14792 ns, Total: 307500 ns
[2022-04-19T05:28:49.310+0000][8][safepoint   ] Safepoint "Cleanup", Time since last: 51157829648 ns, Reaching safepoint: 667959 ns, At safepoint: 17791 ns, Total: 685750 ns
[2022-04-19T05:29:58.539+0000][8][safepoint   ] Safepoint "Cleanup", Time since last: 69226027616 ns, Reaching safepoint: 592583 ns, At safepoint: 17167 ns, Total: 609750 ns
[2022-04-19T05:30:01.559+0000][8][safepoint   ] Safepoint "Cleanup", Time since last: 3019090084 ns, Reaching safepoint: 1050500 ns, At safepoint: 392334 ns, Total: 1442834 ns
[2022-04-19T05:33:17.086+0000][8][safepoint   ] Safepoint "Cleanup", Time since last: 195530773255 ns, Reaching safepoint: 501459 ns, At safepoint: 10166 ns, Total: 511625 ns
[2022-04-19T05:33:22.102+0000][8][safepoint   ] Safepoint "Cleanup", Time since last: 5015743419 ns, Reaching safepoint: 454334 ns, At safepoint: 12833 ns, Total: 467167 ns
[2022-04-19T05:33:31.148+0000][8][safepoint   ] Safepoint "Cleanup", Time since last: 9039702337 ns, Reaching safepoint: 641209 ns, At safepoint: 18291 ns, Total: 659500 ns
[2022-04-19T05:33:49.223+0000][8][safepoint   ] Safepoint "Cleanup", Time since last: 18074510634 ns, Reaching safepoint: 549833 ns, At safepoint: 13000 ns, Total: 562833 ns
[2022-04-19T05:33:58.259+0000][8][safepoint   ] Safepoint "Cleanup", Time since last: 9035585755 ns, Reaching safepoint: 444958 ns, At safepoint: 18958 ns, Total: 463916 ns
[2022-04-19T05:34:32.357+0000][8][safepoint   ] Safepoint "Cleanup", Time since last: 34098654182 ns, Reaching safepoint: 700667 ns, At safepoint: 8667 ns, Total: 709334 ns
[2022-04-19T05:35:58.633+0000][8][safepoint   ] Safepoint "Cleanup", Time since last: 86277396538 ns, Reaching safepoint: 461459 ns, At safepoint: 12375 ns, Total: 473834 ns
[2022-04-19T05:36:58.845+0000][8][safepoint   ] Safepoint "Cleanup", Time since last: 60210004444 ns, Reaching safepoint: 430958 ns, At safepoint: 12042 ns, Total: 443000 ns
[2022-04-19T05:37:20.911+0000][8][safepoint   ] Safepoint "Cleanup", Time since last: 22065728469 ns, Reaching safepoint: 902708 ns, At safepoint: 21250 ns, Total: 923958 ns
[2022-04-19T05:37:28.945+0000][8][safepoint   ] Safepoint "Cleanup", Time since last: 8036551545 ns, Reaching safepoint: 606375 ns, At safepoint: 45166 ns, Total: 651541 ns
[2022-04-19T05:38:52.178+0000][8][safepoint   ] Safepoint "Cleanup", Time since last: 83232257039 ns, Reaching safepoint: 529208 ns, At safepoint: 18584 ns, Total: 547792 ns
[2022-04-19T05:38:59.213+0000][8][safepoint   ] Safepoint "Cleanup", Time since last: 7032733461 ns, Reaching safepoint: 431333 ns, At safepoint: 15834 ns, Total: 447167 ns
[2022-04-19T05:39:58.327+0000][8][safepoint   ] Safepoint "Cleanup", Time since last: 59114484403 ns, Reaching safepoint: 619333 ns, At safepoint: 13750 ns, Total: 633083 ns
[2022-04-19T05:40:27.418+0000][8][safepoint   ] Safepoint "Cleanup", Time since last: 29087902555 ns, Reaching safepoint: 422750 ns, At safepoint: 13416 ns, Total: 436166 ns
[2022-04-19T05:40:29.422+0000][8][safepoint   ] Safepoint "Cleanup", Time since last: 2006636626 ns, Reaching safepoint: 547041 ns, At safepoint: 16417 ns, Total: 563458 ns
[2022-04-19T05:40:57.518+0000][8][safepoint   ] Safepoint "Cleanup", Time since last: 28095898972 ns, Reaching safepoint: 243125 ns, At safepoint: 6458 ns, Total: 249583 ns
[2022-04-19T05:41:27.596+0000][8][safepoint   ] Safepoint "Cleanup", Time since last: 30076667639 ns, Reaching safepoint: 443666 ns, At safepoint: 11959 ns, Total: 455625 ns
[2022-04-19T05:41:57.668+0000][8][safepoint   ] Safepoint "Cleanup", Time since last: 30072226514 ns, Reaching safepoint: 484333 ns, At safepoint: 9625 ns, Total: 493958 ns
[2022-04-19T05:42:21.734+0000][8][safepoint   ] Safepoint "Cleanup", Time since last: 24062422470 ns, Reaching safepoint: 297416 ns, At safepoint: 12125 ns, Total: 309541 ns
[2022-04-19T05:42:27.755+0000][8][safepoint   ] Safepoint "Cleanup", Time since last: 6020654461 ns, Reaching safepoint: 341167 ns, At safepoint: 7458 ns, Total: 348625 ns
[2022-04-19T05:42:57.818+0000][8][safepoint   ] Safepoint "Cleanup", Time since last: 30065917889 ns, Reaching safepoint: 720750 ns, At safepoint: 18625 ns, Total: 739375 ns
[2022-04-19T05:43:28.900+0000][8][safepoint   ] Safepoint "Cleanup", Time since last: 31080936806 ns, Reaching safepoint: 695541 ns, At safepoint: 18167 ns, Total: 713708 ns
[2022-04-19T05:47:08.479+0000][8][safepoint   ] Safepoint "Cleanup", Time since last: 219578031433 ns, Reaching safepoint: 980500 ns, At safepoint: 25000 ns, Total: 1005500 ns
[2022-04-19T05:47:59.633+0000][8][safepoint   ] Safepoint "Cleanup", Time since last: 51150813898 ns, Reaching safepoint: 1067250 ns, At safepoint: 20250 ns, Total: 1087500 ns
[2022-04-19T05:48:01.647+0000][8][safepoint   ] Safepoint "Cleanup", Time since last: 2013779542 ns, Reaching safepoint: 192417 ns, At safepoint: 10542 ns, Total: 202959 ns
[2022-04-19T05:48:04.672+0000][8][safepoint   ] Safepoint "Cleanup", Time since last: 3024278709 ns, Reaching safepoint: 668667 ns, At safepoint: 14500 ns, Total: 683167 ns
[2022-04-19T05:48:08.688+0000][8][safepoint   ] Safepoint "Cleanup", Time since last: 4015277710 ns, Reaching safepoint: 143584 ns, At safepoint: 6125 ns, Total: 149709 ns
[2022-04-19T05:48:13.706+0000][8][safepoint   ] Safepoint "Cleanup", Time since last: 5018372460 ns, Reaching safepoint: 326667 ns, At safepoint: 15125 ns, Total: 341792 ns
[2022-04-19T05:48:18.724+0000][8][safepoint   ] Safepoint "Cleanup", Time since last: 5016414127 ns, Reaching safepoint: 787125 ns, At safepoint: 23959 ns, Total: 811084 ns
[2022-04-19T05:48:59.826+0000][8][safepoint   ] Safepoint "Cleanup", Time since last: 41101622226 ns, Reaching safepoint: 312792 ns, At safepoint: 10833 ns, Total: 323625 ns
[2022-04-19T05:50:00.999+0000][8][safepoint   ] Safepoint "Cleanup", Time since last: 61177180612 ns, Reaching safepoint: 537292 ns, At safepoint: 16250 ns, Total: 553542 ns
[2022-04-19T05:50:08.042+0000][8][safepoint   ] Safepoint "Cleanup", Time since last: 7042544920 ns, Reaching safepoint: 131333 ns, At safepoint: 7834 ns, Total: 139167 ns
[2022-04-19T05:50:09.049+0000][8][safepoint   ] Safepoint "Cleanup", Time since last: 1005681042 ns, Reaching safepoint: 833583 ns, At safepoint: 11250 ns, Total: 844833 ns
[2022-04-19T05:50:11.056+0000][8][safepoint   ] Safepoint "Cleanup", Time since last: 2007444209 ns, Reaching safepoint: 235042 ns, At safepoint: 4625 ns, Total: 239667 ns
[2022-04-19T05:50:12.063+0000][8][safepoint   ] Safepoint "Cleanup", Time since last: 1005939792 ns, Reaching safepoint: 370625 ns, At safepoint: 4917 ns, Total: 375542 ns
[2022-04-19T05:50:22.083+0000][8][safepoint   ] Safepoint "Cleanup", Time since last: 10020324963 ns, Reaching safepoint: 332917 ns, At safepoint: 7958 ns, Total: 340875 ns
[2022-04-19T05:50:27.100+0000][8][safepoint   ] Safepoint "Cleanup", Time since last: 5016827586 ns, Reaching safepoint: 260041 ns, At safepoint: 8417 ns, Total: 268458 ns
[2022-04-19T05:50:28.111+0000][8][safepoint   ] Safepoint "Cleanup", Time since last: 1009867959 ns, Reaching safepoint: 393000 ns, At safepoint: 11083 ns, Total: 404083 ns
[2022-04-19T05:50:29.145+0000][8][safepoint   ] Safepoint "Cleanup", Time since last: 1008968959 ns, Reaching safepoint: 15871625 ns, At safepoint: 26541 ns, Total: 15898166 ns
[2022-04-19T05:50:33.159+0000][8][safepoint   ] Safepoint "Cleanup", Time since last: 4013759002 ns, Reaching safepoint: 219500 ns, At safepoint: 7500 ns, Total: 227000 ns
[2022-04-19T05:50:35.168+0000][8][safepoint   ] Safepoint "Cleanup", Time since last: 2008142293 ns, Reaching safepoint: 197875 ns, At safepoint: 4583 ns, Total: 202458 ns
[2022-04-19T05:50:36.172+0000][8][safepoint   ] Safepoint "Cleanup", Time since last: 1004384626 ns, Reaching safepoint: 229583 ns, At safepoint: 7583 ns, Total: 237166 ns
[2022-04-19T05:50:47.848+0000][8][safepoint   ] Safepoint "ICBufferFull", Time since last: 11676012548 ns, Reaching safepoint: 266125 ns, At safepoint: 15666 ns, Total: 281791 ns
[2022-04-19T05:50:48.071+0000][8][safepoint   ] Safepoint "ICBufferFull", Time since last: 222374125 ns, Reaching safepoint: 425459 ns, At safepoint: 5625 ns, Total: 431084 ns
[2022-04-19T05:50:48.328+0000][8][safepoint   ] Safepoint "ICBufferFull", Time since last: 256480250 ns, Reaching safepoint: 235333 ns, At safepoint: 23708 ns, Total: 259041 ns
[2022-04-19T05:50:48.606+0000][8][safepoint   ] Safepoint "ICBufferFull", Time since last: 278254584 ns, Reaching safepoint: 187625 ns, At safepoint: 13333 ns, Total: 200958 ns
[2022-04-19T05:50:49.057+0000][8][safepoint   ] Safepoint "ICBufferFull", Time since last: 449965417 ns, Reaching safepoint: 354917 ns, At safepoint: 5208 ns, Total: 360125 ns
[2022-04-19T05:50:49.579+0000][8][safepoint   ] Safepoint "ICBufferFull", Time since last: 521842792 ns, Reaching safepoint: 247208 ns, At safepoint: 2417 ns, Total: 249625 ns
[2022-04-19T05:50:49.898+0000][8][safepoint   ] Safepoint "ICBufferFull", Time since last: 318733042 ns, Reaching safepoint: 402542 ns, At safepoint: 4416 ns, Total: 406958 ns
[2022-04-19T05:50:50.409+0000][8][safepoint   ] Safepoint "ICBufferFull", Time since last: 510352917 ns, Reaching safepoint: 174375 ns, At safepoint: 11375 ns, Total: 185750 ns
[2022-04-19T05:50:51.051+0000][8][safepoint   ] Safepoint "ICBufferFull", Time since last: 642689542 ns, Reaching safepoint: 140958 ns, At safepoint: 33625 ns, Total: 174583 ns
[2022-04-19T05:50:51.640+0000][8][safepoint   ] Safepoint "ICBufferFull", Time since last: 588419709 ns, Reaching safepoint: 292125 ns, At safepoint: 9125 ns, Total: 301250 ns
[2022-04-19T05:50:52.203+0000][8][safepoint   ] Safepoint "ICBufferFull", Time since last: 562090875 ns, Reaching safepoint: 397042 ns, At safepoint: 5000 ns, Total: 402042 ns
[2022-04-19T05:50:52.803+0000][8][safepoint   ] Safepoint "ICBufferFull", Time since last: 599959542 ns, Reaching safepoint: 195167 ns, At safepoint: 4875 ns, Total: 200042 ns
[2022-04-19T05:50:53.365+0000][8][gc,start    ] GC(18) Pause Young (Normal) (G1 Evacuation Pause)
[2022-04-19T05:50:53.366+0000][8][gc,task     ] GC(18) Using 5 workers of 5 for evacuation
[2022-04-19T05:50:53.368+0000][8][gc,age      ] GC(18) Desired survivor size 20971520 bytes, new threshold 3 (max threshold 15)
[2022-04-19T05:50:53.389+0000][8][gc,age      ] GC(18) Age table with threshold 3 (max threshold 15)
[2022-04-19T05:50:53.390+0000][8][gc,age      ] GC(18) - age   1:    3027944 bytes,    3027944 total
[2022-04-19T05:50:53.391+0000][8][gc,age      ] GC(18) - age   2:    6721280 bytes,    9749224 total
[2022-04-19T05:50:53.392+0000][8][gc,age      ] GC(18) - age   3:     445984 bytes,   10195208 total
[2022-04-19T05:50:53.393+0000][8][gc,phases   ] GC(18)   Pre Evacuate Collection Set: 0.1ms
[2022-04-19T05:50:53.394+0000][8][gc,phases   ] GC(18)   Merge Heap Roots: 0.4ms
[2022-04-19T05:50:53.395+0000][8][gc,phases   ] GC(18)   Evacuate Collection Set: 17.9ms
[2022-04-19T05:50:53.395+0000][8][gc,phases   ] GC(18)   Post Evacuate Collection Set: 1.7ms
[2022-04-19T05:50:53.396+0000][8][gc,phases   ] GC(18)   Other: 7.5ms
[2022-04-19T05:50:53.397+0000][8][gc,heap     ] GC(18) Eden regions: 69->0(73)
[2022-04-19T05:50:53.398+0000][8][gc,heap     ] GC(18) Survivor regions: 7->3(10)
[2022-04-19T05:50:53.399+0000][8][gc,heap     ] GC(18) Old regions: 11->16
[2022-04-19T05:50:53.400+0000][8][gc,heap     ] GC(18) Archive regions: 2->2
[2022-04-19T05:50:53.401+0000][8][gc,heap     ] GC(18) Humongous regions: 6->6
[2022-04-19T05:50:53.402+0000][8][gc,metaspace] GC(18) Metaspace: 105152K(106624K)->105152K(106624K) NonClass: 90788K(91648K)->90788K(91648K) Class: 14364K(14976K)->14364K(14976K)
[2022-04-19T05:50:53.402+0000][8][gc          ] GC(18) Pause Young (Normal) (G1 Evacuation Pause) 375M->101M(512M) 36.903ms
[2022-04-19T05:50:53.403+0000][8][gc,cpu      ] GC(18) User=0.07s Sys=0.01s Real=0.04s
[2022-04-19T05:50:53.404+0000][8][safepoint   ] Safepoint "G1CollectForAllocation", Time since last: 562314667 ns, Reaching safepoint: 141750 ns, At safepoint: 38820875 ns, Total: 38962625 ns
[2022-04-19T05:50:54.406+0000][8][safepoint   ] Safepoint "Cleanup", Time since last: 1002026625 ns, Reaching safepoint: 175500 ns, At safepoint: 4000 ns, Total: 179500 ns
[2022-04-19T05:50:55.407+0000][8][safepoint   ] Safepoint "Cleanup", Time since last: 1000848250 ns, Reaching safepoint: 365209 ns, At safepoint: 4500 ns, Total: 369709 ns
[2022-04-19T05:50:56.409+0000][8][safepoint   ] Safepoint "Cleanup", Time since last: 1001150917 ns, Reaching safepoint: 169375 ns, At safepoint: 4125 ns, Total: 173500 ns
[2022-04-19T05:50:56.833+0000][8][safepoint   ] Safepoint "ICBufferFull", Time since last: 423549667 ns, Reaching safepoint: 281292 ns, At safepoint: 41333 ns, Total: 322625 ns
[2022-04-19T05:50:57.835+0000][8][safepoint   ] Safepoint "Cleanup", Time since last: 1001070250 ns, Reaching safepoint: 581209 ns, At safepoint: 162416 ns, Total: 743625 ns
[2022-04-19T05:50:58.836+0000][8][safepoint   ] Safepoint "Cleanup", Time since last: 1001534126 ns, Reaching safepoint: 219125 ns, At safepoint: 3541 ns, Total: 222666 ns
[2022-04-19T05:50:59.833+0000][8][safepoint   ] Safepoint "Cleanup", Time since last: 1001512917 ns, Reaching safepoint: 93083 ns, At safepoint: 2500 ns, Total: 95583 ns
[2022-04-19T05:51:00.805+0000][8][safepoint   ] Safepoint "ICBufferFull", Time since last: 971829834 ns, Reaching safepoint: 331500 ns, At safepoint: 9042 ns, Total: 340542 ns
[2022-04-19T05:51:01.806+0000][8][safepoint   ] Safepoint "Cleanup", Time since last: 1001181459 ns, Reaching safepoint: 322541 ns, At safepoint: 67625 ns, Total: 390166 ns
[2022-04-19T05:51:02.573+0000][8][safepoint   ] Safepoint "ICBufferFull", Time since last: 765760167 ns, Reaching safepoint: 496459 ns, At safepoint: 24500 ns, Total: 520959 ns
[2022-04-19T05:51:03.181+0000][8][safepoint   ] Safepoint "ICBufferFull", Time since last: 607592792 ns, Reaching safepoint: 201625 ns, At safepoint: 4375 ns, Total: 206000 ns
[2022-04-19T05:51:03.755+0000][8][gc,start    ] GC(19) Pause Young (Normal) (G1 Evacuation Pause)
[2022-04-19T05:51:03.756+0000][8][gc,task     ] GC(19) Using 5 workers of 5 for evacuation
[2022-04-19T05:51:03.757+0000][8][gc,age      ] GC(19) Desired survivor size 20971520 bytes, new threshold 15 (max threshold 15)
[2022-04-19T05:51:03.764+0000][8][gc,age      ] GC(19) Age table with threshold 15 (max threshold 15)
[2022-04-19T05:51:03.765+0000][8][gc,age      ] GC(19) - age   1:    1903816 bytes,    1903816 total
[2022-04-19T05:51:03.766+0000][8][gc,age      ] GC(19) - age   2:    1827160 bytes,    3730976 total
[2022-04-19T05:51:03.767+0000][8][gc,age      ] GC(19) - age   3:    6442248 bytes,   10173224 total
[2022-04-19T05:51:03.768+0000][8][gc,age      ] GC(19) - age   4:     445648 bytes,   10618872 total
[2022-04-19T05:51:03.769+0000][8][gc,phases   ] GC(19)   Pre Evacuate Collection Set: 0.1ms
[2022-04-19T05:51:03.770+0000][8][gc,phases   ] GC(19)   Merge Heap Roots: 0.2ms
[2022-04-19T05:51:03.771+0000][8][gc,phases   ] GC(19)   Evacuate Collection Set: 4.5ms
[2022-04-19T05:51:03.772+0000][8][gc,phases   ] GC(19)   Post Evacuate Collection Set: 1.4ms
[2022-04-19T05:51:03.772+0000][8][gc,phases   ] GC(19)   Other: 7.7ms
[2022-04-19T05:51:03.773+0000][8][gc,heap     ] GC(19) Eden regions: 73->0(73)
[2022-04-19T05:51:03.773+0000][8][gc,heap     ] GC(19) Survivor regions: 3->3(10)
[2022-04-19T05:51:03.774+0000][8][gc,heap     ] GC(19) Old regions: 16->16
[2022-04-19T05:51:03.775+0000][8][gc,heap     ] GC(19) Archive regions: 2->2
[2022-04-19T05:51:03.775+0000][8][gc,heap     ] GC(19) Humongous regions: 6->6
[2022-04-19T05:51:03.776+0000][8][gc,metaspace] GC(19) Metaspace: 106231K(107776K)->106231K(107776K) NonClass: 91806K(92736K)->91806K(92736K) Class: 14424K(15040K)->14424K(15040K)
[2022-04-19T05:51:03.777+0000][8][gc          ] GC(19) Pause Young (Normal) (G1 Evacuation Pause) 393M->101M(512M) 21.622ms
[2022-04-19T05:51:03.777+0000][8][gc,cpu      ] GC(19) User=0.02s Sys=0.00s Real=0.02s
[2022-04-19T05:51:03.778+0000][8][safepoint   ] Safepoint "G1CollectForAllocation", Time since last: 574235250 ns, Reaching safepoint: 173750 ns, At safepoint: 23033875 ns, Total: 23207625 ns
[2022-04-19T05:51:04.780+0000][8][safepoint   ] Safepoint "Cleanup", Time since last: 1001188875 ns, Reaching safepoint: 1245750 ns, At safepoint: 14459 ns, Total: 1260209 ns
[2022-04-19T05:51:05.782+0000][8][safepoint   ] Safepoint "Cleanup", Time since last: 1000826167 ns, Reaching safepoint: 269375 ns, At safepoint: 22250 ns, Total: 291625 ns
[2022-04-19T05:51:06.783+0000][8][safepoint   ] Safepoint "Cleanup", Time since last: 1001663334 ns, Reaching safepoint: 72833 ns, At safepoint: 3083 ns, Total: 75916 ns
[2022-04-19T05:51:07.786+0000][8][safepoint   ] Safepoint "Cleanup", Time since last: 1002569167 ns, Reaching safepoint: 166542 ns, At safepoint: 13208 ns, Total: 179750 ns
[2022-04-19T05:51:08.788+0000][8][safepoint   ] Safepoint "Cleanup", Time since last: 1001182459 ns, Reaching safepoint: 714584 ns, At safepoint: 14000 ns, Total: 728584 ns
[2022-04-19T05:51:09.694+0000][8][safepoint   ] Safepoint "ICBufferFull", Time since last: 905916000 ns, Reaching safepoint: 198542 ns, At safepoint: 12791 ns, Total: 211333 ns
[2022-04-19T05:51:11.098+0000][8][safepoint   ] Safepoint "Cleanup", Time since last: 1404027001 ns, Reaching safepoint: 146875 ns, At safepoint: 10292 ns, Total: 157167 ns
[2022-04-19T05:51:12.099+0000][8][safepoint   ] Safepoint "Cleanup", Time since last: 1000767667 ns, Reaching safepoint: 217583 ns, At safepoint: 4583 ns, Total: 222166 ns
[2022-04-19T05:51:13.101+0000][8][safepoint   ] Safepoint "Cleanup", Time since last: 1001431543 ns, Reaching safepoint: 120875 ns, At safepoint: 3833 ns, Total: 124708 ns
[2022-04-19T05:51:14.102+0000][8][safepoint   ] Safepoint "Cleanup", Time since last: 1000901875 ns, Reaching safepoint: 48125 ns, At safepoint: 2209 ns, Total: 50334 ns
[2022-04-19T05:51:14.670+0000][8][gc,start    ] GC(20) Pause Young (Normal) (G1 Evacuation Pause)
[2022-04-19T05:51:14.671+0000][8][gc,task     ] GC(20) Using 5 workers of 5 for evacuation
[2022-04-19T05:51:14.672+0000][8][gc,age      ] GC(20) Desired survivor size 20971520 bytes, new threshold 15 (max threshold 15)
[2022-04-19T05:51:14.680+0000][8][gc,age      ] GC(20) Age table with threshold 15 (max threshold 15)
[2022-04-19T05:51:14.681+0000][8][gc,age      ] GC(20) - age   1:    2746472 bytes,    2746472 total
[2022-04-19T05:51:14.683+0000][8][gc,age      ] GC(20) - age   2:    1162368 bytes,    3908840 total
[2022-04-19T05:51:14.684+0000][8][gc,age      ] GC(20) - age   3:    1766416 bytes,    5675256 total
[2022-04-19T05:51:14.685+0000][8][gc,age      ] GC(20) - age   4:    6441872 bytes,   12117128 total
[2022-04-19T05:51:14.686+0000][8][gc,age      ] GC(20) - age   5:     445648 bytes,   12562776 total
[2022-04-19T05:51:14.687+0000][8][gc,phases   ] GC(20)   Pre Evacuate Collection Set: 0.1ms
[2022-04-19T05:51:14.688+0000][8][gc,phases   ] GC(20)   Merge Heap Roots: 0.1ms
[2022-04-19T05:51:14.689+0000][8][gc,phases   ] GC(20)   Evacuate Collection Set: 5.5ms
[2022-04-19T05:51:14.690+0000][8][gc,phases   ] GC(20)   Post Evacuate Collection Set: 1.8ms
[2022-04-19T05:51:14.691+0000][8][gc,phases   ] GC(20)   Other: 9.2ms
[2022-04-19T05:51:14.691+0000][8][gc,heap     ] GC(20) Eden regions: 73->0(72)
[2022-04-19T05:51:14.692+0000][8][gc,heap     ] GC(20) Survivor regions: 3->4(10)
[2022-04-19T05:51:14.693+0000][8][gc,heap     ] GC(20) Old regions: 16->16
[2022-04-19T05:51:14.693+0000][8][gc,heap     ] GC(20) Archive regions: 2->2
[2022-04-19T05:51:14.694+0000][8][gc,heap     ] GC(20) Humongous regions: 6->6
[2022-04-19T05:51:14.695+0000][8][gc,metaspace] GC(20) Metaspace: 106303K(107840K)->106303K(107840K) NonClass: 91877K(92800K)->91877K(92800K) Class: 14425K(15040K)->14425K(15040K)
[2022-04-19T05:51:14.695+0000][8][gc          ] GC(20) Pause Young (Normal) (G1 Evacuation Pause) 393M->102M(512M) 24.868ms
[2022-04-19T05:51:14.696+0000][8][gc,cpu      ] GC(20) User=0.02s Sys=0.00s Real=0.02s
[2022-04-19T05:51:14.698+0000][8][safepoint   ] Safepoint "G1CollectForAllocation", Time since last: 568354042 ns, Reaching safepoint: 76125 ns, At safepoint: 27791291 ns, Total: 27867416 ns
[2022-04-19T05:51:15.699+0000][8][safepoint   ] Safepoint "Cleanup", Time since last: 1000997626 ns, Reaching safepoint: 307333 ns, At safepoint: 10209 ns, Total: 317542 ns
[2022-04-19T05:51:16.701+0000][8][safepoint   ] Safepoint "Cleanup", Time since last: 1001317792 ns, Reaching safepoint: 404333 ns, At safepoint: 18542 ns, Total: 422875 ns
[2022-04-19T05:51:17.702+0000][8][safepoint   ] Safepoint "Cleanup", Time since last: 1001005208 ns, Reaching safepoint: 145000 ns, At safepoint: 10667 ns, Total: 155667 ns
[2022-04-19T05:51:18.704+0000][8][safepoint   ] Safepoint "Cleanup", Time since last: 1001688376 ns, Reaching safepoint: 239541 ns, At safepoint: 15125 ns, Total: 254666 ns
[2022-04-19T05:51:19.706+0000][8][safepoint   ] Safepoint "Cleanup", Time since last: 1001561834 ns, Reaching safepoint: 283125 ns, At safepoint: 20500 ns, Total: 303625 ns
[2022-04-19T05:51:20.707+0000][8][safepoint   ] Safepoint "Cleanup", Time since last: 1000841876 ns, Reaching safepoint: 153625 ns, At safepoint: 4333 ns, Total: 157958 ns
[2022-04-19T05:51:21.708+0000][8][safepoint   ] Safepoint "Cleanup", Time since last: 1001001125 ns, Reaching safepoint: 162709 ns, At safepoint: 4500 ns, Total: 167209 ns
[2022-04-19T05:51:22.709+0000][8][safepoint   ] Safepoint "Cleanup", Time since last: 1001025917 ns, Reaching safepoint: 137292 ns, At safepoint: 26166 ns, Total: 163458 ns
[2022-04-19T05:51:23.717+0000][8][safepoint   ] Safepoint "Cleanup", Time since last: 1007543876 ns, Reaching safepoint: 134583 ns, At safepoint: 7292 ns, Total: 141875 ns
[2022-04-19T05:51:25.281+0000][8][safepoint   ] Safepoint "Cleanup", Time since last: 1563786875 ns, Reaching safepoint: 212209 ns, At safepoint: 9833 ns, Total: 222042 ns
[2022-04-19T05:51:26.271+0000][8][gc,start    ] GC(21) Pause Young (Normal) (G1 Evacuation Pause)
[2022-04-19T05:51:26.272+0000][8][gc,task     ] GC(21) Using 5 workers of 5 for evacuation
[2022-04-19T05:51:26.273+0000][8][gc,age      ] GC(21) Desired survivor size 20971520 bytes, new threshold 15 (max threshold 15)
[2022-04-19T05:51:26.280+0000][8][gc,age      ] GC(21) Age table with threshold 15 (max threshold 15)
[2022-04-19T05:51:26.282+0000][8][gc,age      ] GC(21) - age   1:    2550616 bytes,    2550616 total
[2022-04-19T05:51:26.282+0000][8][gc,age      ] GC(21) - age   2:    2304528 bytes,    4855144 total
[2022-04-19T05:51:26.283+0000][8][gc,age      ] GC(21) - age   3:    1112864 bytes,    5968008 total
[2022-04-19T05:51:26.284+0000][8][gc,age      ] GC(21) - age   4:    1734408 bytes,    7702416 total
[2022-04-19T05:51:26.284+0000][8][gc,age      ] GC(21) - age   5:    6441872 bytes,   14144288 total
[2022-04-19T05:51:26.285+0000][8][gc,age      ] GC(21) - age   6:     445648 bytes,   14589936 total
[2022-04-19T05:51:26.286+0000][8][gc,phases   ] GC(21)   Pre Evacuate Collection Set: 0.1ms
[2022-04-19T05:51:26.287+0000][8][gc,phases   ] GC(21)   Merge Heap Roots: 0.1ms
[2022-04-19T05:51:26.287+0000][8][gc,phases   ] GC(21)   Evacuate Collection Set: 5.8ms
[2022-04-19T05:51:26.288+0000][8][gc,phases   ] GC(21)   Post Evacuate Collection Set: 1.3ms
[2022-04-19T05:51:26.289+0000][8][gc,phases   ] GC(21)   Other: 7.5ms
[2022-04-19T05:51:26.289+0000][8][gc,heap     ] GC(21) Eden regions: 72->0(72)
[2022-04-19T05:51:26.290+0000][8][gc,heap     ] GC(21) Survivor regions: 4->4(10)
[2022-04-19T05:51:26.291+0000][8][gc,heap     ] GC(21) Old regions: 16->16
[2022-04-19T05:51:26.291+0000][8][gc,heap     ] GC(21) Archive regions: 2->2
[2022-04-19T05:51:26.292+0000][8][gc,heap     ] GC(21) Humongous regions: 6->6
[2022-04-19T05:51:26.293+0000][8][gc,metaspace] GC(21) Metaspace: 106306K(107840K)->106306K(107840K) NonClass: 91881K(92800K)->91881K(92800K) Class: 14425K(15040K)->14425K(15040K)
[2022-04-19T05:51:26.293+0000][8][gc          ] GC(21) Pause Young (Normal) (G1 Evacuation Pause) 390M->104M(512M) 22.126ms
[2022-04-19T05:51:26.294+0000][8][gc,cpu      ] GC(21) User=0.02s Sys=0.01s Real=0.02s
[2022-04-19T05:51:26.295+0000][8][safepoint   ] Safepoint "G1CollectForAllocation", Time since last: 989898834 ns, Reaching safepoint: 111375 ns, At safepoint: 23545208 ns, Total: 23656583 ns
[2022-04-19T05:51:27.295+0000][8][safepoint   ] Safepoint "Cleanup", Time since last: 1000632584 ns, Reaching safepoint: 155667 ns, At safepoint: 18208 ns, Total: 173875 ns
[2022-04-19T05:51:28.297+0000][8][safepoint   ] Safepoint "Cleanup", Time since last: 1001023792 ns, Reaching safepoint: 193625 ns, At safepoint: 10625 ns, Total: 204250 ns
[2022-04-19T05:51:29.298+0000][8][safepoint   ] Safepoint "Cleanup", Time since last: 1001110250 ns, Reaching safepoint: 234542 ns, At safepoint: 6167 ns, Total: 240709 ns
[2022-04-19T05:51:30.300+0000][8][safepoint   ] Safepoint "Cleanup", Time since last: 1001693250 ns, Reaching safepoint: 78917 ns, At safepoint: 5292 ns, Total: 84209 ns
[2022-04-19T05:51:31.302+0000][8][safepoint   ] Safepoint "Cleanup", Time since last: 1001481542 ns, Reaching safepoint: 113500 ns, At safepoint: 4416 ns, Total: 117916 ns
[2022-04-19T05:51:32.303+0000][8][safepoint   ] Safepoint "Cleanup", Time since last: 1001187959 ns, Reaching safepoint: 196667 ns, At safepoint: 4541 ns, Total: 201208 ns
[2022-04-19T05:51:33.304+0000][8][safepoint   ] Safepoint "Cleanup", Time since last: 1000773501 ns, Reaching safepoint: 170875 ns, At safepoint: 5458 ns, Total: 176333 ns
[2022-04-19T05:51:34.305+0000][8][safepoint   ] Safepoint "Cleanup", Time since last: 1001060167 ns, Reaching safepoint: 91917 ns, At safepoint: 4458 ns, Total: 96375 ns
[2022-04-19T05:51:35.306+0000][8][safepoint   ] Safepoint "Cleanup", Time since last: 1001113501 ns, Reaching safepoint: 100250 ns, At safepoint: 2417 ns, Total: 102667 ns
[2022-04-19T05:51:36.308+0000][8][safepoint   ] Safepoint "Cleanup", Time since last: 1001873625 ns, Reaching safepoint: 340667 ns, At safepoint: 10958 ns, Total: 351625 ns
[2022-04-19T05:51:37.156+0000][8][gc,start    ] GC(22) Pause Young (Normal) (G1 Evacuation Pause)
[2022-04-19T05:51:37.157+0000][8][gc,task     ] GC(22) Using 5 workers of 5 for evacuation
[2022-04-19T05:51:37.159+0000][8][gc,age      ] GC(22) Desired survivor size 20971520 bytes, new threshold 15 (max threshold 15)
[2022-04-19T05:51:37.167+0000][8][gc,age      ] GC(22) Age table with threshold 15 (max threshold 15)
[2022-04-19T05:51:37.168+0000][8][gc,age      ] GC(22) - age   1:    2784440 bytes,    2784440 total
[2022-04-19T05:51:37.169+0000][8][gc,age      ] GC(22) - age   2:    1836808 bytes,    4621248 total
[2022-04-19T05:51:37.170+0000][8][gc,age      ] GC(22) - age   3:    2225424 bytes,    6846672 total
[2022-04-19T05:51:37.171+0000][8][gc,age      ] GC(22) - age   4:    1079064 bytes,    7925736 total
[2022-04-19T05:51:37.172+0000][8][gc,age      ] GC(22) - age   5:    1679096 bytes,    9604832 total
[2022-04-19T05:51:37.173+0000][8][gc,age      ] GC(22) - age   6:    6441496 bytes,   16046328 total
[2022-04-19T05:51:37.174+0000][8][gc,age      ] GC(22) - age   7:     445648 bytes,   16491976 total
[2022-04-19T05:51:37.175+0000][8][gc,phases   ] GC(22)   Pre Evacuate Collection Set: 0.1ms
[2022-04-19T05:51:37.176+0000][8][gc,phases   ] GC(22)   Merge Heap Roots: 0.3ms
[2022-04-19T05:51:37.177+0000][8][gc,phases   ] GC(22)   Evacuate Collection Set: 5.7ms
[2022-04-19T05:51:37.177+0000][8][gc,phases   ] GC(22)   Post Evacuate Collection Set: 1.7ms
[2022-04-19T05:51:37.178+0000][8][gc,phases   ] GC(22)   Other: 11.4ms
[2022-04-19T05:51:37.179+0000][8][gc,heap     ] GC(22) Eden regions: 72->0(71)
[2022-04-19T05:51:37.180+0000][8][gc,heap     ] GC(22) Survivor regions: 4->5(10)
[2022-04-19T05:51:37.180+0000][8][gc,heap     ] GC(22) Old regions: 16->16
[2022-04-19T05:51:37.181+0000][8][gc,heap     ] GC(22) Archive regions: 2->2
[2022-04-19T05:51:37.182+0000][8][gc,heap     ] GC(22) Humongous regions: 6->6
[2022-04-19T05:51:37.182+0000][8][gc,metaspace] GC(22) Metaspace: 106310K(107840K)->106310K(107840K) NonClass: 91884K(92800K)->91884K(92800K) Class: 14426K(15040K)->14426K(15040K)
[2022-04-19T05:51:37.183+0000][8][gc          ] GC(22) Pause Young (Normal) (G1 Evacuation Pause) 392M->107M(512M) 27.325ms
[2022-04-19T05:51:37.184+0000][8][gc,cpu      ] GC(22) User=0.03s Sys=0.00s Real=0.03s
[2022-04-19T05:51:37.185+0000][8][safepoint   ] Safepoint "G1CollectForAllocation", Time since last: 847371459 ns, Reaching safepoint: 61958 ns, At safepoint: 28933542 ns, Total: 28995500 ns
[2022-04-19T05:51:38.186+0000][8][safepoint   ] Safepoint "Cleanup", Time since last: 1000561834 ns, Reaching safepoint: 303000 ns, At safepoint: 4583 ns, Total: 307583 ns
[2022-04-19T05:51:39.187+0000][8][safepoint   ] Safepoint "Cleanup", Time since last: 1000846667 ns, Reaching safepoint: 222125 ns, At safepoint: 12292 ns, Total: 234417 ns
[2022-04-19T05:51:42.189+0000][8][safepoint   ] Safepoint "Cleanup", Time since last: 3002076293 ns, Reaching safepoint: 104167 ns, At safepoint: 3083 ns, Total: 107250 ns
[2022-04-19T05:51:43.190+0000][8][safepoint   ] Safepoint "Cleanup", Time since last: 1000911542 ns, Reaching safepoint: 251708 ns, At safepoint: 6917 ns, Total: 258625 ns
[2022-04-19T05:51:44.191+0000][8][safepoint   ] Safepoint "Cleanup", Time since last: 1000987792 ns, Reaching safepoint: 129917 ns, At safepoint: 8000 ns, Total: 137917 ns
[2022-04-19T05:51:45.193+0000][8][safepoint   ] Safepoint "Cleanup", Time since last: 1001332750 ns, Reaching safepoint: 49167 ns, At safepoint: 2792 ns, Total: 51959 ns
[2022-04-19T05:51:46.194+0000][8][safepoint   ] Safepoint "Cleanup", Time since last: 1001179875 ns, Reaching safepoint: 110750 ns, At safepoint: 11583 ns, Total: 122333 ns
[2022-04-19T05:51:47.195+0000][8][safepoint   ] Safepoint "Cleanup", Time since last: 1001138293 ns, Reaching safepoint: 230708 ns, At safepoint: 17542 ns, Total: 248250 ns
[2022-04-19T05:51:48.197+0000][8][safepoint   ] Safepoint "Cleanup", Time since last: 1001221292 ns, Reaching safepoint: 63416 ns, At safepoint: 2542 ns, Total: 65958 ns
[2022-04-19T05:51:48.311+0000][8][gc,start    ] GC(23) Pause Young (Normal) (G1 Evacuation Pause)
[2022-04-19T05:51:48.312+0000][8][gc,task     ] GC(23) Using 5 workers of 5 for evacuation
[2022-04-19T05:51:48.313+0000][8][gc,age      ] GC(23) Desired survivor size 20971520 bytes, new threshold 15 (max threshold 15)
[2022-04-19T05:51:48.321+0000][8][gc,age      ] GC(23) Age table with threshold 15 (max threshold 15)
[2022-04-19T05:51:48.322+0000][8][gc,age      ] GC(23) - age   1:    2702624 bytes,    2702624 total
[2022-04-19T05:51:48.323+0000][8][gc,age      ] GC(23) - age   2:    1823872 bytes,    4526496 total
[2022-04-19T05:51:48.324+0000][8][gc,age      ] GC(23) - age   3:    1739008 bytes,    6265504 total
[2022-04-19T05:51:48.325+0000][8][gc,age      ] GC(23) - age   4:    2197952 bytes,    8463456 total
[2022-04-19T05:51:48.326+0000][8][gc,age      ] GC(23) - age   5:    1064744 bytes,    9528200 total
[2022-04-19T05:51:48.326+0000][8][gc,age      ] GC(23) - age   6:    1643648 bytes,   11171848 total
[2022-04-19T05:51:48.327+0000][8][gc,age      ] GC(23) - age   7:    6441496 bytes,   17613344 total
[2022-04-19T05:51:48.328+0000][8][gc,age      ] GC(23) - age   8:     445560 bytes,   18058904 total
[2022-04-19T05:51:48.328+0000][8][gc,phases   ] GC(23)   Pre Evacuate Collection Set: 0.1ms
[2022-04-19T05:51:48.329+0000][8][gc,phases   ] GC(23)   Merge Heap Roots: 0.1ms
[2022-04-19T05:51:48.330+0000][8][gc,phases   ] GC(23)   Evacuate Collection Set: 6.2ms
[2022-04-19T05:51:48.330+0000][8][gc,phases   ] GC(23)   Post Evacuate Collection Set: 1.3ms
[2022-04-19T05:51:48.331+0000][8][gc,phases   ] GC(23)   Other: 10.1ms
[2022-04-19T05:51:48.331+0000][8][gc,heap     ] GC(23) Eden regions: 71->0(71)
[2022-04-19T05:51:48.332+0000][8][gc,heap     ] GC(23) Survivor regions: 5->5(10)
[2022-04-19T05:51:48.333+0000][8][gc,heap     ] GC(23) Old regions: 16->16
[2022-04-19T05:51:48.333+0000][8][gc,heap     ] GC(23) Archive regions: 2->2
[2022-04-19T05:51:48.334+0000][8][gc,heap     ] GC(23) Humongous regions: 6->6
[2022-04-19T05:51:48.334+0000][8][gc,metaspace] GC(23) Metaspace: 106318K(107840K)->106318K(107840K) NonClass: 91890K(92800K)->91890K(92800K) Class: 14427K(15040K)->14427K(15040K)
[2022-04-19T05:51:48.335+0000][8][gc          ] GC(23) Pause Young (Normal) (G1 Evacuation Pause) 391M->108M(512M) 24.165ms
[2022-04-19T05:51:48.336+0000][8][gc,cpu      ] GC(23) User=0.02s Sys=0.00s Real=0.02s
[2022-04-19T05:51:48.337+0000][8][safepoint   ] Safepoint "G1CollectForAllocation", Time since last: 113941667 ns, Reaching safepoint: 43541 ns, At safepoint: 25991625 ns, Total: 26035166 ns
[2022-04-19T05:51:49.339+0000][8][safepoint   ] Safepoint "Cleanup", Time since last: 1002007084 ns, Reaching safepoint: 393459 ns, At safepoint: 4958 ns, Total: 398417 ns
[2022-04-19T05:51:50.340+0000][8][safepoint   ] Safepoint "Cleanup", Time since last: 1001132125 ns, Reaching safepoint: 228334 ns, At safepoint: 11250 ns, Total: 239584 ns
[2022-04-19T05:51:51.343+0000][8][safepoint   ] Safepoint "Cleanup", Time since last: 1002576167 ns, Reaching safepoint: 181917 ns, At safepoint: 4666 ns, Total: 186583 ns
[2022-04-19T05:51:52.344+0000][8][safepoint   ] Safepoint "Cleanup", Time since last: 1001044292 ns, Reaching safepoint: 110417 ns, At safepoint: 11167 ns, Total: 121584 ns
[2022-04-19T05:51:53.345+0000][8][safepoint   ] Safepoint "Cleanup", Time since last: 1001021042 ns, Reaching safepoint: 102250 ns, At safepoint: 4500 ns, Total: 106750 ns
[2022-04-19T05:51:55.348+0000][8][safepoint   ] Safepoint "Cleanup", Time since last: 2002100334 ns, Reaching safepoint: 110583 ns, At safepoint: 4125 ns, Total: 114708 ns
[2022-04-19T05:51:56.349+0000][8][safepoint   ] Safepoint "Cleanup", Time since last: 1001165626 ns, Reaching safepoint: 188250 ns, At safepoint: 4792 ns, Total: 193042 ns
[2022-04-19T05:51:57.350+0000][8][safepoint   ] Safepoint "Cleanup", Time since last: 1000869583 ns, Reaching safepoint: 143500 ns, At safepoint: 4334 ns, Total: 147834 ns
[2022-04-19T05:51:58.035+0000][8][gc,start    ] GC(24) Pause Young (Normal) (G1 Evacuation Pause)
[2022-04-19T05:51:58.036+0000][8][gc,task     ] GC(24) Using 5 workers of 5 for evacuation
[2022-04-19T05:51:58.037+0000][8][gc,age      ] GC(24) Desired survivor size 20971520 bytes, new threshold 15 (max threshold 15)
[2022-04-19T05:51:58.047+0000][8][gc,age      ] GC(24) Age table with threshold 15 (max threshold 15)
[2022-04-19T05:51:58.048+0000][8][gc,age      ] GC(24) - age   1:    3063856 bytes,    3063856 total
[2022-04-19T05:51:58.049+0000][8][gc,age      ] GC(24) - age   2:    1794320 bytes,    4858176 total
[2022-04-19T05:51:58.050+0000][8][gc,age      ] GC(24) - age   3:    1632984 bytes,    6491160 total
[2022-04-19T05:51:58.051+0000][8][gc,age      ] GC(24) - age   4:    1640952 bytes,    8132112 total
[2022-04-19T05:51:58.051+0000][8][gc,age      ] GC(24) - age   5:    2140024 bytes,   10272136 total
[2022-04-19T05:51:58.052+0000][8][gc,age      ] GC(24) - age   6:    1037696 bytes,   11309832 total
[2022-04-19T05:51:58.053+0000][8][gc,age      ] GC(24) - age   7:    1598960 bytes,   12908792 total
[2022-04-19T05:51:58.053+0000][8][gc,age      ] GC(24) - age   8:    6441352 bytes,   19350144 total
[2022-04-19T05:51:58.054+0000][8][gc,age      ] GC(24) - age   9:     445560 bytes,   19795704 total
[2022-04-19T05:51:58.055+0000][8][gc,phases   ] GC(24)   Pre Evacuate Collection Set: 0.1ms
[2022-04-19T05:51:58.056+0000][8][gc,phases   ] GC(24)   Merge Heap Roots: 0.1ms
[2022-04-19T05:51:58.056+0000][8][gc,phases   ] GC(24)   Evacuate Collection Set: 6.7ms
[2022-04-19T05:51:58.057+0000][8][gc,phases   ] GC(24)   Post Evacuate Collection Set: 1.6ms
[2022-04-19T05:51:58.058+0000][8][gc,phases   ] GC(24)   Other: 10.9ms
[2022-04-19T05:51:58.058+0000][8][gc,heap     ] GC(24) Eden regions: 71->0(70)
[2022-04-19T05:51:58.059+0000][8][gc,heap     ] GC(24) Survivor regions: 5->6(10)
[2022-04-19T05:51:58.060+0000][8][gc,heap     ] GC(24) Old regions: 16->16
[2022-04-19T05:51:58.060+0000][8][gc,heap     ] GC(24) Archive regions: 2->2
[2022-04-19T05:51:58.061+0000][8][gc,heap     ] GC(24) Humongous regions: 6->6
[2022-04-19T05:51:58.061+0000][8][gc,metaspace] GC(24) Metaspace: 106319K(107840K)->106319K(107840K) NonClass: 91891K(92800K)->91891K(92800K) Class: 14428K(15040K)->14428K(15040K)
[2022-04-19T05:51:58.062+0000][8][gc          ] GC(24) Pause Young (Normal) (G1 Evacuation Pause) 392M->110M(512M) 26.733ms
[2022-04-19T05:51:58.063+0000][8][gc,cpu      ] GC(24) User=0.05s Sys=0.00s Real=0.03s
[2022-04-19T05:51:58.063+0000][8][safepoint   ] Safepoint "G1CollectForAllocation", Time since last: 685211875 ns, Reaching safepoint: 116375 ns, At safepoint: 27996000 ns, Total: 28112375 ns
[2022-04-19T05:51:59.085+0000][8][safepoint   ] Safepoint "Cleanup", Time since last: 1021796583 ns, Reaching safepoint: 228167 ns, At safepoint: 22917 ns, Total: 251084 ns
[2022-04-19T05:52:00.088+0000][8][safepoint   ] Safepoint "Cleanup", Time since last: 1002421792 ns, Reaching safepoint: 117000 ns, At safepoint: 3791 ns, Total: 120791 ns
[2022-04-19T05:52:01.964+0000][8][safepoint   ] Safepoint "Cleanup", Time since last: 1875464501 ns, Reaching safepoint: 169250 ns, At safepoint: 24167 ns, Total: 193417 ns
[2022-04-19T05:52:02.965+0000][8][safepoint   ] Safepoint "Cleanup", Time since last: 1000895792 ns, Reaching safepoint: 111167 ns, At safepoint: 4041 ns, Total: 115208 ns
[2022-04-19T05:52:03.966+0000][8][safepoint   ] Safepoint "Cleanup", Time since last: 1001144793 ns, Reaching safepoint: 130416 ns, At safepoint: 3000 ns, Total: 133416 ns
[2022-04-19T05:52:04.968+0000][8][safepoint   ] Safepoint "Cleanup", Time since last: 1002159084 ns, Reaching safepoint: 102875 ns, At safepoint: 6125 ns, Total: 109000 ns
[2022-04-19T05:52:05.970+0000][8][safepoint   ] Safepoint "Cleanup", Time since last: 1001567626 ns, Reaching safepoint: 191916 ns, At safepoint: 5167 ns, Total: 197083 ns
[2022-04-19T05:52:06.681+0000][8][gc,start    ] GC(25) Pause Young (Normal) (G1 Evacuation Pause)
[2022-04-19T05:52:06.682+0000][8][gc,task     ] GC(25) Using 5 workers of 5 for evacuation
[2022-04-19T05:52:06.683+0000][8][gc,age      ] GC(25) Desired survivor size 20971520 bytes, new threshold 15 (max threshold 15)
[2022-04-19T05:52:06.695+0000][8][gc,age      ] GC(25) Age table with threshold 15 (max threshold 15)
[2022-04-19T05:52:06.696+0000][8][gc,age      ] GC(25) - age   1:    4140152 bytes,    4140152 total
[2022-04-19T05:52:06.697+0000][8][gc,age      ] GC(25) - age   2:    2111376 bytes,    6251528 total
[2022-04-19T05:52:06.698+0000][8][gc,age      ] GC(25) - age   3:    1733616 bytes,    7985144 total
[2022-04-19T05:52:06.699+0000][8][gc,age      ] GC(25) - age   4:    1564496 bytes,    9549640 total
[2022-04-19T05:52:06.699+0000][8][gc,age      ] GC(25) - age   5:    1476264 bytes,   11025904 total
[2022-04-19T05:52:06.700+0000][8][gc,age      ] GC(25) - age   6:    1995096 bytes,   13021000 total
[2022-04-19T05:52:06.701+0000][8][gc,age      ] GC(25) - age   7:    1003592 bytes,   14024592 total
[2022-04-19T05:52:06.702+0000][8][gc,age      ] GC(25) - age   8:    1543232 bytes,   15567824 total
[2022-04-19T05:52:06.703+0000][8][gc,age      ] GC(25) - age   9:    6441256 bytes,   22009080 total
[2022-04-19T05:52:06.704+0000][8][gc,age      ] GC(25) - age  10:     445560 bytes,   22454640 total
[2022-04-19T05:52:06.705+0000][8][gc,phases   ] GC(25)   Pre Evacuate Collection Set: 0.1ms
[2022-04-19T05:52:06.705+0000][8][gc,phases   ] GC(25)   Merge Heap Roots: 0.1ms
[2022-04-19T05:52:06.706+0000][8][gc,phases   ] GC(25)   Evacuate Collection Set: 9.4ms
[2022-04-19T05:52:06.707+0000][8][gc,phases   ] GC(25)   Post Evacuate Collection Set: 1.9ms
[2022-04-19T05:52:06.707+0000][8][gc,phases   ] GC(25)   Other: 12.3ms
[2022-04-19T05:52:06.708+0000][8][gc,heap     ] GC(25) Eden regions: 70->0(70)
[2022-04-19T05:52:06.709+0000][8][gc,heap     ] GC(25) Survivor regions: 6->6(10)
[2022-04-19T05:52:06.710+0000][8][gc,heap     ] GC(25) Old regions: 16->16
[2022-04-19T05:52:06.710+0000][8][gc,heap     ] GC(25) Archive regions: 2->2
[2022-04-19T05:52:06.711+0000][8][gc,heap     ] GC(25) Humongous regions: 6->6
[2022-04-19T05:52:06.712+0000][8][gc,metaspace] GC(25) Metaspace: 106328K(107840K)->106328K(107840K) NonClass: 91899K(92800K)->91899K(92800K) Class: 14429K(15040K)->14429K(15040K)
[2022-04-19T05:52:06.713+0000][8][gc          ] GC(25) Pause Young (Normal) (G1 Evacuation Pause) 390M->113M(512M) 31.665ms
[2022-04-19T05:52:06.713+0000][8][gc,cpu      ] GC(25) User=0.04s Sys=0.01s Real=0.03s
[2022-04-19T05:52:06.714+0000][8][safepoint   ] Safepoint "G1CollectForAllocation", Time since last: 710721084 ns, Reaching safepoint: 187500 ns, At safepoint: 33556041 ns, Total: 33743541 ns
[2022-04-19T05:52:07.716+0000][8][safepoint   ] Safepoint "Cleanup", Time since last: 1000969959 ns, Reaching safepoint: 109167 ns, At safepoint: 9625 ns, Total: 118792 ns
[2022-04-19T05:52:08.717+0000][8][safepoint   ] Safepoint "Cleanup", Time since last: 1001450792 ns, Reaching safepoint: 105958 ns, At safepoint: 11834 ns, Total: 117792 ns
[2022-04-19T05:52:09.719+0000][8][safepoint   ] Safepoint "Cleanup", Time since last: 1001922125 ns, Reaching safepoint: 61542 ns, At safepoint: 2333 ns, Total: 63875 ns
[2022-04-19T05:52:10.721+0000][8][safepoint   ] Safepoint "Cleanup", Time since last: 1001423167 ns, Reaching safepoint: 78958 ns, At safepoint: 3709 ns, Total: 82667 ns
[2022-04-19T05:52:11.722+0000][8][safepoint   ] Safepoint "Cleanup", Time since last: 1001186084 ns, Reaching safepoint: 75666 ns, At safepoint: 4167 ns, Total: 79833 ns
[2022-04-19T05:52:13.723+0000][8][safepoint   ] Safepoint "Cleanup", Time since last: 2001229918 ns, Reaching safepoint: 79208 ns, At safepoint: 3625 ns, Total: 82833 ns
[2022-04-19T05:52:15.211+0000][8][gc,start    ] GC(26) Pause Young (Normal) (G1 Evacuation Pause)
[2022-04-19T05:52:15.212+0000][8][gc,task     ] GC(26) Using 5 workers of 5 for evacuation
[2022-04-19T05:52:15.213+0000][8][gc,age      ] GC(26) Desired survivor size 20971520 bytes, new threshold 9 (max threshold 15)
[2022-04-19T05:52:15.221+0000][8][gc,age      ] GC(26) Age table with threshold 9 (max threshold 15)
[2022-04-19T05:52:15.222+0000][8][gc,age      ] GC(26) - age   1:    3201200 bytes,    3201200 total
[2022-04-19T05:52:15.223+0000][8][gc,age      ] GC(26) - age   2:    3252512 bytes,    6453712 total
[2022-04-19T05:52:15.224+0000][8][gc,age      ] GC(26) - age   3:    1946728 bytes,    8400440 total
[2022-04-19T05:52:15.225+0000][8][gc,age      ] GC(26) - age   4:    1665160 bytes,   10065600 total
[2022-04-19T05:52:15.225+0000][8][gc,age      ] GC(26) - age   5:    1544624 bytes,   11610224 total
[2022-04-19T05:52:15.226+0000][8][gc,age      ] GC(26) - age   6:    1411248 bytes,   13021472 total
[2022-04-19T05:52:15.227+0000][8][gc,age      ] GC(26) - age   7:    1962488 bytes,   14983960 total
[2022-04-19T05:52:15.228+0000][8][gc,age      ] GC(26) - age   8:     925864 bytes,   15909824 total
[2022-04-19T05:52:15.228+0000][8][gc,age      ] GC(26) - age   9:    1500400 bytes,   17410224 total
[2022-04-19T05:52:15.229+0000][8][gc,phases   ] GC(26)   Pre Evacuate Collection Set: 0.2ms
[2022-04-19T05:52:15.229+0000][8][gc,phases   ] GC(26)   Merge Heap Roots: 0.1ms
[2022-04-19T05:52:15.230+0000][8][gc,phases   ] GC(26)   Evacuate Collection Set: 5.7ms
[2022-04-19T05:52:15.231+0000][8][gc,phases   ] GC(26)   Post Evacuate Collection Set: 1.3ms
[2022-04-19T05:52:15.231+0000][8][gc,phases   ] GC(26)   Other: 10.3ms
[2022-04-19T05:52:15.232+0000][8][gc,heap     ] GC(26) Eden regions: 70->0(71)
[2022-04-19T05:52:15.233+0000][8][gc,heap     ] GC(26) Survivor regions: 6->5(10)
[2022-04-19T05:52:15.233+0000][8][gc,heap     ] GC(26) Old regions: 16->18
[2022-04-19T05:52:15.234+0000][8][gc,heap     ] GC(26) Archive regions: 2->2
[2022-04-19T05:52:15.234+0000][8][gc,heap     ] GC(26) Humongous regions: 6->6
[2022-04-19T05:52:15.235+0000][8][gc,metaspace] GC(26) Metaspace: 106335K(107840K)->106335K(107840K) NonClass: 91904K(92800K)->91904K(92800K) Class: 14430K(15040K)->14430K(15040K)
[2022-04-19T05:52:15.236+0000][8][gc          ] GC(26) Pause Young (Normal) (G1 Evacuation Pause) 393M->115M(512M) 24.346ms
[2022-04-19T05:52:15.236+0000][8][gc,cpu      ] GC(26) User=0.03s Sys=0.00s Real=0.02s
[2022-04-19T05:52:15.237+0000][8][safepoint   ] Safepoint "G1CollectForAllocation", Time since last: 1487973792 ns, Reaching safepoint: 130584 ns, At safepoint: 25805875 ns, Total: 25936459 ns
[2022-04-19T05:52:16.238+0000][8][safepoint   ] Safepoint "Cleanup", Time since last: 1000608958 ns, Reaching safepoint: 171167 ns, At safepoint: 4500 ns, Total: 175667 ns
[2022-04-19T05:52:18.239+0000][8][safepoint   ] Safepoint "Cleanup", Time since last: 2000965834 ns, Reaching safepoint: 145292 ns, At safepoint: 10042 ns, Total: 155334 ns
[2022-04-19T05:52:20.240+0000][8][safepoint   ] Safepoint "Cleanup", Time since last: 2001134209 ns, Reaching safepoint: 192833 ns, At safepoint: 4459 ns, Total: 197292 ns
[2022-04-19T05:52:22.242+0000][8][safepoint   ] Safepoint "Cleanup", Time since last: 2001213376 ns, Reaching safepoint: 154916 ns, At safepoint: 5209 ns, Total: 160125 ns
[2022-04-19T05:52:23.938+0000][8][gc,start    ] GC(27) Pause Young (Normal) (G1 Evacuation Pause)
[2022-04-19T05:52:23.938+0000][8][gc,task     ] GC(27) Using 5 workers of 5 for evacuation
[2022-04-19T05:52:23.939+0000][8][gc,age      ] GC(27) Desired survivor size 20971520 bytes, new threshold 15 (max threshold 15)
[2022-04-19T05:52:23.945+0000][8][gc,age      ] GC(27) Age table with threshold 15 (max threshold 15)
[2022-04-19T05:52:23.946+0000][8][gc,age      ] GC(27) - age   1:    3210168 bytes,    3210168 total
[2022-04-19T05:52:23.947+0000][8][gc,age      ] GC(27) - age   2:    2060632 bytes,    5270800 total
[2022-04-19T05:52:23.947+0000][8][gc,age      ] GC(27) - age   3:    2959664 bytes,    8230464 total
[2022-04-19T05:52:23.948+0000][8][gc,age      ] GC(27) - age   4:    1917984 bytes,   10148448 total
[2022-04-19T05:52:23.949+0000][8][gc,age      ] GC(27) - age   5:    1629280 bytes,   11777728 total
[2022-04-19T05:52:23.949+0000][8][gc,age      ] GC(27) - age   6:    1498400 bytes,   13276128 total
[2022-04-19T05:52:23.950+0000][8][gc,age      ] GC(27) - age   7:    1391408 bytes,   14667536 total
[2022-04-19T05:52:23.950+0000][8][gc,age      ] GC(27) - age   8:    1938968 bytes,   16606504 total
[2022-04-19T05:52:23.951+0000][8][gc,age      ] GC(27) - age   9:     902344 bytes,   17508848 total
[2022-04-19T05:52:23.951+0000][8][gc,age      ] GC(27) - age  10:    1447440 bytes,   18956288 total
[2022-04-19T05:52:23.952+0000][8][gc,phases   ] GC(27)   Pre Evacuate Collection Set: 0.1ms
[2022-04-19T05:52:23.953+0000][8][gc,phases   ] GC(27)   Merge Heap Roots: 0.0ms
[2022-04-19T05:52:23.954+0000][8][gc,phases   ] GC(27)   Evacuate Collection Set: 3.5ms
[2022-04-19T05:52:23.954+0000][8][gc,phases   ] GC(27)   Post Evacuate Collection Set: 1.2ms
[2022-04-19T05:52:23.955+0000][8][gc,phases   ] GC(27)   Other: 9.7ms
[2022-04-19T05:52:23.956+0000][8][gc,heap     ] GC(27) Eden regions: 71->0(71)
[2022-04-19T05:52:23.956+0000][8][gc,heap     ] GC(27) Survivor regions: 5->5(10)
[2022-04-19T05:52:23.957+0000][8][gc,heap     ] GC(27) Old regions: 18->18
[2022-04-19T05:52:23.957+0000][8][gc,heap     ] GC(27) Archive regions: 2->2
[2022-04-19T05:52:23.958+0000][8][gc,heap     ] GC(27) Humongous regions: 6->6
[2022-04-19T05:52:23.958+0000][8][gc,metaspace] GC(27) Metaspace: 106340K(107840K)->106340K(107840K) NonClass: 91908K(92800K)->91908K(92800K) Class: 14431K(15040K)->14431K(15040K)
[2022-04-19T05:52:23.959+0000][8][gc          ] GC(27) Pause Young (Normal) (G1 Evacuation Pause) 399M->116M(512M) 21.622ms
[2022-04-19T05:52:23.960+0000][8][gc,cpu      ] GC(27) User=0.02s Sys=0.01s Real=0.03s
[2022-04-19T05:52:23.961+0000][8][safepoint   ] Safepoint "G1CollectForAllocation", Time since last: 1695827334 ns, Reaching safepoint: 56166 ns, At safepoint: 23055917 ns, Total: 23112083 ns
[2022-04-19T05:52:24.962+0000][8][safepoint   ] Safepoint "Cleanup", Time since last: 1000681209 ns, Reaching safepoint: 203917 ns, At safepoint: 4500 ns, Total: 208417 ns
[2022-04-19T05:52:25.963+0000][8][safepoint   ] Safepoint "Cleanup", Time since last: 1001030875 ns, Reaching safepoint: 79000 ns, At safepoint: 5292 ns, Total: 84292 ns
[2022-04-19T05:52:26.964+0000][8][safepoint   ] Safepoint "Cleanup", Time since last: 1001302250 ns, Reaching safepoint: 62250 ns, At safepoint: 2417 ns, Total: 64667 ns
[2022-04-19T05:52:27.965+0000][8][safepoint   ] Safepoint "Cleanup", Time since last: 1001288542 ns, Reaching safepoint: 71083 ns, At safepoint: 5625 ns, Total: 76708 ns
[2022-04-19T05:52:48.149+0000][8][safepoint   ] Safepoint "Cleanup", Time since last: 20183070135 ns, Reaching safepoint: 146833 ns, At safepoint: 36083 ns, Total: 182916 ns
[2022-04-19T05:52:49.181+0000][8][safepoint   ] Safepoint "Cleanup", Time since last: 1032183709 ns, Reaching safepoint: 294000 ns, At safepoint: 4667 ns, Total: 298667 ns
[2022-04-19T05:52:50.182+0000][8][safepoint   ] Safepoint "Cleanup", Time since last: 1000895459 ns, Reaching safepoint: 110875 ns, At safepoint: 4458 ns, Total: 115333 ns
[2022-04-19T05:52:51.185+0000][8][safepoint   ] Safepoint "Cleanup", Time since last: 1002640584 ns, Reaching safepoint: 160500 ns, At safepoint: 52166 ns, Total: 212666 ns
[2022-04-19T05:52:54.188+0000][8][safepoint   ] Safepoint "Cleanup", Time since last: 3002448794 ns, Reaching safepoint: 635833 ns, At safepoint: 13708 ns, Total: 649541 ns
[2022-04-19T05:52:57.206+0000][8][safepoint   ] Safepoint "Cleanup", Time since last: 3017273627 ns, Reaching safepoint: 813083 ns, At safepoint: 18542 ns, Total: 831625 ns
[2022-04-19T05:52:59.240+0000][8][safepoint   ] Safepoint "Cleanup", Time since last: 2025213250 ns, Reaching safepoint: 992667 ns, At safepoint: 22750 ns, Total: 1015417 ns
[2022-04-19T05:53:02.271+0000][8][safepoint   ] Safepoint "Cleanup", Time since last: 3028273210 ns, Reaching safepoint: 2392625 ns, At safepoint: 26208 ns, Total: 2418833 ns
[2022-04-19T05:53:13.313+0000][8][safepoint   ] Safepoint "Cleanup", Time since last: 11042265172 ns, Reaching safepoint: 491000 ns, At safepoint: 14583 ns, Total: 505583 ns
[2022-04-19T05:53:18.339+0000][8][safepoint   ] Safepoint "Cleanup", Time since last: 5025366503 ns, Reaching safepoint: 214625 ns, At safepoint: 7708 ns, Total: 222333 ns
[2022-04-19T05:53:22.358+0000][8][safepoint   ] Safepoint "Cleanup", Time since last: 4015903794 ns, Reaching safepoint: 2896333 ns, At safepoint: 18042 ns, Total: 2914375 ns
[2022-04-19T05:53:57.470+0000][8][safepoint   ] Safepoint "Cleanup", Time since last: 35119122266 ns, Reaching safepoint: 685916 ns, At safepoint: 19542 ns, Total: 705458 ns
[2022-04-19T05:56:29.926+0000][8][safepoint   ] Safepoint "Cleanup", Time since last: 152456174652 ns, Reaching safepoint: 553666 ns, At safepoint: 16125 ns, Total: 569791 ns
[2022-04-19T05:57:32.107+0000][8][safepoint   ] Safepoint "Cleanup", Time since last: 62179972237 ns, Reaching safepoint: 197000 ns, At safepoint: 7625 ns, Total: 204625 ns
[2022-04-19T05:59:12.420+0000][8][safepoint   ] Safepoint "Cleanup", Time since last: 100315669546 ns, Reaching safepoint: 542958 ns, At safepoint: 51709 ns, Total: 594667 ns
[2022-04-19T05:59:29.484+0000][8][safepoint   ] Safepoint "Cleanup", Time since last: 17057648882 ns, Reaching safepoint: 532791 ns, At safepoint: 19292 ns, Total: 552083 ns
[2022-04-19T06:00:01.581+0000][8][safepoint   ] Safepoint "Cleanup", Time since last: 32099575473 ns, Reaching safepoint: 935375 ns, At safepoint: 19750 ns, Total: 955125 ns
[2022-04-19T06:00:29.686+0000][8][safepoint   ] Safepoint "Cleanup", Time since last: 28101848596 ns, Reaching safepoint: 335791 ns, At safepoint: 203917 ns, Total: 539708 ns
[2022-04-19T06:01:11.801+0000][8][safepoint   ] Safepoint "Cleanup", Time since last: 42115288228 ns, Reaching safepoint: 643292 ns, At safepoint: 11833 ns, Total: 655125 ns
[2022-04-19T06:05:47.707+0000][8][safepoint   ] Safepoint "Cleanup", Time since last: 275906462460 ns, Reaching safepoint: 335125 ns, At safepoint: 11125 ns, Total: 346250 ns
[2022-04-19T06:08:47.154+0000][8][gc,start    ] GC(28) Pause Young (Normal) (G1 Evacuation Pause)
[2022-04-19T06:08:47.173+0000][8][gc,task     ] GC(28) Using 5 workers of 5 for evacuation
[2022-04-19T06:08:47.175+0000][8][gc,age      ] GC(28) Desired survivor size 20971520 bytes, new threshold 15 (max threshold 15)
[2022-04-19T06:08:47.189+0000][8][gc,age      ] GC(28) Age table with threshold 15 (max threshold 15)
[2022-04-19T06:08:47.191+0000][8][gc,age      ] GC(28) - age   1:    1253232 bytes,    1253232 total
[2022-04-19T06:08:47.192+0000][8][gc,age      ] GC(28) - age   2:     800456 bytes,    2053688 total
[2022-04-19T06:08:47.194+0000][8][gc,age      ] GC(28) - age   3:     591184 bytes,    2644872 total
[2022-04-19T06:08:47.196+0000][8][gc,age      ] GC(28) - age   4:    1273784 bytes,    3918656 total
[2022-04-19T06:08:47.197+0000][8][gc,age      ] GC(28) - age   5:     884096 bytes,    4802752 total
[2022-04-19T06:08:47.199+0000][8][gc,age      ] GC(28) - age   6:     876464 bytes,    5679216 total
[2022-04-19T06:08:47.200+0000][8][gc,age      ] GC(28) - age   7:     745992 bytes,    6425208 total
[2022-04-19T06:08:47.203+0000][8][gc,age      ] GC(28) - age   8:     668272 bytes,    7093480 total
[2022-04-19T06:08:47.204+0000][8][gc,age      ] GC(28) - age   9:     752312 bytes,    7845792 total
[2022-04-19T06:08:47.205+0000][8][gc,age      ] GC(28) - age  10:     886824 bytes,    8732616 total
[2022-04-19T06:08:47.207+0000][8][gc,age      ] GC(28) - age  11:    1398184 bytes,   10130800 total
[2022-04-19T06:08:47.208+0000][8][gc,phases   ] GC(28)   Pre Evacuate Collection Set: 0.9ms
[2022-04-19T06:08:47.208+0000][8][gc,phases   ] GC(28)   Merge Heap Roots: 0.3ms
[2022-04-19T06:08:47.210+0000][8][gc,phases   ] GC(28)   Evacuate Collection Set: 9.5ms
[2022-04-19T06:08:47.211+0000][8][gc,phases   ] GC(28)   Post Evacuate Collection Set: 2.2ms
[2022-04-19T06:08:47.212+0000][8][gc,phases   ] GC(28)   Other: 41.6ms
[2022-04-19T06:08:47.213+0000][8][gc,heap     ] GC(28) Eden regions: 71->0(73)
[2022-04-19T06:08:47.214+0000][8][gc,heap     ] GC(28) Survivor regions: 5->3(10)
[2022-04-19T06:08:47.214+0000][8][gc,heap     ] GC(28) Old regions: 18->18
[2022-04-19T06:08:47.215+0000][8][gc,heap     ] GC(28) Archive regions: 2->2
[2022-04-19T06:08:47.216+0000][8][gc,heap     ] GC(28) Humongous regions: 6->6
[2022-04-19T06:08:47.217+0000][8][gc,metaspace] GC(28) Metaspace: 106538K(108032K)->106538K(108032K) NonClass: 92104K(92992K)->92104K(92992K) Class: 14433K(15040K)->14433K(15040K)
[2022-04-19T06:08:47.218+0000][8][gc          ] GC(28) Pause Young (Normal) (G1 Evacuation Pause) 400M->107M(512M) 64.315ms
[2022-04-19T06:08:47.219+0000][8][gc,cpu      ] GC(28) User=0.05s Sys=0.01s Real=0.07s
[2022-04-19T06:08:47.220+0000][8][safepoint   ] Safepoint "G1CollectForAllocation", Time since last: 179445516290 ns, Reaching safepoint: 381500 ns, At safepoint: 66740083 ns, Total: 67121583 ns
[2022-04-19T06:10:01.421+0000][8][safepoint   ] Safepoint "Cleanup", Time since last: 74199231242 ns, Reaching safepoint: 688250 ns, At safepoint: 94666 ns, Total: 782916 ns
[2022-04-19T06:10:35.544+0000][8][safepoint   ] Safepoint "Cleanup", Time since last: 34122425974 ns, Reaching safepoint: 384167 ns, At safepoint: 12208 ns, Total: 396375 ns
[2022-04-19T06:18:37.879+0000][8][safepoint   ] Safepoint "Cleanup", Time since last: 482329780387 ns, Reaching safepoint: 760958 ns, At safepoint: 12542 ns, Total: 773500 ns
[2022-04-19T06:20:31.224+0000][8][safepoint   ] Safepoint "Cleanup", Time since last: 113347019676 ns, Reaching safepoint: 2634583 ns, At safepoint: 19417 ns, Total: 2654000 ns
[2022-04-19T06:21:00.319+0000][8][safepoint   ] Safepoint "Cleanup", Time since last: 29097810139 ns, Reaching safepoint: 370041 ns, At safepoint: 20459 ns, Total: 390500 ns
[2022-04-19T06:22:26.586+0000][8][safepoint   ] Safepoint "Cleanup", Time since last: 86261614373 ns, Reaching safepoint: 520000 ns, At safepoint: 12708 ns, Total: 532708 ns
[2022-04-19T06:28:31.640+0000][8][safepoint   ] Safepoint "Cleanup", Time since last: 365054892584 ns, Reaching safepoint: 321792 ns, At safepoint: 8625 ns, Total: 330417 ns
[2022-04-19T06:29:12.756+0000][8][safepoint   ] Safepoint "Cleanup", Time since last: 41111751060 ns, Reaching safepoint: 3935917 ns, At safepoint: 23792 ns, Total: 3959709 ns
[2022-04-19T06:29:30.833+0000][8][safepoint   ] Safepoint "Cleanup", Time since last: 18076451049 ns, Reaching safepoint: 763584 ns, At safepoint: 17125 ns, Total: 780709 ns
[2022-04-19T06:30:00.943+0000][8][safepoint   ] Safepoint "Cleanup", Time since last: 30105059096 ns, Reaching safepoint: 444375 ns, At safepoint: 17459 ns, Total: 461834 ns
[2022-04-19T06:36:25.060+0000][8][safepoint   ] Safepoint "Cleanup", Time since last: 384120204216 ns, Reaching safepoint: 372709 ns, At safepoint: 200291 ns, Total: 573000 ns
[2022-04-19T06:36:34.104+0000][8][safepoint   ] Safepoint "Cleanup", Time since last: 9043755670 ns, Reaching safepoint: 549209 ns, At safepoint: 18625 ns, Total: 567834 ns
[2022-04-19T06:37:26.271+0000][8][safepoint   ] Safepoint "Cleanup", Time since last: 52165847982 ns, Reaching safepoint: 487792 ns, At safepoint: 28250 ns, Total: 516042 ns
[2022-04-19T06:40:00.722+0000][8][safepoint   ] Safepoint "Cleanup", Time since last: 154451710528 ns, Reaching safepoint: 139667 ns, At safepoint: 97500 ns, Total: 237167 ns
[2022-04-19T06:40:01.733+0000][8][safepoint   ] Safepoint "Cleanup", Time since last: 1010580250 ns, Reaching safepoint: 500625 ns, At safepoint: 13709 ns, Total: 514334 ns
[2022-04-19T06:46:13.833+0000][8][safepoint   ] Safepoint "Cleanup", Time since last: 372088817501 ns, Reaching safepoint: 7705292 ns, At safepoint: 14208 ns, Total: 7719500 ns
[2022-04-19T06:47:01.993+0000][8][safepoint   ] Safepoint "Cleanup", Time since last: 48161944230 ns, Reaching safepoint: 494334 ns, At safepoint: 13083 ns, Total: 507417 ns
[2022-04-19T06:48:53.354+0000][8][safepoint   ] Safepoint "Cleanup", Time since last: 111361569718 ns, Reaching safepoint: 186458 ns, At safepoint: 10584 ns, Total: 197042 ns
[2022-04-19T06:49:38.494+0000][8][safepoint   ] Safepoint "Cleanup", Time since last: 45138867020 ns, Reaching safepoint: 548750 ns, At safepoint: 11875 ns, Total: 560625 ns
[2022-04-19T06:50:01.580+0000][8][safepoint   ] Safepoint "Cleanup", Time since last: 23085490552 ns, Reaching safepoint: 257250 ns, At safepoint: 10750 ns, Total: 268000 ns
[2022-04-19T06:52:25.998+0000][8][safepoint   ] Safepoint "Cleanup", Time since last: 144417078482 ns, Reaching safepoint: 435000 ns, At safepoint: 14417 ns, Total: 449417 ns
[2022-04-19T06:58:33.023+0000][8][safepoint   ] Safepoint "Cleanup", Time since last: 367025063374 ns, Reaching safepoint: 354333 ns, At safepoint: 9500 ns, Total: 363833 ns
[2022-04-19T06:59:03.093+0000][8][safepoint   ] Safepoint "Cleanup", Time since last: 30068872597 ns, Reaching safepoint: 414875 ns, At safepoint: 12417 ns, Total: 427292 ns
[2022-04-19T06:59:33.188+0000][8][safepoint   ] Safepoint "Cleanup", Time since last: 30097236931 ns, Reaching safepoint: 400666 ns, At safepoint: 18792 ns, Total: 419458 ns
[2022-04-19T07:01:32.510+0000][8][safepoint   ] Safepoint "Cleanup", Time since last: 119318207346 ns, Reaching safepoint: 1093417 ns, At safepoint: 12458 ns, Total: 1105875 ns
[2022-04-19T07:01:36.542+0000][8][safepoint   ] Safepoint "Cleanup", Time since last: 4031845377 ns, Reaching safepoint: 154792 ns, At safepoint: 4500 ns, Total: 159292 ns
[2022-04-19T07:03:56.923+0000][8][safepoint   ] Safepoint "Cleanup", Time since last: 140380116897 ns, Reaching safepoint: 1308875 ns, At safepoint: 27209 ns, Total: 1336084 ns
[2022-04-19T07:10:01.261+0000][8][safepoint   ] Safepoint "Cleanup", Time since last: 364338871289 ns, Reaching safepoint: 471000 ns, At safepoint: 14542 ns, Total: 485542 ns
[2022-04-19T07:15:05.369+0000][8][safepoint   ] Safepoint "Cleanup", Time since last: 302049666013 ns, Reaching safepoint: 853500 ns, At safepoint: 23958 ns, Total: 877458 ns
[2022-04-19T07:15:08.380+0000][8][safepoint   ] Safepoint "Cleanup", Time since last: 3011137960 ns, Reaching safepoint: 294750 ns, At safepoint: 10333 ns, Total: 305083 ns
[2022-04-19T07:15:35.444+0000][8][safepoint   ] Safepoint "Cleanup", Time since last: 27061727887 ns, Reaching safepoint: 856792 ns, At safepoint: 24417 ns, Total: 881209 ns
[2022-04-19T07:17:00.708+0000][8][safepoint   ] Safepoint "Cleanup", Time since last: 85265584998 ns, Reaching safepoint: 607625 ns, At safepoint: 23542 ns, Total: 631167 ns
[2022-04-19T07:20:03.166+0000][8][safepoint   ] Safepoint "Cleanup", Time since last: 182460344873 ns, Reaching safepoint: 150500 ns, At safepoint: 14375 ns, Total: 164875 ns
[2022-04-19T07:22:28.643+0000][8][safepoint   ] Safepoint "Cleanup", Time since last: 145480643191 ns, Reaching safepoint: 1023584 ns, At safepoint: 23083 ns, Total: 1046667 ns
[2022-04-19T07:27:06.529+0000][8][safepoint   ] Safepoint "Cleanup", Time since last: 277890902167 ns, Reaching safepoint: 557625 ns, At safepoint: 21333 ns, Total: 578958 ns
[2022-04-19T07:37:28.407+0000][8][safepoint   ] Safepoint "Cleanup", Time since last: 621887431740 ns, Reaching safepoint: 1342459 ns, At safepoint: 43125 ns, Total: 1385584 ns
[2022-04-19T07:39:36.838+0000][8][safepoint   ] Safepoint "Cleanup", Time since last: 128421374516 ns, Reaching safepoint: 16150708 ns, At safepoint: 37208 ns, Total: 16187916 ns
[2022-04-19T07:43:36.567+0000][8][safepoint   ] Safepoint "Cleanup", Time since last: 239727134943 ns, Reaching safepoint: 578083 ns, At safepoint: 12250 ns, Total: 590333 ns
[2022-04-19T07:44:06.666+0000][8][safepoint   ] Safepoint "Cleanup", Time since last: 30103194597 ns, Reaching safepoint: 714084 ns, At safepoint: 44625 ns, Total: 758709 ns
[2022-04-19T07:45:06.860+0000][8][safepoint   ] Safepoint "Cleanup", Time since last: 60191237319 ns, Reaching safepoint: 230958 ns, At safepoint: 61208 ns, Total: 292166 ns
[2022-04-19T07:47:01.209+0000][8][safepoint   ] Safepoint "Cleanup", Time since last: 114348406345 ns, Reaching safepoint: 1390709 ns, At safepoint: 38958 ns, Total: 1429667 ns
[2022-04-19T07:47:08.234+0000][8][safepoint   ] Safepoint "Cleanup", Time since last: 7022836419 ns, Reaching safepoint: 656875 ns, At safepoint: 15833 ns, Total: 672708 ns
[2022-04-19T07:47:37.328+0000][8][safepoint   ] Safepoint "Cleanup", Time since last: 29096446806 ns, Reaching safepoint: 740833 ns, At safepoint: 17125 ns, Total: 757958 ns
[2022-04-19T07:48:07.450+0000][8][safepoint   ] Safepoint "Cleanup", Time since last: 30123768930 ns, Reaching safepoint: 341042 ns, At safepoint: 12417 ns, Total: 353459 ns
[2022-04-19T07:50:00.851+0000][8][safepoint   ] Safepoint "Cleanup", Time since last: 113330999552 ns, Reaching safepoint: 308291 ns, At safepoint: 13334 ns, Total: 321625 ns
[2022-04-19T07:52:28.398+0000][8][safepoint   ] Safepoint "Cleanup", Time since last: 147542560441 ns, Reaching safepoint: 932542 ns, At safepoint: 47625 ns, Total: 980167 ns
[2022-04-19T07:53:07.637+0000][8][safepoint   ] Safepoint "Cleanup", Time since last: 39233068309 ns, Reaching safepoint: 1145291 ns, At safepoint: 70834 ns, Total: 1216125 ns
[2022-04-19T07:57:38.249+0000][8][safepoint   ] Safepoint "Cleanup", Time since last: 27183103345 ns, Reaching safepoint: 539792 ns, At safepoint: 20542 ns, Total: 560334 ns
[2022-04-19T07:57:41.279+0000][8][safepoint   ] Safepoint "Cleanup", Time since last: 3028667501 ns, Reaching safepoint: 1274958 ns, At safepoint: 25125 ns, Total: 1300083 ns
[2022-04-19T07:57:42.297+0000][8][safepoint   ] Safepoint "Cleanup", Time since last: 1017215084 ns, Reaching safepoint: 845334 ns, At safepoint: 24833 ns, Total: 870167 ns
[2022-04-19T07:59:41.726+0000][8][safepoint   ] Safepoint "Cleanup", Time since last: 119423315970 ns, Reaching safepoint: 1016875 ns, At safepoint: 25167 ns, Total: 1042042 ns
[2022-04-19T08:07:11.065+0000][8][safepoint   ] Safepoint "Cleanup", Time since last: 449336764538 ns, Reaching safepoint: 282458 ns, At safepoint: 6042 ns, Total: 288500 ns
[2022-04-19T08:07:41.168+0000][8][safepoint   ] Safepoint "Cleanup", Time since last: 30099918805 ns, Reaching safepoint: 722084 ns, At safepoint: 39083 ns, Total: 761167 ns
[2022-04-19T08:08:41.359+0000][8][safepoint   ] Safepoint "Cleanup", Time since last: 60190283652 ns, Reaching safepoint: 936125 ns, At safepoint: 20917 ns, Total: 957042 ns
[2022-04-19T08:09:41.504+0000][8][safepoint   ] Safepoint "Cleanup", Time since last: 60143025111 ns, Reaching safepoint: 667958 ns, At safepoint: 42792 ns, Total: 710750 ns
[2022-04-19T08:09:42.517+0000][8][safepoint   ] Safepoint "Cleanup", Time since last: 1012930126 ns, Reaching safepoint: 366875 ns, At safepoint: 14625 ns, Total: 381500 ns
[2022-04-19T08:11:41.869+0000][8][safepoint   ] Safepoint "Cleanup", Time since last: 119347883263 ns, Reaching safepoint: 805792 ns, At safepoint: 22041 ns, Total: 827833 ns
[2022-04-19T08:12:11.962+0000][8][safepoint   ] Safepoint "Cleanup", Time since last: 30093999347 ns, Reaching safepoint: 816209 ns, At safepoint: 23583 ns, Total: 839792 ns
[2022-04-19T08:38:51.526+0000][8][safepoint   ] Safepoint "Cleanup", Time since last: 1069220635486 ns, Reaching safepoint: 1193500 ns, At safepoint: 16708 ns, Total: 1210208 ns
[2022-04-19T08:40:00.759+0000][8][safepoint   ] Safepoint "Cleanup", Time since last: 69215465824 ns, Reaching safepoint: 16979333 ns, At safepoint: 17000 ns, Total: 16996333 ns
[2022-04-19T08:42:03.130+0000][8][safepoint   ] Safepoint "Cleanup", Time since last: 122369654973 ns, Reaching safepoint: 312458 ns, At safepoint: 183042 ns, Total: 495500 ns
[2022-04-19T08:43:03.316+0000][8][safepoint   ] Safepoint "Cleanup", Time since last: 60184645819 ns, Reaching safepoint: 590709 ns, At safepoint: 17791 ns, Total: 608500 ns
[2022-04-19T08:43:33.431+0000][8][safepoint   ] Safepoint "Cleanup", Time since last: 30109116556 ns, Reaching safepoint: 214000 ns, At safepoint: 15333 ns, Total: 229333 ns
[2022-04-19T08:44:33.591+0000][8][safepoint   ] Safepoint "Cleanup", Time since last: 60162727194 ns, Reaching safepoint: 902250 ns, At safepoint: 27875 ns, Total: 930125 ns
[2022-04-19T08:50:01.563+0000][8][safepoint   ] Safepoint "Cleanup", Time since last: 327960021981 ns, Reaching safepoint: 8926959 ns, At safepoint: 19375 ns, Total: 8946334 ns
[2022-04-19T09:03:14.082+0000][8][gc,start    ] GC(29) Pause Young (Normal) (G1 Evacuation Pause)
[2022-04-19T09:03:14.095+0000][8][gc,task     ] GC(29) Using 5 workers of 5 for evacuation
[2022-04-19T09:03:14.098+0000][8][gc,age      ] GC(29) Desired survivor size 20971520 bytes, new threshold 15 (max threshold 15)
[2022-04-19T09:03:14.143+0000][8][gc,age      ] GC(29) Age table with threshold 15 (max threshold 15)
[2022-04-19T09:03:14.144+0000][8][gc,age      ] GC(29) - age   1:      42152 bytes,      42152 total
[2022-04-19T09:03:14.146+0000][8][gc,age      ] GC(29) - age   2:     957808 bytes,     999960 total
[2022-04-19T09:03:14.148+0000][8][gc,age      ] GC(29) - age   3:     539264 bytes,    1539224 total
[2022-04-19T09:03:14.149+0000][8][gc,age      ] GC(29) - age   4:     588680 bytes,    2127904 total
[2022-04-19T09:03:14.151+0000][8][gc,age      ] GC(29) - age   5:    1269128 bytes,    3397032 total
[2022-04-19T09:03:14.152+0000][8][gc,age      ] GC(29) - age   6:     878592 bytes,    4275624 total
[2022-04-19T09:03:14.153+0000][8][gc,age      ] GC(29) - age   7:     867672 bytes,    5143296 total
[2022-04-19T09:03:14.154+0000][8][gc,age      ] GC(29) - age   8:     745696 bytes,    5888992 total
[2022-04-19T09:03:14.156+0000][8][gc,age      ] GC(29) - age   9:     668272 bytes,    6557264 total
[2022-04-19T09:03:14.157+0000][8][gc,age      ] GC(29) - age  10:     752016 bytes,    7309280 total
[2022-04-19T09:03:14.159+0000][8][gc,age      ] GC(29) - age  11:     881160 bytes,    8190440 total
[2022-04-19T09:03:14.160+0000][8][gc,age      ] GC(29) - age  12:    1295888 bytes,    9486328 total
[2022-04-19T09:03:14.161+0000][8][gc,phases   ] GC(29)   Pre Evacuate Collection Set: 4.3ms
[2022-04-19T09:03:14.162+0000][8][gc,phases   ] GC(29)   Merge Heap Roots: 5.3ms
[2022-04-19T09:03:14.162+0000][8][gc,phases   ] GC(29)   Evacuate Collection Set: 29.8ms
[2022-04-19T09:03:14.163+0000][8][gc,phases   ] GC(29)   Post Evacuate Collection Set: 4.4ms
[2022-04-19T09:03:14.164+0000][8][gc,phases   ] GC(29)   Other: 35.7ms
[2022-04-19T09:03:14.166+0000][8][gc,heap     ] GC(29) Eden regions: 73->0(73)
[2022-04-19T09:03:14.167+0000][8][gc,heap     ] GC(29) Survivor regions: 3->3(10)
[2022-04-19T09:03:14.168+0000][8][gc,heap     ] GC(29) Old regions: 18->18
[2022-04-19T09:03:14.169+0000][8][gc,heap     ] GC(29) Archive regions: 2->2
[2022-04-19T09:03:14.169+0000][8][gc,heap     ] GC(29) Humongous regions: 6->6
[2022-04-19T09:03:14.170+0000][8][gc,metaspace] GC(29) Metaspace: 106731K(108224K)->106731K(108224K) NonClass: 92298K(93184K)->92298K(93184K) Class: 14433K(15040K)->14433K(15040K)
[2022-04-19T09:03:14.171+0000][8][gc          ] GC(29) Pause Young (Normal) (G1 Evacuation Pause) 399M->106M(512M) 89.668ms
[2022-04-19T09:03:14.172+0000][8][gc,cpu      ] GC(29) User=0.18s Sys=0.00s Real=0.09s
[2022-04-19T09:03:14.173+0000][8][safepoint   ] Safepoint "G1CollectForAllocation", Time since last: 792556702985 ns, Reaching safepoint: 669916 ns, At safepoint: 92043917 ns, Total: 92713833 ns
[2022-04-19T09:18:43.843+0000][8][safepoint   ] Safepoint "Cleanup", Time since last: 929672096174 ns, Reaching safepoint: 255916 ns, At safepoint: 3792 ns, Total: 259708 ns
[2022-04-19T09:18:43.957+0000][8][gc,heap,exit] Heap
[2022-04-19T09:18:43.958+0000][8][gc,heap,exit]  garbage-first heap   total 524288K, used 156741K [0x00000000e0000000, 0x0000000100000000)
[2022-04-19T09:18:43.959+0000][8][gc,heap,exit]   region size 4096K, 15 young (61440K), 3 survivors (12288K)
[2022-04-19T09:18:43.961+0000][8][gc,heap,exit]  Metaspace       used 106866K, committed 108352K, reserved 1146880K
[2022-04-19T09:18:43.962+0000][8][gc,heap,exit]   class space    used 14465K, committed 15040K, reserved 1048576K
