[2022-04-20T07:04:02.954+0000][8][gc] Using G1
[2022-04-20T07:04:02.996+0000][8][gc,init] Version: 17.0.2+8 (release)
[2022-04-20T07:04:02.998+0000][8][gc,init] CPUs: 5 total, 5 available
[2022-04-20T07:04:02.999+0000][8][gc,init] Memory: 7851M
[2022-04-20T07:04:03.000+0000][8][gc,init] Large Page Support: Disabled
[2022-04-20T07:04:03.001+0000][8][gc,init] NUMA Support: Disabled
[2022-04-20T07:04:03.002+0000][8][gc,init] Compressed Oops: Enabled (32-bit)
[2022-04-20T07:04:03.003+0000][8][gc,init] Heap Region Size: 4M
[2022-04-20T07:04:03.004+0000][8][gc,init] Heap Min Capacity: 512M
[2022-04-20T07:04:03.005+0000][8][gc,init] Heap Initial Capacity: 512M
[2022-04-20T07:04:03.006+0000][8][gc,init] Heap Max Capacity: 512M
[2022-04-20T07:04:03.007+0000][8][gc,init] Pre-touch: Enabled
[2022-04-20T07:04:03.008+0000][8][gc,init] Parallel Workers: 5
[2022-04-20T07:04:03.009+0000][8][gc,init] Concurrent Workers: 1
[2022-04-20T07:04:03.009+0000][8][gc,init] Concurrent Refinement Workers: 5
[2022-04-20T07:04:03.010+0000][8][gc,init] Periodic GC: Disabled
[2022-04-20T07:04:03.011+0000][8][gc,metaspace] CDS archive(s) mapped at: [0x0000000800000000-0x0000000800bd2000-0x0000000800bd2000), size 12394496, SharedBaseAddress: 0x0000000800000000, ArchiveRelocationMode: 0.
[2022-04-20T07:04:03.012+0000][8][gc,metaspace] Compressed class space mapped at: 0x0000000800c00000-0x0000000840c00000, reserved size: 1073741824
[2022-04-20T07:04:03.013+0000][8][gc,metaspace] Narrow klass base: 0x0000000800000000, Narrow klass shift: 0, Narrow klass range: 0x100000000
[2022-04-20T07:04:03.134+0000][8][safepoint   ] Safepoint "ICBufferFull", Time since last: 116706792 ns, Reaching safepoint: 128875 ns, At safepoint: 9333 ns, Total: 138208 ns
[2022-04-20T07:04:03.182+0000][8][safepoint   ] Safepoint "ICBufferFull", Time since last: 48291542 ns, Reaching safepoint: 99250 ns, At safepoint: 2542 ns, Total: 101792 ns
[2022-04-20T07:04:03.279+0000][8][safepoint   ] Safepoint "ICBufferFull", Time since last: 96664208 ns, Reaching safepoint: 128500 ns, At safepoint: 2667 ns, Total: 131167 ns
[2022-04-20T07:04:03.317+0000][8][gc,start    ] GC(0) Pause Young (Normal) (G1 Evacuation Pause)
[2022-04-20T07:04:03.319+0000][8][gc,task     ] GC(0) Using 5 workers of 5 for evacuation
[2022-04-20T07:04:03.320+0000][8][gc,age      ] GC(0) Desired survivor size 2097152 bytes, new threshold 15 (max threshold 15)
[2022-04-20T07:04:03.324+0000][8][gc,age      ] GC(0) Age table with threshold 15 (max threshold 15)
[2022-04-20T07:04:03.325+0000][8][gc,age      ] GC(0) - age   1:    4187072 bytes,    4187072 total
[2022-04-20T07:04:03.326+0000][8][gc,phases   ] GC(0)   Pre Evacuate Collection Set: 0.1ms
[2022-04-20T07:04:03.327+0000][8][gc,phases   ] GC(0)   Merge Heap Roots: 0.0ms
[2022-04-20T07:04:03.328+0000][8][gc,phases   ] GC(0)   Evacuate Collection Set: 1.8ms
[2022-04-20T07:04:03.329+0000][8][gc,phases   ] GC(0)   Post Evacuate Collection Set: 1.0ms
[2022-04-20T07:04:03.330+0000][8][gc,phases   ] GC(0)   Other: 6.3ms
[2022-04-20T07:04:03.330+0000][8][gc,heap     ] GC(0) Eden regions: 6->0(5)
[2022-04-20T07:04:03.331+0000][8][gc,heap     ] GC(0) Survivor regions: 0->1(1)
[2022-04-20T07:04:03.332+0000][8][gc,heap     ] GC(0) Old regions: 0->1
[2022-04-20T07:04:03.333+0000][8][gc,heap     ] GC(0) Archive regions: 2->2
[2022-04-20T07:04:03.334+0000][8][gc,heap     ] GC(0) Humongous regions: 0->0
[2022-04-20T07:04:03.335+0000][8][gc,metaspace] GC(0) Metaspace: 8807K(9024K)->8807K(9024K) NonClass: 7756K(7872K)->7756K(7872K) Class: 1050K(1152K)->1050K(1152K)
[2022-04-20T07:04:03.335+0000][8][gc          ] GC(0) Pause Young (Normal) (G1 Evacuation Pause) 27M->8M(512M) 18.154ms
[2022-04-20T07:04:03.336+0000][8][gc,cpu      ] GC(0) User=0.00s Sys=0.00s Real=0.02s
[2022-04-20T07:04:03.336+0000][8][safepoint   ] Safepoint "G1CollectForAllocation", Time since last: 37768750 ns, Reaching safepoint: 97792 ns, At safepoint: 19526166 ns, Total: 19623958 ns
[2022-04-20T07:04:03.460+0000][8][safepoint   ] Safepoint "ICBufferFull", Time since last: 123530167 ns, Reaching safepoint: 215167 ns, At safepoint: 9791 ns, Total: 224958 ns
[2022-04-20T07:04:03.512+0000][8][gc,start    ] GC(1) Pause Young (Normal) (G1 Evacuation Pause)
[2022-04-20T07:04:03.513+0000][8][gc,task     ] GC(1) Using 5 workers of 5 for evacuation
[2022-04-20T07:04:03.514+0000][8][gc,age      ] GC(1) Desired survivor size 2097152 bytes, new threshold 1 (max threshold 15)
[2022-04-20T07:04:03.519+0000][8][gc,age      ] GC(1) Age table with threshold 1 (max threshold 15)
[2022-04-20T07:04:03.520+0000][8][gc,age      ] GC(1) - age   1:    1909696 bytes,    1909696 total
[2022-04-20T07:04:03.521+0000][8][gc,phases   ] GC(1)   Pre Evacuate Collection Set: 0.1ms
[2022-04-20T07:04:03.522+0000][8][gc,phases   ] GC(1)   Merge Heap Roots: 0.3ms
[2022-04-20T07:04:03.523+0000][8][gc,phases   ] GC(1)   Evacuate Collection Set: 2.4ms
[2022-04-20T07:04:03.524+0000][8][gc,phases   ] GC(1)   Post Evacuate Collection Set: 1.4ms
[2022-04-20T07:04:03.525+0000][8][gc,phases   ] GC(1)   Other: 5.1ms
[2022-04-20T07:04:03.526+0000][8][gc,heap     ] GC(1) Eden regions: 5->0(7)
[2022-04-20T07:04:03.527+0000][8][gc,heap     ] GC(1) Survivor regions: 1->1(1)
[2022-04-20T07:04:03.527+0000][8][gc,heap     ] GC(1) Old regions: 1->2
[2022-04-20T07:04:03.528+0000][8][gc,heap     ] GC(1) Archive regions: 2->2
[2022-04-20T07:04:03.529+0000][8][gc,heap     ] GC(1) Humongous regions: 0->0
[2022-04-20T07:04:03.530+0000][8][gc,metaspace] GC(1) Metaspace: 12187K(12480K)->12187K(12480K) NonClass: 10699K(10880K)->10699K(10880K) Class: 1488K(1600K)->1488K(1600K)
[2022-04-20T07:04:03.531+0000][8][gc          ] GC(1) Pause Young (Normal) (G1 Evacuation Pause) 28M->10M(512M) 19.561ms
[2022-04-20T07:04:03.532+0000][8][gc,cpu      ] GC(1) User=0.00s Sys=0.01s Real=0.02s
[2022-04-20T07:04:03.533+0000][8][safepoint   ] Safepoint "G1CollectForAllocation", Time since last: 51141084 ns, Reaching safepoint: 256583 ns, At safepoint: 21225667 ns, Total: 21482250 ns
[2022-04-20T07:04:03.752+0000][8][safepoint   ] Safepoint "ICBufferFull", Time since last: 219326750 ns, Reaching safepoint: 228625 ns, At safepoint: 3750 ns, Total: 232375 ns
[2022-04-20T07:04:03.803+0000][8][gc,start    ] GC(2) Pause Young (Normal) (G1 Evacuation Pause)
[2022-04-20T07:04:03.804+0000][8][gc,task     ] GC(2) Using 5 workers of 5 for evacuation
[2022-04-20T07:04:03.806+0000][8][gc,age      ] GC(2) Desired survivor size 2097152 bytes, new threshold 15 (max threshold 15)
[2022-04-20T07:04:03.810+0000][8][gc,age      ] GC(2) Age table with threshold 15 (max threshold 15)
[2022-04-20T07:04:03.811+0000][8][gc,age      ] GC(2) - age   1:     907160 bytes,     907160 total
[2022-04-20T07:04:03.812+0000][8][gc,age      ] GC(2) - age   2:    1893144 bytes,    2800304 total
[2022-04-20T07:04:03.813+0000][8][gc,phases   ] GC(2)   Pre Evacuate Collection Set: 0.5ms
[2022-04-20T07:04:03.815+0000][8][gc,phases   ] GC(2)   Merge Heap Roots: 0.0ms
[2022-04-20T07:04:03.815+0000][8][gc,phases   ] GC(2)   Evacuate Collection Set: 1.1ms
[2022-04-20T07:04:03.816+0000][8][gc,phases   ] GC(2)   Post Evacuate Collection Set: 0.7ms
[2022-04-20T07:04:03.817+0000][8][gc,phases   ] GC(2)   Other: 8.5ms
[2022-04-20T07:04:03.817+0000][8][gc,heap     ] GC(2) Eden regions: 7->0(27)
[2022-04-20T07:04:03.819+0000][8][gc,heap     ] GC(2) Survivor regions: 1->1(1)
[2022-04-20T07:04:03.819+0000][8][gc,heap     ] GC(2) Old regions: 2->2
[2022-04-20T07:04:03.820+0000][8][gc,heap     ] GC(2) Archive regions: 2->2
[2022-04-20T07:04:03.821+0000][8][gc,heap     ] GC(2) Humongous regions: 0->0
[2022-04-20T07:04:03.822+0000][8][gc,metaspace] GC(2) Metaspace: 14675K(14912K)->14675K(14912K) NonClass: 12936K(13056K)->12936K(13056K) Class: 1739K(1856K)->1739K(1856K)
[2022-04-20T07:04:03.823+0000][8][gc          ] GC(2) Pause Young (Normal) (G1 Evacuation Pause) 38M->10M(512M) 20.569ms
[2022-04-20T07:04:03.824+0000][8][gc,cpu      ] GC(2) User=0.02s Sys=0.01s Real=0.02s
[2022-04-20T07:04:03.825+0000][8][safepoint   ] Safepoint "G1CollectForAllocation", Time since last: 50260708 ns, Reaching safepoint: 92667 ns, At safepoint: 22253208 ns, Total: 22345875 ns
[2022-04-20T07:04:04.001+0000][8][safepoint   ] Safepoint "ICBufferFull", Time since last: 176257709 ns, Reaching safepoint: 149000 ns, At safepoint: 10708 ns, Total: 159708 ns
[2022-04-20T07:04:04.033+0000][8][safepoint   ] Safepoint "ICBufferFull", Time since last: 31224375 ns, Reaching safepoint: 130208 ns, At safepoint: 10792 ns, Total: 141000 ns
[2022-04-20T07:04:04.034+0000][8][safepoint   ] Safepoint "ICBufferFull", Time since last: 1483833 ns, Reaching safepoint: 50584 ns, At safepoint: 3208 ns, Total: 53792 ns
[2022-04-20T07:04:04.035+0000][8][safepoint   ] Safepoint "ICBufferFull", Time since last: 1103333 ns, Reaching safepoint: 65750 ns, At safepoint: 2125 ns, Total: 67875 ns
[2022-04-20T07:04:04.037+0000][8][safepoint   ] Safepoint "ICBufferFull", Time since last: 1161209 ns, Reaching safepoint: 26041 ns, At safepoint: 1375 ns, Total: 27416 ns
[2022-04-20T07:04:04.039+0000][8][safepoint   ] Safepoint "ICBufferFull", Time since last: 2277959 ns, Reaching safepoint: 127000 ns, At safepoint: 3750 ns, Total: 130750 ns
[2022-04-20T07:04:04.040+0000][8][safepoint   ] Safepoint "ICBufferFull", Time since last: 1324125 ns, Reaching safepoint: 41250 ns, At safepoint: 2958 ns, Total: 44208 ns
[2022-04-20T07:04:04.041+0000][8][safepoint   ] Safepoint "ICBufferFull", Time since last: 983458 ns, Reaching safepoint: 92834 ns, At safepoint: 1708 ns, Total: 94542 ns
[2022-04-20T07:04:04.043+0000][8][safepoint   ] Safepoint "ICBufferFull", Time since last: 1175458 ns, Reaching safepoint: 33417 ns, At safepoint: 1292 ns, Total: 34709 ns
[2022-04-20T07:04:04.044+0000][8][safepoint   ] Safepoint "ICBufferFull", Time since last: 1216416 ns, Reaching safepoint: 120042 ns, At safepoint: 2250 ns, Total: 122292 ns
[2022-04-20T07:04:04.045+0000][8][safepoint   ] Safepoint "ICBufferFull", Time since last: 982333 ns, Reaching safepoint: 99959 ns, At safepoint: 2791 ns, Total: 102750 ns
[2022-04-20T07:04:04.046+0000][8][safepoint   ] Safepoint "ICBufferFull", Time since last: 1033209 ns, Reaching safepoint: 119125 ns, At safepoint: 2500 ns, Total: 121625 ns
[2022-04-20T07:04:04.075+0000][8][gc,start    ] GC(3) Pause Young (Normal) (G1 Evacuation Pause)
[2022-04-20T07:04:04.076+0000][8][gc,task     ] GC(3) Using 5 workers of 5 for evacuation
[2022-04-20T07:04:04.077+0000][8][gc,age      ] GC(3) Desired survivor size 8388608 bytes, new threshold 15 (max threshold 15)
[2022-04-20T07:04:04.082+0000][8][gc,age      ] GC(3) Age table with threshold 15 (max threshold 15)
[2022-04-20T07:04:04.083+0000][8][gc,age      ] GC(3) - age   1:    3170552 bytes,    3170552 total
[2022-04-20T07:04:04.084+0000][8][gc,age      ] GC(3) - age   2:     824808 bytes,    3995360 total
[2022-04-20T07:04:04.085+0000][8][gc,age      ] GC(3) - age   3:    1891576 bytes,    5886936 total
[2022-04-20T07:04:04.085+0000][8][gc,phases   ] GC(3)   Pre Evacuate Collection Set: 0.3ms
[2022-04-20T07:04:04.086+0000][8][gc,phases   ] GC(3)   Merge Heap Roots: 0.3ms
[2022-04-20T07:04:04.087+0000][8][gc,phases   ] GC(3)   Evacuate Collection Set: 2.7ms
[2022-04-20T07:04:04.088+0000][8][gc,phases   ] GC(3)   Post Evacuate Collection Set: 0.5ms
[2022-04-20T07:04:04.089+0000][8][gc,phases   ] GC(3)   Other: 6.5ms
[2022-04-20T07:04:04.089+0000][8][gc,heap     ] GC(3) Eden regions: 27->0(74)
[2022-04-20T07:04:04.090+0000][8][gc,heap     ] GC(3) Survivor regions: 1->2(4)
[2022-04-20T07:04:04.091+0000][8][gc,heap     ] GC(3) Old regions: 2->2
[2022-04-20T07:04:04.091+0000][8][gc,heap     ] GC(3) Archive regions: 2->2
[2022-04-20T07:04:04.092+0000][8][gc,heap     ] GC(3) Humongous regions: 0->0
[2022-04-20T07:04:04.093+0000][8][gc,metaspace] GC(3) Metaspace: 17127K(17408K)->17127K(17408K) NonClass: 15100K(15232K)->15100K(15232K) Class: 2026K(2176K)->2026K(2176K)
[2022-04-20T07:04:04.094+0000][8][gc          ] GC(3) Pause Young (Normal) (G1 Evacuation Pause) 118M->13M(512M) 18.770ms
[2022-04-20T07:04:04.095+0000][8][gc,cpu      ] GC(3) User=0.01s Sys=0.01s Real=0.01s
[2022-04-20T07:04:04.095+0000][8][safepoint   ] Safepoint "G1CollectForAllocation", Time since last: 28801208 ns, Reaching safepoint: 90792 ns, At safepoint: 19985458 ns, Total: 20076250 ns
[2022-04-20T07:04:04.274+0000][8][safepoint   ] Safepoint "ICBufferFull", Time since last: 178491292 ns, Reaching safepoint: 341375 ns, At safepoint: 10333 ns, Total: 351708 ns
[2022-04-20T07:04:04.400+0000][8][gc,start    ] GC(4) Pause Young (Normal) (G1 Evacuation Pause)
[2022-04-20T07:04:04.401+0000][8][gc,task     ] GC(4) Using 5 workers of 5 for evacuation
[2022-04-20T07:04:04.402+0000][8][gc,age      ] GC(4) Desired survivor size 20971520 bytes, new threshold 15 (max threshold 15)
[2022-04-20T07:04:04.409+0000][8][gc,age      ] GC(4) Age table with threshold 15 (max threshold 15)
[2022-04-20T07:04:04.410+0000][8][gc,age      ] GC(4) - age   1:    5858032 bytes,    5858032 total
[2022-04-20T07:04:04.411+0000][8][gc,age      ] GC(4) - age   2:    2315696 bytes,    8173728 total
[2022-04-20T07:04:04.412+0000][8][gc,age      ] GC(4) - age   3:     824512 bytes,    8998240 total
[2022-04-20T07:04:04.413+0000][8][gc,age      ] GC(4) - age   4:    1890632 bytes,   10888872 total
[2022-04-20T07:04:04.413+0000][8][gc,phases   ] GC(4)   Pre Evacuate Collection Set: 0.1ms
[2022-04-20T07:04:04.414+0000][8][gc,phases   ] GC(4)   Merge Heap Roots: 0.5ms
[2022-04-20T07:04:04.415+0000][8][gc,phases   ] GC(4)   Evacuate Collection Set: 3.6ms
[2022-04-20T07:04:04.415+0000][8][gc,phases   ] GC(4)   Post Evacuate Collection Set: 0.9ms
[2022-04-20T07:04:04.416+0000][8][gc,phases   ] GC(4)   Other: 8.3ms
[2022-04-20T07:04:04.417+0000][8][gc,heap     ] GC(4) Eden regions: 74->0(73)
[2022-04-20T07:04:04.418+0000][8][gc,heap     ] GC(4) Survivor regions: 2->3(10)
[2022-04-20T07:04:04.418+0000][8][gc,heap     ] GC(4) Old regions: 2->2
[2022-04-20T07:04:04.419+0000][8][gc,heap     ] GC(4) Archive regions: 2->2
[2022-04-20T07:04:04.420+0000][8][gc,heap     ] GC(4) Humongous regions: 0->0
[2022-04-20T07:04:04.420+0000][8][gc,metaspace] GC(4) Metaspace: 18706K(19072K)->18706K(19072K) NonClass: 16434K(16640K)->16434K(16640K) Class: 2271K(2432K)->2271K(2432K)
[2022-04-20T07:04:04.421+0000][8][gc          ] GC(4) Pause Young (Normal) (G1 Evacuation Pause) 309M->18M(512M) 21.123ms
[2022-04-20T07:04:04.422+0000][8][gc,cpu      ] GC(4) User=0.02s Sys=0.01s Real=0.02s
[2022-04-20T07:04:04.422+0000][8][safepoint   ] Safepoint "G1CollectForAllocation", Time since last: 125647625 ns, Reaching safepoint: 212125 ns, At safepoint: 22585833 ns, Total: 22797958 ns
[2022-04-20T07:04:04.638+0000][8][safepoint   ] Safepoint "ICBufferFull", Time since last: 215750959 ns, Reaching safepoint: 140208 ns, At safepoint: 11917 ns, Total: 152125 ns
[2022-04-20T07:04:04.666+0000][8][gc,start    ] GC(5) Pause Young (Normal) (G1 Evacuation Pause)
[2022-04-20T07:04:04.667+0000][8][gc,task     ] GC(5) Using 5 workers of 5 for evacuation
[2022-04-20T07:04:04.669+0000][8][gc,age      ] GC(5) Desired survivor size 20971520 bytes, new threshold 15 (max threshold 15)
[2022-04-20T07:04:04.674+0000][8][gc,age      ] GC(5) Age table with threshold 15 (max threshold 15)
[2022-04-20T07:04:04.675+0000][8][gc,age      ] GC(5) - age   1:    1339288 bytes,    1339288 total
[2022-04-20T07:04:04.677+0000][8][gc,age      ] GC(5) - age   2:    5114128 bytes,    6453416 total
[2022-04-20T07:04:04.678+0000][8][gc,age      ] GC(5) - age   3:    2315232 bytes,    8768648 total
[2022-04-20T07:04:04.680+0000][8][gc,age      ] GC(5) - age   4:     824240 bytes,    9592888 total
[2022-04-20T07:04:04.680+0000][8][gc,age      ] GC(5) - age   5:    1890568 bytes,   11483456 total
[2022-04-20T07:04:04.681+0000][8][gc,phases   ] GC(5)   Pre Evacuate Collection Set: 0.2ms
[2022-04-20T07:04:04.682+0000][8][gc,phases   ] GC(5)   Merge Heap Roots: 0.2ms
[2022-04-20T07:04:04.683+0000][8][gc,phases   ] GC(5)   Evacuate Collection Set: 2.8ms
[2022-04-20T07:04:04.684+0000][8][gc,phases   ] GC(5)   Post Evacuate Collection Set: 0.9ms
[2022-04-20T07:04:04.685+0000][8][gc,phases   ] GC(5)   Other: 10.7ms
[2022-04-20T07:04:04.686+0000][8][gc,heap     ] GC(5) Eden regions: 73->0(73)
[2022-04-20T07:04:04.687+0000][8][gc,heap     ] GC(5) Survivor regions: 3->3(10)
[2022-04-20T07:04:04.689+0000][8][gc,heap     ] GC(5) Old regions: 2->2
[2022-04-20T07:04:04.690+0000][8][gc,heap     ] GC(5) Archive regions: 2->2
[2022-04-20T07:04:04.691+0000][8][gc,heap     ] GC(5) Humongous regions: 0->0
[2022-04-20T07:04:04.692+0000][8][gc,metaspace] GC(5) Metaspace: 19603K(20096K)->19603K(20096K) NonClass: 17196K(17472K)->17196K(17472K) Class: 2406K(2624K)->2406K(2624K)
[2022-04-20T07:04:04.693+0000][8][gc          ] GC(5) Pause Young (Normal) (G1 Evacuation Pause) 310M->19M(512M) 26.665ms
[2022-04-20T07:04:04.694+0000][8][gc,cpu      ] GC(5) User=0.01s Sys=0.01s Real=0.02s
[2022-04-20T07:04:04.695+0000][8][safepoint   ] Safepoint "G1CollectForAllocation", Time since last: 27888458 ns, Reaching safepoint: 99000 ns, At safepoint: 28734000 ns, Total: 28833000 ns
[2022-04-20T07:04:04.926+0000][8][gc,start    ] GC(6) Pause Young (Normal) (G1 Evacuation Pause)
[2022-04-20T07:04:04.928+0000][8][gc,task     ] GC(6) Using 5 workers of 5 for evacuation
[2022-04-20T07:04:04.929+0000][8][gc,age      ] GC(6) Desired survivor size 20971520 bytes, new threshold 15 (max threshold 15)
[2022-04-20T07:04:04.934+0000][8][gc,age      ] GC(6) Age table with threshold 15 (max threshold 15)
[2022-04-20T07:04:04.935+0000][8][gc,age      ] GC(6) - age   1:    3378824 bytes,    3378824 total
[2022-04-20T07:04:04.936+0000][8][gc,age      ] GC(6) - age   2:    1321976 bytes,    4700800 total
[2022-04-20T07:04:04.937+0000][8][gc,age      ] GC(6) - age   3:    5109032 bytes,    9809832 total
[2022-04-20T07:04:04.938+0000][8][gc,age      ] GC(6) - age   4:    2313808 bytes,   12123640 total
[2022-04-20T07:04:04.938+0000][8][gc,age      ] GC(6) - age   5:     823560 bytes,   12947200 total
[2022-04-20T07:04:04.939+0000][8][gc,age      ] GC(6) - age   6:    1890232 bytes,   14837432 total
[2022-04-20T07:04:04.939+0000][8][gc,phases   ] GC(6)   Pre Evacuate Collection Set: 0.2ms
[2022-04-20T07:04:04.940+0000][8][gc,phases   ] GC(6)   Merge Heap Roots: 0.1ms
[2022-04-20T07:04:04.941+0000][8][gc,phases   ] GC(6)   Evacuate Collection Set: 3.0ms
[2022-04-20T07:04:04.941+0000][8][gc,phases   ] GC(6)   Post Evacuate Collection Set: 1.1ms
[2022-04-20T07:04:04.942+0000][8][gc,phases   ] GC(6)   Other: 8.8ms
[2022-04-20T07:04:04.943+0000][8][gc,heap     ] GC(6) Eden regions: 73->0(72)
[2022-04-20T07:04:04.944+0000][8][gc,heap     ] GC(6) Survivor regions: 3->4(10)
[2022-04-20T07:04:04.944+0000][8][gc,heap     ] GC(6) Old regions: 2->2
[2022-04-20T07:04:04.945+0000][8][gc,heap     ] GC(6) Archive regions: 2->2
[2022-04-20T07:04:04.946+0000][8][gc,heap     ] GC(6) Humongous regions: 0->0
[2022-04-20T07:04:04.946+0000][8][gc,metaspace] GC(6) Metaspace: 20764K(21248K)->20764K(21248K) NonClass: 18199K(18496K)->18199K(18496K) Class: 2564K(2752K)->2564K(2752K)
[2022-04-20T07:04:04.947+0000][8][gc          ] GC(6) Pause Young (Normal) (G1 Evacuation Pause) 311M->23M(512M) 20.637ms
[2022-04-20T07:04:04.948+0000][8][gc,cpu      ] GC(6) User=0.02s Sys=0.00s Real=0.02s
[2022-04-20T07:04:04.948+0000][8][safepoint   ] Safepoint "G1CollectForAllocation", Time since last: 231187750 ns, Reaching safepoint: 150250 ns, At safepoint: 22120292 ns, Total: 22270542 ns
[2022-04-20T07:04:05.118+0000][8][gc,start    ] GC(7) Pause Young (Concurrent Start) (Metadata GC Threshold)
[2022-04-20T07:04:05.120+0000][8][gc,task     ] GC(7) Using 5 workers of 5 for evacuation
[2022-04-20T07:04:05.121+0000][8][gc,age      ] GC(7) Desired survivor size 20971520 bytes, new threshold 15 (max threshold 15)
[2022-04-20T07:04:05.126+0000][8][gc,age      ] GC(7) Age table with threshold 15 (max threshold 15)
[2022-04-20T07:04:05.127+0000][8][gc,age      ] GC(7) - age   1:     787992 bytes,     787992 total
[2022-04-20T07:04:05.128+0000][8][gc,age      ] GC(7) - age   2:    2171808 bytes,    2959800 total
[2022-04-20T07:04:05.128+0000][8][gc,age      ] GC(7) - age   3:    1321432 bytes,    4281232 total
[2022-04-20T07:04:05.129+0000][8][gc,age      ] GC(7) - age   4:    5108760 bytes,    9389992 total
[2022-04-20T07:04:05.130+0000][8][gc,age      ] GC(7) - age   5:    2313728 bytes,   11703720 total
[2022-04-20T07:04:05.131+0000][8][gc,age      ] GC(7) - age   6:     823560 bytes,   12527280 total
[2022-04-20T07:04:05.131+0000][8][gc,age      ] GC(7) - age   7:    1890232 bytes,   14417512 total
[2022-04-20T07:04:05.132+0000][8][gc,phases   ] GC(7)   Pre Evacuate Collection Set: 0.1ms
[2022-04-20T07:04:05.133+0000][8][gc,phases   ] GC(7)   Merge Heap Roots: 0.0ms
[2022-04-20T07:04:05.134+0000][8][gc,phases   ] GC(7)   Evacuate Collection Set: 3.1ms
[2022-04-20T07:04:05.134+0000][8][gc,phases   ] GC(7)   Post Evacuate Collection Set: 0.9ms
[2022-04-20T07:04:05.135+0000][8][gc,phases   ] GC(7)   Other: 9.8ms
[2022-04-20T07:04:05.135+0000][8][gc,heap     ] GC(7) Eden regions: 62->0(72)
[2022-04-20T07:04:05.136+0000][8][gc,heap     ] GC(7) Survivor regions: 4->4(10)
[2022-04-20T07:04:05.137+0000][8][gc,heap     ] GC(7) Old regions: 2->2
[2022-04-20T07:04:05.137+0000][8][gc,heap     ] GC(7) Archive regions: 2->2
[2022-04-20T07:04:05.138+0000][8][gc,heap     ] GC(7) Humongous regions: 0->0
[2022-04-20T07:04:05.138+0000][8][gc,metaspace] GC(7) Metaspace: 20926K(21504K)->20926K(21504K) NonClass: 18330K(18688K)->18330K(18688K) Class: 2595K(2816K)->2595K(2816K)
[2022-04-20T07:04:05.139+0000][8][gc          ] GC(7) Pause Young (Concurrent Start) (Metadata GC Threshold) 271M->22M(512M) 20.963ms
[2022-04-20T07:04:05.140+0000][8][gc,cpu      ] GC(7) User=0.01s Sys=0.01s Real=0.02s
[2022-04-20T07:04:05.141+0000][8][safepoint   ] Safepoint "CollectForMetadataAllocation", Time since last: 169525333 ns, Reaching safepoint: 313834 ns, At safepoint: 22236958 ns, Total: 22550792 ns
[2022-04-20T07:04:05.141+0000][8][gc          ] GC(8) Concurrent Mark Cycle
[2022-04-20T07:04:05.142+0000][8][gc,marking  ] GC(8) Concurrent Clear Claimed Marks
[2022-04-20T07:04:05.143+0000][8][gc,marking  ] GC(8) Concurrent Clear Claimed Marks 0.676ms
[2022-04-20T07:04:05.143+0000][8][gc,marking  ] GC(8) Concurrent Scan Root Regions
[2022-04-20T07:04:05.148+0000][8][gc,marking  ] GC(8) Concurrent Scan Root Regions 4.326ms
[2022-04-20T07:04:05.149+0000][8][gc,marking  ] GC(8) Concurrent Mark
[2022-04-20T07:04:05.149+0000][8][gc,marking  ] GC(8) Concurrent Mark From Roots
[2022-04-20T07:04:05.150+0000][8][gc,task     ] GC(8) Using 1 workers of 1 for marking
[2022-04-20T07:04:05.154+0000][8][gc,marking  ] GC(8) Concurrent Mark From Roots 4.312ms
[2022-04-20T07:04:05.155+0000][8][gc,marking  ] GC(8) Concurrent Preclean
[2022-04-20T07:04:05.156+0000][8][gc,marking  ] GC(8) Concurrent Preclean 0.978ms
[2022-04-20T07:04:05.157+0000][8][gc,start    ] GC(8) Pause Remark
[2022-04-20T07:04:05.160+0000][8][gc          ] GC(8) Pause Remark 26M->26M(512M) 2.984ms
[2022-04-20T07:04:05.161+0000][8][gc,cpu      ] GC(8) User=0.01s Sys=0.00s Real=0.00s
[2022-04-20T07:04:05.162+0000][8][safepoint   ] Safepoint "G1Concurrent", Time since last: 16563042 ns, Reaching safepoint: 290666 ns, At safepoint: 4466959 ns, Total: 4757625 ns
[2022-04-20T07:04:05.163+0000][8][gc,marking  ] GC(8) Concurrent Mark 13.764ms
[2022-04-20T07:04:05.163+0000][8][gc,marking  ] GC(8) Concurrent Rebuild Remembered Sets
[2022-04-20T07:04:05.165+0000][8][gc,marking  ] GC(8) Concurrent Rebuild Remembered Sets 2.080ms
[2022-04-20T07:04:05.166+0000][8][gc,start    ] GC(8) Pause Cleanup
[2022-04-20T07:04:05.167+0000][8][gc          ] GC(8) Pause Cleanup 26M->26M(512M) 1.116ms
[2022-04-20T07:04:05.168+0000][8][gc,cpu      ] GC(8) User=0.00s Sys=0.00s Real=0.00s
[2022-04-20T07:04:05.169+0000][8][safepoint   ] Safepoint "G1Concurrent", Time since last: 4024916 ns, Reaching safepoint: 366875 ns, At safepoint: 2760959 ns, Total: 3127834 ns
[2022-04-20T07:04:05.170+0000][8][gc,marking  ] GC(8) Concurrent Cleanup for Next Mark
[2022-04-20T07:04:05.171+0000][8][gc,marking  ] GC(8) Concurrent Cleanup for Next Mark 0.906ms
[2022-04-20T07:04:05.172+0000][8][gc          ] GC(8) Concurrent Mark Cycle 31.090ms
[2022-04-20T07:04:05.443+0000][8][safepoint   ] Safepoint "ICBufferFull", Time since last: 274051917 ns, Reaching safepoint: 204583 ns, At safepoint: 3083 ns, Total: 207666 ns
[2022-04-20T07:04:05.507+0000][8][safepoint   ] Safepoint "ICBufferFull", Time since last: 63649709 ns, Reaching safepoint: 92958 ns, At safepoint: 4333 ns, Total: 97291 ns
[2022-04-20T07:04:05.511+0000][8][safepoint   ] Safepoint "ICBufferFull", Time since last: 3439250 ns, Reaching safepoint: 119250 ns, At safepoint: 2625 ns, Total: 121875 ns
[2022-04-20T07:04:05.512+0000][8][safepoint   ] Safepoint "ICBufferFull", Time since last: 1192250 ns, Reaching safepoint: 87167 ns, At safepoint: 2667 ns, Total: 89834 ns
[2022-04-20T07:04:05.513+0000][8][safepoint   ] Safepoint "ICBufferFull", Time since last: 1368083 ns, Reaching safepoint: 100417 ns, At safepoint: 2375 ns, Total: 102792 ns
[2022-04-20T07:04:05.515+0000][8][safepoint   ] Safepoint "ICBufferFull", Time since last: 1106500 ns, Reaching safepoint: 134916 ns, At safepoint: 2834 ns, Total: 137750 ns
[2022-04-20T07:04:05.516+0000][8][safepoint   ] Safepoint "ICBufferFull", Time since last: 1008500 ns, Reaching safepoint: 252125 ns, At safepoint: 2458 ns, Total: 254583 ns
[2022-04-20T07:04:05.517+0000][8][safepoint   ] Safepoint "ICBufferFull", Time since last: 1030125 ns, Reaching safepoint: 170583 ns, At safepoint: 2500 ns, Total: 173083 ns
[2022-04-20T07:04:05.526+0000][8][safepoint   ] Safepoint "ICBufferFull", Time since last: 9054542 ns, Reaching safepoint: 103458 ns, At safepoint: 11334 ns, Total: 114792 ns
[2022-04-20T07:04:05.527+0000][8][safepoint   ] Safepoint "ICBufferFull", Time since last: 1149625 ns, Reaching safepoint: 49625 ns, At safepoint: 1000 ns, Total: 50625 ns
[2022-04-20T07:04:05.529+0000][8][safepoint   ] Safepoint "ICBufferFull", Time since last: 1118916 ns, Reaching safepoint: 239500 ns, At safepoint: 2875 ns, Total: 242375 ns
[2022-04-20T07:04:05.530+0000][8][safepoint   ] Safepoint "ICBufferFull", Time since last: 890875 ns, Reaching safepoint: 82125 ns, At safepoint: 19917 ns, Total: 102042 ns
[2022-04-20T07:04:05.543+0000][8][safepoint   ] Safepoint "ICBufferFull", Time since last: 12669667 ns, Reaching safepoint: 97500 ns, At safepoint: 11791 ns, Total: 109291 ns
[2022-04-20T07:04:05.547+0000][8][safepoint   ] Safepoint "ICBufferFull", Time since last: 4723542 ns, Reaching safepoint: 188625 ns, At safepoint: 8083 ns, Total: 196708 ns
[2022-04-20T07:04:05.549+0000][8][safepoint   ] Safepoint "ICBufferFull", Time since last: 1486625 ns, Reaching safepoint: 39500 ns, At safepoint: 1042 ns, Total: 40542 ns
[2022-04-20T07:04:05.551+0000][8][safepoint   ] Safepoint "ICBufferFull", Time since last: 1453917 ns, Reaching safepoint: 67416 ns, At safepoint: 7667 ns, Total: 75083 ns
[2022-04-20T07:04:05.710+0000][8][safepoint   ] Safepoint "ICBufferFull", Time since last: 159693000 ns, Reaching safepoint: 271708 ns, At safepoint: 3292 ns, Total: 275000 ns
[2022-04-20T07:04:05.895+0000][8][safepoint   ] Safepoint "ICBufferFull", Time since last: 184330833 ns, Reaching safepoint: 204959 ns, At safepoint: 23208 ns, Total: 228167 ns
[2022-04-20T07:04:06.203+0000][8][safepoint   ] Safepoint "ICBufferFull", Time since last: 307632834 ns, Reaching safepoint: 290708 ns, At safepoint: 10292 ns, Total: 301000 ns
[2022-04-20T07:04:06.317+0000][8][safepoint   ] Safepoint "ICBufferFull", Time since last: 113680666 ns, Reaching safepoint: 227125 ns, At safepoint: 5584 ns, Total: 232709 ns
[2022-04-20T07:04:06.440+0000][8][gc,start    ] GC(9) Pause Young (Concurrent Start) (Metadata GC Threshold)
[2022-04-20T07:04:06.441+0000][8][gc,task     ] GC(9) Using 5 workers of 5 for evacuation
[2022-04-20T07:04:06.442+0000][8][gc,age      ] GC(9) Desired survivor size 20971520 bytes, new threshold 15 (max threshold 15)
[2022-04-20T07:04:06.459+0000][8][gc,age      ] GC(9) Age table with threshold 15 (max threshold 15)
[2022-04-20T07:04:06.461+0000][8][gc,age      ] GC(9) - age   1:   27075760 bytes,   27075760 total
[2022-04-20T07:04:06.462+0000][8][gc,age      ] GC(9) - age   2:     767728 bytes,   27843488 total
[2022-04-20T07:04:06.463+0000][8][gc,age      ] GC(9) - age   3:    2138432 bytes,   29981920 total
[2022-04-20T07:04:06.464+0000][8][gc,age      ] GC(9) - age   4:    1305808 bytes,   31287728 total
[2022-04-20T07:04:06.466+0000][8][gc,age      ] GC(9) - age   5:    5067552 bytes,   36355280 total
[2022-04-20T07:04:06.467+0000][8][gc,age      ] GC(9) - age   6:    2236640 bytes,   38591920 total
[2022-04-20T07:04:06.467+0000][8][gc,age      ] GC(9) - age   7:     790944 bytes,   39382864 total
[2022-04-20T07:04:06.468+0000][8][gc,age      ] GC(9) - age   8:    1882784 bytes,   41265648 total
[2022-04-20T07:04:06.469+0000][8][gc,phases   ] GC(9)   Pre Evacuate Collection Set: 0.3ms
[2022-04-20T07:04:06.470+0000][8][gc,phases   ] GC(9)   Merge Heap Roots: 0.3ms
[2022-04-20T07:04:06.470+0000][8][gc,phases   ] GC(9)   Evacuate Collection Set: 13.7ms
[2022-04-20T07:04:06.471+0000][8][gc,phases   ] GC(9)   Post Evacuate Collection Set: 1.8ms
[2022-04-20T07:04:06.472+0000][8][gc,phases   ] GC(9)   Other: 13.0ms
[2022-04-20T07:04:06.472+0000][8][gc,heap     ] GC(9) Eden regions: 71->0(66)
[2022-04-20T07:04:06.473+0000][8][gc,heap     ] GC(9) Survivor regions: 4->10(10)
[2022-04-20T07:04:06.473+0000][8][gc,heap     ] GC(9) Old regions: 2->2
[2022-04-20T07:04:06.474+0000][8][gc,heap     ] GC(9) Archive regions: 2->2
[2022-04-20T07:04:06.476+0000][8][gc,heap     ] GC(9) Humongous regions: 0->0
[2022-04-20T07:04:06.476+0000][8][gc,metaspace] GC(9) Metaspace: 35097K(35968K)->35097K(35968K) NonClass: 30445K(30976K)->30445K(30976K) Class: 4652K(4992K)->4652K(4992K)
[2022-04-20T07:04:06.477+0000][8][gc          ] GC(9) Pause Young (Concurrent Start) (Metadata GC Threshold) 302M->48M(512M) 36.900ms
[2022-04-20T07:04:06.478+0000][8][gc,cpu      ] GC(9) User=0.06s Sys=0.00s Real=0.04s
[2022-04-20T07:04:06.479+0000][8][safepoint   ] Safepoint "CollectForMetadataAllocation", Time since last: 122731041 ns, Reaching safepoint: 408375 ns, At safepoint: 38649250 ns, Total: 39057625 ns
[2022-04-20T07:04:06.479+0000][8][gc          ] GC(10) Concurrent Mark Cycle
[2022-04-20T07:04:06.481+0000][8][gc,marking  ] GC(10) Concurrent Clear Claimed Marks
[2022-04-20T07:04:06.482+0000][8][gc,marking  ] GC(10) Concurrent Clear Claimed Marks 1.042ms
[2022-04-20T07:04:06.483+0000][8][gc,marking  ] GC(10) Concurrent Scan Root Regions
[2022-04-20T07:04:06.495+0000][8][safepoint   ] Safepoint "CollectForMetadataAllocation", Time since last: 16255084 ns, Reaching safepoint: 66583 ns, At safepoint: 37042 ns, Total: 103625 ns
[2022-04-20T07:04:06.499+0000][8][gc,marking  ] GC(10) Concurrent Scan Root Regions 16.058ms
[2022-04-20T07:04:06.499+0000][8][gc,marking  ] GC(10) Concurrent Mark
[2022-04-20T07:04:06.500+0000][8][gc,marking  ] GC(10) Concurrent Mark From Roots
[2022-04-20T07:04:06.501+0000][8][gc,task     ] GC(10) Using 1 workers of 1 for marking
[2022-04-20T07:04:06.505+0000][8][gc,marking  ] GC(10) Concurrent Mark From Roots 4.961ms
[2022-04-20T07:04:06.506+0000][8][gc,marking  ] GC(10) Concurrent Preclean
[2022-04-20T07:04:06.507+0000][8][gc,marking  ] GC(10) Concurrent Preclean 0.854ms
[2022-04-20T07:04:06.508+0000][8][gc,start    ] GC(10) Pause Remark
[2022-04-20T07:04:06.511+0000][8][gc          ] GC(10) Pause Remark 52M->52M(512M) 2.965ms
[2022-04-20T07:04:06.512+0000][8][gc,cpu      ] GC(10) User=0.01s Sys=0.01s Real=0.00s
[2022-04-20T07:04:06.513+0000][8][safepoint   ] Safepoint "G1Concurrent", Time since last: 12835416 ns, Reaching safepoint: 188459 ns, At safepoint: 4633791 ns, Total: 4822250 ns
[2022-04-20T07:04:06.513+0000][8][gc,marking  ] GC(10) Concurrent Mark 14.234ms
[2022-04-20T07:04:06.514+0000][8][gc,marking  ] GC(10) Concurrent Rebuild Remembered Sets
[2022-04-20T07:04:06.517+0000][8][gc,marking  ] GC(10) Concurrent Rebuild Remembered Sets 2.948ms
[2022-04-20T07:04:06.519+0000][8][gc,start    ] GC(10) Pause Cleanup
[2022-04-20T07:04:06.520+0000][8][gc          ] GC(10) Pause Cleanup 52M->52M(512M) 1.258ms
[2022-04-20T07:04:06.521+0000][8][gc,cpu      ] GC(10) User=0.00s Sys=0.00s Real=0.00s
[2022-04-20T07:04:06.522+0000][8][safepoint   ] Safepoint "G1Concurrent", Time since last: 5874250 ns, Reaching safepoint: 63042 ns, At safepoint: 3387167 ns, Total: 3450209 ns
[2022-04-20T07:04:06.523+0000][8][gc,marking  ] GC(10) Concurrent Cleanup for Next Mark
[2022-04-20T07:04:06.525+0000][8][gc,marking  ] GC(10) Concurrent Cleanup for Next Mark 2.524ms
[2022-04-20T07:04:06.526+0000][8][gc          ] GC(10) Concurrent Mark Cycle 47.546ms
[2022-04-20T07:04:06.624+0000][8][safepoint   ] Safepoint "ICBufferFull", Time since last: 101615958 ns, Reaching safepoint: 207958 ns, At safepoint: 3250 ns, Total: 211208 ns
[2022-04-20T07:04:07.016+0000][8][safepoint   ] Safepoint "ICBufferFull", Time since last: 391886209 ns, Reaching safepoint: 229500 ns, At safepoint: 11875 ns, Total: 241375 ns
[2022-04-20T07:04:07.216+0000][8][safepoint   ] Safepoint "ICBufferFull", Time since last: 199940500 ns, Reaching safepoint: 138083 ns, At safepoint: 9875 ns, Total: 147958 ns
[2022-04-20T07:04:07.299+0000][8][gc,start    ] GC(11) Pause Young (Concurrent Start) (G1 Evacuation Pause)
[2022-04-20T07:04:07.300+0000][8][gc,task     ] GC(11) Using 5 workers of 5 for evacuation
[2022-04-20T07:04:07.301+0000][8][gc,age      ] GC(11) Desired survivor size 20971520 bytes, new threshold 1 (max threshold 15)
[2022-04-20T07:04:07.328+0000][8][gc,age      ] GC(11) Age table with threshold 1 (max threshold 15)
[2022-04-20T07:04:07.329+0000][8][gc,age      ] GC(11) - age   1:    6116608 bytes,    6116608 total
[2022-04-20T07:04:07.330+0000][8][gc,phases   ] GC(11)   Pre Evacuate Collection Set: 0.3ms
[2022-04-20T07:04:07.331+0000][8][gc,phases   ] GC(11)   Merge Heap Roots: 0.3ms
[2022-04-20T07:04:07.332+0000][8][gc,phases   ] GC(11)   Evacuate Collection Set: 23.7ms
[2022-04-20T07:04:07.332+0000][8][gc,phases   ] GC(11)   Post Evacuate Collection Set: 1.1ms
[2022-04-20T07:04:07.333+0000][8][gc,phases   ] GC(11)   Other: 5.7ms
[2022-04-20T07:04:07.334+0000][8][gc,heap     ] GC(11) Eden regions: 66->0(73)
[2022-04-20T07:04:07.334+0000][8][gc,heap     ] GC(11) Survivor regions: 10->3(10)
[2022-04-20T07:04:07.335+0000][8][gc,heap     ] GC(11) Old regions: 2->11
[2022-04-20T07:04:07.336+0000][8][gc,heap     ] GC(11) Archive regions: 2->2
[2022-04-20T07:04:07.336+0000][8][gc,heap     ] GC(11) Humongous regions: 0->0
[2022-04-20T07:04:07.337+0000][8][gc,metaspace] GC(11) Metaspace: 52147K(53312K)->52147K(53312K) NonClass: 45075K(45760K)->45075K(45760K) Class: 7071K(7552K)->7071K(7552K)
[2022-04-20T07:04:07.338+0000][8][gc          ] GC(11) Pause Young (Concurrent Start) (G1 Evacuation Pause) 312M->58M(512M) 38.842ms
[2022-04-20T07:04:07.338+0000][8][gc,cpu      ] GC(11) User=0.08s Sys=0.00s Real=0.04s
[2022-04-20T07:04:07.339+0000][8][safepoint   ] Safepoint "G1CollectForAllocation", Time since last: 82590417 ns, Reaching safepoint: 147875 ns, At safepoint: 40403167 ns, Total: 40551042 ns
[2022-04-20T07:04:07.339+0000][8][gc          ] GC(12) Concurrent Mark Cycle
[2022-04-20T07:04:07.342+0000][8][gc,marking  ] GC(12) Concurrent Clear Claimed Marks
[2022-04-20T07:04:07.343+0000][8][gc,marking  ] GC(12) Concurrent Clear Claimed Marks 0.767ms
[2022-04-20T07:04:07.343+0000][8][gc,marking  ] GC(12) Concurrent Scan Root Regions
[2022-04-20T07:04:07.361+0000][8][gc,marking  ] GC(12) Concurrent Scan Root Regions 17.703ms
[2022-04-20T07:04:07.362+0000][8][gc,marking  ] GC(12) Concurrent Mark
[2022-04-20T07:04:07.363+0000][8][gc,marking  ] GC(12) Concurrent Mark From Roots
[2022-04-20T07:04:07.364+0000][8][gc,task     ] GC(12) Using 1 workers of 1 for marking
[2022-04-20T07:04:07.369+0000][8][gc,marking  ] GC(12) Concurrent Mark From Roots 6.045ms
[2022-04-20T07:04:07.370+0000][8][gc,marking  ] GC(12) Concurrent Preclean
[2022-04-20T07:04:07.371+0000][8][gc,marking  ] GC(12) Concurrent Preclean 0.686ms
[2022-04-20T07:04:07.372+0000][8][gc,start    ] GC(12) Pause Remark
[2022-04-20T07:04:07.376+0000][8][gc          ] GC(12) Pause Remark 74M->74M(512M) 4.071ms
[2022-04-20T07:04:07.377+0000][8][gc,cpu      ] GC(12) User=0.01s Sys=0.00s Real=0.01s
[2022-04-20T07:04:07.378+0000][8][safepoint   ] Safepoint "G1Concurrent", Time since last: 32244250 ns, Reaching safepoint: 462458 ns, At safepoint: 6006000 ns, Total: 6468458 ns
[2022-04-20T07:04:07.378+0000][8][gc,marking  ] GC(12) Concurrent Mark 16.315ms
[2022-04-20T07:04:07.380+0000][8][gc,marking  ] GC(12) Concurrent Rebuild Remembered Sets
[2022-04-20T07:04:07.381+0000][8][gc,marking  ] GC(12) Concurrent Rebuild Remembered Sets 0.926ms
[2022-04-20T07:04:07.382+0000][8][gc,start    ] GC(12) Pause Cleanup
[2022-04-20T07:04:07.383+0000][8][gc          ] GC(12) Pause Cleanup 74M->74M(512M) 0.940ms
[2022-04-20T07:04:07.384+0000][8][gc,cpu      ] GC(12) User=0.00s Sys=0.00s Real=0.00s
[2022-04-20T07:04:07.385+0000][8][safepoint   ] Safepoint "G1Concurrent", Time since last: 3797084 ns, Reaching safepoint: 325916 ns, At safepoint: 2750375 ns, Total: 3076291 ns
[2022-04-20T07:04:07.385+0000][8][gc,marking  ] GC(12) Concurrent Cleanup for Next Mark
[2022-04-20T07:04:07.386+0000][8][gc,marking  ] GC(12) Concurrent Cleanup for Next Mark 0.955ms
[2022-04-20T07:04:07.387+0000][8][gc          ] GC(12) Concurrent Mark Cycle 47.737ms
[2022-04-20T07:04:07.628+0000][8][safepoint   ] Safepoint "ICBufferFull", Time since last: 242717750 ns, Reaching safepoint: 177959 ns, At safepoint: 12375 ns, Total: 190334 ns
[2022-04-20T07:04:07.838+0000][8][safepoint   ] Safepoint "ICBufferFull", Time since last: 209960916 ns, Reaching safepoint: 556667 ns, At safepoint: 7667 ns, Total: 564334 ns
[2022-04-20T07:04:08.268+0000][8][safepoint   ] Safepoint "ICBufferFull", Time since last: 429547542 ns, Reaching safepoint: 258458 ns, At safepoint: 3125 ns, Total: 261583 ns
[2022-04-20T07:04:08.374+0000][8][safepoint   ] Safepoint "ICBufferFull", Time since last: 106316750 ns, Reaching safepoint: 159875 ns, At safepoint: 3292 ns, Total: 163167 ns
[2022-04-20T07:04:08.700+0000][8][safepoint   ] Safepoint "ICBufferFull", Time since last: 325784416 ns, Reaching safepoint: 148834 ns, At safepoint: 3166 ns, Total: 152000 ns
[2022-04-20T07:04:08.862+0000][8][safepoint   ] Safepoint "ICBufferFull", Time since last: 161395334 ns, Reaching safepoint: 257417 ns, At safepoint: 8333 ns, Total: 265750 ns
[2022-04-20T07:04:08.912+0000][8][gc,start    ] GC(13) Pause Young (Normal) (G1 Evacuation Pause)
[2022-04-20T07:04:08.913+0000][8][gc,task     ] GC(13) Using 5 workers of 5 for evacuation
[2022-04-20T07:04:08.914+0000][8][gc,age      ] GC(13) Desired survivor size 20971520 bytes, new threshold 15 (max threshold 15)
[2022-04-20T07:04:08.926+0000][8][gc,age      ] GC(13) Age table with threshold 15 (max threshold 15)
[2022-04-20T07:04:08.927+0000][8][gc,age      ] GC(13) - age   1:   13610864 bytes,   13610864 total
[2022-04-20T07:04:08.928+0000][8][gc,age      ] GC(13) - age   2:    5896048 bytes,   19506912 total
[2022-04-20T07:04:08.931+0000][8][gc,phases   ] GC(13)   Pre Evacuate Collection Set: 0.2ms
[2022-04-20T07:04:08.931+0000][8][gc,phases   ] GC(13)   Merge Heap Roots: 0.2ms
[2022-04-20T07:04:08.932+0000][8][gc,phases   ] GC(13)   Evacuate Collection Set: 8.6ms
[2022-04-20T07:04:08.932+0000][8][gc,phases   ] GC(13)   Post Evacuate Collection Set: 1.8ms
[2022-04-20T07:04:08.933+0000][8][gc,phases   ] GC(13)   Other: 8.1ms
[2022-04-20T07:04:08.934+0000][8][gc,heap     ] GC(13) Eden regions: 73->0(71)
[2022-04-20T07:04:08.934+0000][8][gc,heap     ] GC(13) Survivor regions: 3->5(10)
[2022-04-20T07:04:08.935+0000][8][gc,heap     ] GC(13) Old regions: 11->11
[2022-04-20T07:04:08.936+0000][8][gc,heap     ] GC(13) Archive regions: 2->2
[2022-04-20T07:04:08.937+0000][8][gc,heap     ] GC(13) Humongous regions: 0->0
[2022-04-20T07:04:08.937+0000][8][gc,metaspace] GC(13) Metaspace: 85392K(86784K)->85392K(86784K) NonClass: 73539K(74368K)->73539K(74368K) Class: 11853K(12416K)->11853K(12416K)
[2022-04-20T07:04:08.938+0000][8][gc          ] GC(13) Pause Young (Normal) (G1 Evacuation Pause) 350M->66M(512M) 26.315ms
[2022-04-20T07:04:08.939+0000][8][gc,cpu      ] GC(13) User=0.04s Sys=0.00s Real=0.03s
[2022-04-20T07:04:08.939+0000][8][safepoint   ] Safepoint "G1CollectForAllocation", Time since last: 49318125 ns, Reaching safepoint: 194375 ns, At safepoint: 27528833 ns, Total: 27723208 ns
[2022-04-20T07:04:09.040+0000][8][safepoint   ] Safepoint "ICBufferFull", Time since last: 101097042 ns, Reaching safepoint: 183000 ns, At safepoint: 3500 ns, Total: 186500 ns
[2022-04-20T07:04:09.327+0000][8][gc,start    ] GC(14) Pause Young (Concurrent Start) (Metadata GC Threshold)
[2022-04-20T07:04:09.328+0000][8][gc,task     ] GC(14) Using 5 workers of 5 for evacuation
[2022-04-20T07:04:09.329+0000][8][gc,age      ] GC(14) Desired survivor size 20971520 bytes, new threshold 15 (max threshold 15)
[2022-04-20T07:04:09.339+0000][8][gc,age      ] GC(14) Age table with threshold 15 (max threshold 15)
[2022-04-20T07:04:09.340+0000][8][gc,age      ] GC(14) - age   1:     672488 bytes,     672488 total
[2022-04-20T07:04:09.342+0000][8][gc,age      ] GC(14) - age   2:   13342472 bytes,   14014960 total
[2022-04-20T07:04:09.343+0000][8][gc,age      ] GC(14) - age   3:    5870296 bytes,   19885256 total
[2022-04-20T07:04:09.344+0000][8][gc,phases   ] GC(14)   Pre Evacuate Collection Set: 0.4ms
[2022-04-20T07:04:09.345+0000][8][gc,phases   ] GC(14)   Merge Heap Roots: 0.1ms
[2022-04-20T07:04:09.347+0000][8][gc,phases   ] GC(14)   Evacuate Collection Set: 7.0ms
[2022-04-20T07:04:09.349+0000][8][gc,phases   ] GC(14)   Post Evacuate Collection Set: 1.1ms
[2022-04-20T07:04:09.349+0000][8][gc,phases   ] GC(14)   Other: 9.1ms
[2022-04-20T07:04:09.350+0000][8][gc,heap     ] GC(14) Eden regions: 4->0(71)
[2022-04-20T07:04:09.351+0000][8][gc,heap     ] GC(14) Survivor regions: 5->5(10)
[2022-04-20T07:04:09.352+0000][8][gc,heap     ] GC(14) Old regions: 11->11
[2022-04-20T07:04:09.353+0000][8][gc,heap     ] GC(14) Archive regions: 2->2
[2022-04-20T07:04:09.354+0000][8][gc,heap     ] GC(14) Humongous regions: 0->0
[2022-04-20T07:04:09.355+0000][8][gc,metaspace] GC(14) Metaspace: 87442K(88896K)->87442K(88896K) NonClass: 75273K(76160K)->75273K(76160K) Class: 12168K(12736K)->12168K(12736K)
[2022-04-20T07:04:09.357+0000][8][gc          ] GC(14) Pause Young (Concurrent Start) (Metadata GC Threshold) 82M->67M(512M) 30.159ms
[2022-04-20T07:04:09.358+0000][8][gc,cpu      ] GC(14) User=0.03s Sys=0.00s Real=0.03s
[2022-04-20T07:04:09.360+0000][8][gc          ] GC(15) Concurrent Mark Cycle
[2022-04-20T07:04:09.362+0000][8][gc,marking  ] GC(15) Concurrent Clear Claimed Marks
[2022-04-20T07:04:09.363+0000][8][gc,marking  ] GC(15) Concurrent Clear Claimed Marks 0.994ms
[2022-04-20T07:04:09.364+0000][8][gc,marking  ] GC(15) Concurrent Scan Root Regions
[2022-04-20T07:04:09.360+0000][8][safepoint   ] Safepoint "CollectForMetadataAllocation", Time since last: 285899542 ns, Reaching safepoint: 170458 ns, At safepoint: 33978958 ns, Total: 34149416 ns
[2022-04-20T07:04:09.376+0000][8][gc,marking  ] GC(15) Concurrent Scan Root Regions 12.036ms
[2022-04-20T07:04:09.377+0000][8][gc,marking  ] GC(15) Concurrent Mark
[2022-04-20T07:04:09.379+0000][8][gc,marking  ] GC(15) Concurrent Mark From Roots
[2022-04-20T07:04:09.379+0000][8][gc,task     ] GC(15) Using 1 workers of 1 for marking
[2022-04-20T07:04:09.420+0000][8][gc,marking  ] GC(15) Concurrent Mark From Roots 41.129ms
[2022-04-20T07:04:09.421+0000][8][gc,marking  ] GC(15) Concurrent Preclean
[2022-04-20T07:04:09.422+0000][8][gc,marking  ] GC(15) Concurrent Preclean 1.638ms
[2022-04-20T07:04:09.424+0000][8][gc,start    ] GC(15) Pause Remark
[2022-04-20T07:04:09.428+0000][8][gc          ] GC(15) Pause Remark 70M->70M(512M) 4.178ms
[2022-04-20T07:04:09.429+0000][8][gc,cpu      ] GC(15) User=0.01s Sys=0.00s Real=0.01s
[2022-04-20T07:04:09.430+0000][8][safepoint   ] Safepoint "G1Concurrent", Time since last: 63545875 ns, Reaching safepoint: 167292 ns, At safepoint: 6116375 ns, Total: 6283667 ns
[2022-04-20T07:04:09.431+0000][8][gc,marking  ] GC(15) Concurrent Mark 54.146ms
[2022-04-20T07:04:09.432+0000][8][gc,marking  ] GC(15) Concurrent Rebuild Remembered Sets
[2022-04-20T07:04:09.433+0000][8][gc,marking  ] GC(15) Concurrent Rebuild Remembered Sets 1.155ms
[2022-04-20T07:04:09.435+0000][8][gc,start    ] GC(15) Pause Cleanup
[2022-04-20T07:04:09.435+0000][8][gc          ] GC(15) Pause Cleanup 70M->70M(512M) 0.906ms
[2022-04-20T07:04:09.436+0000][8][gc,cpu      ] GC(15) User=0.01s Sys=0.00s Real=0.01s
[2022-04-20T07:04:09.437+0000][8][safepoint   ] Safepoint "G1Concurrent", Time since last: 4095917 ns, Reaching safepoint: 178166 ns, At safepoint: 2737750 ns, Total: 2915916 ns
[2022-04-20T07:04:09.440+0000][8][gc,marking  ] GC(15) Concurrent Cleanup for Next Mark
[2022-04-20T07:04:09.441+0000][8][gc,marking  ] GC(15) Concurrent Cleanup for Next Mark 1.470ms
[2022-04-20T07:04:09.442+0000][8][gc          ] GC(15) Concurrent Mark Cycle 81.573ms
[2022-04-20T07:04:09.706+0000][8][safepoint   ] Safepoint "ICBufferFull", Time since last: 268171667 ns, Reaching safepoint: 161792 ns, At safepoint: 12167 ns, Total: 173959 ns
[2022-04-20T07:04:09.763+0000][8][safepoint   ] Safepoint "ICBufferFull", Time since last: 56792208 ns, Reaching safepoint: 133250 ns, At safepoint: 1583 ns, Total: 134833 ns
[2022-04-20T07:04:10.089+0000][8][safepoint   ] Safepoint "ICBufferFull", Time since last: 326362834 ns, Reaching safepoint: 213000 ns, At safepoint: 13166 ns, Total: 226166 ns
[2022-04-20T07:04:10.335+0000][8][safepoint   ] Safepoint "ICBufferFull", Time since last: 245685251 ns, Reaching safepoint: 324041 ns, At safepoint: 292500 ns, Total: 616541 ns
[2022-04-20T07:04:10.501+0000][8][safepoint   ] Safepoint "ICBufferFull", Time since last: 163947667 ns, Reaching safepoint: 1157375 ns, At safepoint: 26208 ns, Total: 1183583 ns
[2022-04-20T07:04:10.784+0000][8][safepoint   ] Safepoint "ICBufferFull", Time since last: 283260584 ns, Reaching safepoint: 441875 ns, At safepoint: 6958 ns, Total: 448833 ns
[2022-04-20T07:04:11.121+0000][8][safepoint   ] Safepoint "ICBufferFull", Time since last: 336525625 ns, Reaching safepoint: 377292 ns, At safepoint: 6458 ns, Total: 383750 ns
[2022-04-20T07:04:11.864+0000][8][safepoint   ] Safepoint "ICBufferFull", Time since last: 742652417 ns, Reaching safepoint: 399750 ns, At safepoint: 27417 ns, Total: 427167 ns
[2022-04-20T07:04:12.537+0000][8][safepoint   ] Safepoint "ICBufferFull", Time since last: 672825959 ns, Reaching safepoint: 309000 ns, At safepoint: 12833 ns, Total: 321833 ns
[2022-04-20T07:04:13.286+0000][8][safepoint   ] Safepoint "ICBufferFull", Time since last: 748054084 ns, Reaching safepoint: 212333 ns, At safepoint: 28375 ns, Total: 240708 ns
[2022-04-20T07:04:14.288+0000][8][safepoint   ] Safepoint "Cleanup", Time since last: 1002114667 ns, Reaching safepoint: 320208 ns, At safepoint: 10959 ns, Total: 331167 ns
[2022-04-20T07:04:15.295+0000][8][safepoint   ] Safepoint "Cleanup", Time since last: 1006646917 ns, Reaching safepoint: 142125 ns, At safepoint: 4583 ns, Total: 146708 ns
[2022-04-20T07:04:16.303+0000][8][safepoint   ] Safepoint "Cleanup", Time since last: 1007316209 ns, Reaching safepoint: 462542 ns, At safepoint: 17041 ns, Total: 479583 ns
[2022-04-20T07:04:20.323+0000][8][safepoint   ] Safepoint "Cleanup", Time since last: 4019590961 ns, Reaching safepoint: 193166 ns, At safepoint: 5000 ns, Total: 198166 ns
[2022-04-20T07:04:26.338+0000][8][safepoint   ] Safepoint "Cleanup", Time since last: 6014306127 ns, Reaching safepoint: 283500 ns, At safepoint: 17875 ns, Total: 301375 ns
[2022-04-20T07:04:33.368+0000][8][safepoint   ] Safepoint "Cleanup", Time since last: 7030234254 ns, Reaching safepoint: 374791 ns, At safepoint: 11709 ns, Total: 386500 ns
[2022-04-20T07:04:34.385+0000][8][safepoint   ] Safepoint "Cleanup", Time since last: 1016266583 ns, Reaching safepoint: 411084 ns, At safepoint: 12208 ns, Total: 423292 ns
[2022-04-20T07:04:35.389+0000][8][safepoint   ] Safepoint "Cleanup", Time since last: 1004297292 ns, Reaching safepoint: 296459 ns, At safepoint: 6333 ns, Total: 302792 ns
[2022-04-20T07:04:38.399+0000][8][safepoint   ] Safepoint "Cleanup", Time since last: 3009177001 ns, Reaching safepoint: 254625 ns, At safepoint: 16542 ns, Total: 271167 ns
[2022-04-20T07:04:39.407+0000][8][safepoint   ] Safepoint "Cleanup", Time since last: 1007280709 ns, Reaching safepoint: 338125 ns, At safepoint: 14125 ns, Total: 352250 ns
[2022-04-20T07:04:40.412+0000][8][safepoint   ] Safepoint "Cleanup", Time since last: 1005058000 ns, Reaching safepoint: 148917 ns, At safepoint: 11375 ns, Total: 160292 ns
[2022-04-20T07:04:41.431+0000][8][safepoint   ] Safepoint "ICBufferFull", Time since last: 1018526459 ns, Reaching safepoint: 220333 ns, At safepoint: 17375 ns, Total: 237708 ns
[2022-04-20T07:04:42.449+0000][8][safepoint   ] Safepoint "Cleanup", Time since last: 1017916084 ns, Reaching safepoint: 278500 ns, At safepoint: 74292 ns, Total: 352792 ns
[2022-04-20T07:04:43.452+0000][8][safepoint   ] Safepoint "Cleanup", Time since last: 1002565833 ns, Reaching safepoint: 253000 ns, At safepoint: 17250 ns, Total: 270250 ns
[2022-04-20T07:04:46.457+0000][8][safepoint   ] Safepoint "Cleanup", Time since last: 3004662544 ns, Reaching safepoint: 345166 ns, At safepoint: 16084 ns, Total: 361250 ns
[2022-04-20T07:04:47.469+0000][8][safepoint   ] Safepoint "Cleanup", Time since last: 1009329250 ns, Reaching safepoint: 3017542 ns, At safepoint: 36833 ns, Total: 3054375 ns
[2022-04-20T07:04:48.474+0000][8][safepoint   ] Safepoint "Cleanup", Time since last: 1004439375 ns, Reaching safepoint: 204125 ns, At safepoint: 7917 ns, Total: 212042 ns
[2022-04-20T07:04:49.494+0000][8][safepoint   ] Safepoint "Cleanup", Time since last: 1019848001 ns, Reaching safepoint: 376291 ns, At safepoint: 9584 ns, Total: 385875 ns
[2022-04-20T07:04:52.508+0000][8][safepoint   ] Safepoint "Cleanup", Time since last: 3013374834 ns, Reaching safepoint: 267584 ns, At safepoint: 12833 ns, Total: 280417 ns
[2022-04-20T07:04:58.527+0000][8][safepoint   ] Safepoint "Cleanup", Time since last: 6018196502 ns, Reaching safepoint: 664500 ns, At safepoint: 8834 ns, Total: 673334 ns
[2022-04-20T07:04:59.538+0000][8][safepoint   ] Safepoint "Cleanup", Time since last: 1011758458 ns, Reaching safepoint: 175042 ns, At safepoint: 7292 ns, Total: 182334 ns
[2022-04-20T07:05:01.557+0000][8][safepoint   ] Safepoint "Cleanup", Time since last: 2018290167 ns, Reaching safepoint: 524792 ns, At safepoint: 28417 ns, Total: 553209 ns
[2022-04-20T07:05:02.564+0000][8][safepoint   ] Safepoint "Cleanup", Time since last: 1006260542 ns, Reaching safepoint: 310625 ns, At safepoint: 20167 ns, Total: 330792 ns
[2022-04-20T07:05:03.571+0000][8][safepoint   ] Safepoint "Cleanup", Time since last: 1006581458 ns, Reaching safepoint: 326959 ns, At safepoint: 12125 ns, Total: 339084 ns
[2022-04-20T07:05:04.583+0000][8][safepoint   ] Safepoint "Cleanup", Time since last: 1010874209 ns, Reaching safepoint: 871916 ns, At safepoint: 10834 ns, Total: 882750 ns
[2022-04-20T07:05:05.592+0000][8][safepoint   ] Safepoint "Cleanup", Time since last: 1008677708 ns, Reaching safepoint: 280209 ns, At safepoint: 13500 ns, Total: 293709 ns
[2022-04-20T07:05:08.613+0000][8][safepoint   ] Safepoint "Cleanup", Time since last: 3020316834 ns, Reaching safepoint: 1047542 ns, At safepoint: 20208 ns, Total: 1067750 ns
[2022-04-20T07:05:09.625+0000][8][safepoint   ] Safepoint "Cleanup", Time since last: 1011870834 ns, Reaching safepoint: 182500 ns, At safepoint: 7334 ns, Total: 189834 ns
[2022-04-20T07:05:10.638+0000][8][safepoint   ] Safepoint "Cleanup", Time since last: 1012782667 ns, Reaching safepoint: 373375 ns, At safepoint: 12958 ns, Total: 386333 ns
[2022-04-20T07:05:12.654+0000][8][safepoint   ] Safepoint "Cleanup", Time since last: 2015090459 ns, Reaching safepoint: 315209 ns, At safepoint: 9833 ns, Total: 325042 ns
[2022-04-20T07:05:16.679+0000][8][safepoint   ] Safepoint "Cleanup", Time since last: 4024527294 ns, Reaching safepoint: 740833 ns, At safepoint: 11250 ns, Total: 752083 ns
[2022-04-20T07:05:17.690+0000][8][safepoint   ] Safepoint "Cleanup", Time since last: 1010614292 ns, Reaching safepoint: 668583 ns, At safepoint: 17125 ns, Total: 685708 ns
[2022-04-20T07:05:18.704+0000][8][safepoint   ] Safepoint "Cleanup", Time since last: 1013467209 ns, Reaching safepoint: 430709 ns, At safepoint: 53791 ns, Total: 484500 ns
[2022-04-20T07:05:19.717+0000][8][safepoint   ] Safepoint "Cleanup", Time since last: 1012037584 ns, Reaching safepoint: 520583 ns, At safepoint: 16709 ns, Total: 537292 ns
[2022-04-20T07:05:21.729+0000][8][safepoint   ] Safepoint "Cleanup", Time since last: 2011770126 ns, Reaching safepoint: 780875 ns, At safepoint: 12000 ns, Total: 792875 ns
[2022-04-20T07:05:28.757+0000][8][safepoint   ] Safepoint "Cleanup", Time since last: 7025029502 ns, Reaching safepoint: 410000 ns, At safepoint: 14000 ns, Total: 424000 ns
[2022-04-20T07:05:37.794+0000][8][safepoint   ] Safepoint "Cleanup", Time since last: 9036596171 ns, Reaching safepoint: 662417 ns, At safepoint: 10333 ns, Total: 672750 ns
[2022-04-20T07:05:38.805+0000][8][safepoint   ] Safepoint "Cleanup", Time since last: 1009872918 ns, Reaching safepoint: 395416 ns, At safepoint: 9334 ns, Total: 404750 ns
[2022-04-20T07:05:39.810+0000][8][safepoint   ] Safepoint "Cleanup", Time since last: 1005113708 ns, Reaching safepoint: 566042 ns, At safepoint: 11208 ns, Total: 577250 ns
[2022-04-20T07:05:40.815+0000][8][safepoint   ] Safepoint "Cleanup", Time since last: 1003857292 ns, Reaching safepoint: 765500 ns, At safepoint: 17959 ns, Total: 783459 ns
[2022-04-20T07:05:46.834+0000][8][safepoint   ] Safepoint "Cleanup", Time since last: 6018436128 ns, Reaching safepoint: 587500 ns, At safepoint: 14208 ns, Total: 601708 ns
[2022-04-20T07:06:05.866+0000][8][safepoint   ] Safepoint "Cleanup", Time since last: 19039982092 ns, Reaching safepoint: 821125 ns, At safepoint: 42958 ns, Total: 864083 ns
[2022-04-20T07:06:12.907+0000][8][safepoint   ] Safepoint "Cleanup", Time since last: 7039816212 ns, Reaching safepoint: 465333 ns, At safepoint: 22334 ns, Total: 487667 ns
[2022-04-20T07:06:13.916+0000][8][safepoint   ] Safepoint "Cleanup", Time since last: 1007122417 ns, Reaching safepoint: 1699958 ns, At safepoint: 20750 ns, Total: 1720708 ns
[2022-04-20T07:06:14.932+0000][8][safepoint   ] Safepoint "Cleanup", Time since last: 1015754584 ns, Reaching safepoint: 578792 ns, At safepoint: 18416 ns, Total: 597208 ns
[2022-04-20T07:06:15.940+0000][8][safepoint   ] Safepoint "Cleanup", Time since last: 1007137209 ns, Reaching safepoint: 815125 ns, At safepoint: 24292 ns, Total: 839417 ns
[2022-04-20T07:06:16.948+0000][8][safepoint   ] Safepoint "Cleanup", Time since last: 1007438250 ns, Reaching safepoint: 535709 ns, At safepoint: 12958 ns, Total: 548667 ns
[2022-04-20T07:06:17.962+0000][8][safepoint   ] Safepoint "Cleanup", Time since last: 1012762709 ns, Reaching safepoint: 1155500 ns, At safepoint: 40000 ns, Total: 1195500 ns
[2022-04-20T07:06:26.008+0000][8][safepoint   ] Safepoint "Cleanup", Time since last: 8040105712 ns, Reaching safepoint: 185500 ns, At safepoint: 361291 ns, Total: 546791 ns
[2022-04-20T07:06:32.033+0000][8][safepoint   ] Safepoint "Cleanup", Time since last: 6020599962 ns, Reaching safepoint: 4280000 ns, At safepoint: 23291 ns, Total: 4303291 ns
[2022-04-20T07:06:37.063+0000][8][safepoint   ] Safepoint "Cleanup", Time since last: 5023531294 ns, Reaching safepoint: 6920459 ns, At safepoint: 29083 ns, Total: 6949542 ns
[2022-04-20T07:06:41.082+0000][8][safepoint   ] Safepoint "Cleanup", Time since last: 4017798377 ns, Reaching safepoint: 809625 ns, At safepoint: 33083 ns, Total: 842708 ns
[2022-04-20T07:06:47.106+0000][8][safepoint   ] Safepoint "Cleanup", Time since last: 6023858253 ns, Reaching safepoint: 379792 ns, At safepoint: 14250 ns, Total: 394042 ns
[2022-04-20T07:07:03.174+0000][8][safepoint   ] Safepoint "Cleanup", Time since last: 16067325757 ns, Reaching safepoint: 765250 ns, At safepoint: 7875 ns, Total: 773125 ns
[2022-04-20T07:07:09.185+0000][8][safepoint   ] Safepoint "Cleanup", Time since last: 6010541003 ns, Reaching safepoint: 235833 ns, At safepoint: 7459 ns, Total: 243292 ns
[2022-04-20T07:07:09.576+0000][8][gc,heap,exit] Heap
[2022-04-20T07:07:09.577+0000][8][gc,heap,exit]  garbage-first heap   total 524288K, used 371188K [0x00000000e0000000, 0x0000000100000000)
[2022-04-20T07:07:09.578+0000][8][gc,heap,exit]   region size 4096K, 73 young (299008K), 5 survivors (20480K)
[2022-04-20T07:07:09.578+0000][8][gc,heap,exit]  Metaspace       used 102214K, committed 103744K, reserved 1138688K
[2022-04-20T07:07:09.579+0000][8][gc,heap,exit]   class space    used 14309K, committed 14976K, reserved 1048576K
