[2022-05-11T01:07:42.171+0000][162][gc] Using G1
[2022-05-11T01:07:42.203+0000][162][gc,init] Version: 17.0.2+8 (release)
[2022-05-11T01:07:42.203+0000][162][gc,init] CPUs: 12 total, 12 available
[2022-05-11T01:07:42.204+0000][162][gc,init] Memory: 25532M
[2022-05-11T01:07:42.204+0000][162][gc,init] Large Page Support: Disabled
[2022-05-11T01:07:42.204+0000][162][gc,init] NUMA Support: Disabled
[2022-05-11T01:07:42.205+0000][162][gc,init] Compressed Oops: Enabled (32-bit)
[2022-05-11T01:07:42.205+0000][162][gc,init] Heap Region Size: 4M
[2022-05-11T01:07:42.205+0000][162][gc,init] Heap Min Capacity: 512M
[2022-05-11T01:07:42.206+0000][162][gc,init] Heap Initial Capacity: 512M
[2022-05-11T01:07:42.207+0000][162][gc,init] Heap Max Capacity: 512M
[2022-05-11T01:07:42.208+0000][162][gc,init] Pre-touch: Enabled
[2022-05-11T01:07:42.208+0000][162][gc,init] Parallel Workers: 10
[2022-05-11T01:07:42.208+0000][162][gc,init] Concurrent Workers: 3
[2022-05-11T01:07:42.208+0000][162][gc,init] Concurrent Refinement Workers: 10
[2022-05-11T01:07:42.209+0000][162][gc,init] Periodic GC: Disabled
[2022-05-11T01:07:42.209+0000][162][gc,metaspace] CDS archive(s) mapped at: [0x0000000800000000-0x0000000800bd2000-0x0000000800bd2000), size 12394496, SharedBaseAddress: 0x0000000800000000, ArchiveRelocationMode: 0.
[2022-05-11T01:07:42.209+0000][162][gc,metaspace] Compressed class space mapped at: 0x0000000800c00000-0x0000000840c00000, reserved size: 1073741824
[2022-05-11T01:07:42.210+0000][162][gc,metaspace] Narrow klass base: 0x0000000800000000, Narrow klass shift: 0, Narrow klass range: 0x100000000
[2022-05-11T01:07:42.469+0000][162][safepoint   ] Safepoint "ICBufferFull", Time since last: 254000800 ns, Reaching safepoint: 130100 ns, At safepoint: 4400 ns, Total: 134500 ns
[2022-05-11T01:07:42.691+0000][162][gc,start    ] GC(0) Pause Young (Normal) (G1 Evacuation Pause)
[2022-05-11T01:07:42.691+0000][162][gc,task     ] GC(0) Using 10 workers of 10 for evacuation
[2022-05-11T01:07:42.691+0000][162][gc,age      ] GC(0) Desired survivor size 2097152 bytes, new threshold 15 (max threshold 15)
[2022-05-11T01:07:42.694+0000][162][gc,age      ] GC(0) Age table with threshold 15 (max threshold 15)
[2022-05-11T01:07:42.694+0000][162][gc,age      ] GC(0) - age   1:    4146448 bytes,    4146448 total
[2022-05-11T01:07:42.694+0000][162][gc,phases   ] GC(0)   Pre Evacuate Collection Set: 0.2ms
[2022-05-11T01:07:42.694+0000][162][gc,phases   ] GC(0)   Merge Heap Roots: 0.1ms
[2022-05-11T01:07:42.695+0000][162][gc,phases   ] GC(0)   Evacuate Collection Set: 1.3ms
[2022-05-11T01:07:42.695+0000][162][gc,phases   ] GC(0)   Post Evacuate Collection Set: 0.6ms
[2022-05-11T01:07:42.695+0000][162][gc,phases   ] GC(0)   Other: 1.2ms
[2022-05-11T01:07:42.695+0000][162][gc,heap     ] GC(0) Eden regions: 6->0(6)
[2022-05-11T01:07:42.695+0000][162][gc,heap     ] GC(0) Survivor regions: 0->1(1)
[2022-05-11T01:07:42.695+0000][162][gc,heap     ] GC(0) Old regions: 0->1
[2022-05-11T01:07:42.695+0000][162][gc,heap     ] GC(0) Archive regions: 2->2
[2022-05-11T01:07:42.695+0000][162][gc,heap     ] GC(0) Humongous regions: 0->0
[2022-05-11T01:07:42.696+0000][162][gc,metaspace] GC(0) Metaspace: 8848K(9024K)->8848K(9024K) NonClass: 7794K(7872K)->7794K(7872K) Class: 1053K(1152K)->1053K(1152K)
[2022-05-11T01:07:42.696+0000][162][gc          ] GC(0) Pause Young (Normal) (G1 Evacuation Pause) 27M->8M(512M) 4.781ms
[2022-05-11T01:07:42.696+0000][162][gc,cpu      ] GC(0) User=0.01s Sys=0.01s Real=0.00s
[2022-05-11T01:07:42.696+0000][162][safepoint   ] Safepoint "G1CollectForAllocation", Time since last: 222145500 ns, Reaching safepoint: 137300 ns, At safepoint: 5071600 ns, Total: 5208900 ns
[2022-05-11T01:07:42.978+0000][162][safepoint   ] Safepoint "ICBufferFull", Time since last: 281799100 ns, Reaching safepoint: 250000 ns, At safepoint: 21000 ns, Total: 271000 ns
[2022-05-11T01:07:43.021+0000][162][gc,start    ] GC(1) Pause Young (Normal) (G1 Evacuation Pause)
[2022-05-11T01:07:43.022+0000][162][gc,task     ] GC(1) Using 10 workers of 10 for evacuation
[2022-05-11T01:07:43.022+0000][162][gc,age      ] GC(1) Desired survivor size 2097152 bytes, new threshold 1 (max threshold 15)
[2022-05-11T01:07:43.026+0000][162][gc,age      ] GC(1) Age table with threshold 1 (max threshold 15)
[2022-05-11T01:07:43.027+0000][162][gc,age      ] GC(1) - age   1:    2745336 bytes,    2745336 total
[2022-05-11T01:07:43.027+0000][162][gc,phases   ] GC(1)   Pre Evacuate Collection Set: 0.3ms
[2022-05-11T01:07:43.027+0000][162][gc,phases   ] GC(1)   Merge Heap Roots: 0.2ms
[2022-05-11T01:07:43.027+0000][162][gc,phases   ] GC(1)   Evacuate Collection Set: 2.3ms
[2022-05-11T01:07:43.027+0000][162][gc,phases   ] GC(1)   Post Evacuate Collection Set: 1.2ms
[2022-05-11T01:07:43.028+0000][162][gc,phases   ] GC(1)   Other: 1.5ms
[2022-05-11T01:07:43.028+0000][162][gc,heap     ] GC(1) Eden regions: 6->0(11)
[2022-05-11T01:07:43.028+0000][162][gc,heap     ] GC(1) Survivor regions: 1->1(1)
[2022-05-11T01:07:43.028+0000][162][gc,heap     ] GC(1) Old regions: 1->2
[2022-05-11T01:07:43.028+0000][162][gc,heap     ] GC(1) Archive regions: 2->2
[2022-05-11T01:07:43.029+0000][162][gc,heap     ] GC(1) Humongous regions: 0->0
[2022-05-11T01:07:43.029+0000][162][gc,metaspace] GC(1) Metaspace: 13035K(13312K)->13035K(13312K) NonClass: 11445K(11584K)->11445K(11584K) Class: 1590K(1728K)->1590K(1728K)
[2022-05-11T01:07:43.029+0000][162][gc          ] GC(1) Pause Young (Normal) (G1 Evacuation Pause) 32M->10M(512M) 7.572ms
[2022-05-11T01:07:43.029+0000][162][gc,cpu      ] GC(1) User=0.02s Sys=0.00s Real=0.01s
[2022-05-11T01:07:43.029+0000][162][safepoint   ] Safepoint "G1CollectForAllocation", Time since last: 43148400 ns, Reaching safepoint: 227300 ns, At safepoint: 8109000 ns, Total: 8336300 ns
[2022-05-11T01:07:43.404+0000][162][gc,start    ] GC(2) Pause Young (Normal) (G1 Evacuation Pause)
[2022-05-11T01:07:43.404+0000][162][gc,task     ] GC(2) Using 10 workers of 10 for evacuation
[2022-05-11T01:07:43.404+0000][162][gc,age      ] GC(2) Desired survivor size 4194304 bytes, new threshold 15 (max threshold 15)
[2022-05-11T01:07:43.408+0000][162][gc,age      ] GC(2) Age table with threshold 15 (max threshold 15)
[2022-05-11T01:07:43.408+0000][162][gc,age      ] GC(2) - age   1:    1105760 bytes,    1105760 total
[2022-05-11T01:07:43.409+0000][162][gc,age      ] GC(2) - age   2:    2216656 bytes,    3322416 total
[2022-05-11T01:07:43.409+0000][162][gc,phases   ] GC(2)   Pre Evacuate Collection Set: 0.2ms
[2022-05-11T01:07:43.409+0000][162][gc,phases   ] GC(2)   Merge Heap Roots: 0.2ms
[2022-05-11T01:07:43.410+0000][162][gc,phases   ] GC(2)   Evacuate Collection Set: 1.8ms
[2022-05-11T01:07:43.410+0000][162][gc,phases   ] GC(2)   Post Evacuate Collection Set: 0.8ms
[2022-05-11T01:07:43.410+0000][162][gc,phases   ] GC(2)   Other: 2.1ms
[2022-05-11T01:07:43.410+0000][162][gc,heap     ] GC(2) Eden regions: 11->0(75)
[2022-05-11T01:07:43.411+0000][162][gc,heap     ] GC(2) Survivor regions: 1->1(2)
[2022-05-11T01:07:43.411+0000][162][gc,heap     ] GC(2) Old regions: 2->2
[2022-05-11T01:07:43.411+0000][162][gc,heap     ] GC(2) Archive regions: 2->2
[2022-05-11T01:07:43.411+0000][162][gc,heap     ] GC(2) Humongous regions: 0->0
[2022-05-11T01:07:43.411+0000][162][gc,metaspace] GC(2) Metaspace: 15043K(15232K)->15043K(15232K) NonClass: 13274K(13376K)->13274K(13376K) Class: 1769K(1856K)->1769K(1856K)
[2022-05-11T01:07:43.412+0000][162][gc          ] GC(2) Pause Young (Normal) (G1 Evacuation Pause) 54M->11M(512M) 7.822ms
[2022-05-11T01:07:43.412+0000][162][gc,cpu      ] GC(2) User=0.04s Sys=0.00s Real=0.01s
[2022-05-11T01:07:43.412+0000][162][safepoint   ] Safepoint "G1CollectForAllocation", Time since last: 374120800 ns, Reaching safepoint: 243700 ns, At safepoint: 8310600 ns, Total: 8554300 ns
[2022-05-11T01:07:43.613+0000][162][safepoint   ] Safepoint "ICBufferFull", Time since last: 200370400 ns, Reaching safepoint: 428800 ns, At safepoint: 18300 ns, Total: 447100 ns
[2022-05-11T01:07:43.614+0000][162][safepoint   ] Safepoint "ICBufferFull", Time since last: 1044400 ns, Reaching safepoint: 232300 ns, At safepoint: 4400 ns, Total: 236700 ns
[2022-05-11T01:07:43.616+0000][162][safepoint   ] Safepoint "ICBufferFull", Time since last: 1625000 ns, Reaching safepoint: 302100 ns, At safepoint: 16800 ns, Total: 318900 ns
[2022-05-11T01:07:43.618+0000][162][safepoint   ] Safepoint "ICBufferFull", Time since last: 1169900 ns, Reaching safepoint: 231700 ns, At safepoint: 6500 ns, Total: 238200 ns
[2022-05-11T01:07:43.619+0000][162][safepoint   ] Safepoint "ICBufferFull", Time since last: 1054200 ns, Reaching safepoint: 225400 ns, At safepoint: 4400 ns, Total: 229800 ns
[2022-05-11T01:07:43.760+0000][162][safepoint   ] Safepoint "ICBufferFull", Time since last: 140677600 ns, Reaching safepoint: 302700 ns, At safepoint: 23400 ns, Total: 326100 ns
[2022-05-11T01:07:43.963+0000][162][gc,start    ] GC(3) Pause Young (Normal) (G1 Evacuation Pause)
[2022-05-11T01:07:43.963+0000][162][gc,task     ] GC(3) Using 10 workers of 10 for evacuation
[2022-05-11T01:07:43.964+0000][162][gc,age      ] GC(3) Desired survivor size 20971520 bytes, new threshold 15 (max threshold 15)
[2022-05-11T01:07:43.967+0000][162][gc,age      ] GC(3) Age table with threshold 15 (max threshold 15)
[2022-05-11T01:07:43.967+0000][162][gc,age      ] GC(3) - age   1:    5235968 bytes,    5235968 total
[2022-05-11T01:07:43.968+0000][162][gc,age      ] GC(3) - age   2:    1081144 bytes,    6317112 total
[2022-05-11T01:07:43.968+0000][162][gc,age      ] GC(3) - age   3:    2215208 bytes,    8532320 total
[2022-05-11T01:07:43.968+0000][162][gc,phases   ] GC(3)   Pre Evacuate Collection Set: 0.2ms
[2022-05-11T01:07:43.968+0000][162][gc,phases   ] GC(3)   Merge Heap Roots: 0.2ms
[2022-05-11T01:07:43.968+0000][162][gc,phases   ] GC(3)   Evacuate Collection Set: 2.3ms
[2022-05-11T01:07:43.969+0000][162][gc,phases   ] GC(3)   Post Evacuate Collection Set: 0.7ms
[2022-05-11T01:07:43.969+0000][162][gc,phases   ] GC(3)   Other: 1.3ms
[2022-05-11T01:07:43.969+0000][162][gc,heap     ] GC(3) Eden regions: 75->0(73)
[2022-05-11T01:07:43.969+0000][162][gc,heap     ] GC(3) Survivor regions: 1->3(10)
[2022-05-11T01:07:43.969+0000][162][gc,heap     ] GC(3) Old regions: 2->2
[2022-05-11T01:07:43.969+0000][162][gc,heap     ] GC(3) Archive regions: 2->2
[2022-05-11T01:07:43.970+0000][162][gc,heap     ] GC(3) Humongous regions: 0->0
[2022-05-11T01:07:43.970+0000][162][gc,metaspace] GC(3) Metaspace: 18253K(18560K)->18253K(18560K) NonClass: 16022K(16192K)->16022K(16192K) Class: 2231K(2368K)->2231K(2368K)
[2022-05-11T01:07:43.970+0000][162][gc          ] GC(3) Pause Young (Normal) (G1 Evacuation Pause) 311M->16M(512M) 6.750ms
[2022-05-11T01:07:43.970+0000][162][gc,cpu      ] GC(3) User=0.03s Sys=0.01s Real=0.01s
[2022-05-11T01:07:43.970+0000][162][safepoint   ] Safepoint "G1CollectForAllocation", Time since last: 203098400 ns, Reaching safepoint: 220700 ns, At safepoint: 7116500 ns, Total: 7337200 ns
[2022-05-11T01:07:44.314+0000][162][gc,start    ] GC(4) Pause Young (Normal) (G1 Evacuation Pause)
[2022-05-11T01:07:44.314+0000][162][gc,task     ] GC(4) Using 10 workers of 10 for evacuation
[2022-05-11T01:07:44.314+0000][162][gc,age      ] GC(4) Desired survivor size 20971520 bytes, new threshold 15 (max threshold 15)
[2022-05-11T01:07:44.318+0000][162][gc,age      ] GC(4) Age table with threshold 15 (max threshold 15)
[2022-05-11T01:07:44.318+0000][162][gc,age      ] GC(4) - age   1:    5214528 bytes,    5214528 total
[2022-05-11T01:07:44.319+0000][162][gc,age      ] GC(4) - age   2:    4351360 bytes,    9565888 total
[2022-05-11T01:07:44.319+0000][162][gc,age      ] GC(4) - age   3:    1081112 bytes,   10647000 total
[2022-05-11T01:07:44.319+0000][162][gc,age      ] GC(4) - age   4:    2215064 bytes,   12862064 total
[2022-05-11T01:07:44.319+0000][162][gc,phases   ] GC(4)   Pre Evacuate Collection Set: 0.2ms
[2022-05-11T01:07:44.320+0000][162][gc,phases   ] GC(4)   Merge Heap Roots: 0.1ms
[2022-05-11T01:07:44.320+0000][162][gc,phases   ] GC(4)   Evacuate Collection Set: 2.4ms
[2022-05-11T01:07:44.320+0000][162][gc,phases   ] GC(4)   Post Evacuate Collection Set: 0.8ms
[2022-05-11T01:07:44.320+0000][162][gc,phases   ] GC(4)   Other: 2.2ms
[2022-05-11T01:07:44.321+0000][162][gc,heap     ] GC(4) Eden regions: 73->0(72)
[2022-05-11T01:07:44.321+0000][162][gc,heap     ] GC(4) Survivor regions: 3->4(10)
[2022-05-11T01:07:44.321+0000][162][gc,heap     ] GC(4) Old regions: 2->2
[2022-05-11T01:07:44.321+0000][162][gc,heap     ] GC(4) Archive regions: 2->2
[2022-05-11T01:07:44.322+0000][162][gc,heap     ] GC(4) Humongous regions: 0->0
[2022-05-11T01:07:44.322+0000][162][gc,metaspace] GC(4) Metaspace: 19229K(19648K)->19229K(19648K) NonClass: 16890K(17152K)->16890K(17152K) Class: 2339K(2496K)->2339K(2496K)
[2022-05-11T01:07:44.322+0000][162][gc          ] GC(4) Pause Young (Normal) (G1 Evacuation Pause) 308M->21M(512M) 8.383ms
[2022-05-11T01:07:44.322+0000][162][gc,cpu      ] GC(4) User=0.04s Sys=0.00s Real=0.01s
[2022-05-11T01:07:44.323+0000][162][safepoint   ] Safepoint "G1CollectForAllocation", Time since last: 343137800 ns, Reaching safepoint: 169400 ns, At safepoint: 8917500 ns, Total: 9086900 ns
[2022-05-11T01:07:44.560+0000][162][gc,start    ] GC(5) Pause Young (Normal) (G1 Evacuation Pause)
[2022-05-11T01:07:44.561+0000][162][gc,task     ] GC(5) Using 10 workers of 10 for evacuation
[2022-05-11T01:07:44.561+0000][162][gc,age      ] GC(5) Desired survivor size 20971520 bytes, new threshold 15 (max threshold 15)
[2022-05-11T01:07:44.565+0000][162][gc,age      ] GC(5) Age table with threshold 15 (max threshold 15)
[2022-05-11T01:07:44.565+0000][162][gc,age      ] GC(5) - age   1:     446760 bytes,     446760 total
[2022-05-11T01:07:44.565+0000][162][gc,age      ] GC(5) - age   2:    3465328 bytes,    3912088 total
[2022-05-11T01:07:44.566+0000][162][gc,age      ] GC(5) - age   3:    4350000 bytes,    8262088 total
[2022-05-11T01:07:44.566+0000][162][gc,age      ] GC(5) - age   4:    1080984 bytes,    9343072 total
[2022-05-11T01:07:44.566+0000][162][gc,age      ] GC(5) - age   5:    2215000 bytes,   11558072 total
[2022-05-11T01:07:44.567+0000][162][gc,phases   ] GC(5)   Pre Evacuate Collection Set: 0.2ms
[2022-05-11T01:07:44.567+0000][162][gc,phases   ] GC(5)   Merge Heap Roots: 0.1ms
[2022-05-11T01:07:44.567+0000][162][gc,phases   ] GC(5)   Evacuate Collection Set: 2.3ms
[2022-05-11T01:07:44.568+0000][162][gc,phases   ] GC(5)   Post Evacuate Collection Set: 0.9ms
[2022-05-11T01:07:44.568+0000][162][gc,phases   ] GC(5)   Other: 2.9ms
[2022-05-11T01:07:44.568+0000][162][gc,heap     ] GC(5) Eden regions: 72->0(73)
[2022-05-11T01:07:44.568+0000][162][gc,heap     ] GC(5) Survivor regions: 4->3(10)
[2022-05-11T01:07:44.569+0000][162][gc,heap     ] GC(5) Old regions: 2->2
[2022-05-11T01:07:44.569+0000][162][gc,heap     ] GC(5) Archive regions: 2->2
[2022-05-11T01:07:44.569+0000][162][gc,heap     ] GC(5) Humongous regions: 0->0
[2022-05-11T01:07:44.569+0000][162][gc,metaspace] GC(5) Metaspace: 19718K(20224K)->19718K(20224K) NonClass: 17295K(17600K)->17295K(17600K) Class: 2423K(2624K)->2423K(2624K)
[2022-05-11T01:07:44.570+0000][162][gc          ] GC(5) Pause Young (Normal) (G1 Evacuation Pause) 309M->19M(512M) 9.378ms
[2022-05-11T01:07:44.570+0000][162][gc,cpu      ] GC(5) User=0.02s Sys=0.00s Real=0.01s
[2022-05-11T01:07:44.570+0000][162][safepoint   ] Safepoint "G1CollectForAllocation", Time since last: 237495500 ns, Reaching safepoint: 243400 ns, At safepoint: 9855100 ns, Total: 10098500 ns
[2022-05-11T01:07:44.856+0000][162][gc,start    ] GC(6) Pause Young (Normal) (G1 Evacuation Pause)
[2022-05-11T01:07:44.856+0000][162][gc,task     ] GC(6) Using 10 workers of 10 for evacuation
[2022-05-11T01:07:44.857+0000][162][gc,age      ] GC(6) Desired survivor size 20971520 bytes, new threshold 15 (max threshold 15)
[2022-05-11T01:07:44.861+0000][162][gc,age      ] GC(6) Age table with threshold 15 (max threshold 15)
[2022-05-11T01:07:44.861+0000][162][gc,age      ] GC(6) - age   1:    3245760 bytes,    3245760 total
[2022-05-11T01:07:44.862+0000][162][gc,age      ] GC(6) - age   2:     429144 bytes,    3674904 total
[2022-05-11T01:07:44.862+0000][162][gc,age      ] GC(6) - age   3:    3463920 bytes,    7138824 total
[2022-05-11T01:07:44.862+0000][162][gc,age      ] GC(6) - age   4:    4344616 bytes,   11483440 total
[2022-05-11T01:07:44.863+0000][162][gc,age      ] GC(6) - age   5:    1080304 bytes,   12563744 total
[2022-05-11T01:07:44.863+0000][162][gc,age      ] GC(6) - age   6:    2214632 bytes,   14778376 total
[2022-05-11T01:07:44.863+0000][162][gc,phases   ] GC(6)   Pre Evacuate Collection Set: 0.2ms
[2022-05-11T01:07:44.864+0000][162][gc,phases   ] GC(6)   Merge Heap Roots: 0.2ms
[2022-05-11T01:07:44.864+0000][162][gc,phases   ] GC(6)   Evacuate Collection Set: 3.0ms
[2022-05-11T01:07:44.864+0000][162][gc,phases   ] GC(6)   Post Evacuate Collection Set: 0.9ms
[2022-05-11T01:07:44.864+0000][162][gc,phases   ] GC(6)   Other: 3.2ms
[2022-05-11T01:07:44.865+0000][162][gc,heap     ] GC(6) Eden regions: 73->0(72)
[2022-05-11T01:07:44.865+0000][162][gc,heap     ] GC(6) Survivor regions: 3->4(10)
[2022-05-11T01:07:44.865+0000][162][gc,heap     ] GC(6) Old regions: 2->2
[2022-05-11T01:07:44.865+0000][162][gc,heap     ] GC(6) Archive regions: 2->2
[2022-05-11T01:07:44.865+0000][162][gc,heap     ] GC(6) Humongous regions: 0->0
[2022-05-11T01:07:44.866+0000][162][gc,metaspace] GC(6) Metaspace: 20876K(21376K)->20876K(21376K) NonClass: 18300K(18624K)->18300K(18624K) Class: 2576K(2752K)->2576K(2752K)
[2022-05-11T01:07:44.866+0000][162][gc          ] GC(6) Pause Young (Normal) (G1 Evacuation Pause) 311M->23M(512M) 9.748ms
[2022-05-11T01:07:44.866+0000][162][gc,cpu      ] GC(6) User=0.04s Sys=0.00s Real=0.01s
[2022-05-11T01:07:44.866+0000][162][safepoint   ] Safepoint "G1CollectForAllocation", Time since last: 285598100 ns, Reaching safepoint: 182000 ns, At safepoint: 10102200 ns, Total: 10284200 ns
[2022-05-11T01:07:45.071+0000][162][gc,start    ] GC(7) Pause Young (Concurrent Start) (Metadata GC Threshold)
[2022-05-11T01:07:45.071+0000][162][gc,task     ] GC(7) Using 10 workers of 10 for evacuation
[2022-05-11T01:07:45.072+0000][162][gc,age      ] GC(7) Desired survivor size 20971520 bytes, new threshold 15 (max threshold 15)
[2022-05-11T01:07:45.076+0000][162][gc,age      ] GC(7) Age table with threshold 15 (max threshold 15)
[2022-05-11T01:07:45.077+0000][162][gc,age      ] GC(7) - age   1:     765872 bytes,     765872 total
[2022-05-11T01:07:45.077+0000][162][gc,age      ] GC(7) - age   2:    2120144 bytes,    2886016 total
[2022-05-11T01:07:45.077+0000][162][gc,age      ] GC(7) - age   3:     428656 bytes,    3314672 total
[2022-05-11T01:07:45.077+0000][162][gc,age      ] GC(7) - age   4:    3463648 bytes,    6778320 total
[2022-05-11T01:07:45.078+0000][162][gc,age      ] GC(7) - age   5:    4344536 bytes,   11122856 total
[2022-05-11T01:07:45.078+0000][162][gc,age      ] GC(7) - age   6:    1080304 bytes,   12203160 total
[2022-05-11T01:07:45.078+0000][162][gc,age      ] GC(7) - age   7:    2214632 bytes,   14417792 total
[2022-05-11T01:07:45.078+0000][162][gc,phases   ] GC(7)   Pre Evacuate Collection Set: 0.2ms
[2022-05-11T01:07:45.079+0000][162][gc,phases   ] GC(7)   Merge Heap Roots: 0.1ms
[2022-05-11T01:07:45.079+0000][162][gc,phases   ] GC(7)   Evacuate Collection Set: 3.1ms
[2022-05-11T01:07:45.079+0000][162][gc,phases   ] GC(7)   Post Evacuate Collection Set: 0.8ms
[2022-05-11T01:07:45.079+0000][162][gc,phases   ] GC(7)   Other: 3.4ms
[2022-05-11T01:07:45.080+0000][162][gc,heap     ] GC(7) Eden regions: 72->0(72)
[2022-05-11T01:07:45.080+0000][162][gc,heap     ] GC(7) Survivor regions: 4->4(10)
[2022-05-11T01:07:45.080+0000][162][gc,heap     ] GC(7) Old regions: 2->2
[2022-05-11T01:07:45.080+0000][162][gc,heap     ] GC(7) Archive regions: 2->2
[2022-05-11T01:07:45.080+0000][162][gc,heap     ] GC(7) Humongous regions: 0->0
[2022-05-11T01:07:45.080+0000][162][gc,metaspace] GC(7) Metaspace: 20980K(21504K)->20980K(21504K) NonClass: 18383K(18688K)->18383K(18688K) Class: 2596K(2816K)->2596K(2816K)
[2022-05-11T01:07:45.081+0000][162][gc          ] GC(7) Pause Young (Concurrent Start) (Metadata GC Threshold) 311M->22M(512M) 9.640ms
[2022-05-11T01:07:45.081+0000][162][gc,cpu      ] GC(7) User=0.02s Sys=0.00s Real=0.01s
[2022-05-11T01:07:45.081+0000][162][gc          ] GC(8) Concurrent Mark Cycle
[2022-05-11T01:07:45.081+0000][162][safepoint   ] Safepoint "CollectForMetadataAllocation", Time since last: 204738400 ns, Reaching safepoint: 173500 ns, At safepoint: 9976400 ns, Total: 10149900 ns
[2022-05-11T01:07:45.081+0000][162][gc,marking  ] GC(8) Concurrent Clear Claimed Marks
[2022-05-11T01:07:45.081+0000][162][gc,marking  ] GC(8) Concurrent Clear Claimed Marks 0.307ms
[2022-05-11T01:07:45.082+0000][162][gc,marking  ] GC(8) Concurrent Scan Root Regions
[2022-05-11T01:07:45.084+0000][162][gc,marking  ] GC(8) Concurrent Scan Root Regions 2.656ms
[2022-05-11T01:07:45.084+0000][162][gc,marking  ] GC(8) Concurrent Mark
[2022-05-11T01:07:45.085+0000][162][gc,marking  ] GC(8) Concurrent Mark From Roots
[2022-05-11T01:07:45.085+0000][162][gc,task     ] GC(8) Using 3 workers of 3 for marking
[2022-05-11T01:07:45.090+0000][162][gc,marking  ] GC(8) Concurrent Mark From Roots 5.026ms
[2022-05-11T01:07:45.090+0000][162][gc,marking  ] GC(8) Concurrent Preclean
[2022-05-11T01:07:45.091+0000][162][gc,marking  ] GC(8) Concurrent Preclean 0.580ms
[2022-05-11T01:07:45.091+0000][162][gc,start    ] GC(8) Pause Remark
[2022-05-11T01:07:45.094+0000][162][gc          ] GC(8) Pause Remark 24M->24M(512M) 2.539ms
[2022-05-11T01:07:45.094+0000][162][gc,cpu      ] GC(8) User=0.02s Sys=0.00s Real=0.00s
[2022-05-11T01:07:45.094+0000][162][safepoint   ] Safepoint "G1Concurrent", Time since last: 9852100 ns, Reaching safepoint: 328300 ns, At safepoint: 3221400 ns, Total: 3549700 ns
[2022-05-11T01:07:45.095+0000][162][gc,marking  ] GC(8) Concurrent Mark 10.068ms
[2022-05-11T01:07:45.095+0000][162][gc,marking  ] GC(8) Concurrent Rebuild Remembered Sets
[2022-05-11T01:07:45.098+0000][162][gc,marking  ] GC(8) Concurrent Rebuild Remembered Sets 3.446ms
[2022-05-11T01:07:45.099+0000][162][gc,start    ] GC(8) Pause Cleanup
[2022-05-11T01:07:45.099+0000][162][gc          ] GC(8) Pause Cleanup 26M->26M(512M) 0.475ms
[2022-05-11T01:07:45.100+0000][162][gc,cpu      ] GC(8) User=0.00s Sys=0.00s Real=0.01s
[2022-05-11T01:07:45.100+0000][162][safepoint   ] Safepoint "G1Concurrent", Time since last: 4196700 ns, Reaching safepoint: 314200 ns, At safepoint: 1087400 ns, Total: 1401600 ns
[2022-05-11T01:07:45.100+0000][162][gc,marking  ] GC(8) Concurrent Cleanup for Next Mark
[2022-05-11T01:07:45.101+0000][162][gc,marking  ] GC(8) Concurrent Cleanup for Next Mark 0.569ms
[2022-05-11T01:07:45.101+0000][162][gc          ] GC(8) Concurrent Mark Cycle 20.105ms
[2022-05-11T01:07:45.973+0000][162][safepoint   ] Safepoint "ICBufferFull", Time since last: 873082000 ns, Reaching safepoint: 244900 ns, At safepoint: 5200 ns, Total: 250100 ns
[2022-05-11T01:07:45.974+0000][162][safepoint   ] Safepoint "ICBufferFull", Time since last: 977000 ns, Reaching safepoint: 229600 ns, At safepoint: 5500 ns, Total: 235100 ns
[2022-05-11T01:07:45.976+0000][162][safepoint   ] Safepoint "ICBufferFull", Time since last: 975000 ns, Reaching safepoint: 231900 ns, At safepoint: 5200 ns, Total: 237100 ns
[2022-05-11T01:07:45.977+0000][162][safepoint   ] Safepoint "ICBufferFull", Time since last: 882700 ns, Reaching safepoint: 149800 ns, At safepoint: 4200 ns, Total: 154000 ns
[2022-05-11T01:07:45.989+0000][162][safepoint   ] Safepoint "ICBufferFull", Time since last: 11834100 ns, Reaching safepoint: 290200 ns, At safepoint: 17200 ns, Total: 307400 ns
[2022-05-11T01:07:45.990+0000][162][safepoint   ] Safepoint "ICBufferFull", Time since last: 952800 ns, Reaching safepoint: 153200 ns, At safepoint: 17100 ns, Total: 170300 ns
[2022-05-11T01:07:46.016+0000][162][safepoint   ] Safepoint "ICBufferFull", Time since last: 26311800 ns, Reaching safepoint: 175900 ns, At safepoint: 17200 ns, Total: 193100 ns
[2022-05-11T01:07:46.018+0000][162][safepoint   ] Safepoint "ICBufferFull", Time since last: 1023500 ns, Reaching safepoint: 161600 ns, At safepoint: 16300 ns, Total: 177900 ns
[2022-05-11T01:07:46.035+0000][162][safepoint   ] Safepoint "ICBufferFull", Time since last: 17115100 ns, Reaching safepoint: 215300 ns, At safepoint: 5600 ns, Total: 220900 ns
[2022-05-11T01:07:46.070+0000][162][safepoint   ] Safepoint "ICBufferFull", Time since last: 35103100 ns, Reaching safepoint: 169200 ns, At safepoint: 4700 ns, Total: 173900 ns
[2022-05-11T01:07:46.071+0000][162][safepoint   ] Safepoint "ICBufferFull", Time since last: 970600 ns, Reaching safepoint: 225500 ns, At safepoint: 20600 ns, Total: 246100 ns
[2022-05-11T01:07:46.073+0000][162][safepoint   ] Safepoint "ICBufferFull", Time since last: 940900 ns, Reaching safepoint: 154500 ns, At safepoint: 33200 ns, Total: 187700 ns
[2022-05-11T01:07:46.083+0000][162][safepoint   ] Safepoint "ICBufferFull", Time since last: 9740200 ns, Reaching safepoint: 249000 ns, At safepoint: 5300 ns, Total: 254300 ns
[2022-05-11T01:07:46.084+0000][162][safepoint   ] Safepoint "ICBufferFull", Time since last: 1033200 ns, Reaching safepoint: 154700 ns, At safepoint: 16400 ns, Total: 171100 ns
[2022-05-11T01:07:46.315+0000][162][safepoint   ] Safepoint "ICBufferFull", Time since last: 230788100 ns, Reaching safepoint: 258500 ns, At safepoint: 19300 ns, Total: 277800 ns
[2022-05-11T01:07:47.316+0000][162][safepoint   ] Safepoint "Cleanup", Time since last: 1000513900 ns, Reaching safepoint: 308900 ns, At safepoint: 18000 ns, Total: 326900 ns
[2022-05-11T01:07:47.527+0000][162][gc,start    ] GC(9) Pause Young (Concurrent Start) (Metadata GC Threshold)
[2022-05-11T01:07:47.528+0000][162][gc,task     ] GC(9) Using 10 workers of 10 for evacuation
[2022-05-11T01:07:47.528+0000][162][gc,age      ] GC(9) Desired survivor size 20971520 bytes, new threshold 15 (max threshold 15)
[2022-05-11T01:07:47.539+0000][162][gc,age      ] GC(9) Age table with threshold 15 (max threshold 15)
[2022-05-11T01:07:47.539+0000][162][gc,age      ] GC(9) - age   1:   27293008 bytes,   27293008 total
[2022-05-11T01:07:47.539+0000][162][gc,age      ] GC(9) - age   2:     740040 bytes,   28033048 total
[2022-05-11T01:07:47.540+0000][162][gc,age      ] GC(9) - age   3:    2089192 bytes,   30122240 total
[2022-05-11T01:07:47.540+0000][162][gc,age      ] GC(9) - age   4:     415800 bytes,   30538040 total
[2022-05-11T01:07:47.540+0000][162][gc,age      ] GC(9) - age   5:    3447888 bytes,   33985928 total
[2022-05-11T01:07:47.540+0000][162][gc,age      ] GC(9) - age   6:    4269808 bytes,   38255736 total
[2022-05-11T01:07:47.541+0000][162][gc,age      ] GC(9) - age   7:    1044760 bytes,   39300496 total
[2022-05-11T01:07:47.541+0000][162][gc,age      ] GC(9) - age   8:    2177424 bytes,   41477920 total
[2022-05-11T01:07:47.541+0000][162][gc,phases   ] GC(9)   Pre Evacuate Collection Set: 0.2ms
[2022-05-11T01:07:47.541+0000][162][gc,phases   ] GC(9)   Merge Heap Roots: 0.2ms
[2022-05-11T01:07:47.541+0000][162][gc,phases   ] GC(9)   Evacuate Collection Set: 8.9ms
[2022-05-11T01:07:47.542+0000][162][gc,phases   ] GC(9)   Post Evacuate Collection Set: 1.2ms
[2022-05-11T01:07:47.542+0000][162][gc,phases   ] GC(9)   Other: 3.2ms
[2022-05-11T01:07:47.542+0000][162][gc,heap     ] GC(9) Eden regions: 72->0(66)
[2022-05-11T01:07:47.542+0000][162][gc,heap     ] GC(9) Survivor regions: 4->10(10)
[2022-05-11T01:07:47.542+0000][162][gc,heap     ] GC(9) Old regions: 2->2
[2022-05-11T01:07:47.543+0000][162][gc,heap     ] GC(9) Archive regions: 2->2
[2022-05-11T01:07:47.543+0000][162][gc,heap     ] GC(9) Humongous regions: 0->0
[2022-05-11T01:07:47.543+0000][162][gc,metaspace] GC(9) Metaspace: 35209K(36096K)->35209K(36096K) NonClass: 30549K(31104K)->30549K(31104K) Class: 4660K(4992K)->4660K(4992K)
[2022-05-11T01:07:47.543+0000][162][gc          ] GC(9) Pause Young (Concurrent Start) (Metadata GC Threshold) 308M->48M(512M) 15.700ms
[2022-05-11T01:07:47.543+0000][162][gc,cpu      ] GC(9) User=0.12s Sys=0.00s Real=0.02s
[2022-05-11T01:07:47.544+0000][162][gc          ] GC(10) Concurrent Mark Cycle
[2022-05-11T01:07:47.544+0000][162][gc,marking  ] GC(10) Concurrent Clear Claimed Marks
[2022-05-11T01:07:47.544+0000][162][safepoint   ] Safepoint "CollectForMetadataAllocation", Time since last: 211536200 ns, Reaching safepoint: 181100 ns, At safepoint: 16215000 ns, Total: 16396100 ns
[2022-05-11T01:07:47.544+0000][162][gc,marking  ] GC(10) Concurrent Clear Claimed Marks 0.179ms
[2022-05-11T01:07:47.544+0000][162][gc,marking  ] GC(10) Concurrent Scan Root Regions
[2022-05-11T01:07:47.553+0000][162][gc,marking  ] GC(10) Concurrent Scan Root Regions 8.870ms
[2022-05-11T01:07:47.554+0000][162][gc,marking  ] GC(10) Concurrent Mark
[2022-05-11T01:07:47.554+0000][162][gc,marking  ] GC(10) Concurrent Mark From Roots
[2022-05-11T01:07:47.554+0000][162][gc,task     ] GC(10) Using 3 workers of 3 for marking
[2022-05-11T01:07:47.557+0000][162][gc,marking  ] GC(10) Concurrent Mark From Roots 3.705ms
[2022-05-11T01:07:47.558+0000][162][gc,marking  ] GC(10) Concurrent Preclean
[2022-05-11T01:07:47.558+0000][162][safepoint   ] Safepoint "CollectForMetadataAllocation", Time since last: 14048100 ns, Reaching safepoint: 168700 ns, At safepoint: 39300 ns, Total: 208000 ns
[2022-05-11T01:07:47.558+0000][162][gc,marking  ] GC(10) Concurrent Preclean 0.551ms
[2022-05-11T01:07:47.559+0000][162][gc,start    ] GC(10) Pause Remark
[2022-05-11T01:07:47.561+0000][162][gc          ] GC(10) Pause Remark 50M->50M(512M) 2.095ms
[2022-05-11T01:07:47.561+0000][162][gc,cpu      ] GC(10) User=0.02s Sys=0.00s Real=0.01s
[2022-05-11T01:07:47.562+0000][162][safepoint   ] Safepoint "G1Concurrent", Time since last: 818200 ns, Reaching safepoint: 232400 ns, At safepoint: 2625500 ns, Total: 2857900 ns
[2022-05-11T01:07:47.562+0000][162][gc,marking  ] GC(10) Concurrent Mark 8.214ms
[2022-05-11T01:07:47.562+0000][162][gc,marking  ] GC(10) Concurrent Rebuild Remembered Sets
[2022-05-11T01:07:47.564+0000][162][gc,marking  ] GC(10) Concurrent Rebuild Remembered Sets 1.862ms
[2022-05-11T01:07:47.564+0000][162][gc,start    ] GC(10) Pause Cleanup
[2022-05-11T01:07:47.565+0000][162][gc          ] GC(10) Pause Cleanup 50M->50M(512M) 0.361ms
[2022-05-11T01:07:47.565+0000][162][gc,cpu      ] GC(10) User=0.00s Sys=0.00s Real=0.00s
[2022-05-11T01:07:47.565+0000][162][safepoint   ] Safepoint "G1Concurrent", Time since last: 2426300 ns, Reaching safepoint: 273900 ns, At safepoint: 826700 ns, Total: 1100600 ns
[2022-05-11T01:07:47.565+0000][162][gc,marking  ] GC(10) Concurrent Cleanup for Next Mark
[2022-05-11T01:07:47.566+0000][162][gc,marking  ] GC(10) Concurrent Cleanup for Next Mark 0.398ms
[2022-05-11T01:07:47.566+0000][162][gc          ] GC(10) Concurrent Mark Cycle 22.312ms
[2022-05-11T01:07:48.327+0000][162][safepoint   ] Safepoint "ICBufferFull", Time since last: 761186700 ns, Reaching safepoint: 304700 ns, At safepoint: 18000 ns, Total: 322700 ns
[2022-05-11T01:07:48.559+0000][162][safepoint   ] Safepoint "ICBufferFull", Time since last: 232416200 ns, Reaching safepoint: 245100 ns, At safepoint: 29800 ns, Total: 274900 ns
[2022-05-11T01:07:48.763+0000][162][gc,start    ] GC(11) Pause Young (Concurrent Start) (G1 Evacuation Pause)
[2022-05-11T01:07:48.764+0000][162][gc,task     ] GC(11) Using 10 workers of 10 for evacuation
[2022-05-11T01:07:48.764+0000][162][gc,age      ] GC(11) Desired survivor size 20971520 bytes, new threshold 1 (max threshold 15)
[2022-05-11T01:07:48.777+0000][162][gc,age      ] GC(11) Age table with threshold 1 (max threshold 15)
[2022-05-11T01:07:48.777+0000][162][gc,age      ] GC(11) - age   1:    6081192 bytes,    6081192 total
[2022-05-11T01:07:48.777+0000][162][gc,phases   ] GC(11)   Pre Evacuate Collection Set: 0.2ms
[2022-05-11T01:07:48.778+0000][162][gc,phases   ] GC(11)   Merge Heap Roots: 0.1ms
[2022-05-11T01:07:48.778+0000][162][gc,phases   ] GC(11)   Evacuate Collection Set: 11.0ms
[2022-05-11T01:07:48.778+0000][162][gc,phases   ] GC(11)   Post Evacuate Collection Set: 1.1ms
[2022-05-11T01:07:48.778+0000][162][gc,phases   ] GC(11)   Other: 1.7ms
[2022-05-11T01:07:48.779+0000][162][gc,heap     ] GC(11) Eden regions: 66->0(73)
[2022-05-11T01:07:48.779+0000][162][gc,heap     ] GC(11) Survivor regions: 10->3(10)
[2022-05-11T01:07:48.779+0000][162][gc,heap     ] GC(11) Old regions: 2->11
[2022-05-11T01:07:48.779+0000][162][gc,heap     ] GC(11) Archive regions: 2->2
[2022-05-11T01:07:48.779+0000][162][gc,heap     ] GC(11) Humongous regions: 0->0
[2022-05-11T01:07:48.780+0000][162][gc,metaspace] GC(11) Metaspace: 52191K(53440K)->52191K(53440K) NonClass: 45107K(45888K)->45107K(45888K) Class: 7084K(7552K)->7084K(7552K)
[2022-05-11T01:07:48.780+0000][162][gc          ] GC(11) Pause Young (Concurrent Start) (G1 Evacuation Pause) 312M->56M(512M) 16.756ms
[2022-05-11T01:07:48.780+0000][162][gc,cpu      ] GC(11) User=0.13s Sys=0.01s Real=0.02s
[2022-05-11T01:07:48.780+0000][162][gc          ] GC(12) Concurrent Mark Cycle
[2022-05-11T01:07:48.781+0000][162][gc,marking  ] GC(12) Concurrent Clear Claimed Marks
[2022-05-11T01:07:48.780+0000][162][safepoint   ] Safepoint "G1CollectForAllocation", Time since last: 203684000 ns, Reaching safepoint: 175300 ns, At safepoint: 17245300 ns, Total: 17420600 ns
[2022-05-11T01:07:48.781+0000][162][gc,marking  ] GC(12) Concurrent Clear Claimed Marks 0.225ms
[2022-05-11T01:07:48.781+0000][162][gc,marking  ] GC(12) Concurrent Scan Root Regions
[2022-05-11T01:07:48.792+0000][162][gc,marking  ] GC(12) Concurrent Scan Root Regions 10.809ms
[2022-05-11T01:07:48.793+0000][162][gc,marking  ] GC(12) Concurrent Mark
[2022-05-11T01:07:48.793+0000][162][gc,marking  ] GC(12) Concurrent Mark From Roots
[2022-05-11T01:07:48.793+0000][162][gc,task     ] GC(12) Using 3 workers of 3 for marking
[2022-05-11T01:07:48.797+0000][162][gc,marking  ] GC(12) Concurrent Mark From Roots 3.842ms
[2022-05-11T01:07:48.797+0000][162][gc,marking  ] GC(12) Concurrent Preclean
[2022-05-11T01:07:48.798+0000][162][gc,marking  ] GC(12) Concurrent Preclean 0.590ms
[2022-05-11T01:07:48.798+0000][162][gc,start    ] GC(12) Pause Remark
[2022-05-11T01:07:48.800+0000][162][gc          ] GC(12) Pause Remark 64M->64M(512M) 2.328ms
[2022-05-11T01:07:48.801+0000][162][gc,cpu      ] GC(12) User=0.01s Sys=0.02s Real=0.01s
[2022-05-11T01:07:48.801+0000][162][safepoint   ] Safepoint "G1Concurrent", Time since last: 17473500 ns, Reaching safepoint: 253200 ns, At safepoint: 2830600 ns, Total: 3083800 ns
[2022-05-11T01:07:48.801+0000][162][gc,marking  ] GC(12) Concurrent Mark 8.655ms
[2022-05-11T01:07:48.801+0000][162][gc,marking  ] GC(12) Concurrent Rebuild Remembered Sets
[2022-05-11T01:07:48.801+0000][162][gc,marking  ] GC(12) Concurrent Rebuild Remembered Sets 0.149ms
[2022-05-11T01:07:48.802+0000][162][gc,start    ] GC(12) Pause Cleanup
[2022-05-11T01:07:48.802+0000][162][gc          ] GC(12) Pause Cleanup 64M->64M(512M) 0.234ms
[2022-05-11T01:07:48.802+0000][162][gc,cpu      ] GC(12) User=0.00s Sys=0.00s Real=0.00s
[2022-05-11T01:07:48.803+0000][162][safepoint   ] Safepoint "G1Concurrent", Time since last: 743700 ns, Reaching safepoint: 283100 ns, At safepoint: 735900 ns, Total: 1019000 ns
[2022-05-11T01:07:48.803+0000][162][gc,marking  ] GC(12) Concurrent Cleanup for Next Mark
[2022-05-11T01:07:48.804+0000][162][gc,marking  ] GC(12) Concurrent Cleanup for Next Mark 0.465ms
[2022-05-11T01:07:48.804+0000][162][gc          ] GC(12) Concurrent Mark Cycle 23.385ms
[2022-05-11T01:07:49.663+0000][162][safepoint   ] Safepoint "ICBufferFull", Time since last: 859262200 ns, Reaching safepoint: 725200 ns, At safepoint: 35900 ns, Total: 761100 ns
[2022-05-11T01:07:50.393+0000][162][safepoint   ] Safepoint "ICBufferFull", Time since last: 730386500 ns, Reaching safepoint: 251800 ns, At safepoint: 18400 ns, Total: 270200 ns
[2022-05-11T01:07:51.121+0000][162][safepoint   ] Safepoint "ICBufferFull", Time since last: 726961400 ns, Reaching safepoint: 253400 ns, At safepoint: 6700 ns, Total: 260100 ns
[2022-05-11T01:07:51.263+0000][162][gc,start    ] GC(13) Pause Young (Normal) (G1 Evacuation Pause)
[2022-05-11T01:07:51.263+0000][162][gc,task     ] GC(13) Using 10 workers of 10 for evacuation
[2022-05-11T01:07:51.263+0000][162][gc,age      ] GC(13) Desired survivor size 20971520 bytes, new threshold 15 (max threshold 15)
[2022-05-11T01:07:51.273+0000][162][gc,age      ] GC(13) Age table with threshold 15 (max threshold 15)
[2022-05-11T01:07:51.273+0000][162][gc,age      ] GC(13) - age   1:   14609736 bytes,   14609736 total
[2022-05-11T01:07:51.273+0000][162][gc,age      ] GC(13) - age   2:    5893064 bytes,   20502800 total
[2022-05-11T01:07:51.273+0000][162][gc,phases   ] GC(13)   Pre Evacuate Collection Set: 0.2ms
[2022-05-11T01:07:51.274+0000][162][gc,phases   ] GC(13)   Merge Heap Roots: 0.2ms
[2022-05-11T01:07:51.274+0000][162][gc,phases   ] GC(13)   Evacuate Collection Set: 7.7ms
[2022-05-11T01:07:51.274+0000][162][gc,phases   ] GC(13)   Post Evacuate Collection Set: 1.6ms
[2022-05-11T01:07:51.274+0000][162][gc,phases   ] GC(13)   Other: 1.2ms
[2022-05-11T01:07:51.274+0000][162][gc,heap     ] GC(13) Eden regions: 73->0(70)
[2022-05-11T01:07:51.274+0000][162][gc,heap     ] GC(13) Survivor regions: 3->6(10)
[2022-05-11T01:07:51.274+0000][162][gc,heap     ] GC(13) Old regions: 11->11
[2022-05-11T01:07:51.274+0000][162][gc,heap     ] GC(13) Archive regions: 2->2
[2022-05-11T01:07:51.275+0000][162][gc,heap     ] GC(13) Humongous regions: 0->0
[2022-05-11T01:07:51.275+0000][162][gc,metaspace] GC(13) Metaspace: 85864K(87296K)->85864K(87296K) NonClass: 73925K(74752K)->73925K(74752K) Class: 11938K(12544K)->11938K(12544K)
[2022-05-11T01:07:51.275+0000][162][gc          ] GC(13) Pause Young (Normal) (G1 Evacuation Pause) 348M->68M(512M) 12.154ms
[2022-05-11T01:07:51.275+0000][162][gc,cpu      ] GC(13) User=0.08s Sys=0.00s Real=0.01s
[2022-05-11T01:07:51.275+0000][162][safepoint   ] Safepoint "G1CollectForAllocation", Time since last: 141494100 ns, Reaching safepoint: 262700 ns, At safepoint: 12514800 ns, Total: 12777500 ns
[2022-05-11T01:07:51.389+0000][162][safepoint   ] Safepoint "ICBufferFull", Time since last: 114032600 ns, Reaching safepoint: 265800 ns, At safepoint: 18900 ns, Total: 284700 ns
[2022-05-11T01:07:51.690+0000][162][gc,start    ] GC(14) Pause Young (Concurrent Start) (Metadata GC Threshold)
[2022-05-11T01:07:51.690+0000][162][gc,task     ] GC(14) Using 10 workers of 10 for evacuation
[2022-05-11T01:07:51.690+0000][162][gc,age      ] GC(14) Desired survivor size 20971520 bytes, new threshold 15 (max threshold 15)
[2022-05-11T01:07:51.700+0000][162][gc,age      ] GC(14) Age table with threshold 15 (max threshold 15)
[2022-05-11T01:07:51.700+0000][162][gc,age      ] GC(14) - age   1:     581808 bytes,     581808 total
[2022-05-11T01:07:51.700+0000][162][gc,age      ] GC(14) - age   2:   13609144 bytes,   14190952 total
[2022-05-11T01:07:51.701+0000][162][gc,age      ] GC(14) - age   3:    5867696 bytes,   20058648 total
[2022-05-11T01:07:51.701+0000][162][gc,phases   ] GC(14)   Pre Evacuate Collection Set: 0.3ms
[2022-05-11T01:07:51.701+0000][162][gc,phases   ] GC(14)   Merge Heap Roots: 0.2ms
[2022-05-11T01:07:51.702+0000][162][gc,phases   ] GC(14)   Evacuate Collection Set: 8.2ms
[2022-05-11T01:07:51.702+0000][162][gc,phases   ] GC(14)   Post Evacuate Collection Set: 1.1ms
[2022-05-11T01:07:51.702+0000][162][gc,phases   ] GC(14)   Other: 1.8ms
[2022-05-11T01:07:51.702+0000][162][gc,heap     ] GC(14) Eden regions: 7->0(70)
[2022-05-11T01:07:51.703+0000][162][gc,heap     ] GC(14) Survivor regions: 6->6(10)
[2022-05-11T01:07:51.703+0000][162][gc,heap     ] GC(14) Old regions: 11->11
[2022-05-11T01:07:51.703+0000][162][gc,heap     ] GC(14) Archive regions: 2->2
[2022-05-11T01:07:51.703+0000][162][gc,heap     ] GC(14) Humongous regions: 0->0
[2022-05-11T01:07:51.704+0000][162][gc,metaspace] GC(14) Metaspace: 87581K(89088K)->87581K(89088K) NonClass: 75421K(76288K)->75421K(76288K) Class: 12159K(12800K)->12159K(12800K)
[2022-05-11T01:07:51.704+0000][162][gc          ] GC(14) Pause Young (Concurrent Start) (Metadata GC Threshold) 94M->68M(512M) 14.353ms
[2022-05-11T01:07:51.704+0000][162][gc,cpu      ] GC(14) User=0.06s Sys=0.02s Real=0.01s
[2022-05-11T01:07:51.704+0000][162][gc          ] GC(15) Concurrent Mark Cycle
[2022-05-11T01:07:51.704+0000][162][gc,marking  ] GC(15) Concurrent Clear Claimed Marks
[2022-05-11T01:07:51.704+0000][162][safepoint   ] Safepoint "CollectForMetadataAllocation", Time since last: 299809900 ns, Reaching safepoint: 214000 ns, At safepoint: 14885900 ns, Total: 15099900 ns
[2022-05-11T01:07:51.705+0000][162][gc,marking  ] GC(15) Concurrent Clear Claimed Marks 0.224ms
[2022-05-11T01:07:51.705+0000][162][gc,marking  ] GC(15) Concurrent Scan Root Regions
[2022-05-11T01:07:51.712+0000][162][gc,marking  ] GC(15) Concurrent Scan Root Regions 7.270ms
[2022-05-11T01:07:51.713+0000][162][gc,marking  ] GC(15) Concurrent Mark
[2022-05-11T01:07:51.713+0000][162][gc,marking  ] GC(15) Concurrent Mark From Roots
[2022-05-11T01:07:51.713+0000][162][gc,task     ] GC(15) Using 3 workers of 3 for marking
[2022-05-11T01:07:51.752+0000][162][gc,marking  ] GC(15) Concurrent Mark From Roots 38.797ms
[2022-05-11T01:07:51.752+0000][162][gc,marking  ] GC(15) Concurrent Preclean
[2022-05-11T01:07:51.752+0000][162][gc,marking  ] GC(15) Concurrent Preclean 0.759ms
[2022-05-11T01:07:51.753+0000][162][gc,start    ] GC(15) Pause Remark
[2022-05-11T01:07:51.756+0000][162][gc          ] GC(15) Pause Remark 71M->71M(512M) 3.073ms
[2022-05-11T01:07:51.756+0000][162][gc,cpu      ] GC(15) User=0.02s Sys=0.00s Real=0.00s
[2022-05-11T01:07:51.757+0000][162][safepoint   ] Safepoint "G1Concurrent", Time since last: 48387700 ns, Reaching safepoint: 189300 ns, At safepoint: 3731500 ns, Total: 3920800 ns
[2022-05-11T01:07:51.757+0000][162][gc,marking  ] GC(15) Concurrent Mark 44.429ms
[2022-05-11T01:07:51.757+0000][162][gc,marking  ] GC(15) Concurrent Rebuild Remembered Sets
[2022-05-11T01:07:51.757+0000][162][gc,marking  ] GC(15) Concurrent Rebuild Remembered Sets 0.131ms
[2022-05-11T01:07:51.758+0000][162][gc,start    ] GC(15) Pause Cleanup
[2022-05-11T01:07:51.758+0000][162][gc          ] GC(15) Pause Cleanup 71M->71M(512M) 0.180ms
[2022-05-11T01:07:51.758+0000][162][gc,cpu      ] GC(15) User=0.00s Sys=0.00s Real=0.00s
[2022-05-11T01:07:51.758+0000][162][safepoint   ] Safepoint "G1Concurrent", Time since last: 868500 ns, Reaching safepoint: 184000 ns, At safepoint: 537300 ns, Total: 721300 ns
[2022-05-11T01:07:51.758+0000][162][gc,marking  ] GC(15) Concurrent Cleanup for Next Mark
[2022-05-11T01:07:51.759+0000][162][gc,marking  ] GC(15) Concurrent Cleanup for Next Mark 0.367ms
[2022-05-11T01:07:51.759+0000][162][gc          ] GC(15) Concurrent Mark Cycle 54.699ms
[2022-05-11T01:07:52.299+0000][162][safepoint   ] Safepoint "ICBufferFull", Time since last: 540697100 ns, Reaching safepoint: 232800 ns, At safepoint: 51000 ns, Total: 283800 ns
[2022-05-11T01:07:53.027+0000][162][safepoint   ] Safepoint "ICBufferFull", Time since last: 727968200 ns, Reaching safepoint: 178100 ns, At safepoint: 6100 ns, Total: 184200 ns
[2022-05-11T01:07:53.750+0000][162][safepoint   ] Safepoint "ICBufferFull", Time since last: 722514300 ns, Reaching safepoint: 204800 ns, At safepoint: 39300 ns, Total: 244100 ns
[2022-05-11T01:07:54.258+0000][162][safepoint   ] Safepoint "ICBufferFull", Time since last: 507620500 ns, Reaching safepoint: 195100 ns, At safepoint: 30500 ns, Total: 225600 ns
[2022-05-11T01:07:54.559+0000][162][safepoint   ] Safepoint "ICBufferFull", Time since last: 301037100 ns, Reaching safepoint: 211200 ns, At safepoint: 8300 ns, Total: 219500 ns
[2022-05-11T01:07:55.161+0000][162][safepoint   ] Safepoint "ICBufferFull", Time since last: 601322100 ns, Reaching safepoint: 161500 ns, At safepoint: 19000 ns, Total: 180500 ns
[2022-05-11T01:07:55.431+0000][162][gc,start    ] GC(16) Pause Young (Normal) (G1 Evacuation Pause)
[2022-05-11T01:07:55.431+0000][162][gc,task     ] GC(16) Using 10 workers of 10 for evacuation
[2022-05-11T01:07:55.431+0000][162][gc,age      ] GC(16) Desired survivor size 20971520 bytes, new threshold 15 (max threshold 15)
[2022-05-11T01:07:55.442+0000][162][gc,age      ] GC(16) Age table with threshold 15 (max threshold 15)
[2022-05-11T01:07:55.442+0000][162][gc,age      ] GC(16) - age   1:    9682208 bytes,    9682208 total
[2022-05-11T01:07:55.442+0000][162][gc,age      ] GC(16) - age   2:     427136 bytes,   10109344 total
[2022-05-11T01:07:55.443+0000][162][gc,age      ] GC(16) - age   3:   13462232 bytes,   23571576 total
[2022-05-11T01:07:55.443+0000][162][gc,age      ] GC(16) - age   4:    5687624 bytes,   29259200 total
[2022-05-11T01:07:55.443+0000][162][gc,phases   ] GC(16)   Pre Evacuate Collection Set: 0.2ms
[2022-05-11T01:07:55.444+0000][162][gc,phases   ] GC(16)   Merge Heap Roots: 0.2ms
[2022-05-11T01:07:55.444+0000][162][gc,phases   ] GC(16)   Evacuate Collection Set: 8.7ms
[2022-05-11T01:07:55.444+0000][162][gc,phases   ] GC(16)   Post Evacuate Collection Set: 1.5ms
[2022-05-11T01:07:55.444+0000][162][gc,phases   ] GC(16)   Other: 2.2ms
[2022-05-11T01:07:55.444+0000][162][gc,heap     ] GC(16) Eden regions: 70->0(68)
[2022-05-11T01:07:55.445+0000][162][gc,heap     ] GC(16) Survivor regions: 6->8(10)
[2022-05-11T01:07:55.445+0000][162][gc,heap     ] GC(16) Old regions: 11->11
[2022-05-11T01:07:55.445+0000][162][gc,heap     ] GC(16) Archive regions: 2->2
[2022-05-11T01:07:55.445+0000][162][gc,heap     ] GC(16) Humongous regions: 6->6
[2022-05-11T01:07:55.445+0000][162][gc,metaspace] GC(16) Metaspace: 98113K(99648K)->98113K(99648K) NonClass: 84415K(85312K)->84415K(85312K) Class: 13698K(14336K)->13698K(14336K)
[2022-05-11T01:07:55.445+0000][162][gc          ] GC(16) Pause Young (Normal) (G1 Evacuation Pause) 372M->101M(512M) 14.623ms
[2022-05-11T01:07:55.445+0000][162][gc,cpu      ] GC(16) User=0.10s Sys=0.01s Real=0.01s
[2022-05-11T01:07:55.446+0000][162][safepoint   ] Safepoint "G1CollectForAllocation", Time since last: 269650000 ns, Reaching safepoint: 176900 ns, At safepoint: 14954700 ns, Total: 15131600 ns
[2022-05-11T01:07:56.481+0000][162][safepoint   ] Safepoint "ICBufferFull", Time since last: 1034787000 ns, Reaching safepoint: 252600 ns, At safepoint: 31900 ns, Total: 284500 ns
[2022-05-11T01:07:56.642+0000][162][gc,start    ] GC(17) Pause Young (Normal) (G1 Evacuation Pause)
[2022-05-11T01:07:56.643+0000][162][gc,task     ] GC(17) Using 10 workers of 10 for evacuation
[2022-05-11T01:07:56.643+0000][162][gc,age      ] GC(17) Desired survivor size 20971520 bytes, new threshold 3 (max threshold 15)
[2022-05-11T01:07:56.654+0000][162][gc,age      ] GC(17) Age table with threshold 3 (max threshold 15)
[2022-05-11T01:07:56.654+0000][162][gc,age      ] GC(17) - age   1:    2964080 bytes,    2964080 total
[2022-05-11T01:07:56.654+0000][162][gc,age      ] GC(17) - age   2:    8651536 bytes,   11615616 total
[2022-05-11T01:07:56.654+0000][162][gc,age      ] GC(17) - age   3:     427016 bytes,   12042632 total
[2022-05-11T01:07:56.655+0000][162][gc,phases   ] GC(17)   Pre Evacuate Collection Set: 0.2ms
[2022-05-11T01:07:56.655+0000][162][gc,phases   ] GC(17)   Merge Heap Roots: 0.1ms
[2022-05-11T01:07:56.655+0000][162][gc,phases   ] GC(17)   Evacuate Collection Set: 9.2ms
[2022-05-11T01:07:56.655+0000][162][gc,phases   ] GC(17)   Post Evacuate Collection Set: 1.1ms
[2022-05-11T01:07:56.655+0000][162][gc,phases   ] GC(17)   Other: 1.7ms
[2022-05-11T01:07:56.655+0000][162][gc,heap     ] GC(17) Eden regions: 68->0(72)
[2022-05-11T01:07:56.656+0000][162][gc,heap     ] GC(17) Survivor regions: 8->4(10)
[2022-05-11T01:07:56.656+0000][162][gc,heap     ] GC(17) Old regions: 11->16
[2022-05-11T01:07:56.656+0000][162][gc,heap     ] GC(17) Archive regions: 2->2
[2022-05-11T01:07:56.656+0000][162][gc,heap     ] GC(17) Humongous regions: 6->6
[2022-05-11T01:07:56.656+0000][162][gc,metaspace] GC(17) Metaspace: 99649K(101184K)->99649K(101184K) NonClass: 85655K(86528K)->85655K(86528K) Class: 13993K(14656K)->13993K(14656K)
[2022-05-11T01:07:56.656+0000][162][gc          ] GC(17) Pause Young (Normal) (G1 Evacuation Pause) 373M->103M(512M) 13.995ms
[2022-05-11T01:07:56.656+0000][162][gc,cpu      ] GC(17) User=0.11s Sys=0.00s Real=0.01s
[2022-05-11T01:07:56.657+0000][162][safepoint   ] Safepoint "G1CollectForAllocation", Time since last: 161415600 ns, Reaching safepoint: 238600 ns, At safepoint: 14367600 ns, Total: 14606200 ns
[2022-05-11T01:07:57.657+0000][162][safepoint   ] Safepoint "Cleanup", Time since last: 1000298500 ns, Reaching safepoint: 188100 ns, At safepoint: 20000 ns, Total: 208100 ns
[2022-05-11T01:07:58.659+0000][162][safepoint   ] Safepoint "Cleanup", Time since last: 1000733200 ns, Reaching safepoint: 742500 ns, At safepoint: 24100 ns, Total: 766600 ns
[2022-05-11T01:08:01.661+0000][162][safepoint   ] Safepoint "Cleanup", Time since last: 3001505700 ns, Reaching safepoint: 376100 ns, At safepoint: 11900 ns, Total: 388000 ns
[2022-05-11T01:08:02.662+0000][162][safepoint   ] Safepoint "Cleanup", Time since last: 1000694500 ns, Reaching safepoint: 479500 ns, At safepoint: 13900 ns, Total: 493400 ns
[2022-05-11T01:08:04.663+0000][162][safepoint   ] Safepoint "Cleanup", Time since last: 2000993300 ns, Reaching safepoint: 413200 ns, At safepoint: 10200 ns, Total: 423400 ns
[2022-05-11T01:08:06.664+0000][162][safepoint   ] Safepoint "Cleanup", Time since last: 2000951400 ns, Reaching safepoint: 273700 ns, At safepoint: 9200 ns, Total: 282900 ns
[2022-05-11T01:08:07.665+0000][162][safepoint   ] Safepoint "Cleanup", Time since last: 1000584800 ns, Reaching safepoint: 392300 ns, At safepoint: 8000 ns, Total: 400300 ns
[2022-05-11T01:08:09.666+0000][162][safepoint   ] Safepoint "Cleanup", Time since last: 2000637400 ns, Reaching safepoint: 211900 ns, At safepoint: 7200 ns, Total: 219100 ns
[2022-05-11T01:08:11.668+0000][162][safepoint   ] Safepoint "Cleanup", Time since last: 2001116000 ns, Reaching safepoint: 1008800 ns, At safepoint: 32700 ns, Total: 1041500 ns
[2022-05-11T01:08:12.670+0000][162][safepoint   ] Safepoint "Cleanup", Time since last: 1001345300 ns, Reaching safepoint: 231100 ns, At safepoint: 31000 ns, Total: 262100 ns
[2022-05-11T01:08:14.009+0000][162][safepoint   ] Safepoint "Cleanup", Time since last: 1339011700 ns, Reaching safepoint: 184900 ns, At safepoint: 6100 ns, Total: 191000 ns
[2022-05-11T01:08:17.010+0000][162][safepoint   ] Safepoint "Cleanup", Time since last: 3001045800 ns, Reaching safepoint: 234000 ns, At safepoint: 9400 ns, Total: 243400 ns
[2022-05-11T01:08:21.012+0000][162][safepoint   ] Safepoint "Cleanup", Time since last: 4001261700 ns, Reaching safepoint: 206100 ns, At safepoint: 8800 ns, Total: 214900 ns
[2022-05-11T01:08:21.912+0000][162][gc,start    ] GC(18) Pause Young (Normal) (G1 Evacuation Pause)
[2022-05-11T01:08:21.912+0000][162][gc,task     ] GC(18) Using 10 workers of 10 for evacuation
[2022-05-11T01:08:21.912+0000][162][gc,age      ] GC(18) Desired survivor size 20971520 bytes, new threshold 15 (max threshold 15)
[2022-05-11T01:08:21.918+0000][162][gc,age      ] GC(18) Age table with threshold 15 (max threshold 15)
[2022-05-11T01:08:21.918+0000][162][gc,age      ] GC(18) - age   1:    2430728 bytes,    2430728 total
[2022-05-11T01:08:21.919+0000][162][gc,age      ] GC(18) - age   2:    2218272 bytes,    4649000 total
[2022-05-11T01:08:21.919+0000][162][gc,age      ] GC(18) - age   3:    8500696 bytes,   13149696 total
[2022-05-11T01:08:21.919+0000][162][gc,age      ] GC(18) - age   4:     426640 bytes,   13576336 total
[2022-05-11T01:08:21.920+0000][162][gc,phases   ] GC(18)   Pre Evacuate Collection Set: 0.2ms
[2022-05-11T01:08:21.920+0000][162][gc,phases   ] GC(18)   Merge Heap Roots: 0.1ms
[2022-05-11T01:08:21.920+0000][162][gc,phases   ] GC(18)   Evacuate Collection Set: 3.8ms
[2022-05-11T01:08:21.920+0000][162][gc,phases   ] GC(18)   Post Evacuate Collection Set: 1.6ms
[2022-05-11T01:08:21.920+0000][162][gc,phases   ] GC(18)   Other: 2.2ms
[2022-05-11T01:08:21.920+0000][162][gc,heap     ] GC(18) Eden regions: 72->0(72)
[2022-05-11T01:08:21.921+0000][162][gc,heap     ] GC(18) Survivor regions: 4->4(10)
[2022-05-11T01:08:21.921+0000][162][gc,heap     ] GC(18) Old regions: 16->16
[2022-05-11T01:08:21.921+0000][162][gc,heap     ] GC(18) Archive regions: 2->2
[2022-05-11T01:08:21.921+0000][162][gc,heap     ] GC(18) Humongous regions: 6->6
[2022-05-11T01:08:21.921+0000][162][gc,metaspace] GC(18) Metaspace: 101618K(103168K)->101618K(103168K) NonClass: 87397K(88320K)->87397K(88320K) Class: 14220K(14848K)->14220K(14848K)
[2022-05-11T01:08:21.922+0000][162][gc          ] GC(18) Pause Young (Normal) (G1 Evacuation Pause) 391M->104M(512M) 9.817ms
[2022-05-11T01:08:21.922+0000][162][gc,cpu      ] GC(18) User=0.06s Sys=0.00s Real=0.01s
[2022-05-11T01:08:21.922+0000][162][safepoint   ] Safepoint "G1CollectForAllocation", Time since last: 899103200 ns, Reaching safepoint: 287300 ns, At safepoint: 10301900 ns, Total: 10589200 ns
[2022-05-11T01:08:22.922+0000][162][safepoint   ] Safepoint "Cleanup", Time since last: 1000283900 ns, Reaching safepoint: 188000 ns, At safepoint: 8900 ns, Total: 196900 ns
[2022-05-11T01:08:23.923+0000][162][safepoint   ] Safepoint "Cleanup", Time since last: 1000442400 ns, Reaching safepoint: 284600 ns, At safepoint: 14800 ns, Total: 299400 ns
[2022-05-11T01:08:24.828+0000][162][safepoint   ] Safepoint "ICBufferFull", Time since last: 904775300 ns, Reaching safepoint: 278100 ns, At safepoint: 9300 ns, Total: 287400 ns
[2022-05-11T01:08:25.054+0000][162][safepoint   ] Safepoint "ICBufferFull", Time since last: 225411900 ns, Reaching safepoint: 254500 ns, At safepoint: 54000 ns, Total: 308500 ns
[2022-05-11T01:08:25.483+0000][162][safepoint   ] Safepoint "ICBufferFull", Time since last: 428924600 ns, Reaching safepoint: 395600 ns, At safepoint: 56800 ns, Total: 452400 ns
[2022-05-11T01:08:26.396+0000][162][safepoint   ] Safepoint "ICBufferFull", Time since last: 912320700 ns, Reaching safepoint: 257000 ns, At safepoint: 46500 ns, Total: 303500 ns
[2022-05-11T01:08:26.823+0000][162][safepoint   ] Safepoint "ICBufferFull", Time since last: 426951600 ns, Reaching safepoint: 263600 ns, At safepoint: 22500 ns, Total: 286100 ns
[2022-05-11T01:08:27.021+0000][162][gc,start    ] GC(19) Pause Young (Normal) (G1 Evacuation Pause)
[2022-05-11T01:08:27.022+0000][162][gc,task     ] GC(19) Using 10 workers of 10 for evacuation
[2022-05-11T01:08:27.022+0000][162][gc,age      ] GC(19) Desired survivor size 20971520 bytes, new threshold 15 (max threshold 15)
[2022-05-11T01:08:27.028+0000][162][gc,age      ] GC(19) Age table with threshold 15 (max threshold 15)
[2022-05-11T01:08:27.028+0000][162][gc,age      ] GC(19) - age   1:    9512080 bytes,    9512080 total
[2022-05-11T01:08:27.029+0000][162][gc,age      ] GC(19) - age   2:    1391704 bytes,   10903784 total
[2022-05-11T01:08:27.029+0000][162][gc,age      ] GC(19) - age   3:    2216896 bytes,   13120680 total
[2022-05-11T01:08:27.029+0000][162][gc,age      ] GC(19) - age   4:    8451168 bytes,   21571848 total
[2022-05-11T01:08:27.029+0000][162][gc,age      ] GC(19) - age   5:     426576 bytes,   21998424 total
[2022-05-11T01:08:27.029+0000][162][gc,phases   ] GC(19)   Pre Evacuate Collection Set: 0.2ms
[2022-05-11T01:08:27.029+0000][162][gc,phases   ] GC(19)   Merge Heap Roots: 0.2ms
[2022-05-11T01:08:27.030+0000][162][gc,phases   ] GC(19)   Evacuate Collection Set: 4.9ms
[2022-05-11T01:08:27.030+0000][162][gc,phases   ] GC(19)   Post Evacuate Collection Set: 0.9ms
[2022-05-11T01:08:27.030+0000][162][gc,phases   ] GC(19)   Other: 1.7ms
[2022-05-11T01:08:27.030+0000][162][gc,heap     ] GC(19) Eden regions: 72->0(70)
[2022-05-11T01:08:27.030+0000][162][gc,heap     ] GC(19) Survivor regions: 4->6(10)
[2022-05-11T01:08:27.030+0000][162][gc,heap     ] GC(19) Old regions: 16->16
[2022-05-11T01:08:27.030+0000][162][gc,heap     ] GC(19) Archive regions: 2->2
[2022-05-11T01:08:27.030+0000][162][gc,heap     ] GC(19) Humongous regions: 6->6
[2022-05-11T01:08:27.031+0000][162][gc,metaspace] GC(19) Metaspace: 103671K(105216K)->103671K(105216K) NonClass: 89315K(90240K)->89315K(90240K) Class: 14356K(14976K)->14356K(14976K)
[2022-05-11T01:08:27.031+0000][162][gc          ] GC(19) Pause Young (Normal) (G1 Evacuation Pause) 392M->113M(512M) 9.200ms
[2022-05-11T01:08:27.031+0000][162][gc,cpu      ] GC(19) User=0.06s Sys=0.00s Real=0.01s
[2022-05-11T01:08:27.031+0000][162][safepoint   ] Safepoint "G1CollectForAllocation", Time since last: 198055200 ns, Reaching safepoint: 181400 ns, At safepoint: 9661300 ns, Total: 9842700 ns
[2022-05-11T01:08:27.444+0000][162][safepoint   ] Safepoint "ICBufferFull", Time since last: 412313700 ns, Reaching safepoint: 297900 ns, At safepoint: 31700 ns, Total: 329600 ns
[2022-05-11T01:08:27.574+0000][162][safepoint   ] Safepoint "ICBufferFull", Time since last: 129818300 ns, Reaching safepoint: 418900 ns, At safepoint: 22900 ns, Total: 441800 ns
[2022-05-11T01:08:28.166+0000][162][safepoint   ] Safepoint "ICBufferFull", Time since last: 591311900 ns, Reaching safepoint: 296000 ns, At safepoint: 45600 ns, Total: 341600 ns
[2022-05-11T01:08:28.302+0000][162][gc,start    ] GC(20) Pause Young (Normal) (G1 Evacuation Pause)
[2022-05-11T01:08:28.302+0000][162][gc,task     ] GC(20) Using 10 workers of 10 for evacuation
[2022-05-11T01:08:28.302+0000][162][gc,age      ] GC(20) Desired survivor size 20971520 bytes, new threshold 4 (max threshold 15)
[2022-05-11T01:08:28.309+0000][162][gc,age      ] GC(20) Age table with threshold 4 (max threshold 15)
[2022-05-11T01:08:28.309+0000][162][gc,age      ] GC(20) - age   1:   17683392 bytes,   17683392 total
[2022-05-11T01:08:28.310+0000][162][gc,age      ] GC(20) - age   2:    5884048 bytes,   23567440 total
[2022-05-11T01:08:28.310+0000][162][gc,age      ] GC(20) - age   3:    1391704 bytes,   24959144 total
[2022-05-11T01:08:28.310+0000][162][gc,age      ] GC(20) - age   4:    2216896 bytes,   27176040 total
[2022-05-11T01:08:28.310+0000][162][gc,phases   ] GC(20)   Pre Evacuate Collection Set: 0.2ms
[2022-05-11T01:08:28.310+0000][162][gc,phases   ] GC(20)   Merge Heap Roots: 0.1ms
[2022-05-11T01:08:28.311+0000][162][gc,phases   ] GC(20)   Evacuate Collection Set: 5.6ms
[2022-05-11T01:08:28.311+0000][162][gc,phases   ] GC(20)   Post Evacuate Collection Set: 0.9ms
[2022-05-11T01:08:28.311+0000][162][gc,phases   ] GC(20)   Other: 1.7ms
[2022-05-11T01:08:28.311+0000][162][gc,heap     ] GC(20) Eden regions: 70->0(66)
[2022-05-11T01:08:28.311+0000][162][gc,heap     ] GC(20) Survivor regions: 6->7(10)
[2022-05-11T01:08:28.312+0000][162][gc,heap     ] GC(20) Old regions: 16->18
[2022-05-11T01:08:28.312+0000][162][gc,heap     ] GC(20) Archive regions: 2->2
[2022-05-11T01:08:28.312+0000][162][gc,heap     ] GC(20) Humongous regions: 6->6
[2022-05-11T01:08:28.312+0000][162][gc,metaspace] GC(20) Metaspace: 103824K(105344K)->103824K(105344K) NonClass: 89466K(90368K)->89466K(90368K) Class: 14357K(14976K)->14357K(14976K)
[2022-05-11T01:08:28.312+0000][162][gc          ] GC(20) Pause Young (Normal) (G1 Evacuation Pause) 393M->126M(512M) 10.551ms
[2022-05-11T01:08:28.313+0000][162][gc,cpu      ] GC(20) User=0.07s Sys=0.00s Real=0.01s
[2022-05-11T01:08:28.313+0000][162][safepoint   ] Safepoint "G1CollectForAllocation", Time since last: 135802300 ns, Reaching safepoint: 298000 ns, At safepoint: 11051200 ns, Total: 11349200 ns
[2022-05-11T01:08:28.742+0000][162][safepoint   ] Safepoint "ICBufferFull", Time since last: 429043700 ns, Reaching safepoint: 322000 ns, At safepoint: 46900 ns, Total: 368900 ns
[2022-05-11T01:08:29.781+0000][162][safepoint   ] Safepoint "ICBufferFull", Time since last: 1038396000 ns, Reaching safepoint: 173700 ns, At safepoint: 7500 ns, Total: 181200 ns
[2022-05-11T01:08:29.913+0000][162][gc,start    ] GC(21) Pause Young (Normal) (G1 Evacuation Pause)
[2022-05-11T01:08:29.913+0000][162][gc,task     ] GC(21) Using 10 workers of 10 for evacuation
[2022-05-11T01:08:29.913+0000][162][gc,age      ] GC(21) Desired survivor size 20971520 bytes, new threshold 2 (max threshold 15)
[2022-05-11T01:08:29.919+0000][162][gc,age      ] GC(21) Age table with threshold 2 (max threshold 15)
[2022-05-11T01:08:29.919+0000][162][gc,age      ] GC(21) - age   1:   18553928 bytes,   18553928 total
[2022-05-11T01:08:29.920+0000][162][gc,age      ] GC(21) - age   2:    5527016 bytes,   24080944 total
[2022-05-11T01:08:29.920+0000][162][gc,phases   ] GC(21)   Pre Evacuate Collection Set: 0.2ms
[2022-05-11T01:08:29.920+0000][162][gc,phases   ] GC(21)   Merge Heap Roots: 0.2ms
[2022-05-11T01:08:29.920+0000][162][gc,phases   ] GC(21)   Evacuate Collection Set: 4.2ms
[2022-05-11T01:08:29.920+0000][162][gc,phases   ] GC(21)   Post Evacuate Collection Set: 0.9ms
[2022-05-11T01:08:29.921+0000][162][gc,phases   ] GC(21)   Other: 1.5ms
[2022-05-11T01:08:29.921+0000][162][gc,heap     ] GC(21) Eden regions: 66->0(63)
[2022-05-11T01:08:29.921+0000][162][gc,heap     ] GC(21) Survivor regions: 7->6(10)
[2022-05-11T01:08:29.921+0000][162][gc,heap     ] GC(21) Old regions: 18->20
[2022-05-11T01:08:29.921+0000][162][gc,heap     ] GC(21) Archive regions: 2->2
[2022-05-11T01:08:29.921+0000][162][gc,heap     ] GC(21) Humongous regions: 7->7
[2022-05-11T01:08:29.921+0000][162][gc,metaspace] GC(21) Metaspace: 103920K(105536K)->103920K(105536K) NonClass: 89554K(90496K)->89554K(90496K) Class: 14366K(15040K)->14366K(15040K)
[2022-05-11T01:08:29.921+0000][162][gc          ] GC(21) Pause Young (Normal) (G1 Evacuation Pause) 394M->133M(512M) 8.667ms
[2022-05-11T01:08:29.922+0000][162][gc,cpu      ] GC(21) User=0.06s Sys=0.00s Real=0.01s
[2022-05-11T01:08:29.922+0000][162][safepoint   ] Safepoint "G1CollectForAllocation", Time since last: 131645300 ns, Reaching safepoint: 322300 ns, At safepoint: 9010300 ns, Total: 9332600 ns
[2022-05-11T01:08:30.436+0000][162][gc,start    ] GC(22) Pause Young (Normal) (G1 Evacuation Pause)
[2022-05-11T01:08:30.436+0000][162][gc,task     ] GC(22) Using 10 workers of 10 for evacuation
[2022-05-11T01:08:30.436+0000][162][gc,age      ] GC(22) Desired survivor size 18874368 bytes, new threshold 2 (max threshold 15)
[2022-05-11T01:08:30.441+0000][162][gc,age      ] GC(22) Age table with threshold 2 (max threshold 15)
[2022-05-11T01:08:30.441+0000][162][gc,age      ] GC(22) - age   1:    7435864 bytes,    7435864 total
[2022-05-11T01:08:30.441+0000][162][gc,age      ] GC(22) - age   2:   17477144 bytes,   24913008 total
[2022-05-11T01:08:30.442+0000][162][gc,phases   ] GC(22)   Pre Evacuate Collection Set: 0.2ms
[2022-05-11T01:08:30.442+0000][162][gc,phases   ] GC(22)   Merge Heap Roots: 0.2ms
[2022-05-11T01:08:30.442+0000][162][gc,phases   ] GC(22)   Evacuate Collection Set: 3.8ms
[2022-05-11T01:08:30.442+0000][162][gc,phases   ] GC(22)   Post Evacuate Collection Set: 0.8ms
[2022-05-11T01:08:30.442+0000][162][gc,phases   ] GC(22)   Other: 1.2ms
[2022-05-11T01:08:30.443+0000][162][gc,heap     ] GC(22) Eden regions: 63->0(62)
[2022-05-11T01:08:30.443+0000][162][gc,heap     ] GC(22) Survivor regions: 6->7(9)
[2022-05-11T01:08:30.443+0000][162][gc,heap     ] GC(22) Old regions: 20->21
[2022-05-11T01:08:30.443+0000][162][gc,heap     ] GC(22) Archive regions: 2->2
[2022-05-11T01:08:30.443+0000][162][gc,heap     ] GC(22) Humongous regions: 7->7
[2022-05-11T01:08:30.443+0000][162][gc,metaspace] GC(22) Metaspace: 103922K(105536K)->103922K(105536K) NonClass: 89555K(90496K)->89555K(90496K) Class: 14367K(15040K)->14367K(15040K)
[2022-05-11T01:08:30.443+0000][162][gc          ] GC(22) Pause Young (Normal) (G1 Evacuation Pause) 385M->140M(512M) 7.641ms
[2022-05-11T01:08:30.443+0000][162][gc,cpu      ] GC(22) User=0.05s Sys=0.00s Real=0.01s
[2022-05-11T01:08:30.444+0000][162][safepoint   ] Safepoint "G1CollectForAllocation", Time since last: 513591500 ns, Reaching safepoint: 184600 ns, At safepoint: 7975700 ns, Total: 8160300 ns
[2022-05-11T01:08:31.444+0000][162][safepoint   ] Safepoint "Cleanup", Time since last: 1000300200 ns, Reaching safepoint: 348100 ns, At safepoint: 46200 ns, Total: 394300 ns
[2022-05-11T01:08:31.946+0000][162][gc,start    ] GC(23) Pause Young (Normal) (G1 Evacuation Pause)
[2022-05-11T01:08:31.947+0000][162][gc,task     ] GC(23) Using 10 workers of 10 for evacuation
[2022-05-11T01:08:31.947+0000][162][gc,age      ] GC(23) Desired survivor size 18874368 bytes, new threshold 2 (max threshold 15)
[2022-05-11T01:08:31.953+0000][162][gc,age      ] GC(23) Age table with threshold 2 (max threshold 15)
[2022-05-11T01:08:31.953+0000][162][gc,age      ] GC(23) - age   1:   16785736 bytes,   16785736 total
[2022-05-11T01:08:31.954+0000][162][gc,age      ] GC(23) - age   2:    3767288 bytes,   20553024 total
[2022-05-11T01:08:31.954+0000][162][gc,phases   ] GC(23)   Pre Evacuate Collection Set: 0.2ms
[2022-05-11T01:08:31.954+0000][162][gc,phases   ] GC(23)   Merge Heap Roots: 0.2ms
[2022-05-11T01:08:31.954+0000][162][gc,phases   ] GC(23)   Evacuate Collection Set: 4.5ms
[2022-05-11T01:08:31.955+0000][162][gc,phases   ] GC(23)   Post Evacuate Collection Set: 0.8ms
[2022-05-11T01:08:31.955+0000][162][gc,phases   ] GC(23)   Other: 1.8ms
[2022-05-11T01:08:31.955+0000][162][gc,heap     ] GC(23) Eden regions: 62->0(57)
[2022-05-11T01:08:31.955+0000][162][gc,heap     ] GC(23) Survivor regions: 7->6(9)
[2022-05-11T01:08:31.955+0000][162][gc,heap     ] GC(23) Old regions: 21->25
[2022-05-11T01:08:31.956+0000][162][gc,heap     ] GC(23) Archive regions: 2->2
[2022-05-11T01:08:31.956+0000][162][gc,heap     ] GC(23) Humongous regions: 8->8
[2022-05-11T01:08:31.956+0000][162][gc,metaspace] GC(23) Metaspace: 104029K(105600K)->104029K(105600K) NonClass: 89654K(90560K)->89654K(90560K) Class: 14375K(15040K)->14375K(15040K)
[2022-05-11T01:08:31.956+0000][162][gc          ] GC(23) Pause Young (Normal) (G1 Evacuation Pause) 392M->155M(512M) 9.833ms
[2022-05-11T01:08:31.956+0000][162][gc,cpu      ] GC(23) User=0.07s Sys=0.00s Real=0.01s
[2022-05-11T01:08:31.957+0000][162][safepoint   ] Safepoint "G1CollectForAllocation", Time since last: 501852300 ns, Reaching safepoint: 276700 ns, At safepoint: 10255900 ns, Total: 10532600 ns
[2022-05-11T01:08:32.564+0000][162][gc,start    ] GC(24) Pause Young (Normal) (G1 Evacuation Pause)
[2022-05-11T01:08:32.565+0000][162][gc,task     ] GC(24) Using 10 workers of 10 for evacuation
[2022-05-11T01:08:32.565+0000][162][gc,age      ] GC(24) Desired survivor size 16777216 bytes, new threshold 1 (max threshold 15)
[2022-05-11T01:08:32.569+0000][162][gc,age      ] GC(24) Age table with threshold 1 (max threshold 15)
[2022-05-11T01:08:32.569+0000][162][gc,age      ] GC(24) - age   1:    9257816 bytes,    9257816 total
[2022-05-11T01:08:32.570+0000][162][gc,phases   ] GC(24)   Pre Evacuate Collection Set: 0.2ms
[2022-05-11T01:08:32.570+0000][162][gc,phases   ] GC(24)   Merge Heap Roots: 0.1ms
[2022-05-11T01:08:32.570+0000][162][gc,phases   ] GC(24)   Evacuate Collection Set: 3.2ms
[2022-05-11T01:08:32.570+0000][162][gc,phases   ] GC(24)   Post Evacuate Collection Set: 0.5ms
[2022-05-11T01:08:32.570+0000][162][gc,phases   ] GC(24)   Other: 1.1ms
[2022-05-11T01:08:32.571+0000][162][gc,heap     ] GC(24) Eden regions: 57->0(56)
[2022-05-11T01:08:32.571+0000][162][gc,heap     ] GC(24) Survivor regions: 6->3(8)
[2022-05-11T01:08:32.571+0000][162][gc,heap     ] GC(24) Old regions: 25->30
[2022-05-11T01:08:32.571+0000][162][gc,heap     ] GC(24) Archive regions: 2->2
[2022-05-11T01:08:32.571+0000][162][gc,heap     ] GC(24) Humongous regions: 8->8
[2022-05-11T01:08:32.571+0000][162][gc,metaspace] GC(24) Metaspace: 104037K(105600K)->104037K(105600K) NonClass: 89662K(90560K)->89662K(90560K) Class: 14375K(15040K)->14375K(15040K)
[2022-05-11T01:08:32.571+0000][162][gc          ] GC(24) Pause Young (Normal) (G1 Evacuation Pause) 383M->162M(512M) 6.776ms
[2022-05-11T01:08:32.571+0000][162][gc,cpu      ] GC(24) User=0.04s Sys=0.00s Real=0.01s
[2022-05-11T01:08:32.572+0000][162][safepoint   ] Safepoint "G1CollectForAllocation", Time since last: 607676800 ns, Reaching safepoint: 172200 ns, At safepoint: 7169200 ns, Total: 7341400 ns
[2022-05-11T01:08:33.525+0000][162][gc,start    ] GC(25) Pause Young (Concurrent Start) (G1 Humongous Allocation)
[2022-05-11T01:08:33.526+0000][162][gc,task     ] GC(25) Using 10 workers of 10 for evacuation
[2022-05-11T01:08:33.526+0000][162][gc,age      ] GC(25) Desired survivor size 16777216 bytes, new threshold 15 (max threshold 15)
[2022-05-11T01:08:33.530+0000][162][gc,age      ] GC(25) Age table with threshold 15 (max threshold 15)
[2022-05-11T01:08:33.531+0000][162][gc,age      ] GC(25) - age   1:   11450576 bytes,   11450576 total
[2022-05-11T01:08:33.531+0000][162][gc,age      ] GC(25) - age   2:    4916848 bytes,   16367424 total
[2022-05-11T01:08:33.531+0000][162][gc,phases   ] GC(25)   Pre Evacuate Collection Set: 0.4ms
[2022-05-11T01:08:33.532+0000][162][gc,phases   ] GC(25)   Merge Heap Roots: 0.2ms
[2022-05-11T01:08:33.532+0000][162][gc,phases   ] GC(25)   Evacuate Collection Set: 2.7ms
[2022-05-11T01:08:33.532+0000][162][gc,phases   ] GC(25)   Post Evacuate Collection Set: 0.8ms
[2022-05-11T01:08:33.533+0000][162][gc,phases   ] GC(25)   Other: 2.1ms
[2022-05-11T01:08:33.533+0000][162][gc,heap     ] GC(25) Eden regions: 32->0(53)
[2022-05-11T01:08:33.533+0000][162][gc,heap     ] GC(25) Survivor regions: 3->5(8)
[2022-05-11T01:08:33.533+0000][162][gc,heap     ] GC(25) Old regions: 30->30
[2022-05-11T01:08:33.533+0000][162][gc,heap     ] GC(25) Archive regions: 2->2
[2022-05-11T01:08:33.534+0000][162][gc,heap     ] GC(25) Humongous regions: 8->8
[2022-05-11T01:08:33.534+0000][162][gc,metaspace] GC(25) Metaspace: 104051K(105600K)->104051K(105600K) NonClass: 89675K(90560K)->89675K(90560K) Class: 14375K(15040K)->14375K(15040K)
[2022-05-11T01:08:33.534+0000][162][gc          ] GC(25) Pause Young (Concurrent Start) (G1 Humongous Allocation) 288M->168M(512M) 8.906ms
[2022-05-11T01:08:33.534+0000][162][gc,cpu      ] GC(25) User=0.02s Sys=0.00s Real=0.01s
[2022-05-11T01:08:33.535+0000][162][safepoint   ] Safepoint "G1TryInitiateConcMark", Time since last: 953411500 ns, Reaching safepoint: 215200 ns, At safepoint: 9418500 ns, Total: 9633700 ns
[2022-05-11T01:08:33.535+0000][162][gc          ] GC(26) Concurrent Mark Cycle
[2022-05-11T01:08:33.535+0000][162][gc,marking  ] GC(26) Concurrent Clear Claimed Marks
[2022-05-11T01:08:33.535+0000][162][gc,marking  ] GC(26) Concurrent Clear Claimed Marks 0.221ms
[2022-05-11T01:08:33.535+0000][162][gc,marking  ] GC(26) Concurrent Scan Root Regions
[2022-05-11T01:08:33.536+0000][162][gc,marking  ] GC(26) Concurrent Scan Root Regions 1.010ms
[2022-05-11T01:08:33.537+0000][162][gc,marking  ] GC(26) Concurrent Mark
[2022-05-11T01:08:33.537+0000][162][gc,marking  ] GC(26) Concurrent Mark From Roots
[2022-05-11T01:08:33.537+0000][162][gc,task     ] GC(26) Using 3 workers of 3 for marking
[2022-05-11T01:08:33.588+0000][162][gc,marking  ] GC(26) Concurrent Mark From Roots 51.614ms
[2022-05-11T01:08:33.589+0000][162][gc,marking  ] GC(26) Concurrent Preclean
[2022-05-11T01:08:33.589+0000][162][gc,marking  ] GC(26) Concurrent Preclean 0.658ms
[2022-05-11T01:08:33.590+0000][162][gc,start    ] GC(26) Pause Remark
[2022-05-11T01:08:33.598+0000][162][gc          ] GC(26) Pause Remark 183M->174M(512M) 7.360ms
[2022-05-11T01:08:33.598+0000][162][gc,cpu      ] GC(26) User=0.05s Sys=0.00s Real=0.00s
[2022-05-11T01:08:33.598+0000][162][safepoint   ] Safepoint "G1Concurrent", Time since last: 55188000 ns, Reaching safepoint: 322300 ns, At safepoint: 8127900 ns, Total: 8450200 ns
[2022-05-11T01:08:33.599+0000][162][gc,marking  ] GC(26) Concurrent Mark 62.083ms
[2022-05-11T01:08:33.599+0000][162][gc,marking  ] GC(26) Concurrent Rebuild Remembered Sets
[2022-05-11T01:08:33.620+0000][162][gc,marking  ] GC(26) Concurrent Rebuild Remembered Sets 21.113ms
[2022-05-11T01:08:33.624+0000][162][gc,start    ] GC(26) Pause Cleanup
[2022-05-11T01:08:33.625+0000][162][gc          ] GC(26) Pause Cleanup 179M->179M(512M) 0.679ms
[2022-05-11T01:08:33.625+0000][162][gc,cpu      ] GC(26) User=0.00s Sys=0.00s Real=0.00s
[2022-05-11T01:08:33.626+0000][162][safepoint   ] Safepoint "G1Concurrent", Time since last: 22298900 ns, Reaching safepoint: 3796300 ns, At safepoint: 1339100 ns, Total: 5135400 ns
[2022-05-11T01:08:33.626+0000][162][gc,marking  ] GC(26) Concurrent Cleanup for Next Mark
[2022-05-11T01:08:33.627+0000][162][gc,marking  ] GC(26) Concurrent Cleanup for Next Mark 0.600ms
[2022-05-11T01:08:33.627+0000][162][gc          ] GC(26) Concurrent Mark Cycle 92.391ms
[2022-05-11T01:08:34.087+0000][162][gc,start    ] GC(27) Pause Young (Prepare Mixed) (G1 Evacuation Pause)
[2022-05-11T01:08:34.087+0000][162][gc,task     ] GC(27) Using 10 workers of 10 for evacuation
[2022-05-11T01:08:34.087+0000][162][gc,age      ] GC(27) Desired survivor size 16777216 bytes, new threshold 15 (max threshold 15)
[2022-05-11T01:08:34.092+0000][162][gc,age      ] GC(27) Age table with threshold 15 (max threshold 15)
[2022-05-11T01:08:34.092+0000][162][gc,age      ] GC(27) - age   1:   11315672 bytes,   11315672 total
[2022-05-11T01:08:34.093+0000][162][gc,age      ] GC(27) - age   2:    7068592 bytes,   18384264 total
[2022-05-11T01:08:34.093+0000][162][gc,age      ] GC(27) - age   3:    3839944 bytes,   22224208 total
[2022-05-11T01:08:34.093+0000][162][gc,phases   ] GC(27)   Pre Evacuate Collection Set: 0.3ms
[2022-05-11T01:08:34.093+0000][162][gc,phases   ] GC(27)   Merge Heap Roots: 0.1ms
[2022-05-11T01:08:34.094+0000][162][gc,phases   ] GC(27)   Evacuate Collection Set: 3.2ms
[2022-05-11T01:08:34.094+0000][162][gc,phases   ] GC(27)   Post Evacuate Collection Set: 0.7ms
[2022-05-11T01:08:34.094+0000][162][gc,phases   ] GC(27)   Other: 1.8ms
[2022-05-11T01:08:34.094+0000][162][gc,heap     ] GC(27) Eden regions: 53->0(1)
[2022-05-11T01:08:34.094+0000][162][gc,heap     ] GC(27) Survivor regions: 5->6(8)
[2022-05-11T01:08:34.095+0000][162][gc,heap     ] GC(27) Old regions: 29->29
[2022-05-11T01:08:34.095+0000][162][gc,heap     ] GC(27) Archive regions: 2->2
[2022-05-11T01:08:34.095+0000][162][gc,heap     ] GC(27) Humongous regions: 7->7
[2022-05-11T01:08:34.095+0000][162][gc,metaspace] GC(27) Metaspace: 104031K(105600K)->104031K(105600K) NonClass: 89662K(90560K)->89662K(90560K) Class: 14368K(15040K)->14368K(15040K)
[2022-05-11T01:08:34.095+0000][162][gc          ] GC(27) Pause Young (Prepare Mixed) (G1 Evacuation Pause) 376M->169M(512M) 8.468ms
[2022-05-11T01:08:34.096+0000][162][gc,cpu      ] GC(27) User=0.05s Sys=0.00s Real=0.01s
[2022-05-11T01:08:34.096+0000][162][safepoint   ] Safepoint "G1CollectForAllocation", Time since last: 460873900 ns, Reaching safepoint: 289700 ns, At safepoint: 8889300 ns, Total: 9179000 ns
[2022-05-11T01:08:34.103+0000][162][gc,start    ] GC(28) Pause Young (Mixed) (G1 Evacuation Pause)
[2022-05-11T01:08:34.103+0000][162][gc,task     ] GC(28) Using 10 workers of 10 for evacuation
[2022-05-11T01:08:34.104+0000][162][gc,age      ] GC(28) Desired survivor size 2097152 bytes, new threshold 1 (max threshold 15)
[2022-05-11T01:08:34.108+0000][162][gc,age      ] GC(28) Age table with threshold 1 (max threshold 15)
[2022-05-11T01:08:34.108+0000][162][gc,age      ] GC(28) - age   1:      81480 bytes,      81480 total
[2022-05-11T01:08:34.109+0000][162][gc,phases   ] GC(28)   Pre Evacuate Collection Set: 0.2ms
[2022-05-11T01:08:34.109+0000][162][gc,phases   ] GC(28)   Merge Heap Roots: 0.2ms
[2022-05-11T01:08:34.109+0000][162][gc,phases   ] GC(28)   Evacuate Collection Set: 3.0ms
[2022-05-11T01:08:34.109+0000][162][gc,phases   ] GC(28)   Post Evacuate Collection Set: 0.7ms
[2022-05-11T01:08:34.110+0000][162][gc,phases   ] GC(28)   Other: 1.6ms
[2022-05-11T01:08:34.110+0000][162][gc,heap     ] GC(28) Eden regions: 1->0(54)
[2022-05-11T01:08:34.110+0000][162][gc,heap     ] GC(28) Survivor regions: 6->1(1)
[2022-05-11T01:08:34.110+0000][162][gc,heap     ] GC(28) Old regions: 29->33
[2022-05-11T01:08:34.111+0000][162][gc,heap     ] GC(28) Archive regions: 2->2
[2022-05-11T01:08:34.111+0000][162][gc,heap     ] GC(28) Humongous regions: 7->7
[2022-05-11T01:08:34.111+0000][162][gc,metaspace] GC(28) Metaspace: 104031K(105600K)->104031K(105600K) NonClass: 89662K(90560K)->89662K(90560K) Class: 14368K(15040K)->14368K(15040K)
[2022-05-11T01:08:34.111+0000][162][gc          ] GC(28) Pause Young (Mixed) (G1 Evacuation Pause) 173M->162M(512M) 8.174ms
[2022-05-11T01:08:34.111+0000][162][gc,cpu      ] GC(28) User=0.04s Sys=0.00s Real=0.01s
[2022-05-11T01:08:34.111+0000][162][safepoint   ] Safepoint "G1CollectForAllocation", Time since last: 6854200 ns, Reaching safepoint: 187900 ns, At safepoint: 8620600 ns, Total: 8808500 ns
[2022-05-11T01:08:35.112+0000][162][safepoint   ] Safepoint "Cleanup", Time since last: 1000380700 ns, Reaching safepoint: 381600 ns, At safepoint: 22000 ns, Total: 403600 ns
[2022-05-11T01:08:35.554+0000][162][gc,start    ] GC(29) Pause Young (Concurrent Start) (G1 Evacuation Pause)
[2022-05-11T01:08:35.555+0000][162][gc,task     ] GC(29) Using 10 workers of 10 for evacuation
[2022-05-11T01:08:35.555+0000][162][gc,age      ] GC(29) Desired survivor size 14680064 bytes, new threshold 15 (max threshold 15)
[2022-05-11T01:08:35.559+0000][162][gc,age      ] GC(29) Age table with threshold 15 (max threshold 15)
[2022-05-11T01:08:35.559+0000][162][gc,age      ] GC(29) - age   1:   12879352 bytes,   12879352 total
[2022-05-11T01:08:35.559+0000][162][gc,age      ] GC(29) - age   2:      41088 bytes,   12920440 total
[2022-05-11T01:08:35.559+0000][162][gc,phases   ] GC(29)   Pre Evacuate Collection Set: 0.2ms
[2022-05-11T01:08:35.560+0000][162][gc,phases   ] GC(29)   Merge Heap Roots: 0.1ms
[2022-05-11T01:08:35.560+0000][162][gc,phases   ] GC(29)   Evacuate Collection Set: 2.2ms
[2022-05-11T01:08:35.560+0000][162][gc,phases   ] GC(29)   Post Evacuate Collection Set: 0.8ms
[2022-05-11T01:08:35.560+0000][162][gc,phases   ] GC(29)   Other: 1.5ms
[2022-05-11T01:08:35.561+0000][162][gc,heap     ] GC(29) Eden regions: 54->0(52)
[2022-05-11T01:08:35.561+0000][162][gc,heap     ] GC(29) Survivor regions: 1->4(7)
[2022-05-11T01:08:35.561+0000][162][gc,heap     ] GC(29) Old regions: 33->33
[2022-05-11T01:08:35.561+0000][162][gc,heap     ] GC(29) Archive regions: 2->2
[2022-05-11T01:08:35.561+0000][162][gc,heap     ] GC(29) Humongous regions: 7->7
[2022-05-11T01:08:35.562+0000][162][gc,metaspace] GC(29) Metaspace: 104110K(105728K)->104110K(105728K) NonClass: 89742K(90688K)->89742K(90688K) Class: 14368K(15040K)->14368K(15040K)
[2022-05-11T01:08:35.562+0000][162][gc          ] GC(29) Pause Young (Concurrent Start) (G1 Evacuation Pause) 378M->175M(512M) 7.278ms
[2022-05-11T01:08:35.562+0000][162][gc,cpu      ] GC(29) User=0.02s Sys=0.00s Real=0.01s
[2022-05-11T01:08:35.562+0000][162][gc          ] GC(30) Concurrent Mark Cycle
[2022-05-11T01:08:35.562+0000][162][gc,marking  ] GC(30) Concurrent Clear Claimed Marks
[2022-05-11T01:08:35.562+0000][162][safepoint   ] Safepoint "G1CollectForAllocation", Time since last: 442044200 ns, Reaching safepoint: 172000 ns, At safepoint: 7802900 ns, Total: 7974900 ns
[2022-05-11T01:08:35.563+0000][162][gc,marking  ] GC(30) Concurrent Clear Claimed Marks 0.272ms
[2022-05-11T01:08:35.563+0000][162][gc,marking  ] GC(30) Concurrent Scan Root Regions
[2022-05-11T01:08:35.565+0000][162][gc,marking  ] GC(30) Concurrent Scan Root Regions 1.379ms
[2022-05-11T01:08:35.565+0000][162][gc,marking  ] GC(30) Concurrent Mark
[2022-05-11T01:08:35.565+0000][162][gc,marking  ] GC(30) Concurrent Mark From Roots
[2022-05-11T01:08:35.565+0000][162][gc,task     ] GC(30) Using 3 workers of 3 for marking
[2022-05-11T01:08:35.612+0000][162][gc,marking  ] GC(30) Concurrent Mark From Roots 47.022ms
[2022-05-11T01:08:35.612+0000][162][gc,marking  ] GC(30) Concurrent Preclean
[2022-05-11T01:08:35.613+0000][162][gc,marking  ] GC(30) Concurrent Preclean 0.662ms
[2022-05-11T01:08:35.614+0000][162][gc,start    ] GC(30) Pause Remark
[2022-05-11T01:08:35.617+0000][162][gc          ] GC(30) Pause Remark 270M->266M(512M) 3.258ms
[2022-05-11T01:08:35.617+0000][162][gc,cpu      ] GC(30) User=0.02s Sys=0.00s Real=0.00s
[2022-05-11T01:08:35.618+0000][162][safepoint   ] Safepoint "G1Concurrent", Time since last: 51133400 ns, Reaching safepoint: 251300 ns, At safepoint: 3914700 ns, Total: 4166000 ns
[2022-05-11T01:08:35.618+0000][162][gc,marking  ] GC(30) Concurrent Mark 53.191ms
[2022-05-11T01:08:35.618+0000][162][gc,marking  ] GC(30) Concurrent Rebuild Remembered Sets
[2022-05-11T01:08:35.645+0000][162][gc,marking  ] GC(30) Concurrent Rebuild Remembered Sets 26.414ms
[2022-05-11T01:08:35.645+0000][162][gc,start    ] GC(30) Pause Cleanup
[2022-05-11T01:08:35.646+0000][162][gc          ] GC(30) Pause Cleanup 267M->267M(512M) 0.506ms
[2022-05-11T01:08:35.646+0000][162][gc,cpu      ] GC(30) User=0.00s Sys=0.00s Real=0.00s
[2022-05-11T01:08:35.646+0000][162][safepoint   ] Safepoint "G1Concurrent", Time since last: 27346200 ns, Reaching safepoint: 332300 ns, At safepoint: 1101700 ns, Total: 1434000 ns
[2022-05-11T01:08:35.647+0000][162][gc,marking  ] GC(30) Concurrent Cleanup for Next Mark
[2022-05-11T01:08:35.647+0000][162][gc,marking  ] GC(30) Concurrent Cleanup for Next Mark 0.569ms
[2022-05-11T01:08:35.648+0000][162][gc          ] GC(30) Concurrent Mark Cycle 85.442ms
[2022-05-11T01:08:35.804+0000][162][gc,start    ] GC(31) Pause Young (Prepare Mixed) (G1 Evacuation Pause)
[2022-05-11T01:08:35.804+0000][162][gc,task     ] GC(31) Using 10 workers of 10 for evacuation
[2022-05-11T01:08:35.804+0000][162][gc,age      ] GC(31) Desired survivor size 14680064 bytes, new threshold 15 (max threshold 15)
[2022-05-11T01:08:35.808+0000][162][gc,age      ] GC(31) Age table with threshold 15 (max threshold 15)
[2022-05-11T01:08:35.809+0000][162][gc,age      ] GC(31) - age   1:    1312200 bytes,    1312200 total
[2022-05-11T01:08:35.809+0000][162][gc,age      ] GC(31) - age   2:   11888752 bytes,   13200952 total
[2022-05-11T01:08:35.809+0000][162][gc,age      ] GC(31) - age   3:      41040 bytes,   13241992 total
[2022-05-11T01:08:35.809+0000][162][gc,phases   ] GC(31)   Pre Evacuate Collection Set: 0.2ms
[2022-05-11T01:08:35.810+0000][162][gc,phases   ] GC(31)   Merge Heap Roots: 0.2ms
[2022-05-11T01:08:35.810+0000][162][gc,phases   ] GC(31)   Evacuate Collection Set: 2.0ms
[2022-05-11T01:08:35.810+0000][162][gc,phases   ] GC(31)   Post Evacuate Collection Set: 1.0ms
[2022-05-11T01:08:35.811+0000][162][gc,phases   ] GC(31)   Other: 2.3ms
[2022-05-11T01:08:35.811+0000][162][gc,heap     ] GC(31) Eden regions: 52->0(2)
[2022-05-11T01:08:35.811+0000][162][gc,heap     ] GC(31) Survivor regions: 4->4(7)
[2022-05-11T01:08:35.811+0000][162][gc,heap     ] GC(31) Old regions: 33->33
[2022-05-11T01:08:35.812+0000][162][gc,heap     ] GC(31) Archive regions: 2->2
[2022-05-11T01:08:35.812+0000][162][gc,heap     ] GC(31) Humongous regions: 6->6
[2022-05-11T01:08:35.812+0000][162][gc,metaspace] GC(31) Metaspace: 104134K(105728K)->104134K(105728K) NonClass: 89765K(90688K)->89765K(90688K) Class: 14368K(15040K)->14368K(15040K)
[2022-05-11T01:08:35.812+0000][162][gc          ] GC(31) Pause Young (Prepare Mixed) (G1 Evacuation Pause) 379M->171M(512M) 8.539ms
[2022-05-11T01:08:35.813+0000][162][gc,cpu      ] GC(31) User=0.02s Sys=0.00s Real=0.01s
[2022-05-11T01:08:35.813+0000][162][safepoint   ] Safepoint "G1CollectForAllocation", Time since last: 156999700 ns, Reaching safepoint: 380700 ns, At safepoint: 8987200 ns, Total: 9367900 ns
[2022-05-11T01:08:35.815+0000][162][gc,start    ] GC(32) Pause Young (Mixed) (G1 Evacuation Pause)
[2022-05-11T01:08:35.815+0000][162][gc,task     ] GC(32) Using 10 workers of 10 for evacuation
[2022-05-11T01:08:35.816+0000][162][gc,age      ] GC(32) Desired survivor size 2097152 bytes, new threshold 2 (max threshold 15)
[2022-05-11T01:08:35.819+0000][162][gc,age      ] GC(32) Age table with threshold 2 (max threshold 15)
[2022-05-11T01:08:35.819+0000][162][gc,age      ] GC(32) - age   1:      14456 bytes,      14456 total
[2022-05-11T01:08:35.819+0000][162][gc,age      ] GC(32) - age   2:    1298592 bytes,    1313048 total
[2022-05-11T01:08:35.819+0000][162][gc,phases   ] GC(32)   Pre Evacuate Collection Set: 0.2ms
[2022-05-11T01:08:35.820+0000][162][gc,phases   ] GC(32)   Merge Heap Roots: 0.2ms
[2022-05-11T01:08:35.820+0000][162][gc,phases   ] GC(32)   Evacuate Collection Set: 2.0ms
[2022-05-11T01:08:35.820+0000][162][gc,phases   ] GC(32)   Post Evacuate Collection Set: 0.7ms
[2022-05-11T01:08:35.820+0000][162][gc,phases   ] GC(32)   Other: 1.3ms
[2022-05-11T01:08:35.820+0000][162][gc,heap     ] GC(32) Eden regions: 2->0(56)
[2022-05-11T01:08:35.821+0000][162][gc,heap     ] GC(32) Survivor regions: 4->1(1)
[2022-05-11T01:08:35.821+0000][162][gc,heap     ] GC(32) Old regions: 33->34
[2022-05-11T01:08:35.821+0000][162][gc,heap     ] GC(32) Archive regions: 2->2
[2022-05-11T01:08:35.821+0000][162][gc,heap     ] GC(32) Humongous regions: 6->6
[2022-05-11T01:08:35.821+0000][162][gc,metaspace] GC(32) Metaspace: 104134K(105728K)->104134K(105728K) NonClass: 89765K(90688K)->89765K(90688K) Class: 14368K(15040K)->14368K(15040K)
[2022-05-11T01:08:35.822+0000][162][gc          ] GC(32) Pause Young (Mixed) (G1 Evacuation Pause) 179M->164M(512M) 6.363ms
[2022-05-11T01:08:35.822+0000][162][gc,cpu      ] GC(32) User=0.02s Sys=0.00s Real=0.01s
[2022-05-11T01:08:35.822+0000][162][safepoint   ] Safepoint "G1CollectForAllocation", Time since last: 2239500 ns, Reaching safepoint: 186700 ns, At safepoint: 6767600 ns, Total: 6954300 ns
[2022-05-11T01:08:36.823+0000][162][safepoint   ] Safepoint "Cleanup", Time since last: 1000346800 ns, Reaching safepoint: 427200 ns, At safepoint: 9400 ns, Total: 436600 ns
[2022-05-11T01:08:37.823+0000][162][safepoint   ] Safepoint "Cleanup", Time since last: 1000491100 ns, Reaching safepoint: 249400 ns, At safepoint: 15200 ns, Total: 264600 ns
[2022-05-11T01:08:38.729+0000][162][gc,start    ] GC(33) Pause Young (Concurrent Start) (G1 Evacuation Pause)
[2022-05-11T01:08:38.730+0000][162][gc,task     ] GC(33) Using 10 workers of 10 for evacuation
[2022-05-11T01:08:38.730+0000][162][gc,age      ] GC(33) Desired survivor size 16777216 bytes, new threshold 15 (max threshold 15)
[2022-05-11T01:08:38.733+0000][162][gc,age      ] GC(33) Age table with threshold 15 (max threshold 15)
[2022-05-11T01:08:38.733+0000][162][gc,age      ] GC(33) - age   1:    1896872 bytes,    1896872 total
[2022-05-11T01:08:38.733+0000][162][gc,age      ] GC(33) - age   3:      47584 bytes,    1944456 total
[2022-05-11T01:08:38.734+0000][162][gc,phases   ] GC(33)   Pre Evacuate Collection Set: 0.3ms
[2022-05-11T01:08:38.734+0000][162][gc,phases   ] GC(33)   Merge Heap Roots: 0.2ms
[2022-05-11T01:08:38.734+0000][162][gc,phases   ] GC(33)   Evacuate Collection Set: 1.6ms
[2022-05-11T01:08:38.734+0000][162][gc,phases   ] GC(33)   Post Evacuate Collection Set: 0.9ms
[2022-05-11T01:08:38.734+0000][162][gc,phases   ] GC(33)   Other: 1.3ms
[2022-05-11T01:08:38.734+0000][162][gc,heap     ] GC(33) Eden regions: 56->0(57)
[2022-05-11T01:08:38.735+0000][162][gc,heap     ] GC(33) Survivor regions: 1->1(8)
[2022-05-11T01:08:38.735+0000][162][gc,heap     ] GC(33) Old regions: 34->34
[2022-05-11T01:08:38.735+0000][162][gc,heap     ] GC(33) Archive regions: 2->2
[2022-05-11T01:08:38.735+0000][162][gc,heap     ] GC(33) Humongous regions: 6->6
[2022-05-11T01:08:38.735+0000][162][gc,metaspace] GC(33) Metaspace: 104268K(105856K)->104268K(105856K) NonClass: 89885K(90816K)->89885K(90816K) Class: 14383K(15040K)->14383K(15040K)
[2022-05-11T01:08:38.735+0000][162][gc          ] GC(33) Pause Young (Concurrent Start) (G1 Evacuation Pause) 388M->165M(512M) 5.958ms
[2022-05-11T01:08:38.735+0000][162][gc,cpu      ] GC(33) User=0.02s Sys=0.00s Real=0.01s
[2022-05-11T01:08:38.736+0000][162][gc          ] GC(34) Concurrent Mark Cycle
[2022-05-11T01:08:38.736+0000][162][gc,marking  ] GC(34) Concurrent Clear Claimed Marks
[2022-05-11T01:08:38.736+0000][162][safepoint   ] Safepoint "G1CollectForAllocation", Time since last: 905648700 ns, Reaching safepoint: 230800 ns, At safepoint: 6387200 ns, Total: 6618000 ns
[2022-05-11T01:08:38.736+0000][162][gc,marking  ] GC(34) Concurrent Clear Claimed Marks 0.229ms
[2022-05-11T01:08:38.736+0000][162][gc,marking  ] GC(34) Concurrent Scan Root Regions
[2022-05-11T01:08:38.739+0000][162][gc,marking  ] GC(34) Concurrent Scan Root Regions 2.406ms
[2022-05-11T01:08:38.739+0000][162][gc,marking  ] GC(34) Concurrent Mark
[2022-05-11T01:08:38.739+0000][162][gc,marking  ] GC(34) Concurrent Mark From Roots
[2022-05-11T01:08:38.739+0000][162][gc,task     ] GC(34) Using 3 workers of 3 for marking
[2022-05-11T01:08:38.803+0000][162][gc,marking  ] GC(34) Concurrent Mark From Roots 63.542ms
[2022-05-11T01:08:38.803+0000][162][gc,marking  ] GC(34) Concurrent Preclean
[2022-05-11T01:08:38.804+0000][162][gc,marking  ] GC(34) Concurrent Preclean 0.759ms
[2022-05-11T01:08:38.804+0000][162][gc,start    ] GC(34) Pause Remark
[2022-05-11T01:08:38.808+0000][162][gc          ] GC(34) Pause Remark 200M->193M(512M) 3.353ms
[2022-05-11T01:08:38.808+0000][162][gc,cpu      ] GC(34) User=0.02s Sys=0.00s Real=0.00s
[2022-05-11T01:08:38.808+0000][162][safepoint   ] Safepoint "G1Concurrent", Time since last: 68297000 ns, Reaching safepoint: 208700 ns, At safepoint: 3792500 ns, Total: 4001200 ns
[2022-05-11T01:08:38.808+0000][162][gc,marking  ] GC(34) Concurrent Mark 69.201ms
[2022-05-11T01:08:38.808+0000][162][gc,marking  ] GC(34) Concurrent Rebuild Remembered Sets
[2022-05-11T01:08:38.846+0000][162][gc,marking  ] GC(34) Concurrent Rebuild Remembered Sets 37.135ms
[2022-05-11T01:08:38.847+0000][162][gc,start    ] GC(34) Pause Cleanup
[2022-05-11T01:08:38.848+0000][162][gc          ] GC(34) Pause Cleanup 193M->193M(512M) 1.262ms
[2022-05-11T01:08:38.848+0000][162][gc,cpu      ] GC(34) User=0.00s Sys=0.00s Real=0.00s
[2022-05-11T01:08:38.849+0000][162][safepoint   ] Safepoint "G1Concurrent", Time since last: 38100700 ns, Reaching safepoint: 735600 ns, At safepoint: 1951000 ns, Total: 2686600 ns
[2022-05-11T01:08:38.849+0000][162][gc,marking  ] GC(34) Concurrent Cleanup for Next Mark
[2022-05-11T01:08:38.850+0000][162][gc,marking  ] GC(34) Concurrent Cleanup for Next Mark 0.642ms
[2022-05-11T01:08:38.850+0000][162][gc          ] GC(34) Concurrent Mark Cycle 114.730ms
[2022-05-11T01:08:39.885+0000][162][safepoint   ] Safepoint "Cleanup", Time since last: 1035411800 ns, Reaching safepoint: 311400 ns, At safepoint: 65900 ns, Total: 377300 ns
[2022-05-11T01:08:40.589+0000][162][gc,start    ] GC(35) Pause Young (Prepare Mixed) (G1 Evacuation Pause)
[2022-05-11T01:08:40.589+0000][162][gc,task     ] GC(35) Using 10 workers of 10 for evacuation
[2022-05-11T01:08:40.590+0000][162][gc,age      ] GC(35) Desired survivor size 16777216 bytes, new threshold 15 (max threshold 15)
[2022-05-11T01:08:40.593+0000][162][gc,age      ] GC(35) Age table with threshold 15 (max threshold 15)
[2022-05-11T01:08:40.593+0000][162][gc,age      ] GC(35) - age   1:   13782296 bytes,   13782296 total
[2022-05-11T01:08:40.593+0000][162][gc,age      ] GC(35) - age   2:     492184 bytes,   14274480 total
[2022-05-11T01:08:40.594+0000][162][gc,age      ] GC(35) - age   4:      46936 bytes,   14321416 total
[2022-05-11T01:08:40.594+0000][162][gc,phases   ] GC(35)   Pre Evacuate Collection Set: 0.2ms
[2022-05-11T01:08:40.594+0000][162][gc,phases   ] GC(35)   Merge Heap Roots: 0.1ms
[2022-05-11T01:08:40.594+0000][162][gc,phases   ] GC(35)   Evacuate Collection Set: 2.2ms
[2022-05-11T01:08:40.594+0000][162][gc,phases   ] GC(35)   Post Evacuate Collection Set: 0.7ms
[2022-05-11T01:08:40.594+0000][162][gc,phases   ] GC(35)   Other: 1.2ms
[2022-05-11T01:08:40.595+0000][162][gc,heap     ] GC(35) Eden regions: 57->0(2)
[2022-05-11T01:08:40.595+0000][162][gc,heap     ] GC(35) Survivor regions: 1->4(8)
[2022-05-11T01:08:40.595+0000][162][gc,heap     ] GC(35) Old regions: 32->32
[2022-05-11T01:08:40.595+0000][162][gc,heap     ] GC(35) Archive regions: 2->2
[2022-05-11T01:08:40.595+0000][162][gc,heap     ] GC(35) Humongous regions: 6->6
[2022-05-11T01:08:40.595+0000][162][gc,metaspace] GC(35) Metaspace: 104512K(106048K)->104512K(106048K) NonClass: 90112K(91008K)->90112K(91008K) Class: 14400K(15040K)->14400K(15040K)
[2022-05-11T01:08:40.595+0000][162][gc          ] GC(35) Pause Young (Prepare Mixed) (G1 Evacuation Pause) 386M->169M(512M) 6.084ms
[2022-05-11T01:08:40.596+0000][162][gc,cpu      ] GC(35) User=0.06s Sys=0.01s Real=0.01s
[2022-05-11T01:08:40.596+0000][162][safepoint   ] Safepoint "G1CollectForAllocation", Time since last: 704420800 ns, Reaching safepoint: 300000 ns, At safepoint: 6426800 ns, Total: 6726800 ns
[2022-05-11T01:08:40.609+0000][162][gc,start    ] GC(36) Pause Young (Mixed) (G1 Evacuation Pause)
[2022-05-11T01:08:40.609+0000][162][gc,task     ] GC(36) Using 10 workers of 10 for evacuation
[2022-05-11T01:08:40.609+0000][162][gc,age      ] GC(36) Desired survivor size 2097152 bytes, new threshold 1 (max threshold 15)
[2022-05-11T01:08:40.613+0000][162][gc,age      ] GC(36) Age table with threshold 1 (max threshold 15)
[2022-05-11T01:08:40.613+0000][162][gc,age      ] GC(36) - age   1:     405344 bytes,     405344 total
[2022-05-11T01:08:40.613+0000][162][gc,phases   ] GC(36)   Pre Evacuate Collection Set: 0.2ms
[2022-05-11T01:08:40.613+0000][162][gc,phases   ] GC(36)   Merge Heap Roots: 0.1ms
[2022-05-11T01:08:40.614+0000][162][gc,phases   ] GC(36)   Evacuate Collection Set: 2.1ms
[2022-05-11T01:08:40.614+0000][162][gc,phases   ] GC(36)   Post Evacuate Collection Set: 0.7ms
[2022-05-11T01:08:40.614+0000][162][gc,phases   ] GC(36)   Other: 1.0ms
[2022-05-11T01:08:40.614+0000][162][gc,heap     ] GC(36) Eden regions: 2->0(59)
[2022-05-11T01:08:40.614+0000][162][gc,heap     ] GC(36) Survivor regions: 4->1(1)
[2022-05-11T01:08:40.614+0000][162][gc,heap     ] GC(36) Old regions: 32->31
[2022-05-11T01:08:40.614+0000][162][gc,heap     ] GC(36) Archive regions: 2->2
[2022-05-11T01:08:40.614+0000][162][gc,heap     ] GC(36) Humongous regions: 6->6
[2022-05-11T01:08:40.614+0000][162][gc,metaspace] GC(36) Metaspace: 104514K(106048K)->104514K(106048K) NonClass: 90113K(91008K)->90113K(91008K) Class: 14400K(15040K)->14400K(15040K)
[2022-05-11T01:08:40.615+0000][162][gc          ] GC(36) Pause Young (Mixed) (G1 Evacuation Pause) 177M->151M(512M) 5.431ms
[2022-05-11T01:08:40.615+0000][162][gc,cpu      ] GC(36) User=0.02s Sys=0.01s Real=0.01s
[2022-05-11T01:08:40.615+0000][162][safepoint   ] Safepoint "G1CollectForAllocation", Time since last: 13100900 ns, Reaching safepoint: 264600 ns, At safepoint: 5774100 ns, Total: 6038700 ns
[2022-05-11T01:08:41.310+0000][162][gc,start    ] GC(37) Pause Young (Concurrent Start) (G1 Evacuation Pause)
[2022-05-11T01:08:41.310+0000][162][gc,task     ] GC(37) Using 10 workers of 10 for evacuation
[2022-05-11T01:08:41.310+0000][162][gc,age      ] GC(37) Desired survivor size 16777216 bytes, new threshold 15 (max threshold 15)
[2022-05-11T01:08:41.314+0000][162][gc,age      ] GC(37) Age table with threshold 15 (max threshold 15)
[2022-05-11T01:08:41.314+0000][162][gc,age      ] GC(37) - age   1:    3786176 bytes,    3786176 total
[2022-05-11T01:08:41.314+0000][162][gc,age      ] GC(37) - age   2:      98016 bytes,    3884192 total
[2022-05-11T01:08:41.314+0000][162][gc,phases   ] GC(37)   Pre Evacuate Collection Set: 0.3ms
[2022-05-11T01:08:41.315+0000][162][gc,phases   ] GC(37)   Merge Heap Roots: 0.2ms
[2022-05-11T01:08:41.315+0000][162][gc,phases   ] GC(37)   Evacuate Collection Set: 1.4ms
[2022-05-11T01:08:41.315+0000][162][gc,phases   ] GC(37)   Post Evacuate Collection Set: 0.8ms
[2022-05-11T01:08:41.315+0000][162][gc,phases   ] GC(37)   Other: 2.0ms
[2022-05-11T01:08:41.316+0000][162][gc,heap     ] GC(37) Eden regions: 59->0(60)
[2022-05-11T01:08:41.316+0000][162][gc,heap     ] GC(37) Survivor regions: 1->1(8)
[2022-05-11T01:08:41.316+0000][162][gc,heap     ] GC(37) Old regions: 31->31
[2022-05-11T01:08:41.316+0000][162][gc,heap     ] GC(37) Archive regions: 2->2
[2022-05-11T01:08:41.316+0000][162][gc,heap     ] GC(37) Humongous regions: 6->6
[2022-05-11T01:08:41.317+0000][162][gc,metaspace] GC(37) Metaspace: 104586K(106112K)->104586K(106112K) NonClass: 90186K(91072K)->90186K(91072K) Class: 14400K(15040K)->14400K(15040K)
[2022-05-11T01:08:41.317+0000][162][gc          ] GC(37) Pause Young (Concurrent Start) (G1 Evacuation Pause) 387M->154M(512M) 7.032ms
[2022-05-11T01:08:41.317+0000][162][gc,cpu      ] GC(37) User=0.02s Sys=0.00s Real=0.00s
[2022-05-11T01:08:41.317+0000][162][safepoint   ] Safepoint "G1CollectForAllocation", Time since last: 694671500 ns, Reaching safepoint: 207800 ns, At safepoint: 7408200 ns, Total: 7616000 ns
[2022-05-11T01:08:41.317+0000][162][gc          ] GC(38) Concurrent Mark Cycle
[2022-05-11T01:08:41.318+0000][162][gc,marking  ] GC(38) Concurrent Clear Claimed Marks
[2022-05-11T01:08:41.318+0000][162][gc,marking  ] GC(38) Concurrent Clear Claimed Marks 0.201ms
[2022-05-11T01:08:41.318+0000][162][gc,marking  ] GC(38) Concurrent Scan Root Regions
[2022-05-11T01:08:41.320+0000][162][gc,marking  ] GC(38) Concurrent Scan Root Regions 1.803ms
[2022-05-11T01:08:41.320+0000][162][gc,marking  ] GC(38) Concurrent Mark
[2022-05-11T01:08:41.320+0000][162][gc,marking  ] GC(38) Concurrent Mark From Roots
[2022-05-11T01:08:41.320+0000][162][gc,task     ] GC(38) Using 3 workers of 3 for marking
[2022-05-11T01:08:41.372+0000][162][gc,marking  ] GC(38) Concurrent Mark From Roots 51.387ms
[2022-05-11T01:08:41.372+0000][162][gc,marking  ] GC(38) Concurrent Preclean
[2022-05-11T01:08:41.372+0000][162][gc,marking  ] GC(38) Concurrent Preclean 0.591ms
[2022-05-11T01:08:41.373+0000][162][gc,start    ] GC(38) Pause Remark
[2022-05-11T01:08:41.376+0000][162][gc          ] GC(38) Pause Remark 162M->162M(512M) 3.296ms
[2022-05-11T01:08:41.377+0000][162][gc,cpu      ] GC(38) User=0.02s Sys=0.00s Real=0.00s
[2022-05-11T01:08:41.377+0000][162][safepoint   ] Safepoint "G1Concurrent", Time since last: 55640800 ns, Reaching safepoint: 275700 ns, At safepoint: 3869900 ns, Total: 4145600 ns
[2022-05-11T01:08:41.377+0000][162][gc,marking  ] GC(38) Concurrent Mark 57.128ms
[2022-05-11T01:08:41.377+0000][162][gc,marking  ] GC(38) Concurrent Rebuild Remembered Sets
[2022-05-11T01:08:41.401+0000][162][gc,marking  ] GC(38) Concurrent Rebuild Remembered Sets 23.348ms
[2022-05-11T01:08:41.401+0000][162][gc,start    ] GC(38) Pause Cleanup
[2022-05-11T01:08:41.402+0000][162][gc          ] GC(38) Pause Cleanup 162M->162M(512M) 0.399ms
[2022-05-11T01:08:41.402+0000][162][gc,cpu      ] GC(38) User=0.00s Sys=0.00s Real=0.00s
[2022-05-11T01:08:41.402+0000][162][safepoint   ] Safepoint "G1Concurrent", Time since last: 24027400 ns, Reaching safepoint: 172500 ns, At safepoint: 944800 ns, Total: 1117300 ns
[2022-05-11T01:08:41.402+0000][162][gc,marking  ] GC(38) Concurrent Cleanup for Next Mark
[2022-05-11T01:08:41.403+0000][162][gc,marking  ] GC(38) Concurrent Cleanup for Next Mark 0.363ms
[2022-05-11T01:08:41.403+0000][162][gc          ] GC(38) Concurrent Mark Cycle 85.754ms
[2022-05-11T01:08:42.403+0000][162][safepoint   ] Safepoint "Cleanup", Time since last: 1000397000 ns, Reaching safepoint: 185200 ns, At safepoint: 7700 ns, Total: 192900 ns
[2022-05-11T01:08:45.404+0000][162][safepoint   ] Safepoint "Cleanup", Time since last: 3000690100 ns, Reaching safepoint: 299700 ns, At safepoint: 7800 ns, Total: 307500 ns
[2022-05-11T01:08:51.405+0000][162][safepoint   ] Safepoint "Cleanup", Time since last: 6001109900 ns, Reaching safepoint: 221800 ns, At safepoint: 7000 ns, Total: 228800 ns
[2022-05-11T01:08:52.406+0000][162][safepoint   ] Safepoint "Cleanup", Time since last: 1000442300 ns, Reaching safepoint: 231000 ns, At safepoint: 7000 ns, Total: 238000 ns
[2022-05-11T01:08:55.407+0000][162][safepoint   ] Safepoint "Cleanup", Time since last: 3000804600 ns, Reaching safepoint: 186300 ns, At safepoint: 6300 ns, Total: 192600 ns
[2022-05-11T01:09:22.185+0000][162][safepoint   ] Safepoint "Cleanup", Time since last: 26776743800 ns, Reaching safepoint: 421700 ns, At safepoint: 43800 ns, Total: 465500 ns
[2022-05-11T01:09:22.274+0000][162][gc,start    ] GC(39) Pause Young (Prepare Mixed) (G1 Evacuation Pause)
[2022-05-11T01:09:22.274+0000][162][gc,task     ] GC(39) Using 10 workers of 10 for evacuation
[2022-05-11T01:09:22.274+0000][162][gc,age      ] GC(39) Desired survivor size 16777216 bytes, new threshold 15 (max threshold 15)
[2022-05-11T01:09:22.277+0000][162][gc,age      ] GC(39) Age table with threshold 15 (max threshold 15)
[2022-05-11T01:09:22.277+0000][162][gc,age      ] GC(39) - age   1:    1025408 bytes,    1025408 total
[2022-05-11T01:09:22.278+0000][162][gc,age      ] GC(39) - age   2:    2833368 bytes,    3858776 total
[2022-05-11T01:09:22.278+0000][162][gc,age      ] GC(39) - age   3:      94312 bytes,    3953088 total
[2022-05-11T01:09:22.278+0000][162][gc,phases   ] GC(39)   Pre Evacuate Collection Set: 0.2ms
[2022-05-11T01:09:22.278+0000][162][gc,phases   ] GC(39)   Merge Heap Roots: 0.2ms
[2022-05-11T01:09:22.278+0000][162][gc,phases   ] GC(39)   Evacuate Collection Set: 1.3ms
[2022-05-11T01:09:22.279+0000][162][gc,phases   ] GC(39)   Post Evacuate Collection Set: 0.8ms
[2022-05-11T01:09:22.279+0000][162][gc,phases   ] GC(39)   Other: 2.0ms
[2022-05-11T01:09:22.279+0000][162][gc,heap     ] GC(39) Eden regions: 60->0(5)
[2022-05-11T01:09:22.279+0000][162][gc,heap     ] GC(39) Survivor regions: 1->1(8)
[2022-05-11T01:09:22.279+0000][162][gc,heap     ] GC(39) Old regions: 31->31
[2022-05-11T01:09:22.279+0000][162][gc,heap     ] GC(39) Archive regions: 2->2
[2022-05-11T01:09:22.280+0000][162][gc,heap     ] GC(39) Humongous regions: 6->6
[2022-05-11T01:09:22.280+0000][162][gc,metaspace] GC(39) Metaspace: 104720K(106240K)->104720K(106240K) NonClass: 90308K(91200K)->90308K(91200K) Class: 14412K(15040K)->14412K(15040K)
[2022-05-11T01:09:22.280+0000][162][gc          ] GC(39) Pause Young (Prepare Mixed) (G1 Evacuation Pause) 394M->154M(512M) 6.239ms
[2022-05-11T01:09:22.280+0000][162][gc,cpu      ] GC(39) User=0.01s Sys=0.00s Real=0.00s
[2022-05-11T01:09:22.280+0000][162][safepoint   ] Safepoint "G1CollectForAllocation", Time since last: 88593400 ns, Reaching safepoint: 253300 ns, At safepoint: 6606200 ns, Total: 6859500 ns
[2022-05-11T01:09:22.286+0000][162][gc,start    ] GC(40) Pause Young (Mixed) (G1 Evacuation Pause)
[2022-05-11T01:09:22.287+0000][162][gc,task     ] GC(40) Using 10 workers of 10 for evacuation
[2022-05-11T01:09:22.287+0000][162][gc,age      ] GC(40) Desired survivor size 2097152 bytes, new threshold 2 (max threshold 15)
[2022-05-11T01:09:22.289+0000][162][gc,age      ] GC(40) Age table with threshold 2 (max threshold 15)
[2022-05-11T01:09:22.290+0000][162][gc,age      ] GC(40) - age   1:        432 bytes,        432 total
[2022-05-11T01:09:22.290+0000][162][gc,age      ] GC(40) - age   2:    1024528 bytes,    1024960 total
[2022-05-11T01:09:22.290+0000][162][gc,phases   ] GC(40)   Pre Evacuate Collection Set: 0.2ms
[2022-05-11T01:09:22.291+0000][162][gc,phases   ] GC(40)   Merge Heap Roots: 0.2ms
[2022-05-11T01:09:22.291+0000][162][gc,phases   ] GC(40)   Evacuate Collection Set: 1.1ms
[2022-05-11T01:09:22.291+0000][162][gc,phases   ] GC(40)   Post Evacuate Collection Set: 0.6ms
[2022-05-11T01:09:22.291+0000][162][gc,phases   ] GC(40)   Other: 1.9ms
[2022-05-11T01:09:22.291+0000][162][gc,heap     ] GC(40) Eden regions: 5->0(61)
[2022-05-11T01:09:22.292+0000][162][gc,heap     ] GC(40) Survivor regions: 1->1(1)
[2022-05-11T01:09:22.292+0000][162][gc,heap     ] GC(40) Old regions: 31->31
[2022-05-11T01:09:22.292+0000][162][gc,heap     ] GC(40) Archive regions: 2->2
[2022-05-11T01:09:22.292+0000][162][gc,heap     ] GC(40) Humongous regions: 6->6
[2022-05-11T01:09:22.292+0000][162][gc,metaspace] GC(40) Metaspace: 104720K(106240K)->104720K(106240K) NonClass: 90308K(91200K)->90308K(91200K) Class: 14412K(15040K)->14412K(15040K)
[2022-05-11T01:09:22.292+0000][162][gc          ] GC(40) Pause Young (Mixed) (G1 Evacuation Pause) 174M->151M(512M) 5.932ms
[2022-05-11T01:09:22.293+0000][162][gc,cpu      ] GC(40) User=0.02s Sys=0.00s Real=0.01s
[2022-05-11T01:09:22.293+0000][162][safepoint   ] Safepoint "G1CollectForAllocation", Time since last: 5995900 ns, Reaching safepoint: 231600 ns, At safepoint: 6308200 ns, Total: 6539800 ns
[2022-05-11T01:09:23.294+0000][162][safepoint   ] Safepoint "Cleanup", Time since last: 1000655900 ns, Reaching safepoint: 953900 ns, At safepoint: 31200 ns, Total: 985100 ns
[2022-05-11T01:09:25.296+0000][162][safepoint   ] Safepoint "Cleanup", Time since last: 2001506400 ns, Reaching safepoint: 220300 ns, At safepoint: 7500 ns, Total: 227800 ns
[2022-05-11T01:09:27.316+0000][162][safepoint   ] Safepoint "Cleanup", Time since last: 2020120700 ns, Reaching safepoint: 161000 ns, At safepoint: 17800 ns, Total: 178800 ns
[2022-05-11T01:09:28.318+0000][162][safepoint   ] Safepoint "Cleanup", Time since last: 1000593100 ns, Reaching safepoint: 792300 ns, At safepoint: 28600 ns, Total: 820900 ns
[2022-05-11T01:09:31.320+0000][162][safepoint   ] Safepoint "Cleanup", Time since last: 3001651500 ns, Reaching safepoint: 259200 ns, At safepoint: 8500 ns, Total: 267700 ns
[2022-05-11T01:09:33.793+0000][162][safepoint   ] Safepoint "Cleanup", Time since last: 2472733200 ns, Reaching safepoint: 268200 ns, At safepoint: 22900 ns, Total: 291100 ns
[2022-05-11T01:09:34.798+0000][162][safepoint   ] Safepoint "Cleanup", Time since last: 1004807700 ns, Reaching safepoint: 327200 ns, At safepoint: 12000 ns, Total: 339200 ns
[2022-05-11T01:09:35.799+0000][162][safepoint   ] Safepoint "Cleanup", Time since last: 1000701500 ns, Reaching safepoint: 195100 ns, At safepoint: 8100 ns, Total: 203200 ns
[2022-05-11T01:09:40.802+0000][162][safepoint   ] Safepoint "Cleanup", Time since last: 5001875600 ns, Reaching safepoint: 1017100 ns, At safepoint: 37500 ns, Total: 1054600 ns
[2022-05-11T01:09:52.806+0000][162][safepoint   ] Safepoint "Cleanup", Time since last: 12003978600 ns, Reaching safepoint: 214800 ns, At safepoint: 8300 ns, Total: 223100 ns
[2022-05-11T01:09:57.808+0000][162][safepoint   ] Safepoint "Cleanup", Time since last: 5001445100 ns, Reaching safepoint: 195300 ns, At safepoint: 8500 ns, Total: 203800 ns
[2022-05-11T01:09:58.808+0000][162][safepoint   ] Safepoint "Cleanup", Time since last: 1000441800 ns, Reaching safepoint: 203200 ns, At safepoint: 8400 ns, Total: 211600 ns
[2022-05-11T01:09:59.809+0000][162][safepoint   ] Safepoint "Cleanup", Time since last: 1000582500 ns, Reaching safepoint: 229800 ns, At safepoint: 7900 ns, Total: 237700 ns
[2022-05-11T01:10:03.810+0000][162][safepoint   ] Safepoint "Cleanup", Time since last: 4000895700 ns, Reaching safepoint: 255400 ns, At safepoint: 21400 ns, Total: 276800 ns
[2022-05-11T01:10:08.811+0000][162][safepoint   ] Safepoint "Cleanup", Time since last: 5000689200 ns, Reaching safepoint: 240000 ns, At safepoint: 25000 ns, Total: 265000 ns
[2022-05-11T01:10:12.812+0000][162][safepoint   ] Safepoint "Cleanup", Time since last: 4000871800 ns, Reaching safepoint: 285900 ns, At safepoint: 8100 ns, Total: 294000 ns
[2022-05-11T01:10:14.813+0000][162][safepoint   ] Safepoint "Cleanup", Time since last: 2000440400 ns, Reaching safepoint: 256700 ns, At safepoint: 25000 ns, Total: 281700 ns
[2022-05-11T01:10:15.814+0000][162][safepoint   ] Safepoint "Cleanup", Time since last: 1000339900 ns, Reaching safepoint: 238300 ns, At safepoint: 8500 ns, Total: 246800 ns
[2022-05-11T01:10:22.816+0000][162][safepoint   ] Safepoint "Cleanup", Time since last: 7001300800 ns, Reaching safepoint: 253500 ns, At safepoint: 8300 ns, Total: 261800 ns
[2022-05-11T01:10:23.817+0000][162][safepoint   ] Safepoint "Cleanup", Time since last: 1000559100 ns, Reaching safepoint: 286800 ns, At safepoint: 7700 ns, Total: 294500 ns
[2022-05-11T01:10:27.818+0000][162][safepoint   ] Safepoint "Cleanup", Time since last: 4001017400 ns, Reaching safepoint: 240600 ns, At safepoint: 8600 ns, Total: 249200 ns
[2022-05-11T01:10:28.819+0000][162][safepoint   ] Safepoint "Cleanup", Time since last: 1000473800 ns, Reaching safepoint: 276500 ns, At safepoint: 8800 ns, Total: 285300 ns
[2022-05-11T01:10:31.820+0000][162][safepoint   ] Safepoint "Cleanup", Time since last: 3000755200 ns, Reaching safepoint: 237500 ns, At safepoint: 32300 ns, Total: 269800 ns
[2022-05-11T01:10:34.821+0000][162][safepoint   ] Safepoint "Cleanup", Time since last: 3000779700 ns, Reaching safepoint: 198800 ns, At safepoint: 9300 ns, Total: 208100 ns
[2022-05-11T01:10:38.823+0000][162][safepoint   ] Safepoint "Cleanup", Time since last: 4001638600 ns, Reaching safepoint: 627000 ns, At safepoint: 24800 ns, Total: 651800 ns
[2022-05-11T01:10:41.826+0000][162][safepoint   ] Safepoint "Cleanup", Time since last: 3002256900 ns, Reaching safepoint: 906100 ns, At safepoint: 33100 ns, Total: 939200 ns
[2022-05-11T01:10:43.829+0000][162][safepoint   ] Safepoint "Cleanup", Time since last: 2002068100 ns, Reaching safepoint: 901300 ns, At safepoint: 31500 ns, Total: 932800 ns
[2022-05-11T01:10:46.832+0000][162][safepoint   ] Safepoint "Cleanup", Time since last: 3001877300 ns, Reaching safepoint: 274200 ns, At safepoint: 10000 ns, Total: 284200 ns
[2022-05-11T01:10:51.834+0000][162][safepoint   ] Safepoint "Cleanup", Time since last: 5001740400 ns, Reaching safepoint: 458500 ns, At safepoint: 17200 ns, Total: 475700 ns
[2022-05-11T01:10:52.835+0000][162][safepoint   ] Safepoint "Cleanup", Time since last: 1001109200 ns, Reaching safepoint: 337100 ns, At safepoint: 13200 ns, Total: 350300 ns
[2022-05-11T01:10:53.837+0000][162][safepoint   ] Safepoint "Cleanup", Time since last: 1000911700 ns, Reaching safepoint: 211600 ns, At safepoint: 7800 ns, Total: 219400 ns
[2022-05-11T01:10:54.838+0000][162][safepoint   ] Safepoint "Cleanup", Time since last: 1000797600 ns, Reaching safepoint: 1000100 ns, At safepoint: 33700 ns, Total: 1033800 ns
[2022-05-11T01:10:55.840+0000][162][safepoint   ] Safepoint "Cleanup", Time since last: 1001186200 ns, Reaching safepoint: 225300 ns, At safepoint: 11900 ns, Total: 237200 ns
[2022-05-11T01:11:11.845+0000][162][safepoint   ] Safepoint "Cleanup", Time since last: 16004295600 ns, Reaching safepoint: 584800 ns, At safepoint: 22100 ns, Total: 606900 ns
[2022-05-11T01:11:22.849+0000][162][safepoint   ] Safepoint "Cleanup", Time since last: 11004262400 ns, Reaching safepoint: 1014800 ns, At safepoint: 33400 ns, Total: 1048200 ns
[2022-05-11T01:11:53.859+0000][162][safepoint   ] Safepoint "Cleanup", Time since last: 31009550500 ns, Reaching safepoint: 208500 ns, At safepoint: 7800 ns, Total: 216300 ns
[2022-05-11T01:11:59.861+0000][162][safepoint   ] Safepoint "Cleanup", Time since last: 6001671000 ns, Reaching safepoint: 192000 ns, At safepoint: 8700 ns, Total: 200700 ns
[2022-05-11T01:12:05.863+0000][162][safepoint   ] Safepoint "Cleanup", Time since last: 6001800500 ns, Reaching safepoint: 214500 ns, At safepoint: 9500 ns, Total: 224000 ns
[2022-05-11T01:12:22.866+0000][162][safepoint   ] Safepoint "Cleanup", Time since last: 17002302300 ns, Reaching safepoint: 379600 ns, At safepoint: 9100 ns, Total: 388700 ns
[2022-05-11T01:12:24.867+0000][162][safepoint   ] Safepoint "Cleanup", Time since last: 2000639500 ns, Reaching safepoint: 251900 ns, At safepoint: 22400 ns, Total: 274300 ns
[2022-05-11T01:12:25.868+0000][162][safepoint   ] Safepoint "Cleanup", Time since last: 1000495900 ns, Reaching safepoint: 316800 ns, At safepoint: 11500 ns, Total: 328300 ns
[2022-05-11T01:12:33.870+0000][162][safepoint   ] Safepoint "Cleanup", Time since last: 8001340500 ns, Reaching safepoint: 223500 ns, At safepoint: 30900 ns, Total: 254400 ns
[2022-05-11T01:12:49.874+0000][162][safepoint   ] Safepoint "Cleanup", Time since last: 16004045900 ns, Reaching safepoint: 252700 ns, At safepoint: 22200 ns, Total: 274900 ns
[2022-05-11T01:12:52.876+0000][162][safepoint   ] Safepoint "Cleanup", Time since last: 3001588400 ns, Reaching safepoint: 586100 ns, At safepoint: 22000 ns, Total: 608100 ns
[2022-05-11T01:12:54.877+0000][162][safepoint   ] Safepoint "Cleanup", Time since last: 2001059100 ns, Reaching safepoint: 216300 ns, At safepoint: 32100 ns, Total: 248400 ns
[2022-05-11T01:12:56.878+0000][162][safepoint   ] Safepoint "Cleanup", Time since last: 2000985900 ns, Reaching safepoint: 336600 ns, At safepoint: 14500 ns, Total: 351100 ns
[2022-05-11T01:12:59.881+0000][162][safepoint   ] Safepoint "Cleanup", Time since last: 3001151200 ns, Reaching safepoint: 1032600 ns, At safepoint: 39300 ns, Total: 1071900 ns
[2022-05-11T01:13:22.891+0000][162][safepoint   ] Safepoint "Cleanup", Time since last: 23008637900 ns, Reaching safepoint: 848000 ns, At safepoint: 82400 ns, Total: 930400 ns
[2022-05-11T01:13:25.893+0000][162][safepoint   ] Safepoint "Cleanup", Time since last: 3002196300 ns, Reaching safepoint: 531900 ns, At safepoint: 23900 ns, Total: 555800 ns
[2022-05-11T01:13:39.900+0000][162][safepoint   ] Safepoint "Cleanup", Time since last: 14005625300 ns, Reaching safepoint: 874600 ns, At safepoint: 33500 ns, Total: 908100 ns
[2022-05-11T01:13:52.904+0000][162][safepoint   ] Safepoint "Cleanup", Time since last: 13003758500 ns, Reaching safepoint: 207000 ns, At safepoint: 10600 ns, Total: 217600 ns
[2022-05-11T01:13:53.905+0000][162][safepoint   ] Safepoint "Cleanup", Time since last: 1000513600 ns, Reaching safepoint: 207800 ns, At safepoint: 8900 ns, Total: 216700 ns
[2022-05-11T01:14:11.909+0000][162][safepoint   ] Safepoint "Cleanup", Time since last: 18003867200 ns, Reaching safepoint: 229600 ns, At safepoint: 7300 ns, Total: 236900 ns
[2022-05-11T01:14:22.911+0000][162][safepoint   ] Safepoint "Cleanup", Time since last: 11001641900 ns, Reaching safepoint: 320600 ns, At safepoint: 14400 ns, Total: 335000 ns
[2022-05-11T01:14:25.912+0000][162][safepoint   ] Safepoint "Cleanup", Time since last: 3000829800 ns, Reaching safepoint: 283800 ns, At safepoint: 7800 ns, Total: 291600 ns
[2022-05-11T01:14:51.919+0000][162][safepoint   ] Safepoint "Cleanup", Time since last: 26006773200 ns, Reaching safepoint: 285000 ns, At safepoint: 7500 ns, Total: 292500 ns
[2022-05-11T01:14:52.920+0000][162][safepoint   ] Safepoint "Cleanup", Time since last: 1000833200 ns, Reaching safepoint: 503200 ns, At safepoint: 18400 ns, Total: 521600 ns
[2022-05-11T01:14:55.922+0000][162][safepoint   ] Safepoint "Cleanup", Time since last: 3001808800 ns, Reaching safepoint: 274500 ns, At safepoint: 9900 ns, Total: 284400 ns
[2022-05-11T01:14:56.923+0000][162][safepoint   ] Safepoint "Cleanup", Time since last: 1000621200 ns, Reaching safepoint: 202200 ns, At safepoint: 9900 ns, Total: 212100 ns
[2022-05-11T01:15:22.933+0000][162][safepoint   ] Safepoint "Cleanup", Time since last: 26009511100 ns, Reaching safepoint: 349600 ns, At safepoint: 13600 ns, Total: 363200 ns
[2022-05-11T01:15:24.935+0000][162][safepoint   ] Safepoint "Cleanup", Time since last: 2000890800 ns, Reaching safepoint: 842800 ns, At safepoint: 43800 ns, Total: 886600 ns
[2022-05-11T01:15:41.940+0000][162][safepoint   ] Safepoint "Cleanup", Time since last: 17004549800 ns, Reaching safepoint: 241300 ns, At safepoint: 9200 ns, Total: 250500 ns
[2022-05-11T01:15:44.942+0000][162][safepoint   ] Safepoint "Cleanup", Time since last: 3001470100 ns, Reaching safepoint: 989500 ns, At safepoint: 42300 ns, Total: 1031800 ns
[2022-05-11T01:15:52.947+0000][162][safepoint   ] Safepoint "Cleanup", Time since last: 8003865000 ns, Reaching safepoint: 797400 ns, At safepoint: 30400 ns, Total: 827800 ns
[2022-05-11T01:15:53.949+0000][162][safepoint   ] Safepoint "Cleanup", Time since last: 1001719900 ns, Reaching safepoint: 812700 ns, At safepoint: 29600 ns, Total: 842300 ns
[2022-05-11T01:16:23.962+0000][162][safepoint   ] Safepoint "Cleanup", Time since last: 30011778400 ns, Reaching safepoint: 969000 ns, At safepoint: 29900 ns, Total: 998900 ns
[2022-05-11T01:16:52.974+0000][162][safepoint   ] Safepoint "Cleanup", Time since last: 29011256400 ns, Reaching safepoint: 862800 ns, At safepoint: 29800 ns, Total: 892600 ns
[2022-05-11T01:17:22.981+0000][162][safepoint   ] Safepoint "Cleanup", Time since last: 30007047700 ns, Reaching safepoint: 211600 ns, At safepoint: 10500 ns, Total: 222100 ns
[2022-05-11T01:17:52.991+0000][162][safepoint   ] Safepoint "Cleanup", Time since last: 30008924000 ns, Reaching safepoint: 835900 ns, At safepoint: 29400 ns, Total: 865300 ns
[2022-05-11T01:17:54.994+0000][162][safepoint   ] Safepoint "Cleanup", Time since last: 2002305400 ns, Reaching safepoint: 833400 ns, At safepoint: 29700 ns, Total: 863100 ns
[2022-05-11T01:17:55.997+0000][162][safepoint   ] Safepoint "Cleanup", Time since last: 1001642300 ns, Reaching safepoint: 807200 ns, At safepoint: 30300 ns, Total: 837500 ns
[2022-05-11T01:18:04.002+0000][162][safepoint   ] Safepoint "Cleanup", Time since last: 8004153700 ns, Reaching safepoint: 890400 ns, At safepoint: 31000 ns, Total: 921400 ns
[2022-05-11T01:18:23.008+0000][162][safepoint   ] Safepoint "Cleanup", Time since last: 19006075000 ns, Reaching safepoint: 285700 ns, At safepoint: 7200 ns, Total: 292900 ns
[2022-05-11T01:18:51.015+0000][162][safepoint   ] Safepoint "Cleanup", Time since last: 28006182700 ns, Reaching safepoint: 226100 ns, At safepoint: 27300 ns, Total: 253400 ns
[2022-05-11T01:18:53.016+0000][162][safepoint   ] Safepoint "Cleanup", Time since last: 2000844400 ns, Reaching safepoint: 209500 ns, At safepoint: 7900 ns, Total: 217400 ns
[2022-05-11T01:20:23.045+0000][162][safepoint   ] Safepoint "Cleanup", Time since last: 90028017600 ns, Reaching safepoint: 1053500 ns, At safepoint: 37500 ns, Total: 1091000 ns
[2022-05-11T01:20:26.048+0000][162][safepoint   ] Safepoint "Cleanup", Time since last: 3002061500 ns, Reaching safepoint: 581700 ns, At safepoint: 21800 ns, Total: 603500 ns
[2022-05-11T01:20:34.052+0000][162][safepoint   ] Safepoint "Cleanup", Time since last: 8003712200 ns, Reaching safepoint: 342100 ns, At safepoint: 13700 ns, Total: 355800 ns
[2022-05-11T01:20:56.060+0000][162][safepoint   ] Safepoint "Cleanup", Time since last: 22007869700 ns, Reaching safepoint: 214400 ns, At safepoint: 7800 ns, Total: 222200 ns
[2022-05-11T01:21:04.063+0000][162][safepoint   ] Safepoint "Cleanup", Time since last: 8002789100 ns, Reaching safepoint: 835900 ns, At safepoint: 29300 ns, Total: 865200 ns
[2022-05-11T01:21:15.069+0000][162][safepoint   ] Safepoint "Cleanup", Time since last: 11005058400 ns, Reaching safepoint: 846200 ns, At safepoint: 33400 ns, Total: 879600 ns
[2022-05-11T01:22:23.095+0000][162][safepoint   ] Safepoint "Cleanup", Time since last: 68025466300 ns, Reaching safepoint: 249000 ns, At safepoint: 8600 ns, Total: 257600 ns
[2022-05-11T01:23:23.119+0000][162][safepoint   ] Safepoint "Cleanup", Time since last: 60021594200 ns, Reaching safepoint: 477100 ns, At safepoint: 40800 ns, Total: 517900 ns
[2022-05-11T01:23:53.130+0000][162][safepoint   ] Safepoint "Cleanup", Time since last: 30009723100 ns, Reaching safepoint: 269700 ns, At safepoint: 9300 ns, Total: 279000 ns
[2022-05-11T01:24:53.156+0000][162][safepoint   ] Safepoint "Cleanup", Time since last: 60022472700 ns, Reaching safepoint: 208100 ns, At safepoint: 7700 ns, Total: 215800 ns
[2022-05-11T01:25:22.170+0000][162][safepoint   ] Safepoint "Cleanup", Time since last: 29011839300 ns, Reaching safepoint: 855800 ns, At safepoint: 27700 ns, Total: 883500 ns
[2022-05-11T01:25:23.172+0000][162][safepoint   ] Safepoint "Cleanup", Time since last: 1001353000 ns, Reaching safepoint: 753900 ns, At safepoint: 28900 ns, Total: 782800 ns
[2022-05-11T01:26:16.189+0000][162][safepoint   ] Safepoint "Cleanup", Time since last: 53015722800 ns, Reaching safepoint: 187200 ns, At safepoint: 7700 ns, Total: 194900 ns
