[2022-04-18T23:54:06.760+0000][172][gc] Using G1
[2022-04-18T23:54:06.764+0000][172][gc,init] Version: 17.0.2+8 (release)
[2022-04-18T23:54:06.765+0000][172][gc,init] CPUs: 5 total, 5 available
[2022-04-18T23:54:06.765+0000][172][gc,init] Memory: 7851M
[2022-04-18T23:54:06.766+0000][172][gc,init] Large Page Support: Disabled
[2022-04-18T23:54:06.767+0000][172][gc,init] NUMA Support: Disabled
[2022-04-18T23:54:06.767+0000][172][gc,init] Compressed Oops: Enabled (32-bit)
[2022-04-18T23:54:06.768+0000][172][gc,init] Heap Region Size: 1M
[2022-04-18T23:54:06.769+0000][172][gc,init] Heap Min Capacity: 512M
[2022-04-18T23:54:06.769+0000][172][gc,init] Heap Initial Capacity: 512M
[2022-04-18T23:54:06.770+0000][172][gc,init] Heap Max Capacity: 512M
[2022-04-18T23:54:06.771+0000][172][gc,init] Pre-touch: Disabled
[2022-04-18T23:54:06.771+0000][172][gc,init] Parallel Workers: 5
[2022-04-18T23:54:06.772+0000][172][gc,init] Concurrent Workers: 1
[2022-04-18T23:54:06.772+0000][172][gc,init] Concurrent Refinement Workers: 5
[2022-04-18T23:54:06.773+0000][172][gc,init] Periodic GC: Disabled
[2022-04-18T23:54:06.774+0000][172][gc,metaspace] CDS archive(s) not mapped
[2022-04-18T23:54:06.774+0000][172][gc,metaspace] Compressed class space mapped at: 0x0000000100000000-0x0000000140000000, reserved size: 1073741824
[2022-04-18T23:54:06.775+0000][172][gc,metaspace] Narrow klass base: 0x0000000000000000, Narrow klass shift: 3, Narrow klass range: 0x140000000
[2022-04-18T23:54:06.816+0000][172][gc,heap,exit] Heap
[2022-04-18T23:54:06.818+0000][172][gc,heap,exit]  garbage-first heap   total 524288K, used 2048K [0x00000000e0000000, 0x0000000100000000)
[2022-04-18T23:54:06.819+0000][172][gc,heap,exit]   region size 1024K, 2 young (2048K), 0 survivors (0K)
[2022-04-18T23:54:06.820+0000][172][gc,heap,exit]  Metaspace       used 3471K, committed 3520K, reserved 1056768K
[2022-04-18T23:54:06.820+0000][172][gc,heap,exit]   class space    used 278K, committed 320K, reserved 1048576K
