[2022-04-29T01:14:57.281+0000][160][gc] Using G1
[2022-04-29T01:14:57.330+0000][160][gc,init] Version: 17.0.2+8 (release)
[2022-04-29T01:14:57.331+0000][160][gc,init] CPUs: 5 total, 5 available
[2022-04-29T01:14:57.332+0000][160][gc,init] Memory: 7851M
[2022-04-29T01:14:57.333+0000][160][gc,init] Large Page Support: Disabled
[2022-04-29T01:14:57.333+0000][160][gc,init] NUMA Support: Disabled
[2022-04-29T01:14:57.334+0000][160][gc,init] Compressed Oops: Enabled (32-bit)
[2022-04-29T01:14:57.335+0000][160][gc,init] Heap Region Size: 4M
[2022-04-29T01:14:57.336+0000][160][gc,init] Heap Min Capacity: 512M
[2022-04-29T01:14:57.337+0000][160][gc,init] Heap Initial Capacity: 512M
[2022-04-29T01:14:57.338+0000][160][gc,init] Heap Max Capacity: 512M
[2022-04-29T01:14:57.338+0000][160][gc,init] Pre-touch: Enabled
[2022-04-29T01:14:57.339+0000][160][gc,init] Parallel Workers: 5
[2022-04-29T01:14:57.339+0000][160][gc,init] Concurrent Workers: 1
[2022-04-29T01:14:57.340+0000][160][gc,init] Concurrent Refinement Workers: 5
[2022-04-29T01:14:57.341+0000][160][gc,init] Periodic GC: Disabled
[2022-04-29T01:14:57.342+0000][160][gc,metaspace] CDS archive(s) mapped at: [0x0000000800000000-0x0000000800bd2000-0x0000000800bd2000), size 12394496, SharedBaseAddress: 0x0000000800000000, ArchiveRelocationMode: 0.
[2022-04-29T01:14:57.342+0000][160][gc,metaspace] Compressed class space mapped at: 0x0000000800c00000-0x0000000840c00000, reserved size: 1073741824
[2022-04-29T01:14:57.343+0000][160][gc,metaspace] Narrow klass base: 0x0000000800000000, Narrow klass shift: 0, Narrow klass range: 0x100000000
[2022-04-29T01:14:57.466+0000][160][safepoint   ] Safepoint "ICBufferFull", Time since last: 119500708 ns, Reaching safepoint: 139000 ns, At safepoint: 2625 ns, Total: 141625 ns
[2022-04-29T01:14:57.526+0000][160][safepoint   ] Safepoint "ICBufferFull", Time since last: 59519833 ns, Reaching safepoint: 115167 ns, At safepoint: 5458 ns, Total: 120625 ns
[2022-04-29T01:14:57.568+0000][160][safepoint   ] Safepoint "ICBufferFull", Time since last: 41324500 ns, Reaching safepoint: 193459 ns, At safepoint: 12208 ns, Total: 205667 ns
[2022-04-29T01:14:57.662+0000][160][gc,start    ] GC(0) Pause Young (Normal) (G1 Evacuation Pause)
[2022-04-29T01:14:57.663+0000][160][gc,task     ] GC(0) Using 5 workers of 5 for evacuation
[2022-04-29T01:14:57.664+0000][160][gc,age      ] GC(0) Desired survivor size 2097152 bytes, new threshold 15 (max threshold 15)
[2022-04-29T01:14:57.667+0000][160][gc,age      ] GC(0) Age table with threshold 15 (max threshold 15)
[2022-04-29T01:14:57.669+0000][160][gc,age      ] GC(0) - age   1:    4127080 bytes,    4127080 total
[2022-04-29T01:14:57.670+0000][160][gc,phases   ] GC(0)   Pre Evacuate Collection Set: 0.2ms
[2022-04-29T01:14:57.670+0000][160][gc,phases   ] GC(0)   Merge Heap Roots: 0.0ms
[2022-04-29T01:14:57.671+0000][160][gc,phases   ] GC(0)   Evacuate Collection Set: 2.1ms
[2022-04-29T01:14:57.673+0000][160][gc,phases   ] GC(0)   Post Evacuate Collection Set: 0.5ms
[2022-04-29T01:14:57.673+0000][160][gc,phases   ] GC(0)   Other: 5.2ms
[2022-04-29T01:14:57.674+0000][160][gc,heap     ] GC(0) Eden regions: 6->0(5)
[2022-04-29T01:14:57.675+0000][160][gc,heap     ] GC(0) Survivor regions: 0->1(1)
[2022-04-29T01:14:57.676+0000][160][gc,heap     ] GC(0) Old regions: 0->1
[2022-04-29T01:14:57.676+0000][160][gc,heap     ] GC(0) Archive regions: 2->2
[2022-04-29T01:14:57.677+0000][160][gc,heap     ] GC(0) Humongous regions: 0->0
[2022-04-29T01:14:57.678+0000][160][gc,metaspace] GC(0) Metaspace: 8909K(9088K)->8909K(9088K) NonClass: 7852K(7936K)->7852K(7936K) Class: 1057K(1152K)->1057K(1152K)
[2022-04-29T01:14:57.678+0000][160][gc          ] GC(0) Pause Young (Normal) (G1 Evacuation Pause) 27M->8M(512M) 16.665ms
[2022-04-29T01:14:57.679+0000][160][gc,cpu      ] GC(0) User=0.01s Sys=0.00s Real=0.01s
[2022-04-29T01:14:57.680+0000][160][safepoint   ] Safepoint "G1CollectForAllocation", Time since last: 93925000 ns, Reaching safepoint: 94583 ns, At safepoint: 17902000 ns, Total: 17996583 ns
[2022-04-29T01:14:57.792+0000][160][safepoint   ] Safepoint "ICBufferFull", Time since last: 112320084 ns, Reaching safepoint: 137625 ns, At safepoint: 9917 ns, Total: 147542 ns
[2022-04-29T01:14:57.932+0000][160][gc,start    ] GC(1) Pause Young (Normal) (G1 Evacuation Pause)
[2022-04-29T01:14:57.933+0000][160][gc,task     ] GC(1) Using 5 workers of 5 for evacuation
[2022-04-29T01:14:57.934+0000][160][gc,age      ] GC(1) Desired survivor size 2097152 bytes, new threshold 1 (max threshold 15)
[2022-04-29T01:14:57.939+0000][160][gc,age      ] GC(1) Age table with threshold 1 (max threshold 15)
[2022-04-29T01:14:57.939+0000][160][gc,age      ] GC(1) - age   1:    1959696 bytes,    1959696 total
[2022-04-29T01:14:57.941+0000][160][gc,phases   ] GC(1)   Pre Evacuate Collection Set: 0.0ms
[2022-04-29T01:14:57.941+0000][160][gc,phases   ] GC(1)   Merge Heap Roots: 0.0ms
[2022-04-29T01:14:57.942+0000][160][gc,phases   ] GC(1)   Evacuate Collection Set: 2.9ms
[2022-04-29T01:14:57.943+0000][160][gc,phases   ] GC(1)   Post Evacuate Collection Set: 1.0ms
[2022-04-29T01:14:57.944+0000][160][gc,phases   ] GC(1)   Other: 5.0ms
[2022-04-29T01:14:57.945+0000][160][gc,heap     ] GC(1) Eden regions: 5->0(7)
[2022-04-29T01:14:57.945+0000][160][gc,heap     ] GC(1) Survivor regions: 1->1(1)
[2022-04-29T01:14:57.947+0000][160][gc,heap     ] GC(1) Old regions: 1->2
[2022-04-29T01:14:57.947+0000][160][gc,heap     ] GC(1) Archive regions: 2->2
[2022-04-29T01:14:57.948+0000][160][gc,heap     ] GC(1) Humongous regions: 0->0
[2022-04-29T01:14:57.949+0000][160][gc,metaspace] GC(1) Metaspace: 12388K(12608K)->12388K(12608K) NonClass: 10872K(11008K)->10872K(11008K) Class: 1515K(1600K)->1515K(1600K)
[2022-04-29T01:14:57.950+0000][160][gc          ] GC(1) Pause Young (Normal) (G1 Evacuation Pause) 28M->10M(512M) 18.607ms
[2022-04-29T01:14:57.951+0000][160][gc,cpu      ] GC(1) User=0.01s Sys=0.01s Real=0.01s
[2022-04-29T01:14:57.952+0000][160][safepoint   ] Safepoint "G1CollectForAllocation", Time since last: 139430708 ns, Reaching safepoint: 108958 ns, At safepoint: 20016167 ns, Total: 20125125 ns
[2022-04-29T01:14:58.117+0000][160][gc,start    ] GC(2) Pause Young (Normal) (G1 Evacuation Pause)
[2022-04-29T01:14:58.118+0000][160][gc,task     ] GC(2) Using 5 workers of 5 for evacuation
[2022-04-29T01:14:58.119+0000][160][gc,age      ] GC(2) Desired survivor size 2097152 bytes, new threshold 15 (max threshold 15)
[2022-04-29T01:14:58.123+0000][160][gc,age      ] GC(2) Age table with threshold 15 (max threshold 15)
[2022-04-29T01:14:58.124+0000][160][gc,age      ] GC(2) - age   1:     969328 bytes,     969328 total
[2022-04-29T01:14:58.124+0000][160][gc,age      ] GC(2) - age   2:    1943032 bytes,    2912360 total
[2022-04-29T01:14:58.125+0000][160][gc,phases   ] GC(2)   Pre Evacuate Collection Set: 0.1ms
[2022-04-29T01:14:58.126+0000][160][gc,phases   ] GC(2)   Merge Heap Roots: 0.1ms
[2022-04-29T01:14:58.126+0000][160][gc,phases   ] GC(2)   Evacuate Collection Set: 1.9ms
[2022-04-29T01:14:58.127+0000][160][gc,phases   ] GC(2)   Post Evacuate Collection Set: 0.6ms
[2022-04-29T01:14:58.129+0000][160][gc,phases   ] GC(2)   Other: 5.8ms
[2022-04-29T01:14:58.130+0000][160][gc,heap     ] GC(2) Eden regions: 7->0(32)
[2022-04-29T01:14:58.131+0000][160][gc,heap     ] GC(2) Survivor regions: 1->1(1)
[2022-04-29T01:14:58.131+0000][160][gc,heap     ] GC(2) Old regions: 2->2
[2022-04-29T01:14:58.132+0000][160][gc,heap     ] GC(2) Archive regions: 2->2
[2022-04-29T01:14:58.133+0000][160][gc,heap     ] GC(2) Humongous regions: 0->0
[2022-04-29T01:14:58.134+0000][160][gc,metaspace] GC(2) Metaspace: 14718K(14912K)->14718K(14912K) NonClass: 12969K(13056K)->12969K(13056K) Class: 1748K(1856K)->1748K(1856K)
[2022-04-29T01:14:58.135+0000][160][gc          ] GC(2) Pause Young (Normal) (G1 Evacuation Pause) 38M->11M(512M) 18.143ms
[2022-04-29T01:14:58.136+0000][160][gc,cpu      ] GC(2) User=0.02s Sys=0.00s Real=0.02s
[2022-04-29T01:14:58.137+0000][160][safepoint   ] Safepoint "G1CollectForAllocation", Time since last: 165032250 ns, Reaching safepoint: 121167 ns, At safepoint: 20257708 ns, Total: 20378875 ns
[2022-04-29T01:14:58.321+0000][160][safepoint   ] Safepoint "ICBufferFull", Time since last: 183739375 ns, Reaching safepoint: 144208 ns, At safepoint: 8167 ns, Total: 152375 ns
[2022-04-29T01:14:58.354+0000][160][safepoint   ] Safepoint "ICBufferFull", Time since last: 32913708 ns, Reaching safepoint: 119084 ns, At safepoint: 9250 ns, Total: 128334 ns
[2022-04-29T01:14:58.356+0000][160][safepoint   ] Safepoint "ICBufferFull", Time since last: 1497583 ns, Reaching safepoint: 418667 ns, At safepoint: 10250 ns, Total: 428917 ns
[2022-04-29T01:14:58.357+0000][160][safepoint   ] Safepoint "ICBufferFull", Time since last: 889291 ns, Reaching safepoint: 236625 ns, At safepoint: 3917 ns, Total: 240542 ns
[2022-04-29T01:14:58.358+0000][160][safepoint   ] Safepoint "ICBufferFull", Time since last: 1238042 ns, Reaching safepoint: 32125 ns, At safepoint: 1375 ns, Total: 33500 ns
[2022-04-29T01:14:58.360+0000][160][safepoint   ] Safepoint "ICBufferFull", Time since last: 1736625 ns, Reaching safepoint: 33291 ns, At safepoint: 1250 ns, Total: 34541 ns
[2022-04-29T01:14:58.362+0000][160][safepoint   ] Safepoint "ICBufferFull", Time since last: 1639125 ns, Reaching safepoint: 26625 ns, At safepoint: 1459 ns, Total: 28084 ns
[2022-04-29T01:14:58.363+0000][160][safepoint   ] Safepoint "ICBufferFull", Time since last: 1145916 ns, Reaching safepoint: 67250 ns, At safepoint: 2459 ns, Total: 69709 ns
[2022-04-29T01:14:58.364+0000][160][safepoint   ] Safepoint "ICBufferFull", Time since last: 810125 ns, Reaching safepoint: 58000 ns, At safepoint: 1875 ns, Total: 59875 ns
[2022-04-29T01:14:58.365+0000][160][safepoint   ] Safepoint "ICBufferFull", Time since last: 1010125 ns, Reaching safepoint: 100166 ns, At safepoint: 3209 ns, Total: 103375 ns
[2022-04-29T01:14:58.366+0000][160][safepoint   ] Safepoint "ICBufferFull", Time since last: 867000 ns, Reaching safepoint: 29500 ns, At safepoint: 958 ns, Total: 30458 ns
[2022-04-29T01:14:58.369+0000][160][safepoint   ] Safepoint "ICBufferFull", Time since last: 2982625 ns, Reaching safepoint: 42542 ns, At safepoint: 2166 ns, Total: 44708 ns
[2022-04-29T01:14:58.424+0000][160][gc,start    ] GC(3) Pause Young (Normal) (G1 Evacuation Pause)
[2022-04-29T01:14:58.425+0000][160][gc,task     ] GC(3) Using 5 workers of 5 for evacuation
[2022-04-29T01:14:58.426+0000][160][gc,age      ] GC(3) Desired survivor size 10485760 bytes, new threshold 15 (max threshold 15)
[2022-04-29T01:14:58.434+0000][160][gc,age      ] GC(3) Age table with threshold 15 (max threshold 15)
[2022-04-29T01:14:58.435+0000][160][gc,age      ] GC(3) - age   1:    4038128 bytes,    4038128 total
[2022-04-29T01:14:58.435+0000][160][gc,age      ] GC(3) - age   2:     917512 bytes,    4955640 total
[2022-04-29T01:14:58.437+0000][160][gc,age      ] GC(3) - age   3:    1941400 bytes,    6897040 total
[2022-04-29T01:14:58.438+0000][160][gc,phases   ] GC(3)   Pre Evacuate Collection Set: 0.1ms
[2022-04-29T01:14:58.439+0000][160][gc,phases   ] GC(3)   Merge Heap Roots: 0.3ms
[2022-04-29T01:14:58.440+0000][160][gc,phases   ] GC(3)   Evacuate Collection Set: 6.2ms
[2022-04-29T01:14:58.440+0000][160][gc,phases   ] GC(3)   Post Evacuate Collection Set: 0.4ms
[2022-04-29T01:14:58.441+0000][160][gc,phases   ] GC(3)   Other: 7.4ms
[2022-04-29T01:14:58.442+0000][160][gc,heap     ] GC(3) Eden regions: 32->0(74)
[2022-04-29T01:14:58.442+0000][160][gc,heap     ] GC(3) Survivor regions: 1->2(5)
[2022-04-29T01:14:58.443+0000][160][gc,heap     ] GC(3) Old regions: 2->2
[2022-04-29T01:14:58.444+0000][160][gc,heap     ] GC(3) Archive regions: 2->2
[2022-04-29T01:14:58.444+0000][160][gc,heap     ] GC(3) Humongous regions: 0->0
[2022-04-29T01:14:58.445+0000][160][gc,metaspace] GC(3) Metaspace: 17291K(17600K)->17291K(17600K) NonClass: 15250K(15424K)->15250K(15424K) Class: 2040K(2176K)->2040K(2176K)
[2022-04-29T01:14:58.446+0000][160][gc          ] GC(3) Pause Young (Normal) (G1 Evacuation Pause) 139M->14M(512M) 22.225ms
[2022-04-29T01:14:58.447+0000][160][gc,cpu      ] GC(3) User=0.03s Sys=0.01s Real=0.02s
[2022-04-29T01:14:58.447+0000][160][safepoint   ] Safepoint "G1CollectForAllocation", Time since last: 54717209 ns, Reaching safepoint: 146958 ns, At safepoint: 23626917 ns, Total: 23773875 ns
[2022-04-29T01:14:58.675+0000][160][safepoint   ] Safepoint "ICBufferFull", Time since last: 227959458 ns, Reaching safepoint: 198500 ns, At safepoint: 15750 ns, Total: 214250 ns
[2022-04-29T01:14:58.762+0000][160][gc,start    ] GC(4) Pause Young (Normal) (G1 Evacuation Pause)
[2022-04-29T01:14:58.763+0000][160][gc,task     ] GC(4) Using 5 workers of 5 for evacuation
[2022-04-29T01:14:58.764+0000][160][gc,age      ] GC(4) Desired survivor size 20971520 bytes, new threshold 15 (max threshold 15)
[2022-04-29T01:14:58.773+0000][160][gc,age      ] GC(4) Age table with threshold 15 (max threshold 15)
[2022-04-29T01:14:58.775+0000][160][gc,age      ] GC(4) - age   1:    6230416 bytes,    6230416 total
[2022-04-29T01:14:58.775+0000][160][gc,age      ] GC(4) - age   2:    2211432 bytes,    8441848 total
[2022-04-29T01:14:58.776+0000][160][gc,age      ] GC(4) - age   3:     917152 bytes,    9359000 total
[2022-04-29T01:14:58.777+0000][160][gc,age      ] GC(4) - age   4:    1940456 bytes,   11299456 total
[2022-04-29T01:14:58.777+0000][160][gc,phases   ] GC(4)   Pre Evacuate Collection Set: 0.1ms
[2022-04-29T01:14:58.778+0000][160][gc,phases   ] GC(4)   Merge Heap Roots: 0.3ms
[2022-04-29T01:14:58.779+0000][160][gc,phases   ] GC(4)   Evacuate Collection Set: 8.1ms
[2022-04-29T01:14:58.779+0000][160][gc,phases   ] GC(4)   Post Evacuate Collection Set: 0.6ms
[2022-04-29T01:14:58.780+0000][160][gc,phases   ] GC(4)   Other: 6.9ms
[2022-04-29T01:14:58.781+0000][160][gc,heap     ] GC(4) Eden regions: 74->0(73)
[2022-04-29T01:14:58.781+0000][160][gc,heap     ] GC(4) Survivor regions: 2->3(10)
[2022-04-29T01:14:58.782+0000][160][gc,heap     ] GC(4) Old regions: 2->2
[2022-04-29T01:14:58.783+0000][160][gc,heap     ] GC(4) Archive regions: 2->2
[2022-04-29T01:14:58.783+0000][160][gc,heap     ] GC(4) Humongous regions: 0->0
[2022-04-29T01:14:58.785+0000][160][gc,metaspace] GC(4) Metaspace: 18774K(19200K)->18774K(19200K) NonClass: 16493K(16768K)->16493K(16768K) Class: 2281K(2432K)->2281K(2432K)
[2022-04-29T01:14:58.786+0000][160][gc          ] GC(4) Pause Young (Normal) (G1 Evacuation Pause) 310M->19M(512M) 24.413ms
[2022-04-29T01:14:58.787+0000][160][gc,cpu      ] GC(4) User=0.02s Sys=0.01s Real=0.02s
[2022-04-29T01:14:58.787+0000][160][safepoint   ] Safepoint "G1CollectForAllocation", Time since last: 85961750 ns, Reaching safepoint: 87917 ns, At safepoint: 25760583 ns, Total: 25848500 ns
[2022-04-29T01:14:58.994+0000][160][safepoint   ] Safepoint "ICBufferFull", Time since last: 206779584 ns, Reaching safepoint: 323750 ns, At safepoint: 3041 ns, Total: 326791 ns
[2022-04-29T01:14:59.028+0000][160][gc,start    ] GC(5) Pause Young (Normal) (G1 Evacuation Pause)
[2022-04-29T01:14:59.029+0000][160][gc,task     ] GC(5) Using 5 workers of 5 for evacuation
[2022-04-29T01:14:59.030+0000][160][gc,age      ] GC(5) Desired survivor size 20971520 bytes, new threshold 15 (max threshold 15)
[2022-04-29T01:14:59.036+0000][160][gc,age      ] GC(5) Age table with threshold 15 (max threshold 15)
[2022-04-29T01:14:59.037+0000][160][gc,age      ] GC(5) - age   1:    2311392 bytes,    2311392 total
[2022-04-29T01:14:59.038+0000][160][gc,age      ] GC(5) - age   2:    5702840 bytes,    8014232 total
[2022-04-29T01:14:59.039+0000][160][gc,age      ] GC(5) - age   3:    2210968 bytes,   10225200 total
[2022-04-29T01:14:59.040+0000][160][gc,age      ] GC(5) - age   4:     916880 bytes,   11142080 total
[2022-04-29T01:14:59.041+0000][160][gc,age      ] GC(5) - age   5:    1940392 bytes,   13082472 total
[2022-04-29T01:14:59.042+0000][160][gc,phases   ] GC(5)   Pre Evacuate Collection Set: 0.1ms
[2022-04-29T01:14:59.043+0000][160][gc,phases   ] GC(5)   Merge Heap Roots: 0.0ms
[2022-04-29T01:14:59.044+0000][160][gc,phases   ] GC(5)   Evacuate Collection Set: 4.3ms
[2022-04-29T01:14:59.044+0000][160][gc,phases   ] GC(5)   Post Evacuate Collection Set: 0.7ms
[2022-04-29T01:14:59.046+0000][160][gc,phases   ] GC(5)   Other: 9.0ms
[2022-04-29T01:14:59.046+0000][160][gc,heap     ] GC(5) Eden regions: 73->0(72)
[2022-04-29T01:14:59.049+0000][160][gc,heap     ] GC(5) Survivor regions: 3->4(10)
[2022-04-29T01:14:59.050+0000][160][gc,heap     ] GC(5) Old regions: 2->2
[2022-04-29T01:14:59.051+0000][160][gc,heap     ] GC(5) Archive regions: 2->2
[2022-04-29T01:14:59.051+0000][160][gc,heap     ] GC(5) Humongous regions: 0->0
[2022-04-29T01:14:59.052+0000][160][gc,metaspace] GC(5) Metaspace: 19726K(20224K)->19726K(20224K) NonClass: 17307K(17600K)->17307K(17600K) Class: 2418K(2624K)->2418K(2624K)
[2022-04-29T01:14:59.053+0000][160][gc          ] GC(5) Pause Young (Normal) (G1 Evacuation Pause) 311M->21M(512M) 25.504ms
[2022-04-29T01:14:59.054+0000][160][gc,cpu      ] GC(5) User=0.01s Sys=0.00s Real=0.03s
[2022-04-29T01:14:59.055+0000][160][safepoint   ] Safepoint "G1CollectForAllocation", Time since last: 33045625 ns, Reaching safepoint: 125500 ns, At safepoint: 27130875 ns, Total: 27256375 ns
[2022-04-29T01:14:59.311+0000][160][gc,start    ] GC(6) Pause Young (Normal) (G1 Evacuation Pause)
[2022-04-29T01:14:59.313+0000][160][gc,task     ] GC(6) Using 5 workers of 5 for evacuation
[2022-04-29T01:14:59.314+0000][160][gc,age      ] GC(6) Desired survivor size 20971520 bytes, new threshold 15 (max threshold 15)
[2022-04-29T01:14:59.321+0000][160][gc,age      ] GC(6) Age table with threshold 15 (max threshold 15)
[2022-04-29T01:14:59.322+0000][160][gc,age      ] GC(6) - age   1:    4316112 bytes,    4316112 total
[2022-04-29T01:14:59.322+0000][160][gc,age      ] GC(6) - age   2:     709968 bytes,    5026080 total
[2022-04-29T01:14:59.323+0000][160][gc,age      ] GC(6) - age   3:    5697808 bytes,   10723888 total
[2022-04-29T01:14:59.324+0000][160][gc,age      ] GC(6) - age   4:    2209448 bytes,   12933336 total
[2022-04-29T01:14:59.325+0000][160][gc,age      ] GC(6) - age   5:     916200 bytes,   13849536 total
[2022-04-29T01:14:59.325+0000][160][gc,age      ] GC(6) - age   6:    1940088 bytes,   15789624 total
[2022-04-29T01:14:59.326+0000][160][gc,phases   ] GC(6)   Pre Evacuate Collection Set: 0.4ms
[2022-04-29T01:14:59.327+0000][160][gc,phases   ] GC(6)   Merge Heap Roots: 0.1ms
[2022-04-29T01:14:59.327+0000][160][gc,phases   ] GC(6)   Evacuate Collection Set: 4.6ms
[2022-04-29T01:14:59.328+0000][160][gc,phases   ] GC(6)   Post Evacuate Collection Set: 0.9ms
[2022-04-29T01:14:59.329+0000][160][gc,phases   ] GC(6)   Other: 9.0ms
[2022-04-29T01:14:59.330+0000][160][gc,heap     ] GC(6) Eden regions: 72->0(72)
[2022-04-29T01:14:59.330+0000][160][gc,heap     ] GC(6) Survivor regions: 4->4(10)
[2022-04-29T01:14:59.331+0000][160][gc,heap     ] GC(6) Old regions: 2->2
[2022-04-29T01:14:59.332+0000][160][gc,heap     ] GC(6) Archive regions: 2->2
[2022-04-29T01:14:59.332+0000][160][gc,heap     ] GC(6) Humongous regions: 0->0
[2022-04-29T01:14:59.333+0000][160][gc,metaspace] GC(6) Metaspace: 20894K(21376K)->20894K(21376K) NonClass: 18313K(18624K)->18313K(18624K) Class: 2580K(2752K)->2580K(2752K)
[2022-04-29T01:14:59.333+0000][160][gc          ] GC(6) Pause Young (Normal) (G1 Evacuation Pause) 309M->23M(512M) 22.287ms
[2022-04-29T01:14:59.335+0000][160][gc,cpu      ] GC(6) User=0.01s Sys=0.00s Real=0.03s
[2022-04-29T01:14:59.335+0000][160][safepoint   ] Safepoint "G1CollectForAllocation", Time since last: 256196792 ns, Reaching safepoint: 167917 ns, At safepoint: 24190875 ns, Total: 24358792 ns
[2022-04-29T01:14:59.497+0000][160][gc,start    ] GC(7) Pause Young (Concurrent Start) (Metadata GC Threshold)
[2022-04-29T01:14:59.499+0000][160][gc,task     ] GC(7) Using 5 workers of 5 for evacuation
[2022-04-29T01:14:59.500+0000][160][gc,age      ] GC(7) Desired survivor size 20971520 bytes, new threshold 15 (max threshold 15)
[2022-04-29T01:14:59.506+0000][160][gc,age      ] GC(7) Age table with threshold 15 (max threshold 15)
[2022-04-29T01:14:59.508+0000][160][gc,age      ] GC(7) - age   1:     724696 bytes,     724696 total
[2022-04-29T01:14:59.508+0000][160][gc,age      ] GC(7) - age   2:    2176904 bytes,    2901600 total
[2022-04-29T01:14:59.509+0000][160][gc,age      ] GC(7) - age   3:     709480 bytes,    3611080 total
[2022-04-29T01:14:59.511+0000][160][gc,age      ] GC(7) - age   4:    5697536 bytes,    9308616 total
[2022-04-29T01:14:59.512+0000][160][gc,age      ] GC(7) - age   5:    2209368 bytes,   11517984 total
[2022-04-29T01:14:59.513+0000][160][gc,age      ] GC(7) - age   6:     916200 bytes,   12434184 total
[2022-04-29T01:14:59.513+0000][160][gc,age      ] GC(7) - age   7:    1940088 bytes,   14374272 total
[2022-04-29T01:14:59.514+0000][160][gc,phases   ] GC(7)   Pre Evacuate Collection Set: 0.1ms
[2022-04-29T01:14:59.515+0000][160][gc,phases   ] GC(7)   Merge Heap Roots: 0.2ms
[2022-04-29T01:14:59.515+0000][160][gc,phases   ] GC(7)   Evacuate Collection Set: 4.1ms
[2022-04-29T01:14:59.516+0000][160][gc,phases   ] GC(7)   Post Evacuate Collection Set: 0.8ms
[2022-04-29T01:14:59.516+0000][160][gc,phases   ] GC(7)   Other: 11.4ms
[2022-04-29T01:14:59.518+0000][160][gc,heap     ] GC(7) Eden regions: 53->0(72)
[2022-04-29T01:14:59.519+0000][160][gc,heap     ] GC(7) Survivor regions: 4->4(10)
[2022-04-29T01:14:59.520+0000][160][gc,heap     ] GC(7) Old regions: 2->2
[2022-04-29T01:14:59.521+0000][160][gc,heap     ] GC(7) Archive regions: 2->2
[2022-04-29T01:14:59.522+0000][160][gc,heap     ] GC(7) Humongous regions: 0->0
[2022-04-29T01:14:59.523+0000][160][gc,metaspace] GC(7) Metaspace: 20998K(21504K)->20998K(21504K) NonClass: 18396K(18688K)->18396K(18688K) Class: 2601K(2816K)->2601K(2816K)
[2022-04-29T01:14:59.524+0000][160][gc          ] GC(7) Pause Young (Concurrent Start) (Metadata GC Threshold) 233M->23M(512M) 26.300ms
[2022-04-29T01:14:59.525+0000][160][gc,cpu      ] GC(7) User=0.01s Sys=0.00s Real=0.03s
[2022-04-29T01:14:59.525+0000][160][safepoint   ] Safepoint "CollectForMetadataAllocation", Time since last: 162025583 ns, Reaching safepoint: 127375 ns, At safepoint: 27968084 ns, Total: 28095459 ns
[2022-04-29T01:14:59.525+0000][160][gc          ] GC(8) Concurrent Mark Cycle
[2022-04-29T01:14:59.528+0000][160][gc,marking  ] GC(8) Concurrent Clear Claimed Marks
[2022-04-29T01:14:59.529+0000][160][gc,marking  ] GC(8) Concurrent Clear Claimed Marks 0.803ms
[2022-04-29T01:14:59.530+0000][160][gc,marking  ] GC(8) Concurrent Scan Root Regions
[2022-04-29T01:14:59.533+0000][160][gc,marking  ] GC(8) Concurrent Scan Root Regions 3.804ms
[2022-04-29T01:14:59.535+0000][160][gc,marking  ] GC(8) Concurrent Mark
[2022-04-29T01:14:59.536+0000][160][gc,marking  ] GC(8) Concurrent Mark From Roots
[2022-04-29T01:14:59.537+0000][160][gc,task     ] GC(8) Using 1 workers of 1 for marking
[2022-04-29T01:14:59.541+0000][160][gc,marking  ] GC(8) Concurrent Mark From Roots 5.124ms
[2022-04-29T01:14:59.542+0000][160][gc,marking  ] GC(8) Concurrent Preclean
[2022-04-29T01:14:59.543+0000][160][gc,marking  ] GC(8) Concurrent Preclean 0.798ms
[2022-04-29T01:14:59.544+0000][160][gc,start    ] GC(8) Pause Remark
[2022-04-29T01:14:59.548+0000][160][gc          ] GC(8) Pause Remark 35M->35M(512M) 3.844ms
[2022-04-29T01:14:59.549+0000][160][gc,cpu      ] GC(8) User=0.01s Sys=0.00s Real=0.00s
[2022-04-29T01:14:59.550+0000][160][safepoint   ] Safepoint "G1Concurrent", Time since last: 18316750 ns, Reaching safepoint: 393250 ns, At safepoint: 5685166 ns, Total: 6078416 ns
[2022-04-29T01:14:59.551+0000][160][gc,marking  ] GC(8) Concurrent Mark 16.052ms
[2022-04-29T01:14:59.551+0000][160][gc,marking  ] GC(8) Concurrent Rebuild Remembered Sets
[2022-04-29T01:14:59.554+0000][160][gc,marking  ] GC(8) Concurrent Rebuild Remembered Sets 2.573ms
[2022-04-29T01:14:59.555+0000][160][gc,start    ] GC(8) Pause Cleanup
[2022-04-29T01:14:59.556+0000][160][gc          ] GC(8) Pause Cleanup 35M->35M(512M) 1.083ms
[2022-04-29T01:14:59.557+0000][160][gc,cpu      ] GC(8) User=0.00s Sys=0.00s Real=0.00s
[2022-04-29T01:14:59.559+0000][160][safepoint   ] Safepoint "G1Concurrent", Time since last: 4888417 ns, Reaching safepoint: 269792 ns, At safepoint: 3562958 ns, Total: 3832750 ns
[2022-04-29T01:14:59.559+0000][160][gc,marking  ] GC(8) Concurrent Cleanup for Next Mark
[2022-04-29T01:14:59.561+0000][160][gc,marking  ] GC(8) Concurrent Cleanup for Next Mark 1.617ms
[2022-04-29T01:14:59.562+0000][160][gc          ] GC(8) Concurrent Mark Cycle 36.917ms
[2022-04-29T01:15:00.102+0000][160][safepoint   ] Safepoint "ICBufferFull", Time since last: 542772250 ns, Reaching safepoint: 382000 ns, At safepoint: 17584 ns, Total: 399584 ns
[2022-04-29T01:15:00.222+0000][160][safepoint   ] Safepoint "ICBufferFull", Time since last: 120089458 ns, Reaching safepoint: 91542 ns, At safepoint: 1333 ns, Total: 92875 ns
[2022-04-29T01:15:00.224+0000][160][safepoint   ] Safepoint "ICBufferFull", Time since last: 1696083 ns, Reaching safepoint: 74750 ns, At safepoint: 2584 ns, Total: 77334 ns
[2022-04-29T01:15:00.225+0000][160][safepoint   ] Safepoint "ICBufferFull", Time since last: 1370333 ns, Reaching safepoint: 264833 ns, At safepoint: 6000 ns, Total: 270833 ns
[2022-04-29T01:15:00.227+0000][160][safepoint   ] Safepoint "ICBufferFull", Time since last: 1392959 ns, Reaching safepoint: 23541 ns, At safepoint: 1625 ns, Total: 25166 ns
[2022-04-29T01:15:00.228+0000][160][safepoint   ] Safepoint "ICBufferFull", Time since last: 1323459 ns, Reaching safepoint: 82041 ns, At safepoint: 4084 ns, Total: 86125 ns
[2022-04-29T01:15:00.229+0000][160][safepoint   ] Safepoint "ICBufferFull", Time since last: 1251750 ns, Reaching safepoint: 58875 ns, At safepoint: 2666 ns, Total: 61541 ns
[2022-04-29T01:15:00.231+0000][160][safepoint   ] Safepoint "ICBufferFull", Time since last: 1016125 ns, Reaching safepoint: 73125 ns, At safepoint: 2750 ns, Total: 75875 ns
[2022-04-29T01:15:00.240+0000][160][safepoint   ] Safepoint "ICBufferFull", Time since last: 9368000 ns, Reaching safepoint: 39709 ns, At safepoint: 5083 ns, Total: 44792 ns
[2022-04-29T01:15:00.241+0000][160][safepoint   ] Safepoint "ICBufferFull", Time since last: 1557958 ns, Reaching safepoint: 21250 ns, At safepoint: 959 ns, Total: 22209 ns
[2022-04-29T01:15:00.243+0000][160][safepoint   ] Safepoint "ICBufferFull", Time since last: 1038958 ns, Reaching safepoint: 25000 ns, At safepoint: 1208 ns, Total: 26208 ns
[2022-04-29T01:15:00.244+0000][160][safepoint   ] Safepoint "ICBufferFull", Time since last: 1382750 ns, Reaching safepoint: 25250 ns, At safepoint: 1334 ns, Total: 26584 ns
[2022-04-29T01:15:00.259+0000][160][safepoint   ] Safepoint "ICBufferFull", Time since last: 15288500 ns, Reaching safepoint: 116500 ns, At safepoint: 4250 ns, Total: 120750 ns
[2022-04-29T01:15:00.265+0000][160][safepoint   ] Safepoint "ICBufferFull", Time since last: 5159833 ns, Reaching safepoint: 38375 ns, At safepoint: 2083 ns, Total: 40458 ns
[2022-04-29T01:15:00.268+0000][160][safepoint   ] Safepoint "ICBufferFull", Time since last: 3520125 ns, Reaching safepoint: 234084 ns, At safepoint: 39125 ns, Total: 273209 ns
[2022-04-29T01:15:00.270+0000][160][safepoint   ] Safepoint "ICBufferFull", Time since last: 1352500 ns, Reaching safepoint: 133791 ns, At safepoint: 15709 ns, Total: 149500 ns
[2022-04-29T01:15:00.273+0000][160][safepoint   ] Safepoint "ICBufferFull", Time since last: 3069458 ns, Reaching safepoint: 28583 ns, At safepoint: 1209 ns, Total: 29792 ns
[2022-04-29T01:15:00.279+0000][160][safepoint   ] Safepoint "ICBufferFull", Time since last: 5879541 ns, Reaching safepoint: 39334 ns, At safepoint: 1416 ns, Total: 40750 ns
[2022-04-29T01:15:00.309+0000][160][safepoint   ] Safepoint "ICBufferFull", Time since last: 29638167 ns, Reaching safepoint: 208875 ns, At safepoint: 13333 ns, Total: 222208 ns
[2022-04-29T01:15:00.314+0000][160][safepoint   ] Safepoint "ICBufferFull", Time since last: 5268959 ns, Reaching safepoint: 162625 ns, At safepoint: 3541 ns, Total: 166166 ns
[2022-04-29T01:15:00.316+0000][160][safepoint   ] Safepoint "ICBufferFull", Time since last: 1669542 ns, Reaching safepoint: 54083 ns, At safepoint: 2542 ns, Total: 56625 ns
[2022-04-29T01:15:00.317+0000][160][safepoint   ] Safepoint "ICBufferFull", Time since last: 901208 ns, Reaching safepoint: 26834 ns, At safepoint: 17791 ns, Total: 44625 ns
[2022-04-29T01:15:00.318+0000][160][safepoint   ] Safepoint "ICBufferFull", Time since last: 891417 ns, Reaching safepoint: 114750 ns, At safepoint: 10208 ns, Total: 124958 ns
[2022-04-29T01:15:00.576+0000][160][safepoint   ] Safepoint "ICBufferFull", Time since last: 258411584 ns, Reaching safepoint: 156875 ns, At safepoint: 13042 ns, Total: 169917 ns
[2022-04-29T01:15:00.822+0000][160][safepoint   ] Safepoint "ICBufferFull", Time since last: 245355083 ns, Reaching safepoint: 233500 ns, At safepoint: 12667 ns, Total: 246167 ns
[2022-04-29T01:15:01.048+0000][160][safepoint   ] Safepoint "ICBufferFull", Time since last: 225757500 ns, Reaching safepoint: 283750 ns, At safepoint: 11208 ns, Total: 294958 ns
[2022-04-29T01:15:01.192+0000][160][safepoint   ] Safepoint "ICBufferFull", Time since last: 143242292 ns, Reaching safepoint: 181791 ns, At safepoint: 9042 ns, Total: 190833 ns
[2022-04-29T01:15:01.287+0000][160][gc,start    ] GC(9) Pause Young (Normal) (G1 Evacuation Pause)
[2022-04-29T01:15:01.289+0000][160][gc,task     ] GC(9) Using 5 workers of 5 for evacuation
[2022-04-29T01:15:01.289+0000][160][gc,age      ] GC(9) Desired survivor size 20971520 bytes, new threshold 15 (max threshold 15)
[2022-04-29T01:15:01.311+0000][160][gc,age      ] GC(9) Age table with threshold 15 (max threshold 15)
[2022-04-29T01:15:01.312+0000][160][gc,age      ] GC(9) - age   1:   27269560 bytes,   27269560 total
[2022-04-29T01:15:01.313+0000][160][gc,age      ] GC(9) - age   2:     708064 bytes,   27977624 total
[2022-04-29T01:15:01.314+0000][160][gc,age      ] GC(9) - age   3:    2143408 bytes,   30121032 total
[2022-04-29T01:15:01.314+0000][160][gc,age      ] GC(9) - age   4:     693928 bytes,   30814960 total
[2022-04-29T01:15:01.315+0000][160][gc,age      ] GC(9) - age   5:    5656352 bytes,   36471312 total
[2022-04-29T01:15:01.316+0000][160][gc,age      ] GC(9) - age   6:    2130360 bytes,   38601672 total
[2022-04-29T01:15:01.317+0000][160][gc,age      ] GC(9) - age   7:     883632 bytes,   39485304 total
[2022-04-29T01:15:01.319+0000][160][gc,age      ] GC(9) - age   8:    1932688 bytes,   41417992 total
[2022-04-29T01:15:01.320+0000][160][gc,phases   ] GC(9)   Pre Evacuate Collection Set: 0.2ms
[2022-04-29T01:15:01.321+0000][160][gc,phases   ] GC(9)   Merge Heap Roots: 0.2ms
[2022-04-29T01:15:01.322+0000][160][gc,phases   ] GC(9)   Evacuate Collection Set: 16.0ms
[2022-04-29T01:15:01.323+0000][160][gc,phases   ] GC(9)   Post Evacuate Collection Set: 3.4ms
[2022-04-29T01:15:01.325+0000][160][gc,phases   ] GC(9)   Other: 12.9ms
[2022-04-29T01:15:01.326+0000][160][gc,heap     ] GC(9) Eden regions: 72->0(66)
[2022-04-29T01:15:01.326+0000][160][gc,heap     ] GC(9) Survivor regions: 4->10(10)
[2022-04-29T01:15:01.327+0000][160][gc,heap     ] GC(9) Old regions: 2->2
[2022-04-29T01:15:01.328+0000][160][gc,heap     ] GC(9) Archive regions: 2->2
[2022-04-29T01:15:01.329+0000][160][gc,heap     ] GC(9) Humongous regions: 0->0
[2022-04-29T01:15:01.330+0000][160][gc,metaspace] GC(9) Metaspace: 34251K(35200K)->34251K(35200K) NonClass: 29689K(30272K)->29689K(30272K) Class: 4561K(4928K)->4561K(4928K)
[2022-04-29T01:15:01.330+0000][160][gc          ] GC(9) Pause Young (Normal) (G1 Evacuation Pause) 311M->48M(512M) 43.220ms
[2022-04-29T01:15:01.331+0000][160][gc,cpu      ] GC(9) User=0.07s Sys=0.00s Real=0.04s
[2022-04-29T01:15:01.333+0000][160][safepoint   ] Safepoint "G1CollectForAllocation", Time since last: 95482959 ns, Reaching safepoint: 122791 ns, At safepoint: 45926417 ns, Total: 46049208 ns
[2022-04-29T01:15:01.369+0000][160][gc,start    ] GC(10) Pause Young (Concurrent Start) (Metadata GC Threshold)
[2022-04-29T01:15:01.371+0000][160][gc,task     ] GC(10) Using 5 workers of 5 for evacuation
[2022-04-29T01:15:01.371+0000][160][gc,age      ] GC(10) Desired survivor size 20971520 bytes, new threshold 1 (max threshold 15)
[2022-04-29T01:15:01.388+0000][160][gc,age      ] GC(10) Age table with threshold 1 (max threshold 15)
[2022-04-29T01:15:01.390+0000][160][gc,age      ] GC(10) - age   1:     216920 bytes,     216920 total
[2022-04-29T01:15:01.391+0000][160][gc,phases   ] GC(10)   Pre Evacuate Collection Set: 0.1ms
[2022-04-29T01:15:01.392+0000][160][gc,phases   ] GC(10)   Merge Heap Roots: 0.0ms
[2022-04-29T01:15:01.393+0000][160][gc,phases   ] GC(10)   Evacuate Collection Set: 15.2ms
[2022-04-29T01:15:01.394+0000][160][gc,phases   ] GC(10)   Post Evacuate Collection Set: 0.8ms
[2022-04-29T01:15:01.395+0000][160][gc,phases   ] GC(10)   Other: 4.9ms
[2022-04-29T01:15:01.396+0000][160][gc,heap     ] GC(10) Eden regions: 1->0(74)
[2022-04-29T01:15:01.396+0000][160][gc,heap     ] GC(10) Survivor regions: 10->2(10)
[2022-04-29T01:15:01.400+0000][160][gc,heap     ] GC(10) Old regions: 2->12
[2022-04-29T01:15:01.401+0000][160][gc,heap     ] GC(10) Archive regions: 2->2
[2022-04-29T01:15:01.402+0000][160][gc,heap     ] GC(10) Humongous regions: 0->0
[2022-04-29T01:15:01.403+0000][160][gc,metaspace] GC(10) Metaspace: 35141K(36096K)->35141K(36096K) NonClass: 30480K(31040K)->30480K(31040K) Class: 4661K(5056K)->4661K(5056K)
[2022-04-29T01:15:01.403+0000][160][gc          ] GC(10) Pause Young (Concurrent Start) (Metadata GC Threshold) 52M->53M(512M) 33.847ms
[2022-04-29T01:15:01.404+0000][160][gc,cpu      ] GC(10) User=0.06s Sys=0.01s Real=0.04s
[2022-04-29T01:15:01.405+0000][160][gc          ] GC(11) Concurrent Mark Cycle
[2022-04-29T01:15:01.405+0000][160][gc,marking  ] GC(11) Concurrent Clear Claimed Marks
[2022-04-29T01:15:01.405+0000][160][safepoint   ] Safepoint "CollectForMetadataAllocation", Time since last: 36277167 ns, Reaching safepoint: 60083 ns, At safepoint: 35248500 ns, Total: 35308583 ns
[2022-04-29T01:15:01.406+0000][160][gc,marking  ] GC(11) Concurrent Clear Claimed Marks 0.736ms
[2022-04-29T01:15:01.407+0000][160][gc,marking  ] GC(11) Concurrent Scan Root Regions
[2022-04-29T01:15:01.418+0000][160][safepoint   ] Safepoint "CollectForMetadataAllocation", Time since last: 12829292 ns, Reaching safepoint: 37625 ns, At safepoint: 37166 ns, Total: 74791 ns
[2022-04-29T01:15:01.424+0000][160][gc,marking  ] GC(11) Concurrent Scan Root Regions 16.735ms
[2022-04-29T01:15:01.425+0000][160][gc,marking  ] GC(11) Concurrent Mark
[2022-04-29T01:15:01.429+0000][160][gc,marking  ] GC(11) Concurrent Mark From Roots
[2022-04-29T01:15:01.431+0000][160][gc,task     ] GC(11) Using 1 workers of 1 for marking
[2022-04-29T01:15:01.432+0000][160][safepoint   ] Safepoint "CollectForMetadataAllocation", Time since last: 13983584 ns, Reaching safepoint: 177708 ns, At safepoint: 45750 ns, Total: 223458 ns
[2022-04-29T01:15:01.435+0000][160][gc,marking  ] GC(11) Concurrent Mark From Roots 6.028ms
[2022-04-29T01:15:01.436+0000][160][gc,marking  ] GC(11) Concurrent Preclean
[2022-04-29T01:15:01.437+0000][160][gc,marking  ] GC(11) Concurrent Preclean 1.024ms
[2022-04-29T01:15:01.440+0000][160][gc,start    ] GC(11) Pause Remark
[2022-04-29T01:15:01.443+0000][160][gc          ] GC(11) Pause Remark 57M->57M(512M) 2.798ms
[2022-04-29T01:15:01.444+0000][160][gc,cpu      ] GC(11) User=0.01s Sys=0.00s Real=0.01s
[2022-04-29T01:15:01.445+0000][160][safepoint   ] Safepoint "G1Concurrent", Time since last: 6198625 ns, Reaching safepoint: 2256125 ns, At safepoint: 4534500 ns, Total: 6790625 ns
[2022-04-29T01:15:01.445+0000][160][gc,marking  ] GC(11) Concurrent Mark 20.415ms
[2022-04-29T01:15:01.447+0000][160][gc,marking  ] GC(11) Concurrent Rebuild Remembered Sets
[2022-04-29T01:15:01.468+0000][160][gc,marking  ] GC(11) Concurrent Rebuild Remembered Sets 21.661ms
[2022-04-29T01:15:01.470+0000][160][gc,start    ] GC(11) Pause Cleanup
[2022-04-29T01:15:01.471+0000][160][gc          ] GC(11) Pause Cleanup 59M->59M(512M) 1.004ms
[2022-04-29T01:15:01.472+0000][160][gc,cpu      ] GC(11) User=0.01s Sys=0.00s Real=0.01s
[2022-04-29T01:15:01.473+0000][160][safepoint   ] Safepoint "G1Concurrent", Time since last: 24665125 ns, Reaching safepoint: 239875 ns, At safepoint: 3167417 ns, Total: 3407292 ns
[2022-04-29T01:15:01.475+0000][160][gc,marking  ] GC(11) Concurrent Cleanup for Next Mark
[2022-04-29T01:15:01.477+0000][160][gc,marking  ] GC(11) Concurrent Cleanup for Next Mark 1.556ms
[2022-04-29T01:15:01.477+0000][160][gc          ] GC(11) Concurrent Mark Cycle 72.660ms
[2022-04-29T01:15:01.570+0000][160][safepoint   ] Safepoint "ICBufferFull", Time since last: 97369875 ns, Reaching safepoint: 149583 ns, At safepoint: 2958 ns, Total: 152541 ns
[2022-04-29T01:15:01.923+0000][160][safepoint   ] Safepoint "ICBufferFull", Time since last: 352683250 ns, Reaching safepoint: 195084 ns, At safepoint: 13916 ns, Total: 209000 ns
[2022-04-29T01:15:02.054+0000][160][safepoint   ] Safepoint "ICBufferFull", Time since last: 130651376 ns, Reaching safepoint: 191166 ns, At safepoint: 13500 ns, Total: 204666 ns
[2022-04-29T01:15:02.111+0000][160][safepoint   ] Safepoint "ICBufferFull", Time since last: 56831709 ns, Reaching safepoint: 207208 ns, At safepoint: 7250 ns, Total: 214458 ns
[2022-04-29T01:15:02.322+0000][160][gc,start    ] GC(12) Pause Young (Concurrent Start) (G1 Evacuation Pause)
[2022-04-29T01:15:02.323+0000][160][gc,task     ] GC(12) Using 5 workers of 5 for evacuation
[2022-04-29T01:15:02.324+0000][160][gc,age      ] GC(12) Desired survivor size 20971520 bytes, new threshold 15 (max threshold 15)
[2022-04-29T01:15:02.332+0000][160][gc,age      ] GC(12) Age table with threshold 15 (max threshold 15)
[2022-04-29T01:15:02.333+0000][160][gc,age      ] GC(12) - age   1:    6108784 bytes,    6108784 total
[2022-04-29T01:15:02.335+0000][160][gc,age      ] GC(12) - age   2:     182344 bytes,    6291128 total
[2022-04-29T01:15:02.336+0000][160][gc,phases   ] GC(12)   Pre Evacuate Collection Set: 0.6ms
[2022-04-29T01:15:02.337+0000][160][gc,phases   ] GC(12)   Merge Heap Roots: 0.1ms
[2022-04-29T01:15:02.337+0000][160][gc,phases   ] GC(12)   Evacuate Collection Set: 5.3ms
[2022-04-29T01:15:02.338+0000][160][gc,phases   ] GC(12)   Post Evacuate Collection Set: 1.0ms
[2022-04-29T01:15:02.338+0000][160][gc,phases   ] GC(12)   Other: 7.0ms
[2022-04-29T01:15:02.339+0000][160][gc,heap     ] GC(12) Eden regions: 74->0(74)
[2022-04-29T01:15:02.340+0000][160][gc,heap     ] GC(12) Survivor regions: 2->2(10)
[2022-04-29T01:15:02.341+0000][160][gc,heap     ] GC(12) Old regions: 12->12
[2022-04-29T01:15:02.342+0000][160][gc,heap     ] GC(12) Archive regions: 2->2
[2022-04-29T01:15:02.342+0000][160][gc,heap     ] GC(12) Humongous regions: 0->0
[2022-04-29T01:15:02.343+0000][160][gc,metaspace] GC(12) Metaspace: 52324K(53504K)->52324K(53504K) NonClass: 45226K(45952K)->45226K(45952K) Class: 7097K(7552K)->7097K(7552K)
[2022-04-29T01:15:02.344+0000][160][gc          ] GC(12) Pause Young (Concurrent Start) (G1 Evacuation Pause) 349M->55M(512M) 22.090ms
[2022-04-29T01:15:02.344+0000][160][gc,cpu      ] GC(12) User=0.03s Sys=0.00s Real=0.02s
[2022-04-29T01:15:02.345+0000][160][gc          ] GC(13) Concurrent Mark Cycle
[2022-04-29T01:15:02.346+0000][160][gc,marking  ] GC(13) Concurrent Clear Claimed Marks
[2022-04-29T01:15:02.347+0000][160][gc,marking  ] GC(13) Concurrent Clear Claimed Marks 0.716ms
[2022-04-29T01:15:02.348+0000][160][gc,marking  ] GC(13) Concurrent Scan Root Regions
[2022-04-29T01:15:02.345+0000][160][safepoint   ] Safepoint "G1CollectForAllocation", Time since last: 210402208 ns, Reaching safepoint: 153084 ns, At safepoint: 23417333 ns, Total: 23570417 ns
[2022-04-29T01:15:02.353+0000][160][gc,marking  ] GC(13) Concurrent Scan Root Regions 4.972ms
[2022-04-29T01:15:02.355+0000][160][gc,marking  ] GC(13) Concurrent Mark
[2022-04-29T01:15:02.355+0000][160][gc,marking  ] GC(13) Concurrent Mark From Roots
[2022-04-29T01:15:02.356+0000][160][gc,task     ] GC(13) Using 1 workers of 1 for marking
[2022-04-29T01:15:02.393+0000][160][gc,marking  ] GC(13) Concurrent Mark From Roots 37.777ms
[2022-04-29T01:15:02.394+0000][160][gc,marking  ] GC(13) Concurrent Preclean
[2022-04-29T01:15:02.396+0000][160][gc,marking  ] GC(13) Concurrent Preclean 1.186ms
[2022-04-29T01:15:02.397+0000][160][gc,start    ] GC(13) Pause Remark
[2022-04-29T01:15:02.401+0000][160][gc          ] GC(13) Pause Remark 71M->71M(512M) 4.502ms
[2022-04-29T01:15:02.402+0000][160][gc,cpu      ] GC(13) User=0.01s Sys=0.00s Real=0.01s
[2022-04-29T01:15:02.404+0000][160][safepoint   ] Safepoint "G1Concurrent", Time since last: 51291042 ns, Reaching safepoint: 135791 ns, At safepoint: 7003750 ns, Total: 7139541 ns
[2022-04-29T01:15:02.404+0000][160][gc,marking  ] GC(13) Concurrent Mark 49.429ms
[2022-04-29T01:15:02.406+0000][160][gc,marking  ] GC(13) Concurrent Rebuild Remembered Sets
[2022-04-29T01:15:02.429+0000][160][gc,marking  ] GC(13) Concurrent Rebuild Remembered Sets 23.310ms
[2022-04-29T01:15:02.436+0000][160][gc,start    ] GC(13) Pause Cleanup
[2022-04-29T01:15:02.437+0000][160][gc          ] GC(13) Pause Cleanup 83M->83M(512M) 1.019ms
[2022-04-29T01:15:02.437+0000][160][gc,cpu      ] GC(13) User=0.01s Sys=0.00s Real=0.00s
[2022-04-29T01:15:02.439+0000][160][safepoint   ] Safepoint "G1Concurrent", Time since last: 32007250 ns, Reaching safepoint: 183375 ns, At safepoint: 2923375 ns, Total: 3106750 ns
[2022-04-29T01:15:02.440+0000][160][gc,marking  ] GC(13) Concurrent Cleanup for Next Mark
[2022-04-29T01:15:02.440+0000][160][gc,marking  ] GC(13) Concurrent Cleanup for Next Mark 0.970ms
[2022-04-29T01:15:02.441+0000][160][gc          ] GC(13) Concurrent Mark Cycle 96.058ms
[2022-04-29T01:15:02.701+0000][160][safepoint   ] Safepoint "ICBufferFull", Time since last: 261707292 ns, Reaching safepoint: 450417 ns, At safepoint: 1667 ns, Total: 452084 ns
[2022-04-29T01:15:03.012+0000][160][safepoint   ] Safepoint "ICBufferFull", Time since last: 311419333 ns, Reaching safepoint: 214583 ns, At safepoint: 12959 ns, Total: 227542 ns
[2022-04-29T01:15:03.295+0000][160][safepoint   ] Safepoint "ICBufferFull", Time since last: 282064708 ns, Reaching safepoint: 201125 ns, At safepoint: 7667 ns, Total: 208792 ns
[2022-04-29T01:15:03.499+0000][160][safepoint   ] Safepoint "ICBufferFull", Time since last: 203845667 ns, Reaching safepoint: 214833 ns, At safepoint: 5167 ns, Total: 220000 ns
[2022-04-29T01:15:03.590+0000][160][safepoint   ] Safepoint "ICBufferFull", Time since last: 91047083 ns, Reaching safepoint: 237042 ns, At safepoint: 10166 ns, Total: 247208 ns
[2022-04-29T01:15:03.831+0000][160][safepoint   ] Safepoint "ICBufferFull", Time since last: 240747125 ns, Reaching safepoint: 238125 ns, At safepoint: 3042 ns, Total: 241167 ns
[2022-04-29T01:15:03.957+0000][160][safepoint   ] Safepoint "ICBufferFull", Time since last: 125399750 ns, Reaching safepoint: 215958 ns, At safepoint: 12125 ns, Total: 228083 ns
[2022-04-29T01:15:04.023+0000][160][safepoint   ] Safepoint "ICBufferFull", Time since last: 66211042 ns, Reaching safepoint: 218750 ns, At safepoint: 10083 ns, Total: 228833 ns
[2022-04-29T01:15:04.069+0000][160][safepoint   ] Safepoint "ICBufferFull", Time since last: 45176709 ns, Reaching safepoint: 158833 ns, At safepoint: 10042 ns, Total: 168875 ns
[2022-04-29T01:15:04.382+0000][160][gc,start    ] GC(14) Pause Young (Normal) (G1 Evacuation Pause)
[2022-04-29T01:15:04.383+0000][160][gc,task     ] GC(14) Using 5 workers of 5 for evacuation
[2022-04-29T01:15:04.384+0000][160][gc,age      ] GC(14) Desired survivor size 20971520 bytes, new threshold 15 (max threshold 15)
[2022-04-29T01:15:04.399+0000][160][gc,age      ] GC(14) Age table with threshold 15 (max threshold 15)
[2022-04-29T01:15:04.400+0000][160][gc,age      ] GC(14) - age   1:   14182792 bytes,   14182792 total
[2022-04-29T01:15:04.401+0000][160][gc,age      ] GC(14) - age   2:    5818344 bytes,   20001136 total
[2022-04-29T01:15:04.402+0000][160][gc,age      ] GC(14) - age   3:     180368 bytes,   20181504 total
[2022-04-29T01:15:04.403+0000][160][gc,phases   ] GC(14)   Pre Evacuate Collection Set: 0.1ms
[2022-04-29T01:15:04.404+0000][160][gc,phases   ] GC(14)   Merge Heap Roots: 0.1ms
[2022-04-29T01:15:04.405+0000][160][gc,phases   ] GC(14)   Evacuate Collection Set: 12.6ms
[2022-04-29T01:15:04.405+0000][160][gc,phases   ] GC(14)   Post Evacuate Collection Set: 1.8ms
[2022-04-29T01:15:04.406+0000][160][gc,phases   ] GC(14)   Other: 6.4ms
[2022-04-29T01:15:04.407+0000][160][gc,heap     ] GC(14) Eden regions: 74->0(71)
[2022-04-29T01:15:04.407+0000][160][gc,heap     ] GC(14) Survivor regions: 2->5(10)
[2022-04-29T01:15:04.408+0000][160][gc,heap     ] GC(14) Old regions: 12->12
[2022-04-29T01:15:04.409+0000][160][gc,heap     ] GC(14) Archive regions: 2->2
[2022-04-29T01:15:04.410+0000][160][gc,heap     ] GC(14) Humongous regions: 0->0
[2022-04-29T01:15:04.411+0000][160][gc,metaspace] GC(14) Metaspace: 87347K(88832K)->87347K(88832K) NonClass: 75213K(76096K)->75213K(76096K) Class: 12133K(12736K)->12133K(12736K)
[2022-04-29T01:15:04.412+0000][160][gc          ] GC(14) Pause Young (Normal) (G1 Evacuation Pause) 351M->68M(512M) 29.761ms
[2022-04-29T01:15:04.412+0000][160][gc,cpu      ] GC(14) User=0.05s Sys=0.00s Real=0.03s
[2022-04-29T01:15:04.413+0000][160][safepoint   ] Safepoint "G1CollectForAllocation", Time since last: 313191417 ns, Reaching safepoint: 177458 ns, At safepoint: 30882833 ns, Total: 31060291 ns
[2022-04-29T01:15:04.435+0000][160][gc,start    ] GC(15) Pause Young (Concurrent Start) (Metadata GC Threshold)
[2022-04-29T01:15:04.436+0000][160][gc,task     ] GC(15) Using 5 workers of 5 for evacuation
[2022-04-29T01:15:04.437+0000][160][gc,age      ] GC(15) Desired survivor size 20971520 bytes, new threshold 15 (max threshold 15)
[2022-04-29T01:15:04.447+0000][160][gc,age      ] GC(15) Age table with threshold 15 (max threshold 15)
[2022-04-29T01:15:04.449+0000][160][gc,age      ] GC(15) - age   1:     176360 bytes,     176360 total
[2022-04-29T01:15:04.450+0000][160][gc,age      ] GC(15) - age   2:   13923480 bytes,   14099840 total
[2022-04-29T01:15:04.450+0000][160][gc,age      ] GC(15) - age   3:    5818280 bytes,   19918120 total
[2022-04-29T01:15:04.452+0000][160][gc,age      ] GC(15) - age   4:     180336 bytes,   20098456 total
[2022-04-29T01:15:04.453+0000][160][gc,phases   ] GC(15)   Pre Evacuate Collection Set: 0.5ms
[2022-04-29T01:15:04.453+0000][160][gc,phases   ] GC(15)   Merge Heap Roots: 0.2ms
[2022-04-29T01:15:04.454+0000][160][gc,phases   ] GC(15)   Evacuate Collection Set: 7.2ms
[2022-04-29T01:15:04.455+0000][160][gc,phases   ] GC(15)   Post Evacuate Collection Set: 1.3ms
[2022-04-29T01:15:04.455+0000][160][gc,phases   ] GC(15)   Other: 8.3ms
[2022-04-29T01:15:04.456+0000][160][gc,heap     ] GC(15) Eden regions: 1->0(71)
[2022-04-29T01:15:04.456+0000][160][gc,heap     ] GC(15) Survivor regions: 5->5(10)
[2022-04-29T01:15:04.457+0000][160][gc,heap     ] GC(15) Old regions: 12->12
[2022-04-29T01:15:04.458+0000][160][gc,heap     ] GC(15) Archive regions: 2->2
[2022-04-29T01:15:04.458+0000][160][gc,heap     ] GC(15) Humongous regions: 0->0
[2022-04-29T01:15:04.459+0000][160][gc,metaspace] GC(15) Metaspace: 87781K(89216K)->87781K(89216K) NonClass: 75581K(76416K)->75581K(76416K) Class: 12200K(12800K)->12200K(12800K)
[2022-04-29T01:15:04.460+0000][160][gc          ] GC(15) Pause Young (Concurrent Start) (Metadata GC Threshold) 72M->68M(512M) 25.027ms
[2022-04-29T01:15:04.461+0000][160][gc,cpu      ] GC(15) User=0.04s Sys=0.00s Real=0.02s
[2022-04-29T01:15:04.461+0000][160][gc          ] GC(16) Concurrent Mark Cycle
[2022-04-29T01:15:04.463+0000][160][gc,marking  ] GC(16) Concurrent Clear Claimed Marks
[2022-04-29T01:15:04.461+0000][160][safepoint   ] Safepoint "CollectForMetadataAllocation", Time since last: 22079667 ns, Reaching safepoint: 184417 ns, At safepoint: 26397375 ns, Total: 26581792 ns
[2022-04-29T01:15:04.464+0000][160][gc,marking  ] GC(16) Concurrent Clear Claimed Marks 0.893ms
[2022-04-29T01:15:04.465+0000][160][gc,marking  ] GC(16) Concurrent Scan Root Regions
[2022-04-29T01:15:04.477+0000][160][gc,marking  ] GC(16) Concurrent Scan Root Regions 12.236ms
[2022-04-29T01:15:04.478+0000][160][gc,marking  ] GC(16) Concurrent Mark
[2022-04-29T01:15:04.479+0000][160][gc,marking  ] GC(16) Concurrent Mark From Roots
[2022-04-29T01:15:04.480+0000][160][gc,task     ] GC(16) Using 1 workers of 1 for marking
[2022-04-29T01:15:04.520+0000][160][gc,marking  ] GC(16) Concurrent Mark From Roots 41.342ms
[2022-04-29T01:15:04.521+0000][160][gc,marking  ] GC(16) Concurrent Preclean
[2022-04-29T01:15:04.523+0000][160][gc,marking  ] GC(16) Concurrent Preclean 1.536ms
[2022-04-29T01:15:04.524+0000][160][gc,start    ] GC(16) Pause Remark
[2022-04-29T01:15:04.527+0000][160][gc          ] GC(16) Pause Remark 70M->70M(512M) 3.457ms
[2022-04-29T01:15:04.528+0000][160][gc,cpu      ] GC(16) User=0.02s Sys=0.00s Real=0.00s
[2022-04-29T01:15:04.529+0000][160][safepoint   ] Safepoint "G1Concurrent", Time since last: 61915666 ns, Reaching safepoint: 230625 ns, At safepoint: 5168000 ns, Total: 5398625 ns
[2022-04-29T01:15:04.529+0000][160][gc,marking  ] GC(16) Concurrent Mark 50.896ms
[2022-04-29T01:15:04.530+0000][160][gc,marking  ] GC(16) Concurrent Rebuild Remembered Sets
[2022-04-29T01:15:04.555+0000][160][gc,marking  ] GC(16) Concurrent Rebuild Remembered Sets 25.420ms
[2022-04-29T01:15:04.556+0000][160][gc,start    ] GC(16) Pause Cleanup
[2022-04-29T01:15:04.558+0000][160][gc          ] GC(16) Pause Cleanup 71M->71M(512M) 1.265ms
[2022-04-29T01:15:04.558+0000][160][gc,cpu      ] GC(16) User=0.00s Sys=0.00s Real=0.00s
[2022-04-29T01:15:04.559+0000][160][safepoint   ] Safepoint "G1Concurrent", Time since last: 27256667 ns, Reaching safepoint: 265875 ns, At safepoint: 3144292 ns, Total: 3410167 ns
[2022-04-29T01:15:04.561+0000][160][gc,marking  ] GC(16) Concurrent Cleanup for Next Mark
[2022-04-29T01:15:04.562+0000][160][gc,marking  ] GC(16) Concurrent Cleanup for Next Mark 1.440ms
[2022-04-29T01:15:04.563+0000][160][gc          ] GC(16) Concurrent Mark Cycle 101.620ms
[2022-04-29T01:15:04.875+0000][160][safepoint   ] Safepoint "ICBufferFull", Time since last: 314937333 ns, Reaching safepoint: 295209 ns, At safepoint: 33291 ns, Total: 328500 ns
[2022-04-29T01:15:04.928+0000][160][safepoint   ] Safepoint "ICBufferFull", Time since last: 53066750 ns, Reaching safepoint: 144834 ns, At safepoint: 5416 ns, Total: 150250 ns
[2022-04-29T01:15:05.334+0000][160][safepoint   ] Safepoint "ICBufferFull", Time since last: 406162334 ns, Reaching safepoint: 234458 ns, At safepoint: 14667 ns, Total: 249125 ns
[2022-04-29T01:15:05.556+0000][160][safepoint   ] Safepoint "ICBufferFull", Time since last: 221735583 ns, Reaching safepoint: 334209 ns, At safepoint: 56583 ns, Total: 390792 ns
[2022-04-29T01:15:05.748+0000][160][safepoint   ] Safepoint "ICBufferFull", Time since last: 191019417 ns, Reaching safepoint: 458916 ns, At safepoint: 140709 ns, Total: 599625 ns
[2022-04-29T01:15:05.990+0000][160][safepoint   ] Safepoint "ICBufferFull", Time since last: 241515541 ns, Reaching safepoint: 178750 ns, At safepoint: 23167 ns, Total: 201917 ns
[2022-04-29T01:15:06.377+0000][160][safepoint   ] Safepoint "ICBufferFull", Time since last: 386691334 ns, Reaching safepoint: 199375 ns, At safepoint: 2458 ns, Total: 201833 ns
[2022-04-29T01:15:06.465+0000][160][safepoint   ] Safepoint "ICBufferFull", Time since last: 87886792 ns, Reaching safepoint: 297916 ns, At safepoint: 15709 ns, Total: 313625 ns
[2022-04-29T01:15:06.612+0000][160][safepoint   ] Safepoint "ICBufferFull", Time since last: 146799333 ns, Reaching safepoint: 161333 ns, At safepoint: 10417 ns, Total: 171750 ns
[2022-04-29T01:15:06.997+0000][160][safepoint   ] Safepoint "ICBufferFull", Time since last: 384642000 ns, Reaching safepoint: 316209 ns, At safepoint: 28833 ns, Total: 345042 ns
[2022-04-29T01:15:07.051+0000][160][safepoint   ] Safepoint "ICBufferFull", Time since last: 53473458 ns, Reaching safepoint: 331500 ns, At safepoint: 20250 ns, Total: 351750 ns
[2022-04-29T01:15:07.257+0000][160][safepoint   ] Safepoint "ICBufferFull", Time since last: 206409084 ns, Reaching safepoint: 261666 ns, At safepoint: 47125 ns, Total: 308791 ns
[2022-04-29T01:15:07.260+0000][160][safepoint   ] Safepoint "ICBufferFull", Time since last: 1573292 ns, Reaching safepoint: 553917 ns, At safepoint: 74666 ns, Total: 628583 ns
[2022-04-29T01:15:07.615+0000][160][gc,start    ] GC(17) Pause Young (Normal) (G1 Evacuation Pause)
[2022-04-29T01:15:07.617+0000][160][gc,task     ] GC(17) Using 5 workers of 5 for evacuation
[2022-04-29T01:15:07.618+0000][160][gc,age      ] GC(17) Desired survivor size 20971520 bytes, new threshold 15 (max threshold 15)
[2022-04-29T01:15:07.631+0000][160][gc,age      ] GC(17) Age table with threshold 15 (max threshold 15)
[2022-04-29T01:15:07.632+0000][160][gc,age      ] GC(17) - age   1:   10586416 bytes,   10586416 total
[2022-04-29T01:15:07.633+0000][160][gc,age      ] GC(17) - age   2:     150640 bytes,   10737056 total
[2022-04-29T01:15:07.635+0000][160][gc,age      ] GC(17) - age   3:   13653352 bytes,   24390408 total
[2022-04-29T01:15:07.636+0000][160][gc,age      ] GC(17) - age   4:    5637600 bytes,   30028008 total
[2022-04-29T01:15:07.636+0000][160][gc,age      ] GC(17) - age   5:     178952 bytes,   30206960 total
[2022-04-29T01:15:07.637+0000][160][gc,phases   ] GC(17)   Pre Evacuate Collection Set: 0.2ms
[2022-04-29T01:15:07.638+0000][160][gc,phases   ] GC(17)   Merge Heap Roots: 0.2ms
[2022-04-29T01:15:07.639+0000][160][gc,phases   ] GC(17)   Evacuate Collection Set: 10.5ms
[2022-04-29T01:15:07.640+0000][160][gc,phases   ] GC(17)   Post Evacuate Collection Set: 1.5ms
[2022-04-29T01:15:07.640+0000][160][gc,phases   ] GC(17)   Other: 10.0ms
[2022-04-29T01:15:07.641+0000][160][gc,heap     ] GC(17) Eden regions: 71->0(68)
[2022-04-29T01:15:07.642+0000][160][gc,heap     ] GC(17) Survivor regions: 5->8(10)
[2022-04-29T01:15:07.642+0000][160][gc,heap     ] GC(17) Old regions: 12->12
[2022-04-29T01:15:07.643+0000][160][gc,heap     ] GC(17) Archive regions: 2->2
[2022-04-29T01:15:07.643+0000][160][gc,heap     ] GC(17) Humongous regions: 6->6
[2022-04-29T01:15:07.644+0000][160][gc,metaspace] GC(17) Metaspace: 100473K(101888K)->100473K(101888K) NonClass: 86375K(87232K)->86375K(87232K) Class: 14097K(14656K)->14097K(14656K)
[2022-04-29T01:15:07.646+0000][160][gc          ] GC(17) Pause Young (Normal) (G1 Evacuation Pause) 375M->102M(512M) 30.961ms
[2022-04-29T01:15:07.647+0000][160][gc,cpu      ] GC(17) User=0.05s Sys=0.00s Real=0.03s
[2022-04-29T01:15:07.647+0000][160][safepoint   ] Safepoint "G1CollectForAllocation", Time since last: 354859001 ns, Reaching safepoint: 345666 ns, At safepoint: 32515459 ns, Total: 32861125 ns
[2022-04-29T01:15:07.739+0000][160][safepoint   ] Safepoint "ICBufferFull", Time since last: 91276333 ns, Reaching safepoint: 113375 ns, At safepoint: 1667 ns, Total: 115042 ns
[2022-04-29T01:15:08.178+0000][160][safepoint   ] Safepoint "ICBufferFull", Time since last: 439074291 ns, Reaching safepoint: 497667 ns, At safepoint: 19958 ns, Total: 517625 ns
[2022-04-29T01:15:08.559+0000][160][safepoint   ] Safepoint "ICBufferFull", Time since last: 378306584 ns, Reaching safepoint: 2488583 ns, At safepoint: 51250 ns, Total: 2539833 ns
[2022-04-29T01:15:08.802+0000][160][safepoint   ] Safepoint "ICBufferFull", Time since last: 242567917 ns, Reaching safepoint: 610083 ns, At safepoint: 15250 ns, Total: 625333 ns
[2022-04-29T01:15:09.149+0000][160][safepoint   ] Safepoint "ICBufferFull", Time since last: 346771876 ns, Reaching safepoint: 306250 ns, At safepoint: 10166 ns, Total: 316416 ns
[2022-04-29T01:15:09.153+0000][160][safepoint   ] Safepoint "ICBufferFull", Time since last: 1722417 ns, Reaching safepoint: 1384208 ns, At safepoint: 31250 ns, Total: 1415458 ns
[2022-04-29T01:15:09.528+0000][160][safepoint   ] Safepoint "ICBufferFull", Time since last: 375461959 ns, Reaching safepoint: 405541 ns, At safepoint: 22084 ns, Total: 427625 ns
[2022-04-29T01:15:09.778+0000][160][safepoint   ] Safepoint "ICBufferFull", Time since last: 248992417 ns, Reaching safepoint: 287916 ns, At safepoint: 11750 ns, Total: 299666 ns
[2022-04-29T01:15:09.936+0000][160][safepoint   ] Safepoint "ICBufferFull", Time since last: 157622292 ns, Reaching safepoint: 162958 ns, At safepoint: 21334 ns, Total: 184292 ns
[2022-04-29T01:15:10.384+0000][160][safepoint   ] Safepoint "ICBufferFull", Time since last: 450098875 ns, Reaching safepoint: 180208 ns, At safepoint: 5042 ns, Total: 185250 ns
[2022-04-29T01:15:10.806+0000][160][safepoint   ] Safepoint "ICBufferFull", Time since last: 421574083 ns, Reaching safepoint: 252208 ns, At safepoint: 13667 ns, Total: 265875 ns
[2022-04-29T01:15:10.964+0000][160][safepoint   ] Safepoint "ICBufferFull", Time since last: 157888083 ns, Reaching safepoint: 285709 ns, At safepoint: 5541 ns, Total: 291250 ns
[2022-04-29T01:15:12.228+0000][160][safepoint   ] Safepoint "ICBufferFull", Time since last: 1263030876 ns, Reaching safepoint: 541667 ns, At safepoint: 181833 ns, Total: 723500 ns
[2022-04-29T01:15:12.298+0000][160][gc,start    ] GC(18) Pause Young (Normal) (G1 Evacuation Pause)
[2022-04-29T01:15:12.299+0000][160][gc,task     ] GC(18) Using 5 workers of 5 for evacuation
[2022-04-29T01:15:12.300+0000][160][gc,age      ] GC(18) Desired survivor size 20971520 bytes, new threshold 3 (max threshold 15)
[2022-04-29T01:15:12.316+0000][160][gc,age      ] GC(18) Age table with threshold 3 (max threshold 15)
[2022-04-29T01:15:12.317+0000][160][gc,age      ] GC(18) - age   1:   10650712 bytes,   10650712 total
[2022-04-29T01:15:12.318+0000][160][gc,age      ] GC(18) - age   2:    8203488 bytes,   18854200 total
[2022-04-29T01:15:12.319+0000][160][gc,age      ] GC(18) - age   3:     134032 bytes,   18988232 total
[2022-04-29T01:15:12.320+0000][160][gc,phases   ] GC(18)   Pre Evacuate Collection Set: 0.1ms
[2022-04-29T01:15:12.322+0000][160][gc,phases   ] GC(18)   Merge Heap Roots: 0.2ms
[2022-04-29T01:15:12.323+0000][160][gc,phases   ] GC(18)   Evacuate Collection Set: 12.7ms
[2022-04-29T01:15:12.324+0000][160][gc,phases   ] GC(18)   Post Evacuate Collection Set: 2.2ms
[2022-04-29T01:15:12.324+0000][160][gc,phases   ] GC(18)   Other: 7.0ms
[2022-04-29T01:15:12.325+0000][160][gc,heap     ] GC(18) Eden regions: 68->0(68)
[2022-04-29T01:15:12.326+0000][160][gc,heap     ] GC(18) Survivor regions: 8->6(10)
[2022-04-29T01:15:12.326+0000][160][gc,heap     ] GC(18) Old regions: 12->16
[2022-04-29T01:15:12.327+0000][160][gc,heap     ] GC(18) Archive regions: 2->2
[2022-04-29T01:15:12.327+0000][160][gc,heap     ] GC(18) Humongous regions: 6->6
[2022-04-29T01:15:12.328+0000][160][gc,metaspace] GC(18) Metaspace: 104727K(106176K)->104727K(106176K) NonClass: 90142K(91008K)->90142K(91008K) Class: 14584K(15168K)->14584K(15168K)
[2022-04-29T01:15:12.329+0000][160][gc          ] GC(18) Pause Young (Normal) (G1 Evacuation Pause) 374M->112M(512M) 30.265ms
[2022-04-29T01:15:12.329+0000][160][gc,cpu      ] GC(18) User=0.05s Sys=0.00s Real=0.04s
[2022-04-29T01:15:12.330+0000][160][safepoint   ] Safepoint "G1CollectForAllocation", Time since last: 70379792 ns, Reaching safepoint: 363250 ns, At safepoint: 31716083 ns, Total: 32079333 ns
[2022-04-29T01:15:12.499+0000][160][safepoint   ] Safepoint "ICBufferFull", Time since last: 168810667 ns, Reaching safepoint: 189333 ns, At safepoint: 11417 ns, Total: 200750 ns
[2022-04-29T01:15:13.501+0000][160][safepoint   ] Safepoint "Cleanup", Time since last: 1001811834 ns, Reaching safepoint: 253750 ns, At safepoint: 5875 ns, Total: 259625 ns
[2022-04-29T01:15:14.513+0000][160][safepoint   ] Safepoint "Cleanup", Time since last: 1011250792 ns, Reaching safepoint: 230667 ns, At safepoint: 34166 ns, Total: 264833 ns
[2022-04-29T01:15:15.255+0000][160][safepoint   ] Safepoint "ICBufferFull", Time since last: 741788001 ns, Reaching safepoint: 246916 ns, At safepoint: 14875 ns, Total: 261791 ns
[2022-04-29T01:15:15.588+0000][160][safepoint   ] Safepoint "ICBufferFull", Time since last: 332827875 ns, Reaching safepoint: 168417 ns, At safepoint: 2375 ns, Total: 170792 ns
[2022-04-29T01:15:15.848+0000][160][safepoint   ] Safepoint "ICBufferFull", Time since last: 260407625 ns, Reaching safepoint: 278125 ns, At safepoint: 10083 ns, Total: 288208 ns
[2022-04-29T01:15:16.852+0000][160][safepoint   ] Safepoint "Cleanup", Time since last: 1002890668 ns, Reaching safepoint: 235875 ns, At safepoint: 5833 ns, Total: 241708 ns
[2022-04-29T01:15:17.863+0000][160][safepoint   ] Safepoint "Cleanup", Time since last: 1010915167 ns, Reaching safepoint: 794083 ns, At safepoint: 11459 ns, Total: 805542 ns
[2022-04-29T01:15:18.794+0000][160][safepoint   ] Safepoint "ICBufferFull", Time since last: 930989334 ns, Reaching safepoint: 174250 ns, At safepoint: 4000 ns, Total: 178250 ns
[2022-04-29T01:15:19.796+0000][160][safepoint   ] Safepoint "Cleanup", Time since last: 1001355542 ns, Reaching safepoint: 463416 ns, At safepoint: 6667 ns, Total: 470083 ns
[2022-04-29T01:15:20.804+0000][160][safepoint   ] Safepoint "Cleanup", Time since last: 1008012584 ns, Reaching safepoint: 106833 ns, At safepoint: 4417 ns, Total: 111250 ns
[2022-04-29T01:15:21.828+0000][160][safepoint   ] Safepoint "Cleanup", Time since last: 1023532500 ns, Reaching safepoint: 212875 ns, At safepoint: 4167 ns, Total: 217042 ns
[2022-04-29T01:15:22.490+0000][160][safepoint   ] Safepoint "ICBufferFull", Time since last: 662061084 ns, Reaching safepoint: 268666 ns, At safepoint: 18500 ns, Total: 287166 ns
[2022-04-29T01:15:23.492+0000][160][safepoint   ] Safepoint "Cleanup", Time since last: 1001326251 ns, Reaching safepoint: 155375 ns, At safepoint: 4250 ns, Total: 159625 ns
[2022-04-29T01:15:24.495+0000][160][safepoint   ] Safepoint "Cleanup", Time since last: 1002638500 ns, Reaching safepoint: 251459 ns, At safepoint: 20041 ns, Total: 271500 ns
[2022-04-29T01:15:25.498+0000][160][safepoint   ] Safepoint "Cleanup", Time since last: 1003459959 ns, Reaching safepoint: 86042 ns, At safepoint: 5250 ns, Total: 91292 ns
[2022-04-29T01:15:26.509+0000][160][safepoint   ] Safepoint "Cleanup", Time since last: 1009864792 ns, Reaching safepoint: 402958 ns, At safepoint: 11750 ns, Total: 414708 ns
[2022-04-29T01:15:27.514+0000][160][safepoint   ] Safepoint "Cleanup", Time since last: 1005085292 ns, Reaching safepoint: 103250 ns, At safepoint: 2667 ns, Total: 105917 ns
[2022-04-29T01:15:27.997+0000][160][safepoint   ] Safepoint "ICBufferFull", Time since last: 482837709 ns, Reaching safepoint: 477791 ns, At safepoint: 10167 ns, Total: 487958 ns
[2022-04-29T01:15:29.000+0000][160][safepoint   ] Safepoint "Cleanup", Time since last: 1003051875 ns, Reaching safepoint: 67459 ns, At safepoint: 2625 ns, Total: 70084 ns
[2022-04-29T01:15:30.003+0000][160][safepoint   ] Safepoint "Cleanup", Time since last: 1002677417 ns, Reaching safepoint: 420042 ns, At safepoint: 22000 ns, Total: 442042 ns
[2022-04-29T01:15:31.013+0000][160][safepoint   ] Safepoint "Cleanup", Time since last: 1009117833 ns, Reaching safepoint: 207542 ns, At safepoint: 7042 ns, Total: 214584 ns
[2022-04-29T01:15:33.036+0000][160][safepoint   ] Safepoint "Cleanup", Time since last: 2022460251 ns, Reaching safepoint: 287791 ns, At safepoint: 7500 ns, Total: 295291 ns
[2022-04-29T01:15:34.050+0000][160][safepoint   ] Safepoint "Cleanup", Time since last: 1014100001 ns, Reaching safepoint: 252541 ns, At safepoint: 3542 ns, Total: 256083 ns
[2022-04-29T01:15:35.054+0000][160][safepoint   ] Safepoint "Cleanup", Time since last: 1003607001 ns, Reaching safepoint: 345500 ns, At safepoint: 9583 ns, Total: 355083 ns
[2022-04-29T01:15:36.061+0000][160][safepoint   ] Safepoint "Cleanup", Time since last: 1007359167 ns, Reaching safepoint: 178458 ns, At safepoint: 10917 ns, Total: 189375 ns
[2022-04-29T01:15:37.067+0000][160][safepoint   ] Safepoint "Cleanup", Time since last: 1005244959 ns, Reaching safepoint: 295750 ns, At safepoint: 14167 ns, Total: 309917 ns
[2022-04-29T01:15:38.075+0000][160][safepoint   ] Safepoint "Cleanup", Time since last: 1007587375 ns, Reaching safepoint: 208875 ns, At safepoint: 5917 ns, Total: 214792 ns
[2022-04-29T01:15:40.082+0000][160][safepoint   ] Safepoint "Cleanup", Time since last: 2007427334 ns, Reaching safepoint: 200417 ns, At safepoint: 5791 ns, Total: 206208 ns
[2022-04-29T01:15:41.084+0000][160][safepoint   ] Safepoint "Cleanup", Time since last: 1002593750 ns, Reaching safepoint: 145834 ns, At safepoint: 4291 ns, Total: 150125 ns
[2022-04-29T01:15:43.090+0000][160][safepoint   ] Safepoint "Cleanup", Time since last: 2005639084 ns, Reaching safepoint: 142542 ns, At safepoint: 40250 ns, Total: 182792 ns
[2022-04-29T01:15:46.057+0000][160][safepoint   ] Safepoint "ICBufferFull", Time since last: 2966722710 ns, Reaching safepoint: 255000 ns, At safepoint: 10167 ns, Total: 265167 ns
[2022-04-29T01:15:46.475+0000][160][safepoint   ] Safepoint "ICBufferFull", Time since last: 417779875 ns, Reaching safepoint: 197083 ns, At safepoint: 40500 ns, Total: 237583 ns
[2022-04-29T01:15:47.479+0000][160][safepoint   ] Safepoint "Cleanup", Time since last: 1003235126 ns, Reaching safepoint: 245666 ns, At safepoint: 13667 ns, Total: 259333 ns
[2022-04-29T01:15:48.485+0000][160][safepoint   ] Safepoint "Cleanup", Time since last: 1006408792 ns, Reaching safepoint: 224042 ns, At safepoint: 5208 ns, Total: 229250 ns
[2022-04-29T01:15:49.489+0000][160][safepoint   ] Safepoint "Cleanup", Time since last: 1003708917 ns, Reaching safepoint: 316375 ns, At safepoint: 9042 ns, Total: 325417 ns
[2022-04-29T01:15:51.494+0000][160][safepoint   ] Safepoint "Cleanup", Time since last: 2004502209 ns, Reaching safepoint: 177042 ns, At safepoint: 3833 ns, Total: 180875 ns
[2022-04-29T01:15:52.496+0000][160][safepoint   ] Safepoint "Cleanup", Time since last: 1001403251 ns, Reaching safepoint: 160375 ns, At safepoint: 2583 ns, Total: 162958 ns
[2022-04-29T01:15:53.501+0000][160][safepoint   ] Safepoint "Cleanup", Time since last: 1005309000 ns, Reaching safepoint: 336209 ns, At safepoint: 16458 ns, Total: 352667 ns
[2022-04-29T01:15:54.520+0000][160][safepoint   ] Safepoint "Cleanup", Time since last: 1017975542 ns, Reaching safepoint: 238792 ns, At safepoint: 7583 ns, Total: 246375 ns
[2022-04-29T01:15:56.529+0000][160][safepoint   ] Safepoint "Cleanup", Time since last: 2009215168 ns, Reaching safepoint: 319583 ns, At safepoint: 10042 ns, Total: 329625 ns
[2022-04-29T01:15:57.535+0000][160][safepoint   ] Safepoint "Cleanup", Time since last: 1005778209 ns, Reaching safepoint: 171250 ns, At safepoint: 4875 ns, Total: 176125 ns
[2022-04-29T01:15:58.536+0000][160][safepoint   ] Safepoint "Cleanup", Time since last: 1001034709 ns, Reaching safepoint: 245500 ns, At safepoint: 4958 ns, Total: 250458 ns
[2022-04-29T01:15:59.540+0000][160][safepoint   ] Safepoint "Cleanup", Time since last: 1003197375 ns, Reaching safepoint: 346834 ns, At safepoint: 11166 ns, Total: 358000 ns
[2022-04-29T01:16:00.548+0000][160][safepoint   ] Safepoint "Cleanup", Time since last: 1007434084 ns, Reaching safepoint: 395500 ns, At safepoint: 12000 ns, Total: 407500 ns
[2022-04-29T01:16:01.552+0000][160][safepoint   ] Safepoint "Cleanup", Time since last: 1004035001 ns, Reaching safepoint: 248500 ns, At safepoint: 5041 ns, Total: 253541 ns
[2022-04-29T01:16:03.555+0000][160][safepoint   ] Safepoint "Cleanup", Time since last: 2002937418 ns, Reaching safepoint: 188375 ns, At safepoint: 16583 ns, Total: 204958 ns
[2022-04-29T01:16:04.565+0000][160][safepoint   ] Safepoint "Cleanup", Time since last: 1008596459 ns, Reaching safepoint: 1283542 ns, At safepoint: 12291 ns, Total: 1295833 ns
[2022-04-29T01:16:05.569+0000][160][safepoint   ] Safepoint "Cleanup", Time since last: 1002623168 ns, Reaching safepoint: 1310125 ns, At safepoint: 55750 ns, Total: 1365875 ns
[2022-04-29T01:16:06.579+0000][160][safepoint   ] Safepoint "Cleanup", Time since last: 1009461375 ns, Reaching safepoint: 411625 ns, At safepoint: 14000 ns, Total: 425625 ns
[2022-04-29T01:16:08.588+0000][160][safepoint   ] Safepoint "Cleanup", Time since last: 2008727251 ns, Reaching safepoint: 260875 ns, At safepoint: 17042 ns, Total: 277917 ns
[2022-04-29T01:16:09.529+0000][160][gc,start    ] GC(19) Pause Young (Normal) (G1 Evacuation Pause)
[2022-04-29T01:16:09.530+0000][160][gc,task     ] GC(19) Using 5 workers of 5 for evacuation
[2022-04-29T01:16:09.531+0000][160][gc,age      ] GC(19) Desired survivor size 20971520 bytes, new threshold 15 (max threshold 15)
[2022-04-29T01:16:09.541+0000][160][gc,age      ] GC(19) Age table with threshold 15 (max threshold 15)
[2022-04-29T01:16:09.542+0000][160][gc,age      ] GC(19) - age   1:    3597464 bytes,    3597464 total
[2022-04-29T01:16:09.543+0000][160][gc,age      ] GC(19) - age   2:    8965128 bytes,   12562592 total
[2022-04-29T01:16:09.545+0000][160][gc,age      ] GC(19) - age   3:    7716832 bytes,   20279424 total
[2022-04-29T01:16:09.546+0000][160][gc,age      ] GC(19) - age   4:     134032 bytes,   20413456 total
[2022-04-29T01:16:09.547+0000][160][gc,phases   ] GC(19)   Pre Evacuate Collection Set: 0.2ms
[2022-04-29T01:16:09.548+0000][160][gc,phases   ] GC(19)   Merge Heap Roots: 0.1ms
[2022-04-29T01:16:09.549+0000][160][gc,phases   ] GC(19)   Evacuate Collection Set: 6.1ms
[2022-04-29T01:16:09.549+0000][160][gc,phases   ] GC(19)   Post Evacuate Collection Set: 1.4ms
[2022-04-29T01:16:09.551+0000][160][gc,phases   ] GC(19)   Other: 10.0ms
[2022-04-29T01:16:09.552+0000][160][gc,heap     ] GC(19) Eden regions: 68->0(70)
[2022-04-29T01:16:09.553+0000][160][gc,heap     ] GC(19) Survivor regions: 6->6(10)
[2022-04-29T01:16:09.554+0000][160][gc,heap     ] GC(19) Old regions: 16->16
[2022-04-29T01:16:09.555+0000][160][gc,heap     ] GC(19) Archive regions: 2->2
[2022-04-29T01:16:09.556+0000][160][gc,heap     ] GC(19) Humongous regions: 6->6
[2022-04-29T01:16:09.557+0000][160][gc,metaspace] GC(19) Metaspace: 109408K(111104K)->109408K(111104K) NonClass: 94348K(95296K)->94348K(95296K) Class: 15060K(15808K)->15060K(15808K)
[2022-04-29T01:16:09.557+0000][160][gc          ] GC(19) Pause Young (Normal) (G1 Evacuation Pause) 384M->111M(512M) 27.843ms
[2022-04-29T01:16:09.558+0000][160][gc,cpu      ] GC(19) User=0.03s Sys=0.00s Real=0.02s
[2022-04-29T01:16:09.559+0000][160][safepoint   ] Safepoint "G1CollectForAllocation", Time since last: 940917083 ns, Reaching safepoint: 316417 ns, At safepoint: 29533625 ns, Total: 29850042 ns
[2022-04-29T01:16:10.559+0000][160][safepoint   ] Safepoint "Cleanup", Time since last: 1001991416 ns, Reaching safepoint: 124459 ns, At safepoint: 10083 ns, Total: 134542 ns
[2022-04-29T01:16:11.561+0000][160][safepoint   ] Safepoint "Cleanup", Time since last: 1001390209 ns, Reaching safepoint: 98750 ns, At safepoint: 2583 ns, Total: 101333 ns
[2022-04-29T01:16:12.563+0000][160][safepoint   ] Safepoint "Cleanup", Time since last: 1001798626 ns, Reaching safepoint: 621833 ns, At safepoint: 11333 ns, Total: 633166 ns
[2022-04-29T01:16:13.575+0000][160][safepoint   ] Safepoint "Cleanup", Time since last: 1010666417 ns, Reaching safepoint: 732459 ns, At safepoint: 20166 ns, Total: 752625 ns
[2022-04-29T01:16:15.584+0000][160][safepoint   ] Safepoint "Cleanup", Time since last: 2008867043 ns, Reaching safepoint: 120875 ns, At safepoint: 2000 ns, Total: 122875 ns
[2022-04-29T01:16:16.585+0000][160][safepoint   ] Safepoint "Cleanup", Time since last: 1000990750 ns, Reaching safepoint: 232792 ns, At safepoint: 4542 ns, Total: 237334 ns
[2022-04-29T01:16:17.587+0000][160][safepoint   ] Safepoint "Cleanup", Time since last: 1002321917 ns, Reaching safepoint: 73500 ns, At safepoint: 2500 ns, Total: 76000 ns
[2022-04-29T01:16:18.589+0000][160][safepoint   ] Safepoint "Cleanup", Time since last: 1001513834 ns, Reaching safepoint: 70666 ns, At safepoint: 3500 ns, Total: 74166 ns
[2022-04-29T01:16:19.595+0000][160][safepoint   ] Safepoint "Cleanup", Time since last: 1005948168 ns, Reaching safepoint: 295291 ns, At safepoint: 7459 ns, Total: 302750 ns
[2022-04-29T01:16:20.600+0000][160][safepoint   ] Safepoint "Cleanup", Time since last: 1004664458 ns, Reaching safepoint: 396500 ns, At safepoint: 4959 ns, Total: 401459 ns
[2022-04-29T01:16:21.602+0000][160][safepoint   ] Safepoint "Cleanup", Time since last: 1001727750 ns, Reaching safepoint: 161417 ns, At safepoint: 3833 ns, Total: 165250 ns
[2022-04-29T01:16:22.606+0000][160][safepoint   ] Safepoint "Cleanup", Time since last: 1003189709 ns, Reaching safepoint: 525292 ns, At safepoint: 51291 ns, Total: 576583 ns
[2022-04-29T01:16:23.617+0000][160][safepoint   ] Safepoint "Cleanup", Time since last: 1010495668 ns, Reaching safepoint: 321666 ns, At safepoint: 13834 ns, Total: 335500 ns
[2022-04-29T01:16:24.636+0000][160][safepoint   ] Safepoint "Cleanup", Time since last: 1012163208 ns, Reaching safepoint: 6607959 ns, At safepoint: 14375 ns, Total: 6622334 ns
[2022-04-29T01:16:25.640+0000][160][safepoint   ] Safepoint "Cleanup", Time since last: 1003910792 ns, Reaching safepoint: 444791 ns, At safepoint: 10792 ns, Total: 455583 ns
[2022-04-29T01:16:27.645+0000][160][safepoint   ] Safepoint "Cleanup", Time since last: 2004710501 ns, Reaching safepoint: 145292 ns, At safepoint: 3666 ns, Total: 148958 ns
[2022-04-29T01:16:28.646+0000][160][safepoint   ] Safepoint "Cleanup", Time since last: 1000919501 ns, Reaching safepoint: 263417 ns, At safepoint: 6750 ns, Total: 270167 ns
[2022-04-29T01:16:30.655+0000][160][safepoint   ] Safepoint "Cleanup", Time since last: 2006390167 ns, Reaching safepoint: 2528584 ns, At safepoint: 16875 ns, Total: 2545459 ns
[2022-04-29T01:16:33.667+0000][160][safepoint   ] Safepoint "Cleanup", Time since last: 3011676876 ns, Reaching safepoint: 92042 ns, At safepoint: 2541 ns, Total: 94583 ns
[2022-04-29T01:16:34.676+0000][160][safepoint   ] Safepoint "Cleanup", Time since last: 1008484334 ns, Reaching safepoint: 286417 ns, At safepoint: 18791 ns, Total: 305208 ns
[2022-04-29T01:16:35.680+0000][160][safepoint   ] Safepoint "Cleanup", Time since last: 1004226334 ns, Reaching safepoint: 126167 ns, At safepoint: 2792 ns, Total: 128959 ns
[2022-04-29T01:16:36.684+0000][160][safepoint   ] Safepoint "Cleanup", Time since last: 1003605333 ns, Reaching safepoint: 695250 ns, At safepoint: 12625 ns, Total: 707875 ns
[2022-04-29T01:16:38.698+0000][160][safepoint   ] Safepoint "Cleanup", Time since last: 2012839501 ns, Reaching safepoint: 521875 ns, At safepoint: 11792 ns, Total: 533667 ns
[2022-04-29T01:16:39.705+0000][160][safepoint   ] Safepoint "Cleanup", Time since last: 1007193334 ns, Reaching safepoint: 136333 ns, At safepoint: 4334 ns, Total: 140667 ns
[2022-04-29T01:16:40.708+0000][160][safepoint   ] Safepoint "Cleanup", Time since last: 1003854499 ns, Reaching safepoint: 262708 ns, At safepoint: 8792 ns, Total: 271500 ns
[2022-04-29T01:16:42.726+0000][160][safepoint   ] Safepoint "Cleanup", Time since last: 2017915334 ns, Reaching safepoint: 298250 ns, At safepoint: 9167 ns, Total: 307417 ns
[2022-04-29T01:16:43.731+0000][160][safepoint   ] Safepoint "Cleanup", Time since last: 1004987125 ns, Reaching safepoint: 395209 ns, At safepoint: 20541 ns, Total: 415750 ns
[2022-04-29T01:16:45.743+0000][160][safepoint   ] Safepoint "Cleanup", Time since last: 2011447293 ns, Reaching safepoint: 104167 ns, At safepoint: 3125 ns, Total: 107292 ns
[2022-04-29T01:16:46.745+0000][160][safepoint   ] Safepoint "Cleanup", Time since last: 1001943500 ns, Reaching safepoint: 148500 ns, At safepoint: 4500 ns, Total: 153000 ns
[2022-04-29T01:16:48.756+0000][160][safepoint   ] Safepoint "Cleanup", Time since last: 2010912626 ns, Reaching safepoint: 355209 ns, At safepoint: 19166 ns, Total: 374375 ns
[2022-04-29T01:16:50.769+0000][160][safepoint   ] Safepoint "Cleanup", Time since last: 2012560584 ns, Reaching safepoint: 301167 ns, At safepoint: 11500 ns, Total: 312667 ns
[2022-04-29T01:16:51.778+0000][160][safepoint   ] Safepoint "Cleanup", Time since last: 1008529584 ns, Reaching safepoint: 165458 ns, At safepoint: 3334 ns, Total: 168792 ns
[2022-04-29T01:16:52.781+0000][160][safepoint   ] Safepoint "Cleanup", Time since last: 1003079792 ns, Reaching safepoint: 132333 ns, At safepoint: 5833 ns, Total: 138166 ns
[2022-04-29T01:16:53.792+0000][160][safepoint   ] Safepoint "Cleanup", Time since last: 1010788043 ns, Reaching safepoint: 159750 ns, At safepoint: 6041 ns, Total: 165791 ns
[2022-04-29T01:16:54.809+0000][160][safepoint   ] Safepoint "Cleanup", Time since last: 1017231042 ns, Reaching safepoint: 164584 ns, At safepoint: 5375 ns, Total: 169959 ns
[2022-04-29T01:16:55.817+0000][160][safepoint   ] Safepoint "Cleanup", Time since last: 1007586084 ns, Reaching safepoint: 503416 ns, At safepoint: 12125 ns, Total: 515541 ns
[2022-04-29T01:16:57.830+0000][160][safepoint   ] Safepoint "Cleanup", Time since last: 2011718210 ns, Reaching safepoint: 312041 ns, At safepoint: 9750 ns, Total: 321791 ns
[2022-04-29T01:16:58.833+0000][160][safepoint   ] Safepoint "Cleanup", Time since last: 1003393459 ns, Reaching safepoint: 313500 ns, At safepoint: 6875 ns, Total: 320375 ns
[2022-04-29T01:16:59.836+0000][160][safepoint   ] Safepoint "Cleanup", Time since last: 1002162209 ns, Reaching safepoint: 173083 ns, At safepoint: 7500 ns, Total: 180583 ns
[2022-04-29T01:17:00.843+0000][160][safepoint   ] Safepoint "Cleanup", Time since last: 1007379084 ns, Reaching safepoint: 161375 ns, At safepoint: 15125 ns, Total: 176500 ns
[2022-04-29T01:17:01.852+0000][160][safepoint   ] Safepoint "Cleanup", Time since last: 1007085417 ns, Reaching safepoint: 1790958 ns, At safepoint: 13125 ns, Total: 1804083 ns
[2022-04-29T01:17:02.860+0000][160][safepoint   ] Safepoint "Cleanup", Time since last: 1007602334 ns, Reaching safepoint: 490709 ns, At safepoint: 11541 ns, Total: 502250 ns
[2022-04-29T01:17:03.870+0000][160][safepoint   ] Safepoint "Cleanup", Time since last: 1009650292 ns, Reaching safepoint: 159042 ns, At safepoint: 4000 ns, Total: 163042 ns
[2022-04-29T01:17:04.872+0000][160][safepoint   ] Safepoint "Cleanup", Time since last: 1001448709 ns, Reaching safepoint: 112625 ns, At safepoint: 3583 ns, Total: 116208 ns
[2022-04-29T01:17:05.874+0000][160][safepoint   ] Safepoint "Cleanup", Time since last: 1001964667 ns, Reaching safepoint: 237750 ns, At safepoint: 7417 ns, Total: 245167 ns
[2022-04-29T01:17:06.882+0000][160][safepoint   ] Safepoint "Cleanup", Time since last: 1008065709 ns, Reaching safepoint: 443875 ns, At safepoint: 16792 ns, Total: 460667 ns
[2022-04-29T01:17:08.911+0000][160][safepoint   ] Safepoint "Cleanup", Time since last: 2028865709 ns, Reaching safepoint: 164916 ns, At safepoint: 6917 ns, Total: 171833 ns
[2022-04-29T01:17:09.917+0000][160][safepoint   ] Safepoint "Cleanup", Time since last: 1005053459 ns, Reaching safepoint: 206625 ns, At safepoint: 12042 ns, Total: 218667 ns
[2022-04-29T01:17:10.919+0000][160][safepoint   ] Safepoint "Cleanup", Time since last: 1003473749 ns, Reaching safepoint: 230625 ns, At safepoint: 4375 ns, Total: 235000 ns
[2022-04-29T01:17:11.287+0000][160][safepoint   ] Safepoint "ICBufferFull", Time since last: 366960876 ns, Reaching safepoint: 244291 ns, At safepoint: 21000 ns, Total: 265291 ns
[2022-04-29T01:17:12.295+0000][160][safepoint   ] Safepoint "Cleanup", Time since last: 1008340376 ns, Reaching safepoint: 183958 ns, At safepoint: 4833 ns, Total: 188791 ns
[2022-04-29T01:17:13.302+0000][160][safepoint   ] Safepoint "Cleanup", Time since last: 1006146501 ns, Reaching safepoint: 391917 ns, At safepoint: 7958 ns, Total: 399875 ns
[2022-04-29T01:17:15.307+0000][160][safepoint   ] Safepoint "Cleanup", Time since last: 2005013709 ns, Reaching safepoint: 95209 ns, At safepoint: 3541 ns, Total: 98750 ns
[2022-04-29T01:17:16.308+0000][160][safepoint   ] Safepoint "Cleanup", Time since last: 1001190376 ns, Reaching safepoint: 311583 ns, At safepoint: 10667 ns, Total: 322250 ns
[2022-04-29T01:17:18.299+0000][160][safepoint   ] Safepoint "Cleanup", Time since last: 1990399542 ns, Reaching safepoint: 173500 ns, At safepoint: 5292 ns, Total: 178792 ns
[2022-04-29T01:17:21.306+0000][160][safepoint   ] Safepoint "Cleanup", Time since last: 3006504626 ns, Reaching safepoint: 99250 ns, At safepoint: 3292 ns, Total: 102542 ns
[2022-04-29T01:17:22.312+0000][160][safepoint   ] Safepoint "Cleanup", Time since last: 1005194417 ns, Reaching safepoint: 769334 ns, At safepoint: 63750 ns, Total: 833084 ns
[2022-04-29T01:17:22.762+0000][160][gc,start    ] GC(20) Pause Young (Normal) (G1 Evacuation Pause)
[2022-04-29T01:17:22.763+0000][160][gc,task     ] GC(20) Using 5 workers of 5 for evacuation
[2022-04-29T01:17:22.764+0000][160][gc,age      ] GC(20) Desired survivor size 20971520 bytes, new threshold 15 (max threshold 15)
[2022-04-29T01:17:22.775+0000][160][gc,age      ] GC(20) Age table with threshold 15 (max threshold 15)
[2022-04-29T01:17:22.776+0000][160][gc,age      ] GC(20) - age   1:    2446144 bytes,    2446144 total
[2022-04-29T01:17:22.777+0000][160][gc,age      ] GC(20) - age   2:    2207344 bytes,    4653488 total
[2022-04-29T01:17:22.778+0000][160][gc,age      ] GC(20) - age   3:    8831256 bytes,   13484744 total
[2022-04-29T01:17:22.780+0000][160][gc,age      ] GC(20) - age   4:    7668264 bytes,   21153008 total
[2022-04-29T01:17:22.781+0000][160][gc,age      ] GC(20) - age   5:     134032 bytes,   21287040 total
[2022-04-29T01:17:22.782+0000][160][gc,phases   ] GC(20)   Pre Evacuate Collection Set: 0.1ms
[2022-04-29T01:17:22.783+0000][160][gc,phases   ] GC(20)   Merge Heap Roots: 0.3ms
[2022-04-29T01:17:22.784+0000][160][gc,phases   ] GC(20)   Evacuate Collection Set: 8.8ms
[2022-04-29T01:17:22.785+0000][160][gc,phases   ] GC(20)   Post Evacuate Collection Set: 0.8ms
[2022-04-29T01:17:22.786+0000][160][gc,phases   ] GC(20)   Other: 9.6ms
[2022-04-29T01:17:22.787+0000][160][gc,heap     ] GC(20) Eden regions: 70->0(70)
[2022-04-29T01:17:22.788+0000][160][gc,heap     ] GC(20) Survivor regions: 6->6(10)
[2022-04-29T01:17:22.788+0000][160][gc,heap     ] GC(20) Old regions: 16->16
[2022-04-29T01:17:22.789+0000][160][gc,heap     ] GC(20) Archive regions: 2->2
[2022-04-29T01:17:22.791+0000][160][gc,heap     ] GC(20) Humongous regions: 6->6
[2022-04-29T01:17:22.792+0000][160][gc,metaspace] GC(20) Metaspace: 110502K(112256K)->110502K(112256K) NonClass: 95397K(96384K)->95397K(96384K) Class: 15104K(15872K)->15104K(15872K)
[2022-04-29T01:17:22.794+0000][160][gc          ] GC(20) Pause Young (Normal) (G1 Evacuation Pause) 391M->114M(512M) 31.867ms
[2022-04-29T01:17:22.795+0000][160][gc,cpu      ] GC(20) User=0.03s Sys=0.01s Real=0.04s
[2022-04-29T01:17:22.796+0000][160][safepoint   ] Safepoint "G1CollectForAllocation", Time since last: 450433666 ns, Reaching safepoint: 136709 ns, At safepoint: 33608250 ns, Total: 33744959 ns
[2022-04-29T01:17:23.802+0000][160][safepoint   ] Safepoint "Cleanup", Time since last: 1005326209 ns, Reaching safepoint: 936666 ns, At safepoint: 19834 ns, Total: 956500 ns
[2022-04-29T01:17:24.812+0000][160][safepoint   ] Safepoint "Cleanup", Time since last: 1009540625 ns, Reaching safepoint: 415833 ns, At safepoint: 13625 ns, Total: 429458 ns
[2022-04-29T01:17:25.814+0000][160][safepoint   ] Safepoint "Cleanup", Time since last: 1002063793 ns, Reaching safepoint: 224583 ns, At safepoint: 8667 ns, Total: 233250 ns
[2022-04-29T01:17:27.824+0000][160][safepoint   ] Safepoint "Cleanup", Time since last: 2009058917 ns, Reaching safepoint: 218292 ns, At safepoint: 4375 ns, Total: 222667 ns
[2022-04-29T01:17:28.831+0000][160][safepoint   ] Safepoint "Cleanup", Time since last: 1007582542 ns, Reaching safepoint: 174167 ns, At safepoint: 4208 ns, Total: 178375 ns
[2022-04-29T01:17:30.837+0000][160][safepoint   ] Safepoint "Cleanup", Time since last: 2005000084 ns, Reaching safepoint: 764959 ns, At safepoint: 11833 ns, Total: 776792 ns
[2022-04-29T01:17:33.850+0000][160][safepoint   ] Safepoint "Cleanup", Time since last: 3012986418 ns, Reaching safepoint: 134125 ns, At safepoint: 4167 ns, Total: 138292 ns
[2022-04-29T01:17:34.853+0000][160][safepoint   ] Safepoint "Cleanup", Time since last: 1002048417 ns, Reaching safepoint: 388583 ns, At safepoint: 19250 ns, Total: 407833 ns
[2022-04-29T01:17:35.862+0000][160][safepoint   ] Safepoint "Cleanup", Time since last: 1008828376 ns, Reaching safepoint: 340583 ns, At safepoint: 12042 ns, Total: 352625 ns
[2022-04-29T01:17:36.869+0000][160][safepoint   ] Safepoint "Cleanup", Time since last: 1006195917 ns, Reaching safepoint: 641041 ns, At safepoint: 10250 ns, Total: 651291 ns
[2022-04-29T01:17:38.878+0000][160][safepoint   ] Safepoint "Cleanup", Time since last: 2008581460 ns, Reaching safepoint: 265666 ns, At safepoint: 27042 ns, Total: 292708 ns
[2022-04-29T01:17:39.881+0000][160][safepoint   ] Safepoint "Cleanup", Time since last: 1003206709 ns, Reaching safepoint: 182750 ns, At safepoint: 4333 ns, Total: 187083 ns
[2022-04-29T01:17:40.886+0000][160][safepoint   ] Safepoint "Cleanup", Time since last: 1006387792 ns, Reaching safepoint: 223750 ns, At safepoint: 18333 ns, Total: 242083 ns
[2022-04-29T01:17:41.895+0000][160][safepoint   ] Safepoint "Cleanup", Time since last: 1007755376 ns, Reaching safepoint: 460125 ns, At safepoint: 32666 ns, Total: 492791 ns
[2022-04-29T01:17:42.899+0000][160][safepoint   ] Safepoint "Cleanup", Time since last: 1003731834 ns, Reaching safepoint: 804583 ns, At safepoint: 48750 ns, Total: 853333 ns
[2022-04-29T01:17:43.905+0000][160][safepoint   ] Safepoint "Cleanup", Time since last: 1003321668 ns, Reaching safepoint: 2130083 ns, At safepoint: 13333 ns, Total: 2143416 ns
[2022-04-29T01:17:45.908+0000][160][safepoint   ] Safepoint "Cleanup", Time since last: 2002778751 ns, Reaching safepoint: 188542 ns, At safepoint: 96000 ns, Total: 284542 ns
[2022-04-29T01:17:47.910+0000][160][safepoint   ] Safepoint "Cleanup", Time since last: 2002382876 ns, Reaching safepoint: 221916 ns, At safepoint: 7209 ns, Total: 229125 ns
[2022-04-29T01:17:48.913+0000][160][safepoint   ] Safepoint "Cleanup", Time since last: 1002481750 ns, Reaching safepoint: 170167 ns, At safepoint: 6042 ns, Total: 176209 ns
[2022-04-29T01:17:50.917+0000][160][safepoint   ] Safepoint "Cleanup", Time since last: 2003898917 ns, Reaching safepoint: 323500 ns, At safepoint: 15875 ns, Total: 339375 ns
[2022-04-29T01:17:51.927+0000][160][safepoint   ] Safepoint "Cleanup", Time since last: 1009561834 ns, Reaching safepoint: 203250 ns, At safepoint: 4417 ns, Total: 207667 ns
[2022-04-29T01:17:53.932+0000][160][safepoint   ] Safepoint "Cleanup", Time since last: 2004935584 ns, Reaching safepoint: 117625 ns, At safepoint: 4500 ns, Total: 122125 ns
[2022-04-29T01:17:54.937+0000][160][safepoint   ] Safepoint "Cleanup", Time since last: 1004957167 ns, Reaching safepoint: 245750 ns, At safepoint: 7750 ns, Total: 253500 ns
[2022-04-29T01:17:55.942+0000][160][safepoint   ] Safepoint "Cleanup", Time since last: 1003593751 ns, Reaching safepoint: 563958 ns, At safepoint: 12458 ns, Total: 576416 ns
[2022-04-29T01:17:57.949+0000][160][safepoint   ] Safepoint "Cleanup", Time since last: 2007253585 ns, Reaching safepoint: 93791 ns, At safepoint: 2709 ns, Total: 96500 ns
[2022-04-29T01:17:58.950+0000][160][safepoint   ] Safepoint "Cleanup", Time since last: 1001436917 ns, Reaching safepoint: 74791 ns, At safepoint: 2584 ns, Total: 77375 ns
[2022-04-29T01:17:59.954+0000][160][safepoint   ] Safepoint "Cleanup", Time since last: 1003000667 ns, Reaching safepoint: 518500 ns, At safepoint: 13042 ns, Total: 531542 ns
[2022-04-29T01:18:00.961+0000][160][safepoint   ] Safepoint "Cleanup", Time since last: 1007179750 ns, Reaching safepoint: 246250 ns, At safepoint: 7250 ns, Total: 253500 ns
[2022-04-29T01:18:03.977+0000][160][safepoint   ] Safepoint "Cleanup", Time since last: 3015692001 ns, Reaching safepoint: 388667 ns, At safepoint: 11375 ns, Total: 400042 ns
[2022-04-29T01:18:05.989+0000][160][safepoint   ] Safepoint "Cleanup", Time since last: 2010779709 ns, Reaching safepoint: 810792 ns, At safepoint: 10542 ns, Total: 821334 ns
[2022-04-29T01:18:06.992+0000][160][safepoint   ] Safepoint "Cleanup", Time since last: 1002824042 ns, Reaching safepoint: 166750 ns, At safepoint: 4042 ns, Total: 170792 ns
[2022-04-29T01:18:08.006+0000][160][safepoint   ] Safepoint "Cleanup", Time since last: 1013210875 ns, Reaching safepoint: 254250 ns, At safepoint: 11042 ns, Total: 265292 ns
[2022-04-29T01:18:09.018+0000][160][safepoint   ] Safepoint "Cleanup", Time since last: 1012346334 ns, Reaching safepoint: 540250 ns, At safepoint: 7666 ns, Total: 547916 ns
[2022-04-29T01:18:10.028+0000][160][safepoint   ] Safepoint "Cleanup", Time since last: 1009041417 ns, Reaching safepoint: 188334 ns, At safepoint: 4791 ns, Total: 193125 ns
[2022-04-29T01:18:11.034+0000][160][safepoint   ] Safepoint "Cleanup", Time since last: 1006011375 ns, Reaching safepoint: 351625 ns, At safepoint: 11583 ns, Total: 363208 ns
[2022-04-29T01:18:12.066+0000][160][safepoint   ] Safepoint "Cleanup", Time since last: 1032593626 ns, Reaching safepoint: 296375 ns, At safepoint: 8208 ns, Total: 304583 ns
[2022-04-29T01:18:13.075+0000][160][safepoint   ] Safepoint "Cleanup", Time since last: 1006940959 ns, Reaching safepoint: 1337833 ns, At safepoint: 13458 ns, Total: 1351291 ns
[2022-04-29T01:18:14.085+0000][160][safepoint   ] Safepoint "Cleanup", Time since last: 1010244834 ns, Reaching safepoint: 67834 ns, At safepoint: 2208 ns, Total: 70042 ns
[2022-04-29T01:18:16.092+0000][160][safepoint   ] Safepoint "Cleanup", Time since last: 2006712418 ns, Reaching safepoint: 157666 ns, At safepoint: 10334 ns, Total: 168000 ns
[2022-04-29T01:18:17.096+0000][160][safepoint   ] Safepoint "Cleanup", Time since last: 1003633208 ns, Reaching safepoint: 456667 ns, At safepoint: 16917 ns, Total: 473584 ns
[2022-04-29T01:18:19.108+0000][160][safepoint   ] Safepoint "Cleanup", Time since last: 2010767876 ns, Reaching safepoint: 1206208 ns, At safepoint: 22333 ns, Total: 1228541 ns
[2022-04-29T01:18:21.133+0000][160][safepoint   ] Safepoint "Cleanup", Time since last: 2024321126 ns, Reaching safepoint: 325584 ns, At safepoint: 12458 ns, Total: 338042 ns
[2022-04-29T01:18:22.135+0000][160][safepoint   ] Safepoint "Cleanup", Time since last: 1002478459 ns, Reaching safepoint: 250000 ns, At safepoint: 4541 ns, Total: 254541 ns
[2022-04-29T01:18:23.142+0000][160][safepoint   ] Safepoint "Cleanup", Time since last: 1003991668 ns, Reaching safepoint: 306208 ns, At safepoint: 1896167 ns, Total: 2202375 ns
[2022-04-29T01:18:24.149+0000][160][safepoint   ] Safepoint "Cleanup", Time since last: 1007066375 ns, Reaching safepoint: 151958 ns, At safepoint: 5709 ns, Total: 157667 ns
[2022-04-29T01:18:25.154+0000][160][safepoint   ] Safepoint "Cleanup", Time since last: 1005253584 ns, Reaching safepoint: 351750 ns, At safepoint: 8541 ns, Total: 360291 ns
[2022-04-29T01:18:26.163+0000][160][safepoint   ] Safepoint "Cleanup", Time since last: 1007736251 ns, Reaching safepoint: 425166 ns, At safepoint: 9459 ns, Total: 434625 ns
[2022-04-29T01:18:28.168+0000][160][safepoint   ] Safepoint "Cleanup", Time since last: 2005293626 ns, Reaching safepoint: 180625 ns, At safepoint: 6666 ns, Total: 187291 ns
[2022-04-29T01:18:31.178+0000][160][safepoint   ] Safepoint "Cleanup", Time since last: 3007421210 ns, Reaching safepoint: 2827167 ns, At safepoint: 12791 ns, Total: 2839958 ns
[2022-04-29T01:18:33.196+0000][160][safepoint   ] Safepoint "Cleanup", Time since last: 2017275668 ns, Reaching safepoint: 219792 ns, At safepoint: 5625 ns, Total: 225417 ns
[2022-04-29T01:18:33.276+0000][160][gc,start    ] GC(21) Pause Young (Normal) (G1 Evacuation Pause)
[2022-04-29T01:18:33.281+0000][160][gc,task     ] GC(21) Using 5 workers of 5 for evacuation
[2022-04-29T01:18:33.286+0000][160][gc,age      ] GC(21) Desired survivor size 20971520 bytes, new threshold 4 (max threshold 15)
[2022-04-29T01:18:33.301+0000][160][gc,age      ] GC(21) Age table with threshold 4 (max threshold 15)
[2022-04-29T01:18:33.302+0000][160][gc,age      ] GC(21) - age   1:     710088 bytes,     710088 total
[2022-04-29T01:18:33.304+0000][160][gc,age      ] GC(21) - age   2:     783880 bytes,    1493968 total
[2022-04-29T01:18:33.305+0000][160][gc,age      ] GC(21) - age   3:    2205624 bytes,    3699592 total
[2022-04-29T01:18:33.306+0000][160][gc,age      ] GC(21) - age   4:    8830328 bytes,   12529920 total
[2022-04-29T01:18:33.306+0000][160][gc,phases   ] GC(21)   Pre Evacuate Collection Set: 0.5ms
[2022-04-29T01:18:33.307+0000][160][gc,phases   ] GC(21)   Merge Heap Roots: 0.5ms
[2022-04-29T01:18:33.309+0000][160][gc,phases   ] GC(21)   Evacuate Collection Set: 10.0ms
[2022-04-29T01:18:33.309+0000][160][gc,phases   ] GC(21)   Post Evacuate Collection Set: 1.0ms
[2022-04-29T01:18:33.310+0000][160][gc,phases   ] GC(21)   Other: 18.6ms
[2022-04-29T01:18:33.311+0000][160][gc,heap     ] GC(21) Eden regions: 70->0(72)
[2022-04-29T01:18:33.312+0000][160][gc,heap     ] GC(21) Survivor regions: 6->4(10)
[2022-04-29T01:18:33.313+0000][160][gc,heap     ] GC(21) Old regions: 16->18
[2022-04-29T01:18:33.313+0000][160][gc,heap     ] GC(21) Archive regions: 2->2
[2022-04-29T01:18:33.314+0000][160][gc,heap     ] GC(21) Humongous regions: 6->6
[2022-04-29T01:18:33.315+0000][160][gc,metaspace] GC(21) Metaspace: 111178K(112960K)->111178K(112960K) NonClass: 96071K(97088K)->96071K(97088K) Class: 15107K(15872K)->15107K(15872K)
[2022-04-29T01:18:33.316+0000][160][gc          ] GC(21) Pause Young (Normal) (G1 Evacuation Pause) 394M->112M(512M) 39.558ms
[2022-04-29T01:18:33.316+0000][160][gc,cpu      ] GC(21) User=0.04s Sys=0.00s Real=0.04s
[2022-04-29T01:18:33.317+0000][160][safepoint   ] Safepoint "G1CollectForAllocation", Time since last: 79889708 ns, Reaching safepoint: 147708 ns, At safepoint: 41103542 ns, Total: 41251250 ns
[2022-04-29T01:18:34.319+0000][160][safepoint   ] Safepoint "Cleanup", Time since last: 1001903709 ns, Reaching safepoint: 239583 ns, At safepoint: 4375 ns, Total: 243958 ns
[2022-04-29T01:18:35.322+0000][160][safepoint   ] Safepoint "Cleanup", Time since last: 1002602084 ns, Reaching safepoint: 157875 ns, At safepoint: 7958 ns, Total: 165833 ns
[2022-04-29T01:18:36.324+0000][160][safepoint   ] Safepoint "Cleanup", Time since last: 1001824293 ns, Reaching safepoint: 144583 ns, At safepoint: 3917 ns, Total: 148500 ns
[2022-04-29T01:18:38.335+0000][160][safepoint   ] Safepoint "Cleanup", Time since last: 2008294751 ns, Reaching safepoint: 2956916 ns, At safepoint: 26292 ns, Total: 2983208 ns
[2022-04-29T01:18:39.354+0000][160][safepoint   ] Safepoint "Cleanup", Time since last: 1018885625 ns, Reaching safepoint: 145500 ns, At safepoint: 9625 ns, Total: 155125 ns
[2022-04-29T01:18:40.356+0000][160][safepoint   ] Safepoint "Cleanup", Time since last: 1003083875 ns, Reaching safepoint: 121458 ns, At safepoint: 3125 ns, Total: 124583 ns
[2022-04-29T01:18:41.363+0000][160][safepoint   ] Safepoint "Cleanup", Time since last: 1006681167 ns, Reaching safepoint: 305375 ns, At safepoint: 5959 ns, Total: 311334 ns
[2022-04-29T01:18:42.368+0000][160][safepoint   ] Safepoint "Cleanup", Time since last: 1002485333 ns, Reaching safepoint: 3097084 ns, At safepoint: 18791 ns, Total: 3115875 ns
[2022-04-29T01:18:43.379+0000][160][safepoint   ] Safepoint "Cleanup", Time since last: 1010471918 ns, Reaching safepoint: 601083 ns, At safepoint: 9417 ns, Total: 610500 ns
[2022-04-29T01:18:45.388+0000][160][safepoint   ] Safepoint "Cleanup", Time since last: 2008306042 ns, Reaching safepoint: 296459 ns, At safepoint: 21833 ns, Total: 318292 ns
[2022-04-29T01:18:46.390+0000][160][safepoint   ] Safepoint "Cleanup", Time since last: 1001436959 ns, Reaching safepoint: 243666 ns, At safepoint: 5750 ns, Total: 249416 ns
[2022-04-29T01:18:47.399+0000][160][safepoint   ] Safepoint "Cleanup", Time since last: 1009215209 ns, Reaching safepoint: 317917 ns, At safepoint: 8333 ns, Total: 326250 ns
[2022-04-29T01:18:48.407+0000][160][safepoint   ] Safepoint "Cleanup", Time since last: 1007193251 ns, Reaching safepoint: 273375 ns, At safepoint: 10791 ns, Total: 284166 ns
[2022-04-29T01:18:49.410+0000][160][safepoint   ] Safepoint "Cleanup", Time since last: 1002380501 ns, Reaching safepoint: 638958 ns, At safepoint: 13542 ns, Total: 652500 ns
[2022-04-29T01:18:50.415+0000][160][safepoint   ] Safepoint "Cleanup", Time since last: 1004503250 ns, Reaching safepoint: 226875 ns, At safepoint: 5792 ns, Total: 232667 ns
[2022-04-29T01:18:51.416+0000][160][safepoint   ] Safepoint "Cleanup", Time since last: 1001476000 ns, Reaching safepoint: 71625 ns, At safepoint: 2084 ns, Total: 73709 ns
[2022-04-29T01:18:52.418+0000][160][safepoint   ] Safepoint "Cleanup", Time since last: 1001107750 ns, Reaching safepoint: 730417 ns, At safepoint: 13167 ns, Total: 743584 ns
[2022-04-29T01:18:53.424+0000][160][safepoint   ] Safepoint "Cleanup", Time since last: 1005387083 ns, Reaching safepoint: 721875 ns, At safepoint: 9875 ns, Total: 731750 ns
[2022-04-29T01:18:54.431+0000][160][safepoint   ] Safepoint "Cleanup", Time since last: 1006330376 ns, Reaching safepoint: 491458 ns, At safepoint: 8000 ns, Total: 499458 ns
[2022-04-29T01:18:56.437+0000][160][safepoint   ] Safepoint "Cleanup", Time since last: 2006055626 ns, Reaching safepoint: 338167 ns, At safepoint: 9667 ns, Total: 347834 ns
[2022-04-29T01:18:57.440+0000][160][safepoint   ] Safepoint "Cleanup", Time since last: 1002758292 ns, Reaching safepoint: 53208 ns, At safepoint: 2375 ns, Total: 55583 ns
[2022-04-29T01:18:58.442+0000][160][safepoint   ] Safepoint "Cleanup", Time since last: 1001528875 ns, Reaching safepoint: 109417 ns, At safepoint: 2792 ns, Total: 112209 ns
[2022-04-29T01:19:00.454+0000][160][safepoint   ] Safepoint "Cleanup", Time since last: 2012020876 ns, Reaching safepoint: 328625 ns, At safepoint: 11291 ns, Total: 339916 ns
[2022-04-29T01:19:01.471+0000][160][safepoint   ] Safepoint "Cleanup", Time since last: 1016886918 ns, Reaching safepoint: 289708 ns, At safepoint: 13208 ns, Total: 302916 ns
[2022-04-29T01:19:03.490+0000][160][safepoint   ] Safepoint "Cleanup", Time since last: 2018407960 ns, Reaching safepoint: 212083 ns, At safepoint: 55083 ns, Total: 267166 ns
[2022-04-29T01:19:04.492+0000][160][safepoint   ] Safepoint "Cleanup", Time since last: 1002230001 ns, Reaching safepoint: 107250 ns, At safepoint: 7375 ns, Total: 114625 ns
[2022-04-29T01:19:05.494+0000][160][safepoint   ] Safepoint "Cleanup", Time since last: 1001477459 ns, Reaching safepoint: 155083 ns, At safepoint: 4500 ns, Total: 159583 ns
[2022-04-29T01:19:06.496+0000][160][safepoint   ] Safepoint "Cleanup", Time since last: 1001868125 ns, Reaching safepoint: 575667 ns, At safepoint: 61875 ns, Total: 637542 ns
[2022-04-29T01:19:08.508+0000][160][safepoint   ] Safepoint "Cleanup", Time since last: 2011353876 ns, Reaching safepoint: 433125 ns, At safepoint: 11458 ns, Total: 444583 ns
[2022-04-29T01:19:09.516+0000][160][safepoint   ] Safepoint "Cleanup", Time since last: 1007609251 ns, Reaching safepoint: 255500 ns, At safepoint: 7833 ns, Total: 263333 ns
[2022-04-29T01:19:11.519+0000][160][safepoint   ] Safepoint "Cleanup", Time since last: 2003421209 ns, Reaching safepoint: 284083 ns, At safepoint: 4250 ns, Total: 288333 ns
[2022-04-29T01:19:12.521+0000][160][safepoint   ] Safepoint "Cleanup", Time since last: 1001550376 ns, Reaching safepoint: 809167 ns, At safepoint: 14500 ns, Total: 823667 ns
[2022-04-29T01:19:13.527+0000][160][safepoint   ] Safepoint "Cleanup", Time since last: 1005428458 ns, Reaching safepoint: 253917 ns, At safepoint: 12708 ns, Total: 266625 ns
[2022-04-29T01:19:15.533+0000][160][safepoint   ] Safepoint "Cleanup", Time since last: 2005549585 ns, Reaching safepoint: 243291 ns, At safepoint: 4542 ns, Total: 247833 ns
[2022-04-29T01:19:16.534+0000][160][safepoint   ] Safepoint "Cleanup", Time since last: 1001297875 ns, Reaching safepoint: 328667 ns, At safepoint: 14083 ns, Total: 342750 ns
[2022-04-29T01:19:17.536+0000][160][safepoint   ] Safepoint "Cleanup", Time since last: 1001419084 ns, Reaching safepoint: 626209 ns, At safepoint: 25375 ns, Total: 651584 ns
[2022-04-29T01:19:18.541+0000][160][safepoint   ] Safepoint "Cleanup", Time since last: 1004050417 ns, Reaching safepoint: 306875 ns, At safepoint: 7083 ns, Total: 313958 ns
[2022-04-29T01:19:21.548+0000][160][safepoint   ] Safepoint "Cleanup", Time since last: 3006774877 ns, Reaching safepoint: 110500 ns, At safepoint: 3083 ns, Total: 113583 ns
[2022-04-29T01:19:22.554+0000][160][safepoint   ] Safepoint "Cleanup", Time since last: 1006231417 ns, Reaching safepoint: 165917 ns, At safepoint: 4541 ns, Total: 170458 ns
[2022-04-29T01:19:23.556+0000][160][safepoint   ] Safepoint "Cleanup", Time since last: 1001413084 ns, Reaching safepoint: 462417 ns, At safepoint: 7291 ns, Total: 469708 ns
[2022-04-29T01:19:24.559+0000][160][safepoint   ] Safepoint "Cleanup", Time since last: 1003252584 ns, Reaching safepoint: 161959 ns, At safepoint: 5666 ns, Total: 167625 ns
[2022-04-29T01:19:26.566+0000][160][safepoint   ] Safepoint "Cleanup", Time since last: 2006526668 ns, Reaching safepoint: 296083 ns, At safepoint: 9209 ns, Total: 305292 ns
[2022-04-29T01:19:27.569+0000][160][safepoint   ] Safepoint "Cleanup", Time since last: 1002420458 ns, Reaching safepoint: 111417 ns, At safepoint: 4750 ns, Total: 116167 ns
[2022-04-29T01:19:28.572+0000][160][safepoint   ] Safepoint "Cleanup", Time since last: 1003395667 ns, Reaching safepoint: 269084 ns, At safepoint: 7625 ns, Total: 276709 ns
[2022-04-29T01:19:30.579+0000][160][safepoint   ] Safepoint "Cleanup", Time since last: 2006590042 ns, Reaching safepoint: 56833 ns, At safepoint: 1792 ns, Total: 58625 ns
[2022-04-29T01:19:31.580+0000][160][safepoint   ] Safepoint "Cleanup", Time since last: 1001108501 ns, Reaching safepoint: 120125 ns, At safepoint: 5333 ns, Total: 125458 ns
[2022-04-29T01:19:33.583+0000][160][safepoint   ] Safepoint "Cleanup", Time since last: 2002397209 ns, Reaching safepoint: 127750 ns, At safepoint: 4000 ns, Total: 131750 ns
[2022-04-29T01:19:34.700+0000][160][safepoint   ] Safepoint "Cleanup", Time since last: 1113104751 ns, Reaching safepoint: 4515375 ns, At safepoint: 15833 ns, Total: 4531208 ns
[2022-04-29T01:19:35.714+0000][160][safepoint   ] Safepoint "Cleanup", Time since last: 1012934959 ns, Reaching safepoint: 291250 ns, At safepoint: 7625 ns, Total: 298875 ns
[2022-04-29T01:19:36.716+0000][160][safepoint   ] Safepoint "Cleanup", Time since last: 1001563667 ns, Reaching safepoint: 333542 ns, At safepoint: 18041 ns, Total: 351583 ns
[2022-04-29T01:19:38.734+0000][160][safepoint   ] Safepoint "Cleanup", Time since last: 2018529710 ns, Reaching safepoint: 195458 ns, At safepoint: 6333 ns, Total: 201791 ns
[2022-04-29T01:19:39.742+0000][160][safepoint   ] Safepoint "Cleanup", Time since last: 1007355168 ns, Reaching safepoint: 111333 ns, At safepoint: 2667 ns, Total: 114000 ns
[2022-04-29T01:19:40.747+0000][160][safepoint   ] Safepoint "Cleanup", Time since last: 1004713374 ns, Reaching safepoint: 183750 ns, At safepoint: 5250 ns, Total: 189000 ns
[2022-04-29T01:19:42.753+0000][160][safepoint   ] Safepoint "Cleanup", Time since last: 2006062085 ns, Reaching safepoint: 673875 ns, At safepoint: 9416 ns, Total: 683291 ns
[2022-04-29T01:19:43.760+0000][160][safepoint   ] Safepoint "Cleanup", Time since last: 1005878292 ns, Reaching safepoint: 435750 ns, At safepoint: 14959 ns, Total: 450709 ns
[2022-04-29T01:19:45.767+0000][160][safepoint   ] Safepoint "Cleanup", Time since last: 2006980584 ns, Reaching safepoint: 165375 ns, At safepoint: 4458 ns, Total: 169833 ns
[2022-04-29T01:19:46.768+0000][160][safepoint   ] Safepoint "Cleanup", Time since last: 1000945209 ns, Reaching safepoint: 149334 ns, At safepoint: 5125 ns, Total: 154459 ns
[2022-04-29T01:19:48.776+0000][160][safepoint   ] Safepoint "Cleanup", Time since last: 2007367417 ns, Reaching safepoint: 741709 ns, At safepoint: 16708 ns, Total: 758417 ns
[2022-04-29T01:19:49.784+0000][160][safepoint   ] Safepoint "Cleanup", Time since last: 1007586209 ns, Reaching safepoint: 459583 ns, At safepoint: 11083 ns, Total: 470666 ns
[2022-04-29T01:19:50.792+0000][160][safepoint   ] Safepoint "Cleanup", Time since last: 1007319417 ns, Reaching safepoint: 783875 ns, At safepoint: 20292 ns, Total: 804167 ns
[2022-04-29T01:19:51.802+0000][160][safepoint   ] Safepoint "Cleanup", Time since last: 1009324667 ns, Reaching safepoint: 119375 ns, At safepoint: 3084 ns, Total: 122459 ns
[2022-04-29T01:19:52.034+0000][160][gc,start    ] GC(22) Pause Young (Normal) (G1 Evacuation Pause)
[2022-04-29T01:19:52.035+0000][160][gc,task     ] GC(22) Using 5 workers of 5 for evacuation
[2022-04-29T01:19:52.035+0000][160][gc,age      ] GC(22) Desired survivor size 20971520 bytes, new threshold 15 (max threshold 15)
[2022-04-29T01:19:52.041+0000][160][gc,age      ] GC(22) Age table with threshold 15 (max threshold 15)
[2022-04-29T01:19:52.042+0000][160][gc,age      ] GC(22) - age   1:    1622400 bytes,    1622400 total
[2022-04-29T01:19:52.043+0000][160][gc,age      ] GC(22) - age   2:     197576 bytes,    1819976 total
[2022-04-29T01:19:52.044+0000][160][gc,age      ] GC(22) - age   3:     781480 bytes,    2601456 total
[2022-04-29T01:19:52.046+0000][160][gc,age      ] GC(22) - age   4:    2205120 bytes,    4806576 total
[2022-04-29T01:19:52.046+0000][160][gc,age      ] GC(22) - age   5:    8830200 bytes,   13636776 total
[2022-04-29T01:19:52.047+0000][160][gc,phases   ] GC(22)   Pre Evacuate Collection Set: 0.1ms
[2022-04-29T01:19:52.049+0000][160][gc,phases   ] GC(22)   Merge Heap Roots: 0.1ms
[2022-04-29T01:19:52.050+0000][160][gc,phases   ] GC(22)   Evacuate Collection Set: 4.2ms
[2022-04-29T01:19:52.051+0000][160][gc,phases   ] GC(22)   Post Evacuate Collection Set: 0.8ms
[2022-04-29T01:19:52.052+0000][160][gc,phases   ] GC(22)   Other: 8.1ms
[2022-04-29T01:19:52.053+0000][160][gc,heap     ] GC(22) Eden regions: 72->0(72)
[2022-04-29T01:19:52.053+0000][160][gc,heap     ] GC(22) Survivor regions: 4->4(10)
[2022-04-29T01:19:52.054+0000][160][gc,heap     ] GC(22) Old regions: 18->18
[2022-04-29T01:19:52.055+0000][160][gc,heap     ] GC(22) Archive regions: 2->2
[2022-04-29T01:19:52.057+0000][160][gc,heap     ] GC(22) Humongous regions: 6->6
[2022-04-29T01:19:52.058+0000][160][gc,metaspace] GC(22) Metaspace: 111677K(113472K)->111677K(113472K) NonClass: 96570K(97600K)->96570K(97600K) Class: 15107K(15872K)->15107K(15872K)
[2022-04-29T01:19:52.059+0000][160][gc          ] GC(22) Pause Young (Normal) (G1 Evacuation Pause) 400M->113M(512M) 25.001ms
[2022-04-29T01:19:52.060+0000][160][gc,cpu      ] GC(22) User=0.01s Sys=0.00s Real=0.02s
[2022-04-29T01:19:52.061+0000][160][safepoint   ] Safepoint "G1CollectForAllocation", Time since last: 232307791 ns, Reaching safepoint: 170750 ns, At safepoint: 26747875 ns, Total: 26918625 ns
[2022-04-29T01:19:54.069+0000][160][safepoint   ] Safepoint "Cleanup", Time since last: 2007391418 ns, Reaching safepoint: 448333 ns, At safepoint: 14209 ns, Total: 462542 ns
[2022-04-29T01:19:55.076+0000][160][safepoint   ] Safepoint "Cleanup", Time since last: 1007264542 ns, Reaching safepoint: 272375 ns, At safepoint: 11250 ns, Total: 283625 ns
[2022-04-29T01:19:56.081+0000][160][safepoint   ] Safepoint "Cleanup", Time since last: 1004724959 ns, Reaching safepoint: 245583 ns, At safepoint: 17000 ns, Total: 262583 ns
[2022-04-29T01:19:58.093+0000][160][safepoint   ] Safepoint "Cleanup", Time since last: 2011042418 ns, Reaching safepoint: 309125 ns, At safepoint: 8625 ns, Total: 317750 ns
[2022-04-29T01:19:59.096+0000][160][safepoint   ] Safepoint "Cleanup", Time since last: 1002775667 ns, Reaching safepoint: 248583 ns, At safepoint: 6833 ns, Total: 255416 ns
[2022-04-29T01:20:00.102+0000][160][safepoint   ] Safepoint "Cleanup", Time since last: 1006393668 ns, Reaching safepoint: 195875 ns, At safepoint: 5625 ns, Total: 201500 ns
[2022-04-29T01:20:01.108+0000][160][safepoint   ] Safepoint "Cleanup", Time since last: 1005677750 ns, Reaching safepoint: 479375 ns, At safepoint: 8208 ns, Total: 487583 ns
[2022-04-29T01:20:03.124+0000][160][safepoint   ] Safepoint "Cleanup", Time since last: 2014509835 ns, Reaching safepoint: 703833 ns, At safepoint: 11958 ns, Total: 715791 ns
[2022-04-29T01:20:04.130+0000][160][safepoint   ] Safepoint "Cleanup", Time since last: 1005772834 ns, Reaching safepoint: 278500 ns, At safepoint: 10250 ns, Total: 288750 ns
[2022-04-29T01:20:05.136+0000][160][safepoint   ] Safepoint "Cleanup", Time since last: 1006138917 ns, Reaching safepoint: 193209 ns, At safepoint: 6416 ns, Total: 199625 ns
[2022-04-29T01:20:06.141+0000][160][safepoint   ] Safepoint "Cleanup", Time since last: 1004514834 ns, Reaching safepoint: 104875 ns, At safepoint: 4000 ns, Total: 108875 ns
[2022-04-29T01:20:07.146+0000][160][safepoint   ] Safepoint "Cleanup", Time since last: 1004587376 ns, Reaching safepoint: 251500 ns, At safepoint: 11625 ns, Total: 263125 ns
[2022-04-29T01:20:08.162+0000][160][safepoint   ] Safepoint "Cleanup", Time since last: 1016034000 ns, Reaching safepoint: 245708 ns, At safepoint: 7542 ns, Total: 253250 ns
[2022-04-29T01:20:09.169+0000][160][safepoint   ] Safepoint "Cleanup", Time since last: 1006827417 ns, Reaching safepoint: 284042 ns, At safepoint: 7750 ns, Total: 291792 ns
[2022-04-29T01:20:10.172+0000][160][safepoint   ] Safepoint "Cleanup", Time since last: 1003121084 ns, Reaching safepoint: 176208 ns, At safepoint: 4583 ns, Total: 180791 ns
[2022-04-29T01:20:11.174+0000][160][safepoint   ] Safepoint "Cleanup", Time since last: 1002350209 ns, Reaching safepoint: 1471083 ns, At safepoint: 7875 ns, Total: 1478958 ns
[2022-04-29T01:20:12.178+0000][160][safepoint   ] Safepoint "Cleanup", Time since last: 1004017334 ns, Reaching safepoint: 138416 ns, At safepoint: 7042 ns, Total: 145458 ns
[2022-04-29T01:20:12.287+0000][160][safepoint   ] Safepoint "ICBufferFull", Time since last: 107288458 ns, Reaching safepoint: 2307917 ns, At safepoint: 24792 ns, Total: 2332709 ns
[2022-04-29T01:20:12.310+0000][160][safepoint   ] Safepoint "ICBufferFull", Time since last: 21810000 ns, Reaching safepoint: 524625 ns, At safepoint: 27000 ns, Total: 551625 ns
[2022-04-29T01:20:12.402+0000][160][safepoint   ] Safepoint "ICBufferFull", Time since last: 91952666 ns, Reaching safepoint: 156250 ns, At safepoint: 11417 ns, Total: 167667 ns
[2022-04-29T01:20:13.189+0000][160][safepoint   ] Safepoint "ICBufferFull", Time since last: 786847376 ns, Reaching safepoint: 173166 ns, At safepoint: 4084 ns, Total: 177250 ns
[2022-04-29T01:20:13.448+0000][160][safepoint   ] Safepoint "ICBufferFull", Time since last: 258029625 ns, Reaching safepoint: 691916 ns, At safepoint: 20917 ns, Total: 712833 ns
[2022-04-29T01:20:13.449+0000][160][safepoint   ] Safepoint "ICBufferFull", Time since last: 833042 ns, Reaching safepoint: 89750 ns, At safepoint: 3208 ns, Total: 92958 ns
[2022-04-29T01:20:13.450+0000][160][safepoint   ] Safepoint "ICBufferFull", Time since last: 926875 ns, Reaching safepoint: 394417 ns, At safepoint: 4000 ns, Total: 398417 ns
[2022-04-29T01:20:14.451+0000][160][safepoint   ] Safepoint "Cleanup", Time since last: 1000836250 ns, Reaching safepoint: 152250 ns, At safepoint: 4917 ns, Total: 157167 ns
[2022-04-29T01:20:15.454+0000][160][safepoint   ] Safepoint "Cleanup", Time since last: 1002599709 ns, Reaching safepoint: 83250 ns, At safepoint: 2500 ns, Total: 85750 ns
[2022-04-29T01:20:16.456+0000][160][safepoint   ] Safepoint "Cleanup", Time since last: 1001376667 ns, Reaching safepoint: 644500 ns, At safepoint: 14166 ns, Total: 658666 ns
[2022-04-29T01:20:18.461+0000][160][safepoint   ] Safepoint "Cleanup", Time since last: 2004862960 ns, Reaching safepoint: 153708 ns, At safepoint: 3208 ns, Total: 156916 ns
[2022-04-29T01:20:19.463+0000][160][safepoint   ] Safepoint "Cleanup", Time since last: 1002353251 ns, Reaching safepoint: 181708 ns, At safepoint: 5334 ns, Total: 187042 ns
[2022-04-29T01:20:21.471+0000][160][safepoint   ] Safepoint "Cleanup", Time since last: 2007863375 ns, Reaching safepoint: 148500 ns, At safepoint: 5917 ns, Total: 154417 ns
[2022-04-29T01:20:23.477+0000][160][safepoint   ] Safepoint "Cleanup", Time since last: 2005501668 ns, Reaching safepoint: 276166 ns, At safepoint: 8209 ns, Total: 284375 ns
[2022-04-29T01:20:24.479+0000][160][safepoint   ] Safepoint "Cleanup", Time since last: 1002128459 ns, Reaching safepoint: 124125 ns, At safepoint: 25375 ns, Total: 149500 ns
[2022-04-29T01:20:25.480+0000][160][safepoint   ] Safepoint "Cleanup", Time since last: 1000799917 ns, Reaching safepoint: 102791 ns, At safepoint: 3834 ns, Total: 106625 ns
[2022-04-29T01:20:26.484+0000][160][safepoint   ] Safepoint "Cleanup", Time since last: 1003875834 ns, Reaching safepoint: 318875 ns, At safepoint: 20458 ns, Total: 339333 ns
[2022-04-29T01:20:27.488+0000][160][safepoint   ] Safepoint "Cleanup", Time since last: 1003371459 ns, Reaching safepoint: 43166 ns, At safepoint: 1625 ns, Total: 44791 ns
[2022-04-29T01:20:28.508+0000][160][safepoint   ] Safepoint "Cleanup", Time since last: 1019146167 ns, Reaching safepoint: 488750 ns, At safepoint: 9750 ns, Total: 498500 ns
[2022-04-29T01:20:30.528+0000][160][safepoint   ] Safepoint "Cleanup", Time since last: 2017838251 ns, Reaching safepoint: 2174584 ns, At safepoint: 19458 ns, Total: 2194042 ns
[2022-04-29T01:20:31.530+0000][160][safepoint   ] Safepoint "Cleanup", Time since last: 1002012001 ns, Reaching safepoint: 297166 ns, At safepoint: 8292 ns, Total: 305458 ns
[2022-04-29T01:20:33.534+0000][160][safepoint   ] Safepoint "Cleanup", Time since last: 2003555043 ns, Reaching safepoint: 71625 ns, At safepoint: 3500 ns, Total: 75125 ns
[2022-04-29T01:20:34.534+0000][160][safepoint   ] Safepoint "Cleanup", Time since last: 1000866458 ns, Reaching safepoint: 102667 ns, At safepoint: 4083 ns, Total: 106750 ns
[2022-04-29T01:20:35.536+0000][160][safepoint   ] Safepoint "Cleanup", Time since last: 1001006543 ns, Reaching safepoint: 146958 ns, At safepoint: 8333 ns, Total: 155291 ns
[2022-04-29T01:20:36.536+0000][160][safepoint   ] Safepoint "Cleanup", Time since last: 1000730542 ns, Reaching safepoint: 75250 ns, At safepoint: 2875 ns, Total: 78125 ns
[2022-04-29T01:20:37.542+0000][160][safepoint   ] Safepoint "Cleanup", Time since last: 1005720542 ns, Reaching safepoint: 296917 ns, At safepoint: 6333 ns, Total: 303250 ns
[2022-04-29T01:20:38.552+0000][160][safepoint   ] Safepoint "Cleanup", Time since last: 1009080959 ns, Reaching safepoint: 158334 ns, At safepoint: 8500 ns, Total: 166834 ns
[2022-04-29T01:20:39.559+0000][160][safepoint   ] Safepoint "Cleanup", Time since last: 1007074708 ns, Reaching safepoint: 65667 ns, At safepoint: 2500 ns, Total: 68167 ns
[2022-04-29T01:20:40.562+0000][160][safepoint   ] Safepoint "Cleanup", Time since last: 1003768958 ns, Reaching safepoint: 333667 ns, At safepoint: 17708 ns, Total: 351375 ns
[2022-04-29T01:20:41.567+0000][160][safepoint   ] Safepoint "Cleanup", Time since last: 1004955042 ns, Reaching safepoint: 327875 ns, At safepoint: 11625 ns, Total: 339500 ns
[2022-04-29T01:20:42.572+0000][160][safepoint   ] Safepoint "Cleanup", Time since last: 1004703292 ns, Reaching safepoint: 58375 ns, At safepoint: 1959 ns, Total: 60334 ns
[2022-04-29T01:20:42.659+0000][160][gc,start    ] GC(23) Pause Young (Normal) (G1 Evacuation Pause)
[2022-04-29T01:20:42.659+0000][160][gc,task     ] GC(23) Using 5 workers of 5 for evacuation
[2022-04-29T01:20:42.660+0000][160][gc,age      ] GC(23) Desired survivor size 20971520 bytes, new threshold 15 (max threshold 15)
[2022-04-29T01:20:42.668+0000][160][gc,age      ] GC(23) Age table with threshold 15 (max threshold 15)
[2022-04-29T01:20:42.669+0000][160][gc,age      ] GC(23) - age   1:    2535120 bytes,    2535120 total
[2022-04-29T01:20:42.670+0000][160][gc,age      ] GC(23) - age   2:      64960 bytes,    2600080 total
[2022-04-29T01:20:42.671+0000][160][gc,age      ] GC(23) - age   3:     148144 bytes,    2748224 total
[2022-04-29T01:20:42.672+0000][160][gc,age      ] GC(23) - age   4:     570624 bytes,    3318848 total
[2022-04-29T01:20:42.673+0000][160][gc,age      ] GC(23) - age   5:    2192472 bytes,    5511320 total
[2022-04-29T01:20:42.674+0000][160][gc,age      ] GC(23) - age   6:    8786688 bytes,   14298008 total
[2022-04-29T01:20:42.675+0000][160][gc,phases   ] GC(23)   Pre Evacuate Collection Set: 0.2ms
[2022-04-29T01:20:42.677+0000][160][gc,phases   ] GC(23)   Merge Heap Roots: 0.1ms
[2022-04-29T01:20:42.677+0000][160][gc,phases   ] GC(23)   Evacuate Collection Set: 6.5ms
[2022-04-29T01:20:42.678+0000][160][gc,phases   ] GC(23)   Post Evacuate Collection Set: 1.0ms
[2022-04-29T01:20:42.679+0000][160][gc,phases   ] GC(23)   Other: 8.6ms
[2022-04-29T01:20:42.679+0000][160][gc,heap     ] GC(23) Eden regions: 72->0(72)
[2022-04-29T01:20:42.680+0000][160][gc,heap     ] GC(23) Survivor regions: 4->4(10)
[2022-04-29T01:20:42.681+0000][160][gc,heap     ] GC(23) Old regions: 18->18
[2022-04-29T01:20:42.682+0000][160][gc,heap     ] GC(23) Archive regions: 2->2
[2022-04-29T01:20:42.683+0000][160][gc,heap     ] GC(23) Humongous regions: 6->6
[2022-04-29T01:20:42.684+0000][160][gc,metaspace] GC(23) Metaspace: 113947K(115648K)->113947K(115648K) NonClass: 98517K(99520K)->98517K(99520K) Class: 15429K(16128K)->15429K(16128K)
[2022-04-29T01:20:42.684+0000][160][gc          ] GC(23) Pause Young (Normal) (G1 Evacuation Pause) 401M->113M(512M) 25.676ms
[2022-04-29T01:20:42.685+0000][160][gc,cpu      ] GC(23) User=0.02s Sys=0.00s Real=0.02s
[2022-04-29T01:20:42.686+0000][160][safepoint   ] Safepoint "G1CollectForAllocation", Time since last: 86636916 ns, Reaching safepoint: 63500 ns, At safepoint: 27316292 ns, Total: 27379792 ns
[2022-04-29T01:20:43.690+0000][160][safepoint   ] Safepoint "Cleanup", Time since last: 1003758709 ns, Reaching safepoint: 179083 ns, At safepoint: 5917 ns, Total: 185000 ns
[2022-04-29T01:20:45.694+0000][160][safepoint   ] Safepoint "Cleanup", Time since last: 2004210417 ns, Reaching safepoint: 154334 ns, At safepoint: 6958 ns, Total: 161292 ns
[2022-04-29T01:20:46.698+0000][160][safepoint   ] Safepoint "Cleanup", Time since last: 1002950042 ns, Reaching safepoint: 307042 ns, At safepoint: 13167 ns, Total: 320209 ns
[2022-04-29T01:20:48.708+0000][160][safepoint   ] Safepoint "Cleanup", Time since last: 2009849292 ns, Reaching safepoint: 510583 ns, At safepoint: 12959 ns, Total: 523542 ns
[2022-04-29T01:20:50.713+0000][160][safepoint   ] Safepoint "Cleanup", Time since last: 2003654209 ns, Reaching safepoint: 989833 ns, At safepoint: 9084 ns, Total: 998917 ns
[2022-04-29T01:20:51.717+0000][160][safepoint   ] Safepoint "Cleanup", Time since last: 1004662500 ns, Reaching safepoint: 85542 ns, At safepoint: 3958 ns, Total: 89500 ns
[2022-04-29T01:20:52.720+0000][160][safepoint   ] Safepoint "Cleanup", Time since last: 1002207584 ns, Reaching safepoint: 382500 ns, At safepoint: 6833 ns, Total: 389333 ns
[2022-04-29T01:20:53.726+0000][160][safepoint   ] Safepoint "Cleanup", Time since last: 1006317209 ns, Reaching safepoint: 71709 ns, At safepoint: 2916 ns, Total: 74625 ns
[2022-04-29T01:20:54.730+0000][160][safepoint   ] Safepoint "Cleanup", Time since last: 1003338042 ns, Reaching safepoint: 238084 ns, At safepoint: 4125 ns, Total: 242209 ns
[2022-04-29T01:20:55.731+0000][160][safepoint   ] Safepoint "Cleanup", Time since last: 1001110000 ns, Reaching safepoint: 137167 ns, At safepoint: 3292 ns, Total: 140459 ns
[2022-04-29T01:20:56.735+0000][160][safepoint   ] Safepoint "Cleanup", Time since last: 1003646417 ns, Reaching safepoint: 288541 ns, At safepoint: 7875 ns, Total: 296416 ns
[2022-04-29T01:20:58.453+0000][160][safepoint   ] Safepoint "Cleanup", Time since last: 1717041209 ns, Reaching safepoint: 438209 ns, At safepoint: 8125 ns, Total: 446334 ns
[2022-04-29T01:21:00.481+0000][160][safepoint   ] Safepoint "Cleanup", Time since last: 2027930376 ns, Reaching safepoint: 325375 ns, At safepoint: 6416 ns, Total: 331791 ns
[2022-04-29T01:21:01.483+0000][160][safepoint   ] Safepoint "Cleanup", Time since last: 1001391959 ns, Reaching safepoint: 183417 ns, At safepoint: 15292 ns, Total: 198709 ns
[2022-04-29T01:21:03.484+0000][160][safepoint   ] Safepoint "Cleanup", Time since last: 2001866959 ns, Reaching safepoint: 94250 ns, At safepoint: 3833 ns, Total: 98083 ns
[2022-04-29T01:21:04.819+0000][160][safepoint   ] Safepoint "Cleanup", Time since last: 1334289168 ns, Reaching safepoint: 386875 ns, At safepoint: 8541 ns, Total: 395416 ns
[2022-04-29T01:21:05.825+0000][160][safepoint   ] Safepoint "Cleanup", Time since last: 1004682709 ns, Reaching safepoint: 995333 ns, At safepoint: 13167 ns, Total: 1008500 ns
[2022-04-29T01:21:06.830+0000][160][safepoint   ] Safepoint "Cleanup", Time since last: 1005436417 ns, Reaching safepoint: 81833 ns, At safepoint: 2375 ns, Total: 84208 ns
[2022-04-29T01:21:07.832+0000][160][safepoint   ] Safepoint "Cleanup", Time since last: 1001170001 ns, Reaching safepoint: 90333 ns, At safepoint: 2417 ns, Total: 92750 ns
[2022-04-29T01:21:08.834+0000][160][safepoint   ] Safepoint "Cleanup", Time since last: 1001356459 ns, Reaching safepoint: 1272000 ns, At safepoint: 9458 ns, Total: 1281458 ns
[2022-04-29T01:21:09.843+0000][160][safepoint   ] Safepoint "Cleanup", Time since last: 1008147209 ns, Reaching safepoint: 147833 ns, At safepoint: 2959 ns, Total: 150792 ns
[2022-04-29T01:21:10.847+0000][160][safepoint   ] Safepoint "Cleanup", Time since last: 1003480666 ns, Reaching safepoint: 151791 ns, At safepoint: 5875 ns, Total: 157666 ns
[2022-04-29T01:21:12.862+0000][160][safepoint   ] Safepoint "Cleanup", Time since last: 2014288668 ns, Reaching safepoint: 242708 ns, At safepoint: 6875 ns, Total: 249583 ns
[2022-04-29T01:21:13.865+0000][160][safepoint   ] Safepoint "Cleanup", Time since last: 1003087834 ns, Reaching safepoint: 138042 ns, At safepoint: 6417 ns, Total: 144459 ns
[2022-04-29T01:21:15.885+0000][160][safepoint   ] Safepoint "Cleanup", Time since last: 2019953209 ns, Reaching safepoint: 219791 ns, At safepoint: 5542 ns, Total: 225333 ns
[2022-04-29T01:21:16.897+0000][160][safepoint   ] Safepoint "Cleanup", Time since last: 1011398876 ns, Reaching safepoint: 71625 ns, At safepoint: 2458 ns, Total: 74083 ns
[2022-04-29T01:21:18.913+0000][160][safepoint   ] Safepoint "Cleanup", Time since last: 2016543001 ns, Reaching safepoint: 168542 ns, At safepoint: 5500 ns, Total: 174042 ns
[2022-04-29T01:21:20.925+0000][160][safepoint   ] Safepoint "Cleanup", Time since last: 2011124542 ns, Reaching safepoint: 334500 ns, At safepoint: 12625 ns, Total: 347125 ns
[2022-04-29T01:21:21.934+0000][160][safepoint   ] Safepoint "Cleanup", Time since last: 1004772834 ns, Reaching safepoint: 3915417 ns, At safepoint: 19875 ns, Total: 3935292 ns
[2022-04-29T01:21:22.956+0000][160][safepoint   ] Safepoint "Cleanup", Time since last: 1022248334 ns, Reaching safepoint: 423875 ns, At safepoint: 14833 ns, Total: 438708 ns
[2022-04-29T01:21:23.973+0000][160][safepoint   ] Safepoint "Cleanup", Time since last: 1016533750 ns, Reaching safepoint: 420834 ns, At safepoint: 15375 ns, Total: 436209 ns
[2022-04-29T01:21:24.980+0000][160][safepoint   ] Safepoint "Cleanup", Time since last: 1006859833 ns, Reaching safepoint: 329500 ns, At safepoint: 12834 ns, Total: 342334 ns
[2022-04-29T01:21:25.982+0000][160][safepoint   ] Safepoint "Cleanup", Time since last: 1001739417 ns, Reaching safepoint: 213792 ns, At safepoint: 6125 ns, Total: 219917 ns
[2022-04-29T01:21:27.986+0000][160][safepoint   ] Safepoint "Cleanup", Time since last: 2002865876 ns, Reaching safepoint: 220833 ns, At safepoint: 5875 ns, Total: 226708 ns
[2022-04-29T01:21:28.992+0000][160][safepoint   ] Safepoint "Cleanup", Time since last: 1005787625 ns, Reaching safepoint: 653834 ns, At safepoint: 20125 ns, Total: 673959 ns
[2022-04-29T01:21:30.755+0000][160][safepoint   ] Safepoint "Cleanup", Time since last: 1763393376 ns, Reaching safepoint: 77125 ns, At safepoint: 4041 ns, Total: 81166 ns
[2022-04-29T01:21:31.757+0000][160][safepoint   ] Safepoint "Cleanup", Time since last: 1000991667 ns, Reaching safepoint: 233459 ns, At safepoint: 12000 ns, Total: 245459 ns
[2022-04-29T01:21:33.760+0000][160][safepoint   ] Safepoint "Cleanup", Time since last: 2003074334 ns, Reaching safepoint: 212667 ns, At safepoint: 5166 ns, Total: 217833 ns
[2022-04-29T01:21:35.774+0000][160][safepoint   ] Safepoint "Cleanup", Time since last: 2014151460 ns, Reaching safepoint: 273458 ns, At safepoint: 6417 ns, Total: 279875 ns
[2022-04-29T01:21:36.776+0000][160][safepoint   ] Safepoint "Cleanup", Time since last: 1001470750 ns, Reaching safepoint: 216542 ns, At safepoint: 4583 ns, Total: 221125 ns
[2022-04-29T01:21:37.784+0000][160][safepoint   ] Safepoint "Cleanup", Time since last: 1008093084 ns, Reaching safepoint: 94458 ns, At safepoint: 2417 ns, Total: 96875 ns
[2022-04-29T01:21:38.789+0000][160][safepoint   ] Safepoint "Cleanup", Time since last: 1004648584 ns, Reaching safepoint: 439791 ns, At safepoint: 14292 ns, Total: 454083 ns
[2022-04-29T01:21:39.774+0000][160][gc,start    ] GC(24) Pause Young (Normal) (G1 Evacuation Pause)
[2022-04-29T01:21:39.774+0000][160][gc,task     ] GC(24) Using 5 workers of 5 for evacuation
[2022-04-29T01:21:39.775+0000][160][gc,age      ] GC(24) Desired survivor size 20971520 bytes, new threshold 15 (max threshold 15)
[2022-04-29T01:21:39.783+0000][160][gc,age      ] GC(24) Age table with threshold 15 (max threshold 15)
[2022-04-29T01:21:39.786+0000][160][gc,age      ] GC(24) - age   1:    1874360 bytes,    1874360 total
[2022-04-29T01:21:39.788+0000][160][gc,age      ] GC(24) - age   2:    1523200 bytes,    3397560 total
[2022-04-29T01:21:39.789+0000][160][gc,age      ] GC(24) - age   3:      63144 bytes,    3460704 total
[2022-04-29T01:21:39.789+0000][160][gc,age      ] GC(24) - age   4:     148080 bytes,    3608784 total
[2022-04-29T01:21:39.790+0000][160][gc,age      ] GC(24) - age   5:     570544 bytes,    4179328 total
[2022-04-29T01:21:39.791+0000][160][gc,age      ] GC(24) - age   6:    1898560 bytes,    6077888 total
[2022-04-29T01:21:39.792+0000][160][gc,age      ] GC(24) - age   7:    8715352 bytes,   14793240 total
[2022-04-29T01:21:39.793+0000][160][gc,phases   ] GC(24)   Pre Evacuate Collection Set: 0.1ms
[2022-04-29T01:21:39.794+0000][160][gc,phases   ] GC(24)   Merge Heap Roots: 0.1ms
[2022-04-29T01:21:39.795+0000][160][gc,phases   ] GC(24)   Evacuate Collection Set: 5.6ms
[2022-04-29T01:21:39.796+0000][160][gc,phases   ] GC(24)   Post Evacuate Collection Set: 1.3ms
[2022-04-29T01:21:39.796+0000][160][gc,phases   ] GC(24)   Other: 12.8ms
[2022-04-29T01:21:39.797+0000][160][gc,heap     ] GC(24) Eden regions: 72->0(72)
[2022-04-29T01:21:39.798+0000][160][gc,heap     ] GC(24) Survivor regions: 4->4(10)
[2022-04-29T01:21:39.799+0000][160][gc,heap     ] GC(24) Old regions: 18->18
[2022-04-29T01:21:39.800+0000][160][gc,heap     ] GC(24) Archive regions: 2->2
[2022-04-29T01:21:39.801+0000][160][gc,heap     ] GC(24) Humongous regions: 6->6
[2022-04-29T01:21:39.802+0000][160][gc,metaspace] GC(24) Metaspace: 114225K(115904K)->114225K(115904K) NonClass: 98795K(99776K)->98795K(99776K) Class: 15430K(16128K)->15430K(16128K)
[2022-04-29T01:21:39.803+0000][160][gc          ] GC(24) Pause Young (Normal) (G1 Evacuation Pause) 401M->114M(512M) 29.805ms
[2022-04-29T01:21:39.804+0000][160][gc,cpu      ] GC(24) User=0.02s Sys=0.00s Real=0.03s
[2022-04-29T01:21:39.805+0000][160][safepoint   ] Safepoint "G1CollectForAllocation", Time since last: 983974834 ns, Reaching safepoint: 55083 ns, At safepoint: 31485750 ns, Total: 31540833 ns
[2022-04-29T01:21:40.826+0000][160][safepoint   ] Safepoint "Cleanup", Time since last: 1001182167 ns, Reaching safepoint: 727208 ns, At safepoint: 40750 ns, Total: 767958 ns
[2022-04-29T01:21:41.829+0000][160][safepoint   ] Safepoint "Cleanup", Time since last: 1002349042 ns, Reaching safepoint: 356917 ns, At safepoint: 10875 ns, Total: 367792 ns
[2022-04-29T01:21:42.836+0000][160][safepoint   ] Safepoint "Cleanup", Time since last: 1007107542 ns, Reaching safepoint: 87708 ns, At safepoint: 3334 ns, Total: 91042 ns
[2022-04-29T01:21:43.846+0000][160][safepoint   ] Safepoint "Cleanup", Time since last: 1008807750 ns, Reaching safepoint: 796333 ns, At safepoint: 44625 ns, Total: 840958 ns
[2022-04-29T01:21:45.852+0000][160][safepoint   ] Safepoint "Cleanup", Time since last: 2006016043 ns, Reaching safepoint: 550208 ns, At safepoint: 13709 ns, Total: 563917 ns
[2022-04-29T01:21:48.864+0000][160][safepoint   ] Safepoint "Cleanup", Time since last: 3011077251 ns, Reaching safepoint: 187042 ns, At safepoint: 8542 ns, Total: 195584 ns
[2022-04-29T01:21:49.870+0000][160][safepoint   ] Safepoint "Cleanup", Time since last: 1006170625 ns, Reaching safepoint: 143292 ns, At safepoint: 3958 ns, Total: 147250 ns
[2022-04-29T01:21:50.872+0000][160][safepoint   ] Safepoint "Cleanup", Time since last: 1001997501 ns, Reaching safepoint: 115458 ns, At safepoint: 4750 ns, Total: 120208 ns
[2022-04-29T01:21:51.878+0000][160][safepoint   ] Safepoint "Cleanup", Time since last: 1005417084 ns, Reaching safepoint: 183208 ns, At safepoint: 5625 ns, Total: 188833 ns
[2022-04-29T01:21:52.879+0000][160][safepoint   ] Safepoint "Cleanup", Time since last: 1001308292 ns, Reaching safepoint: 225417 ns, At safepoint: 7250 ns, Total: 232667 ns
[2022-04-29T01:21:53.889+0000][160][safepoint   ] Safepoint "Cleanup", Time since last: 1009567042 ns, Reaching safepoint: 138458 ns, At safepoint: 5875 ns, Total: 144333 ns
[2022-04-29T01:21:54.894+0000][160][safepoint   ] Safepoint "Cleanup", Time since last: 1004721917 ns, Reaching safepoint: 355625 ns, At safepoint: 10167 ns, Total: 365792 ns
[2022-04-29T01:21:55.896+0000][160][safepoint   ] Safepoint "Cleanup", Time since last: 1001941459 ns, Reaching safepoint: 124833 ns, At safepoint: 4750 ns, Total: 129583 ns
[2022-04-29T01:21:57.902+0000][160][safepoint   ] Safepoint "Cleanup", Time since last: 2004700376 ns, Reaching safepoint: 721167 ns, At safepoint: 14583 ns, Total: 735750 ns
[2022-04-29T01:21:58.917+0000][160][safepoint   ] Safepoint "Cleanup", Time since last: 1015386959 ns, Reaching safepoint: 457958 ns, At safepoint: 14750 ns, Total: 472708 ns
[2022-04-29T01:22:00.930+0000][160][safepoint   ] Safepoint "Cleanup", Time since last: 2012299043 ns, Reaching safepoint: 294458 ns, At safepoint: 6542 ns, Total: 301000 ns
[2022-04-29T01:22:03.939+0000][160][safepoint   ] Safepoint "Cleanup", Time since last: 3008846543 ns, Reaching safepoint: 119208 ns, At safepoint: 4334 ns, Total: 123542 ns
[2022-04-29T01:22:05.950+0000][160][safepoint   ] Safepoint "Cleanup", Time since last: 2010236334 ns, Reaching safepoint: 333625 ns, At safepoint: 13750 ns, Total: 347375 ns
[2022-04-29T01:22:06.960+0000][160][safepoint   ] Safepoint "Cleanup", Time since last: 1010593501 ns, Reaching safepoint: 180583 ns, At safepoint: 9208 ns, Total: 189791 ns
[2022-04-29T01:22:08.968+0000][160][safepoint   ] Safepoint "Cleanup", Time since last: 2007574043 ns, Reaching safepoint: 320041 ns, At safepoint: 26875 ns, Total: 346916 ns
[2022-04-29T01:22:09.992+0000][160][safepoint   ] Safepoint "Cleanup", Time since last: 1008651251 ns, Reaching safepoint: 15315458 ns, At safepoint: 42084 ns, Total: 15357542 ns
[2022-04-29T01:23:43.481+0000][160][safepoint   ] Safepoint "Cleanup", Time since last: 1005414457 ns, Reaching safepoint: 208750 ns, At safepoint: 7875 ns, Total: 216625 ns
[2022-04-29T01:23:45.489+0000][160][safepoint   ] Safepoint "Cleanup", Time since last: 2007684460 ns, Reaching safepoint: 210041 ns, At safepoint: 6209 ns, Total: 216250 ns
[2022-04-29T01:23:46.491+0000][160][safepoint   ] Safepoint "Cleanup", Time since last: 1001950417 ns, Reaching safepoint: 95083 ns, At safepoint: 4417 ns, Total: 99500 ns
[2022-04-29T01:23:47.495+0000][160][safepoint   ] Safepoint "Cleanup", Time since last: 1003220875 ns, Reaching safepoint: 398542 ns, At safepoint: 12875 ns, Total: 411417 ns
[2022-04-29T01:23:48.512+0000][160][safepoint   ] Safepoint "Cleanup", Time since last: 1017568042 ns, Reaching safepoint: 308042 ns, At safepoint: 9875 ns, Total: 317917 ns
[2022-04-29T01:23:51.517+0000][160][safepoint   ] Safepoint "Cleanup", Time since last: 3004448626 ns, Reaching safepoint: 324250 ns, At safepoint: 6625 ns, Total: 330875 ns
[2022-04-29T01:23:53.522+0000][160][safepoint   ] Safepoint "Cleanup", Time since last: 2004200210 ns, Reaching safepoint: 134916 ns, At safepoint: 5500 ns, Total: 140416 ns
[2022-04-29T01:23:54.523+0000][160][safepoint   ] Safepoint "Cleanup", Time since last: 1001170417 ns, Reaching safepoint: 703375 ns, At safepoint: 7250 ns, Total: 710625 ns
[2022-04-29T01:23:56.540+0000][160][safepoint   ] Safepoint "Cleanup", Time since last: 2016016335 ns, Reaching safepoint: 323666 ns, At safepoint: 10334 ns, Total: 334000 ns
[2022-04-29T01:23:57.546+0000][160][safepoint   ] Safepoint "Cleanup", Time since last: 1006566042 ns, Reaching safepoint: 125333 ns, At safepoint: 4250 ns, Total: 129583 ns
[2022-04-29T01:23:58.550+0000][160][safepoint   ] Safepoint "Cleanup", Time since last: 1003055501 ns, Reaching safepoint: 227625 ns, At safepoint: 8250 ns, Total: 235875 ns
[2022-04-29T01:24:00.558+0000][160][safepoint   ] Safepoint "Cleanup", Time since last: 2007694542 ns, Reaching safepoint: 412000 ns, At safepoint: 10084 ns, Total: 422084 ns
[2022-04-29T01:24:01.567+0000][160][safepoint   ] Safepoint "Cleanup", Time since last: 1008993042 ns, Reaching safepoint: 189625 ns, At safepoint: 8250 ns, Total: 197875 ns
[2022-04-29T01:24:03.576+0000][160][safepoint   ] Safepoint "Cleanup", Time since last: 2008820042 ns, Reaching safepoint: 197417 ns, At safepoint: 7417 ns, Total: 204834 ns
[2022-04-29T01:24:06.580+0000][160][safepoint   ] Safepoint "Cleanup", Time since last: 3003767459 ns, Reaching safepoint: 165750 ns, At safepoint: 5792 ns, Total: 171542 ns
[2022-04-29T01:24:08.591+0000][160][safepoint   ] Safepoint "Cleanup", Time since last: 2010200251 ns, Reaching safepoint: 572083 ns, At safepoint: 14250 ns, Total: 586333 ns
[2022-04-29T01:24:09.602+0000][160][safepoint   ] Safepoint "Cleanup", Time since last: 1011159168 ns, Reaching safepoint: 140750 ns, At safepoint: 11125 ns, Total: 151875 ns
[2022-04-29T01:24:11.605+0000][160][safepoint   ] Safepoint "Cleanup", Time since last: 2002742209 ns, Reaching safepoint: 349417 ns, At safepoint: 13708 ns, Total: 363125 ns
[2022-04-29T01:24:12.614+0000][160][safepoint   ] Safepoint "Cleanup", Time since last: 1008886500 ns, Reaching safepoint: 276500 ns, At safepoint: 13875 ns, Total: 290375 ns
[2022-04-29T01:24:13.626+0000][160][safepoint   ] Safepoint "Cleanup", Time since last: 1014447084 ns, Reaching safepoint: 361666 ns, At safepoint: 9667 ns, Total: 371333 ns
[2022-04-29T01:24:15.639+0000][160][safepoint   ] Safepoint "Cleanup", Time since last: 2012131209 ns, Reaching safepoint: 614292 ns, At safepoint: 12416 ns, Total: 626708 ns
[2022-04-29T01:24:16.647+0000][160][safepoint   ] Safepoint "Cleanup", Time since last: 1007858084 ns, Reaching safepoint: 426750 ns, At safepoint: 9959 ns, Total: 436709 ns
[2022-04-29T01:24:18.665+0000][160][safepoint   ] Safepoint "Cleanup", Time since last: 2017465667 ns, Reaching safepoint: 417167 ns, At safepoint: 19167 ns, Total: 436334 ns
[2022-04-29T01:24:21.683+0000][160][safepoint   ] Safepoint "Cleanup", Time since last: 3017087501 ns, Reaching safepoint: 207458 ns, At safepoint: 6459 ns, Total: 213917 ns
[2022-04-29T01:24:22.260+0000][160][gc,start    ] GC(25) Pause Young (Normal) (G1 Evacuation Pause)
[2022-04-29T01:24:22.260+0000][160][gc,task     ] GC(25) Using 5 workers of 5 for evacuation
[2022-04-29T01:24:22.261+0000][160][gc,age      ] GC(25) Desired survivor size 20971520 bytes, new threshold 15 (max threshold 15)
[2022-04-29T01:24:22.268+0000][160][gc,age      ] GC(25) Age table with threshold 15 (max threshold 15)
[2022-04-29T01:24:22.268+0000][160][gc,age      ] GC(25) - age   1:    1158864 bytes,    1158864 total
[2022-04-29T01:24:22.270+0000][160][gc,age      ] GC(25) - age   2:     107456 bytes,    1266320 total
[2022-04-29T01:24:22.270+0000][160][gc,age      ] GC(25) - age   3:    1403816 bytes,    2670136 total
[2022-04-29T01:24:22.271+0000][160][gc,age      ] GC(25) - age   4:      63048 bytes,    2733184 total
[2022-04-29T01:24:22.272+0000][160][gc,age      ] GC(25) - age   5:     148016 bytes,    2881200 total
[2022-04-29T01:24:22.272+0000][160][gc,age      ] GC(25) - age   6:     568640 bytes,    3449840 total
[2022-04-29T01:24:22.275+0000][160][gc,age      ] GC(25) - age   7:    1897928 bytes,    5347768 total
[2022-04-29T01:24:22.278+0000][160][gc,age      ] GC(25) - age   8:    8715352 bytes,   14063120 total
[2022-04-29T01:24:22.279+0000][160][gc,phases   ] GC(25)   Pre Evacuate Collection Set: 0.2ms
[2022-04-29T01:24:22.280+0000][160][gc,phases   ] GC(25)   Merge Heap Roots: 0.2ms
[2022-04-29T01:24:22.280+0000][160][gc,phases   ] GC(25)   Evacuate Collection Set: 4.9ms
[2022-04-29T01:24:22.281+0000][160][gc,phases   ] GC(25)   Post Evacuate Collection Set: 1.1ms
[2022-04-29T01:24:22.282+0000][160][gc,phases   ] GC(25)   Other: 12.8ms
[2022-04-29T01:24:22.282+0000][160][gc,heap     ] GC(25) Eden regions: 72->0(72)
[2022-04-29T01:24:22.283+0000][160][gc,heap     ] GC(25) Survivor regions: 4->4(10)
[2022-04-29T01:24:22.283+0000][160][gc,heap     ] GC(25) Old regions: 18->18
[2022-04-29T01:24:22.285+0000][160][gc,heap     ] GC(25) Archive regions: 2->2
[2022-04-29T01:24:22.285+0000][160][gc,heap     ] GC(25) Humongous regions: 6->6
[2022-04-29T01:24:22.286+0000][160][gc,metaspace] GC(25) Metaspace: 114560K(116288K)->114560K(116288K) NonClass: 99127K(100160K)->99127K(100160K) Class: 15432K(16128K)->15432K(16128K)
[2022-04-29T01:24:22.286+0000][160][gc          ] GC(25) Pause Young (Normal) (G1 Evacuation Pause) 402M->113M(512M) 26.354ms
[2022-04-29T01:24:22.287+0000][160][gc,cpu      ] GC(25) User=0.03s Sys=0.00s Real=0.02s
[2022-04-29T01:24:22.288+0000][160][safepoint   ] Safepoint "G1CollectForAllocation", Time since last: 577222750 ns, Reaching safepoint: 53375 ns, At safepoint: 27705250 ns, Total: 27758625 ns
[2022-04-29T01:24:23.288+0000][160][safepoint   ] Safepoint "Cleanup", Time since last: 1000724959 ns, Reaching safepoint: 82791 ns, At safepoint: 4417 ns, Total: 87208 ns
[2022-04-29T01:24:24.296+0000][160][safepoint   ] Safepoint "Cleanup", Time since last: 1007150792 ns, Reaching safepoint: 439959 ns, At safepoint: 17000 ns, Total: 456959 ns
[2022-04-29T01:24:25.304+0000][160][safepoint   ] Safepoint "Cleanup", Time since last: 1006280958 ns, Reaching safepoint: 1689250 ns, At safepoint: 16375 ns, Total: 1705625 ns
[2022-04-29T01:24:26.317+0000][160][safepoint   ] Safepoint "Cleanup", Time since last: 1012660668 ns, Reaching safepoint: 530125 ns, At safepoint: 19500 ns, Total: 549625 ns
[2022-04-29T01:24:27.324+0000][160][safepoint   ] Safepoint "Cleanup", Time since last: 1006193583 ns, Reaching safepoint: 369375 ns, At safepoint: 12750 ns, Total: 382125 ns
[2022-04-29T01:24:28.330+0000][160][safepoint   ] Safepoint "Cleanup", Time since last: 1006153293 ns, Reaching safepoint: 369458 ns, At safepoint: 16292 ns, Total: 385750 ns
[2022-04-29T01:24:30.349+0000][160][safepoint   ] Safepoint "Cleanup", Time since last: 2017802125 ns, Reaching safepoint: 370542 ns, At safepoint: 13417 ns, Total: 383959 ns
[2022-04-29T01:24:31.358+0000][160][safepoint   ] Safepoint "Cleanup", Time since last: 1009364750 ns, Reaching safepoint: 318542 ns, At safepoint: 19125 ns, Total: 337667 ns
[2022-04-29T01:24:33.368+0000][160][safepoint   ] Safepoint "Cleanup", Time since last: 2009748418 ns, Reaching safepoint: 174458 ns, At safepoint: 4500 ns, Total: 178958 ns
[2022-04-29T01:24:36.380+0000][160][safepoint   ] Safepoint "Cleanup", Time since last: 3011619918 ns, Reaching safepoint: 287875 ns, At safepoint: 9333 ns, Total: 297208 ns
[2022-04-29T01:24:38.388+0000][160][safepoint   ] Safepoint "Cleanup", Time since last: 2007518293 ns, Reaching safepoint: 315542 ns, At safepoint: 8541 ns, Total: 324083 ns
[2022-04-29T01:24:39.395+0000][160][safepoint   ] Safepoint "Cleanup", Time since last: 1006723876 ns, Reaching safepoint: 315958 ns, At safepoint: 4750 ns, Total: 320708 ns
[2022-04-29T01:24:40.396+0000][160][safepoint   ] Safepoint "Cleanup", Time since last: 1001077292 ns, Reaching safepoint: 280084 ns, At safepoint: 8041 ns, Total: 288125 ns
[2022-04-29T01:24:41.398+0000][160][safepoint   ] Safepoint "Cleanup", Time since last: 1001239209 ns, Reaching safepoint: 108208 ns, At safepoint: 3167 ns, Total: 111375 ns
[2022-04-29T01:24:42.401+0000][160][safepoint   ] Safepoint "Cleanup", Time since last: 1003407834 ns, Reaching safepoint: 353583 ns, At safepoint: 12792 ns, Total: 366375 ns
[2022-04-29T01:24:43.406+0000][160][safepoint   ] Safepoint "Cleanup", Time since last: 1005756875 ns, Reaching safepoint: 432125 ns, At safepoint: 14083 ns, Total: 446208 ns
[2022-04-29T01:24:45.414+0000][160][safepoint   ] Safepoint "Cleanup", Time since last: 2007675543 ns, Reaching safepoint: 203083 ns, At safepoint: 14042 ns, Total: 217125 ns
[2022-04-29T01:24:46.417+0000][160][safepoint   ] Safepoint "Cleanup", Time since last: 1002438001 ns, Reaching safepoint: 358708 ns, At safepoint: 12542 ns, Total: 371250 ns
[2022-04-29T01:24:48.428+0000][160][safepoint   ] Safepoint "Cleanup", Time since last: 2010699625 ns, Reaching safepoint: 88709 ns, At safepoint: 2583 ns, Total: 91292 ns
[2022-04-29T01:24:49.430+0000][160][safepoint   ] Safepoint "Cleanup", Time since last: 1001749584 ns, Reaching safepoint: 194625 ns, At safepoint: 6667 ns, Total: 201292 ns
[2022-04-29T01:24:51.435+0000][160][safepoint   ] Safepoint "Cleanup", Time since last: 2005214251 ns, Reaching safepoint: 97541 ns, At safepoint: 3667 ns, Total: 101208 ns
[2022-04-29T01:24:52.439+0000][160][safepoint   ] Safepoint "Cleanup", Time since last: 1003481917 ns, Reaching safepoint: 177625 ns, At safepoint: 9792 ns, Total: 187417 ns
[2022-04-29T01:24:53.442+0000][160][safepoint   ] Safepoint "Cleanup", Time since last: 1003216917 ns, Reaching safepoint: 246125 ns, At safepoint: 13000 ns, Total: 259125 ns
[2022-04-29T01:24:54.452+0000][160][safepoint   ] Safepoint "Cleanup", Time since last: 1009133584 ns, Reaching safepoint: 464416 ns, At safepoint: 16834 ns, Total: 481250 ns
[2022-04-29T01:24:56.469+0000][160][safepoint   ] Safepoint "Cleanup", Time since last: 2017018001 ns, Reaching safepoint: 660958 ns, At safepoint: 12750 ns, Total: 673708 ns
[2022-04-29T01:24:57.479+0000][160][safepoint   ] Safepoint "Cleanup", Time since last: 1009237959 ns, Reaching safepoint: 125166 ns, At safepoint: 3084 ns, Total: 128250 ns
[2022-04-29T01:24:58.480+0000][160][safepoint   ] Safepoint "Cleanup", Time since last: 1001274542 ns, Reaching safepoint: 60292 ns, At safepoint: 2041 ns, Total: 62333 ns
[2022-04-29T01:25:00.486+0000][160][safepoint   ] Safepoint "Cleanup", Time since last: 2005590668 ns, Reaching safepoint: 292000 ns, At safepoint: 7208 ns, Total: 299208 ns
[2022-04-29T01:25:01.491+0000][160][safepoint   ] Safepoint "Cleanup", Time since last: 1004068792 ns, Reaching safepoint: 628459 ns, At safepoint: 9166 ns, Total: 637625 ns
[2022-04-29T01:25:03.502+0000][160][safepoint   ] Safepoint "Cleanup", Time since last: 2011011335 ns, Reaching safepoint: 139500 ns, At safepoint: 4208 ns, Total: 143708 ns
[2022-04-29T01:25:04.505+0000][160][safepoint   ] Safepoint "Cleanup", Time since last: 1002744209 ns, Reaching safepoint: 420833 ns, At safepoint: 10500 ns, Total: 431333 ns
[2022-04-29T01:25:06.515+0000][160][safepoint   ] Safepoint "Cleanup", Time since last: 2009528501 ns, Reaching safepoint: 517500 ns, At safepoint: 16917 ns, Total: 534417 ns
[2022-04-29T01:25:08.536+0000][160][safepoint   ] Safepoint "Cleanup", Time since last: 2008113084 ns, Reaching safepoint: 12495750 ns, At safepoint: 11875 ns, Total: 12507625 ns
[2022-04-29T01:25:09.544+0000][160][safepoint   ] Safepoint "Cleanup", Time since last: 1008166709 ns, Reaching safepoint: 486083 ns, At safepoint: 13875 ns, Total: 499958 ns
[2022-04-29T01:25:10.551+0000][160][safepoint   ] Safepoint "Cleanup", Time since last: 1005145209 ns, Reaching safepoint: 1477833 ns, At safepoint: 22959 ns, Total: 1500792 ns
[2022-04-29T01:25:11.563+0000][160][safepoint   ] Safepoint "Cleanup", Time since last: 1011347417 ns, Reaching safepoint: 543875 ns, At safepoint: 15375 ns, Total: 559250 ns
[2022-04-29T01:25:12.571+0000][160][safepoint   ] Safepoint "Cleanup", Time since last: 1007569250 ns, Reaching safepoint: 884417 ns, At safepoint: 15875 ns, Total: 900292 ns
[2022-04-29T01:25:13.578+0000][160][safepoint   ] Safepoint "Cleanup", Time since last: 1012653708 ns, Reaching safepoint: 550833 ns, At safepoint: 12667 ns, Total: 563500 ns
[2022-04-29T01:25:15.590+0000][160][safepoint   ] Safepoint "Cleanup", Time since last: 2012488793 ns, Reaching safepoint: 263125 ns, At safepoint: 14916 ns, Total: 278041 ns
[2022-04-29T01:25:16.592+0000][160][safepoint   ] Safepoint "Cleanup", Time since last: 1001763293 ns, Reaching safepoint: 164250 ns, At safepoint: 5500 ns, Total: 169750 ns
[2022-04-29T01:25:18.598+0000][160][safepoint   ] Safepoint "Cleanup", Time since last: 2004912626 ns, Reaching safepoint: 492041 ns, At safepoint: 16584 ns, Total: 508625 ns
[2022-04-29T01:25:21.610+0000][160][safepoint   ] Safepoint "Cleanup", Time since last: 3012319626 ns, Reaching safepoint: 66875 ns, At safepoint: 2375 ns, Total: 69250 ns
[2022-04-29T01:25:23.621+0000][160][safepoint   ] Safepoint "Cleanup", Time since last: 2010413793 ns, Reaching safepoint: 174500 ns, At safepoint: 7458 ns, Total: 181958 ns
[2022-04-29T01:25:24.630+0000][160][safepoint   ] Safepoint "Cleanup", Time since last: 1009411459 ns, Reaching safepoint: 197000 ns, At safepoint: 5666 ns, Total: 202666 ns
[2022-04-29T01:25:26.639+0000][160][safepoint   ] Safepoint "Cleanup", Time since last: 2008367251 ns, Reaching safepoint: 172042 ns, At safepoint: 5625 ns, Total: 177667 ns
[2022-04-29T01:25:27.643+0000][160][safepoint   ] Safepoint "Cleanup", Time since last: 1004174126 ns, Reaching safepoint: 417333 ns, At safepoint: 9875 ns, Total: 427208 ns
[2022-04-29T01:25:28.647+0000][160][safepoint   ] Safepoint "Cleanup", Time since last: 1003557334 ns, Reaching safepoint: 194416 ns, At safepoint: 89209 ns, Total: 283625 ns
[2022-04-29T01:25:29.654+0000][160][safepoint   ] Safepoint "Cleanup", Time since last: 1006559500 ns, Reaching safepoint: 162583 ns, At safepoint: 8875 ns, Total: 171458 ns
[2022-04-29T01:25:30.672+0000][160][safepoint   ] Safepoint "Cleanup", Time since last: 1017833209 ns, Reaching safepoint: 305500 ns, At safepoint: 14667 ns, Total: 320167 ns
[2022-04-29T01:25:31.682+0000][160][safepoint   ] Safepoint "Cleanup", Time since last: 1009620500 ns, Reaching safepoint: 582834 ns, At safepoint: 19166 ns, Total: 602000 ns
[2022-04-29T01:25:33.706+0000][160][safepoint   ] Safepoint "Cleanup", Time since last: 2023100793 ns, Reaching safepoint: 278250 ns, At safepoint: 8833 ns, Total: 287083 ns
[2022-04-29T01:25:34.713+0000][160][safepoint   ] Safepoint "Cleanup", Time since last: 1006516084 ns, Reaching safepoint: 584709 ns, At safepoint: 13333 ns, Total: 598042 ns
[2022-04-29T01:25:36.721+0000][160][safepoint   ] Safepoint "Cleanup", Time since last: 2007433709 ns, Reaching safepoint: 185167 ns, At safepoint: 7583 ns, Total: 192750 ns
[2022-04-29T01:25:38.732+0000][160][safepoint   ] Safepoint "Cleanup", Time since last: 2011421834 ns, Reaching safepoint: 366042 ns, At safepoint: 14333 ns, Total: 380375 ns
[2022-04-29T01:25:39.741+0000][160][safepoint   ] Safepoint "Cleanup", Time since last: 1008627543 ns, Reaching safepoint: 84583 ns, At safepoint: 4458 ns, Total: 89041 ns
[2022-04-29T01:25:41.746+0000][160][safepoint   ] Safepoint "Cleanup", Time since last: 2004983668 ns, Reaching safepoint: 139125 ns, At safepoint: 4375 ns, Total: 143500 ns
[2022-04-29T01:25:42.748+0000][160][safepoint   ] Safepoint "Cleanup", Time since last: 1001627042 ns, Reaching safepoint: 575792 ns, At safepoint: 22583 ns, Total: 598375 ns
[2022-04-29T01:25:43.748+0000][160][safepoint   ] Safepoint "Cleanup", Time since last: 1001794125 ns, Reaching safepoint: 322041 ns, At safepoint: 9167 ns, Total: 331208 ns
[2022-04-29T01:25:44.752+0000][160][safepoint   ] Safepoint "Cleanup", Time since last: 1004512709 ns, Reaching safepoint: 104958 ns, At safepoint: 2625 ns, Total: 107583 ns
[2022-04-29T01:25:44.993+0000][160][gc,start    ] GC(26) Pause Young (Normal) (G1 Evacuation Pause)
[2022-04-29T01:25:44.993+0000][160][gc,task     ] GC(26) Using 5 workers of 5 for evacuation
[2022-04-29T01:25:44.994+0000][160][gc,age      ] GC(26) Desired survivor size 20971520 bytes, new threshold 15 (max threshold 15)
[2022-04-29T01:25:45.002+0000][160][gc,age      ] GC(26) Age table with threshold 15 (max threshold 15)
[2022-04-29T01:25:45.003+0000][160][gc,age      ] GC(26) - age   1:    1385728 bytes,    1385728 total
[2022-04-29T01:25:45.004+0000][160][gc,age      ] GC(26) - age   2:     253480 bytes,    1639208 total
[2022-04-29T01:25:45.004+0000][160][gc,age      ] GC(26) - age   3:     105104 bytes,    1744312 total
[2022-04-29T01:25:45.005+0000][160][gc,age      ] GC(26) - age   4:    1403496 bytes,    3147808 total
[2022-04-29T01:25:45.006+0000][160][gc,age      ] GC(26) - age   5:      63048 bytes,    3210856 total
[2022-04-29T01:25:45.006+0000][160][gc,age      ] GC(26) - age   6:     148016 bytes,    3358872 total
[2022-04-29T01:25:45.007+0000][160][gc,age      ] GC(26) - age   7:     566456 bytes,    3925328 total
[2022-04-29T01:25:45.008+0000][160][gc,age      ] GC(26) - age   8:    1682528 bytes,    5607856 total
[2022-04-29T01:25:45.009+0000][160][gc,age      ] GC(26) - age   9:    8637592 bytes,   14245448 total
[2022-04-29T01:25:45.009+0000][160][gc,phases   ] GC(26)   Pre Evacuate Collection Set: 0.2ms
[2022-04-29T01:25:45.010+0000][160][gc,phases   ] GC(26)   Merge Heap Roots: 0.1ms
[2022-04-29T01:25:45.011+0000][160][gc,phases   ] GC(26)   Evacuate Collection Set: 5.4ms
[2022-04-29T01:25:45.011+0000][160][gc,phases   ] GC(26)   Post Evacuate Collection Set: 1.3ms
[2022-04-29T01:25:45.012+0000][160][gc,phases   ] GC(26)   Other: 9.3ms
[2022-04-29T01:25:45.013+0000][160][gc,heap     ] GC(26) Eden regions: 72->0(72)
[2022-04-29T01:25:45.014+0000][160][gc,heap     ] GC(26) Survivor regions: 4->4(10)
[2022-04-29T01:25:45.014+0000][160][gc,heap     ] GC(26) Old regions: 18->18
[2022-04-29T01:25:45.015+0000][160][gc,heap     ] GC(26) Archive regions: 2->2
[2022-04-29T01:25:45.016+0000][160][gc,heap     ] GC(26) Humongous regions: 6->6
[2022-04-29T01:25:45.017+0000][160][gc,metaspace] GC(26) Metaspace: 114865K(116544K)->114865K(116544K) NonClass: 99432K(100416K)->99432K(100416K) Class: 15432K(16128K)->15432K(16128K)
[2022-04-29T01:25:45.018+0000][160][gc          ] GC(26) Pause Young (Normal) (G1 Evacuation Pause) 401M->113M(512M) 25.297ms
[2022-04-29T01:25:45.019+0000][160][gc,cpu      ] GC(26) User=0.02s Sys=0.01s Real=0.03s
[2022-04-29T01:25:45.020+0000][160][safepoint   ] Safepoint "G1CollectForAllocation", Time since last: 240523458 ns, Reaching safepoint: 41792 ns, At safepoint: 26955417 ns, Total: 26997209 ns
[2022-04-29T01:25:46.022+0000][160][safepoint   ] Safepoint "Cleanup", Time since last: 1001750334 ns, Reaching safepoint: 94083 ns, At safepoint: 2500 ns, Total: 96583 ns
[2022-04-29T01:25:47.025+0000][160][safepoint   ] Safepoint "Cleanup", Time since last: 1002390375 ns, Reaching safepoint: 495792 ns, At safepoint: 23750 ns, Total: 519542 ns
[2022-04-29T01:25:48.031+0000][160][safepoint   ] Safepoint "Cleanup", Time since last: 1006197626 ns, Reaching safepoint: 282500 ns, At safepoint: 35250 ns, Total: 317750 ns
[2022-04-29T01:25:49.035+0000][160][safepoint   ] Safepoint "Cleanup", Time since last: 1003408292 ns, Reaching safepoint: 180166 ns, At safepoint: 9042 ns, Total: 189208 ns
[2022-04-29T01:25:51.042+0000][160][safepoint   ] Safepoint "Cleanup", Time since last: 2007029543 ns, Reaching safepoint: 66500 ns, At safepoint: 2041 ns, Total: 68541 ns
[2022-04-29T01:25:52.046+0000][160][safepoint   ] Safepoint "Cleanup", Time since last: 1001976584 ns, Reaching safepoint: 2558625 ns, At safepoint: 17250 ns, Total: 2575875 ns
[2022-04-29T01:25:54.053+0000][160][safepoint   ] Safepoint "Cleanup", Time since last: 2006224459 ns, Reaching safepoint: 714125 ns, At safepoint: 12959 ns, Total: 727084 ns
[2022-04-29T01:25:56.065+0000][160][safepoint   ] Safepoint "Cleanup", Time since last: 2011151876 ns, Reaching safepoint: 378333 ns, At safepoint: 15208 ns, Total: 393541 ns
[2022-04-29T01:25:57.081+0000][160][safepoint   ] Safepoint "Cleanup", Time since last: 1015658793 ns, Reaching safepoint: 100458 ns, At safepoint: 5042 ns, Total: 105500 ns
[2022-04-29T01:25:58.086+0000][160][safepoint   ] Safepoint "Cleanup", Time since last: 1004557000 ns, Reaching safepoint: 826250 ns, At safepoint: 16625 ns, Total: 842875 ns
[2022-04-29T01:25:59.095+0000][160][safepoint   ] Safepoint "Cleanup", Time since last: 1008967042 ns, Reaching safepoint: 267084 ns, At safepoint: 11416 ns, Total: 278500 ns
[2022-04-29T01:26:00.123+0000][160][safepoint   ] Safepoint "Cleanup", Time since last: 1027755751 ns, Reaching safepoint: 155333 ns, At safepoint: 4750 ns, Total: 160083 ns
[2022-04-29T01:26:01.129+0000][160][safepoint   ] Safepoint "Cleanup", Time since last: 1004911001 ns, Reaching safepoint: 582541 ns, At safepoint: 19042 ns, Total: 601583 ns
[2022-04-29T01:26:03.135+0000][160][safepoint   ] Safepoint "Cleanup", Time since last: 2005802584 ns, Reaching safepoint: 188333 ns, At safepoint: 4292 ns, Total: 192625 ns
[2022-04-29T01:26:04.139+0000][160][safepoint   ] Safepoint "Cleanup", Time since last: 1004165376 ns, Reaching safepoint: 179125 ns, At safepoint: 4708 ns, Total: 183833 ns
[2022-04-29T01:26:06.144+0000][160][safepoint   ] Safepoint "Cleanup", Time since last: 2004769001 ns, Reaching safepoint: 378708 ns, At safepoint: 19834 ns, Total: 398542 ns
[2022-04-29T01:26:09.160+0000][160][safepoint   ] Safepoint "Cleanup", Time since last: 3015409459 ns, Reaching safepoint: 148500 ns, At safepoint: 4834 ns, Total: 153334 ns
[2022-04-29T01:26:11.166+0000][160][safepoint   ] Safepoint "Cleanup", Time since last: 2005693334 ns, Reaching safepoint: 230167 ns, At safepoint: 8041 ns, Total: 238208 ns
[2022-04-29T01:26:12.177+0000][160][safepoint   ] Safepoint "Cleanup", Time since last: 1010863417 ns, Reaching safepoint: 247792 ns, At safepoint: 8042 ns, Total: 255834 ns
[2022-04-29T01:26:14.191+0000][160][safepoint   ] Safepoint "Cleanup", Time since last: 2005957416 ns, Reaching safepoint: 297042 ns, At safepoint: 13542 ns, Total: 310584 ns
[2022-04-29T01:26:15.194+0000][160][safepoint   ] Safepoint "Cleanup", Time since last: 1002969000 ns, Reaching safepoint: 208667 ns, At safepoint: 4917 ns, Total: 213584 ns
[2022-04-29T01:26:16.197+0000][160][safepoint   ] Safepoint "Cleanup", Time since last: 1002715958 ns, Reaching safepoint: 327917 ns, At safepoint: 12208 ns, Total: 340125 ns
[2022-04-29T01:26:18.211+0000][160][safepoint   ] Safepoint "Cleanup", Time since last: 2013296251 ns, Reaching safepoint: 575209 ns, At safepoint: 9833 ns, Total: 585042 ns
[2022-04-29T01:26:19.215+0000][160][safepoint   ] Safepoint "Cleanup", Time since last: 1003597834 ns, Reaching safepoint: 245791 ns, At safepoint: 12417 ns, Total: 258208 ns
[2022-04-29T01:26:21.221+0000][160][safepoint   ] Safepoint "Cleanup", Time since last: 2005998584 ns, Reaching safepoint: 310917 ns, At safepoint: 3625 ns, Total: 314542 ns
[2022-04-29T01:26:22.224+0000][160][safepoint   ] Safepoint "Cleanup", Time since last: 1002545251 ns, Reaching safepoint: 190625 ns, At safepoint: 10583 ns, Total: 201208 ns
[2022-04-29T01:26:24.250+0000][160][safepoint   ] Safepoint "Cleanup", Time since last: 2025649751 ns, Reaching safepoint: 812500 ns, At safepoint: 21583 ns, Total: 834083 ns
[2022-04-29T01:26:26.261+0000][160][safepoint   ] Safepoint "Cleanup", Time since last: 2010561418 ns, Reaching safepoint: 273292 ns, At safepoint: 12416 ns, Total: 285708 ns
[2022-04-29T01:26:27.265+0000][160][safepoint   ] Safepoint "Cleanup", Time since last: 1003826292 ns, Reaching safepoint: 221500 ns, At safepoint: 6542 ns, Total: 228042 ns
[2022-04-29T01:26:29.269+0000][160][safepoint   ] Safepoint "Cleanup", Time since last: 2003531584 ns, Reaching safepoint: 349917 ns, At safepoint: 16458 ns, Total: 366375 ns
[2022-04-29T01:26:30.281+0000][160][safepoint   ] Safepoint "Cleanup", Time since last: 1011290209 ns, Reaching safepoint: 599208 ns, At safepoint: 20625 ns, Total: 619833 ns
[2022-04-29T01:26:31.299+0000][160][safepoint   ] Safepoint "Cleanup", Time since last: 1007570001 ns, Reaching safepoint: 10880667 ns, At safepoint: 22833 ns, Total: 10903500 ns
[2022-04-29T01:26:33.305+0000][160][safepoint   ] Safepoint "Cleanup", Time since last: 2005411293 ns, Reaching safepoint: 60125 ns, At safepoint: 2333 ns, Total: 62458 ns
[2022-04-29T01:26:34.308+0000][160][safepoint   ] Safepoint "Cleanup", Time since last: 1003070792 ns, Reaching safepoint: 381542 ns, At safepoint: 11125 ns, Total: 392667 ns
[2022-04-29T01:26:36.317+0000][160][safepoint   ] Safepoint "Cleanup", Time since last: 2008410376 ns, Reaching safepoint: 562666 ns, At safepoint: 8959 ns, Total: 571625 ns
[2022-04-29T01:26:38.327+0000][160][safepoint   ] Safepoint "Cleanup", Time since last: 2009139001 ns, Reaching safepoint: 890875 ns, At safepoint: 11500 ns, Total: 902375 ns
[2022-04-29T01:26:39.331+0000][160][safepoint   ] Safepoint "Cleanup", Time since last: 1003304125 ns, Reaching safepoint: 68542 ns, At safepoint: 2583 ns, Total: 71125 ns
[2022-04-29T01:26:40.334+0000][160][safepoint   ] Safepoint "Cleanup", Time since last: 1003211917 ns, Reaching safepoint: 357375 ns, At safepoint: 14709 ns, Total: 372084 ns
[2022-04-29T01:26:41.349+0000][160][safepoint   ] Safepoint "Cleanup", Time since last: 1014149958 ns, Reaching safepoint: 171334 ns, At safepoint: 6000 ns, Total: 177334 ns
[2022-04-29T01:26:42.366+0000][160][safepoint   ] Safepoint "Cleanup", Time since last: 1016431167 ns, Reaching safepoint: 1252208 ns, At safepoint: 20417 ns, Total: 1272625 ns
[2022-04-29T01:26:43.373+0000][160][safepoint   ] Safepoint "Cleanup", Time since last: 1007268292 ns, Reaching safepoint: 698958 ns, At safepoint: 13083 ns, Total: 712041 ns
[2022-04-29T01:26:44.379+0000][160][safepoint   ] Safepoint "Cleanup", Time since last: 1005357126 ns, Reaching safepoint: 494125 ns, At safepoint: 25792 ns, Total: 519917 ns
[2022-04-29T01:26:45.385+0000][160][safepoint   ] Safepoint "Cleanup", Time since last: 1005142458 ns, Reaching safepoint: 112917 ns, At safepoint: 7042 ns, Total: 119959 ns
[2022-04-29T01:26:46.386+0000][160][safepoint   ] Safepoint "Cleanup", Time since last: 1001053125 ns, Reaching safepoint: 97292 ns, At safepoint: 4333 ns, Total: 101625 ns
[2022-04-29T01:26:48.389+0000][160][safepoint   ] Safepoint "Cleanup", Time since last: 2002889959 ns, Reaching safepoint: 303792 ns, At safepoint: 9667 ns, Total: 313459 ns
[2022-04-29T01:26:49.394+0000][160][safepoint   ] Safepoint "Cleanup", Time since last: 1004134334 ns, Reaching safepoint: 655833 ns, At safepoint: 17083 ns, Total: 672916 ns
[2022-04-29T01:26:51.405+0000][160][safepoint   ] Safepoint "Cleanup", Time since last: 2010841251 ns, Reaching safepoint: 151292 ns, At safepoint: 3917 ns, Total: 155209 ns
[2022-04-29T01:26:53.406+0000][160][safepoint   ] Safepoint "Cleanup", Time since last: 2001105584 ns, Reaching safepoint: 205125 ns, At safepoint: 10125 ns, Total: 215250 ns
[2022-04-29T01:26:55.009+0000][160][safepoint   ] Safepoint "Cleanup", Time since last: 1602535042 ns, Reaching safepoint: 236375 ns, At safepoint: 5084 ns, Total: 241459 ns
[2022-04-29T01:26:56.012+0000][160][safepoint   ] Safepoint "Cleanup", Time since last: 1002978708 ns, Reaching safepoint: 170167 ns, At safepoint: 11042 ns, Total: 181209 ns
[2022-04-29T01:26:57.014+0000][160][safepoint   ] Safepoint "Cleanup", Time since last: 1002262375 ns, Reaching safepoint: 67917 ns, At safepoint: 2833 ns, Total: 70750 ns
[2022-04-29T01:26:59.018+0000][160][safepoint   ] Safepoint "Cleanup", Time since last: 2003268668 ns, Reaching safepoint: 302208 ns, At safepoint: 12917 ns, Total: 315125 ns
[2022-04-29T01:27:00.024+0000][160][safepoint   ] Safepoint "Cleanup", Time since last: 1005722334 ns, Reaching safepoint: 233541 ns, At safepoint: 7792 ns, Total: 241333 ns
[2022-04-29T01:27:01.030+0000][160][safepoint   ] Safepoint "Cleanup", Time since last: 1005861542 ns, Reaching safepoint: 223417 ns, At safepoint: 8708 ns, Total: 232125 ns
[2022-04-29T01:27:03.037+0000][160][safepoint   ] Safepoint "Cleanup", Time since last: 2006415418 ns, Reaching safepoint: 186958 ns, At safepoint: 5708 ns, Total: 192666 ns
[2022-04-29T01:27:03.170+0000][160][gc,start    ] GC(27) Pause Young (Normal) (G1 Evacuation Pause)
[2022-04-29T01:27:03.170+0000][160][gc,task     ] GC(27) Using 5 workers of 5 for evacuation
[2022-04-29T01:27:03.171+0000][160][gc,age      ] GC(27) Desired survivor size 20971520 bytes, new threshold 15 (max threshold 15)
[2022-04-29T01:27:03.179+0000][160][gc,age      ] GC(27) Age table with threshold 15 (max threshold 15)
[2022-04-29T01:27:03.180+0000][160][gc,age      ] GC(27) - age   1:    1709936 bytes,    1709936 total
[2022-04-29T01:27:03.180+0000][160][gc,age      ] GC(27) - age   2:      27736 bytes,    1737672 total
[2022-04-29T01:27:03.181+0000][160][gc,age      ] GC(27) - age   3:     249744 bytes,    1987416 total
[2022-04-29T01:27:03.182+0000][160][gc,age      ] GC(27) - age   4:     104848 bytes,    2092264 total
[2022-04-29T01:27:03.183+0000][160][gc,age      ] GC(27) - age   5:    1388720 bytes,    3480984 total
[2022-04-29T01:27:03.184+0000][160][gc,age      ] GC(27) - age   6:      62736 bytes,    3543720 total
[2022-04-29T01:27:03.185+0000][160][gc,age      ] GC(27) - age   7:     147752 bytes,    3691472 total
[2022-04-29T01:27:03.186+0000][160][gc,age      ] GC(27) - age   8:     566392 bytes,    4257864 total
[2022-04-29T01:27:03.187+0000][160][gc,age      ] GC(27) - age   9:    1682472 bytes,    5940336 total
[2022-04-29T01:27:03.188+0000][160][gc,age      ] GC(27) - age  10:    8636664 bytes,   14577000 total
[2022-04-29T01:27:03.189+0000][160][gc,phases   ] GC(27)   Pre Evacuate Collection Set: 0.2ms
[2022-04-29T01:27:03.189+0000][160][gc,phases   ] GC(27)   Merge Heap Roots: 0.2ms
[2022-04-29T01:27:03.190+0000][160][gc,phases   ] GC(27)   Evacuate Collection Set: 5.6ms
[2022-04-29T01:27:03.190+0000][160][gc,phases   ] GC(27)   Post Evacuate Collection Set: 1.4ms
[2022-04-29T01:27:03.191+0000][160][gc,phases   ] GC(27)   Other: 11.4ms
[2022-04-29T01:27:03.192+0000][160][gc,heap     ] GC(27) Eden regions: 72->0(72)
[2022-04-29T01:27:03.192+0000][160][gc,heap     ] GC(27) Survivor regions: 4->4(10)
[2022-04-29T01:27:03.193+0000][160][gc,heap     ] GC(27) Old regions: 18->18
[2022-04-29T01:27:03.194+0000][160][gc,heap     ] GC(27) Archive regions: 2->2
[2022-04-29T01:27:03.195+0000][160][gc,heap     ] GC(27) Humongous regions: 6->6
[2022-04-29T01:27:03.195+0000][160][gc,metaspace] GC(27) Metaspace: 115149K(116864K)->115149K(116864K) NonClass: 99685K(100672K)->99685K(100672K) Class: 15463K(16192K)->15463K(16192K)
[2022-04-29T01:27:03.196+0000][160][gc          ] GC(27) Pause Young (Normal) (G1 Evacuation Pause) 401M->114M(512M) 25.924ms
[2022-04-29T01:27:03.197+0000][160][gc,cpu      ] GC(27) User=0.03s Sys=0.00s Real=0.03s
[2022-04-29T01:27:03.198+0000][160][safepoint   ] Safepoint "G1CollectForAllocation", Time since last: 132939959 ns, Reaching safepoint: 171958 ns, At safepoint: 28177333 ns, Total: 28349291 ns
[2022-04-29T01:27:04.205+0000][160][safepoint   ] Safepoint "Cleanup", Time since last: 1006366084 ns, Reaching safepoint: 411000 ns, At safepoint: 17792 ns, Total: 428792 ns
[2022-04-29T01:27:06.235+0000][160][safepoint   ] Safepoint "Cleanup", Time since last: 2021858501 ns, Reaching safepoint: 8655500 ns, At safepoint: 19042 ns, Total: 8674542 ns
[2022-04-29T01:27:09.240+0000][160][safepoint   ] Safepoint "Cleanup", Time since last: 3004593876 ns, Reaching safepoint: 168708 ns, At safepoint: 8167 ns, Total: 176875 ns
[2022-04-29T01:27:10.243+0000][160][safepoint   ] Safepoint "Cleanup", Time since last: 1002497376 ns, Reaching safepoint: 330458 ns, At safepoint: 8708 ns, Total: 339166 ns
[2022-04-29T01:27:11.251+0000][160][safepoint   ] Safepoint "Cleanup", Time since last: 1007398167 ns, Reaching safepoint: 489417 ns, At safepoint: 9958 ns, Total: 499375 ns
[2022-04-29T01:27:12.259+0000][160][safepoint   ] Safepoint "Cleanup", Time since last: 1008170417 ns, Reaching safepoint: 165209 ns, At safepoint: 7791 ns, Total: 173000 ns
[2022-04-29T01:27:14.264+0000][160][safepoint   ] Safepoint "Cleanup", Time since last: 2005890376 ns, Reaching safepoint: 229125 ns, At safepoint: 5625 ns, Total: 234750 ns
[2022-04-29T01:27:15.266+0000][160][safepoint   ] Safepoint "Cleanup", Time since last: 1001853750 ns, Reaching safepoint: 179000 ns, At safepoint: 4334 ns, Total: 183334 ns
[2022-04-29T01:27:16.267+0000][160][safepoint   ] Safepoint "Cleanup", Time since last: 1000945667 ns, Reaching safepoint: 97833 ns, At safepoint: 4500 ns, Total: 102333 ns
[2022-04-29T01:27:17.273+0000][160][safepoint   ] Safepoint "Cleanup", Time since last: 1005329251 ns, Reaching safepoint: 886166 ns, At safepoint: 14375 ns, Total: 900541 ns
[2022-04-29T01:27:18.282+0000][160][safepoint   ] Safepoint "Cleanup", Time since last: 1007433917 ns, Reaching safepoint: 653792 ns, At safepoint: 12667 ns, Total: 666459 ns
[2022-04-29T01:27:19.290+0000][160][safepoint   ] Safepoint "Cleanup", Time since last: 1006502500 ns, Reaching safepoint: 1929334 ns, At safepoint: 19666 ns, Total: 1949000 ns
[2022-04-29T01:27:21.298+0000][160][safepoint   ] Safepoint "Cleanup", Time since last: 2008273751 ns, Reaching safepoint: 163958 ns, At safepoint: 3792 ns, Total: 167750 ns
[2022-04-29T01:27:23.302+0000][160][safepoint   ] Safepoint "Cleanup", Time since last: 2003052459 ns, Reaching safepoint: 242292 ns, At safepoint: 6083 ns, Total: 248375 ns
[2022-04-29T01:27:24.307+0000][160][safepoint   ] Safepoint "Cleanup", Time since last: 1004992043 ns, Reaching safepoint: 115500 ns, At safepoint: 5416 ns, Total: 120916 ns
[2022-04-29T01:27:26.331+0000][160][safepoint   ] Safepoint "Cleanup", Time since last: 2023682376 ns, Reaching safepoint: 173709 ns, At safepoint: 6791 ns, Total: 180500 ns
[2022-04-29T01:27:27.336+0000][160][safepoint   ] Safepoint "Cleanup", Time since last: 1005607084 ns, Reaching safepoint: 82500 ns, At safepoint: 2458 ns, Total: 84958 ns
[2022-04-29T01:27:29.346+0000][160][safepoint   ] Safepoint "Cleanup", Time since last: 2009710085 ns, Reaching safepoint: 196125 ns, At safepoint: 7291 ns, Total: 203416 ns
[2022-04-29T01:27:30.358+0000][160][safepoint   ] Safepoint "Cleanup", Time since last: 1011937209 ns, Reaching safepoint: 117125 ns, At safepoint: 4625 ns, Total: 121750 ns
[2022-04-29T01:27:31.366+0000][160][safepoint   ] Safepoint "Cleanup", Time since last: 1003802542 ns, Reaching safepoint: 3395709 ns, At safepoint: 31000 ns, Total: 3426709 ns
[2022-04-29T01:27:33.375+0000][160][safepoint   ] Safepoint "Cleanup", Time since last: 2008840417 ns, Reaching safepoint: 95584 ns, At safepoint: 3583 ns, Total: 99167 ns
[2022-04-29T01:27:34.376+0000][160][safepoint   ] Safepoint "Cleanup", Time since last: 1001108584 ns, Reaching safepoint: 81583 ns, At safepoint: 10292 ns, Total: 91875 ns
[2022-04-29T01:27:35.377+0000][160][safepoint   ] Safepoint "Cleanup", Time since last: 1000787125 ns, Reaching safepoint: 304084 ns, At safepoint: 13833 ns, Total: 317917 ns
[2022-04-29T01:27:36.380+0000][160][safepoint   ] Safepoint "Cleanup", Time since last: 1001873834 ns, Reaching safepoint: 1006916 ns, At safepoint: 14167 ns, Total: 1021083 ns
[2022-04-29T01:27:38.407+0000][160][safepoint   ] Safepoint "Cleanup", Time since last: 2027451459 ns, Reaching safepoint: 313084 ns, At safepoint: 13500 ns, Total: 326584 ns
[2022-04-29T01:27:39.414+0000][160][safepoint   ] Safepoint "Cleanup", Time since last: 1006667375 ns, Reaching safepoint: 92208 ns, At safepoint: 2459 ns, Total: 94667 ns
[2022-04-29T01:27:41.417+0000][160][safepoint   ] Safepoint "Cleanup", Time since last: 2002229292 ns, Reaching safepoint: 703709 ns, At safepoint: 8166 ns, Total: 711875 ns
[2022-04-29T01:27:42.421+0000][160][safepoint   ] Safepoint "Cleanup", Time since last: 1003906459 ns, Reaching safepoint: 106334 ns, At safepoint: 3041 ns, Total: 109375 ns
[2022-04-29T01:27:43.423+0000][160][safepoint   ] Safepoint "Cleanup", Time since last: 1002301542 ns, Reaching safepoint: 126000 ns, At safepoint: 4833 ns, Total: 130833 ns
[2022-04-29T01:27:45.428+0000][160][safepoint   ] Safepoint "Cleanup", Time since last: 2004630376 ns, Reaching safepoint: 189042 ns, At safepoint: 9416 ns, Total: 198458 ns
[2022-04-29T01:27:46.431+0000][160][safepoint   ] Safepoint "Cleanup", Time since last: 1003170751 ns, Reaching safepoint: 338916 ns, At safepoint: 15084 ns, Total: 354000 ns
[2022-04-29T01:27:48.440+0000][160][safepoint   ] Safepoint "Cleanup", Time since last: 2007886626 ns, Reaching safepoint: 1298666 ns, At safepoint: 10167 ns, Total: 1308833 ns
[2022-04-29T01:27:51.451+0000][160][safepoint   ] Safepoint "Cleanup", Time since last: 3010792043 ns, Reaching safepoint: 199792 ns, At safepoint: 4542 ns, Total: 204334 ns
[2022-04-29T01:27:52.454+0000][160][safepoint   ] Safepoint "Cleanup", Time since last: 1002541292 ns, Reaching safepoint: 218833 ns, At safepoint: 5042 ns, Total: 223875 ns
[2022-04-29T01:27:53.459+0000][160][safepoint   ] Safepoint "Cleanup", Time since last: 1004711792 ns, Reaching safepoint: 167542 ns, At safepoint: 6500 ns, Total: 174042 ns
[2022-04-29T01:27:54.465+0000][160][safepoint   ] Safepoint "Cleanup", Time since last: 1006297208 ns, Reaching safepoint: 289250 ns, At safepoint: 6834 ns, Total: 296084 ns
[2022-04-29T01:27:56.482+0000][160][safepoint   ] Safepoint "Cleanup", Time since last: 2013936876 ns, Reaching safepoint: 2305916 ns, At safepoint: 28250 ns, Total: 2334166 ns
[2022-04-29T01:27:57.485+0000][160][safepoint   ] Safepoint "Cleanup", Time since last: 1002903876 ns, Reaching safepoint: 70166 ns, At safepoint: 3292 ns, Total: 73458 ns
[2022-04-29T01:27:58.494+0000][160][safepoint   ] Safepoint "Cleanup", Time since last: 1009221001 ns, Reaching safepoint: 216791 ns, At safepoint: 5334 ns, Total: 222125 ns
[2022-04-29T01:28:00.503+0000][160][safepoint   ] Safepoint "Cleanup", Time since last: 2007888542 ns, Reaching safepoint: 686292 ns, At safepoint: 13458 ns, Total: 699750 ns
[2022-04-29T01:28:01.510+0000][160][safepoint   ] Safepoint "Cleanup", Time since last: 1006758417 ns, Reaching safepoint: 258292 ns, At safepoint: 9833 ns, Total: 268125 ns
[2022-04-29T01:28:03.517+0000][160][safepoint   ] Safepoint "Cleanup", Time since last: 2006842293 ns, Reaching safepoint: 134833 ns, At safepoint: 29584 ns, Total: 164417 ns
[2022-04-29T01:28:06.524+0000][160][safepoint   ] Safepoint "Cleanup", Time since last: 3006681168 ns, Reaching safepoint: 198041 ns, At safepoint: 11417 ns, Total: 209458 ns
[2022-04-29T01:28:08.552+0000][160][safepoint   ] Safepoint "Cleanup", Time since last: 2027867876 ns, Reaching safepoint: 394708 ns, At safepoint: 12667 ns, Total: 407375 ns
[2022-04-29T01:28:09.556+0000][160][safepoint   ] Safepoint "Cleanup", Time since last: 1003824876 ns, Reaching safepoint: 135791 ns, At safepoint: 23834 ns, Total: 159625 ns
[2022-04-29T01:28:10.562+0000][160][safepoint   ] Safepoint "Cleanup", Time since last: 1005101292 ns, Reaching safepoint: 551583 ns, At safepoint: 9333 ns, Total: 560916 ns
[2022-04-29T01:28:11.567+0000][160][safepoint   ] Safepoint "Cleanup", Time since last: 1005306084 ns, Reaching safepoint: 352792 ns, At safepoint: 8291 ns, Total: 361083 ns
[2022-04-29T01:28:12.591+0000][160][safepoint   ] Safepoint "Cleanup", Time since last: 1023087876 ns, Reaching safepoint: 342958 ns, At safepoint: 13334 ns, Total: 356292 ns
[2022-04-29T01:28:13.603+0000][160][safepoint   ] Safepoint "Cleanup", Time since last: 1010189916 ns, Reaching safepoint: 572125 ns, At safepoint: 16625 ns, Total: 588750 ns
[2022-04-29T01:28:15.613+0000][160][safepoint   ] Safepoint "Cleanup", Time since last: 2009952585 ns, Reaching safepoint: 429708 ns, At safepoint: 8875 ns, Total: 438583 ns
[2022-04-29T01:28:16.616+0000][160][safepoint   ] Safepoint "Cleanup", Time since last: 1002758376 ns, Reaching safepoint: 87541 ns, At safepoint: 10334 ns, Total: 97875 ns
[2022-04-29T01:28:18.621+0000][160][safepoint   ] Safepoint "Cleanup", Time since last: 2005026501 ns, Reaching safepoint: 141166 ns, At safepoint: 6167 ns, Total: 147333 ns
[2022-04-29T01:28:20.632+0000][160][safepoint   ] Safepoint "Cleanup", Time since last: 2009994626 ns, Reaching safepoint: 128375 ns, At safepoint: 3791 ns, Total: 132166 ns
[2022-04-29T01:28:21.638+0000][160][safepoint   ] Safepoint "Cleanup", Time since last: 1006333001 ns, Reaching safepoint: 226708 ns, At safepoint: 4459 ns, Total: 231167 ns
[2022-04-29T01:28:23.644+0000][160][safepoint   ] Safepoint "Cleanup", Time since last: 2005778292 ns, Reaching safepoint: 164750 ns, At safepoint: 8709 ns, Total: 173459 ns
[2022-04-29T01:28:24.650+0000][160][safepoint   ] Safepoint "Cleanup", Time since last: 1005731167 ns, Reaching safepoint: 395791 ns, At safepoint: 11125 ns, Total: 406916 ns
[2022-04-29T01:28:26.655+0000][160][safepoint   ] Safepoint "Cleanup", Time since last: 2004773751 ns, Reaching safepoint: 234292 ns, At safepoint: 9167 ns, Total: 243459 ns
[2022-04-29T01:28:27.223+0000][160][gc,start    ] GC(28) Pause Young (Normal) (G1 Evacuation Pause)
[2022-04-29T01:28:27.224+0000][160][gc,task     ] GC(28) Using 5 workers of 5 for evacuation
[2022-04-29T01:28:27.225+0000][160][gc,age      ] GC(28) Desired survivor size 20971520 bytes, new threshold 15 (max threshold 15)
[2022-04-29T01:28:27.235+0000][160][gc,age      ] GC(28) Age table with threshold 15 (max threshold 15)
[2022-04-29T01:28:27.236+0000][160][gc,age      ] GC(28) - age   1:    1964976 bytes,    1964976 total
[2022-04-29T01:28:27.237+0000][160][gc,age      ] GC(28) - age   2:      69288 bytes,    2034264 total
[2022-04-29T01:28:27.238+0000][160][gc,age      ] GC(28) - age   3:      15496 bytes,    2049760 total
[2022-04-29T01:28:27.239+0000][160][gc,age      ] GC(28) - age   4:     115256 bytes,    2165016 total
[2022-04-29T01:28:27.240+0000][160][gc,age      ] GC(28) - age   5:     104272 bytes,    2269288 total
[2022-04-29T01:28:27.241+0000][160][gc,age      ] GC(28) - age   6:    1388048 bytes,    3657336 total
[2022-04-29T01:28:27.242+0000][160][gc,age      ] GC(28) - age   7:      62736 bytes,    3720072 total
[2022-04-29T01:28:27.243+0000][160][gc,age      ] GC(28) - age   8:     147752 bytes,    3867824 total
[2022-04-29T01:28:27.244+0000][160][gc,age      ] GC(28) - age   9:     566392 bytes,    4434216 total
[2022-04-29T01:28:27.244+0000][160][gc,age      ] GC(28) - age  10:    1682472 bytes,    6116688 total
[2022-04-29T01:28:27.245+0000][160][gc,age      ] GC(28) - age  11:    8636664 bytes,   14753352 total
[2022-04-29T01:28:27.245+0000][160][gc,phases   ] GC(28)   Pre Evacuate Collection Set: 0.1ms
[2022-04-29T01:28:27.246+0000][160][gc,phases   ] GC(28)   Merge Heap Roots: 0.2ms
[2022-04-29T01:28:27.247+0000][160][gc,phases   ] GC(28)   Evacuate Collection Set: 7.6ms
[2022-04-29T01:28:27.249+0000][160][gc,phases   ] GC(28)   Post Evacuate Collection Set: 1.4ms
[2022-04-29T01:28:27.249+0000][160][gc,phases   ] GC(28)   Other: 13.3ms
[2022-04-29T01:28:27.250+0000][160][gc,heap     ] GC(28) Eden regions: 72->0(72)
[2022-04-29T01:28:27.250+0000][160][gc,heap     ] GC(28) Survivor regions: 4->4(10)
[2022-04-29T01:28:27.251+0000][160][gc,heap     ] GC(28) Old regions: 18->18
[2022-04-29T01:28:27.252+0000][160][gc,heap     ] GC(28) Archive regions: 2->2
[2022-04-29T01:28:27.253+0000][160][gc,heap     ] GC(28) Humongous regions: 6->6
[2022-04-29T01:28:27.253+0000][160][gc,metaspace] GC(28) Metaspace: 115283K(116992K)->115283K(116992K) NonClass: 99819K(100800K)->99819K(100800K) Class: 15464K(16192K)->15464K(16192K)
[2022-04-29T01:28:27.254+0000][160][gc          ] GC(28) Pause Young (Normal) (G1 Evacuation Pause) 402M->114M(512M) 31.097ms
[2022-04-29T01:28:27.255+0000][160][gc,cpu      ] GC(28) User=0.04s Sys=0.00s Real=0.03s
[2022-04-29T01:28:27.256+0000][160][safepoint   ] Safepoint "G1CollectForAllocation", Time since last: 567530875 ns, Reaching safepoint: 167875 ns, At safepoint: 33410125 ns, Total: 33578000 ns
[2022-04-29T01:28:28.258+0000][160][safepoint   ] Safepoint "Cleanup", Time since last: 1001360709 ns, Reaching safepoint: 193083 ns, At safepoint: 10208 ns, Total: 203291 ns
[2022-04-29T01:28:29.264+0000][160][safepoint   ] Safepoint "Cleanup", Time since last: 1004485668 ns, Reaching safepoint: 1979333 ns, At safepoint: 13542 ns, Total: 1992875 ns
[2022-04-29T01:28:30.272+0000][160][safepoint   ] Safepoint "Cleanup", Time since last: 1007032833 ns, Reaching safepoint: 318542 ns, At safepoint: 10042 ns, Total: 328584 ns
[2022-04-29T01:28:31.279+0000][160][safepoint   ] Safepoint "Cleanup", Time since last: 1005950542 ns, Reaching safepoint: 869875 ns, At safepoint: 14875 ns, Total: 884750 ns
[2022-04-29T01:28:33.296+0000][160][safepoint   ] Safepoint "Cleanup", Time since last: 2017096876 ns, Reaching safepoint: 34917 ns, At safepoint: 1750 ns, Total: 36667 ns
[2022-04-29T01:28:34.302+0000][160][safepoint   ] Safepoint "Cleanup", Time since last: 1005813292 ns, Reaching safepoint: 204750 ns, At safepoint: 5166 ns, Total: 209916 ns
[2022-04-29T01:28:36.306+0000][160][safepoint   ] Safepoint "Cleanup", Time since last: 2004075126 ns, Reaching safepoint: 342209 ns, At safepoint: 9166 ns, Total: 351375 ns
[2022-04-29T01:28:39.318+0000][160][safepoint   ] Safepoint "Cleanup", Time since last: 3011567460 ns, Reaching safepoint: 211292 ns, At safepoint: 4166 ns, Total: 215458 ns
[2022-04-29T01:28:40.321+0000][160][safepoint   ] Safepoint "Cleanup", Time since last: 1001176334 ns, Reaching safepoint: 1515375 ns, At safepoint: 25625 ns, Total: 1541000 ns
[2022-04-29T01:28:41.344+0000][160][safepoint   ] Safepoint "Cleanup", Time since last: 1009884209 ns, Reaching safepoint: 13909000 ns, At safepoint: 15708 ns, Total: 13924708 ns
[2022-04-29T01:28:42.348+0000][160][safepoint   ] Safepoint "Cleanup", Time since last: 1002985001 ns, Reaching safepoint: 265833 ns, At safepoint: 8750 ns, Total: 274583 ns
[2022-04-29T01:28:44.361+0000][160][safepoint   ] Safepoint "Cleanup", Time since last: 2015990792 ns, Reaching safepoint: 336833 ns, At safepoint: 14875 ns, Total: 351708 ns
[2022-04-29T01:28:45.369+0000][160][safepoint   ] Safepoint "Cleanup", Time since last: 1008152084 ns, Reaching safepoint: 81250 ns, At safepoint: 2417 ns, Total: 83667 ns
[2022-04-29T01:28:46.370+0000][160][safepoint   ] Safepoint "Cleanup", Time since last: 1001062250 ns, Reaching safepoint: 59084 ns, At safepoint: 4250 ns, Total: 63334 ns
[2022-04-29T01:28:48.387+0000][160][safepoint   ] Safepoint "Cleanup", Time since last: 2016224959 ns, Reaching safepoint: 414708 ns, At safepoint: 28667 ns, Total: 443375 ns
[2022-04-29T01:28:49.396+0000][160][safepoint   ] Safepoint "Cleanup", Time since last: 1008796584 ns, Reaching safepoint: 360958 ns, At safepoint: 9750 ns, Total: 370708 ns
[2022-04-29T01:28:51.415+0000][160][safepoint   ] Safepoint "Cleanup", Time since last: 2018602626 ns, Reaching safepoint: 136584 ns, At safepoint: 3958 ns, Total: 140542 ns
[2022-04-29T01:28:52.422+0000][160][safepoint   ] Safepoint "Cleanup", Time since last: 1003907542 ns, Reaching safepoint: 3381125 ns, At safepoint: 17583 ns, Total: 3398708 ns
[2022-04-29T01:28:53.440+0000][160][safepoint   ] Safepoint "Cleanup", Time since last: 1017616542 ns, Reaching safepoint: 204959 ns, At safepoint: 12250 ns, Total: 217209 ns
[2022-04-29T01:28:54.444+0000][160][safepoint   ] Safepoint "Cleanup", Time since last: 1003095709 ns, Reaching safepoint: 1167958 ns, At safepoint: 15375 ns, Total: 1183333 ns
[2022-04-29T01:28:56.464+0000][160][safepoint   ] Safepoint "Cleanup", Time since last: 2018450834 ns, Reaching safepoint: 950500 ns, At safepoint: 38250 ns, Total: 988750 ns
[2022-04-29T01:28:57.473+0000][160][safepoint   ] Safepoint "Cleanup", Time since last: 1009558917 ns, Reaching safepoint: 305875 ns, At safepoint: 9000 ns, Total: 314875 ns
[2022-04-29T01:28:58.476+0000][160][safepoint   ] Safepoint "Cleanup", Time since last: 1002141834 ns, Reaching safepoint: 222167 ns, At safepoint: 6542 ns, Total: 228709 ns
[2022-04-29T01:29:00.480+0000][160][safepoint   ] Safepoint "Cleanup", Time since last: 2004195292 ns, Reaching safepoint: 176917 ns, At safepoint: 4625 ns, Total: 181542 ns
[2022-04-29T01:29:01.482+0000][160][safepoint   ] Safepoint "Cleanup", Time since last: 1001019750 ns, Reaching safepoint: 389917 ns, At safepoint: 4417 ns, Total: 394334 ns
[2022-04-29T01:29:03.483+0000][160][safepoint   ] Safepoint "Cleanup", Time since last: 2001371709 ns, Reaching safepoint: 143375 ns, At safepoint: 4958 ns, Total: 148333 ns
[2022-04-29T01:29:06.492+0000][160][safepoint   ] Safepoint "Cleanup", Time since last: 3008347252 ns, Reaching safepoint: 392791 ns, At safepoint: 114334 ns, Total: 507125 ns
[2022-04-29T01:29:08.505+0000][160][safepoint   ] Safepoint "Cleanup", Time since last: 2012478001 ns, Reaching safepoint: 196666 ns, At safepoint: 7000 ns, Total: 203666 ns
[2022-04-29T01:29:09.509+0000][160][safepoint   ] Safepoint "Cleanup", Time since last: 1004506876 ns, Reaching safepoint: 77083 ns, At safepoint: 2500 ns, Total: 79583 ns
[2022-04-29T01:29:10.513+0000][160][safepoint   ] Safepoint "Cleanup", Time since last: 1003244626 ns, Reaching safepoint: 109625 ns, At safepoint: 4666 ns, Total: 114291 ns
[2022-04-29T01:29:11.516+0000][160][safepoint   ] Safepoint "Cleanup", Time since last: 1003023417 ns, Reaching safepoint: 294459 ns, At safepoint: 14083 ns, Total: 308542 ns
[2022-04-29T01:29:12.522+0000][160][safepoint   ] Safepoint "Cleanup", Time since last: 1005314542 ns, Reaching safepoint: 344292 ns, At safepoint: 7583 ns, Total: 351875 ns
[2022-04-29T01:29:13.528+0000][160][safepoint   ] Safepoint "Cleanup", Time since last: 1002957292 ns, Reaching safepoint: 393583 ns, At safepoint: 16000 ns, Total: 409583 ns
[2022-04-29T01:29:15.539+0000][160][safepoint   ] Safepoint "Cleanup", Time since last: 2010428043 ns, Reaching safepoint: 114375 ns, At safepoint: 4583 ns, Total: 118958 ns
[2022-04-29T01:29:16.542+0000][160][safepoint   ] Safepoint "Cleanup", Time since last: 1003073501 ns, Reaching safepoint: 59583 ns, At safepoint: 2042 ns, Total: 61625 ns
[2022-04-29T01:29:17.549+0000][160][safepoint   ] Safepoint "Cleanup", Time since last: 1006738875 ns, Reaching safepoint: 229292 ns, At safepoint: 14708 ns, Total: 244000 ns
[2022-04-29T01:29:18.554+0000][160][safepoint   ] Safepoint "Cleanup", Time since last: 1003748125 ns, Reaching safepoint: 1043042 ns, At safepoint: 20833 ns, Total: 1063875 ns
[2022-04-29T01:29:21.567+0000][160][safepoint   ] Safepoint "Cleanup", Time since last: 3013465169 ns, Reaching safepoint: 63375 ns, At safepoint: 2833 ns, Total: 66208 ns
[2022-04-29T01:29:22.571+0000][160][safepoint   ] Safepoint "Cleanup", Time since last: 1003114417 ns, Reaching safepoint: 450292 ns, At safepoint: 15291 ns, Total: 465583 ns
[2022-04-29T01:29:23.584+0000][160][safepoint   ] Safepoint "Cleanup", Time since last: 1012431709 ns, Reaching safepoint: 350584 ns, At safepoint: 13333 ns, Total: 363917 ns
[2022-04-29T01:29:24.595+0000][160][safepoint   ] Safepoint "Cleanup", Time since last: 1011055292 ns, Reaching safepoint: 362208 ns, At safepoint: 16000 ns, Total: 378208 ns
[2022-04-29T01:29:26.613+0000][160][safepoint   ] Safepoint "Cleanup", Time since last: 2016274543 ns, Reaching safepoint: 2112417 ns, At safepoint: 20458 ns, Total: 2132875 ns
[2022-04-29T01:29:27.621+0000][160][safepoint   ] Safepoint "Cleanup", Time since last: 1007054292 ns, Reaching safepoint: 421708 ns, At safepoint: 10542 ns, Total: 432250 ns
[2022-04-29T01:29:28.630+0000][160][safepoint   ] Safepoint "Cleanup", Time since last: 1008828834 ns, Reaching safepoint: 189125 ns, At safepoint: 6667 ns, Total: 195792 ns
[2022-04-29T01:29:30.640+0000][160][safepoint   ] Safepoint "Cleanup", Time since last: 2009705709 ns, Reaching safepoint: 140417 ns, At safepoint: 5250 ns, Total: 145667 ns
[2022-04-29T01:29:31.646+0000][160][safepoint   ] Safepoint "Cleanup", Time since last: 1004403750 ns, Reaching safepoint: 1393417 ns, At safepoint: 16541 ns, Total: 1409958 ns
[2022-04-29T01:29:33.658+0000][160][safepoint   ] Safepoint "Cleanup", Time since last: 2011951543 ns, Reaching safepoint: 289417 ns, At safepoint: 8125 ns, Total: 297542 ns
[2022-04-29T01:29:36.666+0000][160][safepoint   ] Safepoint "Cleanup", Time since last: 3007973376 ns, Reaching safepoint: 354000 ns, At safepoint: 15458 ns, Total: 369458 ns
[2022-04-29T01:29:38.681+0000][160][safepoint   ] Safepoint "Cleanup", Time since last: 2014285085 ns, Reaching safepoint: 331916 ns, At safepoint: 7584 ns, Total: 339500 ns
[2022-04-29T01:29:39.683+0000][160][safepoint   ] Safepoint "Cleanup", Time since last: 1002341542 ns, Reaching safepoint: 84917 ns, At safepoint: 2875 ns, Total: 87792 ns
[2022-04-29T01:29:40.686+0000][160][safepoint   ] Safepoint "Cleanup", Time since last: 1002531417 ns, Reaching safepoint: 465833 ns, At safepoint: 15000 ns, Total: 480833 ns
[2022-04-29T01:29:41.694+0000][160][safepoint   ] Safepoint "Cleanup", Time since last: 1007087917 ns, Reaching safepoint: 551542 ns, At safepoint: 12917 ns, Total: 564459 ns
[2022-04-29T01:29:42.699+0000][160][safepoint   ] Safepoint "Cleanup", Time since last: 1005435625 ns, Reaching safepoint: 82000 ns, At safepoint: 2750 ns, Total: 84750 ns
[2022-04-29T01:29:43.696+0000][160][safepoint   ] Safepoint "Cleanup", Time since last: 1002987916 ns, Reaching safepoint: 250459 ns, At safepoint: 7041 ns, Total: 257500 ns
[2022-04-29T01:29:44.706+0000][160][safepoint   ] Safepoint "Cleanup", Time since last: 1009337168 ns, Reaching safepoint: 485375 ns, At safepoint: 163916 ns, Total: 649291 ns
[2022-04-29T01:29:45.083+0000][160][gc,start    ] GC(29) Pause Young (Normal) (G1 Evacuation Pause)
[2022-04-29T01:29:45.085+0000][160][gc,task     ] GC(29) Using 5 workers of 5 for evacuation
[2022-04-29T01:29:45.088+0000][160][gc,age      ] GC(29) Desired survivor size 20971520 bytes, new threshold 15 (max threshold 15)
[2022-04-29T01:29:45.103+0000][160][gc,age      ] GC(29) Age table with threshold 15 (max threshold 15)
[2022-04-29T01:29:45.104+0000][160][gc,age      ] GC(29) - age   1:     660912 bytes,     660912 total
[2022-04-29T01:29:45.105+0000][160][gc,age      ] GC(29) - age   2:     116528 bytes,     777440 total
[2022-04-29T01:29:45.106+0000][160][gc,age      ] GC(29) - age   3:      68176 bytes,     845616 total
[2022-04-29T01:29:45.108+0000][160][gc,age      ] GC(29) - age   4:      15368 bytes,     860984 total
[2022-04-29T01:29:45.108+0000][160][gc,age      ] GC(29) - age   5:     115096 bytes,     976080 total
[2022-04-29T01:29:45.109+0000][160][gc,age      ] GC(29) - age   6:     104272 bytes,    1080352 total
[2022-04-29T01:29:45.110+0000][160][gc,age      ] GC(29) - age   7:    1359120 bytes,    2439472 total
[2022-04-29T01:29:45.111+0000][160][gc,age      ] GC(29) - age   8:      62736 bytes,    2502208 total
[2022-04-29T01:29:45.112+0000][160][gc,age      ] GC(29) - age   9:     147752 bytes,    2649960 total
[2022-04-29T01:29:45.113+0000][160][gc,age      ] GC(29) - age  10:     566392 bytes,    3216352 total
[2022-04-29T01:29:45.114+0000][160][gc,age      ] GC(29) - age  11:    1682200 bytes,    4898552 total
[2022-04-29T01:29:45.115+0000][160][gc,age      ] GC(29) - age  12:    8636664 bytes,   13535216 total
[2022-04-29T01:29:45.115+0000][160][gc,phases   ] GC(29)   Pre Evacuate Collection Set: 0.6ms
[2022-04-29T01:29:45.116+0000][160][gc,phases   ] GC(29)   Merge Heap Roots: 0.5ms
[2022-04-29T01:29:45.117+0000][160][gc,phases   ] GC(29)   Evacuate Collection Set: 10.2ms
[2022-04-29T01:29:45.118+0000][160][gc,phases   ] GC(29)   Post Evacuate Collection Set: 1.6ms
[2022-04-29T01:29:45.119+0000][160][gc,phases   ] GC(29)   Other: 19.3ms
[2022-04-29T01:29:45.120+0000][160][gc,heap     ] GC(29) Eden regions: 72->0(72)
[2022-04-29T01:29:45.121+0000][160][gc,heap     ] GC(29) Survivor regions: 4->4(10)
[2022-04-29T01:29:45.121+0000][160][gc,heap     ] GC(29) Old regions: 18->18
[2022-04-29T01:29:45.122+0000][160][gc,heap     ] GC(29) Archive regions: 2->2
[2022-04-29T01:29:45.123+0000][160][gc,heap     ] GC(29) Humongous regions: 6->6
[2022-04-29T01:29:45.123+0000][160][gc,metaspace] GC(29) Metaspace: 115384K(117056K)->115384K(117056K) NonClass: 99919K(100864K)->99919K(100864K) Class: 15465K(16192K)->15465K(16192K)
[2022-04-29T01:29:45.124+0000][160][gc          ] GC(29) Pause Young (Normal) (G1 Evacuation Pause) 402M->113M(512M) 40.959ms
[2022-04-29T01:29:45.125+0000][160][gc,cpu      ] GC(29) User=0.04s Sys=0.00s Real=0.04s
[2022-04-29T01:29:45.126+0000][160][safepoint   ] Safepoint "G1CollectForAllocation", Time since last: 376968125 ns, Reaching safepoint: 319584 ns, At safepoint: 42854250 ns, Total: 43173834 ns
[2022-04-29T01:29:46.127+0000][160][safepoint   ] Safepoint "Cleanup", Time since last: 1001011375 ns, Reaching safepoint: 130667 ns, At safepoint: 4375 ns, Total: 135042 ns
[2022-04-29T01:29:48.132+0000][160][safepoint   ] Safepoint "Cleanup", Time since last: 2003822959 ns, Reaching safepoint: 458292 ns, At safepoint: 38875 ns, Total: 497167 ns
[2022-04-29T01:29:49.134+0000][160][safepoint   ] Safepoint "Cleanup", Time since last: 1002156417 ns, Reaching safepoint: 666167 ns, At safepoint: 18625 ns, Total: 684792 ns
[2022-04-29T01:29:51.142+0000][160][safepoint   ] Safepoint "Cleanup", Time since last: 2007865876 ns, Reaching safepoint: 45416 ns, At safepoint: 2792 ns, Total: 48208 ns
[2022-04-29T01:29:54.151+0000][160][safepoint   ] Safepoint "Cleanup", Time since last: 3008133710 ns, Reaching safepoint: 211875 ns, At safepoint: 4500 ns, Total: 216375 ns
[2022-04-29T01:29:56.155+0000][160][safepoint   ] Safepoint "Cleanup", Time since last: 2003761292 ns, Reaching safepoint: 818000 ns, At safepoint: 14834 ns, Total: 832834 ns
[2022-04-29T01:29:57.167+0000][160][safepoint   ] Safepoint "Cleanup", Time since last: 1012034000 ns, Reaching safepoint: 59709 ns, At safepoint: 2416 ns, Total: 62125 ns
[2022-04-29T01:29:58.171+0000][160][safepoint   ] Safepoint "Cleanup", Time since last: 1002943626 ns, Reaching safepoint: 300416 ns, At safepoint: 12042 ns, Total: 312458 ns
[2022-04-29T01:29:59.180+0000][160][safepoint   ] Safepoint "Cleanup", Time since last: 1008725709 ns, Reaching safepoint: 451333 ns, At safepoint: 48000 ns, Total: 499333 ns
[2022-04-29T01:30:00.190+0000][160][safepoint   ] Safepoint "Cleanup", Time since last: 1009671876 ns, Reaching safepoint: 245875 ns, At safepoint: 28958 ns, Total: 274833 ns
[2022-04-29T01:30:01.194+0000][160][safepoint   ] Safepoint "Cleanup", Time since last: 1003606459 ns, Reaching safepoint: 476333 ns, At safepoint: 15000 ns, Total: 491333 ns
[2022-04-29T01:30:03.201+0000][160][safepoint   ] Safepoint "Cleanup", Time since last: 2007441126 ns, Reaching safepoint: 134292 ns, At safepoint: 4291 ns, Total: 138583 ns
[2022-04-29T01:30:04.203+0000][160][safepoint   ] Safepoint "Cleanup", Time since last: 1001721084 ns, Reaching safepoint: 170334 ns, At safepoint: 10958 ns, Total: 181292 ns
[2022-04-29T01:30:06.206+0000][160][safepoint   ] Safepoint "Cleanup", Time since last: 2002145751 ns, Reaching safepoint: 172167 ns, At safepoint: 8708 ns, Total: 180875 ns
[2022-04-29T01:30:09.213+0000][160][safepoint   ] Safepoint "Cleanup", Time since last: 3007279960 ns, Reaching safepoint: 82083 ns, At safepoint: 2625 ns, Total: 84708 ns
[2022-04-29T01:30:10.219+0000][160][safepoint   ] Safepoint "Cleanup", Time since last: 1006082625 ns, Reaching safepoint: 180959 ns, At safepoint: 6333 ns, Total: 187292 ns
[2022-04-29T01:30:11.226+0000][160][safepoint   ] Safepoint "Cleanup", Time since last: 1006523709 ns, Reaching safepoint: 267167 ns, At safepoint: 7250 ns, Total: 274417 ns
[2022-04-29T01:30:12.230+0000][160][safepoint   ] Safepoint "Cleanup", Time since last: 1003878083 ns, Reaching safepoint: 480500 ns, At safepoint: 26584 ns, Total: 507084 ns
[2022-04-29T01:30:14.241+0000][160][safepoint   ] Safepoint "Cleanup", Time since last: 2009002584 ns, Reaching safepoint: 356375 ns, At safepoint: 13125 ns, Total: 369500 ns
[2022-04-29T01:30:15.247+0000][160][safepoint   ] Safepoint "Cleanup", Time since last: 1005477125 ns, Reaching safepoint: 126167 ns, At safepoint: 5125 ns, Total: 131292 ns
[2022-04-29T01:30:16.249+0000][160][safepoint   ] Safepoint "Cleanup", Time since last: 1001196167 ns, Reaching safepoint: 883417 ns, At safepoint: 13125 ns, Total: 896542 ns
[2022-04-29T01:30:18.260+0000][160][safepoint   ] Safepoint "Cleanup", Time since last: 2010411001 ns, Reaching safepoint: 651250 ns, At safepoint: 7166 ns, Total: 658416 ns
[2022-04-29T01:30:19.266+0000][160][safepoint   ] Safepoint "Cleanup", Time since last: 1005270417 ns, Reaching safepoint: 1007584 ns, At safepoint: 24000 ns, Total: 1031584 ns
[2022-04-29T01:30:21.275+0000][160][safepoint   ] Safepoint "Cleanup", Time since last: 2008613959 ns, Reaching safepoint: 166500 ns, At safepoint: 3292 ns, Total: 169792 ns
[2022-04-29T01:30:24.282+0000][160][safepoint   ] Safepoint "Cleanup", Time since last: 3006251293 ns, Reaching safepoint: 52125 ns, At safepoint: 2292 ns, Total: 54417 ns
[2022-04-29T01:30:25.286+0000][160][safepoint   ] Safepoint "Cleanup", Time since last: 1003946833 ns, Reaching safepoint: 277042 ns, At safepoint: 9458 ns, Total: 286500 ns
[2022-04-29T01:30:26.297+0000][160][safepoint   ] Safepoint "Cleanup", Time since last: 1011613542 ns, Reaching safepoint: 105792 ns, At safepoint: 2875 ns, Total: 108667 ns
[2022-04-29T01:30:27.300+0000][160][safepoint   ] Safepoint "Cleanup", Time since last: 1002095042 ns, Reaching safepoint: 56209 ns, At safepoint: 2333 ns, Total: 58542 ns
[2022-04-29T01:30:29.302+0000][160][safepoint   ] Safepoint "Cleanup", Time since last: 2002461751 ns, Reaching safepoint: 347333 ns, At safepoint: 12459 ns, Total: 359792 ns
[2022-04-29T01:30:30.313+0000][160][safepoint   ] Safepoint "Cleanup", Time since last: 1010676000 ns, Reaching safepoint: 345167 ns, At safepoint: 15541 ns, Total: 360708 ns
[2022-04-29T01:30:31.319+0000][160][safepoint   ] Safepoint "Cleanup", Time since last: 1005157043 ns, Reaching safepoint: 557416 ns, At safepoint: 20167 ns, Total: 577583 ns
[2022-04-29T01:30:33.326+0000][160][safepoint   ] Safepoint "Cleanup", Time since last: 2006409876 ns, Reaching safepoint: 426375 ns, At safepoint: 20458 ns, Total: 446833 ns
[2022-04-29T01:30:34.329+0000][160][safepoint   ] Safepoint "Cleanup", Time since last: 1002558042 ns, Reaching safepoint: 192375 ns, At safepoint: 5500 ns, Total: 197875 ns
[2022-04-29T01:30:36.333+0000][160][safepoint   ] Safepoint "Cleanup", Time since last: 2003599210 ns, Reaching safepoint: 274166 ns, At safepoint: 10709 ns, Total: 284875 ns
[2022-04-29T01:30:39.345+0000][160][safepoint   ] Safepoint "Cleanup", Time since last: 3012315709 ns, Reaching safepoint: 371917 ns, At safepoint: 6167 ns, Total: 378084 ns
[2022-04-29T01:30:41.347+0000][160][safepoint   ] Safepoint "Cleanup", Time since last: 2001112417 ns, Reaching safepoint: 276167 ns, At safepoint: 32250 ns, Total: 308417 ns
[2022-04-29T01:30:42.354+0000][160][safepoint   ] Safepoint "Cleanup", Time since last: 1006416584 ns, Reaching safepoint: 517166 ns, At safepoint: 17584 ns, Total: 534750 ns
[2022-04-29T01:30:44.363+0000][160][safepoint   ] Safepoint "Cleanup", Time since last: 2009411417 ns, Reaching safepoint: 623125 ns, At safepoint: 14292 ns, Total: 637417 ns
[2022-04-29T01:30:45.370+0000][160][safepoint   ] Safepoint "Cleanup", Time since last: 1006844417 ns, Reaching safepoint: 187875 ns, At safepoint: 4083 ns, Total: 191958 ns
[2022-04-29T01:30:46.374+0000][160][safepoint   ] Safepoint "Cleanup", Time since last: 1002942209 ns, Reaching safepoint: 374708 ns, At safepoint: 14209 ns, Total: 388917 ns
[2022-04-29T01:30:47.384+0000][160][safepoint   ] Safepoint "Cleanup", Time since last: 1007897584 ns, Reaching safepoint: 2080625 ns, At safepoint: 19333 ns, Total: 2099958 ns
[2022-04-29T01:30:48.418+0000][160][safepoint   ] Safepoint "Cleanup", Time since last: 1033578209 ns, Reaching safepoint: 857083 ns, At safepoint: 23125 ns, Total: 880208 ns
[2022-04-29T01:30:49.427+0000][160][safepoint   ] Safepoint "Cleanup", Time since last: 1008118126 ns, Reaching safepoint: 383916 ns, At safepoint: 17417 ns, Total: 401333 ns
[2022-04-29T01:30:51.433+0000][160][safepoint   ] Safepoint "Cleanup", Time since last: 2006471126 ns, Reaching safepoint: 165625 ns, At safepoint: 3625 ns, Total: 169250 ns
[2022-04-29T01:30:54.445+0000][160][safepoint   ] Safepoint "Cleanup", Time since last: 3011304293 ns, Reaching safepoint: 436958 ns, At safepoint: 17209 ns, Total: 454167 ns
[2022-04-29T01:30:56.455+0000][160][safepoint   ] Safepoint "Cleanup", Time since last: 2009654251 ns, Reaching safepoint: 370041 ns, At safepoint: 11667 ns, Total: 381708 ns
[2022-04-29T01:30:57.460+0000][160][safepoint   ] Safepoint "Cleanup", Time since last: 1004766125 ns, Reaching safepoint: 153292 ns, At safepoint: 7125 ns, Total: 160417 ns
[2022-04-29T01:30:58.461+0000][160][safepoint   ] Safepoint "Cleanup", Time since last: 1001248334 ns, Reaching safepoint: 61500 ns, At safepoint: 3625 ns, Total: 65125 ns
[2022-04-29T01:31:00.468+0000][160][safepoint   ] Safepoint "Cleanup", Time since last: 2006677501 ns, Reaching safepoint: 306041 ns, At safepoint: 13209 ns, Total: 319250 ns
[2022-04-29T01:31:01.477+0000][160][safepoint   ] Safepoint "Cleanup", Time since last: 1007748375 ns, Reaching safepoint: 314792 ns, At safepoint: 7542 ns, Total: 322334 ns
[2022-04-29T01:31:03.236+0000][160][gc,start    ] GC(30) Pause Young (Normal) (G1 Evacuation Pause)
[2022-04-29T01:31:03.236+0000][160][gc,task     ] GC(30) Using 5 workers of 5 for evacuation
[2022-04-29T01:31:03.237+0000][160][gc,age      ] GC(30) Desired survivor size 20971520 bytes, new threshold 15 (max threshold 15)
[2022-04-29T01:31:03.244+0000][160][gc,age      ] GC(30) Age table with threshold 15 (max threshold 15)
[2022-04-29T01:31:03.245+0000][160][gc,age      ] GC(30) - age   1:    1233800 bytes,    1233800 total
[2022-04-29T01:31:03.246+0000][160][gc,age      ] GC(30) - age   2:      81344 bytes,    1315144 total
[2022-04-29T01:31:03.247+0000][160][gc,age      ] GC(30) - age   3:     114968 bytes,    1430112 total
[2022-04-29T01:31:03.247+0000][160][gc,age      ] GC(30) - age   4:      67800 bytes,    1497912 total
[2022-04-29T01:31:03.248+0000][160][gc,age      ] GC(30) - age   5:      14752 bytes,    1512664 total
[2022-04-29T01:31:03.249+0000][160][gc,age      ] GC(30) - age   6:     115064 bytes,    1627728 total
[2022-04-29T01:31:03.249+0000][160][gc,age      ] GC(30) - age   7:     104272 bytes,    1732000 total
[2022-04-29T01:31:03.250+0000][160][gc,age      ] GC(30) - age   8:    1359120 bytes,    3091120 total
[2022-04-29T01:31:03.251+0000][160][gc,age      ] GC(30) - age   9:      62736 bytes,    3153856 total
[2022-04-29T01:31:03.251+0000][160][gc,age      ] GC(30) - age  10:     147752 bytes,    3301608 total
[2022-04-29T01:31:03.252+0000][160][gc,age      ] GC(30) - age  11:     566392 bytes,    3868000 total
[2022-04-29T01:31:03.253+0000][160][gc,age      ] GC(30) - age  12:    1682200 bytes,    5550200 total
[2022-04-29T01:31:03.253+0000][160][gc,age      ] GC(30) - age  13:    8636464 bytes,   14186664 total
[2022-04-29T01:31:03.254+0000][160][gc,phases   ] GC(30)   Pre Evacuate Collection Set: 0.1ms
[2022-04-29T01:31:03.255+0000][160][gc,phases   ] GC(30)   Merge Heap Roots: 0.1ms
[2022-04-29T01:31:03.255+0000][160][gc,phases   ] GC(30)   Evacuate Collection Set: 5.4ms
[2022-04-29T01:31:03.256+0000][160][gc,phases   ] GC(30)   Post Evacuate Collection Set: 1.3ms
[2022-04-29T01:31:03.257+0000][160][gc,phases   ] GC(30)   Other: 11.8ms
[2022-04-29T01:31:03.258+0000][160][gc,heap     ] GC(30) Eden regions: 72->0(72)
[2022-04-29T01:31:03.258+0000][160][gc,heap     ] GC(30) Survivor regions: 4->4(10)
[2022-04-29T01:31:03.259+0000][160][gc,heap     ] GC(30) Old regions: 18->18
[2022-04-29T01:31:03.259+0000][160][gc,heap     ] GC(30) Archive regions: 2->2
[2022-04-29T01:31:03.260+0000][160][gc,heap     ] GC(30) Humongous regions: 6->6
[2022-04-29T01:31:03.261+0000][160][gc,metaspace] GC(30) Metaspace: 115485K(117248K)->115485K(117248K) NonClass: 100020K(101056K)->100020K(101056K) Class: 15465K(16192K)->15465K(16192K)
[2022-04-29T01:31:03.261+0000][160][gc          ] GC(30) Pause Young (Normal) (G1 Evacuation Pause) 401M->114M(512M) 25.678ms
[2022-04-29T01:31:03.262+0000][160][gc,cpu      ] GC(30) User=0.03s Sys=0.00s Real=0.03s
[2022-04-29T01:31:03.263+0000][160][safepoint   ] Safepoint "G1CollectForAllocation", Time since last: 1759077000 ns, Reaching safepoint: 97000 ns, At safepoint: 27081667 ns, Total: 27178667 ns
[2022-04-29T01:31:04.267+0000][160][safepoint   ] Safepoint "Cleanup", Time since last: 1003883376 ns, Reaching safepoint: 90625 ns, At safepoint: 2416 ns, Total: 93041 ns
[2022-04-29T01:31:06.269+0000][160][safepoint   ] Safepoint "Cleanup", Time since last: 2001858168 ns, Reaching safepoint: 199083 ns, At safepoint: 33334 ns, Total: 232417 ns
[2022-04-29T01:31:09.274+0000][160][safepoint   ] Safepoint "Cleanup", Time since last: 3004064626 ns, Reaching safepoint: 740917 ns, At safepoint: 4666 ns, Total: 745583 ns
[2022-04-29T01:31:10.275+0000][160][safepoint   ] Safepoint "Cleanup", Time since last: 1001031376 ns, Reaching safepoint: 114000 ns, At safepoint: 10500 ns, Total: 124500 ns
[2022-04-29T01:31:11.278+0000][160][safepoint   ] Safepoint "Cleanup", Time since last: 1002543125 ns, Reaching safepoint: 918125 ns, At safepoint: 8542 ns, Total: 926667 ns
[2022-04-29T01:31:12.286+0000][160][safepoint   ] Safepoint "Cleanup", Time since last: 1006845667 ns, Reaching safepoint: 456292 ns, At safepoint: 7500 ns, Total: 463792 ns
[2022-04-29T01:31:14.304+0000][160][safepoint   ] Safepoint "Cleanup", Time since last: 2008926791 ns, Reaching safepoint: 5345209 ns, At safepoint: 13458 ns, Total: 5358667 ns
[2022-04-29T01:31:15.306+0000][160][safepoint   ] Safepoint "Cleanup", Time since last: 1002689792 ns, Reaching safepoint: 52625 ns, At safepoint: 2459 ns, Total: 55084 ns
[2022-04-29T01:31:16.310+0000][160][safepoint   ] Safepoint "Cleanup", Time since last: 1003404750 ns, Reaching safepoint: 359667 ns, At safepoint: 6500 ns, Total: 366167 ns
[2022-04-29T01:31:18.321+0000][160][safepoint   ] Safepoint "Cleanup", Time since last: 2010446459 ns, Reaching safepoint: 443500 ns, At safepoint: 12458 ns, Total: 455958 ns
[2022-04-29T01:31:19.326+0000][160][safepoint   ] Safepoint "Cleanup", Time since last: 1004438792 ns, Reaching safepoint: 355917 ns, At safepoint: 7875 ns, Total: 363792 ns
[2022-04-29T01:31:21.330+0000][160][safepoint   ] Safepoint "Cleanup", Time since last: 2003758584 ns, Reaching safepoint: 276084 ns, At safepoint: 4583 ns, Total: 280667 ns
[2022-04-29T01:31:22.335+0000][160][safepoint   ] Safepoint "Cleanup", Time since last: 1004724834 ns, Reaching safepoint: 202042 ns, At safepoint: 5000 ns, Total: 207042 ns
[2022-04-29T01:31:24.342+0000][160][safepoint   ] Safepoint "Cleanup", Time since last: 2007019501 ns, Reaching safepoint: 230958 ns, At safepoint: 11958 ns, Total: 242916 ns
[2022-04-29T01:31:26.365+0000][160][safepoint   ] Safepoint "Cleanup", Time since last: 2022419960 ns, Reaching safepoint: 769208 ns, At safepoint: 17458 ns, Total: 786666 ns
[2022-04-29T01:31:27.370+0000][160][safepoint   ] Safepoint "Cleanup", Time since last: 1004878917 ns, Reaching safepoint: 392417 ns, At safepoint: 7583 ns, Total: 400000 ns
[2022-04-29T01:31:28.376+0000][160][safepoint   ] Safepoint "Cleanup", Time since last: 1005539417 ns, Reaching safepoint: 337375 ns, At safepoint: 14417 ns, Total: 351792 ns
[2022-04-29T01:31:29.386+0000][160][safepoint   ] Safepoint "Cleanup", Time since last: 1009379001 ns, Reaching safepoint: 161416 ns, At safepoint: 5292 ns, Total: 166708 ns
[2022-04-29T01:31:30.391+0000][160][safepoint   ] Safepoint "Cleanup", Time since last: 1004459875 ns, Reaching safepoint: 460000 ns, At safepoint: 11917 ns, Total: 471917 ns
[2022-04-29T01:31:31.394+0000][160][safepoint   ] Safepoint "Cleanup", Time since last: 1002488376 ns, Reaching safepoint: 324125 ns, At safepoint: 14125 ns, Total: 338250 ns
[2022-04-29T01:31:33.406+0000][160][safepoint   ] Safepoint "Cleanup", Time since last: 2012747167 ns, Reaching safepoint: 50042 ns, At safepoint: 1958 ns, Total: 52000 ns
[2022-04-29T01:31:34.408+0000][160][safepoint   ] Safepoint "Cleanup", Time since last: 1001128167 ns, Reaching safepoint: 211917 ns, At safepoint: 6875 ns, Total: 218792 ns
[2022-04-29T01:31:36.426+0000][160][safepoint   ] Safepoint "Cleanup", Time since last: 2017980459 ns, Reaching safepoint: 144875 ns, At safepoint: 5209 ns, Total: 150084 ns
[2022-04-29T01:31:37.442+0000][160][safepoint   ] Safepoint "Cleanup", Time since last: 1015448667 ns, Reaching safepoint: 375708 ns, At safepoint: 11833 ns, Total: 387541 ns
[2022-04-29T01:31:39.454+0000][160][safepoint   ] Safepoint "Cleanup", Time since last: 2012408168 ns, Reaching safepoint: 117375 ns, At safepoint: 4375 ns, Total: 121750 ns
[2022-04-29T01:31:41.464+0000][160][safepoint   ] Safepoint "Cleanup", Time since last: 2009106001 ns, Reaching safepoint: 230625 ns, At safepoint: 5750 ns, Total: 236375 ns
[2022-04-29T01:31:42.467+0000][160][safepoint   ] Safepoint "Cleanup", Time since last: 1002994167 ns, Reaching safepoint: 242625 ns, At safepoint: 7125 ns, Total: 249750 ns
[2022-04-29T01:31:44.480+0000][160][safepoint   ] Safepoint "Cleanup", Time since last: 2015595293 ns, Reaching safepoint: 861708 ns, At safepoint: 11167 ns, Total: 872875 ns
[2022-04-29T01:31:45.485+0000][160][safepoint   ] Safepoint "Cleanup", Time since last: 1004638750 ns, Reaching safepoint: 155667 ns, At safepoint: 3666 ns, Total: 159333 ns
[2022-04-29T01:31:46.486+0000][160][safepoint   ] Safepoint "Cleanup", Time since last: 1001054376 ns, Reaching safepoint: 106791 ns, At safepoint: 3959 ns, Total: 110750 ns
[2022-04-29T01:31:48.491+0000][160][safepoint   ] Safepoint "Cleanup", Time since last: 2004355751 ns, Reaching safepoint: 443666 ns, At safepoint: 16875 ns, Total: 460541 ns
[2022-04-29T01:31:51.500+0000][160][safepoint   ] Safepoint "Cleanup", Time since last: 3008271710 ns, Reaching safepoint: 138750 ns, At safepoint: 4459 ns, Total: 143209 ns
[2022-04-29T01:31:53.022+0000][160][safepoint   ] Safepoint "Cleanup", Time since last: 1522169417 ns, Reaching safepoint: 641208 ns, At safepoint: 17459 ns, Total: 658667 ns
[2022-04-29T01:31:54.040+0000][160][safepoint   ] Safepoint "Cleanup", Time since last: 1017574625 ns, Reaching safepoint: 349042 ns, At safepoint: 13208 ns, Total: 362250 ns
[2022-04-29T01:31:55.048+0000][160][safepoint   ] Safepoint "Cleanup", Time since last: 1007073501 ns, Reaching safepoint: 505875 ns, At safepoint: 15958 ns, Total: 521833 ns
[2022-04-29T01:31:56.072+0000][160][safepoint   ] Safepoint "Cleanup", Time since last: 1023474875 ns, Reaching safepoint: 446792 ns, At safepoint: 27042 ns, Total: 473834 ns
[2022-04-29T01:31:58.076+0000][160][safepoint   ] Safepoint "Cleanup", Time since last: 2003592376 ns, Reaching safepoint: 84625 ns, At safepoint: 27166 ns, Total: 111791 ns
[2022-04-29T01:31:59.081+0000][160][safepoint   ] Safepoint "Cleanup", Time since last: 1004602459 ns, Reaching safepoint: 564833 ns, At safepoint: 54334 ns, Total: 619167 ns
[2022-04-29T01:32:01.103+0000][160][safepoint   ] Safepoint "Cleanup", Time since last: 2019615042 ns, Reaching safepoint: 2692875 ns, At safepoint: 21000 ns, Total: 2713875 ns
[2022-04-29T01:32:03.133+0000][160][safepoint   ] Safepoint "Cleanup", Time since last: 2030121876 ns, Reaching safepoint: 107375 ns, At safepoint: 5334 ns, Total: 112709 ns
[2022-04-29T01:32:04.138+0000][160][safepoint   ] Safepoint "Cleanup", Time since last: 1004015875 ns, Reaching safepoint: 287250 ns, At safepoint: 10792 ns, Total: 298042 ns
[2022-04-29T01:32:06.147+0000][160][safepoint   ] Safepoint "Cleanup", Time since last: 2008821751 ns, Reaching safepoint: 294542 ns, At safepoint: 124291 ns, Total: 418833 ns
[2022-04-29T01:32:09.152+0000][160][safepoint   ] Safepoint "Cleanup", Time since last: 3005341168 ns, Reaching safepoint: 65417 ns, At safepoint: 2125 ns, Total: 67542 ns
[2022-04-29T01:32:10.156+0000][160][safepoint   ] Safepoint "Cleanup", Time since last: 1003714834 ns, Reaching safepoint: 257875 ns, At safepoint: 10708 ns, Total: 268583 ns
[2022-04-29T01:32:11.159+0000][160][safepoint   ] Safepoint "Cleanup", Time since last: 1002682376 ns, Reaching safepoint: 101500 ns, At safepoint: 3041 ns, Total: 104541 ns
[2022-04-29T01:32:12.163+0000][160][safepoint   ] Safepoint "Cleanup", Time since last: 1003086917 ns, Reaching safepoint: 309417 ns, At safepoint: 11458 ns, Total: 320875 ns
[2022-04-29T01:32:14.163+0000][160][safepoint   ] Safepoint "Cleanup", Time since last: 2007176292 ns, Reaching safepoint: 427250 ns, At safepoint: 12875 ns, Total: 440125 ns
[2022-04-29T01:32:15.175+0000][160][safepoint   ] Safepoint "Cleanup", Time since last: 1011796167 ns, Reaching safepoint: 58042 ns, At safepoint: 1750 ns, Total: 59792 ns
[2022-04-29T01:32:16.177+0000][160][safepoint   ] Safepoint "Cleanup", Time since last: 1001149250 ns, Reaching safepoint: 222250 ns, At safepoint: 13375 ns, Total: 235625 ns
[2022-04-29T01:32:18.189+0000][160][safepoint   ] Safepoint "Cleanup", Time since last: 2012174335 ns, Reaching safepoint: 153708 ns, At safepoint: 5667 ns, Total: 159375 ns
[2022-04-29T01:32:19.519+0000][160][safepoint   ] Safepoint "Cleanup", Time since last: 1329529542 ns, Reaching safepoint: 117833 ns, At safepoint: 15084 ns, Total: 132917 ns
[2022-04-29T01:32:21.445+0000][160][gc,start    ] GC(31) Pause Young (Normal) (G1 Evacuation Pause)
[2022-04-29T01:32:21.446+0000][160][gc,task     ] GC(31) Using 5 workers of 5 for evacuation
[2022-04-29T01:32:21.447+0000][160][gc,age      ] GC(31) Desired survivor size 20971520 bytes, new threshold 15 (max threshold 15)
[2022-04-29T01:32:21.454+0000][160][gc,age      ] GC(31) Age table with threshold 15 (max threshold 15)
[2022-04-29T01:32:21.455+0000][160][gc,age      ] GC(31) - age   1:    1453032 bytes,    1453032 total
[2022-04-29T01:32:21.456+0000][160][gc,age      ] GC(31) - age   2:      22512 bytes,    1475544 total
[2022-04-29T01:32:21.456+0000][160][gc,age      ] GC(31) - age   3:      79360 bytes,    1554904 total
[2022-04-29T01:32:21.457+0000][160][gc,age      ] GC(31) - age   4:     114528 bytes,    1669432 total
[2022-04-29T01:32:21.457+0000][160][gc,age      ] GC(31) - age   5:      66464 bytes,    1735896 total
[2022-04-29T01:32:21.458+0000][160][gc,age      ] GC(31) - age   6:      14440 bytes,    1750336 total
[2022-04-29T01:32:21.459+0000][160][gc,age      ] GC(31) - age   7:     115000 bytes,    1865336 total
[2022-04-29T01:32:21.459+0000][160][gc,age      ] GC(31) - age   8:     104272 bytes,    1969608 total
[2022-04-29T01:32:21.460+0000][160][gc,age      ] GC(31) - age   9:    1359120 bytes,    3328728 total
[2022-04-29T01:32:21.461+0000][160][gc,age      ] GC(31) - age  10:      62736 bytes,    3391464 total
[2022-04-29T01:32:21.461+0000][160][gc,age      ] GC(31) - age  11:     147752 bytes,    3539216 total
[2022-04-29T01:32:21.462+0000][160][gc,age      ] GC(31) - age  12:     566392 bytes,    4105608 total
[2022-04-29T01:32:21.462+0000][160][gc,age      ] GC(31) - age  13:    1682200 bytes,    5787808 total
[2022-04-29T01:32:21.463+0000][160][gc,age      ] GC(31) - age  14:    8636464 bytes,   14424272 total
[2022-04-29T01:32:21.464+0000][160][gc,phases   ] GC(31)   Pre Evacuate Collection Set: 0.1ms
[2022-04-29T01:32:21.464+0000][160][gc,phases   ] GC(31)   Merge Heap Roots: 0.1ms
[2022-04-29T01:32:21.464+0000][160][gc,phases   ] GC(31)   Evacuate Collection Set: 4.7ms
[2022-04-29T01:32:21.465+0000][160][gc,phases   ] GC(31)   Post Evacuate Collection Set: 1.5ms
[2022-04-29T01:32:21.466+0000][160][gc,phases   ] GC(31)   Other: 12.5ms
[2022-04-29T01:32:21.466+0000][160][gc,heap     ] GC(31) Eden regions: 72->0(72)
[2022-04-29T01:32:21.467+0000][160][gc,heap     ] GC(31) Survivor regions: 4->4(10)
[2022-04-29T01:32:21.467+0000][160][gc,heap     ] GC(31) Old regions: 18->18
[2022-04-29T01:32:21.468+0000][160][gc,heap     ] GC(31) Archive regions: 2->2
[2022-04-29T01:32:21.469+0000][160][gc,heap     ] GC(31) Humongous regions: 6->6
[2022-04-29T01:32:21.470+0000][160][gc,metaspace] GC(31) Metaspace: 115617K(117376K)->115617K(117376K) NonClass: 100146K(101184K)->100146K(101184K) Class: 15471K(16192K)->15471K(16192K)
[2022-04-29T01:32:21.470+0000][160][gc          ] GC(31) Pause Young (Normal) (G1 Evacuation Pause) 402M->113M(512M) 25.763ms
[2022-04-29T01:32:21.471+0000][160][gc,cpu      ] GC(31) User=0.02s Sys=0.00s Real=0.03s
[2022-04-29T01:32:21.472+0000][160][safepoint   ] Safepoint "G1CollectForAllocation", Time since last: 1925916250 ns, Reaching safepoint: 176167 ns, At safepoint: 27216750 ns, Total: 27392917 ns
[2022-04-29T01:32:24.479+0000][160][safepoint   ] Safepoint "Cleanup", Time since last: 3005937668 ns, Reaching safepoint: 705375 ns, At safepoint: 39209 ns, Total: 744584 ns
[2022-04-29T01:32:26.485+0000][160][safepoint   ] Safepoint "Cleanup", Time since last: 2005968042 ns, Reaching safepoint: 173792 ns, At safepoint: 9667 ns, Total: 183459 ns
[2022-04-29T01:32:27.502+0000][160][safepoint   ] Safepoint "Cleanup", Time since last: 1017144833 ns, Reaching safepoint: 92000 ns, At safepoint: 3125 ns, Total: 95125 ns
[2022-04-29T01:32:28.507+0000][160][safepoint   ] Safepoint "Cleanup", Time since last: 1004883376 ns, Reaching safepoint: 231875 ns, At safepoint: 4208 ns, Total: 236083 ns
[2022-04-29T01:32:30.511+0000][160][safepoint   ] Safepoint "Cleanup", Time since last: 2003596293 ns, Reaching safepoint: 390791 ns, At safepoint: 29417 ns, Total: 420208 ns
[2022-04-29T01:32:31.524+0000][160][safepoint   ] Safepoint "Cleanup", Time since last: 1012817626 ns, Reaching safepoint: 82125 ns, At safepoint: 4416 ns, Total: 86541 ns
[2022-04-29T01:32:33.530+0000][160][safepoint   ] Safepoint "Cleanup", Time since last: 2005677751 ns, Reaching safepoint: 117792 ns, At safepoint: 3833 ns, Total: 121625 ns
[2022-04-29T01:32:34.546+0000][160][safepoint   ] Safepoint "Cleanup", Time since last: 1016102251 ns, Reaching safepoint: 99875 ns, At safepoint: 4375 ns, Total: 104250 ns
[2022-04-29T01:32:36.549+0000][160][safepoint   ] Safepoint "Cleanup", Time since last: 2002366167 ns, Reaching safepoint: 157209 ns, At safepoint: 7416 ns, Total: 164625 ns
[2022-04-29T01:32:38.558+0000][160][safepoint   ] Safepoint "Cleanup", Time since last: 2009147501 ns, Reaching safepoint: 341334 ns, At safepoint: 8708 ns, Total: 350042 ns
[2022-04-29T01:32:39.565+0000][160][safepoint   ] Safepoint "Cleanup", Time since last: 1006901375 ns, Reaching safepoint: 343792 ns, At safepoint: 5958 ns, Total: 349750 ns
[2022-04-29T01:32:41.589+0000][160][safepoint   ] Safepoint "Cleanup", Time since last: 2023681918 ns, Reaching safepoint: 175500 ns, At safepoint: 5458 ns, Total: 180958 ns
[2022-04-29T01:32:42.605+0000][160][safepoint   ] Safepoint "Cleanup", Time since last: 1014971126 ns, Reaching safepoint: 602625 ns, At safepoint: 17542 ns, Total: 620167 ns
[2022-04-29T01:32:43.626+0000][160][safepoint   ] Safepoint "Cleanup", Time since last: 1019196666 ns, Reaching safepoint: 368917 ns, At safepoint: 17291 ns, Total: 386208 ns
[2022-04-29T01:32:45.634+0000][160][safepoint   ] Safepoint "Cleanup", Time since last: 2007636168 ns, Reaching safepoint: 137500 ns, At safepoint: 5208 ns, Total: 142708 ns
[2022-04-29T01:32:46.637+0000][160][safepoint   ] Safepoint "Cleanup", Time since last: 1002851418 ns, Reaching safepoint: 315250 ns, At safepoint: 7750 ns, Total: 323000 ns
[2022-04-29T01:32:48.647+0000][160][safepoint   ] Safepoint "Cleanup", Time since last: 2009170917 ns, Reaching safepoint: 667000 ns, At safepoint: 18792 ns, Total: 685792 ns
[2022-04-29T01:32:51.660+0000][160][safepoint   ] Safepoint "Cleanup", Time since last: 3013780460 ns, Reaching safepoint: 103166 ns, At safepoint: 4667 ns, Total: 107833 ns
[2022-04-29T01:32:53.664+0000][160][safepoint   ] Safepoint "Cleanup", Time since last: 2003365959 ns, Reaching safepoint: 226750 ns, At safepoint: 71042 ns, Total: 297792 ns
[2022-04-29T01:32:54.667+0000][160][safepoint   ] Safepoint "Cleanup", Time since last: 1001686959 ns, Reaching safepoint: 892125 ns, At safepoint: 16750 ns, Total: 908875 ns
[2022-04-29T01:32:56.676+0000][160][safepoint   ] Safepoint "Cleanup", Time since last: 2009140792 ns, Reaching safepoint: 551792 ns, At safepoint: 17333 ns, Total: 569125 ns
[2022-04-29T01:32:57.682+0000][160][safepoint   ] Safepoint "Cleanup", Time since last: 1005195376 ns, Reaching safepoint: 89750 ns, At safepoint: 3083 ns, Total: 92833 ns
[2022-04-29T01:32:58.689+0000][160][safepoint   ] Safepoint "Cleanup", Time since last: 1006880334 ns, Reaching safepoint: 318167 ns, At safepoint: 13125 ns, Total: 331292 ns
[2022-04-29T01:33:00.698+0000][160][safepoint   ] Safepoint "Cleanup", Time since last: 2008928959 ns, Reaching safepoint: 508875 ns, At safepoint: 16750 ns, Total: 525625 ns
[2022-04-29T01:33:01.708+0000][160][safepoint   ] Safepoint "Cleanup", Time since last: 1009375000 ns, Reaching safepoint: 284667 ns, At safepoint: 14292 ns, Total: 298959 ns
[2022-04-29T01:33:03.730+0000][160][safepoint   ] Safepoint "Cleanup", Time since last: 2021639001 ns, Reaching safepoint: 233250 ns, At safepoint: 6833 ns, Total: 240083 ns
[2022-04-29T01:33:06.739+0000][160][safepoint   ] Safepoint "Cleanup", Time since last: 3008718418 ns, Reaching safepoint: 409875 ns, At safepoint: 11167 ns, Total: 421042 ns
[2022-04-29T01:33:08.750+0000][160][safepoint   ] Safepoint "Cleanup", Time since last: 2010311709 ns, Reaching safepoint: 142125 ns, At safepoint: 8042 ns, Total: 150167 ns
[2022-04-29T01:33:09.759+0000][160][safepoint   ] Safepoint "Cleanup", Time since last: 1009727417 ns, Reaching safepoint: 154750 ns, At safepoint: 8667 ns, Total: 163417 ns
[2022-04-29T01:33:11.762+0000][160][safepoint   ] Safepoint "Cleanup", Time since last: 2002094084 ns, Reaching safepoint: 134792 ns, At safepoint: 5958 ns, Total: 140750 ns
[2022-04-29T01:33:12.764+0000][160][safepoint   ] Safepoint "Cleanup", Time since last: 1002609792 ns, Reaching safepoint: 200083 ns, At safepoint: 3334 ns, Total: 203417 ns
[2022-04-29T01:33:14.073+0000][160][safepoint   ] Safepoint "Cleanup", Time since last: 1309680208 ns, Reaching safepoint: 158167 ns, At safepoint: 5708 ns, Total: 163875 ns
[2022-04-29T01:33:16.075+0000][160][safepoint   ] Safepoint "Cleanup", Time since last: 2001873710 ns, Reaching safepoint: 383958 ns, At safepoint: 14292 ns, Total: 398250 ns
[2022-04-29T01:33:19.098+0000][160][safepoint   ] Safepoint "Cleanup", Time since last: 3020746584 ns, Reaching safepoint: 1608834 ns, At safepoint: 15458 ns, Total: 1624292 ns
[2022-04-29T01:33:21.113+0000][160][safepoint   ] Safepoint "Cleanup", Time since last: 2014488459 ns, Reaching safepoint: 819042 ns, At safepoint: 204750 ns, Total: 1023792 ns
[2022-04-29T01:33:22.127+0000][160][safepoint   ] Safepoint "Cleanup", Time since last: 1012588500 ns, Reaching safepoint: 583042 ns, At safepoint: 15042 ns, Total: 598084 ns
[2022-04-29T01:33:24.145+0000][160][safepoint   ] Safepoint "Cleanup", Time since last: 2017669584 ns, Reaching safepoint: 526625 ns, At safepoint: 38583 ns, Total: 565208 ns
[2022-04-29T01:33:25.159+0000][160][safepoint   ] Safepoint "Cleanup", Time since last: 1013601626 ns, Reaching safepoint: 610875 ns, At safepoint: 19875 ns, Total: 630750 ns
[2022-04-29T01:33:26.200+0000][160][safepoint   ] Safepoint "Cleanup", Time since last: 1023701792 ns, Reaching safepoint: 16794292 ns, At safepoint: 110125 ns, Total: 16904417 ns
[2022-04-29T01:33:27.205+0000][160][safepoint   ] Safepoint "Cleanup", Time since last: 1004299917 ns, Reaching safepoint: 750083 ns, At safepoint: 6167 ns, Total: 756250 ns
[2022-04-29T01:33:29.211+0000][160][safepoint   ] Safepoint "Cleanup", Time since last: 2006398001 ns, Reaching safepoint: 285667 ns, At safepoint: 12916 ns, Total: 298583 ns
[2022-04-29T01:33:30.219+0000][160][safepoint   ] Safepoint "Cleanup", Time since last: 1006804542 ns, Reaching safepoint: 359584 ns, At safepoint: 11083 ns, Total: 370667 ns
[2022-04-29T01:33:31.223+0000][160][safepoint   ] Safepoint "Cleanup", Time since last: 1004331084 ns, Reaching safepoint: 528666 ns, At safepoint: 34042 ns, Total: 562708 ns
[2022-04-29T01:33:33.228+0000][160][safepoint   ] Safepoint "Cleanup", Time since last: 2004290334 ns, Reaching safepoint: 224417 ns, At safepoint: 37750 ns, Total: 262167 ns
[2022-04-29T01:33:34.230+0000][160][safepoint   ] Safepoint "Cleanup", Time since last: 1002168709 ns, Reaching safepoint: 56792 ns, At safepoint: 2166 ns, Total: 58958 ns
[2022-04-29T01:33:36.237+0000][160][safepoint   ] Safepoint "Cleanup", Time since last: 2006371043 ns, Reaching safepoint: 448333 ns, At safepoint: 16834 ns, Total: 465167 ns
[2022-04-29T01:33:39.248+0000][160][safepoint   ] Safepoint "Cleanup", Time since last: 3010818126 ns, Reaching safepoint: 50375 ns, At safepoint: 2417 ns, Total: 52792 ns
[2022-04-29T01:33:39.480+0000][160][gc,start    ] GC(32) Pause Young (Normal) (G1 Evacuation Pause)
[2022-04-29T01:33:39.481+0000][160][gc,task     ] GC(32) Using 5 workers of 5 for evacuation
[2022-04-29T01:33:39.481+0000][160][gc,age      ] GC(32) Desired survivor size 20971520 bytes, new threshold 15 (max threshold 15)
[2022-04-29T01:33:39.489+0000][160][gc,age      ] GC(32) Age table with threshold 15 (max threshold 15)
[2022-04-29T01:33:39.490+0000][160][gc,age      ] GC(32) - age   1:    1910856 bytes,    1910856 total
[2022-04-29T01:33:39.491+0000][160][gc,age      ] GC(32) - age   2:      46496 bytes,    1957352 total
[2022-04-29T01:33:39.492+0000][160][gc,age      ] GC(32) - age   3:      20408 bytes,    1977760 total
[2022-04-29T01:33:39.492+0000][160][gc,age      ] GC(32) - age   4:      79168 bytes,    2056928 total
[2022-04-29T01:33:39.493+0000][160][gc,age      ] GC(32) - age   5:     114024 bytes,    2170952 total
[2022-04-29T01:33:39.493+0000][160][gc,age      ] GC(32) - age   6:      66464 bytes,    2237416 total
[2022-04-29T01:33:39.494+0000][160][gc,age      ] GC(32) - age   7:      14440 bytes,    2251856 total
[2022-04-29T01:33:39.495+0000][160][gc,age      ] GC(32) - age   8:     114872 bytes,    2366728 total
[2022-04-29T01:33:39.495+0000][160][gc,age      ] GC(32) - age   9:     104272 bytes,    2471000 total
[2022-04-29T01:33:39.496+0000][160][gc,age      ] GC(32) - age  10:    1359120 bytes,    3830120 total
[2022-04-29T01:33:39.496+0000][160][gc,age      ] GC(32) - age  11:      62736 bytes,    3892856 total
[2022-04-29T01:33:39.497+0000][160][gc,age      ] GC(32) - age  12:     147752 bytes,    4040608 total
[2022-04-29T01:33:39.498+0000][160][gc,age      ] GC(32) - age  13:     566392 bytes,    4607000 total
[2022-04-29T01:33:39.498+0000][160][gc,age      ] GC(32) - age  14:    1682200 bytes,    6289200 total
[2022-04-29T01:33:39.499+0000][160][gc,age      ] GC(32) - age  15:    8636264 bytes,   14925464 total
[2022-04-29T01:33:39.500+0000][160][gc,phases   ] GC(32)   Pre Evacuate Collection Set: 0.1ms
[2022-04-29T01:33:39.500+0000][160][gc,phases   ] GC(32)   Merge Heap Roots: 0.1ms
[2022-04-29T01:33:39.501+0000][160][gc,phases   ] GC(32)   Evacuate Collection Set: 5.6ms
[2022-04-29T01:33:39.502+0000][160][gc,phases   ] GC(32)   Post Evacuate Collection Set: 1.4ms
[2022-04-29T01:33:39.503+0000][160][gc,phases   ] GC(32)   Other: 12.4ms
[2022-04-29T01:33:39.503+0000][160][gc,heap     ] GC(32) Eden regions: 72->0(72)
[2022-04-29T01:33:39.504+0000][160][gc,heap     ] GC(32) Survivor regions: 4->4(10)
[2022-04-29T01:33:39.505+0000][160][gc,heap     ] GC(32) Old regions: 18->18
[2022-04-29T01:33:39.506+0000][160][gc,heap     ] GC(32) Archive regions: 2->2
[2022-04-29T01:33:39.506+0000][160][gc,heap     ] GC(32) Humongous regions: 6->6
[2022-04-29T01:33:39.507+0000][160][gc,metaspace] GC(32) Metaspace: 115680K(117440K)->115680K(117440K) NonClass: 100208K(101248K)->100208K(101248K) Class: 15471K(16192K)->15471K(16192K)
[2022-04-29T01:33:39.508+0000][160][gc          ] GC(32) Pause Young (Normal) (G1 Evacuation Pause) 401M->113M(512M) 27.579ms
[2022-04-29T01:33:39.508+0000][160][gc,cpu      ] GC(32) User=0.03s Sys=0.01s Real=0.03s
[2022-04-29T01:33:39.509+0000][160][safepoint   ] Safepoint "G1CollectForAllocation", Time since last: 232003416 ns, Reaching safepoint: 54959 ns, At safepoint: 28850958 ns, Total: 28905917 ns
[2022-04-29T01:33:40.515+0000][160][safepoint   ] Safepoint "Cleanup", Time since last: 1006367751 ns, Reaching safepoint: 97833 ns, At safepoint: 4083 ns, Total: 101916 ns
[2022-04-29T01:33:41.522+0000][160][safepoint   ] Safepoint "Cleanup", Time since last: 1005496501 ns, Reaching safepoint: 1506291 ns, At safepoint: 16084 ns, Total: 1522375 ns
[2022-04-29T01:33:42.534+0000][160][safepoint   ] Safepoint "Cleanup", Time since last: 1010492334 ns, Reaching safepoint: 933583 ns, At safepoint: 20875 ns, Total: 954458 ns
[2022-04-29T01:33:43.543+0000][160][safepoint   ] Safepoint "Cleanup", Time since last: 1009065833 ns, Reaching safepoint: 125250 ns, At safepoint: 5583 ns, Total: 130833 ns
[2022-04-29T01:33:45.547+0000][160][safepoint   ] Safepoint "Cleanup", Time since last: 2003842334 ns, Reaching safepoint: 103375 ns, At safepoint: 4042 ns, Total: 107417 ns
[2022-04-29T01:33:46.554+0000][160][safepoint   ] Safepoint "Cleanup", Time since last: 1002253625 ns, Reaching safepoint: 4879792 ns, At safepoint: 12083 ns, Total: 4891875 ns
[2022-04-29T01:33:48.561+0000][160][safepoint   ] Safepoint "Cleanup", Time since last: 2006447293 ns, Reaching safepoint: 291667 ns, At safepoint: 13625 ns, Total: 305292 ns
[2022-04-29T01:33:51.570+0000][160][safepoint   ] Safepoint "Cleanup", Time since last: 3009256376 ns, Reaching safepoint: 85959 ns, At safepoint: 2166 ns, Total: 88125 ns
[2022-04-29T01:33:52.572+0000][160][safepoint   ] Safepoint "Cleanup", Time since last: 1002269584 ns, Reaching safepoint: 142458 ns, At safepoint: 5542 ns, Total: 148000 ns
[2022-04-29T01:33:53.579+0000][160][safepoint   ] Safepoint "Cleanup", Time since last: 1006740542 ns, Reaching safepoint: 233334 ns, At safepoint: 11208 ns, Total: 244542 ns
[2022-04-29T01:33:54.590+0000][160][safepoint   ] Safepoint "Cleanup", Time since last: 1009924834 ns, Reaching safepoint: 202250 ns, At safepoint: 10333 ns, Total: 212583 ns
[2022-04-29T01:33:56.595+0000][160][safepoint   ] Safepoint "Cleanup", Time since last: 2004914459 ns, Reaching safepoint: 175750 ns, At safepoint: 5917 ns, Total: 181667 ns
[2022-04-29T01:33:57.597+0000][160][safepoint   ] Safepoint "Cleanup", Time since last: 1002677667 ns, Reaching safepoint: 76792 ns, At safepoint: 2375 ns, Total: 79167 ns
[2022-04-29T01:33:58.601+0000][160][safepoint   ] Safepoint "Cleanup", Time since last: 1003629375 ns, Reaching safepoint: 85542 ns, At safepoint: 2375 ns, Total: 87917 ns
[2022-04-29T01:34:00.605+0000][160][safepoint   ] Safepoint "Cleanup", Time since last: 2004028501 ns, Reaching safepoint: 202417 ns, At safepoint: 5208 ns, Total: 207625 ns
[2022-04-29T01:34:01.609+0000][160][safepoint   ] Safepoint "Cleanup", Time since last: 1003135792 ns, Reaching safepoint: 460875 ns, At safepoint: 18250 ns, Total: 479125 ns
[2022-04-29T01:34:03.618+0000][160][safepoint   ] Safepoint "Cleanup", Time since last: 2009310209 ns, Reaching safepoint: 106667 ns, At safepoint: 4750 ns, Total: 111417 ns
[2022-04-29T01:34:05.621+0000][160][safepoint   ] Safepoint "Cleanup", Time since last: 2001991376 ns, Reaching safepoint: 370167 ns, At safepoint: 11208 ns, Total: 381375 ns
[2022-04-29T01:34:06.632+0000][160][safepoint   ] Safepoint "Cleanup", Time since last: 1011576334 ns, Reaching safepoint: 74333 ns, At safepoint: 2417 ns, Total: 76750 ns
[2022-04-29T01:34:08.637+0000][160][safepoint   ] Safepoint "Cleanup", Time since last: 2004154251 ns, Reaching safepoint: 402125 ns, At safepoint: 10541 ns, Total: 412666 ns
[2022-04-29T01:34:09.644+0000][160][safepoint   ] Safepoint "Cleanup", Time since last: 1006736334 ns, Reaching safepoint: 328167 ns, At safepoint: 14583 ns, Total: 342750 ns
[2022-04-29T01:34:11.654+0000][160][safepoint   ] Safepoint "Cleanup", Time since last: 2009445959 ns, Reaching safepoint: 400834 ns, At safepoint: 68416 ns, Total: 469250 ns
[2022-04-29T01:34:12.664+0000][160][safepoint   ] Safepoint "Cleanup", Time since last: 1009524251 ns, Reaching safepoint: 102750 ns, At safepoint: 3875 ns, Total: 106625 ns
[2022-04-29T01:34:13.674+0000][160][safepoint   ] Safepoint "Cleanup", Time since last: 1008460916 ns, Reaching safepoint: 207875 ns, At safepoint: 13208 ns, Total: 221083 ns
[2022-04-29T01:34:15.700+0000][160][safepoint   ] Safepoint "Cleanup", Time since last: 2026001835 ns, Reaching safepoint: 317833 ns, At safepoint: 6917 ns, Total: 324750 ns
[2022-04-29T01:34:16.707+0000][160][safepoint   ] Safepoint "Cleanup", Time since last: 1006618959 ns, Reaching safepoint: 357333 ns, At safepoint: 14583 ns, Total: 371916 ns
[2022-04-29T01:34:18.714+0000][160][safepoint   ] Safepoint "Cleanup", Time since last: 2007022626 ns, Reaching safepoint: 399125 ns, At safepoint: 15750 ns, Total: 414875 ns
[2022-04-29T01:34:21.726+0000][160][safepoint   ] Safepoint "Cleanup", Time since last: 3011715418 ns, Reaching safepoint: 228959 ns, At safepoint: 5125 ns, Total: 234084 ns
[2022-04-29T01:34:23.729+0000][160][safepoint   ] Safepoint "Cleanup", Time since last: 2002225751 ns, Reaching safepoint: 830458 ns, At safepoint: 17500 ns, Total: 847958 ns
[2022-04-29T01:34:24.744+0000][160][safepoint   ] Safepoint "Cleanup", Time since last: 1013962667 ns, Reaching safepoint: 453583 ns, At safepoint: 17875 ns, Total: 471458 ns
[2022-04-29T01:34:26.755+0000][160][safepoint   ] Safepoint "Cleanup", Time since last: 2010582626 ns, Reaching safepoint: 641709 ns, At safepoint: 19208 ns, Total: 660917 ns
[2022-04-29T01:34:27.764+0000][160][safepoint   ] Safepoint "Cleanup", Time since last: 1008170542 ns, Reaching safepoint: 449917 ns, At safepoint: 18875 ns, Total: 468792 ns
[2022-04-29T01:34:28.767+0000][160][safepoint   ] Safepoint "Cleanup", Time since last: 1003007625 ns, Reaching safepoint: 226042 ns, At safepoint: 9125 ns, Total: 235167 ns
[2022-04-29T01:34:30.777+0000][160][safepoint   ] Safepoint "Cleanup", Time since last: 2009768751 ns, Reaching safepoint: 289583 ns, At safepoint: 11417 ns, Total: 301000 ns
[2022-04-29T01:34:31.783+0000][160][safepoint   ] Safepoint "Cleanup", Time since last: 1005468750 ns, Reaching safepoint: 335834 ns, At safepoint: 15208 ns, Total: 351042 ns
[2022-04-29T01:34:33.794+0000][160][safepoint   ] Safepoint "Cleanup", Time since last: 2011543834 ns, Reaching safepoint: 161792 ns, At safepoint: 5125 ns, Total: 166917 ns
[2022-04-29T01:34:36.799+0000][160][safepoint   ] Safepoint "Cleanup", Time since last: 3004599210 ns, Reaching safepoint: 362916 ns, At safepoint: 10709 ns, Total: 373625 ns
[2022-04-29T01:34:38.821+0000][160][safepoint   ] Safepoint "Cleanup", Time since last: 2021257626 ns, Reaching safepoint: 167916 ns, At safepoint: 7792 ns, Total: 175708 ns
[2022-04-29T01:34:39.839+0000][160][safepoint   ] Safepoint "Cleanup", Time since last: 1017930584 ns, Reaching safepoint: 147167 ns, At safepoint: 2375 ns, Total: 149542 ns
[2022-04-29T01:34:41.844+0000][160][safepoint   ] Safepoint "Cleanup", Time since last: 2003577584 ns, Reaching safepoint: 1149125 ns, At safepoint: 15792 ns, Total: 1164917 ns
[2022-04-29T01:34:42.853+0000][160][safepoint   ] Safepoint "Cleanup", Time since last: 1008104333 ns, Reaching safepoint: 787125 ns, At safepoint: 12459 ns, Total: 799584 ns
[2022-04-29T01:34:43.861+0000][160][safepoint   ] Safepoint "Cleanup", Time since last: 1008645708 ns, Reaching safepoint: 628000 ns, At safepoint: 18291 ns, Total: 646291 ns
[2022-04-29T01:34:44.868+0000][160][safepoint   ] Safepoint "Cleanup", Time since last: 1006921542 ns, Reaching safepoint: 170042 ns, At safepoint: 7500 ns, Total: 177542 ns
[2022-04-29T01:34:45.882+0000][160][safepoint   ] Safepoint "Cleanup", Time since last: 1013811542 ns, Reaching safepoint: 322750 ns, At safepoint: 14250 ns, Total: 337000 ns
[2022-04-29T01:34:46.893+0000][160][safepoint   ] Safepoint "Cleanup", Time since last: 1010468626 ns, Reaching safepoint: 352166 ns, At safepoint: 14042 ns, Total: 366208 ns
[2022-04-29T01:34:48.904+0000][160][safepoint   ] Safepoint "Cleanup", Time since last: 2009455126 ns, Reaching safepoint: 1056042 ns, At safepoint: 22333 ns, Total: 1078375 ns
[2022-04-29T01:34:51.919+0000][160][safepoint   ] Safepoint "Cleanup", Time since last: 3015416710 ns, Reaching safepoint: 177416 ns, At safepoint: 10875 ns, Total: 188291 ns
[2022-04-29T01:34:52.922+0000][160][safepoint   ] Safepoint "Cleanup", Time since last: 1002968543 ns, Reaching safepoint: 72291 ns, At safepoint: 2250 ns, Total: 74541 ns
[2022-04-29T01:34:53.924+0000][160][safepoint   ] Safepoint "Cleanup", Time since last: 1001575626 ns, Reaching safepoint: 76708 ns, At safepoint: 2208 ns, Total: 78916 ns
[2022-04-29T01:34:54.926+0000][160][safepoint   ] Safepoint "Cleanup", Time since last: 1001189917 ns, Reaching safepoint: 279084 ns, At safepoint: 8916 ns, Total: 288000 ns
[2022-04-29T01:34:55.929+0000][160][safepoint   ] Safepoint "Cleanup", Time since last: 1003039793 ns, Reaching safepoint: 513958 ns, At safepoint: 22875 ns, Total: 536833 ns
[2022-04-29T01:34:56.936+0000][160][safepoint   ] Safepoint "Cleanup", Time since last: 1006295417 ns, Reaching safepoint: 345458 ns, At safepoint: 13709 ns, Total: 359167 ns
[2022-04-29T01:34:57.260+0000][160][gc,start    ] GC(33) Pause Young (Normal) (G1 Evacuation Pause)
[2022-04-29T01:34:57.261+0000][160][gc,task     ] GC(33) Using 5 workers of 5 for evacuation
[2022-04-29T01:34:57.262+0000][160][gc,age      ] GC(33) Desired survivor size 20971520 bytes, new threshold 15 (max threshold 15)
[2022-04-29T01:34:57.271+0000][160][gc,age      ] GC(33) Age table with threshold 15 (max threshold 15)
[2022-04-29T01:34:57.272+0000][160][gc,age      ] GC(33) - age   1:    1102528 bytes,    1102528 total
[2022-04-29T01:34:57.272+0000][160][gc,age      ] GC(33) - age   2:      11096 bytes,    1113624 total
[2022-04-29T01:34:57.273+0000][160][gc,age      ] GC(33) - age   3:      43136 bytes,    1156760 total
[2022-04-29T01:34:57.274+0000][160][gc,age      ] GC(33) - age   4:      19792 bytes,    1176552 total
[2022-04-29T01:34:57.275+0000][160][gc,age      ] GC(33) - age   5:      79168 bytes,    1255720 total
[2022-04-29T01:34:57.275+0000][160][gc,age      ] GC(33) - age   6:     113960 bytes,    1369680 total
[2022-04-29T01:34:57.276+0000][160][gc,age      ] GC(33) - age   7:      41896 bytes,    1411576 total
[2022-04-29T01:34:57.276+0000][160][gc,age      ] GC(33) - age   8:      14440 bytes,    1426016 total
[2022-04-29T01:34:57.277+0000][160][gc,age      ] GC(33) - age   9:     114872 bytes,    1540888 total
[2022-04-29T01:34:57.278+0000][160][gc,age      ] GC(33) - age  10:     104272 bytes,    1645160 total
[2022-04-29T01:34:57.278+0000][160][gc,age      ] GC(33) - age  11:    1252808 bytes,    2897968 total
[2022-04-29T01:34:57.279+0000][160][gc,age      ] GC(33) - age  12:      62736 bytes,    2960704 total
[2022-04-29T01:34:57.279+0000][160][gc,age      ] GC(33) - age  13:     147752 bytes,    3108456 total
[2022-04-29T01:34:57.280+0000][160][gc,age      ] GC(33) - age  14:     566392 bytes,    3674848 total
[2022-04-29T01:34:57.280+0000][160][gc,age      ] GC(33) - age  15:    1681928 bytes,    5356776 total
[2022-04-29T01:34:57.281+0000][160][gc,phases   ] GC(33)   Pre Evacuate Collection Set: 0.1ms
[2022-04-29T01:34:57.282+0000][160][gc,phases   ] GC(33)   Merge Heap Roots: 0.1ms
[2022-04-29T01:34:57.282+0000][160][gc,phases   ] GC(33)   Evacuate Collection Set: 6.8ms
[2022-04-29T01:34:57.283+0000][160][gc,phases   ] GC(33)   Post Evacuate Collection Set: 1.2ms
[2022-04-29T01:34:57.284+0000][160][gc,phases   ] GC(33)   Other: 12.6ms
[2022-04-29T01:34:57.285+0000][160][gc,heap     ] GC(33) Eden regions: 72->0(74)
[2022-04-29T01:34:57.285+0000][160][gc,heap     ] GC(33) Survivor regions: 4->2(10)
[2022-04-29T01:34:57.286+0000][160][gc,heap     ] GC(33) Old regions: 18->20
[2022-04-29T01:34:57.286+0000][160][gc,heap     ] GC(33) Archive regions: 2->2
[2022-04-29T01:34:57.287+0000][160][gc,heap     ] GC(33) Humongous regions: 6->6
[2022-04-29T01:34:57.287+0000][160][gc,metaspace] GC(33) Metaspace: 115790K(117504K)->115790K(117504K) NonClass: 100307K(101312K)->100307K(101312K) Class: 15482K(16192K)->15482K(16192K)
[2022-04-29T01:34:57.288+0000][160][gc          ] GC(33) Pause Young (Normal) (G1 Evacuation Pause) 401M->112M(512M) 27.332ms
[2022-04-29T01:34:57.289+0000][160][gc,cpu      ] GC(33) User=0.03s Sys=0.00s Real=0.03s
[2022-04-29T01:34:57.289+0000][160][safepoint   ] Safepoint "G1CollectForAllocation", Time since last: 324397375 ns, Reaching safepoint: 87292 ns, At safepoint: 28863333 ns, Total: 28950625 ns
[2022-04-29T01:34:59.292+0000][160][safepoint   ] Safepoint "Cleanup", Time since last: 2002153626 ns, Reaching safepoint: 498042 ns, At safepoint: 13541 ns, Total: 511583 ns
[2022-04-29T01:35:00.301+0000][160][safepoint   ] Safepoint "Cleanup", Time since last: 1008405709 ns, Reaching safepoint: 500667 ns, At safepoint: 13041 ns, Total: 513708 ns
[2022-04-29T01:35:01.311+0000][160][safepoint   ] Safepoint "Cleanup", Time since last: 1009830668 ns, Reaching safepoint: 394958 ns, At safepoint: 16583 ns, Total: 411541 ns
[2022-04-29T01:35:03.321+0000][160][safepoint   ] Safepoint "Cleanup", Time since last: 2009917959 ns, Reaching safepoint: 67959 ns, At safepoint: 1875 ns, Total: 69834 ns
[2022-04-29T01:35:04.324+0000][160][safepoint   ] Safepoint "Cleanup", Time since last: 1002797709 ns, Reaching safepoint: 143666 ns, At safepoint: 4084 ns, Total: 147750 ns
[2022-04-29T01:35:05.326+0000][160][safepoint   ] Safepoint "Cleanup", Time since last: 1001898042 ns, Reaching safepoint: 397708 ns, At safepoint: 8125 ns, Total: 405833 ns
[2022-04-29T01:35:06.336+0000][160][safepoint   ] Safepoint "Cleanup", Time since last: 1009779417 ns, Reaching safepoint: 352209 ns, At safepoint: 12250 ns, Total: 364459 ns
[2022-04-29T01:35:09.344+0000][160][safepoint   ] Safepoint "Cleanup", Time since last: 3007828751 ns, Reaching safepoint: 103167 ns, At safepoint: 3791 ns, Total: 106958 ns
[2022-04-29T01:35:10.347+0000][160][safepoint   ] Safepoint "Cleanup", Time since last: 1002054584 ns, Reaching safepoint: 1050042 ns, At safepoint: 8000 ns, Total: 1058042 ns
[2022-04-29T01:35:11.354+0000][160][safepoint   ] Safepoint "Cleanup", Time since last: 1005952959 ns, Reaching safepoint: 352791 ns, At safepoint: 13542 ns, Total: 366333 ns
[2022-04-29T01:35:12.364+0000][160][safepoint   ] Safepoint "Cleanup", Time since last: 1010029459 ns, Reaching safepoint: 383875 ns, At safepoint: 16833 ns, Total: 400708 ns
[2022-04-29T01:35:14.387+0000][160][safepoint   ] Safepoint "Cleanup", Time since last: 2024753542 ns, Reaching safepoint: 320833 ns, At safepoint: 16250 ns, Total: 337083 ns
[2022-04-29T01:35:15.394+0000][160][safepoint   ] Safepoint "Cleanup", Time since last: 1007625126 ns, Reaching safepoint: 128583 ns, At safepoint: 4125 ns, Total: 132708 ns
[2022-04-29T01:35:16.395+0000][160][safepoint   ] Safepoint "Cleanup", Time since last: 1000822626 ns, Reaching safepoint: 115000 ns, At safepoint: 11125 ns, Total: 126125 ns
[2022-04-29T01:35:18.397+0000][160][safepoint   ] Safepoint "Cleanup", Time since last: 2001122542 ns, Reaching safepoint: 64709 ns, At safepoint: 3875 ns, Total: 68584 ns
[2022-04-29T01:35:19.403+0000][160][safepoint   ] Safepoint "Cleanup", Time since last: 1006296292 ns, Reaching safepoint: 456041 ns, At safepoint: 15209 ns, Total: 471250 ns
[2022-04-29T01:35:20.410+0000][160][safepoint   ] Safepoint "Cleanup", Time since last: 1006258042 ns, Reaching safepoint: 211792 ns, At safepoint: 8333 ns, Total: 220125 ns
[2022-04-29T01:35:21.414+0000][160][safepoint   ] Safepoint "Cleanup", Time since last: 1003815334 ns, Reaching safepoint: 69250 ns, At safepoint: 2791 ns, Total: 72041 ns
[2022-04-29T01:35:22.415+0000][160][safepoint   ] Safepoint "Cleanup", Time since last: 1000967334 ns, Reaching safepoint: 327250 ns, At safepoint: 8875 ns, Total: 336125 ns
[2022-04-29T01:35:24.420+0000][160][safepoint   ] Safepoint "Cleanup", Time since last: 2004331918 ns, Reaching safepoint: 358250 ns, At safepoint: 15167 ns, Total: 373417 ns
[2022-04-29T01:35:26.427+0000][160][safepoint   ] Safepoint "Cleanup", Time since last: 2007099792 ns, Reaching safepoint: 510542 ns, At safepoint: 13125 ns, Total: 523667 ns
[2022-04-29T01:35:27.437+0000][160][safepoint   ] Safepoint "Cleanup", Time since last: 1009017167 ns, Reaching safepoint: 156917 ns, At safepoint: 12291 ns, Total: 169208 ns
[2022-04-29T01:35:28.439+0000][160][safepoint   ] Safepoint "Cleanup", Time since last: 1002171542 ns, Reaching safepoint: 598667 ns, At safepoint: 11417 ns, Total: 610084 ns
[2022-04-29T01:35:29.447+0000][160][safepoint   ] Safepoint "Cleanup", Time since last: 1007463667 ns, Reaching safepoint: 435292 ns, At safepoint: 8583 ns, Total: 443875 ns
[2022-04-29T01:35:30.452+0000][160][safepoint   ] Safepoint "Cleanup", Time since last: 1004500042 ns, Reaching safepoint: 150875 ns, At safepoint: 5833 ns, Total: 156708 ns
[2022-04-29T01:35:31.456+0000][160][safepoint   ] Safepoint "Cleanup", Time since last: 1003647543 ns, Reaching safepoint: 472416 ns, At safepoint: 20125 ns, Total: 492541 ns
[2022-04-29T01:35:33.464+0000][160][safepoint   ] Safepoint "Cleanup", Time since last: 2008115668 ns, Reaching safepoint: 61167 ns, At safepoint: 2583 ns, Total: 63750 ns
[2022-04-29T01:35:34.465+0000][160][safepoint   ] Safepoint "Cleanup", Time since last: 1000556042 ns, Reaching safepoint: 59958 ns, At safepoint: 2875 ns, Total: 62833 ns
[2022-04-29T01:35:35.477+0000][160][safepoint   ] Safepoint "Cleanup", Time since last: 1011807917 ns, Reaching safepoint: 53250 ns, At safepoint: 2417 ns, Total: 55667 ns
[2022-04-29T01:35:36.484+0000][160][safepoint   ] Safepoint "Cleanup", Time since last: 1006709542 ns, Reaching safepoint: 371209 ns, At safepoint: 11833 ns, Total: 383042 ns
[2022-04-29T01:35:39.493+0000][160][safepoint   ] Safepoint "Cleanup", Time since last: 3009218335 ns, Reaching safepoint: 155166 ns, At safepoint: 6250 ns, Total: 161416 ns
[2022-04-29T01:35:40.511+0000][160][safepoint   ] Safepoint "Cleanup", Time since last: 1002421001 ns, Reaching safepoint: 15692042 ns, At safepoint: 30541 ns, Total: 15722583 ns
[2022-04-29T01:35:41.515+0000][160][safepoint   ] Safepoint "Cleanup", Time since last: 1002422459 ns, Reaching safepoint: 733542 ns, At safepoint: 16458 ns, Total: 750000 ns
[2022-04-29T01:35:42.525+0000][160][safepoint   ] Safepoint "Cleanup", Time since last: 1009671626 ns, Reaching safepoint: 307125 ns, At safepoint: 13958 ns, Total: 321083 ns
[2022-04-29T01:35:44.534+0000][160][safepoint   ] Safepoint "Cleanup", Time since last: 2010482584 ns, Reaching safepoint: 144041 ns, At safepoint: 3625 ns, Total: 147666 ns
[2022-04-29T01:35:45.535+0000][160][safepoint   ] Safepoint "Cleanup", Time since last: 1001460751 ns, Reaching safepoint: 181917 ns, At safepoint: 4875 ns, Total: 186792 ns
[2022-04-29T01:35:46.542+0000][160][safepoint   ] Safepoint "Cleanup", Time since last: 1006197875 ns, Reaching safepoint: 136417 ns, At safepoint: 9875 ns, Total: 146292 ns
[2022-04-29T01:35:48.545+0000][160][safepoint   ] Safepoint "Cleanup", Time since last: 2002709001 ns, Reaching safepoint: 387458 ns, At safepoint: 14833 ns, Total: 402291 ns
[2022-04-29T01:35:49.551+0000][160][safepoint   ] Safepoint "Cleanup", Time since last: 1006288168 ns, Reaching safepoint: 367208 ns, At safepoint: 18208 ns, Total: 385416 ns
[2022-04-29T01:35:51.566+0000][160][safepoint   ] Safepoint "Cleanup", Time since last: 2013987168 ns, Reaching safepoint: 201833 ns, At safepoint: 3875 ns, Total: 205708 ns
[2022-04-29T01:35:54.571+0000][160][safepoint   ] Safepoint "Cleanup", Time since last: 3004938168 ns, Reaching safepoint: 416459 ns, At safepoint: 22833 ns, Total: 439292 ns
[2022-04-29T01:35:56.583+0000][160][safepoint   ] Safepoint "Cleanup", Time since last: 2011297001 ns, Reaching safepoint: 270583 ns, At safepoint: 13000 ns, Total: 283583 ns
[2022-04-29T01:35:57.600+0000][160][safepoint   ] Safepoint "Cleanup", Time since last: 1017015834 ns, Reaching safepoint: 164750 ns, At safepoint: 4458 ns, Total: 169208 ns
[2022-04-29T01:35:58.601+0000][160][safepoint   ] Safepoint "Cleanup", Time since last: 1001030793 ns, Reaching safepoint: 345125 ns, At safepoint: 12000 ns, Total: 357125 ns
[2022-04-29T01:36:00.608+0000][160][safepoint   ] Safepoint "Cleanup", Time since last: 2007023375 ns, Reaching safepoint: 211834 ns, At safepoint: 11291 ns, Total: 223125 ns
[2022-04-29T01:36:01.616+0000][160][safepoint   ] Safepoint "Cleanup", Time since last: 1007286168 ns, Reaching safepoint: 448291 ns, At safepoint: 15959 ns, Total: 464250 ns
[2022-04-29T01:36:03.630+0000][160][safepoint   ] Safepoint "Cleanup", Time since last: 2013561042 ns, Reaching safepoint: 134792 ns, At safepoint: 4333 ns, Total: 139125 ns
[2022-04-29T01:36:06.635+0000][160][safepoint   ] Safepoint "Cleanup", Time since last: 3005121502 ns, Reaching safepoint: 351458 ns, At safepoint: 58625 ns, Total: 410083 ns
[2022-04-29T01:36:08.640+0000][160][safepoint   ] Safepoint "Cleanup", Time since last: 2004355001 ns, Reaching safepoint: 138833 ns, At safepoint: 3209 ns, Total: 142042 ns
[2022-04-29T01:36:09.645+0000][160][safepoint   ] Safepoint "Cleanup", Time since last: 1005259292 ns, Reaching safepoint: 134333 ns, At safepoint: 4000 ns, Total: 138333 ns
[2022-04-29T01:36:11.656+0000][160][safepoint   ] Safepoint "Cleanup", Time since last: 2010507376 ns, Reaching safepoint: 470333 ns, At safepoint: 10709 ns, Total: 481042 ns
[2022-04-29T01:36:12.672+0000][160][safepoint   ] Safepoint "Cleanup", Time since last: 1015852084 ns, Reaching safepoint: 267208 ns, At safepoint: 10458 ns, Total: 277666 ns
[2022-04-29T01:36:13.677+0000][160][safepoint   ] Safepoint "Cleanup", Time since last: 1004947542 ns, Reaching safepoint: 338167 ns, At safepoint: 15958 ns, Total: 354125 ns
[2022-04-29T01:36:15.682+0000][160][safepoint   ] Safepoint "Cleanup", Time since last: 2005430626 ns, Reaching safepoint: 94500 ns, At safepoint: 4667 ns, Total: 99167 ns
[2022-04-29T01:36:15.720+0000][160][gc,start    ] GC(34) Pause Young (Normal) (G1 Evacuation Pause)
[2022-04-29T01:36:15.721+0000][160][gc,task     ] GC(34) Using 5 workers of 5 for evacuation
[2022-04-29T01:36:15.722+0000][160][gc,age      ] GC(34) Desired survivor size 20971520 bytes, new threshold 15 (max threshold 15)
[2022-04-29T01:36:15.729+0000][160][gc,age      ] GC(34) Age table with threshold 15 (max threshold 15)
[2022-04-29T01:36:15.730+0000][160][gc,age      ] GC(34) - age   1:    1245680 bytes,    1245680 total
[2022-04-29T01:36:15.731+0000][160][gc,age      ] GC(34) - age   2:     134456 bytes,    1380136 total
[2022-04-29T01:36:15.732+0000][160][gc,age      ] GC(34) - age   3:       9048 bytes,    1389184 total
[2022-04-29T01:36:15.733+0000][160][gc,age      ] GC(34) - age   4:      42752 bytes,    1431936 total
[2022-04-29T01:36:15.733+0000][160][gc,age      ] GC(34) - age   5:      19488 bytes,    1451424 total
[2022-04-29T01:36:15.734+0000][160][gc,age      ] GC(34) - age   6:      79104 bytes,    1530528 total
[2022-04-29T01:36:15.735+0000][160][gc,age      ] GC(34) - age   7:     113896 bytes,    1644424 total
[2022-04-29T01:36:15.736+0000][160][gc,age      ] GC(34) - age   8:      41680 bytes,    1686104 total
[2022-04-29T01:36:15.737+0000][160][gc,age      ] GC(34) - age   9:      14440 bytes,    1700544 total
[2022-04-29T01:36:15.737+0000][160][gc,age      ] GC(34) - age  10:     114872 bytes,    1815416 total
[2022-04-29T01:36:15.738+0000][160][gc,age      ] GC(34) - age  11:     104272 bytes,    1919688 total
[2022-04-29T01:36:15.739+0000][160][gc,age      ] GC(34) - age  12:    1252808 bytes,    3172496 total
[2022-04-29T01:36:15.739+0000][160][gc,age      ] GC(34) - age  13:      62736 bytes,    3235232 total
[2022-04-29T01:36:15.740+0000][160][gc,age      ] GC(34) - age  14:     147752 bytes,    3382984 total
[2022-04-29T01:36:15.741+0000][160][gc,age      ] GC(34) - age  15:     566392 bytes,    3949376 total
[2022-04-29T01:36:15.741+0000][160][gc,phases   ] GC(34)   Pre Evacuate Collection Set: 0.1ms
[2022-04-29T01:36:15.742+0000][160][gc,phases   ] GC(34)   Merge Heap Roots: 0.1ms
[2022-04-29T01:36:15.742+0000][160][gc,phases   ] GC(34)   Evacuate Collection Set: 5.3ms
[2022-04-29T01:36:15.743+0000][160][gc,phases   ] GC(34)   Post Evacuate Collection Set: 1.1ms
[2022-04-29T01:36:15.743+0000][160][gc,phases   ] GC(34)   Other: 15.1ms
[2022-04-29T01:36:15.744+0000][160][gc,heap     ] GC(34) Eden regions: 74->0(74)
[2022-04-29T01:36:15.745+0000][160][gc,heap     ] GC(34) Survivor regions: 2->2(10)
[2022-04-29T01:36:15.746+0000][160][gc,heap     ] GC(34) Old regions: 20->21
[2022-04-29T01:36:15.746+0000][160][gc,heap     ] GC(34) Archive regions: 2->2
[2022-04-29T01:36:15.747+0000][160][gc,heap     ] GC(34) Humongous regions: 6->6
[2022-04-29T01:36:15.748+0000][160][gc,metaspace] GC(34) Metaspace: 115848K(117568K)->115848K(117568K) NonClass: 100365K(101376K)->100365K(101376K) Class: 15482K(16192K)->15482K(16192K)
[2022-04-29T01:36:15.748+0000][160][gc          ] GC(34) Pause Young (Normal) (G1 Evacuation Pause) 408M->113M(512M) 28.732ms
[2022-04-29T01:36:15.749+0000][160][gc,cpu      ] GC(34) User=0.02s Sys=0.01s Real=0.03s
[2022-04-29T01:36:15.750+0000][160][safepoint   ] Safepoint "G1CollectForAllocation", Time since last: 37161958 ns, Reaching safepoint: 59000 ns, At safepoint: 30319500 ns, Total: 30378500 ns
[2022-04-29T01:36:16.752+0000][160][safepoint   ] Safepoint "Cleanup", Time since last: 1002113251 ns, Reaching safepoint: 259666 ns, At safepoint: 9000 ns, Total: 268666 ns
[2022-04-29T01:36:18.756+0000][160][safepoint   ] Safepoint "Cleanup", Time since last: 2003403251 ns, Reaching safepoint: 378042 ns, At safepoint: 11583 ns, Total: 389625 ns
[2022-04-29T01:36:21.773+0000][160][safepoint   ] Safepoint "Cleanup", Time since last: 3017315752 ns, Reaching safepoint: 138625 ns, At safepoint: 5833 ns, Total: 144458 ns
[2022-04-29T01:36:23.778+0000][160][safepoint   ] Safepoint "Cleanup", Time since last: 2004304293 ns, Reaching safepoint: 290708 ns, At safepoint: 13208 ns, Total: 303916 ns
[2022-04-29T01:36:24.786+0000][160][safepoint   ] Safepoint "Cleanup", Time since last: 1008028209 ns, Reaching safepoint: 299375 ns, At safepoint: 7167 ns, Total: 306542 ns
[2022-04-29T01:36:26.798+0000][160][safepoint   ] Safepoint "Cleanup", Time since last: 2011447917 ns, Reaching safepoint: 266917 ns, At safepoint: 7875 ns, Total: 274792 ns
[2022-04-29T01:36:27.805+0000][160][safepoint   ] Safepoint "Cleanup", Time since last: 1006780334 ns, Reaching safepoint: 150750 ns, At safepoint: 5333 ns, Total: 156083 ns
[2022-04-29T01:36:28.808+0000][160][safepoint   ] Safepoint "Cleanup", Time since last: 1002265751 ns, Reaching safepoint: 246833 ns, At safepoint: 4458 ns, Total: 251291 ns
[2022-04-29T01:36:30.838+0000][160][safepoint   ] Safepoint "Cleanup", Time since last: 2029815001 ns, Reaching safepoint: 609542 ns, At safepoint: 21708 ns, Total: 631250 ns
[2022-04-29T01:36:31.850+0000][160][safepoint   ] Safepoint "Cleanup", Time since last: 1011771584 ns, Reaching safepoint: 386167 ns, At safepoint: 125208 ns, Total: 511375 ns
[2022-04-29T01:36:33.860+0000][160][safepoint   ] Safepoint "Cleanup", Time since last: 2009088418 ns, Reaching safepoint: 195000 ns, At safepoint: 4208 ns, Total: 199208 ns
[2022-04-29T01:36:36.869+0000][160][safepoint   ] Safepoint "Cleanup", Time since last: 3008539376 ns, Reaching safepoint: 642625 ns, At safepoint: 8625 ns, Total: 651250 ns
[2022-04-29T01:36:38.879+0000][160][safepoint   ] Safepoint "Cleanup", Time since last: 2010148501 ns, Reaching safepoint: 296375 ns, At safepoint: 14750 ns, Total: 311125 ns
[2022-04-29T01:36:39.888+0000][160][safepoint   ] Safepoint "Cleanup", Time since last: 1008894793 ns, Reaching safepoint: 219958 ns, At safepoint: 8167 ns, Total: 228125 ns
[2022-04-29T01:36:41.895+0000][160][safepoint   ] Safepoint "Cleanup", Time since last: 2006604126 ns, Reaching safepoint: 399500 ns, At safepoint: 11666 ns, Total: 411166 ns
[2022-04-29T01:36:42.904+0000][160][safepoint   ] Safepoint "Cleanup", Time since last: 1007606542 ns, Reaching safepoint: 1207167 ns, At safepoint: 24000 ns, Total: 1231167 ns
[2022-04-29T01:36:43.915+0000][160][safepoint   ] Safepoint "Cleanup", Time since last: 1011205875 ns, Reaching safepoint: 413250 ns, At safepoint: 12917 ns, Total: 426167 ns
[2022-04-29T01:36:44.936+0000][160][safepoint   ] Safepoint "Cleanup", Time since last: 1020481875 ns, Reaching safepoint: 251500 ns, At safepoint: 12375 ns, Total: 263875 ns
[2022-04-29T01:36:45.944+0000][160][safepoint   ] Safepoint "Cleanup", Time since last: 1007613667 ns, Reaching safepoint: 152542 ns, At safepoint: 5833 ns, Total: 158375 ns
[2022-04-29T01:36:46.951+0000][160][safepoint   ] Safepoint "Cleanup", Time since last: 1007118334 ns, Reaching safepoint: 342667 ns, At safepoint: 6291 ns, Total: 348958 ns
[2022-04-29T01:36:48.962+0000][160][safepoint   ] Safepoint "Cleanup", Time since last: 2010007210 ns, Reaching safepoint: 237625 ns, At safepoint: 10875 ns, Total: 248500 ns
[2022-04-29T01:36:51.976+0000][160][safepoint   ] Safepoint "Cleanup", Time since last: 3014642584 ns, Reaching safepoint: 126750 ns, At safepoint: 9000 ns, Total: 135750 ns
[2022-04-29T01:36:52.979+0000][160][safepoint   ] Safepoint "Cleanup", Time since last: 1002755126 ns, Reaching safepoint: 235500 ns, At safepoint: 5042 ns, Total: 240542 ns
[2022-04-29T01:36:53.982+0000][160][safepoint   ] Safepoint "Cleanup", Time since last: 1002517667 ns, Reaching safepoint: 163833 ns, At safepoint: 4417 ns, Total: 168250 ns
[2022-04-29T01:36:54.985+0000][160][safepoint   ] Safepoint "Cleanup", Time since last: 1002460208 ns, Reaching safepoint: 465417 ns, At safepoint: 9375 ns, Total: 474792 ns
[2022-04-29T01:36:56.994+0000][160][safepoint   ] Safepoint "Cleanup", Time since last: 2008481334 ns, Reaching safepoint: 284792 ns, At safepoint: 13625 ns, Total: 298417 ns
[2022-04-29T01:36:58.011+0000][160][safepoint   ] Safepoint "Cleanup", Time since last: 1016926084 ns, Reaching safepoint: 95083 ns, At safepoint: 4584 ns, Total: 99667 ns
[2022-04-29T01:36:59.017+0000][160][safepoint   ] Safepoint "Cleanup", Time since last: 1005468958 ns, Reaching safepoint: 1018792 ns, At safepoint: 21833 ns, Total: 1040625 ns
[2022-04-29T01:37:01.028+0000][160][safepoint   ] Safepoint "Cleanup", Time since last: 2010728376 ns, Reaching safepoint: 158084 ns, At safepoint: 5875 ns, Total: 163959 ns
[2022-04-29T01:37:02.035+0000][160][safepoint   ] Safepoint "Cleanup", Time since last: 1006964000 ns, Reaching safepoint: 303792 ns, At safepoint: 17041 ns, Total: 320833 ns
[2022-04-29T01:37:04.053+0000][160][safepoint   ] Safepoint "Cleanup", Time since last: 2016940835 ns, Reaching safepoint: 430833 ns, At safepoint: 9500 ns, Total: 440333 ns
[2022-04-29T01:37:06.062+0000][160][safepoint   ] Safepoint "Cleanup", Time since last: 2008133043 ns, Reaching safepoint: 578458 ns, At safepoint: 12500 ns, Total: 590958 ns
[2022-04-29T01:37:07.067+0000][160][safepoint   ] Safepoint "Cleanup", Time since last: 1005660959 ns, Reaching safepoint: 145583 ns, At safepoint: 7584 ns, Total: 153167 ns
[2022-04-29T01:37:09.074+0000][160][safepoint   ] Safepoint "Cleanup", Time since last: 2006484084 ns, Reaching safepoint: 341417 ns, At safepoint: 11833 ns, Total: 353250 ns
[2022-04-29T01:37:10.085+0000][160][safepoint   ] Safepoint "Cleanup", Time since last: 1010287959 ns, Reaching safepoint: 145833 ns, At safepoint: 5708 ns, Total: 151541 ns
[2022-04-29T01:37:12.094+0000][160][safepoint   ] Safepoint "Cleanup", Time since last: 2009109501 ns, Reaching safepoint: 370792 ns, At safepoint: 12917 ns, Total: 383709 ns
[2022-04-29T01:37:13.109+0000][160][safepoint   ] Safepoint "Cleanup", Time since last: 1014208042 ns, Reaching safepoint: 343208 ns, At safepoint: 14750 ns, Total: 357958 ns
[2022-04-29T01:37:14.112+0000][160][safepoint   ] Safepoint "Cleanup", Time since last: 1005037375 ns, Reaching safepoint: 122459 ns, At safepoint: 5916 ns, Total: 128375 ns
[2022-04-29T01:37:16.121+0000][160][safepoint   ] Safepoint "Cleanup", Time since last: 2008831751 ns, Reaching safepoint: 70667 ns, At safepoint: 2958 ns, Total: 73625 ns
[2022-04-29T01:37:17.127+0000][160][safepoint   ] Safepoint "Cleanup", Time since last: 1005682126 ns, Reaching safepoint: 301625 ns, At safepoint: 18666 ns, Total: 320291 ns
[2022-04-29T01:37:19.159+0000][160][safepoint   ] Safepoint "Cleanup", Time since last: 2031359335 ns, Reaching safepoint: 615416 ns, At safepoint: 17000 ns, Total: 632416 ns
[2022-04-29T01:37:22.171+0000][160][safepoint   ] Safepoint "Cleanup", Time since last: 3011930252 ns, Reaching safepoint: 67541 ns, At safepoint: 2584 ns, Total: 70125 ns
[2022-04-29T01:37:24.173+0000][160][safepoint   ] Safepoint "Cleanup", Time since last: 2002103876 ns, Reaching safepoint: 374875 ns, At safepoint: 7083 ns, Total: 381958 ns
[2022-04-29T01:37:25.176+0000][160][safepoint   ] Safepoint "Cleanup", Time since last: 1002315334 ns, Reaching safepoint: 283167 ns, At safepoint: 18916 ns, Total: 302083 ns
[2022-04-29T01:37:26.182+0000][160][safepoint   ] Safepoint "Cleanup", Time since last: 1006002459 ns, Reaching safepoint: 424125 ns, At safepoint: 17125 ns, Total: 441250 ns
[2022-04-29T01:37:28.187+0000][160][safepoint   ] Safepoint "Cleanup", Time since last: 2004124959 ns, Reaching safepoint: 293292 ns, At safepoint: 8292 ns, Total: 301584 ns
[2022-04-29T01:37:29.193+0000][160][safepoint   ] Safepoint "Cleanup", Time since last: 1005089917 ns, Reaching safepoint: 1415916 ns, At safepoint: 36084 ns, Total: 1452000 ns
[2022-04-29T01:37:31.203+0000][160][safepoint   ] Safepoint "Cleanup", Time since last: 2008782709 ns, Reaching safepoint: 973583 ns, At safepoint: 18292 ns, Total: 991875 ns
[2022-04-29T01:37:34.211+0000][160][safepoint   ] Safepoint "Cleanup", Time since last: 3007305293 ns, Reaching safepoint: 95334 ns, At safepoint: 9625 ns, Total: 104959 ns
[2022-04-29T01:37:35.215+0000][160][safepoint   ] Safepoint "Cleanup", Time since last: 1004415208 ns, Reaching safepoint: 75792 ns, At safepoint: 3208 ns, Total: 79000 ns
[2022-04-29T01:37:36.217+0000][160][safepoint   ] Safepoint "Cleanup", Time since last: 1001469834 ns, Reaching safepoint: 270000 ns, At safepoint: 22500 ns, Total: 292500 ns
[2022-04-29T01:37:37.222+0000][160][safepoint   ] Safepoint "Cleanup", Time since last: 1002894709 ns, Reaching safepoint: 2363333 ns, At safepoint: 56542 ns, Total: 2419875 ns
[2022-04-29T01:37:39.227+0000][160][safepoint   ] Safepoint "Cleanup", Time since last: 2003983834 ns, Reaching safepoint: 480209 ns, At safepoint: 22708 ns, Total: 502917 ns
[2022-04-29T01:37:39.355+0000][160][gc,start    ] GC(35) Pause Young (Normal) (G1 Evacuation Pause)
[2022-04-29T01:37:39.356+0000][160][gc,task     ] GC(35) Using 5 workers of 5 for evacuation
[2022-04-29T01:37:39.356+0000][160][gc,age      ] GC(35) Desired survivor size 20971520 bytes, new threshold 15 (max threshold 15)
[2022-04-29T01:37:39.362+0000][160][gc,age      ] GC(35) Age table with threshold 15 (max threshold 15)
[2022-04-29T01:37:39.363+0000][160][gc,age      ] GC(35) - age   1:    1874168 bytes,    1874168 total
[2022-04-29T01:37:39.364+0000][160][gc,age      ] GC(35) - age   2:      24616 bytes,    1898784 total
[2022-04-29T01:37:39.364+0000][160][gc,age      ] GC(35) - age   3:     132896 bytes,    2031680 total
[2022-04-29T01:37:39.365+0000][160][gc,age      ] GC(35) - age   4:       8184 bytes,    2039864 total
[2022-04-29T01:37:39.366+0000][160][gc,age      ] GC(35) - age   5:      42256 bytes,    2082120 total
[2022-04-29T01:37:39.366+0000][160][gc,age      ] GC(35) - age   6:      19464 bytes,    2101584 total
[2022-04-29T01:37:39.367+0000][160][gc,age      ] GC(35) - age   7:      79104 bytes,    2180688 total
[2022-04-29T01:37:39.368+0000][160][gc,age      ] GC(35) - age   8:     113896 bytes,    2294584 total
[2022-04-29T01:37:39.368+0000][160][gc,age      ] GC(35) - age   9:      39560 bytes,    2334144 total
[2022-04-29T01:37:39.369+0000][160][gc,age      ] GC(35) - age  10:      14440 bytes,    2348584 total
[2022-04-29T01:37:39.369+0000][160][gc,age      ] GC(35) - age  11:     114872 bytes,    2463456 total
[2022-04-29T01:37:39.370+0000][160][gc,age      ] GC(35) - age  12:     104272 bytes,    2567728 total
[2022-04-29T01:37:39.371+0000][160][gc,age      ] GC(35) - age  13:    1252808 bytes,    3820536 total
[2022-04-29T01:37:39.371+0000][160][gc,age      ] GC(35) - age  14:      62736 bytes,    3883272 total
[2022-04-29T01:37:39.372+0000][160][gc,age      ] GC(35) - age  15:     147752 bytes,    4031024 total
[2022-04-29T01:37:39.373+0000][160][gc,phases   ] GC(35)   Pre Evacuate Collection Set: 0.1ms
[2022-04-29T01:37:39.373+0000][160][gc,phases   ] GC(35)   Merge Heap Roots: 0.1ms
[2022-04-29T01:37:39.374+0000][160][gc,phases   ] GC(35)   Evacuate Collection Set: 4.3ms
[2022-04-29T01:37:39.374+0000][160][gc,phases   ] GC(35)   Post Evacuate Collection Set: 1.0ms
[2022-04-29T01:37:39.375+0000][160][gc,phases   ] GC(35)   Other: 11.9ms
[2022-04-29T01:37:39.376+0000][160][gc,heap     ] GC(35) Eden regions: 74->0(74)
[2022-04-29T01:37:39.377+0000][160][gc,heap     ] GC(35) Survivor regions: 2->2(10)
[2022-04-29T01:37:39.377+0000][160][gc,heap     ] GC(35) Old regions: 21->21
[2022-04-29T01:37:39.378+0000][160][gc,heap     ] GC(35) Archive regions: 2->2
[2022-04-29T01:37:39.378+0000][160][gc,heap     ] GC(35) Humongous regions: 6->6
[2022-04-29T01:37:39.379+0000][160][gc,metaspace] GC(35) Metaspace: 115891K(117568K)->115891K(117568K) NonClass: 100408K(101376K)->100408K(101376K) Class: 15482K(16192K)->15482K(16192K)
[2022-04-29T01:37:39.379+0000][160][gc          ] GC(35) Pause Young (Normal) (G1 Evacuation Pause) 409M->113M(512M) 24.211ms
[2022-04-29T01:37:39.380+0000][160][gc,cpu      ] GC(35) User=0.02s Sys=0.00s Real=0.02s
[2022-04-29T01:37:39.380+0000][160][safepoint   ] Safepoint "G1CollectForAllocation", Time since last: 128355500 ns, Reaching safepoint: 120500 ns, At safepoint: 25301708 ns, Total: 25422208 ns
[2022-04-29T01:37:40.385+0000][160][safepoint   ] Safepoint "Cleanup", Time since last: 1003927084 ns, Reaching safepoint: 173375 ns, At safepoint: 4792 ns, Total: 178167 ns
[2022-04-29T01:37:41.389+0000][160][safepoint   ] Safepoint "Cleanup", Time since last: 1004152667 ns, Reaching safepoint: 193583 ns, At safepoint: 7417 ns, Total: 201000 ns
[2022-04-29T01:37:42.393+0000][160][safepoint   ] Safepoint "Cleanup", Time since last: 1003022000 ns, Reaching safepoint: 1024542 ns, At safepoint: 17750 ns, Total: 1042292 ns
[2022-04-29T01:37:44.403+0000][160][safepoint   ] Safepoint "Cleanup", Time since last: 2009593375 ns, Reaching safepoint: 391667 ns, At safepoint: 12625 ns, Total: 404292 ns
[2022-04-29T01:37:45.406+0000][160][safepoint   ] Safepoint "Cleanup", Time since last: 1002255792 ns, Reaching safepoint: 224708 ns, At safepoint: 4417 ns, Total: 229125 ns
[2022-04-29T01:37:46.409+0000][160][safepoint   ] Safepoint "Cleanup", Time since last: 1003010834 ns, Reaching safepoint: 167750 ns, At safepoint: 5625 ns, Total: 173375 ns
[2022-04-29T01:37:48.421+0000][160][safepoint   ] Safepoint "Cleanup", Time since last: 2011965251 ns, Reaching safepoint: 324791 ns, At safepoint: 13625 ns, Total: 338416 ns
[2022-04-29T01:37:49.438+0000][160][safepoint   ] Safepoint "Cleanup", Time since last: 1016252709 ns, Reaching safepoint: 356292 ns, At safepoint: 14416 ns, Total: 370708 ns
[2022-04-29T01:37:51.448+0000][160][safepoint   ] Safepoint "Cleanup", Time since last: 2010095793 ns, Reaching safepoint: 123667 ns, At safepoint: 5250 ns, Total: 128917 ns
[2022-04-29T01:37:54.459+0000][160][safepoint   ] Safepoint "Cleanup", Time since last: 3010974460 ns, Reaching safepoint: 193875 ns, At safepoint: 7125 ns, Total: 201000 ns
[2022-04-29T01:37:56.467+0000][160][safepoint   ] Safepoint "Cleanup", Time since last: 2007613459 ns, Reaching safepoint: 238583 ns, At safepoint: 12208 ns, Total: 250791 ns
[2022-04-29T01:37:57.474+0000][160][safepoint   ] Safepoint "Cleanup", Time since last: 1006784459 ns, Reaching safepoint: 121334 ns, At safepoint: 4416 ns, Total: 125750 ns
[2022-04-29T01:37:59.477+0000][160][safepoint   ] Safepoint "Cleanup", Time since last: 2002119210 ns, Reaching safepoint: 755541 ns, At safepoint: 22000 ns, Total: 777541 ns
[2022-04-29T01:38:00.484+0000][160][safepoint   ] Safepoint "Cleanup", Time since last: 1006742542 ns, Reaching safepoint: 469917 ns, At safepoint: 19042 ns, Total: 488959 ns
[2022-04-29T01:38:01.494+0000][160][safepoint   ] Safepoint "Cleanup", Time since last: 1008971792 ns, Reaching safepoint: 437750 ns, At safepoint: 14250 ns, Total: 452000 ns
[2022-04-29T01:38:03.507+0000][160][safepoint   ] Safepoint "Cleanup", Time since last: 2013218709 ns, Reaching safepoint: 62459 ns, At safepoint: 9666 ns, Total: 72125 ns
[2022-04-29T01:38:04.509+0000][160][safepoint   ] Safepoint "Cleanup", Time since last: 1001776917 ns, Reaching safepoint: 110542 ns, At safepoint: 2708 ns, Total: 113250 ns
[2022-04-29T01:38:06.518+0000][160][safepoint   ] Safepoint "Cleanup", Time since last: 2008002085 ns, Reaching safepoint: 663458 ns, At safepoint: 22333 ns, Total: 685791 ns
[2022-04-29T01:38:09.534+0000][160][safepoint   ] Safepoint "Cleanup", Time since last: 3016279168 ns, Reaching safepoint: 172500 ns, At safepoint: 5875 ns, Total: 178375 ns
[2022-04-29T01:38:10.541+0000][160][safepoint   ] Safepoint "Cleanup", Time since last: 1006430043 ns, Reaching safepoint: 302208 ns, At safepoint: 9167 ns, Total: 311375 ns
[2022-04-29T01:38:11.545+0000][160][safepoint   ] Safepoint "Cleanup", Time since last: 1003215667 ns, Reaching safepoint: 1048041 ns, At safepoint: 14959 ns, Total: 1063000 ns
[2022-04-29T01:38:12.561+0000][160][safepoint   ] Safepoint "Cleanup", Time since last: 1015224917 ns, Reaching safepoint: 903792 ns, At safepoint: 18833 ns, Total: 922625 ns
[2022-04-29T01:38:14.567+0000][160][safepoint   ] Safepoint "Cleanup", Time since last: 2006885625 ns, Reaching safepoint: 1125375 ns, At safepoint: 22708 ns, Total: 1148083 ns
[2022-04-29T01:38:15.573+0000][160][safepoint   ] Safepoint "Cleanup", Time since last: 1005205084 ns, Reaching safepoint: 193917 ns, At safepoint: 3375 ns, Total: 197292 ns
[2022-04-29T01:38:16.574+0000][160][safepoint   ] Safepoint "Cleanup", Time since last: 1001345042 ns, Reaching safepoint: 236750 ns, At safepoint: 14458 ns, Total: 251208 ns
[2022-04-29T01:38:18.580+0000][160][safepoint   ] Safepoint "Cleanup", Time since last: 2005612918 ns, Reaching safepoint: 429125 ns, At safepoint: 9166 ns, Total: 438291 ns
[2022-04-29T01:38:19.588+0000][160][safepoint   ] Safepoint "Cleanup", Time since last: 1006846376 ns, Reaching safepoint: 480167 ns, At safepoint: 15000 ns, Total: 495167 ns
[2022-04-29T01:38:21.601+0000][160][safepoint   ] Safepoint "Cleanup", Time since last: 2013037876 ns, Reaching safepoint: 125375 ns, At safepoint: 4166 ns, Total: 129541 ns
[2022-04-29T01:38:24.606+0000][160][safepoint   ] Safepoint "Cleanup", Time since last: 3004423335 ns, Reaching safepoint: 575042 ns, At safepoint: 12625 ns, Total: 587667 ns
[2022-04-29T01:38:26.613+0000][160][safepoint   ] Safepoint "Cleanup", Time since last: 2006811584 ns, Reaching safepoint: 282958 ns, At safepoint: 11500 ns, Total: 294458 ns
[2022-04-29T01:38:27.620+0000][160][safepoint   ] Safepoint "Cleanup", Time since last: 1007290542 ns, Reaching safepoint: 152042 ns, At safepoint: 4375 ns, Total: 156417 ns
[2022-04-29T01:38:28.626+0000][160][safepoint   ] Safepoint "Cleanup", Time since last: 1005802959 ns, Reaching safepoint: 229417 ns, At safepoint: 6000 ns, Total: 235417 ns
[2022-04-29T01:38:29.631+0000][160][safepoint   ] Safepoint "Cleanup", Time since last: 1004397708 ns, Reaching safepoint: 353167 ns, At safepoint: 18750 ns, Total: 371917 ns
[2022-04-29T01:38:30.649+0000][160][safepoint   ] Safepoint "Cleanup", Time since last: 1016901625 ns, Reaching safepoint: 732250 ns, At safepoint: 39334 ns, Total: 771584 ns
[2022-04-29T01:38:31.656+0000][160][safepoint   ] Safepoint "Cleanup", Time since last: 1006146292 ns, Reaching safepoint: 766250 ns, At safepoint: 25875 ns, Total: 792125 ns
[2022-04-29T01:38:33.661+0000][160][safepoint   ] Safepoint "Cleanup", Time since last: 2005286043 ns, Reaching safepoint: 463791 ns, At safepoint: 36792 ns, Total: 500583 ns
[2022-04-29T01:38:34.667+0000][160][safepoint   ] Safepoint "Cleanup", Time since last: 1005537625 ns, Reaching safepoint: 234500 ns, At safepoint: 5084 ns, Total: 239584 ns
[2022-04-29T01:38:35.669+0000][160][safepoint   ] Safepoint "Cleanup", Time since last: 1001364667 ns, Reaching safepoint: 162625 ns, At safepoint: 8542 ns, Total: 171167 ns
[2022-04-29T01:38:36.672+0000][160][safepoint   ] Safepoint "Cleanup", Time since last: 1003154583 ns, Reaching safepoint: 334042 ns, At safepoint: 12292 ns, Total: 346334 ns
[2022-04-29T01:38:38.681+0000][160][safepoint   ] Safepoint "Cleanup", Time since last: 2007932376 ns, Reaching safepoint: 500458 ns, At safepoint: 12000 ns, Total: 512458 ns
[2022-04-29T01:38:39.692+0000][160][safepoint   ] Safepoint "Cleanup", Time since last: 1011541709 ns, Reaching safepoint: 174291 ns, At safepoint: 4875 ns, Total: 179166 ns
[2022-04-29T01:38:41.699+0000][160][safepoint   ] Safepoint "Cleanup", Time since last: 2005833585 ns, Reaching safepoint: 454375 ns, At safepoint: 7833 ns, Total: 462208 ns
[2022-04-29T01:38:42.703+0000][160][safepoint   ] Safepoint "Cleanup", Time since last: 1004103292 ns, Reaching safepoint: 323292 ns, At safepoint: 33125 ns, Total: 356417 ns
[2022-04-29T01:38:43.709+0000][160][safepoint   ] Safepoint "Cleanup", Time since last: 1005529625 ns, Reaching safepoint: 371083 ns, At safepoint: 15250 ns, Total: 386333 ns
[2022-04-29T01:38:44.731+0000][160][safepoint   ] Safepoint "Cleanup", Time since last: 1021716084 ns, Reaching safepoint: 134667 ns, At safepoint: 4333 ns, Total: 139000 ns
[2022-04-29T01:38:45.737+0000][160][safepoint   ] Safepoint "Cleanup", Time since last: 1006184792 ns, Reaching safepoint: 214750 ns, At safepoint: 5417 ns, Total: 220167 ns
[2022-04-29T01:38:46.741+0000][160][safepoint   ] Safepoint "Cleanup", Time since last: 1003006417 ns, Reaching safepoint: 471417 ns, At safepoint: 10666 ns, Total: 482083 ns
[2022-04-29T01:38:48.750+0000][160][safepoint   ] Safepoint "Cleanup", Time since last: 2008654168 ns, Reaching safepoint: 170166 ns, At safepoint: 4500 ns, Total: 174666 ns
[2022-04-29T01:38:51.759+0000][160][safepoint   ] Safepoint "Cleanup", Time since last: 3009273294 ns, Reaching safepoint: 121708 ns, At safepoint: 14000 ns, Total: 135708 ns
[2022-04-29T01:38:53.767+0000][160][safepoint   ] Safepoint "Cleanup", Time since last: 2007189626 ns, Reaching safepoint: 482458 ns, At safepoint: 8250 ns, Total: 490708 ns
[2022-04-29T01:38:54.771+0000][160][safepoint   ] Safepoint "Cleanup", Time since last: 1004025959 ns, Reaching safepoint: 351458 ns, At safepoint: 17375 ns, Total: 368833 ns
[2022-04-29T01:38:56.789+0000][160][safepoint   ] Safepoint "Cleanup", Time since last: 2016990418 ns, Reaching safepoint: 945833 ns, At safepoint: 16125 ns, Total: 961958 ns
[2022-04-29T01:38:57.799+0000][160][safepoint   ] Safepoint "Cleanup", Time since last: 1009291667 ns, Reaching safepoint: 203292 ns, At safepoint: 5583 ns, Total: 208875 ns
[2022-04-29T01:38:58.800+0000][160][safepoint   ] Safepoint "Cleanup", Time since last: 1001365459 ns, Reaching safepoint: 94750 ns, At safepoint: 3250 ns, Total: 98000 ns
[2022-04-29T01:39:00.805+0000][160][safepoint   ] Safepoint "Cleanup", Time since last: 2004444626 ns, Reaching safepoint: 470667 ns, At safepoint: 19333 ns, Total: 490000 ns
[2022-04-29T01:39:01.814+0000][160][safepoint   ] Safepoint "Cleanup", Time since last: 1008510584 ns, Reaching safepoint: 298875 ns, At safepoint: 14583 ns, Total: 313458 ns
[2022-04-29T01:39:03.558+0000][160][gc,start    ] GC(36) Pause Young (Normal) (G1 Evacuation Pause)
[2022-04-29T01:39:03.559+0000][160][gc,task     ] GC(36) Using 5 workers of 5 for evacuation
[2022-04-29T01:39:03.561+0000][160][gc,age      ] GC(36) Desired survivor size 20971520 bytes, new threshold 15 (max threshold 15)
[2022-04-29T01:39:03.566+0000][160][gc,age      ] GC(36) Age table with threshold 15 (max threshold 15)
[2022-04-29T01:39:03.567+0000][160][gc,age      ] GC(36) - age   1:     625104 bytes,     625104 total
[2022-04-29T01:39:03.567+0000][160][gc,age      ] GC(36) - age   2:      24624 bytes,     649728 total
[2022-04-29T01:39:03.568+0000][160][gc,age      ] GC(36) - age   3:      22688 bytes,     672416 total
[2022-04-29T01:39:03.569+0000][160][gc,age      ] GC(36) - age   4:     132664 bytes,     805080 total
[2022-04-29T01:39:03.569+0000][160][gc,age      ] GC(36) - age   5:       8120 bytes,     813200 total
[2022-04-29T01:39:03.570+0000][160][gc,age      ] GC(36) - age   6:      42256 bytes,     855456 total
[2022-04-29T01:39:03.571+0000][160][gc,age      ] GC(36) - age   7:      19464 bytes,     874920 total
[2022-04-29T01:39:03.571+0000][160][gc,age      ] GC(36) - age   8:      79104 bytes,     954024 total
[2022-04-29T01:39:03.572+0000][160][gc,age      ] GC(36) - age   9:     113896 bytes,    1067920 total
[2022-04-29T01:39:03.573+0000][160][gc,age      ] GC(36) - age  10:      39560 bytes,    1107480 total
[2022-04-29T01:39:03.574+0000][160][gc,age      ] GC(36) - age  11:      14440 bytes,    1121920 total
[2022-04-29T01:39:03.576+0000][160][gc,age      ] GC(36) - age  12:     114872 bytes,    1236792 total
[2022-04-29T01:39:03.576+0000][160][gc,age      ] GC(36) - age  13:     104272 bytes,    1341064 total
[2022-04-29T01:39:03.577+0000][160][gc,age      ] GC(36) - age  14:    1252808 bytes,    2593872 total
[2022-04-29T01:39:03.577+0000][160][gc,age      ] GC(36) - age  15:      62736 bytes,    2656608 total
[2022-04-29T01:39:03.578+0000][160][gc,phases   ] GC(36)   Pre Evacuate Collection Set: 0.2ms
[2022-04-29T01:39:03.578+0000][160][gc,phases   ] GC(36)   Merge Heap Roots: 0.1ms
[2022-04-29T01:39:03.579+0000][160][gc,phases   ] GC(36)   Evacuate Collection Set: 3.3ms
[2022-04-29T01:39:03.580+0000][160][gc,phases   ] GC(36)   Post Evacuate Collection Set: 1.1ms
[2022-04-29T01:39:03.580+0000][160][gc,phases   ] GC(36)   Other: 15.2ms
[2022-04-29T01:39:03.581+0000][160][gc,heap     ] GC(36) Eden regions: 74->0(75)
[2022-04-29T01:39:03.582+0000][160][gc,heap     ] GC(36) Survivor regions: 2->1(10)
[2022-04-29T01:39:03.583+0000][160][gc,heap     ] GC(36) Old regions: 21->21
[2022-04-29T01:39:03.583+0000][160][gc,heap     ] GC(36) Archive regions: 2->2
[2022-04-29T01:39:03.584+0000][160][gc,heap     ] GC(36) Humongous regions: 6->6
[2022-04-29T01:39:03.585+0000][160][gc,metaspace] GC(36) Metaspace: 115935K(117696K)->115935K(117696K) NonClass: 100452K(101504K)->100452K(101504K) Class: 15482K(16192K)->15482K(16192K)
[2022-04-29T01:39:03.585+0000][160][gc          ] GC(36) Pause Young (Normal) (G1 Evacuation Pause) 409M->112M(512M) 27.495ms
[2022-04-29T01:39:03.586+0000][160][gc,cpu      ] GC(36) User=0.01s Sys=0.01s Real=0.03s
[2022-04-29T01:39:03.587+0000][160][safepoint   ] Safepoint "G1CollectForAllocation", Time since last: 1743917001 ns, Reaching safepoint: 76584 ns, At safepoint: 28885916 ns, Total: 28962500 ns
[2022-04-29T01:39:04.589+0000][160][safepoint   ] Safepoint "Cleanup", Time since last: 1002063709 ns, Reaching safepoint: 234708 ns, At safepoint: 9292 ns, Total: 244000 ns
[2022-04-29T01:39:06.602+0000][160][safepoint   ] Safepoint "Cleanup", Time since last: 2012440668 ns, Reaching safepoint: 278166 ns, At safepoint: 8000 ns, Total: 286166 ns
[2022-04-29T01:39:09.614+0000][160][safepoint   ] Safepoint "Cleanup", Time since last: 3012267043 ns, Reaching safepoint: 76584 ns, At safepoint: 2458 ns, Total: 79042 ns
[2022-04-29T01:39:11.616+0000][160][safepoint   ] Safepoint "Cleanup", Time since last: 2001494043 ns, Reaching safepoint: 272291 ns, At safepoint: 9584 ns, Total: 281875 ns
[2022-04-29T01:39:12.627+0000][160][safepoint   ] Safepoint "Cleanup", Time since last: 1010170459 ns, Reaching safepoint: 723166 ns, At safepoint: 52209 ns, Total: 775375 ns
[2022-04-29T01:39:14.640+0000][160][safepoint   ] Safepoint "Cleanup", Time since last: 2012103000 ns, Reaching safepoint: 385625 ns, At safepoint: 14459 ns, Total: 400084 ns
[2022-04-29T01:39:15.649+0000][160][safepoint   ] Safepoint "Cleanup", Time since last: 1008663000 ns, Reaching safepoint: 197917 ns, At safepoint: 10833 ns, Total: 208750 ns
[2022-04-29T01:39:16.650+0000][160][safepoint   ] Safepoint "Cleanup", Time since last: 1001028000 ns, Reaching safepoint: 75334 ns, At safepoint: 6000 ns, Total: 81334 ns
[2022-04-29T01:39:17.652+0000][160][safepoint   ] Safepoint "Cleanup", Time since last: 1001538292 ns, Reaching safepoint: 185000 ns, At safepoint: 8917 ns, Total: 193917 ns
[2022-04-29T01:39:19.665+0000][160][safepoint   ] Safepoint "Cleanup", Time since last: 2012514292 ns, Reaching safepoint: 304834 ns, At safepoint: 9333 ns, Total: 314167 ns
[2022-04-29T01:39:21.674+0000][160][safepoint   ] Safepoint "Cleanup", Time since last: 2008736209 ns, Reaching safepoint: 67375 ns, At safepoint: 2417 ns, Total: 69792 ns
[2022-04-29T01:39:23.679+0000][160][safepoint   ] Safepoint "Cleanup", Time since last: 2005302292 ns, Reaching safepoint: 178167 ns, At safepoint: 7000 ns, Total: 185167 ns
[2022-04-29T01:39:24.688+0000][160][safepoint   ] Safepoint "Cleanup", Time since last: 1008013959 ns, Reaching safepoint: 695875 ns, At safepoint: 17625 ns, Total: 713500 ns
[2022-04-29T01:39:26.703+0000][160][safepoint   ] Safepoint "Cleanup", Time since last: 2013862751 ns, Reaching safepoint: 916917 ns, At safepoint: 15708 ns, Total: 932625 ns
[2022-04-29T01:39:27.709+0000][160][safepoint   ] Safepoint "Cleanup", Time since last: 1005977834 ns, Reaching safepoint: 175666 ns, At safepoint: 5167 ns, Total: 180833 ns
[2022-04-29T01:39:28.710+0000][160][safepoint   ] Safepoint "Cleanup", Time since last: 1000762084 ns, Reaching safepoint: 414750 ns, At safepoint: 13250 ns, Total: 428000 ns
[2022-04-29T01:39:30.722+0000][160][safepoint   ] Safepoint "Cleanup", Time since last: 2011449043 ns, Reaching safepoint: 233583 ns, At safepoint: 5000 ns, Total: 238583 ns
[2022-04-29T01:39:31.723+0000][160][safepoint   ] Safepoint "Cleanup", Time since last: 1001012334 ns, Reaching safepoint: 213875 ns, At safepoint: 18500 ns, Total: 232375 ns
[2022-04-29T01:39:33.727+0000][160][safepoint   ] Safepoint "Cleanup", Time since last: 2003941334 ns, Reaching safepoint: 87833 ns, At safepoint: 2375 ns, Total: 90208 ns
[2022-04-29T01:39:36.735+0000][160][safepoint   ] Safepoint "Cleanup", Time since last: 3007381210 ns, Reaching safepoint: 550250 ns, At safepoint: 21583 ns, Total: 571833 ns
[2022-04-29T01:39:38.745+0000][160][safepoint   ] Safepoint "Cleanup", Time since last: 2009749210 ns, Reaching safepoint: 133958 ns, At safepoint: 5583 ns, Total: 139541 ns
[2022-04-29T01:39:39.748+0000][160][safepoint   ] Safepoint "Cleanup", Time since last: 1002928917 ns, Reaching safepoint: 142084 ns, At safepoint: 4125 ns, Total: 146209 ns
[2022-04-29T01:39:40.750+0000][160][safepoint   ] Safepoint "Cleanup", Time since last: 1002137750 ns, Reaching safepoint: 246792 ns, At safepoint: 7208 ns, Total: 254000 ns
[2022-04-29T01:39:41.754+0000][160][safepoint   ] Safepoint "Cleanup", Time since last: 1003619417 ns, Reaching safepoint: 453625 ns, At safepoint: 13292 ns, Total: 466917 ns
[2022-04-29T01:39:42.761+0000][160][safepoint   ] Safepoint "Cleanup", Time since last: 1006430417 ns, Reaching safepoint: 357167 ns, At safepoint: 13417 ns, Total: 370584 ns
[2022-04-29T01:39:43.763+0000][160][safepoint   ] Safepoint "Cleanup", Time since last: 1005042624 ns, Reaching safepoint: 181292 ns, At safepoint: 115208 ns, Total: 296500 ns
[2022-04-29T01:39:44.765+0000][160][safepoint   ] Safepoint "Cleanup", Time since last: 1001850459 ns, Reaching safepoint: 212209 ns, At safepoint: 16000 ns, Total: 228209 ns
[2022-04-29T01:39:57.799+0000][160][safepoint   ] Safepoint "Cleanup", Time since last: 13034587506 ns, Reaching safepoint: 191708 ns, At safepoint: 10000 ns, Total: 201708 ns
[2022-04-29T01:40:06.822+0000][160][safepoint   ] Safepoint "Cleanup", Time since last: 9021837671 ns, Reaching safepoint: 514708 ns, At safepoint: 14417 ns, Total: 529125 ns
[2022-04-29T01:40:09.829+0000][160][safepoint   ] Safepoint "Cleanup", Time since last: 3007240710 ns, Reaching safepoint: 87500 ns, At safepoint: 2667 ns, Total: 90167 ns
[2022-04-29T01:40:10.830+0000][160][safepoint   ] Safepoint "Cleanup", Time since last: 1001091625 ns, Reaching safepoint: 47833 ns, At safepoint: 1875 ns, Total: 49708 ns
[2022-04-29T01:40:21.857+0000][160][safepoint   ] Safepoint "Cleanup", Time since last: 11023547839 ns, Reaching safepoint: 300375 ns, At safepoint: 28291 ns, Total: 328666 ns
[2022-04-29T01:40:28.666+0000][160][gc,start    ] GC(37) Pause Young (Normal) (G1 Evacuation Pause)
[2022-04-29T01:40:28.667+0000][160][gc,task     ] GC(37) Using 5 workers of 5 for evacuation
[2022-04-29T01:40:28.667+0000][160][gc,age      ] GC(37) Desired survivor size 20971520 bytes, new threshold 15 (max threshold 15)
[2022-04-29T01:40:28.672+0000][160][gc,age      ] GC(37) Age table with threshold 15 (max threshold 15)
[2022-04-29T01:40:28.673+0000][160][gc,age      ] GC(37) - age   1:    1175112 bytes,    1175112 total
[2022-04-29T01:40:28.673+0000][160][gc,age      ] GC(37) - age   2:       5280 bytes,    1180392 total
[2022-04-29T01:40:28.675+0000][160][gc,age      ] GC(37) - age   3:      22192 bytes,    1202584 total
[2022-04-29T01:40:28.678+0000][160][gc,age      ] GC(37) - age   4:      22008 bytes,    1224592 total
[2022-04-29T01:40:28.678+0000][160][gc,age      ] GC(37) - age   5:     132600 bytes,    1357192 total
[2022-04-29T01:40:28.679+0000][160][gc,age      ] GC(37) - age   6:       7744 bytes,    1364936 total
[2022-04-29T01:40:28.680+0000][160][gc,age      ] GC(37) - age   7:      41280 bytes,    1406216 total
[2022-04-29T01:40:28.681+0000][160][gc,age      ] GC(37) - age   8:      19464 bytes,    1425680 total
[2022-04-29T01:40:28.682+0000][160][gc,age      ] GC(37) - age   9:      79104 bytes,    1504784 total
[2022-04-29T01:40:28.683+0000][160][gc,age      ] GC(37) - age  10:     113896 bytes,    1618680 total
[2022-04-29T01:40:28.683+0000][160][gc,age      ] GC(37) - age  11:      39560 bytes,    1658240 total
[2022-04-29T01:40:28.684+0000][160][gc,age      ] GC(37) - age  12:      14440 bytes,    1672680 total
[2022-04-29T01:40:28.685+0000][160][gc,age      ] GC(37) - age  13:     114872 bytes,    1787552 total
[2022-04-29T01:40:28.686+0000][160][gc,age      ] GC(37) - age  14:     104272 bytes,    1891824 total
[2022-04-29T01:40:28.686+0000][160][gc,age      ] GC(37) - age  15:    1252808 bytes,    3144632 total
[2022-04-29T01:40:28.687+0000][160][gc,phases   ] GC(37)   Pre Evacuate Collection Set: 0.1ms
[2022-04-29T01:40:28.688+0000][160][gc,phases   ] GC(37)   Merge Heap Roots: 0.1ms
[2022-04-29T01:40:28.688+0000][160][gc,phases   ] GC(37)   Evacuate Collection Set: 2.9ms
[2022-04-29T01:40:28.689+0000][160][gc,phases   ] GC(37)   Post Evacuate Collection Set: 0.9ms
[2022-04-29T01:40:28.690+0000][160][gc,phases   ] GC(37)   Other: 17.0ms
[2022-04-29T01:40:28.691+0000][160][gc,heap     ] GC(37) Eden regions: 75->0(75)
[2022-04-29T01:40:28.691+0000][160][gc,heap     ] GC(37) Survivor regions: 1->1(10)
[2022-04-29T01:40:28.692+0000][160][gc,heap     ] GC(37) Old regions: 21->21
[2022-04-29T01:40:28.693+0000][160][gc,heap     ] GC(37) Archive regions: 2->2
[2022-04-29T01:40:28.694+0000][160][gc,heap     ] GC(37) Humongous regions: 6->6
[2022-04-29T01:40:28.694+0000][160][gc,metaspace] GC(37) Metaspace: 115983K(117760K)->115983K(117760K) NonClass: 100499K(101568K)->100499K(101568K) Class: 15483K(16192K)->15483K(16192K)
[2022-04-29T01:40:28.695+0000][160][gc          ] GC(37) Pause Young (Normal) (G1 Evacuation Pause) 412M->112M(512M) 28.868ms
[2022-04-29T01:40:28.696+0000][160][gc,cpu      ] GC(37) User=0.01s Sys=0.00s Real=0.03s
[2022-04-29T01:40:28.696+0000][160][safepoint   ] Safepoint "G1CollectForAllocation", Time since last: 6808493962 ns, Reaching safepoint: 52375 ns, At safepoint: 30265708 ns, Total: 30318083 ns
[2022-04-29T01:40:29.702+0000][160][safepoint   ] Safepoint "Cleanup", Time since last: 1005821667 ns, Reaching safepoint: 400750 ns, At safepoint: 18667 ns, Total: 419417 ns
[2022-04-29T01:40:31.661+0000][160][safepoint   ] Safepoint "Cleanup", Time since last: 1958004209 ns, Reaching safepoint: 478625 ns, At safepoint: 8709 ns, Total: 487334 ns
[2022-04-29T01:40:33.668+0000][160][safepoint   ] Safepoint "Cleanup", Time since last: 2007293042 ns, Reaching safepoint: 178584 ns, At safepoint: 6375 ns, Total: 184959 ns
[2022-04-29T01:40:34.672+0000][160][safepoint   ] Safepoint "Cleanup", Time since last: 1003312167 ns, Reaching safepoint: 177541 ns, At safepoint: 6042 ns, Total: 183583 ns
[2022-04-29T01:40:39.675+0000][160][safepoint   ] Safepoint "Cleanup", Time since last: 5003451502 ns, Reaching safepoint: 68417 ns, At safepoint: 3958 ns, Total: 72375 ns
[2022-04-29T01:40:45.691+0000][160][safepoint   ] Safepoint "Cleanup", Time since last: 6018419377 ns, Reaching safepoint: 208750 ns, At safepoint: 5459 ns, Total: 214209 ns
[2022-04-29T01:40:46.698+0000][160][safepoint   ] Safepoint "Cleanup", Time since last: 1006092958 ns, Reaching safepoint: 327542 ns, At safepoint: 10208 ns, Total: 337750 ns
[2022-04-29T01:40:57.725+0000][160][safepoint   ] Safepoint "Cleanup", Time since last: 11027070422 ns, Reaching safepoint: 74959 ns, At safepoint: 3291 ns, Total: 78250 ns
[2022-04-29T01:41:03.739+0000][160][safepoint   ] Safepoint "Cleanup", Time since last: 6013589962 ns, Reaching safepoint: 343541 ns, At safepoint: 3417 ns, Total: 346958 ns
[2022-04-29T01:41:05.743+0000][160][safepoint   ] Safepoint "Cleanup", Time since last: 2003825251 ns, Reaching safepoint: 218833 ns, At safepoint: 12250 ns, Total: 231083 ns
[2022-04-29T01:41:09.756+0000][160][safepoint   ] Safepoint "Cleanup", Time since last: 4012706210 ns, Reaching safepoint: 179750 ns, At safepoint: 7792 ns, Total: 187542 ns
[2022-04-29T01:41:16.765+0000][160][safepoint   ] Safepoint "Cleanup", Time since last: 7012334086 ns, Reaching safepoint: 254375 ns, At safepoint: 8958 ns, Total: 263333 ns
[2022-04-29T01:41:21.780+0000][160][safepoint   ] Safepoint "Cleanup", Time since last: 5014412003 ns, Reaching safepoint: 111083 ns, At safepoint: 2209 ns, Total: 113292 ns
[2022-04-29T01:41:24.784+0000][160][safepoint   ] Safepoint "Cleanup", Time since last: 3004259293 ns, Reaching safepoint: 136000 ns, At safepoint: 4458 ns, Total: 140458 ns
[2022-04-29T01:41:27.794+0000][160][safepoint   ] Safepoint "Cleanup", Time since last: 3009373126 ns, Reaching safepoint: 113084 ns, At safepoint: 3250 ns, Total: 116334 ns
[2022-04-29T01:41:36.819+0000][160][safepoint   ] Safepoint "Cleanup", Time since last: 9025238129 ns, Reaching safepoint: 70250 ns, At safepoint: 3833 ns, Total: 74083 ns
[2022-04-29T01:41:38.832+0000][160][safepoint   ] Safepoint "Cleanup", Time since last: 2012065543 ns, Reaching safepoint: 502792 ns, At safepoint: 19583 ns, Total: 522375 ns
[2022-04-29T01:41:44.847+0000][160][safepoint   ] Safepoint "Cleanup", Time since last: 6015285461 ns, Reaching safepoint: 339750 ns, At safepoint: 7750 ns, Total: 347500 ns
[2022-04-29T01:41:45.851+0000][160][safepoint   ] Safepoint "Cleanup", Time since last: 1003985042 ns, Reaching safepoint: 111958 ns, At safepoint: 3375 ns, Total: 115333 ns
[2022-04-29T01:41:46.258+0000][160][gc,start    ] GC(38) Pause Young (Normal) (G1 Evacuation Pause)
[2022-04-29T01:41:46.259+0000][160][gc,task     ] GC(38) Using 5 workers of 5 for evacuation
[2022-04-29T01:41:46.260+0000][160][gc,age      ] GC(38) Desired survivor size 20971520 bytes, new threshold 15 (max threshold 15)
[2022-04-29T01:41:46.264+0000][160][gc,age      ] GC(38) Age table with threshold 15 (max threshold 15)
[2022-04-29T01:41:46.265+0000][160][gc,age      ] GC(38) - age   1:    1743208 bytes,    1743208 total
[2022-04-29T01:41:46.266+0000][160][gc,age      ] GC(38) - age   2:       9760 bytes,    1752968 total
[2022-04-29T01:41:46.267+0000][160][gc,age      ] GC(38) - age   3:       3576 bytes,    1756544 total
[2022-04-29T01:41:46.267+0000][160][gc,age      ] GC(38) - age   4:      21096 bytes,    1777640 total
[2022-04-29T01:41:46.268+0000][160][gc,age      ] GC(38) - age   5:      22008 bytes,    1799648 total
[2022-04-29T01:41:46.269+0000][160][gc,age      ] GC(38) - age   6:     131928 bytes,    1931576 total
[2022-04-29T01:41:46.269+0000][160][gc,age      ] GC(38) - age   7:       7744 bytes,    1939320 total
[2022-04-29T01:41:46.270+0000][160][gc,age      ] GC(38) - age   8:      41280 bytes,    1980600 total
[2022-04-29T01:41:46.271+0000][160][gc,age      ] GC(38) - age   9:      19464 bytes,    2000064 total
[2022-04-29T01:41:46.271+0000][160][gc,age      ] GC(38) - age  10:      79104 bytes,    2079168 total
[2022-04-29T01:41:46.272+0000][160][gc,age      ] GC(38) - age  11:     113896 bytes,    2193064 total
[2022-04-29T01:41:46.272+0000][160][gc,age      ] GC(38) - age  12:      39560 bytes,    2232624 total
[2022-04-29T01:41:46.273+0000][160][gc,age      ] GC(38) - age  13:      14440 bytes,    2247064 total
[2022-04-29T01:41:46.273+0000][160][gc,age      ] GC(38) - age  14:     114872 bytes,    2361936 total
[2022-04-29T01:41:46.274+0000][160][gc,age      ] GC(38) - age  15:     104272 bytes,    2466208 total
[2022-04-29T01:41:46.278+0000][160][gc,phases   ] GC(38)   Pre Evacuate Collection Set: 0.1ms
[2022-04-29T01:41:46.279+0000][160][gc,phases   ] GC(38)   Merge Heap Roots: 0.2ms
[2022-04-29T01:41:46.280+0000][160][gc,phases   ] GC(38)   Evacuate Collection Set: 2.9ms
[2022-04-29T01:41:46.281+0000][160][gc,phases   ] GC(38)   Post Evacuate Collection Set: 1.1ms
[2022-04-29T01:41:46.282+0000][160][gc,phases   ] GC(38)   Other: 15.1ms
[2022-04-29T01:41:46.282+0000][160][gc,heap     ] GC(38) Eden regions: 75->0(75)
[2022-04-29T01:41:46.283+0000][160][gc,heap     ] GC(38) Survivor regions: 1->1(10)
[2022-04-29T01:41:46.284+0000][160][gc,heap     ] GC(38) Old regions: 21->21
[2022-04-29T01:41:46.284+0000][160][gc,heap     ] GC(38) Archive regions: 2->2
[2022-04-29T01:41:46.285+0000][160][gc,heap     ] GC(38) Humongous regions: 6->6
[2022-04-29T01:41:46.286+0000][160][gc,metaspace] GC(38) Metaspace: 116005K(117760K)->116005K(117760K) NonClass: 100521K(101568K)->100521K(101568K) Class: 15483K(16192K)->15483K(16192K)
[2022-04-29T01:41:46.287+0000][160][gc          ] GC(38) Pause Young (Normal) (G1 Evacuation Pause) 412M->113M(512M) 28.244ms
[2022-04-29T01:41:46.288+0000][160][gc,cpu      ] GC(38) User=0.02s Sys=0.00s Real=0.03s
[2022-04-29T01:41:46.289+0000][160][safepoint   ] Safepoint "G1CollectForAllocation", Time since last: 406924709 ns, Reaching safepoint: 63708 ns, At safepoint: 30469750 ns, Total: 30533458 ns
[2022-04-29T01:42:04.336+0000][160][safepoint   ] Safepoint "Cleanup", Time since last: 18046963717 ns, Reaching safepoint: 71334 ns, At safepoint: 5041 ns, Total: 76375 ns
[2022-04-29T01:42:05.339+0000][160][safepoint   ] Safepoint "Cleanup", Time since last: 1002948459 ns, Reaching safepoint: 614958 ns, At safepoint: 27959 ns, Total: 642917 ns
[2022-04-29T01:42:06.353+0000][160][safepoint   ] Safepoint "Cleanup", Time since last: 1013035167 ns, Reaching safepoint: 338458 ns, At safepoint: 11708 ns, Total: 350166 ns
[2022-04-29T01:42:07.356+0000][160][safepoint   ] Safepoint "Cleanup", Time since last: 1002548209 ns, Reaching safepoint: 275792 ns, At safepoint: 10875 ns, Total: 286667 ns
[2022-04-29T01:42:10.360+0000][160][safepoint   ] Safepoint "Cleanup", Time since last: 3003820251 ns, Reaching safepoint: 150292 ns, At safepoint: 5458 ns, Total: 155750 ns
[2022-04-29T01:42:11.367+0000][160][safepoint   ] Safepoint "Cleanup", Time since last: 1007581209 ns, Reaching safepoint: 203834 ns, At safepoint: 8750 ns, Total: 212584 ns
[2022-04-29T01:42:16.396+0000][160][safepoint   ] Safepoint "Cleanup", Time since last: 5029223459 ns, Reaching safepoint: 666500 ns, At safepoint: 12334 ns, Total: 678834 ns
[2022-04-29T01:42:21.407+0000][160][safepoint   ] Safepoint "Cleanup", Time since last: 5009994627 ns, Reaching safepoint: 153500 ns, At safepoint: 4125 ns, Total: 157625 ns
[2022-04-29T01:42:22.408+0000][160][safepoint   ] Safepoint "Cleanup", Time since last: 1001157292 ns, Reaching safepoint: 53625 ns, At safepoint: 2792 ns, Total: 56417 ns
[2022-04-29T01:42:27.416+0000][160][safepoint   ] Safepoint "Cleanup", Time since last: 5007954544 ns, Reaching safepoint: 135000 ns, At safepoint: 4583 ns, Total: 139583 ns
[2022-04-29T01:42:28.419+0000][160][safepoint   ] Safepoint "Cleanup", Time since last: 1002573709 ns, Reaching safepoint: 174542 ns, At safepoint: 6583 ns, Total: 181125 ns
[2022-04-29T01:42:29.429+0000][160][safepoint   ] Safepoint "Cleanup", Time since last: 1009500334 ns, Reaching safepoint: 537083 ns, At safepoint: 15625 ns, Total: 552708 ns
[2022-04-29T01:42:40.446+0000][160][safepoint   ] Safepoint "Cleanup", Time since last: 11017538880 ns, Reaching safepoint: 128167 ns, At safepoint: 7500 ns, Total: 135667 ns
[2022-04-29T01:42:45.452+0000][160][safepoint   ] Safepoint "Cleanup", Time since last: 5006888627 ns, Reaching safepoint: 854083 ns, At safepoint: 12334 ns, Total: 866417 ns
[2022-04-29T01:42:47.463+0000][160][safepoint   ] Safepoint "Cleanup", Time since last: 2007800750 ns, Reaching safepoint: 3147667 ns, At safepoint: 10917 ns, Total: 3158584 ns
[2022-04-29T01:42:51.472+0000][160][safepoint   ] Safepoint "Cleanup", Time since last: 4008025752 ns, Reaching safepoint: 167583 ns, At safepoint: 6458 ns, Total: 174041 ns
[2022-04-29T01:42:52.477+0000][160][safepoint   ] Safepoint "Cleanup", Time since last: 1004940584 ns, Reaching safepoint: 255542 ns, At safepoint: 8750 ns, Total: 264292 ns
[2022-04-29T01:43:04.502+0000][160][safepoint   ] Safepoint "Cleanup", Time since last: 12024674881 ns, Reaching safepoint: 106708 ns, At safepoint: 7875 ns, Total: 114583 ns
[2022-04-29T01:43:07.513+0000][160][safepoint   ] Safepoint "Cleanup", Time since last: 3010825668 ns, Reaching safepoint: 848583 ns, At safepoint: 82375 ns, Total: 930958 ns
[2022-04-29T01:43:10.529+0000][160][safepoint   ] Safepoint "Cleanup", Time since last: 3014572293 ns, Reaching safepoint: 1033292 ns, At safepoint: 14458 ns, Total: 1047750 ns
[2022-04-29T01:43:11.167+0000][160][gc,start    ] GC(39) Pause Young (Normal) (G1 Evacuation Pause)
[2022-04-29T01:43:11.169+0000][160][gc,task     ] GC(39) Using 5 workers of 5 for evacuation
[2022-04-29T01:43:11.169+0000][160][gc,age      ] GC(39) Desired survivor size 20971520 bytes, new threshold 15 (max threshold 15)
[2022-04-29T01:43:11.173+0000][160][gc,age      ] GC(39) Age table with threshold 15 (max threshold 15)
[2022-04-29T01:43:11.174+0000][160][gc,age      ] GC(39) - age   1:     753584 bytes,     753584 total
[2022-04-29T01:43:11.174+0000][160][gc,age      ] GC(39) - age   2:       6496 bytes,     760080 total
[2022-04-29T01:43:11.175+0000][160][gc,age      ] GC(39) - age   3:       8168 bytes,     768248 total
[2022-04-29T01:43:11.176+0000][160][gc,age      ] GC(39) - age   4:       3312 bytes,     771560 total
[2022-04-29T01:43:11.176+0000][160][gc,age      ] GC(39) - age   5:      20752 bytes,     792312 total
[2022-04-29T01:43:11.177+0000][160][gc,age      ] GC(39) - age   6:       5856 bytes,     798168 total
[2022-04-29T01:43:11.178+0000][160][gc,age      ] GC(39) - age   7:     131928 bytes,     930096 total
[2022-04-29T01:43:11.178+0000][160][gc,age      ] GC(39) - age   8:       7744 bytes,     937840 total
[2022-04-29T01:43:11.179+0000][160][gc,age      ] GC(39) - age   9:      41280 bytes,     979120 total
[2022-04-29T01:43:11.180+0000][160][gc,age      ] GC(39) - age  10:      19464 bytes,     998584 total
[2022-04-29T01:43:11.181+0000][160][gc,age      ] GC(39) - age  11:      79104 bytes,    1077688 total
[2022-04-29T01:43:11.181+0000][160][gc,age      ] GC(39) - age  12:     113896 bytes,    1191584 total
[2022-04-29T01:43:11.181+0000][160][gc,age      ] GC(39) - age  13:      39560 bytes,    1231144 total
[2022-04-29T01:43:11.182+0000][160][gc,age      ] GC(39) - age  14:      14440 bytes,    1245584 total
[2022-04-29T01:43:11.183+0000][160][gc,age      ] GC(39) - age  15:     114872 bytes,    1360456 total
[2022-04-29T01:43:11.183+0000][160][gc,phases   ] GC(39)   Pre Evacuate Collection Set: 0.2ms
[2022-04-29T01:43:11.184+0000][160][gc,phases   ] GC(39)   Merge Heap Roots: 0.1ms
[2022-04-29T01:43:11.184+0000][160][gc,phases   ] GC(39)   Evacuate Collection Set: 1.9ms
[2022-04-29T01:43:11.185+0000][160][gc,phases   ] GC(39)   Post Evacuate Collection Set: 1.0ms
[2022-04-29T01:43:11.186+0000][160][gc,phases   ] GC(39)   Other: 12.7ms
[2022-04-29T01:43:11.186+0000][160][gc,heap     ] GC(39) Eden regions: 75->0(75)
[2022-04-29T01:43:11.187+0000][160][gc,heap     ] GC(39) Survivor regions: 1->1(10)
[2022-04-29T01:43:11.188+0000][160][gc,heap     ] GC(39) Old regions: 21->21
[2022-04-29T01:43:11.188+0000][160][gc,heap     ] GC(39) Archive regions: 2->2
[2022-04-29T01:43:11.189+0000][160][gc,heap     ] GC(39) Humongous regions: 6->6
[2022-04-29T01:43:11.190+0000][160][gc,metaspace] GC(39) Metaspace: 116034K(117760K)->116034K(117760K) NonClass: 100550K(101568K)->100550K(101568K) Class: 15483K(16192K)->15483K(16192K)
[2022-04-29T01:43:11.190+0000][160][gc          ] GC(39) Pause Young (Normal) (G1 Evacuation Pause) 413M->112M(512M) 22.866ms
[2022-04-29T01:43:11.191+0000][160][gc,cpu      ] GC(39) User=0.01s Sys=0.00s Real=0.02s
[2022-04-29T01:43:11.191+0000][160][safepoint   ] Safepoint "G1CollectForAllocation", Time since last: 638265959 ns, Reaching safepoint: 76125 ns, At safepoint: 24180833 ns, Total: 24256958 ns
[2022-04-29T01:43:22.228+0000][160][safepoint   ] Safepoint "Cleanup", Time since last: 11036121588 ns, Reaching safepoint: 124292 ns, At safepoint: 2375 ns, Total: 126667 ns
[2022-04-29T01:43:34.262+0000][160][safepoint   ] Safepoint "Cleanup", Time since last: 12033020297 ns, Reaching safepoint: 789000 ns, At safepoint: 12834 ns, Total: 801834 ns
[2022-04-29T01:43:40.275+0000][160][safepoint   ] Safepoint "Cleanup", Time since last: 6013124586 ns, Reaching safepoint: 159583 ns, At safepoint: 6334 ns, Total: 165917 ns
[2022-04-29T01:43:45.280+0000][160][safepoint   ] Safepoint "Cleanup", Time since last: 5006115376 ns, Reaching safepoint: 934583 ns, At safepoint: 20667 ns, Total: 955250 ns
[2022-04-29T01:43:46.288+0000][160][safepoint   ] Safepoint "Cleanup", Time since last: 1007681667 ns, Reaching safepoint: 220417 ns, At safepoint: 14250 ns, Total: 234667 ns
[2022-04-29T01:43:53.300+0000][160][safepoint   ] Safepoint "Cleanup", Time since last: 7011474045 ns, Reaching safepoint: 132667 ns, At safepoint: 3791 ns, Total: 136458 ns
[2022-04-29T01:44:01.313+0000][160][safepoint   ] Safepoint "Cleanup", Time since last: 8012805296 ns, Reaching safepoint: 533458 ns, At safepoint: 11458 ns, Total: 544916 ns
[2022-04-29T01:44:11.332+0000][160][safepoint   ] Safepoint "Cleanup", Time since last: 10019115547 ns, Reaching safepoint: 258417 ns, At safepoint: 9791 ns, Total: 268208 ns
[2022-04-29T01:44:16.345+0000][160][safepoint   ] Safepoint "Cleanup", Time since last: 5012565960 ns, Reaching safepoint: 195750 ns, At safepoint: 8000 ns, Total: 203750 ns
[2022-04-29T01:44:17.348+0000][160][safepoint   ] Safepoint "Cleanup", Time since last: 1002257167 ns, Reaching safepoint: 456500 ns, At safepoint: 4875 ns, Total: 461375 ns
[2022-04-29T01:44:21.354+0000][160][safepoint   ] Safepoint "Cleanup", Time since last: 4004918335 ns, Reaching safepoint: 1191917 ns, At safepoint: 17375 ns, Total: 1209292 ns
[2022-04-29T01:44:34.402+0000][160][safepoint   ] Safepoint "Cleanup", Time since last: 13047571590 ns, Reaching safepoint: 184500 ns, At safepoint: 4500 ns, Total: 189000 ns
[2022-04-29T01:44:36.409+0000][160][gc,start    ] GC(40) Pause Young (Normal) (G1 Evacuation Pause)
[2022-04-29T01:44:36.411+0000][160][gc,task     ] GC(40) Using 5 workers of 5 for evacuation
[2022-04-29T01:44:36.412+0000][160][gc,age      ] GC(40) Desired survivor size 20971520 bytes, new threshold 15 (max threshold 15)
[2022-04-29T01:44:36.416+0000][160][gc,age      ] GC(40) Age table with threshold 15 (max threshold 15)
[2022-04-29T01:44:36.418+0000][160][gc,age      ] GC(40) - age   1:    1175624 bytes,    1175624 total
[2022-04-29T01:44:36.419+0000][160][gc,age      ] GC(40) - age   2:      20280 bytes,    1195904 total
[2022-04-29T01:44:36.420+0000][160][gc,age      ] GC(40) - age   3:       3920 bytes,    1199824 total
[2022-04-29T01:44:36.421+0000][160][gc,age      ] GC(40) - age   4:       7856 bytes,    1207680 total
[2022-04-29T01:44:36.422+0000][160][gc,age      ] GC(40) - age   5:       3312 bytes,    1210992 total
[2022-04-29T01:44:36.423+0000][160][gc,age      ] GC(40) - age   6:      20752 bytes,    1231744 total
[2022-04-29T01:44:36.423+0000][160][gc,age      ] GC(40) - age   7:       5856 bytes,    1237600 total
[2022-04-29T01:44:36.424+0000][160][gc,age      ] GC(40) - age   8:     131928 bytes,    1369528 total
[2022-04-29T01:44:36.425+0000][160][gc,age      ] GC(40) - age   9:       7744 bytes,    1377272 total
[2022-04-29T01:44:36.425+0000][160][gc,age      ] GC(40) - age  10:      41280 bytes,    1418552 total
[2022-04-29T01:44:36.426+0000][160][gc,age      ] GC(40) - age  11:      19464 bytes,    1438016 total
[2022-04-29T01:44:36.426+0000][160][gc,age      ] GC(40) - age  12:      79104 bytes,    1517120 total
[2022-04-29T01:44:36.427+0000][160][gc,age      ] GC(40) - age  13:     113896 bytes,    1631016 total
[2022-04-29T01:44:36.428+0000][160][gc,age      ] GC(40) - age  14:      39560 bytes,    1670576 total
[2022-04-29T01:44:36.429+0000][160][gc,age      ] GC(40) - age  15:      14440 bytes,    1685016 total
[2022-04-29T01:44:36.429+0000][160][gc,phases   ] GC(40)   Pre Evacuate Collection Set: 0.1ms
[2022-04-29T01:44:36.431+0000][160][gc,phases   ] GC(40)   Merge Heap Roots: 0.0ms
[2022-04-29T01:44:36.432+0000][160][gc,phases   ] GC(40)   Evacuate Collection Set: 2.7ms
[2022-04-29T01:44:36.432+0000][160][gc,phases   ] GC(40)   Post Evacuate Collection Set: 0.9ms
[2022-04-29T01:44:36.433+0000][160][gc,phases   ] GC(40)   Other: 16.4ms
[2022-04-29T01:44:36.433+0000][160][gc,heap     ] GC(40) Eden regions: 75->0(75)
[2022-04-29T01:44:36.434+0000][160][gc,heap     ] GC(40) Survivor regions: 1->1(10)
[2022-04-29T01:44:36.435+0000][160][gc,heap     ] GC(40) Old regions: 21->21
[2022-04-29T01:44:36.435+0000][160][gc,heap     ] GC(40) Archive regions: 2->2
[2022-04-29T01:44:36.436+0000][160][gc,heap     ] GC(40) Humongous regions: 6->6
[2022-04-29T01:44:36.436+0000][160][gc,metaspace] GC(40) Metaspace: 116064K(117760K)->116064K(117760K) NonClass: 100580K(101568K)->100580K(101568K) Class: 15483K(16192K)->15483K(16192K)
[2022-04-29T01:44:36.437+0000][160][gc          ] GC(40) Pause Young (Normal) (G1 Evacuation Pause) 412M->112M(512M) 27.590ms
[2022-04-29T01:44:36.438+0000][160][gc,cpu      ] GC(40) User=0.01s Sys=0.01s Real=0.03s
[2022-04-29T01:44:36.438+0000][160][safepoint   ] Safepoint "G1CollectForAllocation", Time since last: 2007372292 ns, Reaching safepoint: 104917 ns, At safepoint: 28864208 ns, Total: 28969125 ns
[2022-04-29T01:44:40.442+0000][160][safepoint   ] Safepoint "Cleanup", Time since last: 4004146835 ns, Reaching safepoint: 148334 ns, At safepoint: 3333 ns, Total: 151667 ns
[2022-04-29T01:44:45.452+0000][160][safepoint   ] Safepoint "Cleanup", Time since last: 5010977210 ns, Reaching safepoint: 401500 ns, At safepoint: 10125 ns, Total: 411625 ns
[2022-04-29T01:44:46.460+0000][160][safepoint   ] Safepoint "Cleanup", Time since last: 1007269167 ns, Reaching safepoint: 227250 ns, At safepoint: 6959 ns, Total: 234209 ns
[2022-04-29T01:44:54.478+0000][160][safepoint   ] Safepoint "Cleanup", Time since last: 8017942295 ns, Reaching safepoint: 197167 ns, At safepoint: 6708 ns, Total: 203875 ns
[2022-04-29T01:45:05.497+0000][160][safepoint   ] Safepoint "Cleanup", Time since last: 11018236714 ns, Reaching safepoint: 164625 ns, At safepoint: 6916 ns, Total: 171541 ns
[2022-04-29T01:45:10.514+0000][160][safepoint   ] Safepoint "Cleanup", Time since last: 5016901211 ns, Reaching safepoint: 105500 ns, At safepoint: 4292 ns, Total: 109792 ns
[2022-04-29T01:45:27.551+0000][160][safepoint   ] Safepoint "Cleanup", Time since last: 17032341466 ns, Reaching safepoint: 125750 ns, At safepoint: 3833 ns, Total: 129583 ns
[2022-04-29T01:45:33.558+0000][160][safepoint   ] Safepoint "Cleanup", Time since last: 6007485669 ns, Reaching safepoint: 162584 ns, At safepoint: 5291 ns, Total: 167875 ns
[2022-04-29T01:45:34.561+0000][160][safepoint   ] Safepoint "Cleanup", Time since last: 1002605084 ns, Reaching safepoint: 210584 ns, At safepoint: 3666 ns, Total: 214250 ns
[2022-04-29T01:45:45.585+0000][160][safepoint   ] Safepoint "Cleanup", Time since last: 11028637464 ns, Reaching safepoint: 156000 ns, At safepoint: 4708 ns, Total: 160708 ns
[2022-04-29T01:45:46.587+0000][160][safepoint   ] Safepoint "Cleanup", Time since last: 1002239042 ns, Reaching safepoint: 292042 ns, At safepoint: 5375 ns, Total: 297417 ns
[2022-04-29T01:45:57.837+0000][160][gc,start    ] GC(41) Pause Young (Normal) (G1 Evacuation Pause)
[2022-04-29T01:45:57.839+0000][160][gc,task     ] GC(41) Using 5 workers of 5 for evacuation
[2022-04-29T01:45:57.840+0000][160][gc,age      ] GC(41) Desired survivor size 20971520 bytes, new threshold 15 (max threshold 15)
[2022-04-29T01:45:57.844+0000][160][gc,age      ] GC(41) Age table with threshold 15 (max threshold 15)
[2022-04-29T01:45:57.845+0000][160][gc,age      ] GC(41) - age   1:    1765120 bytes,    1765120 total
[2022-04-29T01:45:57.846+0000][160][gc,age      ] GC(41) - age   2:       9032 bytes,    1774152 total
[2022-04-29T01:45:57.847+0000][160][gc,age      ] GC(41) - age   3:      18480 bytes,    1792632 total
[2022-04-29T01:45:57.848+0000][160][gc,age      ] GC(41) - age   4:       3040 bytes,    1795672 total
[2022-04-29T01:45:57.850+0000][160][gc,age      ] GC(41) - age   5:       7856 bytes,    1803528 total
[2022-04-29T01:45:57.850+0000][160][gc,age      ] GC(41) - age   6:       3312 bytes,    1806840 total
[2022-04-29T01:45:57.851+0000][160][gc,age      ] GC(41) - age   7:      20720 bytes,    1827560 total
[2022-04-29T01:45:57.852+0000][160][gc,age      ] GC(41) - age   8:       5632 bytes,    1833192 total
[2022-04-29T01:45:57.852+0000][160][gc,age      ] GC(41) - age   9:     131928 bytes,    1965120 total
[2022-04-29T01:45:57.853+0000][160][gc,age      ] GC(41) - age  10:       7744 bytes,    1972864 total
[2022-04-29T01:45:57.854+0000][160][gc,age      ] GC(41) - age  11:      41280 bytes,    2014144 total
[2022-04-29T01:45:57.854+0000][160][gc,age      ] GC(41) - age  12:      19464 bytes,    2033608 total
[2022-04-29T01:45:57.855+0000][160][gc,age      ] GC(41) - age  13:      79104 bytes,    2112712 total
[2022-04-29T01:45:57.856+0000][160][gc,age      ] GC(41) - age  14:     113856 bytes,    2226568 total
[2022-04-29T01:45:57.856+0000][160][gc,age      ] GC(41) - age  15:      39528 bytes,    2266096 total
[2022-04-29T01:45:57.857+0000][160][gc,phases   ] GC(41)   Pre Evacuate Collection Set: 0.4ms
[2022-04-29T01:45:57.857+0000][160][gc,phases   ] GC(41)   Merge Heap Roots: 0.1ms
[2022-04-29T01:45:57.858+0000][160][gc,phases   ] GC(41)   Evacuate Collection Set: 2.3ms
[2022-04-29T01:45:57.859+0000][160][gc,phases   ] GC(41)   Post Evacuate Collection Set: 0.8ms
[2022-04-29T01:45:57.859+0000][160][gc,phases   ] GC(41)   Other: 16.2ms
[2022-04-29T01:45:57.860+0000][160][gc,heap     ] GC(41) Eden regions: 75->0(75)
[2022-04-29T01:45:57.861+0000][160][gc,heap     ] GC(41) Survivor regions: 1->1(10)
[2022-04-29T01:45:57.862+0000][160][gc,heap     ] GC(41) Old regions: 21->21
[2022-04-29T01:45:57.862+0000][160][gc,heap     ] GC(41) Archive regions: 2->2
[2022-04-29T01:45:57.863+0000][160][gc,heap     ] GC(41) Humongous regions: 6->6
[2022-04-29T01:45:57.864+0000][160][gc,metaspace] GC(41) Metaspace: 116086K(117824K)->116086K(117824K) NonClass: 100602K(101632K)->100602K(101632K) Class: 15483K(16192K)->15483K(16192K)
[2022-04-29T01:45:57.865+0000][160][gc          ] GC(41) Pause Young (Normal) (G1 Evacuation Pause) 412M->113M(512M) 28.385ms
[2022-04-29T01:45:57.867+0000][160][gc,cpu      ] GC(41) User=0.01s Sys=0.00s Real=0.03s
[2022-04-29T01:45:57.868+0000][160][safepoint   ] Safepoint "G1CollectForAllocation", Time since last: 11249551047 ns, Reaching safepoint: 58375 ns, At safepoint: 30684166 ns, Total: 30742541 ns
[2022-04-29T01:45:58.874+0000][160][safepoint   ] Safepoint "Cleanup", Time since last: 1005951084 ns, Reaching safepoint: 252209 ns, At safepoint: 5833 ns, Total: 258042 ns
[2022-04-29T01:46:03.896+0000][160][safepoint   ] Safepoint "Cleanup", Time since last: 5022431544 ns, Reaching safepoint: 160375 ns, At safepoint: 6458 ns, Total: 166833 ns
[2022-04-29T01:46:45.977+0000][160][safepoint   ] Safepoint "Cleanup", Time since last: 42083904602 ns, Reaching safepoint: 157250 ns, At safepoint: 4917 ns, Total: 162167 ns
[2022-04-29T01:46:51.988+0000][160][safepoint   ] Safepoint "Cleanup", Time since last: 6010751461 ns, Reaching safepoint: 215542 ns, At safepoint: 34125 ns, Total: 249667 ns
[2022-04-29T01:46:52.995+0000][160][safepoint   ] Safepoint "Cleanup", Time since last: 1005473208 ns, Reaching safepoint: 1169125 ns, At safepoint: 17959 ns, Total: 1187084 ns
[2022-04-29T01:46:54.000+0000][160][safepoint   ] Safepoint "Cleanup", Time since last: 1004395292 ns, Reaching safepoint: 374583 ns, At safepoint: 9584 ns, Total: 384167 ns
[2022-04-29T01:46:56.020+0000][160][safepoint   ] Safepoint "Cleanup", Time since last: 2008063751 ns, Reaching safepoint: 11931875 ns, At safepoint: 16208 ns, Total: 11948083 ns
[2022-04-29T01:47:09.061+0000][160][safepoint   ] Safepoint "Cleanup", Time since last: 13041077839 ns, Reaching safepoint: 287167 ns, At safepoint: 9792 ns, Total: 296959 ns
[2022-04-29T01:47:15.066+0000][160][safepoint   ] Safepoint "Cleanup", Time since last: 6009024836 ns, Reaching safepoint: 948625 ns, At safepoint: 16583 ns, Total: 965208 ns
[2022-04-29T01:47:17.092+0000][160][safepoint   ] Safepoint "Cleanup", Time since last: 2023636793 ns, Reaching safepoint: 2290166 ns, At safepoint: 12209 ns, Total: 2302375 ns
[2022-04-29T01:47:21.934+0000][160][gc,start    ] GC(42) Pause Young (Normal) (G1 Evacuation Pause)
[2022-04-29T01:47:21.936+0000][160][gc,task     ] GC(42) Using 5 workers of 5 for evacuation
[2022-04-29T01:47:21.937+0000][160][gc,age      ] GC(42) Desired survivor size 20971520 bytes, new threshold 15 (max threshold 15)
[2022-04-29T01:47:21.940+0000][160][gc,age      ] GC(42) Age table with threshold 15 (max threshold 15)
[2022-04-29T01:47:21.941+0000][160][gc,age      ] GC(42) - age   1:     777096 bytes,     777096 total
[2022-04-29T01:47:21.941+0000][160][gc,age      ] GC(42) - age   2:      34704 bytes,     811800 total
[2022-04-29T01:47:21.942+0000][160][gc,age      ] GC(42) - age   3:       7688 bytes,     819488 total
[2022-04-29T01:47:21.943+0000][160][gc,age      ] GC(42) - age   4:      18448 bytes,     837936 total
[2022-04-29T01:47:21.943+0000][160][gc,age      ] GC(42) - age   5:       2640 bytes,     840576 total
[2022-04-29T01:47:21.944+0000][160][gc,age      ] GC(42) - age   6:       7480 bytes,     848056 total
[2022-04-29T01:47:21.945+0000][160][gc,age      ] GC(42) - age   7:       3312 bytes,     851368 total
[2022-04-29T01:47:21.946+0000][160][gc,age      ] GC(42) - age   8:      18800 bytes,     870168 total
[2022-04-29T01:47:21.946+0000][160][gc,age      ] GC(42) - age   9:       5632 bytes,     875800 total
[2022-04-29T01:47:21.947+0000][160][gc,age      ] GC(42) - age  10:     131928 bytes,    1007728 total
[2022-04-29T01:47:21.948+0000][160][gc,age      ] GC(42) - age  11:       7744 bytes,    1015472 total
[2022-04-29T01:47:21.949+0000][160][gc,age      ] GC(42) - age  12:      40888 bytes,    1056360 total
[2022-04-29T01:47:21.950+0000][160][gc,age      ] GC(42) - age  13:      19464 bytes,    1075824 total
[2022-04-29T01:47:21.951+0000][160][gc,age      ] GC(42) - age  14:      79104 bytes,    1154928 total
[2022-04-29T01:47:21.951+0000][160][gc,age      ] GC(42) - age  15:     113856 bytes,    1268784 total
[2022-04-29T01:47:21.953+0000][160][gc,phases   ] GC(42)   Pre Evacuate Collection Set: 0.1ms
[2022-04-29T01:47:21.953+0000][160][gc,phases   ] GC(42)   Merge Heap Roots: 0.1ms
[2022-04-29T01:47:21.954+0000][160][gc,phases   ] GC(42)   Evacuate Collection Set: 1.5ms
[2022-04-29T01:47:21.955+0000][160][gc,phases   ] GC(42)   Post Evacuate Collection Set: 0.6ms
[2022-04-29T01:47:21.956+0000][160][gc,phases   ] GC(42)   Other: 16.1ms
[2022-04-29T01:47:21.956+0000][160][gc,heap     ] GC(42) Eden regions: 75->0(75)
[2022-04-29T01:47:21.957+0000][160][gc,heap     ] GC(42) Survivor regions: 1->1(10)
[2022-04-29T01:47:21.957+0000][160][gc,heap     ] GC(42) Old regions: 21->21
[2022-04-29T01:47:21.958+0000][160][gc,heap     ] GC(42) Archive regions: 2->2
[2022-04-29T01:47:21.959+0000][160][gc,heap     ] GC(42) Humongous regions: 6->6
[2022-04-29T01:47:21.960+0000][160][gc,metaspace] GC(42) Metaspace: 116104K(117824K)->116104K(117824K) NonClass: 100620K(101632K)->100620K(101632K) Class: 15483K(16192K)->15483K(16192K)
[2022-04-29T01:47:21.961+0000][160][gc          ] GC(42) Pause Young (Normal) (G1 Evacuation Pause) 413M->112M(512M) 26.560ms
[2022-04-29T01:47:21.961+0000][160][gc,cpu      ] GC(42) User=0.01s Sys=0.01s Real=0.02s
[2022-04-29T01:47:21.962+0000][160][safepoint   ] Safepoint "G1CollectForAllocation", Time since last: 4842044335 ns, Reaching safepoint: 201542 ns, At safepoint: 28137875 ns, Total: 28339417 ns
[2022-04-29T01:47:33.988+0000][160][safepoint   ] Safepoint "Cleanup", Time since last: 12026272172 ns, Reaching safepoint: 71375 ns, At safepoint: 2625 ns, Total: 74000 ns
[2022-04-29T01:47:39.999+0000][160][safepoint   ] Safepoint "Cleanup", Time since last: 6010385045 ns, Reaching safepoint: 233500 ns, At safepoint: 5000 ns, Total: 238500 ns
[2022-04-29T01:47:42.002+0000][160][safepoint   ] Safepoint "Cleanup", Time since last: 2002445084 ns, Reaching safepoint: 524250 ns, At safepoint: 16208 ns, Total: 540458 ns
[2022-04-29T01:47:45.030+0000][160][safepoint   ] Safepoint "Cleanup", Time since last: 3021370293 ns, Reaching safepoint: 637000 ns, At safepoint: 12042 ns, Total: 649042 ns
[2022-04-29T01:47:58.065+0000][160][safepoint   ] Safepoint "Cleanup", Time since last: 13033976298 ns, Reaching safepoint: 201333 ns, At safepoint: 14000 ns, Total: 215333 ns
[2022-04-29T01:48:04.079+0000][160][safepoint   ] Safepoint "Cleanup", Time since last: 6014035420 ns, Reaching safepoint: 599250 ns, At safepoint: 15250 ns, Total: 614500 ns
[2022-04-29T01:48:06.092+0000][160][safepoint   ] Safepoint "Cleanup", Time since last: 2012120417 ns, Reaching safepoint: 341250 ns, At safepoint: 11875 ns, Total: 353125 ns
[2022-04-29T01:48:10.113+0000][160][safepoint   ] Safepoint "Cleanup", Time since last: 4021088127 ns, Reaching safepoint: 192250 ns, At safepoint: 5209 ns, Total: 197459 ns
[2022-04-29T01:48:16.130+0000][160][safepoint   ] Safepoint "Cleanup", Time since last: 6020405544 ns, Reaching safepoint: 264916 ns, At safepoint: 33500 ns, Total: 298416 ns
[2022-04-29T01:48:28.158+0000][160][safepoint   ] Safepoint "Cleanup", Time since last: 12027712715 ns, Reaching safepoint: 137250 ns, At safepoint: 3041 ns, Total: 140291 ns
[2022-04-29T01:48:29.161+0000][160][safepoint   ] Safepoint "Cleanup", Time since last: 1003674209 ns, Reaching safepoint: 95000 ns, At safepoint: 4917 ns, Total: 99917 ns
[2022-04-29T01:48:34.172+0000][160][safepoint   ] Safepoint "Cleanup", Time since last: 5010367127 ns, Reaching safepoint: 126458 ns, At safepoint: 11959 ns, Total: 138417 ns
[2022-04-29T01:48:40.178+0000][160][safepoint   ] Safepoint "Cleanup", Time since last: 6005845503 ns, Reaching safepoint: 58791 ns, At safepoint: 2667 ns, Total: 61458 ns
[2022-04-29T01:48:46.191+0000][160][safepoint   ] Safepoint "Cleanup", Time since last: 6013875919 ns, Reaching safepoint: 216708 ns, At safepoint: 6917 ns, Total: 223625 ns
[2022-04-29T01:48:46.595+0000][160][gc,start    ] GC(43) Pause Young (Normal) (G1 Evacuation Pause)
[2022-04-29T01:48:46.597+0000][160][gc,task     ] GC(43) Using 5 workers of 5 for evacuation
[2022-04-29T01:48:46.598+0000][160][gc,age      ] GC(43) Desired survivor size 20971520 bytes, new threshold 15 (max threshold 15)
[2022-04-29T01:48:46.602+0000][160][gc,age      ] GC(43) Age table with threshold 15 (max threshold 15)
[2022-04-29T01:48:46.603+0000][160][gc,age      ] GC(43) - age   1:    1039344 bytes,    1039344 total
[2022-04-29T01:48:46.604+0000][160][gc,age      ] GC(43) - age   2:      10800 bytes,    1050144 total
[2022-04-29T01:48:46.606+0000][160][gc,age      ] GC(43) - age   3:      32480 bytes,    1082624 total
[2022-04-29T01:48:46.607+0000][160][gc,age      ] GC(43) - age   4:       7408 bytes,    1090032 total
[2022-04-29T01:48:46.608+0000][160][gc,age      ] GC(43) - age   5:      18384 bytes,    1108416 total
[2022-04-29T01:48:46.609+0000][160][gc,age      ] GC(43) - age   6:       2640 bytes,    1111056 total
[2022-04-29T01:48:46.610+0000][160][gc,age      ] GC(43) - age   7:       7480 bytes,    1118536 total
[2022-04-29T01:48:46.611+0000][160][gc,age      ] GC(43) - age   8:       3312 bytes,    1121848 total
[2022-04-29T01:48:46.612+0000][160][gc,age      ] GC(43) - age   9:      18800 bytes,    1140648 total
[2022-04-29T01:48:46.613+0000][160][gc,age      ] GC(43) - age  10:       5632 bytes,    1146280 total
[2022-04-29T01:48:46.614+0000][160][gc,age      ] GC(43) - age  11:     131928 bytes,    1278208 total
[2022-04-29T01:48:46.615+0000][160][gc,age      ] GC(43) - age  12:       7744 bytes,    1285952 total
[2022-04-29T01:48:46.616+0000][160][gc,age      ] GC(43) - age  13:      40888 bytes,    1326840 total
[2022-04-29T01:48:46.617+0000][160][gc,age      ] GC(43) - age  14:      19464 bytes,    1346304 total
[2022-04-29T01:48:46.618+0000][160][gc,age      ] GC(43) - age  15:      79104 bytes,    1425408 total
[2022-04-29T01:48:46.619+0000][160][gc,phases   ] GC(43)   Pre Evacuate Collection Set: 0.1ms
[2022-04-29T01:48:46.620+0000][160][gc,phases   ] GC(43)   Merge Heap Roots: 0.0ms
[2022-04-29T01:48:46.622+0000][160][gc,phases   ] GC(43)   Evacuate Collection Set: 2.0ms
[2022-04-29T01:48:46.623+0000][160][gc,phases   ] GC(43)   Post Evacuate Collection Set: 1.0ms
[2022-04-29T01:48:46.625+0000][160][gc,phases   ] GC(43)   Other: 20.8ms
[2022-04-29T01:48:46.626+0000][160][gc,heap     ] GC(43) Eden regions: 75->0(75)
[2022-04-29T01:48:46.627+0000][160][gc,heap     ] GC(43) Survivor regions: 1->1(10)
[2022-04-29T01:48:46.629+0000][160][gc,heap     ] GC(43) Old regions: 21->21
[2022-04-29T01:48:46.630+0000][160][gc,heap     ] GC(43) Archive regions: 2->2
[2022-04-29T01:48:46.630+0000][160][gc,heap     ] GC(43) Humongous regions: 6->6
[2022-04-29T01:48:46.631+0000][160][gc,metaspace] GC(43) Metaspace: 116170K(117888K)->116170K(117888K) NonClass: 100686K(101696K)->100686K(101696K) Class: 15483K(16192K)->15483K(16192K)
[2022-04-29T01:48:46.632+0000][160][gc          ] GC(43) Pause Young (Normal) (G1 Evacuation Pause) 412M->112M(512M) 36.517ms
[2022-04-29T01:48:46.634+0000][160][gc,cpu      ] GC(43) User=0.00s Sys=0.00s Real=0.03s
[2022-04-29T01:48:46.635+0000][160][safepoint   ] Safepoint "G1CollectForAllocation", Time since last: 403959583 ns, Reaching safepoint: 87542 ns, At safepoint: 39426458 ns, Total: 39514000 ns
[2022-04-29T01:48:53.647+0000][160][safepoint   ] Safepoint "Cleanup", Time since last: 7011358670 ns, Reaching safepoint: 356209 ns, At safepoint: 16416 ns, Total: 372625 ns
[2022-04-29T01:48:58.665+0000][160][safepoint   ] Safepoint "Cleanup", Time since last: 5018233169 ns, Reaching safepoint: 438750 ns, At safepoint: 12042 ns, Total: 450792 ns
[2022-04-29T01:49:04.683+0000][160][safepoint   ] Safepoint "Cleanup", Time since last: 6017638920 ns, Reaching safepoint: 79125 ns, At safepoint: 2291 ns, Total: 81416 ns
[2022-04-29T01:49:09.696+0000][160][safepoint   ] Safepoint "Cleanup", Time since last: 5013112961 ns, Reaching safepoint: 57458 ns, At safepoint: 3084 ns, Total: 60542 ns
[2022-04-29T01:49:16.707+0000][160][safepoint   ] Safepoint "Cleanup", Time since last: 7011102294 ns, Reaching safepoint: 265042 ns, At safepoint: 6583 ns, Total: 271625 ns
[2022-04-29T01:49:22.725+0000][160][safepoint   ] Safepoint "Cleanup", Time since last: 6018019170 ns, Reaching safepoint: 165375 ns, At safepoint: 4458 ns, Total: 169833 ns
[2022-04-29T01:49:24.733+0000][160][safepoint   ] Safepoint "Cleanup", Time since last: 2007441210 ns, Reaching safepoint: 174250 ns, At safepoint: 4791 ns, Total: 179041 ns
[2022-04-29T01:49:33.753+0000][160][safepoint   ] Safepoint "Cleanup", Time since last: 9019964505 ns, Reaching safepoint: 61708 ns, At safepoint: 2292 ns, Total: 64000 ns
[2022-04-29T01:49:44.790+0000][160][safepoint   ] Safepoint "Cleanup", Time since last: 11031888379 ns, Reaching safepoint: 69458 ns, At safepoint: 3292 ns, Total: 72750 ns
[2022-04-29T01:49:46.792+0000][160][safepoint   ] Safepoint "Cleanup", Time since last: 2002144584 ns, Reaching safepoint: 98250 ns, At safepoint: 9042 ns, Total: 107292 ns
[2022-04-29T01:50:04.830+0000][160][safepoint   ] Safepoint "Cleanup", Time since last: 18037943967 ns, Reaching safepoint: 70541 ns, At safepoint: 2459 ns, Total: 73000 ns
[2022-04-29T01:50:09.820+0000][160][gc,start    ] GC(44) Pause Young (Normal) (G1 Evacuation Pause)
[2022-04-29T01:50:09.821+0000][160][gc,task     ] GC(44) Using 5 workers of 5 for evacuation
[2022-04-29T01:50:09.821+0000][160][gc,age      ] GC(44) Desired survivor size 20971520 bytes, new threshold 15 (max threshold 15)
[2022-04-29T01:50:09.825+0000][160][gc,age      ] GC(44) Age table with threshold 15 (max threshold 15)
[2022-04-29T01:50:09.826+0000][160][gc,age      ] GC(44) - age   1:    2009520 bytes,    2009520 total
[2022-04-29T01:50:09.826+0000][160][gc,age      ] GC(44) - age   2:      11080 bytes,    2020600 total
[2022-04-29T01:50:09.827+0000][160][gc,age      ] GC(44) - age   3:       9128 bytes,    2029728 total
[2022-04-29T01:50:09.828+0000][160][gc,age      ] GC(44) - age   4:      32040 bytes,    2061768 total
[2022-04-29T01:50:09.829+0000][160][gc,age      ] GC(44) - age   5:       7000 bytes,    2068768 total
[2022-04-29T01:50:09.830+0000][160][gc,age      ] GC(44) - age   6:      18384 bytes,    2087152 total
[2022-04-29T01:50:09.830+0000][160][gc,age      ] GC(44) - age   7:       2640 bytes,    2089792 total
[2022-04-29T01:50:09.831+0000][160][gc,age      ] GC(44) - age   8:       7480 bytes,    2097272 total
[2022-04-29T01:50:09.831+0000][160][gc,age      ] GC(44) - age   9:       3312 bytes,    2100584 total
[2022-04-29T01:50:09.832+0000][160][gc,age      ] GC(44) - age  10:      18800 bytes,    2119384 total
[2022-04-29T01:50:09.833+0000][160][gc,age      ] GC(44) - age  11:       5632 bytes,    2125016 total
[2022-04-29T01:50:09.833+0000][160][gc,age      ] GC(44) - age  12:     131928 bytes,    2256944 total
[2022-04-29T01:50:09.834+0000][160][gc,age      ] GC(44) - age  13:       7744 bytes,    2264688 total
[2022-04-29T01:50:09.835+0000][160][gc,age      ] GC(44) - age  14:      40888 bytes,    2305576 total
[2022-04-29T01:50:09.835+0000][160][gc,age      ] GC(44) - age  15:      19464 bytes,    2325040 total
[2022-04-29T01:50:09.836+0000][160][gc,phases   ] GC(44)   Pre Evacuate Collection Set: 0.1ms
[2022-04-29T01:50:09.837+0000][160][gc,phases   ] GC(44)   Merge Heap Roots: 0.1ms
[2022-04-29T01:50:09.837+0000][160][gc,phases   ] GC(44)   Evacuate Collection Set: 2.3ms
[2022-04-29T01:50:09.838+0000][160][gc,phases   ] GC(44)   Post Evacuate Collection Set: 0.7ms
[2022-04-29T01:50:09.839+0000][160][gc,phases   ] GC(44)   Other: 13.0ms
[2022-04-29T01:50:09.840+0000][160][gc,heap     ] GC(44) Eden regions: 75->0(75)
[2022-04-29T01:50:09.841+0000][160][gc,heap     ] GC(44) Survivor regions: 1->1(10)
[2022-04-29T01:50:09.841+0000][160][gc,heap     ] GC(44) Old regions: 21->21
[2022-04-29T01:50:09.842+0000][160][gc,heap     ] GC(44) Archive regions: 2->2
[2022-04-29T01:50:09.842+0000][160][gc,heap     ] GC(44) Humongous regions: 6->6
[2022-04-29T01:50:09.843+0000][160][gc,metaspace] GC(44) Metaspace: 116180K(117888K)->116180K(117888K) NonClass: 100696K(101696K)->100696K(101696K) Class: 15483K(16192K)->15483K(16192K)
[2022-04-29T01:50:09.843+0000][160][gc          ] GC(44) Pause Young (Normal) (G1 Evacuation Pause) 412M->113M(512M) 23.491ms
[2022-04-29T01:50:09.844+0000][160][gc,cpu      ] GC(44) User=0.01s Sys=0.01s Real=0.02s
[2022-04-29T01:50:09.845+0000][160][safepoint   ] Safepoint "G1CollectForAllocation", Time since last: 4989760252 ns, Reaching safepoint: 356875 ns, At safepoint: 24889458 ns, Total: 25246333 ns
[2022-04-29T01:50:10.846+0000][160][safepoint   ] Safepoint "Cleanup", Time since last: 1000731751 ns, Reaching safepoint: 115875 ns, At safepoint: 5625 ns, Total: 121500 ns
[2022-04-29T01:50:27.885+0000][160][safepoint   ] Safepoint "Cleanup", Time since last: 17046685424 ns, Reaching safepoint: 63500 ns, At safepoint: 2292 ns, Total: 65792 ns
[2022-04-29T01:50:30.892+0000][160][safepoint   ] Safepoint "Cleanup", Time since last: 3006776043 ns, Reaching safepoint: 499083 ns, At safepoint: 14667 ns, Total: 513750 ns
[2022-04-29T01:50:33.900+0000][160][safepoint   ] Safepoint "Cleanup", Time since last: 3007203585 ns, Reaching safepoint: 36208 ns, At safepoint: 12125 ns, Total: 48333 ns
[2022-04-29T01:50:36.907+0000][160][safepoint   ] Safepoint "Cleanup", Time since last: 3007293918 ns, Reaching safepoint: 154875 ns, At safepoint: 3750 ns, Total: 158625 ns
[2022-04-29T01:50:44.923+0000][160][safepoint   ] Safepoint "Cleanup", Time since last: 8016713420 ns, Reaching safepoint: 561667 ns, At safepoint: 14291 ns, Total: 575958 ns
[2022-04-29T01:50:45.930+0000][160][safepoint   ] Safepoint "Cleanup", Time since last: 1007556209 ns, Reaching safepoint: 119458 ns, At safepoint: 3417 ns, Total: 122875 ns
[2022-04-29T01:50:51.940+0000][160][safepoint   ] Safepoint "Cleanup", Time since last: 6009195836 ns, Reaching safepoint: 78209 ns, At safepoint: 2375 ns, Total: 80584 ns
[2022-04-29T01:51:03.968+0000][160][safepoint   ] Safepoint "Cleanup", Time since last: 12028170464 ns, Reaching safepoint: 132708 ns, At safepoint: 4167 ns, Total: 136875 ns
[2022-04-29T01:51:05.972+0000][160][safepoint   ] Safepoint "Cleanup", Time since last: 2003857917 ns, Reaching safepoint: 354959 ns, At safepoint: 13125 ns, Total: 368084 ns
[2022-04-29T01:51:10.916+0000][160][safepoint   ] Safepoint "Cleanup", Time since last: 4943346794 ns, Reaching safepoint: 222666 ns, At safepoint: 4709 ns, Total: 227375 ns
[2022-04-29T01:51:28.593+0000][160][gc,start    ] GC(45) Pause Young (Normal) (G1 Evacuation Pause)
[2022-04-29T01:51:28.594+0000][160][gc,task     ] GC(45) Using 5 workers of 5 for evacuation
[2022-04-29T01:51:28.595+0000][160][gc,age      ] GC(45) Desired survivor size 20971520 bytes, new threshold 15 (max threshold 15)
[2022-04-29T01:51:28.599+0000][160][gc,age      ] GC(45) Age table with threshold 15 (max threshold 15)
[2022-04-29T01:51:28.600+0000][160][gc,age      ] GC(45) - age   1:    1038104 bytes,    1038104 total
[2022-04-29T01:51:28.601+0000][160][gc,age      ] GC(45) - age   2:       5408 bytes,    1043512 total
[2022-04-29T01:51:28.601+0000][160][gc,age      ] GC(45) - age   3:       8880 bytes,    1052392 total
[2022-04-29T01:51:28.602+0000][160][gc,age      ] GC(45) - age   4:       8520 bytes,    1060912 total
[2022-04-29T01:51:28.603+0000][160][gc,age      ] GC(45) - age   5:      31928 bytes,    1092840 total
[2022-04-29T01:51:28.604+0000][160][gc,age      ] GC(45) - age   6:       6912 bytes,    1099752 total
[2022-04-29T01:51:28.604+0000][160][gc,age      ] GC(45) - age   7:      18384 bytes,    1118136 total
[2022-04-29T01:51:28.605+0000][160][gc,age      ] GC(45) - age   8:       2640 bytes,    1120776 total
[2022-04-29T01:51:28.607+0000][160][gc,age      ] GC(45) - age   9:       7480 bytes,    1128256 total
[2022-04-29T01:51:28.607+0000][160][gc,age      ] GC(45) - age  10:       3312 bytes,    1131568 total
[2022-04-29T01:51:28.608+0000][160][gc,age      ] GC(45) - age  11:      18800 bytes,    1150368 total
[2022-04-29T01:51:28.609+0000][160][gc,age      ] GC(45) - age  12:       5632 bytes,    1156000 total
[2022-04-29T01:51:28.609+0000][160][gc,age      ] GC(45) - age  13:     131928 bytes,    1287928 total
[2022-04-29T01:51:28.610+0000][160][gc,age      ] GC(45) - age  14:       7744 bytes,    1295672 total
[2022-04-29T01:51:28.611+0000][160][gc,age      ] GC(45) - age  15:      40888 bytes,    1336560 total
[2022-04-29T01:51:28.613+0000][160][gc,phases   ] GC(45)   Pre Evacuate Collection Set: 0.4ms
[2022-04-29T01:51:28.614+0000][160][gc,phases   ] GC(45)   Merge Heap Roots: 0.1ms
[2022-04-29T01:51:28.616+0000][160][gc,phases   ] GC(45)   Evacuate Collection Set: 1.9ms
[2022-04-29T01:51:28.617+0000][160][gc,phases   ] GC(45)   Post Evacuate Collection Set: 0.8ms
[2022-04-29T01:51:28.618+0000][160][gc,phases   ] GC(45)   Other: 16.4ms
[2022-04-29T01:51:28.619+0000][160][gc,heap     ] GC(45) Eden regions: 75->0(75)
[2022-04-29T01:51:28.620+0000][160][gc,heap     ] GC(45) Survivor regions: 1->1(10)
[2022-04-29T01:51:28.620+0000][160][gc,heap     ] GC(45) Old regions: 21->21
[2022-04-29T01:51:28.623+0000][160][gc,heap     ] GC(45) Archive regions: 2->2
[2022-04-29T01:51:28.624+0000][160][gc,heap     ] GC(45) Humongous regions: 6->6
[2022-04-29T01:51:28.624+0000][160][gc,metaspace] GC(45) Metaspace: 116196K(117888K)->116196K(117888K) NonClass: 100712K(101696K)->100712K(101696K) Class: 15484K(16192K)->15484K(16192K)
[2022-04-29T01:51:28.625+0000][160][gc          ] GC(45) Pause Young (Normal) (G1 Evacuation Pause) 413M->112M(512M) 31.716ms
[2022-04-29T01:51:28.626+0000][160][gc,cpu      ] GC(45) User=0.01s Sys=0.00s Real=0.04s
[2022-04-29T01:51:28.626+0000][160][safepoint   ] Safepoint "G1CollectForAllocation", Time since last: 17671857174 ns, Reaching safepoint: 178250 ns, At safepoint: 33090208 ns, Total: 33268458 ns
[2022-04-29T01:51:34.631+0000][160][safepoint   ] Safepoint "Cleanup", Time since last: 6004645212 ns, Reaching safepoint: 257083 ns, At safepoint: 12500 ns, Total: 269583 ns
[2022-04-29T01:51:40.581+0000][160][safepoint   ] Safepoint "Cleanup", Time since last: 5949321461 ns, Reaching safepoint: 389958 ns, At safepoint: 12292 ns, Total: 402250 ns
[2022-04-29T01:51:45.593+0000][160][safepoint   ] Safepoint "Cleanup", Time since last: 5013826168 ns, Reaching safepoint: 422000 ns, At safepoint: 9709 ns, Total: 431709 ns
[2022-04-29T01:51:46.599+0000][160][safepoint   ] Safepoint "Cleanup", Time since last: 1006119292 ns, Reaching safepoint: 71250 ns, At safepoint: 2375 ns, Total: 73625 ns
[2022-04-29T01:52:07.644+0000][160][safepoint   ] Safepoint "Cleanup", Time since last: 21045067260 ns, Reaching safepoint: 319000 ns, At safepoint: 9917 ns, Total: 328917 ns
[2022-04-29T01:52:09.651+0000][160][safepoint   ] Safepoint "Cleanup", Time since last: 2006618709 ns, Reaching safepoint: 135583 ns, At safepoint: 4167 ns, Total: 139750 ns
[2022-04-29T01:52:15.658+0000][160][safepoint   ] Safepoint "Cleanup", Time since last: 6008699336 ns, Reaching safepoint: 226458 ns, At safepoint: 9333 ns, Total: 235791 ns
[2022-04-29T01:52:28.685+0000][160][safepoint   ] Safepoint "Cleanup", Time since last: 13025855840 ns, Reaching safepoint: 1005791 ns, At safepoint: 13667 ns, Total: 1019458 ns
[2022-04-29T01:52:34.694+0000][160][safepoint   ] Safepoint "Cleanup", Time since last: 6009287503 ns, Reaching safepoint: 184500 ns, At safepoint: 5292 ns, Total: 189792 ns
[2022-04-29T01:52:40.706+0000][160][safepoint   ] Safepoint "Cleanup", Time since last: 6011974377 ns, Reaching safepoint: 144625 ns, At safepoint: 4375 ns, Total: 149000 ns
[2022-04-29T01:52:44.714+0000][160][safepoint   ] Safepoint "Cleanup", Time since last: 4011091335 ns, Reaching safepoint: 285750 ns, At safepoint: 16500 ns, Total: 302250 ns
[2022-04-29T01:52:46.723+0000][160][safepoint   ] Safepoint "Cleanup", Time since last: 2008451376 ns, Reaching safepoint: 327875 ns, At safepoint: 8625 ns, Total: 336500 ns
[2022-04-29T01:52:51.789+0000][160][gc,start    ] GC(46) Pause Young (Normal) (G1 Evacuation Pause)
[2022-04-29T01:52:51.790+0000][160][gc,task     ] GC(46) Using 5 workers of 5 for evacuation
[2022-04-29T01:52:51.791+0000][160][gc,age      ] GC(46) Desired survivor size 20971520 bytes, new threshold 15 (max threshold 15)
[2022-04-29T01:52:51.794+0000][160][gc,age      ] GC(46) Age table with threshold 15 (max threshold 15)
[2022-04-29T01:52:51.795+0000][160][gc,age      ] GC(46) - age   1:    1241888 bytes,    1241888 total
[2022-04-29T01:52:51.796+0000][160][gc,age      ] GC(46) - age   2:       6256 bytes,    1248144 total
[2022-04-29T01:52:51.797+0000][160][gc,age      ] GC(46) - age   3:       3008 bytes,    1251152 total
[2022-04-29T01:52:51.798+0000][160][gc,age      ] GC(46) - age   4:       8560 bytes,    1259712 total
[2022-04-29T01:52:51.799+0000][160][gc,age      ] GC(46) - age   5:       8488 bytes,    1268200 total
[2022-04-29T01:52:51.799+0000][160][gc,age      ] GC(46) - age   6:      15776 bytes,    1283976 total
[2022-04-29T01:52:51.800+0000][160][gc,age      ] GC(46) - age   7:       6600 bytes,    1290576 total
[2022-04-29T01:52:51.800+0000][160][gc,age      ] GC(46) - age   8:      18384 bytes,    1308960 total
[2022-04-29T01:52:51.801+0000][160][gc,age      ] GC(46) - age   9:       2640 bytes,    1311600 total
[2022-04-29T01:52:51.801+0000][160][gc,age      ] GC(46) - age  10:       7480 bytes,    1319080 total
[2022-04-29T01:52:51.802+0000][160][gc,age      ] GC(46) - age  11:       3312 bytes,    1322392 total
[2022-04-29T01:52:51.803+0000][160][gc,age      ] GC(46) - age  12:      18800 bytes,    1341192 total
[2022-04-29T01:52:51.803+0000][160][gc,age      ] GC(46) - age  13:       5632 bytes,    1346824 total
[2022-04-29T01:52:51.804+0000][160][gc,age      ] GC(46) - age  14:     131928 bytes,    1478752 total
[2022-04-29T01:52:51.805+0000][160][gc,age      ] GC(46) - age  15:       7744 bytes,    1486496 total
[2022-04-29T01:52:51.806+0000][160][gc,phases   ] GC(46)   Pre Evacuate Collection Set: 0.3ms
[2022-04-29T01:52:51.807+0000][160][gc,phases   ] GC(46)   Merge Heap Roots: 0.1ms
[2022-04-29T01:52:51.807+0000][160][gc,phases   ] GC(46)   Evacuate Collection Set: 1.4ms
[2022-04-29T01:52:51.808+0000][160][gc,phases   ] GC(46)   Post Evacuate Collection Set: 1.6ms
[2022-04-29T01:52:51.808+0000][160][gc,phases   ] GC(46)   Other: 14.0ms
[2022-04-29T01:52:51.809+0000][160][gc,heap     ] GC(46) Eden regions: 75->0(75)
[2022-04-29T01:52:51.810+0000][160][gc,heap     ] GC(46) Survivor regions: 1->1(10)
[2022-04-29T01:52:51.811+0000][160][gc,heap     ] GC(46) Old regions: 21->21
[2022-04-29T01:52:51.811+0000][160][gc,heap     ] GC(46) Archive regions: 2->2
[2022-04-29T01:52:51.812+0000][160][gc,heap     ] GC(46) Humongous regions: 6->6
[2022-04-29T01:52:51.812+0000][160][gc,metaspace] GC(46) Metaspace: 116223K(117952K)->116223K(117952K) NonClass: 100738K(101760K)->100738K(101760K) Class: 15485K(16192K)->15485K(16192K)
[2022-04-29T01:52:51.813+0000][160][gc          ] GC(46) Pause Young (Normal) (G1 Evacuation Pause) 412M->113M(512M) 24.071ms
[2022-04-29T01:52:51.814+0000][160][gc,cpu      ] GC(46) User=0.00s Sys=0.00s Real=0.02s
[2022-04-29T01:52:51.815+0000][160][safepoint   ] Safepoint "G1CollectForAllocation", Time since last: 5066173711 ns, Reaching safepoint: 84000 ns, At safepoint: 25776375 ns, Total: 25860375 ns
[2022-04-29T01:52:56.832+0000][160][safepoint   ] Safepoint "Cleanup", Time since last: 5016729919 ns, Reaching safepoint: 414125 ns, At safepoint: 15083 ns, Total: 429208 ns
[2022-04-29T01:52:57.956+0000][160][safepoint   ] Safepoint "Cleanup", Time since last: 1123868959 ns, Reaching safepoint: 127500 ns, At safepoint: 10000 ns, Total: 137500 ns
[2022-04-29T01:52:58.961+0000][160][safepoint   ] Safepoint "Cleanup", Time since last: 1004392417 ns, Reaching safepoint: 282792 ns, At safepoint: 6208 ns, Total: 289000 ns
[2022-04-29T01:53:00.967+0000][160][safepoint   ] Safepoint "Cleanup", Time since last: 2005802251 ns, Reaching safepoint: 389125 ns, At safepoint: 14583 ns, Total: 403708 ns
[2022-04-29T01:53:03.979+0000][160][safepoint   ] Safepoint "Cleanup", Time since last: 3011823919 ns, Reaching safepoint: 212958 ns, At safepoint: 6208 ns, Total: 219166 ns
[2022-04-29T01:53:06.982+0000][160][safepoint   ] Safepoint "Cleanup", Time since last: 3003149043 ns, Reaching safepoint: 329417 ns, At safepoint: 9375 ns, Total: 338792 ns
[2022-04-29T01:53:09.993+0000][160][safepoint   ] Safepoint "Cleanup", Time since last: 3010583668 ns, Reaching safepoint: 99167 ns, At safepoint: 4208 ns, Total: 103375 ns
[2022-04-29T01:53:10.997+0000][160][safepoint   ] Safepoint "Cleanup", Time since last: 1003690251 ns, Reaching safepoint: 396083 ns, At safepoint: 18583 ns, Total: 414666 ns
[2022-04-29T01:53:15.013+0000][160][safepoint   ] Safepoint "Cleanup", Time since last: 4016043960 ns, Reaching safepoint: 574833 ns, At safepoint: 13833 ns, Total: 588666 ns
[2022-04-29T01:53:27.049+0000][160][safepoint   ] Safepoint "Cleanup", Time since last: 12036340548 ns, Reaching safepoint: 413791 ns, At safepoint: 14042 ns, Total: 427833 ns
[2022-04-29T01:53:28.060+0000][160][safepoint   ] Safepoint "Cleanup", Time since last: 1010265875 ns, Reaching safepoint: 194625 ns, At safepoint: 7709 ns, Total: 202334 ns
[2022-04-29T01:53:34.077+0000][160][safepoint   ] Safepoint "Cleanup", Time since last: 6016773253 ns, Reaching safepoint: 123000 ns, At safepoint: 12916 ns, Total: 135916 ns
[2022-04-29T01:53:40.095+0000][160][safepoint   ] Safepoint "Cleanup", Time since last: 6018142295 ns, Reaching safepoint: 441208 ns, At safepoint: 8792 ns, Total: 450000 ns
[2022-04-29T01:53:41.099+0000][160][safepoint   ] Safepoint "Cleanup", Time since last: 1003264334 ns, Reaching safepoint: 144250 ns, At safepoint: 6416 ns, Total: 150666 ns
[2022-04-29T01:53:43.105+0000][160][safepoint   ] Safepoint "Cleanup", Time since last: 2005080793 ns, Reaching safepoint: 587583 ns, At safepoint: 18209 ns, Total: 605792 ns
[2022-04-29T01:53:45.122+0000][160][safepoint   ] Safepoint "Cleanup", Time since last: 2015769291 ns, Reaching safepoint: 458209 ns, At safepoint: 14750 ns, Total: 472959 ns
[2022-04-29T01:54:10.182+0000][160][safepoint   ] Safepoint "Cleanup", Time since last: 25059770720 ns, Reaching safepoint: 91625 ns, At safepoint: 3792 ns, Total: 95417 ns
[2022-04-29T01:54:12.961+0000][160][gc,start    ] GC(47) Pause Young (Normal) (G1 Evacuation Pause)
[2022-04-29T01:54:12.963+0000][160][gc,task     ] GC(47) Using 5 workers of 5 for evacuation
[2022-04-29T01:54:12.963+0000][160][gc,age      ] GC(47) Desired survivor size 20971520 bytes, new threshold 15 (max threshold 15)
[2022-04-29T01:54:12.967+0000][160][gc,age      ] GC(47) Age table with threshold 15 (max threshold 15)
[2022-04-29T01:54:12.967+0000][160][gc,age      ] GC(47) - age   1:    1792744 bytes,    1792744 total
[2022-04-29T01:54:12.968+0000][160][gc,age      ] GC(47) - age   2:       7752 bytes,    1800496 total
[2022-04-29T01:54:12.969+0000][160][gc,age      ] GC(47) - age   3:       3744 bytes,    1804240 total
[2022-04-29T01:54:12.969+0000][160][gc,age      ] GC(47) - age   4:       2728 bytes,    1806968 total
[2022-04-29T01:54:12.970+0000][160][gc,age      ] GC(47) - age   5:       8368 bytes,    1815336 total
[2022-04-29T01:54:12.970+0000][160][gc,age      ] GC(47) - age   6:       8488 bytes,    1823824 total
[2022-04-29T01:54:12.971+0000][160][gc,age      ] GC(47) - age   7:      15776 bytes,    1839600 total
[2022-04-29T01:54:12.972+0000][160][gc,age      ] GC(47) - age   8:       6600 bytes,    1846200 total
[2022-04-29T01:54:12.972+0000][160][gc,age      ] GC(47) - age   9:      18384 bytes,    1864584 total
[2022-04-29T01:54:12.973+0000][160][gc,age      ] GC(47) - age  10:       2640 bytes,    1867224 total
[2022-04-29T01:54:12.973+0000][160][gc,age      ] GC(47) - age  11:       7480 bytes,    1874704 total
[2022-04-29T01:54:12.974+0000][160][gc,age      ] GC(47) - age  12:       3312 bytes,    1878016 total
[2022-04-29T01:54:12.975+0000][160][gc,age      ] GC(47) - age  13:      18800 bytes,    1896816 total
[2022-04-29T01:54:12.975+0000][160][gc,age      ] GC(47) - age  14:       5632 bytes,    1902448 total
[2022-04-29T01:54:12.976+0000][160][gc,age      ] GC(47) - age  15:     131928 bytes,    2034376 total
[2022-04-29T01:54:12.977+0000][160][gc,phases   ] GC(47)   Pre Evacuate Collection Set: 0.1ms
[2022-04-29T01:54:12.977+0000][160][gc,phases   ] GC(47)   Merge Heap Roots: 0.1ms
[2022-04-29T01:54:12.978+0000][160][gc,phases   ] GC(47)   Evacuate Collection Set: 1.5ms
[2022-04-29T01:54:12.978+0000][160][gc,phases   ] GC(47)   Post Evacuate Collection Set: 0.9ms
[2022-04-29T01:54:12.979+0000][160][gc,phases   ] GC(47)   Other: 12.9ms
[2022-04-29T01:54:12.980+0000][160][gc,heap     ] GC(47) Eden regions: 75->0(75)
[2022-04-29T01:54:12.980+0000][160][gc,heap     ] GC(47) Survivor regions: 1->1(10)
[2022-04-29T01:54:12.981+0000][160][gc,heap     ] GC(47) Old regions: 21->21
[2022-04-29T01:54:12.981+0000][160][gc,heap     ] GC(47) Archive regions: 2->2
[2022-04-29T01:54:12.982+0000][160][gc,heap     ] GC(47) Humongous regions: 6->6
[2022-04-29T01:54:12.983+0000][160][gc,metaspace] GC(47) Metaspace: 116265K(118016K)->116265K(118016K) NonClass: 100778K(101824K)->100778K(101824K) Class: 15487K(16192K)->15487K(16192K)
[2022-04-29T01:54:12.983+0000][160][gc          ] GC(47) Pause Young (Normal) (G1 Evacuation Pause) 413M->113M(512M) 22.098ms
[2022-04-29T01:54:12.984+0000][160][gc,cpu      ] GC(47) User=0.01s Sys=0.00s Real=0.02s
[2022-04-29T01:54:12.984+0000][160][safepoint   ] Safepoint "G1CollectForAllocation", Time since last: 2778704918 ns, Reaching safepoint: 62958 ns, At safepoint: 23345292 ns, Total: 23408250 ns
[2022-04-29T01:54:13.987+0000][160][safepoint   ] Safepoint "Cleanup", Time since last: 1005667082 ns, Reaching safepoint: 164250 ns, At safepoint: 7000 ns, Total: 171250 ns
[2022-04-29T01:54:26.016+0000][160][safepoint   ] Safepoint "Cleanup", Time since last: 12028336339 ns, Reaching safepoint: 700334 ns, At safepoint: 15333 ns, Total: 715667 ns
[2022-04-29T01:54:34.048+0000][160][safepoint   ] Safepoint "Cleanup", Time since last: 8031903337 ns, Reaching safepoint: 155667 ns, At safepoint: 7458 ns, Total: 163125 ns
[2022-04-29T01:54:40.060+0000][160][safepoint   ] Safepoint "Cleanup", Time since last: 6011552045 ns, Reaching safepoint: 195291 ns, At safepoint: 4459 ns, Total: 199750 ns
[2022-04-29T01:54:41.062+0000][160][safepoint   ] Safepoint "Cleanup", Time since last: 1001330709 ns, Reaching safepoint: 190666 ns, At safepoint: 3917 ns, Total: 194583 ns
[2022-04-29T01:54:42.064+0000][160][safepoint   ] Safepoint "Cleanup", Time since last: 1001878709 ns, Reaching safepoint: 431708 ns, At safepoint: 14625 ns, Total: 446333 ns
[2022-04-29T01:54:43.071+0000][160][safepoint   ] Safepoint "Cleanup", Time since last: 1006731459 ns, Reaching safepoint: 347792 ns, At safepoint: 12875 ns, Total: 360667 ns
[2022-04-29T01:54:44.092+0000][160][safepoint   ] Safepoint "Cleanup", Time since last: 1021796958 ns, Reaching safepoint: 242750 ns, At safepoint: 7500 ns, Total: 250250 ns
[2022-04-29T01:54:45.097+0000][160][safepoint   ] Safepoint "Cleanup", Time since last: 1004068459 ns, Reaching safepoint: 260000 ns, At safepoint: 7792 ns, Total: 267792 ns
[2022-04-29T01:54:46.100+0000][160][safepoint   ] Safepoint "Cleanup", Time since last: 1002820333 ns, Reaching safepoint: 94917 ns, At safepoint: 4333 ns, Total: 99250 ns
[2022-04-29T01:54:47.101+0000][160][safepoint   ] Safepoint "Cleanup", Time since last: 1001039293 ns, Reaching safepoint: 261625 ns, At safepoint: 13625 ns, Total: 275250 ns
[2022-04-29T01:54:49.120+0000][160][safepoint   ] Safepoint "Cleanup", Time since last: 2018800375 ns, Reaching safepoint: 387167 ns, At safepoint: 13417 ns, Total: 400584 ns
[2022-04-29T01:54:58.147+0000][160][safepoint   ] Safepoint "Cleanup", Time since last: 9026312004 ns, Reaching safepoint: 267833 ns, At safepoint: 6334 ns, Total: 274167 ns
[2022-04-29T01:54:59.155+0000][160][safepoint   ] Safepoint "Cleanup", Time since last: 1008053209 ns, Reaching safepoint: 525500 ns, At safepoint: 18375 ns, Total: 543875 ns
[2022-04-29T01:55:04.176+0000][160][safepoint   ] Safepoint "Cleanup", Time since last: 5020954460 ns, Reaching safepoint: 121709 ns, At safepoint: 4708 ns, Total: 126417 ns
[2022-04-29T01:55:16.199+0000][160][safepoint   ] Safepoint "Cleanup", Time since last: 12022942088 ns, Reaching safepoint: 82459 ns, At safepoint: 2375 ns, Total: 84834 ns
[2022-04-29T01:55:39.938+0000][160][gc,start    ] GC(48) Pause Young (Normal) (G1 Evacuation Pause)
[2022-04-29T01:55:39.939+0000][160][gc,task     ] GC(48) Using 5 workers of 5 for evacuation
[2022-04-29T01:55:39.940+0000][160][gc,age      ] GC(48) Desired survivor size 20971520 bytes, new threshold 15 (max threshold 15)
[2022-04-29T01:55:39.944+0000][160][gc,age      ] GC(48) Age table with threshold 15 (max threshold 15)
[2022-04-29T01:55:39.945+0000][160][gc,age      ] GC(48) - age   1:     922064 bytes,     922064 total
[2022-04-29T01:55:39.946+0000][160][gc,age      ] GC(48) - age   2:      14960 bytes,     937024 total
[2022-04-29T01:55:39.968+0000][160][gc,age      ] GC(48) - age   3:       5872 bytes,     942896 total
[2022-04-29T01:55:39.970+0000][160][gc,age      ] GC(48) - age   4:       3064 bytes,     945960 total
[2022-04-29T01:55:39.971+0000][160][gc,age      ] GC(48) - age   5:       2600 bytes,     948560 total
[2022-04-29T01:55:39.972+0000][160][gc,age      ] GC(48) - age   6:       8056 bytes,     956616 total
[2022-04-29T01:55:39.972+0000][160][gc,age      ] GC(48) - age   7:       8488 bytes,     965104 total
[2022-04-29T01:55:39.974+0000][160][gc,age      ] GC(48) - age   8:      15528 bytes,     980632 total
[2022-04-29T01:55:39.975+0000][160][gc,age      ] GC(48) - age   9:       6600 bytes,     987232 total
[2022-04-29T01:55:39.976+0000][160][gc,age      ] GC(48) - age  10:      18384 bytes,    1005616 total
[2022-04-29T01:55:39.978+0000][160][gc,age      ] GC(48) - age  11:       2640 bytes,    1008256 total
[2022-04-29T01:55:39.979+0000][160][gc,age      ] GC(48) - age  12:       7480 bytes,    1015736 total
[2022-04-29T01:55:39.980+0000][160][gc,age      ] GC(48) - age  13:       3312 bytes,    1019048 total
[2022-04-29T01:55:39.980+0000][160][gc,age      ] GC(48) - age  14:      18800 bytes,    1037848 total
[2022-04-29T01:55:39.981+0000][160][gc,age      ] GC(48) - age  15:       5632 bytes,    1043480 total
[2022-04-29T01:55:39.982+0000][160][gc,phases   ] GC(48)   Pre Evacuate Collection Set: 0.1ms
[2022-04-29T01:55:39.982+0000][160][gc,phases   ] GC(48)   Merge Heap Roots: 0.0ms
[2022-04-29T01:55:39.984+0000][160][gc,phases   ] GC(48)   Evacuate Collection Set: 1.2ms
[2022-04-29T01:55:39.984+0000][160][gc,phases   ] GC(48)   Post Evacuate Collection Set: 0.9ms
[2022-04-29T01:55:39.985+0000][160][gc,phases   ] GC(48)   Other: 41.3ms
[2022-04-29T01:55:39.986+0000][160][gc,heap     ] GC(48) Eden regions: 75->0(75)
[2022-04-29T01:55:39.986+0000][160][gc,heap     ] GC(48) Survivor regions: 1->1(10)
[2022-04-29T01:55:39.988+0000][160][gc,heap     ] GC(48) Old regions: 21->21
[2022-04-29T01:55:39.988+0000][160][gc,heap     ] GC(48) Archive regions: 2->2
[2022-04-29T01:55:39.989+0000][160][gc,heap     ] GC(48) Humongous regions: 6->6
[2022-04-29T01:55:39.990+0000][160][gc,metaspace] GC(48) Metaspace: 116305K(118016K)->116305K(118016K) NonClass: 100816K(101824K)->100816K(101824K) Class: 15488K(16192K)->15488K(16192K)
[2022-04-29T01:55:39.990+0000][160][gc          ] GC(48) Pause Young (Normal) (G1 Evacuation Pause) 413M->112M(512M) 52.294ms
[2022-04-29T01:55:39.991+0000][160][gc,cpu      ] GC(48) User=0.01s Sys=0.00s Real=0.05s
[2022-04-29T01:55:39.991+0000][160][safepoint   ] Safepoint "G1CollectForAllocation", Time since last: 23738918386 ns, Reaching safepoint: 297917 ns, At safepoint: 53497125 ns, Total: 53795042 ns
[2022-04-29T01:55:40.993+0000][160][safepoint   ] Safepoint "Cleanup", Time since last: 1000857667 ns, Reaching safepoint: 335208 ns, At safepoint: 11792 ns, Total: 347000 ns
[2022-04-29T01:55:42.995+0000][160][safepoint   ] Safepoint "Cleanup", Time since last: 2002647168 ns, Reaching safepoint: 189875 ns, At safepoint: 5875 ns, Total: 195750 ns
[2022-04-29T01:55:45.002+0000][160][safepoint   ] Safepoint "Cleanup", Time since last: 2007056458 ns, Reaching safepoint: 370459 ns, At safepoint: 14208 ns, Total: 384667 ns
[2022-04-29T01:55:52.018+0000][160][safepoint   ] Safepoint "Cleanup", Time since last: 7015427670 ns, Reaching safepoint: 210375 ns, At safepoint: 6250 ns, Total: 216625 ns
[2022-04-29T01:55:57.031+0000][160][safepoint   ] Safepoint "Cleanup", Time since last: 5012666336 ns, Reaching safepoint: 483791 ns, At safepoint: 23209 ns, Total: 507000 ns
[2022-04-29T01:55:59.035+0000][160][safepoint   ] Safepoint "Cleanup", Time since last: 2003892792 ns, Reaching safepoint: 127709 ns, At safepoint: 4500 ns, Total: 132209 ns
[2022-04-29T01:56:04.042+0000][160][safepoint   ] Safepoint "Cleanup", Time since last: 5006783002 ns, Reaching safepoint: 117542 ns, At safepoint: 2875 ns, Total: 120417 ns
[2022-04-29T01:56:09.054+0000][160][safepoint   ] Safepoint "Cleanup", Time since last: 5011632127 ns, Reaching safepoint: 289125 ns, At safepoint: 11625 ns, Total: 300750 ns
[2022-04-29T01:56:17.081+0000][160][safepoint   ] Safepoint "Cleanup", Time since last: 8028453795 ns, Reaching safepoint: 242333 ns, At safepoint: 4750 ns, Total: 247083 ns
[2022-04-29T01:56:34.113+0000][160][safepoint   ] Safepoint "Cleanup", Time since last: 17032511425 ns, Reaching safepoint: 99083 ns, At safepoint: 4209 ns, Total: 103292 ns
[2022-04-29T01:56:40.127+0000][160][safepoint   ] Safepoint "Cleanup", Time since last: 6013424252 ns, Reaching safepoint: 202917 ns, At safepoint: 5167 ns, Total: 208084 ns
[2022-04-29T01:56:42.135+0000][160][safepoint   ] Safepoint "Cleanup", Time since last: 2007881834 ns, Reaching safepoint: 189500 ns, At safepoint: 6750 ns, Total: 196250 ns
[2022-04-29T01:56:49.176+0000][160][safepoint   ] Safepoint "Cleanup", Time since last: 7041100420 ns, Reaching safepoint: 361666 ns, At safepoint: 22125 ns, Total: 383791 ns
[2022-04-29T01:57:03.824+0000][160][gc,start    ] GC(49) Pause Young (Normal) (G1 Evacuation Pause)
[2022-04-29T01:57:03.825+0000][160][gc,task     ] GC(49) Using 5 workers of 5 for evacuation
[2022-04-29T01:57:03.826+0000][160][gc,age      ] GC(49) Desired survivor size 20971520 bytes, new threshold 15 (max threshold 15)
[2022-04-29T01:57:03.828+0000][160][gc,age      ] GC(49) Age table with threshold 15 (max threshold 15)
[2022-04-29T01:57:03.829+0000][160][gc,age      ] GC(49) - age   1:    1480216 bytes,    1480216 total
[2022-04-29T01:57:03.830+0000][160][gc,age      ] GC(49) - age   2:      24136 bytes,    1504352 total
[2022-04-29T01:57:03.831+0000][160][gc,age      ] GC(49) - age   3:      12488 bytes,    1516840 total
[2022-04-29T01:57:03.832+0000][160][gc,age      ] GC(49) - age   4:       5616 bytes,    1522456 total
[2022-04-29T01:57:03.832+0000][160][gc,age      ] GC(49) - age   5:       3064 bytes,    1525520 total
[2022-04-29T01:57:03.833+0000][160][gc,age      ] GC(49) - age   6:       2600 bytes,    1528120 total
[2022-04-29T01:57:03.834+0000][160][gc,age      ] GC(49) - age   7:       7856 bytes,    1535976 total
[2022-04-29T01:57:03.834+0000][160][gc,age      ] GC(49) - age   8:       6568 bytes,    1542544 total
[2022-04-29T01:57:03.835+0000][160][gc,age      ] GC(49) - age   9:      15528 bytes,    1558072 total
[2022-04-29T01:57:03.835+0000][160][gc,age      ] GC(49) - age  10:       6600 bytes,    1564672 total
[2022-04-29T01:57:03.836+0000][160][gc,age      ] GC(49) - age  11:      18384 bytes,    1583056 total
[2022-04-29T01:57:03.837+0000][160][gc,age      ] GC(49) - age  12:       2640 bytes,    1585696 total
[2022-04-29T01:57:03.837+0000][160][gc,age      ] GC(49) - age  13:       7480 bytes,    1593176 total
[2022-04-29T01:57:03.838+0000][160][gc,age      ] GC(49) - age  14:       3312 bytes,    1596488 total
[2022-04-29T01:57:03.838+0000][160][gc,age      ] GC(49) - age  15:      18800 bytes,    1615288 total
[2022-04-29T01:57:03.839+0000][160][gc,phases   ] GC(49)   Pre Evacuate Collection Set: 0.1ms
[2022-04-29T01:57:03.840+0000][160][gc,phases   ] GC(49)   Merge Heap Roots: 0.1ms
[2022-04-29T01:57:03.840+0000][160][gc,phases   ] GC(49)   Evacuate Collection Set: 1.2ms
[2022-04-29T01:57:03.841+0000][160][gc,phases   ] GC(49)   Post Evacuate Collection Set: 0.7ms
[2022-04-29T01:57:03.842+0000][160][gc,phases   ] GC(49)   Other: 12.6ms
[2022-04-29T01:57:03.843+0000][160][gc,heap     ] GC(49) Eden regions: 75->0(75)
[2022-04-29T01:57:03.844+0000][160][gc,heap     ] GC(49) Survivor regions: 1->1(10)
[2022-04-29T01:57:03.844+0000][160][gc,heap     ] GC(49) Old regions: 21->21
[2022-04-29T01:57:03.845+0000][160][gc,heap     ] GC(49) Archive regions: 2->2
[2022-04-29T01:57:03.846+0000][160][gc,heap     ] GC(49) Humongous regions: 6->6
[2022-04-29T01:57:03.846+0000][160][gc,metaspace] GC(49) Metaspace: 116331K(118080K)->116331K(118080K) NonClass: 100841K(101888K)->100841K(101888K) Class: 15489K(16192K)->15489K(16192K)
[2022-04-29T01:57:03.847+0000][160][gc          ] GC(49) Pause Young (Normal) (G1 Evacuation Pause) 412M->113M(512M) 22.280ms
[2022-04-29T01:57:03.847+0000][160][gc,cpu      ] GC(49) User=0.01s Sys=0.00s Real=0.02s
[2022-04-29T01:57:03.848+0000][160][safepoint   ] Safepoint "G1CollectForAllocation", Time since last: 14648281424 ns, Reaching safepoint: 98875 ns, At safepoint: 23510208 ns, Total: 23609083 ns
[2022-04-29T01:57:04.853+0000][160][safepoint   ] Safepoint "Cleanup", Time since last: 1005246709 ns, Reaching safepoint: 254000 ns, At safepoint: 4042 ns, Total: 258042 ns
[2022-04-29T01:57:10.863+0000][160][safepoint   ] Safepoint "Cleanup", Time since last: 6009731753 ns, Reaching safepoint: 287333 ns, At safepoint: 4958 ns, Total: 292291 ns
[2022-04-29T01:57:16.875+0000][160][safepoint   ] Safepoint "Cleanup", Time since last: 6010337003 ns, Reaching safepoint: 357583 ns, At safepoint: 11833 ns, Total: 369416 ns
[2022-04-29T01:57:29.928+0000][160][safepoint   ] Safepoint "Cleanup", Time since last: 13039154423 ns, Reaching safepoint: 13875084 ns, At safepoint: 27750 ns, Total: 13902834 ns
[2022-04-29T01:57:34.932+0000][160][safepoint   ] Safepoint "Cleanup", Time since last: 5003984335 ns, Reaching safepoint: 185292 ns, At safepoint: 4417 ns, Total: 189709 ns
[2022-04-29T01:57:35.940+0000][160][safepoint   ] Safepoint "Cleanup", Time since last: 1006393375 ns, Reaching safepoint: 1063458 ns, At safepoint: 20959 ns, Total: 1084417 ns
[2022-04-29T01:57:40.957+0000][160][safepoint   ] Safepoint "Cleanup", Time since last: 5016169086 ns, Reaching safepoint: 1356791 ns, At safepoint: 7667 ns, Total: 1364458 ns
[2022-04-29T01:57:44.971+0000][160][safepoint   ] Safepoint "Cleanup", Time since last: 4015513626 ns, Reaching safepoint: 287209 ns, At safepoint: 14000 ns, Total: 301209 ns
[2022-04-29T01:57:45.976+0000][160][safepoint   ] Safepoint "Cleanup", Time since last: 1004952500 ns, Reaching safepoint: 649834 ns, At safepoint: 4125 ns, Total: 653959 ns
[2022-04-29T01:57:46.978+0000][160][safepoint   ] Safepoint "Cleanup", Time since last: 1002047708 ns, Reaching safepoint: 105750 ns, At safepoint: 3209 ns, Total: 108959 ns
[2022-04-29T01:57:59.005+0000][160][safepoint   ] Safepoint "Cleanup", Time since last: 12026727589 ns, Reaching safepoint: 345250 ns, At safepoint: 9208 ns, Total: 354458 ns
[2022-04-29T01:58:16.047+0000][160][safepoint   ] Safepoint "Cleanup", Time since last: 17041874133 ns, Reaching safepoint: 150500 ns, At safepoint: 4375 ns, Total: 154875 ns
[2022-04-29T01:58:25.084+0000][160][gc,start    ] GC(50) Pause Young (Normal) (G1 Evacuation Pause)
[2022-04-29T01:58:25.085+0000][160][gc,task     ] GC(50) Using 5 workers of 5 for evacuation
[2022-04-29T01:58:25.085+0000][160][gc,age      ] GC(50) Desired survivor size 20971520 bytes, new threshold 15 (max threshold 15)
[2022-04-29T01:58:25.088+0000][160][gc,age      ] GC(50) Age table with threshold 15 (max threshold 15)
[2022-04-29T01:58:25.089+0000][160][gc,age      ] GC(50) - age   1:    2145040 bytes,    2145040 total
[2022-04-29T01:58:25.091+0000][160][gc,age      ] GC(50) - age   2:      10784 bytes,    2155824 total
[2022-04-29T01:58:25.092+0000][160][gc,age      ] GC(50) - age   3:      22264 bytes,    2178088 total
[2022-04-29T01:58:25.093+0000][160][gc,age      ] GC(50) - age   4:      11864 bytes,    2189952 total
[2022-04-29T01:58:25.093+0000][160][gc,age      ] GC(50) - age   5:       5552 bytes,    2195504 total
[2022-04-29T01:58:25.094+0000][160][gc,age      ] GC(50) - age   6:       3064 bytes,    2198568 total
[2022-04-29T01:58:25.095+0000][160][gc,age      ] GC(50) - age   7:       2600 bytes,    2201168 total
[2022-04-29T01:58:25.096+0000][160][gc,age      ] GC(50) - age   8:       7856 bytes,    2209024 total
[2022-04-29T01:58:25.096+0000][160][gc,age      ] GC(50) - age   9:       6568 bytes,    2215592 total
[2022-04-29T01:58:25.097+0000][160][gc,age      ] GC(50) - age  10:      15528 bytes,    2231120 total
[2022-04-29T01:58:25.098+0000][160][gc,age      ] GC(50) - age  11:       6600 bytes,    2237720 total
[2022-04-29T01:58:25.099+0000][160][gc,age      ] GC(50) - age  12:      18384 bytes,    2256104 total
[2022-04-29T01:58:25.101+0000][160][gc,age      ] GC(50) - age  13:       2640 bytes,    2258744 total
[2022-04-29T01:58:25.102+0000][160][gc,age      ] GC(50) - age  14:       7480 bytes,    2266224 total
[2022-04-29T01:58:25.103+0000][160][gc,age      ] GC(50) - age  15:       3312 bytes,    2269536 total
[2022-04-29T01:58:25.103+0000][160][gc,phases   ] GC(50)   Pre Evacuate Collection Set: 0.1ms
[2022-04-29T01:58:25.104+0000][160][gc,phases   ] GC(50)   Merge Heap Roots: 0.2ms
[2022-04-29T01:58:25.105+0000][160][gc,phases   ] GC(50)   Evacuate Collection Set: 1.5ms
[2022-04-29T01:58:25.106+0000][160][gc,phases   ] GC(50)   Post Evacuate Collection Set: 0.7ms
[2022-04-29T01:58:25.106+0000][160][gc,phases   ] GC(50)   Other: 16.9ms
[2022-04-29T01:58:25.107+0000][160][gc,heap     ] GC(50) Eden regions: 75->0(75)
[2022-04-29T01:58:25.107+0000][160][gc,heap     ] GC(50) Survivor regions: 1->1(10)
[2022-04-29T01:58:25.108+0000][160][gc,heap     ] GC(50) Old regions: 21->21
[2022-04-29T01:58:25.109+0000][160][gc,heap     ] GC(50) Archive regions: 2->2
[2022-04-29T01:58:25.110+0000][160][gc,heap     ] GC(50) Humongous regions: 6->6
[2022-04-29T01:58:25.111+0000][160][gc,metaspace] GC(50) Metaspace: 116352K(118080K)->116352K(118080K) NonClass: 100862K(101888K)->100862K(101888K) Class: 15490K(16192K)->15490K(16192K)
[2022-04-29T01:58:25.136+0000][160][gc          ] GC(50) Pause Young (Normal) (G1 Evacuation Pause) 413M->114M(512M) 52.514ms
[2022-04-29T01:58:25.138+0000][160][gc,cpu      ] GC(50) User=0.01s Sys=0.00s Real=0.06s
[2022-04-29T01:58:25.139+0000][160][safepoint   ] Safepoint "G1CollectForAllocation", Time since last: 9036629838 ns, Reaching safepoint: 169583 ns, At safepoint: 55309667 ns, Total: 55479250 ns
[2022-04-29T01:58:40.181+0000][160][safepoint   ] Safepoint "Cleanup", Time since last: 15042099924 ns, Reaching safepoint: 247791 ns, At safepoint: 5084 ns, Total: 252875 ns
[2022-04-29T01:58:45.191+0000][160][safepoint   ] Safepoint "Cleanup", Time since last: 5010294835 ns, Reaching safepoint: 459250 ns, At safepoint: 13542 ns, Total: 472792 ns
[2022-04-29T01:58:46.202+0000][160][safepoint   ] Safepoint "Cleanup", Time since last: 1010555000 ns, Reaching safepoint: 202208 ns, At safepoint: 8375 ns, Total: 210583 ns
[2022-04-29T01:58:52.213+0000][160][safepoint   ] Safepoint "Cleanup", Time since last: 6011292045 ns, Reaching safepoint: 318375 ns, At safepoint: 12000 ns, Total: 330375 ns
[2022-04-29T01:58:58.227+0000][160][safepoint   ] Safepoint "Cleanup", Time since last: 6012894711 ns, Reaching safepoint: 339167 ns, At safepoint: 4916 ns, Total: 344083 ns
[2022-04-29T01:59:04.235+0000][160][safepoint   ] Safepoint "Cleanup", Time since last: 6008655337 ns, Reaching safepoint: 158833 ns, At safepoint: 5667 ns, Total: 164500 ns
[2022-04-29T01:59:09.247+0000][160][safepoint   ] Safepoint "Cleanup", Time since last: 5010978669 ns, Reaching safepoint: 374750 ns, At safepoint: 16833 ns, Total: 391583 ns
[2022-04-29T01:59:10.254+0000][160][safepoint   ] Safepoint "Cleanup", Time since last: 1006993792 ns, Reaching safepoint: 205334 ns, At safepoint: 80291 ns, Total: 285625 ns
[2022-04-29T01:59:11.259+0000][160][safepoint   ] Safepoint "Cleanup", Time since last: 1004648417 ns, Reaching safepoint: 295417 ns, At safepoint: 12833 ns, Total: 308250 ns
[2022-04-29T01:59:16.276+0000][160][safepoint   ] Safepoint "Cleanup", Time since last: 5017438502 ns, Reaching safepoint: 151375 ns, At safepoint: 5167 ns, Total: 156542 ns
[2022-04-29T01:59:37.317+0000][160][safepoint   ] Safepoint "Cleanup", Time since last: 21040865552 ns, Reaching safepoint: 360541 ns, At safepoint: 13542 ns, Total: 374083 ns
[2022-04-29T01:59:45.332+0000][160][safepoint   ] Safepoint "Cleanup", Time since last: 8014383795 ns, Reaching safepoint: 357625 ns, At safepoint: 13708 ns, Total: 371333 ns
[2022-04-29T01:59:46.680+0000][160][gc,start    ] GC(51) Pause Young (Normal) (G1 Evacuation Pause)
[2022-04-29T01:59:46.685+0000][160][gc,task     ] GC(51) Using 5 workers of 5 for evacuation
[2022-04-29T01:59:46.687+0000][160][gc,age      ] GC(51) Desired survivor size 20971520 bytes, new threshold 15 (max threshold 15)
[2022-04-29T01:59:46.695+0000][160][gc,age      ] GC(51) Age table with threshold 15 (max threshold 15)
[2022-04-29T01:59:46.698+0000][160][gc,age      ] GC(51) - age   1:     748272 bytes,     748272 total
[2022-04-29T01:59:46.700+0000][160][gc,age      ] GC(51) - age   2:       8376 bytes,     756648 total
[2022-04-29T01:59:46.702+0000][160][gc,age      ] GC(51) - age   3:       8568 bytes,     765216 total
[2022-04-29T01:59:46.704+0000][160][gc,age      ] GC(51) - age   4:      22040 bytes,     787256 total
[2022-04-29T01:59:46.706+0000][160][gc,age      ] GC(51) - age   5:      11224 bytes,     798480 total
[2022-04-29T01:59:46.707+0000][160][gc,age      ] GC(51) - age   6:       5552 bytes,     804032 total
[2022-04-29T01:59:46.710+0000][160][gc,age      ] GC(51) - age   7:       3064 bytes,     807096 total
[2022-04-29T01:59:46.711+0000][160][gc,age      ] GC(51) - age   8:       2600 bytes,     809696 total
[2022-04-29T01:59:46.714+0000][160][gc,age      ] GC(51) - age   9:       7856 bytes,     817552 total
[2022-04-29T01:59:46.715+0000][160][gc,age      ] GC(51) - age  10:       6568 bytes,     824120 total
[2022-04-29T01:59:46.716+0000][160][gc,age      ] GC(51) - age  11:      15528 bytes,     839648 total
[2022-04-29T01:59:46.719+0000][160][gc,age      ] GC(51) - age  12:       6600 bytes,     846248 total
[2022-04-29T01:59:46.721+0000][160][gc,age      ] GC(51) - age  13:      18384 bytes,     864632 total
[2022-04-29T01:59:46.722+0000][160][gc,age      ] GC(51) - age  14:       2640 bytes,     867272 total
[2022-04-29T01:59:46.724+0000][160][gc,age      ] GC(51) - age  15:       7480 bytes,     874752 total
[2022-04-29T01:59:46.725+0000][160][gc,phases   ] GC(51)   Pre Evacuate Collection Set: 0.2ms
[2022-04-29T01:59:46.727+0000][160][gc,phases   ] GC(51)   Merge Heap Roots: 0.2ms
[2022-04-29T01:59:46.728+0000][160][gc,phases   ] GC(51)   Evacuate Collection Set: 3.9ms
[2022-04-29T01:59:46.729+0000][160][gc,phases   ] GC(51)   Post Evacuate Collection Set: 1.9ms
[2022-04-29T01:59:46.730+0000][160][gc,phases   ] GC(51)   Other: 38.7ms
[2022-04-29T01:59:46.731+0000][160][gc,heap     ] GC(51) Eden regions: 75->0(75)
[2022-04-29T01:59:46.732+0000][160][gc,heap     ] GC(51) Survivor regions: 1->1(10)
[2022-04-29T01:59:46.733+0000][160][gc,heap     ] GC(51) Old regions: 21->21
[2022-04-29T01:59:46.734+0000][160][gc,heap     ] GC(51) Archive regions: 2->2
[2022-04-29T01:59:46.735+0000][160][gc,heap     ] GC(51) Humongous regions: 6->6
[2022-04-29T01:59:46.736+0000][160][gc,metaspace] GC(51) Metaspace: 116381K(118144K)->116381K(118144K) NonClass: 100891K(101952K)->100891K(101952K) Class: 15490K(16192K)->15490K(16192K)
[2022-04-29T01:59:46.737+0000][160][gc          ] GC(51) Pause Young (Normal) (G1 Evacuation Pause) 414M->112M(512M) 56.585ms
[2022-04-29T01:59:46.738+0000][160][gc,cpu      ] GC(51) User=0.01s Sys=0.01s Real=0.06s
[2022-04-29T01:59:46.739+0000][160][safepoint   ] Safepoint "G1CollectForAllocation", Time since last: 1347877001 ns, Reaching safepoint: 117292 ns, At safepoint: 58351916 ns, Total: 58469208 ns
[2022-04-29T02:00:05.786+0000][160][safepoint   ] Safepoint "Cleanup", Time since last: 19046990384 ns, Reaching safepoint: 154959 ns, At safepoint: 5083 ns, Total: 160042 ns
[2022-04-29T02:00:11.803+0000][160][safepoint   ] Safepoint "Cleanup", Time since last: 6016904878 ns, Reaching safepoint: 250958 ns, At safepoint: 12292 ns, Total: 263250 ns
[2022-04-29T02:00:28.833+0000][160][safepoint   ] Safepoint "Cleanup", Time since last: 17033195424 ns, Reaching safepoint: 258458 ns, At safepoint: 12167 ns, Total: 270625 ns
[2022-04-29T02:00:31.838+0000][160][safepoint   ] Safepoint "Cleanup", Time since last: 3004689168 ns, Reaching safepoint: 114834 ns, At safepoint: 29208 ns, Total: 144042 ns
[2022-04-29T02:00:42.857+0000][160][safepoint   ] Safepoint "Cleanup", Time since last: 11019255422 ns, Reaching safepoint: 141041 ns, At safepoint: 9167 ns, Total: 150208 ns
[2022-04-29T02:00:46.865+0000][160][safepoint   ] Safepoint "Cleanup", Time since last: 4007705960 ns, Reaching safepoint: 134375 ns, At safepoint: 8708 ns, Total: 143083 ns
[2022-04-29T02:00:57.887+0000][160][safepoint   ] Safepoint "Cleanup", Time since last: 11022144547 ns, Reaching safepoint: 55084 ns, At safepoint: 2666 ns, Total: 57750 ns
[2022-04-29T02:01:09.905+0000][160][gc,start    ] GC(52) Pause Young (Normal) (G1 Evacuation Pause)
[2022-04-29T02:01:09.906+0000][160][gc,task     ] GC(52) Using 5 workers of 5 for evacuation
[2022-04-29T02:01:09.906+0000][160][gc,age      ] GC(52) Desired survivor size 20971520 bytes, new threshold 15 (max threshold 15)
[2022-04-29T02:01:09.910+0000][160][gc,age      ] GC(52) Age table with threshold 15 (max threshold 15)
[2022-04-29T02:01:09.911+0000][160][gc,age      ] GC(52) - age   1:    1506744 bytes,    1506744 total
[2022-04-29T02:01:09.912+0000][160][gc,age      ] GC(52) - age   2:       7080 bytes,    1513824 total
[2022-04-29T02:01:09.913+0000][160][gc,age      ] GC(52) - age   3:       6424 bytes,    1520248 total
[2022-04-29T02:01:09.913+0000][160][gc,age      ] GC(52) - age   4:       7976 bytes,    1528224 total
[2022-04-29T02:01:09.914+0000][160][gc,age      ] GC(52) - age   5:      21976 bytes,    1550200 total
[2022-04-29T02:01:09.915+0000][160][gc,age      ] GC(52) - age   6:      11096 bytes,    1561296 total
[2022-04-29T02:01:09.915+0000][160][gc,age      ] GC(52) - age   7:       5040 bytes,    1566336 total
[2022-04-29T02:01:09.916+0000][160][gc,age      ] GC(52) - age   8:       3064 bytes,    1569400 total
[2022-04-29T02:01:09.917+0000][160][gc,age      ] GC(52) - age   9:       2600 bytes,    1572000 total
[2022-04-29T02:01:09.918+0000][160][gc,age      ] GC(52) - age  10:       7856 bytes,    1579856 total
[2022-04-29T02:01:09.919+0000][160][gc,age      ] GC(52) - age  11:       6568 bytes,    1586424 total
[2022-04-29T02:01:09.921+0000][160][gc,age      ] GC(52) - age  12:      15528 bytes,    1601952 total
[2022-04-29T02:01:09.922+0000][160][gc,age      ] GC(52) - age  13:       6600 bytes,    1608552 total
[2022-04-29T02:01:09.923+0000][160][gc,age      ] GC(52) - age  14:      18384 bytes,    1626936 total
[2022-04-29T02:01:09.924+0000][160][gc,age      ] GC(52) - age  15:       2640 bytes,    1629576 total
[2022-04-29T02:01:09.925+0000][160][gc,phases   ] GC(52)   Pre Evacuate Collection Set: 0.2ms
[2022-04-29T02:01:09.925+0000][160][gc,phases   ] GC(52)   Merge Heap Roots: 0.1ms
[2022-04-29T02:01:09.926+0000][160][gc,phases   ] GC(52)   Evacuate Collection Set: 1.4ms
[2022-04-29T02:01:09.927+0000][160][gc,phases   ] GC(52)   Post Evacuate Collection Set: 0.8ms
[2022-04-29T02:01:09.928+0000][160][gc,phases   ] GC(52)   Other: 17.6ms
[2022-04-29T02:01:09.928+0000][160][gc,heap     ] GC(52) Eden regions: 75->0(75)
[2022-04-29T02:01:09.929+0000][160][gc,heap     ] GC(52) Survivor regions: 1->1(10)
[2022-04-29T02:01:09.930+0000][160][gc,heap     ] GC(52) Old regions: 21->21
[2022-04-29T02:01:09.931+0000][160][gc,heap     ] GC(52) Archive regions: 2->2
[2022-04-29T02:01:09.954+0000][160][gc,heap     ] GC(52) Humongous regions: 6->6
[2022-04-29T02:01:09.956+0000][160][gc,metaspace] GC(52) Metaspace: 116387K(118144K)->116387K(118144K) NonClass: 100896K(101952K)->100896K(101952K) Class: 15490K(16192K)->15490K(16192K)
[2022-04-29T02:01:09.957+0000][160][gc          ] GC(52) Pause Young (Normal) (G1 Evacuation Pause) 412M->113M(512M) 52.029ms
[2022-04-29T02:01:09.958+0000][160][gc,cpu      ] GC(52) User=0.01s Sys=0.01s Real=0.05s
[2022-04-29T02:01:09.959+0000][160][safepoint   ] Safepoint "G1CollectForAllocation", Time since last: 12017826506 ns, Reaching safepoint: 143750 ns, At safepoint: 53845375 ns, Total: 53989125 ns
[2022-04-29T02:01:16.969+0000][160][safepoint   ] Safepoint "Cleanup", Time since last: 7008265961 ns, Reaching safepoint: 790000 ns, At safepoint: 9458 ns, Total: 799458 ns
[2022-04-29T02:01:26.997+0000][160][safepoint   ] Safepoint "Cleanup", Time since last: 10027661838 ns, Reaching safepoint: 364917 ns, At safepoint: 12417 ns, Total: 377334 ns
[2022-04-29T02:01:28.005+0000][160][safepoint   ] Safepoint "Cleanup", Time since last: 1008271708 ns, Reaching safepoint: 194500 ns, At safepoint: 4917 ns, Total: 199417 ns
[2022-04-29T02:01:41.042+0000][160][safepoint   ] Safepoint "Cleanup", Time since last: 13036217048 ns, Reaching safepoint: 460500 ns, At safepoint: 11458 ns, Total: 471958 ns
[2022-04-29T02:01:50.387+0000][160][safepoint   ] Safepoint "Cleanup", Time since last: 9347941796 ns, Reaching safepoint: 205500 ns, At safepoint: 6791 ns, Total: 212291 ns
[2022-04-29T02:01:55.408+0000][160][safepoint   ] Safepoint "Cleanup", Time since last: 5019147711 ns, Reaching safepoint: 1004208 ns, At safepoint: 8042 ns, Total: 1012250 ns
[2022-04-29T02:02:10.442+0000][160][safepoint   ] Safepoint "Cleanup", Time since last: 15034640132 ns, Reaching safepoint: 56584 ns, At safepoint: 2541 ns, Total: 59125 ns
[2022-04-29T02:02:14.451+0000][160][safepoint   ] Safepoint "Cleanup", Time since last: 4010040752 ns, Reaching safepoint: 1353041 ns, At safepoint: 19625 ns, Total: 1372666 ns
[2022-04-29T02:02:16.464+0000][160][safepoint   ] Safepoint "Cleanup", Time since last: 2012600668 ns, Reaching safepoint: 482583 ns, At safepoint: 12250 ns, Total: 494833 ns
[2022-04-29T02:02:17.473+0000][160][safepoint   ] Safepoint "Cleanup", Time since last: 1008342459 ns, Reaching safepoint: 597125 ns, At safepoint: 7208 ns, Total: 604333 ns
[2022-04-29T02:02:26.500+0000][160][safepoint   ] Safepoint "Cleanup", Time since last: 9026077213 ns, Reaching safepoint: 490500 ns, At safepoint: 14083 ns, Total: 504583 ns
[2022-04-29T02:02:34.126+0000][160][gc,start    ] GC(53) Pause Young (Normal) (G1 Evacuation Pause)
[2022-04-29T02:02:34.128+0000][160][gc,task     ] GC(53) Using 5 workers of 5 for evacuation
[2022-04-29T02:02:34.128+0000][160][gc,age      ] GC(53) Desired survivor size 20971520 bytes, new threshold 15 (max threshold 15)
[2022-04-29T02:02:34.132+0000][160][gc,age      ] GC(53) Age table with threshold 15 (max threshold 15)
[2022-04-29T02:02:34.133+0000][160][gc,age      ] GC(53) - age   1:    1873096 bytes,    1873096 total
[2022-04-29T02:02:34.133+0000][160][gc,age      ] GC(53) - age   2:       5720 bytes,    1878816 total
[2022-04-29T02:02:34.134+0000][160][gc,age      ] GC(53) - age   3:       5168 bytes,    1883984 total
[2022-04-29T02:02:34.135+0000][160][gc,age      ] GC(53) - age   4:       5672 bytes,    1889656 total
[2022-04-29T02:02:34.135+0000][160][gc,age      ] GC(53) - age   5:       7976 bytes,    1897632 total
[2022-04-29T02:02:34.136+0000][160][gc,age      ] GC(53) - age   6:       5824 bytes,    1903456 total
[2022-04-29T02:02:34.137+0000][160][gc,age      ] GC(53) - age   7:      11008 bytes,    1914464 total
[2022-04-29T02:02:34.137+0000][160][gc,age      ] GC(53) - age   8:       5008 bytes,    1919472 total
[2022-04-29T02:02:34.138+0000][160][gc,age      ] GC(53) - age   9:       3064 bytes,    1922536 total
[2022-04-29T02:02:34.139+0000][160][gc,age      ] GC(53) - age  10:       2600 bytes,    1925136 total
[2022-04-29T02:02:34.139+0000][160][gc,age      ] GC(53) - age  11:       7856 bytes,    1932992 total
[2022-04-29T02:02:34.140+0000][160][gc,age      ] GC(53) - age  12:       6176 bytes,    1939168 total
[2022-04-29T02:02:34.140+0000][160][gc,age      ] GC(53) - age  13:      15528 bytes,    1954696 total
[2022-04-29T02:02:34.141+0000][160][gc,age      ] GC(53) - age  14:       6600 bytes,    1961296 total
[2022-04-29T02:02:34.141+0000][160][gc,age      ] GC(53) - age  15:      18384 bytes,    1979680 total
[2022-04-29T02:02:34.142+0000][160][gc,phases   ] GC(53)   Pre Evacuate Collection Set: 0.2ms
[2022-04-29T02:02:34.143+0000][160][gc,phases   ] GC(53)   Merge Heap Roots: 0.2ms
[2022-04-29T02:02:34.144+0000][160][gc,phases   ] GC(53)   Evacuate Collection Set: 1.2ms
[2022-04-29T02:02:34.144+0000][160][gc,phases   ] GC(53)   Post Evacuate Collection Set: 1.4ms
[2022-04-29T02:02:34.145+0000][160][gc,phases   ] GC(53)   Other: 13.2ms
[2022-04-29T02:02:34.145+0000][160][gc,heap     ] GC(53) Eden regions: 75->0(75)
[2022-04-29T02:02:34.146+0000][160][gc,heap     ] GC(53) Survivor regions: 1->1(10)
[2022-04-29T02:02:34.147+0000][160][gc,heap     ] GC(53) Old regions: 21->21
[2022-04-29T02:02:34.148+0000][160][gc,heap     ] GC(53) Archive regions: 2->2
[2022-04-29T02:02:34.148+0000][160][gc,heap     ] GC(53) Humongous regions: 6->6
[2022-04-29T02:02:34.149+0000][160][gc,metaspace] GC(53) Metaspace: 116391K(118144K)->116391K(118144K) NonClass: 100900K(101952K)->100900K(101952K) Class: 15491K(16192K)->15491K(16192K)
[2022-04-29T02:02:34.149+0000][160][gc          ] GC(53) Pause Young (Normal) (G1 Evacuation Pause) 413M->113M(512M) 22.975ms
[2022-04-29T02:02:34.150+0000][160][gc,cpu      ] GC(53) User=0.01s Sys=0.00s Real=0.03s
[2022-04-29T02:02:34.151+0000][160][safepoint   ] Safepoint "G1CollectForAllocation", Time since last: 7626152046 ns, Reaching safepoint: 290291 ns, At safepoint: 24475375 ns, Total: 24765666 ns
[2022-04-29T02:02:40.161+0000][160][safepoint   ] Safepoint "Cleanup", Time since last: 6009697961 ns, Reaching safepoint: 238042 ns, At safepoint: 4333 ns, Total: 242375 ns
[2022-04-29T02:02:45.183+0000][160][safepoint   ] Safepoint "Cleanup", Time since last: 5020760294 ns, Reaching safepoint: 465333 ns, At safepoint: 15250 ns, Total: 480583 ns
[2022-04-29T02:02:52.211+0000][160][safepoint   ] Safepoint "Cleanup", Time since last: 7027659795 ns, Reaching safepoint: 76042 ns, At safepoint: 3208 ns, Total: 79250 ns
[2022-04-29T02:02:53.212+0000][160][safepoint   ] Safepoint "Cleanup", Time since last: 1001161292 ns, Reaching safepoint: 66167 ns, At safepoint: 2167 ns, Total: 68334 ns
[2022-04-29T02:03:12.267+0000][160][safepoint   ] Safepoint "Cleanup", Time since last: 19054172800 ns, Reaching safepoint: 290625 ns, At safepoint: 12125 ns, Total: 302750 ns
[2022-04-29T02:03:13.292+0000][160][safepoint   ] Safepoint "Cleanup", Time since last: 1024340251 ns, Reaching safepoint: 503083 ns, At safepoint: 20459 ns, Total: 523542 ns
[2022-04-29T02:03:22.313+0000][160][safepoint   ] Safepoint "Cleanup", Time since last: 9021515379 ns, Reaching safepoint: 1087208 ns, At safepoint: 11750 ns, Total: 1098958 ns
[2022-04-29T02:03:52.658+0000][160][gc,start    ] GC(54) Pause Young (Normal) (G1 Evacuation Pause)
[2022-04-29T02:03:52.659+0000][160][gc,task     ] GC(54) Using 5 workers of 5 for evacuation
[2022-04-29T02:03:52.660+0000][160][gc,age      ] GC(54) Desired survivor size 20971520 bytes, new threshold 15 (max threshold 15)
[2022-04-29T02:03:52.662+0000][160][gc,age      ] GC(54) Age table with threshold 15 (max threshold 15)
[2022-04-29T02:03:52.663+0000][160][gc,age      ] GC(54) - age   1:     897632 bytes,     897632 total
[2022-04-29T02:03:52.664+0000][160][gc,age      ] GC(54) - age   2:       9464 bytes,     907096 total
[2022-04-29T02:03:52.665+0000][160][gc,age      ] GC(54) - age   3:       2912 bytes,     910008 total
[2022-04-29T02:03:52.666+0000][160][gc,age      ] GC(54) - age   4:       4752 bytes,     914760 total
[2022-04-29T02:03:52.666+0000][160][gc,age      ] GC(54) - age   5:       5224 bytes,     919984 total
[2022-04-29T02:03:52.667+0000][160][gc,age      ] GC(54) - age   6:       7472 bytes,     927456 total
[2022-04-29T02:03:52.668+0000][160][gc,age      ] GC(54) - age   7:       5696 bytes,     933152 total
[2022-04-29T02:03:52.668+0000][160][gc,age      ] GC(54) - age   8:      11008 bytes,     944160 total
[2022-04-29T02:03:52.669+0000][160][gc,age      ] GC(54) - age   9:       5008 bytes,     949168 total
[2022-04-29T02:03:52.670+0000][160][gc,age      ] GC(54) - age  10:       3064 bytes,     952232 total
[2022-04-29T02:03:52.670+0000][160][gc,age      ] GC(54) - age  11:       2600 bytes,     954832 total
[2022-04-29T02:03:52.671+0000][160][gc,age      ] GC(54) - age  12:       7856 bytes,     962688 total
[2022-04-29T02:03:52.672+0000][160][gc,age      ] GC(54) - age  13:       6176 bytes,     968864 total
[2022-04-29T02:03:52.672+0000][160][gc,age      ] GC(54) - age  14:      15528 bytes,     984392 total
[2022-04-29T02:03:52.673+0000][160][gc,age      ] GC(54) - age  15:       6600 bytes,     990992 total
[2022-04-29T02:03:52.673+0000][160][gc,phases   ] GC(54)   Pre Evacuate Collection Set: 0.1ms
[2022-04-29T02:03:52.674+0000][160][gc,phases   ] GC(54)   Merge Heap Roots: 0.1ms
[2022-04-29T02:03:52.675+0000][160][gc,phases   ] GC(54)   Evacuate Collection Set: 1.1ms
[2022-04-29T02:03:52.676+0000][160][gc,phases   ] GC(54)   Post Evacuate Collection Set: 0.7ms
[2022-04-29T02:03:52.676+0000][160][gc,phases   ] GC(54)   Other: 13.2ms
[2022-04-29T02:03:52.677+0000][160][gc,heap     ] GC(54) Eden regions: 75->0(75)
[2022-04-29T02:03:52.678+0000][160][gc,heap     ] GC(54) Survivor regions: 1->1(10)
[2022-04-29T02:03:52.679+0000][160][gc,heap     ] GC(54) Old regions: 21->21
[2022-04-29T02:03:52.679+0000][160][gc,heap     ] GC(54) Archive regions: 2->2
[2022-04-29T02:03:52.680+0000][160][gc,heap     ] GC(54) Humongous regions: 6->6
[2022-04-29T02:03:52.680+0000][160][gc,metaspace] GC(54) Metaspace: 116405K(118144K)->116405K(118144K) NonClass: 100914K(101952K)->100914K(101952K) Class: 15491K(16192K)->15491K(16192K)
[2022-04-29T02:03:52.681+0000][160][gc          ] GC(54) Pause Young (Normal) (G1 Evacuation Pause) 413M->112M(512M) 22.656ms
[2022-04-29T02:03:52.681+0000][160][gc,cpu      ] GC(54) User=0.01s Sys=0.01s Real=0.02s
[2022-04-29T02:03:52.682+0000][160][safepoint   ] Safepoint "G1CollectForAllocation", Time since last: 30340520472 ns, Reaching safepoint: 76458 ns, At safepoint: 23932334 ns, Total: 24008792 ns
[2022-04-29T02:04:10.718+0000][160][safepoint   ] Safepoint "Cleanup", Time since last: 18035810592 ns, Reaching safepoint: 132666 ns, At safepoint: 4709 ns, Total: 137375 ns
[2022-04-29T02:04:11.721+0000][160][safepoint   ] Safepoint "Cleanup", Time since last: 1002517042 ns, Reaching safepoint: 182375 ns, At safepoint: 8667 ns, Total: 191042 ns
[2022-04-29T02:04:31.792+0000][160][safepoint   ] Safepoint "Cleanup", Time since last: 20076839008 ns, Reaching safepoint: 652917 ns, At safepoint: 14375 ns, Total: 667292 ns
[2022-04-29T02:04:35.821+0000][160][safepoint   ] Safepoint "Cleanup", Time since last: 4028287543 ns, Reaching safepoint: 339750 ns, At safepoint: 13667 ns, Total: 353417 ns
[2022-04-29T02:04:58.863+0000][160][safepoint   ] Safepoint "Cleanup", Time since last: 23043476594 ns, Reaching safepoint: 448417 ns, At safepoint: 11250 ns, Total: 459667 ns
[2022-04-29T02:05:05.884+0000][160][safepoint   ] Safepoint "Cleanup", Time since last: 7019882961 ns, Reaching safepoint: 468584 ns, At safepoint: 13708 ns, Total: 482292 ns
[2022-04-29T02:05:16.287+0000][160][gc,start    ] GC(55) Pause Young (Normal) (G1 Evacuation Pause)
[2022-04-29T02:05:16.287+0000][160][gc,task     ] GC(55) Using 5 workers of 5 for evacuation
[2022-04-29T02:05:16.288+0000][160][gc,age      ] GC(55) Desired survivor size 20971520 bytes, new threshold 15 (max threshold 15)
[2022-04-29T02:05:16.291+0000][160][gc,age      ] GC(55) Age table with threshold 15 (max threshold 15)
[2022-04-29T02:05:16.292+0000][160][gc,age      ] GC(55) - age   1:    1738512 bytes,    1738512 total
[2022-04-29T02:05:16.293+0000][160][gc,age      ] GC(55) - age   2:     109352 bytes,    1847864 total
[2022-04-29T02:05:16.293+0000][160][gc,age      ] GC(55) - age   3:       6720 bytes,    1854584 total
[2022-04-29T02:05:16.294+0000][160][gc,age      ] GC(55) - age   4:       2112 bytes,    1856696 total
[2022-04-29T02:05:16.295+0000][160][gc,age      ] GC(55) - age   5:       4752 bytes,    1861448 total
[2022-04-29T02:05:16.295+0000][160][gc,age      ] GC(55) - age   6:       5160 bytes,    1866608 total
[2022-04-29T02:05:16.296+0000][160][gc,age      ] GC(55) - age   7:       7472 bytes,    1874080 total
[2022-04-29T02:05:16.297+0000][160][gc,age      ] GC(55) - age   8:       5440 bytes,    1879520 total
[2022-04-29T02:05:16.297+0000][160][gc,age      ] GC(55) - age   9:      11008 bytes,    1890528 total
[2022-04-29T02:05:16.298+0000][160][gc,age      ] GC(55) - age  10:       5008 bytes,    1895536 total
[2022-04-29T02:05:16.299+0000][160][gc,age      ] GC(55) - age  11:       3064 bytes,    1898600 total
[2022-04-29T02:05:16.300+0000][160][gc,age      ] GC(55) - age  12:       2600 bytes,    1901200 total
[2022-04-29T02:05:16.300+0000][160][gc,age      ] GC(55) - age  13:       7856 bytes,    1909056 total
[2022-04-29T02:05:16.301+0000][160][gc,age      ] GC(55) - age  14:       6176 bytes,    1915232 total
[2022-04-29T02:05:16.301+0000][160][gc,age      ] GC(55) - age  15:      15496 bytes,    1930728 total
[2022-04-29T02:05:16.302+0000][160][gc,phases   ] GC(55)   Pre Evacuate Collection Set: 0.2ms
[2022-04-29T02:05:16.303+0000][160][gc,phases   ] GC(55)   Merge Heap Roots: 0.1ms
[2022-04-29T02:05:16.304+0000][160][gc,phases   ] GC(55)   Evacuate Collection Set: 1.3ms
[2022-04-29T02:05:16.304+0000][160][gc,phases   ] GC(55)   Post Evacuate Collection Set: 0.8ms
[2022-04-29T02:05:16.305+0000][160][gc,phases   ] GC(55)   Other: 12.8ms
[2022-04-29T02:05:16.306+0000][160][gc,heap     ] GC(55) Eden regions: 75->0(75)
[2022-04-29T02:05:16.306+0000][160][gc,heap     ] GC(55) Survivor regions: 1->1(10)
[2022-04-29T02:05:16.307+0000][160][gc,heap     ] GC(55) Old regions: 21->21
[2022-04-29T02:05:16.308+0000][160][gc,heap     ] GC(55) Archive regions: 2->2
[2022-04-29T02:05:16.308+0000][160][gc,heap     ] GC(55) Humongous regions: 6->6
[2022-04-29T02:05:16.309+0000][160][gc,metaspace] GC(55) Metaspace: 116433K(118144K)->116433K(118144K) NonClass: 100942K(101952K)->100942K(101952K) Class: 15491K(16192K)->15491K(16192K)
[2022-04-29T02:05:16.310+0000][160][gc          ] GC(55) Pause Young (Normal) (G1 Evacuation Pause) 412M->113M(512M) 22.701ms
[2022-04-29T02:05:16.310+0000][160][gc,cpu      ] GC(55) User=0.00s Sys=0.01s Real=0.02s
[2022-04-29T02:05:16.311+0000][160][safepoint   ] Safepoint "G1CollectForAllocation", Time since last: 10402951379 ns, Reaching safepoint: 120000 ns, At safepoint: 24244959 ns, Total: 24364959 ns
[2022-04-29T02:05:45.356+0000][160][safepoint   ] Safepoint "Cleanup", Time since last: 29045888055 ns, Reaching safepoint: 357292 ns, At safepoint: 13166 ns, Total: 370458 ns
[2022-04-29T02:05:46.365+0000][160][safepoint   ] Safepoint "Cleanup", Time since last: 1008391459 ns, Reaching safepoint: 217000 ns, At safepoint: 4208 ns, Total: 221208 ns
[2022-04-29T02:06:41.064+0000][160][gc,start    ] GC(56) Pause Young (Normal) (G1 Evacuation Pause)
[2022-04-29T02:06:41.064+0000][160][gc,task     ] GC(56) Using 5 workers of 5 for evacuation
[2022-04-29T02:06:41.065+0000][160][gc,age      ] GC(56) Desired survivor size 20971520 bytes, new threshold 15 (max threshold 15)
[2022-04-29T02:06:41.068+0000][160][gc,age      ] GC(56) Age table with threshold 15 (max threshold 15)
[2022-04-29T02:06:41.069+0000][160][gc,age      ] GC(56) - age   1:    1975024 bytes,    1975024 total
[2022-04-29T02:06:41.070+0000][160][gc,age      ] GC(56) - age   2:      21120 bytes,    1996144 total
[2022-04-29T02:06:41.071+0000][160][gc,age      ] GC(56) - age   3:       3488 bytes,    1999632 total
[2022-04-29T02:06:41.071+0000][160][gc,age      ] GC(56) - age   4:       6472 bytes,    2006104 total
[2022-04-29T02:06:41.072+0000][160][gc,age      ] GC(56) - age   5:       2000 bytes,    2008104 total
[2022-04-29T02:06:41.073+0000][160][gc,age      ] GC(56) - age   6:       4752 bytes,    2012856 total
[2022-04-29T02:06:41.073+0000][160][gc,age      ] GC(56) - age   7:       5160 bytes,    2018016 total
[2022-04-29T02:06:41.074+0000][160][gc,age      ] GC(56) - age   8:       5552 bytes,    2023568 total
[2022-04-29T02:06:41.074+0000][160][gc,age      ] GC(56) - age   9:       5440 bytes,    2029008 total
[2022-04-29T02:06:41.075+0000][160][gc,age      ] GC(56) - age  10:      11008 bytes,    2040016 total
[2022-04-29T02:06:41.076+0000][160][gc,age      ] GC(56) - age  11:       5008 bytes,    2045024 total
[2022-04-29T02:06:41.076+0000][160][gc,age      ] GC(56) - age  12:       3064 bytes,    2048088 total
[2022-04-29T02:06:41.077+0000][160][gc,age      ] GC(56) - age  13:       2600 bytes,    2050688 total
[2022-04-29T02:06:41.077+0000][160][gc,age      ] GC(56) - age  14:       7856 bytes,    2058544 total
[2022-04-29T02:06:41.078+0000][160][gc,age      ] GC(56) - age  15:       6176 bytes,    2064720 total
[2022-04-29T02:06:41.078+0000][160][gc,phases   ] GC(56)   Pre Evacuate Collection Set: 0.1ms
[2022-04-29T02:06:41.079+0000][160][gc,phases   ] GC(56)   Merge Heap Roots: 0.1ms
[2022-04-29T02:06:41.079+0000][160][gc,phases   ] GC(56)   Evacuate Collection Set: 1.6ms
[2022-04-29T02:06:41.080+0000][160][gc,phases   ] GC(56)   Post Evacuate Collection Set: 0.7ms
[2022-04-29T02:06:41.080+0000][160][gc,phases   ] GC(56)   Other: 12.1ms
[2022-04-29T02:06:41.081+0000][160][gc,heap     ] GC(56) Eden regions: 75->0(75)
[2022-04-29T02:06:41.082+0000][160][gc,heap     ] GC(56) Survivor regions: 1->1(10)
[2022-04-29T02:06:41.082+0000][160][gc,heap     ] GC(56) Old regions: 21->21
[2022-04-29T02:06:41.083+0000][160][gc,heap     ] GC(56) Archive regions: 2->2
[2022-04-29T02:06:41.083+0000][160][gc,heap     ] GC(56) Humongous regions: 6->6
[2022-04-29T02:06:41.084+0000][160][gc,metaspace] GC(56) Metaspace: 116454K(118208K)->116454K(118208K) NonClass: 100963K(102016K)->100963K(102016K) Class: 15491K(16192K)->15491K(16192K)
[2022-04-29T02:06:41.085+0000][160][gc          ] GC(56) Pause Young (Normal) (G1 Evacuation Pause) 413M->113M(512M) 21.049ms
[2022-04-29T02:06:41.085+0000][160][gc,cpu      ] GC(56) User=0.01s Sys=0.01s Real=0.02s
[2022-04-29T02:06:41.086+0000][160][safepoint   ] Safepoint "G1CollectForAllocation", Time since last: 54699702818 ns, Reaching safepoint: 100541 ns, At safepoint: 22474709 ns, Total: 22575250 ns
[2022-04-29T02:06:43.087+0000][160][safepoint   ] Safepoint "Cleanup", Time since last: 2000768500 ns, Reaching safepoint: 131167 ns, At safepoint: 3833 ns, Total: 135000 ns
[2022-04-29T02:06:45.093+0000][160][safepoint   ] Safepoint "Cleanup", Time since last: 2006044709 ns, Reaching safepoint: 500500 ns, At safepoint: 16750 ns, Total: 517250 ns
[2022-04-29T02:06:50.099+0000][160][safepoint   ] Safepoint "Cleanup", Time since last: 5006078419 ns, Reaching safepoint: 289542 ns, At safepoint: 5375 ns, Total: 294917 ns
[2022-04-29T02:07:04.124+0000][160][safepoint   ] Safepoint "Cleanup", Time since last: 14024444715 ns, Reaching safepoint: 64041 ns, At safepoint: 3459 ns, Total: 67500 ns
[2022-04-29T02:07:11.133+0000][160][safepoint   ] Safepoint "Cleanup", Time since last: 7007182045 ns, Reaching safepoint: 1514041 ns, At safepoint: 46834 ns, Total: 1560875 ns
[2022-04-29T02:07:12.141+0000][160][safepoint   ] Safepoint "Cleanup", Time since last: 1008506500 ns, Reaching safepoint: 104625 ns, At safepoint: 2542 ns, Total: 107167 ns
[2022-04-29T02:07:39.187+0000][160][safepoint   ] Safepoint "Cleanup", Time since last: 27046766012 ns, Reaching safepoint: 254541 ns, At safepoint: 10375 ns, Total: 264916 ns
[2022-04-29T02:07:41.196+0000][160][safepoint   ] Safepoint "Cleanup", Time since last: 2009015376 ns, Reaching safepoint: 356042 ns, At safepoint: 11833 ns, Total: 367875 ns
[2022-04-29T02:07:42.207+0000][160][safepoint   ] Safepoint "Cleanup", Time since last: 1010564626 ns, Reaching safepoint: 296375 ns, At safepoint: 21583 ns, Total: 317958 ns
[2022-04-29T02:07:45.218+0000][160][safepoint   ] Safepoint "Cleanup", Time since last: 3007296959 ns, Reaching safepoint: 608084 ns, At safepoint: 18708 ns, Total: 626792 ns
[2022-04-29T02:07:53.238+0000][160][safepoint   ] Safepoint "Cleanup", Time since last: 8019431879 ns, Reaching safepoint: 101416 ns, At safepoint: 10459 ns, Total: 111875 ns
[2022-04-29T02:08:04.075+0000][160][gc,start    ] GC(57) Pause Young (Normal) (G1 Evacuation Pause)
[2022-04-29T02:08:04.076+0000][160][gc,task     ] GC(57) Using 5 workers of 5 for evacuation
[2022-04-29T02:08:04.078+0000][160][gc,age      ] GC(57) Desired survivor size 20971520 bytes, new threshold 15 (max threshold 15)
[2022-04-29T02:08:04.081+0000][160][gc,age      ] GC(57) Age table with threshold 15 (max threshold 15)
[2022-04-29T02:08:04.082+0000][160][gc,age      ] GC(57) - age   1:     995248 bytes,     995248 total
[2022-04-29T02:08:04.084+0000][160][gc,age      ] GC(57) - age   2:      11048 bytes,    1006296 total
[2022-04-29T02:08:04.085+0000][160][gc,age      ] GC(57) - age   3:      19720 bytes,    1026016 total
[2022-04-29T02:08:04.086+0000][160][gc,age      ] GC(57) - age   4:       3264 bytes,    1029280 total
[2022-04-29T02:08:04.087+0000][160][gc,age      ] GC(57) - age   5:       6472 bytes,    1035752 total
[2022-04-29T02:08:04.087+0000][160][gc,age      ] GC(57) - age   6:       1872 bytes,    1037624 total
[2022-04-29T02:08:04.088+0000][160][gc,age      ] GC(57) - age   7:       4688 bytes,    1042312 total
[2022-04-29T02:08:04.089+0000][160][gc,age      ] GC(57) - age   8:       5160 bytes,    1047472 total
[2022-04-29T02:08:04.089+0000][160][gc,age      ] GC(57) - age   9:       5488 bytes,    1052960 total
[2022-04-29T02:08:04.090+0000][160][gc,age      ] GC(57) - age  10:       5440 bytes,    1058400 total
[2022-04-29T02:08:04.091+0000][160][gc,age      ] GC(57) - age  11:      11008 bytes,    1069408 total
[2022-04-29T02:08:04.092+0000][160][gc,age      ] GC(57) - age  12:       5008 bytes,    1074416 total
[2022-04-29T02:08:04.093+0000][160][gc,age      ] GC(57) - age  13:       3064 bytes,    1077480 total
[2022-04-29T02:08:04.093+0000][160][gc,age      ] GC(57) - age  14:       2600 bytes,    1080080 total
[2022-04-29T02:08:04.094+0000][160][gc,age      ] GC(57) - age  15:       7856 bytes,    1087936 total
[2022-04-29T02:08:04.095+0000][160][gc,phases   ] GC(57)   Pre Evacuate Collection Set: 0.1ms
[2022-04-29T02:08:04.096+0000][160][gc,phases   ] GC(57)   Merge Heap Roots: 0.1ms
[2022-04-29T02:08:04.096+0000][160][gc,phases   ] GC(57)   Evacuate Collection Set: 1.2ms
[2022-04-29T02:08:04.097+0000][160][gc,phases   ] GC(57)   Post Evacuate Collection Set: 0.9ms
[2022-04-29T02:08:04.098+0000][160][gc,phases   ] GC(57)   Other: 17.1ms
[2022-04-29T02:08:04.099+0000][160][gc,heap     ] GC(57) Eden regions: 75->0(75)
[2022-04-29T02:08:04.099+0000][160][gc,heap     ] GC(57) Survivor regions: 1->1(10)
[2022-04-29T02:08:04.100+0000][160][gc,heap     ] GC(57) Old regions: 21->21
[2022-04-29T02:08:04.101+0000][160][gc,heap     ] GC(57) Archive regions: 2->2
[2022-04-29T02:08:04.101+0000][160][gc,heap     ] GC(57) Humongous regions: 6->6
[2022-04-29T02:08:04.102+0000][160][gc,metaspace] GC(57) Metaspace: 116467K(118208K)->116467K(118208K) NonClass: 100976K(102016K)->100976K(102016K) Class: 15491K(16192K)->15491K(16192K)
[2022-04-29T02:08:04.102+0000][160][gc          ] GC(57) Pause Young (Normal) (G1 Evacuation Pause) 413M->113M(512M) 27.201ms
[2022-04-29T02:08:04.103+0000][160][gc,cpu      ] GC(57) User=0.00s Sys=0.01s Real=0.02s
[2022-04-29T02:08:04.104+0000][160][safepoint   ] Safepoint "G1CollectForAllocation", Time since last: 10837137630 ns, Reaching safepoint: 179125 ns, At safepoint: 28745333 ns, Total: 28924458 ns
[2022-04-29T02:08:29.135+0000][160][safepoint   ] Safepoint "Cleanup", Time since last: 25035383678 ns, Reaching safepoint: 340917 ns, At safepoint: 12333 ns, Total: 353250 ns
[2022-04-29T02:08:45.187+0000][160][safepoint   ] Safepoint "Cleanup", Time since last: 16052486007 ns, Reaching safepoint: 585625 ns, At safepoint: 20833 ns, Total: 606458 ns
[2022-04-29T02:08:47.217+0000][160][safepoint   ] Safepoint "Cleanup", Time since last: 2029059876 ns, Reaching safepoint: 443500 ns, At safepoint: 12750 ns, Total: 456250 ns
[2022-04-29T02:08:53.232+0000][160][safepoint   ] Safepoint "Cleanup", Time since last: 6015118420 ns, Reaching safepoint: 316875 ns, At safepoint: 8625 ns, Total: 325500 ns
[2022-04-29T02:08:55.243+0000][160][safepoint   ] Safepoint "Cleanup", Time since last: 2010505209 ns, Reaching safepoint: 75042 ns, At safepoint: 3875 ns, Total: 78917 ns
[2022-04-29T02:09:05.260+0000][160][safepoint   ] Safepoint "Cleanup", Time since last: 10016604421 ns, Reaching safepoint: 526542 ns, At safepoint: 11125 ns, Total: 537667 ns
[2022-04-29T02:09:10.277+0000][160][safepoint   ] Safepoint "Cleanup", Time since last: 5017212377 ns, Reaching safepoint: 77875 ns, At safepoint: 3917 ns, Total: 81792 ns
[2022-04-29T02:09:16.283+0000][160][safepoint   ] Safepoint "Cleanup", Time since last: 6006950460 ns, Reaching safepoint: 70875 ns, At safepoint: 3500 ns, Total: 74375 ns
[2022-04-29T02:09:23.301+0000][160][safepoint   ] Safepoint "Cleanup", Time since last: 7017571462 ns, Reaching safepoint: 77208 ns, At safepoint: 2834 ns, Total: 80042 ns
[2022-04-29T02:09:25.307+0000][160][safepoint   ] Safepoint "Cleanup", Time since last: 2005793417 ns, Reaching safepoint: 206125 ns, At safepoint: 9709 ns, Total: 215834 ns
[2022-04-29T02:09:28.046+0000][160][gc,start    ] GC(58) Pause Young (Normal) (G1 Evacuation Pause)
[2022-04-29T02:09:28.047+0000][160][gc,task     ] GC(58) Using 5 workers of 5 for evacuation
[2022-04-29T02:09:28.048+0000][160][gc,age      ] GC(58) Desired survivor size 20971520 bytes, new threshold 15 (max threshold 15)
[2022-04-29T02:09:28.051+0000][160][gc,age      ] GC(58) Age table with threshold 15 (max threshold 15)
[2022-04-29T02:09:28.052+0000][160][gc,age      ] GC(58) - age   1:    1568232 bytes,    1568232 total
[2022-04-29T02:09:28.053+0000][160][gc,age      ] GC(58) - age   2:      38120 bytes,    1606352 total
[2022-04-29T02:09:28.053+0000][160][gc,age      ] GC(58) - age   3:       8896 bytes,    1615248 total
[2022-04-29T02:09:28.054+0000][160][gc,age      ] GC(58) - age   4:      18256 bytes,    1633504 total
[2022-04-29T02:09:28.055+0000][160][gc,age      ] GC(58) - age   5:       3072 bytes,    1636576 total
[2022-04-29T02:09:28.055+0000][160][gc,age      ] GC(58) - age   6:       6096 bytes,    1642672 total
[2022-04-29T02:09:28.056+0000][160][gc,age      ] GC(58) - age   7:       1872 bytes,    1644544 total
[2022-04-29T02:09:28.056+0000][160][gc,age      ] GC(58) - age   8:       4688 bytes,    1649232 total
[2022-04-29T02:09:28.057+0000][160][gc,age      ] GC(58) - age   9:       5160 bytes,    1654392 total
[2022-04-29T02:09:28.058+0000][160][gc,age      ] GC(58) - age  10:       5400 bytes,    1659792 total
[2022-04-29T02:09:28.060+0000][160][gc,age      ] GC(58) - age  11:       5440 bytes,    1665232 total
[2022-04-29T02:09:28.061+0000][160][gc,age      ] GC(58) - age  12:      11008 bytes,    1676240 total
[2022-04-29T02:09:28.061+0000][160][gc,age      ] GC(58) - age  13:       5008 bytes,    1681248 total
[2022-04-29T02:09:28.062+0000][160][gc,age      ] GC(58) - age  14:       3064 bytes,    1684312 total
[2022-04-29T02:09:28.063+0000][160][gc,age      ] GC(58) - age  15:       2600 bytes,    1686912 total
[2022-04-29T02:09:28.064+0000][160][gc,phases   ] GC(58)   Pre Evacuate Collection Set: 0.1ms
[2022-04-29T02:09:28.065+0000][160][gc,phases   ] GC(58)   Merge Heap Roots: 0.0ms
[2022-04-29T02:09:28.065+0000][160][gc,phases   ] GC(58)   Evacuate Collection Set: 1.2ms
[2022-04-29T02:09:28.066+0000][160][gc,phases   ] GC(58)   Post Evacuate Collection Set: 0.9ms
[2022-04-29T02:09:28.067+0000][160][gc,phases   ] GC(58)   Other: 16.1ms
[2022-04-29T02:09:28.068+0000][160][gc,heap     ] GC(58) Eden regions: 75->0(75)
[2022-04-29T02:09:28.068+0000][160][gc,heap     ] GC(58) Survivor regions: 1->1(10)
[2022-04-29T02:09:28.069+0000][160][gc,heap     ] GC(58) Old regions: 21->21
[2022-04-29T02:09:28.069+0000][160][gc,heap     ] GC(58) Archive regions: 2->2
[2022-04-29T02:09:28.070+0000][160][gc,heap     ] GC(58) Humongous regions: 6->6
[2022-04-29T02:09:28.071+0000][160][gc,metaspace] GC(58) Metaspace: 116475K(118208K)->116475K(118208K) NonClass: 100984K(102016K)->100984K(102016K) Class: 15491K(16192K)->15491K(16192K)
[2022-04-29T02:09:28.071+0000][160][gc          ] GC(58) Pause Young (Normal) (G1 Evacuation Pause) 413M->113M(512M) 25.695ms
[2022-04-29T02:09:28.072+0000][160][gc,cpu      ] GC(58) User=0.00s Sys=0.00s Real=0.03s
[2022-04-29T02:09:28.072+0000][160][safepoint   ] Safepoint "G1CollectForAllocation", Time since last: 2738735876 ns, Reaching safepoint: 40333 ns, At safepoint: 26746334 ns, Total: 26786667 ns
[2022-04-29T02:09:29.073+0000][160][safepoint   ] Safepoint "Cleanup", Time since last: 1000732833 ns, Reaching safepoint: 230125 ns, At safepoint: 5167 ns, Total: 235292 ns
[2022-04-29T02:09:45.121+0000][160][safepoint   ] Safepoint "Cleanup", Time since last: 16046427549 ns, Reaching safepoint: 463042 ns, At safepoint: 14333 ns, Total: 477375 ns
[2022-04-29T02:09:59.159+0000][160][safepoint   ] Safepoint "Cleanup", Time since last: 14037446882 ns, Reaching safepoint: 158250 ns, At safepoint: 4291 ns, Total: 162541 ns
[2022-04-29T02:10:04.173+0000][160][safepoint   ] Safepoint "Cleanup", Time since last: 5013874586 ns, Reaching safepoint: 201292 ns, At safepoint: 4125 ns, Total: 205417 ns
[2022-04-29T02:10:22.194+0000][160][safepoint   ] Safepoint "Cleanup", Time since last: 18021687383 ns, Reaching safepoint: 129875 ns, At safepoint: 8708 ns, Total: 138583 ns
[2022-04-29T02:10:23.198+0000][160][safepoint   ] Safepoint "Cleanup", Time since last: 1004262209 ns, Reaching safepoint: 99000 ns, At safepoint: 4084 ns, Total: 103084 ns
[2022-04-29T02:10:50.354+0000][160][gc,start    ] GC(59) Pause Young (Normal) (G1 Evacuation Pause)
[2022-04-29T02:10:50.355+0000][160][gc,task     ] GC(59) Using 5 workers of 5 for evacuation
[2022-04-29T02:10:50.357+0000][160][gc,age      ] GC(59) Desired survivor size 20971520 bytes, new threshold 15 (max threshold 15)
[2022-04-29T02:10:50.361+0000][160][gc,age      ] GC(59) Age table with threshold 15 (max threshold 15)
[2022-04-29T02:10:50.362+0000][160][gc,age      ] GC(59) - age   1:    1435224 bytes,    1435224 total
[2022-04-29T02:10:50.363+0000][160][gc,age      ] GC(59) - age   2:       4928 bytes,    1440152 total
[2022-04-29T02:10:50.364+0000][160][gc,age      ] GC(59) - age   3:      36504 bytes,    1476656 total
[2022-04-29T02:10:50.365+0000][160][gc,age      ] GC(59) - age   4:       8088 bytes,    1484744 total
[2022-04-29T02:10:50.366+0000][160][gc,age      ] GC(59) - age   5:      18096 bytes,    1502840 total
[2022-04-29T02:10:50.369+0000][160][gc,age      ] GC(59) - age   6:       3008 bytes,    1505848 total
[2022-04-29T02:10:50.370+0000][160][gc,age      ] GC(59) - age   7:       6096 bytes,    1511944 total
[2022-04-29T02:10:50.371+0000][160][gc,age      ] GC(59) - age   8:       1872 bytes,    1513816 total
[2022-04-29T02:10:50.371+0000][160][gc,age      ] GC(59) - age   9:       4488 bytes,    1518304 total
[2022-04-29T02:10:50.372+0000][160][gc,age      ] GC(59) - age  10:       5160 bytes,    1523464 total
[2022-04-29T02:10:50.373+0000][160][gc,age      ] GC(59) - age  11:       5296 bytes,    1528760 total
[2022-04-29T02:10:50.374+0000][160][gc,age      ] GC(59) - age  12:       5440 bytes,    1534200 total
[2022-04-29T02:10:50.375+0000][160][gc,age      ] GC(59) - age  13:      11008 bytes,    1545208 total
[2022-04-29T02:10:50.376+0000][160][gc,age      ] GC(59) - age  14:       5008 bytes,    1550216 total
[2022-04-29T02:10:50.376+0000][160][gc,age      ] GC(59) - age  15:       3064 bytes,    1553280 total
[2022-04-29T02:10:50.377+0000][160][gc,phases   ] GC(59)   Pre Evacuate Collection Set: 0.1ms
[2022-04-29T02:10:50.378+0000][160][gc,phases   ] GC(59)   Merge Heap Roots: 0.0ms
[2022-04-29T02:10:50.379+0000][160][gc,phases   ] GC(59)   Evacuate Collection Set: 1.6ms
[2022-04-29T02:10:50.380+0000][160][gc,phases   ] GC(59)   Post Evacuate Collection Set: 1.0ms
[2022-04-29T02:10:50.381+0000][160][gc,phases   ] GC(59)   Other: 20.9ms
[2022-04-29T02:10:50.382+0000][160][gc,heap     ] GC(59) Eden regions: 75->0(75)
[2022-04-29T02:10:50.383+0000][160][gc,heap     ] GC(59) Survivor regions: 1->1(10)
[2022-04-29T02:10:50.384+0000][160][gc,heap     ] GC(59) Old regions: 21->21
[2022-04-29T02:10:50.385+0000][160][gc,heap     ] GC(59) Archive regions: 2->2
[2022-04-29T02:10:50.386+0000][160][gc,heap     ] GC(59) Humongous regions: 6->6
[2022-04-29T02:10:50.387+0000][160][gc,metaspace] GC(59) Metaspace: 116482K(118208K)->116482K(118208K) NonClass: 100989K(102016K)->100989K(102016K) Class: 15492K(16192K)->15492K(16192K)
[2022-04-29T02:10:50.388+0000][160][gc          ] GC(59) Pause Young (Normal) (G1 Evacuation Pause) 413M->113M(512M) 34.351ms
[2022-04-29T02:10:50.389+0000][160][gc,cpu      ] GC(59) User=0.01s Sys=0.01s Real=0.04s
[2022-04-29T02:10:50.390+0000][160][safepoint   ] Safepoint "G1CollectForAllocation", Time since last: 27158075054 ns, Reaching safepoint: 89875 ns, At safepoint: 36437583 ns, Total: 36527458 ns
[2022-04-29T02:11:10.428+0000][160][safepoint   ] Safepoint "Cleanup", Time since last: 20037745135 ns, Reaching safepoint: 441375 ns, At safepoint: 5500 ns, Total: 446875 ns
[2022-04-29T02:11:11.431+0000][160][safepoint   ] Safepoint "Cleanup", Time since last: 1001985667 ns, Reaching safepoint: 206000 ns, At safepoint: 9750 ns, Total: 215750 ns
[2022-04-29T02:11:12.439+0000][160][safepoint   ] Safepoint "Cleanup", Time since last: 1008382667 ns, Reaching safepoint: 513458 ns, At safepoint: 17042 ns, Total: 530500 ns
[2022-04-29T02:11:22.467+0000][160][safepoint   ] Safepoint "Cleanup", Time since last: 10031421629 ns, Reaching safepoint: 96292 ns, At safepoint: 12333 ns, Total: 108625 ns
[2022-04-29T02:11:28.483+0000][160][safepoint   ] Safepoint "Cleanup", Time since last: 6016654211 ns, Reaching safepoint: 164917 ns, At safepoint: 5167 ns, Total: 170084 ns
[2022-04-29T02:11:45.519+0000][160][safepoint   ] Safepoint "Cleanup", Time since last: 17033302133 ns, Reaching safepoint: 292041 ns, At safepoint: 16084 ns, Total: 308125 ns
[2022-04-29T02:11:46.529+0000][160][safepoint   ] Safepoint "Cleanup", Time since last: 1009114667 ns, Reaching safepoint: 239666 ns, At safepoint: 15042 ns, Total: 254708 ns
[2022-04-29T02:12:06.581+0000][160][safepoint   ] Safepoint "Cleanup", Time since last: 20051492968 ns, Reaching safepoint: 590792 ns, At safepoint: 18958 ns, Total: 609750 ns
[2022-04-29T02:12:09.593+0000][160][safepoint   ] Safepoint "Cleanup", Time since last: 3011563126 ns, Reaching safepoint: 291042 ns, At safepoint: 14375 ns, Total: 305417 ns
[2022-04-29T02:12:10.331+0000][160][gc,start    ] GC(60) Pause Young (Normal) (G1 Evacuation Pause)
[2022-04-29T02:12:10.332+0000][160][gc,task     ] GC(60) Using 5 workers of 5 for evacuation
[2022-04-29T02:12:10.333+0000][160][gc,age      ] GC(60) Desired survivor size 20971520 bytes, new threshold 15 (max threshold 15)
[2022-04-29T02:12:10.336+0000][160][gc,age      ] GC(60) Age table with threshold 15 (max threshold 15)
[2022-04-29T02:12:10.337+0000][160][gc,age      ] GC(60) - age   1:     818720 bytes,     818720 total
[2022-04-29T02:12:10.338+0000][160][gc,age      ] GC(60) - age   2:      10208 bytes,     828928 total
[2022-04-29T02:12:10.339+0000][160][gc,age      ] GC(60) - age   3:       2984 bytes,     831912 total
[2022-04-29T02:12:10.339+0000][160][gc,age      ] GC(60) - age   4:      35992 bytes,     867904 total
[2022-04-29T02:12:10.340+0000][160][gc,age      ] GC(60) - age   5:       7960 bytes,     875864 total
[2022-04-29T02:12:10.341+0000][160][gc,age      ] GC(60) - age   6:       1944 bytes,     877808 total
[2022-04-29T02:12:10.341+0000][160][gc,age      ] GC(60) - age   7:       3008 bytes,     880816 total
[2022-04-29T02:12:10.342+0000][160][gc,age      ] GC(60) - age   8:       6096 bytes,     886912 total
[2022-04-29T02:12:10.343+0000][160][gc,age      ] GC(60) - age   9:       1872 bytes,     888784 total
[2022-04-29T02:12:10.343+0000][160][gc,age      ] GC(60) - age  10:       4488 bytes,     893272 total
[2022-04-29T02:12:10.344+0000][160][gc,age      ] GC(60) - age  11:       5160 bytes,     898432 total
[2022-04-29T02:12:10.345+0000][160][gc,age      ] GC(60) - age  12:       5296 bytes,     903728 total
[2022-04-29T02:12:10.345+0000][160][gc,age      ] GC(60) - age  13:       5440 bytes,     909168 total
[2022-04-29T02:12:10.346+0000][160][gc,age      ] GC(60) - age  14:      11008 bytes,     920176 total
[2022-04-29T02:12:10.346+0000][160][gc,age      ] GC(60) - age  15:       5008 bytes,     925184 total
[2022-04-29T02:12:10.347+0000][160][gc,phases   ] GC(60)   Pre Evacuate Collection Set: 0.3ms
[2022-04-29T02:12:10.347+0000][160][gc,phases   ] GC(60)   Merge Heap Roots: 0.3ms
[2022-04-29T02:12:10.348+0000][160][gc,phases   ] GC(60)   Evacuate Collection Set: 1.1ms
[2022-04-29T02:12:10.349+0000][160][gc,phases   ] GC(60)   Post Evacuate Collection Set: 1.2ms
[2022-04-29T02:12:10.349+0000][160][gc,phases   ] GC(60)   Other: 13.5ms
[2022-04-29T02:12:10.350+0000][160][gc,heap     ] GC(60) Eden regions: 75->0(75)
[2022-04-29T02:12:10.351+0000][160][gc,heap     ] GC(60) Survivor regions: 1->1(10)
[2022-04-29T02:12:10.352+0000][160][gc,heap     ] GC(60) Old regions: 21->21
[2022-04-29T02:12:10.352+0000][160][gc,heap     ] GC(60) Archive regions: 2->2
[2022-04-29T02:12:10.353+0000][160][gc,heap     ] GC(60) Humongous regions: 6->6
[2022-04-29T02:12:10.353+0000][160][gc,metaspace] GC(60) Metaspace: 116495K(118208K)->116495K(118208K) NonClass: 101002K(102016K)->101002K(102016K) Class: 15492K(16192K)->15492K(16192K)
[2022-04-29T02:12:10.354+0000][160][gc          ] GC(60) Pause Young (Normal) (G1 Evacuation Pause) 413M->112M(512M) 23.246ms
[2022-04-29T02:12:10.354+0000][160][gc,cpu      ] GC(60) User=0.01s Sys=0.00s Real=0.03s
[2022-04-29T02:12:10.355+0000][160][safepoint   ] Safepoint "G1CollectForAllocation", Time since last: 737715125 ns, Reaching safepoint: 57334 ns, At safepoint: 24583916 ns, Total: 24641250 ns
[2022-04-29T02:12:16.374+0000][160][safepoint   ] Safepoint "Cleanup", Time since last: 6018870961 ns, Reaching safepoint: 123292 ns, At safepoint: 3042 ns, Total: 126334 ns
[2022-04-29T02:12:18.379+0000][160][safepoint   ] Safepoint "Cleanup", Time since last: 2004348917 ns, Reaching safepoint: 475375 ns, At safepoint: 29292 ns, Total: 504667 ns
[2022-04-29T02:12:22.393+0000][160][safepoint   ] Safepoint "Cleanup", Time since last: 4013954877 ns, Reaching safepoint: 148083 ns, At safepoint: 4959 ns, Total: 153042 ns
[2022-04-29T02:12:33.416+0000][160][safepoint   ] Safepoint "Cleanup", Time since last: 11022847088 ns, Reaching safepoint: 352750 ns, At safepoint: 20208 ns, Total: 372958 ns
[2022-04-29T02:12:53.464+0000][160][safepoint   ] Safepoint "Cleanup", Time since last: 20046025384 ns, Reaching safepoint: 4940250 ns, At safepoint: 10834 ns, Total: 4951084 ns
[2022-04-29T02:13:11.512+0000][160][safepoint   ] Safepoint "Cleanup", Time since last: 18047404925 ns, Reaching safepoint: 146792 ns, At safepoint: 4166 ns, Total: 150958 ns
[2022-04-29T02:13:26.544+0000][160][safepoint   ] Safepoint "Cleanup", Time since last: 15031122924 ns, Reaching safepoint: 682416 ns, At safepoint: 16209 ns, Total: 698625 ns
[2022-04-29T02:13:34.224+0000][160][gc,start    ] GC(61) Pause Young (Normal) (G1 Evacuation Pause)
[2022-04-29T02:13:34.225+0000][160][gc,task     ] GC(61) Using 5 workers of 5 for evacuation
[2022-04-29T02:13:34.225+0000][160][gc,age      ] GC(61) Desired survivor size 20971520 bytes, new threshold 15 (max threshold 15)
[2022-04-29T02:13:34.228+0000][160][gc,age      ] GC(61) Age table with threshold 15 (max threshold 15)
[2022-04-29T02:13:34.229+0000][160][gc,age      ] GC(61) - age   1:    1487616 bytes,    1487616 total
[2022-04-29T02:13:34.230+0000][160][gc,age      ] GC(61) - age   2:       3984 bytes,    1491600 total
[2022-04-29T02:13:34.231+0000][160][gc,age      ] GC(61) - age   3:       7328 bytes,    1498928 total
[2022-04-29T02:13:34.231+0000][160][gc,age      ] GC(61) - age   4:       2128 bytes,    1501056 total
[2022-04-29T02:13:34.233+0000][160][gc,age      ] GC(61) - age   5:      35768 bytes,    1536824 total
[2022-04-29T02:13:34.233+0000][160][gc,age      ] GC(61) - age   6:       7960 bytes,    1544784 total
[2022-04-29T02:13:34.234+0000][160][gc,age      ] GC(61) - age   7:       1944 bytes,    1546728 total
[2022-04-29T02:13:34.235+0000][160][gc,age      ] GC(61) - age   8:       2808 bytes,    1549536 total
[2022-04-29T02:13:34.236+0000][160][gc,age      ] GC(61) - age   9:       6096 bytes,    1555632 total
[2022-04-29T02:13:34.237+0000][160][gc,age      ] GC(61) - age  10:       1872 bytes,    1557504 total
[2022-04-29T02:13:34.237+0000][160][gc,age      ] GC(61) - age  11:       4488 bytes,    1561992 total
[2022-04-29T02:13:34.238+0000][160][gc,age      ] GC(61) - age  12:       5160 bytes,    1567152 total
[2022-04-29T02:13:34.239+0000][160][gc,age      ] GC(61) - age  13:       5296 bytes,    1572448 total
[2022-04-29T02:13:34.239+0000][160][gc,age      ] GC(61) - age  14:       5440 bytes,    1577888 total
[2022-04-29T02:13:34.241+0000][160][gc,age      ] GC(61) - age  15:      11008 bytes,    1588896 total
[2022-04-29T02:13:34.243+0000][160][gc,phases   ] GC(61)   Pre Evacuate Collection Set: 0.1ms
[2022-04-29T02:13:34.244+0000][160][gc,phases   ] GC(61)   Merge Heap Roots: 0.1ms
[2022-04-29T02:13:34.245+0000][160][gc,phases   ] GC(61)   Evacuate Collection Set: 1.0ms
[2022-04-29T02:13:34.246+0000][160][gc,phases   ] GC(61)   Post Evacuate Collection Set: 0.8ms
[2022-04-29T02:13:34.247+0000][160][gc,phases   ] GC(61)   Other: 16.3ms
[2022-04-29T02:13:34.248+0000][160][gc,heap     ] GC(61) Eden regions: 75->0(75)
[2022-04-29T02:13:34.249+0000][160][gc,heap     ] GC(61) Survivor regions: 1->1(10)
[2022-04-29T02:13:34.251+0000][160][gc,heap     ] GC(61) Old regions: 21->21
[2022-04-29T02:13:34.251+0000][160][gc,heap     ] GC(61) Archive regions: 2->2
[2022-04-29T02:13:34.252+0000][160][gc,heap     ] GC(61) Humongous regions: 6->6
[2022-04-29T02:13:34.253+0000][160][gc,metaspace] GC(61) Metaspace: 116507K(118208K)->116507K(118208K) NonClass: 101014K(102016K)->101014K(102016K) Class: 15493K(16192K)->15493K(16192K)
[2022-04-29T02:13:34.254+0000][160][gc          ] GC(61) Pause Young (Normal) (G1 Evacuation Pause) 412M->113M(512M) 29.667ms
[2022-04-29T02:13:34.255+0000][160][gc,cpu      ] GC(61) User=0.01s Sys=0.00s Real=0.03s
[2022-04-29T02:13:34.256+0000][160][safepoint   ] Safepoint "G1CollectForAllocation", Time since last: 7680554920 ns, Reaching safepoint: 139542 ns, At safepoint: 31328500 ns, Total: 31468042 ns
[2022-04-29T02:13:35.258+0000][160][safepoint   ] Safepoint "Cleanup", Time since last: 1001743625 ns, Reaching safepoint: 234708 ns, At safepoint: 13167 ns, Total: 247875 ns
[2022-04-29T02:13:40.264+0000][160][safepoint   ] Safepoint "Cleanup", Time since last: 5006241502 ns, Reaching safepoint: 47500 ns, At safepoint: 2042 ns, Total: 49542 ns
[2022-04-29T02:13:42.273+0000][160][safepoint   ] Safepoint "Cleanup", Time since last: 2008522918 ns, Reaching safepoint: 101208 ns, At safepoint: 4125 ns, Total: 105333 ns
[2022-04-29T02:13:45.280+0000][160][safepoint   ] Safepoint "Cleanup", Time since last: 3007378792 ns, Reaching safepoint: 473459 ns, At safepoint: 15833 ns, Total: 489292 ns
[2022-04-29T02:14:11.340+0000][160][safepoint   ] Safepoint "Cleanup", Time since last: 26059050721 ns, Reaching safepoint: 277958 ns, At safepoint: 7000 ns, Total: 284958 ns
[2022-04-29T02:14:12.342+0000][160][safepoint   ] Safepoint "Cleanup", Time since last: 1002403751 ns, Reaching safepoint: 105291 ns, At safepoint: 3042 ns, Total: 108333 ns
[2022-04-29T02:14:23.351+0000][160][safepoint   ] Safepoint "Cleanup", Time since last: 11010385880 ns, Reaching safepoint: 85333 ns, At safepoint: 3625 ns, Total: 88958 ns
[2022-04-29T02:14:28.372+0000][160][safepoint   ] Safepoint "Cleanup", Time since last: 5020179461 ns, Reaching safepoint: 212250 ns, At safepoint: 4375 ns, Total: 216625 ns
[2022-04-29T02:14:30.377+0000][160][safepoint   ] Safepoint "Cleanup", Time since last: 2004563417 ns, Reaching safepoint: 506709 ns, At safepoint: 16000 ns, Total: 522709 ns
[2022-04-29T02:14:35.388+0000][160][safepoint   ] Safepoint "Cleanup", Time since last: 5010671544 ns, Reaching safepoint: 678916 ns, At safepoint: 13417 ns, Total: 692333 ns
[2022-04-29T02:14:36.400+0000][160][safepoint   ] Safepoint "Cleanup", Time since last: 1012246209 ns, Reaching safepoint: 71083 ns, At safepoint: 1959 ns, Total: 73042 ns
[2022-04-29T02:14:37.407+0000][160][safepoint   ] Safepoint "Cleanup", Time since last: 1006196708 ns, Reaching safepoint: 293875 ns, At safepoint: 11000 ns, Total: 304875 ns
[2022-04-29T02:14:40.422+0000][160][safepoint   ] Safepoint "Cleanup", Time since last: 3015311293 ns, Reaching safepoint: 64834 ns, At safepoint: 2750 ns, Total: 67584 ns
[2022-04-29T02:14:45.428+0000][160][safepoint   ] Safepoint "Cleanup", Time since last: 5006506835 ns, Reaching safepoint: 457250 ns, At safepoint: 19042 ns, Total: 476292 ns
[2022-04-29T02:14:58.447+0000][160][gc,start    ] GC(62) Pause Young (Normal) (G1 Evacuation Pause)
[2022-04-29T02:14:58.448+0000][160][gc,task     ] GC(62) Using 5 workers of 5 for evacuation
[2022-04-29T02:14:58.449+0000][160][gc,age      ] GC(62) Desired survivor size 20971520 bytes, new threshold 15 (max threshold 15)
[2022-04-29T02:14:58.451+0000][160][gc,age      ] GC(62) Age table with threshold 15 (max threshold 15)
[2022-04-29T02:14:58.452+0000][160][gc,age      ] GC(62) - age   1:    1826168 bytes,    1826168 total
[2022-04-29T02:14:58.453+0000][160][gc,age      ] GC(62) - age   2:       4448 bytes,    1830616 total
[2022-04-29T02:14:58.453+0000][160][gc,age      ] GC(62) - age   3:       2096 bytes,    1832712 total
[2022-04-29T02:14:58.454+0000][160][gc,age      ] GC(62) - age   4:       6920 bytes,    1839632 total
[2022-04-29T02:14:58.455+0000][160][gc,age      ] GC(62) - age   5:       2000 bytes,    1841632 total
[2022-04-29T02:14:58.455+0000][160][gc,age      ] GC(62) - age   6:      35768 bytes,    1877400 total
[2022-04-29T02:14:58.456+0000][160][gc,age      ] GC(62) - age   7:       7648 bytes,    1885048 total
[2022-04-29T02:14:58.457+0000][160][gc,age      ] GC(62) - age   8:       1944 bytes,    1886992 total
[2022-04-29T02:14:58.457+0000][160][gc,age      ] GC(62) - age   9:       2808 bytes,    1889800 total
[2022-04-29T02:14:58.458+0000][160][gc,age      ] GC(62) - age  10:       6096 bytes,    1895896 total
[2022-04-29T02:14:58.459+0000][160][gc,age      ] GC(62) - age  11:       1872 bytes,    1897768 total
[2022-04-29T02:14:58.459+0000][160][gc,age      ] GC(62) - age  12:       4488 bytes,    1902256 total
[2022-04-29T02:14:58.460+0000][160][gc,age      ] GC(62) - age  13:       5160 bytes,    1907416 total
[2022-04-29T02:14:58.461+0000][160][gc,age      ] GC(62) - age  14:       5296 bytes,    1912712 total
[2022-04-29T02:14:58.462+0000][160][gc,age      ] GC(62) - age  15:       5440 bytes,    1918152 total
[2022-04-29T02:14:58.463+0000][160][gc,phases   ] GC(62)   Pre Evacuate Collection Set: 0.2ms
[2022-04-29T02:14:58.463+0000][160][gc,phases   ] GC(62)   Merge Heap Roots: 0.0ms
[2022-04-29T02:14:58.464+0000][160][gc,phases   ] GC(62)   Evacuate Collection Set: 1.3ms
[2022-04-29T02:14:58.465+0000][160][gc,phases   ] GC(62)   Post Evacuate Collection Set: 0.7ms
[2022-04-29T02:14:58.465+0000][160][gc,phases   ] GC(62)   Other: 13.2ms
[2022-04-29T02:14:58.466+0000][160][gc,heap     ] GC(62) Eden regions: 75->0(75)
[2022-04-29T02:14:58.466+0000][160][gc,heap     ] GC(62) Survivor regions: 1->1(10)
[2022-04-29T02:14:58.467+0000][160][gc,heap     ] GC(62) Old regions: 21->21
[2022-04-29T02:14:58.467+0000][160][gc,heap     ] GC(62) Archive regions: 2->2
[2022-04-29T02:14:58.468+0000][160][gc,heap     ] GC(62) Humongous regions: 6->6
[2022-04-29T02:14:58.468+0000][160][gc,metaspace] GC(62) Metaspace: 116556K(118336K)->116556K(118336K) NonClass: 101061K(102144K)->101061K(102144K) Class: 15494K(16192K)->15494K(16192K)
[2022-04-29T02:14:58.469+0000][160][gc          ] GC(62) Pause Young (Normal) (G1 Evacuation Pause) 413M->113M(512M) 21.951ms
[2022-04-29T02:14:58.470+0000][160][gc,cpu      ] GC(62) User=0.00s Sys=0.00s Real=0.02s
[2022-04-29T02:14:58.471+0000][160][safepoint   ] Safepoint "G1CollectForAllocation", Time since last: 13019548464 ns, Reaching safepoint: 75792 ns, At safepoint: 23528750 ns, Total: 23604542 ns
[2022-04-29T02:15:04.488+0000][160][safepoint   ] Safepoint "Cleanup", Time since last: 6017563628 ns, Reaching safepoint: 62250 ns, At safepoint: 1833 ns, Total: 64083 ns
[2022-04-29T02:15:05.490+0000][160][safepoint   ] Safepoint "Cleanup", Time since last: 1001084292 ns, Reaching safepoint: 108333 ns, At safepoint: 4250 ns, Total: 112583 ns
[2022-04-29T02:15:08.496+0000][160][safepoint   ] Safepoint "Cleanup", Time since last: 3005805960 ns, Reaching safepoint: 159542 ns, At safepoint: 8042 ns, Total: 167584 ns
[2022-04-29T02:15:10.498+0000][160][safepoint   ] Safepoint "Cleanup", Time since last: 2002025251 ns, Reaching safepoint: 229250 ns, At safepoint: 11625 ns, Total: 240875 ns
[2022-04-29T02:15:20.522+0000][160][safepoint   ] Safepoint "Cleanup", Time since last: 10024739670 ns, Reaching safepoint: 396459 ns, At safepoint: 9166 ns, Total: 405625 ns
[2022-04-29T02:15:22.533+0000][160][safepoint   ] Safepoint "Cleanup", Time since last: 2010748835 ns, Reaching safepoint: 189500 ns, At safepoint: 4500 ns, Total: 194000 ns
[2022-04-29T02:15:45.582+0000][160][safepoint   ] Safepoint "Cleanup", Time since last: 23049436968 ns, Reaching safepoint: 521542 ns, At safepoint: 9250 ns, Total: 530792 ns
[2022-04-29T02:15:52.601+0000][160][safepoint   ] Safepoint "Cleanup", Time since last: 7018976753 ns, Reaching safepoint: 67792 ns, At safepoint: 2292 ns, Total: 70084 ns
[2022-04-29T02:16:10.642+0000][160][safepoint   ] Safepoint "Cleanup", Time since last: 18040200383 ns, Reaching safepoint: 148917 ns, At safepoint: 6167 ns, Total: 155084 ns
[2022-04-29T02:16:12.663+0000][160][safepoint   ] Safepoint "Cleanup", Time since last: 2007091834 ns, Reaching safepoint: 14270375 ns, At safepoint: 77542 ns, Total: 14347917 ns
[2022-04-29T02:16:16.290+0000][160][gc,start    ] GC(63) Pause Young (Normal) (G1 Evacuation Pause)
[2022-04-29T02:16:16.291+0000][160][gc,task     ] GC(63) Using 5 workers of 5 for evacuation
[2022-04-29T02:16:16.291+0000][160][gc,age      ] GC(63) Desired survivor size 20971520 bytes, new threshold 15 (max threshold 15)
[2022-04-29T02:16:16.295+0000][160][gc,age      ] GC(63) Age table with threshold 15 (max threshold 15)
[2022-04-29T02:16:16.295+0000][160][gc,age      ] GC(63) - age   1:    1013088 bytes,    1013088 total
[2022-04-29T02:16:16.296+0000][160][gc,age      ] GC(63) - age   2:      10472 bytes,    1023560 total
[2022-04-29T02:16:16.297+0000][160][gc,age      ] GC(63) - age   3:       3392 bytes,    1026952 total
[2022-04-29T02:16:16.298+0000][160][gc,age      ] GC(63) - age   4:       1504 bytes,    1028456 total
[2022-04-29T02:16:16.299+0000][160][gc,age      ] GC(63) - age   5:       6400 bytes,    1034856 total
[2022-04-29T02:16:16.300+0000][160][gc,age      ] GC(63) - age   6:       2000 bytes,    1036856 total
[2022-04-29T02:16:16.300+0000][160][gc,age      ] GC(63) - age   7:      35768 bytes,    1072624 total
[2022-04-29T02:16:16.301+0000][160][gc,age      ] GC(63) - age   8:       7648 bytes,    1080272 total
[2022-04-29T02:16:16.302+0000][160][gc,age      ] GC(63) - age   9:       1728 bytes,    1082000 total
[2022-04-29T02:16:16.302+0000][160][gc,age      ] GC(63) - age  10:       2808 bytes,    1084808 total
[2022-04-29T02:16:16.303+0000][160][gc,age      ] GC(63) - age  11:       6096 bytes,    1090904 total
[2022-04-29T02:16:16.304+0000][160][gc,age      ] GC(63) - age  12:       1872 bytes,    1092776 total
[2022-04-29T02:16:16.304+0000][160][gc,age      ] GC(63) - age  13:       4488 bytes,    1097264 total
[2022-04-29T02:16:16.305+0000][160][gc,age      ] GC(63) - age  14:       5160 bytes,    1102424 total
[2022-04-29T02:16:16.306+0000][160][gc,age      ] GC(63) - age  15:       5296 bytes,    1107720 total
[2022-04-29T02:16:16.306+0000][160][gc,phases   ] GC(63)   Pre Evacuate Collection Set: 0.2ms
[2022-04-29T02:16:16.308+0000][160][gc,phases   ] GC(63)   Merge Heap Roots: 0.1ms
[2022-04-29T02:16:16.309+0000][160][gc,phases   ] GC(63)   Evacuate Collection Set: 1.6ms
[2022-04-29T02:16:16.310+0000][160][gc,phases   ] GC(63)   Post Evacuate Collection Set: 0.7ms
[2022-04-29T02:16:16.310+0000][160][gc,phases   ] GC(63)   Other: 13.5ms
[2022-04-29T02:16:16.311+0000][160][gc,heap     ] GC(63) Eden regions: 75->0(75)
[2022-04-29T02:16:16.311+0000][160][gc,heap     ] GC(63) Survivor regions: 1->1(10)
[2022-04-29T02:16:16.312+0000][160][gc,heap     ] GC(63) Old regions: 21->21
[2022-04-29T02:16:16.313+0000][160][gc,heap     ] GC(63) Archive regions: 2->2
[2022-04-29T02:16:16.313+0000][160][gc,heap     ] GC(63) Humongous regions: 6->6
[2022-04-29T02:16:16.314+0000][160][gc,metaspace] GC(63) Metaspace: 116571K(118336K)->116571K(118336K) NonClass: 101077K(102144K)->101077K(102144K) Class: 15494K(16192K)->15494K(16192K)
[2022-04-29T02:16:16.314+0000][160][gc          ] GC(63) Pause Young (Normal) (G1 Evacuation Pause) 413M->113M(512M) 24.011ms
[2022-04-29T02:16:16.315+0000][160][gc,cpu      ] GC(63) User=0.01s Sys=0.00s Real=0.03s
[2022-04-29T02:16:16.316+0000][160][safepoint   ] Safepoint "G1CollectForAllocation", Time since last: 3627673834 ns, Reaching safepoint: 93542 ns, At safepoint: 25595125 ns, Total: 25688667 ns
[2022-04-29T02:16:36.364+0000][160][safepoint   ] Safepoint "Cleanup", Time since last: 20047416884 ns, Reaching safepoint: 424625 ns, At safepoint: 12959 ns, Total: 437584 ns
[2022-04-29T02:17:40.296+0000][160][gc,start    ] GC(64) Pause Young (Normal) (G1 Evacuation Pause)
[2022-04-29T02:17:40.297+0000][160][gc,task     ] GC(64) Using 5 workers of 5 for evacuation
[2022-04-29T02:17:40.298+0000][160][gc,age      ] GC(64) Desired survivor size 20971520 bytes, new threshold 15 (max threshold 15)
[2022-04-29T02:17:40.301+0000][160][gc,age      ] GC(64) Age table with threshold 15 (max threshold 15)
[2022-04-29T02:17:40.301+0000][160][gc,age      ] GC(64) - age   1:    1468320 bytes,    1468320 total
[2022-04-29T02:17:40.302+0000][160][gc,age      ] GC(64) - age   2:      20568 bytes,    1488888 total
[2022-04-29T02:17:40.303+0000][160][gc,age      ] GC(64) - age   3:       7704 bytes,    1496592 total
[2022-04-29T02:17:40.304+0000][160][gc,age      ] GC(64) - age   4:       2440 bytes,    1499032 total
[2022-04-29T02:17:40.305+0000][160][gc,age      ] GC(64) - age   5:       1440 bytes,    1500472 total
[2022-04-29T02:17:40.305+0000][160][gc,age      ] GC(64) - age   6:       5968 bytes,    1506440 total
[2022-04-29T02:17:40.306+0000][160][gc,age      ] GC(64) - age   7:       1936 bytes,    1508376 total
[2022-04-29T02:17:40.307+0000][160][gc,age      ] GC(64) - age   8:      35768 bytes,    1544144 total
[2022-04-29T02:17:40.307+0000][160][gc,age      ] GC(64) - age   9:       5528 bytes,    1549672 total
[2022-04-29T02:17:40.309+0000][160][gc,age      ] GC(64) - age  10:       1728 bytes,    1551400 total
[2022-04-29T02:17:40.309+0000][160][gc,age      ] GC(64) - age  11:       2808 bytes,    1554208 total
[2022-04-29T02:17:40.310+0000][160][gc,age      ] GC(64) - age  12:       5704 bytes,    1559912 total
[2022-04-29T02:17:40.311+0000][160][gc,age      ] GC(64) - age  13:       1872 bytes,    1561784 total
[2022-04-29T02:17:40.311+0000][160][gc,age      ] GC(64) - age  14:       4488 bytes,    1566272 total
[2022-04-29T02:17:40.312+0000][160][gc,age      ] GC(64) - age  15:       5160 bytes,    1571432 total
[2022-04-29T02:17:40.312+0000][160][gc,phases   ] GC(64)   Pre Evacuate Collection Set: 0.2ms
[2022-04-29T02:17:40.313+0000][160][gc,phases   ] GC(64)   Merge Heap Roots: 0.1ms
[2022-04-29T02:17:40.313+0000][160][gc,phases   ] GC(64)   Evacuate Collection Set: 1.2ms
[2022-04-29T02:17:40.314+0000][160][gc,phases   ] GC(64)   Post Evacuate Collection Set: 0.6ms
[2022-04-29T02:17:40.314+0000][160][gc,phases   ] GC(64)   Other: 13.9ms
[2022-04-29T02:17:40.315+0000][160][gc,heap     ] GC(64) Eden regions: 75->0(75)
[2022-04-29T02:17:40.315+0000][160][gc,heap     ] GC(64) Survivor regions: 1->1(10)
[2022-04-29T02:17:40.316+0000][160][gc,heap     ] GC(64) Old regions: 21->21
[2022-04-29T02:17:40.316+0000][160][gc,heap     ] GC(64) Archive regions: 2->2
[2022-04-29T02:17:40.317+0000][160][gc,heap     ] GC(64) Humongous regions: 6->6
[2022-04-29T02:17:40.318+0000][160][gc,metaspace] GC(64) Metaspace: 116580K(118336K)->116580K(118336K) NonClass: 101085K(102144K)->101085K(102144K) Class: 15495K(16192K)->15495K(16192K)
[2022-04-29T02:17:40.318+0000][160][gc          ] GC(64) Pause Young (Normal) (G1 Evacuation Pause) 412M->113M(512M) 21.820ms
[2022-04-29T02:17:40.319+0000][160][gc,cpu      ] GC(64) User=0.01s Sys=0.00s Real=0.02s
[2022-04-29T02:17:40.320+0000][160][safepoint   ] Safepoint "G1CollectForAllocation", Time since last: 63934407488 ns, Reaching safepoint: 139375 ns, At safepoint: 23409458 ns, Total: 23548833 ns
[2022-04-29T02:17:44.331+0000][160][safepoint   ] Safepoint "Cleanup", Time since last: 4009572418 ns, Reaching safepoint: 176792 ns, At safepoint: 4333 ns, Total: 181125 ns
[2022-04-29T02:17:45.462+0000][160][safepoint   ] Safepoint "Cleanup", Time since last: 1130340001 ns, Reaching safepoint: 1395333 ns, At safepoint: 27542 ns, Total: 1422875 ns
[2022-04-29T02:17:57.483+0000][160][safepoint   ] Safepoint "Cleanup", Time since last: 12020394131 ns, Reaching safepoint: 292958 ns, At safepoint: 11000 ns, Total: 303958 ns
[2022-04-29T02:18:04.493+0000][160][safepoint   ] Safepoint "Cleanup", Time since last: 7009376587 ns, Reaching safepoint: 74333 ns, At safepoint: 4500 ns, Total: 78833 ns
[2022-04-29T02:18:11.504+0000][160][safepoint   ] Safepoint "Cleanup", Time since last: 7010907003 ns, Reaching safepoint: 63542 ns, At safepoint: 2375 ns, Total: 65917 ns
[2022-04-29T02:18:45.540+0000][160][safepoint   ] Safepoint "Cleanup", Time since last: 34039720349 ns, Reaching safepoint: 207375 ns, At safepoint: 20375 ns, Total: 227750 ns
[2022-04-29T02:19:03.586+0000][160][safepoint   ] Safepoint "Cleanup", Time since last: 18045975550 ns, Reaching safepoint: 772459 ns, At safepoint: 14875 ns, Total: 787334 ns
[2022-04-29T02:19:04.464+0000][160][gc,start    ] GC(65) Pause Young (Normal) (G1 Evacuation Pause)
[2022-04-29T02:19:04.465+0000][160][gc,task     ] GC(65) Using 5 workers of 5 for evacuation
[2022-04-29T02:19:04.466+0000][160][gc,age      ] GC(65) Desired survivor size 20971520 bytes, new threshold 15 (max threshold 15)
[2022-04-29T02:19:04.469+0000][160][gc,age      ] GC(65) Age table with threshold 15 (max threshold 15)
[2022-04-29T02:19:04.470+0000][160][gc,age      ] GC(65) - age   1:    1856336 bytes,    1856336 total
[2022-04-29T02:19:04.471+0000][160][gc,age      ] GC(65) - age   2:      17984 bytes,    1874320 total
[2022-04-29T02:19:04.471+0000][160][gc,age      ] GC(65) - age   3:      19008 bytes,    1893328 total
[2022-04-29T02:19:04.472+0000][160][gc,age      ] GC(65) - age   4:       6952 bytes,    1900280 total
[2022-04-29T02:19:04.473+0000][160][gc,age      ] GC(65) - age   5:       2440 bytes,    1902720 total
[2022-04-29T02:19:04.474+0000][160][gc,age      ] GC(65) - age   6:       1440 bytes,    1904160 total
[2022-04-29T02:19:04.475+0000][160][gc,age      ] GC(65) - age   7:       5968 bytes,    1910128 total
[2022-04-29T02:19:04.475+0000][160][gc,age      ] GC(65) - age   8:       1936 bytes,    1912064 total
[2022-04-29T02:19:04.476+0000][160][gc,age      ] GC(65) - age   9:      35768 bytes,    1947832 total
[2022-04-29T02:19:04.477+0000][160][gc,age      ] GC(65) - age  10:       5528 bytes,    1953360 total
[2022-04-29T02:19:04.477+0000][160][gc,age      ] GC(65) - age  11:       1728 bytes,    1955088 total
[2022-04-29T02:19:04.478+0000][160][gc,age      ] GC(65) - age  12:       2808 bytes,    1957896 total
[2022-04-29T02:19:04.479+0000][160][gc,age      ] GC(65) - age  13:       5704 bytes,    1963600 total
[2022-04-29T02:19:04.480+0000][160][gc,age      ] GC(65) - age  14:       1872 bytes,    1965472 total
[2022-04-29T02:19:04.480+0000][160][gc,age      ] GC(65) - age  15:       4104 bytes,    1969576 total
[2022-04-29T02:19:04.481+0000][160][gc,phases   ] GC(65)   Pre Evacuate Collection Set: 0.2ms
[2022-04-29T02:19:04.482+0000][160][gc,phases   ] GC(65)   Merge Heap Roots: 0.2ms
[2022-04-29T02:19:04.483+0000][160][gc,phases   ] GC(65)   Evacuate Collection Set: 1.3ms
[2022-04-29T02:19:04.483+0000][160][gc,phases   ] GC(65)   Post Evacuate Collection Set: 0.9ms
[2022-04-29T02:19:04.484+0000][160][gc,phases   ] GC(65)   Other: 14.6ms
[2022-04-29T02:19:04.484+0000][160][gc,heap     ] GC(65) Eden regions: 75->0(75)
[2022-04-29T02:19:04.485+0000][160][gc,heap     ] GC(65) Survivor regions: 1->1(10)
[2022-04-29T02:19:04.488+0000][160][gc,heap     ] GC(65) Old regions: 21->21
[2022-04-29T02:19:04.490+0000][160][gc,heap     ] GC(65) Archive regions: 2->2
[2022-04-29T02:19:04.491+0000][160][gc,heap     ] GC(65) Humongous regions: 6->6
[2022-04-29T02:19:04.491+0000][160][gc,metaspace] GC(65) Metaspace: 116610K(118336K)->116610K(118336K) NonClass: 101114K(102144K)->101114K(102144K) Class: 15495K(16192K)->15495K(16192K)
[2022-04-29T02:19:04.492+0000][160][gc          ] GC(65) Pause Young (Normal) (G1 Evacuation Pause) 413M->113M(512M) 27.534ms
[2022-04-29T02:19:04.492+0000][160][gc,cpu      ] GC(65) User=0.01s Sys=0.00s Real=0.03s
[2022-04-29T02:19:04.493+0000][160][safepoint   ] Safepoint "G1CollectForAllocation", Time since last: 877367458 ns, Reaching safepoint: 357459 ns, At safepoint: 28829125 ns, Total: 29186584 ns
[2022-04-29T02:19:05.495+0000][160][safepoint   ] Safepoint "Cleanup", Time since last: 1001817083 ns, Reaching safepoint: 66334 ns, At safepoint: 6500 ns, Total: 72834 ns
[2022-04-29T02:19:11.515+0000][160][safepoint   ] Safepoint "Cleanup", Time since last: 6020114503 ns, Reaching safepoint: 267583 ns, At safepoint: 8708 ns, Total: 276291 ns
[2022-04-29T02:19:13.520+0000][160][safepoint   ] Safepoint "Cleanup", Time since last: 2003856501 ns, Reaching safepoint: 621125 ns, At safepoint: 15209 ns, Total: 636334 ns
[2022-04-29T02:19:15.530+0000][160][safepoint   ] Safepoint "Cleanup", Time since last: 2010490000 ns, Reaching safepoint: 472667 ns, At safepoint: 16666 ns, Total: 489333 ns
[2022-04-29T02:19:43.599+0000][160][safepoint   ] Safepoint "Cleanup", Time since last: 28068056472 ns, Reaching safepoint: 480417 ns, At safepoint: 12208 ns, Total: 492625 ns
[2022-04-29T02:19:45.609+0000][160][safepoint   ] Safepoint "Cleanup", Time since last: 2012078375 ns, Reaching safepoint: 465750 ns, At safepoint: 268750 ns, Total: 734500 ns
[2022-04-29T02:20:04.663+0000][160][safepoint   ] Safepoint "Cleanup", Time since last: 19053514759 ns, Reaching safepoint: 315042 ns, At safepoint: 4416 ns, Total: 319458 ns
[2022-04-29T02:20:12.672+0000][160][safepoint   ] Safepoint "Cleanup", Time since last: 8008224254 ns, Reaching safepoint: 224792 ns, At safepoint: 9500 ns, Total: 234292 ns
[2022-04-29T02:20:13.690+0000][160][safepoint   ] Safepoint "Cleanup", Time since last: 1017653292 ns, Reaching safepoint: 291042 ns, At safepoint: 8708 ns, Total: 299750 ns
[2022-04-29T02:20:22.314+0000][160][gc,start    ] GC(66) Pause Young (Normal) (G1 Evacuation Pause)
[2022-04-29T02:20:22.315+0000][160][gc,task     ] GC(66) Using 5 workers of 5 for evacuation
[2022-04-29T02:20:22.317+0000][160][gc,age      ] GC(66) Desired survivor size 20971520 bytes, new threshold 15 (max threshold 15)
[2022-04-29T02:20:22.320+0000][160][gc,age      ] GC(66) Age table with threshold 15 (max threshold 15)
[2022-04-29T02:20:22.321+0000][160][gc,age      ] GC(66) - age   1:    1127440 bytes,    1127440 total
[2022-04-29T02:20:22.322+0000][160][gc,age      ] GC(66) - age   2:     250400 bytes,    1377840 total
[2022-04-29T02:20:22.323+0000][160][gc,age      ] GC(66) - age   3:      15360 bytes,    1393200 total
[2022-04-29T02:20:22.324+0000][160][gc,age      ] GC(66) - age   4:      18816 bytes,    1412016 total
[2022-04-29T02:20:22.325+0000][160][gc,age      ] GC(66) - age   5:       6952 bytes,    1418968 total
[2022-04-29T02:20:22.325+0000][160][gc,age      ] GC(66) - age   6:       2440 bytes,    1421408 total
[2022-04-29T02:20:22.326+0000][160][gc,age      ] GC(66) - age   7:       1440 bytes,    1422848 total
[2022-04-29T02:20:22.327+0000][160][gc,age      ] GC(66) - age   8:       5904 bytes,    1428752 total
[2022-04-29T02:20:22.328+0000][160][gc,age      ] GC(66) - age   9:       1872 bytes,    1430624 total
[2022-04-29T02:20:22.328+0000][160][gc,age      ] GC(66) - age  10:      35768 bytes,    1466392 total
[2022-04-29T02:20:22.329+0000][160][gc,age      ] GC(66) - age  11:       5528 bytes,    1471920 total
[2022-04-29T02:20:22.330+0000][160][gc,age      ] GC(66) - age  12:       1728 bytes,    1473648 total
[2022-04-29T02:20:22.330+0000][160][gc,age      ] GC(66) - age  13:       2808 bytes,    1476456 total
[2022-04-29T02:20:22.331+0000][160][gc,age      ] GC(66) - age  14:       5704 bytes,    1482160 total
[2022-04-29T02:20:22.332+0000][160][gc,age      ] GC(66) - age  15:       1872 bytes,    1484032 total
[2022-04-29T02:20:22.332+0000][160][gc,phases   ] GC(66)   Pre Evacuate Collection Set: 0.2ms
[2022-04-29T02:20:22.333+0000][160][gc,phases   ] GC(66)   Merge Heap Roots: 0.2ms
[2022-04-29T02:20:22.334+0000][160][gc,phases   ] GC(66)   Evacuate Collection Set: 1.4ms
[2022-04-29T02:20:22.334+0000][160][gc,phases   ] GC(66)   Post Evacuate Collection Set: 0.9ms
[2022-04-29T02:20:22.335+0000][160][gc,phases   ] GC(66)   Other: 15.7ms
[2022-04-29T02:20:22.336+0000][160][gc,heap     ] GC(66) Eden regions: 75->0(75)
[2022-04-29T02:20:22.336+0000][160][gc,heap     ] GC(66) Survivor regions: 1->1(10)
[2022-04-29T02:20:22.337+0000][160][gc,heap     ] GC(66) Old regions: 21->21
[2022-04-29T02:20:22.338+0000][160][gc,heap     ] GC(66) Archive regions: 2->2
[2022-04-29T02:20:22.339+0000][160][gc,heap     ] GC(66) Humongous regions: 6->6
[2022-04-29T02:20:22.339+0000][160][gc,metaspace] GC(66) Metaspace: 116673K(118336K)->116673K(118336K) NonClass: 101177K(102144K)->101177K(102144K) Class: 15495K(16192K)->15495K(16192K)
[2022-04-29T02:20:22.340+0000][160][gc          ] GC(66) Pause Young (Normal) (G1 Evacuation Pause) 413M->113M(512M) 25.925ms
[2022-04-29T02:20:22.340+0000][160][gc,cpu      ] GC(66) User=0.00s Sys=0.00s Real=0.03s
[2022-04-29T02:20:22.341+0000][160][safepoint   ] Safepoint "G1CollectForAllocation", Time since last: 8623270962 ns, Reaching safepoint: 444792 ns, At safepoint: 27118958 ns, Total: 27563750 ns
[2022-04-29T02:20:35.370+0000][160][safepoint   ] Safepoint "Cleanup", Time since last: 13028502048 ns, Reaching safepoint: 237292 ns, At safepoint: 12750 ns, Total: 250042 ns
[2022-04-29T02:20:43.387+0000][160][safepoint   ] Safepoint "Cleanup", Time since last: 8016801170 ns, Reaching safepoint: 238042 ns, At safepoint: 7292 ns, Total: 245334 ns
[2022-04-29T02:20:45.397+0000][160][safepoint   ] Safepoint "Cleanup", Time since last: 2011139541 ns, Reaching safepoint: 456000 ns, At safepoint: 20000 ns, Total: 476000 ns
[2022-04-29T02:20:47.408+0000][160][safepoint   ] Safepoint "Cleanup", Time since last: 2010117334 ns, Reaching safepoint: 1167625 ns, At safepoint: 19500 ns, Total: 1187125 ns
[2022-04-29T02:21:04.445+0000][160][safepoint   ] Safepoint "Cleanup", Time since last: 17036400634 ns, Reaching safepoint: 731083 ns, At safepoint: 22125 ns, Total: 753208 ns
[2022-04-29T02:21:08.455+0000][160][safepoint   ] Safepoint "Cleanup", Time since last: 4010148502 ns, Reaching safepoint: 91083 ns, At safepoint: 2625 ns, Total: 93708 ns
[2022-04-29T02:21:18.478+0000][160][safepoint   ] Safepoint "Cleanup", Time since last: 10020642630 ns, Reaching safepoint: 384666 ns, At safepoint: 8000 ns, Total: 392666 ns
[2022-04-29T02:21:23.501+0000][160][safepoint   ] Safepoint "Cleanup", Time since last: 5023220044 ns, Reaching safepoint: 235667 ns, At safepoint: 5708 ns, Total: 241375 ns
[2022-04-29T02:21:33.520+0000][160][safepoint   ] Safepoint "Cleanup", Time since last: 10018852713 ns, Reaching safepoint: 286334 ns, At safepoint: 6583 ns, Total: 292917 ns
[2022-04-29T02:21:40.306+0000][160][gc,start    ] GC(67) Pause Young (Normal) (G1 Evacuation Pause)
[2022-04-29T02:21:40.309+0000][160][gc,task     ] GC(67) Using 5 workers of 5 for evacuation
[2022-04-29T02:21:40.312+0000][160][gc,age      ] GC(67) Desired survivor size 20971520 bytes, new threshold 15 (max threshold 15)
[2022-04-29T02:21:40.319+0000][160][gc,age      ] GC(67) Age table with threshold 15 (max threshold 15)
[2022-04-29T02:21:40.321+0000][160][gc,age      ] GC(67) - age   1:    1301856 bytes,    1301856 total
[2022-04-29T02:21:40.322+0000][160][gc,age      ] GC(67) - age   2:      11160 bytes,    1313016 total
[2022-04-29T02:21:40.324+0000][160][gc,age      ] GC(67) - age   3:     245360 bytes,    1558376 total
[2022-04-29T02:21:40.326+0000][160][gc,age      ] GC(67) - age   4:      15040 bytes,    1573416 total
[2022-04-29T02:21:40.328+0000][160][gc,age      ] GC(67) - age   5:      18608 bytes,    1592024 total
[2022-04-29T02:21:40.330+0000][160][gc,age      ] GC(67) - age   6:       6576 bytes,    1598600 total
[2022-04-29T02:21:40.331+0000][160][gc,age      ] GC(67) - age   7:       2440 bytes,    1601040 total
[2022-04-29T02:21:40.332+0000][160][gc,age      ] GC(67) - age   8:       1440 bytes,    1602480 total
[2022-04-29T02:21:40.334+0000][160][gc,age      ] GC(67) - age   9:       5704 bytes,    1608184 total
[2022-04-29T02:21:40.335+0000][160][gc,age      ] GC(67) - age  10:       1872 bytes,    1610056 total
[2022-04-29T02:21:40.337+0000][160][gc,age      ] GC(67) - age  11:      35768 bytes,    1645824 total
[2022-04-29T02:21:40.338+0000][160][gc,age      ] GC(67) - age  12:       5528 bytes,    1651352 total
[2022-04-29T02:21:40.339+0000][160][gc,age      ] GC(67) - age  13:       1728 bytes,    1653080 total
[2022-04-29T02:21:40.340+0000][160][gc,age      ] GC(67) - age  14:       2808 bytes,    1655888 total
[2022-04-29T02:21:40.342+0000][160][gc,age      ] GC(67) - age  15:       5704 bytes,    1661592 total
[2022-04-29T02:21:40.344+0000][160][gc,phases   ] GC(67)   Pre Evacuate Collection Set: 0.3ms
[2022-04-29T02:21:40.345+0000][160][gc,phases   ] GC(67)   Merge Heap Roots: 0.5ms
[2022-04-29T02:21:40.346+0000][160][gc,phases   ] GC(67)   Evacuate Collection Set: 3.1ms
[2022-04-29T02:21:40.347+0000][160][gc,phases   ] GC(67)   Post Evacuate Collection Set: 2.1ms
[2022-04-29T02:21:40.348+0000][160][gc,phases   ] GC(67)   Other: 31.9ms
[2022-04-29T02:21:40.350+0000][160][gc,heap     ] GC(67) Eden regions: 75->0(75)
[2022-04-29T02:21:40.351+0000][160][gc,heap     ] GC(67) Survivor regions: 1->1(10)
[2022-04-29T02:21:40.352+0000][160][gc,heap     ] GC(67) Old regions: 21->21
[2022-04-29T02:21:40.352+0000][160][gc,heap     ] GC(67) Archive regions: 2->2
[2022-04-29T02:21:40.353+0000][160][gc,heap     ] GC(67) Humongous regions: 6->6
[2022-04-29T02:21:40.354+0000][160][gc,metaspace] GC(67) Metaspace: 116691K(118400K)->116691K(118400K) NonClass: 101196K(102208K)->101196K(102208K) Class: 15495K(16192K)->15495K(16192K)
[2022-04-29T02:21:40.355+0000][160][gc          ] GC(67) Pause Young (Normal) (G1 Evacuation Pause) 413M->113M(512M) 49.208ms
[2022-04-29T02:21:40.357+0000][160][gc,cpu      ] GC(67) User=0.01s Sys=0.00s Real=0.05s
[2022-04-29T02:21:40.358+0000][160][safepoint   ] Safepoint "G1CollectForAllocation", Time since last: 6785309253 ns, Reaching safepoint: 390334 ns, At safepoint: 52124625 ns, Total: 52514959 ns
[2022-04-29T02:21:45.364+0000][160][safepoint   ] Safepoint "Cleanup", Time since last: 5009312834 ns, Reaching safepoint: 650542 ns, At safepoint: 23167 ns, Total: 673709 ns
[2022-04-29T02:21:46.372+0000][160][safepoint   ] Safepoint "Cleanup", Time since last: 1007535375 ns, Reaching safepoint: 223542 ns, At safepoint: 3958 ns, Total: 227500 ns
[2022-04-29T02:22:04.397+0000][160][safepoint   ] Safepoint "Cleanup", Time since last: 18025127301 ns, Reaching safepoint: 354916 ns, At safepoint: 3917 ns, Total: 358833 ns
[2022-04-29T02:22:08.439+0000][160][safepoint   ] Safepoint "Cleanup", Time since last: 4041690877 ns, Reaching safepoint: 258500 ns, At safepoint: 5541 ns, Total: 264041 ns
[2022-04-29T02:22:11.449+0000][160][safepoint   ] Safepoint "Cleanup", Time since last: 3009759085 ns, Reaching safepoint: 489500 ns, At safepoint: 12792 ns, Total: 502292 ns
[2022-04-29T02:22:45.525+0000][160][safepoint   ] Safepoint "Cleanup", Time since last: 34072357349 ns, Reaching safepoint: 436750 ns, At safepoint: 12750 ns, Total: 449500 ns
[2022-04-29T02:22:47.532+0000][160][safepoint   ] Safepoint "Cleanup", Time since last: 2007306167 ns, Reaching safepoint: 282917 ns, At safepoint: 7250 ns, Total: 290167 ns
[2022-04-29T02:22:58.545+0000][160][safepoint   ] Safepoint "Cleanup", Time since last: 11012292089 ns, Reaching safepoint: 62666 ns, At safepoint: 4875 ns, Total: 67541 ns
[2022-04-29T02:22:59.545+0000][160][safepoint   ] Safepoint "Cleanup", Time since last: 1000699418 ns, Reaching safepoint: 148791 ns, At safepoint: 4542 ns, Total: 153333 ns
[2022-04-29T02:23:04.649+0000][160][gc,start    ] GC(68) Pause Young (Normal) (G1 Evacuation Pause)
[2022-04-29T02:23:04.650+0000][160][gc,task     ] GC(68) Using 5 workers of 5 for evacuation
[2022-04-29T02:23:04.650+0000][160][gc,age      ] GC(68) Desired survivor size 20971520 bytes, new threshold 15 (max threshold 15)
[2022-04-29T02:23:04.653+0000][160][gc,age      ] GC(68) Age table with threshold 15 (max threshold 15)
[2022-04-29T02:23:04.654+0000][160][gc,age      ] GC(68) - age   1:    2298480 bytes,    2298480 total
[2022-04-29T02:23:04.655+0000][160][gc,age      ] GC(68) - age   2:       6832 bytes,    2305312 total
[2022-04-29T02:23:04.655+0000][160][gc,age      ] GC(68) - age   3:       5800 bytes,    2311112 total
[2022-04-29T02:23:04.656+0000][160][gc,age      ] GC(68) - age   4:     110672 bytes,    2421784 total
[2022-04-29T02:23:04.656+0000][160][gc,age      ] GC(68) - age   5:      14912 bytes,    2436696 total
[2022-04-29T02:23:04.657+0000][160][gc,age      ] GC(68) - age   6:       2392 bytes,    2439088 total
[2022-04-29T02:23:04.658+0000][160][gc,age      ] GC(68) - age   7:       6384 bytes,    2445472 total
[2022-04-29T02:23:04.658+0000][160][gc,age      ] GC(68) - age   8:       2440 bytes,    2447912 total
[2022-04-29T02:23:04.659+0000][160][gc,age      ] GC(68) - age   9:       1440 bytes,    2449352 total
[2022-04-29T02:23:04.660+0000][160][gc,age      ] GC(68) - age  10:       5704 bytes,    2455056 total
[2022-04-29T02:23:04.660+0000][160][gc,age      ] GC(68) - age  11:       1872 bytes,    2456928 total
[2022-04-29T02:23:04.661+0000][160][gc,age      ] GC(68) - age  12:      35768 bytes,    2492696 total
[2022-04-29T02:23:04.662+0000][160][gc,age      ] GC(68) - age  13:       5528 bytes,    2498224 total
[2022-04-29T02:23:04.662+0000][160][gc,age      ] GC(68) - age  14:       1728 bytes,    2499952 total
[2022-04-29T02:23:04.663+0000][160][gc,age      ] GC(68) - age  15:       2808 bytes,    2502760 total
[2022-04-29T02:23:04.663+0000][160][gc,phases   ] GC(68)   Pre Evacuate Collection Set: 0.1ms
[2022-04-29T02:23:04.664+0000][160][gc,phases   ] GC(68)   Merge Heap Roots: 0.0ms
[2022-04-29T02:23:04.664+0000][160][gc,phases   ] GC(68)   Evacuate Collection Set: 1.0ms
[2022-04-29T02:23:04.666+0000][160][gc,phases   ] GC(68)   Post Evacuate Collection Set: 1.1ms
[2022-04-29T02:23:04.666+0000][160][gc,phases   ] GC(68)   Other: 11.9ms
[2022-04-29T02:23:04.667+0000][160][gc,heap     ] GC(68) Eden regions: 75->0(75)
[2022-04-29T02:23:04.667+0000][160][gc,heap     ] GC(68) Survivor regions: 1->1(10)
[2022-04-29T02:23:04.668+0000][160][gc,heap     ] GC(68) Old regions: 21->21
[2022-04-29T02:23:04.668+0000][160][gc,heap     ] GC(68) Archive regions: 2->2
[2022-04-29T02:23:04.669+0000][160][gc,heap     ] GC(68) Humongous regions: 6->6
[2022-04-29T02:23:04.670+0000][160][gc,metaspace] GC(68) Metaspace: 116705K(118400K)->116705K(118400K) NonClass: 101210K(102208K)->101210K(102208K) Class: 15495K(16192K)->15495K(16192K)
[2022-04-29T02:23:04.670+0000][160][gc          ] GC(68) Pause Young (Normal) (G1 Evacuation Pause) 413M->114M(512M) 21.119ms
[2022-04-29T02:23:04.671+0000][160][gc,cpu      ] GC(68) User=0.01s Sys=0.01s Real=0.02s
[2022-04-29T02:23:04.672+0000][160][safepoint   ] Safepoint "G1CollectForAllocation", Time since last: 5103568086 ns, Reaching safepoint: 51958 ns, At safepoint: 22625125 ns, Total: 22677083 ns
[2022-04-29T02:23:08.676+0000][160][safepoint   ] Safepoint "Cleanup", Time since last: 4004234877 ns, Reaching safepoint: 215625 ns, At safepoint: 6625 ns, Total: 222250 ns
[2022-04-29T02:23:16.687+0000][160][safepoint   ] Safepoint "Cleanup", Time since last: 8013927044 ns, Reaching safepoint: 116250 ns, At safepoint: 5292 ns, Total: 121542 ns
[2022-04-29T02:23:31.720+0000][160][safepoint   ] Safepoint "Cleanup", Time since last: 15032622674 ns, Reaching safepoint: 297833 ns, At safepoint: 52250 ns, Total: 350083 ns
[2022-04-29T02:23:52.779+0000][160][safepoint   ] Safepoint "Cleanup", Time since last: 21058712301 ns, Reaching safepoint: 86750 ns, At safepoint: 3250 ns, Total: 90000 ns
[2022-04-29T02:23:54.785+0000][160][safepoint   ] Safepoint "Cleanup", Time since last: 2005322793 ns, Reaching safepoint: 536583 ns, At safepoint: 16084 ns, Total: 552667 ns
[2022-04-29T02:23:58.806+0000][160][safepoint   ] Safepoint "Cleanup", Time since last: 4020811335 ns, Reaching safepoint: 162583 ns, At safepoint: 4667 ns, Total: 167250 ns
[2022-04-29T02:24:22.866+0000][160][safepoint   ] Safepoint "Cleanup", Time since last: 24062333011 ns, Reaching safepoint: 128208 ns, At safepoint: 3208 ns, Total: 131416 ns
[2022-04-29T02:24:28.572+0000][160][gc,start    ] GC(69) Pause Young (Normal) (G1 Evacuation Pause)
[2022-04-29T02:24:28.572+0000][160][gc,task     ] GC(69) Using 5 workers of 5 for evacuation
[2022-04-29T02:24:28.574+0000][160][gc,age      ] GC(69) Desired survivor size 20971520 bytes, new threshold 15 (max threshold 15)
[2022-04-29T02:24:28.577+0000][160][gc,age      ] GC(69) Age table with threshold 15 (max threshold 15)
[2022-04-29T02:24:28.578+0000][160][gc,age      ] GC(69) - age   1:     865592 bytes,     865592 total
[2022-04-29T02:24:28.578+0000][160][gc,age      ] GC(69) - age   2:     113816 bytes,     979408 total
[2022-04-29T02:24:28.579+0000][160][gc,age      ] GC(69) - age   3:       4352 bytes,     983760 total
[2022-04-29T02:24:28.580+0000][160][gc,age      ] GC(69) - age   4:       4848 bytes,     988608 total
[2022-04-29T02:24:28.580+0000][160][gc,age      ] GC(69) - age   5:     110512 bytes,    1099120 total
[2022-04-29T02:24:28.581+0000][160][gc,age      ] GC(69) - age   6:      14848 bytes,    1113968 total
[2022-04-29T02:24:28.581+0000][160][gc,age      ] GC(69) - age   7:       2392 bytes,    1116360 total
[2022-04-29T02:24:28.582+0000][160][gc,age      ] GC(69) - age   8:       6384 bytes,    1122744 total
[2022-04-29T02:24:28.583+0000][160][gc,age      ] GC(69) - age   9:       2440 bytes,    1125184 total
[2022-04-29T02:24:28.583+0000][160][gc,age      ] GC(69) - age  10:       1440 bytes,    1126624 total
[2022-04-29T02:24:28.584+0000][160][gc,age      ] GC(69) - age  11:       5704 bytes,    1132328 total
[2022-04-29T02:24:28.584+0000][160][gc,age      ] GC(69) - age  12:       1872 bytes,    1134200 total
[2022-04-29T02:24:28.585+0000][160][gc,age      ] GC(69) - age  13:      35768 bytes,    1169968 total
[2022-04-29T02:24:28.587+0000][160][gc,age      ] GC(69) - age  14:       5528 bytes,    1175496 total
[2022-04-29T02:24:28.587+0000][160][gc,age      ] GC(69) - age  15:       1728 bytes,    1177224 total
[2022-04-29T02:24:28.588+0000][160][gc,phases   ] GC(69)   Pre Evacuate Collection Set: 0.1ms
[2022-04-29T02:24:28.588+0000][160][gc,phases   ] GC(69)   Merge Heap Roots: 0.2ms
[2022-04-29T02:24:28.589+0000][160][gc,phases   ] GC(69)   Evacuate Collection Set: 1.1ms
[2022-04-29T02:24:28.590+0000][160][gc,phases   ] GC(69)   Post Evacuate Collection Set: 0.8ms
[2022-04-29T02:24:28.590+0000][160][gc,phases   ] GC(69)   Other: 14.3ms
[2022-04-29T02:24:28.591+0000][160][gc,heap     ] GC(69) Eden regions: 75->0(75)
[2022-04-29T02:24:28.592+0000][160][gc,heap     ] GC(69) Survivor regions: 1->1(10)
[2022-04-29T02:24:28.592+0000][160][gc,heap     ] GC(69) Old regions: 21->21
[2022-04-29T02:24:28.593+0000][160][gc,heap     ] GC(69) Archive regions: 2->2
[2022-04-29T02:24:28.593+0000][160][gc,heap     ] GC(69) Humongous regions: 6->6
[2022-04-29T02:24:28.594+0000][160][gc,metaspace] GC(69) Metaspace: 116712K(118400K)->116712K(118400K) NonClass: 101217K(102208K)->101217K(102208K) Class: 15495K(16192K)->15495K(16192K)
[2022-04-29T02:24:28.595+0000][160][gc          ] GC(69) Pause Young (Normal) (G1 Evacuation Pause) 414M->113M(512M) 23.134ms
[2022-04-29T02:24:28.595+0000][160][gc,cpu      ] GC(69) User=0.01s Sys=0.00s Real=0.02s
[2022-04-29T02:24:28.597+0000][160][safepoint   ] Safepoint "G1CollectForAllocation", Time since last: 5705630753 ns, Reaching safepoint: 183083 ns, At safepoint: 25596292 ns, Total: 25779375 ns
[2022-04-29T02:24:30.602+0000][160][safepoint   ] Safepoint "Cleanup", Time since last: 2004277834 ns, Reaching safepoint: 491792 ns, At safepoint: 16000 ns, Total: 507792 ns
[2022-04-29T02:24:35.621+0000][160][safepoint   ] Safepoint "Cleanup", Time since last: 5018626752 ns, Reaching safepoint: 284375 ns, At safepoint: 13000 ns, Total: 297375 ns
[2022-04-29T02:24:41.638+0000][160][safepoint   ] Safepoint "Cleanup", Time since last: 6017308337 ns, Reaching safepoint: 288750 ns, At safepoint: 12791 ns, Total: 301541 ns
[2022-04-29T02:24:46.644+0000][160][safepoint   ] Safepoint "Cleanup", Time since last: 5012300669 ns, Reaching safepoint: 63208 ns, At safepoint: 2209 ns, Total: 65417 ns
[2022-04-29T02:24:47.870+0000][160][safepoint   ] Safepoint "Cleanup", Time since last: 1225830209 ns, Reaching safepoint: 120666 ns, At safepoint: 9125 ns, Total: 129791 ns
[2022-04-29T02:24:48.875+0000][160][safepoint   ] Safepoint "Cleanup", Time since last: 1004056084 ns, Reaching safepoint: 678750 ns, At safepoint: 14250 ns, Total: 693000 ns
[2022-04-29T02:25:10.925+0000][160][safepoint   ] Safepoint "Cleanup", Time since last: 22050040302 ns, Reaching safepoint: 122709 ns, At safepoint: 10583 ns, Total: 133292 ns
[2022-04-29T02:25:16.943+0000][160][safepoint   ] Safepoint "Cleanup", Time since last: 6011713628 ns, Reaching safepoint: 169375 ns, At safepoint: 7416 ns, Total: 176791 ns
[2022-04-29T02:25:40.993+0000][160][safepoint   ] Safepoint "Cleanup", Time since last: 24050100428 ns, Reaching safepoint: 531334 ns, At safepoint: 11250 ns, Total: 542584 ns
[2022-04-29T02:25:46.619+0000][160][gc,start    ] GC(70) Pause Young (Normal) (G1 Evacuation Pause)
[2022-04-29T02:25:46.620+0000][160][gc,task     ] GC(70) Using 5 workers of 5 for evacuation
[2022-04-29T02:25:46.621+0000][160][gc,age      ] GC(70) Desired survivor size 20971520 bytes, new threshold 15 (max threshold 15)
[2022-04-29T02:25:46.625+0000][160][gc,age      ] GC(70) Age table with threshold 15 (max threshold 15)
[2022-04-29T02:25:46.625+0000][160][gc,age      ] GC(70) - age   1:    1134280 bytes,    1134280 total
[2022-04-29T02:25:46.626+0000][160][gc,age      ] GC(70) - age   2:     113048 bytes,    1247328 total
[2022-04-29T02:25:46.627+0000][160][gc,age      ] GC(70) - age   3:     110576 bytes,    1357904 total
[2022-04-29T02:25:46.627+0000][160][gc,age      ] GC(70) - age   4:       3456 bytes,    1361360 total
[2022-04-29T02:25:46.628+0000][160][gc,age      ] GC(70) - age   5:       4720 bytes,    1366080 total
[2022-04-29T02:25:46.629+0000][160][gc,age      ] GC(70) - age   6:     110024 bytes,    1476104 total
[2022-04-29T02:25:46.629+0000][160][gc,age      ] GC(70) - age   7:      14712 bytes,    1490816 total
[2022-04-29T02:25:46.630+0000][160][gc,age      ] GC(70) - age   8:       2168 bytes,    1492984 total
[2022-04-29T02:25:46.631+0000][160][gc,age      ] GC(70) - age   9:       6280 bytes,    1499264 total
[2022-04-29T02:25:46.631+0000][160][gc,age      ] GC(70) - age  10:       2440 bytes,    1501704 total
[2022-04-29T02:25:46.632+0000][160][gc,age      ] GC(70) - age  11:       1440 bytes,    1503144 total
[2022-04-29T02:25:46.632+0000][160][gc,age      ] GC(70) - age  12:       5704 bytes,    1508848 total
[2022-04-29T02:25:46.633+0000][160][gc,age      ] GC(70) - age  13:       1872 bytes,    1510720 total
[2022-04-29T02:25:46.633+0000][160][gc,age      ] GC(70) - age  14:      35768 bytes,    1546488 total
[2022-04-29T02:25:46.634+0000][160][gc,age      ] GC(70) - age  15:       5528 bytes,    1552016 total
[2022-04-29T02:25:46.635+0000][160][gc,phases   ] GC(70)   Pre Evacuate Collection Set: 0.1ms
[2022-04-29T02:25:46.635+0000][160][gc,phases   ] GC(70)   Merge Heap Roots: 0.1ms
[2022-04-29T02:25:46.636+0000][160][gc,phases   ] GC(70)   Evacuate Collection Set: 1.9ms
[2022-04-29T02:25:46.637+0000][160][gc,phases   ] GC(70)   Post Evacuate Collection Set: 1.1ms
[2022-04-29T02:25:46.637+0000][160][gc,phases   ] GC(70)   Other: 12.6ms
[2022-04-29T02:25:46.638+0000][160][gc,heap     ] GC(70) Eden regions: 75->0(75)
[2022-04-29T02:25:46.638+0000][160][gc,heap     ] GC(70) Survivor regions: 1->1(10)
[2022-04-29T02:25:46.639+0000][160][gc,heap     ] GC(70) Old regions: 21->22
[2022-04-29T02:25:46.640+0000][160][gc,heap     ] GC(70) Archive regions: 2->2
[2022-04-29T02:25:46.641+0000][160][gc,heap     ] GC(70) Humongous regions: 6->6
[2022-04-29T02:25:46.641+0000][160][gc,metaspace] GC(70) Metaspace: 116754K(118528K)->116754K(118528K) NonClass: 101253K(102272K)->101253K(102272K) Class: 15501K(16256K)->15501K(16256K)
[2022-04-29T02:25:46.642+0000][160][gc          ] GC(70) Pause Young (Normal) (G1 Evacuation Pause) 413M->113M(512M) 22.539ms
[2022-04-29T02:25:46.642+0000][160][gc,cpu      ] GC(70) User=0.00s Sys=0.01s Real=0.02s
[2022-04-29T02:25:46.643+0000][160][safepoint   ] Safepoint "G1CollectForAllocation", Time since last: 5627492460 ns, Reaching safepoint: 40709 ns, At safepoint: 23662541 ns, Total: 23703250 ns
[2022-04-29T02:25:55.659+0000][160][safepoint   ] Safepoint "Cleanup", Time since last: 9015878963 ns, Reaching safepoint: 162375 ns, At safepoint: 6833 ns, Total: 169208 ns
[2022-04-29T02:25:59.666+0000][160][safepoint   ] Safepoint "Cleanup", Time since last: 4006924044 ns, Reaching safepoint: 230375 ns, At safepoint: 8542 ns, Total: 238917 ns
[2022-04-29T02:26:29.714+0000][160][safepoint   ] Safepoint "Cleanup", Time since last: 30048611763 ns, Reaching safepoint: 153625 ns, At safepoint: 5250 ns, Total: 158875 ns
[2022-04-29T02:26:43.741+0000][160][safepoint   ] Safepoint "Cleanup", Time since last: 14026011674 ns, Reaching safepoint: 259000 ns, At safepoint: 33666 ns, Total: 292666 ns
[2022-04-29T02:26:44.744+0000][160][safepoint   ] Safepoint "Cleanup", Time since last: 1003544917 ns, Reaching safepoint: 306375 ns, At safepoint: 11875 ns, Total: 318250 ns
[2022-04-29T02:26:47.752+0000][160][safepoint   ] Safepoint "Cleanup", Time since last: 3007625210 ns, Reaching safepoint: 191250 ns, At safepoint: 10833 ns, Total: 202083 ns
[2022-04-29T02:26:52.765+0000][160][safepoint   ] Safepoint "Cleanup", Time since last: 5012920377 ns, Reaching safepoint: 68584 ns, At safepoint: 2125 ns, Total: 70709 ns
[2022-04-29T02:27:04.787+0000][160][safepoint   ] Safepoint "Cleanup", Time since last: 12021794672 ns, Reaching safepoint: 50875 ns, At safepoint: 2333 ns, Total: 53208 ns
[2022-04-29T02:27:10.794+0000][160][safepoint   ] Safepoint "Cleanup", Time since last: 6007717212 ns, Reaching safepoint: 116958 ns, At safepoint: 3375 ns, Total: 120333 ns
[2022-04-29T02:27:11.796+0000][160][safepoint   ] Safepoint "Cleanup", Time since last: 1001874125 ns, Reaching safepoint: 249750 ns, At safepoint: 13417 ns, Total: 263167 ns
[2022-04-29T02:27:16.323+0000][160][gc,start    ] GC(71) Pause Young (Normal) (G1 Evacuation Pause)
[2022-04-29T02:27:16.328+0000][160][gc,task     ] GC(71) Using 5 workers of 5 for evacuation
[2022-04-29T02:27:16.332+0000][160][gc,age      ] GC(71) Desired survivor size 20971520 bytes, new threshold 15 (max threshold 15)
[2022-04-29T02:27:16.341+0000][160][gc,age      ] GC(71) Age table with threshold 15 (max threshold 15)
[2022-04-29T02:27:16.343+0000][160][gc,age      ] GC(71) - age   1:    1356264 bytes,    1356264 total
[2022-04-29T02:27:16.345+0000][160][gc,age      ] GC(71) - age   2:      35024 bytes,    1391288 total
[2022-04-29T02:27:16.348+0000][160][gc,age      ] GC(71) - age   3:     111424 bytes,    1502712 total
[2022-04-29T02:27:16.349+0000][160][gc,age      ] GC(71) - age   4:     110072 bytes,    1612784 total
[2022-04-29T02:27:16.351+0000][160][gc,age      ] GC(71) - age   5:       3328 bytes,    1616112 total
[2022-04-29T02:27:16.352+0000][160][gc,age      ] GC(71) - age   6:       4720 bytes,    1620832 total
[2022-04-29T02:27:16.353+0000][160][gc,age      ] GC(71) - age   7:     110024 bytes,    1730856 total
[2022-04-29T02:27:16.354+0000][160][gc,age      ] GC(71) - age   8:      12792 bytes,    1743648 total
[2022-04-29T02:27:16.355+0000][160][gc,age      ] GC(71) - age   9:       2104 bytes,    1745752 total
[2022-04-29T02:27:16.357+0000][160][gc,age      ] GC(71) - age  10:       6216 bytes,    1751968 total
[2022-04-29T02:27:16.358+0000][160][gc,age      ] GC(71) - age  11:       2440 bytes,    1754408 total
[2022-04-29T02:27:16.359+0000][160][gc,age      ] GC(71) - age  12:       1440 bytes,    1755848 total
[2022-04-29T02:27:16.360+0000][160][gc,age      ] GC(71) - age  13:       5704 bytes,    1761552 total
[2022-04-29T02:27:16.361+0000][160][gc,age      ] GC(71) - age  14:       1872 bytes,    1763424 total
[2022-04-29T02:27:16.363+0000][160][gc,age      ] GC(71) - age  15:      35768 bytes,    1799192 total
[2022-04-29T02:27:16.364+0000][160][gc,phases   ] GC(71)   Pre Evacuate Collection Set: 0.8ms
[2022-04-29T02:27:16.365+0000][160][gc,phases   ] GC(71)   Merge Heap Roots: 0.4ms
[2022-04-29T02:27:16.367+0000][160][gc,phases   ] GC(71)   Evacuate Collection Set: 3.7ms
[2022-04-29T02:27:16.368+0000][160][gc,phases   ] GC(71)   Post Evacuate Collection Set: 2.2ms
[2022-04-29T02:27:16.369+0000][160][gc,phases   ] GC(71)   Other: 34.5ms
[2022-04-29T02:27:16.370+0000][160][gc,heap     ] GC(71) Eden regions: 75->0(75)
[2022-04-29T02:27:16.371+0000][160][gc,heap     ] GC(71) Survivor regions: 1->1(10)
[2022-04-29T02:27:16.372+0000][160][gc,heap     ] GC(71) Old regions: 22->22
[2022-04-29T02:27:16.373+0000][160][gc,heap     ] GC(71) Archive regions: 2->2
[2022-04-29T02:27:16.374+0000][160][gc,heap     ] GC(71) Humongous regions: 6->6
[2022-04-29T02:27:16.375+0000][160][gc,metaspace] GC(71) Metaspace: 116775K(118528K)->116775K(118528K) NonClass: 101273K(102272K)->101273K(102272K) Class: 15502K(16256K)->15502K(16256K)
[2022-04-29T02:27:16.375+0000][160][gc          ] GC(71) Pause Young (Normal) (G1 Evacuation Pause) 413M->113M(512M) 52.258ms
[2022-04-29T02:27:16.376+0000][160][gc,cpu      ] GC(71) User=0.02s Sys=0.01s Real=0.06s
[2022-04-29T02:27:16.377+0000][160][safepoint   ] Safepoint "G1CollectForAllocation", Time since last: 4527982794 ns, Reaching safepoint: 305750 ns, At safepoint: 54295000 ns, Total: 54600750 ns
[2022-04-29T02:27:17.391+0000][160][safepoint   ] Safepoint "Cleanup", Time since last: 1013243708 ns, Reaching safepoint: 401959 ns, At safepoint: 13708 ns, Total: 415667 ns
[2022-04-29T02:27:20.404+0000][160][safepoint   ] Safepoint "Cleanup", Time since last: 3012883876 ns, Reaching safepoint: 383459 ns, At safepoint: 14458 ns, Total: 397917 ns
[2022-04-29T02:27:23.424+0000][160][safepoint   ] Safepoint "Cleanup", Time since last: 3019291335 ns, Reaching safepoint: 249375 ns, At safepoint: 11083 ns, Total: 260458 ns
[2022-04-29T02:27:35.454+0000][160][safepoint   ] Safepoint "Cleanup", Time since last: 12029890756 ns, Reaching safepoint: 670875 ns, At safepoint: 12958 ns, Total: 683833 ns
[2022-04-29T02:28:09.519+0000][160][safepoint   ] Safepoint "Cleanup", Time since last: 34065124016 ns, Reaching safepoint: 164083 ns, At safepoint: 14167 ns, Total: 178250 ns
[2022-04-29T02:28:17.532+0000][160][safepoint   ] Safepoint "Cleanup", Time since last: 8009788670 ns, Reaching safepoint: 190958 ns, At safepoint: 5334 ns, Total: 196292 ns
[2022-04-29T02:28:29.550+0000][160][safepoint   ] Safepoint "Cleanup", Time since last: 12017942089 ns, Reaching safepoint: 264875 ns, At safepoint: 6292 ns, Total: 271167 ns
[2022-04-29T02:28:34.560+0000][160][safepoint   ] Safepoint "Cleanup", Time since last: 5009892544 ns, Reaching safepoint: 53666 ns, At safepoint: 43917 ns, Total: 97583 ns
[2022-04-29T02:28:34.580+0000][160][gc,start    ] GC(72) Pause Young (Normal) (G1 Evacuation Pause)
[2022-04-29T02:28:34.581+0000][160][gc,task     ] GC(72) Using 5 workers of 5 for evacuation
[2022-04-29T02:28:34.582+0000][160][gc,age      ] GC(72) Desired survivor size 20971520 bytes, new threshold 15 (max threshold 15)
[2022-04-29T02:28:34.585+0000][160][gc,age      ] GC(72) Age table with threshold 15 (max threshold 15)
[2022-04-29T02:28:34.585+0000][160][gc,age      ] GC(72) - age   1:     977712 bytes,     977712 total
[2022-04-29T02:28:34.586+0000][160][gc,age      ] GC(72) - age   2:      17112 bytes,     994824 total
[2022-04-29T02:28:34.586+0000][160][gc,age      ] GC(72) - age   3:      33616 bytes,    1028440 total
[2022-04-29T02:28:34.587+0000][160][gc,age      ] GC(72) - age   4:     111040 bytes,    1139480 total
[2022-04-29T02:28:34.588+0000][160][gc,age      ] GC(72) - age   5:     109848 bytes,    1249328 total
[2022-04-29T02:28:34.589+0000][160][gc,age      ] GC(72) - age   6:       3264 bytes,    1252592 total
[2022-04-29T02:28:34.591+0000][160][gc,age      ] GC(72) - age   7:       4720 bytes,    1257312 total
[2022-04-29T02:28:34.591+0000][160][gc,age      ] GC(72) - age   8:     110024 bytes,    1367336 total
[2022-04-29T02:28:34.592+0000][160][gc,age      ] GC(72) - age   9:      12792 bytes,    1380128 total
[2022-04-29T02:28:34.593+0000][160][gc,age      ] GC(72) - age  10:       2104 bytes,    1382232 total
[2022-04-29T02:28:34.594+0000][160][gc,age      ] GC(72) - age  11:       6216 bytes,    1388448 total
[2022-04-29T02:28:34.594+0000][160][gc,age      ] GC(72) - age  12:       2440 bytes,    1390888 total
[2022-04-29T02:28:34.595+0000][160][gc,age      ] GC(72) - age  13:       1440 bytes,    1392328 total
[2022-04-29T02:28:34.596+0000][160][gc,age      ] GC(72) - age  14:       5704 bytes,    1398032 total
[2022-04-29T02:28:34.597+0000][160][gc,age      ] GC(72) - age  15:       1872 bytes,    1399904 total
[2022-04-29T02:28:34.598+0000][160][gc,phases   ] GC(72)   Pre Evacuate Collection Set: 0.1ms
[2022-04-29T02:28:34.599+0000][160][gc,phases   ] GC(72)   Merge Heap Roots: 0.1ms
[2022-04-29T02:28:34.599+0000][160][gc,phases   ] GC(72)   Evacuate Collection Set: 1.1ms
[2022-04-29T02:28:34.600+0000][160][gc,phases   ] GC(72)   Post Evacuate Collection Set: 0.8ms
[2022-04-29T02:28:34.601+0000][160][gc,phases   ] GC(72)   Other: 15.6ms
[2022-04-29T02:28:34.602+0000][160][gc,heap     ] GC(72) Eden regions: 75->0(75)
[2022-04-29T02:28:34.603+0000][160][gc,heap     ] GC(72) Survivor regions: 1->1(10)
[2022-04-29T02:28:34.604+0000][160][gc,heap     ] GC(72) Old regions: 22->22
[2022-04-29T02:28:34.604+0000][160][gc,heap     ] GC(72) Archive regions: 2->2
[2022-04-29T02:28:34.605+0000][160][gc,heap     ] GC(72) Humongous regions: 6->6
[2022-04-29T02:28:34.606+0000][160][gc,metaspace] GC(72) Metaspace: 116787K(118592K)->116787K(118592K) NonClass: 101284K(102336K)->101284K(102336K) Class: 15503K(16256K)->15503K(16256K)
[2022-04-29T02:28:34.606+0000][160][gc          ] GC(72) Pause Young (Normal) (G1 Evacuation Pause) 413M->113M(512M) 26.200ms
[2022-04-29T02:28:34.607+0000][160][gc,cpu      ] GC(72) User=0.01s Sys=0.00s Real=0.03s
[2022-04-29T02:28:34.608+0000][160][safepoint   ] Safepoint "G1CollectForAllocation", Time since last: 20171500 ns, Reaching safepoint: 60542 ns, At safepoint: 28079583 ns, Total: 28140125 ns
[2022-04-29T02:28:41.619+0000][160][safepoint   ] Safepoint "Cleanup", Time since last: 7010630420 ns, Reaching safepoint: 397667 ns, At safepoint: 20958 ns, Total: 418625 ns
[2022-04-29T02:28:45.625+0000][160][safepoint   ] Safepoint "Cleanup", Time since last: 4012852168 ns, Reaching safepoint: 192625 ns, At safepoint: 9209 ns, Total: 201834 ns
[2022-04-29T02:28:47.633+0000][160][safepoint   ] Safepoint "Cleanup", Time since last: 2007478000 ns, Reaching safepoint: 339167 ns, At safepoint: 7583 ns, Total: 346750 ns
[2022-04-29T02:28:54.644+0000][160][safepoint   ] Safepoint "Cleanup", Time since last: 7010502754 ns, Reaching safepoint: 198875 ns, At safepoint: 7833 ns, Total: 206708 ns
[2022-04-29T02:29:09.675+0000][160][safepoint   ] Safepoint "Cleanup", Time since last: 15030331049 ns, Reaching safepoint: 383333 ns, At safepoint: 9792 ns, Total: 393125 ns
[2022-04-29T02:29:49.031+0000][160][safepoint   ] Safepoint "Cleanup", Time since last: 39078444434 ns, Reaching safepoint: 256833 ns, At safepoint: 9417 ns, Total: 266250 ns
[2022-04-29T02:29:58.909+0000][160][gc,start    ] GC(73) Pause Young (Normal) (G1 Evacuation Pause)
[2022-04-29T02:29:58.910+0000][160][gc,task     ] GC(73) Using 5 workers of 5 for evacuation
[2022-04-29T02:29:58.911+0000][160][gc,age      ] GC(73) Desired survivor size 20971520 bytes, new threshold 15 (max threshold 15)
[2022-04-29T02:29:58.914+0000][160][gc,age      ] GC(73) Age table with threshold 15 (max threshold 15)
[2022-04-29T02:29:58.915+0000][160][gc,age      ] GC(73) - age   1:    1424336 bytes,    1424336 total
[2022-04-29T02:29:58.915+0000][160][gc,age      ] GC(73) - age   2:       4360 bytes,    1428696 total
[2022-04-29T02:29:58.916+0000][160][gc,age      ] GC(73) - age   3:      14576 bytes,    1443272 total
[2022-04-29T02:29:58.917+0000][160][gc,age      ] GC(73) - age   4:      32920 bytes,    1476192 total
[2022-04-29T02:29:58.917+0000][160][gc,age      ] GC(73) - age   5:     110912 bytes,    1587104 total
[2022-04-29T02:29:58.918+0000][160][gc,age      ] GC(73) - age   6:     109848 bytes,    1696952 total
[2022-04-29T02:29:58.919+0000][160][gc,age      ] GC(73) - age   7:       3064 bytes,    1700016 total
[2022-04-29T02:29:58.919+0000][160][gc,age      ] GC(73) - age   8:       4720 bytes,    1704736 total
[2022-04-29T02:29:58.920+0000][160][gc,age      ] GC(73) - age   9:     110024 bytes,    1814760 total
[2022-04-29T02:29:58.921+0000][160][gc,age      ] GC(73) - age  10:      12792 bytes,    1827552 total
[2022-04-29T02:29:58.921+0000][160][gc,age      ] GC(73) - age  11:       2104 bytes,    1829656 total
[2022-04-29T02:29:58.922+0000][160][gc,age      ] GC(73) - age  12:       6216 bytes,    1835872 total
[2022-04-29T02:29:58.923+0000][160][gc,age      ] GC(73) - age  13:       2440 bytes,    1838312 total
[2022-04-29T02:29:58.923+0000][160][gc,age      ] GC(73) - age  14:       1440 bytes,    1839752 total
[2022-04-29T02:29:58.924+0000][160][gc,age      ] GC(73) - age  15:       5704 bytes,    1845456 total
[2022-04-29T02:29:58.924+0000][160][gc,phases   ] GC(73)   Pre Evacuate Collection Set: 0.2ms
[2022-04-29T02:29:58.925+0000][160][gc,phases   ] GC(73)   Merge Heap Roots: 0.3ms
[2022-04-29T02:29:58.926+0000][160][gc,phases   ] GC(73)   Evacuate Collection Set: 1.2ms
[2022-04-29T02:29:58.926+0000][160][gc,phases   ] GC(73)   Post Evacuate Collection Set: 0.7ms
[2022-04-29T02:29:58.927+0000][160][gc,phases   ] GC(73)   Other: 12.9ms
[2022-04-29T02:29:58.928+0000][160][gc,heap     ] GC(73) Eden regions: 75->0(75)
[2022-04-29T02:29:58.929+0000][160][gc,heap     ] GC(73) Survivor regions: 1->1(10)
[2022-04-29T02:29:58.929+0000][160][gc,heap     ] GC(73) Old regions: 22->22
[2022-04-29T02:29:58.930+0000][160][gc,heap     ] GC(73) Archive regions: 2->2
[2022-04-29T02:29:58.931+0000][160][gc,heap     ] GC(73) Humongous regions: 6->6
[2022-04-29T02:29:58.932+0000][160][gc,metaspace] GC(73) Metaspace: 116794K(118592K)->116794K(118592K) NonClass: 101291K(102336K)->101291K(102336K) Class: 15503K(16256K)->15503K(16256K)
[2022-04-29T02:29:58.933+0000][160][gc          ] GC(73) Pause Young (Normal) (G1 Evacuation Pause) 413M->113M(512M) 23.371ms
[2022-04-29T02:29:58.933+0000][160][gc,cpu      ] GC(73) User=0.00s Sys=0.01s Real=0.02s
[2022-04-29T02:29:58.934+0000][160][safepoint   ] Safepoint "G1CollectForAllocation", Time since last: 9878298629 ns, Reaching safepoint: 179667 ns, At safepoint: 24685500 ns, Total: 24865167 ns
[2022-04-29T02:30:11.952+0000][160][safepoint   ] Safepoint "Cleanup", Time since last: 13017879298 ns, Reaching safepoint: 215042 ns, At safepoint: 4291 ns, Total: 219333 ns
[2022-04-29T02:31:00.023+0000][160][safepoint   ] Safepoint "Cleanup", Time since last: 48073124522 ns, Reaching safepoint: 441500 ns, At safepoint: 10667 ns, Total: 452167 ns
[2022-04-29T02:31:12.062+0000][160][safepoint   ] Safepoint "Cleanup", Time since last: 12038036256 ns, Reaching safepoint: 647875 ns, At safepoint: 16333 ns, Total: 664208 ns
[2022-04-29T02:31:14.080+0000][160][safepoint   ] Safepoint "Cleanup", Time since last: 2017806793 ns, Reaching safepoint: 305208 ns, At safepoint: 10750 ns, Total: 315958 ns
[2022-04-29T02:31:17.109+0000][160][safepoint   ] Safepoint "Cleanup", Time since last: 3028528042 ns, Reaching safepoint: 257583 ns, At safepoint: 15375 ns, Total: 272958 ns
[2022-04-29T02:31:17.679+0000][160][gc,start    ] GC(74) Pause Young (Normal) (G1 Evacuation Pause)
[2022-04-29T02:31:17.680+0000][160][gc,task     ] GC(74) Using 5 workers of 5 for evacuation
[2022-04-29T02:31:17.681+0000][160][gc,age      ] GC(74) Desired survivor size 20971520 bytes, new threshold 15 (max threshold 15)
[2022-04-29T02:31:17.685+0000][160][gc,age      ] GC(74) Age table with threshold 15 (max threshold 15)
[2022-04-29T02:31:17.686+0000][160][gc,age      ] GC(74) - age   1:    1370432 bytes,    1370432 total
[2022-04-29T02:31:17.687+0000][160][gc,age      ] GC(74) - age   2:       8136 bytes,    1378568 total
[2022-04-29T02:31:17.687+0000][160][gc,age      ] GC(74) - age   3:       2576 bytes,    1381144 total
[2022-04-29T02:31:17.688+0000][160][gc,age      ] GC(74) - age   4:      13392 bytes,    1394536 total
[2022-04-29T02:31:17.688+0000][160][gc,age      ] GC(74) - age   5:      32792 bytes,    1427328 total
[2022-04-29T02:31:17.689+0000][160][gc,age      ] GC(74) - age   6:     110912 bytes,    1538240 total
[2022-04-29T02:31:17.690+0000][160][gc,age      ] GC(74) - age   7:     109808 bytes,    1648048 total
[2022-04-29T02:31:17.690+0000][160][gc,age      ] GC(74) - age   8:       3064 bytes,    1651112 total
[2022-04-29T02:31:17.691+0000][160][gc,age      ] GC(74) - age   9:       4720 bytes,    1655832 total
[2022-04-29T02:31:17.691+0000][160][gc,age      ] GC(74) - age  10:     110024 bytes,    1765856 total
[2022-04-29T02:31:17.692+0000][160][gc,age      ] GC(74) - age  11:      12792 bytes,    1778648 total
[2022-04-29T02:31:17.693+0000][160][gc,age      ] GC(74) - age  12:       2104 bytes,    1780752 total
[2022-04-29T02:31:17.693+0000][160][gc,age      ] GC(74) - age  13:       6216 bytes,    1786968 total
[2022-04-29T02:31:17.694+0000][160][gc,age      ] GC(74) - age  14:       2440 bytes,    1789408 total
[2022-04-29T02:31:17.694+0000][160][gc,age      ] GC(74) - age  15:       1440 bytes,    1790848 total
[2022-04-29T02:31:17.695+0000][160][gc,phases   ] GC(74)   Pre Evacuate Collection Set: 0.1ms
[2022-04-29T02:31:17.696+0000][160][gc,phases   ] GC(74)   Merge Heap Roots: 0.1ms
[2022-04-29T02:31:17.696+0000][160][gc,phases   ] GC(74)   Evacuate Collection Set: 1.7ms
[2022-04-29T02:31:17.697+0000][160][gc,phases   ] GC(74)   Post Evacuate Collection Set: 0.9ms
[2022-04-29T02:31:17.698+0000][160][gc,phases   ] GC(74)   Other: 13.0ms
[2022-04-29T02:31:17.699+0000][160][gc,heap     ] GC(74) Eden regions: 75->0(75)
[2022-04-29T02:31:17.700+0000][160][gc,heap     ] GC(74) Survivor regions: 1->1(10)
[2022-04-29T02:31:17.701+0000][160][gc,heap     ] GC(74) Old regions: 22->22
[2022-04-29T02:31:17.702+0000][160][gc,heap     ] GC(74) Archive regions: 2->2
[2022-04-29T02:31:17.703+0000][160][gc,heap     ] GC(74) Humongous regions: 6->6
[2022-04-29T02:31:17.704+0000][160][gc,metaspace] GC(74) Metaspace: 116801K(118592K)->116801K(118592K) NonClass: 101298K(102336K)->101298K(102336K) Class: 15503K(16256K)->15503K(16256K)
[2022-04-29T02:31:17.704+0000][160][gc          ] GC(74) Pause Young (Normal) (G1 Evacuation Pause) 413M->113M(512M) 25.049ms
[2022-04-29T02:31:17.705+0000][160][gc,cpu      ] GC(74) User=0.01s Sys=0.01s Real=0.03s
[2022-04-29T02:31:17.706+0000][160][safepoint   ] Safepoint "G1CollectForAllocation", Time since last: 570618209 ns, Reaching safepoint: 192583 ns, At safepoint: 26413875 ns, Total: 26606458 ns
[2022-04-29T02:31:23.716+0000][160][safepoint   ] Safepoint "Cleanup", Time since last: 6009850837 ns, Reaching safepoint: 310208 ns, At safepoint: 20583 ns, Total: 330791 ns
[2022-04-29T02:31:24.719+0000][160][safepoint   ] Safepoint "Cleanup", Time since last: 1003345334 ns, Reaching safepoint: 176583 ns, At safepoint: 8417 ns, Total: 185000 ns
[2022-04-29T02:31:37.877+0000][160][safepoint   ] Safepoint "Cleanup", Time since last: 13157004006 ns, Reaching safepoint: 67125 ns, At safepoint: 8042 ns, Total: 75167 ns
[2022-04-29T02:48:33.339+0000][160][safepoint   ] Safepoint "Cleanup", Time since last: 7016882086 ns, Reaching safepoint: 571125 ns, At safepoint: 103083 ns, Total: 674208 ns
[2022-04-29T02:48:34.356+0000][160][safepoint   ] Safepoint "Cleanup", Time since last: 1016073417 ns, Reaching safepoint: 640125 ns, At safepoint: 46958 ns, Total: 687083 ns
[2022-04-29T02:48:35.359+0000][160][safepoint   ] Safepoint "Cleanup", Time since last: 1003009418 ns, Reaching safepoint: 318333 ns, At safepoint: 4333 ns, Total: 322666 ns
[2022-04-29T02:48:36.364+0000][160][safepoint   ] Safepoint "Cleanup", Time since last: 1004609334 ns, Reaching safepoint: 230667 ns, At safepoint: 7250 ns, Total: 237917 ns
[2022-04-29T02:48:37.367+0000][160][safepoint   ] Safepoint "Cleanup", Time since last: 1003242000 ns, Reaching safepoint: 280959 ns, At safepoint: 14208 ns, Total: 295167 ns
[2022-04-29T02:49:01.419+0000][160][safepoint   ] Safepoint "Cleanup", Time since last: 24051480928 ns, Reaching safepoint: 55292 ns, At safepoint: 2791 ns, Total: 58083 ns
[2022-04-29T02:55:42.439+0000][160][safepoint   ] Safepoint "Cleanup", Time since last: 22045946218 ns, Reaching safepoint: 65959 ns, At safepoint: 3083 ns, Total: 69042 ns
[2022-04-29T02:55:48.710+0000][160][gc,start    ] GC(75) Pause Young (Normal) (G1 Evacuation Pause)
[2022-04-29T02:55:48.711+0000][160][gc,task     ] GC(75) Using 5 workers of 5 for evacuation
[2022-04-29T02:55:48.711+0000][160][gc,age      ] GC(75) Desired survivor size 20971520 bytes, new threshold 15 (max threshold 15)
[2022-04-29T02:55:48.715+0000][160][gc,age      ] GC(75) Age table with threshold 15 (max threshold 15)
[2022-04-29T02:55:48.715+0000][160][gc,age      ] GC(75) - age   1:    2315920 bytes,    2315920 total
[2022-04-29T02:55:48.716+0000][160][gc,age      ] GC(75) - age   2:      13960 bytes,    2329880 total
[2022-04-29T02:55:48.717+0000][160][gc,age      ] GC(75) - age   3:       6232 bytes,    2336112 total
[2022-04-29T02:55:48.717+0000][160][gc,age      ] GC(75) - age   4:       2160 bytes,    2338272 total
[2022-04-29T02:55:48.718+0000][160][gc,age      ] GC(75) - age   5:      13328 bytes,    2351600 total
[2022-04-29T02:55:48.719+0000][160][gc,age      ] GC(75) - age   6:      16296 bytes,    2367896 total
[2022-04-29T02:55:48.720+0000][160][gc,age      ] GC(75) - age   7:     110600 bytes,    2478496 total
[2022-04-29T02:55:48.720+0000][160][gc,age      ] GC(75) - age   8:     109544 bytes,    2588040 total
[2022-04-29T02:55:48.721+0000][160][gc,age      ] GC(75) - age   9:       3064 bytes,    2591104 total
[2022-04-29T02:55:48.722+0000][160][gc,age      ] GC(75) - age  10:       4720 bytes,    2595824 total
[2022-04-29T02:55:48.722+0000][160][gc,age      ] GC(75) - age  11:     110024 bytes,    2705848 total
[2022-04-29T02:55:48.723+0000][160][gc,age      ] GC(75) - age  12:      12400 bytes,    2718248 total
[2022-04-29T02:55:48.724+0000][160][gc,age      ] GC(75) - age  13:       2104 bytes,    2720352 total
[2022-04-29T02:55:48.724+0000][160][gc,age      ] GC(75) - age  14:       6216 bytes,    2726568 total
[2022-04-29T02:55:48.725+0000][160][gc,age      ] GC(75) - age  15:       2440 bytes,    2729008 total
[2022-04-29T02:55:48.725+0000][160][gc,phases   ] GC(75)   Pre Evacuate Collection Set: 0.1ms
[2022-04-29T02:55:48.726+0000][160][gc,phases   ] GC(75)   Merge Heap Roots: 0.1ms
[2022-04-29T02:55:48.727+0000][160][gc,phases   ] GC(75)   Evacuate Collection Set: 1.3ms
[2022-04-29T02:55:48.727+0000][160][gc,phases   ] GC(75)   Post Evacuate Collection Set: 1.0ms
[2022-04-29T02:55:48.728+0000][160][gc,phases   ] GC(75)   Other: 12.9ms
[2022-04-29T02:55:48.728+0000][160][gc,heap     ] GC(75) Eden regions: 75->0(75)
[2022-04-29T02:55:48.729+0000][160][gc,heap     ] GC(75) Survivor regions: 1->1(10)
[2022-04-29T02:55:48.729+0000][160][gc,heap     ] GC(75) Old regions: 22->22
[2022-04-29T02:55:48.730+0000][160][gc,heap     ] GC(75) Archive regions: 2->2
[2022-04-29T02:55:48.730+0000][160][gc,heap     ] GC(75) Humongous regions: 6->6
[2022-04-29T02:55:48.731+0000][160][gc,metaspace] GC(75) Metaspace: 116809K(118592K)->116809K(118592K) NonClass: 101305K(102336K)->101305K(102336K) Class: 15503K(16256K)->15503K(16256K)
[2022-04-29T02:55:48.731+0000][160][gc          ] GC(75) Pause Young (Normal) (G1 Evacuation Pause) 413M->114M(512M) 21.417ms
[2022-04-29T02:55:48.732+0000][160][gc,cpu      ] GC(75) User=0.01s Sys=0.01s Real=0.02s
[2022-04-29T02:55:48.732+0000][160][safepoint   ] Safepoint "G1CollectForAllocation", Time since last: 6271248253 ns, Reaching safepoint: 53833 ns, At safepoint: 22395750 ns, Total: 22449583 ns
[2022-04-29T03:11:01.000+0000][160][safepoint   ] Safepoint "Cleanup", Time since last: 12042523463 ns, Reaching safepoint: 231709 ns, At safepoint: 6750 ns, Total: 238459 ns
[2022-04-29T03:26:51.535+0000][160][safepoint   ] Safepoint "Cleanup", Time since last: 30118866514 ns, Reaching safepoint: 113541 ns, At safepoint: 38917 ns, Total: 152458 ns
[2022-04-29T03:27:12.648+0000][160][safepoint   ] Safepoint "Cleanup", Time since last: 21088284634 ns, Reaching safepoint: 246459 ns, At safepoint: 6500 ns, Total: 252959 ns
[2022-04-29T03:27:13.652+0000][160][safepoint   ] Safepoint "Cleanup", Time since last: 1003800667 ns, Reaching safepoint: 858125 ns, At safepoint: 20166 ns, Total: 878291 ns
[2022-04-29T03:27:21.677+0000][160][safepoint   ] Safepoint "Cleanup", Time since last: 8025131046 ns, Reaching safepoint: 87041 ns, At safepoint: 9209 ns, Total: 96250 ns
[2022-04-29T03:27:27.693+0000][160][safepoint   ] Safepoint "Cleanup", Time since last: 6015729503 ns, Reaching safepoint: 105250 ns, At safepoint: 3375 ns, Total: 108625 ns
[2022-04-29T03:27:33.510+0000][160][gc,start    ] GC(76) Pause Young (Normal) (G1 Evacuation Pause)
[2022-04-29T03:27:33.511+0000][160][gc,task     ] GC(76) Using 5 workers of 5 for evacuation
[2022-04-29T03:27:33.512+0000][160][gc,age      ] GC(76) Desired survivor size 20971520 bytes, new threshold 15 (max threshold 15)
[2022-04-29T03:27:33.515+0000][160][gc,age      ] GC(76) Age table with threshold 15 (max threshold 15)
[2022-04-29T03:27:33.516+0000][160][gc,age      ] GC(76) - age   1:     763000 bytes,     763000 total
[2022-04-29T03:27:33.517+0000][160][gc,age      ] GC(76) - age   2:       9080 bytes,     772080 total
[2022-04-29T03:27:33.518+0000][160][gc,age      ] GC(76) - age   3:      11784 bytes,     783864 total
[2022-04-29T03:27:33.518+0000][160][gc,age      ] GC(76) - age   4:       5784 bytes,     789648 total
[2022-04-29T03:27:33.519+0000][160][gc,age      ] GC(76) - age   5:       2160 bytes,     791808 total
[2022-04-29T03:27:33.520+0000][160][gc,age      ] GC(76) - age   6:      13328 bytes,     805136 total
[2022-04-29T03:27:33.520+0000][160][gc,age      ] GC(76) - age   7:      16296 bytes,     821432 total
[2022-04-29T03:27:33.521+0000][160][gc,age      ] GC(76) - age   8:     110600 bytes,     932032 total
[2022-04-29T03:27:33.523+0000][160][gc,age      ] GC(76) - age   9:     109544 bytes,    1041576 total
[2022-04-29T03:27:33.523+0000][160][gc,age      ] GC(76) - age  10:       3064 bytes,    1044640 total
[2022-04-29T03:27:33.524+0000][160][gc,age      ] GC(76) - age  11:       4720 bytes,    1049360 total
[2022-04-29T03:27:33.525+0000][160][gc,age      ] GC(76) - age  12:     110024 bytes,    1159384 total
[2022-04-29T03:27:33.526+0000][160][gc,age      ] GC(76) - age  13:      12400 bytes,    1171784 total
[2022-04-29T03:27:33.526+0000][160][gc,age      ] GC(76) - age  14:       2104 bytes,    1173888 total
[2022-04-29T03:27:33.527+0000][160][gc,age      ] GC(76) - age  15:       6216 bytes,    1180104 total
[2022-04-29T03:27:33.528+0000][160][gc,phases   ] GC(76)   Pre Evacuate Collection Set: 0.2ms
[2022-04-29T03:27:33.528+0000][160][gc,phases   ] GC(76)   Merge Heap Roots: 0.2ms
[2022-04-29T03:27:33.529+0000][160][gc,phases   ] GC(76)   Evacuate Collection Set: 1.1ms
[2022-04-29T03:27:33.530+0000][160][gc,phases   ] GC(76)   Post Evacuate Collection Set: 0.9ms
[2022-04-29T03:27:33.530+0000][160][gc,phases   ] GC(76)   Other: 15.2ms
[2022-04-29T03:27:33.531+0000][160][gc,heap     ] GC(76) Eden regions: 75->0(75)
[2022-04-29T03:27:33.531+0000][160][gc,heap     ] GC(76) Survivor regions: 1->1(10)
[2022-04-29T03:27:33.532+0000][160][gc,heap     ] GC(76) Old regions: 22->22
[2022-04-29T03:27:33.533+0000][160][gc,heap     ] GC(76) Archive regions: 2->2
[2022-04-29T03:27:33.533+0000][160][gc,heap     ] GC(76) Humongous regions: 6->6
[2022-04-29T03:27:33.533+0000][160][gc,metaspace] GC(76) Metaspace: 116829K(118656K)->116829K(118656K) NonClass: 101326K(102400K)->101326K(102400K) Class: 15503K(16256K)->15503K(16256K)
[2022-04-29T03:27:33.534+0000][160][gc          ] GC(76) Pause Young (Normal) (G1 Evacuation Pause) 414M->113M(512M) 23.750ms
[2022-04-29T03:27:33.535+0000][160][gc,cpu      ] GC(76) User=0.01s Sys=0.01s Real=0.02s
[2022-04-29T03:27:33.535+0000][160][safepoint   ] Safepoint "G1CollectForAllocation", Time since last: 5816954752 ns, Reaching safepoint: 60417 ns, At safepoint: 25182458 ns, Total: 25242875 ns
[2022-04-29T03:27:34.537+0000][160][safepoint   ] Safepoint "Cleanup", Time since last: 1001068168 ns, Reaching safepoint: 253833 ns, At safepoint: 14792 ns, Total: 268625 ns
[2022-04-29T03:31:30.847+0000][160][safepoint   ] Safepoint "Cleanup", Time since last: 35185816765 ns, Reaching safepoint: 190375 ns, At safepoint: 4084 ns, Total: 194459 ns
[2022-04-29T03:32:10.926+0000][160][safepoint   ] Safepoint "Cleanup", Time since last: 40080419559 ns, Reaching safepoint: 332958 ns, At safepoint: 9417 ns, Total: 342375 ns
[2022-04-29T03:32:15.254+0000][160][gc,start    ] GC(77) Pause Young (Normal) (G1 Evacuation Pause)
[2022-04-29T03:32:15.256+0000][160][gc,task     ] GC(77) Using 5 workers of 5 for evacuation
[2022-04-29T03:32:15.258+0000][160][gc,age      ] GC(77) Desired survivor size 20971520 bytes, new threshold 15 (max threshold 15)
[2022-04-29T03:32:15.265+0000][160][gc,age      ] GC(77) Age table with threshold 15 (max threshold 15)
[2022-04-29T03:32:15.267+0000][160][gc,age      ] GC(77) - age   1:    1047488 bytes,    1047488 total
[2022-04-29T03:32:15.268+0000][160][gc,age      ] GC(77) - age   2:       3136 bytes,    1050624 total
[2022-04-29T03:32:15.269+0000][160][gc,age      ] GC(77) - age   3:       5424 bytes,    1056048 total
[2022-04-29T03:32:15.270+0000][160][gc,age      ] GC(77) - age   4:      11048 bytes,    1067096 total
[2022-04-29T03:32:15.272+0000][160][gc,age      ] GC(77) - age   5:       5464 bytes,    1072560 total
[2022-04-29T03:32:15.273+0000][160][gc,age      ] GC(77) - age   6:       2096 bytes,    1074656 total
[2022-04-29T03:32:15.274+0000][160][gc,age      ] GC(77) - age   7:      12944 bytes,    1087600 total
[2022-04-29T03:32:15.275+0000][160][gc,age      ] GC(77) - age   8:      16016 bytes,    1103616 total
[2022-04-29T03:32:15.276+0000][160][gc,age      ] GC(77) - age   9:     110600 bytes,    1214216 total
[2022-04-29T03:32:15.277+0000][160][gc,age      ] GC(77) - age  10:     109544 bytes,    1323760 total
[2022-04-29T03:32:15.279+0000][160][gc,age      ] GC(77) - age  11:       3064 bytes,    1326824 total
[2022-04-29T03:32:15.280+0000][160][gc,age      ] GC(77) - age  12:       4720 bytes,    1331544 total
[2022-04-29T03:32:15.281+0000][160][gc,age      ] GC(77) - age  13:     110024 bytes,    1441568 total
[2022-04-29T03:32:15.282+0000][160][gc,age      ] GC(77) - age  14:      12400 bytes,    1453968 total
[2022-04-29T03:32:15.283+0000][160][gc,age      ] GC(77) - age  15:       2104 bytes,    1456072 total
[2022-04-29T03:32:15.284+0000][160][gc,phases   ] GC(77)   Pre Evacuate Collection Set: 1.0ms
[2022-04-29T03:32:15.285+0000][160][gc,phases   ] GC(77)   Merge Heap Roots: 0.5ms
[2022-04-29T03:32:15.286+0000][160][gc,phases   ] GC(77)   Evacuate Collection Set: 2.5ms
[2022-04-29T03:32:15.287+0000][160][gc,phases   ] GC(77)   Post Evacuate Collection Set: 0.9ms
[2022-04-29T03:32:15.288+0000][160][gc,phases   ] GC(77)   Other: 25.4ms
[2022-04-29T03:32:15.289+0000][160][gc,heap     ] GC(77) Eden regions: 75->0(75)
[2022-04-29T03:32:15.290+0000][160][gc,heap     ] GC(77) Survivor regions: 1->1(10)
[2022-04-29T03:32:15.290+0000][160][gc,heap     ] GC(77) Old regions: 22->22
[2022-04-29T03:32:15.291+0000][160][gc,heap     ] GC(77) Archive regions: 2->2
[2022-04-29T03:32:15.291+0000][160][gc,heap     ] GC(77) Humongous regions: 6->6
[2022-04-29T03:32:15.292+0000][160][gc,metaspace] GC(77) Metaspace: 116842K(118656K)->116842K(118656K) NonClass: 101338K(102400K)->101338K(102400K) Class: 15504K(16256K)->15504K(16256K)
[2022-04-29T03:32:15.293+0000][160][gc          ] GC(77) Pause Young (Normal) (G1 Evacuation Pause) 413M->113M(512M) 38.698ms
[2022-04-29T03:32:15.293+0000][160][gc,cpu      ] GC(77) User=0.01s Sys=0.01s Real=0.04s
[2022-04-29T03:32:15.294+0000][160][safepoint   ] Safepoint "G1CollectForAllocation", Time since last: 4327963377 ns, Reaching safepoint: 268833 ns, At safepoint: 40148250 ns, Total: 40417083 ns
[2022-04-29T03:32:21.308+0000][160][safepoint   ] Safepoint "Cleanup", Time since last: 6014044336 ns, Reaching safepoint: 173334 ns, At safepoint: 4583 ns, Total: 177917 ns
[2022-04-29T03:32:28.324+0000][160][safepoint   ] Safepoint "Cleanup", Time since last: 7015492295 ns, Reaching safepoint: 318625 ns, At safepoint: 17250 ns, Total: 335875 ns
[2022-04-29T03:32:34.349+0000][160][safepoint   ] Safepoint "Cleanup", Time since last: 6023622377 ns, Reaching safepoint: 176792 ns, At safepoint: 5708 ns, Total: 182500 ns
[2022-04-29T03:32:58.329+0000][160][safepoint   ] Safepoint "Cleanup", Time since last: 23979512387 ns, Reaching safepoint: 434583 ns, At safepoint: 9917 ns, Total: 444500 ns
[2022-04-29T03:33:14.369+0000][160][safepoint   ] Safepoint "Cleanup", Time since last: 16039450840 ns, Reaching safepoint: 849459 ns, At safepoint: 21416 ns, Total: 870875 ns
[2022-04-29T03:33:34.420+0000][160][safepoint   ] Safepoint "Cleanup", Time since last: 20051306384 ns, Reaching safepoint: 150958 ns, At safepoint: 4584 ns, Total: 155542 ns
[2022-04-29T03:33:42.594+0000][160][gc,start    ] GC(78) Pause Young (Normal) (G1 Evacuation Pause)
[2022-04-29T03:33:42.596+0000][160][gc,task     ] GC(78) Using 5 workers of 5 for evacuation
[2022-04-29T03:33:42.597+0000][160][gc,age      ] GC(78) Desired survivor size 20971520 bytes, new threshold 15 (max threshold 15)
[2022-04-29T03:33:42.600+0000][160][gc,age      ] GC(78) Age table with threshold 15 (max threshold 15)
[2022-04-29T03:33:42.602+0000][160][gc,age      ] GC(78) - age   1:    1261176 bytes,    1261176 total
[2022-04-29T03:33:42.602+0000][160][gc,age      ] GC(78) - age   2:     143800 bytes,    1404976 total
[2022-04-29T03:33:42.603+0000][160][gc,age      ] GC(78) - age   3:       2464 bytes,    1407440 total
[2022-04-29T03:33:42.605+0000][160][gc,age      ] GC(78) - age   4:       4920 bytes,    1412360 total
[2022-04-29T03:33:42.606+0000][160][gc,age      ] GC(78) - age   5:      10648 bytes,    1423008 total
[2022-04-29T03:33:42.606+0000][160][gc,age      ] GC(78) - age   6:       5464 bytes,    1428472 total
[2022-04-29T03:33:42.608+0000][160][gc,age      ] GC(78) - age   7:       2096 bytes,    1430568 total
[2022-04-29T03:33:42.609+0000][160][gc,age      ] GC(78) - age   8:      11024 bytes,    1441592 total
[2022-04-29T03:33:42.609+0000][160][gc,age      ] GC(78) - age   9:      16016 bytes,    1457608 total
[2022-04-29T03:33:42.610+0000][160][gc,age      ] GC(78) - age  10:     110600 bytes,    1568208 total
[2022-04-29T03:33:42.611+0000][160][gc,age      ] GC(78) - age  11:     109544 bytes,    1677752 total
[2022-04-29T03:33:42.611+0000][160][gc,age      ] GC(78) - age  12:       3064 bytes,    1680816 total
[2022-04-29T03:33:42.612+0000][160][gc,age      ] GC(78) - age  13:       4720 bytes,    1685536 total
[2022-04-29T03:33:42.613+0000][160][gc,age      ] GC(78) - age  14:     110024 bytes,    1795560 total
[2022-04-29T03:33:42.613+0000][160][gc,age      ] GC(78) - age  15:      12400 bytes,    1807960 total
[2022-04-29T03:33:42.614+0000][160][gc,phases   ] GC(78)   Pre Evacuate Collection Set: 0.4ms
[2022-04-29T03:33:42.615+0000][160][gc,phases   ] GC(78)   Merge Heap Roots: 0.4ms
[2022-04-29T03:33:42.616+0000][160][gc,phases   ] GC(78)   Evacuate Collection Set: 1.1ms
[2022-04-29T03:33:42.617+0000][160][gc,phases   ] GC(78)   Post Evacuate Collection Set: 0.8ms
[2022-04-29T03:33:42.617+0000][160][gc,phases   ] GC(78)   Other: 17.3ms
[2022-04-29T03:33:42.618+0000][160][gc,heap     ] GC(78) Eden regions: 75->0(75)
[2022-04-29T03:33:42.619+0000][160][gc,heap     ] GC(78) Survivor regions: 1->1(10)
[2022-04-29T03:33:42.619+0000][160][gc,heap     ] GC(78) Old regions: 22->22
[2022-04-29T03:33:42.620+0000][160][gc,heap     ] GC(78) Archive regions: 2->2
[2022-04-29T03:33:42.621+0000][160][gc,heap     ] GC(78) Humongous regions: 6->6
[2022-04-29T03:33:42.621+0000][160][gc,metaspace] GC(78) Metaspace: 116846K(118656K)->116846K(118656K) NonClass: 101342K(102400K)->101342K(102400K) Class: 15504K(16256K)->15504K(16256K)
[2022-04-29T03:33:42.622+0000][160][gc          ] GC(78) Pause Young (Normal) (G1 Evacuation Pause) 413M->113M(512M) 27.929ms
[2022-04-29T03:33:42.623+0000][160][gc,cpu      ] GC(78) User=0.01s Sys=0.01s Real=0.03s
[2022-04-29T03:33:42.624+0000][160][safepoint   ] Safepoint "G1CollectForAllocation", Time since last: 8173736212 ns, Reaching safepoint: 203208 ns, At safepoint: 29388917 ns, Total: 29592125 ns
[2022-04-29T03:33:58.888+0000][160][safepoint   ] Safepoint "Cleanup", Time since last: 16264391424 ns, Reaching safepoint: 189209 ns, At safepoint: 6708 ns, Total: 195917 ns
[2022-04-29T03:34:14.462+0000][160][safepoint   ] Safepoint "Cleanup", Time since last: 15039896923 ns, Reaching safepoint: 156083 ns, At safepoint: 108250 ns, Total: 264333 ns
[2022-04-29T03:34:49.582+0000][160][safepoint   ] Safepoint "Cleanup", Time since last: 35120244683 ns, Reaching safepoint: 120209 ns, At safepoint: 2708 ns, Total: 122917 ns
[2022-04-29T03:34:58.605+0000][160][safepoint   ] Safepoint "Cleanup", Time since last: 9022668463 ns, Reaching safepoint: 253458 ns, At safepoint: 6833 ns, Total: 260291 ns
[2022-04-29T03:35:01.266+0000][160][gc,start    ] GC(79) Pause Young (Normal) (G1 Evacuation Pause)
[2022-04-29T03:35:01.267+0000][160][gc,task     ] GC(79) Using 5 workers of 5 for evacuation
[2022-04-29T03:35:01.267+0000][160][gc,age      ] GC(79) Desired survivor size 20971520 bytes, new threshold 15 (max threshold 15)
[2022-04-29T03:35:01.270+0000][160][gc,age      ] GC(79) Age table with threshold 15 (max threshold 15)
[2022-04-29T03:35:01.271+0000][160][gc,age      ] GC(79) - age   1:    1978600 bytes,    1978600 total
[2022-04-29T03:35:01.271+0000][160][gc,age      ] GC(79) - age   2:     128224 bytes,    2106824 total
[2022-04-29T03:35:01.272+0000][160][gc,age      ] GC(79) - age   3:      21520 bytes,    2128344 total
[2022-04-29T03:35:01.272+0000][160][gc,age      ] GC(79) - age   4:       2272 bytes,    2130616 total
[2022-04-29T03:35:01.273+0000][160][gc,age      ] GC(79) - age   5:       4792 bytes,    2135408 total
[2022-04-29T03:35:01.273+0000][160][gc,age      ] GC(79) - age   6:      10208 bytes,    2145616 total
[2022-04-29T03:35:01.275+0000][160][gc,age      ] GC(79) - age   7:       5400 bytes,    2151016 total
[2022-04-29T03:35:01.276+0000][160][gc,age      ] GC(79) - age   8:       2096 bytes,    2153112 total
[2022-04-29T03:35:01.276+0000][160][gc,age      ] GC(79) - age   9:      11024 bytes,    2164136 total
[2022-04-29T03:35:01.277+0000][160][gc,age      ] GC(79) - age  10:      16016 bytes,    2180152 total
[2022-04-29T03:35:01.277+0000][160][gc,age      ] GC(79) - age  11:     110600 bytes,    2290752 total
[2022-04-29T03:35:01.278+0000][160][gc,age      ] GC(79) - age  12:     109544 bytes,    2400296 total
[2022-04-29T03:35:01.279+0000][160][gc,age      ] GC(79) - age  13:       3064 bytes,    2403360 total
[2022-04-29T03:35:01.279+0000][160][gc,age      ] GC(79) - age  14:       4720 bytes,    2408080 total
[2022-04-29T03:35:01.280+0000][160][gc,age      ] GC(79) - age  15:     109640 bytes,    2517720 total
[2022-04-29T03:35:01.281+0000][160][gc,phases   ] GC(79)   Pre Evacuate Collection Set: 0.1ms
[2022-04-29T03:35:01.281+0000][160][gc,phases   ] GC(79)   Merge Heap Roots: 0.1ms
[2022-04-29T03:35:01.282+0000][160][gc,phases   ] GC(79)   Evacuate Collection Set: 1.1ms
[2022-04-29T03:35:01.282+0000][160][gc,phases   ] GC(79)   Post Evacuate Collection Set: 0.8ms
[2022-04-29T03:35:01.283+0000][160][gc,phases   ] GC(79)   Other: 12.4ms
[2022-04-29T03:35:01.283+0000][160][gc,heap     ] GC(79) Eden regions: 75->0(75)
[2022-04-29T03:35:01.284+0000][160][gc,heap     ] GC(79) Survivor regions: 1->1(10)
[2022-04-29T03:35:01.285+0000][160][gc,heap     ] GC(79) Old regions: 22->22
[2022-04-29T03:35:01.285+0000][160][gc,heap     ] GC(79) Archive regions: 2->2
[2022-04-29T03:35:01.286+0000][160][gc,heap     ] GC(79) Humongous regions: 6->6
[2022-04-29T03:35:01.286+0000][160][gc,metaspace] GC(79) Metaspace: 116866K(118656K)->116866K(118656K) NonClass: 101360K(102400K)->101360K(102400K) Class: 15505K(16256K)->15505K(16256K)
[2022-04-29T03:35:01.287+0000][160][gc          ] GC(79) Pause Young (Normal) (G1 Evacuation Pause) 413M->114M(512M) 20.652ms
[2022-04-29T03:35:01.288+0000][160][gc,cpu      ] GC(79) User=0.01s Sys=0.00s Real=0.02s
[2022-04-29T03:35:01.288+0000][160][safepoint   ] Safepoint "G1CollectForAllocation", Time since last: 2660830877 ns, Reaching safepoint: 40291 ns, At safepoint: 21945000 ns, Total: 21985291 ns
[2022-04-29T03:35:06.306+0000][160][safepoint   ] Safepoint "Cleanup", Time since last: 5015040794 ns, Reaching safepoint: 496542 ns, At safepoint: 13958 ns, Total: 510500 ns
[2022-04-29T03:35:35.416+0000][160][safepoint   ] Safepoint "Cleanup", Time since last: 29114212930 ns, Reaching safepoint: 3222583 ns, At safepoint: 14042 ns, Total: 3236625 ns
[2022-04-29T03:35:53.463+0000][160][safepoint   ] Safepoint "Cleanup", Time since last: 18046473425 ns, Reaching safepoint: 333125 ns, At safepoint: 398167 ns, Total: 731292 ns
[2022-04-29T03:35:55.479+0000][160][safepoint   ] Safepoint "Cleanup", Time since last: 2016108917 ns, Reaching safepoint: 251917 ns, At safepoint: 5458 ns, Total: 257375 ns
[2022-04-29T03:36:01.487+0000][160][safepoint   ] Safepoint "Cleanup", Time since last: 6007851045 ns, Reaching safepoint: 96875 ns, At safepoint: 2541 ns, Total: 99416 ns
[2022-04-29T03:36:04.487+0000][160][safepoint   ] Safepoint "Cleanup", Time since last: 3005995418 ns, Reaching safepoint: 1991208 ns, At safepoint: 20208 ns, Total: 2011416 ns
[2022-04-29T03:36:07.506+0000][160][safepoint   ] Safepoint "Cleanup", Time since last: 3018709918 ns, Reaching safepoint: 219667 ns, At safepoint: 12917 ns, Total: 232584 ns
[2022-04-29T03:36:14.533+0000][160][safepoint   ] Safepoint "Cleanup", Time since last: 7026522503 ns, Reaching safepoint: 494792 ns, At safepoint: 13291 ns, Total: 508083 ns
[2022-04-29T03:36:19.556+0000][160][safepoint   ] Safepoint "Cleanup", Time since last: 5023015086 ns, Reaching safepoint: 130208 ns, At safepoint: 4125 ns, Total: 134333 ns
[2022-04-29T03:36:20.565+0000][160][safepoint   ] Safepoint "Cleanup", Time since last: 1008326334 ns, Reaching safepoint: 350542 ns, At safepoint: 8375 ns, Total: 358917 ns
[2022-04-29T03:36:25.758+0000][160][gc,start    ] GC(80) Pause Young (Normal) (G1 Evacuation Pause)
[2022-04-29T03:36:25.758+0000][160][gc,task     ] GC(80) Using 5 workers of 5 for evacuation
[2022-04-29T03:36:25.759+0000][160][gc,age      ] GC(80) Desired survivor size 20971520 bytes, new threshold 15 (max threshold 15)
[2022-04-29T03:36:25.762+0000][160][gc,age      ] GC(80) Age table with threshold 15 (max threshold 15)
[2022-04-29T03:36:25.762+0000][160][gc,age      ] GC(80) - age   1:    1032344 bytes,    1032344 total
[2022-04-29T03:36:25.764+0000][160][gc,age      ] GC(80) - age   2:       7624 bytes,    1039968 total
[2022-04-29T03:36:25.765+0000][160][gc,age      ] GC(80) - age   3:       6088 bytes,    1046056 total
[2022-04-29T03:36:25.766+0000][160][gc,age      ] GC(80) - age   4:      20368 bytes,    1066424 total
[2022-04-29T03:36:25.767+0000][160][gc,age      ] GC(80) - age   5:       2016 bytes,    1068440 total
[2022-04-29T03:36:25.768+0000][160][gc,age      ] GC(80) - age   6:       4792 bytes,    1073232 total
[2022-04-29T03:36:25.769+0000][160][gc,age      ] GC(80) - age   7:      10208 bytes,    1083440 total
[2022-04-29T03:36:25.770+0000][160][gc,age      ] GC(80) - age   8:       5400 bytes,    1088840 total
[2022-04-29T03:36:25.770+0000][160][gc,age      ] GC(80) - age   9:       2096 bytes,    1090936 total
[2022-04-29T03:36:25.771+0000][160][gc,age      ] GC(80) - age  10:      11024 bytes,    1101960 total
[2022-04-29T03:36:25.771+0000][160][gc,age      ] GC(80) - age  11:      16016 bytes,    1117976 total
[2022-04-29T03:36:25.772+0000][160][gc,age      ] GC(80) - age  12:     110600 bytes,    1228576 total
[2022-04-29T03:36:25.773+0000][160][gc,age      ] GC(80) - age  13:     109544 bytes,    1338120 total
[2022-04-29T03:36:25.773+0000][160][gc,age      ] GC(80) - age  14:       3064 bytes,    1341184 total
[2022-04-29T03:36:25.774+0000][160][gc,age      ] GC(80) - age  15:       4720 bytes,    1345904 total
[2022-04-29T03:36:25.775+0000][160][gc,phases   ] GC(80)   Pre Evacuate Collection Set: 0.1ms
[2022-04-29T03:36:25.775+0000][160][gc,phases   ] GC(80)   Merge Heap Roots: 0.2ms
[2022-04-29T03:36:25.777+0000][160][gc,phases   ] GC(80)   Evacuate Collection Set: 1.2ms
[2022-04-29T03:36:25.778+0000][160][gc,phases   ] GC(80)   Post Evacuate Collection Set: 0.7ms
[2022-04-29T03:36:25.778+0000][160][gc,phases   ] GC(80)   Other: 14.7ms
[2022-04-29T03:36:25.779+0000][160][gc,heap     ] GC(80) Eden regions: 75->0(75)
[2022-04-29T03:36:25.780+0000][160][gc,heap     ] GC(80) Survivor regions: 1->1(10)
[2022-04-29T03:36:25.781+0000][160][gc,heap     ] GC(80) Old regions: 22->22
[2022-04-29T03:36:25.781+0000][160][gc,heap     ] GC(80) Archive regions: 2->2
[2022-04-29T03:36:25.782+0000][160][gc,heap     ] GC(80) Humongous regions: 6->6
[2022-04-29T03:36:25.783+0000][160][gc,metaspace] GC(80) Metaspace: 116898K(118656K)->116898K(118656K) NonClass: 101393K(102400K)->101393K(102400K) Class: 15505K(16256K)->15505K(16256K)
[2022-04-29T03:36:25.784+0000][160][gc          ] GC(80) Pause Young (Normal) (G1 Evacuation Pause) 414M->113M(512M) 26.365ms
[2022-04-29T03:36:25.785+0000][160][gc,cpu      ] GC(80) User=0.00s Sys=0.01s Real=0.03s
[2022-04-29T03:36:25.785+0000][160][safepoint   ] Safepoint "G1CollectForAllocation", Time since last: 5192801836 ns, Reaching safepoint: 121500 ns, At safepoint: 27699916 ns, Total: 27821416 ns
[2022-04-29T03:36:34.814+0000][160][safepoint   ] Safepoint "Cleanup", Time since last: 9025452337 ns, Reaching safepoint: 1781000 ns, At safepoint: 20084 ns, Total: 1801084 ns
[2022-04-29T03:36:35.820+0000][160][safepoint   ] Safepoint "Cleanup", Time since last: 1006080667 ns, Reaching safepoint: 438625 ns, At safepoint: 11708 ns, Total: 450333 ns
[2022-04-29T03:36:40.835+0000][160][safepoint   ] Safepoint "Cleanup", Time since last: 5014507628 ns, Reaching safepoint: 159083 ns, At safepoint: 5792 ns, Total: 164875 ns
[2022-04-29T03:37:34.951+0000][160][safepoint   ] Safepoint "Cleanup", Time since last: 54120611191 ns, Reaching safepoint: 651625 ns, At safepoint: 14458 ns, Total: 666083 ns
[2022-04-29T03:37:45.937+0000][160][gc,start    ] GC(81) Pause Young (Normal) (G1 Evacuation Pause)
[2022-04-29T03:37:45.943+0000][160][gc,task     ] GC(81) Using 5 workers of 5 for evacuation
[2022-04-29T03:37:45.946+0000][160][gc,age      ] GC(81) Desired survivor size 20971520 bytes, new threshold 15 (max threshold 15)
[2022-04-29T03:37:45.956+0000][160][gc,age      ] GC(81) Age table with threshold 15 (max threshold 15)
[2022-04-29T03:37:45.958+0000][160][gc,age      ] GC(81) - age   1:    1189264 bytes,    1189264 total
[2022-04-29T03:37:45.960+0000][160][gc,age      ] GC(81) - age   2:       5728 bytes,    1194992 total
[2022-04-29T03:37:45.962+0000][160][gc,age      ] GC(81) - age   3:       4720 bytes,    1199712 total
[2022-04-29T03:37:45.963+0000][160][gc,age      ] GC(81) - age   4:       4920 bytes,    1204632 total
[2022-04-29T03:37:45.965+0000][160][gc,age      ] GC(81) - age   5:      20304 bytes,    1224936 total
[2022-04-29T03:37:45.966+0000][160][gc,age      ] GC(81) - age   6:       1952 bytes,    1226888 total
[2022-04-29T03:37:45.968+0000][160][gc,age      ] GC(81) - age   7:       4792 bytes,    1231680 total
[2022-04-29T03:37:45.969+0000][160][gc,age      ] GC(81) - age   8:      10208 bytes,    1241888 total
[2022-04-29T03:37:45.971+0000][160][gc,age      ] GC(81) - age   9:       5400 bytes,    1247288 total
[2022-04-29T03:37:45.972+0000][160][gc,age      ] GC(81) - age  10:       2096 bytes,    1249384 total
[2022-04-29T03:37:45.974+0000][160][gc,age      ] GC(81) - age  11:      11024 bytes,    1260408 total
[2022-04-29T03:37:45.975+0000][160][gc,age      ] GC(81) - age  12:      16016 bytes,    1276424 total
[2022-04-29T03:37:45.976+0000][160][gc,age      ] GC(81) - age  13:     110560 bytes,    1386984 total
[2022-04-29T03:37:45.977+0000][160][gc,age      ] GC(81) - age  14:     109544 bytes,    1496528 total
[2022-04-29T03:37:45.978+0000][160][gc,age      ] GC(81) - age  15:       3064 bytes,    1499592 total
[2022-04-29T03:37:45.979+0000][160][gc,phases   ] GC(81)   Pre Evacuate Collection Set: 0.3ms
[2022-04-29T03:37:45.980+0000][160][gc,phases   ] GC(81)   Merge Heap Roots: 0.3ms
[2022-04-29T03:37:45.982+0000][160][gc,phases   ] GC(81)   Evacuate Collection Set: 4.2ms
[2022-04-29T03:37:45.983+0000][160][gc,phases   ] GC(81)   Post Evacuate Collection Set: 1.8ms
[2022-04-29T03:37:45.983+0000][160][gc,phases   ] GC(81)   Other: 36.2ms
[2022-04-29T03:37:45.984+0000][160][gc,heap     ] GC(81) Eden regions: 75->0(75)
[2022-04-29T03:37:45.985+0000][160][gc,heap     ] GC(81) Survivor regions: 1->1(10)
[2022-04-29T03:37:45.986+0000][160][gc,heap     ] GC(81) Old regions: 22->22
[2022-04-29T03:37:45.988+0000][160][gc,heap     ] GC(81) Archive regions: 2->2
[2022-04-29T03:37:45.989+0000][160][gc,heap     ] GC(81) Humongous regions: 6->6
[2022-04-29T03:37:45.989+0000][160][gc,metaspace] GC(81) Metaspace: 116916K(118720K)->116916K(118720K) NonClass: 101411K(102464K)->101411K(102464K) Class: 15505K(16256K)->15505K(16256K)
[2022-04-29T03:37:45.990+0000][160][gc          ] GC(81) Pause Young (Normal) (G1 Evacuation Pause) 413M->113M(512M) 53.189ms
[2022-04-29T03:37:45.991+0000][160][gc,cpu      ] GC(81) User=0.02s Sys=0.00s Real=0.05s
[2022-04-29T03:37:45.992+0000][160][safepoint   ] Safepoint "G1CollectForAllocation", Time since last: 10984888714 ns, Reaching safepoint: 788333 ns, At safepoint: 55267667 ns, Total: 56056000 ns
[2022-04-29T03:37:49.994+0000][160][safepoint   ] Safepoint "Cleanup", Time since last: 4001986169 ns, Reaching safepoint: 151208 ns, At safepoint: 10083 ns, Total: 161291 ns
[2022-04-29T03:38:07.032+0000][160][safepoint   ] Safepoint "Cleanup", Time since last: 17037596674 ns, Reaching safepoint: 201542 ns, At safepoint: 9625 ns, Total: 211167 ns
[2022-04-29T03:38:34.084+0000][160][safepoint   ] Safepoint "Cleanup", Time since last: 27051241971 ns, Reaching safepoint: 631250 ns, At safepoint: 8375 ns, Total: 639625 ns
[2022-04-29T03:38:35.090+0000][160][safepoint   ] Safepoint "Cleanup", Time since last: 1004333167 ns, Reaching safepoint: 225416 ns, At safepoint: 7417 ns, Total: 232833 ns
[2022-04-29T03:38:36.102+0000][160][safepoint   ] Safepoint "Cleanup", Time since last: 1011651876 ns, Reaching safepoint: 667250 ns, At safepoint: 8750 ns, Total: 676000 ns
[2022-04-29T03:38:56.134+0000][160][safepoint   ] Safepoint "Cleanup", Time since last: 20029986301 ns, Reaching safepoint: 2388500 ns, At safepoint: 9167 ns, Total: 2397667 ns
[2022-04-29T03:38:59.146+0000][160][safepoint   ] Safepoint "Cleanup", Time since last: 3006002543 ns, Reaching safepoint: 5228333 ns, At safepoint: 44708 ns, Total: 5273041 ns
[2022-04-29T03:39:01.168+0000][160][safepoint   ] Safepoint "Cleanup", Time since last: 2021840626 ns, Reaching safepoint: 128250 ns, At safepoint: 4375 ns, Total: 132625 ns
[2022-04-29T03:39:02.174+0000][160][safepoint   ] Safepoint "Cleanup", Time since last: 1005130626 ns, Reaching safepoint: 1212750 ns, At safepoint: 7416 ns, Total: 1220166 ns
[2022-04-29T03:39:07.182+0000][160][safepoint   ] Safepoint "Cleanup", Time since last: 5007676502 ns, Reaching safepoint: 637417 ns, At safepoint: 4750 ns, Total: 642167 ns
[2022-04-29T03:39:09.188+0000][160][safepoint   ] Safepoint "Cleanup", Time since last: 2004020251 ns, Reaching safepoint: 1635416 ns, At safepoint: 16375 ns, Total: 1651791 ns
[2022-04-29T03:39:13.076+0000][160][gc,start    ] GC(82) Pause Young (Normal) (G1 Evacuation Pause)
[2022-04-29T03:39:13.077+0000][160][gc,task     ] GC(82) Using 5 workers of 5 for evacuation
[2022-04-29T03:39:13.078+0000][160][gc,age      ] GC(82) Desired survivor size 20971520 bytes, new threshold 15 (max threshold 15)
[2022-04-29T03:39:13.081+0000][160][gc,age      ] GC(82) Age table with threshold 15 (max threshold 15)
[2022-04-29T03:39:13.082+0000][160][gc,age      ] GC(82) - age   1:    1704576 bytes,    1704576 total
[2022-04-29T03:39:13.083+0000][160][gc,age      ] GC(82) - age   2:      12440 bytes,    1717016 total
[2022-04-29T03:39:13.084+0000][160][gc,age      ] GC(82) - age   3:       3952 bytes,    1720968 total
[2022-04-29T03:39:13.084+0000][160][gc,age      ] GC(82) - age   4:       4152 bytes,    1725120 total
[2022-04-29T03:39:13.085+0000][160][gc,age      ] GC(82) - age   5:       4472 bytes,    1729592 total
[2022-04-29T03:39:13.085+0000][160][gc,age      ] GC(82) - age   6:      20304 bytes,    1749896 total
[2022-04-29T03:39:13.086+0000][160][gc,age      ] GC(82) - age   7:       1952 bytes,    1751848 total
[2022-04-29T03:39:13.087+0000][160][gc,age      ] GC(82) - age   8:       4792 bytes,    1756640 total
[2022-04-29T03:39:13.087+0000][160][gc,age      ] GC(82) - age   9:      10208 bytes,    1766848 total
[2022-04-29T03:39:13.088+0000][160][gc,age      ] GC(82) - age  10:       5400 bytes,    1772248 total
[2022-04-29T03:39:13.089+0000][160][gc,age      ] GC(82) - age  11:       2096 bytes,    1774344 total
[2022-04-29T03:39:13.089+0000][160][gc,age      ] GC(82) - age  12:      11024 bytes,    1785368 total
[2022-04-29T03:39:13.090+0000][160][gc,age      ] GC(82) - age  13:      16016 bytes,    1801384 total
[2022-04-29T03:39:13.091+0000][160][gc,age      ] GC(82) - age  14:     110560 bytes,    1911944 total
[2022-04-29T03:39:13.091+0000][160][gc,age      ] GC(82) - age  15:     109544 bytes,    2021488 total
[2022-04-29T03:39:13.092+0000][160][gc,phases   ] GC(82)   Pre Evacuate Collection Set: 0.2ms
[2022-04-29T03:39:13.093+0000][160][gc,phases   ] GC(82)   Merge Heap Roots: 0.1ms
[2022-04-29T03:39:13.094+0000][160][gc,phases   ] GC(82)   Evacuate Collection Set: 1.5ms
[2022-04-29T03:39:13.095+0000][160][gc,phases   ] GC(82)   Post Evacuate Collection Set: 0.6ms
[2022-04-29T03:39:13.095+0000][160][gc,phases   ] GC(82)   Other: 13.6ms
[2022-04-29T03:39:13.096+0000][160][gc,heap     ] GC(82) Eden regions: 75->0(75)
[2022-04-29T03:39:13.096+0000][160][gc,heap     ] GC(82) Survivor regions: 1->1(10)
[2022-04-29T03:39:13.097+0000][160][gc,heap     ] GC(82) Old regions: 22->22
[2022-04-29T03:39:13.097+0000][160][gc,heap     ] GC(82) Archive regions: 2->2
[2022-04-29T03:39:13.098+0000][160][gc,heap     ] GC(82) Humongous regions: 6->6
[2022-04-29T03:39:13.100+0000][160][gc,metaspace] GC(82) Metaspace: 116932K(118720K)->116932K(118720K) NonClass: 101427K(102464K)->101427K(102464K) Class: 15505K(16256K)->15505K(16256K)
[2022-04-29T03:39:13.100+0000][160][gc          ] GC(82) Pause Young (Normal) (G1 Evacuation Pause) 413M->114M(512M) 23.992ms
[2022-04-29T03:39:13.101+0000][160][gc,cpu      ] GC(82) User=0.01s Sys=0.00s Real=0.03s
[2022-04-29T03:39:13.102+0000][160][safepoint   ] Safepoint "G1CollectForAllocation", Time since last: 3888374586 ns, Reaching safepoint: 179000 ns, At safepoint: 25625500 ns, Total: 25804500 ns
[2022-04-29T03:39:29.141+0000][160][safepoint   ] Safepoint "Cleanup", Time since last: 16038348466 ns, Reaching safepoint: 700291 ns, At safepoint: 9959 ns, Total: 710250 ns
[2022-04-29T03:39:33.146+0000][160][safepoint   ] Safepoint "Cleanup", Time since last: 4004977668 ns, Reaching safepoint: 63709 ns, At safepoint: 2666 ns, Total: 66375 ns
[2022-04-29T03:39:34.150+0000][160][safepoint   ] Safepoint "Cleanup", Time since last: 1003606876 ns, Reaching safepoint: 234583 ns, At safepoint: 7958 ns, Total: 242541 ns
[2022-04-29T03:39:38.158+0000][160][safepoint   ] Safepoint "Cleanup", Time since last: 4009014877 ns, Reaching safepoint: 190875 ns, At safepoint: 4167 ns, Total: 195042 ns
[2022-04-29T03:39:44.169+0000][160][safepoint   ] Safepoint "Cleanup", Time since last: 6011568211 ns, Reaching safepoint: 82416 ns, At safepoint: 3417 ns, Total: 85833 ns
[2022-04-29T03:40:06.214+0000][160][safepoint   ] Safepoint "Cleanup", Time since last: 22039655302 ns, Reaching safepoint: 283416 ns, At safepoint: 10292 ns, Total: 293708 ns
[2022-04-29T03:40:31.411+0000][160][gc,start    ] GC(83) Pause Young (Normal) (G1 Evacuation Pause)
[2022-04-29T03:40:31.412+0000][160][gc,task     ] GC(83) Using 5 workers of 5 for evacuation
[2022-04-29T03:40:31.413+0000][160][gc,age      ] GC(83) Desired survivor size 20971520 bytes, new threshold 15 (max threshold 15)
[2022-04-29T03:40:31.417+0000][160][gc,age      ] GC(83) Age table with threshold 15 (max threshold 15)
[2022-04-29T03:40:31.418+0000][160][gc,age      ] GC(83) - age   1:     594664 bytes,     594664 total
[2022-04-29T03:40:31.420+0000][160][gc,age      ] GC(83) - age   2:       6232 bytes,     600896 total
[2022-04-29T03:40:31.421+0000][160][gc,age      ] GC(83) - age   3:       9920 bytes,     610816 total
[2022-04-29T03:40:31.422+0000][160][gc,age      ] GC(83) - age   4:       3568 bytes,     614384 total
[2022-04-29T03:40:31.423+0000][160][gc,age      ] GC(83) - age   5:       4024 bytes,     618408 total
[2022-04-29T03:40:31.424+0000][160][gc,age      ] GC(83) - age   6:       4472 bytes,     622880 total
[2022-04-29T03:40:31.425+0000][160][gc,age      ] GC(83) - age   7:      20304 bytes,     643184 total
[2022-04-29T03:40:31.426+0000][160][gc,age      ] GC(83) - age   8:       1952 bytes,     645136 total
[2022-04-29T03:40:31.427+0000][160][gc,age      ] GC(83) - age   9:       4592 bytes,     649728 total
[2022-04-29T03:40:31.428+0000][160][gc,age      ] GC(83) - age  10:      10208 bytes,     659936 total
[2022-04-29T03:40:31.428+0000][160][gc,age      ] GC(83) - age  11:       5400 bytes,     665336 total
[2022-04-29T03:40:31.429+0000][160][gc,age      ] GC(83) - age  12:       2096 bytes,     667432 total
[2022-04-29T03:40:31.430+0000][160][gc,age      ] GC(83) - age  13:      11024 bytes,     678456 total
[2022-04-29T03:40:31.430+0000][160][gc,age      ] GC(83) - age  14:      16016 bytes,     694472 total
[2022-04-29T03:40:31.431+0000][160][gc,age      ] GC(83) - age  15:     110560 bytes,     805032 total
[2022-04-29T03:40:31.432+0000][160][gc,phases   ] GC(83)   Pre Evacuate Collection Set: 0.1ms
[2022-04-29T03:40:31.432+0000][160][gc,phases   ] GC(83)   Merge Heap Roots: 0.1ms
[2022-04-29T03:40:31.433+0000][160][gc,phases   ] GC(83)   Evacuate Collection Set: 1.6ms
[2022-04-29T03:40:31.434+0000][160][gc,phases   ] GC(83)   Post Evacuate Collection Set: 1.1ms
[2022-04-29T03:40:31.434+0000][160][gc,phases   ] GC(83)   Other: 18.1ms
[2022-04-29T03:40:31.435+0000][160][gc,heap     ] GC(83) Eden regions: 75->0(75)
[2022-04-29T03:40:31.436+0000][160][gc,heap     ] GC(83) Survivor regions: 1->1(10)
[2022-04-29T03:40:31.437+0000][160][gc,heap     ] GC(83) Old regions: 22->22
[2022-04-29T03:40:31.437+0000][160][gc,heap     ] GC(83) Archive regions: 2->2
[2022-04-29T03:40:31.438+0000][160][gc,heap     ] GC(83) Humongous regions: 6->6
[2022-04-29T03:40:31.439+0000][160][gc,metaspace] GC(83) Metaspace: 116936K(118720K)->116936K(118720K) NonClass: 101430K(102464K)->101430K(102464K) Class: 15505K(16256K)->15505K(16256K)
[2022-04-29T03:40:31.439+0000][160][gc          ] GC(83) Pause Young (Normal) (G1 Evacuation Pause) 414M->113M(512M) 28.595ms
[2022-04-29T03:40:31.440+0000][160][gc,cpu      ] GC(83) User=0.01s Sys=0.00s Real=0.03s
[2022-04-29T03:40:31.440+0000][160][safepoint   ] Safepoint "G1CollectForAllocation", Time since last: 25196263970 ns, Reaching safepoint: 69209 ns, At safepoint: 29738916 ns, Total: 29808125 ns
[2022-04-29T03:40:35.444+0000][160][safepoint   ] Safepoint "Cleanup", Time since last: 4008012835 ns, Reaching safepoint: 302916 ns, At safepoint: 11292 ns, Total: 314208 ns
[2022-04-29T03:40:49.479+0000][160][safepoint   ] Safepoint "Cleanup", Time since last: 14035273507 ns, Reaching safepoint: 82041 ns, At safepoint: 3625 ns, Total: 85666 ns
[2022-04-29T03:40:58.499+0000][160][safepoint   ] Safepoint "Cleanup", Time since last: 9019622671 ns, Reaching safepoint: 329959 ns, At safepoint: 7458 ns, Total: 337417 ns
[2022-04-29T03:41:06.524+0000][160][safepoint   ] Safepoint "Cleanup", Time since last: 8019336545 ns, Reaching safepoint: 243916 ns, At safepoint: 11792 ns, Total: 255708 ns
[2022-04-29T03:41:13.551+0000][160][safepoint   ] Safepoint "Cleanup", Time since last: 7026665795 ns, Reaching safepoint: 93167 ns, At safepoint: 2708 ns, Total: 95875 ns
[2022-04-29T03:41:16.556+0000][160][safepoint   ] Safepoint "Cleanup", Time since last: 3004420127 ns, Reaching safepoint: 432333 ns, At safepoint: 44500 ns, Total: 476833 ns
[2022-04-29T03:41:35.593+0000][160][safepoint   ] Safepoint "Cleanup", Time since last: 19042957009 ns, Reaching safepoint: 101375 ns, At safepoint: 146083 ns, Total: 247458 ns
[2022-04-29T03:41:37.598+0000][160][safepoint   ] Safepoint "Cleanup", Time since last: 2004663459 ns, Reaching safepoint: 300834 ns, At safepoint: 18583 ns, Total: 319417 ns
[2022-04-29T03:41:38.605+0000][160][safepoint   ] Safepoint "Cleanup", Time since last: 1006797584 ns, Reaching safepoint: 324250 ns, At safepoint: 24625 ns, Total: 348875 ns
[2022-04-29T03:41:43.617+0000][160][safepoint   ] Safepoint "Cleanup", Time since last: 5012280127 ns, Reaching safepoint: 158584 ns, At safepoint: 5833 ns, Total: 164417 ns
[2022-04-29T03:41:52.211+0000][160][gc,start    ] GC(84) Pause Young (Normal) (G1 Evacuation Pause)
[2022-04-29T03:41:52.213+0000][160][gc,task     ] GC(84) Using 5 workers of 5 for evacuation
[2022-04-29T03:41:52.213+0000][160][gc,age      ] GC(84) Desired survivor size 20971520 bytes, new threshold 15 (max threshold 15)
[2022-04-29T03:41:52.217+0000][160][gc,age      ] GC(84) Age table with threshold 15 (max threshold 15)
[2022-04-29T03:41:52.218+0000][160][gc,age      ] GC(84) - age   1:    1620520 bytes,    1620520 total
[2022-04-29T03:41:52.218+0000][160][gc,age      ] GC(84) - age   2:       4128 bytes,    1624648 total
[2022-04-29T03:41:52.219+0000][160][gc,age      ] GC(84) - age   3:       4344 bytes,    1628992 total
[2022-04-29T03:41:52.219+0000][160][gc,age      ] GC(84) - age   4:       9664 bytes,    1638656 total
[2022-04-29T03:41:52.221+0000][160][gc,age      ] GC(84) - age   5:       3384 bytes,    1642040 total
[2022-04-29T03:41:52.221+0000][160][gc,age      ] GC(84) - age   6:       3648 bytes,    1645688 total
[2022-04-29T03:41:52.222+0000][160][gc,age      ] GC(84) - age   7:       4408 bytes,    1650096 total
[2022-04-29T03:41:52.223+0000][160][gc,age      ] GC(84) - age   8:      20304 bytes,    1670400 total
[2022-04-29T03:41:52.224+0000][160][gc,age      ] GC(84) - age   9:       1952 bytes,    1672352 total
[2022-04-29T03:41:52.225+0000][160][gc,age      ] GC(84) - age  10:       4592 bytes,    1676944 total
[2022-04-29T03:41:52.226+0000][160][gc,age      ] GC(84) - age  11:      10208 bytes,    1687152 total
[2022-04-29T03:41:52.227+0000][160][gc,age      ] GC(84) - age  12:       5400 bytes,    1692552 total
[2022-04-29T03:41:52.227+0000][160][gc,age      ] GC(84) - age  13:       2096 bytes,    1694648 total
[2022-04-29T03:41:52.228+0000][160][gc,age      ] GC(84) - age  14:      11024 bytes,    1705672 total
[2022-04-29T03:41:52.228+0000][160][gc,age      ] GC(84) - age  15:      16016 bytes,    1721688 total
[2022-04-29T03:41:52.229+0000][160][gc,phases   ] GC(84)   Pre Evacuate Collection Set: 0.2ms
[2022-04-29T03:41:52.229+0000][160][gc,phases   ] GC(84)   Merge Heap Roots: 0.2ms
[2022-04-29T03:41:52.230+0000][160][gc,phases   ] GC(84)   Evacuate Collection Set: 1.5ms
[2022-04-29T03:41:52.231+0000][160][gc,phases   ] GC(84)   Post Evacuate Collection Set: 0.6ms
[2022-04-29T03:41:52.231+0000][160][gc,phases   ] GC(84)   Other: 15.1ms
[2022-04-29T03:41:52.232+0000][160][gc,heap     ] GC(84) Eden regions: 75->0(75)
[2022-04-29T03:41:52.233+0000][160][gc,heap     ] GC(84) Survivor regions: 1->1(10)
[2022-04-29T03:41:52.233+0000][160][gc,heap     ] GC(84) Old regions: 22->22
[2022-04-29T03:41:52.234+0000][160][gc,heap     ] GC(84) Archive regions: 2->2
[2022-04-29T03:41:52.234+0000][160][gc,heap     ] GC(84) Humongous regions: 6->6
[2022-04-29T03:41:52.235+0000][160][gc,metaspace] GC(84) Metaspace: 116939K(118720K)->116939K(118720K) NonClass: 101433K(102464K)->101433K(102464K) Class: 15505K(16256K)->15505K(16256K)
[2022-04-29T03:41:52.235+0000][160][gc          ] GC(84) Pause Young (Normal) (G1 Evacuation Pause) 413M->114M(512M) 24.127ms
[2022-04-29T03:41:52.236+0000][160][gc,cpu      ] GC(84) User=0.01s Sys=0.00s Real=0.03s
[2022-04-29T03:41:52.236+0000][160][safepoint   ] Safepoint "G1CollectForAllocation", Time since last: 8593474462 ns, Reaching safepoint: 269084 ns, At safepoint: 25273958 ns, Total: 25543042 ns
[2022-04-29T03:41:56.244+0000][160][safepoint   ] Safepoint "Cleanup", Time since last: 4007496669 ns, Reaching safepoint: 55125 ns, At safepoint: 28125 ns, Total: 83250 ns
[2022-04-29T03:42:37.326+0000][160][safepoint   ] Safepoint "Cleanup", Time since last: 41081297310 ns, Reaching safepoint: 81500 ns, At safepoint: 4667 ns, Total: 86167 ns
[2022-04-29T03:43:14.356+0000][160][gc,start    ] GC(85) Pause Young (Normal) (G1 Evacuation Pause)
[2022-04-29T03:43:14.357+0000][160][gc,task     ] GC(85) Using 5 workers of 5 for evacuation
[2022-04-29T03:43:14.358+0000][160][gc,age      ] GC(85) Desired survivor size 20971520 bytes, new threshold 15 (max threshold 15)
[2022-04-29T03:43:14.362+0000][160][gc,age      ] GC(85) Age table with threshold 15 (max threshold 15)
[2022-04-29T03:43:14.362+0000][160][gc,age      ] GC(85) - age   1:    1802320 bytes,    1802320 total
[2022-04-29T03:43:14.364+0000][160][gc,age      ] GC(85) - age   2:       4576 bytes,    1806896 total
[2022-04-29T03:43:14.365+0000][160][gc,age      ] GC(85) - age   3:       2240 bytes,    1809136 total
[2022-04-29T03:43:14.366+0000][160][gc,age      ] GC(85) - age   4:       3040 bytes,    1812176 total
[2022-04-29T03:43:14.367+0000][160][gc,age      ] GC(85) - age   5:       9328 bytes,    1821504 total
[2022-04-29T03:43:14.368+0000][160][gc,age      ] GC(85) - age   6:       3384 bytes,    1824888 total
[2022-04-29T03:43:14.369+0000][160][gc,age      ] GC(85) - age   7:       3648 bytes,    1828536 total
[2022-04-29T03:43:14.369+0000][160][gc,age      ] GC(85) - age   8:       4408 bytes,    1832944 total
[2022-04-29T03:43:14.370+0000][160][gc,age      ] GC(85) - age   9:       4152 bytes,    1837096 total
[2022-04-29T03:43:14.371+0000][160][gc,age      ] GC(85) - age  10:       1952 bytes,    1839048 total
[2022-04-29T03:43:14.372+0000][160][gc,age      ] GC(85) - age  11:       4592 bytes,    1843640 total
[2022-04-29T03:43:14.373+0000][160][gc,age      ] GC(85) - age  12:      10208 bytes,    1853848 total
[2022-04-29T03:43:14.374+0000][160][gc,age      ] GC(85) - age  13:       5400 bytes,    1859248 total
[2022-04-29T03:43:14.375+0000][160][gc,age      ] GC(85) - age  14:       2096 bytes,    1861344 total
[2022-04-29T03:43:14.376+0000][160][gc,age      ] GC(85) - age  15:      11024 bytes,    1872368 total
[2022-04-29T03:43:14.377+0000][160][gc,phases   ] GC(85)   Pre Evacuate Collection Set: 0.1ms
[2022-04-29T03:43:14.378+0000][160][gc,phases   ] GC(85)   Merge Heap Roots: 0.1ms
[2022-04-29T03:43:14.379+0000][160][gc,phases   ] GC(85)   Evacuate Collection Set: 1.5ms
[2022-04-29T03:43:14.380+0000][160][gc,phases   ] GC(85)   Post Evacuate Collection Set: 1.2ms
[2022-04-29T03:43:14.380+0000][160][gc,phases   ] GC(85)   Other: 17.9ms
[2022-04-29T03:43:14.381+0000][160][gc,heap     ] GC(85) Eden regions: 75->0(75)
[2022-04-29T03:43:14.382+0000][160][gc,heap     ] GC(85) Survivor regions: 1->1(10)
[2022-04-29T03:43:14.383+0000][160][gc,heap     ] GC(85) Old regions: 22->22
[2022-04-29T03:43:14.384+0000][160][gc,heap     ] GC(85) Archive regions: 2->2
[2022-04-29T03:43:14.385+0000][160][gc,heap     ] GC(85) Humongous regions: 6->6
[2022-04-29T03:43:14.385+0000][160][gc,metaspace] GC(85) Metaspace: 116942K(118720K)->116942K(118720K) NonClass: 101436K(102464K)->101436K(102464K) Class: 15505K(16256K)->15505K(16256K)
[2022-04-29T03:43:14.386+0000][160][gc          ] GC(85) Pause Young (Normal) (G1 Evacuation Pause) 414M->114M(512M) 30.249ms
[2022-04-29T03:43:14.388+0000][160][gc,cpu      ] GC(85) User=0.01s Sys=0.00s Real=0.03s
[2022-04-29T03:43:14.389+0000][160][safepoint   ] Safepoint "G1CollectForAllocation", Time since last: 37031457141 ns, Reaching safepoint: 192375 ns, At safepoint: 33279875 ns, Total: 33472250 ns
[2022-04-29T03:43:35.432+0000][160][safepoint   ] Safepoint "Cleanup", Time since last: 21041291009 ns, Reaching safepoint: 265875 ns, At safepoint: 13167 ns, Total: 279042 ns
[2022-04-29T03:43:41.446+0000][160][safepoint   ] Safepoint "Cleanup", Time since last: 6013690211 ns, Reaching safepoint: 326917 ns, At safepoint: 5666 ns, Total: 332583 ns
[2022-04-29T03:43:44.451+0000][160][safepoint   ] Safepoint "Cleanup", Time since last: 3004444127 ns, Reaching safepoint: 353667 ns, At safepoint: 4166 ns, Total: 357833 ns
[2022-04-29T03:43:56.473+0000][160][safepoint   ] Safepoint "Cleanup", Time since last: 12022544423 ns, Reaching safepoint: 196291 ns, At safepoint: 15834 ns, Total: 212125 ns
[2022-04-29T03:44:02.484+0000][160][safepoint   ] Safepoint "Cleanup", Time since last: 6010380252 ns, Reaching safepoint: 53292 ns, At safepoint: 32167 ns, Total: 85459 ns
[2022-04-29T03:44:34.867+0000][160][gc,start    ] GC(86) Pause Young (Normal) (G1 Evacuation Pause)
[2022-04-29T03:44:34.869+0000][160][gc,task     ] GC(86) Using 5 workers of 5 for evacuation
[2022-04-29T03:44:34.870+0000][160][gc,age      ] GC(86) Desired survivor size 20971520 bytes, new threshold 15 (max threshold 15)
[2022-04-29T03:44:34.875+0000][160][gc,age      ] GC(86) Age table with threshold 15 (max threshold 15)
[2022-04-29T03:44:34.876+0000][160][gc,age      ] GC(86) - age   1:     734288 bytes,     734288 total
[2022-04-29T03:44:34.877+0000][160][gc,age      ] GC(86) - age   2:       5320 bytes,     739608 total
[2022-04-29T03:44:34.878+0000][160][gc,age      ] GC(86) - age   3:       3216 bytes,     742824 total
[2022-04-29T03:44:34.879+0000][160][gc,age      ] GC(86) - age   4:       1488 bytes,     744312 total
[2022-04-29T03:44:34.881+0000][160][gc,age      ] GC(86) - age   5:       2848 bytes,     747160 total
[2022-04-29T03:44:34.882+0000][160][gc,age      ] GC(86) - age   6:       9064 bytes,     756224 total
[2022-04-29T03:44:34.883+0000][160][gc,age      ] GC(86) - age   7:       3384 bytes,     759608 total
[2022-04-29T03:44:34.884+0000][160][gc,age      ] GC(86) - age   8:       3648 bytes,     763256 total
[2022-04-29T03:44:34.885+0000][160][gc,age      ] GC(86) - age   9:       2488 bytes,     765744 total
[2022-04-29T03:44:34.885+0000][160][gc,age      ] GC(86) - age  10:       4152 bytes,     769896 total
[2022-04-29T03:44:34.886+0000][160][gc,age      ] GC(86) - age  11:       1952 bytes,     771848 total
[2022-04-29T03:44:34.889+0000][160][gc,age      ] GC(86) - age  12:       4200 bytes,     776048 total
[2022-04-29T03:44:34.890+0000][160][gc,age      ] GC(86) - age  13:      10208 bytes,     786256 total
[2022-04-29T03:44:34.890+0000][160][gc,age      ] GC(86) - age  14:       5400 bytes,     791656 total
[2022-04-29T03:44:34.891+0000][160][gc,age      ] GC(86) - age  15:       2096 bytes,     793752 total
[2022-04-29T03:44:34.893+0000][160][gc,phases   ] GC(86)   Pre Evacuate Collection Set: 0.2ms
[2022-04-29T03:44:34.893+0000][160][gc,phases   ] GC(86)   Merge Heap Roots: 0.3ms
[2022-04-29T03:44:34.894+0000][160][gc,phases   ] GC(86)   Evacuate Collection Set: 1.4ms
[2022-04-29T03:44:34.895+0000][160][gc,phases   ] GC(86)   Post Evacuate Collection Set: 1.0ms
[2022-04-29T03:44:34.896+0000][160][gc,phases   ] GC(86)   Other: 22.2ms
[2022-04-29T03:44:34.896+0000][160][gc,heap     ] GC(86) Eden regions: 75->0(75)
[2022-04-29T03:44:34.897+0000][160][gc,heap     ] GC(86) Survivor regions: 1->1(10)
[2022-04-29T03:44:34.898+0000][160][gc,heap     ] GC(86) Old regions: 22->22
[2022-04-29T03:44:34.900+0000][160][gc,heap     ] GC(86) Archive regions: 2->2
[2022-04-29T03:44:34.901+0000][160][gc,heap     ] GC(86) Humongous regions: 6->6
[2022-04-29T03:44:34.901+0000][160][gc,metaspace] GC(86) Metaspace: 116943K(118720K)->116943K(118720K) NonClass: 101438K(102464K)->101438K(102464K) Class: 15505K(16256K)->15505K(16256K)
[2022-04-29T03:44:34.902+0000][160][gc          ] GC(86) Pause Young (Normal) (G1 Evacuation Pause) 414M->113M(512M) 34.905ms
[2022-04-29T03:44:34.903+0000][160][gc,cpu      ] GC(86) User=0.01s Sys=0.01s Real=0.03s
[2022-04-29T03:44:34.904+0000][160][safepoint   ] Safepoint "G1CollectForAllocation", Time since last: 32385210723 ns, Reaching safepoint: 235250 ns, At safepoint: 36759500 ns, Total: 36994750 ns
[2022-04-29T03:44:56.946+0000][160][safepoint   ] Safepoint "Cleanup", Time since last: 22041121302 ns, Reaching safepoint: 250417 ns, At safepoint: 4416 ns, Total: 254833 ns
[2022-04-29T03:45:04.967+0000][160][safepoint   ] Safepoint "Cleanup", Time since last: 8018238128 ns, Reaching safepoint: 802708 ns, At safepoint: 8917 ns, Total: 811625 ns
[2022-04-29T03:45:35.037+0000][160][safepoint   ] Safepoint "Cleanup", Time since last: 30070363806 ns, Reaching safepoint: 460000 ns, At safepoint: 9583 ns, Total: 469583 ns
[2022-04-29T03:45:50.065+0000][160][safepoint   ] Safepoint "Cleanup", Time since last: 15025705841 ns, Reaching safepoint: 1798458 ns, At safepoint: 13333 ns, Total: 1811791 ns
[2022-04-29T03:45:56.060+0000][160][gc,start    ] GC(87) Pause Young (Normal) (G1 Evacuation Pause)
[2022-04-29T03:45:56.060+0000][160][gc,task     ] GC(87) Using 5 workers of 5 for evacuation
[2022-04-29T03:45:56.061+0000][160][gc,age      ] GC(87) Desired survivor size 20971520 bytes, new threshold 15 (max threshold 15)
[2022-04-29T03:45:56.064+0000][160][gc,age      ] GC(87) Age table with threshold 15 (max threshold 15)
[2022-04-29T03:45:56.064+0000][160][gc,age      ] GC(87) - age   1:    1079624 bytes,    1079624 total
[2022-04-29T03:45:56.065+0000][160][gc,age      ] GC(87) - age   2:       6392 bytes,    1086016 total
[2022-04-29T03:45:56.066+0000][160][gc,age      ] GC(87) - age   3:       2256 bytes,    1088272 total
[2022-04-29T03:45:56.067+0000][160][gc,age      ] GC(87) - age   4:       2432 bytes,    1090704 total
[2022-04-29T03:45:56.068+0000][160][gc,age      ] GC(87) - age   5:       1392 bytes,    1092096 total
[2022-04-29T03:45:56.069+0000][160][gc,age      ] GC(87) - age   6:       2784 bytes,    1094880 total
[2022-04-29T03:45:56.070+0000][160][gc,age      ] GC(87) - age   7:       9064 bytes,    1103944 total
[2022-04-29T03:45:56.071+0000][160][gc,age      ] GC(87) - age   8:       3176 bytes,    1107120 total
[2022-04-29T03:45:56.072+0000][160][gc,age      ] GC(87) - age   9:       3536 bytes,    1110656 total
[2022-04-29T03:45:56.072+0000][160][gc,age      ] GC(87) - age  10:       2488 bytes,    1113144 total
[2022-04-29T03:45:56.073+0000][160][gc,age      ] GC(87) - age  11:       4080 bytes,    1117224 total
[2022-04-29T03:45:56.075+0000][160][gc,age      ] GC(87) - age  12:       1952 bytes,    1119176 total
[2022-04-29T03:45:56.075+0000][160][gc,age      ] GC(87) - age  13:       4200 bytes,    1123376 total
[2022-04-29T03:45:56.076+0000][160][gc,age      ] GC(87) - age  14:      10208 bytes,    1133584 total
[2022-04-29T03:45:56.077+0000][160][gc,age      ] GC(87) - age  15:       5400 bytes,    1138984 total
[2022-04-29T03:45:56.078+0000][160][gc,phases   ] GC(87)   Pre Evacuate Collection Set: 0.1ms
[2022-04-29T03:45:56.079+0000][160][gc,phases   ] GC(87)   Merge Heap Roots: 0.1ms
[2022-04-29T03:45:56.080+0000][160][gc,phases   ] GC(87)   Evacuate Collection Set: 1.2ms
[2022-04-29T03:45:56.081+0000][160][gc,phases   ] GC(87)   Post Evacuate Collection Set: 0.8ms
[2022-04-29T03:45:56.082+0000][160][gc,phases   ] GC(87)   Other: 16.4ms
[2022-04-29T03:45:56.083+0000][160][gc,heap     ] GC(87) Eden regions: 75->0(75)
[2022-04-29T03:45:56.088+0000][160][gc,heap     ] GC(87) Survivor regions: 1->1(10)
[2022-04-29T03:45:56.089+0000][160][gc,heap     ] GC(87) Old regions: 22->22
[2022-04-29T03:45:56.089+0000][160][gc,heap     ] GC(87) Archive regions: 2->2
[2022-04-29T03:45:56.091+0000][160][gc,heap     ] GC(87) Humongous regions: 6->6
[2022-04-29T03:45:56.091+0000][160][gc,metaspace] GC(87) Metaspace: 116951K(118720K)->116951K(118720K) NonClass: 101445K(102464K)->101445K(102464K) Class: 15506K(16256K)->15506K(16256K)
[2022-04-29T03:45:56.093+0000][160][gc          ] GC(87) Pause Young (Normal) (G1 Evacuation Pause) 413M->113M(512M) 32.953ms
[2022-04-29T03:45:56.094+0000][160][gc,cpu      ] GC(87) User=0.01s Sys=0.01s Real=0.03s
[2022-04-29T03:45:56.095+0000][160][safepoint   ] Safepoint "G1CollectForAllocation", Time since last: 5994685711 ns, Reaching safepoint: 99125 ns, At safepoint: 35316000 ns, Total: 35415125 ns
[2022-04-29T03:46:06.132+0000][160][safepoint   ] Safepoint "Cleanup", Time since last: 10038541380 ns, Reaching safepoint: 83875 ns, At safepoint: 39208 ns, Total: 123083 ns
[2022-04-29T03:46:26.173+0000][160][safepoint   ] Safepoint "Cleanup", Time since last: 20040367801 ns, Reaching safepoint: 445500 ns, At safepoint: 7750 ns, Total: 453250 ns
[2022-04-29T03:46:32.188+0000][160][safepoint   ] Safepoint "Cleanup", Time since last: 6015226878 ns, Reaching safepoint: 193250 ns, At safepoint: 4542 ns, Total: 197792 ns
[2022-04-29T03:47:25.337+0000][160][gc,start    ] GC(88) Pause Young (Normal) (G1 Evacuation Pause)
[2022-04-29T03:47:25.338+0000][160][gc,task     ] GC(88) Using 5 workers of 5 for evacuation
[2022-04-29T03:47:25.338+0000][160][gc,age      ] GC(88) Desired survivor size 20971520 bytes, new threshold 15 (max threshold 15)
[2022-04-29T03:47:25.342+0000][160][gc,age      ] GC(88) Age table with threshold 15 (max threshold 15)
[2022-04-29T03:47:25.342+0000][160][gc,age      ] GC(88) - age   1:    1474216 bytes,    1474216 total
[2022-04-29T03:47:25.343+0000][160][gc,age      ] GC(88) - age   2:      22792 bytes,    1497008 total
[2022-04-29T03:47:25.344+0000][160][gc,age      ] GC(88) - age   3:       5272 bytes,    1502280 total
[2022-04-29T03:47:25.345+0000][160][gc,age      ] GC(88) - age   4:       1384 bytes,    1503664 total
[2022-04-29T03:47:25.346+0000][160][gc,age      ] GC(88) - age   5:       1608 bytes,    1505272 total
[2022-04-29T03:47:25.346+0000][160][gc,age      ] GC(88) - age   6:       1200 bytes,    1506472 total
[2022-04-29T03:47:25.348+0000][160][gc,age      ] GC(88) - age   7:       2784 bytes,    1509256 total
[2022-04-29T03:47:25.348+0000][160][gc,age      ] GC(88) - age   8:       9064 bytes,    1518320 total
[2022-04-29T03:47:25.349+0000][160][gc,age      ] GC(88) - age   9:       3176 bytes,    1521496 total
[2022-04-29T03:47:25.349+0000][160][gc,age      ] GC(88) - age  10:       3536 bytes,    1525032 total
[2022-04-29T03:47:25.350+0000][160][gc,age      ] GC(88) - age  11:       2488 bytes,    1527520 total
[2022-04-29T03:47:25.351+0000][160][gc,age      ] GC(88) - age  12:       4080 bytes,    1531600 total
[2022-04-29T03:47:25.352+0000][160][gc,age      ] GC(88) - age  13:       1952 bytes,    1533552 total
[2022-04-29T03:47:25.353+0000][160][gc,age      ] GC(88) - age  14:       4200 bytes,    1537752 total
[2022-04-29T03:47:25.354+0000][160][gc,age      ] GC(88) - age  15:      10208 bytes,    1547960 total
[2022-04-29T03:47:25.355+0000][160][gc,phases   ] GC(88)   Pre Evacuate Collection Set: 0.1ms
[2022-04-29T03:47:25.356+0000][160][gc,phases   ] GC(88)   Merge Heap Roots: 0.1ms
[2022-04-29T03:47:25.356+0000][160][gc,phases   ] GC(88)   Evacuate Collection Set: 1.5ms
[2022-04-29T03:47:25.357+0000][160][gc,phases   ] GC(88)   Post Evacuate Collection Set: 0.8ms
[2022-04-29T03:47:25.358+0000][160][gc,phases   ] GC(88)   Other: 15.7ms
[2022-04-29T03:47:25.359+0000][160][gc,heap     ] GC(88) Eden regions: 75->0(75)
[2022-04-29T03:47:25.359+0000][160][gc,heap     ] GC(88) Survivor regions: 1->1(10)
[2022-04-29T03:47:25.360+0000][160][gc,heap     ] GC(88) Old regions: 22->22
[2022-04-29T03:47:25.361+0000][160][gc,heap     ] GC(88) Archive regions: 2->2
[2022-04-29T03:47:25.361+0000][160][gc,heap     ] GC(88) Humongous regions: 6->6
[2022-04-29T03:47:25.362+0000][160][gc,metaspace] GC(88) Metaspace: 116957K(118720K)->116957K(118720K) NonClass: 101451K(102464K)->101451K(102464K) Class: 15506K(16256K)->15506K(16256K)
[2022-04-29T03:47:25.363+0000][160][gc          ] GC(88) Pause Young (Normal) (G1 Evacuation Pause) 413M->114M(512M) 25.961ms
[2022-04-29T03:47:25.363+0000][160][gc,cpu      ] GC(88) User=0.01s Sys=0.00s Real=0.03s
[2022-04-29T03:47:25.364+0000][160][safepoint   ] Safepoint "G1CollectForAllocation", Time since last: 53149088232 ns, Reaching safepoint: 292416 ns, At safepoint: 27223625 ns, Total: 27516041 ns
[2022-04-29T03:47:32.373+0000][160][safepoint   ] Safepoint "Cleanup", Time since last: 7009111962 ns, Reaching safepoint: 201292 ns, At safepoint: 5458 ns, Total: 206750 ns
[2022-04-29T03:47:33.380+0000][160][safepoint   ] Safepoint "Cleanup", Time since last: 1006351667 ns, Reaching safepoint: 237167 ns, At safepoint: 12458 ns, Total: 249625 ns
[2022-04-29T03:47:35.403+0000][160][safepoint   ] Safepoint "Cleanup", Time since last: 2019154334 ns, Reaching safepoint: 134833 ns, At safepoint: 5584 ns, Total: 140417 ns
[2022-04-29T03:47:38.421+0000][160][safepoint   ] Safepoint "Cleanup", Time since last: 3017954459 ns, Reaching safepoint: 90792 ns, At safepoint: 3083 ns, Total: 93875 ns
[2022-04-29T03:47:44.426+0000][160][safepoint   ] Safepoint "Cleanup", Time since last: 6004951212 ns, Reaching safepoint: 107958 ns, At safepoint: 3792 ns, Total: 111750 ns
[2022-04-29T03:47:53.437+0000][160][safepoint   ] Safepoint "Cleanup", Time since last: 9011585170 ns, Reaching safepoint: 138459 ns, At safepoint: 11500 ns, Total: 149959 ns
[2022-04-29T03:48:23.494+0000][160][safepoint   ] Safepoint "Cleanup", Time since last: 30061678555 ns, Reaching safepoint: 198750 ns, At safepoint: 4459 ns, Total: 203209 ns
[2022-04-29T03:48:31.510+0000][160][safepoint   ] Safepoint "Cleanup", Time since last: 8015524004 ns, Reaching safepoint: 55500 ns, At safepoint: 2375 ns, Total: 57875 ns
[2022-04-29T03:48:35.511+0000][160][safepoint   ] Safepoint "Cleanup", Time since last: 4004600334 ns, Reaching safepoint: 237833 ns, At safepoint: 8667 ns, Total: 246500 ns
[2022-04-29T03:48:38.172+0000][160][gc,start    ] GC(89) Pause Young (Normal) (G1 Evacuation Pause)
[2022-04-29T03:48:38.172+0000][160][gc,task     ] GC(89) Using 5 workers of 5 for evacuation
[2022-04-29T03:48:38.173+0000][160][gc,age      ] GC(89) Desired survivor size 20971520 bytes, new threshold 15 (max threshold 15)
[2022-04-29T03:48:38.176+0000][160][gc,age      ] GC(89) Age table with threshold 15 (max threshold 15)
[2022-04-29T03:48:38.177+0000][160][gc,age      ] GC(89) - age   1:    1769224 bytes,    1769224 total
[2022-04-29T03:48:38.177+0000][160][gc,age      ] GC(89) - age   2:       5488 bytes,    1774712 total
[2022-04-29T03:48:38.178+0000][160][gc,age      ] GC(89) - age   3:      20120 bytes,    1794832 total
[2022-04-29T03:48:38.179+0000][160][gc,age      ] GC(89) - age   4:       5048 bytes,    1799880 total
[2022-04-29T03:48:38.180+0000][160][gc,age      ] GC(89) - age   5:       1256 bytes,    1801136 total
[2022-04-29T03:48:38.180+0000][160][gc,age      ] GC(89) - age   6:       1608 bytes,    1802744 total
[2022-04-29T03:48:38.181+0000][160][gc,age      ] GC(89) - age   7:       1200 bytes,    1803944 total
[2022-04-29T03:48:38.181+0000][160][gc,age      ] GC(89) - age   8:       2784 bytes,    1806728 total
[2022-04-29T03:48:38.182+0000][160][gc,age      ] GC(89) - age   9:       9032 bytes,    1815760 total
[2022-04-29T03:48:38.182+0000][160][gc,age      ] GC(89) - age  10:       3176 bytes,    1818936 total
[2022-04-29T03:48:38.183+0000][160][gc,age      ] GC(89) - age  11:       3536 bytes,    1822472 total
[2022-04-29T03:48:38.183+0000][160][gc,age      ] GC(89) - age  12:       2488 bytes,    1824960 total
[2022-04-29T03:48:38.184+0000][160][gc,age      ] GC(89) - age  13:       4080 bytes,    1829040 total
[2022-04-29T03:48:38.185+0000][160][gc,age      ] GC(89) - age  14:       1952 bytes,    1830992 total
[2022-04-29T03:48:38.185+0000][160][gc,age      ] GC(89) - age  15:       4200 bytes,    1835192 total
[2022-04-29T03:48:38.186+0000][160][gc,phases   ] GC(89)   Pre Evacuate Collection Set: 0.1ms
[2022-04-29T03:48:38.187+0000][160][gc,phases   ] GC(89)   Merge Heap Roots: 0.0ms
[2022-04-29T03:48:38.187+0000][160][gc,phases   ] GC(89)   Evacuate Collection Set: 1.4ms
[2022-04-29T03:48:38.188+0000][160][gc,phases   ] GC(89)   Post Evacuate Collection Set: 0.8ms
[2022-04-29T03:48:38.188+0000][160][gc,phases   ] GC(89)   Other: 12.2ms
[2022-04-29T03:48:38.189+0000][160][gc,heap     ] GC(89) Eden regions: 75->0(75)
[2022-04-29T03:48:38.189+0000][160][gc,heap     ] GC(89) Survivor regions: 1->1(10)
[2022-04-29T03:48:38.190+0000][160][gc,heap     ] GC(89) Old regions: 22->22
[2022-04-29T03:48:38.191+0000][160][gc,heap     ] GC(89) Archive regions: 2->2
[2022-04-29T03:48:38.191+0000][160][gc,heap     ] GC(89) Humongous regions: 6->6
[2022-04-29T03:48:38.192+0000][160][gc,metaspace] GC(89) Metaspace: 117018K(118784K)->117018K(118784K) NonClass: 101512K(102528K)->101512K(102528K) Class: 15506K(16256K)->15506K(16256K)
[2022-04-29T03:48:38.192+0000][160][gc          ] GC(89) Pause Young (Normal) (G1 Evacuation Pause) 414M->114M(512M) 20.371ms
[2022-04-29T03:48:38.192+0000][160][gc,cpu      ] GC(89) User=0.03s Sys=0.00s Real=0.02s
[2022-04-29T03:48:38.194+0000][160][safepoint   ] Safepoint "G1CollectForAllocation", Time since last: 2660362793 ns, Reaching safepoint: 73583 ns, At safepoint: 22049917 ns, Total: 22123500 ns
[2022-04-29T03:48:45.200+0000][160][safepoint   ] Safepoint "Cleanup", Time since last: 7005731878 ns, Reaching safepoint: 237375 ns, At safepoint: 9834 ns, Total: 247209 ns
[2022-04-29T03:48:54.214+0000][160][safepoint   ] Safepoint "Cleanup", Time since last: 9013836129 ns, Reaching safepoint: 149875 ns, At safepoint: 2708 ns, Total: 152583 ns
[2022-04-29T03:49:05.243+0000][160][safepoint   ] Safepoint "Cleanup", Time since last: 11023585505 ns, Reaching safepoint: 407333 ns, At safepoint: 6334 ns, Total: 413667 ns
[2022-04-29T03:49:09.255+0000][160][safepoint   ] Safepoint "Cleanup", Time since last: 4012256085 ns, Reaching safepoint: 201042 ns, At safepoint: 5208 ns, Total: 206250 ns
[2022-04-29T03:49:14.270+0000][160][safepoint   ] Safepoint "Cleanup", Time since last: 5015151044 ns, Reaching safepoint: 65667 ns, At safepoint: 4250 ns, Total: 69917 ns
[2022-04-29T03:49:32.306+0000][160][safepoint   ] Safepoint "Cleanup", Time since last: 18035504800 ns, Reaching safepoint: 200292 ns, At safepoint: 5041 ns, Total: 205333 ns
[2022-04-29T03:49:35.311+0000][160][safepoint   ] Safepoint "Cleanup", Time since last: 3009758085 ns, Reaching safepoint: 463583 ns, At safepoint: 13500 ns, Total: 477083 ns
[2022-04-29T03:49:46.346+0000][160][safepoint   ] Safepoint "Cleanup", Time since last: 11034480755 ns, Reaching safepoint: 109250 ns, At safepoint: 4209 ns, Total: 113459 ns
[2022-04-29T03:50:01.541+0000][160][gc,start    ] GC(90) Pause Young (Normal) (G1 Evacuation Pause)
[2022-04-29T03:50:01.542+0000][160][gc,task     ] GC(90) Using 5 workers of 5 for evacuation
[2022-04-29T03:50:01.544+0000][160][gc,age      ] GC(90) Desired survivor size 20971520 bytes, new threshold 15 (max threshold 15)
[2022-04-29T03:50:01.546+0000][160][gc,age      ] GC(90) Age table with threshold 15 (max threshold 15)
[2022-04-29T03:50:01.547+0000][160][gc,age      ] GC(90) - age   1:     938968 bytes,     938968 total
[2022-04-29T03:50:01.548+0000][160][gc,age      ] GC(90) - age   2:       6904 bytes,     945872 total
[2022-04-29T03:50:01.548+0000][160][gc,age      ] GC(90) - age   3:       2480 bytes,     948352 total
[2022-04-29T03:50:01.549+0000][160][gc,age      ] GC(90) - age   4:      19392 bytes,     967744 total
[2022-04-29T03:50:01.550+0000][160][gc,age      ] GC(90) - age   5:       4920 bytes,     972664 total
[2022-04-29T03:50:01.551+0000][160][gc,age      ] GC(90) - age   6:       1256 bytes,     973920 total
[2022-04-29T03:50:01.551+0000][160][gc,age      ] GC(90) - age   7:       1608 bytes,     975528 total
[2022-04-29T03:50:01.552+0000][160][gc,age      ] GC(90) - age   8:       1200 bytes,     976728 total
[2022-04-29T03:50:01.553+0000][160][gc,age      ] GC(90) - age   9:       2784 bytes,     979512 total
[2022-04-29T03:50:01.553+0000][160][gc,age      ] GC(90) - age  10:       9032 bytes,     988544 total
[2022-04-29T03:50:01.554+0000][160][gc,age      ] GC(90) - age  11:       3176 bytes,     991720 total
[2022-04-29T03:50:01.555+0000][160][gc,age      ] GC(90) - age  12:       3536 bytes,     995256 total
[2022-04-29T03:50:01.556+0000][160][gc,age      ] GC(90) - age  13:       2488 bytes,     997744 total
[2022-04-29T03:50:01.556+0000][160][gc,age      ] GC(90) - age  14:       4080 bytes,    1001824 total
[2022-04-29T03:50:01.557+0000][160][gc,age      ] GC(90) - age  15:       1952 bytes,    1003776 total
[2022-04-29T03:50:01.558+0000][160][gc,phases   ] GC(90)   Pre Evacuate Collection Set: 0.1ms
[2022-04-29T03:50:01.558+0000][160][gc,phases   ] GC(90)   Merge Heap Roots: 0.0ms
[2022-04-29T03:50:01.559+0000][160][gc,phases   ] GC(90)   Evacuate Collection Set: 0.9ms
[2022-04-29T03:50:01.560+0000][160][gc,phases   ] GC(90)   Post Evacuate Collection Set: 0.6ms
[2022-04-29T03:50:01.561+0000][160][gc,phases   ] GC(90)   Other: 14.6ms
[2022-04-29T03:50:01.561+0000][160][gc,heap     ] GC(90) Eden regions: 75->0(75)
[2022-04-29T03:50:01.562+0000][160][gc,heap     ] GC(90) Survivor regions: 1->1(10)
[2022-04-29T03:50:01.563+0000][160][gc,heap     ] GC(90) Old regions: 22->22
[2022-04-29T03:50:01.563+0000][160][gc,heap     ] GC(90) Archive regions: 2->2
[2022-04-29T03:50:01.564+0000][160][gc,heap     ] GC(90) Humongous regions: 6->6
[2022-04-29T03:50:01.564+0000][160][gc,metaspace] GC(90) Metaspace: 117038K(118784K)->117038K(118784K) NonClass: 101532K(102528K)->101532K(102528K) Class: 15506K(16256K)->15506K(16256K)
[2022-04-29T03:50:01.565+0000][160][gc          ] GC(90) Pause Young (Normal) (G1 Evacuation Pause) 414M->113M(512M) 23.389ms
[2022-04-29T03:50:01.565+0000][160][gc,cpu      ] GC(90) User=0.01s Sys=0.00s Real=0.02s
[2022-04-29T03:50:01.566+0000][160][safepoint   ] Safepoint "G1CollectForAllocation", Time since last: 15195194132 ns, Reaching safepoint: 47667 ns, At safepoint: 24835250 ns, Total: 24882917 ns
[2022-04-29T03:50:26.544+0000][160][safepoint   ] Safepoint "Cleanup", Time since last: 24970461470 ns, Reaching safepoint: 742416 ns, At safepoint: 8834 ns, Total: 751250 ns
[2022-04-29T03:50:55.622+0000][160][safepoint   ] Safepoint "Cleanup", Time since last: 29080800471 ns, Reaching safepoint: 111166 ns, At safepoint: 4209 ns, Total: 115375 ns
[2022-04-29T03:50:56.626+0000][160][safepoint   ] Safepoint "Cleanup", Time since last: 1002935292 ns, Reaching safepoint: 606250 ns, At safepoint: 18667 ns, Total: 624917 ns
[2022-04-29T03:51:01.659+0000][160][safepoint   ] Safepoint "Cleanup", Time since last: 5032898877 ns, Reaching safepoint: 126167 ns, At safepoint: 3333 ns, Total: 129500 ns
[2022-04-29T03:51:03.702+0000][160][safepoint   ] Safepoint "Cleanup", Time since last: 2042726001 ns, Reaching safepoint: 476500 ns, At safepoint: 19250 ns, Total: 495750 ns
[2022-04-29T03:51:06.712+0000][160][safepoint   ] Safepoint "Cleanup", Time since last: 3010741959 ns, Reaching safepoint: 116375 ns, At safepoint: 5542 ns, Total: 121917 ns
[2022-04-29T03:51:25.757+0000][160][safepoint   ] Safepoint "Cleanup", Time since last: 19044886592 ns, Reaching safepoint: 81459 ns, At safepoint: 2333 ns, Total: 83792 ns
[2022-04-29T03:51:31.004+0000][160][gc,start    ] GC(91) Pause Young (Normal) (G1 Evacuation Pause)
[2022-04-29T03:51:31.006+0000][160][gc,task     ] GC(91) Using 5 workers of 5 for evacuation
[2022-04-29T03:51:31.009+0000][160][gc,age      ] GC(91) Desired survivor size 20971520 bytes, new threshold 15 (max threshold 15)
[2022-04-29T03:51:31.018+0000][160][gc,age      ] GC(91) Age table with threshold 15 (max threshold 15)
[2022-04-29T03:51:31.019+0000][160][gc,age      ] GC(91) - age   1:    1154688 bytes,    1154688 total
[2022-04-29T03:51:31.021+0000][160][gc,age      ] GC(91) - age   2:       5336 bytes,    1160024 total
[2022-04-29T03:51:31.024+0000][160][gc,age      ] GC(91) - age   3:       4408 bytes,    1164432 total
[2022-04-29T03:51:31.026+0000][160][gc,age      ] GC(91) - age   4:       1920 bytes,    1166352 total
[2022-04-29T03:51:31.027+0000][160][gc,age      ] GC(91) - age   5:      19264 bytes,    1185616 total
[2022-04-29T03:51:31.029+0000][160][gc,age      ] GC(91) - age   6:       4920 bytes,    1190536 total
[2022-04-29T03:51:31.030+0000][160][gc,age      ] GC(91) - age   7:       1256 bytes,    1191792 total
[2022-04-29T03:51:31.032+0000][160][gc,age      ] GC(91) - age   8:       1408 bytes,    1193200 total
[2022-04-29T03:51:31.034+0000][160][gc,age      ] GC(91) - age   9:       1200 bytes,    1194400 total
[2022-04-29T03:51:31.035+0000][160][gc,age      ] GC(91) - age  10:       2784 bytes,    1197184 total
[2022-04-29T03:51:31.036+0000][160][gc,age      ] GC(91) - age  11:       9032 bytes,    1206216 total
[2022-04-29T03:51:31.037+0000][160][gc,age      ] GC(91) - age  12:       3176 bytes,    1209392 total
[2022-04-29T03:51:31.038+0000][160][gc,age      ] GC(91) - age  13:       3536 bytes,    1212928 total
[2022-04-29T03:51:31.040+0000][160][gc,age      ] GC(91) - age  14:       2488 bytes,    1215416 total
[2022-04-29T03:51:31.041+0000][160][gc,age      ] GC(91) - age  15:       4080 bytes,    1219496 total
[2022-04-29T03:51:31.042+0000][160][gc,phases   ] GC(91)   Pre Evacuate Collection Set: 0.2ms
[2022-04-29T03:51:31.042+0000][160][gc,phases   ] GC(91)   Merge Heap Roots: 0.1ms
[2022-04-29T03:51:31.043+0000][160][gc,phases   ] GC(91)   Evacuate Collection Set: 4.5ms
[2022-04-29T03:51:31.044+0000][160][gc,phases   ] GC(91)   Post Evacuate Collection Set: 2.6ms
[2022-04-29T03:51:31.045+0000][160][gc,phases   ] GC(91)   Other: 30.6ms
[2022-04-29T03:51:31.046+0000][160][gc,heap     ] GC(91) Eden regions: 75->0(75)
[2022-04-29T03:51:31.047+0000][160][gc,heap     ] GC(91) Survivor regions: 1->1(10)
[2022-04-29T03:51:31.048+0000][160][gc,heap     ] GC(91) Old regions: 22->22
[2022-04-29T03:51:31.049+0000][160][gc,heap     ] GC(91) Archive regions: 2->2
[2022-04-29T03:51:31.050+0000][160][gc,heap     ] GC(91) Humongous regions: 6->6
[2022-04-29T03:51:31.050+0000][160][gc,metaspace] GC(91) Metaspace: 117042K(118784K)->117042K(118784K) NonClass: 101536K(102528K)->101536K(102528K) Class: 15506K(16256K)->15506K(16256K)
[2022-04-29T03:51:31.051+0000][160][gc          ] GC(91) Pause Young (Normal) (G1 Evacuation Pause) 413M->113M(512M) 47.253ms
[2022-04-29T03:51:31.052+0000][160][gc,cpu      ] GC(91) User=0.02s Sys=0.00s Real=0.05s
[2022-04-29T03:51:31.053+0000][160][safepoint   ] Safepoint "G1CollectForAllocation", Time since last: 5246576502 ns, Reaching safepoint: 159084 ns, At safepoint: 49666041 ns, Total: 49825125 ns
[2022-04-29T03:51:39.089+0000][160][safepoint   ] Safepoint "Cleanup", Time since last: 8035341378 ns, Reaching safepoint: 245209 ns, At safepoint: 6208 ns, Total: 251417 ns
[2022-04-29T03:51:44.117+0000][160][safepoint   ] Safepoint "Cleanup", Time since last: 5027853669 ns, Reaching safepoint: 51875 ns, At safepoint: 2250 ns, Total: 54125 ns
[2022-04-29T03:51:46.120+0000][160][safepoint   ] Safepoint "Cleanup", Time since last: 2003119043 ns, Reaching safepoint: 240250 ns, At safepoint: 12416 ns, Total: 252666 ns
[2022-04-29T04:00:00.426+0000][160][safepoint   ] Safepoint "Cleanup", Time since last: 49138328647 ns, Reaching safepoint: 96667 ns, At safepoint: 4000 ns, Total: 100667 ns
[2022-04-29T04:00:08.675+0000][160][gc,start    ] GC(92) Pause Young (Normal) (G1 Evacuation Pause)
[2022-04-29T04:00:08.676+0000][160][gc,task     ] GC(92) Using 5 workers of 5 for evacuation
[2022-04-29T04:00:08.677+0000][160][gc,age      ] GC(92) Desired survivor size 20971520 bytes, new threshold 15 (max threshold 15)
[2022-04-29T04:00:08.681+0000][160][gc,age      ] GC(92) Age table with threshold 15 (max threshold 15)
[2022-04-29T04:00:08.682+0000][160][gc,age      ] GC(92) - age   1:    1909136 bytes,    1909136 total
[2022-04-29T04:00:08.683+0000][160][gc,age      ] GC(92) - age   2:       5792 bytes,    1914928 total
[2022-04-29T04:00:08.683+0000][160][gc,age      ] GC(92) - age   3:       3816 bytes,    1918744 total
[2022-04-29T04:00:08.684+0000][160][gc,age      ] GC(92) - age   4:       3648 bytes,    1922392 total
[2022-04-29T04:00:08.684+0000][160][gc,age      ] GC(92) - age   5:       1792 bytes,    1924184 total
[2022-04-29T04:00:08.685+0000][160][gc,age      ] GC(92) - age   6:       3048 bytes,    1927232 total
[2022-04-29T04:00:08.686+0000][160][gc,age      ] GC(92) - age   7:       4920 bytes,    1932152 total
[2022-04-29T04:00:08.687+0000][160][gc,age      ] GC(92) - age   8:       1256 bytes,    1933408 total
[2022-04-29T04:00:08.688+0000][160][gc,age      ] GC(92) - age   9:       1408 bytes,    1934816 total
[2022-04-29T04:00:08.688+0000][160][gc,age      ] GC(92) - age  10:       1200 bytes,    1936016 total
[2022-04-29T04:00:08.689+0000][160][gc,age      ] GC(92) - age  11:       2784 bytes,    1938800 total
[2022-04-29T04:00:08.690+0000][160][gc,age      ] GC(92) - age  12:       9032 bytes,    1947832 total
[2022-04-29T04:00:08.690+0000][160][gc,age      ] GC(92) - age  13:       3176 bytes,    1951008 total
[2022-04-29T04:00:08.691+0000][160][gc,age      ] GC(92) - age  14:       3536 bytes,    1954544 total
[2022-04-29T04:00:08.691+0000][160][gc,age      ] GC(92) - age  15:       2488 bytes,    1957032 total
[2022-04-29T04:00:08.692+0000][160][gc,phases   ] GC(92)   Pre Evacuate Collection Set: 0.4ms
[2022-04-29T04:00:08.693+0000][160][gc,phases   ] GC(92)   Merge Heap Roots: 0.3ms
[2022-04-29T04:00:08.693+0000][160][gc,phases   ] GC(92)   Evacuate Collection Set: 1.5ms
[2022-04-29T04:00:08.694+0000][160][gc,phases   ] GC(92)   Post Evacuate Collection Set: 0.9ms
[2022-04-29T04:00:08.695+0000][160][gc,phases   ] GC(92)   Other: 13.6ms
[2022-04-29T04:00:08.696+0000][160][gc,heap     ] GC(92) Eden regions: 75->0(75)
[2022-04-29T04:00:08.697+0000][160][gc,heap     ] GC(92) Survivor regions: 1->1(10)
[2022-04-29T04:00:08.697+0000][160][gc,heap     ] GC(92) Old regions: 22->22
[2022-04-29T04:00:08.698+0000][160][gc,heap     ] GC(92) Archive regions: 2->2
[2022-04-29T04:00:08.698+0000][160][gc,heap     ] GC(92) Humongous regions: 6->6
[2022-04-29T04:00:08.699+0000][160][gc,metaspace] GC(92) Metaspace: 117045K(118784K)->117045K(118784K) NonClass: 101539K(102528K)->101539K(102528K) Class: 15506K(16256K)->15506K(16256K)
[2022-04-29T04:00:08.699+0000][160][gc          ] GC(92) Pause Young (Normal) (G1 Evacuation Pause) 413M->114M(512M) 24.002ms
[2022-04-29T04:00:08.700+0000][160][gc,cpu      ] GC(92) User=0.01s Sys=0.00s Real=0.03s
[2022-04-29T04:00:08.701+0000][160][safepoint   ] Safepoint "G1CollectForAllocation", Time since last: 8249747254 ns, Reaching safepoint: 77542 ns, At safepoint: 25369333 ns, Total: 25446875 ns
[2022-04-29T04:00:15.712+0000][160][safepoint   ] Safepoint "Cleanup", Time since last: 7011357087 ns, Reaching safepoint: 409666 ns, At safepoint: 15542 ns, Total: 425208 ns
[2022-04-29T04:00:32.752+0000][160][safepoint   ] Safepoint "Cleanup", Time since last: 17039449966 ns, Reaching safepoint: 299500 ns, At safepoint: 11000 ns, Total: 310500 ns
[2022-04-29T04:00:51.950+0000][160][safepoint   ] Safepoint "Cleanup", Time since last: 19197952925 ns, Reaching safepoint: 49292 ns, At safepoint: 2083 ns, Total: 51375 ns
[2022-04-29T04:01:01.979+0000][160][safepoint   ] Safepoint "Cleanup", Time since last: 10028799671 ns, Reaching safepoint: 254209 ns, At safepoint: 7916 ns, Total: 262125 ns
[2022-04-29T04:01:15.005+0000][160][safepoint   ] Safepoint "Cleanup", Time since last: 13026556173 ns, Reaching safepoint: 190209 ns, At safepoint: 4291 ns, Total: 194500 ns
[2022-04-29T04:01:27.029+0000][160][safepoint   ] Safepoint "Cleanup", Time since last: 12023170589 ns, Reaching safepoint: 215917 ns, At safepoint: 6458 ns, Total: 222375 ns
[2022-04-29T04:01:27.185+0000][160][gc,start    ] GC(93) Pause Young (Normal) (G1 Evacuation Pause)
[2022-04-29T04:01:27.186+0000][160][gc,task     ] GC(93) Using 5 workers of 5 for evacuation
[2022-04-29T04:01:27.187+0000][160][gc,age      ] GC(93) Desired survivor size 20971520 bytes, new threshold 15 (max threshold 15)
[2022-04-29T04:01:27.190+0000][160][gc,age      ] GC(93) Age table with threshold 15 (max threshold 15)
[2022-04-29T04:01:27.191+0000][160][gc,age      ] GC(93) - age   1:     760632 bytes,     760632 total
[2022-04-29T04:01:27.192+0000][160][gc,age      ] GC(93) - age   2:       5496 bytes,     766128 total
[2022-04-29T04:01:27.192+0000][160][gc,age      ] GC(93) - age   3:       3576 bytes,     769704 total
[2022-04-29T04:01:27.193+0000][160][gc,age      ] GC(93) - age   4:       3176 bytes,     772880 total
[2022-04-29T04:01:27.194+0000][160][gc,age      ] GC(93) - age   5:       3192 bytes,     776072 total
[2022-04-29T04:01:27.194+0000][160][gc,age      ] GC(93) - age   6:       1600 bytes,     777672 total
[2022-04-29T04:01:27.195+0000][160][gc,age      ] GC(93) - age   7:       3048 bytes,     780720 total
[2022-04-29T04:01:27.196+0000][160][gc,age      ] GC(93) - age   8:       2688 bytes,     783408 total
[2022-04-29T04:01:27.196+0000][160][gc,age      ] GC(93) - age   9:       1256 bytes,     784664 total
[2022-04-29T04:01:27.197+0000][160][gc,age      ] GC(93) - age  10:       1408 bytes,     786072 total
[2022-04-29T04:01:27.197+0000][160][gc,age      ] GC(93) - age  11:       1200 bytes,     787272 total
[2022-04-29T04:01:27.198+0000][160][gc,age      ] GC(93) - age  12:       2784 bytes,     790056 total
[2022-04-29T04:01:27.198+0000][160][gc,age      ] GC(93) - age  13:       9032 bytes,     799088 total
[2022-04-29T04:01:27.199+0000][160][gc,age      ] GC(93) - age  14:       3176 bytes,     802264 total
[2022-04-29T04:01:27.200+0000][160][gc,age      ] GC(93) - age  15:       3152 bytes,     805416 total
[2022-04-29T04:01:27.200+0000][160][gc,phases   ] GC(93)   Pre Evacuate Collection Set: 0.2ms
[2022-04-29T04:01:27.201+0000][160][gc,phases   ] GC(93)   Merge Heap Roots: 0.3ms
[2022-04-29T04:01:27.201+0000][160][gc,phases   ] GC(93)   Evacuate Collection Set: 0.8ms
[2022-04-29T04:01:27.202+0000][160][gc,phases   ] GC(93)   Post Evacuate Collection Set: 0.7ms
[2022-04-29T04:01:27.202+0000][160][gc,phases   ] GC(93)   Other: 13.0ms
[2022-04-29T04:01:27.203+0000][160][gc,heap     ] GC(93) Eden regions: 75->0(75)
[2022-04-29T04:01:27.204+0000][160][gc,heap     ] GC(93) Survivor regions: 1->1(10)
[2022-04-29T04:01:27.205+0000][160][gc,heap     ] GC(93) Old regions: 22->22
[2022-04-29T04:01:27.205+0000][160][gc,heap     ] GC(93) Archive regions: 2->2
[2022-04-29T04:01:27.205+0000][160][gc,heap     ] GC(93) Humongous regions: 6->6
[2022-04-29T04:01:27.207+0000][160][gc,metaspace] GC(93) Metaspace: 117049K(118784K)->117049K(118784K) NonClass: 101543K(102528K)->101543K(102528K) Class: 15506K(16256K)->15506K(16256K)
[2022-04-29T04:01:27.208+0000][160][gc          ] GC(93) Pause Young (Normal) (G1 Evacuation Pause) 414M->113M(512M) 22.230ms
[2022-04-29T04:01:27.208+0000][160][gc,cpu      ] GC(93) User=0.01s Sys=0.01s Real=0.03s
[2022-04-29T04:01:27.209+0000][160][safepoint   ] Safepoint "G1CollectForAllocation", Time since last: 156381167 ns, Reaching safepoint: 52917 ns, At safepoint: 23304250 ns, Total: 23357167 ns
[2022-04-29T04:01:29.215+0000][160][safepoint   ] Safepoint "Cleanup", Time since last: 2005033417 ns, Reaching safepoint: 1776292 ns, At safepoint: 14625 ns, Total: 1790917 ns
[2022-04-29T04:01:34.229+0000][160][safepoint   ] Safepoint "Cleanup", Time since last: 5013749960 ns, Reaching safepoint: 138250 ns, At safepoint: 4958 ns, Total: 143208 ns
[2022-04-29T04:02:00.288+0000][160][safepoint   ] Safepoint "Cleanup", Time since last: 26059589178 ns, Reaching safepoint: 522417 ns, At safepoint: 9875 ns, Total: 532292 ns
[2022-04-29T04:02:30.364+0000][160][safepoint   ] Safepoint "Cleanup", Time since last: 30073072639 ns, Reaching safepoint: 157833 ns, At safepoint: 6083 ns, Total: 163916 ns
[2022-04-29T04:02:34.376+0000][160][safepoint   ] Safepoint "Cleanup", Time since last: 4011901794 ns, Reaching safepoint: 180542 ns, At safepoint: 4708 ns, Total: 185250 ns
[2022-04-29T04:02:45.392+0000][160][safepoint   ] Safepoint "Cleanup", Time since last: 11016210089 ns, Reaching safepoint: 211125 ns, At safepoint: 6291 ns, Total: 217416 ns
[2022-04-29T04:02:53.666+0000][160][gc,start    ] GC(94) Pause Young (Normal) (G1 Evacuation Pause)
[2022-04-29T04:02:53.667+0000][160][gc,task     ] GC(94) Using 5 workers of 5 for evacuation
[2022-04-29T04:02:53.669+0000][160][gc,age      ] GC(94) Desired survivor size 20971520 bytes, new threshold 15 (max threshold 15)
[2022-04-29T04:02:53.673+0000][160][gc,age      ] GC(94) Age table with threshold 15 (max threshold 15)
[2022-04-29T04:02:53.674+0000][160][gc,age      ] GC(94) - age   1:     996112 bytes,     996112 total
[2022-04-29T04:02:53.676+0000][160][gc,age      ] GC(94) - age   2:       7176 bytes,    1003288 total
[2022-04-29T04:02:53.677+0000][160][gc,age      ] GC(94) - age   3:       2608 bytes,    1005896 total
[2022-04-29T04:02:53.678+0000][160][gc,age      ] GC(94) - age   4:       3008 bytes,    1008904 total
[2022-04-29T04:02:53.679+0000][160][gc,age      ] GC(94) - age   5:       3144 bytes,    1012048 total
[2022-04-29T04:02:53.680+0000][160][gc,age      ] GC(94) - age   6:       3128 bytes,    1015176 total
[2022-04-29T04:02:53.682+0000][160][gc,age      ] GC(94) - age   7:       1600 bytes,    1016776 total
[2022-04-29T04:02:53.682+0000][160][gc,age      ] GC(94) - age   8:       2824 bytes,    1019600 total
[2022-04-29T04:02:53.683+0000][160][gc,age      ] GC(94) - age   9:       2688 bytes,    1022288 total
[2022-04-29T04:02:53.684+0000][160][gc,age      ] GC(94) - age  10:       1256 bytes,    1023544 total
[2022-04-29T04:02:53.685+0000][160][gc,age      ] GC(94) - age  11:       1408 bytes,    1024952 total
[2022-04-29T04:02:53.686+0000][160][gc,age      ] GC(94) - age  12:       1200 bytes,    1026152 total
[2022-04-29T04:02:53.687+0000][160][gc,age      ] GC(94) - age  13:       2784 bytes,    1028936 total
[2022-04-29T04:02:53.688+0000][160][gc,age      ] GC(94) - age  14:       9032 bytes,    1037968 total
[2022-04-29T04:02:53.689+0000][160][gc,age      ] GC(94) - age  15:       3176 bytes,    1041144 total
[2022-04-29T04:02:53.690+0000][160][gc,phases   ] GC(94)   Pre Evacuate Collection Set: 0.3ms
[2022-04-29T04:02:53.691+0000][160][gc,phases   ] GC(94)   Merge Heap Roots: 0.5ms
[2022-04-29T04:02:53.692+0000][160][gc,phases   ] GC(94)   Evacuate Collection Set: 1.8ms
[2022-04-29T04:02:53.693+0000][160][gc,phases   ] GC(94)   Post Evacuate Collection Set: 1.1ms
[2022-04-29T04:02:53.694+0000][160][gc,phases   ] GC(94)   Other: 20.9ms
[2022-04-29T04:02:53.695+0000][160][gc,heap     ] GC(94) Eden regions: 75->0(75)
[2022-04-29T04:02:53.696+0000][160][gc,heap     ] GC(94) Survivor regions: 1->1(10)
[2022-04-29T04:02:53.697+0000][160][gc,heap     ] GC(94) Old regions: 22->22
[2022-04-29T04:02:53.697+0000][160][gc,heap     ] GC(94) Archive regions: 2->2
[2022-04-29T04:02:53.698+0000][160][gc,heap     ] GC(94) Humongous regions: 6->6
[2022-04-29T04:02:53.699+0000][160][gc,metaspace] GC(94) Metaspace: 117072K(118784K)->117072K(118784K) NonClass: 101565K(102528K)->101565K(102528K) Class: 15507K(16256K)->15507K(16256K)
[2022-04-29T04:02:53.701+0000][160][gc          ] GC(94) Pause Young (Normal) (G1 Evacuation Pause) 413M->113M(512M) 35.528ms
[2022-04-29T04:02:53.702+0000][160][gc,cpu      ] GC(94) User=0.01s Sys=0.00s Real=0.04s
[2022-04-29T04:02:53.703+0000][160][safepoint   ] Safepoint "G1CollectForAllocation", Time since last: 8272945796 ns, Reaching safepoint: 257458 ns, At safepoint: 37573125 ns, Total: 37830583 ns
[2022-04-29T04:03:00.709+0000][160][safepoint   ] Safepoint "Cleanup", Time since last: 7008486211 ns, Reaching safepoint: 210792 ns, At safepoint: 7083 ns, Total: 217875 ns
[2022-04-29T04:03:04.717+0000][160][safepoint   ] Safepoint "Cleanup", Time since last: 4007601585 ns, Reaching safepoint: 234500 ns, At safepoint: 5333 ns, Total: 239833 ns
[2022-04-29T04:03:08.720+0000][160][safepoint   ] Safepoint "Cleanup", Time since last: 4003478669 ns, Reaching safepoint: 267125 ns, At safepoint: 31875 ns, Total: 299000 ns
[2022-04-29T04:03:40.774+0000][160][safepoint   ] Safepoint "Cleanup", Time since last: 32052991682 ns, Reaching safepoint: 116750 ns, At safepoint: 5000 ns, Total: 121750 ns
[2022-04-29T04:03:45.785+0000][160][safepoint   ] Safepoint "Cleanup", Time since last: 5010148835 ns, Reaching safepoint: 94250 ns, At safepoint: 4959 ns, Total: 99209 ns
[2022-04-29T04:03:51.802+0000][160][safepoint   ] Safepoint "Cleanup", Time since last: 6011397294 ns, Reaching safepoint: 5680834 ns, At safepoint: 18833 ns, Total: 5699667 ns
[2022-04-29T04:04:00.823+0000][160][safepoint   ] Safepoint "Cleanup", Time since last: 9022369920 ns, Reaching safepoint: 139458 ns, At safepoint: 7042 ns, Total: 146500 ns
[2022-04-29T04:04:14.985+0000][160][gc,start    ] GC(95) Pause Young (Normal) (G1 Evacuation Pause)
[2022-04-29T04:04:14.986+0000][160][gc,task     ] GC(95) Using 5 workers of 5 for evacuation
[2022-04-29T04:04:14.987+0000][160][gc,age      ] GC(95) Desired survivor size 20971520 bytes, new threshold 15 (max threshold 15)
[2022-04-29T04:04:14.990+0000][160][gc,age      ] GC(95) Age table with threshold 15 (max threshold 15)
[2022-04-29T04:04:14.990+0000][160][gc,age      ] GC(95) - age   1:    1370552 bytes,    1370552 total
[2022-04-29T04:04:14.991+0000][160][gc,age      ] GC(95) - age   2:      23608 bytes,    1394160 total
[2022-04-29T04:04:14.992+0000][160][gc,age      ] GC(95) - age   3:       4600 bytes,    1398760 total
[2022-04-29T04:04:14.992+0000][160][gc,age      ] GC(95) - age   4:       2096 bytes,    1400856 total
[2022-04-29T04:04:14.993+0000][160][gc,age      ] GC(95) - age   5:       3008 bytes,    1403864 total
[2022-04-29T04:04:14.994+0000][160][gc,age      ] GC(95) - age   6:       3080 bytes,    1406944 total
[2022-04-29T04:04:14.994+0000][160][gc,age      ] GC(95) - age   7:       3000 bytes,    1409944 total
[2022-04-29T04:04:14.995+0000][160][gc,age      ] GC(95) - age   8:       1600 bytes,    1411544 total
[2022-04-29T04:04:14.995+0000][160][gc,age      ] GC(95) - age   9:       2824 bytes,    1414368 total
[2022-04-29T04:04:14.996+0000][160][gc,age      ] GC(95) - age  10:       2688 bytes,    1417056 total
[2022-04-29T04:04:14.996+0000][160][gc,age      ] GC(95) - age  11:       1256 bytes,    1418312 total
[2022-04-29T04:04:14.997+0000][160][gc,age      ] GC(95) - age  12:       1408 bytes,    1419720 total
[2022-04-29T04:04:14.997+0000][160][gc,age      ] GC(95) - age  13:       1200 bytes,    1420920 total
[2022-04-29T04:04:14.998+0000][160][gc,age      ] GC(95) - age  14:       2784 bytes,    1423704 total
[2022-04-29T04:04:14.999+0000][160][gc,age      ] GC(95) - age  15:       9032 bytes,    1432736 total
[2022-04-29T04:04:14.999+0000][160][gc,phases   ] GC(95)   Pre Evacuate Collection Set: 0.1ms
[2022-04-29T04:04:15.000+0000][160][gc,phases   ] GC(95)   Merge Heap Roots: 0.1ms
[2022-04-29T04:04:15.000+0000][160][gc,phases   ] GC(95)   Evacuate Collection Set: 1.2ms
[2022-04-29T04:04:15.001+0000][160][gc,phases   ] GC(95)   Post Evacuate Collection Set: 0.7ms
[2022-04-29T04:04:15.001+0000][160][gc,phases   ] GC(95)   Other: 12.0ms
[2022-04-29T04:04:15.002+0000][160][gc,heap     ] GC(95) Eden regions: 75->0(75)
[2022-04-29T04:04:15.003+0000][160][gc,heap     ] GC(95) Survivor regions: 1->1(10)
[2022-04-29T04:04:15.003+0000][160][gc,heap     ] GC(95) Old regions: 22->22
[2022-04-29T04:04:15.004+0000][160][gc,heap     ] GC(95) Archive regions: 2->2
[2022-04-29T04:04:15.005+0000][160][gc,heap     ] GC(95) Humongous regions: 6->6
[2022-04-29T04:04:15.005+0000][160][gc,metaspace] GC(95) Metaspace: 117083K(118848K)->117083K(118848K) NonClass: 101575K(102592K)->101575K(102592K) Class: 15507K(16256K)->15507K(16256K)
[2022-04-29T04:04:15.006+0000][160][gc          ] GC(95) Pause Young (Normal) (G1 Evacuation Pause) 413M->113M(512M) 20.684ms
[2022-04-29T04:04:15.007+0000][160][gc,cpu      ] GC(95) User=0.00s Sys=0.00s Real=0.02s
[2022-04-29T04:04:15.007+0000][160][safepoint   ] Safepoint "G1CollectForAllocation", Time since last: 14162065507 ns, Reaching safepoint: 473583 ns, At safepoint: 21935917 ns, Total: 22409500 ns
[2022-04-29T04:04:42.053+0000][160][safepoint   ] Safepoint "Cleanup", Time since last: 27045421720 ns, Reaching safepoint: 371792 ns, At safepoint: 8042 ns, Total: 379834 ns
[2022-04-29T04:04:45.073+0000][160][safepoint   ] Safepoint "Cleanup", Time since last: 3019859501 ns, Reaching safepoint: 262875 ns, At safepoint: 9750 ns, Total: 272625 ns
[2022-04-29T04:04:46.074+0000][160][safepoint   ] Safepoint "Cleanup", Time since last: 1000795875 ns, Reaching safepoint: 159084 ns, At safepoint: 4166 ns, Total: 163250 ns
[2022-04-29T04:04:47.075+0000][160][safepoint   ] Safepoint "Cleanup", Time since last: 1000779459 ns, Reaching safepoint: 176792 ns, At safepoint: 5083 ns, Total: 181875 ns
[2022-04-29T04:04:51.094+0000][160][safepoint   ] Safepoint "Cleanup", Time since last: 4018734336 ns, Reaching safepoint: 254875 ns, At safepoint: 5041 ns, Total: 259916 ns
[2022-04-29T04:04:54.111+0000][160][safepoint   ] Safepoint "Cleanup", Time since last: 3012351585 ns, Reaching safepoint: 3936375 ns, At safepoint: 409125 ns, Total: 4345500 ns
[2022-04-29T04:04:57.122+0000][160][safepoint   ] Safepoint "Cleanup", Time since last: 3011142251 ns, Reaching safepoint: 95000 ns, At safepoint: 5292 ns, Total: 100292 ns
[2022-04-29T04:05:00.130+0000][160][safepoint   ] Safepoint "Cleanup", Time since last: 3006677001 ns, Reaching safepoint: 269792 ns, At safepoint: 8083 ns, Total: 277875 ns
[2022-04-29T04:05:03.134+0000][160][safepoint   ] Safepoint "Cleanup", Time since last: 3004042876 ns, Reaching safepoint: 173667 ns, At safepoint: 40708 ns, Total: 214375 ns
[2022-04-29T04:05:06.139+0000][160][safepoint   ] Safepoint "Cleanup", Time since last: 3005456543 ns, Reaching safepoint: 163834 ns, At safepoint: 9291 ns, Total: 173125 ns
[2022-04-29T04:05:09.145+0000][160][safepoint   ] Safepoint "Cleanup", Time since last: 3004981502 ns, Reaching safepoint: 98917 ns, At safepoint: 3166 ns, Total: 102083 ns
[2022-04-29T04:05:12.149+0000][160][safepoint   ] Safepoint "Cleanup", Time since last: 3003641168 ns, Reaching safepoint: 437084 ns, At safepoint: 12166 ns, Total: 449250 ns
[2022-04-29T04:05:15.173+0000][160][safepoint   ] Safepoint "Cleanup", Time since last: 3024580043 ns, Reaching safepoint: 194500 ns, At safepoint: 6250 ns, Total: 200750 ns
[2022-04-29T04:05:16.175+0000][160][safepoint   ] Safepoint "Cleanup", Time since last: 1001256209 ns, Reaching safepoint: 133375 ns, At safepoint: 10542 ns, Total: 143917 ns
[2022-04-29T04:05:18.176+0000][160][safepoint   ] Safepoint "Cleanup", Time since last: 2000877876 ns, Reaching safepoint: 78500 ns, At safepoint: 4000 ns, Total: 82500 ns
[2022-04-29T04:05:24.187+0000][160][safepoint   ] Safepoint "Cleanup", Time since last: 6010407919 ns, Reaching safepoint: 459459 ns, At safepoint: 10375 ns, Total: 469834 ns
[2022-04-29T04:05:27.064+0000][160][gc,start    ] GC(96) Pause Young (Normal) (G1 Evacuation Pause)
[2022-04-29T04:05:27.064+0000][160][gc,task     ] GC(96) Using 5 workers of 5 for evacuation
[2022-04-29T04:05:27.065+0000][160][gc,age      ] GC(96) Desired survivor size 20971520 bytes, new threshold 15 (max threshold 15)
[2022-04-29T04:05:27.068+0000][160][gc,age      ] GC(96) Age table with threshold 15 (max threshold 15)
[2022-04-29T04:05:27.070+0000][160][gc,age      ] GC(96) - age   1:    2714704 bytes,    2714704 total
[2022-04-29T04:05:27.071+0000][160][gc,age      ] GC(96) - age   2:       4152 bytes,    2718856 total
[2022-04-29T04:05:27.071+0000][160][gc,age      ] GC(96) - age   3:      21024 bytes,    2739880 total
[2022-04-29T04:05:27.072+0000][160][gc,age      ] GC(96) - age   4:       4568 bytes,    2744448 total
[2022-04-29T04:05:27.073+0000][160][gc,age      ] GC(96) - age   5:       1648 bytes,    2746096 total
[2022-04-29T04:05:27.073+0000][160][gc,age      ] GC(96) - age   6:       3008 bytes,    2749104 total
[2022-04-29T04:05:27.074+0000][160][gc,age      ] GC(96) - age   7:       3080 bytes,    2752184 total
[2022-04-29T04:05:27.075+0000][160][gc,age      ] GC(96) - age   8:       3000 bytes,    2755184 total
[2022-04-29T04:05:27.075+0000][160][gc,age      ] GC(96) - age   9:       1288 bytes,    2756472 total
[2022-04-29T04:05:27.076+0000][160][gc,age      ] GC(96) - age  10:       2696 bytes,    2759168 total
[2022-04-29T04:05:27.077+0000][160][gc,age      ] GC(96) - age  11:       2688 bytes,    2761856 total
[2022-04-29T04:05:27.077+0000][160][gc,age      ] GC(96) - age  12:       1256 bytes,    2763112 total
[2022-04-29T04:05:27.078+0000][160][gc,age      ] GC(96) - age  13:       1408 bytes,    2764520 total
[2022-04-29T04:05:27.079+0000][160][gc,age      ] GC(96) - age  14:       1200 bytes,    2765720 total
[2022-04-29T04:05:27.079+0000][160][gc,age      ] GC(96) - age  15:       2784 bytes,    2768504 total
[2022-04-29T04:05:27.081+0000][160][gc,phases   ] GC(96)   Pre Evacuate Collection Set: 0.2ms
[2022-04-29T04:05:27.081+0000][160][gc,phases   ] GC(96)   Merge Heap Roots: 0.1ms
[2022-04-29T04:05:27.083+0000][160][gc,phases   ] GC(96)   Evacuate Collection Set: 1.7ms
[2022-04-29T04:05:27.083+0000][160][gc,phases   ] GC(96)   Post Evacuate Collection Set: 0.7ms
[2022-04-29T04:05:27.084+0000][160][gc,phases   ] GC(96)   Other: 13.9ms
[2022-04-29T04:05:27.085+0000][160][gc,heap     ] GC(96) Eden regions: 75->0(75)
[2022-04-29T04:05:27.085+0000][160][gc,heap     ] GC(96) Survivor regions: 1->1(10)
[2022-04-29T04:05:27.086+0000][160][gc,heap     ] GC(96) Old regions: 22->22
[2022-04-29T04:05:27.087+0000][160][gc,heap     ] GC(96) Archive regions: 2->2
[2022-04-29T04:05:27.087+0000][160][gc,heap     ] GC(96) Humongous regions: 6->6
[2022-04-29T04:05:27.088+0000][160][gc,metaspace] GC(96) Metaspace: 117153K(118912K)->117153K(118912K) NonClass: 101645K(102656K)->101645K(102656K) Class: 15508K(16256K)->15508K(16256K)
[2022-04-29T04:05:27.088+0000][160][gc          ] GC(96) Pause Young (Normal) (G1 Evacuation Pause) 413M->115M(512M) 24.454ms
[2022-04-29T04:05:27.089+0000][160][gc,cpu      ] GC(96) User=0.01s Sys=0.00s Real=0.03s
[2022-04-29T04:05:27.090+0000][160][safepoint   ] Safepoint "G1CollectForAllocation", Time since last: 2877199543 ns, Reaching safepoint: 48791 ns, At safepoint: 25831042 ns, Total: 25879833 ns
[2022-04-29T04:05:28.091+0000][160][safepoint   ] Safepoint "Cleanup", Time since last: 1000695376 ns, Reaching safepoint: 83875 ns, At safepoint: 5500 ns, Total: 89375 ns
[2022-04-29T04:05:31.970+0000][160][safepoint   ] Safepoint "ICBufferFull", Time since last: 3881198917 ns, Reaching safepoint: 246042 ns, At safepoint: 4625 ns, Total: 250667 ns
[2022-04-29T04:05:32.215+0000][160][safepoint   ] Safepoint "ICBufferFull", Time since last: 244337000 ns, Reaching safepoint: 234625 ns, At safepoint: 4292 ns, Total: 238917 ns
[2022-04-29T04:05:33.180+0000][160][safepoint   ] Safepoint "ICBufferFull", Time since last: 964397333 ns, Reaching safepoint: 304959 ns, At safepoint: 4708 ns, Total: 309667 ns
[2022-04-29T04:05:34.184+0000][160][safepoint   ] Safepoint "Cleanup", Time since last: 1003818334 ns, Reaching safepoint: 488000 ns, At safepoint: 14625 ns, Total: 502625 ns
[2022-04-29T04:05:39.234+0000][160][safepoint   ] Safepoint "Cleanup", Time since last: 5050262044 ns, Reaching safepoint: 222333 ns, At safepoint: 16459 ns, Total: 238792 ns
[2022-04-29T04:05:40.238+0000][160][safepoint   ] Safepoint "Cleanup", Time since last: 1002917625 ns, Reaching safepoint: 386333 ns, At safepoint: 7792 ns, Total: 394125 ns
[2022-04-29T04:05:40.489+0000][160][safepoint   ] Safepoint "ICBufferFull", Time since last: 251338083 ns, Reaching safepoint: 162959 ns, At safepoint: 3750 ns, Total: 166709 ns
[2022-04-29T04:05:40.849+0000][160][safepoint   ] Safepoint "ICBufferFull", Time since last: 359828417 ns, Reaching safepoint: 180708 ns, At safepoint: 11042 ns, Total: 191750 ns
[2022-04-29T04:05:41.911+0000][160][safepoint   ] Safepoint "Cleanup", Time since last: 1061252417 ns, Reaching safepoint: 285666 ns, At safepoint: 7875 ns, Total: 293541 ns
[2022-04-29T04:05:43.916+0000][160][safepoint   ] Safepoint "Cleanup", Time since last: 2004958751 ns, Reaching safepoint: 330167 ns, At safepoint: 14833 ns, Total: 345000 ns
[2022-04-29T04:05:44.809+0000][160][gc,start    ] GC(97) Pause Young (Normal) (G1 Evacuation Pause)
[2022-04-29T04:05:44.810+0000][160][gc,task     ] GC(97) Using 5 workers of 5 for evacuation
[2022-04-29T04:05:44.810+0000][160][gc,age      ] GC(97) Desired survivor size 20971520 bytes, new threshold 15 (max threshold 15)
[2022-04-29T04:05:44.815+0000][160][gc,age      ] GC(97) Age table with threshold 15 (max threshold 15)
[2022-04-29T04:05:44.815+0000][160][gc,age      ] GC(97) - age   1:    1990672 bytes,    1990672 total
[2022-04-29T04:05:44.816+0000][160][gc,age      ] GC(97) - age   2:     612376 bytes,    2603048 total
[2022-04-29T04:05:44.816+0000][160][gc,age      ] GC(97) - age   3:       3288 bytes,    2606336 total
[2022-04-29T04:05:44.817+0000][160][gc,age      ] GC(97) - age   4:      20728 bytes,    2627064 total
[2022-04-29T04:05:44.818+0000][160][gc,age      ] GC(97) - age   5:       4176 bytes,    2631240 total
[2022-04-29T04:05:44.818+0000][160][gc,age      ] GC(97) - age   6:       1648 bytes,    2632888 total
[2022-04-29T04:05:44.819+0000][160][gc,age      ] GC(97) - age   7:       3008 bytes,    2635896 total
[2022-04-29T04:05:44.820+0000][160][gc,age      ] GC(97) - age   8:       3080 bytes,    2638976 total
[2022-04-29T04:05:44.820+0000][160][gc,age      ] GC(97) - age   9:       3000 bytes,    2641976 total
[2022-04-29T04:05:44.821+0000][160][gc,age      ] GC(97) - age  10:       1288 bytes,    2643264 total
[2022-04-29T04:05:44.821+0000][160][gc,age      ] GC(97) - age  11:       2696 bytes,    2645960 total
[2022-04-29T04:05:44.822+0000][160][gc,age      ] GC(97) - age  12:       2688 bytes,    2648648 total
[2022-04-29T04:05:44.822+0000][160][gc,age      ] GC(97) - age  13:       1256 bytes,    2649904 total
[2022-04-29T04:05:44.823+0000][160][gc,age      ] GC(97) - age  14:       1408 bytes,    2651312 total
[2022-04-29T04:05:44.824+0000][160][gc,age      ] GC(97) - age  15:       1200 bytes,    2652512 total
[2022-04-29T04:05:44.824+0000][160][gc,phases   ] GC(97)   Pre Evacuate Collection Set: 0.1ms
[2022-04-29T04:05:44.825+0000][160][gc,phases   ] GC(97)   Merge Heap Roots: 0.1ms
[2022-04-29T04:05:44.825+0000][160][gc,phases   ] GC(97)   Evacuate Collection Set: 1.6ms
[2022-04-29T04:05:44.826+0000][160][gc,phases   ] GC(97)   Post Evacuate Collection Set: 0.9ms
[2022-04-29T04:05:44.826+0000][160][gc,phases   ] GC(97)   Other: 12.6ms
[2022-04-29T04:05:44.827+0000][160][gc,heap     ] GC(97) Eden regions: 75->0(75)
[2022-04-29T04:05:44.828+0000][160][gc,heap     ] GC(97) Survivor regions: 1->1(10)
[2022-04-29T04:05:44.828+0000][160][gc,heap     ] GC(97) Old regions: 22->22
[2022-04-29T04:05:44.829+0000][160][gc,heap     ] GC(97) Archive regions: 2->2
[2022-04-29T04:05:44.830+0000][160][gc,heap     ] GC(97) Humongous regions: 6->6
[2022-04-29T04:05:44.830+0000][160][gc,metaspace] GC(97) Metaspace: 117488K(119296K)->117488K(119296K) NonClass: 101921K(102976K)->101921K(102976K) Class: 15567K(16320K)->15567K(16320K)
[2022-04-29T04:05:44.831+0000][160][gc          ] GC(97) Pause Young (Normal) (G1 Evacuation Pause) 415M->115M(512M) 22.131ms
[2022-04-29T04:05:44.832+0000][160][gc,cpu      ] GC(97) User=0.01s Sys=0.00s Real=0.02s
[2022-04-29T04:05:44.833+0000][160][safepoint   ] Safepoint "G1CollectForAllocation", Time since last: 892882668 ns, Reaching safepoint: 50000 ns, At safepoint: 24027666 ns, Total: 24077666 ns
[2022-04-29T04:05:45.834+0000][160][safepoint   ] Safepoint "Cleanup", Time since last: 1000834751 ns, Reaching safepoint: 114583 ns, At safepoint: 4667 ns, Total: 119250 ns
[2022-04-29T04:05:47.838+0000][160][safepoint   ] Safepoint "Cleanup", Time since last: 2004227667 ns, Reaching safepoint: 125875 ns, At safepoint: 5084 ns, Total: 130959 ns
[2022-04-29T04:05:50.843+0000][160][safepoint   ] Safepoint "Cleanup", Time since last: 3004391376 ns, Reaching safepoint: 109458 ns, At safepoint: 2292 ns, Total: 111750 ns
[2022-04-29T04:05:51.845+0000][160][safepoint   ] Safepoint "Cleanup", Time since last: 1001502001 ns, Reaching safepoint: 321166 ns, At safepoint: 4500 ns, Total: 325666 ns
[2022-04-29T04:05:52.847+0000][160][safepoint   ] Safepoint "Cleanup", Time since last: 1002301292 ns, Reaching safepoint: 78667 ns, At safepoint: 3500 ns, Total: 82167 ns
[2022-04-29T04:05:53.716+0000][160][safepoint   ] Safepoint "ICBufferFull", Time since last: 868409292 ns, Reaching safepoint: 535542 ns, At safepoint: 52500 ns, Total: 588042 ns
[2022-04-29T04:05:54.265+0000][160][safepoint   ] Safepoint "ICBufferFull", Time since last: 548323625 ns, Reaching safepoint: 250333 ns, At safepoint: 186042 ns, Total: 436375 ns
[2022-04-29T04:05:55.266+0000][160][safepoint   ] Safepoint "Cleanup", Time since last: 1000848126 ns, Reaching safepoint: 384750 ns, At safepoint: 20833 ns, Total: 405583 ns
[2022-04-29T04:05:56.268+0000][160][safepoint   ] Safepoint "Cleanup", Time since last: 1001714000 ns, Reaching safepoint: 166167 ns, At safepoint: 6750 ns, Total: 172917 ns
[2022-04-29T04:05:57.269+0000][160][safepoint   ] Safepoint "Cleanup", Time since last: 1001143000 ns, Reaching safepoint: 248750 ns, At safepoint: 33709 ns, Total: 282459 ns
[2022-04-29T04:05:58.270+0000][160][safepoint   ] Safepoint "Cleanup", Time since last: 1000846959 ns, Reaching safepoint: 166291 ns, At safepoint: 54375 ns, Total: 220666 ns
[2022-04-29T04:05:59.273+0000][160][safepoint   ] Safepoint "Cleanup", Time since last: 1001793167 ns, Reaching safepoint: 328292 ns, At safepoint: 8292 ns, Total: 336584 ns
[2022-04-29T04:06:00.273+0000][160][safepoint   ] Safepoint "Cleanup", Time since last: 1001374833 ns, Reaching safepoint: 185459 ns, At safepoint: 4791 ns, Total: 190250 ns
[2022-04-29T04:06:01.275+0000][160][safepoint   ] Safepoint "Cleanup", Time since last: 1002150959 ns, Reaching safepoint: 61000 ns, At safepoint: 1833 ns, Total: 62833 ns
[2022-04-29T04:06:01.823+0000][160][gc,start    ] GC(98) Pause Young (Normal) (G1 Evacuation Pause)
[2022-04-29T04:06:01.824+0000][160][gc,task     ] GC(98) Using 5 workers of 5 for evacuation
[2022-04-29T04:06:01.824+0000][160][gc,age      ] GC(98) Desired survivor size 20971520 bytes, new threshold 15 (max threshold 15)
[2022-04-29T04:06:01.829+0000][160][gc,age      ] GC(98) Age table with threshold 15 (max threshold 15)
[2022-04-29T04:06:01.830+0000][160][gc,age      ] GC(98) - age   1:    2352984 bytes,    2352984 total
[2022-04-29T04:06:01.831+0000][160][gc,age      ] GC(98) - age   2:     824544 bytes,    3177528 total
[2022-04-29T04:06:01.832+0000][160][gc,age      ] GC(98) - age   3:     442528 bytes,    3620056 total
[2022-04-29T04:06:01.833+0000][160][gc,age      ] GC(98) - age   4:       3224 bytes,    3623280 total
[2022-04-29T04:06:01.834+0000][160][gc,age      ] GC(98) - age   5:      20600 bytes,    3643880 total
[2022-04-29T04:06:01.835+0000][160][gc,age      ] GC(98) - age   6:       4176 bytes,    3648056 total
[2022-04-29T04:06:01.836+0000][160][gc,age      ] GC(98) - age   7:       1624 bytes,    3649680 total
[2022-04-29T04:06:01.836+0000][160][gc,age      ] GC(98) - age   8:       3008 bytes,    3652688 total
[2022-04-29T04:06:01.837+0000][160][gc,age      ] GC(98) - age   9:       3080 bytes,    3655768 total
[2022-04-29T04:06:01.838+0000][160][gc,age      ] GC(98) - age  10:       3000 bytes,    3658768 total
[2022-04-29T04:06:01.840+0000][160][gc,age      ] GC(98) - age  11:       1288 bytes,    3660056 total
[2022-04-29T04:06:01.840+0000][160][gc,age      ] GC(98) - age  12:       2696 bytes,    3662752 total
[2022-04-29T04:06:01.841+0000][160][gc,age      ] GC(98) - age  13:       2296 bytes,    3665048 total
[2022-04-29T04:06:01.842+0000][160][gc,age      ] GC(98) - age  14:       1256 bytes,    3666304 total
[2022-04-29T04:06:01.843+0000][160][gc,age      ] GC(98) - age  15:       1408 bytes,    3667712 total
[2022-04-29T04:06:01.843+0000][160][gc,phases   ] GC(98)   Pre Evacuate Collection Set: 0.4ms
[2022-04-29T04:06:01.844+0000][160][gc,phases   ] GC(98)   Merge Heap Roots: 0.2ms
[2022-04-29T04:06:01.845+0000][160][gc,phases   ] GC(98)   Evacuate Collection Set: 1.9ms
[2022-04-29T04:06:01.845+0000][160][gc,phases   ] GC(98)   Post Evacuate Collection Set: 1.0ms
[2022-04-29T04:06:01.846+0000][160][gc,phases   ] GC(98)   Other: 17.7ms
[2022-04-29T04:06:01.847+0000][160][gc,heap     ] GC(98) Eden regions: 75->0(75)
[2022-04-29T04:06:01.847+0000][160][gc,heap     ] GC(98) Survivor regions: 1->1(10)
[2022-04-29T04:06:01.848+0000][160][gc,heap     ] GC(98) Old regions: 22->22
[2022-04-29T04:06:01.849+0000][160][gc,heap     ] GC(98) Archive regions: 2->2
[2022-04-29T04:06:01.849+0000][160][gc,heap     ] GC(98) Humongous regions: 6->6
[2022-04-29T04:06:01.850+0000][160][gc,metaspace] GC(98) Metaspace: 117754K(119488K)->117754K(119488K) NonClass: 102183K(103168K)->102183K(103168K) Class: 15570K(16320K)->15570K(16320K)
[2022-04-29T04:06:01.851+0000][160][gc          ] GC(98) Pause Young (Normal) (G1 Evacuation Pause) 415M->116M(512M) 28.066ms
[2022-04-29T04:06:01.851+0000][160][gc,cpu      ] GC(98) User=0.01s Sys=0.00s Real=0.03s
[2022-04-29T04:06:01.852+0000][160][safepoint   ] Safepoint "G1CollectForAllocation", Time since last: 546361126 ns, Reaching safepoint: 524833 ns, At safepoint: 30060333 ns, Total: 30585166 ns
[2022-04-29T04:06:02.854+0000][160][safepoint   ] Safepoint "Cleanup", Time since last: 1001330543 ns, Reaching safepoint: 139875 ns, At safepoint: 3375 ns, Total: 143250 ns
[2022-04-29T04:06:03.856+0000][160][safepoint   ] Safepoint "Cleanup", Time since last: 1001372292 ns, Reaching safepoint: 156541 ns, At safepoint: 5834 ns, Total: 162375 ns
[2022-04-29T04:06:04.857+0000][160][safepoint   ] Safepoint "Cleanup", Time since last: 1001169250 ns, Reaching safepoint: 108750 ns, At safepoint: 7000 ns, Total: 115750 ns
[2022-04-29T04:06:05.858+0000][160][safepoint   ] Safepoint "Cleanup", Time since last: 1000960626 ns, Reaching safepoint: 131583 ns, At safepoint: 4625 ns, Total: 136208 ns
[2022-04-29T04:06:06.859+0000][160][safepoint   ] Safepoint "Cleanup", Time since last: 1000746167 ns, Reaching safepoint: 152333 ns, At safepoint: 4125 ns, Total: 156458 ns
[2022-04-29T04:06:07.860+0000][160][safepoint   ] Safepoint "Cleanup", Time since last: 1000784084 ns, Reaching safepoint: 263584 ns, At safepoint: 5083 ns, Total: 268667 ns
[2022-04-29T04:06:08.978+0000][160][safepoint   ] Safepoint "Cleanup", Time since last: 1118472459 ns, Reaching safepoint: 314083 ns, At safepoint: 7250 ns, Total: 321333 ns
[2022-04-29T04:06:09.637+0000][160][gc,start    ] GC(99) Pause Young (Normal) (G1 Evacuation Pause)
[2022-04-29T04:06:09.638+0000][160][gc,task     ] GC(99) Using 5 workers of 5 for evacuation
[2022-04-29T04:06:09.639+0000][160][gc,age      ] GC(99) Desired survivor size 20971520 bytes, new threshold 15 (max threshold 15)
[2022-04-29T04:06:09.644+0000][160][gc,age      ] GC(99) Age table with threshold 15 (max threshold 15)
[2022-04-29T04:06:09.645+0000][160][gc,age      ] GC(99) - age   1:    1545056 bytes,    1545056 total
[2022-04-29T04:06:09.647+0000][160][gc,age      ] GC(99) - age   2:     901368 bytes,    2446424 total
[2022-04-29T04:06:09.648+0000][160][gc,age      ] GC(99) - age   3:     820056 bytes,    3266480 total
[2022-04-29T04:06:09.649+0000][160][gc,age      ] GC(99) - age   4:     441240 bytes,    3707720 total
[2022-04-29T04:06:09.650+0000][160][gc,age      ] GC(99) - age   5:       3032 bytes,    3710752 total
[2022-04-29T04:06:09.653+0000][160][gc,age      ] GC(99) - age   6:      20600 bytes,    3731352 total
[2022-04-29T04:06:09.654+0000][160][gc,age      ] GC(99) - age   7:       4176 bytes,    3735528 total
[2022-04-29T04:06:09.655+0000][160][gc,age      ] GC(99) - age   8:       1624 bytes,    3737152 total
[2022-04-29T04:06:09.656+0000][160][gc,age      ] GC(99) - age   9:       3008 bytes,    3740160 total
[2022-04-29T04:06:09.658+0000][160][gc,age      ] GC(99) - age  10:       3080 bytes,    3743240 total
[2022-04-29T04:06:09.659+0000][160][gc,age      ] GC(99) - age  11:       3000 bytes,    3746240 total
[2022-04-29T04:06:09.660+0000][160][gc,age      ] GC(99) - age  12:       1288 bytes,    3747528 total
[2022-04-29T04:06:09.662+0000][160][gc,age      ] GC(99) - age  13:       2696 bytes,    3750224 total
[2022-04-29T04:06:09.663+0000][160][gc,age      ] GC(99) - age  14:       2296 bytes,    3752520 total
[2022-04-29T04:06:09.664+0000][160][gc,age      ] GC(99) - age  15:       1256 bytes,    3753776 total
[2022-04-29T04:06:09.665+0000][160][gc,phases   ] GC(99)   Pre Evacuate Collection Set: 0.2ms
[2022-04-29T04:06:09.666+0000][160][gc,phases   ] GC(99)   Merge Heap Roots: 0.2ms
[2022-04-29T04:06:09.667+0000][160][gc,phases   ] GC(99)   Evacuate Collection Set: 2.5ms
[2022-04-29T04:06:09.668+0000][160][gc,phases   ] GC(99)   Post Evacuate Collection Set: 1.2ms
[2022-04-29T04:06:09.669+0000][160][gc,phases   ] GC(99)   Other: 24.6ms
[2022-04-29T04:06:09.670+0000][160][gc,heap     ] GC(99) Eden regions: 75->0(75)
[2022-04-29T04:06:09.670+0000][160][gc,heap     ] GC(99) Survivor regions: 1->1(10)
[2022-04-29T04:06:09.671+0000][160][gc,heap     ] GC(99) Old regions: 22->22
[2022-04-29T04:06:09.672+0000][160][gc,heap     ] GC(99) Archive regions: 2->2
[2022-04-29T04:06:09.673+0000][160][gc,heap     ] GC(99) Humongous regions: 6->6
[2022-04-29T04:06:09.674+0000][160][gc,metaspace] GC(99) Metaspace: 117763K(119488K)->117763K(119488K) NonClass: 102192K(103168K)->102192K(103168K) Class: 15571K(16320K)->15571K(16320K)
[2022-04-29T04:06:09.675+0000][160][gc          ] GC(99) Pause Young (Normal) (G1 Evacuation Pause) 416M->116M(512M) 38.395ms
[2022-04-29T04:06:09.676+0000][160][gc,cpu      ] GC(99) User=0.02s Sys=0.00s Real=0.04s
[2022-04-29T04:06:09.678+0000][160][safepoint   ] Safepoint "G1CollectForAllocation", Time since last: 657747167 ns, Reaching safepoint: 132250 ns, At safepoint: 41246083 ns, Total: 41378333 ns
[2022-04-29T04:06:10.679+0000][160][safepoint   ] Safepoint "Cleanup", Time since last: 1001528168 ns, Reaching safepoint: 78000 ns, At safepoint: 22333 ns, Total: 100333 ns
[2022-04-29T04:06:11.680+0000][160][safepoint   ] Safepoint "Cleanup", Time since last: 1000976167 ns, Reaching safepoint: 118833 ns, At safepoint: 4417 ns, Total: 123250 ns
[2022-04-29T04:06:12.682+0000][160][safepoint   ] Safepoint "Cleanup", Time since last: 1001543209 ns, Reaching safepoint: 96458 ns, At safepoint: 4167 ns, Total: 100625 ns
[2022-04-29T04:06:13.683+0000][160][safepoint   ] Safepoint "Cleanup", Time since last: 1000689542 ns, Reaching safepoint: 226458 ns, At safepoint: 9667 ns, Total: 236125 ns
[2022-04-29T04:06:14.684+0000][160][safepoint   ] Safepoint "Cleanup", Time since last: 1001163625 ns, Reaching safepoint: 242709 ns, At safepoint: 4541 ns, Total: 247250 ns
[2022-04-29T04:06:15.686+0000][160][safepoint   ] Safepoint "Cleanup", Time since last: 1001247543 ns, Reaching safepoint: 407250 ns, At safepoint: 4583 ns, Total: 411833 ns
[2022-04-29T04:06:16.688+0000][160][safepoint   ] Safepoint "Cleanup", Time since last: 1001784834 ns, Reaching safepoint: 79000 ns, At safepoint: 15916 ns, Total: 94916 ns
[2022-04-29T04:06:17.689+0000][160][safepoint   ] Safepoint "Cleanup", Time since last: 1001403501 ns, Reaching safepoint: 55792 ns, At safepoint: 2291 ns, Total: 58083 ns
[2022-04-29T04:06:18.690+0000][160][safepoint   ] Safepoint "Cleanup", Time since last: 1000785292 ns, Reaching safepoint: 83375 ns, At safepoint: 5084 ns, Total: 88459 ns
[2022-04-29T04:06:19.691+0000][160][safepoint   ] Safepoint "Cleanup", Time since last: 1000793625 ns, Reaching safepoint: 139042 ns, At safepoint: 4542 ns, Total: 143584 ns
[2022-04-29T04:06:20.255+0000][160][gc,start    ] GC(100) Pause Young (Normal) (G1 Evacuation Pause)
[2022-04-29T04:06:20.256+0000][160][gc,task     ] GC(100) Using 5 workers of 5 for evacuation
[2022-04-29T04:06:20.256+0000][160][gc,age      ] GC(100) Desired survivor size 20971520 bytes, new threshold 15 (max threshold 15)
[2022-04-29T04:06:20.261+0000][160][gc,age      ] GC(100) Age table with threshold 15 (max threshold 15)
[2022-04-29T04:06:20.262+0000][160][gc,age      ] GC(100) - age   1:    4264056 bytes,    4264056 total
[2022-04-29T04:06:20.263+0000][160][gc,age      ] GC(100) - age   2:     841808 bytes,    5105864 total
[2022-04-29T04:06:20.264+0000][160][gc,age      ] GC(100) - age   3:     875496 bytes,    5981360 total
[2022-04-29T04:06:20.264+0000][160][gc,age      ] GC(100) - age   4:     819120 bytes,    6800480 total
[2022-04-29T04:06:20.265+0000][160][gc,age      ] GC(100) - age   5:     441080 bytes,    7241560 total
[2022-04-29T04:06:20.266+0000][160][gc,age      ] GC(100) - age   6:       3032 bytes,    7244592 total
[2022-04-29T04:06:20.267+0000][160][gc,age      ] GC(100) - age   7:      20600 bytes,    7265192 total
[2022-04-29T04:06:20.267+0000][160][gc,age      ] GC(100) - age   8:       4176 bytes,    7269368 total
[2022-04-29T04:06:20.268+0000][160][gc,age      ] GC(100) - age   9:       1624 bytes,    7270992 total
[2022-04-29T04:06:20.269+0000][160][gc,age      ] GC(100) - age  10:       3008 bytes,    7274000 total
[2022-04-29T04:06:20.270+0000][160][gc,age      ] GC(100) - age  11:       3080 bytes,    7277080 total
[2022-04-29T04:06:20.271+0000][160][gc,age      ] GC(100) - age  12:       3000 bytes,    7280080 total
[2022-04-29T04:06:20.272+0000][160][gc,age      ] GC(100) - age  13:       1288 bytes,    7281368 total
[2022-04-29T04:06:20.273+0000][160][gc,age      ] GC(100) - age  14:       2696 bytes,    7284064 total
[2022-04-29T04:06:20.274+0000][160][gc,age      ] GC(100) - age  15:       2296 bytes,    7286360 total
[2022-04-29T04:06:20.275+0000][160][gc,phases   ] GC(100)   Pre Evacuate Collection Set: 0.1ms
[2022-04-29T04:06:20.276+0000][160][gc,phases   ] GC(100)   Merge Heap Roots: 0.2ms
[2022-04-29T04:06:20.276+0000][160][gc,phases   ] GC(100)   Evacuate Collection Set: 2.5ms
[2022-04-29T04:06:20.277+0000][160][gc,phases   ] GC(100)   Post Evacuate Collection Set: 0.8ms
[2022-04-29T04:06:20.278+0000][160][gc,phases   ] GC(100)   Other: 16.2ms
[2022-04-29T04:06:20.278+0000][160][gc,heap     ] GC(100) Eden regions: 75->0(73)
[2022-04-29T04:06:20.279+0000][160][gc,heap     ] GC(100) Survivor regions: 1->2(10)
[2022-04-29T04:06:20.279+0000][160][gc,heap     ] GC(100) Old regions: 22->22
[2022-04-29T04:06:20.280+0000][160][gc,heap     ] GC(100) Archive regions: 2->2
[2022-04-29T04:06:20.281+0000][160][gc,heap     ] GC(100) Humongous regions: 6->6
[2022-04-29T04:06:20.281+0000][160][gc,metaspace] GC(100) Metaspace: 117768K(119552K)->117768K(119552K) NonClass: 102197K(103232K)->102197K(103232K) Class: 15571K(16320K)->15571K(16320K)
[2022-04-29T04:06:20.282+0000][160][gc          ] GC(100) Pause Young (Normal) (G1 Evacuation Pause) 416M->119M(512M) 26.645ms
[2022-04-29T04:06:20.282+0000][160][gc,cpu      ] GC(100) User=0.01s Sys=0.01s Real=0.02s
[2022-04-29T04:06:20.283+0000][160][safepoint   ] Safepoint "G1CollectForAllocation", Time since last: 563687916 ns, Reaching safepoint: 175500 ns, At safepoint: 27826167 ns, Total: 28001667 ns
[2022-04-29T04:06:21.284+0000][160][safepoint   ] Safepoint "Cleanup", Time since last: 1000922667 ns, Reaching safepoint: 113750 ns, At safepoint: 4292 ns, Total: 118042 ns
[2022-04-29T04:06:22.287+0000][160][safepoint   ] Safepoint "Cleanup", Time since last: 1002630500 ns, Reaching safepoint: 58750 ns, At safepoint: 2334 ns, Total: 61084 ns
[2022-04-29T04:06:24.639+0000][160][safepoint   ] Safepoint "Cleanup", Time since last: 2352645209 ns, Reaching safepoint: 114459 ns, At safepoint: 4333 ns, Total: 118792 ns
[2022-04-29T04:06:25.642+0000][160][safepoint   ] Safepoint "Cleanup", Time since last: 1002207750 ns, Reaching safepoint: 86167 ns, At safepoint: 5375 ns, Total: 91542 ns
[2022-04-29T04:06:26.643+0000][160][safepoint   ] Safepoint "Cleanup", Time since last: 1001169709 ns, Reaching safepoint: 139708 ns, At safepoint: 4167 ns, Total: 143875 ns
[2022-04-29T04:06:27.644+0000][160][safepoint   ] Safepoint "Cleanup", Time since last: 1001087459 ns, Reaching safepoint: 57250 ns, At safepoint: 2541 ns, Total: 59791 ns
[2022-04-29T04:06:29.887+0000][160][gc,start    ] GC(101) Pause Young (Normal) (G1 Evacuation Pause)
[2022-04-29T04:06:29.887+0000][160][gc,task     ] GC(101) Using 5 workers of 5 for evacuation
[2022-04-29T04:06:29.888+0000][160][gc,age      ] GC(101) Desired survivor size 20971520 bytes, new threshold 15 (max threshold 15)
[2022-04-29T04:06:29.892+0000][160][gc,age      ] GC(101) Age table with threshold 15 (max threshold 15)
[2022-04-29T04:06:29.893+0000][160][gc,age      ] GC(101) - age   1:    4406400 bytes,    4406400 total
[2022-04-29T04:06:29.894+0000][160][gc,age      ] GC(101) - age   2:    2576272 bytes,    6982672 total
[2022-04-29T04:06:29.894+0000][160][gc,age      ] GC(101) - age   3:     490256 bytes,    7472928 total
[2022-04-29T04:06:29.895+0000][160][gc,age      ] GC(101) - age   4:     533440 bytes,    8006368 total
[2022-04-29T04:06:29.896+0000][160][gc,age      ] GC(101) - age   5:     802016 bytes,    8808384 total
[2022-04-29T04:06:29.897+0000][160][gc,age      ] GC(101) - age   6:     439808 bytes,    9248192 total
[2022-04-29T04:06:29.898+0000][160][gc,age      ] GC(101) - age   7:       2968 bytes,    9251160 total
[2022-04-29T04:06:29.899+0000][160][gc,age      ] GC(101) - age   8:      20472 bytes,    9271632 total
[2022-04-29T04:06:29.899+0000][160][gc,age      ] GC(101) - age   9:       4176 bytes,    9275808 total
[2022-04-29T04:06:29.900+0000][160][gc,age      ] GC(101) - age  10:       1624 bytes,    9277432 total
[2022-04-29T04:06:29.901+0000][160][gc,age      ] GC(101) - age  11:       3008 bytes,    9280440 total
[2022-04-29T04:06:29.901+0000][160][gc,age      ] GC(101) - age  12:       3080 bytes,    9283520 total
[2022-04-29T04:06:29.903+0000][160][gc,age      ] GC(101) - age  13:       3000 bytes,    9286520 total
[2022-04-29T04:06:29.905+0000][160][gc,age      ] GC(101) - age  14:       1288 bytes,    9287808 total
[2022-04-29T04:06:29.906+0000][160][gc,age      ] GC(101) - age  15:       2696 bytes,    9290504 total
[2022-04-29T04:06:29.906+0000][160][gc,phases   ] GC(101)   Pre Evacuate Collection Set: 0.1ms
[2022-04-29T04:06:29.907+0000][160][gc,phases   ] GC(101)   Merge Heap Roots: 0.0ms
[2022-04-29T04:06:29.908+0000][160][gc,phases   ] GC(101)   Evacuate Collection Set: 2.2ms
[2022-04-29T04:06:29.909+0000][160][gc,phases   ] GC(101)   Post Evacuate Collection Set: 0.7ms
[2022-04-29T04:06:29.909+0000][160][gc,phases   ] GC(101)   Other: 16.6ms
[2022-04-29T04:06:29.910+0000][160][gc,heap     ] GC(101) Eden regions: 73->0(72)
[2022-04-29T04:06:29.911+0000][160][gc,heap     ] GC(101) Survivor regions: 2->3(10)
[2022-04-29T04:06:29.911+0000][160][gc,heap     ] GC(101) Old regions: 22->22
[2022-04-29T04:06:29.912+0000][160][gc,heap     ] GC(101) Archive regions: 2->2
[2022-04-29T04:06:29.912+0000][160][gc,heap     ] GC(101) Humongous regions: 6->6
[2022-04-29T04:06:29.913+0000][160][gc,metaspace] GC(101) Metaspace: 117768K(119552K)->117768K(119552K) NonClass: 102197K(103232K)->102197K(103232K) Class: 15571K(16320K)->15571K(16320K)
[2022-04-29T04:06:29.913+0000][160][gc          ] GC(101) Pause Young (Normal) (G1 Evacuation Pause) 411M->121M(512M) 26.679ms
[2022-04-29T04:06:29.914+0000][160][gc,cpu      ] GC(101) User=0.01s Sys=0.01s Real=0.03s
[2022-04-29T04:06:29.915+0000][160][safepoint   ] Safepoint "G1CollectForAllocation", Time since last: 2242254835 ns, Reaching safepoint: 360666 ns, At safepoint: 28108875 ns, Total: 28469541 ns
[2022-04-29T04:06:31.916+0000][160][safepoint   ] Safepoint "Cleanup", Time since last: 2000981418 ns, Reaching safepoint: 218416 ns, At safepoint: 11334 ns, Total: 229750 ns
[2022-04-29T04:06:33.719+0000][160][safepoint   ] Safepoint "Cleanup", Time since last: 1802394501 ns, Reaching safepoint: 212416 ns, At safepoint: 8625 ns, Total: 221041 ns
[2022-04-29T04:06:39.980+0000][160][gc,start    ] GC(102) Pause Young (Normal) (G1 Evacuation Pause)
[2022-04-29T04:06:39.981+0000][160][gc,task     ] GC(102) Using 5 workers of 5 for evacuation
[2022-04-29T04:06:39.982+0000][160][gc,age      ] GC(102) Desired survivor size 20971520 bytes, new threshold 15 (max threshold 15)
[2022-04-29T04:06:39.988+0000][160][gc,age      ] GC(102) Age table with threshold 15 (max threshold 15)
[2022-04-29T04:06:39.989+0000][160][gc,age      ] GC(102) - age   1:    5329664 bytes,    5329664 total
[2022-04-29T04:06:39.990+0000][160][gc,age      ] GC(102) - age   2:    2508016 bytes,    7837680 total
[2022-04-29T04:06:39.990+0000][160][gc,age      ] GC(102) - age   3:    2550728 bytes,   10388408 total
[2022-04-29T04:06:39.992+0000][160][gc,age      ] GC(102) - age   4:     459864 bytes,   10848272 total
[2022-04-29T04:06:39.992+0000][160][gc,age      ] GC(102) - age   5:     532720 bytes,   11380992 total
[2022-04-29T04:06:39.993+0000][160][gc,age      ] GC(102) - age   6:     801952 bytes,   12182944 total
[2022-04-29T04:06:39.994+0000][160][gc,age      ] GC(102) - age   7:     439392 bytes,   12622336 total
[2022-04-29T04:06:39.994+0000][160][gc,age      ] GC(102) - age   8:       2808 bytes,   12625144 total
[2022-04-29T04:06:39.995+0000][160][gc,age      ] GC(102) - age   9:      20208 bytes,   12645352 total
[2022-04-29T04:06:39.996+0000][160][gc,age      ] GC(102) - age  10:       4176 bytes,   12649528 total
[2022-04-29T04:06:39.996+0000][160][gc,age      ] GC(102) - age  11:       1624 bytes,   12651152 total
[2022-04-29T04:06:39.997+0000][160][gc,age      ] GC(102) - age  12:       3008 bytes,   12654160 total
[2022-04-29T04:06:39.997+0000][160][gc,age      ] GC(102) - age  13:       3080 bytes,   12657240 total
[2022-04-29T04:06:39.998+0000][160][gc,age      ] GC(102) - age  14:       3000 bytes,   12660240 total
[2022-04-29T04:06:39.999+0000][160][gc,age      ] GC(102) - age  15:       1288 bytes,   12661528 total
[2022-04-29T04:06:39.999+0000][160][gc,phases   ] GC(102)   Pre Evacuate Collection Set: 0.1ms
[2022-04-29T04:06:40.000+0000][160][gc,phases   ] GC(102)   Merge Heap Roots: 0.1ms
[2022-04-29T04:06:40.001+0000][160][gc,phases   ] GC(102)   Evacuate Collection Set: 4.1ms
[2022-04-29T04:06:40.001+0000][160][gc,phases   ] GC(102)   Post Evacuate Collection Set: 0.9ms
[2022-04-29T04:06:40.003+0000][160][gc,phases   ] GC(102)   Other: 14.6ms
[2022-04-29T04:06:40.004+0000][160][gc,heap     ] GC(102) Eden regions: 72->0(70)
[2022-04-29T04:06:40.005+0000][160][gc,heap     ] GC(102) Survivor regions: 3->4(10)
[2022-04-29T04:06:40.005+0000][160][gc,heap     ] GC(102) Old regions: 22->22
[2022-04-29T04:06:40.006+0000][160][gc,heap     ] GC(102) Archive regions: 2->2
[2022-04-29T04:06:40.006+0000][160][gc,heap     ] GC(102) Humongous regions: 6->6
[2022-04-29T04:06:40.007+0000][160][gc,metaspace] GC(102) Metaspace: 117768K(119552K)->117768K(119552K) NonClass: 102197K(103232K)->102197K(103232K) Class: 15571K(16320K)->15571K(16320K)
[2022-04-29T04:06:40.008+0000][160][gc          ] GC(102) Pause Young (Normal) (G1 Evacuation Pause) 409M->125M(512M) 28.145ms
[2022-04-29T04:06:40.008+0000][160][gc,cpu      ] GC(102) User=0.02s Sys=0.00s Real=0.03s
[2022-04-29T04:06:40.009+0000][160][safepoint   ] Safepoint "G1CollectForAllocation", Time since last: 6260742295 ns, Reaching safepoint: 118125 ns, At safepoint: 29892375 ns, Total: 30010500 ns
[2022-04-29T04:06:42.011+0000][160][safepoint   ] Safepoint "Cleanup", Time since last: 2001500126 ns, Reaching safepoint: 112167 ns, At safepoint: 5125 ns, Total: 117292 ns
[2022-04-29T04:06:43.012+0000][160][safepoint   ] Safepoint "Cleanup", Time since last: 1000968458 ns, Reaching safepoint: 99417 ns, At safepoint: 4208 ns, Total: 103625 ns
[2022-04-29T04:06:44.013+0000][160][safepoint   ] Safepoint "Cleanup", Time since last: 1001257626 ns, Reaching safepoint: 68041 ns, At safepoint: 9417 ns, Total: 77458 ns
[2022-04-29T04:06:45.015+0000][160][safepoint   ] Safepoint "Cleanup", Time since last: 1001744376 ns, Reaching safepoint: 67291 ns, At safepoint: 2334 ns, Total: 69625 ns
[2022-04-29T04:06:46.066+0000][160][safepoint   ] Safepoint "Cleanup", Time since last: 1050146667 ns, Reaching safepoint: 251625 ns, At safepoint: 4791 ns, Total: 256416 ns
[2022-04-29T04:06:47.067+0000][160][safepoint   ] Safepoint "Cleanup", Time since last: 1000918459 ns, Reaching safepoint: 91834 ns, At safepoint: 9583 ns, Total: 101417 ns
[2022-04-29T04:06:50.069+0000][160][safepoint   ] Safepoint "Cleanup", Time since last: 3001835460 ns, Reaching safepoint: 483583 ns, At safepoint: 11542 ns, Total: 495125 ns
[2022-04-29T04:06:50.217+0000][160][gc,start    ] GC(103) Pause Young (Normal) (G1 Evacuation Pause)
[2022-04-29T04:06:50.218+0000][160][gc,task     ] GC(103) Using 5 workers of 5 for evacuation
[2022-04-29T04:06:50.219+0000][160][gc,age      ] GC(103) Desired survivor size 20971520 bytes, new threshold 15 (max threshold 15)
[2022-04-29T04:06:50.224+0000][160][gc,age      ] GC(103) Age table with threshold 15 (max threshold 15)
[2022-04-29T04:06:50.225+0000][160][gc,age      ] GC(103) - age   1:    5557720 bytes,    5557720 total
[2022-04-29T04:06:50.226+0000][160][gc,age      ] GC(103) - age   2:    2280024 bytes,    7837744 total
[2022-04-29T04:06:50.226+0000][160][gc,age      ] GC(103) - age   3:    1856432 bytes,    9694176 total
[2022-04-29T04:06:50.227+0000][160][gc,age      ] GC(103) - age   4:    2549768 bytes,   12243944 total
[2022-04-29T04:06:50.227+0000][160][gc,age      ] GC(103) - age   5:     459832 bytes,   12703776 total
[2022-04-29T04:06:50.228+0000][160][gc,age      ] GC(103) - age   6:     532472 bytes,   13236248 total
[2022-04-29T04:06:50.229+0000][160][gc,age      ] GC(103) - age   7:     698640 bytes,   13934888 total
[2022-04-29T04:06:50.229+0000][160][gc,age      ] GC(103) - age   8:     438032 bytes,   14372920 total
[2022-04-29T04:06:50.230+0000][160][gc,age      ] GC(103) - age   9:       2776 bytes,   14375696 total
[2022-04-29T04:06:50.231+0000][160][gc,age      ] GC(103) - age  10:      19896 bytes,   14395592 total
[2022-04-29T04:06:50.231+0000][160][gc,age      ] GC(103) - age  11:       4176 bytes,   14399768 total
[2022-04-29T04:06:50.232+0000][160][gc,age      ] GC(103) - age  12:       1624 bytes,   14401392 total
[2022-04-29T04:06:50.233+0000][160][gc,age      ] GC(103) - age  13:       3008 bytes,   14404400 total
[2022-04-29T04:06:50.233+0000][160][gc,age      ] GC(103) - age  14:       3080 bytes,   14407480 total
[2022-04-29T04:06:50.234+0000][160][gc,age      ] GC(103) - age  15:       3000 bytes,   14410480 total
[2022-04-29T04:06:50.235+0000][160][gc,phases   ] GC(103)   Pre Evacuate Collection Set: 0.1ms
[2022-04-29T04:06:50.235+0000][160][gc,phases   ] GC(103)   Merge Heap Roots: 0.2ms
[2022-04-29T04:06:50.236+0000][160][gc,phases   ] GC(103)   Evacuate Collection Set: 3.8ms
[2022-04-29T04:06:50.237+0000][160][gc,phases   ] GC(103)   Post Evacuate Collection Set: 0.7ms
[2022-04-29T04:06:50.237+0000][160][gc,phases   ] GC(103)   Other: 12.9ms
[2022-04-29T04:06:50.238+0000][160][gc,heap     ] GC(103) Eden regions: 70->0(70)
[2022-04-29T04:06:50.240+0000][160][gc,heap     ] GC(103) Survivor regions: 4->4(10)
[2022-04-29T04:06:50.241+0000][160][gc,heap     ] GC(103) Old regions: 22->22
[2022-04-29T04:06:50.241+0000][160][gc,heap     ] GC(103) Archive regions: 2->2
[2022-04-29T04:06:50.242+0000][160][gc,heap     ] GC(103) Humongous regions: 6->6
[2022-04-29T04:06:50.243+0000][160][gc,metaspace] GC(103) Metaspace: 117772K(119552K)->117772K(119552K) NonClass: 102199K(103232K)->102199K(103232K) Class: 15572K(16320K)->15572K(16320K)
[2022-04-29T04:06:50.244+0000][160][gc          ] GC(103) Pause Young (Normal) (G1 Evacuation Pause) 405M->126M(512M) 27.242ms
[2022-04-29T04:06:50.245+0000][160][gc,cpu      ] GC(103) User=0.01s Sys=0.00s Real=0.03s
[2022-04-29T04:06:50.246+0000][160][safepoint   ] Safepoint "G1CollectForAllocation", Time since last: 147895833 ns, Reaching safepoint: 37167 ns, At safepoint: 29157958 ns, Total: 29195125 ns
[2022-04-29T04:06:52.248+0000][160][safepoint   ] Safepoint "Cleanup", Time since last: 2001720918 ns, Reaching safepoint: 116166 ns, At safepoint: 4542 ns, Total: 120708 ns
[2022-04-29T04:06:55.249+0000][160][safepoint   ] Safepoint "Cleanup", Time since last: 3001168418 ns, Reaching safepoint: 209000 ns, At safepoint: 3750 ns, Total: 212750 ns
[2022-04-29T04:06:56.251+0000][160][safepoint   ] Safepoint "Cleanup", Time since last: 1001244042 ns, Reaching safepoint: 457500 ns, At safepoint: 18334 ns, Total: 475834 ns
[2022-04-29T04:06:59.252+0000][160][safepoint   ] Safepoint "Cleanup", Time since last: 3001267126 ns, Reaching safepoint: 127458 ns, At safepoint: 5667 ns, Total: 133125 ns
[2022-04-29T04:06:59.862+0000][160][gc,start    ] GC(104) Pause Young (Normal) (G1 Evacuation Pause)
[2022-04-29T04:06:59.863+0000][160][gc,task     ] GC(104) Using 5 workers of 5 for evacuation
[2022-04-29T04:06:59.864+0000][160][gc,age      ] GC(104) Desired survivor size 20971520 bytes, new threshold 15 (max threshold 15)
[2022-04-29T04:06:59.871+0000][160][gc,age      ] GC(104) Age table with threshold 15 (max threshold 15)
[2022-04-29T04:06:59.872+0000][160][gc,age      ] GC(104) - age   1:    6822592 bytes,    6822592 total
[2022-04-29T04:06:59.873+0000][160][gc,age      ] GC(104) - age   2:    2562440 bytes,    9385032 total
[2022-04-29T04:06:59.873+0000][160][gc,age      ] GC(104) - age   3:    2252920 bytes,   11637952 total
[2022-04-29T04:06:59.874+0000][160][gc,age      ] GC(104) - age   4:    1826928 bytes,   13464880 total
[2022-04-29T04:06:59.875+0000][160][gc,age      ] GC(104) - age   5:    2415208 bytes,   15880088 total
[2022-04-29T04:06:59.876+0000][160][gc,age      ] GC(104) - age   6:     459376 bytes,   16339464 total
[2022-04-29T04:06:59.877+0000][160][gc,age      ] GC(104) - age   7:     531600 bytes,   16871064 total
[2022-04-29T04:06:59.877+0000][160][gc,age      ] GC(104) - age   8:     698544 bytes,   17569608 total
[2022-04-29T04:06:59.878+0000][160][gc,age      ] GC(104) - age   9:     437392 bytes,   18007000 total
[2022-04-29T04:06:59.879+0000][160][gc,age      ] GC(104) - age  10:       2776 bytes,   18009776 total
[2022-04-29T04:06:59.880+0000][160][gc,age      ] GC(104) - age  11:      19896 bytes,   18029672 total
[2022-04-29T04:06:59.880+0000][160][gc,age      ] GC(104) - age  12:       4176 bytes,   18033848 total
[2022-04-29T04:06:59.881+0000][160][gc,age      ] GC(104) - age  13:       1624 bytes,   18035472 total
[2022-04-29T04:06:59.881+0000][160][gc,age      ] GC(104) - age  14:       3008 bytes,   18038480 total
[2022-04-29T04:06:59.883+0000][160][gc,age      ] GC(104) - age  15:       3080 bytes,   18041560 total
[2022-04-29T04:06:59.884+0000][160][gc,phases   ] GC(104)   Pre Evacuate Collection Set: 0.1ms
[2022-04-29T04:06:59.885+0000][160][gc,phases   ] GC(104)   Merge Heap Roots: 0.2ms
[2022-04-29T04:06:59.886+0000][160][gc,phases   ] GC(104)   Evacuate Collection Set: 4.8ms
[2022-04-29T04:06:59.886+0000][160][gc,phases   ] GC(104)   Post Evacuate Collection Set: 1.1ms
[2022-04-29T04:06:59.887+0000][160][gc,phases   ] GC(104)   Other: 15.2ms
[2022-04-29T04:06:59.888+0000][160][gc,heap     ] GC(104) Eden regions: 70->0(68)
[2022-04-29T04:06:59.888+0000][160][gc,heap     ] GC(104) Survivor regions: 4->5(10)
[2022-04-29T04:06:59.889+0000][160][gc,heap     ] GC(104) Old regions: 22->22
[2022-04-29T04:06:59.890+0000][160][gc,heap     ] GC(104) Archive regions: 2->2
[2022-04-29T04:06:59.890+0000][160][gc,heap     ] GC(104) Humongous regions: 6->6
[2022-04-29T04:06:59.891+0000][160][gc,metaspace] GC(104) Metaspace: 117787K(119552K)->117787K(119552K) NonClass: 102214K(103232K)->102214K(103232K) Class: 15572K(16320K)->15572K(16320K)
[2022-04-29T04:06:59.891+0000][160][gc          ] GC(104) Pause Young (Normal) (G1 Evacuation Pause) 406M->130M(512M) 28.753ms
[2022-04-29T04:06:59.892+0000][160][gc,cpu      ] GC(104) User=0.02s Sys=0.01s Real=0.02s
[2022-04-29T04:06:59.893+0000][160][safepoint   ] Safepoint "G1CollectForAllocation", Time since last: 609364250 ns, Reaching safepoint: 636750 ns, At safepoint: 30275459 ns, Total: 30912209 ns
[2022-04-29T04:07:00.894+0000][160][safepoint   ] Safepoint "Cleanup", Time since last: 1001676208 ns, Reaching safepoint: 320000 ns, At safepoint: 10875 ns, Total: 330875 ns
[2022-04-29T04:07:02.895+0000][160][safepoint   ] Safepoint "Cleanup", Time since last: 2001326542 ns, Reaching safepoint: 43625 ns, At safepoint: 2584 ns, Total: 46209 ns
[2022-04-29T04:07:05.898+0000][160][safepoint   ] Safepoint "Cleanup", Time since last: 3002154751 ns, Reaching safepoint: 158917 ns, At safepoint: 4375 ns, Total: 163292 ns
[2022-04-29T04:07:08.899+0000][160][safepoint   ] Safepoint "Cleanup", Time since last: 3001715793 ns, Reaching safepoint: 89833 ns, At safepoint: 10583 ns, Total: 100416 ns
[2022-04-29T04:07:09.147+0000][160][gc,start    ] GC(105) Pause Young (Normal) (G1 Evacuation Pause)
[2022-04-29T04:07:09.148+0000][160][gc,task     ] GC(105) Using 5 workers of 5 for evacuation
[2022-04-29T04:07:09.149+0000][160][gc,age      ] GC(105) Desired survivor size 20971520 bytes, new threshold 15 (max threshold 15)
[2022-04-29T04:07:09.155+0000][160][gc,age      ] GC(105) Age table with threshold 15 (max threshold 15)
[2022-04-29T04:07:09.156+0000][160][gc,age      ] GC(105) - age   1:   10085736 bytes,   10085736 total
[2022-04-29T04:07:09.157+0000][160][gc,age      ] GC(105) - age   2:    2667232 bytes,   12752968 total
[2022-04-29T04:07:09.158+0000][160][gc,age      ] GC(105) - age   3:    2562368 bytes,   15315336 total
[2022-04-29T04:07:09.158+0000][160][gc,age      ] GC(105) - age   4:    1724096 bytes,   17039432 total
[2022-04-29T04:07:09.159+0000][160][gc,age      ] GC(105) - age   5:    1826568 bytes,   18866000 total
[2022-04-29T04:07:09.159+0000][160][gc,age      ] GC(105) - age   6:    2398720 bytes,   21264720 total
[2022-04-29T04:07:09.160+0000][160][gc,age      ] GC(105) - age   7:     401696 bytes,   21666416 total
[2022-04-29T04:07:09.161+0000][160][gc,age      ] GC(105) - age   8:     531408 bytes,   22197824 total
[2022-04-29T04:07:09.161+0000][160][gc,age      ] GC(105) - age   9:     698480 bytes,   22896304 total
[2022-04-29T04:07:09.162+0000][160][gc,age      ] GC(105) - age  10:     437072 bytes,   23333376 total
[2022-04-29T04:07:09.162+0000][160][gc,age      ] GC(105) - age  11:       2456 bytes,   23335832 total
[2022-04-29T04:07:09.163+0000][160][gc,age      ] GC(105) - age  12:      19832 bytes,   23355664 total
[2022-04-29T04:07:09.163+0000][160][gc,age      ] GC(105) - age  13:       4176 bytes,   23359840 total
[2022-04-29T04:07:09.164+0000][160][gc,age      ] GC(105) - age  14:       1624 bytes,   23361464 total
[2022-04-29T04:07:09.164+0000][160][gc,age      ] GC(105) - age  15:       3008 bytes,   23364472 total
[2022-04-29T04:07:09.165+0000][160][gc,phases   ] GC(105)   Pre Evacuate Collection Set: 0.1ms
[2022-04-29T04:07:09.166+0000][160][gc,phases   ] GC(105)   Merge Heap Roots: 0.1ms
[2022-04-29T04:07:09.167+0000][160][gc,phases   ] GC(105)   Evacuate Collection Set: 3.6ms
[2022-04-29T04:07:09.167+0000][160][gc,phases   ] GC(105)   Post Evacuate Collection Set: 0.9ms
[2022-04-29T04:07:09.167+0000][160][gc,phases   ] GC(105)   Other: 13.3ms
[2022-04-29T04:07:09.168+0000][160][gc,heap     ] GC(105) Eden regions: 68->0(66)
[2022-04-29T04:07:09.168+0000][160][gc,heap     ] GC(105) Survivor regions: 5->6(10)
[2022-04-29T04:07:09.169+0000][160][gc,heap     ] GC(105) Old regions: 22->22
[2022-04-29T04:07:09.170+0000][160][gc,heap     ] GC(105) Archive regions: 2->2
[2022-04-29T04:07:09.170+0000][160][gc,heap     ] GC(105) Humongous regions: 6->6
[2022-04-29T04:07:09.171+0000][160][gc,metaspace] GC(105) Metaspace: 117789K(119552K)->117789K(119552K) NonClass: 102217K(103232K)->102217K(103232K) Class: 15572K(16320K)->15572K(16320K)
[2022-04-29T04:07:09.172+0000][160][gc          ] GC(105) Pause Young (Normal) (G1 Evacuation Pause) 402M->136M(512M) 24.247ms
[2022-04-29T04:07:09.172+0000][160][gc,cpu      ] GC(105) User=0.02s Sys=0.00s Real=0.03s
[2022-04-29T04:07:09.173+0000][160][safepoint   ] Safepoint "G1CollectForAllocation", Time since last: 247626167 ns, Reaching safepoint: 274834 ns, At safepoint: 25423916 ns, Total: 25698750 ns
[2022-04-29T04:07:11.176+0000][160][safepoint   ] Safepoint "Cleanup", Time since last: 2002807084 ns, Reaching safepoint: 64750 ns, At safepoint: 2542 ns, Total: 67292 ns
[2022-04-29T04:07:15.178+0000][160][safepoint   ] Safepoint "Cleanup", Time since last: 4001804669 ns, Reaching safepoint: 381125 ns, At safepoint: 5625 ns, Total: 386750 ns
[2022-04-29T04:07:18.864+0000][160][gc,start    ] GC(106) Pause Young (Normal) (G1 Evacuation Pause)
[2022-04-29T04:07:18.865+0000][160][gc,task     ] GC(106) Using 5 workers of 5 for evacuation
[2022-04-29T04:07:18.866+0000][160][gc,age      ] GC(106) Desired survivor size 18874368 bytes, new threshold 6 (max threshold 15)
[2022-04-29T04:07:18.873+0000][160][gc,age      ] GC(106) Age table with threshold 6 (max threshold 15)
[2022-04-29T04:07:18.875+0000][160][gc,age      ] GC(106) - age   1:    9615184 bytes,    9615184 total
[2022-04-29T04:07:18.875+0000][160][gc,age      ] GC(106) - age   2:    3671056 bytes,   13286240 total
[2022-04-29T04:07:18.876+0000][160][gc,age      ] GC(106) - age   3:    2123320 bytes,   15409560 total
[2022-04-29T04:07:18.877+0000][160][gc,age      ] GC(106) - age   4:    1939416 bytes,   17348976 total
[2022-04-29T04:07:18.878+0000][160][gc,age      ] GC(106) - age   5:    1642832 bytes,   18991808 total
[2022-04-29T04:07:18.879+0000][160][gc,age      ] GC(106) - age   6:    1682808 bytes,   20674616 total
[2022-04-29T04:07:18.881+0000][160][gc,phases   ] GC(106)   Pre Evacuate Collection Set: 0.1ms
[2022-04-29T04:07:18.881+0000][160][gc,phases   ] GC(106)   Merge Heap Roots: 0.2ms
[2022-04-29T04:07:18.882+0000][160][gc,phases   ] GC(106)   Evacuate Collection Set: 5.8ms
[2022-04-29T04:07:18.883+0000][160][gc,phases   ] GC(106)   Post Evacuate Collection Set: 0.8ms
[2022-04-29T04:07:18.884+0000][160][gc,phases   ] GC(106)   Other: 10.1ms
[2022-04-29T04:07:18.885+0000][160][gc,heap     ] GC(106) Eden regions: 66->0(64)
[2022-04-29T04:07:18.885+0000][160][gc,heap     ] GC(106) Survivor regions: 6->6(9)
[2022-04-29T04:07:18.886+0000][160][gc,heap     ] GC(106) Old regions: 22->23
[2022-04-29T04:07:18.887+0000][160][gc,heap     ] GC(106) Archive regions: 2->2
[2022-04-29T04:07:18.888+0000][160][gc,heap     ] GC(106) Humongous regions: 6->6
[2022-04-29T04:07:18.888+0000][160][gc,metaspace] GC(106) Metaspace: 117789K(119552K)->117789K(119552K) NonClass: 102217K(103232K)->102217K(103232K) Class: 15572K(16320K)->15572K(16320K)
[2022-04-29T04:07:18.889+0000][160][gc          ] GC(106) Pause Young (Normal) (G1 Evacuation Pause) 400M->137M(512M) 25.201ms
[2022-04-29T04:07:18.890+0000][160][gc,cpu      ] GC(106) User=0.03s Sys=0.01s Real=0.02s
[2022-04-29T04:07:18.890+0000][160][safepoint   ] Safepoint "G1CollectForAllocation", Time since last: 3685832251 ns, Reaching safepoint: 112042 ns, At safepoint: 26415250 ns, Total: 26527292 ns
[2022-04-29T04:07:39.925+0000][160][safepoint   ] Safepoint "Cleanup", Time since last: 21035200302 ns, Reaching safepoint: 144208 ns, At safepoint: 4333 ns, Total: 148541 ns
[2022-04-29T04:07:44.933+0000][160][safepoint   ] Safepoint "Cleanup", Time since last: 5008328753 ns, Reaching safepoint: 90833 ns, At safepoint: 15750 ns, Total: 106583 ns
[2022-04-29T04:07:46.936+0000][160][safepoint   ] Safepoint "Cleanup", Time since last: 2002321168 ns, Reaching safepoint: 237833 ns, At safepoint: 9333 ns, Total: 247166 ns
[2022-04-29T04:07:47.941+0000][160][safepoint   ] Safepoint "Cleanup", Time since last: 1004580209 ns, Reaching safepoint: 237292 ns, At safepoint: 7458 ns, Total: 244750 ns
[2022-04-29T04:07:51.956+0000][160][safepoint   ] Safepoint "Cleanup", Time since last: 4014541335 ns, Reaching safepoint: 179959 ns, At safepoint: 5208 ns, Total: 185167 ns
[2022-04-29T04:07:56.967+0000][160][safepoint   ] Safepoint "Cleanup", Time since last: 5011675919 ns, Reaching safepoint: 177417 ns, At safepoint: 8625 ns, Total: 186042 ns
[2022-04-29T04:07:59.977+0000][160][safepoint   ] Safepoint "Cleanup", Time since last: 3009503418 ns, Reaching safepoint: 451875 ns, At safepoint: 7208 ns, Total: 459083 ns
[2022-04-29T04:08:02.779+0000][160][gc,start    ] GC(107) Pause Young (Normal) (G1 Evacuation Pause)
[2022-04-29T04:08:02.780+0000][160][gc,task     ] GC(107) Using 5 workers of 5 for evacuation
[2022-04-29T04:08:02.781+0000][160][gc,age      ] GC(107) Desired survivor size 18874368 bytes, new threshold 5 (max threshold 15)
[2022-04-29T04:08:02.786+0000][160][gc,age      ] GC(107) Age table with threshold 5 (max threshold 15)
[2022-04-29T04:08:02.787+0000][160][gc,age      ] GC(107) - age   1:    1930688 bytes,    1930688 total
[2022-04-29T04:08:02.788+0000][160][gc,age      ] GC(107) - age   2:    8887376 bytes,   10818064 total
[2022-04-29T04:08:02.789+0000][160][gc,age      ] GC(107) - age   3:    3664144 bytes,   14482208 total
[2022-04-29T04:08:02.790+0000][160][gc,age      ] GC(107) - age   4:    2091520 bytes,   16573728 total
[2022-04-29T04:08:02.791+0000][160][gc,age      ] GC(107) - age   5:    1834392 bytes,   18408120 total
[2022-04-29T04:08:02.791+0000][160][gc,phases   ] GC(107)   Pre Evacuate Collection Set: 0.1ms
[2022-04-29T04:08:02.792+0000][160][gc,phases   ] GC(107)   Merge Heap Roots: 0.1ms
[2022-04-29T04:08:02.793+0000][160][gc,phases   ] GC(107)   Evacuate Collection Set: 3.6ms
[2022-04-29T04:08:02.793+0000][160][gc,phases   ] GC(107)   Post Evacuate Collection Set: 0.8ms
[2022-04-29T04:08:02.794+0000][160][gc,phases   ] GC(107)   Other: 7.5ms
[2022-04-29T04:08:02.795+0000][160][gc,heap     ] GC(107) Eden regions: 64->0(65)
[2022-04-29T04:08:02.796+0000][160][gc,heap     ] GC(107) Survivor regions: 6->5(9)
[2022-04-29T04:08:02.797+0000][160][gc,heap     ] GC(107) Old regions: 23->24
[2022-04-29T04:08:02.797+0000][160][gc,heap     ] GC(107) Archive regions: 2->2
[2022-04-29T04:08:02.798+0000][160][gc,heap     ] GC(107) Humongous regions: 6->6
[2022-04-29T04:08:02.799+0000][160][gc,metaspace] GC(107) Metaspace: 117789K(119552K)->117789K(119552K) NonClass: 102217K(103232K)->102217K(103232K) Class: 15572K(16320K)->15572K(16320K)
[2022-04-29T04:08:02.799+0000][160][gc          ] GC(107) Pause Young (Normal) (G1 Evacuation Pause) 393M->139M(512M) 20.107ms
[2022-04-29T04:08:02.800+0000][160][gc,cpu      ] GC(107) User=0.01s Sys=0.00s Real=0.02s
[2022-04-29T04:08:02.801+0000][160][safepoint   ] Safepoint "G1CollectForAllocation", Time since last: 2801968834 ns, Reaching safepoint: 338500 ns, At safepoint: 21624542 ns, Total: 21963042 ns
[2022-04-29T04:08:11.820+0000][160][safepoint   ] Safepoint "Cleanup", Time since last: 9019425629 ns, Reaching safepoint: 172875 ns, At safepoint: 16375 ns, Total: 189250 ns
[2022-04-29T04:08:33.862+0000][160][safepoint   ] Safepoint "Cleanup", Time since last: 22042000801 ns, Reaching safepoint: 58375 ns, At safepoint: 3125 ns, Total: 61500 ns
[2022-04-29T04:08:38.875+0000][160][safepoint   ] Safepoint "Cleanup", Time since last: 5012797128 ns, Reaching safepoint: 108125 ns, At safepoint: 14333 ns, Total: 122458 ns
[2022-04-29T04:08:44.891+0000][160][safepoint   ] Safepoint "Cleanup", Time since last: 6015778295 ns, Reaching safepoint: 121708 ns, At safepoint: 6167 ns, Total: 127875 ns
[2022-04-29T04:08:45.901+0000][160][safepoint   ] Safepoint "Cleanup", Time since last: 1009457833 ns, Reaching safepoint: 641334 ns, At safepoint: 8000 ns, Total: 649334 ns
[2022-04-29T04:08:57.917+0000][160][safepoint   ] Safepoint "Cleanup", Time since last: 12015395797 ns, Reaching safepoint: 300708 ns, At safepoint: 13834 ns, Total: 314542 ns
[2022-04-29T04:08:58.929+0000][160][safepoint   ] Safepoint "Cleanup", Time since last: 1011781542 ns, Reaching safepoint: 157875 ns, At safepoint: 7625 ns, Total: 165500 ns
[2022-04-29T04:09:14.803+0000][160][gc,start    ] GC(108) Pause Young (Normal) (G1 Evacuation Pause)
[2022-04-29T04:09:14.804+0000][160][gc,task     ] GC(108) Using 5 workers of 5 for evacuation
[2022-04-29T04:09:14.805+0000][160][gc,age      ] GC(108) Desired survivor size 18874368 bytes, new threshold 15 (max threshold 15)
[2022-04-29T04:09:14.810+0000][160][gc,age      ] GC(108) Age table with threshold 15 (max threshold 15)
[2022-04-29T04:09:14.812+0000][160][gc,age      ] GC(108) - age   1:     793960 bytes,     793960 total
[2022-04-29T04:09:14.812+0000][160][gc,age      ] GC(108) - age   2:     897816 bytes,    1691776 total
[2022-04-29T04:09:14.813+0000][160][gc,age      ] GC(108) - age   3:    8886864 bytes,   10578640 total
[2022-04-29T04:09:14.814+0000][160][gc,age      ] GC(108) - age   4:    3664080 bytes,   14242720 total
[2022-04-29T04:09:14.815+0000][160][gc,age      ] GC(108) - age   5:    2090152 bytes,   16332872 total
[2022-04-29T04:09:14.815+0000][160][gc,age      ] GC(108) - age   6:    1834296 bytes,   18167168 total
[2022-04-29T04:09:14.816+0000][160][gc,phases   ] GC(108)   Pre Evacuate Collection Set: 0.4ms
[2022-04-29T04:09:14.817+0000][160][gc,phases   ] GC(108)   Merge Heap Roots: 0.1ms
[2022-04-29T04:09:14.817+0000][160][gc,phases   ] GC(108)   Evacuate Collection Set: 2.4ms
[2022-04-29T04:09:14.818+0000][160][gc,phases   ] GC(108)   Post Evacuate Collection Set: 0.8ms
[2022-04-29T04:09:14.818+0000][160][gc,phases   ] GC(108)   Other: 9.2ms
[2022-04-29T04:09:14.819+0000][160][gc,heap     ] GC(108) Eden regions: 65->0(66)
[2022-04-29T04:09:14.819+0000][160][gc,heap     ] GC(108) Survivor regions: 5->5(9)
[2022-04-29T04:09:14.820+0000][160][gc,heap     ] GC(108) Old regions: 24->24
[2022-04-29T04:09:14.821+0000][160][gc,heap     ] GC(108) Archive regions: 2->2
[2022-04-29T04:09:14.821+0000][160][gc,heap     ] GC(108) Humongous regions: 6->6
[2022-04-29T04:09:14.822+0000][160][gc,metaspace] GC(108) Metaspace: 117792K(119552K)->117792K(119552K) NonClass: 102219K(103232K)->102219K(103232K) Class: 15572K(16320K)->15572K(16320K)
[2022-04-29T04:09:14.822+0000][160][gc          ] GC(108) Pause Young (Normal) (G1 Evacuation Pause) 399M->139M(512M) 19.092ms
[2022-04-29T04:09:14.823+0000][160][gc,cpu      ] GC(108) User=0.01s Sys=0.00s Real=0.02s
[2022-04-29T04:09:14.823+0000][160][safepoint   ] Safepoint "G1CollectForAllocation", Time since last: 15874990882 ns, Reaching safepoint: 91542 ns, At safepoint: 20155708 ns, Total: 20247250 ns
[2022-04-29T04:09:17.833+0000][160][safepoint   ] Safepoint "Cleanup", Time since last: 3009286585 ns, Reaching safepoint: 299625 ns, At safepoint: 11417 ns, Total: 311042 ns
[2022-04-29T04:09:23.847+0000][160][safepoint   ] Safepoint "Cleanup", Time since last: 6014165961 ns, Reaching safepoint: 149583 ns, At safepoint: 7667 ns, Total: 157250 ns
[2022-04-29T04:09:24.849+0000][160][safepoint   ] Safepoint "Cleanup", Time since last: 1001465209 ns, Reaching safepoint: 116833 ns, At safepoint: 8042 ns, Total: 124875 ns
[2022-04-29T04:09:25.850+0000][160][safepoint   ] Safepoint "Cleanup", Time since last: 1000889750 ns, Reaching safepoint: 118625 ns, At safepoint: 4208 ns, Total: 122833 ns
[2022-04-29T04:09:26.851+0000][160][safepoint   ] Safepoint "Cleanup", Time since last: 1000885001 ns, Reaching safepoint: 193917 ns, At safepoint: 4291 ns, Total: 198208 ns
[2022-04-29T04:09:27.852+0000][160][safepoint   ] Safepoint "Cleanup", Time since last: 1001325459 ns, Reaching safepoint: 132417 ns, At safepoint: 5500 ns, Total: 137917 ns
[2022-04-29T04:09:29.853+0000][160][safepoint   ] Safepoint "Cleanup", Time since last: 2000728834 ns, Reaching safepoint: 122292 ns, At safepoint: 5750 ns, Total: 128042 ns
[2022-04-29T04:09:33.257+0000][160][gc,start    ] GC(109) Pause Young (Normal) (G1 Evacuation Pause)
[2022-04-29T04:09:33.258+0000][160][gc,task     ] GC(109) Using 5 workers of 5 for evacuation
[2022-04-29T04:09:33.258+0000][160][gc,age      ] GC(109) Desired survivor size 18874368 bytes, new threshold 15 (max threshold 15)
[2022-04-29T04:09:33.263+0000][160][gc,age      ] GC(109) Age table with threshold 15 (max threshold 15)
[2022-04-29T04:09:33.264+0000][160][gc,age      ] GC(109) - age   1:    1974992 bytes,    1974992 total
[2022-04-29T04:09:33.265+0000][160][gc,age      ] GC(109) - age   2:     255064 bytes,    2230056 total
[2022-04-29T04:09:33.266+0000][160][gc,age      ] GC(109) - age   3:     897216 bytes,    3127272 total
[2022-04-29T04:09:33.267+0000][160][gc,age      ] GC(109) - age   4:    8886736 bytes,   12014008 total
[2022-04-29T04:09:33.267+0000][160][gc,age      ] GC(109) - age   5:    3664016 bytes,   15678024 total
[2022-04-29T04:09:33.268+0000][160][gc,age      ] GC(109) - age   6:    2090152 bytes,   17768176 total
[2022-04-29T04:09:33.269+0000][160][gc,age      ] GC(109) - age   7:    1834296 bytes,   19602472 total
[2022-04-29T04:09:33.269+0000][160][gc,phases   ] GC(109)   Pre Evacuate Collection Set: 0.1ms
[2022-04-29T04:09:33.270+0000][160][gc,phases   ] GC(109)   Merge Heap Roots: 0.1ms
[2022-04-29T04:09:33.271+0000][160][gc,phases   ] GC(109)   Evacuate Collection Set: 3.1ms
[2022-04-29T04:09:33.272+0000][160][gc,phases   ] GC(109)   Post Evacuate Collection Set: 0.8ms
[2022-04-29T04:09:33.272+0000][160][gc,phases   ] GC(109)   Other: 8.1ms
[2022-04-29T04:09:33.273+0000][160][gc,heap     ] GC(109) Eden regions: 66->0(64)
[2022-04-29T04:09:33.273+0000][160][gc,heap     ] GC(109) Survivor regions: 5->6(9)
[2022-04-29T04:09:33.274+0000][160][gc,heap     ] GC(109) Old regions: 24->24
[2022-04-29T04:09:33.275+0000][160][gc,heap     ] GC(109) Archive regions: 2->2
[2022-04-29T04:09:33.275+0000][160][gc,heap     ] GC(109) Humongous regions: 6->6
[2022-04-29T04:09:33.276+0000][160][gc,metaspace] GC(109) Metaspace: 117802K(119552K)->117802K(119552K) NonClass: 102229K(103232K)->102229K(103232K) Class: 15572K(16320K)->15572K(16320K)
[2022-04-29T04:09:33.277+0000][160][gc          ] GC(109) Pause Young (Normal) (G1 Evacuation Pause) 403M->140M(512M) 20.061ms
[2022-04-29T04:09:33.278+0000][160][gc,cpu      ] GC(109) User=0.01s Sys=0.00s Real=0.02s
[2022-04-29T04:09:33.279+0000][160][safepoint   ] Safepoint "G1CollectForAllocation", Time since last: 3403972834 ns, Reaching safepoint: 87875 ns, At safepoint: 21738166 ns, Total: 21826041 ns
[2022-04-29T04:09:34.283+0000][160][safepoint   ] Safepoint "Cleanup", Time since last: 1003671084 ns, Reaching safepoint: 244959 ns, At safepoint: 8708 ns, Total: 253667 ns
[2022-04-29T04:09:45.318+0000][160][safepoint   ] Safepoint "Cleanup", Time since last: 11033938797 ns, Reaching safepoint: 963458 ns, At safepoint: 15250 ns, Total: 978708 ns
[2022-04-29T04:09:58.343+0000][160][safepoint   ] Safepoint "Cleanup", Time since last: 13024852381 ns, Reaching safepoint: 93000 ns, At safepoint: 2584 ns, Total: 95584 ns
[2022-04-29T04:10:03.355+0000][160][safepoint   ] Safepoint "Cleanup", Time since last: 5012279293 ns, Reaching safepoint: 501833 ns, At safepoint: 15625 ns, Total: 517458 ns
[2022-04-29T04:10:04.363+0000][160][safepoint   ] Safepoint "Cleanup", Time since last: 1007534543 ns, Reaching safepoint: 118250 ns, At safepoint: 3125 ns, Total: 121375 ns
[2022-04-29T04:10:09.368+0000][160][safepoint   ] Safepoint "Cleanup", Time since last: 5005315794 ns, Reaching safepoint: 182041 ns, At safepoint: 4792 ns, Total: 186833 ns
[2022-04-29T04:10:15.373+0000][160][safepoint   ] Safepoint "Cleanup", Time since last: 6004966044 ns, Reaching safepoint: 321000 ns, At safepoint: 8542 ns, Total: 329542 ns
[2022-04-29T04:10:27.392+0000][160][safepoint   ] Safepoint "Cleanup", Time since last: 12018719756 ns, Reaching safepoint: 310542 ns, At safepoint: 6666 ns, Total: 317208 ns
[2022-04-29T04:10:50.780+0000][160][gc,start    ] GC(110) Pause Young (Normal) (G1 Evacuation Pause)
[2022-04-29T04:10:50.789+0000][160][gc,task     ] GC(110) Using 5 workers of 5 for evacuation
[2022-04-29T04:10:50.793+0000][160][gc,age      ] GC(110) Desired survivor size 18874368 bytes, new threshold 7 (max threshold 15)
[2022-04-29T04:10:50.805+0000][160][gc,age      ] GC(110) Age table with threshold 7 (max threshold 15)
[2022-04-29T04:10:50.807+0000][160][gc,age      ] GC(110) - age   1:    1564552 bytes,    1564552 total
[2022-04-29T04:10:50.809+0000][160][gc,age      ] GC(110) - age   2:     190504 bytes,    1755056 total
[2022-04-29T04:10:50.810+0000][160][gc,age      ] GC(110) - age   3:       7000 bytes,    1762056 total
[2022-04-29T04:10:50.811+0000][160][gc,age      ] GC(110) - age   4:     896000 bytes,    2658056 total
[2022-04-29T04:10:50.815+0000][160][gc,age      ] GC(110) - age   5:    8886672 bytes,   11544728 total
[2022-04-29T04:10:50.816+0000][160][gc,age      ] GC(110) - age   6:    3664016 bytes,   15208744 total
[2022-04-29T04:10:50.817+0000][160][gc,age      ] GC(110) - age   7:    2090088 bytes,   17298832 total
[2022-04-29T04:10:50.819+0000][160][gc,phases   ] GC(110)   Pre Evacuate Collection Set: 0.9ms
[2022-04-29T04:10:50.820+0000][160][gc,phases   ] GC(110)   Merge Heap Roots: 0.5ms
[2022-04-29T04:10:50.822+0000][160][gc,phases   ] GC(110)   Evacuate Collection Set: 6.7ms
[2022-04-29T04:10:50.823+0000][160][gc,phases   ] GC(110)   Post Evacuate Collection Set: 1.8ms
[2022-04-29T04:10:50.824+0000][160][gc,phases   ] GC(110)   Other: 29.3ms
[2022-04-29T04:10:50.825+0000][160][gc,heap     ] GC(110) Eden regions: 64->0(66)
[2022-04-29T04:10:50.826+0000][160][gc,heap     ] GC(110) Survivor regions: 6->5(9)
[2022-04-29T04:10:50.827+0000][160][gc,heap     ] GC(110) Old regions: 24->24
[2022-04-29T04:10:50.828+0000][160][gc,heap     ] GC(110) Archive regions: 2->2
[2022-04-29T04:10:50.829+0000][160][gc,heap     ] GC(110) Humongous regions: 6->6
[2022-04-29T04:10:50.830+0000][160][gc,metaspace] GC(110) Metaspace: 117815K(119552K)->117815K(119552K) NonClass: 102242K(103232K)->102242K(103232K) Class: 15572K(16320K)->15572K(16320K)
[2022-04-29T04:10:50.831+0000][160][gc          ] GC(110) Pause Young (Normal) (G1 Evacuation Pause) 396M->139M(512M) 51.066ms
[2022-04-29T04:10:50.832+0000][160][gc,cpu      ] GC(110) User=0.03s Sys=0.00s Real=0.05s
[2022-04-29T04:10:50.833+0000][160][safepoint   ] Safepoint "G1CollectForAllocation", Time since last: 23387283011 ns, Reaching safepoint: 201542 ns, At safepoint: 53317708 ns, Total: 53519250 ns
[2022-04-29T04:11:00.855+0000][160][safepoint   ] Safepoint "Cleanup", Time since last: 10020520129 ns, Reaching safepoint: 2453708 ns, At safepoint: 24125 ns, Total: 2477833 ns
[2022-04-29T04:11:21.882+0000][160][safepoint   ] Safepoint "Cleanup", Time since last: 21026486885 ns, Reaching safepoint: 177584 ns, At safepoint: 5208 ns, Total: 182792 ns
[2022-04-29T04:11:30.901+0000][160][safepoint   ] Safepoint "Cleanup", Time since last: 9019601253 ns, Reaching safepoint: 133209 ns, At safepoint: 6625 ns, Total: 139834 ns
[2022-04-29T04:11:36.922+0000][160][safepoint   ] Safepoint "Cleanup", Time since last: 6020588419 ns, Reaching safepoint: 284333 ns, At safepoint: 10042 ns, Total: 294375 ns
[2022-04-29T04:11:38.932+0000][160][safepoint   ] Safepoint "Cleanup", Time since last: 2009327001 ns, Reaching safepoint: 183292 ns, At safepoint: 3500 ns, Total: 186792 ns
[2022-04-29T04:11:41.937+0000][160][safepoint   ] Safepoint "Cleanup", Time since last: 3004545793 ns, Reaching safepoint: 282791 ns, At safepoint: 7875 ns, Total: 290666 ns
[2022-04-29T04:11:46.944+0000][160][safepoint   ] Safepoint "Cleanup", Time since last: 5007049628 ns, Reaching safepoint: 289375 ns, At safepoint: 7500 ns, Total: 296875 ns
[2022-04-29T04:11:49.964+0000][160][safepoint   ] Safepoint "Cleanup", Time since last: 3019921085 ns, Reaching safepoint: 369500 ns, At safepoint: 28541 ns, Total: 398041 ns
[2022-04-29T04:11:59.866+0000][160][gc,start    ] GC(111) Pause Young (Normal) (G1 Evacuation Pause)
[2022-04-29T04:11:59.867+0000][160][gc,task     ] GC(111) Using 5 workers of 5 for evacuation
[2022-04-29T04:11:59.868+0000][160][gc,age      ] GC(111) Desired survivor size 18874368 bytes, new threshold 15 (max threshold 15)
[2022-04-29T04:11:59.873+0000][160][gc,age      ] GC(111) Age table with threshold 15 (max threshold 15)
[2022-04-29T04:11:59.874+0000][160][gc,age      ] GC(111) - age   1:    1305184 bytes,    1305184 total
[2022-04-29T04:11:59.875+0000][160][gc,age      ] GC(111) - age   2:     255056 bytes,    1560240 total
[2022-04-29T04:11:59.876+0000][160][gc,age      ] GC(111) - age   3:     187456 bytes,    1747696 total
[2022-04-29T04:11:59.877+0000][160][gc,age      ] GC(111) - age   4:       5960 bytes,    1753656 total
[2022-04-29T04:11:59.877+0000][160][gc,age      ] GC(111) - age   5:     895104 bytes,    2648760 total
[2022-04-29T04:11:59.881+0000][160][gc,age      ] GC(111) - age   6:    8886672 bytes,   11535432 total
[2022-04-29T04:11:59.881+0000][160][gc,age      ] GC(111) - age   7:    3663952 bytes,   15199384 total
[2022-04-29T04:11:59.882+0000][160][gc,age      ] GC(111) - age   8:    2090088 bytes,   17289472 total
[2022-04-29T04:11:59.883+0000][160][gc,phases   ] GC(111)   Pre Evacuate Collection Set: 0.1ms
[2022-04-29T04:11:59.884+0000][160][gc,phases   ] GC(111)   Merge Heap Roots: 0.1ms
[2022-04-29T04:11:59.885+0000][160][gc,phases   ] GC(111)   Evacuate Collection Set: 2.6ms
[2022-04-29T04:11:59.886+0000][160][gc,phases   ] GC(111)   Post Evacuate Collection Set: 0.8ms
[2022-04-29T04:11:59.886+0000][160][gc,phases   ] GC(111)   Other: 13.1ms
[2022-04-29T04:11:59.887+0000][160][gc,heap     ] GC(111) Eden regions: 66->0(66)
[2022-04-29T04:11:59.888+0000][160][gc,heap     ] GC(111) Survivor regions: 5->5(9)
[2022-04-29T04:11:59.889+0000][160][gc,heap     ] GC(111) Old regions: 24->24
[2022-04-29T04:11:59.889+0000][160][gc,heap     ] GC(111) Archive regions: 2->2
[2022-04-29T04:11:59.890+0000][160][gc,heap     ] GC(111) Humongous regions: 6->6
[2022-04-29T04:11:59.890+0000][160][gc,metaspace] GC(111) Metaspace: 117815K(119552K)->117815K(119552K) NonClass: 102242K(103232K)->102242K(103232K) Class: 15572K(16320K)->15572K(16320K)
[2022-04-29T04:11:59.892+0000][160][gc          ] GC(111) Pause Young (Normal) (G1 Evacuation Pause) 403M->139M(512M) 25.423ms
[2022-04-29T04:11:59.892+0000][160][gc,cpu      ] GC(111) User=0.03s Sys=0.00s Real=0.03s
[2022-04-29T04:11:59.893+0000][160][safepoint   ] Safepoint "G1CollectForAllocation", Time since last: 9901730172 ns, Reaching safepoint: 93666 ns, At safepoint: 26964334 ns, Total: 27058000 ns
