[2022-05-06T04:56:31.082+0000][161][gc] Using G1
[2022-05-06T04:56:31.122+0000][161][gc,init] Version: 17.0.2+8 (release)
[2022-05-06T04:56:31.123+0000][161][gc,init] CPUs: 5 total, 5 available
[2022-05-06T04:56:31.124+0000][161][gc,init] Memory: 7851M
[2022-05-06T04:56:31.125+0000][161][gc,init] Large Page Support: Disabled
[2022-05-06T04:56:31.126+0000][161][gc,init] NUMA Support: Disabled
[2022-05-06T04:56:31.127+0000][161][gc,init] Compressed Oops: Enabled (32-bit)
[2022-05-06T04:56:31.128+0000][161][gc,init] Heap Region Size: 4M
[2022-05-06T04:56:31.129+0000][161][gc,init] Heap Min Capacity: 512M
[2022-05-06T04:56:31.130+0000][161][gc,init] Heap Initial Capacity: 512M
[2022-05-06T04:56:31.130+0000][161][gc,init] Heap Max Capacity: 512M
[2022-05-06T04:56:31.131+0000][161][gc,init] Pre-touch: Enabled
[2022-05-06T04:56:31.132+0000][161][gc,init] Parallel Workers: 5
[2022-05-06T04:56:31.133+0000][161][gc,init] Concurrent Workers: 1
[2022-05-06T04:56:31.133+0000][161][gc,init] Concurrent Refinement Workers: 5
[2022-05-06T04:56:31.134+0000][161][gc,init] Periodic GC: Disabled
[2022-05-06T04:56:31.135+0000][161][gc,metaspace] CDS archive(s) mapped at: [0x0000000800000000-0x0000000800bd2000-0x0000000800bd2000), size 12394496, SharedBaseAddress: 0x0000000800000000, ArchiveRelocationMode: 0.
[2022-05-06T04:56:31.135+0000][161][gc,metaspace] Compressed class space mapped at: 0x0000000800c00000-0x0000000840c00000, reserved size: 1073741824
[2022-05-06T04:56:31.136+0000][161][gc,metaspace] Narrow klass base: 0x0000000800000000, Narrow klass shift: 0, Narrow klass range: 0x100000000
[2022-05-06T04:56:31.249+0000][161][safepoint   ] Safepoint "ICBufferFull", Time since last: 108393917 ns, Reaching safepoint: 158500 ns, At safepoint: 8917 ns, Total: 167417 ns
[2022-05-06T04:56:31.304+0000][161][safepoint   ] Safepoint "ICBufferFull", Time since last: 55108750 ns, Reaching safepoint: 106416 ns, At safepoint: 3375 ns, Total: 109791 ns
[2022-05-06T04:56:31.364+0000][161][safepoint   ] Safepoint "ICBufferFull", Time since last: 60530042 ns, Reaching safepoint: 101292 ns, At safepoint: 7208 ns, Total: 108500 ns
[2022-05-06T04:56:31.436+0000][161][gc,start    ] GC(0) Pause Young (Normal) (G1 Evacuation Pause)
[2022-05-06T04:56:31.437+0000][161][gc,task     ] GC(0) Using 5 workers of 5 for evacuation
[2022-05-06T04:56:31.438+0000][161][gc,age      ] GC(0) Desired survivor size 2097152 bytes, new threshold 15 (max threshold 15)
[2022-05-06T04:56:31.442+0000][161][gc,age      ] GC(0) Age table with threshold 15 (max threshold 15)
[2022-05-06T04:56:31.443+0000][161][gc,age      ] GC(0) - age   1:    4157176 bytes,    4157176 total
[2022-05-06T04:56:31.444+0000][161][gc,phases   ] GC(0)   Pre Evacuate Collection Set: 0.0ms
[2022-05-06T04:56:31.444+0000][161][gc,phases   ] GC(0)   Merge Heap Roots: 0.0ms
[2022-05-06T04:56:31.445+0000][161][gc,phases   ] GC(0)   Evacuate Collection Set: 2.6ms
[2022-05-06T04:56:31.446+0000][161][gc,phases   ] GC(0)   Post Evacuate Collection Set: 0.7ms
[2022-05-06T04:56:31.447+0000][161][gc,phases   ] GC(0)   Other: 4.7ms
[2022-05-06T04:56:31.447+0000][161][gc,heap     ] GC(0) Eden regions: 6->0(5)
[2022-05-06T04:56:31.448+0000][161][gc,heap     ] GC(0) Survivor regions: 0->1(1)
[2022-05-06T04:56:31.448+0000][161][gc,heap     ] GC(0) Old regions: 0->1
[2022-05-06T04:56:31.449+0000][161][gc,heap     ] GC(0) Archive regions: 2->2
[2022-05-06T04:56:31.450+0000][161][gc,heap     ] GC(0) Humongous regions: 0->0
[2022-05-06T04:56:31.450+0000][161][gc,metaspace] GC(0) Metaspace: 8940K(9088K)->8940K(9088K) NonClass: 7878K(7936K)->7878K(7936K) Class: 1062K(1152K)->1062K(1152K)
[2022-05-06T04:56:31.451+0000][161][gc          ] GC(0) Pause Young (Normal) (G1 Evacuation Pause) 27M->8M(512M) 15.249ms
[2022-05-06T04:56:31.451+0000][161][gc,cpu      ] GC(0) User=0.01s Sys=0.00s Real=0.02s
[2022-05-06T04:56:31.452+0000][161][safepoint   ] Safepoint "G1CollectForAllocation", Time since last: 70912000 ns, Reaching safepoint: 81583 ns, At safepoint: 16531084 ns, Total: 16612667 ns
[2022-05-06T04:56:31.551+0000][161][safepoint   ] Safepoint "ICBufferFull", Time since last: 99330167 ns, Reaching safepoint: 123166 ns, At safepoint: 10834 ns, Total: 134000 ns
[2022-05-06T04:56:31.619+0000][161][gc,start    ] GC(1) Pause Young (Normal) (G1 Evacuation Pause)
[2022-05-06T04:56:31.620+0000][161][gc,task     ] GC(1) Using 5 workers of 5 for evacuation
[2022-05-06T04:56:31.621+0000][161][gc,age      ] GC(1) Desired survivor size 2097152 bytes, new threshold 1 (max threshold 15)
[2022-05-06T04:56:31.625+0000][161][gc,age      ] GC(1) Age table with threshold 1 (max threshold 15)
[2022-05-06T04:56:31.627+0000][161][gc,age      ] GC(1) - age   1:    1946816 bytes,    1946816 total
[2022-05-06T04:56:31.627+0000][161][gc,phases   ] GC(1)   Pre Evacuate Collection Set: 0.1ms
[2022-05-06T04:56:31.628+0000][161][gc,phases   ] GC(1)   Merge Heap Roots: 0.1ms
[2022-05-06T04:56:31.629+0000][161][gc,phases   ] GC(1)   Evacuate Collection Set: 2.4ms
[2022-05-06T04:56:31.630+0000][161][gc,phases   ] GC(1)   Post Evacuate Collection Set: 0.7ms
[2022-05-06T04:56:31.630+0000][161][gc,phases   ] GC(1)   Other: 5.5ms
[2022-05-06T04:56:31.631+0000][161][gc,heap     ] GC(1) Eden regions: 5->0(7)
[2022-05-06T04:56:31.632+0000][161][gc,heap     ] GC(1) Survivor regions: 1->1(1)
[2022-05-06T04:56:31.632+0000][161][gc,heap     ] GC(1) Old regions: 1->2
[2022-05-06T04:56:31.633+0000][161][gc,heap     ] GC(1) Archive regions: 2->2
[2022-05-06T04:56:31.633+0000][161][gc,heap     ] GC(1) Humongous regions: 0->0
[2022-05-06T04:56:31.634+0000][161][gc,metaspace] GC(1) Metaspace: 12352K(12672K)->12352K(12672K) NonClass: 10841K(11008K)->10841K(11008K) Class: 1510K(1664K)->1510K(1664K)
[2022-05-06T04:56:31.635+0000][161][gc          ] GC(1) Pause Young (Normal) (G1 Evacuation Pause) 28M->10M(512M) 16.048ms
[2022-05-06T04:56:31.635+0000][161][gc,cpu      ] GC(1) User=0.02s Sys=0.00s Real=0.02s
[2022-05-06T04:56:31.636+0000][161][safepoint   ] Safepoint "G1CollectForAllocation", Time since last: 66897000 ns, Reaching safepoint: 117291 ns, At safepoint: 17474709 ns, Total: 17592000 ns
[2022-05-06T04:56:31.854+0000][161][safepoint   ] Safepoint "ICBufferFull", Time since last: 218010125 ns, Reaching safepoint: 138375 ns, At safepoint: 17333 ns, Total: 155708 ns
[2022-05-06T04:56:31.879+0000][161][gc,start    ] GC(2) Pause Young (Normal) (G1 Evacuation Pause)
[2022-05-06T04:56:31.880+0000][161][gc,task     ] GC(2) Using 5 workers of 5 for evacuation
[2022-05-06T04:56:31.881+0000][161][gc,age      ] GC(2) Desired survivor size 2097152 bytes, new threshold 15 (max threshold 15)
[2022-05-06T04:56:31.885+0000][161][gc,age      ] GC(2) Age table with threshold 15 (max threshold 15)
[2022-05-06T04:56:31.886+0000][161][gc,age      ] GC(2) - age   1:     860368 bytes,     860368 total
[2022-05-06T04:56:31.887+0000][161][gc,age      ] GC(2) - age   2:    1920448 bytes,    2780816 total
[2022-05-06T04:56:31.888+0000][161][gc,phases   ] GC(2)   Pre Evacuate Collection Set: 0.0ms
[2022-05-06T04:56:31.889+0000][161][gc,phases   ] GC(2)   Merge Heap Roots: 0.0ms
[2022-05-06T04:56:31.889+0000][161][gc,phases   ] GC(2)   Evacuate Collection Set: 1.8ms
[2022-05-06T04:56:31.890+0000][161][gc,phases   ] GC(2)   Post Evacuate Collection Set: 1.1ms
[2022-05-06T04:56:31.891+0000][161][gc,phases   ] GC(2)   Other: 5.7ms
[2022-05-06T04:56:31.891+0000][161][gc,heap     ] GC(2) Eden regions: 7->0(28)
[2022-05-06T04:56:31.892+0000][161][gc,heap     ] GC(2) Survivor regions: 1->1(1)
[2022-05-06T04:56:31.893+0000][161][gc,heap     ] GC(2) Old regions: 2->2
[2022-05-06T04:56:31.894+0000][161][gc,heap     ] GC(2) Archive regions: 2->2
[2022-05-06T04:56:31.894+0000][161][gc,heap     ] GC(2) Humongous regions: 0->0
[2022-05-06T04:56:31.895+0000][161][gc,metaspace] GC(2) Metaspace: 14719K(14976K)->14719K(14976K) NonClass: 12967K(13056K)->12967K(13056K) Class: 1751K(1920K)->1751K(1920K)
[2022-05-06T04:56:31.896+0000][161][gc          ] GC(2) Pause Young (Normal) (G1 Evacuation Pause) 38M->10M(512M) 16.967ms
[2022-05-06T04:56:31.897+0000][161][gc,cpu      ] GC(2) User=0.01s Sys=0.01s Real=0.02s
[2022-05-06T04:56:31.898+0000][161][safepoint   ] Safepoint "G1CollectForAllocation", Time since last: 24878958 ns, Reaching safepoint: 124334 ns, At safepoint: 18424750 ns, Total: 18549084 ns
[2022-05-06T04:56:32.066+0000][161][safepoint   ] Safepoint "ICBufferFull", Time since last: 167825125 ns, Reaching safepoint: 322333 ns, At safepoint: 64167 ns, Total: 386500 ns
[2022-05-06T04:56:32.104+0000][161][safepoint   ] Safepoint "ICBufferFull", Time since last: 37990541 ns, Reaching safepoint: 155625 ns, At safepoint: 6375 ns, Total: 162000 ns
[2022-05-06T04:56:32.111+0000][161][safepoint   ] Safepoint "ICBufferFull", Time since last: 6536292 ns, Reaching safepoint: 142875 ns, At safepoint: 19125 ns, Total: 162000 ns
[2022-05-06T04:56:32.113+0000][161][safepoint   ] Safepoint "ICBufferFull", Time since last: 2664708 ns, Reaching safepoint: 26917 ns, At safepoint: 1792 ns, Total: 28709 ns
[2022-05-06T04:56:32.115+0000][161][safepoint   ] Safepoint "ICBufferFull", Time since last: 1262000 ns, Reaching safepoint: 23958 ns, At safepoint: 1125 ns, Total: 25083 ns
[2022-05-06T04:56:32.116+0000][161][safepoint   ] Safepoint "ICBufferFull", Time since last: 1572167 ns, Reaching safepoint: 113916 ns, At safepoint: 2084 ns, Total: 116000 ns
[2022-05-06T04:56:32.118+0000][161][safepoint   ] Safepoint "ICBufferFull", Time since last: 1881791 ns, Reaching safepoint: 145334 ns, At safepoint: 4666 ns, Total: 150000 ns
[2022-05-06T04:56:32.122+0000][161][safepoint   ] Safepoint "ICBufferFull", Time since last: 3165709 ns, Reaching safepoint: 187666 ns, At safepoint: 2375 ns, Total: 190041 ns
[2022-05-06T04:56:32.147+0000][161][safepoint   ] Safepoint "ICBufferFull", Time since last: 25108167 ns, Reaching safepoint: 166542 ns, At safepoint: 3208 ns, Total: 169750 ns
[2022-05-06T04:56:32.148+0000][161][safepoint   ] Safepoint "ICBufferFull", Time since last: 1133417 ns, Reaching safepoint: 97375 ns, At safepoint: 2750 ns, Total: 100125 ns
[2022-05-06T04:56:32.149+0000][161][safepoint   ] Safepoint "ICBufferFull", Time since last: 1047750 ns, Reaching safepoint: 131333 ns, At safepoint: 2833 ns, Total: 134166 ns
[2022-05-06T04:56:32.151+0000][161][safepoint   ] Safepoint "ICBufferFull", Time since last: 1097001 ns, Reaching safepoint: 106333 ns, At safepoint: 2417 ns, Total: 108750 ns
[2022-05-06T04:56:32.180+0000][161][gc,start    ] GC(3) Pause Young (Normal) (G1 Evacuation Pause)
[2022-05-06T04:56:32.181+0000][161][gc,task     ] GC(3) Using 5 workers of 5 for evacuation
[2022-05-06T04:56:32.183+0000][161][gc,age      ] GC(3) Desired survivor size 8388608 bytes, new threshold 15 (max threshold 15)
[2022-05-06T04:56:32.187+0000][161][gc,age      ] GC(3) Age table with threshold 15 (max threshold 15)
[2022-05-06T04:56:32.188+0000][161][gc,age      ] GC(3) - age   1:    2577904 bytes,    2577904 total
[2022-05-06T04:56:32.189+0000][161][gc,age      ] GC(3) - age   2:     810728 bytes,    3388632 total
[2022-05-06T04:56:32.190+0000][161][gc,age      ] GC(3) - age   3:    1918880 bytes,    5307512 total
[2022-05-06T04:56:32.190+0000][161][gc,phases   ] GC(3)   Pre Evacuate Collection Set: 0.2ms
[2022-05-06T04:56:32.191+0000][161][gc,phases   ] GC(3)   Merge Heap Roots: 0.2ms
[2022-05-06T04:56:32.192+0000][161][gc,phases   ] GC(3)   Evacuate Collection Set: 1.8ms
[2022-05-06T04:56:32.193+0000][161][gc,phases   ] GC(3)   Post Evacuate Collection Set: 0.8ms
[2022-05-06T04:56:32.193+0000][161][gc,phases   ] GC(3)   Other: 7.3ms
[2022-05-06T04:56:32.194+0000][161][gc,heap     ] GC(3) Eden regions: 28->0(74)
[2022-05-06T04:56:32.195+0000][161][gc,heap     ] GC(3) Survivor regions: 1->2(4)
[2022-05-06T04:56:32.195+0000][161][gc,heap     ] GC(3) Old regions: 2->2
[2022-05-06T04:56:32.196+0000][161][gc,heap     ] GC(3) Archive regions: 2->2
[2022-05-06T04:56:32.197+0000][161][gc,heap     ] GC(3) Humongous regions: 0->0
[2022-05-06T04:56:32.198+0000][161][gc,metaspace] GC(3) Metaspace: 17192K(17536K)->17192K(17536K) NonClass: 15154K(15360K)->15154K(15360K) Class: 2038K(2176K)->2038K(2176K)
[2022-05-06T04:56:32.198+0000][161][gc          ] GC(3) Pause Young (Normal) (G1 Evacuation Pause) 122M->13M(512M) 18.338ms
[2022-05-06T04:56:32.200+0000][161][gc,cpu      ] GC(3) User=0.01s Sys=0.00s Real=0.02s
[2022-05-06T04:56:32.201+0000][161][safepoint   ] Safepoint "G1CollectForAllocation", Time since last: 29231291 ns, Reaching safepoint: 203084 ns, At safepoint: 20576833 ns, Total: 20779917 ns
[2022-05-06T04:56:32.416+0000][161][safepoint   ] Safepoint "ICBufferFull", Time since last: 215432667 ns, Reaching safepoint: 164666 ns, At safepoint: 3334 ns, Total: 168000 ns
[2022-05-06T04:56:32.491+0000][161][gc,start    ] GC(4) Pause Young (Normal) (G1 Evacuation Pause)
[2022-05-06T04:56:32.493+0000][161][gc,task     ] GC(4) Using 5 workers of 5 for evacuation
[2022-05-06T04:56:32.494+0000][161][gc,age      ] GC(4) Desired survivor size 20971520 bytes, new threshold 15 (max threshold 15)
[2022-05-06T04:56:32.500+0000][161][gc,age      ] GC(4) Age table with threshold 15 (max threshold 15)
[2022-05-06T04:56:32.501+0000][161][gc,age      ] GC(4) - age   1:    6666432 bytes,    6666432 total
[2022-05-06T04:56:32.502+0000][161][gc,age      ] GC(4) - age   2:    2313464 bytes,    8979896 total
[2022-05-06T04:56:32.503+0000][161][gc,age      ] GC(4) - age   3:     810400 bytes,    9790296 total
[2022-05-06T04:56:32.503+0000][161][gc,age      ] GC(4) - age   4:    1918096 bytes,   11708392 total
[2022-05-06T04:56:32.504+0000][161][gc,phases   ] GC(4)   Pre Evacuate Collection Set: 0.1ms
[2022-05-06T04:56:32.505+0000][161][gc,phases   ] GC(4)   Merge Heap Roots: 0.2ms
[2022-05-06T04:56:32.505+0000][161][gc,phases   ] GC(4)   Evacuate Collection Set: 4.2ms
[2022-05-06T04:56:32.506+0000][161][gc,phases   ] GC(4)   Post Evacuate Collection Set: 0.7ms
[2022-05-06T04:56:32.507+0000][161][gc,phases   ] GC(4)   Other: 7.5ms
[2022-05-06T04:56:32.507+0000][161][gc,heap     ] GC(4) Eden regions: 74->0(73)
[2022-05-06T04:56:32.508+0000][161][gc,heap     ] GC(4) Survivor regions: 2->3(10)
[2022-05-06T04:56:32.508+0000][161][gc,heap     ] GC(4) Old regions: 2->2
[2022-05-06T04:56:32.509+0000][161][gc,heap     ] GC(4) Archive regions: 2->2
[2022-05-06T04:56:32.510+0000][161][gc,heap     ] GC(4) Humongous regions: 0->0
[2022-05-06T04:56:32.510+0000][161][gc,metaspace] GC(4) Metaspace: 18778K(19200K)->18778K(19200K) NonClass: 16493K(16768K)->16493K(16768K) Class: 2285K(2432K)->2285K(2432K)
[2022-05-06T04:56:32.511+0000][161][gc          ] GC(4) Pause Young (Normal) (G1 Evacuation Pause) 309M->19M(512M) 19.436ms
[2022-05-06T04:56:32.511+0000][161][gc,cpu      ] GC(4) User=0.05s Sys=0.00s Real=0.02s
[2022-05-06T04:56:32.512+0000][161][safepoint   ] Safepoint "G1CollectForAllocation", Time since last: 74912250 ns, Reaching safepoint: 145583 ns, At safepoint: 20761500 ns, Total: 20907083 ns
[2022-05-06T04:56:32.735+0000][161][gc,start    ] GC(5) Pause Young (Normal) (G1 Evacuation Pause)
[2022-05-06T04:56:32.736+0000][161][gc,task     ] GC(5) Using 5 workers of 5 for evacuation
[2022-05-06T04:56:32.737+0000][161][gc,age      ] GC(5) Desired survivor size 20971520 bytes, new threshold 15 (max threshold 15)
[2022-05-06T04:56:32.744+0000][161][gc,age      ] GC(5) Age table with threshold 15 (max threshold 15)
[2022-05-06T04:56:32.745+0000][161][gc,age      ] GC(5) - age   1:    2594272 bytes,    2594272 total
[2022-05-06T04:56:32.746+0000][161][gc,age      ] GC(5) - age   2:    5114040 bytes,    7708312 total
[2022-05-06T04:56:32.747+0000][161][gc,age      ] GC(5) - age   3:    2313000 bytes,   10021312 total
[2022-05-06T04:56:32.748+0000][161][gc,age      ] GC(5) - age   4:     810128 bytes,   10831440 total
[2022-05-06T04:56:32.749+0000][161][gc,age      ] GC(5) - age   5:    1918032 bytes,   12749472 total
[2022-05-06T04:56:32.750+0000][161][gc,phases   ] GC(5)   Pre Evacuate Collection Set: 0.3ms
[2022-05-06T04:56:32.751+0000][161][gc,phases   ] GC(5)   Merge Heap Roots: 0.2ms
[2022-05-06T04:56:32.751+0000][161][gc,phases   ] GC(5)   Evacuate Collection Set: 3.2ms
[2022-05-06T04:56:32.752+0000][161][gc,phases   ] GC(5)   Post Evacuate Collection Set: 1.0ms
[2022-05-06T04:56:32.752+0000][161][gc,phases   ] GC(5)   Other: 10.2ms
[2022-05-06T04:56:32.754+0000][161][gc,heap     ] GC(5) Eden regions: 73->0(72)
[2022-05-06T04:56:32.755+0000][161][gc,heap     ] GC(5) Survivor regions: 3->4(10)
[2022-05-06T04:56:32.756+0000][161][gc,heap     ] GC(5) Old regions: 2->2
[2022-05-06T04:56:32.757+0000][161][gc,heap     ] GC(5) Archive regions: 2->2
[2022-05-06T04:56:32.758+0000][161][gc,heap     ] GC(5) Humongous regions: 0->0
[2022-05-06T04:56:32.758+0000][161][gc,metaspace] GC(5) Metaspace: 19727K(20224K)->19727K(20224K) NonClass: 17305K(17600K)->17305K(17600K) Class: 2422K(2624K)->2422K(2624K)
[2022-05-06T04:56:32.759+0000][161][gc          ] GC(5) Pause Young (Normal) (G1 Evacuation Pause) 311M->20M(512M) 24.045ms
[2022-05-06T04:56:32.760+0000][161][gc,cpu      ] GC(5) User=0.01s Sys=0.00s Real=0.02s
[2022-05-06T04:56:32.761+0000][161][safepoint   ] Safepoint "G1CollectForAllocation", Time since last: 222850708 ns, Reaching safepoint: 178209 ns, At safepoint: 25518916 ns, Total: 25697125 ns
[2022-05-06T04:56:32.940+0000][161][safepoint   ] Safepoint "ICBufferFull", Time since last: 179113126 ns, Reaching safepoint: 201041 ns, At safepoint: 10542 ns, Total: 211583 ns
[2022-05-06T04:56:32.993+0000][161][gc,start    ] GC(6) Pause Young (Normal) (G1 Evacuation Pause)
[2022-05-06T04:56:32.995+0000][161][gc,task     ] GC(6) Using 5 workers of 5 for evacuation
[2022-05-06T04:56:32.996+0000][161][gc,age      ] GC(6) Desired survivor size 20971520 bytes, new threshold 15 (max threshold 15)
[2022-05-06T04:56:33.003+0000][161][gc,age      ] GC(6) Age table with threshold 15 (max threshold 15)
[2022-05-06T04:56:33.004+0000][161][gc,age      ] GC(6) - age   1:    3529432 bytes,    3529432 total
[2022-05-06T04:56:33.005+0000][161][gc,age      ] GC(6) - age   2:    1326384 bytes,    4855816 total
[2022-05-06T04:56:33.006+0000][161][gc,age      ] GC(6) - age   3:    5108944 bytes,    9964760 total
[2022-05-06T04:56:33.006+0000][161][gc,age      ] GC(6) - age   4:    2311576 bytes,   12276336 total
[2022-05-06T04:56:33.007+0000][161][gc,age      ] GC(6) - age   5:     809448 bytes,   13085784 total
[2022-05-06T04:56:33.008+0000][161][gc,age      ] GC(6) - age   6:    1917728 bytes,   15003512 total
[2022-05-06T04:56:33.009+0000][161][gc,phases   ] GC(6)   Pre Evacuate Collection Set: 0.3ms
[2022-05-06T04:56:33.010+0000][161][gc,phases   ] GC(6)   Merge Heap Roots: 0.2ms
[2022-05-06T04:56:33.010+0000][161][gc,phases   ] GC(6)   Evacuate Collection Set: 4.9ms
[2022-05-06T04:56:33.011+0000][161][gc,phases   ] GC(6)   Post Evacuate Collection Set: 0.7ms
[2022-05-06T04:56:33.012+0000][161][gc,phases   ] GC(6)   Other: 9.3ms
[2022-05-06T04:56:33.012+0000][161][gc,heap     ] GC(6) Eden regions: 72->0(72)
[2022-05-06T04:56:33.013+0000][161][gc,heap     ] GC(6) Survivor regions: 4->4(10)
[2022-05-06T04:56:33.014+0000][161][gc,heap     ] GC(6) Old regions: 2->2
[2022-05-06T04:56:33.014+0000][161][gc,heap     ] GC(6) Archive regions: 2->2
[2022-05-06T04:56:33.015+0000][161][gc,heap     ] GC(6) Humongous regions: 0->0
[2022-05-06T04:56:33.016+0000][161][gc,metaspace] GC(6) Metaspace: 20898K(21440K)->20898K(21440K) NonClass: 18317K(18624K)->18317K(18624K) Class: 2581K(2816K)->2581K(2816K)
[2022-05-06T04:56:33.016+0000][161][gc          ] GC(6) Pause Young (Normal) (G1 Evacuation Pause) 308M->23M(512M) 23.009ms
[2022-05-06T04:56:33.017+0000][161][gc,cpu      ] GC(6) User=0.02s Sys=0.00s Real=0.02s
[2022-05-06T04:56:33.018+0000][161][safepoint   ] Safepoint "G1CollectForAllocation", Time since last: 53344375 ns, Reaching safepoint: 82042 ns, At safepoint: 24363541 ns, Total: 24445583 ns
[2022-05-06T04:56:33.086+0000][161][gc,start    ] GC(7) Pause Young (Concurrent Start) (Metadata GC Threshold)
[2022-05-06T04:56:33.088+0000][161][gc,task     ] GC(7) Using 5 workers of 5 for evacuation
[2022-05-06T04:56:33.089+0000][161][gc,age      ] GC(7) Desired survivor size 20971520 bytes, new threshold 15 (max threshold 15)
[2022-05-06T04:56:33.094+0000][161][gc,age      ] GC(7) Age table with threshold 15 (max threshold 15)
[2022-05-06T04:56:33.096+0000][161][gc,age      ] GC(7) - age   1:     362432 bytes,     362432 total
[2022-05-06T04:56:33.097+0000][161][gc,age      ] GC(7) - age   2:    2178664 bytes,    2541096 total
[2022-05-06T04:56:33.098+0000][161][gc,age      ] GC(7) - age   3:    1325840 bytes,    3866936 total
[2022-05-06T04:56:33.099+0000][161][gc,age      ] GC(7) - age   4:    5108944 bytes,    8975880 total
[2022-05-06T04:56:33.100+0000][161][gc,age      ] GC(7) - age   5:    2311576 bytes,   11287456 total
[2022-05-06T04:56:33.101+0000][161][gc,age      ] GC(7) - age   6:     809448 bytes,   12096904 total
[2022-05-06T04:56:33.101+0000][161][gc,age      ] GC(7) - age   7:    1917728 bytes,   14014632 total
[2022-05-06T04:56:33.102+0000][161][gc,phases   ] GC(7)   Pre Evacuate Collection Set: 0.4ms
[2022-05-06T04:56:33.103+0000][161][gc,phases   ] GC(7)   Merge Heap Roots: 0.2ms
[2022-05-06T04:56:33.103+0000][161][gc,phases   ] GC(7)   Evacuate Collection Set: 3.3ms
[2022-05-06T04:56:33.104+0000][161][gc,phases   ] GC(7)   Post Evacuate Collection Set: 0.8ms
[2022-05-06T04:56:33.105+0000][161][gc,phases   ] GC(7)   Other: 11.2ms
[2022-05-06T04:56:33.105+0000][161][gc,heap     ] GC(7) Eden regions: 28->0(72)
[2022-05-06T04:56:33.106+0000][161][gc,heap     ] GC(7) Survivor regions: 4->4(10)
[2022-05-06T04:56:33.107+0000][161][gc,heap     ] GC(7) Old regions: 2->2
[2022-05-06T04:56:33.107+0000][161][gc,heap     ] GC(7) Archive regions: 2->2
[2022-05-06T04:56:33.108+0000][161][gc,heap     ] GC(7) Humongous regions: 0->0
[2022-05-06T04:56:33.109+0000][161][gc,metaspace] GC(7) Metaspace: 20954K(21504K)->20954K(21504K) NonClass: 18364K(18688K)->18364K(18688K) Class: 2590K(2816K)->2590K(2816K)
[2022-05-06T04:56:33.110+0000][161][gc          ] GC(7) Pause Young (Concurrent Start) (Metadata GC Threshold) 133M->22M(512M) 23.549ms
[2022-05-06T04:56:33.110+0000][161][gc,cpu      ] GC(7) User=0.01s Sys=0.01s Real=0.02s
[2022-05-06T04:56:33.111+0000][161][gc          ] GC(8) Concurrent Mark Cycle
[2022-05-06T04:56:33.111+0000][161][gc,marking  ] GC(8) Concurrent Clear Claimed Marks
[2022-05-06T04:56:33.111+0000][161][safepoint   ] Safepoint "CollectForMetadataAllocation", Time since last: 68295584 ns, Reaching safepoint: 64041 ns, At safepoint: 24651042 ns, Total: 24715083 ns
[2022-05-06T04:56:33.112+0000][161][gc,marking  ] GC(8) Concurrent Clear Claimed Marks 0.496ms
[2022-05-06T04:56:33.113+0000][161][gc,marking  ] GC(8) Concurrent Scan Root Regions
[2022-05-06T04:56:33.116+0000][161][gc,marking  ] GC(8) Concurrent Scan Root Regions 3.575ms
[2022-05-06T04:56:33.117+0000][161][gc,marking  ] GC(8) Concurrent Mark
[2022-05-06T04:56:33.118+0000][161][gc,marking  ] GC(8) Concurrent Mark From Roots
[2022-05-06T04:56:33.119+0000][161][gc,task     ] GC(8) Using 1 workers of 1 for marking
[2022-05-06T04:56:33.122+0000][161][gc,marking  ] GC(8) Concurrent Mark From Roots 4.219ms
[2022-05-06T04:56:33.124+0000][161][gc,marking  ] GC(8) Concurrent Preclean
[2022-05-06T04:56:33.125+0000][161][gc,marking  ] GC(8) Concurrent Preclean 0.984ms
[2022-05-06T04:56:33.126+0000][161][gc,start    ] GC(8) Pause Remark
[2022-05-06T04:56:33.128+0000][161][gc          ] GC(8) Pause Remark 40M->40M(512M) 2.323ms
[2022-05-06T04:56:33.129+0000][161][gc,cpu      ] GC(8) User=0.00s Sys=0.00s Real=0.00s
[2022-05-06T04:56:33.129+0000][161][safepoint   ] Safepoint "G1Concurrent", Time since last: 14647208 ns, Reaching safepoint: 288625 ns, At safepoint: 3853917 ns, Total: 4142542 ns
[2022-05-06T04:56:33.130+0000][161][gc,marking  ] GC(8) Concurrent Mark 12.683ms
[2022-05-06T04:56:33.131+0000][161][gc,marking  ] GC(8) Concurrent Rebuild Remembered Sets
[2022-05-06T04:56:33.133+0000][161][gc,marking  ] GC(8) Concurrent Rebuild Remembered Sets 2.431ms
[2022-05-06T04:56:33.134+0000][161][gc,start    ] GC(8) Pause Cleanup
[2022-05-06T04:56:33.135+0000][161][gc          ] GC(8) Pause Cleanup 48M->48M(512M) 0.919ms
[2022-05-06T04:56:33.136+0000][161][gc,cpu      ] GC(8) User=0.00s Sys=0.00s Real=0.00s
[2022-05-06T04:56:33.136+0000][161][safepoint   ] Safepoint "G1Concurrent", Time since last: 4297375 ns, Reaching safepoint: 396375 ns, At safepoint: 2220500 ns, Total: 2616875 ns
[2022-05-06T04:56:33.137+0000][161][gc,marking  ] GC(8) Concurrent Cleanup for Next Mark
[2022-05-06T04:56:33.138+0000][161][gc,marking  ] GC(8) Concurrent Cleanup for Next Mark 0.824ms
[2022-05-06T04:56:33.139+0000][161][gc          ] GC(8) Concurrent Mark Cycle 28.110ms
[2022-05-06T04:56:33.709+0000][161][safepoint   ] Safepoint "ICBufferFull", Time since last: 571936292 ns, Reaching safepoint: 235167 ns, At safepoint: 3333 ns, Total: 238500 ns
[2022-05-06T04:56:33.837+0000][161][safepoint   ] Safepoint "ICBufferFull", Time since last: 127914542 ns, Reaching safepoint: 346750 ns, At safepoint: 5208 ns, Total: 351958 ns
[2022-05-06T04:56:33.838+0000][161][safepoint   ] Safepoint "ICBufferFull", Time since last: 1571292 ns, Reaching safepoint: 24541 ns, At safepoint: 1584 ns, Total: 26125 ns
[2022-05-06T04:56:33.840+0000][161][safepoint   ] Safepoint "ICBufferFull", Time since last: 1353500 ns, Reaching safepoint: 32458 ns, At safepoint: 1292 ns, Total: 33750 ns
[2022-05-06T04:56:33.842+0000][161][safepoint   ] Safepoint "ICBufferFull", Time since last: 1584375 ns, Reaching safepoint: 307166 ns, At safepoint: 11209 ns, Total: 318375 ns
[2022-05-06T04:56:33.843+0000][161][safepoint   ] Safepoint "ICBufferFull", Time since last: 1194000 ns, Reaching safepoint: 321041 ns, At safepoint: 4209 ns, Total: 325250 ns
[2022-05-06T04:56:33.844+0000][161][safepoint   ] Safepoint "ICBufferFull", Time since last: 1046250 ns, Reaching safepoint: 51291 ns, At safepoint: 2750 ns, Total: 54041 ns
[2022-05-06T04:56:33.846+0000][161][safepoint   ] Safepoint "ICBufferFull", Time since last: 1579292 ns, Reaching safepoint: 72625 ns, At safepoint: 3167 ns, Total: 75792 ns
[2022-05-06T04:56:33.858+0000][161][safepoint   ] Safepoint "ICBufferFull", Time since last: 11418291 ns, Reaching safepoint: 172417 ns, At safepoint: 13500 ns, Total: 185917 ns
[2022-05-06T04:56:33.860+0000][161][safepoint   ] Safepoint "ICBufferFull", Time since last: 1919375 ns, Reaching safepoint: 432125 ns, At safepoint: 19542 ns, Total: 451667 ns
[2022-05-06T04:56:33.861+0000][161][safepoint   ] Safepoint "ICBufferFull", Time since last: 1209958 ns, Reaching safepoint: 170917 ns, At safepoint: 2875 ns, Total: 173792 ns
[2022-05-06T04:56:33.862+0000][161][safepoint   ] Safepoint "ICBufferFull", Time since last: 915958 ns, Reaching safepoint: 151042 ns, At safepoint: 3291 ns, Total: 154333 ns
[2022-05-06T04:56:33.875+0000][161][safepoint   ] Safepoint "ICBufferFull", Time since last: 12571042 ns, Reaching safepoint: 66083 ns, At safepoint: 3334 ns, Total: 69417 ns
[2022-05-06T04:56:33.881+0000][161][safepoint   ] Safepoint "ICBufferFull", Time since last: 5850208 ns, Reaching safepoint: 80417 ns, At safepoint: 3958 ns, Total: 84375 ns
[2022-05-06T04:56:33.884+0000][161][safepoint   ] Safepoint "ICBufferFull", Time since last: 3112000 ns, Reaching safepoint: 135417 ns, At safepoint: 8833 ns, Total: 144250 ns
[2022-05-06T04:56:33.886+0000][161][safepoint   ] Safepoint "ICBufferFull", Time since last: 1102417 ns, Reaching safepoint: 196500 ns, At safepoint: 23958 ns, Total: 220458 ns
[2022-05-06T04:56:33.889+0000][161][safepoint   ] Safepoint "ICBufferFull", Time since last: 3235250 ns, Reaching safepoint: 115875 ns, At safepoint: 7750 ns, Total: 123625 ns
[2022-05-06T04:56:33.894+0000][161][safepoint   ] Safepoint "ICBufferFull", Time since last: 5286375 ns, Reaching safepoint: 161583 ns, At safepoint: 3167 ns, Total: 164750 ns
[2022-05-06T04:56:33.920+0000][161][safepoint   ] Safepoint "ICBufferFull", Time since last: 25545333 ns, Reaching safepoint: 109959 ns, At safepoint: 3500 ns, Total: 113459 ns
[2022-05-06T04:56:33.982+0000][161][safepoint   ] Safepoint "ICBufferFull", Time since last: 61336333 ns, Reaching safepoint: 232167 ns, At safepoint: 3333 ns, Total: 235500 ns
[2022-05-06T04:56:34.205+0000][161][safepoint   ] Safepoint "ICBufferFull", Time since last: 223366125 ns, Reaching safepoint: 158875 ns, At safepoint: 3208 ns, Total: 162083 ns
[2022-05-06T04:56:34.365+0000][161][safepoint   ] Safepoint "ICBufferFull", Time since last: 160082751 ns, Reaching safepoint: 137458 ns, At safepoint: 2583 ns, Total: 140041 ns
[2022-05-06T04:56:34.396+0000][161][gc,start    ] GC(9) Pause Young (Normal) (G1 Evacuation Pause)
[2022-05-06T04:56:34.398+0000][161][gc,task     ] GC(9) Using 5 workers of 5 for evacuation
[2022-05-06T04:56:34.399+0000][161][gc,age      ] GC(9) Desired survivor size 20971520 bytes, new threshold 15 (max threshold 15)
[2022-05-06T04:56:34.411+0000][161][gc,age      ] GC(9) Age table with threshold 15 (max threshold 15)
[2022-05-06T04:56:34.412+0000][161][gc,age      ] GC(9) - age   1:   16722240 bytes,   16722240 total
[2022-05-06T04:56:34.413+0000][161][gc,age      ] GC(9) - age   2:     327224 bytes,   17049464 total
[2022-05-06T04:56:34.414+0000][161][gc,age      ] GC(9) - age   3:    2145224 bytes,   19194688 total
[2022-05-06T04:56:34.414+0000][161][gc,age      ] GC(9) - age   4:    1310000 bytes,   20504688 total
[2022-05-06T04:56:34.415+0000][161][gc,age      ] GC(9) - age   5:    5072840 bytes,   25577528 total
[2022-05-06T04:56:34.416+0000][161][gc,age      ] GC(9) - age   6:    2234568 bytes,   27812096 total
[2022-05-06T04:56:34.417+0000][161][gc,age      ] GC(9) - age   7:     777008 bytes,   28589104 total
[2022-05-06T04:56:34.417+0000][161][gc,age      ] GC(9) - age   8:    1910328 bytes,   30499432 total
[2022-05-06T04:56:34.418+0000][161][gc,phases   ] GC(9)   Pre Evacuate Collection Set: 0.3ms
[2022-05-06T04:56:34.419+0000][161][gc,phases   ] GC(9)   Merge Heap Roots: 0.2ms
[2022-05-06T04:56:34.419+0000][161][gc,phases   ] GC(9)   Evacuate Collection Set: 8.9ms
[2022-05-06T04:56:34.420+0000][161][gc,phases   ] GC(9)   Post Evacuate Collection Set: 1.6ms
[2022-05-06T04:56:34.420+0000][161][gc,phases   ] GC(9)   Other: 10.8ms
[2022-05-06T04:56:34.421+0000][161][gc,heap     ] GC(9) Eden regions: 72->0(68)
[2022-05-06T04:56:34.422+0000][161][gc,heap     ] GC(9) Survivor regions: 4->8(10)
[2022-05-06T04:56:34.422+0000][161][gc,heap     ] GC(9) Old regions: 2->2
[2022-05-06T04:56:34.423+0000][161][gc,heap     ] GC(9) Archive regions: 2->2
[2022-05-06T04:56:34.423+0000][161][gc,heap     ] GC(9) Humongous regions: 0->0
[2022-05-06T04:56:34.424+0000][161][gc,metaspace] GC(9) Metaspace: 30519K(31488K)->30519K(31488K) NonClass: 26609K(27200K)->26609K(27200K) Class: 3909K(4288K)->3909K(4288K)
[2022-05-06T04:56:34.425+0000][161][gc          ] GC(9) Pause Young (Normal) (G1 Evacuation Pause) 310M->38M(512M) 28.286ms
[2022-05-06T04:56:34.426+0000][161][gc,cpu      ] GC(9) User=0.06s Sys=0.01s Real=0.03s
[2022-05-06T04:56:34.426+0000][161][safepoint   ] Safepoint "G1CollectForAllocation", Time since last: 30959917 ns, Reaching safepoint: 57875 ns, At safepoint: 30089500 ns, Total: 30147375 ns
[2022-05-06T04:56:34.522+0000][161][safepoint   ] Safepoint "ICBufferFull", Time since last: 95650958 ns, Reaching safepoint: 244250 ns, At safepoint: 3417 ns, Total: 247667 ns
[2022-05-06T04:56:34.697+0000][161][safepoint   ] Safepoint "ICBufferFull", Time since last: 174884250 ns, Reaching safepoint: 215125 ns, At safepoint: 3208 ns, Total: 218333 ns
[2022-05-06T04:56:34.808+0000][161][gc,start    ] GC(10) Pause Young (Concurrent Start) (Metadata GC Threshold)
[2022-05-06T04:56:34.809+0000][161][gc,task     ] GC(10) Using 5 workers of 5 for evacuation
[2022-05-06T04:56:34.810+0000][161][gc,age      ] GC(10) Desired survivor size 20971520 bytes, new threshold 5 (max threshold 15)
[2022-05-06T04:56:34.832+0000][161][gc,age      ] GC(10) Age table with threshold 5 (max threshold 15)
[2022-05-06T04:56:34.833+0000][161][gc,age      ] GC(10) - age   1:   11786872 bytes,   11786872 total
[2022-05-06T04:56:34.834+0000][161][gc,age      ] GC(10) - age   2:   16085232 bytes,   27872104 total
[2022-05-06T04:56:34.835+0000][161][gc,age      ] GC(10) - age   3:     327224 bytes,   28199328 total
[2022-05-06T04:56:34.835+0000][161][gc,age      ] GC(10) - age   4:    2144304 bytes,   30343632 total
[2022-05-06T04:56:34.836+0000][161][gc,age      ] GC(10) - age   5:    1310000 bytes,   31653632 total
[2022-05-06T04:56:34.837+0000][161][gc,phases   ] GC(10)   Pre Evacuate Collection Set: 0.2ms
[2022-05-06T04:56:34.839+0000][161][gc,phases   ] GC(10)   Merge Heap Roots: 0.2ms
[2022-05-06T04:56:34.840+0000][161][gc,phases   ] GC(10)   Evacuate Collection Set: 14.0ms
[2022-05-06T04:56:34.841+0000][161][gc,phases   ] GC(10)   Post Evacuate Collection Set: 5.6ms
[2022-05-06T04:56:34.842+0000][161][gc,phases   ] GC(10)   Other: 9.4ms
[2022-05-06T04:56:34.842+0000][161][gc,heap     ] GC(10) Eden regions: 34->0(68)
[2022-05-06T04:56:34.843+0000][161][gc,heap     ] GC(10) Survivor regions: 8->8(10)
[2022-05-06T04:56:34.844+0000][161][gc,heap     ] GC(10) Old regions: 2->4
[2022-05-06T04:56:34.844+0000][161][gc,heap     ] GC(10) Archive regions: 2->2
[2022-05-06T04:56:34.845+0000][161][gc,heap     ] GC(10) Humongous regions: 0->0
[2022-05-06T04:56:34.846+0000][161][gc,metaspace] GC(10) Metaspace: 35033K(35968K)->35033K(35968K) NonClass: 30385K(30912K)->30385K(30912K) Class: 4648K(5056K)->4648K(5056K)
[2022-05-06T04:56:34.846+0000][161][gc          ] GC(10) Pause Young (Concurrent Start) (Metadata GC Threshold) 172M->49M(512M) 38.243ms
[2022-05-06T04:56:34.847+0000][161][gc,cpu      ] GC(10) User=0.07s Sys=0.00s Real=0.04s
[2022-05-06T04:56:34.847+0000][161][gc          ] GC(11) Concurrent Mark Cycle
[2022-05-06T04:56:34.848+0000][161][gc,marking  ] GC(11) Concurrent Clear Claimed Marks
[2022-05-06T04:56:34.847+0000][161][safepoint   ] Safepoint "CollectForMetadataAllocation", Time since last: 110280625 ns, Reaching safepoint: 150542 ns, At safepoint: 39473542 ns, Total: 39624084 ns
[2022-05-06T04:56:34.849+0000][161][gc,marking  ] GC(11) Concurrent Clear Claimed Marks 0.635ms
[2022-05-06T04:56:34.850+0000][161][gc,marking  ] GC(11) Concurrent Scan Root Regions
[2022-05-06T04:56:34.859+0000][161][safepoint   ] Safepoint "CollectForMetadataAllocation", Time since last: 11349041 ns, Reaching safepoint: 121792 ns, At safepoint: 37958 ns, Total: 159750 ns
[2022-05-06T04:56:34.865+0000][161][gc,marking  ] GC(11) Concurrent Scan Root Regions 14.538ms
[2022-05-06T04:56:34.866+0000][161][gc,marking  ] GC(11) Concurrent Mark
[2022-05-06T04:56:34.867+0000][161][gc,marking  ] GC(11) Concurrent Mark From Roots
[2022-05-06T04:56:34.868+0000][161][gc,task     ] GC(11) Using 1 workers of 1 for marking
[2022-05-06T04:56:34.870+0000][161][safepoint   ] Safepoint "CollectForMetadataAllocation", Time since last: 10996667 ns, Reaching safepoint: 99667 ns, At safepoint: 50416 ns, Total: 150083 ns
[2022-05-06T04:56:34.872+0000][161][gc,marking  ] GC(11) Concurrent Mark From Roots 5.213ms
[2022-05-06T04:56:34.873+0000][161][gc,marking  ] GC(11) Concurrent Preclean
[2022-05-06T04:56:34.873+0000][161][gc,marking  ] GC(11) Concurrent Preclean 0.794ms
[2022-05-06T04:56:34.875+0000][161][gc,start    ] GC(11) Pause Remark
[2022-05-06T04:56:34.878+0000][161][gc          ] GC(11) Pause Remark 53M->53M(512M) 3.074ms
[2022-05-06T04:56:34.879+0000][161][gc,cpu      ] GC(11) User=0.01s Sys=0.00s Real=0.00s
[2022-05-06T04:56:34.879+0000][161][safepoint   ] Safepoint "G1Concurrent", Time since last: 4265500 ns, Reaching safepoint: 342417 ns, At safepoint: 4667708 ns, Total: 5010125 ns
[2022-05-06T04:56:34.880+0000][161][gc,marking  ] GC(11) Concurrent Mark 14.056ms
[2022-05-06T04:56:34.880+0000][161][gc,marking  ] GC(11) Concurrent Rebuild Remembered Sets
[2022-05-06T04:56:34.886+0000][161][gc,marking  ] GC(11) Concurrent Rebuild Remembered Sets 5.369ms
[2022-05-06T04:56:34.887+0000][161][gc,start    ] GC(11) Pause Cleanup
[2022-05-06T04:56:34.888+0000][161][gc          ] GC(11) Pause Cleanup 53M->53M(512M) 0.692ms
[2022-05-06T04:56:34.889+0000][161][gc,cpu      ] GC(11) User=0.00s Sys=0.00s Real=0.00s
[2022-05-06T04:56:34.890+0000][161][safepoint   ] Safepoint "G1Concurrent", Time since last: 7599959 ns, Reaching safepoint: 454125 ns, At safepoint: 2455500 ns, Total: 2909625 ns
[2022-05-06T04:56:34.891+0000][161][gc,marking  ] GC(11) Concurrent Cleanup for Next Mark
[2022-05-06T04:56:34.892+0000][161][gc,marking  ] GC(11) Concurrent Cleanup for Next Mark 1.189ms
[2022-05-06T04:56:34.893+0000][161][gc          ] GC(11) Concurrent Mark Cycle 45.312ms
[2022-05-06T04:56:35.014+0000][161][safepoint   ] Safepoint "ICBufferFull", Time since last: 123856000 ns, Reaching safepoint: 141250 ns, At safepoint: 11208 ns, Total: 152458 ns
[2022-05-06T04:56:35.529+0000][161][safepoint   ] Safepoint "ICBufferFull", Time since last: 514928709 ns, Reaching safepoint: 133208 ns, At safepoint: 18833 ns, Total: 152041 ns
[2022-05-06T04:56:35.624+0000][161][safepoint   ] Safepoint "ICBufferFull", Time since last: 95034334 ns, Reaching safepoint: 209791 ns, At safepoint: 4917 ns, Total: 214708 ns
[2022-05-06T04:56:35.641+0000][161][safepoint   ] Safepoint "ICBufferFull", Time since last: 16950208 ns, Reaching safepoint: 230292 ns, At safepoint: 3542 ns, Total: 233834 ns
[2022-05-06T04:56:35.803+0000][161][gc,start    ] GC(12) Pause Young (Concurrent Start) (G1 Evacuation Pause)
[2022-05-06T04:56:35.804+0000][161][gc,task     ] GC(12) Using 5 workers of 5 for evacuation
[2022-05-06T04:56:35.805+0000][161][gc,age      ] GC(12) Desired survivor size 20971520 bytes, new threshold 2 (max threshold 15)
[2022-05-06T04:56:35.825+0000][161][gc,age      ] GC(12) Age table with threshold 2 (max threshold 15)
[2022-05-06T04:56:35.826+0000][161][gc,age      ] GC(12) - age   1:    6120584 bytes,    6120584 total
[2022-05-06T04:56:35.827+0000][161][gc,age      ] GC(12) - age   2:   11635104 bytes,   17755688 total
[2022-05-06T04:56:35.829+0000][161][gc,phases   ] GC(12)   Pre Evacuate Collection Set: 0.3ms
[2022-05-06T04:56:35.830+0000][161][gc,phases   ] GC(12)   Merge Heap Roots: 0.0ms
[2022-05-06T04:56:35.831+0000][161][gc,phases   ] GC(12)   Evacuate Collection Set: 17.7ms
[2022-05-06T04:56:35.832+0000][161][gc,phases   ] GC(12)   Post Evacuate Collection Set: 1.6ms
[2022-05-06T04:56:35.833+0000][161][gc,phases   ] GC(12)   Other: 6.4ms
[2022-05-06T04:56:35.834+0000][161][gc,heap     ] GC(12) Eden regions: 68->0(71)
[2022-05-06T04:56:35.834+0000][161][gc,heap     ] GC(12) Survivor regions: 8->5(10)
[2022-05-06T04:56:35.835+0000][161][gc,heap     ] GC(12) Old regions: 4->9
[2022-05-06T04:56:35.836+0000][161][gc,heap     ] GC(12) Archive regions: 2->2
[2022-05-06T04:56:35.837+0000][161][gc,heap     ] GC(12) Humongous regions: 0->0
[2022-05-06T04:56:35.838+0000][161][gc,metaspace] GC(12) Metaspace: 52283K(53568K)->52283K(53568K) NonClass: 45189K(45952K)->45189K(45952K) Class: 7093K(7616K)->7093K(7616K)
[2022-05-06T04:56:35.839+0000][161][gc          ] GC(12) Pause Young (Concurrent Start) (G1 Evacuation Pause) 321M->56M(512M) 36.020ms
[2022-05-06T04:56:35.839+0000][161][gc,cpu      ] GC(12) User=0.09s Sys=0.00s Real=0.03s
[2022-05-06T04:56:35.844+0000][161][gc          ] GC(13) Concurrent Mark Cycle
[2022-05-06T04:56:35.845+0000][161][gc,marking  ] GC(13) Concurrent Clear Claimed Marks
[2022-05-06T04:56:35.844+0000][161][safepoint   ] Safepoint "G1CollectForAllocation", Time since last: 161111667 ns, Reaching safepoint: 184458 ns, At safepoint: 41788792 ns, Total: 41973250 ns
[2022-05-06T04:56:35.846+0000][161][gc,marking  ] GC(13) Concurrent Clear Claimed Marks 0.729ms
[2022-05-06T04:56:35.848+0000][161][gc,marking  ] GC(13) Concurrent Scan Root Regions
[2022-05-06T04:56:35.865+0000][161][gc,marking  ] GC(13) Concurrent Scan Root Regions 17.697ms
[2022-05-06T04:56:35.867+0000][161][gc,marking  ] GC(13) Concurrent Mark
[2022-05-06T04:56:35.868+0000][161][gc,marking  ] GC(13) Concurrent Mark From Roots
[2022-05-06T04:56:35.869+0000][161][gc,task     ] GC(13) Using 1 workers of 1 for marking
[2022-05-06T04:56:35.879+0000][161][gc,marking  ] GC(13) Concurrent Mark From Roots 11.133ms
[2022-05-06T04:56:35.880+0000][161][gc,marking  ] GC(13) Concurrent Preclean
[2022-05-06T04:56:35.881+0000][161][gc,marking  ] GC(13) Concurrent Preclean 1.011ms
[2022-05-06T04:56:35.883+0000][161][gc,start    ] GC(13) Pause Remark
[2022-05-06T04:56:35.887+0000][161][gc          ] GC(13) Pause Remark 74M->74M(512M) 4.543ms
[2022-05-06T04:56:35.888+0000][161][gc,cpu      ] GC(13) User=0.02s Sys=0.00s Real=0.00s
[2022-05-06T04:56:35.889+0000][161][safepoint   ] Safepoint "G1Concurrent", Time since last: 37865750 ns, Reaching safepoint: 324375 ns, At safepoint: 6802916 ns, Total: 7127291 ns
[2022-05-06T04:56:35.891+0000][161][gc,marking  ] GC(13) Concurrent Mark 24.081ms
[2022-05-06T04:56:35.892+0000][161][gc,marking  ] GC(13) Concurrent Rebuild Remembered Sets
[2022-05-06T04:56:35.907+0000][161][gc,marking  ] GC(13) Concurrent Rebuild Remembered Sets 14.887ms
[2022-05-06T04:56:35.908+0000][161][gc,start    ] GC(13) Pause Cleanup
[2022-05-06T04:56:35.910+0000][161][gc          ] GC(13) Pause Cleanup 84M->84M(512M) 1.247ms
[2022-05-06T04:56:35.910+0000][161][gc,cpu      ] GC(13) User=0.00s Sys=0.00s Real=0.00s
[2022-05-06T04:56:35.911+0000][161][safepoint   ] Safepoint "G1Concurrent", Time since last: 18823834 ns, Reaching safepoint: 235416 ns, At safepoint: 2657709 ns, Total: 2893125 ns
[2022-05-06T04:56:35.912+0000][161][gc,marking  ] GC(13) Concurrent Cleanup for Next Mark
[2022-05-06T04:56:35.913+0000][161][gc,marking  ] GC(13) Concurrent Cleanup for Next Mark 1.178ms
[2022-05-06T04:56:35.914+0000][161][gc          ] GC(13) Concurrent Mark Cycle 69.078ms
[2022-05-06T04:56:36.129+0000][161][safepoint   ] Safepoint "ICBufferFull", Time since last: 218092500 ns, Reaching safepoint: 187791 ns, At safepoint: 7625 ns, Total: 195416 ns
[2022-05-06T04:56:36.365+0000][161][safepoint   ] Safepoint "ICBufferFull", Time since last: 235289459 ns, Reaching safepoint: 439875 ns, At safepoint: 3333 ns, Total: 443208 ns
[2022-05-06T04:56:36.746+0000][161][safepoint   ] Safepoint "ICBufferFull", Time since last: 380513959 ns, Reaching safepoint: 246375 ns, At safepoint: 3875 ns, Total: 250250 ns
[2022-05-06T04:56:36.884+0000][161][safepoint   ] Safepoint "ICBufferFull", Time since last: 138057166 ns, Reaching safepoint: 186584 ns, At safepoint: 7625 ns, Total: 194209 ns
[2022-05-06T04:56:37.175+0000][161][safepoint   ] Safepoint "ICBufferFull", Time since last: 290914750 ns, Reaching safepoint: 200625 ns, At safepoint: 18083 ns, Total: 218708 ns
[2022-05-06T04:56:37.436+0000][161][safepoint   ] Safepoint "ICBufferFull", Time since last: 260620584 ns, Reaching safepoint: 368208 ns, At safepoint: 13333 ns, Total: 381541 ns
[2022-05-06T04:56:37.536+0000][161][safepoint   ] Safepoint "ICBufferFull", Time since last: 99146959 ns, Reaching safepoint: 253833 ns, At safepoint: 5083 ns, Total: 258916 ns
[2022-05-06T04:56:37.539+0000][161][gc,start    ] GC(14) Pause Young (Normal) (G1 Evacuation Pause)
[2022-05-06T04:56:37.541+0000][161][gc,task     ] GC(14) Using 5 workers of 5 for evacuation
[2022-05-06T04:56:37.542+0000][161][gc,age      ] GC(14) Desired survivor size 20971520 bytes, new threshold 15 (max threshold 15)
[2022-05-06T04:56:37.555+0000][161][gc,age      ] GC(14) Age table with threshold 15 (max threshold 15)
[2022-05-06T04:56:37.556+0000][161][gc,age      ] GC(14) - age   1:   13988680 bytes,   13988680 total
[2022-05-06T04:56:37.557+0000][161][gc,age      ] GC(14) - age   2:    5845648 bytes,   19834328 total
[2022-05-06T04:56:37.558+0000][161][gc,age      ] GC(14) - age   3:   11615056 bytes,   31449384 total
[2022-05-06T04:56:37.559+0000][161][gc,phases   ] GC(14)   Pre Evacuate Collection Set: 0.2ms
[2022-05-06T04:56:37.560+0000][161][gc,phases   ] GC(14)   Merge Heap Roots: 0.2ms
[2022-05-06T04:56:37.561+0000][161][gc,phases   ] GC(14)   Evacuate Collection Set: 10.0ms
[2022-05-06T04:56:37.561+0000][161][gc,phases   ] GC(14)   Post Evacuate Collection Set: 1.8ms
[2022-05-06T04:56:37.563+0000][161][gc,phases   ] GC(14)   Other: 7.4ms
[2022-05-06T04:56:37.563+0000][161][gc,heap     ] GC(14) Eden regions: 71->0(68)
[2022-05-06T04:56:37.564+0000][161][gc,heap     ] GC(14) Survivor regions: 5->8(10)
[2022-05-06T04:56:37.565+0000][161][gc,heap     ] GC(14) Old regions: 9->9
[2022-05-06T04:56:37.566+0000][161][gc,heap     ] GC(14) Archive regions: 2->2
[2022-05-06T04:56:37.566+0000][161][gc,heap     ] GC(14) Humongous regions: 0->0
[2022-05-06T04:56:37.568+0000][161][gc,metaspace] GC(14) Metaspace: 85859K(87296K)->85859K(87296K) NonClass: 73934K(74816K)->73934K(74816K) Class: 11925K(12480K)->11925K(12480K)
[2022-05-06T04:56:37.568+0000][161][gc          ] GC(14) Pause Young (Normal) (G1 Evacuation Pause) 340M->68M(512M) 28.837ms
[2022-05-06T04:56:37.570+0000][161][gc,cpu      ] GC(14) User=0.06s Sys=0.00s Real=0.03s
[2022-05-06T04:56:37.571+0000][161][safepoint   ] Safepoint "G1CollectForAllocation", Time since last: 3390000 ns, Reaching safepoint: 210625 ns, At safepoint: 31341292 ns, Total: 31551917 ns
[2022-05-06T04:56:37.603+0000][161][safepoint   ] Safepoint "ICBufferFull", Time since last: 32489583 ns, Reaching safepoint: 170459 ns, At safepoint: 4041 ns, Total: 174500 ns
[2022-05-06T04:56:37.653+0000][161][safepoint   ] Safepoint "ICBufferFull", Time since last: 49131584 ns, Reaching safepoint: 240791 ns, At safepoint: 14209 ns, Total: 255000 ns
[2022-05-06T04:56:37.677+0000][161][safepoint   ] Safepoint "ICBufferFull", Time since last: 23526291 ns, Reaching safepoint: 502084 ns, At safepoint: 3666 ns, Total: 505750 ns
[2022-05-06T04:56:37.692+0000][161][safepoint   ] Safepoint "ICBufferFull", Time since last: 14662667 ns, Reaching safepoint: 281042 ns, At safepoint: 14625 ns, Total: 295667 ns
[2022-05-06T04:56:38.090+0000][161][gc,start    ] GC(15) Pause Young (Concurrent Start) (Metadata GC Threshold)
[2022-05-06T04:56:38.091+0000][161][gc,task     ] GC(15) Using 5 workers of 5 for evacuation
[2022-05-06T04:56:38.092+0000][161][gc,age      ] GC(15) Desired survivor size 20971520 bytes, new threshold 3 (max threshold 15)
[2022-05-06T04:56:38.109+0000][161][gc,age      ] GC(15) Age table with threshold 3 (max threshold 15)
[2022-05-06T04:56:38.110+0000][161][gc,age      ] GC(15) - age   1:     850168 bytes,     850168 total
[2022-05-06T04:56:38.112+0000][161][gc,age      ] GC(15) - age   2:   13425400 bytes,   14275568 total
[2022-05-06T04:56:38.113+0000][161][gc,age      ] GC(15) - age   3:    5819832 bytes,   20095400 total
[2022-05-06T04:56:38.114+0000][161][gc,phases   ] GC(15)   Pre Evacuate Collection Set: 0.3ms
[2022-05-06T04:56:38.115+0000][161][gc,phases   ] GC(15)   Merge Heap Roots: 0.2ms
[2022-05-06T04:56:38.115+0000][161][gc,phases   ] GC(15)   Evacuate Collection Set: 13.6ms
[2022-05-06T04:56:38.116+0000][161][gc,phases   ] GC(15)   Post Evacuate Collection Set: 1.0ms
[2022-05-06T04:56:38.117+0000][161][gc,phases   ] GC(15)   Other: 9.4ms
[2022-05-06T04:56:38.118+0000][161][gc,heap     ] GC(15) Eden regions: 7->0(70)
[2022-05-06T04:56:38.119+0000][161][gc,heap     ] GC(15) Survivor regions: 8->6(10)
[2022-05-06T04:56:38.120+0000][161][gc,heap     ] GC(15) Old regions: 9->12
[2022-05-06T04:56:38.121+0000][161][gc,heap     ] GC(15) Archive regions: 2->2
[2022-05-06T04:56:38.122+0000][161][gc,heap     ] GC(15) Humongous regions: 0->0
[2022-05-06T04:56:38.123+0000][161][gc,metaspace] GC(15) Metaspace: 87853K(89280K)->87853K(89280K) NonClass: 75646K(76480K)->75646K(76480K) Class: 12206K(12800K)->12206K(12800K)
[2022-05-06T04:56:38.124+0000][161][gc          ] GC(15) Pause Young (Concurrent Start) (Metadata GC Threshold) 96M->71M(512M) 34.005ms
[2022-05-06T04:56:38.124+0000][161][gc,cpu      ] GC(15) User=0.06s Sys=0.00s Real=0.04s
[2022-05-06T04:56:38.125+0000][161][gc          ] GC(16) Concurrent Mark Cycle
[2022-05-06T04:56:38.126+0000][161][gc,marking  ] GC(16) Concurrent Clear Claimed Marks
[2022-05-06T04:56:38.127+0000][161][gc,marking  ] GC(16) Concurrent Clear Claimed Marks 0.952ms
[2022-05-06T04:56:38.128+0000][161][gc,marking  ] GC(16) Concurrent Scan Root Regions
[2022-05-06T04:56:38.126+0000][161][safepoint   ] Safepoint "CollectForMetadataAllocation", Time since last: 397559708 ns, Reaching safepoint: 394084 ns, At safepoint: 35932500 ns, Total: 36326584 ns
[2022-05-06T04:56:38.140+0000][161][safepoint   ] Safepoint "CollectForMetadataAllocation", Time since last: 14605458 ns, Reaching safepoint: 158708 ns, At safepoint: 15542 ns, Total: 174250 ns
[2022-05-06T04:56:38.145+0000][161][gc,marking  ] GC(16) Concurrent Scan Root Regions 16.751ms
[2022-05-06T04:56:38.146+0000][161][gc,marking  ] GC(16) Concurrent Mark
[2022-05-06T04:56:38.147+0000][161][gc,marking  ] GC(16) Concurrent Mark From Roots
[2022-05-06T04:56:38.147+0000][161][gc,task     ] GC(16) Using 1 workers of 1 for marking
[2022-05-06T04:56:38.178+0000][161][gc,marking  ] GC(16) Concurrent Mark From Roots 31.425ms
[2022-05-06T04:56:38.179+0000][161][gc,marking  ] GC(16) Concurrent Preclean
[2022-05-06T04:56:38.180+0000][161][gc,marking  ] GC(16) Concurrent Preclean 1.278ms
[2022-05-06T04:56:38.182+0000][161][gc,start    ] GC(16) Pause Remark
[2022-05-06T04:56:38.185+0000][161][gc          ] GC(16) Pause Remark 74M->74M(512M) 3.361ms
[2022-05-06T04:56:38.186+0000][161][gc,cpu      ] GC(16) User=0.01s Sys=0.00s Real=0.00s
[2022-05-06T04:56:38.187+0000][161][safepoint   ] Safepoint "G1Concurrent", Time since last: 41339250 ns, Reaching safepoint: 324917 ns, At safepoint: 5338166 ns, Total: 5663083 ns
[2022-05-06T04:56:38.188+0000][161][gc,marking  ] GC(16) Concurrent Mark 42.465ms
[2022-05-06T04:56:38.189+0000][161][gc,marking  ] GC(16) Concurrent Rebuild Remembered Sets
[2022-05-06T04:56:38.213+0000][161][gc,marking  ] GC(16) Concurrent Rebuild Remembered Sets 24.288ms
[2022-05-06T04:56:38.214+0000][161][gc,start    ] GC(16) Pause Cleanup
[2022-05-06T04:56:38.215+0000][161][gc          ] GC(16) Pause Cleanup 74M->74M(512M) 1.064ms
[2022-05-06T04:56:38.216+0000][161][gc,cpu      ] GC(16) User=0.00s Sys=0.00s Real=0.00s
[2022-05-06T04:56:38.217+0000][161][safepoint   ] Safepoint "G1Concurrent", Time since last: 26708084 ns, Reaching safepoint: 127041 ns, At safepoint: 2381750 ns, Total: 2508791 ns
[2022-05-06T04:56:38.218+0000][161][gc,marking  ] GC(16) Concurrent Cleanup for Next Mark
[2022-05-06T04:56:38.219+0000][161][gc,marking  ] GC(16) Concurrent Cleanup for Next Mark 1.475ms
[2022-05-06T04:56:38.220+0000][161][gc          ] GC(16) Concurrent Mark Cycle 94.606ms
[2022-05-06T04:56:38.615+0000][161][safepoint   ] Safepoint "ICBufferFull", Time since last: 398666459 ns, Reaching safepoint: 195083 ns, At safepoint: 8667 ns, Total: 203750 ns
[2022-05-06T04:56:38.677+0000][161][safepoint   ] Safepoint "ICBufferFull", Time since last: 61517042 ns, Reaching safepoint: 207041 ns, At safepoint: 7542 ns, Total: 214583 ns
[2022-05-06T04:56:39.090+0000][161][safepoint   ] Safepoint "ICBufferFull", Time since last: 411981042 ns, Reaching safepoint: 467708 ns, At safepoint: 23375 ns, Total: 491083 ns
[2022-05-06T04:56:39.348+0000][161][safepoint   ] Safepoint "ICBufferFull", Time since last: 257796375 ns, Reaching safepoint: 490541 ns, At safepoint: 26750 ns, Total: 517291 ns
[2022-05-06T04:56:39.516+0000][161][safepoint   ] Safepoint "ICBufferFull", Time since last: 167219709 ns, Reaching safepoint: 581666 ns, At safepoint: 15917 ns, Total: 597583 ns
[2022-05-06T04:56:39.749+0000][161][safepoint   ] Safepoint "ICBufferFull", Time since last: 232638458 ns, Reaching safepoint: 527084 ns, At safepoint: 21833 ns, Total: 548917 ns
[2022-05-06T04:56:40.117+0000][161][safepoint   ] Safepoint "ICBufferFull", Time since last: 367733750 ns, Reaching safepoint: 148959 ns, At safepoint: 4458 ns, Total: 153417 ns
[2022-05-06T04:56:40.558+0000][161][safepoint   ] Safepoint "ICBufferFull", Time since last: 440470625 ns, Reaching safepoint: 163292 ns, At safepoint: 105625 ns, Total: 268917 ns
[2022-05-06T04:56:40.606+0000][161][safepoint   ] Safepoint "ICBufferFull", Time since last: 48186625 ns, Reaching safepoint: 250167 ns, At safepoint: 25375 ns, Total: 275542 ns
[2022-05-06T04:56:40.617+0000][161][safepoint   ] Safepoint "ICBufferFull", Time since last: 11000791 ns, Reaching safepoint: 155750 ns, At safepoint: 18375 ns, Total: 174125 ns
[2022-05-06T04:56:40.664+0000][161][gc,start    ] GC(17) Pause Young (Normal) (G1 Evacuation Pause)
[2022-05-06T04:56:40.665+0000][161][gc,task     ] GC(17) Using 5 workers of 5 for evacuation
[2022-05-06T04:56:40.665+0000][161][gc,age      ] GC(17) Desired survivor size 20971520 bytes, new threshold 15 (max threshold 15)
[2022-05-06T04:56:40.678+0000][161][gc,age      ] GC(17) Age table with threshold 15 (max threshold 15)
[2022-05-06T04:56:40.679+0000][161][gc,age      ] GC(17) - age   1:    8553200 bytes,    8553200 total
[2022-05-06T04:56:40.680+0000][161][gc,age      ] GC(17) - age   2:     578040 bytes,    9131240 total
[2022-05-06T04:56:40.681+0000][161][gc,age      ] GC(17) - age   3:   13303160 bytes,   22434400 total
[2022-05-06T04:56:40.682+0000][161][gc,age      ] GC(17) - age   4:    5723808 bytes,   28158208 total
[2022-05-06T04:56:40.683+0000][161][gc,phases   ] GC(17)   Pre Evacuate Collection Set: 0.1ms
[2022-05-06T04:56:40.684+0000][161][gc,phases   ] GC(17)   Merge Heap Roots: 0.1ms
[2022-05-06T04:56:40.684+0000][161][gc,phases   ] GC(17)   Evacuate Collection Set: 10.7ms
[2022-05-06T04:56:40.685+0000][161][gc,phases   ] GC(17)   Post Evacuate Collection Set: 1.2ms
[2022-05-06T04:56:40.685+0000][161][gc,phases   ] GC(17)   Other: 7.1ms
[2022-05-06T04:56:40.686+0000][161][gc,heap     ] GC(17) Eden regions: 70->0(68)
[2022-05-06T04:56:40.687+0000][161][gc,heap     ] GC(17) Survivor regions: 6->8(10)
[2022-05-06T04:56:40.688+0000][161][gc,heap     ] GC(17) Old regions: 12->12
[2022-05-06T04:56:40.689+0000][161][gc,heap     ] GC(17) Archive regions: 2->2
[2022-05-06T04:56:40.690+0000][161][gc,heap     ] GC(17) Humongous regions: 6->6
[2022-05-06T04:56:40.691+0000][161][gc,metaspace] GC(17) Metaspace: 97376K(98816K)->97376K(98816K) NonClass: 83757K(84608K)->83757K(84608K) Class: 13618K(14208K)->13618K(14208K)
[2022-05-06T04:56:40.691+0000][161][gc          ] GC(17) Pause Young (Normal) (G1 Evacuation Pause) 375M->101M(512M) 27.384ms
[2022-05-06T04:56:40.692+0000][161][gc,cpu      ] GC(17) User=0.05s Sys=0.01s Real=0.03s
[2022-05-06T04:56:40.693+0000][161][safepoint   ] Safepoint "G1CollectForAllocation", Time since last: 46092250 ns, Reaching safepoint: 435625 ns, At safepoint: 29336625 ns, Total: 29772250 ns
[2022-05-06T04:56:40.843+0000][161][safepoint   ] Safepoint "ICBufferFull", Time since last: 149571834 ns, Reaching safepoint: 231333 ns, At safepoint: 16083 ns, Total: 247416 ns
[2022-05-06T04:56:41.559+0000][161][safepoint   ] Safepoint "ICBufferFull", Time since last: 715987792 ns, Reaching safepoint: 200000 ns, At safepoint: 13000 ns, Total: 213000 ns
[2022-05-06T04:56:41.567+0000][161][safepoint   ] Safepoint "ICBufferFull", Time since last: 7821084 ns, Reaching safepoint: 244208 ns, At safepoint: 92625 ns, Total: 336833 ns
[2022-05-06T04:56:42.317+0000][161][safepoint   ] Safepoint "ICBufferFull", Time since last: 743867000 ns, Reaching safepoint: 5334542 ns, At safepoint: 179500 ns, Total: 5514042 ns
[2022-05-06T04:56:42.840+0000][161][safepoint   ] Safepoint "ICBufferFull", Time since last: 522832959 ns, Reaching safepoint: 460875 ns, At safepoint: 25333 ns, Total: 486208 ns
[2022-05-06T04:56:43.234+0000][161][safepoint   ] Safepoint "ICBufferFull", Time since last: 393422167 ns, Reaching safepoint: 552750 ns, At safepoint: 162041 ns, Total: 714791 ns
[2022-05-06T04:56:44.543+0000][161][safepoint   ] Safepoint "Cleanup", Time since last: 1308509709 ns, Reaching safepoint: 519292 ns, At safepoint: 17333 ns, Total: 536625 ns
[2022-05-06T04:56:45.545+0000][161][safepoint   ] Safepoint "Cleanup", Time since last: 1001944876 ns, Reaching safepoint: 215167 ns, At safepoint: 9458 ns, Total: 224625 ns
[2022-05-06T04:56:46.556+0000][161][safepoint   ] Safepoint "Cleanup", Time since last: 1005309584 ns, Reaching safepoint: 5573208 ns, At safepoint: 21167 ns, Total: 5594375 ns
[2022-05-06T04:56:47.090+0000][161][gc,start    ] GC(18) Pause Young (Normal) (G1 Evacuation Pause)
[2022-05-06T04:56:47.091+0000][161][gc,task     ] GC(18) Using 5 workers of 5 for evacuation
[2022-05-06T04:56:47.092+0000][161][gc,age      ] GC(18) Desired survivor size 20971520 bytes, new threshold 3 (max threshold 15)
[2022-05-06T04:56:47.106+0000][161][gc,age      ] GC(18) Age table with threshold 3 (max threshold 15)
[2022-05-06T04:56:47.107+0000][161][gc,age      ] GC(18) - age   1:    4783208 bytes,    4783208 total
[2022-05-06T04:56:47.107+0000][161][gc,age      ] GC(18) - age   2:    7423592 bytes,   12206800 total
[2022-05-06T04:56:47.108+0000][161][gc,age      ] GC(18) - age   3:     577288 bytes,   12784088 total
[2022-05-06T04:56:47.109+0000][161][gc,phases   ] GC(18)   Pre Evacuate Collection Set: 0.1ms
[2022-05-06T04:56:47.111+0000][161][gc,phases   ] GC(18)   Merge Heap Roots: 0.2ms
[2022-05-06T04:56:47.112+0000][161][gc,phases   ] GC(18)   Evacuate Collection Set: 10.9ms
[2022-05-06T04:56:47.113+0000][161][gc,phases   ] GC(18)   Post Evacuate Collection Set: 1.4ms
[2022-05-06T04:56:47.114+0000][161][gc,phases   ] GC(18)   Other: 6.7ms
[2022-05-06T04:56:47.114+0000][161][gc,heap     ] GC(18) Eden regions: 68->0(72)
[2022-05-06T04:56:47.115+0000][161][gc,heap     ] GC(18) Survivor regions: 8->4(10)
[2022-05-06T04:56:47.116+0000][161][gc,heap     ] GC(18) Old regions: 12->16
[2022-05-06T04:56:47.117+0000][161][gc,heap     ] GC(18) Archive regions: 2->2
[2022-05-06T04:56:47.118+0000][161][gc,heap     ] GC(18) Humongous regions: 6->6
[2022-05-06T04:56:47.118+0000][161][gc,metaspace] GC(18) Metaspace: 101252K(102720K)->101252K(102720K) NonClass: 87109K(88000K)->87109K(88000K) Class: 14142K(14720K)->14142K(14720K)
[2022-05-06T04:56:47.119+0000][161][gc          ] GC(18) Pause Young (Normal) (G1 Evacuation Pause) 373M->106M(512M) 29.279ms
[2022-05-06T04:56:47.120+0000][161][gc,cpu      ] GC(18) User=0.08s Sys=0.00s Real=0.03s
[2022-05-06T04:56:47.121+0000][161][safepoint   ] Safepoint "G1CollectForAllocation", Time since last: 533351333 ns, Reaching safepoint: 182042 ns, At safepoint: 30690375 ns, Total: 30872417 ns
[2022-05-06T04:56:48.123+0000][161][safepoint   ] Safepoint "Cleanup", Time since last: 1001722834 ns, Reaching safepoint: 271791 ns, At safepoint: 4834 ns, Total: 276625 ns
[2022-05-06T04:56:49.123+0000][161][safepoint   ] Safepoint "Cleanup", Time since last: 1000869750 ns, Reaching safepoint: 88834 ns, At safepoint: 4833 ns, Total: 93667 ns
[2022-05-06T04:56:50.870+0000][161][safepoint   ] Safepoint "Cleanup", Time since last: 1746567584 ns, Reaching safepoint: 39708 ns, At safepoint: 1584 ns, Total: 41292 ns
[2022-05-06T04:56:50.914+0000][161][safepoint   ] Safepoint "ICBufferFull", Time since last: 43825041 ns, Reaching safepoint: 153792 ns, At safepoint: 9875 ns, Total: 163667 ns
[2022-05-06T04:56:50.990+0000][161][safepoint   ] Safepoint "ICBufferFull", Time since last: 75838459 ns, Reaching safepoint: 275500 ns, At safepoint: 17833 ns, Total: 293333 ns
[2022-05-06T04:56:51.234+0000][161][safepoint   ] Safepoint "ICBufferFull", Time since last: 243151375 ns, Reaching safepoint: 181083 ns, At safepoint: 4459 ns, Total: 185542 ns
[2022-05-06T04:56:51.421+0000][161][safepoint   ] Safepoint "ICBufferFull", Time since last: 187444333 ns, Reaching safepoint: 159167 ns, At safepoint: 14208 ns, Total: 173375 ns
[2022-05-06T04:56:51.571+0000][161][safepoint   ] Safepoint "ICBufferFull", Time since last: 149514000 ns, Reaching safepoint: 155042 ns, At safepoint: 10333 ns, Total: 165375 ns
[2022-05-06T04:56:51.572+0000][161][safepoint   ] Safepoint "ICBufferFull", Time since last: 1157875 ns, Reaching safepoint: 68583 ns, At safepoint: 2917 ns, Total: 71500 ns
[2022-05-06T04:56:51.640+0000][161][gc,start    ] GC(19) Pause Young (Normal) (G1 Evacuation Pause)
[2022-05-06T04:56:51.641+0000][161][gc,task     ] GC(19) Using 5 workers of 5 for evacuation
[2022-05-06T04:56:51.642+0000][161][gc,age      ] GC(19) Desired survivor size 20971520 bytes, new threshold 15 (max threshold 15)
[2022-05-06T04:56:51.649+0000][161][gc,age      ] GC(19) Age table with threshold 15 (max threshold 15)
[2022-05-06T04:56:51.650+0000][161][gc,age      ] GC(19) - age   1:   10050744 bytes,   10050744 total
[2022-05-06T04:56:51.651+0000][161][gc,age      ] GC(19) - age   2:    3751840 bytes,   13802584 total
[2022-05-06T04:56:51.652+0000][161][gc,age      ] GC(19) - age   3:    7377480 bytes,   21180064 total
[2022-05-06T04:56:51.652+0000][161][gc,age      ] GC(19) - age   4:     576880 bytes,   21756944 total
[2022-05-06T04:56:51.653+0000][161][gc,phases   ] GC(19)   Pre Evacuate Collection Set: 0.1ms
[2022-05-06T04:56:51.653+0000][161][gc,phases   ] GC(19)   Merge Heap Roots: 0.0ms
[2022-05-06T04:56:51.654+0000][161][gc,phases   ] GC(19)   Evacuate Collection Set: 5.9ms
[2022-05-06T04:56:51.655+0000][161][gc,phases   ] GC(19)   Post Evacuate Collection Set: 0.9ms
[2022-05-06T04:56:51.656+0000][161][gc,phases   ] GC(19)   Other: 5.8ms
[2022-05-06T04:56:51.656+0000][161][gc,heap     ] GC(19) Eden regions: 72->0(70)
[2022-05-06T04:56:51.657+0000][161][gc,heap     ] GC(19) Survivor regions: 4->6(10)
[2022-05-06T04:56:51.658+0000][161][gc,heap     ] GC(19) Old regions: 16->16
[2022-05-06T04:56:51.658+0000][161][gc,heap     ] GC(19) Archive regions: 2->2
[2022-05-06T04:56:51.659+0000][161][gc,heap     ] GC(19) Humongous regions: 6->6
[2022-05-06T04:56:51.659+0000][161][gc,metaspace] GC(19) Metaspace: 102686K(104192K)->102686K(104192K) NonClass: 88489K(89408K)->88489K(89408K) Class: 14196K(14784K)->14196K(14784K)
[2022-05-06T04:56:51.660+0000][161][gc          ] GC(19) Pause Young (Normal) (G1 Evacuation Pause) 394M->112M(512M) 19.775ms
[2022-05-06T04:56:51.661+0000][161][gc,cpu      ] GC(19) User=0.03s Sys=0.00s Real=0.03s
[2022-05-06T04:56:51.661+0000][161][safepoint   ] Safepoint "G1CollectForAllocation", Time since last: 68053083 ns, Reaching safepoint: 128875 ns, At safepoint: 21125584 ns, Total: 21254459 ns
[2022-05-06T04:56:52.035+0000][161][safepoint   ] Safepoint "ICBufferFull", Time since last: 373610583 ns, Reaching safepoint: 137709 ns, At safepoint: 5833 ns, Total: 143542 ns
[2022-05-06T04:56:52.294+0000][161][safepoint   ] Safepoint "ICBufferFull", Time since last: 254631375 ns, Reaching safepoint: 3967125 ns, At safepoint: 26333 ns, Total: 3993458 ns
[2022-05-06T04:56:52.597+0000][161][safepoint   ] Safepoint "ICBufferFull", Time since last: 303398751 ns, Reaching safepoint: 189708 ns, At safepoint: 16750 ns, Total: 206458 ns
[2022-05-06T04:56:52.665+0000][161][safepoint   ] Safepoint "ICBufferFull", Time since last: 67662417 ns, Reaching safepoint: 170375 ns, At safepoint: 5416 ns, Total: 175791 ns
[2022-05-06T04:56:52.936+0000][161][safepoint   ] Safepoint "ICBufferFull", Time since last: 270518584 ns, Reaching safepoint: 193583 ns, At safepoint: 8000 ns, Total: 201583 ns
[2022-05-06T04:56:53.061+0000][161][safepoint   ] Safepoint "ICBufferFull", Time since last: 125226750 ns, Reaching safepoint: 156625 ns, At safepoint: 4083 ns, Total: 160708 ns
[2022-05-06T04:56:53.321+0000][161][gc,start    ] GC(20) Pause Young (Normal) (G1 Evacuation Pause)
[2022-05-06T04:56:53.322+0000][161][gc,task     ] GC(20) Using 5 workers of 5 for evacuation
[2022-05-06T04:56:53.323+0000][161][gc,age      ] GC(20) Desired survivor size 20971520 bytes, new threshold 3 (max threshold 15)
[2022-05-06T04:56:53.329+0000][161][gc,age      ] GC(20) Age table with threshold 3 (max threshold 15)
[2022-05-06T04:56:53.330+0000][161][gc,age      ] GC(20) - age   1:   17149040 bytes,   17149040 total
[2022-05-06T04:56:53.331+0000][161][gc,age      ] GC(20) - age   2:    3325000 bytes,   20474040 total
[2022-05-06T04:56:53.332+0000][161][gc,age      ] GC(20) - age   3:    3742504 bytes,   24216544 total
[2022-05-06T04:56:53.333+0000][161][gc,phases   ] GC(20)   Pre Evacuate Collection Set: 0.2ms
[2022-05-06T04:56:53.333+0000][161][gc,phases   ] GC(20)   Merge Heap Roots: 0.1ms
[2022-05-06T04:56:53.334+0000][161][gc,phases   ] GC(20)   Evacuate Collection Set: 4.8ms
[2022-05-06T04:56:53.334+0000][161][gc,phases   ] GC(20)   Post Evacuate Collection Set: 0.7ms
[2022-05-06T04:56:53.335+0000][161][gc,phases   ] GC(20)   Other: 6.1ms
[2022-05-06T04:56:53.336+0000][161][gc,heap     ] GC(20) Eden regions: 70->0(65)
[2022-05-06T04:56:53.336+0000][161][gc,heap     ] GC(20) Survivor regions: 6->7(10)
[2022-05-06T04:56:53.337+0000][161][gc,heap     ] GC(20) Old regions: 16->18
[2022-05-06T04:56:53.338+0000][161][gc,heap     ] GC(20) Archive regions: 2->2
[2022-05-06T04:56:53.338+0000][161][gc,heap     ] GC(20) Humongous regions: 7->7
[2022-05-06T04:56:53.339+0000][161][gc,metaspace] GC(20) Metaspace: 103116K(104576K)->103116K(104576K) NonClass: 88888K(89792K)->88888K(89792K) Class: 14227K(14784K)->14227K(14784K)
[2022-05-06T04:56:53.339+0000][161][gc          ] GC(20) Pause Young (Normal) (G1 Evacuation Pause) 396M->127M(512M) 18.709ms
[2022-05-06T04:56:53.340+0000][161][gc,cpu      ] GC(20) User=0.02s Sys=0.00s Real=0.01s
[2022-05-06T04:56:53.341+0000][161][safepoint   ] Safepoint "G1CollectForAllocation", Time since last: 259179292 ns, Reaching safepoint: 219334 ns, At safepoint: 20450791 ns, Total: 20670125 ns
[2022-05-06T04:56:53.542+0000][161][safepoint   ] Safepoint "ICBufferFull", Time since last: 200228042 ns, Reaching safepoint: 305500 ns, At safepoint: 104500 ns, Total: 410000 ns
[2022-05-06T04:56:54.103+0000][161][safepoint   ] Safepoint "ICBufferFull", Time since last: 560834584 ns, Reaching safepoint: 244458 ns, At safepoint: 220208 ns, Total: 464666 ns
[2022-05-06T04:56:54.111+0000][161][safepoint   ] Safepoint "ICBufferFull", Time since last: 7635375 ns, Reaching safepoint: 430667 ns, At safepoint: 28250 ns, Total: 458917 ns
[2022-05-06T04:56:54.316+0000][161][gc,start    ] GC(21) Pause Young (Normal) (G1 Evacuation Pause)
[2022-05-06T04:56:54.317+0000][161][gc,task     ] GC(21) Using 5 workers of 5 for evacuation
[2022-05-06T04:56:54.318+0000][161][gc,age      ] GC(21) Desired survivor size 18874368 bytes, new threshold 2 (max threshold 15)
[2022-05-06T04:56:54.325+0000][161][gc,age      ] GC(21) Age table with threshold 2 (max threshold 15)
[2022-05-06T04:56:54.325+0000][161][gc,age      ] GC(21) - age   1:   12902168 bytes,   12902168 total
[2022-05-06T04:56:54.327+0000][161][gc,age      ] GC(21) - age   2:   14957592 bytes,   27859760 total
[2022-05-06T04:56:54.327+0000][161][gc,phases   ] GC(21)   Pre Evacuate Collection Set: 0.1ms
[2022-05-06T04:56:54.328+0000][161][gc,phases   ] GC(21)   Merge Heap Roots: 0.0ms
[2022-05-06T04:56:54.329+0000][161][gc,phases   ] GC(21)   Evacuate Collection Set: 5.3ms
[2022-05-06T04:56:54.329+0000][161][gc,phases   ] GC(21)   Post Evacuate Collection Set: 0.8ms
[2022-05-06T04:56:54.330+0000][161][gc,phases   ] GC(21)   Other: 5.0ms
[2022-05-06T04:56:54.331+0000][161][gc,heap     ] GC(21) Eden regions: 65->0(63)
[2022-05-06T04:56:54.331+0000][161][gc,heap     ] GC(21) Survivor regions: 7->7(9)
[2022-05-06T04:56:54.332+0000][161][gc,heap     ] GC(21) Old regions: 18->20
[2022-05-06T04:56:54.332+0000][161][gc,heap     ] GC(21) Archive regions: 2->2
[2022-05-06T04:56:54.333+0000][161][gc,heap     ] GC(21) Humongous regions: 7->7
[2022-05-06T04:56:54.334+0000][161][gc,metaspace] GC(21) Metaspace: 103225K(104640K)->103225K(104640K) NonClass: 88997K(89856K)->88997K(89856K) Class: 14228K(14784K)->14228K(14784K)
[2022-05-06T04:56:54.335+0000][161][gc          ] GC(21) Pause Young (Normal) (G1 Evacuation Pause) 387M->137M(512M) 18.469ms
[2022-05-06T04:56:54.335+0000][161][gc,cpu      ] GC(21) User=0.02s Sys=0.01s Real=0.02s
[2022-05-06T04:56:54.336+0000][161][safepoint   ] Safepoint "G1CollectForAllocation", Time since last: 204699958 ns, Reaching safepoint: 258042 ns, At safepoint: 19576042 ns, Total: 19834084 ns
[2022-05-06T04:56:55.337+0000][161][safepoint   ] Safepoint "Cleanup", Time since last: 1000582750 ns, Reaching safepoint: 371834 ns, At safepoint: 12750 ns, Total: 384584 ns
[2022-05-06T04:56:55.747+0000][161][gc,start    ] GC(22) Pause Young (Normal) (G1 Evacuation Pause)
[2022-05-06T04:56:55.748+0000][161][gc,task     ] GC(22) Using 5 workers of 5 for evacuation
[2022-05-06T04:56:55.748+0000][161][gc,age      ] GC(22) Desired survivor size 18874368 bytes, new threshold 2 (max threshold 15)
[2022-05-06T04:56:55.753+0000][161][gc,age      ] GC(22) Age table with threshold 2 (max threshold 15)
[2022-05-06T04:56:55.754+0000][161][gc,age      ] GC(22) - age   1:   15825192 bytes,   15825192 total
[2022-05-06T04:56:55.754+0000][161][gc,age      ] GC(22) - age   2:    6437600 bytes,   22262792 total
[2022-05-06T04:56:55.755+0000][161][gc,phases   ] GC(22)   Pre Evacuate Collection Set: 0.1ms
[2022-05-06T04:56:55.756+0000][161][gc,phases   ] GC(22)   Merge Heap Roots: 0.1ms
[2022-05-06T04:56:55.756+0000][161][gc,phases   ] GC(22)   Evacuate Collection Set: 2.6ms
[2022-05-06T04:56:55.757+0000][161][gc,phases   ] GC(22)   Post Evacuate Collection Set: 1.1ms
[2022-05-06T04:56:55.758+0000][161][gc,phases   ] GC(22)   Other: 4.1ms
[2022-05-06T04:56:55.758+0000][161][gc,heap     ] GC(22) Eden regions: 63->0(58)
[2022-05-06T04:56:55.759+0000][161][gc,heap     ] GC(22) Survivor regions: 7->6(9)
[2022-05-06T04:56:55.760+0000][161][gc,heap     ] GC(22) Old regions: 20->24
[2022-05-06T04:56:55.761+0000][161][gc,heap     ] GC(22) Archive regions: 2->2
[2022-05-06T04:56:55.761+0000][161][gc,heap     ] GC(22) Humongous regions: 8->8
[2022-05-06T04:56:55.762+0000][161][gc,metaspace] GC(22) Metaspace: 103240K(104640K)->103240K(104640K) NonClass: 89011K(89856K)->89011K(89856K) Class: 14228K(14784K)->14228K(14784K)
[2022-05-06T04:56:55.763+0000][161][gc          ] GC(22) Pause Young (Normal) (G1 Evacuation Pause) 393M->151M(512M) 15.604ms
[2022-05-06T04:56:55.763+0000][161][gc,cpu      ] GC(22) User=0.01s Sys=0.00s Real=0.02s
[2022-05-06T04:56:55.764+0000][161][safepoint   ] Safepoint "G1CollectForAllocation", Time since last: 410039375 ns, Reaching safepoint: 179291 ns, At safepoint: 16874084 ns, Total: 17053375 ns
[2022-05-06T04:56:56.326+0000][161][safepoint   ] Safepoint "ICBufferFull", Time since last: 561664042 ns, Reaching safepoint: 173416 ns, At safepoint: 4459 ns, Total: 177875 ns
[2022-05-06T04:56:56.797+0000][161][safepoint   ] Safepoint "ICBufferFull", Time since last: 470726417 ns, Reaching safepoint: 181208 ns, At safepoint: 43167 ns, Total: 224375 ns
[2022-05-06T04:56:57.197+0000][161][gc,start    ] GC(23) Pause Young (Normal) (G1 Evacuation Pause)
[2022-05-06T04:56:57.198+0000][161][gc,task     ] GC(23) Using 5 workers of 5 for evacuation
[2022-05-06T04:56:57.199+0000][161][gc,age      ] GC(23) Desired survivor size 16777216 bytes, new threshold 2 (max threshold 15)
[2022-05-06T04:56:57.204+0000][161][gc,age      ] GC(23) Age table with threshold 2 (max threshold 15)
[2022-05-06T04:56:57.205+0000][161][gc,age      ] GC(23) - age   1:   18256992 bytes,   18256992 total
[2022-05-06T04:56:57.206+0000][161][gc,age      ] GC(23) - age   2:    7768136 bytes,   26025128 total
[2022-05-06T04:56:57.207+0000][161][gc,phases   ] GC(23)   Pre Evacuate Collection Set: 0.3ms
[2022-05-06T04:56:57.208+0000][161][gc,phases   ] GC(23)   Merge Heap Roots: 0.1ms
[2022-05-06T04:56:57.208+0000][161][gc,phases   ] GC(23)   Evacuate Collection Set: 2.3ms
[2022-05-06T04:56:57.209+0000][161][gc,phases   ] GC(23)   Post Evacuate Collection Set: 0.8ms
[2022-05-06T04:56:57.210+0000][161][gc,phases   ] GC(23)   Other: 6.8ms
[2022-05-06T04:56:57.211+0000][161][gc,heap     ] GC(23) Eden regions: 58->0(55)
[2022-05-06T04:56:57.212+0000][161][gc,heap     ] GC(23) Survivor regions: 6->7(8)
[2022-05-06T04:56:57.213+0000][161][gc,heap     ] GC(23) Old regions: 24->25
[2022-05-06T04:56:57.213+0000][161][gc,heap     ] GC(23) Archive regions: 2->2
[2022-05-06T04:56:57.214+0000][161][gc,heap     ] GC(23) Humongous regions: 8->8
[2022-05-06T04:56:57.214+0000][161][gc,metaspace] GC(23) Metaspace: 103281K(104768K)->103281K(104768K) NonClass: 89051K(89984K)->89051K(89984K) Class: 14229K(14784K)->14229K(14784K)
[2022-05-06T04:56:57.215+0000][161][gc          ] GC(23) Pause Young (Normal) (G1 Evacuation Pause) 383M->161M(512M) 18.155ms
[2022-05-06T04:56:57.216+0000][161][gc,cpu      ] GC(23) User=0.01s Sys=0.00s Real=0.02s
[2022-05-06T04:56:57.217+0000][161][safepoint   ] Safepoint "G1CollectForAllocation", Time since last: 400233416 ns, Reaching safepoint: 157834 ns, At safepoint: 19794250 ns, Total: 19952084 ns
[2022-05-06T04:56:58.097+0000][161][safepoint   ] Safepoint "ICBufferFull", Time since last: 879759792 ns, Reaching safepoint: 147708 ns, At safepoint: 10042 ns, Total: 157750 ns
[2022-05-06T04:56:58.199+0000][161][gc,start    ] GC(24) Pause Young (Normal) (G1 Evacuation Pause)
[2022-05-06T04:56:58.199+0000][161][gc,task     ] GC(24) Using 5 workers of 5 for evacuation
[2022-05-06T04:56:58.200+0000][161][gc,age      ] GC(24) Desired survivor size 16777216 bytes, new threshold 1 (max threshold 15)
[2022-05-06T04:56:58.204+0000][161][gc,age      ] GC(24) Age table with threshold 1 (max threshold 15)
[2022-05-06T04:56:58.205+0000][161][gc,age      ] GC(24) - age   1:   12565056 bytes,   12565056 total
[2022-05-06T04:56:58.206+0000][161][gc,phases   ] GC(24)   Pre Evacuate Collection Set: 0.1ms
[2022-05-06T04:56:58.207+0000][161][gc,phases   ] GC(24)   Merge Heap Roots: 0.1ms
[2022-05-06T04:56:58.208+0000][161][gc,phases   ] GC(24)   Evacuate Collection Set: 2.4ms
[2022-05-06T04:56:58.209+0000][161][gc,phases   ] GC(24)   Post Evacuate Collection Set: 0.6ms
[2022-05-06T04:56:58.209+0000][161][gc,phases   ] GC(24)   Other: 4.3ms
[2022-05-06T04:56:58.210+0000][161][gc,heap     ] GC(24) Eden regions: 55->0(52)
[2022-05-06T04:56:58.211+0000][161][gc,heap     ] GC(24) Survivor regions: 7->4(8)
[2022-05-06T04:56:58.211+0000][161][gc,heap     ] GC(24) Old regions: 25->31
[2022-05-06T04:56:58.212+0000][161][gc,heap     ] GC(24) Archive regions: 2->2
[2022-05-06T04:56:58.213+0000][161][gc,heap     ] GC(24) Humongous regions: 8->8
[2022-05-06T04:56:58.214+0000][161][gc,metaspace] GC(24) Metaspace: 103319K(104768K)->103319K(104768K) NonClass: 89090K(89984K)->89090K(89984K) Class: 14229K(14784K)->14229K(14784K)
[2022-05-06T04:56:58.214+0000][161][gc          ] GC(24) Pause Young (Normal) (G1 Evacuation Pause) 381M->171M(512M) 15.684ms
[2022-05-06T04:56:58.215+0000][161][gc,cpu      ] GC(24) User=0.02s Sys=0.00s Real=0.02s
[2022-05-06T04:56:58.215+0000][161][safepoint   ] Safepoint "G1CollectForAllocation", Time since last: 101841042 ns, Reaching safepoint: 128041 ns, At safepoint: 16846917 ns, Total: 16974958 ns
[2022-05-06T04:56:59.055+0000][161][gc,start    ] GC(25) Pause Young (Concurrent Start) (G1 Evacuation Pause)
[2022-05-06T04:56:59.056+0000][161][gc,task     ] GC(25) Using 5 workers of 5 for evacuation
[2022-05-06T04:56:59.056+0000][161][gc,age      ] GC(25) Desired survivor size 14680064 bytes, new threshold 15 (max threshold 15)
[2022-05-06T04:56:59.059+0000][161][gc,age      ] GC(25) Age table with threshold 15 (max threshold 15)
[2022-05-06T04:56:59.060+0000][161][gc,age      ] GC(25) - age   1:   10062464 bytes,   10062464 total
[2022-05-06T04:56:59.061+0000][161][gc,age      ] GC(25) - age   2:    8147664 bytes,   18210128 total
[2022-05-06T04:56:59.062+0000][161][gc,phases   ] GC(25)   Pre Evacuate Collection Set: 0.2ms
[2022-05-06T04:56:59.062+0000][161][gc,phases   ] GC(25)   Merge Heap Roots: 0.2ms
[2022-05-06T04:56:59.063+0000][161][gc,phases   ] GC(25)   Evacuate Collection Set: 1.5ms
[2022-05-06T04:56:59.063+0000][161][gc,phases   ] GC(25)   Post Evacuate Collection Set: 0.7ms
[2022-05-06T04:56:59.064+0000][161][gc,phases   ] GC(25)   Other: 3.8ms
[2022-05-06T04:56:59.064+0000][161][gc,heap     ] GC(25) Eden regions: 52->0(51)
[2022-05-06T04:56:59.065+0000][161][gc,heap     ] GC(25) Survivor regions: 4->5(7)
[2022-05-06T04:56:59.066+0000][161][gc,heap     ] GC(25) Old regions: 31->31
[2022-05-06T04:56:59.066+0000][161][gc,heap     ] GC(25) Archive regions: 2->2
[2022-05-06T04:56:59.067+0000][161][gc,heap     ] GC(25) Humongous regions: 8->8
[2022-05-06T04:56:59.068+0000][161][gc,metaspace] GC(25) Metaspace: 103336K(104768K)->103336K(104768K) NonClass: 89106K(89984K)->89106K(89984K) Class: 14229K(14784K)->14229K(14784K)
[2022-05-06T04:56:59.068+0000][161][gc          ] GC(25) Pause Young (Concurrent Start) (G1 Evacuation Pause) 379M->178M(512M) 12.725ms
[2022-05-06T04:56:59.069+0000][161][gc,cpu      ] GC(25) User=0.01s Sys=0.00s Real=0.01s
[2022-05-06T04:56:59.069+0000][161][safepoint   ] Safepoint "G1CollectForAllocation", Time since last: 839659125 ns, Reaching safepoint: 202084 ns, At safepoint: 13934416 ns, Total: 14136500 ns
[2022-05-06T04:56:59.069+0000][161][gc          ] GC(26) Concurrent Mark Cycle
[2022-05-06T04:56:59.070+0000][161][gc,marking  ] GC(26) Concurrent Clear Claimed Marks
[2022-05-06T04:56:59.072+0000][161][gc,marking  ] GC(26) Concurrent Clear Claimed Marks 1.225ms
[2022-05-06T04:56:59.072+0000][161][gc,marking  ] GC(26) Concurrent Scan Root Regions
[2022-05-06T04:56:59.074+0000][161][gc,marking  ] GC(26) Concurrent Scan Root Regions 1.946ms
[2022-05-06T04:56:59.075+0000][161][gc,marking  ] GC(26) Concurrent Mark
[2022-05-06T04:56:59.076+0000][161][gc,marking  ] GC(26) Concurrent Mark From Roots
[2022-05-06T04:56:59.077+0000][161][gc,task     ] GC(26) Using 1 workers of 1 for marking
[2022-05-06T04:56:59.151+0000][161][gc,marking  ] GC(26) Concurrent Mark From Roots 75.386ms
[2022-05-06T04:56:59.152+0000][161][gc,marking  ] GC(26) Concurrent Preclean
[2022-05-06T04:56:59.154+0000][161][gc,marking  ] GC(26) Concurrent Preclean 2.652ms
[2022-05-06T04:56:59.156+0000][161][gc,start    ] GC(26) Pause Remark
[2022-05-06T04:56:59.166+0000][161][gc          ] GC(26) Pause Remark 206M->202M(512M) 10.094ms
[2022-05-06T04:56:59.167+0000][161][gc,cpu      ] GC(26) User=0.03s Sys=0.00s Real=0.01s
[2022-05-06T04:56:59.168+0000][161][safepoint   ] Safepoint "G1Concurrent", Time since last: 86219125 ns, Reaching safepoint: 181000 ns, At safepoint: 12031709 ns, Total: 12212709 ns
[2022-05-06T04:56:59.170+0000][161][gc,marking  ] GC(26) Concurrent Mark 95.367ms
[2022-05-06T04:56:59.171+0000][161][gc,marking  ] GC(26) Concurrent Rebuild Remembered Sets
[2022-05-06T04:56:59.220+0000][161][gc,marking  ] GC(26) Concurrent Rebuild Remembered Sets 48.306ms
[2022-05-06T04:56:59.228+0000][161][gc,start    ] GC(26) Pause Cleanup
[2022-05-06T04:56:59.229+0000][161][gc          ] GC(26) Pause Cleanup 213M->213M(512M) 0.892ms
[2022-05-06T04:56:59.230+0000][161][gc,cpu      ] GC(26) User=0.00s Sys=0.00s Real=0.00s
[2022-05-06T04:56:59.231+0000][161][safepoint   ] Safepoint "G1Concurrent", Time since last: 52720583 ns, Reaching safepoint: 8023083 ns, At safepoint: 2199709 ns, Total: 10222792 ns
[2022-05-06T04:56:59.231+0000][161][gc,marking  ] GC(26) Concurrent Cleanup for Next Mark
[2022-05-06T04:56:59.232+0000][161][gc,marking  ] GC(26) Concurrent Cleanup for Next Mark 0.854ms
[2022-05-06T04:56:59.233+0000][161][gc          ] GC(26) Concurrent Mark Cycle 163.429ms
[2022-05-06T04:56:59.811+0000][161][gc,start    ] GC(27) Pause Young (Normal) (G1 Evacuation Pause)
[2022-05-06T04:56:59.812+0000][161][gc,task     ] GC(27) Using 5 workers of 5 for evacuation
[2022-05-06T04:56:59.813+0000][161][gc,age      ] GC(27) Desired survivor size 14680064 bytes, new threshold 2 (max threshold 15)
[2022-05-06T04:56:59.816+0000][161][gc,age      ] GC(27) Age table with threshold 2 (max threshold 15)
[2022-05-06T04:56:59.817+0000][161][gc,age      ] GC(27) - age   1:   11638504 bytes,   11638504 total
[2022-05-06T04:56:59.818+0000][161][gc,age      ] GC(27) - age   2:    3762096 bytes,   15400600 total
[2022-05-06T04:56:59.818+0000][161][gc,phases   ] GC(27)   Pre Evacuate Collection Set: 0.1ms
[2022-05-06T04:56:59.819+0000][161][gc,phases   ] GC(27)   Merge Heap Roots: 0.1ms
[2022-05-06T04:56:59.819+0000][161][gc,phases   ] GC(27)   Evacuate Collection Set: 1.8ms
[2022-05-06T04:56:59.820+0000][161][gc,phases   ] GC(27)   Post Evacuate Collection Set: 0.7ms
[2022-05-06T04:56:59.820+0000][161][gc,phases   ] GC(27)   Other: 4.3ms
[2022-05-06T04:56:59.821+0000][161][gc,heap     ] GC(27) Eden regions: 51->0(50)
[2022-05-06T04:56:59.821+0000][161][gc,heap     ] GC(27) Survivor regions: 5->4(7)
[2022-05-06T04:56:59.822+0000][161][gc,heap     ] GC(27) Old regions: 31->33
[2022-05-06T04:56:59.823+0000][161][gc,heap     ] GC(27) Archive regions: 2->2
[2022-05-06T04:56:59.823+0000][161][gc,heap     ] GC(27) Humongous regions: 8->8
[2022-05-06T04:56:59.824+0000][161][gc,metaspace] GC(27) Metaspace: 103344K(104768K)->103344K(104768K) NonClass: 89116K(89984K)->89116K(89984K) Class: 14227K(14784K)->14227K(14784K)
[2022-05-06T04:56:59.824+0000][161][gc          ] GC(27) Pause Young (Normal) (G1 Evacuation Pause) 382M->180M(512M) 12.689ms
[2022-05-06T04:56:59.824+0000][161][gc,cpu      ] GC(27) User=0.01s Sys=0.01s Real=0.01s
[2022-05-06T04:56:59.825+0000][161][safepoint   ] Safepoint "G1CollectForAllocation", Time since last: 580370250 ns, Reaching safepoint: 248792 ns, At safepoint: 13738250 ns, Total: 13987042 ns
[2022-05-06T04:57:00.379+0000][161][safepoint   ] Safepoint "ICBufferFull", Time since last: 553825750 ns, Reaching safepoint: 162167 ns, At safepoint: 12875 ns, Total: 175042 ns
[2022-05-06T04:57:00.680+0000][161][gc,start    ] GC(28) Pause Young (Concurrent Start) (G1 Evacuation Pause)
[2022-05-06T04:57:00.682+0000][161][gc,task     ] GC(28) Using 5 workers of 5 for evacuation
[2022-05-06T04:57:00.683+0000][161][gc,age      ] GC(28) Desired survivor size 14680064 bytes, new threshold 2 (max threshold 15)
[2022-05-06T04:57:00.691+0000][161][gc,age      ] GC(28) Age table with threshold 2 (max threshold 15)
[2022-05-06T04:57:00.692+0000][161][gc,age      ] GC(28) - age   1:    2518288 bytes,    2518288 total
[2022-05-06T04:57:00.694+0000][161][gc,age      ] GC(28) - age   2:    8979256 bytes,   11497544 total
[2022-05-06T04:57:00.695+0000][161][gc,phases   ] GC(28)   Pre Evacuate Collection Set: 0.2ms
[2022-05-06T04:57:00.696+0000][161][gc,phases   ] GC(28)   Merge Heap Roots: 0.0ms
[2022-05-06T04:57:00.697+0000][161][gc,phases   ] GC(28)   Evacuate Collection Set: 2.5ms
[2022-05-06T04:57:00.698+0000][161][gc,phases   ] GC(28)   Post Evacuate Collection Set: 2.2ms
[2022-05-06T04:57:00.700+0000][161][gc,phases   ] GC(28)   Other: 10.3ms
[2022-05-06T04:57:00.701+0000][161][gc,heap     ] GC(28) Eden regions: 50->0(52)
[2022-05-06T04:57:00.702+0000][161][gc,heap     ] GC(28) Survivor regions: 4->3(7)
[2022-05-06T04:57:00.702+0000][161][gc,heap     ] GC(28) Old regions: 33->34
[2022-05-06T04:57:00.703+0000][161][gc,heap     ] GC(28) Archive regions: 2->2
[2022-05-06T04:57:00.704+0000][161][gc,heap     ] GC(28) Humongous regions: 8->8
[2022-05-06T04:57:00.705+0000][161][gc,metaspace] GC(28) Metaspace: 103403K(104832K)->103403K(104832K) NonClass: 89175K(90048K)->89175K(90048K) Class: 14227K(14784K)->14227K(14784K)
[2022-05-06T04:57:00.706+0000][161][gc          ] GC(28) Pause Young (Concurrent Start) (G1 Evacuation Pause) 380M->179M(512M) 25.903ms
[2022-05-06T04:57:00.707+0000][161][gc,cpu      ] GC(28) User=0.01s Sys=0.01s Real=0.03s
[2022-05-06T04:57:00.708+0000][161][gc          ] GC(29) Concurrent Mark Cycle
[2022-05-06T04:57:00.709+0000][161][gc,marking  ] GC(29) Concurrent Clear Claimed Marks
[2022-05-06T04:57:00.708+0000][161][safepoint   ] Safepoint "G1CollectForAllocation", Time since last: 300777416 ns, Reaching safepoint: 114042 ns, At safepoint: 28513958 ns, Total: 28628000 ns
[2022-05-06T04:57:00.711+0000][161][gc,marking  ] GC(29) Concurrent Clear Claimed Marks 1.453ms
[2022-05-06T04:57:00.713+0000][161][gc,marking  ] GC(29) Concurrent Scan Root Regions
[2022-05-06T04:57:00.716+0000][161][gc,marking  ] GC(29) Concurrent Scan Root Regions 2.758ms
[2022-05-06T04:57:00.718+0000][161][gc,marking  ] GC(29) Concurrent Mark
[2022-05-06T04:57:00.720+0000][161][gc,marking  ] GC(29) Concurrent Mark From Roots
[2022-05-06T04:57:00.721+0000][161][gc,task     ] GC(29) Using 1 workers of 1 for marking
[2022-05-06T04:57:00.807+0000][161][gc,marking  ] GC(29) Concurrent Mark From Roots 86.837ms
[2022-05-06T04:57:00.808+0000][161][gc,marking  ] GC(29) Concurrent Preclean
[2022-05-06T04:57:00.810+0000][161][gc,marking  ] GC(29) Concurrent Preclean 1.610ms
[2022-05-06T04:57:00.811+0000][161][gc,start    ] GC(29) Pause Remark
[2022-05-06T04:57:00.817+0000][161][gc          ] GC(29) Pause Remark 259M->259M(512M) 5.383ms
[2022-05-06T04:57:00.818+0000][161][gc,cpu      ] GC(29) User=0.02s Sys=0.00s Real=0.00s
[2022-05-06T04:57:00.819+0000][161][safepoint   ] Safepoint "G1Concurrent", Time since last: 102643584 ns, Reaching safepoint: 372333 ns, At safepoint: 7422625 ns, Total: 7794958 ns
[2022-05-06T04:57:00.821+0000][161][gc,marking  ] GC(29) Concurrent Mark 103.830ms
[2022-05-06T04:57:00.823+0000][161][gc,marking  ] GC(29) Concurrent Rebuild Remembered Sets
[2022-05-06T04:57:00.871+0000][161][gc,marking  ] GC(29) Concurrent Rebuild Remembered Sets 47.327ms
[2022-05-06T04:57:00.872+0000][161][gc,start    ] GC(29) Pause Cleanup
[2022-05-06T04:57:00.874+0000][161][gc          ] GC(29) Pause Cleanup 262M->262M(512M) 1.215ms
[2022-05-06T04:57:00.874+0000][161][gc,cpu      ] GC(29) User=0.00s Sys=0.00s Real=0.00s
[2022-05-06T04:57:00.875+0000][161][safepoint   ] Safepoint "G1Concurrent", Time since last: 53241792 ns, Reaching safepoint: 166542 ns, At safepoint: 3028708 ns, Total: 3195250 ns
[2022-05-06T04:57:00.876+0000][161][gc,marking  ] GC(29) Concurrent Cleanup for Next Mark
[2022-05-06T04:57:00.879+0000][161][gc,marking  ] GC(29) Concurrent Cleanup for Next Mark 2.406ms
[2022-05-06T04:57:00.880+0000][161][gc          ] GC(29) Concurrent Mark Cycle 171.778ms
[2022-05-06T04:57:02.150+0000][161][safepoint   ] Safepoint "Cleanup", Time since last: 1274971084 ns, Reaching safepoint: 106875 ns, At safepoint: 2583 ns, Total: 109458 ns
[2022-05-06T04:57:02.842+0000][161][gc,start    ] GC(30) Pause Young (Normal) (G1 Evacuation Pause)
[2022-05-06T04:57:02.843+0000][161][gc,task     ] GC(30) Using 5 workers of 5 for evacuation
[2022-05-06T04:57:02.844+0000][161][gc,age      ] GC(30) Desired survivor size 14680064 bytes, new threshold 15 (max threshold 15)
[2022-05-06T04:57:02.848+0000][161][gc,age      ] GC(30) Age table with threshold 15 (max threshold 15)
[2022-05-06T04:57:02.848+0000][161][gc,age      ] GC(30) - age   1:    1885544 bytes,    1885544 total
[2022-05-06T04:57:02.849+0000][161][gc,age      ] GC(30) - age   2:    1617208 bytes,    3502752 total
[2022-05-06T04:57:02.850+0000][161][gc,age      ] GC(30) - age   3:    8977712 bytes,   12480464 total
[2022-05-06T04:57:02.851+0000][161][gc,phases   ] GC(30)   Pre Evacuate Collection Set: 0.3ms
[2022-05-06T04:57:02.852+0000][161][gc,phases   ] GC(30)   Merge Heap Roots: 0.2ms
[2022-05-06T04:57:02.852+0000][161][gc,phases   ] GC(30)   Evacuate Collection Set: 1.8ms
[2022-05-06T04:57:02.853+0000][161][gc,phases   ] GC(30)   Post Evacuate Collection Set: 0.7ms
[2022-05-06T04:57:02.853+0000][161][gc,phases   ] GC(30)   Other: 5.7ms
[2022-05-06T04:57:02.854+0000][161][gc,heap     ] GC(30) Eden regions: 52->0(52)
[2022-05-06T04:57:02.855+0000][161][gc,heap     ] GC(30) Survivor regions: 3->4(7)
[2022-05-06T04:57:02.855+0000][161][gc,heap     ] GC(30) Old regions: 34->34
[2022-05-06T04:57:02.856+0000][161][gc,heap     ] GC(30) Archive regions: 2->2
[2022-05-06T04:57:02.857+0000][161][gc,heap     ] GC(30) Humongous regions: 8->8
[2022-05-06T04:57:02.857+0000][161][gc,metaspace] GC(30) Metaspace: 103553K(104960K)->103553K(104960K) NonClass: 89308K(90176K)->89308K(90176K) Class: 14244K(14784K)->14244K(14784K)
[2022-05-06T04:57:02.858+0000][161][gc          ] GC(30) Pause Young (Normal) (G1 Evacuation Pause) 387M->180M(512M) 15.553ms
[2022-05-06T04:57:02.858+0000][161][gc,cpu      ] GC(30) User=0.01s Sys=0.00s Real=0.01s
[2022-05-06T04:57:02.859+0000][161][safepoint   ] Safepoint "G1CollectForAllocation", Time since last: 691818875 ns, Reaching safepoint: 110750 ns, At safepoint: 16849626 ns, Total: 16960376 ns
[2022-05-06T04:57:03.437+0000][161][safepoint   ] Safepoint "ICBufferFull", Time since last: 577987958 ns, Reaching safepoint: 218958 ns, At safepoint: 92834 ns, Total: 311792 ns
[2022-05-06T04:57:04.139+0000][161][safepoint   ] Safepoint "ICBufferFull", Time since last: 701658333 ns, Reaching safepoint: 286709 ns, At safepoint: 34500 ns, Total: 321209 ns
[2022-05-06T04:57:05.059+0000][161][gc,start    ] GC(31) Pause Young (Concurrent Start) (G1 Evacuation Pause)
[2022-05-06T04:57:05.060+0000][161][gc,task     ] GC(31) Using 5 workers of 5 for evacuation
[2022-05-06T04:57:05.061+0000][161][gc,age      ] GC(31) Desired survivor size 14680064 bytes, new threshold 15 (max threshold 15)
[2022-05-06T04:57:05.064+0000][161][gc,age      ] GC(31) Age table with threshold 15 (max threshold 15)
[2022-05-06T04:57:05.066+0000][161][gc,age      ] GC(31) - age   1:   13202328 bytes,   13202328 total
[2022-05-06T04:57:05.066+0000][161][gc,age      ] GC(31) - age   2:     854984 bytes,   14057312 total
[2022-05-06T04:57:05.067+0000][161][gc,age      ] GC(31) - age   3:    1581192 bytes,   15638504 total
[2022-05-06T04:57:05.068+0000][161][gc,age      ] GC(31) - age   4:    8846560 bytes,   24485064 total
[2022-05-06T04:57:05.069+0000][161][gc,phases   ] GC(31)   Pre Evacuate Collection Set: 0.3ms
[2022-05-06T04:57:05.070+0000][161][gc,phases   ] GC(31)   Merge Heap Roots: 0.2ms
[2022-05-06T04:57:05.070+0000][161][gc,phases   ] GC(31)   Evacuate Collection Set: 1.9ms
[2022-05-06T04:57:05.071+0000][161][gc,phases   ] GC(31)   Post Evacuate Collection Set: 0.7ms
[2022-05-06T04:57:05.072+0000][161][gc,phases   ] GC(31)   Other: 6.7ms
[2022-05-06T04:57:05.073+0000][161][gc,heap     ] GC(31) Eden regions: 52->0(48)
[2022-05-06T04:57:05.074+0000][161][gc,heap     ] GC(31) Survivor regions: 4->7(7)
[2022-05-06T04:57:05.074+0000][161][gc,heap     ] GC(31) Old regions: 34->34
[2022-05-06T04:57:05.075+0000][161][gc,heap     ] GC(31) Archive regions: 2->2
[2022-05-06T04:57:05.075+0000][161][gc,heap     ] GC(31) Humongous regions: 8->8
[2022-05-06T04:57:05.076+0000][161][gc,metaspace] GC(31) Metaspace: 103759K(105216K)->103759K(105216K) NonClass: 89510K(90368K)->89510K(90368K) Class: 14248K(14848K)->14248K(14848K)
[2022-05-06T04:57:05.077+0000][161][gc          ] GC(31) Pause Young (Concurrent Start) (G1 Evacuation Pause) 388M->192M(512M) 17.772ms
[2022-05-06T04:57:05.077+0000][161][gc,cpu      ] GC(31) User=0.02s Sys=0.01s Real=0.02s
[2022-05-06T04:57:05.078+0000][161][gc          ] GC(32) Concurrent Mark Cycle
[2022-05-06T04:57:05.079+0000][161][gc,marking  ] GC(32) Concurrent Clear Claimed Marks
[2022-05-06T04:57:05.080+0000][161][gc,marking  ] GC(32) Concurrent Clear Claimed Marks 0.910ms
[2022-05-06T04:57:05.081+0000][161][gc,marking  ] GC(32) Concurrent Scan Root Regions
[2022-05-06T04:57:05.078+0000][161][safepoint   ] Safepoint "G1CollectForAllocation", Time since last: 919367959 ns, Reaching safepoint: 245208 ns, At safepoint: 19052167 ns, Total: 19297375 ns
[2022-05-06T04:57:05.083+0000][161][gc,marking  ] GC(32) Concurrent Scan Root Regions 2.843ms
[2022-05-06T04:57:05.084+0000][161][gc,marking  ] GC(32) Concurrent Mark
[2022-05-06T04:57:05.085+0000][161][gc,marking  ] GC(32) Concurrent Mark From Roots
[2022-05-06T04:57:05.086+0000][161][gc,task     ] GC(32) Using 1 workers of 1 for marking
[2022-05-06T04:57:05.167+0000][161][gc,marking  ] GC(32) Concurrent Mark From Roots 82.380ms
[2022-05-06T04:57:05.168+0000][161][gc,marking  ] GC(32) Concurrent Preclean
[2022-05-06T04:57:05.169+0000][161][gc,marking  ] GC(32) Concurrent Preclean 0.969ms
[2022-05-06T04:57:05.171+0000][161][gc,start    ] GC(32) Pause Remark
[2022-05-06T04:57:05.176+0000][161][gc          ] GC(32) Pause Remark 204M->196M(512M) 5.433ms
[2022-05-06T04:57:05.177+0000][161][gc,cpu      ] GC(32) User=0.02s Sys=0.00s Real=0.00s
[2022-05-06T04:57:05.178+0000][161][safepoint   ] Safepoint "G1Concurrent", Time since last: 92567916 ns, Reaching safepoint: 204417 ns, At safepoint: 7594417 ns, Total: 7798834 ns
[2022-05-06T04:57:05.180+0000][161][gc,marking  ] GC(32) Concurrent Mark 95.567ms
[2022-05-06T04:57:05.181+0000][161][gc,marking  ] GC(32) Concurrent Rebuild Remembered Sets
[2022-05-06T04:57:05.226+0000][161][gc,marking  ] GC(32) Concurrent Rebuild Remembered Sets 45.120ms
[2022-05-06T04:57:05.227+0000][161][gc,start    ] GC(32) Pause Cleanup
[2022-05-06T04:57:05.228+0000][161][gc          ] GC(32) Pause Cleanup 203M->203M(512M) 0.870ms
[2022-05-06T04:57:05.229+0000][161][gc,cpu      ] GC(32) User=0.00s Sys=0.00s Real=0.00s
[2022-05-06T04:57:05.230+0000][161][safepoint   ] Safepoint "G1Concurrent", Time since last: 48614000 ns, Reaching safepoint: 312166 ns, At safepoint: 2452209 ns, Total: 2764375 ns
[2022-05-06T04:57:05.231+0000][161][gc,marking  ] GC(32) Concurrent Cleanup for Next Mark
[2022-05-06T04:57:05.232+0000][161][gc,marking  ] GC(32) Concurrent Cleanup for Next Mark 1.285ms
[2022-05-06T04:57:05.233+0000][161][gc          ] GC(32) Concurrent Mark Cycle 154.794ms
[2022-05-06T04:57:06.267+0000][161][gc,start    ] GC(33) Pause Young (Prepare Mixed) (G1 Evacuation Pause)
[2022-05-06T04:57:06.268+0000][161][gc,task     ] GC(33) Using 5 workers of 5 for evacuation
[2022-05-06T04:57:06.270+0000][161][gc,age      ] GC(33) Desired survivor size 14680064 bytes, new threshold 3 (max threshold 15)
[2022-05-06T04:57:06.273+0000][161][gc,age      ] GC(33) Age table with threshold 3 (max threshold 15)
[2022-05-06T04:57:06.274+0000][161][gc,age      ] GC(33) - age   1:     107416 bytes,     107416 total
[2022-05-06T04:57:06.275+0000][161][gc,age      ] GC(33) - age   2:   12864600 bytes,   12972016 total
[2022-05-06T04:57:06.276+0000][161][gc,age      ] GC(33) - age   3:     854744 bytes,   13826760 total
[2022-05-06T04:57:06.277+0000][161][gc,phases   ] GC(33)   Pre Evacuate Collection Set: 0.1ms
[2022-05-06T04:57:06.278+0000][161][gc,phases   ] GC(33)   Merge Heap Roots: 0.1ms
[2022-05-06T04:57:06.278+0000][161][gc,phases   ] GC(33)   Evacuate Collection Set: 1.9ms
[2022-05-06T04:57:06.279+0000][161][gc,phases   ] GC(33)   Post Evacuate Collection Set: 0.9ms
[2022-05-06T04:57:06.280+0000][161][gc,phases   ] GC(33)   Other: 6.7ms
[2022-05-06T04:57:06.280+0000][161][gc,heap     ] GC(33) Eden regions: 48->0(2)
[2022-05-06T04:57:06.281+0000][161][gc,heap     ] GC(33) Survivor regions: 7->4(7)
[2022-05-06T04:57:06.282+0000][161][gc,heap     ] GC(33) Old regions: 33->35
[2022-05-06T04:57:06.283+0000][161][gc,heap     ] GC(33) Archive regions: 2->2
[2022-05-06T04:57:06.283+0000][161][gc,heap     ] GC(33) Humongous regions: 7->7
[2022-05-06T04:57:06.284+0000][161][gc,metaspace] GC(33) Metaspace: 103760K(105216K)->103760K(105216K) NonClass: 89512K(90368K)->89512K(90368K) Class: 14248K(14848K)->14248K(14848K)
[2022-05-06T04:57:06.284+0000][161][gc          ] GC(33) Pause Young (Prepare Mixed) (G1 Evacuation Pause) 376M->184M(512M) 16.956ms
[2022-05-06T04:57:06.285+0000][161][gc,cpu      ] GC(33) User=0.01s Sys=0.00s Real=0.02s
[2022-05-06T04:57:06.286+0000][161][safepoint   ] Safepoint "G1CollectForAllocation", Time since last: 1037368208 ns, Reaching safepoint: 98667 ns, At safepoint: 18751542 ns, Total: 18850209 ns
[2022-05-06T04:57:06.317+0000][161][gc,start    ] GC(34) Pause Young (Mixed) (G1 Evacuation Pause)
[2022-05-06T04:57:06.318+0000][161][gc,task     ] GC(34) Using 5 workers of 5 for evacuation
[2022-05-06T04:57:06.319+0000][161][gc,age      ] GC(34) Desired survivor size 2097152 bytes, new threshold 2 (max threshold 15)
[2022-05-06T04:57:06.322+0000][161][gc,age      ] GC(34) Age table with threshold 2 (max threshold 15)
[2022-05-06T04:57:06.323+0000][161][gc,age      ] GC(34) - age   1:     359544 bytes,     359544 total
[2022-05-06T04:57:06.324+0000][161][gc,age      ] GC(34) - age   2:      90320 bytes,     449864 total
[2022-05-06T04:57:06.324+0000][161][gc,phases   ] GC(34)   Pre Evacuate Collection Set: 0.1ms
[2022-05-06T04:57:06.325+0000][161][gc,phases   ] GC(34)   Merge Heap Roots: 0.0ms
[2022-05-06T04:57:06.325+0000][161][gc,phases   ] GC(34)   Evacuate Collection Set: 1.5ms
[2022-05-06T04:57:06.326+0000][161][gc,phases   ] GC(34)   Post Evacuate Collection Set: 0.9ms
[2022-05-06T04:57:06.326+0000][161][gc,phases   ] GC(34)   Other: 4.2ms
[2022-05-06T04:57:06.327+0000][161][gc,heap     ] GC(34) Eden regions: 2->0(56)
[2022-05-06T04:57:06.328+0000][161][gc,heap     ] GC(34) Survivor regions: 4->1(1)
[2022-05-06T04:57:06.328+0000][161][gc,heap     ] GC(34) Old regions: 35->35
[2022-05-06T04:57:06.329+0000][161][gc,heap     ] GC(34) Archive regions: 2->2
[2022-05-06T04:57:06.329+0000][161][gc,heap     ] GC(34) Humongous regions: 7->7
[2022-05-06T04:57:06.330+0000][161][gc,metaspace] GC(34) Metaspace: 103769K(105280K)->103769K(105280K) NonClass: 89520K(90432K)->89520K(90432K) Class: 14248K(14848K)->14248K(14848K)
[2022-05-06T04:57:06.331+0000][161][gc          ] GC(34) Pause Young (Mixed) (G1 Evacuation Pause) 192M->169M(512M) 13.212ms
[2022-05-06T04:57:06.331+0000][161][gc,cpu      ] GC(34) User=0.00s Sys=0.01s Real=0.02s
[2022-05-06T04:57:06.332+0000][161][safepoint   ] Safepoint "G1CollectForAllocation", Time since last: 31245166 ns, Reaching safepoint: 131459 ns, At safepoint: 14429458 ns, Total: 14560917 ns
[2022-05-06T04:57:07.333+0000][161][safepoint   ] Safepoint "Cleanup", Time since last: 1001172709 ns, Reaching safepoint: 92042 ns, At safepoint: 4000 ns, Total: 96042 ns
[2022-05-06T04:57:08.336+0000][161][safepoint   ] Safepoint "Cleanup", Time since last: 1002182125 ns, Reaching safepoint: 344917 ns, At safepoint: 9666 ns, Total: 354583 ns
[2022-05-06T04:57:09.294+0000][161][safepoint   ] Safepoint "ICBufferFull", Time since last: 958713459 ns, Reaching safepoint: 223000 ns, At safepoint: 5083 ns, Total: 228083 ns
[2022-05-06T04:57:10.302+0000][161][safepoint   ] Safepoint "Cleanup", Time since last: 1007444625 ns, Reaching safepoint: 471042 ns, At safepoint: 41500 ns, Total: 512542 ns
[2022-05-06T04:57:11.306+0000][161][safepoint   ] Safepoint "Cleanup", Time since last: 1003092501 ns, Reaching safepoint: 313125 ns, At safepoint: 10458 ns, Total: 323583 ns
[2022-05-06T04:57:13.311+0000][161][safepoint   ] Safepoint "Cleanup", Time since last: 2005599459 ns, Reaching safepoint: 276209 ns, At safepoint: 9625 ns, Total: 285834 ns
[2022-05-06T04:57:14.318+0000][161][safepoint   ] Safepoint "Cleanup", Time since last: 1005421375 ns, Reaching safepoint: 1165167 ns, At safepoint: 20250 ns, Total: 1185417 ns
[2022-05-06T04:57:15.334+0000][161][safepoint   ] Safepoint "Cleanup", Time since last: 1014899083 ns, Reaching safepoint: 719709 ns, At safepoint: 43416 ns, Total: 763125 ns
[2022-05-06T04:57:16.341+0000][161][safepoint   ] Safepoint "Cleanup", Time since last: 1006600251 ns, Reaching safepoint: 272792 ns, At safepoint: 13416 ns, Total: 286208 ns
[2022-05-06T04:57:20.653+0000][161][safepoint   ] Safepoint "Cleanup", Time since last: 4312249836 ns, Reaching safepoint: 137916 ns, At safepoint: 5584 ns, Total: 143500 ns
[2022-05-06T04:57:21.657+0000][161][safepoint   ] Safepoint "Cleanup", Time since last: 1003445958 ns, Reaching safepoint: 403959 ns, At safepoint: 20041 ns, Total: 424000 ns
[2022-05-06T04:57:22.855+0000][161][safepoint   ] Safepoint "Cleanup", Time since last: 1198236126 ns, Reaching safepoint: 243667 ns, At safepoint: 4916 ns, Total: 248583 ns
[2022-05-06T04:57:23.461+0000][161][safepoint   ] Safepoint "ICBufferFull", Time since last: 605427126 ns, Reaching safepoint: 134875 ns, At safepoint: 8625 ns, Total: 143500 ns
[2022-05-06T04:57:24.466+0000][161][safepoint   ] Safepoint "Cleanup", Time since last: 1004666583 ns, Reaching safepoint: 524292 ns, At safepoint: 255542 ns, Total: 779834 ns
[2022-05-06T04:57:26.476+0000][161][safepoint   ] Safepoint "Cleanup", Time since last: 2008881001 ns, Reaching safepoint: 539375 ns, At safepoint: 11833 ns, Total: 551208 ns
[2022-05-06T04:57:27.481+0000][161][safepoint   ] Safepoint "Cleanup", Time since last: 1004312584 ns, Reaching safepoint: 705375 ns, At safepoint: 24792 ns, Total: 730167 ns
[2022-05-06T04:57:28.491+0000][161][safepoint   ] Safepoint "Cleanup", Time since last: 1009370042 ns, Reaching safepoint: 403041 ns, At safepoint: 22042 ns, Total: 425083 ns
[2022-05-06T04:57:31.503+0000][161][safepoint   ] Safepoint "Cleanup", Time since last: 3011911918 ns, Reaching safepoint: 456167 ns, At safepoint: 14917 ns, Total: 471084 ns
[2022-05-06T04:57:34.519+0000][161][safepoint   ] Safepoint "Cleanup", Time since last: 3015770584 ns, Reaching safepoint: 147625 ns, At safepoint: 6417 ns, Total: 154042 ns
[2022-05-06T04:57:39.534+0000][161][safepoint   ] Safepoint "Cleanup", Time since last: 5012983544 ns, Reaching safepoint: 416375 ns, At safepoint: 15791 ns, Total: 432166 ns
[2022-05-06T04:57:41.544+0000][161][safepoint   ] Safepoint "Cleanup", Time since last: 2009204251 ns, Reaching safepoint: 362125 ns, At safepoint: 13875 ns, Total: 376000 ns
[2022-05-06T04:57:42.549+0000][161][safepoint   ] Safepoint "Cleanup", Time since last: 1005002917 ns, Reaching safepoint: 162584 ns, At safepoint: 6500 ns, Total: 169084 ns
[2022-05-06T04:58:08.624+0000][161][safepoint   ] Safepoint "Cleanup", Time since last: 26074251721 ns, Reaching safepoint: 359875 ns, At safepoint: 9750 ns, Total: 369625 ns
[2022-05-06T04:58:09.628+0000][161][safepoint   ] Safepoint "Cleanup", Time since last: 1004071541 ns, Reaching safepoint: 1795333 ns, At safepoint: 21875 ns, Total: 1817208 ns
[2022-05-06T04:58:12.642+0000][161][safepoint   ] Safepoint "Cleanup", Time since last: 3013906919 ns, Reaching safepoint: 218041 ns, At safepoint: 15750 ns, Total: 233791 ns
[2022-05-06T04:58:33.695+0000][161][safepoint   ] Safepoint "Cleanup", Time since last: 21053329969 ns, Reaching safepoint: 412625 ns, At safepoint: 27791 ns, Total: 440416 ns
[2022-05-06T04:58:37.705+0000][161][safepoint   ] Safepoint "Cleanup", Time since last: 4009446919 ns, Reaching safepoint: 274500 ns, At safepoint: 10083 ns, Total: 284583 ns
[2022-05-06T04:58:39.708+0000][161][safepoint   ] Safepoint "Cleanup", Time since last: 2004160167 ns, Reaching safepoint: 509958 ns, At safepoint: 24042 ns, Total: 534000 ns
[2022-05-06T04:58:43.727+0000][161][safepoint   ] Safepoint "Cleanup", Time since last: 4018210335 ns, Reaching safepoint: 267333 ns, At safepoint: 8792 ns, Total: 276125 ns
[2022-05-06T04:58:44.734+0000][161][safepoint   ] Safepoint "Cleanup", Time since last: 1006609876 ns, Reaching safepoint: 457458 ns, At safepoint: 19792 ns, Total: 477250 ns
[2022-05-06T04:58:46.743+0000][161][safepoint   ] Safepoint "Cleanup", Time since last: 2008309125 ns, Reaching safepoint: 747500 ns, At safepoint: 21375 ns, Total: 768875 ns
[2022-05-06T04:59:01.801+0000][161][safepoint   ] Safepoint "Cleanup", Time since last: 15057705424 ns, Reaching safepoint: 185167 ns, At safepoint: 9292 ns, Total: 194459 ns
[2022-05-06T04:59:08.820+0000][161][safepoint   ] Safepoint "Cleanup", Time since last: 7019238878 ns, Reaching safepoint: 152000 ns, At safepoint: 8083 ns, Total: 160083 ns
[2022-05-06T04:59:09.830+0000][161][safepoint   ] Safepoint "Cleanup", Time since last: 1006828375 ns, Reaching safepoint: 976708 ns, At safepoint: 24334 ns, Total: 1001042 ns
[2022-05-06T04:59:14.858+0000][161][safepoint   ] Safepoint "Cleanup", Time since last: 5025595419 ns, Reaching safepoint: 1269167 ns, At safepoint: 1225333 ns, Total: 2494500 ns
[2022-05-06T04:59:17.874+0000][161][safepoint   ] Safepoint "Cleanup", Time since last: 3015681710 ns, Reaching safepoint: 279208 ns, At safepoint: 19542 ns, Total: 298750 ns
[2022-05-06T04:59:18.880+0000][161][safepoint   ] Safepoint "Cleanup", Time since last: 1005686458 ns, Reaching safepoint: 187917 ns, At safepoint: 53708 ns, Total: 241625 ns
[2022-05-06T04:59:19.887+0000][161][safepoint   ] Safepoint "Cleanup", Time since last: 1003928793 ns, Reaching safepoint: 3139625 ns, At safepoint: 24875 ns, Total: 3164500 ns
[2022-05-06T04:59:37.947+0000][161][safepoint   ] Safepoint "Cleanup", Time since last: 18059932883 ns, Reaching safepoint: 630875 ns, At safepoint: 25792 ns, Total: 656667 ns
[2022-05-06T04:59:38.958+0000][161][safepoint   ] Safepoint "Cleanup", Time since last: 1010009792 ns, Reaching safepoint: 127375 ns, At safepoint: 6833 ns, Total: 134208 ns
[2022-05-06T04:59:40.961+0000][161][safepoint   ] Safepoint "Cleanup", Time since last: 2004279126 ns, Reaching safepoint: 464958 ns, At safepoint: 14000 ns, Total: 478958 ns
[2022-05-06T04:59:41.974+0000][161][safepoint   ] Safepoint "Cleanup", Time since last: 1013417876 ns, Reaching safepoint: 276125 ns, At safepoint: 14541 ns, Total: 290666 ns
[2022-05-06T04:59:47.009+0000][161][safepoint   ] Safepoint "Cleanup", Time since last: 5034300586 ns, Reaching safepoint: 746292 ns, At safepoint: 33166 ns, Total: 779458 ns
[2022-05-06T04:59:55.034+0000][161][safepoint   ] Safepoint "Cleanup", Time since last: 8024586129 ns, Reaching safepoint: 145833 ns, At safepoint: 7500 ns, Total: 153333 ns
[2022-05-06T05:00:09.074+0000][161][safepoint   ] Safepoint "Cleanup", Time since last: 14039925132 ns, Reaching safepoint: 226500 ns, At safepoint: 7708 ns, Total: 234208 ns
[2022-05-06T05:00:10.080+0000][161][safepoint   ] Safepoint "Cleanup", Time since last: 1003352250 ns, Reaching safepoint: 259500 ns, At safepoint: 12375 ns, Total: 271875 ns
