[2022-04-18T08:59:23.477+0000][242][gc] Using G1
[2022-04-18T08:59:23.483+0000][242][gc,init] Version: 17.0.2+8 (release)
[2022-04-18T08:59:23.483+0000][242][gc,init] CPUs: 5 total, 5 available
[2022-04-18T08:59:23.484+0000][242][gc,init] Memory: 7851M
[2022-04-18T08:59:23.485+0000][242][gc,init] Large Page Support: Disabled
[2022-04-18T08:59:23.486+0000][242][gc,init] NUMA Support: Disabled
[2022-04-18T08:59:23.487+0000][242][gc,init] Compressed Oops: Enabled (32-bit)
[2022-04-18T08:59:23.488+0000][242][gc,init] Heap Region Size: 1M
[2022-04-18T08:59:23.489+0000][242][gc,init] Heap Min Capacity: 512M
[2022-04-18T08:59:23.490+0000][242][gc,init] Heap Initial Capacity: 512M
[2022-04-18T08:59:23.491+0000][242][gc,init] Heap Max Capacity: 512M
[2022-04-18T08:59:23.492+0000][242][gc,init] Pre-touch: Disabled
[2022-04-18T08:59:23.493+0000][242][gc,init] Parallel Workers: 5
[2022-04-18T08:59:23.494+0000][242][gc,init] Concurrent Workers: 1
[2022-04-18T08:59:23.495+0000][242][gc,init] Concurrent Refinement Workers: 5
[2022-04-18T08:59:23.497+0000][242][gc,init] Periodic GC: Disabled
[2022-04-18T08:59:23.498+0000][242][gc,metaspace] CDS archive(s) not mapped
[2022-04-18T08:59:23.499+0000][242][gc,metaspace] Compressed class space mapped at: 0x0000000100000000-0x0000000140000000, reserved size: 1073741824
[2022-04-18T08:59:23.500+0000][242][gc,metaspace] Narrow klass base: 0x0000000000000000, Narrow klass shift: 3, Narrow klass range: 0x140000000
[2022-04-18T08:59:23.604+0000][242][gc,heap,exit] Heap
[2022-04-18T08:59:23.605+0000][242][gc,heap,exit]  garbage-first heap   total 524288K, used 2048K [0x00000000e0000000, 0x0000000100000000)
[2022-04-18T08:59:23.606+0000][242][gc,heap,exit]   region size 1024K, 2 young (2048K), 0 survivors (0K)
[2022-04-18T08:59:23.607+0000][242][gc,heap,exit]  Metaspace       used 3476K, committed 3520K, reserved 1056768K
[2022-04-18T08:59:23.608+0000][242][gc,heap,exit]   class space    used 278K, committed 320K, reserved 1048576K
