[2022-04-22T06:04:01.060+0000][10][gc] Using G1
[2022-04-22T06:04:01.106+0000][10][gc,init] Version: 17.0.2+8 (release)
[2022-04-22T06:04:01.107+0000][10][gc,init] CPUs: 5 total, 5 available
[2022-04-22T06:04:01.109+0000][10][gc,init] Memory: 7851M
[2022-04-22T06:04:01.109+0000][10][gc,init] Large Page Support: Disabled
[2022-04-22T06:04:01.110+0000][10][gc,init] NUMA Support: Disabled
[2022-04-22T06:04:01.111+0000][10][gc,init] Compressed Oops: Enabled (32-bit)
[2022-04-22T06:04:01.112+0000][10][gc,init] Heap Region Size: 4M
[2022-04-22T06:04:01.114+0000][10][gc,init] Heap Min Capacity: 512M
[2022-04-22T06:04:01.114+0000][10][gc,init] Heap Initial Capacity: 512M
[2022-04-22T06:04:01.116+0000][10][gc,init] Heap Max Capacity: 512M
[2022-04-22T06:04:01.116+0000][10][gc,init] Pre-touch: Enabled
[2022-04-22T06:04:01.117+0000][10][gc,init] Parallel Workers: 5
[2022-04-22T06:04:01.118+0000][10][gc,init] Concurrent Workers: 1
[2022-04-22T06:04:01.119+0000][10][gc,init] Concurrent Refinement Workers: 5
[2022-04-22T06:04:01.119+0000][10][gc,init] Periodic GC: Disabled
[2022-04-22T06:04:01.121+0000][10][gc,metaspace] CDS archive(s) mapped at: [0x0000000800000000-0x0000000800bd2000-0x0000000800bd2000), size 12394496, SharedBaseAddress: 0x0000000800000000, ArchiveRelocationMode: 0.
[2022-04-22T06:04:01.121+0000][10][gc,metaspace] Compressed class space mapped at: 0x0000000800c00000-0x0000000840c00000, reserved size: 1073741824
[2022-04-22T06:04:01.122+0000][10][gc,metaspace] Narrow klass base: 0x0000000800000000, Narrow klass shift: 0, Narrow klass range: 0x100000000
[2022-04-22T06:04:01.248+0000][10][safepoint   ] Safepoint "ICBufferFull", Time since last: 121417417 ns, Reaching safepoint: 137709 ns, At safepoint: 13000 ns, Total: 150709 ns
[2022-04-22T06:04:01.303+0000][10][safepoint   ] Safepoint "ICBufferFull", Time since last: 55048875 ns, Reaching safepoint: 96666 ns, At safepoint: 6292 ns, Total: 102958 ns
[2022-04-22T06:04:01.387+0000][10][safepoint   ] Safepoint "ICBufferFull", Time since last: 83693750 ns, Reaching safepoint: 100667 ns, At safepoint: 13916 ns, Total: 114583 ns
[2022-04-22T06:04:01.443+0000][10][gc,start    ] GC(0) Pause Young (Normal) (G1 Evacuation Pause)
[2022-04-22T06:04:01.444+0000][10][gc,task     ] GC(0) Using 5 workers of 5 for evacuation
[2022-04-22T06:04:01.445+0000][10][gc,age      ] GC(0) Desired survivor size 2097152 bytes, new threshold 15 (max threshold 15)
[2022-04-22T06:04:01.449+0000][10][gc,age      ] GC(0) Age table with threshold 15 (max threshold 15)
[2022-04-22T06:04:01.450+0000][10][gc,age      ] GC(0) - age   1:    4166952 bytes,    4166952 total
[2022-04-22T06:04:01.451+0000][10][gc,phases   ] GC(0)   Pre Evacuate Collection Set: 0.1ms
[2022-04-22T06:04:01.451+0000][10][gc,phases   ] GC(0)   Merge Heap Roots: 0.0ms
[2022-04-22T06:04:01.452+0000][10][gc,phases   ] GC(0)   Evacuate Collection Set: 2.1ms
[2022-04-22T06:04:01.453+0000][10][gc,phases   ] GC(0)   Post Evacuate Collection Set: 0.3ms
[2022-04-22T06:04:01.454+0000][10][gc,phases   ] GC(0)   Other: 5.3ms
[2022-04-22T06:04:01.454+0000][10][gc,heap     ] GC(0) Eden regions: 6->0(5)
[2022-04-22T06:04:01.455+0000][10][gc,heap     ] GC(0) Survivor regions: 0->1(1)
[2022-04-22T06:04:01.456+0000][10][gc,heap     ] GC(0) Old regions: 0->1
[2022-04-22T06:04:01.457+0000][10][gc,heap     ] GC(0) Archive regions: 2->2
[2022-04-22T06:04:01.457+0000][10][gc,heap     ] GC(0) Humongous regions: 0->0
[2022-04-22T06:04:01.458+0000][10][gc,metaspace] GC(0) Metaspace: 8935K(9088K)->8935K(9088K) NonClass: 7871K(7936K)->7871K(7936K) Class: 1064K(1152K)->1064K(1152K)
[2022-04-22T06:04:01.459+0000][10][gc          ] GC(0) Pause Young (Normal) (G1 Evacuation Pause) 27M->8M(512M) 16.306ms
[2022-04-22T06:04:01.460+0000][10][gc,cpu      ] GC(0) User=0.03s Sys=0.00s Real=0.02s
[2022-04-22T06:04:01.460+0000][10][safepoint   ] Safepoint "G1CollectForAllocation", Time since last: 55941917 ns, Reaching safepoint: 85208 ns, At safepoint: 17557709 ns, Total: 17642917 ns
[2022-04-22T06:04:01.561+0000][10][safepoint   ] Safepoint "ICBufferFull", Time since last: 100680166 ns, Reaching safepoint: 233250 ns, At safepoint: 17709 ns, Total: 250959 ns
[2022-04-22T06:04:01.724+0000][10][gc,start    ] GC(1) Pause Young (Normal) (G1 Evacuation Pause)
[2022-04-22T06:04:01.726+0000][10][gc,task     ] GC(1) Using 5 workers of 5 for evacuation
[2022-04-22T06:04:01.726+0000][10][gc,age      ] GC(1) Desired survivor size 2097152 bytes, new threshold 1 (max threshold 15)
[2022-04-22T06:04:01.731+0000][10][gc,age      ] GC(1) Age table with threshold 1 (max threshold 15)
[2022-04-22T06:04:01.733+0000][10][gc,age      ] GC(1) - age   1:    1998032 bytes,    1998032 total
[2022-04-22T06:04:01.734+0000][10][gc,phases   ] GC(1)   Pre Evacuate Collection Set: 0.1ms
[2022-04-22T06:04:01.734+0000][10][gc,phases   ] GC(1)   Merge Heap Roots: 0.1ms
[2022-04-22T06:04:01.735+0000][10][gc,phases   ] GC(1)   Evacuate Collection Set: 2.9ms
[2022-04-22T06:04:01.737+0000][10][gc,phases   ] GC(1)   Post Evacuate Collection Set: 0.8ms
[2022-04-22T06:04:01.737+0000][10][gc,phases   ] GC(1)   Other: 5.3ms
[2022-04-22T06:04:01.738+0000][10][gc,heap     ] GC(1) Eden regions: 5->0(7)
[2022-04-22T06:04:01.739+0000][10][gc,heap     ] GC(1) Survivor regions: 1->1(1)
[2022-04-22T06:04:01.740+0000][10][gc,heap     ] GC(1) Old regions: 1->2
[2022-04-22T06:04:01.741+0000][10][gc,heap     ] GC(1) Archive regions: 2->2
[2022-04-22T06:04:01.741+0000][10][gc,heap     ] GC(1) Humongous regions: 0->0
[2022-04-22T06:04:01.742+0000][10][gc,metaspace] GC(1) Metaspace: 12562K(12800K)->12562K(12800K) NonClass: 11024K(11136K)->11024K(11136K) Class: 1537K(1664K)->1537K(1664K)
[2022-04-22T06:04:01.743+0000][10][gc          ] GC(1) Pause Young (Normal) (G1 Evacuation Pause) 28M->10M(512M) 18.379ms
[2022-04-22T06:04:01.744+0000][10][gc,cpu      ] GC(1) User=0.00s Sys=0.00s Real=0.02s
[2022-04-22T06:04:01.744+0000][10][safepoint   ] Safepoint "G1CollectForAllocation", Time since last: 163009500 ns, Reaching safepoint: 97458 ns, At safepoint: 19967125 ns, Total: 20064583 ns
[2022-04-22T06:04:01.896+0000][10][safepoint   ] Safepoint "ICBufferFull", Time since last: 151494125 ns, Reaching safepoint: 125959 ns, At safepoint: 2833 ns, Total: 128792 ns
[2022-04-22T06:04:01.920+0000][10][gc,start    ] GC(2) Pause Young (Normal) (G1 Evacuation Pause)
[2022-04-22T06:04:01.921+0000][10][gc,task     ] GC(2) Using 5 workers of 5 for evacuation
[2022-04-22T06:04:01.922+0000][10][gc,age      ] GC(2) Desired survivor size 2097152 bytes, new threshold 15 (max threshold 15)
[2022-04-22T06:04:01.926+0000][10][gc,age      ] GC(2) Age table with threshold 15 (max threshold 15)
[2022-04-22T06:04:01.946+0000][10][gc,age      ] GC(2) - age   1:     945472 bytes,     945472 total
[2022-04-22T06:04:01.947+0000][10][gc,age      ] GC(2) - age   2:    1967232 bytes,    2912704 total
[2022-04-22T06:04:01.947+0000][10][gc,phases   ] GC(2)   Pre Evacuate Collection Set: 0.1ms
[2022-04-22T06:04:01.948+0000][10][gc,phases   ] GC(2)   Merge Heap Roots: 0.2ms
[2022-04-22T06:04:01.967+0000][10][gc,phases   ] GC(2)   Evacuate Collection Set: 1.7ms
[2022-04-22T06:04:01.972+0000][10][gc,phases   ] GC(2)   Post Evacuate Collection Set: 0.5ms
[2022-04-22T06:04:01.973+0000][10][gc,phases   ] GC(2)   Other: 25.2ms
[2022-04-22T06:04:01.974+0000][10][gc,heap     ] GC(2) Eden regions: 7->0(31)
[2022-04-22T06:04:01.975+0000][10][gc,heap     ] GC(2) Survivor regions: 1->1(1)
[2022-04-22T06:04:01.976+0000][10][gc,heap     ] GC(2) Old regions: 2->2
[2022-04-22T06:04:01.976+0000][10][gc,heap     ] GC(2) Archive regions: 2->2
[2022-04-22T06:04:01.977+0000][10][gc,heap     ] GC(2) Humongous regions: 0->0
[2022-04-22T06:04:01.978+0000][10][gc,metaspace] GC(2) Metaspace: 14741K(15040K)->14741K(15040K) NonClass: 12989K(13120K)->12989K(13120K) Class: 1752K(1920K)->1752K(1920K)
[2022-04-22T06:04:01.979+0000][10][gc          ] GC(2) Pause Young (Normal) (G1 Evacuation Pause) 38M->11M(512M) 58.896ms
[2022-04-22T06:04:01.979+0000][10][gc,cpu      ] GC(2) User=0.01s Sys=0.00s Real=0.06s
[2022-04-22T06:04:01.980+0000][10][safepoint   ] Safepoint "G1CollectForAllocation", Time since last: 23566875 ns, Reaching safepoint: 193875 ns, At safepoint: 60104042 ns, Total: 60297917 ns
[2022-04-22T06:04:02.160+0000][10][safepoint   ] Safepoint "ICBufferFull", Time since last: 179971500 ns, Reaching safepoint: 126458 ns, At safepoint: 32417 ns, Total: 158875 ns
[2022-04-22T06:04:02.189+0000][10][safepoint   ] Safepoint "ICBufferFull", Time since last: 28481000 ns, Reaching safepoint: 132958 ns, At safepoint: 7875 ns, Total: 140833 ns
[2022-04-22T06:04:02.195+0000][10][safepoint   ] Safepoint "ICBufferFull", Time since last: 6392208 ns, Reaching safepoint: 398792 ns, At safepoint: 3750 ns, Total: 402542 ns
[2022-04-22T06:04:02.197+0000][10][safepoint   ] Safepoint "ICBufferFull", Time since last: 1290458 ns, Reaching safepoint: 35334 ns, At safepoint: 1458 ns, Total: 36792 ns
[2022-04-22T06:04:02.198+0000][10][safepoint   ] Safepoint "ICBufferFull", Time since last: 1058167 ns, Reaching safepoint: 226791 ns, At safepoint: 9834 ns, Total: 236625 ns
[2022-04-22T06:04:02.202+0000][10][safepoint   ] Safepoint "ICBufferFull", Time since last: 3725458 ns, Reaching safepoint: 48167 ns, At safepoint: 1791 ns, Total: 49958 ns
[2022-04-22T06:04:02.203+0000][10][safepoint   ] Safepoint "ICBufferFull", Time since last: 748292 ns, Reaching safepoint: 73333 ns, At safepoint: 3250 ns, Total: 76583 ns
[2022-04-22T06:04:02.204+0000][10][safepoint   ] Safepoint "ICBufferFull", Time since last: 1074084 ns, Reaching safepoint: 27791 ns, At safepoint: 1417 ns, Total: 29208 ns
[2022-04-22T06:04:02.205+0000][10][safepoint   ] Safepoint "ICBufferFull", Time since last: 859583 ns, Reaching safepoint: 60500 ns, At safepoint: 2834 ns, Total: 63334 ns
[2022-04-22T06:04:02.206+0000][10][safepoint   ] Safepoint "ICBufferFull", Time since last: 918291 ns, Reaching safepoint: 93625 ns, At safepoint: 2959 ns, Total: 96584 ns
[2022-04-22T06:04:02.207+0000][10][safepoint   ] Safepoint "ICBufferFull", Time since last: 750458 ns, Reaching safepoint: 184875 ns, At safepoint: 2958 ns, Total: 187833 ns
[2022-04-22T06:04:02.208+0000][10][safepoint   ] Safepoint "ICBufferFull", Time since last: 1117459 ns, Reaching safepoint: 65250 ns, At safepoint: 2833 ns, Total: 68083 ns
[2022-04-22T06:04:02.255+0000][10][gc,start    ] GC(3) Pause Young (Normal) (G1 Evacuation Pause)
[2022-04-22T06:04:02.256+0000][10][gc,task     ] GC(3) Using 5 workers of 5 for evacuation
[2022-04-22T06:04:02.257+0000][10][gc,age      ] GC(3) Desired survivor size 8388608 bytes, new threshold 15 (max threshold 15)
[2022-04-22T06:04:02.263+0000][10][gc,age      ] GC(3) Age table with threshold 15 (max threshold 15)
[2022-04-22T06:04:02.264+0000][10][gc,age      ] GC(3) - age   1:    3489472 bytes,    3489472 total
[2022-04-22T06:04:02.265+0000][10][gc,age      ] GC(3) - age   2:     875832 bytes,    4365304 total
[2022-04-22T06:04:02.265+0000][10][gc,age      ] GC(3) - age   3:    1965760 bytes,    6331064 total
[2022-04-22T06:04:02.266+0000][10][gc,phases   ] GC(3)   Pre Evacuate Collection Set: 0.1ms
[2022-04-22T06:04:02.267+0000][10][gc,phases   ] GC(3)   Merge Heap Roots: 0.0ms
[2022-04-22T06:04:02.267+0000][10][gc,phases   ] GC(3)   Evacuate Collection Set: 4.0ms
[2022-04-22T06:04:02.268+0000][10][gc,phases   ] GC(3)   Post Evacuate Collection Set: 0.4ms
[2022-04-22T06:04:02.269+0000][10][gc,phases   ] GC(3)   Other: 6.6ms
[2022-04-22T06:04:02.269+0000][10][gc,heap     ] GC(3) Eden regions: 31->0(74)
[2022-04-22T06:04:02.270+0000][10][gc,heap     ] GC(3) Survivor regions: 1->2(4)
[2022-04-22T06:04:02.271+0000][10][gc,heap     ] GC(3) Old regions: 2->2
[2022-04-22T06:04:02.271+0000][10][gc,heap     ] GC(3) Archive regions: 2->2
[2022-04-22T06:04:02.272+0000][10][gc,heap     ] GC(3) Humongous regions: 0->0
[2022-04-22T06:04:02.273+0000][10][gc,metaspace] GC(3) Metaspace: 17334K(17600K)->17334K(17600K) NonClass: 15289K(15424K)->15289K(15424K) Class: 2044K(2176K)->2044K(2176K)
[2022-04-22T06:04:02.274+0000][10][gc          ] GC(3) Pause Young (Normal) (G1 Evacuation Pause) 135M->14M(512M) 18.776ms
[2022-04-22T06:04:02.274+0000][10][gc,cpu      ] GC(3) User=0.03s Sys=0.00s Real=0.02s
[2022-04-22T06:04:02.275+0000][10][safepoint   ] Safepoint "G1CollectForAllocation", Time since last: 47162792 ns, Reaching safepoint: 76291 ns, At safepoint: 20199834 ns, Total: 20276125 ns
[2022-04-22T06:04:02.529+0000][10][safepoint   ] Safepoint "ICBufferFull", Time since last: 253715833 ns, Reaching safepoint: 337375 ns, At safepoint: 11458 ns, Total: 348833 ns
[2022-04-22T06:04:02.573+0000][10][gc,start    ] GC(4) Pause Young (Normal) (G1 Evacuation Pause)
[2022-04-22T06:04:02.574+0000][10][gc,task     ] GC(4) Using 5 workers of 5 for evacuation
[2022-04-22T06:04:02.575+0000][10][gc,age      ] GC(4) Desired survivor size 20971520 bytes, new threshold 15 (max threshold 15)
[2022-04-22T06:04:02.581+0000][10][gc,age      ] GC(4) Age table with threshold 15 (max threshold 15)
[2022-04-22T06:04:02.582+0000][10][gc,age      ] GC(4) - age   1:    6178208 bytes,    6178208 total
[2022-04-22T06:04:02.583+0000][10][gc,age      ] GC(4) - age   2:    2238096 bytes,    8416304 total
[2022-04-22T06:04:02.583+0000][10][gc,age      ] GC(4) - age   3:     875504 bytes,    9291808 total
[2022-04-22T06:04:02.584+0000][10][gc,age      ] GC(4) - age   4:    1964816 bytes,   11256624 total
[2022-04-22T06:04:02.584+0000][10][gc,phases   ] GC(4)   Pre Evacuate Collection Set: 0.4ms
[2022-04-22T06:04:02.585+0000][10][gc,phases   ] GC(4)   Merge Heap Roots: 0.2ms
[2022-04-22T06:04:02.586+0000][10][gc,phases   ] GC(4)   Evacuate Collection Set: 3.3ms
[2022-04-22T06:04:02.587+0000][10][gc,phases   ] GC(4)   Post Evacuate Collection Set: 0.8ms
[2022-04-22T06:04:02.587+0000][10][gc,phases   ] GC(4)   Other: 7.1ms
[2022-04-22T06:04:02.588+0000][10][gc,heap     ] GC(4) Eden regions: 74->0(73)
[2022-04-22T06:04:02.589+0000][10][gc,heap     ] GC(4) Survivor regions: 2->3(10)
[2022-04-22T06:04:02.589+0000][10][gc,heap     ] GC(4) Old regions: 2->2
[2022-04-22T06:04:02.590+0000][10][gc,heap     ] GC(4) Archive regions: 2->2
[2022-04-22T06:04:02.591+0000][10][gc,heap     ] GC(4) Humongous regions: 0->0
[2022-04-22T06:04:02.592+0000][10][gc,metaspace] GC(4) Metaspace: 18824K(19136K)->18824K(19136K) NonClass: 16537K(16704K)->16537K(16704K) Class: 2286K(2432K)->2286K(2432K)
[2022-04-22T06:04:02.593+0000][10][gc          ] GC(4) Pause Young (Normal) (G1 Evacuation Pause) 310M->19M(512M) 20.207ms
[2022-04-22T06:04:02.594+0000][10][gc,cpu      ] GC(4) User=0.01s Sys=0.00s Real=0.02s
[2022-04-22T06:04:02.594+0000][10][safepoint   ] Safepoint "G1CollectForAllocation", Time since last: 43352167 ns, Reaching safepoint: 46625 ns, At safepoint: 21667209 ns, Total: 21713834 ns
[2022-04-22T06:04:02.768+0000][10][safepoint   ] Safepoint "ICBufferFull", Time since last: 173911666 ns, Reaching safepoint: 108459 ns, At safepoint: 9833 ns, Total: 118292 ns
[2022-04-22T06:04:02.827+0000][10][gc,start    ] GC(5) Pause Young (Normal) (G1 Evacuation Pause)
[2022-04-22T06:04:02.828+0000][10][gc,task     ] GC(5) Using 5 workers of 5 for evacuation
[2022-04-22T06:04:02.829+0000][10][gc,age      ] GC(5) Desired survivor size 20971520 bytes, new threshold 15 (max threshold 15)
[2022-04-22T06:04:02.836+0000][10][gc,age      ] GC(5) Age table with threshold 15 (max threshold 15)
[2022-04-22T06:04:02.837+0000][10][gc,age      ] GC(5) - age   1:    2232448 bytes,    2232448 total
[2022-04-22T06:04:02.838+0000][10][gc,age      ] GC(5) - age   2:    5083184 bytes,    7315632 total
[2022-04-22T06:04:02.838+0000][10][gc,age      ] GC(5) - age   3:    2237632 bytes,    9553264 total
[2022-04-22T06:04:02.839+0000][10][gc,age      ] GC(5) - age   4:     875232 bytes,   10428496 total
[2022-04-22T06:04:02.840+0000][10][gc,age      ] GC(5) - age   5:    1964752 bytes,   12393248 total
[2022-04-22T06:04:02.840+0000][10][gc,phases   ] GC(5)   Pre Evacuate Collection Set: 0.5ms
[2022-04-22T06:04:02.841+0000][10][gc,phases   ] GC(5)   Merge Heap Roots: 0.3ms
[2022-04-22T06:04:02.843+0000][10][gc,phases   ] GC(5)   Evacuate Collection Set: 3.8ms
[2022-04-22T06:04:02.844+0000][10][gc,phases   ] GC(5)   Post Evacuate Collection Set: 0.9ms
[2022-04-22T06:04:02.844+0000][10][gc,phases   ] GC(5)   Other: 8.2ms
[2022-04-22T06:04:02.845+0000][10][gc,heap     ] GC(5) Eden regions: 73->0(72)
[2022-04-22T06:04:02.846+0000][10][gc,heap     ] GC(5) Survivor regions: 3->4(10)
[2022-04-22T06:04:02.847+0000][10][gc,heap     ] GC(5) Old regions: 2->2
[2022-04-22T06:04:02.847+0000][10][gc,heap     ] GC(5) Archive regions: 2->2
[2022-04-22T06:04:02.848+0000][10][gc,heap     ] GC(5) Humongous regions: 0->0
[2022-04-22T06:04:02.849+0000][10][gc,metaspace] GC(5) Metaspace: 19709K(20096K)->19709K(20096K) NonClass: 17291K(17536K)->17291K(17536K) Class: 2418K(2560K)->2418K(2560K)
[2022-04-22T06:04:02.850+0000][10][gc          ] GC(5) Pause Young (Normal) (G1 Evacuation Pause) 311M->20M(512M) 22.926ms
[2022-04-22T06:04:02.850+0000][10][gc,cpu      ] GC(5) User=0.01s Sys=0.00s Real=0.03s
[2022-04-22T06:04:02.851+0000][10][safepoint   ] Safepoint "G1CollectForAllocation", Time since last: 58137500 ns, Reaching safepoint: 61958 ns, At safepoint: 24193000 ns, Total: 24254958 ns
[2022-04-22T06:04:03.091+0000][10][gc,start    ] GC(6) Pause Young (Normal) (G1 Evacuation Pause)
[2022-04-22T06:04:03.092+0000][10][gc,task     ] GC(6) Using 5 workers of 5 for evacuation
[2022-04-22T06:04:03.093+0000][10][gc,age      ] GC(6) Desired survivor size 20971520 bytes, new threshold 15 (max threshold 15)
[2022-04-22T06:04:03.099+0000][10][gc,age      ] GC(6) Age table with threshold 15 (max threshold 15)
[2022-04-22T06:04:03.100+0000][10][gc,age      ] GC(6) - age   1:    3215112 bytes,    3215112 total
[2022-04-22T06:04:03.101+0000][10][gc,age      ] GC(6) - age   2:    1319896 bytes,    4535008 total
[2022-04-22T06:04:03.102+0000][10][gc,age      ] GC(6) - age   3:    5078152 bytes,    9613160 total
[2022-04-22T06:04:03.103+0000][10][gc,age      ] GC(6) - age   4:    2236144 bytes,   11849304 total
[2022-04-22T06:04:03.104+0000][10][gc,age      ] GC(6) - age   5:     874520 bytes,   12723824 total
[2022-04-22T06:04:03.105+0000][10][gc,age      ] GC(6) - age   6:    1964384 bytes,   14688208 total
[2022-04-22T06:04:03.105+0000][10][gc,phases   ] GC(6)   Pre Evacuate Collection Set: 0.2ms
[2022-04-22T06:04:03.106+0000][10][gc,phases   ] GC(6)   Merge Heap Roots: 0.2ms
[2022-04-22T06:04:03.107+0000][10][gc,phases   ] GC(6)   Evacuate Collection Set: 3.6ms
[2022-04-22T06:04:03.107+0000][10][gc,phases   ] GC(6)   Post Evacuate Collection Set: 0.9ms
[2022-04-22T06:04:03.108+0000][10][gc,phases   ] GC(6)   Other: 9.8ms
[2022-04-22T06:04:03.108+0000][10][gc,heap     ] GC(6) Eden regions: 72->0(72)
[2022-04-22T06:04:03.109+0000][10][gc,heap     ] GC(6) Survivor regions: 4->4(10)
[2022-04-22T06:04:03.109+0000][10][gc,heap     ] GC(6) Old regions: 2->2
[2022-04-22T06:04:03.110+0000][10][gc,heap     ] GC(6) Archive regions: 2->2
[2022-04-22T06:04:03.110+0000][10][gc,heap     ] GC(6) Humongous regions: 0->0
[2022-04-22T06:04:03.111+0000][10][gc,metaspace] GC(6) Metaspace: 20899K(21440K)->20899K(21440K) NonClass: 18320K(18688K)->18320K(18688K) Class: 2579K(2752K)->2579K(2752K)
[2022-04-22T06:04:03.111+0000][10][gc          ] GC(6) Pause Young (Normal) (G1 Evacuation Pause) 308M->22M(512M) 20.478ms
[2022-04-22T06:04:03.112+0000][10][gc,cpu      ] GC(6) User=0.01s Sys=0.00s Real=0.02s
[2022-04-22T06:04:03.112+0000][10][safepoint   ] Safepoint "G1CollectForAllocation", Time since last: 239932042 ns, Reaching safepoint: 130083 ns, At safepoint: 21539000 ns, Total: 21669083 ns
[2022-04-22T06:04:03.260+0000][10][gc,start    ] GC(7) Pause Young (Concurrent Start) (Metadata GC Threshold)
[2022-04-22T06:04:03.262+0000][10][gc,task     ] GC(7) Using 5 workers of 5 for evacuation
[2022-04-22T06:04:03.263+0000][10][gc,age      ] GC(7) Desired survivor size 20971520 bytes, new threshold 15 (max threshold 15)
[2022-04-22T06:04:03.268+0000][10][gc,age      ] GC(7) Age table with threshold 15 (max threshold 15)
[2022-04-22T06:04:03.269+0000][10][gc,age      ] GC(7) - age   1:     728592 bytes,     728592 total
[2022-04-22T06:04:03.270+0000][10][gc,age      ] GC(7) - age   2:    2176464 bytes,    2905056 total
[2022-04-22T06:04:03.270+0000][10][gc,age      ] GC(7) - age   3:    1319136 bytes,    4224192 total
[2022-04-22T06:04:03.273+0000][10][gc,age      ] GC(7) - age   4:    5077912 bytes,    9302104 total
[2022-04-22T06:04:03.273+0000][10][gc,age      ] GC(7) - age   5:    2236064 bytes,   11538168 total
[2022-04-22T06:04:03.274+0000][10][gc,age      ] GC(7) - age   6:     874520 bytes,   12412688 total
[2022-04-22T06:04:03.275+0000][10][gc,age      ] GC(7) - age   7:    1964384 bytes,   14377072 total
[2022-04-22T06:04:03.276+0000][10][gc,phases   ] GC(7)   Pre Evacuate Collection Set: 0.1ms
[2022-04-22T06:04:03.277+0000][10][gc,phases   ] GC(7)   Merge Heap Roots: 0.5ms
[2022-04-22T06:04:03.277+0000][10][gc,phases   ] GC(7)   Evacuate Collection Set: 3.0ms
[2022-04-22T06:04:03.278+0000][10][gc,phases   ] GC(7)   Post Evacuate Collection Set: 0.7ms
[2022-04-22T06:04:03.279+0000][10][gc,phases   ] GC(7)   Other: 11.2ms
[2022-04-22T06:04:03.279+0000][10][gc,heap     ] GC(7) Eden regions: 56->0(72)
[2022-04-22T06:04:03.280+0000][10][gc,heap     ] GC(7) Survivor regions: 4->4(10)
[2022-04-22T06:04:03.280+0000][10][gc,heap     ] GC(7) Old regions: 2->2
[2022-04-22T06:04:03.281+0000][10][gc,heap     ] GC(7) Archive regions: 2->2
[2022-04-22T06:04:03.282+0000][10][gc,heap     ] GC(7) Humongous regions: 0->0
[2022-04-22T06:04:03.282+0000][10][gc,metaspace] GC(7) Metaspace: 21000K(21504K)->21000K(21504K) NonClass: 18400K(18752K)->18400K(18752K) Class: 2599K(2752K)->2599K(2752K)
[2022-04-22T06:04:03.283+0000][10][gc          ] GC(7) Pause Young (Concurrent Start) (Metadata GC Threshold) 244M->23M(512M) 22.428ms
[2022-04-22T06:04:03.283+0000][10][gc,cpu      ] GC(7) User=0.01s Sys=0.01s Real=0.02s
[2022-04-22T06:04:03.284+0000][10][gc          ] GC(8) Concurrent Mark Cycle
[2022-04-22T06:04:03.284+0000][10][gc,marking  ] GC(8) Concurrent Clear Claimed Marks
[2022-04-22T06:04:03.285+0000][10][gc,marking  ] GC(8) Concurrent Clear Claimed Marks 0.468ms
[2022-04-22T06:04:03.285+0000][10][gc,marking  ] GC(8) Concurrent Scan Root Regions
[2022-04-22T06:04:03.284+0000][10][safepoint   ] Safepoint "CollectForMetadataAllocation", Time since last: 147502334 ns, Reaching safepoint: 162833 ns, At safepoint: 23649292 ns, Total: 23812125 ns
[2022-04-22T06:04:03.289+0000][10][gc,marking  ] GC(8) Concurrent Scan Root Regions 3.580ms
[2022-04-22T06:04:03.290+0000][10][gc,marking  ] GC(8) Concurrent Mark
[2022-04-22T06:04:03.291+0000][10][gc,marking  ] GC(8) Concurrent Mark From Roots
[2022-04-22T06:04:03.292+0000][10][gc,task     ] GC(8) Using 1 workers of 1 for marking
[2022-04-22T06:04:03.296+0000][10][gc,marking  ] GC(8) Concurrent Mark From Roots 4.161ms
[2022-04-22T06:04:03.296+0000][10][gc,marking  ] GC(8) Concurrent Preclean
[2022-04-22T06:04:03.297+0000][10][gc,marking  ] GC(8) Concurrent Preclean 0.748ms
[2022-04-22T06:04:03.298+0000][10][gc,start    ] GC(8) Pause Remark
[2022-04-22T06:04:03.301+0000][10][gc          ] GC(8) Pause Remark 35M->35M(512M) 2.893ms
[2022-04-22T06:04:03.302+0000][10][gc,cpu      ] GC(8) User=0.01s Sys=0.00s Real=0.00s
[2022-04-22T06:04:03.303+0000][10][safepoint   ] Safepoint "G1Concurrent", Time since last: 14129000 ns, Reaching safepoint: 386500 ns, At safepoint: 4687958 ns, Total: 5074458 ns
[2022-04-22T06:04:03.304+0000][10][gc,marking  ] GC(8) Concurrent Mark 13.633ms
[2022-04-22T06:04:03.304+0000][10][gc,marking  ] GC(8) Concurrent Rebuild Remembered Sets
[2022-04-22T06:04:03.310+0000][10][gc,marking  ] GC(8) Concurrent Rebuild Remembered Sets 5.701ms
[2022-04-22T06:04:03.311+0000][10][gc,start    ] GC(8) Pause Cleanup
[2022-04-22T06:04:03.312+0000][10][gc          ] GC(8) Pause Cleanup 37M->37M(512M) 0.804ms
[2022-04-22T06:04:03.313+0000][10][gc,cpu      ] GC(8) User=0.00s Sys=0.00s Real=0.00s
[2022-04-22T06:04:03.313+0000][10][safepoint   ] Safepoint "G1Concurrent", Time since last: 7882792 ns, Reaching safepoint: 337958 ns, At safepoint: 2111709 ns, Total: 2449667 ns
[2022-04-22T06:04:03.314+0000][10][gc,marking  ] GC(8) Concurrent Cleanup for Next Mark
[2022-04-22T06:04:03.315+0000][10][gc,marking  ] GC(8) Concurrent Cleanup for Next Mark 0.899ms
[2022-04-22T06:04:03.315+0000][10][gc          ] GC(8) Concurrent Mark Cycle 31.683ms
[2022-04-22T06:04:03.585+0000][10][safepoint   ] Safepoint "ICBufferFull", Time since last: 271399541 ns, Reaching safepoint: 133459 ns, At safepoint: 13791 ns, Total: 147250 ns
[2022-04-22T06:04:03.667+0000][10][safepoint   ] Safepoint "ICBufferFull", Time since last: 82226000 ns, Reaching safepoint: 185125 ns, At safepoint: 3375 ns, Total: 188500 ns
[2022-04-22T06:04:03.669+0000][10][safepoint   ] Safepoint "ICBufferFull", Time since last: 1667750 ns, Reaching safepoint: 58834 ns, At safepoint: 86125 ns, Total: 144959 ns
[2022-04-22T06:04:03.670+0000][10][safepoint   ] Safepoint "ICBufferFull", Time since last: 1213666 ns, Reaching safepoint: 108459 ns, At safepoint: 3125 ns, Total: 111584 ns
[2022-04-22T06:04:03.671+0000][10][safepoint   ] Safepoint "ICBufferFull", Time since last: 953916 ns, Reaching safepoint: 91834 ns, At safepoint: 14625 ns, Total: 106459 ns
[2022-04-22T06:04:03.673+0000][10][safepoint   ] Safepoint "ICBufferFull", Time since last: 1198416 ns, Reaching safepoint: 26167 ns, At safepoint: 1458 ns, Total: 27625 ns
[2022-04-22T06:04:03.674+0000][10][safepoint   ] Safepoint "ICBufferFull", Time since last: 921375 ns, Reaching safepoint: 128500 ns, At safepoint: 6667 ns, Total: 135167 ns
[2022-04-22T06:04:03.675+0000][10][safepoint   ] Safepoint "ICBufferFull", Time since last: 1062458 ns, Reaching safepoint: 199250 ns, At safepoint: 11584 ns, Total: 210834 ns
[2022-04-22T06:04:03.684+0000][10][safepoint   ] Safepoint "ICBufferFull", Time since last: 8375625 ns, Reaching safepoint: 135625 ns, At safepoint: 48791 ns, Total: 184416 ns
[2022-04-22T06:04:03.685+0000][10][safepoint   ] Safepoint "ICBufferFull", Time since last: 1608000 ns, Reaching safepoint: 48917 ns, At safepoint: 3583 ns, Total: 52500 ns
[2022-04-22T06:04:03.687+0000][10][safepoint   ] Safepoint "ICBufferFull", Time since last: 1142250 ns, Reaching safepoint: 184000 ns, At safepoint: 8959 ns, Total: 192959 ns
[2022-04-22T06:04:03.688+0000][10][safepoint   ] Safepoint "ICBufferFull", Time since last: 1142125 ns, Reaching safepoint: 99166 ns, At safepoint: 3792 ns, Total: 102958 ns
[2022-04-22T06:04:03.701+0000][10][safepoint   ] Safepoint "ICBufferFull", Time since last: 12942417 ns, Reaching safepoint: 121750 ns, At safepoint: 3208 ns, Total: 124958 ns
[2022-04-22T06:04:03.707+0000][10][safepoint   ] Safepoint "ICBufferFull", Time since last: 5597667 ns, Reaching safepoint: 173208 ns, At safepoint: 9875 ns, Total: 183083 ns
[2022-04-22T06:04:03.710+0000][10][safepoint   ] Safepoint "ICBufferFull", Time since last: 3086958 ns, Reaching safepoint: 44584 ns, At safepoint: 1541 ns, Total: 46125 ns
[2022-04-22T06:04:03.711+0000][10][safepoint   ] Safepoint "ICBufferFull", Time since last: 1140209 ns, Reaching safepoint: 289958 ns, At safepoint: 2417 ns, Total: 292375 ns
[2022-04-22T06:04:03.715+0000][10][safepoint   ] Safepoint "ICBufferFull", Time since last: 3284458 ns, Reaching safepoint: 135708 ns, At safepoint: 2792 ns, Total: 138500 ns
[2022-04-22T06:04:03.720+0000][10][safepoint   ] Safepoint "ICBufferFull", Time since last: 5830583 ns, Reaching safepoint: 66334 ns, At safepoint: 2708 ns, Total: 69042 ns
[2022-04-22T06:04:03.799+0000][10][safepoint   ] Safepoint "ICBufferFull", Time since last: 78364542 ns, Reaching safepoint: 166458 ns, At safepoint: 3250 ns, Total: 169708 ns
[2022-04-22T06:04:04.012+0000][10][safepoint   ] Safepoint "ICBufferFull", Time since last: 212983750 ns, Reaching safepoint: 206000 ns, At safepoint: 8959 ns, Total: 214959 ns
[2022-04-22T06:04:04.250+0000][10][safepoint   ] Safepoint "ICBufferFull", Time since last: 237657833 ns, Reaching safepoint: 155292 ns, At safepoint: 16166 ns, Total: 171458 ns
[2022-04-22T06:04:04.527+0000][10][safepoint   ] Safepoint "ICBufferFull", Time since last: 276330667 ns, Reaching safepoint: 151917 ns, At safepoint: 7500 ns, Total: 159417 ns
[2022-04-22T06:04:04.651+0000][10][gc,start    ] GC(9) Pause Young (Normal) (G1 Evacuation Pause)
[2022-04-22T06:04:04.652+0000][10][gc,task     ] GC(9) Using 5 workers of 5 for evacuation
[2022-04-22T06:04:04.653+0000][10][gc,age      ] GC(9) Desired survivor size 20971520 bytes, new threshold 15 (max threshold 15)
[2022-04-22T06:04:04.673+0000][10][gc,age      ] GC(9) Age table with threshold 15 (max threshold 15)
[2022-04-22T06:04:04.674+0000][10][gc,age      ] GC(9) - age   1:   27285568 bytes,   27285568 total
[2022-04-22T06:04:04.675+0000][10][gc,age      ] GC(9) - age   2:     706680 bytes,   27992248 total
[2022-04-22T06:04:04.676+0000][10][gc,age      ] GC(9) - age   3:    2143304 bytes,   30135552 total
[2022-04-22T06:04:04.677+0000][10][gc,age      ] GC(9) - age   4:    1303152 bytes,   31438704 total
[2022-04-22T06:04:04.678+0000][10][gc,age      ] GC(9) - age   5:    5037544 bytes,   36476248 total
[2022-04-22T06:04:04.679+0000][10][gc,age      ] GC(9) - age   6:    2157120 bytes,   38633368 total
[2022-04-22T06:04:04.680+0000][10][gc,age      ] GC(9) - age   7:     842224 bytes,   39475592 total
[2022-04-22T06:04:04.680+0000][10][gc,age      ] GC(9) - age   8:    1957000 bytes,   41432592 total
[2022-04-22T06:04:04.681+0000][10][gc,phases   ] GC(9)   Pre Evacuate Collection Set: 0.0ms
[2022-04-22T06:04:04.682+0000][10][gc,phases   ] GC(9)   Merge Heap Roots: 0.2ms
[2022-04-22T06:04:04.683+0000][10][gc,phases   ] GC(9)   Evacuate Collection Set: 17.2ms
[2022-04-22T06:04:04.684+0000][10][gc,phases   ] GC(9)   Post Evacuate Collection Set: 1.3ms
[2022-04-22T06:04:04.685+0000][10][gc,phases   ] GC(9)   Other: 11.7ms
[2022-04-22T06:04:04.685+0000][10][gc,heap     ] GC(9) Eden regions: 72->0(66)
[2022-04-22T06:04:04.686+0000][10][gc,heap     ] GC(9) Survivor regions: 4->10(10)
[2022-04-22T06:04:04.687+0000][10][gc,heap     ] GC(9) Old regions: 2->2
[2022-04-22T06:04:04.688+0000][10][gc,heap     ] GC(9) Archive regions: 2->2
[2022-04-22T06:04:04.689+0000][10][gc,heap     ] GC(9) Humongous regions: 0->0
[2022-04-22T06:04:04.689+0000][10][gc,metaspace] GC(9) Metaspace: 34398K(35456K)->34398K(35456K) NonClass: 29820K(30464K)->29820K(30464K) Class: 4577K(4992K)->4577K(4992K)
[2022-04-22T06:04:04.690+0000][10][gc          ] GC(9) Pause Young (Normal) (G1 Evacuation Pause) 311M->48M(512M) 39.255ms
[2022-04-22T06:04:04.691+0000][10][gc,cpu      ] GC(9) User=0.06s Sys=0.00s Real=0.04s
[2022-04-22T06:04:04.691+0000][10][safepoint   ] Safepoint "G1CollectForAllocation", Time since last: 124130500 ns, Reaching safepoint: 106958 ns, At safepoint: 40362209 ns, Total: 40469167 ns
[2022-04-22T06:04:04.713+0000][10][gc,start    ] GC(10) Pause Young (Concurrent Start) (Metadata GC Threshold)
[2022-04-22T06:04:04.714+0000][10][gc,task     ] GC(10) Using 5 workers of 5 for evacuation
[2022-04-22T06:04:04.715+0000][10][gc,age      ] GC(10) Desired survivor size 20971520 bytes, new threshold 1 (max threshold 15)
[2022-04-22T06:04:04.736+0000][10][gc,age      ] GC(10) Age table with threshold 1 (max threshold 15)
[2022-04-22T06:04:04.737+0000][10][gc,age      ] GC(10) - age   1:     183344 bytes,     183344 total
[2022-04-22T06:04:04.738+0000][10][gc,phases   ] GC(10)   Pre Evacuate Collection Set: 0.5ms
[2022-04-22T06:04:04.739+0000][10][gc,phases   ] GC(10)   Merge Heap Roots: 0.0ms
[2022-04-22T06:04:04.739+0000][10][gc,phases   ] GC(10)   Evacuate Collection Set: 18.6ms
[2022-04-22T06:04:04.740+0000][10][gc,phases   ] GC(10)   Post Evacuate Collection Set: 0.7ms
[2022-04-22T06:04:04.741+0000][10][gc,phases   ] GC(10)   Other: 4.9ms
[2022-04-22T06:04:04.742+0000][10][gc,heap     ] GC(10) Eden regions: 1->0(74)
[2022-04-22T06:04:04.742+0000][10][gc,heap     ] GC(10) Survivor regions: 10->2(10)
[2022-04-22T06:04:04.743+0000][10][gc,heap     ] GC(10) Old regions: 2->12
[2022-04-22T06:04:04.744+0000][10][gc,heap     ] GC(10) Archive regions: 2->2
[2022-04-22T06:04:04.745+0000][10][gc,heap     ] GC(10) Humongous regions: 0->0
[2022-04-22T06:04:04.746+0000][10][gc,metaspace] GC(10) Metaspace: 34966K(35968K)->34966K(35968K) NonClass: 30324K(30912K)->30324K(30912K) Class: 4641K(5056K)->4641K(5056K)
[2022-04-22T06:04:04.746+0000][10][gc          ] GC(10) Pause Young (Concurrent Start) (Metadata GC Threshold) 52M->53M(512M) 33.142ms
[2022-04-22T06:04:04.747+0000][10][gc,cpu      ] GC(10) User=0.08s Sys=0.01s Real=0.04s
[2022-04-22T06:04:04.749+0000][10][gc          ] GC(11) Concurrent Mark Cycle
[2022-04-22T06:04:04.750+0000][10][gc,marking  ] GC(11) Concurrent Clear Claimed Marks
[2022-04-22T06:04:04.751+0000][10][gc,marking  ] GC(11) Concurrent Clear Claimed Marks 1.104ms
[2022-04-22T06:04:04.751+0000][10][gc,marking  ] GC(11) Concurrent Scan Root Regions
[2022-04-22T06:04:04.749+0000][10][safepoint   ] Safepoint "CollectForMetadataAllocation", Time since last: 22049916 ns, Reaching safepoint: 53875 ns, At safepoint: 35368167 ns, Total: 35422042 ns
[2022-04-22T06:04:04.767+0000][10][safepoint   ] Safepoint "CollectForMetadataAllocation", Time since last: 18226292 ns, Reaching safepoint: 120291 ns, At safepoint: 39000 ns, Total: 159291 ns
[2022-04-22T06:04:04.769+0000][10][gc,marking  ] GC(11) Concurrent Scan Root Regions 18.011ms
[2022-04-22T06:04:04.770+0000][10][gc,marking  ] GC(11) Concurrent Mark
[2022-04-22T06:04:04.771+0000][10][gc,marking  ] GC(11) Concurrent Mark From Roots
[2022-04-22T06:04:04.771+0000][10][gc,task     ] GC(11) Using 1 workers of 1 for marking
[2022-04-22T06:04:04.782+0000][10][gc,marking  ] GC(11) Concurrent Mark From Roots 10.822ms
[2022-04-22T06:04:04.782+0000][10][gc,marking  ] GC(11) Concurrent Preclean
[2022-04-22T06:04:04.784+0000][10][gc,marking  ] GC(11) Concurrent Preclean 1.052ms
[2022-04-22T06:04:04.784+0000][10][gc,start    ] GC(11) Pause Remark
[2022-04-22T06:04:04.788+0000][10][gc          ] GC(11) Pause Remark 57M->57M(512M) 3.887ms
[2022-04-22T06:04:04.789+0000][10][gc,cpu      ] GC(11) User=0.01s Sys=0.00s Real=0.01s
[2022-04-22T06:04:04.790+0000][10][safepoint   ] Safepoint "G1Concurrent", Time since last: 17251917 ns, Reaching safepoint: 238167 ns, At safepoint: 5263250 ns, Total: 5501417 ns
[2022-04-22T06:04:04.791+0000][10][gc,marking  ] GC(11) Concurrent Mark 20.329ms
[2022-04-22T06:04:04.791+0000][10][gc,marking  ] GC(11) Concurrent Rebuild Remembered Sets
[2022-04-22T06:04:04.818+0000][10][gc,marking  ] GC(11) Concurrent Rebuild Remembered Sets 27.088ms
[2022-04-22T06:04:04.820+0000][10][gc,start    ] GC(11) Pause Cleanup
[2022-04-22T06:04:04.821+0000][10][gc          ] GC(11) Pause Cleanup 59M->59M(512M) 1.365ms
[2022-04-22T06:04:04.822+0000][10][gc,cpu      ] GC(11) User=0.00s Sys=0.00s Real=0.00s
[2022-04-22T06:04:04.823+0000][10][safepoint   ] Safepoint "G1Concurrent", Time since last: 30074041 ns, Reaching safepoint: 187084 ns, At safepoint: 2827625 ns, Total: 3014709 ns
[2022-04-22T06:04:04.824+0000][10][gc,marking  ] GC(11) Concurrent Cleanup for Next Mark
[2022-04-22T06:04:04.824+0000][10][gc,marking  ] GC(11) Concurrent Cleanup for Next Mark 0.859ms
[2022-04-22T06:04:04.825+0000][10][gc          ] GC(11) Concurrent Mark Cycle 76.873ms
[2022-04-22T06:04:05.053+0000][10][safepoint   ] Safepoint "ICBufferFull", Time since last: 230110333 ns, Reaching safepoint: 191833 ns, At safepoint: 3792 ns, Total: 195625 ns
[2022-04-22T06:04:05.363+0000][10][safepoint   ] Safepoint "ICBufferFull", Time since last: 309501833 ns, Reaching safepoint: 160042 ns, At safepoint: 11458 ns, Total: 171500 ns
[2022-04-22T06:04:05.505+0000][10][safepoint   ] Safepoint "ICBufferFull", Time since last: 142119709 ns, Reaching safepoint: 220708 ns, At safepoint: 3542 ns, Total: 224250 ns
[2022-04-22T06:04:05.522+0000][10][safepoint   ] Safepoint "ICBufferFull", Time since last: 16835250 ns, Reaching safepoint: 248958 ns, At safepoint: 3334 ns, Total: 252292 ns
[2022-04-22T06:04:05.624+0000][10][safepoint   ] Safepoint "ICBufferFull", Time since last: 102027875 ns, Reaching safepoint: 151625 ns, At safepoint: 15750 ns, Total: 167375 ns
[2022-04-22T06:04:05.975+0000][10][gc,start    ] GC(12) Pause Young (Concurrent Start) (G1 Evacuation Pause)
[2022-04-22T06:04:05.976+0000][10][gc,task     ] GC(12) Using 5 workers of 5 for evacuation
[2022-04-22T06:04:05.978+0000][10][gc,age      ] GC(12) Desired survivor size 20971520 bytes, new threshold 15 (max threshold 15)
[2022-04-22T06:04:05.984+0000][10][gc,age      ] GC(12) Age table with threshold 15 (max threshold 15)
[2022-04-22T06:04:05.986+0000][10][gc,age      ] GC(12) - age   1:    6136448 bytes,    6136448 total
[2022-04-22T06:04:05.987+0000][10][gc,age      ] GC(12) - age   2:      93256 bytes,    6229704 total
[2022-04-22T06:04:05.989+0000][10][gc,phases   ] GC(12)   Pre Evacuate Collection Set: 0.3ms
[2022-04-22T06:04:05.989+0000][10][gc,phases   ] GC(12)   Merge Heap Roots: 0.2ms
[2022-04-22T06:04:05.990+0000][10][gc,phases   ] GC(12)   Evacuate Collection Set: 4.2ms
[2022-04-22T06:04:05.991+0000][10][gc,phases   ] GC(12)   Post Evacuate Collection Set: 0.8ms
[2022-04-22T06:04:05.992+0000][10][gc,phases   ] GC(12)   Other: 7.7ms
[2022-04-22T06:04:05.993+0000][10][gc,heap     ] GC(12) Eden regions: 74->0(74)
[2022-04-22T06:04:05.994+0000][10][gc,heap     ] GC(12) Survivor regions: 2->2(10)
[2022-04-22T06:04:05.994+0000][10][gc,heap     ] GC(12) Old regions: 12->12
[2022-04-22T06:04:05.996+0000][10][gc,heap     ] GC(12) Archive regions: 2->2
[2022-04-22T06:04:05.997+0000][10][gc,heap     ] GC(12) Humongous regions: 0->0
[2022-04-22T06:04:05.998+0000][10][gc,metaspace] GC(12) Metaspace: 52242K(53440K)->52242K(53440K) NonClass: 45157K(45888K)->45157K(45888K) Class: 7084K(7552K)->7084K(7552K)
[2022-04-22T06:04:05.998+0000][10][gc          ] GC(12) Pause Young (Concurrent Start) (G1 Evacuation Pause) 349M->54M(512M) 23.138ms
[2022-04-22T06:04:05.999+0000][10][gc,cpu      ] GC(12) User=0.01s Sys=0.00s Real=0.03s
[2022-04-22T06:04:06.000+0000][10][safepoint   ] Safepoint "G1CollectForAllocation", Time since last: 350737083 ns, Reaching safepoint: 82208 ns, At safepoint: 24505375 ns, Total: 24587583 ns
[2022-04-22T06:04:06.000+0000][10][gc          ] GC(13) Concurrent Mark Cycle
[2022-04-22T06:04:06.002+0000][10][gc,marking  ] GC(13) Concurrent Clear Claimed Marks
[2022-04-22T06:04:06.003+0000][10][gc,marking  ] GC(13) Concurrent Clear Claimed Marks 0.832ms
[2022-04-22T06:04:06.004+0000][10][gc,marking  ] GC(13) Concurrent Scan Root Regions
[2022-04-22T06:04:06.008+0000][10][gc,marking  ] GC(13) Concurrent Scan Root Regions 4.779ms
[2022-04-22T06:04:06.009+0000][10][gc,marking  ] GC(13) Concurrent Mark
[2022-04-22T06:04:06.010+0000][10][gc,marking  ] GC(13) Concurrent Mark From Roots
[2022-04-22T06:04:06.010+0000][10][gc,task     ] GC(13) Using 1 workers of 1 for marking
[2022-04-22T06:04:06.049+0000][10][gc,marking  ] GC(13) Concurrent Mark From Roots 38.820ms
[2022-04-22T06:04:06.050+0000][10][gc,marking  ] GC(13) Concurrent Preclean
[2022-04-22T06:04:06.052+0000][10][gc,marking  ] GC(13) Concurrent Preclean 1.858ms
[2022-04-22T06:04:06.053+0000][10][gc,start    ] GC(13) Pause Remark
[2022-04-22T06:04:06.057+0000][10][gc          ] GC(13) Pause Remark 76M->76M(512M) 3.784ms
[2022-04-22T06:04:06.057+0000][10][gc,cpu      ] GC(13) User=0.00s Sys=0.00s Real=0.01s
[2022-04-22T06:04:06.058+0000][10][safepoint   ] Safepoint "G1Concurrent", Time since last: 52866792 ns, Reaching safepoint: 179083 ns, At safepoint: 5636917 ns, Total: 5816000 ns
[2022-04-22T06:04:06.059+0000][10][gc,marking  ] GC(13) Concurrent Mark 50.078ms
[2022-04-22T06:04:06.060+0000][10][gc,marking  ] GC(13) Concurrent Rebuild Remembered Sets
[2022-04-22T06:04:06.085+0000][10][gc,marking  ] GC(13) Concurrent Rebuild Remembered Sets 24.289ms
[2022-04-22T06:04:06.086+0000][10][gc,start    ] GC(13) Pause Cleanup
[2022-04-22T06:04:06.087+0000][10][gc          ] GC(13) Pause Cleanup 82M->82M(512M) 0.848ms
[2022-04-22T06:04:06.087+0000][10][gc,cpu      ] GC(13) User=0.01s Sys=0.00s Real=0.01s
[2022-04-22T06:04:06.088+0000][10][safepoint   ] Safepoint "G1Concurrent", Time since last: 27113125 ns, Reaching safepoint: 259542 ns, At safepoint: 2209833 ns, Total: 2469375 ns
[2022-04-22T06:04:06.089+0000][10][gc,marking  ] GC(13) Concurrent Cleanup for Next Mark
[2022-04-22T06:04:06.090+0000][10][gc,marking  ] GC(13) Concurrent Cleanup for Next Mark 0.917ms
[2022-04-22T06:04:06.091+0000][10][gc          ] GC(13) Concurrent Mark Cycle 90.651ms
[2022-04-22T06:04:06.300+0000][10][safepoint   ] Safepoint "ICBufferFull", Time since last: 211420542 ns, Reaching safepoint: 211958 ns, At safepoint: 16500 ns, Total: 228458 ns
[2022-04-22T06:04:06.577+0000][10][safepoint   ] Safepoint "ICBufferFull", Time since last: 276239584 ns, Reaching safepoint: 583000 ns, At safepoint: 24208 ns, Total: 607208 ns
[2022-04-22T06:04:06.983+0000][10][safepoint   ] Safepoint "ICBufferFull", Time since last: 406316292 ns, Reaching safepoint: 235375 ns, At safepoint: 28417 ns, Total: 263792 ns
[2022-04-22T06:04:07.188+0000][10][safepoint   ] Safepoint "ICBufferFull", Time since last: 204625416 ns, Reaching safepoint: 281542 ns, At safepoint: 4208 ns, Total: 285750 ns
[2022-04-22T06:04:07.332+0000][10][safepoint   ] Safepoint "ICBufferFull", Time since last: 143927209 ns, Reaching safepoint: 320125 ns, At safepoint: 4791 ns, Total: 324916 ns
[2022-04-22T06:04:07.543+0000][10][safepoint   ] Safepoint "ICBufferFull", Time since last: 210238626 ns, Reaching safepoint: 547833 ns, At safepoint: 57625 ns, Total: 605458 ns
[2022-04-22T06:04:07.544+0000][10][safepoint   ] Safepoint "ICBufferFull", Time since last: 1180500 ns, Reaching safepoint: 123750 ns, At safepoint: 2917 ns, Total: 126667 ns
[2022-04-22T06:04:07.546+0000][10][safepoint   ] Safepoint "ICBufferFull", Time since last: 1006250 ns, Reaching safepoint: 449833 ns, At safepoint: 45250 ns, Total: 495083 ns
[2022-04-22T06:04:07.651+0000][10][safepoint   ] Safepoint "ICBufferFull", Time since last: 104504417 ns, Reaching safepoint: 163583 ns, At safepoint: 7042 ns, Total: 170625 ns
[2022-04-22T06:04:07.999+0000][10][safepoint   ] Safepoint "ICBufferFull", Time since last: 348391000 ns, Reaching safepoint: 241958 ns, At safepoint: 9292 ns, Total: 251250 ns
[2022-04-22T06:04:08.188+0000][10][gc,start    ] GC(14) Pause Young (Concurrent Start) (Metadata GC Threshold)
[2022-04-22T06:04:08.189+0000][10][gc,task     ] GC(14) Using 5 workers of 5 for evacuation
[2022-04-22T06:04:08.190+0000][10][gc,age      ] GC(14) Desired survivor size 20971520 bytes, new threshold 15 (max threshold 15)
[2022-04-22T06:04:08.206+0000][10][gc,age      ] GC(14) Age table with threshold 15 (max threshold 15)
[2022-04-22T06:04:08.207+0000][10][gc,age      ] GC(14) - age   1:   14341984 bytes,   14341984 total
[2022-04-22T06:04:08.208+0000][10][gc,age      ] GC(14) - age   2:    5881096 bytes,   20223080 total
[2022-04-22T06:04:08.209+0000][10][gc,age      ] GC(14) - age   3:      92088 bytes,   20315168 total
[2022-04-22T06:04:08.210+0000][10][gc,phases   ] GC(14)   Pre Evacuate Collection Set: 0.3ms
[2022-04-22T06:04:08.211+0000][10][gc,phases   ] GC(14)   Merge Heap Roots: 0.2ms
[2022-04-22T06:04:08.212+0000][10][gc,phases   ] GC(14)   Evacuate Collection Set: 12.5ms
[2022-04-22T06:04:08.213+0000][10][gc,phases   ] GC(14)   Post Evacuate Collection Set: 1.3ms
[2022-04-22T06:04:08.214+0000][10][gc,phases   ] GC(14)   Other: 7.7ms
[2022-04-22T06:04:08.215+0000][10][gc,heap     ] GC(14) Eden regions: 71->0(71)
[2022-04-22T06:04:08.215+0000][10][gc,heap     ] GC(14) Survivor regions: 2->5(10)
[2022-04-22T06:04:08.216+0000][10][gc,heap     ] GC(14) Old regions: 12->12
[2022-04-22T06:04:08.216+0000][10][gc,heap     ] GC(14) Archive regions: 2->2
[2022-04-22T06:04:08.217+0000][10][gc,heap     ] GC(14) Humongous regions: 0->0
[2022-04-22T06:04:08.217+0000][10][gc,metaspace] GC(14) Metaspace: 87623K(89088K)->87623K(89088K) NonClass: 75419K(76352K)->75419K(76352K) Class: 12203K(12736K)->12203K(12736K)
[2022-04-22T06:04:08.218+0000][10][gc          ] GC(14) Pause Young (Concurrent Start) (Metadata GC Threshold) 336M->67M(512M) 30.229ms
[2022-04-22T06:04:08.219+0000][10][gc,cpu      ] GC(14) User=0.04s Sys=0.00s Real=0.03s
[2022-04-22T06:04:08.220+0000][10][safepoint   ] Safepoint "CollectForMetadataAllocation", Time since last: 188508875 ns, Reaching safepoint: 169250 ns, At safepoint: 32279917 ns, Total: 32449167 ns
[2022-04-22T06:04:08.220+0000][10][gc          ] GC(15) Concurrent Mark Cycle
[2022-04-22T06:04:08.222+0000][10][gc,marking  ] GC(15) Concurrent Clear Claimed Marks
[2022-04-22T06:04:08.224+0000][10][gc,marking  ] GC(15) Concurrent Clear Claimed Marks 1.091ms
[2022-04-22T06:04:08.224+0000][10][gc,marking  ] GC(15) Concurrent Scan Root Regions
[2022-04-22T06:04:08.237+0000][10][gc,marking  ] GC(15) Concurrent Scan Root Regions 12.261ms
[2022-04-22T06:04:08.238+0000][10][gc,marking  ] GC(15) Concurrent Mark
[2022-04-22T06:04:08.239+0000][10][gc,marking  ] GC(15) Concurrent Mark From Roots
[2022-04-22T06:04:08.239+0000][10][gc,task     ] GC(15) Using 1 workers of 1 for marking
[2022-04-22T06:04:08.242+0000][10][safepoint   ] Safepoint "CollectForMetadataAllocation", Time since last: 21056916 ns, Reaching safepoint: 382459 ns, At safepoint: 196583 ns, Total: 579042 ns
[2022-04-22T06:04:08.245+0000][10][safepoint   ] Safepoint "CollectForMetadataAllocation", Time since last: 3409750 ns, Reaching safepoint: 194417 ns, At safepoint: 7500 ns, Total: 201917 ns
[2022-04-22T06:04:08.260+0000][10][safepoint   ] Safepoint "CollectForMetadataAllocation", Time since last: 14397708 ns, Reaching safepoint: 217833 ns, At safepoint: 144209 ns, Total: 362042 ns
[2022-04-22T06:04:08.290+0000][10][gc,marking  ] GC(15) Concurrent Mark From Roots 51.821ms
[2022-04-22T06:04:08.291+0000][10][gc,marking  ] GC(15) Concurrent Preclean
[2022-04-22T06:04:08.293+0000][10][gc,marking  ] GC(15) Concurrent Preclean 1.188ms
[2022-04-22T06:04:08.294+0000][10][gc,start    ] GC(15) Pause Remark
[2022-04-22T06:04:08.298+0000][10][gc          ] GC(15) Pause Remark 82M->82M(512M) 4.161ms
[2022-04-22T06:04:08.300+0000][10][gc,cpu      ] GC(15) User=0.01s Sys=0.00s Real=0.01s
[2022-04-22T06:04:08.300+0000][10][safepoint   ] Safepoint "G1Concurrent", Time since last: 33458666 ns, Reaching safepoint: 595750 ns, At safepoint: 6208125 ns, Total: 6803875 ns
[2022-04-22T06:04:08.301+0000][10][gc,marking  ] GC(15) Concurrent Mark 63.566ms
[2022-04-22T06:04:08.302+0000][10][gc,marking  ] GC(15) Concurrent Rebuild Remembered Sets
[2022-04-22T06:04:08.329+0000][10][gc,marking  ] GC(15) Concurrent Rebuild Remembered Sets 27.113ms
[2022-04-22T06:04:08.332+0000][10][gc,start    ] GC(15) Pause Cleanup
[2022-04-22T06:04:08.333+0000][10][gc          ] GC(15) Pause Cleanup 83M->83M(512M) 1.073ms
[2022-04-22T06:04:08.333+0000][10][gc,cpu      ] GC(15) User=0.00s Sys=0.00s Real=0.00s
[2022-04-22T06:04:08.334+0000][10][safepoint   ] Safepoint "G1Concurrent", Time since last: 30724125 ns, Reaching safepoint: 298792 ns, At safepoint: 2219458 ns, Total: 2518250 ns
[2022-04-22T06:04:08.334+0000][10][gc,marking  ] GC(15) Concurrent Cleanup for Next Mark
[2022-04-22T06:04:08.336+0000][10][gc,marking  ] GC(15) Concurrent Cleanup for Next Mark 1.202ms
[2022-04-22T06:04:08.341+0000][10][gc          ] GC(15) Concurrent Mark Cycle 120.326ms
[2022-04-22T06:04:08.470+0000][10][safepoint   ] Safepoint "ICBufferFull", Time since last: 136371959 ns, Reaching safepoint: 242833 ns, At safepoint: 7875 ns, Total: 250708 ns
[2022-04-22T06:04:08.818+0000][10][safepoint   ] Safepoint "ICBufferFull", Time since last: 347336417 ns, Reaching safepoint: 119666 ns, At safepoint: 3709 ns, Total: 123375 ns
[2022-04-22T06:04:09.140+0000][10][safepoint   ] Safepoint "ICBufferFull", Time since last: 322097375 ns, Reaching safepoint: 159125 ns, At safepoint: 62708 ns, Total: 221833 ns
[2022-04-22T06:04:09.159+0000][10][safepoint   ] Safepoint "ICBufferFull", Time since last: 18986542 ns, Reaching safepoint: 266292 ns, At safepoint: 4666 ns, Total: 270958 ns
[2022-04-22T06:04:09.217+0000][10][safepoint   ] Safepoint "ICBufferFull", Time since last: 56946959 ns, Reaching safepoint: 146083 ns, At safepoint: 2167 ns, Total: 148250 ns
[2022-04-22T06:04:09.493+0000][10][safepoint   ] Safepoint "ICBufferFull", Time since last: 276382000 ns, Reaching safepoint: 134541 ns, At safepoint: 9542 ns, Total: 144083 ns
[2022-04-22T06:04:09.823+0000][10][safepoint   ] Safepoint "ICBufferFull", Time since last: 327844084 ns, Reaching safepoint: 2427833 ns, At safepoint: 14542 ns, Total: 2442375 ns
[2022-04-22T06:04:10.129+0000][10][safepoint   ] Safepoint "ICBufferFull", Time since last: 304873583 ns, Reaching safepoint: 828542 ns, At safepoint: 216166 ns, Total: 1044708 ns
[2022-04-22T06:04:10.285+0000][10][safepoint   ] Safepoint "ICBufferFull", Time since last: 155786751 ns, Reaching safepoint: 438416 ns, At safepoint: 22917 ns, Total: 461333 ns
[2022-04-22T06:04:10.947+0000][10][safepoint   ] Safepoint "ICBufferFull", Time since last: 661273875 ns, Reaching safepoint: 249042 ns, At safepoint: 25666 ns, Total: 274708 ns
[2022-04-22T06:04:11.382+0000][10][gc,start    ] GC(16) Pause Young (Concurrent Start) (G1 Evacuation Pause)
[2022-04-22T06:04:11.384+0000][10][gc,task     ] GC(16) Using 5 workers of 5 for evacuation
[2022-04-22T06:04:11.386+0000][10][gc,age      ] GC(16) Desired survivor size 20971520 bytes, new threshold 15 (max threshold 15)
[2022-04-22T06:04:11.403+0000][10][gc,age      ] GC(16) Age table with threshold 15 (max threshold 15)
[2022-04-22T06:04:11.404+0000][10][gc,age      ] GC(16) - age   1:    7661720 bytes,    7661720 total
[2022-04-22T06:04:11.405+0000][10][gc,age      ] GC(16) - age   2:   13757928 bytes,   21419648 total
[2022-04-22T06:04:11.406+0000][10][gc,age      ] GC(16) - age   3:    5700640 bytes,   27120288 total
[2022-04-22T06:04:11.407+0000][10][gc,age      ] GC(16) - age   4:      91400 bytes,   27211688 total
[2022-04-22T06:04:11.409+0000][10][gc,phases   ] GC(16)   Pre Evacuate Collection Set: 0.4ms
[2022-04-22T06:04:11.410+0000][10][gc,phases   ] GC(16)   Merge Heap Roots: 0.4ms
[2022-04-22T06:04:11.411+0000][10][gc,phases   ] GC(16)   Evacuate Collection Set: 13.0ms
[2022-04-22T06:04:11.412+0000][10][gc,phases   ] GC(16)   Post Evacuate Collection Set: 2.1ms
[2022-04-22T06:04:11.413+0000][10][gc,phases   ] GC(16)   Other: 11.0ms
[2022-04-22T06:04:11.414+0000][10][gc,heap     ] GC(16) Eden regions: 71->0(69)
[2022-04-22T06:04:11.415+0000][10][gc,heap     ] GC(16) Survivor regions: 5->7(10)
[2022-04-22T06:04:11.417+0000][10][gc,heap     ] GC(16) Old regions: 12->12
[2022-04-22T06:04:11.419+0000][10][gc,heap     ] GC(16) Archive regions: 2->2
[2022-04-22T06:04:11.420+0000][10][gc,heap     ] GC(16) Humongous regions: 6->6
[2022-04-22T06:04:11.421+0000][10][gc,metaspace] GC(16) Metaspace: 98046K(99584K)->98046K(99584K) NonClass: 84255K(85184K)->84255K(85184K) Class: 13790K(14400K)->13790K(14400K)
[2022-04-22T06:04:11.422+0000][10][gc          ] GC(16) Pause Young (Concurrent Start) (G1 Evacuation Pause) 374M->99M(512M) 40.408ms
[2022-04-22T06:04:11.423+0000][10][gc,cpu      ] GC(16) User=0.05s Sys=0.01s Real=0.04s
[2022-04-22T06:04:11.424+0000][10][safepoint   ] Safepoint "G1CollectForAllocation", Time since last: 434652167 ns, Reaching safepoint: 112167 ns, At safepoint: 41833375 ns, Total: 41945542 ns
[2022-04-22T06:04:11.424+0000][10][gc          ] GC(17) Concurrent Mark Cycle
[2022-04-22T06:04:11.427+0000][10][gc,marking  ] GC(17) Concurrent Clear Claimed Marks
[2022-04-22T06:04:11.429+0000][10][gc,marking  ] GC(17) Concurrent Clear Claimed Marks 1.212ms
[2022-04-22T06:04:11.430+0000][10][gc,marking  ] GC(17) Concurrent Scan Root Regions
[2022-04-22T06:04:11.450+0000][10][gc,marking  ] GC(17) Concurrent Scan Root Regions 19.992ms
[2022-04-22T06:04:11.455+0000][10][gc,marking  ] GC(17) Concurrent Mark
[2022-04-22T06:04:11.461+0000][10][gc,marking  ] GC(17) Concurrent Mark From Roots
[2022-04-22T06:04:11.465+0000][10][gc,task     ] GC(17) Using 1 workers of 1 for marking
[2022-04-22T06:04:11.514+0000][10][gc,marking  ] GC(17) Concurrent Mark From Roots 53.101ms
[2022-04-22T06:04:11.515+0000][10][gc,marking  ] GC(17) Concurrent Preclean
[2022-04-22T06:04:11.517+0000][10][gc,marking  ] GC(17) Concurrent Preclean 2.185ms
[2022-04-22T06:04:11.519+0000][10][gc,start    ] GC(17) Pause Remark
[2022-04-22T06:04:11.523+0000][10][gc          ] GC(17) Pause Remark 107M->107M(512M) 4.159ms
[2022-04-22T06:04:11.524+0000][10][gc,cpu      ] GC(17) User=0.01s Sys=0.00s Real=0.00s
[2022-04-22T06:04:11.525+0000][10][safepoint   ] Safepoint "G1Concurrent", Time since last: 94760833 ns, Reaching safepoint: 617667 ns, At safepoint: 6158042 ns, Total: 6775709 ns
[2022-04-22T06:04:11.527+0000][10][gc,marking  ] GC(17) Concurrent Mark 72.221ms
[2022-04-22T06:04:11.528+0000][10][gc,marking  ] GC(17) Concurrent Rebuild Remembered Sets
[2022-04-22T06:04:11.565+0000][10][gc,marking  ] GC(17) Concurrent Rebuild Remembered Sets 37.793ms
[2022-04-22T06:04:11.568+0000][10][gc,start    ] GC(17) Pause Cleanup
[2022-04-22T06:04:11.578+0000][10][gc          ] GC(17) Pause Cleanup 112M->112M(512M) 9.803ms
[2022-04-22T06:04:11.578+0000][10][gc,cpu      ] GC(17) User=0.00s Sys=0.00s Real=0.01s
[2022-04-22T06:04:11.579+0000][10][safepoint   ] Safepoint "G1Concurrent", Time since last: 42504291 ns, Reaching safepoint: 72084 ns, At safepoint: 11281916 ns, Total: 11354000 ns
[2022-04-22T06:04:11.580+0000][10][gc,marking  ] GC(17) Concurrent Cleanup for Next Mark
[2022-04-22T06:04:11.589+0000][10][gc,marking  ] GC(17) Concurrent Cleanup for Next Mark 9.322ms
[2022-04-22T06:04:11.593+0000][10][gc          ] GC(17) Concurrent Mark Cycle 169.186ms
[2022-04-22T06:04:12.580+0000][10][safepoint   ] Safepoint "Cleanup", Time since last: 1001196251 ns, Reaching safepoint: 178833 ns, At safepoint: 4792 ns, Total: 183625 ns
[2022-04-22T06:04:13.582+0000][10][safepoint   ] Safepoint "Cleanup", Time since last: 1001580709 ns, Reaching safepoint: 48291 ns, At safepoint: 3375 ns, Total: 51666 ns
[2022-04-22T06:04:15.251+0000][10][safepoint   ] Safepoint "Cleanup", Time since last: 1668915168 ns, Reaching safepoint: 136500 ns, At safepoint: 4208 ns, Total: 140708 ns
[2022-04-22T06:04:16.254+0000][10][safepoint   ] Safepoint "Cleanup", Time since last: 1002995584 ns, Reaching safepoint: 179917 ns, At safepoint: 5166 ns, Total: 185083 ns
[2022-04-22T06:04:18.257+0000][10][safepoint   ] Safepoint "Cleanup", Time since last: 2002642043 ns, Reaching safepoint: 305458 ns, At safepoint: 3917 ns, Total: 309375 ns
[2022-04-22T06:04:19.363+0000][10][safepoint   ] Safepoint "Cleanup", Time since last: 1106032209 ns, Reaching safepoint: 175208 ns, At safepoint: 10542 ns, Total: 185750 ns
[2022-04-22T06:04:22.371+0000][10][safepoint   ] Safepoint "Cleanup", Time since last: 3007094668 ns, Reaching safepoint: 70208 ns, At safepoint: 2959 ns, Total: 73167 ns
[2022-04-22T06:04:28.939+0000][10][gc,start    ] GC(18) Pause Young (Normal) (G1 Evacuation Pause)
[2022-04-22T06:04:28.941+0000][10][gc,task     ] GC(18) Using 5 workers of 5 for evacuation
[2022-04-22T06:04:28.943+0000][10][gc,age      ] GC(18) Desired survivor size 20971520 bytes, new threshold 2 (max threshold 15)
[2022-04-22T06:04:28.955+0000][10][gc,age      ] GC(18) Age table with threshold 2 (max threshold 15)
[2022-04-22T06:04:28.957+0000][10][gc,age      ] GC(18) - age   1:    1795656 bytes,    1795656 total
[2022-04-22T06:04:28.958+0000][10][gc,age      ] GC(18) - age   2:    5518696 bytes,    7314352 total
[2022-04-22T06:04:28.961+0000][10][gc,phases   ] GC(18)   Pre Evacuate Collection Set: 0.2ms
[2022-04-22T06:04:28.962+0000][10][gc,phases   ] GC(18)   Merge Heap Roots: 0.2ms
[2022-04-22T06:04:28.962+0000][10][gc,phases   ] GC(18)   Evacuate Collection Set: 10.0ms
[2022-04-22T06:04:28.963+0000][10][gc,phases   ] GC(18)   Post Evacuate Collection Set: 1.5ms
[2022-04-22T06:04:28.964+0000][10][gc,phases   ] GC(18)   Other: 9.3ms
[2022-04-22T06:04:28.965+0000][10][gc,heap     ] GC(18) Eden regions: 69->0(73)
[2022-04-22T06:04:28.966+0000][10][gc,heap     ] GC(18) Survivor regions: 7->3(10)
[2022-04-22T06:04:28.967+0000][10][gc,heap     ] GC(18) Old regions: 12->16
[2022-04-22T06:04:28.967+0000][10][gc,heap     ] GC(18) Archive regions: 2->2
[2022-04-22T06:04:28.968+0000][10][gc,heap     ] GC(18) Humongous regions: 6->6
[2022-04-22T06:04:28.968+0000][10][gc,metaspace] GC(18) Metaspace: 100978K(102592K)->100978K(102592K) NonClass: 86821K(87808K)->86821K(87808K) Class: 14156K(14784K)->14156K(14784K)
[2022-04-22T06:04:28.969+0000][10][gc          ] GC(18) Pause Young (Normal) (G1 Evacuation Pause) 375M->100M(512M) 29.778ms
[2022-04-22T06:04:28.970+0000][10][gc,cpu      ] GC(18) User=0.04s Sys=0.00s Real=0.03s
[2022-04-22T06:04:28.970+0000][10][safepoint   ] Safepoint "G1CollectForAllocation", Time since last: 6568386127 ns, Reaching safepoint: 248917 ns, At safepoint: 31068125 ns, Total: 31317042 ns
[2022-04-22T06:04:29.093+0000][10][safepoint   ] Safepoint "ICBufferFull", Time since last: 122017584 ns, Reaching safepoint: 134708 ns, At safepoint: 11500 ns, Total: 146208 ns
[2022-04-22T06:04:29.236+0000][10][safepoint   ] Safepoint "ICBufferFull", Time since last: 143817333 ns, Reaching safepoint: 144000 ns, At safepoint: 13042 ns, Total: 157042 ns
[2022-04-22T06:04:29.493+0000][10][safepoint   ] Safepoint "ICBufferFull", Time since last: 256532542 ns, Reaching safepoint: 244541 ns, At safepoint: 5875 ns, Total: 250416 ns
[2022-04-22T06:04:29.678+0000][10][safepoint   ] Safepoint "ICBufferFull", Time since last: 183849334 ns, Reaching safepoint: 494208 ns, At safepoint: 33000 ns, Total: 527208 ns
[2022-04-22T06:04:29.948+0000][10][safepoint   ] Safepoint "ICBufferFull", Time since last: 269970000 ns, Reaching safepoint: 125500 ns, At safepoint: 1917 ns, Total: 127417 ns
[2022-04-22T06:04:30.160+0000][10][safepoint   ] Safepoint "ICBufferFull", Time since last: 211879833 ns, Reaching safepoint: 159209 ns, At safepoint: 12333 ns, Total: 171542 ns
[2022-04-22T06:04:30.428+0000][10][safepoint   ] Safepoint "ICBufferFull", Time since last: 268158792 ns, Reaching safepoint: 338083 ns, At safepoint: 15000 ns, Total: 353083 ns
[2022-04-22T06:04:30.821+0000][10][safepoint   ] Safepoint "ICBufferFull", Time since last: 392681125 ns, Reaching safepoint: 137500 ns, At safepoint: 43459 ns, Total: 180959 ns
[2022-04-22T06:04:31.232+0000][10][safepoint   ] Safepoint "ICBufferFull", Time since last: 410324250 ns, Reaching safepoint: 387000 ns, At safepoint: 172542 ns, Total: 559542 ns
[2022-04-22T06:04:31.469+0000][10][safepoint   ] Safepoint "ICBufferFull", Time since last: 236799000 ns, Reaching safepoint: 119041 ns, At safepoint: 2375 ns, Total: 121416 ns
[2022-04-22T06:04:31.990+0000][10][safepoint   ] Safepoint "ICBufferFull", Time since last: 519916001 ns, Reaching safepoint: 607250 ns, At safepoint: 10375 ns, Total: 617625 ns
[2022-04-22T06:04:32.280+0000][10][safepoint   ] Safepoint "ICBufferFull", Time since last: 290019208 ns, Reaching safepoint: 118000 ns, At safepoint: 8292 ns, Total: 126292 ns
[2022-04-22T06:04:32.333+0000][10][safepoint   ] Safepoint "ICBufferFull", Time since last: 52772083 ns, Reaching safepoint: 206417 ns, At safepoint: 3750 ns, Total: 210167 ns
[2022-04-22T06:04:32.783+0000][10][safepoint   ] Safepoint "ICBufferFull", Time since last: 450605833 ns, Reaching safepoint: 207000 ns, At safepoint: 12584 ns, Total: 219584 ns
[2022-04-22T06:04:33.439+0000][10][safepoint   ] Safepoint "ICBufferFull", Time since last: 655617792 ns, Reaching safepoint: 256500 ns, At safepoint: 21833 ns, Total: 278333 ns
[2022-04-22T06:04:33.667+0000][10][safepoint   ] Safepoint "ICBufferFull", Time since last: 227648583 ns, Reaching safepoint: 245459 ns, At safepoint: 23666 ns, Total: 269125 ns
[2022-04-22T06:04:34.674+0000][10][safepoint   ] Safepoint "Cleanup", Time since last: 1004391584 ns, Reaching safepoint: 1948417 ns, At safepoint: 9250 ns, Total: 1957667 ns
[2022-04-22T06:04:35.684+0000][10][safepoint   ] Safepoint "Cleanup", Time since last: 1010374750 ns, Reaching safepoint: 362084 ns, At safepoint: 4041 ns, Total: 366125 ns
[2022-04-22T06:04:36.368+0000][10][safepoint   ] Safepoint "ICBufferFull", Time since last: 683938459 ns, Reaching safepoint: 121667 ns, At safepoint: 2333 ns, Total: 124000 ns
[2022-04-22T06:04:36.953+0000][10][gc,start    ] GC(19) Pause Young (Normal) (G1 Evacuation Pause)
[2022-04-22T06:04:36.954+0000][10][gc,task     ] GC(19) Using 5 workers of 5 for evacuation
[2022-04-22T06:04:36.954+0000][10][gc,age      ] GC(19) Desired survivor size 20971520 bytes, new threshold 15 (max threshold 15)
[2022-04-22T06:04:36.967+0000][10][gc,age      ] GC(19) Age table with threshold 15 (max threshold 15)
[2022-04-22T06:04:36.969+0000][10][gc,age      ] GC(19) - age   1:    1887736 bytes,    1887736 total
[2022-04-22T06:04:36.970+0000][10][gc,age      ] GC(19) - age   2:    1536208 bytes,    3423944 total
[2022-04-22T06:04:36.971+0000][10][gc,age      ] GC(19) - age   3:    5472600 bytes,    8896544 total
[2022-04-22T06:04:36.973+0000][10][gc,phases   ] GC(19)   Pre Evacuate Collection Set: 0.2ms
[2022-04-22T06:04:36.974+0000][10][gc,phases   ] GC(19)   Merge Heap Roots: 0.3ms
[2022-04-22T06:04:36.975+0000][10][gc,phases   ] GC(19)   Evacuate Collection Set: 11.0ms
[2022-04-22T06:04:36.976+0000][10][gc,phases   ] GC(19)   Post Evacuate Collection Set: 0.9ms
[2022-04-22T06:04:36.977+0000][10][gc,phases   ] GC(19)   Other: 7.7ms
[2022-04-22T06:04:36.978+0000][10][gc,heap     ] GC(19) Eden regions: 73->0(73)
[2022-04-22T06:04:36.979+0000][10][gc,heap     ] GC(19) Survivor regions: 3->3(10)
[2022-04-22T06:04:36.979+0000][10][gc,heap     ] GC(19) Old regions: 16->16
[2022-04-22T06:04:36.982+0000][10][gc,heap     ] GC(19) Archive regions: 2->2
[2022-04-22T06:04:36.983+0000][10][gc,heap     ] GC(19) Humongous regions: 6->6
[2022-04-22T06:04:36.984+0000][10][gc,metaspace] GC(19) Metaspace: 103672K(105280K)->103672K(105280K) NonClass: 89466K(90432K)->89466K(90432K) Class: 14206K(14848K)->14206K(14848K)
[2022-04-22T06:04:36.985+0000][10][gc          ] GC(19) Pause Young (Normal) (G1 Evacuation Pause) 392M->100M(512M) 32.133ms
[2022-04-22T06:04:36.986+0000][10][gc,cpu      ] GC(19) User=0.02s Sys=0.00s Real=0.03s
[2022-04-22T06:04:36.987+0000][10][safepoint   ] Safepoint "G1CollectForAllocation", Time since last: 584144542 ns, Reaching safepoint: 135875 ns, At safepoint: 34152792 ns, Total: 34288667 ns
[2022-04-22T06:04:37.849+0000][10][safepoint   ] Safepoint "ICBufferFull", Time since last: 862238167 ns, Reaching safepoint: 163291 ns, At safepoint: 2792 ns, Total: 166083 ns
[2022-04-22T06:04:38.385+0000][10][safepoint   ] Safepoint "ICBufferFull", Time since last: 535102709 ns, Reaching safepoint: 156000 ns, At safepoint: 2208 ns, Total: 158208 ns
[2022-04-22T06:04:39.200+0000][10][safepoint   ] Safepoint "ICBufferFull", Time since last: 815437584 ns, Reaching safepoint: 292875 ns, At safepoint: 23250 ns, Total: 316125 ns
[2022-04-22T06:04:39.953+0000][10][safepoint   ] Safepoint "ICBufferFull", Time since last: 752146333 ns, Reaching safepoint: 279125 ns, At safepoint: 5375 ns, Total: 284500 ns
[2022-04-22T06:04:40.922+0000][10][safepoint   ] Safepoint "ICBufferFull", Time since last: 969612001 ns, Reaching safepoint: 100541 ns, At safepoint: 2125 ns, Total: 102666 ns
[2022-04-22T06:04:41.925+0000][10][safepoint   ] Safepoint "Cleanup", Time since last: 1001449459 ns, Reaching safepoint: 116417 ns, At safepoint: 547208 ns, Total: 663625 ns
[2022-04-22T06:04:42.501+0000][10][safepoint   ] Safepoint "ICBufferFull", Time since last: 576310667 ns, Reaching safepoint: 277250 ns, At safepoint: 13750 ns, Total: 291000 ns
[2022-04-22T06:04:43.413+0000][10][gc,start    ] GC(20) Pause Young (Normal) (G1 Evacuation Pause)
[2022-04-22T06:04:43.415+0000][10][gc,task     ] GC(20) Using 5 workers of 5 for evacuation
[2022-04-22T06:04:43.416+0000][10][gc,age      ] GC(20) Desired survivor size 20971520 bytes, new threshold 15 (max threshold 15)
[2022-04-22T06:04:43.429+0000][10][gc,age      ] GC(20) Age table with threshold 15 (max threshold 15)
[2022-04-22T06:04:43.431+0000][10][gc,age      ] GC(20) - age   1:    2660944 bytes,    2660944 total
[2022-04-22T06:04:43.432+0000][10][gc,age      ] GC(20) - age   2:    1107600 bytes,    3768544 total
[2022-04-22T06:04:43.434+0000][10][gc,age      ] GC(20) - age   3:    1535008 bytes,    5303552 total
[2022-04-22T06:04:43.438+0000][10][gc,age      ] GC(20) - age   4:    5469704 bytes,   10773256 total
[2022-04-22T06:04:43.440+0000][10][gc,phases   ] GC(20)   Pre Evacuate Collection Set: 0.1ms
[2022-04-22T06:04:43.442+0000][10][gc,phases   ] GC(20)   Merge Heap Roots: 0.1ms
[2022-04-22T06:04:43.444+0000][10][gc,phases   ] GC(20)   Evacuate Collection Set: 11.1ms
[2022-04-22T06:04:43.445+0000][10][gc,phases   ] GC(20)   Post Evacuate Collection Set: 1.3ms
[2022-04-22T06:04:43.446+0000][10][gc,phases   ] GC(20)   Other: 14.2ms
[2022-04-22T06:04:43.447+0000][10][gc,heap     ] GC(20) Eden regions: 73->0(73)
[2022-04-22T06:04:43.448+0000][10][gc,heap     ] GC(20) Survivor regions: 3->3(10)
[2022-04-22T06:04:43.450+0000][10][gc,heap     ] GC(20) Old regions: 16->16
[2022-04-22T06:04:43.454+0000][10][gc,heap     ] GC(20) Archive regions: 2->2
[2022-04-22T06:04:43.455+0000][10][gc,heap     ] GC(20) Humongous regions: 6->6
[2022-04-22T06:04:43.456+0000][10][gc,metaspace] GC(20) Metaspace: 104180K(105728K)->104180K(105728K) NonClass: 89945K(90880K)->89945K(90880K) Class: 14235K(14848K)->14235K(14848K)
[2022-04-22T06:04:43.457+0000][10][gc          ] GC(20) Pause Young (Normal) (G1 Evacuation Pause) 392M->102M(512M) 43.601ms
[2022-04-22T06:04:43.458+0000][10][gc,cpu      ] GC(20) User=0.02s Sys=0.00s Real=0.05s
[2022-04-22T06:04:43.459+0000][10][safepoint   ] Safepoint "G1CollectForAllocation", Time since last: 911699209 ns, Reaching safepoint: 125000 ns, At safepoint: 45551042 ns, Total: 45676042 ns
[2022-04-22T06:04:44.460+0000][10][safepoint   ] Safepoint "Cleanup", Time since last: 1000865917 ns, Reaching safepoint: 257375 ns, At safepoint: 10166 ns, Total: 267541 ns
[2022-04-22T06:04:45.156+0000][10][safepoint   ] Safepoint "ICBufferFull", Time since last: 695436792 ns, Reaching safepoint: 472584 ns, At safepoint: 27791 ns, Total: 500375 ns
[2022-04-22T06:04:45.600+0000][10][safepoint   ] Safepoint "ICBufferFull", Time since last: 444247792 ns, Reaching safepoint: 398834 ns, At safepoint: 35291 ns, Total: 434125 ns
[2022-04-22T06:04:45.842+0000][10][safepoint   ] Safepoint "ICBufferFull", Time since last: 241459625 ns, Reaching safepoint: 258834 ns, At safepoint: 31625 ns, Total: 290459 ns
[2022-04-22T06:04:46.292+0000][10][safepoint   ] Safepoint "ICBufferFull", Time since last: 449340750 ns, Reaching safepoint: 230208 ns, At safepoint: 4500 ns, Total: 234708 ns
[2022-04-22T06:04:47.221+0000][10][safepoint   ] Safepoint "ICBufferFull", Time since last: 928861876 ns, Reaching safepoint: 218458 ns, At safepoint: 15625 ns, Total: 234083 ns
[2022-04-22T06:04:48.222+0000][10][safepoint   ] Safepoint "Cleanup", Time since last: 1000907834 ns, Reaching safepoint: 189583 ns, At safepoint: 5750 ns, Total: 195333 ns
[2022-04-22T06:04:48.569+0000][10][gc,start    ] GC(21) Pause Young (Normal) (G1 Evacuation Pause)
[2022-04-22T06:04:48.570+0000][10][gc,task     ] GC(21) Using 5 workers of 5 for evacuation
[2022-04-22T06:04:48.571+0000][10][gc,age      ] GC(21) Desired survivor size 20971520 bytes, new threshold 15 (max threshold 15)
[2022-04-22T06:04:48.588+0000][10][gc,age      ] GC(21) Age table with threshold 15 (max threshold 15)
[2022-04-22T06:04:48.589+0000][10][gc,age      ] GC(21) - age   1:    1926272 bytes,    1926272 total
[2022-04-22T06:04:48.590+0000][10][gc,age      ] GC(21) - age   2:     895136 bytes,    2821408 total
[2022-04-22T06:04:48.591+0000][10][gc,age      ] GC(21) - age   3:     876680 bytes,    3698088 total
[2022-04-22T06:04:48.592+0000][10][gc,age      ] GC(21) - age   4:    1533848 bytes,    5231936 total
[2022-04-22T06:04:48.593+0000][10][gc,age      ] GC(21) - age   5:    5469528 bytes,   10701464 total
[2022-04-22T06:04:48.594+0000][10][gc,phases   ] GC(21)   Pre Evacuate Collection Set: 0.1ms
[2022-04-22T06:04:48.595+0000][10][gc,phases   ] GC(21)   Merge Heap Roots: 0.1ms
[2022-04-22T06:04:48.595+0000][10][gc,phases   ] GC(21)   Evacuate Collection Set: 15.5ms
[2022-04-22T06:04:48.596+0000][10][gc,phases   ] GC(21)   Post Evacuate Collection Set: 0.9ms
[2022-04-22T06:04:48.597+0000][10][gc,phases   ] GC(21)   Other: 8.1ms
[2022-04-22T06:04:48.598+0000][10][gc,heap     ] GC(21) Eden regions: 73->0(73)
[2022-04-22T06:04:48.599+0000][10][gc,heap     ] GC(21) Survivor regions: 3->3(10)
[2022-04-22T06:04:48.600+0000][10][gc,heap     ] GC(21) Old regions: 16->16
[2022-04-22T06:04:48.601+0000][10][gc,heap     ] GC(21) Archive regions: 2->2
[2022-04-22T06:04:48.601+0000][10][gc,heap     ] GC(21) Humongous regions: 6->6
[2022-04-22T06:04:48.602+0000][10][gc,metaspace] GC(21) Metaspace: 104884K(106432K)->104884K(106432K) NonClass: 90588K(91520K)->90588K(91520K) Class: 14295K(14912K)->14295K(14912K)
[2022-04-22T06:04:48.604+0000][10][gc          ] GC(21) Pause Young (Normal) (G1 Evacuation Pause) 394M->101M(512M) 34.567ms
[2022-04-22T06:04:48.605+0000][10][gc,cpu      ] GC(21) User=0.03s Sys=0.00s Real=0.03s
[2022-04-22T06:04:48.605+0000][10][safepoint   ] Safepoint "G1CollectForAllocation", Time since last: 347079584 ns, Reaching safepoint: 105625 ns, At safepoint: 36492541 ns, Total: 36598166 ns
[2022-04-22T06:04:49.752+0000][10][safepoint   ] Safepoint "ICBufferFull", Time since last: 1145865834 ns, Reaching safepoint: 167875 ns, At safepoint: 12542 ns, Total: 180417 ns
[2022-04-22T06:04:51.615+0000][10][safepoint   ] Safepoint "Cleanup", Time since last: 1863247418 ns, Reaching safepoint: 188208 ns, At safepoint: 8750 ns, Total: 196958 ns
[2022-04-22T06:04:52.617+0000][10][safepoint   ] Safepoint "Cleanup", Time since last: 1001672334 ns, Reaching safepoint: 93250 ns, At safepoint: 2875 ns, Total: 96125 ns
[2022-04-22T06:04:53.618+0000][10][safepoint   ] Safepoint "Cleanup", Time since last: 1001539917 ns, Reaching safepoint: 66958 ns, At safepoint: 3125 ns, Total: 70083 ns
[2022-04-22T06:04:54.620+0000][10][safepoint   ] Safepoint "Cleanup", Time since last: 1001403959 ns, Reaching safepoint: 421208 ns, At safepoint: 127334 ns, Total: 548542 ns
[2022-04-22T06:04:55.051+0000][10][gc,start    ] GC(22) Pause Young (Normal) (G1 Evacuation Pause)
[2022-04-22T06:04:55.052+0000][10][gc,task     ] GC(22) Using 5 workers of 5 for evacuation
[2022-04-22T06:04:55.053+0000][10][gc,age      ] GC(22) Desired survivor size 20971520 bytes, new threshold 15 (max threshold 15)
[2022-04-22T06:04:55.059+0000][10][gc,age      ] GC(22) Age table with threshold 15 (max threshold 15)
[2022-04-22T06:04:55.060+0000][10][gc,age      ] GC(22) - age   1:    3468360 bytes,    3468360 total
[2022-04-22T06:04:55.062+0000][10][gc,age      ] GC(22) - age   2:    1507336 bytes,    4975696 total
[2022-04-22T06:04:55.062+0000][10][gc,age      ] GC(22) - age   3:     788592 bytes,    5764288 total
[2022-04-22T06:04:55.063+0000][10][gc,age      ] GC(22) - age   4:     831024 bytes,    6595312 total
[2022-04-22T06:04:55.065+0000][10][gc,age      ] GC(22) - age   5:    1533848 bytes,    8129160 total
[2022-04-22T06:04:55.065+0000][10][gc,age      ] GC(22) - age   6:    5469528 bytes,   13598688 total
[2022-04-22T06:04:55.066+0000][10][gc,phases   ] GC(22)   Pre Evacuate Collection Set: 0.2ms
[2022-04-22T06:04:55.066+0000][10][gc,phases   ] GC(22)   Merge Heap Roots: 0.1ms
[2022-04-22T06:04:55.067+0000][10][gc,phases   ] GC(22)   Evacuate Collection Set: 4.8ms
[2022-04-22T06:04:55.067+0000][10][gc,phases   ] GC(22)   Post Evacuate Collection Set: 0.7ms
[2022-04-22T06:04:55.068+0000][10][gc,phases   ] GC(22)   Other: 9.0ms
[2022-04-22T06:04:55.069+0000][10][gc,heap     ] GC(22) Eden regions: 73->0(72)
[2022-04-22T06:04:55.070+0000][10][gc,heap     ] GC(22) Survivor regions: 3->4(10)
[2022-04-22T06:04:55.071+0000][10][gc,heap     ] GC(22) Old regions: 16->16
[2022-04-22T06:04:55.071+0000][10][gc,heap     ] GC(22) Archive regions: 2->2
[2022-04-22T06:04:55.072+0000][10][gc,heap     ] GC(22) Humongous regions: 6->6
[2022-04-22T06:04:55.073+0000][10][gc,metaspace] GC(22) Metaspace: 104947K(106496K)->104947K(106496K) NonClass: 90651K(91584K)->90651K(91584K) Class: 14295K(14912K)->14295K(14912K)
[2022-04-22T06:04:55.074+0000][10][gc          ] GC(22) Pause Young (Normal) (G1 Evacuation Pause) 393M->104M(512M) 22.996ms
[2022-04-22T06:04:55.075+0000][10][gc,cpu      ] GC(22) User=0.02s Sys=0.01s Real=0.02s
[2022-04-22T06:04:55.076+0000][10][safepoint   ] Safepoint "G1CollectForAllocation", Time since last: 430670750 ns, Reaching safepoint: 44208 ns, At safepoint: 24539250 ns, Total: 24583458 ns
[2022-04-22T06:04:56.077+0000][10][safepoint   ] Safepoint "Cleanup", Time since last: 1001130792 ns, Reaching safepoint: 186292 ns, At safepoint: 21833 ns, Total: 208125 ns
[2022-04-22T06:04:57.080+0000][10][safepoint   ] Safepoint "Cleanup", Time since last: 1002389876 ns, Reaching safepoint: 212958 ns, At safepoint: 7167 ns, Total: 220125 ns
[2022-04-22T06:04:58.081+0000][10][safepoint   ] Safepoint "Cleanup", Time since last: 1001626042 ns, Reaching safepoint: 345500 ns, At safepoint: 12083 ns, Total: 357583 ns
[2022-04-22T06:04:59.085+0000][10][safepoint   ] Safepoint "Cleanup", Time since last: 1002695250 ns, Reaching safepoint: 494542 ns, At safepoint: 10750 ns, Total: 505292 ns
[2022-04-22T06:05:00.087+0000][10][safepoint   ] Safepoint "Cleanup", Time since last: 1001559917 ns, Reaching safepoint: 102375 ns, At safepoint: 4041 ns, Total: 106416 ns
[2022-04-22T06:05:01.089+0000][10][safepoint   ] Safepoint "Cleanup", Time since last: 1001456542 ns, Reaching safepoint: 165667 ns, At safepoint: 9333 ns, Total: 175000 ns
[2022-04-22T06:05:02.090+0000][10][safepoint   ] Safepoint "Cleanup", Time since last: 1001425709 ns, Reaching safepoint: 111542 ns, At safepoint: 4042 ns, Total: 115584 ns
[2022-04-22T06:05:02.178+0000][10][gc,start    ] GC(23) Pause Young (Normal) (G1 Evacuation Pause)
[2022-04-22T06:05:02.180+0000][10][gc,task     ] GC(23) Using 5 workers of 5 for evacuation
[2022-04-22T06:05:02.181+0000][10][gc,age      ] GC(23) Desired survivor size 20971520 bytes, new threshold 15 (max threshold 15)
[2022-04-22T06:05:02.192+0000][10][gc,age      ] GC(23) Age table with threshold 15 (max threshold 15)
[2022-04-22T06:05:02.193+0000][10][gc,age      ] GC(23) - age   1:    3155376 bytes,    3155376 total
[2022-04-22T06:05:02.195+0000][10][gc,age      ] GC(23) - age   2:    2455848 bytes,    5611224 total
[2022-04-22T06:05:02.195+0000][10][gc,age      ] GC(23) - age   3:    1464744 bytes,    7075968 total
[2022-04-22T06:05:02.196+0000][10][gc,age      ] GC(23) - age   4:     761704 bytes,    7837672 total
[2022-04-22T06:05:02.197+0000][10][gc,age      ] GC(23) - age   5:     814144 bytes,    8651816 total
[2022-04-22T06:05:02.198+0000][10][gc,age      ] GC(23) - age   6:    1533848 bytes,   10185664 total
[2022-04-22T06:05:02.199+0000][10][gc,age      ] GC(23) - age   7:    5469528 bytes,   15655192 total
[2022-04-22T06:05:02.200+0000][10][gc,phases   ] GC(23)   Pre Evacuate Collection Set: 0.3ms
[2022-04-22T06:05:02.201+0000][10][gc,phases   ] GC(23)   Merge Heap Roots: 0.1ms
[2022-04-22T06:05:02.202+0000][10][gc,phases   ] GC(23)   Evacuate Collection Set: 9.2ms
[2022-04-22T06:05:02.203+0000][10][gc,phases   ] GC(23)   Post Evacuate Collection Set: 1.1ms
[2022-04-22T06:05:02.203+0000][10][gc,phases   ] GC(23)   Other: 12.2ms
[2022-04-22T06:05:02.204+0000][10][gc,heap     ] GC(23) Eden regions: 72->0(72)
[2022-04-22T06:05:02.205+0000][10][gc,heap     ] GC(23) Survivor regions: 4->4(10)
[2022-04-22T06:05:02.205+0000][10][gc,heap     ] GC(23) Old regions: 16->16
[2022-04-22T06:05:02.206+0000][10][gc,heap     ] GC(23) Archive regions: 2->2
[2022-04-22T06:05:02.207+0000][10][gc,heap     ] GC(23) Humongous regions: 6->6
[2022-04-22T06:05:02.208+0000][10][gc,metaspace] GC(23) Metaspace: 104955K(106496K)->104955K(106496K) NonClass: 90659K(91584K)->90659K(91584K) Class: 14296K(14912K)->14296K(14912K)
[2022-04-22T06:05:02.208+0000][10][gc          ] GC(23) Pause Young (Normal) (G1 Evacuation Pause) 392M->106M(512M) 30.609ms
[2022-04-22T06:05:02.209+0000][10][gc,cpu      ] GC(23) User=0.03s Sys=0.00s Real=0.04s
[2022-04-22T06:05:02.210+0000][10][safepoint   ] Safepoint "G1CollectForAllocation", Time since last: 87273750 ns, Reaching safepoint: 54750 ns, At safepoint: 32342583 ns, Total: 32397333 ns
[2022-04-22T06:05:03.212+0000][10][safepoint   ] Safepoint "Cleanup", Time since last: 1001538125 ns, Reaching safepoint: 256625 ns, At safepoint: 12250 ns, Total: 268875 ns
[2022-04-22T06:05:04.213+0000][10][safepoint   ] Safepoint "Cleanup", Time since last: 1001730668 ns, Reaching safepoint: 61833 ns, At safepoint: 2083 ns, Total: 63916 ns
[2022-04-22T06:05:05.214+0000][10][safepoint   ] Safepoint "Cleanup", Time since last: 1000923876 ns, Reaching safepoint: 54208 ns, At safepoint: 2083 ns, Total: 56291 ns
[2022-04-22T06:05:06.215+0000][10][safepoint   ] Safepoint "Cleanup", Time since last: 1000771418 ns, Reaching safepoint: 67125 ns, At safepoint: 2250 ns, Total: 69375 ns
[2022-04-22T06:05:08.229+0000][10][gc,start    ] GC(24) Pause Young (Normal) (G1 Evacuation Pause)
[2022-04-22T06:05:08.229+0000][10][gc,task     ] GC(24) Using 5 workers of 5 for evacuation
[2022-04-22T06:05:08.231+0000][10][gc,age      ] GC(24) Desired survivor size 20971520 bytes, new threshold 15 (max threshold 15)
[2022-04-22T06:05:08.240+0000][10][gc,age      ] GC(24) Age table with threshold 15 (max threshold 15)
[2022-04-22T06:05:08.241+0000][10][gc,age      ] GC(24) - age   1:    3802856 bytes,    3802856 total
[2022-04-22T06:05:08.242+0000][10][gc,age      ] GC(24) - age   2:    1829992 bytes,    5632848 total
[2022-04-22T06:05:08.243+0000][10][gc,age      ] GC(24) - age   3:    2159120 bytes,    7791968 total
[2022-04-22T06:05:08.244+0000][10][gc,age      ] GC(24) - age   4:    1433720 bytes,    9225688 total
[2022-04-22T06:05:08.245+0000][10][gc,age      ] GC(24) - age   5:     713200 bytes,    9938888 total
[2022-04-22T06:05:08.246+0000][10][gc,age      ] GC(24) - age   6:     800608 bytes,   10739496 total
[2022-04-22T06:05:08.246+0000][10][gc,age      ] GC(24) - age   7:    1533848 bytes,   12273344 total
[2022-04-22T06:05:08.247+0000][10][gc,age      ] GC(24) - age   8:    5469528 bytes,   17742872 total
[2022-04-22T06:05:08.248+0000][10][gc,phases   ] GC(24)   Pre Evacuate Collection Set: 0.2ms
[2022-04-22T06:05:08.248+0000][10][gc,phases   ] GC(24)   Merge Heap Roots: 0.3ms
[2022-04-22T06:05:08.249+0000][10][gc,phases   ] GC(24)   Evacuate Collection Set: 6.8ms
[2022-04-22T06:05:08.249+0000][10][gc,phases   ] GC(24)   Post Evacuate Collection Set: 1.0ms
[2022-04-22T06:05:08.250+0000][10][gc,phases   ] GC(24)   Other: 10.9ms
[2022-04-22T06:05:08.251+0000][10][gc,heap     ] GC(24) Eden regions: 72->0(71)
[2022-04-22T06:05:08.251+0000][10][gc,heap     ] GC(24) Survivor regions: 4->5(10)
[2022-04-22T06:05:08.251+0000][10][gc,heap     ] GC(24) Old regions: 16->16
[2022-04-22T06:05:08.252+0000][10][gc,heap     ] GC(24) Archive regions: 2->2
[2022-04-22T06:05:08.252+0000][10][gc,heap     ] GC(24) Humongous regions: 6->6
[2022-04-22T06:05:08.253+0000][10][gc,metaspace] GC(24) Metaspace: 104960K(106496K)->104960K(106496K) NonClass: 90663K(91584K)->90663K(91584K) Class: 14296K(14912K)->14296K(14912K)
[2022-04-22T06:05:08.254+0000][10][gc          ] GC(24) Pause Young (Normal) (G1 Evacuation Pause) 394M->108M(512M) 25.246ms
[2022-04-22T06:05:08.254+0000][10][gc,cpu      ] GC(24) User=0.02s Sys=0.00s Real=0.02s
[2022-04-22T06:05:08.255+0000][10][safepoint   ] Safepoint "G1CollectForAllocation", Time since last: 2013056751 ns, Reaching safepoint: 118666 ns, At safepoint: 26700334 ns, Total: 26819000 ns
[2022-04-22T06:05:09.256+0000][10][safepoint   ] Safepoint "Cleanup", Time since last: 1000614458 ns, Reaching safepoint: 225000 ns, At safepoint: 22584 ns, Total: 247584 ns
[2022-04-22T06:05:10.257+0000][10][safepoint   ] Safepoint "Cleanup", Time since last: 1000868708 ns, Reaching safepoint: 121167 ns, At safepoint: 4417 ns, Total: 125584 ns
[2022-04-22T06:05:11.259+0000][10][safepoint   ] Safepoint "Cleanup", Time since last: 1001250375 ns, Reaching safepoint: 489584 ns, At safepoint: 52958 ns, Total: 542542 ns
[2022-04-22T06:05:13.260+0000][10][safepoint   ] Safepoint "Cleanup", Time since last: 2001323418 ns, Reaching safepoint: 46291 ns, At safepoint: 2375 ns, Total: 48666 ns
[2022-04-22T06:05:13.858+0000][10][gc,start    ] GC(25) Pause Young (Normal) (G1 Evacuation Pause)
[2022-04-22T06:05:13.859+0000][10][gc,task     ] GC(25) Using 5 workers of 5 for evacuation
[2022-04-22T06:05:13.860+0000][10][gc,age      ] GC(25) Desired survivor size 20971520 bytes, new threshold 15 (max threshold 15)
[2022-04-22T06:05:13.870+0000][10][gc,age      ] GC(25) Age table with threshold 15 (max threshold 15)
[2022-04-22T06:05:13.871+0000][10][gc,age      ] GC(25) - age   1:    3040392 bytes,    3040392 total
[2022-04-22T06:05:13.872+0000][10][gc,age      ] GC(25) - age   2:    2198848 bytes,    5239240 total
[2022-04-22T06:05:13.873+0000][10][gc,age      ] GC(25) - age   3:    1766888 bytes,    7006128 total
[2022-04-22T06:05:13.874+0000][10][gc,age      ] GC(25) - age   4:    2146912 bytes,    9153040 total
[2022-04-22T06:05:13.874+0000][10][gc,age      ] GC(25) - age   5:    1418712 bytes,   10571752 total
[2022-04-22T06:05:13.876+0000][10][gc,age      ] GC(25) - age   6:     694304 bytes,   11266056 total
[2022-04-22T06:05:13.877+0000][10][gc,age      ] GC(25) - age   7:     791368 bytes,   12057424 total
[2022-04-22T06:05:13.878+0000][10][gc,age      ] GC(25) - age   8:    1533848 bytes,   13591272 total
[2022-04-22T06:05:13.879+0000][10][gc,age      ] GC(25) - age   9:    5469528 bytes,   19060800 total
[2022-04-22T06:05:13.881+0000][10][gc,phases   ] GC(25)   Pre Evacuate Collection Set: 1.0ms
[2022-04-22T06:05:13.881+0000][10][gc,phases   ] GC(25)   Merge Heap Roots: 0.1ms
[2022-04-22T06:05:13.882+0000][10][gc,phases   ] GC(25)   Evacuate Collection Set: 7.1ms
[2022-04-22T06:05:13.883+0000][10][gc,phases   ] GC(25)   Post Evacuate Collection Set: 1.0ms
[2022-04-22T06:05:13.884+0000][10][gc,phases   ] GC(25)   Other: 13.2ms
[2022-04-22T06:05:13.886+0000][10][gc,heap     ] GC(25) Eden regions: 71->0(71)
[2022-04-22T06:05:13.887+0000][10][gc,heap     ] GC(25) Survivor regions: 5->5(10)
[2022-04-22T06:05:13.888+0000][10][gc,heap     ] GC(25) Old regions: 16->16
[2022-04-22T06:05:13.889+0000][10][gc,heap     ] GC(25) Archive regions: 2->2
[2022-04-22T06:05:13.889+0000][10][gc,heap     ] GC(25) Humongous regions: 6->6
[2022-04-22T06:05:13.890+0000][10][gc,metaspace] GC(25) Metaspace: 104967K(106496K)->104967K(106496K) NonClass: 90670K(91584K)->90670K(91584K) Class: 14296K(14912K)->14296K(14912K)
[2022-04-22T06:05:13.891+0000][10][gc          ] GC(25) Pause Young (Normal) (G1 Evacuation Pause) 392M->110M(512M) 32.833ms
[2022-04-22T06:05:13.892+0000][10][gc,cpu      ] GC(25) User=0.03s Sys=0.00s Real=0.03s
[2022-04-22T06:05:13.893+0000][10][safepoint   ] Safepoint "G1CollectForAllocation", Time since last: 597778001 ns, Reaching safepoint: 233666 ns, At safepoint: 34369500 ns, Total: 34603166 ns
[2022-04-22T06:05:14.894+0000][10][safepoint   ] Safepoint "Cleanup", Time since last: 1000820542 ns, Reaching safepoint: 215542 ns, At safepoint: 10375 ns, Total: 225917 ns
[2022-04-22T06:05:15.895+0000][10][safepoint   ] Safepoint "Cleanup", Time since last: 1001110251 ns, Reaching safepoint: 92000 ns, At safepoint: 79958 ns, Total: 171958 ns
[2022-04-22T06:05:17.897+0000][10][safepoint   ] Safepoint "Cleanup", Time since last: 2001418084 ns, Reaching safepoint: 394042 ns, At safepoint: 3875 ns, Total: 397917 ns
[2022-04-22T06:05:18.844+0000][10][gc,start    ] GC(26) Pause Young (Normal) (G1 Evacuation Pause)
[2022-04-22T06:05:18.845+0000][10][gc,task     ] GC(26) Using 5 workers of 5 for evacuation
[2022-04-22T06:05:18.846+0000][10][gc,age      ] GC(26) Desired survivor size 20971520 bytes, new threshold 15 (max threshold 15)
[2022-04-22T06:05:18.855+0000][10][gc,age      ] GC(26) Age table with threshold 15 (max threshold 15)
[2022-04-22T06:05:18.856+0000][10][gc,age      ] GC(26) - age   1:    3643216 bytes,    3643216 total
[2022-04-22T06:05:18.857+0000][10][gc,age      ] GC(26) - age   2:    1253312 bytes,    4896528 total
[2022-04-22T06:05:18.858+0000][10][gc,age      ] GC(26) - age   3:    2145296 bytes,    7041824 total
[2022-04-22T06:05:18.859+0000][10][gc,age      ] GC(26) - age   4:    1580584 bytes,    8622408 total
[2022-04-22T06:05:18.860+0000][10][gc,age      ] GC(26) - age   5:    2118952 bytes,   10741360 total
[2022-04-22T06:05:18.862+0000][10][gc,age      ] GC(26) - age   6:    1371688 bytes,   12113048 total
[2022-04-22T06:05:18.863+0000][10][gc,age      ] GC(26) - age   7:     679992 bytes,   12793040 total
[2022-04-22T06:05:18.864+0000][10][gc,age      ] GC(26) - age   8:     775952 bytes,   13568992 total
[2022-04-22T06:05:18.865+0000][10][gc,age      ] GC(26) - age   9:    1533848 bytes,   15102840 total
[2022-04-22T06:05:18.866+0000][10][gc,age      ] GC(26) - age  10:    5469528 bytes,   20572368 total
[2022-04-22T06:05:18.867+0000][10][gc,phases   ] GC(26)   Pre Evacuate Collection Set: 0.1ms
[2022-04-22T06:05:18.868+0000][10][gc,phases   ] GC(26)   Merge Heap Roots: 0.1ms
[2022-04-22T06:05:18.868+0000][10][gc,phases   ] GC(26)   Evacuate Collection Set: 6.7ms
[2022-04-22T06:05:18.869+0000][10][gc,phases   ] GC(26)   Post Evacuate Collection Set: 1.0ms
[2022-04-22T06:05:18.870+0000][10][gc,phases   ] GC(26)   Other: 15.2ms
[2022-04-22T06:05:18.871+0000][10][gc,heap     ] GC(26) Eden regions: 71->0(70)
[2022-04-22T06:05:18.871+0000][10][gc,heap     ] GC(26) Survivor regions: 5->6(10)
[2022-04-22T06:05:18.873+0000][10][gc,heap     ] GC(26) Old regions: 16->16
[2022-04-22T06:05:18.874+0000][10][gc,heap     ] GC(26) Archive regions: 2->2
[2022-04-22T06:05:18.874+0000][10][gc,heap     ] GC(26) Humongous regions: 6->6
[2022-04-22T06:05:18.875+0000][10][gc,metaspace] GC(26) Metaspace: 104979K(106560K)->104979K(106560K) NonClass: 90682K(91648K)->90682K(91648K) Class: 14296K(14912K)->14296K(14912K)
[2022-04-22T06:05:18.876+0000][10][gc          ] GC(26) Pause Young (Normal) (G1 Evacuation Pause) 394M->112M(512M) 31.815ms
[2022-04-22T06:05:18.876+0000][10][gc,cpu      ] GC(26) User=0.03s Sys=0.00s Real=0.03s
[2022-04-22T06:05:18.877+0000][10][safepoint   ] Safepoint "G1CollectForAllocation", Time since last: 946721542 ns, Reaching safepoint: 236708 ns, At safepoint: 32991917 ns, Total: 33228625 ns
[2022-04-22T06:05:19.878+0000][10][safepoint   ] Safepoint "Cleanup", Time since last: 1001423625 ns, Reaching safepoint: 121167 ns, At safepoint: 7292 ns, Total: 128459 ns
[2022-04-22T06:05:20.880+0000][10][safepoint   ] Safepoint "Cleanup", Time since last: 1001880125 ns, Reaching safepoint: 136875 ns, At safepoint: 6834 ns, Total: 143709 ns
[2022-04-22T06:05:21.883+0000][10][safepoint   ] Safepoint "Cleanup", Time since last: 1002787833 ns, Reaching safepoint: 57334 ns, At safepoint: 2333 ns, Total: 59667 ns
[2022-04-22T06:05:22.885+0000][10][safepoint   ] Safepoint "Cleanup", Time since last: 1001667209 ns, Reaching safepoint: 53708 ns, At safepoint: 2792 ns, Total: 56500 ns
[2022-04-22T06:05:23.509+0000][10][gc,start    ] GC(27) Pause Young (Normal) (G1 Evacuation Pause)
[2022-04-22T06:05:23.510+0000][10][gc,task     ] GC(27) Using 5 workers of 5 for evacuation
[2022-04-22T06:05:23.510+0000][10][gc,age      ] GC(27) Desired survivor size 20971520 bytes, new threshold 15 (max threshold 15)
[2022-04-22T06:05:23.528+0000][10][gc,age      ] GC(27) Age table with threshold 15 (max threshold 15)
[2022-04-22T06:05:23.529+0000][10][gc,age      ] GC(27) - age   1:    2222896 bytes,    2222896 total
[2022-04-22T06:05:23.531+0000][10][gc,age      ] GC(27) - age   2:    2961360 bytes,    5184256 total
[2022-04-22T06:05:23.531+0000][10][gc,age      ] GC(27) - age   3:    1242712 bytes,    6426968 total
[2022-04-22T06:05:23.532+0000][10][gc,age      ] GC(27) - age   4:    2105888 bytes,    8532856 total
[2022-04-22T06:05:23.533+0000][10][gc,age      ] GC(27) - age   5:    1557224 bytes,   10090080 total
[2022-04-22T06:05:23.534+0000][10][gc,age      ] GC(27) - age   6:    2104808 bytes,   12194888 total
[2022-04-22T06:05:23.535+0000][10][gc,age      ] GC(27) - age   7:    1366560 bytes,   13561448 total
[2022-04-22T06:05:23.536+0000][10][gc,age      ] GC(27) - age   8:     674184 bytes,   14235632 total
[2022-04-22T06:05:23.536+0000][10][gc,age      ] GC(27) - age   9:     774776 bytes,   15010408 total
[2022-04-22T06:05:23.537+0000][10][gc,age      ] GC(27) - age  10:    1533848 bytes,   16544256 total
[2022-04-22T06:05:23.537+0000][10][gc,age      ] GC(27) - age  11:    5469528 bytes,   22013784 total
[2022-04-22T06:05:23.538+0000][10][gc,phases   ] GC(27)   Pre Evacuate Collection Set: 0.1ms
[2022-04-22T06:05:23.538+0000][10][gc,phases   ] GC(27)   Merge Heap Roots: 0.2ms
[2022-04-22T06:05:23.539+0000][10][gc,phases   ] GC(27)   Evacuate Collection Set: 15.3ms
[2022-04-22T06:05:23.540+0000][10][gc,phases   ] GC(27)   Post Evacuate Collection Set: 1.2ms
[2022-04-22T06:05:23.541+0000][10][gc,phases   ] GC(27)   Other: 12.5ms
[2022-04-22T06:05:23.541+0000][10][gc,heap     ] GC(27) Eden regions: 70->0(70)
[2022-04-22T06:05:23.542+0000][10][gc,heap     ] GC(27) Survivor regions: 6->6(10)
[2022-04-22T06:05:23.543+0000][10][gc,heap     ] GC(27) Old regions: 16->16
[2022-04-22T06:05:23.543+0000][10][gc,heap     ] GC(27) Archive regions: 2->2
[2022-04-22T06:05:23.545+0000][10][gc,heap     ] GC(27) Humongous regions: 6->6
[2022-04-22T06:05:23.545+0000][10][gc,metaspace] GC(27) Metaspace: 104987K(106560K)->104987K(106560K) NonClass: 90690K(91648K)->90690K(91648K) Class: 14296K(14912K)->14296K(14912K)
[2022-04-22T06:05:23.546+0000][10][gc          ] GC(27) Pause Young (Normal) (G1 Evacuation Pause) 392M->113M(512M) 36.856ms
[2022-04-22T06:05:23.547+0000][10][gc,cpu      ] GC(27) User=0.02s Sys=0.00s Real=0.03s
[2022-04-22T06:05:23.547+0000][10][safepoint   ] Safepoint "G1CollectForAllocation", Time since last: 623947000 ns, Reaching safepoint: 35833 ns, At safepoint: 38400209 ns, Total: 38436042 ns
[2022-04-22T06:05:24.549+0000][10][safepoint   ] Safepoint "Cleanup", Time since last: 1002033500 ns, Reaching safepoint: 151667 ns, At safepoint: 5083 ns, Total: 156750 ns
[2022-04-22T06:05:25.551+0000][10][safepoint   ] Safepoint "Cleanup", Time since last: 1001342751 ns, Reaching safepoint: 298291 ns, At safepoint: 13500 ns, Total: 311791 ns
[2022-04-22T06:05:26.553+0000][10][safepoint   ] Safepoint "Cleanup", Time since last: 1001488959 ns, Reaching safepoint: 48334 ns, At safepoint: 9375 ns, Total: 57709 ns
[2022-04-22T06:05:27.276+0000][10][gc,start    ] GC(28) Pause Young (Normal) (G1 Evacuation Pause)
[2022-04-22T06:05:27.278+0000][10][gc,task     ] GC(28) Using 5 workers of 5 for evacuation
[2022-04-22T06:05:27.279+0000][10][gc,age      ] GC(28) Desired survivor size 20971520 bytes, new threshold 11 (max threshold 15)
[2022-04-22T06:05:27.289+0000][10][gc,age      ] GC(28) Age table with threshold 11 (max threshold 15)
[2022-04-22T06:05:27.290+0000][10][gc,age      ] GC(28) - age   1:    3586040 bytes,    3586040 total
[2022-04-22T06:05:27.291+0000][10][gc,age      ] GC(28) - age   2:    1373840 bytes,    4959880 total
[2022-04-22T06:05:27.292+0000][10][gc,age      ] GC(28) - age   3:    1639696 bytes,    6599576 total
[2022-04-22T06:05:27.293+0000][10][gc,age      ] GC(28) - age   4:    1229328 bytes,    7828904 total
[2022-04-22T06:05:27.293+0000][10][gc,age      ] GC(28) - age   5:    2090688 bytes,    9919592 total
[2022-04-22T06:05:27.294+0000][10][gc,age      ] GC(28) - age   6:    1538016 bytes,   11457608 total
[2022-04-22T06:05:27.295+0000][10][gc,age      ] GC(28) - age   7:    2101952 bytes,   13559560 total
[2022-04-22T06:05:27.296+0000][10][gc,age      ] GC(28) - age   8:    1363136 bytes,   14922696 total
[2022-04-22T06:05:27.297+0000][10][gc,age      ] GC(28) - age   9:     668936 bytes,   15591632 total
[2022-04-22T06:05:27.297+0000][10][gc,age      ] GC(28) - age  10:     772632 bytes,   16364264 total
[2022-04-22T06:05:27.298+0000][10][gc,age      ] GC(28) - age  11:    1533848 bytes,   17898112 total
[2022-04-22T06:05:27.299+0000][10][gc,phases   ] GC(28)   Pre Evacuate Collection Set: 0.2ms
[2022-04-22T06:05:27.299+0000][10][gc,phases   ] GC(28)   Merge Heap Roots: 0.2ms
[2022-04-22T06:05:27.300+0000][10][gc,phases   ] GC(28)   Evacuate Collection Set: 6.9ms
[2022-04-22T06:05:27.300+0000][10][gc,phases   ] GC(28)   Post Evacuate Collection Set: 0.9ms
[2022-04-22T06:05:27.301+0000][10][gc,phases   ] GC(28)   Other: 14.0ms
[2022-04-22T06:05:27.302+0000][10][gc,heap     ] GC(28) Eden regions: 70->0(71)
[2022-04-22T06:05:27.302+0000][10][gc,heap     ] GC(28) Survivor regions: 6->5(10)
[2022-04-22T06:05:27.303+0000][10][gc,heap     ] GC(28) Old regions: 16->18
[2022-04-22T06:05:27.303+0000][10][gc,heap     ] GC(28) Archive regions: 2->2
[2022-04-22T06:05:27.304+0000][10][gc,heap     ] GC(28) Humongous regions: 6->6
[2022-04-22T06:05:27.304+0000][10][gc,metaspace] GC(28) Metaspace: 104988K(106560K)->104988K(106560K) NonClass: 90691K(91648K)->90691K(91648K) Class: 14297K(14912K)->14297K(14912K)
[2022-04-22T06:05:27.305+0000][10][gc          ] GC(28) Pause Young (Normal) (G1 Evacuation Pause) 393M->114M(512M) 28.552ms
[2022-04-22T06:05:27.306+0000][10][gc,cpu      ] GC(28) User=0.02s Sys=0.00s Real=0.03s
[2022-04-22T06:05:27.306+0000][10][safepoint   ] Safepoint "G1CollectForAllocation", Time since last: 723686542 ns, Reaching safepoint: 146708 ns, At safepoint: 29706875 ns, Total: 29853583 ns
[2022-04-22T06:05:28.308+0000][10][safepoint   ] Safepoint "Cleanup", Time since last: 1001316209 ns, Reaching safepoint: 50416 ns, At safepoint: 2959 ns, Total: 53375 ns
[2022-04-22T06:05:29.311+0000][10][safepoint   ] Safepoint "Cleanup", Time since last: 1002866874 ns, Reaching safepoint: 169792 ns, At safepoint: 91958 ns, Total: 261750 ns
[2022-04-22T06:05:30.312+0000][10][safepoint   ] Safepoint "Cleanup", Time since last: 1000900542 ns, Reaching safepoint: 289750 ns, At safepoint: 5000 ns, Total: 294750 ns
[2022-04-22T06:05:30.825+0000][10][gc,start    ] GC(29) Pause Young (Normal) (G1 Evacuation Pause)
[2022-04-22T06:05:30.826+0000][10][gc,task     ] GC(29) Using 5 workers of 5 for evacuation
[2022-04-22T06:05:30.827+0000][10][gc,age      ] GC(29) Desired survivor size 20971520 bytes, new threshold 15 (max threshold 15)
[2022-04-22T06:05:30.835+0000][10][gc,age      ] GC(29) Age table with threshold 15 (max threshold 15)
[2022-04-22T06:05:30.836+0000][10][gc,age      ] GC(29) - age   1:    1438440 bytes,    1438440 total
[2022-04-22T06:05:30.837+0000][10][gc,age      ] GC(29) - age   2:    3404672 bytes,    4843112 total
[2022-04-22T06:05:30.838+0000][10][gc,age      ] GC(29) - age   3:    1302848 bytes,    6145960 total
[2022-04-22T06:05:30.838+0000][10][gc,age      ] GC(29) - age   4:    1604568 bytes,    7750528 total
[2022-04-22T06:05:30.839+0000][10][gc,age      ] GC(29) - age   5:    1208328 bytes,    8958856 total
[2022-04-22T06:05:30.840+0000][10][gc,age      ] GC(29) - age   6:    2055184 bytes,   11014040 total
[2022-04-22T06:05:30.840+0000][10][gc,age      ] GC(29) - age   7:    1492432 bytes,   12506472 total
[2022-04-22T06:05:30.841+0000][10][gc,age      ] GC(29) - age   8:    2090080 bytes,   14596552 total
[2022-04-22T06:05:30.842+0000][10][gc,age      ] GC(29) - age   9:    1357928 bytes,   15954480 total
[2022-04-22T06:05:30.843+0000][10][gc,age      ] GC(29) - age  10:     663728 bytes,   16618208 total
[2022-04-22T06:05:30.844+0000][10][gc,age      ] GC(29) - age  11:     767592 bytes,   17385800 total
[2022-04-22T06:05:30.844+0000][10][gc,age      ] GC(29) - age  12:    1533736 bytes,   18919536 total
[2022-04-22T06:05:30.845+0000][10][gc,phases   ] GC(29)   Pre Evacuate Collection Set: 0.4ms
[2022-04-22T06:05:30.846+0000][10][gc,phases   ] GC(29)   Merge Heap Roots: 0.1ms
[2022-04-22T06:05:30.846+0000][10][gc,phases   ] GC(29)   Evacuate Collection Set: 4.9ms
[2022-04-22T06:05:30.847+0000][10][gc,phases   ] GC(29)   Post Evacuate Collection Set: 0.9ms
[2022-04-22T06:05:30.848+0000][10][gc,phases   ] GC(29)   Other: 13.7ms
[2022-04-22T06:05:30.848+0000][10][gc,heap     ] GC(29) Eden regions: 71->0(71)
[2022-04-22T06:05:30.849+0000][10][gc,heap     ] GC(29) Survivor regions: 5->5(10)
[2022-04-22T06:05:30.850+0000][10][gc,heap     ] GC(29) Old regions: 18->18
[2022-04-22T06:05:30.851+0000][10][gc,heap     ] GC(29) Archive regions: 2->2
[2022-04-22T06:05:30.851+0000][10][gc,heap     ] GC(29) Humongous regions: 6->6
[2022-04-22T06:05:30.852+0000][10][gc,metaspace] GC(29) Metaspace: 104998K(106624K)->104998K(106624K) NonClass: 90699K(91712K)->90699K(91712K) Class: 14299K(14912K)->14299K(14912K)
[2022-04-22T06:05:30.852+0000][10][gc          ] GC(29) Pause Young (Normal) (G1 Evacuation Pause) 398M->115M(512M) 26.886ms
[2022-04-22T06:05:30.853+0000][10][gc,cpu      ] GC(29) User=0.01s Sys=0.00s Real=0.03s
[2022-04-22T06:05:30.853+0000][10][safepoint   ] Safepoint "G1CollectForAllocation", Time since last: 512584626 ns, Reaching safepoint: 64000 ns, At safepoint: 28127666 ns, Total: 28191666 ns
[2022-04-22T06:05:32.577+0000][10][safepoint   ] Safepoint "Cleanup", Time since last: 1723612418 ns, Reaching safepoint: 165083 ns, At safepoint: 10208 ns, Total: 175291 ns
[2022-04-22T06:05:33.579+0000][10][safepoint   ] Safepoint "Cleanup", Time since last: 1001633209 ns, Reaching safepoint: 298334 ns, At safepoint: 103125 ns, Total: 401459 ns
[2022-04-22T06:05:34.020+0000][10][gc,start    ] GC(30) Pause Young (Normal) (G1 Evacuation Pause)
[2022-04-22T06:05:34.022+0000][10][gc,task     ] GC(30) Using 5 workers of 5 for evacuation
[2022-04-22T06:05:34.023+0000][10][gc,age      ] GC(30) Desired survivor size 20971520 bytes, new threshold 15 (max threshold 15)
[2022-04-22T06:05:34.029+0000][10][gc,age      ] GC(30) Age table with threshold 15 (max threshold 15)
[2022-04-22T06:05:34.030+0000][10][gc,age      ] GC(30) - age   1:    3174616 bytes,    3174616 total
[2022-04-22T06:05:34.031+0000][10][gc,age      ] GC(30) - age   2:    1260016 bytes,    4434632 total
[2022-04-22T06:05:34.031+0000][10][gc,age      ] GC(30) - age   3:    1785184 bytes,    6219816 total
[2022-04-22T06:05:34.032+0000][10][gc,age      ] GC(30) - age   4:    1280336 bytes,    7500152 total
[2022-04-22T06:05:34.033+0000][10][gc,age      ] GC(30) - age   5:    1579648 bytes,    9079800 total
[2022-04-22T06:05:34.034+0000][10][gc,age      ] GC(30) - age   6:    1162048 bytes,   10241848 total
[2022-04-22T06:05:34.035+0000][10][gc,age      ] GC(30) - age   7:    2035064 bytes,   12276912 total
[2022-04-22T06:05:34.035+0000][10][gc,age      ] GC(30) - age   8:    1471488 bytes,   13748400 total
[2022-04-22T06:05:34.036+0000][10][gc,age      ] GC(30) - age   9:    2083488 bytes,   15831888 total
[2022-04-22T06:05:34.037+0000][10][gc,age      ] GC(30) - age  10:    1348848 bytes,   17180736 total
[2022-04-22T06:05:34.038+0000][10][gc,age      ] GC(30) - age  11:     658016 bytes,   17838752 total
[2022-04-22T06:05:34.039+0000][10][gc,age      ] GC(30) - age  12:     761280 bytes,   18600032 total
[2022-04-22T06:05:34.040+0000][10][gc,age      ] GC(30) - age  13:    1533648 bytes,   20133680 total
[2022-04-22T06:05:34.041+0000][10][gc,phases   ] GC(30)   Pre Evacuate Collection Set: 0.1ms
[2022-04-22T06:05:34.042+0000][10][gc,phases   ] GC(30)   Merge Heap Roots: 0.1ms
[2022-04-22T06:05:34.042+0000][10][gc,phases   ] GC(30)   Evacuate Collection Set: 3.9ms
[2022-04-22T06:05:34.043+0000][10][gc,phases   ] GC(30)   Post Evacuate Collection Set: 0.8ms
[2022-04-22T06:05:34.043+0000][10][gc,phases   ] GC(30)   Other: 15.7ms
[2022-04-22T06:05:34.044+0000][10][gc,heap     ] GC(30) Eden regions: 71->0(71)
[2022-04-22T06:05:34.045+0000][10][gc,heap     ] GC(30) Survivor regions: 5->5(10)
[2022-04-22T06:05:34.045+0000][10][gc,heap     ] GC(30) Old regions: 18->18
[2022-04-22T06:05:34.046+0000][10][gc,heap     ] GC(30) Archive regions: 2->2
[2022-04-22T06:05:34.046+0000][10][gc,heap     ] GC(30) Humongous regions: 6->6
[2022-04-22T06:05:34.047+0000][10][gc,metaspace] GC(30) Metaspace: 105001K(106624K)->105001K(106624K) NonClass: 90701K(91712K)->90701K(91712K) Class: 14299K(14912K)->14299K(14912K)
[2022-04-22T06:05:34.047+0000][10][gc          ] GC(30) Pause Young (Normal) (G1 Evacuation Pause) 399M->115M(512M) 27.252ms
[2022-04-22T06:05:34.048+0000][10][gc,cpu      ] GC(30) User=0.01s Sys=0.00s Real=0.02s
[2022-04-22T06:05:34.049+0000][10][safepoint   ] Safepoint "G1CollectForAllocation", Time since last: 441007417 ns, Reaching safepoint: 74708 ns, At safepoint: 28709375 ns, Total: 28784083 ns
[2022-04-22T06:05:35.976+0000][10][gc,start    ] GC(31) Pause Young (Normal) (G1 Evacuation Pause)
[2022-04-22T06:05:35.977+0000][10][gc,task     ] GC(31) Using 5 workers of 5 for evacuation
[2022-04-22T06:05:35.979+0000][10][gc,age      ] GC(31) Desired survivor size 20971520 bytes, new threshold 15 (max threshold 15)
[2022-04-22T06:05:35.984+0000][10][gc,age      ] GC(31) Age table with threshold 15 (max threshold 15)
[2022-04-22T06:05:35.985+0000][10][gc,age      ] GC(31) - age   1:    4127592 bytes,    4127592 total
[2022-04-22T06:05:35.986+0000][10][gc,age      ] GC(31) - age   2:    1484936 bytes,    5612528 total
[2022-04-22T06:05:35.987+0000][10][gc,age      ] GC(31) - age   3:    1240776 bytes,    6853304 total
[2022-04-22T06:05:35.988+0000][10][gc,age      ] GC(31) - age   4:    1134752 bytes,    7988056 total
[2022-04-22T06:05:35.989+0000][10][gc,age      ] GC(31) - age   5:    1271224 bytes,    9259280 total
[2022-04-22T06:05:35.989+0000][10][gc,age      ] GC(31) - age   6:    1548024 bytes,   10807304 total
[2022-04-22T06:05:35.990+0000][10][gc,age      ] GC(31) - age   7:    1158800 bytes,   11966104 total
[2022-04-22T06:05:35.991+0000][10][gc,age      ] GC(31) - age   8:    2000808 bytes,   13966912 total
[2022-04-22T06:05:35.992+0000][10][gc,age      ] GC(31) - age   9:    1467120 bytes,   15434032 total
[2022-04-22T06:05:35.992+0000][10][gc,age      ] GC(31) - age  10:    2056848 bytes,   17490880 total
[2022-04-22T06:05:35.993+0000][10][gc,age      ] GC(31) - age  11:    1343864 bytes,   18834744 total
[2022-04-22T06:05:35.993+0000][10][gc,age      ] GC(31) - age  12:     657976 bytes,   19492720 total
[2022-04-22T06:05:35.994+0000][10][gc,age      ] GC(31) - age  13:     760240 bytes,   20252960 total
[2022-04-22T06:05:35.995+0000][10][gc,age      ] GC(31) - age  14:    1533544 bytes,   21786504 total
[2022-04-22T06:05:35.996+0000][10][gc,phases   ] GC(31)   Pre Evacuate Collection Set: 0.1ms
[2022-04-22T06:05:35.997+0000][10][gc,phases   ] GC(31)   Merge Heap Roots: 0.0ms
[2022-04-22T06:05:35.998+0000][10][gc,phases   ] GC(31)   Evacuate Collection Set: 3.8ms
[2022-04-22T06:05:35.998+0000][10][gc,phases   ] GC(31)   Post Evacuate Collection Set: 0.6ms
[2022-04-22T06:05:35.999+0000][10][gc,phases   ] GC(31)   Other: 15.5ms
[2022-04-22T06:05:36.000+0000][10][gc,heap     ] GC(31) Eden regions: 71->0(70)
[2022-04-22T06:05:36.000+0000][10][gc,heap     ] GC(31) Survivor regions: 5->6(10)
[2022-04-22T06:05:36.001+0000][10][gc,heap     ] GC(31) Old regions: 18->18
[2022-04-22T06:05:36.002+0000][10][gc,heap     ] GC(31) Archive regions: 2->2
[2022-04-22T06:05:36.002+0000][10][gc,heap     ] GC(31) Humongous regions: 6->6
[2022-04-22T06:05:36.003+0000][10][gc,metaspace] GC(31) Metaspace: 105002K(106624K)->105002K(106624K) NonClass: 90702K(91712K)->90702K(91712K) Class: 14300K(14912K)->14300K(14912K)
[2022-04-22T06:05:36.004+0000][10][gc          ] GC(31) Pause Young (Normal) (G1 Evacuation Pause) 399M->119M(512M) 28.001ms
[2022-04-22T06:05:36.004+0000][10][gc,cpu      ] GC(31) User=0.01s Sys=0.00s Real=0.03s
[2022-04-22T06:05:36.005+0000][10][safepoint   ] Safepoint "G1CollectForAllocation", Time since last: 1926576834 ns, Reaching safepoint: 143708 ns, At safepoint: 29617917 ns, Total: 29761625 ns
[2022-04-22T06:05:37.404+0000][10][safepoint   ] Safepoint "Cleanup", Time since last: 1398825751 ns, Reaching safepoint: 173000 ns, At safepoint: 12708 ns, Total: 185708 ns
[2022-04-22T06:05:38.405+0000][10][safepoint   ] Safepoint "Cleanup", Time since last: 1000935459 ns, Reaching safepoint: 149250 ns, At safepoint: 4375 ns, Total: 153625 ns
[2022-04-22T06:05:38.494+0000][10][gc,start    ] GC(32) Pause Young (Normal) (G1 Evacuation Pause)
[2022-04-22T06:05:38.495+0000][10][gc,task     ] GC(32) Using 5 workers of 5 for evacuation
[2022-04-22T06:05:38.496+0000][10][gc,age      ] GC(32) Desired survivor size 20971520 bytes, new threshold 14 (max threshold 15)
[2022-04-22T06:05:38.502+0000][10][gc,age      ] GC(32) Age table with threshold 14 (max threshold 15)
[2022-04-22T06:05:38.503+0000][10][gc,age      ] GC(32) - age   1:    4436592 bytes,    4436592 total
[2022-04-22T06:05:38.504+0000][10][gc,age      ] GC(32) - age   2:    2233264 bytes,    6669856 total
[2022-04-22T06:05:38.505+0000][10][gc,age      ] GC(32) - age   3:    1333088 bytes,    8002944 total
[2022-04-22T06:05:38.506+0000][10][gc,age      ] GC(32) - age   4:    1209648 bytes,    9212592 total
[2022-04-22T06:05:38.507+0000][10][gc,age      ] GC(32) - age   5:    1127760 bytes,   10340352 total
[2022-04-22T06:05:38.508+0000][10][gc,age      ] GC(32) - age   6:    1256112 bytes,   11596464 total
[2022-04-22T06:05:38.509+0000][10][gc,age      ] GC(32) - age   7:    1538544 bytes,   13135008 total
[2022-04-22T06:05:38.510+0000][10][gc,age      ] GC(32) - age   8:    1151096 bytes,   14286104 total
[2022-04-22T06:05:38.511+0000][10][gc,age      ] GC(32) - age   9:    1468664 bytes,   15754768 total
[2022-04-22T06:05:38.512+0000][10][gc,age      ] GC(32) - age  10:    1458216 bytes,   17212984 total
[2022-04-22T06:05:38.513+0000][10][gc,age      ] GC(32) - age  11:    2048280 bytes,   19261264 total
[2022-04-22T06:05:38.514+0000][10][gc,age      ] GC(32) - age  12:    1338656 bytes,   20599920 total
[2022-04-22T06:05:38.515+0000][10][gc,age      ] GC(32) - age  13:     653776 bytes,   21253696 total
[2022-04-22T06:05:38.515+0000][10][gc,age      ] GC(32) - age  14:     752848 bytes,   22006544 total
[2022-04-22T06:05:38.516+0000][10][gc,phases   ] GC(32)   Pre Evacuate Collection Set: 0.0ms
[2022-04-22T06:05:38.517+0000][10][gc,phases   ] GC(32)   Merge Heap Roots: 0.1ms
[2022-04-22T06:05:38.518+0000][10][gc,phases   ] GC(32)   Evacuate Collection Set: 3.9ms
[2022-04-22T06:05:38.519+0000][10][gc,phases   ] GC(32)   Post Evacuate Collection Set: 1.0ms
[2022-04-22T06:05:38.520+0000][10][gc,phases   ] GC(32)   Other: 17.0ms
[2022-04-22T06:05:38.521+0000][10][gc,heap     ] GC(32) Eden regions: 70->0(70)
[2022-04-22T06:05:38.522+0000][10][gc,heap     ] GC(32) Survivor regions: 6->6(10)
[2022-04-22T06:05:38.522+0000][10][gc,heap     ] GC(32) Old regions: 18->18
[2022-04-22T06:05:38.523+0000][10][gc,heap     ] GC(32) Archive regions: 2->2
[2022-04-22T06:05:38.524+0000][10][gc,heap     ] GC(32) Humongous regions: 6->6
[2022-04-22T06:05:38.525+0000][10][gc,metaspace] GC(32) Metaspace: 105002K(106624K)->105002K(106624K) NonClass: 90702K(91712K)->90702K(91712K) Class: 14300K(14912K)->14300K(14912K)
[2022-04-22T06:05:38.526+0000][10][gc          ] GC(32) Pause Young (Normal) (G1 Evacuation Pause) 399M->120M(512M) 32.246ms
[2022-04-22T06:05:38.527+0000][10][gc,cpu      ] GC(32) User=0.02s Sys=0.00s Real=0.03s
[2022-04-22T06:05:38.528+0000][10][safepoint   ] Safepoint "G1CollectForAllocation", Time since last: 88640875 ns, Reaching safepoint: 143042 ns, At safepoint: 34169916 ns, Total: 34312958 ns
[2022-04-22T06:05:39.529+0000][10][safepoint   ] Safepoint "Cleanup", Time since last: 1000727167 ns, Reaching safepoint: 242125 ns, At safepoint: 26667 ns, Total: 268792 ns
[2022-04-22T06:05:40.531+0000][10][safepoint   ] Safepoint "Cleanup", Time since last: 1001091042 ns, Reaching safepoint: 395750 ns, At safepoint: 17334 ns, Total: 413084 ns
[2022-04-22T06:05:41.222+0000][10][gc,start    ] GC(33) Pause Young (Normal) (G1 Evacuation Pause)
[2022-04-22T06:05:41.223+0000][10][gc,task     ] GC(33) Using 5 workers of 5 for evacuation
[2022-04-22T06:05:41.224+0000][10][gc,age      ] GC(33) Desired survivor size 20971520 bytes, new threshold 13 (max threshold 15)
[2022-04-22T06:05:41.230+0000][10][gc,age      ] GC(33) Age table with threshold 13 (max threshold 15)
[2022-04-22T06:05:41.231+0000][10][gc,age      ] GC(33) - age   1:    1181968 bytes,    1181968 total
[2022-04-22T06:05:41.232+0000][10][gc,age      ] GC(33) - age   2:    4398936 bytes,    5580904 total
[2022-04-22T06:05:41.233+0000][10][gc,age      ] GC(33) - age   3:    2228112 bytes,    7809016 total
[2022-04-22T06:05:41.234+0000][10][gc,age      ] GC(33) - age   4:    1216416 bytes,    9025432 total
[2022-04-22T06:05:41.234+0000][10][gc,age      ] GC(33) - age   5:    1181872 bytes,   10207304 total
[2022-04-22T06:05:41.235+0000][10][gc,age      ] GC(33) - age   6:    1115944 bytes,   11323248 total
[2022-04-22T06:05:41.236+0000][10][gc,age      ] GC(33) - age   7:    1253536 bytes,   12576784 total
[2022-04-22T06:05:41.237+0000][10][gc,age      ] GC(33) - age   8:    1535520 bytes,   14112304 total
[2022-04-22T06:05:41.237+0000][10][gc,age      ] GC(33) - age   9:    1145184 bytes,   15257488 total
[2022-04-22T06:05:41.238+0000][10][gc,age      ] GC(33) - age  10:    1462112 bytes,   16719600 total
[2022-04-22T06:05:41.238+0000][10][gc,age      ] GC(33) - age  11:    1452080 bytes,   18171680 total
[2022-04-22T06:05:41.239+0000][10][gc,age      ] GC(33) - age  12:    2045088 bytes,   20216768 total
[2022-04-22T06:05:41.240+0000][10][gc,age      ] GC(33) - age  13:    1336472 bytes,   21553240 total
[2022-04-22T06:05:41.241+0000][10][gc,phases   ] GC(33)   Pre Evacuate Collection Set: 0.1ms
[2022-04-22T06:05:41.242+0000][10][gc,phases   ] GC(33)   Merge Heap Roots: 0.8ms
[2022-04-22T06:05:41.242+0000][10][gc,phases   ] GC(33)   Evacuate Collection Set: 3.4ms
[2022-04-22T06:05:41.243+0000][10][gc,phases   ] GC(33)   Post Evacuate Collection Set: 0.8ms
[2022-04-22T06:05:41.244+0000][10][gc,phases   ] GC(33)   Other: 14.0ms
[2022-04-22T06:05:41.244+0000][10][gc,heap     ] GC(33) Eden regions: 70->0(70)
[2022-04-22T06:05:41.245+0000][10][gc,heap     ] GC(33) Survivor regions: 6->6(10)
[2022-04-22T06:05:41.246+0000][10][gc,heap     ] GC(33) Old regions: 18->18
[2022-04-22T06:05:41.247+0000][10][gc,heap     ] GC(33) Archive regions: 2->2
[2022-04-22T06:05:41.248+0000][10][gc,heap     ] GC(33) Humongous regions: 6->6
[2022-04-22T06:05:41.248+0000][10][gc,metaspace] GC(33) Metaspace: 105004K(106624K)->105004K(106624K) NonClass: 90704K(91712K)->90704K(91712K) Class: 14300K(14912K)->14300K(14912K)
[2022-04-22T06:05:41.249+0000][10][gc          ] GC(33) Pause Young (Normal) (G1 Evacuation Pause) 400M->122M(512M) 27.412ms
[2022-04-22T06:05:41.250+0000][10][gc,cpu      ] GC(33) User=0.01s Sys=0.01s Real=0.03s
[2022-04-22T06:05:41.250+0000][10][safepoint   ] Safepoint "G1CollectForAllocation", Time since last: 690671667 ns, Reaching safepoint: 211250 ns, At safepoint: 28445916 ns, Total: 28657166 ns
[2022-04-22T06:05:42.251+0000][10][safepoint   ] Safepoint "Cleanup", Time since last: 1000740792 ns, Reaching safepoint: 591125 ns, At safepoint: 4709 ns, Total: 595834 ns
[2022-04-22T06:05:43.253+0000][10][safepoint   ] Safepoint "Cleanup", Time since last: 1001285875 ns, Reaching safepoint: 106334 ns, At safepoint: 48416 ns, Total: 154750 ns
[2022-04-22T06:05:43.311+0000][10][gc,start    ] GC(34) Pause Young (Normal) (G1 Evacuation Pause)
[2022-04-22T06:05:43.312+0000][10][gc,task     ] GC(34) Using 5 workers of 5 for evacuation
[2022-04-22T06:05:43.312+0000][10][gc,age      ] GC(34) Desired survivor size 20971520 bytes, new threshold 13 (max threshold 15)
[2022-04-22T06:05:43.317+0000][10][gc,age      ] GC(34) Age table with threshold 13 (max threshold 15)
[2022-04-22T06:05:43.318+0000][10][gc,age      ] GC(34) - age   1:    1379344 bytes,    1379344 total
[2022-04-22T06:05:43.318+0000][10][gc,age      ] GC(34) - age   2:    1144976 bytes,    2524320 total
[2022-04-22T06:05:43.319+0000][10][gc,age      ] GC(34) - age   3:    4245336 bytes,    6769656 total
[2022-04-22T06:05:43.320+0000][10][gc,age      ] GC(34) - age   4:    2223832 bytes,    8993488 total
[2022-04-22T06:05:43.321+0000][10][gc,age      ] GC(34) - age   5:    1199416 bytes,   10192904 total
[2022-04-22T06:05:43.321+0000][10][gc,age      ] GC(34) - age   6:    1163224 bytes,   11356128 total
[2022-04-22T06:05:43.322+0000][10][gc,age      ] GC(34) - age   7:    1109000 bytes,   12465128 total
[2022-04-22T06:05:43.323+0000][10][gc,age      ] GC(34) - age   8:    1245808 bytes,   13710936 total
[2022-04-22T06:05:43.323+0000][10][gc,age      ] GC(34) - age   9:    1506744 bytes,   15217680 total
[2022-04-22T06:05:43.324+0000][10][gc,age      ] GC(34) - age  10:    1142440 bytes,   16360120 total
[2022-04-22T06:05:43.325+0000][10][gc,age      ] GC(34) - age  11:    1451920 bytes,   17812040 total
[2022-04-22T06:05:43.325+0000][10][gc,age      ] GC(34) - age  12:    1447408 bytes,   19259448 total
[2022-04-22T06:05:43.326+0000][10][gc,age      ] GC(34) - age  13:    2036168 bytes,   21295616 total
[2022-04-22T06:05:43.327+0000][10][gc,phases   ] GC(34)   Pre Evacuate Collection Set: 0.0ms
[2022-04-22T06:05:43.327+0000][10][gc,phases   ] GC(34)   Merge Heap Roots: 0.0ms
[2022-04-22T06:05:43.328+0000][10][gc,phases   ] GC(34)   Evacuate Collection Set: 2.6ms
[2022-04-22T06:05:43.329+0000][10][gc,phases   ] GC(34)   Post Evacuate Collection Set: 1.0ms
[2022-04-22T06:05:43.330+0000][10][gc,phases   ] GC(34)   Other: 12.1ms
[2022-04-22T06:05:43.330+0000][10][gc,heap     ] GC(34) Eden regions: 70->0(69)
[2022-04-22T06:05:43.331+0000][10][gc,heap     ] GC(34) Survivor regions: 6->6(10)
[2022-04-22T06:05:43.331+0000][10][gc,heap     ] GC(34) Old regions: 18->19
[2022-04-22T06:05:43.333+0000][10][gc,heap     ] GC(34) Archive regions: 2->2
[2022-04-22T06:05:43.333+0000][10][gc,heap     ] GC(34) Humongous regions: 6->6
[2022-04-22T06:05:43.335+0000][10][gc,metaspace] GC(34) Metaspace: 105008K(106624K)->105008K(106624K) NonClass: 90706K(91712K)->90706K(91712K) Class: 14301K(14912K)->14301K(14912K)
[2022-04-22T06:05:43.336+0000][10][gc          ] GC(34) Pause Young (Normal) (G1 Evacuation Pause) 402M->122M(512M) 24.981ms
[2022-04-22T06:05:43.337+0000][10][gc,cpu      ] GC(34) User=0.01s Sys=0.00s Real=0.02s
[2022-04-22T06:05:43.338+0000][10][safepoint   ] Safepoint "G1CollectForAllocation", Time since last: 58096209 ns, Reaching safepoint: 61791 ns, At safepoint: 27108250 ns, Total: 27170041 ns
[2022-04-22T06:05:44.339+0000][10][safepoint   ] Safepoint "Cleanup", Time since last: 1000972667 ns, Reaching safepoint: 122500 ns, At safepoint: 2167 ns, Total: 124667 ns
[2022-04-22T06:05:45.249+0000][10][gc,start    ] GC(35) Pause Young (Normal) (G1 Evacuation Pause)
[2022-04-22T06:05:45.250+0000][10][gc,task     ] GC(35) Using 5 workers of 5 for evacuation
[2022-04-22T06:05:45.251+0000][10][gc,age      ] GC(35) Desired survivor size 20971520 bytes, new threshold 13 (max threshold 15)
[2022-04-22T06:05:45.255+0000][10][gc,age      ] GC(35) Age table with threshold 13 (max threshold 15)
[2022-04-22T06:05:45.256+0000][10][gc,age      ] GC(35) - age   1:    4691488 bytes,    4691488 total
[2022-04-22T06:05:45.257+0000][10][gc,age      ] GC(35) - age   2:    1227672 bytes,    5919160 total
[2022-04-22T06:05:45.258+0000][10][gc,age      ] GC(35) - age   3:    1138992 bytes,    7058152 total
[2022-04-22T06:05:45.259+0000][10][gc,age      ] GC(35) - age   4:    2154136 bytes,    9212288 total
[2022-04-22T06:05:45.259+0000][10][gc,age      ] GC(35) - age   5:    1455048 bytes,   10667336 total
[2022-04-22T06:05:45.260+0000][10][gc,age      ] GC(35) - age   6:    1184240 bytes,   11851576 total
[2022-04-22T06:05:45.260+0000][10][gc,age      ] GC(35) - age   7:    1142448 bytes,   12994024 total
[2022-04-22T06:05:45.261+0000][10][gc,age      ] GC(35) - age   8:    1099368 bytes,   14093392 total
[2022-04-22T06:05:45.262+0000][10][gc,age      ] GC(35) - age   9:    1238864 bytes,   15332256 total
[2022-04-22T06:05:45.262+0000][10][gc,age      ] GC(35) - age  10:    1502208 bytes,   16834464 total
[2022-04-22T06:05:45.263+0000][10][gc,age      ] GC(35) - age  11:    1138520 bytes,   17972984 total
[2022-04-22T06:05:45.264+0000][10][gc,age      ] GC(35) - age  12:    1450128 bytes,   19423112 total
[2022-04-22T06:05:45.265+0000][10][gc,age      ] GC(35) - age  13:    1446624 bytes,   20869736 total
[2022-04-22T06:05:45.266+0000][10][gc,phases   ] GC(35)   Pre Evacuate Collection Set: 0.2ms
[2022-04-22T06:05:45.266+0000][10][gc,phases   ] GC(35)   Merge Heap Roots: 0.1ms
[2022-04-22T06:05:45.267+0000][10][gc,phases   ] GC(35)   Evacuate Collection Set: 2.3ms
[2022-04-22T06:05:45.267+0000][10][gc,phases   ] GC(35)   Post Evacuate Collection Set: 0.6ms
[2022-04-22T06:05:45.268+0000][10][gc,phases   ] GC(35)   Other: 12.9ms
[2022-04-22T06:05:45.269+0000][10][gc,heap     ] GC(35) Eden regions: 69->0(69)
[2022-04-22T06:05:45.269+0000][10][gc,heap     ] GC(35) Survivor regions: 6->6(10)
[2022-04-22T06:05:45.270+0000][10][gc,heap     ] GC(35) Old regions: 19->19
[2022-04-22T06:05:45.271+0000][10][gc,heap     ] GC(35) Archive regions: 2->2
[2022-04-22T06:05:45.271+0000][10][gc,heap     ] GC(35) Humongous regions: 6->6
[2022-04-22T06:05:45.272+0000][10][gc,metaspace] GC(35) Metaspace: 105009K(106624K)->105009K(106624K) NonClass: 90707K(91712K)->90707K(91712K) Class: 14301K(14912K)->14301K(14912K)
[2022-04-22T06:05:45.272+0000][10][gc          ] GC(35) Pause Young (Normal) (G1 Evacuation Pause) 398M->124M(512M) 23.091ms
[2022-04-22T06:05:45.273+0000][10][gc,cpu      ] GC(35) User=0.01s Sys=0.00s Real=0.02s
[2022-04-22T06:05:45.274+0000][10][safepoint   ] Safepoint "G1CollectForAllocation", Time since last: 910037292 ns, Reaching safepoint: 118792 ns, At safepoint: 24211583 ns, Total: 24330375 ns
[2022-04-22T06:05:46.140+0000][10][gc,start    ] GC(36) Pause Young (Normal) (G1 Evacuation Pause)
[2022-04-22T06:05:46.141+0000][10][gc,task     ] GC(36) Using 5 workers of 5 for evacuation
[2022-04-22T06:05:46.143+0000][10][gc,age      ] GC(36) Desired survivor size 20971520 bytes, new threshold 15 (max threshold 15)
[2022-04-22T06:05:46.146+0000][10][gc,age      ] GC(36) Age table with threshold 15 (max threshold 15)
[2022-04-22T06:05:46.147+0000][10][gc,age      ] GC(36) - age   1:    1912184 bytes,    1912184 total
[2022-04-22T06:05:46.148+0000][10][gc,age      ] GC(36) - age   2:    4302904 bytes,    6215088 total
[2022-04-22T06:05:46.149+0000][10][gc,age      ] GC(36) - age   3:    1226232 bytes,    7441320 total
[2022-04-22T06:05:46.149+0000][10][gc,age      ] GC(36) - age   4:    1137952 bytes,    8579272 total
[2022-04-22T06:05:46.151+0000][10][gc,age      ] GC(36) - age   5:    2152120 bytes,   10731392 total
[2022-04-22T06:05:46.152+0000][10][gc,age      ] GC(36) - age   6:    1455048 bytes,   12186440 total
[2022-04-22T06:05:46.153+0000][10][gc,age      ] GC(36) - age   7:    1183232 bytes,   13369672 total
[2022-04-22T06:05:46.154+0000][10][gc,age      ] GC(36) - age   8:    1140544 bytes,   14510216 total
[2022-04-22T06:05:46.154+0000][10][gc,age      ] GC(36) - age   9:    1095336 bytes,   15605552 total
[2022-04-22T06:05:46.155+0000][10][gc,age      ] GC(36) - age  10:    1237072 bytes,   16842624 total
[2022-04-22T06:05:46.155+0000][10][gc,age      ] GC(36) - age  11:    1502208 bytes,   18344832 total
[2022-04-22T06:05:46.156+0000][10][gc,age      ] GC(36) - age  12:    1137512 bytes,   19482344 total
[2022-04-22T06:05:46.157+0000][10][gc,age      ] GC(36) - age  13:    1449344 bytes,   20931688 total
[2022-04-22T06:05:46.157+0000][10][gc,age      ] GC(36) - age  14:    1444720 bytes,   22376408 total
[2022-04-22T06:05:46.158+0000][10][gc,phases   ] GC(36)   Pre Evacuate Collection Set: 0.3ms
[2022-04-22T06:05:46.158+0000][10][gc,phases   ] GC(36)   Merge Heap Roots: 0.1ms
[2022-04-22T06:05:46.159+0000][10][gc,phases   ] GC(36)   Evacuate Collection Set: 2.1ms
[2022-04-22T06:05:46.160+0000][10][gc,phases   ] GC(36)   Post Evacuate Collection Set: 0.7ms
[2022-04-22T06:05:46.160+0000][10][gc,phases   ] GC(36)   Other: 14.6ms
[2022-04-22T06:05:46.161+0000][10][gc,heap     ] GC(36) Eden regions: 69->0(69)
[2022-04-22T06:05:46.161+0000][10][gc,heap     ] GC(36) Survivor regions: 6->6(10)
[2022-04-22T06:05:46.162+0000][10][gc,heap     ] GC(36) Old regions: 19->19
[2022-04-22T06:05:46.163+0000][10][gc,heap     ] GC(36) Archive regions: 2->2
[2022-04-22T06:05:46.163+0000][10][gc,heap     ] GC(36) Humongous regions: 6->6
[2022-04-22T06:05:46.164+0000][10][gc,metaspace] GC(36) Metaspace: 105012K(106624K)->105012K(106624K) NonClass: 90711K(91712K)->90711K(91712K) Class: 14301K(14912K)->14301K(14912K)
[2022-04-22T06:05:46.165+0000][10][gc          ] GC(36) Pause Young (Normal) (G1 Evacuation Pause) 400M->126M(512M) 24.575ms
[2022-04-22T06:05:46.165+0000][10][gc,cpu      ] GC(36) User=0.01s Sys=0.00s Real=0.02s
[2022-04-22T06:05:46.166+0000][10][safepoint   ] Safepoint "G1CollectForAllocation", Time since last: 866419751 ns, Reaching safepoint: 115708 ns, At safepoint: 26009708 ns, Total: 26125416 ns
[2022-04-22T06:05:47.167+0000][10][safepoint   ] Safepoint "Cleanup", Time since last: 1000905042 ns, Reaching safepoint: 67250 ns, At safepoint: 2584 ns, Total: 69834 ns
[2022-04-22T06:05:48.169+0000][10][safepoint   ] Safepoint "Cleanup", Time since last: 1001315375 ns, Reaching safepoint: 445375 ns, At safepoint: 5084 ns, Total: 450459 ns
[2022-04-22T06:05:48.348+0000][10][gc,start    ] GC(37) Pause Young (Normal) (G1 Evacuation Pause)
[2022-04-22T06:05:48.349+0000][10][gc,task     ] GC(37) Using 5 workers of 5 for evacuation
[2022-04-22T06:05:48.350+0000][10][gc,age      ] GC(37) Desired survivor size 20971520 bytes, new threshold 14 (max threshold 15)
[2022-04-22T06:05:48.354+0000][10][gc,age      ] GC(37) Age table with threshold 14 (max threshold 15)
[2022-04-22T06:05:48.356+0000][10][gc,age      ] GC(37) - age   1:    4127072 bytes,    4127072 total
[2022-04-22T06:05:48.356+0000][10][gc,age      ] GC(37) - age   2:    1874208 bytes,    6001280 total
[2022-04-22T06:05:48.357+0000][10][gc,age      ] GC(37) - age   3:    1954296 bytes,    7955576 total
[2022-04-22T06:05:48.359+0000][10][gc,age      ] GC(37) - age   4:    1224048 bytes,    9179624 total
[2022-04-22T06:05:48.360+0000][10][gc,age      ] GC(37) - age   5:    1021912 bytes,   10201536 total
[2022-04-22T06:05:48.361+0000][10][gc,age      ] GC(37) - age   6:    2149760 bytes,   12351296 total
[2022-04-22T06:05:48.363+0000][10][gc,age      ] GC(37) - age   7:    1414816 bytes,   13766112 total
[2022-04-22T06:05:48.364+0000][10][gc,age      ] GC(37) - age   8:    1179312 bytes,   14945424 total
[2022-04-22T06:05:48.365+0000][10][gc,age      ] GC(37) - age   9:    1129232 bytes,   16074656 total
[2022-04-22T06:05:48.366+0000][10][gc,age      ] GC(37) - age  10:    1090520 bytes,   17165176 total
[2022-04-22T06:05:48.366+0000][10][gc,age      ] GC(37) - age  11:    1232816 bytes,   18397992 total
[2022-04-22T06:05:48.367+0000][10][gc,age      ] GC(37) - age  12:    1499864 bytes,   19897856 total
[2022-04-22T06:05:48.368+0000][10][gc,age      ] GC(37) - age  13:    1136416 bytes,   21034272 total
[2022-04-22T06:05:48.369+0000][10][gc,age      ] GC(37) - age  14:    1444416 bytes,   22478688 total
[2022-04-22T06:05:48.371+0000][10][gc,phases   ] GC(37)   Pre Evacuate Collection Set: 0.1ms
[2022-04-22T06:05:48.372+0000][10][gc,phases   ] GC(37)   Merge Heap Roots: 0.1ms
[2022-04-22T06:05:48.372+0000][10][gc,phases   ] GC(37)   Evacuate Collection Set: 2.2ms
[2022-04-22T06:05:48.373+0000][10][gc,phases   ] GC(37)   Post Evacuate Collection Set: 0.9ms
[2022-04-22T06:05:48.373+0000][10][gc,phases   ] GC(37)   Other: 19.6ms
[2022-04-22T06:05:48.375+0000][10][gc,heap     ] GC(37) Eden regions: 69->0(69)
[2022-04-22T06:05:48.376+0000][10][gc,heap     ] GC(37) Survivor regions: 6->6(10)
[2022-04-22T06:05:48.377+0000][10][gc,heap     ] GC(37) Old regions: 19->19
[2022-04-22T06:05:48.378+0000][10][gc,heap     ] GC(37) Archive regions: 2->2
[2022-04-22T06:05:48.379+0000][10][gc,heap     ] GC(37) Humongous regions: 6->6
[2022-04-22T06:05:48.380+0000][10][gc,metaspace] GC(37) Metaspace: 105013K(106624K)->105013K(106624K) NonClass: 90712K(91712K)->90712K(91712K) Class: 14301K(14912K)->14301K(14912K)
[2022-04-22T06:05:48.381+0000][10][gc          ] GC(37) Pause Young (Normal) (G1 Evacuation Pause) 402M->127M(512M) 32.928ms
[2022-04-22T06:05:48.382+0000][10][gc,cpu      ] GC(37) User=0.01s Sys=0.00s Real=0.04s
[2022-04-22T06:05:48.382+0000][10][safepoint   ] Safepoint "G1CollectForAllocation", Time since last: 178813916 ns, Reaching safepoint: 107167 ns, At safepoint: 34631792 ns, Total: 34738959 ns
[2022-04-22T06:05:49.384+0000][10][safepoint   ] Safepoint "Cleanup", Time since last: 1001361834 ns, Reaching safepoint: 50583 ns, At safepoint: 14500 ns, Total: 65083 ns
[2022-04-22T06:05:50.297+0000][10][gc,start    ] GC(38) Pause Young (Normal) (G1 Evacuation Pause)
[2022-04-22T06:05:50.300+0000][10][gc,task     ] GC(38) Using 5 workers of 5 for evacuation
[2022-04-22T06:05:50.301+0000][10][gc,age      ] GC(38) Desired survivor size 20971520 bytes, new threshold 13 (max threshold 15)
[2022-04-22T06:05:50.326+0000][10][gc,age      ] GC(38) Age table with threshold 13 (max threshold 15)
[2022-04-22T06:05:50.327+0000][10][gc,age      ] GC(38) - age   1:    1672976 bytes,    1672976 total
[2022-04-22T06:05:50.328+0000][10][gc,age      ] GC(38) - age   2:    3778272 bytes,    5451248 total
[2022-04-22T06:05:50.329+0000][10][gc,age      ] GC(38) - age   3:    1872616 bytes,    7323864 total
[2022-04-22T06:05:50.330+0000][10][gc,age      ] GC(38) - age   4:    1950864 bytes,    9274728 total
[2022-04-22T06:05:50.331+0000][10][gc,age      ] GC(38) - age   5:    1055936 bytes,   10330664 total
[2022-04-22T06:05:50.332+0000][10][gc,age      ] GC(38) - age   6:    1021912 bytes,   11352576 total
[2022-04-22T06:05:50.332+0000][10][gc,age      ] GC(38) - age   7:    2146960 bytes,   13499536 total
[2022-04-22T06:05:50.333+0000][10][gc,age      ] GC(38) - age   8:    1324656 bytes,   14824192 total
[2022-04-22T06:05:50.333+0000][10][gc,age      ] GC(38) - age   9:    1175112 bytes,   15999304 total
[2022-04-22T06:05:50.335+0000][10][gc,age      ] GC(38) - age  10:    1121392 bytes,   17120696 total
[2022-04-22T06:05:50.336+0000][10][gc,age      ] GC(38) - age  11:    1087496 bytes,   18208192 total
[2022-04-22T06:05:50.336+0000][10][gc,age      ] GC(38) - age  12:    1230912 bytes,   19439104 total
[2022-04-22T06:05:50.337+0000][10][gc,age      ] GC(38) - age  13:    1498856 bytes,   20937960 total
[2022-04-22T06:05:50.338+0000][10][gc,phases   ] GC(38)   Pre Evacuate Collection Set: 0.2ms
[2022-04-22T06:05:50.339+0000][10][gc,phases   ] GC(38)   Merge Heap Roots: 0.1ms
[2022-04-22T06:05:50.340+0000][10][gc,phases   ] GC(38)   Evacuate Collection Set: 2.1ms
[2022-04-22T06:05:50.340+0000][10][gc,phases   ] GC(38)   Post Evacuate Collection Set: 1.1ms
[2022-04-22T06:05:50.341+0000][10][gc,phases   ] GC(38)   Other: 37.6ms
[2022-04-22T06:05:50.342+0000][10][gc,heap     ] GC(38) Eden regions: 69->0(68)
[2022-04-22T06:05:50.343+0000][10][gc,heap     ] GC(38) Survivor regions: 6->6(10)
[2022-04-22T06:05:50.343+0000][10][gc,heap     ] GC(38) Old regions: 19->20
[2022-04-22T06:05:50.344+0000][10][gc,heap     ] GC(38) Archive regions: 2->2
[2022-04-22T06:05:50.345+0000][10][gc,heap     ] GC(38) Humongous regions: 6->6
[2022-04-22T06:05:50.346+0000][10][gc,metaspace] GC(38) Metaspace: 105014K(106624K)->105014K(106624K) NonClass: 90713K(91712K)->90713K(91712K) Class: 14301K(14912K)->14301K(14912K)
[2022-04-22T06:05:50.346+0000][10][gc          ] GC(38) Pause Young (Normal) (G1 Evacuation Pause) 403M->128M(512M) 49.489ms
[2022-04-22T06:05:50.347+0000][10][gc,cpu      ] GC(38) User=0.01s Sys=0.01s Real=0.05s
[2022-04-22T06:05:50.349+0000][10][safepoint   ] Safepoint "G1CollectForAllocation", Time since last: 912346250 ns, Reaching safepoint: 382209 ns, At safepoint: 52094375 ns, Total: 52476584 ns
[2022-04-22T06:05:51.350+0000][10][safepoint   ] Safepoint "Cleanup", Time since last: 1001081750 ns, Reaching safepoint: 146125 ns, At safepoint: 3875 ns, Total: 150000 ns
[2022-04-22T06:05:52.351+0000][10][safepoint   ] Safepoint "Cleanup", Time since last: 1001163876 ns, Reaching safepoint: 161291 ns, At safepoint: 5500 ns, Total: 166791 ns
[2022-04-22T06:05:52.643+0000][10][gc,start    ] GC(39) Pause Young (Normal) (G1 Evacuation Pause)
[2022-04-22T06:05:52.643+0000][10][gc,task     ] GC(39) Using 5 workers of 5 for evacuation
[2022-04-22T06:05:52.644+0000][10][gc,age      ] GC(39) Desired survivor size 20971520 bytes, new threshold 15 (max threshold 15)
[2022-04-22T06:05:52.648+0000][10][gc,age      ] GC(39) Age table with threshold 15 (max threshold 15)
[2022-04-22T06:05:52.649+0000][10][gc,age      ] GC(39) - age   1:    4182952 bytes,    4182952 total
[2022-04-22T06:05:52.650+0000][10][gc,age      ] GC(39) - age   2:    1634984 bytes,    5817936 total
[2022-04-22T06:05:52.651+0000][10][gc,age      ] GC(39) - age   3:    1136736 bytes,    6954672 total
[2022-04-22T06:05:52.651+0000][10][gc,age      ] GC(39) - age   4:    1872584 bytes,    8827256 total
[2022-04-22T06:05:52.652+0000][10][gc,age      ] GC(39) - age   5:    1950864 bytes,   10778120 total
[2022-04-22T06:05:52.652+0000][10][gc,age      ] GC(39) - age   6:    1053696 bytes,   11831816 total
[2022-04-22T06:05:52.653+0000][10][gc,age      ] GC(39) - age   7:    1020008 bytes,   12851824 total
[2022-04-22T06:05:52.654+0000][10][gc,age      ] GC(39) - age   8:    2144496 bytes,   14996320 total
[2022-04-22T06:05:52.654+0000][10][gc,age      ] GC(39) - age   9:    1323872 bytes,   16320192 total
[2022-04-22T06:05:52.655+0000][10][gc,age      ] GC(39) - age  10:    1173320 bytes,   17493512 total
[2022-04-22T06:05:52.655+0000][10][gc,age      ] GC(39) - age  11:    1115512 bytes,   18609024 total
[2022-04-22T06:05:52.656+0000][10][gc,age      ] GC(39) - age  12:    1084640 bytes,   19693664 total
[2022-04-22T06:05:52.656+0000][10][gc,age      ] GC(39) - age  13:    1225872 bytes,   20919536 total
[2022-04-22T06:05:52.657+0000][10][gc,age      ] GC(39) - age  14:    1495328 bytes,   22414864 total
[2022-04-22T06:05:52.658+0000][10][gc,phases   ] GC(39)   Pre Evacuate Collection Set: 0.2ms
[2022-04-22T06:05:52.659+0000][10][gc,phases   ] GC(39)   Merge Heap Roots: 0.2ms
[2022-04-22T06:05:52.660+0000][10][gc,phases   ] GC(39)   Evacuate Collection Set: 2.5ms
[2022-04-22T06:05:52.661+0000][10][gc,phases   ] GC(39)   Post Evacuate Collection Set: 0.9ms
[2022-04-22T06:05:52.662+0000][10][gc,phases   ] GC(39)   Other: 11.5ms
[2022-04-22T06:05:52.662+0000][10][gc,heap     ] GC(39) Eden regions: 68->0(68)
[2022-04-22T06:05:52.665+0000][10][gc,heap     ] GC(39) Survivor regions: 6->6(10)
[2022-04-22T06:05:52.665+0000][10][gc,heap     ] GC(39) Old regions: 20->20
[2022-04-22T06:05:52.666+0000][10][gc,heap     ] GC(39) Archive regions: 2->2
[2022-04-22T06:05:52.667+0000][10][gc,heap     ] GC(39) Humongous regions: 6->6
[2022-04-22T06:05:52.668+0000][10][gc,metaspace] GC(39) Metaspace: 105015K(106624K)->105015K(106624K) NonClass: 90714K(91712K)->90714K(91712K) Class: 14301K(14912K)->14301K(14912K)
[2022-04-22T06:05:52.669+0000][10][gc          ] GC(39) Pause Young (Normal) (G1 Evacuation Pause) 400M->129M(512M) 26.269ms
[2022-04-22T06:05:52.669+0000][10][gc,cpu      ] GC(39) User=0.02s Sys=0.01s Real=0.03s
[2022-04-22T06:05:52.670+0000][10][safepoint   ] Safepoint "G1CollectForAllocation", Time since last: 290949750 ns, Reaching safepoint: 395417 ns, At safepoint: 27787875 ns, Total: 28183292 ns
[2022-04-22T06:05:53.671+0000][10][safepoint   ] Safepoint "Cleanup", Time since last: 1000632876 ns, Reaching safepoint: 131916 ns, At safepoint: 5834 ns, Total: 137750 ns
[2022-04-22T06:05:54.672+0000][10][safepoint   ] Safepoint "Cleanup", Time since last: 1000805625 ns, Reaching safepoint: 208167 ns, At safepoint: 5083 ns, Total: 213250 ns
[2022-04-22T06:05:55.107+0000][10][gc,start    ] GC(40) Pause Young (Normal) (G1 Evacuation Pause)
[2022-04-22T06:05:55.108+0000][10][gc,task     ] GC(40) Using 5 workers of 5 for evacuation
[2022-04-22T06:05:55.108+0000][10][gc,age      ] GC(40) Desired survivor size 20971520 bytes, new threshold 14 (max threshold 15)
[2022-04-22T06:05:55.113+0000][10][gc,age      ] GC(40) Age table with threshold 14 (max threshold 15)
[2022-04-22T06:05:55.114+0000][10][gc,age      ] GC(40) - age   1:    2105040 bytes,    2105040 total
[2022-04-22T06:05:55.116+0000][10][gc,age      ] GC(40) - age   2:    4140288 bytes,    6245328 total
[2022-04-22T06:05:55.117+0000][10][gc,age      ] GC(40) - age   3:    1631720 bytes,    7877048 total
[2022-04-22T06:05:55.118+0000][10][gc,age      ] GC(40) - age   4:    1009888 bytes,    8886936 total
[2022-04-22T06:05:55.118+0000][10][gc,age      ] GC(40) - age   5:    1872464 bytes,   10759400 total
[2022-04-22T06:05:55.119+0000][10][gc,age      ] GC(40) - age   6:    1135280 bytes,   11894680 total
[2022-04-22T06:05:55.121+0000][10][gc,age      ] GC(40) - age   7:    1044880 bytes,   12939560 total
[2022-04-22T06:05:55.122+0000][10][gc,age      ] GC(40) - age   8:    1017976 bytes,   13957536 total
[2022-04-22T06:05:55.123+0000][10][gc,age      ] GC(40) - age   9:    2139848 bytes,   16097384 total
[2022-04-22T06:05:55.123+0000][10][gc,age      ] GC(40) - age  10:    1322080 bytes,   17419464 total
[2022-04-22T06:05:55.125+0000][10][gc,age      ] GC(40) - age  11:    1170568 bytes,   18590032 total
[2022-04-22T06:05:55.125+0000][10][gc,age      ] GC(40) - age  12:    1103448 bytes,   19693480 total
[2022-04-22T06:05:55.126+0000][10][gc,age      ] GC(40) - age  13:    1079160 bytes,   20772640 total
[2022-04-22T06:05:55.127+0000][10][gc,age      ] GC(40) - age  14:    1179320 bytes,   21951960 total
[2022-04-22T06:05:55.128+0000][10][gc,phases   ] GC(40)   Pre Evacuate Collection Set: 0.1ms
[2022-04-22T06:05:55.129+0000][10][gc,phases   ] GC(40)   Merge Heap Roots: 0.1ms
[2022-04-22T06:05:55.130+0000][10][gc,phases   ] GC(40)   Evacuate Collection Set: 2.8ms
[2022-04-22T06:05:55.130+0000][10][gc,phases   ] GC(40)   Post Evacuate Collection Set: 1.0ms
[2022-04-22T06:05:55.131+0000][10][gc,phases   ] GC(40)   Other: 16.6ms
[2022-04-22T06:05:55.132+0000][10][gc,heap     ] GC(40) Eden regions: 68->0(68)
[2022-04-22T06:05:55.133+0000][10][gc,heap     ] GC(40) Survivor regions: 6->6(10)
[2022-04-22T06:05:55.135+0000][10][gc,heap     ] GC(40) Old regions: 20->20
[2022-04-22T06:05:55.136+0000][10][gc,heap     ] GC(40) Archive regions: 2->2
[2022-04-22T06:05:55.136+0000][10][gc,heap     ] GC(40) Humongous regions: 6->6
[2022-04-22T06:05:55.137+0000][10][gc,metaspace] GC(40) Metaspace: 105017K(106624K)->105017K(106624K) NonClass: 90716K(91712K)->90716K(91712K) Class: 14301K(14912K)->14301K(14912K)
[2022-04-22T06:05:55.139+0000][10][gc          ] GC(40) Pause Young (Normal) (G1 Evacuation Pause) 401M->130M(512M) 31.434ms
[2022-04-22T06:05:55.139+0000][10][gc,cpu      ] GC(40) User=0.01s Sys=0.01s Real=0.04s
[2022-04-22T06:05:55.140+0000][10][safepoint   ] Safepoint "G1CollectForAllocation", Time since last: 434747084 ns, Reaching safepoint: 194625 ns, At safepoint: 33129708 ns, Total: 33324333 ns
[2022-04-22T06:05:56.141+0000][10][safepoint   ] Safepoint "Cleanup", Time since last: 1000959667 ns, Reaching safepoint: 153125 ns, At safepoint: 32417 ns, Total: 185542 ns
[2022-04-22T06:05:57.321+0000][10][gc,start    ] GC(41) Pause Young (Normal) (G1 Evacuation Pause)
[2022-04-22T06:05:57.322+0000][10][gc,task     ] GC(41) Using 5 workers of 5 for evacuation
[2022-04-22T06:05:57.323+0000][10][gc,age      ] GC(41) Desired survivor size 20971520 bytes, new threshold 14 (max threshold 15)
[2022-04-22T06:05:57.327+0000][10][gc,age      ] GC(41) Age table with threshold 14 (max threshold 15)
[2022-04-22T06:05:57.328+0000][10][gc,age      ] GC(41) - age   1:    1296776 bytes,    1296776 total
[2022-04-22T06:05:57.329+0000][10][gc,age      ] GC(41) - age   2:    2071928 bytes,    3368704 total
[2022-04-22T06:05:57.330+0000][10][gc,age      ] GC(41) - age   3:    4138840 bytes,    7507544 total
[2022-04-22T06:05:57.331+0000][10][gc,age      ] GC(41) - age   4:    1500960 bytes,    9008504 total
[2022-04-22T06:05:57.332+0000][10][gc,age      ] GC(41) - age   5:    1008880 bytes,   10017384 total
[2022-04-22T06:05:57.333+0000][10][gc,age      ] GC(41) - age   6:    1872464 bytes,   11889848 total
[2022-04-22T06:05:57.334+0000][10][gc,age      ] GC(41) - age   7:    1134272 bytes,   13024120 total
[2022-04-22T06:05:57.334+0000][10][gc,age      ] GC(41) - age   8:    1024544 bytes,   14048664 total
[2022-04-22T06:05:57.335+0000][10][gc,age      ] GC(41) - age   9:    1016184 bytes,   15064848 total
[2022-04-22T06:05:57.336+0000][10][gc,age      ] GC(41) - age  10:    2139696 bytes,   17204544 total
[2022-04-22T06:05:57.337+0000][10][gc,age      ] GC(41) - age  11:    1321296 bytes,   18525840 total
[2022-04-22T06:05:57.338+0000][10][gc,age      ] GC(41) - age  12:    1166592 bytes,   19692432 total
[2022-04-22T06:05:57.338+0000][10][gc,age      ] GC(41) - age  13:    1100424 bytes,   20792856 total
[2022-04-22T06:05:57.339+0000][10][gc,age      ] GC(41) - age  14:    1074120 bytes,   21866976 total
[2022-04-22T06:05:57.339+0000][10][gc,phases   ] GC(41)   Pre Evacuate Collection Set: 0.1ms
[2022-04-22T06:05:57.340+0000][10][gc,phases   ] GC(41)   Merge Heap Roots: 0.1ms
[2022-04-22T06:05:57.341+0000][10][gc,phases   ] GC(41)   Evacuate Collection Set: 1.9ms
[2022-04-22T06:05:57.342+0000][10][gc,phases   ] GC(41)   Post Evacuate Collection Set: 0.6ms
[2022-04-22T06:05:57.342+0000][10][gc,phases   ] GC(41)   Other: 15.2ms
[2022-04-22T06:05:57.343+0000][10][gc,heap     ] GC(41) Eden regions: 68->0(67)
[2022-04-22T06:05:57.343+0000][10][gc,heap     ] GC(41) Survivor regions: 6->6(10)
[2022-04-22T06:05:57.344+0000][10][gc,heap     ] GC(41) Old regions: 20->21
[2022-04-22T06:05:57.345+0000][10][gc,heap     ] GC(41) Archive regions: 2->2
[2022-04-22T06:05:57.345+0000][10][gc,heap     ] GC(41) Humongous regions: 6->6
[2022-04-22T06:05:57.346+0000][10][gc,metaspace] GC(41) Metaspace: 105019K(106624K)->105019K(106624K) NonClass: 90717K(91712K)->90717K(91712K) Class: 14301K(14912K)->14301K(14912K)
[2022-04-22T06:05:57.347+0000][10][gc          ] GC(41) Pause Young (Normal) (G1 Evacuation Pause) 402M->131M(512M) 25.430ms
[2022-04-22T06:05:57.349+0000][10][gc,cpu      ] GC(41) User=0.01s Sys=0.00s Real=0.03s
[2022-04-22T06:05:57.350+0000][10][safepoint   ] Safepoint "G1CollectForAllocation", Time since last: 1179850334 ns, Reaching safepoint: 132583 ns, At safepoint: 28957792 ns, Total: 29090375 ns
[2022-04-22T06:05:58.988+0000][10][gc,start    ] GC(42) Pause Young (Normal) (G1 Evacuation Pause)
[2022-04-22T06:05:58.989+0000][10][gc,task     ] GC(42) Using 5 workers of 5 for evacuation
[2022-04-22T06:05:58.990+0000][10][gc,age      ] GC(42) Desired survivor size 20971520 bytes, new threshold 14 (max threshold 15)
[2022-04-22T06:05:58.993+0000][10][gc,age      ] GC(42) Age table with threshold 14 (max threshold 15)
[2022-04-22T06:05:58.994+0000][10][gc,age      ] GC(42) - age   1:    1160896 bytes,    1160896 total
[2022-04-22T06:05:58.995+0000][10][gc,age      ] GC(42) - age   2:    1217936 bytes,    2378832 total
[2022-04-22T06:05:58.996+0000][10][gc,age      ] GC(42) - age   3:    2066744 bytes,    4445576 total
[2022-04-22T06:05:58.997+0000][10][gc,age      ] GC(42) - age   4:    4136704 bytes,    8582280 total
[2022-04-22T06:05:58.999+0000][10][gc,age      ] GC(42) - age   5:    1498848 bytes,   10081128 total
[2022-04-22T06:05:59.000+0000][10][gc,age      ] GC(42) - age   6:    1007912 bytes,   11089040 total
[2022-04-22T06:05:59.000+0000][10][gc,age      ] GC(42) - age   7:    1740368 bytes,   12829408 total
[2022-04-22T06:05:59.001+0000][10][gc,age      ] GC(42) - age   8:    1132200 bytes,   13961608 total
[2022-04-22T06:05:59.002+0000][10][gc,age      ] GC(42) - age   9:    1024544 bytes,   14986152 total
[2022-04-22T06:05:59.002+0000][10][gc,age      ] GC(42) - age  10:    1013048 bytes,   15999200 total
[2022-04-22T06:05:59.003+0000][10][gc,age      ] GC(42) - age  11:    2139696 bytes,   18138896 total
[2022-04-22T06:05:59.004+0000][10][gc,age      ] GC(42) - age  12:    1321296 bytes,   19460192 total
[2022-04-22T06:05:59.004+0000][10][gc,age      ] GC(42) - age  13:    1163344 bytes,   20623536 total
[2022-04-22T06:05:59.005+0000][10][gc,age      ] GC(42) - age  14:    1096560 bytes,   21720096 total
[2022-04-22T06:05:59.006+0000][10][gc,phases   ] GC(42)   Pre Evacuate Collection Set: 0.0ms
[2022-04-22T06:05:59.007+0000][10][gc,phases   ] GC(42)   Merge Heap Roots: 0.2ms
[2022-04-22T06:05:59.007+0000][10][gc,phases   ] GC(42)   Evacuate Collection Set: 2.1ms
[2022-04-22T06:05:59.008+0000][10][gc,phases   ] GC(42)   Post Evacuate Collection Set: 0.6ms
[2022-04-22T06:05:59.009+0000][10][gc,phases   ] GC(42)   Other: 15.0ms
[2022-04-22T06:05:59.009+0000][10][gc,heap     ] GC(42) Eden regions: 67->0(67)
[2022-04-22T06:05:59.010+0000][10][gc,heap     ] GC(42) Survivor regions: 6->6(10)
[2022-04-22T06:05:59.011+0000][10][gc,heap     ] GC(42) Old regions: 21->21
[2022-04-22T06:05:59.012+0000][10][gc,heap     ] GC(42) Archive regions: 2->2
[2022-04-22T06:05:59.013+0000][10][gc,heap     ] GC(42) Humongous regions: 6->6
[2022-04-22T06:05:59.014+0000][10][gc,metaspace] GC(42) Metaspace: 105019K(106624K)->105019K(106624K) NonClass: 90717K(91712K)->90717K(91712K) Class: 14301K(14912K)->14301K(14912K)
[2022-04-22T06:05:59.014+0000][10][gc          ] GC(42) Pause Young (Normal) (G1 Evacuation Pause) 399M->131M(512M) 26.541ms
[2022-04-22T06:05:59.015+0000][10][gc,cpu      ] GC(42) User=0.01s Sys=0.00s Real=0.03s
[2022-04-22T06:05:59.016+0000][10][safepoint   ] Safepoint "G1CollectForAllocation", Time since last: 1637370416 ns, Reaching safepoint: 149792 ns, At safepoint: 27967958 ns, Total: 28117750 ns
[2022-04-22T06:06:00.017+0000][10][safepoint   ] Safepoint "Cleanup", Time since last: 1000847209 ns, Reaching safepoint: 247875 ns, At safepoint: 8042 ns, Total: 255917 ns
[2022-04-22T06:06:00.890+0000][10][gc,start    ] GC(43) Pause Young (Normal) (G1 Evacuation Pause)
[2022-04-22T06:06:00.891+0000][10][gc,task     ] GC(43) Using 5 workers of 5 for evacuation
[2022-04-22T06:06:00.892+0000][10][gc,age      ] GC(43) Desired survivor size 20971520 bytes, new threshold 14 (max threshold 15)
[2022-04-22T06:06:00.895+0000][10][gc,age      ] GC(43) Age table with threshold 14 (max threshold 15)
[2022-04-22T06:06:00.897+0000][10][gc,age      ] GC(43) - age   1:    4654536 bytes,    4654536 total
[2022-04-22T06:06:00.897+0000][10][gc,age      ] GC(43) - age   2:    1122968 bytes,    5777504 total
[2022-04-22T06:06:00.898+0000][10][gc,age      ] GC(43) - age   3:    1217896 bytes,    6995400 total
[2022-04-22T06:06:00.899+0000][10][gc,age      ] GC(43) - age   4:    2066568 bytes,    9061968 total
[2022-04-22T06:06:00.899+0000][10][gc,age      ] GC(43) - age   5:    1167648 bytes,   10229616 total
[2022-04-22T06:06:00.900+0000][10][gc,age      ] GC(43) - age   6:    1306768 bytes,   11536384 total
[2022-04-22T06:06:00.900+0000][10][gc,age      ] GC(43) - age   7:    1007528 bytes,   12543912 total
[2022-04-22T06:06:00.901+0000][10][gc,age      ] GC(43) - age   8:    1740368 bytes,   14284280 total
[2022-04-22T06:06:00.902+0000][10][gc,age      ] GC(43) - age   9:    1131192 bytes,   15415472 total
[2022-04-22T06:06:00.903+0000][10][gc,age      ] GC(43) - age  10:    1022584 bytes,   16438056 total
[2022-04-22T06:06:00.904+0000][10][gc,age      ] GC(43) - age  11:    1010248 bytes,   17448304 total
[2022-04-22T06:06:00.905+0000][10][gc,age      ] GC(43) - age  12:    2137792 bytes,   19586096 total
[2022-04-22T06:06:00.905+0000][10][gc,age      ] GC(43) - age  13:    1319616 bytes,   20905712 total
[2022-04-22T06:06:00.906+0000][10][gc,age      ] GC(43) - age  14:    1161160 bytes,   22066872 total
[2022-04-22T06:06:00.907+0000][10][gc,phases   ] GC(43)   Pre Evacuate Collection Set: 0.1ms
[2022-04-22T06:06:00.908+0000][10][gc,phases   ] GC(43)   Merge Heap Roots: 0.1ms
[2022-04-22T06:06:00.909+0000][10][gc,phases   ] GC(43)   Evacuate Collection Set: 1.9ms
[2022-04-22T06:06:00.910+0000][10][gc,phases   ] GC(43)   Post Evacuate Collection Set: 0.5ms
[2022-04-22T06:06:00.911+0000][10][gc,phases   ] GC(43)   Other: 15.0ms
[2022-04-22T06:06:00.911+0000][10][gc,heap     ] GC(43) Eden regions: 67->0(67)
[2022-04-22T06:06:00.912+0000][10][gc,heap     ] GC(43) Survivor regions: 6->6(10)
[2022-04-22T06:06:00.912+0000][10][gc,heap     ] GC(43) Old regions: 21->21
[2022-04-22T06:06:00.913+0000][10][gc,heap     ] GC(43) Archive regions: 2->2
[2022-04-22T06:06:00.913+0000][10][gc,heap     ] GC(43) Humongous regions: 6->6
[2022-04-22T06:06:00.914+0000][10][gc,metaspace] GC(43) Metaspace: 105019K(106624K)->105019K(106624K) NonClass: 90717K(91712K)->90717K(91712K) Class: 14301K(14912K)->14301K(14912K)
[2022-04-22T06:06:00.915+0000][10][gc          ] GC(43) Pause Young (Normal) (G1 Evacuation Pause) 399M->134M(512M) 25.078ms
[2022-04-22T06:06:00.915+0000][10][gc,cpu      ] GC(43) User=0.01s Sys=0.00s Real=0.02s
[2022-04-22T06:06:00.916+0000][10][safepoint   ] Safepoint "G1CollectForAllocation", Time since last: 872782334 ns, Reaching safepoint: 114666 ns, At safepoint: 26605959 ns, Total: 26720625 ns
[2022-04-22T06:06:01.917+0000][10][safepoint   ] Safepoint "Cleanup", Time since last: 1000668292 ns, Reaching safepoint: 103500 ns, At safepoint: 18458 ns, Total: 121958 ns
[2022-04-22T06:06:02.843+0000][10][gc,start    ] GC(44) Pause Young (Normal) (G1 Evacuation Pause)
[2022-04-22T06:06:02.844+0000][10][gc,task     ] GC(44) Using 5 workers of 5 for evacuation
[2022-04-22T06:06:02.845+0000][10][gc,age      ] GC(44) Desired survivor size 20971520 bytes, new threshold 14 (max threshold 15)
[2022-04-22T06:06:02.848+0000][10][gc,age      ] GC(44) Age table with threshold 14 (max threshold 15)
[2022-04-22T06:06:02.849+0000][10][gc,age      ] GC(44) - age   1:    1190784 bytes,    1190784 total
[2022-04-22T06:06:02.849+0000][10][gc,age      ] GC(44) - age   2:    4579824 bytes,    5770608 total
[2022-04-22T06:06:02.850+0000][10][gc,age      ] GC(44) - age   3:    1120992 bytes,    6891600 total
[2022-04-22T06:06:02.851+0000][10][gc,age      ] GC(44) - age   4:    1217424 bytes,    8109024 total
[2022-04-22T06:06:02.851+0000][10][gc,age      ] GC(44) - age   5:    2065528 bytes,   10174552 total
[2022-04-22T06:06:02.852+0000][10][gc,age      ] GC(44) - age   6:    1165744 bytes,   11340296 total
[2022-04-22T06:06:02.852+0000][10][gc,age      ] GC(44) - age   7:    1305760 bytes,   12646056 total
[2022-04-22T06:06:02.854+0000][10][gc,age      ] GC(44) - age   8:     918880 bytes,   13564936 total
[2022-04-22T06:06:02.854+0000][10][gc,age      ] GC(44) - age   9:    1740368 bytes,   15305304 total
[2022-04-22T06:06:02.855+0000][10][gc,age      ] GC(44) - age  10:    1130184 bytes,   16435488 total
[2022-04-22T06:06:02.856+0000][10][gc,age      ] GC(44) - age  11:    1020568 bytes,   17456056 total
[2022-04-22T06:06:02.857+0000][10][gc,age      ] GC(44) - age  12:    1005432 bytes,   18461488 total
[2022-04-22T06:06:02.859+0000][10][gc,age      ] GC(44) - age  13:    2137008 bytes,   20598496 total
[2022-04-22T06:06:02.860+0000][10][gc,age      ] GC(44) - age  14:    1317544 bytes,   21916040 total
[2022-04-22T06:06:02.860+0000][10][gc,phases   ] GC(44)   Pre Evacuate Collection Set: 0.1ms
[2022-04-22T06:06:02.861+0000][10][gc,phases   ] GC(44)   Merge Heap Roots: 0.0ms
[2022-04-22T06:06:02.862+0000][10][gc,phases   ] GC(44)   Evacuate Collection Set: 1.5ms
[2022-04-22T06:06:02.862+0000][10][gc,phases   ] GC(44)   Post Evacuate Collection Set: 0.8ms
[2022-04-22T06:06:02.863+0000][10][gc,phases   ] GC(44)   Other: 15.0ms
[2022-04-22T06:06:02.864+0000][10][gc,heap     ] GC(44) Eden regions: 67->0(67)
[2022-04-22T06:06:02.865+0000][10][gc,heap     ] GC(44) Survivor regions: 6->6(10)
[2022-04-22T06:06:02.865+0000][10][gc,heap     ] GC(44) Old regions: 21->21
[2022-04-22T06:06:02.866+0000][10][gc,heap     ] GC(44) Archive regions: 2->2
[2022-04-22T06:06:02.867+0000][10][gc,heap     ] GC(44) Humongous regions: 6->6
[2022-04-22T06:06:02.868+0000][10][gc,metaspace] GC(44) Metaspace: 105020K(106624K)->105020K(106624K) NonClass: 90718K(91712K)->90718K(91712K) Class: 14301K(14912K)->14301K(14912K)
[2022-04-22T06:06:02.868+0000][10][gc          ] GC(44) Pause Young (Normal) (G1 Evacuation Pause) 402M->134M(512M) 25.529ms
[2022-04-22T06:06:02.869+0000][10][gc,cpu      ] GC(44) User=0.00s Sys=0.01s Real=0.03s
[2022-04-22T06:06:02.870+0000][10][safepoint   ] Safepoint "G1CollectForAllocation", Time since last: 925879584 ns, Reaching safepoint: 98125 ns, At safepoint: 27179708 ns, Total: 27277833 ns
[2022-04-22T06:06:03.871+0000][10][safepoint   ] Safepoint "Cleanup", Time since last: 1000781417 ns, Reaching safepoint: 49834 ns, At safepoint: 3375 ns, Total: 53209 ns
[2022-04-22T06:06:04.558+0000][10][gc,start    ] GC(45) Pause Young (Normal) (G1 Evacuation Pause)
[2022-04-22T06:06:04.559+0000][10][gc,task     ] GC(45) Using 5 workers of 5 for evacuation
[2022-04-22T06:06:04.560+0000][10][gc,age      ] GC(45) Desired survivor size 20971520 bytes, new threshold 14 (max threshold 15)
[2022-04-22T06:06:04.564+0000][10][gc,age      ] GC(45) Age table with threshold 14 (max threshold 15)
[2022-04-22T06:06:04.566+0000][10][gc,age      ] GC(45) - age   1:    1486824 bytes,    1486824 total
[2022-04-22T06:06:04.567+0000][10][gc,age      ] GC(45) - age   2:    1136912 bytes,    2623736 total
[2022-04-22T06:06:04.568+0000][10][gc,age      ] GC(45) - age   3:    4579824 bytes,    7203560 total
[2022-04-22T06:06:04.569+0000][10][gc,age      ] GC(45) - age   4:    1116472 bytes,    8320032 total
[2022-04-22T06:06:04.571+0000][10][gc,age      ] GC(45) - age   5:    1216216 bytes,    9536248 total
[2022-04-22T06:06:04.572+0000][10][gc,age      ] GC(45) - age   6:    1923272 bytes,   11459520 total
[2022-04-22T06:06:04.573+0000][10][gc,age      ] GC(45) - age   7:    1078104 bytes,   12537624 total
[2022-04-22T06:06:04.574+0000][10][gc,age      ] GC(45) - age   8:    1305760 bytes,   13843384 total
[2022-04-22T06:06:04.575+0000][10][gc,age      ] GC(45) - age   9:     918880 bytes,   14762264 total
[2022-04-22T06:06:04.576+0000][10][gc,age      ] GC(45) - age  10:    1740368 bytes,   16502632 total
[2022-04-22T06:06:04.577+0000][10][gc,age      ] GC(45) - age  11:    1128392 bytes,   17631024 total
[2022-04-22T06:06:04.577+0000][10][gc,age      ] GC(45) - age  12:    1018664 bytes,   18649688 total
[2022-04-22T06:06:04.579+0000][10][gc,age      ] GC(45) - age  13:    1004648 bytes,   19654336 total
[2022-04-22T06:06:04.580+0000][10][gc,age      ] GC(45) - age  14:    2135832 bytes,   21790168 total
[2022-04-22T06:06:04.581+0000][10][gc,phases   ] GC(45)   Pre Evacuate Collection Set: 0.2ms
[2022-04-22T06:06:04.582+0000][10][gc,phases   ] GC(45)   Merge Heap Roots: 0.2ms
[2022-04-22T06:06:04.583+0000][10][gc,phases   ] GC(45)   Evacuate Collection Set: 2.4ms
[2022-04-22T06:06:04.584+0000][10][gc,phases   ] GC(45)   Post Evacuate Collection Set: 0.9ms
[2022-04-22T06:06:04.584+0000][10][gc,phases   ] GC(45)   Other: 20.2ms
[2022-04-22T06:06:04.585+0000][10][gc,heap     ] GC(45) Eden regions: 67->0(66)
[2022-04-22T06:06:04.585+0000][10][gc,heap     ] GC(45) Survivor regions: 6->6(10)
[2022-04-22T06:06:04.586+0000][10][gc,heap     ] GC(45) Old regions: 21->22
[2022-04-22T06:06:04.587+0000][10][gc,heap     ] GC(45) Archive regions: 2->2
[2022-04-22T06:06:04.589+0000][10][gc,heap     ] GC(45) Humongous regions: 6->6
[2022-04-22T06:06:04.590+0000][10][gc,metaspace] GC(45) Metaspace: 105021K(106624K)->105021K(106624K) NonClass: 90719K(91712K)->90719K(91712K) Class: 14301K(14912K)->14301K(14912K)
[2022-04-22T06:06:04.591+0000][10][gc          ] GC(45) Pause Young (Normal) (G1 Evacuation Pause) 402M->135M(512M) 33.012ms
[2022-04-22T06:06:04.591+0000][10][gc,cpu      ] GC(45) User=0.01s Sys=0.00s Real=0.04s
[2022-04-22T06:06:04.592+0000][10][safepoint   ] Safepoint "G1CollectForAllocation", Time since last: 686519625 ns, Reaching safepoint: 134542 ns, At safepoint: 34385458 ns, Total: 34520000 ns
[2022-04-22T06:06:05.750+0000][10][gc,start    ] GC(46) Pause Young (Normal) (G1 Evacuation Pause)
[2022-04-22T06:06:05.751+0000][10][gc,task     ] GC(46) Using 5 workers of 5 for evacuation
[2022-04-22T06:06:05.752+0000][10][gc,age      ] GC(46) Desired survivor size 18874368 bytes, new threshold 13 (max threshold 15)
[2022-04-22T06:06:05.756+0000][10][gc,age      ] GC(46) Age table with threshold 13 (max threshold 15)
[2022-04-22T06:06:05.757+0000][10][gc,age      ] GC(46) - age   1:    2677704 bytes,    2677704 total
[2022-04-22T06:06:05.758+0000][10][gc,age      ] GC(46) - age   2:    1255368 bytes,    3933072 total
[2022-04-22T06:06:05.759+0000][10][gc,age      ] GC(46) - age   3:    1135696 bytes,    5068768 total
[2022-04-22T06:06:05.760+0000][10][gc,age      ] GC(46) - age   4:    4522176 bytes,    9590944 total
[2022-04-22T06:06:05.761+0000][10][gc,age      ] GC(46) - age   5:     985352 bytes,   10576296 total
[2022-04-22T06:06:05.762+0000][10][gc,age      ] GC(46) - age   6:    1216216 bytes,   11792512 total
[2022-04-22T06:06:05.762+0000][10][gc,age      ] GC(46) - age   7:    1008968 bytes,   12801480 total
[2022-04-22T06:06:05.763+0000][10][gc,age      ] GC(46) - age   8:    1075920 bytes,   13877400 total
[2022-04-22T06:06:05.764+0000][10][gc,age      ] GC(46) - age   9:    1305760 bytes,   15183160 total
[2022-04-22T06:06:05.765+0000][10][gc,age      ] GC(46) - age  10:     917872 bytes,   16101032 total
[2022-04-22T06:06:05.765+0000][10][gc,age      ] GC(46) - age  11:    1740368 bytes,   17841400 total
[2022-04-22T06:06:05.766+0000][10][gc,age      ] GC(46) - age  12:    1126712 bytes,   18968112 total
[2022-04-22T06:06:05.767+0000][10][gc,age      ] GC(46) - age  13:    1016432 bytes,   19984544 total
[2022-04-22T06:06:05.768+0000][10][gc,phases   ] GC(46)   Pre Evacuate Collection Set: 0.2ms
[2022-04-22T06:06:05.769+0000][10][gc,phases   ] GC(46)   Merge Heap Roots: 0.3ms
[2022-04-22T06:06:05.770+0000][10][gc,phases   ] GC(46)   Evacuate Collection Set: 1.9ms
[2022-04-22T06:06:05.771+0000][10][gc,phases   ] GC(46)   Post Evacuate Collection Set: 0.5ms
[2022-04-22T06:06:05.771+0000][10][gc,phases   ] GC(46)   Other: 15.4ms
[2022-04-22T06:06:05.772+0000][10][gc,heap     ] GC(46) Eden regions: 66->0(65)
[2022-04-22T06:06:05.772+0000][10][gc,heap     ] GC(46) Survivor regions: 6->6(9)
[2022-04-22T06:06:05.773+0000][10][gc,heap     ] GC(46) Old regions: 22->23
[2022-04-22T06:06:05.774+0000][10][gc,heap     ] GC(46) Archive regions: 2->2
[2022-04-22T06:06:05.774+0000][10][gc,heap     ] GC(46) Humongous regions: 6->6
[2022-04-22T06:06:05.775+0000][10][gc,metaspace] GC(46) Metaspace: 105022K(106624K)->105022K(106624K) NonClass: 90720K(91712K)->90720K(91712K) Class: 14302K(14912K)->14302K(14912K)
[2022-04-22T06:06:05.776+0000][10][gc          ] GC(46) Pause Young (Normal) (G1 Evacuation Pause) 399M->137M(512M) 26.584ms
[2022-04-22T06:06:05.777+0000][10][gc,cpu      ] GC(46) User=0.01s Sys=0.01s Real=0.02s
[2022-04-22T06:06:05.778+0000][10][safepoint   ] Safepoint "G1CollectForAllocation", Time since last: 1157431626 ns, Reaching safepoint: 159375 ns, At safepoint: 28124791 ns, Total: 28284166 ns
[2022-04-22T06:06:06.779+0000][10][safepoint   ] Safepoint "Cleanup", Time since last: 1001050042 ns, Reaching safepoint: 325209 ns, At safepoint: 10416 ns, Total: 335625 ns
[2022-04-22T06:06:07.781+0000][10][safepoint   ] Safepoint "Cleanup", Time since last: 1001720834 ns, Reaching safepoint: 49167 ns, At safepoint: 2458 ns, Total: 51625 ns
[2022-04-22T06:06:08.068+0000][10][gc,start    ] GC(47) Pause Young (Normal) (G1 Evacuation Pause)
[2022-04-22T06:06:08.069+0000][10][gc,task     ] GC(47) Using 5 workers of 5 for evacuation
[2022-04-22T06:06:08.070+0000][10][gc,age      ] GC(47) Desired survivor size 18874368 bytes, new threshold 12 (max threshold 15)
[2022-04-22T06:06:08.074+0000][10][gc,age      ] GC(47) Age table with threshold 12 (max threshold 15)
[2022-04-22T06:06:08.076+0000][10][gc,age      ] GC(47) - age   1:    1069192 bytes,    1069192 total
[2022-04-22T06:06:08.076+0000][10][gc,age      ] GC(47) - age   2:    2645120 bytes,    3714312 total
[2022-04-22T06:06:08.077+0000][10][gc,age      ] GC(47) - age   3:    1254376 bytes,    4968688 total
[2022-04-22T06:06:08.078+0000][10][gc,age      ] GC(47) - age   4:    1135192 bytes,    6103880 total
[2022-04-22T06:06:08.079+0000][10][gc,age      ] GC(47) - age   5:    4309288 bytes,   10413168 total
[2022-04-22T06:06:08.080+0000][10][gc,age      ] GC(47) - age   6:     985136 bytes,   11398304 total
[2022-04-22T06:06:08.080+0000][10][gc,age      ] GC(47) - age   7:    1216216 bytes,   12614520 total
[2022-04-22T06:06:08.081+0000][10][gc,age      ] GC(47) - age   8:    1001600 bytes,   13616120 total
[2022-04-22T06:06:08.081+0000][10][gc,age      ] GC(47) - age   9:    1074240 bytes,   14690360 total
[2022-04-22T06:06:08.082+0000][10][gc,age      ] GC(47) - age  10:    1304584 bytes,   15994944 total
[2022-04-22T06:06:08.083+0000][10][gc,age      ] GC(47) - age  11:     917832 bytes,   16912776 total
[2022-04-22T06:06:08.084+0000][10][gc,age      ] GC(47) - age  12:    1740368 bytes,   18653144 total
[2022-04-22T06:06:08.085+0000][10][gc,phases   ] GC(47)   Pre Evacuate Collection Set: 0.1ms
[2022-04-22T06:06:08.086+0000][10][gc,phases   ] GC(47)   Merge Heap Roots: 0.5ms
[2022-04-22T06:06:08.086+0000][10][gc,phases   ] GC(47)   Evacuate Collection Set: 1.7ms
[2022-04-22T06:06:08.087+0000][10][gc,phases   ] GC(47)   Post Evacuate Collection Set: 0.6ms
[2022-04-22T06:06:08.088+0000][10][gc,phases   ] GC(47)   Other: 13.7ms
[2022-04-22T06:06:08.089+0000][10][gc,heap     ] GC(47) Eden regions: 65->0(67)
[2022-04-22T06:06:08.089+0000][10][gc,heap     ] GC(47) Survivor regions: 6->5(9)
[2022-04-22T06:06:08.090+0000][10][gc,heap     ] GC(47) Old regions: 23->23
[2022-04-22T06:06:08.090+0000][10][gc,heap     ] GC(47) Archive regions: 2->2
[2022-04-22T06:06:08.091+0000][10][gc,heap     ] GC(47) Humongous regions: 6->6
[2022-04-22T06:06:08.092+0000][10][gc,metaspace] GC(47) Metaspace: 105032K(106624K)->105032K(106624K) NonClass: 90729K(91712K)->90729K(91712K) Class: 14303K(14912K)->14303K(14912K)
[2022-04-22T06:06:08.092+0000][10][gc          ] GC(47) Pause Young (Normal) (G1 Evacuation Pause) 397M->137M(512M) 24.333ms
[2022-04-22T06:06:08.093+0000][10][gc,cpu      ] GC(47) User=0.01s Sys=0.00s Real=0.03s
[2022-04-22T06:06:08.094+0000][10][safepoint   ] Safepoint "G1CollectForAllocation", Time since last: 287128125 ns, Reaching safepoint: 46292 ns, At safepoint: 25673167 ns, Total: 25719459 ns
[2022-04-22T06:06:09.536+0000][10][safepoint   ] Safepoint "Cleanup", Time since last: 1442369459 ns, Reaching safepoint: 150958 ns, At safepoint: 4417 ns, Total: 155375 ns
[2022-04-22T06:06:14.552+0000][10][safepoint   ] Safepoint "Cleanup", Time since last: 5016091086 ns, Reaching safepoint: 82625 ns, At safepoint: 2625 ns, Total: 85250 ns
[2022-04-22T06:06:15.556+0000][10][safepoint   ] Safepoint "Cleanup", Time since last: 1003721458 ns, Reaching safepoint: 76584 ns, At safepoint: 2791 ns, Total: 79375 ns
[2022-04-22T06:06:38.580+0000][10][safepoint   ] Safepoint "Cleanup", Time since last: 23022788844 ns, Reaching safepoint: 552250 ns, At safepoint: 16292 ns, Total: 568542 ns
[2022-04-22T06:06:45.597+0000][10][safepoint   ] Safepoint "Cleanup", Time since last: 7017201920 ns, Reaching safepoint: 122708 ns, At safepoint: 4833 ns, Total: 127541 ns
[2022-04-22T06:06:46.599+0000][10][safepoint   ] Safepoint "Cleanup", Time since last: 1001243793 ns, Reaching safepoint: 233250 ns, At safepoint: 5375 ns, Total: 238625 ns
[2022-04-22T06:06:56.622+0000][10][safepoint   ] Safepoint "Cleanup", Time since last: 10023336671 ns, Reaching safepoint: 60708 ns, At safepoint: 2750 ns, Total: 63458 ns
[2022-04-22T06:07:07.638+0000][10][safepoint   ] Safepoint "Cleanup", Time since last: 11014898755 ns, Reaching safepoint: 160542 ns, At safepoint: 10083 ns, Total: 170625 ns
[2022-04-22T06:07:12.649+0000][10][safepoint   ] Safepoint "Cleanup", Time since last: 5011151711 ns, Reaching safepoint: 163333 ns, At safepoint: 4875 ns, Total: 168208 ns
[2022-04-22T06:07:13.651+0000][10][safepoint   ] Safepoint "Cleanup", Time since last: 1001580750 ns, Reaching safepoint: 200500 ns, At safepoint: 10417 ns, Total: 210917 ns
[2022-04-22T06:07:14.652+0000][10][safepoint   ] Safepoint "Cleanup", Time since last: 1001087167 ns, Reaching safepoint: 68167 ns, At safepoint: 9542 ns, Total: 77709 ns
[2022-04-22T06:07:15.653+0000][10][safepoint   ] Safepoint "Cleanup", Time since last: 1001318542 ns, Reaching safepoint: 55666 ns, At safepoint: 2375 ns, Total: 58041 ns
[2022-04-22T06:07:16.843+0000][10][gc,start    ] GC(48) Pause Young (Normal) (G1 Evacuation Pause)
[2022-04-22T06:07:16.843+0000][10][gc,task     ] GC(48) Using 5 workers of 5 for evacuation
[2022-04-22T06:07:16.844+0000][10][gc,age      ] GC(48) Desired survivor size 18874368 bytes, new threshold 15 (max threshold 15)
[2022-04-22T06:07:16.847+0000][10][gc,age      ] GC(48) Age table with threshold 15 (max threshold 15)
[2022-04-22T06:07:16.848+0000][10][gc,age      ] GC(48) - age   1:    4648568 bytes,    4648568 total
[2022-04-22T06:07:16.849+0000][10][gc,age      ] GC(48) - age   2:    1029880 bytes,    5678448 total
[2022-04-22T06:07:16.850+0000][10][gc,age      ] GC(48) - age   3:    2645120 bytes,    8323568 total
[2022-04-22T06:07:16.851+0000][10][gc,age      ] GC(48) - age   4:    1253824 bytes,    9577392 total
[2022-04-22T06:07:16.852+0000][10][gc,age      ] GC(48) - age   5:    1135192 bytes,   10712584 total
[2022-04-22T06:07:16.853+0000][10][gc,age      ] GC(48) - age   6:     969120 bytes,   11681704 total
[2022-04-22T06:07:16.854+0000][10][gc,age      ] GC(48) - age   7:     985136 bytes,   12666840 total
[2022-04-22T06:07:16.854+0000][10][gc,age      ] GC(48) - age   8:    1216216 bytes,   13883056 total
[2022-04-22T06:07:16.855+0000][10][gc,age      ] GC(48) - age   9:    1001600 bytes,   14884656 total
[2022-04-22T06:07:16.856+0000][10][gc,age      ] GC(48) - age  10:    1073456 bytes,   15958112 total
[2022-04-22T06:07:16.856+0000][10][gc,age      ] GC(48) - age  11:    1303992 bytes,   17262104 total
[2022-04-22T06:07:16.857+0000][10][gc,age      ] GC(48) - age  12:     917056 bytes,   18179160 total
[2022-04-22T06:07:16.858+0000][10][gc,age      ] GC(48) - age  13:    1740368 bytes,   19919528 total
[2022-04-22T06:07:16.858+0000][10][gc,phases   ] GC(48)   Pre Evacuate Collection Set: 0.1ms
[2022-04-22T06:07:16.859+0000][10][gc,phases   ] GC(48)   Merge Heap Roots: 0.1ms
[2022-04-22T06:07:16.860+0000][10][gc,phases   ] GC(48)   Evacuate Collection Set: 1.8ms
[2022-04-22T06:07:16.861+0000][10][gc,phases   ] GC(48)   Post Evacuate Collection Set: 0.6ms
[2022-04-22T06:07:16.862+0000][10][gc,phases   ] GC(48)   Other: 12.8ms
[2022-04-22T06:07:16.863+0000][10][gc,heap     ] GC(48) Eden regions: 67->0(65)
[2022-04-22T06:07:16.863+0000][10][gc,heap     ] GC(48) Survivor regions: 5->6(9)
[2022-04-22T06:07:16.864+0000][10][gc,heap     ] GC(48) Old regions: 23->23
[2022-04-22T06:07:16.864+0000][10][gc,heap     ] GC(48) Archive regions: 2->2
[2022-04-22T06:07:16.865+0000][10][gc,heap     ] GC(48) Humongous regions: 6->6
[2022-04-22T06:07:16.865+0000][10][gc,metaspace] GC(48) Metaspace: 105190K(106752K)->105190K(106752K) NonClass: 90873K(91840K)->90873K(91840K) Class: 14316K(14912K)->14316K(14912K)
[2022-04-22T06:07:16.867+0000][10][gc          ] GC(48) Pause Young (Normal) (G1 Evacuation Pause) 405M->138M(512M) 24.480ms
[2022-04-22T06:07:16.868+0000][10][gc,cpu      ] GC(48) User=0.00s Sys=0.00s Real=0.02s
[2022-04-22T06:07:16.869+0000][10][safepoint   ] Safepoint "G1CollectForAllocation", Time since last: 1189284168 ns, Reaching safepoint: 94375 ns, At safepoint: 26508958 ns, Total: 26603333 ns
[2022-04-22T06:07:17.871+0000][10][safepoint   ] Safepoint "Cleanup", Time since last: 1002297042 ns, Reaching safepoint: 107917 ns, At safepoint: 4791 ns, Total: 112708 ns
[2022-04-22T06:07:19.873+0000][10][safepoint   ] Safepoint "Cleanup", Time since last: 2001215960 ns, Reaching safepoint: 67333 ns, At safepoint: 13542 ns, Total: 80875 ns
[2022-04-22T06:07:20.875+0000][10][safepoint   ] Safepoint "Cleanup", Time since last: 1001687292 ns, Reaching safepoint: 196542 ns, At safepoint: 11333 ns, Total: 207875 ns
[2022-04-22T06:07:23.883+0000][10][safepoint   ] Safepoint "Cleanup", Time since last: 3008336126 ns, Reaching safepoint: 169459 ns, At safepoint: 10666 ns, Total: 180125 ns
[2022-04-22T06:07:38.905+0000][10][safepoint   ] Safepoint "Cleanup", Time since last: 15021485341 ns, Reaching safepoint: 94041 ns, At safepoint: 2709 ns, Total: 96750 ns
[2022-04-22T06:09:12.126+0000][10][safepoint   ] Safepoint "Cleanup", Time since last: 93219722209 ns, Reaching safepoint: 103083 ns, At safepoint: 2708 ns, Total: 105791 ns
[2022-04-22T06:09:17.141+0000][10][safepoint   ] Safepoint "Cleanup", Time since last: 5014183336 ns, Reaching safepoint: 513750 ns, At safepoint: 6583 ns, Total: 520333 ns
[2022-04-22T06:09:25.164+0000][10][safepoint   ] Safepoint "Cleanup", Time since last: 8022907213 ns, Reaching safepoint: 180666 ns, At safepoint: 5625 ns, Total: 186291 ns
[2022-04-22T06:10:25.314+0000][10][safepoint   ] Safepoint "Cleanup", Time since last: 60149643195 ns, Reaching safepoint: 111416 ns, At safepoint: 5042 ns, Total: 116458 ns
[2022-04-22T06:10:30.327+0000][10][safepoint   ] Safepoint "Cleanup", Time since last: 5012019210 ns, Reaching safepoint: 162417 ns, At safepoint: 8583 ns, Total: 171000 ns
[2022-04-22T06:11:12.449+0000][10][safepoint   ] Safepoint "Cleanup", Time since last: 42122424853 ns, Reaching safepoint: 70167 ns, At safepoint: 2875 ns, Total: 73042 ns
[2022-04-22T06:12:10.462+0000][10][safepoint   ] Safepoint "ICBufferFull", Time since last: 58011366776 ns, Reaching safepoint: 237834 ns, At safepoint: 16375 ns, Total: 254209 ns
[2022-04-22T06:12:11.484+0000][10][safepoint   ] Safepoint "Cleanup", Time since last: 1022028125 ns, Reaching safepoint: 154917 ns, At safepoint: 4750 ns, Total: 159667 ns
[2022-04-22T06:12:27.512+0000][10][safepoint   ] Safepoint "Cleanup", Time since last: 16027961049 ns, Reaching safepoint: 44500 ns, At safepoint: 2833 ns, Total: 47333 ns
[2022-04-22T06:12:38.535+0000][10][safepoint   ] Safepoint "Cleanup", Time since last: 11022859838 ns, Reaching safepoint: 47875 ns, At safepoint: 1792 ns, Total: 49667 ns
[2022-04-22T06:13:05.514+0000][10][safepoint   ] Safepoint "Cleanup", Time since last: 26978551429 ns, Reaching safepoint: 45250 ns, At safepoint: 2958 ns, Total: 48208 ns
[2022-04-22T06:13:06.519+0000][10][safepoint   ] Safepoint "Cleanup", Time since last: 1004359584 ns, Reaching safepoint: 171708 ns, At safepoint: 4792 ns, Total: 176500 ns
[2022-04-22T06:13:09.530+0000][10][safepoint   ] Safepoint "Cleanup", Time since last: 3011623251 ns, Reaching safepoint: 213667 ns, At safepoint: 5125 ns, Total: 218792 ns
[2022-04-22T06:13:15.544+0000][10][safepoint   ] Safepoint "Cleanup", Time since last: 6013652044 ns, Reaching safepoint: 213250 ns, At safepoint: 4709 ns, Total: 217959 ns
[2022-04-22T06:13:22.555+0000][10][safepoint   ] Safepoint "Cleanup", Time since last: 7010167586 ns, Reaching safepoint: 137792 ns, At safepoint: 3208 ns, Total: 141000 ns
[2022-04-22T06:13:31.561+0000][10][safepoint   ] Safepoint "Cleanup", Time since last: 9005957713 ns, Reaching safepoint: 170791 ns, At safepoint: 10584 ns, Total: 181375 ns
[2022-04-22T06:13:46.600+0000][10][safepoint   ] Safepoint "Cleanup", Time since last: 15039270090 ns, Reaching safepoint: 85375 ns, At safepoint: 2708 ns, Total: 88083 ns
[2022-04-22T06:13:50.609+0000][10][safepoint   ] Safepoint "Cleanup", Time since last: 4008041836 ns, Reaching safepoint: 88083 ns, At safepoint: 20542 ns, Total: 108625 ns
[2022-04-22T06:14:08.651+0000][10][safepoint   ] Safepoint "Cleanup", Time since last: 18042253966 ns, Reaching safepoint: 97042 ns, At safepoint: 3458 ns, Total: 100500 ns
[2022-04-22T06:14:19.669+0000][10][safepoint   ] Safepoint "Cleanup", Time since last: 11017373797 ns, Reaching safepoint: 76417 ns, At safepoint: 3041 ns, Total: 79458 ns
[2022-04-22T06:14:24.682+0000][10][safepoint   ] Safepoint "Cleanup", Time since last: 5012705586 ns, Reaching safepoint: 204750 ns, At safepoint: 4875 ns, Total: 209625 ns
[2022-04-22T06:14:25.688+0000][10][safepoint   ] Safepoint "Cleanup", Time since last: 1006131917 ns, Reaching safepoint: 61958 ns, At safepoint: 3042 ns, Total: 65000 ns
[2022-04-22T06:14:27.694+0000][10][safepoint   ] Safepoint "Cleanup", Time since last: 2006191959 ns, Reaching safepoint: 147917 ns, At safepoint: 20125 ns, Total: 168042 ns
[2022-04-22T06:14:30.699+0000][10][safepoint   ] Safepoint "Cleanup", Time since last: 3004959626 ns, Reaching safepoint: 65291 ns, At safepoint: 2334 ns, Total: 67625 ns
[2022-04-22T06:14:38.725+0000][10][safepoint   ] Safepoint "Cleanup", Time since last: 8025596003 ns, Reaching safepoint: 65042 ns, At safepoint: 3250 ns, Total: 68292 ns
[2022-04-22T06:14:47.750+0000][10][safepoint   ] Safepoint "Cleanup", Time since last: 9024626629 ns, Reaching safepoint: 234459 ns, At safepoint: 26416 ns, Total: 260875 ns
[2022-04-22T06:14:48.751+0000][10][safepoint   ] Safepoint "Cleanup", Time since last: 1001308709 ns, Reaching safepoint: 123625 ns, At safepoint: 4334 ns, Total: 127959 ns
[2022-04-22T06:14:58.781+0000][10][safepoint   ] Safepoint "Cleanup", Time since last: 10028546754 ns, Reaching safepoint: 114375 ns, At safepoint: 4375 ns, Total: 118750 ns
[2022-04-22T06:15:05.794+0000][10][safepoint   ] Safepoint "Cleanup", Time since last: 7013312920 ns, Reaching safepoint: 94083 ns, At safepoint: 13583 ns, Total: 107666 ns
[2022-04-22T06:15:34.863+0000][10][safepoint   ] Safepoint "Cleanup", Time since last: 29068851139 ns, Reaching safepoint: 217417 ns, At safepoint: 5833 ns, Total: 223250 ns
[2022-04-22T06:15:38.689+0000][10][gc,start    ] GC(49) Pause Young (Normal) (G1 Evacuation Pause)
[2022-04-22T06:15:38.691+0000][10][gc,task     ] GC(49) Using 5 workers of 5 for evacuation
[2022-04-22T06:15:38.692+0000][10][gc,age      ] GC(49) Desired survivor size 18874368 bytes, new threshold 13 (max threshold 15)
[2022-04-22T06:15:38.697+0000][10][gc,age      ] GC(49) Age table with threshold 13 (max threshold 15)
[2022-04-22T06:15:38.698+0000][10][gc,age      ] GC(49) - age   1:    1466744 bytes,    1466744 total
[2022-04-22T06:15:38.699+0000][10][gc,age      ] GC(49) - age   2:    4183888 bytes,    5650632 total
[2022-04-22T06:15:38.700+0000][10][gc,age      ] GC(49) - age   3:    1029696 bytes,    6680328 total
[2022-04-22T06:15:38.700+0000][10][gc,age      ] GC(49) - age   4:    2645120 bytes,    9325448 total
[2022-04-22T06:15:38.701+0000][10][gc,age      ] GC(49) - age   5:    1253824 bytes,   10579272 total
[2022-04-22T06:15:38.702+0000][10][gc,age      ] GC(49) - age   6:    1135192 bytes,   11714464 total
[2022-04-22T06:15:38.702+0000][10][gc,age      ] GC(49) - age   7:     969120 bytes,   12683584 total
[2022-04-22T06:15:38.704+0000][10][gc,age      ] GC(49) - age   8:     985136 bytes,   13668720 total
[2022-04-22T06:15:38.704+0000][10][gc,age      ] GC(49) - age   9:    1216216 bytes,   14884936 total
[2022-04-22T06:15:38.705+0000][10][gc,age      ] GC(49) - age  10:    1001600 bytes,   15886536 total
[2022-04-22T06:15:38.706+0000][10][gc,age      ] GC(49) - age  11:    1073456 bytes,   16959992 total
[2022-04-22T06:15:38.706+0000][10][gc,age      ] GC(49) - age  12:    1303992 bytes,   18263984 total
[2022-04-22T06:15:38.707+0000][10][gc,age      ] GC(49) - age  13:     917056 bytes,   19181040 total
[2022-04-22T06:15:38.707+0000][10][gc,phases   ] GC(49)   Pre Evacuate Collection Set: 0.1ms
[2022-04-22T06:15:38.708+0000][10][gc,phases   ] GC(49)   Merge Heap Roots: 0.0ms
[2022-04-22T06:15:38.708+0000][10][gc,phases   ] GC(49)   Evacuate Collection Set: 2.9ms
[2022-04-22T06:15:38.709+0000][10][gc,phases   ] GC(49)   Post Evacuate Collection Set: 0.7ms
[2022-04-22T06:15:38.710+0000][10][gc,phases   ] GC(49)   Other: 14.9ms
[2022-04-22T06:15:38.710+0000][10][gc,heap     ] GC(49) Eden regions: 65->0(67)
[2022-04-22T06:15:38.711+0000][10][gc,heap     ] GC(49) Survivor regions: 6->5(9)
[2022-04-22T06:15:38.711+0000][10][gc,heap     ] GC(49) Old regions: 23->23
[2022-04-22T06:15:38.712+0000][10][gc,heap     ] GC(49) Archive regions: 2->2
[2022-04-22T06:15:38.713+0000][10][gc,heap     ] GC(49) Humongous regions: 6->6
[2022-04-22T06:15:38.714+0000][10][gc,metaspace] GC(49) Metaspace: 106416K(107968K)->106416K(107968K) NonClass: 91959K(92928K)->91959K(92928K) Class: 14457K(15040K)->14457K(15040K)
[2022-04-22T06:15:38.715+0000][10][gc          ] GC(49) Pause Young (Normal) (G1 Evacuation Pause) 398M->139M(512M) 25.714ms
[2022-04-22T06:15:38.716+0000][10][gc,cpu      ] GC(49) User=0.02s Sys=0.00s Real=0.03s
[2022-04-22T06:15:38.717+0000][10][safepoint   ] Safepoint "G1CollectForAllocation", Time since last: 3825411710 ns, Reaching safepoint: 168625 ns, At safepoint: 28317333 ns, Total: 28485958 ns
[2022-04-22T06:15:39.720+0000][10][safepoint   ] Safepoint "Cleanup", Time since last: 1002396751 ns, Reaching safepoint: 235875 ns, At safepoint: 5792 ns, Total: 241667 ns
[2022-04-22T06:15:43.736+0000][10][safepoint   ] Safepoint "Cleanup", Time since last: 4015602043 ns, Reaching safepoint: 215625 ns, At safepoint: 11125 ns, Total: 226750 ns
[2022-04-22T06:15:44.966+0000][10][safepoint   ] Safepoint "Cleanup", Time since last: 1229481209 ns, Reaching safepoint: 366292 ns, At safepoint: 4375 ns, Total: 370667 ns
[2022-04-22T06:15:45.967+0000][10][safepoint   ] Safepoint "Cleanup", Time since last: 1001416125 ns, Reaching safepoint: 404500 ns, At safepoint: 13167 ns, Total: 417667 ns
[2022-04-22T06:15:46.969+0000][10][safepoint   ] Safepoint "Cleanup", Time since last: 1001014750 ns, Reaching safepoint: 172250 ns, At safepoint: 3292 ns, Total: 175542 ns
[2022-04-22T06:15:47.971+0000][10][safepoint   ] Safepoint "Cleanup", Time since last: 1002244500 ns, Reaching safepoint: 182375 ns, At safepoint: 2500 ns, Total: 184875 ns
[2022-04-22T06:15:48.361+0000][10][gc,start    ] GC(50) Pause Young (Normal) (G1 Evacuation Pause)
[2022-04-22T06:15:48.362+0000][10][gc,task     ] GC(50) Using 5 workers of 5 for evacuation
[2022-04-22T06:15:48.363+0000][10][gc,age      ] GC(50) Desired survivor size 18874368 bytes, new threshold 13 (max threshold 15)
[2022-04-22T06:15:48.367+0000][10][gc,age      ] GC(50) Age table with threshold 13 (max threshold 15)
[2022-04-22T06:15:48.368+0000][10][gc,age      ] GC(50) - age   1:    1937648 bytes,    1937648 total
[2022-04-22T06:15:48.369+0000][10][gc,age      ] GC(50) - age   2:     471104 bytes,    2408752 total
[2022-04-22T06:15:48.370+0000][10][gc,age      ] GC(50) - age   3:    4183184 bytes,    6591936 total
[2022-04-22T06:15:48.371+0000][10][gc,age      ] GC(50) - age   4:    1029696 bytes,    7621632 total
[2022-04-22T06:15:48.372+0000][10][gc,age      ] GC(50) - age   5:    2645120 bytes,   10266752 total
[2022-04-22T06:15:48.373+0000][10][gc,age      ] GC(50) - age   6:    1253824 bytes,   11520576 total
[2022-04-22T06:15:48.375+0000][10][gc,age      ] GC(50) - age   7:    1135192 bytes,   12655768 total
[2022-04-22T06:15:48.376+0000][10][gc,age      ] GC(50) - age   8:     969120 bytes,   13624888 total
[2022-04-22T06:15:48.377+0000][10][gc,age      ] GC(50) - age   9:     985136 bytes,   14610024 total
[2022-04-22T06:15:48.378+0000][10][gc,age      ] GC(50) - age  10:    1216216 bytes,   15826240 total
[2022-04-22T06:15:48.379+0000][10][gc,age      ] GC(50) - age  11:    1001600 bytes,   16827840 total
[2022-04-22T06:15:48.380+0000][10][gc,age      ] GC(50) - age  12:    1073456 bytes,   17901296 total
[2022-04-22T06:15:48.380+0000][10][gc,age      ] GC(50) - age  13:    1303992 bytes,   19205288 total
[2022-04-22T06:15:48.381+0000][10][gc,phases   ] GC(50)   Pre Evacuate Collection Set: 0.1ms
[2022-04-22T06:15:48.382+0000][10][gc,phases   ] GC(50)   Merge Heap Roots: 0.1ms
[2022-04-22T06:15:48.383+0000][10][gc,phases   ] GC(50)   Evacuate Collection Set: 2.4ms
[2022-04-22T06:15:48.384+0000][10][gc,phases   ] GC(50)   Post Evacuate Collection Set: 0.8ms
[2022-04-22T06:15:48.386+0000][10][gc,phases   ] GC(50)   Other: 17.0ms
[2022-04-22T06:15:48.387+0000][10][gc,heap     ] GC(50) Eden regions: 67->0(66)
[2022-04-22T06:15:48.387+0000][10][gc,heap     ] GC(50) Survivor regions: 5->5(9)
[2022-04-22T06:15:48.388+0000][10][gc,heap     ] GC(50) Old regions: 23->24
[2022-04-22T06:15:48.389+0000][10][gc,heap     ] GC(50) Archive regions: 2->2
[2022-04-22T06:15:48.390+0000][10][gc,heap     ] GC(50) Humongous regions: 6->6
[2022-04-22T06:15:48.390+0000][10][gc,metaspace] GC(50) Metaspace: 106465K(107968K)->106465K(107968K) NonClass: 92008K(92928K)->92008K(92928K) Class: 14457K(15040K)->14457K(15040K)
[2022-04-22T06:15:48.391+0000][10][gc          ] GC(50) Pause Young (Normal) (G1 Evacuation Pause) 407M->140M(512M) 29.931ms
[2022-04-22T06:15:48.392+0000][10][gc,cpu      ] GC(50) User=0.01s Sys=0.00s Real=0.03s
[2022-04-22T06:15:48.393+0000][10][safepoint   ] Safepoint "G1CollectForAllocation", Time since last: 389838376 ns, Reaching safepoint: 53625 ns, At safepoint: 31824208 ns, Total: 31877833 ns
[2022-04-22T06:15:49.394+0000][10][safepoint   ] Safepoint "Cleanup", Time since last: 1001028125 ns, Reaching safepoint: 176375 ns, At safepoint: 10250 ns, Total: 186625 ns
[2022-04-22T06:15:50.397+0000][10][safepoint   ] Safepoint "Cleanup", Time since last: 1002658001 ns, Reaching safepoint: 82292 ns, At safepoint: 10250 ns, Total: 92542 ns
[2022-04-22T06:15:51.400+0000][10][safepoint   ] Safepoint "Cleanup", Time since last: 1002425667 ns, Reaching safepoint: 968500 ns, At safepoint: 15000 ns, Total: 983500 ns
[2022-04-22T06:15:52.401+0000][10][safepoint   ] Safepoint "Cleanup", Time since last: 1000683584 ns, Reaching safepoint: 56500 ns, At safepoint: 2041 ns, Total: 58541 ns
[2022-04-22T06:15:53.402+0000][10][safepoint   ] Safepoint "Cleanup", Time since last: 1001214751 ns, Reaching safepoint: 115875 ns, At safepoint: 3750 ns, Total: 119625 ns
[2022-04-22T06:15:53.905+0000][10][gc,start    ] GC(51) Pause Young (Normal) (G1 Evacuation Pause)
[2022-04-22T06:15:53.906+0000][10][gc,task     ] GC(51) Using 5 workers of 5 for evacuation
[2022-04-22T06:15:53.908+0000][10][gc,age      ] GC(51) Desired survivor size 18874368 bytes, new threshold 13 (max threshold 15)
[2022-04-22T06:15:53.915+0000][10][gc,age      ] GC(51) Age table with threshold 13 (max threshold 15)
[2022-04-22T06:15:53.916+0000][10][gc,age      ] GC(51) - age   1:    2264920 bytes,    2264920 total
[2022-04-22T06:15:53.917+0000][10][gc,age      ] GC(51) - age   2:    1036648 bytes,    3301568 total
[2022-04-22T06:15:53.919+0000][10][gc,age      ] GC(51) - age   3:     471008 bytes,    3772576 total
[2022-04-22T06:15:53.919+0000][10][gc,age      ] GC(51) - age   4:    4183184 bytes,    7955760 total
[2022-04-22T06:15:53.920+0000][10][gc,age      ] GC(51) - age   5:    1029696 bytes,    8985456 total
[2022-04-22T06:15:53.921+0000][10][gc,age      ] GC(51) - age   6:    2645120 bytes,   11630576 total
[2022-04-22T06:15:53.922+0000][10][gc,age      ] GC(51) - age   7:    1253824 bytes,   12884400 total
[2022-04-22T06:15:53.924+0000][10][gc,age      ] GC(51) - age   8:    1135192 bytes,   14019592 total
[2022-04-22T06:15:53.925+0000][10][gc,age      ] GC(51) - age   9:     969120 bytes,   14988712 total
[2022-04-22T06:15:53.926+0000][10][gc,age      ] GC(51) - age  10:     985136 bytes,   15973848 total
[2022-04-22T06:15:53.927+0000][10][gc,age      ] GC(51) - age  11:    1216216 bytes,   17190064 total
[2022-04-22T06:15:53.927+0000][10][gc,age      ] GC(51) - age  12:    1001600 bytes,   18191664 total
[2022-04-22T06:15:53.928+0000][10][gc,age      ] GC(51) - age  13:    1073456 bytes,   19265120 total
[2022-04-22T06:15:53.929+0000][10][gc,phases   ] GC(51)   Pre Evacuate Collection Set: 0.3ms
[2022-04-22T06:15:53.929+0000][10][gc,phases   ] GC(51)   Merge Heap Roots: 0.2ms
[2022-04-22T06:15:53.930+0000][10][gc,phases   ] GC(51)   Evacuate Collection Set: 4.0ms
[2022-04-22T06:15:53.930+0000][10][gc,phases   ] GC(51)   Post Evacuate Collection Set: 1.8ms
[2022-04-22T06:15:53.931+0000][10][gc,phases   ] GC(51)   Other: 17.3ms
[2022-04-22T06:15:53.932+0000][10][gc,heap     ] GC(51) Eden regions: 66->0(64)
[2022-04-22T06:15:53.932+0000][10][gc,heap     ] GC(51) Survivor regions: 5->6(9)
[2022-04-22T06:15:53.933+0000][10][gc,heap     ] GC(51) Old regions: 24->24
[2022-04-22T06:15:53.933+0000][10][gc,heap     ] GC(51) Archive regions: 2->2
[2022-04-22T06:15:53.934+0000][10][gc,heap     ] GC(51) Humongous regions: 6->6
[2022-04-22T06:15:53.936+0000][10][gc,metaspace] GC(51) Metaspace: 106497K(108096K)->106497K(108096K) NonClass: 92039K(93056K)->92039K(93056K) Class: 14457K(15040K)->14457K(15040K)
[2022-04-22T06:15:53.936+0000][10][gc          ] GC(51) Pause Young (Normal) (G1 Evacuation Pause) 404M->142M(512M) 31.310ms
[2022-04-22T06:15:53.937+0000][10][gc,cpu      ] GC(51) User=0.02s Sys=0.00s Real=0.03s
[2022-04-22T06:15:53.938+0000][10][safepoint   ] Safepoint "G1CollectForAllocation", Time since last: 502723500 ns, Reaching safepoint: 53250 ns, At safepoint: 32793042 ns, Total: 32846292 ns
[2022-04-22T06:15:54.940+0000][10][safepoint   ] Safepoint "Cleanup", Time since last: 1001474708 ns, Reaching safepoint: 456500 ns, At safepoint: 9875 ns, Total: 466375 ns
[2022-04-22T06:15:55.942+0000][10][safepoint   ] Safepoint "Cleanup", Time since last: 1001576668 ns, Reaching safepoint: 239916 ns, At safepoint: 7959 ns, Total: 247875 ns
[2022-04-22T06:15:56.943+0000][10][safepoint   ] Safepoint "Cleanup", Time since last: 1001167125 ns, Reaching safepoint: 102292 ns, At safepoint: 28208 ns, Total: 130500 ns
[2022-04-22T06:15:57.944+0000][10][safepoint   ] Safepoint "Cleanup", Time since last: 1000989876 ns, Reaching safepoint: 86250 ns, At safepoint: 5166 ns, Total: 91416 ns
[2022-04-22T06:15:58.275+0000][10][gc,start    ] GC(52) Pause Young (Normal) (G1 Evacuation Pause)
[2022-04-22T06:15:58.276+0000][10][gc,task     ] GC(52) Using 5 workers of 5 for evacuation
[2022-04-22T06:15:58.278+0000][10][gc,age      ] GC(52) Desired survivor size 18874368 bytes, new threshold 13 (max threshold 15)
[2022-04-22T06:15:58.285+0000][10][gc,age      ] GC(52) Age table with threshold 13 (max threshold 15)
[2022-04-22T06:15:58.286+0000][10][gc,age      ] GC(52) - age   1:    2211944 bytes,    2211944 total
[2022-04-22T06:15:58.288+0000][10][gc,age      ] GC(52) - age   2:     756704 bytes,    2968648 total
[2022-04-22T06:15:58.288+0000][10][gc,age      ] GC(52) - age   3:    1009512 bytes,    3978160 total
[2022-04-22T06:15:58.290+0000][10][gc,age      ] GC(52) - age   4:     470896 bytes,    4449056 total
[2022-04-22T06:15:58.291+0000][10][gc,age      ] GC(52) - age   5:    4183184 bytes,    8632240 total
[2022-04-22T06:15:58.291+0000][10][gc,age      ] GC(52) - age   6:    1029696 bytes,    9661936 total
[2022-04-22T06:15:58.292+0000][10][gc,age      ] GC(52) - age   7:    2645120 bytes,   12307056 total
[2022-04-22T06:15:58.293+0000][10][gc,age      ] GC(52) - age   8:    1253824 bytes,   13560880 total
[2022-04-22T06:15:58.293+0000][10][gc,age      ] GC(52) - age   9:    1135192 bytes,   14696072 total
[2022-04-22T06:15:58.295+0000][10][gc,age      ] GC(52) - age  10:     969120 bytes,   15665192 total
[2022-04-22T06:15:58.296+0000][10][gc,age      ] GC(52) - age  11:     985136 bytes,   16650328 total
[2022-04-22T06:15:58.297+0000][10][gc,age      ] GC(52) - age  12:    1216216 bytes,   17866544 total
[2022-04-22T06:15:58.297+0000][10][gc,age      ] GC(52) - age  13:    1001600 bytes,   18868144 total
[2022-04-22T06:15:58.298+0000][10][gc,phases   ] GC(52)   Pre Evacuate Collection Set: 0.1ms
[2022-04-22T06:15:58.299+0000][10][gc,phases   ] GC(52)   Merge Heap Roots: 0.0ms
[2022-04-22T06:15:58.300+0000][10][gc,phases   ] GC(52)   Evacuate Collection Set: 3.8ms
[2022-04-22T06:15:58.300+0000][10][gc,phases   ] GC(52)   Post Evacuate Collection Set: 1.3ms
[2022-04-22T06:15:58.301+0000][10][gc,phases   ] GC(52)   Other: 18.3ms
[2022-04-22T06:15:58.301+0000][10][gc,heap     ] GC(52) Eden regions: 64->0(66)
[2022-04-22T06:15:58.302+0000][10][gc,heap     ] GC(52) Survivor regions: 6->5(9)
[2022-04-22T06:15:58.303+0000][10][gc,heap     ] GC(52) Old regions: 24->24
[2022-04-22T06:15:58.304+0000][10][gc,heap     ] GC(52) Archive regions: 2->2
[2022-04-22T06:15:58.304+0000][10][gc,heap     ] GC(52) Humongous regions: 6->6
[2022-04-22T06:15:58.306+0000][10][gc,metaspace] GC(52) Metaspace: 106544K(108160K)->106544K(108160K) NonClass: 92086K(93056K)->92086K(93056K) Class: 14458K(15104K)->14458K(15104K)
[2022-04-22T06:15:58.306+0000][10][gc          ] GC(52) Pause Young (Normal) (G1 Evacuation Pause) 398M->142M(512M) 31.446ms
[2022-04-22T06:15:58.307+0000][10][gc,cpu      ] GC(52) User=0.02s Sys=0.00s Real=0.03s
[2022-04-22T06:15:58.309+0000][10][safepoint   ] Safepoint "G1CollectForAllocation", Time since last: 330771209 ns, Reaching safepoint: 108166 ns, At safepoint: 34446375 ns, Total: 34554541 ns
[2022-04-22T06:15:59.311+0000][10][safepoint   ] Safepoint "Cleanup", Time since last: 1001396209 ns, Reaching safepoint: 105750 ns, At safepoint: 12041 ns, Total: 117791 ns
[2022-04-22T06:16:00.316+0000][10][safepoint   ] Safepoint "Cleanup", Time since last: 1001821459 ns, Reaching safepoint: 2997292 ns, At safepoint: 27166 ns, Total: 3024458 ns
[2022-04-22T06:16:01.319+0000][10][safepoint   ] Safepoint "Cleanup", Time since last: 1003085834 ns, Reaching safepoint: 214459 ns, At safepoint: 5333 ns, Total: 219792 ns
[2022-04-22T06:16:02.321+0000][10][safepoint   ] Safepoint "Cleanup", Time since last: 1001613417 ns, Reaching safepoint: 120833 ns, At safepoint: 2209 ns, Total: 123042 ns
[2022-04-22T06:16:02.451+0000][10][gc,start    ] GC(53) Pause Young (Normal) (G1 Evacuation Pause)
[2022-04-22T06:16:02.452+0000][10][gc,task     ] GC(53) Using 5 workers of 5 for evacuation
[2022-04-22T06:16:02.453+0000][10][gc,age      ] GC(53) Desired survivor size 18874368 bytes, new threshold 15 (max threshold 15)
[2022-04-22T06:16:02.457+0000][10][gc,age      ] GC(53) Age table with threshold 15 (max threshold 15)
[2022-04-22T06:16:02.458+0000][10][gc,age      ] GC(53) - age   1:    1550832 bytes,    1550832 total
[2022-04-22T06:16:02.459+0000][10][gc,age      ] GC(53) - age   2:     481520 bytes,    2032352 total
[2022-04-22T06:16:02.460+0000][10][gc,age      ] GC(53) - age   3:     569448 bytes,    2601800 total
[2022-04-22T06:16:02.461+0000][10][gc,age      ] GC(53) - age   4:     866040 bytes,    3467840 total
[2022-04-22T06:16:02.462+0000][10][gc,age      ] GC(53) - age   5:     470896 bytes,    3938736 total
[2022-04-22T06:16:02.462+0000][10][gc,age      ] GC(53) - age   6:    4183184 bytes,    8121920 total
[2022-04-22T06:16:02.463+0000][10][gc,age      ] GC(53) - age   7:    1029696 bytes,    9151616 total
[2022-04-22T06:16:02.463+0000][10][gc,age      ] GC(53) - age   8:    2645120 bytes,   11796736 total
[2022-04-22T06:16:02.464+0000][10][gc,age      ] GC(53) - age   9:    1253824 bytes,   13050560 total
[2022-04-22T06:16:02.465+0000][10][gc,age      ] GC(53) - age  10:    1135192 bytes,   14185752 total
[2022-04-22T06:16:02.465+0000][10][gc,age      ] GC(53) - age  11:     969120 bytes,   15154872 total
[2022-04-22T06:16:02.467+0000][10][gc,age      ] GC(53) - age  12:     985136 bytes,   16140008 total
[2022-04-22T06:16:02.467+0000][10][gc,age      ] GC(53) - age  13:    1216216 bytes,   17356224 total
[2022-04-22T06:16:02.468+0000][10][gc,age      ] GC(53) - age  14:    1001600 bytes,   18357824 total
[2022-04-22T06:16:02.471+0000][10][gc,phases   ] GC(53)   Pre Evacuate Collection Set: 0.2ms
[2022-04-22T06:16:02.471+0000][10][gc,phases   ] GC(53)   Merge Heap Roots: 0.0ms
[2022-04-22T06:16:02.472+0000][10][gc,phases   ] GC(53)   Evacuate Collection Set: 2.3ms
[2022-04-22T06:16:02.473+0000][10][gc,phases   ] GC(53)   Post Evacuate Collection Set: 1.3ms
[2022-04-22T06:16:02.474+0000][10][gc,phases   ] GC(53)   Other: 15.8ms
[2022-04-22T06:16:02.474+0000][10][gc,heap     ] GC(53) Eden regions: 66->0(66)
[2022-04-22T06:16:02.475+0000][10][gc,heap     ] GC(53) Survivor regions: 5->5(9)
[2022-04-22T06:16:02.476+0000][10][gc,heap     ] GC(53) Old regions: 24->24
[2022-04-22T06:16:02.477+0000][10][gc,heap     ] GC(53) Archive regions: 2->2
[2022-04-22T06:16:02.477+0000][10][gc,heap     ] GC(53) Humongous regions: 6->6
[2022-04-22T06:16:02.478+0000][10][gc,metaspace] GC(53) Metaspace: 106579K(108224K)->106579K(108224K) NonClass: 92121K(93120K)->92121K(93120K) Class: 14458K(15104K)->14458K(15104K)
[2022-04-22T06:16:02.479+0000][10][gc          ] GC(53) Pause Young (Normal) (G1 Evacuation Pause) 406M->142M(512M) 27.686ms
[2022-04-22T06:16:02.480+0000][10][gc,cpu      ] GC(53) User=0.01s Sys=0.00s Real=0.03s
[2022-04-22T06:16:02.481+0000][10][safepoint   ] Safepoint "G1CollectForAllocation", Time since last: 130192416 ns, Reaching safepoint: 43084 ns, At safepoint: 29457458 ns, Total: 29500542 ns
[2022-04-22T06:16:03.482+0000][10][safepoint   ] Safepoint "Cleanup", Time since last: 1000975876 ns, Reaching safepoint: 572708 ns, At safepoint: 15083 ns, Total: 587791 ns
[2022-04-22T06:16:04.483+0000][10][safepoint   ] Safepoint "Cleanup", Time since last: 1001094251 ns, Reaching safepoint: 54791 ns, At safepoint: 2417 ns, Total: 57208 ns
[2022-04-22T06:16:05.486+0000][10][safepoint   ] Safepoint "Cleanup", Time since last: 1002557459 ns, Reaching safepoint: 187875 ns, At safepoint: 16042 ns, Total: 203917 ns
[2022-04-22T06:16:06.903+0000][10][safepoint   ] Safepoint "Cleanup", Time since last: 1415964042 ns, Reaching safepoint: 624417 ns, At safepoint: 18416 ns, Total: 642833 ns
[2022-04-22T06:16:07.181+0000][10][gc,start    ] GC(54) Pause Young (Normal) (G1 Evacuation Pause)
[2022-04-22T06:16:07.183+0000][10][gc,task     ] GC(54) Using 5 workers of 5 for evacuation
[2022-04-22T06:16:07.184+0000][10][gc,age      ] GC(54) Desired survivor size 18874368 bytes, new threshold 15 (max threshold 15)
[2022-04-22T06:16:07.189+0000][10][gc,age      ] GC(54) Age table with threshold 15 (max threshold 15)
[2022-04-22T06:16:07.190+0000][10][gc,age      ] GC(54) - age   1:    1513520 bytes,    1513520 total
[2022-04-22T06:16:07.191+0000][10][gc,age      ] GC(54) - age   2:     476520 bytes,    1990040 total
[2022-04-22T06:16:07.193+0000][10][gc,age      ] GC(54) - age   3:     443744 bytes,    2433784 total
[2022-04-22T06:16:07.193+0000][10][gc,age      ] GC(54) - age   4:     537568 bytes,    2971352 total
[2022-04-22T06:16:07.195+0000][10][gc,age      ] GC(54) - age   5:     848432 bytes,    3819784 total
[2022-04-22T06:16:07.195+0000][10][gc,age      ] GC(54) - age   6:     470152 bytes,    4289936 total
[2022-04-22T06:16:07.196+0000][10][gc,age      ] GC(54) - age   7:    4183184 bytes,    8473120 total
[2022-04-22T06:16:07.196+0000][10][gc,age      ] GC(54) - age   8:    1029696 bytes,    9502816 total
[2022-04-22T06:16:07.197+0000][10][gc,age      ] GC(54) - age   9:    2645120 bytes,   12147936 total
[2022-04-22T06:16:07.198+0000][10][gc,age      ] GC(54) - age  10:    1253824 bytes,   13401760 total
[2022-04-22T06:16:07.199+0000][10][gc,age      ] GC(54) - age  11:    1135192 bytes,   14536952 total
[2022-04-22T06:16:07.200+0000][10][gc,age      ] GC(54) - age  12:     969120 bytes,   15506072 total
[2022-04-22T06:16:07.201+0000][10][gc,age      ] GC(54) - age  13:     985136 bytes,   16491208 total
[2022-04-22T06:16:07.202+0000][10][gc,age      ] GC(54) - age  14:    1216216 bytes,   17707424 total
[2022-04-22T06:16:07.204+0000][10][gc,age      ] GC(54) - age  15:    1001600 bytes,   18709024 total
[2022-04-22T06:16:07.204+0000][10][gc,phases   ] GC(54)   Pre Evacuate Collection Set: 0.4ms
[2022-04-22T06:16:07.205+0000][10][gc,phases   ] GC(54)   Merge Heap Roots: 0.2ms
[2022-04-22T06:16:07.206+0000][10][gc,phases   ] GC(54)   Evacuate Collection Set: 2.5ms
[2022-04-22T06:16:07.206+0000][10][gc,phases   ] GC(54)   Post Evacuate Collection Set: 1.2ms
[2022-04-22T06:16:07.207+0000][10][gc,phases   ] GC(54)   Other: 19.1ms
[2022-04-22T06:16:07.208+0000][10][gc,heap     ] GC(54) Eden regions: 66->0(66)
[2022-04-22T06:16:07.209+0000][10][gc,heap     ] GC(54) Survivor regions: 5->5(9)
[2022-04-22T06:16:07.210+0000][10][gc,heap     ] GC(54) Old regions: 24->24
[2022-04-22T06:16:07.211+0000][10][gc,heap     ] GC(54) Archive regions: 2->2
[2022-04-22T06:16:07.212+0000][10][gc,heap     ] GC(54) Humongous regions: 6->6
[2022-04-22T06:16:07.212+0000][10][gc,metaspace] GC(54) Metaspace: 106606K(108224K)->106606K(108224K) NonClass: 92147K(93120K)->92147K(93120K) Class: 14458K(15104K)->14458K(15104K)
[2022-04-22T06:16:07.213+0000][10][gc          ] GC(54) Pause Young (Normal) (G1 Evacuation Pause) 406M->142M(512M) 31.828ms
[2022-04-22T06:16:07.214+0000][10][gc,cpu      ] GC(54) User=0.01s Sys=0.00s Real=0.03s
[2022-04-22T06:16:07.215+0000][10][safepoint   ] Safepoint "G1CollectForAllocation", Time since last: 278374167 ns, Reaching safepoint: 145667 ns, At safepoint: 34228833 ns, Total: 34374500 ns
[2022-04-22T06:16:08.285+0000][10][safepoint   ] Safepoint "Cleanup", Time since last: 1069712751 ns, Reaching safepoint: 45208 ns, At safepoint: 1250 ns, Total: 46458 ns
[2022-04-22T06:16:09.286+0000][10][safepoint   ] Safepoint "Cleanup", Time since last: 1001160875 ns, Reaching safepoint: 122709 ns, At safepoint: 5000 ns, Total: 127709 ns
[2022-04-22T06:16:12.061+0000][10][gc,start    ] GC(55) Pause Young (Normal) (G1 Evacuation Pause)
[2022-04-22T06:16:12.062+0000][10][gc,task     ] GC(55) Using 5 workers of 5 for evacuation
[2022-04-22T06:16:12.063+0000][10][gc,age      ] GC(55) Desired survivor size 18874368 bytes, new threshold 15 (max threshold 15)
[2022-04-22T06:16:12.069+0000][10][gc,age      ] GC(55) Age table with threshold 15 (max threshold 15)
[2022-04-22T06:16:12.071+0000][10][gc,age      ] GC(55) - age   1:    3457352 bytes,    3457352 total
[2022-04-22T06:16:12.072+0000][10][gc,age      ] GC(55) - age   2:     438208 bytes,    3895560 total
[2022-04-22T06:16:12.073+0000][10][gc,age      ] GC(55) - age   3:     461360 bytes,    4356920 total
[2022-04-22T06:16:12.074+0000][10][gc,age      ] GC(55) - age   4:     410120 bytes,    4767040 total
[2022-04-22T06:16:12.075+0000][10][gc,age      ] GC(55) - age   5:     511560 bytes,    5278600 total
[2022-04-22T06:16:12.075+0000][10][gc,age      ] GC(55) - age   6:     836264 bytes,    6114864 total
[2022-04-22T06:16:12.076+0000][10][gc,age      ] GC(55) - age   7:     466576 bytes,    6581440 total
[2022-04-22T06:16:12.076+0000][10][gc,age      ] GC(55) - age   8:    4183184 bytes,   10764624 total
[2022-04-22T06:16:12.077+0000][10][gc,age      ] GC(55) - age   9:    1029696 bytes,   11794320 total
[2022-04-22T06:16:12.078+0000][10][gc,age      ] GC(55) - age  10:    2645120 bytes,   14439440 total
[2022-04-22T06:16:12.079+0000][10][gc,age      ] GC(55) - age  11:    1253824 bytes,   15693264 total
[2022-04-22T06:16:12.079+0000][10][gc,age      ] GC(55) - age  12:    1135192 bytes,   16828456 total
[2022-04-22T06:16:12.080+0000][10][gc,age      ] GC(55) - age  13:     969120 bytes,   17797576 total
[2022-04-22T06:16:12.081+0000][10][gc,age      ] GC(55) - age  14:     985136 bytes,   18782712 total
[2022-04-22T06:16:12.081+0000][10][gc,age      ] GC(55) - age  15:    1216216 bytes,   19998928 total
[2022-04-22T06:16:12.082+0000][10][gc,phases   ] GC(55)   Pre Evacuate Collection Set: 0.1ms
[2022-04-22T06:16:12.083+0000][10][gc,phases   ] GC(55)   Merge Heap Roots: 0.2ms
[2022-04-22T06:16:12.084+0000][10][gc,phases   ] GC(55)   Evacuate Collection Set: 3.7ms
[2022-04-22T06:16:12.084+0000][10][gc,phases   ] GC(55)   Post Evacuate Collection Set: 1.3ms
[2022-04-22T06:16:12.085+0000][10][gc,phases   ] GC(55)   Other: 15.4ms
[2022-04-22T06:16:12.086+0000][10][gc,heap     ] GC(55) Eden regions: 66->0(63)
[2022-04-22T06:16:12.086+0000][10][gc,heap     ] GC(55) Survivor regions: 5->6(9)
[2022-04-22T06:16:12.086+0000][10][gc,heap     ] GC(55) Old regions: 24->25
[2022-04-22T06:16:12.087+0000][10][gc,heap     ] GC(55) Archive regions: 2->2
[2022-04-22T06:16:12.088+0000][10][gc,heap     ] GC(55) Humongous regions: 6->6
[2022-04-22T06:16:12.088+0000][10][gc,metaspace] GC(55) Metaspace: 106611K(108224K)->106611K(108224K) NonClass: 92153K(93120K)->92153K(93120K) Class: 14458K(15104K)->14458K(15104K)
[2022-04-22T06:16:12.089+0000][10][gc          ] GC(55) Pause Young (Normal) (G1 Evacuation Pause) 406M->144M(512M) 27.798ms
[2022-04-22T06:16:12.090+0000][10][gc,cpu      ] GC(55) User=0.01s Sys=0.00s Real=0.03s
[2022-04-22T06:16:12.090+0000][10][safepoint   ] Safepoint "G1CollectForAllocation", Time since last: 2774605626 ns, Reaching safepoint: 39500 ns, At safepoint: 29255458 ns, Total: 29294958 ns
[2022-04-22T06:16:17.186+0000][10][gc,start    ] GC(56) Pause Young (Normal) (G1 Evacuation Pause)
[2022-04-22T06:16:17.187+0000][10][gc,task     ] GC(56) Using 5 workers of 5 for evacuation
[2022-04-22T06:16:17.188+0000][10][gc,age      ] GC(56) Desired survivor size 18874368 bytes, new threshold 15 (max threshold 15)
[2022-04-22T06:16:17.193+0000][10][gc,age      ] GC(56) Age table with threshold 15 (max threshold 15)
[2022-04-22T06:16:17.193+0000][10][gc,age      ] GC(56) - age   1:    2750632 bytes,    2750632 total
[2022-04-22T06:16:17.195+0000][10][gc,age      ] GC(56) - age   2:    2452136 bytes,    5202768 total
[2022-04-22T06:16:17.195+0000][10][gc,age      ] GC(56) - age   3:     431216 bytes,    5633984 total
[2022-04-22T06:16:17.196+0000][10][gc,age      ] GC(56) - age   4:     437392 bytes,    6071376 total
[2022-04-22T06:16:17.196+0000][10][gc,age      ] GC(56) - age   5:     378536 bytes,    6449912 total
[2022-04-22T06:16:17.197+0000][10][gc,age      ] GC(56) - age   6:     490008 bytes,    6939920 total
[2022-04-22T06:16:17.198+0000][10][gc,age      ] GC(56) - age   7:     828032 bytes,    7767952 total
[2022-04-22T06:16:17.198+0000][10][gc,age      ] GC(56) - age   8:     466576 bytes,    8234528 total
[2022-04-22T06:16:17.199+0000][10][gc,age      ] GC(56) - age   9:    4183184 bytes,   12417712 total
[2022-04-22T06:16:17.199+0000][10][gc,age      ] GC(56) - age  10:    1029696 bytes,   13447408 total
[2022-04-22T06:16:17.200+0000][10][gc,age      ] GC(56) - age  11:    2645120 bytes,   16092528 total
[2022-04-22T06:16:17.201+0000][10][gc,age      ] GC(56) - age  12:    1253824 bytes,   17346352 total
[2022-04-22T06:16:17.201+0000][10][gc,age      ] GC(56) - age  13:    1135192 bytes,   18481544 total
[2022-04-22T06:16:17.202+0000][10][gc,age      ] GC(56) - age  14:     969120 bytes,   19450664 total
[2022-04-22T06:16:17.203+0000][10][gc,age      ] GC(56) - age  15:     985136 bytes,   20435800 total
[2022-04-22T06:16:17.203+0000][10][gc,phases   ] GC(56)   Pre Evacuate Collection Set: 0.0ms
[2022-04-22T06:16:17.203+0000][10][gc,phases   ] GC(56)   Merge Heap Roots: 0.0ms
[2022-04-22T06:16:17.204+0000][10][gc,phases   ] GC(56)   Evacuate Collection Set: 2.8ms
[2022-04-22T06:16:17.205+0000][10][gc,phases   ] GC(56)   Post Evacuate Collection Set: 1.0ms
[2022-04-22T06:16:17.205+0000][10][gc,phases   ] GC(56)   Other: 13.3ms
[2022-04-22T06:16:17.206+0000][10][gc,heap     ] GC(56) Eden regions: 63->0(63)
[2022-04-22T06:16:17.207+0000][10][gc,heap     ] GC(56) Survivor regions: 6->6(9)
[2022-04-22T06:16:17.208+0000][10][gc,heap     ] GC(56) Old regions: 25->25
[2022-04-22T06:16:17.209+0000][10][gc,heap     ] GC(56) Archive regions: 2->2
[2022-04-22T06:16:17.210+0000][10][gc,heap     ] GC(56) Humongous regions: 6->6
[2022-04-22T06:16:17.211+0000][10][gc,metaspace] GC(56) Metaspace: 106623K(108224K)->106623K(108224K) NonClass: 92164K(93120K)->92164K(93120K) Class: 14458K(15104K)->14458K(15104K)
[2022-04-22T06:16:17.212+0000][10][gc          ] GC(56) Pause Young (Normal) (G1 Evacuation Pause) 396M->145M(512M) 25.962ms
[2022-04-22T06:16:17.213+0000][10][gc,cpu      ] GC(56) User=0.01s Sys=0.00s Real=0.02s
[2022-04-22T06:16:17.213+0000][10][safepoint   ] Safepoint "G1CollectForAllocation", Time since last: 5095121503 ns, Reaching safepoint: 351375 ns, At safepoint: 27321125 ns, Total: 27672500 ns
[2022-04-22T06:16:22.177+0000][10][gc,start    ] GC(57) Pause Young (Normal) (G1 Evacuation Pause)
[2022-04-22T06:16:22.178+0000][10][gc,task     ] GC(57) Using 5 workers of 5 for evacuation
[2022-04-22T06:16:22.178+0000][10][gc,age      ] GC(57) Desired survivor size 18874368 bytes, new threshold 14 (max threshold 15)
[2022-04-22T06:16:22.183+0000][10][gc,age      ] GC(57) Age table with threshold 14 (max threshold 15)
[2022-04-22T06:16:22.184+0000][10][gc,age      ] GC(57) - age   1:    2496192 bytes,    2496192 total
[2022-04-22T06:16:22.185+0000][10][gc,age      ] GC(57) - age   2:    1739568 bytes,    4235760 total
[2022-04-22T06:16:22.186+0000][10][gc,age      ] GC(57) - age   3:    2396104 bytes,    6631864 total
[2022-04-22T06:16:22.187+0000][10][gc,age      ] GC(57) - age   4:     428976 bytes,    7060840 total
[2022-04-22T06:16:22.187+0000][10][gc,age      ] GC(57) - age   5:     426864 bytes,    7487704 total
[2022-04-22T06:16:22.188+0000][10][gc,age      ] GC(57) - age   6:     365264 bytes,    7852968 total
[2022-04-22T06:16:22.188+0000][10][gc,age      ] GC(57) - age   7:     476960 bytes,    8329928 total
[2022-04-22T06:16:22.189+0000][10][gc,age      ] GC(57) - age   8:     816272 bytes,    9146200 total
[2022-04-22T06:16:22.189+0000][10][gc,age      ] GC(57) - age   9:     466576 bytes,    9612776 total
[2022-04-22T06:16:22.190+0000][10][gc,age      ] GC(57) - age  10:    4183184 bytes,   13795960 total
[2022-04-22T06:16:22.191+0000][10][gc,age      ] GC(57) - age  11:    1029696 bytes,   14825656 total
[2022-04-22T06:16:22.191+0000][10][gc,age      ] GC(57) - age  12:    2645120 bytes,   17470776 total
[2022-04-22T06:16:22.191+0000][10][gc,age      ] GC(57) - age  13:    1253824 bytes,   18724600 total
[2022-04-22T06:16:22.192+0000][10][gc,age      ] GC(57) - age  14:    1135192 bytes,   19859792 total
[2022-04-22T06:16:22.192+0000][10][gc,phases   ] GC(57)   Pre Evacuate Collection Set: 0.1ms
[2022-04-22T06:16:22.193+0000][10][gc,phases   ] GC(57)   Merge Heap Roots: 0.1ms
[2022-04-22T06:16:22.194+0000][10][gc,phases   ] GC(57)   Evacuate Collection Set: 2.9ms
[2022-04-22T06:16:22.194+0000][10][gc,phases   ] GC(57)   Post Evacuate Collection Set: 1.0ms
[2022-04-22T06:16:22.195+0000][10][gc,phases   ] GC(57)   Other: 11.7ms
[2022-04-22T06:16:22.195+0000][10][gc,heap     ] GC(57) Eden regions: 63->0(65)
[2022-04-22T06:16:22.196+0000][10][gc,heap     ] GC(57) Survivor regions: 6->5(9)
[2022-04-22T06:16:22.196+0000][10][gc,heap     ] GC(57) Old regions: 25->25
[2022-04-22T06:16:22.197+0000][10][gc,heap     ] GC(57) Archive regions: 2->2
[2022-04-22T06:16:22.198+0000][10][gc,heap     ] GC(57) Humongous regions: 6->6
[2022-04-22T06:16:22.199+0000][10][gc,metaspace] GC(57) Metaspace: 106623K(108224K)->106623K(108224K) NonClass: 92164K(93120K)->92164K(93120K) Class: 14458K(15104K)->14458K(15104K)
[2022-04-22T06:16:22.200+0000][10][gc          ] GC(57) Pause Young (Normal) (G1 Evacuation Pause) 397M->147M(512M) 23.005ms
[2022-04-22T06:16:22.200+0000][10][gc,cpu      ] GC(57) User=0.01s Sys=0.00s Real=0.02s
[2022-04-22T06:16:22.201+0000][10][safepoint   ] Safepoint "G1CollectForAllocation", Time since last: 4963405627 ns, Reaching safepoint: 193417 ns, At safepoint: 24130250 ns, Total: 24323667 ns
[2022-04-22T06:16:27.228+0000][10][gc,start    ] GC(58) Pause Young (Normal) (G1 Evacuation Pause)
[2022-04-22T06:16:27.229+0000][10][gc,task     ] GC(58) Using 5 workers of 5 for evacuation
[2022-04-22T06:16:27.230+0000][10][gc,age      ] GC(58) Desired survivor size 18874368 bytes, new threshold 14 (max threshold 15)
[2022-04-22T06:16:27.238+0000][10][gc,age      ] GC(58) Age table with threshold 14 (max threshold 15)
[2022-04-22T06:16:27.239+0000][10][gc,age      ] GC(58) - age   1:    3547056 bytes,    3547056 total
[2022-04-22T06:16:27.240+0000][10][gc,age      ] GC(58) - age   2:    1256600 bytes,    4803656 total
[2022-04-22T06:16:27.241+0000][10][gc,age      ] GC(58) - age   3:    1430008 bytes,    6233664 total
[2022-04-22T06:16:27.242+0000][10][gc,age      ] GC(58) - age   4:    2333848 bytes,    8567512 total
[2022-04-22T06:16:27.243+0000][10][gc,age      ] GC(58) - age   5:     421696 bytes,    8989208 total
[2022-04-22T06:16:27.244+0000][10][gc,age      ] GC(58) - age   6:     416504 bytes,    9405712 total
[2022-04-22T06:16:27.246+0000][10][gc,age      ] GC(58) - age   7:     355016 bytes,    9760728 total
[2022-04-22T06:16:27.246+0000][10][gc,age      ] GC(58) - age   8:     468128 bytes,   10228856 total
[2022-04-22T06:16:27.247+0000][10][gc,age      ] GC(58) - age   9:     808544 bytes,   11037400 total
[2022-04-22T06:16:27.249+0000][10][gc,age      ] GC(58) - age  10:     466576 bytes,   11503976 total
[2022-04-22T06:16:27.250+0000][10][gc,age      ] GC(58) - age  11:    4183184 bytes,   15687160 total
[2022-04-22T06:16:27.250+0000][10][gc,age      ] GC(58) - age  12:    1029696 bytes,   16716856 total
[2022-04-22T06:16:27.251+0000][10][gc,age      ] GC(58) - age  13:    2645120 bytes,   19361976 total
[2022-04-22T06:16:27.251+0000][10][gc,age      ] GC(58) - age  14:    1253824 bytes,   20615800 total
[2022-04-22T06:16:27.252+0000][10][gc,phases   ] GC(58)   Pre Evacuate Collection Set: 0.4ms
[2022-04-22T06:16:27.252+0000][10][gc,phases   ] GC(58)   Merge Heap Roots: 0.1ms
[2022-04-22T06:16:27.253+0000][10][gc,phases   ] GC(58)   Evacuate Collection Set: 3.9ms
[2022-04-22T06:16:27.254+0000][10][gc,phases   ] GC(58)   Post Evacuate Collection Set: 0.9ms
[2022-04-22T06:16:27.255+0000][10][gc,phases   ] GC(58)   Other: 18.7ms
[2022-04-22T06:16:27.256+0000][10][gc,heap     ] GC(58) Eden regions: 65->0(62)
[2022-04-22T06:16:27.256+0000][10][gc,heap     ] GC(58) Survivor regions: 5->6(9)
[2022-04-22T06:16:27.257+0000][10][gc,heap     ] GC(58) Old regions: 25->26
[2022-04-22T06:16:27.257+0000][10][gc,heap     ] GC(58) Archive regions: 2->2
[2022-04-22T06:16:27.258+0000][10][gc,heap     ] GC(58) Humongous regions: 6->6
[2022-04-22T06:16:27.259+0000][10][gc,metaspace] GC(58) Metaspace: 106623K(108224K)->106623K(108224K) NonClass: 92164K(93120K)->92164K(93120K) Class: 14458K(15104K)->14458K(15104K)
[2022-04-22T06:16:27.260+0000][10][gc          ] GC(58) Pause Young (Normal) (G1 Evacuation Pause) 407M->149M(512M) 31.980ms
[2022-04-22T06:16:27.260+0000][10][gc,cpu      ] GC(58) User=0.01s Sys=0.00s Real=0.03s
[2022-04-22T06:16:27.261+0000][10][safepoint   ] Safepoint "G1CollectForAllocation", Time since last: 5026886919 ns, Reaching safepoint: 38125 ns, At safepoint: 33679708 ns, Total: 33717833 ns
[2022-04-22T06:16:30.264+0000][10][safepoint   ] Safepoint "Cleanup", Time since last: 3001914209 ns, Reaching safepoint: 336000 ns, At safepoint: 12167 ns, Total: 348167 ns
[2022-04-22T06:16:32.203+0000][10][gc,start    ] GC(59) Pause Young (Normal) (G1 Evacuation Pause)
[2022-04-22T06:16:32.203+0000][10][gc,task     ] GC(59) Using 5 workers of 5 for evacuation
[2022-04-22T06:16:32.204+0000][10][gc,age      ] GC(59) Desired survivor size 18874368 bytes, new threshold 13 (max threshold 15)
[2022-04-22T06:16:32.210+0000][10][gc,age      ] GC(59) Age table with threshold 13 (max threshold 15)
[2022-04-22T06:16:32.211+0000][10][gc,age      ] GC(59) - age   1:    2962448 bytes,    2962448 total
[2022-04-22T06:16:32.212+0000][10][gc,age      ] GC(59) - age   2:    1891816 bytes,    4854264 total
[2022-04-22T06:16:32.213+0000][10][gc,age      ] GC(59) - age   3:    1228152 bytes,    6082416 total
[2022-04-22T06:16:32.214+0000][10][gc,age      ] GC(59) - age   4:    1416640 bytes,    7499056 total
[2022-04-22T06:16:32.214+0000][10][gc,age      ] GC(59) - age   5:    2315944 bytes,    9815000 total
[2022-04-22T06:16:32.216+0000][10][gc,age      ] GC(59) - age   6:     420688 bytes,   10235688 total
[2022-04-22T06:16:32.217+0000][10][gc,age      ] GC(59) - age   7:     411296 bytes,   10646984 total
[2022-04-22T06:16:32.218+0000][10][gc,age      ] GC(59) - age   8:     350480 bytes,   10997464 total
[2022-04-22T06:16:32.219+0000][10][gc,age      ] GC(59) - age   9:     463928 bytes,   11461392 total
[2022-04-22T06:16:32.219+0000][10][gc,age      ] GC(59) - age  10:     805352 bytes,   12266744 total
[2022-04-22T06:16:32.220+0000][10][gc,age      ] GC(59) - age  11:     466576 bytes,   12733320 total
[2022-04-22T06:16:32.221+0000][10][gc,age      ] GC(59) - age  12:    4183184 bytes,   16916504 total
[2022-04-22T06:16:32.222+0000][10][gc,age      ] GC(59) - age  13:    1029696 bytes,   17946200 total
[2022-04-22T06:16:32.223+0000][10][gc,phases   ] GC(59)   Pre Evacuate Collection Set: 0.1ms
[2022-04-22T06:16:32.224+0000][10][gc,phases   ] GC(59)   Merge Heap Roots: 0.2ms
[2022-04-22T06:16:32.225+0000][10][gc,phases   ] GC(59)   Evacuate Collection Set: 3.6ms
[2022-04-22T06:16:32.226+0000][10][gc,phases   ] GC(59)   Post Evacuate Collection Set: 1.1ms
[2022-04-22T06:16:32.226+0000][10][gc,phases   ] GC(59)   Other: 15.9ms
[2022-04-22T06:16:32.227+0000][10][gc,heap     ] GC(59) Eden regions: 62->0(63)
[2022-04-22T06:16:32.227+0000][10][gc,heap     ] GC(59) Survivor regions: 6->5(9)
[2022-04-22T06:16:32.228+0000][10][gc,heap     ] GC(59) Old regions: 26->27
[2022-04-22T06:16:32.229+0000][10][gc,heap     ] GC(59) Archive regions: 2->2
[2022-04-22T06:16:32.229+0000][10][gc,heap     ] GC(59) Humongous regions: 6->6
[2022-04-22T06:16:32.230+0000][10][gc,metaspace] GC(59) Metaspace: 106624K(108224K)->106624K(108224K) NonClass: 92166K(93120K)->92166K(93120K) Class: 14458K(15104K)->14458K(15104K)
[2022-04-22T06:16:32.230+0000][10][gc          ] GC(59) Pause Young (Normal) (G1 Evacuation Pause) 397M->150M(512M) 27.454ms
[2022-04-22T06:16:32.231+0000][10][gc,cpu      ] GC(59) User=0.01s Sys=0.00s Real=0.03s
[2022-04-22T06:16:32.233+0000][10][safepoint   ] Safepoint "G1CollectForAllocation", Time since last: 1938588459 ns, Reaching safepoint: 65542 ns, At safepoint: 30061083 ns, Total: 30126625 ns
[2022-04-22T06:16:33.234+0000][10][safepoint   ] Safepoint "Cleanup", Time since last: 1000898417 ns, Reaching safepoint: 147333 ns, At safepoint: 5292 ns, Total: 152625 ns
[2022-04-22T06:16:34.234+0000][10][safepoint   ] Safepoint "Cleanup", Time since last: 1000621876 ns, Reaching safepoint: 41458 ns, At safepoint: 2167 ns, Total: 43625 ns
[2022-04-22T06:16:36.414+0000][10][gc,start    ] GC(60) Pause Young (Normal) (G1 Evacuation Pause)
[2022-04-22T06:16:36.415+0000][10][gc,task     ] GC(60) Using 5 workers of 5 for evacuation
[2022-04-22T06:16:36.416+0000][10][gc,age      ] GC(60) Desired survivor size 18874368 bytes, new threshold 15 (max threshold 15)
[2022-04-22T06:16:36.421+0000][10][gc,age      ] GC(60) Age table with threshold 15 (max threshold 15)
[2022-04-22T06:16:36.422+0000][10][gc,age      ] GC(60) - age   1:    3239008 bytes,    3239008 total
[2022-04-22T06:16:36.423+0000][10][gc,age      ] GC(60) - age   2:    1147896 bytes,    4386904 total
[2022-04-22T06:16:36.424+0000][10][gc,age      ] GC(60) - age   3:    1844584 bytes,    6231488 total
[2022-04-22T06:16:36.425+0000][10][gc,age      ] GC(60) - age   4:    1214880 bytes,    7446368 total
[2022-04-22T06:16:36.426+0000][10][gc,age      ] GC(60) - age   5:    1392576 bytes,    8838944 total
[2022-04-22T06:16:36.427+0000][10][gc,age      ] GC(60) - age   6:    2289400 bytes,   11128344 total
[2022-04-22T06:16:36.428+0000][10][gc,age      ] GC(60) - age   7:     419496 bytes,   11547840 total
[2022-04-22T06:16:36.429+0000][10][gc,age      ] GC(60) - age   8:     408328 bytes,   11956168 total
[2022-04-22T06:16:36.429+0000][10][gc,age      ] GC(60) - age   9:     346784 bytes,   12302952 total
[2022-04-22T06:16:36.430+0000][10][gc,age      ] GC(60) - age  10:     460736 bytes,   12763688 total
[2022-04-22T06:16:36.431+0000][10][gc,age      ] GC(60) - age  11:     804344 bytes,   13568032 total
[2022-04-22T06:16:36.432+0000][10][gc,age      ] GC(60) - age  12:     466576 bytes,   14034608 total
[2022-04-22T06:16:36.433+0000][10][gc,age      ] GC(60) - age  13:    4183184 bytes,   18217792 total
[2022-04-22T06:16:36.433+0000][10][gc,age      ] GC(60) - age  14:    1029696 bytes,   19247488 total
[2022-04-22T06:16:36.434+0000][10][gc,phases   ] GC(60)   Pre Evacuate Collection Set: 0.1ms
[2022-04-22T06:16:36.434+0000][10][gc,phases   ] GC(60)   Merge Heap Roots: 0.1ms
[2022-04-22T06:16:36.435+0000][10][gc,phases   ] GC(60)   Evacuate Collection Set: 3.4ms
[2022-04-22T06:16:36.436+0000][10][gc,phases   ] GC(60)   Post Evacuate Collection Set: 1.0ms
[2022-04-22T06:16:36.436+0000][10][gc,phases   ] GC(60)   Other: 15.2ms
[2022-04-22T06:16:36.437+0000][10][gc,heap     ] GC(60) Eden regions: 63->0(63)
[2022-04-22T06:16:36.437+0000][10][gc,heap     ] GC(60) Survivor regions: 5->5(9)
[2022-04-22T06:16:36.438+0000][10][gc,heap     ] GC(60) Old regions: 27->27
[2022-04-22T06:16:36.439+0000][10][gc,heap     ] GC(60) Archive regions: 2->2
[2022-04-22T06:16:36.439+0000][10][gc,heap     ] GC(60) Humongous regions: 6->6
[2022-04-22T06:16:36.439+0000][10][gc,metaspace] GC(60) Metaspace: 106625K(108224K)->106625K(108224K) NonClass: 92166K(93120K)->92166K(93120K) Class: 14459K(15104K)->14459K(15104K)
[2022-04-22T06:16:36.440+0000][10][gc          ] GC(60) Pause Young (Normal) (G1 Evacuation Pause) 402M->151M(512M) 26.066ms
[2022-04-22T06:16:36.441+0000][10][gc,cpu      ] GC(60) User=0.01s Sys=0.00s Real=0.03s
[2022-04-22T06:16:36.441+0000][10][safepoint   ] Safepoint "G1CollectForAllocation", Time since last: 2179570167 ns, Reaching safepoint: 52792 ns, At safepoint: 27141333 ns, Total: 27194125 ns
[2022-04-22T06:16:39.442+0000][10][safepoint   ] Safepoint "Cleanup", Time since last: 3000906168 ns, Reaching safepoint: 79500 ns, At safepoint: 4250 ns, Total: 83750 ns
[2022-04-22T06:16:39.916+0000][10][gc,start    ] GC(61) Pause Young (Normal) (G1 Evacuation Pause)
[2022-04-22T06:16:39.917+0000][10][gc,task     ] GC(61) Using 5 workers of 5 for evacuation
[2022-04-22T06:16:39.918+0000][10][gc,age      ] GC(61) Desired survivor size 18874368 bytes, new threshold 14 (max threshold 15)
[2022-04-22T06:16:39.923+0000][10][gc,age      ] GC(61) Age table with threshold 14 (max threshold 15)
[2022-04-22T06:16:39.924+0000][10][gc,age      ] GC(61) - age   1:    1769600 bytes,    1769600 total
[2022-04-22T06:16:39.925+0000][10][gc,age      ] GC(61) - age   2:    2992584 bytes,    4762184 total
[2022-04-22T06:16:39.926+0000][10][gc,age      ] GC(61) - age   3:    1085032 bytes,    5847216 total
[2022-04-22T06:16:39.927+0000][10][gc,age      ] GC(61) - age   4:    1776416 bytes,    7623632 total
[2022-04-22T06:16:39.927+0000][10][gc,age      ] GC(61) - age   5:    1185992 bytes,    8809624 total
[2022-04-22T06:16:39.928+0000][10][gc,age      ] GC(61) - age   6:    1228432 bytes,   10038056 total
[2022-04-22T06:16:39.929+0000][10][gc,age      ] GC(61) - age   7:    2228080 bytes,   12266136 total
[2022-04-22T06:16:39.929+0000][10][gc,age      ] GC(61) - age   8:     413224 bytes,   12679360 total
[2022-04-22T06:16:39.930+0000][10][gc,age      ] GC(61) - age   9:     399872 bytes,   13079232 total
[2022-04-22T06:16:39.930+0000][10][gc,age      ] GC(61) - age  10:     341576 bytes,   13420808 total
[2022-04-22T06:16:39.931+0000][10][gc,age      ] GC(61) - age  11:     452336 bytes,   13873144 total
[2022-04-22T06:16:39.931+0000][10][gc,age      ] GC(61) - age  12:     800312 bytes,   14673456 total
[2022-04-22T06:16:39.932+0000][10][gc,age      ] GC(61) - age  13:     466488 bytes,   15139944 total
[2022-04-22T06:16:39.932+0000][10][gc,age      ] GC(61) - age  14:    4183184 bytes,   19323128 total
[2022-04-22T06:16:39.933+0000][10][gc,phases   ] GC(61)   Pre Evacuate Collection Set: 0.1ms
[2022-04-22T06:16:39.933+0000][10][gc,phases   ] GC(61)   Merge Heap Roots: 0.1ms
[2022-04-22T06:16:39.934+0000][10][gc,phases   ] GC(61)   Evacuate Collection Set: 3.1ms
[2022-04-22T06:16:39.935+0000][10][gc,phases   ] GC(61)   Post Evacuate Collection Set: 1.0ms
[2022-04-22T06:16:39.936+0000][10][gc,phases   ] GC(61)   Other: 12.4ms
[2022-04-22T06:16:39.936+0000][10][gc,heap     ] GC(61) Eden regions: 63->0(63)
[2022-04-22T06:16:39.937+0000][10][gc,heap     ] GC(61) Survivor regions: 5->5(9)
[2022-04-22T06:16:39.938+0000][10][gc,heap     ] GC(61) Old regions: 27->27
[2022-04-22T06:16:39.938+0000][10][gc,heap     ] GC(61) Archive regions: 2->2
[2022-04-22T06:16:39.939+0000][10][gc,heap     ] GC(61) Humongous regions: 6->6
[2022-04-22T06:16:39.939+0000][10][gc,metaspace] GC(61) Metaspace: 106626K(108224K)->106626K(108224K) NonClass: 92167K(93120K)->92167K(93120K) Class: 14459K(15104K)->14459K(15104K)
[2022-04-22T06:16:39.940+0000][10][gc          ] GC(61) Pause Young (Normal) (G1 Evacuation Pause) 403M->153M(512M) 23.990ms
[2022-04-22T06:16:39.941+0000][10][gc,cpu      ] GC(61) User=0.01s Sys=0.00s Real=0.02s
[2022-04-22T06:16:39.941+0000][10][safepoint   ] Safepoint "G1CollectForAllocation", Time since last: 473740584 ns, Reaching safepoint: 221750 ns, At safepoint: 25252583 ns, Total: 25474333 ns
[2022-04-22T06:16:41.942+0000][10][safepoint   ] Safepoint "Cleanup", Time since last: 2000704460 ns, Reaching safepoint: 57583 ns, At safepoint: 2333 ns, Total: 59916 ns
[2022-04-22T06:16:42.946+0000][10][safepoint   ] Safepoint "Cleanup", Time since last: 1002157792 ns, Reaching safepoint: 1469834 ns, At safepoint: 10791 ns, Total: 1480625 ns
[2022-04-22T06:16:43.201+0000][10][gc,start    ] GC(62) Pause Young (Normal) (G1 Evacuation Pause)
[2022-04-22T06:16:43.202+0000][10][gc,task     ] GC(62) Using 5 workers of 5 for evacuation
[2022-04-22T06:16:43.203+0000][10][gc,age      ] GC(62) Desired survivor size 18874368 bytes, new threshold 14 (max threshold 15)
[2022-04-22T06:16:43.208+0000][10][gc,age      ] GC(62) Age table with threshold 14 (max threshold 15)
[2022-04-22T06:16:43.209+0000][10][gc,age      ] GC(62) - age   1:    3432248 bytes,    3432248 total
[2022-04-22T06:16:43.210+0000][10][gc,age      ] GC(62) - age   2:    1595408 bytes,    5027656 total
[2022-04-22T06:16:43.211+0000][10][gc,age      ] GC(62) - age   3:    1159192 bytes,    6186848 total
[2022-04-22T06:16:43.212+0000][10][gc,age      ] GC(62) - age   4:    1069352 bytes,    7256200 total
[2022-04-22T06:16:43.212+0000][10][gc,age      ] GC(62) - age   5:    1758496 bytes,    9014696 total
[2022-04-22T06:16:43.213+0000][10][gc,age      ] GC(62) - age   6:    1175072 bytes,   10189768 total
[2022-04-22T06:16:43.214+0000][10][gc,age      ] GC(62) - age   7:    1213200 bytes,   11402968 total
[2022-04-22T06:16:43.214+0000][10][gc,age      ] GC(62) - age   8:    2106120 bytes,   13509088 total
[2022-04-22T06:16:43.215+0000][10][gc,age      ] GC(62) - age   9:     410032 bytes,   13919120 total
[2022-04-22T06:16:43.216+0000][10][gc,age      ] GC(62) - age  10:     396360 bytes,   14315480 total
[2022-04-22T06:16:43.217+0000][10][gc,age      ] GC(62) - age  11:     336368 bytes,   14651848 total
[2022-04-22T06:16:43.218+0000][10][gc,age      ] GC(62) - age  12:     446624 bytes,   15098472 total
[2022-04-22T06:16:43.219+0000][10][gc,age      ] GC(62) - age  13:     798296 bytes,   15896768 total
[2022-04-22T06:16:43.220+0000][10][gc,age      ] GC(62) - age  14:     466488 bytes,   16363256 total
[2022-04-22T06:16:43.221+0000][10][gc,phases   ] GC(62)   Pre Evacuate Collection Set: 0.1ms
[2022-04-22T06:16:43.223+0000][10][gc,phases   ] GC(62)   Merge Heap Roots: 0.1ms
[2022-04-22T06:16:43.224+0000][10][gc,phases   ] GC(62)   Evacuate Collection Set: 3.0ms
[2022-04-22T06:16:43.225+0000][10][gc,phases   ] GC(62)   Post Evacuate Collection Set: 1.2ms
[2022-04-22T06:16:43.226+0000][10][gc,phases   ] GC(62)   Other: 15.8ms
[2022-04-22T06:16:43.226+0000][10][gc,heap     ] GC(62) Eden regions: 63->0(62)
[2022-04-22T06:16:43.227+0000][10][gc,heap     ] GC(62) Survivor regions: 5->5(9)
[2022-04-22T06:16:43.228+0000][10][gc,heap     ] GC(62) Old regions: 27->28
[2022-04-22T06:16:43.228+0000][10][gc,heap     ] GC(62) Archive regions: 2->2
[2022-04-22T06:16:43.229+0000][10][gc,heap     ] GC(62) Humongous regions: 6->6
[2022-04-22T06:16:43.230+0000][10][gc,metaspace] GC(62) Metaspace: 106626K(108224K)->106626K(108224K) NonClass: 92167K(93120K)->92167K(93120K) Class: 14459K(15104K)->14459K(15104K)
[2022-04-22T06:16:43.231+0000][10][gc          ] GC(62) Pause Young (Normal) (G1 Evacuation Pause) 405M->153M(512M) 29.558ms
[2022-04-22T06:16:43.231+0000][10][gc,cpu      ] GC(62) User=0.01s Sys=0.00s Real=0.03s
[2022-04-22T06:16:43.232+0000][10][safepoint   ] Safepoint "G1CollectForAllocation", Time since last: 255220042 ns, Reaching safepoint: 155084 ns, At safepoint: 30981958 ns, Total: 31137042 ns
[2022-04-22T06:16:45.233+0000][10][safepoint   ] Safepoint "Cleanup", Time since last: 2000996209 ns, Reaching safepoint: 72375 ns, At safepoint: 12958 ns, Total: 85333 ns
[2022-04-22T06:16:45.730+0000][10][gc,start    ] GC(63) Pause Young (Normal) (G1 Evacuation Pause)
[2022-04-22T06:16:45.730+0000][10][gc,task     ] GC(63) Using 5 workers of 5 for evacuation
[2022-04-22T06:16:45.731+0000][10][gc,age      ] GC(63) Desired survivor size 18874368 bytes, new threshold 15 (max threshold 15)
[2022-04-22T06:16:45.737+0000][10][gc,age      ] GC(63) Age table with threshold 15 (max threshold 15)
[2022-04-22T06:16:45.737+0000][10][gc,age      ] GC(63) - age   1:    2952984 bytes,    2952984 total
[2022-04-22T06:16:45.738+0000][10][gc,age      ] GC(63) - age   2:    1890280 bytes,    4843264 total
[2022-04-22T06:16:45.739+0000][10][gc,age      ] GC(63) - age   3:    1504928 bytes,    6348192 total
[2022-04-22T06:16:45.739+0000][10][gc,age      ] GC(63) - age   4:    1149064 bytes,    7497256 total
[2022-04-22T06:16:45.740+0000][10][gc,age      ] GC(63) - age   5:    1063600 bytes,    8560856 total
[2022-04-22T06:16:45.740+0000][10][gc,age      ] GC(63) - age   6:    1751384 bytes,   10312240 total
[2022-04-22T06:16:45.741+0000][10][gc,age      ] GC(63) - age   7:    1168800 bytes,   11481040 total
[2022-04-22T06:16:45.742+0000][10][gc,age      ] GC(63) - age   8:    1207376 bytes,   12688416 total
[2022-04-22T06:16:45.743+0000][10][gc,age      ] GC(63) - age   9:    2098616 bytes,   14787032 total
[2022-04-22T06:16:45.744+0000][10][gc,age      ] GC(63) - age  10:     409024 bytes,   15196056 total
[2022-04-22T06:16:45.745+0000][10][gc,age      ] GC(63) - age  11:     390984 bytes,   15587040 total
[2022-04-22T06:16:45.746+0000][10][gc,age      ] GC(63) - age  12:     331384 bytes,   15918424 total
[2022-04-22T06:16:45.747+0000][10][gc,age      ] GC(63) - age  13:     445616 bytes,   16364040 total
[2022-04-22T06:16:45.748+0000][10][gc,age      ] GC(63) - age  14:     796112 bytes,   17160152 total
[2022-04-22T06:16:45.748+0000][10][gc,age      ] GC(63) - age  15:     466488 bytes,   17626640 total
[2022-04-22T06:16:45.749+0000][10][gc,phases   ] GC(63)   Pre Evacuate Collection Set: 0.1ms
[2022-04-22T06:16:45.750+0000][10][gc,phases   ] GC(63)   Merge Heap Roots: 0.0ms
[2022-04-22T06:16:45.751+0000][10][gc,phases   ] GC(63)   Evacuate Collection Set: 3.5ms
[2022-04-22T06:16:45.751+0000][10][gc,phases   ] GC(63)   Post Evacuate Collection Set: 1.0ms
[2022-04-22T06:16:45.753+0000][10][gc,phases   ] GC(63)   Other: 14.9ms
[2022-04-22T06:16:45.754+0000][10][gc,heap     ] GC(63) Eden regions: 62->0(62)
[2022-04-22T06:16:45.754+0000][10][gc,heap     ] GC(63) Survivor regions: 5->5(9)
[2022-04-22T06:16:45.755+0000][10][gc,heap     ] GC(63) Old regions: 28->28
[2022-04-22T06:16:45.757+0000][10][gc,heap     ] GC(63) Archive regions: 2->2
[2022-04-22T06:16:45.757+0000][10][gc,heap     ] GC(63) Humongous regions: 6->6
[2022-04-22T06:16:45.758+0000][10][gc,metaspace] GC(63) Metaspace: 106626K(108224K)->106626K(108224K) NonClass: 92167K(93120K)->92167K(93120K) Class: 14459K(15104K)->14459K(15104K)
[2022-04-22T06:16:45.759+0000][10][gc          ] GC(63) Pause Young (Normal) (G1 Evacuation Pause) 401M->156M(512M) 28.806ms
[2022-04-22T06:16:45.760+0000][10][gc,cpu      ] GC(63) User=0.01s Sys=0.00s Real=0.03s
[2022-04-22T06:16:45.760+0000][10][safepoint   ] Safepoint "G1CollectForAllocation", Time since last: 496489709 ns, Reaching safepoint: 92292 ns, At safepoint: 30361083 ns, Total: 30453375 ns
[2022-04-22T06:16:48.542+0000][10][gc,start    ] GC(64) Pause Young (Normal) (G1 Evacuation Pause)
[2022-04-22T06:16:48.543+0000][10][gc,task     ] GC(64) Using 5 workers of 5 for evacuation
[2022-04-22T06:16:48.544+0000][10][gc,age      ] GC(64) Desired survivor size 18874368 bytes, new threshold 15 (max threshold 15)
[2022-04-22T06:16:48.548+0000][10][gc,age      ] GC(64) Age table with threshold 15 (max threshold 15)
[2022-04-22T06:16:48.550+0000][10][gc,age      ] GC(64) - age   1:    3033920 bytes,    3033920 total
[2022-04-22T06:16:48.550+0000][10][gc,age      ] GC(64) - age   2:    1282200 bytes,    4316120 total
[2022-04-22T06:16:48.551+0000][10][gc,age      ] GC(64) - age   3:    1773392 bytes,    6089512 total
[2022-04-22T06:16:48.553+0000][10][gc,age      ] GC(64) - age   4:    1478000 bytes,    7567512 total
[2022-04-22T06:16:48.554+0000][10][gc,age      ] GC(64) - age   5:    1139264 bytes,    8706776 total
[2022-04-22T06:16:48.555+0000][10][gc,age      ] GC(64) - age   6:    1057440 bytes,    9764216 total
[2022-04-22T06:16:48.556+0000][10][gc,age      ] GC(64) - age   7:    1739288 bytes,   11503504 total
[2022-04-22T06:16:48.557+0000][10][gc,age      ] GC(64) - age   8:    1162528 bytes,   12666032 total
[2022-04-22T06:16:48.557+0000][10][gc,age      ] GC(64) - age   9:    1200488 bytes,   13866520 total
[2022-04-22T06:16:48.558+0000][10][gc,age      ] GC(64) - age  10:    2089040 bytes,   15955560 total
[2022-04-22T06:16:48.559+0000][10][gc,age      ] GC(64) - age  11:     408016 bytes,   16363576 total
[2022-04-22T06:16:48.560+0000][10][gc,age      ] GC(64) - age  12:     386448 bytes,   16750024 total
[2022-04-22T06:16:48.561+0000][10][gc,age      ] GC(64) - age  13:     326176 bytes,   17076200 total
[2022-04-22T06:16:48.562+0000][10][gc,age      ] GC(64) - age  14:     443600 bytes,   17519800 total
[2022-04-22T06:16:48.563+0000][10][gc,age      ] GC(64) - age  15:     790904 bytes,   18310704 total
[2022-04-22T06:16:48.563+0000][10][gc,phases   ] GC(64)   Pre Evacuate Collection Set: 0.1ms
[2022-04-22T06:16:48.564+0000][10][gc,phases   ] GC(64)   Merge Heap Roots: 0.0ms
[2022-04-22T06:16:48.565+0000][10][gc,phases   ] GC(64)   Evacuate Collection Set: 3.1ms
[2022-04-22T06:16:48.566+0000][10][gc,phases   ] GC(64)   Post Evacuate Collection Set: 0.8ms
[2022-04-22T06:16:48.567+0000][10][gc,phases   ] GC(64)   Other: 17.8ms
[2022-04-22T06:16:48.567+0000][10][gc,heap     ] GC(64) Eden regions: 62->0(62)
[2022-04-22T06:16:48.568+0000][10][gc,heap     ] GC(64) Survivor regions: 5->5(9)
[2022-04-22T06:16:48.568+0000][10][gc,heap     ] GC(64) Old regions: 28->28
[2022-04-22T06:16:48.569+0000][10][gc,heap     ] GC(64) Archive regions: 2->2
[2022-04-22T06:16:48.569+0000][10][gc,heap     ] GC(64) Humongous regions: 6->6
[2022-04-22T06:16:48.570+0000][10][gc,metaspace] GC(64) Metaspace: 106627K(108224K)->106627K(108224K) NonClass: 92168K(93120K)->92168K(93120K) Class: 14459K(15104K)->14459K(15104K)
[2022-04-22T06:16:48.571+0000][10][gc          ] GC(64) Pause Young (Normal) (G1 Evacuation Pause) 404M->157M(512M) 29.102ms
[2022-04-22T06:16:48.572+0000][10][gc,cpu      ] GC(64) User=0.01s Sys=0.01s Real=0.03s
[2022-04-22T06:16:48.572+0000][10][safepoint   ] Safepoint "G1CollectForAllocation", Time since last: 2781342793 ns, Reaching safepoint: 147458 ns, At safepoint: 30786667 ns, Total: 30934125 ns
[2022-04-22T06:16:49.573+0000][10][safepoint   ] Safepoint "Cleanup", Time since last: 1000962042 ns, Reaching safepoint: 115000 ns, At safepoint: 4000 ns, Total: 119000 ns
[2022-04-22T06:16:50.574+0000][10][safepoint   ] Safepoint "Cleanup", Time since last: 1000951334 ns, Reaching safepoint: 40083 ns, At safepoint: 2334 ns, Total: 42417 ns
[2022-04-22T06:16:51.012+0000][10][gc,start    ] GC(65) Pause Young (Normal) (G1 Evacuation Pause)
[2022-04-22T06:16:51.013+0000][10][gc,task     ] GC(65) Using 5 workers of 5 for evacuation
[2022-04-22T06:16:51.014+0000][10][gc,age      ] GC(65) Desired survivor size 18874368 bytes, new threshold 15 (max threshold 15)
[2022-04-22T06:16:51.019+0000][10][gc,age      ] GC(65) Age table with threshold 15 (max threshold 15)
[2022-04-22T06:16:51.020+0000][10][gc,age      ] GC(65) - age   1:    1698912 bytes,    1698912 total
[2022-04-22T06:16:51.021+0000][10][gc,age      ] GC(65) - age   2:    2998264 bytes,    4697176 total
[2022-04-22T06:16:51.022+0000][10][gc,age      ] GC(65) - age   3:    1196072 bytes,    5893248 total
[2022-04-22T06:16:51.023+0000][10][gc,age      ] GC(65) - age   4:    1186968 bytes,    7080216 total
[2022-04-22T06:16:51.023+0000][10][gc,age      ] GC(65) - age   5:    1449720 bytes,    8529936 total
[2022-04-22T06:16:51.024+0000][10][gc,age      ] GC(65) - age   6:    1125152 bytes,    9655088 total
[2022-04-22T06:16:51.025+0000][10][gc,age      ] GC(65) - age   7:    1050552 bytes,   10705640 total
[2022-04-22T06:16:51.025+0000][10][gc,age      ] GC(65) - age   8:    1735704 bytes,   12441344 total
[2022-04-22T06:16:51.026+0000][10][gc,age      ] GC(65) - age   9:    1157568 bytes,   13598912 total
[2022-04-22T06:16:51.027+0000][10][gc,age      ] GC(65) - age  10:    1191752 bytes,   14790664 total
[2022-04-22T06:16:51.027+0000][10][gc,age      ] GC(65) - age  11:    2082208 bytes,   16872872 total
[2022-04-22T06:16:51.028+0000][10][gc,age      ] GC(65) - age  12:     404656 bytes,   17277528 total
[2022-04-22T06:16:51.028+0000][10][gc,age      ] GC(65) - age  13:     384264 bytes,   17661792 total
[2022-04-22T06:16:51.029+0000][10][gc,age      ] GC(65) - age  14:     326176 bytes,   17987968 total
[2022-04-22T06:16:51.030+0000][10][gc,age      ] GC(65) - age  15:     442424 bytes,   18430392 total
[2022-04-22T06:16:51.031+0000][10][gc,phases   ] GC(65)   Pre Evacuate Collection Set: 0.1ms
[2022-04-22T06:16:51.032+0000][10][gc,phases   ] GC(65)   Merge Heap Roots: 0.0ms
[2022-04-22T06:16:51.032+0000][10][gc,phases   ] GC(65)   Evacuate Collection Set: 3.1ms
[2022-04-22T06:16:51.033+0000][10][gc,phases   ] GC(65)   Post Evacuate Collection Set: 1.0ms
[2022-04-22T06:16:51.034+0000][10][gc,phases   ] GC(65)   Other: 14.2ms
[2022-04-22T06:16:51.035+0000][10][gc,heap     ] GC(65) Eden regions: 62->0(62)
[2022-04-22T06:16:51.036+0000][10][gc,heap     ] GC(65) Survivor regions: 5->5(9)
[2022-04-22T06:16:51.037+0000][10][gc,heap     ] GC(65) Old regions: 28->28
[2022-04-22T06:16:51.038+0000][10][gc,heap     ] GC(65) Archive regions: 2->2
[2022-04-22T06:16:51.038+0000][10][gc,heap     ] GC(65) Humongous regions: 6->6
[2022-04-22T06:16:51.039+0000][10][gc,metaspace] GC(65) Metaspace: 106630K(108224K)->106630K(108224K) NonClass: 92170K(93120K)->92170K(93120K) Class: 14459K(15104K)->14459K(15104K)
[2022-04-22T06:16:51.040+0000][10][gc          ] GC(65) Pause Young (Normal) (G1 Evacuation Pause) 405M->157M(512M) 27.343ms
[2022-04-22T06:16:51.040+0000][10][gc,cpu      ] GC(65) User=0.01s Sys=0.00s Real=0.03s
[2022-04-22T06:16:51.041+0000][10][safepoint   ] Safepoint "G1CollectForAllocation", Time since last: 437668333 ns, Reaching safepoint: 158667 ns, At safepoint: 28604083 ns, Total: 28762750 ns
[2022-04-22T06:16:52.996+0000][10][gc,start    ] GC(66) Pause Young (Normal) (G1 Evacuation Pause)
[2022-04-22T06:16:52.997+0000][10][gc,task     ] GC(66) Using 5 workers of 5 for evacuation
[2022-04-22T06:16:52.998+0000][10][gc,age      ] GC(66) Desired survivor size 18874368 bytes, new threshold 15 (max threshold 15)
[2022-04-22T06:16:53.003+0000][10][gc,age      ] GC(66) Age table with threshold 15 (max threshold 15)
[2022-04-22T06:16:53.004+0000][10][gc,age      ] GC(66) - age   1:    5179680 bytes,    5179680 total
[2022-04-22T06:16:53.010+0000][10][gc,age      ] GC(66) - age   2:    1654152 bytes,    6833832 total
[2022-04-22T06:16:53.010+0000][10][gc,age      ] GC(66) - age   3:    1024672 bytes,    7858504 total
[2022-04-22T06:16:53.011+0000][10][gc,age      ] GC(66) - age   4:    1191672 bytes,    9050176 total
[2022-04-22T06:16:53.012+0000][10][gc,age      ] GC(66) - age   5:    1058504 bytes,   10108680 total
[2022-04-22T06:16:53.013+0000][10][gc,age      ] GC(66) - age   6:    1435000 bytes,   11543680 total
[2022-04-22T06:16:53.014+0000][10][gc,age      ] GC(66) - age   7:    1115800 bytes,   12659480 total
[2022-04-22T06:16:53.015+0000][10][gc,age      ] GC(66) - age   8:    1010320 bytes,   13669800 total
[2022-04-22T06:16:53.015+0000][10][gc,age      ] GC(66) - age   9:    1206584 bytes,   14876384 total
[2022-04-22T06:16:53.016+0000][10][gc,age      ] GC(66) - age  10:    1155384 bytes,   16031768 total
[2022-04-22T06:16:53.017+0000][10][gc,age      ] GC(66) - age  11:    1187552 bytes,   17219320 total
[2022-04-22T06:16:53.017+0000][10][gc,age      ] GC(66) - age  12:    2075824 bytes,   19295144 total
[2022-04-22T06:16:53.018+0000][10][gc,age      ] GC(66) - age  13:     402304 bytes,   19697448 total
[2022-04-22T06:16:53.018+0000][10][gc,age      ] GC(66) - age  14:     383256 bytes,   20080704 total
[2022-04-22T06:16:53.019+0000][10][gc,age      ] GC(66) - age  15:     322984 bytes,   20403688 total
[2022-04-22T06:16:53.020+0000][10][gc,phases   ] GC(66)   Pre Evacuate Collection Set: 0.3ms
[2022-04-22T06:16:53.021+0000][10][gc,phases   ] GC(66)   Merge Heap Roots: 0.2ms
[2022-04-22T06:16:53.021+0000][10][gc,phases   ] GC(66)   Evacuate Collection Set: 2.6ms
[2022-04-22T06:16:53.022+0000][10][gc,phases   ] GC(66)   Post Evacuate Collection Set: 0.7ms
[2022-04-22T06:16:53.023+0000][10][gc,phases   ] GC(66)   Other: 20.2ms
[2022-04-22T06:16:53.023+0000][10][gc,heap     ] GC(66) Eden regions: 62->0(60)
[2022-04-22T06:16:53.024+0000][10][gc,heap     ] GC(66) Survivor regions: 5->6(9)
[2022-04-22T06:16:53.024+0000][10][gc,heap     ] GC(66) Old regions: 28->28
[2022-04-22T06:16:53.025+0000][10][gc,heap     ] GC(66) Archive regions: 2->2
[2022-04-22T06:16:53.026+0000][10][gc,heap     ] GC(66) Humongous regions: 6->6
[2022-04-22T06:16:53.026+0000][10][gc,metaspace] GC(66) Metaspace: 106632K(108224K)->106632K(108224K) NonClass: 92172K(93120K)->92172K(93120K) Class: 14459K(15104K)->14459K(15104K)
[2022-04-22T06:16:53.027+0000][10][gc          ] GC(66) Pause Young (Normal) (G1 Evacuation Pause) 405M->160M(512M) 31.271ms
[2022-04-22T06:16:53.028+0000][10][gc,cpu      ] GC(66) User=0.02s Sys=0.00s Real=0.03s
[2022-04-22T06:16:53.028+0000][10][safepoint   ] Safepoint "G1CollectForAllocation", Time since last: 1954951168 ns, Reaching safepoint: 100583 ns, At safepoint: 32532209 ns, Total: 32632792 ns
[2022-04-22T06:16:54.029+0000][10][safepoint   ] Safepoint "Cleanup", Time since last: 1000750667 ns, Reaching safepoint: 202791 ns, At safepoint: 5417 ns, Total: 208208 ns
[2022-04-22T06:16:55.031+0000][10][safepoint   ] Safepoint "Cleanup", Time since last: 1001294459 ns, Reaching safepoint: 78791 ns, At safepoint: 3292 ns, Total: 82083 ns
[2022-04-22T06:16:55.227+0000][10][gc,start    ] GC(67) Pause Young (Normal) (G1 Evacuation Pause)
[2022-04-22T06:16:55.228+0000][10][gc,task     ] GC(67) Using 5 workers of 5 for evacuation
[2022-04-22T06:16:55.229+0000][10][gc,age      ] GC(67) Desired survivor size 18874368 bytes, new threshold 12 (max threshold 15)
[2022-04-22T06:16:55.233+0000][10][gc,age      ] GC(67) Age table with threshold 12 (max threshold 15)
[2022-04-22T06:16:55.234+0000][10][gc,age      ] GC(67) - age   1:    2711984 bytes,    2711984 total
[2022-04-22T06:16:55.235+0000][10][gc,age      ] GC(67) - age   2:    4299656 bytes,    7011640 total
[2022-04-22T06:16:55.236+0000][10][gc,age      ] GC(67) - age   3:    1559336 bytes,    8570976 total
[2022-04-22T06:16:55.237+0000][10][gc,age      ] GC(67) - age   4:    1019232 bytes,    9590208 total
[2022-04-22T06:16:55.237+0000][10][gc,age      ] GC(67) - age   5:    1186912 bytes,   10777120 total
[2022-04-22T06:16:55.238+0000][10][gc,age      ] GC(67) - age   6:    1046240 bytes,   11823360 total
[2022-04-22T06:16:55.238+0000][10][gc,age      ] GC(67) - age   7:    1414616 bytes,   13237976 total
[2022-04-22T06:16:55.239+0000][10][gc,age      ] GC(67) - age   8:    1105328 bytes,   14343304 total
[2022-04-22T06:16:55.239+0000][10][gc,age      ] GC(67) - age   9:    1002704 bytes,   15346008 total
[2022-04-22T06:16:55.240+0000][10][gc,age      ] GC(67) - age  10:    1201208 bytes,   16547216 total
[2022-04-22T06:16:55.241+0000][10][gc,age      ] GC(67) - age  11:    1150456 bytes,   17697672 total
[2022-04-22T06:16:55.243+0000][10][gc,age      ] GC(67) - age  12:    1185480 bytes,   18883152 total
[2022-04-22T06:16:55.243+0000][10][gc,phases   ] GC(67)   Pre Evacuate Collection Set: 0.1ms
[2022-04-22T06:16:55.244+0000][10][gc,phases   ] GC(67)   Merge Heap Roots: 0.0ms
[2022-04-22T06:16:55.244+0000][10][gc,phases   ] GC(67)   Evacuate Collection Set: 2.5ms
[2022-04-22T06:16:55.245+0000][10][gc,phases   ] GC(67)   Post Evacuate Collection Set: 0.8ms
[2022-04-22T06:16:55.246+0000][10][gc,phases   ] GC(67)   Other: 13.5ms
[2022-04-22T06:16:55.246+0000][10][gc,heap     ] GC(67) Eden regions: 60->0(61)
[2022-04-22T06:16:55.247+0000][10][gc,heap     ] GC(67) Survivor regions: 6->5(9)
[2022-04-22T06:16:55.248+0000][10][gc,heap     ] GC(67) Old regions: 28->29
[2022-04-22T06:16:55.248+0000][10][gc,heap     ] GC(67) Archive regions: 2->2
[2022-04-22T06:16:55.249+0000][10][gc,heap     ] GC(67) Humongous regions: 6->6
[2022-04-22T06:16:55.249+0000][10][gc,metaspace] GC(67) Metaspace: 106635K(108224K)->106635K(108224K) NonClass: 92176K(93120K)->92176K(93120K) Class: 14459K(15104K)->14459K(15104K)
[2022-04-22T06:16:55.250+0000][10][gc          ] GC(67) Pause Young (Normal) (G1 Evacuation Pause) 400M->162M(512M) 23.212ms
[2022-04-22T06:16:55.250+0000][10][gc,cpu      ] GC(67) User=0.01s Sys=0.00s Real=0.02s
[2022-04-22T06:16:55.251+0000][10][safepoint   ] Safepoint "G1CollectForAllocation", Time since last: 195676834 ns, Reaching safepoint: 97916 ns, At safepoint: 24530334 ns, Total: 24628250 ns
[2022-04-22T06:16:56.239+0000][10][gc,start    ] GC(68) Pause Young (Normal) (G1 Evacuation Pause)
[2022-04-22T06:16:56.240+0000][10][gc,task     ] GC(68) Using 5 workers of 5 for evacuation
[2022-04-22T06:16:56.241+0000][10][gc,age      ] GC(68) Desired survivor size 18874368 bytes, new threshold 12 (max threshold 15)
[2022-04-22T06:16:56.245+0000][10][gc,age      ] GC(68) Age table with threshold 12 (max threshold 15)
[2022-04-22T06:16:56.246+0000][10][gc,age      ] GC(68) - age   1:    3172520 bytes,    3172520 total
[2022-04-22T06:16:56.247+0000][10][gc,age      ] GC(68) - age   2:    1528600 bytes,    4701120 total
[2022-04-22T06:16:56.248+0000][10][gc,age      ] GC(68) - age   3:    2213280 bytes,    6914400 total
[2022-04-22T06:16:56.249+0000][10][gc,age      ] GC(68) - age   4:    1558440 bytes,    8472840 total
[2022-04-22T06:16:56.250+0000][10][gc,age      ] GC(68) - age   5:    1018192 bytes,    9491032 total
[2022-04-22T06:16:56.250+0000][10][gc,age      ] GC(68) - age   6:    1185904 bytes,   10676936 total
[2022-04-22T06:16:56.251+0000][10][gc,age      ] GC(68) - age   7:    1045232 bytes,   11722168 total
[2022-04-22T06:16:56.251+0000][10][gc,age      ] GC(68) - age   8:    1414616 bytes,   13136784 total
[2022-04-22T06:16:56.252+0000][10][gc,age      ] GC(68) - age   9:    1103312 bytes,   14240096 total
[2022-04-22T06:16:56.252+0000][10][gc,age      ] GC(68) - age  10:    1000688 bytes,   15240784 total
[2022-04-22T06:16:56.253+0000][10][gc,age      ] GC(68) - age  11:    1199192 bytes,   16439976 total
[2022-04-22T06:16:56.253+0000][10][gc,age      ] GC(68) - age  12:    1150456 bytes,   17590432 total
[2022-04-22T06:16:56.254+0000][10][gc,phases   ] GC(68)   Pre Evacuate Collection Set: 0.1ms
[2022-04-22T06:16:56.254+0000][10][gc,phases   ] GC(68)   Merge Heap Roots: 0.2ms
[2022-04-22T06:16:56.255+0000][10][gc,phases   ] GC(68)   Evacuate Collection Set: 2.2ms
[2022-04-22T06:16:56.255+0000][10][gc,phases   ] GC(68)   Post Evacuate Collection Set: 0.7ms
[2022-04-22T06:16:56.256+0000][10][gc,phases   ] GC(68)   Other: 11.2ms
[2022-04-22T06:16:56.256+0000][10][gc,heap     ] GC(68) Eden regions: 61->0(61)
[2022-04-22T06:16:56.257+0000][10][gc,heap     ] GC(68) Survivor regions: 5->5(9)
[2022-04-22T06:16:56.257+0000][10][gc,heap     ] GC(68) Old regions: 29->29
[2022-04-22T06:16:56.258+0000][10][gc,heap     ] GC(68) Archive regions: 2->2
[2022-04-22T06:16:56.258+0000][10][gc,heap     ] GC(68) Humongous regions: 6->6
[2022-04-22T06:16:56.261+0000][10][gc,metaspace] GC(68) Metaspace: 106635K(108224K)->106635K(108224K) NonClass: 92176K(93120K)->92176K(93120K) Class: 14459K(15104K)->14459K(15104K)
[2022-04-22T06:16:56.261+0000][10][gc          ] GC(68) Pause Young (Normal) (G1 Evacuation Pause) 406M->161M(512M) 22.067ms
[2022-04-22T06:16:56.262+0000][10][gc,cpu      ] GC(68) User=0.01s Sys=0.00s Real=0.02s
[2022-04-22T06:16:56.263+0000][10][safepoint   ] Safepoint "G1CollectForAllocation", Time since last: 988051417 ns, Reaching safepoint: 117958 ns, At safepoint: 23924583 ns, Total: 24042541 ns
[2022-04-22T06:16:58.742+0000][10][gc,start    ] GC(69) Pause Young (Normal) (G1 Evacuation Pause)
[2022-04-22T06:16:58.743+0000][10][gc,task     ] GC(69) Using 5 workers of 5 for evacuation
[2022-04-22T06:16:58.745+0000][10][gc,age      ] GC(69) Desired survivor size 18874368 bytes, new threshold 15 (max threshold 15)
[2022-04-22T06:16:58.750+0000][10][gc,age      ] GC(69) Age table with threshold 15 (max threshold 15)
[2022-04-22T06:16:58.750+0000][10][gc,age      ] GC(69) - age   1:    1603112 bytes,    1603112 total
[2022-04-22T06:16:58.751+0000][10][gc,age      ] GC(69) - age   2:    3138336 bytes,    4741448 total
[2022-04-22T06:16:58.753+0000][10][gc,age      ] GC(69) - age   3:    1525880 bytes,    6267328 total
[2022-04-22T06:16:58.754+0000][10][gc,age      ] GC(69) - age   4:    2078320 bytes,    8345648 total
[2022-04-22T06:16:58.754+0000][10][gc,age      ] GC(69) - age   5:    1554904 bytes,    9900552 total
[2022-04-22T06:16:58.755+0000][10][gc,age      ] GC(69) - age   6:    1017224 bytes,   10917776 total
[2022-04-22T06:16:58.756+0000][10][gc,age      ] GC(69) - age   7:    1183728 bytes,   12101504 total
[2022-04-22T06:16:58.756+0000][10][gc,age      ] GC(69) - age   8:    1044224 bytes,   13145728 total
[2022-04-22T06:16:58.757+0000][10][gc,age      ] GC(69) - age   9:    1404480 bytes,   14550208 total
[2022-04-22T06:16:58.758+0000][10][gc,age      ] GC(69) - age  10:    1095416 bytes,   15645624 total
[2022-04-22T06:16:58.759+0000][10][gc,age      ] GC(69) - age  11:     998896 bytes,   16644520 total
[2022-04-22T06:16:58.759+0000][10][gc,age      ] GC(69) - age  12:    1196952 bytes,   17841472 total
[2022-04-22T06:16:58.761+0000][10][gc,age      ] GC(69) - age  13:    1149672 bytes,   18991144 total
[2022-04-22T06:16:58.762+0000][10][gc,phases   ] GC(69)   Pre Evacuate Collection Set: 0.2ms
[2022-04-22T06:16:58.763+0000][10][gc,phases   ] GC(69)   Merge Heap Roots: 0.1ms
[2022-04-22T06:16:58.764+0000][10][gc,phases   ] GC(69)   Evacuate Collection Set: 2.4ms
[2022-04-22T06:16:58.765+0000][10][gc,phases   ] GC(69)   Post Evacuate Collection Set: 0.8ms
[2022-04-22T06:16:58.765+0000][10][gc,phases   ] GC(69)   Other: 16.3ms
[2022-04-22T06:16:58.767+0000][10][gc,heap     ] GC(69) Eden regions: 61->0(61)
[2022-04-22T06:16:58.767+0000][10][gc,heap     ] GC(69) Survivor regions: 5->5(9)
[2022-04-22T06:16:58.768+0000][10][gc,heap     ] GC(69) Old regions: 29->29
[2022-04-22T06:16:58.769+0000][10][gc,heap     ] GC(69) Archive regions: 2->2
[2022-04-22T06:16:58.770+0000][10][gc,heap     ] GC(69) Humongous regions: 6->6
[2022-04-22T06:16:58.771+0000][10][gc,metaspace] GC(69) Metaspace: 106635K(108224K)->106635K(108224K) NonClass: 92176K(93120K)->92176K(93120K) Class: 14459K(15104K)->14459K(15104K)
[2022-04-22T06:16:58.772+0000][10][gc          ] GC(69) Pause Young (Normal) (G1 Evacuation Pause) 405M->163M(512M) 29.781ms
[2022-04-22T06:16:58.773+0000][10][gc,cpu      ] GC(69) User=0.01s Sys=0.01s Real=0.03s
[2022-04-22T06:16:58.774+0000][10][safepoint   ] Safepoint "G1CollectForAllocation", Time since last: 2478357543 ns, Reaching safepoint: 67541 ns, At safepoint: 31686125 ns, Total: 31753666 ns
[2022-04-22T06:17:00.784+0000][10][gc,start    ] GC(70) Pause Young (Normal) (G1 Evacuation Pause)
[2022-04-22T06:17:00.785+0000][10][gc,task     ] GC(70) Using 5 workers of 5 for evacuation
[2022-04-22T06:17:00.786+0000][10][gc,age      ] GC(70) Desired survivor size 18874368 bytes, new threshold 13 (max threshold 15)
[2022-04-22T06:17:00.789+0000][10][gc,age      ] GC(70) Age table with threshold 13 (max threshold 15)
[2022-04-22T06:17:00.791+0000][10][gc,age      ] GC(70) - age   1:    4504696 bytes,    4504696 total
[2022-04-22T06:17:00.792+0000][10][gc,age      ] GC(70) - age   2:    1257080 bytes,    5761776 total
[2022-04-22T06:17:00.793+0000][10][gc,age      ] GC(70) - age   3:     792448 bytes,    6554224 total
[2022-04-22T06:17:00.793+0000][10][gc,age      ] GC(70) - age   4:    1522544 bytes,    8076768 total
[2022-04-22T06:17:00.794+0000][10][gc,age      ] GC(70) - age   5:    2078320 bytes,   10155088 total
[2022-04-22T06:17:00.794+0000][10][gc,age      ] GC(70) - age   6:     912760 bytes,   11067848 total
[2022-04-22T06:17:00.795+0000][10][gc,age      ] GC(70) - age   7:    1015208 bytes,   12083056 total
[2022-04-22T06:17:00.796+0000][10][gc,age      ] GC(70) - age   8:    1180144 bytes,   13263200 total
[2022-04-22T06:17:00.797+0000][10][gc,age      ] GC(70) - age   9:    1041088 bytes,   14304288 total
[2022-04-22T06:17:00.797+0000][10][gc,age      ] GC(70) - age  10:    1397648 bytes,   15701936 total
[2022-04-22T06:17:00.798+0000][10][gc,age      ] GC(70) - age  11:    1090432 bytes,   16792368 total
[2022-04-22T06:17:00.798+0000][10][gc,age      ] GC(70) - age  12:     995984 bytes,   17788352 total
[2022-04-22T06:17:00.799+0000][10][gc,age      ] GC(70) - age  13:    1196952 bytes,   18985304 total
[2022-04-22T06:17:00.800+0000][10][gc,phases   ] GC(70)   Pre Evacuate Collection Set: 0.2ms
[2022-04-22T06:17:00.800+0000][10][gc,phases   ] GC(70)   Merge Heap Roots: 0.2ms
[2022-04-22T06:17:00.801+0000][10][gc,phases   ] GC(70)   Evacuate Collection Set: 1.9ms
[2022-04-22T06:17:00.802+0000][10][gc,phases   ] GC(70)   Post Evacuate Collection Set: 0.7ms
[2022-04-22T06:17:00.802+0000][10][gc,phases   ] GC(70)   Other: 13.2ms
[2022-04-22T06:17:00.803+0000][10][gc,heap     ] GC(70) Eden regions: 61->0(58)
[2022-04-22T06:17:00.804+0000][10][gc,heap     ] GC(70) Survivor regions: 5->6(9)
[2022-04-22T06:17:00.805+0000][10][gc,heap     ] GC(70) Old regions: 29->30
[2022-04-22T06:17:00.805+0000][10][gc,heap     ] GC(70) Archive regions: 2->2
[2022-04-22T06:17:00.806+0000][10][gc,heap     ] GC(70) Humongous regions: 6->6
[2022-04-22T06:17:00.806+0000][10][gc,metaspace] GC(70) Metaspace: 106635K(108224K)->106635K(108224K) NonClass: 92176K(93120K)->92176K(93120K) Class: 14459K(15104K)->14459K(15104K)
[2022-04-22T06:17:00.807+0000][10][gc          ] GC(70) Pause Young (Normal) (G1 Evacuation Pause) 407M->164M(512M) 23.282ms
[2022-04-22T06:17:00.808+0000][10][gc,cpu      ] GC(70) User=0.01s Sys=0.00s Real=0.03s
[2022-04-22T06:17:00.809+0000][10][safepoint   ] Safepoint "G1CollectForAllocation", Time since last: 2009966626 ns, Reaching safepoint: 47292 ns, At safepoint: 25712667 ns, Total: 25759959 ns
[2022-04-22T06:17:02.966+0000][10][gc,start    ] GC(71) Pause Young (Normal) (G1 Evacuation Pause)
[2022-04-22T06:17:02.967+0000][10][gc,task     ] GC(71) Using 5 workers of 5 for evacuation
[2022-04-22T06:17:02.968+0000][10][gc,age      ] GC(71) Desired survivor size 16777216 bytes, new threshold 11 (max threshold 15)
[2022-04-22T06:17:02.972+0000][10][gc,age      ] GC(71) Age table with threshold 11 (max threshold 15)
[2022-04-22T06:17:02.973+0000][10][gc,age      ] GC(71) - age   1:    1129232 bytes,    1129232 total
[2022-04-22T06:17:02.974+0000][10][gc,age      ] GC(71) - age   2:    4465176 bytes,    5594408 total
[2022-04-22T06:17:02.975+0000][10][gc,age      ] GC(71) - age   3:    1253288 bytes,    6847696 total
[2022-04-22T06:17:02.975+0000][10][gc,age      ] GC(71) - age   4:     792416 bytes,    7640112 total
[2022-04-22T06:17:02.976+0000][10][gc,age      ] GC(71) - age   5:    1423336 bytes,    9063448 total
[2022-04-22T06:17:02.977+0000][10][gc,age      ] GC(71) - age   6:    2077424 bytes,   11140872 total
[2022-04-22T06:17:02.978+0000][10][gc,age      ] GC(71) - age   7:     909512 bytes,   12050384 total
[2022-04-22T06:17:02.979+0000][10][gc,age      ] GC(71) - age   8:    1013416 bytes,   13063800 total
[2022-04-22T06:17:02.979+0000][10][gc,age      ] GC(71) - age   9:    1179360 bytes,   14243160 total
[2022-04-22T06:17:02.981+0000][10][gc,age      ] GC(71) - age  10:    1041088 bytes,   15284248 total
[2022-04-22T06:17:02.983+0000][10][gc,age      ] GC(71) - age  11:    1390760 bytes,   16675008 total
[2022-04-22T06:17:02.984+0000][10][gc,phases   ] GC(71)   Pre Evacuate Collection Set: 0.5ms
[2022-04-22T06:17:02.985+0000][10][gc,phases   ] GC(71)   Merge Heap Roots: 0.1ms
[2022-04-22T06:17:02.986+0000][10][gc,phases   ] GC(71)   Evacuate Collection Set: 2.1ms
[2022-04-22T06:17:02.986+0000][10][gc,phases   ] GC(71)   Post Evacuate Collection Set: 0.8ms
[2022-04-22T06:17:02.987+0000][10][gc,phases   ] GC(71)   Other: 14.5ms
[2022-04-22T06:17:02.987+0000][10][gc,heap     ] GC(71) Eden regions: 58->0(60)
[2022-04-22T06:17:02.988+0000][10][gc,heap     ] GC(71) Survivor regions: 6->5(8)
[2022-04-22T06:17:02.988+0000][10][gc,heap     ] GC(71) Old regions: 30->30
[2022-04-22T06:17:02.989+0000][10][gc,heap     ] GC(71) Archive regions: 2->2
[2022-04-22T06:17:02.989+0000][10][gc,heap     ] GC(71) Humongous regions: 6->6
[2022-04-22T06:17:02.990+0000][10][gc,metaspace] GC(71) Metaspace: 106635K(108224K)->106635K(108224K) NonClass: 92176K(93120K)->92176K(93120K) Class: 14459K(15104K)->14459K(15104K)
[2022-04-22T06:17:02.990+0000][10][gc          ] GC(71) Pause Young (Normal) (G1 Evacuation Pause) 396M->166M(512M) 24.335ms
[2022-04-22T06:17:02.991+0000][10][gc,cpu      ] GC(71) User=0.01s Sys=0.00s Real=0.02s
[2022-04-22T06:17:02.992+0000][10][safepoint   ] Safepoint "G1CollectForAllocation", Time since last: 2156611876 ns, Reaching safepoint: 46125 ns, At safepoint: 26076416 ns, Total: 26122541 ns
[2022-04-22T06:17:05.438+0000][10][gc,start    ] GC(72) Pause Young (Normal) (G1 Evacuation Pause)
[2022-04-22T06:17:05.439+0000][10][gc,task     ] GC(72) Using 5 workers of 5 for evacuation
[2022-04-22T06:17:05.440+0000][10][gc,age      ] GC(72) Desired survivor size 18874368 bytes, new threshold 15 (max threshold 15)
[2022-04-22T06:17:05.446+0000][10][gc,age      ] GC(72) Age table with threshold 15 (max threshold 15)
[2022-04-22T06:17:05.448+0000][10][gc,age      ] GC(72) - age   1:     932056 bytes,     932056 total
[2022-04-22T06:17:05.449+0000][10][gc,age      ] GC(72) - age   2:    1058392 bytes,    1990448 total
[2022-04-22T06:17:05.450+0000][10][gc,age      ] GC(72) - age   3:    4463800 bytes,    6454248 total
[2022-04-22T06:17:05.451+0000][10][gc,age      ] GC(72) - age   4:    1252104 bytes,    7706352 total
[2022-04-22T06:17:05.452+0000][10][gc,age      ] GC(72) - age   5:     792416 bytes,    8498768 total
[2022-04-22T06:17:05.453+0000][10][gc,age      ] GC(72) - age   6:    1421320 bytes,    9920088 total
[2022-04-22T06:17:05.454+0000][10][gc,age      ] GC(72) - age   7:    2074176 bytes,   11994264 total
[2022-04-22T06:17:05.455+0000][10][gc,age      ] GC(72) - age   8:     907048 bytes,   12901312 total
[2022-04-22T06:17:05.456+0000][10][gc,age      ] GC(72) - age   9:    1010224 bytes,   13911536 total
[2022-04-22T06:17:05.457+0000][10][gc,age      ] GC(72) - age  10:    1176896 bytes,   15088432 total
[2022-04-22T06:17:05.458+0000][10][gc,age      ] GC(72) - age  11:    1037504 bytes,   16125936 total
[2022-04-22T06:17:05.459+0000][10][gc,age      ] GC(72) - age  12:    1380680 bytes,   17506616 total
[2022-04-22T06:17:05.459+0000][10][gc,phases   ] GC(72)   Pre Evacuate Collection Set: 1.0ms
[2022-04-22T06:17:05.460+0000][10][gc,phases   ] GC(72)   Merge Heap Roots: 0.1ms
[2022-04-22T06:17:05.461+0000][10][gc,phases   ] GC(72)   Evacuate Collection Set: 2.7ms
[2022-04-22T06:17:05.461+0000][10][gc,phases   ] GC(72)   Post Evacuate Collection Set: 0.8ms
[2022-04-22T06:17:05.462+0000][10][gc,phases   ] GC(72)   Other: 16.7ms
[2022-04-22T06:17:05.463+0000][10][gc,heap     ] GC(72) Eden regions: 60->0(60)
[2022-04-22T06:17:05.465+0000][10][gc,heap     ] GC(72) Survivor regions: 5->5(9)
[2022-04-22T06:17:05.486+0000][10][gc,heap     ] GC(72) Old regions: 30->30
[2022-04-22T06:17:05.487+0000][10][gc,heap     ] GC(72) Archive regions: 2->2
[2022-04-22T06:17:05.488+0000][10][gc,heap     ] GC(72) Humongous regions: 6->6
[2022-04-22T06:17:05.489+0000][10][gc,metaspace] GC(72) Metaspace: 106636K(108224K)->106636K(108224K) NonClass: 92177K(93120K)->92177K(93120K) Class: 14459K(15104K)->14459K(15104K)
[2022-04-22T06:17:05.490+0000][10][gc          ] GC(72) Pause Young (Normal) (G1 Evacuation Pause) 406M->165M(512M) 51.619ms
[2022-04-22T06:17:05.491+0000][10][gc,cpu      ] GC(72) User=0.01s Sys=0.00s Real=0.05s
[2022-04-22T06:17:05.492+0000][10][safepoint   ] Safepoint "G1CollectForAllocation", Time since last: 2446010251 ns, Reaching safepoint: 245209 ns, At safepoint: 53476125 ns, Total: 53721334 ns
[2022-04-22T06:17:07.738+0000][10][gc,start    ] GC(73) Pause Young (Normal) (G1 Evacuation Pause)
[2022-04-22T06:17:07.739+0000][10][gc,task     ] GC(73) Using 5 workers of 5 for evacuation
[2022-04-22T06:17:07.740+0000][10][gc,age      ] GC(73) Desired survivor size 18874368 bytes, new threshold 15 (max threshold 15)
[2022-04-22T06:17:07.743+0000][10][gc,age      ] GC(73) Age table with threshold 15 (max threshold 15)
[2022-04-22T06:17:07.744+0000][10][gc,age      ] GC(73) - age   1:    4220608 bytes,    4220608 total
[2022-04-22T06:17:07.745+0000][10][gc,age      ] GC(73) - age   2:     898296 bytes,    5118904 total
[2022-04-22T06:17:07.746+0000][10][gc,age      ] GC(73) - age   3:    1055288 bytes,    6174192 total
[2022-04-22T06:17:07.747+0000][10][gc,age      ] GC(73) - age   4:    1823568 bytes,    7997760 total
[2022-04-22T06:17:07.748+0000][10][gc,age      ] GC(73) - age   5:    1101504 bytes,    9099264 total
[2022-04-22T06:17:07.748+0000][10][gc,age      ] GC(73) - age   6:     792416 bytes,    9891680 total
[2022-04-22T06:17:07.749+0000][10][gc,age      ] GC(73) - age   7:    1415688 bytes,   11307368 total
[2022-04-22T06:17:07.749+0000][10][gc,age      ] GC(73) - age   8:    2072104 bytes,   13379472 total
[2022-04-22T06:17:07.750+0000][10][gc,age      ] GC(73) - age   9:     906264 bytes,   14285736 total
[2022-04-22T06:17:07.750+0000][10][gc,age      ] GC(73) - age  10:    1010224 bytes,   15295960 total
[2022-04-22T06:17:07.751+0000][10][gc,age      ] GC(73) - age  11:    1176112 bytes,   16472072 total
[2022-04-22T06:17:07.751+0000][10][gc,age      ] GC(73) - age  12:    1017120 bytes,   17489192 total
[2022-04-22T06:17:07.752+0000][10][gc,age      ] GC(73) - age  13:    1376480 bytes,   18865672 total
[2022-04-22T06:17:07.752+0000][10][gc,phases   ] GC(73)   Pre Evacuate Collection Set: 0.1ms
[2022-04-22T06:17:07.753+0000][10][gc,phases   ] GC(73)   Merge Heap Roots: 0.0ms
[2022-04-22T06:17:07.754+0000][10][gc,phases   ] GC(73)   Evacuate Collection Set: 1.9ms
[2022-04-22T06:17:07.754+0000][10][gc,phases   ] GC(73)   Post Evacuate Collection Set: 0.9ms
[2022-04-22T06:17:07.755+0000][10][gc,phases   ] GC(73)   Other: 11.1ms
[2022-04-22T06:17:07.756+0000][10][gc,heap     ] GC(73) Eden regions: 60->0(60)
[2022-04-22T06:17:07.757+0000][10][gc,heap     ] GC(73) Survivor regions: 5->5(9)
[2022-04-22T06:17:07.757+0000][10][gc,heap     ] GC(73) Old regions: 30->30
[2022-04-22T06:17:07.758+0000][10][gc,heap     ] GC(73) Archive regions: 2->2
[2022-04-22T06:17:07.759+0000][10][gc,heap     ] GC(73) Humongous regions: 6->6
[2022-04-22T06:17:07.760+0000][10][gc,metaspace] GC(73) Metaspace: 106636K(108224K)->106636K(108224K) NonClass: 92177K(93120K)->92177K(93120K) Class: 14459K(15104K)->14459K(15104K)
[2022-04-22T06:17:07.760+0000][10][gc          ] GC(73) Pause Young (Normal) (G1 Evacuation Pause) 405M->167M(512M) 22.074ms
[2022-04-22T06:17:07.761+0000][10][gc,cpu      ] GC(73) User=0.01s Sys=0.00s Real=0.02s
[2022-04-22T06:17:07.762+0000][10][safepoint   ] Safepoint "G1CollectForAllocation", Time since last: 2246150418 ns, Reaching safepoint: 335791 ns, At safepoint: 23643375 ns, Total: 23979166 ns
[2022-04-22T06:17:09.503+0000][10][gc,start    ] GC(74) Pause Young (Normal) (G1 Evacuation Pause)
[2022-04-22T06:17:09.505+0000][10][gc,task     ] GC(74) Using 5 workers of 5 for evacuation
[2022-04-22T06:17:09.506+0000][10][gc,age      ] GC(74) Desired survivor size 18874368 bytes, new threshold 15 (max threshold 15)
[2022-04-22T06:17:09.511+0000][10][gc,age      ] GC(74) Age table with threshold 15 (max threshold 15)
[2022-04-22T06:17:09.513+0000][10][gc,age      ] GC(74) - age   1:    1941304 bytes,    1941304 total
[2022-04-22T06:17:09.514+0000][10][gc,age      ] GC(74) - age   2:    4204064 bytes,    6145368 total
[2022-04-22T06:17:09.515+0000][10][gc,age      ] GC(74) - age   3:     895096 bytes,    7040464 total
[2022-04-22T06:17:09.516+0000][10][gc,age      ] GC(74) - age   4:    1053216 bytes,    8093680 total
[2022-04-22T06:17:09.517+0000][10][gc,age      ] GC(74) - age   5:    1100168 bytes,    9193848 total
[2022-04-22T06:17:09.518+0000][10][gc,age      ] GC(74) - age   6:    1101504 bytes,   10295352 total
[2022-04-22T06:17:09.519+0000][10][gc,age      ] GC(74) - age   7:     792416 bytes,   11087768 total
[2022-04-22T06:17:09.520+0000][10][gc,age      ] GC(74) - age   8:    1282416 bytes,   12370184 total
[2022-04-22T06:17:09.522+0000][10][gc,age      ] GC(74) - age   9:    2071208 bytes,   14441392 total
[2022-04-22T06:17:09.523+0000][10][gc,age      ] GC(74) - age  10:     903296 bytes,   15344688 total
[2022-04-22T06:17:09.524+0000][10][gc,age      ] GC(74) - age  11:    1010224 bytes,   16354912 total
[2022-04-22T06:17:09.525+0000][10][gc,age      ] GC(74) - age  12:    1176112 bytes,   17531024 total
[2022-04-22T06:17:09.525+0000][10][gc,age      ] GC(74) - age  13:    1014656 bytes,   18545680 total
[2022-04-22T06:17:09.526+0000][10][gc,age      ] GC(74) - age  14:    1368800 bytes,   19914480 total
[2022-04-22T06:17:09.527+0000][10][gc,phases   ] GC(74)   Pre Evacuate Collection Set: 0.1ms
[2022-04-22T06:17:09.528+0000][10][gc,phases   ] GC(74)   Merge Heap Roots: 0.1ms
[2022-04-22T06:17:09.529+0000][10][gc,phases   ] GC(74)   Evacuate Collection Set: 1.6ms
[2022-04-22T06:17:09.530+0000][10][gc,phases   ] GC(74)   Post Evacuate Collection Set: 0.8ms
[2022-04-22T06:17:09.531+0000][10][gc,phases   ] GC(74)   Other: 21.0ms
[2022-04-22T06:17:09.531+0000][10][gc,heap     ] GC(74) Eden regions: 60->0(58)
[2022-04-22T06:17:09.532+0000][10][gc,heap     ] GC(74) Survivor regions: 5->6(9)
[2022-04-22T06:17:09.533+0000][10][gc,heap     ] GC(74) Old regions: 30->30
[2022-04-22T06:17:09.534+0000][10][gc,heap     ] GC(74) Archive regions: 2->2
[2022-04-22T06:17:09.535+0000][10][gc,heap     ] GC(74) Humongous regions: 6->6
[2022-04-22T06:17:09.536+0000][10][gc,metaspace] GC(74) Metaspace: 106636K(108224K)->106636K(108224K) NonClass: 92177K(93120K)->92177K(93120K) Class: 14459K(15104K)->14459K(15104K)
[2022-04-22T06:17:09.537+0000][10][gc          ] GC(74) Pause Young (Normal) (G1 Evacuation Pause) 407M->167M(512M) 33.627ms
[2022-04-22T06:17:09.538+0000][10][gc,cpu      ] GC(74) User=0.01s Sys=0.01s Real=0.04s
[2022-04-22T06:17:09.539+0000][10][safepoint   ] Safepoint "G1CollectForAllocation", Time since last: 1741333459 ns, Reaching safepoint: 47584 ns, At safepoint: 35363250 ns, Total: 35410834 ns
[2022-04-22T06:17:11.215+0000][10][gc,start    ] GC(75) Pause Young (Normal) (G1 Evacuation Pause)
[2022-04-22T06:17:11.216+0000][10][gc,task     ] GC(75) Using 5 workers of 5 for evacuation
[2022-04-22T06:17:11.217+0000][10][gc,age      ] GC(75) Desired survivor size 16777216 bytes, new threshold 12 (max threshold 15)
[2022-04-22T06:17:11.220+0000][10][gc,age      ] GC(75) Age table with threshold 12 (max threshold 15)
[2022-04-22T06:17:11.221+0000][10][gc,age      ] GC(75) - age   1:     956776 bytes,     956776 total
[2022-04-22T06:17:11.222+0000][10][gc,age      ] GC(75) - age   2:    1923024 bytes,    2879800 total
[2022-04-22T06:17:11.223+0000][10][gc,age      ] GC(75) - age   3:    4202112 bytes,    7081912 total
[2022-04-22T06:17:11.224+0000][10][gc,age      ] GC(75) - age   4:     895096 bytes,    7977008 total
[2022-04-22T06:17:11.225+0000][10][gc,age      ] GC(75) - age   5:     941608 bytes,    8918616 total
[2022-04-22T06:17:11.225+0000][10][gc,age      ] GC(75) - age   6:    1096248 bytes,   10014864 total
[2022-04-22T06:17:11.226+0000][10][gc,age      ] GC(75) - age   7:    1100336 bytes,   11115200 total
[2022-04-22T06:17:11.227+0000][10][gc,age      ] GC(75) - age   8:     792416 bytes,   11907616 total
[2022-04-22T06:17:11.228+0000][10][gc,age      ] GC(75) - age   9:    1281408 bytes,   13189024 total
[2022-04-22T06:17:11.228+0000][10][gc,age      ] GC(75) - age  10:    2070424 bytes,   15259448 total
[2022-04-22T06:17:11.229+0000][10][gc,age      ] GC(75) - age  11:     900496 bytes,   16159944 total
[2022-04-22T06:17:11.229+0000][10][gc,age      ] GC(75) - age  12:    1007144 bytes,   17167088 total
[2022-04-22T06:17:11.230+0000][10][gc,phases   ] GC(75)   Pre Evacuate Collection Set: 0.1ms
[2022-04-22T06:17:11.231+0000][10][gc,phases   ] GC(75)   Merge Heap Roots: 0.0ms
[2022-04-22T06:17:11.231+0000][10][gc,phases   ] GC(75)   Evacuate Collection Set: 1.4ms
[2022-04-22T06:17:11.232+0000][10][gc,phases   ] GC(75)   Post Evacuate Collection Set: 0.6ms
[2022-04-22T06:17:11.232+0000][10][gc,phases   ] GC(75)   Other: 12.5ms
[2022-04-22T06:17:11.233+0000][10][gc,heap     ] GC(75) Eden regions: 58->0(59)
[2022-04-22T06:17:11.233+0000][10][gc,heap     ] GC(75) Survivor regions: 6->5(8)
[2022-04-22T06:17:11.234+0000][10][gc,heap     ] GC(75) Old regions: 30->31
[2022-04-22T06:17:11.234+0000][10][gc,heap     ] GC(75) Archive regions: 2->2
[2022-04-22T06:17:11.235+0000][10][gc,heap     ] GC(75) Humongous regions: 6->6
[2022-04-22T06:17:11.235+0000][10][gc,metaspace] GC(75) Metaspace: 106640K(108224K)->106640K(108224K) NonClass: 92181K(93120K)->92181K(93120K) Class: 14459K(15104K)->14459K(15104K)
[2022-04-22T06:17:11.236+0000][10][gc          ] GC(75) Pause Young (Normal) (G1 Evacuation Pause) 399M->168M(512M) 20.336ms
[2022-04-22T06:17:11.236+0000][10][gc,cpu      ] GC(75) User=0.00s Sys=0.00s Real=0.02s
[2022-04-22T06:17:11.237+0000][10][safepoint   ] Safepoint "G1CollectForAllocation", Time since last: 1676425334 ns, Reaching safepoint: 338208 ns, At safepoint: 21512459 ns, Total: 21850667 ns
[2022-04-22T06:17:13.183+0000][10][gc,start    ] GC(76) Pause Young (Concurrent Start) (G1 Evacuation Pause)
[2022-04-22T06:17:13.184+0000][10][gc,task     ] GC(76) Using 5 workers of 5 for evacuation
[2022-04-22T06:17:13.184+0000][10][gc,age      ] GC(76) Desired survivor size 16777216 bytes, new threshold 12 (max threshold 15)
[2022-04-22T06:17:13.188+0000][10][gc,age      ] GC(76) Age table with threshold 12 (max threshold 15)
[2022-04-22T06:17:13.189+0000][10][gc,age      ] GC(76) - age   1:    4322672 bytes,    4322672 total
[2022-04-22T06:17:13.189+0000][10][gc,age      ] GC(76) - age   2:     942616 bytes,    5265288 total
[2022-04-22T06:17:13.190+0000][10][gc,age      ] GC(76) - age   3:    1919880 bytes,    7185168 total
[2022-04-22T06:17:13.191+0000][10][gc,age      ] GC(76) - age   4:    1232616 bytes,    8417784 total
[2022-04-22T06:17:13.192+0000][10][gc,age      ] GC(76) - age   5:     893192 bytes,    9310976 total
[2022-04-22T06:17:13.192+0000][10][gc,age      ] GC(76) - age   6:     940600 bytes,   10251576 total
[2022-04-22T06:17:13.193+0000][10][gc,age      ] GC(76) - age   7:    1095240 bytes,   11346816 total
[2022-04-22T06:17:13.194+0000][10][gc,age      ] GC(76) - age   8:    1099328 bytes,   12446144 total
[2022-04-22T06:17:13.195+0000][10][gc,age      ] GC(76) - age   9:     791240 bytes,   13237384 total
[2022-04-22T06:17:13.196+0000][10][gc,age      ] GC(76) - age  10:    1280400 bytes,   14517784 total
[2022-04-22T06:17:13.196+0000][10][gc,age      ] GC(76) - age  11:    2067080 bytes,   16584864 total
[2022-04-22T06:17:13.197+0000][10][gc,age      ] GC(76) - age  12:     895680 bytes,   17480544 total
[2022-04-22T06:17:13.198+0000][10][gc,phases   ] GC(76)   Pre Evacuate Collection Set: 0.2ms
[2022-04-22T06:17:13.199+0000][10][gc,phases   ] GC(76)   Merge Heap Roots: 0.1ms
[2022-04-22T06:17:13.199+0000][10][gc,phases   ] GC(76)   Evacuate Collection Set: 1.8ms
[2022-04-22T06:17:13.200+0000][10][gc,phases   ] GC(76)   Post Evacuate Collection Set: 0.8ms
[2022-04-22T06:17:13.201+0000][10][gc,phases   ] GC(76)   Other: 12.3ms
[2022-04-22T06:17:13.201+0000][10][gc,heap     ] GC(76) Eden regions: 59->0(59)
[2022-04-22T06:17:13.202+0000][10][gc,heap     ] GC(76) Survivor regions: 5->5(8)
[2022-04-22T06:17:13.203+0000][10][gc,heap     ] GC(76) Old regions: 31->31
[2022-04-22T06:17:13.204+0000][10][gc,heap     ] GC(76) Archive regions: 2->2
[2022-04-22T06:17:13.204+0000][10][gc,heap     ] GC(76) Humongous regions: 6->6
[2022-04-22T06:17:13.205+0000][10][gc,metaspace] GC(76) Metaspace: 106640K(108224K)->106640K(108224K) NonClass: 92181K(93120K)->92181K(93120K) Class: 14459K(15104K)->14459K(15104K)
[2022-04-22T06:17:13.205+0000][10][gc          ] GC(76) Pause Young (Concurrent Start) (G1 Evacuation Pause) 404M->170M(512M) 22.275ms
[2022-04-22T06:17:13.206+0000][10][gc,cpu      ] GC(76) User=0.01s Sys=0.01s Real=0.03s
[2022-04-22T06:17:13.206+0000][10][safepoint   ] Safepoint "G1CollectForAllocation", Time since last: 1946026667 ns, Reaching safepoint: 98417 ns, At safepoint: 23348917 ns, Total: 23447334 ns
[2022-04-22T06:17:13.206+0000][10][gc          ] GC(77) Concurrent Mark Cycle
[2022-04-22T06:17:13.207+0000][10][gc,marking  ] GC(77) Concurrent Clear Claimed Marks
[2022-04-22T06:17:13.208+0000][10][gc,marking  ] GC(77) Concurrent Clear Claimed Marks 0.616ms
[2022-04-22T06:17:13.209+0000][10][gc,marking  ] GC(77) Concurrent Scan Root Regions
[2022-04-22T06:17:13.211+0000][10][gc,marking  ] GC(77) Concurrent Scan Root Regions 2.495ms
[2022-04-22T06:17:13.212+0000][10][gc,marking  ] GC(77) Concurrent Mark
[2022-04-22T06:17:13.213+0000][10][gc,marking  ] GC(77) Concurrent Mark From Roots
[2022-04-22T06:17:13.214+0000][10][gc,task     ] GC(77) Using 1 workers of 1 for marking
[2022-04-22T06:17:13.283+0000][10][gc,marking  ] GC(77) Concurrent Mark From Roots 70.625ms
[2022-04-22T06:17:13.284+0000][10][gc,marking  ] GC(77) Concurrent Preclean
[2022-04-22T06:17:13.287+0000][10][gc,marking  ] GC(77) Concurrent Preclean 2.346ms
[2022-04-22T06:17:13.288+0000][10][gc,start    ] GC(77) Pause Remark
[2022-04-22T06:17:13.306+0000][10][gc          ] GC(77) Pause Remark 181M->181M(512M) 17.546ms
[2022-04-22T06:17:13.307+0000][10][gc,cpu      ] GC(77) User=0.03s Sys=0.00s Real=0.02s
[2022-04-22T06:17:13.315+0000][10][safepoint   ] Safepoint "G1Concurrent", Time since last: 81215416 ns, Reaching safepoint: 443584 ns, At safepoint: 27165041 ns, Total: 27608625 ns
[2022-04-22T06:17:13.324+0000][10][gc,marking  ] GC(77) Concurrent Mark 111.820ms
[2022-04-22T06:17:13.325+0000][10][gc,marking  ] GC(77) Concurrent Rebuild Remembered Sets
[2022-04-22T06:17:13.370+0000][10][gc,marking  ] GC(77) Concurrent Rebuild Remembered Sets 44.654ms
[2022-04-22T06:17:13.371+0000][10][gc,start    ] GC(77) Pause Cleanup
[2022-04-22T06:17:13.372+0000][10][gc          ] GC(77) Pause Cleanup 191M->191M(512M) 0.890ms
[2022-04-22T06:17:13.373+0000][10][gc,cpu      ] GC(77) User=0.00s Sys=0.00s Real=0.00s
[2022-04-22T06:17:13.373+0000][10][safepoint   ] Safepoint "G1Concurrent", Time since last: 55388459 ns, Reaching safepoint: 304166 ns, At safepoint: 2316792 ns, Total: 2620958 ns
[2022-04-22T06:17:13.374+0000][10][gc,marking  ] GC(77) Concurrent Cleanup for Next Mark
[2022-04-22T06:17:13.376+0000][10][gc,marking  ] GC(77) Concurrent Cleanup for Next Mark 1.426ms
[2022-04-22T06:17:13.377+0000][10][gc          ] GC(77) Concurrent Mark Cycle 170.183ms
[2022-04-22T06:17:15.070+0000][10][gc,start    ] GC(78) Pause Young (Prepare Mixed) (G1 Evacuation Pause)
[2022-04-22T06:17:15.071+0000][10][gc,task     ] GC(78) Using 5 workers of 5 for evacuation
[2022-04-22T06:17:15.072+0000][10][gc,age      ] GC(78) Desired survivor size 16777216 bytes, new threshold 12 (max threshold 15)
[2022-04-22T06:17:15.076+0000][10][gc,age      ] GC(78) Age table with threshold 12 (max threshold 15)
[2022-04-22T06:17:15.077+0000][10][gc,age      ] GC(78) - age   1:    1062072 bytes,    1062072 total
[2022-04-22T06:17:15.078+0000][10][gc,age      ] GC(78) - age   2:    4292304 bytes,    5354376 total
[2022-04-22T06:17:15.079+0000][10][gc,age      ] GC(78) - age   3:     942592 bytes,    6296968 total
[2022-04-22T06:17:15.080+0000][10][gc,age      ] GC(78) - age   4:    1918848 bytes,    8215816 total
[2022-04-22T06:17:15.081+0000][10][gc,age      ] GC(78) - age   5:    1063304 bytes,    9279120 total
[2022-04-22T06:17:15.082+0000][10][gc,age      ] GC(78) - age   6:     893144 bytes,   10172264 total
[2022-04-22T06:17:15.082+0000][10][gc,age      ] GC(78) - age   7:     939424 bytes,   11111688 total
[2022-04-22T06:17:15.083+0000][10][gc,age      ] GC(78) - age   8:    1095240 bytes,   12206928 total
[2022-04-22T06:17:15.084+0000][10][gc,age      ] GC(78) - age   9:    1099328 bytes,   13306256 total
[2022-04-22T06:17:15.085+0000][10][gc,age      ] GC(78) - age  10:     791240 bytes,   14097496 total
[2022-04-22T06:17:15.085+0000][10][gc,age      ] GC(78) - age  11:    1279616 bytes,   15377112 total
[2022-04-22T06:17:15.086+0000][10][gc,age      ] GC(78) - age  12:    2066072 bytes,   17443184 total
[2022-04-22T06:17:15.086+0000][10][gc,phases   ] GC(78)   Pre Evacuate Collection Set: 0.9ms
[2022-04-22T06:17:15.087+0000][10][gc,phases   ] GC(78)   Merge Heap Roots: 0.2ms
[2022-04-22T06:17:15.088+0000][10][gc,phases   ] GC(78)   Evacuate Collection Set: 2.2ms
[2022-04-22T06:17:15.088+0000][10][gc,phases   ] GC(78)   Post Evacuate Collection Set: 0.7ms
[2022-04-22T06:17:15.089+0000][10][gc,phases   ] GC(78)   Other: 11.8ms
[2022-04-22T06:17:15.090+0000][10][gc,heap     ] GC(78) Eden regions: 59->0(1)
[2022-04-22T06:17:15.091+0000][10][gc,heap     ] GC(78) Survivor regions: 5->5(8)
[2022-04-22T06:17:15.091+0000][10][gc,heap     ] GC(78) Old regions: 31->32
[2022-04-22T06:17:15.093+0000][10][gc,heap     ] GC(78) Archive regions: 2->2
[2022-04-22T06:17:15.094+0000][10][gc,heap     ] GC(78) Humongous regions: 6->6
[2022-04-22T06:17:15.095+0000][10][gc,metaspace] GC(78) Metaspace: 106554K(108224K)->106554K(108224K) NonClass: 92114K(93120K)->92114K(93120K) Class: 14440K(15104K)->14440K(15104K)
[2022-04-22T06:17:15.095+0000][10][gc          ] GC(78) Pause Young (Prepare Mixed) (G1 Evacuation Pause) 406M->170M(512M) 24.881ms
[2022-04-22T06:17:15.096+0000][10][gc,cpu      ] GC(78) User=0.01s Sys=0.01s Real=0.03s
[2022-04-22T06:17:15.097+0000][10][safepoint   ] Safepoint "G1CollectForAllocation", Time since last: 1697220417 ns, Reaching safepoint: 39334 ns, At safepoint: 26377916 ns, Total: 26417250 ns
[2022-04-22T06:17:15.130+0000][10][gc,start    ] GC(79) Pause Young (Mixed) (G1 Evacuation Pause)
[2022-04-22T06:17:15.131+0000][10][gc,task     ] GC(79) Using 5 workers of 5 for evacuation
[2022-04-22T06:17:15.131+0000][10][gc,age      ] GC(79) Desired survivor size 2097152 bytes, new threshold 2 (max threshold 15)
[2022-04-22T06:17:15.135+0000][10][gc,age      ] GC(79) Age table with threshold 2 (max threshold 15)
[2022-04-22T06:17:15.136+0000][10][gc,age      ] GC(79) - age   1:      64800 bytes,      64800 total
[2022-04-22T06:17:15.137+0000][10][gc,age      ] GC(79) - age   2:    1030696 bytes,    1095496 total
[2022-04-22T06:17:15.138+0000][10][gc,phases   ] GC(79)   Pre Evacuate Collection Set: 0.1ms
[2022-04-22T06:17:15.139+0000][10][gc,phases   ] GC(79)   Merge Heap Roots: 0.1ms
[2022-04-22T06:17:15.140+0000][10][gc,phases   ] GC(79)   Evacuate Collection Set: 1.8ms
[2022-04-22T06:17:15.141+0000][10][gc,phases   ] GC(79)   Post Evacuate Collection Set: 0.8ms
[2022-04-22T06:17:15.142+0000][10][gc,phases   ] GC(79)   Other: 6.1ms
[2022-04-22T06:17:15.143+0000][10][gc,heap     ] GC(79) Eden regions: 1->0(64)
[2022-04-22T06:17:15.143+0000][10][gc,heap     ] GC(79) Survivor regions: 5->1(1)
[2022-04-22T06:17:15.144+0000][10][gc,heap     ] GC(79) Old regions: 32->32
[2022-04-22T06:17:15.144+0000][10][gc,heap     ] GC(79) Archive regions: 2->2
[2022-04-22T06:17:15.145+0000][10][gc,heap     ] GC(79) Humongous regions: 6->6
[2022-04-22T06:17:15.145+0000][10][gc,metaspace] GC(79) Metaspace: 106554K(108224K)->106554K(108224K) NonClass: 92114K(93120K)->92114K(93120K) Class: 14440K(15104K)->14440K(15104K)
[2022-04-22T06:17:15.146+0000][10][gc          ] GC(79) Pause Young (Mixed) (G1 Evacuation Pause) 174M->155M(512M) 16.319ms
[2022-04-22T06:17:15.147+0000][10][gc,cpu      ] GC(79) User=0.01s Sys=0.00s Real=0.02s
[2022-04-22T06:17:15.148+0000][10][safepoint   ] Safepoint "G1CollectForAllocation", Time since last: 32644792 ns, Reaching safepoint: 51750 ns, At safepoint: 18371958 ns, Total: 18423708 ns
[2022-04-22T06:17:16.256+0000][10][gc,start    ] GC(80) Pause Young (Concurrent Start) (G1 Evacuation Pause)
[2022-04-22T06:17:16.257+0000][10][gc,task     ] GC(80) Using 5 workers of 5 for evacuation
[2022-04-22T06:17:16.258+0000][10][gc,age      ] GC(80) Desired survivor size 18874368 bytes, new threshold 15 (max threshold 15)
[2022-04-22T06:17:16.260+0000][10][gc,age      ] GC(80) Age table with threshold 15 (max threshold 15)
[2022-04-22T06:17:16.261+0000][10][gc,age      ] GC(80) - age   1:    1263784 bytes,    1263784 total
[2022-04-22T06:17:16.262+0000][10][gc,age      ] GC(80) - age   2:      34344 bytes,    1298128 total
[2022-04-22T06:17:16.263+0000][10][gc,age      ] GC(80) - age   3:    1025208 bytes,    2323336 total
[2022-04-22T06:17:16.264+0000][10][gc,phases   ] GC(80)   Pre Evacuate Collection Set: 0.2ms
[2022-04-22T06:17:16.264+0000][10][gc,phases   ] GC(80)   Merge Heap Roots: 0.1ms
[2022-04-22T06:17:16.265+0000][10][gc,phases   ] GC(80)   Evacuate Collection Set: 1.0ms
[2022-04-22T06:17:16.265+0000][10][gc,phases   ] GC(80)   Post Evacuate Collection Set: 0.3ms
[2022-04-22T06:17:16.266+0000][10][gc,phases   ] GC(80)   Other: 5.6ms
[2022-04-22T06:17:16.266+0000][10][gc,heap     ] GC(80) Eden regions: 64->0(64)
[2022-04-22T06:17:16.267+0000][10][gc,heap     ] GC(80) Survivor regions: 1->1(9)
[2022-04-22T06:17:16.268+0000][10][gc,heap     ] GC(80) Old regions: 32->32
[2022-04-22T06:17:16.268+0000][10][gc,heap     ] GC(80) Archive regions: 2->2
[2022-04-22T06:17:16.269+0000][10][gc,heap     ] GC(80) Humongous regions: 6->6
[2022-04-22T06:17:16.269+0000][10][gc,metaspace] GC(80) Metaspace: 106556K(108224K)->106556K(108224K) NonClass: 92116K(93120K)->92116K(93120K) Class: 14440K(15104K)->14440K(15104K)
[2022-04-22T06:17:16.270+0000][10][gc          ] GC(80) Pause Young (Concurrent Start) (G1 Evacuation Pause) 411M->156M(512M) 13.304ms
[2022-04-22T06:17:16.270+0000][10][gc,cpu      ] GC(80) User=0.01s Sys=0.00s Real=0.01s
[2022-04-22T06:17:16.271+0000][10][safepoint   ] Safepoint "G1CollectForAllocation", Time since last: 1108400043 ns, Reaching safepoint: 83958 ns, At safepoint: 14535792 ns, Total: 14619750 ns
[2022-04-22T06:17:16.271+0000][10][gc          ] GC(81) Concurrent Mark Cycle
[2022-04-22T06:17:16.272+0000][10][gc,marking  ] GC(81) Concurrent Clear Claimed Marks
[2022-04-22T06:17:16.274+0000][10][gc,marking  ] GC(81) Concurrent Clear Claimed Marks 1.087ms
[2022-04-22T06:17:16.274+0000][10][gc,marking  ] GC(81) Concurrent Scan Root Regions
[2022-04-22T06:17:16.276+0000][10][gc,marking  ] GC(81) Concurrent Scan Root Regions 1.952ms
[2022-04-22T06:17:16.277+0000][10][gc,marking  ] GC(81) Concurrent Mark
[2022-04-22T06:17:16.278+0000][10][gc,marking  ] GC(81) Concurrent Mark From Roots
[2022-04-22T06:17:16.279+0000][10][gc,task     ] GC(81) Using 1 workers of 1 for marking
[2022-04-22T06:17:16.369+0000][10][gc,marking  ] GC(81) Concurrent Mark From Roots 91.025ms
[2022-04-22T06:17:16.371+0000][10][gc,marking  ] GC(81) Concurrent Preclean
[2022-04-22T06:17:16.372+0000][10][gc,marking  ] GC(81) Concurrent Preclean 1.295ms
[2022-04-22T06:17:16.373+0000][10][gc,start    ] GC(81) Pause Remark
[2022-04-22T06:17:16.381+0000][10][gc          ] GC(81) Pause Remark 172M->172M(512M) 8.094ms
[2022-04-22T06:17:16.382+0000][10][gc,cpu      ] GC(81) User=0.03s Sys=0.00s Real=0.01s
[2022-04-22T06:17:16.383+0000][10][safepoint   ] Safepoint "G1Concurrent", Time since last: 101740458 ns, Reaching safepoint: 336708 ns, At safepoint: 10173500 ns, Total: 10510208 ns
[2022-04-22T06:17:16.384+0000][10][gc,marking  ] GC(81) Concurrent Mark 106.550ms
[2022-04-22T06:17:16.385+0000][10][gc,marking  ] GC(81) Concurrent Rebuild Remembered Sets
[2022-04-22T06:17:16.427+0000][10][gc,marking  ] GC(81) Concurrent Rebuild Remembered Sets 42.237ms
[2022-04-22T06:17:16.428+0000][10][gc,start    ] GC(81) Pause Cleanup
[2022-04-22T06:17:16.429+0000][10][gc          ] GC(81) Pause Cleanup 176M->176M(512M) 0.930ms
[2022-04-22T06:17:16.431+0000][10][gc,cpu      ] GC(81) User=0.00s Sys=0.00s Real=0.00s
[2022-04-22T06:17:16.432+0000][10][safepoint   ] Safepoint "G1Concurrent", Time since last: 44849792 ns, Reaching safepoint: 302375 ns, At safepoint: 3939083 ns, Total: 4241458 ns
[2022-04-22T06:17:16.433+0000][10][gc,marking  ] GC(81) Concurrent Cleanup for Next Mark
[2022-04-22T06:17:16.435+0000][10][gc,marking  ] GC(81) Concurrent Cleanup for Next Mark 1.826ms
[2022-04-22T06:17:16.435+0000][10][gc          ] GC(81) Concurrent Mark Cycle 164.529ms
[2022-04-22T06:17:18.833+0000][10][gc,start    ] GC(82) Pause Young (Normal) (G1 Evacuation Pause)
[2022-04-22T06:17:18.834+0000][10][gc,task     ] GC(82) Using 5 workers of 5 for evacuation
[2022-04-22T06:17:18.835+0000][10][gc,age      ] GC(82) Desired survivor size 18874368 bytes, new threshold 15 (max threshold 15)
[2022-04-22T06:17:18.839+0000][10][gc,age      ] GC(82) Age table with threshold 15 (max threshold 15)
[2022-04-22T06:17:18.839+0000][10][gc,age      ] GC(82) - age   1:    1863584 bytes,    1863584 total
[2022-04-22T06:17:18.840+0000][10][gc,age      ] GC(82) - age   2:    1231176 bytes,    3094760 total
[2022-04-22T06:17:18.841+0000][10][gc,age      ] GC(82) - age   3:      34344 bytes,    3129104 total
[2022-04-22T06:17:18.842+0000][10][gc,age      ] GC(82) - age   4:    1024280 bytes,    4153384 total
[2022-04-22T06:17:18.845+0000][10][gc,phases   ] GC(82)   Pre Evacuate Collection Set: 0.1ms
[2022-04-22T06:17:18.846+0000][10][gc,phases   ] GC(82)   Merge Heap Roots: 0.1ms
[2022-04-22T06:17:18.846+0000][10][gc,phases   ] GC(82)   Evacuate Collection Set: 1.6ms
[2022-04-22T06:17:18.847+0000][10][gc,phases   ] GC(82)   Post Evacuate Collection Set: 0.7ms
[2022-04-22T06:17:18.847+0000][10][gc,phases   ] GC(82)   Other: 9.3ms
[2022-04-22T06:17:18.848+0000][10][gc,heap     ] GC(82) Eden regions: 64->0(63)
[2022-04-22T06:17:18.849+0000][10][gc,heap     ] GC(82) Survivor regions: 1->2(9)
[2022-04-22T06:17:18.850+0000][10][gc,heap     ] GC(82) Old regions: 32->32
[2022-04-22T06:17:18.850+0000][10][gc,heap     ] GC(82) Archive regions: 2->2
[2022-04-22T06:17:18.851+0000][10][gc,heap     ] GC(82) Humongous regions: 6->6
[2022-04-22T06:17:18.852+0000][10][gc,metaspace] GC(82) Metaspace: 106556K(108224K)->106556K(108224K) NonClass: 92116K(93120K)->92116K(93120K) Class: 14440K(15104K)->14440K(15104K)
[2022-04-22T06:17:18.853+0000][10][gc          ] GC(82) Pause Young (Normal) (G1 Evacuation Pause) 412M->157M(512M) 19.452ms
[2022-04-22T06:17:18.853+0000][10][gc,cpu      ] GC(82) User=0.01s Sys=0.00s Real=0.02s
[2022-04-22T06:17:18.854+0000][10][safepoint   ] Safepoint "G1CollectForAllocation", Time since last: 2400697293 ns, Reaching safepoint: 100292 ns, At safepoint: 21079833 ns, Total: 21180125 ns
[2022-04-22T06:17:33.885+0000][10][safepoint   ] Safepoint "Cleanup", Time since last: 15029583465 ns, Reaching safepoint: 305584 ns, At safepoint: 5875 ns, Total: 311459 ns
[2022-04-22T06:17:37.886+0000][10][safepoint   ] Safepoint "Cleanup", Time since last: 4001716752 ns, Reaching safepoint: 147208 ns, At safepoint: 3292 ns, Total: 150500 ns
[2022-04-22T06:17:38.888+0000][10][safepoint   ] Safepoint "Cleanup", Time since last: 1001293667 ns, Reaching safepoint: 70166 ns, At safepoint: 2667 ns, Total: 72833 ns
[2022-04-22T06:17:42.162+0000][10][gc,start    ] GC(83) Pause Young (Concurrent Start) (G1 Evacuation Pause)
[2022-04-22T06:17:42.163+0000][10][gc,task     ] GC(83) Using 5 workers of 5 for evacuation
[2022-04-22T06:17:42.164+0000][10][gc,age      ] GC(83) Desired survivor size 18874368 bytes, new threshold 15 (max threshold 15)
[2022-04-22T06:17:42.167+0000][10][gc,age      ] GC(83) Age table with threshold 15 (max threshold 15)
[2022-04-22T06:17:42.168+0000][10][gc,age      ] GC(83) - age   1:     421392 bytes,     421392 total
[2022-04-22T06:17:42.168+0000][10][gc,age      ] GC(83) - age   2:    1825368 bytes,    2246760 total
[2022-04-22T06:17:42.169+0000][10][gc,age      ] GC(83) - age   3:    1231144 bytes,    3477904 total
[2022-04-22T06:17:42.170+0000][10][gc,age      ] GC(83) - age   4:      34344 bytes,    3512248 total
[2022-04-22T06:17:42.171+0000][10][gc,age      ] GC(83) - age   5:    1024032 bytes,    4536280 total
[2022-04-22T06:17:42.172+0000][10][gc,phases   ] GC(83)   Pre Evacuate Collection Set: 0.2ms
[2022-04-22T06:17:42.173+0000][10][gc,phases   ] GC(83)   Merge Heap Roots: 0.1ms
[2022-04-22T06:17:42.173+0000][10][gc,phases   ] GC(83)   Evacuate Collection Set: 1.5ms
[2022-04-22T06:17:42.174+0000][10][gc,phases   ] GC(83)   Post Evacuate Collection Set: 0.7ms
[2022-04-22T06:17:42.175+0000][10][gc,phases   ] GC(83)   Other: 7.5ms
[2022-04-22T06:17:42.176+0000][10][gc,heap     ] GC(83) Eden regions: 63->0(64)
[2022-04-22T06:17:42.177+0000][10][gc,heap     ] GC(83) Survivor regions: 2->2(9)
[2022-04-22T06:17:42.178+0000][10][gc,heap     ] GC(83) Old regions: 32->32
[2022-04-22T06:17:42.178+0000][10][gc,heap     ] GC(83) Archive regions: 2->2
[2022-04-22T06:17:42.180+0000][10][gc,heap     ] GC(83) Humongous regions: 6->6
[2022-04-22T06:17:42.180+0000][10][gc,metaspace] GC(83) Metaspace: 106566K(108224K)->106566K(108224K) NonClass: 92126K(93120K)->92126K(93120K) Class: 14440K(15104K)->14440K(15104K)
[2022-04-22T06:17:42.181+0000][10][gc          ] GC(83) Pause Young (Concurrent Start) (G1 Evacuation Pause) 409M->158M(512M) 19.136ms
[2022-04-22T06:17:42.182+0000][10][gc,cpu      ] GC(83) User=0.00s Sys=0.00s Real=0.02s
[2022-04-22T06:17:42.183+0000][10][safepoint   ] Safepoint "G1CollectForAllocation", Time since last: 3274045543 ns, Reaching safepoint: 69250 ns, At safepoint: 21133042 ns, Total: 21202292 ns
[2022-04-22T06:17:42.183+0000][10][gc          ] GC(84) Concurrent Mark Cycle
[2022-04-22T06:17:42.185+0000][10][gc,marking  ] GC(84) Concurrent Clear Claimed Marks
[2022-04-22T06:17:42.193+0000][10][gc,marking  ] GC(84) Concurrent Clear Claimed Marks 8.666ms
[2022-04-22T06:17:42.194+0000][10][gc,marking  ] GC(84) Concurrent Scan Root Regions
[2022-04-22T06:17:42.197+0000][10][gc,marking  ] GC(84) Concurrent Scan Root Regions 3.065ms
[2022-04-22T06:17:42.200+0000][10][gc,marking  ] GC(84) Concurrent Mark
[2022-04-22T06:17:42.201+0000][10][gc,marking  ] GC(84) Concurrent Mark From Roots
[2022-04-22T06:17:42.202+0000][10][gc,task     ] GC(84) Using 1 workers of 1 for marking
[2022-04-22T06:17:42.272+0000][10][gc,marking  ] GC(84) Concurrent Mark From Roots 70.732ms
[2022-04-22T06:17:42.273+0000][10][gc,marking  ] GC(84) Concurrent Preclean
[2022-04-22T06:17:42.274+0000][10][gc,marking  ] GC(84) Concurrent Preclean 1.339ms
[2022-04-22T06:17:42.276+0000][10][gc,start    ] GC(84) Pause Remark
[2022-04-22T06:17:42.282+0000][10][gc          ] GC(84) Pause Remark 159M->159M(512M) 6.319ms
[2022-04-22T06:17:42.283+0000][10][gc,cpu      ] GC(84) User=0.02s Sys=0.00s Real=0.01s
[2022-04-22T06:17:42.283+0000][10][safepoint   ] Safepoint "G1Concurrent", Time since last: 92321542 ns, Reaching safepoint: 91250 ns, At safepoint: 7985333 ns, Total: 8076583 ns
[2022-04-22T06:17:42.284+0000][10][gc,marking  ] GC(84) Concurrent Mark 83.774ms
[2022-04-22T06:17:42.285+0000][10][gc,marking  ] GC(84) Concurrent Rebuild Remembered Sets
[2022-04-22T06:17:42.328+0000][10][gc,marking  ] GC(84) Concurrent Rebuild Remembered Sets 42.982ms
[2022-04-22T06:17:42.330+0000][10][gc,start    ] GC(84) Pause Cleanup
[2022-04-22T06:17:42.331+0000][10][gc          ] GC(84) Pause Cleanup 159M->159M(512M) 0.979ms
[2022-04-22T06:17:42.332+0000][10][gc,cpu      ] GC(84) User=0.00s Sys=0.00s Real=0.00s
[2022-04-22T06:17:42.332+0000][10][safepoint   ] Safepoint "G1Concurrent", Time since last: 45825625 ns, Reaching safepoint: 565708 ns, At safepoint: 2572917 ns, Total: 3138625 ns
[2022-04-22T06:17:42.333+0000][10][gc,marking  ] GC(84) Concurrent Cleanup for Next Mark
[2022-04-22T06:17:42.334+0000][10][gc,marking  ] GC(84) Concurrent Cleanup for Next Mark 1.594ms
[2022-04-22T06:17:42.337+0000][10][gc          ] GC(84) Concurrent Mark Cycle 153.428ms
[2022-04-22T06:17:43.336+0000][10][safepoint   ] Safepoint "Cleanup", Time since last: 1003421167 ns, Reaching safepoint: 137709 ns, At safepoint: 9166 ns, Total: 146875 ns
[2022-04-22T06:17:46.340+0000][10][safepoint   ] Safepoint "Cleanup", Time since last: 3003918168 ns, Reaching safepoint: 179584 ns, At safepoint: 4333 ns, Total: 183917 ns
[2022-04-22T06:18:34.444+0000][10][safepoint   ] Safepoint "Cleanup", Time since last: 48103094646 ns, Reaching safepoint: 131625 ns, At safepoint: 11334 ns, Total: 142959 ns
[2022-04-22T06:18:39.457+0000][10][safepoint   ] Safepoint "Cleanup", Time since last: 5012619335 ns, Reaching safepoint: 139959 ns, At safepoint: 9375 ns, Total: 149334 ns
[2022-04-22T06:19:09.461+0000][10][safepoint   ] Safepoint "Cleanup", Time since last: 30069746805 ns, Reaching safepoint: 125708 ns, At safepoint: 2792 ns, Total: 128500 ns
[2022-04-22T06:19:39.500+0000][10][safepoint   ] Safepoint "Cleanup", Time since last: 30039396097 ns, Reaching safepoint: 92041 ns, At safepoint: 9625 ns, Total: 101666 ns
[2022-04-22T06:21:08.687+0000][10][safepoint   ] Safepoint "Cleanup", Time since last: 89186964708 ns, Reaching safepoint: 157125 ns, At safepoint: 16209 ns, Total: 173334 ns
[2022-04-22T06:21:09.690+0000][10][safepoint   ] Safepoint "Cleanup", Time since last: 1002805084 ns, Reaching safepoint: 228333 ns, At safepoint: 15833 ns, Total: 244166 ns
[2022-04-22T06:22:08.864+0000][10][safepoint   ] Safepoint "Cleanup", Time since last: 59174492736 ns, Reaching safepoint: 60708 ns, At safepoint: 4417 ns, Total: 65125 ns
[2022-04-22T06:22:11.876+0000][10][safepoint   ] Safepoint "Cleanup", Time since last: 3012044876 ns, Reaching safepoint: 180959 ns, At safepoint: 8291 ns, Total: 189250 ns
[2022-04-22T06:22:21.901+0000][10][safepoint   ] Safepoint "Cleanup", Time since last: 10025106213 ns, Reaching safepoint: 169959 ns, At safepoint: 4958 ns, Total: 174917 ns
[2022-04-22T06:22:35.938+0000][10][safepoint   ] Safepoint "Cleanup", Time since last: 14037011423 ns, Reaching safepoint: 152875 ns, At safepoint: 3625 ns, Total: 156500 ns
[2022-04-22T06:22:38.943+0000][10][safepoint   ] Safepoint "Cleanup", Time since last: 3004942959 ns, Reaching safepoint: 58042 ns, At safepoint: 3333 ns, Total: 61375 ns
[2022-04-22T06:23:39.104+0000][10][safepoint   ] Safepoint "Cleanup", Time since last: 60161142153 ns, Reaching safepoint: 119875 ns, At safepoint: 4292 ns, Total: 124167 ns
[2022-04-22T06:24:09.197+0000][10][safepoint   ] Safepoint "Cleanup", Time since last: 30093123346 ns, Reaching safepoint: 124917 ns, At safepoint: 4375 ns, Total: 129292 ns
[2022-04-22T06:24:39.275+0000][10][safepoint   ] Safepoint "Cleanup", Time since last: 30078013430 ns, Reaching safepoint: 51625 ns, At safepoint: 2209 ns, Total: 53834 ns
[2022-04-22T06:25:39.470+0000][10][safepoint   ] Safepoint "Cleanup", Time since last: 60195388985 ns, Reaching safepoint: 84292 ns, At safepoint: 9208 ns, Total: 93500 ns
[2022-04-22T06:26:09.512+0000][10][safepoint   ] Safepoint "Cleanup", Time since last: 30042499514 ns, Reaching safepoint: 105958 ns, At safepoint: 4459 ns, Total: 110417 ns
[2022-04-22T06:26:39.581+0000][10][safepoint   ] Safepoint "Cleanup", Time since last: 30069005805 ns, Reaching safepoint: 177625 ns, At safepoint: 3291 ns, Total: 180916 ns
[2022-04-22T06:26:45.592+0000][10][safepoint   ] Safepoint "Cleanup", Time since last: 6010795712 ns, Reaching safepoint: 259791 ns, At safepoint: 11250 ns, Total: 271041 ns
[2022-04-22T06:26:48.603+0000][10][safepoint   ] Safepoint "Cleanup", Time since last: 3010997210 ns, Reaching safepoint: 65167 ns, At safepoint: 2791 ns, Total: 67958 ns
[2022-04-22T06:27:02.645+0000][10][safepoint   ] Safepoint "Cleanup", Time since last: 14040854548 ns, Reaching safepoint: 514625 ns, At safepoint: 5666 ns, Total: 520291 ns
[2022-04-22T06:27:02.752+0000][10][gc,start    ] GC(85) Pause Young (Prepare Mixed) (G1 Evacuation Pause)
[2022-04-22T06:27:02.753+0000][10][gc,task     ] GC(85) Using 5 workers of 5 for evacuation
[2022-04-22T06:27:02.754+0000][10][gc,age      ] GC(85) Desired survivor size 18874368 bytes, new threshold 15 (max threshold 15)
[2022-04-22T06:27:02.759+0000][10][gc,age      ] GC(85) Age table with threshold 15 (max threshold 15)
[2022-04-22T06:27:02.761+0000][10][gc,age      ] GC(85) - age   1:     846128 bytes,     846128 total
[2022-04-22T06:27:02.762+0000][10][gc,age      ] GC(85) - age   2:      84496 bytes,     930624 total
[2022-04-22T06:27:02.763+0000][10][gc,age      ] GC(85) - age   3:     169320 bytes,    1099944 total
[2022-04-22T06:27:02.764+0000][10][gc,age      ] GC(85) - age   4:     442056 bytes,    1542000 total
[2022-04-22T06:27:02.765+0000][10][gc,age      ] GC(85) - age   5:       1560 bytes,    1543560 total
[2022-04-22T06:27:02.765+0000][10][gc,age      ] GC(85) - age   6:     113640 bytes,    1657200 total
[2022-04-22T06:27:02.766+0000][10][gc,phases   ] GC(85)   Pre Evacuate Collection Set: 0.2ms
[2022-04-22T06:27:02.767+0000][10][gc,phases   ] GC(85)   Merge Heap Roots: 0.1ms
[2022-04-22T06:27:02.768+0000][10][gc,phases   ] GC(85)   Evacuate Collection Set: 3.0ms
[2022-04-22T06:27:02.770+0000][10][gc,phases   ] GC(85)   Post Evacuate Collection Set: 0.8ms
[2022-04-22T06:27:02.770+0000][10][gc,phases   ] GC(85)   Other: 10.5ms
[2022-04-22T06:27:02.771+0000][10][gc,heap     ] GC(85) Eden regions: 64->0(5)
[2022-04-22T06:27:02.772+0000][10][gc,heap     ] GC(85) Survivor regions: 2->1(9)
[2022-04-22T06:27:02.772+0000][10][gc,heap     ] GC(85) Old regions: 32->32
[2022-04-22T06:27:02.773+0000][10][gc,heap     ] GC(85) Archive regions: 2->2
[2022-04-22T06:27:02.774+0000][10][gc,heap     ] GC(85) Humongous regions: 6->6
[2022-04-22T06:27:02.775+0000][10][gc,metaspace] GC(85) Metaspace: 106774K(108416K)->106774K(108416K) NonClass: 92329K(93312K)->92329K(93312K) Class: 14444K(15104K)->14444K(15104K)
[2022-04-22T06:27:02.776+0000][10][gc          ] GC(85) Pause Young (Prepare Mixed) (G1 Evacuation Pause) 414M->155M(512M) 24.529ms
[2022-04-22T06:27:02.777+0000][10][gc,cpu      ] GC(85) User=0.03s Sys=0.00s Real=0.03s
[2022-04-22T06:27:02.778+0000][10][safepoint   ] Safepoint "G1CollectForAllocation", Time since last: 107125626 ns, Reaching safepoint: 55250 ns, At safepoint: 26448041 ns, Total: 26503291 ns
[2022-04-22T06:27:03.780+0000][10][safepoint   ] Safepoint "Cleanup", Time since last: 1001984834 ns, Reaching safepoint: 65333 ns, At safepoint: 2959 ns, Total: 68292 ns
[2022-04-22T06:27:09.184+0000][10][gc,start    ] GC(86) Pause Young (Mixed) (G1 Evacuation Pause)
[2022-04-22T06:27:09.185+0000][10][gc,task     ] GC(86) Using 5 workers of 5 for evacuation
[2022-04-22T06:27:09.186+0000][10][gc,age      ] GC(86) Desired survivor size 2097152 bytes, new threshold 15 (max threshold 15)
[2022-04-22T06:27:09.189+0000][10][gc,age      ] GC(86) Age table with threshold 15 (max threshold 15)
[2022-04-22T06:27:09.190+0000][10][gc,age      ] GC(86) - age   1:     796584 bytes,     796584 total
[2022-04-22T06:27:09.191+0000][10][gc,age      ] GC(86) - age   2:     626800 bytes,    1423384 total
[2022-04-22T06:27:09.192+0000][10][gc,age      ] GC(86) - age   3:      75808 bytes,    1499192 total
[2022-04-22T06:27:09.194+0000][10][gc,age      ] GC(86) - age   4:     169320 bytes,    1668512 total
[2022-04-22T06:27:09.195+0000][10][gc,age      ] GC(86) - age   5:     442056 bytes,    2110568 total
[2022-04-22T06:27:09.196+0000][10][gc,age      ] GC(86) - age   6:       1560 bytes,    2112128 total
[2022-04-22T06:27:09.196+0000][10][gc,age      ] GC(86) - age   7:     113640 bytes,    2225768 total
[2022-04-22T06:27:09.197+0000][10][gc,phases   ] GC(86)   Pre Evacuate Collection Set: 0.1ms
[2022-04-22T06:27:09.197+0000][10][gc,phases   ] GC(86)   Merge Heap Roots: 0.1ms
[2022-04-22T06:27:09.198+0000][10][gc,phases   ] GC(86)   Evacuate Collection Set: 1.9ms
[2022-04-22T06:27:09.199+0000][10][gc,phases   ] GC(86)   Post Evacuate Collection Set: 0.7ms
[2022-04-22T06:27:09.199+0000][10][gc,phases   ] GC(86)   Other: 10.1ms
[2022-04-22T06:27:09.200+0000][10][gc,heap     ] GC(86) Eden regions: 5->0(67)
[2022-04-22T06:27:09.200+0000][10][gc,heap     ] GC(86) Survivor regions: 1->1(1)
[2022-04-22T06:27:09.201+0000][10][gc,heap     ] GC(86) Old regions: 32->30
[2022-04-22T06:27:09.202+0000][10][gc,heap     ] GC(86) Archive regions: 2->2
[2022-04-22T06:27:09.203+0000][10][gc,heap     ] GC(86) Humongous regions: 6->6
[2022-04-22T06:27:09.203+0000][10][gc,metaspace] GC(86) Metaspace: 106783K(108416K)->106783K(108416K) NonClass: 92338K(93312K)->92338K(93312K) Class: 14444K(15104K)->14444K(15104K)
[2022-04-22T06:27:09.204+0000][10][gc          ] GC(86) Pause Young (Mixed) (G1 Evacuation Pause) 175M->148M(512M) 19.789ms
[2022-04-22T06:27:09.205+0000][10][gc,cpu      ] GC(86) User=0.00s Sys=0.00s Real=0.02s
[2022-04-22T06:27:09.207+0000][10][safepoint   ] Safepoint "G1CollectForAllocation", Time since last: 5403616086 ns, Reaching safepoint: 183125 ns, At safepoint: 23024791 ns, Total: 23207916 ns
[2022-04-22T06:27:10.209+0000][10][safepoint   ] Safepoint "Cleanup", Time since last: 1001479917 ns, Reaching safepoint: 74959 ns, At safepoint: 8375 ns, Total: 83334 ns
[2022-04-22T06:27:13.211+0000][10][safepoint   ] Safepoint "Cleanup", Time since last: 3002259710 ns, Reaching safepoint: 314875 ns, At safepoint: 3916 ns, Total: 318791 ns
[2022-04-22T06:27:15.388+0000][10][gc,start    ] GC(87) Pause Young (Normal) (G1 Evacuation Pause)
[2022-04-22T06:27:15.388+0000][10][gc,task     ] GC(87) Using 5 workers of 5 for evacuation
[2022-04-22T06:27:15.389+0000][10][gc,age      ] GC(87) Desired survivor size 18874368 bytes, new threshold 15 (max threshold 15)
[2022-04-22T06:27:15.394+0000][10][gc,age      ] GC(87) Age table with threshold 15 (max threshold 15)
[2022-04-22T06:27:15.395+0000][10][gc,age      ] GC(87) - age   1:    2538960 bytes,    2538960 total
[2022-04-22T06:27:15.396+0000][10][gc,age      ] GC(87) - age   2:     128672 bytes,    2667632 total
[2022-04-22T06:27:15.397+0000][10][gc,age      ] GC(87) - age   3:     622808 bytes,    3290440 total
[2022-04-22T06:27:15.398+0000][10][gc,age      ] GC(87) - age   4:      75808 bytes,    3366248 total
[2022-04-22T06:27:15.399+0000][10][gc,age      ] GC(87) - age   5:     169320 bytes,    3535568 total
[2022-04-22T06:27:15.400+0000][10][gc,age      ] GC(87) - age   6:     442056 bytes,    3977624 total
[2022-04-22T06:27:15.401+0000][10][gc,age      ] GC(87) - age   7:       1560 bytes,    3979184 total
[2022-04-22T06:27:15.402+0000][10][gc,age      ] GC(87) - age   8:     113640 bytes,    4092824 total
[2022-04-22T06:27:15.403+0000][10][gc,phases   ] GC(87)   Pre Evacuate Collection Set: 0.3ms
[2022-04-22T06:27:15.405+0000][10][gc,phases   ] GC(87)   Merge Heap Roots: 0.2ms
[2022-04-22T06:27:15.406+0000][10][gc,phases   ] GC(87)   Evacuate Collection Set: 3.2ms
[2022-04-22T06:27:15.407+0000][10][gc,phases   ] GC(87)   Post Evacuate Collection Set: 0.9ms
[2022-04-22T06:27:15.409+0000][10][gc,phases   ] GC(87)   Other: 11.1ms
[2022-04-22T06:27:15.410+0000][10][gc,heap     ] GC(87) Eden regions: 67->0(67)
[2022-04-22T06:27:15.411+0000][10][gc,heap     ] GC(87) Survivor regions: 1->1(9)
[2022-04-22T06:27:15.412+0000][10][gc,heap     ] GC(87) Old regions: 30->30
[2022-04-22T06:27:15.412+0000][10][gc,heap     ] GC(87) Archive regions: 2->2
[2022-04-22T06:27:15.413+0000][10][gc,heap     ] GC(87) Humongous regions: 6->6
[2022-04-22T06:27:15.414+0000][10][gc,metaspace] GC(87) Metaspace: 106815K(108480K)->106815K(108480K) NonClass: 92371K(93376K)->92371K(93376K) Class: 14444K(15104K)->14444K(15104K)
[2022-04-22T06:27:15.414+0000][10][gc          ] GC(87) Pause Young (Normal) (G1 Evacuation Pause) 416M->149M(512M) 26.652ms
[2022-04-22T06:27:15.416+0000][10][gc,cpu      ] GC(87) User=0.00s Sys=0.01s Real=0.02s
[2022-04-22T06:27:15.417+0000][10][safepoint   ] Safepoint "G1CollectForAllocation", Time since last: 2176283001 ns, Reaching safepoint: 79042 ns, At safepoint: 29220042 ns, Total: 29299084 ns
[2022-04-22T06:27:16.418+0000][10][safepoint   ] Safepoint "Cleanup", Time since last: 1000996542 ns, Reaching safepoint: 48833 ns, At safepoint: 13833 ns, Total: 62666 ns
[2022-04-22T06:27:17.419+0000][10][safepoint   ] Safepoint "Cleanup", Time since last: 1001469126 ns, Reaching safepoint: 195708 ns, At safepoint: 3500 ns, Total: 199208 ns
[2022-04-22T06:27:18.421+0000][10][safepoint   ] Safepoint "Cleanup", Time since last: 1000968667 ns, Reaching safepoint: 538459 ns, At safepoint: 18250 ns, Total: 556709 ns
[2022-04-22T06:27:19.424+0000][10][safepoint   ] Safepoint "Cleanup", Time since last: 1003423417 ns, Reaching safepoint: 46833 ns, At safepoint: 2792 ns, Total: 49625 ns
[2022-04-22T06:27:20.059+0000][10][gc,start    ] GC(88) Pause Young (Normal) (G1 Evacuation Pause)
[2022-04-22T06:27:20.060+0000][10][gc,task     ] GC(88) Using 5 workers of 5 for evacuation
[2022-04-22T06:27:20.061+0000][10][gc,age      ] GC(88) Desired survivor size 18874368 bytes, new threshold 15 (max threshold 15)
[2022-04-22T06:27:20.065+0000][10][gc,age      ] GC(88) Age table with threshold 15 (max threshold 15)
[2022-04-22T06:27:20.066+0000][10][gc,age      ] GC(88) - age   1:    2422848 bytes,    2422848 total
[2022-04-22T06:27:20.067+0000][10][gc,age      ] GC(88) - age   2:     857824 bytes,    3280672 total
[2022-04-22T06:27:20.067+0000][10][gc,age      ] GC(88) - age   3:     122768 bytes,    3403440 total
[2022-04-22T06:27:20.068+0000][10][gc,age      ] GC(88) - age   4:     622712 bytes,    4026152 total
[2022-04-22T06:27:20.069+0000][10][gc,age      ] GC(88) - age   5:      75808 bytes,    4101960 total
[2022-04-22T06:27:20.069+0000][10][gc,age      ] GC(88) - age   6:     169320 bytes,    4271280 total
[2022-04-22T06:27:20.070+0000][10][gc,age      ] GC(88) - age   7:     442056 bytes,    4713336 total
[2022-04-22T06:27:20.071+0000][10][gc,age      ] GC(88) - age   8:       1560 bytes,    4714896 total
[2022-04-22T06:27:20.071+0000][10][gc,age      ] GC(88) - age   9:     113640 bytes,    4828536 total
[2022-04-22T06:27:20.072+0000][10][gc,phases   ] GC(88)   Pre Evacuate Collection Set: 0.1ms
[2022-04-22T06:27:20.072+0000][10][gc,phases   ] GC(88)   Merge Heap Roots: 0.3ms
[2022-04-22T06:27:20.073+0000][10][gc,phases   ] GC(88)   Evacuate Collection Set: 2.5ms
[2022-04-22T06:27:20.074+0000][10][gc,phases   ] GC(88)   Post Evacuate Collection Set: 0.6ms
[2022-04-22T06:27:20.074+0000][10][gc,phases   ] GC(88)   Other: 9.7ms
[2022-04-22T06:27:20.075+0000][10][gc,heap     ] GC(88) Eden regions: 67->0(66)
[2022-04-22T06:27:20.075+0000][10][gc,heap     ] GC(88) Survivor regions: 1->2(9)
[2022-04-22T06:27:20.076+0000][10][gc,heap     ] GC(88) Old regions: 30->30
[2022-04-22T06:27:20.077+0000][10][gc,heap     ] GC(88) Archive regions: 2->2
[2022-04-22T06:27:20.077+0000][10][gc,heap     ] GC(88) Humongous regions: 6->6
[2022-04-22T06:27:20.078+0000][10][gc,metaspace] GC(88) Metaspace: 106841K(108480K)->106841K(108480K) NonClass: 92396K(93376K)->92396K(93376K) Class: 14444K(15104K)->14444K(15104K)
[2022-04-22T06:27:20.078+0000][10][gc          ] GC(88) Pause Young (Normal) (G1 Evacuation Pause) 417M->150M(512M) 19.584ms
[2022-04-22T06:27:20.079+0000][10][gc,cpu      ] GC(88) User=0.01s Sys=0.00s Real=0.02s
[2022-04-22T06:27:20.080+0000][10][safepoint   ] Safepoint "G1CollectForAllocation", Time since last: 634189708 ns, Reaching safepoint: 65750 ns, At safepoint: 20806959 ns, Total: 20872709 ns
[2022-04-22T06:27:21.081+0000][10][safepoint   ] Safepoint "Cleanup", Time since last: 1000751917 ns, Reaching safepoint: 264250 ns, At safepoint: 8625 ns, Total: 272875 ns
[2022-04-22T06:27:22.082+0000][10][safepoint   ] Safepoint "Cleanup", Time since last: 1001126417 ns, Reaching safepoint: 52917 ns, At safepoint: 2791 ns, Total: 55708 ns
[2022-04-22T06:27:23.084+0000][10][safepoint   ] Safepoint "Cleanup", Time since last: 1001776043 ns, Reaching safepoint: 57708 ns, At safepoint: 9500 ns, Total: 67208 ns
[2022-04-22T06:27:24.085+0000][10][safepoint   ] Safepoint "Cleanup", Time since last: 1001142709 ns, Reaching safepoint: 202083 ns, At safepoint: 5083 ns, Total: 207166 ns
[2022-04-22T06:27:24.553+0000][10][gc,start    ] GC(89) Pause Young (Normal) (G1 Evacuation Pause)
[2022-04-22T06:27:24.554+0000][10][gc,task     ] GC(89) Using 5 workers of 5 for evacuation
[2022-04-22T06:27:24.554+0000][10][gc,age      ] GC(89) Desired survivor size 18874368 bytes, new threshold 15 (max threshold 15)
[2022-04-22T06:27:24.559+0000][10][gc,age      ] GC(89) Age table with threshold 15 (max threshold 15)
[2022-04-22T06:27:24.560+0000][10][gc,age      ] GC(89) - age   1:    2752768 bytes,    2752768 total
[2022-04-22T06:27:24.561+0000][10][gc,age      ] GC(89) - age   2:     701136 bytes,    3453904 total
[2022-04-22T06:27:24.562+0000][10][gc,age      ] GC(89) - age   3:     805456 bytes,    4259360 total
[2022-04-22T06:27:24.562+0000][10][gc,age      ] GC(89) - age   4:     119584 bytes,    4378944 total
[2022-04-22T06:27:24.563+0000][10][gc,age      ] GC(89) - age   5:     622712 bytes,    5001656 total
[2022-04-22T06:27:24.564+0000][10][gc,age      ] GC(89) - age   6:      75808 bytes,    5077464 total
[2022-04-22T06:27:24.564+0000][10][gc,age      ] GC(89) - age   7:     169320 bytes,    5246784 total
[2022-04-22T06:27:24.564+0000][10][gc,age      ] GC(89) - age   8:     442056 bytes,    5688840 total
[2022-04-22T06:27:24.565+0000][10][gc,age      ] GC(89) - age   9:       1560 bytes,    5690400 total
[2022-04-22T06:27:24.566+0000][10][gc,age      ] GC(89) - age  10:     113640 bytes,    5804040 total
[2022-04-22T06:27:24.567+0000][10][gc,phases   ] GC(89)   Pre Evacuate Collection Set: 0.1ms
[2022-04-22T06:27:24.567+0000][10][gc,phases   ] GC(89)   Merge Heap Roots: 0.0ms
[2022-04-22T06:27:24.568+0000][10][gc,phases   ] GC(89)   Evacuate Collection Set: 2.5ms
[2022-04-22T06:27:24.568+0000][10][gc,phases   ] GC(89)   Post Evacuate Collection Set: 0.7ms
[2022-04-22T06:27:24.569+0000][10][gc,phases   ] GC(89)   Other: 10.6ms
[2022-04-22T06:27:24.569+0000][10][gc,heap     ] GC(89) Eden regions: 66->0(66)
[2022-04-22T06:27:24.570+0000][10][gc,heap     ] GC(89) Survivor regions: 2->2(9)
[2022-04-22T06:27:24.571+0000][10][gc,heap     ] GC(89) Old regions: 30->30
[2022-04-22T06:27:24.571+0000][10][gc,heap     ] GC(89) Archive regions: 2->2
[2022-04-22T06:27:24.572+0000][10][gc,heap     ] GC(89) Humongous regions: 6->6
[2022-04-22T06:27:24.573+0000][10][gc,metaspace] GC(89) Metaspace: 106876K(108480K)->106876K(108480K) NonClass: 92431K(93376K)->92431K(93376K) Class: 14444K(15104K)->14444K(15104K)
[2022-04-22T06:27:24.574+0000][10][gc          ] GC(89) Pause Young (Normal) (G1 Evacuation Pause) 414M->151M(512M) 20.884ms
[2022-04-22T06:27:24.575+0000][10][gc,cpu      ] GC(89) User=0.01s Sys=0.00s Real=0.02s
[2022-04-22T06:27:24.576+0000][10][safepoint   ] Safepoint "G1CollectForAllocation", Time since last: 467699167 ns, Reaching safepoint: 108334 ns, At safepoint: 22837250 ns, Total: 22945584 ns
[2022-04-22T06:27:25.577+0000][10][safepoint   ] Safepoint "Cleanup", Time since last: 1001501042 ns, Reaching safepoint: 82833 ns, At safepoint: 2250 ns, Total: 85083 ns
[2022-04-22T06:27:26.578+0000][10][safepoint   ] Safepoint "Cleanup", Time since last: 1000955959 ns, Reaching safepoint: 58500 ns, At safepoint: 2250 ns, Total: 60750 ns
[2022-04-22T06:27:27.580+0000][10][safepoint   ] Safepoint "Cleanup", Time since last: 1001122625 ns, Reaching safepoint: 230292 ns, At safepoint: 4458 ns, Total: 234750 ns
[2022-04-22T06:27:28.634+0000][10][gc,start    ] GC(90) Pause Young (Normal) (G1 Evacuation Pause)
[2022-04-22T06:27:28.635+0000][10][gc,task     ] GC(90) Using 5 workers of 5 for evacuation
[2022-04-22T06:27:28.636+0000][10][gc,age      ] GC(90) Desired survivor size 18874368 bytes, new threshold 15 (max threshold 15)
[2022-04-22T06:27:28.640+0000][10][gc,age      ] GC(90) Age table with threshold 15 (max threshold 15)
[2022-04-22T06:27:28.641+0000][10][gc,age      ] GC(90) - age   1:    2420280 bytes,    2420280 total
[2022-04-22T06:27:28.643+0000][10][gc,age      ] GC(90) - age   2:     535272 bytes,    2955552 total
[2022-04-22T06:27:28.644+0000][10][gc,age      ] GC(90) - age   3:     509912 bytes,    3465464 total
[2022-04-22T06:27:28.644+0000][10][gc,age      ] GC(90) - age   4:     630136 bytes,    4095600 total
[2022-04-22T06:27:28.645+0000][10][gc,age      ] GC(90) - age   5:     116784 bytes,    4212384 total
[2022-04-22T06:27:28.646+0000][10][gc,age      ] GC(90) - age   6:     622712 bytes,    4835096 total
[2022-04-22T06:27:28.648+0000][10][gc,age      ] GC(90) - age   7:      75808 bytes,    4910904 total
[2022-04-22T06:27:28.650+0000][10][gc,age      ] GC(90) - age   8:     169320 bytes,    5080224 total
[2022-04-22T06:27:28.650+0000][10][gc,age      ] GC(90) - age   9:     442056 bytes,    5522280 total
[2022-04-22T06:27:28.651+0000][10][gc,age      ] GC(90) - age  10:       1560 bytes,    5523840 total
[2022-04-22T06:27:28.652+0000][10][gc,age      ] GC(90) - age  11:     113640 bytes,    5637480 total
[2022-04-22T06:27:28.653+0000][10][gc,phases   ] GC(90)   Pre Evacuate Collection Set: 0.1ms
[2022-04-22T06:27:28.654+0000][10][gc,phases   ] GC(90)   Merge Heap Roots: 0.1ms
[2022-04-22T06:27:28.654+0000][10][gc,phases   ] GC(90)   Evacuate Collection Set: 2.7ms
[2022-04-22T06:27:28.655+0000][10][gc,phases   ] GC(90)   Post Evacuate Collection Set: 1.2ms
[2022-04-22T06:27:28.656+0000][10][gc,phases   ] GC(90)   Other: 14.6ms
[2022-04-22T06:27:28.657+0000][10][gc,heap     ] GC(90) Eden regions: 66->0(65)
[2022-04-22T06:27:28.658+0000][10][gc,heap     ] GC(90) Survivor regions: 2->2(9)
[2022-04-22T06:27:28.658+0000][10][gc,heap     ] GC(90) Old regions: 30->30
[2022-04-22T06:27:28.659+0000][10][gc,heap     ] GC(90) Archive regions: 2->2
[2022-04-22T06:27:28.660+0000][10][gc,heap     ] GC(90) Humongous regions: 6->6
[2022-04-22T06:27:28.660+0000][10][gc,metaspace] GC(90) Metaspace: 106887K(108480K)->106887K(108480K) NonClass: 92442K(93376K)->92442K(93376K) Class: 14444K(15104K)->14444K(15104K)
[2022-04-22T06:27:28.662+0000][10][gc          ] GC(90) Pause Young (Normal) (G1 Evacuation Pause) 415M->151M(512M) 27.782ms
[2022-04-22T06:27:28.663+0000][10][gc,cpu      ] GC(90) User=0.01s Sys=0.00s Real=0.03s
[2022-04-22T06:27:28.664+0000][10][safepoint   ] Safepoint "G1CollectForAllocation", Time since last: 1054979708 ns, Reaching safepoint: 157250 ns, At safepoint: 29435667 ns, Total: 29592917 ns
[2022-04-22T06:27:30.665+0000][10][safepoint   ] Safepoint "Cleanup", Time since last: 2001304376 ns, Reaching safepoint: 353875 ns, At safepoint: 8875 ns, Total: 362750 ns
[2022-04-22T06:27:32.667+0000][10][safepoint   ] Safepoint "Cleanup", Time since last: 2001845167 ns, Reaching safepoint: 404125 ns, At safepoint: 5125 ns, Total: 409250 ns
[2022-04-22T06:27:34.176+0000][10][gc,start    ] GC(91) Pause Young (Normal) (G1 Evacuation Pause)
[2022-04-22T06:27:34.177+0000][10][gc,task     ] GC(91) Using 5 workers of 5 for evacuation
[2022-04-22T06:27:34.178+0000][10][gc,age      ] GC(91) Desired survivor size 18874368 bytes, new threshold 15 (max threshold 15)
[2022-04-22T06:27:34.182+0000][10][gc,age      ] GC(91) Age table with threshold 15 (max threshold 15)
[2022-04-22T06:27:34.182+0000][10][gc,age      ] GC(91) - age   1:    2725024 bytes,    2725024 total
[2022-04-22T06:27:34.184+0000][10][gc,age      ] GC(91) - age   2:     482176 bytes,    3207200 total
[2022-04-22T06:27:34.185+0000][10][gc,age      ] GC(91) - age   3:     486072 bytes,    3693272 total
[2022-04-22T06:27:34.185+0000][10][gc,age      ] GC(91) - age   4:     479200 bytes,    4172472 total
[2022-04-22T06:27:34.186+0000][10][gc,age      ] GC(91) - age   5:     605872 bytes,    4778344 total
[2022-04-22T06:27:34.187+0000][10][gc,age      ] GC(91) - age   6:     112984 bytes,    4891328 total
[2022-04-22T06:27:34.187+0000][10][gc,age      ] GC(91) - age   7:     621880 bytes,    5513208 total
[2022-04-22T06:27:34.188+0000][10][gc,age      ] GC(91) - age   8:      75808 bytes,    5589016 total
[2022-04-22T06:27:34.189+0000][10][gc,age      ] GC(91) - age   9:     169320 bytes,    5758336 total
[2022-04-22T06:27:34.190+0000][10][gc,age      ] GC(91) - age  10:     442056 bytes,    6200392 total
[2022-04-22T06:27:34.191+0000][10][gc,age      ] GC(91) - age  11:       1560 bytes,    6201952 total
[2022-04-22T06:27:34.192+0000][10][gc,age      ] GC(91) - age  12:     113640 bytes,    6315592 total
[2022-04-22T06:27:34.192+0000][10][gc,phases   ] GC(91)   Pre Evacuate Collection Set: 0.1ms
[2022-04-22T06:27:34.193+0000][10][gc,phases   ] GC(91)   Merge Heap Roots: 0.0ms
[2022-04-22T06:27:34.194+0000][10][gc,phases   ] GC(91)   Evacuate Collection Set: 1.9ms
[2022-04-22T06:27:34.195+0000][10][gc,phases   ] GC(91)   Post Evacuate Collection Set: 0.7ms
[2022-04-22T06:27:34.196+0000][10][gc,phases   ] GC(91)   Other: 13.3ms
[2022-04-22T06:27:34.196+0000][10][gc,heap     ] GC(91) Eden regions: 65->0(65)
[2022-04-22T06:27:34.197+0000][10][gc,heap     ] GC(91) Survivor regions: 2->2(9)
[2022-04-22T06:27:34.198+0000][10][gc,heap     ] GC(91) Old regions: 30->30
[2022-04-22T06:27:34.199+0000][10][gc,heap     ] GC(91) Archive regions: 2->2
[2022-04-22T06:27:34.200+0000][10][gc,heap     ] GC(91) Humongous regions: 6->6
[2022-04-22T06:27:34.201+0000][10][gc,metaspace] GC(91) Metaspace: 106891K(108480K)->106891K(108480K) NonClass: 92446K(93376K)->92446K(93376K) Class: 14444K(15104K)->14444K(15104K)
[2022-04-22T06:27:34.201+0000][10][gc          ] GC(91) Pause Young (Normal) (G1 Evacuation Pause) 411M->152M(512M) 24.991ms
[2022-04-22T06:27:34.202+0000][10][gc,cpu      ] GC(91) User=0.01s Sys=0.01s Real=0.02s
[2022-04-22T06:27:34.203+0000][10][safepoint   ] Safepoint "G1CollectForAllocation", Time since last: 1508746001 ns, Reaching safepoint: 77750 ns, At safepoint: 26970042 ns, Total: 27047792 ns
[2022-04-22T06:27:35.204+0000][10][safepoint   ] Safepoint "Cleanup", Time since last: 1001158000 ns, Reaching safepoint: 48292 ns, At safepoint: 3833 ns, Total: 52125 ns
[2022-04-22T06:27:39.346+0000][10][gc,start    ] GC(92) Pause Young (Normal) (G1 Evacuation Pause)
[2022-04-22T06:27:39.347+0000][10][gc,task     ] GC(92) Using 5 workers of 5 for evacuation
[2022-04-22T06:27:39.348+0000][10][gc,age      ] GC(92) Desired survivor size 18874368 bytes, new threshold 15 (max threshold 15)
[2022-04-22T06:27:39.353+0000][10][gc,age      ] GC(92) Age table with threshold 15 (max threshold 15)
[2022-04-22T06:27:39.354+0000][10][gc,age      ] GC(92) - age   1:    2965952 bytes,    2965952 total
[2022-04-22T06:27:39.355+0000][10][gc,age      ] GC(92) - age   2:    1938744 bytes,    4904696 total
[2022-04-22T06:27:39.356+0000][10][gc,age      ] GC(92) - age   3:     462944 bytes,    5367640 total
[2022-04-22T06:27:39.357+0000][10][gc,age      ] GC(92) - age   4:     448480 bytes,    5816120 total
[2022-04-22T06:27:39.358+0000][10][gc,age      ] GC(92) - age   5:     443912 bytes,    6260032 total
[2022-04-22T06:27:39.359+0000][10][gc,age      ] GC(92) - age   6:     583680 bytes,    6843712 total
[2022-04-22T06:27:39.360+0000][10][gc,age      ] GC(92) - age   7:     110248 bytes,    6953960 total
[2022-04-22T06:27:39.361+0000][10][gc,age      ] GC(92) - age   8:     621616 bytes,    7575576 total
[2022-04-22T06:27:39.362+0000][10][gc,age      ] GC(92) - age   9:      75808 bytes,    7651384 total
[2022-04-22T06:27:39.363+0000][10][gc,age      ] GC(92) - age  10:     169320 bytes,    7820704 total
[2022-04-22T06:27:39.365+0000][10][gc,age      ] GC(92) - age  11:     442056 bytes,    8262760 total
[2022-04-22T06:27:39.366+0000][10][gc,age      ] GC(92) - age  12:       1560 bytes,    8264320 total
[2022-04-22T06:27:39.366+0000][10][gc,age      ] GC(92) - age  13:     113640 bytes,    8377960 total
[2022-04-22T06:27:39.368+0000][10][gc,phases   ] GC(92)   Pre Evacuate Collection Set: 0.3ms
[2022-04-22T06:27:39.368+0000][10][gc,phases   ] GC(92)   Merge Heap Roots: 0.0ms
[2022-04-22T06:27:39.369+0000][10][gc,phases   ] GC(92)   Evacuate Collection Set: 2.8ms
[2022-04-22T06:27:39.370+0000][10][gc,phases   ] GC(92)   Post Evacuate Collection Set: 0.9ms
[2022-04-22T06:27:39.372+0000][10][gc,phases   ] GC(92)   Other: 17.6ms
[2022-04-22T06:27:39.373+0000][10][gc,heap     ] GC(92) Eden regions: 65->0(64)
[2022-04-22T06:27:39.374+0000][10][gc,heap     ] GC(92) Survivor regions: 2->3(9)
[2022-04-22T06:27:39.375+0000][10][gc,heap     ] GC(92) Old regions: 30->30
[2022-04-22T06:27:39.376+0000][10][gc,heap     ] GC(92) Archive regions: 2->2
[2022-04-22T06:27:39.377+0000][10][gc,heap     ] GC(92) Humongous regions: 6->6
[2022-04-22T06:27:39.378+0000][10][gc,metaspace] GC(92) Metaspace: 106894K(108480K)->106894K(108480K) NonClass: 92449K(93376K)->92449K(93376K) Class: 14444K(15104K)->14444K(15104K)
[2022-04-22T06:27:39.379+0000][10][gc          ] GC(92) Pause Young (Normal) (G1 Evacuation Pause) 412M->154M(512M) 33.281ms
[2022-04-22T06:27:39.380+0000][10][gc,cpu      ] GC(92) User=0.01s Sys=0.01s Real=0.04s
[2022-04-22T06:27:39.382+0000][10][safepoint   ] Safepoint "G1CollectForAllocation", Time since last: 4141107669 ns, Reaching safepoint: 420042 ns, At safepoint: 35754875 ns, Total: 36174917 ns
[2022-04-22T06:27:44.589+0000][10][gc,start    ] GC(93) Pause Young (Normal) (G1 Evacuation Pause)
[2022-04-22T06:27:44.591+0000][10][gc,task     ] GC(93) Using 5 workers of 5 for evacuation
[2022-04-22T06:27:44.591+0000][10][gc,age      ] GC(93) Desired survivor size 18874368 bytes, new threshold 15 (max threshold 15)
[2022-04-22T06:27:44.596+0000][10][gc,age      ] GC(93) Age table with threshold 15 (max threshold 15)
[2022-04-22T06:27:44.597+0000][10][gc,age      ] GC(93) - age   1:    2309472 bytes,    2309472 total
[2022-04-22T06:27:44.597+0000][10][gc,age      ] GC(93) - age   2:    2004592 bytes,    4314064 total
[2022-04-22T06:27:44.598+0000][10][gc,age      ] GC(93) - age   3:    1900960 bytes,    6215024 total
[2022-04-22T06:27:44.599+0000][10][gc,age      ] GC(93) - age   4:     445192 bytes,    6660216 total
[2022-04-22T06:27:44.599+0000][10][gc,age      ] GC(93) - age   5:     430672 bytes,    7090888 total
[2022-04-22T06:27:44.600+0000][10][gc,age      ] GC(93) - age   6:     433088 bytes,    7523976 total
[2022-04-22T06:27:44.601+0000][10][gc,age      ] GC(93) - age   7:     568000 bytes,    8091976 total
[2022-04-22T06:27:44.601+0000][10][gc,age      ] GC(93) - age   8:     109576 bytes,    8201552 total
[2022-04-22T06:27:44.602+0000][10][gc,age      ] GC(93) - age   9:     621616 bytes,    8823168 total
[2022-04-22T06:27:44.603+0000][10][gc,age      ] GC(93) - age  10:      75808 bytes,    8898976 total
[2022-04-22T06:27:44.604+0000][10][gc,age      ] GC(93) - age  11:     169320 bytes,    9068296 total
[2022-04-22T06:27:44.605+0000][10][gc,age      ] GC(93) - age  12:     442056 bytes,    9510352 total
[2022-04-22T06:27:44.606+0000][10][gc,age      ] GC(93) - age  13:       1560 bytes,    9511912 total
[2022-04-22T06:27:44.607+0000][10][gc,age      ] GC(93) - age  14:     113640 bytes,    9625552 total
[2022-04-22T06:27:44.607+0000][10][gc,phases   ] GC(93)   Pre Evacuate Collection Set: 0.1ms
[2022-04-22T06:27:44.608+0000][10][gc,phases   ] GC(93)   Merge Heap Roots: 0.0ms
[2022-04-22T06:27:44.609+0000][10][gc,phases   ] GC(93)   Evacuate Collection Set: 3.0ms
[2022-04-22T06:27:44.609+0000][10][gc,phases   ] GC(93)   Post Evacuate Collection Set: 0.6ms
[2022-04-22T06:27:44.610+0000][10][gc,phases   ] GC(93)   Other: 14.4ms
[2022-04-22T06:27:44.611+0000][10][gc,heap     ] GC(93) Eden regions: 64->0(64)
[2022-04-22T06:27:44.612+0000][10][gc,heap     ] GC(93) Survivor regions: 3->3(9)
[2022-04-22T06:27:44.613+0000][10][gc,heap     ] GC(93) Old regions: 30->30
[2022-04-22T06:27:44.614+0000][10][gc,heap     ] GC(93) Archive regions: 2->2
[2022-04-22T06:27:44.614+0000][10][gc,heap     ] GC(93) Humongous regions: 6->6
[2022-04-22T06:27:44.615+0000][10][gc,metaspace] GC(93) Metaspace: 106895K(108480K)->106895K(108480K) NonClass: 92450K(93376K)->92450K(93376K) Class: 14444K(15104K)->14444K(15104K)
[2022-04-22T06:27:44.616+0000][10][gc          ] GC(93) Pause Young (Normal) (G1 Evacuation Pause) 410M->155M(512M) 26.587ms
[2022-04-22T06:27:44.617+0000][10][gc,cpu      ] GC(93) User=0.01s Sys=0.01s Real=0.03s
[2022-04-22T06:27:44.617+0000][10][safepoint   ] Safepoint "G1CollectForAllocation", Time since last: 5207233086 ns, Reaching safepoint: 194916 ns, At safepoint: 28235750 ns, Total: 28430666 ns
[2022-04-22T06:27:49.112+0000][10][gc,start    ] GC(94) Pause Young (Normal) (G1 Evacuation Pause)
[2022-04-22T06:27:49.113+0000][10][gc,task     ] GC(94) Using 5 workers of 5 for evacuation
[2022-04-22T06:27:49.114+0000][10][gc,age      ] GC(94) Desired survivor size 18874368 bytes, new threshold 15 (max threshold 15)
[2022-04-22T06:27:49.120+0000][10][gc,age      ] GC(94) Age table with threshold 15 (max threshold 15)
[2022-04-22T06:27:49.121+0000][10][gc,age      ] GC(94) - age   1:    3168496 bytes,    3168496 total
[2022-04-22T06:27:49.122+0000][10][gc,age      ] GC(94) - age   2:    1171968 bytes,    4340464 total
[2022-04-22T06:27:49.123+0000][10][gc,age      ] GC(94) - age   3:    1680280 bytes,    6020744 total
[2022-04-22T06:27:49.124+0000][10][gc,age      ] GC(94) - age   4:    1867912 bytes,    7888656 total
[2022-04-22T06:27:49.125+0000][10][gc,age      ] GC(94) - age   5:     439480 bytes,    8328136 total
[2022-04-22T06:27:49.125+0000][10][gc,age      ] GC(94) - age   6:     413984 bytes,    8742120 total
[2022-04-22T06:27:49.126+0000][10][gc,age      ] GC(94) - age   7:     417016 bytes,    9159136 total
[2022-04-22T06:27:49.127+0000][10][gc,age      ] GC(94) - age   8:     555680 bytes,    9714816 total
[2022-04-22T06:27:49.128+0000][10][gc,age      ] GC(94) - age   9:     105208 bytes,    9820024 total
[2022-04-22T06:27:49.128+0000][10][gc,age      ] GC(94) - age  10:     621616 bytes,   10441640 total
[2022-04-22T06:27:49.129+0000][10][gc,age      ] GC(94) - age  11:      75808 bytes,   10517448 total
[2022-04-22T06:27:49.129+0000][10][gc,age      ] GC(94) - age  12:     169320 bytes,   10686768 total
[2022-04-22T06:27:49.130+0000][10][gc,age      ] GC(94) - age  13:     442056 bytes,   11128824 total
[2022-04-22T06:27:49.131+0000][10][gc,age      ] GC(94) - age  14:       1560 bytes,   11130384 total
[2022-04-22T06:27:49.131+0000][10][gc,age      ] GC(94) - age  15:     113640 bytes,   11244024 total
[2022-04-22T06:27:49.133+0000][10][gc,phases   ] GC(94)   Pre Evacuate Collection Set: 0.1ms
[2022-04-22T06:27:49.134+0000][10][gc,phases   ] GC(94)   Merge Heap Roots: 0.0ms
[2022-04-22T06:27:49.135+0000][10][gc,phases   ] GC(94)   Evacuate Collection Set: 3.4ms
[2022-04-22T06:27:49.136+0000][10][gc,phases   ] GC(94)   Post Evacuate Collection Set: 1.5ms
[2022-04-22T06:27:49.137+0000][10][gc,phases   ] GC(94)   Other: 16.2ms
[2022-04-22T06:27:49.137+0000][10][gc,heap     ] GC(94) Eden regions: 64->0(64)
[2022-04-22T06:27:49.138+0000][10][gc,heap     ] GC(94) Survivor regions: 3->3(9)
[2022-04-22T06:27:49.139+0000][10][gc,heap     ] GC(94) Old regions: 30->30
[2022-04-22T06:27:49.140+0000][10][gc,heap     ] GC(94) Archive regions: 2->2
[2022-04-22T06:27:49.141+0000][10][gc,heap     ] GC(94) Humongous regions: 6->6
[2022-04-22T06:27:49.142+0000][10][gc,metaspace] GC(94) Metaspace: 106895K(108480K)->106895K(108480K) NonClass: 92450K(93376K)->92450K(93376K) Class: 14444K(15104K)->14444K(15104K)
[2022-04-22T06:27:49.143+0000][10][gc          ] GC(94) Pause Young (Normal) (G1 Evacuation Pause) 411M->157M(512M) 31.358ms
[2022-04-22T06:27:49.144+0000][10][gc,cpu      ] GC(94) User=0.01s Sys=0.00s Real=0.03s
[2022-04-22T06:27:49.145+0000][10][safepoint   ] Safepoint "G1CollectForAllocation", Time since last: 4493802294 ns, Reaching safepoint: 557250 ns, At safepoint: 33267250 ns, Total: 33824500 ns
[2022-04-22T06:27:53.147+0000][10][safepoint   ] Safepoint "Cleanup", Time since last: 4001370752 ns, Reaching safepoint: 97875 ns, At safepoint: 14042 ns, Total: 111917 ns
[2022-04-22T06:27:53.828+0000][10][gc,start    ] GC(95) Pause Young (Normal) (G1 Evacuation Pause)
[2022-04-22T06:27:53.830+0000][10][gc,task     ] GC(95) Using 5 workers of 5 for evacuation
[2022-04-22T06:27:53.830+0000][10][gc,age      ] GC(95) Desired survivor size 18874368 bytes, new threshold 15 (max threshold 15)
[2022-04-22T06:27:53.835+0000][10][gc,age      ] GC(95) Age table with threshold 15 (max threshold 15)
[2022-04-22T06:27:53.836+0000][10][gc,age      ] GC(95) - age   1:    3180664 bytes,    3180664 total
[2022-04-22T06:27:53.837+0000][10][gc,age      ] GC(95) - age   2:    1780536 bytes,    4961200 total
[2022-04-22T06:27:53.838+0000][10][gc,age      ] GC(95) - age   3:    1131160 bytes,    6092360 total
[2022-04-22T06:27:53.839+0000][10][gc,age      ] GC(95) - age   4:    1579168 bytes,    7671528 total
[2022-04-22T06:27:53.839+0000][10][gc,age      ] GC(95) - age   5:    1846744 bytes,    9518272 total
[2022-04-22T06:27:53.840+0000][10][gc,age      ] GC(95) - age   6:     431136 bytes,    9949408 total
[2022-04-22T06:27:53.841+0000][10][gc,age      ] GC(95) - age   7:     406200 bytes,   10355608 total
[2022-04-22T06:27:53.843+0000][10][gc,age      ] GC(95) - age   8:     406168 bytes,   10761776 total
[2022-04-22T06:27:53.844+0000][10][gc,age      ] GC(95) - age   9:     552152 bytes,   11313928 total
[2022-04-22T06:27:53.845+0000][10][gc,age      ] GC(95) - age  10:     101680 bytes,   11415608 total
[2022-04-22T06:27:53.845+0000][10][gc,age      ] GC(95) - age  11:     621584 bytes,   12037192 total
[2022-04-22T06:27:53.846+0000][10][gc,age      ] GC(95) - age  12:      75808 bytes,   12113000 total
[2022-04-22T06:27:53.847+0000][10][gc,age      ] GC(95) - age  13:     169320 bytes,   12282320 total
[2022-04-22T06:27:53.847+0000][10][gc,age      ] GC(95) - age  14:     442056 bytes,   12724376 total
[2022-04-22T06:27:53.848+0000][10][gc,age      ] GC(95) - age  15:       1560 bytes,   12725936 total
[2022-04-22T06:27:53.848+0000][10][gc,phases   ] GC(95)   Pre Evacuate Collection Set: 0.0ms
[2022-04-22T06:27:53.849+0000][10][gc,phases   ] GC(95)   Merge Heap Roots: 0.0ms
[2022-04-22T06:27:53.849+0000][10][gc,phases   ] GC(95)   Evacuate Collection Set: 2.9ms
[2022-04-22T06:27:53.850+0000][10][gc,phases   ] GC(95)   Post Evacuate Collection Set: 1.1ms
[2022-04-22T06:27:53.850+0000][10][gc,phases   ] GC(95)   Other: 15.8ms
[2022-04-22T06:27:53.851+0000][10][gc,heap     ] GC(95) Eden regions: 64->0(62)
[2022-04-22T06:27:53.852+0000][10][gc,heap     ] GC(95) Survivor regions: 3->4(9)
[2022-04-22T06:27:53.853+0000][10][gc,heap     ] GC(95) Old regions: 30->30
[2022-04-22T06:27:53.854+0000][10][gc,heap     ] GC(95) Archive regions: 2->2
[2022-04-22T06:27:53.854+0000][10][gc,heap     ] GC(95) Humongous regions: 6->6
[2022-04-22T06:27:53.855+0000][10][gc,metaspace] GC(95) Metaspace: 106895K(108480K)->106895K(108480K) NonClass: 92450K(93376K)->92450K(93376K) Class: 14444K(15104K)->14444K(15104K)
[2022-04-22T06:27:53.856+0000][10][gc          ] GC(95) Pause Young (Normal) (G1 Evacuation Pause) 413M->158M(512M) 27.430ms
[2022-04-22T06:27:53.856+0000][10][gc,cpu      ] GC(95) User=0.01s Sys=0.00s Real=0.02s
[2022-04-22T06:27:53.857+0000][10][safepoint   ] Safepoint "G1CollectForAllocation", Time since last: 681640750 ns, Reaching safepoint: 99208 ns, At safepoint: 28623834 ns, Total: 28723042 ns
[2022-04-22T06:27:58.161+0000][10][gc,start    ] GC(96) Pause Young (Normal) (G1 Evacuation Pause)
[2022-04-22T06:27:58.162+0000][10][gc,task     ] GC(96) Using 5 workers of 5 for evacuation
[2022-04-22T06:27:58.163+0000][10][gc,age      ] GC(96) Desired survivor size 18874368 bytes, new threshold 15 (max threshold 15)
[2022-04-22T06:27:58.167+0000][10][gc,age      ] GC(96) Age table with threshold 15 (max threshold 15)
[2022-04-22T06:27:58.168+0000][10][gc,age      ] GC(96) - age   1:    1620192 bytes,    1620192 total
[2022-04-22T06:27:58.169+0000][10][gc,age      ] GC(96) - age   2:    2588528 bytes,    4208720 total
[2022-04-22T06:27:58.170+0000][10][gc,age      ] GC(96) - age   3:    1764776 bytes,    5973496 total
[2022-04-22T06:27:58.170+0000][10][gc,age      ] GC(96) - age   4:    1119040 bytes,    7092536 total
[2022-04-22T06:27:58.171+0000][10][gc,age      ] GC(96) - age   5:    1563376 bytes,    8655912 total
[2022-04-22T06:27:58.171+0000][10][gc,age      ] GC(96) - age   6:    1832136 bytes,   10488048 total
[2022-04-22T06:27:58.172+0000][10][gc,age      ] GC(96) - age   7:     428888 bytes,   10916936 total
[2022-04-22T06:27:58.172+0000][10][gc,age      ] GC(96) - age   8:     401440 bytes,   11318376 total
[2022-04-22T06:27:58.173+0000][10][gc,age      ] GC(96) - age   9:     401840 bytes,   11720216 total
[2022-04-22T06:27:58.174+0000][10][gc,age      ] GC(96) - age  10:     548960 bytes,   12269176 total
[2022-04-22T06:27:58.175+0000][10][gc,age      ] GC(96) - age  11:     101680 bytes,   12370856 total
[2022-04-22T06:27:58.175+0000][10][gc,age      ] GC(96) - age  12:     621584 bytes,   12992440 total
[2022-04-22T06:27:58.176+0000][10][gc,age      ] GC(96) - age  13:      75808 bytes,   13068248 total
[2022-04-22T06:27:58.176+0000][10][gc,age      ] GC(96) - age  14:     169320 bytes,   13237568 total
[2022-04-22T06:27:58.177+0000][10][gc,age      ] GC(96) - age  15:     442056 bytes,   13679624 total
[2022-04-22T06:27:58.177+0000][10][gc,phases   ] GC(96)   Pre Evacuate Collection Set: 0.2ms
[2022-04-22T06:27:58.178+0000][10][gc,phases   ] GC(96)   Merge Heap Roots: 0.1ms
[2022-04-22T06:27:58.179+0000][10][gc,phases   ] GC(96)   Evacuate Collection Set: 2.2ms
[2022-04-22T06:27:58.179+0000][10][gc,phases   ] GC(96)   Post Evacuate Collection Set: 0.9ms
[2022-04-22T06:27:58.180+0000][10][gc,phases   ] GC(96)   Other: 12.8ms
[2022-04-22T06:27:58.180+0000][10][gc,heap     ] GC(96) Eden regions: 62->0(62)
[2022-04-22T06:27:58.181+0000][10][gc,heap     ] GC(96) Survivor regions: 4->4(9)
[2022-04-22T06:27:58.182+0000][10][gc,heap     ] GC(96) Old regions: 30->30
[2022-04-22T06:27:58.182+0000][10][gc,heap     ] GC(96) Archive regions: 2->2
[2022-04-22T06:27:58.182+0000][10][gc,heap     ] GC(96) Humongous regions: 6->6
[2022-04-22T06:27:58.183+0000][10][gc,metaspace] GC(96) Metaspace: 106897K(108480K)->106897K(108480K) NonClass: 92452K(93376K)->92452K(93376K) Class: 14444K(15104K)->14444K(15104K)
[2022-04-22T06:27:58.183+0000][10][gc          ] GC(96) Pause Young (Normal) (G1 Evacuation Pause) 406M->159M(512M) 22.438ms
[2022-04-22T06:27:58.184+0000][10][gc,cpu      ] GC(96) User=0.01s Sys=0.00s Real=0.02s
[2022-04-22T06:27:58.185+0000][10][safepoint   ] Safepoint "G1CollectForAllocation", Time since last: 4303970793 ns, Reaching safepoint: 129250 ns, At safepoint: 23565959 ns, Total: 23695209 ns
[2022-04-22T06:28:01.186+0000][10][safepoint   ] Safepoint "Cleanup", Time since last: 3001403125 ns, Reaching safepoint: 121125 ns, At safepoint: 4042 ns, Total: 125167 ns
[2022-04-22T06:28:01.895+0000][10][gc,start    ] GC(97) Pause Young (Normal) (G1 Evacuation Pause)
[2022-04-22T06:28:01.896+0000][10][gc,task     ] GC(97) Using 5 workers of 5 for evacuation
[2022-04-22T06:28:01.897+0000][10][gc,age      ] GC(97) Desired survivor size 18874368 bytes, new threshold 15 (max threshold 15)
[2022-04-22T06:28:01.901+0000][10][gc,age      ] GC(97) Age table with threshold 15 (max threshold 15)
[2022-04-22T06:28:01.902+0000][10][gc,age      ] GC(97) - age   1:    3188096 bytes,    3188096 total
[2022-04-22T06:28:01.903+0000][10][gc,age      ] GC(97) - age   2:    1056328 bytes,    4244424 total
[2022-04-22T06:28:01.904+0000][10][gc,age      ] GC(97) - age   3:    1371512 bytes,    5615936 total
[2022-04-22T06:28:01.904+0000][10][gc,age      ] GC(97) - age   4:    1731048 bytes,    7346984 total
[2022-04-22T06:28:01.905+0000][10][gc,age      ] GC(97) - age   5:    1092424 bytes,    8439408 total
[2022-04-22T06:28:01.906+0000][10][gc,age      ] GC(97) - age   6:    1522896 bytes,    9962304 total
[2022-04-22T06:28:01.907+0000][10][gc,age      ] GC(97) - age   7:    1807432 bytes,   11769736 total
[2022-04-22T06:28:01.907+0000][10][gc,age      ] GC(97) - age   8:     423176 bytes,   12192912 total
[2022-04-22T06:28:01.908+0000][10][gc,age      ] GC(97) - age   9:     392648 bytes,   12585560 total
[2022-04-22T06:28:01.908+0000][10][gc,age      ] GC(97) - age  10:     397640 bytes,   12983200 total
[2022-04-22T06:28:01.909+0000][10][gc,age      ] GC(97) - age  11:     542912 bytes,   13526112 total
[2022-04-22T06:28:01.910+0000][10][gc,age      ] GC(97) - age  12:     101680 bytes,   13627792 total
[2022-04-22T06:28:01.911+0000][10][gc,age      ] GC(97) - age  13:     621584 bytes,   14249376 total
[2022-04-22T06:28:01.911+0000][10][gc,age      ] GC(97) - age  14:      75808 bytes,   14325184 total
[2022-04-22T06:28:01.912+0000][10][gc,age      ] GC(97) - age  15:     169320 bytes,   14494504 total
[2022-04-22T06:28:01.912+0000][10][gc,phases   ] GC(97)   Pre Evacuate Collection Set: 0.1ms
[2022-04-22T06:28:01.913+0000][10][gc,phases   ] GC(97)   Merge Heap Roots: 0.0ms
[2022-04-22T06:28:01.913+0000][10][gc,phases   ] GC(97)   Evacuate Collection Set: 2.9ms
[2022-04-22T06:28:01.914+0000][10][gc,phases   ] GC(97)   Post Evacuate Collection Set: 0.6ms
[2022-04-22T06:28:01.915+0000][10][gc,phases   ] GC(97)   Other: 13.7ms
[2022-04-22T06:28:01.916+0000][10][gc,heap     ] GC(97) Eden regions: 62->0(62)
[2022-04-22T06:28:01.916+0000][10][gc,heap     ] GC(97) Survivor regions: 4->4(9)
[2022-04-22T06:28:01.917+0000][10][gc,heap     ] GC(97) Old regions: 30->30
[2022-04-22T06:28:01.917+0000][10][gc,heap     ] GC(97) Archive regions: 2->2
[2022-04-22T06:28:01.918+0000][10][gc,heap     ] GC(97) Humongous regions: 6->6
[2022-04-22T06:28:01.919+0000][10][gc,metaspace] GC(97) Metaspace: 106898K(108480K)->106898K(108480K) NonClass: 92453K(93376K)->92453K(93376K) Class: 14444K(15104K)->14444K(15104K)
[2022-04-22T06:28:01.919+0000][10][gc          ] GC(97) Pause Young (Normal) (G1 Evacuation Pause) 407M->160M(512M) 24.396ms
[2022-04-22T06:28:01.920+0000][10][gc,cpu      ] GC(97) User=0.01s Sys=0.00s Real=0.03s
[2022-04-22T06:28:01.921+0000][10][safepoint   ] Safepoint "G1CollectForAllocation", Time since last: 708573709 ns, Reaching safepoint: 119708 ns, At safepoint: 25861125 ns, Total: 25980833 ns
[2022-04-22T06:28:02.922+0000][10][safepoint   ] Safepoint "Cleanup", Time since last: 1000811417 ns, Reaching safepoint: 142834 ns, At safepoint: 41291 ns, Total: 184125 ns
[2022-04-22T06:28:05.168+0000][10][gc,start    ] GC(98) Pause Young (Normal) (G1 Evacuation Pause)
[2022-04-22T06:28:05.169+0000][10][gc,task     ] GC(98) Using 5 workers of 5 for evacuation
[2022-04-22T06:28:05.170+0000][10][gc,age      ] GC(98) Desired survivor size 18874368 bytes, new threshold 15 (max threshold 15)
[2022-04-22T06:28:05.175+0000][10][gc,age      ] GC(98) Age table with threshold 15 (max threshold 15)
[2022-04-22T06:28:05.177+0000][10][gc,age      ] GC(98) - age   1:    3242472 bytes,    3242472 total
[2022-04-22T06:28:05.178+0000][10][gc,age      ] GC(98) - age   2:    1326280 bytes,    4568752 total
[2022-04-22T06:28:05.179+0000][10][gc,age      ] GC(98) - age   3:    1004792 bytes,    5573544 total
[2022-04-22T06:28:05.180+0000][10][gc,age      ] GC(98) - age   4:    1333208 bytes,    6906752 total
[2022-04-22T06:28:05.180+0000][10][gc,age      ] GC(98) - age   5:    1703640 bytes,    8610392 total
[2022-04-22T06:28:05.181+0000][10][gc,age      ] GC(98) - age   6:    1077080 bytes,    9687472 total
[2022-04-22T06:28:05.182+0000][10][gc,age      ] GC(98) - age   7:    1488064 bytes,   11175536 total
[2022-04-22T06:28:05.182+0000][10][gc,age      ] GC(98) - age   8:    1776000 bytes,   12951536 total
[2022-04-22T06:28:05.182+0000][10][gc,age      ] GC(98) - age   9:     417408 bytes,   13368944 total
[2022-04-22T06:28:05.183+0000][10][gc,age      ] GC(98) - age  10:     384864 bytes,   13753808 total
[2022-04-22T06:28:05.184+0000][10][gc,age      ] GC(98) - age  11:     393776 bytes,   14147584 total
[2022-04-22T06:28:05.184+0000][10][gc,age      ] GC(98) - age  12:     534512 bytes,   14682096 total
[2022-04-22T06:28:05.185+0000][10][gc,age      ] GC(98) - age  13:     101232 bytes,   14783328 total
[2022-04-22T06:28:05.185+0000][10][gc,age      ] GC(98) - age  14:     621584 bytes,   15404912 total
[2022-04-22T06:28:05.186+0000][10][gc,age      ] GC(98) - age  15:      75808 bytes,   15480720 total
[2022-04-22T06:28:05.187+0000][10][gc,phases   ] GC(98)   Pre Evacuate Collection Set: 0.1ms
[2022-04-22T06:28:05.188+0000][10][gc,phases   ] GC(98)   Merge Heap Roots: 0.0ms
[2022-04-22T06:28:05.189+0000][10][gc,phases   ] GC(98)   Evacuate Collection Set: 3.7ms
[2022-04-22T06:28:05.189+0000][10][gc,phases   ] GC(98)   Post Evacuate Collection Set: 0.8ms
[2022-04-22T06:28:05.190+0000][10][gc,phases   ] GC(98)   Other: 14.2ms
[2022-04-22T06:28:05.191+0000][10][gc,heap     ] GC(98) Eden regions: 62->0(62)
[2022-04-22T06:28:05.191+0000][10][gc,heap     ] GC(98) Survivor regions: 4->4(9)
[2022-04-22T06:28:05.192+0000][10][gc,heap     ] GC(98) Old regions: 30->30
[2022-04-22T06:28:05.192+0000][10][gc,heap     ] GC(98) Archive regions: 2->2
[2022-04-22T06:28:05.193+0000][10][gc,heap     ] GC(98) Humongous regions: 6->6
[2022-04-22T06:28:05.194+0000][10][gc,metaspace] GC(98) Metaspace: 106898K(108480K)->106898K(108480K) NonClass: 92453K(93376K)->92453K(93376K) Class: 14444K(15104K)->14444K(15104K)
[2022-04-22T06:28:05.195+0000][10][gc          ] GC(98) Pause Young (Normal) (G1 Evacuation Pause) 408M->162M(512M) 26.739ms
[2022-04-22T06:28:05.195+0000][10][gc,cpu      ] GC(98) User=0.01s Sys=0.00s Real=0.02s
[2022-04-22T06:28:05.196+0000][10][safepoint   ] Safepoint "G1CollectForAllocation", Time since last: 2246353543 ns, Reaching safepoint: 45750 ns, At safepoint: 28022083 ns, Total: 28067833 ns
[2022-04-22T06:28:07.661+0000][10][gc,start    ] GC(99) Pause Young (Normal) (G1 Evacuation Pause)
[2022-04-22T06:28:07.662+0000][10][gc,task     ] GC(99) Using 5 workers of 5 for evacuation
[2022-04-22T06:28:07.663+0000][10][gc,age      ] GC(99) Desired survivor size 18874368 bytes, new threshold 15 (max threshold 15)
[2022-04-22T06:28:07.667+0000][10][gc,age      ] GC(99) Age table with threshold 15 (max threshold 15)
[2022-04-22T06:28:07.669+0000][10][gc,age      ] GC(99) - age   1:    2874912 bytes,    2874912 total
[2022-04-22T06:28:07.669+0000][10][gc,age      ] GC(99) - age   2:    1696800 bytes,    4571712 total
[2022-04-22T06:28:07.670+0000][10][gc,age      ] GC(99) - age   3:    1234976 bytes,    5806688 total
[2022-04-22T06:28:07.671+0000][10][gc,age      ] GC(99) - age   4:     988144 bytes,    6794832 total
[2022-04-22T06:28:07.671+0000][10][gc,age      ] GC(99) - age   5:    1319208 bytes,    8114040 total
[2022-04-22T06:28:07.672+0000][10][gc,age      ] GC(99) - age   6:    1693448 bytes,    9807488 total
[2022-04-22T06:28:07.673+0000][10][gc,age      ] GC(99) - age   7:    1067784 bytes,   10875272 total
[2022-04-22T06:28:07.673+0000][10][gc,age      ] GC(99) - age   8:    1476808 bytes,   12352080 total
[2022-04-22T06:28:07.674+0000][10][gc,age      ] GC(99) - age   9:    1767600 bytes,   14119680 total
[2022-04-22T06:28:07.675+0000][10][gc,age      ] GC(99) - age  10:     411880 bytes,   14531560 total
[2022-04-22T06:28:07.675+0000][10][gc,age      ] GC(99) - age  11:     379656 bytes,   14911216 total
[2022-04-22T06:28:07.676+0000][10][gc,age      ] GC(99) - age  12:     392600 bytes,   15303816 total
[2022-04-22T06:28:07.676+0000][10][gc,age      ] GC(99) - age  13:     531320 bytes,   15835136 total
[2022-04-22T06:28:07.677+0000][10][gc,age      ] GC(99) - age  14:     100488 bytes,   15935624 total
[2022-04-22T06:28:07.678+0000][10][gc,age      ] GC(99) - age  15:     621400 bytes,   16557024 total
[2022-04-22T06:28:07.678+0000][10][gc,phases   ] GC(99)   Pre Evacuate Collection Set: 0.1ms
[2022-04-22T06:28:07.679+0000][10][gc,phases   ] GC(99)   Merge Heap Roots: 0.1ms
[2022-04-22T06:28:07.679+0000][10][gc,phases   ] GC(99)   Evacuate Collection Set: 2.6ms
[2022-04-22T06:28:07.680+0000][10][gc,phases   ] GC(99)   Post Evacuate Collection Set: 0.7ms
[2022-04-22T06:28:07.680+0000][10][gc,phases   ] GC(99)   Other: 13.1ms
[2022-04-22T06:28:07.681+0000][10][gc,heap     ] GC(99) Eden regions: 62->0(60)
[2022-04-22T06:28:07.681+0000][10][gc,heap     ] GC(99) Survivor regions: 4->5(9)
[2022-04-22T06:28:07.682+0000][10][gc,heap     ] GC(99) Old regions: 30->30
[2022-04-22T06:28:07.682+0000][10][gc,heap     ] GC(99) Archive regions: 2->2
[2022-04-22T06:28:07.683+0000][10][gc,heap     ] GC(99) Humongous regions: 6->6
[2022-04-22T06:28:07.684+0000][10][gc,metaspace] GC(99) Metaspace: 106899K(108480K)->106899K(108480K) NonClass: 92454K(93376K)->92454K(93376K) Class: 14444K(15104K)->14444K(15104K)
[2022-04-22T06:28:07.684+0000][10][gc          ] GC(99) Pause Young (Normal) (G1 Evacuation Pause) 410M->163M(512M) 22.624ms
[2022-04-22T06:28:07.685+0000][10][gc,cpu      ] GC(99) User=0.01s Sys=0.00s Real=0.02s
[2022-04-22T06:28:07.686+0000][10][safepoint   ] Safepoint "G1CollectForAllocation", Time since last: 2465173793 ns, Reaching safepoint: 160250 ns, At safepoint: 24332334 ns, Total: 24492584 ns
[2022-04-22T06:28:09.687+0000][10][safepoint   ] Safepoint "Cleanup", Time since last: 2001257417 ns, Reaching safepoint: 135917 ns, At safepoint: 103042 ns, Total: 238959 ns
[2022-04-22T06:28:10.021+0000][10][gc,start    ] GC(100) Pause Young (Normal) (G1 Evacuation Pause)
[2022-04-22T06:28:10.021+0000][10][gc,task     ] GC(100) Using 5 workers of 5 for evacuation
[2022-04-22T06:28:10.022+0000][10][gc,age      ] GC(100) Desired survivor size 18874368 bytes, new threshold 15 (max threshold 15)
[2022-04-22T06:28:10.026+0000][10][gc,age      ] GC(100) Age table with threshold 15 (max threshold 15)
[2022-04-22T06:28:10.027+0000][10][gc,age      ] GC(100) - age   1:    3698928 bytes,    3698928 total
[2022-04-22T06:28:10.028+0000][10][gc,age      ] GC(100) - age   2:    1175232 bytes,    4874160 total
[2022-04-22T06:28:10.029+0000][10][gc,age      ] GC(100) - age   3:    1153400 bytes,    6027560 total
[2022-04-22T06:28:10.029+0000][10][gc,age      ] GC(100) - age   4:    1217536 bytes,    7245096 total
[2022-04-22T06:28:10.030+0000][10][gc,age      ] GC(100) - age   5:     979928 bytes,    8225024 total
[2022-04-22T06:28:10.031+0000][10][gc,age      ] GC(100) - age   6:    1311816 bytes,    9536840 total
[2022-04-22T06:28:10.031+0000][10][gc,age      ] GC(100) - age   7:    1686896 bytes,   11223736 total
[2022-04-22T06:28:10.032+0000][10][gc,age      ] GC(100) - age   8:    1060672 bytes,   12284408 total
[2022-04-22T06:28:10.032+0000][10][gc,age      ] GC(100) - age   9:    1463552 bytes,   13747960 total
[2022-04-22T06:28:10.033+0000][10][gc,age      ] GC(100) - age  10:    1676048 bytes,   15424008 total
[2022-04-22T06:28:10.034+0000][10][gc,age      ] GC(100) - age  11:     406504 bytes,   15830512 total
[2022-04-22T06:28:10.034+0000][10][gc,age      ] GC(100) - age  12:     373496 bytes,   16204008 total
[2022-04-22T06:28:10.035+0000][10][gc,age      ] GC(100) - age  13:     390416 bytes,   16594424 total
[2022-04-22T06:28:10.035+0000][10][gc,age      ] GC(100) - age  14:     525944 bytes,   17120368 total
[2022-04-22T06:28:10.036+0000][10][gc,age      ] GC(100) - age  15:     100400 bytes,   17220768 total
[2022-04-22T06:28:10.037+0000][10][gc,phases   ] GC(100)   Pre Evacuate Collection Set: 0.1ms
[2022-04-22T06:28:10.037+0000][10][gc,phases   ] GC(100)   Merge Heap Roots: 0.1ms
[2022-04-22T06:28:10.038+0000][10][gc,phases   ] GC(100)   Evacuate Collection Set: 2.2ms
[2022-04-22T06:28:10.038+0000][10][gc,phases   ] GC(100)   Post Evacuate Collection Set: 0.9ms
[2022-04-22T06:28:10.039+0000][10][gc,phases   ] GC(100)   Other: 12.9ms
[2022-04-22T06:28:10.039+0000][10][gc,heap     ] GC(100) Eden regions: 60->0(60)
[2022-04-22T06:28:10.040+0000][10][gc,heap     ] GC(100) Survivor regions: 5->5(9)
[2022-04-22T06:28:10.040+0000][10][gc,heap     ] GC(100) Old regions: 30->30
[2022-04-22T06:28:10.041+0000][10][gc,heap     ] GC(100) Archive regions: 2->2
[2022-04-22T06:28:10.041+0000][10][gc,heap     ] GC(100) Humongous regions: 6->6
[2022-04-22T06:28:10.042+0000][10][gc,metaspace] GC(100) Metaspace: 106900K(108480K)->106900K(108480K) NonClass: 92455K(93376K)->92455K(93376K) Class: 14444K(15104K)->14444K(15104K)
[2022-04-22T06:28:10.043+0000][10][gc          ] GC(100) Pause Young (Normal) (G1 Evacuation Pause) 403M->164M(512M) 21.886ms
[2022-04-22T06:28:10.043+0000][10][gc,cpu      ] GC(100) User=0.01s Sys=0.00s Real=0.02s
[2022-04-22T06:28:10.044+0000][10][safepoint   ] Safepoint "G1CollectForAllocation", Time since last: 333276333 ns, Reaching safepoint: 40958 ns, At safepoint: 23203542 ns, Total: 23244500 ns
[2022-04-22T06:28:12.637+0000][10][gc,start    ] GC(101) Pause Young (Normal) (G1 Evacuation Pause)
[2022-04-22T06:28:12.638+0000][10][gc,task     ] GC(101) Using 5 workers of 5 for evacuation
[2022-04-22T06:28:12.639+0000][10][gc,age      ] GC(101) Desired survivor size 18874368 bytes, new threshold 15 (max threshold 15)
[2022-04-22T06:28:12.644+0000][10][gc,age      ] GC(101) Age table with threshold 15 (max threshold 15)
[2022-04-22T06:28:12.645+0000][10][gc,age      ] GC(101) - age   1:    1210488 bytes,    1210488 total
[2022-04-22T06:28:12.646+0000][10][gc,age      ] GC(101) - age   2:    3657432 bytes,    4867920 total
[2022-04-22T06:28:12.647+0000][10][gc,age      ] GC(101) - age   3:    1088656 bytes,    5956576 total
[2022-04-22T06:28:12.648+0000][10][gc,age      ] GC(101) - age   4:    1135088 bytes,    7091664 total
[2022-04-22T06:28:12.649+0000][10][gc,age      ] GC(101) - age   5:    1197432 bytes,    8289096 total
[2022-04-22T06:28:12.650+0000][10][gc,age      ] GC(101) - age   6:     973432 bytes,    9262528 total
[2022-04-22T06:28:12.650+0000][10][gc,age      ] GC(101) - age   7:    1271864 bytes,   10534392 total
[2022-04-22T06:28:12.651+0000][10][gc,age      ] GC(101) - age   8:    1683200 bytes,   12217592 total
[2022-04-22T06:28:12.651+0000][10][gc,age      ] GC(101) - age   9:    1057872 bytes,   13275464 total
[2022-04-22T06:28:12.652+0000][10][gc,age      ] GC(101) - age  10:    1453248 bytes,   14728712 total
[2022-04-22T06:28:12.653+0000][10][gc,age      ] GC(101) - age  11:    1673360 bytes,   16402072 total
[2022-04-22T06:28:12.653+0000][10][gc,age      ] GC(101) - age  12:     400512 bytes,   16802584 total
[2022-04-22T06:28:12.654+0000][10][gc,age      ] GC(101) - age  13:     369408 bytes,   17171992 total
[2022-04-22T06:28:12.654+0000][10][gc,age      ] GC(101) - age  14:     388232 bytes,   17560224 total
[2022-04-22T06:28:12.656+0000][10][gc,age      ] GC(101) - age  15:     515696 bytes,   18075920 total
[2022-04-22T06:28:12.657+0000][10][gc,phases   ] GC(101)   Pre Evacuate Collection Set: 0.1ms
[2022-04-22T06:28:12.657+0000][10][gc,phases   ] GC(101)   Merge Heap Roots: 0.2ms
[2022-04-22T06:28:12.658+0000][10][gc,phases   ] GC(101)   Evacuate Collection Set: 2.8ms
[2022-04-22T06:28:12.659+0000][10][gc,phases   ] GC(101)   Post Evacuate Collection Set: 0.8ms
[2022-04-22T06:28:12.660+0000][10][gc,phases   ] GC(101)   Other: 16.1ms
[2022-04-22T06:28:12.661+0000][10][gc,heap     ] GC(101) Eden regions: 60->0(60)
[2022-04-22T06:28:12.662+0000][10][gc,heap     ] GC(101) Survivor regions: 5->5(9)
[2022-04-22T06:28:12.662+0000][10][gc,heap     ] GC(101) Old regions: 30->30
[2022-04-22T06:28:12.663+0000][10][gc,heap     ] GC(101) Archive regions: 2->2
[2022-04-22T06:28:12.664+0000][10][gc,heap     ] GC(101) Humongous regions: 6->6
[2022-04-22T06:28:12.665+0000][10][gc,metaspace] GC(101) Metaspace: 106900K(108480K)->106900K(108480K) NonClass: 92455K(93376K)->92455K(93376K) Class: 14444K(15104K)->14444K(15104K)
[2022-04-22T06:28:12.666+0000][10][gc          ] GC(101) Pause Young (Normal) (G1 Evacuation Pause) 404M->165M(512M) 29.026ms
[2022-04-22T06:28:12.666+0000][10][gc,cpu      ] GC(101) User=0.01s Sys=0.01s Real=0.02s
[2022-04-22T06:28:12.667+0000][10][safepoint   ] Safepoint "G1CollectForAllocation", Time since last: 2592678085 ns, Reaching safepoint: 74750 ns, At safepoint: 30555583 ns, Total: 30630333 ns
[2022-04-22T06:28:14.669+0000][10][safepoint   ] Safepoint "Cleanup", Time since last: 2001392543 ns, Reaching safepoint: 185125 ns, At safepoint: 5833 ns, Total: 190958 ns
[2022-04-22T06:28:14.994+0000][10][gc,start    ] GC(102) Pause Young (Normal) (G1 Evacuation Pause)
[2022-04-22T06:28:14.994+0000][10][gc,task     ] GC(102) Using 5 workers of 5 for evacuation
[2022-04-22T06:28:14.995+0000][10][gc,age      ] GC(102) Desired survivor size 18874368 bytes, new threshold 15 (max threshold 15)
[2022-04-22T06:28:15.000+0000][10][gc,age      ] GC(102) Age table with threshold 15 (max threshold 15)
[2022-04-22T06:28:15.001+0000][10][gc,age      ] GC(102) - age   1:    2873408 bytes,    2873408 total
[2022-04-22T06:28:15.002+0000][10][gc,age      ] GC(102) - age   2:    1138664 bytes,    4012072 total
[2022-04-22T06:28:15.003+0000][10][gc,age      ] GC(102) - age   3:    3084144 bytes,    7096216 total
[2022-04-22T06:28:15.003+0000][10][gc,age      ] GC(102) - age   4:    1076112 bytes,    8172328 total
[2022-04-22T06:28:15.004+0000][10][gc,age      ] GC(102) - age   5:    1112408 bytes,    9284736 total
[2022-04-22T06:28:15.005+0000][10][gc,age      ] GC(102) - age   6:    1179344 bytes,   10464080 total
[2022-04-22T06:28:15.006+0000][10][gc,age      ] GC(102) - age   7:     959152 bytes,   11423232 total
[2022-04-22T06:28:15.007+0000][10][gc,age      ] GC(102) - age   8:    1136520 bytes,   12559752 total
[2022-04-22T06:28:15.008+0000][10][gc,age      ] GC(102) - age   9:    1155536 bytes,   13715288 total
[2022-04-22T06:28:15.009+0000][10][gc,age      ] GC(102) - age  10:    1050592 bytes,   14765880 total
[2022-04-22T06:28:15.009+0000][10][gc,age      ] GC(102) - age  11:    1445968 bytes,   16211848 total
[2022-04-22T06:28:15.010+0000][10][gc,age      ] GC(102) - age  12:    1664400 bytes,   17876248 total
[2022-04-22T06:28:15.010+0000][10][gc,age      ] GC(102) - age  13:     398328 bytes,   18274576 total
[2022-04-22T06:28:15.011+0000][10][gc,age      ] GC(102) - age  14:     369408 bytes,   18643984 total
[2022-04-22T06:28:15.012+0000][10][gc,age      ] GC(102) - age  15:     388176 bytes,   19032160 total
[2022-04-22T06:28:15.012+0000][10][gc,phases   ] GC(102)   Pre Evacuate Collection Set: 0.1ms
[2022-04-22T06:28:15.013+0000][10][gc,phases   ] GC(102)   Merge Heap Roots: 0.1ms
[2022-04-22T06:28:15.013+0000][10][gc,phases   ] GC(102)   Evacuate Collection Set: 3.0ms
[2022-04-22T06:28:15.014+0000][10][gc,phases   ] GC(102)   Post Evacuate Collection Set: 0.9ms
[2022-04-22T06:28:15.015+0000][10][gc,phases   ] GC(102)   Other: 14.5ms
[2022-04-22T06:28:15.015+0000][10][gc,heap     ] GC(102) Eden regions: 60->0(60)
[2022-04-22T06:28:15.016+0000][10][gc,heap     ] GC(102) Survivor regions: 5->5(9)
[2022-04-22T06:28:15.016+0000][10][gc,heap     ] GC(102) Old regions: 30->30
[2022-04-22T06:28:15.017+0000][10][gc,heap     ] GC(102) Archive regions: 2->2
[2022-04-22T06:28:15.017+0000][10][gc,heap     ] GC(102) Humongous regions: 6->6
[2022-04-22T06:28:15.018+0000][10][gc,metaspace] GC(102) Metaspace: 106900K(108480K)->106900K(108480K) NonClass: 92455K(93376K)->92455K(93376K) Class: 14444K(15104K)->14444K(15104K)
[2022-04-22T06:28:15.018+0000][10][gc          ] GC(102) Pause Young (Normal) (G1 Evacuation Pause) 405M->166M(512M) 24.875ms
[2022-04-22T06:28:15.019+0000][10][gc,cpu      ] GC(102) User=0.01s Sys=0.00s Real=0.03s
[2022-04-22T06:28:15.020+0000][10][safepoint   ] Safepoint "G1CollectForAllocation", Time since last: 324804875 ns, Reaching safepoint: 89167 ns, At safepoint: 26007916 ns, Total: 26097083 ns
[2022-04-22T06:28:16.493+0000][10][gc,start    ] GC(103) Pause Young (Normal) (G1 Evacuation Pause)
[2022-04-22T06:28:16.494+0000][10][gc,task     ] GC(103) Using 5 workers of 5 for evacuation
[2022-04-22T06:28:16.495+0000][10][gc,age      ] GC(103) Desired survivor size 18874368 bytes, new threshold 15 (max threshold 15)
[2022-04-22T06:28:16.500+0000][10][gc,age      ] GC(103) Age table with threshold 15 (max threshold 15)
[2022-04-22T06:28:16.501+0000][10][gc,age      ] GC(103) - age   1:    3878280 bytes,    3878280 total
[2022-04-22T06:28:16.502+0000][10][gc,age      ] GC(103) - age   2:    2834536 bytes,    6712816 total
[2022-04-22T06:28:16.503+0000][10][gc,age      ] GC(103) - age   3:    1046672 bytes,    7759488 total
[2022-04-22T06:28:16.503+0000][10][gc,age      ] GC(103) - age   4:    1228112 bytes,    8987600 total
[2022-04-22T06:28:16.504+0000][10][gc,age      ] GC(103) - age   5:    1066480 bytes,   10054080 total
[2022-04-22T06:28:16.505+0000][10][gc,age      ] GC(103) - age   6:    1103568 bytes,   11157648 total
[2022-04-22T06:28:16.505+0000][10][gc,age      ] GC(103) - age   7:    1170776 bytes,   12328424 total
[2022-04-22T06:28:16.506+0000][10][gc,age      ] GC(103) - age   8:     952488 bytes,   13280912 total
[2022-04-22T06:28:16.507+0000][10][gc,age      ] GC(103) - age   9:    1130584 bytes,   14411496 total
[2022-04-22T06:28:16.507+0000][10][gc,age      ] GC(103) - age  10:    1155536 bytes,   15567032 total
[2022-04-22T06:28:16.508+0000][10][gc,age      ] GC(103) - age  11:    1047232 bytes,   16614264 total
[2022-04-22T06:28:16.508+0000][10][gc,age      ] GC(103) - age  12:    1437568 bytes,   18051832 total
[2022-04-22T06:28:16.510+0000][10][gc,age      ] GC(103) - age  13:    1663224 bytes,   19715056 total
[2022-04-22T06:28:16.511+0000][10][gc,age      ] GC(103) - age  14:     396144 bytes,   20111200 total
[2022-04-22T06:28:16.511+0000][10][gc,age      ] GC(103) - age  15:     365320 bytes,   20476520 total
[2022-04-22T06:28:16.513+0000][10][gc,phases   ] GC(103)   Pre Evacuate Collection Set: 0.2ms
[2022-04-22T06:28:16.514+0000][10][gc,phases   ] GC(103)   Merge Heap Roots: 0.1ms
[2022-04-22T06:28:16.514+0000][10][gc,phases   ] GC(103)   Evacuate Collection Set: 2.3ms
[2022-04-22T06:28:16.515+0000][10][gc,phases   ] GC(103)   Post Evacuate Collection Set: 0.7ms
[2022-04-22T06:28:16.516+0000][10][gc,phases   ] GC(103)   Other: 16.1ms
[2022-04-22T06:28:16.516+0000][10][gc,heap     ] GC(103) Eden regions: 60->0(57)
[2022-04-22T06:28:16.517+0000][10][gc,heap     ] GC(103) Survivor regions: 5->6(9)
[2022-04-22T06:28:16.517+0000][10][gc,heap     ] GC(103) Old regions: 30->31
[2022-04-22T06:28:16.518+0000][10][gc,heap     ] GC(103) Archive regions: 2->2
[2022-04-22T06:28:16.518+0000][10][gc,heap     ] GC(103) Humongous regions: 6->6
[2022-04-22T06:28:16.519+0000][10][gc,metaspace] GC(103) Metaspace: 106900K(108480K)->106900K(108480K) NonClass: 92455K(93376K)->92455K(93376K) Class: 14444K(15104K)->14444K(15104K)
[2022-04-22T06:28:16.519+0000][10][gc          ] GC(103) Pause Young (Normal) (G1 Evacuation Pause) 406M->168M(512M) 25.932ms
[2022-04-22T06:28:16.520+0000][10][gc,cpu      ] GC(103) User=0.01s Sys=0.00s Real=0.03s
[2022-04-22T06:28:16.521+0000][10][safepoint   ] Safepoint "G1CollectForAllocation", Time since last: 1473564918 ns, Reaching safepoint: 66541 ns, At safepoint: 27513167 ns, Total: 27579708 ns
[2022-04-22T06:28:18.665+0000][10][gc,start    ] GC(104) Pause Young (Concurrent Start) (G1 Evacuation Pause)
[2022-04-22T06:28:18.667+0000][10][gc,task     ] GC(104) Using 5 workers of 5 for evacuation
[2022-04-22T06:28:18.669+0000][10][gc,age      ] GC(104) Desired survivor size 16777216 bytes, new threshold 12 (max threshold 15)
[2022-04-22T06:28:18.674+0000][10][gc,age      ] GC(104) Age table with threshold 12 (max threshold 15)
[2022-04-22T06:28:18.675+0000][10][gc,age      ] GC(104) - age   1:    2509872 bytes,    2509872 total
[2022-04-22T06:28:18.676+0000][10][gc,age      ] GC(104) - age   2:    3153592 bytes,    5663464 total
[2022-04-22T06:28:18.677+0000][10][gc,age      ] GC(104) - age   3:    2831032 bytes,    8494496 total
[2022-04-22T06:28:18.678+0000][10][gc,age      ] GC(104) - age   4:    1040528 bytes,    9535024 total
[2022-04-22T06:28:18.679+0000][10][gc,age      ] GC(104) - age   5:    1101640 bytes,   10636664 total
[2022-04-22T06:28:18.680+0000][10][gc,age      ] GC(104) - age   6:    1051176 bytes,   11687840 total
[2022-04-22T06:28:18.682+0000][10][gc,age      ] GC(104) - age   7:    1091472 bytes,   12779312 total
[2022-04-22T06:28:18.683+0000][10][gc,age      ] GC(104) - age   8:    1153808 bytes,   13933120 total
[2022-04-22T06:28:18.684+0000][10][gc,age      ] GC(104) - age   9:     946888 bytes,   14880008 total
[2022-04-22T06:28:18.684+0000][10][gc,age      ] GC(104) - age  10:    1122072 bytes,   16002080 total
[2022-04-22T06:28:18.685+0000][10][gc,age      ] GC(104) - age  11:    1150832 bytes,   17152912 total
[2022-04-22T06:28:18.686+0000][10][gc,age      ] GC(104) - age  12:    1044488 bytes,   18197400 total
[2022-04-22T06:28:18.687+0000][10][gc,phases   ] GC(104)   Pre Evacuate Collection Set: 0.4ms
[2022-04-22T06:28:18.688+0000][10][gc,phases   ] GC(104)   Merge Heap Roots: 0.1ms
[2022-04-22T06:28:18.689+0000][10][gc,phases   ] GC(104)   Evacuate Collection Set: 3.2ms
[2022-04-22T06:28:18.690+0000][10][gc,phases   ] GC(104)   Post Evacuate Collection Set: 0.7ms
[2022-04-22T06:28:18.691+0000][10][gc,phases   ] GC(104)   Other: 17.6ms
[2022-04-22T06:28:18.692+0000][10][gc,heap     ] GC(104) Eden regions: 57->0(58)
[2022-04-22T06:28:18.693+0000][10][gc,heap     ] GC(104) Survivor regions: 6->5(8)
[2022-04-22T06:28:18.693+0000][10][gc,heap     ] GC(104) Old regions: 31->32
[2022-04-22T06:28:18.694+0000][10][gc,heap     ] GC(104) Archive regions: 2->2
[2022-04-22T06:28:18.694+0000][10][gc,heap     ] GC(104) Humongous regions: 6->6
[2022-04-22T06:28:18.695+0000][10][gc,metaspace] GC(104) Metaspace: 106900K(108480K)->106900K(108480K) NonClass: 92455K(93376K)->92455K(93376K) Class: 14444K(15104K)->14444K(15104K)
[2022-04-22T06:28:18.696+0000][10][gc          ] GC(104) Pause Young (Concurrent Start) (G1 Evacuation Pause) 396M->170M(512M) 31.223ms
[2022-04-22T06:28:18.697+0000][10][gc,cpu      ] GC(104) User=0.01s Sys=0.01s Real=0.04s
[2022-04-22T06:28:18.698+0000][10][safepoint   ] Safepoint "G1CollectForAllocation", Time since last: 2144404209 ns, Reaching safepoint: 65875 ns, At safepoint: 32774709 ns, Total: 32840584 ns
[2022-04-22T06:28:18.698+0000][10][gc          ] GC(105) Concurrent Mark Cycle
[2022-04-22T06:28:18.700+0000][10][gc,marking  ] GC(105) Concurrent Clear Claimed Marks
[2022-04-22T06:28:18.701+0000][10][gc,marking  ] GC(105) Concurrent Clear Claimed Marks 0.868ms
[2022-04-22T06:28:18.701+0000][10][gc,marking  ] GC(105) Concurrent Scan Root Regions
[2022-04-22T06:28:18.705+0000][10][gc,marking  ] GC(105) Concurrent Scan Root Regions 4.029ms
[2022-04-22T06:28:18.706+0000][10][gc,marking  ] GC(105) Concurrent Mark
[2022-04-22T06:28:18.707+0000][10][gc,marking  ] GC(105) Concurrent Mark From Roots
[2022-04-22T06:28:18.708+0000][10][gc,task     ] GC(105) Using 1 workers of 1 for marking
[2022-04-22T06:28:18.782+0000][10][gc,marking  ] GC(105) Concurrent Mark From Roots 75.256ms
[2022-04-22T06:28:18.783+0000][10][gc,marking  ] GC(105) Concurrent Preclean
[2022-04-22T06:28:18.784+0000][10][gc,marking  ] GC(105) Concurrent Preclean 1.218ms
[2022-04-22T06:28:18.786+0000][10][gc,start    ] GC(105) Pause Remark
[2022-04-22T06:28:18.793+0000][10][gc          ] GC(105) Pause Remark 278M->278M(512M) 7.545ms
[2022-04-22T06:28:18.795+0000][10][gc,cpu      ] GC(105) User=0.02s Sys=0.00s Real=0.01s
[2022-04-22T06:28:18.795+0000][10][safepoint   ] Safepoint "G1Concurrent", Time since last: 87392583 ns, Reaching safepoint: 467042 ns, At safepoint: 9413875 ns, Total: 9880917 ns
[2022-04-22T06:28:18.796+0000][10][gc,marking  ] GC(105) Concurrent Mark 89.678ms
[2022-04-22T06:28:18.797+0000][10][gc,marking  ] GC(105) Concurrent Rebuild Remembered Sets
[2022-04-22T06:28:18.836+0000][10][gc,marking  ] GC(105) Concurrent Rebuild Remembered Sets 39.374ms
[2022-04-22T06:28:18.837+0000][10][gc,start    ] GC(105) Pause Cleanup
[2022-04-22T06:28:18.838+0000][10][gc          ] GC(105) Pause Cleanup 312M->312M(512M) 1.344ms
[2022-04-22T06:28:18.839+0000][10][gc,cpu      ] GC(105) User=0.00s Sys=0.00s Real=0.00s
[2022-04-22T06:28:18.840+0000][10][safepoint   ] Safepoint "G1Concurrent", Time since last: 41643000 ns, Reaching safepoint: 175792 ns, At safepoint: 2962625 ns, Total: 3138417 ns
[2022-04-22T06:28:18.841+0000][10][gc,marking  ] GC(105) Concurrent Cleanup for Next Mark
[2022-04-22T06:28:18.843+0000][10][gc,marking  ] GC(105) Concurrent Cleanup for Next Mark 2.185ms
[2022-04-22T06:28:18.845+0000][10][gc          ] GC(105) Concurrent Mark Cycle 146.600ms
[2022-04-22T06:28:19.756+0000][10][gc,start    ] GC(106) Pause Young (Prepare Mixed) (G1 Evacuation Pause)
[2022-04-22T06:28:19.757+0000][10][gc,task     ] GC(106) Using 5 workers of 5 for evacuation
[2022-04-22T06:28:19.758+0000][10][gc,age      ] GC(106) Desired survivor size 16777216 bytes, new threshold 11 (max threshold 15)
[2022-04-22T06:28:19.763+0000][10][gc,age      ] GC(106) Age table with threshold 11 (max threshold 15)
[2022-04-22T06:28:19.764+0000][10][gc,age      ] GC(106) - age   1:    3335864 bytes,    3335864 total
[2022-04-22T06:28:19.764+0000][10][gc,age      ] GC(106) - age   2:    1326400 bytes,    4662264 total
[2022-04-22T06:28:19.765+0000][10][gc,age      ] GC(106) - age   3:    1067216 bytes,    5729480 total
[2022-04-22T06:28:19.766+0000][10][gc,age      ] GC(106) - age   4:    2697144 bytes,    8426624 total
[2022-04-22T06:28:19.767+0000][10][gc,age      ] GC(106) - age   5:    1040528 bytes,    9467152 total
[2022-04-22T06:28:19.768+0000][10][gc,age      ] GC(106) - age   6:    1100632 bytes,   10567784 total
[2022-04-22T06:28:19.769+0000][10][gc,age      ] GC(106) - age   7:    1050280 bytes,   11618064 total
[2022-04-22T06:28:19.769+0000][10][gc,age      ] GC(106) - age   8:    1089456 bytes,   12707520 total
[2022-04-22T06:28:19.772+0000][10][gc,age      ] GC(106) - age   9:    1152800 bytes,   13860320 total
[2022-04-22T06:28:19.772+0000][10][gc,age      ] GC(106) - age  10:     944872 bytes,   14805192 total
[2022-04-22T06:28:19.773+0000][10][gc,age      ] GC(106) - age  11:    1120056 bytes,   15925248 total
[2022-04-22T06:28:19.774+0000][10][gc,phases   ] GC(106)   Pre Evacuate Collection Set: 0.9ms
[2022-04-22T06:28:19.774+0000][10][gc,phases   ] GC(106)   Merge Heap Roots: 0.0ms
[2022-04-22T06:28:19.775+0000][10][gc,phases   ] GC(106)   Evacuate Collection Set: 2.3ms
[2022-04-22T06:28:19.776+0000][10][gc,phases   ] GC(106)   Post Evacuate Collection Set: 0.7ms
[2022-04-22T06:28:19.776+0000][10][gc,phases   ] GC(106)   Other: 13.4ms
[2022-04-22T06:28:19.777+0000][10][gc,heap     ] GC(106) Eden regions: 58->0(2)
[2022-04-22T06:28:19.777+0000][10][gc,heap     ] GC(106) Survivor regions: 5->4(8)
[2022-04-22T06:28:19.778+0000][10][gc,heap     ] GC(106) Old regions: 32->32
[2022-04-22T06:28:19.778+0000][10][gc,heap     ] GC(106) Archive regions: 2->2
[2022-04-22T06:28:19.779+0000][10][gc,heap     ] GC(106) Humongous regions: 6->6
[2022-04-22T06:28:19.779+0000][10][gc,metaspace] GC(106) Metaspace: 106900K(108480K)->106900K(108480K) NonClass: 92455K(93376K)->92455K(93376K) Class: 14444K(15104K)->14444K(15104K)
[2022-04-22T06:28:19.780+0000][10][gc          ] GC(106) Pause Young (Prepare Mixed) (G1 Evacuation Pause) 402M->170M(512M) 23.432ms
[2022-04-22T06:28:19.780+0000][10][gc,cpu      ] GC(106) User=0.01s Sys=0.01s Real=0.03s
[2022-04-22T06:28:19.781+0000][10][safepoint   ] Safepoint "G1CollectForAllocation", Time since last: 916187292 ns, Reaching safepoint: 63291 ns, At safepoint: 24683417 ns, Total: 24746708 ns
[2022-04-22T06:28:19.873+0000][10][gc,start    ] GC(107) Pause Young (Mixed) (G1 Evacuation Pause)
[2022-04-22T06:28:19.874+0000][10][gc,task     ] GC(107) Using 5 workers of 5 for evacuation
[2022-04-22T06:28:19.875+0000][10][gc,age      ] GC(107) Desired survivor size 2097152 bytes, new threshold 1 (max threshold 15)
[2022-04-22T06:28:19.880+0000][10][gc,age      ] GC(107) Age table with threshold 1 (max threshold 15)
[2022-04-22T06:28:19.881+0000][10][gc,age      ] GC(107) - age   1:      38976 bytes,      38976 total
[2022-04-22T06:28:19.882+0000][10][gc,phases   ] GC(107)   Pre Evacuate Collection Set: 0.1ms
[2022-04-22T06:28:19.883+0000][10][gc,phases   ] GC(107)   Merge Heap Roots: 0.1ms
[2022-04-22T06:28:19.883+0000][10][gc,phases   ] GC(107)   Evacuate Collection Set: 3.2ms
[2022-04-22T06:28:19.884+0000][10][gc,phases   ] GC(107)   Post Evacuate Collection Set: 0.8ms
[2022-04-22T06:28:19.885+0000][10][gc,phases   ] GC(107)   Other: 4.7ms
[2022-04-22T06:28:19.885+0000][10][gc,heap     ] GC(107) Eden regions: 2->0(65)
[2022-04-22T06:28:19.886+0000][10][gc,heap     ] GC(107) Survivor regions: 4->1(1)
[2022-04-22T06:28:19.886+0000][10][gc,heap     ] GC(107) Old regions: 32->30
[2022-04-22T06:28:19.887+0000][10][gc,heap     ] GC(107) Archive regions: 2->2
[2022-04-22T06:28:19.887+0000][10][gc,heap     ] GC(107) Humongous regions: 6->6
[2022-04-22T06:28:19.888+0000][10][gc,metaspace] GC(107) Metaspace: 106900K(108480K)->106900K(108480K) NonClass: 92455K(93376K)->92455K(93376K) Class: 14444K(15104K)->14444K(15104K)
[2022-04-22T06:28:19.888+0000][10][gc          ] GC(107) Pause Young (Mixed) (G1 Evacuation Pause) 178M->146M(512M) 15.191ms
[2022-04-22T06:28:19.889+0000][10][gc,cpu      ] GC(107) User=0.01s Sys=0.00s Real=0.02s
[2022-04-22T06:28:19.890+0000][10][safepoint   ] Safepoint "G1CollectForAllocation", Time since last: 92219708 ns, Reaching safepoint: 66000 ns, At safepoint: 16370125 ns, Total: 16436125 ns
[2022-04-22T06:28:22.059+0000][10][gc,start    ] GC(108) Pause Young (Normal) (G1 Evacuation Pause)
[2022-04-22T06:28:22.060+0000][10][gc,task     ] GC(108) Using 5 workers of 5 for evacuation
[2022-04-22T06:28:22.061+0000][10][gc,age      ] GC(108) Desired survivor size 18874368 bytes, new threshold 15 (max threshold 15)
[2022-04-22T06:28:22.064+0000][10][gc,age      ] GC(108) Age table with threshold 15 (max threshold 15)
[2022-04-22T06:28:22.067+0000][10][gc,age      ] GC(108) - age   1:    1804632 bytes,    1804632 total
[2022-04-22T06:28:22.068+0000][10][gc,age      ] GC(108) - age   2:      10104 bytes,    1814736 total
[2022-04-22T06:28:22.069+0000][10][gc,phases   ] GC(108)   Pre Evacuate Collection Set: 0.1ms
[2022-04-22T06:28:22.070+0000][10][gc,phases   ] GC(108)   Merge Heap Roots: 0.1ms
[2022-04-22T06:28:22.071+0000][10][gc,phases   ] GC(108)   Evacuate Collection Set: 1.4ms
[2022-04-22T06:28:22.071+0000][10][gc,phases   ] GC(108)   Post Evacuate Collection Set: 0.7ms
[2022-04-22T06:28:22.072+0000][10][gc,phases   ] GC(108)   Other: 7.6ms
[2022-04-22T06:28:22.073+0000][10][gc,heap     ] GC(108) Eden regions: 65->0(66)
[2022-04-22T06:28:22.074+0000][10][gc,heap     ] GC(108) Survivor regions: 1->1(9)
[2022-04-22T06:28:22.075+0000][10][gc,heap     ] GC(108) Old regions: 30->30
[2022-04-22T06:28:22.075+0000][10][gc,heap     ] GC(108) Archive regions: 2->2
[2022-04-22T06:28:22.076+0000][10][gc,heap     ] GC(108) Humongous regions: 6->6
[2022-04-22T06:28:22.076+0000][10][gc,metaspace] GC(108) Metaspace: 106900K(108480K)->106900K(108480K) NonClass: 92455K(93376K)->92455K(93376K) Class: 14444K(15104K)->14444K(15104K)
[2022-04-22T06:28:22.077+0000][10][gc          ] GC(108) Pause Young (Normal) (G1 Evacuation Pause) 406M->147M(512M) 17.889ms
[2022-04-22T06:28:22.078+0000][10][gc,cpu      ] GC(108) User=0.00s Sys=0.00s Real=0.02s
[2022-04-22T06:28:22.079+0000][10][safepoint   ] Safepoint "G1CollectForAllocation", Time since last: 2169563335 ns, Reaching safepoint: 88250 ns, At safepoint: 19305833 ns, Total: 19394083 ns
[2022-04-22T06:28:24.492+0000][10][gc,start    ] GC(109) Pause Young (Concurrent Start) (G1 Evacuation Pause)
[2022-04-22T06:28:24.493+0000][10][gc,task     ] GC(109) Using 5 workers of 5 for evacuation
[2022-04-22T06:28:24.494+0000][10][gc,age      ] GC(109) Desired survivor size 18874368 bytes, new threshold 15 (max threshold 15)
[2022-04-22T06:28:24.497+0000][10][gc,age      ] GC(109) Age table with threshold 15 (max threshold 15)
[2022-04-22T06:28:24.498+0000][10][gc,age      ] GC(109) - age   1:    3914632 bytes,    3914632 total
[2022-04-22T06:28:24.499+0000][10][gc,age      ] GC(109) - age   2:    1790624 bytes,    5705256 total
[2022-04-22T06:28:24.500+0000][10][gc,age      ] GC(109) - age   3:      10104 bytes,    5715360 total
[2022-04-22T06:28:24.501+0000][10][gc,phases   ] GC(109)   Pre Evacuate Collection Set: 0.4ms
[2022-04-22T06:28:24.502+0000][10][gc,phases   ] GC(109)   Merge Heap Roots: 0.0ms
[2022-04-22T06:28:24.502+0000][10][gc,phases   ] GC(109)   Evacuate Collection Set: 1.0ms
[2022-04-22T06:28:24.503+0000][10][gc,phases   ] GC(109)   Post Evacuate Collection Set: 0.5ms
[2022-04-22T06:28:24.504+0000][10][gc,phases   ] GC(109)   Other: 7.2ms
[2022-04-22T06:28:24.504+0000][10][gc,heap     ] GC(109) Eden regions: 66->0(64)
[2022-04-22T06:28:24.505+0000][10][gc,heap     ] GC(109) Survivor regions: 1->2(9)
[2022-04-22T06:28:24.506+0000][10][gc,heap     ] GC(109) Old regions: 30->30
[2022-04-22T06:28:24.507+0000][10][gc,heap     ] GC(109) Archive regions: 2->2
[2022-04-22T06:28:24.508+0000][10][gc,heap     ] GC(109) Humongous regions: 6->6
[2022-04-22T06:28:24.508+0000][10][gc,metaspace] GC(109) Metaspace: 106900K(108480K)->106900K(108480K) NonClass: 92455K(93376K)->92455K(93376K) Class: 14444K(15104K)->14444K(15104K)
[2022-04-22T06:28:24.509+0000][10][gc          ] GC(109) Pause Young (Concurrent Start) (G1 Evacuation Pause) 411M->151M(512M) 17.150ms
[2022-04-22T06:28:24.510+0000][10][gc,cpu      ] GC(109) User=0.01s Sys=0.01s Real=0.02s
[2022-04-22T06:28:24.511+0000][10][gc          ] GC(110) Concurrent Mark Cycle
[2022-04-22T06:28:24.512+0000][10][gc,marking  ] GC(110) Concurrent Clear Claimed Marks
[2022-04-22T06:28:24.511+0000][10][safepoint   ] Safepoint "G1CollectForAllocation", Time since last: 2413412085 ns, Reaching safepoint: 92208 ns, At safepoint: 18920792 ns, Total: 19013000 ns
[2022-04-22T06:28:24.513+0000][10][gc,marking  ] GC(110) Concurrent Clear Claimed Marks 1.063ms
[2022-04-22T06:28:24.515+0000][10][gc,marking  ] GC(110) Concurrent Scan Root Regions
[2022-04-22T06:28:24.517+0000][10][gc,marking  ] GC(110) Concurrent Scan Root Regions 2.120ms
[2022-04-22T06:28:24.518+0000][10][gc,marking  ] GC(110) Concurrent Mark
[2022-04-22T06:28:24.519+0000][10][gc,marking  ] GC(110) Concurrent Mark From Roots
[2022-04-22T06:28:24.520+0000][10][gc,task     ] GC(110) Using 1 workers of 1 for marking
[2022-04-22T06:28:24.588+0000][10][gc,marking  ] GC(110) Concurrent Mark From Roots 68.594ms
[2022-04-22T06:28:24.589+0000][10][gc,marking  ] GC(110) Concurrent Preclean
[2022-04-22T06:28:24.591+0000][10][gc,marking  ] GC(110) Concurrent Preclean 2.606ms
[2022-04-22T06:28:24.592+0000][10][gc,start    ] GC(110) Pause Remark
[2022-04-22T06:28:24.601+0000][10][gc          ] GC(110) Pause Remark 158M->158M(512M) 8.970ms
[2022-04-22T06:28:24.602+0000][10][gc,cpu      ] GC(110) User=0.02s Sys=0.00s Real=0.01s
[2022-04-22T06:28:24.604+0000][10][safepoint   ] Safepoint "G1Concurrent", Time since last: 81135083 ns, Reaching safepoint: 324875 ns, At safepoint: 11289750 ns, Total: 11614625 ns
[2022-04-22T06:28:24.605+0000][10][gc,marking  ] GC(110) Concurrent Mark 86.613ms
[2022-04-22T06:28:24.605+0000][10][gc,marking  ] GC(110) Concurrent Rebuild Remembered Sets
[2022-04-22T06:28:24.649+0000][10][gc,marking  ] GC(110) Concurrent Rebuild Remembered Sets 43.638ms
[2022-04-22T06:28:24.651+0000][10][gc,start    ] GC(110) Pause Cleanup
[2022-04-22T06:28:24.652+0000][10][gc          ] GC(110) Pause Cleanup 162M->162M(512M) 1.226ms
[2022-04-22T06:28:24.653+0000][10][gc,cpu      ] GC(110) User=0.00s Sys=0.00s Real=0.00s
[2022-04-22T06:28:24.653+0000][10][safepoint   ] Safepoint "G1Concurrent", Time since last: 46937333 ns, Reaching safepoint: 180042 ns, At safepoint: 2639875 ns, Total: 2819917 ns
[2022-04-22T06:28:24.655+0000][10][gc,marking  ] GC(110) Concurrent Cleanup for Next Mark
[2022-04-22T06:28:24.657+0000][10][gc,marking  ] GC(110) Concurrent Cleanup for Next Mark 2.119ms
[2022-04-22T06:28:24.658+0000][10][gc          ] GC(110) Concurrent Mark Cycle 147.062ms
[2022-04-22T06:28:25.655+0000][10][safepoint   ] Safepoint "Cleanup", Time since last: 1001539250 ns, Reaching safepoint: 175959 ns, At safepoint: 5250 ns, Total: 181209 ns
[2022-04-22T06:28:26.997+0000][10][gc,start    ] GC(111) Pause Young (Prepare Mixed) (G1 Evacuation Pause)
[2022-04-22T06:28:26.997+0000][10][gc,task     ] GC(111) Using 5 workers of 5 for evacuation
[2022-04-22T06:28:26.998+0000][10][gc,age      ] GC(111) Desired survivor size 18874368 bytes, new threshold 15 (max threshold 15)
[2022-04-22T06:28:27.001+0000][10][gc,age      ] GC(111) Age table with threshold 15 (max threshold 15)
[2022-04-22T06:28:27.002+0000][10][gc,age      ] GC(111) - age   1:    1260600 bytes,    1260600 total
[2022-04-22T06:28:27.003+0000][10][gc,age      ] GC(111) - age   2:    3874872 bytes,    5135472 total
[2022-04-22T06:28:27.004+0000][10][gc,age      ] GC(111) - age   3:    1786992 bytes,    6922464 total
[2022-04-22T06:28:27.005+0000][10][gc,age      ] GC(111) - age   4:      10040 bytes,    6932504 total
[2022-04-22T06:28:27.005+0000][10][gc,phases   ] GC(111)   Pre Evacuate Collection Set: 0.1ms
[2022-04-22T06:28:27.006+0000][10][gc,phases   ] GC(111)   Merge Heap Roots: 0.1ms
[2022-04-22T06:28:27.007+0000][10][gc,phases   ] GC(111)   Evacuate Collection Set: 1.5ms
[2022-04-22T06:28:27.007+0000][10][gc,phases   ] GC(111)   Post Evacuate Collection Set: 0.5ms
[2022-04-22T06:28:27.008+0000][10][gc,phases   ] GC(111)   Other: 6.4ms
[2022-04-22T06:28:27.009+0000][10][gc,heap     ] GC(111) Eden regions: 64->0(4)
[2022-04-22T06:28:27.009+0000][10][gc,heap     ] GC(111) Survivor regions: 2->2(9)
[2022-04-22T06:28:27.010+0000][10][gc,heap     ] GC(111) Old regions: 30->30
[2022-04-22T06:28:27.010+0000][10][gc,heap     ] GC(111) Archive regions: 2->2
[2022-04-22T06:28:27.011+0000][10][gc,heap     ] GC(111) Humongous regions: 6->6
[2022-04-22T06:28:27.011+0000][10][gc,metaspace] GC(111) Metaspace: 106900K(108480K)->106900K(108480K) NonClass: 92455K(93376K)->92455K(93376K) Class: 14444K(15104K)->14444K(15104K)
[2022-04-22T06:28:27.012+0000][10][gc          ] GC(111) Pause Young (Prepare Mixed) (G1 Evacuation Pause) 407M->152M(512M) 15.744ms
[2022-04-22T06:28:27.013+0000][10][gc,cpu      ] GC(111) User=0.00s Sys=0.00s Real=0.01s
[2022-04-22T06:28:27.014+0000][10][safepoint   ] Safepoint "G1CollectForAllocation", Time since last: 1341207709 ns, Reaching safepoint: 48166 ns, At safepoint: 17109125 ns, Total: 17157291 ns
[2022-04-22T06:28:27.242+0000][10][gc,start    ] GC(112) Pause Young (Mixed) (G1 Evacuation Pause)
[2022-04-22T06:28:27.242+0000][10][gc,task     ] GC(112) Using 5 workers of 5 for evacuation
[2022-04-22T06:28:27.243+0000][10][gc,age      ] GC(112) Desired survivor size 2097152 bytes, new threshold 2 (max threshold 15)
[2022-04-22T06:28:27.247+0000][10][gc,age      ] GC(112) Age table with threshold 2 (max threshold 15)
[2022-04-22T06:28:27.247+0000][10][gc,age      ] GC(112) - age   1:      94048 bytes,      94048 total
[2022-04-22T06:28:27.248+0000][10][gc,age      ] GC(112) - age   2:    1228888 bytes,    1322936 total
[2022-04-22T06:28:27.249+0000][10][gc,phases   ] GC(112)   Pre Evacuate Collection Set: 0.1ms
[2022-04-22T06:28:27.250+0000][10][gc,phases   ] GC(112)   Merge Heap Roots: 0.1ms
[2022-04-22T06:28:27.251+0000][10][gc,phases   ] GC(112)   Evacuate Collection Set: 1.8ms
[2022-04-22T06:28:27.252+0000][10][gc,phases   ] GC(112)   Post Evacuate Collection Set: 0.6ms
[2022-04-22T06:28:27.252+0000][10][gc,phases   ] GC(112)   Other: 4.9ms
[2022-04-22T06:28:27.253+0000][10][gc,heap     ] GC(112) Eden regions: 4->0(66)
[2022-04-22T06:28:27.254+0000][10][gc,heap     ] GC(112) Survivor regions: 2->1(1)
[2022-04-22T06:28:27.255+0000][10][gc,heap     ] GC(112) Old regions: 30->30
[2022-04-22T06:28:27.255+0000][10][gc,heap     ] GC(112) Archive regions: 2->2
[2022-04-22T06:28:27.256+0000][10][gc,heap     ] GC(112) Humongous regions: 6->6
[2022-04-22T06:28:27.257+0000][10][gc,metaspace] GC(112) Metaspace: 106900K(108480K)->106900K(108480K) NonClass: 92455K(93376K)->92455K(93376K) Class: 14444K(15104K)->14444K(15104K)
[2022-04-22T06:28:27.258+0000][10][gc          ] GC(112) Pause Young (Mixed) (G1 Evacuation Pause) 168M->148M(512M) 15.880ms
[2022-04-22T06:28:27.258+0000][10][gc,cpu      ] GC(112) User=0.00s Sys=0.01s Real=0.02s
[2022-04-22T06:28:27.259+0000][10][safepoint   ] Safepoint "G1CollectForAllocation", Time since last: 227957376 ns, Reaching safepoint: 110000 ns, At safepoint: 16980041 ns, Total: 17090041 ns
[2022-04-22T06:28:30.244+0000][10][gc,start    ] GC(113) Pause Young (Concurrent Start) (G1 Evacuation Pause)
[2022-04-22T06:28:30.245+0000][10][gc,task     ] GC(113) Using 5 workers of 5 for evacuation
[2022-04-22T06:28:30.246+0000][10][gc,age      ] GC(113) Desired survivor size 18874368 bytes, new threshold 15 (max threshold 15)
[2022-04-22T06:28:30.249+0000][10][gc,age      ] GC(113) Age table with threshold 15 (max threshold 15)
[2022-04-22T06:28:30.250+0000][10][gc,age      ] GC(113) - age   1:    4530648 bytes,    4530648 total
[2022-04-22T06:28:30.251+0000][10][gc,age      ] GC(113) - age   2:      60488 bytes,    4591136 total
[2022-04-22T06:28:30.252+0000][10][gc,age      ] GC(113) - age   3:    1224512 bytes,    5815648 total
[2022-04-22T06:28:30.252+0000][10][gc,phases   ] GC(113)   Pre Evacuate Collection Set: 0.2ms
[2022-04-22T06:28:30.253+0000][10][gc,phases   ] GC(113)   Merge Heap Roots: 0.1ms
[2022-04-22T06:28:30.254+0000][10][gc,phases   ] GC(113)   Evacuate Collection Set: 1.8ms
[2022-04-22T06:28:30.254+0000][10][gc,phases   ] GC(113)   Post Evacuate Collection Set: 0.5ms
[2022-04-22T06:28:30.255+0000][10][gc,phases   ] GC(113)   Other: 5.6ms
[2022-04-22T06:28:30.255+0000][10][gc,heap     ] GC(113) Eden regions: 66->0(64)
[2022-04-22T06:28:30.256+0000][10][gc,heap     ] GC(113) Survivor regions: 1->2(9)
[2022-04-22T06:28:30.256+0000][10][gc,heap     ] GC(113) Old regions: 30->30
[2022-04-22T06:28:30.257+0000][10][gc,heap     ] GC(113) Archive regions: 2->2
[2022-04-22T06:28:30.258+0000][10][gc,heap     ] GC(113) Humongous regions: 6->6
[2022-04-22T06:28:30.259+0000][10][gc,metaspace] GC(113) Metaspace: 106900K(108480K)->106900K(108480K) NonClass: 92455K(93376K)->92455K(93376K) Class: 14444K(15104K)->14444K(15104K)
[2022-04-22T06:28:30.259+0000][10][gc          ] GC(113) Pause Young (Concurrent Start) (G1 Evacuation Pause) 412M->153M(512M) 15.361ms
[2022-04-22T06:28:30.260+0000][10][gc,cpu      ] GC(113) User=0.01s Sys=0.00s Real=0.02s
[2022-04-22T06:28:30.260+0000][10][safepoint   ] Safepoint "G1CollectForAllocation", Time since last: 2985510376 ns, Reaching safepoint: 93042 ns, At safepoint: 16332083 ns, Total: 16425125 ns
[2022-04-22T06:28:30.260+0000][10][gc          ] GC(114) Concurrent Mark Cycle
[2022-04-22T06:28:30.261+0000][10][gc,marking  ] GC(114) Concurrent Clear Claimed Marks
[2022-04-22T06:28:30.262+0000][10][gc,marking  ] GC(114) Concurrent Clear Claimed Marks 0.705ms
[2022-04-22T06:28:30.264+0000][10][gc,marking  ] GC(114) Concurrent Scan Root Regions
[2022-04-22T06:28:30.266+0000][10][gc,marking  ] GC(114) Concurrent Scan Root Regions 2.201ms
[2022-04-22T06:28:30.267+0000][10][gc,marking  ] GC(114) Concurrent Mark
[2022-04-22T06:28:30.268+0000][10][gc,marking  ] GC(114) Concurrent Mark From Roots
[2022-04-22T06:28:30.269+0000][10][gc,task     ] GC(114) Using 1 workers of 1 for marking
[2022-04-22T06:28:30.336+0000][10][gc,marking  ] GC(114) Concurrent Mark From Roots 67.725ms
[2022-04-22T06:28:30.337+0000][10][gc,marking  ] GC(114) Concurrent Preclean
[2022-04-22T06:28:30.338+0000][10][gc,marking  ] GC(114) Concurrent Preclean 1.343ms
[2022-04-22T06:28:30.339+0000][10][gc,start    ] GC(114) Pause Remark
[2022-04-22T06:28:30.347+0000][10][gc          ] GC(114) Pause Remark 160M->160M(512M) 7.941ms
[2022-04-22T06:28:30.357+0000][10][gc,cpu      ] GC(114) User=0.02s Sys=0.00s Real=0.02s
[2022-04-22T06:28:30.358+0000][10][safepoint   ] Safepoint "G1Concurrent", Time since last: 78638458 ns, Reaching safepoint: 30625 ns, At safepoint: 19485875 ns, Total: 19516500 ns
[2022-04-22T06:28:30.359+0000][10][gc,marking  ] GC(114) Concurrent Mark 92.034ms
[2022-04-22T06:28:30.360+0000][10][gc,marking  ] GC(114) Concurrent Rebuild Remembered Sets
[2022-04-22T06:28:30.403+0000][10][gc,marking  ] GC(114) Concurrent Rebuild Remembered Sets 43.162ms
[2022-04-22T06:28:30.405+0000][10][gc,start    ] GC(114) Pause Cleanup
[2022-04-22T06:28:30.406+0000][10][gc          ] GC(114) Pause Cleanup 164M->164M(512M) 0.867ms
[2022-04-22T06:28:30.407+0000][10][gc,cpu      ] GC(114) User=0.00s Sys=0.00s Real=0.01s
[2022-04-22T06:28:30.408+0000][10][safepoint   ] Safepoint "G1Concurrent", Time since last: 46320500 ns, Reaching safepoint: 395459 ns, At safepoint: 2300333 ns, Total: 2695792 ns
[2022-04-22T06:28:30.409+0000][10][gc,marking  ] GC(114) Concurrent Cleanup for Next Mark
[2022-04-22T06:28:30.410+0000][10][gc,marking  ] GC(114) Concurrent Cleanup for Next Mark 1.474ms
[2022-04-22T06:28:30.411+0000][10][gc          ] GC(114) Concurrent Mark Cycle 150.570ms
[2022-04-22T06:28:32.274+0000][10][gc,start    ] GC(115) Pause Young (Normal) (G1 Evacuation Pause)
[2022-04-22T06:28:32.276+0000][10][gc,task     ] GC(115) Using 5 workers of 5 for evacuation
[2022-04-22T06:28:32.277+0000][10][gc,age      ] GC(115) Desired survivor size 18874368 bytes, new threshold 15 (max threshold 15)
[2022-04-22T06:28:32.281+0000][10][gc,age      ] GC(115) Age table with threshold 15 (max threshold 15)
[2022-04-22T06:28:32.282+0000][10][gc,age      ] GC(115) - age   1:    1792016 bytes,    1792016 total
[2022-04-22T06:28:32.283+0000][10][gc,age      ] GC(115) - age   2:    4491296 bytes,    6283312 total
[2022-04-22T06:28:32.284+0000][10][gc,age      ] GC(115) - age   3:      60232 bytes,    6343544 total
[2022-04-22T06:28:32.284+0000][10][gc,age      ] GC(115) - age   4:    1218560 bytes,    7562104 total
[2022-04-22T06:28:32.285+0000][10][gc,phases   ] GC(115)   Pre Evacuate Collection Set: 0.2ms
[2022-04-22T06:28:32.286+0000][10][gc,phases   ] GC(115)   Merge Heap Roots: 0.3ms
[2022-04-22T06:28:32.287+0000][10][gc,phases   ] GC(115)   Evacuate Collection Set: 1.9ms
[2022-04-22T06:28:32.289+0000][10][gc,phases   ] GC(115)   Post Evacuate Collection Set: 0.8ms
[2022-04-22T06:28:32.290+0000][10][gc,phases   ] GC(115)   Other: 7.6ms
[2022-04-22T06:28:32.291+0000][10][gc,heap     ] GC(115) Eden regions: 64->0(65)
[2022-04-22T06:28:32.291+0000][10][gc,heap     ] GC(115) Survivor regions: 2->2(9)
[2022-04-22T06:28:32.292+0000][10][gc,heap     ] GC(115) Old regions: 30->30
[2022-04-22T06:28:32.293+0000][10][gc,heap     ] GC(115) Archive regions: 2->2
[2022-04-22T06:28:32.293+0000][10][gc,heap     ] GC(115) Humongous regions: 6->6
[2022-04-22T06:28:32.294+0000][10][gc,metaspace] GC(115) Metaspace: 106900K(108480K)->106900K(108480K) NonClass: 92455K(93376K)->92455K(93376K) Class: 14444K(15104K)->14444K(15104K)
[2022-04-22T06:28:32.295+0000][10][gc          ] GC(115) Pause Young (Normal) (G1 Evacuation Pause) 409M->155M(512M) 20.457ms
[2022-04-22T06:28:32.296+0000][10][gc,cpu      ] GC(115) User=0.01s Sys=0.01s Real=0.02s
[2022-04-22T06:28:32.298+0000][10][safepoint   ] Safepoint "G1CollectForAllocation", Time since last: 1866573209 ns, Reaching safepoint: 180917 ns, At safepoint: 23706250 ns, Total: 23887167 ns
[2022-04-22T06:28:33.299+0000][10][safepoint   ] Safepoint "Cleanup", Time since last: 1000927459 ns, Reaching safepoint: 108916 ns, At safepoint: 30667 ns, Total: 139583 ns
[2022-04-22T06:28:34.064+0000][10][gc,start    ] GC(116) Pause Young (Concurrent Start) (G1 Evacuation Pause)
[2022-04-22T06:28:34.065+0000][10][gc,task     ] GC(116) Using 5 workers of 5 for evacuation
[2022-04-22T06:28:34.065+0000][10][gc,age      ] GC(116) Desired survivor size 18874368 bytes, new threshold 15 (max threshold 15)
[2022-04-22T06:28:34.069+0000][10][gc,age      ] GC(116) Age table with threshold 15 (max threshold 15)
[2022-04-22T06:28:34.070+0000][10][gc,age      ] GC(116) - age   1:     931280 bytes,     931280 total
[2022-04-22T06:28:34.071+0000][10][gc,age      ] GC(116) - age   2:    1458352 bytes,    2389632 total
[2022-04-22T06:28:34.072+0000][10][gc,age      ] GC(116) - age   3:    4489176 bytes,    6878808 total
[2022-04-22T06:28:34.072+0000][10][gc,age      ] GC(116) - age   4:      60232 bytes,    6939040 total
[2022-04-22T06:28:34.073+0000][10][gc,age      ] GC(116) - age   5:    1218488 bytes,    8157528 total
[2022-04-22T06:28:34.074+0000][10][gc,phases   ] GC(116)   Pre Evacuate Collection Set: 0.3ms
[2022-04-22T06:28:34.075+0000][10][gc,phases   ] GC(116)   Merge Heap Roots: 0.1ms
[2022-04-22T06:28:34.075+0000][10][gc,phases   ] GC(116)   Evacuate Collection Set: 1.4ms
[2022-04-22T06:28:34.076+0000][10][gc,phases   ] GC(116)   Post Evacuate Collection Set: 0.6ms
[2022-04-22T06:28:34.077+0000][10][gc,phases   ] GC(116)   Other: 7.7ms
[2022-04-22T06:28:34.077+0000][10][gc,heap     ] GC(116) Eden regions: 65->0(65)
[2022-04-22T06:28:34.078+0000][10][gc,heap     ] GC(116) Survivor regions: 2->2(9)
[2022-04-22T06:28:34.079+0000][10][gc,heap     ] GC(116) Old regions: 30->30
[2022-04-22T06:28:34.079+0000][10][gc,heap     ] GC(116) Archive regions: 2->2
[2022-04-22T06:28:34.081+0000][10][gc,heap     ] GC(116) Humongous regions: 6->6
[2022-04-22T06:28:34.081+0000][10][gc,metaspace] GC(116) Metaspace: 106900K(108480K)->106900K(108480K) NonClass: 92455K(93376K)->92455K(93376K) Class: 14444K(15104K)->14444K(15104K)
[2022-04-22T06:28:34.083+0000][10][gc          ] GC(116) Pause Young (Concurrent Start) (G1 Evacuation Pause) 415M->155M(512M) 18.790ms
[2022-04-22T06:28:34.084+0000][10][gc,cpu      ] GC(116) User=0.01s Sys=0.00s Real=0.02s
[2022-04-22T06:28:34.084+0000][10][safepoint   ] Safepoint "G1CollectForAllocation", Time since last: 764542542 ns, Reaching safepoint: 113042 ns, At safepoint: 20747166 ns, Total: 20860208 ns
[2022-04-22T06:28:34.084+0000][10][gc          ] GC(117) Concurrent Mark Cycle
[2022-04-22T06:28:34.087+0000][10][gc,marking  ] GC(117) Concurrent Clear Claimed Marks
[2022-04-22T06:28:34.088+0000][10][gc,marking  ] GC(117) Concurrent Clear Claimed Marks 0.770ms
[2022-04-22T06:28:34.089+0000][10][gc,marking  ] GC(117) Concurrent Scan Root Regions
[2022-04-22T06:28:34.091+0000][10][gc,marking  ] GC(117) Concurrent Scan Root Regions 1.922ms
[2022-04-22T06:28:34.092+0000][10][gc,marking  ] GC(117) Concurrent Mark
[2022-04-22T06:28:34.093+0000][10][gc,marking  ] GC(117) Concurrent Mark From Roots
[2022-04-22T06:28:34.094+0000][10][gc,task     ] GC(117) Using 1 workers of 1 for marking
[2022-04-22T06:28:34.170+0000][10][gc,marking  ] GC(117) Concurrent Mark From Roots 77.054ms
[2022-04-22T06:28:34.178+0000][10][gc,marking  ] GC(117) Concurrent Preclean
[2022-04-22T06:28:34.179+0000][10][gc,marking  ] GC(117) Concurrent Preclean 1.446ms
[2022-04-22T06:28:34.180+0000][10][gc,start    ] GC(117) Pause Remark
[2022-04-22T06:28:34.189+0000][10][gc          ] GC(117) Pause Remark 165M->165M(512M) 8.766ms
[2022-04-22T06:28:34.190+0000][10][gc,cpu      ] GC(117) User=0.02s Sys=0.00s Real=0.01s
[2022-04-22T06:28:34.191+0000][10][safepoint   ] Safepoint "G1Concurrent", Time since last: 95620959 ns, Reaching safepoint: 41375 ns, At safepoint: 10755208 ns, Total: 10796583 ns
[2022-04-22T06:28:34.192+0000][10][gc,marking  ] GC(117) Concurrent Mark 99.286ms
[2022-04-22T06:28:34.193+0000][10][gc,marking  ] GC(117) Concurrent Rebuild Remembered Sets
[2022-04-22T06:28:34.234+0000][10][gc,marking  ] GC(117) Concurrent Rebuild Remembered Sets 41.781ms
[2022-04-22T06:28:34.236+0000][10][gc,start    ] GC(117) Pause Cleanup
[2022-04-22T06:28:34.236+0000][10][gc          ] GC(117) Pause Cleanup 171M->171M(512M) 0.693ms
[2022-04-22T06:28:34.237+0000][10][gc,cpu      ] GC(117) User=0.00s Sys=0.00s Real=0.01s
[2022-04-22T06:28:34.238+0000][10][safepoint   ] Safepoint "G1Concurrent", Time since last: 44581834 ns, Reaching safepoint: 208666 ns, At safepoint: 2258750 ns, Total: 2467416 ns
[2022-04-22T06:28:34.239+0000][10][gc,marking  ] GC(117) Concurrent Cleanup for Next Mark
[2022-04-22T06:28:34.241+0000][10][gc,marking  ] GC(117) Concurrent Cleanup for Next Mark 1.858ms
[2022-04-22T06:28:34.243+0000][10][gc          ] GC(117) Concurrent Mark Cycle 158.454ms
[2022-04-22T06:28:36.722+0000][10][gc,start    ] GC(118) Pause Young (Normal) (G1 Evacuation Pause)
[2022-04-22T06:28:36.723+0000][10][gc,task     ] GC(118) Using 5 workers of 5 for evacuation
[2022-04-22T06:28:36.724+0000][10][gc,age      ] GC(118) Desired survivor size 18874368 bytes, new threshold 15 (max threshold 15)
[2022-04-22T06:28:36.727+0000][10][gc,age      ] GC(118) Age table with threshold 15 (max threshold 15)
[2022-04-22T06:28:36.728+0000][10][gc,age      ] GC(118) - age   1:    4678552 bytes,    4678552 total
[2022-04-22T06:28:36.729+0000][10][gc,age      ] GC(118) - age   2:     896424 bytes,    5574976 total
[2022-04-22T06:28:36.729+0000][10][gc,age      ] GC(118) - age   3:    1454408 bytes,    7029384 total
[2022-04-22T06:28:36.730+0000][10][gc,age      ] GC(118) - age   4:    1518704 bytes,    8548088 total
[2022-04-22T06:28:36.731+0000][10][gc,age      ] GC(118) - age   5:      60232 bytes,    8608320 total
[2022-04-22T06:28:36.731+0000][10][gc,age      ] GC(118) - age   6:    1049480 bytes,    9657800 total
[2022-04-22T06:28:36.732+0000][10][gc,phases   ] GC(118)   Pre Evacuate Collection Set: 0.1ms
[2022-04-22T06:28:36.733+0000][10][gc,phases   ] GC(118)   Merge Heap Roots: 0.1ms
[2022-04-22T06:28:36.734+0000][10][gc,phases   ] GC(118)   Evacuate Collection Set: 1.8ms
[2022-04-22T06:28:36.734+0000][10][gc,phases   ] GC(118)   Post Evacuate Collection Set: 0.8ms
[2022-04-22T06:28:36.735+0000][10][gc,phases   ] GC(118)   Other: 7.5ms
[2022-04-22T06:28:36.735+0000][10][gc,heap     ] GC(118) Eden regions: 65->0(64)
[2022-04-22T06:28:36.736+0000][10][gc,heap     ] GC(118) Survivor regions: 2->3(9)
[2022-04-22T06:28:36.736+0000][10][gc,heap     ] GC(118) Old regions: 30->30
[2022-04-22T06:28:36.737+0000][10][gc,heap     ] GC(118) Archive regions: 2->2
[2022-04-22T06:28:36.737+0000][10][gc,heap     ] GC(118) Humongous regions: 6->6
[2022-04-22T06:28:36.738+0000][10][gc,metaspace] GC(118) Metaspace: 106901K(108480K)->106901K(108480K) NonClass: 92456K(93376K)->92456K(93376K) Class: 14444K(15104K)->14444K(15104K)
[2022-04-22T06:28:36.739+0000][10][gc          ] GC(118) Pause Young (Normal) (G1 Evacuation Pause) 415M->157M(512M) 16.949ms
[2022-04-22T06:28:36.740+0000][10][gc,cpu      ] GC(118) User=0.01s Sys=0.00s Real=0.02s
[2022-04-22T06:28:36.741+0000][10][safepoint   ] Safepoint "G1CollectForAllocation", Time since last: 2483541918 ns, Reaching safepoint: 124083 ns, At safepoint: 19407667 ns, Total: 19531750 ns
[2022-04-22T06:28:38.815+0000][10][gc,start    ] GC(119) Pause Young (Concurrent Start) (G1 Evacuation Pause)
[2022-04-22T06:28:38.816+0000][10][gc,task     ] GC(119) Using 5 workers of 5 for evacuation
[2022-04-22T06:28:38.817+0000][10][gc,age      ] GC(119) Desired survivor size 18874368 bytes, new threshold 15 (max threshold 15)
[2022-04-22T06:28:38.821+0000][10][gc,age      ] GC(119) Age table with threshold 15 (max threshold 15)
[2022-04-22T06:28:38.822+0000][10][gc,age      ] GC(119) - age   1:    1130520 bytes,    1130520 total
[2022-04-22T06:28:38.822+0000][10][gc,age      ] GC(119) - age   2:    4647288 bytes,    5777808 total
[2022-04-22T06:28:38.823+0000][10][gc,age      ] GC(119) - age   3:     895400 bytes,    6673208 total
[2022-04-22T06:28:38.824+0000][10][gc,age      ] GC(119) - age   4:    1453872 bytes,    8127080 total
[2022-04-22T06:28:38.825+0000][10][gc,age      ] GC(119) - age   5:    1516848 bytes,    9643928 total
[2022-04-22T06:28:38.826+0000][10][gc,age      ] GC(119) - age   6:      59448 bytes,    9703376 total
[2022-04-22T06:28:38.827+0000][10][gc,age      ] GC(119) - age   7:    1048112 bytes,   10751488 total
[2022-04-22T06:28:38.827+0000][10][gc,phases   ] GC(119)   Pre Evacuate Collection Set: 0.2ms
[2022-04-22T06:28:38.828+0000][10][gc,phases   ] GC(119)   Merge Heap Roots: 0.2ms
[2022-04-22T06:28:38.829+0000][10][gc,phases   ] GC(119)   Evacuate Collection Set: 1.7ms
[2022-04-22T06:28:38.830+0000][10][gc,phases   ] GC(119)   Post Evacuate Collection Set: 0.8ms
[2022-04-22T06:28:38.830+0000][10][gc,phases   ] GC(119)   Other: 9.5ms
[2022-04-22T06:28:38.831+0000][10][gc,heap     ] GC(119) Eden regions: 64->0(64)
[2022-04-22T06:28:38.832+0000][10][gc,heap     ] GC(119) Survivor regions: 3->3(9)
[2022-04-22T06:28:38.832+0000][10][gc,heap     ] GC(119) Old regions: 30->30
[2022-04-22T06:28:38.833+0000][10][gc,heap     ] GC(119) Archive regions: 2->2
[2022-04-22T06:28:38.834+0000][10][gc,heap     ] GC(119) Humongous regions: 6->6
[2022-04-22T06:28:38.834+0000][10][gc,metaspace] GC(119) Metaspace: 106902K(108480K)->106902K(108480K) NonClass: 92457K(93376K)->92457K(93376K) Class: 14444K(15104K)->14444K(15104K)
[2022-04-22T06:28:38.835+0000][10][gc          ] GC(119) Pause Young (Concurrent Start) (G1 Evacuation Pause) 413M->158M(512M) 19.762ms
[2022-04-22T06:28:38.836+0000][10][gc,cpu      ] GC(119) User=0.01s Sys=0.00s Real=0.02s
[2022-04-22T06:28:38.836+0000][10][safepoint   ] Safepoint "G1CollectForAllocation", Time since last: 2073834668 ns, Reaching safepoint: 243375 ns, At safepoint: 21341958 ns, Total: 21585333 ns
[2022-04-22T06:28:38.836+0000][10][gc          ] GC(120) Concurrent Mark Cycle
[2022-04-22T06:28:38.838+0000][10][gc,marking  ] GC(120) Concurrent Clear Claimed Marks
[2022-04-22T06:28:38.840+0000][10][gc,marking  ] GC(120) Concurrent Clear Claimed Marks 1.589ms
[2022-04-22T06:28:38.841+0000][10][gc,marking  ] GC(120) Concurrent Scan Root Regions
[2022-04-22T06:28:38.844+0000][10][gc,marking  ] GC(120) Concurrent Scan Root Regions 2.954ms
[2022-04-22T06:28:38.845+0000][10][gc,marking  ] GC(120) Concurrent Mark
[2022-04-22T06:28:38.845+0000][10][gc,marking  ] GC(120) Concurrent Mark From Roots
[2022-04-22T06:28:38.846+0000][10][gc,task     ] GC(120) Using 1 workers of 1 for marking
[2022-04-22T06:28:38.942+0000][10][gc,marking  ] GC(120) Concurrent Mark From Roots 96.264ms
[2022-04-22T06:28:38.942+0000][10][gc,marking  ] GC(120) Concurrent Preclean
[2022-04-22T06:28:38.944+0000][10][gc,marking  ] GC(120) Concurrent Preclean 1.272ms
[2022-04-22T06:28:38.945+0000][10][gc,start    ] GC(120) Pause Remark
[2022-04-22T06:28:38.954+0000][10][gc          ] GC(120) Pause Remark 166M->166M(512M) 8.512ms
[2022-04-22T06:28:38.956+0000][10][gc,cpu      ] GC(120) User=0.02s Sys=0.00s Real=0.01s
[2022-04-22T06:28:38.957+0000][10][safepoint   ] Safepoint "G1Concurrent", Time since last: 108329958 ns, Reaching safepoint: 496042 ns, At safepoint: 11748333 ns, Total: 12244375 ns
[2022-04-22T06:28:38.958+0000][10][gc,marking  ] GC(120) Concurrent Mark 112.892ms
[2022-04-22T06:28:38.958+0000][10][gc,marking  ] GC(120) Concurrent Rebuild Remembered Sets
[2022-04-22T06:28:38.999+0000][10][gc,marking  ] GC(120) Concurrent Rebuild Remembered Sets 40.885ms
[2022-04-22T06:28:39.001+0000][10][gc,start    ] GC(120) Pause Cleanup
[2022-04-22T06:28:39.002+0000][10][gc          ] GC(120) Pause Cleanup 169M->169M(512M) 0.970ms
[2022-04-22T06:28:39.003+0000][10][gc,cpu      ] GC(120) User=0.00s Sys=0.00s Real=0.00s
[2022-04-22T06:28:39.003+0000][10][safepoint   ] Safepoint "G1Concurrent", Time since last: 43570251 ns, Reaching safepoint: 55833 ns, At safepoint: 2677292 ns, Total: 2733125 ns
[2022-04-22T06:28:39.004+0000][10][gc,marking  ] GC(120) Concurrent Cleanup for Next Mark
[2022-04-22T06:28:39.009+0000][10][gc,marking  ] GC(120) Concurrent Cleanup for Next Mark 4.531ms
[2022-04-22T06:28:39.010+0000][10][gc          ] GC(120) Concurrent Mark Cycle 173.121ms
[2022-04-22T06:28:40.420+0000][10][gc,start    ] GC(121) Pause Young (Prepare Mixed) (G1 Evacuation Pause)
[2022-04-22T06:28:40.422+0000][10][gc,task     ] GC(121) Using 5 workers of 5 for evacuation
[2022-04-22T06:28:40.423+0000][10][gc,age      ] GC(121) Desired survivor size 18874368 bytes, new threshold 15 (max threshold 15)
[2022-04-22T06:28:40.428+0000][10][gc,age      ] GC(121) Age table with threshold 15 (max threshold 15)
[2022-04-22T06:28:40.429+0000][10][gc,age      ] GC(121) - age   1:    1391512 bytes,    1391512 total
[2022-04-22T06:28:40.430+0000][10][gc,age      ] GC(121) - age   2:    1075360 bytes,    2466872 total
[2022-04-22T06:28:40.431+0000][10][gc,age      ] GC(121) - age   3:    4644888 bytes,    7111760 total
[2022-04-22T06:28:40.431+0000][10][gc,age      ] GC(121) - age   4:     894584 bytes,    8006344 total
[2022-04-22T06:28:40.432+0000][10][gc,age      ] GC(121) - age   5:    1197120 bytes,    9203464 total
[2022-04-22T06:28:40.433+0000][10][gc,age      ] GC(121) - age   6:    1515312 bytes,   10718776 total
[2022-04-22T06:28:40.433+0000][10][gc,age      ] GC(121) - age   7:      53976 bytes,   10772752 total
[2022-04-22T06:28:40.434+0000][10][gc,age      ] GC(121) - age   8:    1047984 bytes,   11820736 total
[2022-04-22T06:28:40.435+0000][10][gc,phases   ] GC(121)   Pre Evacuate Collection Set: 0.1ms
[2022-04-22T06:28:40.436+0000][10][gc,phases   ] GC(121)   Merge Heap Roots: 0.1ms
[2022-04-22T06:28:40.437+0000][10][gc,phases   ] GC(121)   Evacuate Collection Set: 2.5ms
[2022-04-22T06:28:40.438+0000][10][gc,phases   ] GC(121)   Post Evacuate Collection Set: 0.8ms
[2022-04-22T06:28:40.438+0000][10][gc,phases   ] GC(121)   Other: 10.8ms
[2022-04-22T06:28:40.440+0000][10][gc,heap     ] GC(121) Eden regions: 64->0(3)
[2022-04-22T06:28:40.441+0000][10][gc,heap     ] GC(121) Survivor regions: 3->3(9)
[2022-04-22T06:28:40.441+0000][10][gc,heap     ] GC(121) Old regions: 30->30
[2022-04-22T06:28:40.442+0000][10][gc,heap     ] GC(121) Archive regions: 2->2
[2022-04-22T06:28:40.442+0000][10][gc,heap     ] GC(121) Humongous regions: 6->6
[2022-04-22T06:28:40.443+0000][10][gc,metaspace] GC(121) Metaspace: 106903K(108480K)->106903K(108480K) NonClass: 92458K(93376K)->92458K(93376K) Class: 14444K(15104K)->14444K(15104K)
[2022-04-22T06:28:40.444+0000][10][gc          ] GC(121) Pause Young (Prepare Mixed) (G1 Evacuation Pause) 414M->159M(512M) 23.647ms
[2022-04-22T06:28:40.445+0000][10][gc,cpu      ] GC(121) User=0.01s Sys=0.00s Real=0.02s
[2022-04-22T06:28:40.445+0000][10][safepoint   ] Safepoint "G1CollectForAllocation", Time since last: 1416780334 ns, Reaching safepoint: 252333 ns, At safepoint: 24928667 ns, Total: 25181000 ns
[2022-04-22T06:28:40.455+0000][10][gc,start    ] GC(122) Pause Young (Mixed) (G1 Evacuation Pause)
[2022-04-22T06:28:40.455+0000][10][gc,task     ] GC(122) Using 5 workers of 5 for evacuation
[2022-04-22T06:28:40.458+0000][10][gc,age      ] GC(122) Desired survivor size 2097152 bytes, new threshold 2 (max threshold 15)
[2022-04-22T06:28:40.462+0000][10][gc,age      ] GC(122) Age table with threshold 2 (max threshold 15)
[2022-04-22T06:28:40.462+0000][10][gc,age      ] GC(122) - age   1:      33456 bytes,      33456 total
[2022-04-22T06:28:40.463+0000][10][gc,age      ] GC(122) - age   2:    1390872 bytes,    1424328 total
[2022-04-22T06:28:40.464+0000][10][gc,phases   ] GC(122)   Pre Evacuate Collection Set: 0.2ms
[2022-04-22T06:28:40.465+0000][10][gc,phases   ] GC(122)   Merge Heap Roots: 0.1ms
[2022-04-22T06:28:40.466+0000][10][gc,phases   ] GC(122)   Evacuate Collection Set: 2.4ms
[2022-04-22T06:28:40.467+0000][10][gc,phases   ] GC(122)   Post Evacuate Collection Set: 0.5ms
[2022-04-22T06:28:40.467+0000][10][gc,phases   ] GC(122)   Other: 6.6ms
[2022-04-22T06:28:40.468+0000][10][gc,heap     ] GC(122) Eden regions: 3->0(64)
[2022-04-22T06:28:40.468+0000][10][gc,heap     ] GC(122) Survivor regions: 3->1(1)
[2022-04-22T06:28:40.469+0000][10][gc,heap     ] GC(122) Old regions: 30->32
[2022-04-22T06:28:40.470+0000][10][gc,heap     ] GC(122) Archive regions: 2->2
[2022-04-22T06:28:40.471+0000][10][gc,heap     ] GC(122) Humongous regions: 6->6
[2022-04-22T06:28:40.472+0000][10][gc,metaspace] GC(122) Metaspace: 106903K(108480K)->106903K(108480K) NonClass: 92458K(93376K)->92458K(93376K) Class: 14444K(15104K)->14444K(15104K)
[2022-04-22T06:28:40.472+0000][10][gc          ] GC(122) Pause Young (Mixed) (G1 Evacuation Pause) 171M->155M(512M) 17.791ms
[2022-04-22T06:28:40.473+0000][10][gc,cpu      ] GC(122) User=0.01s Sys=0.00s Real=0.02s
[2022-04-22T06:28:40.474+0000][10][safepoint   ] Safepoint "G1CollectForAllocation", Time since last: 9196916 ns, Reaching safepoint: 124250 ns, At safepoint: 19340584 ns, Total: 19464834 ns
[2022-04-22T06:28:43.000+0000][10][gc,start    ] GC(123) Pause Young (Concurrent Start) (G1 Evacuation Pause)
[2022-04-22T06:28:43.001+0000][10][gc,task     ] GC(123) Using 5 workers of 5 for evacuation
[2022-04-22T06:28:43.003+0000][10][gc,age      ] GC(123) Desired survivor size 18874368 bytes, new threshold 15 (max threshold 15)
[2022-04-22T06:28:43.006+0000][10][gc,age      ] GC(123) Age table with threshold 15 (max threshold 15)
[2022-04-22T06:28:43.007+0000][10][gc,age      ] GC(123) - age   1:    1653496 bytes,    1653496 total
[2022-04-22T06:28:43.008+0000][10][gc,age      ] GC(123) - age   2:      32784 bytes,    1686280 total
[2022-04-22T06:28:43.008+0000][10][gc,age      ] GC(123) - age   3:    1064704 bytes,    2750984 total
[2022-04-22T06:28:43.009+0000][10][gc,phases   ] GC(123)   Pre Evacuate Collection Set: 0.5ms
[2022-04-22T06:28:43.010+0000][10][gc,phases   ] GC(123)   Merge Heap Roots: 0.2ms
[2022-04-22T06:28:43.011+0000][10][gc,phases   ] GC(123)   Evacuate Collection Set: 1.3ms
[2022-04-22T06:28:43.011+0000][10][gc,phases   ] GC(123)   Post Evacuate Collection Set: 0.7ms
[2022-04-22T06:28:43.012+0000][10][gc,phases   ] GC(123)   Other: 6.4ms
[2022-04-22T06:28:43.012+0000][10][gc,heap     ] GC(123) Eden regions: 64->0(64)
[2022-04-22T06:28:43.013+0000][10][gc,heap     ] GC(123) Survivor regions: 1->1(9)
[2022-04-22T06:28:43.014+0000][10][gc,heap     ] GC(123) Old regions: 32->32
[2022-04-22T06:28:43.014+0000][10][gc,heap     ] GC(123) Archive regions: 2->2
[2022-04-22T06:28:43.015+0000][10][gc,heap     ] GC(123) Humongous regions: 6->6
[2022-04-22T06:28:43.015+0000][10][gc,metaspace] GC(123) Metaspace: 106904K(108480K)->106904K(108480K) NonClass: 92459K(93376K)->92459K(93376K) Class: 14444K(15104K)->14444K(15104K)
[2022-04-22T06:28:43.016+0000][10][gc          ] GC(123) Pause Young (Concurrent Start) (G1 Evacuation Pause) 411M->156M(512M) 15.732ms
[2022-04-22T06:28:43.017+0000][10][gc,cpu      ] GC(123) User=0.01s Sys=0.01s Real=0.02s
[2022-04-22T06:28:43.018+0000][10][safepoint   ] Safepoint "G1CollectForAllocation", Time since last: 2526320584 ns, Reaching safepoint: 105333 ns, At safepoint: 17437875 ns, Total: 17543208 ns
[2022-04-22T06:28:43.018+0000][10][gc          ] GC(124) Concurrent Mark Cycle
[2022-04-22T06:28:43.020+0000][10][gc,marking  ] GC(124) Concurrent Clear Claimed Marks
[2022-04-22T06:28:43.021+0000][10][gc,marking  ] GC(124) Concurrent Clear Claimed Marks 0.717ms
[2022-04-22T06:28:43.021+0000][10][gc,marking  ] GC(124) Concurrent Scan Root Regions
[2022-04-22T06:28:43.024+0000][10][gc,marking  ] GC(124) Concurrent Scan Root Regions 2.356ms
[2022-04-22T06:28:43.024+0000][10][gc,marking  ] GC(124) Concurrent Mark
[2022-04-22T06:28:43.025+0000][10][gc,marking  ] GC(124) Concurrent Mark From Roots
[2022-04-22T06:28:43.026+0000][10][gc,task     ] GC(124) Using 1 workers of 1 for marking
[2022-04-22T06:28:43.091+0000][10][gc,marking  ] GC(124) Concurrent Mark From Roots 66.263ms
[2022-04-22T06:28:43.092+0000][10][gc,marking  ] GC(124) Concurrent Preclean
[2022-04-22T06:28:43.094+0000][10][gc,marking  ] GC(124) Concurrent Preclean 1.151ms
[2022-04-22T06:28:43.095+0000][10][gc,start    ] GC(124) Pause Remark
[2022-04-22T06:28:43.105+0000][10][gc          ] GC(124) Pause Remark 165M->165M(512M) 10.027ms
[2022-04-22T06:28:43.106+0000][10][gc,cpu      ] GC(124) User=0.02s Sys=0.00s Real=0.01s
[2022-04-22T06:28:43.107+0000][10][safepoint   ] Safepoint "G1Concurrent", Time since last: 77171875 ns, Reaching safepoint: 46250 ns, At safepoint: 12171250 ns, Total: 12217500 ns
[2022-04-22T06:28:43.108+0000][10][gc,marking  ] GC(124) Concurrent Mark 83.561ms
[2022-04-22T06:28:43.109+0000][10][gc,marking  ] GC(124) Concurrent Rebuild Remembered Sets
[2022-04-22T06:28:43.151+0000][10][gc,marking  ] GC(124) Concurrent Rebuild Remembered Sets 42.050ms
[2022-04-22T06:28:43.152+0000][10][gc,start    ] GC(124) Pause Cleanup
[2022-04-22T06:28:43.153+0000][10][gc          ] GC(124) Pause Cleanup 168M->168M(512M) 1.006ms
[2022-04-22T06:28:43.154+0000][10][gc,cpu      ] GC(124) User=0.00s Sys=0.00s Real=0.00s
[2022-04-22T06:28:43.154+0000][10][safepoint   ] Safepoint "G1Concurrent", Time since last: 44868709 ns, Reaching safepoint: 227333 ns, At safepoint: 2047667 ns, Total: 2275000 ns
[2022-04-22T06:28:43.155+0000][10][gc,marking  ] GC(124) Concurrent Cleanup for Next Mark
[2022-04-22T06:28:43.157+0000][10][gc,marking  ] GC(124) Concurrent Cleanup for Next Mark 1.856ms
[2022-04-22T06:28:43.158+0000][10][gc          ] GC(124) Concurrent Mark Cycle 139.952ms
[2022-04-22T06:29:03.199+0000][10][safepoint   ] Safepoint "Cleanup", Time since last: 20044604467 ns, Reaching safepoint: 79959 ns, At safepoint: 3791 ns, Total: 83750 ns
[2022-04-22T06:29:10.216+0000][10][safepoint   ] Safepoint "Cleanup", Time since last: 7017251004 ns, Reaching safepoint: 170541 ns, At safepoint: 11000 ns, Total: 181541 ns
[2022-04-22T06:30:39.478+0000][10][safepoint   ] Safepoint "Cleanup", Time since last: 89262706916 ns, Reaching safepoint: 86375 ns, At safepoint: 4333 ns, Total: 90708 ns
[2022-04-22T06:31:09.517+0000][10][safepoint   ] Safepoint "Cleanup", Time since last: 30038692764 ns, Reaching safepoint: 60500 ns, At safepoint: 29917 ns, Total: 90417 ns
[2022-04-22T06:33:47.913+0000][10][safepoint   ] Safepoint "Cleanup", Time since last: 158397253488 ns, Reaching safepoint: 336000 ns, At safepoint: 13750 ns, Total: 349750 ns
[2022-04-22T06:33:49.451+0000][10][gc,start    ] GC(125) Pause Young (Prepare Mixed) (G1 Evacuation Pause)
[2022-04-22T06:33:49.452+0000][10][gc,task     ] GC(125) Using 5 workers of 5 for evacuation
[2022-04-22T06:33:49.453+0000][10][gc,age      ] GC(125) Desired survivor size 18874368 bytes, new threshold 15 (max threshold 15)
[2022-04-22T06:33:49.456+0000][10][gc,age      ] GC(125) Age table with threshold 15 (max threshold 15)
[2022-04-22T06:33:49.457+0000][10][gc,age      ] GC(125) - age   1:    1158760 bytes,    1158760 total
[2022-04-22T06:33:49.458+0000][10][gc,age      ] GC(125) - age   2:    1610048 bytes,    2768808 total
[2022-04-22T06:33:49.458+0000][10][gc,age      ] GC(125) - age   3:      32784 bytes,    2801592 total
[2022-04-22T06:33:49.459+0000][10][gc,age      ] GC(125) - age   4:    1063208 bytes,    3864800 total
[2022-04-22T06:33:49.460+0000][10][gc,phases   ] GC(125)   Pre Evacuate Collection Set: 0.1ms
[2022-04-22T06:33:49.461+0000][10][gc,phases   ] GC(125)   Merge Heap Roots: 0.1ms
[2022-04-22T06:33:49.462+0000][10][gc,phases   ] GC(125)   Evacuate Collection Set: 1.7ms
[2022-04-22T06:33:49.463+0000][10][gc,phases   ] GC(125)   Post Evacuate Collection Set: 0.7ms
[2022-04-22T06:33:49.464+0000][10][gc,phases   ] GC(125)   Other: 5.9ms
[2022-04-22T06:33:49.465+0000][10][gc,heap     ] GC(125) Eden regions: 64->0(5)
[2022-04-22T06:33:49.465+0000][10][gc,heap     ] GC(125) Survivor regions: 1->1(9)
[2022-04-22T06:33:49.466+0000][10][gc,heap     ] GC(125) Old regions: 32->32
[2022-04-22T06:33:49.467+0000][10][gc,heap     ] GC(125) Archive regions: 2->2
[2022-04-22T06:33:49.468+0000][10][gc,heap     ] GC(125) Humongous regions: 6->6
[2022-04-22T06:33:49.469+0000][10][gc,metaspace] GC(125) Metaspace: 106930K(108544K)->106930K(108544K) NonClass: 92485K(93440K)->92485K(93440K) Class: 14444K(15104K)->14444K(15104K)
[2022-04-22T06:33:49.470+0000][10][gc          ] GC(125) Pause Young (Prepare Mixed) (G1 Evacuation Pause) 412M->157M(512M) 18.536ms
[2022-04-22T06:33:49.470+0000][10][gc,cpu      ] GC(125) User=0.01s Sys=0.00s Real=0.02s
[2022-04-22T06:33:49.471+0000][10][safepoint   ] Safepoint "G1CollectForAllocation", Time since last: 1537708751 ns, Reaching safepoint: 111000 ns, At safepoint: 20130166 ns, Total: 20241166 ns
[2022-04-22T06:33:50.133+0000][10][gc,start    ] GC(126) Pause Young (Mixed) (G1 Evacuation Pause)
[2022-04-22T06:33:50.133+0000][10][gc,task     ] GC(126) Using 5 workers of 5 for evacuation
[2022-04-22T06:33:50.134+0000][10][gc,age      ] GC(126) Desired survivor size 2097152 bytes, new threshold 2 (max threshold 15)
[2022-04-22T06:33:50.137+0000][10][gc,age      ] GC(126) Age table with threshold 2 (max threshold 15)
[2022-04-22T06:33:50.138+0000][10][gc,age      ] GC(126) - age   1:     335520 bytes,     335520 total
[2022-04-22T06:33:50.138+0000][10][gc,age      ] GC(126) - age   2:     815832 bytes,    1151352 total
[2022-04-22T06:33:50.139+0000][10][gc,phases   ] GC(126)   Pre Evacuate Collection Set: 0.1ms
[2022-04-22T06:33:50.140+0000][10][gc,phases   ] GC(126)   Merge Heap Roots: 0.0ms
[2022-04-22T06:33:50.140+0000][10][gc,phases   ] GC(126)   Evacuate Collection Set: 1.4ms
[2022-04-22T06:33:50.141+0000][10][gc,phases   ] GC(126)   Post Evacuate Collection Set: 0.6ms
[2022-04-22T06:33:50.142+0000][10][gc,phases   ] GC(126)   Other: 4.5ms
[2022-04-22T06:33:50.143+0000][10][gc,heap     ] GC(126) Eden regions: 5->0(65)
[2022-04-22T06:33:50.143+0000][10][gc,heap     ] GC(126) Survivor regions: 1->1(1)
[2022-04-22T06:33:50.144+0000][10][gc,heap     ] GC(126) Old regions: 32->32
[2022-04-22T06:33:50.145+0000][10][gc,heap     ] GC(126) Archive regions: 2->2
[2022-04-22T06:33:50.145+0000][10][gc,heap     ] GC(126) Humongous regions: 6->6
[2022-04-22T06:33:50.146+0000][10][gc,metaspace] GC(126) Metaspace: 106930K(108544K)->106930K(108544K) NonClass: 92485K(93440K)->92485K(93440K) Class: 14444K(15104K)->14444K(15104K)
[2022-04-22T06:33:50.146+0000][10][gc          ] GC(126) Pause Young (Mixed) (G1 Evacuation Pause) 177M->153M(512M) 13.689ms
[2022-04-22T06:33:50.147+0000][10][gc,cpu      ] GC(126) User=0.00s Sys=0.00s Real=0.02s
[2022-04-22T06:33:50.147+0000][10][safepoint   ] Safepoint "G1CollectForAllocation", Time since last: 661238167 ns, Reaching safepoint: 123000 ns, At safepoint: 14854334 ns, Total: 14977334 ns
[2022-04-22T06:33:51.148+0000][10][safepoint   ] Safepoint "Cleanup", Time since last: 1000724709 ns, Reaching safepoint: 55375 ns, At safepoint: 1833 ns, Total: 57208 ns
[2022-04-22T06:33:56.151+0000][10][safepoint   ] Safepoint "Cleanup", Time since last: 5002468919 ns, Reaching safepoint: 238792 ns, At safepoint: 4208 ns, Total: 243000 ns
[2022-04-22T06:34:09.199+0000][10][safepoint   ] Safepoint "Cleanup", Time since last: 13047825089 ns, Reaching safepoint: 94583 ns, At safepoint: 2875 ns, Total: 97458 ns
[2022-04-22T06:34:46.306+0000][10][safepoint   ] Safepoint "Cleanup", Time since last: 37107651726 ns, Reaching safepoint: 95666 ns, At safepoint: 3167 ns, Total: 98833 ns
[2022-04-22T06:35:09.391+0000][10][safepoint   ] Safepoint "Cleanup", Time since last: 23084573385 ns, Reaching safepoint: 200292 ns, At safepoint: 4458 ns, Total: 204750 ns
[2022-04-22T06:35:42.487+0000][10][safepoint   ] Safepoint "Cleanup", Time since last: 33095826724 ns, Reaching safepoint: 155166 ns, At safepoint: 5292 ns, Total: 160458 ns
[2022-04-22T06:35:45.139+0000][10][safepoint   ] Safepoint "Cleanup", Time since last: 2652245376 ns, Reaching safepoint: 264584 ns, At safepoint: 6791 ns, Total: 271375 ns
[2022-04-22T06:35:46.141+0000][10][safepoint   ] Safepoint "Cleanup", Time since last: 1001560918 ns, Reaching safepoint: 80416 ns, At safepoint: 2584 ns, Total: 83000 ns
[2022-04-22T06:35:53.151+0000][10][gc,start    ] GC(127) Pause Young (Concurrent Start) (G1 Evacuation Pause)
[2022-04-22T06:35:53.152+0000][10][gc,task     ] GC(127) Using 5 workers of 5 for evacuation
[2022-04-22T06:35:53.153+0000][10][gc,age      ] GC(127) Desired survivor size 18874368 bytes, new threshold 15 (max threshold 15)
[2022-04-22T06:35:53.157+0000][10][gc,age      ] GC(127) Age table with threshold 15 (max threshold 15)
[2022-04-22T06:35:53.159+0000][10][gc,age      ] GC(127) - age   1:    1116864 bytes,    1116864 total
[2022-04-22T06:35:53.159+0000][10][gc,age      ] GC(127) - age   3:     731536 bytes,    1848400 total
[2022-04-22T06:35:53.160+0000][10][gc,phases   ] GC(127)   Pre Evacuate Collection Set: 0.2ms
[2022-04-22T06:35:53.161+0000][10][gc,phases   ] GC(127)   Merge Heap Roots: 0.1ms
[2022-04-22T06:35:53.162+0000][10][gc,phases   ] GC(127)   Evacuate Collection Set: 1.3ms
[2022-04-22T06:35:53.163+0000][10][gc,phases   ] GC(127)   Post Evacuate Collection Set: 0.8ms
[2022-04-22T06:35:53.164+0000][10][gc,phases   ] GC(127)   Other: 6.7ms
[2022-04-22T06:35:53.165+0000][10][gc,heap     ] GC(127) Eden regions: 65->0(65)
[2022-04-22T06:35:53.166+0000][10][gc,heap     ] GC(127) Survivor regions: 1->1(9)
[2022-04-22T06:35:53.167+0000][10][gc,heap     ] GC(127) Old regions: 32->32
[2022-04-22T06:35:53.168+0000][10][gc,heap     ] GC(127) Archive regions: 2->2
[2022-04-22T06:35:53.169+0000][10][gc,heap     ] GC(127) Humongous regions: 6->6
[2022-04-22T06:35:53.169+0000][10][gc,metaspace] GC(127) Metaspace: 107012K(108608K)->107012K(108608K) NonClass: 92567K(93504K)->92567K(93504K) Class: 14444K(15104K)->14444K(15104K)
[2022-04-22T06:35:53.170+0000][10][gc          ] GC(127) Pause Young (Concurrent Start) (G1 Evacuation Pause) 413M->154M(512M) 19.251ms
[2022-04-22T06:35:53.172+0000][10][gc,cpu      ] GC(127) User=0.01s Sys=0.00s Real=0.02s
[2022-04-22T06:35:53.173+0000][10][safepoint   ] Safepoint "G1CollectForAllocation", Time since last: 7010471670 ns, Reaching safepoint: 53125 ns, At safepoint: 21492208 ns, Total: 21545333 ns
[2022-04-22T06:35:53.173+0000][10][gc          ] GC(128) Concurrent Mark Cycle
[2022-04-22T06:35:53.174+0000][10][gc,marking  ] GC(128) Concurrent Clear Claimed Marks
[2022-04-22T06:35:53.175+0000][10][gc,marking  ] GC(128) Concurrent Clear Claimed Marks 1.047ms
[2022-04-22T06:35:53.176+0000][10][gc,marking  ] GC(128) Concurrent Scan Root Regions
[2022-04-22T06:35:53.178+0000][10][gc,marking  ] GC(128) Concurrent Scan Root Regions 2.021ms
[2022-04-22T06:35:53.179+0000][10][gc,marking  ] GC(128) Concurrent Mark
[2022-04-22T06:35:53.180+0000][10][gc,marking  ] GC(128) Concurrent Mark From Roots
[2022-04-22T06:35:53.182+0000][10][gc,task     ] GC(128) Using 1 workers of 1 for marking
[2022-04-22T06:35:53.250+0000][10][gc,marking  ] GC(128) Concurrent Mark From Roots 69.119ms
[2022-04-22T06:35:53.250+0000][10][gc,marking  ] GC(128) Concurrent Preclean
[2022-04-22T06:35:53.252+0000][10][gc,marking  ] GC(128) Concurrent Preclean 1.323ms
[2022-04-22T06:35:53.253+0000][10][gc,start    ] GC(128) Pause Remark
[2022-04-22T06:35:53.261+0000][10][gc          ] GC(128) Pause Remark 158M->154M(512M) 8.508ms
[2022-04-22T06:35:53.262+0000][10][gc,cpu      ] GC(128) User=0.02s Sys=0.01s Real=0.01s
[2022-04-22T06:35:53.263+0000][10][safepoint   ] Safepoint "G1Concurrent", Time since last: 79825792 ns, Reaching safepoint: 143083 ns, At safepoint: 10398708 ns, Total: 10541791 ns
[2022-04-22T06:35:53.265+0000][10][gc,marking  ] GC(128) Concurrent Mark 85.905ms
[2022-04-22T06:35:53.266+0000][10][gc,marking  ] GC(128) Concurrent Rebuild Remembered Sets
[2022-04-22T06:35:53.307+0000][10][gc,marking  ] GC(128) Concurrent Rebuild Remembered Sets 41.258ms
[2022-04-22T06:35:53.308+0000][10][gc,start    ] GC(128) Pause Cleanup
[2022-04-22T06:35:53.309+0000][10][gc          ] GC(128) Pause Cleanup 156M->156M(512M) 1.362ms
[2022-04-22T06:35:53.310+0000][10][gc,cpu      ] GC(128) User=0.00s Sys=0.00s Real=0.00s
[2022-04-22T06:35:53.311+0000][10][safepoint   ] Safepoint "G1Concurrent", Time since last: 44797792 ns, Reaching safepoint: 113750 ns, At safepoint: 2657917 ns, Total: 2771667 ns
[2022-04-22T06:35:53.312+0000][10][gc,marking  ] GC(128) Concurrent Cleanup for Next Mark
[2022-04-22T06:35:53.313+0000][10][gc,marking  ] GC(128) Concurrent Cleanup for Next Mark 1.646ms
[2022-04-22T06:35:53.314+0000][10][gc          ] GC(128) Concurrent Mark Cycle 141.716ms
[2022-04-22T06:35:54.312+0000][10][safepoint   ] Safepoint "Cleanup", Time since last: 1001046708 ns, Reaching safepoint: 67709 ns, At safepoint: 2958 ns, Total: 70667 ns
[2022-04-22T06:35:57.316+0000][10][safepoint   ] Safepoint "Cleanup", Time since last: 3004522835 ns, Reaching safepoint: 105917 ns, At safepoint: 3458 ns, Total: 109375 ns
[2022-04-22T06:35:59.305+0000][10][gc,start    ] GC(129) Pause Young (Prepare Mixed) (G1 Evacuation Pause)
[2022-04-22T06:35:59.306+0000][10][gc,task     ] GC(129) Using 5 workers of 5 for evacuation
[2022-04-22T06:35:59.307+0000][10][gc,age      ] GC(129) Desired survivor size 18874368 bytes, new threshold 15 (max threshold 15)
[2022-04-22T06:35:59.310+0000][10][gc,age      ] GC(129) Age table with threshold 15 (max threshold 15)
[2022-04-22T06:35:59.311+0000][10][gc,age      ] GC(129) - age   1:    1917624 bytes,    1917624 total
[2022-04-22T06:35:59.312+0000][10][gc,age      ] GC(129) - age   2:     667840 bytes,    2585464 total
[2022-04-22T06:35:59.312+0000][10][gc,age      ] GC(129) - age   4:      64232 bytes,    2649696 total
[2022-04-22T06:35:59.313+0000][10][gc,phases   ] GC(129)   Pre Evacuate Collection Set: 0.1ms
[2022-04-22T06:35:59.314+0000][10][gc,phases   ] GC(129)   Merge Heap Roots: 0.0ms
[2022-04-22T06:35:59.315+0000][10][gc,phases   ] GC(129)   Evacuate Collection Set: 1.5ms
[2022-04-22T06:35:59.315+0000][10][gc,phases   ] GC(129)   Post Evacuate Collection Set: 1.0ms
[2022-04-22T06:35:59.316+0000][10][gc,phases   ] GC(129)   Other: 5.8ms
[2022-04-22T06:35:59.316+0000][10][gc,heap     ] GC(129) Eden regions: 65->0(5)
[2022-04-22T06:35:59.317+0000][10][gc,heap     ] GC(129) Survivor regions: 1->1(9)
[2022-04-22T06:35:59.318+0000][10][gc,heap     ] GC(129) Old regions: 31->31
[2022-04-22T06:35:59.318+0000][10][gc,heap     ] GC(129) Archive regions: 2->2
[2022-04-22T06:35:59.320+0000][10][gc,heap     ] GC(129) Humongous regions: 6->6
[2022-04-22T06:35:59.320+0000][10][gc,metaspace] GC(129) Metaspace: 107032K(108608K)->107032K(108608K) NonClass: 92587K(93504K)->92587K(93504K) Class: 14444K(15104K)->14444K(15104K)
[2022-04-22T06:35:59.321+0000][10][gc          ] GC(129) Pause Young (Prepare Mixed) (G1 Evacuation Pause) 410M->150M(512M) 16.454ms
[2022-04-22T06:35:59.322+0000][10][gc,cpu      ] GC(129) User=0.00s Sys=0.00s Real=0.01s
[2022-04-22T06:35:59.323+0000][10][safepoint   ] Safepoint "G1CollectForAllocation", Time since last: 1988825167 ns, Reaching safepoint: 92166 ns, At safepoint: 17884875 ns, Total: 17977041 ns
[2022-04-22T06:35:59.791+0000][10][gc,start    ] GC(130) Pause Young (Mixed) (G1 Evacuation Pause)
[2022-04-22T06:35:59.792+0000][10][gc,task     ] GC(130) Using 5 workers of 5 for evacuation
[2022-04-22T06:35:59.793+0000][10][gc,age      ] GC(130) Desired survivor size 2097152 bytes, new threshold 2 (max threshold 15)
[2022-04-22T06:35:59.797+0000][10][gc,age      ] GC(130) Age table with threshold 2 (max threshold 15)
[2022-04-22T06:35:59.798+0000][10][gc,age      ] GC(130) - age   1:     719624 bytes,     719624 total
[2022-04-22T06:35:59.800+0000][10][gc,age      ] GC(130) - age   2:    1505416 bytes,    2225040 total
[2022-04-22T06:35:59.801+0000][10][gc,phases   ] GC(130)   Pre Evacuate Collection Set: 0.1ms
[2022-04-22T06:35:59.803+0000][10][gc,phases   ] GC(130)   Merge Heap Roots: 0.1ms
[2022-04-22T06:35:59.804+0000][10][gc,phases   ] GC(130)   Evacuate Collection Set: 1.9ms
[2022-04-22T06:35:59.805+0000][10][gc,phases   ] GC(130)   Post Evacuate Collection Set: 0.8ms
[2022-04-22T06:35:59.806+0000][10][gc,phases   ] GC(130)   Other: 7.6ms
[2022-04-22T06:35:59.808+0000][10][gc,heap     ] GC(130) Eden regions: 5->0(71)
[2022-04-22T06:35:59.810+0000][10][gc,heap     ] GC(130) Survivor regions: 1->1(1)
[2022-04-22T06:35:59.811+0000][10][gc,heap     ] GC(130) Old regions: 31->26
[2022-04-22T06:35:59.812+0000][10][gc,heap     ] GC(130) Archive regions: 2->2
[2022-04-22T06:35:59.813+0000][10][gc,heap     ] GC(130) Humongous regions: 6->6
[2022-04-22T06:35:59.813+0000][10][gc,metaspace] GC(130) Metaspace: 107032K(108608K)->107032K(108608K) NonClass: 92587K(93504K)->92587K(93504K) Class: 14444K(15104K)->14444K(15104K)
[2022-04-22T06:35:59.815+0000][10][gc          ] GC(130) Pause Young (Mixed) (G1 Evacuation Pause) 170M->132M(512M) 23.467ms
[2022-04-22T06:35:59.816+0000][10][gc,cpu      ] GC(130) User=0.01s Sys=0.00s Real=0.03s
[2022-04-22T06:35:59.817+0000][10][safepoint   ] Safepoint "G1CollectForAllocation", Time since last: 468450500 ns, Reaching safepoint: 102250 ns, At safepoint: 25439750 ns, Total: 25542000 ns
[2022-04-22T06:36:01.818+0000][10][safepoint   ] Safepoint "Cleanup", Time since last: 2001366918 ns, Reaching safepoint: 180500 ns, At safepoint: 65958 ns, Total: 246458 ns
[2022-04-22T06:36:02.820+0000][10][safepoint   ] Safepoint "Cleanup", Time since last: 1001707543 ns, Reaching safepoint: 63375 ns, At safepoint: 2583 ns, Total: 65958 ns
[2022-04-22T06:36:03.838+0000][10][safepoint   ] Safepoint "Cleanup", Time since last: 1017657167 ns, Reaching safepoint: 130417 ns, At safepoint: 4541 ns, Total: 134958 ns
[2022-04-22T06:36:04.839+0000][10][safepoint   ] Safepoint "Cleanup", Time since last: 1001239126 ns, Reaching safepoint: 60583 ns, At safepoint: 19708 ns, Total: 80291 ns
[2022-04-22T06:36:05.252+0000][10][gc,start    ] GC(131) Pause Young (Concurrent Start) (G1 Evacuation Pause)
[2022-04-22T06:36:05.254+0000][10][gc,task     ] GC(131) Using 5 workers of 5 for evacuation
[2022-04-22T06:36:05.255+0000][10][gc,age      ] GC(131) Desired survivor size 18874368 bytes, new threshold 15 (max threshold 15)
[2022-04-22T06:36:05.262+0000][10][gc,age      ] GC(131) Age table with threshold 15 (max threshold 15)
[2022-04-22T06:36:05.263+0000][10][gc,age      ] GC(131) - age   1:    2712304 bytes,    2712304 total
[2022-04-22T06:36:05.264+0000][10][gc,age      ] GC(131) - age   2:      57456 bytes,    2769760 total
[2022-04-22T06:36:05.265+0000][10][gc,age      ] GC(131) - age   3:     838024 bytes,    3607784 total
[2022-04-22T06:36:05.266+0000][10][gc,phases   ] GC(131)   Pre Evacuate Collection Set: 0.4ms
[2022-04-22T06:36:05.268+0000][10][gc,phases   ] GC(131)   Merge Heap Roots: 0.1ms
[2022-04-22T06:36:05.269+0000][10][gc,phases   ] GC(131)   Evacuate Collection Set: 3.4ms
[2022-04-22T06:36:05.270+0000][10][gc,phases   ] GC(131)   Post Evacuate Collection Set: 0.7ms
[2022-04-22T06:36:05.271+0000][10][gc,phases   ] GC(131)   Other: 9.5ms
[2022-04-22T06:36:05.271+0000][10][gc,heap     ] GC(131) Eden regions: 71->0(71)
[2022-04-22T06:36:05.272+0000][10][gc,heap     ] GC(131) Survivor regions: 1->1(9)
[2022-04-22T06:36:05.273+0000][10][gc,heap     ] GC(131) Old regions: 26->26
[2022-04-22T06:36:05.274+0000][10][gc,heap     ] GC(131) Archive regions: 2->2
[2022-04-22T06:36:05.275+0000][10][gc,heap     ] GC(131) Humongous regions: 6->6
[2022-04-22T06:36:05.276+0000][10][gc,metaspace] GC(131) Metaspace: 107053K(108608K)->107053K(108608K) NonClass: 92608K(93504K)->92608K(93504K) Class: 14444K(15104K)->14444K(15104K)
[2022-04-22T06:36:05.277+0000][10][gc          ] GC(131) Pause Young (Concurrent Start) (G1 Evacuation Pause) 416M->133M(512M) 25.250ms
[2022-04-22T06:36:05.279+0000][10][gc,cpu      ] GC(131) User=0.01s Sys=0.01s Real=0.03s
[2022-04-22T06:36:05.281+0000][10][safepoint   ] Safepoint "G1CollectForAllocation", Time since last: 412986209 ns, Reaching safepoint: 67375 ns, At safepoint: 28681042 ns, Total: 28748417 ns
[2022-04-22T06:36:05.281+0000][10][gc          ] GC(132) Concurrent Mark Cycle
[2022-04-22T06:36:05.283+0000][10][gc,marking  ] GC(132) Concurrent Clear Claimed Marks
[2022-04-22T06:36:05.283+0000][10][gc,marking  ] GC(132) Concurrent Clear Claimed Marks 0.644ms
[2022-04-22T06:36:05.284+0000][10][gc,marking  ] GC(132) Concurrent Scan Root Regions
[2022-04-22T06:36:05.288+0000][10][gc,marking  ] GC(132) Concurrent Scan Root Regions 3.622ms
[2022-04-22T06:36:05.289+0000][10][gc,marking  ] GC(132) Concurrent Mark
[2022-04-22T06:36:05.291+0000][10][gc,marking  ] GC(132) Concurrent Mark From Roots
[2022-04-22T06:36:05.292+0000][10][gc,task     ] GC(132) Using 1 workers of 1 for marking
[2022-04-22T06:36:05.390+0000][10][gc,marking  ] GC(132) Concurrent Mark From Roots 99.341ms
[2022-04-22T06:36:05.391+0000][10][gc,marking  ] GC(132) Concurrent Preclean
[2022-04-22T06:36:05.393+0000][10][gc,marking  ] GC(132) Concurrent Preclean 1.342ms
[2022-04-22T06:36:05.394+0000][10][gc,start    ] GC(132) Pause Remark
[2022-04-22T06:36:05.402+0000][10][gc          ] GC(132) Pause Remark 142M->142M(512M) 8.682ms
[2022-04-22T06:36:05.404+0000][10][gc,cpu      ] GC(132) User=0.03s Sys=0.00s Real=0.01s
[2022-04-22T06:36:05.405+0000][10][safepoint   ] Safepoint "G1Concurrent", Time since last: 112911791 ns, Reaching safepoint: 107375 ns, At safepoint: 10963292 ns, Total: 11070667 ns
[2022-04-22T06:36:05.406+0000][10][gc,marking  ] GC(132) Concurrent Mark 117.297ms
[2022-04-22T06:36:05.408+0000][10][gc,marking  ] GC(132) Concurrent Rebuild Remembered Sets
[2022-04-22T06:36:05.472+0000][10][gc,marking  ] GC(132) Concurrent Rebuild Remembered Sets 64.565ms
[2022-04-22T06:36:05.473+0000][10][gc,start    ] GC(132) Pause Cleanup
[2022-04-22T06:36:05.475+0000][10][gc          ] GC(132) Pause Cleanup 145M->145M(512M) 1.708ms
[2022-04-22T06:36:05.476+0000][10][gc,cpu      ] GC(132) User=0.00s Sys=0.01s Real=0.00s
[2022-04-22T06:36:05.477+0000][10][safepoint   ] Safepoint "G1Concurrent", Time since last: 68303958 ns, Reaching safepoint: 46667 ns, At safepoint: 3730792 ns, Total: 3777459 ns
[2022-04-22T06:36:05.478+0000][10][gc,marking  ] GC(132) Concurrent Cleanup for Next Mark
[2022-04-22T06:36:05.480+0000][10][gc,marking  ] GC(132) Concurrent Cleanup for Next Mark 2.133ms
[2022-04-22T06:36:05.481+0000][10][gc          ] GC(132) Concurrent Mark Cycle 199.822ms
[2022-04-22T06:36:06.478+0000][10][safepoint   ] Safepoint "Cleanup", Time since last: 1001171125 ns, Reaching safepoint: 101667 ns, At safepoint: 9042 ns, Total: 110709 ns
[2022-04-22T06:36:09.481+0000][10][safepoint   ] Safepoint "Cleanup", Time since last: 3002265251 ns, Reaching safepoint: 364917 ns, At safepoint: 4416 ns, Total: 369333 ns
[2022-04-22T06:36:10.032+0000][10][gc,start    ] GC(133) Pause Young (Prepare Mixed) (G1 Evacuation Pause)
[2022-04-22T06:36:10.036+0000][10][gc,task     ] GC(133) Using 5 workers of 5 for evacuation
[2022-04-22T06:36:10.038+0000][10][gc,age      ] GC(133) Desired survivor size 18874368 bytes, new threshold 15 (max threshold 15)
[2022-04-22T06:36:10.041+0000][10][gc,age      ] GC(133) Age table with threshold 15 (max threshold 15)
[2022-04-22T06:36:10.043+0000][10][gc,age      ] GC(133) - age   1:    2503272 bytes,    2503272 total
[2022-04-22T06:36:10.043+0000][10][gc,age      ] GC(133) - age   2:     724120 bytes,    3227392 total
[2022-04-22T06:36:10.045+0000][10][gc,age      ] GC(133) - age   3:      50176 bytes,    3277568 total
[2022-04-22T06:36:10.046+0000][10][gc,age      ] GC(133) - age   4:     771632 bytes,    4049200 total
[2022-04-22T06:36:10.047+0000][10][gc,phases   ] GC(133)   Pre Evacuate Collection Set: 0.1ms
[2022-04-22T06:36:10.048+0000][10][gc,phases   ] GC(133)   Merge Heap Roots: 0.2ms
[2022-04-22T06:36:10.049+0000][10][gc,phases   ] GC(133)   Evacuate Collection Set: 1.9ms
[2022-04-22T06:36:10.050+0000][10][gc,phases   ] GC(133)   Post Evacuate Collection Set: 0.7ms
[2022-04-22T06:36:10.050+0000][10][gc,phases   ] GC(133)   Other: 12.1ms
[2022-04-22T06:36:10.052+0000][10][gc,heap     ] GC(133) Eden regions: 71->0(5)
[2022-04-22T06:36:10.053+0000][10][gc,heap     ] GC(133) Survivor regions: 1->1(9)
[2022-04-22T06:36:10.054+0000][10][gc,heap     ] GC(133) Old regions: 26->26
[2022-04-22T06:36:10.055+0000][10][gc,heap     ] GC(133) Archive regions: 2->2
[2022-04-22T06:36:10.055+0000][10][gc,heap     ] GC(133) Humongous regions: 6->6
[2022-04-22T06:36:10.056+0000][10][gc,metaspace] GC(133) Metaspace: 107071K(108672K)->107071K(108672K) NonClass: 92626K(93568K)->92626K(93568K) Class: 14444K(15104K)->14444K(15104K)
[2022-04-22T06:36:10.057+0000][10][gc          ] GC(133) Pause Young (Prepare Mixed) (G1 Evacuation Pause) 417M->133M(512M) 24.868ms
[2022-04-22T06:36:10.057+0000][10][gc,cpu      ] GC(133) User=0.01s Sys=0.00s Real=0.03s
[2022-04-22T06:36:10.058+0000][10][safepoint   ] Safepoint "G1CollectForAllocation", Time since last: 551079209 ns, Reaching safepoint: 53000 ns, At safepoint: 26060583 ns, Total: 26113583 ns
[2022-04-22T06:36:10.378+0000][10][gc,start    ] GC(134) Pause Young (Mixed) (G1 Evacuation Pause)
[2022-04-22T06:36:10.379+0000][10][gc,task     ] GC(134) Using 5 workers of 5 for evacuation
[2022-04-22T06:36:10.379+0000][10][gc,age      ] GC(134) Desired survivor size 2097152 bytes, new threshold 1 (max threshold 15)
[2022-04-22T06:36:10.384+0000][10][gc,age      ] GC(134) Age table with threshold 1 (max threshold 15)
[2022-04-22T06:36:10.385+0000][10][gc,age      ] GC(134) - age   1:     230616 bytes,     230616 total
[2022-04-22T06:36:10.385+0000][10][gc,phases   ] GC(134)   Pre Evacuate Collection Set: 0.1ms
[2022-04-22T06:36:10.387+0000][10][gc,phases   ] GC(134)   Merge Heap Roots: 0.1ms
[2022-04-22T06:36:10.387+0000][10][gc,phases   ] GC(134)   Evacuate Collection Set: 2.9ms
[2022-04-22T06:36:10.388+0000][10][gc,phases   ] GC(134)   Post Evacuate Collection Set: 0.8ms
[2022-04-22T06:36:10.389+0000][10][gc,phases   ] GC(134)   Other: 3.4ms
[2022-04-22T06:36:10.389+0000][10][gc,heap     ] GC(134) Eden regions: 5->0(71)
[2022-04-22T06:36:10.390+0000][10][gc,heap     ] GC(134) Survivor regions: 1->1(1)
[2022-04-22T06:36:10.391+0000][10][gc,heap     ] GC(134) Old regions: 26->26
[2022-04-22T06:36:10.392+0000][10][gc,heap     ] GC(134) Archive regions: 2->2
[2022-04-22T06:36:10.392+0000][10][gc,heap     ] GC(134) Humongous regions: 6->6
[2022-04-22T06:36:10.393+0000][10][gc,metaspace] GC(134) Metaspace: 107072K(108672K)->107072K(108672K) NonClass: 92627K(93568K)->92627K(93568K) Class: 14444K(15104K)->14444K(15104K)
[2022-04-22T06:36:10.394+0000][10][gc          ] GC(134) Pause Young (Mixed) (G1 Evacuation Pause) 153M->129M(512M) 16.095ms
[2022-04-22T06:36:10.395+0000][10][gc,cpu      ] GC(134) User=0.01s Sys=0.01s Real=0.02s
[2022-04-22T06:36:10.396+0000][10][safepoint   ] Safepoint "G1CollectForAllocation", Time since last: 319644417 ns, Reaching safepoint: 314042 ns, At safepoint: 18068541 ns, Total: 18382583 ns
[2022-04-22T06:36:15.397+0000][10][safepoint   ] Safepoint "Cleanup", Time since last: 5001213003 ns, Reaching safepoint: 118708 ns, At safepoint: 5167 ns, Total: 123875 ns
[2022-04-22T06:36:15.861+0000][10][gc,start    ] GC(135) Pause Young (Concurrent Start) (G1 Evacuation Pause)
[2022-04-22T06:36:15.862+0000][10][gc,task     ] GC(135) Using 5 workers of 5 for evacuation
[2022-04-22T06:36:15.863+0000][10][gc,age      ] GC(135) Desired survivor size 18874368 bytes, new threshold 15 (max threshold 15)
[2022-04-22T06:36:15.866+0000][10][gc,age      ] GC(135) Age table with threshold 15 (max threshold 15)
[2022-04-22T06:36:15.867+0000][10][gc,age      ] GC(135) - age   1:    2820848 bytes,    2820848 total
[2022-04-22T06:36:15.868+0000][10][gc,age      ] GC(135) - age   2:     102392 bytes,    2923240 total
[2022-04-22T06:36:15.869+0000][10][gc,phases   ] GC(135)   Pre Evacuate Collection Set: 0.4ms
[2022-04-22T06:36:15.871+0000][10][gc,phases   ] GC(135)   Merge Heap Roots: 0.2ms
[2022-04-22T06:36:15.871+0000][10][gc,phases   ] GC(135)   Evacuate Collection Set: 1.3ms
[2022-04-22T06:36:15.872+0000][10][gc,phases   ] GC(135)   Post Evacuate Collection Set: 0.5ms
[2022-04-22T06:36:15.872+0000][10][gc,phases   ] GC(135)   Other: 5.7ms
[2022-04-22T06:36:15.873+0000][10][gc,heap     ] GC(135) Eden regions: 71->0(70)
[2022-04-22T06:36:15.873+0000][10][gc,heap     ] GC(135) Survivor regions: 1->1(9)
[2022-04-22T06:36:15.874+0000][10][gc,heap     ] GC(135) Old regions: 26->26
[2022-04-22T06:36:15.875+0000][10][gc,heap     ] GC(135) Archive regions: 2->2
[2022-04-22T06:36:15.875+0000][10][gc,heap     ] GC(135) Humongous regions: 6->6
[2022-04-22T06:36:15.876+0000][10][gc,metaspace] GC(135) Metaspace: 107079K(108672K)->107079K(108672K) NonClass: 92634K(93568K)->92634K(93568K) Class: 14444K(15104K)->14444K(15104K)
[2022-04-22T06:36:15.877+0000][10][gc          ] GC(135) Pause Young (Concurrent Start) (G1 Evacuation Pause) 413M->131M(512M) 15.678ms
[2022-04-22T06:36:15.877+0000][10][gc,cpu      ] GC(135) User=0.01s Sys=0.00s Real=0.02s
[2022-04-22T06:36:15.878+0000][10][safepoint   ] Safepoint "G1CollectForAllocation", Time since last: 463589083 ns, Reaching safepoint: 55667 ns, At safepoint: 17077417 ns, Total: 17133084 ns
[2022-04-22T06:36:15.878+0000][10][gc          ] GC(136) Concurrent Mark Cycle
[2022-04-22T06:36:15.879+0000][10][gc,marking  ] GC(136) Concurrent Clear Claimed Marks
[2022-04-22T06:36:15.880+0000][10][gc,marking  ] GC(136) Concurrent Clear Claimed Marks 0.929ms
[2022-04-22T06:36:15.882+0000][10][gc,marking  ] GC(136) Concurrent Scan Root Regions
[2022-04-22T06:36:15.884+0000][10][gc,marking  ] GC(136) Concurrent Scan Root Regions 2.052ms
[2022-04-22T06:36:15.885+0000][10][gc,marking  ] GC(136) Concurrent Mark
[2022-04-22T06:36:15.886+0000][10][gc,marking  ] GC(136) Concurrent Mark From Roots
[2022-04-22T06:36:15.887+0000][10][gc,task     ] GC(136) Using 1 workers of 1 for marking
[2022-04-22T06:36:15.951+0000][10][gc,marking  ] GC(136) Concurrent Mark From Roots 64.983ms
[2022-04-22T06:36:15.952+0000][10][gc,marking  ] GC(136) Concurrent Preclean
[2022-04-22T06:36:15.953+0000][10][gc,marking  ] GC(136) Concurrent Preclean 1.024ms
[2022-04-22T06:36:15.954+0000][10][gc,start    ] GC(136) Pause Remark
[2022-04-22T06:36:15.962+0000][10][gc          ] GC(136) Pause Remark 135M->135M(512M) 8.359ms
[2022-04-22T06:36:15.963+0000][10][gc,cpu      ] GC(136) User=0.02s Sys=0.00s Real=0.01s
[2022-04-22T06:36:15.964+0000][10][safepoint   ] Safepoint "G1Concurrent", Time since last: 75852166 ns, Reaching safepoint: 181042 ns, At safepoint: 10214208 ns, Total: 10395250 ns
[2022-04-22T06:36:15.965+0000][10][gc,marking  ] GC(136) Concurrent Mark 79.589ms
[2022-04-22T06:36:15.966+0000][10][gc,marking  ] GC(136) Concurrent Rebuild Remembered Sets
[2022-04-22T06:36:16.005+0000][10][gc,marking  ] GC(136) Concurrent Rebuild Remembered Sets 39.707ms
[2022-04-22T06:36:16.007+0000][10][gc,start    ] GC(136) Pause Cleanup
[2022-04-22T06:36:16.008+0000][10][gc          ] GC(136) Pause Cleanup 138M->138M(512M) 1.178ms
[2022-04-22T06:36:16.009+0000][10][gc,cpu      ] GC(136) User=0.00s Sys=0.00s Real=0.00s
[2022-04-22T06:36:16.010+0000][10][safepoint   ] Safepoint "G1Concurrent", Time since last: 42459917 ns, Reaching safepoint: 123250 ns, At safepoint: 2783333 ns, Total: 2906583 ns
[2022-04-22T06:36:16.011+0000][10][gc,marking  ] GC(136) Concurrent Cleanup for Next Mark
[2022-04-22T06:36:16.012+0000][10][gc,marking  ] GC(136) Concurrent Cleanup for Next Mark 1.066ms
[2022-04-22T06:36:16.013+0000][10][gc          ] GC(136) Concurrent Mark Cycle 134.611ms
[2022-04-22T06:36:19.011+0000][10][safepoint   ] Safepoint "Cleanup", Time since last: 3001194169 ns, Reaching safepoint: 58291 ns, At safepoint: 2917 ns, Total: 61208 ns
[2022-04-22T06:36:22.003+0000][10][gc,start    ] GC(137) Pause Young (Normal) (G1 Evacuation Pause)
[2022-04-22T06:36:22.004+0000][10][gc,task     ] GC(137) Using 5 workers of 5 for evacuation
[2022-04-22T06:36:22.005+0000][10][gc,age      ] GC(137) Desired survivor size 18874368 bytes, new threshold 15 (max threshold 15)
[2022-04-22T06:36:22.010+0000][10][gc,age      ] GC(137) Age table with threshold 15 (max threshold 15)
[2022-04-22T06:36:22.011+0000][10][gc,age      ] GC(137) - age   1:    3095136 bytes,    3095136 total
[2022-04-22T06:36:22.012+0000][10][gc,age      ] GC(137) - age   2:    1652160 bytes,    4747296 total
[2022-04-22T06:36:22.012+0000][10][gc,age      ] GC(137) - age   3:      27944 bytes,    4775240 total
[2022-04-22T06:36:22.023+0000][10][gc,phases   ] GC(137)   Pre Evacuate Collection Set: 0.1ms
[2022-04-22T06:36:22.024+0000][10][gc,phases   ] GC(137)   Merge Heap Roots: 0.1ms
[2022-04-22T06:36:22.026+0000][10][gc,phases   ] GC(137)   Evacuate Collection Set: 1.3ms
[2022-04-22T06:36:22.026+0000][10][gc,phases   ] GC(137)   Post Evacuate Collection Set: 1.0ms
[2022-04-22T06:36:22.027+0000][10][gc,phases   ] GC(137)   Other: 17.8ms
[2022-04-22T06:36:22.029+0000][10][gc,heap     ] GC(137) Eden regions: 70->0(69)
[2022-04-22T06:36:22.029+0000][10][gc,heap     ] GC(137) Survivor regions: 1->2(9)
[2022-04-22T06:36:22.030+0000][10][gc,heap     ] GC(137) Old regions: 26->26
[2022-04-22T06:36:22.031+0000][10][gc,heap     ] GC(137) Archive regions: 2->2
[2022-04-22T06:36:22.032+0000][10][gc,heap     ] GC(137) Humongous regions: 6->6
[2022-04-22T06:36:22.032+0000][10][gc,metaspace] GC(137) Metaspace: 107079K(108672K)->107079K(108672K) NonClass: 92634K(93568K)->92634K(93568K) Class: 14444K(15104K)->14444K(15104K)
[2022-04-22T06:36:22.033+0000][10][gc          ] GC(137) Pause Young (Normal) (G1 Evacuation Pause) 411M->133M(512M) 30.529ms
[2022-04-22T06:36:22.034+0000][10][gc,cpu      ] GC(137) User=0.01s Sys=0.00s Real=0.03s
[2022-04-22T06:36:22.035+0000][10][safepoint   ] Safepoint "G1CollectForAllocation", Time since last: 2991632126 ns, Reaching safepoint: 168542 ns, At safepoint: 32356500 ns, Total: 32525042 ns
[2022-04-22T06:36:24.036+0000][10][safepoint   ] Safepoint "Cleanup", Time since last: 2000813834 ns, Reaching safepoint: 328667 ns, At safepoint: 14375 ns, Total: 343042 ns
[2022-04-22T06:36:27.390+0000][10][gc,start    ] GC(138) Pause Young (Concurrent Start) (G1 Evacuation Pause)
[2022-04-22T06:36:27.391+0000][10][gc,task     ] GC(138) Using 5 workers of 5 for evacuation
[2022-04-22T06:36:27.391+0000][10][gc,age      ] GC(138) Desired survivor size 18874368 bytes, new threshold 15 (max threshold 15)
[2022-04-22T06:36:27.395+0000][10][gc,age      ] GC(138) Age table with threshold 15 (max threshold 15)
[2022-04-22T06:36:27.396+0000][10][gc,age      ] GC(138) - age   1:    2684200 bytes,    2684200 total
[2022-04-22T06:36:27.397+0000][10][gc,age      ] GC(138) - age   2:    2133936 bytes,    4818136 total
[2022-04-22T06:36:27.398+0000][10][gc,age      ] GC(138) - age   3:    1626240 bytes,    6444376 total
[2022-04-22T06:36:27.399+0000][10][gc,age      ] GC(138) - age   4:      26040 bytes,    6470416 total
[2022-04-22T06:36:27.400+0000][10][gc,phases   ] GC(138)   Pre Evacuate Collection Set: 0.4ms
[2022-04-22T06:36:27.400+0000][10][gc,phases   ] GC(138)   Merge Heap Roots: 0.1ms
[2022-04-22T06:36:27.401+0000][10][gc,phases   ] GC(138)   Evacuate Collection Set: 1.6ms
[2022-04-22T06:36:27.402+0000][10][gc,phases   ] GC(138)   Post Evacuate Collection Set: 0.8ms
[2022-04-22T06:36:27.403+0000][10][gc,phases   ] GC(138)   Other: 6.9ms
[2022-04-22T06:36:27.403+0000][10][gc,heap     ] GC(138) Eden regions: 69->0(69)
[2022-04-22T06:36:27.404+0000][10][gc,heap     ] GC(138) Survivor regions: 2->2(9)
[2022-04-22T06:36:27.404+0000][10][gc,heap     ] GC(138) Old regions: 26->26
[2022-04-22T06:36:27.405+0000][10][gc,heap     ] GC(138) Archive regions: 2->2
[2022-04-22T06:36:27.405+0000][10][gc,heap     ] GC(138) Humongous regions: 6->6
[2022-04-22T06:36:27.406+0000][10][gc,metaspace] GC(138) Metaspace: 107079K(108672K)->107079K(108672K) NonClass: 92634K(93568K)->92634K(93568K) Class: 14444K(15104K)->14444K(15104K)
[2022-04-22T06:36:27.407+0000][10][gc          ] GC(138) Pause Young (Concurrent Start) (G1 Evacuation Pause) 409M->135M(512M) 16.892ms
[2022-04-22T06:36:27.408+0000][10][gc,cpu      ] GC(138) User=0.00s Sys=0.00s Real=0.02s
[2022-04-22T06:36:27.408+0000][10][safepoint   ] Safepoint "G1CollectForAllocation", Time since last: 3353447252 ns, Reaching safepoint: 50458 ns, At safepoint: 18816250 ns, Total: 18866708 ns
[2022-04-22T06:36:27.409+0000][10][gc          ] GC(139) Concurrent Mark Cycle
[2022-04-22T06:36:27.410+0000][10][gc,marking  ] GC(139) Concurrent Clear Claimed Marks
[2022-04-22T06:36:27.411+0000][10][gc,marking  ] GC(139) Concurrent Clear Claimed Marks 0.931ms
[2022-04-22T06:36:27.411+0000][10][gc,marking  ] GC(139) Concurrent Scan Root Regions
[2022-04-22T06:36:27.413+0000][10][gc,marking  ] GC(139) Concurrent Scan Root Regions 2.169ms
[2022-04-22T06:36:27.414+0000][10][gc,marking  ] GC(139) Concurrent Mark
[2022-04-22T06:36:27.415+0000][10][gc,marking  ] GC(139) Concurrent Mark From Roots
[2022-04-22T06:36:27.416+0000][10][gc,task     ] GC(139) Using 1 workers of 1 for marking
[2022-04-22T06:36:27.508+0000][10][gc,marking  ] GC(139) Concurrent Mark From Roots 93.396ms
[2022-04-22T06:36:27.510+0000][10][gc,marking  ] GC(139) Concurrent Preclean
[2022-04-22T06:36:27.511+0000][10][gc,marking  ] GC(139) Concurrent Preclean 1.540ms
[2022-04-22T06:36:27.512+0000][10][gc,start    ] GC(139) Pause Remark
[2022-04-22T06:36:27.520+0000][10][gc          ] GC(139) Pause Remark 145M->145M(512M) 8.252ms
[2022-04-22T06:36:27.522+0000][10][gc,cpu      ] GC(139) User=0.02s Sys=0.01s Real=0.01s
[2022-04-22T06:36:27.523+0000][10][safepoint   ] Safepoint "G1Concurrent", Time since last: 103583667 ns, Reaching safepoint: 69041 ns, At safepoint: 10394625 ns, Total: 10463666 ns
[2022-04-22T06:36:27.524+0000][10][gc,marking  ] GC(139) Concurrent Mark 109.623ms
[2022-04-22T06:36:27.525+0000][10][gc,marking  ] GC(139) Concurrent Rebuild Remembered Sets
[2022-04-22T06:36:27.582+0000][10][gc,marking  ] GC(139) Concurrent Rebuild Remembered Sets 57.157ms
[2022-04-22T06:36:27.584+0000][10][gc,start    ] GC(139) Pause Cleanup
[2022-04-22T06:36:27.585+0000][10][gc          ] GC(139) Pause Cleanup 148M->148M(512M) 0.942ms
[2022-04-22T06:36:27.586+0000][10][gc,cpu      ] GC(139) User=0.00s Sys=0.00s Real=0.00s
[2022-04-22T06:36:27.587+0000][10][safepoint   ] Safepoint "G1Concurrent", Time since last: 61039625 ns, Reaching safepoint: 413167 ns, At safepoint: 3162917 ns, Total: 3576084 ns
[2022-04-22T06:36:27.588+0000][10][gc,marking  ] GC(139) Concurrent Cleanup for Next Mark
[2022-04-22T06:36:27.590+0000][10][gc,marking  ] GC(139) Concurrent Cleanup for Next Mark 1.891ms
[2022-04-22T06:36:27.591+0000][10][gc          ] GC(139) Concurrent Mark Cycle 182.089ms
[2022-04-22T06:36:32.345+0000][10][gc,start    ] GC(140) Pause Young (Normal) (G1 Evacuation Pause)
[2022-04-22T06:36:32.346+0000][10][gc,task     ] GC(140) Using 5 workers of 5 for evacuation
[2022-04-22T06:36:32.347+0000][10][gc,age      ] GC(140) Desired survivor size 18874368 bytes, new threshold 15 (max threshold 15)
[2022-04-22T06:36:32.350+0000][10][gc,age      ] GC(140) Age table with threshold 15 (max threshold 15)
[2022-04-22T06:36:32.351+0000][10][gc,age      ] GC(140) - age   1:    2670712 bytes,    2670712 total
[2022-04-22T06:36:32.351+0000][10][gc,age      ] GC(140) - age   2:    1507952 bytes,    4178664 total
[2022-04-22T06:36:32.352+0000][10][gc,age      ] GC(140) - age   3:    2064496 bytes,    6243160 total
[2022-04-22T06:36:32.353+0000][10][gc,age      ] GC(140) - age   4:    1613896 bytes,    7857056 total
[2022-04-22T06:36:32.353+0000][10][gc,age      ] GC(140) - age   5:      24136 bytes,    7881192 total
[2022-04-22T06:36:32.354+0000][10][gc,phases   ] GC(140)   Pre Evacuate Collection Set: 0.2ms
[2022-04-22T06:36:32.354+0000][10][gc,phases   ] GC(140)   Merge Heap Roots: 0.1ms
[2022-04-22T06:36:32.355+0000][10][gc,phases   ] GC(140)   Evacuate Collection Set: 1.8ms
[2022-04-22T06:36:32.356+0000][10][gc,phases   ] GC(140)   Post Evacuate Collection Set: 0.7ms
[2022-04-22T06:36:32.356+0000][10][gc,phases   ] GC(140)   Other: 5.7ms
[2022-04-22T06:36:32.357+0000][10][gc,heap     ] GC(140) Eden regions: 69->0(69)
[2022-04-22T06:36:32.358+0000][10][gc,heap     ] GC(140) Survivor regions: 2->2(9)
[2022-04-22T06:36:32.359+0000][10][gc,heap     ] GC(140) Old regions: 26->26
[2022-04-22T06:36:32.360+0000][10][gc,heap     ] GC(140) Archive regions: 2->2
[2022-04-22T06:36:32.361+0000][10][gc,heap     ] GC(140) Humongous regions: 6->6
[2022-04-22T06:36:32.361+0000][10][gc,metaspace] GC(140) Metaspace: 107082K(108672K)->107082K(108672K) NonClass: 92637K(93568K)->92637K(93568K) Class: 14444K(15104K)->14444K(15104K)
[2022-04-22T06:36:32.362+0000][10][gc          ] GC(140) Pause Young (Normal) (G1 Evacuation Pause) 411M->136M(512M) 16.596ms
[2022-04-22T06:36:32.363+0000][10][gc,cpu      ] GC(140) User=0.00s Sys=0.01s Real=0.02s
[2022-04-22T06:36:32.363+0000][10][safepoint   ] Safepoint "G1CollectForAllocation", Time since last: 4758053502 ns, Reaching safepoint: 164666 ns, At safepoint: 17792834 ns, Total: 17957500 ns
[2022-04-22T06:36:36.365+0000][10][safepoint   ] Safepoint "Cleanup", Time since last: 4001450752 ns, Reaching safepoint: 40166 ns, At safepoint: 5417 ns, Total: 45583 ns
[2022-04-22T06:36:36.450+0000][10][gc,start    ] GC(141) Pause Young (Concurrent Start) (G1 Evacuation Pause)
[2022-04-22T06:36:36.450+0000][10][gc,task     ] GC(141) Using 5 workers of 5 for evacuation
[2022-04-22T06:36:36.451+0000][10][gc,age      ] GC(141) Desired survivor size 18874368 bytes, new threshold 15 (max threshold 15)
[2022-04-22T06:36:36.456+0000][10][gc,age      ] GC(141) Age table with threshold 15 (max threshold 15)
[2022-04-22T06:36:36.457+0000][10][gc,age      ] GC(141) - age   1:    3771040 bytes,    3771040 total
[2022-04-22T06:36:36.458+0000][10][gc,age      ] GC(141) - age   2:    1269880 bytes,    5040920 total
[2022-04-22T06:36:36.459+0000][10][gc,age      ] GC(141) - age   3:    1449872 bytes,    6490792 total
[2022-04-22T06:36:36.459+0000][10][gc,age      ] GC(141) - age   4:    1679784 bytes,    8170576 total
[2022-04-22T06:36:36.460+0000][10][gc,age      ] GC(141) - age   5:    1604936 bytes,    9775512 total
[2022-04-22T06:36:36.461+0000][10][gc,age      ] GC(141) - age   6:      21448 bytes,    9796960 total
[2022-04-22T06:36:36.461+0000][10][gc,phases   ] GC(141)   Pre Evacuate Collection Set: 0.2ms
[2022-04-22T06:36:36.462+0000][10][gc,phases   ] GC(141)   Merge Heap Roots: 0.2ms
[2022-04-22T06:36:36.463+0000][10][gc,phases   ] GC(141)   Evacuate Collection Set: 2.9ms
[2022-04-22T06:36:36.463+0000][10][gc,phases   ] GC(141)   Post Evacuate Collection Set: 0.7ms
[2022-04-22T06:36:36.464+0000][10][gc,phases   ] GC(141)   Other: 7.9ms
[2022-04-22T06:36:36.464+0000][10][gc,heap     ] GC(141) Eden regions: 69->0(68)
[2022-04-22T06:36:36.465+0000][10][gc,heap     ] GC(141) Survivor regions: 2->3(9)
[2022-04-22T06:36:36.465+0000][10][gc,heap     ] GC(141) Old regions: 26->26
[2022-04-22T06:36:36.466+0000][10][gc,heap     ] GC(141) Archive regions: 2->2
[2022-04-22T06:36:36.466+0000][10][gc,heap     ] GC(141) Humongous regions: 6->6
[2022-04-22T06:36:36.467+0000][10][gc,metaspace] GC(141) Metaspace: 107084K(108672K)->107084K(108672K) NonClass: 92639K(93568K)->92639K(93568K) Class: 14444K(15104K)->14444K(15104K)
[2022-04-22T06:36:36.467+0000][10][gc          ] GC(141) Pause Young (Concurrent Start) (G1 Evacuation Pause) 412M->138M(512M) 17.903ms
[2022-04-22T06:36:36.468+0000][10][gc,cpu      ] GC(141) User=0.01s Sys=0.01s Real=0.02s
[2022-04-22T06:36:36.469+0000][10][safepoint   ] Safepoint "G1CollectForAllocation", Time since last: 84723292 ns, Reaching safepoint: 88625 ns, At safepoint: 19254333 ns, Total: 19342958 ns
[2022-04-22T06:36:36.469+0000][10][gc          ] GC(142) Concurrent Mark Cycle
[2022-04-22T06:36:36.471+0000][10][gc,marking  ] GC(142) Concurrent Clear Claimed Marks
[2022-04-22T06:36:36.472+0000][10][gc,marking  ] GC(142) Concurrent Clear Claimed Marks 1.102ms
[2022-04-22T06:36:36.473+0000][10][gc,marking  ] GC(142) Concurrent Scan Root Regions
[2022-04-22T06:36:36.476+0000][10][gc,marking  ] GC(142) Concurrent Scan Root Regions 2.836ms
[2022-04-22T06:36:36.477+0000][10][gc,marking  ] GC(142) Concurrent Mark
[2022-04-22T06:36:36.478+0000][10][gc,marking  ] GC(142) Concurrent Mark From Roots
[2022-04-22T06:36:36.479+0000][10][gc,task     ] GC(142) Using 1 workers of 1 for marking
[2022-04-22T06:36:36.541+0000][10][gc,marking  ] GC(142) Concurrent Mark From Roots 62.426ms
[2022-04-22T06:36:36.542+0000][10][gc,marking  ] GC(142) Concurrent Preclean
[2022-04-22T06:36:36.543+0000][10][gc,marking  ] GC(142) Concurrent Preclean 1.298ms
[2022-04-22T06:36:36.544+0000][10][gc,start    ] GC(142) Pause Remark
[2022-04-22T06:36:36.551+0000][10][gc          ] GC(142) Pause Remark 144M->144M(512M) 7.433ms
[2022-04-22T06:36:36.552+0000][10][gc,cpu      ] GC(142) User=0.02s Sys=0.01s Real=0.01s
[2022-04-22T06:36:36.553+0000][10][safepoint   ] Safepoint "G1Concurrent", Time since last: 75156833 ns, Reaching safepoint: 39250 ns, At safepoint: 9213667 ns, Total: 9252917 ns
[2022-04-22T06:36:36.554+0000][10][gc,marking  ] GC(142) Concurrent Mark 77.269ms
[2022-04-22T06:36:36.555+0000][10][gc,marking  ] GC(142) Concurrent Rebuild Remembered Sets
[2022-04-22T06:36:36.596+0000][10][gc,marking  ] GC(142) Concurrent Rebuild Remembered Sets 41.524ms
[2022-04-22T06:36:36.598+0000][10][gc,start    ] GC(142) Pause Cleanup
[2022-04-22T06:36:36.599+0000][10][gc          ] GC(142) Pause Cleanup 146M->146M(512M) 1.053ms
[2022-04-22T06:36:36.600+0000][10][gc,cpu      ] GC(142) User=0.00s Sys=0.00s Real=0.00s
[2022-04-22T06:36:36.601+0000][10][safepoint   ] Safepoint "G1Concurrent", Time since last: 44446875 ns, Reaching safepoint: 110333 ns, At safepoint: 3645084 ns, Total: 3755417 ns
[2022-04-22T06:36:36.603+0000][10][gc,marking  ] GC(142) Concurrent Cleanup for Next Mark
[2022-04-22T06:36:36.605+0000][10][gc,marking  ] GC(142) Concurrent Cleanup for Next Mark 1.947ms
[2022-04-22T06:36:36.605+0000][10][gc          ] GC(142) Concurrent Mark Cycle 136.706ms
[2022-04-22T06:36:38.604+0000][10][safepoint   ] Safepoint "Cleanup", Time since last: 2001504417 ns, Reaching safepoint: 609375 ns, At safepoint: 86417 ns, Total: 695792 ns
[2022-04-22T06:36:39.605+0000][10][safepoint   ] Safepoint "Cleanup", Time since last: 1000735042 ns, Reaching safepoint: 195042 ns, At safepoint: 3791 ns, Total: 198833 ns
[2022-04-22T06:36:40.574+0000][10][gc,start    ] GC(143) Pause Young (Normal) (G1 Evacuation Pause)
[2022-04-22T06:36:40.577+0000][10][gc,task     ] GC(143) Using 5 workers of 5 for evacuation
[2022-04-22T06:36:40.577+0000][10][gc,age      ] GC(143) Desired survivor size 18874368 bytes, new threshold 15 (max threshold 15)
[2022-04-22T06:36:40.581+0000][10][gc,age      ] GC(143) Age table with threshold 15 (max threshold 15)
[2022-04-22T06:36:40.582+0000][10][gc,age      ] GC(143) - age   1:    1825056 bytes,    1825056 total
[2022-04-22T06:36:40.584+0000][10][gc,age      ] GC(143) - age   2:    3223696 bytes,    5048752 total
[2022-04-22T06:36:40.585+0000][10][gc,age      ] GC(143) - age   3:    1253776 bytes,    6302528 total
[2022-04-22T06:36:40.587+0000][10][gc,age      ] GC(143) - age   4:    1432080 bytes,    7734608 total
[2022-04-22T06:36:40.587+0000][10][gc,age      ] GC(143) - age   5:    1660760 bytes,    9395368 total
[2022-04-22T06:36:40.588+0000][10][gc,age      ] GC(143) - age   6:    1598384 bytes,   10993752 total
[2022-04-22T06:36:40.589+0000][10][gc,age      ] GC(143) - age   7:      21448 bytes,   11015200 total
[2022-04-22T06:36:40.591+0000][10][gc,phases   ] GC(143)   Pre Evacuate Collection Set: 0.1ms
[2022-04-22T06:36:40.592+0000][10][gc,phases   ] GC(143)   Merge Heap Roots: 0.2ms
[2022-04-22T06:36:40.593+0000][10][gc,phases   ] GC(143)   Evacuate Collection Set: 1.7ms
[2022-04-22T06:36:40.595+0000][10][gc,phases   ] GC(143)   Post Evacuate Collection Set: 0.7ms
[2022-04-22T06:36:40.595+0000][10][gc,phases   ] GC(143)   Other: 13.8ms
[2022-04-22T06:36:40.597+0000][10][gc,heap     ] GC(143) Eden regions: 68->0(68)
[2022-04-22T06:36:40.598+0000][10][gc,heap     ] GC(143) Survivor regions: 3->3(9)
[2022-04-22T06:36:40.599+0000][10][gc,heap     ] GC(143) Old regions: 26->26
[2022-04-22T06:36:40.600+0000][10][gc,heap     ] GC(143) Archive regions: 2->2
[2022-04-22T06:36:40.603+0000][10][gc,heap     ] GC(143) Humongous regions: 6->6
[2022-04-22T06:36:40.604+0000][10][gc,metaspace] GC(143) Metaspace: 107095K(108672K)->107095K(108672K) NonClass: 92650K(93568K)->92650K(93568K) Class: 14444K(15104K)->14444K(15104K)
[2022-04-22T06:36:40.605+0000][10][gc          ] GC(143) Pause Young (Normal) (G1 Evacuation Pause) 410M->139M(512M) 31.195ms
[2022-04-22T06:36:40.606+0000][10][gc,cpu      ] GC(143) User=0.01s Sys=0.01s Real=0.03s
[2022-04-22T06:36:40.608+0000][10][safepoint   ] Safepoint "G1CollectForAllocation", Time since last: 969648043 ns, Reaching safepoint: 79500 ns, At safepoint: 33407625 ns, Total: 33487125 ns
[2022-04-22T06:36:44.515+0000][10][gc,start    ] GC(144) Pause Young (Concurrent Start) (G1 Evacuation Pause)
[2022-04-22T06:36:44.516+0000][10][gc,task     ] GC(144) Using 5 workers of 5 for evacuation
[2022-04-22T06:36:44.516+0000][10][gc,age      ] GC(144) Desired survivor size 18874368 bytes, new threshold 15 (max threshold 15)
[2022-04-22T06:36:44.521+0000][10][gc,age      ] GC(144) Age table with threshold 15 (max threshold 15)
[2022-04-22T06:36:44.522+0000][10][gc,age      ] GC(144) - age   1:    3205272 bytes,    3205272 total
[2022-04-22T06:36:44.522+0000][10][gc,age      ] GC(144) - age   2:    1257576 bytes,    4462848 total
[2022-04-22T06:36:44.523+0000][10][gc,age      ] GC(144) - age   3:    2015928 bytes,    6478776 total
[2022-04-22T06:36:44.524+0000][10][gc,age      ] GC(144) - age   4:    1215944 bytes,    7694720 total
[2022-04-22T06:36:44.524+0000][10][gc,age      ] GC(144) - age   5:    1402040 bytes,    9096760 total
[2022-04-22T06:36:44.525+0000][10][gc,age      ] GC(144) - age   6:    1621896 bytes,   10718656 total
[2022-04-22T06:36:44.526+0000][10][gc,age      ] GC(144) - age   7:    1593952 bytes,   12312608 total
[2022-04-22T06:36:44.528+0000][10][gc,age      ] GC(144) - age   8:      21448 bytes,   12334056 total
[2022-04-22T06:36:44.548+0000][10][gc,phases   ] GC(144)   Pre Evacuate Collection Set: 0.4ms
[2022-04-22T06:36:44.549+0000][10][gc,phases   ] GC(144)   Merge Heap Roots: 0.2ms
[2022-04-22T06:36:44.550+0000][10][gc,phases   ] GC(144)   Evacuate Collection Set: 2.5ms
[2022-04-22T06:36:44.551+0000][10][gc,phases   ] GC(144)   Post Evacuate Collection Set: 0.6ms
[2022-04-22T06:36:44.551+0000][10][gc,phases   ] GC(144)   Other: 29.4ms
[2022-04-22T06:36:44.552+0000][10][gc,heap     ] GC(144) Eden regions: 68->0(68)
[2022-04-22T06:36:44.553+0000][10][gc,heap     ] GC(144) Survivor regions: 3->3(9)
[2022-04-22T06:36:44.554+0000][10][gc,heap     ] GC(144) Old regions: 26->26
[2022-04-22T06:36:44.555+0000][10][gc,heap     ] GC(144) Archive regions: 2->2
[2022-04-22T06:36:44.556+0000][10][gc,heap     ] GC(144) Humongous regions: 6->6
[2022-04-22T06:36:44.557+0000][10][gc,metaspace] GC(144) Metaspace: 107102K(108672K)->107102K(108672K) NonClass: 92657K(93568K)->92657K(93568K) Class: 14444K(15104K)->14444K(15104K)
[2022-04-22T06:36:44.558+0000][10][gc          ] GC(144) Pause Young (Concurrent Start) (G1 Evacuation Pause) 411M->140M(512M) 42.678ms
[2022-04-22T06:36:44.558+0000][10][gc,cpu      ] GC(144) User=0.01s Sys=0.01s Real=0.04s
[2022-04-22T06:36:44.559+0000][10][gc          ] GC(145) Concurrent Mark Cycle
[2022-04-22T06:36:44.560+0000][10][gc,marking  ] GC(145) Concurrent Clear Claimed Marks
[2022-04-22T06:36:44.559+0000][10][safepoint   ] Safepoint "G1CollectForAllocation", Time since last: 3907066251 ns, Reaching safepoint: 105250 ns, At safepoint: 44302334 ns, Total: 44407584 ns
[2022-04-22T06:36:44.561+0000][10][gc,marking  ] GC(145) Concurrent Clear Claimed Marks 1.499ms
[2022-04-22T06:36:44.563+0000][10][gc,marking  ] GC(145) Concurrent Scan Root Regions
[2022-04-22T06:36:44.566+0000][10][gc,marking  ] GC(145) Concurrent Scan Root Regions 2.933ms
[2022-04-22T06:36:44.568+0000][10][gc,marking  ] GC(145) Concurrent Mark
[2022-04-22T06:36:44.569+0000][10][gc,marking  ] GC(145) Concurrent Mark From Roots
[2022-04-22T06:36:44.570+0000][10][gc,task     ] GC(145) Using 1 workers of 1 for marking
[2022-04-22T06:36:44.659+0000][10][gc,marking  ] GC(145) Concurrent Mark From Roots 89.822ms
[2022-04-22T06:36:44.660+0000][10][gc,marking  ] GC(145) Concurrent Preclean
[2022-04-22T06:36:44.661+0000][10][gc,marking  ] GC(145) Concurrent Preclean 0.913ms
[2022-04-22T06:36:44.662+0000][10][gc,start    ] GC(145) Pause Remark
[2022-04-22T06:36:44.670+0000][10][gc          ] GC(145) Pause Remark 148M->148M(512M) 8.147ms
[2022-04-22T06:36:44.672+0000][10][gc,cpu      ] GC(145) User=0.02s Sys=0.00s Real=0.01s
[2022-04-22T06:36:44.672+0000][10][safepoint   ] Safepoint "G1Concurrent", Time since last: 102833625 ns, Reaching safepoint: 260583 ns, At safepoint: 9932584 ns, Total: 10193167 ns
[2022-04-22T06:36:44.673+0000][10][gc,marking  ] GC(145) Concurrent Mark 105.223ms
[2022-04-22T06:36:44.674+0000][10][gc,marking  ] GC(145) Concurrent Rebuild Remembered Sets
[2022-04-22T06:36:44.726+0000][10][gc,marking  ] GC(145) Concurrent Rebuild Remembered Sets 52.218ms
[2022-04-22T06:36:44.727+0000][10][gc,start    ] GC(145) Pause Cleanup
[2022-04-22T06:36:44.729+0000][10][gc          ] GC(145) Pause Cleanup 151M->151M(512M) 1.566ms
[2022-04-22T06:36:44.730+0000][10][gc,cpu      ] GC(145) User=0.00s Sys=0.00s Real=0.00s
[2022-04-22T06:36:44.731+0000][10][safepoint   ] Safepoint "G1Concurrent", Time since last: 55007500 ns, Reaching safepoint: 249666 ns, At safepoint: 3659209 ns, Total: 3908875 ns
[2022-04-22T06:36:44.732+0000][10][gc,marking  ] GC(145) Concurrent Cleanup for Next Mark
[2022-04-22T06:36:44.734+0000][10][gc,marking  ] GC(145) Concurrent Cleanup for Next Mark 1.505ms
[2022-04-22T06:36:44.735+0000][10][gc          ] GC(145) Concurrent Mark Cycle 175.438ms
[2022-04-22T06:36:48.127+0000][10][gc,start    ] GC(146) Pause Young (Normal) (G1 Evacuation Pause)
[2022-04-22T06:36:48.128+0000][10][gc,task     ] GC(146) Using 5 workers of 5 for evacuation
[2022-04-22T06:36:48.128+0000][10][gc,age      ] GC(146) Desired survivor size 18874368 bytes, new threshold 15 (max threshold 15)
[2022-04-22T06:36:48.134+0000][10][gc,age      ] GC(146) Age table with threshold 15 (max threshold 15)
[2022-04-22T06:36:48.135+0000][10][gc,age      ] GC(146) - age   1:    3318416 bytes,    3318416 total
[2022-04-22T06:36:48.136+0000][10][gc,age      ] GC(146) - age   2:    1361744 bytes,    4680160 total
[2022-04-22T06:36:48.136+0000][10][gc,age      ] GC(146) - age   3:    1197176 bytes,    5877336 total
[2022-04-22T06:36:48.137+0000][10][gc,age      ] GC(146) - age   4:    1966032 bytes,    7843368 total
[2022-04-22T06:36:48.138+0000][10][gc,age      ] GC(146) - age   5:    1185456 bytes,    9028824 total
[2022-04-22T06:36:48.139+0000][10][gc,age      ] GC(146) - age   6:    1370120 bytes,   10398944 total
[2022-04-22T06:36:48.140+0000][10][gc,age      ] GC(146) - age   7:    1579112 bytes,   11978056 total
[2022-04-22T06:36:48.141+0000][10][gc,age      ] GC(146) - age   8:    1586008 bytes,   13564064 total
[2022-04-22T06:36:48.141+0000][10][gc,age      ] GC(146) - age   9:      20552 bytes,   13584616 total
[2022-04-22T06:36:48.142+0000][10][gc,phases   ] GC(146)   Pre Evacuate Collection Set: 0.2ms
[2022-04-22T06:36:48.143+0000][10][gc,phases   ] GC(146)   Merge Heap Roots: 0.1ms
[2022-04-22T06:36:48.143+0000][10][gc,phases   ] GC(146)   Evacuate Collection Set: 2.5ms
[2022-04-22T06:36:48.144+0000][10][gc,phases   ] GC(146)   Post Evacuate Collection Set: 0.8ms
[2022-04-22T06:36:48.145+0000][10][gc,phases   ] GC(146)   Other: 11.8ms
[2022-04-22T06:36:48.145+0000][10][gc,heap     ] GC(146) Eden regions: 68->0(66)
[2022-04-22T06:36:48.146+0000][10][gc,heap     ] GC(146) Survivor regions: 3->4(9)
[2022-04-22T06:36:48.146+0000][10][gc,heap     ] GC(146) Old regions: 26->26
[2022-04-22T06:36:48.147+0000][10][gc,heap     ] GC(146) Archive regions: 2->2
[2022-04-22T06:36:48.148+0000][10][gc,heap     ] GC(146) Humongous regions: 6->6
[2022-04-22T06:36:48.148+0000][10][gc,metaspace] GC(146) Metaspace: 107103K(108672K)->107103K(108672K) NonClass: 92658K(93568K)->92658K(93568K) Class: 14444K(15104K)->14444K(15104K)
[2022-04-22T06:36:48.149+0000][10][gc          ] GC(146) Pause Young (Normal) (G1 Evacuation Pause) 412M->142M(512M) 22.107ms
[2022-04-22T06:36:48.150+0000][10][gc,cpu      ] GC(146) User=0.01s Sys=0.00s Real=0.02s
[2022-04-22T06:36:48.150+0000][10][safepoint   ] Safepoint "G1CollectForAllocation", Time since last: 3395560001 ns, Reaching safepoint: 89875 ns, At safepoint: 23744334 ns, Total: 23834209 ns
[2022-04-22T06:36:51.051+0000][10][gc,start    ] GC(147) Pause Young (Concurrent Start) (G1 Evacuation Pause)
[2022-04-22T06:36:51.053+0000][10][gc,task     ] GC(147) Using 5 workers of 5 for evacuation
[2022-04-22T06:36:51.054+0000][10][gc,age      ] GC(147) Desired survivor size 18874368 bytes, new threshold 15 (max threshold 15)
[2022-04-22T06:36:51.059+0000][10][gc,age      ] GC(147) Age table with threshold 15 (max threshold 15)
[2022-04-22T06:36:51.060+0000][10][gc,age      ] GC(147) - age   1:    3180896 bytes,    3180896 total
[2022-04-22T06:36:51.060+0000][10][gc,age      ] GC(147) - age   2:    1695008 bytes,    4875904 total
[2022-04-22T06:36:51.062+0000][10][gc,age      ] GC(147) - age   3:    1235136 bytes,    6111040 total
[2022-04-22T06:36:51.063+0000][10][gc,age      ] GC(147) - age   4:    1184968 bytes,    7296008 total
[2022-04-22T06:36:51.064+0000][10][gc,age      ] GC(147) - age   5:    1949568 bytes,    9245576 total
[2022-04-22T06:36:51.065+0000][10][gc,age      ] GC(147) - age   6:    1173696 bytes,   10419272 total
[2022-04-22T06:36:51.065+0000][10][gc,age      ] GC(147) - age   7:    1355712 bytes,   11774984 total
[2022-04-22T06:36:51.066+0000][10][gc,age      ] GC(147) - age   8:    1564888 bytes,   13339872 total
[2022-04-22T06:36:51.067+0000][10][gc,age      ] GC(147) - age   9:    1475864 bytes,   14815736 total
[2022-04-22T06:36:51.068+0000][10][gc,age      ] GC(147) - age  10:      20552 bytes,   14836288 total
[2022-04-22T06:36:51.068+0000][10][gc,phases   ] GC(147)   Pre Evacuate Collection Set: 0.3ms
[2022-04-22T06:36:51.069+0000][10][gc,phases   ] GC(147)   Merge Heap Roots: 0.2ms
[2022-04-22T06:36:51.070+0000][10][gc,phases   ] GC(147)   Evacuate Collection Set: 2.8ms
[2022-04-22T06:36:51.071+0000][10][gc,phases   ] GC(147)   Post Evacuate Collection Set: 0.7ms
[2022-04-22T06:36:51.072+0000][10][gc,phases   ] GC(147)   Other: 12.9ms
[2022-04-22T06:36:51.073+0000][10][gc,heap     ] GC(147) Eden regions: 66->0(66)
[2022-04-22T06:36:51.073+0000][10][gc,heap     ] GC(147) Survivor regions: 4->4(9)
[2022-04-22T06:36:51.074+0000][10][gc,heap     ] GC(147) Old regions: 26->26
[2022-04-22T06:36:51.075+0000][10][gc,heap     ] GC(147) Archive regions: 2->2
[2022-04-22T06:36:51.075+0000][10][gc,heap     ] GC(147) Humongous regions: 6->6
[2022-04-22T06:36:51.077+0000][10][gc,metaspace] GC(147) Metaspace: 107103K(108672K)->107103K(108672K) NonClass: 92658K(93568K)->92658K(93568K) Class: 14444K(15104K)->14444K(15104K)
[2022-04-22T06:36:51.077+0000][10][gc          ] GC(147) Pause Young (Concurrent Start) (G1 Evacuation Pause) 406M->143M(512M) 26.000ms
[2022-04-22T06:36:51.078+0000][10][gc,cpu      ] GC(147) User=0.01s Sys=0.00s Real=0.03s
[2022-04-22T06:36:51.079+0000][10][safepoint   ] Safepoint "G1CollectForAllocation", Time since last: 2900921126 ns, Reaching safepoint: 68208 ns, At safepoint: 27417584 ns, Total: 27485792 ns
[2022-04-22T06:36:51.079+0000][10][gc          ] GC(148) Concurrent Mark Cycle
[2022-04-22T06:36:51.086+0000][10][gc,marking  ] GC(148) Concurrent Clear Claimed Marks
[2022-04-22T06:36:51.087+0000][10][gc,marking  ] GC(148) Concurrent Clear Claimed Marks 1.254ms
[2022-04-22T06:36:51.088+0000][10][gc,marking  ] GC(148) Concurrent Scan Root Regions
[2022-04-22T06:36:51.091+0000][10][gc,marking  ] GC(148) Concurrent Scan Root Regions 2.826ms
[2022-04-22T06:36:51.093+0000][10][gc,marking  ] GC(148) Concurrent Mark
[2022-04-22T06:36:51.094+0000][10][gc,marking  ] GC(148) Concurrent Mark From Roots
[2022-04-22T06:36:51.095+0000][10][gc,task     ] GC(148) Using 1 workers of 1 for marking
[2022-04-22T06:36:51.162+0000][10][gc,marking  ] GC(148) Concurrent Mark From Roots 68.084ms
[2022-04-22T06:36:51.163+0000][10][gc,marking  ] GC(148) Concurrent Preclean
[2022-04-22T06:36:51.167+0000][10][gc,marking  ] GC(148) Concurrent Preclean 3.712ms
[2022-04-22T06:36:51.168+0000][10][gc,start    ] GC(148) Pause Remark
[2022-04-22T06:36:51.178+0000][10][gc          ] GC(148) Pause Remark 151M->151M(512M) 9.554ms
[2022-04-22T06:36:51.179+0000][10][gc,cpu      ] GC(148) User=0.03s Sys=0.00s Real=0.01s
[2022-04-22T06:36:51.180+0000][10][safepoint   ] Safepoint "G1Concurrent", Time since last: 89412000 ns, Reaching safepoint: 204041 ns, At safepoint: 11973084 ns, Total: 12177125 ns
[2022-04-22T06:36:51.182+0000][10][gc,marking  ] GC(148) Concurrent Mark 89.244ms
[2022-04-22T06:36:51.183+0000][10][gc,marking  ] GC(148) Concurrent Rebuild Remembered Sets
[2022-04-22T06:36:51.223+0000][10][gc,marking  ] GC(148) Concurrent Rebuild Remembered Sets 40.745ms
[2022-04-22T06:36:51.225+0000][10][gc,start    ] GC(148) Pause Cleanup
[2022-04-22T06:36:51.226+0000][10][gc          ] GC(148) Pause Cleanup 155M->155M(512M) 1.008ms
[2022-04-22T06:36:51.227+0000][10][gc,cpu      ] GC(148) User=0.00s Sys=0.00s Real=0.00s
[2022-04-22T06:36:51.228+0000][10][safepoint   ] Safepoint "G1Concurrent", Time since last: 44053916 ns, Reaching safepoint: 40667 ns, At safepoint: 3379583 ns, Total: 3420250 ns
[2022-04-22T06:36:51.229+0000][10][gc,marking  ] GC(148) Concurrent Cleanup for Next Mark
[2022-04-22T06:36:51.231+0000][10][gc,marking  ] GC(148) Concurrent Cleanup for Next Mark 2.001ms
[2022-04-22T06:36:51.233+0000][10][gc          ] GC(148) Concurrent Mark Cycle 153.589ms
[2022-04-22T06:36:53.948+0000][10][gc,start    ] GC(149) Pause Young (Prepare Mixed) (G1 Evacuation Pause)
[2022-04-22T06:36:53.949+0000][10][gc,task     ] GC(149) Using 5 workers of 5 for evacuation
[2022-04-22T06:36:53.950+0000][10][gc,age      ] GC(149) Desired survivor size 18874368 bytes, new threshold 15 (max threshold 15)
[2022-04-22T06:36:53.954+0000][10][gc,age      ] GC(149) Age table with threshold 15 (max threshold 15)
[2022-04-22T06:36:53.955+0000][10][gc,age      ] GC(149) - age   1:    3820328 bytes,    3820328 total
[2022-04-22T06:36:53.956+0000][10][gc,age      ] GC(149) - age   2:    1378672 bytes,    5199000 total
[2022-04-22T06:36:53.957+0000][10][gc,age      ] GC(149) - age   3:    1270344 bytes,    6469344 total
[2022-04-22T06:36:53.957+0000][10][gc,age      ] GC(149) - age   4:    1218568 bytes,    7687912 total
[2022-04-22T06:36:53.958+0000][10][gc,age      ] GC(149) - age   5:    1176976 bytes,    8864888 total
[2022-04-22T06:36:53.959+0000][10][gc,age      ] GC(149) - age   6:    1907432 bytes,   10772320 total
[2022-04-22T06:36:53.960+0000][10][gc,age      ] GC(149) - age   7:    1165184 bytes,   11937504 total
[2022-04-22T06:36:53.961+0000][10][gc,age      ] GC(149) - age   8:    1349776 bytes,   13287280 total
[2022-04-22T06:36:53.961+0000][10][gc,age      ] GC(149) - age   9:    1558784 bytes,   14846064 total
[2022-04-22T06:36:53.962+0000][10][gc,age      ] GC(149) - age  10:    1470488 bytes,   16316552 total
[2022-04-22T06:36:53.963+0000][10][gc,age      ] GC(149) - age  11:      18368 bytes,   16334920 total
[2022-04-22T06:36:53.963+0000][10][gc,phases   ] GC(149)   Pre Evacuate Collection Set: 0.1ms
[2022-04-22T06:36:53.964+0000][10][gc,phases   ] GC(149)   Merge Heap Roots: 0.0ms
[2022-04-22T06:36:53.965+0000][10][gc,phases   ] GC(149)   Evacuate Collection Set: 2.3ms
[2022-04-22T06:36:53.965+0000][10][gc,phases   ] GC(149)   Post Evacuate Collection Set: 1.0ms
[2022-04-22T06:36:53.966+0000][10][gc,phases   ] GC(149)   Other: 12.0ms
[2022-04-22T06:36:53.967+0000][10][gc,heap     ] GC(149) Eden regions: 66->0(1)
[2022-04-22T06:36:53.967+0000][10][gc,heap     ] GC(149) Survivor regions: 4->5(9)
[2022-04-22T06:36:53.968+0000][10][gc,heap     ] GC(149) Old regions: 26->26
[2022-04-22T06:36:53.968+0000][10][gc,heap     ] GC(149) Archive regions: 2->2
[2022-04-22T06:36:53.969+0000][10][gc,heap     ] GC(149) Humongous regions: 6->6
[2022-04-22T06:36:53.970+0000][10][gc,metaspace] GC(149) Metaspace: 107103K(108672K)->107103K(108672K) NonClass: 92658K(93568K)->92658K(93568K) Class: 14444K(15104K)->14444K(15104K)
[2022-04-22T06:36:53.971+0000][10][gc          ] GC(149) Pause Young (Prepare Mixed) (G1 Evacuation Pause) 407M->145M(512M) 23.094ms
[2022-04-22T06:36:53.972+0000][10][gc,cpu      ] GC(149) User=0.01s Sys=0.00s Real=0.02s
[2022-04-22T06:36:53.973+0000][10][safepoint   ] Safepoint "G1CollectForAllocation", Time since last: 2719870793 ns, Reaching safepoint: 59709 ns, At safepoint: 25311541 ns, Total: 25371250 ns
[2022-04-22T06:36:53.978+0000][10][gc,start    ] GC(150) Pause Young (Mixed) (G1 Evacuation Pause)
[2022-04-22T06:36:53.979+0000][10][gc,task     ] GC(150) Using 5 workers of 5 for evacuation
[2022-04-22T06:36:53.980+0000][10][gc,age      ] GC(150) Desired survivor size 2097152 bytes, new threshold 1 (max threshold 15)
[2022-04-22T06:36:53.984+0000][10][gc,age      ] GC(150) Age table with threshold 1 (max threshold 15)
[2022-04-22T06:36:53.986+0000][10][gc,age      ] GC(150) - age   1:      34232 bytes,      34232 total
[2022-04-22T06:36:53.986+0000][10][gc,phases   ] GC(150)   Pre Evacuate Collection Set: 0.1ms
[2022-04-22T06:36:53.987+0000][10][gc,phases   ] GC(150)   Merge Heap Roots: 0.2ms
[2022-04-22T06:36:53.988+0000][10][gc,phases   ] GC(150)   Evacuate Collection Set: 3.3ms
[2022-04-22T06:36:53.989+0000][10][gc,phases   ] GC(150)   Post Evacuate Collection Set: 0.5ms
[2022-04-22T06:36:53.990+0000][10][gc,phases   ] GC(150)   Other: 4.4ms
[2022-04-22T06:36:53.991+0000][10][gc,heap     ] GC(150) Eden regions: 1->0(67)
[2022-04-22T06:36:53.992+0000][10][gc,heap     ] GC(150) Survivor regions: 5->1(1)
[2022-04-22T06:36:53.992+0000][10][gc,heap     ] GC(150) Old regions: 26->29
[2022-04-22T06:36:53.993+0000][10][gc,heap     ] GC(150) Archive regions: 2->2
[2022-04-22T06:36:53.994+0000][10][gc,heap     ] GC(150) Humongous regions: 6->6
[2022-04-22T06:36:53.995+0000][10][gc,metaspace] GC(150) Metaspace: 107103K(108672K)->107103K(108672K) NonClass: 92658K(93568K)->92658K(93568K) Class: 14444K(15104K)->14444K(15104K)
[2022-04-22T06:36:53.995+0000][10][gc          ] GC(150) Pause Young (Mixed) (G1 Evacuation Pause) 149M->140M(512M) 17.042ms
[2022-04-22T06:36:53.996+0000][10][gc,cpu      ] GC(150) User=0.01s Sys=0.01s Real=0.02s
[2022-04-22T06:36:53.996+0000][10][safepoint   ] Safepoint "G1CollectForAllocation", Time since last: 4722917 ns, Reaching safepoint: 104833 ns, At safepoint: 18418667 ns, Total: 18523500 ns
[2022-04-22T06:36:56.762+0000][10][gc,start    ] GC(151) Pause Young (Concurrent Start) (G1 Evacuation Pause)
[2022-04-22T06:36:56.764+0000][10][gc,task     ] GC(151) Using 5 workers of 5 for evacuation
[2022-04-22T06:36:56.765+0000][10][gc,age      ] GC(151) Desired survivor size 18874368 bytes, new threshold 15 (max threshold 15)
[2022-04-22T06:36:56.768+0000][10][gc,age      ] GC(151) Age table with threshold 15 (max threshold 15)
[2022-04-22T06:36:56.785+0000][10][gc,age      ] GC(151) - age   1:    1232528 bytes,    1232528 total
[2022-04-22T06:36:56.786+0000][10][gc,age      ] GC(151) - age   2:      32784 bytes,    1265312 total
[2022-04-22T06:36:56.787+0000][10][gc,phases   ] GC(151)   Pre Evacuate Collection Set: 0.4ms
[2022-04-22T06:36:56.788+0000][10][gc,phases   ] GC(151)   Merge Heap Roots: 0.2ms
[2022-04-22T06:36:56.788+0000][10][gc,phases   ] GC(151)   Evacuate Collection Set: 1.3ms
[2022-04-22T06:36:56.790+0000][10][gc,phases   ] GC(151)   Post Evacuate Collection Set: 0.7ms
[2022-04-22T06:36:56.791+0000][10][gc,phases   ] GC(151)   Other: 22.2ms
[2022-04-22T06:36:56.791+0000][10][gc,heap     ] GC(151) Eden regions: 67->0(67)
[2022-04-22T06:36:56.792+0000][10][gc,heap     ] GC(151) Survivor regions: 1->1(9)
[2022-04-22T06:36:56.792+0000][10][gc,heap     ] GC(151) Old regions: 29->29
[2022-04-22T06:36:56.793+0000][10][gc,heap     ] GC(151) Archive regions: 2->2
[2022-04-22T06:36:56.794+0000][10][gc,heap     ] GC(151) Humongous regions: 6->6
[2022-04-22T06:36:56.795+0000][10][gc,metaspace] GC(151) Metaspace: 107103K(108672K)->107103K(108672K) NonClass: 92658K(93568K)->92658K(93568K) Class: 14444K(15104K)->14444K(15104K)
[2022-04-22T06:36:56.796+0000][10][gc          ] GC(151) Pause Young (Concurrent Start) (G1 Evacuation Pause) 408M->141M(512M) 33.297ms
[2022-04-22T06:36:56.797+0000][10][gc,cpu      ] GC(151) User=0.01s Sys=0.00s Real=0.04s
[2022-04-22T06:36:56.798+0000][10][gc          ] GC(152) Concurrent Mark Cycle
[2022-04-22T06:36:56.799+0000][10][gc,marking  ] GC(152) Concurrent Clear Claimed Marks
[2022-04-22T06:36:56.798+0000][10][safepoint   ] Safepoint "G1CollectForAllocation", Time since last: 2765635085 ns, Reaching safepoint: 181666 ns, At safepoint: 36242209 ns, Total: 36423875 ns
[2022-04-22T06:36:56.800+0000][10][gc,marking  ] GC(152) Concurrent Clear Claimed Marks 1.161ms
[2022-04-22T06:36:56.802+0000][10][gc,marking  ] GC(152) Concurrent Scan Root Regions
[2022-04-22T06:36:56.804+0000][10][gc,marking  ] GC(152) Concurrent Scan Root Regions 1.823ms
[2022-04-22T06:36:56.805+0000][10][gc,marking  ] GC(152) Concurrent Mark
[2022-04-22T06:36:56.805+0000][10][gc,marking  ] GC(152) Concurrent Mark From Roots
[2022-04-22T06:36:56.806+0000][10][gc,task     ] GC(152) Using 1 workers of 1 for marking
[2022-04-22T06:36:56.876+0000][10][gc,marking  ] GC(152) Concurrent Mark From Roots 70.746ms
[2022-04-22T06:36:56.878+0000][10][gc,marking  ] GC(152) Concurrent Preclean
[2022-04-22T06:36:56.879+0000][10][gc,marking  ] GC(152) Concurrent Preclean 1.026ms
[2022-04-22T06:36:56.880+0000][10][gc,start    ] GC(152) Pause Remark
[2022-04-22T06:36:56.897+0000][10][gc          ] GC(152) Pause Remark 150M->150M(512M) 17.596ms
[2022-04-22T06:36:56.899+0000][10][gc,cpu      ] GC(152) User=0.03s Sys=0.00s Real=0.02s
[2022-04-22T06:36:56.900+0000][10][safepoint   ] Safepoint "G1Concurrent", Time since last: 80941125 ns, Reaching safepoint: 35750 ns, At safepoint: 20404666 ns, Total: 20440416 ns
[2022-04-22T06:36:56.902+0000][10][gc,marking  ] GC(152) Concurrent Mark 97.311ms
[2022-04-22T06:36:56.903+0000][10][gc,marking  ] GC(152) Concurrent Rebuild Remembered Sets
[2022-04-22T06:36:56.948+0000][10][gc,marking  ] GC(152) Concurrent Rebuild Remembered Sets 44.894ms
[2022-04-22T06:36:56.949+0000][10][gc,start    ] GC(152) Pause Cleanup
[2022-04-22T06:36:56.950+0000][10][gc          ] GC(152) Pause Cleanup 153M->153M(512M) 0.603ms
[2022-04-22T06:36:56.950+0000][10][gc,cpu      ] GC(152) User=0.00s Sys=0.00s Real=0.00s
[2022-04-22T06:36:56.951+0000][10][safepoint   ] Safepoint "G1Concurrent", Time since last: 49031167 ns, Reaching safepoint: 144708 ns, At safepoint: 2043667 ns, Total: 2188375 ns
[2022-04-22T06:36:56.952+0000][10][gc,marking  ] GC(152) Concurrent Cleanup for Next Mark
[2022-04-22T06:36:56.953+0000][10][gc,marking  ] GC(152) Concurrent Cleanup for Next Mark 0.997ms
[2022-04-22T06:36:56.954+0000][10][gc          ] GC(152) Concurrent Mark Cycle 155.273ms
[2022-04-22T06:36:59.508+0000][10][gc,start    ] GC(153) Pause Young (Normal) (G1 Evacuation Pause)
[2022-04-22T06:36:59.510+0000][10][gc,task     ] GC(153) Using 5 workers of 5 for evacuation
[2022-04-22T06:36:59.511+0000][10][gc,age      ] GC(153) Desired survivor size 18874368 bytes, new threshold 15 (max threshold 15)
[2022-04-22T06:36:59.514+0000][10][gc,age      ] GC(153) Age table with threshold 15 (max threshold 15)
[2022-04-22T06:36:59.515+0000][10][gc,age      ] GC(153) - age   1:    4897056 bytes,    4897056 total
[2022-04-22T06:36:59.517+0000][10][gc,age      ] GC(153) - age   2:    1175904 bytes,    6072960 total
[2022-04-22T06:36:59.517+0000][10][gc,age      ] GC(153) - age   3:      32784 bytes,    6105744 total
[2022-04-22T06:36:59.518+0000][10][gc,phases   ] GC(153)   Pre Evacuate Collection Set: 0.2ms
[2022-04-22T06:36:59.519+0000][10][gc,phases   ] GC(153)   Merge Heap Roots: 0.1ms
[2022-04-22T06:36:59.520+0000][10][gc,phases   ] GC(153)   Evacuate Collection Set: 1.2ms
[2022-04-22T06:36:59.521+0000][10][gc,phases   ] GC(153)   Post Evacuate Collection Set: 0.8ms
[2022-04-22T06:36:59.522+0000][10][gc,phases   ] GC(153)   Other: 8.1ms
[2022-04-22T06:36:59.523+0000][10][gc,heap     ] GC(153) Eden regions: 67->0(65)
[2022-04-22T06:36:59.524+0000][10][gc,heap     ] GC(153) Survivor regions: 1->2(9)
[2022-04-22T06:36:59.526+0000][10][gc,heap     ] GC(153) Old regions: 29->29
[2022-04-22T06:36:59.527+0000][10][gc,heap     ] GC(153) Archive regions: 2->2
[2022-04-22T06:36:59.528+0000][10][gc,heap     ] GC(153) Humongous regions: 6->6
[2022-04-22T06:36:59.529+0000][10][gc,metaspace] GC(153) Metaspace: 107103K(108672K)->107103K(108672K) NonClass: 92658K(93568K)->92658K(93568K) Class: 14444K(15104K)->14444K(15104K)
[2022-04-22T06:36:59.529+0000][10][gc          ] GC(153) Pause Young (Normal) (G1 Evacuation Pause) 409M->146M(512M) 21.342ms
[2022-04-22T06:36:59.530+0000][10][gc,cpu      ] GC(153) User=0.00s Sys=0.00s Real=0.02s
[2022-04-22T06:36:59.531+0000][10][safepoint   ] Safepoint "G1CollectForAllocation", Time since last: 2555143709 ns, Reaching safepoint: 176250 ns, At safepoint: 23183167 ns, Total: 23359417 ns
[2022-04-22T06:37:01.571+0000][10][gc,start    ] GC(154) Pause Young (Concurrent Start) (G1 Evacuation Pause)
[2022-04-22T06:37:01.572+0000][10][gc,task     ] GC(154) Using 5 workers of 5 for evacuation
[2022-04-22T06:37:01.573+0000][10][gc,age      ] GC(154) Desired survivor size 18874368 bytes, new threshold 15 (max threshold 15)
[2022-04-22T06:37:01.577+0000][10][gc,age      ] GC(154) Age table with threshold 15 (max threshold 15)
[2022-04-22T06:37:01.578+0000][10][gc,age      ] GC(154) - age   1:    1527520 bytes,    1527520 total
[2022-04-22T06:37:01.579+0000][10][gc,age      ] GC(154) - age   2:    4873344 bytes,    6400864 total
[2022-04-22T06:37:01.580+0000][10][gc,age      ] GC(154) - age   3:    1172088 bytes,    7572952 total
[2022-04-22T06:37:01.581+0000][10][gc,age      ] GC(154) - age   4:      32784 bytes,    7605736 total
[2022-04-22T06:37:01.582+0000][10][gc,phases   ] GC(154)   Pre Evacuate Collection Set: 0.3ms
[2022-04-22T06:37:01.583+0000][10][gc,phases   ] GC(154)   Merge Heap Roots: 0.1ms
[2022-04-22T06:37:01.584+0000][10][gc,phases   ] GC(154)   Evacuate Collection Set: 1.9ms
[2022-04-22T06:37:01.584+0000][10][gc,phases   ] GC(154)   Post Evacuate Collection Set: 0.7ms
[2022-04-22T06:37:01.585+0000][10][gc,phases   ] GC(154)   Other: 8.7ms
[2022-04-22T06:37:01.585+0000][10][gc,heap     ] GC(154) Eden regions: 65->0(66)
[2022-04-22T06:37:01.586+0000][10][gc,heap     ] GC(154) Survivor regions: 2->2(9)
[2022-04-22T06:37:01.587+0000][10][gc,heap     ] GC(154) Old regions: 29->29
[2022-04-22T06:37:01.588+0000][10][gc,heap     ] GC(154) Archive regions: 2->2
[2022-04-22T06:37:01.589+0000][10][gc,heap     ] GC(154) Humongous regions: 6->6
[2022-04-22T06:37:01.590+0000][10][gc,metaspace] GC(154) Metaspace: 107103K(108672K)->107103K(108672K) NonClass: 92658K(93568K)->92658K(93568K) Class: 14444K(15104K)->14444K(15104K)
[2022-04-22T06:37:01.591+0000][10][gc          ] GC(154) Pause Young (Concurrent Start) (G1 Evacuation Pause) 406M->148M(512M) 20.524ms
[2022-04-22T06:37:01.592+0000][10][gc,cpu      ] GC(154) User=0.01s Sys=0.00s Real=0.02s
[2022-04-22T06:37:01.593+0000][10][gc          ] GC(155) Concurrent Mark Cycle
[2022-04-22T06:37:01.594+0000][10][gc,marking  ] GC(155) Concurrent Clear Claimed Marks
[2022-04-22T06:37:01.593+0000][10][safepoint   ] Safepoint "G1CollectForAllocation", Time since last: 2039545459 ns, Reaching safepoint: 65333 ns, At safepoint: 21892500 ns, Total: 21957833 ns
[2022-04-22T06:37:01.594+0000][10][gc,marking  ] GC(155) Concurrent Clear Claimed Marks 0.867ms
[2022-04-22T06:37:01.596+0000][10][gc,marking  ] GC(155) Concurrent Scan Root Regions
[2022-04-22T06:37:01.599+0000][10][gc,marking  ] GC(155) Concurrent Scan Root Regions 2.155ms
[2022-04-22T06:37:01.599+0000][10][gc,marking  ] GC(155) Concurrent Mark
[2022-04-22T06:37:01.600+0000][10][gc,marking  ] GC(155) Concurrent Mark From Roots
[2022-04-22T06:37:01.601+0000][10][gc,task     ] GC(155) Using 1 workers of 1 for marking
[2022-04-22T06:37:01.714+0000][10][gc,marking  ] GC(155) Concurrent Mark From Roots 114.193ms
[2022-04-22T06:37:01.716+0000][10][gc,marking  ] GC(155) Concurrent Preclean
[2022-04-22T06:37:01.718+0000][10][gc,marking  ] GC(155) Concurrent Preclean 1.901ms
[2022-04-22T06:37:01.719+0000][10][gc,start    ] GC(155) Pause Remark
[2022-04-22T06:37:01.729+0000][10][gc          ] GC(155) Pause Remark 155M->155M(512M) 10.821ms
[2022-04-22T06:37:01.731+0000][10][gc,cpu      ] GC(155) User=0.02s Sys=0.00s Real=0.01s
[2022-04-22T06:37:01.733+0000][10][safepoint   ] Safepoint "G1Concurrent", Time since last: 125696042 ns, Reaching safepoint: 173417 ns, At safepoint: 14103833 ns, Total: 14277250 ns
[2022-04-22T06:37:01.734+0000][10][gc,marking  ] GC(155) Concurrent Mark 134.532ms
[2022-04-22T06:37:01.735+0000][10][gc,marking  ] GC(155) Concurrent Rebuild Remembered Sets
[2022-04-22T06:37:01.802+0000][10][gc,marking  ] GC(155) Concurrent Rebuild Remembered Sets 67.041ms
[2022-04-22T06:37:01.804+0000][10][gc,start    ] GC(155) Pause Cleanup
[2022-04-22T06:37:01.805+0000][10][gc          ] GC(155) Pause Cleanup 163M->163M(512M) 1.397ms
[2022-04-22T06:37:01.807+0000][10][gc,cpu      ] GC(155) User=0.00s Sys=0.00s Real=0.00s
[2022-04-22T06:37:01.808+0000][10][safepoint   ] Safepoint "G1Concurrent", Time since last: 70751583 ns, Reaching safepoint: 594417 ns, At safepoint: 3995875 ns, Total: 4590292 ns
[2022-04-22T06:37:01.809+0000][10][gc,marking  ] GC(155) Concurrent Cleanup for Next Mark
[2022-04-22T06:37:01.811+0000][10][gc,marking  ] GC(155) Concurrent Cleanup for Next Mark 1.739ms
[2022-04-22T06:37:01.812+0000][10][gc          ] GC(155) Concurrent Mark Cycle 219.207ms
[2022-04-22T06:37:02.779+0000][10][gc,start    ] GC(156) Pause Young (Prepare Mixed) (G1 Evacuation Pause)
[2022-04-22T06:37:02.781+0000][10][gc,task     ] GC(156) Using 5 workers of 5 for evacuation
[2022-04-22T06:37:02.782+0000][10][gc,age      ] GC(156) Desired survivor size 18874368 bytes, new threshold 15 (max threshold 15)
[2022-04-22T06:37:02.785+0000][10][gc,age      ] GC(156) Age table with threshold 15 (max threshold 15)
[2022-04-22T06:37:02.786+0000][10][gc,age      ] GC(156) - age   1:    4917976 bytes,    4917976 total
[2022-04-22T06:37:02.786+0000][10][gc,age      ] GC(156) - age   2:    1141176 bytes,    6059152 total
[2022-04-22T06:37:02.787+0000][10][gc,age      ] GC(156) - age   3:    2783904 bytes,    8843056 total
[2022-04-22T06:37:02.788+0000][10][gc,age      ] GC(156) - age   4:    1168912 bytes,   10011968 total
[2022-04-22T06:37:02.789+0000][10][gc,age      ] GC(156) - age   5:      32784 bytes,   10044752 total
[2022-04-22T06:37:02.789+0000][10][gc,phases   ] GC(156)   Pre Evacuate Collection Set: 0.2ms
[2022-04-22T06:37:02.790+0000][10][gc,phases   ] GC(156)   Merge Heap Roots: 0.1ms
[2022-04-22T06:37:02.791+0000][10][gc,phases   ] GC(156)   Evacuate Collection Set: 1.5ms
[2022-04-22T06:37:02.792+0000][10][gc,phases   ] GC(156)   Post Evacuate Collection Set: 0.4ms
[2022-04-22T06:37:02.793+0000][10][gc,phases   ] GC(156)   Other: 7.8ms
[2022-04-22T06:37:02.793+0000][10][gc,heap     ] GC(156) Eden regions: 66->0(3)
[2022-04-22T06:37:02.794+0000][10][gc,heap     ] GC(156) Survivor regions: 2->3(9)
[2022-04-22T06:37:02.795+0000][10][gc,heap     ] GC(156) Old regions: 29->29
[2022-04-22T06:37:02.796+0000][10][gc,heap     ] GC(156) Archive regions: 2->2
[2022-04-22T06:37:02.796+0000][10][gc,heap     ] GC(156) Humongous regions: 6->6
[2022-04-22T06:37:02.797+0000][10][gc,metaspace] GC(156) Metaspace: 107103K(108672K)->107103K(108672K) NonClass: 92658K(93568K)->92658K(93568K) Class: 14444K(15104K)->14444K(15104K)
[2022-04-22T06:37:02.798+0000][10][gc          ] GC(156) Pause Young (Prepare Mixed) (G1 Evacuation Pause) 412M->150M(512M) 18.488ms
[2022-04-22T06:37:02.799+0000][10][gc,cpu      ] GC(156) User=0.01s Sys=0.00s Real=0.02s
[2022-04-22T06:37:02.800+0000][10][safepoint   ] Safepoint "G1CollectForAllocation", Time since last: 971150501 ns, Reaching safepoint: 179083 ns, At safepoint: 20212750 ns, Total: 20391833 ns
[2022-04-22T06:37:02.991+0000][10][gc,start    ] GC(157) Pause Young (Mixed) (G1 Evacuation Pause)
[2022-04-22T06:37:02.992+0000][10][gc,task     ] GC(157) Using 5 workers of 5 for evacuation
[2022-04-22T06:37:02.994+0000][10][gc,age      ] GC(157) Desired survivor size 2097152 bytes, new threshold 1 (max threshold 15)
[2022-04-22T06:37:02.997+0000][10][gc,age      ] GC(157) Age table with threshold 1 (max threshold 15)
[2022-04-22T06:37:02.998+0000][10][gc,age      ] GC(157) - age   1:      47664 bytes,      47664 total
[2022-04-22T06:37:02.999+0000][10][gc,phases   ] GC(157)   Pre Evacuate Collection Set: 0.1ms
[2022-04-22T06:37:02.999+0000][10][gc,phases   ] GC(157)   Merge Heap Roots: 0.0ms
[2022-04-22T06:37:03.000+0000][10][gc,phases   ] GC(157)   Evacuate Collection Set: 1.3ms
[2022-04-22T06:37:03.001+0000][10][gc,phases   ] GC(157)   Post Evacuate Collection Set: 0.5ms
[2022-04-22T06:37:03.001+0000][10][gc,phases   ] GC(157)   Other: 5.3ms
[2022-04-22T06:37:03.002+0000][10][gc,heap     ] GC(157) Eden regions: 3->0(65)
[2022-04-22T06:37:03.002+0000][10][gc,heap     ] GC(157) Survivor regions: 3->1(1)
[2022-04-22T06:37:03.003+0000][10][gc,heap     ] GC(157) Old regions: 29->30
[2022-04-22T06:37:03.004+0000][10][gc,heap     ] GC(157) Archive regions: 2->2
[2022-04-22T06:37:03.006+0000][10][gc,heap     ] GC(157) Humongous regions: 6->6
[2022-04-22T06:37:03.006+0000][10][gc,metaspace] GC(157) Metaspace: 107103K(108672K)->107103K(108672K) NonClass: 92658K(93568K)->92658K(93568K) Class: 14444K(15104K)->14444K(15104K)
[2022-04-22T06:37:03.007+0000][10][gc          ] GC(157) Pause Young (Mixed) (G1 Evacuation Pause) 162M->145M(512M) 15.730ms
[2022-04-22T06:37:03.008+0000][10][gc,cpu      ] GC(157) User=0.00s Sys=0.00s Real=0.02s
[2022-04-22T06:37:03.010+0000][10][safepoint   ] Safepoint "G1CollectForAllocation", Time since last: 191603083 ns, Reaching safepoint: 150917 ns, At safepoint: 18857708 ns, Total: 19008625 ns
[2022-04-22T06:37:05.619+0000][10][gc,start    ] GC(158) Pause Young (Concurrent Start) (G1 Evacuation Pause)
[2022-04-22T06:37:05.620+0000][10][gc,task     ] GC(158) Using 5 workers of 5 for evacuation
[2022-04-22T06:37:05.621+0000][10][gc,age      ] GC(158) Desired survivor size 18874368 bytes, new threshold 15 (max threshold 15)
[2022-04-22T06:37:05.624+0000][10][gc,age      ] GC(158) Age table with threshold 15 (max threshold 15)
[2022-04-22T06:37:05.626+0000][10][gc,age      ] GC(158) - age   1:    1798848 bytes,    1798848 total
[2022-04-22T06:37:05.627+0000][10][gc,age      ] GC(158) - age   2:       8104 bytes,    1806952 total
[2022-04-22T06:37:05.628+0000][10][gc,phases   ] GC(158)   Pre Evacuate Collection Set: 0.5ms
[2022-04-22T06:37:05.628+0000][10][gc,phases   ] GC(158)   Merge Heap Roots: 0.2ms
[2022-04-22T06:37:05.629+0000][10][gc,phases   ] GC(158)   Evacuate Collection Set: 1.2ms
[2022-04-22T06:37:05.631+0000][10][gc,phases   ] GC(158)   Post Evacuate Collection Set: 0.7ms
[2022-04-22T06:37:05.632+0000][10][gc,phases   ] GC(158)   Other: 6.0ms
[2022-04-22T06:37:05.633+0000][10][gc,heap     ] GC(158) Eden regions: 65->0(65)
[2022-04-22T06:37:05.634+0000][10][gc,heap     ] GC(158) Survivor regions: 1->1(9)
[2022-04-22T06:37:05.634+0000][10][gc,heap     ] GC(158) Old regions: 30->30
[2022-04-22T06:37:05.635+0000][10][gc,heap     ] GC(158) Archive regions: 2->2
[2022-04-22T06:37:05.636+0000][10][gc,heap     ] GC(158) Humongous regions: 6->6
[2022-04-22T06:37:05.637+0000][10][gc,metaspace] GC(158) Metaspace: 107104K(108672K)->107104K(108672K) NonClass: 92659K(93568K)->92659K(93568K) Class: 14444K(15104K)->14444K(15104K)
[2022-04-22T06:37:05.638+0000][10][gc          ] GC(158) Pause Young (Concurrent Start) (G1 Evacuation Pause) 405M->147M(512M) 18.574ms
[2022-04-22T06:37:05.638+0000][10][gc,cpu      ] GC(158) User=0.01s Sys=0.00s Real=0.02s
[2022-04-22T06:37:05.639+0000][10][safepoint   ] Safepoint "G1CollectForAllocation", Time since last: 2608833293 ns, Reaching safepoint: 41209 ns, At safepoint: 20126916 ns, Total: 20168125 ns
[2022-04-22T06:37:05.639+0000][10][gc          ] GC(159) Concurrent Mark Cycle
[2022-04-22T06:37:05.641+0000][10][gc,marking  ] GC(159) Concurrent Clear Claimed Marks
[2022-04-22T06:37:05.642+0000][10][gc,marking  ] GC(159) Concurrent Clear Claimed Marks 0.911ms
[2022-04-22T06:37:05.642+0000][10][gc,marking  ] GC(159) Concurrent Scan Root Regions
[2022-04-22T06:37:05.644+0000][10][gc,marking  ] GC(159) Concurrent Scan Root Regions 2.022ms
[2022-04-22T06:37:05.646+0000][10][gc,marking  ] GC(159) Concurrent Mark
[2022-04-22T06:37:05.647+0000][10][gc,marking  ] GC(159) Concurrent Mark From Roots
[2022-04-22T06:37:05.648+0000][10][gc,task     ] GC(159) Using 1 workers of 1 for marking
[2022-04-22T06:37:05.714+0000][10][gc,marking  ] GC(159) Concurrent Mark From Roots 66.306ms
[2022-04-22T06:37:05.714+0000][10][gc,marking  ] GC(159) Concurrent Preclean
[2022-04-22T06:37:05.715+0000][10][gc,marking  ] GC(159) Concurrent Preclean 1.031ms
[2022-04-22T06:37:05.716+0000][10][gc,start    ] GC(159) Pause Remark
[2022-04-22T06:37:05.727+0000][10][gc          ] GC(159) Pause Remark 173M->173M(512M) 10.351ms
[2022-04-22T06:37:05.728+0000][10][gc,cpu      ] GC(159) User=0.03s Sys=0.00s Real=0.01s
[2022-04-22T06:37:05.729+0000][10][safepoint   ] Safepoint "G1Concurrent", Time since last: 77113000 ns, Reaching safepoint: 52209 ns, At safepoint: 12502125 ns, Total: 12554334 ns
[2022-04-22T06:37:05.730+0000][10][gc,marking  ] GC(159) Concurrent Mark 83.376ms
[2022-04-22T06:37:05.731+0000][10][gc,marking  ] GC(159) Concurrent Rebuild Remembered Sets
[2022-04-22T06:37:05.772+0000][10][gc,marking  ] GC(159) Concurrent Rebuild Remembered Sets 41.019ms
[2022-04-22T06:37:05.773+0000][10][gc,start    ] GC(159) Pause Cleanup
[2022-04-22T06:37:05.774+0000][10][gc          ] GC(159) Pause Cleanup 179M->179M(512M) 1.260ms
[2022-04-22T06:37:05.775+0000][10][gc,cpu      ] GC(159) User=0.00s Sys=0.00s Real=0.01s
[2022-04-22T06:37:05.776+0000][10][safepoint   ] Safepoint "G1Concurrent", Time since last: 43903833 ns, Reaching safepoint: 27750 ns, At safepoint: 3101917 ns, Total: 3129667 ns
[2022-04-22T06:37:05.777+0000][10][gc,marking  ] GC(159) Concurrent Cleanup for Next Mark
[2022-04-22T06:37:05.778+0000][10][gc,marking  ] GC(159) Concurrent Cleanup for Next Mark 1.559ms
[2022-04-22T06:37:05.780+0000][10][gc          ] GC(159) Concurrent Mark Cycle 140.274ms
[2022-04-22T06:37:07.152+0000][10][gc,start    ] GC(160) Pause Young (Prepare Mixed) (G1 Evacuation Pause)
[2022-04-22T06:37:07.153+0000][10][gc,task     ] GC(160) Using 5 workers of 5 for evacuation
[2022-04-22T06:37:07.155+0000][10][gc,age      ] GC(160) Desired survivor size 18874368 bytes, new threshold 15 (max threshold 15)
[2022-04-22T06:37:07.159+0000][10][gc,age      ] GC(160) Age table with threshold 15 (max threshold 15)
[2022-04-22T06:37:07.160+0000][10][gc,age      ] GC(160) - age   1:    4220344 bytes,    4220344 total
[2022-04-22T06:37:07.160+0000][10][gc,age      ] GC(160) - age   2:    1702696 bytes,    5923040 total
[2022-04-22T06:37:07.161+0000][10][gc,age      ] GC(160) - age   3:       8072 bytes,    5931112 total
[2022-04-22T06:37:07.162+0000][10][gc,phases   ] GC(160)   Pre Evacuate Collection Set: 0.2ms
[2022-04-22T06:37:07.163+0000][10][gc,phases   ] GC(160)   Merge Heap Roots: 0.1ms
[2022-04-22T06:37:07.163+0000][10][gc,phases   ] GC(160)   Evacuate Collection Set: 1.5ms
[2022-04-22T06:37:07.164+0000][10][gc,phases   ] GC(160)   Post Evacuate Collection Set: 0.8ms
[2022-04-22T06:37:07.164+0000][10][gc,phases   ] GC(160)   Other: 7.0ms
[2022-04-22T06:37:07.165+0000][10][gc,heap     ] GC(160) Eden regions: 65->0(4)
[2022-04-22T06:37:07.166+0000][10][gc,heap     ] GC(160) Survivor regions: 1->2(9)
[2022-04-22T06:37:07.166+0000][10][gc,heap     ] GC(160) Old regions: 30->30
[2022-04-22T06:37:07.167+0000][10][gc,heap     ] GC(160) Archive regions: 2->2
[2022-04-22T06:37:07.168+0000][10][gc,heap     ] GC(160) Humongous regions: 6->6
[2022-04-22T06:37:07.168+0000][10][gc,metaspace] GC(160) Metaspace: 107104K(108672K)->107104K(108672K) NonClass: 92659K(93568K)->92659K(93568K) Class: 14444K(15104K)->14444K(15104K)
[2022-04-22T06:37:07.169+0000][10][gc          ] GC(160) Pause Young (Prepare Mixed) (G1 Evacuation Pause) 407M->151M(512M) 16.674ms
[2022-04-22T06:37:07.170+0000][10][gc,cpu      ] GC(160) User=0.00s Sys=0.00s Real=0.02s
[2022-04-22T06:37:07.170+0000][10][safepoint   ] Safepoint "G1CollectForAllocation", Time since last: 1376345875 ns, Reaching safepoint: 69292 ns, At safepoint: 17996333 ns, Total: 18065625 ns
[2022-04-22T06:37:07.376+0000][10][gc,start    ] GC(161) Pause Young (Mixed) (G1 Evacuation Pause)
[2022-04-22T06:37:07.377+0000][10][gc,task     ] GC(161) Using 5 workers of 5 for evacuation
[2022-04-22T06:37:07.378+0000][10][gc,age      ] GC(161) Desired survivor size 2097152 bytes, new threshold 1 (max threshold 15)
[2022-04-22T06:37:07.382+0000][10][gc,age      ] GC(161) Age table with threshold 1 (max threshold 15)
[2022-04-22T06:37:07.383+0000][10][gc,age      ] GC(161) - age   1:      86704 bytes,      86704 total
[2022-04-22T06:37:07.384+0000][10][gc,phases   ] GC(161)   Pre Evacuate Collection Set: 0.4ms
[2022-04-22T06:37:07.385+0000][10][gc,phases   ] GC(161)   Merge Heap Roots: 0.2ms
[2022-04-22T06:37:07.385+0000][10][gc,phases   ] GC(161)   Evacuate Collection Set: 1.5ms
[2022-04-22T06:37:07.386+0000][10][gc,phases   ] GC(161)   Post Evacuate Collection Set: 0.5ms
[2022-04-22T06:37:07.387+0000][10][gc,phases   ] GC(161)   Other: 5.1ms
[2022-04-22T06:37:07.387+0000][10][gc,heap     ] GC(161) Eden regions: 4->0(65)
[2022-04-22T06:37:07.388+0000][10][gc,heap     ] GC(161) Survivor regions: 2->1(1)
[2022-04-22T06:37:07.389+0000][10][gc,heap     ] GC(161) Old regions: 30->30
[2022-04-22T06:37:07.389+0000][10][gc,heap     ] GC(161) Archive regions: 2->2
[2022-04-22T06:37:07.390+0000][10][gc,heap     ] GC(161) Humongous regions: 6->6
[2022-04-22T06:37:07.390+0000][10][gc,metaspace] GC(161) Metaspace: 107104K(108672K)->107104K(108672K) NonClass: 92659K(93568K)->92659K(93568K) Class: 14444K(15104K)->14444K(15104K)
[2022-04-22T06:37:07.391+0000][10][gc          ] GC(161) Pause Young (Mixed) (G1 Evacuation Pause) 167M->147M(512M) 14.720ms
[2022-04-22T06:37:07.391+0000][10][gc,cpu      ] GC(161) User=0.00s Sys=0.01s Real=0.01s
[2022-04-22T06:37:07.392+0000][10][safepoint   ] Safepoint "G1CollectForAllocation", Time since last: 205516417 ns, Reaching safepoint: 188167 ns, At safepoint: 16128041 ns, Total: 16316208 ns
[2022-04-22T06:37:09.862+0000][10][gc,start    ] GC(162) Pause Young (Concurrent Start) (G1 Evacuation Pause)
[2022-04-22T06:37:09.863+0000][10][gc,task     ] GC(162) Using 5 workers of 5 for evacuation
[2022-04-22T06:37:09.864+0000][10][gc,age      ] GC(162) Desired survivor size 18874368 bytes, new threshold 15 (max threshold 15)
[2022-04-22T06:37:09.867+0000][10][gc,age      ] GC(162) Age table with threshold 15 (max threshold 15)
[2022-04-22T06:37:09.868+0000][10][gc,age      ] GC(162) - age   1:    1132136 bytes,    1132136 total
[2022-04-22T06:37:09.869+0000][10][gc,age      ] GC(162) - age   2:      55744 bytes,    1187880 total
[2022-04-22T06:37:09.871+0000][10][gc,phases   ] GC(162)   Pre Evacuate Collection Set: 0.3ms
[2022-04-22T06:37:09.872+0000][10][gc,phases   ] GC(162)   Merge Heap Roots: 0.1ms
[2022-04-22T06:37:09.873+0000][10][gc,phases   ] GC(162)   Evacuate Collection Set: 1.2ms
[2022-04-22T06:37:09.874+0000][10][gc,phases   ] GC(162)   Post Evacuate Collection Set: 0.7ms
[2022-04-22T06:37:09.875+0000][10][gc,phases   ] GC(162)   Other: 6.7ms
[2022-04-22T06:37:09.875+0000][10][gc,heap     ] GC(162) Eden regions: 65->0(66)
[2022-04-22T06:37:09.877+0000][10][gc,heap     ] GC(162) Survivor regions: 1->1(9)
[2022-04-22T06:37:09.878+0000][10][gc,heap     ] GC(162) Old regions: 30->30
[2022-04-22T06:37:09.879+0000][10][gc,heap     ] GC(162) Archive regions: 2->2
[2022-04-22T06:37:09.880+0000][10][gc,heap     ] GC(162) Humongous regions: 6->6
[2022-04-22T06:37:09.880+0000][10][gc,metaspace] GC(162) Metaspace: 107106K(108672K)->107106K(108672K) NonClass: 92661K(93568K)->92661K(93568K) Class: 14444K(15104K)->14444K(15104K)
[2022-04-22T06:37:09.881+0000][10][gc          ] GC(162) Pause Young (Concurrent Start) (G1 Evacuation Pause) 407M->148M(512M) 19.610ms
[2022-04-22T06:37:09.882+0000][10][gc,cpu      ] GC(162) User=0.00s Sys=0.00s Real=0.02s
[2022-04-22T06:37:09.883+0000][10][safepoint   ] Safepoint "G1CollectForAllocation", Time since last: 2469294168 ns, Reaching safepoint: 168334 ns, At safepoint: 21131083 ns, Total: 21299417 ns
[2022-04-22T06:37:09.883+0000][10][gc          ] GC(163) Concurrent Mark Cycle
[2022-04-22T06:37:09.885+0000][10][gc,marking  ] GC(163) Concurrent Clear Claimed Marks
[2022-04-22T06:37:09.886+0000][10][gc,marking  ] GC(163) Concurrent Clear Claimed Marks 1.100ms
[2022-04-22T06:37:09.887+0000][10][gc,marking  ] GC(163) Concurrent Scan Root Regions
[2022-04-22T06:37:09.889+0000][10][gc,marking  ] GC(163) Concurrent Scan Root Regions 1.590ms
[2022-04-22T06:37:09.890+0000][10][gc,marking  ] GC(163) Concurrent Mark
[2022-04-22T06:37:09.890+0000][10][gc,marking  ] GC(163) Concurrent Mark From Roots
[2022-04-22T06:37:09.891+0000][10][gc,task     ] GC(163) Using 1 workers of 1 for marking
[2022-04-22T06:37:09.963+0000][10][gc,marking  ] GC(163) Concurrent Mark From Roots 72.370ms
[2022-04-22T06:37:09.964+0000][10][gc,marking  ] GC(163) Concurrent Preclean
[2022-04-22T06:37:09.965+0000][10][gc,marking  ] GC(163) Concurrent Preclean 1.350ms
[2022-04-22T06:37:09.966+0000][10][gc,start    ] GC(163) Pause Remark
[2022-04-22T06:37:09.976+0000][10][gc          ] GC(163) Pause Remark 159M->159M(512M) 9.466ms
[2022-04-22T06:37:09.977+0000][10][gc,cpu      ] GC(163) User=0.03s Sys=0.00s Real=0.01s
[2022-04-22T06:37:09.978+0000][10][safepoint   ] Safepoint "G1Concurrent", Time since last: 83293250 ns, Reaching safepoint: 249375 ns, At safepoint: 12036792 ns, Total: 12286167 ns
[2022-04-22T06:37:09.980+0000][10][gc,marking  ] GC(163) Concurrent Mark 90.081ms
[2022-04-22T06:37:09.981+0000][10][gc,marking  ] GC(163) Concurrent Rebuild Remembered Sets
[2022-04-22T06:37:10.025+0000][10][gc,marking  ] GC(163) Concurrent Rebuild Remembered Sets 44.451ms
[2022-04-22T06:37:10.046+0000][10][gc,start    ] GC(163) Pause Cleanup
[2022-04-22T06:37:10.047+0000][10][gc          ] GC(163) Pause Cleanup 163M->163M(512M) 0.822ms
[2022-04-22T06:37:10.048+0000][10][gc,cpu      ] GC(163) User=0.00s Sys=0.00s Real=0.00s
[2022-04-22T06:37:10.049+0000][10][safepoint   ] Safepoint "G1Concurrent", Time since last: 67761666 ns, Reaching safepoint: 257250 ns, At safepoint: 2525167 ns, Total: 2782417 ns
[2022-04-22T06:37:10.050+0000][10][gc,marking  ] GC(163) Concurrent Cleanup for Next Mark
[2022-04-22T06:37:10.051+0000][10][gc,marking  ] GC(163) Concurrent Cleanup for Next Mark 1.289ms
[2022-04-22T06:37:10.052+0000][10][gc          ] GC(163) Concurrent Mark Cycle 169.456ms
[2022-04-22T06:37:12.346+0000][10][gc,start    ] GC(164) Pause Young (Prepare Mixed) (G1 Evacuation Pause)
[2022-04-22T06:37:12.347+0000][10][gc,task     ] GC(164) Using 5 workers of 5 for evacuation
[2022-04-22T06:37:12.348+0000][10][gc,age      ] GC(164) Desired survivor size 18874368 bytes, new threshold 15 (max threshold 15)
[2022-04-22T06:37:12.350+0000][10][gc,age      ] GC(164) Age table with threshold 15 (max threshold 15)
[2022-04-22T06:37:12.351+0000][10][gc,age      ] GC(164) - age   1:    4123352 bytes,    4123352 total
[2022-04-22T06:37:12.352+0000][10][gc,age      ] GC(164) - age   2:    1024952 bytes,    5148304 total
[2022-04-22T06:37:12.353+0000][10][gc,age      ] GC(164) - age   3:      53824 bytes,    5202128 total
[2022-04-22T06:37:12.354+0000][10][gc,phases   ] GC(164)   Pre Evacuate Collection Set: 0.2ms
[2022-04-22T06:37:12.355+0000][10][gc,phases   ] GC(164)   Merge Heap Roots: 0.1ms
[2022-04-22T06:37:12.355+0000][10][gc,phases   ] GC(164)   Evacuate Collection Set: 1.2ms
[2022-04-22T06:37:12.356+0000][10][gc,phases   ] GC(164)   Post Evacuate Collection Set: 0.7ms
[2022-04-22T06:37:12.356+0000][10][gc,phases   ] GC(164)   Other: 5.6ms
[2022-04-22T06:37:12.357+0000][10][gc,heap     ] GC(164) Eden regions: 66->0(4)
[2022-04-22T06:37:12.357+0000][10][gc,heap     ] GC(164) Survivor regions: 1->2(9)
[2022-04-22T06:37:12.358+0000][10][gc,heap     ] GC(164) Old regions: 30->30
[2022-04-22T06:37:12.359+0000][10][gc,heap     ] GC(164) Archive regions: 2->2
[2022-04-22T06:37:12.360+0000][10][gc,heap     ] GC(164) Humongous regions: 6->6
[2022-04-22T06:37:12.361+0000][10][gc,metaspace] GC(164) Metaspace: 107107K(108672K)->107107K(108672K) NonClass: 92662K(93568K)->92662K(93568K) Class: 14444K(15104K)->14444K(15104K)
[2022-04-22T06:37:12.362+0000][10][gc          ] GC(164) Pause Young (Prepare Mixed) (G1 Evacuation Pause) 412M->152M(512M) 15.803ms
[2022-04-22T06:37:12.363+0000][10][gc,cpu      ] GC(164) User=0.01s Sys=0.00s Real=0.01s
[2022-04-22T06:37:12.364+0000][10][safepoint   ] Safepoint "G1CollectForAllocation", Time since last: 2297143334 ns, Reaching safepoint: 368959 ns, At safepoint: 17450833 ns, Total: 17819792 ns
[2022-04-22T06:37:12.521+0000][10][gc,start    ] GC(165) Pause Young (Mixed) (G1 Evacuation Pause)
[2022-04-22T06:37:12.522+0000][10][gc,task     ] GC(165) Using 5 workers of 5 for evacuation
[2022-04-22T06:37:12.522+0000][10][gc,age      ] GC(165) Desired survivor size 2097152 bytes, new threshold 1 (max threshold 15)
[2022-04-22T06:37:12.527+0000][10][gc,age      ] GC(165) Age table with threshold 1 (max threshold 15)
[2022-04-22T06:37:12.528+0000][10][gc,age      ] GC(165) - age   1:      83152 bytes,      83152 total
[2022-04-22T06:37:12.529+0000][10][gc,phases   ] GC(165)   Pre Evacuate Collection Set: 1.3ms
[2022-04-22T06:37:12.529+0000][10][gc,phases   ] GC(165)   Merge Heap Roots: 0.3ms
[2022-04-22T06:37:12.530+0000][10][gc,phases   ] GC(165)   Evacuate Collection Set: 1.1ms
[2022-04-22T06:37:12.531+0000][10][gc,phases   ] GC(165)   Post Evacuate Collection Set: 0.7ms
[2022-04-22T06:37:12.532+0000][10][gc,phases   ] GC(165)   Other: 4.4ms
[2022-04-22T06:37:12.533+0000][10][gc,heap     ] GC(165) Eden regions: 4->0(64)
[2022-04-22T06:37:12.533+0000][10][gc,heap     ] GC(165) Survivor regions: 2->1(1)
[2022-04-22T06:37:12.534+0000][10][gc,heap     ] GC(165) Old regions: 30->31
[2022-04-22T06:37:12.535+0000][10][gc,heap     ] GC(165) Archive regions: 2->2
[2022-04-22T06:37:12.536+0000][10][gc,heap     ] GC(165) Humongous regions: 6->6
[2022-04-22T06:37:12.536+0000][10][gc,metaspace] GC(165) Metaspace: 107107K(108672K)->107107K(108672K) NonClass: 92662K(93568K)->92662K(93568K) Class: 14444K(15104K)->14444K(15104K)
[2022-04-22T06:37:12.537+0000][10][gc          ] GC(165) Pause Young (Mixed) (G1 Evacuation Pause) 168M->148M(512M) 16.258ms
[2022-04-22T06:37:12.537+0000][10][gc,cpu      ] GC(165) User=0.01s Sys=0.00s Real=0.02s
[2022-04-22T06:37:12.538+0000][10][safepoint   ] Safepoint "G1CollectForAllocation", Time since last: 156844667 ns, Reaching safepoint: 66250 ns, At safepoint: 17505083 ns, Total: 17571333 ns
[2022-04-22T06:37:14.661+0000][10][gc,start    ] GC(166) Pause Young (Concurrent Start) (G1 Evacuation Pause)
[2022-04-22T06:37:14.668+0000][10][gc,task     ] GC(166) Using 5 workers of 5 for evacuation
[2022-04-22T06:37:14.669+0000][10][gc,age      ] GC(166) Desired survivor size 18874368 bytes, new threshold 15 (max threshold 15)
[2022-04-22T06:37:14.673+0000][10][gc,age      ] GC(166) Age table with threshold 15 (max threshold 15)
[2022-04-22T06:37:14.674+0000][10][gc,age      ] GC(166) - age   1:    1823248 bytes,    1823248 total
[2022-04-22T06:37:14.675+0000][10][gc,age      ] GC(166) - age   2:      49504 bytes,    1872752 total
[2022-04-22T06:37:14.676+0000][10][gc,phases   ] GC(166)   Pre Evacuate Collection Set: 0.2ms
[2022-04-22T06:37:14.677+0000][10][gc,phases   ] GC(166)   Merge Heap Roots: 0.2ms
[2022-04-22T06:37:14.678+0000][10][gc,phases   ] GC(166)   Evacuate Collection Set: 1.7ms
[2022-04-22T06:37:14.679+0000][10][gc,phases   ] GC(166)   Post Evacuate Collection Set: 0.8ms
[2022-04-22T06:37:14.680+0000][10][gc,phases   ] GC(166)   Other: 11.7ms
[2022-04-22T06:37:14.681+0000][10][gc,heap     ] GC(166) Eden regions: 64->0(65)
[2022-04-22T06:37:14.682+0000][10][gc,heap     ] GC(166) Survivor regions: 1->1(9)
[2022-04-22T06:37:14.683+0000][10][gc,heap     ] GC(166) Old regions: 31->31
[2022-04-22T06:37:14.684+0000][10][gc,heap     ] GC(166) Archive regions: 2->2
[2022-04-22T06:37:14.685+0000][10][gc,heap     ] GC(166) Humongous regions: 6->6
[2022-04-22T06:37:14.686+0000][10][gc,metaspace] GC(166) Metaspace: 107107K(108672K)->107107K(108672K) NonClass: 92662K(93568K)->92662K(93568K) Class: 14444K(15104K)->14444K(15104K)
[2022-04-22T06:37:14.687+0000][10][gc          ] GC(166) Pause Young (Concurrent Start) (G1 Evacuation Pause) 404M->150M(512M) 25.664ms
[2022-04-22T06:37:14.688+0000][10][gc,cpu      ] GC(166) User=0.00s Sys=0.01s Real=0.03s
[2022-04-22T06:37:14.689+0000][10][safepoint   ] Safepoint "G1CollectForAllocation", Time since last: 2122371001 ns, Reaching safepoint: 201709 ns, At safepoint: 28559000 ns, Total: 28760709 ns
[2022-04-22T06:37:14.689+0000][10][gc          ] GC(167) Concurrent Mark Cycle
[2022-04-22T06:37:14.691+0000][10][gc,marking  ] GC(167) Concurrent Clear Claimed Marks
[2022-04-22T06:37:14.692+0000][10][gc,marking  ] GC(167) Concurrent Clear Claimed Marks 0.961ms
[2022-04-22T06:37:14.694+0000][10][gc,marking  ] GC(167) Concurrent Scan Root Regions
[2022-04-22T06:37:14.696+0000][10][gc,marking  ] GC(167) Concurrent Scan Root Regions 1.833ms
[2022-04-22T06:37:14.697+0000][10][gc,marking  ] GC(167) Concurrent Mark
[2022-04-22T06:37:14.698+0000][10][gc,marking  ] GC(167) Concurrent Mark From Roots
[2022-04-22T06:37:14.699+0000][10][gc,task     ] GC(167) Using 1 workers of 1 for marking
[2022-04-22T06:37:14.796+0000][10][gc,marking  ] GC(167) Concurrent Mark From Roots 98.693ms
[2022-04-22T06:37:14.798+0000][10][gc,marking  ] GC(167) Concurrent Preclean
[2022-04-22T06:37:14.800+0000][10][gc,marking  ] GC(167) Concurrent Preclean 1.991ms
[2022-04-22T06:37:14.801+0000][10][gc,start    ] GC(167) Pause Remark
[2022-04-22T06:37:14.810+0000][10][gc          ] GC(167) Pause Remark 158M->158M(512M) 9.085ms
[2022-04-22T06:37:14.811+0000][10][gc,cpu      ] GC(167) User=0.03s Sys=0.00s Real=0.01s
[2022-04-22T06:37:14.812+0000][10][safepoint   ] Safepoint "G1Concurrent", Time since last: 110958750 ns, Reaching safepoint: 272583 ns, At safepoint: 11301125 ns, Total: 11573708 ns
[2022-04-22T06:37:14.813+0000][10][gc,marking  ] GC(167) Concurrent Mark 116.399ms
[2022-04-22T06:37:14.814+0000][10][gc,marking  ] GC(167) Concurrent Rebuild Remembered Sets
[2022-04-22T06:37:14.859+0000][10][gc,marking  ] GC(167) Concurrent Rebuild Remembered Sets 44.916ms
[2022-04-22T06:37:14.860+0000][10][gc,start    ] GC(167) Pause Cleanup
[2022-04-22T06:37:14.862+0000][10][gc          ] GC(167) Pause Cleanup 163M->163M(512M) 1.183ms
[2022-04-22T06:37:14.863+0000][10][gc,cpu      ] GC(167) User=0.00s Sys=0.00s Real=0.00s
[2022-04-22T06:37:14.864+0000][10][safepoint   ] Safepoint "G1Concurrent", Time since last: 48262125 ns, Reaching safepoint: 225500 ns, At safepoint: 3650167 ns, Total: 3875667 ns
[2022-04-22T06:37:14.865+0000][10][gc,marking  ] GC(167) Concurrent Cleanup for Next Mark
[2022-04-22T06:37:14.869+0000][10][gc,marking  ] GC(167) Concurrent Cleanup for Next Mark 3.598ms
[2022-04-22T06:37:14.870+0000][10][gc          ] GC(167) Concurrent Mark Cycle 180.162ms
[2022-04-22T06:37:16.871+0000][10][gc,start    ] GC(168) Pause Young (Prepare Mixed) (G1 Evacuation Pause)
[2022-04-22T06:37:16.871+0000][10][gc,task     ] GC(168) Using 5 workers of 5 for evacuation
[2022-04-22T06:37:16.872+0000][10][gc,age      ] GC(168) Desired survivor size 18874368 bytes, new threshold 15 (max threshold 15)
[2022-04-22T06:37:16.875+0000][10][gc,age      ] GC(168) Age table with threshold 15 (max threshold 15)
[2022-04-22T06:37:16.876+0000][10][gc,age      ] GC(168) - age   1:    1336480 bytes,    1336480 total
[2022-04-22T06:37:16.877+0000][10][gc,age      ] GC(168) - age   2:    1794736 bytes,    3131216 total
[2022-04-22T06:37:16.877+0000][10][gc,age      ] GC(168) - age   3:      49320 bytes,    3180536 total
[2022-04-22T06:37:16.878+0000][10][gc,phases   ] GC(168)   Pre Evacuate Collection Set: 0.2ms
[2022-04-22T06:37:16.878+0000][10][gc,phases   ] GC(168)   Merge Heap Roots: 0.1ms
[2022-04-22T06:37:16.879+0000][10][gc,phases   ] GC(168)   Evacuate Collection Set: 1.8ms
[2022-04-22T06:37:16.879+0000][10][gc,phases   ] GC(168)   Post Evacuate Collection Set: 0.6ms
[2022-04-22T06:37:16.880+0000][10][gc,phases   ] GC(168)   Other: 4.7ms
[2022-04-22T06:37:16.880+0000][10][gc,heap     ] GC(168) Eden regions: 65->0(5)
[2022-04-22T06:37:16.881+0000][10][gc,heap     ] GC(168) Survivor regions: 1->1(9)
[2022-04-22T06:37:16.882+0000][10][gc,heap     ] GC(168) Old regions: 31->31
[2022-04-22T06:37:16.883+0000][10][gc,heap     ] GC(168) Archive regions: 2->2
[2022-04-22T06:37:16.883+0000][10][gc,heap     ] GC(168) Humongous regions: 6->6
[2022-04-22T06:37:16.884+0000][10][gc,metaspace] GC(168) Metaspace: 107108K(108672K)->107108K(108672K) NonClass: 92664K(93568K)->92664K(93568K) Class: 14444K(15104K)->14444K(15104K)
[2022-04-22T06:37:16.884+0000][10][gc          ] GC(168) Pause Young (Prepare Mixed) (G1 Evacuation Pause) 410M->151M(512M) 13.805ms
[2022-04-22T06:37:16.885+0000][10][gc,cpu      ] GC(168) User=0.01s Sys=0.00s Real=0.02s
[2022-04-22T06:37:16.886+0000][10][safepoint   ] Safepoint "G1CollectForAllocation", Time since last: 2006324834 ns, Reaching safepoint: 117042 ns, At safepoint: 15370416 ns, Total: 15487458 ns
[2022-04-22T06:37:16.986+0000][10][gc,start    ] GC(169) Pause Young (Mixed) (G1 Evacuation Pause)
[2022-04-22T06:37:16.987+0000][10][gc,task     ] GC(169) Using 5 workers of 5 for evacuation
[2022-04-22T06:37:16.988+0000][10][gc,age      ] GC(169) Desired survivor size 2097152 bytes, new threshold 2 (max threshold 15)
[2022-04-22T06:37:16.991+0000][10][gc,age      ] GC(169) Age table with threshold 2 (max threshold 15)
[2022-04-22T06:37:16.992+0000][10][gc,age      ] GC(169) - age   1:     279328 bytes,     279328 total
[2022-04-22T06:37:16.993+0000][10][gc,age      ] GC(169) - age   2:    1306184 bytes,    1585512 total
[2022-04-22T06:37:16.993+0000][10][gc,phases   ] GC(169)   Pre Evacuate Collection Set: 0.1ms
[2022-04-22T06:37:16.994+0000][10][gc,phases   ] GC(169)   Merge Heap Roots: 0.2ms
[2022-04-22T06:37:16.994+0000][10][gc,phases   ] GC(169)   Evacuate Collection Set: 1.3ms
[2022-04-22T06:37:16.995+0000][10][gc,phases   ] GC(169)   Post Evacuate Collection Set: 0.6ms
[2022-04-22T06:37:16.995+0000][10][gc,phases   ] GC(169)   Other: 5.4ms
[2022-04-22T06:37:16.996+0000][10][gc,heap     ] GC(169) Eden regions: 5->0(66)
[2022-04-22T06:37:16.997+0000][10][gc,heap     ] GC(169) Survivor regions: 1->1(1)
[2022-04-22T06:37:16.997+0000][10][gc,heap     ] GC(169) Old regions: 31->30
[2022-04-22T06:37:16.998+0000][10][gc,heap     ] GC(169) Archive regions: 2->2
[2022-04-22T06:37:16.999+0000][10][gc,heap     ] GC(169) Humongous regions: 6->6
[2022-04-22T06:37:17.000+0000][10][gc,metaspace] GC(169) Metaspace: 107108K(108672K)->107108K(108672K) NonClass: 92664K(93568K)->92664K(93568K) Class: 14444K(15104K)->14444K(15104K)
[2022-04-22T06:37:17.001+0000][10][gc          ] GC(169) Pause Young (Mixed) (G1 Evacuation Pause) 171M->148M(512M) 15.414ms
[2022-04-22T06:37:17.002+0000][10][gc,cpu      ] GC(169) User=0.00s Sys=0.00s Real=0.01s
[2022-04-22T06:37:17.002+0000][10][safepoint   ] Safepoint "G1CollectForAllocation", Time since last: 99665667 ns, Reaching safepoint: 124667 ns, At safepoint: 16760291 ns, Total: 16884958 ns
[2022-04-22T06:37:19.073+0000][10][gc,start    ] GC(170) Pause Young (Concurrent Start) (G1 Evacuation Pause)
[2022-04-22T06:37:19.074+0000][10][gc,task     ] GC(170) Using 5 workers of 5 for evacuation
[2022-04-22T06:37:19.075+0000][10][gc,age      ] GC(170) Desired survivor size 18874368 bytes, new threshold 15 (max threshold 15)
[2022-04-22T06:37:19.079+0000][10][gc,age      ] GC(170) Age table with threshold 15 (max threshold 15)
[2022-04-22T06:37:19.083+0000][10][gc,age      ] GC(170) - age   1:    4616792 bytes,    4616792 total
[2022-04-22T06:37:19.083+0000][10][gc,age      ] GC(170) - age   2:      75304 bytes,    4692096 total
[2022-04-22T06:37:19.084+0000][10][gc,age      ] GC(170) - age   3:    1303088 bytes,    5995184 total
[2022-04-22T06:37:19.085+0000][10][gc,phases   ] GC(170)   Pre Evacuate Collection Set: 0.3ms
[2022-04-22T06:37:19.086+0000][10][gc,phases   ] GC(170)   Merge Heap Roots: 0.2ms
[2022-04-22T06:37:19.088+0000][10][gc,phases   ] GC(170)   Evacuate Collection Set: 2.2ms
[2022-04-22T06:37:19.089+0000][10][gc,phases   ] GC(170)   Post Evacuate Collection Set: 0.8ms
[2022-04-22T06:37:19.090+0000][10][gc,phases   ] GC(170)   Other: 9.1ms
[2022-04-22T06:37:19.090+0000][10][gc,heap     ] GC(170) Eden regions: 66->0(64)
[2022-04-22T06:37:19.092+0000][10][gc,heap     ] GC(170) Survivor regions: 1->2(9)
[2022-04-22T06:37:19.093+0000][10][gc,heap     ] GC(170) Old regions: 30->30
[2022-04-22T06:37:19.094+0000][10][gc,heap     ] GC(170) Archive regions: 2->2
[2022-04-22T06:37:19.095+0000][10][gc,heap     ] GC(170) Humongous regions: 6->6
[2022-04-22T06:37:19.096+0000][10][gc,metaspace] GC(170) Metaspace: 107108K(108672K)->107108K(108672K) NonClass: 92664K(93568K)->92664K(93568K) Class: 14444K(15104K)->14444K(15104K)
[2022-04-22T06:37:19.097+0000][10][gc          ] GC(170) Pause Young (Concurrent Start) (G1 Evacuation Pause) 412M->152M(512M) 23.744ms
[2022-04-22T06:37:19.097+0000][10][gc,cpu      ] GC(170) User=0.01s Sys=0.00s Real=0.03s
[2022-04-22T06:37:19.098+0000][10][gc          ] GC(171) Concurrent Mark Cycle
[2022-04-22T06:37:19.099+0000][10][gc,marking  ] GC(171) Concurrent Clear Claimed Marks
[2022-04-22T06:37:19.101+0000][10][gc,marking  ] GC(171) Concurrent Clear Claimed Marks 1.383ms
[2022-04-22T06:37:19.101+0000][10][gc,marking  ] GC(171) Concurrent Scan Root Regions
[2022-04-22T06:37:19.106+0000][10][gc,marking  ] GC(171) Concurrent Scan Root Regions 4.678ms
[2022-04-22T06:37:19.107+0000][10][gc,marking  ] GC(171) Concurrent Mark
[2022-04-22T06:37:19.108+0000][10][gc,marking  ] GC(171) Concurrent Mark From Roots
[2022-04-22T06:37:19.108+0000][10][gc,task     ] GC(171) Using 1 workers of 1 for marking
[2022-04-22T06:37:19.098+0000][10][safepoint   ] Safepoint "G1CollectForAllocation", Time since last: 2070325793 ns, Reaching safepoint: 99625 ns, At safepoint: 25553833 ns, Total: 25653458 ns
[2022-04-22T06:37:19.174+0000][10][gc,marking  ] GC(171) Concurrent Mark From Roots 66.849ms
[2022-04-22T06:37:19.175+0000][10][gc,marking  ] GC(171) Concurrent Preclean
[2022-04-22T06:37:19.176+0000][10][gc,marking  ] GC(171) Concurrent Preclean 1.265ms
[2022-04-22T06:37:19.177+0000][10][gc,start    ] GC(171) Pause Remark
[2022-04-22T06:37:19.187+0000][10][gc          ] GC(171) Pause Remark 160M->160M(512M) 9.783ms
[2022-04-22T06:37:19.188+0000][10][gc,cpu      ] GC(171) User=0.03s Sys=0.00s Real=0.01s
[2022-04-22T06:37:19.189+0000][10][safepoint   ] Safepoint "G1Concurrent", Time since last: 78939625 ns, Reaching safepoint: 157500 ns, At safepoint: 11698042 ns, Total: 11855542 ns
[2022-04-22T06:37:19.190+0000][10][gc,marking  ] GC(171) Concurrent Mark 83.507ms
[2022-04-22T06:37:19.191+0000][10][gc,marking  ] GC(171) Concurrent Rebuild Remembered Sets
[2022-04-22T06:37:19.271+0000][10][gc,marking  ] GC(171) Concurrent Rebuild Remembered Sets 80.086ms
[2022-04-22T06:37:19.273+0000][10][gc,start    ] GC(171) Pause Cleanup
[2022-04-22T06:37:19.274+0000][10][gc          ] GC(171) Pause Cleanup 168M->168M(512M) 1.467ms
[2022-04-22T06:37:19.275+0000][10][gc,cpu      ] GC(171) User=0.00s Sys=0.00s Real=0.01s
[2022-04-22T06:37:19.276+0000][10][safepoint   ] Safepoint "G1Concurrent", Time since last: 83483083 ns, Reaching safepoint: 241084 ns, At safepoint: 3345541 ns, Total: 3586625 ns
[2022-04-22T06:37:19.277+0000][10][gc,marking  ] GC(171) Concurrent Cleanup for Next Mark
[2022-04-22T06:37:19.280+0000][10][gc,marking  ] GC(171) Concurrent Cleanup for Next Mark 2.776ms
[2022-04-22T06:37:19.281+0000][10][gc          ] GC(171) Concurrent Mark Cycle 183.051ms
[2022-04-22T06:37:21.343+0000][10][gc,start    ] GC(172) Pause Young (Prepare Mixed) (G1 Evacuation Pause)
[2022-04-22T06:37:21.344+0000][10][gc,task     ] GC(172) Using 5 workers of 5 for evacuation
[2022-04-22T06:37:21.345+0000][10][gc,age      ] GC(172) Desired survivor size 18874368 bytes, new threshold 15 (max threshold 15)
[2022-04-22T06:37:21.352+0000][10][gc,age      ] GC(172) Age table with threshold 15 (max threshold 15)
[2022-04-22T06:37:21.353+0000][10][gc,age      ] GC(172) - age   1:     953136 bytes,     953136 total
[2022-04-22T06:37:21.354+0000][10][gc,age      ] GC(172) - age   2:    4600880 bytes,    5554016 total
[2022-04-22T06:37:21.355+0000][10][gc,age      ] GC(172) - age   3:      75304 bytes,    5629320 total
[2022-04-22T06:37:21.355+0000][10][gc,age      ] GC(172) - age   4:    1302096 bytes,    6931416 total
[2022-04-22T06:37:21.356+0000][10][gc,phases   ] GC(172)   Pre Evacuate Collection Set: 0.3ms
[2022-04-22T06:37:21.357+0000][10][gc,phases   ] GC(172)   Merge Heap Roots: 0.2ms
[2022-04-22T06:37:21.357+0000][10][gc,phases   ] GC(172)   Evacuate Collection Set: 4.9ms
[2022-04-22T06:37:21.358+0000][10][gc,phases   ] GC(172)   Post Evacuate Collection Set: 0.6ms
[2022-04-22T06:37:21.358+0000][10][gc,phases   ] GC(172)   Other: 7.4ms
[2022-04-22T06:37:21.359+0000][10][gc,heap     ] GC(172) Eden regions: 64->0(4)
[2022-04-22T06:37:21.359+0000][10][gc,heap     ] GC(172) Survivor regions: 2->2(9)
[2022-04-22T06:37:21.360+0000][10][gc,heap     ] GC(172) Old regions: 30->30
[2022-04-22T06:37:21.361+0000][10][gc,heap     ] GC(172) Archive regions: 2->2
[2022-04-22T06:37:21.361+0000][10][gc,heap     ] GC(172) Humongous regions: 6->6
[2022-04-22T06:37:21.362+0000][10][gc,metaspace] GC(172) Metaspace: 107108K(108672K)->107108K(108672K) NonClass: 92664K(93568K)->92664K(93568K) Class: 14444K(15104K)->14444K(15104K)
[2022-04-22T06:37:21.363+0000][10][gc          ] GC(172) Pause Young (Prepare Mixed) (G1 Evacuation Pause) 408M->153M(512M) 19.750ms
[2022-04-22T06:37:21.363+0000][10][gc,cpu      ] GC(172) User=0.00s Sys=0.00s Real=0.02s
[2022-04-22T06:37:21.364+0000][10][safepoint   ] Safepoint "G1CollectForAllocation", Time since last: 2066433793 ns, Reaching safepoint: 142458 ns, At safepoint: 21156167 ns, Total: 21298625 ns
[2022-04-22T06:37:21.572+0000][10][gc,start    ] GC(173) Pause Young (Mixed) (G1 Evacuation Pause)
[2022-04-22T06:37:21.573+0000][10][gc,task     ] GC(173) Using 5 workers of 5 for evacuation
[2022-04-22T06:37:21.574+0000][10][gc,age      ] GC(173) Desired survivor size 2097152 bytes, new threshold 2 (max threshold 15)
[2022-04-22T06:37:21.578+0000][10][gc,age      ] GC(173) Age table with threshold 2 (max threshold 15)
[2022-04-22T06:37:21.578+0000][10][gc,age      ] GC(173) - age   1:      82824 bytes,      82824 total
[2022-04-22T06:37:21.579+0000][10][gc,age      ] GC(173) - age   2:     907112 bytes,     989936 total
[2022-04-22T06:37:21.580+0000][10][gc,phases   ] GC(173)   Pre Evacuate Collection Set: 0.2ms
[2022-04-22T06:37:21.581+0000][10][gc,phases   ] GC(173)   Merge Heap Roots: 0.1ms
[2022-04-22T06:37:21.581+0000][10][gc,phases   ] GC(173)   Evacuate Collection Set: 1.8ms
[2022-04-22T06:37:21.582+0000][10][gc,phases   ] GC(173)   Post Evacuate Collection Set: 0.9ms
[2022-04-22T06:37:21.583+0000][10][gc,phases   ] GC(173)   Other: 5.2ms
[2022-04-22T06:37:21.584+0000][10][gc,heap     ] GC(173) Eden regions: 4->0(65)
[2022-04-22T06:37:21.584+0000][10][gc,heap     ] GC(173) Survivor regions: 2->1(1)
[2022-04-22T06:37:21.585+0000][10][gc,heap     ] GC(173) Old regions: 30->31
[2022-04-22T06:37:21.585+0000][10][gc,heap     ] GC(173) Archive regions: 2->2
[2022-04-22T06:37:21.586+0000][10][gc,heap     ] GC(173) Humongous regions: 6->6
[2022-04-22T06:37:21.586+0000][10][gc,metaspace] GC(173) Metaspace: 107108K(108672K)->107108K(108672K) NonClass: 92664K(93568K)->92664K(93568K) Class: 14444K(15104K)->14444K(15104K)
[2022-04-22T06:37:21.587+0000][10][gc          ] GC(173) Pause Young (Mixed) (G1 Evacuation Pause) 169M->150M(512M) 15.061ms
[2022-04-22T06:37:21.588+0000][10][gc,cpu      ] GC(173) User=0.01s Sys=0.01s Real=0.02s
[2022-04-22T06:37:21.588+0000][10][safepoint   ] Safepoint "G1CollectForAllocation", Time since last: 207709250 ns, Reaching safepoint: 174542 ns, At safepoint: 16488125 ns, Total: 16662667 ns
[2022-04-22T06:37:22.936+0000][10][gc,start    ] GC(174) Pause Young (Concurrent Start) (G1 Evacuation Pause)
[2022-04-22T06:37:22.937+0000][10][gc,task     ] GC(174) Using 5 workers of 5 for evacuation
[2022-04-22T06:37:22.939+0000][10][gc,age      ] GC(174) Desired survivor size 18874368 bytes, new threshold 15 (max threshold 15)
[2022-04-22T06:37:22.943+0000][10][gc,age      ] GC(174) Age table with threshold 15 (max threshold 15)
[2022-04-22T06:37:22.943+0000][10][gc,age      ] GC(174) - age   1:    1855392 bytes,    1855392 total
[2022-04-22T06:37:22.945+0000][10][gc,age      ] GC(174) - age   2:      50544 bytes,    1905936 total
[2022-04-22T06:37:22.945+0000][10][gc,age      ] GC(174) - age   3:     904864 bytes,    2810800 total
[2022-04-22T06:37:22.946+0000][10][gc,phases   ] GC(174)   Pre Evacuate Collection Set: 0.3ms
[2022-04-22T06:37:22.946+0000][10][gc,phases   ] GC(174)   Merge Heap Roots: 0.1ms
[2022-04-22T06:37:22.947+0000][10][gc,phases   ] GC(174)   Evacuate Collection Set: 1.4ms
[2022-04-22T06:37:22.947+0000][10][gc,phases   ] GC(174)   Post Evacuate Collection Set: 0.8ms
[2022-04-22T06:37:22.948+0000][10][gc,phases   ] GC(174)   Other: 7.1ms
[2022-04-22T06:37:22.949+0000][10][gc,heap     ] GC(174) Eden regions: 65->0(65)
[2022-04-22T06:37:22.949+0000][10][gc,heap     ] GC(174) Survivor regions: 1->1(9)
[2022-04-22T06:37:22.950+0000][10][gc,heap     ] GC(174) Old regions: 31->31
[2022-04-22T06:37:22.950+0000][10][gc,heap     ] GC(174) Archive regions: 2->2
[2022-04-22T06:37:22.951+0000][10][gc,heap     ] GC(174) Humongous regions: 6->6
[2022-04-22T06:37:22.952+0000][10][gc,metaspace] GC(174) Metaspace: 107108K(108672K)->107108K(108672K) NonClass: 92664K(93568K)->92664K(93568K) Class: 14444K(15104K)->14444K(15104K)
[2022-04-22T06:37:22.953+0000][10][gc          ] GC(174) Pause Young (Concurrent Start) (G1 Evacuation Pause) 410M->152M(512M) 16.790ms
[2022-04-22T06:37:22.954+0000][10][gc,cpu      ] GC(174) User=0.01s Sys=0.00s Real=0.01s
[2022-04-22T06:37:22.955+0000][10][safepoint   ] Safepoint "G1CollectForAllocation", Time since last: 1347559375 ns, Reaching safepoint: 143500 ns, At safepoint: 18696625 ns, Total: 18840125 ns
[2022-04-22T06:37:22.955+0000][10][gc          ] GC(175) Concurrent Mark Cycle
[2022-04-22T06:37:22.957+0000][10][gc,marking  ] GC(175) Concurrent Clear Claimed Marks
[2022-04-22T06:37:22.958+0000][10][gc,marking  ] GC(175) Concurrent Clear Claimed Marks 1.280ms
[2022-04-22T06:37:22.959+0000][10][gc,marking  ] GC(175) Concurrent Scan Root Regions
[2022-04-22T06:37:22.961+0000][10][gc,marking  ] GC(175) Concurrent Scan Root Regions 2.231ms
[2022-04-22T06:37:22.962+0000][10][gc,marking  ] GC(175) Concurrent Mark
[2022-04-22T06:37:22.963+0000][10][gc,marking  ] GC(175) Concurrent Mark From Roots
[2022-04-22T06:37:22.964+0000][10][gc,task     ] GC(175) Using 1 workers of 1 for marking
[2022-04-22T06:37:23.033+0000][10][gc,marking  ] GC(175) Concurrent Mark From Roots 70.136ms
[2022-04-22T06:37:23.034+0000][10][gc,marking  ] GC(175) Concurrent Preclean
[2022-04-22T06:37:23.035+0000][10][gc,marking  ] GC(175) Concurrent Preclean 0.991ms
[2022-04-22T06:37:23.036+0000][10][gc,start    ] GC(175) Pause Remark
[2022-04-22T06:37:23.046+0000][10][gc          ] GC(175) Pause Remark 159M->159M(512M) 10.310ms
[2022-04-22T06:37:23.047+0000][10][gc,cpu      ] GC(175) User=0.02s Sys=0.01s Real=0.01s
[2022-04-22T06:37:23.049+0000][10][safepoint   ] Safepoint "G1Concurrent", Time since last: 81027375 ns, Reaching safepoint: 41584 ns, At safepoint: 13556458 ns, Total: 13598042 ns
[2022-04-22T06:37:23.050+0000][10][gc,marking  ] GC(175) Concurrent Mark 87.931ms
[2022-04-22T06:37:23.051+0000][10][gc,marking  ] GC(175) Concurrent Rebuild Remembered Sets
[2022-04-22T06:37:23.093+0000][10][gc,marking  ] GC(175) Concurrent Rebuild Remembered Sets 42.237ms
[2022-04-22T06:37:23.095+0000][10][gc,start    ] GC(175) Pause Cleanup
[2022-04-22T06:37:23.097+0000][10][gc          ] GC(175) Pause Cleanup 164M->164M(512M) 1.374ms
[2022-04-22T06:37:23.098+0000][10][gc,cpu      ] GC(175) User=0.00s Sys=0.00s Real=0.00s
[2022-04-22T06:37:23.098+0000][10][safepoint   ] Safepoint "G1Concurrent", Time since last: 45170542 ns, Reaching safepoint: 701292 ns, At safepoint: 3122291 ns, Total: 3823583 ns
[2022-04-22T06:37:23.100+0000][10][gc,marking  ] GC(175) Concurrent Cleanup for Next Mark
[2022-04-22T06:37:23.101+0000][10][gc,marking  ] GC(175) Concurrent Cleanup for Next Mark 1.733ms
[2022-04-22T06:37:23.104+0000][10][gc          ] GC(175) Concurrent Mark Cycle 149.112ms
[2022-04-22T06:37:25.678+0000][10][gc,start    ] GC(176) Pause Young (Prepare Mixed) (G1 Evacuation Pause)
[2022-04-22T06:37:25.679+0000][10][gc,task     ] GC(176) Using 5 workers of 5 for evacuation
[2022-04-22T06:37:25.680+0000][10][gc,age      ] GC(176) Desired survivor size 18874368 bytes, new threshold 15 (max threshold 15)
[2022-04-22T06:37:25.683+0000][10][gc,age      ] GC(176) Age table with threshold 15 (max threshold 15)
[2022-04-22T06:37:25.684+0000][10][gc,age      ] GC(176) - age   1:    1303664 bytes,    1303664 total
[2022-04-22T06:37:25.685+0000][10][gc,age      ] GC(176) - age   2:    1623256 bytes,    2926920 total
[2022-04-22T06:37:25.686+0000][10][gc,age      ] GC(176) - age   3:      50544 bytes,    2977464 total
[2022-04-22T06:37:25.687+0000][10][gc,age      ] GC(176) - age   4:     901176 bytes,    3878640 total
[2022-04-22T06:37:25.687+0000][10][gc,phases   ] GC(176)   Pre Evacuate Collection Set: 0.1ms
[2022-04-22T06:37:25.688+0000][10][gc,phases   ] GC(176)   Merge Heap Roots: 0.2ms
[2022-04-22T06:37:25.689+0000][10][gc,phases   ] GC(176)   Evacuate Collection Set: 1.9ms
[2022-04-22T06:37:25.689+0000][10][gc,phases   ] GC(176)   Post Evacuate Collection Set: 0.5ms
[2022-04-22T06:37:25.690+0000][10][gc,phases   ] GC(176)   Other: 6.8ms
[2022-04-22T06:37:25.690+0000][10][gc,heap     ] GC(176) Eden regions: 65->0(5)
[2022-04-22T06:37:25.691+0000][10][gc,heap     ] GC(176) Survivor regions: 1->1(9)
[2022-04-22T06:37:25.691+0000][10][gc,heap     ] GC(176) Old regions: 31->31
[2022-04-22T06:37:25.692+0000][10][gc,heap     ] GC(176) Archive regions: 2->2
[2022-04-22T06:37:25.693+0000][10][gc,heap     ] GC(176) Humongous regions: 6->6
[2022-04-22T06:37:25.693+0000][10][gc,metaspace] GC(176) Metaspace: 107108K(108672K)->107108K(108672K) NonClass: 92664K(93568K)->92664K(93568K) Class: 14444K(15104K)->14444K(15104K)
[2022-04-22T06:37:25.694+0000][10][gc          ] GC(176) Pause Young (Prepare Mixed) (G1 Evacuation Pause) 412M->153M(512M) 16.022ms
[2022-04-22T06:37:25.694+0000][10][gc,cpu      ] GC(176) User=0.01s Sys=0.00s Real=0.02s
[2022-04-22T06:37:25.695+0000][10][safepoint   ] Safepoint "G1CollectForAllocation", Time since last: 2579118501 ns, Reaching safepoint: 241542 ns, At safepoint: 17371792 ns, Total: 17613334 ns
[2022-04-22T06:37:25.947+0000][10][gc,start    ] GC(177) Pause Young (Mixed) (G1 Evacuation Pause)
[2022-04-22T06:37:25.948+0000][10][gc,task     ] GC(177) Using 5 workers of 5 for evacuation
[2022-04-22T06:37:25.950+0000][10][gc,age      ] GC(177) Desired survivor size 2097152 bytes, new threshold 2 (max threshold 15)
[2022-04-22T06:37:25.955+0000][10][gc,age      ] GC(177) Age table with threshold 2 (max threshold 15)
[2022-04-22T06:37:25.956+0000][10][gc,age      ] GC(177) - age   1:      75064 bytes,      75064 total
[2022-04-22T06:37:25.958+0000][10][gc,age      ] GC(177) - age   2:    1223904 bytes,    1298968 total
[2022-04-22T06:37:25.959+0000][10][gc,phases   ] GC(177)   Pre Evacuate Collection Set: 0.4ms
[2022-04-22T06:37:25.961+0000][10][gc,phases   ] GC(177)   Merge Heap Roots: 0.2ms
[2022-04-22T06:37:25.961+0000][10][gc,phases   ] GC(177)   Evacuate Collection Set: 2.9ms
[2022-04-22T06:37:25.962+0000][10][gc,phases   ] GC(177)   Post Evacuate Collection Set: 0.8ms
[2022-04-22T06:37:25.963+0000][10][gc,phases   ] GC(177)   Other: 8.3ms
[2022-04-22T06:37:25.964+0000][10][gc,heap     ] GC(177) Eden regions: 5->0(65)
[2022-04-22T06:37:25.966+0000][10][gc,heap     ] GC(177) Survivor regions: 1->1(1)
[2022-04-22T06:37:25.967+0000][10][gc,heap     ] GC(177) Old regions: 31->31
[2022-04-22T06:37:25.968+0000][10][gc,heap     ] GC(177) Archive regions: 2->2
[2022-04-22T06:37:25.969+0000][10][gc,heap     ] GC(177) Humongous regions: 6->6
[2022-04-22T06:37:25.971+0000][10][gc,metaspace] GC(177) Metaspace: 107108K(108672K)->107108K(108672K) NonClass: 92664K(93568K)->92664K(93568K) Class: 14444K(15104K)->14444K(15104K)
[2022-04-22T06:37:25.972+0000][10][gc          ] GC(177) Pause Young (Mixed) (G1 Evacuation Pause) 173M->150M(512M) 24.732ms
[2022-04-22T06:37:25.972+0000][10][gc,cpu      ] GC(177) User=0.00s Sys=0.00s Real=0.02s
[2022-04-22T06:37:25.973+0000][10][safepoint   ] Safepoint "G1CollectForAllocation", Time since last: 251080250 ns, Reaching safepoint: 559958 ns, At safepoint: 26696750 ns, Total: 27256708 ns
[2022-04-22T06:37:40.003+0000][10][safepoint   ] Safepoint "Cleanup", Time since last: 14031298965 ns, Reaching safepoint: 183208 ns, At safepoint: 91875 ns, Total: 275083 ns
[2022-04-22T06:39:14.268+0000][10][safepoint   ] Safepoint "Cleanup", Time since last: 94265889335 ns, Reaching safepoint: 225208 ns, At safepoint: 4667 ns, Total: 229875 ns
[2022-04-22T06:40:27.435+0000][10][safepoint   ] Safepoint "Cleanup", Time since last: 73166925741 ns, Reaching safepoint: 154792 ns, At safepoint: 4125 ns, Total: 158917 ns
[2022-04-22T06:41:53.635+0000][10][safepoint   ] Safepoint "Cleanup", Time since last: 86200026123 ns, Reaching safepoint: 200333 ns, At safepoint: 4250 ns, Total: 204583 ns
[2022-04-22T06:41:55.679+0000][10][gc,start    ] GC(178) Pause Young (Concurrent Start) (G1 Evacuation Pause)
[2022-04-22T06:41:55.680+0000][10][gc,task     ] GC(178) Using 5 workers of 5 for evacuation
[2022-04-22T06:41:55.680+0000][10][gc,age      ] GC(178) Desired survivor size 18874368 bytes, new threshold 15 (max threshold 15)
[2022-04-22T06:41:55.684+0000][10][gc,age      ] GC(178) Age table with threshold 15 (max threshold 15)
[2022-04-22T06:41:55.684+0000][10][gc,age      ] GC(178) - age   1:    1025232 bytes,    1025232 total
[2022-04-22T06:41:55.685+0000][10][gc,age      ] GC(178) - age   2:      48600 bytes,    1073832 total
[2022-04-22T06:41:55.686+0000][10][gc,age      ] GC(178) - age   3:    1221784 bytes,    2295616 total
[2022-04-22T06:41:55.686+0000][10][gc,phases   ] GC(178)   Pre Evacuate Collection Set: 0.2ms
[2022-04-22T06:41:55.687+0000][10][gc,phases   ] GC(178)   Merge Heap Roots: 0.1ms
[2022-04-22T06:41:55.688+0000][10][gc,phases   ] GC(178)   Evacuate Collection Set: 1.4ms
[2022-04-22T06:41:55.689+0000][10][gc,phases   ] GC(178)   Post Evacuate Collection Set: 0.7ms
[2022-04-22T06:41:55.690+0000][10][gc,phases   ] GC(178)   Other: 5.5ms
[2022-04-22T06:41:55.691+0000][10][gc,heap     ] GC(178) Eden regions: 65->0(66)
[2022-04-22T06:41:55.692+0000][10][gc,heap     ] GC(178) Survivor regions: 1->1(9)
[2022-04-22T06:41:55.693+0000][10][gc,heap     ] GC(178) Old regions: 31->31
[2022-04-22T06:41:55.694+0000][10][gc,heap     ] GC(178) Archive regions: 2->2
[2022-04-22T06:41:55.695+0000][10][gc,heap     ] GC(178) Humongous regions: 6->6
[2022-04-22T06:41:55.696+0000][10][gc,metaspace] GC(178) Metaspace: 107123K(108736K)->107123K(108736K) NonClass: 92678K(93632K)->92678K(93632K) Class: 14444K(15104K)->14444K(15104K)
[2022-04-22T06:41:55.696+0000][10][gc          ] GC(178) Pause Young (Concurrent Start) (G1 Evacuation Pause) 410M->151M(512M) 17.831ms
[2022-04-22T06:41:55.697+0000][10][gc,cpu      ] GC(178) User=0.01s Sys=0.01s Real=0.02s
[2022-04-22T06:41:55.698+0000][10][safepoint   ] Safepoint "G1CollectForAllocation", Time since last: 2043928084 ns, Reaching safepoint: 37167 ns, At safepoint: 19020208 ns, Total: 19057375 ns
[2022-04-22T06:41:55.698+0000][10][gc          ] GC(179) Concurrent Mark Cycle
[2022-04-22T06:41:55.699+0000][10][gc,marking  ] GC(179) Concurrent Clear Claimed Marks
[2022-04-22T06:41:55.701+0000][10][gc,marking  ] GC(179) Concurrent Clear Claimed Marks 1.160ms
[2022-04-22T06:41:55.701+0000][10][gc,marking  ] GC(179) Concurrent Scan Root Regions
[2022-04-22T06:41:55.704+0000][10][gc,marking  ] GC(179) Concurrent Scan Root Regions 2.112ms
[2022-04-22T06:41:55.705+0000][10][gc,marking  ] GC(179) Concurrent Mark
[2022-04-22T06:41:55.706+0000][10][gc,marking  ] GC(179) Concurrent Mark From Roots
[2022-04-22T06:41:55.707+0000][10][gc,task     ] GC(179) Using 1 workers of 1 for marking
[2022-04-22T06:41:55.779+0000][10][gc,marking  ] GC(179) Concurrent Mark From Roots 73.733ms
[2022-04-22T06:41:55.780+0000][10][gc,marking  ] GC(179) Concurrent Preclean
[2022-04-22T06:41:55.782+0000][10][gc,marking  ] GC(179) Concurrent Preclean 1.670ms
[2022-04-22T06:41:55.783+0000][10][gc,start    ] GC(179) Pause Remark
[2022-04-22T06:41:55.790+0000][10][gc          ] GC(179) Pause Remark 154M->154M(512M) 7.037ms
[2022-04-22T06:41:55.792+0000][10][gc,cpu      ] GC(179) User=0.02s Sys=0.00s Real=0.01s
[2022-04-22T06:41:55.793+0000][10][safepoint   ] Safepoint "G1Concurrent", Time since last: 85329792 ns, Reaching safepoint: 46958 ns, At safepoint: 9981000 ns, Total: 10027958 ns
[2022-04-22T06:41:55.794+0000][10][gc,marking  ] GC(179) Concurrent Mark 89.331ms
[2022-04-22T06:41:55.795+0000][10][gc,marking  ] GC(179) Concurrent Rebuild Remembered Sets
[2022-04-22T06:41:55.893+0000][10][gc,marking  ] GC(179) Concurrent Rebuild Remembered Sets 98.340ms
[2022-04-22T06:41:55.894+0000][10][gc,start    ] GC(179) Pause Cleanup
[2022-04-22T06:41:55.895+0000][10][gc          ] GC(179) Pause Cleanup 157M->157M(512M) 0.689ms
[2022-04-22T06:41:55.896+0000][10][gc,cpu      ] GC(179) User=0.00s Sys=0.00s Real=0.00s
[2022-04-22T06:41:55.896+0000][10][safepoint   ] Safepoint "G1Concurrent", Time since last: 101243334 ns, Reaching safepoint: 51708 ns, At safepoint: 2242209 ns, Total: 2293917 ns
[2022-04-22T06:41:55.897+0000][10][gc,marking  ] GC(179) Concurrent Cleanup for Next Mark
[2022-04-22T06:41:55.899+0000][10][gc,marking  ] GC(179) Concurrent Cleanup for Next Mark 1.325ms
[2022-04-22T06:41:55.900+0000][10][gc          ] GC(179) Concurrent Mark Cycle 202.108ms
[2022-04-22T06:41:57.898+0000][10][safepoint   ] Safepoint "Cleanup", Time since last: 2001203334 ns, Reaching safepoint: 93791 ns, At safepoint: 9750 ns, Total: 103541 ns
[2022-04-22T06:42:02.902+0000][10][safepoint   ] Safepoint "Cleanup", Time since last: 5004126628 ns, Reaching safepoint: 70000 ns, At safepoint: 2291 ns, Total: 72291 ns
[2022-04-22T06:42:09.924+0000][10][safepoint   ] Safepoint "Cleanup", Time since last: 7022210504 ns, Reaching safepoint: 110458 ns, At safepoint: 5042 ns, Total: 115500 ns
[2022-04-22T06:42:40.011+0000][10][safepoint   ] Safepoint "Cleanup", Time since last: 30087386930 ns, Reaching safepoint: 80750 ns, At safepoint: 2583 ns, Total: 83333 ns
[2022-04-22T06:43:01.059+0000][10][safepoint   ] Safepoint "Cleanup", Time since last: 21047927468 ns, Reaching safepoint: 91625 ns, At safepoint: 2500 ns, Total: 94125 ns
[2022-04-22T06:43:08.084+0000][10][safepoint   ] Safepoint "Cleanup", Time since last: 7024675920 ns, Reaching safepoint: 59708 ns, At safepoint: 3375 ns, Total: 63083 ns
[2022-04-22T06:43:19.113+0000][10][safepoint   ] Safepoint "Cleanup", Time since last: 11029403672 ns, Reaching safepoint: 101042 ns, At safepoint: 3125 ns, Total: 104167 ns
[2022-04-22T06:43:43.192+0000][10][safepoint   ] Safepoint "Cleanup", Time since last: 24078813635 ns, Reaching safepoint: 67000 ns, At safepoint: 2834 ns, Total: 69834 ns
[2022-04-22T06:44:09.265+0000][10][safepoint   ] Safepoint "Cleanup", Time since last: 26073313304 ns, Reaching safepoint: 205708 ns, At safepoint: 5875 ns, Total: 211583 ns
[2022-04-22T06:45:20.463+0000][10][safepoint   ] Safepoint "Cleanup", Time since last: 71198016533 ns, Reaching safepoint: 250333 ns, At safepoint: 4375 ns, Total: 254708 ns
[2022-04-22T06:45:27.492+0000][10][safepoint   ] Safepoint "Cleanup", Time since last: 7028185420 ns, Reaching safepoint: 59750 ns, At safepoint: 2625 ns, Total: 62375 ns
[2022-04-22T06:45:57.560+0000][10][safepoint   ] Safepoint "Cleanup", Time since last: 30068476847 ns, Reaching safepoint: 90416 ns, At safepoint: 2417 ns, Total: 92833 ns
[2022-04-22T06:46:10.576+0000][10][safepoint   ] Safepoint "Cleanup", Time since last: 13016799589 ns, Reaching safepoint: 158834 ns, At safepoint: 12750 ns, Total: 171584 ns
[2022-04-22T06:46:39.685+0000][10][safepoint   ] Safepoint "Cleanup", Time since last: 29108843971 ns, Reaching safepoint: 65292 ns, At safepoint: 3500 ns, Total: 68792 ns
[2022-04-22T06:47:44.879+0000][10][safepoint   ] Safepoint "Cleanup", Time since last: 65194257154 ns, Reaching safepoint: 234167 ns, At safepoint: 14125 ns, Total: 248292 ns
[2022-04-22T06:47:50.164+0000][10][gc,start    ] GC(180) Pause Young (Prepare Mixed) (G1 Evacuation Pause)
[2022-04-22T06:47:50.165+0000][10][gc,task     ] GC(180) Using 5 workers of 5 for evacuation
[2022-04-22T06:47:50.167+0000][10][gc,age      ] GC(180) Desired survivor size 18874368 bytes, new threshold 15 (max threshold 15)
[2022-04-22T06:47:50.172+0000][10][gc,age      ] GC(180) Age table with threshold 15 (max threshold 15)
[2022-04-22T06:47:50.173+0000][10][gc,age      ] GC(180) - age   1:    1303616 bytes,    1303616 total
[2022-04-22T06:47:50.174+0000][10][gc,age      ] GC(180) - age   2:     548568 bytes,    1852184 total
[2022-04-22T06:47:50.174+0000][10][gc,age      ] GC(180) - age   3:      45016 bytes,    1897200 total
[2022-04-22T06:47:50.175+0000][10][gc,age      ] GC(180) - age   4:    1008896 bytes,    2906096 total
[2022-04-22T06:47:50.176+0000][10][gc,phases   ] GC(180)   Pre Evacuate Collection Set: 0.3ms
[2022-04-22T06:47:50.176+0000][10][gc,phases   ] GC(180)   Merge Heap Roots: 0.3ms
[2022-04-22T06:47:50.177+0000][10][gc,phases   ] GC(180)   Evacuate Collection Set: 2.3ms
[2022-04-22T06:47:50.177+0000][10][gc,phases   ] GC(180)   Post Evacuate Collection Set: 0.8ms
[2022-04-22T06:47:50.178+0000][10][gc,phases   ] GC(180)   Other: 7.8ms
[2022-04-22T06:47:50.178+0000][10][gc,heap     ] GC(180) Eden regions: 66->0(5)
[2022-04-22T06:47:50.179+0000][10][gc,heap     ] GC(180) Survivor regions: 1->1(9)
[2022-04-22T06:47:50.179+0000][10][gc,heap     ] GC(180) Old regions: 31->31
[2022-04-22T06:47:50.180+0000][10][gc,heap     ] GC(180) Archive regions: 2->2
[2022-04-22T06:47:50.180+0000][10][gc,heap     ] GC(180) Humongous regions: 6->6
[2022-04-22T06:47:50.181+0000][10][gc,metaspace] GC(180) Metaspace: 107199K(108800K)->107199K(108800K) NonClass: 92754K(93696K)->92754K(93696K) Class: 14445K(15104K)->14445K(15104K)
[2022-04-22T06:47:50.181+0000][10][gc          ] GC(180) Pause Young (Prepare Mixed) (G1 Evacuation Pause) 415M->152M(512M) 17.219ms
[2022-04-22T06:47:50.182+0000][10][gc,cpu      ] GC(180) User=0.01s Sys=0.01s Real=0.02s
[2022-04-22T06:47:50.182+0000][10][safepoint   ] Safepoint "G1CollectForAllocation", Time since last: 5284726294 ns, Reaching safepoint: 78958 ns, At safepoint: 18359000 ns, Total: 18437958 ns
[2022-04-22T06:47:50.186+0000][10][gc,start    ] GC(181) Pause Young (Mixed) (G1 Evacuation Pause)
[2022-04-22T06:47:50.187+0000][10][gc,task     ] GC(181) Using 5 workers of 5 for evacuation
[2022-04-22T06:47:50.188+0000][10][gc,age      ] GC(181) Desired survivor size 2097152 bytes, new threshold 4 (max threshold 15)
[2022-04-22T06:47:50.191+0000][10][gc,age      ] GC(181) Age table with threshold 4 (max threshold 15)
[2022-04-22T06:47:50.192+0000][10][gc,age      ] GC(181) - age   1:      12512 bytes,      12512 total
[2022-04-22T06:47:50.193+0000][10][gc,age      ] GC(181) - age   2:    1295176 bytes,    1307688 total
[2022-04-22T06:47:50.194+0000][10][gc,age      ] GC(181) - age   3:     548568 bytes,    1856256 total
[2022-04-22T06:47:50.194+0000][10][gc,age      ] GC(181) - age   4:      45016 bytes,    1901272 total
[2022-04-22T06:47:50.196+0000][10][gc,phases   ] GC(181)   Pre Evacuate Collection Set: 0.2ms
[2022-04-22T06:47:50.196+0000][10][gc,phases   ] GC(181)   Merge Heap Roots: 0.0ms
[2022-04-22T06:47:50.197+0000][10][gc,phases   ] GC(181)   Evacuate Collection Set: 2.0ms
[2022-04-22T06:47:50.197+0000][10][gc,phases   ] GC(181)   Post Evacuate Collection Set: 0.5ms
[2022-04-22T06:47:50.198+0000][10][gc,phases   ] GC(181)   Other: 6.4ms
[2022-04-22T06:47:50.198+0000][10][gc,heap     ] GC(181) Eden regions: 5->0(67)
[2022-04-22T06:47:50.199+0000][10][gc,heap     ] GC(181) Survivor regions: 1->1(1)
[2022-04-22T06:47:50.200+0000][10][gc,heap     ] GC(181) Old regions: 31->30
[2022-04-22T06:47:50.200+0000][10][gc,heap     ] GC(181) Archive regions: 2->2
[2022-04-22T06:47:50.201+0000][10][gc,heap     ] GC(181) Humongous regions: 6->6
[2022-04-22T06:47:50.202+0000][10][gc,metaspace] GC(181) Metaspace: 107199K(108800K)->107199K(108800K) NonClass: 92754K(93696K)->92754K(93696K) Class: 14445K(15104K)->14445K(15104K)
[2022-04-22T06:47:50.203+0000][10][gc          ] GC(181) Pause Young (Mixed) (G1 Evacuation Pause) 172M->149M(512M) 16.155ms
[2022-04-22T06:47:50.203+0000][10][gc,cpu      ] GC(181) User=0.01s Sys=0.00s Real=0.02s
[2022-04-22T06:47:50.205+0000][10][safepoint   ] Safepoint "G1CollectForAllocation", Time since last: 3998875 ns, Reaching safepoint: 47375 ns, At safepoint: 18223667 ns, Total: 18271042 ns
[2022-04-22T06:47:51.211+0000][10][safepoint   ] Safepoint "Cleanup", Time since last: 1006188834 ns, Reaching safepoint: 148333 ns, At safepoint: 4333 ns, Total: 152666 ns
[2022-04-22T06:47:56.225+0000][10][safepoint   ] Safepoint "Cleanup", Time since last: 5013960919 ns, Reaching safepoint: 115334 ns, At safepoint: 4375 ns, Total: 119709 ns
[2022-04-22T06:47:57.227+0000][10][safepoint   ] Safepoint "Cleanup", Time since last: 1001191375 ns, Reaching safepoint: 237458 ns, At safepoint: 19292 ns, Total: 256750 ns
[2022-04-22T06:47:58.228+0000][10][safepoint   ] Safepoint "Cleanup", Time since last: 1001671126 ns, Reaching safepoint: 124500 ns, At safepoint: 2708 ns, Total: 127208 ns
[2022-04-22T06:48:00.230+0000][10][safepoint   ] Safepoint "Cleanup", Time since last: 2002311000 ns, Reaching safepoint: 96417 ns, At safepoint: 3416 ns, Total: 99833 ns
[2022-04-22T06:48:01.193+0000][10][gc,start    ] GC(182) Pause Young (Concurrent Start) (G1 Evacuation Pause)
[2022-04-22T06:48:01.194+0000][10][gc,task     ] GC(182) Using 5 workers of 5 for evacuation
[2022-04-22T06:48:01.196+0000][10][gc,age      ] GC(182) Desired survivor size 18874368 bytes, new threshold 15 (max threshold 15)
[2022-04-22T06:48:01.201+0000][10][gc,age      ] GC(182) Age table with threshold 15 (max threshold 15)
[2022-04-22T06:48:01.202+0000][10][gc,age      ] GC(182) - age   1:    2115112 bytes,    2115112 total
[2022-04-22T06:48:01.203+0000][10][gc,age      ] GC(182) - age   3:     423392 bytes,    2538504 total
[2022-04-22T06:48:01.205+0000][10][gc,age      ] GC(182) - age   4:     548376 bytes,    3086880 total
[2022-04-22T06:48:01.206+0000][10][gc,age      ] GC(182) - age   5:      45016 bytes,    3131896 total
[2022-04-22T06:48:01.207+0000][10][gc,phases   ] GC(182)   Pre Evacuate Collection Set: 0.5ms
[2022-04-22T06:48:01.208+0000][10][gc,phases   ] GC(182)   Merge Heap Roots: 0.2ms
[2022-04-22T06:48:01.209+0000][10][gc,phases   ] GC(182)   Evacuate Collection Set: 2.5ms
[2022-04-22T06:48:01.209+0000][10][gc,phases   ] GC(182)   Post Evacuate Collection Set: 0.9ms
[2022-04-22T06:48:01.210+0000][10][gc,phases   ] GC(182)   Other: 10.4ms
[2022-04-22T06:48:01.211+0000][10][gc,heap     ] GC(182) Eden regions: 67->0(67)
[2022-04-22T06:48:01.211+0000][10][gc,heap     ] GC(182) Survivor regions: 1->1(9)
[2022-04-22T06:48:01.212+0000][10][gc,heap     ] GC(182) Old regions: 30->30
[2022-04-22T06:48:01.213+0000][10][gc,heap     ] GC(182) Archive regions: 2->2
[2022-04-22T06:48:01.213+0000][10][gc,heap     ] GC(182) Humongous regions: 6->6
[2022-04-22T06:48:01.214+0000][10][gc,metaspace] GC(182) Metaspace: 107239K(108864K)->107239K(108864K) NonClass: 92794K(93760K)->92794K(93760K) Class: 14445K(15104K)->14445K(15104K)
[2022-04-22T06:48:01.215+0000][10][gc          ] GC(182) Pause Young (Concurrent Start) (G1 Evacuation Pause) 417M->150M(512M) 22.111ms
[2022-04-22T06:48:01.216+0000][10][gc,cpu      ] GC(182) User=0.01s Sys=0.00s Real=0.02s
[2022-04-22T06:48:01.217+0000][10][safepoint   ] Safepoint "G1CollectForAllocation", Time since last: 962245792 ns, Reaching safepoint: 109209 ns, At safepoint: 24618791 ns, Total: 24728000 ns
[2022-04-22T06:48:01.217+0000][10][gc          ] GC(183) Concurrent Mark Cycle
[2022-04-22T06:48:01.220+0000][10][gc,marking  ] GC(183) Concurrent Clear Claimed Marks
[2022-04-22T06:48:01.226+0000][10][gc,marking  ] GC(183) Concurrent Clear Claimed Marks 5.580ms
[2022-04-22T06:48:01.239+0000][10][gc,marking  ] GC(183) Concurrent Scan Root Regions
[2022-04-22T06:48:01.244+0000][10][gc,marking  ] GC(183) Concurrent Scan Root Regions 4.962ms
[2022-04-22T06:48:01.249+0000][10][gc,marking  ] GC(183) Concurrent Mark
[2022-04-22T06:48:01.250+0000][10][gc,marking  ] GC(183) Concurrent Mark From Roots
[2022-04-22T06:48:01.251+0000][10][gc,task     ] GC(183) Using 1 workers of 1 for marking
[2022-04-22T06:48:01.329+0000][10][gc,marking  ] GC(183) Concurrent Mark From Roots 78.414ms
[2022-04-22T06:48:01.331+0000][10][gc,marking  ] GC(183) Concurrent Preclean
[2022-04-22T06:48:01.332+0000][10][gc,marking  ] GC(183) Concurrent Preclean 1.630ms
[2022-04-22T06:48:01.333+0000][10][gc,start    ] GC(183) Pause Remark
[2022-04-22T06:48:01.345+0000][10][gc          ] GC(183) Pause Remark 156M->156M(512M) 11.358ms
[2022-04-22T06:48:01.346+0000][10][gc,cpu      ] GC(183) User=0.03s Sys=0.00s Real=0.01s
[2022-04-22T06:48:01.347+0000][10][safepoint   ] Safepoint "G1Concurrent", Time since last: 115903834 ns, Reaching safepoint: 38083 ns, At safepoint: 14289875 ns, Total: 14327958 ns
[2022-04-22T06:48:01.349+0000][10][gc,marking  ] GC(183) Concurrent Mark 100.008ms
[2022-04-22T06:48:01.350+0000][10][gc,marking  ] GC(183) Concurrent Rebuild Remembered Sets
[2022-04-22T06:48:01.420+0000][10][gc,marking  ] GC(183) Concurrent Rebuild Remembered Sets 70.047ms
[2022-04-22T06:48:01.423+0000][10][gc,start    ] GC(183) Pause Cleanup
[2022-04-22T06:48:01.425+0000][10][gc          ] GC(183) Pause Cleanup 159M->159M(512M) 1.258ms
[2022-04-22T06:48:01.426+0000][10][gc,cpu      ] GC(183) User=0.00s Sys=0.00s Real=0.00s
[2022-04-22T06:48:01.427+0000][10][safepoint   ] Safepoint "G1Concurrent", Time since last: 75699917 ns, Reaching safepoint: 68833 ns, At safepoint: 3577083 ns, Total: 3645916 ns
[2022-04-22T06:48:01.427+0000][10][gc,marking  ] GC(183) Concurrent Cleanup for Next Mark
[2022-04-22T06:48:01.429+0000][10][gc,marking  ] GC(183) Concurrent Cleanup for Next Mark 1.452ms
[2022-04-22T06:48:01.430+0000][10][gc          ] GC(183) Concurrent Mark Cycle 212.485ms
[2022-04-22T06:48:04.428+0000][10][safepoint   ] Safepoint "Cleanup", Time since last: 3001184335 ns, Reaching safepoint: 75459 ns, At safepoint: 4125 ns, Total: 79584 ns
[2022-04-22T06:48:06.359+0000][10][gc,start    ] GC(184) Pause Young (Prepare Mixed) (G1 Evacuation Pause)
[2022-04-22T06:48:06.360+0000][10][gc,task     ] GC(184) Using 5 workers of 5 for evacuation
[2022-04-22T06:48:06.361+0000][10][gc,age      ] GC(184) Desired survivor size 18874368 bytes, new threshold 15 (max threshold 15)
[2022-04-22T06:48:06.365+0000][10][gc,age      ] GC(184) Age table with threshold 15 (max threshold 15)
[2022-04-22T06:48:06.366+0000][10][gc,age      ] GC(184) - age   1:    2371592 bytes,    2371592 total
[2022-04-22T06:48:06.367+0000][10][gc,age      ] GC(184) - age   2:    1255312 bytes,    3626904 total
[2022-04-22T06:48:06.367+0000][10][gc,age      ] GC(184) - age   4:     162080 bytes,    3788984 total
[2022-04-22T06:48:06.368+0000][10][gc,age      ] GC(184) - age   5:      64072 bytes,    3853056 total
[2022-04-22T06:48:06.368+0000][10][gc,age      ] GC(184) - age   6:       6792 bytes,    3859848 total
[2022-04-22T06:48:06.369+0000][10][gc,phases   ] GC(184)   Pre Evacuate Collection Set: 0.1ms
[2022-04-22T06:48:06.370+0000][10][gc,phases   ] GC(184)   Merge Heap Roots: 0.2ms
[2022-04-22T06:48:06.371+0000][10][gc,phases   ] GC(184)   Evacuate Collection Set: 2.3ms
[2022-04-22T06:48:06.372+0000][10][gc,phases   ] GC(184)   Post Evacuate Collection Set: 1.1ms
[2022-04-22T06:48:06.372+0000][10][gc,phases   ] GC(184)   Other: 6.5ms
[2022-04-22T06:48:06.373+0000][10][gc,heap     ] GC(184) Eden regions: 67->0(5)
[2022-04-22T06:48:06.374+0000][10][gc,heap     ] GC(184) Survivor regions: 1->1(9)
[2022-04-22T06:48:06.375+0000][10][gc,heap     ] GC(184) Old regions: 30->30
[2022-04-22T06:48:06.375+0000][10][gc,heap     ] GC(184) Archive regions: 2->2
[2022-04-22T06:48:06.376+0000][10][gc,heap     ] GC(184) Humongous regions: 6->6
[2022-04-22T06:48:06.376+0000][10][gc,metaspace] GC(184) Metaspace: 107241K(108864K)->107241K(108864K) NonClass: 92795K(93760K)->92795K(93760K) Class: 14445K(15104K)->14445K(15104K)
[2022-04-22T06:48:06.377+0000][10][gc          ] GC(184) Pause Young (Prepare Mixed) (G1 Evacuation Pause) 418M->151M(512M) 17.901ms
[2022-04-22T06:48:06.378+0000][10][gc,cpu      ] GC(184) User=0.00s Sys=0.00s Real=0.02s
[2022-04-22T06:48:06.379+0000][10][safepoint   ] Safepoint "G1CollectForAllocation", Time since last: 1930760626 ns, Reaching safepoint: 354041 ns, At safepoint: 19815959 ns, Total: 20170000 ns
[2022-04-22T06:48:06.412+0000][10][gc,start    ] GC(185) Pause Young (Mixed) (G1 Evacuation Pause)
[2022-04-22T06:48:06.413+0000][10][gc,task     ] GC(185) Using 5 workers of 5 for evacuation
[2022-04-22T06:48:06.413+0000][10][gc,age      ] GC(185) Desired survivor size 2097152 bytes, new threshold 1 (max threshold 15)
[2022-04-22T06:48:06.417+0000][10][gc,age      ] GC(185) Age table with threshold 1 (max threshold 15)
[2022-04-22T06:48:06.418+0000][10][gc,age      ] GC(185) - age   1:     825888 bytes,     825888 total
[2022-04-22T06:48:06.419+0000][10][gc,phases   ] GC(185)   Pre Evacuate Collection Set: 0.0ms
[2022-04-22T06:48:06.420+0000][10][gc,phases   ] GC(185)   Merge Heap Roots: 0.1ms
[2022-04-22T06:48:06.421+0000][10][gc,phases   ] GC(185)   Evacuate Collection Set: 1.9ms
[2022-04-22T06:48:06.421+0000][10][gc,phases   ] GC(185)   Post Evacuate Collection Set: 0.9ms
[2022-04-22T06:48:06.422+0000][10][gc,phases   ] GC(185)   Other: 4.7ms
[2022-04-22T06:48:06.422+0000][10][gc,heap     ] GC(185) Eden regions: 5->0(70)
[2022-04-22T06:48:06.423+0000][10][gc,heap     ] GC(185) Survivor regions: 1->1(1)
[2022-04-22T06:48:06.424+0000][10][gc,heap     ] GC(185) Old regions: 30->26
[2022-04-22T06:48:06.424+0000][10][gc,heap     ] GC(185) Archive regions: 2->2
[2022-04-22T06:48:06.425+0000][10][gc,heap     ] GC(185) Humongous regions: 6->6
[2022-04-22T06:48:06.426+0000][10][gc,metaspace] GC(185) Metaspace: 107241K(108864K)->107241K(108864K) NonClass: 92795K(93760K)->92795K(93760K) Class: 14445K(15104K)->14445K(15104K)
[2022-04-22T06:48:06.427+0000][10][gc          ] GC(185) Pause Young (Mixed) (G1 Evacuation Pause) 171M->132M(512M) 15.494ms
[2022-04-22T06:48:06.428+0000][10][gc,cpu      ] GC(185) User=0.00s Sys=0.00s Real=0.02s
[2022-04-22T06:48:06.428+0000][10][safepoint   ] Safepoint "G1CollectForAllocation", Time since last: 32443208 ns, Reaching safepoint: 112542 ns, At safepoint: 16783541 ns, Total: 16896083 ns
[2022-04-22T06:48:07.429+0000][10][safepoint   ] Safepoint "Cleanup", Time since last: 1000784584 ns, Reaching safepoint: 44750 ns, At safepoint: 2042 ns, Total: 46792 ns
[2022-04-22T06:48:09.431+0000][10][safepoint   ] Safepoint "Cleanup", Time since last: 2001427542 ns, Reaching safepoint: 73000 ns, At safepoint: 4042 ns, Total: 77042 ns
[2022-04-22T06:48:10.433+0000][10][safepoint   ] Safepoint "Cleanup", Time since last: 1001943584 ns, Reaching safepoint: 140541 ns, At safepoint: 4167 ns, Total: 144708 ns
[2022-04-22T06:48:11.219+0000][10][gc,start    ] GC(186) Pause Young (Concurrent Start) (G1 Evacuation Pause)
[2022-04-22T06:48:11.220+0000][10][gc,task     ] GC(186) Using 5 workers of 5 for evacuation
[2022-04-22T06:48:11.220+0000][10][gc,age      ] GC(186) Desired survivor size 18874368 bytes, new threshold 15 (max threshold 15)
[2022-04-22T06:48:11.224+0000][10][gc,age      ] GC(186) Age table with threshold 15 (max threshold 15)
[2022-04-22T06:48:11.225+0000][10][gc,age      ] GC(186) - age   1:    3066064 bytes,    3066064 total
[2022-04-22T06:48:11.225+0000][10][gc,age      ] GC(186) - age   2:     218544 bytes,    3284608 total
[2022-04-22T06:48:11.226+0000][10][gc,phases   ] GC(186)   Pre Evacuate Collection Set: 0.2ms
[2022-04-22T06:48:11.227+0000][10][gc,phases   ] GC(186)   Merge Heap Roots: 0.1ms
[2022-04-22T06:48:11.227+0000][10][gc,phases   ] GC(186)   Evacuate Collection Set: 1.8ms
[2022-04-22T06:48:11.228+0000][10][gc,phases   ] GC(186)   Post Evacuate Collection Set: 0.7ms
[2022-04-22T06:48:11.229+0000][10][gc,phases   ] GC(186)   Other: 4.2ms
[2022-04-22T06:48:11.229+0000][10][gc,heap     ] GC(186) Eden regions: 70->0(70)
[2022-04-22T06:48:11.230+0000][10][gc,heap     ] GC(186) Survivor regions: 1->1(9)
[2022-04-22T06:48:11.231+0000][10][gc,heap     ] GC(186) Old regions: 26->26
[2022-04-22T06:48:11.232+0000][10][gc,heap     ] GC(186) Archive regions: 2->2
[2022-04-22T06:48:11.233+0000][10][gc,heap     ] GC(186) Humongous regions: 6->6
[2022-04-22T06:48:11.233+0000][10][gc,metaspace] GC(186) Metaspace: 107248K(108864K)->107248K(108864K) NonClass: 92803K(93760K)->92803K(93760K) Class: 14445K(15104K)->14445K(15104K)
[2022-04-22T06:48:11.235+0000][10][gc          ] GC(186) Pause Young (Concurrent Start) (G1 Evacuation Pause) 412M->134M(512M) 16.077ms
[2022-04-22T06:48:11.236+0000][10][gc,cpu      ] GC(186) User=0.01s Sys=0.00s Real=0.01s
[2022-04-22T06:48:11.236+0000][10][gc          ] GC(187) Concurrent Mark Cycle
[2022-04-22T06:48:11.238+0000][10][gc,marking  ] GC(187) Concurrent Clear Claimed Marks
[2022-04-22T06:48:11.239+0000][10][gc,marking  ] GC(187) Concurrent Clear Claimed Marks 1.042ms
[2022-04-22T06:48:11.239+0000][10][gc,marking  ] GC(187) Concurrent Scan Root Regions
[2022-04-22T06:48:11.236+0000][10][safepoint   ] Safepoint "G1CollectForAllocation", Time since last: 785724709 ns, Reaching safepoint: 275958 ns, At safepoint: 17629667 ns, Total: 17905625 ns
[2022-04-22T06:48:11.242+0000][10][gc,marking  ] GC(187) Concurrent Scan Root Regions 2.643ms
[2022-04-22T06:48:11.244+0000][10][gc,marking  ] GC(187) Concurrent Mark
[2022-04-22T06:48:11.245+0000][10][gc,marking  ] GC(187) Concurrent Mark From Roots
[2022-04-22T06:48:11.246+0000][10][gc,task     ] GC(187) Using 1 workers of 1 for marking
[2022-04-22T06:48:11.324+0000][10][gc,marking  ] GC(187) Concurrent Mark From Roots 78.941ms
[2022-04-22T06:48:11.327+0000][10][gc,marking  ] GC(187) Concurrent Preclean
[2022-04-22T06:48:11.329+0000][10][gc,marking  ] GC(187) Concurrent Preclean 1.783ms
[2022-04-22T06:48:11.331+0000][10][gc,start    ] GC(187) Pause Remark
[2022-04-22T06:48:11.340+0000][10][gc          ] GC(187) Pause Remark 154M->154M(512M) 9.587ms
[2022-04-22T06:48:11.341+0000][10][gc,cpu      ] GC(187) User=0.03s Sys=0.00s Real=0.01s
[2022-04-22T06:48:11.341+0000][10][safepoint   ] Safepoint "G1Concurrent", Time since last: 93785958 ns, Reaching safepoint: 280709 ns, At safepoint: 11054208 ns, Total: 11334917 ns
[2022-04-22T06:48:11.343+0000][10][gc,marking  ] GC(187) Concurrent Mark 98.432ms
[2022-04-22T06:48:11.343+0000][10][gc,marking  ] GC(187) Concurrent Rebuild Remembered Sets
[2022-04-22T06:48:11.387+0000][10][gc,marking  ] GC(187) Concurrent Rebuild Remembered Sets 43.678ms
[2022-04-22T06:48:11.391+0000][10][gc,start    ] GC(187) Pause Cleanup
[2022-04-22T06:48:11.392+0000][10][gc          ] GC(187) Pause Cleanup 155M->155M(512M) 1.034ms
[2022-04-22T06:48:11.393+0000][10][gc,cpu      ] GC(187) User=0.01s Sys=0.00s Real=0.00s
[2022-04-22T06:48:11.394+0000][10][safepoint   ] Safepoint "G1Concurrent", Time since last: 48925000 ns, Reaching safepoint: 534208 ns, At safepoint: 3258834 ns, Total: 3793042 ns
[2022-04-22T06:48:11.395+0000][10][gc,marking  ] GC(187) Concurrent Cleanup for Next Mark
[2022-04-22T06:48:11.397+0000][10][gc,marking  ] GC(187) Concurrent Cleanup for Next Mark 1.970ms
[2022-04-22T06:48:11.398+0000][10][gc          ] GC(187) Concurrent Mark Cycle 161.946ms
[2022-04-22T06:48:12.395+0000][10][safepoint   ] Safepoint "Cleanup", Time since last: 1001115833 ns, Reaching safepoint: 162292 ns, At safepoint: 4458 ns, Total: 166750 ns
[2022-04-22T06:48:13.397+0000][10][safepoint   ] Safepoint "Cleanup", Time since last: 1001416418 ns, Reaching safepoint: 65166 ns, At safepoint: 2375 ns, Total: 67541 ns
[2022-04-22T06:48:15.399+0000][10][safepoint   ] Safepoint "Cleanup", Time since last: 2001740793 ns, Reaching safepoint: 101708 ns, At safepoint: 182667 ns, Total: 284375 ns
[2022-04-22T06:48:15.460+0000][10][gc,start    ] GC(188) Pause Young (Prepare Mixed) (G1 Evacuation Pause)
[2022-04-22T06:48:15.461+0000][10][gc,task     ] GC(188) Using 5 workers of 5 for evacuation
[2022-04-22T06:48:15.462+0000][10][gc,age      ] GC(188) Desired survivor size 18874368 bytes, new threshold 15 (max threshold 15)
[2022-04-22T06:48:15.465+0000][10][gc,age      ] GC(188) Age table with threshold 15 (max threshold 15)
[2022-04-22T06:48:15.466+0000][10][gc,age      ] GC(188) - age   1:    1700552 bytes,    1700552 total
[2022-04-22T06:48:15.467+0000][10][gc,age      ] GC(188) - age   2:     566720 bytes,    2267272 total
[2022-04-22T06:48:15.470+0000][10][gc,age      ] GC(188) - age   3:      15280 bytes,    2282552 total
[2022-04-22T06:48:15.471+0000][10][gc,phases   ] GC(188)   Pre Evacuate Collection Set: 0.1ms
[2022-04-22T06:48:15.472+0000][10][gc,phases   ] GC(188)   Merge Heap Roots: 0.1ms
[2022-04-22T06:48:15.472+0000][10][gc,phases   ] GC(188)   Evacuate Collection Set: 1.3ms
[2022-04-22T06:48:15.473+0000][10][gc,phases   ] GC(188)   Post Evacuate Collection Set: 0.8ms
[2022-04-22T06:48:15.474+0000][10][gc,phases   ] GC(188)   Other: 8.5ms
[2022-04-22T06:48:15.474+0000][10][gc,heap     ] GC(188) Eden regions: 70->0(5)
[2022-04-22T06:48:15.475+0000][10][gc,heap     ] GC(188) Survivor regions: 1->1(9)
[2022-04-22T06:48:15.475+0000][10][gc,heap     ] GC(188) Old regions: 26->26
[2022-04-22T06:48:15.476+0000][10][gc,heap     ] GC(188) Archive regions: 2->2
[2022-04-22T06:48:15.476+0000][10][gc,heap     ] GC(188) Humongous regions: 6->6
[2022-04-22T06:48:15.477+0000][10][gc,metaspace] GC(188) Metaspace: 107262K(108864K)->107262K(108864K) NonClass: 92817K(93760K)->92817K(93760K) Class: 14445K(15104K)->14445K(15104K)
[2022-04-22T06:48:15.478+0000][10][gc          ] GC(188) Pause Young (Prepare Mixed) (G1 Evacuation Pause) 414M->133M(512M) 17.660ms
[2022-04-22T06:48:15.479+0000][10][gc,cpu      ] GC(188) User=0.01s Sys=0.00s Real=0.02s
[2022-04-22T06:48:15.480+0000][10][safepoint   ] Safepoint "G1CollectForAllocation", Time since last: 60364750 ns, Reaching safepoint: 827708 ns, At safepoint: 19846084 ns, Total: 20673792 ns
[2022-04-22T06:48:15.781+0000][10][gc,start    ] GC(189) Pause Young (Mixed) (G1 Evacuation Pause)
[2022-04-22T06:48:15.782+0000][10][gc,task     ] GC(189) Using 5 workers of 5 for evacuation
[2022-04-22T06:48:15.783+0000][10][gc,age      ] GC(189) Desired survivor size 2097152 bytes, new threshold 2 (max threshold 15)
[2022-04-22T06:48:15.786+0000][10][gc,age      ] GC(189) Age table with threshold 2 (max threshold 15)
[2022-04-22T06:48:15.787+0000][10][gc,age      ] GC(189) - age   1:    1053600 bytes,    1053600 total
[2022-04-22T06:48:15.788+0000][10][gc,age      ] GC(189) - age   2:    1270792 bytes,    2324392 total
[2022-04-22T06:48:15.789+0000][10][gc,phases   ] GC(189)   Pre Evacuate Collection Set: 0.5ms
[2022-04-22T06:48:15.789+0000][10][gc,phases   ] GC(189)   Merge Heap Roots: 0.1ms
[2022-04-22T06:48:15.790+0000][10][gc,phases   ] GC(189)   Evacuate Collection Set: 1.2ms
[2022-04-22T06:48:15.791+0000][10][gc,phases   ] GC(189)   Post Evacuate Collection Set: 0.6ms
[2022-04-22T06:48:15.791+0000][10][gc,phases   ] GC(189)   Other: 5.1ms
[2022-04-22T06:48:15.792+0000][10][gc,heap     ] GC(189) Eden regions: 5->0(70)
[2022-04-22T06:48:15.793+0000][10][gc,heap     ] GC(189) Survivor regions: 1->1(1)
[2022-04-22T06:48:15.794+0000][10][gc,heap     ] GC(189) Old regions: 26->26
[2022-04-22T06:48:15.795+0000][10][gc,heap     ] GC(189) Archive regions: 2->2
[2022-04-22T06:48:15.795+0000][10][gc,heap     ] GC(189) Humongous regions: 6->6
[2022-04-22T06:48:15.796+0000][10][gc,metaspace] GC(189) Metaspace: 107263K(108864K)->107263K(108864K) NonClass: 92817K(93760K)->92817K(93760K) Class: 14445K(15104K)->14445K(15104K)
[2022-04-22T06:48:15.797+0000][10][gc          ] GC(189) Pause Young (Mixed) (G1 Evacuation Pause) 153M->130M(512M) 15.188ms
[2022-04-22T06:48:15.797+0000][10][gc,cpu      ] GC(189) User=0.00s Sys=0.00s Real=0.02s
[2022-04-22T06:48:15.798+0000][10][safepoint   ] Safepoint "G1CollectForAllocation", Time since last: 301378791 ns, Reaching safepoint: 36750 ns, At safepoint: 16323584 ns, Total: 16360334 ns
[2022-04-22T06:48:17.799+0000][10][safepoint   ] Safepoint "Cleanup", Time since last: 2000822417 ns, Reaching safepoint: 63292 ns, At safepoint: 2417 ns, Total: 65709 ns
[2022-04-22T06:48:19.800+0000][10][safepoint   ] Safepoint "Cleanup", Time since last: 2001514042 ns, Reaching safepoint: 200000 ns, At safepoint: 10000 ns, Total: 210000 ns
[2022-04-22T06:48:21.082+0000][10][gc,start    ] GC(190) Pause Young (Concurrent Start) (G1 Evacuation Pause)
[2022-04-22T06:48:21.083+0000][10][gc,task     ] GC(190) Using 5 workers of 5 for evacuation
[2022-04-22T06:48:21.084+0000][10][gc,age      ] GC(190) Desired survivor size 18874368 bytes, new threshold 15 (max threshold 15)
[2022-04-22T06:48:21.087+0000][10][gc,age      ] GC(190) Age table with threshold 15 (max threshold 15)
[2022-04-22T06:48:21.089+0000][10][gc,age      ] GC(190) - age   1:    2097688 bytes,    2097688 total
[2022-04-22T06:48:21.091+0000][10][gc,age      ] GC(190) - age   2:      20760 bytes,    2118448 total
[2022-04-22T06:48:21.092+0000][10][gc,age      ] GC(190) - age   3:     516856 bytes,    2635304 total
[2022-04-22T06:48:21.092+0000][10][gc,phases   ] GC(190)   Pre Evacuate Collection Set: 0.4ms
[2022-04-22T06:48:21.093+0000][10][gc,phases   ] GC(190)   Merge Heap Roots: 0.1ms
[2022-04-22T06:48:21.094+0000][10][gc,phases   ] GC(190)   Evacuate Collection Set: 1.5ms
[2022-04-22T06:48:21.095+0000][10][gc,phases   ] GC(190)   Post Evacuate Collection Set: 0.7ms
[2022-04-22T06:48:21.096+0000][10][gc,phases   ] GC(190)   Other: 7.6ms
[2022-04-22T06:48:21.097+0000][10][gc,heap     ] GC(190) Eden regions: 70->0(70)
[2022-04-22T06:48:21.097+0000][10][gc,heap     ] GC(190) Survivor regions: 1->1(9)
[2022-04-22T06:48:21.098+0000][10][gc,heap     ] GC(190) Old regions: 26->26
[2022-04-22T06:48:21.099+0000][10][gc,heap     ] GC(190) Archive regions: 2->2
[2022-04-22T06:48:21.099+0000][10][gc,heap     ] GC(190) Humongous regions: 6->6
[2022-04-22T06:48:21.100+0000][10][gc,metaspace] GC(190) Metaspace: 107267K(108864K)->107267K(108864K) NonClass: 92821K(93760K)->92821K(93760K) Class: 14445K(15104K)->14445K(15104K)
[2022-04-22T06:48:21.100+0000][10][gc          ] GC(190) Pause Young (Concurrent Start) (G1 Evacuation Pause) 410M->131M(512M) 18.343ms
[2022-04-22T06:48:21.101+0000][10][gc,cpu      ] GC(190) User=0.00s Sys=0.01s Real=0.02s
[2022-04-22T06:48:21.102+0000][10][safepoint   ] Safepoint "G1CollectForAllocation", Time since last: 1281123751 ns, Reaching safepoint: 528833 ns, At safepoint: 19975584 ns, Total: 20504417 ns
[2022-04-22T06:48:21.102+0000][10][gc          ] GC(191) Concurrent Mark Cycle
[2022-04-22T06:48:21.104+0000][10][gc,marking  ] GC(191) Concurrent Clear Claimed Marks
[2022-04-22T06:48:21.105+0000][10][gc,marking  ] GC(191) Concurrent Clear Claimed Marks 1.530ms
[2022-04-22T06:48:21.107+0000][10][gc,marking  ] GC(191) Concurrent Scan Root Regions
[2022-04-22T06:48:21.110+0000][10][gc,marking  ] GC(191) Concurrent Scan Root Regions 2.424ms
[2022-04-22T06:48:21.111+0000][10][gc,marking  ] GC(191) Concurrent Mark
[2022-04-22T06:48:21.112+0000][10][gc,marking  ] GC(191) Concurrent Mark From Roots
[2022-04-22T06:48:21.114+0000][10][gc,task     ] GC(191) Using 1 workers of 1 for marking
[2022-04-22T06:48:21.181+0000][10][gc,marking  ] GC(191) Concurrent Mark From Roots 69.004ms
[2022-04-22T06:48:21.182+0000][10][gc,marking  ] GC(191) Concurrent Preclean
[2022-04-22T06:48:21.184+0000][10][gc,marking  ] GC(191) Concurrent Preclean 1.284ms
[2022-04-22T06:48:21.185+0000][10][gc,start    ] GC(191) Pause Remark
[2022-04-22T06:48:21.194+0000][10][gc          ] GC(191) Pause Remark 137M->137M(512M) 9.514ms
[2022-04-22T06:48:21.195+0000][10][gc,cpu      ] GC(191) User=0.03s Sys=0.00s Real=0.01s
[2022-04-22T06:48:21.196+0000][10][safepoint   ] Safepoint "G1Concurrent", Time since last: 82667833 ns, Reaching safepoint: 43042 ns, At safepoint: 11416958 ns, Total: 11460000 ns
[2022-04-22T06:48:21.197+0000][10][gc,marking  ] GC(191) Concurrent Mark 86.045ms
[2022-04-22T06:48:21.197+0000][10][gc,marking  ] GC(191) Concurrent Rebuild Remembered Sets
[2022-04-22T06:48:21.240+0000][10][gc,marking  ] GC(191) Concurrent Rebuild Remembered Sets 42.783ms
[2022-04-22T06:48:21.242+0000][10][gc,start    ] GC(191) Pause Cleanup
[2022-04-22T06:48:21.243+0000][10][gc          ] GC(191) Pause Cleanup 141M->141M(512M) 1.365ms
[2022-04-22T06:48:21.244+0000][10][gc,cpu      ] GC(191) User=0.00s Sys=0.01s Real=0.00s
[2022-04-22T06:48:21.246+0000][10][safepoint   ] Safepoint "G1Concurrent", Time since last: 45208625 ns, Reaching safepoint: 343375 ns, At safepoint: 4577667 ns, Total: 4921042 ns
[2022-04-22T06:48:21.248+0000][10][gc,marking  ] GC(191) Concurrent Cleanup for Next Mark
[2022-04-22T06:48:21.249+0000][10][gc,marking  ] GC(191) Concurrent Cleanup for Next Mark 0.987ms
[2022-04-22T06:48:21.250+0000][10][gc          ] GC(191) Concurrent Mark Cycle 147.629ms
[2022-04-22T06:48:26.177+0000][10][gc,start    ] GC(192) Pause Young (Prepare Mixed) (G1 Evacuation Pause)
[2022-04-22T06:48:26.178+0000][10][gc,task     ] GC(192) Using 5 workers of 5 for evacuation
[2022-04-22T06:48:26.179+0000][10][gc,age      ] GC(192) Desired survivor size 18874368 bytes, new threshold 15 (max threshold 15)
[2022-04-22T06:48:26.182+0000][10][gc,age      ] GC(192) Age table with threshold 15 (max threshold 15)
[2022-04-22T06:48:26.183+0000][10][gc,age      ] GC(192) - age   1:    3068160 bytes,    3068160 total
[2022-04-22T06:48:26.184+0000][10][gc,age      ] GC(192) - age   2:    1606176 bytes,    4674336 total
[2022-04-22T06:48:26.184+0000][10][gc,age      ] GC(192) - age   3:      19752 bytes,    4694088 total
[2022-04-22T06:48:26.185+0000][10][gc,age      ] GC(192) - age   4:     475816 bytes,    5169904 total
[2022-04-22T06:48:26.186+0000][10][gc,phases   ] GC(192)   Pre Evacuate Collection Set: 0.1ms
[2022-04-22T06:48:26.186+0000][10][gc,phases   ] GC(192)   Merge Heap Roots: 0.1ms
[2022-04-22T06:48:26.187+0000][10][gc,phases   ] GC(192)   Evacuate Collection Set: 1.9ms
[2022-04-22T06:48:26.188+0000][10][gc,phases   ] GC(192)   Post Evacuate Collection Set: 0.8ms
[2022-04-22T06:48:26.189+0000][10][gc,phases   ] GC(192)   Other: 6.0ms
[2022-04-22T06:48:26.190+0000][10][gc,heap     ] GC(192) Eden regions: 70->0(4)
[2022-04-22T06:48:26.190+0000][10][gc,heap     ] GC(192) Survivor regions: 1->2(9)
[2022-04-22T06:48:26.191+0000][10][gc,heap     ] GC(192) Old regions: 26->26
[2022-04-22T06:48:26.192+0000][10][gc,heap     ] GC(192) Archive regions: 2->2
[2022-04-22T06:48:26.193+0000][10][gc,heap     ] GC(192) Humongous regions: 6->6
[2022-04-22T06:48:26.194+0000][10][gc,metaspace] GC(192) Metaspace: 107267K(108864K)->107267K(108864K) NonClass: 92821K(93760K)->92821K(93760K) Class: 14445K(15104K)->14445K(15104K)
[2022-04-22T06:48:26.194+0000][10][gc          ] GC(192) Pause Young (Prepare Mixed) (G1 Evacuation Pause) 411M->133M(512M) 17.660ms
[2022-04-22T06:48:26.195+0000][10][gc,cpu      ] GC(192) User=0.01s Sys=0.00s Real=0.02s
[2022-04-22T06:48:26.196+0000][10][safepoint   ] Safepoint "G1CollectForAllocation", Time since last: 4930378752 ns, Reaching safepoint: 115917 ns, At safepoint: 19036208 ns, Total: 19152125 ns
[2022-04-22T06:48:26.568+0000][10][gc,start    ] GC(193) Pause Young (Mixed) (G1 Evacuation Pause)
[2022-04-22T06:48:26.569+0000][10][gc,task     ] GC(193) Using 5 workers of 5 for evacuation
[2022-04-22T06:48:26.570+0000][10][gc,age      ] GC(193) Desired survivor size 2097152 bytes, new threshold 1 (max threshold 15)
[2022-04-22T06:48:26.574+0000][10][gc,age      ] GC(193) Age table with threshold 1 (max threshold 15)
[2022-04-22T06:48:26.575+0000][10][gc,age      ] GC(193) - age   1:      94064 bytes,      94064 total
[2022-04-22T06:48:26.576+0000][10][gc,phases   ] GC(193)   Pre Evacuate Collection Set: 0.1ms
[2022-04-22T06:48:26.576+0000][10][gc,phases   ] GC(193)   Merge Heap Roots: 0.1ms
[2022-04-22T06:48:26.577+0000][10][gc,phases   ] GC(193)   Evacuate Collection Set: 1.9ms
[2022-04-22T06:48:26.578+0000][10][gc,phases   ] GC(193)   Post Evacuate Collection Set: 1.1ms
[2022-04-22T06:48:26.578+0000][10][gc,phases   ] GC(193)   Other: 4.2ms
[2022-04-22T06:48:26.579+0000][10][gc,heap     ] GC(193) Eden regions: 4->0(70)
[2022-04-22T06:48:26.579+0000][10][gc,heap     ] GC(193) Survivor regions: 2->1(1)
[2022-04-22T06:48:26.580+0000][10][gc,heap     ] GC(193) Old regions: 26->26
[2022-04-22T06:48:26.581+0000][10][gc,heap     ] GC(193) Archive regions: 2->2
[2022-04-22T06:48:26.582+0000][10][gc,heap     ] GC(193) Humongous regions: 6->6
[2022-04-22T06:48:26.582+0000][10][gc,metaspace] GC(193) Metaspace: 107267K(108864K)->107267K(108864K) NonClass: 92821K(93760K)->92821K(93760K) Class: 14445K(15104K)->14445K(15104K)
[2022-04-22T06:48:26.583+0000][10][gc          ] GC(193) Pause Young (Mixed) (G1 Evacuation Pause) 149M->130M(512M) 15.184ms
[2022-04-22T06:48:26.584+0000][10][gc,cpu      ] GC(193) User=0.01s Sys=0.00s Real=0.01s
[2022-04-22T06:48:26.585+0000][10][safepoint   ] Safepoint "G1CollectForAllocation", Time since last: 372363083 ns, Reaching safepoint: 112334 ns, At safepoint: 16538208 ns, Total: 16650542 ns
[2022-04-22T06:48:31.725+0000][10][gc,start    ] GC(194) Pause Young (Concurrent Start) (G1 Evacuation Pause)
[2022-04-22T06:48:31.726+0000][10][gc,task     ] GC(194) Using 5 workers of 5 for evacuation
[2022-04-22T06:48:31.727+0000][10][gc,age      ] GC(194) Desired survivor size 18874368 bytes, new threshold 15 (max threshold 15)
[2022-04-22T06:48:31.731+0000][10][gc,age      ] GC(194) Age table with threshold 15 (max threshold 15)
[2022-04-22T06:48:31.732+0000][10][gc,age      ] GC(194) - age   1:    2441656 bytes,    2441656 total
[2022-04-22T06:48:31.733+0000][10][gc,age      ] GC(194) - age   2:      60912 bytes,    2502568 total
[2022-04-22T06:48:31.734+0000][10][gc,phases   ] GC(194)   Pre Evacuate Collection Set: 0.2ms
[2022-04-22T06:48:31.735+0000][10][gc,phases   ] GC(194)   Merge Heap Roots: 0.1ms
[2022-04-22T06:48:31.736+0000][10][gc,phases   ] GC(194)   Evacuate Collection Set: 1.7ms
[2022-04-22T06:48:31.737+0000][10][gc,phases   ] GC(194)   Post Evacuate Collection Set: 0.5ms
[2022-04-22T06:48:31.738+0000][10][gc,phases   ] GC(194)   Other: 5.9ms
[2022-04-22T06:48:31.739+0000][10][gc,heap     ] GC(194) Eden regions: 70->0(70)
[2022-04-22T06:48:31.740+0000][10][gc,heap     ] GC(194) Survivor regions: 1->1(9)
[2022-04-22T06:48:31.741+0000][10][gc,heap     ] GC(194) Old regions: 26->26
[2022-04-22T06:48:31.741+0000][10][gc,heap     ] GC(194) Archive regions: 2->2
[2022-04-22T06:48:31.742+0000][10][gc,heap     ] GC(194) Humongous regions: 6->6
[2022-04-22T06:48:31.743+0000][10][gc,metaspace] GC(194) Metaspace: 107267K(108864K)->107267K(108864K) NonClass: 92821K(93760K)->92821K(93760K) Class: 14445K(15104K)->14445K(15104K)
[2022-04-22T06:48:31.744+0000][10][gc          ] GC(194) Pause Young (Concurrent Start) (G1 Evacuation Pause) 410M->132M(512M) 18.672ms
[2022-04-22T06:48:31.745+0000][10][gc,cpu      ] GC(194) User=0.01s Sys=0.00s Real=0.02s
[2022-04-22T06:48:31.746+0000][10][safepoint   ] Safepoint "G1CollectForAllocation", Time since last: 5140649502 ns, Reaching safepoint: 91125 ns, At safepoint: 20363125 ns, Total: 20454250 ns
[2022-04-22T06:48:31.746+0000][10][gc          ] GC(195) Concurrent Mark Cycle
[2022-04-22T06:48:31.748+0000][10][gc,marking  ] GC(195) Concurrent Clear Claimed Marks
[2022-04-22T06:48:31.749+0000][10][gc,marking  ] GC(195) Concurrent Clear Claimed Marks 0.920ms
[2022-04-22T06:48:31.749+0000][10][gc,marking  ] GC(195) Concurrent Scan Root Regions
[2022-04-22T06:48:31.751+0000][10][gc,marking  ] GC(195) Concurrent Scan Root Regions 1.794ms
[2022-04-22T06:48:31.752+0000][10][gc,marking  ] GC(195) Concurrent Mark
[2022-04-22T06:48:31.753+0000][10][gc,marking  ] GC(195) Concurrent Mark From Roots
[2022-04-22T06:48:31.754+0000][10][gc,task     ] GC(195) Using 1 workers of 1 for marking
[2022-04-22T06:48:31.819+0000][10][gc,marking  ] GC(195) Concurrent Mark From Roots 65.603ms
[2022-04-22T06:48:31.819+0000][10][gc,marking  ] GC(195) Concurrent Preclean
[2022-04-22T06:48:31.821+0000][10][gc,marking  ] GC(195) Concurrent Preclean 1.127ms
[2022-04-22T06:48:31.822+0000][10][gc,start    ] GC(195) Pause Remark
[2022-04-22T06:48:31.831+0000][10][gc          ] GC(195) Pause Remark 137M->137M(512M) 8.792ms
[2022-04-22T06:48:31.832+0000][10][gc,cpu      ] GC(195) User=0.02s Sys=0.00s Real=0.01s
[2022-04-22T06:48:31.833+0000][10][safepoint   ] Safepoint "G1Concurrent", Time since last: 75816833 ns, Reaching safepoint: 102375 ns, At safepoint: 11437625 ns, Total: 11540000 ns
[2022-04-22T06:48:31.834+0000][10][gc,marking  ] GC(195) Concurrent Mark 82.341ms
[2022-04-22T06:48:31.835+0000][10][gc,marking  ] GC(195) Concurrent Rebuild Remembered Sets
[2022-04-22T06:48:31.877+0000][10][gc,marking  ] GC(195) Concurrent Rebuild Remembered Sets 41.453ms
[2022-04-22T06:48:31.879+0000][10][gc,start    ] GC(195) Pause Cleanup
[2022-04-22T06:48:31.880+0000][10][gc          ] GC(195) Pause Cleanup 139M->139M(512M) 1.246ms
[2022-04-22T06:48:31.881+0000][10][gc,cpu      ] GC(195) User=0.00s Sys=0.00s Real=0.00s
[2022-04-22T06:48:31.882+0000][10][safepoint   ] Safepoint "G1Concurrent", Time since last: 45786834 ns, Reaching safepoint: 197041 ns, At safepoint: 2617542 ns, Total: 2814583 ns
[2022-04-22T06:48:31.882+0000][10][gc,marking  ] GC(195) Concurrent Cleanup for Next Mark
[2022-04-22T06:48:31.884+0000][10][gc,marking  ] GC(195) Concurrent Cleanup for Next Mark 1.147ms
[2022-04-22T06:48:31.885+0000][10][gc          ] GC(195) Concurrent Mark Cycle 138.886ms
[2022-04-22T06:48:36.925+0000][10][gc,start    ] GC(196) Pause Young (Normal) (G1 Evacuation Pause)
[2022-04-22T06:48:36.927+0000][10][gc,task     ] GC(196) Using 5 workers of 5 for evacuation
[2022-04-22T06:48:36.928+0000][10][gc,age      ] GC(196) Desired survivor size 18874368 bytes, new threshold 15 (max threshold 15)
[2022-04-22T06:48:36.931+0000][10][gc,age      ] GC(196) Age table with threshold 15 (max threshold 15)
[2022-04-22T06:48:36.932+0000][10][gc,age      ] GC(196) - age   1:    2803168 bytes,    2803168 total
[2022-04-22T06:48:36.933+0000][10][gc,age      ] GC(196) - age   2:    1327960 bytes,    4131128 total
[2022-04-22T06:48:36.934+0000][10][gc,age      ] GC(196) - age   3:      58560 bytes,    4189688 total
[2022-04-22T06:48:36.934+0000][10][gc,phases   ] GC(196)   Pre Evacuate Collection Set: 0.1ms
[2022-04-22T06:48:36.935+0000][10][gc,phases   ] GC(196)   Merge Heap Roots: 0.2ms
[2022-04-22T06:48:36.936+0000][10][gc,phases   ] GC(196)   Evacuate Collection Set: 1.6ms
[2022-04-22T06:48:36.937+0000][10][gc,phases   ] GC(196)   Post Evacuate Collection Set: 0.6ms
[2022-04-22T06:48:36.938+0000][10][gc,phases   ] GC(196)   Other: 7.5ms
[2022-04-22T06:48:36.939+0000][10][gc,heap     ] GC(196) Eden regions: 70->0(69)
[2022-04-22T06:48:36.940+0000][10][gc,heap     ] GC(196) Survivor regions: 1->2(9)
[2022-04-22T06:48:36.941+0000][10][gc,heap     ] GC(196) Old regions: 26->26
[2022-04-22T06:48:36.941+0000][10][gc,heap     ] GC(196) Archive regions: 2->2
[2022-04-22T06:48:36.942+0000][10][gc,heap     ] GC(196) Humongous regions: 6->6
[2022-04-22T06:48:36.943+0000][10][gc,metaspace] GC(196) Metaspace: 107267K(108864K)->107267K(108864K) NonClass: 92821K(93760K)->92821K(93760K) Class: 14445K(15104K)->14445K(15104K)
[2022-04-22T06:48:36.944+0000][10][gc          ] GC(196) Pause Young (Normal) (G1 Evacuation Pause) 412M->133M(512M) 19.021ms
[2022-04-22T06:48:36.944+0000][10][gc,cpu      ] GC(196) User=0.00s Sys=0.00s Real=0.02s
[2022-04-22T06:48:36.945+0000][10][safepoint   ] Safepoint "G1CollectForAllocation", Time since last: 5042642252 ns, Reaching safepoint: 113667 ns, At safepoint: 20621958 ns, Total: 20735625 ns
[2022-04-22T06:48:39.946+0000][10][safepoint   ] Safepoint "Cleanup", Time since last: 3000853877 ns, Reaching safepoint: 153792 ns, At safepoint: 13625 ns, Total: 167417 ns
[2022-04-22T06:48:41.975+0000][10][gc,start    ] GC(197) Pause Young (Concurrent Start) (G1 Evacuation Pause)
[2022-04-22T06:48:41.976+0000][10][gc,task     ] GC(197) Using 5 workers of 5 for evacuation
[2022-04-22T06:48:41.977+0000][10][gc,age      ] GC(197) Desired survivor size 18874368 bytes, new threshold 15 (max threshold 15)
[2022-04-22T06:48:41.981+0000][10][gc,age      ] GC(197) Age table with threshold 15 (max threshold 15)
[2022-04-22T06:48:41.982+0000][10][gc,age      ] GC(197) - age   1:    3481120 bytes,    3481120 total
[2022-04-22T06:48:41.983+0000][10][gc,age      ] GC(197) - age   2:    1441416 bytes,    4922536 total
[2022-04-22T06:48:41.983+0000][10][gc,age      ] GC(197) - age   3:    1298288 bytes,    6220824 total
[2022-04-22T06:48:41.984+0000][10][gc,age      ] GC(197) - age   4:      57664 bytes,    6278488 total
[2022-04-22T06:48:41.985+0000][10][gc,phases   ] GC(197)   Pre Evacuate Collection Set: 0.4ms
[2022-04-22T06:48:41.985+0000][10][gc,phases   ] GC(197)   Merge Heap Roots: 0.1ms
[2022-04-22T06:48:41.986+0000][10][gc,phases   ] GC(197)   Evacuate Collection Set: 2.1ms
[2022-04-22T06:48:41.987+0000][10][gc,phases   ] GC(197)   Post Evacuate Collection Set: 0.7ms
[2022-04-22T06:48:41.987+0000][10][gc,phases   ] GC(197)   Other: 6.4ms
[2022-04-22T06:48:41.988+0000][10][gc,heap     ] GC(197) Eden regions: 69->0(69)
[2022-04-22T06:48:41.988+0000][10][gc,heap     ] GC(197) Survivor regions: 2->2(9)
[2022-04-22T06:48:41.989+0000][10][gc,heap     ] GC(197) Old regions: 26->26
[2022-04-22T06:48:41.990+0000][10][gc,heap     ] GC(197) Archive regions: 2->2
[2022-04-22T06:48:41.990+0000][10][gc,heap     ] GC(197) Humongous regions: 6->6
[2022-04-22T06:48:41.991+0000][10][gc,metaspace] GC(197) Metaspace: 107267K(108864K)->107267K(108864K) NonClass: 92821K(93760K)->92821K(93760K) Class: 14445K(15104K)->14445K(15104K)
[2022-04-22T06:48:41.991+0000][10][gc          ] GC(197) Pause Young (Concurrent Start) (G1 Evacuation Pause) 409M->135M(512M) 16.318ms
[2022-04-22T06:48:41.992+0000][10][gc,cpu      ] GC(197) User=0.01s Sys=0.01s Real=0.02s
[2022-04-22T06:48:41.993+0000][10][gc          ] GC(198) Concurrent Mark Cycle
[2022-04-22T06:48:41.993+0000][10][gc,marking  ] GC(198) Concurrent Clear Claimed Marks
[2022-04-22T06:48:41.994+0000][10][gc,marking  ] GC(198) Concurrent Clear Claimed Marks 0.893ms
[2022-04-22T06:48:41.995+0000][10][gc,marking  ] GC(198) Concurrent Scan Root Regions
[2022-04-22T06:48:41.993+0000][10][safepoint   ] Safepoint "G1CollectForAllocation", Time since last: 2028766292 ns, Reaching safepoint: 106167 ns, At safepoint: 17483625 ns, Total: 17589792 ns
[2022-04-22T06:48:41.997+0000][10][gc,marking  ] GC(198) Concurrent Scan Root Regions 1.826ms
[2022-04-22T06:48:41.999+0000][10][gc,marking  ] GC(198) Concurrent Mark
[2022-04-22T06:48:42.001+0000][10][gc,marking  ] GC(198) Concurrent Mark From Roots
[2022-04-22T06:48:42.002+0000][10][gc,task     ] GC(198) Using 1 workers of 1 for marking
[2022-04-22T06:48:42.067+0000][10][gc,marking  ] GC(198) Concurrent Mark From Roots 66.652ms
[2022-04-22T06:48:42.068+0000][10][gc,marking  ] GC(198) Concurrent Preclean
[2022-04-22T06:48:42.069+0000][10][gc,marking  ] GC(198) Concurrent Preclean 1.274ms
[2022-04-22T06:48:42.070+0000][10][gc,start    ] GC(198) Pause Remark
[2022-04-22T06:48:42.079+0000][10][gc          ] GC(198) Pause Remark 141M->141M(512M) 8.564ms
[2022-04-22T06:48:42.080+0000][10][gc,cpu      ] GC(198) User=0.02s Sys=0.00s Real=0.01s
[2022-04-22T06:48:42.081+0000][10][safepoint   ] Safepoint "G1Concurrent", Time since last: 77745333 ns, Reaching safepoint: 103542 ns, At safepoint: 10465625 ns, Total: 10569167 ns
[2022-04-22T06:48:42.082+0000][10][gc,marking  ] GC(198) Concurrent Mark 82.187ms
[2022-04-22T06:48:42.082+0000][10][gc,marking  ] GC(198) Concurrent Rebuild Remembered Sets
[2022-04-22T06:48:42.123+0000][10][gc,marking  ] GC(198) Concurrent Rebuild Remembered Sets 40.981ms
[2022-04-22T06:48:42.124+0000][10][gc,start    ] GC(198) Pause Cleanup
[2022-04-22T06:48:42.125+0000][10][gc          ] GC(198) Pause Cleanup 145M->145M(512M) 0.743ms
[2022-04-22T06:48:42.125+0000][10][gc,cpu      ] GC(198) User=0.00s Sys=0.00s Real=0.00s
[2022-04-22T06:48:42.127+0000][10][safepoint   ] Safepoint "G1Concurrent", Time since last: 43162042 ns, Reaching safepoint: 142208 ns, At safepoint: 2429833 ns, Total: 2572041 ns
[2022-04-22T06:48:42.127+0000][10][gc,marking  ] GC(198) Concurrent Cleanup for Next Mark
[2022-04-22T06:48:42.129+0000][10][gc,marking  ] GC(198) Concurrent Cleanup for Next Mark 1.507ms
[2022-04-22T06:48:42.130+0000][10][gc          ] GC(198) Concurrent Mark Cycle 137.442ms
[2022-04-22T06:48:46.343+0000][10][gc,start    ] GC(199) Pause Young (Prepare Mixed) (G1 Evacuation Pause)
[2022-04-22T06:48:46.344+0000][10][gc,task     ] GC(199) Using 5 workers of 5 for evacuation
[2022-04-22T06:48:46.345+0000][10][gc,age      ] GC(199) Desired survivor size 18874368 bytes, new threshold 15 (max threshold 15)
[2022-04-22T06:48:46.349+0000][10][gc,age      ] GC(199) Age table with threshold 15 (max threshold 15)
[2022-04-22T06:48:46.351+0000][10][gc,age      ] GC(199) - age   1:    2952248 bytes,    2952248 total
[2022-04-22T06:48:46.352+0000][10][gc,age      ] GC(199) - age   2:    1945112 bytes,    4897360 total
[2022-04-22T06:48:46.353+0000][10][gc,age      ] GC(199) - age   3:    1394944 bytes,    6292304 total
[2022-04-22T06:48:46.353+0000][10][gc,age      ] GC(199) - age   4:    1282088 bytes,    7574392 total
[2022-04-22T06:48:46.354+0000][10][gc,age      ] GC(199) - age   5:      55808 bytes,    7630200 total
[2022-04-22T06:48:46.354+0000][10][gc,phases   ] GC(199)   Pre Evacuate Collection Set: 0.1ms
[2022-04-22T06:48:46.355+0000][10][gc,phases   ] GC(199)   Merge Heap Roots: 0.2ms
[2022-04-22T06:48:46.356+0000][10][gc,phases   ] GC(199)   Evacuate Collection Set: 2.0ms
[2022-04-22T06:48:46.357+0000][10][gc,phases   ] GC(199)   Post Evacuate Collection Set: 0.8ms
[2022-04-22T06:48:46.357+0000][10][gc,phases   ] GC(199)   Other: 8.2ms
[2022-04-22T06:48:46.358+0000][10][gc,heap     ] GC(199) Eden regions: 69->0(4)
[2022-04-22T06:48:46.359+0000][10][gc,heap     ] GC(199) Survivor regions: 2->2(9)
[2022-04-22T06:48:46.359+0000][10][gc,heap     ] GC(199) Old regions: 26->26
[2022-04-22T06:48:46.360+0000][10][gc,heap     ] GC(199) Archive regions: 2->2
[2022-04-22T06:48:46.361+0000][10][gc,heap     ] GC(199) Humongous regions: 6->6
[2022-04-22T06:48:46.361+0000][10][gc,metaspace] GC(199) Metaspace: 107267K(108864K)->107267K(108864K) NonClass: 92821K(93760K)->92821K(93760K) Class: 14445K(15104K)->14445K(15104K)
[2022-04-22T06:48:46.362+0000][10][gc          ] GC(199) Pause Young (Prepare Mixed) (G1 Evacuation Pause) 411M->137M(512M) 18.924ms
[2022-04-22T06:48:46.363+0000][10][gc,cpu      ] GC(199) User=0.01s Sys=0.00s Real=0.02s
[2022-04-22T06:48:46.364+0000][10][safepoint   ] Safepoint "G1CollectForAllocation", Time since last: 4216588961 ns, Reaching safepoint: 43500 ns, At safepoint: 20377458 ns, Total: 20420958 ns
[2022-04-22T06:48:46.570+0000][10][gc,start    ] GC(200) Pause Young (Mixed) (G1 Evacuation Pause)
[2022-04-22T06:48:46.571+0000][10][gc,task     ] GC(200) Using 5 workers of 5 for evacuation
[2022-04-22T06:48:46.572+0000][10][gc,age      ] GC(200) Desired survivor size 2097152 bytes, new threshold 1 (max threshold 15)
[2022-04-22T06:48:46.576+0000][10][gc,age      ] GC(200) Age table with threshold 1 (max threshold 15)
[2022-04-22T06:48:46.577+0000][10][gc,age      ] GC(200) - age   1:     161248 bytes,     161248 total
[2022-04-22T06:48:46.577+0000][10][gc,phases   ] GC(200)   Pre Evacuate Collection Set: 0.3ms
[2022-04-22T06:48:46.578+0000][10][gc,phases   ] GC(200)   Merge Heap Roots: 0.1ms
[2022-04-22T06:48:46.579+0000][10][gc,phases   ] GC(200)   Evacuate Collection Set: 1.9ms
[2022-04-22T06:48:46.580+0000][10][gc,phases   ] GC(200)   Post Evacuate Collection Set: 0.7ms
[2022-04-22T06:48:46.581+0000][10][gc,phases   ] GC(200)   Other: 3.9ms
[2022-04-22T06:48:46.581+0000][10][gc,heap     ] GC(200) Eden regions: 4->0(69)
[2022-04-22T06:48:46.582+0000][10][gc,heap     ] GC(200) Survivor regions: 2->1(1)
[2022-04-22T06:48:46.583+0000][10][gc,heap     ] GC(200) Old regions: 26->27
[2022-04-22T06:48:46.583+0000][10][gc,heap     ] GC(200) Archive regions: 2->2
[2022-04-22T06:48:46.584+0000][10][gc,heap     ] GC(200) Humongous regions: 6->6
[2022-04-22T06:48:46.585+0000][10][gc,metaspace] GC(200) Metaspace: 107267K(108864K)->107267K(108864K) NonClass: 92821K(93760K)->92821K(93760K) Class: 14445K(15104K)->14445K(15104K)
[2022-04-22T06:48:46.586+0000][10][gc          ] GC(200) Pause Young (Mixed) (G1 Evacuation Pause) 153M->133M(512M) 15.706ms
[2022-04-22T06:48:46.587+0000][10][gc,cpu      ] GC(200) User=0.01s Sys=0.00s Real=0.02s
[2022-04-22T06:48:46.588+0000][10][safepoint   ] Safepoint "G1CollectForAllocation", Time since last: 206691958 ns, Reaching safepoint: 122542 ns, At safepoint: 17482375 ns, Total: 17604917 ns
[2022-04-22T06:48:50.026+0000][10][gc,start    ] GC(201) Pause Young (Concurrent Start) (G1 Evacuation Pause)
[2022-04-22T06:48:50.027+0000][10][gc,task     ] GC(201) Using 5 workers of 5 for evacuation
[2022-04-22T06:48:50.029+0000][10][gc,age      ] GC(201) Desired survivor size 18874368 bytes, new threshold 15 (max threshold 15)
[2022-04-22T06:48:50.033+0000][10][gc,age      ] GC(201) Age table with threshold 15 (max threshold 15)
[2022-04-22T06:48:50.034+0000][10][gc,age      ] GC(201) - age   1:    3314232 bytes,    3314232 total
[2022-04-22T06:48:50.035+0000][10][gc,age      ] GC(201) - age   2:      71488 bytes,    3385720 total
[2022-04-22T06:48:50.035+0000][10][gc,phases   ] GC(201)   Pre Evacuate Collection Set: 0.2ms
[2022-04-22T06:48:50.036+0000][10][gc,phases   ] GC(201)   Merge Heap Roots: 0.2ms
[2022-04-22T06:48:50.036+0000][10][gc,phases   ] GC(201)   Evacuate Collection Set: 2.2ms
[2022-04-22T06:48:50.037+0000][10][gc,phases   ] GC(201)   Post Evacuate Collection Set: 0.6ms
[2022-04-22T06:48:50.038+0000][10][gc,phases   ] GC(201)   Other: 6.4ms
[2022-04-22T06:48:50.038+0000][10][gc,heap     ] GC(201) Eden regions: 69->0(69)
[2022-04-22T06:48:50.039+0000][10][gc,heap     ] GC(201) Survivor regions: 1->1(9)
[2022-04-22T06:48:50.039+0000][10][gc,heap     ] GC(201) Old regions: 27->27
[2022-04-22T06:48:50.040+0000][10][gc,heap     ] GC(201) Archive regions: 2->2
[2022-04-22T06:48:50.041+0000][10][gc,heap     ] GC(201) Humongous regions: 6->6
[2022-04-22T06:48:50.041+0000][10][gc,metaspace] GC(201) Metaspace: 107267K(108864K)->107267K(108864K) NonClass: 92821K(93760K)->92821K(93760K) Class: 14445K(15104K)->14445K(15104K)
[2022-04-22T06:48:50.042+0000][10][gc          ] GC(201) Pause Young (Concurrent Start) (G1 Evacuation Pause) 409M->136M(512M) 16.272ms
[2022-04-22T06:48:50.043+0000][10][gc,cpu      ] GC(201) User=0.00s Sys=0.01s Real=0.02s
[2022-04-22T06:48:50.043+0000][10][safepoint   ] Safepoint "G1CollectForAllocation", Time since last: 3437754210 ns, Reaching safepoint: 94292 ns, At safepoint: 17704250 ns, Total: 17798542 ns
[2022-04-22T06:48:50.043+0000][10][gc          ] GC(202) Concurrent Mark Cycle
[2022-04-22T06:48:50.045+0000][10][gc,marking  ] GC(202) Concurrent Clear Claimed Marks
[2022-04-22T06:48:50.046+0000][10][gc,marking  ] GC(202) Concurrent Clear Claimed Marks 0.646ms
[2022-04-22T06:48:50.046+0000][10][gc,marking  ] GC(202) Concurrent Scan Root Regions
[2022-04-22T06:48:50.048+0000][10][gc,marking  ] GC(202) Concurrent Scan Root Regions 1.693ms
[2022-04-22T06:48:50.049+0000][10][gc,marking  ] GC(202) Concurrent Mark
[2022-04-22T06:48:50.050+0000][10][gc,marking  ] GC(202) Concurrent Mark From Roots
[2022-04-22T06:48:50.050+0000][10][gc,task     ] GC(202) Using 1 workers of 1 for marking
[2022-04-22T06:48:50.117+0000][10][gc,marking  ] GC(202) Concurrent Mark From Roots 67.464ms
[2022-04-22T06:48:50.118+0000][10][gc,marking  ] GC(202) Concurrent Preclean
[2022-04-22T06:48:50.119+0000][10][gc,marking  ] GC(202) Concurrent Preclean 1.008ms
[2022-04-22T06:48:50.120+0000][10][gc,start    ] GC(202) Pause Remark
[2022-04-22T06:48:50.129+0000][10][gc          ] GC(202) Pause Remark 144M->144M(512M) 8.898ms
[2022-04-22T06:48:50.130+0000][10][gc,cpu      ] GC(202) User=0.02s Sys=0.00s Real=0.01s
[2022-04-22T06:48:50.131+0000][10][safepoint   ] Safepoint "G1Concurrent", Time since last: 76795083 ns, Reaching safepoint: 54625 ns, At safepoint: 11144333 ns, Total: 11198958 ns
[2022-04-22T06:48:50.132+0000][10][gc,marking  ] GC(202) Concurrent Mark 83.123ms
[2022-04-22T06:48:50.133+0000][10][gc,marking  ] GC(202) Concurrent Rebuild Remembered Sets
[2022-04-22T06:48:50.175+0000][10][gc,marking  ] GC(202) Concurrent Rebuild Remembered Sets 42.178ms
[2022-04-22T06:48:50.177+0000][10][gc,start    ] GC(202) Pause Cleanup
[2022-04-22T06:48:50.177+0000][10][gc          ] GC(202) Pause Cleanup 146M->146M(512M) 0.820ms
[2022-04-22T06:48:50.179+0000][10][gc,cpu      ] GC(202) User=0.00s Sys=0.00s Real=0.01s
[2022-04-22T06:48:50.180+0000][10][safepoint   ] Safepoint "G1Concurrent", Time since last: 45092417 ns, Reaching safepoint: 88167 ns, At safepoint: 3550125 ns, Total: 3638292 ns
[2022-04-22T06:48:50.181+0000][10][gc,marking  ] GC(202) Concurrent Cleanup for Next Mark
[2022-04-22T06:48:50.182+0000][10][gc,marking  ] GC(202) Concurrent Cleanup for Next Mark 1.205ms
[2022-04-22T06:48:50.184+0000][10][gc          ] GC(202) Concurrent Mark Cycle 141.013ms
[2022-04-22T06:48:52.842+0000][10][gc,start    ] GC(203) Pause Young (Prepare Mixed) (G1 Evacuation Pause)
[2022-04-22T06:48:52.843+0000][10][gc,task     ] GC(203) Using 5 workers of 5 for evacuation
[2022-04-22T06:48:52.844+0000][10][gc,age      ] GC(203) Desired survivor size 18874368 bytes, new threshold 15 (max threshold 15)
[2022-04-22T06:48:52.847+0000][10][gc,age      ] GC(203) Age table with threshold 15 (max threshold 15)
[2022-04-22T06:48:52.848+0000][10][gc,age      ] GC(203) - age   1:    3245072 bytes,    3245072 total
[2022-04-22T06:48:52.849+0000][10][gc,age      ] GC(203) - age   2:    1463264 bytes,    4708336 total
[2022-04-22T06:48:52.849+0000][10][gc,age      ] GC(203) - age   3:      70784 bytes,    4779120 total
[2022-04-22T06:48:52.850+0000][10][gc,phases   ] GC(203)   Pre Evacuate Collection Set: 0.1ms
[2022-04-22T06:48:52.851+0000][10][gc,phases   ] GC(203)   Merge Heap Roots: 0.1ms
[2022-04-22T06:48:52.851+0000][10][gc,phases   ] GC(203)   Evacuate Collection Set: 1.7ms
[2022-04-22T06:48:52.852+0000][10][gc,phases   ] GC(203)   Post Evacuate Collection Set: 0.7ms
[2022-04-22T06:48:52.853+0000][10][gc,phases   ] GC(203)   Other: 5.1ms
[2022-04-22T06:48:52.854+0000][10][gc,heap     ] GC(203) Eden regions: 69->0(4)
[2022-04-22T06:48:52.854+0000][10][gc,heap     ] GC(203) Survivor regions: 1->2(9)
[2022-04-22T06:48:52.855+0000][10][gc,heap     ] GC(203) Old regions: 27->27
[2022-04-22T06:48:52.855+0000][10][gc,heap     ] GC(203) Archive regions: 2->2
[2022-04-22T06:48:52.856+0000][10][gc,heap     ] GC(203) Humongous regions: 6->6
[2022-04-22T06:48:52.857+0000][10][gc,metaspace] GC(203) Metaspace: 107268K(108864K)->107268K(108864K) NonClass: 92822K(93760K)->92822K(93760K) Class: 14445K(15104K)->14445K(15104K)
[2022-04-22T06:48:52.857+0000][10][gc          ] GC(203) Pause Young (Prepare Mixed) (G1 Evacuation Pause) 412M->137M(512M) 15.014ms
[2022-04-22T06:48:52.858+0000][10][gc,cpu      ] GC(203) User=0.01s Sys=0.00s Real=0.02s
[2022-04-22T06:48:52.859+0000][10][safepoint   ] Safepoint "G1CollectForAllocation", Time since last: 2662135376 ns, Reaching safepoint: 66250 ns, At safepoint: 16436250 ns, Total: 16502500 ns
[2022-04-22T06:48:53.010+0000][10][gc,start    ] GC(204) Pause Young (Mixed) (G1 Evacuation Pause)
[2022-04-22T06:48:53.011+0000][10][gc,task     ] GC(204) Using 5 workers of 5 for evacuation
[2022-04-22T06:48:53.012+0000][10][gc,age      ] GC(204) Desired survivor size 2097152 bytes, new threshold 1 (max threshold 15)
[2022-04-22T06:48:53.016+0000][10][gc,age      ] GC(204) Age table with threshold 1 (max threshold 15)
[2022-04-22T06:48:53.017+0000][10][gc,age      ] GC(204) - age   1:     142616 bytes,     142616 total
[2022-04-22T06:48:53.018+0000][10][gc,phases   ] GC(204)   Pre Evacuate Collection Set: 0.4ms
[2022-04-22T06:48:53.018+0000][10][gc,phases   ] GC(204)   Merge Heap Roots: 0.1ms
[2022-04-22T06:48:53.019+0000][10][gc,phases   ] GC(204)   Evacuate Collection Set: 1.9ms
[2022-04-22T06:48:53.019+0000][10][gc,phases   ] GC(204)   Post Evacuate Collection Set: 0.9ms
[2022-04-22T06:48:53.020+0000][10][gc,phases   ] GC(204)   Other: 4.8ms
[2022-04-22T06:48:53.021+0000][10][gc,heap     ] GC(204) Eden regions: 4->0(69)
[2022-04-22T06:48:53.021+0000][10][gc,heap     ] GC(204) Survivor regions: 2->1(1)
[2022-04-22T06:48:53.022+0000][10][gc,heap     ] GC(204) Old regions: 27->27
[2022-04-22T06:48:53.023+0000][10][gc,heap     ] GC(204) Archive regions: 2->2
[2022-04-22T06:48:53.024+0000][10][gc,heap     ] GC(204) Humongous regions: 6->6
[2022-04-22T06:48:53.024+0000][10][gc,metaspace] GC(204) Metaspace: 107268K(108864K)->107268K(108864K) NonClass: 92822K(93760K)->92822K(93760K) Class: 14445K(15104K)->14445K(15104K)
[2022-04-22T06:48:53.025+0000][10][gc          ] GC(204) Pause Young (Mixed) (G1 Evacuation Pause) 153M->134M(512M) 15.428ms
[2022-04-22T06:48:53.026+0000][10][gc,cpu      ] GC(204) User=0.01s Sys=0.00s Real=0.01s
[2022-04-22T06:48:53.027+0000][10][safepoint   ] Safepoint "G1CollectForAllocation", Time since last: 150805708 ns, Reaching safepoint: 51000 ns, At safepoint: 17491167 ns, Total: 17542167 ns
[2022-04-22T06:48:55.611+0000][10][gc,start    ] GC(205) Pause Young (Concurrent Start) (G1 Evacuation Pause)
[2022-04-22T06:48:55.612+0000][10][gc,task     ] GC(205) Using 5 workers of 5 for evacuation
[2022-04-22T06:48:55.612+0000][10][gc,age      ] GC(205) Desired survivor size 18874368 bytes, new threshold 15 (max threshold 15)
[2022-04-22T06:48:55.615+0000][10][gc,age      ] GC(205) Age table with threshold 15 (max threshold 15)
[2022-04-22T06:48:55.616+0000][10][gc,age      ] GC(205) - age   1:    3573120 bytes,    3573120 total
[2022-04-22T06:48:55.617+0000][10][gc,age      ] GC(205) - age   2:      86120 bytes,    3659240 total
[2022-04-22T06:48:55.618+0000][10][gc,phases   ] GC(205)   Pre Evacuate Collection Set: 0.2ms
[2022-04-22T06:48:55.618+0000][10][gc,phases   ] GC(205)   Merge Heap Roots: 0.1ms
[2022-04-22T06:48:55.619+0000][10][gc,phases   ] GC(205)   Evacuate Collection Set: 1.2ms
[2022-04-22T06:48:55.619+0000][10][gc,phases   ] GC(205)   Post Evacuate Collection Set: 0.7ms
[2022-04-22T06:48:55.620+0000][10][gc,phases   ] GC(205)   Other: 4.6ms
[2022-04-22T06:48:55.621+0000][10][gc,heap     ] GC(205) Eden regions: 69->0(69)
[2022-04-22T06:48:55.622+0000][10][gc,heap     ] GC(205) Survivor regions: 1->1(9)
[2022-04-22T06:48:55.622+0000][10][gc,heap     ] GC(205) Old regions: 27->27
[2022-04-22T06:48:55.623+0000][10][gc,heap     ] GC(205) Archive regions: 2->2
[2022-04-22T06:48:55.624+0000][10][gc,heap     ] GC(205) Humongous regions: 6->6
[2022-04-22T06:48:55.625+0000][10][gc,metaspace] GC(205) Metaspace: 107269K(108864K)->107269K(108864K) NonClass: 92824K(93760K)->92824K(93760K) Class: 14445K(15104K)->14445K(15104K)
[2022-04-22T06:48:55.625+0000][10][gc          ] GC(205) Pause Young (Concurrent Start) (G1 Evacuation Pause) 410M->138M(512M) 14.517ms
[2022-04-22T06:48:55.626+0000][10][gc,cpu      ] GC(205) User=0.01s Sys=0.00s Real=0.01s
[2022-04-22T06:48:55.627+0000][10][safepoint   ] Safepoint "G1CollectForAllocation", Time since last: 2583437793 ns, Reaching safepoint: 162583 ns, At safepoint: 16602792 ns, Total: 16765375 ns
[2022-04-22T06:48:55.627+0000][10][gc          ] GC(206) Concurrent Mark Cycle
[2022-04-22T06:48:55.629+0000][10][gc,marking  ] GC(206) Concurrent Clear Claimed Marks
[2022-04-22T06:48:55.630+0000][10][gc,marking  ] GC(206) Concurrent Clear Claimed Marks 0.636ms
[2022-04-22T06:48:55.631+0000][10][gc,marking  ] GC(206) Concurrent Scan Root Regions
[2022-04-22T06:48:55.634+0000][10][gc,marking  ] GC(206) Concurrent Scan Root Regions 3.719ms
[2022-04-22T06:48:55.635+0000][10][gc,marking  ] GC(206) Concurrent Mark
[2022-04-22T06:48:55.636+0000][10][gc,marking  ] GC(206) Concurrent Mark From Roots
[2022-04-22T06:48:55.637+0000][10][gc,task     ] GC(206) Using 1 workers of 1 for marking
[2022-04-22T06:48:55.716+0000][10][gc,marking  ] GC(206) Concurrent Mark From Roots 80.244ms
[2022-04-22T06:48:55.718+0000][10][gc,marking  ] GC(206) Concurrent Preclean
[2022-04-22T06:48:55.719+0000][10][gc,marking  ] GC(206) Concurrent Preclean 1.387ms
[2022-04-22T06:48:55.721+0000][10][gc,start    ] GC(206) Pause Remark
[2022-04-22T06:48:55.730+0000][10][gc          ] GC(206) Pause Remark 158M->158M(512M) 9.208ms
[2022-04-22T06:48:55.731+0000][10][gc,cpu      ] GC(206) User=0.02s Sys=0.00s Real=0.01s
[2022-04-22T06:48:55.732+0000][10][safepoint   ] Safepoint "G1Concurrent", Time since last: 92863375 ns, Reaching safepoint: 302208 ns, At safepoint: 11328084 ns, Total: 11630292 ns
[2022-04-22T06:48:55.733+0000][10][gc,marking  ] GC(206) Concurrent Mark 97.449ms
[2022-04-22T06:48:55.734+0000][10][gc,marking  ] GC(206) Concurrent Rebuild Remembered Sets
[2022-04-22T06:48:55.790+0000][10][gc,marking  ] GC(206) Concurrent Rebuild Remembered Sets 56.214ms
[2022-04-22T06:48:55.791+0000][10][gc,start    ] GC(206) Pause Cleanup
[2022-04-22T06:48:55.792+0000][10][gc          ] GC(206) Pause Cleanup 162M->162M(512M) 1.110ms
[2022-04-22T06:48:55.794+0000][10][gc,cpu      ] GC(206) User=0.00s Sys=0.00s Real=0.00s
[2022-04-22T06:48:55.794+0000][10][safepoint   ] Safepoint "G1Concurrent", Time since last: 58896583 ns, Reaching safepoint: 417583 ns, At safepoint: 3253375 ns, Total: 3670958 ns
[2022-04-22T06:48:55.795+0000][10][gc,marking  ] GC(206) Concurrent Cleanup for Next Mark
[2022-04-22T06:48:55.797+0000][10][gc,marking  ] GC(206) Concurrent Cleanup for Next Mark 1.962ms
[2022-04-22T06:48:55.798+0000][10][gc          ] GC(206) Concurrent Mark Cycle 170.538ms
[2022-04-22T06:48:58.544+0000][10][safepoint   ] Safepoint "G1CollectForAllocation", Time since last: 2749328043 ns, Reaching safepoint: 270084 ns, At safepoint: 9583 ns, Total: 279667 ns
[2022-04-22T06:48:58.546+0000][10][gc,start    ] GC(207) Pause Young (Prepare Mixed) (GCLocker Initiated GC)
[2022-04-22T06:48:58.546+0000][10][gc,task     ] GC(207) Using 5 workers of 5 for evacuation
[2022-04-22T06:48:58.547+0000][10][gc,age      ] GC(207) Desired survivor size 18874368 bytes, new threshold 15 (max threshold 15)
[2022-04-22T06:48:58.550+0000][10][gc,age      ] GC(207) Age table with threshold 15 (max threshold 15)
[2022-04-22T06:48:58.551+0000][10][gc,age      ] GC(207) - age   1:    3142768 bytes,    3142768 total
[2022-04-22T06:48:58.552+0000][10][gc,age      ] GC(207) - age   2:    1728648 bytes,    4871416 total
[2022-04-22T06:48:58.552+0000][10][gc,age      ] GC(207) - age   3:      85336 bytes,    4956752 total
[2022-04-22T06:48:58.553+0000][10][gc,phases   ] GC(207)   Pre Evacuate Collection Set: 0.2ms
[2022-04-22T06:48:58.554+0000][10][gc,phases   ] GC(207)   Merge Heap Roots: 0.1ms
[2022-04-22T06:48:58.555+0000][10][gc,phases   ] GC(207)   Evacuate Collection Set: 1.4ms
[2022-04-22T06:48:58.555+0000][10][gc,phases   ] GC(207)   Post Evacuate Collection Set: 0.6ms
[2022-04-22T06:48:58.556+0000][10][gc,phases   ] GC(207)   Other: 5.3ms
[2022-04-22T06:48:58.556+0000][10][gc,heap     ] GC(207) Eden regions: 69->0(4)
[2022-04-22T06:48:58.557+0000][10][gc,heap     ] GC(207) Survivor regions: 1->2(9)
[2022-04-22T06:48:58.557+0000][10][gc,heap     ] GC(207) Old regions: 27->27
[2022-04-22T06:48:58.558+0000][10][gc,heap     ] GC(207) Archive regions: 2->2
[2022-04-22T06:48:58.559+0000][10][gc,heap     ] GC(207) Humongous regions: 6->6
[2022-04-22T06:48:58.559+0000][10][gc,metaspace] GC(207) Metaspace: 107269K(108864K)->107269K(108864K) NonClass: 92824K(93760K)->92824K(93760K) Class: 14445K(15104K)->14445K(15104K)
[2022-04-22T06:48:58.560+0000][10][gc          ] GC(207) Pause Young (Prepare Mixed) (GCLocker Initiated GC) 414M->139M(512M) 14.283ms
[2022-04-22T06:48:58.560+0000][10][gc,cpu      ] GC(207) User=0.01s Sys=0.00s Real=0.02s
[2022-04-22T06:48:58.561+0000][10][safepoint   ] Safepoint "G1CollectForAllocation", Time since last: 1563458 ns, Reaching safepoint: 25167 ns, At safepoint: 15477000 ns, Total: 15502167 ns
[2022-04-22T06:48:58.762+0000][10][gc,start    ] GC(208) Pause Young (Mixed) (G1 Evacuation Pause)
[2022-04-22T06:48:58.763+0000][10][gc,task     ] GC(208) Using 5 workers of 5 for evacuation
[2022-04-22T06:48:58.764+0000][10][gc,age      ] GC(208) Desired survivor size 2097152 bytes, new threshold 1 (max threshold 15)
[2022-04-22T06:48:58.767+0000][10][gc,age      ] GC(208) Age table with threshold 1 (max threshold 15)
[2022-04-22T06:48:58.768+0000][10][gc,age      ] GC(208) - age   1:     104688 bytes,     104688 total
[2022-04-22T06:48:58.769+0000][10][gc,phases   ] GC(208)   Pre Evacuate Collection Set: 0.1ms
[2022-04-22T06:48:58.770+0000][10][gc,phases   ] GC(208)   Merge Heap Roots: 0.3ms
[2022-04-22T06:48:58.771+0000][10][gc,phases   ] GC(208)   Evacuate Collection Set: 1.6ms
[2022-04-22T06:48:58.772+0000][10][gc,phases   ] GC(208)   Post Evacuate Collection Set: 1.0ms
[2022-04-22T06:48:58.773+0000][10][gc,phases   ] GC(208)   Other: 4.5ms
[2022-04-22T06:48:58.774+0000][10][gc,heap     ] GC(208) Eden regions: 4->0(69)
[2022-04-22T06:48:58.775+0000][10][gc,heap     ] GC(208) Survivor regions: 2->1(1)
[2022-04-22T06:48:58.776+0000][10][gc,heap     ] GC(208) Old regions: 27->27
[2022-04-22T06:48:58.777+0000][10][gc,heap     ] GC(208) Archive regions: 2->2
[2022-04-22T06:48:58.778+0000][10][gc,heap     ] GC(208) Humongous regions: 6->6
[2022-04-22T06:48:58.779+0000][10][gc,metaspace] GC(208) Metaspace: 107269K(108864K)->107269K(108864K) NonClass: 92824K(93760K)->92824K(93760K) Class: 14445K(15104K)->14445K(15104K)
[2022-04-22T06:48:58.780+0000][10][gc          ] GC(208) Pause Young (Mixed) (G1 Evacuation Pause) 155M->135M(512M) 17.880ms
[2022-04-22T06:48:58.780+0000][10][gc,cpu      ] GC(208) User=0.01s Sys=0.00s Real=0.02s
[2022-04-22T06:48:58.781+0000][10][safepoint   ] Safepoint "G1CollectForAllocation", Time since last: 200957791 ns, Reaching safepoint: 83333 ns, At safepoint: 19004959 ns, Total: 19088292 ns
[2022-04-22T06:49:01.324+0000][10][gc,start    ] GC(209) Pause Young (Normal) (G1 Evacuation Pause)
[2022-04-22T06:49:01.325+0000][10][gc,task     ] GC(209) Using 5 workers of 5 for evacuation
[2022-04-22T06:49:01.325+0000][10][gc,age      ] GC(209) Desired survivor size 18874368 bytes, new threshold 15 (max threshold 15)
[2022-04-22T06:49:01.328+0000][10][gc,age      ] GC(209) Age table with threshold 15 (max threshold 15)
[2022-04-22T06:49:01.329+0000][10][gc,age      ] GC(209) - age   1:    5398784 bytes,    5398784 total
[2022-04-22T06:49:01.330+0000][10][gc,age      ] GC(209) - age   2:      58744 bytes,    5457528 total
[2022-04-22T06:49:01.331+0000][10][gc,phases   ] GC(209)   Pre Evacuate Collection Set: 0.2ms
[2022-04-22T06:49:01.331+0000][10][gc,phases   ] GC(209)   Merge Heap Roots: 0.1ms
[2022-04-22T06:49:01.332+0000][10][gc,phases   ] GC(209)   Evacuate Collection Set: 1.1ms
[2022-04-22T06:49:01.333+0000][10][gc,phases   ] GC(209)   Post Evacuate Collection Set: 0.6ms
[2022-04-22T06:49:01.334+0000][10][gc,phases   ] GC(209)   Other: 4.7ms
[2022-04-22T06:49:01.334+0000][10][gc,heap     ] GC(209) Eden regions: 69->0(67)
[2022-04-22T06:49:01.335+0000][10][gc,heap     ] GC(209) Survivor regions: 1->2(9)
[2022-04-22T06:49:01.336+0000][10][gc,heap     ] GC(209) Old regions: 27->27
[2022-04-22T06:49:01.337+0000][10][gc,heap     ] GC(209) Archive regions: 2->2
[2022-04-22T06:49:01.337+0000][10][gc,heap     ] GC(209) Humongous regions: 6->6
[2022-04-22T06:49:01.338+0000][10][gc,metaspace] GC(209) Metaspace: 107269K(108864K)->107269K(108864K) NonClass: 92824K(93760K)->92824K(93760K) Class: 14445K(15104K)->14445K(15104K)
[2022-04-22T06:49:01.339+0000][10][gc          ] GC(209) Pause Young (Normal) (G1 Evacuation Pause) 411M->141M(512M) 14.781ms
[2022-04-22T06:49:01.339+0000][10][gc,cpu      ] GC(209) User=0.00s Sys=0.01s Real=0.02s
[2022-04-22T06:49:01.340+0000][10][safepoint   ] Safepoint "G1CollectForAllocation", Time since last: 2542800709 ns, Reaching safepoint: 89167 ns, At safepoint: 16096250 ns, Total: 16185417 ns
[2022-04-22T06:49:03.414+0000][10][gc,start    ] GC(210) Pause Young (Normal) (G1 Evacuation Pause)
[2022-04-22T06:49:03.415+0000][10][gc,task     ] GC(210) Using 5 workers of 5 for evacuation
[2022-04-22T06:49:03.416+0000][10][gc,age      ] GC(210) Desired survivor size 18874368 bytes, new threshold 15 (max threshold 15)
[2022-04-22T06:49:03.419+0000][10][gc,age      ] GC(210) Age table with threshold 15 (max threshold 15)
[2022-04-22T06:49:03.420+0000][10][gc,age      ] GC(210) - age   1:    1463600 bytes,    1463600 total
[2022-04-22T06:49:03.421+0000][10][gc,age      ] GC(210) - age   2:    5133704 bytes,    6597304 total
[2022-04-22T06:49:03.421+0000][10][gc,age      ] GC(210) - age   3:      58744 bytes,    6656048 total
[2022-04-22T06:49:03.422+0000][10][gc,phases   ] GC(210)   Pre Evacuate Collection Set: 0.1ms
[2022-04-22T06:49:03.423+0000][10][gc,phases   ] GC(210)   Merge Heap Roots: 0.1ms
[2022-04-22T06:49:03.423+0000][10][gc,phases   ] GC(210)   Evacuate Collection Set: 1.3ms
[2022-04-22T06:49:03.424+0000][10][gc,phases   ] GC(210)   Post Evacuate Collection Set: 0.6ms
[2022-04-22T06:49:03.425+0000][10][gc,phases   ] GC(210)   Other: 5.5ms
[2022-04-22T06:49:03.426+0000][10][gc,heap     ] GC(210) Eden regions: 67->0(67)
[2022-04-22T06:49:03.427+0000][10][gc,heap     ] GC(210) Survivor regions: 2->2(9)
[2022-04-22T06:49:03.429+0000][10][gc,heap     ] GC(210) Old regions: 27->27
[2022-04-22T06:49:03.430+0000][10][gc,heap     ] GC(210) Archive regions: 2->2
[2022-04-22T06:49:03.431+0000][10][gc,heap     ] GC(210) Humongous regions: 6->6
[2022-04-22T06:49:03.431+0000][10][gc,metaspace] GC(210) Metaspace: 107269K(108864K)->107269K(108864K) NonClass: 92824K(93760K)->92824K(93760K) Class: 14445K(15104K)->14445K(15104K)
[2022-04-22T06:49:03.432+0000][10][gc          ] GC(210) Pause Young (Normal) (G1 Evacuation Pause) 409M->142M(512M) 17.428ms
[2022-04-22T06:49:03.432+0000][10][gc,cpu      ] GC(210) User=0.01s Sys=0.00s Real=0.02s
[2022-04-22T06:49:03.433+0000][10][safepoint   ] Safepoint "G1CollectForAllocation", Time since last: 2074370209 ns, Reaching safepoint: 64125 ns, At safepoint: 18650542 ns, Total: 18714667 ns
[2022-04-22T06:49:04.406+0000][10][gc,start    ] GC(211) Pause Young (Concurrent Start) (G1 Evacuation Pause)
[2022-04-22T06:49:04.407+0000][10][gc,task     ] GC(211) Using 5 workers of 5 for evacuation
[2022-04-22T06:49:04.408+0000][10][gc,age      ] GC(211) Desired survivor size 18874368 bytes, new threshold 15 (max threshold 15)
[2022-04-22T06:49:04.411+0000][10][gc,age      ] GC(211) Age table with threshold 15 (max threshold 15)
[2022-04-22T06:49:04.412+0000][10][gc,age      ] GC(211) - age   1:    3870440 bytes,    3870440 total
[2022-04-22T06:49:04.413+0000][10][gc,age      ] GC(211) - age   2:    1074456 bytes,    4944896 total
[2022-04-22T06:49:04.414+0000][10][gc,age      ] GC(211) - age   3:    3048104 bytes,    7993000 total
[2022-04-22T06:49:04.415+0000][10][gc,age      ] GC(211) - age   4:      58744 bytes,    8051744 total
[2022-04-22T06:49:04.415+0000][10][gc,phases   ] GC(211)   Pre Evacuate Collection Set: 0.5ms
[2022-04-22T06:49:04.416+0000][10][gc,phases   ] GC(211)   Merge Heap Roots: 0.1ms
[2022-04-22T06:49:04.417+0000][10][gc,phases   ] GC(211)   Evacuate Collection Set: 1.4ms
[2022-04-22T06:49:04.418+0000][10][gc,phases   ] GC(211)   Post Evacuate Collection Set: 0.8ms
[2022-04-22T06:49:04.419+0000][10][gc,phases   ] GC(211)   Other: 6.8ms
[2022-04-22T06:49:04.420+0000][10][gc,heap     ] GC(211) Eden regions: 67->0(67)
[2022-04-22T06:49:04.421+0000][10][gc,heap     ] GC(211) Survivor regions: 2->2(9)
[2022-04-22T06:49:04.421+0000][10][gc,heap     ] GC(211) Old regions: 27->27
[2022-04-22T06:49:04.422+0000][10][gc,heap     ] GC(211) Archive regions: 2->2
[2022-04-22T06:49:04.423+0000][10][gc,heap     ] GC(211) Humongous regions: 6->6
[2022-04-22T06:49:04.424+0000][10][gc,metaspace] GC(211) Metaspace: 107269K(108864K)->107269K(108864K) NonClass: 92824K(93760K)->92824K(93760K) Class: 14445K(15104K)->14445K(15104K)
[2022-04-22T06:49:04.425+0000][10][gc          ] GC(211) Pause Young (Concurrent Start) (G1 Evacuation Pause) 410M->143M(512M) 18.896ms
[2022-04-22T06:49:04.425+0000][10][gc,cpu      ] GC(211) User=0.00s Sys=0.00s Real=0.02s
[2022-04-22T06:49:04.426+0000][10][safepoint   ] Safepoint "G1CollectForAllocation", Time since last: 972718000 ns, Reaching safepoint: 58959 ns, At safepoint: 20325583 ns, Total: 20384542 ns
[2022-04-22T06:49:04.426+0000][10][gc          ] GC(212) Concurrent Mark Cycle
[2022-04-22T06:49:04.427+0000][10][gc,marking  ] GC(212) Concurrent Clear Claimed Marks
[2022-04-22T06:49:04.428+0000][10][gc,marking  ] GC(212) Concurrent Clear Claimed Marks 0.821ms
[2022-04-22T06:49:04.429+0000][10][gc,marking  ] GC(212) Concurrent Scan Root Regions
[2022-04-22T06:49:04.431+0000][10][gc,marking  ] GC(212) Concurrent Scan Root Regions 1.770ms
[2022-04-22T06:49:04.431+0000][10][gc,marking  ] GC(212) Concurrent Mark
[2022-04-22T06:49:04.432+0000][10][gc,marking  ] GC(212) Concurrent Mark From Roots
[2022-04-22T06:49:04.434+0000][10][gc,task     ] GC(212) Using 1 workers of 1 for marking
[2022-04-22T06:49:04.499+0000][10][gc,marking  ] GC(212) Concurrent Mark From Roots 66.420ms
[2022-04-22T06:49:04.500+0000][10][gc,marking  ] GC(212) Concurrent Preclean
[2022-04-22T06:49:04.501+0000][10][gc,marking  ] GC(212) Concurrent Preclean 1.604ms
[2022-04-22T06:49:04.504+0000][10][gc,start    ] GC(212) Pause Remark
[2022-04-22T06:49:04.513+0000][10][gc          ] GC(212) Pause Remark 150M->150M(512M) 9.516ms
[2022-04-22T06:49:04.514+0000][10][gc,cpu      ] GC(212) User=0.03s Sys=0.00s Real=0.01s
[2022-04-22T06:49:04.515+0000][10][safepoint   ] Safepoint "G1Concurrent", Time since last: 77353333 ns, Reaching safepoint: 80167 ns, At safepoint: 11527333 ns, Total: 11607500 ns
[2022-04-22T06:49:04.516+0000][10][gc,marking  ] GC(212) Concurrent Mark 84.664ms
[2022-04-22T06:49:04.517+0000][10][gc,marking  ] GC(212) Concurrent Rebuild Remembered Sets
[2022-04-22T06:49:04.558+0000][10][gc,marking  ] GC(212) Concurrent Rebuild Remembered Sets 41.720ms
[2022-04-22T06:49:04.560+0000][10][gc,start    ] GC(212) Pause Cleanup
[2022-04-22T06:49:04.561+0000][10][gc          ] GC(212) Pause Cleanup 155M->155M(512M) 0.732ms
[2022-04-22T06:49:04.562+0000][10][gc,cpu      ] GC(212) User=0.00s Sys=0.00s Real=0.00s
[2022-04-22T06:49:04.562+0000][10][safepoint   ] Safepoint "G1Concurrent", Time since last: 44686042 ns, Reaching safepoint: 263333 ns, At safepoint: 2214750 ns, Total: 2478083 ns
[2022-04-22T06:49:04.563+0000][10][gc,marking  ] GC(212) Concurrent Cleanup for Next Mark
[2022-04-22T06:49:04.564+0000][10][gc,marking  ] GC(212) Concurrent Cleanup for Next Mark 1.283ms
[2022-04-22T06:49:04.565+0000][10][gc          ] GC(212) Concurrent Mark Cycle 138.798ms
[2022-04-22T06:49:06.593+0000][10][gc,start    ] GC(213) Pause Young (Prepare Mixed) (G1 Evacuation Pause)
[2022-04-22T06:49:06.594+0000][10][gc,task     ] GC(213) Using 5 workers of 5 for evacuation
[2022-04-22T06:49:06.595+0000][10][gc,age      ] GC(213) Desired survivor size 18874368 bytes, new threshold 15 (max threshold 15)
[2022-04-22T06:49:06.598+0000][10][gc,age      ] GC(213) Age table with threshold 15 (max threshold 15)
[2022-04-22T06:49:06.599+0000][10][gc,age      ] GC(213) - age   1:    1314048 bytes,    1314048 total
[2022-04-22T06:49:06.600+0000][10][gc,age      ] GC(213) - age   2:    3841128 bytes,    5155176 total
[2022-04-22T06:49:06.601+0000][10][gc,age      ] GC(213) - age   3:    1068864 bytes,    6224040 total
[2022-04-22T06:49:06.601+0000][10][gc,age      ] GC(213) - age   4:    3044544 bytes,    9268584 total
[2022-04-22T06:49:06.602+0000][10][gc,age      ] GC(213) - age   5:      57816 bytes,    9326400 total
[2022-04-22T06:49:06.602+0000][10][gc,phases   ] GC(213)   Pre Evacuate Collection Set: 0.1ms
[2022-04-22T06:49:06.603+0000][10][gc,phases   ] GC(213)   Merge Heap Roots: 0.1ms
[2022-04-22T06:49:06.604+0000][10][gc,phases   ] GC(213)   Evacuate Collection Set: 1.6ms
[2022-04-22T06:49:06.604+0000][10][gc,phases   ] GC(213)   Post Evacuate Collection Set: 0.7ms
[2022-04-22T06:49:06.605+0000][10][gc,phases   ] GC(213)   Other: 6.6ms
[2022-04-22T06:49:06.605+0000][10][gc,heap     ] GC(213) Eden regions: 67->0(3)
[2022-04-22T06:49:06.606+0000][10][gc,heap     ] GC(213) Survivor regions: 2->3(9)
[2022-04-22T06:49:06.607+0000][10][gc,heap     ] GC(213) Old regions: 27->27
[2022-04-22T06:49:06.607+0000][10][gc,heap     ] GC(213) Archive regions: 2->2
[2022-04-22T06:49:06.608+0000][10][gc,heap     ] GC(213) Humongous regions: 6->6
[2022-04-22T06:49:06.608+0000][10][gc,metaspace] GC(213) Metaspace: 107269K(108864K)->107269K(108864K) NonClass: 92824K(93760K)->92824K(93760K) Class: 14445K(15104K)->14445K(15104K)
[2022-04-22T06:49:06.609+0000][10][gc          ] GC(213) Pause Young (Prepare Mixed) (G1 Evacuation Pause) 411M->144M(512M) 15.411ms
[2022-04-22T06:49:06.609+0000][10][gc,cpu      ] GC(213) User=0.01s Sys=0.00s Real=0.02s
[2022-04-22T06:49:06.610+0000][10][safepoint   ] Safepoint "G1CollectForAllocation", Time since last: 2031012126 ns, Reaching safepoint: 141042 ns, At safepoint: 16750417 ns, Total: 16891459 ns
[2022-04-22T06:49:06.628+0000][10][gc,start    ] GC(214) Pause Young (Mixed) (G1 Evacuation Pause)
[2022-04-22T06:49:06.629+0000][10][gc,task     ] GC(214) Using 5 workers of 5 for evacuation
[2022-04-22T06:49:06.630+0000][10][gc,age      ] GC(214) Desired survivor size 2097152 bytes, new threshold 2 (max threshold 15)
[2022-04-22T06:49:06.634+0000][10][gc,age      ] GC(214) Age table with threshold 2 (max threshold 15)
[2022-04-22T06:49:06.635+0000][10][gc,age      ] GC(214) - age   1:     110416 bytes,     110416 total
[2022-04-22T06:49:06.636+0000][10][gc,age      ] GC(214) - age   2:    1225296 bytes,    1335712 total
[2022-04-22T06:49:06.636+0000][10][gc,phases   ] GC(214)   Pre Evacuate Collection Set: 0.1ms
[2022-04-22T06:49:06.638+0000][10][gc,phases   ] GC(214)   Merge Heap Roots: 0.0ms
[2022-04-22T06:49:06.639+0000][10][gc,phases   ] GC(214)   Evacuate Collection Set: 1.8ms
[2022-04-22T06:49:06.640+0000][10][gc,phases   ] GC(214)   Post Evacuate Collection Set: 0.5ms
[2022-04-22T06:49:06.641+0000][10][gc,phases   ] GC(214)   Other: 5.6ms
[2022-04-22T06:49:06.642+0000][10][gc,heap     ] GC(214) Eden regions: 3->0(67)
[2022-04-22T06:49:06.643+0000][10][gc,heap     ] GC(214) Survivor regions: 3->1(1)
[2022-04-22T06:49:06.643+0000][10][gc,heap     ] GC(214) Old regions: 27->29
[2022-04-22T06:49:06.644+0000][10][gc,heap     ] GC(214) Archive regions: 2->2
[2022-04-22T06:49:06.645+0000][10][gc,heap     ] GC(214) Humongous regions: 6->6
[2022-04-22T06:49:06.646+0000][10][gc,metaspace] GC(214) Metaspace: 107269K(108864K)->107269K(108864K) NonClass: 92824K(93760K)->92824K(93760K) Class: 14445K(15104K)->14445K(15104K)
[2022-04-22T06:49:06.646+0000][10][gc          ] GC(214) Pause Young (Mixed) (G1 Evacuation Pause) 156M->141M(512M) 17.811ms
[2022-04-22T06:49:06.647+0000][10][gc,cpu      ] GC(214) User=0.01s Sys=0.00s Real=0.02s
[2022-04-22T06:49:06.647+0000][10][safepoint   ] Safepoint "G1CollectForAllocation", Time since last: 18103291 ns, Reaching safepoint: 110750 ns, At safepoint: 19087459 ns, Total: 19198209 ns
[2022-04-22T06:49:08.681+0000][10][gc,start    ] GC(215) Pause Young (Normal) (G1 Evacuation Pause)
[2022-04-22T06:49:08.682+0000][10][gc,task     ] GC(215) Using 5 workers of 5 for evacuation
[2022-04-22T06:49:08.683+0000][10][gc,age      ] GC(215) Desired survivor size 18874368 bytes, new threshold 15 (max threshold 15)
[2022-04-22T06:49:08.686+0000][10][gc,age      ] GC(215) Age table with threshold 15 (max threshold 15)
[2022-04-22T06:49:08.687+0000][10][gc,age      ] GC(215) - age   1:    4537144 bytes,    4537144 total
[2022-04-22T06:49:08.688+0000][10][gc,age      ] GC(215) - age   2:      66120 bytes,    4603264 total
[2022-04-22T06:49:08.689+0000][10][gc,age      ] GC(215) - age   3:    1217520 bytes,    5820784 total
[2022-04-22T06:49:08.690+0000][10][gc,phases   ] GC(215)   Pre Evacuate Collection Set: 0.1ms
[2022-04-22T06:49:08.691+0000][10][gc,phases   ] GC(215)   Merge Heap Roots: 0.1ms
[2022-04-22T06:49:08.691+0000][10][gc,phases   ] GC(215)   Evacuate Collection Set: 1.4ms
[2022-04-22T06:49:08.692+0000][10][gc,phases   ] GC(215)   Post Evacuate Collection Set: 0.4ms
[2022-04-22T06:49:08.693+0000][10][gc,phases   ] GC(215)   Other: 6.8ms
[2022-04-22T06:49:08.694+0000][10][gc,heap     ] GC(215) Eden regions: 67->0(65)
[2022-04-22T06:49:08.694+0000][10][gc,heap     ] GC(215) Survivor regions: 1->2(9)
[2022-04-22T06:49:08.695+0000][10][gc,heap     ] GC(215) Old regions: 29->29
[2022-04-22T06:49:08.696+0000][10][gc,heap     ] GC(215) Archive regions: 2->2
[2022-04-22T06:49:08.696+0000][10][gc,heap     ] GC(215) Humongous regions: 6->6
[2022-04-22T06:49:08.697+0000][10][gc,metaspace] GC(215) Metaspace: 107269K(108864K)->107269K(108864K) NonClass: 92824K(93760K)->92824K(93760K) Class: 14445K(15104K)->14445K(15104K)
[2022-04-22T06:49:08.698+0000][10][gc          ] GC(215) Pause Young (Normal) (G1 Evacuation Pause) 409M->145M(512M) 16.718ms
[2022-04-22T06:49:08.698+0000][10][gc,cpu      ] GC(215) User=0.00s Sys=0.00s Real=0.02s
[2022-04-22T06:49:08.699+0000][10][safepoint   ] Safepoint "G1CollectForAllocation", Time since last: 2033744001 ns, Reaching safepoint: 37708 ns, At safepoint: 17704250 ns, Total: 17741958 ns
[2022-04-22T06:49:10.969+0000][10][gc,start    ] GC(216) Pause Young (Normal) (G1 Evacuation Pause)
[2022-04-22T06:49:10.971+0000][10][gc,task     ] GC(216) Using 5 workers of 5 for evacuation
[2022-04-22T06:49:10.973+0000][10][gc,age      ] GC(216) Desired survivor size 18874368 bytes, new threshold 15 (max threshold 15)
[2022-04-22T06:49:10.976+0000][10][gc,age      ] GC(216) Age table with threshold 15 (max threshold 15)
[2022-04-22T06:49:10.977+0000][10][gc,age      ] GC(216) - age   1:    1231824 bytes,    1231824 total
[2022-04-22T06:49:10.978+0000][10][gc,age      ] GC(216) - age   2:    4494128 bytes,    5725952 total
[2022-04-22T06:49:10.998+0000][10][gc,age      ] GC(216) - age   3:      66088 bytes,    5792040 total
[2022-04-22T06:49:10.999+0000][10][gc,age      ] GC(216) - age   4:    1215320 bytes,    7007360 total
[2022-04-22T06:49:11.001+0000][10][gc,phases   ] GC(216)   Pre Evacuate Collection Set: 0.1ms
[2022-04-22T06:49:11.003+0000][10][gc,phases   ] GC(216)   Merge Heap Roots: 0.1ms
[2022-04-22T06:49:11.004+0000][10][gc,phases   ] GC(216)   Evacuate Collection Set: 1.2ms
[2022-04-22T06:49:11.005+0000][10][gc,phases   ] GC(216)   Post Evacuate Collection Set: 0.7ms
[2022-04-22T06:49:11.007+0000][10][gc,phases   ] GC(216)   Other: 29.9ms
[2022-04-22T06:49:11.008+0000][10][gc,heap     ] GC(216) Eden regions: 65->0(66)
[2022-04-22T06:49:11.009+0000][10][gc,heap     ] GC(216) Survivor regions: 2->2(9)
[2022-04-22T06:49:11.010+0000][10][gc,heap     ] GC(216) Old regions: 29->29
[2022-04-22T06:49:11.011+0000][10][gc,heap     ] GC(216) Archive regions: 2->2
[2022-04-22T06:49:11.012+0000][10][gc,heap     ] GC(216) Humongous regions: 6->6
[2022-04-22T06:49:11.013+0000][10][gc,metaspace] GC(216) Metaspace: 107269K(108864K)->107269K(108864K) NonClass: 92824K(93760K)->92824K(93760K) Class: 14445K(15104K)->14445K(15104K)
[2022-04-22T06:49:11.014+0000][10][gc          ] GC(216) Pause Young (Normal) (G1 Evacuation Pause) 405M->146M(512M) 44.969ms
[2022-04-22T06:49:11.015+0000][10][gc,cpu      ] GC(216) User=0.01s Sys=0.00s Real=0.04s
[2022-04-22T06:49:11.017+0000][10][safepoint   ] Safepoint "G1CollectForAllocation", Time since last: 2270172918 ns, Reaching safepoint: 153250 ns, At safepoint: 47389958 ns, Total: 47543208 ns
[2022-04-22T06:49:13.943+0000][10][gc,start    ] GC(217) Pause Young (Concurrent Start) (G1 Evacuation Pause)
[2022-04-22T06:49:13.944+0000][10][gc,task     ] GC(217) Using 5 workers of 5 for evacuation
[2022-04-22T06:49:13.945+0000][10][gc,age      ] GC(217) Desired survivor size 18874368 bytes, new threshold 15 (max threshold 15)
[2022-04-22T06:49:13.949+0000][10][gc,age      ] GC(217) Age table with threshold 15 (max threshold 15)
[2022-04-22T06:49:13.950+0000][10][gc,age      ] GC(217) - age   1:    1120568 bytes,    1120568 total
[2022-04-22T06:49:13.951+0000][10][gc,age      ] GC(217) - age   2:    1214536 bytes,    2335104 total
[2022-04-22T06:49:13.952+0000][10][gc,age      ] GC(217) - age   3:    4337136 bytes,    6672240 total
[2022-04-22T06:49:13.953+0000][10][gc,age      ] GC(217) - age   4:      66088 bytes,    6738328 total
[2022-04-22T06:49:13.953+0000][10][gc,age      ] GC(217) - age   5:    1212296 bytes,    7950624 total
[2022-04-22T06:49:13.954+0000][10][gc,phases   ] GC(217)   Pre Evacuate Collection Set: 0.3ms
[2022-04-22T06:49:13.956+0000][10][gc,phases   ] GC(217)   Merge Heap Roots: 0.2ms
[2022-04-22T06:49:13.957+0000][10][gc,phases   ] GC(217)   Evacuate Collection Set: 2.2ms
[2022-04-22T06:49:13.958+0000][10][gc,phases   ] GC(217)   Post Evacuate Collection Set: 0.6ms
[2022-04-22T06:49:13.958+0000][10][gc,phases   ] GC(217)   Other: 8.1ms
[2022-04-22T06:49:13.959+0000][10][gc,heap     ] GC(217) Eden regions: 66->0(66)
[2022-04-22T06:49:13.960+0000][10][gc,heap     ] GC(217) Survivor regions: 2->2(9)
[2022-04-22T06:49:13.961+0000][10][gc,heap     ] GC(217) Old regions: 29->29
[2022-04-22T06:49:13.962+0000][10][gc,heap     ] GC(217) Archive regions: 2->2
[2022-04-22T06:49:13.962+0000][10][gc,heap     ] GC(217) Humongous regions: 6->6
[2022-04-22T06:49:13.963+0000][10][gc,metaspace] GC(217) Metaspace: 107269K(108864K)->107269K(108864K) NonClass: 92824K(93760K)->92824K(93760K) Class: 14445K(15104K)->14445K(15104K)
[2022-04-22T06:49:13.964+0000][10][gc          ] GC(217) Pause Young (Concurrent Start) (G1 Evacuation Pause) 410M->147M(512M) 21.498ms
[2022-04-22T06:49:13.966+0000][10][gc,cpu      ] GC(217) User=0.01s Sys=0.00s Real=0.02s
[2022-04-22T06:49:13.968+0000][10][safepoint   ] Safepoint "G1CollectForAllocation", Time since last: 2926110835 ns, Reaching safepoint: 42083 ns, At safepoint: 24944208 ns, Total: 24986291 ns
[2022-04-22T06:49:13.968+0000][10][gc          ] GC(218) Concurrent Mark Cycle
[2022-04-22T06:49:13.969+0000][10][gc,marking  ] GC(218) Concurrent Clear Claimed Marks
[2022-04-22T06:49:13.971+0000][10][gc,marking  ] GC(218) Concurrent Clear Claimed Marks 1.622ms
[2022-04-22T06:49:13.972+0000][10][gc,marking  ] GC(218) Concurrent Scan Root Regions
[2022-04-22T06:49:13.975+0000][10][gc,marking  ] GC(218) Concurrent Scan Root Regions 3.234ms
[2022-04-22T06:49:13.976+0000][10][gc,marking  ] GC(218) Concurrent Mark
[2022-04-22T06:49:13.977+0000][10][gc,marking  ] GC(218) Concurrent Mark From Roots
[2022-04-22T06:49:13.977+0000][10][gc,task     ] GC(218) Using 1 workers of 1 for marking
[2022-04-22T06:49:14.045+0000][10][gc,marking  ] GC(218) Concurrent Mark From Roots 68.014ms
[2022-04-22T06:49:14.056+0000][10][gc,marking  ] GC(218) Concurrent Preclean
[2022-04-22T06:49:14.057+0000][10][gc,marking  ] GC(218) Concurrent Preclean 1.380ms
[2022-04-22T06:49:14.058+0000][10][gc,start    ] GC(218) Pause Remark
[2022-04-22T06:49:14.068+0000][10][gc          ] GC(218) Pause Remark 156M->156M(512M) 9.563ms
[2022-04-22T06:49:14.069+0000][10][gc,cpu      ] GC(218) User=0.02s Sys=0.00s Real=0.01s
[2022-04-22T06:49:14.070+0000][10][safepoint   ] Safepoint "G1Concurrent", Time since last: 90249792 ns, Reaching safepoint: 119292 ns, At safepoint: 11966417 ns, Total: 12085709 ns
[2022-04-22T06:49:14.071+0000][10][gc,marking  ] GC(218) Concurrent Mark 95.639ms
[2022-04-22T06:49:14.072+0000][10][gc,marking  ] GC(218) Concurrent Rebuild Remembered Sets
[2022-04-22T06:49:14.115+0000][10][gc,marking  ] GC(218) Concurrent Rebuild Remembered Sets 42.424ms
[2022-04-22T06:49:14.117+0000][10][gc,start    ] GC(218) Pause Cleanup
[2022-04-22T06:49:14.117+0000][10][gc          ] GC(218) Pause Cleanup 161M->161M(512M) 0.647ms
[2022-04-22T06:49:14.118+0000][10][gc,cpu      ] GC(218) User=0.00s Sys=0.00s Real=0.00s
[2022-04-22T06:49:14.119+0000][10][safepoint   ] Safepoint "G1Concurrent", Time since last: 46615500 ns, Reaching safepoint: 35291 ns, At safepoint: 2065167 ns, Total: 2100458 ns
[2022-04-22T06:49:14.119+0000][10][gc,marking  ] GC(218) Concurrent Cleanup for Next Mark
[2022-04-22T06:49:14.122+0000][10][gc,marking  ] GC(218) Concurrent Cleanup for Next Mark 2.376ms
[2022-04-22T06:49:14.123+0000][10][gc          ] GC(218) Concurrent Mark Cycle 155.133ms
[2022-04-22T06:49:15.870+0000][10][gc,start    ] GC(219) Pause Young (Prepare Mixed) (G1 Evacuation Pause)
[2022-04-22T06:49:15.872+0000][10][gc,task     ] GC(219) Using 5 workers of 5 for evacuation
[2022-04-22T06:49:15.873+0000][10][gc,age      ] GC(219) Desired survivor size 18874368 bytes, new threshold 15 (max threshold 15)
[2022-04-22T06:49:15.876+0000][10][gc,age      ] GC(219) Age table with threshold 15 (max threshold 15)
[2022-04-22T06:49:15.877+0000][10][gc,age      ] GC(219) - age   1:    5261240 bytes,    5261240 total
[2022-04-22T06:49:15.878+0000][10][gc,age      ] GC(219) - age   2:    1087872 bytes,    6349112 total
[2022-04-22T06:49:15.879+0000][10][gc,age      ] GC(219) - age   3:    1208056 bytes,    7557168 total
[2022-04-22T06:49:15.879+0000][10][gc,age      ] GC(219) - age   4:    1126920 bytes,    8684088 total
[2022-04-22T06:49:15.880+0000][10][gc,age      ] GC(219) - age   5:      66088 bytes,    8750176 total
[2022-04-22T06:49:15.880+0000][10][gc,age      ] GC(219) - age   6:    1211568 bytes,    9961744 total
[2022-04-22T06:49:15.881+0000][10][gc,phases   ] GC(219)   Pre Evacuate Collection Set: 0.3ms
[2022-04-22T06:49:15.881+0000][10][gc,phases   ] GC(219)   Merge Heap Roots: 0.4ms
[2022-04-22T06:49:15.882+0000][10][gc,phases   ] GC(219)   Evacuate Collection Set: 1.5ms
[2022-04-22T06:49:15.883+0000][10][gc,phases   ] GC(219)   Post Evacuate Collection Set: 0.6ms
[2022-04-22T06:49:15.884+0000][10][gc,phases   ] GC(219)   Other: 7.6ms
[2022-04-22T06:49:15.885+0000][10][gc,heap     ] GC(219) Eden regions: 66->0(3)
[2022-04-22T06:49:15.886+0000][10][gc,heap     ] GC(219) Survivor regions: 2->3(9)
[2022-04-22T06:49:15.886+0000][10][gc,heap     ] GC(219) Old regions: 29->29
[2022-04-22T06:49:15.887+0000][10][gc,heap     ] GC(219) Archive regions: 2->2
[2022-04-22T06:49:15.887+0000][10][gc,heap     ] GC(219) Humongous regions: 6->6
[2022-04-22T06:49:15.888+0000][10][gc,metaspace] GC(219) Metaspace: 107269K(108864K)->107269K(108864K) NonClass: 92824K(93760K)->92824K(93760K) Class: 14445K(15104K)->14445K(15104K)
[2022-04-22T06:49:15.889+0000][10][gc          ] GC(219) Pause Young (Prepare Mixed) (G1 Evacuation Pause) 411M->149M(512M) 18.222ms
[2022-04-22T06:49:15.889+0000][10][gc,cpu      ] GC(219) User=0.01s Sys=0.00s Real=0.02s
[2022-04-22T06:49:15.890+0000][10][safepoint   ] Safepoint "G1CollectForAllocation", Time since last: 1751649001 ns, Reaching safepoint: 51083 ns, At safepoint: 19548625 ns, Total: 19599708 ns
[2022-04-22T06:49:15.899+0000][10][gc,start    ] GC(220) Pause Young (Mixed) (G1 Evacuation Pause)
[2022-04-22T06:49:15.900+0000][10][gc,task     ] GC(220) Using 5 workers of 5 for evacuation
[2022-04-22T06:49:15.900+0000][10][gc,age      ] GC(220) Desired survivor size 2097152 bytes, new threshold 1 (max threshold 15)
[2022-04-22T06:49:15.903+0000][10][gc,age      ] GC(220) Age table with threshold 1 (max threshold 15)
[2022-04-22T06:49:15.904+0000][10][gc,age      ] GC(220) - age   1:      34272 bytes,      34272 total
[2022-04-22T06:49:15.905+0000][10][gc,phases   ] GC(220)   Pre Evacuate Collection Set: 0.1ms
[2022-04-22T06:49:15.905+0000][10][gc,phases   ] GC(220)   Merge Heap Roots: 0.0ms
[2022-04-22T06:49:15.906+0000][10][gc,phases   ] GC(220)   Evacuate Collection Set: 1.5ms
[2022-04-22T06:49:15.906+0000][10][gc,phases   ] GC(220)   Post Evacuate Collection Set: 0.4ms
[2022-04-22T06:49:15.908+0000][10][gc,phases   ] GC(220)   Other: 4.0ms
[2022-04-22T06:49:15.908+0000][10][gc,heap     ] GC(220) Eden regions: 3->0(65)
[2022-04-22T06:49:15.909+0000][10][gc,heap     ] GC(220) Survivor regions: 3->1(1)
[2022-04-22T06:49:15.910+0000][10][gc,heap     ] GC(220) Old regions: 29->30
[2022-04-22T06:49:15.910+0000][10][gc,heap     ] GC(220) Archive regions: 2->2
[2022-04-22T06:49:15.911+0000][10][gc,heap     ] GC(220) Humongous regions: 6->6
[2022-04-22T06:49:15.911+0000][10][gc,metaspace] GC(220) Metaspace: 107269K(108864K)->107269K(108864K) NonClass: 92824K(93760K)->92824K(93760K) Class: 14445K(15104K)->14445K(15104K)
[2022-04-22T06:49:15.912+0000][10][gc          ] GC(220) Pause Young (Mixed) (G1 Evacuation Pause) 161M->146M(512M) 13.090ms
[2022-04-22T06:49:15.912+0000][10][gc,cpu      ] GC(220) User=0.00s Sys=0.01s Real=0.01s
[2022-04-22T06:49:15.913+0000][10][safepoint   ] Safepoint "G1CollectForAllocation", Time since last: 8651750 ns, Reaching safepoint: 110833 ns, At safepoint: 14254000 ns, Total: 14364833 ns
[2022-04-22T06:49:17.739+0000][10][gc,start    ] GC(221) Pause Young (Normal) (G1 Evacuation Pause)
[2022-04-22T06:49:17.740+0000][10][gc,task     ] GC(221) Using 5 workers of 5 for evacuation
[2022-04-22T06:49:17.741+0000][10][gc,age      ] GC(221) Desired survivor size 18874368 bytes, new threshold 15 (max threshold 15)
[2022-04-22T06:49:17.744+0000][10][gc,age      ] GC(221) Age table with threshold 15 (max threshold 15)
[2022-04-22T06:49:17.744+0000][10][gc,age      ] GC(221) - age   1:    1113008 bytes,    1113008 total
[2022-04-22T06:49:17.745+0000][10][gc,age      ] GC(221) - age   2:      32784 bytes,    1145792 total
[2022-04-22T06:49:17.745+0000][10][gc,phases   ] GC(221)   Pre Evacuate Collection Set: 0.1ms
[2022-04-22T06:49:17.746+0000][10][gc,phases   ] GC(221)   Merge Heap Roots: 0.0ms
[2022-04-22T06:49:17.746+0000][10][gc,phases   ] GC(221)   Evacuate Collection Set: 1.0ms
[2022-04-22T06:49:17.747+0000][10][gc,phases   ] GC(221)   Post Evacuate Collection Set: 0.8ms
[2022-04-22T06:49:17.748+0000][10][gc,phases   ] GC(221)   Other: 4.6ms
[2022-04-22T06:49:17.749+0000][10][gc,heap     ] GC(221) Eden regions: 65->0(66)
[2022-04-22T06:49:17.750+0000][10][gc,heap     ] GC(221) Survivor regions: 1->1(9)
[2022-04-22T06:49:17.750+0000][10][gc,heap     ] GC(221) Old regions: 30->30
[2022-04-22T06:49:17.751+0000][10][gc,heap     ] GC(221) Archive regions: 2->2
[2022-04-22T06:49:17.752+0000][10][gc,heap     ] GC(221) Humongous regions: 6->6
[2022-04-22T06:49:17.752+0000][10][gc,metaspace] GC(221) Metaspace: 107269K(108864K)->107269K(108864K) NonClass: 92824K(93760K)->92824K(93760K) Class: 14445K(15104K)->14445K(15104K)
[2022-04-22T06:49:17.753+0000][10][gc          ] GC(221) Pause Young (Normal) (G1 Evacuation Pause) 406M->147M(512M) 13.768ms
[2022-04-22T06:49:17.753+0000][10][gc,cpu      ] GC(221) User=0.00s Sys=0.00s Real=0.01s
[2022-04-22T06:49:17.754+0000][10][safepoint   ] Safepoint "G1CollectForAllocation", Time since last: 1825773210 ns, Reaching safepoint: 56000 ns, At safepoint: 15021916 ns, Total: 15077916 ns
[2022-04-22T06:49:20.314+0000][10][gc,start    ] GC(222) Pause Young (Normal) (G1 Evacuation Pause)
[2022-04-22T06:49:20.315+0000][10][gc,task     ] GC(222) Using 5 workers of 5 for evacuation
[2022-04-22T06:49:20.316+0000][10][gc,age      ] GC(222) Desired survivor size 18874368 bytes, new threshold 15 (max threshold 15)
[2022-04-22T06:49:20.319+0000][10][gc,age      ] GC(222) Age table with threshold 15 (max threshold 15)
[2022-04-22T06:49:20.320+0000][10][gc,age      ] GC(222) - age   1:    1183832 bytes,    1183832 total
[2022-04-22T06:49:20.321+0000][10][gc,age      ] GC(222) - age   2:    1079976 bytes,    2263808 total
[2022-04-22T06:49:20.321+0000][10][gc,age      ] GC(222) - age   3:      32784 bytes,    2296592 total
[2022-04-22T06:49:20.324+0000][10][gc,phases   ] GC(222)   Pre Evacuate Collection Set: 0.1ms
[2022-04-22T06:49:20.329+0000][10][gc,phases   ] GC(222)   Merge Heap Roots: 0.0ms
[2022-04-22T06:49:20.337+0000][10][gc,phases   ] GC(222)   Evacuate Collection Set: 1.8ms
[2022-04-22T06:49:20.339+0000][10][gc,phases   ] GC(222)   Post Evacuate Collection Set: 0.6ms
[2022-04-22T06:49:20.340+0000][10][gc,phases   ] GC(222)   Other: 8.4ms
[2022-04-22T06:49:20.343+0000][10][gc,heap     ] GC(222) Eden regions: 66->0(66)
[2022-04-22T06:49:20.345+0000][10][gc,heap     ] GC(222) Survivor regions: 1->1(9)
[2022-04-22T06:49:20.346+0000][10][gc,heap     ] GC(222) Old regions: 30->30
[2022-04-22T06:49:20.348+0000][10][gc,heap     ] GC(222) Archive regions: 2->2
[2022-04-22T06:49:20.349+0000][10][gc,heap     ] GC(222) Humongous regions: 6->6
[2022-04-22T06:49:20.350+0000][10][gc,metaspace] GC(222) Metaspace: 107269K(108864K)->107269K(108864K) NonClass: 92824K(93760K)->92824K(93760K) Class: 14445K(15104K)->14445K(15104K)
[2022-04-22T06:49:20.351+0000][10][gc          ] GC(222) Pause Young (Normal) (G1 Evacuation Pause) 411M->148M(512M) 37.922ms
[2022-04-22T06:49:20.353+0000][10][gc,cpu      ] GC(222) User=0.00s Sys=0.01s Real=0.04s
[2022-04-22T06:49:20.354+0000][10][safepoint   ] Safepoint "G1CollectForAllocation", Time since last: 2559456418 ns, Reaching safepoint: 212000 ns, At safepoint: 40436209 ns, Total: 40648209 ns
[2022-04-22T06:49:22.749+0000][10][gc,start    ] GC(223) Pause Young (Concurrent Start) (G1 Evacuation Pause)
[2022-04-22T06:49:22.750+0000][10][gc,task     ] GC(223) Using 5 workers of 5 for evacuation
[2022-04-22T06:49:22.751+0000][10][gc,age      ] GC(223) Desired survivor size 18874368 bytes, new threshold 15 (max threshold 15)
[2022-04-22T06:49:22.754+0000][10][gc,age      ] GC(223) Age table with threshold 15 (max threshold 15)
[2022-04-22T06:49:22.755+0000][10][gc,age      ] GC(223) - age   1:    4513944 bytes,    4513944 total
[2022-04-22T06:49:22.756+0000][10][gc,age      ] GC(223) - age   2:    1113368 bytes,    5627312 total
[2022-04-22T06:49:22.756+0000][10][gc,age      ] GC(223) - age   3:    1077792 bytes,    6705104 total
[2022-04-22T06:49:22.757+0000][10][gc,age      ] GC(223) - age   4:      32784 bytes,    6737888 total
[2022-04-22T06:49:22.758+0000][10][gc,phases   ] GC(223)   Pre Evacuate Collection Set: 0.2ms
[2022-04-22T06:49:22.759+0000][10][gc,phases   ] GC(223)   Merge Heap Roots: 0.2ms
[2022-04-22T06:49:22.760+0000][10][gc,phases   ] GC(223)   Evacuate Collection Set: 1.5ms
[2022-04-22T06:49:22.760+0000][10][gc,phases   ] GC(223)   Post Evacuate Collection Set: 0.7ms
[2022-04-22T06:49:22.762+0000][10][gc,phases   ] GC(223)   Other: 5.8ms
[2022-04-22T06:49:22.763+0000][10][gc,heap     ] GC(223) Eden regions: 66->0(65)
[2022-04-22T06:49:22.763+0000][10][gc,heap     ] GC(223) Survivor regions: 1->2(9)
[2022-04-22T06:49:22.764+0000][10][gc,heap     ] GC(223) Old regions: 30->30
[2022-04-22T06:49:22.765+0000][10][gc,heap     ] GC(223) Archive regions: 2->2
[2022-04-22T06:49:22.766+0000][10][gc,heap     ] GC(223) Humongous regions: 6->6
[2022-04-22T06:49:22.766+0000][10][gc,metaspace] GC(223) Metaspace: 107269K(108864K)->107269K(108864K) NonClass: 92824K(93760K)->92824K(93760K) Class: 14445K(15104K)->14445K(15104K)
[2022-04-22T06:49:22.767+0000][10][gc          ] GC(223) Pause Young (Concurrent Start) (G1 Evacuation Pause) 412M->153M(512M) 17.589ms
[2022-04-22T06:49:22.768+0000][10][gc,cpu      ] GC(223) User=0.00s Sys=0.00s Real=0.02s
[2022-04-22T06:49:22.769+0000][10][safepoint   ] Safepoint "G1CollectForAllocation", Time since last: 2395362709 ns, Reaching safepoint: 61458 ns, At safepoint: 19377250 ns, Total: 19438708 ns
[2022-04-22T06:49:22.769+0000][10][gc          ] GC(224) Concurrent Mark Cycle
[2022-04-22T06:49:22.770+0000][10][gc,marking  ] GC(224) Concurrent Clear Claimed Marks
[2022-04-22T06:49:22.771+0000][10][gc,marking  ] GC(224) Concurrent Clear Claimed Marks 1.264ms
[2022-04-22T06:49:22.772+0000][10][gc,marking  ] GC(224) Concurrent Scan Root Regions
[2022-04-22T06:49:22.775+0000][10][gc,marking  ] GC(224) Concurrent Scan Root Regions 2.446ms
[2022-04-22T06:49:22.775+0000][10][gc,marking  ] GC(224) Concurrent Mark
[2022-04-22T06:49:22.776+0000][10][gc,marking  ] GC(224) Concurrent Mark From Roots
[2022-04-22T06:49:22.777+0000][10][gc,task     ] GC(224) Using 1 workers of 1 for marking
[2022-04-22T06:49:22.849+0000][10][gc,marking  ] GC(224) Concurrent Mark From Roots 73.033ms
[2022-04-22T06:49:22.850+0000][10][gc,marking  ] GC(224) Concurrent Preclean
[2022-04-22T06:49:22.851+0000][10][gc,marking  ] GC(224) Concurrent Preclean 1.174ms
[2022-04-22T06:49:22.853+0000][10][gc,start    ] GC(224) Pause Remark
[2022-04-22T06:49:22.860+0000][10][gc          ] GC(224) Pause Remark 163M->163M(512M) 7.736ms
[2022-04-22T06:49:22.861+0000][10][gc,cpu      ] GC(224) User=0.02s Sys=0.00s Real=0.01s
[2022-04-22T06:49:22.862+0000][10][safepoint   ] Safepoint "G1Concurrent", Time since last: 83610209 ns, Reaching safepoint: 261458 ns, At safepoint: 9759917 ns, Total: 10021375 ns
[2022-04-22T06:49:22.863+0000][10][gc,marking  ] GC(224) Concurrent Mark 87.454ms
[2022-04-22T06:49:22.864+0000][10][gc,marking  ] GC(224) Concurrent Rebuild Remembered Sets
[2022-04-22T06:49:22.905+0000][10][gc,marking  ] GC(224) Concurrent Rebuild Remembered Sets 41.287ms
[2022-04-22T06:49:22.906+0000][10][gc,start    ] GC(224) Pause Cleanup
[2022-04-22T06:49:22.907+0000][10][gc          ] GC(224) Pause Cleanup 168M->168M(512M) 0.657ms
[2022-04-22T06:49:22.907+0000][10][gc,cpu      ] GC(224) User=0.00s Sys=0.00s Real=0.01s
[2022-04-22T06:49:22.908+0000][10][safepoint   ] Safepoint "G1Concurrent", Time since last: 43454291 ns, Reaching safepoint: 188917 ns, At safepoint: 2277167 ns, Total: 2466084 ns
[2022-04-22T06:49:22.909+0000][10][gc,marking  ] GC(224) Concurrent Cleanup for Next Mark
[2022-04-22T06:49:22.911+0000][10][gc,marking  ] GC(224) Concurrent Cleanup for Next Mark 1.298ms
[2022-04-22T06:49:22.912+0000][10][gc          ] GC(224) Concurrent Mark Cycle 143.138ms
[2022-04-22T06:49:24.021+0000][10][gc,start    ] GC(225) Pause Young (Prepare Mixed) (G1 Evacuation Pause)
[2022-04-22T06:49:24.022+0000][10][gc,task     ] GC(225) Using 5 workers of 5 for evacuation
[2022-04-22T06:49:24.023+0000][10][gc,age      ] GC(225) Desired survivor size 18874368 bytes, new threshold 15 (max threshold 15)
[2022-04-22T06:49:24.028+0000][10][gc,age      ] GC(225) Age table with threshold 15 (max threshold 15)
[2022-04-22T06:49:24.029+0000][10][gc,age      ] GC(225) - age   1:    1356240 bytes,    1356240 total
[2022-04-22T06:49:24.030+0000][10][gc,age      ] GC(225) - age   2:    4465464 bytes,    5821704 total
[2022-04-22T06:49:24.030+0000][10][gc,age      ] GC(225) - age   3:    1110128 bytes,    6931832 total
[2022-04-22T06:49:24.031+0000][10][gc,age      ] GC(225) - age   4:    1076224 bytes,    8008056 total
[2022-04-22T06:49:24.031+0000][10][gc,age      ] GC(225) - age   5:      32784 bytes,    8040840 total
[2022-04-22T06:49:24.032+0000][10][gc,phases   ] GC(225)   Pre Evacuate Collection Set: 0.1ms
[2022-04-22T06:49:24.032+0000][10][gc,phases   ] GC(225)   Merge Heap Roots: 0.2ms
[2022-04-22T06:49:24.034+0000][10][gc,phases   ] GC(225)   Evacuate Collection Set: 1.9ms
[2022-04-22T06:49:24.034+0000][10][gc,phases   ] GC(225)   Post Evacuate Collection Set: 0.6ms
[2022-04-22T06:49:24.036+0000][10][gc,phases   ] GC(225)   Other: 8.3ms
[2022-04-22T06:49:24.036+0000][10][gc,heap     ] GC(225) Eden regions: 65->0(4)
[2022-04-22T06:49:24.037+0000][10][gc,heap     ] GC(225) Survivor regions: 2->2(9)
[2022-04-22T06:49:24.038+0000][10][gc,heap     ] GC(225) Old regions: 30->30
[2022-04-22T06:49:24.039+0000][10][gc,heap     ] GC(225) Archive regions: 2->2
[2022-04-22T06:49:24.039+0000][10][gc,heap     ] GC(225) Humongous regions: 6->6
[2022-04-22T06:49:24.040+0000][10][gc,metaspace] GC(225) Metaspace: 107269K(108864K)->107269K(108864K) NonClass: 92824K(93760K)->92824K(93760K) Class: 14445K(15104K)->14445K(15104K)
[2022-04-22T06:49:24.040+0000][10][gc          ] GC(225) Pause Young (Prepare Mixed) (G1 Evacuation Pause) 413M->154M(512M) 19.525ms
[2022-04-22T06:49:24.041+0000][10][gc,cpu      ] GC(225) User=0.01s Sys=0.00s Real=0.02s
[2022-04-22T06:49:24.041+0000][10][safepoint   ] Safepoint "G1CollectForAllocation", Time since last: 1112136625 ns, Reaching safepoint: 262584 ns, At safepoint: 20716166 ns, Total: 20978750 ns
[2022-04-22T06:49:24.281+0000][10][gc,start    ] GC(226) Pause Young (Mixed) (G1 Evacuation Pause)
[2022-04-22T06:49:24.282+0000][10][gc,task     ] GC(226) Using 5 workers of 5 for evacuation
[2022-04-22T06:49:24.284+0000][10][gc,age      ] GC(226) Desired survivor size 2097152 bytes, new threshold 2 (max threshold 15)
[2022-04-22T06:49:24.288+0000][10][gc,age      ] GC(226) Age table with threshold 2 (max threshold 15)
[2022-04-22T06:49:24.289+0000][10][gc,age      ] GC(226) - age   1:      76104 bytes,      76104 total
[2022-04-22T06:49:24.290+0000][10][gc,age      ] GC(226) - age   2:    1031856 bytes,    1107960 total
[2022-04-22T06:49:24.291+0000][10][gc,phases   ] GC(226)   Pre Evacuate Collection Set: 0.1ms
[2022-04-22T06:49:24.291+0000][10][gc,phases   ] GC(226)   Merge Heap Roots: 0.0ms
[2022-04-22T06:49:24.292+0000][10][gc,phases   ] GC(226)   Evacuate Collection Set: 2.1ms
[2022-04-22T06:49:24.293+0000][10][gc,phases   ] GC(226)   Post Evacuate Collection Set: 0.8ms
[2022-04-22T06:49:24.293+0000][10][gc,phases   ] GC(226)   Other: 6.8ms
[2022-04-22T06:49:24.294+0000][10][gc,heap     ] GC(226) Eden regions: 4->0(65)
[2022-04-22T06:49:24.295+0000][10][gc,heap     ] GC(226) Survivor regions: 2->1(1)
[2022-04-22T06:49:24.296+0000][10][gc,heap     ] GC(226) Old regions: 30->31
[2022-04-22T06:49:24.297+0000][10][gc,heap     ] GC(226) Archive regions: 2->2
[2022-04-22T06:49:24.298+0000][10][gc,heap     ] GC(226) Humongous regions: 6->6
[2022-04-22T06:49:24.298+0000][10][gc,metaspace] GC(226) Metaspace: 107269K(108864K)->107269K(108864K) NonClass: 92824K(93760K)->92824K(93760K) Class: 14445K(15104K)->14445K(15104K)
[2022-04-22T06:49:24.299+0000][10][gc          ] GC(226) Pause Young (Mixed) (G1 Evacuation Pause) 170M->151M(512M) 18.318ms
[2022-04-22T06:49:24.300+0000][10][gc,cpu      ] GC(226) User=0.00s Sys=0.00s Real=0.02s
[2022-04-22T06:49:24.300+0000][10][safepoint   ] Safepoint "G1CollectForAllocation", Time since last: 239385667 ns, Reaching safepoint: 51333 ns, At safepoint: 19375542 ns, Total: 19426875 ns
[2022-04-22T06:49:27.135+0000][10][gc,start    ] GC(227) Pause Young (Normal) (G1 Evacuation Pause)
[2022-04-22T06:49:27.136+0000][10][gc,task     ] GC(227) Using 5 workers of 5 for evacuation
[2022-04-22T06:49:27.137+0000][10][gc,age      ] GC(227) Desired survivor size 18874368 bytes, new threshold 15 (max threshold 15)
[2022-04-22T06:49:27.140+0000][10][gc,age      ] GC(227) Age table with threshold 15 (max threshold 15)
[2022-04-22T06:49:27.141+0000][10][gc,age      ] GC(227) - age   1:    1841768 bytes,    1841768 total
[2022-04-22T06:49:27.141+0000][10][gc,age      ] GC(227) - age   2:      47872 bytes,    1889640 total
[2022-04-22T06:49:27.142+0000][10][gc,age      ] GC(227) - age   3:    1028840 bytes,    2918480 total
[2022-04-22T06:49:27.143+0000][10][gc,phases   ] GC(227)   Pre Evacuate Collection Set: 0.1ms
[2022-04-22T06:49:27.143+0000][10][gc,phases   ] GC(227)   Merge Heap Roots: 0.2ms
[2022-04-22T06:49:27.144+0000][10][gc,phases   ] GC(227)   Evacuate Collection Set: 1.2ms
[2022-04-22T06:49:27.144+0000][10][gc,phases   ] GC(227)   Post Evacuate Collection Set: 0.5ms
[2022-04-22T06:49:27.145+0000][10][gc,phases   ] GC(227)   Other: 5.3ms
[2022-04-22T06:49:27.146+0000][10][gc,heap     ] GC(227) Eden regions: 65->0(65)
[2022-04-22T06:49:27.146+0000][10][gc,heap     ] GC(227) Survivor regions: 1->1(9)
[2022-04-22T06:49:27.147+0000][10][gc,heap     ] GC(227) Old regions: 31->31
[2022-04-22T06:49:27.147+0000][10][gc,heap     ] GC(227) Archive regions: 2->2
[2022-04-22T06:49:27.148+0000][10][gc,heap     ] GC(227) Humongous regions: 6->6
[2022-04-22T06:49:27.148+0000][10][gc,metaspace] GC(227) Metaspace: 107270K(108864K)->107270K(108864K) NonClass: 92825K(93760K)->92825K(93760K) Class: 14445K(15104K)->14445K(15104K)
[2022-04-22T06:49:27.149+0000][10][gc          ] GC(227) Pause Young (Normal) (G1 Evacuation Pause) 411M->153M(512M) 13.667ms
[2022-04-22T06:49:27.150+0000][10][gc,cpu      ] GC(227) User=0.00s Sys=0.00s Real=0.02s
[2022-04-22T06:49:27.150+0000][10][safepoint   ] Safepoint "G1CollectForAllocation", Time since last: 2834936501 ns, Reaching safepoint: 133709 ns, At safepoint: 15094166 ns, Total: 15227875 ns
[2022-04-22T06:52:16.534+0000][10][safepoint   ] Safepoint "Cleanup", Time since last: 169373509411 ns, Reaching safepoint: 96958 ns, At safepoint: 2334 ns, Total: 99292 ns
[2022-04-22T06:52:21.197+0000][10][gc,heap,exit] Heap
[2022-04-22T06:52:21.199+0000][10][gc,heap,exit]  garbage-first heap   total 524288K, used 293427K [0x00000000e0000000, 0x0000000100000000)
[2022-04-22T06:52:21.200+0000][10][gc,heap,exit]   region size 4096K, 35 young (143360K), 1 survivors (4096K)
[2022-04-22T06:52:21.201+0000][10][gc,heap,exit]  Metaspace       used 107415K, committed 108992K, reserved 1146880K
[2022-04-22T06:52:21.203+0000][10][gc,heap,exit]   class space    used 14478K, committed 15104K, reserved 1048576K
