[2022-04-22T06:54:18.961+0000][173][gc] Using G1
[2022-04-22T06:54:18.965+0000][173][gc,init] Version: 17.0.2+8 (release)
[2022-04-22T06:54:18.966+0000][173][gc,init] CPUs: 5 total, 5 available
[2022-04-22T06:54:18.966+0000][173][gc,init] Memory: 7851M
[2022-04-22T06:54:18.967+0000][173][gc,init] Large Page Support: Disabled
[2022-04-22T06:54:18.968+0000][173][gc,init] NUMA Support: Disabled
[2022-04-22T06:54:18.969+0000][173][gc,init] Compressed Oops: Enabled (32-bit)
[2022-04-22T06:54:18.970+0000][173][gc,init] Heap Region Size: 1M
[2022-04-22T06:54:18.971+0000][173][gc,init] Heap Min Capacity: 512M
[2022-04-22T06:54:18.972+0000][173][gc,init] Heap Initial Capacity: 512M
[2022-04-22T06:54:18.972+0000][173][gc,init] Heap Max Capacity: 512M
[2022-04-22T06:54:18.973+0000][173][gc,init] Pre-touch: Disabled
[2022-04-22T06:54:18.974+0000][173][gc,init] Parallel Workers: 5
[2022-04-22T06:54:18.975+0000][173][gc,init] Concurrent Workers: 1
[2022-04-22T06:54:18.976+0000][173][gc,init] Concurrent Refinement Workers: 5
[2022-04-22T06:54:18.976+0000][173][gc,init] Periodic GC: Disabled
[2022-04-22T06:54:18.977+0000][173][gc,metaspace] CDS archive(s) not mapped
[2022-04-22T06:54:18.978+0000][173][gc,metaspace] Compressed class space mapped at: 0x0000000100000000-0x0000000140000000, reserved size: 1073741824
[2022-04-22T06:54:18.979+0000][173][gc,metaspace] Narrow klass base: 0x0000000000000000, Narrow klass shift: 3, Narrow klass range: 0x140000000
[2022-04-22T06:54:19.017+0000][173][gc,heap,exit] Heap
[2022-04-22T06:54:19.018+0000][173][gc,heap,exit]  garbage-first heap   total 524288K, used 2048K [0x00000000e0000000, 0x0000000100000000)
[2022-04-22T06:54:19.019+0000][173][gc,heap,exit]   region size 1024K, 2 young (2048K), 0 survivors (0K)
[2022-04-22T06:54:19.020+0000][173][gc,heap,exit]  Metaspace       used 3479K, committed 3584K, reserved 1056768K
[2022-04-22T06:54:19.021+0000][173][gc,heap,exit]   class space    used 278K, committed 320K, reserved 1048576K
