[2022-04-28T23:48:32.631+0000][7][gc] Using G1
[2022-04-28T23:48:32.671+0000][7][gc,init] Version: 17.0.2+8 (release)
[2022-04-28T23:48:32.672+0000][7][gc,init] CPUs: 5 total, 5 available
[2022-04-28T23:48:32.673+0000][7][gc,init] Memory: 7851M
[2022-04-28T23:48:32.674+0000][7][gc,init] Large Page Support: Disabled
[2022-04-28T23:48:32.674+0000][7][gc,init] NUMA Support: Disabled
[2022-04-28T23:48:32.675+0000][7][gc,init] Compressed Oops: Enabled (32-bit)
[2022-04-28T23:48:32.676+0000][7][gc,init] Heap Region Size: 4M
[2022-04-28T23:48:32.677+0000][7][gc,init] Heap Min Capacity: 512M
[2022-04-28T23:48:32.678+0000][7][gc,init] Heap Initial Capacity: 512M
[2022-04-28T23:48:32.678+0000][7][gc,init] Heap Max Capacity: 512M
[2022-04-28T23:48:32.679+0000][7][gc,init] Pre-touch: Enabled
[2022-04-28T23:48:32.680+0000][7][gc,init] Parallel Workers: 5
[2022-04-28T23:48:32.681+0000][7][gc,init] Concurrent Workers: 1
[2022-04-28T23:48:32.682+0000][7][gc,init] Concurrent Refinement Workers: 5
[2022-04-28T23:48:32.682+0000][7][gc,init] Periodic GC: Disabled
[2022-04-28T23:48:32.683+0000][7][gc,metaspace] CDS archive(s) mapped at: [0x0000000800000000-0x0000000800bd2000-0x0000000800bd2000), size 12394496, SharedBaseAddress: 0x0000000800000000, ArchiveRelocationMode: 0.
[2022-04-28T23:48:32.684+0000][7][gc,metaspace] Compressed class space mapped at: 0x0000000800c00000-0x0000000840c00000, reserved size: 1073741824
[2022-04-28T23:48:32.684+0000][7][gc,metaspace] Narrow klass base: 0x0000000800000000, Narrow klass shift: 0, Narrow klass range: 0x100000000
[2022-04-28T23:48:32.801+0000][7][safepoint   ] Safepoint "ICBufferFull", Time since last: 112400250 ns, Reaching safepoint: 147458 ns, At safepoint: 5459 ns, Total: 152917 ns
[2022-04-28T23:48:32.853+0000][7][safepoint   ] Safepoint "ICBufferFull", Time since last: 52267416 ns, Reaching safepoint: 139125 ns, At safepoint: 3084 ns, Total: 142209 ns
[2022-04-28T23:48:32.931+0000][7][safepoint   ] Safepoint "ICBufferFull", Time since last: 77787625 ns, Reaching safepoint: 170416 ns, At safepoint: 7250 ns, Total: 177666 ns
[2022-04-28T23:48:32.989+0000][7][gc,start    ] GC(0) Pause Young (Normal) (G1 Evacuation Pause)
[2022-04-28T23:48:32.990+0000][7][gc,task     ] GC(0) Using 5 workers of 5 for evacuation
[2022-04-28T23:48:32.992+0000][7][gc,age      ] GC(0) Desired survivor size 2097152 bytes, new threshold 15 (max threshold 15)
[2022-04-28T23:48:32.998+0000][7][gc,age      ] GC(0) Age table with threshold 15 (max threshold 15)
[2022-04-28T23:48:32.999+0000][7][gc,age      ] GC(0) - age   1:    4186864 bytes,    4186864 total
[2022-04-28T23:48:33.000+0000][7][gc,phases   ] GC(0)   Pre Evacuate Collection Set: 0.1ms
[2022-04-28T23:48:33.001+0000][7][gc,phases   ] GC(0)   Merge Heap Roots: 0.2ms
[2022-04-28T23:48:33.001+0000][7][gc,phases   ] GC(0)   Evacuate Collection Set: 3.1ms
[2022-04-28T23:48:33.002+0000][7][gc,phases   ] GC(0)   Post Evacuate Collection Set: 1.0ms
[2022-04-28T23:48:33.003+0000][7][gc,phases   ] GC(0)   Other: 6.3ms
[2022-04-28T23:48:33.003+0000][7][gc,heap     ] GC(0) Eden regions: 6->0(5)
[2022-04-28T23:48:33.004+0000][7][gc,heap     ] GC(0) Survivor regions: 0->1(1)
[2022-04-28T23:48:33.004+0000][7][gc,heap     ] GC(0) Old regions: 0->1
[2022-04-28T23:48:33.005+0000][7][gc,heap     ] GC(0) Archive regions: 2->2
[2022-04-28T23:48:33.006+0000][7][gc,heap     ] GC(0) Humongous regions: 0->0
[2022-04-28T23:48:33.007+0000][7][gc,metaspace] GC(0) Metaspace: 8827K(9024K)->8827K(9024K) NonClass: 7779K(7872K)->7779K(7872K) Class: 1047K(1152K)->1047K(1152K)
[2022-04-28T23:48:33.007+0000][7][gc          ] GC(0) Pause Young (Normal) (G1 Evacuation Pause) 27M->8M(512M) 18.090ms
[2022-04-28T23:48:33.008+0000][7][gc,cpu      ] GC(0) User=0.00s Sys=0.00s Real=0.02s
[2022-04-28T23:48:33.009+0000][7][safepoint   ] Safepoint "G1CollectForAllocation", Time since last: 57616250 ns, Reaching safepoint: 109792 ns, At safepoint: 19663750 ns, Total: 19773542 ns
[2022-04-28T23:48:33.121+0000][7][safepoint   ] Safepoint "ICBufferFull", Time since last: 112442542 ns, Reaching safepoint: 179375 ns, At safepoint: 2542 ns, Total: 181917 ns
[2022-04-28T23:48:33.259+0000][7][gc,start    ] GC(1) Pause Young (Normal) (G1 Evacuation Pause)
[2022-04-28T23:48:33.260+0000][7][gc,task     ] GC(1) Using 5 workers of 5 for evacuation
[2022-04-28T23:48:33.262+0000][7][gc,age      ] GC(1) Desired survivor size 2097152 bytes, new threshold 1 (max threshold 15)
[2022-04-28T23:48:33.268+0000][7][gc,age      ] GC(1) Age table with threshold 1 (max threshold 15)
[2022-04-28T23:48:33.269+0000][7][gc,age      ] GC(1) - age   1:    1966120 bytes,    1966120 total
[2022-04-28T23:48:33.270+0000][7][gc,phases   ] GC(1)   Pre Evacuate Collection Set: 0.0ms
[2022-04-28T23:48:33.270+0000][7][gc,phases   ] GC(1)   Merge Heap Roots: 1.1ms
[2022-04-28T23:48:33.271+0000][7][gc,phases   ] GC(1)   Evacuate Collection Set: 3.5ms
[2022-04-28T23:48:33.272+0000][7][gc,phases   ] GC(1)   Post Evacuate Collection Set: 1.3ms
[2022-04-28T23:48:33.273+0000][7][gc,phases   ] GC(1)   Other: 4.9ms
[2022-04-28T23:48:33.274+0000][7][gc,heap     ] GC(1) Eden regions: 5->0(7)
[2022-04-28T23:48:33.274+0000][7][gc,heap     ] GC(1) Survivor regions: 1->1(1)
[2022-04-28T23:48:33.275+0000][7][gc,heap     ] GC(1) Old regions: 1->2
[2022-04-28T23:48:33.276+0000][7][gc,heap     ] GC(1) Archive regions: 2->2
[2022-04-28T23:48:33.276+0000][7][gc,heap     ] GC(1) Humongous regions: 0->0
[2022-04-28T23:48:33.277+0000][7][gc,metaspace] GC(1) Metaspace: 12320K(12544K)->12320K(12544K) NonClass: 10813K(10944K)->10813K(10944K) Class: 1507K(1600K)->1507K(1600K)
[2022-04-28T23:48:33.278+0000][7][gc          ] GC(1) Pause Young (Normal) (G1 Evacuation Pause) 28M->10M(512M) 18.568ms
[2022-04-28T23:48:33.279+0000][7][gc,cpu      ] GC(1) User=0.01s Sys=0.00s Real=0.02s
[2022-04-28T23:48:33.279+0000][7][safepoint   ] Safepoint "G1CollectForAllocation", Time since last: 137761791 ns, Reaching safepoint: 156709 ns, At safepoint: 20185041 ns, Total: 20341750 ns
[2022-04-28T23:48:33.410+0000][7][safepoint   ] Safepoint "ICBufferFull", Time since last: 130085542 ns, Reaching safepoint: 130125 ns, At safepoint: 8083 ns, Total: 138208 ns
[2022-04-28T23:48:33.452+0000][7][gc,start    ] GC(2) Pause Young (Normal) (G1 Evacuation Pause)
[2022-04-28T23:48:33.454+0000][7][gc,task     ] GC(2) Using 5 workers of 5 for evacuation
[2022-04-28T23:48:33.455+0000][7][gc,age      ] GC(2) Desired survivor size 2097152 bytes, new threshold 15 (max threshold 15)
[2022-04-28T23:48:33.459+0000][7][gc,age      ] GC(2) Age table with threshold 15 (max threshold 15)
[2022-04-28T23:48:33.460+0000][7][gc,age      ] GC(2) - age   1:     970408 bytes,     970408 total
[2022-04-28T23:48:33.462+0000][7][gc,age      ] GC(2) - age   2:    1947800 bytes,    2918208 total
[2022-04-28T23:48:33.462+0000][7][gc,phases   ] GC(2)   Pre Evacuate Collection Set: 0.3ms
[2022-04-28T23:48:33.463+0000][7][gc,phases   ] GC(2)   Merge Heap Roots: 0.4ms
[2022-04-28T23:48:33.463+0000][7][gc,phases   ] GC(2)   Evacuate Collection Set: 1.6ms
[2022-04-28T23:48:33.465+0000][7][gc,phases   ] GC(2)   Post Evacuate Collection Set: 1.0ms
[2022-04-28T23:48:33.466+0000][7][gc,phases   ] GC(2)   Other: 6.6ms
[2022-04-28T23:48:33.467+0000][7][gc,heap     ] GC(2) Eden regions: 7->0(32)
[2022-04-28T23:48:33.467+0000][7][gc,heap     ] GC(2) Survivor regions: 1->1(1)
[2022-04-28T23:48:33.468+0000][7][gc,heap     ] GC(2) Old regions: 2->2
[2022-04-28T23:48:33.469+0000][7][gc,heap     ] GC(2) Archive regions: 2->2
[2022-04-28T23:48:33.469+0000][7][gc,heap     ] GC(2) Humongous regions: 0->0
[2022-04-28T23:48:33.470+0000][7][gc,metaspace] GC(2) Metaspace: 14635K(14848K)->14635K(14848K) NonClass: 12894K(12992K)->12894K(12992K) Class: 1741K(1856K)->1741K(1856K)
[2022-04-28T23:48:33.471+0000][7][gc          ] GC(2) Pause Young (Normal) (G1 Evacuation Pause) 38M->11M(512M) 18.752ms
[2022-04-28T23:48:33.472+0000][7][gc,cpu      ] GC(2) User=0.02s Sys=0.00s Real=0.01s
[2022-04-28T23:48:33.472+0000][7][safepoint   ] Safepoint "G1CollectForAllocation", Time since last: 42516709 ns, Reaching safepoint: 82250 ns, At safepoint: 19851041 ns, Total: 19933291 ns
[2022-04-28T23:48:33.613+0000][7][safepoint   ] Safepoint "ICBufferFull", Time since last: 140768834 ns, Reaching safepoint: 145125 ns, At safepoint: 3500 ns, Total: 148625 ns
[2022-04-28T23:48:33.672+0000][7][safepoint   ] Safepoint "ICBufferFull", Time since last: 58903291 ns, Reaching safepoint: 152875 ns, At safepoint: 16917 ns, Total: 169792 ns
[2022-04-28T23:48:33.679+0000][7][safepoint   ] Safepoint "ICBufferFull", Time since last: 6754500 ns, Reaching safepoint: 137375 ns, At safepoint: 3667 ns, Total: 141042 ns
[2022-04-28T23:48:33.681+0000][7][safepoint   ] Safepoint "ICBufferFull", Time since last: 1466833 ns, Reaching safepoint: 279542 ns, At safepoint: 14083 ns, Total: 293625 ns
[2022-04-28T23:48:33.682+0000][7][safepoint   ] Safepoint "ICBufferFull", Time since last: 1353625 ns, Reaching safepoint: 25083 ns, At safepoint: 1417 ns, Total: 26500 ns
[2022-04-28T23:48:33.684+0000][7][safepoint   ] Safepoint "ICBufferFull", Time since last: 1895292 ns, Reaching safepoint: 26125 ns, At safepoint: 1666 ns, Total: 27791 ns
[2022-04-28T23:48:33.686+0000][7][safepoint   ] Safepoint "ICBufferFull", Time since last: 1463459 ns, Reaching safepoint: 37583 ns, At safepoint: 2917 ns, Total: 40500 ns
[2022-04-28T23:48:33.687+0000][7][safepoint   ] Safepoint "ICBufferFull", Time since last: 1439500 ns, Reaching safepoint: 188875 ns, At safepoint: 86083 ns, Total: 274958 ns
[2022-04-28T23:48:33.689+0000][7][safepoint   ] Safepoint "ICBufferFull", Time since last: 1910792 ns, Reaching safepoint: 98583 ns, At safepoint: 1833 ns, Total: 100416 ns
[2022-04-28T23:48:33.691+0000][7][safepoint   ] Safepoint "ICBufferFull", Time since last: 1651459 ns, Reaching safepoint: 43041 ns, At safepoint: 1125 ns, Total: 44166 ns
[2022-04-28T23:48:33.692+0000][7][safepoint   ] Safepoint "ICBufferFull", Time since last: 1004167 ns, Reaching safepoint: 48500 ns, At safepoint: 1250 ns, Total: 49750 ns
[2022-04-28T23:48:33.693+0000][7][safepoint   ] Safepoint "ICBufferFull", Time since last: 1370333 ns, Reaching safepoint: 61709 ns, At safepoint: 3875 ns, Total: 65584 ns
[2022-04-28T23:48:33.743+0000][7][gc,start    ] GC(3) Pause Young (Normal) (G1 Evacuation Pause)
[2022-04-28T23:48:33.745+0000][7][gc,task     ] GC(3) Using 5 workers of 5 for evacuation
[2022-04-28T23:48:33.746+0000][7][gc,age      ] GC(3) Desired survivor size 10485760 bytes, new threshold 15 (max threshold 15)
[2022-04-28T23:48:33.751+0000][7][gc,age      ] GC(3) Age table with threshold 15 (max threshold 15)
[2022-04-28T23:48:33.752+0000][7][gc,age      ] GC(3) - age   1:    3853576 bytes,    3853576 total
[2022-04-28T23:48:33.754+0000][7][gc,age      ] GC(3) - age   2:     918736 bytes,    4772312 total
[2022-04-28T23:48:33.755+0000][7][gc,age      ] GC(3) - age   3:    1946096 bytes,    6718408 total
[2022-04-28T23:48:33.758+0000][7][gc,phases   ] GC(3)   Pre Evacuate Collection Set: 0.2ms
[2022-04-28T23:48:33.758+0000][7][gc,phases   ] GC(3)   Merge Heap Roots: 0.2ms
[2022-04-28T23:48:33.759+0000][7][gc,phases   ] GC(3)   Evacuate Collection Set: 3.0ms
[2022-04-28T23:48:33.760+0000][7][gc,phases   ] GC(3)   Post Evacuate Collection Set: 0.7ms
[2022-04-28T23:48:33.760+0000][7][gc,phases   ] GC(3)   Other: 11.1ms
[2022-04-28T23:48:33.761+0000][7][gc,heap     ] GC(3) Eden regions: 32->0(74)
[2022-04-28T23:48:33.761+0000][7][gc,heap     ] GC(3) Survivor regions: 1->2(5)
[2022-04-28T23:48:33.762+0000][7][gc,heap     ] GC(3) Old regions: 2->2
[2022-04-28T23:48:33.763+0000][7][gc,heap     ] GC(3) Archive regions: 2->2
[2022-04-28T23:48:33.763+0000][7][gc,heap     ] GC(3) Humongous regions: 0->0
[2022-04-28T23:48:33.764+0000][7][gc,metaspace] GC(3) Metaspace: 17230K(17536K)->17230K(17536K) NonClass: 15197K(15360K)->15197K(15360K) Class: 2033K(2176K)->2033K(2176K)
[2022-04-28T23:48:33.764+0000][7][gc          ] GC(3) Pause Young (Normal) (G1 Evacuation Pause) 139M->14M(512M) 21.578ms
[2022-04-28T23:48:33.765+0000][7][gc,cpu      ] GC(3) User=0.03s Sys=0.00s Real=0.02s
[2022-04-28T23:48:33.766+0000][7][safepoint   ] Safepoint "G1CollectForAllocation", Time since last: 49162791 ns, Reaching safepoint: 85875 ns, At safepoint: 22914626 ns, Total: 23000501 ns
[2022-04-28T23:48:33.960+0000][7][safepoint   ] Safepoint "ICBufferFull", Time since last: 194038583 ns, Reaching safepoint: 195375 ns, At safepoint: 9250 ns, Total: 204625 ns
[2022-04-28T23:48:34.064+0000][7][gc,start    ] GC(4) Pause Young (Normal) (G1 Evacuation Pause)
[2022-04-28T23:48:34.066+0000][7][gc,task     ] GC(4) Using 5 workers of 5 for evacuation
[2022-04-28T23:48:34.067+0000][7][gc,age      ] GC(4) Desired survivor size 20971520 bytes, new threshold 15 (max threshold 15)
[2022-04-28T23:48:34.072+0000][7][gc,age      ] GC(4) Age table with threshold 15 (max threshold 15)
[2022-04-28T23:48:34.074+0000][7][gc,age      ] GC(4) - age   1:    6149184 bytes,    6149184 total
[2022-04-28T23:48:34.075+0000][7][gc,age      ] GC(4) - age   2:    2211392 bytes,    8360576 total
[2022-04-28T23:48:34.076+0000][7][gc,age      ] GC(4) - age   3:     918376 bytes,    9278952 total
[2022-04-28T23:48:34.077+0000][7][gc,age      ] GC(4) - age   4:    1944992 bytes,   11223944 total
[2022-04-28T23:48:34.078+0000][7][gc,phases   ] GC(4)   Pre Evacuate Collection Set: 0.1ms
[2022-04-28T23:48:34.079+0000][7][gc,phases   ] GC(4)   Merge Heap Roots: 0.0ms
[2022-04-28T23:48:34.079+0000][7][gc,phases   ] GC(4)   Evacuate Collection Set: 2.6ms
[2022-04-28T23:48:34.080+0000][7][gc,phases   ] GC(4)   Post Evacuate Collection Set: 1.1ms
[2022-04-28T23:48:34.081+0000][7][gc,phases   ] GC(4)   Other: 9.5ms
[2022-04-28T23:48:34.082+0000][7][gc,heap     ] GC(4) Eden regions: 74->0(73)
[2022-04-28T23:48:34.083+0000][7][gc,heap     ] GC(4) Survivor regions: 2->3(10)
[2022-04-28T23:48:34.084+0000][7][gc,heap     ] GC(4) Old regions: 2->2
[2022-04-28T23:48:34.085+0000][7][gc,heap     ] GC(4) Archive regions: 2->2
[2022-04-28T23:48:34.086+0000][7][gc,heap     ] GC(4) Humongous regions: 0->0
[2022-04-28T23:48:34.087+0000][7][gc,metaspace] GC(4) Metaspace: 18728K(19136K)->18728K(19136K) NonClass: 16453K(16704K)->16453K(16704K) Class: 2274K(2432K)->2274K(2432K)
[2022-04-28T23:48:34.089+0000][7][gc          ] GC(4) Pause Young (Normal) (G1 Evacuation Pause) 310M->19M(512M) 24.098ms
[2022-04-28T23:48:34.089+0000][7][gc,cpu      ] GC(4) User=0.03s Sys=0.00s Real=0.02s
[2022-04-28T23:48:34.090+0000][7][safepoint   ] Safepoint "G1CollectForAllocation", Time since last: 104399292 ns, Reaching safepoint: 107958 ns, At safepoint: 25650458 ns, Total: 25758416 ns
[2022-04-28T23:48:34.333+0000][7][gc,start    ] GC(5) Pause Young (Normal) (G1 Evacuation Pause)
[2022-04-28T23:48:34.335+0000][7][gc,task     ] GC(5) Using 5 workers of 5 for evacuation
[2022-04-28T23:48:34.336+0000][7][gc,age      ] GC(5) Desired survivor size 20971520 bytes, new threshold 15 (max threshold 15)
[2022-04-28T23:48:34.341+0000][7][gc,age      ] GC(5) Age table with threshold 15 (max threshold 15)
[2022-04-28T23:48:34.341+0000][7][gc,age      ] GC(5) - age   1:    1737488 bytes,    1737488 total
[2022-04-28T23:48:34.342+0000][7][gc,age      ] GC(5) - age   2:    5702288 bytes,    7439776 total
[2022-04-28T23:48:34.343+0000][7][gc,age      ] GC(5) - age   3:    2210928 bytes,    9650704 total
[2022-04-28T23:48:34.343+0000][7][gc,age      ] GC(5) - age   4:     918104 bytes,   10568808 total
[2022-04-28T23:48:34.344+0000][7][gc,age      ] GC(5) - age   5:    1944928 bytes,   12513736 total
[2022-04-28T23:48:34.345+0000][7][gc,phases   ] GC(5)   Pre Evacuate Collection Set: 0.1ms
[2022-04-28T23:48:34.346+0000][7][gc,phases   ] GC(5)   Merge Heap Roots: 0.2ms
[2022-04-28T23:48:34.346+0000][7][gc,phases   ] GC(5)   Evacuate Collection Set: 3.0ms
[2022-04-28T23:48:34.347+0000][7][gc,phases   ] GC(5)   Post Evacuate Collection Set: 0.8ms
[2022-04-28T23:48:34.348+0000][7][gc,phases   ] GC(5)   Other: 7.6ms
[2022-04-28T23:48:34.348+0000][7][gc,heap     ] GC(5) Eden regions: 73->0(72)
[2022-04-28T23:48:34.349+0000][7][gc,heap     ] GC(5) Survivor regions: 3->4(10)
[2022-04-28T23:48:34.350+0000][7][gc,heap     ] GC(5) Old regions: 2->2
[2022-04-28T23:48:34.350+0000][7][gc,heap     ] GC(5) Archive regions: 2->2
[2022-04-28T23:48:34.351+0000][7][gc,heap     ] GC(5) Humongous regions: 0->0
[2022-04-28T23:48:34.353+0000][7][gc,metaspace] GC(5) Metaspace: 19673K(20096K)->19673K(20096K) NonClass: 17261K(17536K)->17261K(17536K) Class: 2411K(2560K)->2411K(2560K)
[2022-04-28T23:48:34.354+0000][7][gc          ] GC(5) Pause Young (Normal) (G1 Evacuation Pause) 311M->20M(512M) 20.219ms
[2022-04-28T23:48:34.354+0000][7][gc,cpu      ] GC(5) User=0.01s Sys=0.00s Real=0.02s
[2022-04-28T23:48:34.355+0000][7][safepoint   ] Safepoint "G1CollectForAllocation", Time since last: 243089000 ns, Reaching safepoint: 204875 ns, At safepoint: 21375334 ns, Total: 21580209 ns
[2022-04-28T23:48:34.599+0000][7][gc,start    ] GC(6) Pause Young (Normal) (G1 Evacuation Pause)
[2022-04-28T23:48:34.600+0000][7][gc,task     ] GC(6) Using 5 workers of 5 for evacuation
[2022-04-28T23:48:34.602+0000][7][gc,age      ] GC(6) Desired survivor size 20971520 bytes, new threshold 15 (max threshold 15)
[2022-04-28T23:48:34.608+0000][7][gc,age      ] GC(6) Age table with threshold 15 (max threshold 15)
[2022-04-28T23:48:34.610+0000][7][gc,age      ] GC(6) - age   1:    3160160 bytes,    3160160 total
[2022-04-28T23:48:34.611+0000][7][gc,age      ] GC(6) - age   2:     710240 bytes,    3870400 total
[2022-04-28T23:48:34.612+0000][7][gc,age      ] GC(6) - age   3:    5697256 bytes,    9567656 total
[2022-04-28T23:48:34.613+0000][7][gc,age      ] GC(6) - age   4:    2209440 bytes,   11777096 total
[2022-04-28T23:48:34.614+0000][7][gc,age      ] GC(6) - age   5:     917424 bytes,   12694520 total
[2022-04-28T23:48:34.615+0000][7][gc,age      ] GC(6) - age   6:    1944624 bytes,   14639144 total
[2022-04-28T23:48:34.616+0000][7][gc,phases   ] GC(6)   Pre Evacuate Collection Set: 0.4ms
[2022-04-28T23:48:34.617+0000][7][gc,phases   ] GC(6)   Merge Heap Roots: 0.2ms
[2022-04-28T23:48:34.618+0000][7][gc,phases   ] GC(6)   Evacuate Collection Set: 3.4ms
[2022-04-28T23:48:34.619+0000][7][gc,phases   ] GC(6)   Post Evacuate Collection Set: 1.3ms
[2022-04-28T23:48:34.620+0000][7][gc,phases   ] GC(6)   Other: 12.5ms
[2022-04-28T23:48:34.621+0000][7][gc,heap     ] GC(6) Eden regions: 72->0(72)
[2022-04-28T23:48:34.622+0000][7][gc,heap     ] GC(6) Survivor regions: 4->4(10)
[2022-04-28T23:48:34.623+0000][7][gc,heap     ] GC(6) Old regions: 2->2
[2022-04-28T23:48:34.623+0000][7][gc,heap     ] GC(6) Archive regions: 2->2
[2022-04-28T23:48:34.624+0000][7][gc,heap     ] GC(6) Humongous regions: 0->0
[2022-04-28T23:48:34.625+0000][7][gc,metaspace] GC(6) Metaspace: 20860K(21376K)->20860K(21376K) NonClass: 18288K(18624K)->18288K(18624K) Class: 2572K(2752K)->2572K(2752K)
[2022-04-28T23:48:34.626+0000][7][gc          ] GC(6) Pause Young (Normal) (G1 Evacuation Pause) 308M->22M(512M) 27.239ms
[2022-04-28T23:48:34.627+0000][7][gc,cpu      ] GC(6) User=0.02s Sys=0.01s Real=0.03s
[2022-04-28T23:48:34.627+0000][7][safepoint   ] Safepoint "G1CollectForAllocation", Time since last: 243464833 ns, Reaching safepoint: 340417 ns, At safepoint: 28893667 ns, Total: 29234084 ns
[2022-04-28T23:48:34.797+0000][7][gc,start    ] GC(7) Pause Young (Concurrent Start) (Metadata GC Threshold)
[2022-04-28T23:48:34.798+0000][7][gc,task     ] GC(7) Using 5 workers of 5 for evacuation
[2022-04-28T23:48:34.799+0000][7][gc,age      ] GC(7) Desired survivor size 20971520 bytes, new threshold 15 (max threshold 15)
[2022-04-28T23:48:34.806+0000][7][gc,age      ] GC(7) Age table with threshold 15 (max threshold 15)
[2022-04-28T23:48:34.807+0000][7][gc,age      ] GC(7) - age   1:     771424 bytes,     771424 total
[2022-04-28T23:48:34.808+0000][7][gc,age      ] GC(7) - age   2:    2176504 bytes,    2947928 total
[2022-04-28T23:48:34.810+0000][7][gc,age      ] GC(7) - age   3:     709480 bytes,    3657408 total
[2022-04-28T23:48:34.811+0000][7][gc,age      ] GC(7) - age   4:    5696984 bytes,    9354392 total
[2022-04-28T23:48:34.811+0000][7][gc,age      ] GC(7) - age   5:    2209360 bytes,   11563752 total
[2022-04-28T23:48:34.812+0000][7][gc,age      ] GC(7) - age   6:     917424 bytes,   12481176 total
[2022-04-28T23:48:34.813+0000][7][gc,age      ] GC(7) - age   7:    1944624 bytes,   14425800 total
[2022-04-28T23:48:34.814+0000][7][gc,phases   ] GC(7)   Pre Evacuate Collection Set: 0.4ms
[2022-04-28T23:48:34.815+0000][7][gc,phases   ] GC(7)   Merge Heap Roots: 0.1ms
[2022-04-28T23:48:34.815+0000][7][gc,phases   ] GC(7)   Evacuate Collection Set: 3.7ms
[2022-04-28T23:48:34.816+0000][7][gc,phases   ] GC(7)   Post Evacuate Collection Set: 0.9ms
[2022-04-28T23:48:34.817+0000][7][gc,phases   ] GC(7)   Other: 12.3ms
[2022-04-28T23:48:34.819+0000][7][gc,heap     ] GC(7) Eden regions: 59->0(72)
[2022-04-28T23:48:34.820+0000][7][gc,heap     ] GC(7) Survivor regions: 4->4(10)
[2022-04-28T23:48:34.820+0000][7][gc,heap     ] GC(7) Old regions: 2->2
[2022-04-28T23:48:34.821+0000][7][gc,heap     ] GC(7) Archive regions: 2->2
[2022-04-28T23:48:34.822+0000][7][gc,heap     ] GC(7) Humongous regions: 0->0
[2022-04-28T23:48:34.823+0000][7][gc,metaspace] GC(7) Metaspace: 20985K(21504K)->20985K(21504K) NonClass: 18388K(18688K)->18388K(18688K) Class: 2597K(2816K)->2597K(2816K)
[2022-04-28T23:48:34.824+0000][7][gc          ] GC(7) Pause Young (Concurrent Start) (Metadata GC Threshold) 256M->22M(512M) 26.788ms
[2022-04-28T23:48:34.824+0000][7][gc,cpu      ] GC(7) User=0.02s Sys=0.00s Real=0.03s
[2022-04-28T23:48:34.825+0000][7][safepoint   ] Safepoint "CollectForMetadataAllocation", Time since last: 169205666 ns, Reaching safepoint: 206875 ns, At safepoint: 28227542 ns, Total: 28434417 ns
[2022-04-28T23:48:34.825+0000][7][gc          ] GC(8) Concurrent Mark Cycle
[2022-04-28T23:48:34.826+0000][7][gc,marking  ] GC(8) Concurrent Clear Claimed Marks
[2022-04-28T23:48:34.826+0000][7][safepoint   ] Safepoint "CollectForMetadataAllocation", Time since last: 924833 ns, Reaching safepoint: 276584 ns, At safepoint: 12083 ns, Total: 288667 ns
[2022-04-28T23:48:34.827+0000][7][gc,marking  ] GC(8) Concurrent Clear Claimed Marks 0.770ms
[2022-04-28T23:48:34.828+0000][7][gc,marking  ] GC(8) Concurrent Scan Root Regions
[2022-04-28T23:48:34.832+0000][7][gc,marking  ] GC(8) Concurrent Scan Root Regions 3.952ms
[2022-04-28T23:48:34.833+0000][7][gc,marking  ] GC(8) Concurrent Mark
[2022-04-28T23:48:34.835+0000][7][gc,marking  ] GC(8) Concurrent Mark From Roots
[2022-04-28T23:48:34.836+0000][7][gc,task     ] GC(8) Using 1 workers of 1 for marking
[2022-04-28T23:48:34.841+0000][7][gc,marking  ] GC(8) Concurrent Mark From Roots 5.288ms
[2022-04-28T23:48:34.842+0000][7][gc,marking  ] GC(8) Concurrent Preclean
[2022-04-28T23:48:34.843+0000][7][gc,marking  ] GC(8) Concurrent Preclean 1.102ms
[2022-04-28T23:48:34.844+0000][7][gc,start    ] GC(8) Pause Remark
[2022-04-28T23:48:34.848+0000][7][gc          ] GC(8) Pause Remark 24M->24M(512M) 3.592ms
[2022-04-28T23:48:34.849+0000][7][gc,cpu      ] GC(8) User=0.00s Sys=0.00s Real=0.00s
[2022-04-28T23:48:34.850+0000][7][safepoint   ] Safepoint "G1Concurrent", Time since last: 17779208 ns, Reaching safepoint: 363500 ns, At safepoint: 5500834 ns, Total: 5864334 ns
[2022-04-28T23:48:34.851+0000][7][gc,marking  ] GC(8) Concurrent Mark 17.587ms
[2022-04-28T23:48:34.853+0000][7][gc,marking  ] GC(8) Concurrent Rebuild Remembered Sets
[2022-04-28T23:48:34.855+0000][7][gc,marking  ] GC(8) Concurrent Rebuild Remembered Sets 2.494ms
[2022-04-28T23:48:34.857+0000][7][gc,start    ] GC(8) Pause Cleanup
[2022-04-28T23:48:34.858+0000][7][gc          ] GC(8) Pause Cleanup 26M->26M(512M) 0.994ms
[2022-04-28T23:48:34.859+0000][7][gc,cpu      ] GC(8) User=0.00s Sys=0.00s Real=0.00s
[2022-04-28T23:48:34.860+0000][7][safepoint   ] Safepoint "G1Concurrent", Time since last: 6320541 ns, Reaching safepoint: 534584 ns, At safepoint: 2797750 ns, Total: 3332334 ns
[2022-04-28T23:48:34.861+0000][7][gc,marking  ] GC(8) Concurrent Cleanup for Next Mark
[2022-04-28T23:48:34.862+0000][7][gc,marking  ] GC(8) Concurrent Cleanup for Next Mark 1.852ms
[2022-04-28T23:48:34.863+0000][7][gc          ] GC(8) Concurrent Mark Cycle 38.286ms
[2022-04-28T23:48:35.376+0000][7][safepoint   ] Safepoint "ICBufferFull", Time since last: 516550542 ns, Reaching safepoint: 206208 ns, At safepoint: 13042 ns, Total: 219250 ns
[2022-04-28T23:48:35.458+0000][7][safepoint   ] Safepoint "ICBufferFull", Time since last: 81283916 ns, Reaching safepoint: 131334 ns, At safepoint: 3125 ns, Total: 134459 ns
[2022-04-28T23:48:35.460+0000][7][safepoint   ] Safepoint "ICBufferFull", Time since last: 1961666 ns, Reaching safepoint: 29500 ns, At safepoint: 2334 ns, Total: 31834 ns
[2022-04-28T23:48:35.461+0000][7][safepoint   ] Safepoint "ICBufferFull", Time since last: 1317041 ns, Reaching safepoint: 270834 ns, At safepoint: 2875 ns, Total: 273709 ns
[2022-04-28T23:48:35.462+0000][7][safepoint   ] Safepoint "ICBufferFull", Time since last: 1067500 ns, Reaching safepoint: 92250 ns, At safepoint: 2041 ns, Total: 94291 ns
[2022-04-28T23:48:35.464+0000][7][safepoint   ] Safepoint "ICBufferFull", Time since last: 989292 ns, Reaching safepoint: 109708 ns, At safepoint: 2459 ns, Total: 112167 ns
[2022-04-28T23:48:35.465+0000][7][safepoint   ] Safepoint "ICBufferFull", Time since last: 1451333 ns, Reaching safepoint: 116417 ns, At safepoint: 2541 ns, Total: 118958 ns
[2022-04-28T23:48:35.467+0000][7][safepoint   ] Safepoint "ICBufferFull", Time since last: 1385542 ns, Reaching safepoint: 84042 ns, At safepoint: 2583 ns, Total: 86625 ns
[2022-04-28T23:48:35.475+0000][7][safepoint   ] Safepoint "ICBufferFull", Time since last: 7838792 ns, Reaching safepoint: 170833 ns, At safepoint: 7958 ns, Total: 178791 ns
[2022-04-28T23:48:35.476+0000][7][safepoint   ] Safepoint "ICBufferFull", Time since last: 1335167 ns, Reaching safepoint: 103625 ns, At safepoint: 2958 ns, Total: 106583 ns
[2022-04-28T23:48:35.478+0000][7][safepoint   ] Safepoint "ICBufferFull", Time since last: 1183125 ns, Reaching safepoint: 215500 ns, At safepoint: 3375 ns, Total: 218875 ns
[2022-04-28T23:48:35.479+0000][7][safepoint   ] Safepoint "ICBufferFull", Time since last: 1214834 ns, Reaching safepoint: 138625 ns, At safepoint: 2958 ns, Total: 141583 ns
[2022-04-28T23:48:35.493+0000][7][safepoint   ] Safepoint "ICBufferFull", Time since last: 14107292 ns, Reaching safepoint: 144875 ns, At safepoint: 39416 ns, Total: 184291 ns
[2022-04-28T23:48:35.498+0000][7][safepoint   ] Safepoint "ICBufferFull", Time since last: 4220375 ns, Reaching safepoint: 140542 ns, At safepoint: 3292 ns, Total: 143834 ns
[2022-04-28T23:48:35.499+0000][7][safepoint   ] Safepoint "ICBufferFull", Time since last: 1255041 ns, Reaching safepoint: 245500 ns, At safepoint: 3459 ns, Total: 248959 ns
[2022-04-28T23:48:35.501+0000][7][safepoint   ] Safepoint "ICBufferFull", Time since last: 1317666 ns, Reaching safepoint: 177625 ns, At safepoint: 2959 ns, Total: 180584 ns
[2022-04-28T23:48:35.504+0000][7][safepoint   ] Safepoint "ICBufferFull", Time since last: 3415083 ns, Reaching safepoint: 60792 ns, At safepoint: 2458 ns, Total: 63250 ns
[2022-04-28T23:48:35.610+0000][7][safepoint   ] Safepoint "ICBufferFull", Time since last: 105693583 ns, Reaching safepoint: 301750 ns, At safepoint: 7875 ns, Total: 309625 ns
[2022-04-28T23:48:35.832+0000][7][safepoint   ] Safepoint "ICBufferFull", Time since last: 221902250 ns, Reaching safepoint: 165209 ns, At safepoint: 4000 ns, Total: 169209 ns
[2022-04-28T23:48:36.142+0000][7][safepoint   ] Safepoint "ICBufferFull", Time since last: 309696667 ns, Reaching safepoint: 166833 ns, At safepoint: 12458 ns, Total: 179291 ns
[2022-04-28T23:48:36.325+0000][7][safepoint   ] Safepoint "ICBufferFull", Time since last: 182990542 ns, Reaching safepoint: 210625 ns, At safepoint: 3417 ns, Total: 214042 ns
[2022-04-28T23:48:36.462+0000][7][gc,start    ] GC(9) Pause Young (Concurrent Start) (Metadata GC Threshold)
[2022-04-28T23:48:36.463+0000][7][gc,task     ] GC(9) Using 5 workers of 5 for evacuation
[2022-04-28T23:48:36.464+0000][7][gc,age      ] GC(9) Desired survivor size 20971520 bytes, new threshold 15 (max threshold 15)
[2022-04-28T23:48:36.482+0000][7][gc,age      ] GC(9) Age table with threshold 15 (max threshold 15)
[2022-04-28T23:48:36.483+0000][7][gc,age      ] GC(9) - age   1:   27219400 bytes,   27219400 total
[2022-04-28T23:48:36.484+0000][7][gc,age      ] GC(9) - age   2:     747304 bytes,   27966704 total
[2022-04-28T23:48:36.487+0000][7][gc,age      ] GC(9) - age   3:    2143600 bytes,   30110304 total
[2022-04-28T23:48:36.488+0000][7][gc,age      ] GC(9) - age   4:     693832 bytes,   30804136 total
[2022-04-28T23:48:36.488+0000][7][gc,age      ] GC(9) - age   5:    5655960 bytes,   36460096 total
[2022-04-28T23:48:36.490+0000][7][gc,age      ] GC(9) - age   6:    2130064 bytes,   38590160 total
[2022-04-28T23:48:36.490+0000][7][gc,age      ] GC(9) - age   7:     884952 bytes,   39475112 total
[2022-04-28T23:48:36.491+0000][7][gc,age      ] GC(9) - age   8:    1937288 bytes,   41412400 total
[2022-04-28T23:48:36.492+0000][7][gc,phases   ] GC(9)   Pre Evacuate Collection Set: 0.3ms
[2022-04-28T23:48:36.493+0000][7][gc,phases   ] GC(9)   Merge Heap Roots: 0.2ms
[2022-04-28T23:48:36.494+0000][7][gc,phases   ] GC(9)   Evacuate Collection Set: 15.1ms
[2022-04-28T23:48:36.495+0000][7][gc,phases   ] GC(9)   Post Evacuate Collection Set: 1.3ms
[2022-04-28T23:48:36.496+0000][7][gc,phases   ] GC(9)   Other: 13.2ms
[2022-04-28T23:48:36.497+0000][7][gc,heap     ] GC(9) Eden regions: 71->0(66)
[2022-04-28T23:48:36.498+0000][7][gc,heap     ] GC(9) Survivor regions: 4->10(10)
[2022-04-28T23:48:36.498+0000][7][gc,heap     ] GC(9) Old regions: 2->2
[2022-04-28T23:48:36.499+0000][7][gc,heap     ] GC(9) Archive regions: 2->2
[2022-04-28T23:48:36.500+0000][7][gc,heap     ] GC(9) Humongous regions: 0->0
[2022-04-28T23:48:36.500+0000][7][gc,metaspace] GC(9) Metaspace: 35078K(36096K)->35078K(36096K) NonClass: 30427K(31040K)->30427K(31040K) Class: 4650K(5056K)->4650K(5056K)
[2022-04-28T23:48:36.501+0000][7][gc          ] GC(9) Pause Young (Concurrent Start) (Metadata GC Threshold) 304M->48M(512M) 39.682ms
[2022-04-28T23:48:36.503+0000][7][gc,cpu      ] GC(9) User=0.06s Sys=0.00s Real=0.05s
[2022-04-28T23:48:36.503+0000][7][safepoint   ] Safepoint "CollectForMetadataAllocation", Time since last: 136406083 ns, Reaching safepoint: 172000 ns, At safepoint: 41677125 ns, Total: 41849125 ns
[2022-04-28T23:48:36.503+0000][7][gc          ] GC(10) Concurrent Mark Cycle
[2022-04-28T23:48:36.505+0000][7][gc,marking  ] GC(10) Concurrent Clear Claimed Marks
[2022-04-28T23:48:36.505+0000][7][gc,marking  ] GC(10) Concurrent Clear Claimed Marks 0.828ms
[2022-04-28T23:48:36.506+0000][7][gc,marking  ] GC(10) Concurrent Scan Root Regions
[2022-04-28T23:48:36.515+0000][7][safepoint   ] Safepoint "CollectForMetadataAllocation", Time since last: 11397250 ns, Reaching safepoint: 57667 ns, At safepoint: 36375 ns, Total: 94042 ns
[2022-04-28T23:48:36.521+0000][7][gc,marking  ] GC(10) Concurrent Scan Root Regions 14.949ms
[2022-04-28T23:48:36.522+0000][7][gc,marking  ] GC(10) Concurrent Mark
[2022-04-28T23:48:36.523+0000][7][gc,marking  ] GC(10) Concurrent Mark From Roots
[2022-04-28T23:48:36.525+0000][7][gc,task     ] GC(10) Using 1 workers of 1 for marking
[2022-04-28T23:48:36.528+0000][7][gc,marking  ] GC(10) Concurrent Mark From Roots 4.690ms
[2022-04-28T23:48:36.530+0000][7][gc,marking  ] GC(10) Concurrent Preclean
[2022-04-28T23:48:36.531+0000][7][gc,marking  ] GC(10) Concurrent Preclean 0.976ms
[2022-04-28T23:48:36.532+0000][7][gc,start    ] GC(10) Pause Remark
[2022-04-28T23:48:36.535+0000][7][gc          ] GC(10) Pause Remark 52M->52M(512M) 2.982ms
[2022-04-28T23:48:36.536+0000][7][gc,cpu      ] GC(10) User=0.01s Sys=0.00s Real=0.01s
[2022-04-28T23:48:36.537+0000][7][safepoint   ] Safepoint "G1Concurrent", Time since last: 16447166 ns, Reaching safepoint: 234917 ns, At safepoint: 5113417 ns, Total: 5348334 ns
[2022-04-28T23:48:36.539+0000][7][gc,marking  ] GC(10) Concurrent Mark 16.497ms
[2022-04-28T23:48:36.540+0000][7][gc,marking  ] GC(10) Concurrent Rebuild Remembered Sets
[2022-04-28T23:48:36.543+0000][7][gc,marking  ] GC(10) Concurrent Rebuild Remembered Sets 2.855ms
[2022-04-28T23:48:36.545+0000][7][gc,start    ] GC(10) Pause Cleanup
[2022-04-28T23:48:36.546+0000][7][gc          ] GC(10) Pause Cleanup 52M->52M(512M) 1.273ms
[2022-04-28T23:48:36.546+0000][7][gc,cpu      ] GC(10) User=0.00s Sys=0.00s Real=0.00s
[2022-04-28T23:48:36.547+0000][7][safepoint   ] Safepoint "G1Concurrent", Time since last: 7211708 ns, Reaching safepoint: 607500 ns, At safepoint: 2836833 ns, Total: 3444333 ns
[2022-04-28T23:48:36.549+0000][7][gc,marking  ] GC(10) Concurrent Cleanup for Next Mark
[2022-04-28T23:48:36.550+0000][7][gc,marking  ] GC(10) Concurrent Cleanup for Next Mark 1.016ms
[2022-04-28T23:48:36.550+0000][7][gc          ] GC(10) Concurrent Mark Cycle 47.026ms
[2022-04-28T23:48:36.666+0000][7][safepoint   ] Safepoint "ICBufferFull", Time since last: 118545542 ns, Reaching safepoint: 173959 ns, At safepoint: 14125 ns, Total: 188084 ns
[2022-04-28T23:48:37.084+0000][7][safepoint   ] Safepoint "ICBufferFull", Time since last: 417430875 ns, Reaching safepoint: 246333 ns, At safepoint: 29667 ns, Total: 276000 ns
[2022-04-28T23:48:37.252+0000][7][safepoint   ] Safepoint "ICBufferFull", Time since last: 167914791 ns, Reaching safepoint: 147792 ns, At safepoint: 2542 ns, Total: 150334 ns
[2022-04-28T23:48:37.343+0000][7][gc,start    ] GC(11) Pause Young (Concurrent Start) (G1 Evacuation Pause)
[2022-04-28T23:48:37.345+0000][7][gc,task     ] GC(11) Using 5 workers of 5 for evacuation
[2022-04-28T23:48:37.346+0000][7][gc,age      ] GC(11) Desired survivor size 20971520 bytes, new threshold 1 (max threshold 15)
[2022-04-28T23:48:37.366+0000][7][gc,age      ] GC(11) Age table with threshold 1 (max threshold 15)
[2022-04-28T23:48:37.367+0000][7][gc,age      ] GC(11) - age   1:    6129616 bytes,    6129616 total
[2022-04-28T23:48:37.368+0000][7][gc,phases   ] GC(11)   Pre Evacuate Collection Set: 0.2ms
[2022-04-28T23:48:37.369+0000][7][gc,phases   ] GC(11)   Merge Heap Roots: 0.2ms
[2022-04-28T23:48:37.370+0000][7][gc,phases   ] GC(11)   Evacuate Collection Set: 17.3ms
[2022-04-28T23:48:37.371+0000][7][gc,phases   ] GC(11)   Post Evacuate Collection Set: 1.5ms
[2022-04-28T23:48:37.371+0000][7][gc,phases   ] GC(11)   Other: 5.1ms
[2022-04-28T23:48:37.372+0000][7][gc,heap     ] GC(11) Eden regions: 66->0(74)
[2022-04-28T23:48:37.373+0000][7][gc,heap     ] GC(11) Survivor regions: 10->2(10)
[2022-04-28T23:48:37.373+0000][7][gc,heap     ] GC(11) Old regions: 2->11
[2022-04-28T23:48:37.374+0000][7][gc,heap     ] GC(11) Archive regions: 2->2
[2022-04-28T23:48:37.375+0000][7][gc,heap     ] GC(11) Humongous regions: 0->0
[2022-04-28T23:48:37.376+0000][7][gc,metaspace] GC(11) Metaspace: 52249K(53504K)->52249K(53504K) NonClass: 45160K(45888K)->45160K(45888K) Class: 7089K(7616K)->7089K(7616K)
[2022-04-28T23:48:37.377+0000][7][gc          ] GC(11) Pause Young (Concurrent Start) (G1 Evacuation Pause) 312M->55M(512M) 33.248ms
[2022-04-28T23:48:37.378+0000][7][gc,cpu      ] GC(11) User=0.10s Sys=0.00s Real=0.03s
[2022-04-28T23:48:37.378+0000][7][safepoint   ] Safepoint "G1CollectForAllocation", Time since last: 91329208 ns, Reaching safepoint: 154542 ns, At safepoint: 35147083 ns, Total: 35301625 ns
[2022-04-28T23:48:37.379+0000][7][gc          ] GC(12) Concurrent Mark Cycle
[2022-04-28T23:48:37.380+0000][7][gc,marking  ] GC(12) Concurrent Clear Claimed Marks
[2022-04-28T23:48:37.382+0000][7][gc,marking  ] GC(12) Concurrent Clear Claimed Marks 1.136ms
[2022-04-28T23:48:37.382+0000][7][gc,marking  ] GC(12) Concurrent Scan Root Regions
[2022-04-28T23:48:37.400+0000][7][gc,marking  ] GC(12) Concurrent Scan Root Regions 17.938ms
[2022-04-28T23:48:37.401+0000][7][gc,marking  ] GC(12) Concurrent Mark
[2022-04-28T23:48:37.402+0000][7][gc,marking  ] GC(12) Concurrent Mark From Roots
[2022-04-28T23:48:37.404+0000][7][gc,task     ] GC(12) Using 1 workers of 1 for marking
[2022-04-28T23:48:37.409+0000][7][gc,marking  ] GC(12) Concurrent Mark From Roots 6.695ms
[2022-04-28T23:48:37.410+0000][7][gc,marking  ] GC(12) Concurrent Preclean
[2022-04-28T23:48:37.411+0000][7][gc,marking  ] GC(12) Concurrent Preclean 0.830ms
[2022-04-28T23:48:37.412+0000][7][gc,start    ] GC(12) Pause Remark
[2022-04-28T23:48:37.416+0000][7][gc          ] GC(12) Pause Remark 71M->71M(512M) 4.471ms
[2022-04-28T23:48:37.418+0000][7][gc,cpu      ] GC(12) User=0.01s Sys=0.01s Real=0.01s
[2022-04-28T23:48:37.418+0000][7][safepoint   ] Safepoint "G1Concurrent", Time since last: 32983875 ns, Reaching safepoint: 397709 ns, At safepoint: 6608000 ns, Total: 7005709 ns
[2022-04-28T23:48:37.420+0000][7][gc,marking  ] GC(12) Concurrent Mark 18.500ms
[2022-04-28T23:48:37.420+0000][7][gc,marking  ] GC(12) Concurrent Rebuild Remembered Sets
[2022-04-28T23:48:37.421+0000][7][gc,marking  ] GC(12) Concurrent Rebuild Remembered Sets 0.542ms
[2022-04-28T23:48:37.422+0000][7][gc,start    ] GC(12) Pause Cleanup
[2022-04-28T23:48:37.422+0000][7][gc          ] GC(12) Pause Cleanup 73M->73M(512M) 0.668ms
[2022-04-28T23:48:37.423+0000][7][gc,cpu      ] GC(12) User=0.00s Sys=0.00s Real=0.01s
[2022-04-28T23:48:37.424+0000][7][safepoint   ] Safepoint "G1Concurrent", Time since last: 3127833 ns, Reaching safepoint: 196542 ns, At safepoint: 1756166 ns, Total: 1952708 ns
[2022-04-28T23:48:37.424+0000][7][gc,marking  ] GC(12) Concurrent Cleanup for Next Mark
[2022-04-28T23:48:37.425+0000][7][gc,marking  ] GC(12) Concurrent Cleanup for Next Mark 0.700ms
[2022-04-28T23:48:37.426+0000][7][gc          ] GC(12) Concurrent Mark Cycle 47.176ms
[2022-04-28T23:48:37.672+0000][7][safepoint   ] Safepoint "ICBufferFull", Time since last: 248331125 ns, Reaching safepoint: 497959 ns, At safepoint: 23875 ns, Total: 521834 ns
[2022-04-28T23:48:38.047+0000][7][safepoint   ] Safepoint "ICBufferFull", Time since last: 374050333 ns, Reaching safepoint: 216209 ns, At safepoint: 6125 ns, Total: 222334 ns
[2022-04-28T23:48:38.305+0000][7][safepoint   ] Safepoint "ICBufferFull", Time since last: 258277208 ns, Reaching safepoint: 233958 ns, At safepoint: 2750 ns, Total: 236708 ns
[2022-04-28T23:48:38.508+0000][7][safepoint   ] Safepoint "ICBufferFull", Time since last: 202165875 ns, Reaching safepoint: 158792 ns, At safepoint: 3417 ns, Total: 162209 ns
[2022-04-28T23:48:38.817+0000][7][safepoint   ] Safepoint "ICBufferFull", Time since last: 309904082 ns, Reaching safepoint: 233917 ns, At safepoint: 3125 ns, Total: 237042 ns
[2022-04-28T23:48:38.947+0000][7][safepoint   ] Safepoint "ICBufferFull", Time since last: 129866292 ns, Reaching safepoint: 202916 ns, At safepoint: 31750 ns, Total: 234666 ns
[2022-04-28T23:48:38.995+0000][7][gc,start    ] GC(13) Pause Young (Normal) (G1 Evacuation Pause)
[2022-04-28T23:48:38.997+0000][7][gc,task     ] GC(13) Using 5 workers of 5 for evacuation
[2022-04-28T23:48:38.998+0000][7][gc,age      ] GC(13) Desired survivor size 20971520 bytes, new threshold 15 (max threshold 15)
[2022-04-28T23:48:39.013+0000][7][gc,age      ] GC(13) Age table with threshold 15 (max threshold 15)
[2022-04-28T23:48:39.014+0000][7][gc,age      ] GC(13) - age   1:   13748072 bytes,   13748072 total
[2022-04-28T23:48:39.015+0000][7][gc,age      ] GC(13) - age   2:    5906936 bytes,   19655008 total
[2022-04-28T23:48:39.016+0000][7][gc,phases   ] GC(13)   Pre Evacuate Collection Set: 0.3ms
[2022-04-28T23:48:39.017+0000][7][gc,phases   ] GC(13)   Merge Heap Roots: 0.2ms
[2022-04-28T23:48:39.017+0000][7][gc,phases   ] GC(13)   Evacuate Collection Set: 11.3ms
[2022-04-28T23:48:39.018+0000][7][gc,phases   ] GC(13)   Post Evacuate Collection Set: 1.3ms
[2022-04-28T23:48:39.019+0000][7][gc,phases   ] GC(13)   Other: 7.1ms
[2022-04-28T23:48:39.020+0000][7][gc,heap     ] GC(13) Eden regions: 74->0(71)
[2022-04-28T23:48:39.020+0000][7][gc,heap     ] GC(13) Survivor regions: 2->5(10)
[2022-04-28T23:48:39.021+0000][7][gc,heap     ] GC(13) Old regions: 11->11
[2022-04-28T23:48:39.022+0000][7][gc,heap     ] GC(13) Archive regions: 2->2
[2022-04-28T23:48:39.023+0000][7][gc,heap     ] GC(13) Humongous regions: 0->0
[2022-04-28T23:48:39.023+0000][7][gc,metaspace] GC(13) Metaspace: 85810K(87232K)->85810K(87232K) NonClass: 73886K(74752K)->73886K(74752K) Class: 11923K(12480K)->11923K(12480K)
[2022-04-28T23:48:39.024+0000][7][gc          ] GC(13) Pause Young (Normal) (G1 Evacuation Pause) 351M->67M(512M) 28.348ms
[2022-04-28T23:48:39.025+0000][7][gc,cpu      ] GC(13) User=0.05s Sys=0.01s Real=0.03s
[2022-04-28T23:48:39.025+0000][7][safepoint   ] Safepoint "G1CollectForAllocation", Time since last: 47835417 ns, Reaching safepoint: 161917 ns, At safepoint: 29943250 ns, Total: 30105167 ns
[2022-04-28T23:48:39.061+0000][7][safepoint   ] Safepoint "ICBufferFull", Time since last: 35511000 ns, Reaching safepoint: 190250 ns, At safepoint: 17916 ns, Total: 208166 ns
[2022-04-28T23:48:39.074+0000][7][safepoint   ] Safepoint "ICBufferFull", Time since last: 12355709 ns, Reaching safepoint: 191875 ns, At safepoint: 12291 ns, Total: 204166 ns
[2022-04-28T23:48:39.325+0000][7][safepoint   ] Safepoint "ICBufferFull", Time since last: 250954626 ns, Reaching safepoint: 250000 ns, At safepoint: 3958 ns, Total: 253958 ns
[2022-04-28T23:48:39.446+0000][7][gc,start    ] GC(14) Pause Young (Concurrent Start) (Metadata GC Threshold)
[2022-04-28T23:48:39.448+0000][7][gc,task     ] GC(14) Using 5 workers of 5 for evacuation
[2022-04-28T23:48:39.449+0000][7][gc,age      ] GC(14) Desired survivor size 20971520 bytes, new threshold 15 (max threshold 15)
[2022-04-28T23:48:39.458+0000][7][gc,age      ] GC(14) Age table with threshold 15 (max threshold 15)
[2022-04-28T23:48:39.459+0000][7][gc,age      ] GC(14) - age   1:     660184 bytes,     660184 total
[2022-04-28T23:48:39.460+0000][7][gc,age      ] GC(14) - age   2:   13427256 bytes,   14087440 total
[2022-04-28T23:48:39.460+0000][7][gc,age      ] GC(14) - age   3:    5881264 bytes,   19968704 total
[2022-04-28T23:48:39.461+0000][7][gc,phases   ] GC(14)   Pre Evacuate Collection Set: 0.2ms
[2022-04-28T23:48:39.462+0000][7][gc,phases   ] GC(14)   Merge Heap Roots: 0.4ms
[2022-04-28T23:48:39.462+0000][7][gc,phases   ] GC(14)   Evacuate Collection Set: 6.3ms
[2022-04-28T23:48:39.463+0000][7][gc,phases   ] GC(14)   Post Evacuate Collection Set: 1.1ms
[2022-04-28T23:48:39.464+0000][7][gc,phases   ] GC(14)   Other: 6.8ms
[2022-04-28T23:48:39.465+0000][7][gc,heap     ] GC(14) Eden regions: 7->0(70)
[2022-04-28T23:48:39.465+0000][7][gc,heap     ] GC(14) Survivor regions: 5->6(10)
[2022-04-28T23:48:39.466+0000][7][gc,heap     ] GC(14) Old regions: 11->11
[2022-04-28T23:48:39.466+0000][7][gc,heap     ] GC(14) Archive regions: 2->2
[2022-04-28T23:48:39.467+0000][7][gc,heap     ] GC(14) Humongous regions: 0->0
[2022-04-28T23:48:39.468+0000][7][gc,metaspace] GC(14) Metaspace: 87681K(89216K)->87681K(89216K) NonClass: 75495K(76352K)->75495K(76352K) Class: 12186K(12864K)->12186K(12864K)
[2022-04-28T23:48:39.468+0000][7][gc          ] GC(14) Pause Young (Concurrent Start) (Metadata GC Threshold) 94M->69M(512M) 22.007ms
[2022-04-28T23:48:39.469+0000][7][gc,cpu      ] GC(14) User=0.03s Sys=0.00s Real=0.02s
[2022-04-28T23:48:39.470+0000][7][gc          ] GC(15) Concurrent Mark Cycle
[2022-04-28T23:48:39.471+0000][7][gc,marking  ] GC(15) Concurrent Clear Claimed Marks
[2022-04-28T23:48:39.470+0000][7][safepoint   ] Safepoint "CollectForMetadataAllocation", Time since last: 121466167 ns, Reaching safepoint: 56375 ns, At safepoint: 23201958 ns, Total: 23258333 ns
[2022-04-28T23:48:39.472+0000][7][gc,marking  ] GC(15) Concurrent Clear Claimed Marks 0.754ms
[2022-04-28T23:48:39.473+0000][7][gc,marking  ] GC(15) Concurrent Scan Root Regions
[2022-04-28T23:48:39.485+0000][7][gc,marking  ] GC(15) Concurrent Scan Root Regions 11.629ms
[2022-04-28T23:48:39.486+0000][7][gc,marking  ] GC(15) Concurrent Mark
[2022-04-28T23:48:39.487+0000][7][gc,marking  ] GC(15) Concurrent Mark From Roots
[2022-04-28T23:48:39.489+0000][7][gc,task     ] GC(15) Using 1 workers of 1 for marking
[2022-04-28T23:48:39.528+0000][7][gc,marking  ] GC(15) Concurrent Mark From Roots 40.603ms
[2022-04-28T23:48:39.530+0000][7][gc,marking  ] GC(15) Concurrent Preclean
[2022-04-28T23:48:39.531+0000][7][gc,marking  ] GC(15) Concurrent Preclean 1.178ms
[2022-04-28T23:48:39.532+0000][7][gc,start    ] GC(15) Pause Remark
[2022-04-28T23:48:39.537+0000][7][gc          ] GC(15) Pause Remark 73M->73M(512M) 4.377ms
[2022-04-28T23:48:39.538+0000][7][gc,cpu      ] GC(15) User=0.01s Sys=0.00s Real=0.00s
[2022-04-28T23:48:39.539+0000][7][safepoint   ] Safepoint "G1Concurrent", Time since last: 62409500 ns, Reaching safepoint: 217208 ns, At safepoint: 6320709 ns, Total: 6537917 ns
[2022-04-28T23:48:39.541+0000][7][gc,marking  ] GC(15) Concurrent Mark 54.438ms
[2022-04-28T23:48:39.542+0000][7][gc,marking  ] GC(15) Concurrent Rebuild Remembered Sets
[2022-04-28T23:48:39.543+0000][7][gc,marking  ] GC(15) Concurrent Rebuild Remembered Sets 0.971ms
[2022-04-28T23:48:39.545+0000][7][gc,start    ] GC(15) Pause Cleanup
[2022-04-28T23:48:39.545+0000][7][gc          ] GC(15) Pause Cleanup 73M->73M(512M) 0.637ms
[2022-04-28T23:48:39.546+0000][7][gc,cpu      ] GC(15) User=0.00s Sys=0.00s Real=0.00s
[2022-04-28T23:48:39.547+0000][7][safepoint   ] Safepoint "G1Concurrent", Time since last: 5613375 ns, Reaching safepoint: 344416 ns, At safepoint: 2294542 ns, Total: 2638958 ns
[2022-04-28T23:48:39.548+0000][7][gc,marking  ] GC(15) Concurrent Cleanup for Next Mark
[2022-04-28T23:48:39.549+0000][7][gc,marking  ] GC(15) Concurrent Cleanup for Next Mark 1.377ms
[2022-04-28T23:48:39.550+0000][7][gc          ] GC(15) Concurrent Mark Cycle 80.521ms
[2022-04-28T23:48:39.881+0000][7][safepoint   ] Safepoint "ICBufferFull", Time since last: 333924917 ns, Reaching safepoint: 171458 ns, At safepoint: 15792 ns, Total: 187250 ns
[2022-04-28T23:48:39.945+0000][7][safepoint   ] Safepoint "ICBufferFull", Time since last: 63942666 ns, Reaching safepoint: 312250 ns, At safepoint: 5125 ns, Total: 317375 ns
[2022-04-28T23:48:40.292+0000][7][safepoint   ] Safepoint "ICBufferFull", Time since last: 346992417 ns, Reaching safepoint: 169000 ns, At safepoint: 18334 ns, Total: 187334 ns
[2022-04-28T23:48:40.648+0000][7][safepoint   ] Safepoint "ICBufferFull", Time since last: 354395208 ns, Reaching safepoint: 872792 ns, At safepoint: 19458 ns, Total: 892250 ns
[2022-04-28T23:48:40.866+0000][7][safepoint   ] Safepoint "ICBufferFull", Time since last: 216565625 ns, Reaching safepoint: 1355125 ns, At safepoint: 32209 ns, Total: 1387334 ns
[2022-04-28T23:48:41.025+0000][7][safepoint   ] Safepoint "ICBufferFull", Time since last: 158275375 ns, Reaching safepoint: 704500 ns, At safepoint: 23166 ns, Total: 727666 ns
[2022-04-28T23:48:41.249+0000][7][safepoint   ] Safepoint "ICBufferFull", Time since last: 224269542 ns, Reaching safepoint: 260417 ns, At safepoint: 13166 ns, Total: 273583 ns
[2022-04-28T23:48:41.566+0000][7][safepoint   ] Safepoint "ICBufferFull", Time since last: 316799459 ns, Reaching safepoint: 173208 ns, At safepoint: 2917 ns, Total: 176125 ns
[2022-04-28T23:48:41.772+0000][7][safepoint   ] Safepoint "ICBufferFull", Time since last: 205903875 ns, Reaching safepoint: 325333 ns, At safepoint: 6459 ns, Total: 331792 ns
[2022-04-28T23:48:41.842+0000][7][safepoint   ] Safepoint "ICBufferFull", Time since last: 69079625 ns, Reaching safepoint: 167500 ns, At safepoint: 8958 ns, Total: 176458 ns
[2022-04-28T23:48:41.854+0000][7][safepoint   ] Safepoint "ICBufferFull", Time since last: 12068542 ns, Reaching safepoint: 273708 ns, At safepoint: 30917 ns, Total: 304625 ns
[2022-04-28T23:48:42.050+0000][7][safepoint   ] Safepoint "ICBufferFull", Time since last: 195487000 ns, Reaching safepoint: 117125 ns, At safepoint: 13291 ns, Total: 130416 ns
[2022-04-28T23:48:42.511+0000][7][safepoint   ] Safepoint "ICBufferFull", Time since last: 460849792 ns, Reaching safepoint: 179459 ns, At safepoint: 22666 ns, Total: 202125 ns
[2022-04-28T23:48:42.743+0000][7][safepoint   ] Safepoint "G1CollectForAllocation", Time since last: 232009250 ns, Reaching safepoint: 163584 ns, At safepoint: 20416 ns, Total: 184000 ns
[2022-04-28T23:48:42.749+0000][7][gc,start    ] GC(16) Pause Young (Normal) (GCLocker Initiated GC)
[2022-04-28T23:48:42.750+0000][7][gc,task     ] GC(16) Using 5 workers of 5 for evacuation
[2022-04-28T23:48:42.751+0000][7][gc,age      ] GC(16) Desired survivor size 20971520 bytes, new threshold 15 (max threshold 15)
[2022-04-28T23:48:42.765+0000][7][gc,age      ] GC(16) Age table with threshold 15 (max threshold 15)
[2022-04-28T23:48:42.766+0000][7][gc,age      ] GC(16) - age   1:   11936848 bytes,   11936848 total
[2022-04-28T23:48:42.767+0000][7][gc,age      ] GC(16) - age   2:     515888 bytes,   12452736 total
[2022-04-28T23:48:42.768+0000][7][gc,age      ] GC(16) - age   3:   13269248 bytes,   25721984 total
[2022-04-28T23:48:42.770+0000][7][gc,age      ] GC(16) - age   4:    5699288 bytes,   31421272 total
[2022-04-28T23:48:42.771+0000][7][gc,phases   ] GC(16)   Pre Evacuate Collection Set: 0.2ms
[2022-04-28T23:48:42.772+0000][7][gc,phases   ] GC(16)   Merge Heap Roots: 0.1ms
[2022-04-28T23:48:42.773+0000][7][gc,phases   ] GC(16)   Evacuate Collection Set: 11.2ms
[2022-04-28T23:48:42.774+0000][7][gc,phases   ] GC(16)   Post Evacuate Collection Set: 1.4ms
[2022-04-28T23:48:42.775+0000][7][gc,phases   ] GC(16)   Other: 9.3ms
[2022-04-28T23:48:42.776+0000][7][gc,heap     ] GC(16) Eden regions: 70->0(68)
[2022-04-28T23:48:42.777+0000][7][gc,heap     ] GC(16) Survivor regions: 6->8(10)
[2022-04-28T23:48:42.778+0000][7][gc,heap     ] GC(16) Old regions: 11->11
[2022-04-28T23:48:42.779+0000][7][gc,heap     ] GC(16) Archive regions: 2->2
[2022-04-28T23:48:42.780+0000][7][gc,heap     ] GC(16) Humongous regions: 6->6
[2022-04-28T23:48:42.781+0000][7][gc,metaspace] GC(16) Metaspace: 100996K(102528K)->100996K(102528K) NonClass: 86805K(87744K)->86805K(87744K) Class: 14191K(14784K)->14191K(14784K)
[2022-04-28T23:48:42.782+0000][7][gc          ] GC(16) Pause Young (Normal) (GCLocker Initiated GC) 372M->103M(512M) 32.420ms
[2022-04-28T23:48:42.782+0000][7][gc,cpu      ] GC(16) User=0.07s Sys=0.01s Real=0.04s
[2022-04-28T23:48:42.783+0000][7][safepoint   ] Safepoint "G1CollectForAllocation", Time since last: 5902584 ns, Reaching safepoint: 362708 ns, At safepoint: 33972958 ns, Total: 34335666 ns
[2022-04-28T23:48:43.299+0000][7][safepoint   ] Safepoint "ICBufferFull", Time since last: 515191959 ns, Reaching safepoint: 232958 ns, At safepoint: 38084 ns, Total: 271042 ns
[2022-04-28T23:48:43.916+0000][7][safepoint   ] Safepoint "ICBufferFull", Time since last: 617748833 ns, Reaching safepoint: 107959 ns, At safepoint: 74291 ns, Total: 182250 ns
[2022-04-28T23:48:44.603+0000][7][safepoint   ] Safepoint "ICBufferFull", Time since last: 686182917 ns, Reaching safepoint: 434709 ns, At safepoint: 27041 ns, Total: 461750 ns
[2022-04-28T23:48:44.668+0000][7][safepoint   ] Safepoint "ICBufferFull", Time since last: 64354417 ns, Reaching safepoint: 202542 ns, At safepoint: 10166 ns, Total: 212708 ns
[2022-04-28T23:48:44.669+0000][7][safepoint   ] Safepoint "ICBufferFull", Time since last: 1617167 ns, Reaching safepoint: 151625 ns, At safepoint: 8625 ns, Total: 160250 ns
[2022-04-28T23:48:44.736+0000][7][safepoint   ] Safepoint "ICBufferFull", Time since last: 66866750 ns, Reaching safepoint: 122500 ns, At safepoint: 2083 ns, Total: 124583 ns
[2022-04-28T23:48:45.153+0000][7][safepoint   ] Safepoint "ICBufferFull", Time since last: 416065126 ns, Reaching safepoint: 925583 ns, At safepoint: 8750 ns, Total: 934333 ns
[2022-04-28T23:48:45.313+0000][7][safepoint   ] Safepoint "ICBufferFull", Time since last: 159407750 ns, Reaching safepoint: 600500 ns, At safepoint: 5083 ns, Total: 605583 ns
[2022-04-28T23:48:45.399+0000][7][safepoint   ] Safepoint "ICBufferFull", Time since last: 85270459 ns, Reaching safepoint: 285708 ns, At safepoint: 29000 ns, Total: 314708 ns
[2022-04-28T23:48:46.402+0000][7][safepoint   ] Safepoint "Cleanup", Time since last: 1002535626 ns, Reaching safepoint: 494458 ns, At safepoint: 8500 ns, Total: 502958 ns
[2022-04-28T23:48:47.407+0000][7][safepoint   ] Safepoint "Cleanup", Time since last: 1004572292 ns, Reaching safepoint: 691625 ns, At safepoint: 13583 ns, Total: 705208 ns
[2022-04-28T23:48:48.299+0000][7][safepoint   ] Safepoint "ICBufferFull", Time since last: 891402917 ns, Reaching safepoint: 234209 ns, At safepoint: 10125 ns, Total: 244334 ns
[2022-04-28T23:48:49.302+0000][7][safepoint   ] Safepoint "Cleanup", Time since last: 1002627000 ns, Reaching safepoint: 165792 ns, At safepoint: 5583 ns, Total: 171375 ns
[2022-04-28T23:48:51.011+0000][7][safepoint   ] Safepoint "ICBufferFull", Time since last: 1708675293 ns, Reaching safepoint: 231083 ns, At safepoint: 13833 ns, Total: 244916 ns
[2022-04-28T23:48:52.014+0000][7][safepoint   ] Safepoint "Cleanup", Time since last: 1002082084 ns, Reaching safepoint: 795875 ns, At safepoint: 19125 ns, Total: 815000 ns
[2022-04-28T23:48:53.025+0000][7][safepoint   ] Safepoint "Cleanup", Time since last: 1011240292 ns, Reaching safepoint: 342167 ns, At safepoint: 10458 ns, Total: 352625 ns
[2022-04-28T23:48:54.037+0000][7][safepoint   ] Safepoint "Cleanup", Time since last: 1010652959 ns, Reaching safepoint: 710959 ns, At safepoint: 12500 ns, Total: 723459 ns
[2022-04-28T23:48:56.052+0000][7][safepoint   ] Safepoint "Cleanup", Time since last: 2014550084 ns, Reaching safepoint: 362208 ns, At safepoint: 11917 ns, Total: 374125 ns
[2022-04-28T23:48:57.021+0000][7][safepoint   ] Safepoint "ICBufferFull", Time since last: 969324750 ns, Reaching safepoint: 204917 ns, At safepoint: 5917 ns, Total: 210834 ns
[2022-04-28T23:48:58.027+0000][7][safepoint   ] Safepoint "Cleanup", Time since last: 1005543958 ns, Reaching safepoint: 158959 ns, At safepoint: 13333 ns, Total: 172292 ns
[2022-04-28T23:48:59.030+0000][7][safepoint   ] Safepoint "Cleanup", Time since last: 1002639709 ns, Reaching safepoint: 312708 ns, At safepoint: 8750 ns, Total: 321458 ns
[2022-04-28T23:49:00.037+0000][7][safepoint   ] Safepoint "Cleanup", Time since last: 1006820376 ns, Reaching safepoint: 279750 ns, At safepoint: 136416 ns, Total: 416166 ns
[2022-04-28T23:49:01.040+0000][7][safepoint   ] Safepoint "Cleanup", Time since last: 1002573209 ns, Reaching safepoint: 130584 ns, At safepoint: 4666 ns, Total: 135250 ns
[2022-04-28T23:49:02.007+0000][7][safepoint   ] Safepoint "ICBufferFull", Time since last: 967438959 ns, Reaching safepoint: 268583 ns, At safepoint: 11250 ns, Total: 279833 ns
[2022-04-28T23:49:02.660+0000][7][safepoint   ] Safepoint "ICBufferFull", Time since last: 652680042 ns, Reaching safepoint: 272459 ns, At safepoint: 22125 ns, Total: 294584 ns
[2022-04-28T23:49:03.665+0000][7][safepoint   ] Safepoint "Cleanup", Time since last: 1003958333 ns, Reaching safepoint: 288250 ns, At safepoint: 5834 ns, Total: 294084 ns
[2022-04-28T23:49:04.667+0000][7][safepoint   ] Safepoint "Cleanup", Time since last: 1002026750 ns, Reaching safepoint: 323792 ns, At safepoint: 5458 ns, Total: 329250 ns
[2022-04-28T23:49:05.669+0000][7][safepoint   ] Safepoint "Cleanup", Time since last: 1001723417 ns, Reaching safepoint: 300292 ns, At safepoint: 38833 ns, Total: 339125 ns
[2022-04-28T23:49:06.677+0000][7][safepoint   ] Safepoint "Cleanup", Time since last: 1007179626 ns, Reaching safepoint: 455083 ns, At safepoint: 10000 ns, Total: 465083 ns
[2022-04-28T23:49:08.686+0000][7][safepoint   ] Safepoint "Cleanup", Time since last: 2007939334 ns, Reaching safepoint: 230833 ns, At safepoint: 100834 ns, Total: 331667 ns
[2022-04-28T23:49:09.468+0000][7][safepoint   ] Safepoint "ICBufferFull", Time since last: 780947875 ns, Reaching safepoint: 394833 ns, At safepoint: 5000 ns, Total: 399833 ns
[2022-04-28T23:49:10.472+0000][7][safepoint   ] Safepoint "Cleanup", Time since last: 1003070417 ns, Reaching safepoint: 754375 ns, At safepoint: 11625 ns, Total: 766000 ns
[2022-04-28T23:49:11.475+0000][7][safepoint   ] Safepoint "Cleanup", Time since last: 1002970793 ns, Reaching safepoint: 297291 ns, At safepoint: 10000 ns, Total: 307291 ns
[2022-04-28T23:49:12.478+0000][7][safepoint   ] Safepoint "Cleanup", Time since last: 1003193709 ns, Reaching safepoint: 135250 ns, At safepoint: 4167 ns, Total: 139417 ns
[2022-04-28T23:49:13.313+0000][7][gc,start    ] GC(17) Pause Young (Normal) (G1 Evacuation Pause)
[2022-04-28T23:49:13.321+0000][7][gc,task     ] GC(17) Using 5 workers of 5 for evacuation
[2022-04-28T23:49:13.324+0000][7][gc,age      ] GC(17) Desired survivor size 20971520 bytes, new threshold 3 (max threshold 15)
[2022-04-28T23:49:13.356+0000][7][gc,age      ] GC(17) Age table with threshold 3 (max threshold 15)
[2022-04-28T23:49:13.358+0000][7][gc,age      ] GC(17) - age   1:    3759456 bytes,    3759456 total
[2022-04-28T23:49:13.360+0000][7][gc,age      ] GC(17) - age   2:    9344400 bytes,   13103856 total
[2022-04-28T23:49:13.361+0000][7][gc,age      ] GC(17) - age   3:     515240 bytes,   13619096 total
[2022-04-28T23:49:13.364+0000][7][gc,phases   ] GC(17)   Pre Evacuate Collection Set: 0.7ms
[2022-04-28T23:49:13.365+0000][7][gc,phases   ] GC(17)   Merge Heap Roots: 0.7ms
[2022-04-28T23:49:13.366+0000][7][gc,phases   ] GC(17)   Evacuate Collection Set: 25.0ms
[2022-04-28T23:49:13.368+0000][7][gc,phases   ] GC(17)   Post Evacuate Collection Set: 2.7ms
[2022-04-28T23:49:13.369+0000][7][gc,phases   ] GC(17)   Other: 22.1ms
[2022-04-28T23:49:13.371+0000][7][gc,heap     ] GC(17) Eden regions: 68->0(72)
[2022-04-28T23:49:13.372+0000][7][gc,heap     ] GC(17) Survivor regions: 8->4(10)
[2022-04-28T23:49:13.373+0000][7][gc,heap     ] GC(17) Old regions: 11->16
[2022-04-28T23:49:13.374+0000][7][gc,heap     ] GC(17) Archive regions: 2->2
[2022-04-28T23:49:13.375+0000][7][gc,heap     ] GC(17) Humongous regions: 6->6
[2022-04-28T23:49:13.376+0000][7][gc,metaspace] GC(17) Metaspace: 107115K(108864K)->107115K(108864K) NonClass: 92224K(93248K)->92224K(93248K) Class: 14891K(15616K)->14891K(15616K)
[2022-04-28T23:49:13.378+0000][7][gc          ] GC(17) Pause Young (Normal) (G1 Evacuation Pause) 375M->105M(512M) 64.835ms
[2022-04-28T23:49:13.379+0000][7][gc,cpu      ] GC(17) User=0.12s Sys=0.01s Real=0.07s
[2022-04-28T23:49:13.380+0000][7][safepoint   ] Safepoint "G1CollectForAllocation", Time since last: 834189167 ns, Reaching safepoint: 462875 ns, At safepoint: 66956333 ns, Total: 67419208 ns
[2022-04-28T23:49:14.392+0000][7][safepoint   ] Safepoint "Cleanup", Time since last: 1012352501 ns, Reaching safepoint: 327333 ns, At safepoint: 16083 ns, Total: 343416 ns
[2022-04-28T23:49:15.395+0000][7][safepoint   ] Safepoint "Cleanup", Time since last: 1002091917 ns, Reaching safepoint: 217500 ns, At safepoint: 4959 ns, Total: 222459 ns
[2022-04-28T23:49:16.402+0000][7][safepoint   ] Safepoint "Cleanup", Time since last: 1005953792 ns, Reaching safepoint: 1468542 ns, At safepoint: 10125 ns, Total: 1478667 ns
[2022-04-28T23:49:18.414+0000][7][safepoint   ] Safepoint "Cleanup", Time since last: 2010623000 ns, Reaching safepoint: 433584 ns, At safepoint: 11750 ns, Total: 445334 ns
[2022-04-28T23:49:19.419+0000][7][safepoint   ] Safepoint "Cleanup", Time since last: 1006083625 ns, Reaching safepoint: 139084 ns, At safepoint: 6291 ns, Total: 145375 ns
[2022-04-28T23:49:20.653+0000][7][safepoint   ] Safepoint "Cleanup", Time since last: 1233175418 ns, Reaching safepoint: 166625 ns, At safepoint: 17750 ns, Total: 184375 ns
[2022-04-28T23:49:21.657+0000][7][safepoint   ] Safepoint "Cleanup", Time since last: 1003238542 ns, Reaching safepoint: 495416 ns, At safepoint: 8250 ns, Total: 503666 ns
[2022-04-28T23:49:22.667+0000][7][safepoint   ] Safepoint "Cleanup", Time since last: 1009579793 ns, Reaching safepoint: 423916 ns, At safepoint: 13042 ns, Total: 436958 ns
[2022-04-28T23:49:23.680+0000][7][safepoint   ] Safepoint "Cleanup", Time since last: 1013415042 ns, Reaching safepoint: 212167 ns, At safepoint: 9375 ns, Total: 221542 ns
[2022-04-28T23:49:26.684+0000][7][safepoint   ] Safepoint "Cleanup", Time since last: 3003798043 ns, Reaching safepoint: 68250 ns, At safepoint: 2083 ns, Total: 70333 ns
[2022-04-28T23:49:27.688+0000][7][safepoint   ] Safepoint "Cleanup", Time since last: 1003810126 ns, Reaching safepoint: 298041 ns, At safepoint: 9709 ns, Total: 307750 ns
[2022-04-28T23:49:28.705+0000][7][safepoint   ] Safepoint "Cleanup", Time since last: 1016286542 ns, Reaching safepoint: 90000 ns, At safepoint: 3458 ns, Total: 93458 ns
[2022-04-28T23:49:29.707+0000][7][safepoint   ] Safepoint "Cleanup", Time since last: 1002271167 ns, Reaching safepoint: 98917 ns, At safepoint: 4583 ns, Total: 103500 ns
[2022-04-28T23:49:31.719+0000][7][safepoint   ] Safepoint "Cleanup", Time since last: 2011841710 ns, Reaching safepoint: 276916 ns, At safepoint: 10417 ns, Total: 287333 ns
[2022-04-28T23:49:32.733+0000][7][safepoint   ] Safepoint "Cleanup", Time since last: 1013741292 ns, Reaching safepoint: 182458 ns, At safepoint: 4417 ns, Total: 186875 ns
[2022-04-28T23:49:33.735+0000][7][safepoint   ] Safepoint "Cleanup", Time since last: 1001719417 ns, Reaching safepoint: 187833 ns, At safepoint: 3959 ns, Total: 191792 ns
[2022-04-28T23:49:34.739+0000][7][safepoint   ] Safepoint "Cleanup", Time since last: 1003060250 ns, Reaching safepoint: 942834 ns, At safepoint: 11958 ns, Total: 954792 ns
[2022-04-28T23:49:35.749+0000][7][safepoint   ] Safepoint "Cleanup", Time since last: 1009836250 ns, Reaching safepoint: 299917 ns, At safepoint: 12500 ns, Total: 312417 ns
[2022-04-28T23:49:36.753+0000][7][safepoint   ] Safepoint "Cleanup", Time since last: 1002960751 ns, Reaching safepoint: 425416 ns, At safepoint: 16792 ns, Total: 442208 ns
[2022-04-28T23:49:37.770+0000][7][safepoint   ] Safepoint "Cleanup", Time since last: 1017461292 ns, Reaching safepoint: 128417 ns, At safepoint: 4375 ns, Total: 132792 ns
[2022-04-28T23:49:38.779+0000][7][safepoint   ] Safepoint "Cleanup", Time since last: 1002003916 ns, Reaching safepoint: 211750 ns, At safepoint: 8750 ns, Total: 220500 ns
[2022-04-28T23:49:39.780+0000][7][safepoint   ] Safepoint "Cleanup", Time since last: 1001420626 ns, Reaching safepoint: 397708 ns, At safepoint: 40417 ns, Total: 438125 ns
[2022-04-28T23:49:40.783+0000][7][safepoint   ] Safepoint "Cleanup", Time since last: 1002876500 ns, Reaching safepoint: 239417 ns, At safepoint: 8750 ns, Total: 248167 ns
[2022-04-28T23:49:41.786+0000][7][safepoint   ] Safepoint "Cleanup", Time since last: 1001579750 ns, Reaching safepoint: 581459 ns, At safepoint: 11041 ns, Total: 592500 ns
[2022-04-28T23:49:42.788+0000][7][safepoint   ] Safepoint "Cleanup", Time since last: 1001108251 ns, Reaching safepoint: 968875 ns, At safepoint: 9583 ns, Total: 978458 ns
[2022-04-28T23:49:43.807+0000][7][safepoint   ] Safepoint "Cleanup", Time since last: 1018274001 ns, Reaching safepoint: 631041 ns, At safepoint: 17959 ns, Total: 649000 ns
[2022-04-28T23:49:44.813+0000][7][safepoint   ] Safepoint "Cleanup", Time since last: 1005683083 ns, Reaching safepoint: 218584 ns, At safepoint: 6166 ns, Total: 224750 ns
[2022-04-28T23:49:45.820+0000][7][safepoint   ] Safepoint "Cleanup", Time since last: 1007224126 ns, Reaching safepoint: 225417 ns, At safepoint: 7416 ns, Total: 232833 ns
[2022-04-28T23:49:46.823+0000][7][safepoint   ] Safepoint "Cleanup", Time since last: 1002441709 ns, Reaching safepoint: 221750 ns, At safepoint: 6292 ns, Total: 228042 ns
[2022-04-28T23:49:47.710+0000][7][safepoint   ] Safepoint "ICBufferFull", Time since last: 887547375 ns, Reaching safepoint: 176750 ns, At safepoint: 38500 ns, Total: 215250 ns
[2022-04-28T23:49:49.167+0000][7][safepoint   ] Safepoint "Cleanup", Time since last: 1456267918 ns, Reaching safepoint: 684666 ns, At safepoint: 46209 ns, Total: 730875 ns
[2022-04-28T23:49:51.179+0000][7][safepoint   ] Safepoint "Cleanup", Time since last: 2011512667 ns, Reaching safepoint: 228583 ns, At safepoint: 5542 ns, Total: 234125 ns
[2022-04-28T23:49:52.181+0000][7][safepoint   ] Safepoint "Cleanup", Time since last: 1001574751 ns, Reaching safepoint: 42416 ns, At safepoint: 2584 ns, Total: 45000 ns
[2022-04-28T23:49:53.182+0000][7][safepoint   ] Safepoint "Cleanup", Time since last: 1000840250 ns, Reaching safepoint: 132375 ns, At safepoint: 4708 ns, Total: 137083 ns
[2022-04-28T23:49:54.185+0000][7][safepoint   ] Safepoint "Cleanup", Time since last: 1002870626 ns, Reaching safepoint: 245583 ns, At safepoint: 11792 ns, Total: 257375 ns
[2022-04-28T23:49:56.189+0000][7][safepoint   ] Safepoint "Cleanup", Time since last: 2003912293 ns, Reaching safepoint: 410083 ns, At safepoint: 38583 ns, Total: 448666 ns
[2022-04-28T23:49:57.201+0000][7][safepoint   ] Safepoint "Cleanup", Time since last: 1011513792 ns, Reaching safepoint: 164000 ns, At safepoint: 4250 ns, Total: 168250 ns
[2022-04-28T23:49:58.204+0000][7][safepoint   ] Safepoint "Cleanup", Time since last: 1002332001 ns, Reaching safepoint: 746541 ns, At safepoint: 12000 ns, Total: 758541 ns
[2022-04-28T23:49:59.224+0000][7][safepoint   ] Safepoint "Cleanup", Time since last: 1017073043 ns, Reaching safepoint: 2529916 ns, At safepoint: 15875 ns, Total: 2545791 ns
[2022-04-28T23:50:00.229+0000][7][safepoint   ] Safepoint "Cleanup", Time since last: 1005258792 ns, Reaching safepoint: 347917 ns, At safepoint: 11583 ns, Total: 359500 ns
[2022-04-28T23:50:01.233+0000][7][safepoint   ] Safepoint "Cleanup", Time since last: 1003629084 ns, Reaching safepoint: 130084 ns, At safepoint: 5916 ns, Total: 136000 ns
[2022-04-28T23:50:02.251+0000][7][safepoint   ] Safepoint "Cleanup", Time since last: 1016866459 ns, Reaching safepoint: 483750 ns, At safepoint: 135625 ns, Total: 619375 ns
[2022-04-28T23:50:03.259+0000][7][safepoint   ] Safepoint "Cleanup", Time since last: 1008505876 ns, Reaching safepoint: 246500 ns, At safepoint: 14125 ns, Total: 260625 ns
[2022-04-28T23:50:04.262+0000][7][safepoint   ] Safepoint "Cleanup", Time since last: 1002125375 ns, Reaching safepoint: 102833 ns, At safepoint: 5084 ns, Total: 107917 ns
[2022-04-28T23:50:06.267+0000][7][safepoint   ] Safepoint "Cleanup", Time since last: 2004990876 ns, Reaching safepoint: 729166 ns, At safepoint: 13875 ns, Total: 743041 ns
[2022-04-28T23:50:08.275+0000][7][safepoint   ] Safepoint "Cleanup", Time since last: 2007508626 ns, Reaching safepoint: 585917 ns, At safepoint: 7000 ns, Total: 592917 ns
[2022-04-28T23:50:09.271+0000][7][safepoint   ] Safepoint "Cleanup", Time since last: 1002701666 ns, Reaching safepoint: 152958 ns, At safepoint: 3667 ns, Total: 156625 ns
[2022-04-28T23:50:10.277+0000][7][safepoint   ] Safepoint "Cleanup", Time since last: 1005740209 ns, Reaching safepoint: 118042 ns, At safepoint: 4041 ns, Total: 122083 ns
[2022-04-28T23:50:11.283+0000][7][safepoint   ] Safepoint "Cleanup", Time since last: 1004623917 ns, Reaching safepoint: 760542 ns, At safepoint: 20833 ns, Total: 781375 ns
[2022-04-28T23:50:12.291+0000][7][safepoint   ] Safepoint "Cleanup", Time since last: 1008511793 ns, Reaching safepoint: 148166 ns, At safepoint: 5750 ns, Total: 153916 ns
[2022-04-28T23:50:14.306+0000][7][safepoint   ] Safepoint "Cleanup", Time since last: 2013028043 ns, Reaching safepoint: 1491917 ns, At safepoint: 13875 ns, Total: 1505792 ns
[2022-04-28T23:50:15.310+0000][7][safepoint   ] Safepoint "Cleanup", Time since last: 1004270875 ns, Reaching safepoint: 313667 ns, At safepoint: 5458 ns, Total: 319125 ns
[2022-04-28T23:50:16.313+0000][7][safepoint   ] Safepoint "Cleanup", Time since last: 1001887500 ns, Reaching safepoint: 933417 ns, At safepoint: 10500 ns, Total: 943917 ns
[2022-04-28T23:50:18.323+0000][7][safepoint   ] Safepoint "Cleanup", Time since last: 2009781251 ns, Reaching safepoint: 234875 ns, At safepoint: 8625 ns, Total: 243500 ns
[2022-04-28T23:50:19.332+0000][7][safepoint   ] Safepoint "Cleanup", Time since last: 1008092667 ns, Reaching safepoint: 393375 ns, At safepoint: 7584 ns, Total: 400959 ns
[2022-04-28T23:50:21.178+0000][7][gc,start    ] GC(18) Pause Young (Normal) (G1 Evacuation Pause)
[2022-04-28T23:50:21.179+0000][7][gc,task     ] GC(18) Using 5 workers of 5 for evacuation
[2022-04-28T23:50:21.180+0000][7][gc,age      ] GC(18) Desired survivor size 20971520 bytes, new threshold 15 (max threshold 15)
[2022-04-28T23:50:21.189+0000][7][gc,age      ] GC(18) Age table with threshold 15 (max threshold 15)
[2022-04-28T23:50:21.191+0000][7][gc,age      ] GC(18) - age   1:    1845312 bytes,    1845312 total
[2022-04-28T23:50:21.191+0000][7][gc,age      ] GC(18) - age   2:    3283888 bytes,    5129200 total
[2022-04-28T23:50:21.192+0000][7][gc,age      ] GC(18) - age   3:    9147184 bytes,   14276384 total
[2022-04-28T23:50:21.194+0000][7][gc,age      ] GC(18) - age   4:     515240 bytes,   14791624 total
[2022-04-28T23:50:21.195+0000][7][gc,phases   ] GC(18)   Pre Evacuate Collection Set: 0.4ms
[2022-04-28T23:50:21.196+0000][7][gc,phases   ] GC(18)   Merge Heap Roots: 0.2ms
[2022-04-28T23:50:21.197+0000][7][gc,phases   ] GC(18)   Evacuate Collection Set: 6.4ms
[2022-04-28T23:50:21.198+0000][7][gc,phases   ] GC(18)   Post Evacuate Collection Set: 1.0ms
[2022-04-28T23:50:21.199+0000][7][gc,phases   ] GC(18)   Other: 9.2ms
[2022-04-28T23:50:21.200+0000][7][gc,heap     ] GC(18) Eden regions: 72->0(72)
[2022-04-28T23:50:21.200+0000][7][gc,heap     ] GC(18) Survivor regions: 4->4(10)
[2022-04-28T23:50:21.202+0000][7][gc,heap     ] GC(18) Old regions: 16->16
[2022-04-28T23:50:21.203+0000][7][gc,heap     ] GC(18) Archive regions: 2->2
[2022-04-28T23:50:21.204+0000][7][gc,heap     ] GC(18) Humongous regions: 6->6
[2022-04-28T23:50:21.205+0000][7][gc,metaspace] GC(18) Metaspace: 108764K(110656K)->108764K(110656K) NonClass: 93801K(94912K)->93801K(94912K) Class: 14962K(15744K)->14962K(15744K)
[2022-04-28T23:50:21.206+0000][7][gc          ] GC(18) Pause Young (Normal) (G1 Evacuation Pause) 393M->105M(512M) 27.993ms
[2022-04-28T23:50:21.207+0000][7][gc,cpu      ] GC(18) User=0.03s Sys=0.00s Real=0.03s
[2022-04-28T23:50:21.208+0000][7][safepoint   ] Safepoint "G1CollectForAllocation", Time since last: 1845991584 ns, Reaching safepoint: 81208 ns, At safepoint: 29811583 ns, Total: 29892791 ns
[2022-04-28T23:50:22.214+0000][7][safepoint   ] Safepoint "Cleanup", Time since last: 1005911418 ns, Reaching safepoint: 280583 ns, At safepoint: 5125 ns, Total: 285708 ns
[2022-04-28T23:50:24.221+0000][7][safepoint   ] Safepoint "Cleanup", Time since last: 2006877751 ns, Reaching safepoint: 404417 ns, At safepoint: 12625 ns, Total: 417042 ns
[2022-04-28T23:50:26.233+0000][7][safepoint   ] Safepoint "Cleanup", Time since last: 2011213917 ns, Reaching safepoint: 467334 ns, At safepoint: 19041 ns, Total: 486375 ns
[2022-04-28T23:50:27.239+0000][7][safepoint   ] Safepoint "Cleanup", Time since last: 1005892584 ns, Reaching safepoint: 179042 ns, At safepoint: 5208 ns, Total: 184250 ns
[2022-04-28T23:50:28.245+0000][7][safepoint   ] Safepoint "Cleanup", Time since last: 1005935459 ns, Reaching safepoint: 188542 ns, At safepoint: 7250 ns, Total: 195792 ns
[2022-04-28T23:50:29.255+0000][7][safepoint   ] Safepoint "Cleanup", Time since last: 1009641583 ns, Reaching safepoint: 429209 ns, At safepoint: 15250 ns, Total: 444459 ns
[2022-04-28T23:50:30.264+0000][7][safepoint   ] Safepoint "Cleanup", Time since last: 1007917208 ns, Reaching safepoint: 1080417 ns, At safepoint: 15083 ns, Total: 1095500 ns
[2022-04-28T23:50:31.270+0000][7][safepoint   ] Safepoint "Cleanup", Time since last: 1005724084 ns, Reaching safepoint: 370917 ns, At safepoint: 15542 ns, Total: 386459 ns
[2022-04-28T23:50:33.140+0000][7][safepoint   ] Safepoint "ICBufferFull", Time since last: 1869833917 ns, Reaching safepoint: 141500 ns, At safepoint: 3292 ns, Total: 144792 ns
[2022-04-28T23:50:34.143+0000][7][safepoint   ] Safepoint "Cleanup", Time since last: 1002927250 ns, Reaching safepoint: 331792 ns, At safepoint: 9833 ns, Total: 341625 ns
[2022-04-28T23:50:35.149+0000][7][safepoint   ] Safepoint "Cleanup", Time since last: 1004571709 ns, Reaching safepoint: 731458 ns, At safepoint: 39000 ns, Total: 770458 ns
[2022-04-28T23:50:36.157+0000][7][safepoint   ] Safepoint "Cleanup", Time since last: 1007790459 ns, Reaching safepoint: 149959 ns, At safepoint: 5041 ns, Total: 155000 ns
[2022-04-28T23:50:37.159+0000][7][safepoint   ] Safepoint "Cleanup", Time since last: 1002281626 ns, Reaching safepoint: 228125 ns, At safepoint: 10333 ns, Total: 238458 ns
[2022-04-28T23:50:38.160+0000][7][safepoint   ] Safepoint "Cleanup", Time since last: 1000866751 ns, Reaching safepoint: 102375 ns, At safepoint: 2166 ns, Total: 104541 ns
[2022-04-28T23:50:39.161+0000][7][safepoint   ] Safepoint "Cleanup", Time since last: 1001095666 ns, Reaching safepoint: 321667 ns, At safepoint: 6750 ns, Total: 328417 ns
[2022-04-28T23:50:40.165+0000][7][safepoint   ] Safepoint "Cleanup", Time since last: 1003293542 ns, Reaching safepoint: 186584 ns, At safepoint: 9583 ns, Total: 196167 ns
[2022-04-28T23:50:41.170+0000][7][safepoint   ] Safepoint "Cleanup", Time since last: 1004527459 ns, Reaching safepoint: 273708 ns, At safepoint: 8750 ns, Total: 282458 ns
[2022-04-28T23:50:44.178+0000][7][safepoint   ] Safepoint "Cleanup", Time since last: 3008259585 ns, Reaching safepoint: 112750 ns, At safepoint: 6083 ns, Total: 118833 ns
[2022-04-28T23:50:45.180+0000][7][safepoint   ] Safepoint "Cleanup", Time since last: 1002034501 ns, Reaching safepoint: 102625 ns, At safepoint: 60166 ns, Total: 162791 ns
[2022-04-28T23:50:46.185+0000][7][safepoint   ] Safepoint "Cleanup", Time since last: 1004687834 ns, Reaching safepoint: 253583 ns, At safepoint: 152250 ns, Total: 405833 ns
[2022-04-28T23:50:48.196+0000][7][safepoint   ] Safepoint "Cleanup", Time since last: 2009922085 ns, Reaching safepoint: 234291 ns, At safepoint: 12042 ns, Total: 246333 ns
[2022-04-28T23:50:49.204+0000][7][safepoint   ] Safepoint "Cleanup", Time since last: 1007869626 ns, Reaching safepoint: 829625 ns, At safepoint: 11125 ns, Total: 840750 ns
[2022-04-28T23:50:51.209+0000][7][safepoint   ] Safepoint "Cleanup", Time since last: 2004935500 ns, Reaching safepoint: 180209 ns, At safepoint: 6833 ns, Total: 187042 ns
[2022-04-28T23:50:52.211+0000][7][safepoint   ] Safepoint "Cleanup", Time since last: 1001734584 ns, Reaching safepoint: 60167 ns, At safepoint: 2625 ns, Total: 62792 ns
[2022-04-28T23:50:53.214+0000][7][safepoint   ] Safepoint "Cleanup", Time since last: 1002595167 ns, Reaching safepoint: 137125 ns, At safepoint: 6250 ns, Total: 143375 ns
[2022-04-28T23:50:54.221+0000][7][safepoint   ] Safepoint "Cleanup", Time since last: 1006622500 ns, Reaching safepoint: 235209 ns, At safepoint: 6416 ns, Total: 241625 ns
[2022-04-28T23:50:56.226+0000][7][safepoint   ] Safepoint "Cleanup", Time since last: 2005113335 ns, Reaching safepoint: 228458 ns, At safepoint: 18833 ns, Total: 247291 ns
[2022-04-28T23:50:57.229+0000][7][safepoint   ] Safepoint "Cleanup", Time since last: 1002790376 ns, Reaching safepoint: 518250 ns, At safepoint: 7000 ns, Total: 525250 ns
[2022-04-28T23:50:58.235+0000][7][safepoint   ] Safepoint "Cleanup", Time since last: 1003043208 ns, Reaching safepoint: 2277000 ns, At safepoint: 19417 ns, Total: 2296417 ns
[2022-04-28T23:50:59.243+0000][7][safepoint   ] Safepoint "Cleanup", Time since last: 1007354459 ns, Reaching safepoint: 643208 ns, At safepoint: 13625 ns, Total: 656833 ns
[2022-04-28T23:51:00.251+0000][7][safepoint   ] Safepoint "Cleanup", Time since last: 1007592001 ns, Reaching safepoint: 320375 ns, At safepoint: 14625 ns, Total: 335000 ns
[2022-04-28T23:51:01.265+0000][7][safepoint   ] Safepoint "Cleanup", Time since last: 1014101500 ns, Reaching safepoint: 113584 ns, At safepoint: 5666 ns, Total: 119250 ns
[2022-04-28T23:51:02.270+0000][7][safepoint   ] Safepoint "Cleanup", Time since last: 1004551126 ns, Reaching safepoint: 339208 ns, At safepoint: 8250 ns, Total: 347458 ns
[2022-04-28T23:51:03.275+0000][7][safepoint   ] Safepoint "Cleanup", Time since last: 1004458834 ns, Reaching safepoint: 211417 ns, At safepoint: 5416 ns, Total: 216833 ns
[2022-04-28T23:51:04.277+0000][7][safepoint   ] Safepoint "Cleanup", Time since last: 1002111584 ns, Reaching safepoint: 180417 ns, At safepoint: 5166 ns, Total: 185583 ns
[2022-04-28T23:51:06.285+0000][7][safepoint   ] Safepoint "Cleanup", Time since last: 2007581751 ns, Reaching safepoint: 336375 ns, At safepoint: 10125 ns, Total: 346500 ns
[2022-04-28T23:51:08.291+0000][7][safepoint   ] Safepoint "Cleanup", Time since last: 2005625001 ns, Reaching safepoint: 294542 ns, At safepoint: 9208 ns, Total: 303750 ns
[2022-04-28T23:51:09.295+0000][7][safepoint   ] Safepoint "Cleanup", Time since last: 1001329916 ns, Reaching safepoint: 281125 ns, At safepoint: 6667 ns, Total: 287792 ns
[2022-04-28T23:51:10.301+0000][7][safepoint   ] Safepoint "Cleanup", Time since last: 1006588209 ns, Reaching safepoint: 84458 ns, At safepoint: 2209 ns, Total: 86667 ns
[2022-04-28T23:51:11.307+0000][7][safepoint   ] Safepoint "Cleanup", Time since last: 1004963667 ns, Reaching safepoint: 414416 ns, At safepoint: 8375 ns, Total: 422791 ns
[2022-04-28T23:51:12.311+0000][7][safepoint   ] Safepoint "Cleanup", Time since last: 1004392126 ns, Reaching safepoint: 311667 ns, At safepoint: 13208 ns, Total: 324875 ns
[2022-04-28T23:51:14.324+0000][7][safepoint   ] Safepoint "Cleanup", Time since last: 2011890543 ns, Reaching safepoint: 551083 ns, At safepoint: 7208 ns, Total: 558291 ns
[2022-04-28T23:51:15.331+0000][7][safepoint   ] Safepoint "Cleanup", Time since last: 1007442417 ns, Reaching safepoint: 125125 ns, At safepoint: 4500 ns, Total: 129625 ns
[2022-04-28T23:51:16.334+0000][7][safepoint   ] Safepoint "Cleanup", Time since last: 1001838376 ns, Reaching safepoint: 412875 ns, At safepoint: 11333 ns, Total: 424208 ns
[2022-04-28T23:51:18.339+0000][7][safepoint   ] Safepoint "Cleanup", Time since last: 2005526834 ns, Reaching safepoint: 275542 ns, At safepoint: 7542 ns, Total: 283084 ns
[2022-04-28T23:51:19.347+0000][7][safepoint   ] Safepoint "Cleanup", Time since last: 1006953709 ns, Reaching safepoint: 276875 ns, At safepoint: 9916 ns, Total: 286791 ns
[2022-04-28T23:51:21.354+0000][7][safepoint   ] Safepoint "Cleanup", Time since last: 2006563918 ns, Reaching safepoint: 297458 ns, At safepoint: 4959 ns, Total: 302417 ns
[2022-04-28T23:51:24.358+0000][7][safepoint   ] Safepoint "Cleanup", Time since last: 3003841668 ns, Reaching safepoint: 317166 ns, At safepoint: 10125 ns, Total: 327291 ns
[2022-04-28T23:51:26.378+0000][7][safepoint   ] Safepoint "Cleanup", Time since last: 2019672293 ns, Reaching safepoint: 405750 ns, At safepoint: 57917 ns, Total: 463667 ns
[2022-04-28T23:51:27.387+0000][7][safepoint   ] Safepoint "Cleanup", Time since last: 1009204667 ns, Reaching safepoint: 379083 ns, At safepoint: 12167 ns, Total: 391250 ns
[2022-04-28T23:51:28.391+0000][7][safepoint   ] Safepoint "Cleanup", Time since last: 1003404292 ns, Reaching safepoint: 118417 ns, At safepoint: 2791 ns, Total: 121208 ns
[2022-04-28T23:51:30.408+0000][7][safepoint   ] Safepoint "Cleanup", Time since last: 2016671543 ns, Reaching safepoint: 196208 ns, At safepoint: 6209 ns, Total: 202417 ns
[2022-04-28T23:51:31.416+0000][7][safepoint   ] Safepoint "Cleanup", Time since last: 1007465500 ns, Reaching safepoint: 301333 ns, At safepoint: 9042 ns, Total: 310375 ns
[2022-04-28T23:51:33.423+0000][7][safepoint   ] Safepoint "Cleanup", Time since last: 2007254918 ns, Reaching safepoint: 78833 ns, At safepoint: 2500 ns, Total: 81333 ns
[2022-04-28T23:51:36.429+0000][7][safepoint   ] Safepoint "Cleanup", Time since last: 3005157668 ns, Reaching safepoint: 541292 ns, At safepoint: 18916 ns, Total: 560208 ns
[2022-04-28T23:51:38.450+0000][7][safepoint   ] Safepoint "Cleanup", Time since last: 2020683460 ns, Reaching safepoint: 386125 ns, At safepoint: 8625 ns, Total: 394750 ns
[2022-04-28T23:51:39.457+0000][7][safepoint   ] Safepoint "Cleanup", Time since last: 1007726041 ns, Reaching safepoint: 537750 ns, At safepoint: 13250 ns, Total: 551000 ns
[2022-04-28T23:51:40.485+0000][7][safepoint   ] Safepoint "Cleanup", Time since last: 1028247834 ns, Reaching safepoint: 184333 ns, At safepoint: 6750 ns, Total: 191083 ns
[2022-04-28T23:51:41.491+0000][7][safepoint   ] Safepoint "Cleanup", Time since last: 1006088667 ns, Reaching safepoint: 368333 ns, At safepoint: 11292 ns, Total: 379625 ns
[2022-04-28T23:51:42.500+0000][7][safepoint   ] Safepoint "Cleanup", Time since last: 1007740084 ns, Reaching safepoint: 1013333 ns, At safepoint: 14625 ns, Total: 1027958 ns
[2022-04-28T23:51:43.508+0000][7][safepoint   ] Safepoint "Cleanup", Time since last: 1007584542 ns, Reaching safepoint: 393917 ns, At safepoint: 14458 ns, Total: 408375 ns
[2022-04-28T23:51:44.981+0000][7][gc,start    ] GC(19) Pause Young (Normal) (G1 Evacuation Pause)
[2022-04-28T23:51:44.982+0000][7][gc,task     ] GC(19) Using 5 workers of 5 for evacuation
[2022-04-28T23:51:44.983+0000][7][gc,age      ] GC(19) Desired survivor size 20971520 bytes, new threshold 15 (max threshold 15)
[2022-04-28T23:51:44.992+0000][7][gc,age      ] GC(19) Age table with threshold 15 (max threshold 15)
[2022-04-28T23:51:44.993+0000][7][gc,age      ] GC(19) - age   1:    1224272 bytes,    1224272 total
[2022-04-28T23:51:44.994+0000][7][gc,age      ] GC(19) - age   2:    1022592 bytes,    2246864 total
[2022-04-28T23:51:44.995+0000][7][gc,age      ] GC(19) - age   3:    3274264 bytes,    5521128 total
[2022-04-28T23:51:44.996+0000][7][gc,age      ] GC(19) - age   4:    9147104 bytes,   14668232 total
[2022-04-28T23:51:44.997+0000][7][gc,age      ] GC(19) - age   5:     515240 bytes,   15183472 total
[2022-04-28T23:51:44.998+0000][7][gc,phases   ] GC(19)   Pre Evacuate Collection Set: 0.1ms
[2022-04-28T23:51:44.999+0000][7][gc,phases   ] GC(19)   Merge Heap Roots: 0.2ms
[2022-04-28T23:51:44.999+0000][7][gc,phases   ] GC(19)   Evacuate Collection Set: 6.8ms
[2022-04-28T23:51:45.000+0000][7][gc,phases   ] GC(19)   Post Evacuate Collection Set: 1.2ms
[2022-04-28T23:51:45.001+0000][7][gc,phases   ] GC(19)   Other: 8.3ms
[2022-04-28T23:51:45.002+0000][7][gc,heap     ] GC(19) Eden regions: 72->0(72)
[2022-04-28T23:51:45.003+0000][7][gc,heap     ] GC(19) Survivor regions: 4->4(10)
[2022-04-28T23:51:45.004+0000][7][gc,heap     ] GC(19) Old regions: 16->16
[2022-04-28T23:51:45.005+0000][7][gc,heap     ] GC(19) Archive regions: 2->2
[2022-04-28T23:51:45.006+0000][7][gc,heap     ] GC(19) Humongous regions: 6->6
[2022-04-28T23:51:45.006+0000][7][gc,metaspace] GC(19) Metaspace: 109638K(111488K)->109638K(111488K) NonClass: 94674K(95744K)->94674K(95744K) Class: 14964K(15744K)->14964K(15744K)
[2022-04-28T23:51:45.007+0000][7][gc          ] GC(19) Pause Young (Normal) (G1 Evacuation Pause) 393M->105M(512M) 25.581ms
[2022-04-28T23:51:45.008+0000][7][gc,cpu      ] GC(19) User=0.03s Sys=0.01s Real=0.03s
[2022-04-28T23:51:45.008+0000][7][safepoint   ] Safepoint "G1CollectForAllocation", Time since last: 1473011626 ns, Reaching safepoint: 89417 ns, At safepoint: 27006625 ns, Total: 27096042 ns
[2022-04-28T23:51:46.010+0000][7][safepoint   ] Safepoint "Cleanup", Time since last: 1000679334 ns, Reaching safepoint: 497041 ns, At safepoint: 22292 ns, Total: 519333 ns
[2022-04-28T23:51:47.015+0000][7][safepoint   ] Safepoint "Cleanup", Time since last: 1004977459 ns, Reaching safepoint: 265000 ns, At safepoint: 10166 ns, Total: 275166 ns
[2022-04-28T23:51:48.018+0000][7][safepoint   ] Safepoint "Cleanup", Time since last: 1003324376 ns, Reaching safepoint: 236667 ns, At safepoint: 8583 ns, Total: 245250 ns
[2022-04-28T23:51:49.028+0000][7][safepoint   ] Safepoint "Cleanup", Time since last: 1009712792 ns, Reaching safepoint: 271208 ns, At safepoint: 5500 ns, Total: 276708 ns
[2022-04-28T23:51:51.033+0000][7][safepoint   ] Safepoint "Cleanup", Time since last: 2004948085 ns, Reaching safepoint: 128708 ns, At safepoint: 4625 ns, Total: 133333 ns
[2022-04-28T23:51:52.040+0000][7][safepoint   ] Safepoint "Cleanup", Time since last: 1006143542 ns, Reaching safepoint: 440125 ns, At safepoint: 11167 ns, Total: 451292 ns
[2022-04-28T23:51:53.052+0000][7][safepoint   ] Safepoint "Cleanup", Time since last: 1011680667 ns, Reaching safepoint: 112958 ns, At safepoint: 186750 ns, Total: 299708 ns
[2022-04-28T23:51:54.057+0000][7][safepoint   ] Safepoint "Cleanup", Time since last: 1004978876 ns, Reaching safepoint: 162166 ns, At safepoint: 4500 ns, Total: 166666 ns
[2022-04-28T23:51:55.059+0000][7][safepoint   ] Safepoint "Cleanup", Time since last: 1001749918 ns, Reaching safepoint: 409875 ns, At safepoint: 26041 ns, Total: 435916 ns
[2022-04-28T23:51:56.067+0000][7][safepoint   ] Safepoint "Cleanup", Time since last: 1007235917 ns, Reaching safepoint: 211459 ns, At safepoint: 9958 ns, Total: 221417 ns
[2022-04-28T23:51:57.076+0000][7][safepoint   ] Safepoint "Cleanup", Time since last: 1008429792 ns, Reaching safepoint: 268209 ns, At safepoint: 7958 ns, Total: 276167 ns
[2022-04-28T23:51:58.077+0000][7][safepoint   ] Safepoint "Cleanup", Time since last: 1001283334 ns, Reaching safepoint: 112666 ns, At safepoint: 4042 ns, Total: 116708 ns
[2022-04-28T23:51:59.082+0000][7][safepoint   ] Safepoint "Cleanup", Time since last: 1004727667 ns, Reaching safepoint: 294417 ns, At safepoint: 14125 ns, Total: 308542 ns
[2022-04-28T23:52:00.091+0000][7][safepoint   ] Safepoint "Cleanup", Time since last: 1009215125 ns, Reaching safepoint: 210250 ns, At safepoint: 8375 ns, Total: 218625 ns
[2022-04-28T23:52:01.103+0000][7][safepoint   ] Safepoint "Cleanup", Time since last: 1011448793 ns, Reaching safepoint: 359000 ns, At safepoint: 9708 ns, Total: 368708 ns
[2022-04-28T23:52:03.114+0000][7][safepoint   ] Safepoint "Cleanup", Time since last: 2010425542 ns, Reaching safepoint: 151334 ns, At safepoint: 5041 ns, Total: 156375 ns
[2022-04-28T23:52:04.121+0000][7][safepoint   ] Safepoint "Cleanup", Time since last: 1007344501 ns, Reaching safepoint: 216875 ns, At safepoint: 7125 ns, Total: 224000 ns
[2022-04-28T23:52:05.128+0000][7][safepoint   ] Safepoint "Cleanup", Time since last: 1005954625 ns, Reaching safepoint: 445584 ns, At safepoint: 9416 ns, Total: 455000 ns
[2022-04-28T23:52:06.134+0000][7][safepoint   ] Safepoint "Cleanup", Time since last: 1006228376 ns, Reaching safepoint: 347500 ns, At safepoint: 7000 ns, Total: 354500 ns
[2022-04-28T23:52:09.146+0000][7][safepoint   ] Safepoint "Cleanup", Time since last: 3008413293 ns, Reaching safepoint: 168791 ns, At safepoint: 4792 ns, Total: 173583 ns
[2022-04-28T23:52:10.770+0000][7][safepoint   ] Safepoint "Cleanup", Time since last: 1623528001 ns, Reaching safepoint: 265000 ns, At safepoint: 4791 ns, Total: 269791 ns
[2022-04-28T23:52:11.773+0000][7][safepoint   ] Safepoint "Cleanup", Time since last: 1003391209 ns, Reaching safepoint: 107084 ns, At safepoint: 2875 ns, Total: 109959 ns
[2022-04-28T23:52:12.778+0000][7][safepoint   ] Safepoint "Cleanup", Time since last: 1004240292 ns, Reaching safepoint: 478125 ns, At safepoint: 9833 ns, Total: 487958 ns
[2022-04-28T23:52:13.788+0000][7][safepoint   ] Safepoint "Cleanup", Time since last: 1008838126 ns, Reaching safepoint: 643375 ns, At safepoint: 18291 ns, Total: 661666 ns
[2022-04-28T23:52:14.793+0000][7][safepoint   ] Safepoint "Cleanup", Time since last: 1004695334 ns, Reaching safepoint: 115958 ns, At safepoint: 4750 ns, Total: 120708 ns
[2022-04-28T23:52:15.795+0000][7][safepoint   ] Safepoint "Cleanup", Time since last: 1002488084 ns, Reaching safepoint: 198875 ns, At safepoint: 6500 ns, Total: 205375 ns
[2022-04-28T23:52:16.800+0000][7][safepoint   ] Safepoint "Cleanup", Time since last: 1004362251 ns, Reaching safepoint: 304000 ns, At safepoint: 8166 ns, Total: 312166 ns
[2022-04-28T23:52:17.825+0000][7][safepoint   ] Safepoint "Cleanup", Time since last: 1024315418 ns, Reaching safepoint: 333291 ns, At safepoint: 7750 ns, Total: 341041 ns
[2022-04-28T23:52:18.827+0000][7][safepoint   ] Safepoint "Cleanup", Time since last: 1002258126 ns, Reaching safepoint: 215250 ns, At safepoint: 9416 ns, Total: 224666 ns
[2022-04-28T23:52:20.840+0000][7][safepoint   ] Safepoint "Cleanup", Time since last: 2013185460 ns, Reaching safepoint: 194583 ns, At safepoint: 26792 ns, Total: 221375 ns
[2022-04-28T23:52:21.847+0000][7][safepoint   ] Safepoint "Cleanup", Time since last: 1006030375 ns, Reaching safepoint: 164208 ns, At safepoint: 5250 ns, Total: 169458 ns
[2022-04-28T23:52:23.860+0000][7][safepoint   ] Safepoint "Cleanup", Time since last: 2013300960 ns, Reaching safepoint: 112333 ns, At safepoint: 6083 ns, Total: 118416 ns
[2022-04-28T23:52:26.874+0000][7][safepoint   ] Safepoint "Cleanup", Time since last: 3014359335 ns, Reaching safepoint: 80750 ns, At safepoint: 4167 ns, Total: 84917 ns
[2022-04-28T23:52:27.876+0000][7][safepoint   ] Safepoint "Cleanup", Time since last: 1000957459 ns, Reaching safepoint: 79708 ns, At safepoint: 4875 ns, Total: 84583 ns
[2022-04-28T23:52:28.881+0000][7][safepoint   ] Safepoint "Cleanup", Time since last: 1005258125 ns, Reaching safepoint: 395709 ns, At safepoint: 14208 ns, Total: 409917 ns
[2022-04-28T23:52:29.890+0000][7][safepoint   ] Safepoint "Cleanup", Time since last: 1008336667 ns, Reaching safepoint: 330750 ns, At safepoint: 10542 ns, Total: 341292 ns
[2022-04-28T23:52:30.897+0000][7][safepoint   ] Safepoint "Cleanup", Time since last: 1006457625 ns, Reaching safepoint: 363959 ns, At safepoint: 26375 ns, Total: 390334 ns
[2022-04-28T23:52:31.904+0000][7][safepoint   ] Safepoint "Cleanup", Time since last: 1007358125 ns, Reaching safepoint: 183625 ns, At safepoint: 6750 ns, Total: 190375 ns
[2022-04-28T23:52:32.908+0000][7][safepoint   ] Safepoint "Cleanup", Time since last: 1003810792 ns, Reaching safepoint: 113500 ns, At safepoint: 11250 ns, Total: 124750 ns
[2022-04-28T23:52:33.911+0000][7][safepoint   ] Safepoint "Cleanup", Time since last: 1002123209 ns, Reaching safepoint: 174459 ns, At safepoint: 5916 ns, Total: 180375 ns
[2022-04-28T23:52:35.924+0000][7][safepoint   ] Safepoint "Cleanup", Time since last: 2013135168 ns, Reaching safepoint: 410291 ns, At safepoint: 19625 ns, Total: 429916 ns
[2022-04-28T23:52:38.928+0000][7][safepoint   ] Safepoint "Cleanup", Time since last: 3003586710 ns, Reaching safepoint: 213458 ns, At safepoint: 6625 ns, Total: 220083 ns
[2022-04-28T23:52:39.930+0000][7][safepoint   ] Safepoint "Cleanup", Time since last: 1001464834 ns, Reaching safepoint: 549125 ns, At safepoint: 7125 ns, Total: 556250 ns
[2022-04-28T23:52:40.934+0000][7][safepoint   ] Safepoint "Cleanup", Time since last: 1003680834 ns, Reaching safepoint: 192125 ns, At safepoint: 5333 ns, Total: 197458 ns
[2022-04-28T23:52:41.936+0000][7][safepoint   ] Safepoint "Cleanup", Time since last: 1001741292 ns, Reaching safepoint: 655459 ns, At safepoint: 6208 ns, Total: 661667 ns
[2022-04-28T23:52:42.937+0000][7][safepoint   ] Safepoint "Cleanup", Time since last: 1001002542 ns, Reaching safepoint: 65959 ns, At safepoint: 4000 ns, Total: 69959 ns
[2022-04-28T23:52:43.940+0000][7][safepoint   ] Safepoint "Cleanup", Time since last: 1002749333 ns, Reaching safepoint: 84000 ns, At safepoint: 3125 ns, Total: 87125 ns
[2022-04-28T23:52:44.942+0000][7][safepoint   ] Safepoint "Cleanup", Time since last: 1001622209 ns, Reaching safepoint: 164292 ns, At safepoint: 7416 ns, Total: 171708 ns
[2022-04-28T23:52:45.949+0000][7][safepoint   ] Safepoint "Cleanup", Time since last: 1006697293 ns, Reaching safepoint: 198750 ns, At safepoint: 5666 ns, Total: 204416 ns
[2022-04-28T23:52:47.961+0000][7][safepoint   ] Safepoint "Cleanup", Time since last: 2012362918 ns, Reaching safepoint: 427917 ns, At safepoint: 13375 ns, Total: 441292 ns
[2022-04-28T23:52:48.964+0000][7][safepoint   ] Safepoint "Cleanup", Time since last: 1002204042 ns, Reaching safepoint: 165250 ns, At safepoint: 5083 ns, Total: 170333 ns
[2022-04-28T23:52:50.965+0000][7][safepoint   ] Safepoint "Cleanup", Time since last: 2001536084 ns, Reaching safepoint: 97167 ns, At safepoint: 14000 ns, Total: 111167 ns
[2022-04-28T23:52:51.968+0000][7][safepoint   ] Safepoint "Cleanup", Time since last: 1002434542 ns, Reaching safepoint: 503250 ns, At safepoint: 8292 ns, Total: 511542 ns
[2022-04-28T23:52:53.976+0000][7][safepoint   ] Safepoint "Cleanup", Time since last: 2007131792 ns, Reaching safepoint: 306834 ns, At safepoint: 10750 ns, Total: 317584 ns
[2022-04-28T23:52:55.983+0000][7][safepoint   ] Safepoint "Cleanup", Time since last: 2006472334 ns, Reaching safepoint: 462542 ns, At safepoint: 16166 ns, Total: 478708 ns
[2022-04-28T23:52:56.988+0000][7][safepoint   ] Safepoint "Cleanup", Time since last: 1005518709 ns, Reaching safepoint: 104959 ns, At safepoint: 12833 ns, Total: 117792 ns
[2022-04-28T23:52:57.990+0000][7][safepoint   ] Safepoint "Cleanup", Time since last: 1001168834 ns, Reaching safepoint: 328625 ns, At safepoint: 5083 ns, Total: 333708 ns
[2022-04-28T23:52:58.021+0000][7][gc,start    ] GC(20) Pause Young (Normal) (G1 Evacuation Pause)
[2022-04-28T23:52:58.022+0000][7][gc,task     ] GC(20) Using 5 workers of 5 for evacuation
[2022-04-28T23:52:58.024+0000][7][gc,age      ] GC(20) Desired survivor size 20971520 bytes, new threshold 15 (max threshold 15)
[2022-04-28T23:52:58.033+0000][7][gc,age      ] GC(20) Age table with threshold 15 (max threshold 15)
[2022-04-28T23:52:58.034+0000][7][gc,age      ] GC(20) - age   1:    1790632 bytes,    1790632 total
[2022-04-28T23:52:58.035+0000][7][gc,age      ] GC(20) - age   2:     132968 bytes,    1923600 total
[2022-04-28T23:52:58.036+0000][7][gc,age      ] GC(20) - age   3:    1020912 bytes,    2944512 total
[2022-04-28T23:52:58.037+0000][7][gc,age      ] GC(20) - age   4:    3274264 bytes,    6218776 total
[2022-04-28T23:52:58.038+0000][7][gc,age      ] GC(20) - age   5:    9147104 bytes,   15365880 total
[2022-04-28T23:52:58.040+0000][7][gc,age      ] GC(20) - age   6:     515240 bytes,   15881120 total
[2022-04-28T23:52:58.042+0000][7][gc,phases   ] GC(20)   Pre Evacuate Collection Set: 0.1ms
[2022-04-28T23:52:58.044+0000][7][gc,phases   ] GC(20)   Merge Heap Roots: 0.2ms
[2022-04-28T23:52:58.045+0000][7][gc,phases   ] GC(20)   Evacuate Collection Set: 7.0ms
[2022-04-28T23:52:58.046+0000][7][gc,phases   ] GC(20)   Post Evacuate Collection Set: 1.2ms
[2022-04-28T23:52:58.047+0000][7][gc,phases   ] GC(20)   Other: 12.6ms
[2022-04-28T23:52:58.048+0000][7][gc,heap     ] GC(20) Eden regions: 72->0(71)
[2022-04-28T23:52:58.049+0000][7][gc,heap     ] GC(20) Survivor regions: 4->5(10)
[2022-04-28T23:52:58.051+0000][7][gc,heap     ] GC(20) Old regions: 16->16
[2022-04-28T23:52:58.052+0000][7][gc,heap     ] GC(20) Archive regions: 2->2
[2022-04-28T23:52:58.053+0000][7][gc,heap     ] GC(20) Humongous regions: 6->6
[2022-04-28T23:52:58.054+0000][7][gc,metaspace] GC(20) Metaspace: 110283K(112128K)->110283K(112128K) NonClass: 95315K(96384K)->95315K(96384K) Class: 14968K(15744K)->14968K(15744K)
[2022-04-28T23:52:58.055+0000][7][gc          ] GC(20) Pause Young (Normal) (G1 Evacuation Pause) 393M->107M(512M) 34.382ms
[2022-04-28T23:52:58.056+0000][7][gc,cpu      ] GC(20) User=0.02s Sys=0.01s Real=0.04s
[2022-04-28T23:52:58.057+0000][7][safepoint   ] Safepoint "G1CollectForAllocation", Time since last: 30887625 ns, Reaching safepoint: 143625 ns, At safepoint: 36457708 ns, Total: 36601333 ns
[2022-04-28T23:52:59.058+0000][7][safepoint   ] Safepoint "Cleanup", Time since last: 1000896501 ns, Reaching safepoint: 122375 ns, At safepoint: 11750 ns, Total: 134125 ns
[2022-04-28T23:53:00.061+0000][7][safepoint   ] Safepoint "Cleanup", Time since last: 1001812334 ns, Reaching safepoint: 267250 ns, At safepoint: 10833 ns, Total: 278083 ns
[2022-04-28T23:53:01.066+0000][7][safepoint   ] Safepoint "Cleanup", Time since last: 1005506875 ns, Reaching safepoint: 383542 ns, At safepoint: 10000 ns, Total: 393542 ns
[2022-04-28T23:53:02.856+0000][7][safepoint   ] Safepoint "Cleanup", Time since last: 1789238001 ns, Reaching safepoint: 139625 ns, At safepoint: 16792 ns, Total: 156417 ns
[2022-04-28T23:53:03.863+0000][7][safepoint   ] Safepoint "Cleanup", Time since last: 1006109000 ns, Reaching safepoint: 905958 ns, At safepoint: 15584 ns, Total: 921542 ns
[2022-04-28T23:53:05.897+0000][7][safepoint   ] Safepoint "Cleanup", Time since last: 2021645167 ns, Reaching safepoint: 579167 ns, At safepoint: 12063625 ns, Total: 12642792 ns
[2022-04-28T23:53:06.901+0000][7][safepoint   ] Safepoint "Cleanup", Time since last: 1003491834 ns, Reaching safepoint: 320625 ns, At safepoint: 12458 ns, Total: 333083 ns
[2022-04-28T23:53:08.906+0000][7][safepoint   ] Safepoint "Cleanup", Time since last: 2007420543 ns, Reaching safepoint: 108041 ns, At safepoint: 5834 ns, Total: 113875 ns
[2022-04-28T23:53:10.081+0000][7][safepoint   ] Safepoint "Cleanup", Time since last: 1174656542 ns, Reaching safepoint: 157416 ns, At safepoint: 9875 ns, Total: 167291 ns
[2022-04-28T23:53:11.085+0000][7][safepoint   ] Safepoint "Cleanup", Time since last: 1003061043 ns, Reaching safepoint: 542416 ns, At safepoint: 10292 ns, Total: 552708 ns
[2022-04-28T23:53:12.096+0000][7][safepoint   ] Safepoint "Cleanup", Time since last: 1011261459 ns, Reaching safepoint: 337833 ns, At safepoint: 7208 ns, Total: 345041 ns
[2022-04-28T23:53:14.111+0000][7][safepoint   ] Safepoint "Cleanup", Time since last: 2013810793 ns, Reaching safepoint: 467542 ns, At safepoint: 10458 ns, Total: 478000 ns
[2022-04-28T23:53:15.119+0000][7][safepoint   ] Safepoint "Cleanup", Time since last: 1007798542 ns, Reaching safepoint: 116750 ns, At safepoint: 2125 ns, Total: 118875 ns
[2022-04-28T23:53:16.119+0000][7][safepoint   ] Safepoint "Cleanup", Time since last: 1000902626 ns, Reaching safepoint: 61166 ns, At safepoint: 4334 ns, Total: 65500 ns
[2022-04-28T23:53:17.125+0000][7][safepoint   ] Safepoint "Cleanup", Time since last: 1005498833 ns, Reaching safepoint: 395917 ns, At safepoint: 13458 ns, Total: 409375 ns
[2022-04-28T23:53:18.134+0000][7][safepoint   ] Safepoint "Cleanup", Time since last: 1008196168 ns, Reaching safepoint: 375666 ns, At safepoint: 14375 ns, Total: 390041 ns
[2022-04-28T23:53:19.150+0000][7][safepoint   ] Safepoint "Cleanup", Time since last: 1015277167 ns, Reaching safepoint: 262459 ns, At safepoint: 10500 ns, Total: 272959 ns
[2022-04-28T23:53:21.162+0000][7][safepoint   ] Safepoint "Cleanup", Time since last: 2011822709 ns, Reaching safepoint: 229750 ns, At safepoint: 4042 ns, Total: 233792 ns
[2022-04-28T23:53:22.167+0000][7][safepoint   ] Safepoint "Cleanup", Time since last: 1004881209 ns, Reaching safepoint: 1020708 ns, At safepoint: 16167 ns, Total: 1036875 ns
[2022-04-28T23:53:23.175+0000][7][safepoint   ] Safepoint "Cleanup", Time since last: 1006714208 ns, Reaching safepoint: 286209 ns, At safepoint: 21916 ns, Total: 308125 ns
[2022-04-28T23:53:24.183+0000][7][safepoint   ] Safepoint "Cleanup", Time since last: 1008079209 ns, Reaching safepoint: 358209 ns, At safepoint: 12000 ns, Total: 370209 ns
[2022-04-28T23:53:26.192+0000][7][safepoint   ] Safepoint "Cleanup", Time since last: 2008966959 ns, Reaching safepoint: 164333 ns, At safepoint: 7167 ns, Total: 171500 ns
[2022-04-28T23:53:27.205+0000][7][safepoint   ] Safepoint "Cleanup", Time since last: 1012468584 ns, Reaching safepoint: 240000 ns, At safepoint: 7250 ns, Total: 247250 ns
[2022-04-28T23:53:28.207+0000][7][safepoint   ] Safepoint "Cleanup", Time since last: 1001539000 ns, Reaching safepoint: 268500 ns, At safepoint: 10667 ns, Total: 279167 ns
[2022-04-28T23:53:29.213+0000][7][safepoint   ] Safepoint "Cleanup", Time since last: 1005853542 ns, Reaching safepoint: 571458 ns, At safepoint: 11834 ns, Total: 583292 ns
[2022-04-28T23:53:30.224+0000][7][safepoint   ] Safepoint "Cleanup", Time since last: 1010879042 ns, Reaching safepoint: 211083 ns, At safepoint: 8375 ns, Total: 219458 ns
[2022-04-28T23:53:31.230+0000][7][safepoint   ] Safepoint "Cleanup", Time since last: 1005587542 ns, Reaching safepoint: 190417 ns, At safepoint: 5083 ns, Total: 195500 ns
[2022-04-28T23:53:33.238+0000][7][safepoint   ] Safepoint "Cleanup", Time since last: 2007590960 ns, Reaching safepoint: 161833 ns, At safepoint: 4708 ns, Total: 166541 ns
[2022-04-28T23:53:34.239+0000][7][safepoint   ] Safepoint "Cleanup", Time since last: 1001448459 ns, Reaching safepoint: 92875 ns, At safepoint: 5417 ns, Total: 98292 ns
[2022-04-28T23:53:36.249+0000][7][safepoint   ] Safepoint "Cleanup", Time since last: 2009058709 ns, Reaching safepoint: 612042 ns, At safepoint: 15666 ns, Total: 627708 ns
[2022-04-28T23:53:38.260+0000][7][safepoint   ] Safepoint "Cleanup", Time since last: 2011092960 ns, Reaching safepoint: 335416 ns, At safepoint: 18917 ns, Total: 354333 ns
[2022-04-28T23:53:39.266+0000][7][safepoint   ] Safepoint "Cleanup", Time since last: 1005361792 ns, Reaching safepoint: 481375 ns, At safepoint: 7708 ns, Total: 489083 ns
[2022-04-28T23:53:40.269+0000][7][safepoint   ] Safepoint "Cleanup", Time since last: 1003206876 ns, Reaching safepoint: 93833 ns, At safepoint: 3000 ns, Total: 96833 ns
[2022-04-28T23:53:41.271+0000][7][safepoint   ] Safepoint "Cleanup", Time since last: 1001654959 ns, Reaching safepoint: 123166 ns, At safepoint: 5542 ns, Total: 128708 ns
[2022-04-28T23:53:42.278+0000][7][safepoint   ] Safepoint "Cleanup", Time since last: 1006055501 ns, Reaching safepoint: 515541 ns, At safepoint: 36167 ns, Total: 551708 ns
[2022-04-28T23:53:43.289+0000][7][safepoint   ] Safepoint "Cleanup", Time since last: 1011282000 ns, Reaching safepoint: 338417 ns, At safepoint: 13708 ns, Total: 352125 ns
[2022-04-28T23:53:44.303+0000][7][safepoint   ] Safepoint "Cleanup", Time since last: 1013501917 ns, Reaching safepoint: 181292 ns, At safepoint: 9917 ns, Total: 191209 ns
[2022-04-28T23:53:45.309+0000][7][safepoint   ] Safepoint "Cleanup", Time since last: 1005173084 ns, Reaching safepoint: 248416 ns, At safepoint: 5875 ns, Total: 254291 ns
[2022-04-28T23:53:46.311+0000][7][safepoint   ] Safepoint "Cleanup", Time since last: 1002478584 ns, Reaching safepoint: 261167 ns, At safepoint: 7958 ns, Total: 269125 ns
[2022-04-28T23:53:48.320+0000][7][safepoint   ] Safepoint "Cleanup", Time since last: 2008645251 ns, Reaching safepoint: 346667 ns, At safepoint: 14833 ns, Total: 361500 ns
[2022-04-28T23:53:49.335+0000][7][safepoint   ] Safepoint "Cleanup", Time since last: 1014833084 ns, Reaching safepoint: 150333 ns, At safepoint: 5584 ns, Total: 155917 ns
[2022-04-28T23:53:51.350+0000][7][safepoint   ] Safepoint "Cleanup", Time since last: 2014651709 ns, Reaching safepoint: 218500 ns, At safepoint: 7125 ns, Total: 225625 ns
[2022-04-28T23:53:52.354+0000][7][safepoint   ] Safepoint "Cleanup", Time since last: 1003192000 ns, Reaching safepoint: 129875 ns, At safepoint: 4000 ns, Total: 133875 ns
[2022-04-28T23:53:53.358+0000][7][safepoint   ] Safepoint "Cleanup", Time since last: 1003754167 ns, Reaching safepoint: 272750 ns, At safepoint: 12917 ns, Total: 285667 ns
[2022-04-28T23:53:54.378+0000][7][safepoint   ] Safepoint "Cleanup", Time since last: 1019893709 ns, Reaching safepoint: 698917 ns, At safepoint: 16458 ns, Total: 715375 ns
[2022-04-28T23:53:56.386+0000][7][safepoint   ] Safepoint "Cleanup", Time since last: 2007450959 ns, Reaching safepoint: 804417 ns, At safepoint: 14292 ns, Total: 818709 ns
[2022-04-28T23:53:57.391+0000][7][safepoint   ] Safepoint "Cleanup", Time since last: 1004889875 ns, Reaching safepoint: 86583 ns, At safepoint: 4042 ns, Total: 90625 ns
[2022-04-28T23:53:59.398+0000][7][safepoint   ] Safepoint "Cleanup", Time since last: 2006309251 ns, Reaching safepoint: 355833 ns, At safepoint: 14125 ns, Total: 369958 ns
[2022-04-28T23:54:00.402+0000][7][safepoint   ] Safepoint "Cleanup", Time since last: 1003145376 ns, Reaching safepoint: 297166 ns, At safepoint: 23292 ns, Total: 320458 ns
[2022-04-28T23:54:01.406+0000][7][safepoint   ] Safepoint "Cleanup", Time since last: 1004215667 ns, Reaching safepoint: 131125 ns, At safepoint: 6959 ns, Total: 138084 ns
[2022-04-28T23:54:02.416+0000][7][safepoint   ] Safepoint "Cleanup", Time since last: 1009559625 ns, Reaching safepoint: 620542 ns, At safepoint: 9958 ns, Total: 630500 ns
[2022-04-28T23:54:03.420+0000][7][safepoint   ] Safepoint "Cleanup", Time since last: 1003424834 ns, Reaching safepoint: 76792 ns, At safepoint: 2583 ns, Total: 79375 ns
[2022-04-28T23:54:04.423+0000][7][safepoint   ] Safepoint "Cleanup", Time since last: 1003502542 ns, Reaching safepoint: 127125 ns, At safepoint: 6292 ns, Total: 133417 ns
[2022-04-28T23:54:06.440+0000][7][safepoint   ] Safepoint "Cleanup", Time since last: 2016223709 ns, Reaching safepoint: 222167 ns, At safepoint: 11333 ns, Total: 233500 ns
[2022-04-28T23:54:08.447+0000][7][safepoint   ] Safepoint "Cleanup", Time since last: 2006420251 ns, Reaching safepoint: 497750 ns, At safepoint: 34625 ns, Total: 532375 ns
[2022-04-28T23:54:09.463+0000][7][safepoint   ] Safepoint "Cleanup", Time since last: 1017871667 ns, Reaching safepoint: 346291 ns, At safepoint: 10250 ns, Total: 356541 ns
[2022-04-28T23:54:10.465+0000][7][safepoint   ] Safepoint "Cleanup", Time since last: 1002002876 ns, Reaching safepoint: 121708 ns, At safepoint: 10917 ns, Total: 132625 ns
[2022-04-28T23:54:11.467+0000][7][safepoint   ] Safepoint "Cleanup", Time since last: 1002161333 ns, Reaching safepoint: 83625 ns, At safepoint: 2250 ns, Total: 85875 ns
[2022-04-28T23:54:12.470+0000][7][safepoint   ] Safepoint "Cleanup", Time since last: 1002010626 ns, Reaching safepoint: 357167 ns, At safepoint: 15541 ns, Total: 372708 ns
[2022-04-28T23:54:13.479+0000][7][safepoint   ] Safepoint "Cleanup", Time since last: 1009130792 ns, Reaching safepoint: 220125 ns, At safepoint: 19959 ns, Total: 240084 ns
[2022-04-28T23:54:15.485+0000][7][safepoint   ] Safepoint "Cleanup", Time since last: 2004876876 ns, Reaching safepoint: 623916 ns, At safepoint: 27417 ns, Total: 651333 ns
[2022-04-28T23:54:15.561+0000][7][gc,start    ] GC(21) Pause Young (Normal) (G1 Evacuation Pause)
[2022-04-28T23:54:15.562+0000][7][gc,task     ] GC(21) Using 5 workers of 5 for evacuation
[2022-04-28T23:54:15.563+0000][7][gc,age      ] GC(21) Desired survivor size 20971520 bytes, new threshold 15 (max threshold 15)
[2022-04-28T23:54:15.571+0000][7][gc,age      ] GC(21) Age table with threshold 15 (max threshold 15)
[2022-04-28T23:54:15.573+0000][7][gc,age      ] GC(21) - age   1:     997928 bytes,     997928 total
[2022-04-28T23:54:15.574+0000][7][gc,age      ] GC(21) - age   2:      57080 bytes,    1055008 total
[2022-04-28T23:54:15.574+0000][7][gc,age      ] GC(21) - age   3:      88464 bytes,    1143472 total
[2022-04-28T23:54:15.575+0000][7][gc,age      ] GC(21) - age   4:     898576 bytes,    2042048 total
[2022-04-28T23:54:15.576+0000][7][gc,age      ] GC(21) - age   5:    3232136 bytes,    5274184 total
[2022-04-28T23:54:15.577+0000][7][gc,age      ] GC(21) - age   6:    9014696 bytes,   14288880 total
[2022-04-28T23:54:15.577+0000][7][gc,age      ] GC(21) - age   7:     515240 bytes,   14804120 total
[2022-04-28T23:54:15.578+0000][7][gc,phases   ] GC(21)   Pre Evacuate Collection Set: 0.2ms
[2022-04-28T23:54:15.578+0000][7][gc,phases   ] GC(21)   Merge Heap Roots: 0.0ms
[2022-04-28T23:54:15.579+0000][7][gc,phases   ] GC(21)   Evacuate Collection Set: 6.2ms
[2022-04-28T23:54:15.580+0000][7][gc,phases   ] GC(21)   Post Evacuate Collection Set: 1.5ms
[2022-04-28T23:54:15.581+0000][7][gc,phases   ] GC(21)   Other: 8.4ms
[2022-04-28T23:54:15.581+0000][7][gc,heap     ] GC(21) Eden regions: 71->0(72)
[2022-04-28T23:54:15.582+0000][7][gc,heap     ] GC(21) Survivor regions: 5->4(10)
[2022-04-28T23:54:15.582+0000][7][gc,heap     ] GC(21) Old regions: 16->16
[2022-04-28T23:54:15.583+0000][7][gc,heap     ] GC(21) Archive regions: 2->2
[2022-04-28T23:54:15.584+0000][7][gc,heap     ] GC(21) Humongous regions: 6->6
[2022-04-28T23:54:15.584+0000][7][gc,metaspace] GC(21) Metaspace: 110817K(112640K)->110817K(112640K) NonClass: 95844K(96896K)->95844K(96896K) Class: 14972K(15744K)->14972K(15744K)
[2022-04-28T23:54:15.585+0000][7][gc          ] GC(21) Pause Young (Normal) (G1 Evacuation Pause) 391M->105M(512M) 23.400ms
[2022-04-28T23:54:15.585+0000][7][gc,cpu      ] GC(21) User=0.03s Sys=0.00s Real=0.03s
[2022-04-28T23:54:15.586+0000][7][safepoint   ] Safepoint "G1CollectForAllocation", Time since last: 76526333 ns, Reaching safepoint: 55042 ns, At safepoint: 24567417 ns, Total: 24622459 ns
[2022-04-28T23:54:16.590+0000][7][safepoint   ] Safepoint "Cleanup", Time since last: 1003684750 ns, Reaching safepoint: 574875 ns, At safepoint: 8334 ns, Total: 583209 ns
[2022-04-28T23:54:18.595+0000][7][safepoint   ] Safepoint "Cleanup", Time since last: 2004351501 ns, Reaching safepoint: 512250 ns, At safepoint: 42458 ns, Total: 554708 ns
[2022-04-28T23:54:21.612+0000][7][safepoint   ] Safepoint "Cleanup", Time since last: 3017018293 ns, Reaching safepoint: 156458 ns, At safepoint: 5875 ns, Total: 162333 ns
[2022-04-28T23:54:22.616+0000][7][safepoint   ] Safepoint "Cleanup", Time since last: 1003165584 ns, Reaching safepoint: 113083 ns, At safepoint: 2875 ns, Total: 115958 ns
[2022-04-28T23:54:23.619+0000][7][safepoint   ] Safepoint "Cleanup", Time since last: 1002831959 ns, Reaching safepoint: 603000 ns, At safepoint: 16834 ns, Total: 619834 ns
[2022-04-28T23:54:24.632+0000][7][safepoint   ] Safepoint "Cleanup", Time since last: 1013022292 ns, Reaching safepoint: 270041 ns, At safepoint: 10792 ns, Total: 280833 ns
[2022-04-28T23:54:26.644+0000][7][safepoint   ] Safepoint "Cleanup", Time since last: 2011728126 ns, Reaching safepoint: 256375 ns, At safepoint: 9625 ns, Total: 266000 ns
[2022-04-28T23:54:27.663+0000][7][safepoint   ] Safepoint "Cleanup", Time since last: 1018296084 ns, Reaching safepoint: 508292 ns, At safepoint: 11083 ns, Total: 519375 ns
[2022-04-28T23:54:28.672+0000][7][safepoint   ] Safepoint "Cleanup", Time since last: 1008634709 ns, Reaching safepoint: 109166 ns, At safepoint: 4417 ns, Total: 113583 ns
[2022-04-28T23:54:30.676+0000][7][safepoint   ] Safepoint "Cleanup", Time since last: 2003763084 ns, Reaching safepoint: 387459 ns, At safepoint: 16958 ns, Total: 404417 ns
[2022-04-28T23:54:31.683+0000][7][safepoint   ] Safepoint "Cleanup", Time since last: 1006694334 ns, Reaching safepoint: 364166 ns, At safepoint: 17125 ns, Total: 381291 ns
[2022-04-28T23:54:33.702+0000][7][safepoint   ] Safepoint "Cleanup", Time since last: 2018524085 ns, Reaching safepoint: 122750 ns, At safepoint: 4625 ns, Total: 127375 ns
[2022-04-28T23:54:34.706+0000][7][safepoint   ] Safepoint "Cleanup", Time since last: 1003458834 ns, Reaching safepoint: 313291 ns, At safepoint: 8834 ns, Total: 322125 ns
[2022-04-28T23:54:36.714+0000][7][safepoint   ] Safepoint "Cleanup", Time since last: 2007499959 ns, Reaching safepoint: 677208 ns, At safepoint: 20208 ns, Total: 697416 ns
[2022-04-28T23:54:39.737+0000][7][safepoint   ] Safepoint "Cleanup", Time since last: 3020108709 ns, Reaching safepoint: 343500 ns, At safepoint: 7834 ns, Total: 351334 ns
[2022-04-28T23:54:40.744+0000][7][safepoint   ] Safepoint "Cleanup", Time since last: 1007185583 ns, Reaching safepoint: 200209 ns, At safepoint: 10875 ns, Total: 211084 ns
[2022-04-28T23:54:41.748+0000][7][safepoint   ] Safepoint "Cleanup", Time since last: 1003307000 ns, Reaching safepoint: 247167 ns, At safepoint: 14125 ns, Total: 261292 ns
[2022-04-28T23:54:42.749+0000][7][safepoint   ] Safepoint "Cleanup", Time since last: 1001283875 ns, Reaching safepoint: 226375 ns, At safepoint: 12667 ns, Total: 239042 ns
[2022-04-28T23:54:43.759+0000][7][safepoint   ] Safepoint "Cleanup", Time since last: 1004961792 ns, Reaching safepoint: 4676250 ns, At safepoint: 22667 ns, Total: 4698917 ns
[2022-04-28T23:54:45.772+0000][7][safepoint   ] Safepoint "Cleanup", Time since last: 2012159543 ns, Reaching safepoint: 1177083 ns, At safepoint: 12083 ns, Total: 1189166 ns
[2022-04-28T23:54:46.784+0000][7][safepoint   ] Safepoint "Cleanup", Time since last: 1011818209 ns, Reaching safepoint: 239792 ns, At safepoint: 6958 ns, Total: 246750 ns
[2022-04-28T23:54:47.793+0000][7][safepoint   ] Safepoint "Cleanup", Time since last: 1008416625 ns, Reaching safepoint: 139084 ns, At safepoint: 4250 ns, Total: 143334 ns
[2022-04-28T23:54:48.795+0000][7][safepoint   ] Safepoint "Cleanup", Time since last: 1001988334 ns, Reaching safepoint: 83541 ns, At safepoint: 3209 ns, Total: 86750 ns
[2022-04-28T23:54:50.804+0000][7][safepoint   ] Safepoint "Cleanup", Time since last: 2008998917 ns, Reaching safepoint: 130375 ns, At safepoint: 5125 ns, Total: 135500 ns
[2022-04-28T23:54:51.807+0000][7][safepoint   ] Safepoint "Cleanup", Time since last: 1002323501 ns, Reaching safepoint: 470041 ns, At safepoint: 9084 ns, Total: 479125 ns
[2022-04-28T23:54:52.812+0000][7][safepoint   ] Safepoint "Cleanup", Time since last: 1004571917 ns, Reaching safepoint: 207833 ns, At safepoint: 5792 ns, Total: 213625 ns
[2022-04-28T23:54:53.816+0000][7][safepoint   ] Safepoint "Cleanup", Time since last: 1003680000 ns, Reaching safepoint: 377167 ns, At safepoint: 9250 ns, Total: 386417 ns
[2022-04-28T23:54:56.819+0000][7][safepoint   ] Safepoint "Cleanup", Time since last: 3003402793 ns, Reaching safepoint: 84250 ns, At safepoint: 5042 ns, Total: 89292 ns
[2022-04-28T23:54:57.822+0000][7][safepoint   ] Safepoint "Cleanup", Time since last: 1002665750 ns, Reaching safepoint: 134375 ns, At safepoint: 4792 ns, Total: 139167 ns
[2022-04-28T23:54:58.829+0000][7][safepoint   ] Safepoint "Cleanup", Time since last: 1006541417 ns, Reaching safepoint: 304958 ns, At safepoint: 6709 ns, Total: 311667 ns
[2022-04-28T23:54:59.846+0000][7][safepoint   ] Safepoint "Cleanup", Time since last: 1016893334 ns, Reaching safepoint: 417916 ns, At safepoint: 25125 ns, Total: 443041 ns
[2022-04-28T23:55:01.854+0000][7][safepoint   ] Safepoint "Cleanup", Time since last: 2007201335 ns, Reaching safepoint: 493875 ns, At safepoint: 10750 ns, Total: 504625 ns
[2022-04-28T23:55:02.862+0000][7][safepoint   ] Safepoint "Cleanup", Time since last: 1008129125 ns, Reaching safepoint: 127792 ns, At safepoint: 5666 ns, Total: 133458 ns
[2022-04-28T23:55:03.864+0000][7][safepoint   ] Safepoint "Cleanup", Time since last: 1000913459 ns, Reaching safepoint: 349042 ns, At safepoint: 4500 ns, Total: 353542 ns
[2022-04-28T23:55:04.868+0000][7][safepoint   ] Safepoint "Cleanup", Time since last: 1003564084 ns, Reaching safepoint: 429458 ns, At safepoint: 28083 ns, Total: 457541 ns
[2022-04-28T23:55:05.871+0000][7][safepoint   ] Safepoint "Cleanup", Time since last: 1002868584 ns, Reaching safepoint: 136958 ns, At safepoint: 4459 ns, Total: 141417 ns
[2022-04-28T23:55:06.881+0000][7][safepoint   ] Safepoint "Cleanup", Time since last: 1009227667 ns, Reaching safepoint: 694792 ns, At safepoint: 14708 ns, Total: 709500 ns
[2022-04-28T23:55:08.888+0000][7][safepoint   ] Safepoint "Cleanup", Time since last: 2007546459 ns, Reaching safepoint: 118666 ns, At safepoint: 5250 ns, Total: 123916 ns
[2022-04-28T23:55:09.890+0000][7][safepoint   ] Safepoint "Cleanup", Time since last: 1001799501 ns, Reaching safepoint: 251583 ns, At safepoint: 8167 ns, Total: 259750 ns
[2022-04-28T23:55:10.894+0000][7][safepoint   ] Safepoint "Cleanup", Time since last: 1003749959 ns, Reaching safepoint: 230291 ns, At safepoint: 16959 ns, Total: 247250 ns
[2022-04-28T23:55:11.897+0000][7][safepoint   ] Safepoint "Cleanup", Time since last: 1002546125 ns, Reaching safepoint: 76208 ns, At safepoint: 2875 ns, Total: 79083 ns
[2022-04-28T23:55:13.906+0000][7][safepoint   ] Safepoint "Cleanup", Time since last: 2009043501 ns, Reaching safepoint: 228792 ns, At safepoint: 8750 ns, Total: 237542 ns
[2022-04-28T23:55:14.910+0000][7][safepoint   ] Safepoint "Cleanup", Time since last: 1003824084 ns, Reaching safepoint: 47458 ns, At safepoint: 2250 ns, Total: 49708 ns
[2022-04-28T23:55:16.914+0000][7][safepoint   ] Safepoint "Cleanup", Time since last: 2003433626 ns, Reaching safepoint: 315083 ns, At safepoint: 9917 ns, Total: 325000 ns
[2022-04-28T23:55:17.923+0000][7][safepoint   ] Safepoint "Cleanup", Time since last: 1009046459 ns, Reaching safepoint: 199167 ns, At safepoint: 17833 ns, Total: 217000 ns
[2022-04-28T23:55:18.927+0000][7][safepoint   ] Safepoint "Cleanup", Time since last: 1003854209 ns, Reaching safepoint: 287791 ns, At safepoint: 10500 ns, Total: 298291 ns
[2022-04-28T23:55:20.934+0000][7][safepoint   ] Safepoint "Cleanup", Time since last: 2006961293 ns, Reaching safepoint: 265792 ns, At safepoint: 4708 ns, Total: 270500 ns
[2022-04-28T23:55:22.248+0000][7][safepoint   ] Safepoint "Cleanup", Time since last: 1313238584 ns, Reaching safepoint: 157292 ns, At safepoint: 4500 ns, Total: 161792 ns
[2022-04-28T23:55:24.272+0000][7][safepoint   ] Safepoint "Cleanup", Time since last: 2008074042 ns, Reaching safepoint: 16353334 ns, At safepoint: 30791 ns, Total: 16384125 ns
[2022-04-28T23:55:26.279+0000][7][safepoint   ] Safepoint "Cleanup", Time since last: 2005697751 ns, Reaching safepoint: 602417 ns, At safepoint: 100250 ns, Total: 702667 ns
[2022-04-28T23:55:27.285+0000][7][safepoint   ] Safepoint "Cleanup", Time since last: 1005839959 ns, Reaching safepoint: 244666 ns, At safepoint: 5709 ns, Total: 250375 ns
[2022-04-28T23:55:29.292+0000][7][safepoint   ] Safepoint "Cleanup", Time since last: 2006773459 ns, Reaching safepoint: 428000 ns, At safepoint: 11417 ns, Total: 439417 ns
[2022-04-28T23:55:30.297+0000][7][safepoint   ] Safepoint "Cleanup", Time since last: 1005295250 ns, Reaching safepoint: 189583 ns, At safepoint: 5584 ns, Total: 195167 ns
[2022-04-28T23:55:31.304+0000][7][safepoint   ] Safepoint "Cleanup", Time since last: 1006006125 ns, Reaching safepoint: 612917 ns, At safepoint: 18292 ns, Total: 631209 ns
[2022-04-28T23:55:33.315+0000][7][safepoint   ] Safepoint "Cleanup", Time since last: 2010652292 ns, Reaching safepoint: 202167 ns, At safepoint: 5417 ns, Total: 207584 ns
[2022-04-28T23:55:34.320+0000][7][safepoint   ] Safepoint "Cleanup", Time since last: 1004663292 ns, Reaching safepoint: 105166 ns, At safepoint: 2875 ns, Total: 108041 ns
[2022-04-28T23:55:36.323+0000][7][safepoint   ] Safepoint "Cleanup", Time since last: 2002486043 ns, Reaching safepoint: 507792 ns, At safepoint: 7125 ns, Total: 514917 ns
[2022-04-28T23:55:38.893+0000][7][gc,start    ] GC(22) Pause Young (Normal) (G1 Evacuation Pause)
[2022-04-28T23:55:38.894+0000][7][gc,task     ] GC(22) Using 5 workers of 5 for evacuation
[2022-04-28T23:55:38.895+0000][7][gc,age      ] GC(22) Desired survivor size 20971520 bytes, new threshold 15 (max threshold 15)
[2022-04-28T23:55:38.903+0000][7][gc,age      ] GC(22) Age table with threshold 15 (max threshold 15)
[2022-04-28T23:55:38.905+0000][7][gc,age      ] GC(22) - age   1:    1725520 bytes,    1725520 total
[2022-04-28T23:55:38.906+0000][7][gc,age      ] GC(22) - age   2:     198152 bytes,    1923672 total
[2022-04-28T23:55:38.906+0000][7][gc,age      ] GC(22) - age   3:      55360 bytes,    1979032 total
[2022-04-28T23:55:38.907+0000][7][gc,age      ] GC(22) - age   4:      60368 bytes,    2039400 total
[2022-04-28T23:55:38.908+0000][7][gc,age      ] GC(22) - age   5:     791096 bytes,    2830496 total
[2022-04-28T23:55:38.909+0000][7][gc,age      ] GC(22) - age   6:    3231784 bytes,    6062280 total
[2022-04-28T23:55:38.909+0000][7][gc,age      ] GC(22) - age   7:    8980816 bytes,   15043096 total
[2022-04-28T23:55:38.910+0000][7][gc,age      ] GC(22) - age   8:     515240 bytes,   15558336 total
[2022-04-28T23:55:38.912+0000][7][gc,phases   ] GC(22)   Pre Evacuate Collection Set: 0.1ms
[2022-04-28T23:55:38.912+0000][7][gc,phases   ] GC(22)   Merge Heap Roots: 0.2ms
[2022-04-28T23:55:38.913+0000][7][gc,phases   ] GC(22)   Evacuate Collection Set: 5.5ms
[2022-04-28T23:55:38.913+0000][7][gc,phases   ] GC(22)   Post Evacuate Collection Set: 1.8ms
[2022-04-28T23:55:38.914+0000][7][gc,phases   ] GC(22)   Other: 11.3ms
[2022-04-28T23:55:38.915+0000][7][gc,heap     ] GC(22) Eden regions: 72->0(72)
[2022-04-28T23:55:38.915+0000][7][gc,heap     ] GC(22) Survivor regions: 4->4(10)
[2022-04-28T23:55:38.916+0000][7][gc,heap     ] GC(22) Old regions: 16->16
[2022-04-28T23:55:38.917+0000][7][gc,heap     ] GC(22) Archive regions: 2->2
[2022-04-28T23:55:38.917+0000][7][gc,heap     ] GC(22) Humongous regions: 6->6
[2022-04-28T23:55:38.918+0000][7][gc,metaspace] GC(22) Metaspace: 111147K(112960K)->111147K(112960K) NonClass: 96174K(97216K)->96174K(97216K) Class: 14972K(15744K)->14972K(15744K)
[2022-04-28T23:55:38.919+0000][7][gc          ] GC(22) Pause Young (Normal) (G1 Evacuation Pause) 393M->105M(512M) 25.986ms
[2022-04-28T23:55:38.920+0000][7][gc,cpu      ] GC(22) User=0.03s Sys=0.00s Real=0.03s
[2022-04-28T23:55:38.921+0000][7][safepoint   ] Safepoint "G1CollectForAllocation", Time since last: 2580297959 ns, Reaching safepoint: 67250 ns, At safepoint: 27700292 ns, Total: 27767542 ns
[2022-04-28T23:55:40.929+0000][7][safepoint   ] Safepoint "Cleanup", Time since last: 2006697876 ns, Reaching safepoint: 1414250 ns, At safepoint: 8541 ns, Total: 1422791 ns
[2022-04-28T23:55:41.945+0000][7][safepoint   ] Safepoint "Cleanup", Time since last: 1015338084 ns, Reaching safepoint: 711500 ns, At safepoint: 14667 ns, Total: 726167 ns
[2022-04-28T23:55:43.957+0000][7][safepoint   ] Safepoint "Cleanup", Time since last: 2011422084 ns, Reaching safepoint: 570250 ns, At safepoint: 30250 ns, Total: 600500 ns
[2022-04-28T23:55:45.008+0000][7][safepoint   ] Safepoint "Cleanup", Time since last: 1051437417 ns, Reaching safepoint: 90875 ns, At safepoint: 10292 ns, Total: 101167 ns
[2022-04-28T23:55:46.014+0000][7][safepoint   ] Safepoint "Cleanup", Time since last: 1005625334 ns, Reaching safepoint: 214875 ns, At safepoint: 13583 ns, Total: 228458 ns
[2022-04-28T23:55:47.020+0000][7][safepoint   ] Safepoint "Cleanup", Time since last: 1005539334 ns, Reaching safepoint: 388083 ns, At safepoint: 19167 ns, Total: 407250 ns
[2022-04-28T23:55:48.045+0000][7][safepoint   ] Safepoint "Cleanup", Time since last: 1024983875 ns, Reaching safepoint: 238542 ns, At safepoint: 23208 ns, Total: 261750 ns
[2022-04-28T23:55:49.051+0000][7][safepoint   ] Safepoint "Cleanup", Time since last: 1004550626 ns, Reaching safepoint: 640666 ns, At safepoint: 81750 ns, Total: 722416 ns
[2022-04-28T23:55:51.066+0000][7][safepoint   ] Safepoint "Cleanup", Time since last: 2014977668 ns, Reaching safepoint: 205083 ns, At safepoint: 9834 ns, Total: 214917 ns
[2022-04-28T23:55:52.068+0000][7][safepoint   ] Safepoint "Cleanup", Time since last: 1001825750 ns, Reaching safepoint: 190667 ns, At safepoint: 14375 ns, Total: 205042 ns
[2022-04-28T23:55:54.076+0000][7][safepoint   ] Safepoint "Cleanup", Time since last: 2008255626 ns, Reaching safepoint: 97833 ns, At safepoint: 3417 ns, Total: 101250 ns
[2022-04-28T23:55:56.086+0000][7][safepoint   ] Safepoint "Cleanup", Time since last: 2009648126 ns, Reaching safepoint: 85708 ns, At safepoint: 3500 ns, Total: 89208 ns
[2022-04-28T23:55:57.087+0000][7][safepoint   ] Safepoint "Cleanup", Time since last: 1001346667 ns, Reaching safepoint: 69917 ns, At safepoint: 2167 ns, Total: 72084 ns
[2022-04-28T23:55:58.089+0000][7][safepoint   ] Safepoint "Cleanup", Time since last: 1001249917 ns, Reaching safepoint: 104958 ns, At safepoint: 8583 ns, Total: 113541 ns
[2022-04-28T23:55:59.099+0000][7][safepoint   ] Safepoint "Cleanup", Time since last: 1010139376 ns, Reaching safepoint: 183417 ns, At safepoint: 7375 ns, Total: 190792 ns
[2022-04-28T23:56:00.103+0000][7][safepoint   ] Safepoint "Cleanup", Time since last: 1004094083 ns, Reaching safepoint: 305167 ns, At safepoint: 12333 ns, Total: 317500 ns
[2022-04-28T23:56:01.112+0000][7][safepoint   ] Safepoint "Cleanup", Time since last: 1007795584 ns, Reaching safepoint: 332708 ns, At safepoint: 8584 ns, Total: 341292 ns
[2022-04-28T23:56:03.118+0000][7][safepoint   ] Safepoint "Cleanup", Time since last: 2005961126 ns, Reaching safepoint: 161541 ns, At safepoint: 5459 ns, Total: 167000 ns
[2022-04-28T23:56:04.122+0000][7][safepoint   ] Safepoint "Cleanup", Time since last: 1003500625 ns, Reaching safepoint: 418875 ns, At safepoint: 9625 ns, Total: 428500 ns
[2022-04-28T23:56:06.134+0000][7][safepoint   ] Safepoint "Cleanup", Time since last: 2012762376 ns, Reaching safepoint: 103792 ns, At safepoint: 4250 ns, Total: 108042 ns
[2022-04-28T23:56:09.139+0000][7][safepoint   ] Safepoint "Cleanup", Time since last: 3006054709 ns, Reaching safepoint: 103708 ns, At safepoint: 5208 ns, Total: 108916 ns
[2022-04-28T23:56:10.140+0000][7][safepoint   ] Safepoint "Cleanup", Time since last: 1001043709 ns, Reaching safepoint: 180333 ns, At safepoint: 4125 ns, Total: 184458 ns
[2022-04-28T23:56:11.146+0000][7][safepoint   ] Safepoint "Cleanup", Time since last: 1005936626 ns, Reaching safepoint: 171333 ns, At safepoint: 5625 ns, Total: 176958 ns
[2022-04-28T23:56:12.154+0000][7][safepoint   ] Safepoint "Cleanup", Time since last: 1006648834 ns, Reaching safepoint: 959542 ns, At safepoint: 18916 ns, Total: 978458 ns
[2022-04-28T23:56:14.167+0000][7][safepoint   ] Safepoint "Cleanup", Time since last: 2012755460 ns, Reaching safepoint: 397666 ns, At safepoint: 277500 ns, Total: 675166 ns
[2022-04-28T23:56:15.176+0000][7][safepoint   ] Safepoint "Cleanup", Time since last: 1008499001 ns, Reaching safepoint: 155500 ns, At safepoint: 4583 ns, Total: 160083 ns
[2022-04-28T23:56:16.182+0000][7][safepoint   ] Safepoint "Cleanup", Time since last: 1006037167 ns, Reaching safepoint: 208584 ns, At safepoint: 10500 ns, Total: 219084 ns
[2022-04-28T23:56:18.195+0000][7][safepoint   ] Safepoint "Cleanup", Time since last: 2012842501 ns, Reaching safepoint: 332708 ns, At safepoint: 9292 ns, Total: 342000 ns
[2022-04-28T23:56:19.201+0000][7][safepoint   ] Safepoint "Cleanup", Time since last: 1004958958 ns, Reaching safepoint: 635125 ns, At safepoint: 25792 ns, Total: 660917 ns
[2022-04-28T23:56:21.209+0000][7][safepoint   ] Safepoint "Cleanup", Time since last: 2007831709 ns, Reaching safepoint: 122792 ns, At safepoint: 8125 ns, Total: 130917 ns
[2022-04-28T23:56:22.211+0000][7][safepoint   ] Safepoint "Cleanup", Time since last: 1002505167 ns, Reaching safepoint: 99459 ns, At safepoint: 2750 ns, Total: 102209 ns
[2022-04-28T23:56:24.219+0000][7][safepoint   ] Safepoint "Cleanup", Time since last: 2006880167 ns, Reaching safepoint: 442375 ns, At safepoint: 13250 ns, Total: 455625 ns
[2022-04-28T23:56:26.231+0000][7][safepoint   ] Safepoint "Cleanup", Time since last: 2012096543 ns, Reaching safepoint: 219208 ns, At safepoint: 9000 ns, Total: 228208 ns
[2022-04-28T23:56:27.238+0000][7][safepoint   ] Safepoint "Cleanup", Time since last: 1007132584 ns, Reaching safepoint: 151833 ns, At safepoint: 37125 ns, Total: 188958 ns
[2022-04-28T23:56:29.244+0000][7][safepoint   ] Safepoint "Cleanup", Time since last: 2005468668 ns, Reaching safepoint: 221875 ns, At safepoint: 12375 ns, Total: 234250 ns
[2022-04-28T23:56:30.263+0000][7][safepoint   ] Safepoint "Cleanup", Time since last: 1018350500 ns, Reaching safepoint: 413375 ns, At safepoint: 13125 ns, Total: 426500 ns
[2022-04-28T23:56:31.274+0000][7][safepoint   ] Safepoint "Cleanup", Time since last: 1010571293 ns, Reaching safepoint: 150541 ns, At safepoint: 6209 ns, Total: 156750 ns
[2022-04-28T23:56:33.281+0000][7][safepoint   ] Safepoint "Cleanup", Time since last: 2006960626 ns, Reaching safepoint: 109458 ns, At safepoint: 4208 ns, Total: 113666 ns
[2022-04-28T23:56:34.282+0000][7][safepoint   ] Safepoint "Cleanup", Time since last: 1001432292 ns, Reaching safepoint: 130667 ns, At safepoint: 7292 ns, Total: 137959 ns
[2022-04-28T23:56:36.306+0000][7][safepoint   ] Safepoint "Cleanup", Time since last: 2020010251 ns, Reaching safepoint: 3376333 ns, At safepoint: 14792 ns, Total: 3391125 ns
[2022-04-28T23:56:39.317+0000][7][safepoint   ] Safepoint "Cleanup", Time since last: 3011656459 ns, Reaching safepoint: 213958 ns, At safepoint: 4875 ns, Total: 218833 ns
[2022-04-28T23:56:41.322+0000][7][safepoint   ] Safepoint "Cleanup", Time since last: 2004081918 ns, Reaching safepoint: 498250 ns, At safepoint: 17458 ns, Total: 515708 ns
[2022-04-28T23:56:42.328+0000][7][safepoint   ] Safepoint "Cleanup", Time since last: 1005320709 ns, Reaching safepoint: 1399625 ns, At safepoint: 16417 ns, Total: 1416042 ns
[2022-04-28T23:56:44.337+0000][7][safepoint   ] Safepoint "Cleanup", Time since last: 2008474084 ns, Reaching safepoint: 423208 ns, At safepoint: 16834 ns, Total: 440042 ns
[2022-04-28T23:56:45.342+0000][7][safepoint   ] Safepoint "Cleanup", Time since last: 1004721292 ns, Reaching safepoint: 193333 ns, At safepoint: 9959 ns, Total: 203292 ns
[2022-04-28T23:56:46.344+0000][7][safepoint   ] Safepoint "Cleanup", Time since last: 1001550875 ns, Reaching safepoint: 100125 ns, At safepoint: 5750 ns, Total: 105875 ns
[2022-04-28T23:56:48.348+0000][7][safepoint   ] Safepoint "Cleanup", Time since last: 2003192751 ns, Reaching safepoint: 543708 ns, At safepoint: 13375 ns, Total: 557083 ns
[2022-04-28T23:56:49.357+0000][7][safepoint   ] Safepoint "Cleanup", Time since last: 1008824293 ns, Reaching safepoint: 267250 ns, At safepoint: 11500 ns, Total: 278750 ns
[2022-04-28T23:56:51.372+0000][7][safepoint   ] Safepoint "Cleanup", Time since last: 2014766375 ns, Reaching safepoint: 349542 ns, At safepoint: 14500 ns, Total: 364042 ns
[2022-04-28T23:56:52.377+0000][7][safepoint   ] Safepoint "Cleanup", Time since last: 1003161084 ns, Reaching safepoint: 1924167 ns, At safepoint: 14958 ns, Total: 1939125 ns
[2022-04-28T23:56:54.403+0000][7][safepoint   ] Safepoint "Cleanup", Time since last: 2025379251 ns, Reaching safepoint: 461125 ns, At safepoint: 13500 ns, Total: 474625 ns
[2022-04-28T23:56:54.879+0000][7][gc,start    ] GC(23) Pause Young (Normal) (G1 Evacuation Pause)
[2022-04-28T23:56:54.880+0000][7][gc,task     ] GC(23) Using 5 workers of 5 for evacuation
[2022-04-28T23:56:54.882+0000][7][gc,age      ] GC(23) Desired survivor size 20971520 bytes, new threshold 15 (max threshold 15)
[2022-04-28T23:56:54.892+0000][7][gc,age      ] GC(23) Age table with threshold 15 (max threshold 15)
[2022-04-28T23:56:54.894+0000][7][gc,age      ] GC(23) - age   1:    2030736 bytes,    2030736 total
[2022-04-28T23:56:54.895+0000][7][gc,age      ] GC(23) - age   2:     136512 bytes,    2167248 total
[2022-04-28T23:56:54.896+0000][7][gc,age      ] GC(23) - age   3:     196664 bytes,    2363912 total
[2022-04-28T23:56:54.896+0000][7][gc,age      ] GC(23) - age   4:      55168 bytes,    2419080 total
[2022-04-28T23:56:54.897+0000][7][gc,age      ] GC(23) - age   5:      60024 bytes,    2479104 total
[2022-04-28T23:56:54.898+0000][7][gc,age      ] GC(23) - age   6:     714328 bytes,    3193432 total
[2022-04-28T23:56:54.898+0000][7][gc,age      ] GC(23) - age   7:    3070264 bytes,    6263696 total
[2022-04-28T23:56:54.899+0000][7][gc,age      ] GC(23) - age   8:    8693928 bytes,   14957624 total
[2022-04-28T23:56:54.901+0000][7][gc,age      ] GC(23) - age   9:     486320 bytes,   15443944 total
[2022-04-28T23:56:54.901+0000][7][gc,phases   ] GC(23)   Pre Evacuate Collection Set: 0.2ms
[2022-04-28T23:56:54.902+0000][7][gc,phases   ] GC(23)   Merge Heap Roots: 0.2ms
[2022-04-28T23:56:54.903+0000][7][gc,phases   ] GC(23)   Evacuate Collection Set: 8.0ms
[2022-04-28T23:56:54.903+0000][7][gc,phases   ] GC(23)   Post Evacuate Collection Set: 1.6ms
[2022-04-28T23:56:54.904+0000][7][gc,phases   ] GC(23)   Other: 12.3ms
[2022-04-28T23:56:54.905+0000][7][gc,heap     ] GC(23) Eden regions: 72->0(72)
[2022-04-28T23:56:54.906+0000][7][gc,heap     ] GC(23) Survivor regions: 4->4(10)
[2022-04-28T23:56:54.906+0000][7][gc,heap     ] GC(23) Old regions: 16->16
[2022-04-28T23:56:54.907+0000][7][gc,heap     ] GC(23) Archive regions: 2->2
[2022-04-28T23:56:54.908+0000][7][gc,heap     ] GC(23) Humongous regions: 6->6
[2022-04-28T23:56:54.909+0000][7][gc,metaspace] GC(23) Metaspace: 111487K(113344K)->111487K(113344K) NonClass: 96514K(97600K)->96514K(97600K) Class: 14972K(15744K)->14972K(15744K)
[2022-04-28T23:56:54.909+0000][7][gc          ] GC(23) Pause Young (Normal) (G1 Evacuation Pause) 393M->105M(512M) 29.883ms
[2022-04-28T23:56:54.910+0000][7][gc,cpu      ] GC(23) User=0.03s Sys=0.01s Real=0.03s
[2022-04-28T23:56:54.911+0000][7][safepoint   ] Safepoint "G1CollectForAllocation", Time since last: 476321625 ns, Reaching safepoint: 220917 ns, At safepoint: 31390333 ns, Total: 31611250 ns
[2022-04-28T23:56:55.916+0000][7][safepoint   ] Safepoint "Cleanup", Time since last: 1004681959 ns, Reaching safepoint: 347125 ns, At safepoint: 16667 ns, Total: 363792 ns
[2022-04-28T23:56:56.932+0000][7][safepoint   ] Safepoint "Cleanup", Time since last: 1016325958 ns, Reaching safepoint: 134792 ns, At safepoint: 11917 ns, Total: 146709 ns
[2022-04-28T23:56:57.935+0000][7][safepoint   ] Safepoint "Cleanup", Time since last: 1002138000 ns, Reaching safepoint: 227792 ns, At safepoint: 9583 ns, Total: 237375 ns
[2022-04-28T23:56:58.944+0000][7][safepoint   ] Safepoint "Cleanup", Time since last: 1008394001 ns, Reaching safepoint: 1037416 ns, At safepoint: 10792 ns, Total: 1048208 ns
[2022-04-28T23:56:59.955+0000][7][safepoint   ] Safepoint "Cleanup", Time since last: 1010967792 ns, Reaching safepoint: 419417 ns, At safepoint: 9792 ns, Total: 429209 ns
[2022-04-28T23:57:00.962+0000][7][safepoint   ] Safepoint "Cleanup", Time since last: 1006169292 ns, Reaching safepoint: 411666 ns, At safepoint: 23250 ns, Total: 434916 ns
[2022-04-28T23:57:01.963+0000][7][safepoint   ] Safepoint "Cleanup", Time since last: 1001373043 ns, Reaching safepoint: 107583 ns, At safepoint: 5667 ns, Total: 113250 ns
[2022-04-28T23:57:02.968+0000][7][safepoint   ] Safepoint "Cleanup", Time since last: 1004395250 ns, Reaching safepoint: 178208 ns, At safepoint: 72459 ns, Total: 250667 ns
[2022-04-28T23:57:03.972+0000][7][safepoint   ] Safepoint "Cleanup", Time since last: 1003446083 ns, Reaching safepoint: 360209 ns, At safepoint: 8041 ns, Total: 368250 ns
[2022-04-28T23:57:06.979+0000][7][safepoint   ] Safepoint "Cleanup", Time since last: 3006109294 ns, Reaching safepoint: 590333 ns, At safepoint: 9917 ns, Total: 600250 ns
[2022-04-28T23:57:08.987+0000][7][safepoint   ] Safepoint "Cleanup", Time since last: 2004594666 ns, Reaching safepoint: 61625 ns, At safepoint: 2292 ns, Total: 63917 ns
[2022-04-28T23:57:09.989+0000][7][safepoint   ] Safepoint "Cleanup", Time since last: 1001167125 ns, Reaching safepoint: 111417 ns, At safepoint: 9042 ns, Total: 120459 ns
[2022-04-28T23:57:10.993+0000][7][safepoint   ] Safepoint "Cleanup", Time since last: 1003968042 ns, Reaching safepoint: 175958 ns, At safepoint: 5875 ns, Total: 181833 ns
[2022-04-28T23:57:12.000+0000][7][safepoint   ] Safepoint "Cleanup", Time since last: 1006653626 ns, Reaching safepoint: 235541 ns, At safepoint: 9084 ns, Total: 244625 ns
[2022-04-28T23:57:14.005+0000][7][safepoint   ] Safepoint "Cleanup", Time since last: 2005355292 ns, Reaching safepoint: 263042 ns, At safepoint: 9250 ns, Total: 272292 ns
[2022-04-28T23:57:15.018+0000][7][safepoint   ] Safepoint "Cleanup", Time since last: 1012250417 ns, Reaching safepoint: 112792 ns, At safepoint: 12333 ns, Total: 125125 ns
[2022-04-28T23:57:16.021+0000][7][safepoint   ] Safepoint "Cleanup", Time since last: 1002501251 ns, Reaching safepoint: 268500 ns, At safepoint: 10666 ns, Total: 279166 ns
[2022-04-28T23:57:18.032+0000][7][safepoint   ] Safepoint "Cleanup", Time since last: 2011556960 ns, Reaching safepoint: 228625 ns, At safepoint: 5416 ns, Total: 234041 ns
[2022-04-28T23:57:19.035+0000][7][safepoint   ] Safepoint "Cleanup", Time since last: 1001865917 ns, Reaching safepoint: 391459 ns, At safepoint: 16875 ns, Total: 408334 ns
[2022-04-28T23:57:21.054+0000][7][safepoint   ] Safepoint "Cleanup", Time since last: 2019357459 ns, Reaching safepoint: 59500 ns, At safepoint: 2250 ns, Total: 61750 ns
[2022-04-28T23:57:22.057+0000][7][safepoint   ] Safepoint "Cleanup", Time since last: 1002440334 ns, Reaching safepoint: 74666 ns, At safepoint: 2667 ns, Total: 77333 ns
[2022-04-28T23:57:24.060+0000][7][safepoint   ] Safepoint "Cleanup", Time since last: 2003346043 ns, Reaching safepoint: 371541 ns, At safepoint: 13292 ns, Total: 384833 ns
[2022-04-28T23:57:26.080+0000][7][safepoint   ] Safepoint "Cleanup", Time since last: 2019794543 ns, Reaching safepoint: 198583 ns, At safepoint: 9667 ns, Total: 208250 ns
[2022-04-28T23:57:27.094+0000][7][safepoint   ] Safepoint "Cleanup", Time since last: 1013325084 ns, Reaching safepoint: 104750 ns, At safepoint: 3791 ns, Total: 108541 ns
[2022-04-28T23:57:29.097+0000][7][safepoint   ] Safepoint "Cleanup", Time since last: 2002860626 ns, Reaching safepoint: 169875 ns, At safepoint: 5750 ns, Total: 175625 ns
[2022-04-28T23:57:30.102+0000][7][safepoint   ] Safepoint "Cleanup", Time since last: 1005043459 ns, Reaching safepoint: 441875 ns, At safepoint: 10958 ns, Total: 452833 ns
[2022-04-28T23:57:31.111+0000][7][safepoint   ] Safepoint "Cleanup", Time since last: 1008464417 ns, Reaching safepoint: 172875 ns, At safepoint: 5459 ns, Total: 178334 ns
[2022-04-28T23:57:33.113+0000][7][safepoint   ] Safepoint "Cleanup", Time since last: 2001660542 ns, Reaching safepoint: 116834 ns, At safepoint: 4583 ns, Total: 121417 ns
[2022-04-28T23:57:34.119+0000][7][safepoint   ] Safepoint "Cleanup", Time since last: 1005915334 ns, Reaching safepoint: 211667 ns, At safepoint: 7916 ns, Total: 219583 ns
[2022-04-28T23:57:36.127+0000][7][safepoint   ] Safepoint "Cleanup", Time since last: 2007802210 ns, Reaching safepoint: 839041 ns, At safepoint: 16875 ns, Total: 855916 ns
[2022-04-28T23:57:39.140+0000][7][safepoint   ] Safepoint "Cleanup", Time since last: 3017135126 ns, Reaching safepoint: 173333 ns, At safepoint: 4542 ns, Total: 177875 ns
[2022-04-28T23:57:41.146+0000][7][safepoint   ] Safepoint "Cleanup", Time since last: 2005558543 ns, Reaching safepoint: 343916 ns, At safepoint: 9500 ns, Total: 353416 ns
[2022-04-28T23:57:42.156+0000][7][safepoint   ] Safepoint "Cleanup", Time since last: 1010297542 ns, Reaching safepoint: 193375 ns, At safepoint: 11375 ns, Total: 204750 ns
[2022-04-28T23:57:44.173+0000][7][safepoint   ] Safepoint "Cleanup", Time since last: 2013378168 ns, Reaching safepoint: 312667 ns, At safepoint: 14208 ns, Total: 326875 ns
[2022-04-28T23:57:45.182+0000][7][safepoint   ] Safepoint "Cleanup", Time since last: 1012233251 ns, Reaching safepoint: 259291 ns, At safepoint: 4542 ns, Total: 263833 ns
[2022-04-28T23:57:46.184+0000][7][safepoint   ] Safepoint "Cleanup", Time since last: 1001148542 ns, Reaching safepoint: 132500 ns, At safepoint: 11167 ns, Total: 143667 ns
[2022-04-28T23:57:48.189+0000][7][safepoint   ] Safepoint "Cleanup", Time since last: 2005311626 ns, Reaching safepoint: 297958 ns, At safepoint: 19583 ns, Total: 317541 ns
[2022-04-28T23:57:49.200+0000][7][safepoint   ] Safepoint "Cleanup", Time since last: 1010087542 ns, Reaching safepoint: 378417 ns, At safepoint: 7917 ns, Total: 386334 ns
[2022-04-28T23:57:51.212+0000][7][safepoint   ] Safepoint "Cleanup", Time since last: 2011802876 ns, Reaching safepoint: 143333 ns, At safepoint: 6042 ns, Total: 149375 ns
[2022-04-28T23:57:53.216+0000][7][safepoint   ] Safepoint "Cleanup", Time since last: 2004341959 ns, Reaching safepoint: 465958 ns, At safepoint: 8000 ns, Total: 473958 ns
[2022-04-28T23:57:54.230+0000][7][safepoint   ] Safepoint "Cleanup", Time since last: 1012887293 ns, Reaching safepoint: 639208 ns, At safepoint: 15875 ns, Total: 655083 ns
[2022-04-28T23:57:56.248+0000][7][safepoint   ] Safepoint "Cleanup", Time since last: 2018200709 ns, Reaching safepoint: 155000 ns, At safepoint: 5875 ns, Total: 160875 ns
[2022-04-28T23:57:57.256+0000][7][safepoint   ] Safepoint "Cleanup", Time since last: 1008032542 ns, Reaching safepoint: 124000 ns, At safepoint: 6417 ns, Total: 130417 ns
[2022-04-28T23:57:59.260+0000][7][safepoint   ] Safepoint "Cleanup", Time since last: 2003438168 ns, Reaching safepoint: 485583 ns, At safepoint: 23000 ns, Total: 508583 ns
[2022-04-28T23:58:00.269+0000][7][safepoint   ] Safepoint "Cleanup", Time since last: 1008315375 ns, Reaching safepoint: 539459 ns, At safepoint: 7000 ns, Total: 546459 ns
[2022-04-28T23:58:01.275+0000][7][safepoint   ] Safepoint "Cleanup", Time since last: 1005398084 ns, Reaching safepoint: 436541 ns, At safepoint: 13709 ns, Total: 450250 ns
[2022-04-28T23:58:03.282+0000][7][safepoint   ] Safepoint "Cleanup", Time since last: 2006942709 ns, Reaching safepoint: 106416 ns, At safepoint: 4375 ns, Total: 110791 ns
[2022-04-28T23:58:04.287+0000][7][safepoint   ] Safepoint "Cleanup", Time since last: 1004724459 ns, Reaching safepoint: 357792 ns, At safepoint: 8625 ns, Total: 366417 ns
[2022-04-28T23:58:06.301+0000][7][safepoint   ] Safepoint "Cleanup", Time since last: 2013271501 ns, Reaching safepoint: 350000 ns, At safepoint: 12625 ns, Total: 362625 ns
[2022-04-28T23:58:09.314+0000][7][safepoint   ] Safepoint "Cleanup", Time since last: 3012427293 ns, Reaching safepoint: 102958 ns, At safepoint: 3917 ns, Total: 106875 ns
[2022-04-28T23:58:11.318+0000][7][safepoint   ] Safepoint "Cleanup", Time since last: 2004482501 ns, Reaching safepoint: 160750 ns, At safepoint: 5791 ns, Total: 166541 ns
[2022-04-28T23:58:12.323+0000][7][safepoint   ] Safepoint "Cleanup", Time since last: 1004731917 ns, Reaching safepoint: 142417 ns, At safepoint: 5333 ns, Total: 147750 ns
[2022-04-28T23:58:13.330+0000][7][safepoint   ] Safepoint "Cleanup", Time since last: 1006440084 ns, Reaching safepoint: 474792 ns, At safepoint: 15375 ns, Total: 490167 ns
[2022-04-28T23:58:14.344+0000][7][safepoint   ] Safepoint "Cleanup", Time since last: 1013676000 ns, Reaching safepoint: 152084 ns, At safepoint: 8250 ns, Total: 160334 ns
[2022-04-28T23:58:15.045+0000][7][gc,start    ] GC(24) Pause Young (Normal) (G1 Evacuation Pause)
[2022-04-28T23:58:15.046+0000][7][gc,task     ] GC(24) Using 5 workers of 5 for evacuation
[2022-04-28T23:58:15.047+0000][7][gc,age      ] GC(24) Desired survivor size 20971520 bytes, new threshold 15 (max threshold 15)
[2022-04-28T23:58:15.058+0000][7][gc,age      ] GC(24) Age table with threshold 15 (max threshold 15)
[2022-04-28T23:58:15.059+0000][7][gc,age      ] GC(24) - age   1:     821584 bytes,     821584 total
[2022-04-28T23:58:15.060+0000][7][gc,age      ] GC(24) - age   2:     258616 bytes,    1080200 total
[2022-04-28T23:58:15.061+0000][7][gc,age      ] GC(24) - age   3:     134736 bytes,    1214936 total
[2022-04-28T23:58:15.062+0000][7][gc,age      ] GC(24) - age   4:     196536 bytes,    1411472 total
[2022-04-28T23:58:15.063+0000][7][gc,age      ] GC(24) - age   5:      55168 bytes,    1466640 total
[2022-04-28T23:58:15.064+0000][7][gc,age      ] GC(24) - age   6:      59960 bytes,    1526600 total
[2022-04-28T23:58:15.065+0000][7][gc,age      ] GC(24) - age   7:     710768 bytes,    2237368 total
[2022-04-28T23:58:15.066+0000][7][gc,age      ] GC(24) - age   8:    3066640 bytes,    5304008 total
[2022-04-28T23:58:15.067+0000][7][gc,age      ] GC(24) - age   9:    8692032 bytes,   13996040 total
[2022-04-28T23:58:15.068+0000][7][gc,age      ] GC(24) - age  10:     486320 bytes,   14482360 total
[2022-04-28T23:58:15.069+0000][7][gc,phases   ] GC(24)   Pre Evacuate Collection Set: 0.1ms
[2022-04-28T23:58:15.071+0000][7][gc,phases   ] GC(24)   Merge Heap Roots: 0.0ms
[2022-04-28T23:58:15.072+0000][7][gc,phases   ] GC(24)   Evacuate Collection Set: 8.4ms
[2022-04-28T23:58:15.073+0000][7][gc,phases   ] GC(24)   Post Evacuate Collection Set: 1.4ms
[2022-04-28T23:58:15.075+0000][7][gc,phases   ] GC(24)   Other: 13.7ms
[2022-04-28T23:58:15.077+0000][7][gc,heap     ] GC(24) Eden regions: 72->0(72)
[2022-04-28T23:58:15.078+0000][7][gc,heap     ] GC(24) Survivor regions: 4->4(10)
[2022-04-28T23:58:15.080+0000][7][gc,heap     ] GC(24) Old regions: 16->16
[2022-04-28T23:58:15.081+0000][7][gc,heap     ] GC(24) Archive regions: 2->2
[2022-04-28T23:58:15.083+0000][7][gc,heap     ] GC(24) Humongous regions: 6->6
[2022-04-28T23:58:15.084+0000][7][gc,metaspace] GC(24) Metaspace: 111721K(113536K)->111721K(113536K) NonClass: 96749K(97792K)->96749K(97792K) Class: 14972K(15744K)->14972K(15744K)
[2022-04-28T23:58:15.086+0000][7][gc          ] GC(24) Pause Young (Normal) (G1 Evacuation Pause) 393M->104M(512M) 40.818ms
[2022-04-28T23:58:15.088+0000][7][gc,cpu      ] GC(24) User=0.03s Sys=0.00s Real=0.04s
[2022-04-28T23:58:15.091+0000][7][safepoint   ] Safepoint "G1CollectForAllocation", Time since last: 701082917 ns, Reaching safepoint: 190833 ns, At safepoint: 45702792 ns, Total: 45893625 ns
[2022-04-28T23:58:15.468+0000][7][gc,heap,exit] Heap
[2022-04-28T23:58:15.469+0000][7][gc,heap,exit]  garbage-first heap   total 524288K, used 128735K [0x00000000e0000000, 0x0000000100000000)
[2022-04-28T23:58:15.470+0000][7][gc,heap,exit]   region size 4096K, 10 young (40960K), 4 survivors (16384K)
[2022-04-28T23:58:15.472+0000][7][gc,heap,exit]  Metaspace       used 111959K, committed 113728K, reserved 1155072K
[2022-04-28T23:58:15.473+0000][7][gc,heap,exit]   class space    used 15016K, committed 15744K, reserved 1048576K
