[2022-04-25T23:45:05.716+0000][8][gc] Using G1
[2022-04-25T23:45:05.988+0000][8][gc,init] Version: 17.0.2+8 (release)
[2022-04-25T23:45:05.990+0000][8][gc,init] CPUs: 5 total, 5 available
[2022-04-25T23:45:05.991+0000][8][gc,init] Memory: 7851M
[2022-04-25T23:45:05.992+0000][8][gc,init] Large Page Support: Disabled
[2022-04-25T23:45:05.993+0000][8][gc,init] NUMA Support: Disabled
[2022-04-25T23:45:05.995+0000][8][gc,init] Compressed Oops: Enabled (32-bit)
[2022-04-25T23:45:05.996+0000][8][gc,init] Heap Region Size: 4M
[2022-04-25T23:45:05.997+0000][8][gc,init] Heap Min Capacity: 512M
[2022-04-25T23:45:05.998+0000][8][gc,init] Heap Initial Capacity: 512M
[2022-04-25T23:45:05.999+0000][8][gc,init] Heap Max Capacity: 512M
[2022-04-25T23:45:06.001+0000][8][gc,init] Pre-touch: Enabled
[2022-04-25T23:45:06.002+0000][8][gc,init] Parallel Workers: 5
[2022-04-25T23:45:06.003+0000][8][gc,init] Concurrent Workers: 1
[2022-04-25T23:45:06.003+0000][8][gc,init] Concurrent Refinement Workers: 5
[2022-04-25T23:45:06.005+0000][8][gc,init] Periodic GC: Disabled
[2022-04-25T23:45:06.006+0000][8][gc,metaspace] CDS archive(s) mapped at: [0x0000000800000000-0x0000000800bd2000-0x0000000800bd2000), size 12394496, SharedBaseAddress: 0x0000000800000000, ArchiveRelocationMode: 0.
[2022-04-25T23:45:06.007+0000][8][gc,metaspace] Compressed class space mapped at: 0x0000000800c00000-0x0000000840c00000, reserved size: 1073741824
[2022-04-25T23:45:06.008+0000][8][gc,metaspace] Narrow klass base: 0x0000000800000000, Narrow klass shift: 0, Narrow klass range: 0x100000000
[2022-04-25T23:45:07.172+0000][8][safepoint   ] Safepoint "ICBufferFull", Time since last: 1145889709 ns, Reaching safepoint: 13811291 ns, At safepoint: 32750 ns, Total: 13844041 ns
[2022-04-25T23:45:07.705+0000][8][safepoint   ] Safepoint "ICBufferFull", Time since last: 533074126 ns, Reaching safepoint: 199000 ns, At safepoint: 27791 ns, Total: 226791 ns
[2022-04-25T23:45:08.291+0000][8][gc,start    ] GC(0) Pause Young (Normal) (G1 Evacuation Pause)
[2022-04-25T23:45:08.368+0000][8][gc,task     ] GC(0) Using 5 workers of 5 for evacuation
[2022-04-25T23:45:08.407+0000][8][gc,age      ] GC(0) Desired survivor size 2097152 bytes, new threshold 15 (max threshold 15)
[2022-04-25T23:45:08.526+0000][8][gc,age      ] GC(0) Age table with threshold 15 (max threshold 15)
[2022-04-25T23:45:08.568+0000][8][gc,age      ] GC(0) - age   1:    4151912 bytes,    4151912 total
[2022-04-25T23:45:08.692+0000][8][gc,mmu      ] GC(0) MMU target violated: 201.0ms (200.0ms/201.0ms)
[2022-04-25T23:45:08.752+0000][8][gc,phases   ] GC(0)   Pre Evacuate Collection Set: 0.2ms
[2022-04-25T23:45:08.883+0000][8][gc,phases   ] GC(0)   Merge Heap Roots: 0.0ms
[2022-04-25T23:45:08.963+0000][8][gc,phases   ] GC(0)   Evacuate Collection Set: 45.5ms
[2022-04-25T23:45:09.065+0000][8][gc,phases   ] GC(0)   Post Evacuate Collection Set: 27.1ms
[2022-04-25T23:45:09.134+0000][8][gc,phases   ] GC(0)   Other: 387.9ms
[2022-04-25T23:45:09.187+0000][8][gc,heap     ] GC(0) Eden regions: 6->0(5)
[2022-04-25T23:45:09.288+0000][8][gc,heap     ] GC(0) Survivor regions: 0->1(1)
[2022-04-25T23:45:09.322+0000][8][gc,heap     ] GC(0) Old regions: 0->1
[2022-04-25T23:45:09.360+0000][8][gc,heap     ] GC(0) Archive regions: 2->2
[2022-04-25T23:45:09.367+0000][8][gc,heap     ] GC(0) Humongous regions: 0->0
[2022-04-25T23:45:09.368+0000][8][gc,metaspace] GC(0) Metaspace: 8700K(8896K)->8700K(8896K) NonClass: 7648K(7744K)->7648K(7744K) Class: 1052K(1152K)->1052K(1152K)
[2022-04-25T23:45:09.369+0000][8][gc          ] GC(0) Pause Young (Normal) (G1 Evacuation Pause) 27M->8M(512M) 1077.648ms
[2022-04-25T23:45:09.370+0000][8][gc,cpu      ] GC(0) User=0.18s Sys=0.05s Real=1.08s
[2022-04-25T23:45:09.373+0000][8][safepoint   ] Safepoint "G1CollectForAllocation", Time since last: 543081542 ns, Reaching safepoint: 42850250 ns, At safepoint: 1081441751 ns, Total: 1124292001 ns
[2022-04-25T23:45:09.753+0000][8][safepoint   ] Safepoint "ICBufferFull", Time since last: 363098833 ns, Reaching safepoint: 17317125 ns, At safepoint: 23125 ns, Total: 17340250 ns
[2022-04-25T23:45:10.600+0000][8][gc,start    ] GC(1) Pause Young (Normal) (G1 Evacuation Pause)
[2022-04-25T23:45:10.646+0000][8][gc,task     ] GC(1) Using 5 workers of 5 for evacuation
[2022-04-25T23:45:10.685+0000][8][gc,age      ] GC(1) Desired survivor size 2097152 bytes, new threshold 1 (max threshold 15)
[2022-04-25T23:45:10.827+0000][8][gc,age      ] GC(1) Age table with threshold 1 (max threshold 15)
[2022-04-25T23:45:10.880+0000][8][gc,age      ] GC(1) - age   1:    1925640 bytes,    1925640 total
[2022-04-25T23:45:10.921+0000][8][gc,mmu      ] GC(1) MMU target violated: 201.0ms (200.0ms/201.0ms)
[2022-04-25T23:45:11.024+0000][8][gc,phases   ] GC(1)   Pre Evacuate Collection Set: 0.1ms
[2022-04-25T23:45:11.053+0000][8][gc,phases   ] GC(1)   Merge Heap Roots: 0.1ms
[2022-04-25T23:45:11.070+0000][8][gc,phases   ] GC(1)   Evacuate Collection Set: 40.1ms
[2022-04-25T23:45:11.071+0000][8][gc,phases   ] GC(1)   Post Evacuate Collection Set: 51.9ms
[2022-04-25T23:45:11.072+0000][8][gc,phases   ] GC(1)   Other: 332.3ms
[2022-04-25T23:45:11.073+0000][8][gc,heap     ] GC(1) Eden regions: 5->0(5)
[2022-04-25T23:45:11.074+0000][8][gc,heap     ] GC(1) Survivor regions: 1->1(1)
[2022-04-25T23:45:11.075+0000][8][gc,heap     ] GC(1) Old regions: 1->2
[2022-04-25T23:45:11.077+0000][8][gc,heap     ] GC(1) Archive regions: 2->2
[2022-04-25T23:45:11.078+0000][8][gc,heap     ] GC(1) Humongous regions: 0->0
[2022-04-25T23:45:11.080+0000][8][gc,metaspace] GC(1) Metaspace: 12013K(12288K)->12013K(12288K) NonClass: 10522K(10688K)->10522K(10688K) Class: 1490K(1600K)->1490K(1600K)
[2022-04-25T23:45:11.081+0000][8][gc          ] GC(1) Pause Young (Normal) (G1 Evacuation Pause) 28M->10M(512M) 481.120ms
[2022-04-25T23:45:11.082+0000][8][gc,cpu      ] GC(1) User=0.18s Sys=0.04s Real=0.48s
[2022-04-25T23:45:11.083+0000][8][safepoint   ] Safepoint "G1CollectForAllocation", Time since last: 842852251 ns, Reaching safepoint: 3740916 ns, At safepoint: 483544917 ns, Total: 487285833 ns
[2022-04-25T23:45:12.227+0000][8][gc,start    ] GC(2) Pause Young (Normal) (G1 Evacuation Pause)
[2022-04-25T23:45:12.273+0000][8][gc,task     ] GC(2) Using 5 workers of 5 for evacuation
[2022-04-25T23:45:12.328+0000][8][gc,age      ] GC(2) Desired survivor size 2097152 bytes, new threshold 15 (max threshold 15)
[2022-04-25T23:45:12.517+0000][8][gc,age      ] GC(2) Age table with threshold 15 (max threshold 15)
[2022-04-25T23:45:12.583+0000][8][gc,age      ] GC(2) - age   1:     837312 bytes,     837312 total
[2022-04-25T23:45:12.626+0000][8][gc,age      ] GC(2) - age   2:    1898000 bytes,    2735312 total
[2022-04-25T23:45:12.695+0000][8][gc,mmu      ] GC(2) MMU target violated: 201.0ms (200.0ms/201.0ms)
[2022-04-25T23:45:12.700+0000][8][gc,phases   ] GC(2)   Pre Evacuate Collection Set: 0.1ms
[2022-04-25T23:45:12.727+0000][8][gc,phases   ] GC(2)   Merge Heap Roots: 0.0ms
[2022-04-25T23:45:12.760+0000][8][gc,phases   ] GC(2)   Evacuate Collection Set: 36.7ms
[2022-04-25T23:45:12.783+0000][8][gc,phases   ] GC(2)   Post Evacuate Collection Set: 52.0ms
[2022-04-25T23:45:12.785+0000][8][gc,phases   ] GC(2)   Other: 384.3ms
[2022-04-25T23:45:12.786+0000][8][gc,heap     ] GC(2) Eden regions: 5->0(5)
[2022-04-25T23:45:12.787+0000][8][gc,heap     ] GC(2) Survivor regions: 1->1(1)
[2022-04-25T23:45:12.788+0000][8][gc,heap     ] GC(2) Old regions: 2->2
[2022-04-25T23:45:12.789+0000][8][gc,heap     ] GC(2) Archive regions: 2->2
[2022-04-25T23:45:12.790+0000][8][gc,heap     ] GC(2) Humongous regions: 0->0
[2022-04-25T23:45:12.790+0000][8][gc,metaspace] GC(2) Metaspace: 14170K(14464K)->14170K(14464K) NonClass: 12438K(12608K)->12438K(12608K) Class: 1731K(1856K)->1731K(1856K)
[2022-04-25T23:45:12.791+0000][8][gc          ] GC(2) Pause Young (Normal) (G1 Evacuation Pause) 30M->10M(512M) 564.320ms
[2022-04-25T23:45:12.792+0000][8][gc,cpu      ] GC(2) User=0.19s Sys=0.05s Real=0.56s
[2022-04-25T23:45:12.794+0000][8][safepoint   ] Safepoint "G1CollectForAllocation", Time since last: 1142300042 ns, Reaching safepoint: 1230584 ns, At safepoint: 567010750 ns, Total: 568241334 ns
[2022-04-25T23:45:13.061+0000][8][gc,start    ] GC(3) Pause Young (Normal) (G1 Evacuation Pause)
[2022-04-25T23:45:13.215+0000][8][gc,task     ] GC(3) Using 5 workers of 5 for evacuation
[2022-04-25T23:45:13.252+0000][8][gc,age      ] GC(3) Desired survivor size 2097152 bytes, new threshold 2 (max threshold 15)
[2022-04-25T23:45:13.400+0000][8][gc,age      ] GC(3) Age table with threshold 2 (max threshold 15)
[2022-04-25T23:45:13.447+0000][8][gc,age      ] GC(3) - age   1:     532360 bytes,     532360 total
[2022-04-25T23:45:13.495+0000][8][gc,age      ] GC(3) - age   2:     796208 bytes,    1328568 total
[2022-04-25T23:45:13.581+0000][8][gc,mmu      ] GC(3) MMU target violated: 201.0ms (200.0ms/201.0ms)
[2022-04-25T23:45:13.666+0000][8][gc,phases   ] GC(3)   Pre Evacuate Collection Set: 0.1ms
[2022-04-25T23:45:13.744+0000][8][gc,phases   ] GC(3)   Merge Heap Roots: 0.0ms
[2022-04-25T23:45:13.832+0000][8][gc,phases   ] GC(3)   Evacuate Collection Set: 27.8ms
[2022-04-25T23:45:13.896+0000][8][gc,phases   ] GC(3)   Post Evacuate Collection Set: 15.8ms
[2022-04-25T23:45:13.958+0000][8][gc,phases   ] GC(3)   Other: 561.5ms
[2022-04-25T23:45:14.011+0000][8][gc,heap     ] GC(3) Eden regions: 5->0(5)
[2022-04-25T23:45:14.071+0000][8][gc,heap     ] GC(3) Survivor regions: 1->1(1)
[2022-04-25T23:45:14.198+0000][8][gc,heap     ] GC(3) Old regions: 2->2
[2022-04-25T23:45:14.270+0000][8][gc,heap     ] GC(3) Archive regions: 2->2
[2022-04-25T23:45:14.395+0000][8][gc,heap     ] GC(3) Humongous regions: 0->0
[2022-04-25T23:45:14.405+0000][8][gc,metaspace] GC(3) Metaspace: 14712K(14976K)->14712K(14976K) NonClass: 12952K(13120K)->12952K(13120K) Class: 1759K(1856K)->1759K(1856K)
[2022-04-25T23:45:14.407+0000][8][gc          ] GC(3) Pause Young (Normal) (G1 Evacuation Pause) 30M->11M(512M) 1345.679ms
[2022-04-25T23:45:14.409+0000][8][gc,cpu      ] GC(3) User=0.07s Sys=0.04s Real=1.35s
[2022-04-25T23:45:14.427+0000][8][safepoint   ] Safepoint "G1CollectForAllocation", Time since last: 266748917 ns, Reaching safepoint: 401625 ns, At safepoint: 1366083209 ns, Total: 1366484834 ns
[2022-04-25T23:45:14.529+0000][8][gc,start    ] GC(4) Pause Young (Normal) (G1 Evacuation Pause)
[2022-04-25T23:45:14.530+0000][8][gc,task     ] GC(4) Using 5 workers of 5 for evacuation
[2022-04-25T23:45:14.531+0000][8][gc,age      ] GC(4) Desired survivor size 2097152 bytes, new threshold 15 (max threshold 15)
[2022-04-25T23:45:14.535+0000][8][gc,age      ] GC(4) Age table with threshold 15 (max threshold 15)
[2022-04-25T23:45:14.536+0000][8][gc,age      ] GC(4) - age   1:    1552176 bytes,    1552176 total
[2022-04-25T23:45:14.538+0000][8][gc,age      ] GC(4) - age   2:     521000 bytes,    2073176 total
[2022-04-25T23:45:14.539+0000][8][gc,age      ] GC(4) - age   3:     796208 bytes,    2869384 total
[2022-04-25T23:45:14.539+0000][8][gc,phases   ] GC(4)   Pre Evacuate Collection Set: 0.0ms
[2022-04-25T23:45:14.541+0000][8][gc,phases   ] GC(4)   Merge Heap Roots: 0.1ms
[2022-04-25T23:45:14.541+0000][8][gc,phases   ] GC(4)   Evacuate Collection Set: 1.8ms
[2022-04-25T23:45:14.542+0000][8][gc,phases   ] GC(4)   Post Evacuate Collection Set: 0.9ms
[2022-04-25T23:45:14.543+0000][8][gc,phases   ] GC(4)   Other: 7.8ms
[2022-04-25T23:45:14.544+0000][8][gc,heap     ] GC(4) Eden regions: 5->0(5)
[2022-04-25T23:45:14.544+0000][8][gc,heap     ] GC(4) Survivor regions: 1->1(1)
[2022-04-25T23:45:14.546+0000][8][gc,heap     ] GC(4) Old regions: 2->2
[2022-04-25T23:45:14.547+0000][8][gc,heap     ] GC(4) Archive regions: 2->2
[2022-04-25T23:45:14.548+0000][8][gc,heap     ] GC(4) Humongous regions: 0->0
[2022-04-25T23:45:14.549+0000][8][gc,metaspace] GC(4) Metaspace: 14783K(15040K)->14783K(15040K) NonClass: 13021K(13184K)->13021K(13184K) Class: 1762K(1856K)->1762K(1856K)
[2022-04-25T23:45:14.551+0000][8][gc          ] GC(4) Pause Young (Normal) (G1 Evacuation Pause) 31M->12M(512M) 21.695ms
[2022-04-25T23:45:14.552+0000][8][gc,cpu      ] GC(4) User=0.00s Sys=0.00s Real=0.02s
[2022-04-25T23:45:14.553+0000][8][safepoint   ] Safepoint "G1CollectForAllocation", Time since last: 101468500 ns, Reaching safepoint: 219875 ns, At safepoint: 23774958 ns, Total: 23994833 ns
[2022-04-25T23:45:14.685+0000][8][gc,start    ] GC(5) Pause Young (Normal) (G1 Evacuation Pause)
[2022-04-25T23:45:14.728+0000][8][gc,task     ] GC(5) Using 5 workers of 5 for evacuation
[2022-04-25T23:45:14.796+0000][8][gc,age      ] GC(5) Desired survivor size 2097152 bytes, new threshold 3 (max threshold 15)
[2022-04-25T23:45:14.930+0000][8][gc,age      ] GC(5) Age table with threshold 3 (max threshold 15)
[2022-04-25T23:45:14.969+0000][8][gc,age      ] GC(5) - age   1:    1711176 bytes,    1711176 total
[2022-04-25T23:45:15.013+0000][8][gc,age      ] GC(5) - age   2:     133664 bytes,    1844840 total
[2022-04-25T23:45:15.047+0000][8][gc,age      ] GC(5) - age   3:     520816 bytes,    2365656 total
[2022-04-25T23:45:15.123+0000][8][gc,mmu      ] GC(5) MMU target violated: 201.0ms (200.0ms/201.0ms)
[2022-04-25T23:45:15.145+0000][8][gc,phases   ] GC(5)   Pre Evacuate Collection Set: 12.6ms
[2022-04-25T23:45:15.225+0000][8][gc,phases   ] GC(5)   Merge Heap Roots: 0.1ms
[2022-04-25T23:45:15.313+0000][8][gc,phases   ] GC(5)   Evacuate Collection Set: 43.5ms
[2022-04-25T23:45:15.349+0000][8][gc,phases   ] GC(5)   Post Evacuate Collection Set: 27.5ms
[2022-04-25T23:45:15.407+0000][8][gc,phases   ] GC(5)   Other: 376.5ms
[2022-04-25T23:45:15.468+0000][8][gc,heap     ] GC(5) Eden regions: 5->0(5)
[2022-04-25T23:45:15.479+0000][8][gc,heap     ] GC(5) Survivor regions: 1->1(1)
[2022-04-25T23:45:15.559+0000][8][gc,heap     ] GC(5) Old regions: 2->2
[2022-04-25T23:45:15.620+0000][8][gc,heap     ] GC(5) Archive regions: 2->2
[2022-04-25T23:45:15.709+0000][8][gc,heap     ] GC(5) Humongous regions: 0->0
[2022-04-25T23:45:15.756+0000][8][gc,metaspace] GC(5) Metaspace: 15506K(15808K)->15506K(15808K) NonClass: 13656K(13824K)->13656K(13824K) Class: 1849K(1984K)->1849K(1984K)
[2022-04-25T23:45:15.814+0000][8][gc          ] GC(5) Pause Young (Normal) (G1 Evacuation Pause) 32M->13M(512M) 1128.119ms
[2022-04-25T23:45:15.904+0000][8][gc,cpu      ] GC(5) User=0.12s Sys=0.03s Real=1.22s
[2022-04-25T23:45:15.931+0000][8][safepoint   ] Safepoint "G1CollectForAllocation", Time since last: 130432834 ns, Reaching safepoint: 2328416 ns, At safepoint: 1252653875 ns, Total: 1254982291 ns
[2022-04-25T23:45:16.182+0000][8][gc,start    ] GC(6) Pause Young (Normal) (G1 Evacuation Pause)
[2022-04-25T23:45:16.184+0000][8][gc,task     ] GC(6) Using 5 workers of 5 for evacuation
[2022-04-25T23:45:16.185+0000][8][gc,age      ] GC(6) Desired survivor size 2097152 bytes, new threshold 3 (max threshold 15)
[2022-04-25T23:45:16.190+0000][8][gc,age      ] GC(6) Age table with threshold 3 (max threshold 15)
[2022-04-25T23:45:16.191+0000][8][gc,age      ] GC(6) - age   1:    2979464 bytes,    2979464 total
[2022-04-25T23:45:16.192+0000][8][gc,age      ] GC(6) - age   2:     268384 bytes,    3247848 total
[2022-04-25T23:45:16.193+0000][8][gc,age      ] GC(6) - age   3:     133664 bytes,    3381512 total
[2022-04-25T23:45:16.194+0000][8][gc,phases   ] GC(6)   Pre Evacuate Collection Set: 0.4ms
[2022-04-25T23:45:16.195+0000][8][gc,phases   ] GC(6)   Merge Heap Roots: 0.0ms
[2022-04-25T23:45:16.198+0000][8][gc,phases   ] GC(6)   Evacuate Collection Set: 2.2ms
[2022-04-25T23:45:16.199+0000][8][gc,phases   ] GC(6)   Post Evacuate Collection Set: 0.9ms
[2022-04-25T23:45:16.200+0000][8][gc,phases   ] GC(6)   Other: 8.9ms
[2022-04-25T23:45:16.200+0000][8][gc,heap     ] GC(6) Eden regions: 5->0(5)
[2022-04-25T23:45:16.201+0000][8][gc,heap     ] GC(6) Survivor regions: 1->1(1)
[2022-04-25T23:45:16.202+0000][8][gc,heap     ] GC(6) Old regions: 2->2
[2022-04-25T23:45:16.203+0000][8][gc,heap     ] GC(6) Archive regions: 2->2
[2022-04-25T23:45:16.204+0000][8][gc,heap     ] GC(6) Humongous regions: 0->0
[2022-04-25T23:45:16.206+0000][8][gc,metaspace] GC(6) Metaspace: 15558K(15808K)->15558K(15808K) NonClass: 13704K(13824K)->13704K(13824K) Class: 1853K(1984K)->1853K(1984K)
[2022-04-25T23:45:16.207+0000][8][gc          ] GC(6) Pause Young (Normal) (G1 Evacuation Pause) 33M->14M(512M) 25.089ms
[2022-04-25T23:45:16.207+0000][8][gc,cpu      ] GC(6) User=0.00s Sys=0.01s Real=0.03s
[2022-04-25T23:45:16.209+0000][8][safepoint   ] Safepoint "G1CollectForAllocation", Time since last: 250506875 ns, Reaching safepoint: 333459 ns, At safepoint: 27133125 ns, Total: 27466584 ns
[2022-04-25T23:45:16.264+0000][8][safepoint   ] Safepoint "ICBufferFull", Time since last: 55391291 ns, Reaching safepoint: 194792 ns, At safepoint: 5833 ns, Total: 200625 ns
[2022-04-25T23:45:16.267+0000][8][safepoint   ] Safepoint "ICBufferFull", Time since last: 2345209 ns, Reaching safepoint: 75208 ns, At safepoint: 1792 ns, Total: 77000 ns
[2022-04-25T23:45:16.269+0000][8][safepoint   ] Safepoint "ICBufferFull", Time since last: 1796375 ns, Reaching safepoint: 314083 ns, At safepoint: 8500 ns, Total: 322583 ns
[2022-04-25T23:45:16.270+0000][8][safepoint   ] Safepoint "ICBufferFull", Time since last: 1338083 ns, Reaching safepoint: 31959 ns, At safepoint: 1208 ns, Total: 33167 ns
[2022-04-25T23:45:16.273+0000][8][safepoint   ] Safepoint "ICBufferFull", Time since last: 2128708 ns, Reaching safepoint: 302875 ns, At safepoint: 3750 ns, Total: 306625 ns
[2022-04-25T23:45:16.275+0000][8][safepoint   ] Safepoint "ICBufferFull", Time since last: 2589000 ns, Reaching safepoint: 21500 ns, At safepoint: 1250 ns, Total: 22750 ns
[2022-04-25T23:45:16.328+0000][8][safepoint   ] Safepoint "ICBufferFull", Time since last: 52613667 ns, Reaching safepoint: 48083 ns, At safepoint: 4167 ns, Total: 52250 ns
[2022-04-25T23:45:16.397+0000][8][safepoint   ] Safepoint "ICBufferFull", Time since last: 49858375 ns, Reaching safepoint: 3173708 ns, At safepoint: 16443459 ns, Total: 19617167 ns
[2022-04-25T23:45:16.451+0000][8][safepoint   ] Safepoint "ICBufferFull", Time since last: 52770375 ns, Reaching safepoint: 792958 ns, At safepoint: 11000 ns, Total: 803958 ns
[2022-04-25T23:45:16.534+0000][8][safepoint   ] Safepoint "ICBufferFull", Time since last: 64912250 ns, Reaching safepoint: 17545625 ns, At safepoint: 19000 ns, Total: 17564625 ns
[2022-04-25T23:45:16.581+0000][8][safepoint   ] Safepoint "ICBufferFull", Time since last: 24477500 ns, Reaching safepoint: 22797709 ns, At safepoint: 20541 ns, Total: 22818250 ns
[2022-04-25T23:45:16.816+0000][8][gc,start    ] GC(7) Pause Young (Normal) (G1 Evacuation Pause)
[2022-04-25T23:45:16.903+0000][8][gc,task     ] GC(7) Using 5 workers of 5 for evacuation
[2022-04-25T23:45:17.008+0000][8][gc,age      ] GC(7) Desired survivor size 2097152 bytes, new threshold 1 (max threshold 15)
[2022-04-25T23:45:17.188+0000][8][gc,age      ] GC(7) Age table with threshold 1 (max threshold 15)
[2022-04-25T23:45:17.246+0000][8][gc,age      ] GC(7) - age   1:    2522144 bytes,    2522144 total
[2022-04-25T23:45:17.312+0000][8][gc,mmu      ] GC(7) MMU target violated: 201.0ms (200.0ms/201.0ms)
[2022-04-25T23:45:17.335+0000][8][gc,phases   ] GC(7)   Pre Evacuate Collection Set: 45.5ms
[2022-04-25T23:45:17.397+0000][8][gc,phases   ] GC(7)   Merge Heap Roots: 0.0ms
[2022-04-25T23:45:17.426+0000][8][gc,phases   ] GC(7)   Evacuate Collection Set: 58.7ms
[2022-04-25T23:45:17.461+0000][8][gc,phases   ] GC(7)   Post Evacuate Collection Set: 1.9ms
[2022-04-25T23:45:17.533+0000][8][gc,phases   ] GC(7)   Other: 412.6ms
[2022-04-25T23:45:17.572+0000][8][gc,heap     ] GC(7) Eden regions: 5->0(5)
[2022-04-25T23:45:17.616+0000][8][gc,heap     ] GC(7) Survivor regions: 1->1(1)
[2022-04-25T23:45:17.674+0000][8][gc,heap     ] GC(7) Old regions: 2->2
[2022-04-25T23:45:17.732+0000][8][gc,heap     ] GC(7) Archive regions: 2->2
[2022-04-25T23:45:17.752+0000][8][gc,heap     ] GC(7) Humongous regions: 0->0
[2022-04-25T23:45:17.758+0000][8][gc,metaspace] GC(7) Metaspace: 16871K(17152K)->16871K(17152K) NonClass: 14854K(15040K)->14854K(15040K) Class: 2017K(2112K)->2017K(2112K)
[2022-04-25T23:45:17.775+0000][8][gc          ] GC(7) Pause Young (Normal) (G1 Evacuation Pause) 34M->14M(512M) 959.558ms
[2022-04-25T23:45:17.807+0000][8][gc,cpu      ] GC(7) User=0.12s Sys=0.04s Real=1.00s
[2022-04-25T23:45:17.845+0000][8][safepoint   ] Safepoint "G1CollectForAllocation", Time since last: 234826875 ns, Reaching safepoint: 82375 ns, At safepoint: 1029215709 ns, Total: 1029298084 ns
[2022-04-25T23:45:17.870+0000][8][gc,start    ] GC(8) Pause Young (Normal) (G1 Evacuation Pause)
[2022-04-25T23:45:17.871+0000][8][gc,task     ] GC(8) Using 5 workers of 5 for evacuation
[2022-04-25T23:45:17.872+0000][8][gc,age      ] GC(8) Desired survivor size 2097152 bytes, new threshold 1 (max threshold 15)
[2022-04-25T23:45:17.875+0000][8][gc,age      ] GC(8) Age table with threshold 1 (max threshold 15)
[2022-04-25T23:45:17.876+0000][8][gc,age      ] GC(8) - age   1:    1143544 bytes,    1143544 total
[2022-04-25T23:45:17.876+0000][8][gc,phases   ] GC(8)   Pre Evacuate Collection Set: 0.1ms
[2022-04-25T23:45:17.877+0000][8][gc,phases   ] GC(8)   Merge Heap Roots: 0.0ms
[2022-04-25T23:45:17.878+0000][8][gc,phases   ] GC(8)   Evacuate Collection Set: 1.4ms
[2022-04-25T23:45:17.879+0000][8][gc,phases   ] GC(8)   Post Evacuate Collection Set: 0.5ms
[2022-04-25T23:45:17.880+0000][8][gc,phases   ] GC(8)   Other: 4.4ms
[2022-04-25T23:45:17.880+0000][8][gc,heap     ] GC(8) Eden regions: 5->0(8)
[2022-04-25T23:45:17.881+0000][8][gc,heap     ] GC(8) Survivor regions: 1->1(1)
[2022-04-25T23:45:17.882+0000][8][gc,heap     ] GC(8) Old regions: 2->3
[2022-04-25T23:45:17.883+0000][8][gc,heap     ] GC(8) Archive regions: 2->2
[2022-04-25T23:45:17.883+0000][8][gc,heap     ] GC(8) Humongous regions: 0->0
[2022-04-25T23:45:17.884+0000][8][gc,metaspace] GC(8) Metaspace: 16905K(17152K)->16905K(17152K) NonClass: 14885K(15040K)->14885K(15040K) Class: 2020K(2112K)->2020K(2112K)
[2022-04-25T23:45:17.885+0000][8][gc          ] GC(8) Pause Young (Normal) (G1 Evacuation Pause) 34M->14M(512M) 14.767ms
[2022-04-25T23:45:17.885+0000][8][gc,cpu      ] GC(8) User=0.01s Sys=0.00s Real=0.01s
[2022-04-25T23:45:17.886+0000][8][safepoint   ] Safepoint "G1CollectForAllocation", Time since last: 24804375 ns, Reaching safepoint: 189042 ns, At safepoint: 16247916 ns, Total: 16436958 ns
[2022-04-25T23:45:18.139+0000][8][gc,start    ] GC(9) Pause Young (Normal) (G1 Evacuation Pause)
[2022-04-25T23:45:18.216+0000][8][gc,task     ] GC(9) Using 5 workers of 5 for evacuation
[2022-04-25T23:45:18.274+0000][8][gc,age      ] GC(9) Desired survivor size 4194304 bytes, new threshold 15 (max threshold 15)
[2022-04-25T23:45:18.410+0000][8][gc,age      ] GC(9) Age table with threshold 15 (max threshold 15)
[2022-04-25T23:45:18.495+0000][8][gc,age      ] GC(9) - age   1:    1687600 bytes,    1687600 total
[2022-04-25T23:45:18.580+0000][8][gc,age      ] GC(9) - age   2:      17280 bytes,    1704880 total
[2022-04-25T23:45:18.676+0000][8][gc,mmu      ] GC(9) MMU target violated: 201.0ms (200.0ms/201.0ms)
[2022-04-25T23:45:18.722+0000][8][gc,phases   ] GC(9)   Pre Evacuate Collection Set: 21.7ms
[2022-04-25T23:45:18.741+0000][8][gc,phases   ] GC(9)   Merge Heap Roots: 0.1ms
[2022-04-25T23:45:18.818+0000][8][gc,phases   ] GC(9)   Evacuate Collection Set: 48.5ms
[2022-04-25T23:45:18.870+0000][8][gc,phases   ] GC(9)   Post Evacuate Collection Set: 1.8ms
[2022-04-25T23:45:18.913+0000][8][gc,phases   ] GC(9)   Other: 510.5ms
[2022-04-25T23:45:18.960+0000][8][gc,heap     ] GC(9) Eden regions: 8->0(5)
[2022-04-25T23:45:19.051+0000][8][gc,heap     ] GC(9) Survivor regions: 1->1(2)
[2022-04-25T23:45:19.103+0000][8][gc,heap     ] GC(9) Old regions: 3->3
[2022-04-25T23:45:19.191+0000][8][gc,heap     ] GC(9) Archive regions: 2->2
[2022-04-25T23:45:19.218+0000][8][gc,heap     ] GC(9) Humongous regions: 0->0
[2022-04-25T23:45:19.259+0000][8][gc,metaspace] GC(9) Metaspace: 17551K(17856K)->17551K(17856K) NonClass: 15420K(15552K)->15420K(15552K) Class: 2130K(2304K)->2130K(2304K)
[2022-04-25T23:45:19.300+0000][8][gc          ] GC(9) Pause Young (Normal) (G1 Evacuation Pause) 46M->14M(512M) 1160.869ms
[2022-04-25T23:45:19.362+0000][8][gc,cpu      ] GC(9) User=0.14s Sys=0.03s Real=1.22s
[2022-04-25T23:45:19.405+0000][8][safepoint   ] Safepoint "G1CollectForAllocation", Time since last: 246253584 ns, Reaching safepoint: 6836458 ns, At safepoint: 1265990918 ns, Total: 1272827376 ns
[2022-04-25T23:45:19.544+0000][8][gc,start    ] GC(10) Pause Young (Normal) (G1 Evacuation Pause)
[2022-04-25T23:45:19.546+0000][8][gc,task     ] GC(10) Using 5 workers of 5 for evacuation
[2022-04-25T23:45:19.547+0000][8][gc,age      ] GC(10) Desired survivor size 2097152 bytes, new threshold 15 (max threshold 15)
[2022-04-25T23:45:19.550+0000][8][gc,age      ] GC(10) Age table with threshold 15 (max threshold 15)
[2022-04-25T23:45:19.551+0000][8][gc,age      ] GC(10) - age   1:     358448 bytes,     358448 total
[2022-04-25T23:45:19.552+0000][8][gc,age      ] GC(10) - age   2:    1681320 bytes,    2039768 total
[2022-04-25T23:45:19.554+0000][8][gc,age      ] GC(10) - age   3:      17280 bytes,    2057048 total
[2022-04-25T23:45:19.555+0000][8][gc,phases   ] GC(10)   Pre Evacuate Collection Set: 0.1ms
[2022-04-25T23:45:19.556+0000][8][gc,phases   ] GC(10)   Merge Heap Roots: 0.0ms
[2022-04-25T23:45:19.558+0000][8][gc,phases   ] GC(10)   Evacuate Collection Set: 1.0ms
[2022-04-25T23:45:19.559+0000][8][gc,phases   ] GC(10)   Post Evacuate Collection Set: 0.6ms
[2022-04-25T23:45:19.560+0000][8][gc,phases   ] GC(10)   Other: 9.0ms
[2022-04-25T23:45:19.560+0000][8][gc,heap     ] GC(10) Eden regions: 5->0(5)
[2022-04-25T23:45:19.561+0000][8][gc,heap     ] GC(10) Survivor regions: 1->1(1)
[2022-04-25T23:45:19.563+0000][8][gc,heap     ] GC(10) Old regions: 3->3
[2022-04-25T23:45:19.565+0000][8][gc,heap     ] GC(10) Archive regions: 2->2
[2022-04-25T23:45:19.566+0000][8][gc,heap     ] GC(10) Humongous regions: 0->0
[2022-04-25T23:45:19.567+0000][8][gc,metaspace] GC(10) Metaspace: 17559K(17856K)->17559K(17856K) NonClass: 15428K(15552K)->15428K(15552K) Class: 2131K(2304K)->2131K(2304K)
[2022-04-25T23:45:19.568+0000][8][gc          ] GC(10) Pause Young (Normal) (G1 Evacuation Pause) 34M->15M(512M) 24.119ms
[2022-04-25T23:45:19.569+0000][8][gc,cpu      ] GC(10) User=0.00s Sys=0.00s Real=0.03s
[2022-04-25T23:45:19.570+0000][8][safepoint   ] Safepoint "G1CollectForAllocation", Time since last: 138446208 ns, Reaching safepoint: 85333 ns, At safepoint: 25872750 ns, Total: 25958083 ns
[2022-04-25T23:45:19.587+0000][8][gc,start    ] GC(11) Pause Young (Normal) (G1 Evacuation Pause)
[2022-04-25T23:45:19.588+0000][8][gc,task     ] GC(11) Using 5 workers of 5 for evacuation
[2022-04-25T23:45:19.589+0000][8][gc,age      ] GC(11) Desired survivor size 2097152 bytes, new threshold 15 (max threshold 15)
[2022-04-25T23:45:19.592+0000][8][gc,age      ] GC(11) Age table with threshold 15 (max threshold 15)
[2022-04-25T23:45:19.593+0000][8][gc,age      ] GC(11) - age   1:     481832 bytes,     481832 total
[2022-04-25T23:45:19.594+0000][8][gc,age      ] GC(11) - age   2:       7400 bytes,     489232 total
[2022-04-25T23:45:19.595+0000][8][gc,age      ] GC(11) - age   3:    1679576 bytes,    2168808 total
[2022-04-25T23:45:19.596+0000][8][gc,age      ] GC(11) - age   4:      17280 bytes,    2186088 total
[2022-04-25T23:45:19.597+0000][8][gc,phases   ] GC(11)   Pre Evacuate Collection Set: 0.0ms
[2022-04-25T23:45:19.598+0000][8][gc,phases   ] GC(11)   Merge Heap Roots: 0.2ms
[2022-04-25T23:45:19.599+0000][8][gc,phases   ] GC(11)   Evacuate Collection Set: 1.0ms
[2022-04-25T23:45:19.600+0000][8][gc,phases   ] GC(11)   Post Evacuate Collection Set: 0.7ms
[2022-04-25T23:45:19.601+0000][8][gc,phases   ] GC(11)   Other: 8.3ms
[2022-04-25T23:45:19.602+0000][8][gc,heap     ] GC(11) Eden regions: 5->0(75)
[2022-04-25T23:45:19.603+0000][8][gc,heap     ] GC(11) Survivor regions: 1->1(1)
[2022-04-25T23:45:19.604+0000][8][gc,heap     ] GC(11) Old regions: 3->3
[2022-04-25T23:45:19.604+0000][8][gc,heap     ] GC(11) Archive regions: 2->2
[2022-04-25T23:45:19.605+0000][8][gc,heap     ] GC(11) Humongous regions: 0->0
[2022-04-25T23:45:19.606+0000][8][gc,metaspace] GC(11) Metaspace: 17569K(17920K)->17569K(17920K) NonClass: 15436K(15616K)->15436K(15616K) Class: 2133K(2304K)->2133K(2304K)
[2022-04-25T23:45:19.607+0000][8][gc          ] GC(11) Pause Young (Normal) (G1 Evacuation Pause) 35M->15M(512M) 20.465ms
[2022-04-25T23:45:19.609+0000][8][gc,cpu      ] GC(11) User=0.00s Sys=0.00s Real=0.02s
[2022-04-25T23:45:19.610+0000][8][safepoint   ] Safepoint "G1CollectForAllocation", Time since last: 17172042 ns, Reaching safepoint: 108375 ns, At safepoint: 22494500 ns, Total: 22602875 ns
[2022-04-25T23:45:20.650+0000][8][safepoint   ] Safepoint "Cleanup", Time since last: 1014760709 ns, Reaching safepoint: 25504833 ns, At safepoint: 21792 ns, Total: 25526625 ns
[2022-04-25T23:45:21.035+0000][8][gc,start    ] GC(12) Pause Young (Normal) (G1 Evacuation Pause)
[2022-04-25T23:45:21.083+0000][8][gc,task     ] GC(12) Using 5 workers of 5 for evacuation
[2022-04-25T23:45:21.111+0000][8][gc,age      ] GC(12) Desired survivor size 20971520 bytes, new threshold 15 (max threshold 15)
[2022-04-25T23:45:21.252+0000][8][gc,age      ] GC(12) Age table with threshold 15 (max threshold 15)
[2022-04-25T23:45:21.253+0000][8][gc,age      ] GC(12) - age   1:    5799008 bytes,    5799008 total
[2022-04-25T23:45:21.255+0000][8][gc,age      ] GC(12) - age   2:      18960 bytes,    5817968 total
[2022-04-25T23:45:21.256+0000][8][gc,age      ] GC(12) - age   3:       7400 bytes,    5825368 total
[2022-04-25T23:45:21.257+0000][8][gc,age      ] GC(12) - age   4:    1679040 bytes,    7504408 total
[2022-04-25T23:45:21.259+0000][8][gc,age      ] GC(12) - age   5:      17280 bytes,    7521688 total
[2022-04-25T23:45:21.260+0000][8][gc,phases   ] GC(12)   Pre Evacuate Collection Set: 0.1ms
[2022-04-25T23:45:21.261+0000][8][gc,phases   ] GC(12)   Merge Heap Roots: 0.1ms
[2022-04-25T23:45:21.263+0000][8][gc,phases   ] GC(12)   Evacuate Collection Set: 12.9ms
[2022-04-25T23:45:21.264+0000][8][gc,phases   ] GC(12)   Post Evacuate Collection Set: 1.0ms
[2022-04-25T23:45:21.264+0000][8][gc,phases   ] GC(12)   Other: 211.2ms
[2022-04-25T23:45:21.265+0000][8][gc,heap     ] GC(12) Eden regions: 75->0(74)
[2022-04-25T23:45:21.266+0000][8][gc,heap     ] GC(12) Survivor regions: 1->2(10)
[2022-04-25T23:45:21.267+0000][8][gc,heap     ] GC(12) Old regions: 3->3
[2022-04-25T23:45:21.268+0000][8][gc,heap     ] GC(12) Archive regions: 2->2
[2022-04-25T23:45:21.270+0000][8][gc,heap     ] GC(12) Humongous regions: 0->0
[2022-04-25T23:45:21.272+0000][8][gc,metaspace] GC(12) Metaspace: 18965K(19328K)->18965K(19328K) NonClass: 16637K(16832K)->16637K(16832K) Class: 2327K(2496K)->2327K(2496K)
[2022-04-25T23:45:21.290+0000][8][gc          ] GC(12) Pause Young (Normal) (G1 Evacuation Pause) 315M->20M(512M) 255.308ms
[2022-04-25T23:45:21.292+0000][8][gc,cpu      ] GC(12) User=0.03s Sys=0.00s Real=0.26s
[2022-04-25T23:45:21.293+0000][8][safepoint   ] Safepoint "G1CollectForAllocation", Time since last: 381336458 ns, Reaching safepoint: 3481375 ns, At safepoint: 258475459 ns, Total: 261956834 ns
[2022-04-25T23:45:22.258+0000][8][gc,start    ] GC(13) Pause Young (Normal) (G1 Evacuation Pause)
[2022-04-25T23:45:22.368+0000][8][gc,task     ] GC(13) Using 5 workers of 5 for evacuation
[2022-04-25T23:45:22.452+0000][8][gc,age      ] GC(13) Desired survivor size 20971520 bytes, new threshold 15 (max threshold 15)
[2022-04-25T23:45:22.578+0000][8][gc,age      ] GC(13) Age table with threshold 15 (max threshold 15)
[2022-04-25T23:45:22.659+0000][8][gc,age      ] GC(13) - age   1:    2074112 bytes,    2074112 total
[2022-04-25T23:45:22.694+0000][8][gc,age      ] GC(13) - age   2:    4350992 bytes,    6425104 total
[2022-04-25T23:45:22.751+0000][8][gc,age      ] GC(13) - age   3:      18960 bytes,    6444064 total
[2022-04-25T23:45:22.846+0000][8][gc,age      ] GC(13) - age   4:       7400 bytes,    6451464 total
[2022-04-25T23:45:22.901+0000][8][gc,age      ] GC(13) - age   5:    1678976 bytes,    8130440 total
[2022-04-25T23:45:22.947+0000][8][gc,age      ] GC(13) - age   6:      16992 bytes,    8147432 total
[2022-04-25T23:45:22.950+0000][8][gc,mmu      ] GC(13) MMU target violated: 201.0ms (200.0ms/201.0ms)
[2022-04-25T23:45:22.951+0000][8][gc,phases   ] GC(13)   Pre Evacuate Collection Set: 0.1ms
[2022-04-25T23:45:22.952+0000][8][gc,phases   ] GC(13)   Merge Heap Roots: 0.1ms
[2022-04-25T23:45:22.954+0000][8][gc,phases   ] GC(13)   Evacuate Collection Set: 77.2ms
[2022-04-25T23:45:22.955+0000][8][gc,phases   ] GC(13)   Post Evacuate Collection Set: 8.9ms
[2022-04-25T23:45:22.957+0000][8][gc,phases   ] GC(13)   Other: 606.3ms
[2022-04-25T23:45:22.958+0000][8][gc,heap     ] GC(13) Eden regions: 74->0(3)
[2022-04-25T23:45:22.960+0000][8][gc,heap     ] GC(13) Survivor regions: 2->3(10)
[2022-04-25T23:45:22.961+0000][8][gc,heap     ] GC(13) Old regions: 3->3
[2022-04-25T23:45:22.962+0000][8][gc,heap     ] GC(13) Archive regions: 2->2
[2022-04-25T23:45:22.963+0000][8][gc,heap     ] GC(13) Humongous regions: 0->0
[2022-04-25T23:45:22.963+0000][8][gc,metaspace] GC(13) Metaspace: 19497K(20032K)->19497K(20032K) NonClass: 17081K(17408K)->17081K(17408K) Class: 2415K(2624K)->2415K(2624K)
[2022-04-25T23:45:22.964+0000][8][gc          ] GC(13) Pause Young (Normal) (G1 Evacuation Pause) 316M->21M(512M) 706.319ms
[2022-04-25T23:45:22.965+0000][8][gc,cpu      ] GC(13) User=0.11s Sys=0.03s Real=0.70s
[2022-04-25T23:45:22.966+0000][8][safepoint   ] Safepoint "G1CollectForAllocation", Time since last: 945422792 ns, Reaching safepoint: 19577250 ns, At safepoint: 707936375 ns, Total: 727513625 ns
[2022-04-25T23:45:22.980+0000][8][gc,start    ] GC(14) Pause Young (Normal) (G1 Evacuation Pause)
[2022-04-25T23:45:22.981+0000][8][gc,task     ] GC(14) Using 5 workers of 5 for evacuation
[2022-04-25T23:45:22.982+0000][8][gc,age      ] GC(14) Desired survivor size 2097152 bytes, new threshold 2 (max threshold 15)
[2022-04-25T23:45:22.988+0000][8][gc,age      ] GC(14) Age table with threshold 2 (max threshold 15)
[2022-04-25T23:45:22.990+0000][8][gc,age      ] GC(14) - age   1:    1712768 bytes,    1712768 total
[2022-04-25T23:45:22.991+0000][8][gc,age      ] GC(14) - age   2:     479264 bytes,    2192032 total
[2022-04-25T23:45:22.991+0000][8][gc,phases   ] GC(14)   Pre Evacuate Collection Set: 0.0ms
[2022-04-25T23:45:22.993+0000][8][gc,phases   ] GC(14)   Merge Heap Roots: 0.1ms
[2022-04-25T23:45:22.993+0000][8][gc,phases   ] GC(14)   Evacuate Collection Set: 3.9ms
[2022-04-25T23:45:22.994+0000][8][gc,phases   ] GC(14)   Post Evacuate Collection Set: 0.6ms
[2022-04-25T23:45:22.995+0000][8][gc,phases   ] GC(14)   Other: 7.1ms
[2022-04-25T23:45:22.996+0000][8][gc,heap     ] GC(14) Eden regions: 3->0(5)
[2022-04-25T23:45:22.996+0000][8][gc,heap     ] GC(14) Survivor regions: 3->1(1)
[2022-04-25T23:45:22.997+0000][8][gc,heap     ] GC(14) Old regions: 3->4
[2022-04-25T23:45:22.998+0000][8][gc,heap     ] GC(14) Archive regions: 2->2
[2022-04-25T23:45:22.999+0000][8][gc,heap     ] GC(14) Humongous regions: 0->0
[2022-04-25T23:45:23.000+0000][8][gc,metaspace] GC(14) Metaspace: 19510K(20032K)->19510K(20032K) NonClass: 17093K(17408K)->17093K(17408K) Class: 2417K(2624K)->2417K(2624K)
[2022-04-25T23:45:23.001+0000][8][gc          ] GC(14) Pause Young (Normal) (G1 Evacuation Pause) 33M->21M(512M) 21.252ms
[2022-04-25T23:45:23.002+0000][8][gc,cpu      ] GC(14) User=0.01s Sys=0.00s Real=0.02s
[2022-04-25T23:45:23.003+0000][8][safepoint   ] Safepoint "G1CollectForAllocation", Time since last: 13490125 ns, Reaching safepoint: 262834 ns, At safepoint: 23094666 ns, Total: 23357500 ns
[2022-04-25T23:45:23.021+0000][8][gc,start    ] GC(15) Pause Young (Normal) (G1 Evacuation Pause)
[2022-04-25T23:45:23.022+0000][8][gc,task     ] GC(15) Using 5 workers of 5 for evacuation
[2022-04-25T23:45:23.023+0000][8][gc,age      ] GC(15) Desired survivor size 2097152 bytes, new threshold 2 (max threshold 15)
[2022-04-25T23:45:23.026+0000][8][gc,age      ] GC(15) Age table with threshold 2 (max threshold 15)
[2022-04-25T23:45:23.038+0000][8][gc,age      ] GC(15) - age   1:     237672 bytes,     237672 total
[2022-04-25T23:45:23.039+0000][8][gc,age      ] GC(15) - age   2:      27304 bytes,     264976 total
[2022-04-25T23:45:23.041+0000][8][gc,phases   ] GC(15)   Pre Evacuate Collection Set: 0.3ms
[2022-04-25T23:45:23.042+0000][8][gc,phases   ] GC(15)   Merge Heap Roots: 0.1ms
[2022-04-25T23:45:23.044+0000][8][gc,phases   ] GC(15)   Evacuate Collection Set: 0.8ms
[2022-04-25T23:45:23.045+0000][8][gc,phases   ] GC(15)   Post Evacuate Collection Set: 0.9ms
[2022-04-25T23:45:23.046+0000][8][gc,phases   ] GC(15)   Other: 17.4ms
[2022-04-25T23:45:23.049+0000][8][gc,heap     ] GC(15) Eden regions: 5->0(75)
[2022-04-25T23:45:23.050+0000][8][gc,heap     ] GC(15) Survivor regions: 1->1(1)
[2022-04-25T23:45:23.051+0000][8][gc,heap     ] GC(15) Old regions: 4->4
[2022-04-25T23:45:23.053+0000][8][gc,heap     ] GC(15) Archive regions: 2->2
[2022-04-25T23:45:23.098+0000][8][gc,heap     ] GC(15) Humongous regions: 0->0
[2022-04-25T23:45:23.150+0000][8][gc,metaspace] GC(15) Metaspace: 19524K(20032K)->19524K(20032K) NonClass: 17103K(17408K)->17103K(17408K) Class: 2421K(2624K)->2421K(2624K)
[2022-04-25T23:45:23.192+0000][8][gc          ] GC(15) Pause Young (Normal) (G1 Evacuation Pause) 41M->19M(512M) 171.453ms
[2022-04-25T23:45:23.252+0000][8][gc,cpu      ] GC(15) User=0.02s Sys=0.00s Real=0.23s
[2022-04-25T23:45:23.269+0000][8][safepoint   ] Safepoint "G1CollectForAllocation", Time since last: 18067625 ns, Reaching safepoint: 74625 ns, At safepoint: 248409042 ns, Total: 248483667 ns
[2022-04-25T23:45:23.994+0000][8][safepoint   ] Safepoint "ICBufferFull", Time since last: 715449334 ns, Reaching safepoint: 8818916 ns, At safepoint: 29209 ns, Total: 8848125 ns
[2022-04-25T23:45:24.700+0000][8][gc,start    ] GC(16) Pause Young (Normal) (G1 Evacuation Pause)
[2022-04-25T23:45:24.702+0000][8][gc,task     ] GC(16) Using 5 workers of 5 for evacuation
[2022-04-25T23:45:24.703+0000][8][gc,age      ] GC(16) Desired survivor size 20971520 bytes, new threshold 15 (max threshold 15)
[2022-04-25T23:45:24.706+0000][8][gc,age      ] GC(16) Age table with threshold 15 (max threshold 15)
[2022-04-25T23:45:24.707+0000][8][gc,age      ] GC(16) - age   1:    2819464 bytes,    2819464 total
[2022-04-25T23:45:24.709+0000][8][gc,age      ] GC(16) - age   2:     208896 bytes,    3028360 total
[2022-04-25T23:45:24.710+0000][8][gc,age      ] GC(16) - age   3:      27240 bytes,    3055600 total
[2022-04-25T23:45:24.711+0000][8][gc,phases   ] GC(16)   Pre Evacuate Collection Set: 0.1ms
[2022-04-25T23:45:24.712+0000][8][gc,phases   ] GC(16)   Merge Heap Roots: 0.0ms
[2022-04-25T23:45:24.713+0000][8][gc,phases   ] GC(16)   Evacuate Collection Set: 1.5ms
[2022-04-25T23:45:24.715+0000][8][gc,phases   ] GC(16)   Post Evacuate Collection Set: 0.9ms
[2022-04-25T23:45:24.716+0000][8][gc,phases   ] GC(16)   Other: 9.0ms
[2022-04-25T23:45:24.717+0000][8][gc,heap     ] GC(16) Eden regions: 75->0(75)
[2022-04-25T23:45:24.717+0000][8][gc,heap     ] GC(16) Survivor regions: 1->1(10)
[2022-04-25T23:45:24.718+0000][8][gc,heap     ] GC(16) Old regions: 4->4
[2022-04-25T23:45:24.719+0000][8][gc,heap     ] GC(16) Archive regions: 2->2
[2022-04-25T23:45:24.721+0000][8][gc,heap     ] GC(16) Humongous regions: 0->0
[2022-04-25T23:45:24.722+0000][8][gc,metaspace] GC(16) Metaspace: 20648K(21184K)->20648K(21184K) NonClass: 18076K(18368K)->18076K(18368K) Class: 2572K(2816K)->2572K(2816K)
[2022-04-25T23:45:24.723+0000][8][gc          ] GC(16) Pause Young (Normal) (G1 Evacuation Pause) 319M->22M(512M) 23.672ms
[2022-04-25T23:45:24.724+0000][8][gc,cpu      ] GC(16) User=0.01s Sys=0.01s Real=0.02s
[2022-04-25T23:45:24.725+0000][8][safepoint   ] Safepoint "G1CollectForAllocation", Time since last: 705731750 ns, Reaching safepoint: 311333 ns, At safepoint: 25159584 ns, Total: 25470917 ns
[2022-04-25T23:45:25.216+0000][8][gc,start    ] GC(17) Pause Young (Concurrent Start) (Metadata GC Threshold)
[2022-04-25T23:45:25.285+0000][8][gc,task     ] GC(17) Using 5 workers of 5 for evacuation
[2022-04-25T23:45:25.399+0000][8][gc,age      ] GC(17) Desired survivor size 20971520 bytes, new threshold 15 (max threshold 15)
[2022-04-25T23:45:25.482+0000][8][gc,age      ] GC(17) Age table with threshold 15 (max threshold 15)
[2022-04-25T23:45:25.546+0000][8][gc,age      ] GC(17) - age   1:     821896 bytes,     821896 total
[2022-04-25T23:45:25.636+0000][8][gc,age      ] GC(17) - age   2:    2068760 bytes,    2890656 total
[2022-04-25T23:45:25.675+0000][8][gc,age      ] GC(17) - age   3:     208896 bytes,    3099552 total
[2022-04-25T23:45:25.689+0000][8][gc,age      ] GC(17) - age   4:      27240 bytes,    3126792 total
[2022-04-25T23:45:25.727+0000][8][gc,mmu      ] GC(17) MMU target violated: 201.0ms (200.0ms/201.0ms)
[2022-04-25T23:45:25.755+0000][8][gc,phases   ] GC(17)   Pre Evacuate Collection Set: 0.2ms
[2022-04-25T23:45:25.790+0000][8][gc,phases   ] GC(17)   Merge Heap Roots: 0.1ms
[2022-04-25T23:45:25.847+0000][8][gc,phases   ] GC(17)   Evacuate Collection Set: 25.8ms
[2022-04-25T23:45:25.883+0000][8][gc,phases   ] GC(17)   Post Evacuate Collection Set: 5.7ms
[2022-04-25T23:45:25.947+0000][8][gc,phases   ] GC(17)   Other: 507.6ms
[2022-04-25T23:45:26.060+0000][8][gc,heap     ] GC(17) Eden regions: 31->0(5)
[2022-04-25T23:45:26.138+0000][8][gc,heap     ] GC(17) Survivor regions: 1->1(10)
[2022-04-25T23:45:26.240+0000][8][gc,heap     ] GC(17) Old regions: 4->4
[2022-04-25T23:45:26.263+0000][8][gc,heap     ] GC(17) Archive regions: 2->2
[2022-04-25T23:45:26.321+0000][8][gc,heap     ] GC(17) Humongous regions: 0->0
[2022-04-25T23:45:26.346+0000][8][gc,metaspace] GC(17) Metaspace: 21006K(21504K)->21006K(21504K) NonClass: 18366K(18688K)->18366K(18688K) Class: 2640K(2816K)->2640K(2816K)
[2022-04-25T23:45:26.361+0000][8][gc          ] GC(17) Pause Young (Concurrent Start) (Metadata GC Threshold) 146M->22M(512M) 1144.859ms
[2022-04-25T23:45:26.408+0000][8][gc,cpu      ] GC(17) User=0.20s Sys=0.05s Real=1.19s
[2022-04-25T23:45:26.433+0000][8][gc          ] GC(18) Concurrent Mark Cycle
[2022-04-25T23:45:26.435+0000][8][gc,marking  ] GC(18) Concurrent Clear Claimed Marks
[2022-04-25T23:45:26.436+0000][8][gc,marking  ] GC(18) Concurrent Clear Claimed Marks 1.189ms
[2022-04-25T23:45:26.438+0000][8][gc,marking  ] GC(18) Concurrent Scan Root Regions
[2022-04-25T23:45:26.440+0000][8][gc,marking  ] GC(18) Concurrent Scan Root Regions 2.467ms
[2022-04-25T23:45:26.441+0000][8][gc,marking  ] GC(18) Concurrent Mark
[2022-04-25T23:45:26.442+0000][8][gc,marking  ] GC(18) Concurrent Mark From Roots
[2022-04-25T23:45:26.443+0000][8][gc,task     ] GC(18) Using 1 workers of 1 for marking
[2022-04-25T23:45:26.434+0000][8][safepoint   ] Safepoint "CollectForMetadataAllocation", Time since last: 490537000 ns, Reaching safepoint: 179042 ns, At safepoint: 1218844834 ns, Total: 1219023876 ns
[2022-04-25T23:45:26.454+0000][8][gc,marking  ] GC(18) Concurrent Mark From Roots 11.836ms
[2022-04-25T23:45:26.456+0000][8][gc,marking  ] GC(18) Concurrent Preclean
[2022-04-25T23:45:26.458+0000][8][gc,marking  ] GC(18) Concurrent Preclean 1.476ms
[2022-04-25T23:45:26.463+0000][8][gc,start    ] GC(18) Pause Remark
[2022-04-25T23:45:26.466+0000][8][gc          ] GC(18) Pause Remark 22M->22M(512M) 3.626ms
[2022-04-25T23:45:26.467+0000][8][gc,cpu      ] GC(18) User=0.01s Sys=0.00s Real=0.01s
[2022-04-25T23:45:26.468+0000][8][safepoint   ] Safepoint "G1Concurrent", Time since last: 27727208 ns, Reaching safepoint: 612292 ns, At safepoint: 5233375 ns, Total: 5845667 ns
[2022-04-25T23:45:26.469+0000][8][gc,marking  ] GC(18) Concurrent Mark 27.725ms
[2022-04-25T23:45:26.470+0000][8][gc,marking  ] GC(18) Concurrent Rebuild Remembered Sets
[2022-04-25T23:45:26.483+0000][8][gc,marking  ] GC(18) Concurrent Rebuild Remembered Sets 12.800ms
[2022-04-25T23:45:26.484+0000][8][gc,start    ] GC(18) Pause Cleanup
[2022-04-25T23:45:26.485+0000][8][gc          ] GC(18) Pause Cleanup 23M->23M(512M) 0.796ms
[2022-04-25T23:45:26.486+0000][8][gc,cpu      ] GC(18) User=0.00s Sys=0.00s Real=0.01s
[2022-04-25T23:45:26.487+0000][8][safepoint   ] Safepoint "G1Concurrent", Time since last: 15989500 ns, Reaching safepoint: 43375 ns, At safepoint: 2658208 ns, Total: 2701583 ns
[2022-04-25T23:45:26.487+0000][8][gc,marking  ] GC(18) Concurrent Cleanup for Next Mark
[2022-04-25T23:45:26.488+0000][8][gc,marking  ] GC(18) Concurrent Cleanup for Next Mark 1.014ms
[2022-04-25T23:45:26.490+0000][8][gc          ] GC(18) Concurrent Mark Cycle 56.844ms
[2022-04-25T23:45:27.490+0000][8][safepoint   ] Safepoint "Cleanup", Time since last: 1002678459 ns, Reaching safepoint: 144416 ns, At safepoint: 4709 ns, Total: 149125 ns
[2022-04-25T23:45:32.690+0000][8][safepoint   ] Safepoint "Cleanup", Time since last: 5200053711 ns, Reaching safepoint: 138875 ns, At safepoint: 5000 ns, Total: 143875 ns
[2022-04-25T23:45:33.844+0000][8][safepoint   ] Safepoint "ICBufferFull", Time since last: 1153619917 ns, Reaching safepoint: 237625 ns, At safepoint: 4083 ns, Total: 241708 ns
[2022-04-25T23:45:33.903+0000][8][safepoint   ] Safepoint "ICBufferFull", Time since last: 59150667 ns, Reaching safepoint: 49166 ns, At safepoint: 3042 ns, Total: 52208 ns
[2022-04-25T23:45:34.000+0000][8][safepoint   ] Safepoint "ICBufferFull", Time since last: 63485417 ns, Reaching safepoint: 33319875 ns, At safepoint: 28791 ns, Total: 33348666 ns
[2022-04-25T23:45:34.037+0000][8][safepoint   ] Safepoint "ICBufferFull", Time since last: 37006042 ns, Reaching safepoint: 59209 ns, At safepoint: 3708 ns, Total: 62917 ns
[2022-04-25T23:45:34.185+0000][8][safepoint   ] Safepoint "ICBufferFull", Time since last: 148435167 ns, Reaching safepoint: 85833 ns, At safepoint: 4875 ns, Total: 90708 ns
[2022-04-25T23:45:34.302+0000][8][safepoint   ] Safepoint "ICBufferFull", Time since last: 116302000 ns, Reaching safepoint: 33208 ns, At safepoint: 2792 ns, Total: 36000 ns
[2022-04-25T23:45:34.394+0000][8][safepoint   ] Safepoint "ICBufferFull", Time since last: 92481250 ns, Reaching safepoint: 31167 ns, At safepoint: 2541 ns, Total: 33708 ns
[2022-04-25T23:45:34.467+0000][8][safepoint   ] Safepoint "ICBufferFull", Time since last: 45246625 ns, Reaching safepoint: 28049959 ns, At safepoint: 31208 ns, Total: 28081167 ns
[2022-04-25T23:45:34.623+0000][8][safepoint   ] Safepoint "ICBufferFull", Time since last: 154976083 ns, Reaching safepoint: 90167 ns, At safepoint: 48500 ns, Total: 138667 ns
[2022-04-25T23:45:34.653+0000][8][safepoint   ] Safepoint "ICBufferFull", Time since last: 30888375 ns, Reaching safepoint: 33542 ns, At safepoint: 3333 ns, Total: 36875 ns
[2022-04-25T23:45:34.667+0000][8][safepoint   ] Safepoint "ICBufferFull", Time since last: 13380875 ns, Reaching safepoint: 27625 ns, At safepoint: 2125 ns, Total: 29750 ns
[2022-04-25T23:45:34.777+0000][8][safepoint   ] Safepoint "ICBufferFull", Time since last: 109510875 ns, Reaching safepoint: 184709 ns, At safepoint: 5208 ns, Total: 189917 ns
[2022-04-25T23:45:34.846+0000][8][safepoint   ] Safepoint "ICBufferFull", Time since last: 68958833 ns, Reaching safepoint: 33709 ns, At safepoint: 2583 ns, Total: 36292 ns
[2022-04-25T23:45:35.027+0000][8][safepoint   ] Safepoint "ICBufferFull", Time since last: 161966917 ns, Reaching safepoint: 19154125 ns, At safepoint: 40708 ns, Total: 19194833 ns
[2022-04-25T23:45:35.063+0000][8][safepoint   ] Safepoint "ICBufferFull", Time since last: 35972792 ns, Reaching safepoint: 45875 ns, At safepoint: 3916 ns, Total: 49791 ns
[2022-04-25T23:45:35.158+0000][8][safepoint   ] Safepoint "ICBufferFull", Time since last: 95122959 ns, Reaching safepoint: 38958 ns, At safepoint: 2375 ns, Total: 41333 ns
[2022-04-25T23:45:35.229+0000][8][safepoint   ] Safepoint "ICBufferFull", Time since last: 70945375 ns, Reaching safepoint: 181250 ns, At safepoint: 24583 ns, Total: 205833 ns
[2022-04-25T23:45:35.233+0000][8][gc,start    ] GC(19) Pause Young (Normal) (G1 Evacuation Pause)
[2022-04-25T23:45:35.234+0000][8][gc,task     ] GC(19) Using 5 workers of 5 for evacuation
[2022-04-25T23:45:35.235+0000][8][gc,age      ] GC(19) Desired survivor size 2097152 bytes, new threshold 2 (max threshold 15)
[2022-04-25T23:45:35.240+0000][8][gc,age      ] GC(19) Age table with threshold 2 (max threshold 15)
[2022-04-25T23:45:35.241+0000][8][gc,age      ] GC(19) - age   1:    1580808 bytes,    1580808 total
[2022-04-25T23:45:35.242+0000][8][gc,age      ] GC(19) - age   2:     800528 bytes,    2381336 total
[2022-04-25T23:45:35.243+0000][8][gc,phases   ] GC(19)   Pre Evacuate Collection Set: 0.2ms
[2022-04-25T23:45:35.245+0000][8][gc,phases   ] GC(19)   Merge Heap Roots: 0.0ms
[2022-04-25T23:45:35.245+0000][8][gc,phases   ] GC(19)   Evacuate Collection Set: 2.7ms
[2022-04-25T23:45:35.247+0000][8][gc,phases   ] GC(19)   Post Evacuate Collection Set: 0.8ms
[2022-04-25T23:45:35.248+0000][8][gc,phases   ] GC(19)   Other: 6.9ms
[2022-04-25T23:45:35.250+0000][8][gc,heap     ] GC(19) Eden regions: 5->0(75)
[2022-04-25T23:45:35.250+0000][8][gc,heap     ] GC(19) Survivor regions: 1->1(1)
[2022-04-25T23:45:35.252+0000][8][gc,heap     ] GC(19) Old regions: 4->5
[2022-04-25T23:45:35.253+0000][8][gc,heap     ] GC(19) Archive regions: 2->2
[2022-04-25T23:45:35.255+0000][8][gc,heap     ] GC(19) Humongous regions: 0->0
[2022-04-25T23:45:35.255+0000][8][gc,metaspace] GC(19) Metaspace: 25550K(26176K)->25550K(26176K) NonClass: 22291K(22656K)->22291K(22656K) Class: 3259K(3520K)->3259K(3520K)
[2022-04-25T23:45:35.256+0000][8][gc          ] GC(19) Pause Young (Normal) (G1 Evacuation Pause) 42M->23M(512M) 23.194ms
[2022-04-25T23:45:35.257+0000][8][gc,cpu      ] GC(19) User=0.01s Sys=0.01s Real=0.03s
[2022-04-25T23:45:35.258+0000][8][safepoint   ] Safepoint "G1CollectForAllocation", Time since last: 3773459 ns, Reaching safepoint: 113000 ns, At safepoint: 24582083 ns, Total: 24695083 ns
[2022-04-25T23:45:35.292+0000][8][safepoint   ] Safepoint "ICBufferFull", Time since last: 34199083 ns, Reaching safepoint: 177542 ns, At safepoint: 4458 ns, Total: 182000 ns
[2022-04-25T23:45:35.299+0000][8][safepoint   ] Safepoint "ICBufferFull", Time since last: 7303292 ns, Reaching safepoint: 35625 ns, At safepoint: 1792 ns, Total: 37417 ns
[2022-04-25T23:45:35.301+0000][8][safepoint   ] Safepoint "ICBufferFull", Time since last: 1448500 ns, Reaching safepoint: 66625 ns, At safepoint: 4791 ns, Total: 71416 ns
[2022-04-25T23:45:35.302+0000][8][safepoint   ] Safepoint "ICBufferFull", Time since last: 1290584 ns, Reaching safepoint: 28375 ns, At safepoint: 2125 ns, Total: 30500 ns
[2022-04-25T23:45:35.303+0000][8][safepoint   ] Safepoint "ICBufferFull", Time since last: 956750 ns, Reaching safepoint: 38750 ns, At safepoint: 1833 ns, Total: 40583 ns
[2022-04-25T23:45:35.304+0000][8][safepoint   ] Safepoint "ICBufferFull", Time since last: 1199208 ns, Reaching safepoint: 32750 ns, At safepoint: 1625 ns, Total: 34375 ns
[2022-04-25T23:45:35.308+0000][8][safepoint   ] Safepoint "ICBufferFull", Time since last: 3962584 ns, Reaching safepoint: 41958 ns, At safepoint: 2583 ns, Total: 44541 ns
[2022-04-25T23:45:35.319+0000][8][safepoint   ] Safepoint "ICBufferFull", Time since last: 9662167 ns, Reaching safepoint: 575667 ns, At safepoint: 4125 ns, Total: 579792 ns
[2022-04-25T23:45:35.327+0000][8][safepoint   ] Safepoint "ICBufferFull", Time since last: 8259958 ns, Reaching safepoint: 99542 ns, At safepoint: 5500 ns, Total: 105042 ns
[2022-04-25T23:45:35.330+0000][8][safepoint   ] Safepoint "ICBufferFull", Time since last: 2576791 ns, Reaching safepoint: 54542 ns, At safepoint: 3417 ns, Total: 57959 ns
[2022-04-25T23:45:35.331+0000][8][safepoint   ] Safepoint "ICBufferFull", Time since last: 1777041 ns, Reaching safepoint: 28917 ns, At safepoint: 1583 ns, Total: 30500 ns
[2022-04-25T23:45:35.483+0000][8][safepoint   ] Safepoint "ICBufferFull", Time since last: 151058959 ns, Reaching safepoint: 92042 ns, At safepoint: 2875 ns, Total: 94917 ns
[2022-04-25T23:45:35.643+0000][8][safepoint   ] Safepoint "ICBufferFull", Time since last: 159924708 ns, Reaching safepoint: 198708 ns, At safepoint: 5834 ns, Total: 204542 ns
[2022-04-25T23:45:35.702+0000][8][safepoint   ] Safepoint "ICBufferFull", Time since last: 59205125 ns, Reaching safepoint: 48166 ns, At safepoint: 4209 ns, Total: 52375 ns
[2022-04-25T23:45:35.788+0000][8][safepoint   ] Safepoint "ICBufferFull", Time since last: 85775541 ns, Reaching safepoint: 26292 ns, At safepoint: 2958 ns, Total: 29250 ns
[2022-04-25T23:45:35.868+0000][8][safepoint   ] Safepoint "ICBufferFull", Time since last: 80644292 ns, Reaching safepoint: 37583 ns, At safepoint: 2334 ns, Total: 39917 ns
[2022-04-25T23:45:37.019+0000][8][safepoint   ] Safepoint "Cleanup", Time since last: 1150506334 ns, Reaching safepoint: 242083 ns, At safepoint: 42583 ns, Total: 284666 ns
[2022-04-25T23:45:38.079+0000][8][safepoint   ] Safepoint "Cleanup", Time since last: 1030465792 ns, Reaching safepoint: 5696500 ns, At safepoint: 23980334 ns, Total: 29676834 ns
[2022-04-25T23:45:39.228+0000][8][safepoint   ] Safepoint "Cleanup", Time since last: 1125969500 ns, Reaching safepoint: 22536792 ns, At safepoint: 77000 ns, Total: 22613792 ns
[2022-04-25T23:45:40.274+0000][8][safepoint   ] Safepoint "Cleanup", Time since last: 1037312500 ns, Reaching safepoint: 8407750 ns, At safepoint: 21709 ns, Total: 8429459 ns
[2022-04-25T23:45:40.543+0000][8][gc,start    ] GC(20) Pause Young (Concurrent Start) (Metadata GC Threshold)
[2022-04-25T23:45:40.544+0000][8][gc,task     ] GC(20) Using 5 workers of 5 for evacuation
[2022-04-25T23:45:40.545+0000][8][gc,age      ] GC(20) Desired survivor size 20971520 bytes, new threshold 15 (max threshold 15)
[2022-04-25T23:45:40.572+0000][8][gc,age      ] GC(20) Age table with threshold 15 (max threshold 15)
[2022-04-25T23:45:40.573+0000][8][gc,age      ] GC(20) - age   1:   25785424 bytes,   25785424 total
[2022-04-25T23:45:40.575+0000][8][gc,age      ] GC(20) - age   2:    1496848 bytes,   27282272 total
[2022-04-25T23:45:40.648+0000][8][gc,age      ] GC(20) - age   3:     796248 bytes,   28078520 total
[2022-04-25T23:45:40.728+0000][8][gc,phases   ] GC(20)   Pre Evacuate Collection Set: 0.4ms
[2022-04-25T23:45:40.753+0000][8][gc,phases   ] GC(20)   Merge Heap Roots: 0.1ms
[2022-04-25T23:45:40.786+0000][8][gc,phases   ] GC(20)   Evacuate Collection Set: 24.3ms
[2022-04-25T23:45:40.847+0000][8][gc,phases   ] GC(20)   Post Evacuate Collection Set: 1.1ms
[2022-04-25T23:45:40.930+0000][8][gc,phases   ] GC(20)   Other: 159.8ms
[2022-04-25T23:45:40.944+0000][8][gc,heap     ] GC(20) Eden regions: 66->0(52)
[2022-04-25T23:45:40.997+0000][8][gc,heap     ] GC(20) Survivor regions: 1->7(10)
[2022-04-25T23:45:41.073+0000][8][gc,heap     ] GC(20) Old regions: 5->5
[2022-04-25T23:45:41.119+0000][8][gc,heap     ] GC(20) Archive regions: 2->2
[2022-04-25T23:45:41.151+0000][8][gc,heap     ] GC(20) Humongous regions: 0->0
[2022-04-25T23:45:41.211+0000][8][gc,metaspace] GC(20) Metaspace: 35299K(36160K)->35299K(36160K) NonClass: 30611K(31168K)->30611K(31168K) Class: 4688K(4992K)->4688K(4992K)
[2022-04-25T23:45:41.263+0000][8][gc          ] GC(20) Pause Young (Concurrent Start) (Metadata GC Threshold) 286M->48M(512M) 719.879ms
[2022-04-25T23:45:41.304+0000][8][gc,cpu      ] GC(20) User=0.17s Sys=0.02s Real=0.76s
[2022-04-25T23:45:41.355+0000][8][gc          ] GC(21) Concurrent Mark Cycle
[2022-04-25T23:45:41.418+0000][8][gc,marking  ] GC(21) Concurrent Clear Claimed Marks
[2022-04-25T23:45:41.364+0000][8][safepoint   ] Safepoint "CollectForMetadataAllocation", Time since last: 268677500 ns, Reaching safepoint: 229750 ns, At safepoint: 821213709 ns, Total: 821443459 ns
[2022-04-25T23:45:41.497+0000][8][gc,marking  ] GC(21) Concurrent Clear Claimed Marks 79.476ms
[2022-04-25T23:45:41.632+0000][8][gc,marking  ] GC(21) Concurrent Scan Root Regions
[2022-04-25T23:45:41.602+0000][8][safepoint   ] Safepoint "CollectForMetadataAllocation", Time since last: 230170041 ns, Reaching safepoint: 7593750 ns, At safepoint: 98459 ns, Total: 7692209 ns
[2022-04-25T23:45:41.768+0000][8][gc,marking  ] GC(21) Concurrent Scan Root Regions 136.084ms
[2022-04-25T23:45:41.798+0000][8][gc,marking  ] GC(21) Concurrent Mark
[2022-04-25T23:45:41.858+0000][8][gc,marking  ] GC(21) Concurrent Mark From Roots
[2022-04-25T23:45:41.937+0000][8][gc,task     ] GC(21) Using 1 workers of 1 for marking
[2022-04-25T23:45:41.845+0000][8][safepoint   ] Safepoint "CollectForMetadataAllocation", Time since last: 217680667 ns, Reaching safepoint: 25409000 ns, At safepoint: 62041 ns, Total: 25471041 ns
[2022-04-25T23:45:42.030+0000][8][gc,marking  ] GC(21) Concurrent Mark From Roots 172.021ms
[2022-04-25T23:45:42.096+0000][8][gc,marking  ] GC(21) Concurrent Preclean
[2022-04-25T23:45:42.134+0000][8][gc,marking  ] GC(21) Concurrent Preclean 37.597ms
[2022-04-25T23:45:42.088+0000][8][safepoint   ] Safepoint "CollectForMetadataAllocation", Time since last: 243409667 ns, Reaching safepoint: 82875 ns, At safepoint: 89667 ns, Total: 172542 ns
[2022-04-25T23:45:42.169+0000][8][gc,start    ] GC(21) Pause Remark
[2022-04-25T23:45:42.174+0000][8][gc          ] GC(21) Pause Remark 52M->52M(512M) 5.021ms
[2022-04-25T23:45:42.175+0000][8][gc,cpu      ] GC(21) User=0.01s Sys=0.00s Real=0.00s
[2022-04-25T23:45:42.176+0000][8][safepoint   ] Safepoint "G1Concurrent", Time since last: 80055500 ns, Reaching safepoint: 612000 ns, At safepoint: 7140791 ns, Total: 7752791 ns
[2022-04-25T23:45:42.177+0000][8][gc,marking  ] GC(21) Concurrent Mark 379.202ms
[2022-04-25T23:45:42.179+0000][8][gc,marking  ] GC(21) Concurrent Rebuild Remembered Sets
[2022-04-25T23:45:42.190+0000][8][gc,marking  ] GC(21) Concurrent Rebuild Remembered Sets 10.930ms
[2022-04-25T23:45:42.191+0000][8][gc,start    ] GC(21) Pause Cleanup
[2022-04-25T23:45:42.193+0000][8][gc          ] GC(21) Pause Cleanup 58M->58M(512M) 1.314ms
[2022-04-25T23:45:42.194+0000][8][gc,cpu      ] GC(21) User=0.00s Sys=0.00s Real=0.00s
[2022-04-25T23:45:42.195+0000][8][safepoint   ] Safepoint "G1Concurrent", Time since last: 14788959 ns, Reaching safepoint: 385166 ns, At safepoint: 3243709 ns, Total: 3628875 ns
[2022-04-25T23:45:42.195+0000][8][gc,marking  ] GC(21) Concurrent Cleanup for Next Mark
[2022-04-25T23:45:42.197+0000][8][gc,marking  ] GC(21) Concurrent Cleanup for Next Mark 1.551ms
[2022-04-25T23:45:42.200+0000][8][gc          ] GC(21) Concurrent Mark Cycle 844.904ms
[2022-04-25T23:45:42.821+0000][8][safepoint   ] Safepoint "ICBufferFull", Time since last: 626383000 ns, Reaching safepoint: 126833 ns, At safepoint: 2917 ns, Total: 129750 ns
[2022-04-25T23:45:43.860+0000][8][safepoint   ] Safepoint "Cleanup", Time since last: 1036497709 ns, Reaching safepoint: 2571542 ns, At safepoint: 5791 ns, Total: 2577333 ns
[2022-04-25T23:45:44.620+0000][8][gc,start    ] GC(22) Pause Young (Concurrent Start) (G1 Evacuation Pause)
[2022-04-25T23:45:44.670+0000][8][gc,task     ] GC(22) Using 5 workers of 5 for evacuation
[2022-04-25T23:45:44.679+0000][8][gc,age      ] GC(22) Desired survivor size 16777216 bytes, new threshold 1 (max threshold 15)
[2022-04-25T23:45:44.958+0000][8][gc,age      ] GC(22) Age table with threshold 1 (max threshold 15)
[2022-04-25T23:45:44.984+0000][8][gc,age      ] GC(22) - age   1:    6090792 bytes,    6090792 total
[2022-04-25T23:45:44.994+0000][8][gc,mmu      ] GC(22) MMU target violated: 201.0ms (200.0ms/201.0ms)
[2022-04-25T23:45:45.000+0000][8][gc,phases   ] GC(22)   Pre Evacuate Collection Set: 0.3ms
[2022-04-25T23:45:45.053+0000][8][gc,phases   ] GC(22)   Merge Heap Roots: 0.2ms
[2022-04-25T23:45:45.113+0000][8][gc,phases   ] GC(22)   Evacuate Collection Set: 166.3ms
[2022-04-25T23:45:45.171+0000][8][gc,phases   ] GC(22)   Post Evacuate Collection Set: 44.8ms
[2022-04-25T23:45:45.210+0000][8][gc,phases   ] GC(22)   Other: 168.4ms
[2022-04-25T23:45:45.246+0000][8][gc,heap     ] GC(22) Eden regions: 55->0(7)
[2022-04-25T23:45:45.316+0000][8][gc,heap     ] GC(22) Survivor regions: 7->2(8)
[2022-04-25T23:45:45.384+0000][8][gc,heap     ] GC(22) Old regions: 5->12
[2022-04-25T23:45:45.434+0000][8][gc,heap     ] GC(22) Archive regions: 2->2
[2022-04-25T23:45:45.469+0000][8][gc,heap     ] GC(22) Humongous regions: 0->0
[2022-04-25T23:45:45.488+0000][8][gc,metaspace] GC(22) Metaspace: 52058K(53184K)->52058K(53184K) NonClass: 44974K(45632K)->44974K(45632K) Class: 7084K(7552K)->7084K(7552K)
[2022-04-25T23:45:45.508+0000][8][gc          ] GC(22) Pause Young (Concurrent Start) (G1 Evacuation Pause) 268M->56M(512M) 887.999ms
[2022-04-25T23:45:45.532+0000][8][gc,cpu      ] GC(22) User=0.80s Sys=0.04s Real=0.91s
[2022-04-25T23:45:45.541+0000][8][gc          ] GC(23) Concurrent Mark Cycle
[2022-04-25T23:45:45.578+0000][8][gc,marking  ] GC(23) Concurrent Clear Claimed Marks
[2022-04-25T23:45:45.614+0000][8][gc,marking  ] GC(23) Concurrent Clear Claimed Marks 35.610ms
[2022-04-25T23:45:45.637+0000][8][gc,marking  ] GC(23) Concurrent Scan Root Regions
[2022-04-25T23:45:45.542+0000][8][safepoint   ] Safepoint "G1CollectForAllocation", Time since last: 759895667 ns, Reaching safepoint: 121625 ns, At safepoint: 921826751 ns, Total: 921948376 ns
[2022-04-25T23:45:45.671+0000][8][gc,marking  ] GC(23) Concurrent Scan Root Regions 33.365ms
[2022-04-25T23:45:45.673+0000][8][gc,marking  ] GC(23) Concurrent Mark
[2022-04-25T23:45:45.674+0000][8][gc,marking  ] GC(23) Concurrent Mark From Roots
[2022-04-25T23:45:45.675+0000][8][gc,task     ] GC(23) Using 1 workers of 1 for marking
[2022-04-25T23:45:45.687+0000][8][gc,marking  ] GC(23) Concurrent Mark From Roots 12.956ms
[2022-04-25T23:45:45.688+0000][8][gc,marking  ] GC(23) Concurrent Preclean
[2022-04-25T23:45:45.689+0000][8][gc,marking  ] GC(23) Concurrent Preclean 1.422ms
[2022-04-25T23:45:45.691+0000][8][gc,start    ] GC(23) Pause Remark
[2022-04-25T23:45:45.694+0000][8][gc          ] GC(23) Pause Remark 68M->68M(512M) 3.656ms
[2022-04-25T23:45:45.695+0000][8][gc,cpu      ] GC(23) User=0.01s Sys=0.00s Real=0.00s
[2022-04-25T23:45:45.696+0000][8][safepoint   ] Safepoint "G1Concurrent", Time since last: 148111083 ns, Reaching safepoint: 408875 ns, At safepoint: 5276458 ns, Total: 5685333 ns
[2022-04-25T23:45:45.696+0000][8][gc,marking  ] GC(23) Concurrent Mark 23.453ms
[2022-04-25T23:45:45.697+0000][8][gc,marking  ] GC(23) Concurrent Rebuild Remembered Sets
[2022-04-25T23:45:45.717+0000][8][gc,marking  ] GC(23) Concurrent Rebuild Remembered Sets 19.879ms
[2022-04-25T23:45:45.719+0000][8][gc,start    ] GC(23) Pause Cleanup
[2022-04-25T23:45:45.720+0000][8][gc          ] GC(23) Pause Cleanup 84M->84M(512M) 1.054ms
[2022-04-25T23:45:45.721+0000][8][gc,cpu      ] GC(23) User=0.01s Sys=0.00s Real=0.00s
[2022-04-25T23:45:45.721+0000][8][safepoint   ] Safepoint "G1Concurrent", Time since last: 22530042 ns, Reaching safepoint: 362250 ns, At safepoint: 2641125 ns, Total: 3003375 ns
[2022-04-25T23:45:45.722+0000][8][gc,marking  ] GC(23) Concurrent Cleanup for Next Mark
[2022-04-25T23:45:45.723+0000][8][gc,start    ] GC(24) Pause Young (Normal) (G1 Evacuation Pause)
[2022-04-25T23:45:45.725+0000][8][gc,task     ] GC(24) Using 5 workers of 5 for evacuation
[2022-04-25T23:45:45.725+0000][8][gc,age      ] GC(24) Desired survivor size 4194304 bytes, new threshold 1 (max threshold 15)
[2022-04-25T23:45:45.729+0000][8][gc,age      ] GC(24) Age table with threshold 1 (max threshold 15)
[2022-04-25T23:45:45.730+0000][8][gc,age      ] GC(24) - age   1:       1240 bytes,       1240 total
[2022-04-25T23:45:45.732+0000][8][gc,phases   ] GC(24)   Pre Evacuate Collection Set: 0.1ms
[2022-04-25T23:45:45.743+0000][8][gc,phases   ] GC(24)   Merge Heap Roots: 0.1ms
[2022-04-25T23:45:45.745+0000][8][gc,phases   ] GC(24)   Evacuate Collection Set: 2.6ms
[2022-04-25T23:45:45.746+0000][8][gc,phases   ] GC(24)   Post Evacuate Collection Set: 0.6ms
[2022-04-25T23:45:45.747+0000][8][gc,phases   ] GC(24)   Other: 6.1ms
[2022-04-25T23:45:45.748+0000][8][gc,heap     ] GC(24) Eden regions: 7->0(75)
[2022-04-25T23:45:45.749+0000][8][gc,heap     ] GC(24) Survivor regions: 2->1(2)
[2022-04-25T23:45:45.750+0000][8][gc,heap     ] GC(24) Old regions: 12->13
[2022-04-25T23:45:45.751+0000][8][gc,heap     ] GC(24) Archive regions: 2->2
[2022-04-25T23:45:45.752+0000][8][gc,heap     ] GC(24) Humongous regions: 0->0
[2022-04-25T23:45:45.753+0000][8][gc,metaspace] GC(24) Metaspace: 52060K(53248K)->52060K(53248K) NonClass: 44976K(45696K)->44976K(45696K) Class: 7084K(7552K)->7084K(7552K)
[2022-04-25T23:45:45.754+0000][8][gc          ] GC(24) Pause Young (Normal) (G1 Evacuation Pause) 84M->56M(512M) 31.058ms
[2022-04-25T23:45:45.754+0000][8][gc,cpu      ] GC(24) User=0.02s Sys=0.00s Real=0.03s
[2022-04-25T23:45:45.755+0000][8][safepoint   ] Safepoint "G1CollectForAllocation", Time since last: 1146667 ns, Reaching safepoint: 47000 ns, At safepoint: 32829125 ns, Total: 32876125 ns
[2022-04-25T23:45:45.756+0000][8][gc,marking  ] GC(23) Concurrent Cleanup for Next Mark 33.432ms
[2022-04-25T23:45:45.810+0000][8][gc          ] GC(23) Concurrent Mark Cycle 269.369ms
[2022-04-25T23:45:46.898+0000][8][safepoint   ] Safepoint "Cleanup", Time since last: 1089980833 ns, Reaching safepoint: 36441542 ns, At safepoint: 17791 ns, Total: 36459333 ns
[2022-04-25T23:45:47.492+0000][8][safepoint   ] Safepoint "ICBufferFull", Time since last: 593721501 ns, Reaching safepoint: 569208 ns, At safepoint: 17958 ns, Total: 587166 ns
[2022-04-25T23:45:48.813+0000][8][safepoint   ] Safepoint "Cleanup", Time since last: 1300926959 ns, Reaching safepoint: 19166917 ns, At safepoint: 25042 ns, Total: 19191959 ns
[2022-04-25T23:45:49.906+0000][8][safepoint   ] Safepoint "Cleanup", Time since last: 1055310125 ns, Reaching safepoint: 38404542 ns, At safepoint: 31000 ns, Total: 38435542 ns
[2022-04-25T23:45:51.474+0000][8][safepoint   ] Safepoint "ICBufferFull", Time since last: 1566760459 ns, Reaching safepoint: 676875 ns, At safepoint: 5541 ns, Total: 682416 ns
[2022-04-25T23:45:52.507+0000][8][safepoint   ] Safepoint "Cleanup", Time since last: 1030592918 ns, Reaching safepoint: 2469416 ns, At safepoint: 7875 ns, Total: 2477291 ns
[2022-04-25T23:45:53.577+0000][8][safepoint   ] Safepoint "Cleanup", Time since last: 1068120834 ns, Reaching safepoint: 2435458 ns, At safepoint: 6834 ns, Total: 2442292 ns
[2022-04-25T23:45:55.412+0000][8][safepoint   ] Safepoint "Cleanup", Time since last: 1820096501 ns, Reaching safepoint: 14461958 ns, At safepoint: 19625 ns, Total: 14481583 ns
[2022-04-25T23:45:55.913+0000][8][gc,start    ] GC(25) Pause Young (Normal) (G1 Evacuation Pause)
[2022-04-25T23:45:55.960+0000][8][gc,task     ] GC(25) Using 5 workers of 5 for evacuation
[2022-04-25T23:45:56.005+0000][8][gc,age      ] GC(25) Desired survivor size 20971520 bytes, new threshold 15 (max threshold 15)
[2022-04-25T23:45:56.016+0000][8][gc,age      ] GC(25) Age table with threshold 15 (max threshold 15)
[2022-04-25T23:45:56.018+0000][8][gc,age      ] GC(25) - age   1:   13370320 bytes,   13370320 total
[2022-04-25T23:45:56.019+0000][8][gc,phases   ] GC(25)   Pre Evacuate Collection Set: 0.3ms
[2022-04-25T23:45:56.020+0000][8][gc,phases   ] GC(25)   Merge Heap Roots: 0.3ms
[2022-04-25T23:45:56.021+0000][8][gc,phases   ] GC(25)   Evacuate Collection Set: 7.2ms
[2022-04-25T23:45:56.022+0000][8][gc,phases   ] GC(25)   Post Evacuate Collection Set: 1.8ms
[2022-04-25T23:45:56.023+0000][8][gc,phases   ] GC(25)   Other: 96.4ms
[2022-04-25T23:45:56.024+0000][8][gc,heap     ] GC(25) Eden regions: 75->0(72)
[2022-04-25T23:45:56.024+0000][8][gc,heap     ] GC(25) Survivor regions: 1->4(10)
[2022-04-25T23:45:56.025+0000][8][gc,heap     ] GC(25) Old regions: 13->13
[2022-04-25T23:45:56.026+0000][8][gc,heap     ] GC(25) Archive regions: 2->2
[2022-04-25T23:45:56.027+0000][8][gc,heap     ] GC(25) Humongous regions: 0->0
[2022-04-25T23:45:56.028+0000][8][gc,metaspace] GC(25) Metaspace: 83597K(85056K)->83597K(85056K) NonClass: 71969K(72832K)->71969K(72832K) Class: 11627K(12224K)->11627K(12224K)
[2022-04-25T23:45:56.028+0000][8][gc          ] GC(25) Pause Young (Normal) (G1 Evacuation Pause) 356M->68M(512M) 114.907ms
[2022-04-25T23:45:56.029+0000][8][gc,cpu      ] GC(25) User=0.04s Sys=0.00s Real=0.11s
[2022-04-25T23:45:56.031+0000][8][safepoint   ] Safepoint "G1CollectForAllocation", Time since last: 501105959 ns, Reaching safepoint: 50333 ns, At safepoint: 117830250 ns, Total: 117880583 ns
[2022-04-25T23:45:56.103+0000][8][safepoint   ] Safepoint "ICBufferFull", Time since last: 71641375 ns, Reaching safepoint: 455625 ns, At safepoint: 36333 ns, Total: 491958 ns
[2022-04-25T23:45:57.313+0000][8][safepoint   ] Safepoint "ICBufferFull", Time since last: 1191348376 ns, Reaching safepoint: 6333458 ns, At safepoint: 12604875 ns, Total: 18938333 ns
[2022-04-25T23:45:57.756+0000][8][safepoint   ] Safepoint "ICBufferFull", Time since last: 441974292 ns, Reaching safepoint: 233083 ns, At safepoint: 61834 ns, Total: 294917 ns
[2022-04-25T23:45:58.792+0000][8][safepoint   ] Safepoint "Cleanup", Time since last: 1036131667 ns, Reaching safepoint: 325333 ns, At safepoint: 5375 ns, Total: 330708 ns
[2022-04-25T23:45:59.848+0000][8][safepoint   ] Safepoint "Cleanup", Time since last: 1055443209 ns, Reaching safepoint: 88083 ns, At safepoint: 3334 ns, Total: 91417 ns
[2022-04-25T23:46:00.872+0000][8][safepoint   ] Safepoint "Cleanup", Time since last: 1024472167 ns, Reaching safepoint: 85083 ns, At safepoint: 3417 ns, Total: 88500 ns
[2022-04-25T23:46:01.382+0000][8][gc,start    ] GC(26) Pause Young (Concurrent Start) (Metadata GC Threshold)
[2022-04-25T23:46:01.383+0000][8][gc,task     ] GC(26) Using 5 workers of 5 for evacuation
[2022-04-25T23:46:01.384+0000][8][gc,age      ] GC(26) Desired survivor size 20971520 bytes, new threshold 15 (max threshold 15)
[2022-04-25T23:46:01.393+0000][8][gc,age      ] GC(26) Age table with threshold 15 (max threshold 15)
[2022-04-25T23:46:01.394+0000][8][gc,age      ] GC(26) - age   1:    1124904 bytes,    1124904 total
[2022-04-25T23:46:01.395+0000][8][gc,age      ] GC(26) - age   2:   12958424 bytes,   14083328 total
[2022-04-25T23:46:01.396+0000][8][gc,phases   ] GC(26)   Pre Evacuate Collection Set: 0.3ms
[2022-04-25T23:46:01.398+0000][8][gc,phases   ] GC(26)   Merge Heap Roots: 0.2ms
[2022-04-25T23:46:01.399+0000][8][gc,phases   ] GC(26)   Evacuate Collection Set: 6.0ms
[2022-04-25T23:46:01.400+0000][8][gc,phases   ] GC(26)   Post Evacuate Collection Set: 1.5ms
[2022-04-25T23:46:01.401+0000][8][gc,phases   ] GC(26)   Other: 6.6ms
[2022-04-25T23:46:01.402+0000][8][gc,heap     ] GC(26) Eden regions: 12->0(72)
[2022-04-25T23:46:01.403+0000][8][gc,heap     ] GC(26) Survivor regions: 4->4(10)
[2022-04-25T23:46:01.404+0000][8][gc,heap     ] GC(26) Old regions: 13->13
[2022-04-25T23:46:01.405+0000][8][gc,heap     ] GC(26) Archive regions: 2->2
[2022-04-25T23:46:01.405+0000][8][gc,heap     ] GC(26) Humongous regions: 0->0
[2022-04-25T23:46:01.406+0000][8][gc,metaspace] GC(26) Metaspace: 87161K(88640K)->87161K(88640K) NonClass: 75015K(75904K)->75015K(75904K) Class: 12146K(12736K)->12146K(12736K)
[2022-04-25T23:46:01.407+0000][8][gc          ] GC(26) Pause Young (Concurrent Start) (Metadata GC Threshold) 113M->70M(512M) 25.513ms
[2022-04-25T23:46:01.409+0000][8][gc,cpu      ] GC(26) User=0.03s Sys=0.00s Real=0.02s
[2022-04-25T23:46:01.410+0000][8][gc          ] GC(27) Concurrent Mark Cycle
[2022-04-25T23:46:01.411+0000][8][gc,marking  ] GC(27) Concurrent Clear Claimed Marks
[2022-04-25T23:46:01.410+0000][8][safepoint   ] Safepoint "CollectForMetadataAllocation", Time since last: 509528584 ns, Reaching safepoint: 49500 ns, At safepoint: 28191250 ns, Total: 28240750 ns
[2022-04-25T23:46:01.412+0000][8][gc,marking  ] GC(27) Concurrent Clear Claimed Marks 1.096ms
[2022-04-25T23:46:01.414+0000][8][gc,marking  ] GC(27) Concurrent Scan Root Regions
[2022-04-25T23:46:01.423+0000][8][gc,marking  ] GC(27) Concurrent Scan Root Regions 8.540ms
[2022-04-25T23:46:01.424+0000][8][gc,marking  ] GC(27) Concurrent Mark
[2022-04-25T23:46:01.425+0000][8][gc,marking  ] GC(27) Concurrent Mark From Roots
[2022-04-25T23:46:01.426+0000][8][gc,task     ] GC(27) Using 1 workers of 1 for marking
[2022-04-25T23:46:01.434+0000][8][safepoint   ] Safepoint "CollectForMetadataAllocation", Time since last: 23297708 ns, Reaching safepoint: 233833 ns, At safepoint: 49084 ns, Total: 282917 ns
[2022-04-25T23:46:01.512+0000][8][gc,marking  ] GC(27) Concurrent Mark From Roots 87.455ms
[2022-04-25T23:46:01.609+0000][8][gc,marking  ] GC(27) Concurrent Preclean
[2022-04-25T23:46:01.637+0000][8][gc,marking  ] GC(27) Concurrent Preclean 28.856ms
[2022-04-25T23:46:01.665+0000][8][gc,start    ] GC(27) Pause Remark
[2022-04-25T23:46:01.706+0000][8][gc          ] GC(27) Pause Remark 77M->77M(512M) 40.616ms
[2022-04-25T23:46:01.725+0000][8][gc,cpu      ] GC(27) User=0.08s Sys=0.01s Real=0.06s
[2022-04-25T23:46:01.740+0000][8][safepoint   ] Safepoint "G1Concurrent", Time since last: 231337541 ns, Reaching safepoint: 55500 ns, At safepoint: 75342375 ns, Total: 75397875 ns
[2022-04-25T23:46:01.753+0000][8][gc,marking  ] GC(27) Concurrent Mark 329.234ms
[2022-04-25T23:46:01.763+0000][8][gc,marking  ] GC(27) Concurrent Rebuild Remembered Sets
[2022-04-25T23:46:01.804+0000][8][gc,marking  ] GC(27) Concurrent Rebuild Remembered Sets 41.375ms
[2022-04-25T23:46:01.852+0000][8][gc,start    ] GC(27) Pause Cleanup
[2022-04-25T23:46:01.936+0000][8][gc          ] GC(27) Pause Cleanup 77M->77M(512M) 84.006ms
[2022-04-25T23:46:01.938+0000][8][gc,cpu      ] GC(27) User=0.04s Sys=0.00s Real=0.08s
[2022-04-25T23:46:01.943+0000][8][safepoint   ] Safepoint "G1Concurrent", Time since last: 93931709 ns, Reaching safepoint: 18229541 ns, At safepoint: 90367250 ns, Total: 108596791 ns
[2022-04-25T23:46:01.951+0000][8][gc,marking  ] GC(27) Concurrent Cleanup for Next Mark
[2022-04-25T23:46:01.958+0000][8][gc,marking  ] GC(27) Concurrent Cleanup for Next Mark 7.500ms
[2022-04-25T23:46:01.973+0000][8][gc          ] GC(27) Concurrent Mark Cycle 563.215ms
[2022-04-25T23:46:02.967+0000][8][safepoint   ] Safepoint "Cleanup", Time since last: 1016842584 ns, Reaching safepoint: 7634667 ns, At safepoint: 18958 ns, Total: 7653625 ns
[2022-04-25T23:46:04.055+0000][8][safepoint   ] Safepoint "Cleanup", Time since last: 1087827876 ns, Reaching safepoint: 86083 ns, At safepoint: 4125 ns, Total: 90208 ns
[2022-04-25T23:46:05.097+0000][8][safepoint   ] Safepoint "Cleanup", Time since last: 1041732834 ns, Reaching safepoint: 514750 ns, At safepoint: 5458 ns, Total: 520208 ns
[2022-04-25T23:46:06.368+0000][8][safepoint   ] Safepoint "Cleanup", Time since last: 1263396126 ns, Reaching safepoint: 7200292 ns, At safepoint: 18125 ns, Total: 7218417 ns
[2022-04-25T23:46:07.194+0000][8][safepoint   ] Safepoint "ICBufferFull", Time since last: 825558250 ns, Reaching safepoint: 226417 ns, At safepoint: 9041 ns, Total: 235458 ns
[2022-04-25T23:46:08.215+0000][8][safepoint   ] Safepoint "Cleanup", Time since last: 1020861792 ns, Reaching safepoint: 192334 ns, At safepoint: 3875 ns, Total: 196209 ns
[2022-04-25T23:46:09.258+0000][8][safepoint   ] Safepoint "Cleanup", Time since last: 1042825875 ns, Reaching safepoint: 79625 ns, At safepoint: 3959 ns, Total: 83584 ns
[2022-04-25T23:46:10.297+0000][8][safepoint   ] Safepoint "Cleanup", Time since last: 1037768875 ns, Reaching safepoint: 1311500 ns, At safepoint: 11333 ns, Total: 1322833 ns
[2022-04-25T23:46:11.485+0000][8][safepoint   ] Safepoint "ICBufferFull", Time since last: 1187560293 ns, Reaching safepoint: 229791 ns, At safepoint: 5084 ns, Total: 234875 ns
[2022-04-25T23:46:12.052+0000][8][safepoint   ] Safepoint "ICBufferFull", Time since last: 564814958 ns, Reaching safepoint: 636834 ns, At safepoint: 1934500 ns, Total: 2571334 ns
[2022-04-25T23:46:13.066+0000][8][safepoint   ] Safepoint "Cleanup", Time since last: 1011074625 ns, Reaching safepoint: 2349750 ns, At safepoint: 10917 ns, Total: 2360667 ns
[2022-04-25T23:46:14.216+0000][8][safepoint   ] Safepoint "Cleanup", Time since last: 1141575667 ns, Reaching safepoint: 9283417 ns, At safepoint: 97833 ns, Total: 9381250 ns
[2022-04-25T23:46:15.278+0000][8][safepoint   ] Safepoint "Cleanup", Time since last: 1061126917 ns, Reaching safepoint: 418708 ns, At safepoint: 54959 ns, Total: 473667 ns
[2022-04-25T23:46:16.297+0000][8][safepoint   ] Safepoint "Cleanup", Time since last: 1011198583 ns, Reaching safepoint: 26923042 ns, At safepoint: 43375 ns, Total: 26966417 ns
[2022-04-25T23:46:17.401+0000][8][safepoint   ] Safepoint "Cleanup", Time since last: 1069603334 ns, Reaching safepoint: 33730291 ns, At safepoint: 16709 ns, Total: 33747000 ns
[2022-04-25T23:46:18.521+0000][8][safepoint   ] Safepoint "Cleanup", Time since last: 1109542542 ns, Reaching safepoint: 10801458 ns, At safepoint: 20792 ns, Total: 10822250 ns
[2022-04-25T23:46:19.513+0000][8][safepoint   ] Safepoint "ICBufferFull", Time since last: 966947834 ns, Reaching safepoint: 24767291 ns, At safepoint: 23250 ns, Total: 24790541 ns
[2022-04-25T23:46:19.595+0000][8][safepoint   ] Safepoint "ICBufferFull", Time since last: 81173876 ns, Reaching safepoint: 640625 ns, At safepoint: 39291 ns, Total: 679916 ns
[2022-04-25T23:46:19.738+0000][8][safepoint   ] Safepoint "ICBufferFull", Time since last: 138248750 ns, Reaching safepoint: 4557334 ns, At safepoint: 57416 ns, Total: 4614750 ns
[2022-04-25T23:46:20.657+0000][8][safepoint   ] Safepoint "ICBufferFull", Time since last: 918613042 ns, Reaching safepoint: 346375 ns, At safepoint: 6875 ns, Total: 353250 ns
[2022-04-25T23:46:21.752+0000][8][safepoint   ] Safepoint "Cleanup", Time since last: 1095236751 ns, Reaching safepoint: 279208 ns, At safepoint: 5167 ns, Total: 284375 ns
[2022-04-25T23:46:23.581+0000][8][safepoint   ] Safepoint "Cleanup", Time since last: 1799875626 ns, Reaching safepoint: 11732416 ns, At safepoint: 17735667 ns, Total: 29468083 ns
[2022-04-25T23:46:23.899+0000][8][safepoint   ] Safepoint "ICBufferFull", Time since last: 317531292 ns, Reaching safepoint: 121667 ns, At safepoint: 2666 ns, Total: 124333 ns
[2022-04-25T23:46:24.985+0000][8][safepoint   ] Safepoint "Cleanup", Time since last: 1065449417 ns, Reaching safepoint: 19386500 ns, At safepoint: 1144042 ns, Total: 20530542 ns
[2022-04-25T23:46:26.071+0000][8][safepoint   ] Safepoint "Cleanup", Time since last: 1059244209 ns, Reaching safepoint: 26296333 ns, At safepoint: 67459 ns, Total: 26363792 ns
[2022-04-25T23:46:27.156+0000][8][safepoint   ] Safepoint "Cleanup", Time since last: 1082901958 ns, Reaching safepoint: 2816292 ns, At safepoint: 9833 ns, Total: 2826125 ns
[2022-04-25T23:46:27.949+0000][8][gc,start    ] GC(28) Pause Young (Concurrent Start) (G1 Evacuation Pause)
[2022-04-25T23:46:27.951+0000][8][gc,task     ] GC(28) Using 5 workers of 5 for evacuation
[2022-04-25T23:46:27.963+0000][8][gc,age      ] GC(28) Desired survivor size 20971520 bytes, new threshold 15 (max threshold 15)
[2022-04-25T23:46:28.020+0000][8][gc,age      ] GC(28) Age table with threshold 15 (max threshold 15)
[2022-04-25T23:46:28.045+0000][8][gc,age      ] GC(28) - age   1:   19490712 bytes,   19490712 total
[2022-04-25T23:46:28.090+0000][8][gc,age      ] GC(28) - age   2:     918232 bytes,   20408944 total
[2022-04-25T23:46:28.129+0000][8][gc,age      ] GC(28) - age   3:   12811440 bytes,   33220384 total
[2022-04-25T23:46:28.171+0000][8][gc,mmu      ] GC(28) MMU target violated: 201.0ms (200.0ms/201.0ms)
[2022-04-25T23:46:28.210+0000][8][gc,phases   ] GC(28)   Pre Evacuate Collection Set: 0.5ms
[2022-04-25T23:46:28.245+0000][8][gc,phases   ] GC(28)   Merge Heap Roots: 0.2ms
[2022-04-25T23:46:28.317+0000][8][gc,phases   ] GC(28)   Evacuate Collection Set: 11.9ms
[2022-04-25T23:46:28.350+0000][8][gc,phases   ] GC(28)   Post Evacuate Collection Set: 43.3ms
[2022-04-25T23:46:28.367+0000][8][gc,phases   ] GC(28)   Other: 205.2ms
[2022-04-25T23:46:28.402+0000][8][gc,heap     ] GC(28) Eden regions: 72->0(67)
[2022-04-25T23:46:28.440+0000][8][gc,heap     ] GC(28) Survivor regions: 4->9(10)
[2022-04-25T23:46:28.495+0000][8][gc,heap     ] GC(28) Old regions: 13->13
[2022-04-25T23:46:28.558+0000][8][gc,heap     ] GC(28) Archive regions: 2->2
[2022-04-25T23:46:28.587+0000][8][gc,heap     ] GC(28) Humongous regions: 6->6
[2022-04-25T23:46:28.605+0000][8][gc,metaspace] GC(28) Metaspace: 102088K(103616K)->102088K(103616K) NonClass: 87789K(88704K)->87789K(88704K) Class: 14299K(14912K)->14299K(14912K)
[2022-04-25T23:46:28.637+0000][8][gc          ] GC(28) Pause Young (Concurrent Start) (G1 Evacuation Pause) 382M->113M(512M) 687.409ms
[2022-04-25T23:46:28.693+0000][8][gc,cpu      ] GC(28) User=0.13s Sys=0.02s Real=0.74s
[2022-04-25T23:46:28.744+0000][8][gc          ] GC(29) Concurrent Mark Cycle
[2022-04-25T23:46:28.826+0000][8][gc,marking  ] GC(29) Concurrent Clear Claimed Marks
[2022-04-25T23:46:28.849+0000][8][gc,marking  ] GC(29) Concurrent Clear Claimed Marks 22.990ms
[2022-04-25T23:46:28.876+0000][8][gc,marking  ] GC(29) Concurrent Scan Root Regions
[2022-04-25T23:46:28.819+0000][8][safepoint   ] Safepoint "G1CollectForAllocation", Time since last: 792419001 ns, Reaching safepoint: 95083 ns, At safepoint: 870122292 ns, Total: 870217375 ns
[2022-04-25T23:46:29.038+0000][8][gc,marking  ] GC(29) Concurrent Scan Root Regions 161.473ms
[2022-04-25T23:46:29.087+0000][8][gc,marking  ] GC(29) Concurrent Mark
[2022-04-25T23:46:29.139+0000][8][gc,marking  ] GC(29) Concurrent Mark From Roots
[2022-04-25T23:46:29.192+0000][8][gc,task     ] GC(29) Using 1 workers of 1 for marking
[2022-04-25T23:46:29.629+0000][8][gc,marking  ] GC(29) Concurrent Mark From Roots 490.412ms
[2022-04-25T23:46:29.632+0000][8][gc,marking  ] GC(29) Concurrent Preclean
[2022-04-25T23:46:29.635+0000][8][gc,marking  ] GC(29) Concurrent Preclean 2.659ms
[2022-04-25T23:46:29.640+0000][8][gc,start    ] GC(29) Pause Remark
[2022-04-25T23:46:29.646+0000][8][gc          ] GC(29) Pause Remark 146M->146M(512M) 6.592ms
[2022-04-25T23:46:29.647+0000][8][gc,cpu      ] GC(29) User=0.01s Sys=0.00s Real=0.01s
[2022-04-25T23:46:29.649+0000][8][safepoint   ] Safepoint "G1Concurrent", Time since last: 820013126 ns, Reaching safepoint: 524708 ns, At safepoint: 8908333 ns, Total: 9433041 ns
[2022-04-25T23:46:29.650+0000][8][gc,marking  ] GC(29) Concurrent Mark 562.818ms
[2022-04-25T23:46:29.652+0000][8][gc,marking  ] GC(29) Concurrent Rebuild Remembered Sets
[2022-04-25T23:46:29.704+0000][8][gc,marking  ] GC(29) Concurrent Rebuild Remembered Sets 52.094ms
[2022-04-25T23:46:29.709+0000][8][gc,start    ] GC(29) Pause Cleanup
[2022-04-25T23:46:29.711+0000][8][gc          ] GC(29) Pause Cleanup 148M->148M(512M) 2.515ms
[2022-04-25T23:46:29.713+0000][8][gc,cpu      ] GC(29) User=0.00s Sys=0.00s Real=0.00s
[2022-04-25T23:46:29.715+0000][8][safepoint   ] Safepoint "G1Concurrent", Time since last: 60013750 ns, Reaching safepoint: 64417 ns, At safepoint: 6673208 ns, Total: 6737625 ns
[2022-04-25T23:46:29.719+0000][8][gc,marking  ] GC(29) Concurrent Cleanup for Next Mark
[2022-04-25T23:46:29.722+0000][8][gc,marking  ] GC(29) Concurrent Cleanup for Next Mark 3.209ms
[2022-04-25T23:46:29.753+0000][8][gc          ] GC(29) Concurrent Mark Cycle 1008.684ms
[2022-04-25T23:46:30.773+0000][8][safepoint   ] Safepoint "Cleanup", Time since last: 1016570043 ns, Reaching safepoint: 40624375 ns, At safepoint: 281791 ns, Total: 40906166 ns
[2022-04-25T23:46:31.916+0000][8][safepoint   ] Safepoint "Cleanup", Time since last: 1095468001 ns, Reaching safepoint: 43989666 ns, At safepoint: 3483875 ns, Total: 47473541 ns
[2022-04-25T23:46:33.114+0000][8][safepoint   ] Safepoint "Cleanup", Time since last: 1113240084 ns, Reaching safepoint: 84861834 ns, At safepoint: 314708 ns, Total: 85176542 ns
[2022-04-25T23:46:34.120+0000][8][safepoint   ] Safepoint "Cleanup", Time since last: 1005407292 ns, Reaching safepoint: 157750 ns, At safepoint: 5458 ns, Total: 163208 ns
[2022-04-25T23:46:35.204+0000][8][safepoint   ] Safepoint "Cleanup", Time since last: 1083648626 ns, Reaching safepoint: 635250 ns, At safepoint: 198000 ns, Total: 833250 ns
[2022-04-25T23:46:36.216+0000][8][safepoint   ] Safepoint "Cleanup", Time since last: 1003790625 ns, Reaching safepoint: 7852542 ns, At safepoint: 282792 ns, Total: 8135334 ns
[2022-04-25T23:46:37.277+0000][8][safepoint   ] Safepoint "Cleanup", Time since last: 1045334667 ns, Reaching safepoint: 15400917 ns, At safepoint: 46750 ns, Total: 15447667 ns
[2022-04-25T23:46:39.324+0000][8][safepoint   ] Safepoint "Cleanup", Time since last: 2047235334 ns, Reaching safepoint: 91833 ns, At safepoint: 3667 ns, Total: 95500 ns
[2022-04-25T23:46:40.454+0000][8][safepoint   ] Safepoint "Cleanup", Time since last: 1118677917 ns, Reaching safepoint: 11586333 ns, At safepoint: 18334 ns, Total: 11604667 ns
[2022-04-25T23:46:41.512+0000][8][safepoint   ] Safepoint "Cleanup", Time since last: 1057069625 ns, Reaching safepoint: 87167 ns, At safepoint: 3500 ns, Total: 90667 ns
[2022-04-25T23:46:42.584+0000][8][safepoint   ] Safepoint "Cleanup", Time since last: 1058859042 ns, Reaching safepoint: 8838125 ns, At safepoint: 4723500 ns, Total: 13561625 ns
[2022-04-25T23:46:43.673+0000][8][safepoint   ] Safepoint "Cleanup", Time since last: 1088888667 ns, Reaching safepoint: 193959 ns, At safepoint: 2958 ns, Total: 196917 ns
[2022-04-25T23:46:44.677+0000][8][safepoint   ] Safepoint "Cleanup", Time since last: 1003418500 ns, Reaching safepoint: 52292 ns, At safepoint: 2792 ns, Total: 55084 ns
[2022-04-25T23:46:45.816+0000][8][safepoint   ] Safepoint "ICBufferFull", Time since last: 1138728542 ns, Reaching safepoint: 477083 ns, At safepoint: 5709 ns, Total: 482792 ns
[2022-04-25T23:46:46.857+0000][8][safepoint   ] Safepoint "Cleanup", Time since last: 1026065666 ns, Reaching safepoint: 99834 ns, At safepoint: 3541 ns, Total: 103375 ns
[2022-04-25T23:46:47.922+0000][8][safepoint   ] Safepoint "Cleanup", Time since last: 1064486084 ns, Reaching safepoint: 153333 ns, At safepoint: 5292 ns, Total: 158625 ns
[2022-04-25T23:46:49.141+0000][8][safepoint   ] Safepoint "Cleanup", Time since last: 1171298251 ns, Reaching safepoint: 45259916 ns, At safepoint: 2503250 ns, Total: 47763166 ns
[2022-04-25T23:46:50.407+0000][8][safepoint   ] Safepoint "Cleanup", Time since last: 1265773543 ns, Reaching safepoint: 85250 ns, At safepoint: 2750 ns, Total: 88000 ns
[2022-04-25T23:46:51.980+0000][8][safepoint   ] Safepoint "Cleanup", Time since last: 1171532000 ns, Reaching safepoint: 392439292 ns, At safepoint: 8995333 ns, Total: 401434625 ns
[2022-04-25T23:46:53.054+0000][8][safepoint   ] Safepoint "Cleanup", Time since last: 1063893584 ns, Reaching safepoint: 10333542 ns, At safepoint: 25166 ns, Total: 10358708 ns
[2022-04-25T23:46:54.568+0000][8][safepoint   ] Safepoint "Cleanup", Time since last: 1290134001 ns, Reaching safepoint: 222125917 ns, At safepoint: 1113833 ns, Total: 223239750 ns
[2022-04-25T23:46:55.625+0000][8][safepoint   ] Safepoint "Cleanup", Time since last: 1056873376 ns, Reaching safepoint: 133500 ns, At safepoint: 5708 ns, Total: 139208 ns
[2022-04-25T23:46:56.848+0000][8][safepoint   ] Safepoint "Cleanup", Time since last: 1221315167 ns, Reaching safepoint: 1786625 ns, At safepoint: 12250 ns, Total: 1798875 ns
[2022-04-25T23:46:58.128+0000][8][safepoint   ] Safepoint "Cleanup", Time since last: 1280363626 ns, Reaching safepoint: 214625 ns, At safepoint: 5708 ns, Total: 220333 ns
[2022-04-25T23:46:59.388+0000][8][safepoint   ] Safepoint "Cleanup", Time since last: 1245036584 ns, Reaching safepoint: 13973542 ns, At safepoint: 319917 ns, Total: 14293459 ns
[2022-04-25T23:47:00.433+0000][8][safepoint   ] Safepoint "Cleanup", Time since last: 1036192125 ns, Reaching safepoint: 8660042 ns, At safepoint: 200708 ns, Total: 8860750 ns
[2022-04-25T23:47:01.734+0000][8][safepoint   ] Safepoint "Cleanup", Time since last: 1300954251 ns, Reaching safepoint: 170250 ns, At safepoint: 6125 ns, Total: 176375 ns
[2022-04-25T23:47:02.953+0000][8][safepoint   ] Safepoint "Cleanup", Time since last: 1218939209 ns, Reaching safepoint: 118708 ns, At safepoint: 17708 ns, Total: 136416 ns
[2022-04-25T23:47:03.972+0000][8][safepoint   ] Safepoint "Cleanup", Time since last: 1018334126 ns, Reaching safepoint: 1058750 ns, At safepoint: 10333 ns, Total: 1069083 ns
[2022-04-25T23:47:05.394+0000][8][safepoint   ] Safepoint "Cleanup", Time since last: 1404625917 ns, Reaching safepoint: 17602750 ns, At safepoint: 47667 ns, Total: 17650417 ns
[2022-04-25T23:47:06.601+0000][8][safepoint   ] Safepoint "Cleanup", Time since last: 1199190084 ns, Reaching safepoint: 6955625 ns, At safepoint: 18083 ns, Total: 6973708 ns
[2022-04-25T23:47:07.619+0000][8][safepoint   ] Safepoint "Cleanup", Time since last: 1018369084 ns, Reaching safepoint: 90458 ns, At safepoint: 5250 ns, Total: 95708 ns
[2022-04-25T23:47:09.078+0000][8][safepoint   ] Safepoint "Cleanup", Time since last: 1458952834 ns, Reaching safepoint: 109167 ns, At safepoint: 3625 ns, Total: 112792 ns
[2022-04-25T23:47:10.342+0000][8][safepoint   ] Safepoint "Cleanup", Time since last: 1246345959 ns, Reaching safepoint: 13995958 ns, At safepoint: 3954459 ns, Total: 17950417 ns
[2022-04-25T23:47:11.345+0000][8][safepoint   ] Safepoint "Cleanup", Time since last: 1001798334 ns, Reaching safepoint: 241250 ns, At safepoint: 6375 ns, Total: 247625 ns
[2022-04-25T23:47:12.340+0000][8][gc,start    ] GC(30) Pause Young (Prepare Mixed) (G1 Evacuation Pause)
[2022-04-25T23:47:12.342+0000][8][gc,task     ] GC(30) Using 5 workers of 5 for evacuation
[2022-04-25T23:47:12.343+0000][8][gc,age      ] GC(30) Desired survivor size 20971520 bytes, new threshold 3 (max threshold 15)
[2022-04-25T23:47:12.357+0000][8][gc,age      ] GC(30) Age table with threshold 3 (max threshold 15)
[2022-04-25T23:47:12.358+0000][8][gc,age      ] GC(30) - age   1:   15730848 bytes,   15730848 total
[2022-04-25T23:47:12.359+0000][8][gc,age      ] GC(30) - age   2:    8260712 bytes,   23991560 total
[2022-04-25T23:47:12.362+0000][8][gc,age      ] GC(30) - age   3:     906776 bytes,   24898336 total
[2022-04-25T23:47:12.363+0000][8][gc,phases   ] GC(30)   Pre Evacuate Collection Set: 0.1ms
[2022-04-25T23:47:12.364+0000][8][gc,phases   ] GC(30)   Merge Heap Roots: 0.1ms
[2022-04-25T23:47:12.365+0000][8][gc,phases   ] GC(30)   Evacuate Collection Set: 10.3ms
[2022-04-25T23:47:12.381+0000][8][gc,phases   ] GC(30)   Post Evacuate Collection Set: 1.9ms
[2022-04-25T23:47:12.386+0000][8][gc,phases   ] GC(30)   Other: 10.9ms
[2022-04-25T23:47:12.390+0000][8][gc,heap     ] GC(30) Eden regions: 67->0(1)
[2022-04-25T23:47:12.530+0000][8][gc,heap     ] GC(30) Survivor regions: 9->7(10)
[2022-04-25T23:47:12.663+0000][8][gc,heap     ] GC(30) Old regions: 13->17
[2022-04-25T23:47:12.675+0000][8][gc,heap     ] GC(30) Archive regions: 2->2
[2022-04-25T23:47:12.703+0000][8][gc,heap     ] GC(30) Humongous regions: 6->6
[2022-04-25T23:47:12.745+0000][8][gc,metaspace] GC(30) Metaspace: 104623K(106112K)->104623K(106112K) NonClass: 90080K(90944K)->90080K(90944K) Class: 14542K(15168K)->14542K(15168K)
[2022-04-25T23:47:12.816+0000][8][gc          ] GC(30) Pause Young (Prepare Mixed) (G1 Evacuation Pause) 381M->118M(512M) 476.137ms
[2022-04-25T23:47:12.899+0000][8][gc,cpu      ] GC(30) User=0.06s Sys=0.00s Real=0.56s
[2022-04-25T23:47:12.955+0000][8][safepoint   ] Safepoint "G1CollectForAllocation", Time since last: 993384833 ns, Reaching safepoint: 1686000 ns, At safepoint: 615812251 ns, Total: 617498251 ns
[2022-04-25T23:47:13.218+0000][8][gc,start    ] GC(31) Pause Young (Mixed) (G1 Evacuation Pause)
[2022-04-25T23:47:13.248+0000][8][gc,task     ] GC(31) Using 5 workers of 5 for evacuation
[2022-04-25T23:47:13.277+0000][8][gc,age      ] GC(31) Desired survivor size 2097152 bytes, new threshold 1 (max threshold 15)
[2022-04-25T23:47:13.371+0000][8][gc,age      ] GC(31) Age table with threshold 1 (max threshold 15)
[2022-04-25T23:47:13.409+0000][8][gc,age      ] GC(31) - age   1:     278296 bytes,     278296 total
[2022-04-25T23:47:13.413+0000][8][gc,phases   ] GC(31)   Pre Evacuate Collection Set: 0.1ms
[2022-04-25T23:47:13.436+0000][8][gc,phases   ] GC(31)   Merge Heap Roots: 0.1ms
[2022-04-25T23:47:13.495+0000][8][gc,phases   ] GC(31)   Evacuate Collection Set: 73.0ms
[2022-04-25T23:47:13.649+0000][8][gc,phases   ] GC(31)   Post Evacuate Collection Set: 4.4ms
[2022-04-25T23:47:13.813+0000][8][gc,phases   ] GC(31)   Other: 117.5ms
[2022-04-25T23:47:13.836+0000][8][gc,heap     ] GC(31) Eden regions: 1->0(65)
[2022-04-25T23:47:13.855+0000][8][gc,heap     ] GC(31) Survivor regions: 7->1(1)
[2022-04-25T23:47:13.885+0000][8][gc,heap     ] GC(31) Old regions: 17->23
[2022-04-25T23:47:13.987+0000][8][gc,heap     ] GC(31) Archive regions: 2->2
[2022-04-25T23:47:14.018+0000][8][gc,heap     ] GC(31) Humongous regions: 6->6
[2022-04-25T23:47:14.036+0000][8][gc,metaspace] GC(31) Metaspace: 104625K(106112K)->104625K(106112K) NonClass: 90083K(90944K)->90083K(90944K) Class: 14542K(15168K)->14542K(15168K)
[2022-04-25T23:47:14.053+0000][8][gc          ] GC(31) Pause Young (Mixed) (G1 Evacuation Pause) 122M->121M(512M) 835.708ms
[2022-04-25T23:47:14.065+0000][8][gc,cpu      ] GC(31) User=0.26s Sys=0.03s Real=0.85s
[2022-04-25T23:47:14.082+0000][8][safepoint   ] Safepoint "G1CollectForAllocation", Time since last: 255834958 ns, Reaching safepoint: 6347375 ns, At safepoint: 864710542 ns, Total: 871057917 ns
[2022-04-25T23:47:15.157+0000][8][safepoint   ] Safepoint "Cleanup", Time since last: 1074676334 ns, Reaching safepoint: 99542 ns, At safepoint: 3708 ns, Total: 103250 ns
[2022-04-25T23:47:16.407+0000][8][safepoint   ] Safepoint "Cleanup", Time since last: 1246667917 ns, Reaching safepoint: 87375 ns, At safepoint: 3125 ns, Total: 90500 ns
[2022-04-25T23:47:18.662+0000][8][safepoint   ] Safepoint "Cleanup", Time since last: 2249465834 ns, Reaching safepoint: 5724875 ns, At safepoint: 6750 ns, Total: 5731625 ns
[2022-04-25T23:47:19.716+0000][8][safepoint   ] Safepoint "Cleanup", Time since last: 1054033418 ns, Reaching safepoint: 72875 ns, At safepoint: 3083 ns, Total: 75958 ns
[2022-04-25T23:47:20.757+0000][8][safepoint   ] Safepoint "Cleanup", Time since last: 1040398917 ns, Reaching safepoint: 285042 ns, At safepoint: 11625 ns, Total: 296667 ns
[2022-04-25T23:47:21.805+0000][8][safepoint   ] Safepoint "Cleanup", Time since last: 1047800792 ns, Reaching safepoint: 84792 ns, At safepoint: 3750 ns, Total: 88542 ns
[2022-04-25T23:47:22.843+0000][8][safepoint   ] Safepoint "Cleanup", Time since last: 1038413500 ns, Reaching safepoint: 108750 ns, At safepoint: 5542 ns, Total: 114292 ns
[2022-04-25T23:47:23.933+0000][8][safepoint   ] Safepoint "Cleanup", Time since last: 1089243167 ns, Reaching safepoint: 90042 ns, At safepoint: 3500 ns, Total: 93542 ns
[2022-04-25T23:47:24.964+0000][8][safepoint   ] Safepoint "Cleanup", Time since last: 1031124750 ns, Reaching safepoint: 152792 ns, At safepoint: 5375 ns, Total: 158167 ns
[2022-04-25T23:47:26.018+0000][8][safepoint   ] Safepoint "Cleanup", Time since last: 1030806084 ns, Reaching safepoint: 23257500 ns, At safepoint: 33666 ns, Total: 23291166 ns
[2022-04-25T23:47:27.184+0000][8][safepoint   ] Safepoint "Cleanup", Time since last: 1149953917 ns, Reaching safepoint: 16221625 ns, At safepoint: 42334 ns, Total: 16263959 ns
[2022-04-25T23:47:28.219+0000][8][safepoint   ] Safepoint "Cleanup", Time since last: 1026310834 ns, Reaching safepoint: 8565958 ns, At safepoint: 26333 ns, Total: 8592291 ns
[2022-04-25T23:47:29.466+0000][8][safepoint   ] Safepoint "Cleanup", Time since last: 1202275834 ns, Reaching safepoint: 44041500 ns, At safepoint: 17208 ns, Total: 44058708 ns
[2022-04-25T23:47:31.523+0000][8][safepoint   ] Safepoint "Cleanup", Time since last: 2057487626 ns, Reaching safepoint: 116334 ns, At safepoint: 5833 ns, Total: 122167 ns
[2022-04-25T23:47:32.560+0000][8][safepoint   ] Safepoint "Cleanup", Time since last: 1028883584 ns, Reaching safepoint: 7650333 ns, At safepoint: 19334 ns, Total: 7669667 ns
[2022-04-25T23:47:33.630+0000][8][safepoint   ] Safepoint "Cleanup", Time since last: 1058784250 ns, Reaching safepoint: 11291917 ns, At safepoint: 22458 ns, Total: 11314375 ns
[2022-04-25T23:47:36.716+0000][8][safepoint   ] Safepoint "Cleanup", Time since last: 3086318877 ns, Reaching safepoint: 59125 ns, At safepoint: 3125 ns, Total: 62250 ns
[2022-04-25T23:47:38.763+0000][8][safepoint   ] Safepoint "Cleanup", Time since last: 2030569792 ns, Reaching safepoint: 16093250 ns, At safepoint: 45542 ns, Total: 16138792 ns
[2022-04-25T23:47:39.929+0000][8][safepoint   ] Safepoint "Cleanup", Time since last: 1165713709 ns, Reaching safepoint: 111708 ns, At safepoint: 5417 ns, Total: 117125 ns
[2022-04-25T23:47:41.005+0000][8][safepoint   ] Safepoint "Cleanup", Time since last: 1076162875 ns, Reaching safepoint: 71459 ns, At safepoint: 3250 ns, Total: 74709 ns
[2022-04-25T23:47:43.351+0000][8][safepoint   ] Safepoint "Cleanup", Time since last: 2028605501 ns, Reaching safepoint: 305829458 ns, At safepoint: 11015708 ns, Total: 316845166 ns
[2022-04-25T23:47:44.443+0000][8][safepoint   ] Safepoint "Cleanup", Time since last: 1092518251 ns, Reaching safepoint: 169125 ns, At safepoint: 7875 ns, Total: 177000 ns
[2022-04-25T23:47:45.515+0000][8][safepoint   ] Safepoint "Cleanup", Time since last: 1071251250 ns, Reaching safepoint: 886334 ns, At safepoint: 9958 ns, Total: 896292 ns
[2022-04-25T23:47:47.601+0000][8][safepoint   ] Safepoint "Cleanup", Time since last: 2088759084 ns, Reaching safepoint: 131833 ns, At safepoint: 5917 ns, Total: 137750 ns
[2022-04-25T23:47:48.658+0000][8][safepoint   ] Safepoint "Cleanup", Time since last: 1051621876 ns, Reaching safepoint: 5317916 ns, At safepoint: 14792 ns, Total: 5332708 ns
[2022-04-25T23:47:50.376+0000][8][gc,start    ] GC(32) Pause Young (Normal) (G1 Evacuation Pause)
[2022-04-25T23:47:50.546+0000][8][gc,task     ] GC(32) Using 5 workers of 5 for evacuation
[2022-04-25T23:47:50.653+0000][8][gc,age      ] GC(32) Desired survivor size 18874368 bytes, new threshold 15 (max threshold 15)
[2022-04-25T23:47:50.784+0000][8][gc,age      ] GC(32) Age table with threshold 15 (max threshold 15)
[2022-04-25T23:47:50.958+0000][8][gc,age      ] GC(32) - age   1:    6243448 bytes,    6243448 total
[2022-04-25T23:47:50.983+0000][8][gc,age      ] GC(32) - age   2:     188224 bytes,    6431672 total
[2022-04-25T23:47:51.003+0000][8][gc,mmu      ] GC(32) MMU target violated: 201.0ms (200.0ms/201.0ms)
[2022-04-25T23:47:51.031+0000][8][gc,phases   ] GC(32)   Pre Evacuate Collection Set: 0.2ms
[2022-04-25T23:47:51.073+0000][8][gc,phases   ] GC(32)   Merge Heap Roots: 0.2ms
[2022-04-25T23:47:51.085+0000][8][gc,phases   ] GC(32)   Evacuate Collection Set: 55.5ms
[2022-04-25T23:47:51.107+0000][8][gc,phases   ] GC(32)   Post Evacuate Collection Set: 14.6ms
[2022-04-25T23:47:51.172+0000][8][gc,phases   ] GC(32)   Other: 585.5ms
[2022-04-25T23:47:51.214+0000][8][gc,heap     ] GC(32) Eden regions: 65->0(4)
[2022-04-25T23:47:51.235+0000][8][gc,heap     ] GC(32) Survivor regions: 1->2(9)
[2022-04-25T23:47:51.284+0000][8][gc,heap     ] GC(32) Old regions: 23->23
[2022-04-25T23:47:51.305+0000][8][gc,heap     ] GC(32) Archive regions: 2->2
[2022-04-25T23:47:51.313+0000][8][gc,heap     ] GC(32) Humongous regions: 6->6
[2022-04-25T23:47:51.314+0000][8][gc,metaspace] GC(32) Metaspace: 105708K(107264K)->105708K(107264K) NonClass: 91052K(91968K)->91052K(91968K) Class: 14655K(15296K)->14655K(15296K)
[2022-04-25T23:47:51.315+0000][8][gc          ] GC(32) Pause Young (Normal) (G1 Evacuation Pause) 381M->123M(512M) 939.651ms
[2022-04-25T23:47:51.330+0000][8][gc,cpu      ] GC(32) User=0.10s Sys=0.02s Real=0.96s
[2022-04-25T23:47:51.413+0000][8][safepoint   ] Safepoint "G1CollectForAllocation", Time since last: 1693349584 ns, Reaching safepoint: 23883708 ns, At safepoint: 1037306584 ns, Total: 1061190292 ns
[2022-04-25T23:47:51.925+0000][8][safepoint   ] Safepoint "ICBufferFull", Time since last: 465379167 ns, Reaching safepoint: 47045042 ns, At safepoint: 18958 ns, Total: 47064000 ns
[2022-04-25T23:47:52.371+0000][8][gc,start    ] GC(33) Pause Young (Normal) (G1 Evacuation Pause)
[2022-04-25T23:47:52.446+0000][8][gc,task     ] GC(33) Using 5 workers of 5 for evacuation
[2022-04-25T23:47:52.466+0000][8][gc,age      ] GC(33) Desired survivor size 2097152 bytes, new threshold 1 (max threshold 15)
[2022-04-25T23:47:52.567+0000][8][gc,age      ] GC(33) Age table with threshold 1 (max threshold 15)
[2022-04-25T23:47:52.607+0000][8][gc,age      ] GC(33) - age   1:     964424 bytes,     964424 total
[2022-04-25T23:47:52.661+0000][8][gc,phases   ] GC(33)   Pre Evacuate Collection Set: 0.1ms
[2022-04-25T23:47:52.721+0000][8][gc,phases   ] GC(33)   Merge Heap Roots: 0.1ms
[2022-04-25T23:47:52.790+0000][8][gc,phases   ] GC(33)   Evacuate Collection Set: 71.4ms
[2022-04-25T23:47:52.844+0000][8][gc,phases   ] GC(33)   Post Evacuate Collection Set: 24.8ms
[2022-04-25T23:47:52.937+0000][8][gc,phases   ] GC(33)   Other: 194.2ms
[2022-04-25T23:47:52.980+0000][8][gc,heap     ] GC(33) Eden regions: 4->0(50)
[2022-04-25T23:47:53.035+0000][8][gc,heap     ] GC(33) Survivor regions: 2->1(1)
[2022-04-25T23:47:53.066+0000][8][gc,heap     ] GC(33) Old regions: 23->24
[2022-04-25T23:47:53.093+0000][8][gc,heap     ] GC(33) Archive regions: 2->2
[2022-04-25T23:47:53.098+0000][8][gc,heap     ] GC(33) Humongous regions: 6->6
[2022-04-25T23:47:53.130+0000][8][gc,metaspace] GC(33) Metaspace: 107183K(108864K)->107183K(108864K) NonClass: 92252K(93248K)->92252K(93248K) Class: 14930K(15616K)->14930K(15616K)
[2022-04-25T23:47:53.145+0000][8][gc          ] GC(33) Pause Young (Normal) (G1 Evacuation Pause) 139M->124M(512M) 774.136ms
[2022-04-25T23:47:53.208+0000][8][gc,cpu      ] GC(33) User=0.18s Sys=0.02s Real=0.83s
[2022-04-25T23:47:53.241+0000][8][safepoint   ] Safepoint "G1CollectForAllocation", Time since last: 404866417 ns, Reaching safepoint: 40668792 ns, At safepoint: 870625834 ns, Total: 911294626 ns
[2022-04-25T23:47:53.827+0000][8][safepoint   ] Safepoint "ICBufferFull", Time since last: 584957500 ns, Reaching safepoint: 307958 ns, At safepoint: 6250 ns, Total: 314208 ns
[2022-04-25T23:47:54.947+0000][8][safepoint   ] Safepoint "Cleanup", Time since last: 1119353417 ns, Reaching safepoint: 876167 ns, At safepoint: 9667 ns, Total: 885834 ns
[2022-04-25T23:47:58.112+0000][8][safepoint   ] Safepoint "Cleanup", Time since last: 3165247334 ns, Reaching safepoint: 87542 ns, At safepoint: 3625 ns, Total: 91167 ns
[2022-04-25T23:47:59.141+0000][8][safepoint   ] Safepoint "Cleanup", Time since last: 1026885209 ns, Reaching safepoint: 1656583 ns, At safepoint: 9792 ns, Total: 1666375 ns
[2022-04-25T23:48:00.146+0000][8][safepoint   ] Safepoint "Cleanup", Time since last: 1004619959 ns, Reaching safepoint: 138500 ns, At safepoint: 5791 ns, Total: 144291 ns
[2022-04-25T23:48:01.358+0000][8][safepoint   ] Safepoint "Cleanup", Time since last: 1203462334 ns, Reaching safepoint: 8773125 ns, At safepoint: 16875 ns, Total: 8790000 ns
[2022-04-25T23:48:02.462+0000][8][safepoint   ] Safepoint "ICBufferFull", Time since last: 1092841126 ns, Reaching safepoint: 11609375 ns, At safepoint: 16458 ns, Total: 11625833 ns
[2022-04-25T23:48:03.586+0000][8][safepoint   ] Safepoint "Cleanup", Time since last: 1123933126 ns, Reaching safepoint: 204000 ns, At safepoint: 6375 ns, Total: 210375 ns
[2022-04-25T23:48:04.785+0000][8][safepoint   ] Safepoint "Cleanup", Time since last: 1198704084 ns, Reaching safepoint: 98916 ns, At safepoint: 5625 ns, Total: 104541 ns
[2022-04-25T23:48:06.275+0000][8][safepoint   ] Safepoint "Cleanup", Time since last: 1103806959 ns, Reaching safepoint: 383969250 ns, At safepoint: 2002084 ns, Total: 385971334 ns
[2022-04-25T23:48:07.680+0000][8][safepoint   ] Safepoint "Cleanup", Time since last: 1362626917 ns, Reaching safepoint: 35906750 ns, At safepoint: 6097375 ns, Total: 42004125 ns
[2022-04-25T23:48:08.837+0000][8][safepoint   ] Safepoint "Cleanup", Time since last: 1063769917 ns, Reaching safepoint: 90404709 ns, At safepoint: 3023333 ns, Total: 93428042 ns
[2022-04-25T23:48:09.969+0000][8][safepoint   ] Safepoint "Cleanup", Time since last: 1125587084 ns, Reaching safepoint: 6325375 ns, At safepoint: 11208 ns, Total: 6336583 ns
[2022-04-25T23:48:11.285+0000][8][safepoint   ] Safepoint "Cleanup", Time since last: 1186198709 ns, Reaching safepoint: 130041833 ns, At safepoint: 18375 ns, Total: 130060208 ns
[2022-04-25T23:48:12.393+0000][8][safepoint   ] Safepoint "Cleanup", Time since last: 1100912918 ns, Reaching safepoint: 7279583 ns, At safepoint: 16750 ns, Total: 7296333 ns
[2022-04-25T23:48:13.563+0000][8][safepoint   ] Safepoint "Cleanup", Time since last: 1165260417 ns, Reaching safepoint: 4772625 ns, At safepoint: 23959 ns, Total: 4796584 ns
[2022-04-25T23:48:14.615+0000][8][safepoint   ] Safepoint "Cleanup", Time since last: 1051901042 ns, Reaching safepoint: 96291 ns, At safepoint: 3417 ns, Total: 99708 ns
[2022-04-25T23:48:15.698+0000][8][safepoint   ] Safepoint "Cleanup", Time since last: 1082333584 ns, Reaching safepoint: 72208 ns, At safepoint: 2959 ns, Total: 75167 ns
[2022-04-25T23:48:16.837+0000][8][safepoint   ] Safepoint "Cleanup", Time since last: 1081656250 ns, Reaching safepoint: 73809333 ns, At safepoint: 53042 ns, Total: 73862375 ns
[2022-04-25T23:48:17.920+0000][8][safepoint   ] Safepoint "Cleanup", Time since last: 1082658792 ns, Reaching safepoint: 69750 ns, At safepoint: 3750 ns, Total: 73500 ns
[2022-04-25T23:48:19.145+0000][8][safepoint   ] Safepoint "Cleanup", Time since last: 1217558917 ns, Reaching safepoint: 7144000 ns, At safepoint: 23167 ns, Total: 7167167 ns
[2022-04-25T23:48:20.239+0000][8][safepoint   ] Safepoint "Cleanup", Time since last: 1087812959 ns, Reaching safepoint: 6494500 ns, At safepoint: 35375 ns, Total: 6529875 ns
[2022-04-25T23:48:20.865+0000][8][safepoint   ] Safepoint "ICBufferFull", Time since last: 566179625 ns, Reaching safepoint: 60205709 ns, At safepoint: 26833 ns, Total: 60232542 ns
[2022-04-25T23:48:20.981+0000][8][safepoint   ] Safepoint "ICBufferFull", Time since last: 93348042 ns, Reaching safepoint: 22167875 ns, At safepoint: 31541 ns, Total: 22199416 ns
[2022-04-25T23:48:22.806+0000][8][safepoint   ] Safepoint "ICBufferFull", Time since last: 1824625543 ns, Reaching safepoint: 155500 ns, At safepoint: 2708 ns, Total: 158208 ns
[2022-04-25T23:48:24.174+0000][8][safepoint   ] Safepoint "Cleanup", Time since last: 1367900418 ns, Reaching safepoint: 183291 ns, At safepoint: 4042 ns, Total: 187333 ns
[2022-04-25T23:48:25.305+0000][8][safepoint   ] Safepoint "Cleanup", Time since last: 1130783292 ns, Reaching safepoint: 225083 ns, At safepoint: 5250 ns, Total: 230333 ns
[2022-04-25T23:48:26.716+0000][8][safepoint   ] Safepoint "Cleanup", Time since last: 1410592709 ns, Reaching safepoint: 235042 ns, At safepoint: 129750 ns, Total: 364792 ns
[2022-04-25T23:48:27.833+0000][8][safepoint   ] Safepoint "Cleanup", Time since last: 1069029751 ns, Reaching safepoint: 47988291 ns, At safepoint: 417709 ns, Total: 48406000 ns
[2022-04-25T23:48:28.954+0000][8][safepoint   ] Safepoint "Cleanup", Time since last: 1120303208 ns, Reaching safepoint: 133667 ns, At safepoint: 5583 ns, Total: 139250 ns
[2022-04-25T23:48:30.054+0000][8][safepoint   ] Safepoint "Cleanup", Time since last: 1100446501 ns, Reaching safepoint: 153458 ns, At safepoint: 3042 ns, Total: 156500 ns
[2022-04-25T23:48:31.195+0000][8][safepoint   ] Safepoint "Cleanup", Time since last: 1140378709 ns, Reaching safepoint: 84750 ns, At safepoint: 3583 ns, Total: 88333 ns
[2022-04-25T23:48:32.511+0000][8][safepoint   ] Safepoint "Cleanup", Time since last: 1101295001 ns, Reaching safepoint: 161404708 ns, At safepoint: 53608459 ns, Total: 215013167 ns
[2022-04-25T23:48:33.666+0000][8][safepoint   ] Safepoint "Cleanup", Time since last: 1154719708 ns, Reaching safepoint: 108625 ns, At safepoint: 3334 ns, Total: 111959 ns
[2022-04-25T23:48:34.725+0000][8][safepoint   ] Safepoint "Cleanup", Time since last: 1048563875 ns, Reaching safepoint: 10457959 ns, At safepoint: 22291 ns, Total: 10480250 ns
[2022-04-25T23:48:35.934+0000][8][safepoint   ] Safepoint "Cleanup", Time since last: 1207686126 ns, Reaching safepoint: 1819416 ns, At safepoint: 12542 ns, Total: 1831958 ns
[2022-04-25T23:48:37.974+0000][8][safepoint   ] Safepoint "Cleanup", Time since last: 2039067876 ns, Reaching safepoint: 239167 ns, At safepoint: 19041 ns, Total: 258208 ns
[2022-04-25T23:48:40.029+0000][8][safepoint   ] Safepoint "Cleanup", Time since last: 2055554293 ns, Reaching safepoint: 87375 ns, At safepoint: 3667 ns, Total: 91042 ns
[2022-04-25T23:48:41.170+0000][8][safepoint   ] Safepoint "Cleanup", Time since last: 1140419750 ns, Reaching safepoint: 267125 ns, At safepoint: 6084 ns, Total: 273209 ns
[2022-04-25T23:48:42.299+0000][8][safepoint   ] Safepoint "Cleanup", Time since last: 1129334167 ns, Reaching safepoint: 80958 ns, At safepoint: 3792 ns, Total: 84750 ns
[2022-04-25T23:48:43.475+0000][8][safepoint   ] Safepoint "Cleanup", Time since last: 1175378042 ns, Reaching safepoint: 146292 ns, At safepoint: 5375 ns, Total: 151667 ns
[2022-04-25T23:48:44.662+0000][8][safepoint   ] Safepoint "Cleanup", Time since last: 1178355500 ns, Reaching safepoint: 8683542 ns, At safepoint: 35375 ns, Total: 8718917 ns
[2022-04-25T23:48:45.482+0000][8][gc,start    ] GC(34) Pause Young (Normal) (G1 Evacuation Pause)
[2022-04-25T23:48:45.538+0000][8][gc,task     ] GC(34) Using 5 workers of 5 for evacuation
[2022-04-25T23:48:45.598+0000][8][gc,age      ] GC(34) Desired survivor size 14680064 bytes, new threshold 15 (max threshold 15)
[2022-04-25T23:48:45.745+0000][8][gc,age      ] GC(34) Age table with threshold 15 (max threshold 15)
[2022-04-25T23:48:46.082+0000][8][gc,age      ] GC(34) - age   1:   10963152 bytes,   10963152 total
[2022-04-25T23:48:46.243+0000][8][gc,age      ] GC(34) - age   2:     657544 bytes,   11620696 total
[2022-04-25T23:48:46.336+0000][8][gc,mmu      ] GC(34) MMU target violated: 201.0ms (200.0ms/201.0ms)
[2022-04-25T23:48:46.408+0000][8][gc,phases   ] GC(34)   Pre Evacuate Collection Set: 0.2ms
[2022-04-25T23:48:46.448+0000][8][gc,phases   ] GC(34)   Merge Heap Roots: 0.2ms
[2022-04-25T23:48:46.472+0000][8][gc,phases   ] GC(34)   Evacuate Collection Set: 79.8ms
[2022-04-25T23:48:46.485+0000][8][gc,phases   ] GC(34)   Post Evacuate Collection Set: 21.3ms
[2022-04-25T23:48:46.522+0000][8][gc,phases   ] GC(34)   Other: 825.0ms
[2022-04-25T23:48:46.548+0000][8][gc,heap     ] GC(34) Eden regions: 50->0(3)
[2022-04-25T23:48:46.549+0000][8][gc,heap     ] GC(34) Survivor regions: 1->3(7)
[2022-04-25T23:48:46.550+0000][8][gc,heap     ] GC(34) Old regions: 24->24
[2022-04-25T23:48:46.552+0000][8][gc,heap     ] GC(34) Archive regions: 2->2
[2022-04-25T23:48:46.554+0000][8][gc,heap     ] GC(34) Humongous regions: 6->6
[2022-04-25T23:48:46.556+0000][8][gc,metaspace] GC(34) Metaspace: 110039K(111872K)->110039K(111872K) NonClass: 94804K(95872K)->94804K(95872K) Class: 15234K(16000K)->15234K(16000K)
[2022-04-25T23:48:46.558+0000][8][gc          ] GC(34) Pause Young (Normal) (G1 Evacuation Pause) 324M->134M(512M) 1076.515ms
[2022-04-25T23:48:46.559+0000][8][gc,cpu      ] GC(34) User=0.17s Sys=0.01s Real=1.08s
[2022-04-25T23:48:46.563+0000][8][safepoint   ] Safepoint "G1CollectForAllocation", Time since last: 819534667 ns, Reaching safepoint: 59667 ns, At safepoint: 1081397208 ns, Total: 1081456875 ns
[2022-04-25T23:48:47.648+0000][8][safepoint   ] Safepoint "Cleanup", Time since last: 1041456625 ns, Reaching safepoint: 43614917 ns, At safepoint: 44125 ns, Total: 43659042 ns
[2022-04-25T23:48:48.762+0000][8][safepoint   ] Safepoint "Cleanup", Time since last: 1114117001 ns, Reaching safepoint: 238875 ns, At safepoint: 6541 ns, Total: 245416 ns
[2022-04-25T23:48:49.842+0000][8][safepoint   ] Safepoint "Cleanup", Time since last: 1079354709 ns, Reaching safepoint: 315167 ns, At safepoint: 20500 ns, Total: 335667 ns
[2022-04-25T23:48:50.906+0000][8][safepoint   ] Safepoint "Cleanup", Time since last: 1064564000 ns, Reaching safepoint: 86459 ns, At safepoint: 4791 ns, Total: 91250 ns
[2022-04-25T23:48:54.295+0000][8][gc,start    ] GC(35) Pause Young (Normal) (G1 Evacuation Pause)
[2022-04-25T23:48:54.297+0000][8][gc,task     ] GC(35) Using 5 workers of 5 for evacuation
[2022-04-25T23:48:54.302+0000][8][gc,age      ] GC(35) Desired survivor size 2097152 bytes, new threshold 1 (max threshold 15)
[2022-04-25T23:48:54.315+0000][8][gc,age      ] GC(35) Age table with threshold 1 (max threshold 15)
[2022-04-25T23:48:54.317+0000][8][gc,age      ] GC(35) - age   1:    2341288 bytes,    2341288 total
[2022-04-25T23:48:54.318+0000][8][gc,phases   ] GC(35)   Pre Evacuate Collection Set: 0.5ms
[2022-04-25T23:48:54.320+0000][8][gc,phases   ] GC(35)   Merge Heap Roots: 0.9ms
[2022-04-25T23:48:54.322+0000][8][gc,phases   ] GC(35)   Evacuate Collection Set: 8.7ms
[2022-04-25T23:48:54.324+0000][8][gc,phases   ] GC(35)   Post Evacuate Collection Set: 1.7ms
[2022-04-25T23:48:54.325+0000][8][gc,phases   ] GC(35)   Other: 11.7ms
[2022-04-25T23:48:54.327+0000][8][gc,heap     ] GC(35) Eden regions: 3->0(5)
[2022-04-25T23:48:54.329+0000][8][gc,heap     ] GC(35) Survivor regions: 3->1(1)
[2022-04-25T23:48:54.330+0000][8][gc,heap     ] GC(35) Old regions: 24->26
[2022-04-25T23:48:54.332+0000][8][gc,heap     ] GC(35) Archive regions: 2->2
[2022-04-25T23:48:54.333+0000][8][gc,heap     ] GC(35) Humongous regions: 6->6
[2022-04-25T23:48:54.334+0000][8][gc,metaspace] GC(35) Metaspace: 110068K(111872K)->110068K(111872K) NonClass: 94833K(95872K)->94833K(95872K) Class: 15234K(16000K)->15234K(16000K)
[2022-04-25T23:48:54.336+0000][8][gc          ] GC(35) Pause Young (Normal) (G1 Evacuation Pause) 145M->133M(512M) 40.557ms
[2022-04-25T23:48:54.337+0000][8][gc,cpu      ] GC(35) User=0.02s Sys=0.01s Real=0.04s
[2022-04-25T23:48:54.338+0000][8][safepoint   ] Safepoint "G1CollectForAllocation", Time since last: 3388458419 ns, Reaching safepoint: 78666 ns, At safepoint: 43286084 ns, Total: 43364750 ns
[2022-04-25T23:48:55.343+0000][8][safepoint   ] Safepoint "Cleanup", Time since last: 1001700083 ns, Reaching safepoint: 3478750 ns, At safepoint: 29125 ns, Total: 3507875 ns
[2022-04-25T23:48:56.398+0000][8][safepoint   ] Safepoint "Cleanup", Time since last: 1054354334 ns, Reaching safepoint: 97167 ns, At safepoint: 3667 ns, Total: 100834 ns
[2022-04-25T23:48:58.746+0000][8][safepoint   ] Safepoint "Cleanup", Time since last: 2348261501 ns, Reaching safepoint: 120208 ns, At safepoint: 5792 ns, Total: 126000 ns
[2022-04-25T23:48:59.909+0000][8][safepoint   ] Safepoint "Cleanup", Time since last: 1162469042 ns, Reaching safepoint: 66000 ns, At safepoint: 3250 ns, Total: 69250 ns
[2022-04-25T23:49:02.163+0000][8][safepoint   ] Safepoint "Cleanup", Time since last: 2253748459 ns, Reaching safepoint: 96542 ns, At safepoint: 3917 ns, Total: 100459 ns
[2022-04-25T23:49:03.246+0000][8][safepoint   ] Safepoint "Cleanup", Time since last: 1083687459 ns, Reaching safepoint: 79208 ns, At safepoint: 3083 ns, Total: 82291 ns
[2022-04-25T23:49:04.312+0000][8][gc,start    ] GC(36) Pause Young (Normal) (G1 Evacuation Pause)
[2022-04-25T23:49:04.333+0000][8][gc,task     ] GC(36) Using 5 workers of 5 for evacuation
[2022-04-25T23:49:04.338+0000][8][gc,age      ] GC(36) Desired survivor size 2097152 bytes, new threshold 1 (max threshold 15)
[2022-04-25T23:49:04.344+0000][8][gc,age      ] GC(36) Age table with threshold 1 (max threshold 15)
[2022-04-25T23:49:04.345+0000][8][gc,age      ] GC(36) - age   1:    3629064 bytes,    3629064 total
[2022-04-25T23:49:04.347+0000][8][gc,phases   ] GC(36)   Pre Evacuate Collection Set: 0.6ms
[2022-04-25T23:49:04.349+0000][8][gc,phases   ] GC(36)   Merge Heap Roots: 0.2ms
[2022-04-25T23:49:04.351+0000][8][gc,phases   ] GC(36)   Evacuate Collection Set: 1.9ms
[2022-04-25T23:49:04.352+0000][8][gc,phases   ] GC(36)   Post Evacuate Collection Set: 0.9ms
[2022-04-25T23:49:04.353+0000][8][gc,phases   ] GC(36)   Other: 31.7ms
[2022-04-25T23:49:04.354+0000][8][gc,heap     ] GC(36) Eden regions: 5->0(5)
[2022-04-25T23:49:04.357+0000][8][gc,heap     ] GC(36) Survivor regions: 1->1(1)
[2022-04-25T23:49:04.358+0000][8][gc,heap     ] GC(36) Old regions: 26->26
[2022-04-25T23:49:04.360+0000][8][gc,heap     ] GC(36) Archive regions: 2->2
[2022-04-25T23:49:04.363+0000][8][gc,heap     ] GC(36) Humongous regions: 6->6
[2022-04-25T23:49:04.365+0000][8][gc,metaspace] GC(36) Metaspace: 110133K(111936K)->110133K(111936K) NonClass: 94898K(95936K)->94898K(95936K) Class: 15234K(16000K)->15234K(16000K)
[2022-04-25T23:49:04.367+0000][8][gc          ] GC(36) Pause Young (Normal) (G1 Evacuation Pause) 152M->134M(512M) 54.966ms
[2022-04-25T23:49:04.370+0000][8][gc,cpu      ] GC(36) User=0.01s Sys=0.01s Real=0.05s
[2022-04-25T23:49:04.373+0000][8][safepoint   ] Safepoint "G1CollectForAllocation", Time since last: 1046828334 ns, Reaching safepoint: 18850583 ns, At safepoint: 60600334 ns, Total: 79450917 ns
[2022-04-25T23:49:05.399+0000][8][safepoint   ] Safepoint "ICBufferFull", Time since last: 1000334125 ns, Reaching safepoint: 26217125 ns, At safepoint: 14917 ns, Total: 26232042 ns
[2022-04-25T23:49:05.492+0000][8][safepoint   ] Safepoint "ICBufferFull", Time since last: 78425292 ns, Reaching safepoint: 14155333 ns, At safepoint: 16208 ns, Total: 14171541 ns
[2022-04-25T23:49:06.583+0000][8][safepoint   ] Safepoint "Cleanup", Time since last: 1087393709 ns, Reaching safepoint: 3152083 ns, At safepoint: 941500 ns, Total: 4093583 ns
[2022-04-25T23:49:07.096+0000][8][gc,start    ] GC(37) Pause Young (Normal) (G1 Evacuation Pause)
[2022-04-25T23:49:07.165+0000][8][gc,task     ] GC(37) Using 5 workers of 5 for evacuation
[2022-04-25T23:49:07.220+0000][8][gc,age      ] GC(37) Desired survivor size 2097152 bytes, new threshold 1 (max threshold 15)
[2022-04-25T23:49:07.414+0000][8][gc,age      ] GC(37) Age table with threshold 1 (max threshold 15)
[2022-04-25T23:49:07.445+0000][8][gc,age      ] GC(37) - age   1:    3560352 bytes,    3560352 total
[2022-04-25T23:49:07.480+0000][8][gc,mmu      ] GC(37) MMU target violated: 201.0ms (200.0ms/201.0ms)
[2022-04-25T23:49:07.521+0000][8][gc,phases   ] GC(37)   Pre Evacuate Collection Set: 25.3ms
[2022-04-25T23:49:07.559+0000][8][gc,phases   ] GC(37)   Merge Heap Roots: 0.4ms
[2022-04-25T23:49:07.578+0000][8][gc,phases   ] GC(37)   Evacuate Collection Set: 90.7ms
[2022-04-25T23:49:07.688+0000][8][gc,phases   ] GC(37)   Post Evacuate Collection Set: 0.9ms
[2022-04-25T23:49:07.712+0000][8][gc,phases   ] GC(37)   Other: 307.3ms
[2022-04-25T23:49:07.747+0000][8][gc,heap     ] GC(37) Eden regions: 5->0(5)
[2022-04-25T23:49:07.879+0000][8][gc,heap     ] GC(37) Survivor regions: 1->1(1)
[2022-04-25T23:49:07.912+0000][8][gc,heap     ] GC(37) Old regions: 26->27
[2022-04-25T23:49:07.930+0000][8][gc,heap     ] GC(37) Archive regions: 2->2
[2022-04-25T23:49:07.970+0000][8][gc,heap     ] GC(37) Humongous regions: 6->6
[2022-04-25T23:49:08.015+0000][8][gc,metaspace] GC(37) Metaspace: 110561K(112448K)->110561K(112448K) NonClass: 95285K(96384K)->95285K(96384K) Class: 15276K(16064K)->15276K(16064K)
[2022-04-25T23:49:08.048+0000][8][gc          ] GC(37) Pause Young (Normal) (G1 Evacuation Pause) 154M->136M(512M) 951.342ms
[2022-04-25T23:49:08.088+0000][8][gc,cpu      ] GC(37) User=0.22s Sys=0.06s Real=0.99s
[2022-04-25T23:49:08.126+0000][8][safepoint   ] Safepoint "G1CollectForAllocation", Time since last: 494757917 ns, Reaching safepoint: 18076125 ns, At safepoint: 1029624751 ns, Total: 1047700876 ns
[2022-04-25T23:49:09.238+0000][8][safepoint   ] Safepoint "Cleanup", Time since last: 1070924250 ns, Reaching safepoint: 20535125 ns, At safepoint: 21088792 ns, Total: 41623917 ns
[2022-04-25T23:49:10.319+0000][8][safepoint   ] Safepoint "Cleanup", Time since last: 1065904709 ns, Reaching safepoint: 13064458 ns, At safepoint: 1468167 ns, Total: 14532625 ns
[2022-04-25T23:49:11.358+0000][8][safepoint   ] Safepoint "Cleanup", Time since last: 1039358459 ns, Reaching safepoint: 93291 ns, At safepoint: 3084 ns, Total: 96375 ns
[2022-04-25T23:49:12.229+0000][8][gc,start    ] GC(38) Pause Young (Normal) (G1 Evacuation Pause)
[2022-04-25T23:49:12.234+0000][8][gc,task     ] GC(38) Using 5 workers of 5 for evacuation
[2022-04-25T23:49:12.243+0000][8][gc,age      ] GC(38) Desired survivor size 2097152 bytes, new threshold 1 (max threshold 15)
[2022-04-25T23:49:12.250+0000][8][gc,age      ] GC(38) Age table with threshold 1 (max threshold 15)
[2022-04-25T23:49:12.252+0000][8][gc,age      ] GC(38) - age   1:     103056 bytes,     103056 total
[2022-04-25T23:49:12.257+0000][8][gc,phases   ] GC(38)   Pre Evacuate Collection Set: 0.2ms
[2022-04-25T23:49:12.290+0000][8][gc,phases   ] GC(38)   Merge Heap Roots: 0.2ms
[2022-04-25T23:49:12.327+0000][8][gc,phases   ] GC(38)   Evacuate Collection Set: 2.0ms
[2022-04-25T23:49:12.399+0000][8][gc,phases   ] GC(38)   Post Evacuate Collection Set: 1.5ms
[2022-04-25T23:49:12.469+0000][8][gc,phases   ] GC(38)   Other: 24.2ms
[2022-04-25T23:49:12.483+0000][8][gc,heap     ] GC(38) Eden regions: 5->0(5)
[2022-04-25T23:49:12.514+0000][8][gc,heap     ] GC(38) Survivor regions: 1->1(1)
[2022-04-25T23:49:12.669+0000][8][gc,heap     ] GC(38) Old regions: 27->28
[2022-04-25T23:49:12.736+0000][8][gc,heap     ] GC(38) Archive regions: 2->2
[2022-04-25T23:49:12.773+0000][8][gc,heap     ] GC(38) Humongous regions: 6->6
[2022-04-25T23:49:12.792+0000][8][gc,metaspace] GC(38) Metaspace: 110705K(112576K)->110705K(112576K) NonClass: 95428K(96512K)->95428K(96512K) Class: 15276K(16064K)->15276K(16064K)
[2022-04-25T23:49:12.815+0000][8][gc          ] GC(38) Pause Young (Normal) (G1 Evacuation Pause) 156M->137M(512M) 586.166ms
[2022-04-25T23:49:12.831+0000][8][gc,cpu      ] GC(38) User=0.04s Sys=0.02s Real=0.60s
[2022-04-25T23:49:12.879+0000][8][safepoint   ] Safepoint "G1CollectForAllocation", Time since last: 870835083 ns, Reaching safepoint: 94375 ns, At safepoint: 650000709 ns, Total: 650095084 ns
[2022-04-25T23:49:13.908+0000][8][safepoint   ] Safepoint "Cleanup", Time since last: 1028876584 ns, Reaching safepoint: 124208 ns, At safepoint: 4125 ns, Total: 128333 ns
[2022-04-25T23:49:14.983+0000][8][safepoint   ] Safepoint "Cleanup", Time since last: 1065795542 ns, Reaching safepoint: 8871750 ns, At safepoint: 39000 ns, Total: 8910750 ns
[2022-04-25T23:49:16.132+0000][8][safepoint   ] Safepoint "Cleanup", Time since last: 1123805001 ns, Reaching safepoint: 16489333 ns, At safepoint: 9065292 ns, Total: 25554625 ns
[2022-04-25T23:49:17.211+0000][8][safepoint   ] Safepoint "Cleanup", Time since last: 1060672209 ns, Reaching safepoint: 12056875 ns, At safepoint: 33333 ns, Total: 12090208 ns
[2022-04-25T23:49:18.267+0000][8][gc,start    ] GC(39) Pause Young (Normal) (G1 Evacuation Pause)
[2022-04-25T23:49:18.489+0000][8][gc,task     ] GC(39) Using 5 workers of 5 for evacuation
[2022-04-25T23:49:18.632+0000][8][gc,age      ] GC(39) Desired survivor size 2097152 bytes, new threshold 15 (max threshold 15)
[2022-04-25T23:49:18.730+0000][8][gc,age      ] GC(39) Age table with threshold 15 (max threshold 15)
[2022-04-25T23:49:18.765+0000][8][gc,age      ] GC(39) - age   1:    3952240 bytes,    3952240 total
[2022-04-25T23:49:18.832+0000][8][gc,age      ] GC(39) - age   2:      78896 bytes,    4031136 total
[2022-04-25T23:49:18.890+0000][8][gc,mmu      ] GC(39) MMU target violated: 201.0ms (200.0ms/201.0ms)
[2022-04-25T23:49:18.951+0000][8][gc,phases   ] GC(39)   Pre Evacuate Collection Set: 0.5ms
[2022-04-25T23:49:19.009+0000][8][gc,phases   ] GC(39)   Merge Heap Roots: 0.3ms
[2022-04-25T23:49:19.056+0000][8][gc,phases   ] GC(39)   Evacuate Collection Set: 29.4ms
[2022-04-25T23:49:19.107+0000][8][gc,phases   ] GC(39)   Post Evacuate Collection Set: 12.8ms
[2022-04-25T23:49:19.150+0000][8][gc,phases   ] GC(39)   Other: 641.5ms
[2022-04-25T23:49:19.208+0000][8][gc,heap     ] GC(39) Eden regions: 5->0(5)
[2022-04-25T23:49:19.266+0000][8][gc,heap     ] GC(39) Survivor regions: 1->1(1)
[2022-04-25T23:49:19.271+0000][8][gc,heap     ] GC(39) Old regions: 28->28
[2022-04-25T23:49:19.299+0000][8][gc,heap     ] GC(39) Archive regions: 2->2
[2022-04-25T23:49:19.331+0000][8][gc,heap     ] GC(39) Humongous regions: 6->6
[2022-04-25T23:49:19.346+0000][8][gc,metaspace] GC(39) Metaspace: 110783K(112640K)->110783K(112640K) NonClass: 95505K(96576K)->95505K(96576K) Class: 15277K(16064K)->15277K(16064K)
[2022-04-25T23:49:19.364+0000][8][gc          ] GC(39) Pause Young (Normal) (G1 Evacuation Pause) 157M->141M(512M) 1096.766ms
[2022-04-25T23:49:19.373+0000][8][gc,cpu      ] GC(39) User=0.12s Sys=0.05s Real=1.11s
[2022-04-25T23:49:19.392+0000][8][safepoint   ] Safepoint "G1CollectForAllocation", Time since last: 1047126209 ns, Reaching safepoint: 8757708 ns, At safepoint: 1125795959 ns, Total: 1134553667 ns
[2022-04-25T23:49:20.423+0000][8][safepoint   ] Safepoint "Cleanup", Time since last: 1018445626 ns, Reaching safepoint: 12076541 ns, At safepoint: 14709 ns, Total: 12091250 ns
[2022-04-25T23:49:21.462+0000][8][safepoint   ] Safepoint "Cleanup", Time since last: 1038856250 ns, Reaching safepoint: 588709 ns, At safepoint: 5166 ns, Total: 593875 ns
[2022-04-25T23:49:22.089+0000][8][gc,start    ] GC(40) Pause Young (Normal) (G1 Evacuation Pause)
[2022-04-25T23:49:22.131+0000][8][gc,task     ] GC(40) Using 5 workers of 5 for evacuation
[2022-04-25T23:49:22.148+0000][8][gc,age      ] GC(40) Desired survivor size 2097152 bytes, new threshold 1 (max threshold 15)
[2022-04-25T23:49:22.194+0000][8][gc,age      ] GC(40) Age table with threshold 1 (max threshold 15)
[2022-04-25T23:49:22.221+0000][8][gc,age      ] GC(40) - age   1:    2185832 bytes,    2185832 total
[2022-04-25T23:49:22.227+0000][8][gc,phases   ] GC(40)   Pre Evacuate Collection Set: 0.6ms
[2022-04-25T23:49:22.248+0000][8][gc,phases   ] GC(40)   Merge Heap Roots: 0.1ms
[2022-04-25T23:49:22.278+0000][8][gc,phases   ] GC(40)   Evacuate Collection Set: 25.3ms
[2022-04-25T23:49:22.305+0000][8][gc,phases   ] GC(40)   Post Evacuate Collection Set: 2.0ms
[2022-04-25T23:49:22.323+0000][8][gc,phases   ] GC(40)   Other: 110.8ms
[2022-04-25T23:49:22.345+0000][8][gc,heap     ] GC(40) Eden regions: 5->0(34)
[2022-04-25T23:49:22.384+0000][8][gc,heap     ] GC(40) Survivor regions: 1->1(1)
[2022-04-25T23:49:22.432+0000][8][gc,heap     ] GC(40) Old regions: 28->28
[2022-04-25T23:49:22.451+0000][8][gc,heap     ] GC(40) Archive regions: 2->2
[2022-04-25T23:49:22.464+0000][8][gc,heap     ] GC(40) Humongous regions: 6->6
[2022-04-25T23:49:22.480+0000][8][gc,metaspace] GC(40) Metaspace: 110833K(112704K)->110833K(112704K) NonClass: 95555K(96640K)->95555K(96640K) Class: 15277K(16064K)->15277K(16064K)
[2022-04-25T23:49:22.509+0000][8][gc          ] GC(40) Pause Young (Normal) (G1 Evacuation Pause) 161M->140M(512M) 420.250ms
[2022-04-25T23:49:22.539+0000][8][gc,cpu      ] GC(40) User=0.06s Sys=0.02s Real=0.44s
[2022-04-25T23:49:22.598+0000][8][safepoint   ] Safepoint "G1CollectForAllocation", Time since last: 626081084 ns, Reaching safepoint: 82125 ns, At safepoint: 509101333 ns, Total: 509183458 ns
[2022-04-25T23:49:23.625+0000][8][safepoint   ] Safepoint "Cleanup", Time since last: 1019000376 ns, Reaching safepoint: 7610542 ns, At safepoint: 403375 ns, Total: 8013917 ns
[2022-04-25T23:49:24.704+0000][8][safepoint   ] Safepoint "Cleanup", Time since last: 1073370167 ns, Reaching safepoint: 5543208 ns, At safepoint: 16792 ns, Total: 5560000 ns
[2022-04-25T23:49:25.743+0000][8][safepoint   ] Safepoint "Cleanup", Time since last: 1028522750 ns, Reaching safepoint: 10810167 ns, At safepoint: 15375 ns, Total: 10825542 ns
[2022-04-25T23:49:26.803+0000][8][safepoint   ] Safepoint "Cleanup", Time since last: 1056937459 ns, Reaching safepoint: 2784375 ns, At safepoint: 13291 ns, Total: 2797666 ns
[2022-04-25T23:49:27.823+0000][8][safepoint   ] Safepoint "Cleanup", Time since last: 1019837168 ns, Reaching safepoint: 100541 ns, At safepoint: 5542 ns, Total: 106083 ns
[2022-04-25T23:49:28.857+0000][8][safepoint   ] Safepoint "Cleanup", Time since last: 1034182667 ns, Reaching safepoint: 90750 ns, At safepoint: 3417 ns, Total: 94167 ns
[2022-04-25T23:49:30.038+0000][8][safepoint   ] Safepoint "Cleanup", Time since last: 1180521500 ns, Reaching safepoint: 57417 ns, At safepoint: 2708 ns, Total: 60125 ns
[2022-04-25T23:49:31.141+0000][8][safepoint   ] Safepoint "Cleanup", Time since last: 1103439084 ns, Reaching safepoint: 68125 ns, At safepoint: 3167 ns, Total: 71292 ns
[2022-04-25T23:49:32.256+0000][8][safepoint   ] Safepoint "Cleanup", Time since last: 1114935417 ns, Reaching safepoint: 76500 ns, At safepoint: 3333 ns, Total: 79833 ns
[2022-04-25T23:49:33.956+0000][8][safepoint   ] Safepoint "Cleanup", Time since last: 1700264084 ns, Reaching safepoint: 152917 ns, At safepoint: 5667 ns, Total: 158584 ns
[2022-04-25T23:49:36.123+0000][8][safepoint   ] Safepoint "Cleanup", Time since last: 2166743626 ns, Reaching safepoint: 124375 ns, At safepoint: 5500 ns, Total: 129875 ns
[2022-04-25T23:49:37.269+0000][8][safepoint   ] Safepoint "Cleanup", Time since last: 1145515875 ns, Reaching safepoint: 122459 ns, At safepoint: 4083 ns, Total: 126542 ns
[2022-04-25T23:49:38.567+0000][8][safepoint   ] Safepoint "Cleanup", Time since last: 1145015042 ns, Reaching safepoint: 137709042 ns, At safepoint: 15771083 ns, Total: 153480125 ns
[2022-04-25T23:49:39.788+0000][8][safepoint   ] Safepoint "Cleanup", Time since last: 1220230501 ns, Reaching safepoint: 108292 ns, At safepoint: 3916 ns, Total: 112208 ns
[2022-04-25T23:49:41.042+0000][8][safepoint   ] Safepoint "Cleanup", Time since last: 1239255042 ns, Reaching safepoint: 14905584 ns, At safepoint: 10917 ns, Total: 14916501 ns
[2022-04-25T23:49:42.212+0000][8][safepoint   ] Safepoint "Cleanup", Time since last: 1150509833 ns, Reaching safepoint: 19295209 ns, At safepoint: 247833 ns, Total: 19543042 ns
[2022-04-25T23:49:43.279+0000][8][safepoint   ] Safepoint "Cleanup", Time since last: 1066399251 ns, Reaching safepoint: 229583 ns, At safepoint: 5042 ns, Total: 234625 ns
[2022-04-25T23:49:44.367+0000][8][safepoint   ] Safepoint "Cleanup", Time since last: 1087938000 ns, Reaching safepoint: 146917 ns, At safepoint: 3541 ns, Total: 150458 ns
[2022-04-25T23:49:45.483+0000][8][safepoint   ] Safepoint "Cleanup", Time since last: 1115743543 ns, Reaching safepoint: 128000 ns, At safepoint: 5625 ns, Total: 133625 ns
[2022-04-25T23:49:46.698+0000][8][safepoint   ] Safepoint "Cleanup", Time since last: 1168061042 ns, Reaching safepoint: 33715374 ns, At safepoint: 94500 ns, Total: 33809874 ns
[2022-04-25T23:49:48.781+0000][8][safepoint   ] Safepoint "Cleanup", Time since last: 2083595585 ns, Reaching safepoint: 109916 ns, At safepoint: 3042 ns, Total: 112958 ns
[2022-04-25T23:49:49.854+0000][8][safepoint   ] Safepoint "Cleanup", Time since last: 1071946667 ns, Reaching safepoint: 287792 ns, At safepoint: 26500 ns, Total: 314292 ns
[2022-04-25T23:49:50.864+0000][8][safepoint   ] Safepoint "Cleanup", Time since last: 1006300042 ns, Reaching safepoint: 3838667 ns, At safepoint: 12833 ns, Total: 3851500 ns
[2022-04-25T23:49:52.445+0000][8][safepoint   ] Safepoint "Cleanup", Time since last: 1521224751 ns, Reaching safepoint: 59817666 ns, At safepoint: 31084 ns, Total: 59848750 ns
[2022-04-25T23:49:53.622+0000][8][safepoint   ] Safepoint "Cleanup", Time since last: 1177309375 ns, Reaching safepoint: 91083 ns, At safepoint: 3959 ns, Total: 95042 ns
[2022-04-25T23:49:55.002+0000][8][safepoint   ] Safepoint "Cleanup", Time since last: 1252817084 ns, Reaching safepoint: 126767291 ns, At safepoint: 87417 ns, Total: 126854708 ns
[2022-04-25T23:49:55.257+0000][8][safepoint   ] Safepoint "ICBufferFull", Time since last: 255167375 ns, Reaching safepoint: 182250 ns, At safepoint: 2917 ns, Total: 185167 ns
[2022-04-25T23:49:56.365+0000][8][safepoint   ] Safepoint "Cleanup", Time since last: 1107990334 ns, Reaching safepoint: 108416 ns, At safepoint: 3542 ns, Total: 111958 ns
[2022-04-25T23:49:57.695+0000][8][safepoint   ] Safepoint "Cleanup", Time since last: 1329709667 ns, Reaching safepoint: 236625 ns, At safepoint: 6875 ns, Total: 243500 ns
[2022-04-25T23:49:58.997+0000][8][safepoint   ] Safepoint "Cleanup", Time since last: 1301555959 ns, Reaching safepoint: 87542 ns, At safepoint: 3375 ns, Total: 90917 ns
[2022-04-25T23:50:00.319+0000][8][safepoint   ] Safepoint "Cleanup", Time since last: 1312855667 ns, Reaching safepoint: 9548625 ns, At safepoint: 12084 ns, Total: 9560709 ns
[2022-04-25T23:50:01.457+0000][8][safepoint   ] Safepoint "Cleanup", Time since last: 1137028209 ns, Reaching safepoint: 182125 ns, At safepoint: 8208 ns, Total: 190333 ns
[2022-04-25T23:50:02.422+0000][8][gc,start    ] GC(41) Pause Young (Normal) (G1 Evacuation Pause)
[2022-04-25T23:50:02.436+0000][8][gc,task     ] GC(41) Using 5 workers of 5 for evacuation
[2022-04-25T23:50:02.438+0000][8][gc,age      ] GC(41) Desired survivor size 10485760 bytes, new threshold 15 (max threshold 15)
[2022-04-25T23:50:02.445+0000][8][gc,age      ] GC(41) Age table with threshold 15 (max threshold 15)
[2022-04-25T23:50:02.446+0000][8][gc,age      ] GC(41) - age   1:    5727408 bytes,    5727408 total
[2022-04-25T23:50:02.448+0000][8][gc,age      ] GC(41) - age   2:      90408 bytes,    5817816 total
[2022-04-25T23:50:02.449+0000][8][gc,phases   ] GC(41)   Pre Evacuate Collection Set: 0.5ms
[2022-04-25T23:50:02.450+0000][8][gc,phases   ] GC(41)   Merge Heap Roots: 0.3ms
[2022-04-25T23:50:02.451+0000][8][gc,phases   ] GC(41)   Evacuate Collection Set: 3.0ms
[2022-04-25T23:50:02.452+0000][8][gc,phases   ] GC(41)   Post Evacuate Collection Set: 0.9ms
[2022-04-25T23:50:02.623+0000][8][gc,phases   ] GC(41)   Other: 22.3ms
[2022-04-25T23:50:02.702+0000][8][gc,heap     ] GC(41) Eden regions: 34->0(53)
[2022-04-25T23:50:02.779+0000][8][gc,heap     ] GC(41) Survivor regions: 1->2(5)
[2022-04-25T23:50:02.959+0000][8][gc,heap     ] GC(41) Old regions: 28->28
[2022-04-25T23:50:03.061+0000][8][gc,heap     ] GC(41) Archive regions: 2->2
[2022-04-25T23:50:03.112+0000][8][gc,heap     ] GC(41) Humongous regions: 6->6
[2022-04-25T23:50:03.206+0000][8][gc,metaspace] GC(41) Metaspace: 111683K(113536K)->111683K(113536K) NonClass: 96404K(97472K)->96404K(97472K) Class: 15278K(16064K)->15278K(16064K)
[2022-04-25T23:50:03.415+0000][8][gc          ] GC(41) Pause Young (Normal) (G1 Evacuation Pause) 276M->143M(512M) 993.298ms
[2022-04-25T23:50:03.478+0000][8][gc,cpu      ] GC(41) User=0.06s Sys=0.02s Real=1.05s
[2022-04-25T23:50:03.544+0000][8][safepoint   ] Safepoint "G1CollectForAllocation", Time since last: 964652042 ns, Reaching safepoint: 438458 ns, At safepoint: 1122195334 ns, Total: 1122633792 ns
[2022-04-25T23:50:04.615+0000][8][safepoint   ] Safepoint "Cleanup", Time since last: 1071268167 ns, Reaching safepoint: 153584 ns, At safepoint: 5916 ns, Total: 159500 ns
[2022-04-25T23:50:05.851+0000][8][safepoint   ] Safepoint "Cleanup", Time since last: 1235593709 ns, Reaching safepoint: 55375 ns, At safepoint: 3334 ns, Total: 58709 ns
[2022-04-25T23:50:07.310+0000][8][safepoint   ] Safepoint "Cleanup", Time since last: 1459258417 ns, Reaching safepoint: 83458 ns, At safepoint: 3292 ns, Total: 86750 ns
[2022-04-25T23:50:08.386+0000][8][safepoint   ] Safepoint "Cleanup", Time since last: 1075044501 ns, Reaching safepoint: 186833 ns, At safepoint: 5875 ns, Total: 192708 ns
[2022-04-25T23:50:09.510+0000][8][safepoint   ] Safepoint "Cleanup", Time since last: 1124457250 ns, Reaching safepoint: 129792 ns, At safepoint: 2958 ns, Total: 132750 ns
[2022-04-25T23:50:10.634+0000][8][safepoint   ] Safepoint "Cleanup", Time since last: 1119272793 ns, Reaching safepoint: 4204291 ns, At safepoint: 9584 ns, Total: 4213875 ns
[2022-04-25T23:50:11.751+0000][8][safepoint   ] Safepoint "Cleanup", Time since last: 1117294667 ns, Reaching safepoint: 114166 ns, At safepoint: 5209 ns, Total: 119375 ns
[2022-04-25T23:50:12.911+0000][8][safepoint   ] Safepoint "Cleanup", Time since last: 1084943084 ns, Reaching safepoint: 75179583 ns, At safepoint: 17958 ns, Total: 75197541 ns
[2022-04-25T23:50:14.140+0000][8][safepoint   ] Safepoint "Cleanup", Time since last: 1204703209 ns, Reaching safepoint: 24046125 ns, At safepoint: 31417 ns, Total: 24077542 ns
[2022-04-25T23:50:15.271+0000][8][safepoint   ] Safepoint "Cleanup", Time since last: 1130467750 ns, Reaching safepoint: 96834 ns, At safepoint: 3333 ns, Total: 100167 ns
[2022-04-25T23:50:16.535+0000][8][safepoint   ] Safepoint "Cleanup", Time since last: 1263986626 ns, Reaching safepoint: 102583 ns, At safepoint: 3125 ns, Total: 105708 ns
[2022-04-25T23:50:17.733+0000][8][safepoint   ] Safepoint "Cleanup", Time since last: 1230026167 ns, Reaching safepoint: 99458 ns, At safepoint: 3042 ns, Total: 102500 ns
[2022-04-25T23:50:18.852+0000][8][safepoint   ] Safepoint "Cleanup", Time since last: 1118981458 ns, Reaching safepoint: 98875 ns, At safepoint: 3750 ns, Total: 102625 ns
[2022-04-25T23:50:20.041+0000][8][safepoint   ] Safepoint "Cleanup", Time since last: 1135836876 ns, Reaching safepoint: 52712542 ns, At safepoint: 44916 ns, Total: 52757458 ns
[2022-04-25T23:50:21.315+0000][8][safepoint   ] Safepoint "Cleanup", Time since last: 1273891334 ns, Reaching safepoint: 113334 ns, At safepoint: 6000 ns, Total: 119334 ns
[2022-04-25T23:50:22.403+0000][8][safepoint   ] Safepoint "Cleanup", Time since last: 1088392459 ns, Reaching safepoint: 73750 ns, At safepoint: 2916 ns, Total: 76666 ns
[2022-04-25T23:50:23.507+0000][8][safepoint   ] Safepoint "Cleanup", Time since last: 1103227459 ns, Reaching safepoint: 115750 ns, At safepoint: 3917 ns, Total: 119667 ns
[2022-04-25T23:50:24.627+0000][8][safepoint   ] Safepoint "Cleanup", Time since last: 1111420209 ns, Reaching safepoint: 8588791 ns, At safepoint: 26042 ns, Total: 8614833 ns
[2022-04-25T23:50:25.699+0000][8][safepoint   ] Safepoint "Cleanup", Time since last: 1071734250 ns, Reaching safepoint: 97625 ns, At safepoint: 5084 ns, Total: 102709 ns
[2022-04-25T23:50:26.703+0000][8][safepoint   ] Safepoint "Cleanup", Time since last: 1004213417 ns, Reaching safepoint: 118458 ns, At safepoint: 2542 ns, Total: 121000 ns
[2022-04-25T23:50:28.056+0000][8][safepoint   ] Safepoint "Cleanup", Time since last: 1216521834 ns, Reaching safepoint: 97528750 ns, At safepoint: 39447875 ns, Total: 136976625 ns
[2022-04-25T23:50:29.209+0000][8][safepoint   ] Safepoint "Cleanup", Time since last: 1152537584 ns, Reaching safepoint: 247208 ns, At safepoint: 7917 ns, Total: 255125 ns
[2022-04-25T23:50:30.446+0000][8][safepoint   ] Safepoint "Cleanup", Time since last: 1192338542 ns, Reaching safepoint: 44192917 ns, At safepoint: 16791 ns, Total: 44209708 ns
[2022-04-25T23:50:32.610+0000][8][safepoint   ] Safepoint "Cleanup", Time since last: 2142138001 ns, Reaching safepoint: 21589334 ns, At safepoint: 16625 ns, Total: 21605959 ns
[2022-04-25T23:50:33.786+0000][8][safepoint   ] Safepoint "Cleanup", Time since last: 1174909709 ns, Reaching safepoint: 1773125 ns, At safepoint: 12541 ns, Total: 1785666 ns
[2022-04-25T23:50:34.964+0000][8][safepoint   ] Safepoint "Cleanup", Time since last: 1177886626 ns, Reaching safepoint: 70625 ns, At safepoint: 3708 ns, Total: 74333 ns
[2022-04-25T23:50:36.291+0000][8][safepoint   ] Safepoint "Cleanup", Time since last: 1325651584 ns, Reaching safepoint: 1611750 ns, At safepoint: 10917 ns, Total: 1622667 ns
[2022-04-25T23:50:37.451+0000][8][safepoint   ] Safepoint "Cleanup", Time since last: 1159497125 ns, Reaching safepoint: 146542 ns, At safepoint: 8208 ns, Total: 154750 ns
[2022-04-25T23:50:38.534+0000][8][safepoint   ] Safepoint "Cleanup", Time since last: 1082457251 ns, Reaching safepoint: 245167 ns, At safepoint: 8208 ns, Total: 253375 ns
[2022-04-25T23:50:39.656+0000][8][safepoint   ] Safepoint "Cleanup", Time since last: 1122106000 ns, Reaching safepoint: 85917 ns, At safepoint: 3750 ns, Total: 89667 ns
[2022-04-25T23:50:40.796+0000][8][safepoint   ] Safepoint "Cleanup", Time since last: 1139574376 ns, Reaching safepoint: 62791 ns, At safepoint: 3709 ns, Total: 66500 ns
[2022-04-25T23:50:41.982+0000][8][safepoint   ] Safepoint "Cleanup", Time since last: 1184366792 ns, Reaching safepoint: 1847708 ns, At safepoint: 254792 ns, Total: 2102500 ns
[2022-04-25T23:50:42.985+0000][8][safepoint   ] Safepoint "Cleanup", Time since last: 1002988917 ns, Reaching safepoint: 80083 ns, At safepoint: 7542 ns, Total: 87625 ns
[2022-04-25T23:50:44.024+0000][8][safepoint   ] Safepoint "Cleanup", Time since last: 1038429292 ns, Reaching safepoint: 184042 ns, At safepoint: 10750 ns, Total: 194792 ns
[2022-04-25T23:50:45.320+0000][8][safepoint   ] Safepoint "Cleanup", Time since last: 1277955000 ns, Reaching safepoint: 18032625 ns, At safepoint: 27000 ns, Total: 18059625 ns
[2022-04-25T23:50:47.717+0000][8][safepoint   ] Safepoint "Cleanup", Time since last: 2354548793 ns, Reaching safepoint: 696291 ns, At safepoint: 7667 ns, Total: 703958 ns
[2022-04-25T23:50:49.089+0000][8][safepoint   ] Safepoint "Cleanup", Time since last: 1157168042 ns, Reaching safepoint: 102635750 ns, At safepoint: 112135125 ns, Total: 214770875 ns
[2022-04-25T23:50:50.180+0000][8][safepoint   ] Safepoint "Cleanup", Time since last: 1091184209 ns, Reaching safepoint: 74917 ns, At safepoint: 3750 ns, Total: 78667 ns
[2022-04-25T23:50:51.232+0000][8][safepoint   ] Safepoint "Cleanup", Time since last: 1050828209 ns, Reaching safepoint: 1723083 ns, At safepoint: 13000 ns, Total: 1736083 ns
[2022-04-25T23:50:52.462+0000][8][safepoint   ] Safepoint "Cleanup", Time since last: 1201728084 ns, Reaching safepoint: 28200708 ns, At safepoint: 45750 ns, Total: 28246458 ns
[2022-04-25T23:50:53.913+0000][8][gc,start    ] GC(42) Pause Young (Normal) (G1 Evacuation Pause)
[2022-04-25T23:50:53.914+0000][8][gc,task     ] GC(42) Using 5 workers of 5 for evacuation
[2022-04-25T23:50:53.915+0000][8][gc,age      ] GC(42) Desired survivor size 14680064 bytes, new threshold 15 (max threshold 15)
[2022-04-25T23:50:53.923+0000][8][gc,age      ] GC(42) Age table with threshold 15 (max threshold 15)
[2022-04-25T23:50:53.924+0000][8][gc,age      ] GC(42) - age   1:    5701256 bytes,    5701256 total
[2022-04-25T23:50:53.925+0000][8][gc,age      ] GC(42) - age   2:     971960 bytes,    6673216 total
[2022-04-25T23:50:53.926+0000][8][gc,age      ] GC(42) - age   3:      89800 bytes,    6763016 total
[2022-04-25T23:50:53.927+0000][8][gc,phases   ] GC(42)   Pre Evacuate Collection Set: 0.1ms
[2022-04-25T23:50:53.930+0000][8][gc,phases   ] GC(42)   Merge Heap Roots: 0.2ms
[2022-04-25T23:50:53.931+0000][8][gc,phases   ] GC(42)   Evacuate Collection Set: 5.4ms
[2022-04-25T23:50:53.932+0000][8][gc,phases   ] GC(42)   Post Evacuate Collection Set: 1.1ms
[2022-04-25T23:50:53.933+0000][8][gc,phases   ] GC(42)   Other: 7.3ms
[2022-04-25T23:50:53.934+0000][8][gc,heap     ] GC(42) Eden regions: 53->0(55)
[2022-04-25T23:50:53.935+0000][8][gc,heap     ] GC(42) Survivor regions: 2->2(7)
[2022-04-25T23:50:53.936+0000][8][gc,heap     ] GC(42) Old regions: 28->28
[2022-04-25T23:50:53.936+0000][8][gc,heap     ] GC(42) Archive regions: 2->2
[2022-04-25T23:50:53.937+0000][8][gc,heap     ] GC(42) Humongous regions: 6->6
[2022-04-25T23:50:53.938+0000][8][gc,metaspace] GC(42) Metaspace: 112296K(114176K)->112296K(114176K) NonClass: 97016K(98112K)->97016K(98112K) Class: 15279K(16064K)->15279K(16064K)
[2022-04-25T23:50:53.939+0000][8][gc          ] GC(42) Pause Young (Normal) (G1 Evacuation Pause) 355M->144M(512M) 26.050ms
[2022-04-25T23:50:53.941+0000][8][gc,cpu      ] GC(42) User=0.02s Sys=0.00s Real=0.02s
[2022-04-25T23:50:53.942+0000][8][safepoint   ] Safepoint "G1CollectForAllocation", Time since last: 1450179126 ns, Reaching safepoint: 611458 ns, At safepoint: 28745459 ns, Total: 29356917 ns
[2022-04-25T23:50:56.020+0000][8][safepoint   ] Safepoint "Cleanup", Time since last: 2050413750 ns, Reaching safepoint: 27822917 ns, At safepoint: 19667 ns, Total: 27842584 ns
[2022-04-25T23:50:58.327+0000][8][safepoint   ] Safepoint "Cleanup", Time since last: 2198612043 ns, Reaching safepoint: 108152750 ns, At safepoint: 120208 ns, Total: 108272958 ns
[2022-04-25T23:50:59.416+0000][8][safepoint   ] Safepoint "Cleanup", Time since last: 1088535875 ns, Reaching safepoint: 66834 ns, At safepoint: 9125 ns, Total: 75959 ns
[2022-04-25T23:51:00.427+0000][8][safepoint   ] Safepoint "Cleanup", Time since last: 1011267959 ns, Reaching safepoint: 152333 ns, At safepoint: 4542 ns, Total: 156875 ns
[2022-04-25T23:51:01.587+0000][8][safepoint   ] Safepoint "Cleanup", Time since last: 1159510375 ns, Reaching safepoint: 175833 ns, At safepoint: 3875 ns, Total: 179708 ns
[2022-04-25T23:51:02.680+0000][8][safepoint   ] Safepoint "Cleanup", Time since last: 1091693251 ns, Reaching safepoint: 1539417 ns, At safepoint: 12916 ns, Total: 1552333 ns
[2022-04-25T23:51:03.328+0000][8][safepoint   ] Safepoint "ICBufferFull", Time since last: 561653709 ns, Reaching safepoint: 83539583 ns, At safepoint: 3108500 ns, Total: 86648083 ns
[2022-04-25T23:51:03.473+0000][8][safepoint   ] Safepoint "ICBufferFull", Time since last: 100914125 ns, Reaching safepoint: 43916000 ns, At safepoint: 179417 ns, Total: 44095417 ns
[2022-04-25T23:51:04.583+0000][8][safepoint   ] Safepoint "Cleanup", Time since last: 1101462792 ns, Reaching safepoint: 8038459 ns, At safepoint: 21833 ns, Total: 8060292 ns
[2022-04-25T23:51:05.647+0000][8][safepoint   ] Safepoint "Cleanup", Time since last: 1064316584 ns, Reaching safepoint: 100125 ns, At safepoint: 3500 ns, Total: 103625 ns
[2022-04-25T23:51:06.758+0000][8][safepoint   ] Safepoint "Cleanup", Time since last: 1110622500 ns, Reaching safepoint: 67667 ns, At safepoint: 2792 ns, Total: 70459 ns
[2022-04-25T23:51:07.863+0000][8][safepoint   ] Safepoint "Cleanup", Time since last: 1105362042 ns, Reaching safepoint: 73125 ns, At safepoint: 3500 ns, Total: 76625 ns
[2022-04-25T23:51:09.519+0000][8][safepoint   ] Safepoint "Cleanup", Time since last: 1571427542 ns, Reaching safepoint: 68299417 ns, At safepoint: 15553917 ns, Total: 83853334 ns
[2022-04-25T23:51:10.604+0000][8][safepoint   ] Safepoint "Cleanup", Time since last: 1078461625 ns, Reaching safepoint: 6921917 ns, At safepoint: 16458 ns, Total: 6938375 ns
[2022-04-25T23:51:12.110+0000][8][safepoint   ] Safepoint "Cleanup", Time since last: 1504527334 ns, Reaching safepoint: 633500 ns, At safepoint: 382917 ns, Total: 1016417 ns
[2022-04-25T23:51:13.131+0000][8][safepoint   ] Safepoint "Cleanup", Time since last: 1021541417 ns, Reaching safepoint: 98333 ns, At safepoint: 2584 ns, Total: 100917 ns
[2022-04-25T23:51:14.252+0000][8][safepoint   ] Safepoint "Cleanup", Time since last: 1077674917 ns, Reaching safepoint: 43269375 ns, At safepoint: 13125 ns, Total: 43282500 ns
[2022-04-25T23:51:15.382+0000][8][safepoint   ] Safepoint "Cleanup", Time since last: 1129558584 ns, Reaching safepoint: 298708 ns, At safepoint: 12167 ns, Total: 310875 ns
[2022-04-25T23:51:17.385+0000][8][safepoint   ] Safepoint "Cleanup", Time since last: 2024564084 ns, Reaching safepoint: 75458 ns, At safepoint: 3459 ns, Total: 78917 ns
[2022-04-25T23:51:18.618+0000][8][safepoint   ] Safepoint "Cleanup", Time since last: 1233743417 ns, Reaching safepoint: 117000 ns, At safepoint: 5750 ns, Total: 122750 ns
[2022-04-25T23:51:19.649+0000][8][safepoint   ] Safepoint "Cleanup", Time since last: 1030151167 ns, Reaching safepoint: 158875 ns, At safepoint: 8958 ns, Total: 167833 ns
[2022-04-25T23:51:20.918+0000][8][safepoint   ] Safepoint "Cleanup", Time since last: 1030394126 ns, Reaching safepoint: 239269375 ns, At safepoint: 24542 ns, Total: 239293917 ns
[2022-04-25T23:51:22.025+0000][8][safepoint   ] Safepoint "Cleanup", Time since last: 1106451167 ns, Reaching safepoint: 209375 ns, At safepoint: 12917 ns, Total: 222292 ns
[2022-04-25T23:51:23.127+0000][8][safepoint   ] Safepoint "Cleanup", Time since last: 1101372208 ns, Reaching safepoint: 80084 ns, At safepoint: 3500 ns, Total: 83584 ns
[2022-04-25T23:51:24.229+0000][8][safepoint   ] Safepoint "Cleanup", Time since last: 1089121167 ns, Reaching safepoint: 13196292 ns, At safepoint: 17208 ns, Total: 13213500 ns
[2022-04-25T23:51:25.337+0000][8][safepoint   ] Safepoint "Cleanup", Time since last: 1108120875 ns, Reaching safepoint: 148125 ns, At safepoint: 3750 ns, Total: 151875 ns
[2022-04-25T23:51:26.429+0000][8][safepoint   ] Safepoint "Cleanup", Time since last: 1091143043 ns, Reaching safepoint: 140833 ns, At safepoint: 6000 ns, Total: 146833 ns
[2022-04-25T23:51:27.686+0000][8][safepoint   ] Safepoint "Cleanup", Time since last: 1257687251 ns, Reaching safepoint: 61375 ns, At safepoint: 3625 ns, Total: 65000 ns
[2022-04-25T23:51:28.813+0000][8][safepoint   ] Safepoint "Cleanup", Time since last: 1123585042 ns, Reaching safepoint: 3308833 ns, At safepoint: 8375 ns, Total: 3317208 ns
[2022-04-25T23:51:29.916+0000][8][safepoint   ] Safepoint "Cleanup", Time since last: 1102663251 ns, Reaching safepoint: 77333 ns, At safepoint: 2875 ns, Total: 80208 ns
[2022-04-25T23:51:31.119+0000][8][safepoint   ] Safepoint "Cleanup", Time since last: 1188599459 ns, Reaching safepoint: 14768292 ns, At safepoint: 17458 ns, Total: 14785750 ns
[2022-04-25T23:51:32.198+0000][8][safepoint   ] Safepoint "Cleanup", Time since last: 1046319917 ns, Reaching safepoint: 32157208 ns, At safepoint: 19834 ns, Total: 32177042 ns
[2022-04-25T23:51:33.537+0000][8][safepoint   ] Safepoint "Cleanup", Time since last: 1112736542 ns, Reaching safepoint: 224959708 ns, At safepoint: 1599000 ns, Total: 226558708 ns
[2022-04-25T23:51:34.231+0000][8][gc,start    ] GC(43) Pause Young (Normal) (G1 Evacuation Pause)
[2022-04-25T23:51:34.234+0000][8][gc,task     ] GC(43) Using 5 workers of 5 for evacuation
[2022-04-25T23:51:34.236+0000][8][gc,age      ] GC(43) Desired survivor size 16777216 bytes, new threshold 15 (max threshold 15)
[2022-04-25T23:51:34.241+0000][8][gc,age      ] GC(43) Age table with threshold 15 (max threshold 15)
[2022-04-25T23:51:34.242+0000][8][gc,age      ] GC(43) - age   1:    4791256 bytes,    4791256 total
[2022-04-25T23:51:34.243+0000][8][gc,age      ] GC(43) - age   2:     383712 bytes,    5174968 total
[2022-04-25T23:51:34.244+0000][8][gc,age      ] GC(43) - age   3:     396512 bytes,    5571480 total
[2022-04-25T23:51:34.245+0000][8][gc,age      ] GC(43) - age   4:      89800 bytes,    5661280 total
[2022-04-25T23:51:34.246+0000][8][gc,phases   ] GC(43)   Pre Evacuate Collection Set: 0.1ms
[2022-04-25T23:51:34.247+0000][8][gc,phases   ] GC(43)   Merge Heap Roots: 0.1ms
[2022-04-25T23:51:34.248+0000][8][gc,phases   ] GC(43)   Evacuate Collection Set: 3.1ms
[2022-04-25T23:51:34.249+0000][8][gc,phases   ] GC(43)   Post Evacuate Collection Set: 0.9ms
[2022-04-25T23:51:34.250+0000][8][gc,phases   ] GC(43)   Other: 11.0ms
[2022-04-25T23:51:34.251+0000][8][gc,heap     ] GC(43) Eden regions: 55->0(57)
[2022-04-25T23:51:34.252+0000][8][gc,heap     ] GC(43) Survivor regions: 2->2(8)
[2022-04-25T23:51:34.253+0000][8][gc,heap     ] GC(43) Old regions: 28->28
[2022-04-25T23:51:34.254+0000][8][gc,heap     ] GC(43) Archive regions: 2->2
[2022-04-25T23:51:34.256+0000][8][gc,heap     ] GC(43) Humongous regions: 6->6
[2022-04-25T23:51:34.257+0000][8][gc,metaspace] GC(43) Metaspace: 112921K(114688K)->112921K(114688K) NonClass: 97610K(98624K)->97610K(98624K) Class: 15311K(16064K)->15311K(16064K)
[2022-04-25T23:51:34.257+0000][8][gc          ] GC(43) Pause Young (Normal) (G1 Evacuation Pause) 364M->143M(512M) 26.762ms
[2022-04-25T23:51:34.259+0000][8][gc,cpu      ] GC(43) User=0.01s Sys=0.00s Real=0.03s
[2022-04-25T23:51:34.260+0000][8][safepoint   ] Safepoint "G1CollectForAllocation", Time since last: 693413084 ns, Reaching safepoint: 49500 ns, At safepoint: 29952542 ns, Total: 30002042 ns
[2022-04-25T23:51:35.265+0000][8][safepoint   ] Safepoint "Cleanup", Time since last: 1004077000 ns, Reaching safepoint: 67834 ns, At safepoint: 3458 ns, Total: 71292 ns
[2022-04-25T23:51:36.071+0000][8][safepoint   ] Safepoint "ICBufferFull", Time since last: 804864042 ns, Reaching safepoint: 1599667 ns, At safepoint: 32541 ns, Total: 1632208 ns
[2022-04-25T23:51:36.110+0000][8][safepoint   ] Safepoint "ICBufferFull", Time since last: 37938667 ns, Reaching safepoint: 380292 ns, At safepoint: 86375 ns, Total: 466667 ns
[2022-04-25T23:51:36.754+0000][8][safepoint   ] Safepoint "ICBufferFull", Time since last: 644257583 ns, Reaching safepoint: 136542 ns, At safepoint: 3167 ns, Total: 139709 ns
[2022-04-25T23:51:37.828+0000][8][safepoint   ] Safepoint "Cleanup", Time since last: 1070975458 ns, Reaching safepoint: 2543167 ns, At safepoint: 31708 ns, Total: 2574875 ns
[2022-04-25T23:51:38.887+0000][8][safepoint   ] Safepoint "Cleanup", Time since last: 1058422418 ns, Reaching safepoint: 684333 ns, At safepoint: 8208 ns, Total: 692541 ns
[2022-04-25T23:51:39.934+0000][8][safepoint   ] Safepoint "Cleanup", Time since last: 1047031667 ns, Reaching safepoint: 202167 ns, At safepoint: 5875 ns, Total: 208042 ns
[2022-04-25T23:51:42.076+0000][8][safepoint   ] Safepoint "Cleanup", Time since last: 2140976418 ns, Reaching safepoint: 1513208 ns, At safepoint: 15167 ns, Total: 1528375 ns
[2022-04-25T23:51:43.176+0000][8][safepoint   ] Safepoint "Cleanup", Time since last: 1099798167 ns, Reaching safepoint: 67417 ns, At safepoint: 3250 ns, Total: 70667 ns
[2022-04-25T23:51:44.367+0000][8][safepoint   ] Safepoint "Cleanup", Time since last: 1082804500 ns, Reaching safepoint: 108229792 ns, At safepoint: 29458 ns, Total: 108259250 ns
[2022-04-25T23:51:45.345+0000][8][safepoint   ] Safepoint "ICBufferFull", Time since last: 977026792 ns, Reaching safepoint: 251209 ns, At safepoint: 6125 ns, Total: 257334 ns
[2022-04-25T23:51:45.528+0000][8][safepoint   ] Safepoint "ICBufferFull", Time since last: 111581375 ns, Reaching safepoint: 72145583 ns, At safepoint: 33250 ns, Total: 72178833 ns
[2022-04-25T23:51:46.636+0000][8][safepoint   ] Safepoint "Cleanup", Time since last: 1107798542 ns, Reaching safepoint: 91667 ns, At safepoint: 3375 ns, Total: 95042 ns
[2022-04-25T23:51:47.185+0000][8][safepoint   ] Safepoint "ICBufferFull", Time since last: 537857875 ns, Reaching safepoint: 2539583 ns, At safepoint: 70959 ns, Total: 2610542 ns
[2022-04-25T23:51:48.201+0000][8][safepoint   ] Safepoint "Cleanup", Time since last: 1015693958 ns, Reaching safepoint: 98917 ns, At safepoint: 3500 ns, Total: 102417 ns
[2022-04-25T23:51:49.260+0000][8][safepoint   ] Safepoint "Cleanup", Time since last: 1059028459 ns, Reaching safepoint: 139667 ns, At safepoint: 6208 ns, Total: 145875 ns
[2022-04-25T23:51:50.310+0000][8][safepoint   ] Safepoint "Cleanup", Time since last: 1050320375 ns, Reaching safepoint: 90959 ns, At safepoint: 4166 ns, Total: 95125 ns
[2022-04-25T23:51:51.385+0000][8][safepoint   ] Safepoint "Cleanup", Time since last: 1074783584 ns, Reaching safepoint: 85834 ns, At safepoint: 4083 ns, Total: 89917 ns
[2022-04-25T23:51:52.451+0000][8][safepoint   ] Safepoint "Cleanup", Time since last: 1065978334 ns, Reaching safepoint: 82833 ns, At safepoint: 3125 ns, Total: 85958 ns
[2022-04-25T23:51:53.509+0000][8][safepoint   ] Safepoint "Cleanup", Time since last: 1057476792 ns, Reaching safepoint: 70959 ns, At safepoint: 3500 ns, Total: 74459 ns
[2022-04-25T23:51:54.589+0000][8][safepoint   ] Safepoint "Cleanup", Time since last: 1080131625 ns, Reaching safepoint: 106125 ns, At safepoint: 3750 ns, Total: 109875 ns
[2022-04-25T23:51:55.700+0000][8][safepoint   ] Safepoint "Cleanup", Time since last: 1111065876 ns, Reaching safepoint: 60583 ns, At safepoint: 2458 ns, Total: 63041 ns
[2022-04-25T23:51:56.849+0000][8][safepoint   ] Safepoint "Cleanup", Time since last: 1148240876 ns, Reaching safepoint: 64125 ns, At safepoint: 4916 ns, Total: 69041 ns
[2022-04-25T23:51:58.892+0000][8][safepoint   ] Safepoint "Cleanup", Time since last: 2043380835 ns, Reaching safepoint: 102375 ns, At safepoint: 82083 ns, Total: 184458 ns
[2022-04-25T23:52:00.140+0000][8][safepoint   ] Safepoint "Cleanup", Time since last: 1247961292 ns, Reaching safepoint: 61417 ns, At safepoint: 3125 ns, Total: 64542 ns
[2022-04-25T23:52:01.231+0000][8][safepoint   ] Safepoint "Cleanup", Time since last: 1090697417 ns, Reaching safepoint: 157042 ns, At safepoint: 4458 ns, Total: 161500 ns
[2022-04-25T23:52:02.435+0000][8][safepoint   ] Safepoint "Cleanup", Time since last: 1197701751 ns, Reaching safepoint: 5886000 ns, At safepoint: 23000 ns, Total: 5909000 ns
[2022-04-25T23:52:06.796+0000][8][safepoint   ] Safepoint "Cleanup", Time since last: 4361092794 ns, Reaching safepoint: 60958 ns, At safepoint: 3375 ns, Total: 64333 ns
[2022-04-25T23:52:09.773+0000][8][safepoint   ] Safepoint "Cleanup", Time since last: 2303061626 ns, Reaching safepoint: 673429959 ns, At safepoint: 529375 ns, Total: 673959334 ns
[2022-04-25T23:52:11.216+0000][8][safepoint   ] Safepoint "Cleanup", Time since last: 1443232084 ns, Reaching safepoint: 150083 ns, At safepoint: 6125 ns, Total: 156208 ns
[2022-04-25T23:52:12.703+0000][8][safepoint   ] Safepoint "Cleanup", Time since last: 1486735167 ns, Reaching safepoint: 82167 ns, At safepoint: 4417 ns, Total: 86584 ns
[2022-04-25T23:52:14.846+0000][8][safepoint   ] Safepoint "Cleanup", Time since last: 2143109709 ns, Reaching safepoint: 77625 ns, At safepoint: 4250 ns, Total: 81875 ns
[2022-04-25T23:52:16.309+0000][8][safepoint   ] Safepoint "Cleanup", Time since last: 1462357042 ns, Reaching safepoint: 109375 ns, At safepoint: 8209 ns, Total: 117584 ns
[2022-04-25T23:52:17.375+0000][8][safepoint   ] Safepoint "Cleanup", Time since last: 1064824208 ns, Reaching safepoint: 60834 ns, At safepoint: 12625 ns, Total: 73459 ns
[2022-04-25T23:52:20.567+0000][8][safepoint   ] Safepoint "Cleanup", Time since last: 3191903626 ns, Reaching safepoint: 87000 ns, At safepoint: 11167 ns, Total: 98167 ns
[2022-04-25T23:52:21.623+0000][8][safepoint   ] Safepoint "Cleanup", Time since last: 1020898417 ns, Reaching safepoint: 35026458 ns, At safepoint: 26209 ns, Total: 35052667 ns
[2022-04-25T23:52:22.658+0000][8][safepoint   ] Safepoint "Cleanup", Time since last: 1035082250 ns, Reaching safepoint: 394125 ns, At safepoint: 13333 ns, Total: 407458 ns
[2022-04-25T23:52:24.700+0000][8][safepoint   ] Safepoint "Cleanup", Time since last: 2037939043 ns, Reaching safepoint: 87000 ns, At safepoint: 3167 ns, Total: 90167 ns
[2022-04-25T23:52:25.708+0000][8][safepoint   ] Safepoint "Cleanup", Time since last: 1011517625 ns, Reaching safepoint: 135959 ns, At safepoint: 5458 ns, Total: 141417 ns
[2022-04-25T23:52:26.870+0000][8][safepoint   ] Safepoint "Cleanup", Time since last: 1162017667 ns, Reaching safepoint: 102917 ns, At safepoint: 3916 ns, Total: 106833 ns
[2022-04-25T23:52:28.176+0000][8][safepoint   ] Safepoint "Cleanup", Time since last: 1305429084 ns, Reaching safepoint: 102959 ns, At safepoint: 6041 ns, Total: 109000 ns
[2022-04-25T23:52:29.295+0000][8][safepoint   ] Safepoint "Cleanup", Time since last: 1119780043 ns, Reaching safepoint: 55541 ns, At safepoint: 3000 ns, Total: 58541 ns
[2022-04-25T23:52:30.400+0000][8][safepoint   ] Safepoint "Cleanup", Time since last: 1104404459 ns, Reaching safepoint: 94042 ns, At safepoint: 2833 ns, Total: 96875 ns
[2022-04-25T23:52:31.664+0000][8][safepoint   ] Safepoint "Cleanup", Time since last: 1264023334 ns, Reaching safepoint: 79333 ns, At safepoint: 3167 ns, Total: 82500 ns
[2022-04-25T23:52:31.986+0000][8][gc,start    ] GC(44) Pause Young (Normal) (G1 Evacuation Pause)
[2022-04-25T23:52:31.988+0000][8][gc,task     ] GC(44) Using 5 workers of 5 for evacuation
[2022-04-25T23:52:31.989+0000][8][gc,age      ] GC(44) Desired survivor size 16777216 bytes, new threshold 15 (max threshold 15)
[2022-04-25T23:52:31.998+0000][8][gc,age      ] GC(44) Age table with threshold 15 (max threshold 15)
[2022-04-25T23:52:31.999+0000][8][gc,age      ] GC(44) - age   1:    4136976 bytes,    4136976 total
[2022-04-25T23:52:32.000+0000][8][gc,age      ] GC(44) - age   2:     812632 bytes,    4949608 total
[2022-04-25T23:52:32.001+0000][8][gc,age      ] GC(44) - age   3:     378904 bytes,    5328512 total
[2022-04-25T23:52:32.002+0000][8][gc,age      ] GC(44) - age   4:     394896 bytes,    5723408 total
[2022-04-25T23:52:32.002+0000][8][gc,age      ] GC(44) - age   5:      89800 bytes,    5813208 total
[2022-04-25T23:52:32.004+0000][8][gc,phases   ] GC(44)   Pre Evacuate Collection Set: 0.1ms
[2022-04-25T23:52:32.005+0000][8][gc,phases   ] GC(44)   Merge Heap Roots: 0.1ms
[2022-04-25T23:52:32.006+0000][8][gc,phases   ] GC(44)   Evacuate Collection Set: 5.8ms
[2022-04-25T23:52:32.007+0000][8][gc,phases   ] GC(44)   Post Evacuate Collection Set: 1.0ms
[2022-04-25T23:52:32.008+0000][8][gc,phases   ] GC(44)   Other: 10.5ms
[2022-04-25T23:52:32.008+0000][8][gc,heap     ] GC(44) Eden regions: 57->0(59)
[2022-04-25T23:52:32.009+0000][8][gc,heap     ] GC(44) Survivor regions: 2->2(8)
[2022-04-25T23:52:32.010+0000][8][gc,heap     ] GC(44) Old regions: 28->28
[2022-04-25T23:52:32.012+0000][8][gc,heap     ] GC(44) Archive regions: 2->2
[2022-04-25T23:52:32.012+0000][8][gc,heap     ] GC(44) Humongous regions: 6->6
[2022-04-25T23:52:32.013+0000][8][gc,metaspace] GC(44) Metaspace: 113167K(115008K)->113167K(115008K) NonClass: 97854K(98944K)->97854K(98944K) Class: 15312K(16064K)->15312K(16064K)
[2022-04-25T23:52:32.014+0000][8][gc          ] GC(44) Pause Young (Normal) (G1 Evacuation Pause) 371M->143M(512M) 28.192ms
[2022-04-25T23:52:32.015+0000][8][gc,cpu      ] GC(44) User=0.02s Sys=0.00s Real=0.03s
[2022-04-25T23:52:32.017+0000][8][safepoint   ] Safepoint "G1CollectForAllocation", Time since last: 321557417 ns, Reaching safepoint: 381917 ns, At safepoint: 30529666 ns, Total: 30911583 ns
[2022-04-25T23:52:33.118+0000][8][safepoint   ] Safepoint "Cleanup", Time since last: 1085850709 ns, Reaching safepoint: 13808333 ns, At safepoint: 1289834 ns, Total: 15098167 ns
[2022-04-25T23:52:34.493+0000][8][safepoint   ] Safepoint "Cleanup", Time since last: 1275589667 ns, Reaching safepoint: 97473625 ns, At safepoint: 2270833 ns, Total: 99744458 ns
[2022-04-25T23:52:35.037+0000][8][safepoint   ] Safepoint "ICBufferFull", Time since last: 494798376 ns, Reaching safepoint: 31936291 ns, At safepoint: 17237459 ns, Total: 49173750 ns
[2022-04-25T23:52:36.389+0000][8][safepoint   ] Safepoint "Cleanup", Time since last: 1213616375 ns, Reaching safepoint: 137750584 ns, At safepoint: 752666 ns, Total: 138503250 ns
[2022-04-25T23:52:37.506+0000][8][safepoint   ] Safepoint "Cleanup", Time since last: 1116490709 ns, Reaching safepoint: 126917 ns, At safepoint: 5583 ns, Total: 132500 ns
[2022-04-25T23:52:38.759+0000][8][safepoint   ] Safepoint "Cleanup", Time since last: 1110312709 ns, Reaching safepoint: 142702667 ns, At safepoint: 26708 ns, Total: 142729375 ns
[2022-04-25T23:52:39.929+0000][8][safepoint   ] Safepoint "Cleanup", Time since last: 1163497751 ns, Reaching safepoint: 6366083 ns, At safepoint: 363792 ns, Total: 6729875 ns
[2022-04-25T23:52:41.053+0000][8][safepoint   ] Safepoint "Cleanup", Time since last: 1104896792 ns, Reaching safepoint: 18704417 ns, At safepoint: 156583 ns, Total: 18861000 ns
[2022-04-25T23:52:43.448+0000][8][safepoint   ] Safepoint "Cleanup", Time since last: 2268910834 ns, Reaching safepoint: 67134667 ns, At safepoint: 59208958 ns, Total: 126343625 ns
[2022-04-25T23:52:44.538+0000][8][safepoint   ] Safepoint "Cleanup", Time since last: 1078833209 ns, Reaching safepoint: 10918750 ns, At safepoint: 232917 ns, Total: 11151667 ns
[2022-04-25T23:52:45.641+0000][8][safepoint   ] Safepoint "Cleanup", Time since last: 1048148834 ns, Reaching safepoint: 54928875 ns, At safepoint: 219958 ns, Total: 55148833 ns
[2022-04-25T23:52:46.475+0000][8][safepoint   ] Safepoint "ICBufferFull", Time since last: 700455625 ns, Reaching safepoint: 77168584 ns, At safepoint: 56561375 ns, Total: 133729959 ns
[2022-04-25T23:52:46.965+0000][8][safepoint   ] Safepoint "ICBufferFull", Time since last: 475156458 ns, Reaching safepoint: 14426167 ns, At safepoint: 37125 ns, Total: 14463292 ns
[2022-04-25T23:52:48.180+0000][8][safepoint   ] Safepoint "Cleanup", Time since last: 1120513292 ns, Reaching safepoint: 25545291 ns, At safepoint: 52875 ns, Total: 25598166 ns
[2022-04-25T23:52:48.498+0000][8][safepoint   ] Safepoint "ICBufferFull", Time since last: 261902709 ns, Reaching safepoint: 14549542 ns, At safepoint: 41861916 ns, Total: 56411458 ns
[2022-04-25T23:52:49.849+0000][8][safepoint   ] Safepoint "Cleanup", Time since last: 1286929918 ns, Reaching safepoint: 63293125 ns, At safepoint: 29708 ns, Total: 63322833 ns
[2022-04-25T23:52:51.017+0000][8][safepoint   ] Safepoint "Cleanup", Time since last: 1168297125 ns, Reaching safepoint: 75375 ns, At safepoint: 3084 ns, Total: 78459 ns
[2022-04-25T23:52:52.236+0000][8][safepoint   ] Safepoint "Cleanup", Time since last: 1139142042 ns, Reaching safepoint: 79240542 ns, At safepoint: 385791 ns, Total: 79626333 ns
[2022-04-25T23:52:53.487+0000][8][safepoint   ] Safepoint "Cleanup", Time since last: 1230370209 ns, Reaching safepoint: 21095917 ns, At safepoint: 26792 ns, Total: 21122709 ns
[2022-04-25T23:52:55.696+0000][8][safepoint   ] Safepoint "Cleanup", Time since last: 2208282501 ns, Reaching safepoint: 638375 ns, At safepoint: 8666 ns, Total: 647041 ns
[2022-04-25T23:52:56.821+0000][8][safepoint   ] Safepoint "Cleanup", Time since last: 1124432376 ns, Reaching safepoint: 82292 ns, At safepoint: 3000 ns, Total: 85292 ns
[2022-04-25T23:52:58.118+0000][8][safepoint   ] Safepoint "Cleanup", Time since last: 1248673250 ns, Reaching safepoint: 49074875 ns, At safepoint: 30917 ns, Total: 49105792 ns
[2022-04-25T23:52:59.198+0000][8][safepoint   ] Safepoint "Cleanup", Time since last: 1079604042 ns, Reaching safepoint: 156000 ns, At safepoint: 5500 ns, Total: 161500 ns
[2022-04-25T23:53:00.582+0000][8][safepoint   ] Safepoint "Cleanup", Time since last: 1286347376 ns, Reaching safepoint: 97507208 ns, At safepoint: 31667 ns, Total: 97538875 ns
[2022-04-25T23:53:01.764+0000][8][safepoint   ] Safepoint "Cleanup", Time since last: 1181499250 ns, Reaching safepoint: 191417 ns, At safepoint: 5792 ns, Total: 197209 ns
[2022-04-25T23:53:02.816+0000][8][safepoint   ] Safepoint "Cleanup", Time since last: 1052272250 ns, Reaching safepoint: 77417 ns, At safepoint: 3000 ns, Total: 80417 ns
[2022-04-25T23:53:04.195+0000][8][safepoint   ] Safepoint "Cleanup", Time since last: 1315872584 ns, Reaching safepoint: 63261208 ns, At safepoint: 116375 ns, Total: 63377583 ns
[2022-04-25T23:53:05.302+0000][8][safepoint   ] Safepoint "Cleanup", Time since last: 1102337376 ns, Reaching safepoint: 3536291 ns, At safepoint: 547959 ns, Total: 4084250 ns
[2022-04-25T23:53:06.322+0000][8][safepoint   ] Safepoint "Cleanup", Time since last: 1019806625 ns, Reaching safepoint: 121583 ns, At safepoint: 5500 ns, Total: 127083 ns
[2022-04-25T23:53:07.549+0000][8][safepoint   ] Safepoint "Cleanup", Time since last: 1207647293 ns, Reaching safepoint: 19149250 ns, At safepoint: 27208 ns, Total: 19176458 ns
[2022-04-25T23:53:08.679+0000][8][safepoint   ] Safepoint "Cleanup", Time since last: 1122326876 ns, Reaching safepoint: 6173000 ns, At safepoint: 2118833 ns, Total: 8291833 ns
[2022-04-25T23:53:10.109+0000][8][safepoint   ] Safepoint "Cleanup", Time since last: 1140662250 ns, Reaching safepoint: 285958042 ns, At safepoint: 3429417 ns, Total: 289387459 ns
[2022-04-25T23:53:11.346+0000][8][safepoint   ] Safepoint "Cleanup", Time since last: 1160538542 ns, Reaching safepoint: 76282292 ns, At safepoint: 21667 ns, Total: 76303959 ns
[2022-04-25T23:53:12.451+0000][8][safepoint   ] Safepoint "Cleanup", Time since last: 1104732708 ns, Reaching safepoint: 90042 ns, At safepoint: 3250 ns, Total: 93292 ns
[2022-04-25T23:53:15.828+0000][8][safepoint   ] Safepoint "Cleanup", Time since last: 3377263085 ns, Reaching safepoint: 65375 ns, At safepoint: 21125 ns, Total: 86500 ns
[2022-04-25T23:53:17.933+0000][8][safepoint   ] Safepoint "Cleanup", Time since last: 2090161709 ns, Reaching safepoint: 76088000 ns, At safepoint: 82208 ns, Total: 76170208 ns
[2022-04-25T23:53:19.141+0000][8][safepoint   ] Safepoint "Cleanup", Time since last: 1207874292 ns, Reaching safepoint: 99875 ns, At safepoint: 6625 ns, Total: 106500 ns
[2022-04-25T23:53:20.173+0000][8][safepoint   ] Safepoint "Cleanup", Time since last: 1032276709 ns, Reaching safepoint: 155208 ns, At safepoint: 4000 ns, Total: 159208 ns
[2022-04-25T23:53:21.727+0000][8][safepoint   ] Safepoint "Cleanup", Time since last: 1553025751 ns, Reaching safepoint: 115167 ns, At safepoint: 6000 ns, Total: 121167 ns
[2022-04-25T23:53:23.048+0000][8][safepoint   ] Safepoint "Cleanup", Time since last: 1180435875 ns, Reaching safepoint: 92794292 ns, At safepoint: 48544583 ns, Total: 141338875 ns
[2022-04-25T23:53:24.274+0000][8][safepoint   ] Safepoint "Cleanup", Time since last: 1178125751 ns, Reaching safepoint: 21277833 ns, At safepoint: 26785917 ns, Total: 48063750 ns
[2022-04-25T23:53:24.500+0000][8][gc,start    ] GC(45) Pause Young (Normal) (G1 Evacuation Pause)
[2022-04-25T23:53:24.501+0000][8][gc,task     ] GC(45) Using 5 workers of 5 for evacuation
[2022-04-25T23:53:24.503+0000][8][gc,age      ] GC(45) Desired survivor size 16777216 bytes, new threshold 15 (max threshold 15)
[2022-04-25T23:53:24.579+0000][8][gc,age      ] GC(45) Age table with threshold 15 (max threshold 15)
[2022-04-25T23:53:24.655+0000][8][gc,age      ] GC(45) - age   1:    4295168 bytes,    4295168 total
[2022-04-25T23:53:24.713+0000][8][gc,age      ] GC(45) - age   2:    1268864 bytes,    5564032 total
[2022-04-25T23:53:24.862+0000][8][gc,age      ] GC(45) - age   3:     388504 bytes,    5952536 total
[2022-04-25T23:53:24.975+0000][8][gc,age      ] GC(45) - age   4:     271552 bytes,    6224088 total
[2022-04-25T23:53:25.051+0000][8][gc,age      ] GC(45) - age   5:     394416 bytes,    6618504 total
[2022-04-25T23:53:25.148+0000][8][gc,age      ] GC(45) - age   6:      89800 bytes,    6708304 total
[2022-04-25T23:53:25.208+0000][8][gc,mmu      ] GC(45) MMU target violated: 201.0ms (200.0ms/201.0ms)
[2022-04-25T23:53:25.321+0000][8][gc,phases   ] GC(45)   Pre Evacuate Collection Set: 0.2ms
[2022-04-25T23:53:25.328+0000][8][gc,phases   ] GC(45)   Merge Heap Roots: 0.3ms
[2022-04-25T23:53:25.395+0000][8][gc,phases   ] GC(45)   Evacuate Collection Set: 67.7ms
[2022-04-25T23:53:25.436+0000][8][gc,phases   ] GC(45)   Post Evacuate Collection Set: 6.2ms
[2022-04-25T23:53:25.519+0000][8][gc,phases   ] GC(45)   Other: 746.2ms
[2022-04-25T23:53:25.598+0000][8][gc,heap     ] GC(45) Eden regions: 59->0(4)
[2022-04-25T23:53:25.665+0000][8][gc,heap     ] GC(45) Survivor regions: 2->2(8)
[2022-04-25T23:53:25.701+0000][8][gc,heap     ] GC(45) Old regions: 28->28
[2022-04-25T23:53:25.725+0000][8][gc,heap     ] GC(45) Archive regions: 2->2
[2022-04-25T23:53:25.797+0000][8][gc,heap     ] GC(45) Humongous regions: 6->6
[2022-04-25T23:53:25.901+0000][8][gc,metaspace] GC(45) Metaspace: 114889K(116736K)->114889K(116736K) NonClass: 99324K(100352K)->99324K(100352K) Class: 15564K(16384K)->15564K(16384K)
[2022-04-25T23:53:25.985+0000][8][gc          ] GC(45) Pause Young (Normal) (G1 Evacuation Pause) 379M->144M(512M) 1484.661ms
[2022-04-25T23:53:26.063+0000][8][gc,cpu      ] GC(45) User=0.24s Sys=0.06s Real=1.56s
[2022-04-25T23:53:26.065+0000][8][safepoint   ] Safepoint "G1CollectForAllocation", Time since last: 225492167 ns, Reaching safepoint: 414167 ns, At safepoint: 1564978584 ns, Total: 1565392751 ns
[2022-04-25T23:53:27.262+0000][8][safepoint   ] Safepoint "Cleanup", Time since last: 1002800083 ns, Reaching safepoint: 191774209 ns, At safepoint: 1821541 ns, Total: 193595750 ns
[2022-04-25T23:53:28.394+0000][8][safepoint   ] Safepoint "Cleanup", Time since last: 1132244043 ns, Reaching safepoint: 71458 ns, At safepoint: 4375 ns, Total: 75833 ns
[2022-04-25T23:53:29.716+0000][8][safepoint   ] Safepoint "Cleanup", Time since last: 1321545042 ns, Reaching safepoint: 85250 ns, At safepoint: 2959 ns, Total: 88209 ns
[2022-04-25T23:53:31.430+0000][8][safepoint   ] Safepoint "Cleanup", Time since last: 1714449500 ns, Reaching safepoint: 95667 ns, At safepoint: 5750 ns, Total: 101417 ns
[2022-04-25T23:53:31.527+0000][8][gc,start    ] GC(46) Pause Young (Normal) (G1 Evacuation Pause)
[2022-04-25T23:53:31.655+0000][8][gc,task     ] GC(46) Using 5 workers of 5 for evacuation
[2022-04-25T23:53:31.683+0000][8][gc,age      ] GC(46) Desired survivor size 2097152 bytes, new threshold 1 (max threshold 15)
[2022-04-25T23:53:31.803+0000][8][gc,age      ] GC(46) Age table with threshold 1 (max threshold 15)
[2022-04-25T23:53:31.920+0000][8][gc,age      ] GC(46) - age   1:     496512 bytes,     496512 total
[2022-04-25T23:53:31.995+0000][8][gc,mmu      ] GC(46) MMU target violated: 201.0ms (200.0ms/201.0ms)
[2022-04-25T23:53:32.085+0000][8][gc,phases   ] GC(46)   Pre Evacuate Collection Set: 0.2ms
[2022-04-25T23:53:32.187+0000][8][gc,phases   ] GC(46)   Merge Heap Roots: 0.1ms
[2022-04-25T23:53:32.325+0000][8][gc,phases   ] GC(46)   Evacuate Collection Set: 63.4ms
[2022-04-25T23:53:32.429+0000][8][gc,phases   ] GC(46)   Post Evacuate Collection Set: 2.6ms
[2022-04-25T23:53:32.433+0000][8][gc,phases   ] GC(46)   Other: 492.3ms
[2022-04-25T23:53:32.530+0000][8][gc,heap     ] GC(46) Eden regions: 4->0(5)
[2022-04-25T23:53:32.605+0000][8][gc,heap     ] GC(46) Survivor regions: 2->1(1)
[2022-04-25T23:53:32.630+0000][8][gc,heap     ] GC(46) Old regions: 28->30
[2022-04-25T23:53:32.657+0000][8][gc,heap     ] GC(46) Archive regions: 2->2
[2022-04-25T23:53:32.661+0000][8][gc,heap     ] GC(46) Humongous regions: 6->6
[2022-04-25T23:53:32.663+0000][8][gc,metaspace] GC(46) Metaspace: 114893K(116736K)->114893K(116736K) NonClass: 99329K(100352K)->99329K(100352K) Class: 15564K(16384K)->15564K(16384K)
[2022-04-25T23:53:32.664+0000][8][gc          ] GC(46) Pause Young (Normal) (G1 Evacuation Pause) 160M->144M(512M) 1137.715ms
[2022-04-25T23:53:32.685+0000][8][gc,cpu      ] GC(46) User=0.20s Sys=0.04s Real=1.15s
[2022-04-25T23:53:32.780+0000][8][safepoint   ] Safepoint "G1CollectForAllocation", Time since last: 96278167 ns, Reaching safepoint: 80458 ns, At safepoint: 1253230126 ns, Total: 1253310584 ns
[2022-04-25T23:53:33.918+0000][8][safepoint   ] Safepoint "Cleanup", Time since last: 1083184667 ns, Reaching safepoint: 55125333 ns, At safepoint: 28042 ns, Total: 55153375 ns
[2022-04-25T23:53:35.065+0000][8][safepoint   ] Safepoint "Cleanup", Time since last: 1146564542 ns, Reaching safepoint: 397500 ns, At safepoint: 8667 ns, Total: 406167 ns
[2022-04-25T23:53:36.415+0000][8][gc,start    ] GC(47) Pause Young (Normal) (G1 Evacuation Pause)
[2022-04-25T23:53:36.418+0000][8][gc,task     ] GC(47) Using 5 workers of 5 for evacuation
[2022-04-25T23:53:36.420+0000][8][gc,age      ] GC(47) Desired survivor size 2097152 bytes, new threshold 15 (max threshold 15)
[2022-04-25T23:53:36.424+0000][8][gc,age      ] GC(47) Age table with threshold 15 (max threshold 15)
[2022-04-25T23:53:36.425+0000][8][gc,age      ] GC(47) - age   1:    1074704 bytes,    1074704 total
[2022-04-25T23:53:36.427+0000][8][gc,age      ] GC(47) - age   2:     406936 bytes,    1481640 total
[2022-04-25T23:53:36.428+0000][8][gc,phases   ] GC(47)   Pre Evacuate Collection Set: 0.1ms
[2022-04-25T23:53:36.429+0000][8][gc,phases   ] GC(47)   Merge Heap Roots: 0.1ms
[2022-04-25T23:53:36.430+0000][8][gc,phases   ] GC(47)   Evacuate Collection Set: 1.5ms
[2022-04-25T23:53:36.431+0000][8][gc,phases   ] GC(47)   Post Evacuate Collection Set: 1.3ms
[2022-04-25T23:53:36.432+0000][8][gc,phases   ] GC(47)   Other: 9.5ms
[2022-04-25T23:53:36.432+0000][8][gc,heap     ] GC(47) Eden regions: 5->0(5)
[2022-04-25T23:53:36.433+0000][8][gc,heap     ] GC(47) Survivor regions: 1->1(1)
[2022-04-25T23:53:36.434+0000][8][gc,heap     ] GC(47) Old regions: 30->30
[2022-04-25T23:53:36.435+0000][8][gc,heap     ] GC(47) Archive regions: 2->2
[2022-04-25T23:53:36.436+0000][8][gc,heap     ] GC(47) Humongous regions: 6->6
[2022-04-25T23:53:36.437+0000][8][gc,metaspace] GC(47) Metaspace: 114910K(116736K)->114910K(116736K) NonClass: 99345K(100352K)->99345K(100352K) Class: 15564K(16384K)->15564K(16384K)
[2022-04-25T23:53:36.438+0000][8][gc          ] GC(47) Pause Young (Normal) (G1 Evacuation Pause) 164M->145M(512M) 22.565ms
[2022-04-25T23:53:36.439+0000][8][gc,cpu      ] GC(47) User=0.00s Sys=0.01s Real=0.03s
[2022-04-25T23:53:36.440+0000][8][safepoint   ] Safepoint "G1CollectForAllocation", Time since last: 1350087334 ns, Reaching safepoint: 142542 ns, At safepoint: 24543083 ns, Total: 24685625 ns
[2022-04-25T23:53:37.443+0000][8][safepoint   ] Safepoint "Cleanup", Time since last: 1002925292 ns, Reaching safepoint: 60667 ns, At safepoint: 3333 ns, Total: 64000 ns
[2022-04-25T23:53:38.632+0000][8][safepoint   ] Safepoint "Cleanup", Time since last: 1188756542 ns, Reaching safepoint: 55084 ns, At safepoint: 3000 ns, Total: 58084 ns
[2022-04-25T23:53:40.890+0000][8][safepoint   ] Safepoint "Cleanup", Time since last: 2257213334 ns, Reaching safepoint: 1129542 ns, At safepoint: 36333 ns, Total: 1165875 ns
[2022-04-25T23:53:41.953+0000][8][safepoint   ] Safepoint "Cleanup", Time since last: 1062531417 ns, Reaching safepoint: 150500 ns, At safepoint: 5792 ns, Total: 156292 ns
[2022-04-25T23:53:42.318+0000][8][gc,start    ] GC(48) Pause Young (Normal) (G1 Evacuation Pause)
[2022-04-25T23:53:42.340+0000][8][gc,task     ] GC(48) Using 5 workers of 5 for evacuation
[2022-04-25T23:53:42.385+0000][8][gc,age      ] GC(48) Desired survivor size 2097152 bytes, new threshold 15 (max threshold 15)
[2022-04-25T23:53:42.521+0000][8][gc,age      ] GC(48) Age table with threshold 15 (max threshold 15)
[2022-04-25T23:53:42.555+0000][8][gc,age      ] GC(48) - age   1:    1107632 bytes,    1107632 total
[2022-04-25T23:53:42.613+0000][8][gc,age      ] GC(48) - age   2:     654120 bytes,    1761752 total
[2022-04-25T23:53:42.643+0000][8][gc,age      ] GC(48) - age   3:     196552 bytes,    1958304 total
[2022-04-25T23:53:42.670+0000][8][gc,mmu      ] GC(48) MMU target violated: 201.0ms (200.0ms/201.0ms)
[2022-04-25T23:53:42.713+0000][8][gc,phases   ] GC(48)   Pre Evacuate Collection Set: 0.4ms
[2022-04-25T23:53:42.737+0000][8][gc,phases   ] GC(48)   Merge Heap Roots: 0.1ms
[2022-04-25T23:53:42.773+0000][8][gc,phases   ] GC(48)   Evacuate Collection Set: 41.4ms
[2022-04-25T23:53:42.822+0000][8][gc,phases   ] GC(48)   Post Evacuate Collection Set: 12.0ms
[2022-04-25T23:53:42.832+0000][8][gc,phases   ] GC(48)   Other: 340.5ms
[2022-04-25T23:53:42.874+0000][8][gc,heap     ] GC(48) Eden regions: 5->0(5)
[2022-04-25T23:53:42.903+0000][8][gc,heap     ] GC(48) Survivor regions: 1->1(1)
[2022-04-25T23:53:42.921+0000][8][gc,heap     ] GC(48) Old regions: 30->30
[2022-04-25T23:53:42.960+0000][8][gc,heap     ] GC(48) Archive regions: 2->2
[2022-04-25T23:53:42.996+0000][8][gc,heap     ] GC(48) Humongous regions: 6->6
[2022-04-25T23:53:43.040+0000][8][gc,metaspace] GC(48) Metaspace: 114916K(116736K)->114916K(116736K) NonClass: 99351K(100352K)->99351K(100352K) Class: 15564K(16384K)->15564K(16384K)
[2022-04-25T23:53:43.064+0000][8][gc          ] GC(48) Pause Young (Normal) (G1 Evacuation Pause) 165M->145M(512M) 745.286ms
[2022-04-25T23:53:43.090+0000][8][gc,cpu      ] GC(48) User=0.11s Sys=0.04s Real=0.77s
[2022-04-25T23:53:43.176+0000][8][safepoint   ] Safepoint "G1CollectForAllocation", Time since last: 365300833 ns, Reaching safepoint: 88500 ns, At safepoint: 858020751 ns, Total: 858109251 ns
[2022-04-25T23:53:44.253+0000][8][safepoint   ] Safepoint "Cleanup", Time since last: 1051509459 ns, Reaching safepoint: 24685208 ns, At safepoint: 207750 ns, Total: 24892958 ns
[2022-04-25T23:53:45.384+0000][8][safepoint   ] Safepoint "Cleanup", Time since last: 1126278375 ns, Reaching safepoint: 5260125 ns, At safepoint: 16084 ns, Total: 5276209 ns
[2022-04-25T23:53:46.423+0000][8][safepoint   ] Safepoint "Cleanup", Time since last: 1039040542 ns, Reaching safepoint: 116958 ns, At safepoint: 5959 ns, Total: 122917 ns
[2022-04-25T23:53:47.740+0000][8][safepoint   ] Safepoint "Cleanup", Time since last: 1294565083 ns, Reaching safepoint: 20468458 ns, At safepoint: 62375 ns, Total: 20530833 ns
[2022-04-25T23:53:49.598+0000][8][gc,start    ] GC(49) Pause Young (Normal) (G1 Evacuation Pause)
[2022-04-25T23:53:49.697+0000][8][gc,task     ] GC(49) Using 5 workers of 5 for evacuation
[2022-04-25T23:53:49.759+0000][8][gc,age      ] GC(49) Desired survivor size 2097152 bytes, new threshold 15 (max threshold 15)
[2022-04-25T23:53:49.953+0000][8][gc,age      ] GC(49) Age table with threshold 15 (max threshold 15)
[2022-04-25T23:53:49.980+0000][8][gc,age      ] GC(49) - age   1:    1014432 bytes,    1014432 total
[2022-04-25T23:53:50.006+0000][8][gc,age      ] GC(49) - age   2:     835696 bytes,    1850128 total
[2022-04-25T23:53:50.045+0000][8][gc,age      ] GC(49) - age   3:     190680 bytes,    2040808 total
[2022-04-25T23:53:50.075+0000][8][gc,age      ] GC(49) - age   4:     195728 bytes,    2236536 total
[2022-04-25T23:53:50.119+0000][8][gc,mmu      ] GC(49) MMU target violated: 201.0ms (200.0ms/201.0ms)
[2022-04-25T23:53:50.148+0000][8][gc,phases   ] GC(49)   Pre Evacuate Collection Set: 0.2ms
[2022-04-25T23:53:50.164+0000][8][gc,phases   ] GC(49)   Merge Heap Roots: 0.1ms
[2022-04-25T23:53:50.210+0000][8][gc,phases   ] GC(49)   Evacuate Collection Set: 23.2ms
[2022-04-25T23:53:50.242+0000][8][gc,phases   ] GC(49)   Post Evacuate Collection Set: 1.5ms
[2022-04-25T23:53:50.280+0000][8][gc,phases   ] GC(49)   Other: 525.0ms
[2022-04-25T23:53:50.325+0000][8][gc,heap     ] GC(49) Eden regions: 5->0(5)
[2022-04-25T23:53:50.365+0000][8][gc,heap     ] GC(49) Survivor regions: 1->1(1)
[2022-04-25T23:53:50.393+0000][8][gc,heap     ] GC(49) Old regions: 30->30
[2022-04-25T23:53:50.419+0000][8][gc,heap     ] GC(49) Archive regions: 2->2
[2022-04-25T23:53:50.454+0000][8][gc,heap     ] GC(49) Humongous regions: 6->6
[2022-04-25T23:53:50.478+0000][8][gc,metaspace] GC(49) Metaspace: 114934K(116736K)->114934K(116736K) NonClass: 99369K(100352K)->99369K(100352K) Class: 15564K(16384K)->15564K(16384K)
[2022-04-25T23:53:50.498+0000][8][gc          ] GC(49) Pause Young (Normal) (G1 Evacuation Pause) 165M->146M(512M) 900.251ms
[2022-04-25T23:53:50.540+0000][8][gc,cpu      ] GC(49) User=0.09s Sys=0.02s Real=0.95s
[2022-04-25T23:53:50.598+0000][8][safepoint   ] Safepoint "G1CollectForAllocation", Time since last: 1857870667 ns, Reaching safepoint: 84625 ns, At safepoint: 1000060084 ns, Total: 1000144709 ns
[2022-04-25T23:53:51.666+0000][8][safepoint   ] Safepoint "Cleanup", Time since last: 1067357542 ns, Reaching safepoint: 562917 ns, At safepoint: 7917 ns, Total: 570834 ns
[2022-04-25T23:53:52.791+0000][8][safepoint   ] Safepoint "Cleanup", Time since last: 1125093042 ns, Reaching safepoint: 79167 ns, At safepoint: 3875 ns, Total: 83042 ns
[2022-04-25T23:53:53.734+0000][8][gc,start    ] GC(50) Pause Young (Normal) (G1 Evacuation Pause)
[2022-04-25T23:53:53.779+0000][8][gc,task     ] GC(50) Using 5 workers of 5 for evacuation
[2022-04-25T23:53:53.781+0000][8][gc,age      ] GC(50) Desired survivor size 2097152 bytes, new threshold 4 (max threshold 15)
[2022-04-25T23:53:53.854+0000][8][gc,age      ] GC(50) Age table with threshold 4 (max threshold 15)
[2022-04-25T23:53:53.900+0000][8][gc,age      ] GC(50) - age   1:    1593640 bytes,    1593640 total
[2022-04-25T23:53:53.936+0000][8][gc,age      ] GC(50) - age   2:     439112 bytes,    2032752 total
[2022-04-25T23:53:53.971+0000][8][gc,age      ] GC(50) - age   3:     361680 bytes,    2394432 total
[2022-04-25T23:53:54.001+0000][8][gc,age      ] GC(50) - age   4:     181264 bytes,    2575696 total
[2022-04-25T23:53:54.058+0000][8][gc,mmu      ] GC(50) MMU target violated: 201.0ms (200.0ms/201.0ms)
[2022-04-25T23:53:54.119+0000][8][gc,phases   ] GC(50)   Pre Evacuate Collection Set: 0.8ms
[2022-04-25T23:53:54.255+0000][8][gc,phases   ] GC(50)   Merge Heap Roots: 0.1ms
[2022-04-25T23:53:54.312+0000][8][gc,phases   ] GC(50)   Evacuate Collection Set: 25.2ms
[2022-04-25T23:53:54.325+0000][8][gc,phases   ] GC(50)   Post Evacuate Collection Set: 1.5ms
[2022-04-25T23:53:54.386+0000][8][gc,phases   ] GC(50)   Other: 357.8ms
[2022-04-25T23:53:54.396+0000][8][gc,heap     ] GC(50) Eden regions: 5->0(5)
[2022-04-25T23:53:54.427+0000][8][gc,heap     ] GC(50) Survivor regions: 1->1(1)
[2022-04-25T23:53:54.461+0000][8][gc,heap     ] GC(50) Old regions: 30->30
[2022-04-25T23:53:54.486+0000][8][gc,heap     ] GC(50) Archive regions: 2->2
[2022-04-25T23:53:54.527+0000][8][gc,heap     ] GC(50) Humongous regions: 6->6
[2022-04-25T23:53:54.536+0000][8][gc,metaspace] GC(50) Metaspace: 114973K(116800K)->114973K(116800K) NonClass: 99408K(100416K)->99408K(100416K) Class: 15565K(16384K)->15565K(16384K)
[2022-04-25T23:53:54.560+0000][8][gc          ] GC(50) Pause Young (Normal) (G1 Evacuation Pause) 166M->146M(512M) 826.095ms
[2022-04-25T23:53:54.585+0000][8][gc,cpu      ] GC(50) User=0.10s Sys=0.04s Real=0.85s
[2022-04-25T23:53:54.612+0000][8][safepoint   ] Safepoint "G1CollectForAllocation", Time since last: 942948042 ns, Reaching safepoint: 75958 ns, At safepoint: 877518542 ns, Total: 877594500 ns
[2022-04-25T23:53:55.678+0000][8][safepoint   ] Safepoint "Cleanup", Time since last: 1060916001 ns, Reaching safepoint: 5246958 ns, At safepoint: 25625 ns, Total: 5272583 ns
[2022-04-25T23:53:56.860+0000][8][safepoint   ] Safepoint "Cleanup", Time since last: 1181838084 ns, Reaching safepoint: 64333 ns, At safepoint: 2917 ns, Total: 67250 ns
[2022-04-25T23:53:57.930+0000][8][safepoint   ] Safepoint "Cleanup", Time since last: 1070046042 ns, Reaching safepoint: 111208 ns, At safepoint: 5625 ns, Total: 116833 ns
[2022-04-25T23:53:59.546+0000][8][safepoint   ] Safepoint "Cleanup", Time since last: 1616004585 ns, Reaching safepoint: 194791 ns, At safepoint: 3667 ns, Total: 198458 ns
[2022-04-25T23:54:00.359+0000][8][gc,start    ] GC(51) Pause Young (Normal) (G1 Evacuation Pause)
[2022-04-25T23:54:00.363+0000][8][gc,task     ] GC(51) Using 5 workers of 5 for evacuation
[2022-04-25T23:54:00.364+0000][8][gc,age      ] GC(51) Desired survivor size 2097152 bytes, new threshold 3 (max threshold 15)
[2022-04-25T23:54:00.368+0000][8][gc,age      ] GC(51) Age table with threshold 3 (max threshold 15)
[2022-04-25T23:54:00.368+0000][8][gc,age      ] GC(51) - age   1:     839200 bytes,     839200 total
[2022-04-25T23:54:00.369+0000][8][gc,age      ] GC(51) - age   2:     959624 bytes,    1798824 total
[2022-04-25T23:54:00.370+0000][8][gc,age      ] GC(51) - age   3:     157464 bytes,    1956288 total
[2022-04-25T23:54:00.373+0000][8][gc,phases   ] GC(51)   Pre Evacuate Collection Set: 0.1ms
[2022-04-25T23:54:00.374+0000][8][gc,phases   ] GC(51)   Merge Heap Roots: 0.1ms
[2022-04-25T23:54:00.375+0000][8][gc,phases   ] GC(51)   Evacuate Collection Set: 1.4ms
[2022-04-25T23:54:00.375+0000][8][gc,phases   ] GC(51)   Post Evacuate Collection Set: 0.6ms
[2022-04-25T23:54:00.377+0000][8][gc,phases   ] GC(51)   Other: 11.4ms
[2022-04-25T23:54:00.377+0000][8][gc,heap     ] GC(51) Eden regions: 5->0(5)
[2022-04-25T23:54:00.378+0000][8][gc,heap     ] GC(51) Survivor regions: 1->1(1)
[2022-04-25T23:54:00.378+0000][8][gc,heap     ] GC(51) Old regions: 30->30
[2022-04-25T23:54:00.379+0000][8][gc,heap     ] GC(51) Archive regions: 2->2
[2022-04-25T23:54:00.380+0000][8][gc,heap     ] GC(51) Humongous regions: 6->6
[2022-04-25T23:54:00.380+0000][8][gc,metaspace] GC(51) Metaspace: 114980K(116800K)->114980K(116800K) NonClass: 99415K(100416K)->99415K(100416K) Class: 15565K(16384K)->15565K(16384K)
[2022-04-25T23:54:00.381+0000][8][gc          ] GC(51) Pause Young (Normal) (G1 Evacuation Pause) 166M->146M(512M) 21.589ms
[2022-04-25T23:54:00.382+0000][8][gc,cpu      ] GC(51) User=0.01s Sys=0.00s Real=0.02s
[2022-04-25T23:54:00.383+0000][8][safepoint   ] Safepoint "G1CollectForAllocation", Time since last: 812958625 ns, Reaching safepoint: 131167 ns, At safepoint: 23709292 ns, Total: 23840459 ns
[2022-04-25T23:54:01.457+0000][8][safepoint   ] Safepoint "Cleanup", Time since last: 1036690708 ns, Reaching safepoint: 36465875 ns, At safepoint: 783000 ns, Total: 37248875 ns
[2022-04-25T23:54:02.100+0000][8][gc,start    ] GC(52) Pause Young (Normal) (G1 Evacuation Pause)
[2022-04-25T23:54:02.102+0000][8][gc,task     ] GC(52) Using 5 workers of 5 for evacuation
[2022-04-25T23:54:02.104+0000][8][gc,age      ] GC(52) Desired survivor size 2097152 bytes, new threshold 15 (max threshold 15)
[2022-04-25T23:54:02.107+0000][8][gc,age      ] GC(52) Age table with threshold 15 (max threshold 15)
[2022-04-25T23:54:02.108+0000][8][gc,age      ] GC(52) - age   1:     431576 bytes,     431576 total
[2022-04-25T23:54:02.109+0000][8][gc,age      ] GC(52) - age   2:     761968 bytes,    1193544 total
[2022-04-25T23:54:02.110+0000][8][gc,age      ] GC(52) - age   3:     671064 bytes,    1864608 total
[2022-04-25T23:54:02.112+0000][8][gc,age      ] GC(52) - age   4:     157464 bytes,    2022072 total
[2022-04-25T23:54:02.113+0000][8][gc,phases   ] GC(52)   Pre Evacuate Collection Set: 0.2ms
[2022-04-25T23:54:02.114+0000][8][gc,phases   ] GC(52)   Merge Heap Roots: 0.3ms
[2022-04-25T23:54:02.115+0000][8][gc,phases   ] GC(52)   Evacuate Collection Set: 1.7ms
[2022-04-25T23:54:02.116+0000][8][gc,phases   ] GC(52)   Post Evacuate Collection Set: 0.7ms
[2022-04-25T23:54:02.117+0000][8][gc,phases   ] GC(52)   Other: 10.4ms
[2022-04-25T23:54:02.118+0000][8][gc,heap     ] GC(52) Eden regions: 5->0(9)
[2022-04-25T23:54:02.119+0000][8][gc,heap     ] GC(52) Survivor regions: 1->1(1)
[2022-04-25T23:54:02.120+0000][8][gc,heap     ] GC(52) Old regions: 30->30
[2022-04-25T23:54:02.123+0000][8][gc,heap     ] GC(52) Archive regions: 2->2
[2022-04-25T23:54:02.123+0000][8][gc,heap     ] GC(52) Humongous regions: 6->6
[2022-04-25T23:54:02.124+0000][8][gc,metaspace] GC(52) Metaspace: 115066K(116864K)->115066K(116864K) NonClass: 99501K(100480K)->99501K(100480K) Class: 15565K(16384K)->15565K(16384K)
[2022-04-25T23:54:02.125+0000][8][gc          ] GC(52) Pause Young (Normal) (G1 Evacuation Pause) 166M->146M(512M) 25.073ms
[2022-04-25T23:54:02.126+0000][8][gc,cpu      ] GC(52) User=0.01s Sys=0.00s Real=0.02s
[2022-04-25T23:54:02.127+0000][8][safepoint   ] Safepoint "G1CollectForAllocation", Time since last: 642507542 ns, Reaching safepoint: 233584 ns, At safepoint: 27159958 ns, Total: 27393542 ns
[2022-04-25T23:54:03.132+0000][8][safepoint   ] Safepoint "Cleanup", Time since last: 1003984501 ns, Reaching safepoint: 1145500 ns, At safepoint: 9541 ns, Total: 1155041 ns
[2022-04-25T23:54:04.708+0000][8][safepoint   ] Safepoint "Cleanup", Time since last: 1574127251 ns, Reaching safepoint: 1775958 ns, At safepoint: 7917 ns, Total: 1783875 ns
[2022-04-25T23:54:05.802+0000][8][safepoint   ] Safepoint "Cleanup", Time since last: 1093994709 ns, Reaching safepoint: 584417 ns, At safepoint: 11750 ns, Total: 596167 ns
[2022-04-25T23:54:07.828+0000][8][safepoint   ] Safepoint "Cleanup", Time since last: 2025022292 ns, Reaching safepoint: 299875 ns, At safepoint: 15500 ns, Total: 315375 ns
[2022-04-25T23:54:08.917+0000][8][safepoint   ] Safepoint "Cleanup", Time since last: 1088878917 ns, Reaching safepoint: 186875 ns, At safepoint: 172750 ns, Total: 359625 ns
[2022-04-25T23:54:10.030+0000][8][safepoint   ] Safepoint "Cleanup", Time since last: 1106677293 ns, Reaching safepoint: 6272000 ns, At safepoint: 28208 ns, Total: 6300208 ns
[2022-04-25T23:54:11.179+0000][8][safepoint   ] Safepoint "Cleanup", Time since last: 1142477042 ns, Reaching safepoint: 6679833 ns, At safepoint: 11834 ns, Total: 6691667 ns
[2022-04-25T23:54:12.585+0000][8][safepoint   ] Safepoint "Cleanup", Time since last: 1405512792 ns, Reaching safepoint: 83417 ns, At safepoint: 3083 ns, Total: 86500 ns
[2022-04-25T23:54:13.690+0000][8][safepoint   ] Safepoint "Cleanup", Time since last: 1097202626 ns, Reaching safepoint: 8025875 ns, At safepoint: 28208 ns, Total: 8054083 ns
[2022-04-25T23:54:14.253+0000][8][gc,start    ] GC(53) Pause Young (Normal) (G1 Evacuation Pause)
[2022-04-25T23:54:14.333+0000][8][gc,task     ] GC(53) Using 5 workers of 5 for evacuation
[2022-04-25T23:54:14.391+0000][8][gc,age      ] GC(53) Desired survivor size 4194304 bytes, new threshold 15 (max threshold 15)
[2022-04-25T23:54:14.463+0000][8][gc,age      ] GC(53) Age table with threshold 15 (max threshold 15)
[2022-04-25T23:54:14.464+0000][8][gc,age      ] GC(53) - age   1:    1008824 bytes,    1008824 total
[2022-04-25T23:54:14.470+0000][8][gc,age      ] GC(53) - age   2:      39080 bytes,    1047904 total
[2022-04-25T23:54:14.488+0000][8][gc,age      ] GC(53) - age   3:     318504 bytes,    1366408 total
[2022-04-25T23:54:14.514+0000][8][gc,age      ] GC(53) - age   4:     460744 bytes,    1827152 total
[2022-04-25T23:54:14.552+0000][8][gc,age      ] GC(53) - age   5:     145840 bytes,    1972992 total
[2022-04-25T23:54:14.559+0000][8][gc,phases   ] GC(53)   Pre Evacuate Collection Set: 0.5ms
[2022-04-25T23:54:14.560+0000][8][gc,phases   ] GC(53)   Merge Heap Roots: 0.1ms
[2022-04-25T23:54:14.561+0000][8][gc,phases   ] GC(53)   Evacuate Collection Set: 45.9ms
[2022-04-25T23:54:14.562+0000][8][gc,phases   ] GC(53)   Post Evacuate Collection Set: 20.0ms
[2022-04-25T23:54:14.563+0000][8][gc,phases   ] GC(53)   Other: 239.3ms
[2022-04-25T23:54:14.564+0000][8][gc,heap     ] GC(53) Eden regions: 9->0(17)
[2022-04-25T23:54:14.565+0000][8][gc,heap     ] GC(53) Survivor regions: 1->1(2)
[2022-04-25T23:54:14.566+0000][8][gc,heap     ] GC(53) Old regions: 30->30
[2022-04-25T23:54:14.567+0000][8][gc,heap     ] GC(53) Archive regions: 2->2
[2022-04-25T23:54:14.568+0000][8][gc,heap     ] GC(53) Humongous regions: 6->6
[2022-04-25T23:54:14.569+0000][8][gc,metaspace] GC(53) Metaspace: 115110K(116992K)->115110K(116992K) NonClass: 99544K(100608K)->99544K(100608K) Class: 15565K(16384K)->15565K(16384K)
[2022-04-25T23:54:14.570+0000][8][gc          ] GC(53) Pause Young (Normal) (G1 Evacuation Pause) 182M->146M(512M) 316.588ms
[2022-04-25T23:54:14.571+0000][8][gc,cpu      ] GC(53) User=0.14s Sys=0.03s Real=0.32s
[2022-04-25T23:54:14.572+0000][8][safepoint   ] Safepoint "G1CollectForAllocation", Time since last: 562826500 ns, Reaching safepoint: 519792 ns, At safepoint: 318799667 ns, Total: 319319459 ns
[2022-04-25T23:54:15.599+0000][8][safepoint   ] Safepoint "Cleanup", Time since last: 1026702125 ns, Reaching safepoint: 114625 ns, At safepoint: 6042 ns, Total: 120667 ns
[2022-04-25T23:54:18.737+0000][8][safepoint   ] Safepoint "Cleanup", Time since last: 3126268501 ns, Reaching safepoint: 125583 ns, At safepoint: 5834 ns, Total: 131417 ns
[2022-04-25T23:54:19.825+0000][8][safepoint   ] Safepoint "Cleanup", Time since last: 1087937125 ns, Reaching safepoint: 175959 ns, At safepoint: 6333 ns, Total: 182292 ns
[2022-04-25T23:54:20.896+0000][8][safepoint   ] Safepoint "Cleanup", Time since last: 1070881375 ns, Reaching safepoint: 121375 ns, At safepoint: 6209 ns, Total: 127584 ns
[2022-04-25T23:54:22.146+0000][8][safepoint   ] Safepoint "Cleanup", Time since last: 1250035667 ns, Reaching safepoint: 116292 ns, At safepoint: 6166 ns, Total: 122458 ns
[2022-04-25T23:54:23.250+0000][8][safepoint   ] Safepoint "Cleanup", Time since last: 1103771876 ns, Reaching safepoint: 132958 ns, At safepoint: 6458 ns, Total: 139416 ns
[2022-04-25T23:54:24.423+0000][8][safepoint   ] Safepoint "Cleanup", Time since last: 1173405168 ns, Reaching safepoint: 104458 ns, At safepoint: 5542 ns, Total: 110000 ns
[2022-04-25T23:54:25.477+0000][8][safepoint   ] Safepoint "Cleanup", Time since last: 1053412084 ns, Reaching safepoint: 92875 ns, At safepoint: 5458 ns, Total: 98333 ns
[2022-04-25T23:54:27.518+0000][8][safepoint   ] Safepoint "Cleanup", Time since last: 2040449793 ns, Reaching safepoint: 113250 ns, At safepoint: 5958 ns, Total: 119208 ns
[2022-04-25T23:54:28.574+0000][8][safepoint   ] Safepoint "Cleanup", Time since last: 1056358834 ns, Reaching safepoint: 105791 ns, At safepoint: 5209 ns, Total: 111000 ns
[2022-04-25T23:54:29.660+0000][8][safepoint   ] Safepoint "Cleanup", Time since last: 1085555000 ns, Reaching safepoint: 117167 ns, At safepoint: 4083 ns, Total: 121250 ns
[2022-04-25T23:54:30.779+0000][8][safepoint   ] Safepoint "Cleanup", Time since last: 1116391376 ns, Reaching safepoint: 2761833 ns, At safepoint: 8417 ns, Total: 2770250 ns
[2022-04-25T23:54:32.043+0000][8][safepoint   ] Safepoint "Cleanup", Time since last: 1263922417 ns, Reaching safepoint: 101333 ns, At safepoint: 5375 ns, Total: 106708 ns
[2022-04-25T23:54:33.097+0000][8][safepoint   ] Safepoint "Cleanup", Time since last: 1046698376 ns, Reaching safepoint: 7011250 ns, At safepoint: 10125 ns, Total: 7021375 ns
[2022-04-25T23:54:34.281+0000][8][gc,start    ] GC(54) Pause Young (Normal) (G1 Evacuation Pause)
[2022-04-25T23:54:34.348+0000][8][gc,task     ] GC(54) Using 5 workers of 5 for evacuation
[2022-04-25T23:54:34.367+0000][8][gc,age      ] GC(54) Desired survivor size 6291456 bytes, new threshold 15 (max threshold 15)
[2022-04-25T23:54:34.461+0000][8][gc,age      ] GC(54) Age table with threshold 15 (max threshold 15)
[2022-04-25T23:54:34.553+0000][8][gc,age      ] GC(54) - age   1:    1328216 bytes,    1328216 total
[2022-04-25T23:54:34.605+0000][8][gc,age      ] GC(54) - age   2:     458504 bytes,    1786720 total
[2022-04-25T23:54:34.708+0000][8][gc,age      ] GC(54) - age   3:      38224 bytes,    1824944 total
[2022-04-25T23:54:34.740+0000][8][gc,age      ] GC(54) - age   4:     295552 bytes,    2120496 total
[2022-04-25T23:54:34.765+0000][8][gc,age      ] GC(54) - age   5:     178088 bytes,    2298584 total
[2022-04-25T23:54:34.797+0000][8][gc,age      ] GC(54) - age   6:     145312 bytes,    2443896 total
[2022-04-25T23:54:34.847+0000][8][gc,mmu      ] GC(54) MMU target violated: 201.0ms (200.0ms/201.0ms)
[2022-04-25T23:54:34.901+0000][8][gc,phases   ] GC(54)   Pre Evacuate Collection Set: 0.1ms
[2022-04-25T23:54:34.937+0000][8][gc,phases   ] GC(54)   Merge Heap Roots: 0.1ms
[2022-04-25T23:54:34.963+0000][8][gc,phases   ] GC(54)   Evacuate Collection Set: 11.0ms
[2022-04-25T23:54:35.007+0000][8][gc,phases   ] GC(54)   Post Evacuate Collection Set: 11.4ms
[2022-04-25T23:54:35.024+0000][8][gc,phases   ] GC(54)   Other: 596.7ms
[2022-04-25T23:54:35.072+0000][8][gc,heap     ] GC(54) Eden regions: 17->0(5)
[2022-04-25T23:54:35.095+0000][8][gc,heap     ] GC(54) Survivor regions: 1->1(3)
[2022-04-25T23:54:35.156+0000][8][gc,heap     ] GC(54) Old regions: 30->30
[2022-04-25T23:54:35.246+0000][8][gc,heap     ] GC(54) Archive regions: 2->2
[2022-04-25T23:54:35.300+0000][8][gc,heap     ] GC(54) Humongous regions: 6->6
[2022-04-25T23:54:35.322+0000][8][gc,metaspace] GC(54) Metaspace: 115170K(117056K)->115170K(117056K) NonClass: 99603K(100672K)->99603K(100672K) Class: 15566K(16384K)->15566K(16384K)
[2022-04-25T23:54:35.337+0000][8][gc          ] GC(54) Pause Young (Normal) (G1 Evacuation Pause) 214M->146M(512M) 1055.748ms
[2022-04-25T23:54:35.350+0000][8][gc,cpu      ] GC(54) User=0.17s Sys=0.05s Real=1.07s
[2022-04-25T23:54:35.377+0000][8][safepoint   ] Safepoint "G1CollectForAllocation", Time since last: 1180435792 ns, Reaching safepoint: 4274667 ns, At safepoint: 1095824125 ns, Total: 1100098792 ns
[2022-04-25T23:54:36.452+0000][8][safepoint   ] Safepoint "Cleanup", Time since last: 1069797126 ns, Reaching safepoint: 4796583 ns, At safepoint: 41417 ns, Total: 4838000 ns
[2022-04-25T23:54:37.682+0000][8][safepoint   ] Safepoint "Cleanup", Time since last: 1175707792 ns, Reaching safepoint: 54237583 ns, At safepoint: 20000 ns, Total: 54257583 ns
[2022-04-25T23:54:38.798+0000][8][safepoint   ] Safepoint "Cleanup", Time since last: 1115824126 ns, Reaching safepoint: 121208 ns, At safepoint: 6084 ns, Total: 127292 ns
[2022-04-25T23:54:41.035+0000][8][safepoint   ] Safepoint "Cleanup", Time since last: 2237059334 ns, Reaching safepoint: 69333 ns, At safepoint: 3084 ns, Total: 72417 ns
[2022-04-25T23:54:41.125+0000][8][gc,start    ] GC(55) Pause Young (Normal) (G1 Evacuation Pause)
[2022-04-25T23:54:41.203+0000][8][gc,task     ] GC(55) Using 5 workers of 5 for evacuation
[2022-04-25T23:54:41.272+0000][8][gc,age      ] GC(55) Desired survivor size 2097152 bytes, new threshold 4 (max threshold 15)
[2022-04-25T23:54:41.346+0000][8][gc,age      ] GC(55) Age table with threshold 4 (max threshold 15)
[2022-04-25T23:54:41.410+0000][8][gc,age      ] GC(55) - age   1:     845544 bytes,     845544 total
[2022-04-25T23:54:41.435+0000][8][gc,age      ] GC(55) - age   2:     942480 bytes,    1788024 total
[2022-04-25T23:54:41.673+0000][8][gc,age      ] GC(55) - age   3:     367832 bytes,    2155856 total
[2022-04-25T23:54:41.903+0000][8][gc,age      ] GC(55) - age   4:      38160 bytes,    2194016 total
[2022-04-25T23:54:42.065+0000][8][gc,mmu      ] GC(55) MMU target violated: 201.0ms (200.0ms/201.0ms)
[2022-04-25T23:54:42.234+0000][8][gc,phases   ] GC(55)   Pre Evacuate Collection Set: 0.2ms
[2022-04-25T23:54:42.314+0000][8][gc,phases   ] GC(55)   Merge Heap Roots: 0.1ms
[2022-04-25T23:54:42.506+0000][8][gc,phases   ] GC(55)   Evacuate Collection Set: 31.1ms
[2022-04-25T23:54:42.585+0000][8][gc,phases   ] GC(55)   Post Evacuate Collection Set: 0.9ms
[2022-04-25T23:54:42.669+0000][8][gc,phases   ] GC(55)   Other: 1076.0ms
[2022-04-25T23:54:42.719+0000][8][gc,heap     ] GC(55) Eden regions: 5->0(5)
[2022-04-25T23:54:42.725+0000][8][gc,heap     ] GC(55) Survivor regions: 1->1(1)
[2022-04-25T23:54:42.739+0000][8][gc,heap     ] GC(55) Old regions: 30->30
[2022-04-25T23:54:42.742+0000][8][gc,heap     ] GC(55) Archive regions: 2->2
[2022-04-25T23:54:42.743+0000][8][gc,heap     ] GC(55) Humongous regions: 6->6
[2022-04-25T23:54:42.744+0000][8][gc,metaspace] GC(55) Metaspace: 115175K(117056K)->115175K(117056K) NonClass: 99608K(100672K)->99608K(100672K) Class: 15566K(16384K)->15566K(16384K)
[2022-04-25T23:54:42.745+0000][8][gc          ] GC(55) Pause Young (Normal) (G1 Evacuation Pause) 166M->147M(512M) 1620.150ms
[2022-04-25T23:54:42.746+0000][8][gc,cpu      ] GC(55) User=0.09s Sys=0.02s Real=1.62s
[2022-04-25T23:54:42.751+0000][8][safepoint   ] Safepoint "G1CollectForAllocation", Time since last: 90291291 ns, Reaching safepoint: 145750 ns, At safepoint: 1625645918 ns, Total: 1625791668 ns
[2022-04-25T23:54:43.782+0000][8][safepoint   ] Safepoint "Cleanup", Time since last: 1030778125 ns, Reaching safepoint: 69125 ns, At safepoint: 4667 ns, Total: 73792 ns
[2022-04-25T23:54:45.038+0000][8][safepoint   ] Safepoint "Cleanup", Time since last: 1256593376 ns, Reaching safepoint: 107833 ns, At safepoint: 3792 ns, Total: 111625 ns
[2022-04-25T23:54:45.917+0000][8][gc,start    ] GC(56) Pause Young (Normal) (G1 Evacuation Pause)
[2022-04-25T23:54:45.976+0000][8][gc,task     ] GC(56) Using 5 workers of 5 for evacuation
[2022-04-25T23:54:46.007+0000][8][gc,age      ] GC(56) Desired survivor size 2097152 bytes, new threshold 3 (max threshold 15)
[2022-04-25T23:54:46.146+0000][8][gc,age      ] GC(56) Age table with threshold 3 (max threshold 15)
[2022-04-25T23:54:46.157+0000][8][gc,age      ] GC(56) - age   1:     589584 bytes,     589584 total
[2022-04-25T23:54:46.165+0000][8][gc,age      ] GC(56) - age   2:     721392 bytes,    1310976 total
[2022-04-25T23:54:46.166+0000][8][gc,age      ] GC(56) - age   3:     917272 bytes,    2228248 total
[2022-04-25T23:54:46.168+0000][8][gc,phases   ] GC(56)   Pre Evacuate Collection Set: 0.1ms
[2022-04-25T23:54:46.169+0000][8][gc,phases   ] GC(56)   Merge Heap Roots: 0.0ms
[2022-04-25T23:54:46.170+0000][8][gc,phases   ] GC(56)   Evacuate Collection Set: 64.1ms
[2022-04-25T23:54:46.171+0000][8][gc,phases   ] GC(56)   Post Evacuate Collection Set: 5.1ms
[2022-04-25T23:54:46.172+0000][8][gc,phases   ] GC(56)   Other: 181.7ms
[2022-04-25T23:54:46.173+0000][8][gc,heap     ] GC(56) Eden regions: 5->0(5)
[2022-04-25T23:54:46.174+0000][8][gc,heap     ] GC(56) Survivor regions: 1->1(1)
[2022-04-25T23:54:46.175+0000][8][gc,heap     ] GC(56) Old regions: 30->30
[2022-04-25T23:54:46.176+0000][8][gc,heap     ] GC(56) Archive regions: 2->2
[2022-04-25T23:54:46.177+0000][8][gc,heap     ] GC(56) Humongous regions: 6->6
[2022-04-25T23:54:46.178+0000][8][gc,metaspace] GC(56) Metaspace: 115189K(117056K)->115189K(117056K) NonClass: 99623K(100672K)->99623K(100672K) Class: 15566K(16384K)->15566K(16384K)
[2022-04-25T23:54:46.179+0000][8][gc          ] GC(56) Pause Young (Normal) (G1 Evacuation Pause) 167M->147M(512M) 262.276ms
[2022-04-25T23:54:46.180+0000][8][gc,cpu      ] GC(56) User=0.11s Sys=0.03s Real=0.27s
[2022-04-25T23:54:46.182+0000][8][safepoint   ] Safepoint "G1CollectForAllocation", Time since last: 878023000 ns, Reaching safepoint: 108625 ns, At safepoint: 264962083 ns, Total: 265070708 ns
[2022-04-25T23:54:47.192+0000][8][safepoint   ] Safepoint "Cleanup", Time since last: 1006338626 ns, Reaching safepoint: 4605792 ns, At safepoint: 13833 ns, Total: 4619625 ns
[2022-04-25T23:54:48.386+0000][8][safepoint   ] Safepoint "Cleanup", Time since last: 1099521875 ns, Reaching safepoint: 124802250 ns, At safepoint: 47875 ns, Total: 124850125 ns
[2022-04-25T23:54:49.478+0000][8][safepoint   ] Safepoint "Cleanup", Time since last: 1091098918 ns, Reaching safepoint: 115333 ns, At safepoint: 20583 ns, Total: 135916 ns
[2022-04-25T23:54:50.560+0000][8][safepoint   ] Safepoint "Cleanup", Time since last: 1072074876 ns, Reaching safepoint: 10158541 ns, At safepoint: 62167 ns, Total: 10220708 ns
[2022-04-25T23:54:51.728+0000][8][safepoint   ] Safepoint "Cleanup", Time since last: 1099513042 ns, Reaching safepoint: 68256584 ns, At safepoint: 60000 ns, Total: 68316584 ns
[2022-04-25T23:54:53.071+0000][8][gc,start    ] GC(57) Pause Young (Normal) (G1 Evacuation Pause)
[2022-04-25T23:54:53.074+0000][8][gc,task     ] GC(57) Using 5 workers of 5 for evacuation
[2022-04-25T23:54:53.075+0000][8][gc,age      ] GC(57) Desired survivor size 2097152 bytes, new threshold 3 (max threshold 15)
[2022-04-25T23:54:53.079+0000][8][gc,age      ] GC(57) Age table with threshold 3 (max threshold 15)
[2022-04-25T23:54:53.081+0000][8][gc,age      ] GC(57) - age   1:    1114640 bytes,    1114640 total
[2022-04-25T23:54:53.082+0000][8][gc,age      ] GC(57) - age   2:      75672 bytes,    1190312 total
[2022-04-25T23:54:53.083+0000][8][gc,age      ] GC(57) - age   3:     609888 bytes,    1800200 total
[2022-04-25T23:54:53.083+0000][8][gc,phases   ] GC(57)   Pre Evacuate Collection Set: 0.1ms
[2022-04-25T23:54:53.084+0000][8][gc,phases   ] GC(57)   Merge Heap Roots: 0.0ms
[2022-04-25T23:54:53.085+0000][8][gc,phases   ] GC(57)   Evacuate Collection Set: 2.0ms
[2022-04-25T23:54:53.085+0000][8][gc,phases   ] GC(57)   Post Evacuate Collection Set: 1.5ms
[2022-04-25T23:54:53.086+0000][8][gc,phases   ] GC(57)   Other: 8.8ms
[2022-04-25T23:54:53.087+0000][8][gc,heap     ] GC(57) Eden regions: 5->0(5)
[2022-04-25T23:54:53.088+0000][8][gc,heap     ] GC(57) Survivor regions: 1->1(1)
[2022-04-25T23:54:53.089+0000][8][gc,heap     ] GC(57) Old regions: 30->30
[2022-04-25T23:54:53.090+0000][8][gc,heap     ] GC(57) Archive regions: 2->2
[2022-04-25T23:54:53.091+0000][8][gc,heap     ] GC(57) Humongous regions: 6->6
[2022-04-25T23:54:53.092+0000][8][gc,metaspace] GC(57) Metaspace: 115196K(117056K)->115196K(117056K) NonClass: 99629K(100672K)->99629K(100672K) Class: 15566K(16384K)->15566K(16384K)
[2022-04-25T23:54:53.093+0000][8][gc          ] GC(57) Pause Young (Normal) (G1 Evacuation Pause) 167M->147M(512M) 22.010ms
[2022-04-25T23:54:53.094+0000][8][gc,cpu      ] GC(57) User=0.01s Sys=0.01s Real=0.02s
[2022-04-25T23:54:53.095+0000][8][safepoint   ] Safepoint "G1CollectForAllocation", Time since last: 1342318667 ns, Reaching safepoint: 847833 ns, At safepoint: 23710334 ns, Total: 24558167 ns
[2022-04-25T23:54:54.149+0000][8][safepoint   ] Safepoint "Cleanup", Time since last: 1053969834 ns, Reaching safepoint: 91541 ns, At safepoint: 5417 ns, Total: 96958 ns
[2022-04-25T23:54:55.168+0000][8][safepoint   ] Safepoint "Cleanup", Time since last: 1019105209 ns, Reaching safepoint: 105500 ns, At safepoint: 5958 ns, Total: 111458 ns
[2022-04-25T23:54:56.324+0000][8][safepoint   ] Safepoint "Cleanup", Time since last: 1155901459 ns, Reaching safepoint: 69208 ns, At safepoint: 3459 ns, Total: 72667 ns
[2022-04-25T23:54:57.532+0000][8][safepoint   ] Safepoint "Cleanup", Time since last: 1144677917 ns, Reaching safepoint: 62879458 ns, At safepoint: 36542 ns, Total: 62916000 ns
[2022-04-25T23:54:58.797+0000][8][safepoint   ] Safepoint "Cleanup", Time since last: 1265289167 ns, Reaching safepoint: 76875 ns, At safepoint: 2958 ns, Total: 79833 ns
[2022-04-25T23:55:00.078+0000][8][safepoint   ] Safepoint "Cleanup", Time since last: 1277497668 ns, Reaching safepoint: 4034041 ns, At safepoint: 10417 ns, Total: 4044458 ns
[2022-04-25T23:55:00.232+0000][8][gc,start    ] GC(58) Pause Young (Normal) (G1 Evacuation Pause)
[2022-04-25T23:55:00.235+0000][8][gc,task     ] GC(58) Using 5 workers of 5 for evacuation
[2022-04-25T23:55:00.239+0000][8][gc,age      ] GC(58) Desired survivor size 2097152 bytes, new threshold 15 (max threshold 15)
[2022-04-25T23:55:00.245+0000][8][gc,age      ] GC(58) Age table with threshold 15 (max threshold 15)
[2022-04-25T23:55:00.246+0000][8][gc,age      ] GC(58) - age   1:    1053696 bytes,    1053696 total
[2022-04-25T23:55:00.247+0000][8][gc,age      ] GC(58) - age   2:     588144 bytes,    1641840 total
[2022-04-25T23:55:00.248+0000][8][gc,age      ] GC(58) - age   3:      74520 bytes,    1716360 total
[2022-04-25T23:55:00.249+0000][8][gc,age      ] GC(58) - age   4:     609752 bytes,    2326112 total
[2022-04-25T23:55:00.249+0000][8][gc,phases   ] GC(58)   Pre Evacuate Collection Set: 0.2ms
[2022-04-25T23:55:00.250+0000][8][gc,phases   ] GC(58)   Merge Heap Roots: 0.2ms
[2022-04-25T23:55:00.251+0000][8][gc,phases   ] GC(58)   Evacuate Collection Set: 1.7ms
[2022-04-25T23:55:00.253+0000][8][gc,phases   ] GC(58)   Post Evacuate Collection Set: 1.2ms
[2022-04-25T23:55:00.254+0000][8][gc,phases   ] GC(58)   Other: 14.5ms
[2022-04-25T23:55:00.256+0000][8][gc,heap     ] GC(58) Eden regions: 5->0(5)
[2022-04-25T23:55:00.257+0000][8][gc,heap     ] GC(58) Survivor regions: 1->1(1)
[2022-04-25T23:55:00.258+0000][8][gc,heap     ] GC(58) Old regions: 30->30
[2022-04-25T23:55:00.259+0000][8][gc,heap     ] GC(58) Archive regions: 2->2
[2022-04-25T23:55:00.261+0000][8][gc,heap     ] GC(58) Humongous regions: 6->6
[2022-04-25T23:55:00.262+0000][8][gc,metaspace] GC(58) Metaspace: 115200K(117056K)->115200K(117056K) NonClass: 99634K(100672K)->99634K(100672K) Class: 15566K(16384K)->15566K(16384K)
[2022-04-25T23:55:00.263+0000][8][gc          ] GC(58) Pause Young (Normal) (G1 Evacuation Pause) 167M->148M(512M) 31.134ms
[2022-04-25T23:55:00.264+0000][8][gc,cpu      ] GC(58) User=0.01s Sys=0.00s Real=0.03s
[2022-04-25T23:55:00.265+0000][8][safepoint   ] Safepoint "G1CollectForAllocation", Time since last: 153090250 ns, Reaching safepoint: 38583 ns, At safepoint: 32959042 ns, Total: 32997625 ns
[2022-04-25T23:55:01.280+0000][8][safepoint   ] Safepoint "Cleanup", Time since last: 1015836459 ns, Reaching safepoint: 86667 ns, At safepoint: 7583 ns, Total: 94250 ns
[2022-04-25T23:55:02.424+0000][8][safepoint   ] Safepoint "Cleanup", Time since last: 1142598834 ns, Reaching safepoint: 120000 ns, At safepoint: 5666 ns, Total: 125666 ns
[2022-04-25T23:55:04.584+0000][8][safepoint   ] Safepoint "Cleanup", Time since last: 2146561293 ns, Reaching safepoint: 14306292 ns, At safepoint: 23208 ns, Total: 14329500 ns
[2022-04-25T23:55:04.666+0000][8][gc,start    ] GC(59) Pause Young (Normal) (G1 Evacuation Pause)
[2022-04-25T23:55:04.749+0000][8][gc,task     ] GC(59) Using 5 workers of 5 for evacuation
[2022-04-25T23:55:04.829+0000][8][gc,age      ] GC(59) Desired survivor size 2097152 bytes, new threshold 4 (max threshold 15)
[2022-04-25T23:55:04.864+0000][8][gc,age      ] GC(59) Age table with threshold 4 (max threshold 15)
[2022-04-25T23:55:04.895+0000][8][gc,age      ] GC(59) - age   1:     837056 bytes,     837056 total
[2022-04-25T23:55:04.906+0000][8][gc,age      ] GC(59) - age   2:     661224 bytes,    1498280 total
[2022-04-25T23:55:04.932+0000][8][gc,age      ] GC(59) - age   3:     575360 bytes,    2073640 total
[2022-04-25T23:55:04.973+0000][8][gc,age      ] GC(59) - age   4:      49040 bytes,    2122680 total
[2022-04-25T23:55:05.023+0000][8][gc,phases   ] GC(59)   Pre Evacuate Collection Set: 0.2ms
[2022-04-25T23:55:05.049+0000][8][gc,phases   ] GC(59)   Merge Heap Roots: 0.1ms
[2022-04-25T23:55:05.095+0000][8][gc,phases   ] GC(59)   Evacuate Collection Set: 12.8ms
[2022-04-25T23:55:05.183+0000][8][gc,phases   ] GC(59)   Post Evacuate Collection Set: 1.9ms
[2022-04-25T23:55:05.206+0000][8][gc,phases   ] GC(59)   Other: 342.3ms
[2022-04-25T23:55:05.251+0000][8][gc,heap     ] GC(59) Eden regions: 5->0(5)
[2022-04-25T23:55:05.289+0000][8][gc,heap     ] GC(59) Survivor regions: 1->1(1)
[2022-04-25T23:55:05.312+0000][8][gc,heap     ] GC(59) Old regions: 30->30
[2022-04-25T23:55:05.336+0000][8][gc,heap     ] GC(59) Archive regions: 2->2
[2022-04-25T23:55:05.345+0000][8][gc,heap     ] GC(59) Humongous regions: 6->6
[2022-04-25T23:55:05.358+0000][8][gc,metaspace] GC(59) Metaspace: 115202K(117056K)->115202K(117056K) NonClass: 99636K(100672K)->99636K(100672K) Class: 15566K(16384K)->15566K(16384K)
[2022-04-25T23:55:05.372+0000][8][gc          ] GC(59) Pause Young (Normal) (G1 Evacuation Pause) 168M->148M(512M) 706.022ms
[2022-04-25T23:55:05.382+0000][8][gc,cpu      ] GC(59) User=0.07s Sys=0.02s Real=0.72s
[2022-04-25T23:55:05.385+0000][8][safepoint   ] Safepoint "G1CollectForAllocation", Time since last: 69288959 ns, Reaching safepoint: 12087083 ns, At safepoint: 719276750 ns, Total: 731363833 ns
[2022-04-25T23:55:06.475+0000][8][safepoint   ] Safepoint "Cleanup", Time since last: 1058431959 ns, Reaching safepoint: 31890375 ns, At safepoint: 49500 ns, Total: 31939875 ns
[2022-04-25T23:55:07.672+0000][8][safepoint   ] Safepoint "Cleanup", Time since last: 1196682459 ns, Reaching safepoint: 61250 ns, At safepoint: 2542 ns, Total: 63792 ns
[2022-04-25T23:55:11.865+0000][8][safepoint   ] Safepoint "Cleanup", Time since last: 4193212585 ns, Reaching safepoint: 67667 ns, At safepoint: 3333 ns, Total: 71000 ns
[2022-04-25T23:55:12.765+0000][8][gc,start    ] GC(60) Pause Young (Normal) (G1 Evacuation Pause)
[2022-04-25T23:55:12.766+0000][8][gc,task     ] GC(60) Using 5 workers of 5 for evacuation
[2022-04-25T23:55:12.768+0000][8][gc,age      ] GC(60) Desired survivor size 2097152 bytes, new threshold 4 (max threshold 15)
[2022-04-25T23:55:12.772+0000][8][gc,age      ] GC(60) Age table with threshold 4 (max threshold 15)
[2022-04-25T23:55:12.773+0000][8][gc,age      ] GC(60) - age   1:    1248472 bytes,    1248472 total
[2022-04-25T23:55:12.774+0000][8][gc,age      ] GC(60) - age   2:     385856 bytes,    1634328 total
[2022-04-25T23:55:12.774+0000][8][gc,age      ] GC(60) - age   3:     421608 bytes,    2055936 total
[2022-04-25T23:55:12.775+0000][8][gc,age      ] GC(60) - age   4:     155320 bytes,    2211256 total
[2022-04-25T23:55:12.775+0000][8][gc,phases   ] GC(60)   Pre Evacuate Collection Set: 0.3ms
[2022-04-25T23:55:12.776+0000][8][gc,phases   ] GC(60)   Merge Heap Roots: 0.1ms
[2022-04-25T23:55:12.777+0000][8][gc,phases   ] GC(60)   Evacuate Collection Set: 2.0ms
[2022-04-25T23:55:12.778+0000][8][gc,phases   ] GC(60)   Post Evacuate Collection Set: 0.7ms
[2022-04-25T23:55:12.778+0000][8][gc,phases   ] GC(60)   Other: 7.0ms
[2022-04-25T23:55:12.779+0000][8][gc,heap     ] GC(60) Eden regions: 5->0(5)
[2022-04-25T23:55:12.779+0000][8][gc,heap     ] GC(60) Survivor regions: 1->1(1)
[2022-04-25T23:55:12.780+0000][8][gc,heap     ] GC(60) Old regions: 30->30
[2022-04-25T23:55:12.781+0000][8][gc,heap     ] GC(60) Archive regions: 2->2
[2022-04-25T23:55:12.781+0000][8][gc,heap     ] GC(60) Humongous regions: 6->6
[2022-04-25T23:55:12.782+0000][8][gc,metaspace] GC(60) Metaspace: 115203K(117056K)->115203K(117056K) NonClass: 99636K(100672K)->99636K(100672K) Class: 15566K(16384K)->15566K(16384K)
[2022-04-25T23:55:12.783+0000][8][gc          ] GC(60) Pause Young (Normal) (G1 Evacuation Pause) 168M->148M(512M) 17.225ms
[2022-04-25T23:55:12.783+0000][8][gc,cpu      ] GC(60) User=0.01s Sys=0.00s Real=0.02s
[2022-04-25T23:55:12.784+0000][8][safepoint   ] Safepoint "G1CollectForAllocation", Time since last: 899768125 ns, Reaching safepoint: 361792 ns, At safepoint: 18708167 ns, Total: 19069959 ns
[2022-04-25T23:55:14.803+0000][8][safepoint   ] Safepoint "Cleanup", Time since last: 2018487042 ns, Reaching safepoint: 71875 ns, At safepoint: 3542 ns, Total: 75417 ns
[2022-04-25T23:55:16.916+0000][8][safepoint   ] Safepoint "Cleanup", Time since last: 2113735626 ns, Reaching safepoint: 140625 ns, At safepoint: 5042 ns, Total: 145667 ns
[2022-04-25T23:55:18.076+0000][8][safepoint   ] Safepoint "Cleanup", Time since last: 1101938458 ns, Reaching safepoint: 15552500 ns, At safepoint: 11320625 ns, Total: 26873125 ns
[2022-04-25T23:55:20.145+0000][8][safepoint   ] Safepoint "Cleanup", Time since last: 2059237293 ns, Reaching safepoint: 9906166 ns, At safepoint: 16000 ns, Total: 9922166 ns
[2022-04-25T23:55:21.447+0000][8][safepoint   ] Safepoint "Cleanup", Time since last: 1301889084 ns, Reaching safepoint: 82334 ns, At safepoint: 38000 ns, Total: 120334 ns
[2022-04-25T23:55:23.578+0000][8][gc,start    ] GC(61) Pause Young (Normal) (G1 Evacuation Pause)
[2022-04-25T23:55:23.580+0000][8][gc,task     ] GC(61) Using 5 workers of 5 for evacuation
[2022-04-25T23:55:23.583+0000][8][gc,age      ] GC(61) Desired survivor size 2097152 bytes, new threshold 4 (max threshold 15)
[2022-04-25T23:55:23.589+0000][8][gc,age      ] GC(61) Age table with threshold 4 (max threshold 15)
[2022-04-25T23:55:23.591+0000][8][gc,age      ] GC(61) - age   1:     658600 bytes,     658600 total
[2022-04-25T23:55:23.592+0000][8][gc,age      ] GC(61) - age   2:    1084688 bytes,    1743288 total
[2022-04-25T23:55:23.593+0000][8][gc,age      ] GC(61) - age   3:     102200 bytes,    1845488 total
[2022-04-25T23:55:23.595+0000][8][gc,age      ] GC(61) - age   4:      81760 bytes,    1927248 total
[2022-04-25T23:55:23.596+0000][8][gc,phases   ] GC(61)   Pre Evacuate Collection Set: 0.1ms
[2022-04-25T23:55:23.597+0000][8][gc,phases   ] GC(61)   Merge Heap Roots: 0.5ms
[2022-04-25T23:55:23.598+0000][8][gc,phases   ] GC(61)   Evacuate Collection Set: 2.9ms
[2022-04-25T23:55:23.599+0000][8][gc,phases   ] GC(61)   Post Evacuate Collection Set: 1.3ms
[2022-04-25T23:55:23.601+0000][8][gc,phases   ] GC(61)   Other: 13.6ms
[2022-04-25T23:55:23.601+0000][8][gc,heap     ] GC(61) Eden regions: 5->0(61)
[2022-04-25T23:55:23.603+0000][8][gc,heap     ] GC(61) Survivor regions: 1->1(1)
[2022-04-25T23:55:23.603+0000][8][gc,heap     ] GC(61) Old regions: 30->30
[2022-04-25T23:55:23.605+0000][8][gc,heap     ] GC(61) Archive regions: 2->2
[2022-04-25T23:55:23.606+0000][8][gc,heap     ] GC(61) Humongous regions: 6->6
[2022-04-25T23:55:23.608+0000][8][gc,metaspace] GC(61) Metaspace: 115210K(117056K)->115210K(117056K) NonClass: 99643K(100672K)->99643K(100672K) Class: 15566K(16384K)->15566K(16384K)
[2022-04-25T23:55:23.609+0000][8][gc          ] GC(61) Pause Young (Normal) (G1 Evacuation Pause) 168M->148M(512M) 31.257ms
[2022-04-25T23:55:23.610+0000][8][gc,cpu      ] GC(61) User=0.01s Sys=0.00s Real=0.04s
[2022-04-25T23:55:23.611+0000][8][safepoint   ] Safepoint "G1CollectForAllocation", Time since last: 2129329042 ns, Reaching safepoint: 1093084 ns, At safepoint: 33967916 ns, Total: 35061000 ns
[2022-04-25T23:55:24.624+0000][8][safepoint   ] Safepoint "Cleanup", Time since last: 1006075459 ns, Reaching safepoint: 6123958 ns, At safepoint: 24375 ns, Total: 6148333 ns
[2022-04-25T23:55:25.652+0000][8][safepoint   ] Safepoint "Cleanup", Time since last: 1028120709 ns, Reaching safepoint: 585834 ns, At safepoint: 13708 ns, Total: 599542 ns
[2022-04-25T23:55:26.675+0000][8][safepoint   ] Safepoint "Cleanup", Time since last: 1022944709 ns, Reaching safepoint: 122916 ns, At safepoint: 6292 ns, Total: 129208 ns
[2022-04-25T23:55:28.866+0000][8][safepoint   ] Safepoint "Cleanup", Time since last: 2135548709 ns, Reaching safepoint: 54922542 ns, At safepoint: 41875 ns, Total: 54964417 ns
[2022-04-25T23:55:30.960+0000][8][safepoint   ] Safepoint "Cleanup", Time since last: 2093630543 ns, Reaching safepoint: 152916 ns, At safepoint: 5209 ns, Total: 158125 ns
[2022-04-25T23:55:32.022+0000][8][safepoint   ] Safepoint "Cleanup", Time since last: 1033849042 ns, Reaching safepoint: 28050167 ns, At safepoint: 14333 ns, Total: 28064500 ns
[2022-04-25T23:55:33.117+0000][8][safepoint   ] Safepoint "Cleanup", Time since last: 1095736292 ns, Reaching safepoint: 63542 ns, At safepoint: 2833 ns, Total: 66375 ns
[2022-04-25T23:55:35.783+0000][8][safepoint   ] Safepoint "Cleanup", Time since last: 2644995626 ns, Reaching safepoint: 20573000 ns, At safepoint: 448959 ns, Total: 21021959 ns
[2022-04-25T23:55:36.915+0000][8][safepoint   ] Safepoint "Cleanup", Time since last: 1131845167 ns, Reaching safepoint: 75292 ns, At safepoint: 2916 ns, Total: 78208 ns
[2022-04-25T23:55:38.119+0000][8][safepoint   ] Safepoint "Cleanup", Time since last: 1203544126 ns, Reaching safepoint: 172875 ns, At safepoint: 14916 ns, Total: 187791 ns
[2022-04-25T23:55:40.167+0000][8][safepoint   ] Safepoint "Cleanup", Time since last: 2047630793 ns, Reaching safepoint: 109917 ns, At safepoint: 3125 ns, Total: 113042 ns
[2022-04-25T23:55:41.401+0000][8][safepoint   ] Safepoint "Cleanup", Time since last: 1234149334 ns, Reaching safepoint: 106166 ns, At safepoint: 5625 ns, Total: 111791 ns
[2022-04-25T23:55:42.480+0000][8][safepoint   ] Safepoint "Cleanup", Time since last: 1079153959 ns, Reaching safepoint: 189250 ns, At safepoint: 6459 ns, Total: 195709 ns
[2022-04-25T23:55:43.679+0000][8][safepoint   ] Safepoint "Cleanup", Time since last: 1198010958 ns, Reaching safepoint: 128000 ns, At safepoint: 3542 ns, Total: 131542 ns
[2022-04-25T23:55:44.822+0000][8][safepoint   ] Safepoint "Cleanup", Time since last: 1142929459 ns, Reaching safepoint: 187792 ns, At safepoint: 8750 ns, Total: 196542 ns
[2022-04-25T23:55:45.965+0000][8][safepoint   ] Safepoint "Cleanup", Time since last: 1117322042 ns, Reaching safepoint: 26194083 ns, At safepoint: 28292 ns, Total: 26222375 ns
[2022-04-25T23:55:49.171+0000][8][safepoint   ] Safepoint "Cleanup", Time since last: 3203579459 ns, Reaching safepoint: 42473667 ns, At safepoint: 116583 ns, Total: 42590250 ns
[2022-04-25T23:55:50.413+0000][8][safepoint   ] Safepoint "Cleanup", Time since last: 1242146918 ns, Reaching safepoint: 92708 ns, At safepoint: 5542 ns, Total: 98250 ns
[2022-04-25T23:55:51.589+0000][8][safepoint   ] Safepoint "Cleanup", Time since last: 1175706334 ns, Reaching safepoint: 105291 ns, At safepoint: 4667 ns, Total: 109958 ns
[2022-04-25T23:55:53.777+0000][8][safepoint   ] Safepoint "Cleanup", Time since last: 2187341209 ns, Reaching safepoint: 47542 ns, At safepoint: 3708 ns, Total: 51250 ns
[2022-04-25T23:55:56.038+0000][8][safepoint   ] Safepoint "Cleanup", Time since last: 2147031293 ns, Reaching safepoint: 114231833 ns, At safepoint: 270417 ns, Total: 114502250 ns
[2022-04-25T23:55:58.220+0000][8][safepoint   ] Safepoint "Cleanup", Time since last: 2182186084 ns, Reaching safepoint: 114792 ns, At safepoint: 3458 ns, Total: 118250 ns
[2022-04-25T23:55:59.427+0000][8][safepoint   ] Safepoint "Cleanup", Time since last: 1162895126 ns, Reaching safepoint: 43319625 ns, At safepoint: 12875 ns, Total: 43332500 ns
[2022-04-25T23:56:01.756+0000][8][safepoint   ] Safepoint "Cleanup", Time since last: 2179107251 ns, Reaching safepoint: 97425667 ns, At safepoint: 52858875 ns, Total: 150284542 ns
[2022-04-25T23:56:04.461+0000][8][safepoint   ] Safepoint "Cleanup", Time since last: 1739114459 ns, Reaching safepoint: 965540167 ns, At safepoint: 416625 ns, Total: 965956792 ns
[2022-04-25T23:56:05.493+0000][8][safepoint   ] Safepoint "Cleanup", Time since last: 1005603209 ns, Reaching safepoint: 25229625 ns, At safepoint: 1575791 ns, Total: 26805416 ns
[2022-04-25T23:56:06.778+0000][8][safepoint   ] Safepoint "Cleanup", Time since last: 1166170584 ns, Reaching safepoint: 118407917 ns, At safepoint: 371875 ns, Total: 118779792 ns
[2022-04-25T23:56:08.095+0000][8][safepoint   ] Safepoint "Cleanup", Time since last: 1293402001 ns, Reaching safepoint: 22892875 ns, At safepoint: 26208 ns, Total: 22919083 ns
[2022-04-25T23:56:09.129+0000][8][safepoint   ] Safepoint "Cleanup", Time since last: 1007338167 ns, Reaching safepoint: 26907792 ns, At safepoint: 64875 ns, Total: 26972667 ns
[2022-04-25T23:56:10.267+0000][8][safepoint   ] Safepoint "Cleanup", Time since last: 1137531334 ns, Reaching safepoint: 428166 ns, At safepoint: 39375 ns, Total: 467541 ns
[2022-04-25T23:56:11.357+0000][8][safepoint   ] Safepoint "Cleanup", Time since last: 1010161793 ns, Reaching safepoint: 79679833 ns, At safepoint: 20875 ns, Total: 79700708 ns
[2022-04-25T23:56:12.553+0000][8][safepoint   ] Safepoint "Cleanup", Time since last: 1107609167 ns, Reaching safepoint: 88194000 ns, At safepoint: 484792 ns, Total: 88678792 ns
[2022-04-25T23:56:13.805+0000][8][safepoint   ] Safepoint "Cleanup", Time since last: 1239436209 ns, Reaching safepoint: 12591416 ns, At safepoint: 46834 ns, Total: 12638250 ns
[2022-04-25T23:56:14.935+0000][8][safepoint   ] Safepoint "Cleanup", Time since last: 1023493542 ns, Reaching safepoint: 106350250 ns, At safepoint: 212167 ns, Total: 106562417 ns
[2022-04-25T23:56:16.369+0000][8][safepoint   ] Safepoint "Cleanup", Time since last: 1150855959 ns, Reaching safepoint: 264892125 ns, At safepoint: 17724875 ns, Total: 282617000 ns
[2022-04-25T23:56:17.465+0000][8][safepoint   ] Safepoint "Cleanup", Time since last: 1034479000 ns, Reaching safepoint: 61491000 ns, At safepoint: 39750 ns, Total: 61530750 ns
[2022-04-25T23:56:18.603+0000][8][safepoint   ] Safepoint "Cleanup", Time since last: 1061615126 ns, Reaching safepoint: 60480791 ns, At safepoint: 34709 ns, Total: 60515500 ns
[2022-04-25T23:56:19.766+0000][8][safepoint   ] Safepoint "Cleanup", Time since last: 1163432917 ns, Reaching safepoint: 93375 ns, At safepoint: 3458 ns, Total: 96833 ns
[2022-04-25T23:56:21.809+0000][8][safepoint   ] Safepoint "Cleanup", Time since last: 2042242960 ns, Reaching safepoint: 135208 ns, At safepoint: 5292 ns, Total: 140500 ns
[2022-04-25T23:56:22.363+0000][8][gc,start    ] GC(62) Pause Young (Normal) (G1 Evacuation Pause)
[2022-04-25T23:56:22.404+0000][8][gc,task     ] GC(62) Using 5 workers of 5 for evacuation
[2022-04-25T23:56:22.432+0000][8][gc,age      ] GC(62) Desired survivor size 16777216 bytes, new threshold 15 (max threshold 15)
[2022-04-25T23:56:22.561+0000][8][gc,age      ] GC(62) Age table with threshold 15 (max threshold 15)
[2022-04-25T23:56:22.577+0000][8][gc,age      ] GC(62) - age   1:    8278968 bytes,    8278968 total
[2022-04-25T23:56:22.589+0000][8][gc,age      ] GC(62) - age   2:     317424 bytes,    8596392 total
[2022-04-25T23:56:22.607+0000][8][gc,age      ] GC(62) - age   3:     207952 bytes,    8804344 total
[2022-04-25T23:56:22.651+0000][8][gc,age      ] GC(62) - age   4:     100008 bytes,    8904352 total
[2022-04-25T23:56:22.671+0000][8][gc,age      ] GC(62) - age   5:      67072 bytes,    8971424 total
[2022-04-25T23:56:22.726+0000][8][gc,mmu      ] GC(62) MMU target violated: 201.0ms (200.0ms/201.0ms)
[2022-04-25T23:56:22.739+0000][8][gc,phases   ] GC(62)   Pre Evacuate Collection Set: 0.4ms
[2022-04-25T23:56:22.760+0000][8][gc,phases   ] GC(62)   Merge Heap Roots: 0.1ms
[2022-04-25T23:56:22.776+0000][8][gc,phases   ] GC(62)   Evacuate Collection Set: 76.1ms
[2022-04-25T23:56:22.820+0000][8][gc,phases   ] GC(62)   Post Evacuate Collection Set: 21.0ms
[2022-04-25T23:56:22.826+0000][8][gc,phases   ] GC(62)   Other: 278.8ms
[2022-04-25T23:56:22.827+0000][8][gc,heap     ] GC(62) Eden regions: 61->0(3)
[2022-04-25T23:56:22.829+0000][8][gc,heap     ] GC(62) Survivor regions: 1->3(8)
[2022-04-25T23:56:22.830+0000][8][gc,heap     ] GC(62) Old regions: 30->30
[2022-04-25T23:56:22.837+0000][8][gc,heap     ] GC(62) Archive regions: 2->2
[2022-04-25T23:56:22.889+0000][8][gc,heap     ] GC(62) Humongous regions: 6->6
[2022-04-25T23:56:22.917+0000][8][gc,metaspace] GC(62) Metaspace: 115511K(117376K)->115511K(117376K) NonClass: 99923K(100992K)->99923K(100992K) Class: 15587K(16384K)->15587K(16384K)
[2022-04-25T23:56:22.918+0000][8][gc          ] GC(62) Pause Young (Normal) (G1 Evacuation Pause) 392M->155M(512M) 555.636ms
[2022-04-25T23:56:22.919+0000][8][gc,cpu      ] GC(62) User=0.22s Sys=0.04s Real=0.56s
[2022-04-25T23:56:22.922+0000][8][safepoint   ] Safepoint "G1CollectForAllocation", Time since last: 547964166 ns, Reaching safepoint: 5931084 ns, At safepoint: 559139667 ns, Total: 565070751 ns
[2022-04-25T23:56:23.021+0000][8][gc,start    ] GC(63) Pause Young (Normal) (G1 Evacuation Pause)
[2022-04-25T23:56:23.025+0000][8][gc,task     ] GC(63) Using 5 workers of 5 for evacuation
[2022-04-25T23:56:23.028+0000][8][gc,age      ] GC(63) Desired survivor size 2097152 bytes, new threshold 1 (max threshold 15)
[2022-04-25T23:56:23.115+0000][8][gc,age      ] GC(63) Age table with threshold 1 (max threshold 15)
[2022-04-25T23:56:23.145+0000][8][gc,age      ] GC(63) - age   1:    1456808 bytes,    1456808 total
[2022-04-25T23:56:23.230+0000][8][gc,mmu      ] GC(63) MMU target violated: 201.0ms (200.0ms/201.0ms)
[2022-04-25T23:56:23.247+0000][8][gc,phases   ] GC(63)   Pre Evacuate Collection Set: 0.1ms
[2022-04-25T23:56:23.255+0000][8][gc,phases   ] GC(63)   Merge Heap Roots: 0.9ms
[2022-04-25T23:56:23.284+0000][8][gc,phases   ] GC(63)   Evacuate Collection Set: 51.4ms
[2022-04-25T23:56:23.304+0000][8][gc,phases   ] GC(63)   Post Evacuate Collection Set: 5.8ms
[2022-04-25T23:56:23.314+0000][8][gc,phases   ] GC(63)   Other: 168.0ms
[2022-04-25T23:56:23.339+0000][8][gc,heap     ] GC(63) Eden regions: 3->0(5)
[2022-04-25T23:56:23.351+0000][8][gc,heap     ] GC(63) Survivor regions: 3->1(1)
[2022-04-25T23:56:23.373+0000][8][gc,heap     ] GC(63) Old regions: 30->32
[2022-04-25T23:56:23.392+0000][8][gc,heap     ] GC(63) Archive regions: 2->2
[2022-04-25T23:56:23.409+0000][8][gc,heap     ] GC(63) Humongous regions: 6->6
[2022-04-25T23:56:23.423+0000][8][gc,metaspace] GC(63) Metaspace: 115511K(117376K)->115511K(117376K) NonClass: 99923K(100992K)->99923K(100992K) Class: 15587K(16384K)->15587K(16384K)
[2022-04-25T23:56:23.442+0000][8][gc          ] GC(63) Pause Young (Normal) (G1 Evacuation Pause) 167M->156M(512M) 421.449ms
[2022-04-25T23:56:23.452+0000][8][gc,cpu      ] GC(63) User=0.11s Sys=0.05s Real=0.43s
[2022-04-25T23:56:23.496+0000][8][safepoint   ] Safepoint "G1CollectForAllocation", Time since last: 99119541 ns, Reaching safepoint: 78250 ns, At safepoint: 475661584 ns, Total: 475739834 ns
[2022-04-25T23:56:24.532+0000][8][safepoint   ] Safepoint "Cleanup", Time since last: 1035883917 ns, Reaching safepoint: 95500 ns, At safepoint: 5542 ns, Total: 101042 ns
[2022-04-25T23:56:25.619+0000][8][safepoint   ] Safepoint "Cleanup", Time since last: 1086131000 ns, Reaching safepoint: 81792 ns, At safepoint: 4458 ns, Total: 86250 ns
[2022-04-25T23:56:26.878+0000][8][safepoint   ] Safepoint "Cleanup", Time since last: 1159557918 ns, Reaching safepoint: 100016333 ns, At safepoint: 99375 ns, Total: 100115708 ns
[2022-04-25T23:56:29.077+0000][8][safepoint   ] Safepoint "Cleanup", Time since last: 2167929793 ns, Reaching safepoint: 30344458 ns, At safepoint: 86125 ns, Total: 30430583 ns
[2022-04-25T23:56:30.233+0000][8][safepoint   ] Safepoint "Cleanup", Time since last: 1156383501 ns, Reaching safepoint: 236541 ns, At safepoint: 5917 ns, Total: 242458 ns
[2022-04-25T23:56:30.899+0000][8][gc,start    ] GC(64) Pause Young (Concurrent Start) (G1 Evacuation Pause)
[2022-04-25T23:56:31.036+0000][8][gc,task     ] GC(64) Using 5 workers of 5 for evacuation
[2022-04-25T23:56:31.140+0000][8][gc,age      ] GC(64) Desired survivor size 2097152 bytes, new threshold 15 (max threshold 15)
[2022-04-25T23:56:31.289+0000][8][gc,age      ] GC(64) Age table with threshold 15 (max threshold 15)
[2022-04-25T23:56:31.450+0000][8][gc,age      ] GC(64) - age   1:    2625584 bytes,    2625584 total
[2022-04-25T23:56:31.540+0000][8][gc,age      ] GC(64) - age   2:     253056 bytes,    2878640 total
[2022-04-25T23:56:31.629+0000][8][gc,mmu      ] GC(64) MMU target violated: 201.0ms (200.0ms/201.0ms)
[2022-04-25T23:56:31.731+0000][8][gc,phases   ] GC(64)   Pre Evacuate Collection Set: 0.3ms
[2022-04-25T23:56:31.773+0000][8][gc,phases   ] GC(64)   Merge Heap Roots: 0.1ms
[2022-04-25T23:56:31.806+0000][8][gc,phases   ] GC(64)   Evacuate Collection Set: 42.7ms
[2022-04-25T23:56:31.876+0000][8][gc,phases   ] GC(64)   Post Evacuate Collection Set: 2.6ms
[2022-04-25T23:56:31.908+0000][8][gc,phases   ] GC(64)   Other: 786.4ms
[2022-04-25T23:56:31.909+0000][8][gc,heap     ] GC(64) Eden regions: 5->0(5)
[2022-04-25T23:56:31.910+0000][8][gc,heap     ] GC(64) Survivor regions: 1->1(1)
[2022-04-25T23:56:31.910+0000][8][gc,heap     ] GC(64) Old regions: 32->32
[2022-04-25T23:56:31.912+0000][8][gc,heap     ] GC(64) Archive regions: 2->2
[2022-04-25T23:56:31.913+0000][8][gc,heap     ] GC(64) Humongous regions: 6->6
[2022-04-25T23:56:31.914+0000][8][gc,metaspace] GC(64) Metaspace: 115521K(117376K)->115521K(117376K) NonClass: 99933K(100992K)->99933K(100992K) Class: 15587K(16384K)->15587K(16384K)
[2022-04-25T23:56:31.917+0000][8][gc          ] GC(64) Pause Young (Concurrent Start) (G1 Evacuation Pause) 176M->158M(512M) 1017.343ms
[2022-04-25T23:56:31.918+0000][8][gc,cpu      ] GC(64) User=0.08s Sys=0.01s Real=1.02s
[2022-04-25T23:56:31.919+0000][8][gc          ] GC(65) Concurrent Mark Cycle
[2022-04-25T23:56:31.920+0000][8][gc,marking  ] GC(65) Concurrent Clear Claimed Marks
[2022-04-25T23:56:31.922+0000][8][gc,marking  ] GC(65) Concurrent Clear Claimed Marks 1.582ms
[2022-04-25T23:56:31.924+0000][8][gc,marking  ] GC(65) Concurrent Scan Root Regions
[2022-04-25T23:56:31.921+0000][8][safepoint   ] Safepoint "G1CollectForAllocation", Time since last: 665665542 ns, Reaching safepoint: 79708 ns, At safepoint: 1021626626 ns, Total: 1021706334 ns
[2022-04-25T23:56:31.931+0000][8][gc,marking  ] GC(65) Concurrent Scan Root Regions 7.127ms
[2022-04-25T23:56:31.932+0000][8][gc,marking  ] GC(65) Concurrent Mark
[2022-04-25T23:56:31.934+0000][8][gc,marking  ] GC(65) Concurrent Mark From Roots
[2022-04-25T23:56:31.935+0000][8][gc,task     ] GC(65) Using 1 workers of 1 for marking
[2022-04-25T23:56:32.443+0000][8][gc,marking  ] GC(65) Concurrent Mark From Roots 509.701ms
[2022-04-25T23:56:32.639+0000][8][gc,marking  ] GC(65) Concurrent Preclean
[2022-04-25T23:56:32.931+0000][8][safepoint   ] Safepoint "Cleanup", Time since last: 1006426208 ns, Reaching safepoint: 4186125 ns, At safepoint: 8834 ns, Total: 4194959 ns
[2022-04-25T23:56:32.951+0000][8][gc,marking  ] GC(65) Concurrent Preclean 311.231ms
[2022-04-25T23:56:33.311+0000][8][gc,start    ] GC(65) Pause Remark
[2022-04-25T23:56:33.738+0000][8][gc,mmu      ] GC(65) MMU target violated: 201.0ms (200.0ms/201.0ms)
[2022-04-25T23:56:33.740+0000][8][gc          ] GC(65) Pause Remark 162M->162M(512M) 429.284ms
[2022-04-25T23:56:33.741+0000][8][gc,cpu      ] GC(65) User=0.55s Sys=0.05s Real=0.43s
[2022-04-25T23:56:33.743+0000][8][safepoint   ] Safepoint "G1Concurrent", Time since last: 379133667 ns, Reaching safepoint: 48583 ns, At safepoint: 432394542 ns, Total: 432443125 ns
[2022-04-25T23:56:33.745+0000][8][gc,marking  ] GC(65) Concurrent Mark 1812.770ms
[2022-04-25T23:56:33.751+0000][8][gc,marking  ] GC(65) Concurrent Rebuild Remembered Sets
[2022-04-25T23:56:33.817+0000][8][gc,marking  ] GC(65) Concurrent Rebuild Remembered Sets 65.464ms
[2022-04-25T23:56:33.834+0000][8][gc,start    ] GC(65) Pause Cleanup
[2022-04-25T23:56:33.836+0000][8][gc          ] GC(65) Pause Cleanup 166M->166M(512M) 1.576ms
[2022-04-25T23:56:33.837+0000][8][gc,cpu      ] GC(65) User=0.00s Sys=0.00s Real=0.00s
[2022-04-25T23:56:33.878+0000][8][safepoint   ] Safepoint "G1Concurrent", Time since last: 80911583 ns, Reaching safepoint: 10311584 ns, At safepoint: 43849541 ns, Total: 54161125 ns
[2022-04-25T23:56:34.052+0000][8][gc,marking  ] GC(65) Concurrent Cleanup for Next Mark
[2022-04-25T23:56:34.278+0000][8][gc,marking  ] GC(65) Concurrent Cleanup for Next Mark 225.493ms
[2022-04-25T23:56:34.530+0000][8][gc          ] GC(65) Concurrent Mark Cycle 2611.214ms
[2022-04-25T23:56:36.172+0000][8][safepoint   ] Safepoint "Cleanup", Time since last: 2293566460 ns, Reaching safepoint: 146125 ns, At safepoint: 97500 ns, Total: 243625 ns
[2022-04-25T23:56:37.532+0000][8][safepoint   ] Safepoint "Cleanup", Time since last: 1297522959 ns, Reaching safepoint: 61738458 ns, At safepoint: 729583 ns, Total: 62468041 ns
[2022-04-25T23:56:37.799+0000][8][gc,start    ] GC(66) Pause Young (Prepare Mixed) (G1 Evacuation Pause)
[2022-04-25T23:56:37.972+0000][8][gc,task     ] GC(66) Using 5 workers of 5 for evacuation
[2022-04-25T23:56:38.108+0000][8][gc,age      ] GC(66) Desired survivor size 2097152 bytes, new threshold 1 (max threshold 15)
[2022-04-25T23:56:38.319+0000][8][gc,age      ] GC(66) Age table with threshold 1 (max threshold 15)
[2022-04-25T23:56:38.426+0000][8][gc,age      ] GC(66) - age   1:    1458552 bytes,    1458552 total
[2022-04-25T23:56:38.496+0000][8][gc,mmu      ] GC(66) MMU target violated: 201.0ms (200.0ms/201.0ms)
[2022-04-25T23:56:38.580+0000][8][gc,phases   ] GC(66)   Pre Evacuate Collection Set: 0.2ms
[2022-04-25T23:56:38.728+0000][8][gc,phases   ] GC(66)   Merge Heap Roots: 0.2ms
[2022-04-25T23:56:38.806+0000][8][gc,phases   ] GC(66)   Evacuate Collection Set: 77.8ms
[2022-04-25T23:56:38.827+0000][8][gc,phases   ] GC(66)   Post Evacuate Collection Set: 4.6ms
[2022-04-25T23:56:38.843+0000][8][gc,phases   ] GC(66)   Other: 697.4ms
[2022-04-25T23:56:38.866+0000][8][gc,heap     ] GC(66) Eden regions: 5->0(5)
[2022-04-25T23:56:38.877+0000][8][gc,heap     ] GC(66) Survivor regions: 1->1(1)
[2022-04-25T23:56:38.878+0000][8][gc,heap     ] GC(66) Old regions: 32->33
[2022-04-25T23:56:38.879+0000][8][gc,heap     ] GC(66) Archive regions: 2->2
[2022-04-25T23:56:38.880+0000][8][gc,heap     ] GC(66) Humongous regions: 6->6
[2022-04-25T23:56:38.881+0000][8][gc,metaspace] GC(66) Metaspace: 115396K(117376K)->115396K(117376K) NonClass: 99842K(100992K)->99842K(100992K) Class: 15553K(16384K)->15553K(16384K)
[2022-04-25T23:56:38.882+0000][8][gc          ] GC(66) Pause Young (Prepare Mixed) (G1 Evacuation Pause) 178M->157M(512M) 1083.156ms
[2022-04-25T23:56:38.884+0000][8][gc,cpu      ] GC(66) User=0.18s Sys=0.05s Real=1.09s
[2022-04-25T23:56:38.887+0000][8][safepoint   ] Safepoint "G1CollectForAllocation", Time since last: 208258250 ns, Reaching safepoint: 59175750 ns, At safepoint: 1087475459 ns, Total: 1146651209 ns
[2022-04-25T23:56:40.981+0000][8][safepoint   ] Safepoint "Cleanup", Time since last: 2094699710 ns, Reaching safepoint: 79750 ns, At safepoint: 3541 ns, Total: 83291 ns
[2022-04-25T23:56:42.112+0000][8][safepoint   ] Safepoint "Cleanup", Time since last: 1130734209 ns, Reaching safepoint: 75584 ns, At safepoint: 3083 ns, Total: 78667 ns
[2022-04-25T23:56:44.435+0000][8][safepoint   ] Safepoint "Cleanup", Time since last: 2323004168 ns, Reaching safepoint: 117041 ns, At safepoint: 3792 ns, Total: 120833 ns
[2022-04-25T23:56:45.991+0000][8][gc,start    ] GC(67) Pause Young (Mixed) (G1 Evacuation Pause)
[2022-04-25T23:56:45.992+0000][8][gc,task     ] GC(67) Using 5 workers of 5 for evacuation
[2022-04-25T23:56:45.994+0000][8][gc,age      ] GC(67) Desired survivor size 2097152 bytes, new threshold 15 (max threshold 15)
[2022-04-25T23:56:46.012+0000][8][gc,age      ] GC(67) Age table with threshold 15 (max threshold 15)
[2022-04-25T23:56:46.014+0000][8][gc,age      ] GC(67) - age   1:     335624 bytes,     335624 total
[2022-04-25T23:56:46.015+0000][8][gc,age      ] GC(67) - age   2:     585256 bytes,     920880 total
[2022-04-25T23:56:46.016+0000][8][gc,phases   ] GC(67)   Pre Evacuate Collection Set: 0.1ms
[2022-04-25T23:56:46.017+0000][8][gc,phases   ] GC(67)   Merge Heap Roots: 0.1ms
[2022-04-25T23:56:46.019+0000][8][gc,phases   ] GC(67)   Evacuate Collection Set: 16.3ms
[2022-04-25T23:56:46.021+0000][8][gc,phases   ] GC(67)   Post Evacuate Collection Set: 0.7ms
[2022-04-25T23:56:46.023+0000][8][gc,phases   ] GC(67)   Other: 7.5ms
[2022-04-25T23:56:46.024+0000][8][gc,heap     ] GC(67) Eden regions: 5->0(5)
[2022-04-25T23:56:46.025+0000][8][gc,heap     ] GC(67) Survivor regions: 1->1(1)
[2022-04-25T23:56:46.027+0000][8][gc,heap     ] GC(67) Old regions: 33->32
[2022-04-25T23:56:46.028+0000][8][gc,heap     ] GC(67) Archive regions: 2->2
[2022-04-25T23:56:46.127+0000][8][gc,heap     ] GC(67) Humongous regions: 6->6
[2022-04-25T23:56:46.188+0000][8][gc,metaspace] GC(67) Metaspace: 115410K(117376K)->115410K(117376K) NonClass: 99856K(100992K)->99856K(100992K) Class: 15553K(16384K)->15553K(16384K)
[2022-04-25T23:56:46.221+0000][8][gc          ] GC(67) Pause Young (Mixed) (G1 Evacuation Pause) 177M->153M(512M) 229.630ms
[2022-04-25T23:56:46.232+0000][8][gc,cpu      ] GC(67) User=0.01s Sys=0.01s Real=0.24s
[2022-04-25T23:56:46.264+0000][8][safepoint   ] Safepoint "G1CollectForAllocation", Time since last: 1555530751 ns, Reaching safepoint: 46666 ns, At safepoint: 272516084 ns, Total: 272562750 ns
[2022-04-25T23:56:49.369+0000][8][safepoint   ] Safepoint "Cleanup", Time since last: 3086019584 ns, Reaching safepoint: 6004500 ns, At safepoint: 21209 ns, Total: 6025709 ns
[2022-04-25T23:56:50.422+0000][8][safepoint   ] Safepoint "Cleanup", Time since last: 1052567292 ns, Reaching safepoint: 193416 ns, At safepoint: 6125 ns, Total: 199541 ns
[2022-04-25T23:56:51.249+0000][8][gc,start    ] GC(68) Pause Young (Mixed) (G1 Evacuation Pause)
[2022-04-25T23:56:51.259+0000][8][gc,task     ] GC(68) Using 5 workers of 5 for evacuation
[2022-04-25T23:56:51.275+0000][8][gc,age      ] GC(68) Desired survivor size 2097152 bytes, new threshold 15 (max threshold 15)
[2022-04-25T23:56:51.337+0000][8][gc,age      ] GC(68) Age table with threshold 15 (max threshold 15)
[2022-04-25T23:56:51.352+0000][8][gc,age      ] GC(68) - age   1:    1780952 bytes,    1780952 total
[2022-04-25T23:56:51.368+0000][8][gc,age      ] GC(68) - age   2:     187592 bytes,    1968544 total
[2022-04-25T23:56:51.373+0000][8][gc,age      ] GC(68) - age   3:     404568 bytes,    2373112 total
[2022-04-25T23:56:51.384+0000][8][gc,phases   ] GC(68)   Pre Evacuate Collection Set: 7.6ms
[2022-04-25T23:56:51.392+0000][8][gc,phases   ] GC(68)   Merge Heap Roots: 2.2ms
[2022-04-25T23:56:51.399+0000][8][gc,phases   ] GC(68)   Evacuate Collection Set: 31.3ms
[2022-04-25T23:56:51.401+0000][8][gc,phases   ] GC(68)   Post Evacuate Collection Set: 1.0ms
[2022-04-25T23:56:51.402+0000][8][gc,phases   ] GC(68)   Other: 92.7ms
[2022-04-25T23:56:51.403+0000][8][gc,heap     ] GC(68) Eden regions: 5->0(5)
[2022-04-25T23:56:51.403+0000][8][gc,heap     ] GC(68) Survivor regions: 1->1(1)
[2022-04-25T23:56:51.404+0000][8][gc,heap     ] GC(68) Old regions: 32->31
[2022-04-25T23:56:51.406+0000][8][gc,heap     ] GC(68) Archive regions: 2->2
[2022-04-25T23:56:51.407+0000][8][gc,heap     ] GC(68) Humongous regions: 6->6
[2022-04-25T23:56:51.408+0000][8][gc,metaspace] GC(68) Metaspace: 115455K(117440K)->115455K(117440K) NonClass: 99899K(101056K)->99899K(101056K) Class: 15556K(16384K)->15556K(16384K)
[2022-04-25T23:56:51.409+0000][8][gc          ] GC(68) Pause Young (Mixed) (G1 Evacuation Pause) 173M->151M(512M) 160.378ms
[2022-04-25T23:56:51.411+0000][8][gc,cpu      ] GC(68) User=0.05s Sys=0.03s Real=0.16s
[2022-04-25T23:56:51.412+0000][8][safepoint   ] Safepoint "G1CollectForAllocation", Time since last: 827179709 ns, Reaching safepoint: 46584 ns, At safepoint: 163210333 ns, Total: 163256917 ns
[2022-04-25T23:56:52.419+0000][8][safepoint   ] Safepoint "Cleanup", Time since last: 1007240875 ns, Reaching safepoint: 61959 ns, At safepoint: 3166 ns, Total: 65125 ns
[2022-04-25T23:56:54.494+0000][8][safepoint   ] Safepoint "Cleanup", Time since last: 2071995460 ns, Reaching safepoint: 2442291 ns, At safepoint: 13459 ns, Total: 2455750 ns
[2022-04-25T23:56:55.518+0000][8][safepoint   ] Safepoint "Cleanup", Time since last: 1024171667 ns, Reaching safepoint: 171000 ns, At safepoint: 47125 ns, Total: 218125 ns
[2022-04-25T23:56:56.520+0000][8][safepoint   ] Safepoint "Cleanup", Time since last: 1001584625 ns, Reaching safepoint: 308792 ns, At safepoint: 3625 ns, Total: 312417 ns
[2022-04-25T23:56:57.407+0000][8][gc,start    ] GC(69) Pause Young (Mixed) (G1 Evacuation Pause)
[2022-04-25T23:56:57.408+0000][8][gc,task     ] GC(69) Using 5 workers of 5 for evacuation
[2022-04-25T23:56:57.410+0000][8][gc,age      ] GC(69) Desired survivor size 2097152 bytes, new threshold 3 (max threshold 15)
[2022-04-25T23:56:57.415+0000][8][gc,age      ] GC(69) Age table with threshold 3 (max threshold 15)
[2022-04-25T23:56:57.417+0000][8][gc,age      ] GC(69) - age   1:     581240 bytes,     581240 total
[2022-04-25T23:56:57.417+0000][8][gc,age      ] GC(69) - age   2:    1305688 bytes,    1886928 total
[2022-04-25T23:56:57.419+0000][8][gc,age      ] GC(69) - age   3:     187000 bytes,    2073928 total
[2022-04-25T23:56:57.420+0000][8][gc,phases   ] GC(69)   Pre Evacuate Collection Set: 0.3ms
[2022-04-25T23:56:57.421+0000][8][gc,phases   ] GC(69)   Merge Heap Roots: 0.4ms
[2022-04-25T23:56:57.422+0000][8][gc,phases   ] GC(69)   Evacuate Collection Set: 3.6ms
[2022-04-25T23:56:57.423+0000][8][gc,phases   ] GC(69)   Post Evacuate Collection Set: 0.4ms
[2022-04-25T23:56:57.424+0000][8][gc,phases   ] GC(69)   Other: 8.5ms
[2022-04-25T23:56:57.426+0000][8][gc,heap     ] GC(69) Eden regions: 5->0(36)
[2022-04-25T23:56:57.427+0000][8][gc,heap     ] GC(69) Survivor regions: 1->1(1)
[2022-04-25T23:56:57.428+0000][8][gc,heap     ] GC(69) Old regions: 31->30
[2022-04-25T23:56:57.430+0000][8][gc,heap     ] GC(69) Archive regions: 2->2
[2022-04-25T23:56:57.431+0000][8][gc,heap     ] GC(69) Humongous regions: 6->6
[2022-04-25T23:56:57.432+0000][8][gc,metaspace] GC(69) Metaspace: 115463K(117440K)->115463K(117440K) NonClass: 99907K(101056K)->99907K(101056K) Class: 15556K(16384K)->15556K(16384K)
[2022-04-25T23:56:57.433+0000][8][gc          ] GC(69) Pause Young (Mixed) (G1 Evacuation Pause) 171M->148M(512M) 26.057ms
[2022-04-25T23:56:57.435+0000][8][gc,cpu      ] GC(69) User=0.02s Sys=0.00s Real=0.03s
[2022-04-25T23:56:57.437+0000][8][safepoint   ] Safepoint "G1CollectForAllocation", Time since last: 886737334 ns, Reaching safepoint: 83500 ns, At safepoint: 30322708 ns, Total: 30406208 ns
[2022-04-25T23:56:58.458+0000][8][safepoint   ] Safepoint "Cleanup", Time since last: 1020977084 ns, Reaching safepoint: 109083 ns, At safepoint: 3542 ns, Total: 112625 ns
[2022-04-25T23:56:59.518+0000][8][safepoint   ] Safepoint "Cleanup", Time since last: 1059095542 ns, Reaching safepoint: 102208 ns, At safepoint: 3125 ns, Total: 105333 ns
[2022-04-25T23:57:00.587+0000][8][safepoint   ] Safepoint "Cleanup", Time since last: 1056733584 ns, Reaching safepoint: 12954167 ns, At safepoint: 17958 ns, Total: 12972125 ns
[2022-04-25T23:57:01.684+0000][8][safepoint   ] Safepoint "Cleanup", Time since last: 1096930293 ns, Reaching safepoint: 100291 ns, At safepoint: 5084 ns, Total: 105375 ns
[2022-04-25T23:57:02.783+0000][8][safepoint   ] Safepoint "Cleanup", Time since last: 1098086417 ns, Reaching safepoint: 348916 ns, At safepoint: 14000 ns, Total: 362916 ns
[2022-04-25T23:57:03.872+0000][8][safepoint   ] Safepoint "Cleanup", Time since last: 1050878043 ns, Reaching safepoint: 38297375 ns, At safepoint: 24500 ns, Total: 38321875 ns
[2022-04-25T23:57:05.006+0000][8][safepoint   ] Safepoint "Cleanup", Time since last: 1132797542 ns, Reaching safepoint: 934875 ns, At safepoint: 4500 ns, Total: 939375 ns
[2022-04-25T23:57:06.138+0000][8][safepoint   ] Safepoint "Cleanup", Time since last: 1120264709 ns, Reaching safepoint: 12242375 ns, At safepoint: 189625 ns, Total: 12432000 ns
[2022-04-25T23:57:07.234+0000][8][safepoint   ] Safepoint "Cleanup", Time since last: 1095843792 ns, Reaching safepoint: 143625 ns, At safepoint: 7458 ns, Total: 151083 ns
[2022-04-25T23:57:08.410+0000][8][safepoint   ] Safepoint "Cleanup", Time since last: 1175357501 ns, Reaching safepoint: 92583 ns, At safepoint: 5792 ns, Total: 98375 ns
[2022-04-25T23:57:11.536+0000][8][safepoint   ] Safepoint "Cleanup", Time since last: 3126301251 ns, Reaching safepoint: 65667 ns, At safepoint: 3500 ns, Total: 69167 ns
[2022-04-25T23:57:12.695+0000][8][safepoint   ] Safepoint "Cleanup", Time since last: 1158672334 ns, Reaching safepoint: 136041 ns, At safepoint: 6125 ns, Total: 142166 ns
[2022-04-25T23:57:14.797+0000][8][safepoint   ] Safepoint "Cleanup", Time since last: 2066860168 ns, Reaching safepoint: 27039667 ns, At safepoint: 7908208 ns, Total: 34947875 ns
[2022-04-25T23:57:15.849+0000][8][safepoint   ] Safepoint "Cleanup", Time since last: 1050066459 ns, Reaching safepoint: 2025125 ns, At safepoint: 9375 ns, Total: 2034500 ns
[2022-04-25T23:57:17.958+0000][8][safepoint   ] Safepoint "Cleanup", Time since last: 2085002459 ns, Reaching safepoint: 23908500 ns, At safepoint: 14667 ns, Total: 23923167 ns
[2022-04-25T23:57:18.956+0000][8][safepoint   ] Safepoint "Cleanup", Time since last: 1019677792 ns, Reaching safepoint: 61791 ns, At safepoint: 2959 ns, Total: 64750 ns
[2022-04-25T23:57:19.988+0000][8][safepoint   ] Safepoint "Cleanup", Time since last: 1032354542 ns, Reaching safepoint: 96833 ns, At safepoint: 5959 ns, Total: 102792 ns
[2022-04-25T23:57:21.157+0000][8][safepoint   ] Safepoint "Cleanup", Time since last: 1168501167 ns, Reaching safepoint: 237041 ns, At safepoint: 7084 ns, Total: 244125 ns
[2022-04-25T23:57:22.292+0000][8][safepoint   ] Safepoint "Cleanup", Time since last: 1133753542 ns, Reaching safepoint: 1040708 ns, At safepoint: 7625 ns, Total: 1048333 ns
[2022-04-25T23:57:23.481+0000][8][safepoint   ] Safepoint "Cleanup", Time since last: 1189293459 ns, Reaching safepoint: 83625 ns, At safepoint: 5000 ns, Total: 88625 ns
[2022-04-25T23:57:24.179+0000][8][gc,start    ] GC(70) Pause Young (Normal) (G1 Evacuation Pause)
[2022-04-25T23:57:24.182+0000][8][gc,task     ] GC(70) Using 5 workers of 5 for evacuation
[2022-04-25T23:57:24.183+0000][8][gc,age      ] GC(70) Desired survivor size 10485760 bytes, new threshold 15 (max threshold 15)
[2022-04-25T23:57:24.187+0000][8][gc,age      ] GC(70) Age table with threshold 15 (max threshold 15)
[2022-04-25T23:57:24.188+0000][8][gc,age      ] GC(70) - age   1:    2839800 bytes,    2839800 total
[2022-04-25T23:57:24.189+0000][8][gc,age      ] GC(70) - age   2:     235592 bytes,    3075392 total
[2022-04-25T23:57:24.190+0000][8][gc,age      ] GC(70) - age   3:     299712 bytes,    3375104 total
[2022-04-25T23:57:24.191+0000][8][gc,age      ] GC(70) - age   4:     184312 bytes,    3559416 total
[2022-04-25T23:57:24.192+0000][8][gc,phases   ] GC(70)   Pre Evacuate Collection Set: 0.2ms
[2022-04-25T23:57:24.192+0000][8][gc,phases   ] GC(70)   Merge Heap Roots: 0.1ms
[2022-04-25T23:57:24.193+0000][8][gc,phases   ] GC(70)   Evacuate Collection Set: 1.5ms
[2022-04-25T23:57:24.193+0000][8][gc,phases   ] GC(70)   Post Evacuate Collection Set: 0.6ms
[2022-04-25T23:57:24.194+0000][8][gc,phases   ] GC(70)   Other: 10.2ms
[2022-04-25T23:57:24.195+0000][8][gc,heap     ] GC(70) Eden regions: 36->0(55)
[2022-04-25T23:57:24.196+0000][8][gc,heap     ] GC(70) Survivor regions: 1->1(5)
[2022-04-25T23:57:24.197+0000][8][gc,heap     ] GC(70) Old regions: 30->30
[2022-04-25T23:57:24.197+0000][8][gc,heap     ] GC(70) Archive regions: 2->2
[2022-04-25T23:57:24.198+0000][8][gc,heap     ] GC(70) Humongous regions: 6->6
[2022-04-25T23:57:24.199+0000][8][gc,metaspace] GC(70) Metaspace: 115593K(117504K)->115593K(117504K) NonClass: 100036K(101120K)->100036K(101120K) Class: 15557K(16384K)->15557K(16384K)
[2022-04-25T23:57:24.200+0000][8][gc          ] GC(70) Pause Young (Normal) (G1 Evacuation Pause) 292M->150M(512M) 20.299ms
[2022-04-25T23:57:24.200+0000][8][gc,cpu      ] GC(70) User=0.01s Sys=0.00s Real=0.02s
[2022-04-25T23:57:24.201+0000][8][safepoint   ] Safepoint "G1CollectForAllocation", Time since last: 698011501 ns, Reaching safepoint: 55291 ns, At safepoint: 21407584 ns, Total: 21462875 ns
[2022-04-25T23:57:25.213+0000][8][safepoint   ] Safepoint "Cleanup", Time since last: 1001121458 ns, Reaching safepoint: 11172000 ns, At safepoint: 29209 ns, Total: 11201209 ns
[2022-04-25T23:57:29.323+0000][8][safepoint   ] Safepoint "Cleanup", Time since last: 4109665252 ns, Reaching safepoint: 127458 ns, At safepoint: 6208 ns, Total: 133666 ns
[2022-04-25T23:57:30.372+0000][8][safepoint   ] Safepoint "Cleanup", Time since last: 1049358167 ns, Reaching safepoint: 114667 ns, At safepoint: 53167 ns, Total: 167834 ns
[2022-04-25T23:57:31.587+0000][8][safepoint   ] Safepoint "Cleanup", Time since last: 1143320292 ns, Reaching safepoint: 71568375 ns, At safepoint: 36250 ns, Total: 71604625 ns
[2022-04-25T23:57:32.870+0000][8][safepoint   ] Safepoint "Cleanup", Time since last: 1250614376 ns, Reaching safepoint: 31931541 ns, At safepoint: 28709 ns, Total: 31960250 ns
[2022-04-25T23:57:33.977+0000][8][safepoint   ] Safepoint "Cleanup", Time since last: 1107257709 ns, Reaching safepoint: 85375 ns, At safepoint: 3333 ns, Total: 88708 ns
[2022-04-25T23:57:35.124+0000][8][safepoint   ] Safepoint "Cleanup", Time since last: 1101033875 ns, Reaching safepoint: 45570792 ns, At safepoint: 50250 ns, Total: 45621042 ns
[2022-04-25T23:57:36.394+0000][8][safepoint   ] Safepoint "Cleanup", Time since last: 1270184417 ns, Reaching safepoint: 362459 ns, At safepoint: 6291 ns, Total: 368750 ns
[2022-04-25T23:57:37.545+0000][8][safepoint   ] Safepoint "Cleanup", Time since last: 1071473876 ns, Reaching safepoint: 78793000 ns, At safepoint: 26042 ns, Total: 78819042 ns
[2022-04-25T23:57:41.747+0000][8][safepoint   ] Safepoint "Cleanup", Time since last: 4202632710 ns, Reaching safepoint: 100417 ns, At safepoint: 5291 ns, Total: 105708 ns
[2022-04-25T23:57:42.935+0000][8][safepoint   ] Safepoint "Cleanup", Time since last: 1186532042 ns, Reaching safepoint: 931667 ns, At safepoint: 50125 ns, Total: 981792 ns
[2022-04-25T23:57:44.020+0000][8][safepoint   ] Safepoint "Cleanup", Time since last: 1084651751 ns, Reaching safepoint: 119083 ns, At safepoint: 5750 ns, Total: 124833 ns
[2022-04-25T23:57:45.133+0000][8][safepoint   ] Safepoint "Cleanup", Time since last: 1095299417 ns, Reaching safepoint: 18081834 ns, At safepoint: 34375 ns, Total: 18116209 ns
[2022-04-25T23:57:46.146+0000][8][safepoint   ] Safepoint "Cleanup", Time since last: 1012122083 ns, Reaching safepoint: 436917 ns, At safepoint: 6792 ns, Total: 443709 ns
[2022-04-25T23:57:49.356+0000][8][safepoint   ] Safepoint "Cleanup", Time since last: 3158115417 ns, Reaching safepoint: 334542 ns, At safepoint: 11041 ns, Total: 345583 ns
[2022-04-25T23:57:50.492+0000][8][safepoint   ] Safepoint "Cleanup", Time since last: 1135386418 ns, Reaching safepoint: 72500 ns, At safepoint: 3500 ns, Total: 76000 ns
[2022-04-25T23:57:51.580+0000][8][safepoint   ] Safepoint "Cleanup", Time since last: 1088344750 ns, Reaching safepoint: 101084 ns, At safepoint: 4958 ns, Total: 106042 ns
[2022-04-25T23:57:52.765+0000][8][safepoint   ] Safepoint "Cleanup", Time since last: 1182684084 ns, Reaching safepoint: 1846041 ns, At safepoint: 21792 ns, Total: 1867833 ns
[2022-04-25T23:57:53.801+0000][8][safepoint   ] Safepoint "Cleanup", Time since last: 1035199792 ns, Reaching safepoint: 653792 ns, At safepoint: 12625 ns, Total: 666417 ns
[2022-04-25T23:57:56.059+0000][8][safepoint   ] Safepoint "Cleanup", Time since last: 2258578376 ns, Reaching safepoint: 55458 ns, At safepoint: 35042 ns, Total: 90500 ns
[2022-04-25T23:57:58.307+0000][8][safepoint   ] Safepoint "Cleanup", Time since last: 2248055501 ns, Reaching safepoint: 66542 ns, At safepoint: 2666 ns, Total: 69208 ns
[2022-04-25T23:57:59.421+0000][8][safepoint   ] Safepoint "Cleanup", Time since last: 1113605668 ns, Reaching safepoint: 66333 ns, At safepoint: 3500 ns, Total: 69833 ns
[2022-04-25T23:58:01.669+0000][8][safepoint   ] Safepoint "Cleanup", Time since last: 2245718043 ns, Reaching safepoint: 1881250 ns, At safepoint: 17333 ns, Total: 1898583 ns
[2022-04-25T23:58:02.750+0000][8][safepoint   ] Safepoint "Cleanup", Time since last: 1081002042 ns, Reaching safepoint: 68000 ns, At safepoint: 3375 ns, Total: 71375 ns
[2022-04-25T23:58:03.831+0000][8][safepoint   ] Safepoint "Cleanup", Time since last: 1081537084 ns, Reaching safepoint: 71000 ns, At safepoint: 3292 ns, Total: 74292 ns
[2022-04-25T23:58:05.892+0000][8][safepoint   ] Safepoint "Cleanup", Time since last: 2060393292 ns, Reaching safepoint: 126959 ns, At safepoint: 3458 ns, Total: 130417 ns
[2022-04-25T23:58:06.929+0000][8][safepoint   ] Safepoint "Cleanup", Time since last: 1036621001 ns, Reaching safepoint: 85541 ns, At safepoint: 3417 ns, Total: 88958 ns
[2022-04-25T23:58:07.970+0000][8][safepoint   ] Safepoint "Cleanup", Time since last: 1041209042 ns, Reaching safepoint: 427708 ns, At safepoint: 2709 ns, Total: 430417 ns
[2022-04-25T23:58:08.980+0000][8][safepoint   ] Safepoint "Cleanup", Time since last: 1009677875 ns, Reaching safepoint: 346375 ns, At safepoint: 5125 ns, Total: 351500 ns
[2022-04-25T23:58:10.025+0000][8][safepoint   ] Safepoint "Cleanup", Time since last: 1044491667 ns, Reaching safepoint: 284959 ns, At safepoint: 13458 ns, Total: 298417 ns
[2022-04-25T23:58:12.139+0000][8][safepoint   ] Safepoint "Cleanup", Time since last: 2058834918 ns, Reaching safepoint: 24051416 ns, At safepoint: 8658792 ns, Total: 32710208 ns
[2022-04-25T23:58:13.243+0000][8][safepoint   ] Safepoint "Cleanup", Time since last: 1125568126 ns, Reaching safepoint: 845041 ns, At safepoint: 10709 ns, Total: 855750 ns
[2022-04-25T23:58:15.381+0000][8][safepoint   ] Safepoint "Cleanup", Time since last: 2137242792 ns, Reaching safepoint: 548042 ns, At safepoint: 3542 ns, Total: 551584 ns
[2022-04-25T23:58:16.465+0000][8][safepoint   ] Safepoint "Cleanup", Time since last: 1083947875 ns, Reaching safepoint: 96625 ns, At safepoint: 24542 ns, Total: 121167 ns
[2022-04-25T23:58:17.690+0000][8][safepoint   ] Safepoint "Cleanup", Time since last: 1224709292 ns, Reaching safepoint: 554792 ns, At safepoint: 15833 ns, Total: 570625 ns
[2022-04-25T23:58:18.699+0000][8][safepoint   ] Safepoint "Cleanup", Time since last: 1008692250 ns, Reaching safepoint: 73334 ns, At safepoint: 3750 ns, Total: 77084 ns
[2022-04-25T23:58:19.876+0000][8][safepoint   ] Safepoint "Cleanup", Time since last: 1141058042 ns, Reaching safepoint: 64067791 ns, At safepoint: 24334 ns, Total: 64092125 ns
[2022-04-25T23:58:20.937+0000][8][safepoint   ] Safepoint "Cleanup", Time since last: 1060819084 ns, Reaching safepoint: 57875 ns, At safepoint: 3125 ns, Total: 61000 ns
[2022-04-25T23:58:22.105+0000][8][safepoint   ] Safepoint "Cleanup", Time since last: 1120613250 ns, Reaching safepoint: 47976208 ns, At safepoint: 17459 ns, Total: 47993667 ns
[2022-04-25T23:58:23.229+0000][8][safepoint   ] Safepoint "Cleanup", Time since last: 1111502292 ns, Reaching safepoint: 12239458 ns, At safepoint: 35709 ns, Total: 12275167 ns
[2022-04-25T23:58:24.333+0000][8][safepoint   ] Safepoint "Cleanup", Time since last: 1104186333 ns, Reaching safepoint: 48125 ns, At safepoint: 3292 ns, Total: 51417 ns
[2022-04-25T23:58:26.481+0000][8][safepoint   ] Safepoint "Cleanup", Time since last: 2146871126 ns, Reaching safepoint: 128834 ns, At safepoint: 59666 ns, Total: 188500 ns
[2022-04-25T23:58:27.249+0000][8][gc,start    ] GC(71) Pause Young (Normal) (G1 Evacuation Pause)
[2022-04-25T23:58:27.442+0000][8][gc,task     ] GC(71) Using 5 workers of 5 for evacuation
[2022-04-25T23:58:27.597+0000][8][gc,age      ] GC(71) Desired survivor size 14680064 bytes, new threshold 15 (max threshold 15)
[2022-04-25T23:58:27.915+0000][8][gc,age      ] GC(71) Age table with threshold 15 (max threshold 15)
[2022-04-25T23:58:28.064+0000][8][gc,age      ] GC(71) - age   1:    3993776 bytes,    3993776 total
[2022-04-25T23:58:28.232+0000][8][gc,age      ] GC(71) - age   2:     457864 bytes,    4451640 total
[2022-04-25T23:58:28.431+0000][8][gc,age      ] GC(71) - age   3:     128840 bytes,    4580480 total
[2022-04-25T23:58:28.654+0000][8][gc,age      ] GC(71) - age   4:     172096 bytes,    4752576 total
[2022-04-25T23:58:28.727+0000][8][gc,age      ] GC(71) - age   5:      93272 bytes,    4845848 total
[2022-04-25T23:58:28.729+0000][8][gc,mmu      ] GC(71) MMU target violated: 201.0ms (200.0ms/201.0ms)
[2022-04-25T23:58:28.730+0000][8][gc,phases   ] GC(71)   Pre Evacuate Collection Set: 33.7ms
[2022-04-25T23:58:28.731+0000][8][gc,phases   ] GC(71)   Merge Heap Roots: 3.1ms
[2022-04-25T23:58:28.782+0000][8][gc,phases   ] GC(71)   Evacuate Collection Set: 144.2ms
[2022-04-25T23:58:28.814+0000][8][gc,phases   ] GC(71)   Post Evacuate Collection Set: 32.7ms
[2022-04-25T23:58:28.823+0000][8][gc,phases   ] GC(71)   Other: 1267.5ms
[2022-04-25T23:58:28.824+0000][8][gc,heap     ] GC(71) Eden regions: 55->0(4)
[2022-04-25T23:58:28.826+0000][8][gc,heap     ] GC(71) Survivor regions: 1->2(7)
[2022-04-25T23:58:28.827+0000][8][gc,heap     ] GC(71) Old regions: 30->30
[2022-04-25T23:58:28.829+0000][8][gc,heap     ] GC(71) Archive regions: 2->2
[2022-04-25T23:58:28.830+0000][8][gc,heap     ] GC(71) Humongous regions: 6->6
[2022-04-25T23:58:28.831+0000][8][gc,metaspace] GC(71) Metaspace: 115727K(117632K)->115727K(117632K) NonClass: 100168K(101248K)->100168K(101248K) Class: 15559K(16384K)->15559K(16384K)
[2022-04-25T23:58:28.832+0000][8][gc          ] GC(71) Pause Young (Normal) (G1 Evacuation Pause) 370M->151M(512M) 1583.480ms
[2022-04-25T23:58:28.834+0000][8][gc,cpu      ] GC(71) User=0.28s Sys=0.08s Real=1.59s
[2022-04-25T23:58:28.836+0000][8][safepoint   ] Safepoint "G1CollectForAllocation", Time since last: 768018626 ns, Reaching safepoint: 123125 ns, At safepoint: 1587405542 ns, Total: 1587528667 ns
[2022-04-25T23:58:29.897+0000][8][safepoint   ] Safepoint "Cleanup", Time since last: 1060370042 ns, Reaching safepoint: 85458 ns, At safepoint: 4459 ns, Total: 89917 ns
[2022-04-25T23:58:30.633+0000][8][gc,start    ] GC(72) Pause Young (Normal) (G1 Evacuation Pause)
[2022-04-25T23:58:30.635+0000][8][gc,task     ] GC(72) Using 5 workers of 5 for evacuation
[2022-04-25T23:58:30.636+0000][8][gc,age      ] GC(72) Desired survivor size 2097152 bytes, new threshold 1 (max threshold 15)
[2022-04-25T23:58:30.645+0000][8][gc,age      ] GC(72) Age table with threshold 1 (max threshold 15)
[2022-04-25T23:58:30.647+0000][8][gc,age      ] GC(72) - age   1:    1009744 bytes,    1009744 total
[2022-04-25T23:58:30.648+0000][8][gc,phases   ] GC(72)   Pre Evacuate Collection Set: 0.1ms
[2022-04-25T23:58:30.649+0000][8][gc,phases   ] GC(72)   Merge Heap Roots: 0.1ms
[2022-04-25T23:58:30.653+0000][8][gc,phases   ] GC(72)   Evacuate Collection Set: 6.1ms
[2022-04-25T23:58:30.654+0000][8][gc,phases   ] GC(72)   Post Evacuate Collection Set: 0.8ms
[2022-04-25T23:58:30.655+0000][8][gc,phases   ] GC(72)   Other: 7.5ms
[2022-04-25T23:58:30.656+0000][8][gc,heap     ] GC(72) Eden regions: 4->0(5)
[2022-04-25T23:58:30.657+0000][8][gc,heap     ] GC(72) Survivor regions: 2->1(1)
[2022-04-25T23:58:30.658+0000][8][gc,heap     ] GC(72) Old regions: 30->31
[2022-04-25T23:58:30.660+0000][8][gc,heap     ] GC(72) Archive regions: 2->2
[2022-04-25T23:58:30.661+0000][8][gc,heap     ] GC(72) Humongous regions: 6->6
[2022-04-25T23:58:30.662+0000][8][gc,metaspace] GC(72) Metaspace: 115746K(117632K)->115746K(117632K) NonClass: 100187K(101248K)->100187K(101248K) Class: 15559K(16384K)->15559K(16384K)
[2022-04-25T23:58:30.663+0000][8][gc          ] GC(72) Pause Young (Normal) (G1 Evacuation Pause) 167M->152M(512M) 29.555ms
[2022-04-25T23:58:30.664+0000][8][gc,cpu      ] GC(72) User=0.02s Sys=0.00s Real=0.03s
[2022-04-25T23:58:30.665+0000][8][safepoint   ] Safepoint "G1CollectForAllocation", Time since last: 736698875 ns, Reaching safepoint: 180083 ns, At safepoint: 31616584 ns, Total: 31796667 ns
[2022-04-25T23:58:31.681+0000][8][safepoint   ] Safepoint "Cleanup", Time since last: 1015954792 ns, Reaching safepoint: 167500 ns, At safepoint: 5667 ns, Total: 173167 ns
[2022-04-25T23:58:32.779+0000][8][safepoint   ] Safepoint "Cleanup", Time since last: 1097386209 ns, Reaching safepoint: 60041 ns, At safepoint: 3459 ns, Total: 63500 ns
[2022-04-25T23:58:34.358+0000][8][safepoint   ] Safepoint "Cleanup", Time since last: 1579126959 ns, Reaching safepoint: 88750 ns, At safepoint: 3458 ns, Total: 92208 ns
[2022-04-25T23:58:37.914+0000][8][gc,start    ] GC(73) Pause Young (Concurrent Start) (G1 Evacuation Pause)
[2022-04-25T23:58:37.916+0000][8][gc,task     ] GC(73) Using 5 workers of 5 for evacuation
[2022-04-25T23:58:37.917+0000][8][gc,age      ] GC(73) Desired survivor size 2097152 bytes, new threshold 15 (max threshold 15)
[2022-04-25T23:58:37.921+0000][8][gc,age      ] GC(73) Age table with threshold 15 (max threshold 15)
[2022-04-25T23:58:37.922+0000][8][gc,age      ] GC(73) - age   1:    1029424 bytes,    1029424 total
[2022-04-25T23:58:37.934+0000][8][gc,age      ] GC(73) - age   2:     376904 bytes,    1406328 total
[2022-04-25T23:58:37.936+0000][8][gc,phases   ] GC(73)   Pre Evacuate Collection Set: 0.5ms
[2022-04-25T23:58:37.938+0000][8][gc,phases   ] GC(73)   Merge Heap Roots: 0.2ms
[2022-04-25T23:58:37.940+0000][8][gc,phases   ] GC(73)   Evacuate Collection Set: 1.3ms
[2022-04-25T23:58:37.941+0000][8][gc,phases   ] GC(73)   Post Evacuate Collection Set: 0.7ms
[2022-04-25T23:58:37.943+0000][8][gc,phases   ] GC(73)   Other: 19.0ms
[2022-04-25T23:58:37.944+0000][8][gc,heap     ] GC(73) Eden regions: 5->0(5)
[2022-04-25T23:58:37.946+0000][8][gc,heap     ] GC(73) Survivor regions: 1->1(1)
[2022-04-25T23:58:37.947+0000][8][gc,heap     ] GC(73) Old regions: 31->31
[2022-04-25T23:58:37.949+0000][8][gc,heap     ] GC(73) Archive regions: 2->2
[2022-04-25T23:58:37.950+0000][8][gc,heap     ] GC(73) Humongous regions: 6->6
[2022-04-25T23:58:37.964+0000][8][gc,metaspace] GC(73) Metaspace: 115746K(117632K)->115746K(117632K) NonClass: 100187K(101248K)->100187K(101248K) Class: 15559K(16384K)->15559K(16384K)
[2022-04-25T23:58:38.237+0000][8][gc          ] GC(73) Pause Young (Concurrent Start) (G1 Evacuation Pause) 172M->152M(512M) 323.157ms
[2022-04-25T23:58:38.262+0000][8][gc,cpu      ] GC(73) User=0.01s Sys=0.01s Real=0.35s
[2022-04-25T23:58:38.380+0000][8][safepoint   ] Safepoint "G1CollectForAllocation", Time since last: 3556363377 ns, Reaching safepoint: 55625 ns, At safepoint: 465269042 ns, Total: 465324667 ns
[2022-04-25T23:58:38.656+0000][8][gc          ] GC(74) Concurrent Mark Cycle
[2022-04-25T23:58:39.170+0000][8][gc,marking  ] GC(74) Concurrent Clear Claimed Marks
[2022-04-25T23:58:39.298+0000][8][gc,marking  ] GC(74) Concurrent Clear Claimed Marks 128.204ms
[2022-04-25T23:58:39.422+0000][8][gc,marking  ] GC(74) Concurrent Scan Root Regions
[2022-04-25T23:58:39.448+0000][8][gc,marking  ] GC(74) Concurrent Scan Root Regions 26.204ms
[2022-04-25T23:58:39.579+0000][8][gc,marking  ] GC(74) Concurrent Mark
[2022-04-25T23:58:39.582+0000][8][gc,marking  ] GC(74) Concurrent Mark From Roots
[2022-04-25T23:58:39.583+0000][8][gc,task     ] GC(74) Using 1 workers of 1 for marking
[2022-04-25T23:58:39.673+0000][8][gc,marking  ] GC(74) Concurrent Mark From Roots 91.325ms
[2022-04-25T23:58:39.675+0000][8][gc,marking  ] GC(74) Concurrent Preclean
[2022-04-25T23:58:39.676+0000][8][gc,marking  ] GC(74) Concurrent Preclean 1.644ms
[2022-04-25T23:58:39.678+0000][8][gc,start    ] GC(74) Pause Remark
[2022-04-25T23:58:39.704+0000][8][gc          ] GC(74) Pause Remark 158M->158M(512M) 25.522ms
[2022-04-25T23:58:39.705+0000][8][gc,cpu      ] GC(74) User=0.10s Sys=0.00s Real=0.03s
[2022-04-25T23:58:39.707+0000][8][safepoint   ] Safepoint "G1Concurrent", Time since last: 1298535375 ns, Reaching safepoint: 281625 ns, At safepoint: 28359208 ns, Total: 28640833 ns
[2022-04-25T23:58:39.708+0000][8][gc,marking  ] GC(74) Concurrent Mark 129.396ms
[2022-04-25T23:58:39.710+0000][8][gc,marking  ] GC(74) Concurrent Rebuild Remembered Sets
[2022-04-25T23:58:40.639+0000][8][gc,marking  ] GC(74) Concurrent Rebuild Remembered Sets 929.512ms
[2022-04-25T23:58:40.706+0000][8][gc,start    ] GC(74) Pause Cleanup
[2022-04-25T23:58:40.724+0000][8][gc          ] GC(74) Pause Cleanup 158M->158M(512M) 18.298ms
[2022-04-25T23:58:40.769+0000][8][gc,cpu      ] GC(74) User=0.00s Sys=0.00s Real=0.06s
[2022-04-25T23:58:40.956+0000][8][safepoint   ] Safepoint "G1Concurrent", Time since last: 998003293 ns, Reaching safepoint: 802916 ns, At safepoint: 250741417 ns, Total: 251544333 ns
[2022-04-25T23:58:41.110+0000][8][gc,marking  ] GC(74) Concurrent Cleanup for Next Mark
[2022-04-25T23:58:41.279+0000][8][gc,marking  ] GC(74) Concurrent Cleanup for Next Mark 168.961ms
[2022-04-25T23:58:41.280+0000][8][gc          ] GC(74) Concurrent Mark Cycle 2624.256ms
[2022-04-25T23:58:43.323+0000][8][safepoint   ] Safepoint "Cleanup", Time since last: 2367108793 ns, Reaching safepoint: 66792 ns, At safepoint: 2625 ns, Total: 69417 ns
[2022-04-25T23:58:44.584+0000][8][safepoint   ] Safepoint "Cleanup", Time since last: 1013037625 ns, Reaching safepoint: 247175167 ns, At safepoint: 27416 ns, Total: 247202583 ns
[2022-04-25T23:58:45.233+0000][8][gc,start    ] GC(75) Pause Young (Prepare Mixed) (G1 Evacuation Pause)
[2022-04-25T23:58:45.237+0000][8][gc,task     ] GC(75) Using 5 workers of 5 for evacuation
[2022-04-25T23:58:45.238+0000][8][gc,age      ] GC(75) Desired survivor size 2097152 bytes, new threshold 15 (max threshold 15)
[2022-04-25T23:58:45.295+0000][8][gc,age      ] GC(75) Age table with threshold 15 (max threshold 15)
[2022-04-25T23:58:45.349+0000][8][gc,age      ] GC(75) - age   1:    1050896 bytes,    1050896 total
[2022-04-25T23:58:45.376+0000][8][gc,age      ] GC(75) - age   2:     634448 bytes,    1685344 total
[2022-04-25T23:58:45.400+0000][8][gc,age      ] GC(75) - age   3:     277744 bytes,    1963088 total
[2022-04-25T23:58:45.446+0000][8][gc,mmu      ] GC(75) MMU target violated: 201.0ms (200.0ms/201.0ms)
[2022-04-25T23:58:45.461+0000][8][gc,phases   ] GC(75)   Pre Evacuate Collection Set: 0.1ms
[2022-04-25T23:58:45.496+0000][8][gc,phases   ] GC(75)   Merge Heap Roots: 0.1ms
[2022-04-25T23:58:45.509+0000][8][gc,phases   ] GC(75)   Evacuate Collection Set: 12.8ms
[2022-04-25T23:58:45.532+0000][8][gc,phases   ] GC(75)   Post Evacuate Collection Set: 41.1ms
[2022-04-25T23:58:45.568+0000][8][gc,phases   ] GC(75)   Other: 173.9ms
[2022-04-25T23:58:45.602+0000][8][gc,heap     ] GC(75) Eden regions: 5->0(5)
[2022-04-25T23:58:45.624+0000][8][gc,heap     ] GC(75) Survivor regions: 1->1(1)
[2022-04-25T23:58:45.653+0000][8][gc,heap     ] GC(75) Old regions: 31->31
[2022-04-25T23:58:45.666+0000][8][gc,heap     ] GC(75) Archive regions: 2->2
[2022-04-25T23:58:45.723+0000][8][gc,heap     ] GC(75) Humongous regions: 6->6
[2022-04-25T23:58:45.741+0000][8][gc,metaspace] GC(75) Metaspace: 115753K(117632K)->115753K(117632K) NonClass: 100195K(101248K)->100195K(101248K) Class: 15558K(16384K)->15558K(16384K)
[2022-04-25T23:58:45.773+0000][8][gc          ] GC(75) Pause Young (Prepare Mixed) (G1 Evacuation Pause) 172M->153M(512M) 540.322ms
[2022-04-25T23:58:45.789+0000][8][gc,cpu      ] GC(75) User=0.04s Sys=0.03s Real=0.55s
[2022-04-25T23:58:45.818+0000][8][safepoint   ] Safepoint "G1CollectForAllocation", Time since last: 648491292 ns, Reaching safepoint: 670250 ns, At safepoint: 585111376 ns, Total: 585781626 ns
[2022-04-25T23:58:49.923+0000][8][safepoint   ] Safepoint "Cleanup", Time since last: 4082072418 ns, Reaching safepoint: 4755291 ns, At safepoint: 17000 ns, Total: 4772291 ns
[2022-04-25T23:58:51.045+0000][8][safepoint   ] Safepoint "Cleanup", Time since last: 1086481959 ns, Reaching safepoint: 34679000 ns, At safepoint: 86834 ns, Total: 34765834 ns
[2022-04-25T23:58:53.048+0000][8][gc,start    ] GC(76) Pause Young (Mixed) (G1 Evacuation Pause)
[2022-04-25T23:58:53.086+0000][8][gc,task     ] GC(76) Using 5 workers of 5 for evacuation
[2022-04-25T23:58:53.159+0000][8][gc,age      ] GC(76) Desired survivor size 2097152 bytes, new threshold 15 (max threshold 15)
[2022-04-25T23:58:53.261+0000][8][gc,age      ] GC(76) Age table with threshold 15 (max threshold 15)
[2022-04-25T23:58:53.292+0000][8][gc,age      ] GC(76) - age   1:    1234952 bytes,    1234952 total
[2022-04-25T23:58:53.342+0000][8][gc,age      ] GC(76) - age   2:     972184 bytes,    2207136 total
[2022-04-25T23:58:53.374+0000][8][gc,age      ] GC(76) - age   3:     320000 bytes,    2527136 total
[2022-04-25T23:58:53.398+0000][8][gc,age      ] GC(76) - age   4:      12744 bytes,    2539880 total
[2022-04-25T23:58:53.439+0000][8][gc,mmu      ] GC(76) MMU target violated: 201.0ms (200.0ms/201.0ms)
[2022-04-25T23:58:53.473+0000][8][gc,phases   ] GC(76)   Pre Evacuate Collection Set: 0.2ms
[2022-04-25T23:58:53.504+0000][8][gc,phases   ] GC(76)   Merge Heap Roots: 0.1ms
[2022-04-25T23:58:53.535+0000][8][gc,phases   ] GC(76)   Evacuate Collection Set: 25.1ms
[2022-04-25T23:58:53.603+0000][8][gc,phases   ] GC(76)   Post Evacuate Collection Set: 4.9ms
[2022-04-25T23:58:53.608+0000][8][gc,phases   ] GC(76)   Other: 394.7ms
[2022-04-25T23:58:53.609+0000][8][gc,heap     ] GC(76) Eden regions: 5->0(5)
[2022-04-25T23:58:53.691+0000][8][gc,heap     ] GC(76) Survivor regions: 1->1(1)
[2022-04-25T23:58:53.737+0000][8][gc,heap     ] GC(76) Old regions: 31->30
[2022-04-25T23:58:53.780+0000][8][gc,heap     ] GC(76) Archive regions: 2->2
[2022-04-25T23:58:53.864+0000][8][gc,heap     ] GC(76) Humongous regions: 6->6
[2022-04-25T23:58:53.887+0000][8][gc,metaspace] GC(76) Metaspace: 115757K(117632K)->115757K(117632K) NonClass: 100199K(101248K)->100199K(101248K) Class: 15558K(16384K)->15558K(16384K)
[2022-04-25T23:58:53.921+0000][8][gc          ] GC(76) Pause Young (Mixed) (G1 Evacuation Pause) 173M->150M(512M) 872.671ms
[2022-04-25T23:58:53.959+0000][8][gc,cpu      ] GC(76) User=0.16s Sys=0.04s Real=0.92s
[2022-04-25T23:58:54.025+0000][8][safepoint   ] Safepoint "G1CollectForAllocation", Time since last: 2003401167 ns, Reaching safepoint: 65875 ns, At safepoint: 976976417 ns, Total: 977042292 ns
[2022-04-25T23:58:55.113+0000][8][safepoint   ] Safepoint "Cleanup", Time since last: 1087518792 ns, Reaching safepoint: 106042 ns, At safepoint: 6542 ns, Total: 112584 ns
[2022-04-25T23:58:56.133+0000][8][safepoint   ] Safepoint "Cleanup", Time since last: 1019980667 ns, Reaching safepoint: 55917 ns, At safepoint: 3000 ns, Total: 58917 ns
[2022-04-25T23:58:57.134+0000][8][safepoint   ] Safepoint "Cleanup", Time since last: 1001404583 ns, Reaching safepoint: 116667 ns, At safepoint: 96375 ns, Total: 213042 ns
[2022-04-25T23:59:00.106+0000][8][gc,start    ] GC(77) Pause Young (Mixed) (G1 Evacuation Pause)
[2022-04-25T23:59:00.189+0000][8][gc,task     ] GC(77) Using 5 workers of 5 for evacuation
[2022-04-25T23:59:00.238+0000][8][gc,age      ] GC(77) Desired survivor size 2097152 bytes, new threshold 2 (max threshold 15)
[2022-04-25T23:59:00.287+0000][8][gc,age      ] GC(77) Age table with threshold 2 (max threshold 15)
[2022-04-25T23:59:00.341+0000][8][gc,age      ] GC(77) - age   1:     329552 bytes,     329552 total
[2022-04-25T23:59:00.376+0000][8][gc,age      ] GC(77) - age   2:     750848 bytes,    1080400 total
[2022-04-25T23:59:00.440+0000][8][gc,mmu      ] GC(77) MMU target violated: 201.0ms (200.0ms/201.0ms)
[2022-04-25T23:59:00.474+0000][8][gc,phases   ] GC(77)   Pre Evacuate Collection Set: 0.3ms
[2022-04-25T23:59:00.553+0000][8][gc,phases   ] GC(77)   Merge Heap Roots: 0.1ms
[2022-04-25T23:59:00.602+0000][8][gc,phases   ] GC(77)   Evacuate Collection Set: 36.4ms
[2022-04-25T23:59:00.675+0000][8][gc,phases   ] GC(77)   Post Evacuate Collection Set: 2.2ms
[2022-04-25T23:59:00.734+0000][8][gc,phases   ] GC(77)   Other: 329.6ms
[2022-04-25T23:59:00.764+0000][8][gc,heap     ] GC(77) Eden regions: 5->0(5)
[2022-04-25T23:59:00.832+0000][8][gc,heap     ] GC(77) Survivor regions: 1->1(1)
[2022-04-25T23:59:00.874+0000][8][gc,heap     ] GC(77) Old regions: 30->30
[2022-04-25T23:59:00.907+0000][8][gc,heap     ] GC(77) Archive regions: 2->2
[2022-04-25T23:59:00.968+0000][8][gc,heap     ] GC(77) Humongous regions: 6->6
[2022-04-25T23:59:00.994+0000][8][gc,metaspace] GC(77) Metaspace: 115758K(117632K)->115758K(117632K) NonClass: 100200K(101248K)->100200K(101248K) Class: 15558K(16384K)->15558K(16384K)
[2022-04-25T23:59:01.056+0000][8][gc          ] GC(77) Pause Young (Mixed) (G1 Evacuation Pause) 170M->146M(512M) 950.151ms
[2022-04-25T23:59:01.104+0000][8][gc,cpu      ] GC(77) User=0.06s Sys=0.01s Real=1.00s
[2022-04-25T23:59:01.143+0000][8][safepoint   ] Safepoint "G1CollectForAllocation", Time since last: 2971199043 ns, Reaching safepoint: 113667 ns, At safepoint: 1036955334 ns, Total: 1037069001 ns
[2022-04-25T23:59:03.234+0000][8][safepoint   ] Safepoint "Cleanup", Time since last: 2091226376 ns, Reaching safepoint: 175875 ns, At safepoint: 15625 ns, Total: 191500 ns
[2022-04-25T23:59:06.286+0000][8][safepoint   ] Safepoint "Cleanup", Time since last: 3051401209 ns, Reaching safepoint: 107875 ns, At safepoint: 5959 ns, Total: 113834 ns
[2022-04-25T23:59:07.423+0000][8][safepoint   ] Safepoint "Cleanup", Time since last: 1135853542 ns, Reaching safepoint: 1122292 ns, At safepoint: 41083 ns, Total: 1163375 ns
[2022-04-25T23:59:07.883+0000][8][gc,start    ] GC(78) Pause Young (Normal) (G1 Evacuation Pause)
[2022-04-25T23:59:07.997+0000][8][gc,task     ] GC(78) Using 5 workers of 5 for evacuation
[2022-04-25T23:59:08.057+0000][8][gc,age      ] GC(78) Desired survivor size 2097152 bytes, new threshold 15 (max threshold 15)
[2022-04-25T23:59:08.339+0000][8][gc,age      ] GC(78) Age table with threshold 15 (max threshold 15)
[2022-04-25T23:59:08.384+0000][8][gc,age      ] GC(78) - age   1:    1901576 bytes,    1901576 total
[2022-04-25T23:59:08.412+0000][8][gc,age      ] GC(78) - age   2:     186264 bytes,    2087840 total
[2022-04-25T23:59:08.487+0000][8][gc,age      ] GC(78) - age   3:     361552 bytes,    2449392 total
[2022-04-25T23:59:08.524+0000][8][gc,mmu      ] GC(78) MMU target violated: 201.0ms (200.0ms/201.0ms)
[2022-04-25T23:59:08.572+0000][8][gc,phases   ] GC(78)   Pre Evacuate Collection Set: 1.1ms
[2022-04-25T23:59:08.647+0000][8][gc,phases   ] GC(78)   Merge Heap Roots: 0.2ms
[2022-04-25T23:59:08.737+0000][8][gc,phases   ] GC(78)   Evacuate Collection Set: 56.4ms
[2022-04-25T23:59:08.768+0000][8][gc,phases   ] GC(78)   Post Evacuate Collection Set: 112.7ms
[2022-04-25T23:59:08.809+0000][8][gc,phases   ] GC(78)   Other: 521.1ms
[2022-04-25T23:59:08.868+0000][8][gc,heap     ] GC(78) Eden regions: 5->0(5)
[2022-04-25T23:59:08.913+0000][8][gc,heap     ] GC(78) Survivor regions: 1->1(1)
[2022-04-25T23:59:09.001+0000][8][gc,heap     ] GC(78) Old regions: 30->30
[2022-04-25T23:59:09.138+0000][8][gc,heap     ] GC(78) Archive regions: 2->2
[2022-04-25T23:59:09.211+0000][8][gc,heap     ] GC(78) Humongous regions: 6->6
[2022-04-25T23:59:09.237+0000][8][gc,metaspace] GC(78) Metaspace: 115768K(117632K)->115768K(117632K) NonClass: 100210K(101248K)->100210K(101248K) Class: 15558K(16384K)->15558K(16384K)
[2022-04-25T23:59:09.317+0000][8][gc          ] GC(78) Pause Young (Normal) (G1 Evacuation Pause) 166M->148M(512M) 1434.032ms
[2022-04-25T23:59:09.334+0000][8][gc,cpu      ] GC(78) User=0.17s Sys=0.08s Real=1.45s
[2022-04-25T23:59:09.380+0000][8][safepoint   ] Safepoint "G1CollectForAllocation", Time since last: 437392625 ns, Reaching safepoint: 6172000 ns, At safepoint: 1513713001 ns, Total: 1519885001 ns
[2022-04-25T23:59:10.391+0000][8][safepoint   ] Safepoint "Cleanup", Time since last: 1007226917 ns, Reaching safepoint: 3366708 ns, At safepoint: 66292 ns, Total: 3433000 ns
[2022-04-25T23:59:11.536+0000][8][safepoint   ] Safepoint "Cleanup", Time since last: 1124671876 ns, Reaching safepoint: 20282666 ns, At safepoint: 59125 ns, Total: 20341791 ns
[2022-04-25T23:59:12.766+0000][8][safepoint   ] Safepoint "Cleanup", Time since last: 1212402209 ns, Reaching safepoint: 17741917 ns, At safepoint: 26042 ns, Total: 17767959 ns
[2022-04-25T23:59:13.855+0000][8][safepoint   ] Safepoint "Cleanup", Time since last: 1089587583 ns, Reaching safepoint: 88125 ns, At safepoint: 3125 ns, Total: 91250 ns
[2022-04-25T23:59:14.922+0000][8][gc,start    ] GC(79) Pause Young (Normal) (G1 Evacuation Pause)
[2022-04-25T23:59:14.924+0000][8][gc,task     ] GC(79) Using 5 workers of 5 for evacuation
[2022-04-25T23:59:14.925+0000][8][gc,age      ] GC(79) Desired survivor size 2097152 bytes, new threshold 3 (max threshold 15)
[2022-04-25T23:59:14.944+0000][8][gc,age      ] GC(79) Age table with threshold 3 (max threshold 15)
[2022-04-25T23:59:14.946+0000][8][gc,age      ] GC(79) - age   1:     702064 bytes,     702064 total
[2022-04-25T23:59:14.948+0000][8][gc,age      ] GC(79) - age   2:    1430368 bytes,    2132432 total
[2022-04-25T23:59:14.950+0000][8][gc,age      ] GC(79) - age   3:     185552 bytes,    2317984 total
[2022-04-25T23:59:14.952+0000][8][gc,phases   ] GC(79)   Pre Evacuate Collection Set: 0.6ms
[2022-04-25T23:59:14.954+0000][8][gc,phases   ] GC(79)   Merge Heap Roots: 0.1ms
[2022-04-25T23:59:14.956+0000][8][gc,phases   ] GC(79)   Evacuate Collection Set: 14.9ms
[2022-04-25T23:59:14.958+0000][8][gc,phases   ] GC(79)   Post Evacuate Collection Set: 2.1ms
[2022-04-25T23:59:15.063+0000][8][gc,phases   ] GC(79)   Other: 12.1ms
[2022-04-25T23:59:15.128+0000][8][gc,heap     ] GC(79) Eden regions: 5->0(5)
[2022-04-25T23:59:15.241+0000][8][gc,heap     ] GC(79) Survivor regions: 1->1(1)
[2022-04-25T23:59:15.320+0000][8][gc,heap     ] GC(79) Old regions: 30->30
[2022-04-25T23:59:15.512+0000][8][gc,heap     ] GC(79) Archive regions: 2->2
[2022-04-25T23:59:15.552+0000][8][gc,heap     ] GC(79) Humongous regions: 6->6
[2022-04-25T23:59:15.618+0000][8][gc,metaspace] GC(79) Metaspace: 115782K(117632K)->115782K(117632K) NonClass: 100224K(101248K)->100224K(101248K) Class: 15558K(16384K)->15558K(16384K)
[2022-04-25T23:59:15.675+0000][8][gc          ] GC(79) Pause Young (Normal) (G1 Evacuation Pause) 168M->148M(512M) 752.859ms
[2022-04-25T23:59:15.727+0000][8][gc,cpu      ] GC(79) User=0.07s Sys=0.03s Real=0.80s
[2022-04-25T23:59:15.760+0000][8][safepoint   ] Safepoint "G1CollectForAllocation", Time since last: 1066670376 ns, Reaching safepoint: 190042 ns, At safepoint: 838128958 ns, Total: 838319000 ns
[2022-04-25T23:59:16.982+0000][8][safepoint   ] Safepoint "Cleanup", Time since last: 1221604584 ns, Reaching safepoint: 117209 ns, At safepoint: 5958 ns, Total: 123167 ns
[2022-04-25T23:59:19.163+0000][8][safepoint   ] Safepoint "Cleanup", Time since last: 2175399459 ns, Reaching safepoint: 101833 ns, At safepoint: 3667 ns, Total: 105500 ns
[2022-04-25T23:59:23.089+0000][8][gc,start    ] GC(80) Pause Young (Normal) (G1 Evacuation Pause)
[2022-04-25T23:59:23.130+0000][8][gc,task     ] GC(80) Using 5 workers of 5 for evacuation
[2022-04-25T23:59:23.164+0000][8][gc,age      ] GC(80) Desired survivor size 2097152 bytes, new threshold 2 (max threshold 15)
[2022-04-25T23:59:23.264+0000][8][gc,age      ] GC(80) Age table with threshold 2 (max threshold 15)
[2022-04-25T23:59:23.310+0000][8][gc,age      ] GC(80) - age   1:     189368 bytes,     189368 total
[2022-04-25T23:59:23.349+0000][8][gc,age      ] GC(80) - age   2:     370456 bytes,     559824 total
[2022-04-25T23:59:23.365+0000][8][gc,phases   ] GC(80)   Pre Evacuate Collection Set: 0.2ms
[2022-04-25T23:59:23.416+0000][8][gc,phases   ] GC(80)   Merge Heap Roots: 0.1ms
[2022-04-25T23:59:23.448+0000][8][gc,phases   ] GC(80)   Evacuate Collection Set: 56.9ms
[2022-04-25T23:59:23.515+0000][8][gc,phases   ] GC(80)   Post Evacuate Collection Set: 7.5ms
[2022-04-25T23:59:23.549+0000][8][gc,phases   ] GC(80)   Other: 211.2ms
[2022-04-25T23:59:23.591+0000][8][gc,heap     ] GC(80) Eden regions: 5->0(5)
[2022-04-25T23:59:23.662+0000][8][gc,heap     ] GC(80) Survivor regions: 1->1(1)
[2022-04-25T23:59:23.694+0000][8][gc,heap     ] GC(80) Old regions: 30->30
[2022-04-25T23:59:23.708+0000][8][gc,heap     ] GC(80) Archive regions: 2->2
[2022-04-25T23:59:23.739+0000][8][gc,heap     ] GC(80) Humongous regions: 6->6
[2022-04-25T23:59:23.771+0000][8][gc,metaspace] GC(80) Metaspace: 115797K(117632K)->115797K(117632K) NonClass: 100239K(101248K)->100239K(101248K) Class: 15558K(16384K)->15558K(16384K)
[2022-04-25T23:59:23.792+0000][8][gc          ] GC(80) Pause Young (Normal) (G1 Evacuation Pause) 168M->147M(512M) 702.659ms
[2022-04-25T23:59:23.821+0000][8][gc,cpu      ] GC(80) User=0.13s Sys=0.06s Real=0.73s
[2022-04-25T23:59:23.855+0000][8][safepoint   ] Safepoint "G1CollectForAllocation", Time since last: 3926318668 ns, Reaching safepoint: 70459 ns, At safepoint: 765889458 ns, Total: 765959917 ns
[2022-04-25T23:59:24.881+0000][8][safepoint   ] Safepoint "Cleanup", Time since last: 1024988418 ns, Reaching safepoint: 687333 ns, At safepoint: 15583 ns, Total: 702916 ns
[2022-04-25T23:59:26.986+0000][8][safepoint   ] Safepoint "Cleanup", Time since last: 2100014210 ns, Reaching safepoint: 4739875 ns, At safepoint: 254958 ns, Total: 4994833 ns
[2022-04-25T23:59:28.131+0000][8][safepoint   ] Safepoint "Cleanup", Time since last: 1124415917 ns, Reaching safepoint: 14285709 ns, At safepoint: 6369250 ns, Total: 20654959 ns
[2022-04-25T23:59:29.218+0000][8][safepoint   ] Safepoint "Cleanup", Time since last: 1087202792 ns, Reaching safepoint: 99583 ns, At safepoint: 5083 ns, Total: 104666 ns
[2022-04-25T23:59:29.676+0000][8][gc,start    ] GC(81) Pause Young (Normal) (G1 Evacuation Pause)
[2022-04-25T23:59:29.677+0000][8][gc,task     ] GC(81) Using 5 workers of 5 for evacuation
[2022-04-25T23:59:29.679+0000][8][gc,age      ] GC(81) Desired survivor size 2097152 bytes, new threshold 15 (max threshold 15)
[2022-04-25T23:59:29.682+0000][8][gc,age      ] GC(81) Age table with threshold 15 (max threshold 15)
[2022-04-25T23:59:29.683+0000][8][gc,age      ] GC(81) - age   1:    1087976 bytes,    1087976 total
[2022-04-25T23:59:29.684+0000][8][gc,age      ] GC(81) - age   2:     162088 bytes,    1250064 total
[2022-04-25T23:59:29.685+0000][8][gc,age      ] GC(81) - age   3:     173856 bytes,    1423920 total
[2022-04-25T23:59:29.686+0000][8][gc,phases   ] GC(81)   Pre Evacuate Collection Set: 0.1ms
[2022-04-25T23:59:29.687+0000][8][gc,phases   ] GC(81)   Merge Heap Roots: 0.1ms
[2022-04-25T23:59:29.687+0000][8][gc,phases   ] GC(81)   Evacuate Collection Set: 1.3ms
[2022-04-25T23:59:29.688+0000][8][gc,phases   ] GC(81)   Post Evacuate Collection Set: 0.7ms
[2022-04-25T23:59:29.703+0000][8][gc,phases   ] GC(81)   Other: 7.9ms
[2022-04-25T23:59:29.704+0000][8][gc,heap     ] GC(81) Eden regions: 5->0(5)
[2022-04-25T23:59:29.705+0000][8][gc,heap     ] GC(81) Survivor regions: 1->1(1)
[2022-04-25T23:59:29.706+0000][8][gc,heap     ] GC(81) Old regions: 30->30
[2022-04-25T23:59:29.708+0000][8][gc,heap     ] GC(81) Archive regions: 2->2
[2022-04-25T23:59:29.709+0000][8][gc,heap     ] GC(81) Humongous regions: 6->6
[2022-04-25T23:59:29.710+0000][8][gc,metaspace] GC(81) Metaspace: 115809K(117632K)->115809K(117632K) NonClass: 100250K(101248K)->100250K(101248K) Class: 15558K(16384K)->15558K(16384K)
[2022-04-25T23:59:29.711+0000][8][gc          ] GC(81) Pause Young (Normal) (G1 Evacuation Pause) 167M->148M(512M) 35.198ms
[2022-04-25T23:59:29.712+0000][8][gc,cpu      ] GC(81) User=0.01s Sys=0.01s Real=0.03s
[2022-04-25T23:59:29.713+0000][8][safepoint   ] Safepoint "G1CollectForAllocation", Time since last: 457255501 ns, Reaching safepoint: 407125 ns, At safepoint: 37626916 ns, Total: 38034041 ns
[2022-04-25T23:59:30.721+0000][8][safepoint   ] Safepoint "Cleanup", Time since last: 1007467959 ns, Reaching safepoint: 250833 ns, At safepoint: 7834 ns, Total: 258667 ns
[2022-04-25T23:59:31.784+0000][8][safepoint   ] Safepoint "Cleanup", Time since last: 1062866250 ns, Reaching safepoint: 64292 ns, At safepoint: 3333 ns, Total: 67625 ns
[2022-04-25T23:59:33.889+0000][8][safepoint   ] Safepoint "Cleanup", Time since last: 2104974043 ns, Reaching safepoint: 57542 ns, At safepoint: 3208 ns, Total: 60750 ns
[2022-04-25T23:59:35.061+0000][8][safepoint   ] Safepoint "Cleanup", Time since last: 1172251667 ns, Reaching safepoint: 105750 ns, At safepoint: 7958 ns, Total: 113708 ns
[2022-04-25T23:59:36.313+0000][8][safepoint   ] Safepoint "Cleanup", Time since last: 1251543251 ns, Reaching safepoint: 146125 ns, At safepoint: 7333 ns, Total: 153458 ns
[2022-04-25T23:59:36.828+0000][8][gc,start    ] GC(82) Pause Young (Normal) (G1 Evacuation Pause)
[2022-04-25T23:59:36.936+0000][8][gc,task     ] GC(82) Using 5 workers of 5 for evacuation
[2022-04-25T23:59:36.960+0000][8][gc,age      ] GC(82) Desired survivor size 2097152 bytes, new threshold 15 (max threshold 15)
[2022-04-25T23:59:36.966+0000][8][gc,age      ] GC(82) Age table with threshold 15 (max threshold 15)
[2022-04-25T23:59:36.967+0000][8][gc,age      ] GC(82) - age   1:     744232 bytes,     744232 total
[2022-04-25T23:59:36.968+0000][8][gc,age      ] GC(82) - age   2:     600520 bytes,    1344752 total
[2022-04-25T23:59:36.970+0000][8][gc,age      ] GC(82) - age   3:     161176 bytes,    1505928 total
[2022-04-25T23:59:36.971+0000][8][gc,age      ] GC(82) - age   4:     173136 bytes,    1679064 total
[2022-04-25T23:59:36.972+0000][8][gc,phases   ] GC(82)   Pre Evacuate Collection Set: 0.1ms
[2022-04-25T23:59:36.973+0000][8][gc,phases   ] GC(82)   Merge Heap Roots: 0.1ms
[2022-04-25T23:59:36.975+0000][8][gc,phases   ] GC(82)   Evacuate Collection Set: 2.8ms
[2022-04-25T23:59:36.976+0000][8][gc,phases   ] GC(82)   Post Evacuate Collection Set: 1.3ms
[2022-04-25T23:59:36.977+0000][8][gc,phases   ] GC(82)   Other: 139.5ms
[2022-04-25T23:59:36.979+0000][8][gc,heap     ] GC(82) Eden regions: 5->0(63)
[2022-04-25T23:59:36.980+0000][8][gc,heap     ] GC(82) Survivor regions: 1->1(1)
[2022-04-25T23:59:36.981+0000][8][gc,heap     ] GC(82) Old regions: 30->30
[2022-04-25T23:59:36.982+0000][8][gc,heap     ] GC(82) Archive regions: 2->2
[2022-04-25T23:59:36.984+0000][8][gc,heap     ] GC(82) Humongous regions: 6->6
[2022-04-25T23:59:36.985+0000][8][gc,metaspace] GC(82) Metaspace: 115820K(117696K)->115820K(117696K) NonClass: 100262K(101312K)->100262K(101312K) Class: 15558K(16384K)->15558K(16384K)
[2022-04-25T23:59:36.986+0000][8][gc          ] GC(82) Pause Young (Normal) (G1 Evacuation Pause) 168M->148M(512M) 157.580ms
[2022-04-25T23:59:36.987+0000][8][gc,cpu      ] GC(82) User=0.01s Sys=0.01s Real=0.16s
[2022-04-25T23:59:36.988+0000][8][safepoint   ] Safepoint "G1CollectForAllocation", Time since last: 483268376 ns, Reaching safepoint: 31588750 ns, At safepoint: 160214375 ns, Total: 191803125 ns
[2022-04-25T23:59:38.004+0000][8][safepoint   ] Safepoint "Cleanup", Time since last: 1013936625 ns, Reaching safepoint: 1422834 ns, At safepoint: 12333 ns, Total: 1435167 ns
[2022-04-25T23:59:39.130+0000][8][safepoint   ] Safepoint "Cleanup", Time since last: 1126388000 ns, Reaching safepoint: 91292 ns, At safepoint: 5542 ns, Total: 96834 ns
[2022-04-25T23:59:40.450+0000][8][safepoint   ] Safepoint "Cleanup", Time since last: 1306308542 ns, Reaching safepoint: 181708 ns, At safepoint: 13688750 ns, Total: 13870458 ns
[2022-04-25T23:59:41.492+0000][8][safepoint   ] Safepoint "Cleanup", Time since last: 1041426293 ns, Reaching safepoint: 177333 ns, At safepoint: 5625 ns, Total: 182958 ns
[2022-04-25T23:59:42.662+0000][8][safepoint   ] Safepoint "Cleanup", Time since last: 1169936500 ns, Reaching safepoint: 61417 ns, At safepoint: 2917 ns, Total: 64334 ns
[2022-04-25T23:59:43.759+0000][8][safepoint   ] Safepoint "Cleanup", Time since last: 1063943042 ns, Reaching safepoint: 33528542 ns, At safepoint: 40583 ns, Total: 33569125 ns
[2022-04-25T23:59:45.138+0000][8][safepoint   ] Safepoint "Cleanup", Time since last: 1378125292 ns, Reaching safepoint: 129334 ns, At safepoint: 5750 ns, Total: 135084 ns
[2022-04-25T23:59:46.264+0000][8][safepoint   ] Safepoint "Cleanup", Time since last: 1121464084 ns, Reaching safepoint: 4438208 ns, At safepoint: 18333 ns, Total: 4456541 ns
[2022-04-25T23:59:47.313+0000][8][safepoint   ] Safepoint "Cleanup", Time since last: 1049590792 ns, Reaching safepoint: 61250 ns, At safepoint: 3584 ns, Total: 64834 ns
[2022-04-25T23:59:51.456+0000][8][safepoint   ] Safepoint "Cleanup", Time since last: 4113294876 ns, Reaching safepoint: 37065584 ns, At safepoint: 21333 ns, Total: 37086917 ns
[2022-04-25T23:59:52.599+0000][8][safepoint   ] Safepoint "Cleanup", Time since last: 1137533584 ns, Reaching safepoint: 5852458 ns, At safepoint: 9667 ns, Total: 5862125 ns
[2022-04-25T23:59:54.732+0000][8][safepoint   ] Safepoint "Cleanup", Time since last: 2132374084 ns, Reaching safepoint: 53084 ns, At safepoint: 3375 ns, Total: 56459 ns
[2022-04-25T23:59:56.844+0000][8][safepoint   ] Safepoint "Cleanup", Time since last: 2111888709 ns, Reaching safepoint: 111583 ns, At safepoint: 4417 ns, Total: 116000 ns
[2022-04-25T23:59:57.887+0000][8][safepoint   ] Safepoint "Cleanup", Time since last: 1043512959 ns, Reaching safepoint: 56291 ns, At safepoint: 2917 ns, Total: 59208 ns
[2022-04-26T00:00:00.185+0000][8][safepoint   ] Safepoint "Cleanup", Time since last: 2174083543 ns, Reaching safepoint: 123537416 ns, At safepoint: 213084 ns, Total: 123750500 ns
[2022-04-26T00:00:02.433+0000][8][safepoint   ] Safepoint "Cleanup", Time since last: 2247561126 ns, Reaching safepoint: 228750 ns, At safepoint: 15458 ns, Total: 244208 ns
[2022-04-26T00:00:03.580+0000][8][safepoint   ] Safepoint "Cleanup", Time since last: 1146911292 ns, Reaching safepoint: 108375 ns, At safepoint: 5792 ns, Total: 114167 ns
[2022-04-26T00:00:04.784+0000][8][safepoint   ] Safepoint "Cleanup", Time since last: 1203838667 ns, Reaching safepoint: 73792 ns, At safepoint: 3542 ns, Total: 77334 ns
[2022-04-26T00:00:12.000+0000][8][safepoint   ] Safepoint "Cleanup", Time since last: 7215968211 ns, Reaching safepoint: 654834 ns, At safepoint: 19333 ns, Total: 674167 ns
[2022-04-26T00:00:13.205+0000][8][safepoint   ] Safepoint "Cleanup", Time since last: 1204899876 ns, Reaching safepoint: 63875 ns, At safepoint: 3750 ns, Total: 67625 ns
[2022-04-26T00:00:14.403+0000][8][safepoint   ] Safepoint "Cleanup", Time since last: 1197074084 ns, Reaching safepoint: 49833 ns, At safepoint: 2375 ns, Total: 52208 ns
[2022-04-26T00:00:15.505+0000][8][safepoint   ] Safepoint "Cleanup", Time since last: 1092771542 ns, Reaching safepoint: 9309500 ns, At safepoint: 22167 ns, Total: 9331667 ns
[2022-04-26T00:00:16.862+0000][8][safepoint   ] Safepoint "Cleanup", Time since last: 1258982167 ns, Reaching safepoint: 92854917 ns, At safepoint: 5142000 ns, Total: 97996917 ns
[2022-04-26T00:00:18.126+0000][8][safepoint   ] Safepoint "Cleanup", Time since last: 1264440000 ns, Reaching safepoint: 205292 ns, At safepoint: 5667 ns, Total: 210959 ns
[2022-04-26T00:00:23.192+0000][8][safepoint   ] Safepoint "Cleanup", Time since last: 5099321126 ns, Reaching safepoint: 182042 ns, At safepoint: 5625 ns, Total: 187667 ns
[2022-04-26T00:00:30.569+0000][8][safepoint   ] Safepoint "Cleanup", Time since last: 7356864670 ns, Reaching safepoint: 20183167 ns, At safepoint: 23417 ns, Total: 20206584 ns
[2022-04-26T00:00:32.737+0000][8][safepoint   ] Safepoint "Cleanup", Time since last: 2150029084 ns, Reaching safepoint: 17429375 ns, At safepoint: 25792 ns, Total: 17455167 ns
[2022-04-26T00:00:33.989+0000][8][safepoint   ] Safepoint "Cleanup", Time since last: 1252084709 ns, Reaching safepoint: 72041 ns, At safepoint: 3875 ns, Total: 75916 ns
[2022-04-26T00:00:35.090+0000][8][safepoint   ] Safepoint "Cleanup", Time since last: 1084920209 ns, Reaching safepoint: 16061875 ns, At safepoint: 34417 ns, Total: 16096292 ns
[2022-04-26T00:00:38.132+0000][8][safepoint   ] Safepoint "Cleanup", Time since last: 3041360668 ns, Reaching safepoint: 88125 ns, At safepoint: 3625 ns, Total: 91750 ns
[2022-04-26T00:00:38.954+0000][8][gc,start    ] GC(83) Pause Young (Normal) (G1 Evacuation Pause)
[2022-04-26T00:00:38.956+0000][8][gc,task     ] GC(83) Using 5 workers of 5 for evacuation
[2022-04-26T00:00:38.957+0000][8][gc,age      ] GC(83) Desired survivor size 16777216 bytes, new threshold 15 (max threshold 15)
[2022-04-26T00:00:38.964+0000][8][gc,age      ] GC(83) Age table with threshold 15 (max threshold 15)
[2022-04-26T00:00:38.965+0000][8][gc,age      ] GC(83) - age   1:    8747472 bytes,    8747472 total
[2022-04-26T00:00:38.965+0000][8][gc,age      ] GC(83) - age   2:      27992 bytes,    8775464 total
[2022-04-26T00:00:38.967+0000][8][gc,age      ] GC(83) - age   3:      54784 bytes,    8830248 total
[2022-04-26T00:00:38.968+0000][8][gc,age      ] GC(83) - age   4:      59640 bytes,    8889888 total
[2022-04-26T00:00:38.969+0000][8][gc,age      ] GC(83) - age   5:      71336 bytes,    8961224 total
[2022-04-26T00:00:38.970+0000][8][gc,phases   ] GC(83)   Pre Evacuate Collection Set: 0.1ms
[2022-04-26T00:00:38.971+0000][8][gc,phases   ] GC(83)   Merge Heap Roots: 0.0ms
[2022-04-26T00:00:38.972+0000][8][gc,phases   ] GC(83)   Evacuate Collection Set: 3.7ms
[2022-04-26T00:00:38.973+0000][8][gc,phases   ] GC(83)   Post Evacuate Collection Set: 1.3ms
[2022-04-26T00:00:38.974+0000][8][gc,phases   ] GC(83)   Other: 11.0ms
[2022-04-26T00:00:38.975+0000][8][gc,heap     ] GC(83) Eden regions: 63->0(60)
[2022-04-26T00:00:38.976+0000][8][gc,heap     ] GC(83) Survivor regions: 1->3(8)
[2022-04-26T00:00:38.976+0000][8][gc,heap     ] GC(83) Old regions: 30->30
[2022-04-26T00:00:38.977+0000][8][gc,heap     ] GC(83) Archive regions: 2->2
[2022-04-26T00:00:38.978+0000][8][gc,heap     ] GC(83) Humongous regions: 6->6
[2022-04-26T00:00:38.980+0000][8][gc,metaspace] GC(83) Metaspace: 115894K(117696K)->115894K(117696K) NonClass: 100336K(101312K)->100336K(101312K) Class: 15558K(16384K)->15558K(16384K)
[2022-04-26T00:00:38.982+0000][8][gc          ] GC(83) Pause Young (Normal) (G1 Evacuation Pause) 400M->156M(512M) 27.308ms
[2022-04-26T00:00:38.982+0000][8][gc,cpu      ] GC(83) User=0.02s Sys=0.00s Real=0.03s
[2022-04-26T00:00:38.983+0000][8][safepoint   ] Safepoint "G1CollectForAllocation", Time since last: 822299459 ns, Reaching safepoint: 179416 ns, At safepoint: 29070709 ns, Total: 29250125 ns
[2022-04-26T00:00:40.056+0000][8][safepoint   ] Safepoint "Cleanup", Time since last: 1012448875 ns, Reaching safepoint: 60278958 ns, At safepoint: 20750 ns, Total: 60299708 ns
[2022-04-26T00:00:42.098+0000][8][safepoint   ] Safepoint "Cleanup", Time since last: 2033803418 ns, Reaching safepoint: 7936042 ns, At safepoint: 13833 ns, Total: 7949875 ns
[2022-04-26T00:00:43.218+0000][8][safepoint   ] Safepoint "Cleanup", Time since last: 1120271959 ns, Reaching safepoint: 74083 ns, At safepoint: 3917 ns, Total: 78000 ns
[2022-04-26T00:00:44.368+0000][8][safepoint   ] Safepoint "Cleanup", Time since last: 1135089334 ns, Reaching safepoint: 14517917 ns, At safepoint: 15125 ns, Total: 14533042 ns
[2022-04-26T00:00:45.387+0000][8][safepoint   ] Safepoint "Cleanup", Time since last: 1017584833 ns, Reaching safepoint: 1097167 ns, At safepoint: 527708 ns, Total: 1624875 ns
[2022-04-26T00:00:46.416+0000][8][safepoint   ] Safepoint "Cleanup", Time since last: 1028795042 ns, Reaching safepoint: 113167 ns, At safepoint: 5500 ns, Total: 118667 ns
[2022-04-26T00:00:48.715+0000][8][safepoint   ] Safepoint "Cleanup", Time since last: 2298799251 ns, Reaching safepoint: 96375 ns, At safepoint: 3917 ns, Total: 100292 ns
[2022-04-26T00:00:49.837+0000][8][safepoint   ] Safepoint "Cleanup", Time since last: 1073117166 ns, Reaching safepoint: 39328000 ns, At safepoint: 1077875 ns, Total: 40405875 ns
[2022-04-26T00:00:50.954+0000][8][safepoint   ] Safepoint "Cleanup", Time since last: 1089596876 ns, Reaching safepoint: 26502750 ns, At safepoint: 341333 ns, Total: 26844083 ns
[2022-04-26T00:00:52.008+0000][8][safepoint   ] Safepoint "Cleanup", Time since last: 1053671001 ns, Reaching safepoint: 348083 ns, At safepoint: 19250 ns, Total: 367333 ns
[2022-04-26T00:00:53.357+0000][8][safepoint   ] Safepoint "Cleanup", Time since last: 1153522126 ns, Reaching safepoint: 195312583 ns, At safepoint: 664292 ns, Total: 195976875 ns
[2022-04-26T00:00:54.871+0000][8][safepoint   ] Safepoint "Cleanup", Time since last: 1512766334 ns, Reaching safepoint: 663041 ns, At safepoint: 10750 ns, Total: 673791 ns
[2022-04-26T00:00:56.142+0000][8][safepoint   ] Safepoint "Cleanup", Time since last: 1271526918 ns, Reaching safepoint: 113375 ns, At safepoint: 5958 ns, Total: 119333 ns
[2022-04-26T00:01:03.590+0000][8][safepoint   ] Safepoint "Cleanup", Time since last: 7447442920 ns, Reaching safepoint: 140459 ns, At safepoint: 68666 ns, Total: 209125 ns
[2022-04-26T00:01:05.251+0000][8][safepoint   ] Safepoint "Cleanup", Time since last: 1659747918 ns, Reaching safepoint: 1456291 ns, At safepoint: 15917 ns, Total: 1472208 ns
[2022-04-26T00:01:13.650+0000][8][safepoint   ] Safepoint "Cleanup", Time since last: 8395659796 ns, Reaching safepoint: 3313500 ns, At safepoint: 15833 ns, Total: 3329333 ns
[2022-04-26T00:01:14.813+0000][8][safepoint   ] Safepoint "Cleanup", Time since last: 1156205126 ns, Reaching safepoint: 6931500 ns, At safepoint: 44666 ns, Total: 6976166 ns
[2022-04-26T00:01:16.007+0000][8][safepoint   ] Safepoint "Cleanup", Time since last: 1193835168 ns, Reaching safepoint: 70958 ns, At safepoint: 3833 ns, Total: 74791 ns
[2022-04-26T00:01:18.194+0000][8][safepoint   ] Safepoint "Cleanup", Time since last: 2174658626 ns, Reaching safepoint: 11671459 ns, At safepoint: 20583 ns, Total: 11692042 ns
[2022-04-26T00:01:20.353+0000][8][safepoint   ] Safepoint "Cleanup", Time since last: 2154416750 ns, Reaching safepoint: 83375 ns, At safepoint: 4792 ns, Total: 88167 ns
[2022-04-26T00:01:21.393+0000][8][safepoint   ] Safepoint "Cleanup", Time since last: 1039366542 ns, Reaching safepoint: 177125 ns, At safepoint: 6042 ns, Total: 183167 ns
[2022-04-26T00:01:23.643+0000][8][safepoint   ] Safepoint "Cleanup", Time since last: 2239479417 ns, Reaching safepoint: 10596959 ns, At safepoint: 23875 ns, Total: 10620834 ns
[2022-04-26T00:01:25.868+0000][8][safepoint   ] Safepoint "Cleanup", Time since last: 2225144001 ns, Reaching safepoint: 142125 ns, At safepoint: 6250 ns, Total: 148375 ns
[2022-04-26T00:01:26.923+0000][8][safepoint   ] Safepoint "Cleanup", Time since last: 1054762792 ns, Reaching safepoint: 129833 ns, At safepoint: 5250 ns, Total: 135083 ns
[2022-04-26T00:01:28.000+0000][8][safepoint   ] Safepoint "Cleanup", Time since last: 1076364001 ns, Reaching safepoint: 140375 ns, At safepoint: 5667 ns, Total: 146042 ns
[2022-04-26T00:01:29.097+0000][8][safepoint   ] Safepoint "Cleanup", Time since last: 1097442708 ns, Reaching safepoint: 167750 ns, At safepoint: 6000 ns, Total: 173750 ns
[2022-04-26T00:01:33.391+0000][8][safepoint   ] Safepoint "Cleanup", Time since last: 4187915836 ns, Reaching safepoint: 104658833 ns, At safepoint: 1030167 ns, Total: 105689000 ns
[2022-04-26T00:01:34.718+0000][8][safepoint   ] Safepoint "Cleanup", Time since last: 1326912292 ns, Reaching safepoint: 154000 ns, At safepoint: 5917 ns, Total: 159917 ns
[2022-04-26T00:01:35.840+0000][8][safepoint   ] Safepoint "Cleanup", Time since last: 1122146584 ns, Reaching safepoint: 71000 ns, At safepoint: 3208 ns, Total: 74208 ns
[2022-04-26T00:01:38.060+0000][8][safepoint   ] Safepoint "Cleanup", Time since last: 2219189959 ns, Reaching safepoint: 279334 ns, At safepoint: 8208 ns, Total: 287542 ns
[2022-04-26T00:01:41.333+0000][8][safepoint   ] Safepoint "Cleanup", Time since last: 3272842502 ns, Reaching safepoint: 131166 ns, At safepoint: 6250 ns, Total: 137416 ns
[2022-04-26T00:01:42.541+0000][8][safepoint   ] Safepoint "Cleanup", Time since last: 1163671334 ns, Reaching safepoint: 44679625 ns, At safepoint: 19167 ns, Total: 44698792 ns
[2022-04-26T00:01:43.579+0000][8][safepoint   ] Safepoint "Cleanup", Time since last: 1037742875 ns, Reaching safepoint: 109167 ns, At safepoint: 5708 ns, Total: 114875 ns
[2022-04-26T00:01:44.758+0000][8][safepoint   ] Safepoint "Cleanup", Time since last: 1179011459 ns, Reaching safepoint: 312834 ns, At safepoint: 10208 ns, Total: 323042 ns
[2022-04-26T00:01:45.744+0000][8][gc,start    ] GC(84) Pause Young (Concurrent Start) (G1 Evacuation Pause)
[2022-04-26T00:01:45.745+0000][8][gc,task     ] GC(84) Using 5 workers of 5 for evacuation
[2022-04-26T00:01:45.746+0000][8][gc,age      ] GC(84) Desired survivor size 16777216 bytes, new threshold 15 (max threshold 15)
[2022-04-26T00:01:45.752+0000][8][gc,age      ] GC(84) Age table with threshold 15 (max threshold 15)
[2022-04-26T00:01:45.753+0000][8][gc,age      ] GC(84) - age   1:    7402952 bytes,    7402952 total
[2022-04-26T00:01:45.755+0000][8][gc,age      ] GC(84) - age   2:    6176704 bytes,   13579656 total
[2022-04-26T00:01:45.756+0000][8][gc,age      ] GC(84) - age   3:      27496 bytes,   13607152 total
[2022-04-26T00:01:45.757+0000][8][gc,age      ] GC(84) - age   4:      54264 bytes,   13661416 total
[2022-04-26T00:01:45.758+0000][8][gc,age      ] GC(84) - age   5:      59200 bytes,   13720616 total
[2022-04-26T00:01:45.759+0000][8][gc,age      ] GC(84) - age   6:      70944 bytes,   13791560 total
[2022-04-26T00:01:45.760+0000][8][gc,phases   ] GC(84)   Pre Evacuate Collection Set: 0.5ms
[2022-04-26T00:01:45.761+0000][8][gc,phases   ] GC(84)   Merge Heap Roots: 0.2ms
[2022-04-26T00:01:45.762+0000][8][gc,phases   ] GC(84)   Evacuate Collection Set: 3.2ms
[2022-04-26T00:01:45.763+0000][8][gc,phases   ] GC(84)   Post Evacuate Collection Set: 0.8ms
[2022-04-26T00:01:45.764+0000][8][gc,phases   ] GC(84)   Other: 11.4ms
[2022-04-26T00:01:45.765+0000][8][gc,heap     ] GC(84) Eden regions: 60->0(59)
[2022-04-26T00:01:45.767+0000][8][gc,heap     ] GC(84) Survivor regions: 3->4(8)
[2022-04-26T00:01:45.768+0000][8][gc,heap     ] GC(84) Old regions: 30->30
[2022-04-26T00:01:45.769+0000][8][gc,heap     ] GC(84) Archive regions: 2->2
[2022-04-26T00:01:45.770+0000][8][gc,heap     ] GC(84) Humongous regions: 6->6
[2022-04-26T00:01:45.771+0000][8][gc,metaspace] GC(84) Metaspace: 116009K(117824K)->116009K(117824K) NonClass: 100447K(101440K)->100447K(101440K) Class: 15562K(16384K)->15562K(16384K)
[2022-04-26T00:01:45.772+0000][8][gc          ] GC(84) Pause Young (Concurrent Start) (G1 Evacuation Pause) 396M->160M(512M) 27.773ms
[2022-04-26T00:01:45.772+0000][8][gc,cpu      ] GC(84) User=0.02s Sys=0.00s Real=0.03s
[2022-04-26T00:01:45.773+0000][8][gc          ] GC(85) Concurrent Mark Cycle
[2022-04-26T00:01:45.774+0000][8][gc,marking  ] GC(85) Concurrent Clear Claimed Marks
[2022-04-26T00:01:45.776+0000][8][gc,marking  ] GC(85) Concurrent Clear Claimed Marks 1.460ms
[2022-04-26T00:01:45.787+0000][8][gc,marking  ] GC(85) Concurrent Scan Root Regions
[2022-04-26T00:01:45.773+0000][8][safepoint   ] Safepoint "G1CollectForAllocation", Time since last: 984881125 ns, Reaching safepoint: 475209 ns, At safepoint: 29542000 ns, Total: 30017209 ns
[2022-04-26T00:01:45.794+0000][8][gc,marking  ] GC(85) Concurrent Scan Root Regions 6.073ms
[2022-04-26T00:01:45.802+0000][8][gc,marking  ] GC(85) Concurrent Mark
[2022-04-26T00:01:45.803+0000][8][gc,marking  ] GC(85) Concurrent Mark From Roots
[2022-04-26T00:01:45.804+0000][8][gc,task     ] GC(85) Using 1 workers of 1 for marking
[2022-04-26T00:01:46.706+0000][8][gc,marking  ] GC(85) Concurrent Mark From Roots 902.804ms
[2022-04-26T00:01:46.807+0000][8][gc,marking  ] GC(85) Concurrent Preclean
[2022-04-26T00:01:47.019+0000][8][gc,marking  ] GC(85) Concurrent Preclean 211.674ms
[2022-04-26T00:01:46.807+0000][8][safepoint   ] Safepoint "Cleanup", Time since last: 1027559333 ns, Reaching safepoint: 6370000 ns, At safepoint: 22417 ns, Total: 6392417 ns
[2022-04-26T00:01:47.359+0000][8][gc,start    ] GC(85) Pause Remark
[2022-04-26T00:01:47.529+0000][8][gc          ] GC(85) Pause Remark 180M->180M(512M) 170.005ms
[2022-04-26T00:01:47.531+0000][8][gc,cpu      ] GC(85) User=0.10s Sys=0.02s Real=0.17s
[2022-04-26T00:01:47.532+0000][8][safepoint   ] Safepoint "G1Concurrent", Time since last: 552080375 ns, Reaching safepoint: 74209 ns, At safepoint: 172319041 ns, Total: 172393250 ns
[2022-04-26T00:01:47.534+0000][8][gc,marking  ] GC(85) Concurrent Mark 1732.127ms
[2022-04-26T00:01:47.536+0000][8][gc,marking  ] GC(85) Concurrent Rebuild Remembered Sets
[2022-04-26T00:01:47.836+0000][8][gc,marking  ] GC(85) Concurrent Rebuild Remembered Sets 300.337ms
[2022-04-26T00:01:48.014+0000][8][gc,start    ] GC(85) Pause Cleanup
[2022-04-26T00:01:48.173+0000][8][gc          ] GC(85) Pause Cleanup 194M->194M(512M) 158.935ms
[2022-04-26T00:01:48.286+0000][8][gc,cpu      ] GC(85) User=0.06s Sys=0.01s Real=0.27s
[2022-04-26T00:01:48.450+0000][8][safepoint   ] Safepoint "G1Concurrent", Time since last: 481417084 ns, Reaching safepoint: 456042 ns, At safepoint: 436759875 ns, Total: 437215917 ns
[2022-04-26T00:01:48.727+0000][8][gc,marking  ] GC(85) Concurrent Cleanup for Next Mark
[2022-04-26T00:01:48.886+0000][8][gc,marking  ] GC(85) Concurrent Cleanup for Next Mark 158.707ms
[2022-04-26T00:01:48.962+0000][8][gc          ] GC(85) Concurrent Mark Cycle 3189.002ms
[2022-04-26T00:01:49.730+0000][8][safepoint   ] Safepoint "Cleanup", Time since last: 1278662667 ns, Reaching safepoint: 724542 ns, At safepoint: 8542 ns, Total: 733084 ns
[2022-04-26T00:01:50.945+0000][8][safepoint   ] Safepoint "Cleanup", Time since last: 1240992125 ns, Reaching safepoint: 1873000 ns, At safepoint: 11208 ns, Total: 1884208 ns
[2022-04-26T00:01:53.979+0000][8][safepoint   ] Safepoint "Cleanup", Time since last: 3033500418 ns, Reaching safepoint: 440542 ns, At safepoint: 8500 ns, Total: 449042 ns
[2022-04-26T00:01:55.034+0000][8][safepoint   ] Safepoint "Cleanup", Time since last: 1045138875 ns, Reaching safepoint: 9570875 ns, At safepoint: 44125 ns, Total: 9615000 ns
[2022-04-26T00:01:56.186+0000][8][safepoint   ] Safepoint "Cleanup", Time since last: 1151946793 ns, Reaching safepoint: 230541 ns, At safepoint: 6125 ns, Total: 236666 ns
[2022-04-26T00:01:57.415+0000][8][safepoint   ] Safepoint "Cleanup", Time since last: 1228323376 ns, Reaching safepoint: 66500 ns, At safepoint: 3708 ns, Total: 70208 ns
[2022-04-26T00:01:58.615+0000][8][safepoint   ] Safepoint "Cleanup", Time since last: 1200007501 ns, Reaching safepoint: 90958 ns, At safepoint: 5625 ns, Total: 96583 ns
[2022-04-26T00:02:03.942+0000][8][safepoint   ] Safepoint "Cleanup", Time since last: 5327503919 ns, Reaching safepoint: 71459 ns, At safepoint: 3541 ns, Total: 75000 ns
[2022-04-26T00:02:08.124+0000][8][safepoint   ] Safepoint "Cleanup", Time since last: 4181941794 ns, Reaching safepoint: 62792 ns, At safepoint: 2875 ns, Total: 65667 ns
[2022-04-26T00:02:10.372+0000][8][safepoint   ] Safepoint "Cleanup", Time since last: 2247988584 ns, Reaching safepoint: 121667 ns, At safepoint: 6375 ns, Total: 128042 ns
[2022-04-26T00:02:11.541+0000][8][safepoint   ] Safepoint "Cleanup", Time since last: 1153449000 ns, Reaching safepoint: 15642417 ns, At safepoint: 18333 ns, Total: 15660750 ns
[2022-04-26T00:02:13.764+0000][8][safepoint   ] Safepoint "Cleanup", Time since last: 2222374543 ns, Reaching safepoint: 181250 ns, At safepoint: 6875 ns, Total: 188125 ns
[2022-04-26T00:02:15.973+0000][8][safepoint   ] Safepoint "Cleanup", Time since last: 2208922293 ns, Reaching safepoint: 135208 ns, At safepoint: 30667 ns, Total: 165875 ns
[2022-04-26T00:02:17.046+0000][8][safepoint   ] Safepoint "Cleanup", Time since last: 1073352209 ns, Reaching safepoint: 65166 ns, At safepoint: 3709 ns, Total: 68875 ns
[2022-04-26T00:02:22.407+0000][8][safepoint   ] Safepoint "Cleanup", Time since last: 5230101252 ns, Reaching safepoint: 53382708 ns, At safepoint: 4090250 ns, Total: 57472958 ns
[2022-04-26T00:02:24.524+0000][8][safepoint   ] Safepoint "Cleanup", Time since last: 2116854210 ns, Reaching safepoint: 108500 ns, At safepoint: 5458 ns, Total: 113958 ns
[2022-04-26T00:02:26.638+0000][8][safepoint   ] Safepoint "Cleanup", Time since last: 2113963709 ns, Reaching safepoint: 285125 ns, At safepoint: 8167 ns, Total: 293292 ns
[2022-04-26T00:02:28.687+0000][8][safepoint   ] Safepoint "Cleanup", Time since last: 2048228459 ns, Reaching safepoint: 190792 ns, At safepoint: 7292 ns, Total: 198084 ns
[2022-04-26T00:02:31.808+0000][8][safepoint   ] Safepoint "Cleanup", Time since last: 3120801668 ns, Reaching safepoint: 331250 ns, At safepoint: 28333 ns, Total: 359583 ns
[2022-04-26T00:02:32.835+0000][8][safepoint   ] Safepoint "Cleanup", Time since last: 1026710959 ns, Reaching safepoint: 63208 ns, At safepoint: 3417 ns, Total: 66625 ns
[2022-04-26T00:02:33.955+0000][8][safepoint   ] Safepoint "Cleanup", Time since last: 1115482126 ns, Reaching safepoint: 5363750 ns, At safepoint: 32625 ns, Total: 5396375 ns
[2022-04-26T00:02:35.018+0000][8][safepoint   ] Safepoint "Cleanup", Time since last: 1061671917 ns, Reaching safepoint: 402666 ns, At safepoint: 8167 ns, Total: 410833 ns
[2022-04-26T00:02:36.196+0000][8][safepoint   ] Safepoint "Cleanup", Time since last: 1177806126 ns, Reaching safepoint: 821375 ns, At safepoint: 18666 ns, Total: 840041 ns
[2022-04-26T00:02:37.347+0000][8][safepoint   ] Safepoint "Cleanup", Time since last: 1112491459 ns, Reaching safepoint: 38181042 ns, At safepoint: 15041 ns, Total: 38196083 ns
[2022-04-26T00:02:39.549+0000][8][safepoint   ] Safepoint "Cleanup", Time since last: 2184387543 ns, Reaching safepoint: 17480834 ns, At safepoint: 20416 ns, Total: 17501250 ns
[2022-04-26T00:02:42.720+0000][8][safepoint   ] Safepoint "Cleanup", Time since last: 3170820752 ns, Reaching safepoint: 111166 ns, At safepoint: 5709 ns, Total: 116875 ns
[2022-04-26T00:02:43.807+0000][8][safepoint   ] Safepoint "Cleanup", Time since last: 1086885709 ns, Reaching safepoint: 127875 ns, At safepoint: 7250 ns, Total: 135125 ns
[2022-04-26T00:02:44.959+0000][8][safepoint   ] Safepoint "Cleanup", Time since last: 1033223917 ns, Reaching safepoint: 118884125 ns, At safepoint: 17625 ns, Total: 118901750 ns
[2022-04-26T00:02:46.093+0000][8][safepoint   ] Safepoint "Cleanup", Time since last: 1107358292 ns, Reaching safepoint: 26766167 ns, At safepoint: 40541 ns, Total: 26806708 ns
[2022-04-26T00:02:47.145+0000][8][safepoint   ] Safepoint "Cleanup", Time since last: 1046422876 ns, Reaching safepoint: 5634375 ns, At safepoint: 223250 ns, Total: 5857625 ns
[2022-04-26T00:02:48.796+0000][8][gc,start    ] GC(86) Pause Young (Prepare Mixed) (G1 Evacuation Pause)
[2022-04-26T00:02:48.797+0000][8][gc,task     ] GC(86) Using 5 workers of 5 for evacuation
[2022-04-26T00:02:48.798+0000][8][gc,age      ] GC(86) Desired survivor size 16777216 bytes, new threshold 15 (max threshold 15)
[2022-04-26T00:02:48.803+0000][8][gc,age      ] GC(86) Age table with threshold 15 (max threshold 15)
[2022-04-26T00:02:48.804+0000][8][gc,age      ] GC(86) - age   1:    5918488 bytes,    5918488 total
[2022-04-26T00:02:48.805+0000][8][gc,age      ] GC(86) - age   2:    3310760 bytes,    9229248 total
[2022-04-26T00:02:48.806+0000][8][gc,age      ] GC(86) - age   3:    1198384 bytes,   10427632 total
[2022-04-26T00:02:48.807+0000][8][gc,age      ] GC(86) - age   4:      23160 bytes,   10450792 total
[2022-04-26T00:02:48.807+0000][8][gc,age      ] GC(86) - age   5:      52992 bytes,   10503784 total
[2022-04-26T00:02:48.808+0000][8][gc,age      ] GC(86) - age   6:      56776 bytes,   10560560 total
[2022-04-26T00:02:48.809+0000][8][gc,age      ] GC(86) - age   7:      65928 bytes,   10626488 total
[2022-04-26T00:02:48.810+0000][8][gc,phases   ] GC(86)   Pre Evacuate Collection Set: 0.4ms
[2022-04-26T00:02:48.811+0000][8][gc,phases   ] GC(86)   Merge Heap Roots: 0.2ms
[2022-04-26T00:02:48.812+0000][8][gc,phases   ] GC(86)   Evacuate Collection Set: 2.1ms
[2022-04-26T00:02:48.812+0000][8][gc,phases   ] GC(86)   Post Evacuate Collection Set: 1.0ms
[2022-04-26T00:02:48.813+0000][8][gc,phases   ] GC(86)   Other: 10.5ms
[2022-04-26T00:02:48.813+0000][8][gc,heap     ] GC(86) Eden regions: 59->0(3)
[2022-04-26T00:02:48.814+0000][8][gc,heap     ] GC(86) Survivor regions: 4->3(8)
[2022-04-26T00:02:48.814+0000][8][gc,heap     ] GC(86) Old regions: 30->30
[2022-04-26T00:02:48.815+0000][8][gc,heap     ] GC(86) Archive regions: 2->2
[2022-04-26T00:02:48.816+0000][8][gc,heap     ] GC(86) Humongous regions: 6->6
[2022-04-26T00:02:48.816+0000][8][gc,metaspace] GC(86) Metaspace: 116122K(117952K)->116122K(117952K) NonClass: 100559K(101568K)->100559K(101568K) Class: 15562K(16384K)->15562K(16384K)
[2022-04-26T00:02:48.817+0000][8][gc          ] GC(86) Pause Young (Prepare Mixed) (G1 Evacuation Pause) 396M->157M(512M) 20.973ms
[2022-04-26T00:02:48.818+0000][8][gc,cpu      ] GC(86) User=0.01s Sys=0.00s Real=0.02s
[2022-04-26T00:02:48.818+0000][8][safepoint   ] Safepoint "G1CollectForAllocation", Time since last: 1650328084 ns, Reaching safepoint: 310333 ns, At safepoint: 22564000 ns, Total: 22874333 ns
[2022-04-26T00:02:49.838+0000][8][safepoint   ] Safepoint "Cleanup", Time since last: 1019224542 ns, Reaching safepoint: 97834 ns, At safepoint: 5583 ns, Total: 103417 ns
[2022-04-26T00:02:50.793+0000][8][safepoint   ] Safepoint "Cleanup", Time since last: 1110322001 ns, Reaching safepoint: 61500 ns, At safepoint: 2958 ns, Total: 64458 ns
[2022-04-26T00:02:52.020+0000][8][safepoint   ] Safepoint "Cleanup", Time since last: 1225963751 ns, Reaching safepoint: 962458 ns, At safepoint: 7958 ns, Total: 970416 ns
[2022-04-26T00:02:52.817+0000][8][gc,start    ] GC(87) Pause Young (Mixed) (G1 Evacuation Pause)
[2022-04-26T00:02:53.061+0000][8][gc,task     ] GC(87) Using 5 workers of 5 for evacuation
[2022-04-26T00:02:53.148+0000][8][gc,age      ] GC(87) Desired survivor size 2097152 bytes, new threshold 1 (max threshold 15)
[2022-04-26T00:02:53.239+0000][8][gc,age      ] GC(87) Age table with threshold 1 (max threshold 15)
[2022-04-26T00:02:53.294+0000][8][gc,age      ] GC(87) - age   1:    1442272 bytes,    1442272 total
[2022-04-26T00:02:53.365+0000][8][gc,mmu      ] GC(87) MMU target violated: 201.0ms (200.0ms/201.0ms)
[2022-04-26T00:02:53.444+0000][8][gc,phases   ] GC(87)   Pre Evacuate Collection Set: 0.2ms
[2022-04-26T00:02:53.451+0000][8][gc,phases   ] GC(87)   Merge Heap Roots: 0.0ms
[2022-04-26T00:02:53.485+0000][8][gc,phases   ] GC(87)   Evacuate Collection Set: 37.2ms
[2022-04-26T00:02:53.583+0000][8][gc,phases   ] GC(87)   Post Evacuate Collection Set: 5.3ms
[2022-04-26T00:02:53.615+0000][8][gc,phases   ] GC(87)   Other: 584.0ms
[2022-04-26T00:02:53.634+0000][8][gc,heap     ] GC(87) Eden regions: 3->0(60)
[2022-04-26T00:02:53.646+0000][8][gc,heap     ] GC(87) Survivor regions: 3->1(1)
[2022-04-26T00:02:53.669+0000][8][gc,heap     ] GC(87) Old regions: 30->32
[2022-04-26T00:02:53.701+0000][8][gc,heap     ] GC(87) Archive regions: 2->2
[2022-04-26T00:02:53.703+0000][8][gc,heap     ] GC(87) Humongous regions: 6->6
[2022-04-26T00:02:53.704+0000][8][gc,metaspace] GC(87) Metaspace: 116125K(117952K)->116125K(117952K) NonClass: 100562K(101568K)->100562K(101568K) Class: 15562K(16384K)->15562K(16384K)
[2022-04-26T00:02:53.706+0000][8][gc          ] GC(87) Pause Young (Mixed) (G1 Evacuation Pause) 169M->154M(512M) 888.745ms
[2022-04-26T00:02:53.708+0000][8][gc,cpu      ] GC(87) User=0.11s Sys=0.02s Real=0.90s
[2022-04-26T00:02:53.729+0000][8][safepoint   ] Safepoint "G1CollectForAllocation", Time since last: 796880251 ns, Reaching safepoint: 89166 ns, At safepoint: 912622584 ns, Total: 912711750 ns
[2022-04-26T00:02:54.815+0000][8][safepoint   ] Safepoint "Cleanup", Time since last: 1083371667 ns, Reaching safepoint: 2283542 ns, At safepoint: 394875 ns, Total: 2678417 ns
[2022-04-26T00:02:55.968+0000][8][safepoint   ] Safepoint "Cleanup", Time since last: 1150081834 ns, Reaching safepoint: 2303000 ns, At safepoint: 8166 ns, Total: 2311166 ns
[2022-04-26T00:02:57.100+0000][8][safepoint   ] Safepoint "Cleanup", Time since last: 1132311084 ns, Reaching safepoint: 81250 ns, At safepoint: 5250 ns, Total: 86500 ns
[2022-04-26T00:02:58.188+0000][8][safepoint   ] Safepoint "Cleanup", Time since last: 1024325501 ns, Reaching safepoint: 63116875 ns, At safepoint: 29791 ns, Total: 63146666 ns
[2022-04-26T00:02:59.324+0000][8][safepoint   ] Safepoint "Cleanup", Time since last: 1116087876 ns, Reaching safepoint: 19918833 ns, At safepoint: 34625 ns, Total: 19953458 ns
[2022-04-26T00:03:03.542+0000][8][safepoint   ] Safepoint "Cleanup", Time since last: 4217842836 ns, Reaching safepoint: 556333 ns, At safepoint: 11333 ns, Total: 567666 ns
[2022-04-26T00:03:04.807+0000][8][safepoint   ] Safepoint "Cleanup", Time since last: 1264180126 ns, Reaching safepoint: 1066875 ns, At safepoint: 59042 ns, Total: 1125917 ns
[2022-04-26T00:03:05.902+0000][8][safepoint   ] Safepoint "Cleanup", Time since last: 1094818625 ns, Reaching safepoint: 110667 ns, At safepoint: 3375 ns, Total: 114042 ns
[2022-04-26T00:03:07.089+0000][8][safepoint   ] Safepoint "Cleanup", Time since last: 1186245000 ns, Reaching safepoint: 94875 ns, At safepoint: 5375 ns, Total: 100250 ns
[2022-04-26T00:03:11.230+0000][8][safepoint   ] Safepoint "Cleanup", Time since last: 4140994044 ns, Reaching safepoint: 54250 ns, At safepoint: 3083 ns, Total: 57333 ns
[2022-04-26T00:03:12.522+0000][8][safepoint   ] Safepoint "Cleanup", Time since last: 1291618626 ns, Reaching safepoint: 135333 ns, At safepoint: 3792 ns, Total: 139125 ns
[2022-04-26T00:03:14.669+0000][8][safepoint   ] Safepoint "Cleanup", Time since last: 2036023501 ns, Reaching safepoint: 111263750 ns, At safepoint: 184667 ns, Total: 111448417 ns
[2022-04-26T00:03:15.905+0000][8][safepoint   ] Safepoint "Cleanup", Time since last: 1235006375 ns, Reaching safepoint: 496125 ns, At safepoint: 19292 ns, Total: 515417 ns
[2022-04-26T00:03:16.906+0000][8][safepoint   ] Safepoint "Cleanup", Time since last: 1001722834 ns, Reaching safepoint: 65125 ns, At safepoint: 3208 ns, Total: 68333 ns
[2022-04-26T00:03:18.159+0000][8][safepoint   ] Safepoint "Cleanup", Time since last: 1252153209 ns, Reaching safepoint: 111625 ns, At safepoint: 6208 ns, Total: 117833 ns
[2022-04-26T00:03:19.364+0000][8][safepoint   ] Safepoint "Cleanup", Time since last: 1204743043 ns, Reaching safepoint: 587666 ns, At safepoint: 10375 ns, Total: 598041 ns
[2022-04-26T00:03:20.391+0000][8][safepoint   ] Safepoint "Cleanup", Time since last: 1013091292 ns, Reaching safepoint: 107083 ns, At safepoint: 4750 ns, Total: 111833 ns
[2022-04-26T00:03:24.511+0000][8][safepoint   ] Safepoint "Cleanup", Time since last: 4119595335 ns, Reaching safepoint: 393792 ns, At safepoint: 12042 ns, Total: 405834 ns
[2022-04-26T00:03:29.598+0000][8][safepoint   ] Safepoint "Cleanup", Time since last: 5086452877 ns, Reaching safepoint: 98250 ns, At safepoint: 5792 ns, Total: 104042 ns
[2022-04-26T00:03:30.715+0000][8][safepoint   ] Safepoint "Cleanup", Time since last: 1117413292 ns, Reaching safepoint: 127917 ns, At safepoint: 5500 ns, Total: 133417 ns
[2022-04-26T00:03:31.948+0000][8][safepoint   ] Safepoint "Cleanup", Time since last: 1220654583 ns, Reaching safepoint: 10344667 ns, At safepoint: 1280250 ns, Total: 11624917 ns
[2022-04-26T00:03:34.106+0000][8][safepoint   ] Safepoint "Cleanup", Time since last: 2158138960 ns, Reaching safepoint: 157250 ns, At safepoint: 4958 ns, Total: 162208 ns
[2022-04-26T00:03:35.313+0000][8][safepoint   ] Safepoint "Cleanup", Time since last: 1195942084 ns, Reaching safepoint: 11404458 ns, At safepoint: 28250 ns, Total: 11432708 ns
[2022-04-26T00:03:37.569+0000][8][safepoint   ] Safepoint "Cleanup", Time since last: 2203139334 ns, Reaching safepoint: 52906751 ns, At safepoint: 57125 ns, Total: 52963876 ns
[2022-04-26T00:03:40.766+0000][8][safepoint   ] Safepoint "Cleanup", Time since last: 3196676543 ns, Reaching safepoint: 69166 ns, At safepoint: 3125 ns, Total: 72291 ns
[2022-04-26T00:03:42.988+0000][8][safepoint   ] Safepoint "Cleanup", Time since last: 2221635585 ns, Reaching safepoint: 117666 ns, At safepoint: 3709 ns, Total: 121375 ns
[2022-04-26T00:03:44.104+0000][8][safepoint   ] Safepoint "Cleanup", Time since last: 1115373334 ns, Reaching safepoint: 202000 ns, At safepoint: 11416 ns, Total: 213416 ns
[2022-04-26T00:03:45.252+0000][8][safepoint   ] Safepoint "Cleanup", Time since last: 1148135876 ns, Reaching safepoint: 94041 ns, At safepoint: 8334 ns, Total: 102375 ns
[2022-04-26T00:03:46.255+0000][8][safepoint   ] Safepoint "Cleanup", Time since last: 1002845625 ns, Reaching safepoint: 82084 ns, At safepoint: 3958 ns, Total: 86042 ns
[2022-04-26T00:03:47.374+0000][8][safepoint   ] Safepoint "Cleanup", Time since last: 1119096959 ns, Reaching safepoint: 113042 ns, At safepoint: 5708 ns, Total: 118750 ns
[2022-04-26T00:03:48.969+0000][8][safepoint   ] Safepoint "Cleanup", Time since last: 1594660459 ns, Reaching safepoint: 171875 ns, At safepoint: 7667 ns, Total: 179542 ns
[2022-04-26T00:03:50.111+0000][8][safepoint   ] Safepoint "Cleanup", Time since last: 1086099292 ns, Reaching safepoint: 56114416 ns, At safepoint: 33750 ns, Total: 56148166 ns
[2022-04-26T00:03:53.210+0000][8][safepoint   ] Safepoint "Cleanup", Time since last: 3050555876 ns, Reaching safepoint: 34650792 ns, At safepoint: 27000 ns, Total: 34677792 ns
[2022-04-26T00:03:54.281+0000][8][safepoint   ] Safepoint "Cleanup", Time since last: 1071352417 ns, Reaching safepoint: 105875 ns, At safepoint: 6125 ns, Total: 112000 ns
[2022-04-26T00:03:55.404+0000][8][safepoint   ] Safepoint "Cleanup", Time since last: 1122743167 ns, Reaching safepoint: 105125 ns, At safepoint: 5875 ns, Total: 111000 ns
[2022-04-26T00:03:56.474+0000][8][safepoint   ] Safepoint "Cleanup", Time since last: 1069898501 ns, Reaching safepoint: 98083 ns, At safepoint: 5334 ns, Total: 103417 ns
[2022-04-26T00:03:57.534+0000][8][safepoint   ] Safepoint "Cleanup", Time since last: 1059441167 ns, Reaching safepoint: 69125 ns, At safepoint: 3583 ns, Total: 72708 ns
[2022-04-26T00:03:59.040+0000][8][gc,start    ] GC(88) Pause Young (Normal) (G1 Evacuation Pause)
[2022-04-26T00:03:59.045+0000][8][gc,task     ] GC(88) Using 5 workers of 5 for evacuation
[2022-04-26T00:03:59.046+0000][8][gc,age      ] GC(88) Desired survivor size 16777216 bytes, new threshold 15 (max threshold 15)
[2022-04-26T00:03:59.050+0000][8][gc,age      ] GC(88) Age table with threshold 15 (max threshold 15)
[2022-04-26T00:03:59.051+0000][8][gc,age      ] GC(88) - age   1:    4789008 bytes,    4789008 total
[2022-04-26T00:03:59.052+0000][8][gc,age      ] GC(88) - age   2:     269432 bytes,    5058440 total
[2022-04-26T00:03:59.053+0000][8][gc,phases   ] GC(88)   Pre Evacuate Collection Set: 0.1ms
[2022-04-26T00:03:59.054+0000][8][gc,phases   ] GC(88)   Merge Heap Roots: 0.2ms
[2022-04-26T00:03:59.056+0000][8][gc,phases   ] GC(88)   Evacuate Collection Set: 1.5ms
[2022-04-26T00:03:59.057+0000][8][gc,phases   ] GC(88)   Post Evacuate Collection Set: 0.7ms
[2022-04-26T00:03:59.058+0000][8][gc,phases   ] GC(88)   Other: 10.3ms
[2022-04-26T00:03:59.058+0000][8][gc,heap     ] GC(88) Eden regions: 60->0(60)
[2022-04-26T00:03:59.059+0000][8][gc,heap     ] GC(88) Survivor regions: 1->2(8)
[2022-04-26T00:03:59.060+0000][8][gc,heap     ] GC(88) Old regions: 32->32
[2022-04-26T00:03:59.060+0000][8][gc,heap     ] GC(88) Archive regions: 2->2
[2022-04-26T00:03:59.061+0000][8][gc,heap     ] GC(88) Humongous regions: 6->6
[2022-04-26T00:03:59.062+0000][8][gc,metaspace] GC(88) Metaspace: 116199K(118016K)->116199K(118016K) NonClass: 100635K(101632K)->100635K(101632K) Class: 15563K(16384K)->15563K(16384K)
[2022-04-26T00:03:59.062+0000][8][gc          ] GC(88) Pause Young (Normal) (G1 Evacuation Pause) 394M->157M(512M) 22.005ms
[2022-04-26T00:03:59.064+0000][8][gc,cpu      ] GC(88) User=0.00s Sys=0.02s Real=0.02s
[2022-04-26T00:03:59.064+0000][8][safepoint   ] Safepoint "G1CollectForAllocation", Time since last: 1506505876 ns, Reaching safepoint: 48541 ns, At safepoint: 23923292 ns, Total: 23971833 ns
[2022-04-26T00:04:00.076+0000][8][safepoint   ] Safepoint "Cleanup", Time since last: 1011351167 ns, Reaching safepoint: 107792 ns, At safepoint: 5833 ns, Total: 113625 ns
[2022-04-26T00:04:03.259+0000][8][safepoint   ] Safepoint "Cleanup", Time since last: 3172620335 ns, Reaching safepoint: 10767083 ns, At safepoint: 36709 ns, Total: 10803792 ns
[2022-04-26T00:04:04.438+0000][8][safepoint   ] Safepoint "Cleanup", Time since last: 1053851584 ns, Reaching safepoint: 125064000 ns, At safepoint: 92125 ns, Total: 125156125 ns
[2022-04-26T00:04:05.633+0000][8][safepoint   ] Safepoint "Cleanup", Time since last: 1195083500 ns, Reaching safepoint: 104042 ns, At safepoint: 50500 ns, Total: 154542 ns
[2022-04-26T00:04:13.832+0000][8][safepoint   ] Safepoint "Cleanup", Time since last: 8170776087 ns, Reaching safepoint: 27307375 ns, At safepoint: 70000 ns, Total: 27377375 ns
[2022-04-26T00:04:17.049+0000][8][safepoint   ] Safepoint "Cleanup", Time since last: 3211047293 ns, Reaching safepoint: 4410542 ns, At safepoint: 2006125 ns, Total: 6416667 ns
[2022-04-26T00:04:18.064+0000][8][safepoint   ] Safepoint "Cleanup", Time since last: 1013014542 ns, Reaching safepoint: 2016000 ns, At safepoint: 9583 ns, Total: 2025583 ns
[2022-04-26T00:04:19.185+0000][8][safepoint   ] Safepoint "Cleanup", Time since last: 1106928959 ns, Reaching safepoint: 14089875 ns, At safepoint: 26584 ns, Total: 14116459 ns
[2022-04-26T00:04:20.257+0000][8][safepoint   ] Safepoint "Cleanup", Time since last: 1071995084 ns, Reaching safepoint: 83375 ns, At safepoint: 5583 ns, Total: 88958 ns
[2022-04-26T00:04:22.398+0000][8][safepoint   ] Safepoint "Cleanup", Time since last: 2159700875 ns, Reaching safepoint: 88917 ns, At safepoint: 5417 ns, Total: 94334 ns
[2022-04-26T00:04:23.544+0000][8][safepoint   ] Safepoint "Cleanup", Time since last: 1144577500 ns, Reaching safepoint: 941750 ns, At safepoint: 6708 ns, Total: 948458 ns
[2022-04-26T00:04:24.551+0000][8][safepoint   ] Safepoint "Cleanup", Time since last: 1007426334 ns, Reaching safepoint: 136875 ns, At safepoint: 6500 ns, Total: 143375 ns
[2022-04-26T00:04:25.626+0000][8][safepoint   ] Safepoint "Cleanup", Time since last: 1070074917 ns, Reaching safepoint: 5056334 ns, At safepoint: 8875 ns, Total: 5065209 ns
[2022-04-26T00:04:26.724+0000][8][safepoint   ] Safepoint "Cleanup", Time since last: 1097953292 ns, Reaching safepoint: 95208 ns, At safepoint: 5792 ns, Total: 101000 ns
[2022-04-26T00:04:27.856+0000][8][safepoint   ] Safepoint "Cleanup", Time since last: 1106865792 ns, Reaching safepoint: 25202583 ns, At safepoint: 42167 ns, Total: 25244750 ns
[2022-04-26T00:04:28.888+0000][8][safepoint   ] Safepoint "Cleanup", Time since last: 1028492209 ns, Reaching safepoint: 1898292 ns, At safepoint: 722875 ns, Total: 2621167 ns
[2022-04-26T00:04:29.973+0000][8][safepoint   ] Safepoint "Cleanup", Time since last: 1085160833 ns, Reaching safepoint: 88334 ns, At safepoint: 5541 ns, Total: 93875 ns
[2022-04-26T00:04:31.225+0000][8][safepoint   ] Safepoint "Cleanup", Time since last: 1142277043 ns, Reaching safepoint: 109983458 ns, At safepoint: 56917 ns, Total: 110040375 ns
[2022-04-26T00:04:34.316+0000][8][safepoint   ] Safepoint "Cleanup", Time since last: 3090229501 ns, Reaching safepoint: 99125 ns, At safepoint: 5625 ns, Total: 104750 ns
[2022-04-26T00:04:35.363+0000][8][safepoint   ] Safepoint "Cleanup", Time since last: 1047665167 ns, Reaching safepoint: 125417 ns, At safepoint: 7167 ns, Total: 132584 ns
[2022-04-26T00:04:39.379+0000][8][safepoint   ] Safepoint "Cleanup", Time since last: 4009269752 ns, Reaching safepoint: 6824958 ns, At safepoint: 18792 ns, Total: 6843750 ns
[2022-04-26T00:04:40.504+0000][8][safepoint   ] Safepoint "Cleanup", Time since last: 1124046042 ns, Reaching safepoint: 67250 ns, At safepoint: 5125 ns, Total: 72375 ns
[2022-04-26T00:04:41.542+0000][8][safepoint   ] Safepoint "Cleanup", Time since last: 1038184542 ns, Reaching safepoint: 101708 ns, At safepoint: 5709 ns, Total: 107417 ns
[2022-04-26T00:04:42.683+0000][8][safepoint   ] Safepoint "Cleanup", Time since last: 1141151625 ns, Reaching safepoint: 102167 ns, At safepoint: 5542 ns, Total: 107709 ns
[2022-04-26T00:04:43.851+0000][8][safepoint   ] Safepoint "Cleanup", Time since last: 1167551333 ns, Reaching safepoint: 70709 ns, At safepoint: 2625 ns, Total: 73334 ns
[2022-04-26T00:04:45.018+0000][8][safepoint   ] Safepoint "Cleanup", Time since last: 1002986334 ns, Reaching safepoint: 121044083 ns, At safepoint: 43721208 ns, Total: 164765291 ns
[2022-04-26T00:04:46.139+0000][8][safepoint   ] Safepoint "Cleanup", Time since last: 1083593376 ns, Reaching safepoint: 36888208 ns, At safepoint: 31625 ns, Total: 36919833 ns
[2022-04-26T00:04:47.262+0000][8][safepoint   ] Safepoint "Cleanup", Time since last: 1122839751 ns, Reaching safepoint: 64083 ns, At safepoint: 2500 ns, Total: 66583 ns
[2022-04-26T00:04:50.305+0000][8][safepoint   ] Safepoint "Cleanup", Time since last: 3041232460 ns, Reaching safepoint: 2202791 ns, At safepoint: 17834 ns, Total: 2220625 ns
[2022-04-26T00:04:51.372+0000][8][safepoint   ] Safepoint "Cleanup", Time since last: 1082722875 ns, Reaching safepoint: 138792 ns, At safepoint: 5875 ns, Total: 144667 ns
[2022-04-26T00:04:53.511+0000][8][safepoint   ] Safepoint "Cleanup", Time since last: 2138121543 ns, Reaching safepoint: 98583 ns, At safepoint: 6042 ns, Total: 104625 ns
[2022-04-26T00:04:54.599+0000][8][safepoint   ] Safepoint "Cleanup", Time since last: 1087440042 ns, Reaching safepoint: 1384666 ns, At safepoint: 10459 ns, Total: 1395125 ns
[2022-04-26T00:04:56.703+0000][8][safepoint   ] Safepoint "Cleanup", Time since last: 2102675584 ns, Reaching safepoint: 1098208 ns, At safepoint: 15917 ns, Total: 1114125 ns
[2022-04-26T00:04:57.508+0000][8][gc,start    ] GC(89) Pause Young (Normal) (G1 Evacuation Pause)
[2022-04-26T00:04:57.510+0000][8][gc,task     ] GC(89) Using 5 workers of 5 for evacuation
[2022-04-26T00:04:57.510+0000][8][gc,age      ] GC(89) Desired survivor size 16777216 bytes, new threshold 15 (max threshold 15)
[2022-04-26T00:04:57.514+0000][8][gc,age      ] GC(89) Age table with threshold 15 (max threshold 15)
[2022-04-26T00:04:57.516+0000][8][gc,age      ] GC(89) - age   1:    5659112 bytes,    5659112 total
[2022-04-26T00:04:57.517+0000][8][gc,age      ] GC(89) - age   2:     707024 bytes,    6366136 total
[2022-04-26T00:04:57.518+0000][8][gc,age      ] GC(89) - age   3:     151456 bytes,    6517592 total
[2022-04-26T00:04:57.519+0000][8][gc,phases   ] GC(89)   Pre Evacuate Collection Set: 0.1ms
[2022-04-26T00:04:57.519+0000][8][gc,phases   ] GC(89)   Merge Heap Roots: 0.1ms
[2022-04-26T00:04:57.520+0000][8][gc,phases   ] GC(89)   Evacuate Collection Set: 1.8ms
[2022-04-26T00:04:57.521+0000][8][gc,phases   ] GC(89)   Post Evacuate Collection Set: 0.7ms
[2022-04-26T00:04:57.522+0000][8][gc,phases   ] GC(89)   Other: 7.9ms
[2022-04-26T00:04:57.524+0000][8][gc,heap     ] GC(89) Eden regions: 60->0(60)
[2022-04-26T00:04:57.524+0000][8][gc,heap     ] GC(89) Survivor regions: 2->2(8)
[2022-04-26T00:04:57.525+0000][8][gc,heap     ] GC(89) Old regions: 32->32
[2022-04-26T00:04:57.526+0000][8][gc,heap     ] GC(89) Archive regions: 2->2
[2022-04-26T00:04:57.527+0000][8][gc,heap     ] GC(89) Humongous regions: 6->6
[2022-04-26T00:04:57.528+0000][8][gc,metaspace] GC(89) Metaspace: 116277K(118144K)->116277K(118144K) NonClass: 100712K(101760K)->100712K(101760K) Class: 15565K(16384K)->15565K(16384K)
[2022-04-26T00:04:57.530+0000][8][gc          ] GC(89) Pause Young (Normal) (G1 Evacuation Pause) 397M->159M(512M) 21.325ms
[2022-04-26T00:04:57.531+0000][8][gc,cpu      ] GC(89) User=0.00s Sys=0.00s Real=0.03s
[2022-04-26T00:04:57.532+0000][8][safepoint   ] Safepoint "G1CollectForAllocation", Time since last: 804774667 ns, Reaching safepoint: 225750 ns, At safepoint: 23518584 ns, Total: 23744334 ns
[2022-04-26T00:04:58.561+0000][8][safepoint   ] Safepoint "Cleanup", Time since last: 1028756708 ns, Reaching safepoint: 69209 ns, At safepoint: 3083 ns, Total: 72292 ns
[2022-04-26T00:04:59.761+0000][8][safepoint   ] Safepoint "Cleanup", Time since last: 1200027709 ns, Reaching safepoint: 87917 ns, At safepoint: 5750 ns, Total: 93667 ns
[2022-04-26T00:05:01.063+0000][8][safepoint   ] Safepoint "Cleanup", Time since last: 1302436625 ns, Reaching safepoint: 100375 ns, At safepoint: 5834 ns, Total: 106209 ns
[2022-04-26T00:05:04.233+0000][8][safepoint   ] Safepoint "Cleanup", Time since last: 3155895709 ns, Reaching safepoint: 13212709 ns, At safepoint: 695291 ns, Total: 13908000 ns
[2022-04-26T00:05:05.259+0000][8][safepoint   ] Safepoint "Cleanup", Time since last: 1025674209 ns, Reaching safepoint: 116375 ns, At safepoint: 5917 ns, Total: 122292 ns
[2022-04-26T00:05:06.425+0000][8][safepoint   ] Safepoint "Cleanup", Time since last: 1166539000 ns, Reaching safepoint: 108834 ns, At safepoint: 5666 ns, Total: 114500 ns
[2022-04-26T00:05:10.564+0000][8][safepoint   ] Safepoint "Cleanup", Time since last: 4066226086 ns, Reaching safepoint: 42851916 ns, At safepoint: 29600084 ns, Total: 72452000 ns
[2022-04-26T00:05:11.680+0000][8][safepoint   ] Safepoint "Cleanup", Time since last: 1110017959 ns, Reaching safepoint: 6241083 ns, At safepoint: 57458 ns, Total: 6298541 ns
[2022-04-26T00:05:13.820+0000][8][safepoint   ] Safepoint "Cleanup", Time since last: 2137475543 ns, Reaching safepoint: 1672333 ns, At safepoint: 11292 ns, Total: 1683625 ns
[2022-04-26T00:05:15.960+0000][8][safepoint   ] Safepoint "Cleanup", Time since last: 2140245959 ns, Reaching safepoint: 81250 ns, At safepoint: 6334 ns, Total: 87584 ns
[2022-04-26T00:05:17.024+0000][8][safepoint   ] Safepoint "Cleanup", Time since last: 1063904708 ns, Reaching safepoint: 78917 ns, At safepoint: 5458 ns, Total: 84375 ns
[2022-04-26T00:05:21.434+0000][8][safepoint   ] Safepoint "Cleanup", Time since last: 4387994669 ns, Reaching safepoint: 63333 ns, At safepoint: 19042 ns, Total: 82375 ns
[2022-04-26T00:05:24.545+0000][8][safepoint   ] Safepoint "Cleanup", Time since last: 3111262710 ns, Reaching safepoint: 47583 ns, At safepoint: 2625 ns, Total: 50208 ns
[2022-04-26T00:05:25.565+0000][8][safepoint   ] Safepoint "Cleanup", Time since last: 1019901251 ns, Reaching safepoint: 98875 ns, At safepoint: 5791 ns, Total: 104666 ns
[2022-04-26T00:05:26.596+0000][8][safepoint   ] Safepoint "Cleanup", Time since last: 1031325584 ns, Reaching safepoint: 90584 ns, At safepoint: 3625 ns, Total: 94209 ns
[2022-04-26T00:05:28.877+0000][8][safepoint   ] Safepoint "Cleanup", Time since last: 2280211167 ns, Reaching safepoint: 63625 ns, At safepoint: 3584 ns, Total: 67209 ns
[2022-04-26T00:05:30.003+0000][8][safepoint   ] Safepoint "Cleanup", Time since last: 1126139459 ns, Reaching safepoint: 93916 ns, At safepoint: 5125 ns, Total: 99041 ns
[2022-04-26T00:05:31.249+0000][8][safepoint   ] Safepoint "Cleanup", Time since last: 1246037626 ns, Reaching safepoint: 132041 ns, At safepoint: 37167 ns, Total: 169208 ns
[2022-04-26T00:05:32.315+0000][8][safepoint   ] Safepoint "Cleanup", Time since last: 1066220417 ns, Reaching safepoint: 114625 ns, At safepoint: 6375 ns, Total: 121000 ns
[2022-04-26T00:05:34.418+0000][8][safepoint   ] Safepoint "Cleanup", Time since last: 2101096585 ns, Reaching safepoint: 1894333 ns, At safepoint: 13375 ns, Total: 1907708 ns
[2022-04-26T00:05:35.456+0000][8][safepoint   ] Safepoint "Cleanup", Time since last: 1037276500 ns, Reaching safepoint: 100917 ns, At safepoint: 5375 ns, Total: 106292 ns
[2022-04-26T00:05:36.726+0000][8][safepoint   ] Safepoint "Cleanup", Time since last: 1270052126 ns, Reaching safepoint: 105666 ns, At safepoint: 6459 ns, Total: 112125 ns
[2022-04-26T00:05:37.814+0000][8][safepoint   ] Safepoint "Cleanup", Time since last: 1080039167 ns, Reaching safepoint: 8244083 ns, At safepoint: 70959 ns, Total: 8315042 ns
[2022-04-26T00:05:39.016+0000][8][safepoint   ] Safepoint "Cleanup", Time since last: 1151909208 ns, Reaching safepoint: 49936417 ns, At safepoint: 21958 ns, Total: 49958375 ns
[2022-04-26T00:05:40.282+0000][8][safepoint   ] Safepoint "Cleanup", Time since last: 1254216251 ns, Reaching safepoint: 11921875 ns, At safepoint: 27500 ns, Total: 11949375 ns
[2022-04-26T00:05:42.454+0000][8][safepoint   ] Safepoint "Cleanup", Time since last: 2171239084 ns, Reaching safepoint: 79000 ns, At safepoint: 3834 ns, Total: 82834 ns
[2022-04-26T00:05:44.549+0000][8][safepoint   ] Safepoint "Cleanup", Time since last: 2095328417 ns, Reaching safepoint: 167750 ns, At safepoint: 43667 ns, Total: 211417 ns
[2022-04-26T00:05:45.661+0000][8][safepoint   ] Safepoint "Cleanup", Time since last: 1081345959 ns, Reaching safepoint: 30103167 ns, At safepoint: 247916 ns, Total: 30351083 ns
[2022-04-26T00:05:46.975+0000][8][safepoint   ] Safepoint "Cleanup", Time since last: 1265971376 ns, Reaching safepoint: 47968208 ns, At safepoint: 26042 ns, Total: 47994250 ns
[2022-04-26T00:05:48.128+0000][8][safepoint   ] Safepoint "Cleanup", Time since last: 1152946792 ns, Reaching safepoint: 568208 ns, At safepoint: 10834 ns, Total: 579042 ns
[2022-04-26T00:05:50.170+0000][8][safepoint   ] Safepoint "Cleanup", Time since last: 2041548334 ns, Reaching safepoint: 100083 ns, At safepoint: 5625 ns, Total: 105708 ns
[2022-04-26T00:05:51.248+0000][8][safepoint   ] Safepoint "Cleanup", Time since last: 1074098792 ns, Reaching safepoint: 58292 ns, At safepoint: 3792 ns, Total: 62084 ns
[2022-04-26T00:05:52.420+0000][8][safepoint   ] Safepoint "Cleanup", Time since last: 1135217125 ns, Reaching safepoint: 36594375 ns, At safepoint: 90708 ns, Total: 36685083 ns
[2022-04-26T00:05:54.444+0000][8][safepoint   ] Safepoint "Cleanup", Time since last: 2023716293 ns, Reaching safepoint: 91167 ns, At safepoint: 5375 ns, Total: 96542 ns
[2022-04-26T00:05:55.732+0000][8][safepoint   ] Safepoint "Cleanup", Time since last: 1276351625 ns, Reaching safepoint: 11606167 ns, At safepoint: 23292 ns, Total: 11629459 ns
[2022-04-26T00:05:56.831+0000][8][safepoint   ] Safepoint "Cleanup", Time since last: 1073915709 ns, Reaching safepoint: 25078125 ns, At safepoint: 22708 ns, Total: 25100833 ns
[2022-04-26T00:05:57.381+0000][8][gc,start    ] GC(90) Pause Young (Concurrent Start) (G1 Evacuation Pause)
[2022-04-26T00:05:57.491+0000][8][gc,task     ] GC(90) Using 5 workers of 5 for evacuation
[2022-04-26T00:05:57.560+0000][8][gc,age      ] GC(90) Desired survivor size 16777216 bytes, new threshold 15 (max threshold 15)
[2022-04-26T00:05:57.691+0000][8][gc,age      ] GC(90) Age table with threshold 15 (max threshold 15)
[2022-04-26T00:05:57.791+0000][8][gc,age      ] GC(90) - age   1:    5187136 bytes,    5187136 total
[2022-04-26T00:05:57.897+0000][8][gc,age      ] GC(90) - age   2:    1630624 bytes,    6817760 total
[2022-04-26T00:05:58.031+0000][8][gc,age      ] GC(90) - age   3:     597752 bytes,    7415512 total
[2022-04-26T00:05:58.075+0000][8][gc,age      ] GC(90) - age   4:     151456 bytes,    7566968 total
[2022-04-26T00:05:58.084+0000][8][gc,mmu      ] GC(90) MMU target violated: 201.0ms (200.0ms/201.0ms)
[2022-04-26T00:05:58.114+0000][8][gc,phases   ] GC(90)   Pre Evacuate Collection Set: 0.4ms
[2022-04-26T00:05:58.220+0000][8][gc,phases   ] GC(90)   Merge Heap Roots: 0.1ms
[2022-04-26T00:05:58.238+0000][8][gc,phases   ] GC(90)   Evacuate Collection Set: 32.0ms
[2022-04-26T00:05:58.240+0000][8][gc,phases   ] GC(90)   Post Evacuate Collection Set: 11.7ms
[2022-04-26T00:05:58.241+0000][8][gc,phases   ] GC(90)   Other: 688.6ms
[2022-04-26T00:05:58.242+0000][8][gc,heap     ] GC(90) Eden regions: 60->0(4)
[2022-04-26T00:05:58.243+0000][8][gc,heap     ] GC(90) Survivor regions: 2->2(8)
[2022-04-26T00:05:58.245+0000][8][gc,heap     ] GC(90) Old regions: 32->32
[2022-04-26T00:05:58.246+0000][8][gc,heap     ] GC(90) Archive regions: 2->2
[2022-04-26T00:05:58.247+0000][8][gc,heap     ] GC(90) Humongous regions: 6->6
[2022-04-26T00:05:58.248+0000][8][gc,metaspace] GC(90) Metaspace: 116348K(118208K)->116348K(118208K) NonClass: 100781K(101824K)->100781K(101824K) Class: 15566K(16384K)->15566K(16384K)
[2022-04-26T00:05:58.250+0000][8][gc          ] GC(90) Pause Young (Concurrent Start) (G1 Evacuation Pause) 399M->160M(512M) 868.906ms
[2022-04-26T00:05:58.253+0000][8][gc,cpu      ] GC(90) User=0.09s Sys=0.02s Real=0.87s
[2022-04-26T00:05:58.254+0000][8][safepoint   ] Safepoint "G1CollectForAllocation", Time since last: 550112208 ns, Reaching safepoint: 140917 ns, At safepoint: 873183084 ns, Total: 873324001 ns
[2022-04-26T00:05:58.254+0000][8][gc          ] GC(91) Concurrent Mark Cycle
[2022-04-26T00:05:58.257+0000][8][gc,marking  ] GC(91) Concurrent Clear Claimed Marks
[2022-04-26T00:05:58.258+0000][8][gc,marking  ] GC(91) Concurrent Clear Claimed Marks 1.255ms
[2022-04-26T00:05:58.259+0000][8][gc,marking  ] GC(91) Concurrent Scan Root Regions
[2022-04-26T00:05:58.267+0000][8][gc,marking  ] GC(91) Concurrent Scan Root Regions 7.475ms
[2022-04-26T00:05:58.269+0000][8][gc,marking  ] GC(91) Concurrent Mark
[2022-04-26T00:05:58.270+0000][8][gc,marking  ] GC(91) Concurrent Mark From Roots
[2022-04-26T00:05:58.272+0000][8][gc,task     ] GC(91) Using 1 workers of 1 for marking
[2022-04-26T00:05:58.508+0000][8][gc,marking  ] GC(91) Concurrent Mark From Roots 238.080ms
[2022-04-26T00:05:58.692+0000][8][gc,marking  ] GC(91) Concurrent Preclean
[2022-04-26T00:05:58.795+0000][8][gc,marking  ] GC(91) Concurrent Preclean 103.304ms
[2022-04-26T00:05:58.921+0000][8][gc,start    ] GC(91) Pause Remark
[2022-04-26T00:05:59.229+0000][8][gc,mmu      ] GC(91) MMU target violated: 201.0ms (200.0ms/201.0ms)
[2022-04-26T00:05:59.332+0000][8][gc          ] GC(91) Pause Remark 164M->164M(512M) 410.542ms
[2022-04-26T00:05:59.399+0000][8][gc,cpu      ] GC(91) User=0.44s Sys=0.09s Real=0.48s
[2022-04-26T00:05:59.413+0000][8][safepoint   ] Safepoint "G1Concurrent", Time since last: 667148792 ns, Reaching safepoint: 56583 ns, At safepoint: 491536584 ns, Total: 491593167 ns
[2022-04-26T00:05:59.603+0000][8][gc,marking  ] GC(91) Concurrent Mark 1334.271ms
[2022-04-26T00:05:59.760+0000][8][gc,marking  ] GC(91) Concurrent Rebuild Remembered Sets
[2022-04-26T00:06:00.074+0000][8][gc,marking  ] GC(91) Concurrent Rebuild Remembered Sets 313.981ms
[2022-04-26T00:06:00.077+0000][8][gc,start    ] GC(91) Pause Cleanup
[2022-04-26T00:06:00.081+0000][8][gc          ] GC(91) Pause Cleanup 169M->169M(512M) 3.103ms
[2022-04-26T00:06:00.082+0000][8][gc,cpu      ] GC(91) User=0.00s Sys=0.00s Real=0.00s
[2022-04-26T00:06:00.084+0000][8][safepoint   ] Safepoint "G1Concurrent", Time since last: 664497625 ns, Reaching safepoint: 211875 ns, At safepoint: 6679042 ns, Total: 6890917 ns
[2022-04-26T00:06:00.088+0000][8][gc,marking  ] GC(91) Concurrent Cleanup for Next Mark
[2022-04-26T00:06:00.218+0000][8][gc,marking  ] GC(91) Concurrent Cleanup for Next Mark 129.998ms
[2022-04-26T00:06:00.268+0000][8][gc          ] GC(91) Concurrent Mark Cycle 2014.086ms
[2022-04-26T00:06:02.370+0000][8][safepoint   ] Safepoint "Cleanup", Time since last: 2046806251 ns, Reaching safepoint: 239182667 ns, At safepoint: 60291 ns, Total: 239242958 ns
[2022-04-26T00:06:02.594+0000][8][gc,start    ] GC(92) Pause Young (Prepare Mixed) (G1 Evacuation Pause)
[2022-04-26T00:06:02.597+0000][8][gc,task     ] GC(92) Using 5 workers of 5 for evacuation
[2022-04-26T00:06:02.601+0000][8][gc,age      ] GC(92) Desired survivor size 2097152 bytes, new threshold 1 (max threshold 15)
[2022-04-26T00:06:02.739+0000][8][gc,age      ] GC(92) Age table with threshold 1 (max threshold 15)
[2022-04-26T00:06:02.835+0000][8][gc,age      ] GC(92) - age   1:     409816 bytes,     409816 total
[2022-04-26T00:06:02.853+0000][8][gc,mmu      ] GC(92) MMU target violated: 201.0ms (200.0ms/201.0ms)
[2022-04-26T00:06:02.885+0000][8][gc,phases   ] GC(92)   Pre Evacuate Collection Set: 0.3ms
[2022-04-26T00:06:03.002+0000][8][gc,phases   ] GC(92)   Merge Heap Roots: 32.5ms
[2022-04-26T00:06:03.095+0000][8][gc,phases   ] GC(92)   Evacuate Collection Set: 38.8ms
[2022-04-26T00:06:03.238+0000][8][gc,phases   ] GC(92)   Post Evacuate Collection Set: 49.4ms
[2022-04-26T00:06:03.275+0000][8][gc,phases   ] GC(92)   Other: 169.7ms
[2022-04-26T00:06:03.277+0000][8][gc,heap     ] GC(92) Eden regions: 4->0(5)
[2022-04-26T00:06:03.279+0000][8][gc,heap     ] GC(92) Survivor regions: 2->1(1)
[2022-04-26T00:06:03.282+0000][8][gc,heap     ] GC(92) Old regions: 32->33
[2022-04-26T00:06:03.283+0000][8][gc,heap     ] GC(92) Archive regions: 2->2
[2022-04-26T00:06:03.284+0000][8][gc,heap     ] GC(92) Humongous regions: 6->6
[2022-04-26T00:06:03.285+0000][8][gc,metaspace] GC(92) Metaspace: 116362K(118208K)->116362K(118208K) NonClass: 100795K(101824K)->100795K(101824K) Class: 15567K(16384K)->15567K(16384K)
[2022-04-26T00:06:03.286+0000][8][gc          ] GC(92) Pause Young (Prepare Mixed) (G1 Evacuation Pause) 176M->160M(512M) 692.345ms
[2022-04-26T00:06:03.287+0000][8][gc,cpu      ] GC(92) User=0.15s Sys=0.03s Real=0.70s
[2022-04-26T00:06:03.288+0000][8][safepoint   ] Safepoint "G1CollectForAllocation", Time since last: 222432042 ns, Reaching safepoint: 1276333 ns, At safepoint: 694566376 ns, Total: 695842709 ns
[2022-04-26T00:06:04.298+0000][8][safepoint   ] Safepoint "Cleanup", Time since last: 1005133125 ns, Reaching safepoint: 4175708 ns, At safepoint: 22875 ns, Total: 4198583 ns
[2022-04-26T00:06:07.497+0000][8][safepoint   ] Safepoint "Cleanup", Time since last: 3199189919 ns, Reaching safepoint: 174958 ns, At safepoint: 11125 ns, Total: 186083 ns
[2022-04-26T00:06:08.438+0000][8][gc,start    ] GC(93) Pause Young (Mixed) (G1 Evacuation Pause)
[2022-04-26T00:06:08.439+0000][8][gc,task     ] GC(93) Using 5 workers of 5 for evacuation
[2022-04-26T00:06:08.440+0000][8][gc,age      ] GC(93) Desired survivor size 2097152 bytes, new threshold 15 (max threshold 15)
[2022-04-26T00:06:08.443+0000][8][gc,age      ] GC(93) Age table with threshold 15 (max threshold 15)
[2022-04-26T00:06:08.444+0000][8][gc,age      ] GC(93) - age   1:     778936 bytes,     778936 total
[2022-04-26T00:06:08.445+0000][8][gc,age      ] GC(93) - age   2:     369720 bytes,    1148656 total
[2022-04-26T00:06:08.445+0000][8][gc,phases   ] GC(93)   Pre Evacuate Collection Set: 0.1ms
[2022-04-26T00:06:08.447+0000][8][gc,phases   ] GC(93)   Merge Heap Roots: 0.1ms
[2022-04-26T00:06:08.459+0000][8][gc,phases   ] GC(93)   Evacuate Collection Set: 1.4ms
[2022-04-26T00:06:08.460+0000][8][gc,phases   ] GC(93)   Post Evacuate Collection Set: 0.7ms
[2022-04-26T00:06:08.461+0000][8][gc,phases   ] GC(93)   Other: 4.7ms
[2022-04-26T00:06:08.463+0000][8][gc,heap     ] GC(93) Eden regions: 5->0(5)
[2022-04-26T00:06:08.464+0000][8][gc,heap     ] GC(93) Survivor regions: 1->1(1)
[2022-04-26T00:06:08.465+0000][8][gc,heap     ] GC(93) Old regions: 33->33
[2022-04-26T00:06:08.466+0000][8][gc,heap     ] GC(93) Archive regions: 2->2
[2022-04-26T00:06:08.467+0000][8][gc,heap     ] GC(93) Humongous regions: 6->6
[2022-04-26T00:06:08.469+0000][8][gc,metaspace] GC(93) Metaspace: 116364K(118208K)->116364K(118208K) NonClass: 100796K(101824K)->100796K(101824K) Class: 15567K(16384K)->15567K(16384K)
[2022-04-26T00:06:08.469+0000][8][gc          ] GC(93) Pause Young (Mixed) (G1 Evacuation Pause) 180M->157M(512M) 30.974ms
[2022-04-26T00:06:08.471+0000][8][gc,cpu      ] GC(93) User=0.01s Sys=0.00s Real=0.03s
[2022-04-26T00:06:08.627+0000][8][safepoint   ] Safepoint "G1CollectForAllocation", Time since last: 941207750 ns, Reaching safepoint: 106292 ns, At safepoint: 188654792 ns, Total: 188761084 ns
[2022-04-26T00:06:10.768+0000][8][safepoint   ] Safepoint "Cleanup", Time since last: 2140029376 ns, Reaching safepoint: 476833 ns, At safepoint: 7959 ns, Total: 484792 ns
[2022-04-26T00:06:11.865+0000][8][safepoint   ] Safepoint "Cleanup", Time since last: 1097292167 ns, Reaching safepoint: 97041 ns, At safepoint: 5625 ns, Total: 102666 ns
[2022-04-26T00:06:13.976+0000][8][gc,start    ] GC(94) Pause Young (Mixed) (G1 Evacuation Pause)
[2022-04-26T00:06:14.091+0000][8][gc,task     ] GC(94) Using 5 workers of 5 for evacuation
[2022-04-26T00:06:14.132+0000][8][gc,age      ] GC(94) Desired survivor size 2097152 bytes, new threshold 15 (max threshold 15)
[2022-04-26T00:06:14.247+0000][8][gc,age      ] GC(94) Age table with threshold 15 (max threshold 15)
[2022-04-26T00:06:14.419+0000][8][gc,age      ] GC(94) - age   1:    1024296 bytes,    1024296 total
[2022-04-26T00:06:14.533+0000][8][gc,age      ] GC(94) - age   2:     196600 bytes,    1220896 total
[2022-04-26T00:06:14.659+0000][8][gc,age      ] GC(94) - age   3:     172064 bytes,    1392960 total
[2022-04-26T00:06:14.719+0000][8][gc,mmu      ] GC(94) MMU target violated: 201.0ms (200.0ms/201.0ms)
[2022-04-26T00:06:14.842+0000][8][gc,phases   ] GC(94)   Pre Evacuate Collection Set: 0.1ms
[2022-04-26T00:06:14.880+0000][8][gc,phases   ] GC(94)   Merge Heap Roots: 0.1ms
[2022-04-26T00:06:14.902+0000][8][gc,phases   ] GC(94)   Evacuate Collection Set: 48.2ms
[2022-04-26T00:06:15.016+0000][8][gc,phases   ] GC(94)   Post Evacuate Collection Set: 22.2ms
[2022-04-26T00:06:15.028+0000][8][gc,phases   ] GC(94)   Other: 795.2ms
[2022-04-26T00:06:15.030+0000][8][gc,heap     ] GC(94) Eden regions: 5->0(5)
[2022-04-26T00:06:15.031+0000][8][gc,heap     ] GC(94) Survivor regions: 1->1(1)
[2022-04-26T00:06:15.033+0000][8][gc,heap     ] GC(94) Old regions: 33->32
[2022-04-26T00:06:15.034+0000][8][gc,heap     ] GC(94) Archive regions: 2->2
[2022-04-26T00:06:15.036+0000][8][gc,heap     ] GC(94) Humongous regions: 6->6
[2022-04-26T00:06:15.037+0000][8][gc,metaspace] GC(94) Metaspace: 116376K(118208K)->116376K(118208K) NonClass: 100809K(101824K)->100809K(101824K) Class: 15567K(16384K)->15567K(16384K)
[2022-04-26T00:06:15.038+0000][8][gc          ] GC(94) Pause Young (Mixed) (G1 Evacuation Pause) 177M->154M(512M) 1062.274ms
[2022-04-26T00:06:15.040+0000][8][gc,cpu      ] GC(94) User=0.08s Sys=0.03s Real=1.06s
[2022-04-26T00:06:15.045+0000][8][safepoint   ] Safepoint "G1CollectForAllocation", Time since last: 2110704293 ns, Reaching safepoint: 45167 ns, At safepoint: 1068998250 ns, Total: 1069043417 ns
[2022-04-26T00:06:16.050+0000][8][safepoint   ] Safepoint "Cleanup", Time since last: 1004758459 ns, Reaching safepoint: 58875 ns, At safepoint: 3208 ns, Total: 62083 ns
[2022-04-26T00:06:18.312+0000][8][safepoint   ] Safepoint "Cleanup", Time since last: 2262169501 ns, Reaching safepoint: 103959 ns, At safepoint: 6000 ns, Total: 109959 ns
[2022-04-26T00:06:19.425+0000][8][safepoint   ] Safepoint "Cleanup", Time since last: 1112687125 ns, Reaching safepoint: 126334 ns, At safepoint: 5791 ns, Total: 132125 ns
[2022-04-26T00:06:20.165+0000][8][gc,start    ] GC(95) Pause Young (Mixed) (G1 Evacuation Pause)
[2022-04-26T00:06:20.166+0000][8][gc,task     ] GC(95) Using 5 workers of 5 for evacuation
[2022-04-26T00:06:20.167+0000][8][gc,age      ] GC(95) Desired survivor size 2097152 bytes, new threshold 15 (max threshold 15)
[2022-04-26T00:06:20.174+0000][8][gc,age      ] GC(95) Age table with threshold 15 (max threshold 15)
[2022-04-26T00:06:20.175+0000][8][gc,age      ] GC(95) - age   1:     720344 bytes,     720344 total
[2022-04-26T00:06:20.176+0000][8][gc,age      ] GC(95) - age   2:     549808 bytes,    1270152 total
[2022-04-26T00:06:20.177+0000][8][gc,age      ] GC(95) - age   3:     194792 bytes,    1464944 total
[2022-04-26T00:06:20.178+0000][8][gc,age      ] GC(95) - age   4:     171616 bytes,    1636560 total
[2022-04-26T00:06:20.179+0000][8][gc,phases   ] GC(95)   Pre Evacuate Collection Set: 0.1ms
[2022-04-26T00:06:20.180+0000][8][gc,phases   ] GC(95)   Merge Heap Roots: 0.3ms
[2022-04-26T00:06:20.181+0000][8][gc,phases   ] GC(95)   Evacuate Collection Set: 4.5ms
[2022-04-26T00:06:20.181+0000][8][gc,phases   ] GC(95)   Post Evacuate Collection Set: 0.8ms
[2022-04-26T00:06:20.183+0000][8][gc,phases   ] GC(95)   Other: 8.2ms
[2022-04-26T00:06:20.185+0000][8][gc,heap     ] GC(95) Eden regions: 5->0(5)
[2022-04-26T00:06:20.185+0000][8][gc,heap     ] GC(95) Survivor regions: 1->1(1)
[2022-04-26T00:06:20.186+0000][8][gc,heap     ] GC(95) Old regions: 32->31
[2022-04-26T00:06:20.187+0000][8][gc,heap     ] GC(95) Archive regions: 2->2
[2022-04-26T00:06:20.188+0000][8][gc,heap     ] GC(95) Humongous regions: 6->6
[2022-04-26T00:06:20.189+0000][8][gc,metaspace] GC(95) Metaspace: 116395K(118208K)->116395K(118208K) NonClass: 100828K(101824K)->100828K(101824K) Class: 15567K(16384K)->15567K(16384K)
[2022-04-26T00:06:20.190+0000][8][gc          ] GC(95) Pause Young (Mixed) (G1 Evacuation Pause) 174M->152M(512M) 25.365ms
[2022-04-26T00:06:20.191+0000][8][gc,cpu      ] GC(95) User=0.02s Sys=0.00s Real=0.03s
[2022-04-26T00:06:20.192+0000][8][safepoint   ] Safepoint "G1CollectForAllocation", Time since last: 740164376 ns, Reaching safepoint: 87750 ns, At safepoint: 27081666 ns, Total: 27169416 ns
[2022-04-26T00:06:21.237+0000][8][safepoint   ] Safepoint "Cleanup", Time since last: 1021316126 ns, Reaching safepoint: 24008042 ns, At safepoint: 22041 ns, Total: 24030083 ns
[2022-04-26T00:06:22.421+0000][8][safepoint   ] Safepoint "Cleanup", Time since last: 1192493459 ns, Reaching safepoint: 63208 ns, At safepoint: 3500 ns, Total: 66708 ns
[2022-04-26T00:06:23.476+0000][8][gc,start    ] GC(96) Pause Young (Normal) (G1 Evacuation Pause)
[2022-04-26T00:06:23.481+0000][8][gc,task     ] GC(96) Using 5 workers of 5 for evacuation
[2022-04-26T00:06:23.488+0000][8][gc,age      ] GC(96) Desired survivor size 2097152 bytes, new threshold 15 (max threshold 15)
[2022-04-26T00:06:23.525+0000][8][gc,age      ] GC(96) Age table with threshold 15 (max threshold 15)
[2022-04-26T00:06:23.526+0000][8][gc,age      ] GC(96) - age   1:     162600 bytes,     162600 total
[2022-04-26T00:06:23.528+0000][8][gc,age      ] GC(96) - age   2:     413016 bytes,     575616 total
[2022-04-26T00:06:23.528+0000][8][gc,age      ] GC(96) - age   3:     399624 bytes,     975240 total
[2022-04-26T00:06:23.530+0000][8][gc,age      ] GC(96) - age   4:     194288 bytes,    1169528 total
[2022-04-26T00:06:23.530+0000][8][gc,age      ] GC(96) - age   5:     159016 bytes,    1328544 total
[2022-04-26T00:06:23.532+0000][8][gc,phases   ] GC(96)   Pre Evacuate Collection Set: 23.9ms
[2022-04-26T00:06:23.533+0000][8][gc,phases   ] GC(96)   Merge Heap Roots: 0.3ms
[2022-04-26T00:06:23.534+0000][8][gc,phases   ] GC(96)   Evacuate Collection Set: 1.5ms
[2022-04-26T00:06:23.535+0000][8][gc,phases   ] GC(96)   Post Evacuate Collection Set: 0.8ms
[2022-04-26T00:06:23.536+0000][8][gc,phases   ] GC(96)   Other: 29.5ms
[2022-04-26T00:06:23.537+0000][8][gc,heap     ] GC(96) Eden regions: 5->0(5)
[2022-04-26T00:06:23.538+0000][8][gc,heap     ] GC(96) Survivor regions: 1->1(1)
[2022-04-26T00:06:23.539+0000][8][gc,heap     ] GC(96) Old regions: 31->31
[2022-04-26T00:06:23.540+0000][8][gc,heap     ] GC(96) Archive regions: 2->2
[2022-04-26T00:06:23.541+0000][8][gc,heap     ] GC(96) Humongous regions: 6->6
[2022-04-26T00:06:23.542+0000][8][gc,metaspace] GC(96) Metaspace: 116400K(118208K)->116400K(118208K) NonClass: 100833K(101824K)->100833K(101824K) Class: 15567K(16384K)->15567K(16384K)
[2022-04-26T00:06:23.543+0000][8][gc          ] GC(96) Pause Young (Normal) (G1 Evacuation Pause) 172M->151M(512M) 67.299ms
[2022-04-26T00:06:23.544+0000][8][gc,cpu      ] GC(96) User=0.01s Sys=0.02s Real=0.06s
[2022-04-26T00:06:23.546+0000][8][safepoint   ] Safepoint "G1CollectForAllocation", Time since last: 1046792418 ns, Reaching safepoint: 8466041 ns, At safepoint: 69836834 ns, Total: 78302875 ns
[2022-04-26T00:06:24.548+0000][8][safepoint   ] Safepoint "Cleanup", Time since last: 1002076042 ns, Reaching safepoint: 101458 ns, At safepoint: 5667 ns, Total: 107125 ns
[2022-04-26T00:06:25.766+0000][8][safepoint   ] Safepoint "Cleanup", Time since last: 1217980459 ns, Reaching safepoint: 125791 ns, At safepoint: 5709 ns, Total: 131500 ns
[2022-04-26T00:06:27.006+0000][8][safepoint   ] Safepoint "Cleanup", Time since last: 1239602959 ns, Reaching safepoint: 102458 ns, At safepoint: 9750 ns, Total: 112208 ns
[2022-04-26T00:06:29.831+0000][8][gc,start    ] GC(97) Pause Young (Normal) (G1 Evacuation Pause)
[2022-04-26T00:06:29.906+0000][8][gc,task     ] GC(97) Using 5 workers of 5 for evacuation
[2022-04-26T00:06:29.913+0000][8][gc,age      ] GC(97) Desired survivor size 2097152 bytes, new threshold 15 (max threshold 15)
[2022-04-26T00:06:30.026+0000][8][gc,age      ] GC(97) Age table with threshold 15 (max threshold 15)
[2022-04-26T00:06:30.104+0000][8][gc,age      ] GC(97) - age   1:     669152 bytes,     669152 total
[2022-04-26T00:06:30.171+0000][8][gc,age      ] GC(97) - age   2:      69352 bytes,     738504 total
[2022-04-26T00:06:30.174+0000][8][gc,age      ] GC(97) - age   3:     173112 bytes,     911616 total
[2022-04-26T00:06:30.176+0000][8][gc,age      ] GC(97) - age   4:      90136 bytes,    1001752 total
[2022-04-26T00:06:30.179+0000][8][gc,age      ] GC(97) - age   5:     104624 bytes,    1106376 total
[2022-04-26T00:06:30.199+0000][8][gc,age      ] GC(97) - age   6:      61888 bytes,    1168264 total
[2022-04-26T00:06:30.219+0000][8][gc,mmu      ] GC(97) MMU target violated: 201.0ms (200.0ms/201.0ms)
[2022-04-26T00:06:30.222+0000][8][gc,phases   ] GC(97)   Pre Evacuate Collection Set: 0.7ms
[2022-04-26T00:06:30.224+0000][8][gc,phases   ] GC(97)   Merge Heap Roots: 0.4ms
[2022-04-26T00:06:30.227+0000][8][gc,phases   ] GC(97)   Evacuate Collection Set: 51.4ms
[2022-04-26T00:06:30.229+0000][8][gc,phases   ] GC(97)   Post Evacuate Collection Set: 2.3ms
[2022-04-26T00:06:30.231+0000][8][gc,phases   ] GC(97)   Other: 336.4ms
[2022-04-26T00:06:30.232+0000][8][gc,heap     ] GC(97) Eden regions: 5->0(5)
[2022-04-26T00:06:30.233+0000][8][gc,heap     ] GC(97) Survivor regions: 1->1(1)
[2022-04-26T00:06:30.234+0000][8][gc,heap     ] GC(97) Old regions: 31->31
[2022-04-26T00:06:30.235+0000][8][gc,heap     ] GC(97) Archive regions: 2->2
[2022-04-26T00:06:30.236+0000][8][gc,heap     ] GC(97) Humongous regions: 6->6
[2022-04-26T00:06:30.236+0000][8][gc,metaspace] GC(97) Metaspace: 116403K(118208K)->116403K(118208K) NonClass: 100836K(101824K)->100836K(101824K) Class: 15567K(16384K)->15567K(16384K)
[2022-04-26T00:06:30.237+0000][8][gc          ] GC(97) Pause Young (Normal) (G1 Evacuation Pause) 171M->151M(512M) 406.459ms
[2022-04-26T00:06:30.238+0000][8][gc,cpu      ] GC(97) User=0.10s Sys=0.02s Real=0.41s
[2022-04-26T00:06:30.239+0000][8][safepoint   ] Safepoint "G1CollectForAllocation", Time since last: 2824914251 ns, Reaching safepoint: 77792 ns, At safepoint: 408574625 ns, Total: 408652417 ns
[2022-04-26T00:06:32.349+0000][8][safepoint   ] Safepoint "Cleanup", Time since last: 2028973126 ns, Reaching safepoint: 80310750 ns, At safepoint: 26792 ns, Total: 80337542 ns
[2022-04-26T00:06:34.473+0000][8][safepoint   ] Safepoint "Cleanup", Time since last: 2124274959 ns, Reaching safepoint: 130042 ns, At safepoint: 5333 ns, Total: 135375 ns
[2022-04-26T00:06:35.250+0000][8][gc,start    ] GC(98) Pause Young (Normal) (G1 Evacuation Pause)
[2022-04-26T00:06:35.251+0000][8][gc,task     ] GC(98) Using 5 workers of 5 for evacuation
[2022-04-26T00:06:35.252+0000][8][gc,age      ] GC(98) Desired survivor size 2097152 bytes, new threshold 15 (max threshold 15)
[2022-04-26T00:06:35.255+0000][8][gc,age      ] GC(98) Age table with threshold 15 (max threshold 15)
[2022-04-26T00:06:35.256+0000][8][gc,age      ] GC(98) - age   1:     965512 bytes,     965512 total
[2022-04-26T00:06:35.257+0000][8][gc,age      ] GC(98) - age   2:     220536 bytes,    1186048 total
[2022-04-26T00:06:35.257+0000][8][gc,age      ] GC(98) - age   3:      69328 bytes,    1255376 total
[2022-04-26T00:06:35.259+0000][8][gc,age      ] GC(98) - age   4:     172280 bytes,    1427656 total
[2022-04-26T00:06:35.261+0000][8][gc,age      ] GC(98) - age   5:      89200 bytes,    1516856 total
[2022-04-26T00:06:35.263+0000][8][gc,age      ] GC(98) - age   6:     103960 bytes,    1620816 total
[2022-04-26T00:06:35.263+0000][8][gc,age      ] GC(98) - age   7:      61120 bytes,    1681936 total
[2022-04-26T00:06:35.264+0000][8][gc,phases   ] GC(98)   Pre Evacuate Collection Set: 0.1ms
[2022-04-26T00:06:35.265+0000][8][gc,phases   ] GC(98)   Merge Heap Roots: 0.1ms
[2022-04-26T00:06:35.266+0000][8][gc,phases   ] GC(98)   Evacuate Collection Set: 1.1ms
[2022-04-26T00:06:35.267+0000][8][gc,phases   ] GC(98)   Post Evacuate Collection Set: 0.7ms
[2022-04-26T00:06:35.268+0000][8][gc,phases   ] GC(98)   Other: 12.4ms
[2022-04-26T00:06:35.269+0000][8][gc,heap     ] GC(98) Eden regions: 5->0(5)
[2022-04-26T00:06:35.270+0000][8][gc,heap     ] GC(98) Survivor regions: 1->1(1)
[2022-04-26T00:06:35.272+0000][8][gc,heap     ] GC(98) Old regions: 31->31
[2022-04-26T00:06:35.272+0000][8][gc,heap     ] GC(98) Archive regions: 2->2
[2022-04-26T00:06:35.273+0000][8][gc,heap     ] GC(98) Humongous regions: 6->6
[2022-04-26T00:06:35.274+0000][8][gc,metaspace] GC(98) Metaspace: 116406K(118208K)->116406K(118208K) NonClass: 100839K(101824K)->100839K(101824K) Class: 15567K(16384K)->15567K(16384K)
[2022-04-26T00:06:35.274+0000][8][gc          ] GC(98) Pause Young (Normal) (G1 Evacuation Pause) 171M->152M(512M) 24.351ms
[2022-04-26T00:06:35.275+0000][8][gc,cpu      ] GC(98) User=0.00s Sys=0.01s Real=0.02s
[2022-04-26T00:06:35.275+0000][8][safepoint   ] Safepoint "G1CollectForAllocation", Time since last: 776827667 ns, Reaching safepoint: 61875 ns, At safepoint: 25637375 ns, Total: 25699250 ns
[2022-04-26T00:06:36.284+0000][8][safepoint   ] Safepoint "Cleanup", Time since last: 1008159042 ns, Reaching safepoint: 62917 ns, At safepoint: 2875 ns, Total: 65792 ns
[2022-04-26T00:06:37.440+0000][8][safepoint   ] Safepoint "Cleanup", Time since last: 1156037001 ns, Reaching safepoint: 87000 ns, At safepoint: 3750 ns, Total: 90750 ns
[2022-04-26T00:06:38.639+0000][8][safepoint   ] Safepoint "Cleanup", Time since last: 1198778292 ns, Reaching safepoint: 143833 ns, At safepoint: 5292 ns, Total: 149125 ns
[2022-04-26T00:06:39.658+0000][8][safepoint   ] Safepoint "Cleanup", Time since last: 1018815959 ns, Reaching safepoint: 95041 ns, At safepoint: 5459 ns, Total: 100500 ns
[2022-04-26T00:06:40.344+0000][8][gc,start    ] GC(99) Pause Young (Normal) (G1 Evacuation Pause)
[2022-04-26T00:06:40.345+0000][8][gc,task     ] GC(99) Using 5 workers of 5 for evacuation
[2022-04-26T00:06:40.346+0000][8][gc,age      ] GC(99) Desired survivor size 2097152 bytes, new threshold 15 (max threshold 15)
[2022-04-26T00:06:40.350+0000][8][gc,age      ] GC(99) Age table with threshold 15 (max threshold 15)
[2022-04-26T00:06:40.351+0000][8][gc,age      ] GC(99) - age   1:     495096 bytes,     495096 total
[2022-04-26T00:06:40.352+0000][8][gc,age      ] GC(99) - age   2:     498496 bytes,     993592 total
[2022-04-26T00:06:40.353+0000][8][gc,age      ] GC(99) - age   3:     219376 bytes,    1212968 total
[2022-04-26T00:06:40.354+0000][8][gc,age      ] GC(99) - age   4:      69328 bytes,    1282296 total
[2022-04-26T00:06:40.354+0000][8][gc,age      ] GC(99) - age   5:     172224 bytes,    1454520 total
[2022-04-26T00:06:40.356+0000][8][gc,age      ] GC(99) - age   6:      89168 bytes,    1543688 total
[2022-04-26T00:06:40.357+0000][8][gc,age      ] GC(99) - age   7:     103960 bytes,    1647648 total
[2022-04-26T00:06:40.358+0000][8][gc,age      ] GC(99) - age   8:      61120 bytes,    1708768 total
[2022-04-26T00:06:40.359+0000][8][gc,phases   ] GC(99)   Pre Evacuate Collection Set: 0.1ms
[2022-04-26T00:06:40.360+0000][8][gc,phases   ] GC(99)   Merge Heap Roots: 0.2ms
[2022-04-26T00:06:40.361+0000][8][gc,phases   ] GC(99)   Evacuate Collection Set: 1.6ms
[2022-04-26T00:06:40.362+0000][8][gc,phases   ] GC(99)   Post Evacuate Collection Set: 0.6ms
[2022-04-26T00:06:40.363+0000][8][gc,phases   ] GC(99)   Other: 12.2ms
[2022-04-26T00:06:40.364+0000][8][gc,heap     ] GC(99) Eden regions: 5->0(64)
[2022-04-26T00:06:40.366+0000][8][gc,heap     ] GC(99) Survivor regions: 1->1(1)
[2022-04-26T00:06:40.379+0000][8][gc,heap     ] GC(99) Old regions: 31->31
[2022-04-26T00:06:40.380+0000][8][gc,heap     ] GC(99) Archive regions: 2->2
[2022-04-26T00:06:40.382+0000][8][gc,heap     ] GC(99) Humongous regions: 6->6
[2022-04-26T00:06:40.383+0000][8][gc,metaspace] GC(99) Metaspace: 116412K(118208K)->116412K(118208K) NonClass: 100845K(101824K)->100845K(101824K) Class: 15567K(16384K)->15567K(16384K)
[2022-04-26T00:06:40.385+0000][8][gc          ] GC(99) Pause Young (Normal) (G1 Evacuation Pause) 172M->152M(512M) 40.422ms
[2022-04-26T00:06:40.386+0000][8][gc,cpu      ] GC(99) User=0.01s Sys=0.00s Real=0.04s
[2022-04-26T00:06:40.387+0000][8][safepoint   ] Safepoint "G1CollectForAllocation", Time since last: 686468208 ns, Reaching safepoint: 45209 ns, At safepoint: 43138833 ns, Total: 43184042 ns
[2022-04-26T00:06:44.556+0000][8][safepoint   ] Safepoint "Cleanup", Time since last: 4090700919 ns, Reaching safepoint: 52703625 ns, At safepoint: 25425291 ns, Total: 78128916 ns
[2022-04-26T00:06:45.710+0000][8][safepoint   ] Safepoint "Cleanup", Time since last: 1153555709 ns, Reaching safepoint: 102042 ns, At safepoint: 5792 ns, Total: 107834 ns
[2022-04-26T00:06:47.982+0000][8][safepoint   ] Safepoint "Cleanup", Time since last: 2272002792 ns, Reaching safepoint: 159959 ns, At safepoint: 8791 ns, Total: 168750 ns
[2022-04-26T00:06:51.208+0000][8][safepoint   ] Safepoint "Cleanup", Time since last: 3225593835 ns, Reaching safepoint: 71917 ns, At safepoint: 3291 ns, Total: 75208 ns
[2022-04-26T00:06:52.362+0000][8][safepoint   ] Safepoint "Cleanup", Time since last: 1096591917 ns, Reaching safepoint: 93000 ns, At safepoint: 5833 ns, Total: 98833 ns
[2022-04-26T00:06:53.838+0000][8][safepoint   ] Safepoint "Cleanup", Time since last: 1461289918 ns, Reaching safepoint: 944583 ns, At safepoint: 13551458 ns, Total: 14496041 ns
[2022-04-26T00:06:54.920+0000][8][safepoint   ] Safepoint "Cleanup", Time since last: 1066244542 ns, Reaching safepoint: 82542 ns, At safepoint: 15968042 ns, Total: 16050584 ns
[2022-04-26T00:06:57.149+0000][8][safepoint   ] Safepoint "Cleanup", Time since last: 2227921209 ns, Reaching safepoint: 440959 ns, At safepoint: 8666 ns, Total: 449625 ns
[2022-04-26T00:06:58.173+0000][8][safepoint   ] Safepoint "Cleanup", Time since last: 1022212209 ns, Reaching safepoint: 1937125 ns, At safepoint: 13833 ns, Total: 1950958 ns
[2022-04-26T00:07:01.404+0000][8][safepoint   ] Safepoint "Cleanup", Time since last: 3189179210 ns, Reaching safepoint: 41797167 ns, At safepoint: 29833 ns, Total: 41827000 ns
[2022-04-26T00:07:02.598+0000][8][safepoint   ] Safepoint "Cleanup", Time since last: 1193669959 ns, Reaching safepoint: 99833 ns, At safepoint: 5875 ns, Total: 105708 ns
[2022-04-26T00:07:04.883+0000][8][safepoint   ] Safepoint "Cleanup", Time since last: 2266528710 ns, Reaching safepoint: 18892833 ns, At safepoint: 20834 ns, Total: 18913667 ns
[2022-04-26T00:07:05.946+0000][8][safepoint   ] Safepoint "Cleanup", Time since last: 1062970208 ns, Reaching safepoint: 104334 ns, At safepoint: 13208 ns, Total: 117542 ns
[2022-04-26T00:07:09.985+0000][8][safepoint   ] Safepoint "Cleanup", Time since last: 4038642210 ns, Reaching safepoint: 106500 ns, At safepoint: 5625 ns, Total: 112125 ns
[2022-04-26T00:07:11.030+0000][8][safepoint   ] Safepoint "Cleanup", Time since last: 1035911334 ns, Reaching safepoint: 8964000 ns, At safepoint: 19083 ns, Total: 8983083 ns
[2022-04-26T00:07:12.052+0000][8][safepoint   ] Safepoint "Cleanup", Time since last: 1021636043 ns, Reaching safepoint: 96750 ns, At safepoint: 3083 ns, Total: 99833 ns
[2022-04-26T00:07:13.150+0000][8][safepoint   ] Safepoint "Cleanup", Time since last: 1098570959 ns, Reaching safepoint: 123375 ns, At safepoint: 5333 ns, Total: 128708 ns
[2022-04-26T00:07:14.201+0000][8][safepoint   ] Safepoint "Cleanup", Time since last: 1048415001 ns, Reaching safepoint: 1320583 ns, At safepoint: 1151375 ns, Total: 2471958 ns
[2022-04-26T00:07:15.243+0000][8][safepoint   ] Safepoint "Cleanup", Time since last: 1040922209 ns, Reaching safepoint: 785041 ns, At safepoint: 6334 ns, Total: 791375 ns
[2022-04-26T00:07:16.258+0000][8][safepoint   ] Safepoint "Cleanup", Time since last: 1014664084 ns, Reaching safepoint: 112500 ns, At safepoint: 2708 ns, Total: 115208 ns
[2022-04-26T00:07:17.411+0000][8][safepoint   ] Safepoint "Cleanup", Time since last: 1012083959 ns, Reaching safepoint: 139115417 ns, At safepoint: 1978625 ns, Total: 141094042 ns
[2022-04-26T00:07:18.512+0000][8][safepoint   ] Safepoint "Cleanup", Time since last: 1100618042 ns, Reaching safepoint: 116791 ns, At safepoint: 5375 ns, Total: 122166 ns
[2022-04-26T00:07:20.595+0000][8][safepoint   ] Safepoint "Cleanup", Time since last: 2083097460 ns, Reaching safepoint: 94416 ns, At safepoint: 6084 ns, Total: 100500 ns
[2022-04-26T00:07:21.588+0000][8][safepoint   ] Safepoint "Cleanup", Time since last: 1043659917 ns, Reaching safepoint: 221708 ns, At safepoint: 6959 ns, Total: 228667 ns
[2022-04-26T00:07:22.710+0000][8][safepoint   ] Safepoint "Cleanup", Time since last: 1122679750 ns, Reaching safepoint: 93000 ns, At safepoint: 5542 ns, Total: 98542 ns
[2022-04-26T00:07:24.777+0000][8][safepoint   ] Safepoint "Cleanup", Time since last: 2065938917 ns, Reaching safepoint: 284584 ns, At safepoint: 22000 ns, Total: 306584 ns
[2022-04-26T00:07:28.803+0000][8][safepoint   ] Safepoint "Cleanup", Time since last: 4025891293 ns, Reaching safepoint: 100917 ns, At safepoint: 5417 ns, Total: 106334 ns
[2022-04-26T00:07:29.820+0000][8][safepoint   ] Safepoint "Cleanup", Time since last: 1017538208 ns, Reaching safepoint: 99209 ns, At safepoint: 7166 ns, Total: 106375 ns
[2022-04-26T00:07:31.889+0000][8][safepoint   ] Safepoint "Cleanup", Time since last: 2068746501 ns, Reaching safepoint: 102375 ns, At safepoint: 5584 ns, Total: 107959 ns
[2022-04-26T00:07:32.944+0000][8][safepoint   ] Safepoint "Cleanup", Time since last: 1054517750 ns, Reaching safepoint: 139334 ns, At safepoint: 6041 ns, Total: 145375 ns
[2022-04-26T00:07:33.994+0000][8][safepoint   ] Safepoint "Cleanup", Time since last: 1049729501 ns, Reaching safepoint: 115291 ns, At safepoint: 6334 ns, Total: 121625 ns
[2022-04-26T00:07:35.052+0000][8][safepoint   ] Safepoint "Cleanup", Time since last: 1058199625 ns, Reaching safepoint: 104584 ns, At safepoint: 5416 ns, Total: 110000 ns
[2022-04-26T00:07:37.107+0000][8][safepoint   ] Safepoint "Cleanup", Time since last: 2054586668 ns, Reaching safepoint: 96333 ns, At safepoint: 5917 ns, Total: 102250 ns
[2022-04-26T00:07:38.168+0000][8][safepoint   ] Safepoint "Cleanup", Time since last: 1061132625 ns, Reaching safepoint: 62042 ns, At safepoint: 3417 ns, Total: 65459 ns
[2022-04-26T00:07:39.232+0000][8][safepoint   ] Safepoint "Cleanup", Time since last: 1063720084 ns, Reaching safepoint: 870708 ns, At safepoint: 8875 ns, Total: 879583 ns
[2022-04-26T00:07:40.243+0000][8][safepoint   ] Safepoint "Cleanup", Time since last: 1010181625 ns, Reaching safepoint: 64459 ns, At safepoint: 4208 ns, Total: 68667 ns
[2022-04-26T00:07:41.196+0000][8][gc,start    ] GC(100) Pause Young (Normal) (G1 Evacuation Pause)
[2022-04-26T00:07:41.247+0000][8][gc,task     ] GC(100) Using 5 workers of 5 for evacuation
[2022-04-26T00:07:41.323+0000][8][gc,age      ] GC(100) Desired survivor size 18874368 bytes, new threshold 15 (max threshold 15)
[2022-04-26T00:07:41.423+0000][8][gc,age      ] GC(100) Age table with threshold 15 (max threshold 15)
[2022-04-26T00:07:41.457+0000][8][gc,age      ] GC(100) - age   1:    7819568 bytes,    7819568 total
[2022-04-26T00:07:41.488+0000][8][gc,age      ] GC(100) - age   2:     182264 bytes,    8001832 total
[2022-04-26T00:07:41.528+0000][8][gc,age      ] GC(100) - age   3:      86648 bytes,    8088480 total
[2022-04-26T00:07:41.549+0000][8][gc,age      ] GC(100) - age   4:     123880 bytes,    8212360 total
[2022-04-26T00:07:41.597+0000][8][gc,age      ] GC(100) - age   5:      62656 bytes,    8275016 total
[2022-04-26T00:07:41.616+0000][8][gc,age      ] GC(100) - age   6:      59240 bytes,    8334256 total
[2022-04-26T00:07:41.644+0000][8][gc,age      ] GC(100) - age   7:      86648 bytes,    8420904 total
[2022-04-26T00:07:41.674+0000][8][gc,age      ] GC(100) - age   8:     103960 bytes,    8524864 total
[2022-04-26T00:07:41.706+0000][8][gc,age      ] GC(100) - age   9:      60448 bytes,    8585312 total
[2022-04-26T00:07:41.752+0000][8][gc,mmu      ] GC(100) MMU target violated: 201.0ms (200.0ms/201.0ms)
[2022-04-26T00:07:41.768+0000][8][gc,phases   ] GC(100)   Pre Evacuate Collection Set: 0.2ms
[2022-04-26T00:07:41.796+0000][8][gc,phases   ] GC(100)   Merge Heap Roots: 0.1ms
[2022-04-26T00:07:41.857+0000][8][gc,phases   ] GC(100)   Evacuate Collection Set: 26.2ms
[2022-04-26T00:07:41.864+0000][8][gc,phases   ] GC(100)   Post Evacuate Collection Set: 1.1ms
[2022-04-26T00:07:41.878+0000][8][gc,phases   ] GC(100)   Other: 543.6ms
[2022-04-26T00:07:41.896+0000][8][gc,heap     ] GC(100) Eden regions: 64->0(3)
[2022-04-26T00:07:41.900+0000][8][gc,heap     ] GC(100) Survivor regions: 1->3(9)
[2022-04-26T00:07:41.902+0000][8][gc,heap     ] GC(100) Old regions: 31->31
[2022-04-26T00:07:41.903+0000][8][gc,heap     ] GC(100) Archive regions: 2->2
[2022-04-26T00:07:41.904+0000][8][gc,heap     ] GC(100) Humongous regions: 6->6
[2022-04-26T00:07:41.905+0000][8][gc,metaspace] GC(100) Metaspace: 116458K(118272K)->116458K(118272K) NonClass: 100891K(101888K)->100891K(101888K) Class: 15567K(16384K)->15567K(16384K)
[2022-04-26T00:07:41.906+0000][8][gc          ] GC(100) Pause Young (Normal) (G1 Evacuation Pause) 408M->159M(512M) 709.183ms
[2022-04-26T00:07:41.907+0000][8][gc,cpu      ] GC(100) User=0.10s Sys=0.01s Real=0.71s
[2022-04-26T00:07:41.908+0000][8][safepoint   ] Safepoint "G1CollectForAllocation", Time since last: 953700417 ns, Reaching safepoint: 48792 ns, At safepoint: 712072000 ns, Total: 712120792 ns
[2022-04-26T00:07:42.921+0000][8][safepoint   ] Safepoint "Cleanup", Time since last: 1008511209 ns, Reaching safepoint: 4168250 ns, At safepoint: 57333 ns, Total: 4225583 ns
[2022-04-26T00:07:43.961+0000][8][gc,start    ] GC(101) Pause Young (Concurrent Start) (G1 Evacuation Pause)
[2022-04-26T00:07:44.002+0000][8][gc,task     ] GC(101) Using 5 workers of 5 for evacuation
[2022-04-26T00:07:44.043+0000][8][gc,age      ] GC(101) Desired survivor size 2097152 bytes, new threshold 1 (max threshold 15)
[2022-04-26T00:07:44.240+0000][8][gc,age      ] GC(101) Age table with threshold 1 (max threshold 15)
[2022-04-26T00:07:44.273+0000][8][gc,age      ] GC(101) - age   1:     404640 bytes,     404640 total
[2022-04-26T00:07:44.307+0000][8][gc,mmu      ] GC(101) MMU target violated: 201.0ms (200.0ms/201.0ms)
[2022-04-26T00:07:44.342+0000][8][gc,phases   ] GC(101)   Pre Evacuate Collection Set: 0.4ms
[2022-04-26T00:07:44.372+0000][8][gc,phases   ] GC(101)   Merge Heap Roots: 0.1ms
[2022-04-26T00:07:44.410+0000][8][gc,phases   ] GC(101)   Evacuate Collection Set: 52.0ms
[2022-04-26T00:07:44.417+0000][8][gc,phases   ] GC(101)   Post Evacuate Collection Set: 2.7ms
[2022-04-26T00:07:44.441+0000][8][gc,phases   ] GC(101)   Other: 326.1ms
[2022-04-26T00:07:44.459+0000][8][gc,heap     ] GC(101) Eden regions: 3->0(5)
[2022-04-26T00:07:44.484+0000][8][gc,heap     ] GC(101) Survivor regions: 3->1(1)
[2022-04-26T00:07:44.498+0000][8][gc,heap     ] GC(101) Old regions: 31->33
[2022-04-26T00:07:44.520+0000][8][gc,heap     ] GC(101) Archive regions: 2->2
[2022-04-26T00:07:44.560+0000][8][gc,heap     ] GC(101) Humongous regions: 6->6
[2022-04-26T00:07:44.583+0000][8][gc,metaspace] GC(101) Metaspace: 116461K(118272K)->116461K(118272K) NonClass: 100894K(101888K)->100894K(101888K) Class: 15567K(16384K)->15567K(16384K)
[2022-04-26T00:07:44.595+0000][8][gc          ] GC(101) Pause Young (Concurrent Start) (G1 Evacuation Pause) 171M->159M(512M) 634.237ms
[2022-04-26T00:07:44.612+0000][8][gc,cpu      ] GC(101) User=0.12s Sys=0.05s Real=0.65s
[2022-04-26T00:07:44.638+0000][8][gc          ] GC(102) Concurrent Mark Cycle
[2022-04-26T00:07:44.641+0000][8][safepoint   ] Safepoint "G1CollectForAllocation", Time since last: 1039387668 ns, Reaching safepoint: 48458 ns, At safepoint: 680595500 ns, Total: 680643958 ns
[2022-04-26T00:07:44.668+0000][8][gc,marking  ] GC(102) Concurrent Clear Claimed Marks
[2022-04-26T00:07:44.711+0000][8][gc,marking  ] GC(102) Concurrent Clear Claimed Marks 43.725ms
[2022-04-26T00:07:44.735+0000][8][gc,marking  ] GC(102) Concurrent Scan Root Regions
[2022-04-26T00:07:44.782+0000][8][gc,marking  ] GC(102) Concurrent Scan Root Regions 47.112ms
[2022-04-26T00:07:44.797+0000][8][gc,marking  ] GC(102) Concurrent Mark
[2022-04-26T00:07:44.808+0000][8][gc,marking  ] GC(102) Concurrent Mark From Roots
[2022-04-26T00:07:44.815+0000][8][gc,task     ] GC(102) Using 1 workers of 1 for marking
[2022-04-26T00:07:45.068+0000][8][gc,marking  ] GC(102) Concurrent Mark From Roots 260.320ms
[2022-04-26T00:07:45.155+0000][8][gc,marking  ] GC(102) Concurrent Preclean
[2022-04-26T00:07:45.195+0000][8][gc,marking  ] GC(102) Concurrent Preclean 39.288ms
[2022-04-26T00:07:45.297+0000][8][gc,start    ] GC(102) Pause Remark
[2022-04-26T00:07:45.441+0000][8][gc          ] GC(102) Pause Remark 173M->173M(512M) 143.679ms
[2022-04-26T00:07:45.442+0000][8][gc,cpu      ] GC(102) User=0.08s Sys=0.01s Real=0.14s
[2022-04-26T00:07:45.444+0000][8][safepoint   ] Safepoint "G1Concurrent", Time since last: 633709625 ns, Reaching safepoint: 21894542 ns, At safepoint: 146950042 ns, Total: 168844584 ns
[2022-04-26T00:07:45.446+0000][8][gc,marking  ] GC(102) Concurrent Mark 648.455ms
[2022-04-26T00:07:45.447+0000][8][gc,marking  ] GC(102) Concurrent Rebuild Remembered Sets
[2022-04-26T00:07:45.506+0000][8][gc,marking  ] GC(102) Concurrent Rebuild Remembered Sets 58.869ms
[2022-04-26T00:07:45.508+0000][8][gc,start    ] GC(102) Pause Cleanup
[2022-04-26T00:07:45.509+0000][8][gc          ] GC(102) Pause Cleanup 174M->174M(512M) 1.646ms
[2022-04-26T00:07:45.510+0000][8][gc,cpu      ] GC(102) User=0.00s Sys=0.00s Real=0.00s
[2022-04-26T00:07:45.511+0000][8][safepoint   ] Safepoint "G1Concurrent", Time since last: 63791625 ns, Reaching safepoint: 77500 ns, At safepoint: 3526375 ns, Total: 3603875 ns
[2022-04-26T00:07:45.513+0000][8][gc,marking  ] GC(102) Concurrent Cleanup for Next Mark
[2022-04-26T00:07:45.514+0000][8][gc,marking  ] GC(102) Concurrent Cleanup for Next Mark 1.582ms
[2022-04-26T00:07:45.516+0000][8][gc          ] GC(102) Concurrent Mark Cycle 877.559ms
[2022-04-26T00:07:45.707+0000][8][gc,start    ] GC(103) Pause Young (Prepare Mixed) (G1 Evacuation Pause)
[2022-04-26T00:07:45.744+0000][8][gc,task     ] GC(103) Using 5 workers of 5 for evacuation
[2022-04-26T00:07:45.757+0000][8][gc,age      ] GC(103) Desired survivor size 2097152 bytes, new threshold 15 (max threshold 15)
[2022-04-26T00:07:45.801+0000][8][gc,age      ] GC(103) Age table with threshold 15 (max threshold 15)
[2022-04-26T00:07:45.856+0000][8][gc,age      ] GC(103) - age   1:     467008 bytes,     467008 total
[2022-04-26T00:07:45.937+0000][8][gc,age      ] GC(103) - age   2:     341304 bytes,     808312 total
[2022-04-26T00:07:45.989+0000][8][gc,mmu      ] GC(103) MMU target violated: 201.0ms (200.0ms/201.0ms)
[2022-04-26T00:07:46.063+0000][8][gc,phases   ] GC(103)   Pre Evacuate Collection Set: 0.2ms
[2022-04-26T00:07:46.132+0000][8][gc,phases   ] GC(103)   Merge Heap Roots: 0.1ms
[2022-04-26T00:07:46.190+0000][8][gc,phases   ] GC(103)   Evacuate Collection Set: 13.3ms
[2022-04-26T00:07:46.236+0000][8][gc,phases   ] GC(103)   Post Evacuate Collection Set: 19.0ms
[2022-04-26T00:07:46.254+0000][8][gc,phases   ] GC(103)   Other: 322.7ms
[2022-04-26T00:07:46.295+0000][8][gc,heap     ] GC(103) Eden regions: 5->0(5)
[2022-04-26T00:07:46.359+0000][8][gc,heap     ] GC(103) Survivor regions: 1->1(1)
[2022-04-26T00:07:46.384+0000][8][gc,heap     ] GC(103) Old regions: 33->33
[2022-04-26T00:07:46.386+0000][8][gc,heap     ] GC(103) Archive regions: 2->2
[2022-04-26T00:07:46.407+0000][8][gc,heap     ] GC(103) Humongous regions: 6->6
[2022-04-26T00:07:46.489+0000][8][gc,metaspace] GC(103) Metaspace: 116487K(118336K)->116487K(118336K) NonClass: 100920K(101952K)->100920K(101952K) Class: 15567K(16384K)->15567K(16384K)
[2022-04-26T00:07:46.529+0000][8][gc          ] GC(103) Pause Young (Prepare Mixed) (G1 Evacuation Pause) 179M->159M(512M) 821.193ms
[2022-04-26T00:07:46.591+0000][8][gc,cpu      ] GC(103) User=0.07s Sys=0.03s Real=0.88s
[2022-04-26T00:07:46.704+0000][8][safepoint   ] Safepoint "G1CollectForAllocation", Time since last: 196178417 ns, Reaching safepoint: 62708 ns, At safepoint: 996998250 ns, Total: 997060958 ns
[2022-04-26T00:07:47.790+0000][8][safepoint   ] Safepoint "Cleanup", Time since last: 1085121668 ns, Reaching safepoint: 134125 ns, At safepoint: 5500 ns, Total: 139625 ns
[2022-04-26T00:07:49.829+0000][8][safepoint   ] Safepoint "Cleanup", Time since last: 2020462001 ns, Reaching safepoint: 19271041 ns, At safepoint: 51625 ns, Total: 19322666 ns
[2022-04-26T00:07:52.097+0000][8][gc,start    ] GC(104) Pause Young (Mixed) (G1 Evacuation Pause)
[2022-04-26T00:07:52.120+0000][8][gc,task     ] GC(104) Using 5 workers of 5 for evacuation
[2022-04-26T00:07:52.144+0000][8][gc,age      ] GC(104) Desired survivor size 2097152 bytes, new threshold 15 (max threshold 15)
[2022-04-26T00:07:52.147+0000][8][gc,age      ] GC(104) Age table with threshold 15 (max threshold 15)
[2022-04-26T00:07:52.148+0000][8][gc,age      ] GC(104) - age   1:     498184 bytes,     498184 total
[2022-04-26T00:07:52.149+0000][8][gc,age      ] GC(104) - age   2:      87208 bytes,     585392 total
[2022-04-26T00:07:52.150+0000][8][gc,age      ] GC(104) - age   3:     337672 bytes,     923064 total
[2022-04-26T00:07:52.151+0000][8][gc,phases   ] GC(104)   Pre Evacuate Collection Set: 0.1ms
[2022-04-26T00:07:52.152+0000][8][gc,phases   ] GC(104)   Merge Heap Roots: 0.2ms
[2022-04-26T00:07:52.153+0000][8][gc,phases   ] GC(104)   Evacuate Collection Set: 1.4ms
[2022-04-26T00:07:52.154+0000][8][gc,phases   ] GC(104)   Post Evacuate Collection Set: 0.5ms
[2022-04-26T00:07:52.155+0000][8][gc,phases   ] GC(104)   Other: 52.5ms
[2022-04-26T00:07:52.156+0000][8][gc,heap     ] GC(104) Eden regions: 5->0(5)
[2022-04-26T00:07:52.156+0000][8][gc,heap     ] GC(104) Survivor regions: 1->1(1)
[2022-04-26T00:07:52.157+0000][8][gc,heap     ] GC(104) Old regions: 33->32
[2022-04-26T00:07:52.158+0000][8][gc,heap     ] GC(104) Archive regions: 2->2
[2022-04-26T00:07:52.160+0000][8][gc,heap     ] GC(104) Humongous regions: 6->6
[2022-04-26T00:07:52.161+0000][8][gc,metaspace] GC(104) Metaspace: 116492K(118336K)->116492K(118336K) NonClass: 100925K(101952K)->100925K(101952K) Class: 15567K(16384K)->15567K(16384K)
[2022-04-26T00:07:52.162+0000][8][gc          ] GC(104) Pause Young (Mixed) (G1 Evacuation Pause) 179M->156M(512M) 65.621ms
[2022-04-26T00:07:52.163+0000][8][gc,cpu      ] GC(104) User=0.01s Sys=0.00s Real=0.06s
[2022-04-26T00:07:52.164+0000][8][safepoint   ] Safepoint "G1CollectForAllocation", Time since last: 2233926876 ns, Reaching safepoint: 41420750 ns, At safepoint: 67280458 ns, Total: 108701208 ns
[2022-04-26T00:07:53.178+0000][8][safepoint   ] Safepoint "Cleanup", Time since last: 1011982376 ns, Reaching safepoint: 2332667 ns, At safepoint: 17541 ns, Total: 2350208 ns
[2022-04-26T00:07:54.234+0000][8][safepoint   ] Safepoint "Cleanup", Time since last: 1055321042 ns, Reaching safepoint: 94459 ns, At safepoint: 2958 ns, Total: 97417 ns
[2022-04-26T00:07:54.317+0000][8][gc,start    ] GC(105) Pause Young (Mixed) (G1 Evacuation Pause)
[2022-04-26T00:07:54.361+0000][8][gc,task     ] GC(105) Using 5 workers of 5 for evacuation
[2022-04-26T00:07:54.392+0000][8][gc,age      ] GC(105) Desired survivor size 2097152 bytes, new threshold 15 (max threshold 15)
[2022-04-26T00:07:54.488+0000][8][gc,age      ] GC(105) Age table with threshold 15 (max threshold 15)
[2022-04-26T00:07:54.547+0000][8][gc,age      ] GC(105) - age   1:    1066344 bytes,    1066344 total
[2022-04-26T00:07:54.596+0000][8][gc,age      ] GC(105) - age   2:     245752 bytes,    1312096 total
[2022-04-26T00:07:54.640+0000][8][gc,age      ] GC(105) - age   3:      36352 bytes,    1348448 total
[2022-04-26T00:07:54.696+0000][8][gc,age      ] GC(105) - age   4:     193288 bytes,    1541736 total
[2022-04-26T00:07:54.727+0000][8][gc,mmu      ] GC(105) MMU target violated: 201.0ms (200.0ms/201.0ms)
[2022-04-26T00:07:54.785+0000][8][gc,phases   ] GC(105)   Pre Evacuate Collection Set: 0.7ms
[2022-04-26T00:07:54.828+0000][8][gc,phases   ] GC(105)   Merge Heap Roots: 0.1ms
[2022-04-26T00:07:54.872+0000][8][gc,phases   ] GC(105)   Evacuate Collection Set: 27.7ms
[2022-04-26T00:07:54.914+0000][8][gc,phases   ] GC(105)   Post Evacuate Collection Set: 25.5ms
[2022-04-26T00:07:54.932+0000][8][gc,phases   ] GC(105)   Other: 414.3ms
[2022-04-26T00:07:54.944+0000][8][gc,heap     ] GC(105) Eden regions: 5->0(5)
[2022-04-26T00:07:54.963+0000][8][gc,heap     ] GC(105) Survivor regions: 1->1(1)
[2022-04-26T00:07:54.997+0000][8][gc,heap     ] GC(105) Old regions: 32->32
[2022-04-26T00:07:55.009+0000][8][gc,heap     ] GC(105) Archive regions: 2->2
[2022-04-26T00:07:55.063+0000][8][gc,heap     ] GC(105) Humongous regions: 6->6
[2022-04-26T00:07:55.138+0000][8][gc,metaspace] GC(105) Metaspace: 116511K(118336K)->116511K(118336K) NonClass: 100944K(101952K)->100944K(101952K) Class: 15567K(16384K)->15567K(16384K)
[2022-04-26T00:07:55.175+0000][8][gc          ] GC(105) Pause Young (Mixed) (G1 Evacuation Pause) 176M->154M(512M) 858.422ms
[2022-04-26T00:07:55.189+0000][8][gc,cpu      ] GC(105) User=0.12s Sys=0.04s Real=0.88s
[2022-04-26T00:07:55.228+0000][8][safepoint   ] Safepoint "G1CollectForAllocation", Time since last: 82845458 ns, Reaching safepoint: 59000 ns, At safepoint: 910999168 ns, Total: 911058168 ns
[2022-04-26T00:07:56.319+0000][8][safepoint   ] Safepoint "Cleanup", Time since last: 1060146125 ns, Reaching safepoint: 6350958 ns, At safepoint: 25363917 ns, Total: 31714875 ns
[2022-04-26T00:07:57.381+0000][8][safepoint   ] Safepoint "Cleanup", Time since last: 1061929667 ns, Reaching safepoint: 116250 ns, At safepoint: 5709 ns, Total: 121959 ns
[2022-04-26T00:07:59.136+0000][8][gc,start    ] GC(106) Pause Young (Normal) (G1 Evacuation Pause)
[2022-04-26T00:07:59.192+0000][8][gc,task     ] GC(106) Using 5 workers of 5 for evacuation
[2022-04-26T00:07:59.201+0000][8][gc,age      ] GC(106) Desired survivor size 2097152 bytes, new threshold 15 (max threshold 15)
[2022-04-26T00:07:59.204+0000][8][gc,age      ] GC(106) Age table with threshold 15 (max threshold 15)
[2022-04-26T00:07:59.206+0000][8][gc,age      ] GC(106) - age   1:    2323712 bytes,    2323712 total
[2022-04-26T00:07:59.207+0000][8][gc,age      ] GC(106) - age   2:     441664 bytes,    2765376 total
[2022-04-26T00:07:59.208+0000][8][gc,age      ] GC(106) - age   3:     229688 bytes,    2995064 total
[2022-04-26T00:07:59.209+0000][8][gc,age      ] GC(106) - age   4:      35872 bytes,    3030936 total
[2022-04-26T00:07:59.210+0000][8][gc,age      ] GC(106) - age   5:     178896 bytes,    3209832 total
[2022-04-26T00:07:59.211+0000][8][gc,phases   ] GC(106)   Pre Evacuate Collection Set: 0.1ms
[2022-04-26T00:07:59.213+0000][8][gc,phases   ] GC(106)   Merge Heap Roots: 0.3ms
[2022-04-26T00:07:59.214+0000][8][gc,phases   ] GC(106)   Evacuate Collection Set: 1.1ms
[2022-04-26T00:07:59.215+0000][8][gc,phases   ] GC(106)   Post Evacuate Collection Set: 1.0ms
[2022-04-26T00:07:59.216+0000][8][gc,phases   ] GC(106)   Other: 72.7ms
[2022-04-26T00:07:59.217+0000][8][gc,heap     ] GC(106) Eden regions: 5->0(5)
[2022-04-26T00:07:59.218+0000][8][gc,heap     ] GC(106) Survivor regions: 1->1(1)
[2022-04-26T00:07:59.220+0000][8][gc,heap     ] GC(106) Old regions: 32->32
[2022-04-26T00:07:59.221+0000][8][gc,heap     ] GC(106) Archive regions: 2->2
[2022-04-26T00:07:59.222+0000][8][gc,heap     ] GC(106) Humongous regions: 6->6
[2022-04-26T00:07:59.223+0000][8][gc,metaspace] GC(106) Metaspace: 116516K(118336K)->116516K(118336K) NonClass: 100949K(101952K)->100949K(101952K) Class: 15567K(16384K)->15567K(16384K)
[2022-04-26T00:07:59.224+0000][8][gc          ] GC(106) Pause Young (Normal) (G1 Evacuation Pause) 174M->156M(512M) 88.182ms
[2022-04-26T00:07:59.225+0000][8][gc,cpu      ] GC(106) User=0.00s Sys=0.00s Real=0.09s
[2022-04-26T00:07:59.228+0000][8][safepoint   ] Safepoint "G1CollectForAllocation", Time since last: 1754023917 ns, Reaching safepoint: 453500 ns, At safepoint: 92256375 ns, Total: 92709875 ns
[2022-04-26T00:08:00.234+0000][8][safepoint   ] Safepoint "Cleanup", Time since last: 1006091501 ns, Reaching safepoint: 73500 ns, At safepoint: 3500 ns, Total: 77000 ns
[2022-04-26T00:08:04.355+0000][8][safepoint   ] Safepoint "Cleanup", Time since last: 4120638543 ns, Reaching safepoint: 225292 ns, At safepoint: 10292 ns, Total: 235584 ns
[2022-04-26T00:08:04.831+0000][8][gc,start    ] GC(107) Pause Young (Normal) (G1 Evacuation Pause)
[2022-04-26T00:08:04.850+0000][8][gc,task     ] GC(107) Using 5 workers of 5 for evacuation
[2022-04-26T00:08:04.963+0000][8][gc,age      ] GC(107) Desired survivor size 2097152 bytes, new threshold 1 (max threshold 15)
[2022-04-26T00:08:05.011+0000][8][gc,age      ] GC(107) Age table with threshold 1 (max threshold 15)
[2022-04-26T00:08:05.074+0000][8][gc,age      ] GC(107) - age   1:     325584 bytes,     325584 total
[2022-04-26T00:08:05.097+0000][8][gc,phases   ] GC(107)   Pre Evacuate Collection Set: 0.1ms
[2022-04-26T00:08:05.122+0000][8][gc,phases   ] GC(107)   Merge Heap Roots: 0.1ms
[2022-04-26T00:08:05.171+0000][8][gc,phases   ] GC(107)   Evacuate Collection Set: 6.6ms
[2022-04-26T00:08:05.216+0000][8][gc,phases   ] GC(107)   Post Evacuate Collection Set: 17.0ms
[2022-04-26T00:08:05.249+0000][8][gc,phases   ] GC(107)   Other: 242.4ms
[2022-04-26T00:08:05.288+0000][8][gc,heap     ] GC(107) Eden regions: 5->0(61)
[2022-04-26T00:08:05.321+0000][8][gc,heap     ] GC(107) Survivor regions: 1->1(1)
[2022-04-26T00:08:05.365+0000][8][gc,heap     ] GC(107) Old regions: 32->32
[2022-04-26T00:08:05.381+0000][8][gc,heap     ] GC(107) Archive regions: 2->2
[2022-04-26T00:08:05.403+0000][8][gc,heap     ] GC(107) Humongous regions: 6->6
[2022-04-26T00:08:05.438+0000][8][gc,metaspace] GC(107) Metaspace: 116528K(118336K)->116528K(118336K) NonClass: 100961K(101952K)->100961K(101952K) Class: 15567K(16384K)->15567K(16384K)
[2022-04-26T00:08:05.503+0000][8][gc          ] GC(107) Pause Young (Normal) (G1 Evacuation Pause) 176M->155M(512M) 671.943ms
[2022-04-26T00:08:05.528+0000][8][gc,cpu      ] GC(107) User=0.18s Sys=0.04s Real=0.70s
[2022-04-26T00:08:05.549+0000][8][safepoint   ] Safepoint "G1CollectForAllocation", Time since last: 475190791 ns, Reaching safepoint: 139334 ns, At safepoint: 718337792 ns, Total: 718477126 ns
[2022-04-26T00:08:06.659+0000][8][safepoint   ] Safepoint "Cleanup", Time since last: 1109484417 ns, Reaching safepoint: 635750 ns, At safepoint: 18083 ns, Total: 653833 ns
[2022-04-26T00:08:09.751+0000][8][safepoint   ] Safepoint "Cleanup", Time since last: 3066026918 ns, Reaching safepoint: 25811625 ns, At safepoint: 20792 ns, Total: 25832417 ns
[2022-04-26T00:08:10.800+0000][8][safepoint   ] Safepoint "Cleanup", Time since last: 1049446626 ns, Reaching safepoint: 101708 ns, At safepoint: 13750 ns, Total: 115458 ns
[2022-04-26T00:08:11.892+0000][8][safepoint   ] Safepoint "Cleanup", Time since last: 1089315709 ns, Reaching safepoint: 1773833 ns, At safepoint: 13708 ns, Total: 1787541 ns
[2022-04-26T00:08:12.964+0000][8][safepoint   ] Safepoint "Cleanup", Time since last: 1072098293 ns, Reaching safepoint: 108541 ns, At safepoint: 5875 ns, Total: 114416 ns
[2022-04-26T00:08:14.977+0000][8][safepoint   ] Safepoint "Cleanup", Time since last: 2012835501 ns, Reaching safepoint: 96042 ns, At safepoint: 5875 ns, Total: 101917 ns
[2022-04-26T00:08:16.157+0000][8][safepoint   ] Safepoint "Cleanup", Time since last: 1161994501 ns, Reaching safepoint: 17837125 ns, At safepoint: 28708 ns, Total: 17865833 ns
[2022-04-26T00:08:18.188+0000][8][safepoint   ] Safepoint "Cleanup", Time since last: 2031368626 ns, Reaching safepoint: 107666 ns, At safepoint: 5459 ns, Total: 113125 ns
[2022-04-26T00:08:19.453+0000][8][safepoint   ] Safepoint "Cleanup", Time since last: 1264374750 ns, Reaching safepoint: 167209 ns, At safepoint: 6166 ns, Total: 173375 ns
[2022-04-26T00:08:20.491+0000][8][safepoint   ] Safepoint "Cleanup", Time since last: 1029850293 ns, Reaching safepoint: 8736250 ns, At safepoint: 27250 ns, Total: 8763500 ns
[2022-04-26T00:08:21.538+0000][8][safepoint   ] Safepoint "Cleanup", Time since last: 1045136750 ns, Reaching safepoint: 1725875 ns, At safepoint: 12500 ns, Total: 1738375 ns
[2022-04-26T00:08:22.613+0000][8][safepoint   ] Safepoint "Cleanup", Time since last: 1057591000 ns, Reaching safepoint: 68583 ns, At safepoint: 3500 ns, Total: 72083 ns
[2022-04-26T00:08:23.795+0000][8][safepoint   ] Safepoint "Cleanup", Time since last: 1181493876 ns, Reaching safepoint: 115666 ns, At safepoint: 6834 ns, Total: 122500 ns
[2022-04-26T00:08:24.834+0000][8][safepoint   ] Safepoint "Cleanup", Time since last: 1037899709 ns, Reaching safepoint: 773583 ns, At safepoint: 47250 ns, Total: 820833 ns
[2022-04-26T00:08:25.896+0000][8][safepoint   ] Safepoint "Cleanup", Time since last: 1061793709 ns, Reaching safepoint: 146208 ns, At safepoint: 5958 ns, Total: 152166 ns
[2022-04-26T00:08:27.053+0000][8][safepoint   ] Safepoint "Cleanup", Time since last: 1127324543 ns, Reaching safepoint: 29752750 ns, At safepoint: 28041 ns, Total: 29780791 ns
[2022-04-26T00:08:28.229+0000][8][safepoint   ] Safepoint "Cleanup", Time since last: 1175013876 ns, Reaching safepoint: 812167 ns, At safepoint: 19250 ns, Total: 831417 ns
[2022-04-26T00:08:30.245+0000][8][safepoint   ] Safepoint "Cleanup", Time since last: 2016130792 ns, Reaching safepoint: 121000 ns, At safepoint: 6000 ns, Total: 127000 ns
[2022-04-26T00:08:32.314+0000][8][safepoint   ] Safepoint "Cleanup", Time since last: 2068405334 ns, Reaching safepoint: 698750 ns, At safepoint: 5584 ns, Total: 704334 ns
[2022-04-26T00:08:33.434+0000][8][safepoint   ] Safepoint "Cleanup", Time since last: 1119757584 ns, Reaching safepoint: 92875 ns, At safepoint: 3208 ns, Total: 96083 ns
[2022-04-26T00:08:35.688+0000][8][safepoint   ] Safepoint "Cleanup", Time since last: 2235199959 ns, Reaching safepoint: 18989875 ns, At safepoint: 36875 ns, Total: 19026750 ns
[2022-04-26T00:08:36.750+0000][8][safepoint   ] Safepoint "Cleanup", Time since last: 1061703959 ns, Reaching safepoint: 118167 ns, At safepoint: 5875 ns, Total: 124042 ns
[2022-04-26T00:08:37.842+0000][8][safepoint   ] Safepoint "Cleanup", Time since last: 1091779667 ns, Reaching safepoint: 71667 ns, At safepoint: 3291 ns, Total: 74958 ns
[2022-04-26T00:08:38.959+0000][8][safepoint   ] Safepoint "Cleanup", Time since last: 1100045251 ns, Reaching safepoint: 17406458 ns, At safepoint: 23084 ns, Total: 17429542 ns
[2022-04-26T00:08:40.112+0000][8][safepoint   ] Safepoint "Cleanup", Time since last: 1152187542 ns, Reaching safepoint: 144208 ns, At safepoint: 9417 ns, Total: 153625 ns
[2022-04-26T00:08:41.145+0000][8][safepoint   ] Safepoint "Cleanup", Time since last: 1033365917 ns, Reaching safepoint: 150667 ns, At safepoint: 9958 ns, Total: 160625 ns
[2022-04-26T00:08:44.168+0000][8][safepoint   ] Safepoint "Cleanup", Time since last: 3022683460 ns, Reaching safepoint: 107583 ns, At safepoint: 5875 ns, Total: 113458 ns
[2022-04-26T00:08:45.349+0000][8][safepoint   ] Safepoint "Cleanup", Time since last: 1139355084 ns, Reaching safepoint: 41057875 ns, At safepoint: 226917 ns, Total: 41284792 ns
[2022-04-26T00:08:46.482+0000][8][safepoint   ] Safepoint "Cleanup", Time since last: 1133622209 ns, Reaching safepoint: 96000 ns, At safepoint: 3500 ns, Total: 99500 ns
[2022-04-26T00:08:47.599+0000][8][safepoint   ] Safepoint "Cleanup", Time since last: 1092628208 ns, Reaching safepoint: 23805584 ns, At safepoint: 15333 ns, Total: 23820917 ns
[2022-04-26T00:08:49.712+0000][8][safepoint   ] Safepoint "Cleanup", Time since last: 2113182168 ns, Reaching safepoint: 115083 ns, At safepoint: 6208 ns, Total: 121291 ns
[2022-04-26T00:08:51.017+0000][8][safepoint   ] Safepoint "Cleanup", Time since last: 1304516001 ns, Reaching safepoint: 106667 ns, At safepoint: 6333 ns, Total: 113000 ns
[2022-04-26T00:08:53.253+0000][8][safepoint   ] Safepoint "Cleanup", Time since last: 2280632834 ns, Reaching safepoint: 246375 ns, At safepoint: 49959 ns, Total: 296334 ns
[2022-04-26T00:08:54.264+0000][8][safepoint   ] Safepoint "Cleanup", Time since last: 1010298917 ns, Reaching safepoint: 98708 ns, At safepoint: 5458 ns, Total: 104166 ns
[2022-04-26T00:08:56.433+0000][8][safepoint   ] Safepoint "Cleanup", Time since last: 2169399335 ns, Reaching safepoint: 96500 ns, At safepoint: 5958 ns, Total: 102458 ns
[2022-04-26T00:08:57.642+0000][8][safepoint   ] Safepoint "Cleanup", Time since last: 1208304709 ns, Reaching safepoint: 68125 ns, At safepoint: 3333 ns, Total: 71458 ns
[2022-04-26T00:09:02.773+0000][8][safepoint   ] Safepoint "Cleanup", Time since last: 5131766711 ns, Reaching safepoint: 105667 ns, At safepoint: 5917 ns, Total: 111584 ns
[2022-04-26T00:09:04.055+0000][8][safepoint   ] Safepoint "Cleanup", Time since last: 1168474167 ns, Reaching safepoint: 113521875 ns, At safepoint: 36250 ns, Total: 113558125 ns
[2022-04-26T00:09:05.179+0000][8][safepoint   ] Safepoint "Cleanup", Time since last: 1122140917 ns, Reaching safepoint: 1822958 ns, At safepoint: 32375 ns, Total: 1855333 ns
[2022-04-26T00:09:06.389+0000][8][safepoint   ] Safepoint "Cleanup", Time since last: 1208821459 ns, Reaching safepoint: 1109584 ns, At safepoint: 7250 ns, Total: 1116834 ns
[2022-04-26T00:09:10.671+0000][8][safepoint   ] Safepoint "Cleanup", Time since last: 4250172710 ns, Reaching safepoint: 30779083 ns, At safepoint: 333750 ns, Total: 31112833 ns
[2022-04-26T00:09:10.926+0000][8][gc,start    ] GC(108) Pause Young (Normal) (G1 Evacuation Pause)
[2022-04-26T00:09:10.927+0000][8][gc,task     ] GC(108) Using 5 workers of 5 for evacuation
[2022-04-26T00:09:10.940+0000][8][gc,age      ] GC(108) Desired survivor size 16777216 bytes, new threshold 15 (max threshold 15)
[2022-04-26T00:09:10.947+0000][8][gc,age      ] GC(108) Age table with threshold 15 (max threshold 15)
[2022-04-26T00:09:10.948+0000][8][gc,age      ] GC(108) - age   1:    7470336 bytes,    7470336 total
[2022-04-26T00:09:10.949+0000][8][gc,age      ] GC(108) - age   2:     151832 bytes,    7622168 total
[2022-04-26T00:09:10.951+0000][8][gc,phases   ] GC(108)   Pre Evacuate Collection Set: 0.4ms
[2022-04-26T00:09:10.952+0000][8][gc,phases   ] GC(108)   Merge Heap Roots: 0.3ms
[2022-04-26T00:09:10.953+0000][8][gc,phases   ] GC(108)   Evacuate Collection Set: 3.3ms
[2022-04-26T00:09:10.954+0000][8][gc,phases   ] GC(108)   Post Evacuate Collection Set: 1.0ms
[2022-04-26T00:09:10.956+0000][8][gc,phases   ] GC(108)   Other: 19.4ms
[2022-04-26T00:09:11.095+0000][8][gc,heap     ] GC(108) Eden regions: 61->0(60)
[2022-04-26T00:09:11.179+0000][8][gc,heap     ] GC(108) Survivor regions: 1->2(8)
[2022-04-26T00:09:11.222+0000][8][gc,heap     ] GC(108) Old regions: 32->32
[2022-04-26T00:09:11.226+0000][8][gc,heap     ] GC(108) Archive regions: 2->2
[2022-04-26T00:09:11.230+0000][8][gc,heap     ] GC(108) Humongous regions: 6->6
[2022-04-26T00:09:11.334+0000][8][gc,metaspace] GC(108) Metaspace: 116579K(118400K)->116579K(118400K) NonClass: 101012K(102016K)->101012K(102016K) Class: 15567K(16384K)->15567K(16384K)
[2022-04-26T00:09:11.495+0000][8][gc          ] GC(108) Pause Young (Normal) (G1 Evacuation Pause) 399M->162M(512M) 569.280ms
[2022-04-26T00:09:11.562+0000][8][gc,cpu      ] GC(108) User=0.01s Sys=0.02s Real=0.64s
[2022-04-26T00:09:11.700+0000][8][safepoint   ] Safepoint "G1CollectForAllocation", Time since last: 255283459 ns, Reaching safepoint: 209666 ns, At safepoint: 773595001 ns, Total: 773804667 ns
[2022-04-26T00:09:12.757+0000][8][safepoint   ] Safepoint "Cleanup", Time since last: 1057020875 ns, Reaching safepoint: 129542 ns, At safepoint: 6292 ns, Total: 135834 ns
[2022-04-26T00:09:15.001+0000][8][safepoint   ] Safepoint "Cleanup", Time since last: 2243262584 ns, Reaching safepoint: 1302917 ns, At safepoint: 11958 ns, Total: 1314875 ns
[2022-04-26T00:09:16.084+0000][8][safepoint   ] Safepoint "Cleanup", Time since last: 1082373751 ns, Reaching safepoint: 85625 ns, At safepoint: 5333 ns, Total: 90958 ns
[2022-04-26T00:09:17.251+0000][8][safepoint   ] Safepoint "Cleanup", Time since last: 1167026667 ns, Reaching safepoint: 72458 ns, At safepoint: 3417 ns, Total: 75875 ns
[2022-04-26T00:09:19.412+0000][8][safepoint   ] Safepoint "Cleanup", Time since last: 2160830043 ns, Reaching safepoint: 96750 ns, At safepoint: 5750 ns, Total: 102500 ns
[2022-04-26T00:09:22.591+0000][8][safepoint   ] Safepoint "Cleanup", Time since last: 3129807751 ns, Reaching safepoint: 296875 ns, At safepoint: 4542 ns, Total: 301417 ns
[2022-04-26T00:09:24.699+0000][8][safepoint   ] Safepoint "Cleanup", Time since last: 2077975793 ns, Reaching safepoint: 30091291 ns, At safepoint: 14750 ns, Total: 30106041 ns
[2022-04-26T00:09:25.863+0000][8][safepoint   ] Safepoint "Cleanup", Time since last: 1163346501 ns, Reaching safepoint: 54625 ns, At safepoint: 3083 ns, Total: 57708 ns
[2022-04-26T00:09:26.872+0000][8][safepoint   ] Safepoint "Cleanup", Time since last: 1009700501 ns, Reaching safepoint: 61666 ns, At safepoint: 3709 ns, Total: 65375 ns
[2022-04-26T00:09:31.926+0000][8][safepoint   ] Safepoint "Cleanup", Time since last: 5039660419 ns, Reaching safepoint: 13872250 ns, At safepoint: 30708 ns, Total: 13902958 ns
[2022-04-26T00:09:33.121+0000][8][safepoint   ] Safepoint "Cleanup", Time since last: 1192108584 ns, Reaching safepoint: 2610750 ns, At safepoint: 15417 ns, Total: 2626167 ns
[2022-04-26T00:09:34.298+0000][8][safepoint   ] Safepoint "Cleanup", Time since last: 1176981542 ns, Reaching safepoint: 129292 ns, At safepoint: 5791 ns, Total: 135083 ns
[2022-04-26T00:09:35.384+0000][8][safepoint   ] Safepoint "Cleanup", Time since last: 1085635042 ns, Reaching safepoint: 53417 ns, At safepoint: 2958 ns, Total: 56375 ns
[2022-04-26T00:09:36.501+0000][8][safepoint   ] Safepoint "Cleanup", Time since last: 1117800001 ns, Reaching safepoint: 68375 ns, At safepoint: 3458 ns, Total: 71833 ns
[2022-04-26T00:09:37.622+0000][8][safepoint   ] Safepoint "Cleanup", Time since last: 1120008501 ns, Reaching safepoint: 141333 ns, At safepoint: 4958 ns, Total: 146291 ns
[2022-04-26T00:09:38.705+0000][8][safepoint   ] Safepoint "Cleanup", Time since last: 1083234459 ns, Reaching safepoint: 64375 ns, At safepoint: 3542 ns, Total: 67917 ns
[2022-04-26T00:09:39.883+0000][8][safepoint   ] Safepoint "Cleanup", Time since last: 1172692334 ns, Reaching safepoint: 5293833 ns, At safepoint: 14625 ns, Total: 5308458 ns
[2022-04-26T00:09:45.045+0000][8][safepoint   ] Safepoint "Cleanup", Time since last: 5129900253 ns, Reaching safepoint: 32189833 ns, At safepoint: 29333 ns, Total: 32219166 ns
[2022-04-26T00:09:46.346+0000][8][safepoint   ] Safepoint "Cleanup", Time since last: 1301115334 ns, Reaching safepoint: 110334 ns, At safepoint: 5250 ns, Total: 115584 ns
[2022-04-26T00:09:47.362+0000][8][safepoint   ] Safepoint "Cleanup", Time since last: 1011648208 ns, Reaching safepoint: 3944542 ns, At safepoint: 164708 ns, Total: 4109250 ns
[2022-04-26T00:09:51.673+0000][8][safepoint   ] Safepoint "Cleanup", Time since last: 4291465961 ns, Reaching safepoint: 19921625 ns, At safepoint: 31666 ns, Total: 19953291 ns
[2022-04-26T00:09:53.091+0000][8][safepoint   ] Safepoint "Cleanup", Time since last: 1370822625 ns, Reaching safepoint: 69875 ns, At safepoint: 5209 ns, Total: 75084 ns
[2022-04-26T00:09:55.135+0000][8][safepoint   ] Safepoint "Cleanup", Time since last: 2042999251 ns, Reaching safepoint: 85208 ns, At safepoint: 5333 ns, Total: 90541 ns
[2022-04-26T00:09:56.474+0000][8][safepoint   ] Safepoint "Cleanup", Time since last: 1338774918 ns, Reaching safepoint: 294250 ns, At safepoint: 8833 ns, Total: 303083 ns
[2022-04-26T00:09:57.603+0000][8][safepoint   ] Safepoint "Cleanup", Time since last: 1128973417 ns, Reaching safepoint: 106500 ns, At safepoint: 5917 ns, Total: 112417 ns
[2022-04-26T00:09:58.667+0000][8][safepoint   ] Safepoint "Cleanup", Time since last: 1063860459 ns, Reaching safepoint: 94875 ns, At safepoint: 5208 ns, Total: 100083 ns
[2022-04-26T00:10:00.708+0000][8][safepoint   ] Safepoint "Cleanup", Time since last: 2038662001 ns, Reaching safepoint: 2279750 ns, At safepoint: 13708 ns, Total: 2293458 ns
[2022-04-26T00:10:02.829+0000][8][safepoint   ] Safepoint "Cleanup", Time since last: 2119230626 ns, Reaching safepoint: 1436375 ns, At safepoint: 344709 ns, Total: 1781084 ns
[2022-04-26T00:10:03.918+0000][8][safepoint   ] Safepoint "Cleanup", Time since last: 1088992167 ns, Reaching safepoint: 99125 ns, At safepoint: 5083 ns, Total: 104208 ns
[2022-04-26T00:10:05.016+0000][8][safepoint   ] Safepoint "Cleanup", Time since last: 1098438584 ns, Reaching safepoint: 82792 ns, At safepoint: 3958 ns, Total: 86750 ns
[2022-04-26T00:10:08.033+0000][8][safepoint   ] Safepoint "Cleanup", Time since last: 3016533710 ns, Reaching safepoint: 102375 ns, At safepoint: 5833 ns, Total: 108208 ns
[2022-04-26T00:10:10.067+0000][8][safepoint   ] Safepoint "Cleanup", Time since last: 2034264001 ns, Reaching safepoint: 50792 ns, At safepoint: 2916 ns, Total: 53708 ns
[2022-04-26T00:10:13.412+0000][8][gc,start    ] GC(109) Pause Young (Concurrent Start) (G1 Evacuation Pause)
[2022-04-26T00:10:13.415+0000][8][gc,task     ] GC(109) Using 5 workers of 5 for evacuation
[2022-04-26T00:10:13.418+0000][8][gc,age      ] GC(109) Desired survivor size 16777216 bytes, new threshold 15 (max threshold 15)
[2022-04-26T00:10:13.423+0000][8][gc,age      ] GC(109) Age table with threshold 15 (max threshold 15)
[2022-04-26T00:10:13.424+0000][8][gc,age      ] GC(109) - age   1:    4884944 bytes,    4884944 total
[2022-04-26T00:10:13.425+0000][8][gc,age      ] GC(109) - age   2:    5035504 bytes,    9920448 total
[2022-04-26T00:10:13.426+0000][8][gc,age      ] GC(109) - age   3:      98536 bytes,   10018984 total
[2022-04-26T00:10:13.427+0000][8][gc,phases   ] GC(109)   Pre Evacuate Collection Set: 0.4ms
[2022-04-26T00:10:13.427+0000][8][gc,phases   ] GC(109)   Merge Heap Roots: 0.1ms
[2022-04-26T00:10:13.428+0000][8][gc,phases   ] GC(109)   Evacuate Collection Set: 3.2ms
[2022-04-26T00:10:13.429+0000][8][gc,phases   ] GC(109)   Post Evacuate Collection Set: 0.8ms
[2022-04-26T00:10:13.429+0000][8][gc,phases   ] GC(109)   Other: 9.7ms
[2022-04-26T00:10:13.430+0000][8][gc,heap     ] GC(109) Eden regions: 60->0(59)
[2022-04-26T00:10:13.431+0000][8][gc,heap     ] GC(109) Survivor regions: 2->3(8)
[2022-04-26T00:10:13.432+0000][8][gc,heap     ] GC(109) Old regions: 32->32
[2022-04-26T00:10:13.433+0000][8][gc,heap     ] GC(109) Archive regions: 2->2
[2022-04-26T00:10:13.433+0000][8][gc,heap     ] GC(109) Humongous regions: 6->6
[2022-04-26T00:10:13.434+0000][8][gc,metaspace] GC(109) Metaspace: 116621K(118400K)->116621K(118400K) NonClass: 101054K(102016K)->101054K(102016K) Class: 15567K(16384K)->15567K(16384K)
[2022-04-26T00:10:13.435+0000][8][gc          ] GC(109) Pause Young (Concurrent Start) (G1 Evacuation Pause) 402M->165M(512M) 22.299ms
[2022-04-26T00:10:13.435+0000][8][gc,cpu      ] GC(109) User=0.01s Sys=0.00s Real=0.03s
[2022-04-26T00:10:13.436+0000][8][gc          ] GC(110) Concurrent Mark Cycle
[2022-04-26T00:10:13.437+0000][8][gc,marking  ] GC(110) Concurrent Clear Claimed Marks
[2022-04-26T00:10:13.436+0000][8][safepoint   ] Safepoint "G1CollectForAllocation", Time since last: 3344949794 ns, Reaching safepoint: 168666 ns, At safepoint: 23671334 ns, Total: 23840000 ns
[2022-04-26T00:10:13.438+0000][8][gc,marking  ] GC(110) Concurrent Clear Claimed Marks 0.756ms
[2022-04-26T00:10:13.440+0000][8][gc,marking  ] GC(110) Concurrent Scan Root Regions
[2022-04-26T00:10:13.443+0000][8][gc,marking  ] GC(110) Concurrent Scan Root Regions 2.895ms
[2022-04-26T00:10:13.447+0000][8][gc,marking  ] GC(110) Concurrent Mark
[2022-04-26T00:10:13.448+0000][8][gc,marking  ] GC(110) Concurrent Mark From Roots
[2022-04-26T00:10:13.449+0000][8][gc,task     ] GC(110) Using 1 workers of 1 for marking
[2022-04-26T00:10:13.695+0000][8][gc,marking  ] GC(110) Concurrent Mark From Roots 247.108ms
[2022-04-26T00:10:13.728+0000][8][gc,marking  ] GC(110) Concurrent Preclean
[2022-04-26T00:10:13.814+0000][8][gc,marking  ] GC(110) Concurrent Preclean 85.661ms
[2022-04-26T00:10:13.843+0000][8][gc,start    ] GC(110) Pause Remark
[2022-04-26T00:10:14.042+0000][8][gc          ] GC(110) Pause Remark 173M->173M(512M) 199.383ms
[2022-04-26T00:10:14.101+0000][8][gc,cpu      ] GC(110) User=0.21s Sys=0.02s Real=0.26s
[2022-04-26T00:10:14.155+0000][8][safepoint   ] Safepoint "G1Concurrent", Time since last: 406460792 ns, Reaching safepoint: 62375 ns, At safepoint: 312614083 ns, Total: 312676458 ns
[2022-04-26T00:10:14.241+0000][8][gc,marking  ] GC(110) Concurrent Mark 793.974ms
[2022-04-26T00:10:14.293+0000][8][gc,marking  ] GC(110) Concurrent Rebuild Remembered Sets
[2022-04-26T00:10:14.517+0000][8][gc,marking  ] GC(110) Concurrent Rebuild Remembered Sets 223.262ms
[2022-04-26T00:10:14.576+0000][8][gc,start    ] GC(110) Pause Cleanup
[2022-04-26T00:10:14.620+0000][8][gc          ] GC(110) Pause Cleanup 178M->178M(512M) 44.534ms
[2022-04-26T00:10:14.663+0000][8][gc,cpu      ] GC(110) User=0.01s Sys=0.00s Real=0.08s
[2022-04-26T00:10:14.692+0000][8][safepoint   ] Safepoint "G1Concurrent", Time since last: 420255375 ns, Reaching safepoint: 118209 ns, At safepoint: 116713041 ns, Total: 116831250 ns
[2022-04-26T00:10:14.764+0000][8][gc,marking  ] GC(110) Concurrent Cleanup for Next Mark
[2022-04-26T00:10:14.902+0000][8][gc,marking  ] GC(110) Concurrent Cleanup for Next Mark 138.031ms
[2022-04-26T00:10:14.936+0000][8][gc          ] GC(110) Concurrent Mark Cycle 1500.106ms
[2022-04-26T00:10:15.764+0000][8][safepoint   ] Safepoint "Cleanup", Time since last: 1071219251 ns, Reaching safepoint: 108958 ns, At safepoint: 6042 ns, Total: 115000 ns
[2022-04-26T00:10:18.802+0000][8][safepoint   ] Safepoint "Cleanup", Time since last: 3038268168 ns, Reaching safepoint: 101625 ns, At safepoint: 5458 ns, Total: 107083 ns
[2022-04-26T00:10:19.961+0000][8][safepoint   ] Safepoint "Cleanup", Time since last: 1134040042 ns, Reaching safepoint: 24602792 ns, At safepoint: 18584 ns, Total: 24621376 ns
[2022-04-26T00:10:21.139+0000][8][safepoint   ] Safepoint "Cleanup", Time since last: 1161307500 ns, Reaching safepoint: 16821417 ns, At safepoint: 119083 ns, Total: 16940500 ns
[2022-04-26T00:10:22.190+0000][8][safepoint   ] Safepoint "Cleanup", Time since last: 1051378084 ns, Reaching safepoint: 107958 ns, At safepoint: 5417 ns, Total: 113375 ns
[2022-04-26T00:10:24.189+0000][8][safepoint   ] Safepoint "Cleanup", Time since last: 2068796793 ns, Reaching safepoint: 107208 ns, At safepoint: 5833 ns, Total: 113041 ns
[2022-04-26T00:10:25.213+0000][8][safepoint   ] Safepoint "Cleanup", Time since last: 1024565834 ns, Reaching safepoint: 121042 ns, At safepoint: 8916 ns, Total: 129958 ns
[2022-04-26T00:10:26.218+0000][8][safepoint   ] Safepoint "Cleanup", Time since last: 1004767834 ns, Reaching safepoint: 102125 ns, At safepoint: 6458 ns, Total: 108583 ns
[2022-04-26T00:10:27.244+0000][8][safepoint   ] Safepoint "Cleanup", Time since last: 1025304084 ns, Reaching safepoint: 68500 ns, At safepoint: 3084 ns, Total: 71584 ns
[2022-04-26T00:10:28.293+0000][8][safepoint   ] Safepoint "Cleanup", Time since last: 1048950042 ns, Reaching safepoint: 72000 ns, At safepoint: 3666 ns, Total: 75666 ns
[2022-04-26T00:10:31.396+0000][8][safepoint   ] Safepoint "Cleanup", Time since last: 3103173044 ns, Reaching safepoint: 181125 ns, At safepoint: 7500 ns, Total: 188625 ns
[2022-04-26T00:10:32.496+0000][8][safepoint   ] Safepoint "Cleanup", Time since last: 1099960750 ns, Reaching safepoint: 374833 ns, At safepoint: 7542 ns, Total: 382375 ns
[2022-04-26T00:10:33.530+0000][8][safepoint   ] Safepoint "Cleanup", Time since last: 1033571584 ns, Reaching safepoint: 117333 ns, At safepoint: 6000 ns, Total: 123333 ns
[2022-04-26T00:10:34.595+0000][8][safepoint   ] Safepoint "Cleanup", Time since last: 1064502667 ns, Reaching safepoint: 211459 ns, At safepoint: 8666 ns, Total: 220125 ns
[2022-04-26T00:10:35.696+0000][8][safepoint   ] Safepoint "Cleanup", Time since last: 1100385834 ns, Reaching safepoint: 698084 ns, At safepoint: 8583 ns, Total: 706667 ns
[2022-04-26T00:10:37.828+0000][8][safepoint   ] Safepoint "Cleanup", Time since last: 2100746751 ns, Reaching safepoint: 30974875 ns, At safepoint: 28833 ns, Total: 31003708 ns
[2022-04-26T00:10:40.996+0000][8][safepoint   ] Safepoint "Cleanup", Time since last: 3161264335 ns, Reaching safepoint: 6649875 ns, At safepoint: 23459 ns, Total: 6673334 ns
[2022-04-26T00:10:43.096+0000][8][safepoint   ] Safepoint "Cleanup", Time since last: 2100540709 ns, Reaching safepoint: 105833 ns, At safepoint: 5750 ns, Total: 111583 ns
[2022-04-26T00:10:44.186+0000][8][safepoint   ] Safepoint "Cleanup", Time since last: 1090093917 ns, Reaching safepoint: 86292 ns, At safepoint: 48208 ns, Total: 134500 ns
[2022-04-26T00:10:45.264+0000][8][safepoint   ] Safepoint "Cleanup", Time since last: 1077571459 ns, Reaching safepoint: 130375 ns, At safepoint: 6167 ns, Total: 136542 ns
[2022-04-26T00:10:47.344+0000][8][safepoint   ] Safepoint "Cleanup", Time since last: 2079418584 ns, Reaching safepoint: 113875 ns, At safepoint: 5334 ns, Total: 119209 ns
[2022-04-26T00:10:48.436+0000][8][safepoint   ] Safepoint "Cleanup", Time since last: 1075917458 ns, Reaching safepoint: 15962584 ns, At safepoint: 27250 ns, Total: 15989834 ns
[2022-04-26T00:10:54.574+0000][8][safepoint   ] Safepoint "Cleanup", Time since last: 6123042044 ns, Reaching safepoint: 117291 ns, At safepoint: 5917 ns, Total: 123208 ns
[2022-04-26T00:10:55.649+0000][8][safepoint   ] Safepoint "Cleanup", Time since last: 1074342709 ns, Reaching safepoint: 178333 ns, At safepoint: 12542 ns, Total: 190875 ns
[2022-04-26T00:10:56.657+0000][8][safepoint   ] Safepoint "Cleanup", Time since last: 1007554875 ns, Reaching safepoint: 874417 ns, At safepoint: 27042 ns, Total: 901459 ns
[2022-04-26T00:10:57.775+0000][8][safepoint   ] Safepoint "Cleanup", Time since last: 1117317125 ns, Reaching safepoint: 160167 ns, At safepoint: 8667 ns, Total: 168834 ns
[2022-04-26T00:10:58.857+0000][8][safepoint   ] Safepoint "Cleanup", Time since last: 1081476333 ns, Reaching safepoint: 522084 ns, At safepoint: 7958 ns, Total: 530042 ns
[2022-04-26T00:11:00.914+0000][8][safepoint   ] Safepoint "Cleanup", Time since last: 2047641751 ns, Reaching safepoint: 9296375 ns, At safepoint: 20917 ns, Total: 9317292 ns
[2022-04-26T00:11:02.041+0000][8][safepoint   ] Safepoint "Cleanup", Time since last: 1124351667 ns, Reaching safepoint: 2966917 ns, At safepoint: 21791 ns, Total: 2988708 ns
[2022-04-26T00:11:03.174+0000][8][safepoint   ] Safepoint "Cleanup", Time since last: 1108815167 ns, Reaching safepoint: 23713834 ns, At safepoint: 31875 ns, Total: 23745709 ns
[2022-04-26T00:11:05.437+0000][8][safepoint   ] Safepoint "Cleanup", Time since last: 2246076501 ns, Reaching safepoint: 95708 ns, At safepoint: 16872125 ns, Total: 16967833 ns
[2022-04-26T00:11:08.474+0000][8][safepoint   ] Safepoint "Cleanup", Time since last: 3037273752 ns, Reaching safepoint: 134666 ns, At safepoint: 6250 ns, Total: 140916 ns
[2022-04-26T00:11:08.979+0000][8][gc,start    ] GC(111) Pause Young (Prepare Mixed) (G1 Evacuation Pause)
[2022-04-26T00:11:08.980+0000][8][gc,task     ] GC(111) Using 5 workers of 5 for evacuation
[2022-04-26T00:11:08.980+0000][8][gc,age      ] GC(111) Desired survivor size 16777216 bytes, new threshold 15 (max threshold 15)
[2022-04-26T00:11:08.984+0000][8][gc,age      ] GC(111) Age table with threshold 15 (max threshold 15)
[2022-04-26T00:11:08.985+0000][8][gc,age      ] GC(111) - age   1:    6842840 bytes,    6842840 total
[2022-04-26T00:11:08.986+0000][8][gc,age      ] GC(111) - age   2:    3251472 bytes,   10094312 total
[2022-04-26T00:11:08.987+0000][8][gc,age      ] GC(111) - age   3:    2473256 bytes,   12567568 total
[2022-04-26T00:11:08.987+0000][8][gc,age      ] GC(111) - age   4:      94920 bytes,   12662488 total
[2022-04-26T00:11:08.988+0000][8][gc,phases   ] GC(111)   Pre Evacuate Collection Set: 0.1ms
[2022-04-26T00:11:08.989+0000][8][gc,phases   ] GC(111)   Merge Heap Roots: 0.2ms
[2022-04-26T00:11:08.989+0000][8][gc,phases   ] GC(111)   Evacuate Collection Set: 2.0ms
[2022-04-26T00:11:08.990+0000][8][gc,phases   ] GC(111)   Post Evacuate Collection Set: 0.8ms
[2022-04-26T00:11:08.990+0000][8][gc,phases   ] GC(111)   Other: 6.2ms
[2022-04-26T00:11:08.999+0000][8][gc,heap     ] GC(111) Eden regions: 59->0(2)
[2022-04-26T00:11:09.004+0000][8][gc,heap     ] GC(111) Survivor regions: 3->4(8)
[2022-04-26T00:11:09.005+0000][8][gc,heap     ] GC(111) Old regions: 32->32
[2022-04-26T00:11:09.006+0000][8][gc,heap     ] GC(111) Archive regions: 2->2
[2022-04-26T00:11:09.007+0000][8][gc,heap     ] GC(111) Humongous regions: 6->6
[2022-04-26T00:11:09.009+0000][8][gc,metaspace] GC(111) Metaspace: 116662K(118464K)->116662K(118464K) NonClass: 101092K(102080K)->101092K(102080K) Class: 15569K(16384K)->15569K(16384K)
[2022-04-26T00:11:09.010+0000][8][gc          ] GC(111) Pause Young (Prepare Mixed) (G1 Evacuation Pause) 401M->167M(512M) 31.220ms
[2022-04-26T00:11:09.011+0000][8][gc,cpu      ] GC(111) User=0.01s Sys=0.00s Real=0.04s
[2022-04-26T00:11:09.012+0000][8][safepoint   ] Safepoint "G1CollectForAllocation", Time since last: 504336751 ns, Reaching safepoint: 300791 ns, At safepoint: 33561417 ns, Total: 33862208 ns
[2022-04-26T00:11:12.211+0000][8][gc,start    ] GC(112) Pause Young (Mixed) (G1 Evacuation Pause)
[2022-04-26T00:11:12.213+0000][8][gc,task     ] GC(112) Using 5 workers of 5 for evacuation
[2022-04-26T00:11:12.215+0000][8][gc,age      ] GC(112) Desired survivor size 2097152 bytes, new threshold 1 (max threshold 15)
[2022-04-26T00:11:12.225+0000][8][gc,age      ] GC(112) Age table with threshold 1 (max threshold 15)
[2022-04-26T00:11:12.226+0000][8][gc,age      ] GC(112) - age   1:      68208 bytes,      68208 total
[2022-04-26T00:11:12.227+0000][8][gc,phases   ] GC(112)   Pre Evacuate Collection Set: 0.4ms
[2022-04-26T00:11:12.228+0000][8][gc,phases   ] GC(112)   Merge Heap Roots: 0.1ms
[2022-04-26T00:11:12.229+0000][8][gc,phases   ] GC(112)   Evacuate Collection Set: 7.2ms
[2022-04-26T00:11:12.230+0000][8][gc,phases   ] GC(112)   Post Evacuate Collection Set: 0.8ms
[2022-04-26T00:11:12.230+0000][8][gc,phases   ] GC(112)   Other: 7.2ms
[2022-04-26T00:11:12.231+0000][8][gc,heap     ] GC(112) Eden regions: 2->0(59)
[2022-04-26T00:11:12.233+0000][8][gc,heap     ] GC(112) Survivor regions: 4->1(1)
[2022-04-26T00:11:12.234+0000][8][gc,heap     ] GC(112) Old regions: 32->34
[2022-04-26T00:11:12.253+0000][8][gc,heap     ] GC(112) Archive regions: 2->2
[2022-04-26T00:11:12.255+0000][8][gc,heap     ] GC(112) Humongous regions: 6->6
[2022-04-26T00:11:12.256+0000][8][gc,metaspace] GC(112) Metaspace: 116662K(118464K)->116662K(118464K) NonClass: 101092K(102080K)->101092K(102080K) Class: 15569K(16384K)->15569K(16384K)
[2022-04-26T00:11:12.257+0000][8][gc          ] GC(112) Pause Young (Mixed) (G1 Evacuation Pause) 175M->162M(512M) 45.435ms
[2022-04-26T00:11:12.258+0000][8][gc,cpu      ] GC(112) User=0.03s Sys=0.00s Real=0.04s
[2022-04-26T00:11:12.259+0000][8][safepoint   ] Safepoint "G1CollectForAllocation", Time since last: 3198987043 ns, Reaching safepoint: 55167 ns, At safepoint: 47760208 ns, Total: 47815375 ns
[2022-04-26T00:11:15.321+0000][8][safepoint   ] Safepoint "Cleanup", Time since last: 3061765627 ns, Reaching safepoint: 154000 ns, At safepoint: 63958 ns, Total: 217958 ns
[2022-04-26T00:11:18.396+0000][8][safepoint   ] Safepoint "Cleanup", Time since last: 3074540501 ns, Reaching safepoint: 374709 ns, At safepoint: 8291 ns, Total: 383000 ns
[2022-04-26T00:11:19.639+0000][8][safepoint   ] Safepoint "Cleanup", Time since last: 1188891959 ns, Reaching safepoint: 54181917 ns, At safepoint: 30250 ns, Total: 54212167 ns
[2022-04-26T00:11:20.827+0000][8][safepoint   ] Safepoint "Cleanup", Time since last: 1187739792 ns, Reaching safepoint: 64625 ns, At safepoint: 3584 ns, Total: 68209 ns
[2022-04-26T00:11:25.263+0000][8][safepoint   ] Safepoint "Cleanup", Time since last: 4425956960 ns, Reaching safepoint: 16654292 ns, At safepoint: 7156375 ns, Total: 23810667 ns
[2022-04-26T00:11:26.351+0000][8][safepoint   ] Safepoint "Cleanup", Time since last: 1080642083 ns, Reaching safepoint: 7845375 ns, At safepoint: 23875 ns, Total: 7869250 ns
[2022-04-26T00:11:28.549+0000][8][safepoint   ] Safepoint "Cleanup", Time since last: 2197414960 ns, Reaching safepoint: 118875 ns, At safepoint: 6042 ns, Total: 124917 ns
[2022-04-26T00:11:32.686+0000][8][safepoint   ] Safepoint "Cleanup", Time since last: 4132195918 ns, Reaching safepoint: 4831667 ns, At safepoint: 61791 ns, Total: 4893458 ns
[2022-04-26T00:11:34.741+0000][8][safepoint   ] Safepoint "Cleanup", Time since last: 2054660501 ns, Reaching safepoint: 125250 ns, At safepoint: 5625 ns, Total: 130875 ns
[2022-04-26T00:11:35.917+0000][8][safepoint   ] Safepoint "Cleanup", Time since last: 1176060959 ns, Reaching safepoint: 80250 ns, At safepoint: 4084 ns, Total: 84334 ns
[2022-04-26T00:11:39.045+0000][8][safepoint   ] Safepoint "Cleanup", Time since last: 3127083001 ns, Reaching safepoint: 685292 ns, At safepoint: 9500 ns, Total: 694792 ns
[2022-04-26T00:11:41.066+0000][8][safepoint   ] Safepoint "Cleanup", Time since last: 2021680417 ns, Reaching safepoint: 97584 ns, At safepoint: 5541 ns, Total: 103125 ns
[2022-04-26T00:11:45.337+0000][8][safepoint   ] Safepoint "Cleanup", Time since last: 4229934669 ns, Reaching safepoint: 40164792 ns, At safepoint: 31292 ns, Total: 40196084 ns
[2022-04-26T00:11:46.395+0000][8][safepoint   ] Safepoint "Cleanup", Time since last: 1057718208 ns, Reaching safepoint: 154250 ns, At safepoint: 5625 ns, Total: 159875 ns
[2022-04-26T00:11:48.735+0000][8][safepoint   ] Safepoint "Cleanup", Time since last: 2340401585 ns, Reaching safepoint: 65916 ns, At safepoint: 3542 ns, Total: 69458 ns
[2022-04-26T00:11:49.811+0000][8][safepoint   ] Safepoint "Cleanup", Time since last: 1055163209 ns, Reaching safepoint: 20579000 ns, At safepoint: 29000 ns, Total: 20608000 ns
[2022-04-26T00:11:51.005+0000][8][safepoint   ] Safepoint "Cleanup", Time since last: 1194055751 ns, Reaching safepoint: 72541 ns, At safepoint: 2667 ns, Total: 75208 ns
[2022-04-26T00:11:53.076+0000][8][safepoint   ] Safepoint "Cleanup", Time since last: 2070780584 ns, Reaching safepoint: 129709 ns, At safepoint: 6583 ns, Total: 136292 ns
[2022-04-26T00:11:54.189+0000][8][safepoint   ] Safepoint "Cleanup", Time since last: 1106785459 ns, Reaching safepoint: 18265291 ns, At safepoint: 35209 ns, Total: 18300500 ns
[2022-04-26T00:11:56.267+0000][8][safepoint   ] Safepoint "Cleanup", Time since last: 2077362417 ns, Reaching safepoint: 100750 ns, At safepoint: 5542 ns, Total: 106292 ns
[2022-04-26T00:11:57.546+0000][8][safepoint   ] Safepoint "Cleanup", Time since last: 1278906792 ns, Reaching safepoint: 68500 ns, At safepoint: 3459 ns, Total: 71959 ns
[2022-04-26T00:11:58.719+0000][8][safepoint   ] Safepoint "Cleanup", Time since last: 1172950584 ns, Reaching safepoint: 212708 ns, At safepoint: 5958 ns, Total: 218666 ns
[2022-04-26T00:11:59.794+0000][8][safepoint   ] Safepoint "Cleanup", Time since last: 1073119459 ns, Reaching safepoint: 2058542 ns, At safepoint: 9333 ns, Total: 2067875 ns
[2022-04-26T00:12:00.934+0000][8][safepoint   ] Safepoint "Cleanup", Time since last: 1139772626 ns, Reaching safepoint: 97916 ns, At safepoint: 6125 ns, Total: 104041 ns
[2022-04-26T00:12:04.971+0000][8][safepoint   ] Safepoint "Cleanup", Time since last: 4037471794 ns, Reaching safepoint: 129666 ns, At safepoint: 6209 ns, Total: 135875 ns
[2022-04-26T00:12:06.056+0000][8][safepoint   ] Safepoint "Cleanup", Time since last: 1083986875 ns, Reaching safepoint: 989584 ns, At safepoint: 21416 ns, Total: 1011000 ns
[2022-04-26T00:12:07.156+0000][8][safepoint   ] Safepoint "Cleanup", Time since last: 1099305876 ns, Reaching safepoint: 93042 ns, At safepoint: 5958 ns, Total: 99000 ns
[2022-04-26T00:12:08.230+0000][8][safepoint   ] Safepoint "Cleanup", Time since last: 1073965500 ns, Reaching safepoint: 121500 ns, At safepoint: 7959 ns, Total: 129459 ns
[2022-04-26T00:12:09.327+0000][8][safepoint   ] Safepoint "Cleanup", Time since last: 1096454542 ns, Reaching safepoint: 137833 ns, At safepoint: 6334 ns, Total: 144167 ns
[2022-04-26T00:12:09.541+0000][8][gc,start    ] GC(113) Pause Young (Normal) (G1 Evacuation Pause)
[2022-04-26T00:12:09.543+0000][8][gc,task     ] GC(113) Using 5 workers of 5 for evacuation
[2022-04-26T00:12:09.544+0000][8][gc,age      ] GC(113) Desired survivor size 16777216 bytes, new threshold 15 (max threshold 15)
[2022-04-26T00:12:09.549+0000][8][gc,age      ] GC(113) Age table with threshold 15 (max threshold 15)
[2022-04-26T00:12:09.550+0000][8][gc,age      ] GC(113) - age   1:    4532776 bytes,    4532776 total
[2022-04-26T00:12:09.551+0000][8][gc,age      ] GC(113) - age   2:      42264 bytes,    4575040 total
[2022-04-26T00:12:09.552+0000][8][gc,phases   ] GC(113)   Pre Evacuate Collection Set: 0.3ms
[2022-04-26T00:12:09.553+0000][8][gc,phases   ] GC(113)   Merge Heap Roots: 0.0ms
[2022-04-26T00:12:09.557+0000][8][gc,phases   ] GC(113)   Evacuate Collection Set: 1.9ms
[2022-04-26T00:12:09.773+0000][8][gc,phases   ] GC(113)   Post Evacuate Collection Set: 1.2ms
[2022-04-26T00:12:09.796+0000][8][gc,phases   ] GC(113)   Other: 7.8ms
[2022-04-26T00:12:09.845+0000][8][gc,heap     ] GC(113) Eden regions: 59->0(58)
[2022-04-26T00:12:09.956+0000][8][gc,heap     ] GC(113) Survivor regions: 1->2(8)
[2022-04-26T00:12:10.113+0000][8][gc,heap     ] GC(113) Old regions: 34->34
[2022-04-26T00:12:10.215+0000][8][gc,heap     ] GC(113) Archive regions: 2->2
[2022-04-26T00:12:10.316+0000][8][gc,heap     ] GC(113) Humongous regions: 6->6
[2022-04-26T00:12:10.378+0000][8][gc,metaspace] GC(113) Metaspace: 116754K(118528K)->116754K(118528K) NonClass: 101185K(102144K)->101185K(102144K) Class: 15569K(16384K)->15569K(16384K)
[2022-04-26T00:12:10.379+0000][8][gc          ] GC(113) Pause Young (Normal) (G1 Evacuation Pause) 398M->166M(512M) 838.231ms
[2022-04-26T00:12:10.465+0000][8][gc,cpu      ] GC(113) User=0.08s Sys=0.04s Real=0.93s
[2022-04-26T00:12:10.580+0000][8][safepoint   ] Safepoint "G1CollectForAllocation", Time since last: 214078166 ns, Reaching safepoint: 394209 ns, At safepoint: 1038987292 ns, Total: 1039381501 ns
[2022-04-26T00:12:11.702+0000][8][safepoint   ] Safepoint "Cleanup", Time since last: 1118068750 ns, Reaching safepoint: 388000 ns, At safepoint: 3705042 ns, Total: 4093042 ns
[2022-04-26T00:12:13.830+0000][8][safepoint   ] Safepoint "Cleanup", Time since last: 2114601584 ns, Reaching safepoint: 12961334 ns, At safepoint: 21875 ns, Total: 12983209 ns
[2022-04-26T00:12:14.963+0000][8][safepoint   ] Safepoint "Cleanup", Time since last: 1133247292 ns, Reaching safepoint: 90708 ns, At safepoint: 5750 ns, Total: 96458 ns
[2022-04-26T00:12:16.057+0000][8][safepoint   ] Safepoint "Cleanup", Time since last: 1094180542 ns, Reaching safepoint: 163667 ns, At safepoint: 10250 ns, Total: 173917 ns
[2022-04-26T00:12:18.174+0000][8][safepoint   ] Safepoint "Cleanup", Time since last: 2116420501 ns, Reaching safepoint: 76292 ns, At safepoint: 3291 ns, Total: 79583 ns
[2022-04-26T00:12:19.275+0000][8][safepoint   ] Safepoint "Cleanup", Time since last: 1100615959 ns, Reaching safepoint: 111709 ns, At safepoint: 5250 ns, Total: 116959 ns
[2022-04-26T00:12:23.380+0000][8][safepoint   ] Safepoint "Cleanup", Time since last: 4107127293 ns, Reaching safepoint: 97916 ns, At safepoint: 5375 ns, Total: 103291 ns
[2022-04-26T00:12:24.769+0000][8][safepoint   ] Safepoint "Cleanup", Time since last: 1389024834 ns, Reaching safepoint: 350834 ns, At safepoint: 7916 ns, Total: 358750 ns
[2022-04-26T00:12:26.920+0000][8][safepoint   ] Safepoint "Cleanup", Time since last: 2149854751 ns, Reaching safepoint: 161542 ns, At safepoint: 362458 ns, Total: 524000 ns
[2022-04-26T00:12:27.988+0000][8][safepoint   ] Safepoint "Cleanup", Time since last: 1067265459 ns, Reaching safepoint: 403542 ns, At safepoint: 392791 ns, Total: 796333 ns
[2022-04-26T00:12:29.023+0000][8][safepoint   ] Safepoint "Cleanup", Time since last: 1034891293 ns, Reaching safepoint: 91000 ns, At safepoint: 3208 ns, Total: 94208 ns
[2022-04-26T00:12:30.168+0000][8][safepoint   ] Safepoint "Cleanup", Time since last: 1126604709 ns, Reaching safepoint: 18222208 ns, At safepoint: 24542 ns, Total: 18246750 ns
[2022-04-26T00:12:31.310+0000][8][safepoint   ] Safepoint "Cleanup", Time since last: 1142110084 ns, Reaching safepoint: 518250 ns, At safepoint: 51041 ns, Total: 569291 ns
[2022-04-26T00:12:34.384+0000][8][safepoint   ] Safepoint "Cleanup", Time since last: 3073155627 ns, Reaching safepoint: 121916 ns, At safepoint: 3709 ns, Total: 125625 ns
[2022-04-26T00:12:36.519+0000][8][safepoint   ] Safepoint "Cleanup", Time since last: 2133360501 ns, Reaching safepoint: 1868291 ns, At safepoint: 9875 ns, Total: 1878166 ns
[2022-04-26T00:12:39.684+0000][8][safepoint   ] Safepoint "Cleanup", Time since last: 3164593085 ns, Reaching safepoint: 107375 ns, At safepoint: 38209 ns, Total: 145584 ns
[2022-04-26T00:12:41.692+0000][8][safepoint   ] Safepoint "Cleanup", Time since last: 2006772667 ns, Reaching safepoint: 1485875 ns, At safepoint: 23000 ns, Total: 1508875 ns
[2022-04-26T00:12:42.757+0000][8][safepoint   ] Safepoint "Cleanup", Time since last: 1064853542 ns, Reaching safepoint: 66542 ns, At safepoint: 3000 ns, Total: 69542 ns
[2022-04-26T00:12:44.856+0000][8][safepoint   ] Safepoint "Cleanup", Time since last: 2098905459 ns, Reaching safepoint: 234209 ns, At safepoint: 5541 ns, Total: 239750 ns
[2022-04-26T00:12:46.931+0000][8][safepoint   ] Safepoint "Cleanup", Time since last: 2075019376 ns, Reaching safepoint: 157292 ns, At safepoint: 5625 ns, Total: 162917 ns
[2022-04-26T00:12:51.035+0000][8][safepoint   ] Safepoint "Cleanup", Time since last: 4103913710 ns, Reaching safepoint: 104334 ns, At safepoint: 5541 ns, Total: 109875 ns
[2022-04-26T00:12:52.072+0000][8][safepoint   ] Safepoint "Cleanup", Time since last: 1036762918 ns, Reaching safepoint: 146125 ns, At safepoint: 6166 ns, Total: 152291 ns
[2022-04-26T00:12:54.247+0000][8][safepoint   ] Safepoint "Cleanup", Time since last: 2143707293 ns, Reaching safepoint: 5685542 ns, At safepoint: 16791 ns, Total: 5702333 ns
[2022-04-26T00:12:56.287+0000][8][safepoint   ] Safepoint "Cleanup", Time since last: 2040379168 ns, Reaching safepoint: 76583 ns, At safepoint: 3542 ns, Total: 80125 ns
[2022-04-26T00:12:57.381+0000][8][safepoint   ] Safepoint "Cleanup", Time since last: 1093681167 ns, Reaching safepoint: 49125 ns, At safepoint: 2958 ns, Total: 52083 ns
[2022-04-26T00:12:58.475+0000][8][safepoint   ] Safepoint "Cleanup", Time since last: 1092670001 ns, Reaching safepoint: 1466625 ns, At safepoint: 40792 ns, Total: 1507417 ns
[2022-04-26T00:12:59.477+0000][8][safepoint   ] Safepoint "Cleanup", Time since last: 1001507667 ns, Reaching safepoint: 72250 ns, At safepoint: 3458 ns, Total: 75708 ns
[2022-04-26T00:13:04.598+0000][8][safepoint   ] Safepoint "Cleanup", Time since last: 5120916377 ns, Reaching safepoint: 115334 ns, At safepoint: 6000 ns, Total: 121334 ns
[2022-04-26T00:13:05.686+0000][8][safepoint   ] Safepoint "Cleanup", Time since last: 1087623917 ns, Reaching safepoint: 110417 ns, At safepoint: 5958 ns, Total: 116375 ns
[2022-04-26T00:13:06.748+0000][8][safepoint   ] Safepoint "Cleanup", Time since last: 1061799084 ns, Reaching safepoint: 342041 ns, At safepoint: 7292 ns, Total: 349333 ns
[2022-04-26T00:13:08.506+0000][8][gc,start    ] GC(114) Pause Young (Normal) (G1 Evacuation Pause)
[2022-04-26T00:13:08.533+0000][8][gc,task     ] GC(114) Using 5 workers of 5 for evacuation
[2022-04-26T00:13:08.547+0000][8][gc,age      ] GC(114) Desired survivor size 16777216 bytes, new threshold 15 (max threshold 15)
[2022-04-26T00:13:08.593+0000][8][gc,age      ] GC(114) Age table with threshold 15 (max threshold 15)
[2022-04-26T00:13:08.594+0000][8][gc,age      ] GC(114) - age   1:    7773672 bytes,    7773672 total
[2022-04-26T00:13:08.595+0000][8][gc,age      ] GC(114) - age   2:    1175304 bytes,    8948976 total
[2022-04-26T00:13:08.597+0000][8][gc,age      ] GC(114) - age   3:      42264 bytes,    8991240 total
[2022-04-26T00:13:08.599+0000][8][gc,phases   ] GC(114)   Pre Evacuate Collection Set: 0.2ms
[2022-04-26T00:13:08.600+0000][8][gc,phases   ] GC(114)   Merge Heap Roots: 0.2ms
[2022-04-26T00:13:08.601+0000][8][gc,phases   ] GC(114)   Evacuate Collection Set: 12.6ms
[2022-04-26T00:13:08.602+0000][8][gc,phases   ] GC(114)   Post Evacuate Collection Set: 0.7ms
[2022-04-26T00:13:08.603+0000][8][gc,phases   ] GC(114)   Other: 79.3ms
[2022-04-26T00:13:08.604+0000][8][gc,heap     ] GC(114) Eden regions: 58->0(57)
[2022-04-26T00:13:08.605+0000][8][gc,heap     ] GC(114) Survivor regions: 2->3(8)
[2022-04-26T00:13:08.606+0000][8][gc,heap     ] GC(114) Old regions: 34->34
[2022-04-26T00:13:08.607+0000][8][gc,heap     ] GC(114) Archive regions: 2->2
[2022-04-26T00:13:08.608+0000][8][gc,heap     ] GC(114) Humongous regions: 6->6
[2022-04-26T00:13:08.609+0000][8][gc,metaspace] GC(114) Metaspace: 116805K(118592K)->116805K(118592K) NonClass: 101235K(102208K)->101235K(102208K) Class: 15569K(16384K)->15569K(16384K)
[2022-04-26T00:13:08.610+0000][8][gc          ] GC(114) Pause Young (Normal) (G1 Evacuation Pause) 398M->170M(512M) 104.228ms
[2022-04-26T00:13:08.611+0000][8][gc,cpu      ] GC(114) User=0.06s Sys=0.01s Real=0.11s
[2022-04-26T00:13:08.613+0000][8][safepoint   ] Safepoint "G1CollectForAllocation", Time since last: 1757779209 ns, Reaching safepoint: 166417 ns, At safepoint: 107137708 ns, Total: 107304125 ns
[2022-04-26T00:13:12.665+0000][8][safepoint   ] Safepoint "Cleanup", Time since last: 4052259711 ns, Reaching safepoint: 127000 ns, At safepoint: 5541 ns, Total: 132541 ns
[2022-04-26T00:13:13.716+0000][8][safepoint   ] Safepoint "Cleanup", Time since last: 1050058542 ns, Reaching safepoint: 175750 ns, At safepoint: 8709 ns, Total: 184459 ns
[2022-04-26T00:13:15.729+0000][8][safepoint   ] Safepoint "Cleanup", Time since last: 2012881251 ns, Reaching safepoint: 64291 ns, At safepoint: 3375 ns, Total: 67666 ns
[2022-04-26T00:13:16.777+0000][8][safepoint   ] Safepoint "Cleanup", Time since last: 1031214126 ns, Reaching safepoint: 17476750 ns, At safepoint: 20375 ns, Total: 17497125 ns
[2022-04-26T00:13:17.823+0000][8][safepoint   ] Safepoint "Cleanup", Time since last: 1044803000 ns, Reaching safepoint: 614500 ns, At safepoint: 60084 ns, Total: 674584 ns
[2022-04-26T00:13:20.892+0000][8][safepoint   ] Safepoint "Cleanup", Time since last: 3068898126 ns, Reaching safepoint: 91375 ns, At safepoint: 5834 ns, Total: 97209 ns
[2022-04-26T00:13:22.030+0000][8][safepoint   ] Safepoint "Cleanup", Time since last: 1101508375 ns, Reaching safepoint: 35569708 ns, At safepoint: 1406917 ns, Total: 36976625 ns
[2022-04-26T00:13:24.130+0000][8][safepoint   ] Safepoint "Cleanup", Time since last: 2051811584 ns, Reaching safepoint: 37570500 ns, At safepoint: 23833 ns, Total: 37594333 ns
[2022-04-26T00:13:25.253+0000][8][safepoint   ] Safepoint "Cleanup", Time since last: 1122650126 ns, Reaching safepoint: 959667 ns, At safepoint: 9916 ns, Total: 969583 ns
[2022-04-26T00:13:26.358+0000][8][safepoint   ] Safepoint "Cleanup", Time since last: 1104343626 ns, Reaching safepoint: 197750 ns, At safepoint: 10417 ns, Total: 208167 ns
[2022-04-26T00:13:29.556+0000][8][safepoint   ] Safepoint "Cleanup", Time since last: 3171621626 ns, Reaching safepoint: 26590750 ns, At safepoint: 36375 ns, Total: 26627125 ns
[2022-04-26T00:13:34.697+0000][8][safepoint   ] Safepoint "Cleanup", Time since last: 5140355711 ns, Reaching safepoint: 445375 ns, At safepoint: 14750 ns, Total: 460125 ns
[2022-04-26T00:13:35.784+0000][8][safepoint   ] Safepoint "Cleanup", Time since last: 1087424750 ns, Reaching safepoint: 134750 ns, At safepoint: 7000 ns, Total: 141750 ns
[2022-04-26T00:13:36.878+0000][8][safepoint   ] Safepoint "Cleanup", Time since last: 1093314334 ns, Reaching safepoint: 106750 ns, At safepoint: 5750 ns, Total: 112500 ns
[2022-04-26T00:13:37.963+0000][8][safepoint   ] Safepoint "Cleanup", Time since last: 1085111917 ns, Reaching safepoint: 200709 ns, At safepoint: 6541 ns, Total: 207250 ns
[2022-04-26T00:13:39.069+0000][8][safepoint   ] Safepoint "Cleanup", Time since last: 1105366084 ns, Reaching safepoint: 94750 ns, At safepoint: 5417 ns, Total: 100167 ns
[2022-04-26T00:13:40.242+0000][8][safepoint   ] Safepoint "Cleanup", Time since last: 1173561167 ns, Reaching safepoint: 72125 ns, At safepoint: 3750 ns, Total: 75875 ns
[2022-04-26T00:13:41.346+0000][8][safepoint   ] Safepoint "Cleanup", Time since last: 1103042042 ns, Reaching safepoint: 679417 ns, At safepoint: 18125 ns, Total: 697542 ns
[2022-04-26T00:13:42.396+0000][8][safepoint   ] Safepoint "Cleanup", Time since last: 1049435750 ns, Reaching safepoint: 92417 ns, At safepoint: 5375 ns, Total: 97792 ns
[2022-04-26T00:13:44.593+0000][8][safepoint   ] Safepoint "Cleanup", Time since last: 2196939293 ns, Reaching safepoint: 144792 ns, At safepoint: 5958 ns, Total: 150750 ns
[2022-04-26T00:13:46.711+0000][8][safepoint   ] Safepoint "Cleanup", Time since last: 2104382543 ns, Reaching safepoint: 13523875 ns, At safepoint: 25458 ns, Total: 13549333 ns
[2022-04-26T00:13:49.813+0000][8][safepoint   ] Safepoint "Cleanup", Time since last: 3097617126 ns, Reaching safepoint: 4509250 ns, At safepoint: 20709 ns, Total: 4529959 ns
[2022-04-26T00:13:51.885+0000][8][safepoint   ] Safepoint "Cleanup", Time since last: 2072493792 ns, Reaching safepoint: 112084 ns, At safepoint: 6375 ns, Total: 118459 ns
[2022-04-26T00:13:54.977+0000][8][safepoint   ] Safepoint "Cleanup", Time since last: 3092912917 ns, Reaching safepoint: 295125 ns, At safepoint: 8292 ns, Total: 303417 ns
[2022-04-26T00:13:57.057+0000][8][safepoint   ] Safepoint "Cleanup", Time since last: 2066644292 ns, Reaching safepoint: 13480584 ns, At safepoint: 17833 ns, Total: 13498417 ns
[2022-04-26T00:13:58.183+0000][8][safepoint   ] Safepoint "Cleanup", Time since last: 1122681334 ns, Reaching safepoint: 2651708 ns, At safepoint: 16667 ns, Total: 2668375 ns
[2022-04-26T00:13:59.311+0000][8][safepoint   ] Safepoint "Cleanup", Time since last: 1127294834 ns, Reaching safepoint: 730458 ns, At safepoint: 8584 ns, Total: 739042 ns
[2022-04-26T00:14:02.464+0000][8][safepoint   ] Safepoint "Cleanup", Time since last: 3152723751 ns, Reaching safepoint: 713667 ns, At safepoint: 6416 ns, Total: 720083 ns
[2022-04-26T00:14:04.547+0000][8][safepoint   ] Safepoint "Cleanup", Time since last: 2082241085 ns, Reaching safepoint: 102041 ns, At safepoint: 5250 ns, Total: 107291 ns
[2022-04-26T00:14:06.601+0000][8][safepoint   ] Safepoint "Cleanup", Time since last: 2054555835 ns, Reaching safepoint: 129666 ns, At safepoint: 5709 ns, Total: 135375 ns
[2022-04-26T00:14:12.841+0000][8][safepoint   ] Safepoint "Cleanup", Time since last: 6210450086 ns, Reaching safepoint: 29537917 ns, At safepoint: 69708 ns, Total: 29607625 ns
[2022-04-26T00:14:14.984+0000][8][safepoint   ] Safepoint "Cleanup", Time since last: 2142391876 ns, Reaching safepoint: 128625 ns, At safepoint: 6000 ns, Total: 134625 ns
[2022-04-26T00:14:15.774+0000][8][gc,start    ] GC(115) Pause Young (Concurrent Start) (G1 Evacuation Pause)
[2022-04-26T00:14:15.862+0000][8][gc,task     ] GC(115) Using 5 workers of 5 for evacuation
[2022-04-26T00:14:15.924+0000][8][gc,age      ] GC(115) Desired survivor size 16777216 bytes, new threshold 15 (max threshold 15)
[2022-04-26T00:14:16.027+0000][8][gc,age      ] GC(115) Age table with threshold 15 (max threshold 15)
[2022-04-26T00:14:16.091+0000][8][gc,age      ] GC(115) - age   1:    2216848 bytes,    2216848 total
[2022-04-26T00:14:16.158+0000][8][gc,age      ] GC(115) - age   2:    6923600 bytes,    9140448 total
[2022-04-26T00:14:16.216+0000][8][gc,age      ] GC(115) - age   3:    1048272 bytes,   10188720 total
[2022-04-26T00:14:16.251+0000][8][gc,age      ] GC(115) - age   4:      42264 bytes,   10230984 total
[2022-04-26T00:14:16.297+0000][8][gc,mmu      ] GC(115) MMU target violated: 201.0ms (200.0ms/201.0ms)
[2022-04-26T00:14:16.320+0000][8][gc,phases   ] GC(115)   Pre Evacuate Collection Set: 2.2ms
[2022-04-26T00:14:16.382+0000][8][gc,phases   ] GC(115)   Merge Heap Roots: 1.0ms
[2022-04-26T00:14:16.425+0000][8][gc,phases   ] GC(115)   Evacuate Collection Set: 70.2ms
[2022-04-26T00:14:16.465+0000][8][gc,phases   ] GC(115)   Post Evacuate Collection Set: 8.3ms
[2022-04-26T00:14:16.467+0000][8][gc,phases   ] GC(115)   Other: 464.5ms
[2022-04-26T00:14:16.544+0000][8][gc,heap     ] GC(115) Eden regions: 57->0(58)
[2022-04-26T00:14:16.550+0000][8][gc,heap     ] GC(115) Survivor regions: 3->3(8)
[2022-04-26T00:14:16.582+0000][8][gc,heap     ] GC(115) Old regions: 34->34
[2022-04-26T00:14:16.612+0000][8][gc,heap     ] GC(115) Archive regions: 2->2
[2022-04-26T00:14:16.634+0000][8][gc,heap     ] GC(115) Humongous regions: 6->6
[2022-04-26T00:14:16.643+0000][8][gc,metaspace] GC(115) Metaspace: 116831K(118592K)->116831K(118592K) NonClass: 101262K(102208K)->101262K(102208K) Class: 15569K(16384K)->15569K(16384K)
[2022-04-26T00:14:16.669+0000][8][gc          ] GC(115) Pause Young (Concurrent Start) (G1 Evacuation Pause) 398M->172M(512M) 895.285ms
[2022-04-26T00:14:16.713+0000][8][gc,cpu      ] GC(115) User=0.19s Sys=0.03s Real=0.94s
[2022-04-26T00:14:16.807+0000][8][safepoint   ] Safepoint "G1CollectForAllocation", Time since last: 789897584 ns, Reaching safepoint: 38750 ns, At safepoint: 1032716959 ns, Total: 1032755709 ns
[2022-04-26T00:14:16.807+0000][8][gc          ] GC(116) Concurrent Mark Cycle
[2022-04-26T00:14:17.072+0000][8][gc,marking  ] GC(116) Concurrent Clear Claimed Marks
[2022-04-26T00:14:17.106+0000][8][gc,marking  ] GC(116) Concurrent Clear Claimed Marks 33.620ms
[2022-04-26T00:14:17.110+0000][8][gc,marking  ] GC(116) Concurrent Scan Root Regions
[2022-04-26T00:14:17.172+0000][8][gc,marking  ] GC(116) Concurrent Scan Root Regions 61.390ms
[2022-04-26T00:14:17.173+0000][8][gc,marking  ] GC(116) Concurrent Mark
[2022-04-26T00:14:17.175+0000][8][gc,marking  ] GC(116) Concurrent Mark From Roots
[2022-04-26T00:14:17.177+0000][8][gc,task     ] GC(116) Using 1 workers of 1 for marking
[2022-04-26T00:14:17.268+0000][8][gc,marking  ] GC(116) Concurrent Mark From Roots 92.770ms
[2022-04-26T00:14:17.271+0000][8][gc,marking  ] GC(116) Concurrent Preclean
[2022-04-26T00:14:17.273+0000][8][gc,marking  ] GC(116) Concurrent Preclean 2.078ms
[2022-04-26T00:14:17.275+0000][8][gc,start    ] GC(116) Pause Remark
[2022-04-26T00:14:17.291+0000][8][gc          ] GC(116) Pause Remark 179M->179M(512M) 15.871ms
[2022-04-26T00:14:17.429+0000][8][gc,cpu      ] GC(116) User=0.10s Sys=0.00s Real=0.16s
[2022-04-26T00:14:17.441+0000][8][safepoint   ] Safepoint "G1Concurrent", Time since last: 467554500 ns, Reaching safepoint: 565416 ns, At safepoint: 166344375 ns, Total: 166909791 ns
[2022-04-26T00:14:17.450+0000][8][gc,marking  ] GC(116) Concurrent Mark 276.641ms
[2022-04-26T00:14:17.641+0000][8][gc,marking  ] GC(116) Concurrent Rebuild Remembered Sets
[2022-04-26T00:14:17.958+0000][8][gc,marking  ] GC(116) Concurrent Rebuild Remembered Sets 317.265ms
[2022-04-26T00:14:18.148+0000][8][gc,start    ] GC(116) Pause Cleanup
[2022-04-26T00:14:18.171+0000][8][gc          ] GC(116) Pause Cleanup 179M->179M(512M) 23.306ms
[2022-04-26T00:14:18.192+0000][8][gc,cpu      ] GC(116) User=0.00s Sys=0.00s Real=0.04s
[2022-04-26T00:14:18.283+0000][8][safepoint   ] Safepoint "G1Concurrent", Time since last: 637302167 ns, Reaching safepoint: 69225417 ns, At safepoint: 135130667 ns, Total: 204356084 ns
[2022-04-26T00:14:18.326+0000][8][gc,marking  ] GC(116) Concurrent Cleanup for Next Mark
[2022-04-26T00:14:18.401+0000][8][gc,marking  ] GC(116) Concurrent Cleanup for Next Mark 75.316ms
[2022-04-26T00:14:18.490+0000][8][gc          ] GC(116) Concurrent Mark Cycle 1683.149ms
[2022-04-26T00:14:19.326+0000][8][safepoint   ] Safepoint "Cleanup", Time since last: 1043206459 ns, Reaching safepoint: 165166 ns, At safepoint: 10459 ns, Total: 175625 ns
[2022-04-26T00:14:25.500+0000][8][safepoint   ] Safepoint "Cleanup", Time since last: 6145250669 ns, Reaching safepoint: 5624958 ns, At safepoint: 16917 ns, Total: 5641875 ns
[2022-04-26T00:14:26.509+0000][8][safepoint   ] Safepoint "Cleanup", Time since last: 1008834542 ns, Reaching safepoint: 132000 ns, At safepoint: 5833 ns, Total: 137833 ns
[2022-04-26T00:14:35.660+0000][8][safepoint   ] Safepoint "Cleanup", Time since last: 9150565963 ns, Reaching safepoint: 134083 ns, At safepoint: 6417 ns, Total: 140500 ns
[2022-04-26T00:14:44.991+0000][8][safepoint   ] Safepoint "Cleanup", Time since last: 9331307963 ns, Reaching safepoint: 182250 ns, At safepoint: 6125 ns, Total: 188375 ns
[2022-04-26T00:14:46.175+0000][8][safepoint   ] Safepoint "Cleanup", Time since last: 1106857250 ns, Reaching safepoint: 43632417 ns, At safepoint: 33496250 ns, Total: 77128667 ns
[2022-04-26T00:14:48.299+0000][8][safepoint   ] Safepoint "Cleanup", Time since last: 2123634293 ns, Reaching safepoint: 121083 ns, At safepoint: 3667 ns, Total: 124750 ns
[2022-04-26T00:14:56.444+0000][8][safepoint   ] Safepoint "Cleanup", Time since last: 8178252795 ns, Reaching safepoint: 122041 ns, At safepoint: 6334 ns, Total: 128375 ns
[2022-04-26T00:14:57.763+0000][8][safepoint   ] Safepoint "Cleanup", Time since last: 1286365084 ns, Reaching safepoint: 30526000 ns, At safepoint: 1902833 ns, Total: 32428833 ns
[2022-04-26T00:14:58.865+0000][8][safepoint   ] Safepoint "Cleanup", Time since last: 1102202751 ns, Reaching safepoint: 180625 ns, At safepoint: 6666 ns, Total: 187291 ns
[2022-04-26T00:15:02.050+0000][8][safepoint   ] Safepoint "Cleanup", Time since last: 3184695043 ns, Reaching safepoint: 59875 ns, At safepoint: 2375 ns, Total: 62250 ns
[2022-04-26T00:15:16.219+0000][8][safepoint   ] Safepoint "Cleanup", Time since last: 14169110549 ns, Reaching safepoint: 64667 ns, At safepoint: 2916 ns, Total: 67583 ns
[2022-04-26T00:15:17.342+0000][8][safepoint   ] Safepoint "Cleanup", Time since last: 1112121376 ns, Reaching safepoint: 10626958 ns, At safepoint: 15458 ns, Total: 10642416 ns
[2022-04-26T00:15:30.818+0000][8][safepoint   ] Safepoint "Cleanup", Time since last: 13475216132 ns, Reaching safepoint: 1251500 ns, At safepoint: 8750 ns, Total: 1260250 ns
[2022-04-26T00:15:31.857+0000][8][safepoint   ] Safepoint "Cleanup", Time since last: 1034044083 ns, Reaching safepoint: 4117459 ns, At safepoint: 12541 ns, Total: 4130000 ns
[2022-04-26T00:15:34.922+0000][8][safepoint   ] Safepoint "Cleanup", Time since last: 3064691627 ns, Reaching safepoint: 461250 ns, At safepoint: 6666 ns, Total: 467916 ns
[2022-04-26T00:15:35.972+0000][8][safepoint   ] Safepoint "Cleanup", Time since last: 1050629584 ns, Reaching safepoint: 79500 ns, At safepoint: 5125 ns, Total: 84625 ns
[2022-04-26T00:15:37.042+0000][8][safepoint   ] Safepoint "Cleanup", Time since last: 1069591876 ns, Reaching safepoint: 102916 ns, At safepoint: 5709 ns, Total: 108625 ns
[2022-04-26T00:15:38.113+0000][8][safepoint   ] Safepoint "Cleanup", Time since last: 1071111084 ns, Reaching safepoint: 103875 ns, At safepoint: 5125 ns, Total: 109000 ns
[2022-04-26T00:15:41.154+0000][8][safepoint   ] Safepoint "Cleanup", Time since last: 3028580751 ns, Reaching safepoint: 11873375 ns, At safepoint: 18292 ns, Total: 11891667 ns
[2022-04-26T00:15:44.194+0000][8][safepoint   ] Safepoint "Cleanup", Time since last: 3039421793 ns, Reaching safepoint: 267292 ns, At safepoint: 83875 ns, Total: 351167 ns
[2022-04-26T00:15:45.202+0000][8][safepoint   ] Safepoint "Cleanup", Time since last: 1007822583 ns, Reaching safepoint: 173209 ns, At safepoint: 6333 ns, Total: 179542 ns
[2022-04-26T00:15:47.670+0000][8][gc,start    ] GC(117) Pause Young (Prepare Mixed) (G1 Evacuation Pause)
[2022-04-26T00:15:47.670+0000][8][gc,task     ] GC(117) Using 5 workers of 5 for evacuation
[2022-04-26T00:15:47.671+0000][8][gc,age      ] GC(117) Desired survivor size 16777216 bytes, new threshold 15 (max threshold 15)
[2022-04-26T00:15:47.685+0000][8][gc,age      ] GC(117) Age table with threshold 15 (max threshold 15)
[2022-04-26T00:15:47.687+0000][8][gc,age      ] GC(117) - age   1:    1420392 bytes,    1420392 total
[2022-04-26T00:15:47.688+0000][8][gc,age      ] GC(117) - age   2:     749456 bytes,    2169848 total
[2022-04-26T00:15:47.691+0000][8][gc,age      ] GC(117) - age   3:    6812992 bytes,    8982840 total
[2022-04-26T00:15:47.693+0000][8][gc,age      ] GC(117) - age   4:    1006608 bytes,    9989448 total
[2022-04-26T00:15:47.694+0000][8][gc,age      ] GC(117) - age   5:      41120 bytes,   10030568 total
[2022-04-26T00:15:47.695+0000][8][gc,phases   ] GC(117)   Pre Evacuate Collection Set: 0.1ms
[2022-04-26T00:15:47.696+0000][8][gc,phases   ] GC(117)   Merge Heap Roots: 0.5ms
[2022-04-26T00:15:47.697+0000][8][gc,phases   ] GC(117)   Evacuate Collection Set: 11.8ms
[2022-04-26T00:15:47.698+0000][8][gc,phases   ] GC(117)   Post Evacuate Collection Set: 1.1ms
[2022-04-26T00:15:47.699+0000][8][gc,phases   ] GC(117)   Other: 11.7ms
[2022-04-26T00:15:47.700+0000][8][gc,heap     ] GC(117) Eden regions: 58->0(3)
[2022-04-26T00:15:47.712+0000][8][gc,heap     ] GC(117) Survivor regions: 3->3(8)
[2022-04-26T00:15:47.739+0000][8][gc,heap     ] GC(117) Old regions: 34->34
[2022-04-26T00:15:47.770+0000][8][gc,heap     ] GC(117) Archive regions: 2->2
[2022-04-26T00:15:47.796+0000][8][gc,heap     ] GC(117) Humongous regions: 6->6
[2022-04-26T00:15:47.816+0000][8][gc,metaspace] GC(117) Metaspace: 116882K(118720K)->116882K(118720K) NonClass: 101312K(102336K)->101312K(102336K) Class: 15569K(16384K)->15569K(16384K)
[2022-04-26T00:15:47.830+0000][8][gc          ] GC(117) Pause Young (Prepare Mixed) (G1 Evacuation Pause) 404M->171M(512M) 160.172ms
[2022-04-26T00:15:47.853+0000][8][gc,cpu      ] GC(117) User=0.05s Sys=0.01s Real=0.18s
[2022-04-26T00:15:47.874+0000][8][safepoint   ] Safepoint "G1CollectForAllocation", Time since last: 2468179168 ns, Reaching safepoint: 98083 ns, At safepoint: 204422334 ns, Total: 204520417 ns
[2022-04-26T00:15:53.430+0000][8][gc,start    ] GC(118) Pause Young (Mixed) (G1 Evacuation Pause)
[2022-04-26T00:15:53.439+0000][8][gc,task     ] GC(118) Using 5 workers of 5 for evacuation
[2022-04-26T00:15:53.459+0000][8][gc,age      ] GC(118) Desired survivor size 2097152 bytes, new threshold 2 (max threshold 15)
[2022-04-26T00:15:53.544+0000][8][gc,age      ] GC(118) Age table with threshold 2 (max threshold 15)
[2022-04-26T00:15:53.566+0000][8][gc,age      ] GC(118) - age   1:     789192 bytes,     789192 total
[2022-04-26T00:15:53.597+0000][8][gc,age      ] GC(118) - age   2:     473792 bytes,    1262984 total
[2022-04-26T00:15:53.623+0000][8][gc,phases   ] GC(118)   Pre Evacuate Collection Set: 0.1ms
[2022-04-26T00:15:53.644+0000][8][gc,phases   ] GC(118)   Merge Heap Roots: 0.1ms
[2022-04-26T00:15:53.655+0000][8][gc,phases   ] GC(118)   Evacuate Collection Set: 81.1ms
[2022-04-26T00:15:53.690+0000][8][gc,phases   ] GC(118)   Post Evacuate Collection Set: 2.1ms
[2022-04-26T00:15:53.758+0000][8][gc,phases   ] GC(118)   Other: 109.4ms
[2022-04-26T00:15:53.800+0000][8][gc,heap     ] GC(118) Eden regions: 3->0(60)
[2022-04-26T00:15:53.835+0000][8][gc,heap     ] GC(118) Survivor regions: 3->1(1)
[2022-04-26T00:15:53.868+0000][8][gc,heap     ] GC(118) Old regions: 34->34
[2022-04-26T00:15:53.900+0000][8][gc,heap     ] GC(118) Archive regions: 2->2
[2022-04-26T00:15:53.914+0000][8][gc,heap     ] GC(118) Humongous regions: 6->6
[2022-04-26T00:15:53.941+0000][8][gc,metaspace] GC(118) Metaspace: 116886K(118720K)->116886K(118720K) NonClass: 101316K(102336K)->101316K(102336K) Class: 15569K(16384K)->15569K(16384K)
[2022-04-26T00:15:53.961+0000][8][gc          ] GC(118) Pause Young (Mixed) (G1 Evacuation Pause) 183M->162M(512M) 522.809ms
[2022-04-26T00:15:53.975+0000][8][gc,cpu      ] GC(118) User=0.18s Sys=0.02s Real=0.54s
[2022-04-26T00:15:53.997+0000][8][safepoint   ] Safepoint "G1CollectForAllocation", Time since last: 5555730127 ns, Reaching safepoint: 112292 ns, At safepoint: 559369542 ns, Total: 559481834 ns
[2022-04-26T00:15:59.113+0000][8][safepoint   ] Safepoint "Cleanup", Time since last: 5073183502 ns, Reaching safepoint: 42149250 ns, At safepoint: 20458 ns, Total: 42169708 ns
[2022-04-26T00:16:08.185+0000][8][safepoint   ] Safepoint "Cleanup", Time since last: 9071735296 ns, Reaching safepoint: 137709 ns, At safepoint: 5791 ns, Total: 143500 ns
[2022-04-26T00:16:10.251+0000][8][safepoint   ] Safepoint "Cleanup", Time since last: 2062083043 ns, Reaching safepoint: 4605042 ns, At safepoint: 21125 ns, Total: 4626167 ns
[2022-04-26T00:16:18.338+0000][8][safepoint   ] Safepoint "Cleanup", Time since last: 8081814129 ns, Reaching safepoint: 5086875 ns, At safepoint: 24666 ns, Total: 5111541 ns
[2022-04-26T00:16:19.373+0000][8][safepoint   ] Safepoint "Cleanup", Time since last: 1034917959 ns, Reaching safepoint: 133042 ns, At safepoint: 5666 ns, Total: 138708 ns
[2022-04-26T00:16:24.429+0000][8][safepoint   ] Safepoint "Cleanup", Time since last: 5068875086 ns, Reaching safepoint: 378792 ns, At safepoint: 8333 ns, Total: 387125 ns
[2022-04-26T00:16:36.547+0000][8][safepoint   ] Safepoint "Cleanup", Time since last: 12118061381 ns, Reaching safepoint: 91167 ns, At safepoint: 5750 ns, Total: 96917 ns
[2022-04-26T00:16:46.682+0000][8][safepoint   ] Safepoint "Cleanup", Time since last: 10134474004 ns, Reaching safepoint: 176792 ns, At safepoint: 6958 ns, Total: 183750 ns
[2022-04-26T00:16:56.765+0000][8][safepoint   ] Safepoint "Cleanup", Time since last: 10082144046 ns, Reaching safepoint: 95958 ns, At safepoint: 64125 ns, Total: 160083 ns
[2022-04-26T00:16:58.813+0000][8][safepoint   ] Safepoint "Cleanup", Time since last: 2047932043 ns, Reaching safepoint: 145917 ns, At safepoint: 6375 ns, Total: 152292 ns
[2022-04-26T00:17:17.953+0000][8][safepoint   ] Safepoint "Cleanup", Time since last: 19128260009 ns, Reaching safepoint: 11827500 ns, At safepoint: 19375 ns, Total: 11846875 ns
[2022-04-26T00:17:24.893+0000][8][gc,start    ] GC(119) Pause Young (Normal) (G1 Evacuation Pause)
[2022-04-26T00:17:24.897+0000][8][gc,task     ] GC(119) Using 5 workers of 5 for evacuation
[2022-04-26T00:17:24.901+0000][8][gc,age      ] GC(119) Desired survivor size 16777216 bytes, new threshold 15 (max threshold 15)
[2022-04-26T00:17:24.921+0000][8][gc,age      ] GC(119) Age table with threshold 15 (max threshold 15)
[2022-04-26T00:17:24.933+0000][8][gc,age      ] GC(119) - age   1:    1220088 bytes,    1220088 total
[2022-04-26T00:17:24.938+0000][8][gc,age      ] GC(119) - age   2:        720 bytes,    1220808 total
[2022-04-26T00:17:24.949+0000][8][gc,age      ] GC(119) - age   3:     135952 bytes,    1356760 total
[2022-04-26T00:17:24.965+0000][8][gc,phases   ] GC(119)   Pre Evacuate Collection Set: 1.1ms
[2022-04-26T00:17:24.970+0000][8][gc,phases   ] GC(119)   Merge Heap Roots: 0.6ms
[2022-04-26T00:17:24.974+0000][8][gc,phases   ] GC(119)   Evacuate Collection Set: 4.0ms
[2022-04-26T00:17:24.980+0000][8][gc,phases   ] GC(119)   Post Evacuate Collection Set: 4.6ms
[2022-04-26T00:17:24.982+0000][8][gc,phases   ] GC(119)   Other: 61.6ms
[2022-04-26T00:17:24.985+0000][8][gc,heap     ] GC(119) Eden regions: 60->0(61)
[2022-04-26T00:17:24.989+0000][8][gc,heap     ] GC(119) Survivor regions: 1->1(8)
[2022-04-26T00:17:24.999+0000][8][gc,heap     ] GC(119) Old regions: 34->34
[2022-04-26T00:17:25.004+0000][8][gc,heap     ] GC(119) Archive regions: 2->2
[2022-04-26T00:17:25.012+0000][8][gc,heap     ] GC(119) Humongous regions: 6->6
[2022-04-26T00:17:25.017+0000][8][gc,metaspace] GC(119) Metaspace: 116928K(118784K)->116928K(118784K) NonClass: 101359K(102400K)->101359K(102400K) Class: 15569K(16384K)->15569K(16384K)
[2022-04-26T00:17:25.021+0000][8][gc          ] GC(119) Pause Young (Normal) (G1 Evacuation Pause) 402M->162M(512M) 127.850ms
[2022-04-26T00:17:25.023+0000][8][gc,cpu      ] GC(119) User=0.02s Sys=0.02s Real=0.13s
[2022-04-26T00:17:25.034+0000][8][safepoint   ] Safepoint "G1CollectForAllocation", Time since last: 6935487669 ns, Reaching safepoint: 1054292 ns, At safepoint: 141210083 ns, Total: 142264375 ns
[2022-04-26T00:17:26.115+0000][8][safepoint   ] Safepoint "Cleanup", Time since last: 1026966834 ns, Reaching safepoint: 54488542 ns, At safepoint: 24750 ns, Total: 54513292 ns
[2022-04-26T00:17:30.230+0000][8][safepoint   ] Safepoint "Cleanup", Time since last: 4078557627 ns, Reaching safepoint: 36112041 ns, At safepoint: 45750 ns, Total: 36157791 ns
[2022-04-26T00:17:31.312+0000][8][safepoint   ] Safepoint "Cleanup", Time since last: 1082271084 ns, Reaching safepoint: 117459 ns, At safepoint: 6083 ns, Total: 123542 ns
[2022-04-26T00:17:33.414+0000][8][safepoint   ] Safepoint "Cleanup", Time since last: 2101058626 ns, Reaching safepoint: 106333 ns, At safepoint: 5625 ns, Total: 111958 ns
[2022-04-26T00:17:44.534+0000][8][safepoint   ] Safepoint "Cleanup", Time since last: 11120706714 ns, Reaching safepoint: 118417 ns, At safepoint: 5625 ns, Total: 124042 ns
[2022-04-26T00:17:45.595+0000][8][safepoint   ] Safepoint "Cleanup", Time since last: 1059226042 ns, Reaching safepoint: 1518291 ns, At safepoint: 7334 ns, Total: 1525625 ns
[2022-04-26T00:18:02.759+0000][8][safepoint   ] Safepoint "Cleanup", Time since last: 17176112257 ns, Reaching safepoint: 100042 ns, At safepoint: 5666 ns, Total: 105708 ns
[2022-04-26T00:18:05.935+0000][8][safepoint   ] Safepoint "Cleanup", Time since last: 3161052627 ns, Reaching safepoint: 15194125 ns, At safepoint: 23083 ns, Total: 15217208 ns
[2022-04-26T00:18:07.217+0000][8][safepoint   ] Safepoint "Cleanup", Time since last: 1106514876 ns, Reaching safepoint: 175755666 ns, At safepoint: 71292 ns, Total: 175826958 ns
[2022-04-26T00:18:12.412+0000][8][safepoint   ] Safepoint "Cleanup", Time since last: 5194320003 ns, Reaching safepoint: 117875 ns, At safepoint: 5875 ns, Total: 123750 ns
[2022-04-26T00:18:13.476+0000][8][safepoint   ] Safepoint "Cleanup", Time since last: 1060732000 ns, Reaching safepoint: 3409708 ns, At safepoint: 12084 ns, Total: 3421792 ns
[2022-04-26T00:18:24.649+0000][8][safepoint   ] Safepoint "Cleanup", Time since last: 11161981255 ns, Reaching safepoint: 174417 ns, At safepoint: 5916 ns, Total: 180333 ns
[2022-04-26T00:18:41.791+0000][8][safepoint   ] Safepoint "Cleanup", Time since last: 17140959967 ns, Reaching safepoint: 1487417 ns, At safepoint: 18458 ns, Total: 1505875 ns
[2022-04-26T00:18:43.879+0000][8][safepoint   ] Safepoint "Cleanup", Time since last: 2014691042 ns, Reaching safepoint: 71864834 ns, At safepoint: 760708 ns, Total: 72625542 ns
[2022-04-26T00:18:45.057+0000][8][safepoint   ] Safepoint "Cleanup", Time since last: 1174611334 ns, Reaching safepoint: 1838875 ns, At safepoint: 2380042 ns, Total: 4218917 ns
[2022-04-26T00:18:46.202+0000][8][safepoint   ] Safepoint "Cleanup", Time since last: 1143992709 ns, Reaching safepoint: 125708 ns, At safepoint: 3750 ns, Total: 129458 ns
[2022-04-26T00:18:47.329+0000][8][safepoint   ] Safepoint "Cleanup", Time since last: 1127843209 ns, Reaching safepoint: 110083 ns, At safepoint: 5500 ns, Total: 115583 ns
[2022-04-26T00:18:48.428+0000][8][safepoint   ] Safepoint "Cleanup", Time since last: 1068226792 ns, Reaching safepoint: 30755542 ns, At safepoint: 18458 ns, Total: 30774000 ns
[2022-04-26T00:18:48.725+0000][8][gc,start    ] GC(120) Pause Young (Normal) (G1 Evacuation Pause)
[2022-04-26T00:18:48.831+0000][8][gc,task     ] GC(120) Using 5 workers of 5 for evacuation
[2022-04-26T00:18:48.911+0000][8][gc,age      ] GC(120) Desired survivor size 16777216 bytes, new threshold 15 (max threshold 15)
[2022-04-26T00:18:49.086+0000][8][gc,age      ] GC(120) Age table with threshold 15 (max threshold 15)
[2022-04-26T00:18:49.193+0000][8][gc,age      ] GC(120) - age   1:    2372272 bytes,    2372272 total
[2022-04-26T00:18:49.224+0000][8][gc,age      ] GC(120) - age   2:     149984 bytes,    2522256 total
[2022-04-26T00:18:49.242+0000][8][gc,age      ] GC(120) - age   3:        368 bytes,    2522624 total
[2022-04-26T00:18:49.245+0000][8][gc,age      ] GC(120) - age   4:       7608 bytes,    2530232 total
[2022-04-26T00:18:49.249+0000][8][gc,mmu      ] GC(120) MMU target violated: 201.0ms (200.0ms/201.0ms)
[2022-04-26T00:18:49.252+0000][8][gc,phases   ] GC(120)   Pre Evacuate Collection Set: 0.2ms
[2022-04-26T00:18:49.254+0000][8][gc,phases   ] GC(120)   Merge Heap Roots: 0.1ms
[2022-04-26T00:18:49.266+0000][8][gc,phases   ] GC(120)   Evacuate Collection Set: 85.2ms
[2022-04-26T00:18:49.282+0000][8][gc,phases   ] GC(120)   Post Evacuate Collection Set: 2.1ms
[2022-04-26T00:18:49.311+0000][8][gc,phases   ] GC(120)   Other: 440.1ms
[2022-04-26T00:18:49.332+0000][8][gc,heap     ] GC(120) Eden regions: 61->0(14)
[2022-04-26T00:18:49.335+0000][8][gc,heap     ] GC(120) Survivor regions: 1->1(8)
[2022-04-26T00:18:49.385+0000][8][gc,heap     ] GC(120) Old regions: 34->34
[2022-04-26T00:18:49.453+0000][8][gc,heap     ] GC(120) Archive regions: 2->2
[2022-04-26T00:18:49.531+0000][8][gc,heap     ] GC(120) Humongous regions: 6->6
[2022-04-26T00:18:49.533+0000][8][gc,metaspace] GC(120) Metaspace: 116992K(118848K)->116992K(118848K) NonClass: 101422K(102464K)->101422K(102464K) Class: 15569K(16384K)->15569K(16384K)
[2022-04-26T00:18:49.563+0000][8][gc          ] GC(120) Pause Young (Normal) (G1 Evacuation Pause) 406M->163M(512M) 837.935ms
[2022-04-26T00:18:49.623+0000][8][gc,cpu      ] GC(120) User=0.53s Sys=0.00s Real=0.90s
[2022-04-26T00:18:49.626+0000][8][safepoint   ] Safepoint "G1CollectForAllocation", Time since last: 295773917 ns, Reaching safepoint: 218625 ns, At safepoint: 901846751 ns, Total: 902065376 ns
[2022-04-26T00:18:50.805+0000][8][safepoint   ] Safepoint "Cleanup", Time since last: 1123192667 ns, Reaching safepoint: 55673083 ns, At safepoint: 18500 ns, Total: 55691583 ns
[2022-04-26T00:18:52.964+0000][8][safepoint   ] Safepoint "Cleanup", Time since last: 2159006960 ns, Reaching safepoint: 132916 ns, At safepoint: 6209 ns, Total: 139125 ns
[2022-04-26T00:18:54.676+0000][8][safepoint   ] Safepoint "Cleanup", Time since last: 1713721041 ns, Reaching safepoint: 847792 ns, At safepoint: 7916 ns, Total: 855708 ns
[2022-04-26T00:18:55.728+0000][8][safepoint   ] Safepoint "Cleanup", Time since last: 1041985876 ns, Reaching safepoint: 7372625 ns, At safepoint: 2679750 ns, Total: 10052375 ns
[2022-04-26T00:18:56.791+0000][8][safepoint   ] Safepoint "Cleanup", Time since last: 1062671209 ns, Reaching safepoint: 145833 ns, At safepoint: 5625 ns, Total: 151458 ns
[2022-04-26T00:18:57.057+0000][8][gc,start    ] GC(121) Pause Young (Concurrent Start) (G1 Evacuation Pause)
[2022-04-26T00:18:57.058+0000][8][gc,task     ] GC(121) Using 5 workers of 5 for evacuation
[2022-04-26T00:18:57.059+0000][8][gc,age      ] GC(121) Desired survivor size 4194304 bytes, new threshold 15 (max threshold 15)
[2022-04-26T00:18:57.063+0000][8][gc,age      ] GC(121) Age table with threshold 15 (max threshold 15)
[2022-04-26T00:18:57.065+0000][8][gc,age      ] GC(121) - age   1:    1303944 bytes,    1303944 total
[2022-04-26T00:18:57.066+0000][8][gc,age      ] GC(121) - age   2:     686600 bytes,    1990544 total
[2022-04-26T00:18:57.067+0000][8][gc,age      ] GC(121) - age   3:     149760 bytes,    2140304 total
[2022-04-26T00:18:57.068+0000][8][gc,age      ] GC(121) - age   4:        272 bytes,    2140576 total
[2022-04-26T00:18:57.101+0000][8][gc,age      ] GC(121) - age   5:       7480 bytes,    2148056 total
[2022-04-26T00:18:57.105+0000][8][gc,phases   ] GC(121)   Pre Evacuate Collection Set: 0.4ms
[2022-04-26T00:18:57.109+0000][8][gc,phases   ] GC(121)   Merge Heap Roots: 0.1ms
[2022-04-26T00:18:57.312+0000][8][gc,phases   ] GC(121)   Evacuate Collection Set: 1.9ms
[2022-04-26T00:18:57.438+0000][8][gc,phases   ] GC(121)   Post Evacuate Collection Set: 1.0ms
[2022-04-26T00:18:57.552+0000][8][gc,phases   ] GC(121)   Other: 45.1ms
[2022-04-26T00:18:57.612+0000][8][gc,heap     ] GC(121) Eden regions: 14->0(62)
[2022-04-26T00:18:57.665+0000][8][gc,heap     ] GC(121) Survivor regions: 1->1(2)
[2022-04-26T00:18:57.730+0000][8][gc,heap     ] GC(121) Old regions: 34->34
[2022-04-26T00:18:57.910+0000][8][gc,heap     ] GC(121) Archive regions: 2->2
[2022-04-26T00:18:58.005+0000][8][gc,heap     ] GC(121) Humongous regions: 6->6
[2022-04-26T00:18:58.019+0000][8][gc,metaspace] GC(121) Metaspace: 116999K(118848K)->116999K(118848K) NonClass: 101430K(102464K)->101430K(102464K) Class: 15569K(16384K)->15569K(16384K)
[2022-04-26T00:18:58.117+0000][8][gc          ] GC(121) Pause Young (Concurrent Start) (G1 Evacuation Pause) 219M->163M(512M) 1060.690ms
[2022-04-26T00:18:58.169+0000][8][gc,cpu      ] GC(121) User=0.04s Sys=0.04s Real=1.12s
[2022-04-26T00:18:58.280+0000][8][gc          ] GC(122) Concurrent Mark Cycle
[2022-04-26T00:18:58.333+0000][8][gc,marking  ] GC(122) Concurrent Clear Claimed Marks
[2022-04-26T00:18:58.384+0000][8][gc,marking  ] GC(122) Concurrent Clear Claimed Marks 50.511ms
[2022-04-26T00:18:58.516+0000][8][gc,marking  ] GC(122) Concurrent Scan Root Regions
[2022-04-26T00:18:58.280+0000][8][safepoint   ] Safepoint "G1CollectForAllocation", Time since last: 265461917 ns, Reaching safepoint: 143333 ns, At safepoint: 1223141126 ns, Total: 1223284459 ns
[2022-04-26T00:18:58.581+0000][8][gc,marking  ] GC(122) Concurrent Scan Root Regions 64.903ms
[2022-04-26T00:18:58.713+0000][8][gc,marking  ] GC(122) Concurrent Mark
[2022-04-26T00:18:58.732+0000][8][gc,marking  ] GC(122) Concurrent Mark From Roots
[2022-04-26T00:18:58.744+0000][8][gc,task     ] GC(122) Using 1 workers of 1 for marking
[2022-04-26T00:18:58.901+0000][8][gc,marking  ] GC(122) Concurrent Mark From Roots 169.069ms
[2022-04-26T00:18:58.902+0000][8][gc,marking  ] GC(122) Concurrent Preclean
[2022-04-26T00:18:58.903+0000][8][gc,marking  ] GC(122) Concurrent Preclean 1.361ms
[2022-04-26T00:18:58.905+0000][8][gc,start    ] GC(122) Pause Remark
[2022-04-26T00:18:58.914+0000][8][gc          ] GC(122) Pause Remark 170M->170M(512M) 8.958ms
[2022-04-26T00:18:58.915+0000][8][gc,cpu      ] GC(122) User=0.03s Sys=0.00s Real=0.01s
[2022-04-26T00:18:58.916+0000][8][safepoint   ] Safepoint "G1Concurrent", Time since last: 624755042 ns, Reaching safepoint: 330125 ns, At safepoint: 11313708 ns, Total: 11643833 ns
[2022-04-26T00:18:58.917+0000][8][gc,marking  ] GC(122) Concurrent Mark 204.721ms
[2022-04-26T00:18:58.918+0000][8][gc,marking  ] GC(122) Concurrent Rebuild Remembered Sets
[2022-04-26T00:18:59.107+0000][8][gc,marking  ] GC(122) Concurrent Rebuild Remembered Sets 188.687ms
[2022-04-26T00:18:59.307+0000][8][gc,start    ] GC(122) Pause Cleanup
[2022-04-26T00:18:59.624+0000][8][gc          ] GC(122) Pause Cleanup 174M->174M(512M) 316.797ms
[2022-04-26T00:18:59.639+0000][8][gc,cpu      ] GC(122) User=0.02s Sys=0.00s Real=0.33s
[2022-04-26T00:18:59.693+0000][8][safepoint   ] Safepoint "G1Concurrent", Time since last: 390488959 ns, Reaching safepoint: 106416 ns, At safepoint: 386534292 ns, Total: 386640708 ns
[2022-04-26T00:18:59.738+0000][8][gc,marking  ] GC(122) Concurrent Cleanup for Next Mark
[2022-04-26T00:18:59.760+0000][8][gc,marking  ] GC(122) Concurrent Cleanup for Next Mark 22.393ms
[2022-04-26T00:18:59.780+0000][8][gc          ] GC(122) Concurrent Mark Cycle 1499.267ms
[2022-04-26T00:19:05.906+0000][8][safepoint   ] Safepoint "Cleanup", Time since last: 6141762461 ns, Reaching safepoint: 71276709 ns, At safepoint: 74916 ns, Total: 71351625 ns
[2022-04-26T00:19:09.066+0000][8][safepoint   ] Safepoint "Cleanup", Time since last: 3145264127 ns, Reaching safepoint: 14167375 ns, At safepoint: 25292 ns, Total: 14192667 ns
[2022-04-26T00:19:10.133+0000][8][safepoint   ] Safepoint "Cleanup", Time since last: 1067066917 ns, Reaching safepoint: 137958 ns, At safepoint: 6125 ns, Total: 144083 ns
[2022-04-26T00:19:16.403+0000][8][safepoint   ] Safepoint "Cleanup", Time since last: 6234090128 ns, Reaching safepoint: 36071708 ns, At safepoint: 29084 ns, Total: 36100792 ns
[2022-04-26T00:19:23.770+0000][8][safepoint   ] Safepoint "Cleanup", Time since last: 7217121545 ns, Reaching safepoint: 137346250 ns, At safepoint: 12741375 ns, Total: 150087625 ns
[2022-04-26T00:19:25.140+0000][8][safepoint   ] Safepoint "Cleanup", Time since last: 1251082875 ns, Reaching safepoint: 104929417 ns, At safepoint: 35084 ns, Total: 104964501 ns
[2022-04-26T00:19:33.405+0000][8][safepoint   ] Safepoint "Cleanup", Time since last: 8262225878 ns, Reaching safepoint: 2161584 ns, At safepoint: 13416 ns, Total: 2175000 ns
[2022-04-26T00:19:36.699+0000][8][safepoint   ] Safepoint "Cleanup", Time since last: 3251311294 ns, Reaching safepoint: 43117500 ns, At safepoint: 35083 ns, Total: 43152583 ns
[2022-04-26T00:19:42.006+0000][8][safepoint   ] Safepoint "Cleanup", Time since last: 5306661294 ns, Reaching safepoint: 147459 ns, At safepoint: 5708 ns, Total: 153167 ns
[2022-04-26T00:19:45.261+0000][8][safepoint   ] Safepoint "Cleanup", Time since last: 3236814918 ns, Reaching safepoint: 18284333 ns, At safepoint: 19000 ns, Total: 18303333 ns
[2022-04-26T00:19:54.896+0000][8][gc,start    ] GC(123) Pause Young (Prepare Mixed) (G1 Evacuation Pause)
[2022-04-26T00:19:54.898+0000][8][gc,task     ] GC(123) Using 5 workers of 5 for evacuation
[2022-04-26T00:19:54.899+0000][8][gc,age      ] GC(123) Desired survivor size 16777216 bytes, new threshold 15 (max threshold 15)
[2022-04-26T00:19:54.905+0000][8][gc,age      ] GC(123) Age table with threshold 15 (max threshold 15)
[2022-04-26T00:19:54.905+0000][8][gc,age      ] GC(123) - age   1:    1363168 bytes,    1363168 total
[2022-04-26T00:19:54.906+0000][8][gc,age      ] GC(123) - age   2:       1120 bytes,    1364288 total
[2022-04-26T00:19:54.907+0000][8][gc,age      ] GC(123) - age   3:      49776 bytes,    1414064 total
[2022-04-26T00:19:54.908+0000][8][gc,age      ] GC(123) - age   4:     148936 bytes,    1563000 total
[2022-04-26T00:19:54.909+0000][8][gc,age      ] GC(123) - age   5:        184 bytes,    1563184 total
[2022-04-26T00:19:54.910+0000][8][gc,age      ] GC(123) - age   6:       7056 bytes,    1570240 total
[2022-04-26T00:19:54.911+0000][8][gc,phases   ] GC(123)   Pre Evacuate Collection Set: 0.1ms
[2022-04-26T00:19:54.912+0000][8][gc,phases   ] GC(123)   Merge Heap Roots: 0.1ms
[2022-04-26T00:19:54.913+0000][8][gc,phases   ] GC(123)   Evacuate Collection Set: 2.8ms
[2022-04-26T00:19:54.914+0000][8][gc,phases   ] GC(123)   Post Evacuate Collection Set: 1.5ms
[2022-04-26T00:19:54.916+0000][8][gc,phases   ] GC(123)   Other: 10.3ms
[2022-04-26T00:19:54.917+0000][8][gc,heap     ] GC(123) Eden regions: 62->0(5)
[2022-04-26T00:19:54.918+0000][8][gc,heap     ] GC(123) Survivor regions: 1->1(8)
[2022-04-26T00:19:54.920+0000][8][gc,heap     ] GC(123) Old regions: 34->34
[2022-04-26T00:19:54.921+0000][8][gc,heap     ] GC(123) Archive regions: 2->2
[2022-04-26T00:19:54.923+0000][8][gc,heap     ] GC(123) Humongous regions: 6->6
[2022-04-26T00:19:54.924+0000][8][gc,metaspace] GC(123) Metaspace: 117023K(118848K)->117023K(118848K) NonClass: 101453K(102464K)->101453K(102464K) Class: 15569K(16384K)->15569K(16384K)
[2022-04-26T00:19:54.926+0000][8][gc          ] GC(123) Pause Young (Prepare Mixed) (G1 Evacuation Pause) 411M->163M(512M) 29.056ms
[2022-04-26T00:19:54.927+0000][8][gc,cpu      ] GC(123) User=0.01s Sys=0.00s Real=0.03s
[2022-04-26T00:19:54.928+0000][8][safepoint   ] Safepoint "G1CollectForAllocation", Time since last: 9662239213 ns, Reaching safepoint: 51792 ns, At safepoint: 31799917 ns, Total: 31851709 ns
[2022-04-26T00:19:55.887+0000][8][gc,start    ] GC(124) Pause Young (Mixed) (G1 Evacuation Pause)
[2022-04-26T00:19:56.094+0000][8][gc,task     ] GC(124) Using 5 workers of 5 for evacuation
[2022-04-26T00:19:56.164+0000][8][gc,age      ] GC(124) Desired survivor size 2097152 bytes, new threshold 15 (max threshold 15)
[2022-04-26T00:19:56.282+0000][8][gc,age      ] GC(124) Age table with threshold 15 (max threshold 15)
[2022-04-26T00:19:56.311+0000][8][gc,age      ] GC(124) - age   1:     788736 bytes,     788736 total
[2022-04-26T00:19:56.329+0000][8][gc,age      ] GC(124) - age   2:    1124608 bytes,    1913344 total
[2022-04-26T00:19:56.387+0000][8][gc,age      ] GC(124) - age   3:        728 bytes,    1914072 total
[2022-04-26T00:19:56.446+0000][8][gc,age      ] GC(124) - age   4:      49776 bytes,    1963848 total
[2022-04-26T00:19:56.488+0000][8][gc,age      ] GC(124) - age   5:     148936 bytes,    2112784 total
[2022-04-26T00:19:56.507+0000][8][gc,age      ] GC(124) - age   6:        184 bytes,    2112968 total
[2022-04-26T00:19:56.509+0000][8][gc,age      ] GC(124) - age   7:       7056 bytes,    2120024 total
[2022-04-26T00:19:56.513+0000][8][gc,mmu      ] GC(124) MMU target violated: 201.0ms (200.0ms/201.0ms)
[2022-04-26T00:19:56.521+0000][8][gc,phases   ] GC(124)   Pre Evacuate Collection Set: 0.2ms
[2022-04-26T00:19:56.525+0000][8][gc,phases   ] GC(124)   Merge Heap Roots: 0.4ms
[2022-04-26T00:19:56.527+0000][8][gc,phases   ] GC(124)   Evacuate Collection Set: 53.4ms
[2022-04-26T00:19:56.528+0000][8][gc,phases   ] GC(124)   Post Evacuate Collection Set: 1.3ms
[2022-04-26T00:19:56.529+0000][8][gc,phases   ] GC(124)   Other: 578.6ms
[2022-04-26T00:19:56.530+0000][8][gc,heap     ] GC(124) Eden regions: 5->0(5)
[2022-04-26T00:19:56.531+0000][8][gc,heap     ] GC(124) Survivor regions: 1->1(1)
[2022-04-26T00:19:56.532+0000][8][gc,heap     ] GC(124) Old regions: 34->33
[2022-04-26T00:19:56.533+0000][8][gc,heap     ] GC(124) Archive regions: 2->2
[2022-04-26T00:19:56.534+0000][8][gc,heap     ] GC(124) Humongous regions: 6->6
[2022-04-26T00:19:56.535+0000][8][gc,metaspace] GC(124) Metaspace: 117023K(118848K)->117023K(118848K) NonClass: 101453K(102464K)->101453K(102464K) Class: 15569K(16384K)->15569K(16384K)
[2022-04-26T00:19:56.536+0000][8][gc          ] GC(124) Pause Young (Mixed) (G1 Evacuation Pause) 183M->160M(512M) 648.668ms
[2022-04-26T00:19:56.537+0000][8][gc,cpu      ] GC(124) User=0.17s Sys=0.05s Real=0.65s
[2022-04-26T00:19:56.538+0000][8][safepoint   ] Safepoint "G1CollectForAllocation", Time since last: 959200458 ns, Reaching safepoint: 69334 ns, At safepoint: 650222083 ns, Total: 650291417 ns
[2022-04-26T00:20:04.745+0000][8][safepoint   ] Safepoint "Cleanup", Time since last: 8207754129 ns, Reaching safepoint: 63167 ns, At safepoint: 3333 ns, Total: 66500 ns
[2022-04-26T00:20:04.843+0000][8][gc,start    ] GC(125) Pause Young (Normal) (G1 Evacuation Pause)
[2022-04-26T00:20:04.845+0000][8][gc,task     ] GC(125) Using 5 workers of 5 for evacuation
[2022-04-26T00:20:04.846+0000][8][gc,age      ] GC(125) Desired survivor size 2097152 bytes, new threshold 5 (max threshold 15)
[2022-04-26T00:20:04.849+0000][8][gc,age      ] GC(125) Age table with threshold 5 (max threshold 15)
[2022-04-26T00:20:04.851+0000][8][gc,age      ] GC(125) - age   1:     666176 bytes,     666176 total
[2022-04-26T00:20:04.853+0000][8][gc,age      ] GC(125) - age   2:     248720 bytes,     914896 total
[2022-04-26T00:20:04.854+0000][8][gc,age      ] GC(125) - age   3:     731424 bytes,    1646320 total
[2022-04-26T00:20:04.855+0000][8][gc,age      ] GC(125) - age   4:        696 bytes,    1647016 total
[2022-04-26T00:20:04.856+0000][8][gc,age      ] GC(125) - age   5:      49464 bytes,    1696480 total
[2022-04-26T00:20:04.858+0000][8][gc,phases   ] GC(125)   Pre Evacuate Collection Set: 0.1ms
[2022-04-26T00:20:04.859+0000][8][gc,phases   ] GC(125)   Merge Heap Roots: 0.0ms
[2022-04-26T00:20:04.860+0000][8][gc,phases   ] GC(125)   Evacuate Collection Set: 1.8ms
[2022-04-26T00:20:04.861+0000][8][gc,phases   ] GC(125)   Post Evacuate Collection Set: 0.7ms
[2022-04-26T00:20:04.862+0000][8][gc,phases   ] GC(125)   Other: 12.4ms
[2022-04-26T00:20:04.864+0000][8][gc,heap     ] GC(125) Eden regions: 5->0(63)
[2022-04-26T00:20:04.865+0000][8][gc,heap     ] GC(125) Survivor regions: 1->1(1)
[2022-04-26T00:20:04.866+0000][8][gc,heap     ] GC(125) Old regions: 33->33
[2022-04-26T00:20:04.866+0000][8][gc,heap     ] GC(125) Archive regions: 2->2
[2022-04-26T00:20:04.867+0000][8][gc,heap     ] GC(125) Humongous regions: 6->6
[2022-04-26T00:20:04.868+0000][8][gc,metaspace] GC(125) Metaspace: 117035K(118848K)->117035K(118848K) NonClass: 101465K(102464K)->101465K(102464K) Class: 15569K(16384K)->15569K(16384K)
[2022-04-26T00:20:04.869+0000][8][gc          ] GC(125) Pause Young (Normal) (G1 Evacuation Pause) 180M->160M(512M) 26.008ms
[2022-04-26T00:20:04.870+0000][8][gc,cpu      ] GC(125) User=0.01s Sys=0.00s Real=0.03s
[2022-04-26T00:20:04.872+0000][8][safepoint   ] Safepoint "G1CollectForAllocation", Time since last: 97367792 ns, Reaching safepoint: 73833 ns, At safepoint: 29516667 ns, Total: 29590500 ns
[2022-04-26T00:20:11.926+0000][8][safepoint   ] Safepoint "Cleanup", Time since last: 7004339753 ns, Reaching safepoint: 49376625 ns, At safepoint: 21500 ns, Total: 49398125 ns
[2022-04-26T00:20:14.149+0000][8][safepoint   ] Safepoint "Cleanup", Time since last: 2118643876 ns, Reaching safepoint: 104071876 ns, At safepoint: 22291 ns, Total: 104094167 ns
[2022-04-26T00:20:19.300+0000][8][safepoint   ] Safepoint "Cleanup", Time since last: 5150889378 ns, Reaching safepoint: 107416 ns, At safepoint: 6000 ns, Total: 113416 ns
[2022-04-26T00:20:20.538+0000][8][safepoint   ] Safepoint "Cleanup", Time since last: 1187559584 ns, Reaching safepoint: 50362834 ns, At safepoint: 30083 ns, Total: 50392917 ns
[2022-04-26T00:20:28.938+0000][8][safepoint   ] Safepoint "Cleanup", Time since last: 8154252045 ns, Reaching safepoint: 224028250 ns, At safepoint: 100333 ns, Total: 224128583 ns
[2022-04-26T00:20:30.027+0000][8][safepoint   ] Safepoint "Cleanup", Time since last: 1088611584 ns, Reaching safepoint: 103917 ns, At safepoint: 5791 ns, Total: 109708 ns
[2022-04-26T00:20:32.062+0000][8][safepoint   ] Safepoint "Cleanup", Time since last: 2034854501 ns, Reaching safepoint: 90959 ns, At safepoint: 5708 ns, Total: 96667 ns
[2022-04-26T00:20:36.180+0000][8][safepoint   ] Safepoint "Cleanup", Time since last: 4102590960 ns, Reaching safepoint: 15489167 ns, At safepoint: 35542 ns, Total: 15524709 ns
[2022-04-26T00:20:37.233+0000][8][safepoint   ] Safepoint "Cleanup", Time since last: 1052940500 ns, Reaching safepoint: 173000 ns, At safepoint: 5875 ns, Total: 178875 ns
[2022-04-26T00:20:38.310+0000][8][safepoint   ] Safepoint "Cleanup", Time since last: 1072296251 ns, Reaching safepoint: 4555166 ns, At safepoint: 13375 ns, Total: 4568541 ns
[2022-04-26T00:20:42.493+0000][8][safepoint   ] Safepoint "Cleanup", Time since last: 4171137252 ns, Reaching safepoint: 11688542 ns, At safepoint: 21625 ns, Total: 11710167 ns
[2022-04-26T00:20:46.052+0000][8][safepoint   ] Safepoint "Cleanup", Time since last: 3558890377 ns, Reaching safepoint: 97458 ns, At safepoint: 5417 ns, Total: 102875 ns
[2022-04-26T00:20:57.287+0000][8][safepoint   ] Safepoint "Cleanup", Time since last: 11245152213 ns, Reaching safepoint: 90000 ns, At safepoint: 4709 ns, Total: 94709 ns
[2022-04-26T00:21:14.572+0000][8][safepoint   ] Safepoint "Cleanup", Time since last: 17284952008 ns, Reaching safepoint: 281167 ns, At safepoint: 50291 ns, Total: 331458 ns
[2022-04-26T00:21:27.667+0000][8][safepoint   ] Safepoint "Cleanup", Time since last: 13095062006 ns, Reaching safepoint: 191375 ns, At safepoint: 6250 ns, Total: 197625 ns
[2022-04-26T00:21:30.694+0000][8][safepoint   ] Safepoint "Cleanup", Time since last: 3026857668 ns, Reaching safepoint: 162959 ns, At safepoint: 9875 ns, Total: 172834 ns
[2022-04-26T00:21:35.731+0000][8][gc,start    ] GC(126) Pause Young (Normal) (G1 Evacuation Pause)
[2022-04-26T00:21:35.751+0000][8][gc,task     ] GC(126) Using 5 workers of 5 for evacuation
[2022-04-26T00:21:35.789+0000][8][gc,age      ] GC(126) Desired survivor size 16777216 bytes, new threshold 15 (max threshold 15)
[2022-04-26T00:21:35.876+0000][8][gc,age      ] GC(126) Age table with threshold 15 (max threshold 15)
[2022-04-26T00:21:35.902+0000][8][gc,age      ] GC(126) - age   1:    1988920 bytes,    1988920 total
[2022-04-26T00:21:35.925+0000][8][gc,age      ] GC(126) - age   2:        664 bytes,    1989584 total
[2022-04-26T00:21:35.963+0000][8][gc,age      ] GC(126) - age   3:       1280 bytes,    1990864 total
[2022-04-26T00:21:35.986+0000][8][gc,age      ] GC(126) - age   4:     146520 bytes,    2137384 total
[2022-04-26T00:21:35.999+0000][8][gc,age      ] GC(126) - age   5:        504 bytes,    2137888 total
[2022-04-26T00:21:36.044+0000][8][gc,age      ] GC(126) - age   6:      26408 bytes,    2164296 total
[2022-04-26T00:21:36.071+0000][8][gc,mmu      ] GC(126) MMU target violated: 201.0ms (200.0ms/201.0ms)
[2022-04-26T00:21:36.100+0000][8][gc,phases   ] GC(126)   Pre Evacuate Collection Set: 0.2ms
[2022-04-26T00:21:36.131+0000][8][gc,phases   ] GC(126)   Merge Heap Roots: 2.5ms
[2022-04-26T00:21:36.151+0000][8][gc,phases   ] GC(126)   Evacuate Collection Set: 24.8ms
[2022-04-26T00:21:36.167+0000][8][gc,phases   ] GC(126)   Post Evacuate Collection Set: 21.0ms
[2022-04-26T00:21:36.192+0000][8][gc,phases   ] GC(126)   Other: 319.9ms
[2022-04-26T00:21:36.213+0000][8][gc,heap     ] GC(126) Eden regions: 63->0(5)
[2022-04-26T00:21:36.257+0000][8][gc,heap     ] GC(126) Survivor regions: 1->1(8)
[2022-04-26T00:21:36.276+0000][8][gc,heap     ] GC(126) Old regions: 33->33
[2022-04-26T00:21:36.300+0000][8][gc,heap     ] GC(126) Archive regions: 2->2
[2022-04-26T00:21:36.345+0000][8][gc,heap     ] GC(126) Humongous regions: 6->6
[2022-04-26T00:21:36.369+0000][8][gc,metaspace] GC(126) Metaspace: 117082K(118912K)->117082K(118912K) NonClass: 101512K(102528K)->101512K(102528K) Class: 15569K(16384K)->15569K(16384K)
[2022-04-26T00:21:36.392+0000][8][gc          ] GC(126) Pause Young (Normal) (G1 Evacuation Pause) 412M->160M(512M) 660.501ms
[2022-04-26T00:21:36.410+0000][8][gc,cpu      ] GC(126) User=0.11s Sys=0.04s Real=0.68s
[2022-04-26T00:21:36.462+0000][8][safepoint   ] Safepoint "G1CollectForAllocation", Time since last: 5033698002 ns, Reaching safepoint: 3516583 ns, At safepoint: 731306459 ns, Total: 734823042 ns
[2022-04-26T00:21:37.520+0000][8][safepoint   ] Safepoint "Cleanup", Time since last: 1034944334 ns, Reaching safepoint: 22722542 ns, At safepoint: 43791 ns, Total: 22766333 ns
[2022-04-26T00:21:41.324+0000][8][gc,start    ] GC(127) Pause Young (Concurrent Start) (G1 Evacuation Pause)
[2022-04-26T00:21:41.343+0000][8][gc,task     ] GC(127) Using 5 workers of 5 for evacuation
[2022-04-26T00:21:41.362+0000][8][gc,age      ] GC(127) Desired survivor size 2097152 bytes, new threshold 4 (max threshold 15)
[2022-04-26T00:21:41.416+0000][8][gc,age      ] GC(127) Age table with threshold 4 (max threshold 15)
[2022-04-26T00:21:41.454+0000][8][gc,age      ] GC(127) - age   1:     280696 bytes,     280696 total
[2022-04-26T00:21:41.474+0000][8][gc,age      ] GC(127) - age   2:    1138392 bytes,    1419088 total
[2022-04-26T00:21:41.497+0000][8][gc,age      ] GC(127) - age   3:        664 bytes,    1419752 total
[2022-04-26T00:21:41.507+0000][8][gc,age      ] GC(127) - age   4:       1280 bytes,    1421032 total
[2022-04-26T00:21:41.556+0000][8][gc,phases   ] GC(127)   Pre Evacuate Collection Set: 0.4ms
[2022-04-26T00:21:41.579+0000][8][gc,phases   ] GC(127)   Merge Heap Roots: 0.1ms
[2022-04-26T00:21:41.613+0000][8][gc,phases   ] GC(127)   Evacuate Collection Set: 25.1ms
[2022-04-26T00:21:41.643+0000][8][gc,phases   ] GC(127)   Post Evacuate Collection Set: 1.8ms
[2022-04-26T00:21:41.707+0000][8][gc,phases   ] GC(127)   Other: 204.9ms
[2022-04-26T00:21:41.761+0000][8][gc,heap     ] GC(127) Eden regions: 5->0(5)
[2022-04-26T00:21:41.782+0000][8][gc,heap     ] GC(127) Survivor regions: 1->1(1)
[2022-04-26T00:21:41.811+0000][8][gc,heap     ] GC(127) Old regions: 33->33
[2022-04-26T00:21:41.829+0000][8][gc,heap     ] GC(127) Archive regions: 2->2
[2022-04-26T00:21:41.847+0000][8][gc,heap     ] GC(127) Humongous regions: 6->6
[2022-04-26T00:21:41.854+0000][8][gc,metaspace] GC(127) Metaspace: 117084K(118912K)->117084K(118912K) NonClass: 101515K(102528K)->101515K(102528K) Class: 15569K(16384K)->15569K(16384K)
[2022-04-26T00:21:41.862+0000][8][gc          ] GC(127) Pause Young (Concurrent Start) (G1 Evacuation Pause) 180M->160M(512M) 537.377ms
[2022-04-26T00:21:41.899+0000][8][gc,cpu      ] GC(127) User=0.12s Sys=0.02s Real=0.58s
[2022-04-26T00:21:41.921+0000][8][gc          ] GC(128) Concurrent Mark Cycle
[2022-04-26T00:21:41.966+0000][8][gc,marking  ] GC(128) Concurrent Clear Claimed Marks
[2022-04-26T00:21:41.923+0000][8][safepoint   ] Safepoint "G1CollectForAllocation", Time since last: 3803956877 ns, Reaching safepoint: 88375 ns, At safepoint: 599273000 ns, Total: 599361375 ns
[2022-04-26T00:21:42.009+0000][8][gc,marking  ] GC(128) Concurrent Clear Claimed Marks 42.897ms
[2022-04-26T00:21:42.059+0000][8][gc,marking  ] GC(128) Concurrent Scan Root Regions
[2022-04-26T00:21:42.131+0000][8][gc,marking  ] GC(128) Concurrent Scan Root Regions 71.683ms
[2022-04-26T00:21:42.210+0000][8][gc,marking  ] GC(128) Concurrent Mark
[2022-04-26T00:21:42.211+0000][8][gc,marking  ] GC(128) Concurrent Mark From Roots
[2022-04-26T00:21:42.212+0000][8][gc,task     ] GC(128) Using 1 workers of 1 for marking
[2022-04-26T00:21:42.654+0000][8][gc,marking  ] GC(128) Concurrent Mark From Roots 442.336ms
[2022-04-26T00:21:42.683+0000][8][gc,marking  ] GC(128) Concurrent Preclean
[2022-04-26T00:21:42.727+0000][8][gc,marking  ] GC(128) Concurrent Preclean 44.093ms
[2022-04-26T00:21:42.777+0000][8][gc,start    ] GC(128) Pause Remark
[2022-04-26T00:21:42.864+0000][8][gc          ] GC(128) Pause Remark 164M->160M(512M) 86.203ms
[2022-04-26T00:21:42.874+0000][8][gc,cpu      ] GC(128) User=0.19s Sys=0.00s Real=0.09s
[2022-04-26T00:21:42.888+0000][8][safepoint   ] Safepoint "G1Concurrent", Time since last: 853793084 ns, Reaching safepoint: 102375 ns, At safepoint: 111096000 ns, Total: 111198375 ns
[2022-04-26T00:21:42.914+0000][8][gc,marking  ] GC(128) Concurrent Mark 703.493ms
[2022-04-26T00:21:42.940+0000][8][gc,marking  ] GC(128) Concurrent Rebuild Remembered Sets
[2022-04-26T00:21:43.139+0000][8][gc,marking  ] GC(128) Concurrent Rebuild Remembered Sets 199.013ms
[2022-04-26T00:21:43.173+0000][8][gc,start    ] GC(128) Pause Cleanup
[2022-04-26T00:21:43.202+0000][8][gc          ] GC(128) Pause Cleanup 160M->160M(512M) 28.854ms
[2022-04-26T00:21:43.214+0000][8][gc,cpu      ] GC(128) User=0.01s Sys=0.00s Real=0.04s
[2022-04-26T00:21:43.237+0000][8][safepoint   ] Safepoint "G1Concurrent", Time since last: 284365750 ns, Reaching safepoint: 330792 ns, At safepoint: 63909417 ns, Total: 64240209 ns
[2022-04-26T00:21:43.287+0000][8][gc,marking  ] GC(128) Concurrent Cleanup for Next Mark
[2022-04-26T00:21:43.321+0000][8][gc,marking  ] GC(128) Concurrent Cleanup for Next Mark 33.979ms
[2022-04-26T00:21:43.391+0000][8][gc          ] GC(128) Concurrent Mark Cycle 1470.647ms
[2022-04-26T00:21:49.031+0000][8][gc,start    ] GC(129) Pause Young (Prepare Mixed) (G1 Evacuation Pause)
[2022-04-26T00:21:49.032+0000][8][gc,task     ] GC(129) Using 5 workers of 5 for evacuation
[2022-04-26T00:21:49.041+0000][8][gc,age      ] GC(129) Desired survivor size 2097152 bytes, new threshold 15 (max threshold 15)
[2022-04-26T00:21:49.051+0000][8][gc,age      ] GC(129) Age table with threshold 15 (max threshold 15)
[2022-04-26T00:21:49.052+0000][8][gc,age      ] GC(129) - age   1:    1007784 bytes,    1007784 total
[2022-04-26T00:21:49.053+0000][8][gc,age      ] GC(129) - age   2:      98712 bytes,    1106496 total
[2022-04-26T00:21:49.054+0000][8][gc,age      ] GC(129) - age   3:     243360 bytes,    1349856 total
[2022-04-26T00:21:49.056+0000][8][gc,age      ] GC(129) - age   4:        496 bytes,    1350352 total
[2022-04-26T00:21:49.057+0000][8][gc,age      ] GC(129) - age   5:       1280 bytes,    1351632 total
[2022-04-26T00:21:49.077+0000][8][gc,phases   ] GC(129)   Pre Evacuate Collection Set: 0.2ms
[2022-04-26T00:21:49.149+0000][8][gc,phases   ] GC(129)   Merge Heap Roots: 0.5ms
[2022-04-26T00:21:49.178+0000][8][gc,phases   ] GC(129)   Evacuate Collection Set: 1.6ms
[2022-04-26T00:21:49.198+0000][8][gc,phases   ] GC(129)   Post Evacuate Collection Set: 1.2ms
[2022-04-26T00:21:49.242+0000][8][gc,phases   ] GC(129)   Other: 42.8ms
[2022-04-26T00:21:49.261+0000][8][gc,heap     ] GC(129) Eden regions: 5->0(5)
[2022-04-26T00:21:49.291+0000][8][gc,heap     ] GC(129) Survivor regions: 1->1(1)
[2022-04-26T00:21:49.337+0000][8][gc,heap     ] GC(129) Old regions: 32->32
[2022-04-26T00:21:49.357+0000][8][gc,heap     ] GC(129) Archive regions: 2->2
[2022-04-26T00:21:49.384+0000][8][gc,heap     ] GC(129) Humongous regions: 6->6
[2022-04-26T00:21:49.418+0000][8][gc,metaspace] GC(129) Metaspace: 117090K(118912K)->117090K(118912K) NonClass: 101521K(102528K)->101521K(102528K) Class: 15569K(16384K)->15569K(16384K)
[2022-04-26T00:21:49.440+0000][8][gc          ] GC(129) Pause Young (Prepare Mixed) (G1 Evacuation Pause) 175M->156M(512M) 409.393ms
[2022-04-26T00:21:49.474+0000][8][gc,cpu      ] GC(129) User=0.05s Sys=0.03s Real=0.44s
[2022-04-26T00:21:49.520+0000][8][safepoint   ] Safepoint "G1CollectForAllocation", Time since last: 5793557711 ns, Reaching safepoint: 144166 ns, At safepoint: 489354084 ns, Total: 489498250 ns
[2022-04-26T00:21:55.580+0000][8][safepoint   ] Safepoint "Cleanup", Time since last: 6052132585 ns, Reaching safepoint: 84042 ns, At safepoint: 4416 ns, Total: 88458 ns
[2022-04-26T00:21:56.585+0000][8][safepoint   ] Safepoint "Cleanup", Time since last: 1005014084 ns, Reaching safepoint: 453209 ns, At safepoint: 8458 ns, Total: 461667 ns
[2022-04-26T00:21:57.264+0000][8][gc,start    ] GC(130) Pause Young (Mixed) (G1 Evacuation Pause)
[2022-04-26T00:21:57.264+0000][8][gc,task     ] GC(130) Using 5 workers of 5 for evacuation
[2022-04-26T00:21:57.265+0000][8][gc,age      ] GC(130) Desired survivor size 2097152 bytes, new threshold 15 (max threshold 15)
[2022-04-26T00:21:57.269+0000][8][gc,age      ] GC(130) Age table with threshold 15 (max threshold 15)
[2022-04-26T00:21:57.270+0000][8][gc,age      ] GC(130) - age   1:     716640 bytes,     716640 total
[2022-04-26T00:21:57.271+0000][8][gc,age      ] GC(130) - age   2:     224392 bytes,     941032 total
[2022-04-26T00:21:57.272+0000][8][gc,age      ] GC(130) - age   3:      98504 bytes,    1039536 total
[2022-04-26T00:21:57.272+0000][8][gc,age      ] GC(130) - age   4:     241592 bytes,    1281128 total
[2022-04-26T00:21:57.273+0000][8][gc,age      ] GC(130) - age   5:        496 bytes,    1281624 total
[2022-04-26T00:21:57.274+0000][8][gc,age      ] GC(130) - age   6:       1280 bytes,    1282904 total
[2022-04-26T00:21:57.274+0000][8][gc,phases   ] GC(130)   Pre Evacuate Collection Set: 0.4ms
[2022-04-26T00:21:57.275+0000][8][gc,phases   ] GC(130)   Merge Heap Roots: 0.1ms
[2022-04-26T00:21:57.275+0000][8][gc,phases   ] GC(130)   Evacuate Collection Set: 2.2ms
[2022-04-26T00:21:57.276+0000][8][gc,phases   ] GC(130)   Post Evacuate Collection Set: 0.9ms
[2022-04-26T00:21:57.277+0000][8][gc,phases   ] GC(130)   Other: 7.0ms
[2022-04-26T00:21:57.277+0000][8][gc,heap     ] GC(130) Eden regions: 5->0(67)
[2022-04-26T00:21:57.278+0000][8][gc,heap     ] GC(130) Survivor regions: 1->1(1)
[2022-04-26T00:21:57.280+0000][8][gc,heap     ] GC(130) Old regions: 32->28
[2022-04-26T00:21:57.280+0000][8][gc,heap     ] GC(130) Archive regions: 2->2
[2022-04-26T00:21:57.281+0000][8][gc,heap     ] GC(130) Humongous regions: 6->6
[2022-04-26T00:21:57.282+0000][8][gc,metaspace] GC(130) Metaspace: 117092K(118912K)->117092K(118912K) NonClass: 101522K(102528K)->101522K(102528K) Class: 15569K(16384K)->15569K(16384K)
[2022-04-26T00:21:57.283+0000][8][gc          ] GC(130) Pause Young (Mixed) (G1 Evacuation Pause) 176M->140M(512M) 19.400ms
[2022-04-26T00:21:57.284+0000][8][gc,cpu      ] GC(130) User=0.01s Sys=0.00s Real=0.02s
[2022-04-26T00:21:57.284+0000][8][safepoint   ] Safepoint "G1CollectForAllocation", Time since last: 678444667 ns, Reaching safepoint: 92250 ns, At safepoint: 20692000 ns, Total: 20784250 ns
[2022-04-26T00:22:16.470+0000][8][safepoint   ] Safepoint "Cleanup", Time since last: 19182182759 ns, Reaching safepoint: 3651417 ns, At safepoint: 15541 ns, Total: 3666958 ns
[2022-04-26T00:22:22.647+0000][8][safepoint   ] Safepoint "Cleanup", Time since last: 6170968378 ns, Reaching safepoint: 6134875 ns, At safepoint: 18167 ns, Total: 6153042 ns
[2022-04-26T00:22:44.797+0000][8][safepoint   ] Safepoint "Cleanup", Time since last: 22146753677 ns, Reaching safepoint: 2446083 ns, At safepoint: 13000 ns, Total: 2459083 ns
[2022-04-26T00:22:45.877+0000][8][safepoint   ] Safepoint "Cleanup", Time since last: 1079251876 ns, Reaching safepoint: 109166 ns, At safepoint: 5917 ns, Total: 115083 ns
[2022-04-26T00:22:46.999+0000][8][safepoint   ] Safepoint "Cleanup", Time since last: 1122274626 ns, Reaching safepoint: 147583 ns, At safepoint: 6250 ns, Total: 153833 ns
[2022-04-26T00:22:50.030+0000][8][safepoint   ] Safepoint "Cleanup", Time since last: 3030214918 ns, Reaching safepoint: 115833 ns, At safepoint: 5709 ns, Total: 121542 ns
[2022-04-26T00:22:52.118+0000][8][safepoint   ] Safepoint "Cleanup", Time since last: 2088388584 ns, Reaching safepoint: 235917 ns, At safepoint: 5041 ns, Total: 240958 ns
[2022-04-26T00:22:54.213+0000][8][safepoint   ] Safepoint "Cleanup", Time since last: 2017990710 ns, Reaching safepoint: 76646083 ns, At safepoint: 55875 ns, Total: 76701958 ns
[2022-04-26T00:23:04.407+0000][8][safepoint   ] Safepoint "Cleanup", Time since last: 10168661838 ns, Reaching safepoint: 194416 ns, At safepoint: 5250 ns, Total: 199666 ns
[2022-04-26T00:23:09.486+0000][8][safepoint   ] Safepoint "Cleanup", Time since last: 5079345586 ns, Reaching safepoint: 243875 ns, At safepoint: 6792 ns, Total: 250667 ns
[2022-04-26T00:23:10.584+0000][8][safepoint   ] Safepoint "Cleanup", Time since last: 1079843917 ns, Reaching safepoint: 18128833 ns, At safepoint: 14750 ns, Total: 18143583 ns
[2022-04-26T00:23:30.911+0000][8][safepoint   ] Safepoint "Cleanup", Time since last: 20326388468 ns, Reaching safepoint: 26695083 ns, At safepoint: 20000 ns, Total: 26715083 ns
[2022-04-26T00:23:34.171+0000][8][safepoint   ] Safepoint "Cleanup", Time since last: 3235886210 ns, Reaching safepoint: 23675500 ns, At safepoint: 320125 ns, Total: 23995625 ns
[2022-04-26T00:23:38.881+0000][8][gc,start    ] GC(131) Pause Young (Normal) (G1 Evacuation Pause)
[2022-04-26T00:23:38.883+0000][8][gc,task     ] GC(131) Using 5 workers of 5 for evacuation
[2022-04-26T00:23:38.884+0000][8][gc,age      ] GC(131) Desired survivor size 18874368 bytes, new threshold 15 (max threshold 15)
[2022-04-26T00:23:38.889+0000][8][gc,age      ] GC(131) Age table with threshold 15 (max threshold 15)
[2022-04-26T00:23:38.891+0000][8][gc,age      ] GC(131) - age   1:    1949808 bytes,    1949808 total
[2022-04-26T00:23:38.892+0000][8][gc,age      ] GC(131) - age   2:        352 bytes,    1950160 total
[2022-04-26T00:23:38.893+0000][8][gc,age      ] GC(131) - age   3:       1728 bytes,    1951888 total
[2022-04-26T00:23:38.894+0000][8][gc,age      ] GC(131) - age   4:        328 bytes,    1952216 total
[2022-04-26T00:23:38.896+0000][8][gc,age      ] GC(131) - age   5:     103696 bytes,    2055912 total
[2022-04-26T00:23:38.994+0000][8][gc,age      ] GC(131) - age   7:       1280 bytes,    2057192 total
[2022-04-26T00:23:39.174+0000][8][gc,mmu      ] GC(131) MMU target violated: 201.0ms (200.0ms/201.0ms)
[2022-04-26T00:23:39.206+0000][8][gc,phases   ] GC(131)   Pre Evacuate Collection Set: 0.3ms
[2022-04-26T00:23:39.223+0000][8][gc,phases   ] GC(131)   Merge Heap Roots: 0.1ms
[2022-04-26T00:23:39.231+0000][8][gc,phases   ] GC(131)   Evacuate Collection Set: 1.9ms
[2022-04-26T00:23:39.237+0000][8][gc,phases   ] GC(131)   Post Evacuate Collection Set: 1.3ms
[2022-04-26T00:23:39.263+0000][8][gc,phases   ] GC(131)   Other: 321.6ms
[2022-04-26T00:23:39.379+0000][8][gc,heap     ] GC(131) Eden regions: 67->0(5)
[2022-04-26T00:23:39.478+0000][8][gc,heap     ] GC(131) Survivor regions: 1->1(9)
[2022-04-26T00:23:39.550+0000][8][gc,heap     ] GC(131) Old regions: 28->28
[2022-04-26T00:23:39.574+0000][8][gc,heap     ] GC(131) Archive regions: 2->2
[2022-04-26T00:23:39.631+0000][8][gc,heap     ] GC(131) Humongous regions: 6->6
[2022-04-26T00:23:39.669+0000][8][gc,metaspace] GC(131) Metaspace: 117166K(118976K)->117166K(118976K) NonClass: 101596K(102592K)->101596K(102592K) Class: 15569K(16384K)->15569K(16384K)
[2022-04-26T00:23:39.673+0000][8][gc          ] GC(131) Pause Young (Normal) (G1 Evacuation Pause) 408M->141M(512M) 791.561ms
[2022-04-26T00:23:39.698+0000][8][gc,cpu      ] GC(131) User=0.07s Sys=0.03s Real=0.82s
[2022-04-26T00:23:39.705+0000][8][safepoint   ] Safepoint "G1CollectForAllocation", Time since last: 4709864460 ns, Reaching safepoint: 59834 ns, At safepoint: 823735000 ns, Total: 823794834 ns
[2022-04-26T00:23:42.878+0000][8][safepoint   ] Safepoint "Cleanup", Time since last: 3172838627 ns, Reaching safepoint: 95583 ns, At safepoint: 4417 ns, Total: 100000 ns
[2022-04-26T00:23:44.961+0000][8][safepoint   ] Safepoint "Cleanup", Time since last: 2082468501 ns, Reaching safepoint: 413750 ns, At safepoint: 19833 ns, Total: 433583 ns
[2022-04-26T00:23:46.074+0000][8][safepoint   ] Safepoint "Cleanup", Time since last: 1113520250 ns, Reaching safepoint: 86125 ns, At safepoint: 3834 ns, Total: 89959 ns
[2022-04-26T00:23:48.997+0000][8][gc,start    ] GC(132) Pause Young (Normal) (G1 Evacuation Pause)
[2022-04-26T00:23:48.998+0000][8][gc,task     ] GC(132) Using 5 workers of 5 for evacuation
[2022-04-26T00:23:48.999+0000][8][gc,age      ] GC(132) Desired survivor size 2097152 bytes, new threshold 15 (max threshold 15)
[2022-04-26T00:23:49.013+0000][8][gc,age      ] GC(132) Age table with threshold 15 (max threshold 15)
[2022-04-26T00:23:49.133+0000][8][gc,age      ] GC(132) - age   1:    1068552 bytes,    1068552 total
[2022-04-26T00:23:49.241+0000][8][gc,age      ] GC(132) - age   2:     504736 bytes,    1573288 total
[2022-04-26T00:23:49.309+0000][8][gc,age      ] GC(132) - age   3:        320 bytes,    1573608 total
[2022-04-26T00:23:49.353+0000][8][gc,age      ] GC(132) - age   4:       1728 bytes,    1575336 total
[2022-04-26T00:23:49.372+0000][8][gc,age      ] GC(132) - age   5:        328 bytes,    1575664 total
[2022-04-26T00:23:49.437+0000][8][gc,age      ] GC(132) - age   6:     103216 bytes,    1678880 total
[2022-04-26T00:23:49.458+0000][8][gc,age      ] GC(132) - age   8:       1280 bytes,    1680160 total
[2022-04-26T00:23:49.471+0000][8][gc,mmu      ] GC(132) MMU target violated: 201.0ms (200.0ms/201.0ms)
[2022-04-26T00:23:49.540+0000][8][gc,phases   ] GC(132)   Pre Evacuate Collection Set: 0.1ms
[2022-04-26T00:23:49.635+0000][8][gc,phases   ] GC(132)   Merge Heap Roots: 0.1ms
[2022-04-26T00:23:49.709+0000][8][gc,phases   ] GC(132)   Evacuate Collection Set: 1.8ms
[2022-04-26T00:23:49.757+0000][8][gc,phases   ] GC(132)   Post Evacuate Collection Set: 11.0ms
[2022-04-26T00:23:49.800+0000][8][gc,phases   ] GC(132)   Other: 530.1ms
[2022-04-26T00:23:49.825+0000][8][gc,heap     ] GC(132) Eden regions: 5->0(5)
[2022-04-26T00:23:49.848+0000][8][gc,heap     ] GC(132) Survivor regions: 1->1(1)
[2022-04-26T00:23:49.896+0000][8][gc,heap     ] GC(132) Old regions: 28->28
[2022-04-26T00:23:49.919+0000][8][gc,heap     ] GC(132) Archive regions: 2->2
[2022-04-26T00:23:49.934+0000][8][gc,heap     ] GC(132) Humongous regions: 6->6
[2022-04-26T00:23:50.033+0000][8][gc,metaspace] GC(132) Metaspace: 117173K(118976K)->117173K(118976K) NonClass: 101604K(102592K)->101604K(102592K) Class: 15569K(16384K)->15569K(16384K)
[2022-04-26T00:23:50.042+0000][8][gc          ] GC(132) Pause Young (Normal) (G1 Evacuation Pause) 161M->141M(512M) 1045.045ms
[2022-04-26T00:23:50.070+0000][8][gc,cpu      ] GC(132) User=0.08s Sys=0.07s Real=1.07s
[2022-04-26T00:23:50.112+0000][8][safepoint   ] Safepoint "G1CollectForAllocation", Time since last: 2922280959 ns, Reaching safepoint: 216667 ns, At safepoint: 1115047084 ns, Total: 1115263751 ns
[2022-04-26T00:23:51.214+0000][8][safepoint   ] Safepoint "Cleanup", Time since last: 1095979542 ns, Reaching safepoint: 6661125 ns, At safepoint: 18417 ns, Total: 6679542 ns
[2022-04-26T00:23:53.918+0000][8][gc,start    ] GC(133) Pause Young (Normal) (G1 Evacuation Pause)
[2022-04-26T00:23:53.919+0000][8][gc,task     ] GC(133) Using 5 workers of 5 for evacuation
[2022-04-26T00:23:53.920+0000][8][gc,age      ] GC(133) Desired survivor size 2097152 bytes, new threshold 15 (max threshold 15)
[2022-04-26T00:23:53.923+0000][8][gc,age      ] GC(133) Age table with threshold 15 (max threshold 15)
[2022-04-26T00:23:53.924+0000][8][gc,age      ] GC(133) - age   1:     764360 bytes,     764360 total
[2022-04-26T00:23:53.925+0000][8][gc,age      ] GC(133) - age   2:     360352 bytes,    1124712 total
[2022-04-26T00:23:53.927+0000][8][gc,age      ] GC(133) - age   3:     503248 bytes,    1627960 total
[2022-04-26T00:23:53.928+0000][8][gc,age      ] GC(133) - age   4:        320 bytes,    1628280 total
[2022-04-26T00:23:53.929+0000][8][gc,age      ] GC(133) - age   5:       1728 bytes,    1630008 total
[2022-04-26T00:23:53.930+0000][8][gc,age      ] GC(133) - age   6:        328 bytes,    1630336 total
[2022-04-26T00:23:53.931+0000][8][gc,age      ] GC(133) - age   7:     103216 bytes,    1733552 total
[2022-04-26T00:23:53.932+0000][8][gc,age      ] GC(133) - age   9:       1280 bytes,    1734832 total
[2022-04-26T00:23:53.933+0000][8][gc,phases   ] GC(133)   Pre Evacuate Collection Set: 0.1ms
[2022-04-26T00:23:53.934+0000][8][gc,phases   ] GC(133)   Merge Heap Roots: 0.0ms
[2022-04-26T00:23:53.935+0000][8][gc,phases   ] GC(133)   Evacuate Collection Set: 1.2ms
[2022-04-26T00:23:53.936+0000][8][gc,phases   ] GC(133)   Post Evacuate Collection Set: 0.6ms
[2022-04-26T00:23:53.937+0000][8][gc,phases   ] GC(133)   Other: 13.4ms
[2022-04-26T00:23:53.938+0000][8][gc,heap     ] GC(133) Eden regions: 5->0(5)
[2022-04-26T00:23:53.938+0000][8][gc,heap     ] GC(133) Survivor regions: 1->1(1)
[2022-04-26T00:23:53.940+0000][8][gc,heap     ] GC(133) Old regions: 28->28
[2022-04-26T00:23:53.941+0000][8][gc,heap     ] GC(133) Archive regions: 2->2
[2022-04-26T00:23:53.943+0000][8][gc,heap     ] GC(133) Humongous regions: 6->6
[2022-04-26T00:23:53.946+0000][8][gc,metaspace] GC(133) Metaspace: 117174K(118976K)->117174K(118976K) NonClass: 101604K(102592K)->101604K(102592K) Class: 15569K(16384K)->15569K(16384K)
[2022-04-26T00:23:53.952+0000][8][gc          ] GC(133) Pause Young (Normal) (G1 Evacuation Pause) 161M->141M(512M) 34.431ms
[2022-04-26T00:23:53.955+0000][8][gc,cpu      ] GC(133) User=0.01s Sys=0.01s Real=0.04s
[2022-04-26T00:23:53.956+0000][8][safepoint   ] Safepoint "G1CollectForAllocation", Time since last: 2703320210 ns, Reaching safepoint: 65958 ns, At safepoint: 37898750 ns, Total: 37964708 ns
[2022-04-26T00:24:00.795+0000][8][gc,start    ] GC(134) Pause Young (Normal) (G1 Evacuation Pause)
[2022-04-26T00:24:00.797+0000][8][gc,task     ] GC(134) Using 5 workers of 5 for evacuation
[2022-04-26T00:24:00.798+0000][8][gc,age      ] GC(134) Desired survivor size 2097152 bytes, new threshold 15 (max threshold 15)
[2022-04-26T00:24:00.801+0000][8][gc,age      ] GC(134) Age table with threshold 15 (max threshold 15)
[2022-04-26T00:24:00.802+0000][8][gc,age      ] GC(134) - age   1:     728848 bytes,     728848 total
[2022-04-26T00:24:00.803+0000][8][gc,age      ] GC(134) - age   2:     147256 bytes,     876104 total
[2022-04-26T00:24:00.805+0000][8][gc,age      ] GC(134) - age   3:     358176 bytes,    1234280 total
[2022-04-26T00:24:00.807+0000][8][gc,age      ] GC(134) - age   4:     501856 bytes,    1736136 total
[2022-04-26T00:24:00.809+0000][8][gc,age      ] GC(134) - age   5:        320 bytes,    1736456 total
[2022-04-26T00:24:00.809+0000][8][gc,age      ] GC(134) - age   6:       1664 bytes,    1738120 total
[2022-04-26T00:24:00.810+0000][8][gc,age      ] GC(134) - age   7:        328 bytes,    1738448 total
[2022-04-26T00:24:00.811+0000][8][gc,age      ] GC(134) - age   8:     103152 bytes,    1841600 total
[2022-04-26T00:24:00.812+0000][8][gc,age      ] GC(134) - age  10:       1280 bytes,    1842880 total
[2022-04-26T00:24:00.813+0000][8][gc,phases   ] GC(134)   Pre Evacuate Collection Set: 0.4ms
[2022-04-26T00:24:00.814+0000][8][gc,phases   ] GC(134)   Merge Heap Roots: 0.1ms
[2022-04-26T00:24:00.815+0000][8][gc,phases   ] GC(134)   Evacuate Collection Set: 1.0ms
[2022-04-26T00:24:00.817+0000][8][gc,phases   ] GC(134)   Post Evacuate Collection Set: 0.7ms
[2022-04-26T00:24:00.817+0000][8][gc,phases   ] GC(134)   Other: 15.8ms
[2022-04-26T00:24:00.818+0000][8][gc,heap     ] GC(134) Eden regions: 5->0(5)
[2022-04-26T00:24:00.819+0000][8][gc,heap     ] GC(134) Survivor regions: 1->1(1)
[2022-04-26T00:24:00.820+0000][8][gc,heap     ] GC(134) Old regions: 28->28
[2022-04-26T00:24:00.821+0000][8][gc,heap     ] GC(134) Archive regions: 2->2
[2022-04-26T00:24:00.822+0000][8][gc,heap     ] GC(134) Humongous regions: 6->6
[2022-04-26T00:24:00.823+0000][8][gc,metaspace] GC(134) Metaspace: 117176K(118976K)->117176K(118976K) NonClass: 101606K(102592K)->101606K(102592K) Class: 15569K(16384K)->15569K(16384K)
[2022-04-26T00:24:00.824+0000][8][gc          ] GC(134) Pause Young (Normal) (G1 Evacuation Pause) 161M->141M(512M) 28.643ms
[2022-04-26T00:24:00.825+0000][8][gc,cpu      ] GC(134) User=0.01s Sys=0.00s Real=0.04s
[2022-04-26T00:24:00.826+0000][8][safepoint   ] Safepoint "G1CollectForAllocation", Time since last: 6837951128 ns, Reaching safepoint: 66541 ns, At safepoint: 31021792 ns, Total: 31088333 ns
[2022-04-26T00:24:04.419+0000][8][gc,start    ] GC(135) Pause Young (Normal) (G1 Evacuation Pause)
[2022-04-26T00:24:04.419+0000][8][gc,task     ] GC(135) Using 5 workers of 5 for evacuation
[2022-04-26T00:24:04.420+0000][8][gc,age      ] GC(135) Desired survivor size 2097152 bytes, new threshold 15 (max threshold 15)
[2022-04-26T00:24:04.424+0000][8][gc,age      ] GC(135) Age table with threshold 15 (max threshold 15)
[2022-04-26T00:24:04.437+0000][8][gc,age      ] GC(135) - age   1:     689792 bytes,     689792 total
[2022-04-26T00:24:04.440+0000][8][gc,age      ] GC(135) - age   2:     226656 bytes,     916448 total
[2022-04-26T00:24:04.441+0000][8][gc,age      ] GC(135) - age   3:     147256 bytes,    1063704 total
[2022-04-26T00:24:04.442+0000][8][gc,age      ] GC(135) - age   4:     358112 bytes,    1421816 total
[2022-04-26T00:24:04.445+0000][8][gc,age      ] GC(135) - age   5:     500200 bytes,    1922016 total
[2022-04-26T00:24:04.446+0000][8][gc,age      ] GC(135) - age   6:        320 bytes,    1922336 total
[2022-04-26T00:24:04.447+0000][8][gc,age      ] GC(135) - age   7:       1664 bytes,    1924000 total
[2022-04-26T00:24:04.449+0000][8][gc,age      ] GC(135) - age   8:        328 bytes,    1924328 total
[2022-04-26T00:24:04.450+0000][8][gc,age      ] GC(135) - age   9:     103024 bytes,    2027352 total
[2022-04-26T00:24:04.451+0000][8][gc,age      ] GC(135) - age  11:       1280 bytes,    2028632 total
[2022-04-26T00:24:04.453+0000][8][gc,phases   ] GC(135)   Pre Evacuate Collection Set: 0.4ms
[2022-04-26T00:24:04.454+0000][8][gc,phases   ] GC(135)   Merge Heap Roots: 0.1ms
[2022-04-26T00:24:04.480+0000][8][gc,phases   ] GC(135)   Evacuate Collection Set: 1.4ms
[2022-04-26T00:24:04.510+0000][8][gc,phases   ] GC(135)   Post Evacuate Collection Set: 0.8ms
[2022-04-26T00:24:04.540+0000][8][gc,phases   ] GC(135)   Other: 31.3ms
[2022-04-26T00:24:04.566+0000][8][gc,heap     ] GC(135) Eden regions: 5->0(66)
[2022-04-26T00:24:04.584+0000][8][gc,heap     ] GC(135) Survivor regions: 1->1(1)
[2022-04-26T00:24:04.621+0000][8][gc,heap     ] GC(135) Old regions: 28->28
[2022-04-26T00:24:04.643+0000][8][gc,heap     ] GC(135) Archive regions: 2->2
[2022-04-26T00:24:04.680+0000][8][gc,heap     ] GC(135) Humongous regions: 6->6
[2022-04-26T00:24:04.739+0000][8][gc,metaspace] GC(135) Metaspace: 117176K(118976K)->117176K(118976K) NonClass: 101606K(102592K)->101606K(102592K) Class: 15569K(16384K)->15569K(16384K)
[2022-04-26T00:24:04.779+0000][8][gc          ] GC(135) Pause Young (Normal) (G1 Evacuation Pause) 161M->141M(512M) 359.875ms
[2022-04-26T00:24:04.790+0000][8][gc,cpu      ] GC(135) User=0.01s Sys=0.02s Real=0.37s
[2022-04-26T00:24:04.806+0000][8][safepoint   ] Safepoint "G1CollectForAllocation", Time since last: 3592437543 ns, Reaching safepoint: 46959 ns, At safepoint: 387687542 ns, Total: 387734501 ns
[2022-04-26T00:24:05.827+0000][8][safepoint   ] Safepoint "Cleanup", Time since last: 1020480292 ns, Reaching safepoint: 134167 ns, At safepoint: 6833 ns, Total: 141000 ns
[2022-04-26T00:24:10.911+0000][8][safepoint   ] Safepoint "Cleanup", Time since last: 5074640044 ns, Reaching safepoint: 8925875 ns, At safepoint: 19042 ns, Total: 8944917 ns
[2022-04-26T00:24:45.082+0000][8][safepoint   ] Safepoint "Cleanup", Time since last: 34177678515 ns, Reaching safepoint: 109750 ns, At safepoint: 5292 ns, Total: 115042 ns
[2022-04-26T00:25:01.216+0000][8][safepoint   ] Safepoint "Cleanup", Time since last: 16138265465 ns, Reaching safepoint: 28848667 ns, At safepoint: 29417 ns, Total: 28878084 ns
[2022-04-26T00:25:19.338+0000][8][safepoint   ] Safepoint "Cleanup", Time since last: 18120840758 ns, Reaching safepoint: 630334 ns, At safepoint: 8125 ns, Total: 638459 ns
[2022-04-26T00:25:42.644+0000][8][gc,start    ] GC(136) Pause Young (Normal) (G1 Evacuation Pause)
[2022-04-26T00:25:42.683+0000][8][gc,task     ] GC(136) Using 5 workers of 5 for evacuation
[2022-04-26T00:25:42.704+0000][8][gc,age      ] GC(136) Desired survivor size 18874368 bytes, new threshold 15 (max threshold 15)
[2022-04-26T00:25:42.788+0000][8][gc,age      ] GC(136) Age table with threshold 15 (max threshold 15)
[2022-04-26T00:25:42.823+0000][8][gc,age      ] GC(136) - age   1:    1175904 bytes,    1175904 total
[2022-04-26T00:25:42.834+0000][8][gc,age      ] GC(136) - age   2:       1872 bytes,    1177776 total
[2022-04-26T00:25:42.878+0000][8][gc,age      ] GC(136) - age   3:        384 bytes,    1178160 total
[2022-04-26T00:25:42.990+0000][8][gc,age      ] GC(136) - age   4:        128 bytes,    1178288 total
[2022-04-26T00:25:43.084+0000][8][gc,age      ] GC(136) - age   5:      26320 bytes,    1204608 total
[2022-04-26T00:25:43.096+0000][8][gc,age      ] GC(136) - age   6:      14672 bytes,    1219280 total
[2022-04-26T00:25:43.119+0000][8][gc,age      ] GC(136) - age   7:        224 bytes,    1219504 total
[2022-04-26T00:25:43.131+0000][8][gc,age      ] GC(136) - age   8:       1344 bytes,    1220848 total
[2022-04-26T00:25:43.162+0000][8][gc,age      ] GC(136) - age   9:        328 bytes,    1221176 total
[2022-04-26T00:25:43.236+0000][8][gc,age      ] GC(136) - age  10:     102320 bytes,    1323496 total
[2022-04-26T00:25:43.317+0000][8][gc,age      ] GC(136) - age  12:       1280 bytes,    1324776 total
[2022-04-26T00:25:43.340+0000][8][gc,mmu      ] GC(136) MMU target violated: 201.0ms (200.0ms/201.0ms)
[2022-04-26T00:25:43.371+0000][8][gc,phases   ] GC(136)   Pre Evacuate Collection Set: 0.2ms
[2022-04-26T00:25:43.404+0000][8][gc,phases   ] GC(136)   Merge Heap Roots: 0.2ms
[2022-04-26T00:25:43.408+0000][8][gc,phases   ] GC(136)   Evacuate Collection Set: 47.7ms
[2022-04-26T00:25:43.410+0000][8][gc,phases   ] GC(136)   Post Evacuate Collection Set: 21.0ms
[2022-04-26T00:25:43.423+0000][8][gc,phases   ] GC(136)   Other: 657.5ms
[2022-04-26T00:25:43.429+0000][8][gc,heap     ] GC(136) Eden regions: 66->0(5)
[2022-04-26T00:25:43.470+0000][8][gc,heap     ] GC(136) Survivor regions: 1->1(9)
[2022-04-26T00:25:43.499+0000][8][gc,heap     ] GC(136) Old regions: 28->28
[2022-04-26T00:25:43.512+0000][8][gc,heap     ] GC(136) Archive regions: 2->2
[2022-04-26T00:25:43.587+0000][8][gc,heap     ] GC(136) Humongous regions: 6->6
[2022-04-26T00:25:43.683+0000][8][gc,metaspace] GC(136) Metaspace: 117202K(118976K)->117202K(118976K) NonClass: 101632K(102592K)->101632K(102592K) Class: 15569K(16384K)->15569K(16384K)
[2022-04-26T00:25:43.714+0000][8][gc          ] GC(136) Pause Young (Normal) (G1 Evacuation Pause) 405M->140M(512M) 1069.712ms
[2022-04-26T00:25:43.772+0000][8][gc,cpu      ] GC(136) User=0.22s Sys=0.09s Real=1.13s
[2022-04-26T00:25:43.775+0000][8][safepoint   ] Safepoint "G1CollectForAllocation", Time since last: 23262250094 ns, Reaching safepoint: 128625 ns, At safepoint: 1130594751 ns, Total: 1130723376 ns
[2022-04-26T00:25:44.877+0000][8][safepoint   ] Safepoint "Cleanup", Time since last: 1102194750 ns, Reaching safepoint: 116833 ns, At safepoint: 5834 ns, Total: 122667 ns
[2022-04-26T00:25:45.964+0000][8][safepoint   ] Safepoint "Cleanup", Time since last: 1086848167 ns, Reaching safepoint: 162208 ns, At safepoint: 5959 ns, Total: 168167 ns
[2022-04-26T00:25:49.068+0000][8][gc,start    ] GC(137) Pause Young (Concurrent Start) (G1 Evacuation Pause)
[2022-04-26T00:25:49.069+0000][8][gc,task     ] GC(137) Using 5 workers of 5 for evacuation
[2022-04-26T00:25:49.069+0000][8][gc,age      ] GC(137) Desired survivor size 2097152 bytes, new threshold 15 (max threshold 15)
[2022-04-26T00:25:49.073+0000][8][gc,age      ] GC(137) Age table with threshold 15 (max threshold 15)
[2022-04-26T00:25:49.074+0000][8][gc,age      ] GC(137) - age   1:     861624 bytes,     861624 total
[2022-04-26T00:25:49.075+0000][8][gc,age      ] GC(137) - age   2:     841280 bytes,    1702904 total
[2022-04-26T00:25:49.075+0000][8][gc,age      ] GC(137) - age   3:       1808 bytes,    1704712 total
[2022-04-26T00:25:49.077+0000][8][gc,age      ] GC(137) - age   4:        352 bytes,    1705064 total
[2022-04-26T00:25:49.077+0000][8][gc,age      ] GC(137) - age   5:        128 bytes,    1705192 total
[2022-04-26T00:25:49.078+0000][8][gc,age      ] GC(137) - age   6:      26256 bytes,    1731448 total
[2022-04-26T00:25:49.079+0000][8][gc,age      ] GC(137) - age   7:      14256 bytes,    1745704 total
[2022-04-26T00:25:49.080+0000][8][gc,age      ] GC(137) - age   8:        160 bytes,    1745864 total
[2022-04-26T00:25:49.081+0000][8][gc,age      ] GC(137) - age   9:       1280 bytes,    1747144 total
[2022-04-26T00:25:49.082+0000][8][gc,age      ] GC(137) - age  10:        328 bytes,    1747472 total
[2022-04-26T00:25:49.082+0000][8][gc,age      ] GC(137) - age  11:     102224 bytes,    1849696 total
[2022-04-26T00:25:49.083+0000][8][gc,age      ] GC(137) - age  13:       1280 bytes,    1850976 total
[2022-04-26T00:25:49.084+0000][8][gc,phases   ] GC(137)   Pre Evacuate Collection Set: 0.3ms
[2022-04-26T00:25:49.085+0000][8][gc,phases   ] GC(137)   Merge Heap Roots: 0.2ms
[2022-04-26T00:25:49.085+0000][8][gc,phases   ] GC(137)   Evacuate Collection Set: 1.6ms
[2022-04-26T00:25:49.086+0000][8][gc,phases   ] GC(137)   Post Evacuate Collection Set: 0.9ms
[2022-04-26T00:25:49.087+0000][8][gc,phases   ] GC(137)   Other: 12.7ms
[2022-04-26T00:25:49.087+0000][8][gc,heap     ] GC(137) Eden regions: 5->0(5)
[2022-04-26T00:25:49.088+0000][8][gc,heap     ] GC(137) Survivor regions: 1->1(1)
[2022-04-26T00:25:49.089+0000][8][gc,heap     ] GC(137) Old regions: 28->28
[2022-04-26T00:25:49.089+0000][8][gc,heap     ] GC(137) Archive regions: 2->2
[2022-04-26T00:25:49.090+0000][8][gc,heap     ] GC(137) Humongous regions: 6->6
[2022-04-26T00:25:49.091+0000][8][gc,metaspace] GC(137) Metaspace: 117213K(119040K)->117213K(119040K) NonClass: 101643K(102656K)->101643K(102656K) Class: 15569K(16384K)->15569K(16384K)
[2022-04-26T00:25:49.092+0000][8][gc          ] GC(137) Pause Young (Concurrent Start) (G1 Evacuation Pause) 160M->141M(512M) 23.667ms
[2022-04-26T00:25:49.092+0000][8][gc,cpu      ] GC(137) User=0.01s Sys=0.01s Real=0.03s
[2022-04-26T00:25:49.093+0000][8][safepoint   ] Safepoint "G1CollectForAllocation", Time since last: 3103720043 ns, Reaching safepoint: 84041 ns, At safepoint: 25228167 ns, Total: 25312208 ns
[2022-04-26T00:25:49.093+0000][8][gc          ] GC(138) Concurrent Mark Cycle
[2022-04-26T00:25:49.096+0000][8][gc,marking  ] GC(138) Concurrent Clear Claimed Marks
[2022-04-26T00:25:49.097+0000][8][gc,marking  ] GC(138) Concurrent Clear Claimed Marks 0.946ms
[2022-04-26T00:25:49.097+0000][8][gc,marking  ] GC(138) Concurrent Scan Root Regions
[2022-04-26T00:25:49.100+0000][8][gc,marking  ] GC(138) Concurrent Scan Root Regions 2.529ms
[2022-04-26T00:25:49.101+0000][8][gc,marking  ] GC(138) Concurrent Mark
[2022-04-26T00:25:49.102+0000][8][gc,marking  ] GC(138) Concurrent Mark From Roots
[2022-04-26T00:25:49.102+0000][8][gc,task     ] GC(138) Using 1 workers of 1 for marking
[2022-04-26T00:25:49.431+0000][8][gc,marking  ] GC(138) Concurrent Mark From Roots 329.352ms
[2022-04-26T00:25:49.479+0000][8][gc,marking  ] GC(138) Concurrent Preclean
[2022-04-26T00:25:49.538+0000][8][gc,marking  ] GC(138) Concurrent Preclean 58.730ms
[2022-04-26T00:25:49.554+0000][8][gc,start    ] GC(138) Pause Remark
[2022-04-26T00:25:49.678+0000][8][gc          ] GC(138) Pause Remark 141M->141M(512M) 124.104ms
[2022-04-26T00:25:49.707+0000][8][gc,cpu      ] GC(138) User=0.29s Sys=0.00s Real=0.15s
[2022-04-26T00:25:49.716+0000][8][safepoint   ] Safepoint "G1Concurrent", Time since last: 460660959 ns, Reaching safepoint: 87958 ns, At safepoint: 161663292 ns, Total: 161751250 ns
[2022-04-26T00:25:49.774+0000][8][gc,marking  ] GC(138) Concurrent Mark 672.513ms
[2022-04-26T00:25:49.803+0000][8][gc,marking  ] GC(138) Concurrent Rebuild Remembered Sets
[2022-04-26T00:25:49.979+0000][8][gc,marking  ] GC(138) Concurrent Rebuild Remembered Sets 176.022ms
[2022-04-26T00:25:50.003+0000][8][gc,start    ] GC(138) Pause Cleanup
[2022-04-26T00:25:50.045+0000][8][gc          ] GC(138) Pause Cleanup 142M->142M(512M) 42.678ms
[2022-04-26T00:25:50.057+0000][8][gc,cpu      ] GC(138) User=0.00s Sys=0.01s Real=0.05s
[2022-04-26T00:25:50.072+0000][8][safepoint   ] Safepoint "G1Concurrent", Time since last: 285597750 ns, Reaching safepoint: 1473708 ns, At safepoint: 68912375 ns, Total: 70386083 ns
[2022-04-26T00:25:50.079+0000][8][gc,marking  ] GC(138) Concurrent Cleanup for Next Mark
[2022-04-26T00:25:50.130+0000][8][gc,marking  ] GC(138) Concurrent Cleanup for Next Mark 51.383ms
[2022-04-26T00:25:50.152+0000][8][gc          ] GC(138) Concurrent Mark Cycle 1059.095ms
[2022-04-26T00:25:53.115+0000][8][safepoint   ] Safepoint "Cleanup", Time since last: 3043033002 ns, Reaching safepoint: 87291 ns, At safepoint: 6084 ns, Total: 93375 ns
[2022-04-26T00:25:57.418+0000][8][gc,start    ] GC(139) Pause Young (Prepare Mixed) (G1 Evacuation Pause)
[2022-04-26T00:25:57.419+0000][8][gc,task     ] GC(139) Using 5 workers of 5 for evacuation
[2022-04-26T00:25:57.420+0000][8][gc,age      ] GC(139) Desired survivor size 2097152 bytes, new threshold 15 (max threshold 15)
[2022-04-26T00:25:57.424+0000][8][gc,age      ] GC(139) Age table with threshold 15 (max threshold 15)
[2022-04-26T00:25:57.425+0000][8][gc,age      ] GC(139) - age   1:    1167464 bytes,    1167464 total
[2022-04-26T00:25:57.427+0000][8][gc,age      ] GC(139) - age   2:     235184 bytes,    1402648 total
[2022-04-26T00:25:57.428+0000][8][gc,age      ] GC(139) - age   3:     837496 bytes,    2240144 total
[2022-04-26T00:25:57.429+0000][8][gc,age      ] GC(139) - age   4:       1808 bytes,    2241952 total
[2022-04-26T00:25:57.430+0000][8][gc,age      ] GC(139) - age   5:        288 bytes,    2242240 total
[2022-04-26T00:25:57.431+0000][8][gc,age      ] GC(139) - age   6:        128 bytes,    2242368 total
[2022-04-26T00:25:57.432+0000][8][gc,age      ] GC(139) - age   7:      26128 bytes,    2268496 total
[2022-04-26T00:25:57.433+0000][8][gc,age      ] GC(139) - age   8:      13192 bytes,    2281688 total
[2022-04-26T00:25:57.434+0000][8][gc,age      ] GC(139) - age   9:        128 bytes,    2281816 total
[2022-04-26T00:25:57.435+0000][8][gc,age      ] GC(139) - age  10:       1248 bytes,    2283064 total
[2022-04-26T00:25:57.436+0000][8][gc,age      ] GC(139) - age  11:        208 bytes,    2283272 total
[2022-04-26T00:25:57.439+0000][8][gc,age      ] GC(139) - age  12:      98688 bytes,    2381960 total
[2022-04-26T00:25:57.440+0000][8][gc,age      ] GC(139) - age  14:       1280 bytes,    2383240 total
[2022-04-26T00:25:57.442+0000][8][gc,phases   ] GC(139)   Pre Evacuate Collection Set: 0.3ms
[2022-04-26T00:25:57.444+0000][8][gc,phases   ] GC(139)   Merge Heap Roots: 0.1ms
[2022-04-26T00:25:57.445+0000][8][gc,phases   ] GC(139)   Evacuate Collection Set: 1.6ms
[2022-04-26T00:25:57.446+0000][8][gc,phases   ] GC(139)   Post Evacuate Collection Set: 0.7ms
[2022-04-26T00:25:57.447+0000][8][gc,phases   ] GC(139)   Other: 21.8ms
[2022-04-26T00:25:57.448+0000][8][gc,heap     ] GC(139) Eden regions: 5->0(5)
[2022-04-26T00:25:57.449+0000][8][gc,heap     ] GC(139) Survivor regions: 1->1(1)
[2022-04-26T00:25:57.450+0000][8][gc,heap     ] GC(139) Old regions: 28->28
[2022-04-26T00:25:57.453+0000][8][gc,heap     ] GC(139) Archive regions: 2->2
[2022-04-26T00:25:57.455+0000][8][gc,heap     ] GC(139) Humongous regions: 6->6
[2022-04-26T00:25:57.457+0000][8][gc,metaspace] GC(139) Metaspace: 117213K(119040K)->117213K(119040K) NonClass: 101643K(102656K)->101643K(102656K) Class: 15569K(16384K)->15569K(16384K)
[2022-04-26T00:25:57.458+0000][8][gc          ] GC(139) Pause Young (Prepare Mixed) (G1 Evacuation Pause) 161M->142M(512M) 40.438ms
[2022-04-26T00:25:57.459+0000][8][gc,cpu      ] GC(139) User=0.01s Sys=0.00s Real=0.04s
[2022-04-26T00:25:57.460+0000][8][safepoint   ] Safepoint "G1CollectForAllocation", Time since last: 4311160501 ns, Reaching safepoint: 101541 ns, At safepoint: 42334209 ns, Total: 42435750 ns
[2022-04-26T00:26:05.459+0000][8][gc,start    ] GC(140) Pause Young (Mixed) (G1 Evacuation Pause)
[2022-04-26T00:26:05.545+0000][8][gc,task     ] GC(140) Using 5 workers of 5 for evacuation
[2022-04-26T00:26:05.630+0000][8][gc,age      ] GC(140) Desired survivor size 2097152 bytes, new threshold 3 (max threshold 15)
[2022-04-26T00:26:05.743+0000][8][gc,age      ] GC(140) Age table with threshold 3 (max threshold 15)
[2022-04-26T00:26:05.753+0000][8][gc,age      ] GC(140) - age   1:     761864 bytes,     761864 total
[2022-04-26T00:26:05.754+0000][8][gc,age      ] GC(140) - age   2:       4712 bytes,     766576 total
[2022-04-26T00:26:05.755+0000][8][gc,age      ] GC(140) - age   3:       9808 bytes,     776384 total
[2022-04-26T00:26:05.756+0000][8][gc,phases   ] GC(140)   Pre Evacuate Collection Set: 16.1ms
[2022-04-26T00:26:05.757+0000][8][gc,phases   ] GC(140)   Merge Heap Roots: 2.0ms
[2022-04-26T00:26:05.758+0000][8][gc,phases   ] GC(140)   Evacuate Collection Set: 26.8ms
[2022-04-26T00:26:05.759+0000][8][gc,phases   ] GC(140)   Post Evacuate Collection Set: 2.2ms
[2022-04-26T00:26:05.761+0000][8][gc,phases   ] GC(140)   Other: 250.1ms
[2022-04-26T00:26:05.762+0000][8][gc,heap     ] GC(140) Eden regions: 5->0(5)
[2022-04-26T00:26:05.763+0000][8][gc,heap     ] GC(140) Survivor regions: 1->1(1)
[2022-04-26T00:26:05.764+0000][8][gc,heap     ] GC(140) Old regions: 28->28
[2022-04-26T00:26:05.766+0000][8][gc,heap     ] GC(140) Archive regions: 2->2
[2022-04-26T00:26:05.767+0000][8][gc,heap     ] GC(140) Humongous regions: 6->6
[2022-04-26T00:26:05.768+0000][8][gc,metaspace] GC(140) Metaspace: 117213K(119040K)->117213K(119040K) NonClass: 101643K(102656K)->101643K(102656K) Class: 15569K(16384K)->15569K(16384K)
[2022-04-26T00:26:05.770+0000][8][gc          ] GC(140) Pause Young (Mixed) (G1 Evacuation Pause) 162M->138M(512M) 310.928ms
[2022-04-26T00:26:05.771+0000][8][gc,cpu      ] GC(140) User=0.09s Sys=0.04s Real=0.31s
[2022-04-26T00:26:05.773+0000][8][safepoint   ] Safepoint "G1CollectForAllocation", Time since last: 7991807087 ns, Reaching safepoint: 6936083 ns, At safepoint: 314055209 ns, Total: 320991292 ns
[2022-04-26T00:26:12.954+0000][8][gc,start    ] GC(141) Pause Young (Normal) (G1 Evacuation Pause)
[2022-04-26T00:26:12.956+0000][8][gc,task     ] GC(141) Using 5 workers of 5 for evacuation
[2022-04-26T00:26:12.960+0000][8][gc,age      ] GC(141) Desired survivor size 2097152 bytes, new threshold 15 (max threshold 15)
[2022-04-26T00:26:12.977+0000][8][gc,age      ] GC(141) Age table with threshold 15 (max threshold 15)
[2022-04-26T00:26:12.980+0000][8][gc,age      ] GC(141) - age   1:     612192 bytes,     612192 total
[2022-04-26T00:26:12.990+0000][8][gc,age      ] GC(141) - age   2:     234440 bytes,     846632 total
[2022-04-26T00:26:12.995+0000][8][gc,age      ] GC(141) - age   3:       3936 bytes,     850568 total
[2022-04-26T00:26:12.996+0000][8][gc,age      ] GC(141) - age   4:       9680 bytes,     860248 total
[2022-04-26T00:26:12.999+0000][8][gc,phases   ] GC(141)   Pre Evacuate Collection Set: 0.2ms
[2022-04-26T00:26:13.018+0000][8][gc,phases   ] GC(141)   Merge Heap Roots: 0.1ms
[2022-04-26T00:26:13.028+0000][8][gc,phases   ] GC(141)   Evacuate Collection Set: 5.6ms
[2022-04-26T00:26:13.044+0000][8][gc,phases   ] GC(141)   Post Evacuate Collection Set: 4.0ms
[2022-04-26T00:26:13.046+0000][8][gc,phases   ] GC(141)   Other: 34.7ms
[2022-04-26T00:26:13.047+0000][8][gc,heap     ] GC(141) Eden regions: 5->0(65)
[2022-04-26T00:26:13.048+0000][8][gc,heap     ] GC(141) Survivor regions: 1->1(1)
[2022-04-26T00:26:13.049+0000][8][gc,heap     ] GC(141) Old regions: 28->28
[2022-04-26T00:26:13.050+0000][8][gc,heap     ] GC(141) Archive regions: 2->2
[2022-04-26T00:26:13.051+0000][8][gc,heap     ] GC(141) Humongous regions: 6->6
[2022-04-26T00:26:13.053+0000][8][gc,metaspace] GC(141) Metaspace: 117213K(119040K)->117213K(119040K) NonClass: 101643K(102656K)->101643K(102656K) Class: 15569K(16384K)->15569K(16384K)
[2022-04-26T00:26:13.054+0000][8][gc          ] GC(141) Pause Young (Normal) (G1 Evacuation Pause) 158M->138M(512M) 99.275ms
[2022-04-26T00:26:13.055+0000][8][gc,cpu      ] GC(141) User=0.01s Sys=0.01s Real=0.10s
[2022-04-26T00:26:13.056+0000][8][safepoint   ] Safepoint "G1CollectForAllocation", Time since last: 7180195295 ns, Reaching safepoint: 1380583 ns, At safepoint: 101611792 ns, Total: 102992375 ns
[2022-04-26T00:26:25.098+0000][8][safepoint   ] Safepoint "Cleanup", Time since last: 12041664339 ns, Reaching safepoint: 102958 ns, At safepoint: 6042 ns, Total: 109000 ns
[2022-04-26T00:26:37.288+0000][8][safepoint   ] Safepoint "Cleanup", Time since last: 12191988797 ns, Reaching safepoint: 171958 ns, At safepoint: 56959 ns, Total: 228917 ns
[2022-04-26T00:26:40.570+0000][8][safepoint   ] Safepoint "Cleanup", Time since last: 3281738168 ns, Reaching safepoint: 104958 ns, At safepoint: 5084 ns, Total: 110042 ns
[2022-04-26T00:26:44.676+0000][8][safepoint   ] Safepoint "Cleanup", Time since last: 4064255085 ns, Reaching safepoint: 7771208 ns, At safepoint: 34451875 ns, Total: 42223083 ns
[2022-04-26T00:26:45.733+0000][8][safepoint   ] Safepoint "Cleanup", Time since last: 1051087626 ns, Reaching safepoint: 6129541 ns, At safepoint: 13709 ns, Total: 6143250 ns
[2022-04-26T00:27:01.824+0000][8][safepoint   ] Safepoint "Cleanup", Time since last: 16102770674 ns, Reaching safepoint: 1034625 ns, At safepoint: 9292 ns, Total: 1043917 ns
[2022-04-26T00:27:08.927+0000][8][safepoint   ] Safepoint "Cleanup", Time since last: 7102904086 ns, Reaching safepoint: 182542 ns, At safepoint: 7042 ns, Total: 189584 ns
[2022-04-26T00:27:20.019+0000][8][safepoint   ] Safepoint "Cleanup", Time since last: 11091795255 ns, Reaching safepoint: 75083 ns, At safepoint: 3500 ns, Total: 78583 ns
[2022-04-26T00:27:27.097+0000][8][safepoint   ] Safepoint "Cleanup", Time since last: 7066692003 ns, Reaching safepoint: 106958 ns, At safepoint: 6042 ns, Total: 113000 ns
[2022-04-26T00:27:28.153+0000][8][safepoint   ] Safepoint "Cleanup", Time since last: 1055189917 ns, Reaching safepoint: 74875 ns, At safepoint: 3209 ns, Total: 78084 ns
[2022-04-26T00:27:46.264+0000][8][safepoint   ] Safepoint "Cleanup", Time since last: 18111239008 ns, Reaching safepoint: 354709 ns, At safepoint: 13583 ns, Total: 368292 ns
[2022-04-26T00:27:51.179+0000][8][gc,start    ] GC(142) Pause Young (Normal) (G1 Evacuation Pause)
[2022-04-26T00:27:51.180+0000][8][gc,task     ] GC(142) Using 5 workers of 5 for evacuation
[2022-04-26T00:27:51.181+0000][8][gc,age      ] GC(142) Desired survivor size 18874368 bytes, new threshold 15 (max threshold 15)
[2022-04-26T00:27:51.185+0000][8][gc,age      ] GC(142) Age table with threshold 15 (max threshold 15)
[2022-04-26T00:27:51.186+0000][8][gc,age      ] GC(142) - age   1:    1498176 bytes,    1498176 total
[2022-04-26T00:27:51.187+0000][8][gc,age      ] GC(142) - age   2:      18784 bytes,    1516960 total
[2022-04-26T00:27:51.188+0000][8][gc,age      ] GC(142) - age   3:      16968 bytes,    1533928 total
[2022-04-26T00:27:51.188+0000][8][gc,age      ] GC(142) - age   4:        304 bytes,    1534232 total
[2022-04-26T00:27:51.189+0000][8][gc,age      ] GC(142) - age   5:       1880 bytes,    1536112 total
[2022-04-26T00:27:51.190+0000][8][gc,phases   ] GC(142)   Pre Evacuate Collection Set: 0.3ms
[2022-04-26T00:27:51.191+0000][8][gc,phases   ] GC(142)   Merge Heap Roots: 0.1ms
[2022-04-26T00:27:51.193+0000][8][gc,phases   ] GC(142)   Evacuate Collection Set: 1.4ms
[2022-04-26T00:27:51.194+0000][8][gc,phases   ] GC(142)   Post Evacuate Collection Set: 1.1ms
[2022-04-26T00:27:51.196+0000][8][gc,phases   ] GC(142)   Other: 7.7ms
[2022-04-26T00:27:51.196+0000][8][gc,heap     ] GC(142) Eden regions: 65->0(66)
[2022-04-26T00:27:51.197+0000][8][gc,heap     ] GC(142) Survivor regions: 1->1(9)
[2022-04-26T00:27:51.198+0000][8][gc,heap     ] GC(142) Old regions: 28->28
[2022-04-26T00:27:51.198+0000][8][gc,heap     ] GC(142) Archive regions: 2->2
[2022-04-26T00:27:51.199+0000][8][gc,heap     ] GC(142) Humongous regions: 6->6
[2022-04-26T00:27:51.201+0000][8][gc,metaspace] GC(142) Metaspace: 117227K(119040K)->117227K(119040K) NonClass: 101657K(102656K)->101657K(102656K) Class: 15569K(16384K)->15569K(16384K)
[2022-04-26T00:27:51.203+0000][8][gc          ] GC(142) Pause Young (Normal) (G1 Evacuation Pause) 398M->139M(512M) 23.347ms
[2022-04-26T00:27:51.204+0000][8][gc,cpu      ] GC(142) User=0.01s Sys=0.00s Real=0.02s
[2022-04-26T00:27:51.205+0000][8][safepoint   ] Safepoint "G1CollectForAllocation", Time since last: 4914607044 ns, Reaching safepoint: 239583 ns, At safepoint: 25380625 ns, Total: 25620208 ns
[2022-04-26T00:27:52.205+0000][8][safepoint   ] Safepoint "Cleanup", Time since last: 1000697876 ns, Reaching safepoint: 132916 ns, At safepoint: 6084 ns, Total: 139000 ns
[2022-04-26T00:27:56.282+0000][8][safepoint   ] Safepoint "Cleanup", Time since last: 4066460543 ns, Reaching safepoint: 294167 ns, At safepoint: 18000 ns, Total: 312167 ns
[2022-04-26T00:27:57.295+0000][8][safepoint   ] Safepoint "Cleanup", Time since last: 1013137959 ns, Reaching safepoint: 63083 ns, At safepoint: 3292 ns, Total: 66375 ns
[2022-04-26T00:28:05.384+0000][8][safepoint   ] Safepoint "Cleanup", Time since last: 8088679545 ns, Reaching safepoint: 118625 ns, At safepoint: 5875 ns, Total: 124500 ns
[2022-04-26T00:28:13.463+0000][8][safepoint   ] Safepoint "Cleanup", Time since last: 8078822087 ns, Reaching safepoint: 165542 ns, At safepoint: 6125 ns, Total: 171667 ns
[2022-04-26T00:28:29.719+0000][8][safepoint   ] Safepoint "Cleanup", Time since last: 16263388174 ns, Reaching safepoint: 108625 ns, At safepoint: 6041 ns, Total: 114666 ns
[2022-04-26T00:28:31.798+0000][8][safepoint   ] Safepoint "Cleanup", Time since last: 2078817793 ns, Reaching safepoint: 109792 ns, At safepoint: 5791 ns, Total: 115583 ns
[2022-04-26T00:28:34.907+0000][8][safepoint   ] Safepoint "Cleanup", Time since last: 3097024627 ns, Reaching safepoint: 11618916 ns, At safepoint: 69209 ns, Total: 11688125 ns
[2022-04-26T00:28:41.034+0000][8][safepoint   ] Safepoint "Cleanup", Time since last: 6125047294 ns, Reaching safepoint: 2287750 ns, At safepoint: 8834 ns, Total: 2296584 ns
[2022-04-26T00:28:45.103+0000][8][safepoint   ] Safepoint "Cleanup", Time since last: 4068668127 ns, Reaching safepoint: 374458 ns, At safepoint: 6958 ns, Total: 381416 ns
[2022-04-26T00:28:49.255+0000][8][safepoint   ] Safepoint "Cleanup", Time since last: 4151577336 ns, Reaching safepoint: 109750 ns, At safepoint: 3916 ns, Total: 113666 ns
[2022-04-26T00:28:51.358+0000][8][safepoint   ] Safepoint "Cleanup", Time since last: 2022667960 ns, Reaching safepoint: 80478625 ns, At safepoint: 33083 ns, Total: 80511708 ns
[2022-04-26T00:28:58.617+0000][8][safepoint   ] Safepoint "Cleanup", Time since last: 7258422628 ns, Reaching safepoint: 108333 ns, At safepoint: 5917 ns, Total: 114250 ns
[2022-04-26T00:29:01.682+0000][8][safepoint   ] Safepoint "Cleanup", Time since last: 3065370793 ns, Reaching safepoint: 100958 ns, At safepoint: 5834 ns, Total: 106792 ns
[2022-04-26T00:29:07.989+0000][8][safepoint   ] Safepoint "Cleanup", Time since last: 6307063128 ns, Reaching safepoint: 110166 ns, At safepoint: 5750 ns, Total: 115916 ns
[2022-04-26T00:29:33.406+0000][8][safepoint   ] Safepoint "Cleanup", Time since last: 25415627720 ns, Reaching safepoint: 7046000 ns, At safepoint: 23416 ns, Total: 7069416 ns
[2022-04-26T00:29:33.511+0000][8][gc,start    ] GC(143) Pause Young (Concurrent Start) (G1 Evacuation Pause)
[2022-04-26T00:29:33.588+0000][8][gc,task     ] GC(143) Using 5 workers of 5 for evacuation
[2022-04-26T00:29:33.723+0000][8][gc,age      ] GC(143) Desired survivor size 18874368 bytes, new threshold 15 (max threshold 15)
[2022-04-26T00:29:33.799+0000][8][gc,age      ] GC(143) Age table with threshold 15 (max threshold 15)
[2022-04-26T00:29:33.817+0000][8][gc,age      ] GC(143) - age   1:    1671952 bytes,    1671952 total
[2022-04-26T00:29:33.849+0000][8][gc,age      ] GC(143) - age   2:      37496 bytes,    1709448 total
[2022-04-26T00:29:33.867+0000][8][gc,age      ] GC(143) - age   3:      18592 bytes,    1728040 total
[2022-04-26T00:29:33.885+0000][8][gc,age      ] GC(143) - age   4:      16592 bytes,    1744632 total
[2022-04-26T00:29:33.901+0000][8][gc,age      ] GC(143) - age   5:        176 bytes,    1744808 total
[2022-04-26T00:29:33.931+0000][8][gc,age      ] GC(143) - age   6:       1752 bytes,    1746560 total
[2022-04-26T00:29:33.968+0000][8][gc,mmu      ] GC(143) MMU target violated: 201.0ms (200.0ms/201.0ms)
[2022-04-26T00:29:34.002+0000][8][gc,phases   ] GC(143)   Pre Evacuate Collection Set: 0.4ms
[2022-04-26T00:29:34.025+0000][8][gc,phases   ] GC(143)   Merge Heap Roots: 0.1ms
[2022-04-26T00:29:34.053+0000][8][gc,phases   ] GC(143)   Evacuate Collection Set: 27.4ms
[2022-04-26T00:29:34.098+0000][8][gc,phases   ] GC(143)   Post Evacuate Collection Set: 4.9ms
[2022-04-26T00:29:34.110+0000][8][gc,phases   ] GC(143)   Other: 458.4ms
[2022-04-26T00:29:34.129+0000][8][gc,heap     ] GC(143) Eden regions: 66->0(67)
[2022-04-26T00:29:34.177+0000][8][gc,heap     ] GC(143) Survivor regions: 1->1(9)
[2022-04-26T00:29:34.189+0000][8][gc,heap     ] GC(143) Old regions: 28->28
[2022-04-26T00:29:34.244+0000][8][gc,heap     ] GC(143) Archive regions: 2->2
[2022-04-26T00:29:34.254+0000][8][gc,heap     ] GC(143) Humongous regions: 6->6
[2022-04-26T00:29:34.276+0000][8][gc,metaspace] GC(143) Metaspace: 117263K(119040K)->117263K(119040K) NonClass: 101693K(102656K)->101693K(102656K) Class: 15569K(16384K)->15569K(16384K)
[2022-04-26T00:29:34.291+0000][8][gc          ] GC(143) Pause Young (Concurrent Start) (G1 Evacuation Pause) 403M->139M(512M) 780.654ms
[2022-04-26T00:29:34.315+0000][8][gc,cpu      ] GC(143) User=0.10s Sys=0.04s Real=0.81s
[2022-04-26T00:29:34.335+0000][8][gc          ] GC(144) Concurrent Mark Cycle
[2022-04-26T00:29:34.388+0000][8][gc,marking  ] GC(144) Concurrent Clear Claimed Marks
[2022-04-26T00:29:34.483+0000][8][gc,marking  ] GC(144) Concurrent Clear Claimed Marks 95.299ms
[2022-04-26T00:29:34.503+0000][8][gc,marking  ] GC(144) Concurrent Scan Root Regions
[2022-04-26T00:29:34.338+0000][8][safepoint   ] Safepoint "G1CollectForAllocation", Time since last: 104311584 ns, Reaching safepoint: 70875 ns, At safepoint: 826893792 ns, Total: 826964667 ns
[2022-04-26T00:29:34.525+0000][8][gc,marking  ] GC(144) Concurrent Scan Root Regions 22.755ms
[2022-04-26T00:29:34.540+0000][8][gc,marking  ] GC(144) Concurrent Mark
[2022-04-26T00:29:34.541+0000][8][gc,marking  ] GC(144) Concurrent Mark From Roots
[2022-04-26T00:29:34.542+0000][8][gc,task     ] GC(144) Using 1 workers of 1 for marking
[2022-04-26T00:29:34.628+0000][8][gc,marking  ] GC(144) Concurrent Mark From Roots 87.610ms
[2022-04-26T00:29:34.630+0000][8][gc,marking  ] GC(144) Concurrent Preclean
[2022-04-26T00:29:34.631+0000][8][gc,marking  ] GC(144) Concurrent Preclean 1.277ms
[2022-04-26T00:29:34.633+0000][8][gc,start    ] GC(144) Pause Remark
[2022-04-26T00:29:34.651+0000][8][gc          ] GC(144) Pause Remark 155M->155M(512M) 18.098ms
[2022-04-26T00:29:34.653+0000][8][gc,cpu      ] GC(144) User=0.06s Sys=0.00s Real=0.02s
[2022-04-26T00:29:34.654+0000][8][safepoint   ] Safepoint "G1Concurrent", Time since last: 294843167 ns, Reaching safepoint: 85041 ns, At safepoint: 21492875 ns, Total: 21577916 ns
[2022-04-26T00:29:34.656+0000][8][gc,marking  ] GC(144) Concurrent Mark 115.980ms
[2022-04-26T00:29:34.657+0000][8][gc,marking  ] GC(144) Concurrent Rebuild Remembered Sets
[2022-04-26T00:29:34.798+0000][8][gc,marking  ] GC(144) Concurrent Rebuild Remembered Sets 141.182ms
[2022-04-26T00:29:34.839+0000][8][gc,start    ] GC(144) Pause Cleanup
[2022-04-26T00:29:34.891+0000][8][gc          ] GC(144) Pause Cleanup 155M->155M(512M) 52.545ms
[2022-04-26T00:29:34.917+0000][8][gc,cpu      ] GC(144) User=0.02s Sys=0.00s Real=0.08s
[2022-04-26T00:29:34.920+0000][8][safepoint   ] Safepoint "G1Concurrent", Time since last: 184828250 ns, Reaching safepoint: 59125 ns, At safepoint: 80956834 ns, Total: 81015959 ns
[2022-04-26T00:29:34.937+0000][8][gc,marking  ] GC(144) Concurrent Cleanup for Next Mark
[2022-04-26T00:29:34.961+0000][8][gc,marking  ] GC(144) Concurrent Cleanup for Next Mark 24.351ms
[2022-04-26T00:29:34.986+0000][8][gc          ] GC(144) Concurrent Mark Cycle 650.883ms
[2022-04-26T00:29:43.005+0000][8][safepoint   ] Safepoint "Cleanup", Time since last: 8084877254 ns, Reaching safepoint: 202250 ns, At safepoint: 5750 ns, Total: 208000 ns
[2022-04-26T00:29:45.041+0000][8][safepoint   ] Safepoint "Cleanup", Time since last: 2035299584 ns, Reaching safepoint: 982625 ns, At safepoint: 8542 ns, Total: 991167 ns
[2022-04-26T00:29:53.140+0000][8][safepoint   ] Safepoint "Cleanup", Time since last: 8098970420 ns, Reaching safepoint: 102042 ns, At safepoint: 3541 ns, Total: 105583 ns
[2022-04-26T00:29:55.144+0000][8][safepoint   ] Safepoint "Cleanup", Time since last: 2003637335 ns, Reaching safepoint: 362125 ns, At safepoint: 16541 ns, Total: 378666 ns
[2022-04-26T00:30:02.154+0000][8][safepoint   ] Safepoint "Cleanup", Time since last: 7009957295 ns, Reaching safepoint: 164833 ns, At safepoint: 11167 ns, Total: 176000 ns
[2022-04-26T00:30:05.162+0000][8][safepoint   ] Safepoint "Cleanup", Time since last: 3007660835 ns, Reaching safepoint: 212208 ns, At safepoint: 4625 ns, Total: 216833 ns
[2022-04-26T00:30:06.170+0000][8][safepoint   ] Safepoint "Cleanup", Time since last: 1006686959 ns, Reaching safepoint: 1102583 ns, At safepoint: 13917 ns, Total: 1116500 ns
[2022-04-26T00:30:08.183+0000][8][safepoint   ] Safepoint "Cleanup", Time since last: 2012775334 ns, Reaching safepoint: 249417 ns, At safepoint: 6000 ns, Total: 255417 ns
[2022-04-26T00:30:14.193+0000][8][safepoint   ] Safepoint "Cleanup", Time since last: 6010039503 ns, Reaching safepoint: 443750 ns, At safepoint: 7125 ns, Total: 450875 ns
[2022-04-26T00:30:23.211+0000][8][safepoint   ] Safepoint "Cleanup", Time since last: 9017562337 ns, Reaching safepoint: 128167 ns, At safepoint: 4333 ns, Total: 132500 ns
[2022-04-26T00:30:29.227+0000][8][safepoint   ] Safepoint "Cleanup", Time since last: 6014984836 ns, Reaching safepoint: 308250 ns, At safepoint: 11000 ns, Total: 319250 ns
[2022-04-26T00:30:32.241+0000][8][safepoint   ] Safepoint "Cleanup", Time since last: 3012189293 ns, Reaching safepoint: 1233791 ns, At safepoint: 103209 ns, Total: 1337000 ns
[2022-04-26T00:30:33.254+0000][8][safepoint   ] Safepoint "Cleanup", Time since last: 1013178042 ns, Reaching safepoint: 314667 ns, At safepoint: 11500 ns, Total: 326167 ns
[2022-04-26T00:30:34.586+0000][8][gc,start    ] GC(145) Pause Young (Prepare Mixed) (G1 Evacuation Pause)
[2022-04-26T00:30:34.591+0000][8][gc,task     ] GC(145) Using 5 workers of 5 for evacuation
[2022-04-26T00:30:34.596+0000][8][gc,age      ] GC(145) Desired survivor size 18874368 bytes, new threshold 15 (max threshold 15)
[2022-04-26T00:30:34.606+0000][8][gc,age      ] GC(145) Age table with threshold 15 (max threshold 15)
[2022-04-26T00:30:34.608+0000][8][gc,age      ] GC(145) - age   1:    1272208 bytes,    1272208 total
[2022-04-26T00:30:34.610+0000][8][gc,age      ] GC(145) - age   2:       7896 bytes,    1280104 total
[2022-04-26T00:30:34.612+0000][8][gc,age      ] GC(145) - age   3:      31648 bytes,    1311752 total
[2022-04-26T00:30:34.614+0000][8][gc,age      ] GC(145) - age   4:      17592 bytes,    1329344 total
[2022-04-26T00:30:34.616+0000][8][gc,age      ] GC(145) - age   5:        392 bytes,    1329736 total
[2022-04-26T00:30:34.617+0000][8][gc,age      ] GC(145) - age   6:        112 bytes,    1329848 total
[2022-04-26T00:30:34.618+0000][8][gc,age      ] GC(145) - age   7:       1752 bytes,    1331600 total
[2022-04-26T00:30:34.619+0000][8][gc,phases   ] GC(145)   Pre Evacuate Collection Set: 0.7ms
[2022-04-26T00:30:34.620+0000][8][gc,phases   ] GC(145)   Merge Heap Roots: 0.9ms
[2022-04-26T00:30:34.621+0000][8][gc,phases   ] GC(145)   Evacuate Collection Set: 3.9ms
[2022-04-26T00:30:34.623+0000][8][gc,phases   ] GC(145)   Post Evacuate Collection Set: 2.1ms
[2022-04-26T00:30:34.624+0000][8][gc,phases   ] GC(145)   Other: 25.5ms
[2022-04-26T00:30:34.625+0000][8][gc,heap     ] GC(145) Eden regions: 67->0(5)
[2022-04-26T00:30:34.626+0000][8][gc,heap     ] GC(145) Survivor regions: 1->1(9)
[2022-04-26T00:30:34.627+0000][8][gc,heap     ] GC(145) Old regions: 28->28
[2022-04-26T00:30:34.628+0000][8][gc,heap     ] GC(145) Archive regions: 2->2
[2022-04-26T00:30:34.629+0000][8][gc,heap     ] GC(145) Humongous regions: 6->6
[2022-04-26T00:30:34.630+0000][8][gc,metaspace] GC(145) Metaspace: 117295K(119168K)->117295K(119168K) NonClass: 101725K(102784K)->101725K(102784K) Class: 15569K(16384K)->15569K(16384K)
[2022-04-26T00:30:34.631+0000][8][gc          ] GC(145) Pause Young (Prepare Mixed) (G1 Evacuation Pause) 407M->139M(512M) 45.194ms
[2022-04-26T00:30:34.632+0000][8][gc,cpu      ] GC(145) User=0.02s Sys=0.01s Real=0.04s
[2022-04-26T00:30:34.633+0000][8][safepoint   ] Safepoint "G1CollectForAllocation", Time since last: 1331511542 ns, Reaching safepoint: 469583 ns, At safepoint: 47235292 ns, Total: 47704875 ns
[2022-04-26T00:30:35.350+0000][8][gc,start    ] GC(146) Pause Young (Mixed) (G1 Evacuation Pause)
[2022-04-26T00:30:35.351+0000][8][gc,task     ] GC(146) Using 5 workers of 5 for evacuation
[2022-04-26T00:30:35.351+0000][8][gc,age      ] GC(146) Desired survivor size 2097152 bytes, new threshold 15 (max threshold 15)
[2022-04-26T00:30:35.355+0000][8][gc,age      ] GC(146) Age table with threshold 15 (max threshold 15)
[2022-04-26T00:30:35.356+0000][8][gc,age      ] GC(146) - age   1:     768976 bytes,     768976 total
[2022-04-26T00:30:35.357+0000][8][gc,age      ] GC(146) - age   2:    1046296 bytes,    1815272 total
[2022-04-26T00:30:35.358+0000][8][gc,age      ] GC(146) - age   3:       7688 bytes,    1822960 total
[2022-04-26T00:30:35.359+0000][8][gc,age      ] GC(146) - age   4:      31648 bytes,    1854608 total
[2022-04-26T00:30:35.360+0000][8][gc,age      ] GC(146) - age   5:      17592 bytes,    1872200 total
[2022-04-26T00:30:35.360+0000][8][gc,age      ] GC(146) - age   6:        392 bytes,    1872592 total
[2022-04-26T00:30:35.361+0000][8][gc,age      ] GC(146) - age   7:        112 bytes,    1872704 total
[2022-04-26T00:30:35.361+0000][8][gc,age      ] GC(146) - age   8:       1752 bytes,    1874456 total
[2022-04-26T00:30:35.362+0000][8][gc,phases   ] GC(146)   Pre Evacuate Collection Set: 0.1ms
[2022-04-26T00:30:35.363+0000][8][gc,phases   ] GC(146)   Merge Heap Roots: 0.0ms
[2022-04-26T00:30:35.363+0000][8][gc,phases   ] GC(146)   Evacuate Collection Set: 2.5ms
[2022-04-26T00:30:35.364+0000][8][gc,phases   ] GC(146)   Post Evacuate Collection Set: 0.7ms
[2022-04-26T00:30:35.365+0000][8][gc,phases   ] GC(146)   Other: 8.9ms
[2022-04-26T00:30:35.366+0000][8][gc,heap     ] GC(146) Eden regions: 5->0(68)
[2022-04-26T00:30:35.367+0000][8][gc,heap     ] GC(146) Survivor regions: 1->1(1)
[2022-04-26T00:30:35.367+0000][8][gc,heap     ] GC(146) Old regions: 28->27
[2022-04-26T00:30:35.368+0000][8][gc,heap     ] GC(146) Archive regions: 2->2
[2022-04-26T00:30:35.369+0000][8][gc,heap     ] GC(146) Humongous regions: 6->6
[2022-04-26T00:30:35.369+0000][8][gc,metaspace] GC(146) Metaspace: 117295K(119168K)->117295K(119168K) NonClass: 101725K(102784K)->101725K(102784K) Class: 15569K(16384K)->15569K(16384K)
[2022-04-26T00:30:35.370+0000][8][gc          ] GC(146) Pause Young (Mixed) (G1 Evacuation Pause) 159M->137M(512M) 20.049ms
[2022-04-26T00:30:35.370+0000][8][gc,cpu      ] GC(146) User=0.00s Sys=0.01s Real=0.02s
[2022-04-26T00:30:35.371+0000][8][safepoint   ] Safepoint "G1CollectForAllocation", Time since last: 716407917 ns, Reaching safepoint: 58292 ns, At safepoint: 21295833 ns, Total: 21354125 ns
[2022-04-26T00:30:36.380+0000][8][safepoint   ] Safepoint "Cleanup", Time since last: 1008743375 ns, Reaching safepoint: 171209 ns, At safepoint: 4333 ns, Total: 175542 ns
[2022-04-26T00:30:45.401+0000][8][safepoint   ] Safepoint "Cleanup", Time since last: 9020791421 ns, Reaching safepoint: 556083 ns, At safepoint: 13084 ns, Total: 569167 ns
[2022-04-26T00:30:56.429+0000][8][safepoint   ] Safepoint "Cleanup", Time since last: 11029705088 ns, Reaching safepoint: 126417 ns, At safepoint: 4833 ns, Total: 131250 ns
[2022-04-26T00:30:57.431+0000][8][safepoint   ] Safepoint "Cleanup", Time since last: 1001261626 ns, Reaching safepoint: 516083 ns, At safepoint: 11208 ns, Total: 527291 ns
[2022-04-26T00:31:20.493+0000][8][safepoint   ] Safepoint "Cleanup", Time since last: 23061795178 ns, Reaching safepoint: 138250 ns, At safepoint: 14917 ns, Total: 153167 ns
[2022-04-26T00:31:23.504+0000][8][safepoint   ] Safepoint "Cleanup", Time since last: 3010514084 ns, Reaching safepoint: 611542 ns, At safepoint: 10083 ns, Total: 621625 ns
[2022-04-26T00:31:32.538+0000][8][safepoint   ] Safepoint "Cleanup", Time since last: 9033145171 ns, Reaching safepoint: 210000 ns, At safepoint: 11208 ns, Total: 221208 ns
[2022-04-26T00:31:34.735+0000][8][gc,start    ] GC(147) Pause Young (Normal) (G1 Evacuation Pause)
[2022-04-26T00:31:34.735+0000][8][gc,task     ] GC(147) Using 5 workers of 5 for evacuation
[2022-04-26T00:31:34.736+0000][8][gc,age      ] GC(147) Desired survivor size 18874368 bytes, new threshold 15 (max threshold 15)
[2022-04-26T00:31:34.739+0000][8][gc,age      ] GC(147) Age table with threshold 15 (max threshold 15)
[2022-04-26T00:31:34.740+0000][8][gc,age      ] GC(147) - age   1:     718960 bytes,     718960 total
[2022-04-26T00:31:34.741+0000][8][gc,age      ] GC(147) - age   2:        504 bytes,     719464 total
[2022-04-26T00:31:34.742+0000][8][gc,age      ] GC(147) - age   3:     147504 bytes,     866968 total
[2022-04-26T00:31:34.742+0000][8][gc,age      ] GC(147) - age   4:       6024 bytes,     872992 total
[2022-04-26T00:31:34.743+0000][8][gc,age      ] GC(147) - age   5:      30664 bytes,     903656 total
[2022-04-26T00:31:34.744+0000][8][gc,age      ] GC(147) - age   6:      17592 bytes,     921248 total
[2022-04-26T00:31:34.745+0000][8][gc,age      ] GC(147) - age   7:        392 bytes,     921640 total
[2022-04-26T00:31:34.745+0000][8][gc,age      ] GC(147) - age   8:         48 bytes,     921688 total
[2022-04-26T00:31:34.746+0000][8][gc,age      ] GC(147) - age   9:       1752 bytes,     923440 total
[2022-04-26T00:31:34.746+0000][8][gc,phases   ] GC(147)   Pre Evacuate Collection Set: 0.1ms
[2022-04-26T00:31:34.747+0000][8][gc,phases   ] GC(147)   Merge Heap Roots: 0.1ms
[2022-04-26T00:31:34.748+0000][8][gc,phases   ] GC(147)   Evacuate Collection Set: 1.4ms
[2022-04-26T00:31:34.748+0000][8][gc,phases   ] GC(147)   Post Evacuate Collection Set: 0.9ms
[2022-04-26T00:31:34.749+0000][8][gc,phases   ] GC(147)   Other: 9.4ms
[2022-04-26T00:31:34.750+0000][8][gc,heap     ] GC(147) Eden regions: 68->0(69)
[2022-04-26T00:31:34.751+0000][8][gc,heap     ] GC(147) Survivor regions: 1->1(9)
[2022-04-26T00:31:34.751+0000][8][gc,heap     ] GC(147) Old regions: 27->27
[2022-04-26T00:31:34.753+0000][8][gc,heap     ] GC(147) Archive regions: 2->2
[2022-04-26T00:31:34.753+0000][8][gc,heap     ] GC(147) Humongous regions: 6->6
[2022-04-26T00:31:34.754+0000][8][gc,metaspace] GC(147) Metaspace: 117323K(119168K)->117323K(119168K) NonClass: 101753K(102784K)->101753K(102784K) Class: 15569K(16384K)->15569K(16384K)
[2022-04-26T00:31:34.755+0000][8][gc          ] GC(147) Pause Young (Normal) (G1 Evacuation Pause) 409M->136M(512M) 20.034ms
[2022-04-26T00:31:34.756+0000][8][gc,cpu      ] GC(147) User=0.00s Sys=0.01s Real=0.02s
[2022-04-26T00:31:34.756+0000][8][safepoint   ] Safepoint "G1CollectForAllocation", Time since last: 2196399376 ns, Reaching safepoint: 116334 ns, At safepoint: 21771708 ns, Total: 21888042 ns
[2022-04-26T00:31:35.758+0000][8][safepoint   ] Safepoint "Cleanup", Time since last: 1000897584 ns, Reaching safepoint: 358583 ns, At safepoint: 20458 ns, Total: 379041 ns
[2022-04-26T00:31:44.765+0000][8][safepoint   ] Safepoint "Cleanup", Time since last: 9007464963 ns, Reaching safepoint: 131458 ns, At safepoint: 7042 ns, Total: 138500 ns
[2022-04-26T00:31:45.783+0000][8][safepoint   ] Safepoint "Cleanup", Time since last: 1017473501 ns, Reaching safepoint: 628833 ns, At safepoint: 74042 ns, Total: 702875 ns
[2022-04-26T00:31:46.786+0000][8][safepoint   ] Safepoint "Cleanup", Time since last: 1002157250 ns, Reaching safepoint: 61250 ns, At safepoint: 2542 ns, Total: 63792 ns
[2022-04-26T00:32:04.829+0000][8][safepoint   ] Safepoint "Cleanup", Time since last: 18043500383 ns, Reaching safepoint: 254791 ns, At safepoint: 4709 ns, Total: 259500 ns
[2022-04-26T00:32:06.075+0000][8][safepoint   ] Safepoint "Cleanup", Time since last: 1245312834 ns, Reaching safepoint: 889500 ns, At safepoint: 11333 ns, Total: 900833 ns
[2022-04-26T00:32:09.088+0000][8][safepoint   ] Safepoint "Cleanup", Time since last: 3012736668 ns, Reaching safepoint: 326167 ns, At safepoint: 9375 ns, Total: 335542 ns
[2022-04-26T00:32:11.093+0000][8][safepoint   ] Safepoint "Cleanup", Time since last: 2005250209 ns, Reaching safepoint: 187208 ns, At safepoint: 6542 ns, Total: 193750 ns
[2022-04-26T00:32:20.110+0000][8][safepoint   ] Safepoint "Cleanup", Time since last: 9016445796 ns, Reaching safepoint: 51292 ns, At safepoint: 24541 ns, Total: 75833 ns
[2022-04-26T00:32:26.126+0000][8][safepoint   ] Safepoint "Cleanup", Time since last: 6018377461 ns, Reaching safepoint: 501709 ns, At safepoint: 16833 ns, Total: 518542 ns
[2022-04-26T00:32:31.639+0000][8][gc,start    ] GC(148) Pause Young (Normal) (G1 Evacuation Pause)
[2022-04-26T00:32:31.646+0000][8][gc,task     ] GC(148) Using 5 workers of 5 for evacuation
[2022-04-26T00:32:31.648+0000][8][gc,age      ] GC(148) Desired survivor size 18874368 bytes, new threshold 15 (max threshold 15)
[2022-04-26T00:32:31.658+0000][8][gc,age      ] GC(148) Age table with threshold 15 (max threshold 15)
[2022-04-26T00:32:31.660+0000][8][gc,age      ] GC(148) - age   1:    1018944 bytes,    1018944 total
[2022-04-26T00:32:31.662+0000][8][gc,age      ] GC(148) - age   2:       6048 bytes,    1024992 total
[2022-04-26T00:32:31.664+0000][8][gc,age      ] GC(148) - age   3:         32 bytes,    1025024 total
[2022-04-26T00:32:31.666+0000][8][gc,age      ] GC(148) - age   4:       4112 bytes,    1029136 total
[2022-04-26T00:32:31.668+0000][8][gc,age      ] GC(148) - age   5:       5392 bytes,    1034528 total
[2022-04-26T00:32:31.669+0000][8][gc,age      ] GC(148) - age   6:      30440 bytes,    1064968 total
[2022-04-26T00:32:31.670+0000][8][gc,age      ] GC(148) - age   7:      17592 bytes,    1082560 total
[2022-04-26T00:32:31.672+0000][8][gc,age      ] GC(148) - age   8:        392 bytes,    1082952 total
[2022-04-26T00:32:31.673+0000][8][gc,age      ] GC(148) - age   9:         48 bytes,    1083000 total
[2022-04-26T00:32:31.674+0000][8][gc,age      ] GC(148) - age  10:       1752 bytes,    1084752 total
[2022-04-26T00:32:31.675+0000][8][gc,phases   ] GC(148)   Pre Evacuate Collection Set: 0.6ms
[2022-04-26T00:32:31.677+0000][8][gc,phases   ] GC(148)   Merge Heap Roots: 0.5ms
[2022-04-26T00:32:31.679+0000][8][gc,phases   ] GC(148)   Evacuate Collection Set: 3.7ms
[2022-04-26T00:32:31.681+0000][8][gc,phases   ] GC(148)   Post Evacuate Collection Set: 2.1ms
[2022-04-26T00:32:31.682+0000][8][gc,phases   ] GC(148)   Other: 30.3ms
[2022-04-26T00:32:31.683+0000][8][gc,heap     ] GC(148) Eden regions: 69->0(69)
[2022-04-26T00:32:31.684+0000][8][gc,heap     ] GC(148) Survivor regions: 1->1(9)
[2022-04-26T00:32:31.685+0000][8][gc,heap     ] GC(148) Old regions: 27->27
[2022-04-26T00:32:31.686+0000][8][gc,heap     ] GC(148) Archive regions: 2->2
[2022-04-26T00:32:31.687+0000][8][gc,heap     ] GC(148) Humongous regions: 6->6
[2022-04-26T00:32:31.688+0000][8][gc,metaspace] GC(148) Metaspace: 117343K(119168K)->117343K(119168K) NonClass: 101771K(102784K)->101771K(102784K) Class: 15571K(16384K)->15571K(16384K)
[2022-04-26T00:32:31.689+0000][8][gc          ] GC(148) Pause Young (Normal) (G1 Evacuation Pause) 412M->136M(512M) 50.348ms
[2022-04-26T00:32:31.690+0000][8][gc,cpu      ] GC(148) User=0.03s Sys=0.00s Real=0.05s
[2022-04-26T00:32:31.690+0000][8][safepoint   ] Safepoint "G1CollectForAllocation", Time since last: 5508706086 ns, Reaching safepoint: 3892417 ns, At safepoint: 52300916 ns, Total: 56193333 ns
[2022-04-26T00:32:36.698+0000][8][safepoint   ] Safepoint "Cleanup", Time since last: 5007512378 ns, Reaching safepoint: 387375 ns, At safepoint: 9208 ns, Total: 396583 ns
[2022-04-26T00:32:41.716+0000][8][safepoint   ] Safepoint "Cleanup", Time since last: 5016459211 ns, Reaching safepoint: 750500 ns, At safepoint: 14750 ns, Total: 765250 ns
[2022-04-26T00:32:44.728+0000][8][safepoint   ] Safepoint "Cleanup", Time since last: 3012113959 ns, Reaching safepoint: 94750 ns, At safepoint: 3000 ns, Total: 97750 ns
[2022-04-26T00:32:47.733+0000][8][safepoint   ] Safepoint "Cleanup", Time since last: 3005093294 ns, Reaching safepoint: 230833 ns, At safepoint: 12625 ns, Total: 243458 ns
[2022-04-26T00:32:50.736+0000][8][safepoint   ] Safepoint "Cleanup", Time since last: 3002560793 ns, Reaching safepoint: 154208 ns, At safepoint: 12792 ns, Total: 167000 ns
[2022-04-26T00:32:53.742+0000][8][safepoint   ] Safepoint "Cleanup", Time since last: 3006002668 ns, Reaching safepoint: 172750 ns, At safepoint: 6333 ns, Total: 179083 ns
[2022-04-26T00:33:02.770+0000][8][safepoint   ] Safepoint "Cleanup", Time since last: 9023760213 ns, Reaching safepoint: 524541 ns, At safepoint: 9375 ns, Total: 533916 ns
[2022-04-26T00:33:07.798+0000][8][safepoint   ] Safepoint "Cleanup", Time since last: 5029756378 ns, Reaching safepoint: 173083 ns, At safepoint: 5208 ns, Total: 178291 ns
[2022-04-26T00:33:17.814+0000][8][safepoint   ] Safepoint "Cleanup", Time since last: 10015113505 ns, Reaching safepoint: 480834 ns, At safepoint: 8250 ns, Total: 489084 ns
[2022-04-26T00:33:23.725+0000][8][gc,start    ] GC(149) Pause Young (Concurrent Start) (G1 Evacuation Pause)
[2022-04-26T00:33:23.725+0000][8][gc,task     ] GC(149) Using 5 workers of 5 for evacuation
[2022-04-26T00:33:23.726+0000][8][gc,age      ] GC(149) Desired survivor size 18874368 bytes, new threshold 15 (max threshold 15)
[2022-04-26T00:33:23.731+0000][8][gc,age      ] GC(149) Age table with threshold 15 (max threshold 15)
[2022-04-26T00:33:23.731+0000][8][gc,age      ] GC(149) - age   1:    1669008 bytes,    1669008 total
[2022-04-26T00:33:23.732+0000][8][gc,age      ] GC(149) - age   2:      10656 bytes,    1679664 total
[2022-04-26T00:33:23.733+0000][8][gc,age      ] GC(149) - age   3:       4520 bytes,    1684184 total
[2022-04-26T00:33:23.733+0000][8][gc,age      ] GC(149) - age   5:       3368 bytes,    1687552 total
[2022-04-26T00:33:23.734+0000][8][gc,age      ] GC(149) - age   6:       5064 bytes,    1692616 total
[2022-04-26T00:33:23.735+0000][8][gc,age      ] GC(149) - age   7:      30392 bytes,    1723008 total
[2022-04-26T00:33:23.736+0000][8][gc,age      ] GC(149) - age   8:       1312 bytes,    1724320 total
[2022-04-26T00:33:23.736+0000][8][gc,age      ] GC(149) - age   9:        392 bytes,    1724712 total
[2022-04-26T00:33:23.737+0000][8][gc,age      ] GC(149) - age  10:         48 bytes,    1724760 total
[2022-04-26T00:33:23.738+0000][8][gc,age      ] GC(149) - age  11:       1752 bytes,    1726512 total
[2022-04-26T00:33:23.739+0000][8][gc,phases   ] GC(149)   Pre Evacuate Collection Set: 0.3ms
[2022-04-26T00:33:23.740+0000][8][gc,phases   ] GC(149)   Merge Heap Roots: 0.1ms
[2022-04-26T00:33:23.740+0000][8][gc,phases   ] GC(149)   Evacuate Collection Set: 2.7ms
[2022-04-26T00:33:23.741+0000][8][gc,phases   ] GC(149)   Post Evacuate Collection Set: 0.9ms
[2022-04-26T00:33:23.741+0000][8][gc,phases   ] GC(149)   Other: 10.3ms
[2022-04-26T00:33:23.742+0000][8][gc,heap     ] GC(149) Eden regions: 69->0(69)
[2022-04-26T00:33:23.742+0000][8][gc,heap     ] GC(149) Survivor regions: 1->1(9)
[2022-04-26T00:33:23.743+0000][8][gc,heap     ] GC(149) Old regions: 27->27
[2022-04-26T00:33:23.744+0000][8][gc,heap     ] GC(149) Archive regions: 2->2
[2022-04-26T00:33:23.746+0000][8][gc,heap     ] GC(149) Humongous regions: 6->6
[2022-04-26T00:33:23.747+0000][8][gc,metaspace] GC(149) Metaspace: 117369K(119232K)->117369K(119232K) NonClass: 101797K(102848K)->101797K(102848K) Class: 15571K(16384K)->15571K(16384K)
[2022-04-26T00:33:23.748+0000][8][gc          ] GC(149) Pause Young (Concurrent Start) (G1 Evacuation Pause) 412M->137M(512M) 23.154ms
[2022-04-26T00:33:23.749+0000][8][gc,cpu      ] GC(149) User=0.02s Sys=0.00s Real=0.02s
[2022-04-26T00:33:23.750+0000][8][safepoint   ] Safepoint "G1CollectForAllocation", Time since last: 5910614752 ns, Reaching safepoint: 85209 ns, At safepoint: 25470916 ns, Total: 25556125 ns
[2022-04-26T00:33:23.750+0000][8][gc          ] GC(150) Concurrent Mark Cycle
[2022-04-26T00:33:23.752+0000][8][gc,marking  ] GC(150) Concurrent Clear Claimed Marks
[2022-04-26T00:33:23.753+0000][8][gc,marking  ] GC(150) Concurrent Clear Claimed Marks 1.139ms
[2022-04-26T00:33:23.754+0000][8][gc,marking  ] GC(150) Concurrent Scan Root Regions
[2022-04-26T00:33:23.757+0000][8][gc,marking  ] GC(150) Concurrent Scan Root Regions 2.709ms
[2022-04-26T00:33:23.758+0000][8][gc,marking  ] GC(150) Concurrent Mark
[2022-04-26T00:33:23.759+0000][8][gc,marking  ] GC(150) Concurrent Mark From Roots
[2022-04-26T00:33:23.760+0000][8][gc,task     ] GC(150) Using 1 workers of 1 for marking
[2022-04-26T00:33:23.936+0000][8][gc,marking  ] GC(150) Concurrent Mark From Roots 176.284ms
[2022-04-26T00:33:23.937+0000][8][gc,marking  ] GC(150) Concurrent Preclean
[2022-04-26T00:33:23.938+0000][8][gc,marking  ] GC(150) Concurrent Preclean 0.842ms
[2022-04-26T00:33:23.939+0000][8][gc,start    ] GC(150) Pause Remark
[2022-04-26T00:33:23.946+0000][8][gc          ] GC(150) Pause Remark 140M->140M(512M) 7.587ms
[2022-04-26T00:33:23.949+0000][8][gc,cpu      ] GC(150) User=0.03s Sys=0.00s Real=0.01s
[2022-04-26T00:33:23.949+0000][8][safepoint   ] Safepoint "G1Concurrent", Time since last: 188331000 ns, Reaching safepoint: 85125 ns, At safepoint: 10885084 ns, Total: 10970209 ns
[2022-04-26T00:33:23.950+0000][8][gc,marking  ] GC(150) Concurrent Mark 191.949ms
[2022-04-26T00:33:23.951+0000][8][gc,marking  ] GC(150) Concurrent Rebuild Remembered Sets
[2022-04-26T00:33:24.049+0000][8][gc,marking  ] GC(150) Concurrent Rebuild Remembered Sets 98.156ms
[2022-04-26T00:33:24.050+0000][8][gc,start    ] GC(150) Pause Cleanup
[2022-04-26T00:33:24.052+0000][8][gc          ] GC(150) Pause Cleanup 151M->151M(512M) 1.060ms
[2022-04-26T00:33:24.052+0000][8][gc,cpu      ] GC(150) User=0.00s Sys=0.00s Real=0.01s
[2022-04-26T00:33:24.053+0000][8][safepoint   ] Safepoint "G1Concurrent", Time since last: 100903208 ns, Reaching safepoint: 104042 ns, At safepoint: 2613667 ns, Total: 2717709 ns
[2022-04-26T00:33:24.054+0000][8][gc,marking  ] GC(150) Concurrent Cleanup for Next Mark
[2022-04-26T00:33:24.058+0000][8][gc,marking  ] GC(150) Concurrent Cleanup for Next Mark 3.055ms
[2022-04-26T00:33:24.058+0000][8][gc          ] GC(150) Concurrent Mark Cycle 307.959ms
[2022-04-26T00:33:35.069+0000][8][safepoint   ] Safepoint "Cleanup", Time since last: 11016096962 ns, Reaching safepoint: 73375 ns, At safepoint: 4167 ns, Total: 77542 ns
[2022-04-26T00:33:45.080+0000][8][safepoint   ] Safepoint "Cleanup", Time since last: 10011311838 ns, Reaching safepoint: 260125 ns, At safepoint: 7208 ns, Total: 267333 ns
[2022-04-26T00:33:48.086+0000][8][safepoint   ] Safepoint "Cleanup", Time since last: 3004827627 ns, Reaching safepoint: 331916 ns, At safepoint: 8750 ns, Total: 340666 ns
[2022-04-26T00:33:50.088+0000][8][safepoint   ] Safepoint "Cleanup", Time since last: 2002469043 ns, Reaching safepoint: 137875 ns, At safepoint: 9375 ns, Total: 147250 ns
[2022-04-26T00:33:54.014+0000][8][safepoint   ] Safepoint "Cleanup", Time since last: 3925929335 ns, Reaching safepoint: 70875 ns, At safepoint: 3417 ns, Total: 74292 ns
[2022-04-26T00:33:56.017+0000][8][safepoint   ] Safepoint "Cleanup", Time since last: 2002432459 ns, Reaching safepoint: 68833 ns, At safepoint: 6250 ns, Total: 75083 ns
[2022-04-26T00:34:17.047+0000][8][safepoint   ] Safepoint "Cleanup", Time since last: 21030591885 ns, Reaching safepoint: 115750 ns, At safepoint: 4333 ns, Total: 120083 ns
[2022-04-26T00:34:21.054+0000][8][safepoint   ] Safepoint "Cleanup", Time since last: 4006525418 ns, Reaching safepoint: 687417 ns, At safepoint: 16292 ns, Total: 703709 ns
[2022-04-26T00:34:21.528+0000][8][gc,start    ] GC(151) Pause Young (Prepare Mixed) (G1 Evacuation Pause)
[2022-04-26T00:34:21.528+0000][8][gc,task     ] GC(151) Using 5 workers of 5 for evacuation
[2022-04-26T00:34:21.529+0000][8][gc,age      ] GC(151) Desired survivor size 18874368 bytes, new threshold 15 (max threshold 15)
[2022-04-26T00:34:21.531+0000][8][gc,age      ] GC(151) Age table with threshold 15 (max threshold 15)
[2022-04-26T00:34:21.532+0000][8][gc,age      ] GC(151) - age   1:     711376 bytes,     711376 total
[2022-04-26T00:34:21.533+0000][8][gc,age      ] GC(151) - age   2:       7816 bytes,     719192 total
[2022-04-26T00:34:21.533+0000][8][gc,age      ] GC(151) - age   3:       8752 bytes,     727944 total
[2022-04-26T00:34:21.534+0000][8][gc,age      ] GC(151) - age   4:       4056 bytes,     732000 total
[2022-04-26T00:34:21.535+0000][8][gc,age      ] GC(151) - age   6:       2920 bytes,     734920 total
[2022-04-26T00:34:21.535+0000][8][gc,age      ] GC(151) - age   7:       4952 bytes,     739872 total
[2022-04-26T00:34:21.536+0000][8][gc,age      ] GC(151) - age   8:      30392 bytes,     770264 total
[2022-04-26T00:34:21.537+0000][8][gc,age      ] GC(151) - age   9:       1312 bytes,     771576 total
[2022-04-26T00:34:21.538+0000][8][gc,age      ] GC(151) - age  10:        328 bytes,     771904 total
[2022-04-26T00:34:21.538+0000][8][gc,age      ] GC(151) - age  11:         48 bytes,     771952 total
[2022-04-26T00:34:21.539+0000][8][gc,age      ] GC(151) - age  12:       1752 bytes,     773704 total
[2022-04-26T00:34:21.540+0000][8][gc,phases   ] GC(151)   Pre Evacuate Collection Set: 0.1ms
[2022-04-26T00:34:21.540+0000][8][gc,phases   ] GC(151)   Merge Heap Roots: 0.1ms
[2022-04-26T00:34:21.541+0000][8][gc,phases   ] GC(151)   Evacuate Collection Set: 1.0ms
[2022-04-26T00:34:21.541+0000][8][gc,phases   ] GC(151)   Post Evacuate Collection Set: 0.8ms
[2022-04-26T00:34:21.542+0000][8][gc,phases   ] GC(151)   Other: 9.9ms
[2022-04-26T00:34:21.543+0000][8][gc,heap     ] GC(151) Eden regions: 69->0(5)
[2022-04-26T00:34:21.543+0000][8][gc,heap     ] GC(151) Survivor regions: 1->1(9)
[2022-04-26T00:34:21.544+0000][8][gc,heap     ] GC(151) Old regions: 27->27
[2022-04-26T00:34:21.544+0000][8][gc,heap     ] GC(151) Archive regions: 2->2
[2022-04-26T00:34:21.545+0000][8][gc,heap     ] GC(151) Humongous regions: 6->6
[2022-04-26T00:34:21.546+0000][8][gc,metaspace] GC(151) Metaspace: 117379K(119232K)->117379K(119232K) NonClass: 101807K(102848K)->101807K(102848K) Class: 15571K(16384K)->15571K(16384K)
[2022-04-26T00:34:21.546+0000][8][gc          ] GC(151) Pause Young (Prepare Mixed) (G1 Evacuation Pause) 412M->136M(512M) 18.524ms
[2022-04-26T00:34:21.547+0000][8][gc,cpu      ] GC(151) User=0.00s Sys=0.01s Real=0.02s
[2022-04-26T00:34:21.548+0000][8][safepoint   ] Safepoint "G1CollectForAllocation", Time since last: 473331917 ns, Reaching safepoint: 116083 ns, At safepoint: 19986292 ns, Total: 20102375 ns
[2022-04-26T00:34:22.553+0000][8][safepoint   ] Safepoint "Cleanup", Time since last: 1005313500 ns, Reaching safepoint: 238083 ns, At safepoint: 12084 ns, Total: 250167 ns
[2022-04-26T00:34:24.559+0000][8][safepoint   ] Safepoint "Cleanup", Time since last: 2005314917 ns, Reaching safepoint: 319792 ns, At safepoint: 12875 ns, Total: 332667 ns
[2022-04-26T00:34:28.707+0000][8][gc,start    ] GC(152) Pause Young (Mixed) (G1 Evacuation Pause)
[2022-04-26T00:34:28.710+0000][8][gc,task     ] GC(152) Using 5 workers of 5 for evacuation
[2022-04-26T00:34:28.713+0000][8][gc,age      ] GC(152) Desired survivor size 2097152 bytes, new threshold 15 (max threshold 15)
[2022-04-26T00:34:28.725+0000][8][gc,age      ] GC(152) Age table with threshold 15 (max threshold 15)
[2022-04-26T00:34:28.728+0000][8][gc,age      ] GC(152) - age   1:     532784 bytes,     532784 total
[2022-04-26T00:34:28.730+0000][8][gc,age      ] GC(152) - age   2:     349624 bytes,     882408 total
[2022-04-26T00:34:28.731+0000][8][gc,age      ] GC(152) - age   3:       7144 bytes,     889552 total
[2022-04-26T00:34:28.733+0000][8][gc,age      ] GC(152) - age   4:       8656 bytes,     898208 total
[2022-04-26T00:34:28.735+0000][8][gc,age      ] GC(152) - age   5:       4056 bytes,     902264 total
[2022-04-26T00:34:28.736+0000][8][gc,age      ] GC(152) - age   7:       2920 bytes,     905184 total
[2022-04-26T00:34:28.737+0000][8][gc,age      ] GC(152) - age   8:       4952 bytes,     910136 total
[2022-04-26T00:34:28.739+0000][8][gc,age      ] GC(152) - age   9:      30392 bytes,     940528 total
[2022-04-26T00:34:28.740+0000][8][gc,age      ] GC(152) - age  10:       1312 bytes,     941840 total
[2022-04-26T00:34:28.741+0000][8][gc,age      ] GC(152) - age  11:        328 bytes,     942168 total
[2022-04-26T00:34:28.743+0000][8][gc,age      ] GC(152) - age  12:         48 bytes,     942216 total
[2022-04-26T00:34:28.744+0000][8][gc,age      ] GC(152) - age  13:       1752 bytes,     943968 total
[2022-04-26T00:34:28.746+0000][8][gc,phases   ] GC(152)   Pre Evacuate Collection Set: 0.2ms
[2022-04-26T00:34:28.747+0000][8][gc,phases   ] GC(152)   Merge Heap Roots: 0.9ms
[2022-04-26T00:34:28.748+0000][8][gc,phases   ] GC(152)   Evacuate Collection Set: 7.0ms
[2022-04-26T00:34:28.750+0000][8][gc,phases   ] GC(152)   Post Evacuate Collection Set: 1.9ms
[2022-04-26T00:34:28.751+0000][8][gc,phases   ] GC(152)   Other: 28.5ms
[2022-04-26T00:34:28.752+0000][8][gc,heap     ] GC(152) Eden regions: 5->0(70)
[2022-04-26T00:34:28.752+0000][8][gc,heap     ] GC(152) Survivor regions: 1->1(1)
[2022-04-26T00:34:28.753+0000][8][gc,heap     ] GC(152) Old regions: 27->27
[2022-04-26T00:34:28.754+0000][8][gc,heap     ] GC(152) Archive regions: 2->2
[2022-04-26T00:34:28.755+0000][8][gc,heap     ] GC(152) Humongous regions: 6->6
[2022-04-26T00:34:28.756+0000][8][gc,metaspace] GC(152) Metaspace: 117379K(119232K)->117379K(119232K) NonClass: 101807K(102848K)->101807K(102848K) Class: 15571K(16384K)->15571K(16384K)
[2022-04-26T00:34:28.757+0000][8][gc          ] GC(152) Pause Young (Mixed) (G1 Evacuation Pause) 156M->133M(512M) 49.659ms
[2022-04-26T00:34:28.758+0000][8][gc,cpu      ] GC(152) User=0.03s Sys=0.00s Real=0.05s
[2022-04-26T00:34:28.758+0000][8][safepoint   ] Safepoint "G1CollectForAllocation", Time since last: 4146793543 ns, Reaching safepoint: 173375 ns, At safepoint: 51179000 ns, Total: 51352375 ns
[2022-04-26T00:34:30.761+0000][8][safepoint   ] Safepoint "Cleanup", Time since last: 2002549417 ns, Reaching safepoint: 238917 ns, At safepoint: 8625 ns, Total: 247542 ns
[2022-04-26T00:34:31.767+0000][8][safepoint   ] Safepoint "Cleanup", Time since last: 1006052542 ns, Reaching safepoint: 244000 ns, At safepoint: 7125 ns, Total: 251125 ns
[2022-04-26T00:34:35.774+0000][8][safepoint   ] Safepoint "Cleanup", Time since last: 4006962085 ns, Reaching safepoint: 66209 ns, At safepoint: 2625 ns, Total: 68834 ns
[2022-04-26T00:34:44.783+0000][8][safepoint   ] Safepoint "Cleanup", Time since last: 9008630337 ns, Reaching safepoint: 106375 ns, At safepoint: 4459 ns, Total: 110834 ns
[2022-04-26T00:34:45.787+0000][8][safepoint   ] Safepoint "Cleanup", Time since last: 1002719167 ns, Reaching safepoint: 668458 ns, At safepoint: 25209 ns, Total: 693667 ns
[2022-04-26T00:34:47.805+0000][8][safepoint   ] Safepoint "Cleanup", Time since last: 2018598917 ns, Reaching safepoint: 157334 ns, At safepoint: 5833 ns, Total: 163167 ns
[2022-04-26T00:34:53.815+0000][8][safepoint   ] Safepoint "Cleanup", Time since last: 6009824044 ns, Reaching safepoint: 74042 ns, At safepoint: 2292 ns, Total: 76334 ns
[2022-04-26T00:34:54.821+0000][8][safepoint   ] Safepoint "Cleanup", Time since last: 1005853500 ns, Reaching safepoint: 160292 ns, At safepoint: 5792 ns, Total: 166084 ns
[2022-04-26T00:34:57.845+0000][8][safepoint   ] Safepoint "Cleanup", Time since last: 3025498250 ns, Reaching safepoint: 92875 ns, At safepoint: 3167 ns, Total: 96042 ns
[2022-04-26T00:34:58.846+0000][8][safepoint   ] Safepoint "Cleanup", Time since last: 1001470917 ns, Reaching safepoint: 71375 ns, At safepoint: 3500 ns, Total: 74875 ns
[2022-04-26T00:35:05.864+0000][8][safepoint   ] Safepoint "Cleanup", Time since last: 7015906253 ns, Reaching safepoint: 1334959 ns, At safepoint: 15833 ns, Total: 1350792 ns
[2022-04-26T00:35:19.894+0000][8][safepoint   ] Safepoint "Cleanup", Time since last: 14029969173 ns, Reaching safepoint: 309625 ns, At safepoint: 22959 ns, Total: 332584 ns
[2022-04-26T00:35:23.566+0000][8][gc,start    ] GC(153) Pause Young (Normal) (G1 Evacuation Pause)
[2022-04-26T00:35:23.567+0000][8][gc,task     ] GC(153) Using 5 workers of 5 for evacuation
[2022-04-26T00:35:23.569+0000][8][gc,age      ] GC(153) Desired survivor size 18874368 bytes, new threshold 15 (max threshold 15)
[2022-04-26T00:35:23.574+0000][8][gc,age      ] GC(153) Age table with threshold 15 (max threshold 15)
[2022-04-26T00:35:23.575+0000][8][gc,age      ] GC(153) - age   1:    1775304 bytes,    1775304 total
[2022-04-26T00:35:23.576+0000][8][gc,age      ] GC(153) - age   2:        544 bytes,    1775848 total
[2022-04-26T00:35:23.577+0000][8][gc,age      ] GC(153) - age   3:       5048 bytes,    1780896 total
[2022-04-26T00:35:23.578+0000][8][gc,age      ] GC(153) - age   4:       5152 bytes,    1786048 total
[2022-04-26T00:35:23.580+0000][8][gc,age      ] GC(153) - age   5:       8352 bytes,    1794400 total
[2022-04-26T00:35:23.581+0000][8][gc,age      ] GC(153) - age   6:       3744 bytes,    1798144 total
[2022-04-26T00:35:23.583+0000][8][gc,age      ] GC(153) - age   8:       2920 bytes,    1801064 total
[2022-04-26T00:35:23.584+0000][8][gc,age      ] GC(153) - age   9:       4952 bytes,    1806016 total
[2022-04-26T00:35:23.586+0000][8][gc,age      ] GC(153) - age  10:      30392 bytes,    1836408 total
[2022-04-26T00:35:23.587+0000][8][gc,age      ] GC(153) - age  11:       1312 bytes,    1837720 total
[2022-04-26T00:35:23.588+0000][8][gc,age      ] GC(153) - age  12:        328 bytes,    1838048 total
[2022-04-26T00:35:23.590+0000][8][gc,age      ] GC(153) - age  13:         48 bytes,    1838096 total
[2022-04-26T00:35:23.591+0000][8][gc,age      ] GC(153) - age  14:       1752 bytes,    1839848 total
[2022-04-26T00:35:23.593+0000][8][gc,phases   ] GC(153)   Pre Evacuate Collection Set: 0.2ms
[2022-04-26T00:35:23.594+0000][8][gc,phases   ] GC(153)   Merge Heap Roots: 0.0ms
[2022-04-26T00:35:23.595+0000][8][gc,phases   ] GC(153)   Evacuate Collection Set: 2.2ms
[2022-04-26T00:35:23.596+0000][8][gc,phases   ] GC(153)   Post Evacuate Collection Set: 1.0ms
[2022-04-26T00:35:23.596+0000][8][gc,phases   ] GC(153)   Other: 23.2ms
[2022-04-26T00:35:23.597+0000][8][gc,heap     ] GC(153) Eden regions: 70->0(70)
[2022-04-26T00:35:23.598+0000][8][gc,heap     ] GC(153) Survivor regions: 1->1(9)
[2022-04-26T00:35:23.599+0000][8][gc,heap     ] GC(153) Old regions: 27->27
[2022-04-26T00:35:23.600+0000][8][gc,heap     ] GC(153) Archive regions: 2->2
[2022-04-26T00:35:23.601+0000][8][gc,heap     ] GC(153) Humongous regions: 6->6
[2022-04-26T00:35:23.601+0000][8][gc,metaspace] GC(153) Metaspace: 117386K(119232K)->117386K(119232K) NonClass: 101814K(102848K)->101814K(102848K) Class: 15571K(16384K)->15571K(16384K)
[2022-04-26T00:35:23.605+0000][8][gc          ] GC(153) Pause Young (Normal) (G1 Evacuation Pause) 413M->134M(512M) 39.079ms
[2022-04-26T00:35:23.606+0000][8][gc,cpu      ] GC(153) User=0.01s Sys=0.01s Real=0.04s
[2022-04-26T00:35:23.607+0000][8][safepoint   ] Safepoint "G1CollectForAllocation", Time since last: 3671706960 ns, Reaching safepoint: 289666 ns, At safepoint: 41147125 ns, Total: 41436791 ns
[2022-04-26T00:35:24.178+0000][8][gc,heap,exit] Heap
[2022-04-26T00:35:24.180+0000][8][gc,heap,exit]  garbage-first heap   total 524288K, used 159376K [0x00000000e0000000, 0x0000000100000000)
[2022-04-26T00:35:24.181+0000][8][gc,heap,exit]   region size 4096K, 7 young (28672K), 1 survivors (4096K)
[2022-04-26T00:35:24.182+0000][8][gc,heap,exit]  Metaspace       used 117530K, committed 119296K, reserved 1155072K
[2022-04-26T00:35:24.184+0000][8][gc,heap,exit]   class space    used 15613K, committed 16384K, reserved 1048576K
