[2022-04-18T11:18:43.085+0000][9][gc] Using G1
[2022-04-18T11:18:43.142+0000][9][gc,init] Version: 17.0.2+8 (release)
[2022-04-18T11:18:43.143+0000][9][gc,init] CPUs: 5 total, 5 available
[2022-04-18T11:18:43.144+0000][9][gc,init] Memory: 7851M
[2022-04-18T11:18:43.145+0000][9][gc,init] Large Page Support: Disabled
[2022-04-18T11:18:43.147+0000][9][gc,init] NUMA Support: Disabled
[2022-04-18T11:18:43.148+0000][9][gc,init] Compressed Oops: Enabled (32-bit)
[2022-04-18T11:18:43.149+0000][9][gc,init] Heap Region Size: 4M
[2022-04-18T11:18:43.150+0000][9][gc,init] Heap Min Capacity: 512M
[2022-04-18T11:18:43.151+0000][9][gc,init] Heap Initial Capacity: 512M
[2022-04-18T11:18:43.152+0000][9][gc,init] Heap Max Capacity: 512M
[2022-04-18T11:18:43.153+0000][9][gc,init] Pre-touch: Enabled
[2022-04-18T11:18:43.154+0000][9][gc,init] Parallel Workers: 5
[2022-04-18T11:18:43.156+0000][9][gc,init] Concurrent Workers: 1
[2022-04-18T11:18:43.157+0000][9][gc,init] Concurrent Refinement Workers: 5
[2022-04-18T11:18:43.158+0000][9][gc,init] Periodic GC: Disabled
[2022-04-18T11:18:43.159+0000][9][gc,metaspace] CDS archive(s) mapped at: [0x0000000800000000-0x0000000800bd2000-0x0000000800bd2000), size 12394496, SharedBaseAddress: 0x0000000800000000, ArchiveRelocationMode: 0.
[2022-04-18T11:18:43.160+0000][9][gc,metaspace] Compressed class space mapped at: 0x0000000800c00000-0x0000000840c00000, reserved size: 1073741824
[2022-04-18T11:18:43.161+0000][9][gc,metaspace] Narrow klass base: 0x0000000800000000, Narrow klass shift: 0, Narrow klass range: 0x100000000
[2022-04-18T11:18:43.373+0000][9][safepoint   ] Safepoint "ICBufferFull", Time since last: 202542291 ns, Reaching safepoint: 370750 ns, At safepoint: 11292 ns, Total: 382042 ns
[2022-04-18T11:18:43.449+0000][9][safepoint   ] Safepoint "ICBufferFull", Time since last: 74880625 ns, Reaching safepoint: 338625 ns, At safepoint: 2167 ns, Total: 340792 ns
[2022-04-18T11:18:43.594+0000][9][safepoint   ] Safepoint "ICBufferFull", Time since last: 144949625 ns, Reaching safepoint: 70500 ns, At safepoint: 2167 ns, Total: 72667 ns
[2022-04-18T11:18:43.652+0000][9][gc,start    ] GC(0) Pause Young (Normal) (G1 Evacuation Pause)
[2022-04-18T11:18:43.654+0000][9][gc,task     ] GC(0) Using 5 workers of 5 for evacuation
[2022-04-18T11:18:43.655+0000][9][gc,age      ] GC(0) Desired survivor size 2097152 bytes, new threshold 15 (max threshold 15)
[2022-04-18T11:18:43.662+0000][9][gc,age      ] GC(0) Age table with threshold 15 (max threshold 15)
[2022-04-18T11:18:43.663+0000][9][gc,age      ] GC(0) - age   1:    4147032 bytes,    4147032 total
[2022-04-18T11:18:43.664+0000][9][gc,phases   ] GC(0)   Pre Evacuate Collection Set: 0.1ms
[2022-04-18T11:18:43.664+0000][9][gc,phases   ] GC(0)   Merge Heap Roots: 0.3ms
[2022-04-18T11:18:43.666+0000][9][gc,phases   ] GC(0)   Evacuate Collection Set: 4.3ms
[2022-04-18T11:18:43.667+0000][9][gc,phases   ] GC(0)   Post Evacuate Collection Set: 0.9ms
[2022-04-18T11:18:43.668+0000][9][gc,phases   ] GC(0)   Other: 5.8ms
[2022-04-18T11:18:43.669+0000][9][gc,heap     ] GC(0) Eden regions: 6->0(5)
[2022-04-18T11:18:43.670+0000][9][gc,heap     ] GC(0) Survivor regions: 0->1(1)
[2022-04-18T11:18:43.675+0000][9][gc,heap     ] GC(0) Old regions: 0->1
[2022-04-18T11:18:43.676+0000][9][gc,heap     ] GC(0) Archive regions: 2->2
[2022-04-18T11:18:43.677+0000][9][gc,heap     ] GC(0) Humongous regions: 0->0
[2022-04-18T11:18:43.678+0000][9][gc,metaspace] GC(0) Metaspace: 8834K(9024K)->8834K(9024K) NonClass: 7777K(7872K)->7777K(7872K) Class: 1056K(1152K)->1056K(1152K)
[2022-04-18T11:18:43.679+0000][9][gc          ] GC(0) Pause Young (Normal) (G1 Evacuation Pause) 27M->8M(512M) 27.137ms
[2022-04-18T11:18:43.681+0000][9][gc,cpu      ] GC(0) User=0.01s Sys=0.01s Real=0.03s
[2022-04-18T11:18:43.683+0000][9][safepoint   ] Safepoint "G1CollectForAllocation", Time since last: 58408791 ns, Reaching safepoint: 176042 ns, At safepoint: 30370417 ns, Total: 30546459 ns
[2022-04-18T11:18:43.849+0000][9][safepoint   ] Safepoint "ICBufferFull", Time since last: 166085583 ns, Reaching safepoint: 245125 ns, At safepoint: 5125 ns, Total: 250250 ns
[2022-04-18T11:18:44.053+0000][9][gc,start    ] GC(1) Pause Young (Normal) (G1 Evacuation Pause)
[2022-04-18T11:18:44.054+0000][9][gc,task     ] GC(1) Using 5 workers of 5 for evacuation
[2022-04-18T11:18:44.055+0000][9][gc,age      ] GC(1) Desired survivor size 2097152 bytes, new threshold 1 (max threshold 15)
[2022-04-18T11:18:44.059+0000][9][gc,age      ] GC(1) Age table with threshold 1 (max threshold 15)
[2022-04-18T11:18:44.060+0000][9][gc,age      ] GC(1) - age   1:    1961816 bytes,    1961816 total
[2022-04-18T11:18:44.061+0000][9][gc,phases   ] GC(1)   Pre Evacuate Collection Set: 0.3ms
[2022-04-18T11:18:44.063+0000][9][gc,phases   ] GC(1)   Merge Heap Roots: 0.2ms
[2022-04-18T11:18:44.064+0000][9][gc,phases   ] GC(1)   Evacuate Collection Set: 2.2ms
[2022-04-18T11:18:44.065+0000][9][gc,phases   ] GC(1)   Post Evacuate Collection Set: 0.9ms
[2022-04-18T11:18:44.066+0000][9][gc,phases   ] GC(1)   Other: 4.6ms
[2022-04-18T11:18:44.066+0000][9][gc,heap     ] GC(1) Eden regions: 5->0(7)
[2022-04-18T11:18:44.067+0000][9][gc,heap     ] GC(1) Survivor regions: 1->1(1)
[2022-04-18T11:18:44.069+0000][9][gc,heap     ] GC(1) Old regions: 1->2
[2022-04-18T11:18:44.070+0000][9][gc,heap     ] GC(1) Archive regions: 2->2
[2022-04-18T11:18:44.071+0000][9][gc,heap     ] GC(1) Humongous regions: 0->0
[2022-04-18T11:18:44.072+0000][9][gc,metaspace] GC(1) Metaspace: 12180K(12352K)->12180K(12352K) NonClass: 10672K(10752K)->10672K(10752K) Class: 1508K(1600K)->1508K(1600K)
[2022-04-18T11:18:44.073+0000][9][gc          ] GC(1) Pause Young (Normal) (G1 Evacuation Pause) 28M->10M(512M) 19.736ms
[2022-04-18T11:18:44.074+0000][9][gc,cpu      ] GC(1) User=0.01s Sys=0.00s Real=0.02s
[2022-04-18T11:18:44.075+0000][9][safepoint   ] Safepoint "G1CollectForAllocation", Time since last: 203414708 ns, Reaching safepoint: 537834 ns, At safepoint: 21901041 ns, Total: 22438875 ns
[2022-04-18T11:18:44.323+0000][9][safepoint   ] Safepoint "ICBufferFull", Time since last: 248158376 ns, Reaching safepoint: 397750 ns, At safepoint: 43000 ns, Total: 440750 ns
[2022-04-18T11:18:44.351+0000][9][gc,start    ] GC(2) Pause Young (Normal) (G1 Evacuation Pause)
[2022-04-18T11:18:44.352+0000][9][gc,task     ] GC(2) Using 5 workers of 5 for evacuation
[2022-04-18T11:18:44.353+0000][9][gc,age      ] GC(2) Desired survivor size 2097152 bytes, new threshold 15 (max threshold 15)
[2022-04-18T11:18:44.356+0000][9][gc,age      ] GC(2) Age table with threshold 15 (max threshold 15)
[2022-04-18T11:18:44.357+0000][9][gc,age      ] GC(2) - age   1:     809120 bytes,     809120 total
[2022-04-18T11:18:44.358+0000][9][gc,age      ] GC(2) - age   2:    1944416 bytes,    2753536 total
[2022-04-18T11:18:44.359+0000][9][gc,phases   ] GC(2)   Pre Evacuate Collection Set: 0.1ms
[2022-04-18T11:18:44.360+0000][9][gc,phases   ] GC(2)   Merge Heap Roots: 0.0ms
[2022-04-18T11:18:44.361+0000][9][gc,phases   ] GC(2)   Evacuate Collection Set: 1.5ms
[2022-04-18T11:18:44.362+0000][9][gc,phases   ] GC(2)   Post Evacuate Collection Set: 0.6ms
[2022-04-18T11:18:44.363+0000][9][gc,phases   ] GC(2)   Other: 6.0ms
[2022-04-18T11:18:44.364+0000][9][gc,heap     ] GC(2) Eden regions: 7->0(31)
[2022-04-18T11:18:44.365+0000][9][gc,heap     ] GC(2) Survivor regions: 1->1(1)
[2022-04-18T11:18:44.365+0000][9][gc,heap     ] GC(2) Old regions: 2->2
[2022-04-18T11:18:44.366+0000][9][gc,heap     ] GC(2) Archive regions: 2->2
[2022-04-18T11:18:44.367+0000][9][gc,heap     ] GC(2) Humongous regions: 0->0
[2022-04-18T11:18:44.369+0000][9][gc,metaspace] GC(2) Metaspace: 14553K(14784K)->14553K(14784K) NonClass: 12808K(12928K)->12808K(12928K) Class: 1744K(1856K)->1744K(1856K)
[2022-04-18T11:18:44.370+0000][9][gc          ] GC(2) Pause Young (Normal) (G1 Evacuation Pause) 38M->10M(512M) 19.641ms
[2022-04-18T11:18:44.371+0000][9][gc,cpu      ] GC(2) User=0.02s Sys=0.00s Real=0.02s
[2022-04-18T11:18:44.372+0000][9][safepoint   ] Safepoint "G1CollectForAllocation", Time since last: 27299666 ns, Reaching safepoint: 189334 ns, At safepoint: 21337708 ns, Total: 21527042 ns
[2022-04-18T11:18:44.661+0000][9][safepoint   ] Safepoint "ICBufferFull", Time since last: 288542625 ns, Reaching safepoint: 579167 ns, At safepoint: 48250 ns, Total: 627417 ns
[2022-04-18T11:18:44.713+0000][9][safepoint   ] Safepoint "ICBufferFull", Time since last: 50976083 ns, Reaching safepoint: 248125 ns, At safepoint: 5458 ns, Total: 253583 ns
[2022-04-18T11:18:44.728+0000][9][safepoint   ] Safepoint "ICBufferFull", Time since last: 15415875 ns, Reaching safepoint: 130167 ns, At safepoint: 26333 ns, Total: 156500 ns
[2022-04-18T11:18:44.730+0000][9][safepoint   ] Safepoint "ICBufferFull", Time since last: 1846625 ns, Reaching safepoint: 34375 ns, At safepoint: 1209 ns, Total: 35584 ns
[2022-04-18T11:18:44.732+0000][9][safepoint   ] Safepoint "ICBufferFull", Time since last: 1721041 ns, Reaching safepoint: 133792 ns, At safepoint: 3292 ns, Total: 137084 ns
[2022-04-18T11:18:44.733+0000][9][safepoint   ] Safepoint "ICBufferFull", Time since last: 1328666 ns, Reaching safepoint: 28375 ns, At safepoint: 1250 ns, Total: 29625 ns
[2022-04-18T11:18:44.735+0000][9][safepoint   ] Safepoint "ICBufferFull", Time since last: 2192000 ns, Reaching safepoint: 33167 ns, At safepoint: 1583 ns, Total: 34750 ns
[2022-04-18T11:18:44.738+0000][9][safepoint   ] Safepoint "ICBufferFull", Time since last: 2395542 ns, Reaching safepoint: 214417 ns, At safepoint: 2083 ns, Total: 216500 ns
[2022-04-18T11:18:44.740+0000][9][safepoint   ] Safepoint "ICBufferFull", Time since last: 1313000 ns, Reaching safepoint: 271667 ns, At safepoint: 3125 ns, Total: 274792 ns
[2022-04-18T11:18:44.741+0000][9][safepoint   ] Safepoint "ICBufferFull", Time since last: 1520541 ns, Reaching safepoint: 198292 ns, At safepoint: 2708 ns, Total: 201000 ns
[2022-04-18T11:18:44.744+0000][9][safepoint   ] Safepoint "ICBufferFull", Time since last: 1882792 ns, Reaching safepoint: 484958 ns, At safepoint: 2709 ns, Total: 487667 ns
[2022-04-18T11:18:44.745+0000][9][safepoint   ] Safepoint "ICBufferFull", Time since last: 1317250 ns, Reaching safepoint: 410416 ns, At safepoint: 3000 ns, Total: 413416 ns
[2022-04-18T11:18:44.770+0000][9][safepoint   ] Safepoint "ICBufferFull", Time since last: 24526209 ns, Reaching safepoint: 333166 ns, At safepoint: 58084 ns, Total: 391250 ns
[2022-04-18T11:18:44.807+0000][9][gc,start    ] GC(3) Pause Young (Normal) (G1 Evacuation Pause)
[2022-04-18T11:18:44.808+0000][9][gc,task     ] GC(3) Using 5 workers of 5 for evacuation
[2022-04-18T11:18:44.809+0000][9][gc,age      ] GC(3) Desired survivor size 8388608 bytes, new threshold 15 (max threshold 15)
[2022-04-18T11:18:44.813+0000][9][gc,age      ] GC(3) Age table with threshold 15 (max threshold 15)
[2022-04-18T11:18:44.816+0000][9][gc,age      ] GC(3) - age   1:    3353408 bytes,    3353408 total
[2022-04-18T11:18:44.817+0000][9][gc,age      ] GC(3) - age   2:     748232 bytes,    4101640 total
[2022-04-18T11:18:44.818+0000][9][gc,age      ] GC(3) - age   3:    1942752 bytes,    6044392 total
[2022-04-18T11:18:44.819+0000][9][gc,phases   ] GC(3)   Pre Evacuate Collection Set: 0.1ms
[2022-04-18T11:18:44.820+0000][9][gc,phases   ] GC(3)   Merge Heap Roots: 0.2ms
[2022-04-18T11:18:44.821+0000][9][gc,phases   ] GC(3)   Evacuate Collection Set: 2.4ms
[2022-04-18T11:18:44.823+0000][9][gc,phases   ] GC(3)   Post Evacuate Collection Set: 0.4ms
[2022-04-18T11:18:44.824+0000][9][gc,phases   ] GC(3)   Other: 9.1ms
[2022-04-18T11:18:44.825+0000][9][gc,heap     ] GC(3) Eden regions: 31->0(74)
[2022-04-18T11:18:44.827+0000][9][gc,heap     ] GC(3) Survivor regions: 1->2(4)
[2022-04-18T11:18:44.828+0000][9][gc,heap     ] GC(3) Old regions: 2->2
[2022-04-18T11:18:44.829+0000][9][gc,heap     ] GC(3) Archive regions: 2->2
[2022-04-18T11:18:44.830+0000][9][gc,heap     ] GC(3) Humongous regions: 0->0
[2022-04-18T11:18:44.832+0000][9][gc,metaspace] GC(3) Metaspace: 17171K(17472K)->17171K(17472K) NonClass: 15134K(15296K)->15134K(15296K) Class: 2036K(2176K)->2036K(2176K)
[2022-04-18T11:18:44.833+0000][9][gc          ] GC(3) Pause Young (Normal) (G1 Evacuation Pause) 134M->14M(512M) 25.570ms
[2022-04-18T11:18:44.834+0000][9][gc,cpu      ] GC(3) User=0.02s Sys=0.00s Real=0.03s
[2022-04-18T11:18:44.836+0000][9][safepoint   ] Safepoint "G1CollectForAllocation", Time since last: 36603750 ns, Reaching safepoint: 33958 ns, At safepoint: 28764875 ns, Total: 28798833 ns
[2022-04-18T11:18:45.030+0000][9][safepoint   ] Safepoint "ICBufferFull", Time since last: 194276292 ns, Reaching safepoint: 158000 ns, At safepoint: 5167 ns, Total: 163167 ns
[2022-04-18T11:18:45.202+0000][9][gc,start    ] GC(4) Pause Young (Normal) (G1 Evacuation Pause)
[2022-04-18T11:18:45.203+0000][9][gc,task     ] GC(4) Using 5 workers of 5 for evacuation
[2022-04-18T11:18:45.204+0000][9][gc,age      ] GC(4) Desired survivor size 20971520 bytes, new threshold 15 (max threshold 15)
[2022-04-18T11:18:45.210+0000][9][gc,age      ] GC(4) Age table with threshold 15 (max threshold 15)
[2022-04-18T11:18:45.211+0000][9][gc,age      ] GC(4) - age   1:    5891240 bytes,    5891240 total
[2022-04-18T11:18:45.212+0000][9][gc,age      ] GC(4) - age   2:    2385296 bytes,    8276536 total
[2022-04-18T11:18:45.213+0000][9][gc,age      ] GC(4) - age   3:     747840 bytes,    9024376 total
[2022-04-18T11:18:45.214+0000][9][gc,age      ] GC(4) - age   4:    1941968 bytes,   10966344 total
[2022-04-18T11:18:45.215+0000][9][gc,phases   ] GC(4)   Pre Evacuate Collection Set: 0.0ms
[2022-04-18T11:18:45.217+0000][9][gc,phases   ] GC(4)   Merge Heap Roots: 0.1ms
[2022-04-18T11:18:45.218+0000][9][gc,phases   ] GC(4)   Evacuate Collection Set: 4.2ms
[2022-04-18T11:18:45.219+0000][9][gc,phases   ] GC(4)   Post Evacuate Collection Set: 0.6ms
[2022-04-18T11:18:45.220+0000][9][gc,phases   ] GC(4)   Other: 7.8ms
[2022-04-18T11:18:45.221+0000][9][gc,heap     ] GC(4) Eden regions: 74->0(73)
[2022-04-18T11:18:45.221+0000][9][gc,heap     ] GC(4) Survivor regions: 2->3(10)
[2022-04-18T11:18:45.222+0000][9][gc,heap     ] GC(4) Old regions: 2->2
[2022-04-18T11:18:45.223+0000][9][gc,heap     ] GC(4) Archive regions: 2->2
[2022-04-18T11:18:45.223+0000][9][gc,heap     ] GC(4) Humongous regions: 0->0
[2022-04-18T11:18:45.224+0000][9][gc,metaspace] GC(4) Metaspace: 18673K(19072K)->18673K(19072K) NonClass: 16395K(16640K)->16395K(16640K) Class: 2278K(2432K)->2278K(2432K)
[2022-04-18T11:18:45.225+0000][9][gc          ] GC(4) Pause Young (Normal) (G1 Evacuation Pause) 310M->18M(512M) 22.484ms
[2022-04-18T11:18:45.225+0000][9][gc,cpu      ] GC(4) User=0.02s Sys=0.00s Real=0.02s
[2022-04-18T11:18:45.226+0000][9][safepoint   ] Safepoint "G1CollectForAllocation", Time since last: 172078500 ns, Reaching safepoint: 55291 ns, At safepoint: 24094542 ns, Total: 24149833 ns
[2022-04-18T11:18:45.503+0000][9][gc,start    ] GC(5) Pause Young (Normal) (G1 Evacuation Pause)
[2022-04-18T11:18:45.504+0000][9][gc,task     ] GC(5) Using 5 workers of 5 for evacuation
[2022-04-18T11:18:45.505+0000][9][gc,age      ] GC(5) Desired survivor size 20971520 bytes, new threshold 15 (max threshold 15)
[2022-04-18T11:18:45.510+0000][9][gc,age      ] GC(5) Age table with threshold 15 (max threshold 15)
[2022-04-18T11:18:45.511+0000][9][gc,age      ] GC(5) - age   1:    1773560 bytes,    1773560 total
[2022-04-18T11:18:45.513+0000][9][gc,age      ] GC(5) - age   2:    5082712 bytes,    6856272 total
[2022-04-18T11:18:45.513+0000][9][gc,age      ] GC(5) - age   3:    2384832 bytes,    9241104 total
[2022-04-18T11:18:45.514+0000][9][gc,age      ] GC(5) - age   4:     747568 bytes,    9988672 total
[2022-04-18T11:18:45.515+0000][9][gc,age      ] GC(5) - age   5:    1941904 bytes,   11930576 total
[2022-04-18T11:18:45.516+0000][9][gc,phases   ] GC(5)   Pre Evacuate Collection Set: 0.1ms
[2022-04-18T11:18:45.517+0000][9][gc,phases   ] GC(5)   Merge Heap Roots: 0.0ms
[2022-04-18T11:18:45.518+0000][9][gc,phases   ] GC(5)   Evacuate Collection Set: 2.8ms
[2022-04-18T11:18:45.519+0000][9][gc,phases   ] GC(5)   Post Evacuate Collection Set: 1.2ms
[2022-04-18T11:18:45.520+0000][9][gc,phases   ] GC(5)   Other: 9.0ms
[2022-04-18T11:18:45.521+0000][9][gc,heap     ] GC(5) Eden regions: 73->0(73)
[2022-04-18T11:18:45.522+0000][9][gc,heap     ] GC(5) Survivor regions: 3->3(10)
[2022-04-18T11:18:45.524+0000][9][gc,heap     ] GC(5) Old regions: 2->2
[2022-04-18T11:18:45.525+0000][9][gc,heap     ] GC(5) Archive regions: 2->2
[2022-04-18T11:18:45.525+0000][9][gc,heap     ] GC(5) Humongous regions: 0->0
[2022-04-18T11:18:45.527+0000][9][gc,metaspace] GC(5) Metaspace: 19569K(20032K)->19569K(20032K) NonClass: 17158K(17408K)->17158K(17408K) Class: 2411K(2624K)->2411K(2624K)
[2022-04-18T11:18:45.528+0000][9][gc          ] GC(5) Pause Young (Normal) (G1 Evacuation Pause) 310M->20M(512M) 25.123ms
[2022-04-18T11:18:45.529+0000][9][gc,cpu      ] GC(5) User=0.01s Sys=0.01s Real=0.03s
[2022-04-18T11:18:45.530+0000][9][safepoint   ] Safepoint "G1CollectForAllocation", Time since last: 276143375 ns, Reaching safepoint: 313542 ns, At safepoint: 26730542 ns, Total: 27044084 ns
[2022-04-18T11:18:45.789+0000][9][safepoint   ] Safepoint "ICBufferFull", Time since last: 258170375 ns, Reaching safepoint: 519916 ns, At safepoint: 484084 ns, Total: 1004000 ns
[2022-04-18T11:18:45.816+0000][9][gc,start    ] GC(6) Pause Young (Normal) (G1 Evacuation Pause)
[2022-04-18T11:18:45.817+0000][9][gc,task     ] GC(6) Using 5 workers of 5 for evacuation
[2022-04-18T11:18:45.819+0000][9][gc,age      ] GC(6) Desired survivor size 20971520 bytes, new threshold 15 (max threshold 15)
[2022-04-18T11:18:45.826+0000][9][gc,age      ] GC(6) Age table with threshold 15 (max threshold 15)
[2022-04-18T11:18:45.827+0000][9][gc,age      ] GC(6) - age   1:    2483488 bytes,    2483488 total
[2022-04-18T11:18:45.829+0000][9][gc,age      ] GC(6) - age   2:    1319688 bytes,    3803176 total
[2022-04-18T11:18:45.830+0000][9][gc,age      ] GC(6) - age   3:    5077680 bytes,    8880856 total
[2022-04-18T11:18:45.831+0000][9][gc,age      ] GC(6) - age   4:    2383344 bytes,   11264200 total
[2022-04-18T11:18:45.832+0000][9][gc,age      ] GC(6) - age   5:     746888 bytes,   12011088 total
[2022-04-18T11:18:45.833+0000][9][gc,age      ] GC(6) - age   6:    1941568 bytes,   13952656 total
[2022-04-18T11:18:45.835+0000][9][gc,phases   ] GC(6)   Pre Evacuate Collection Set: 0.1ms
[2022-04-18T11:18:45.836+0000][9][gc,phases   ] GC(6)   Merge Heap Roots: 0.1ms
[2022-04-18T11:18:45.837+0000][9][gc,phases   ] GC(6)   Evacuate Collection Set: 4.0ms
[2022-04-18T11:18:45.837+0000][9][gc,phases   ] GC(6)   Post Evacuate Collection Set: 1.8ms
[2022-04-18T11:18:45.838+0000][9][gc,phases   ] GC(6)   Other: 13.5ms
[2022-04-18T11:18:45.839+0000][9][gc,heap     ] GC(6) Eden regions: 73->0(72)
[2022-04-18T11:18:45.840+0000][9][gc,heap     ] GC(6) Survivor regions: 3->4(10)
[2022-04-18T11:18:45.841+0000][9][gc,heap     ] GC(6) Old regions: 2->2
[2022-04-18T11:18:45.842+0000][9][gc,heap     ] GC(6) Archive regions: 2->2
[2022-04-18T11:18:45.843+0000][9][gc,heap     ] GC(6) Humongous regions: 0->0
[2022-04-18T11:18:45.844+0000][9][gc,metaspace] GC(6) Metaspace: 20752K(21248K)->20752K(21248K) NonClass: 18180K(18496K)->18180K(18496K) Class: 2571K(2752K)->2571K(2752K)
[2022-04-18T11:18:45.845+0000][9][gc          ] GC(6) Pause Young (Normal) (G1 Evacuation Pause) 312M->22M(512M) 28.641ms
[2022-04-18T11:18:45.846+0000][9][gc,cpu      ] GC(6) User=0.02s Sys=0.01s Real=0.03s
[2022-04-18T11:18:45.849+0000][9][safepoint   ] Safepoint "G1CollectForAllocation", Time since last: 26451041 ns, Reaching safepoint: 148709 ns, At safepoint: 33916458 ns, Total: 34065167 ns
[2022-04-18T11:18:46.047+0000][9][gc,start    ] GC(7) Pause Young (Concurrent Start) (Metadata GC Threshold)
[2022-04-18T11:18:46.048+0000][9][gc,task     ] GC(7) Using 5 workers of 5 for evacuation
[2022-04-18T11:18:46.049+0000][9][gc,age      ] GC(7) Desired survivor size 20971520 bytes, new threshold 15 (max threshold 15)
[2022-04-18T11:18:46.057+0000][9][gc,age      ] GC(7) Age table with threshold 15 (max threshold 15)
[2022-04-18T11:18:46.058+0000][9][gc,age      ] GC(7) - age   1:     925440 bytes,     925440 total
[2022-04-18T11:18:46.059+0000][9][gc,age      ] GC(7) - age   2:    2177440 bytes,    3102880 total
[2022-04-18T11:18:46.061+0000][9][gc,age      ] GC(7) - age   3:    1318920 bytes,    4421800 total
[2022-04-18T11:18:46.063+0000][9][gc,age      ] GC(7) - age   4:    5076280 bytes,    9498080 total
[2022-04-18T11:18:46.064+0000][9][gc,age      ] GC(7) - age   5:    2383264 bytes,   11881344 total
[2022-04-18T11:18:46.065+0000][9][gc,age      ] GC(7) - age   6:     746888 bytes,   12628232 total
[2022-04-18T11:18:46.066+0000][9][gc,age      ] GC(7) - age   7:    1941568 bytes,   14569800 total
[2022-04-18T11:18:46.067+0000][9][gc,phases   ] GC(7)   Pre Evacuate Collection Set: 0.3ms
[2022-04-18T11:18:46.068+0000][9][gc,phases   ] GC(7)   Merge Heap Roots: 0.3ms
[2022-04-18T11:18:46.068+0000][9][gc,phases   ] GC(7)   Evacuate Collection Set: 4.8ms
[2022-04-18T11:18:46.069+0000][9][gc,phases   ] GC(7)   Post Evacuate Collection Set: 1.4ms
[2022-04-18T11:18:46.070+0000][9][gc,phases   ] GC(7)   Other: 13.3ms
[2022-04-18T11:18:46.071+0000][9][gc,heap     ] GC(7) Eden regions: 56->0(72)
[2022-04-18T11:18:46.072+0000][9][gc,heap     ] GC(7) Survivor regions: 4->4(10)
[2022-04-18T11:18:46.074+0000][9][gc,heap     ] GC(7) Old regions: 2->2
[2022-04-18T11:18:46.075+0000][9][gc,heap     ] GC(7) Archive regions: 2->2
[2022-04-18T11:18:46.076+0000][9][gc,heap     ] GC(7) Humongous regions: 0->0
[2022-04-18T11:18:46.077+0000][9][gc,metaspace] GC(7) Metaspace: 20968K(21504K)->20968K(21504K) NonClass: 18354K(18688K)->18354K(18688K) Class: 2614K(2816K)->2614K(2816K)
[2022-04-18T11:18:46.078+0000][9][gc          ] GC(7) Pause Young (Concurrent Start) (Metadata GC Threshold) 246M->22M(512M) 30.990ms
[2022-04-18T11:18:46.079+0000][9][gc,cpu      ] GC(7) User=0.01s Sys=0.00s Real=0.04s
[2022-04-18T11:18:46.080+0000][9][safepoint   ] Safepoint "CollectForMetadataAllocation", Time since last: 197511875 ns, Reaching safepoint: 157875 ns, At safepoint: 33141417 ns, Total: 33299292 ns
[2022-04-18T11:18:46.080+0000][9][gc          ] GC(8) Concurrent Mark Cycle
[2022-04-18T11:18:46.083+0000][9][gc,marking  ] GC(8) Concurrent Clear Claimed Marks
[2022-04-18T11:18:46.084+0000][9][gc,marking  ] GC(8) Concurrent Clear Claimed Marks 0.661ms
[2022-04-18T11:18:46.085+0000][9][gc,marking  ] GC(8) Concurrent Scan Root Regions
[2022-04-18T11:18:46.089+0000][9][gc,marking  ] GC(8) Concurrent Scan Root Regions 4.267ms
[2022-04-18T11:18:46.090+0000][9][gc,marking  ] GC(8) Concurrent Mark
[2022-04-18T11:18:46.091+0000][9][gc,marking  ] GC(8) Concurrent Mark From Roots
[2022-04-18T11:18:46.092+0000][9][gc,task     ] GC(8) Using 1 workers of 1 for marking
[2022-04-18T11:18:46.096+0000][9][gc,marking  ] GC(8) Concurrent Mark From Roots 5.546ms
[2022-04-18T11:18:46.099+0000][9][gc,marking  ] GC(8) Concurrent Preclean
[2022-04-18T11:18:46.100+0000][9][gc,marking  ] GC(8) Concurrent Preclean 0.996ms
[2022-04-18T11:18:46.101+0000][9][gc,start    ] GC(8) Pause Remark
[2022-04-18T11:18:46.106+0000][9][gc          ] GC(8) Pause Remark 24M->24M(512M) 5.570ms
[2022-04-18T11:18:46.108+0000][9][gc,cpu      ] GC(8) User=0.01s Sys=0.01s Real=0.01s
[2022-04-18T11:18:46.109+0000][9][safepoint   ] Safepoint "G1Concurrent", Time since last: 20072875 ns, Reaching safepoint: 475166 ns, At safepoint: 8457584 ns, Total: 8932750 ns
[2022-04-18T11:18:46.111+0000][9][gc,marking  ] GC(8) Concurrent Mark 20.674ms
[2022-04-18T11:18:46.112+0000][9][gc,marking  ] GC(8) Concurrent Rebuild Remembered Sets
[2022-04-18T11:18:46.116+0000][9][gc,marking  ] GC(8) Concurrent Rebuild Remembered Sets 3.852ms
[2022-04-18T11:18:46.118+0000][9][gc,start    ] GC(8) Pause Cleanup
[2022-04-18T11:18:46.120+0000][9][gc          ] GC(8) Pause Cleanup 24M->24M(512M) 1.857ms
[2022-04-18T11:18:46.122+0000][9][gc,cpu      ] GC(8) User=0.00s Sys=0.00s Real=0.00s
[2022-04-18T11:18:46.123+0000][9][safepoint   ] Safepoint "G1Concurrent", Time since last: 8275333 ns, Reaching safepoint: 760125 ns, At safepoint: 4685125 ns, Total: 5445250 ns
[2022-04-18T11:18:46.124+0000][9][gc,marking  ] GC(8) Concurrent Cleanup for Next Mark
[2022-04-18T11:18:46.126+0000][9][gc,marking  ] GC(8) Concurrent Cleanup for Next Mark 1.318ms
[2022-04-18T11:18:46.128+0000][9][gc          ] GC(8) Concurrent Mark Cycle 47.687ms
[2022-04-18T11:18:46.247+0000][9][safepoint   ] Safepoint "ICBufferFull", Time since last: 123160792 ns, Reaching safepoint: 587500 ns, At safepoint: 7583 ns, Total: 595083 ns
[2022-04-18T11:18:46.346+0000][9][safepoint   ] Safepoint "ICBufferFull", Time since last: 99577417 ns, Reaching safepoint: 105292 ns, At safepoint: 9166 ns, Total: 114458 ns
[2022-04-18T11:18:46.348+0000][9][safepoint   ] Safepoint "ICBufferFull", Time since last: 1369834 ns, Reaching safepoint: 714375 ns, At safepoint: 14291 ns, Total: 728666 ns
[2022-04-18T11:18:46.350+0000][9][safepoint   ] Safepoint "ICBufferFull", Time since last: 1183334 ns, Reaching safepoint: 27416 ns, At safepoint: 1542 ns, Total: 28958 ns
[2022-04-18T11:18:46.351+0000][9][safepoint   ] Safepoint "ICBufferFull", Time since last: 1149917 ns, Reaching safepoint: 89458 ns, At safepoint: 2542 ns, Total: 92000 ns
[2022-04-18T11:18:46.352+0000][9][safepoint   ] Safepoint "ICBufferFull", Time since last: 1009333 ns, Reaching safepoint: 121042 ns, At safepoint: 2625 ns, Total: 123667 ns
[2022-04-18T11:18:46.353+0000][9][safepoint   ] Safepoint "ICBufferFull", Time since last: 1047291 ns, Reaching safepoint: 158625 ns, At safepoint: 2459 ns, Total: 161084 ns
[2022-04-18T11:18:46.354+0000][9][safepoint   ] Safepoint "ICBufferFull", Time since last: 954416 ns, Reaching safepoint: 120667 ns, At safepoint: 2208 ns, Total: 122875 ns
[2022-04-18T11:18:46.364+0000][9][safepoint   ] Safepoint "ICBufferFull", Time since last: 9558417 ns, Reaching safepoint: 135167 ns, At safepoint: 2666 ns, Total: 137833 ns
[2022-04-18T11:18:46.365+0000][9][safepoint   ] Safepoint "ICBufferFull", Time since last: 1207834 ns, Reaching safepoint: 211125 ns, At safepoint: 2583 ns, Total: 213708 ns
[2022-04-18T11:18:46.367+0000][9][safepoint   ] Safepoint "ICBufferFull", Time since last: 1382500 ns, Reaching safepoint: 142708 ns, At safepoint: 1625 ns, Total: 144333 ns
[2022-04-18T11:18:46.368+0000][9][safepoint   ] Safepoint "ICBufferFull", Time since last: 1142209 ns, Reaching safepoint: 66875 ns, At safepoint: 1708 ns, Total: 68583 ns
[2022-04-18T11:18:46.384+0000][9][safepoint   ] Safepoint "ICBufferFull", Time since last: 15726917 ns, Reaching safepoint: 36875 ns, At safepoint: 1541 ns, Total: 38416 ns
[2022-04-18T11:18:46.388+0000][9][safepoint   ] Safepoint "ICBufferFull", Time since last: 4152917 ns, Reaching safepoint: 186583 ns, At safepoint: 7542 ns, Total: 194125 ns
[2022-04-18T11:18:46.390+0000][9][safepoint   ] Safepoint "ICBufferFull", Time since last: 1224875 ns, Reaching safepoint: 49333 ns, At safepoint: 917 ns, Total: 50250 ns
[2022-04-18T11:18:46.391+0000][9][safepoint   ] Safepoint "ICBufferFull", Time since last: 1083625 ns, Reaching safepoint: 222292 ns, At safepoint: 2958 ns, Total: 225250 ns
[2022-04-18T11:18:46.394+0000][9][safepoint   ] Safepoint "ICBufferFull", Time since last: 3073000 ns, Reaching safepoint: 41917 ns, At safepoint: 1208 ns, Total: 43125 ns
[2022-04-18T11:18:46.404+0000][9][safepoint   ] Safepoint "ICBufferFull", Time since last: 9690625 ns, Reaching safepoint: 244208 ns, At safepoint: 3000 ns, Total: 247208 ns
[2022-04-18T11:18:46.425+0000][9][safepoint   ] Safepoint "ICBufferFull", Time since last: 21366375 ns, Reaching safepoint: 174917 ns, At safepoint: 2875 ns, Total: 177792 ns
[2022-04-18T11:18:46.430+0000][9][safepoint   ] Safepoint "ICBufferFull", Time since last: 4064667 ns, Reaching safepoint: 221750 ns, At safepoint: 4833 ns, Total: 226583 ns
[2022-04-18T11:18:46.431+0000][9][safepoint   ] Safepoint "ICBufferFull", Time since last: 1209000 ns, Reaching safepoint: 162042 ns, At safepoint: 2333 ns, Total: 164375 ns
[2022-04-18T11:18:46.432+0000][9][safepoint   ] Safepoint "ICBufferFull", Time since last: 1117750 ns, Reaching safepoint: 21417 ns, At safepoint: 875 ns, Total: 22292 ns
[2022-04-18T11:18:46.433+0000][9][safepoint   ] Safepoint "ICBufferFull", Time since last: 838625 ns, Reaching safepoint: 147208 ns, At safepoint: 2500 ns, Total: 149708 ns
[2022-04-18T11:18:46.435+0000][9][safepoint   ] Safepoint "ICBufferFull", Time since last: 1169708 ns, Reaching safepoint: 167584 ns, At safepoint: 34208 ns, Total: 201792 ns
[2022-04-18T11:18:46.628+0000][9][safepoint   ] Safepoint "ICBufferFull", Time since last: 192994167 ns, Reaching safepoint: 260750 ns, At safepoint: 3291 ns, Total: 264041 ns
[2022-04-18T11:18:46.868+0000][9][safepoint   ] Safepoint "ICBufferFull", Time since last: 239560084 ns, Reaching safepoint: 135958 ns, At safepoint: 9375 ns, Total: 145333 ns
[2022-04-18T11:18:47.126+0000][9][safepoint   ] Safepoint "ICBufferFull", Time since last: 258613125 ns, Reaching safepoint: 186167 ns, At safepoint: 8417 ns, Total: 194584 ns
[2022-04-18T11:18:47.221+0000][9][safepoint   ] Safepoint "ICBufferFull", Time since last: 94278375 ns, Reaching safepoint: 198708 ns, At safepoint: 7333 ns, Total: 206041 ns
[2022-04-18T11:18:47.253+0000][9][gc,start    ] GC(9) Pause Young (Concurrent Start) (Metadata GC Threshold)
[2022-04-18T11:18:47.254+0000][9][gc,task     ] GC(9) Using 5 workers of 5 for evacuation
[2022-04-18T11:18:47.255+0000][9][gc,age      ] GC(9) Desired survivor size 20971520 bytes, new threshold 15 (max threshold 15)
[2022-04-18T11:18:47.280+0000][9][gc,age      ] GC(9) Age table with threshold 15 (max threshold 15)
[2022-04-18T11:18:47.281+0000][9][gc,age      ] GC(9) - age   1:   26882448 bytes,   26882448 total
[2022-04-18T11:18:47.283+0000][9][gc,age      ] GC(9) - age   2:     904872 bytes,   27787320 total
[2022-04-18T11:18:47.284+0000][9][gc,age      ] GC(9) - age   3:    2144176 bytes,   29931496 total
[2022-04-18T11:18:47.284+0000][9][gc,age      ] GC(9) - age   4:    1303344 bytes,   31234840 total
[2022-04-18T11:18:47.286+0000][9][gc,age      ] GC(9) - age   5:    5037232 bytes,   36272072 total
[2022-04-18T11:18:47.286+0000][9][gc,age      ] GC(9) - age   6:    2304928 bytes,   38577000 total
[2022-04-18T11:18:47.287+0000][9][gc,age      ] GC(9) - age   7:     714192 bytes,   39291192 total
[2022-04-18T11:18:47.288+0000][9][gc,age      ] GC(9) - age   8:    1933976 bytes,   41225168 total
[2022-04-18T11:18:47.289+0000][9][gc,phases   ] GC(9)   Pre Evacuate Collection Set: 0.3ms
[2022-04-18T11:18:47.290+0000][9][gc,phases   ] GC(9)   Merge Heap Roots: 0.3ms
[2022-04-18T11:18:47.291+0000][9][gc,phases   ] GC(9)   Evacuate Collection Set: 22.1ms
[2022-04-18T11:18:47.292+0000][9][gc,phases   ] GC(9)   Post Evacuate Collection Set: 1.2ms
[2022-04-18T11:18:47.292+0000][9][gc,phases   ] GC(9)   Other: 12.6ms
[2022-04-18T11:18:47.293+0000][9][gc,heap     ] GC(9) Eden regions: 69->0(66)
[2022-04-18T11:18:47.294+0000][9][gc,heap     ] GC(9) Survivor regions: 4->10(10)
[2022-04-18T11:18:47.294+0000][9][gc,heap     ] GC(9) Old regions: 2->2
[2022-04-18T11:18:47.295+0000][9][gc,heap     ] GC(9) Archive regions: 2->2
[2022-04-18T11:18:47.295+0000][9][gc,heap     ] GC(9) Humongous regions: 0->0
[2022-04-18T11:18:47.296+0000][9][gc,metaspace] GC(9) Metaspace: 35077K(35968K)->35077K(35968K) NonClass: 30435K(30976K)->30435K(30976K) Class: 4642K(4992K)->4642K(4992K)
[2022-04-18T11:18:47.296+0000][9][gc          ] GC(9) Pause Young (Concurrent Start) (Metadata GC Threshold) 298M->48M(512M) 43.363ms
[2022-04-18T11:18:47.297+0000][9][gc,cpu      ] GC(9) User=0.09s Sys=0.01s Real=0.04s
[2022-04-18T11:18:47.297+0000][9][gc          ] GC(10) Concurrent Mark Cycle
[2022-04-18T11:18:47.298+0000][9][gc,marking  ] GC(10) Concurrent Clear Claimed Marks
[2022-04-18T11:18:47.299+0000][9][gc,marking  ] GC(10) Concurrent Clear Claimed Marks 0.827ms
[2022-04-18T11:18:47.299+0000][9][gc,marking  ] GC(10) Concurrent Scan Root Regions
[2022-04-18T11:18:47.297+0000][9][safepoint   ] Safepoint "CollectForMetadataAllocation", Time since last: 31767167 ns, Reaching safepoint: 206917 ns, At safepoint: 44498916 ns, Total: 44705833 ns
[2022-04-18T11:18:47.314+0000][9][gc,marking  ] GC(10) Concurrent Scan Root Regions 14.237ms
[2022-04-18T11:18:47.315+0000][9][gc,marking  ] GC(10) Concurrent Mark
[2022-04-18T11:18:47.315+0000][9][gc,marking  ] GC(10) Concurrent Mark From Roots
[2022-04-18T11:18:47.316+0000][9][gc,task     ] GC(10) Using 1 workers of 1 for marking
[2022-04-18T11:18:47.320+0000][9][gc,marking  ] GC(10) Concurrent Mark From Roots 4.666ms
[2022-04-18T11:18:47.322+0000][9][gc,marking  ] GC(10) Concurrent Preclean
[2022-04-18T11:18:47.322+0000][9][safepoint   ] Safepoint "CollectForMetadataAllocation", Time since last: 24289792 ns, Reaching safepoint: 245917 ns, At safepoint: 69458 ns, Total: 315375 ns
[2022-04-18T11:18:47.323+0000][9][gc,marking  ] GC(10) Concurrent Preclean 0.956ms
[2022-04-18T11:18:47.325+0000][9][gc,start    ] GC(10) Pause Remark
[2022-04-18T11:18:47.331+0000][9][gc          ] GC(10) Pause Remark 50M->50M(512M) 5.995ms
[2022-04-18T11:18:47.332+0000][9][gc,cpu      ] GC(10) User=0.02s Sys=0.00s Real=0.01s
[2022-04-18T11:18:47.333+0000][9][safepoint   ] Safepoint "G1Concurrent", Time since last: 3125667 ns, Reaching safepoint: 305875 ns, At safepoint: 7692666 ns, Total: 7998541 ns
[2022-04-18T11:18:47.334+0000][9][gc,marking  ] GC(10) Concurrent Mark 19.891ms
[2022-04-18T11:18:47.335+0000][9][gc,marking  ] GC(10) Concurrent Rebuild Remembered Sets
[2022-04-18T11:18:47.338+0000][9][gc,marking  ] GC(10) Concurrent Rebuild Remembered Sets 2.471ms
[2022-04-18T11:18:47.339+0000][9][gc,start    ] GC(10) Pause Cleanup
[2022-04-18T11:18:47.339+0000][9][gc          ] GC(10) Pause Cleanup 50M->50M(512M) 0.852ms
[2022-04-18T11:18:47.340+0000][9][gc,cpu      ] GC(10) User=0.00s Sys=0.00s Real=0.00s
[2022-04-18T11:18:47.341+0000][9][safepoint   ] Safepoint "G1Concurrent", Time since last: 5355500 ns, Reaching safepoint: 148792 ns, At safepoint: 2641167 ns, Total: 2789959 ns
[2022-04-18T11:18:47.342+0000][9][gc,marking  ] GC(10) Concurrent Cleanup for Next Mark
[2022-04-18T11:18:47.343+0000][9][gc,marking  ] GC(10) Concurrent Cleanup for Next Mark 1.034ms
[2022-04-18T11:18:47.344+0000][9][gc          ] GC(10) Concurrent Mark Cycle 46.376ms
[2022-04-18T11:18:47.443+0000][9][safepoint   ] Safepoint "ICBufferFull", Time since last: 101662458 ns, Reaching safepoint: 246708 ns, At safepoint: 15625 ns, Total: 262333 ns
[2022-04-18T11:18:47.813+0000][9][safepoint   ] Safepoint "ICBufferFull", Time since last: 369200292 ns, Reaching safepoint: 216667 ns, At safepoint: 10750 ns, Total: 227417 ns
[2022-04-18T11:18:48.044+0000][9][safepoint   ] Safepoint "ICBufferFull", Time since last: 231329625 ns, Reaching safepoint: 224750 ns, At safepoint: 15208 ns, Total: 239958 ns
[2022-04-18T11:18:48.118+0000][9][gc,start    ] GC(11) Pause Young (Concurrent Start) (G1 Evacuation Pause)
[2022-04-18T11:18:48.119+0000][9][gc,task     ] GC(11) Using 5 workers of 5 for evacuation
[2022-04-18T11:18:48.120+0000][9][gc,age      ] GC(11) Desired survivor size 20971520 bytes, new threshold 1 (max threshold 15)
[2022-04-18T11:18:48.146+0000][9][gc,age      ] GC(11) Age table with threshold 1 (max threshold 15)
[2022-04-18T11:18:48.147+0000][9][gc,age      ] GC(11) - age   1:    6077144 bytes,    6077144 total
[2022-04-18T11:18:48.148+0000][9][gc,phases   ] GC(11)   Pre Evacuate Collection Set: 0.8ms
[2022-04-18T11:18:48.149+0000][9][gc,phases   ] GC(11)   Merge Heap Roots: 0.2ms
[2022-04-18T11:18:48.150+0000][9][gc,phases   ] GC(11)   Evacuate Collection Set: 22.6ms
[2022-04-18T11:18:48.151+0000][9][gc,phases   ] GC(11)   Post Evacuate Collection Set: 1.3ms
[2022-04-18T11:18:48.152+0000][9][gc,phases   ] GC(11)   Other: 5.7ms
[2022-04-18T11:18:48.153+0000][9][gc,heap     ] GC(11) Eden regions: 66->0(73)
[2022-04-18T11:18:48.154+0000][9][gc,heap     ] GC(11) Survivor regions: 10->3(10)
[2022-04-18T11:18:48.155+0000][9][gc,heap     ] GC(11) Old regions: 2->11
[2022-04-18T11:18:48.156+0000][9][gc,heap     ] GC(11) Archive regions: 2->2
[2022-04-18T11:18:48.157+0000][9][gc,heap     ] GC(11) Humongous regions: 0->0
[2022-04-18T11:18:48.157+0000][9][gc,metaspace] GC(11) Metaspace: 52041K(53248K)->52041K(53248K) NonClass: 44976K(45696K)->44976K(45696K) Class: 7065K(7552K)->7065K(7552K)
[2022-04-18T11:18:48.158+0000][9][gc          ] GC(11) Pause Young (Concurrent Start) (G1 Evacuation Pause) 312M->56M(512M) 40.394ms
[2022-04-18T11:18:48.159+0000][9][gc,cpu      ] GC(11) User=0.14s Sys=0.00s Real=0.05s
[2022-04-18T11:18:48.160+0000][9][safepoint   ] Safepoint "G1CollectForAllocation", Time since last: 73328167 ns, Reaching safepoint: 143708 ns, At safepoint: 42376459 ns, Total: 42520167 ns
[2022-04-18T11:18:48.160+0000][9][gc          ] GC(12) Concurrent Mark Cycle
[2022-04-18T11:18:48.162+0000][9][gc,marking  ] GC(12) Concurrent Clear Claimed Marks
[2022-04-18T11:18:48.163+0000][9][gc,marking  ] GC(12) Concurrent Clear Claimed Marks 0.867ms
[2022-04-18T11:18:48.164+0000][9][gc,marking  ] GC(12) Concurrent Scan Root Regions
[2022-04-18T11:18:48.182+0000][9][gc,marking  ] GC(12) Concurrent Scan Root Regions 18.262ms
[2022-04-18T11:18:48.183+0000][9][gc,marking  ] GC(12) Concurrent Mark
[2022-04-18T11:18:48.184+0000][9][gc,marking  ] GC(12) Concurrent Mark From Roots
[2022-04-18T11:18:48.186+0000][9][gc,task     ] GC(12) Using 1 workers of 1 for marking
[2022-04-18T11:18:48.191+0000][9][gc,marking  ] GC(12) Concurrent Mark From Roots 6.409ms
[2022-04-18T11:18:48.191+0000][9][gc,marking  ] GC(12) Concurrent Preclean
[2022-04-18T11:18:48.192+0000][9][gc,marking  ] GC(12) Concurrent Preclean 0.991ms
[2022-04-18T11:18:48.193+0000][9][gc,start    ] GC(12) Pause Remark
[2022-04-18T11:18:48.197+0000][9][gc          ] GC(12) Pause Remark 74M->74M(512M) 4.021ms
[2022-04-18T11:18:48.198+0000][9][gc,cpu      ] GC(12) User=0.01s Sys=0.00s Real=0.01s
[2022-04-18T11:18:48.199+0000][9][safepoint   ] Safepoint "G1Concurrent", Time since last: 33181708 ns, Reaching safepoint: 303708 ns, At safepoint: 5522459 ns, Total: 5826167 ns
[2022-04-18T11:18:48.200+0000][9][gc,marking  ] GC(12) Concurrent Mark 16.098ms
[2022-04-18T11:18:48.200+0000][9][gc,marking  ] GC(12) Concurrent Rebuild Remembered Sets
[2022-04-18T11:18:48.201+0000][9][gc,marking  ] GC(12) Concurrent Rebuild Remembered Sets 0.916ms
[2022-04-18T11:18:48.202+0000][9][gc,start    ] GC(12) Pause Cleanup
[2022-04-18T11:18:48.203+0000][9][gc          ] GC(12) Pause Cleanup 74M->74M(512M) 0.866ms
[2022-04-18T11:18:48.204+0000][9][gc,cpu      ] GC(12) User=0.00s Sys=0.00s Real=0.00s
[2022-04-18T11:18:48.204+0000][9][safepoint   ] Safepoint "G1Concurrent", Time since last: 2863166 ns, Reaching safepoint: 253792 ns, At safepoint: 2275375 ns, Total: 2529167 ns
[2022-04-18T11:18:48.205+0000][9][gc,marking  ] GC(12) Concurrent Cleanup for Next Mark
[2022-04-18T11:18:48.214+0000][9][gc,marking  ] GC(12) Concurrent Cleanup for Next Mark 8.916ms
[2022-04-18T11:18:48.215+0000][9][gc          ] GC(12) Concurrent Mark Cycle 54.638ms
[2022-04-18T11:18:48.444+0000][9][safepoint   ] Safepoint "ICBufferFull", Time since last: 239241042 ns, Reaching safepoint: 198250 ns, At safepoint: 5667 ns, Total: 203917 ns
[2022-04-18T11:18:48.710+0000][9][safepoint   ] Safepoint "ICBufferFull", Time since last: 265509916 ns, Reaching safepoint: 566167 ns, At safepoint: 22750 ns, Total: 588917 ns
[2022-04-18T11:18:49.099+0000][9][safepoint   ] Safepoint "ICBufferFull", Time since last: 389100375 ns, Reaching safepoint: 274417 ns, At safepoint: 2958 ns, Total: 277375 ns
[2022-04-18T11:18:49.289+0000][9][safepoint   ] Safepoint "ICBufferFull", Time since last: 189336959 ns, Reaching safepoint: 394708 ns, At safepoint: 6083 ns, Total: 400791 ns
[2022-04-18T11:18:49.508+0000][9][safepoint   ] Safepoint "ICBufferFull", Time since last: 218528042 ns, Reaching safepoint: 304333 ns, At safepoint: 3834 ns, Total: 308167 ns
[2022-04-18T11:18:49.657+0000][9][safepoint   ] Safepoint "ICBufferFull", Time since last: 149252041 ns, Reaching safepoint: 174667 ns, At safepoint: 3042 ns, Total: 177709 ns
[2022-04-18T11:18:49.935+0000][9][gc,start    ] GC(13) Pause Young (Normal) (G1 Evacuation Pause)
[2022-04-18T11:18:49.937+0000][9][gc,task     ] GC(13) Using 5 workers of 5 for evacuation
[2022-04-18T11:18:49.938+0000][9][gc,age      ] GC(13) Desired survivor size 20971520 bytes, new threshold 15 (max threshold 15)
[2022-04-18T11:18:49.951+0000][9][gc,age      ] GC(13) Age table with threshold 15 (max threshold 15)
[2022-04-18T11:18:49.952+0000][9][gc,age      ] GC(13) - age   1:   13704472 bytes,   13704472 total
[2022-04-18T11:18:49.953+0000][9][gc,age      ] GC(13) - age   2:    5890104 bytes,   19594576 total
[2022-04-18T11:18:49.955+0000][9][gc,phases   ] GC(13)   Pre Evacuate Collection Set: 0.2ms
[2022-04-18T11:18:49.956+0000][9][gc,phases   ] GC(13)   Merge Heap Roots: 0.4ms
[2022-04-18T11:18:49.958+0000][9][gc,phases   ] GC(13)   Evacuate Collection Set: 8.9ms
[2022-04-18T11:18:49.958+0000][9][gc,phases   ] GC(13)   Post Evacuate Collection Set: 2.5ms
[2022-04-18T11:18:49.959+0000][9][gc,phases   ] GC(13)   Other: 7.6ms
[2022-04-18T11:18:49.960+0000][9][gc,heap     ] GC(13) Eden regions: 73->0(71)
[2022-04-18T11:18:49.960+0000][9][gc,heap     ] GC(13) Survivor regions: 3->5(10)
[2022-04-18T11:18:49.961+0000][9][gc,heap     ] GC(13) Old regions: 11->11
[2022-04-18T11:18:49.962+0000][9][gc,heap     ] GC(13) Archive regions: 2->2
[2022-04-18T11:18:49.962+0000][9][gc,heap     ] GC(13) Humongous regions: 0->0
[2022-04-18T11:18:49.963+0000][9][gc,metaspace] GC(13) Metaspace: 85715K(87168K)->85715K(87168K) NonClass: 73844K(74688K)->73844K(74688K) Class: 11871K(12480K)->11871K(12480K)
[2022-04-18T11:18:49.963+0000][9][gc          ] GC(13) Pause Young (Normal) (G1 Evacuation Pause) 348M->67M(512M) 27.858ms
[2022-04-18T11:18:49.964+0000][9][gc,cpu      ] GC(13) User=0.03s Sys=0.00s Real=0.03s
[2022-04-18T11:18:49.965+0000][9][safepoint   ] Safepoint "G1CollectForAllocation", Time since last: 277871250 ns, Reaching safepoint: 277875 ns, At safepoint: 29530708 ns, Total: 29808583 ns
[2022-04-18T11:18:50.223+0000][9][gc,start    ] GC(14) Pause Young (Concurrent Start) (Metadata GC Threshold)
[2022-04-18T11:18:50.224+0000][9][gc,task     ] GC(14) Using 5 workers of 5 for evacuation
[2022-04-18T11:18:50.225+0000][9][gc,age      ] GC(14) Desired survivor size 20971520 bytes, new threshold 15 (max threshold 15)
[2022-04-18T11:18:50.238+0000][9][gc,age      ] GC(14) Age table with threshold 15 (max threshold 15)
[2022-04-18T11:18:50.239+0000][9][gc,age      ] GC(14) - age   1:     673120 bytes,     673120 total
[2022-04-18T11:18:50.240+0000][9][gc,age      ] GC(14) - age   2:   13449336 bytes,   14122456 total
[2022-04-18T11:18:50.242+0000][9][gc,age      ] GC(14) - age   3:    5889784 bytes,   20012240 total
[2022-04-18T11:18:50.243+0000][9][gc,phases   ] GC(14)   Pre Evacuate Collection Set: 0.2ms
[2022-04-18T11:18:50.244+0000][9][gc,phases   ] GC(14)   Merge Heap Roots: 0.2ms
[2022-04-18T11:18:50.244+0000][9][gc,phases   ] GC(14)   Evacuate Collection Set: 11.1ms
[2022-04-18T11:18:50.245+0000][9][gc,phases   ] GC(14)   Post Evacuate Collection Set: 1.0ms
[2022-04-18T11:18:50.246+0000][9][gc,phases   ] GC(14)   Other: 7.3ms
[2022-04-18T11:18:50.247+0000][9][gc,heap     ] GC(14) Eden regions: 5->0(70)
[2022-04-18T11:18:50.248+0000][9][gc,heap     ] GC(14) Survivor regions: 5->6(10)
[2022-04-18T11:18:50.249+0000][9][gc,heap     ] GC(14) Old regions: 11->11
[2022-04-18T11:18:50.249+0000][9][gc,heap     ] GC(14) Archive regions: 2->2
[2022-04-18T11:18:50.249+0000][9][gc,heap     ] GC(14) Humongous regions: 0->0
[2022-04-18T11:18:50.250+0000][9][gc,metaspace] GC(14) Metaspace: 87238K(88768K)->87238K(88768K) NonClass: 75106K(76032K)->75106K(76032K) Class: 12132K(12736K)->12132K(12736K)
[2022-04-18T11:18:50.251+0000][9][gc          ] GC(14) Pause Young (Concurrent Start) (Metadata GC Threshold) 86M->68M(512M) 27.457ms
[2022-04-18T11:18:50.252+0000][9][gc,cpu      ] GC(14) User=0.08s Sys=0.00s Real=0.03s
[2022-04-18T11:18:50.252+0000][9][gc          ] GC(15) Concurrent Mark Cycle
[2022-04-18T11:18:50.254+0000][9][gc,marking  ] GC(15) Concurrent Clear Claimed Marks
[2022-04-18T11:18:50.252+0000][9][safepoint   ] Safepoint "CollectForMetadataAllocation", Time since last: 257984250 ns, Reaching safepoint: 148959 ns, At safepoint: 29362333 ns, Total: 29511292 ns
[2022-04-18T11:18:50.255+0000][9][gc,marking  ] GC(15) Concurrent Clear Claimed Marks 0.737ms
[2022-04-18T11:18:50.257+0000][9][gc,marking  ] GC(15) Concurrent Scan Root Regions
[2022-04-18T11:18:50.268+0000][9][gc,marking  ] GC(15) Concurrent Scan Root Regions 10.781ms
[2022-04-18T11:18:50.269+0000][9][gc,marking  ] GC(15) Concurrent Mark
[2022-04-18T11:18:50.271+0000][9][gc,marking  ] GC(15) Concurrent Mark From Roots
[2022-04-18T11:18:50.271+0000][9][gc,task     ] GC(15) Using 1 workers of 1 for marking
[2022-04-18T11:18:50.268+0000][9][safepoint   ] Safepoint "CollectForMetadataAllocation", Time since last: 15581250 ns, Reaching safepoint: 342042 ns, At safepoint: 46166 ns, Total: 388208 ns
[2022-04-18T11:18:50.282+0000][9][safepoint   ] Safepoint "CollectForMetadataAllocation", Time since last: 12828209 ns, Reaching safepoint: 262083 ns, At safepoint: 37000 ns, Total: 299083 ns
[2022-04-18T11:18:50.296+0000][9][safepoint   ] Safepoint "CollectForMetadataAllocation", Time since last: 14278625 ns, Reaching safepoint: 251750 ns, At safepoint: 38417 ns, Total: 290167 ns
[2022-04-18T11:18:50.309+0000][9][gc,marking  ] GC(15) Concurrent Mark From Roots 37.818ms
[2022-04-18T11:18:50.310+0000][9][gc,marking  ] GC(15) Concurrent Preclean
[2022-04-18T11:18:50.311+0000][9][gc,marking  ] GC(15) Concurrent Preclean 1.057ms
[2022-04-18T11:18:50.312+0000][9][gc,start    ] GC(15) Pause Remark
[2022-04-18T11:18:50.316+0000][9][gc          ] GC(15) Pause Remark 75M->75M(512M) 3.863ms
[2022-04-18T11:18:50.317+0000][9][gc,cpu      ] GC(15) User=0.01s Sys=0.00s Real=0.00s
[2022-04-18T11:18:50.317+0000][9][safepoint   ] Safepoint "G1Concurrent", Time since last: 15413875 ns, Reaching safepoint: 425041 ns, At safepoint: 5305334 ns, Total: 5730375 ns
[2022-04-18T11:18:50.318+0000][9][gc,marking  ] GC(15) Concurrent Mark 49.055ms
[2022-04-18T11:18:50.319+0000][9][gc,marking  ] GC(15) Concurrent Rebuild Remembered Sets
[2022-04-18T11:18:50.319+0000][9][gc,marking  ] GC(15) Concurrent Rebuild Remembered Sets 0.755ms
[2022-04-18T11:18:50.320+0000][9][gc,start    ] GC(15) Pause Cleanup
[2022-04-18T11:18:50.321+0000][9][gc          ] GC(15) Pause Cleanup 75M->75M(512M) 1.003ms
[2022-04-18T11:18:50.322+0000][9][gc,cpu      ] GC(15) User=0.00s Sys=0.00s Real=0.00s
[2022-04-18T11:18:50.323+0000][9][safepoint   ] Safepoint "G1Concurrent", Time since last: 2759833 ns, Reaching safepoint: 110750 ns, At safepoint: 2619292 ns, Total: 2730042 ns
[2022-04-18T11:18:50.324+0000][9][gc,marking  ] GC(15) Concurrent Cleanup for Next Mark
[2022-04-18T11:18:50.324+0000][9][gc,marking  ] GC(15) Concurrent Cleanup for Next Mark 0.886ms
[2022-04-18T11:18:50.325+0000][9][gc          ] GC(15) Concurrent Mark Cycle 72.667ms
[2022-04-18T11:18:50.474+0000][9][safepoint   ] Safepoint "ICBufferFull", Time since last: 150609208 ns, Reaching safepoint: 206417 ns, At safepoint: 3792 ns, Total: 210209 ns
[2022-04-18T11:18:50.912+0000][9][safepoint   ] Safepoint "ICBufferFull", Time since last: 438693375 ns, Reaching safepoint: 179958 ns, At safepoint: 9458 ns, Total: 189416 ns
[2022-04-18T11:18:51.099+0000][9][safepoint   ] Safepoint "ICBufferFull", Time since last: 185988167 ns, Reaching safepoint: 158667 ns, At safepoint: 12625 ns, Total: 171292 ns
[2022-04-18T11:18:51.575+0000][9][safepoint   ] Safepoint "ICBufferFull", Time since last: 475701167 ns, Reaching safepoint: 246458 ns, At safepoint: 15958 ns, Total: 262416 ns
[2022-04-18T11:18:51.930+0000][9][safepoint   ] Safepoint "ICBufferFull", Time since last: 355635542 ns, Reaching safepoint: 139250 ns, At safepoint: 14250 ns, Total: 153500 ns
[2022-04-18T11:18:52.256+0000][9][safepoint   ] Safepoint "ICBufferFull", Time since last: 325645834 ns, Reaching safepoint: 197625 ns, At safepoint: 3416 ns, Total: 201041 ns
[2022-04-18T11:18:52.981+0000][9][safepoint   ] Safepoint "ICBufferFull", Time since last: 724959167 ns, Reaching safepoint: 205125 ns, At safepoint: 13250 ns, Total: 218375 ns
[2022-04-18T11:18:53.719+0000][9][safepoint   ] Safepoint "ICBufferFull", Time since last: 737264126 ns, Reaching safepoint: 209041 ns, At safepoint: 3792 ns, Total: 212833 ns
[2022-04-18T11:18:54.634+0000][9][safepoint   ] Safepoint "ICBufferFull", Time since last: 914439459 ns, Reaching safepoint: 172083 ns, At safepoint: 4417 ns, Total: 176500 ns
[2022-04-18T11:18:55.637+0000][9][safepoint   ] Safepoint "Cleanup", Time since last: 1003222959 ns, Reaching safepoint: 140500 ns, At safepoint: 3625 ns, Total: 144125 ns
[2022-04-18T11:18:56.838+0000][9][safepoint   ] Safepoint "Cleanup", Time since last: 1201073959 ns, Reaching safepoint: 423541 ns, At safepoint: 33375 ns, Total: 456916 ns
[2022-04-18T11:18:57.328+0000][9][safepoint   ] Safepoint "ICBufferFull", Time since last: 489591834 ns, Reaching safepoint: 205833 ns, At safepoint: 3417 ns, Total: 209250 ns
[2022-04-18T11:18:57.695+0000][9][safepoint   ] Safepoint "ICBufferFull", Time since last: 366357375 ns, Reaching safepoint: 296542 ns, At safepoint: 2666 ns, Total: 299208 ns
[2022-04-18T11:18:58.709+0000][9][safepoint   ] Safepoint "ICBufferFull", Time since last: 1014118751 ns, Reaching safepoint: 277875 ns, At safepoint: 8083 ns, Total: 285958 ns
[2022-04-18T11:18:59.711+0000][9][safepoint   ] Safepoint "Cleanup", Time since last: 1001827209 ns, Reaching safepoint: 176708 ns, At safepoint: 11209 ns, Total: 187917 ns
[2022-04-18T11:19:01.595+0000][9][gc,start    ] GC(16) Pause Young (Concurrent Start) (G1 Evacuation Pause)
[2022-04-18T11:19:01.597+0000][9][gc,task     ] GC(16) Using 5 workers of 5 for evacuation
[2022-04-18T11:19:01.598+0000][9][gc,age      ] GC(16) Desired survivor size 20971520 bytes, new threshold 15 (max threshold 15)
[2022-04-18T11:19:01.614+0000][9][gc,age      ] GC(16) Age table with threshold 15 (max threshold 15)
[2022-04-18T11:19:01.616+0000][9][gc,age      ] GC(16) - age   1:   12739520 bytes,   12739520 total
[2022-04-18T11:19:01.617+0000][9][gc,age      ] GC(16) - age   2:     535520 bytes,   13275040 total
[2022-04-18T11:19:01.618+0000][9][gc,age      ] GC(16) - age   3:   13212608 bytes,   26487648 total
[2022-04-18T11:19:01.619+0000][9][gc,age      ] GC(16) - age   4:    5649280 bytes,   32136928 total
[2022-04-18T11:19:01.620+0000][9][gc,phases   ] GC(16)   Pre Evacuate Collection Set: 0.3ms
[2022-04-18T11:19:01.621+0000][9][gc,phases   ] GC(16)   Merge Heap Roots: 0.2ms
[2022-04-18T11:19:01.621+0000][9][gc,phases   ] GC(16)   Evacuate Collection Set: 13.3ms
[2022-04-18T11:19:01.622+0000][9][gc,phases   ] GC(16)   Post Evacuate Collection Set: 2.5ms
[2022-04-18T11:19:01.622+0000][9][gc,phases   ] GC(16)   Other: 9.1ms
[2022-04-18T11:19:01.623+0000][9][gc,heap     ] GC(16) Eden regions: 70->0(67)
[2022-04-18T11:19:01.623+0000][9][gc,heap     ] GC(16) Survivor regions: 6->9(10)
[2022-04-18T11:19:01.624+0000][9][gc,heap     ] GC(16) Old regions: 11->11
[2022-04-18T11:19:01.625+0000][9][gc,heap     ] GC(16) Archive regions: 2->2
[2022-04-18T11:19:01.626+0000][9][gc,heap     ] GC(16) Humongous regions: 2->2
[2022-04-18T11:19:01.626+0000][9][gc,metaspace] GC(16) Metaspace: 100167K(101696K)->100167K(101696K) NonClass: 86123K(86976K)->86123K(86976K) Class: 14043K(14720K)->14043K(14720K)
[2022-04-18T11:19:01.628+0000][9][gc          ] GC(16) Pause Young (Concurrent Start) (G1 Evacuation Pause) 355M->88M(512M) 33.041ms
[2022-04-18T11:19:01.628+0000][9][gc,cpu      ] GC(16) User=0.04s Sys=0.01s Real=0.04s
[2022-04-18T11:19:01.629+0000][9][safepoint   ] Safepoint "G1CollectForAllocation", Time since last: 1882845292 ns, Reaching safepoint: 398209 ns, At safepoint: 34516500 ns, Total: 34914709 ns
[2022-04-18T11:19:01.629+0000][9][gc          ] GC(17) Concurrent Mark Cycle
[2022-04-18T11:19:01.638+0000][9][gc,marking  ] GC(17) Concurrent Clear Claimed Marks
[2022-04-18T11:19:01.639+0000][9][gc,marking  ] GC(17) Concurrent Clear Claimed Marks 0.998ms
[2022-04-18T11:19:01.640+0000][9][gc,marking  ] GC(17) Concurrent Scan Root Regions
[2022-04-18T11:19:01.670+0000][9][gc,marking  ] GC(17) Concurrent Scan Root Regions 29.990ms
[2022-04-18T11:19:01.670+0000][9][gc,marking  ] GC(17) Concurrent Mark
[2022-04-18T11:19:01.671+0000][9][gc,marking  ] GC(17) Concurrent Mark From Roots
[2022-04-18T11:19:01.671+0000][9][gc,task     ] GC(17) Using 1 workers of 1 for marking
[2022-04-18T11:19:01.788+0000][9][gc,marking  ] GC(17) Concurrent Mark From Roots 117.189ms
[2022-04-18T11:19:01.789+0000][9][gc,marking  ] GC(17) Concurrent Preclean
[2022-04-18T11:19:01.791+0000][9][gc,marking  ] GC(17) Concurrent Preclean 1.348ms
[2022-04-18T11:19:01.798+0000][9][gc,start    ] GC(17) Pause Remark
[2022-04-18T11:19:01.802+0000][9][gc          ] GC(17) Pause Remark 100M->100M(512M) 4.212ms
[2022-04-18T11:19:01.803+0000][9][gc,cpu      ] GC(17) User=0.01s Sys=0.00s Real=0.00s
[2022-04-18T11:19:01.804+0000][9][safepoint   ] Safepoint "G1Concurrent", Time since last: 168103916 ns, Reaching safepoint: 320209 ns, At safepoint: 6843333 ns, Total: 7163542 ns
[2022-04-18T11:19:01.805+0000][9][gc,marking  ] GC(17) Concurrent Mark 134.995ms
[2022-04-18T11:19:01.806+0000][9][gc,marking  ] GC(17) Concurrent Rebuild Remembered Sets
[2022-04-18T11:19:01.807+0000][9][gc,marking  ] GC(17) Concurrent Rebuild Remembered Sets 0.593ms
[2022-04-18T11:19:01.808+0000][9][gc,start    ] GC(17) Pause Cleanup
[2022-04-18T11:19:01.809+0000][9][gc          ] GC(17) Pause Cleanup 100M->100M(512M) 1.484ms
[2022-04-18T11:19:01.810+0000][9][gc,cpu      ] GC(17) User=0.00s Sys=0.00s Real=0.00s
[2022-04-18T11:19:01.811+0000][9][safepoint   ] Safepoint "G1Concurrent", Time since last: 3095167 ns, Reaching safepoint: 320000 ns, At safepoint: 3165125 ns, Total: 3485125 ns
[2022-04-18T11:19:01.812+0000][9][gc,marking  ] GC(17) Concurrent Cleanup for Next Mark
[2022-04-18T11:19:01.813+0000][9][gc,marking  ] GC(17) Concurrent Cleanup for Next Mark 1.617ms
[2022-04-18T11:19:01.814+0000][9][gc          ] GC(17) Concurrent Mark Cycle 185.390ms
[2022-04-18T11:19:02.812+0000][9][safepoint   ] Safepoint "Cleanup", Time since last: 1000809083 ns, Reaching safepoint: 246375 ns, At safepoint: 3459 ns, Total: 249834 ns
[2022-04-18T11:19:03.816+0000][9][safepoint   ] Safepoint "Cleanup", Time since last: 1002795791 ns, Reaching safepoint: 431000 ns, At safepoint: 4250 ns, Total: 435250 ns
[2022-04-18T11:19:04.817+0000][9][safepoint   ] Safepoint "Cleanup", Time since last: 1001145834 ns, Reaching safepoint: 63666 ns, At safepoint: 2709 ns, Total: 66375 ns
[2022-04-18T11:19:05.819+0000][9][safepoint   ] Safepoint "Cleanup", Time since last: 1001370667 ns, Reaching safepoint: 175542 ns, At safepoint: 18875 ns, Total: 194417 ns
[2022-04-18T11:19:06.824+0000][9][safepoint   ] Safepoint "Cleanup", Time since last: 1005525042 ns, Reaching safepoint: 103666 ns, At safepoint: 2875 ns, Total: 106541 ns
[2022-04-18T11:19:07.826+0000][9][safepoint   ] Safepoint "Cleanup", Time since last: 1001781043 ns, Reaching safepoint: 169708 ns, At safepoint: 4125 ns, Total: 173833 ns
[2022-04-18T11:19:08.828+0000][9][safepoint   ] Safepoint "Cleanup", Time since last: 1001923542 ns, Reaching safepoint: 57917 ns, At safepoint: 3750 ns, Total: 61667 ns
[2022-04-18T11:19:09.830+0000][9][safepoint   ] Safepoint "Cleanup", Time since last: 1001348000 ns, Reaching safepoint: 242708 ns, At safepoint: 4500 ns, Total: 247208 ns
[2022-04-18T11:19:10.832+0000][9][safepoint   ] Safepoint "Cleanup", Time since last: 1001900584 ns, Reaching safepoint: 132792 ns, At safepoint: 6208 ns, Total: 139000 ns
[2022-04-18T11:19:11.833+0000][9][safepoint   ] Safepoint "Cleanup", Time since last: 1001269084 ns, Reaching safepoint: 72167 ns, At safepoint: 2958 ns, Total: 75125 ns
[2022-04-18T11:19:12.835+0000][9][safepoint   ] Safepoint "Cleanup", Time since last: 1001649126 ns, Reaching safepoint: 234708 ns, At safepoint: 5375 ns, Total: 240083 ns
[2022-04-18T11:19:13.836+0000][9][safepoint   ] Safepoint "Cleanup", Time since last: 1000979917 ns, Reaching safepoint: 183292 ns, At safepoint: 5000 ns, Total: 188292 ns
[2022-04-18T11:19:14.838+0000][9][safepoint   ] Safepoint "Cleanup", Time since last: 1001437167 ns, Reaching safepoint: 361125 ns, At safepoint: 172458 ns, Total: 533583 ns
[2022-04-18T11:19:16.577+0000][9][gc,start    ] GC(18) Pause Young (Normal) (G1 Evacuation Pause)
[2022-04-18T11:19:16.580+0000][9][gc,task     ] GC(18) Using 5 workers of 5 for evacuation
[2022-04-18T11:19:16.581+0000][9][gc,age      ] GC(18) Desired survivor size 20971520 bytes, new threshold 3 (max threshold 15)
[2022-04-18T11:19:16.598+0000][9][gc,age      ] GC(18) Age table with threshold 3 (max threshold 15)
[2022-04-18T11:19:16.600+0000][9][gc,age      ] GC(18) - age   1:    4555384 bytes,    4555384 total
[2022-04-18T11:19:16.602+0000][9][gc,age      ] GC(18) - age   2:    9683912 bytes,   14239296 total
[2022-04-18T11:19:16.603+0000][9][gc,age      ] GC(18) - age   3:     535520 bytes,   14774816 total
[2022-04-18T11:19:16.604+0000][9][gc,phases   ] GC(18)   Pre Evacuate Collection Set: 0.2ms
[2022-04-18T11:19:16.605+0000][9][gc,phases   ] GC(18)   Merge Heap Roots: 0.0ms
[2022-04-18T11:19:16.606+0000][9][gc,phases   ] GC(18)   Evacuate Collection Set: 14.2ms
[2022-04-18T11:19:16.608+0000][9][gc,phases   ] GC(18)   Post Evacuate Collection Set: 2.0ms
[2022-04-18T11:19:16.609+0000][9][gc,phases   ] GC(18)   Other: 10.6ms
[2022-04-18T11:19:16.610+0000][9][gc,heap     ] GC(18) Eden regions: 67->0(71)
[2022-04-18T11:19:16.611+0000][9][gc,heap     ] GC(18) Survivor regions: 9->5(10)
[2022-04-18T11:19:16.612+0000][9][gc,heap     ] GC(18) Old regions: 11->16
[2022-04-18T11:19:16.614+0000][9][gc,heap     ] GC(18) Archive regions: 2->2
[2022-04-18T11:19:16.616+0000][9][gc,heap     ] GC(18) Humongous regions: 2->2
[2022-04-18T11:19:16.617+0000][9][gc,metaspace] GC(18) Metaspace: 100359K(101888K)->100359K(101888K) NonClass: 86313K(87168K)->86313K(87168K) Class: 14045K(14720K)->14045K(14720K)
[2022-04-18T11:19:16.618+0000][9][gc          ] GC(18) Pause Young (Normal) (G1 Evacuation Pause) 355M->90M(512M) 41.119ms
[2022-04-18T11:19:16.619+0000][9][gc,cpu      ] GC(18) User=0.05s Sys=0.01s Real=0.05s
[2022-04-18T11:19:16.620+0000][9][safepoint   ] Safepoint "G1CollectForAllocation", Time since last: 1734256376 ns, Reaching safepoint: 4458458 ns, At safepoint: 42814625 ns, Total: 47273083 ns
[2022-04-18T11:19:17.623+0000][9][safepoint   ] Safepoint "Cleanup", Time since last: 1003335709 ns, Reaching safepoint: 90375 ns, At safepoint: 54917 ns, Total: 145292 ns
[2022-04-18T11:19:18.625+0000][9][safepoint   ] Safepoint "Cleanup", Time since last: 1001604542 ns, Reaching safepoint: 157625 ns, At safepoint: 4042 ns, Total: 161667 ns
[2022-04-18T11:19:19.627+0000][9][safepoint   ] Safepoint "Cleanup", Time since last: 1001786792 ns, Reaching safepoint: 202000 ns, At safepoint: 3041 ns, Total: 205041 ns
[2022-04-18T11:19:20.637+0000][9][safepoint   ] Safepoint "Cleanup", Time since last: 1009105209 ns, Reaching safepoint: 472250 ns, At safepoint: 14334 ns, Total: 486584 ns
[2022-04-18T11:19:22.647+0000][9][safepoint   ] Safepoint "Cleanup", Time since last: 2009888501 ns, Reaching safepoint: 472458 ns, At safepoint: 14333 ns, Total: 486791 ns
[2022-04-18T11:19:27.666+0000][9][safepoint   ] Safepoint "Cleanup", Time since last: 5018769086 ns, Reaching safepoint: 121708 ns, At safepoint: 2875 ns, Total: 124583 ns
[2022-04-18T11:19:28.669+0000][9][safepoint   ] Safepoint "Cleanup", Time since last: 1002329459 ns, Reaching safepoint: 294000 ns, At safepoint: 10042 ns, Total: 304042 ns
[2022-04-18T11:19:30.678+0000][9][safepoint   ] Safepoint "Cleanup", Time since last: 2008847334 ns, Reaching safepoint: 359417 ns, At safepoint: 11875 ns, Total: 371292 ns
[2022-04-18T11:19:35.696+0000][9][safepoint   ] Safepoint "Cleanup", Time since last: 5014909376 ns, Reaching safepoint: 716250 ns, At safepoint: 144959 ns, Total: 861209 ns
[2022-04-18T11:19:36.709+0000][9][safepoint   ] Safepoint "Cleanup", Time since last: 1011607875 ns, Reaching safepoint: 790250 ns, At safepoint: 15334 ns, Total: 805584 ns
[2022-04-18T11:19:44.736+0000][9][safepoint   ] Safepoint "Cleanup", Time since last: 8027005003 ns, Reaching safepoint: 282000 ns, At safepoint: 11709 ns, Total: 293709 ns
[2022-04-18T11:19:45.746+0000][9][safepoint   ] Safepoint "Cleanup", Time since last: 1009925834 ns, Reaching safepoint: 376041 ns, At safepoint: 13625 ns, Total: 389666 ns
[2022-04-18T11:19:46.756+0000][9][safepoint   ] Safepoint "Cleanup", Time since last: 1008983917 ns, Reaching safepoint: 356875 ns, At safepoint: 13750 ns, Total: 370625 ns
[2022-04-18T11:19:48.764+0000][9][safepoint   ] Safepoint "Cleanup", Time since last: 2007837835 ns, Reaching safepoint: 426375 ns, At safepoint: 14708 ns, Total: 441083 ns
[2022-04-18T11:19:50.775+0000][9][safepoint   ] Safepoint "Cleanup", Time since last: 2010956459 ns, Reaching safepoint: 475084 ns, At safepoint: 15083 ns, Total: 490167 ns
[2022-04-18T11:19:55.799+0000][9][safepoint   ] Safepoint "Cleanup", Time since last: 5022742877 ns, Reaching safepoint: 710625 ns, At safepoint: 16125 ns, Total: 726750 ns
[2022-04-18T11:19:56.805+0000][9][safepoint   ] Safepoint "Cleanup", Time since last: 1006241043 ns, Reaching safepoint: 352041 ns, At safepoint: 8750 ns, Total: 360791 ns
[2022-04-18T11:20:08.601+0000][9][gc,heap,exit] Heap
[2022-04-18T11:20:08.603+0000][9][gc,heap,exit]  garbage-first heap   total 524288K, used 211677K [0x00000000e0000000, 0x0000000100000000)
[2022-04-18T11:20:08.604+0000][9][gc,heap,exit]   region size 4096K, 34 young (139264K), 5 survivors (20480K)
[2022-04-18T11:20:08.605+0000][9][gc,heap,exit]  Metaspace       used 100899K, committed 102464K, reserved 1138688K
[2022-04-18T11:20:08.605+0000][9][gc,heap,exit]   class space    used 14108K, committed 14784K, reserved 1048576K
