[2022-04-18T09:19:43.449+0000][7][gc] Using G1
[2022-04-18T09:19:44.480+0000][7][gc,init] Version: 17.0.2+8 (release)
[2022-04-18T09:19:44.482+0000][7][gc,init] CPUs: 5 total, 5 available
[2022-04-18T09:19:44.483+0000][7][gc,init] Memory: 7851M
[2022-04-18T09:19:44.484+0000][7][gc,init] Large Page Support: Disabled
[2022-04-18T09:19:44.485+0000][7][gc,init] NUMA Support: Disabled
[2022-04-18T09:19:44.486+0000][7][gc,init] Compressed Oops: Enabled (Zero based)
[2022-04-18T09:19:44.486+0000][7][gc,init] Heap Region Size: 4M
[2022-04-18T09:19:44.487+0000][7][gc,init] Heap Min Capacity: 3928M
[2022-04-18T09:19:44.488+0000][7][gc,init] Heap Initial Capacity: 3928M
[2022-04-18T09:19:44.489+0000][7][gc,init] Heap Max Capacity: 3928M
[2022-04-18T09:19:44.491+0000][7][gc,init] Pre-touch: Enabled
[2022-04-18T09:19:44.492+0000][7][gc,init] Parallel Workers: 5
[2022-04-18T09:19:44.492+0000][7][gc,init] Concurrent Workers: 1
[2022-04-18T09:19:44.493+0000][7][gc,init] Concurrent Refinement Workers: 5
[2022-04-18T09:19:44.494+0000][7][gc,init] Periodic GC: Disabled
[2022-04-18T09:19:44.496+0000][7][gc,metaspace] CDS archive(s) mapped at: [0x0000000800000000-0x0000000800bd2000-0x0000000800bd2000), size 12394496, SharedBaseAddress: 0x0000000800000000, ArchiveRelocationMode: 0.
[2022-04-18T09:19:44.498+0000][7][gc,metaspace] Compressed class space mapped at: 0x0000000800c00000-0x0000000840c00000, reserved size: 1073741824
[2022-04-18T09:19:44.498+0000][7][gc,metaspace] Narrow klass base: 0x0000000800000000, Narrow klass shift: 0, Narrow klass range: 0x100000000
[2022-04-18T09:19:44.732+0000][7][safepoint   ] Safepoint "ICBufferFull", Time since last: 227025584 ns, Reaching safepoint: 159667 ns, At safepoint: 4083 ns, Total: 163750 ns
[2022-04-18T09:19:44.737+0000][7][safepoint   ] Safepoint "ICBufferFull", Time since last: 4174625 ns, Reaching safepoint: 112875 ns, At safepoint: 2917 ns, Total: 115792 ns
[2022-04-18T09:19:44.739+0000][7][safepoint   ] Safepoint "ICBufferFull", Time since last: 2035625 ns, Reaching safepoint: 10458 ns, At safepoint: 1000 ns, Total: 11458 ns
[2022-04-18T09:19:44.740+0000][7][safepoint   ] Safepoint "ICBufferFull", Time since last: 1506250 ns, Reaching safepoint: 117167 ns, At safepoint: 4250 ns, Total: 121417 ns
[2022-04-18T09:19:44.741+0000][7][safepoint   ] Safepoint "ICBufferFull", Time since last: 1132333 ns, Reaching safepoint: 9750 ns, At safepoint: 1000 ns, Total: 10750 ns
[2022-04-18T09:19:44.791+0000][7][safepoint   ] Safepoint "ICBufferFull", Time since last: 49488917 ns, Reaching safepoint: 29541 ns, At safepoint: 1042 ns, Total: 30583 ns
[2022-04-18T09:19:44.874+0000][7][safepoint   ] Safepoint "ICBufferFull", Time since last: 82957708 ns, Reaching safepoint: 248042 ns, At safepoint: 2542 ns, Total: 250584 ns
[2022-04-18T09:19:44.992+0000][7][safepoint   ] Safepoint "ICBufferFull", Time since last: 116262333 ns, Reaching safepoint: 1137375 ns, At safepoint: 15875 ns, Total: 1153250 ns
[2022-04-18T09:19:45.322+0000][7][safepoint   ] Safepoint "ICBufferFull", Time since last: 330655584 ns, Reaching safepoint: 145166 ns, At safepoint: 1625 ns, Total: 146791 ns
[2022-04-18T09:19:45.436+0000][7][safepoint   ] Safepoint "ICBufferFull", Time since last: 113275292 ns, Reaching safepoint: 178667 ns, At safepoint: 6125 ns, Total: 184792 ns
[2022-04-18T09:19:45.451+0000][7][safepoint   ] Safepoint "ICBufferFull", Time since last: 14775416 ns, Reaching safepoint: 232000 ns, At safepoint: 8625 ns, Total: 240625 ns
[2022-04-18T09:19:45.572+0000][7][safepoint   ] Safepoint "ICBufferFull", Time since last: 120660750 ns, Reaching safepoint: 109792 ns, At safepoint: 5958 ns, Total: 115750 ns
[2022-04-18T09:19:45.774+0000][7][safepoint   ] Safepoint "ICBufferFull", Time since last: 201666417 ns, Reaching safepoint: 157667 ns, At safepoint: 3958 ns, Total: 161625 ns
[2022-04-18T09:19:45.868+0000][7][safepoint   ] Safepoint "ICBufferFull", Time since last: 94700625 ns, Reaching safepoint: 124750 ns, At safepoint: 9958 ns, Total: 134708 ns
[2022-04-18T09:19:45.904+0000][7][gc,start    ] GC(0) Pause Young (Normal) (G1 Evacuation Pause)
[2022-04-18T09:19:45.906+0000][7][gc,task     ] GC(0) Using 5 workers of 5 for evacuation
[2022-04-18T09:19:45.908+0000][7][gc,age      ] GC(0) Desired survivor size 14680064 bytes, new threshold 15 (max threshold 15)
[2022-04-18T09:19:45.918+0000][7][gc,age      ] GC(0) Age table with threshold 15 (max threshold 15)
[2022-04-18T09:19:45.919+0000][7][gc,age      ] GC(0) - age   1:   11039104 bytes,   11039104 total
[2022-04-18T09:19:45.919+0000][7][gc,phases   ] GC(0)   Pre Evacuate Collection Set: 0.2ms
[2022-04-18T09:19:45.920+0000][7][gc,phases   ] GC(0)   Merge Heap Roots: 0.1ms
[2022-04-18T09:19:45.921+0000][7][gc,phases   ] GC(0)   Evacuate Collection Set: 8.1ms
[2022-04-18T09:19:45.922+0000][7][gc,phases   ] GC(0)   Post Evacuate Collection Set: 1.1ms
[2022-04-18T09:19:45.923+0000][7][gc,phases   ] GC(0)   Other: 6.5ms
[2022-04-18T09:19:45.924+0000][7][gc,heap     ] GC(0) Eden regions: 49->0(46)
[2022-04-18T09:19:45.925+0000][7][gc,heap     ] GC(0) Survivor regions: 0->3(7)
[2022-04-18T09:19:45.926+0000][7][gc,heap     ] GC(0) Old regions: 0->0
[2022-04-18T09:19:45.927+0000][7][gc,heap     ] GC(0) Archive regions: 2->2
[2022-04-18T09:19:45.928+0000][7][gc,heap     ] GC(0) Humongous regions: 0->0
[2022-04-18T09:19:45.929+0000][7][gc,metaspace] GC(0) Metaspace: 16902K(17216K)->16902K(17216K) NonClass: 14915K(15104K)->14915K(15104K) Class: 1986K(2112K)->1986K(2112K)
[2022-04-18T09:19:45.930+0000][7][gc          ] GC(0) Pause Young (Normal) (G1 Evacuation Pause) 199M->14M(3928M) 26.851ms
[2022-04-18T09:19:45.931+0000][7][gc,cpu      ] GC(0) User=0.02s Sys=0.01s Real=0.02s
[2022-04-18T09:19:45.932+0000][7][safepoint   ] Safepoint "G1CollectForAllocation", Time since last: 35070209 ns, Reaching safepoint: 91833 ns, At safepoint: 28915500 ns, Total: 29007333 ns
[2022-04-18T09:19:46.093+0000][7][safepoint   ] Safepoint "ICBufferFull", Time since last: 160520250 ns, Reaching safepoint: 276750 ns, At safepoint: 3375 ns, Total: 280125 ns
[2022-04-18T09:19:46.169+0000][7][gc,start    ] GC(1) Pause Young (Concurrent Start) (Metadata GC Threshold)
[2022-04-18T09:19:46.170+0000][7][gc,task     ] GC(1) Using 5 workers of 5 for evacuation
[2022-04-18T09:19:46.171+0000][7][gc,age      ] GC(1) Desired survivor size 14680064 bytes, new threshold 15 (max threshold 15)
[2022-04-18T09:19:46.182+0000][7][gc,age      ] GC(1) Age table with threshold 15 (max threshold 15)
[2022-04-18T09:19:46.183+0000][7][gc,age      ] GC(1) - age   1:    3634128 bytes,    3634128 total
[2022-04-18T09:19:46.184+0000][7][gc,age      ] GC(1) - age   2:    8907736 bytes,   12541864 total
[2022-04-18T09:19:46.185+0000][7][gc,phases   ] GC(1)   Pre Evacuate Collection Set: 0.2ms
[2022-04-18T09:19:46.186+0000][7][gc,phases   ] GC(1)   Merge Heap Roots: 0.0ms
[2022-04-18T09:19:46.187+0000][7][gc,phases   ] GC(1)   Evacuate Collection Set: 7.4ms
[2022-04-18T09:19:46.188+0000][7][gc,phases   ] GC(1)   Post Evacuate Collection Set: 0.6ms
[2022-04-18T09:19:46.189+0000][7][gc,phases   ] GC(1)   Other: 7.9ms
[2022-04-18T09:19:46.190+0000][7][gc,heap     ] GC(1) Eden regions: 37->0(45)
[2022-04-18T09:19:46.191+0000][7][gc,heap     ] GC(1) Survivor regions: 3->4(7)
[2022-04-18T09:19:46.192+0000][7][gc,heap     ] GC(1) Old regions: 0->0
[2022-04-18T09:19:46.192+0000][7][gc,heap     ] GC(1) Archive regions: 2->2
[2022-04-18T09:19:46.193+0000][7][gc,heap     ] GC(1) Humongous regions: 0->0
[2022-04-18T09:19:46.194+0000][7][gc,metaspace] GC(1) Metaspace: 21117K(21504K)->21117K(21504K) NonClass: 18593K(18816K)->18593K(18816K) Class: 2524K(2688K)->2524K(2688K)
[2022-04-18T09:19:46.195+0000][7][gc          ] GC(1) Pause Young (Concurrent Start) (Metadata GC Threshold) 162M->16M(3928M) 26.635ms
[2022-04-18T09:19:46.196+0000][7][gc,cpu      ] GC(1) User=0.02s Sys=0.00s Real=0.03s
[2022-04-18T09:19:46.197+0000][7][safepoint   ] Safepoint "CollectForMetadataAllocation", Time since last: 75358750 ns, Reaching safepoint: 176834 ns, At safepoint: 28475458 ns, Total: 28652292 ns
[2022-04-18T09:19:46.197+0000][7][gc          ] GC(2) Concurrent Mark Cycle
[2022-04-18T09:19:46.199+0000][7][gc,marking  ] GC(2) Concurrent Clear Claimed Marks
[2022-04-18T09:19:46.201+0000][7][gc,marking  ] GC(2) Concurrent Clear Claimed Marks 2.596ms
[2022-04-18T09:19:46.202+0000][7][gc,marking  ] GC(2) Concurrent Scan Root Regions
[2022-04-18T09:19:46.206+0000][7][gc,marking  ] GC(2) Concurrent Scan Root Regions 3.685ms
[2022-04-18T09:19:46.207+0000][7][gc,marking  ] GC(2) Concurrent Mark
[2022-04-18T09:19:46.208+0000][7][gc,marking  ] GC(2) Concurrent Mark From Roots
[2022-04-18T09:19:46.208+0000][7][gc,task     ] GC(2) Using 1 workers of 1 for marking
[2022-04-18T09:19:46.210+0000][7][gc,marking  ] GC(2) Concurrent Mark From Roots 2.698ms
[2022-04-18T09:19:46.211+0000][7][gc,marking  ] GC(2) Concurrent Preclean
[2022-04-18T09:19:46.211+0000][7][gc,marking  ] GC(2) Concurrent Preclean 0.638ms
[2022-04-18T09:19:46.212+0000][7][safepoint   ] Safepoint "CollectForMetadataAllocation", Time since last: 14984583 ns, Reaching safepoint: 40167 ns, At safepoint: 28833 ns, Total: 69000 ns
[2022-04-18T09:19:46.213+0000][7][gc,start    ] GC(2) Pause Remark
[2022-04-18T09:19:46.217+0000][7][gc          ] GC(2) Pause Remark 20M->20M(3928M) 3.552ms
[2022-04-18T09:19:46.218+0000][7][gc,cpu      ] GC(2) User=0.00s Sys=0.01s Real=0.00s
[2022-04-18T09:19:46.218+0000][7][safepoint   ] Safepoint "G1Concurrent", Time since last: 744334 ns, Reaching safepoint: 366416 ns, At safepoint: 4773459 ns, Total: 5139875 ns
[2022-04-18T09:19:46.219+0000][7][gc,marking  ] GC(2) Concurrent Mark 11.879ms
[2022-04-18T09:19:46.219+0000][7][gc,marking  ] GC(2) Concurrent Rebuild Remembered Sets
[2022-04-18T09:19:46.220+0000][7][gc,marking  ] GC(2) Concurrent Rebuild Remembered Sets 0.549ms
[2022-04-18T09:19:46.220+0000][7][gc,start    ] GC(2) Pause Cleanup
[2022-04-18T09:19:46.221+0000][7][gc          ] GC(2) Pause Cleanup 20M->20M(3928M) 0.440ms
[2022-04-18T09:19:46.221+0000][7][gc,cpu      ] GC(2) User=0.00s Sys=0.00s Real=0.00s
[2022-04-18T09:19:46.222+0000][7][safepoint   ] Safepoint "G1Concurrent", Time since last: 2103541 ns, Reaching safepoint: 159209 ns, At safepoint: 1581583 ns, Total: 1740792 ns
[2022-04-18T09:19:46.223+0000][7][gc,marking  ] GC(2) Concurrent Cleanup for Next Mark
[2022-04-18T09:19:46.225+0000][7][gc,marking  ] GC(2) Concurrent Cleanup for Next Mark 2.221ms
[2022-04-18T09:19:46.225+0000][7][gc          ] GC(2) Concurrent Mark Cycle 27.983ms
[2022-04-18T09:19:46.269+0000][7][safepoint   ] Safepoint "ICBufferFull", Time since last: 46493250 ns, Reaching safepoint: 143417 ns, At safepoint: 3000 ns, Total: 146417 ns
[2022-04-18T09:19:46.270+0000][7][safepoint   ] Safepoint "ICBufferFull", Time since last: 1552000 ns, Reaching safepoint: 94958 ns, At safepoint: 1625 ns, Total: 96583 ns
[2022-04-18T09:19:46.272+0000][7][safepoint   ] Safepoint "ICBufferFull", Time since last: 1638917 ns, Reaching safepoint: 217083 ns, At safepoint: 9417 ns, Total: 226500 ns
[2022-04-18T09:19:46.275+0000][7][safepoint   ] Safepoint "ICBufferFull", Time since last: 2877250 ns, Reaching safepoint: 26000 ns, At safepoint: 1458 ns, Total: 27458 ns
[2022-04-18T09:19:46.276+0000][7][safepoint   ] Safepoint "ICBufferFull", Time since last: 943208 ns, Reaching safepoint: 77042 ns, At safepoint: 4167 ns, Total: 81209 ns
[2022-04-18T09:19:46.277+0000][7][safepoint   ] Safepoint "ICBufferFull", Time since last: 1244666 ns, Reaching safepoint: 45917 ns, At safepoint: 917 ns, Total: 46834 ns
[2022-04-18T09:19:46.278+0000][7][safepoint   ] Safepoint "ICBufferFull", Time since last: 863750 ns, Reaching safepoint: 26083 ns, At safepoint: 1125 ns, Total: 27208 ns
[2022-04-18T09:19:46.279+0000][7][safepoint   ] Safepoint "ICBufferFull", Time since last: 910625 ns, Reaching safepoint: 66042 ns, At safepoint: 1083 ns, Total: 67125 ns
[2022-04-18T09:19:46.280+0000][7][safepoint   ] Safepoint "ICBufferFull", Time since last: 969167 ns, Reaching safepoint: 16166 ns, At safepoint: 875 ns, Total: 17041 ns
[2022-04-18T09:19:46.281+0000][7][safepoint   ] Safepoint "ICBufferFull", Time since last: 997667 ns, Reaching safepoint: 39917 ns, At safepoint: 1041 ns, Total: 40958 ns
[2022-04-18T09:19:46.428+0000][7][gc,start    ] GC(3) Pause Young (Concurrent Start) (G1 Evacuation Pause)
[2022-04-18T09:19:46.431+0000][7][gc,task     ] GC(3) Using 5 workers of 5 for evacuation
[2022-04-18T09:19:46.432+0000][7][gc,age      ] GC(3) Desired survivor size 14680064 bytes, new threshold 15 (max threshold 15)
[2022-04-18T09:19:46.440+0000][7][gc,age      ] GC(3) Age table with threshold 15 (max threshold 15)
[2022-04-18T09:19:46.441+0000][7][gc,age      ] GC(3) - age   1:    3181056 bytes,    3181056 total
[2022-04-18T09:19:46.443+0000][7][gc,age      ] GC(3) - age   2:    3493496 bytes,    6674552 total
[2022-04-18T09:19:46.443+0000][7][gc,age      ] GC(3) - age   3:    8902136 bytes,   15576688 total
[2022-04-18T09:19:46.444+0000][7][gc,phases   ] GC(3)   Pre Evacuate Collection Set: 0.2ms
[2022-04-18T09:19:46.445+0000][7][gc,phases   ] GC(3)   Merge Heap Roots: 0.1ms
[2022-04-18T09:19:46.446+0000][7][gc,phases   ] GC(3)   Evacuate Collection Set: 6.6ms
[2022-04-18T09:19:46.447+0000][7][gc,phases   ] GC(3)   Post Evacuate Collection Set: 0.6ms
[2022-04-18T09:19:46.448+0000][7][gc,phases   ] GC(3)   Other: 8.8ms
[2022-04-18T09:19:46.449+0000][7][gc,heap     ] GC(3) Eden regions: 45->0(45)
[2022-04-18T09:19:46.449+0000][7][gc,heap     ] GC(3) Survivor regions: 4->4(7)
[2022-04-18T09:19:46.450+0000][7][gc,heap     ] GC(3) Old regions: 0->0
[2022-04-18T09:19:46.452+0000][7][gc,heap     ] GC(3) Archive regions: 2->2
[2022-04-18T09:19:46.452+0000][7][gc,heap     ] GC(3) Humongous regions: 0->0
[2022-04-18T09:19:46.453+0000][7][gc,metaspace] GC(3) Metaspace: 23032K(23488K)->23032K(23488K) NonClass: 20246K(20480K)->20246K(20480K) Class: 2786K(3008K)->2786K(3008K)
[2022-04-18T09:19:46.453+0000][7][gc          ] GC(3) Pause Young (Concurrent Start) (G1 Evacuation Pause) 196M->19M(3928M) 25.326ms
[2022-04-18T09:19:46.454+0000][7][gc,cpu      ] GC(3) User=0.02s Sys=0.00s Real=0.03s
[2022-04-18T09:19:46.455+0000][7][safepoint   ] Safepoint "G1CollectForAllocation", Time since last: 146576250 ns, Reaching safepoint: 77667 ns, At safepoint: 26630333 ns, Total: 26708000 ns
[2022-04-18T09:19:46.455+0000][7][gc          ] GC(4) Concurrent Mark Cycle
[2022-04-18T09:19:46.456+0000][7][gc,marking  ] GC(4) Concurrent Clear Claimed Marks
[2022-04-18T09:19:46.456+0000][7][gc,marking  ] GC(4) Concurrent Clear Claimed Marks 0.623ms
[2022-04-18T09:19:46.457+0000][7][gc,marking  ] GC(4) Concurrent Scan Root Regions
[2022-04-18T09:19:46.461+0000][7][gc,marking  ] GC(4) Concurrent Scan Root Regions 4.168ms
[2022-04-18T09:19:46.462+0000][7][gc,marking  ] GC(4) Concurrent Mark
[2022-04-18T09:19:46.463+0000][7][gc,marking  ] GC(4) Concurrent Mark From Roots
[2022-04-18T09:19:46.464+0000][7][gc,task     ] GC(4) Using 1 workers of 1 for marking
[2022-04-18T09:19:46.467+0000][7][gc,marking  ] GC(4) Concurrent Mark From Roots 3.582ms
[2022-04-18T09:19:46.468+0000][7][gc,marking  ] GC(4) Concurrent Preclean
[2022-04-18T09:19:46.469+0000][7][gc,marking  ] GC(4) Concurrent Preclean 1.123ms
[2022-04-18T09:19:46.470+0000][7][gc,start    ] GC(4) Pause Remark
[2022-04-18T09:19:46.474+0000][7][gc          ] GC(4) Pause Remark 33M->33M(3928M) 3.615ms
[2022-04-18T09:19:46.474+0000][7][gc,cpu      ] GC(4) User=0.00s Sys=0.00s Real=0.01s
[2022-04-18T09:19:46.475+0000][7][safepoint   ] Safepoint "G1Concurrent", Time since last: 14981084 ns, Reaching safepoint: 315750 ns, At safepoint: 5402916 ns, Total: 5718666 ns
[2022-04-18T09:19:46.476+0000][7][gc,marking  ] GC(4) Concurrent Mark 13.498ms
[2022-04-18T09:19:46.477+0000][7][gc,marking  ] GC(4) Concurrent Rebuild Remembered Sets
[2022-04-18T09:19:46.477+0000][7][gc,marking  ] GC(4) Concurrent Rebuild Remembered Sets 0.560ms
[2022-04-18T09:19:46.478+0000][7][gc,start    ] GC(4) Pause Cleanup
[2022-04-18T09:19:46.480+0000][7][gc          ] GC(4) Pause Cleanup 33M->33M(3928M) 0.996ms
[2022-04-18T09:19:46.480+0000][7][gc,cpu      ] GC(4) User=0.00s Sys=0.00s Real=0.00s
[2022-04-18T09:19:46.481+0000][7][safepoint   ] Safepoint "G1Concurrent", Time since last: 3022459 ns, Reaching safepoint: 178708 ns, At safepoint: 2251833 ns, Total: 2430541 ns
[2022-04-18T09:19:46.482+0000][7][gc,marking  ] GC(4) Concurrent Cleanup for Next Mark
[2022-04-18T09:19:46.485+0000][7][gc,marking  ] GC(4) Concurrent Cleanup for Next Mark 2.323ms
[2022-04-18T09:19:46.486+0000][7][gc          ] GC(4) Concurrent Mark Cycle 30.775ms
[2022-04-18T09:19:46.619+0000][7][gc,start    ] GC(5) Pause Young (Normal) (G1 Evacuation Pause)
[2022-04-18T09:19:46.620+0000][7][gc,task     ] GC(5) Using 5 workers of 5 for evacuation
[2022-04-18T09:19:46.621+0000][7][gc,age      ] GC(5) Desired survivor size 14680064 bytes, new threshold 3 (max threshold 15)
[2022-04-18T09:19:46.632+0000][7][gc,age      ] GC(5) Age table with threshold 3 (max threshold 15)
[2022-04-18T09:19:46.633+0000][7][gc,age      ] GC(5) - age   1:    1287680 bytes,    1287680 total
[2022-04-18T09:19:46.633+0000][7][gc,age      ] GC(5) - age   2:    2799984 bytes,    4087664 total
[2022-04-18T09:19:46.634+0000][7][gc,age      ] GC(5) - age   3:    3493432 bytes,    7581096 total
[2022-04-18T09:19:46.635+0000][7][gc,phases   ] GC(5)   Pre Evacuate Collection Set: 0.1ms
[2022-04-18T09:19:46.636+0000][7][gc,phases   ] GC(5)   Merge Heap Roots: 0.0ms
[2022-04-18T09:19:46.637+0000][7][gc,phases   ] GC(5)   Evacuate Collection Set: 8.8ms
[2022-04-18T09:19:46.638+0000][7][gc,phases   ] GC(5)   Post Evacuate Collection Set: 0.5ms
[2022-04-18T09:19:46.639+0000][7][gc,phases   ] GC(5)   Other: 6.8ms
[2022-04-18T09:19:46.640+0000][7][gc,heap     ] GC(5) Eden regions: 45->0(61)
[2022-04-18T09:19:46.640+0000][7][gc,heap     ] GC(5) Survivor regions: 4->2(7)
[2022-04-18T09:19:46.641+0000][7][gc,heap     ] GC(5) Old regions: 0->3
[2022-04-18T09:19:46.641+0000][7][gc,heap     ] GC(5) Archive regions: 2->2
[2022-04-18T09:19:46.642+0000][7][gc,heap     ] GC(5) Humongous regions: 0->0
[2022-04-18T09:19:46.643+0000][7][gc,metaspace] GC(5) Metaspace: 23586K(24128K)->23586K(24128K) NonClass: 20719K(20992K)->20719K(20992K) Class: 2866K(3136K)->2866K(3136K)
[2022-04-18T09:19:46.643+0000][7][gc          ] GC(5) Pause Young (Normal) (G1 Evacuation Pause) 199M->20M(3928M) 24.537ms
[2022-04-18T09:19:46.644+0000][7][gc,cpu      ] GC(5) User=0.02s Sys=0.00s Real=0.03s
[2022-04-18T09:19:46.645+0000][7][safepoint   ] Safepoint "G1CollectForAllocation", Time since last: 138046667 ns, Reaching safepoint: 98958 ns, At safepoint: 25945834 ns, Total: 26044792 ns
[2022-04-18T09:19:46.773+0000][7][safepoint   ] Safepoint "ICBufferFull", Time since last: 127874333 ns, Reaching safepoint: 134834 ns, At safepoint: 11500 ns, Total: 146334 ns
[2022-04-18T09:19:46.798+0000][7][safepoint   ] Safepoint "ICBufferFull", Time since last: 24980041 ns, Reaching safepoint: 49000 ns, At safepoint: 1500 ns, Total: 50500 ns
[2022-04-18T09:19:46.963+0000][7][gc,start    ] GC(6) Pause Young (Normal) (G1 Evacuation Pause)
[2022-04-18T09:19:46.964+0000][7][gc,task     ] GC(6) Using 5 workers of 5 for evacuation
[2022-04-18T09:19:46.965+0000][7][gc,age      ] GC(6) Desired survivor size 16777216 bytes, new threshold 15 (max threshold 15)
[2022-04-18T09:19:46.973+0000][7][gc,age      ] GC(6) Age table with threshold 15 (max threshold 15)
[2022-04-18T09:19:46.974+0000][7][gc,age      ] GC(6) - age   1:    5871320 bytes,    5871320 total
[2022-04-18T09:19:46.975+0000][7][gc,age      ] GC(6) - age   2:     582424 bytes,    6453744 total
[2022-04-18T09:19:46.976+0000][7][gc,age      ] GC(6) - age   3:    2795720 bytes,    9249464 total
[2022-04-18T09:19:46.976+0000][7][gc,age      ] GC(6) - age   4:    3492072 bytes,   12741536 total
[2022-04-18T09:19:46.977+0000][7][gc,phases   ] GC(6)   Pre Evacuate Collection Set: 0.1ms
[2022-04-18T09:19:46.978+0000][7][gc,phases   ] GC(6)   Merge Heap Roots: 0.2ms
[2022-04-18T09:19:46.978+0000][7][gc,phases   ] GC(6)   Evacuate Collection Set: 6.3ms
[2022-04-18T09:19:46.979+0000][7][gc,phases   ] GC(6)   Post Evacuate Collection Set: 0.7ms
[2022-04-18T09:19:46.980+0000][7][gc,phases   ] GC(6)   Other: 6.2ms
[2022-04-18T09:19:46.980+0000][7][gc,heap     ] GC(6) Eden regions: 61->0(585)
[2022-04-18T09:19:46.981+0000][7][gc,heap     ] GC(6) Survivor regions: 2->4(8)
[2022-04-18T09:19:46.982+0000][7][gc,heap     ] GC(6) Old regions: 3->3
[2022-04-18T09:19:46.982+0000][7][gc,heap     ] GC(6) Archive regions: 2->2
[2022-04-18T09:19:46.983+0000][7][gc,heap     ] GC(6) Humongous regions: 0->0
[2022-04-18T09:19:46.984+0000][7][gc,metaspace] GC(6) Metaspace: 28429K(28992K)->28429K(28992K) NonClass: 24989K(25344K)->24989K(25344K) Class: 3439K(3648K)->3439K(3648K)
[2022-04-18T09:19:46.984+0000][7][gc          ] GC(6) Pause Young (Normal) (G1 Evacuation Pause) 264M->25M(3928M) 20.845ms
[2022-04-18T09:19:46.985+0000][7][gc,cpu      ] GC(6) User=0.01s Sys=0.01s Real=0.02s
[2022-04-18T09:19:46.985+0000][7][safepoint   ] Safepoint "G1CollectForAllocation", Time since last: 165453625 ns, Reaching safepoint: 45542 ns, At safepoint: 22020750 ns, Total: 22066292 ns
[2022-04-18T09:19:47.316+0000][7][safepoint   ] Safepoint "ICBufferFull", Time since last: 330854583 ns, Reaching safepoint: 136542 ns, At safepoint: 1500 ns, Total: 138042 ns
[2022-04-18T09:19:47.477+0000][7][gc,heap,exit] Heap
[2022-04-18T09:19:47.478+0000][7][gc,heap,exit]  garbage-first heap   total 4022272K, used 423727K [0x000000070a800000, 0x0000000800000000)
[2022-04-18T09:19:47.480+0000][7][gc,heap,exit]   region size 4096K, 101 young (413696K), 4 survivors (16384K)
[2022-04-18T09:19:47.481+0000][7][gc,heap,exit]  Metaspace       used 31900K, committed 32704K, reserved 1081344K
[2022-04-18T09:19:47.482+0000][7][gc,heap,exit]   class space    used 3904K, committed 4224K, reserved 1048576K
