[2022-05-19T09:00:03.739+0000][163][gc] Using G1
[2022-05-19T09:00:03.779+0000][163][gc,init] Version: 17.0.2+8 (release)
[2022-05-19T09:00:03.779+0000][163][gc,init] CPUs: 12 total, 12 available
[2022-05-19T09:00:03.780+0000][163][gc,init] Memory: 25532M
[2022-05-19T09:00:03.780+0000][163][gc,init] Large Page Support: Disabled
[2022-05-19T09:00:03.780+0000][163][gc,init] NUMA Support: Disabled
[2022-05-19T09:00:03.780+0000][163][gc,init] Compressed Oops: Enabled (32-bit)
[2022-05-19T09:00:03.781+0000][163][gc,init] Heap Region Size: 4M
[2022-05-19T09:00:03.781+0000][163][gc,init] Heap Min Capacity: 512M
[2022-05-19T09:00:03.781+0000][163][gc,init] Heap Initial Capacity: 512M
[2022-05-19T09:00:03.784+0000][163][gc,init] Heap Max Capacity: 512M
[2022-05-19T09:00:03.784+0000][163][gc,init] Pre-touch: Enabled
[2022-05-19T09:00:03.784+0000][163][gc,init] Parallel Workers: 10
[2022-05-19T09:00:03.784+0000][163][gc,init] Concurrent Workers: 3
[2022-05-19T09:00:03.784+0000][163][gc,init] Concurrent Refinement Workers: 10
[2022-05-19T09:00:03.785+0000][163][gc,init] Periodic GC: Disabled
[2022-05-19T09:00:03.785+0000][163][gc,metaspace] CDS archive(s) mapped at: [0x0000000800000000-0x0000000800bd2000-0x0000000800bd2000), size 12394496, SharedBaseAddress: 0x0000000800000000, ArchiveRelocationMode: 0.
[2022-05-19T09:00:03.785+0000][163][gc,metaspace] Compressed class space mapped at: 0x0000000800c00000-0x0000000840c00000, reserved size: 1073741824
[2022-05-19T09:00:03.786+0000][163][gc,metaspace] Narrow klass base: 0x0000000800000000, Narrow klass shift: 0, Narrow klass range: 0x100000000
[2022-05-19T09:00:04.086+0000][163][safepoint   ] Safepoint "ICBufferFull", Time since last: 295045700 ns, Reaching safepoint: 123400 ns, At safepoint: 20400 ns, Total: 143800 ns
[2022-05-19T09:00:04.321+0000][163][gc,start    ] GC(0) Pause Young (Normal) (G1 Evacuation Pause)
[2022-05-19T09:00:04.321+0000][163][gc,task     ] GC(0) Using 10 workers of 10 for evacuation
[2022-05-19T09:00:04.321+0000][163][gc,age      ] GC(0) Desired survivor size 2097152 bytes, new threshold 15 (max threshold 15)
[2022-05-19T09:00:04.324+0000][163][gc,age      ] GC(0) Age table with threshold 15 (max threshold 15)
[2022-05-19T09:00:04.324+0000][163][gc,age      ] GC(0) - age   1:    4179856 bytes,    4179856 total
[2022-05-19T09:00:04.325+0000][163][gc,phases   ] GC(0)   Pre Evacuate Collection Set: 0.2ms
[2022-05-19T09:00:04.325+0000][163][gc,phases   ] GC(0)   Merge Heap Roots: 0.1ms
[2022-05-19T09:00:04.325+0000][163][gc,phases   ] GC(0)   Evacuate Collection Set: 1.6ms
[2022-05-19T09:00:04.325+0000][163][gc,phases   ] GC(0)   Post Evacuate Collection Set: 0.6ms
[2022-05-19T09:00:04.325+0000][163][gc,phases   ] GC(0)   Other: 1.1ms
[2022-05-19T09:00:04.325+0000][163][gc,heap     ] GC(0) Eden regions: 6->0(5)
[2022-05-19T09:00:04.325+0000][163][gc,heap     ] GC(0) Survivor regions: 0->1(1)
[2022-05-19T09:00:04.325+0000][163][gc,heap     ] GC(0) Old regions: 0->1
[2022-05-19T09:00:04.325+0000][163][gc,heap     ] GC(0) Archive regions: 2->2
[2022-05-19T09:00:04.326+0000][163][gc,heap     ] GC(0) Humongous regions: 0->0
[2022-05-19T09:00:04.326+0000][163][gc,metaspace] GC(0) Metaspace: 9255K(9408K)->9255K(9408K) NonClass: 8192K(8256K)->8192K(8256K) Class: 1062K(1152K)->1062K(1152K)
[2022-05-19T09:00:04.326+0000][163][gc          ] GC(0) Pause Young (Normal) (G1 Evacuation Pause) 27M->8M(512M) 5.038ms
[2022-05-19T09:00:04.326+0000][163][gc,cpu      ] GC(0) User=0.01s Sys=0.01s Real=0.00s
[2022-05-19T09:00:04.326+0000][163][safepoint   ] Safepoint "G1CollectForAllocation", Time since last: 234795800 ns, Reaching safepoint: 161600 ns, At safepoint: 5393200 ns, Total: 5554800 ns
[2022-05-19T09:00:04.559+0000][163][gc,start    ] GC(1) Pause Young (Normal) (G1 Evacuation Pause)
[2022-05-19T09:00:04.559+0000][163][gc,task     ] GC(1) Using 10 workers of 10 for evacuation
[2022-05-19T09:00:04.559+0000][163][gc,age      ] GC(1) Desired survivor size 2097152 bytes, new threshold 1 (max threshold 15)
[2022-05-19T09:00:04.562+0000][163][gc,age      ] GC(1) Age table with threshold 1 (max threshold 15)
[2022-05-19T09:00:04.562+0000][163][gc,age      ] GC(1) - age   1:    1877928 bytes,    1877928 total
[2022-05-19T09:00:04.563+0000][163][gc,phases   ] GC(1)   Pre Evacuate Collection Set: 0.2ms
[2022-05-19T09:00:04.563+0000][163][gc,phases   ] GC(1)   Merge Heap Roots: 0.1ms
[2022-05-19T09:00:04.563+0000][163][gc,phases   ] GC(1)   Evacuate Collection Set: 1.7ms
[2022-05-19T09:00:04.563+0000][163][gc,phases   ] GC(1)   Post Evacuate Collection Set: 0.5ms
[2022-05-19T09:00:04.563+0000][163][gc,phases   ] GC(1)   Other: 1.0ms
[2022-05-19T09:00:04.563+0000][163][gc,heap     ] GC(1) Eden regions: 5->0(11)
[2022-05-19T09:00:04.563+0000][163][gc,heap     ] GC(1) Survivor regions: 1->1(1)
[2022-05-19T09:00:04.563+0000][163][gc,heap     ] GC(1) Old regions: 1->2
[2022-05-19T09:00:04.564+0000][163][gc,heap     ] GC(1) Archive regions: 2->2
[2022-05-19T09:00:04.564+0000][163][gc,heap     ] GC(1) Humongous regions: 0->0
[2022-05-19T09:00:04.564+0000][163][gc,metaspace] GC(1) Metaspace: 12707K(12992K)->12707K(12992K) NonClass: 11148K(11264K)->11148K(11264K) Class: 1559K(1728K)->1559K(1728K)
[2022-05-19T09:00:04.564+0000][163][gc          ] GC(1) Pause Young (Normal) (G1 Evacuation Pause) 28M->10M(512M) 5.042ms
[2022-05-19T09:00:04.564+0000][163][gc,cpu      ] GC(1) User=0.01s Sys=0.00s Real=0.00s
[2022-05-19T09:00:04.564+0000][163][safepoint   ] Safepoint "G1CollectForAllocation", Time since last: 232489000 ns, Reaching safepoint: 277500 ns, At safepoint: 5327100 ns, Total: 5604600 ns
[2022-05-19T09:00:04.708+0000][163][safepoint   ] Safepoint "ICBufferFull", Time since last: 143804600 ns, Reaching safepoint: 166700 ns, At safepoint: 4500 ns, Total: 171200 ns
[2022-05-19T09:00:05.030+0000][163][gc,start    ] GC(2) Pause Young (Normal) (G1 Evacuation Pause)
[2022-05-19T09:00:05.030+0000][163][gc,task     ] GC(2) Using 10 workers of 10 for evacuation
[2022-05-19T09:00:05.030+0000][163][gc,age      ] GC(2) Desired survivor size 4194304 bytes, new threshold 15 (max threshold 15)
[2022-05-19T09:00:05.034+0000][163][gc,age      ] GC(2) Age table with threshold 15 (max threshold 15)
[2022-05-19T09:00:05.034+0000][163][gc,age      ] GC(2) - age   1:    1234032 bytes,    1234032 total
[2022-05-19T09:00:05.034+0000][163][gc,age      ] GC(2) - age   2:    1854448 bytes,    3088480 total
[2022-05-19T09:00:05.034+0000][163][gc,phases   ] GC(2)   Pre Evacuate Collection Set: 0.2ms
[2022-05-19T09:00:05.035+0000][163][gc,phases   ] GC(2)   Merge Heap Roots: 0.1ms
[2022-05-19T09:00:05.035+0000][163][gc,phases   ] GC(2)   Evacuate Collection Set: 1.6ms
[2022-05-19T09:00:05.035+0000][163][gc,phases   ] GC(2)   Post Evacuate Collection Set: 1.3ms
[2022-05-19T09:00:05.035+0000][163][gc,phases   ] GC(2)   Other: 1.3ms
[2022-05-19T09:00:05.035+0000][163][gc,heap     ] GC(2) Eden regions: 11->0(56)
[2022-05-19T09:00:05.035+0000][163][gc,heap     ] GC(2) Survivor regions: 1->1(2)
[2022-05-19T09:00:05.036+0000][163][gc,heap     ] GC(2) Old regions: 2->2
[2022-05-19T09:00:05.036+0000][163][gc,heap     ] GC(2) Archive regions: 2->2
[2022-05-19T09:00:05.036+0000][163][gc,heap     ] GC(2) Humongous regions: 0->0
[2022-05-19T09:00:05.036+0000][163][gc,metaspace] GC(2) Metaspace: 15115K(15360K)->15115K(15360K) NonClass: 13336K(13440K)->13336K(13440K) Class: 1779K(1920K)->1779K(1920K)
[2022-05-19T09:00:05.036+0000][163][gc          ] GC(2) Pause Young (Normal) (G1 Evacuation Pause) 54M->11M(512M) 6.326ms
[2022-05-19T09:00:05.036+0000][163][gc,cpu      ] GC(2) User=0.02s Sys=0.00s Real=0.00s
[2022-05-19T09:00:05.036+0000][163][safepoint   ] Safepoint "G1CollectForAllocation", Time since last: 321370700 ns, Reaching safepoint: 216100 ns, At safepoint: 6664300 ns, Total: 6880400 ns
[2022-05-19T09:00:05.291+0000][163][safepoint   ] Safepoint "ICBufferFull", Time since last: 253882600 ns, Reaching safepoint: 279200 ns, At safepoint: 18900 ns, Total: 298100 ns
[2022-05-19T09:00:05.292+0000][163][safepoint   ] Safepoint "ICBufferFull", Time since last: 768800 ns, Reaching safepoint: 246000 ns, At safepoint: 18000 ns, Total: 264000 ns
[2022-05-19T09:00:05.293+0000][163][safepoint   ] Safepoint "ICBufferFull", Time since last: 1303600 ns, Reaching safepoint: 161600 ns, At safepoint: 4400 ns, Total: 166000 ns
[2022-05-19T09:00:05.294+0000][163][safepoint   ] Safepoint "ICBufferFull", Time since last: 962400 ns, Reaching safepoint: 203400 ns, At safepoint: 5300 ns, Total: 208700 ns
[2022-05-19T09:00:05.296+0000][163][safepoint   ] Safepoint "ICBufferFull", Time since last: 1038700 ns, Reaching safepoint: 202900 ns, At safepoint: 5600 ns, Total: 208500 ns
[2022-05-19T09:00:05.472+0000][163][safepoint   ] Safepoint "ICBufferFull", Time since last: 176325200 ns, Reaching safepoint: 279700 ns, At safepoint: 18200 ns, Total: 297900 ns
[2022-05-19T09:00:05.591+0000][163][gc,start    ] GC(3) Pause Young (Normal) (G1 Evacuation Pause)
[2022-05-19T09:00:05.592+0000][163][gc,task     ] GC(3) Using 10 workers of 10 for evacuation
[2022-05-19T09:00:05.592+0000][163][gc,age      ] GC(3) Desired survivor size 16777216 bytes, new threshold 15 (max threshold 15)
[2022-05-19T09:00:05.595+0000][163][gc,age      ] GC(3) Age table with threshold 15 (max threshold 15)
[2022-05-19T09:00:05.595+0000][163][gc,age      ] GC(3) - age   1:    4346080 bytes,    4346080 total
[2022-05-19T09:00:05.595+0000][163][gc,age      ] GC(3) - age   2:    1213000 bytes,    5559080 total
[2022-05-19T09:00:05.596+0000][163][gc,age      ] GC(3) - age   3:    1852992 bytes,    7412072 total
[2022-05-19T09:00:05.596+0000][163][gc,phases   ] GC(3)   Pre Evacuate Collection Set: 0.2ms
[2022-05-19T09:00:05.596+0000][163][gc,phases   ] GC(3)   Merge Heap Roots: 0.1ms
[2022-05-19T09:00:05.596+0000][163][gc,phases   ] GC(3)   Evacuate Collection Set: 2.2ms
[2022-05-19T09:00:05.596+0000][163][gc,phases   ] GC(3)   Post Evacuate Collection Set: 0.7ms
[2022-05-19T09:00:05.596+0000][163][gc,phases   ] GC(3)   Other: 1.3ms
[2022-05-19T09:00:05.597+0000][163][gc,heap     ] GC(3) Eden regions: 56->0(74)
[2022-05-19T09:00:05.597+0000][163][gc,heap     ] GC(3) Survivor regions: 1->2(8)
[2022-05-19T09:00:05.597+0000][163][gc,heap     ] GC(3) Old regions: 2->2
[2022-05-19T09:00:05.597+0000][163][gc,heap     ] GC(3) Archive regions: 2->2
[2022-05-19T09:00:05.597+0000][163][gc,heap     ] GC(3) Humongous regions: 0->0
[2022-05-19T09:00:05.597+0000][163][gc,metaspace] GC(3) Metaspace: 17938K(18240K)->17938K(18240K) NonClass: 15775K(15936K)->15775K(15936K) Class: 2163K(2304K)->2163K(2304K)
[2022-05-19T09:00:05.597+0000][163][gc          ] GC(3) Pause Young (Normal) (G1 Evacuation Pause) 235M->15M(512M) 6.128ms
[2022-05-19T09:00:05.598+0000][163][gc,cpu      ] GC(3) User=0.04s Sys=0.00s Real=0.01s
[2022-05-19T09:00:05.598+0000][163][safepoint   ] Safepoint "G1CollectForAllocation", Time since last: 118907200 ns, Reaching safepoint: 193800 ns, At safepoint: 6452000 ns, Total: 6645800 ns
[2022-05-19T09:00:06.114+0000][163][gc,start    ] GC(4) Pause Young (Normal) (G1 Evacuation Pause)
[2022-05-19T09:00:06.114+0000][163][gc,task     ] GC(4) Using 10 workers of 10 for evacuation
[2022-05-19T09:00:06.114+0000][163][gc,age      ] GC(4) Desired survivor size 20971520 bytes, new threshold 15 (max threshold 15)
[2022-05-19T09:00:06.119+0000][163][gc,age      ] GC(4) Age table with threshold 15 (max threshold 15)
[2022-05-19T09:00:06.119+0000][163][gc,age      ] GC(4) - age   1:    6130488 bytes,    6130488 total
[2022-05-19T09:00:06.119+0000][163][gc,age      ] GC(4) - age   2:    3727920 bytes,    9858408 total
[2022-05-19T09:00:06.119+0000][163][gc,age      ] GC(4) - age   3:    1212824 bytes,   11071232 total
[2022-05-19T09:00:06.119+0000][163][gc,age      ] GC(4) - age   4:    1852992 bytes,   12924224 total
[2022-05-19T09:00:06.119+0000][163][gc,phases   ] GC(4)   Pre Evacuate Collection Set: 0.2ms
[2022-05-19T09:00:06.120+0000][163][gc,phases   ] GC(4)   Merge Heap Roots: 0.2ms
[2022-05-19T09:00:06.120+0000][163][gc,phases   ] GC(4)   Evacuate Collection Set: 3.2ms
[2022-05-19T09:00:06.120+0000][163][gc,phases   ] GC(4)   Post Evacuate Collection Set: 0.7ms
[2022-05-19T09:00:06.120+0000][163][gc,phases   ] GC(4)   Other: 1.5ms
[2022-05-19T09:00:06.120+0000][163][gc,heap     ] GC(4) Eden regions: 74->0(72)
[2022-05-19T09:00:06.120+0000][163][gc,heap     ] GC(4) Survivor regions: 2->4(10)
[2022-05-19T09:00:06.120+0000][163][gc,heap     ] GC(4) Old regions: 2->2
[2022-05-19T09:00:06.120+0000][163][gc,heap     ] GC(4) Archive regions: 2->2
[2022-05-19T09:00:06.121+0000][163][gc,heap     ] GC(4) Humongous regions: 0->0
[2022-05-19T09:00:06.121+0000][163][gc,metaspace] GC(4) Metaspace: 19237K(19712K)->19237K(19712K) NonClass: 16894K(17152K)->16894K(17152K) Class: 2342K(2560K)->2342K(2560K)
[2022-05-19T09:00:06.121+0000][163][gc          ] GC(4) Pause Young (Normal) (G1 Evacuation Pause) 311M->21M(512M) 7.233ms
[2022-05-19T09:00:06.121+0000][163][gc,cpu      ] GC(4) User=0.06s Sys=0.00s Real=0.01s
[2022-05-19T09:00:06.121+0000][163][safepoint   ] Safepoint "G1CollectForAllocation", Time since last: 515576400 ns, Reaching safepoint: 237000 ns, At safepoint: 7554100 ns, Total: 7791100 ns
[2022-05-19T09:00:06.477+0000][163][gc,start    ] GC(5) Pause Young (Normal) (G1 Evacuation Pause)
[2022-05-19T09:00:06.478+0000][163][gc,task     ] GC(5) Using 10 workers of 10 for evacuation
[2022-05-19T09:00:06.478+0000][163][gc,age      ] GC(5) Desired survivor size 20971520 bytes, new threshold 15 (max threshold 15)
[2022-05-19T09:00:06.482+0000][163][gc,age      ] GC(5) Age table with threshold 15 (max threshold 15)
[2022-05-19T09:00:06.483+0000][163][gc,age      ] GC(5) - age   1:    1082720 bytes,    1082720 total
[2022-05-19T09:00:06.483+0000][163][gc,age      ] GC(5) - age   2:    4114584 bytes,    5197304 total
[2022-05-19T09:00:06.483+0000][163][gc,age      ] GC(5) - age   3:    3727440 bytes,    8924744 total
[2022-05-19T09:00:06.483+0000][163][gc,age      ] GC(5) - age   4:    1212760 bytes,   10137504 total
[2022-05-19T09:00:06.484+0000][163][gc,age      ] GC(5) - age   5:    1852928 bytes,   11990432 total
[2022-05-19T09:00:06.484+0000][163][gc,phases   ] GC(5)   Pre Evacuate Collection Set: 0.2ms
[2022-05-19T09:00:06.484+0000][163][gc,phases   ] GC(5)   Merge Heap Roots: 0.2ms
[2022-05-19T09:00:06.484+0000][163][gc,phases   ] GC(5)   Evacuate Collection Set: 3.2ms
[2022-05-19T09:00:06.484+0000][163][gc,phases   ] GC(5)   Post Evacuate Collection Set: 1.0ms
[2022-05-19T09:00:06.484+0000][163][gc,phases   ] GC(5)   Other: 2.2ms
[2022-05-19T09:00:06.485+0000][163][gc,heap     ] GC(5) Eden regions: 72->0(73)
[2022-05-19T09:00:06.485+0000][163][gc,heap     ] GC(5) Survivor regions: 4->3(10)
[2022-05-19T09:00:06.485+0000][163][gc,heap     ] GC(5) Old regions: 2->2
[2022-05-19T09:00:06.485+0000][163][gc,heap     ] GC(5) Archive regions: 2->2
[2022-05-19T09:00:06.485+0000][163][gc,heap     ] GC(5) Humongous regions: 0->0
[2022-05-19T09:00:06.485+0000][163][gc,metaspace] GC(5) Metaspace: 19765K(20288K)->19765K(20288K) NonClass: 17332K(17664K)->17332K(17664K) Class: 2433K(2624K)->2433K(2624K)
[2022-05-19T09:00:06.485+0000][163][gc          ] GC(5) Pause Young (Normal) (G1 Evacuation Pause) 309M->20M(512M) 8.384ms
[2022-05-19T09:00:06.486+0000][163][gc,cpu      ] GC(5) User=0.04s Sys=0.00s Real=0.00s
[2022-05-19T09:00:06.486+0000][163][safepoint   ] Safepoint "G1CollectForAllocation", Time since last: 355654400 ns, Reaching safepoint: 214400 ns, At safepoint: 8792300 ns, Total: 9006700 ns
[2022-05-19T09:00:06.836+0000][163][gc,start    ] GC(6) Pause Young (Normal) (G1 Evacuation Pause)
[2022-05-19T09:00:06.836+0000][163][gc,task     ] GC(6) Using 10 workers of 10 for evacuation
[2022-05-19T09:00:06.836+0000][163][gc,age      ] GC(6) Desired survivor size 20971520 bytes, new threshold 15 (max threshold 15)
[2022-05-19T09:00:06.840+0000][163][gc,age      ] GC(6) Age table with threshold 15 (max threshold 15)
[2022-05-19T09:00:06.841+0000][163][gc,age      ] GC(6) - age   1:    2665264 bytes,    2665264 total
[2022-05-19T09:00:06.841+0000][163][gc,age      ] GC(6) - age   2:     680368 bytes,    3345632 total
[2022-05-19T09:00:06.841+0000][163][gc,age      ] GC(6) - age   3:    4110472 bytes,    7456104 total
[2022-05-19T09:00:06.841+0000][163][gc,age      ] GC(6) - age   4:    3724760 bytes,   11180864 total
[2022-05-19T09:00:06.842+0000][163][gc,age      ] GC(6) - age   5:    1212656 bytes,   12393520 total
[2022-05-19T09:00:06.842+0000][163][gc,age      ] GC(6) - age   6:    1852896 bytes,   14246416 total
[2022-05-19T09:00:06.842+0000][163][gc,phases   ] GC(6)   Pre Evacuate Collection Set: 0.2ms
[2022-05-19T09:00:06.842+0000][163][gc,phases   ] GC(6)   Merge Heap Roots: 0.2ms
[2022-05-19T09:00:06.842+0000][163][gc,phases   ] GC(6)   Evacuate Collection Set: 2.7ms
[2022-05-19T09:00:06.842+0000][163][gc,phases   ] GC(6)   Post Evacuate Collection Set: 1.0ms
[2022-05-19T09:00:06.843+0000][163][gc,phases   ] GC(6)   Other: 2.4ms
[2022-05-19T09:00:06.843+0000][163][gc,heap     ] GC(6) Eden regions: 73->0(72)
[2022-05-19T09:00:06.843+0000][163][gc,heap     ] GC(6) Survivor regions: 3->4(10)
[2022-05-19T09:00:06.843+0000][163][gc,heap     ] GC(6) Old regions: 2->2
[2022-05-19T09:00:06.843+0000][163][gc,heap     ] GC(6) Archive regions: 2->2
[2022-05-19T09:00:06.843+0000][163][gc,heap     ] GC(6) Humongous regions: 0->0
[2022-05-19T09:00:06.843+0000][163][gc,metaspace] GC(6) Metaspace: 20922K(21504K)->20922K(21504K) NonClass: 18338K(18688K)->18338K(18688K) Class: 2584K(2816K)->2584K(2816K)
[2022-05-19T09:00:06.844+0000][163][gc          ] GC(6) Pause Young (Normal) (G1 Evacuation Pause) 312M->22M(512M) 7.993ms
[2022-05-19T09:00:06.844+0000][163][gc,cpu      ] GC(6) User=0.02s Sys=0.01s Real=0.01s
[2022-05-19T09:00:06.844+0000][163][safepoint   ] Safepoint "G1CollectForAllocation", Time since last: 349485700 ns, Reaching safepoint: 233800 ns, At safepoint: 8289100 ns, Total: 8522900 ns
[2022-05-19T09:00:06.898+0000][163][gc,start    ] GC(7) Pause Young (Concurrent Start) (Metadata GC Threshold)
[2022-05-19T09:00:06.898+0000][163][gc,task     ] GC(7) Using 10 workers of 10 for evacuation
[2022-05-19T09:00:06.898+0000][163][gc,age      ] GC(7) Desired survivor size 20971520 bytes, new threshold 15 (max threshold 15)
[2022-05-19T09:00:06.902+0000][163][gc,age      ] GC(7) Age table with threshold 15 (max threshold 15)
[2022-05-19T09:00:06.902+0000][163][gc,age      ] GC(7) - age   1:     288320 bytes,     288320 total
[2022-05-19T09:00:06.902+0000][163][gc,age      ] GC(7) - age   2:    2073344 bytes,    2361664 total
[2022-05-19T09:00:06.903+0000][163][gc,age      ] GC(7) - age   3:     680368 bytes,    3042032 total
[2022-05-19T09:00:06.903+0000][163][gc,age      ] GC(7) - age   4:    4110200 bytes,    7152232 total
[2022-05-19T09:00:06.903+0000][163][gc,age      ] GC(7) - age   5:    3724760 bytes,   10876992 total
[2022-05-19T09:00:06.903+0000][163][gc,age      ] GC(7) - age   6:    1212656 bytes,   12089648 total
[2022-05-19T09:00:06.903+0000][163][gc,age      ] GC(7) - age   7:    1852896 bytes,   13942544 total
[2022-05-19T09:00:06.903+0000][163][gc,phases   ] GC(7)   Pre Evacuate Collection Set: 0.2ms
[2022-05-19T09:00:06.904+0000][163][gc,phases   ] GC(7)   Merge Heap Roots: 0.2ms
[2022-05-19T09:00:06.904+0000][163][gc,phases   ] GC(7)   Evacuate Collection Set: 2.9ms
[2022-05-19T09:00:06.904+0000][163][gc,phases   ] GC(7)   Post Evacuate Collection Set: 0.7ms
[2022-05-19T09:00:06.904+0000][163][gc,phases   ] GC(7)   Other: 1.9ms
[2022-05-19T09:00:06.904+0000][163][gc,heap     ] GC(7) Eden regions: 16->0(72)
[2022-05-19T09:00:06.904+0000][163][gc,heap     ] GC(7) Survivor regions: 4->4(10)
[2022-05-19T09:00:06.905+0000][163][gc,heap     ] GC(7) Old regions: 2->2
[2022-05-19T09:00:06.905+0000][163][gc,heap     ] GC(7) Archive regions: 2->2
[2022-05-19T09:00:06.905+0000][163][gc,heap     ] GC(7) Humongous regions: 0->0
[2022-05-19T09:00:06.905+0000][163][gc,metaspace] GC(7) Metaspace: 20961K(21504K)->20961K(21504K) NonClass: 18369K(18688K)->18369K(18688K) Class: 2592K(2816K)->2592K(2816K)
[2022-05-19T09:00:06.905+0000][163][gc          ] GC(7) Pause Young (Concurrent Start) (Metadata GC Threshold) 86M->22M(512M) 7.812ms
[2022-05-19T09:00:06.905+0000][163][gc,cpu      ] GC(7) User=0.03s Sys=0.00s Real=0.00s
[2022-05-19T09:00:06.906+0000][163][gc          ] GC(8) Concurrent Mark Cycle
[2022-05-19T09:00:06.906+0000][163][safepoint   ] Safepoint "CollectForMetadataAllocation", Time since last: 53496100 ns, Reaching safepoint: 172400 ns, At safepoint: 8224700 ns, Total: 8397100 ns
[2022-05-19T09:00:06.906+0000][163][gc,marking  ] GC(8) Concurrent Clear Claimed Marks
[2022-05-19T09:00:06.906+0000][163][gc,marking  ] GC(8) Concurrent Clear Claimed Marks 0.311ms
[2022-05-19T09:00:06.906+0000][163][gc,marking  ] GC(8) Concurrent Scan Root Regions
[2022-05-19T09:00:06.909+0000][163][gc,marking  ] GC(8) Concurrent Scan Root Regions 2.574ms
[2022-05-19T09:00:06.909+0000][163][gc,marking  ] GC(8) Concurrent Mark
[2022-05-19T09:00:06.909+0000][163][gc,marking  ] GC(8) Concurrent Mark From Roots
[2022-05-19T09:00:06.909+0000][163][gc,task     ] GC(8) Using 3 workers of 3 for marking
[2022-05-19T09:00:06.913+0000][163][gc,marking  ] GC(8) Concurrent Mark From Roots 3.362ms
[2022-05-19T09:00:06.913+0000][163][gc,marking  ] GC(8) Concurrent Preclean
[2022-05-19T09:00:06.913+0000][163][gc,marking  ] GC(8) Concurrent Preclean 0.514ms
[2022-05-19T09:00:06.914+0000][163][gc,start    ] GC(8) Pause Remark
[2022-05-19T09:00:06.916+0000][163][gc          ] GC(8) Pause Remark 30M->30M(512M) 2.036ms
[2022-05-19T09:00:06.916+0000][163][gc,cpu      ] GC(8) User=0.01s Sys=0.00s Real=0.00s
[2022-05-19T09:00:06.916+0000][163][safepoint   ] Safepoint "G1Concurrent", Time since last: 7849800 ns, Reaching safepoint: 261700 ns, At safepoint: 2496700 ns, Total: 2758400 ns
[2022-05-19T09:00:06.917+0000][163][gc,marking  ] GC(8) Concurrent Mark 7.540ms
[2022-05-19T09:00:06.917+0000][163][gc,marking  ] GC(8) Concurrent Rebuild Remembered Sets
[2022-05-19T09:00:06.919+0000][163][gc,marking  ] GC(8) Concurrent Rebuild Remembered Sets 2.452ms
[2022-05-19T09:00:06.920+0000][163][gc,start    ] GC(8) Pause Cleanup
[2022-05-19T09:00:06.920+0000][163][gc          ] GC(8) Pause Cleanup 34M->34M(512M) 0.349ms
[2022-05-19T09:00:06.920+0000][163][gc,cpu      ] GC(8) User=0.00s Sys=0.00s Real=0.00s
[2022-05-19T09:00:06.921+0000][163][safepoint   ] Safepoint "G1Concurrent", Time since last: 3266400 ns, Reaching safepoint: 281000 ns, At safepoint: 743600 ns, Total: 1024600 ns
[2022-05-19T09:00:06.921+0000][163][gc,marking  ] GC(8) Concurrent Cleanup for Next Mark
[2022-05-19T09:00:06.921+0000][163][gc,marking  ] GC(8) Concurrent Cleanup for Next Mark 0.363ms
[2022-05-19T09:00:06.921+0000][163][gc          ] GC(8) Concurrent Mark Cycle 15.703ms
[2022-05-19T09:00:07.535+0000][163][safepoint   ] Safepoint "ICBufferFull", Time since last: 613961000 ns, Reaching safepoint: 308600 ns, At safepoint: 23900 ns, Total: 332500 ns
[2022-05-19T09:00:07.576+0000][163][safepoint   ] Safepoint "ICBufferFull", Time since last: 40491500 ns, Reaching safepoint: 208800 ns, At safepoint: 4900 ns, Total: 213700 ns
[2022-05-19T09:00:07.577+0000][163][safepoint   ] Safepoint "ICBufferFull", Time since last: 805900 ns, Reaching safepoint: 179700 ns, At safepoint: 4200 ns, Total: 183900 ns
[2022-05-19T09:00:07.577+0000][163][safepoint   ] Safepoint "ICBufferFull", Time since last: 659400 ns, Reaching safepoint: 155200 ns, At safepoint: 4500 ns, Total: 159700 ns
[2022-05-19T09:00:07.590+0000][163][safepoint   ] Safepoint "ICBufferFull", Time since last: 12338400 ns, Reaching safepoint: 200500 ns, At safepoint: 4400 ns, Total: 204900 ns
[2022-05-19T09:00:07.591+0000][163][safepoint   ] Safepoint "ICBufferFull", Time since last: 752400 ns, Reaching safepoint: 157200 ns, At safepoint: 4500 ns, Total: 161700 ns
[2022-05-19T09:00:07.612+0000][163][safepoint   ] Safepoint "ICBufferFull", Time since last: 21313700 ns, Reaching safepoint: 177300 ns, At safepoint: 5100 ns, Total: 182400 ns
[2022-05-19T09:00:07.620+0000][163][safepoint   ] Safepoint "ICBufferFull", Time since last: 7194000 ns, Reaching safepoint: 181400 ns, At safepoint: 5000 ns, Total: 186400 ns
[2022-05-19T09:00:07.624+0000][163][safepoint   ] Safepoint "ICBufferFull", Time since last: 4234300 ns, Reaching safepoint: 204900 ns, At safepoint: 18300 ns, Total: 223200 ns
[2022-05-19T09:00:07.681+0000][163][safepoint   ] Safepoint "ICBufferFull", Time since last: 56509500 ns, Reaching safepoint: 183100 ns, At safepoint: 4900 ns, Total: 188000 ns
[2022-05-19T09:00:07.686+0000][163][safepoint   ] Safepoint "ICBufferFull", Time since last: 5217800 ns, Reaching safepoint: 176200 ns, At safepoint: 17800 ns, Total: 194000 ns
[2022-05-19T09:00:07.687+0000][163][safepoint   ] Safepoint "ICBufferFull", Time since last: 825100 ns, Reaching safepoint: 162300 ns, At safepoint: 17500 ns, Total: 179800 ns
[2022-05-19T09:00:07.698+0000][163][safepoint   ] Safepoint "ICBufferFull", Time since last: 10283000 ns, Reaching safepoint: 181600 ns, At safepoint: 5100 ns, Total: 186700 ns
[2022-05-19T09:00:07.699+0000][163][safepoint   ] Safepoint "ICBufferFull", Time since last: 935700 ns, Reaching safepoint: 159900 ns, At safepoint: 28500 ns, Total: 188400 ns
[2022-05-19T09:00:07.704+0000][163][safepoint   ] Safepoint "ICBufferFull", Time since last: 5386500 ns, Reaching safepoint: 172300 ns, At safepoint: 4800 ns, Total: 177100 ns
[2022-05-19T09:00:08.782+0000][163][safepoint   ] Safepoint "ICBufferFull", Time since last: 1076932200 ns, Reaching safepoint: 206000 ns, At safepoint: 5700 ns, Total: 211700 ns
[2022-05-19T09:00:08.840+0000][163][gc,start    ] GC(9) Pause Young (Normal) (G1 Evacuation Pause)
[2022-05-19T09:00:08.840+0000][163][gc,task     ] GC(9) Using 10 workers of 10 for evacuation
[2022-05-19T09:00:08.840+0000][163][gc,age      ] GC(9) Desired survivor size 20971520 bytes, new threshold 15 (max threshold 15)
[2022-05-19T09:00:08.854+0000][163][gc,age      ] GC(9) Age table with threshold 15 (max threshold 15)
[2022-05-19T09:00:08.855+0000][163][gc,age      ] GC(9) - age   1:   21812472 bytes,   21812472 total
[2022-05-19T09:00:08.855+0000][163][gc,age      ] GC(9) - age   2:     270952 bytes,   22083424 total
[2022-05-19T09:00:08.855+0000][163][gc,age      ] GC(9) - age   3:    2039888 bytes,   24123312 total
[2022-05-19T09:00:08.855+0000][163][gc,age      ] GC(9) - age   4:     664344 bytes,   24787656 total
[2022-05-19T09:00:08.855+0000][163][gc,age      ] GC(9) - age   5:    4089816 bytes,   28877472 total
[2022-05-19T09:00:08.856+0000][163][gc,age      ] GC(9) - age   6:    3647584 bytes,   32525056 total
[2022-05-19T09:00:08.856+0000][163][gc,age      ] GC(9) - age   7:    1158016 bytes,   33683072 total
[2022-05-19T09:00:08.856+0000][163][gc,age      ] GC(9) - age   8:    1844656 bytes,   35527728 total
[2022-05-19T09:00:08.856+0000][163][gc,phases   ] GC(9)   Pre Evacuate Collection Set: 0.2ms
[2022-05-19T09:00:08.856+0000][163][gc,phases   ] GC(9)   Merge Heap Roots: 0.2ms
[2022-05-19T09:00:08.856+0000][163][gc,phases   ] GC(9)   Evacuate Collection Set: 11.5ms
[2022-05-19T09:00:08.857+0000][163][gc,phases   ] GC(9)   Post Evacuate Collection Set: 2.0ms
[2022-05-19T09:00:08.857+0000][163][gc,phases   ] GC(9)   Other: 2.6ms
[2022-05-19T09:00:08.857+0000][163][gc,heap     ] GC(9) Eden regions: 72->0(67)
[2022-05-19T09:00:08.857+0000][163][gc,heap     ] GC(9) Survivor regions: 4->9(10)
[2022-05-19T09:00:08.857+0000][163][gc,heap     ] GC(9) Old regions: 2->2
[2022-05-19T09:00:08.857+0000][163][gc,heap     ] GC(9) Archive regions: 2->2
[2022-05-19T09:00:08.858+0000][163][gc,heap     ] GC(9) Humongous regions: 0->0
[2022-05-19T09:00:08.858+0000][163][gc,metaspace] GC(9) Metaspace: 30655K(31616K)->30655K(31616K) NonClass: 26724K(27328K)->26724K(27328K) Class: 3931K(4288K)->3931K(4288K)
[2022-05-19T09:00:08.858+0000][163][gc          ] GC(9) Pause Young (Normal) (G1 Evacuation Pause) 310M->43M(512M) 18.283ms
[2022-05-19T09:00:08.858+0000][163][gc,cpu      ] GC(9) User=0.15s Sys=0.01s Real=0.02s
[2022-05-19T09:00:08.858+0000][163][safepoint   ] Safepoint "G1CollectForAllocation", Time since last: 57736500 ns, Reaching safepoint: 242600 ns, At safepoint: 18711200 ns, Total: 18953800 ns
[2022-05-19T09:00:09.351+0000][163][gc,start    ] GC(10) Pause Young (Concurrent Start) (Metadata GC Threshold)
[2022-05-19T09:00:09.351+0000][163][gc,task     ] GC(10) Using 10 workers of 10 for evacuation
[2022-05-19T09:00:09.352+0000][163][gc,age      ] GC(10) Desired survivor size 20971520 bytes, new threshold 1 (max threshold 15)
[2022-05-19T09:00:09.366+0000][163][gc,age      ] GC(10) Age table with threshold 1 (max threshold 15)
[2022-05-19T09:00:09.366+0000][163][gc,age      ] GC(10) - age   1:    6188576 bytes,    6188576 total
[2022-05-19T09:00:09.366+0000][163][gc,phases   ] GC(10)   Pre Evacuate Collection Set: 0.3ms
[2022-05-19T09:00:09.366+0000][163][gc,phases   ] GC(10)   Merge Heap Roots: 0.2ms
[2022-05-19T09:00:09.366+0000][163][gc,phases   ] GC(10)   Evacuate Collection Set: 12.2ms
[2022-05-19T09:00:09.366+0000][163][gc,phases   ] GC(10)   Post Evacuate Collection Set: 1.1ms
[2022-05-19T09:00:09.367+0000][163][gc,phases   ] GC(10)   Other: 1.2ms
[2022-05-19T09:00:09.367+0000][163][gc,heap     ] GC(10) Eden regions: 19->0(74)
[2022-05-19T09:00:09.367+0000][163][gc,heap     ] GC(10) Survivor regions: 9->2(10)
[2022-05-19T09:00:09.367+0000][163][gc,heap     ] GC(10) Old regions: 2->10
[2022-05-19T09:00:09.367+0000][163][gc,heap     ] GC(10) Archive regions: 2->2
[2022-05-19T09:00:09.367+0000][163][gc,heap     ] GC(10) Humongous regions: 0->0
[2022-05-19T09:00:09.367+0000][163][gc,metaspace] GC(10) Metaspace: 35011K(35968K)->35011K(35968K) NonClass: 30372K(30976K)->30372K(30976K) Class: 4638K(4992K)->4638K(4992K)
[2022-05-19T09:00:09.367+0000][163][gc          ] GC(10) Pause Young (Concurrent Start) (Metadata GC Threshold) 117M->50M(512M) 16.425ms
[2022-05-19T09:00:09.368+0000][163][gc,cpu      ] GC(10) User=0.12s Sys=0.03s Real=0.02s
[2022-05-19T09:00:09.368+0000][163][gc          ] GC(11) Concurrent Mark Cycle
[2022-05-19T09:00:09.368+0000][163][gc,marking  ] GC(11) Concurrent Clear Claimed Marks
[2022-05-19T09:00:09.368+0000][163][safepoint   ] Safepoint "CollectForMetadataAllocation", Time since last: 492473200 ns, Reaching safepoint: 236500 ns, At safepoint: 16816900 ns, Total: 17053400 ns
[2022-05-19T09:00:09.368+0000][163][gc,marking  ] GC(11) Concurrent Clear Claimed Marks 0.249ms
[2022-05-19T09:00:09.369+0000][163][gc,marking  ] GC(11) Concurrent Scan Root Regions
[2022-05-19T09:00:09.378+0000][163][gc,marking  ] GC(11) Concurrent Scan Root Regions 9.415ms
[2022-05-19T09:00:09.378+0000][163][gc,marking  ] GC(11) Concurrent Mark
[2022-05-19T09:00:09.378+0000][163][gc,marking  ] GC(11) Concurrent Mark From Roots
[2022-05-19T09:00:09.379+0000][163][gc,task     ] GC(11) Using 3 workers of 3 for marking
[2022-05-19T09:00:09.382+0000][163][safepoint   ] Safepoint "CollectForMetadataAllocation", Time since last: 13911400 ns, Reaching safepoint: 292600 ns, At safepoint: 148100 ns, Total: 440700 ns
[2022-05-19T09:00:09.384+0000][163][gc,marking  ] GC(11) Concurrent Mark From Roots 5.216ms
[2022-05-19T09:00:09.384+0000][163][gc,marking  ] GC(11) Concurrent Preclean
[2022-05-19T09:00:09.385+0000][163][gc,marking  ] GC(11) Concurrent Preclean 0.637ms
[2022-05-19T09:00:09.385+0000][163][gc,start    ] GC(11) Pause Remark
[2022-05-19T09:00:09.387+0000][163][gc          ] GC(11) Pause Remark 52M->52M(512M) 2.190ms
[2022-05-19T09:00:09.387+0000][163][gc,cpu      ] GC(11) User=0.02s Sys=0.00s Real=0.01s
[2022-05-19T09:00:09.388+0000][163][safepoint   ] Safepoint "G1Concurrent", Time since last: 2553800 ns, Reaching safepoint: 345600 ns, At safepoint: 2546100 ns, Total: 2891700 ns
[2022-05-19T09:00:09.388+0000][163][gc,marking  ] GC(11) Concurrent Mark 9.526ms
[2022-05-19T09:00:09.388+0000][163][gc,marking  ] GC(11) Concurrent Rebuild Remembered Sets
[2022-05-19T09:00:09.398+0000][163][gc,marking  ] GC(11) Concurrent Rebuild Remembered Sets 9.868ms
[2022-05-19T09:00:09.398+0000][163][gc,start    ] GC(11) Pause Cleanup
[2022-05-19T09:00:09.399+0000][163][gc          ] GC(11) Pause Cleanup 54M->54M(512M) 0.377ms
[2022-05-19T09:00:09.399+0000][163][gc,cpu      ] GC(11) User=0.01s Sys=0.00s Real=0.00s
[2022-05-19T09:00:09.399+0000][163][safepoint   ] Safepoint "G1Concurrent", Time since last: 10435400 ns, Reaching safepoint: 248000 ns, At safepoint: 693600 ns, Total: 941600 ns
[2022-05-19T09:00:09.399+0000][163][gc,marking  ] GC(11) Concurrent Cleanup for Next Mark
[2022-05-19T09:00:09.400+0000][163][gc,marking  ] GC(11) Concurrent Cleanup for Next Mark 0.357ms
[2022-05-19T09:00:09.400+0000][163][gc          ] GC(11) Concurrent Mark Cycle 32.006ms
[2022-05-19T09:00:10.320+0000][163][safepoint   ] Safepoint "ICBufferFull", Time since last: 920824400 ns, Reaching safepoint: 278800 ns, At safepoint: 38200 ns, Total: 317000 ns
[2022-05-19T09:00:10.794+0000][163][safepoint   ] Safepoint "ICBufferFull", Time since last: 473558400 ns, Reaching safepoint: 201500 ns, At safepoint: 19600 ns, Total: 221100 ns
[2022-05-19T09:00:10.985+0000][163][gc,start    ] GC(12) Pause Young (Concurrent Start) (G1 Evacuation Pause)
[2022-05-19T09:00:10.986+0000][163][gc,task     ] GC(12) Using 10 workers of 10 for evacuation
[2022-05-19T09:00:10.986+0000][163][gc,age      ] GC(12) Desired survivor size 20971520 bytes, new threshold 15 (max threshold 15)
[2022-05-19T09:00:10.993+0000][163][gc,age      ] GC(12) Age table with threshold 15 (max threshold 15)
[2022-05-19T09:00:10.994+0000][163][gc,age      ] GC(12) - age   1:    6105080 bytes,    6105080 total
[2022-05-19T09:00:10.994+0000][163][gc,age      ] GC(12) - age   2:    6098272 bytes,   12203352 total
[2022-05-19T09:00:10.994+0000][163][gc,phases   ] GC(12)   Pre Evacuate Collection Set: 0.3ms
[2022-05-19T09:00:10.994+0000][163][gc,phases   ] GC(12)   Merge Heap Roots: 0.2ms
[2022-05-19T09:00:10.994+0000][163][gc,phases   ] GC(12)   Evacuate Collection Set: 5.4ms
[2022-05-19T09:00:10.995+0000][163][gc,phases   ] GC(12)   Post Evacuate Collection Set: 1.4ms
[2022-05-19T09:00:10.995+0000][163][gc,phases   ] GC(12)   Other: 1.5ms
[2022-05-19T09:00:10.995+0000][163][gc,heap     ] GC(12) Eden regions: 74->0(72)
[2022-05-19T09:00:10.995+0000][163][gc,heap     ] GC(12) Survivor regions: 2->4(10)
[2022-05-19T09:00:10.995+0000][163][gc,heap     ] GC(12) Old regions: 10->10
[2022-05-19T09:00:10.995+0000][163][gc,heap     ] GC(12) Archive regions: 2->2
[2022-05-19T09:00:10.995+0000][163][gc,heap     ] GC(12) Humongous regions: 0->0
[2022-05-19T09:00:10.996+0000][163][gc,metaspace] GC(12) Metaspace: 52204K(53376K)->52204K(53376K) NonClass: 45120K(45824K)->45120K(45824K) Class: 7083K(7552K)->7083K(7552K)
[2022-05-19T09:00:10.996+0000][163][gc          ] GC(12) Pause Young (Concurrent Start) (G1 Evacuation Pause) 346M->54M(512M) 10.435ms
[2022-05-19T09:00:10.996+0000][163][gc,cpu      ] GC(12) User=0.06s Sys=0.01s Real=0.01s
[2022-05-19T09:00:10.996+0000][163][safepoint   ] Safepoint "G1CollectForAllocation", Time since last: 191150600 ns, Reaching safepoint: 278000 ns, At safepoint: 10897800 ns, Total: 11175800 ns
[2022-05-19T09:00:10.996+0000][163][gc          ] GC(13) Concurrent Mark Cycle
[2022-05-19T09:00:10.997+0000][163][gc,marking  ] GC(13) Concurrent Clear Claimed Marks
[2022-05-19T09:00:10.997+0000][163][gc,marking  ] GC(13) Concurrent Clear Claimed Marks 0.271ms
[2022-05-19T09:00:10.997+0000][163][gc,marking  ] GC(13) Concurrent Scan Root Regions
[2022-05-19T09:00:11.003+0000][163][gc,marking  ] GC(13) Concurrent Scan Root Regions 5.753ms
[2022-05-19T09:00:11.003+0000][163][gc,marking  ] GC(13) Concurrent Mark
[2022-05-19T09:00:11.003+0000][163][gc,marking  ] GC(13) Concurrent Mark From Roots
[2022-05-19T09:00:11.004+0000][163][gc,task     ] GC(13) Using 3 workers of 3 for marking
[2022-05-19T09:00:11.036+0000][163][gc,marking  ] GC(13) Concurrent Mark From Roots 32.958ms
[2022-05-19T09:00:11.037+0000][163][gc,marking  ] GC(13) Concurrent Preclean
[2022-05-19T09:00:11.037+0000][163][gc,marking  ] GC(13) Concurrent Preclean 0.739ms
[2022-05-19T09:00:11.038+0000][163][gc,start    ] GC(13) Pause Remark
[2022-05-19T09:00:11.041+0000][163][gc          ] GC(13) Pause Remark 66M->66M(512M) 2.907ms
[2022-05-19T09:00:11.041+0000][163][gc,cpu      ] GC(13) User=0.01s Sys=0.00s Real=0.00s
[2022-05-19T09:00:11.041+0000][163][safepoint   ] Safepoint "G1Concurrent", Time since last: 41301700 ns, Reaching safepoint: 340500 ns, At safepoint: 3360100 ns, Total: 3700600 ns
[2022-05-19T09:00:11.041+0000][163][gc,marking  ] GC(13) Concurrent Mark 38.293ms
[2022-05-19T09:00:11.042+0000][163][gc,marking  ] GC(13) Concurrent Rebuild Remembered Sets
[2022-05-19T09:00:11.056+0000][163][gc,marking  ] GC(13) Concurrent Rebuild Remembered Sets 14.543ms
[2022-05-19T09:00:11.057+0000][163][gc,start    ] GC(13) Pause Cleanup
[2022-05-19T09:00:11.057+0000][163][gc          ] GC(13) Pause Cleanup 72M->72M(512M) 0.365ms
[2022-05-19T09:00:11.057+0000][163][gc,cpu      ] GC(13) User=0.00s Sys=0.00s Real=0.00s
[2022-05-19T09:00:11.057+0000][163][safepoint   ] Safepoint "G1Concurrent", Time since last: 15260100 ns, Reaching safepoint: 275800 ns, At safepoint: 689700 ns, Total: 965500 ns
[2022-05-19T09:00:11.058+0000][163][gc,marking  ] GC(13) Concurrent Cleanup for Next Mark
[2022-05-19T09:00:11.058+0000][163][gc,marking  ] GC(13) Concurrent Cleanup for Next Mark 0.386ms
[2022-05-19T09:00:11.058+0000][163][gc          ] GC(13) Concurrent Mark Cycle 62.039ms
[2022-05-19T09:00:11.602+0000][163][safepoint   ] Safepoint "ICBufferFull", Time since last: 544024000 ns, Reaching safepoint: 789400 ns, At safepoint: 22100 ns, Total: 811500 ns
[2022-05-19T09:00:12.476+0000][163][safepoint   ] Safepoint "ICBufferFull", Time since last: 872896600 ns, Reaching safepoint: 349000 ns, At safepoint: 32700 ns, Total: 381700 ns
[2022-05-19T09:00:13.427+0000][163][safepoint   ] Safepoint "ICBufferFull", Time since last: 950776200 ns, Reaching safepoint: 211900 ns, At safepoint: 5100 ns, Total: 217000 ns
[2022-05-19T09:00:13.667+0000][163][safepoint   ] Safepoint "ICBufferFull", Time since last: 239861300 ns, Reaching safepoint: 180700 ns, At safepoint: 5200 ns, Total: 185900 ns
[2022-05-19T09:00:14.051+0000][163][gc,start    ] GC(14) Pause Young (Concurrent Start) (Metadata GC Threshold)
[2022-05-19T09:00:14.052+0000][163][gc,task     ] GC(14) Using 10 workers of 10 for evacuation
[2022-05-19T09:00:14.052+0000][163][gc,age      ] GC(14) Desired survivor size 20971520 bytes, new threshold 15 (max threshold 15)
[2022-05-19T09:00:14.065+0000][163][gc,age      ] GC(14) Age table with threshold 15 (max threshold 15)
[2022-05-19T09:00:14.066+0000][163][gc,age      ] GC(14) - age   1:   14378608 bytes,   14378608 total
[2022-05-19T09:00:14.066+0000][163][gc,age      ] GC(14) - age   2:    5816800 bytes,   20195408 total
[2022-05-19T09:00:14.066+0000][163][gc,age      ] GC(14) - age   3:    6076936 bytes,   26272344 total
[2022-05-19T09:00:14.066+0000][163][gc,phases   ] GC(14)   Pre Evacuate Collection Set: 0.3ms
[2022-05-19T09:00:14.067+0000][163][gc,phases   ] GC(14)   Merge Heap Roots: 0.2ms
[2022-05-19T09:00:14.067+0000][163][gc,phases   ] GC(14)   Evacuate Collection Set: 10.0ms
[2022-05-19T09:00:14.067+0000][163][gc,phases   ] GC(14)   Post Evacuate Collection Set: 2.6ms
[2022-05-19T09:00:14.067+0000][163][gc,phases   ] GC(14)   Other: 2.1ms
[2022-05-19T09:00:14.067+0000][163][gc,heap     ] GC(14) Eden regions: 72->0(69)
[2022-05-19T09:00:14.067+0000][163][gc,heap     ] GC(14) Survivor regions: 4->7(10)
[2022-05-19T09:00:14.068+0000][163][gc,heap     ] GC(14) Old regions: 10->10
[2022-05-19T09:00:14.068+0000][163][gc,heap     ] GC(14) Archive regions: 2->2
[2022-05-19T09:00:14.068+0000][163][gc,heap     ] GC(14) Humongous regions: 0->0
[2022-05-19T09:00:14.068+0000][163][gc,metaspace] GC(14) Metaspace: 87505K(88960K)->87505K(88960K) NonClass: 75327K(76160K)->75327K(76160K) Class: 12178K(12800K)->12178K(12800K)
[2022-05-19T09:00:14.068+0000][163][gc          ] GC(14) Pause Young (Concurrent Start) (Metadata GC Threshold) 342M->68M(512M) 16.748ms
[2022-05-19T09:00:14.068+0000][163][gc,cpu      ] GC(14) User=0.12s Sys=0.00s Real=0.02s
[2022-05-19T09:00:14.068+0000][163][gc          ] GC(15) Concurrent Mark Cycle
[2022-05-19T09:00:14.068+0000][163][gc,marking  ] GC(15) Concurrent Clear Claimed Marks
[2022-05-19T09:00:14.069+0000][163][gc,marking  ] GC(15) Concurrent Clear Claimed Marks 0.224ms
[2022-05-19T09:00:14.069+0000][163][gc,marking  ] GC(15) Concurrent Scan Root Regions
[2022-05-19T09:00:14.069+0000][163][safepoint   ] Safepoint "CollectForMetadataAllocation", Time since last: 384236000 ns, Reaching safepoint: 372900 ns, At safepoint: 17458700 ns, Total: 17831600 ns
[2022-05-19T09:00:14.074+0000][163][safepoint   ] Safepoint "CollectForMetadataAllocation", Time since last: 524800 ns, Reaching safepoint: 4493800 ns, At safepoint: 101100 ns, Total: 4594900 ns
[2022-05-19T09:00:14.076+0000][163][gc,marking  ] GC(15) Concurrent Scan Root Regions 7.025ms
[2022-05-19T09:00:14.076+0000][163][gc,marking  ] GC(15) Concurrent Mark
[2022-05-19T09:00:14.076+0000][163][gc,marking  ] GC(15) Concurrent Mark From Roots
[2022-05-19T09:00:14.077+0000][163][gc,task     ] GC(15) Using 3 workers of 3 for marking
[2022-05-19T09:00:14.102+0000][163][gc,marking  ] GC(15) Concurrent Mark From Roots 25.405ms
[2022-05-19T09:00:14.102+0000][163][gc,marking  ] GC(15) Concurrent Preclean
[2022-05-19T09:00:14.103+0000][163][gc,marking  ] GC(15) Concurrent Preclean 0.631ms
[2022-05-19T09:00:14.103+0000][163][gc,start    ] GC(15) Pause Remark
[2022-05-19T09:00:14.105+0000][163][gc          ] GC(15) Pause Remark 70M->70M(512M) 2.338ms
[2022-05-19T09:00:14.106+0000][163][gc,cpu      ] GC(15) User=0.01s Sys=0.00s Real=0.00s
[2022-05-19T09:00:14.106+0000][163][safepoint   ] Safepoint "G1Concurrent", Time since last: 28944100 ns, Reaching safepoint: 197600 ns, At safepoint: 2755500 ns, Total: 2953100 ns
[2022-05-19T09:00:14.106+0000][163][gc,marking  ] GC(15) Concurrent Mark 29.782ms
[2022-05-19T09:00:14.106+0000][163][gc,marking  ] GC(15) Concurrent Rebuild Remembered Sets
[2022-05-19T09:00:14.118+0000][163][gc,marking  ] GC(15) Concurrent Rebuild Remembered Sets 12.384ms
[2022-05-19T09:00:14.119+0000][163][gc,start    ] GC(15) Pause Cleanup
[2022-05-19T09:00:14.119+0000][163][gc          ] GC(15) Pause Cleanup 70M->70M(512M) 0.351ms
[2022-05-19T09:00:14.120+0000][163][gc,cpu      ] GC(15) User=0.00s Sys=0.00s Real=0.00s
[2022-05-19T09:00:14.120+0000][163][safepoint   ] Safepoint "G1Concurrent", Time since last: 13002600 ns, Reaching safepoint: 291900 ns, At safepoint: 698500 ns, Total: 990400 ns
[2022-05-19T09:00:14.120+0000][163][gc,marking  ] GC(15) Concurrent Cleanup for Next Mark
[2022-05-19T09:00:14.120+0000][163][gc,marking  ] GC(15) Concurrent Cleanup for Next Mark 0.407ms
[2022-05-19T09:00:14.121+0000][163][gc          ] GC(15) Concurrent Mark Cycle 52.231ms
[2022-05-19T09:00:14.696+0000][163][safepoint   ] Safepoint "ICBufferFull", Time since last: 575864900 ns, Reaching safepoint: 286200 ns, At safepoint: 50900 ns, Total: 337100 ns
[2022-05-19T09:00:15.061+0000][163][safepoint   ] Safepoint "ICBufferFull", Time since last: 365183800 ns, Reaching safepoint: 216400 ns, At safepoint: 5700 ns, Total: 222100 ns
[2022-05-19T09:00:15.582+0000][163][safepoint   ] Safepoint "ICBufferFull", Time since last: 520916700 ns, Reaching safepoint: 167900 ns, At safepoint: 18000 ns, Total: 185900 ns
[2022-05-19T09:00:15.629+0000][163][gc,start    ] GC(16) Pause Young (Normal) (G1 Evacuation Pause)
[2022-05-19T09:00:15.629+0000][163][gc,task     ] GC(16) Using 10 workers of 10 for evacuation
[2022-05-19T09:00:15.629+0000][163][gc,age      ] GC(16) Desired survivor size 20971520 bytes, new threshold 3 (max threshold 15)
[2022-05-19T09:00:15.643+0000][163][gc,age      ] GC(16) Age table with threshold 3 (max threshold 15)
[2022-05-19T09:00:15.643+0000][163][gc,age      ] GC(16) - age   1:    5039384 bytes,    5039384 total
[2022-05-19T09:00:15.643+0000][163][gc,age      ] GC(16) - age   2:   13855568 bytes,   18894952 total
[2022-05-19T09:00:15.644+0000][163][gc,age      ] GC(16) - age   3:    5722168 bytes,   24617120 total
[2022-05-19T09:00:15.644+0000][163][gc,phases   ] GC(16)   Pre Evacuate Collection Set: 0.2ms
[2022-05-19T09:00:15.644+0000][163][gc,phases   ] GC(16)   Merge Heap Roots: 0.2ms
[2022-05-19T09:00:15.644+0000][163][gc,phases   ] GC(16)   Evacuate Collection Set: 11.3ms
[2022-05-19T09:00:15.644+0000][163][gc,phases   ] GC(16)   Post Evacuate Collection Set: 1.7ms
[2022-05-19T09:00:15.645+0000][163][gc,phases   ] GC(16)   Other: 1.8ms
[2022-05-19T09:00:15.645+0000][163][gc,heap     ] GC(16) Eden regions: 69->0(69)
[2022-05-19T09:00:15.645+0000][163][gc,heap     ] GC(16) Survivor regions: 7->7(10)
[2022-05-19T09:00:15.645+0000][163][gc,heap     ] GC(16) Old regions: 10->12
[2022-05-19T09:00:15.645+0000][163][gc,heap     ] GC(16) Archive regions: 2->2
[2022-05-19T09:00:15.645+0000][163][gc,heap     ] GC(16) Humongous regions: 6->6
[2022-05-19T09:00:15.645+0000][163][gc,metaspace] GC(16) Metaspace: 93055K(94464K)->93055K(94464K) NonClass: 79993K(80832K)->79993K(80832K) Class: 13061K(13632K)->13061K(13632K)
[2022-05-19T09:00:15.645+0000][163][gc          ] GC(16) Pause Young (Normal) (G1 Evacuation Pause) 368M->97M(512M) 16.559ms
[2022-05-19T09:00:15.645+0000][163][gc,cpu      ] GC(16) User=0.14s Sys=0.00s Real=0.01s
[2022-05-19T09:00:15.646+0000][163][safepoint   ] Safepoint "G1CollectForAllocation", Time since last: 46144500 ns, Reaching safepoint: 178900 ns, At safepoint: 16913400 ns, Total: 17092300 ns
[2022-05-19T09:00:16.590+0000][163][safepoint   ] Safepoint "ICBufferFull", Time since last: 943233500 ns, Reaching safepoint: 752200 ns, At safepoint: 56400 ns, Total: 808600 ns
[2022-05-19T09:00:17.590+0000][163][safepoint   ] Safepoint "Cleanup", Time since last: 1000361300 ns, Reaching safepoint: 333400 ns, At safepoint: 27200 ns, Total: 360600 ns
[2022-05-19T09:00:18.591+0000][163][safepoint   ] Safepoint "Cleanup", Time since last: 1000376300 ns, Reaching safepoint: 194600 ns, At safepoint: 6100 ns, Total: 200700 ns
[2022-05-19T09:00:19.592+0000][163][safepoint   ] Safepoint "Cleanup", Time since last: 1000545200 ns, Reaching safepoint: 225500 ns, At safepoint: 5600 ns, Total: 231100 ns
[2022-05-19T09:00:20.592+0000][163][safepoint   ] Safepoint "Cleanup", Time since last: 1000482700 ns, Reaching safepoint: 191500 ns, At safepoint: 7300 ns, Total: 198800 ns
[2022-05-19T09:00:21.593+0000][163][safepoint   ] Safepoint "Cleanup", Time since last: 1000423700 ns, Reaching safepoint: 217700 ns, At safepoint: 9400 ns, Total: 227100 ns
[2022-05-19T09:00:22.594+0000][163][safepoint   ] Safepoint "Cleanup", Time since last: 1000577000 ns, Reaching safepoint: 165100 ns, At safepoint: 28200 ns, Total: 193300 ns
[2022-05-19T09:00:24.219+0000][163][safepoint   ] Safepoint "Cleanup", Time since last: 1624506500 ns, Reaching safepoint: 171600 ns, At safepoint: 5300 ns, Total: 176900 ns
[2022-05-19T09:00:27.219+0000][163][safepoint   ] Safepoint "Cleanup", Time since last: 3000544700 ns, Reaching safepoint: 181500 ns, At safepoint: 6000 ns, Total: 187500 ns
[2022-05-19T09:00:28.220+0000][163][safepoint   ] Safepoint "Cleanup", Time since last: 1000456000 ns, Reaching safepoint: 248200 ns, At safepoint: 7800 ns, Total: 256000 ns
[2022-05-19T09:00:29.221+0000][163][safepoint   ] Safepoint "Cleanup", Time since last: 1000390900 ns, Reaching safepoint: 194100 ns, At safepoint: 16300 ns, Total: 210400 ns
[2022-05-19T09:00:32.222+0000][163][safepoint   ] Safepoint "Cleanup", Time since last: 3000630400 ns, Reaching safepoint: 198400 ns, At safepoint: 6700 ns, Total: 205100 ns
[2022-05-19T09:00:34.222+0000][163][safepoint   ] Safepoint "Cleanup", Time since last: 2000538200 ns, Reaching safepoint: 186400 ns, At safepoint: 5900 ns, Total: 192300 ns
[2022-05-19T09:00:39.224+0000][163][safepoint   ] Safepoint "Cleanup", Time since last: 5000944400 ns, Reaching safepoint: 265300 ns, At safepoint: 7300 ns, Total: 272600 ns
[2022-05-19T09:00:43.230+0000][163][safepoint   ] Safepoint "Cleanup", Time since last: 4006041600 ns, Reaching safepoint: 250200 ns, At safepoint: 7700 ns, Total: 257900 ns
[2022-05-19T09:00:45.231+0000][163][safepoint   ] Safepoint "Cleanup", Time since last: 2000559300 ns, Reaching safepoint: 199900 ns, At safepoint: 6900 ns, Total: 206800 ns
[2022-05-19T09:00:46.231+0000][163][safepoint   ] Safepoint "Cleanup", Time since last: 1000321000 ns, Reaching safepoint: 192800 ns, At safepoint: 7000 ns, Total: 199800 ns
[2022-05-19T09:00:48.232+0000][163][safepoint   ] Safepoint "Cleanup", Time since last: 2000570700 ns, Reaching safepoint: 244500 ns, At safepoint: 8100 ns, Total: 252600 ns
[2022-05-19T09:00:49.233+0000][163][safepoint   ] Safepoint "Cleanup", Time since last: 1000475400 ns, Reaching safepoint: 194600 ns, At safepoint: 17400 ns, Total: 212000 ns
[2022-05-19T09:00:50.233+0000][163][safepoint   ] Safepoint "Cleanup", Time since last: 1000467100 ns, Reaching safepoint: 197400 ns, At safepoint: 6700 ns, Total: 204100 ns
[2022-05-19T09:00:51.600+0000][163][safepoint   ] Safepoint "Cleanup", Time since last: 1366256000 ns, Reaching safepoint: 178200 ns, At safepoint: 17800 ns, Total: 196000 ns
[2022-05-19T09:00:51.950+0000][163][gc,start    ] GC(17) Pause Young (Normal) (G1 Evacuation Pause)
[2022-05-19T09:00:51.950+0000][163][gc,task     ] GC(17) Using 10 workers of 10 for evacuation
[2022-05-19T09:00:51.950+0000][163][gc,age      ] GC(17) Desired survivor size 20971520 bytes, new threshold 3 (max threshold 15)
[2022-05-19T09:00:51.964+0000][163][gc,age      ] GC(17) Age table with threshold 3 (max threshold 15)
[2022-05-19T09:00:51.964+0000][163][gc,age      ] GC(17) - age   1:    4182576 bytes,    4182576 total
[2022-05-19T09:00:51.964+0000][163][gc,age      ] GC(17) - age   2:    4021232 bytes,    8203808 total
[2022-05-19T09:00:51.964+0000][163][gc,age      ] GC(17) - age   3:   13818704 bytes,   22022512 total
[2022-05-19T09:00:51.965+0000][163][gc,phases   ] GC(17)   Pre Evacuate Collection Set: 0.2ms
[2022-05-19T09:00:51.965+0000][163][gc,phases   ] GC(17)   Merge Heap Roots: 0.2ms
[2022-05-19T09:00:51.965+0000][163][gc,phases   ] GC(17)   Evacuate Collection Set: 11.9ms
[2022-05-19T09:00:51.965+0000][163][gc,phases   ] GC(17)   Post Evacuate Collection Set: 1.3ms
[2022-05-19T09:00:51.965+0000][163][gc,phases   ] GC(17)   Other: 1.4ms
[2022-05-19T09:00:51.965+0000][163][gc,heap     ] GC(17) Eden regions: 69->0(70)
[2022-05-19T09:00:51.965+0000][163][gc,heap     ] GC(17) Survivor regions: 7->6(10)
[2022-05-19T09:00:51.966+0000][163][gc,heap     ] GC(17) Old regions: 12->13
[2022-05-19T09:00:51.966+0000][163][gc,heap     ] GC(17) Archive regions: 2->2
[2022-05-19T09:00:51.966+0000][163][gc,heap     ] GC(17) Humongous regions: 6->6
[2022-05-19T09:00:51.966+0000][163][gc,metaspace] GC(17) Metaspace: 97153K(98624K)->97153K(98624K) NonClass: 83561K(84416K)->83561K(84416K) Class: 13591K(14208K)->13591K(14208K)
[2022-05-19T09:00:51.966+0000][163][gc          ] GC(17) Pause Young (Normal) (G1 Evacuation Pause) 373M->101M(512M) 16.659ms
[2022-05-19T09:00:51.966+0000][163][gc,cpu      ] GC(17) User=0.11s Sys=0.00s Real=0.01s
[2022-05-19T09:00:51.967+0000][163][safepoint   ] Safepoint "G1CollectForAllocation", Time since last: 349457800 ns, Reaching safepoint: 306500 ns, At safepoint: 17147100 ns, Total: 17453600 ns
[2022-05-19T09:00:52.967+0000][163][safepoint   ] Safepoint "Cleanup", Time since last: 1000222600 ns, Reaching safepoint: 259200 ns, At safepoint: 34000 ns, Total: 293200 ns
[2022-05-19T09:00:53.968+0000][163][safepoint   ] Safepoint "Cleanup", Time since last: 1000252000 ns, Reaching safepoint: 237000 ns, At safepoint: 7700 ns, Total: 244700 ns
[2022-05-19T09:00:56.968+0000][163][safepoint   ] Safepoint "Cleanup", Time since last: 3000577100 ns, Reaching safepoint: 226300 ns, At safepoint: 11900 ns, Total: 238200 ns
[2022-05-19T09:00:57.969+0000][163][safepoint   ] Safepoint "Cleanup", Time since last: 1000322600 ns, Reaching safepoint: 231400 ns, At safepoint: 22400 ns, Total: 253800 ns
[2022-05-19T09:00:59.970+0000][163][safepoint   ] Safepoint "Cleanup", Time since last: 2000364900 ns, Reaching safepoint: 191200 ns, At safepoint: 8100 ns, Total: 199300 ns
[2022-05-19T09:01:04.971+0000][163][safepoint   ] Safepoint "Cleanup", Time since last: 5000809000 ns, Reaching safepoint: 182400 ns, At safepoint: 8300 ns, Total: 190700 ns
[2022-05-19T09:01:06.971+0000][163][safepoint   ] Safepoint "Cleanup", Time since last: 2000350400 ns, Reaching safepoint: 193700 ns, At safepoint: 5900 ns, Total: 199600 ns
[2022-05-19T09:01:07.972+0000][163][safepoint   ] Safepoint "Cleanup", Time since last: 1000278700 ns, Reaching safepoint: 174300 ns, At safepoint: 6600 ns, Total: 180900 ns
[2022-05-19T09:01:11.972+0000][163][safepoint   ] Safepoint "Cleanup", Time since last: 4000535600 ns, Reaching safepoint: 179800 ns, At safepoint: 9800 ns, Total: 189600 ns
[2022-05-19T09:01:13.984+0000][163][safepoint   ] Safepoint "Cleanup", Time since last: 2011076400 ns, Reaching safepoint: 169600 ns, At safepoint: 6500 ns, Total: 176100 ns
[2022-05-19T09:01:14.984+0000][163][safepoint   ] Safepoint "Cleanup", Time since last: 1000405900 ns, Reaching safepoint: 191100 ns, At safepoint: 7200 ns, Total: 198300 ns
[2022-05-19T09:01:15.985+0000][163][safepoint   ] Safepoint "Cleanup", Time since last: 1000292700 ns, Reaching safepoint: 174800 ns, At safepoint: 7000 ns, Total: 181800 ns
[2022-05-19T09:01:16.985+0000][163][safepoint   ] Safepoint "Cleanup", Time since last: 1000323900 ns, Reaching safepoint: 237100 ns, At safepoint: 9500 ns, Total: 246600 ns
[2022-05-19T09:01:17.986+0000][163][safepoint   ] Safepoint "Cleanup", Time since last: 1000308200 ns, Reaching safepoint: 174300 ns, At safepoint: 6200 ns, Total: 180500 ns
[2022-05-19T09:01:22.987+0000][163][safepoint   ] Safepoint "Cleanup", Time since last: 5000830000 ns, Reaching safepoint: 258000 ns, At safepoint: 66100 ns, Total: 324100 ns
[2022-05-19T09:01:42.990+0000][163][safepoint   ] Safepoint "Cleanup", Time since last: 20002361100 ns, Reaching safepoint: 226600 ns, At safepoint: 6500 ns, Total: 233100 ns
[2022-05-19T09:01:43.990+0000][163][safepoint   ] Safepoint "Cleanup", Time since last: 1000428300 ns, Reaching safepoint: 181800 ns, At safepoint: 32300 ns, Total: 214100 ns
[2022-05-19T09:01:44.991+0000][163][safepoint   ] Safepoint "Cleanup", Time since last: 1000357300 ns, Reaching safepoint: 345500 ns, At safepoint: 10900 ns, Total: 356400 ns
[2022-05-19T09:01:46.992+0000][163][safepoint   ] Safepoint "Cleanup", Time since last: 2000640600 ns, Reaching safepoint: 209600 ns, At safepoint: 6600 ns, Total: 216200 ns
[2022-05-19T09:01:51.993+0000][163][safepoint   ] Safepoint "Cleanup", Time since last: 5000824500 ns, Reaching safepoint: 181700 ns, At safepoint: 6600 ns, Total: 188300 ns
[2022-05-19T09:01:52.994+0000][163][safepoint   ] Safepoint "Cleanup", Time since last: 1000414700 ns, Reaching safepoint: 169900 ns, At safepoint: 6600 ns, Total: 176500 ns
[2022-05-19T09:02:04.996+0000][163][safepoint   ] Safepoint "Cleanup", Time since last: 12001652600 ns, Reaching safepoint: 181400 ns, At safepoint: 6900 ns, Total: 188300 ns
[2022-05-19T09:02:05.996+0000][163][safepoint   ] Safepoint "Cleanup", Time since last: 1000335500 ns, Reaching safepoint: 215400 ns, At safepoint: 9600 ns, Total: 225000 ns
[2022-05-19T09:02:09.997+0000][163][safepoint   ] Safepoint "Cleanup", Time since last: 4000681900 ns, Reaching safepoint: 208200 ns, At safepoint: 6400 ns, Total: 214600 ns
[2022-05-19T09:02:11.998+0000][163][safepoint   ] Safepoint "Cleanup", Time since last: 2000412000 ns, Reaching safepoint: 186900 ns, At safepoint: 7500 ns, Total: 194400 ns
[2022-05-19T09:02:13.998+0000][163][safepoint   ] Safepoint "Cleanup", Time since last: 2000487800 ns, Reaching safepoint: 199200 ns, At safepoint: 6500 ns, Total: 205700 ns
[2022-05-19T09:02:14.999+0000][163][safepoint   ] Safepoint "Cleanup", Time since last: 1000377100 ns, Reaching safepoint: 196200 ns, At safepoint: 6000 ns, Total: 202200 ns
[2022-05-19T09:02:20.000+0000][163][safepoint   ] Safepoint "Cleanup", Time since last: 5000907800 ns, Reaching safepoint: 331800 ns, At safepoint: 10600 ns, Total: 342400 ns
[2022-05-19T09:02:21.001+0000][163][safepoint   ] Safepoint "Cleanup", Time since last: 1000418700 ns, Reaching safepoint: 263100 ns, At safepoint: 10500 ns, Total: 273600 ns
[2022-05-19T09:02:32.003+0000][163][safepoint   ] Safepoint "Cleanup", Time since last: 11001714600 ns, Reaching safepoint: 235500 ns, At safepoint: 6300 ns, Total: 241800 ns
[2022-05-19T09:02:43.005+0000][163][safepoint   ] Safepoint "Cleanup", Time since last: 11001530500 ns, Reaching safepoint: 253000 ns, At safepoint: 6000 ns, Total: 259000 ns
[2022-05-19T09:02:44.005+0000][163][safepoint   ] Safepoint "Cleanup", Time since last: 1000454700 ns, Reaching safepoint: 183900 ns, At safepoint: 6300 ns, Total: 190200 ns
[2022-05-19T09:02:50.007+0000][163][safepoint   ] Safepoint "Cleanup", Time since last: 6001103800 ns, Reaching safepoint: 317900 ns, At safepoint: 9500 ns, Total: 327400 ns
[2022-05-19T09:02:51.007+0000][163][safepoint   ] Safepoint "Cleanup", Time since last: 1000486200 ns, Reaching safepoint: 183800 ns, At safepoint: 6600 ns, Total: 190400 ns
[2022-05-19T09:02:53.008+0000][163][safepoint   ] Safepoint "Cleanup", Time since last: 2000485900 ns, Reaching safepoint: 240800 ns, At safepoint: 6300 ns, Total: 247100 ns
[2022-05-19T09:03:14.011+0000][163][safepoint   ] Safepoint "Cleanup", Time since last: 21002520600 ns, Reaching safepoint: 230700 ns, At safepoint: 8400 ns, Total: 239100 ns
[2022-05-19T09:03:18.012+0000][163][safepoint   ] Safepoint "Cleanup", Time since last: 4000837500 ns, Reaching safepoint: 187300 ns, At safepoint: 6300 ns, Total: 193600 ns
[2022-05-19T09:03:34.014+0000][163][safepoint   ] Safepoint "Cleanup", Time since last: 16002147700 ns, Reaching safepoint: 184900 ns, At safepoint: 6000 ns, Total: 190900 ns
[2022-05-19T09:03:45.016+0000][163][safepoint   ] Safepoint "Cleanup", Time since last: 11001585800 ns, Reaching safepoint: 194600 ns, At safepoint: 6100 ns, Total: 200700 ns
[2022-05-19T09:03:56.018+0000][163][safepoint   ] Safepoint "Cleanup", Time since last: 11001501500 ns, Reaching safepoint: 166200 ns, At safepoint: 6000 ns, Total: 172200 ns
[2022-05-19T09:04:28.021+0000][163][safepoint   ] Safepoint "Cleanup", Time since last: 32003392800 ns, Reaching safepoint: 189800 ns, At safepoint: 6400 ns, Total: 196200 ns
[2022-05-19T09:04:32.023+0000][163][safepoint   ] Safepoint "Cleanup", Time since last: 4000530900 ns, Reaching safepoint: 184600 ns, At safepoint: 6700 ns, Total: 191300 ns
[2022-05-19T09:04:45.024+0000][163][safepoint   ] Safepoint "Cleanup", Time since last: 13001597700 ns, Reaching safepoint: 207400 ns, At safepoint: 7600 ns, Total: 215000 ns
[2022-05-19T09:05:14.028+0000][163][safepoint   ] Safepoint "Cleanup", Time since last: 29003532200 ns, Reaching safepoint: 218400 ns, At safepoint: 6000 ns, Total: 224400 ns
[2022-05-19T09:05:24.030+0000][163][safepoint   ] Safepoint "Cleanup", Time since last: 10001331600 ns, Reaching safepoint: 173700 ns, At safepoint: 6100 ns, Total: 179800 ns
[2022-05-19T09:05:30.031+0000][163][safepoint   ] Safepoint "Cleanup", Time since last: 6000883600 ns, Reaching safepoint: 174800 ns, At safepoint: 6000 ns, Total: 180800 ns
[2022-05-19T09:05:42.033+0000][163][safepoint   ] Safepoint "Cleanup", Time since last: 12001612300 ns, Reaching safepoint: 197900 ns, At safepoint: 8100 ns, Total: 206000 ns
[2022-05-19T09:05:48.034+0000][163][safepoint   ] Safepoint "Cleanup", Time since last: 6001105900 ns, Reaching safepoint: 240000 ns, At safepoint: 8200 ns, Total: 248200 ns
[2022-05-19T09:05:57.036+0000][163][safepoint   ] Safepoint "Cleanup", Time since last: 9001389800 ns, Reaching safepoint: 280300 ns, At safepoint: 6900 ns, Total: 287200 ns
[2022-05-19T09:06:02.037+0000][163][safepoint   ] Safepoint "Cleanup", Time since last: 5001013200 ns, Reaching safepoint: 211000 ns, At safepoint: 6600 ns, Total: 217600 ns
[2022-05-19T09:06:03.038+0000][163][safepoint   ] Safepoint "Cleanup", Time since last: 1000358400 ns, Reaching safepoint: 182200 ns, At safepoint: 5600 ns, Total: 187800 ns
[2022-05-19T09:06:04.038+0000][163][safepoint   ] Safepoint "Cleanup", Time since last: 1000282700 ns, Reaching safepoint: 180200 ns, At safepoint: 6000 ns, Total: 186200 ns
[2022-05-19T09:06:45.044+0000][163][safepoint   ] Safepoint "Cleanup", Time since last: 41005077800 ns, Reaching safepoint: 220200 ns, At safepoint: 6000 ns, Total: 226200 ns
[2022-05-19T09:06:58.046+0000][163][safepoint   ] Safepoint "Cleanup", Time since last: 13001781700 ns, Reaching safepoint: 332000 ns, At safepoint: 28600 ns, Total: 360600 ns
[2022-05-19T09:07:16.048+0000][163][safepoint   ] Safepoint "Cleanup", Time since last: 18002206500 ns, Reaching safepoint: 185100 ns, At safepoint: 6900 ns, Total: 192000 ns
[2022-05-19T09:07:18.049+0000][163][safepoint   ] Safepoint "Cleanup", Time since last: 2000461800 ns, Reaching safepoint: 182800 ns, At safepoint: 5700 ns, Total: 188500 ns
[2022-05-19T09:07:23.050+0000][163][safepoint   ] Safepoint "Cleanup", Time since last: 5000796700 ns, Reaching safepoint: 234500 ns, At safepoint: 22600 ns, Total: 257100 ns
[2022-05-19T09:07:32.052+0000][163][safepoint   ] Safepoint "Cleanup", Time since last: 9001516000 ns, Reaching safepoint: 232000 ns, At safepoint: 6200 ns, Total: 238200 ns
[2022-05-19T09:07:34.053+0000][163][safepoint   ] Safepoint "Cleanup", Time since last: 2000626500 ns, Reaching safepoint: 175500 ns, At safepoint: 5900 ns, Total: 181400 ns
[2022-05-19T09:07:37.053+0000][163][safepoint   ] Safepoint "Cleanup", Time since last: 3000665000 ns, Reaching safepoint: 184600 ns, At safepoint: 6600 ns, Total: 191200 ns
[2022-05-19T09:07:45.055+0000][163][safepoint   ] Safepoint "Cleanup", Time since last: 8001208400 ns, Reaching safepoint: 218800 ns, At safepoint: 7200 ns, Total: 226000 ns
[2022-05-19T09:07:52.056+0000][163][safepoint   ] Safepoint "Cleanup", Time since last: 7000982900 ns, Reaching safepoint: 204900 ns, At safepoint: 9300 ns, Total: 214200 ns
[2022-05-19T09:07:56.057+0000][163][safepoint   ] Safepoint "Cleanup", Time since last: 4000619400 ns, Reaching safepoint: 248000 ns, At safepoint: 22300 ns, Total: 270300 ns
[2022-05-19T09:08:07.058+0000][163][safepoint   ] Safepoint "Cleanup", Time since last: 11001342800 ns, Reaching safepoint: 234600 ns, At safepoint: 8300 ns, Total: 242900 ns
[2022-05-19T09:08:10.059+0000][163][safepoint   ] Safepoint "Cleanup", Time since last: 3000567100 ns, Reaching safepoint: 172700 ns, At safepoint: 6300 ns, Total: 179000 ns
[2022-05-19T09:08:45.064+0000][163][safepoint   ] Safepoint "Cleanup", Time since last: 35004309700 ns, Reaching safepoint: 269700 ns, At safepoint: 6900 ns, Total: 276600 ns
[2022-05-19T09:08:46.065+0000][163][safepoint   ] Safepoint "Cleanup", Time since last: 1000439400 ns, Reaching safepoint: 213200 ns, At safepoint: 7300 ns, Total: 220500 ns
[2022-05-19T09:09:13.069+0000][163][safepoint   ] Safepoint "Cleanup", Time since last: 27003542900 ns, Reaching safepoint: 202600 ns, At safepoint: 6100 ns, Total: 208700 ns
[2022-05-19T09:09:31.071+0000][163][safepoint   ] Safepoint "Cleanup", Time since last: 18002217700 ns, Reaching safepoint: 191000 ns, At safepoint: 6000 ns, Total: 197000 ns
[2022-05-19T09:09:36.073+0000][163][safepoint   ] Safepoint "Cleanup", Time since last: 5000864300 ns, Reaching safepoint: 322200 ns, At safepoint: 6000 ns, Total: 328200 ns
[2022-05-19T09:09:44.074+0000][163][safepoint   ] Safepoint "Cleanup", Time since last: 8001192600 ns, Reaching safepoint: 221200 ns, At safepoint: 6500 ns, Total: 227700 ns
[2022-05-19T09:10:02.076+0000][163][safepoint   ] Safepoint "Cleanup", Time since last: 18002263100 ns, Reaching safepoint: 181000 ns, At safepoint: 6200 ns, Total: 187200 ns
[2022-05-19T09:10:15.078+0000][163][safepoint   ] Safepoint "Cleanup", Time since last: 13001562100 ns, Reaching safepoint: 196300 ns, At safepoint: 19000 ns, Total: 215300 ns
[2022-05-19T09:10:37.081+0000][163][safepoint   ] Safepoint "Cleanup", Time since last: 22002826300 ns, Reaching safepoint: 314800 ns, At safepoint: 9800 ns, Total: 324600 ns
[2022-05-19T09:10:42.083+0000][163][safepoint   ] Safepoint "Cleanup", Time since last: 5000913500 ns, Reaching safepoint: 224600 ns, At safepoint: 10600 ns, Total: 235200 ns
[2022-05-19T09:10:45.083+0000][163][safepoint   ] Safepoint "Cleanup", Time since last: 3000618000 ns, Reaching safepoint: 176000 ns, At safepoint: 6300 ns, Total: 182300 ns
[2022-05-19T09:10:53.085+0000][163][safepoint   ] Safepoint "Cleanup", Time since last: 8001331400 ns, Reaching safepoint: 266700 ns, At safepoint: 6100 ns, Total: 272800 ns
[2022-05-19T09:11:12.088+0000][163][safepoint   ] Safepoint "Cleanup", Time since last: 19002563900 ns, Reaching safepoint: 222200 ns, At safepoint: 9100 ns, Total: 231300 ns
[2022-05-19T09:11:18.089+0000][163][safepoint   ] Safepoint "Cleanup", Time since last: 6000838000 ns, Reaching safepoint: 174300 ns, At safepoint: 6000 ns, Total: 180300 ns
[2022-05-19T09:11:45.093+0000][163][safepoint   ] Safepoint "Cleanup", Time since last: 27003403400 ns, Reaching safepoint: 266800 ns, At safepoint: 8300 ns, Total: 275100 ns
[2022-05-19T09:12:48.101+0000][163][safepoint   ] Safepoint "Cleanup", Time since last: 63007550700 ns, Reaching safepoint: 271500 ns, At safepoint: 20000 ns, Total: 291500 ns
[2022-05-19T09:13:08.103+0000][163][safepoint   ] Safepoint "Cleanup", Time since last: 20002427600 ns, Reaching safepoint: 182100 ns, At safepoint: 7200 ns, Total: 189300 ns
[2022-05-19T09:13:13.104+0000][163][safepoint   ] Safepoint "Cleanup", Time since last: 5000832200 ns, Reaching safepoint: 221500 ns, At safepoint: 15200 ns, Total: 236700 ns
[2022-05-19T09:13:15.105+0000][163][safepoint   ] Safepoint "Cleanup", Time since last: 2000590000 ns, Reaching safepoint: 227100 ns, At safepoint: 5900 ns, Total: 233000 ns
[2022-05-19T09:13:19.106+0000][163][safepoint   ] Safepoint "Cleanup", Time since last: 4000753700 ns, Reaching safepoint: 213800 ns, At safepoint: 8200 ns, Total: 222000 ns
[2022-05-19T09:13:20.106+0000][163][safepoint   ] Safepoint "Cleanup", Time since last: 1000322900 ns, Reaching safepoint: 172300 ns, At safepoint: 6000 ns, Total: 178300 ns
[2022-05-19T09:13:21.107+0000][163][safepoint   ] Safepoint "Cleanup", Time since last: 1000323500 ns, Reaching safepoint: 235500 ns, At safepoint: 5900 ns, Total: 241400 ns
[2022-05-19T09:13:34.110+0000][163][safepoint   ] Safepoint "Cleanup", Time since last: 13001837200 ns, Reaching safepoint: 172200 ns, At safepoint: 7000 ns, Total: 179200 ns
[2022-05-19T09:13:35.110+0000][163][safepoint   ] Safepoint "Cleanup", Time since last: 1000316000 ns, Reaching safepoint: 169500 ns, At safepoint: 7900 ns, Total: 177400 ns
[2022-05-19T09:13:37.111+0000][163][safepoint   ] Safepoint "Cleanup", Time since last: 2000551500 ns, Reaching safepoint: 309900 ns, At safepoint: 7000 ns, Total: 316900 ns
[2022-05-19T09:13:44.113+0000][163][safepoint   ] Safepoint "Cleanup", Time since last: 7001197500 ns, Reaching safepoint: 274800 ns, At safepoint: 21900 ns, Total: 296700 ns
[2022-05-19T09:13:45.113+0000][163][safepoint   ] Safepoint "Cleanup", Time since last: 1000535900 ns, Reaching safepoint: 270400 ns, At safepoint: 5800 ns, Total: 276200 ns
[2022-05-19T09:13:53.115+0000][163][safepoint   ] Safepoint "Cleanup", Time since last: 8001267900 ns, Reaching safepoint: 270500 ns, At safepoint: 9700 ns, Total: 280200 ns
[2022-05-19T09:14:02.117+0000][163][safepoint   ] Safepoint "Cleanup", Time since last: 9001392600 ns, Reaching safepoint: 248900 ns, At safepoint: 10300 ns, Total: 259200 ns
[2022-05-19T09:14:15.119+0000][163][safepoint   ] Safepoint "Cleanup", Time since last: 13001659400 ns, Reaching safepoint: 249600 ns, At safepoint: 10900 ns, Total: 260500 ns
[2022-05-19T09:15:14.375+0000][163][gc,start    ] GC(18) Pause Young (Normal) (G1 Evacuation Pause)
[2022-05-19T09:15:14.375+0000][163][gc,task     ] GC(18) Using 10 workers of 10 for evacuation
[2022-05-19T09:15:14.376+0000][163][gc,age      ] GC(18) Desired survivor size 20971520 bytes, new threshold 3 (max threshold 15)
[2022-05-19T09:15:14.384+0000][163][gc,age      ] GC(18) Age table with threshold 3 (max threshold 15)
[2022-05-19T09:15:14.384+0000][163][gc,age      ] GC(18) - age   1:     996504 bytes,     996504 total
[2022-05-19T09:15:14.385+0000][163][gc,age      ] GC(18) - age   2:    3273600 bytes,    4270104 total
[2022-05-19T09:15:14.385+0000][163][gc,age      ] GC(18) - age   3:    3946456 bytes,    8216560 total
[2022-05-19T09:15:14.385+0000][163][gc,phases   ] GC(18)   Pre Evacuate Collection Set: 0.2ms
[2022-05-19T09:15:14.385+0000][163][gc,phases   ] GC(18)   Merge Heap Roots: 0.2ms
[2022-05-19T09:15:14.386+0000][163][gc,phases   ] GC(18)   Evacuate Collection Set: 6.9ms
[2022-05-19T09:15:14.386+0000][163][gc,phases   ] GC(18)   Post Evacuate Collection Set: 1.1ms
[2022-05-19T09:15:14.386+0000][163][gc,phases   ] GC(18)   Other: 1.6ms
[2022-05-19T09:15:14.386+0000][163][gc,heap     ] GC(18) Eden regions: 70->0(73)
[2022-05-19T09:15:14.386+0000][163][gc,heap     ] GC(18) Survivor regions: 6->3(10)
[2022-05-19T09:15:14.386+0000][163][gc,heap     ] GC(18) Old regions: 13->16
[2022-05-19T09:15:14.387+0000][163][gc,heap     ] GC(18) Archive regions: 2->2
[2022-05-19T09:15:14.387+0000][163][gc,heap     ] GC(18) Humongous regions: 6->6
[2022-05-19T09:15:14.387+0000][163][gc,metaspace] GC(18) Metaspace: 98088K(99584K)->98088K(99584K) NonClass: 84409K(85312K)->84409K(85312K) Class: 13678K(14272K)->13678K(14272K)
[2022-05-19T09:15:14.387+0000][163][gc          ] GC(18) Pause Young (Normal) (G1 Evacuation Pause) 381M->101M(512M) 11.678ms
[2022-05-19T09:15:14.387+0000][163][gc,cpu      ] GC(18) User=0.07s Sys=0.00s Real=0.01s
[2022-05-19T09:15:14.387+0000][163][safepoint   ] Safepoint "G1CollectForAllocation", Time since last: 59256200200 ns, Reaching safepoint: 204200 ns, At safepoint: 11970000 ns, Total: 12174200 ns
[2022-05-19T09:15:18.388+0000][163][safepoint   ] Safepoint "Cleanup", Time since last: 4000609500 ns, Reaching safepoint: 182400 ns, At safepoint: 6000 ns, Total: 188400 ns
[2022-05-19T09:15:27.389+0000][163][safepoint   ] Safepoint "Cleanup", Time since last: 9001213000 ns, Reaching safepoint: 202500 ns, At safepoint: 5700 ns, Total: 208200 ns
[2022-05-19T09:15:29.581+0000][163][safepoint   ] Safepoint "Cleanup", Time since last: 2191322800 ns, Reaching safepoint: 182500 ns, At safepoint: 18000 ns, Total: 200500 ns
[2022-05-19T09:15:30.582+0000][163][safepoint   ] Safepoint "Cleanup", Time since last: 1000390300 ns, Reaching safepoint: 241600 ns, At safepoint: 8000 ns, Total: 249600 ns
[2022-05-19T09:15:32.582+0000][163][safepoint   ] Safepoint "Cleanup", Time since last: 2000520100 ns, Reaching safepoint: 183600 ns, At safepoint: 6900 ns, Total: 190500 ns
[2022-05-19T09:16:14.588+0000][163][safepoint   ] Safepoint "Cleanup", Time since last: 42005297100 ns, Reaching safepoint: 251900 ns, At safepoint: 14500 ns, Total: 266400 ns
[2022-05-19T09:16:15.589+0000][163][safepoint   ] Safepoint "Cleanup", Time since last: 1000466300 ns, Reaching safepoint: 176800 ns, At safepoint: 6700 ns, Total: 183500 ns
[2022-05-19T09:16:22.590+0000][163][safepoint   ] Safepoint "Cleanup", Time since last: 7001332800 ns, Reaching safepoint: 194200 ns, At safepoint: 6700 ns, Total: 200900 ns
[2022-05-19T09:16:30.595+0000][163][safepoint   ] Safepoint "Cleanup", Time since last: 8001060200 ns, Reaching safepoint: 3382300 ns, At safepoint: 31300 ns, Total: 3413600 ns
[2022-05-19T09:16:31.595+0000][163][safepoint   ] Safepoint "Cleanup", Time since last: 1000297300 ns, Reaching safepoint: 181300 ns, At safepoint: 7100 ns, Total: 188400 ns
[2022-05-19T09:16:45.598+0000][163][safepoint   ] Safepoint "Cleanup", Time since last: 14002063400 ns, Reaching safepoint: 207100 ns, At safepoint: 8500 ns, Total: 215600 ns
[2022-05-19T09:16:46.598+0000][163][safepoint   ] Safepoint "Cleanup", Time since last: 1000452200 ns, Reaching safepoint: 195700 ns, At safepoint: 7500 ns, Total: 203200 ns
[2022-05-19T09:16:55.600+0000][163][safepoint   ] Safepoint "Cleanup", Time since last: 9001232600 ns, Reaching safepoint: 222600 ns, At safepoint: 6300 ns, Total: 228900 ns
[2022-05-19T09:17:33.275+0000][163][safepoint   ] Safepoint "Cleanup", Time since last: 37674726300 ns, Reaching safepoint: 229300 ns, At safepoint: 9900 ns, Total: 239200 ns
[2022-05-19T09:17:45.276+0000][163][safepoint   ] Safepoint "Cleanup", Time since last: 12001393800 ns, Reaching safepoint: 248100 ns, At safepoint: 9100 ns, Total: 257200 ns
[2022-05-19T09:18:18.281+0000][163][safepoint   ] Safepoint "Cleanup", Time since last: 33004126900 ns, Reaching safepoint: 211900 ns, At safepoint: 7100 ns, Total: 219000 ns
[2022-05-19T09:18:41.284+0000][163][safepoint   ] Safepoint "Cleanup", Time since last: 23003073400 ns, Reaching safepoint: 396000 ns, At safepoint: 12200 ns, Total: 408200 ns
[2022-05-19T09:18:42.285+0000][163][safepoint   ] Safepoint "Cleanup", Time since last: 1000536100 ns, Reaching safepoint: 195300 ns, At safepoint: 7200 ns, Total: 202500 ns
[2022-05-19T09:18:46.286+0000][163][safepoint   ] Safepoint "Cleanup", Time since last: 4000816100 ns, Reaching safepoint: 278700 ns, At safepoint: 6500 ns, Total: 285200 ns
[2022-05-19T09:19:13.290+0000][163][safepoint   ] Safepoint "Cleanup", Time since last: 27003440600 ns, Reaching safepoint: 241500 ns, At safepoint: 8900 ns, Total: 250400 ns
[2022-05-19T09:19:18.291+0000][163][safepoint   ] Safepoint "Cleanup", Time since last: 5000733500 ns, Reaching safepoint: 235800 ns, At safepoint: 7700 ns, Total: 243500 ns
[2022-05-19T09:19:45.295+0000][163][safepoint   ] Safepoint "Cleanup", Time since last: 27003345800 ns, Reaching safepoint: 187000 ns, At safepoint: 7200 ns, Total: 194200 ns
[2022-05-19T09:20:03.298+0000][163][safepoint   ] Safepoint "Cleanup", Time since last: 18002486900 ns, Reaching safepoint: 244600 ns, At safepoint: 7600 ns, Total: 252200 ns
[2022-05-19T09:20:15.300+0000][163][safepoint   ] Safepoint "Cleanup", Time since last: 12001748400 ns, Reaching safepoint: 212200 ns, At safepoint: 7100 ns, Total: 219300 ns
[2022-05-19T09:20:45.303+0000][163][safepoint   ] Safepoint "Cleanup", Time since last: 30003461100 ns, Reaching safepoint: 191300 ns, At safepoint: 6100 ns, Total: 197400 ns
[2022-05-19T09:20:46.304+0000][163][safepoint   ] Safepoint "Cleanup", Time since last: 1000318700 ns, Reaching safepoint: 205100 ns, At safepoint: 10200 ns, Total: 215300 ns
[2022-05-19T09:20:48.305+0000][163][safepoint   ] Safepoint "Cleanup", Time since last: 2000520100 ns, Reaching safepoint: 248100 ns, At safepoint: 12100 ns, Total: 260200 ns
[2022-05-19T09:21:16.308+0000][163][safepoint   ] Safepoint "Cleanup", Time since last: 28003363400 ns, Reaching safepoint: 213800 ns, At safepoint: 6300 ns, Total: 220100 ns
[2022-05-19T09:22:11.315+0000][163][safepoint   ] Safepoint "Cleanup", Time since last: 55006295200 ns, Reaching safepoint: 233400 ns, At safepoint: 7000 ns, Total: 240400 ns
[2022-05-19T09:22:23.317+0000][163][safepoint   ] Safepoint "Cleanup", Time since last: 12001591800 ns, Reaching safepoint: 300800 ns, At safepoint: 16300 ns, Total: 317100 ns
[2022-05-19T09:22:47.320+0000][163][safepoint   ] Safepoint "Cleanup", Time since last: 24002914200 ns, Reaching safepoint: 238600 ns, At safepoint: 18700 ns, Total: 257300 ns
[2022-05-19T09:23:13.324+0000][163][safepoint   ] Safepoint "Cleanup", Time since last: 26003090300 ns, Reaching safepoint: 226900 ns, At safepoint: 7200 ns, Total: 234100 ns
[2022-05-19T09:23:15.325+0000][163][safepoint   ] Safepoint "Cleanup", Time since last: 2000373200 ns, Reaching safepoint: 335800 ns, At safepoint: 13500 ns, Total: 349300 ns
[2022-05-19T09:23:18.326+0000][163][safepoint   ] Safepoint "Cleanup", Time since last: 3000761200 ns, Reaching safepoint: 513000 ns, At safepoint: 35100 ns, Total: 548100 ns
[2022-05-19T09:23:42.329+0000][163][safepoint   ] Safepoint "Cleanup", Time since last: 24003078700 ns, Reaching safepoint: 189300 ns, At safepoint: 6600 ns, Total: 195900 ns
[2022-05-19T09:23:46.330+0000][163][safepoint   ] Safepoint "Cleanup", Time since last: 4000768500 ns, Reaching safepoint: 208600 ns, At safepoint: 6500 ns, Total: 215100 ns
[2022-05-19T09:25:15.341+0000][163][safepoint   ] Safepoint "Cleanup", Time since last: 89010043300 ns, Reaching safepoint: 223600 ns, At safepoint: 7500 ns, Total: 231100 ns
[2022-05-19T09:25:31.343+0000][163][safepoint   ] Safepoint "Cleanup", Time since last: 16001968900 ns, Reaching safepoint: 205600 ns, At safepoint: 7300 ns, Total: 212900 ns
[2022-05-19T09:26:45.351+0000][163][safepoint   ] Safepoint "Cleanup", Time since last: 74007766000 ns, Reaching safepoint: 205500 ns, At safepoint: 7200 ns, Total: 212700 ns
[2022-05-19T09:27:01.353+0000][163][safepoint   ] Safepoint "Cleanup", Time since last: 16001834500 ns, Reaching safepoint: 216900 ns, At safepoint: 7100 ns, Total: 224000 ns
[2022-05-19T09:27:02.354+0000][163][safepoint   ] Safepoint "Cleanup", Time since last: 1000331300 ns, Reaching safepoint: 186600 ns, At safepoint: 7500 ns, Total: 194100 ns
[2022-05-19T09:27:03.354+0000][163][safepoint   ] Safepoint "Cleanup", Time since last: 1000324800 ns, Reaching safepoint: 171500 ns, At safepoint: 7800 ns, Total: 179300 ns
[2022-05-19T09:27:04.355+0000][163][safepoint   ] Safepoint "Cleanup", Time since last: 1000284600 ns, Reaching safepoint: 265400 ns, At safepoint: 7100 ns, Total: 272500 ns
[2022-05-19T09:27:15.357+0000][163][safepoint   ] Safepoint "Cleanup", Time since last: 11001658200 ns, Reaching safepoint: 190800 ns, At safepoint: 7300 ns, Total: 198100 ns
[2022-05-19T09:27:16.357+0000][163][safepoint   ] Safepoint "Cleanup", Time since last: 1000353900 ns, Reaching safepoint: 203000 ns, At safepoint: 8400 ns, Total: 211400 ns
[2022-05-19T09:27:39.360+0000][163][safepoint   ] Safepoint "Cleanup", Time since last: 23002743800 ns, Reaching safepoint: 207200 ns, At safepoint: 9100 ns, Total: 216300 ns
[2022-05-19T09:27:40.361+0000][163][safepoint   ] Safepoint "Cleanup", Time since last: 1000366200 ns, Reaching safepoint: 186100 ns, At safepoint: 6800 ns, Total: 192900 ns
[2022-05-19T09:27:45.362+0000][163][safepoint   ] Safepoint "Cleanup", Time since last: 5000988500 ns, Reaching safepoint: 235400 ns, At safepoint: 13500 ns, Total: 248900 ns
[2022-05-19T09:28:15.391+0000][163][safepoint   ] Safepoint "Cleanup", Time since last: 30028472200 ns, Reaching safepoint: 208400 ns, At safepoint: 7900 ns, Total: 216300 ns
[2022-05-19T09:28:45.395+0000][163][safepoint   ] Safepoint "Cleanup", Time since last: 30003646100 ns, Reaching safepoint: 207200 ns, At safepoint: 8000 ns, Total: 215200 ns
[2022-05-19T09:30:15.406+0000][163][safepoint   ] Safepoint "Cleanup", Time since last: 90010295500 ns, Reaching safepoint: 181700 ns, At safepoint: 7100 ns, Total: 188800 ns
[2022-05-19T09:30:16.406+0000][163][safepoint   ] Safepoint "Cleanup", Time since last: 1000391700 ns, Reaching safepoint: 180700 ns, At safepoint: 6900 ns, Total: 187600 ns
[2022-05-19T09:30:48.411+0000][163][safepoint   ] Safepoint "Cleanup", Time since last: 32004202200 ns, Reaching safepoint: 211800 ns, At safepoint: 9600 ns, Total: 221400 ns
[2022-05-19T09:31:46.419+0000][163][safepoint   ] Safepoint "Cleanup", Time since last: 58007603600 ns, Reaching safepoint: 239200 ns, At safepoint: 7300 ns, Total: 246500 ns
[2022-05-19T09:32:15.423+0000][163][safepoint   ] Safepoint "Cleanup", Time since last: 29003726700 ns, Reaching safepoint: 266700 ns, At safepoint: 22700 ns, Total: 289400 ns
[2022-05-19T09:32:45.428+0000][163][safepoint   ] Safepoint "Cleanup", Time since last: 30004469200 ns, Reaching safepoint: 265900 ns, At safepoint: 15900 ns, Total: 281800 ns
[2022-05-19T09:34:46.444+0000][163][safepoint   ] Safepoint "Cleanup", Time since last: 121016189400 ns, Reaching safepoint: 255100 ns, At safepoint: 12400 ns, Total: 267500 ns
[2022-05-19T09:35:35.451+0000][163][safepoint   ] Safepoint "Cleanup", Time since last: 49005790900 ns, Reaching safepoint: 255000 ns, At safepoint: 10500 ns, Total: 265500 ns
[2022-05-19T09:35:57.454+0000][163][safepoint   ] Safepoint "Cleanup", Time since last: 22003040400 ns, Reaching safepoint: 265400 ns, At safepoint: 7200 ns, Total: 272600 ns
[2022-05-19T09:36:15.457+0000][163][safepoint   ] Safepoint "Cleanup", Time since last: 18002567200 ns, Reaching safepoint: 185700 ns, At safepoint: 6600 ns, Total: 192300 ns
[2022-05-19T09:36:16.458+0000][163][safepoint   ] Safepoint "Cleanup", Time since last: 1000398200 ns, Reaching safepoint: 381800 ns, At safepoint: 6900 ns, Total: 388700 ns
[2022-05-19T09:36:17.459+0000][163][safepoint   ] Safepoint "Cleanup", Time since last: 1000470300 ns, Reaching safepoint: 243100 ns, At safepoint: 6700 ns, Total: 249800 ns
[2022-05-19T09:36:18.460+0000][163][safepoint   ] Safepoint "Cleanup", Time since last: 1000513100 ns, Reaching safepoint: 273600 ns, At safepoint: 6600 ns, Total: 280200 ns
[2022-05-19T09:36:19.460+0000][163][safepoint   ] Safepoint "Cleanup", Time since last: 1000442700 ns, Reaching safepoint: 192000 ns, At safepoint: 6700 ns, Total: 198700 ns
[2022-05-19T09:36:27.462+0000][163][safepoint   ] Safepoint "Cleanup", Time since last: 8001288500 ns, Reaching safepoint: 234700 ns, At safepoint: 8800 ns, Total: 243500 ns
[2022-05-19T09:36:29.463+0000][163][safepoint   ] Safepoint "Cleanup", Time since last: 2000660500 ns, Reaching safepoint: 252700 ns, At safepoint: 7100 ns, Total: 259800 ns
[2022-05-19T09:36:33.464+0000][163][safepoint   ] Safepoint "Cleanup", Time since last: 4000840700 ns, Reaching safepoint: 194900 ns, At safepoint: 6300 ns, Total: 201200 ns
[2022-05-19T09:36:45.466+0000][163][safepoint   ] Safepoint "Cleanup", Time since last: 12001976600 ns, Reaching safepoint: 190200 ns, At safepoint: 6800 ns, Total: 197000 ns
[2022-05-19T09:36:57.468+0000][163][safepoint   ] Safepoint "Cleanup", Time since last: 12001941200 ns, Reaching safepoint: 248800 ns, At safepoint: 22600 ns, Total: 271400 ns
[2022-05-19T09:39:15.486+0000][163][safepoint   ] Safepoint "Cleanup", Time since last: 138017598000 ns, Reaching safepoint: 206100 ns, At safepoint: 7800 ns, Total: 213900 ns
[2022-05-19T09:39:53.492+0000][163][safepoint   ] Safepoint "Cleanup", Time since last: 38005240400 ns, Reaching safepoint: 199200 ns, At safepoint: 6400 ns, Total: 205600 ns
[2022-05-19T09:40:15.495+0000][163][safepoint   ] Safepoint "Cleanup", Time since last: 22003015400 ns, Reaching safepoint: 200700 ns, At safepoint: 6400 ns, Total: 207100 ns
[2022-05-19T09:41:15.504+0000][163][safepoint   ] Safepoint "Cleanup", Time since last: 60007974500 ns, Reaching safepoint: 251100 ns, At safepoint: 6400 ns, Total: 257500 ns
[2022-05-19T09:42:15.512+0000][163][safepoint   ] Safepoint "Cleanup", Time since last: 60007987000 ns, Reaching safepoint: 313800 ns, At safepoint: 26100 ns, Total: 339900 ns
[2022-05-19T09:42:46.517+0000][163][safepoint   ] Safepoint "Cleanup", Time since last: 31004018900 ns, Reaching safepoint: 203000 ns, At safepoint: 7500 ns, Total: 210500 ns
[2022-05-19T09:43:16.521+0000][163][safepoint   ] Safepoint "Cleanup", Time since last: 30003764700 ns, Reaching safepoint: 242700 ns, At safepoint: 5800 ns, Total: 248500 ns
[2022-05-19T09:44:59.535+0000][163][safepoint   ] Safepoint "Cleanup", Time since last: 103013351500 ns, Reaching safepoint: 257600 ns, At safepoint: 6800 ns, Total: 264400 ns
[2022-05-19T09:45:12.537+0000][163][safepoint   ] Safepoint "Cleanup", Time since last: 13001834500 ns, Reaching safepoint: 291700 ns, At safepoint: 6300 ns, Total: 298000 ns
[2022-05-19T09:45:32.540+0000][163][safepoint   ] Safepoint "Cleanup", Time since last: 20002745300 ns, Reaching safepoint: 208000 ns, At safepoint: 6700 ns, Total: 214700 ns
[2022-05-19T09:45:45.542+0000][163][safepoint   ] Safepoint "Cleanup", Time since last: 13002033000 ns, Reaching safepoint: 195400 ns, At safepoint: 6600 ns, Total: 202000 ns
[2022-05-19T09:47:29.556+0000][163][safepoint   ] Safepoint "Cleanup", Time since last: 104013551500 ns, Reaching safepoint: 209700 ns, At safepoint: 7200 ns, Total: 216900 ns
[2022-05-19T09:47:36.558+0000][163][safepoint   ] Safepoint "Cleanup", Time since last: 7001101600 ns, Reaching safepoint: 235400 ns, At safepoint: 25600 ns, Total: 261000 ns
[2022-05-19T09:47:51.560+0000][163][safepoint   ] Safepoint "Cleanup", Time since last: 15002288900 ns, Reaching safepoint: 188100 ns, At safepoint: 7200 ns, Total: 195300 ns
[2022-05-19T09:48:06.563+0000][163][safepoint   ] Safepoint "Cleanup", Time since last: 15002494800 ns, Reaching safepoint: 273700 ns, At safepoint: 17000 ns, Total: 290700 ns
[2022-05-19T09:48:15.565+0000][163][safepoint   ] Safepoint "Cleanup", Time since last: 9001471100 ns, Reaching safepoint: 236000 ns, At safepoint: 7000 ns, Total: 243000 ns
[2022-05-19T09:48:37.568+0000][163][safepoint   ] Safepoint "Cleanup", Time since last: 22003326300 ns, Reaching safepoint: 300400 ns, At safepoint: 33500 ns, Total: 333900 ns
[2022-05-19T09:48:37.993+0000][163][safepoint   ] Safepoint "ICBufferFull", Time since last: 424740900 ns, Reaching safepoint: 179000 ns, At safepoint: 19900 ns, Total: 198900 ns
[2022-05-19T09:48:38.994+0000][163][safepoint   ] Safepoint "Cleanup", Time since last: 1000379800 ns, Reaching safepoint: 189300 ns, At safepoint: 8400 ns, Total: 197700 ns
[2022-05-19T09:48:39.995+0000][163][safepoint   ] Safepoint "Cleanup", Time since last: 1000366200 ns, Reaching safepoint: 217900 ns, At safepoint: 7200 ns, Total: 225100 ns
[2022-05-19T09:48:41.995+0000][163][safepoint   ] Safepoint "Cleanup", Time since last: 2000599400 ns, Reaching safepoint: 322900 ns, At safepoint: 10100 ns, Total: 333000 ns
[2022-05-19T09:48:44.996+0000][163][safepoint   ] Safepoint "Cleanup", Time since last: 3000693000 ns, Reaching safepoint: 200100 ns, At safepoint: 9300 ns, Total: 209400 ns
[2022-05-19T09:48:45.997+0000][163][safepoint   ] Safepoint "Cleanup", Time since last: 1000406700 ns, Reaching safepoint: 286900 ns, At safepoint: 7000 ns, Total: 293900 ns
[2022-05-19T09:48:47.998+0000][163][safepoint   ] Safepoint "Cleanup", Time since last: 2000685700 ns, Reaching safepoint: 244200 ns, At safepoint: 14200 ns, Total: 258400 ns
[2022-05-19T09:48:49.354+0000][163][gc,start    ] GC(19) Pause Young (Normal) (G1 Evacuation Pause)
[2022-05-19T09:48:49.354+0000][163][gc,task     ] GC(19) Using 10 workers of 10 for evacuation
[2022-05-19T09:48:49.354+0000][163][gc,age      ] GC(19) Desired survivor size 20971520 bytes, new threshold 15 (max threshold 15)
[2022-05-19T09:48:49.361+0000][163][gc,age      ] GC(19) Age table with threshold 15 (max threshold 15)
[2022-05-19T09:48:49.361+0000][163][gc,age      ] GC(19) - age   1:   12068648 bytes,   12068648 total
[2022-05-19T09:48:49.361+0000][163][gc,age      ] GC(19) - age   2:     826208 bytes,   12894856 total
[2022-05-19T09:48:49.361+0000][163][gc,age      ] GC(19) - age   3:    3122280 bytes,   16017136 total
[2022-05-19T09:48:49.361+0000][163][gc,age      ] GC(19) - age   4:    3722472 bytes,   19739608 total
[2022-05-19T09:48:49.362+0000][163][gc,phases   ] GC(19)   Pre Evacuate Collection Set: 0.2ms
[2022-05-19T09:48:49.362+0000][163][gc,phases   ] GC(19)   Merge Heap Roots: 0.1ms
[2022-05-19T09:48:49.362+0000][163][gc,phases   ] GC(19)   Evacuate Collection Set: 4.0ms
[2022-05-19T09:48:49.362+0000][163][gc,phases   ] GC(19)   Post Evacuate Collection Set: 1.8ms
[2022-05-19T09:48:49.362+0000][163][gc,phases   ] GC(19)   Other: 2.0ms
[2022-05-19T09:48:49.362+0000][163][gc,heap     ] GC(19) Eden regions: 73->0(71)
[2022-05-19T09:48:49.363+0000][163][gc,heap     ] GC(19) Survivor regions: 3->5(10)
[2022-05-19T09:48:49.363+0000][163][gc,heap     ] GC(19) Old regions: 16->16
[2022-05-19T09:48:49.363+0000][163][gc,heap     ] GC(19) Archive regions: 2->2
[2022-05-19T09:48:49.363+0000][163][gc,heap     ] GC(19) Humongous regions: 6->6
[2022-05-19T09:48:49.363+0000][163][gc,metaspace] GC(19) Metaspace: 101645K(103040K)->101645K(103040K) NonClass: 87554K(88384K)->87554K(88384K) Class: 14091K(14656K)->14091K(14656K)
[2022-05-19T09:48:49.363+0000][163][gc          ] GC(19) Pause Young (Normal) (G1 Evacuation Pause) 393M->111M(512M) 9.520ms
[2022-05-19T09:48:49.363+0000][163][gc,cpu      ] GC(19) User=0.04s Sys=0.00s Real=0.01s
[2022-05-19T09:48:49.363+0000][163][safepoint   ] Safepoint "G1CollectForAllocation", Time since last: 1355341100 ns, Reaching safepoint: 205000 ns, At safepoint: 9853400 ns, Total: 10058400 ns
[2022-05-19T09:48:50.364+0000][163][safepoint   ] Safepoint "Cleanup", Time since last: 1000313900 ns, Reaching safepoint: 186200 ns, At safepoint: 7300 ns, Total: 193500 ns
[2022-05-19T09:48:57.365+0000][163][safepoint   ] Safepoint "Cleanup", Time since last: 7001165400 ns, Reaching safepoint: 206300 ns, At safepoint: 6600 ns, Total: 212900 ns
[2022-05-19T09:48:59.873+0000][163][safepoint   ] Safepoint "Cleanup", Time since last: 2507263300 ns, Reaching safepoint: 280100 ns, At safepoint: 31800 ns, Total: 311900 ns
[2022-05-19T09:49:00.874+0000][163][safepoint   ] Safepoint "Cleanup", Time since last: 1000320500 ns, Reaching safepoint: 300800 ns, At safepoint: 23900 ns, Total: 324700 ns
[2022-05-19T09:49:01.608+0000][163][gc,start    ] GC(20) Pause Young (Normal) (G1 Evacuation Pause)
[2022-05-19T09:49:01.608+0000][163][gc,task     ] GC(20) Using 10 workers of 10 for evacuation
[2022-05-19T09:49:01.608+0000][163][gc,age      ] GC(20) Desired survivor size 20971520 bytes, new threshold 15 (max threshold 15)
[2022-05-19T09:49:01.615+0000][163][gc,age      ] GC(20) Age table with threshold 15 (max threshold 15)
[2022-05-19T09:49:01.616+0000][163][gc,age      ] GC(20) - age   1:   17514272 bytes,   17514272 total
[2022-05-19T09:49:01.616+0000][163][gc,age      ] GC(20) - age   2:    8658088 bytes,   26172360 total
[2022-05-19T09:49:01.616+0000][163][gc,age      ] GC(20) - age   3:     793216 bytes,   26965576 total
[2022-05-19T09:49:01.616+0000][163][gc,age      ] GC(20) - age   4:    3068416 bytes,   30033992 total
[2022-05-19T09:49:01.617+0000][163][gc,age      ] GC(20) - age   5:    3722344 bytes,   33756336 total
[2022-05-19T09:49:01.617+0000][163][gc,phases   ] GC(20)   Pre Evacuate Collection Set: 0.3ms
[2022-05-19T09:49:01.617+0000][163][gc,phases   ] GC(20)   Merge Heap Roots: 0.2ms
[2022-05-19T09:49:01.617+0000][163][gc,phases   ] GC(20)   Evacuate Collection Set: 4.4ms
[2022-05-19T09:49:01.617+0000][163][gc,phases   ] GC(20)   Post Evacuate Collection Set: 1.9ms
[2022-05-19T09:49:01.617+0000][163][gc,phases   ] GC(20)   Other: 2.4ms
[2022-05-19T09:49:01.618+0000][163][gc,heap     ] GC(20) Eden regions: 71->0(63)
[2022-05-19T09:49:01.618+0000][163][gc,heap     ] GC(20) Survivor regions: 5->9(10)
[2022-05-19T09:49:01.618+0000][163][gc,heap     ] GC(20) Old regions: 16->16
[2022-05-19T09:49:01.618+0000][163][gc,heap     ] GC(20) Archive regions: 2->2
[2022-05-19T09:49:01.618+0000][163][gc,heap     ] GC(20) Humongous regions: 14->9
[2022-05-19T09:49:01.619+0000][163][gc,metaspace] GC(20) Metaspace: 101818K(103232K)->101818K(103232K) NonClass: 87727K(88576K)->87727K(88576K) Class: 14091K(14656K)->14091K(14656K)
[2022-05-19T09:49:01.619+0000][163][gc          ] GC(20) Pause Young (Normal) (G1 Evacuation Pause) 427M->138M(512M) 10.921ms
[2022-05-19T09:49:01.619+0000][163][gc,cpu      ] GC(20) User=0.04s Sys=0.02s Real=0.01s
[2022-05-19T09:49:01.619+0000][163][safepoint   ] Safepoint "G1CollectForAllocation", Time since last: 733892300 ns, Reaching safepoint: 206300 ns, At safepoint: 11400600 ns, Total: 11606900 ns
[2022-05-19T09:49:03.472+0000][163][gc,start    ] GC(21) Pause Young (Normal) (G1 Evacuation Pause)
[2022-05-19T09:49:03.472+0000][163][gc,task     ] GC(21) Using 10 workers of 10 for evacuation
[2022-05-19T09:49:03.473+0000][163][gc,age      ] GC(21) Desired survivor size 18874368 bytes, new threshold 2 (max threshold 15)
[2022-05-19T09:49:03.480+0000][163][gc,age      ] GC(21) Age table with threshold 2 (max threshold 15)
[2022-05-19T09:49:03.480+0000][163][gc,age      ] GC(21) - age   1:    9058576 bytes,    9058576 total
[2022-05-19T09:49:03.480+0000][163][gc,age      ] GC(21) - age   2:   14657600 bytes,   23716176 total
[2022-05-19T09:49:03.481+0000][163][gc,phases   ] GC(21)   Pre Evacuate Collection Set: 0.2ms
[2022-05-19T09:49:03.481+0000][163][gc,phases   ] GC(21)   Merge Heap Roots: 0.3ms
[2022-05-19T09:49:03.481+0000][163][gc,phases   ] GC(21)   Evacuate Collection Set: 5.4ms
[2022-05-19T09:49:03.482+0000][163][gc,phases   ] GC(21)   Post Evacuate Collection Set: 1.1ms
[2022-05-19T09:49:03.482+0000][163][gc,phases   ] GC(21)   Other: 2.0ms
[2022-05-19T09:49:03.482+0000][163][gc,heap     ] GC(21) Eden regions: 63->0(65)
[2022-05-19T09:49:03.482+0000][163][gc,heap     ] GC(21) Survivor regions: 9->6(9)
[2022-05-19T09:49:03.482+0000][163][gc,heap     ] GC(21) Old regions: 16->20
[2022-05-19T09:49:03.483+0000][163][gc,heap     ] GC(21) Archive regions: 2->2
[2022-05-19T09:49:03.483+0000][163][gc,heap     ] GC(21) Humongous regions: 10->6
[2022-05-19T09:49:03.483+0000][163][gc,metaspace] GC(21) Metaspace: 101858K(103296K)->101858K(103296K) NonClass: 87766K(88640K)->87766K(88640K) Class: 14091K(14656K)->14091K(14656K)
[2022-05-19T09:49:03.483+0000][163][gc          ] GC(21) Pause Young (Normal) (G1 Evacuation Pause) 394M->130M(512M) 11.188ms
[2022-05-19T09:49:03.483+0000][163][gc,cpu      ] GC(21) User=0.06s Sys=0.00s Real=0.01s
[2022-05-19T09:49:03.483+0000][163][safepoint   ] Safepoint "G1CollectForAllocation", Time since last: 1852449100 ns, Reaching safepoint: 280700 ns, At safepoint: 11511400 ns, Total: 11792100 ns
[2022-05-19T09:49:04.484+0000][163][safepoint   ] Safepoint "Cleanup", Time since last: 1000311300 ns, Reaching safepoint: 435700 ns, At safepoint: 27500 ns, Total: 463200 ns
[2022-05-19T09:49:05.420+0000][163][gc,start    ] GC(22) Pause Young (Normal) (G1 Evacuation Pause)
[2022-05-19T09:49:05.421+0000][163][gc,task     ] GC(22) Using 10 workers of 10 for evacuation
[2022-05-19T09:49:05.421+0000][163][gc,age      ] GC(22) Desired survivor size 18874368 bytes, new threshold 2 (max threshold 15)
[2022-05-19T09:49:05.426+0000][163][gc,age      ] GC(22) Age table with threshold 2 (max threshold 15)
[2022-05-19T09:49:05.427+0000][163][gc,age      ] GC(22) - age   1:    3408952 bytes,    3408952 total
[2022-05-19T09:49:05.427+0000][163][gc,age      ] GC(22) - age   2:    8472456 bytes,   11881408 total
[2022-05-19T09:49:05.427+0000][163][gc,phases   ] GC(22)   Pre Evacuate Collection Set: 0.2ms
[2022-05-19T09:49:05.427+0000][163][gc,phases   ] GC(22)   Merge Heap Roots: 0.3ms
[2022-05-19T09:49:05.428+0000][163][gc,phases   ] GC(22)   Evacuate Collection Set: 3.2ms
[2022-05-19T09:49:05.428+0000][163][gc,phases   ] GC(22)   Post Evacuate Collection Set: 1.2ms
[2022-05-19T09:49:05.428+0000][163][gc,phases   ] GC(22)   Other: 1.9ms
[2022-05-19T09:49:05.428+0000][163][gc,heap     ] GC(22) Eden regions: 65->0(63)
[2022-05-19T09:49:05.428+0000][163][gc,heap     ] GC(22) Survivor regions: 6->3(9)
[2022-05-19T09:49:05.429+0000][163][gc,heap     ] GC(22) Old regions: 20->24
[2022-05-19T09:49:05.429+0000][163][gc,heap     ] GC(22) Archive regions: 2->2
[2022-05-19T09:49:05.429+0000][163][gc,heap     ] GC(22) Humongous regions: 14->9
[2022-05-19T09:49:05.429+0000][163][gc,metaspace] GC(22) Metaspace: 101863K(103296K)->101863K(103296K) NonClass: 87772K(88640K)->87772K(88640K) Class: 14091K(14656K)->14091K(14656K)
[2022-05-19T09:49:05.429+0000][163][gc          ] GC(22) Pause Young (Normal) (G1 Evacuation Pause) 422M->145M(512M) 8.613ms
[2022-05-19T09:49:05.429+0000][163][gc,cpu      ] GC(22) User=0.04s Sys=0.00s Real=0.01s
[2022-05-19T09:49:05.429+0000][163][safepoint   ] Safepoint "G1CollectForAllocation", Time since last: 935875500 ns, Reaching safepoint: 347900 ns, At safepoint: 8902700 ns, Total: 9250600 ns
[2022-05-19T09:49:07.430+0000][163][safepoint   ] Safepoint "Cleanup", Time since last: 2000427900 ns, Reaching safepoint: 214000 ns, At safepoint: 24900 ns, Total: 238900 ns
[2022-05-19T09:49:12.431+0000][163][safepoint   ] Safepoint "Cleanup", Time since last: 5000926900 ns, Reaching safepoint: 236600 ns, At safepoint: 22600 ns, Total: 259200 ns
[2022-05-19T09:49:13.432+0000][163][safepoint   ] Safepoint "Cleanup", Time since last: 1000649700 ns, Reaching safepoint: 185400 ns, At safepoint: 6400 ns, Total: 191800 ns
[2022-05-19T09:49:16.433+0000][163][safepoint   ] Safepoint "Cleanup", Time since last: 3000552500 ns, Reaching safepoint: 259600 ns, At safepoint: 19900 ns, Total: 279500 ns
[2022-05-19T09:49:17.028+0000][163][gc,start    ] GC(23) Pause Young (Concurrent Start) (G1 Humongous Allocation)
[2022-05-19T09:49:17.028+0000][163][gc,task     ] GC(23) Using 10 workers of 10 for evacuation
[2022-05-19T09:49:17.029+0000][163][gc,age      ] GC(23) Desired survivor size 18874368 bytes, new threshold 15 (max threshold 15)
[2022-05-19T09:49:17.034+0000][163][gc,age      ] GC(23) Age table with threshold 15 (max threshold 15)
[2022-05-19T09:49:17.034+0000][163][gc,age      ] GC(23) - age   1:   19685248 bytes,   19685248 total
[2022-05-19T09:49:17.034+0000][163][gc,age      ] GC(23) - age   2:    3346616 bytes,   23031864 total
[2022-05-19T09:49:17.035+0000][163][gc,age      ] GC(23) - age   3:    4700624 bytes,   27732488 total
[2022-05-19T09:49:17.035+0000][163][gc,phases   ] GC(23)   Pre Evacuate Collection Set: 0.2ms
[2022-05-19T09:49:17.035+0000][163][gc,phases   ] GC(23)   Merge Heap Roots: 0.2ms
[2022-05-19T09:49:17.035+0000][163][gc,phases   ] GC(23)   Evacuate Collection Set: 3.6ms
[2022-05-19T09:49:17.036+0000][163][gc,phases   ] GC(23)   Post Evacuate Collection Set: 0.7ms
[2022-05-19T09:49:17.036+0000][163][gc,phases   ] GC(23)   Other: 2.2ms
[2022-05-19T09:49:17.036+0000][163][gc,heap     ] GC(23) Eden regions: 52->0(58)
[2022-05-19T09:49:17.036+0000][163][gc,heap     ] GC(23) Survivor regions: 3->7(9)
[2022-05-19T09:49:17.036+0000][163][gc,heap     ] GC(23) Old regions: 24->24
[2022-05-19T09:49:17.036+0000][163][gc,heap     ] GC(23) Archive regions: 2->2
[2022-05-19T09:49:17.036+0000][163][gc,heap     ] GC(23) Humongous regions: 12->7
[2022-05-19T09:49:17.037+0000][163][gc,metaspace] GC(23) Metaspace: 101944K(103360K)->101944K(103360K) NonClass: 87852K(88704K)->87852K(88704K) Class: 14092K(14656K)->14092K(14656K)
[2022-05-19T09:49:17.037+0000][163][gc          ] GC(23) Pause Young (Concurrent Start) (G1 Humongous Allocation) 364M->152M(512M) 8.708ms
[2022-05-19T09:49:17.037+0000][163][gc,cpu      ] GC(23) User=0.03s Sys=0.01s Real=0.00s
[2022-05-19T09:49:17.037+0000][163][safepoint   ] Safepoint "G1TryInitiateConcMark", Time since last: 595084500 ns, Reaching safepoint: 178300 ns, At safepoint: 9062500 ns, Total: 9240800 ns
[2022-05-19T09:49:17.037+0000][163][gc          ] GC(24) Concurrent Undo Cycle
[2022-05-19T09:49:17.037+0000][163][gc,marking  ] GC(24) Concurrent Cleanup for Next Mark
[2022-05-19T09:49:17.038+0000][163][gc,marking  ] GC(24) Concurrent Cleanup for Next Mark 0.477ms
[2022-05-19T09:49:17.038+0000][163][gc          ] GC(24) Concurrent Undo Cycle 1.019ms
[2022-05-19T09:49:18.038+0000][163][safepoint   ] Safepoint "Cleanup", Time since last: 1000306000 ns, Reaching safepoint: 314100 ns, At safepoint: 25300 ns, Total: 339400 ns
[2022-05-19T09:49:18.713+0000][163][gc,start    ] GC(25) Pause Young (Normal) (G1 Evacuation Pause)
[2022-05-19T09:49:18.713+0000][163][gc,task     ] GC(25) Using 10 workers of 10 for evacuation
[2022-05-19T09:49:18.713+0000][163][gc,age      ] GC(25) Desired survivor size 18874368 bytes, new threshold 1 (max threshold 15)
[2022-05-19T09:49:18.718+0000][163][gc,age      ] GC(25) Age table with threshold 1 (max threshold 15)
[2022-05-19T09:49:18.718+0000][163][gc,age      ] GC(25) - age   1:    2574824 bytes,    2574824 total
[2022-05-19T09:49:18.718+0000][163][gc,phases   ] GC(25)   Pre Evacuate Collection Set: 0.2ms
[2022-05-19T09:49:18.719+0000][163][gc,phases   ] GC(25)   Merge Heap Roots: 0.2ms
[2022-05-19T09:49:18.719+0000][163][gc,phases   ] GC(25)   Evacuate Collection Set: 3.0ms
[2022-05-19T09:49:18.719+0000][163][gc,phases   ] GC(25)   Post Evacuate Collection Set: 0.7ms
[2022-05-19T09:49:18.720+0000][163][gc,phases   ] GC(25)   Other: 1.7ms
[2022-05-19T09:49:18.720+0000][163][gc,heap     ] GC(25) Eden regions: 58->0(59)
[2022-05-19T09:49:18.720+0000][163][gc,heap     ] GC(25) Survivor regions: 7->1(9)
[2022-05-19T09:49:18.720+0000][163][gc,heap     ] GC(25) Old regions: 24->29
[2022-05-19T09:49:18.721+0000][163][gc,heap     ] GC(25) Archive regions: 2->2
[2022-05-19T09:49:18.721+0000][163][gc,heap     ] GC(25) Humongous regions: 13->9
[2022-05-19T09:49:18.721+0000][163][gc,metaspace] GC(25) Metaspace: 101947K(103360K)->101947K(103360K) NonClass: 87855K(88704K)->87855K(88704K) Class: 14092K(14656K)->14092K(14656K)
[2022-05-19T09:49:18.721+0000][163][gc          ] GC(25) Pause Young (Normal) (G1 Evacuation Pause) 408M->158M(512M) 8.259ms
[2022-05-19T09:49:18.721+0000][163][gc,cpu      ] GC(25) User=0.03s Sys=0.00s Real=0.01s
[2022-05-19T09:49:18.721+0000][163][safepoint   ] Safepoint "G1CollectForAllocation", Time since last: 674712100 ns, Reaching safepoint: 182200 ns, At safepoint: 8604000 ns, Total: 8786200 ns
[2022-05-19T09:49:19.987+0000][163][gc,start    ] GC(26) Pause Young (Concurrent Start) (G1 Humongous Allocation)
[2022-05-19T09:49:19.987+0000][163][gc,task     ] GC(26) Using 10 workers of 10 for evacuation
[2022-05-19T09:49:19.987+0000][163][gc,age      ] GC(26) Desired survivor size 16777216 bytes, new threshold 15 (max threshold 15)
[2022-05-19T09:49:19.990+0000][163][gc,age      ] GC(26) Age table with threshold 15 (max threshold 15)
[2022-05-19T09:49:19.990+0000][163][gc,age      ] GC(26) - age   1:    1860984 bytes,    1860984 total
[2022-05-19T09:49:19.990+0000][163][gc,age      ] GC(26) - age   2:    2555816 bytes,    4416800 total
[2022-05-19T09:49:19.990+0000][163][gc,phases   ] GC(26)   Pre Evacuate Collection Set: 0.2ms
[2022-05-19T09:49:19.990+0000][163][gc,phases   ] GC(26)   Merge Heap Roots: 0.2ms
[2022-05-19T09:49:19.991+0000][163][gc,phases   ] GC(26)   Evacuate Collection Set: 1.4ms
[2022-05-19T09:49:19.991+0000][163][gc,phases   ] GC(26)   Post Evacuate Collection Set: 0.6ms
[2022-05-19T09:49:19.991+0000][163][gc,phases   ] GC(26)   Other: 1.2ms
[2022-05-19T09:49:19.991+0000][163][gc,heap     ] GC(26) Eden regions: 42->0(59)
[2022-05-19T09:49:19.991+0000][163][gc,heap     ] GC(26) Survivor regions: 1->2(8)
[2022-05-19T09:49:19.991+0000][163][gc,heap     ] GC(26) Old regions: 29->29
[2022-05-19T09:49:19.991+0000][163][gc,heap     ] GC(26) Archive regions: 2->2
[2022-05-19T09:49:19.991+0000][163][gc,heap     ] GC(26) Humongous regions: 9->9
[2022-05-19T09:49:19.992+0000][163][gc,metaspace] GC(26) Metaspace: 101949K(103360K)->101949K(103360K) NonClass: 87857K(88704K)->87857K(88704K) Class: 14092K(14656K)->14092K(14656K)
[2022-05-19T09:49:19.992+0000][163][gc          ] GC(26) Pause Young (Concurrent Start) (G1 Humongous Allocation) 326M->160M(512M) 4.993ms
[2022-05-19T09:49:19.992+0000][163][gc,cpu      ] GC(26) User=0.01s Sys=0.00s Real=0.01s
[2022-05-19T09:49:19.992+0000][163][safepoint   ] Safepoint "G1TryInitiateConcMark", Time since last: 1265163100 ns, Reaching safepoint: 186900 ns, At safepoint: 5320600 ns, Total: 5507500 ns
[2022-05-19T09:49:19.992+0000][163][gc          ] GC(27) Concurrent Mark Cycle
[2022-05-19T09:49:19.992+0000][163][gc,marking  ] GC(27) Concurrent Clear Claimed Marks
[2022-05-19T09:49:19.992+0000][163][gc,marking  ] GC(27) Concurrent Clear Claimed Marks 0.180ms
[2022-05-19T09:49:19.993+0000][163][gc,marking  ] GC(27) Concurrent Scan Root Regions
[2022-05-19T09:49:19.994+0000][163][gc,marking  ] GC(27) Concurrent Scan Root Regions 0.971ms
[2022-05-19T09:49:19.994+0000][163][gc,marking  ] GC(27) Concurrent Mark
[2022-05-19T09:49:19.994+0000][163][gc,marking  ] GC(27) Concurrent Mark From Roots
[2022-05-19T09:49:19.994+0000][163][gc,task     ] GC(27) Using 3 workers of 3 for marking
[2022-05-19T09:49:20.037+0000][163][gc,marking  ] GC(27) Concurrent Mark From Roots 43.496ms
[2022-05-19T09:49:20.038+0000][163][gc,marking  ] GC(27) Concurrent Preclean
[2022-05-19T09:49:20.039+0000][163][gc,marking  ] GC(27) Concurrent Preclean 1.272ms
[2022-05-19T09:49:20.039+0000][163][gc,start    ] GC(27) Pause Remark
[2022-05-19T09:49:20.048+0000][163][gc          ] GC(27) Pause Remark 170M->170M(512M) 8.147ms
[2022-05-19T09:49:20.048+0000][163][gc,cpu      ] GC(27) User=0.04s Sys=0.03s Real=0.01s
[2022-05-19T09:49:20.048+0000][163][safepoint   ] Safepoint "G1Concurrent", Time since last: 47124200 ns, Reaching safepoint: 253300 ns, At safepoint: 8882200 ns, Total: 9135500 ns
[2022-05-19T09:49:20.048+0000][163][gc,marking  ] GC(27) Concurrent Mark 54.802ms
[2022-05-19T09:49:20.049+0000][163][gc,marking  ] GC(27) Concurrent Rebuild Remembered Sets
[2022-05-19T09:49:20.069+0000][163][gc,marking  ] GC(27) Concurrent Rebuild Remembered Sets 20.543ms
[2022-05-19T09:49:20.070+0000][163][gc,start    ] GC(27) Pause Cleanup
[2022-05-19T09:49:20.070+0000][163][gc          ] GC(27) Pause Cleanup 175M->175M(512M) 0.510ms
[2022-05-19T09:49:20.071+0000][163][gc,cpu      ] GC(27) User=0.00s Sys=0.00s Real=0.00s
[2022-05-19T09:49:20.071+0000][163][safepoint   ] Safepoint "G1Concurrent", Time since last: 21292900 ns, Reaching safepoint: 346700 ns, At safepoint: 1077800 ns, Total: 1424500 ns
[2022-05-19T09:49:20.071+0000][163][gc,marking  ] GC(27) Concurrent Cleanup for Next Mark
[2022-05-19T09:49:20.072+0000][163][gc,marking  ] GC(27) Concurrent Cleanup for Next Mark 0.409ms
[2022-05-19T09:49:20.072+0000][163][gc          ] GC(27) Concurrent Mark Cycle 79.913ms
[2022-05-19T09:49:20.272+0000][163][gc,start    ] GC(28) Pause Young (Concurrent Start) (G1 Humongous Allocation)
[2022-05-19T09:49:20.272+0000][163][gc,task     ] GC(28) Using 10 workers of 10 for evacuation
[2022-05-19T09:49:20.272+0000][163][gc,age      ] GC(28) Desired survivor size 16777216 bytes, new threshold 15 (max threshold 15)
[2022-05-19T09:49:20.276+0000][163][gc,age      ] GC(28) Age table with threshold 15 (max threshold 15)
[2022-05-19T09:49:20.277+0000][163][gc,age      ] GC(28) - age   1:    9966112 bytes,    9966112 total
[2022-05-19T09:49:20.277+0000][163][gc,age      ] GC(28) - age   2:    1858776 bytes,   11824888 total
[2022-05-19T09:49:20.277+0000][163][gc,age      ] GC(28) - age   3:    2555304 bytes,   14380192 total
[2022-05-19T09:49:20.277+0000][163][gc,phases   ] GC(28)   Pre Evacuate Collection Set: 0.4ms
[2022-05-19T09:49:20.278+0000][163][gc,phases   ] GC(28)   Merge Heap Roots: 0.2ms
[2022-05-19T09:49:20.278+0000][163][gc,phases   ] GC(28)   Evacuate Collection Set: 2.4ms
[2022-05-19T09:49:20.278+0000][163][gc,phases   ] GC(28)   Post Evacuate Collection Set: 0.8ms
[2022-05-19T09:49:20.278+0000][163][gc,phases   ] GC(28)   Other: 2.0ms
[2022-05-19T09:49:20.279+0000][163][gc,heap     ] GC(28) Eden regions: 11->0(37)
[2022-05-19T09:49:20.279+0000][163][gc,heap     ] GC(28) Survivor regions: 2->4(8)
[2022-05-19T09:49:20.279+0000][163][gc,heap     ] GC(28) Old regions: 29->29
[2022-05-19T09:49:20.279+0000][163][gc,heap     ] GC(28) Archive regions: 2->2
[2022-05-19T09:49:20.279+0000][163][gc,heap     ] GC(28) Humongous regions: 10->9
[2022-05-19T09:49:20.279+0000][163][gc,metaspace] GC(28) Metaspace: 101874K(103360K)->101874K(103360K) NonClass: 87800K(88704K)->87800K(88704K) Class: 14073K(14656K)->14073K(14656K)
[2022-05-19T09:49:20.280+0000][163][gc          ] GC(28) Pause Young (Concurrent Start) (G1 Humongous Allocation) 206M->170M(512M) 7.917ms
[2022-05-19T09:49:20.280+0000][163][gc,cpu      ] GC(28) User=0.02s Sys=0.00s Real=0.01s
[2022-05-19T09:49:20.280+0000][163][gc          ] GC(29) Concurrent Mark Cycle
[2022-05-19T09:49:20.280+0000][163][gc,marking  ] GC(29) Concurrent Clear Claimed Marks
[2022-05-19T09:49:20.280+0000][163][safepoint   ] Safepoint "G1TryInitiateConcMark", Time since last: 200361900 ns, Reaching safepoint: 238900 ns, At safepoint: 8400200 ns, Total: 8639100 ns
[2022-05-19T09:49:20.280+0000][163][gc,marking  ] GC(29) Concurrent Clear Claimed Marks 0.236ms
[2022-05-19T09:49:20.281+0000][163][gc,marking  ] GC(29) Concurrent Scan Root Regions
[2022-05-19T09:49:20.282+0000][163][gc,marking  ] GC(29) Concurrent Scan Root Regions 0.944ms
[2022-05-19T09:49:20.282+0000][163][gc,marking  ] GC(29) Concurrent Mark
[2022-05-19T09:49:20.282+0000][163][gc,marking  ] GC(29) Concurrent Mark From Roots
[2022-05-19T09:49:20.282+0000][163][gc,task     ] GC(29) Using 3 workers of 3 for marking
[2022-05-19T09:49:20.326+0000][163][gc,marking  ] GC(29) Concurrent Mark From Roots 43.878ms
[2022-05-19T09:49:20.326+0000][163][gc,marking  ] GC(29) Concurrent Preclean
[2022-05-19T09:49:20.327+0000][163][gc,marking  ] GC(29) Concurrent Preclean 0.734ms
[2022-05-19T09:49:20.328+0000][163][gc,start    ] GC(29) Pause Remark
[2022-05-19T09:49:20.331+0000][163][gc          ] GC(29) Pause Remark 178M->178M(512M) 3.252ms
[2022-05-19T09:49:20.331+0000][163][gc,cpu      ] GC(29) User=0.02s Sys=0.00s Real=0.00s
[2022-05-19T09:49:20.331+0000][163][safepoint   ] Safepoint "G1Concurrent", Time since last: 47420500 ns, Reaching safepoint: 393200 ns, At safepoint: 3728300 ns, Total: 4121500 ns
[2022-05-19T09:49:20.332+0000][163][gc,marking  ] GC(29) Concurrent Mark 49.919ms
[2022-05-19T09:49:20.332+0000][163][gc,marking  ] GC(29) Concurrent Rebuild Remembered Sets
[2022-05-19T09:49:20.356+0000][163][gc,marking  ] GC(29) Concurrent Rebuild Remembered Sets 24.490ms
[2022-05-19T09:49:20.357+0000][163][gc,start    ] GC(29) Pause Cleanup
[2022-05-19T09:49:20.357+0000][163][gc          ] GC(29) Pause Cleanup 185M->185M(512M) 0.386ms
[2022-05-19T09:49:20.358+0000][163][gc,cpu      ] GC(29) User=0.00s Sys=0.00s Real=0.01s
[2022-05-19T09:49:20.358+0000][163][safepoint   ] Safepoint "G1Concurrent", Time since last: 25311300 ns, Reaching safepoint: 265700 ns, At safepoint: 831100 ns, Total: 1096800 ns
[2022-05-19T09:49:20.358+0000][163][gc,marking  ] GC(29) Concurrent Cleanup for Next Mark
[2022-05-19T09:49:20.358+0000][163][gc,marking  ] GC(29) Concurrent Cleanup for Next Mark 0.333ms
[2022-05-19T09:49:20.359+0000][163][gc          ] GC(29) Concurrent Mark Cycle 78.654ms
[2022-05-19T09:49:21.358+0000][163][safepoint   ] Safepoint "Cleanup", Time since last: 1000271100 ns, Reaching safepoint: 260300 ns, At safepoint: 22000 ns, Total: 282300 ns
[2022-05-19T09:49:21.415+0000][163][gc,start    ] GC(30) Pause Young (Normal) (G1 Evacuation Pause)
[2022-05-19T09:49:21.415+0000][163][gc,task     ] GC(30) Using 10 workers of 10 for evacuation
[2022-05-19T09:49:21.415+0000][163][gc,age      ] GC(30) Desired survivor size 12582912 bytes, new threshold 3 (max threshold 15)
[2022-05-19T09:49:21.419+0000][163][gc,age      ] GC(30) Age table with threshold 3 (max threshold 15)
[2022-05-19T09:49:21.420+0000][163][gc,age      ] GC(30) - age   1:   11136152 bytes,   11136152 total
[2022-05-19T09:49:21.420+0000][163][gc,age      ] GC(30) - age   2:    4265232 bytes,   15401384 total
[2022-05-19T09:49:21.421+0000][163][gc,age      ] GC(30) - age   3:    1816200 bytes,   17217584 total
[2022-05-19T09:49:21.421+0000][163][gc,phases   ] GC(30)   Pre Evacuate Collection Set: 0.2ms
[2022-05-19T09:49:21.421+0000][163][gc,phases   ] GC(30)   Merge Heap Roots: 0.2ms
[2022-05-19T09:49:21.421+0000][163][gc,phases   ] GC(30)   Evacuate Collection Set: 2.7ms
[2022-05-19T09:49:21.422+0000][163][gc,phases   ] GC(30)   Post Evacuate Collection Set: 0.8ms
[2022-05-19T09:49:21.422+0000][163][gc,phases   ] GC(30)   Other: 2.2ms
[2022-05-19T09:49:21.422+0000][163][gc,heap     ] GC(30) Eden regions: 37->0(38)
[2022-05-19T09:49:21.422+0000][163][gc,heap     ] GC(30) Survivor regions: 4->5(6)
[2022-05-19T09:49:21.422+0000][163][gc,heap     ] GC(30) Old regions: 29->30
[2022-05-19T09:49:21.423+0000][163][gc,heap     ] GC(30) Archive regions: 2->2
[2022-05-19T09:49:21.423+0000][163][gc,heap     ] GC(30) Humongous regions: 10->8
[2022-05-19T09:49:21.423+0000][163][gc,metaspace] GC(30) Metaspace: 101881K(103360K)->101881K(103360K) NonClass: 87807K(88704K)->87807K(88704K) Class: 14073K(14656K)->14073K(14656K)
[2022-05-19T09:49:21.423+0000][163][gc          ] GC(30) Pause Young (Normal) (G1 Evacuation Pause) 321M->170M(512M) 7.944ms
[2022-05-19T09:49:21.423+0000][163][gc,cpu      ] GC(30) User=0.03s Sys=0.00s Real=0.01s
[2022-05-19T09:49:21.423+0000][163][safepoint   ] Safepoint "G1CollectForAllocation", Time since last: 56341600 ns, Reaching safepoint: 194900 ns, At safepoint: 8248500 ns, Total: 8443400 ns
[2022-05-19T09:49:22.424+0000][163][safepoint   ] Safepoint "Cleanup", Time since last: 1000265300 ns, Reaching safepoint: 356700 ns, At safepoint: 24400 ns, Total: 381100 ns
[2022-05-19T09:49:22.640+0000][163][gc,start    ] GC(31) Pause Young (Concurrent Start) (G1 Evacuation Pause)
[2022-05-19T09:49:22.640+0000][163][gc,task     ] GC(31) Using 10 workers of 10 for evacuation
[2022-05-19T09:49:22.640+0000][163][gc,age      ] GC(31) Desired survivor size 12582912 bytes, new threshold 2 (max threshold 15)
[2022-05-19T09:49:22.644+0000][163][gc,age      ] GC(31) Age table with threshold 2 (max threshold 15)
[2022-05-19T09:49:22.644+0000][163][gc,age      ] GC(31) - age   1:   10185720 bytes,   10185720 total
[2022-05-19T09:49:22.644+0000][163][gc,age      ] GC(31) - age   2:    3114176 bytes,   13299896 total
[2022-05-19T09:49:22.645+0000][163][gc,phases   ] GC(31)   Pre Evacuate Collection Set: 0.2ms
[2022-05-19T09:49:22.645+0000][163][gc,phases   ] GC(31)   Merge Heap Roots: 0.1ms
[2022-05-19T09:49:22.645+0000][163][gc,phases   ] GC(31)   Evacuate Collection Set: 2.5ms
[2022-05-19T09:49:22.645+0000][163][gc,phases   ] GC(31)   Post Evacuate Collection Set: 0.7ms
[2022-05-19T09:49:22.645+0000][163][gc,phases   ] GC(31)   Other: 1.1ms
[2022-05-19T09:49:22.645+0000][163][gc,heap     ] GC(31) Eden regions: 38->0(40)
[2022-05-19T09:49:22.646+0000][163][gc,heap     ] GC(31) Survivor regions: 5->4(6)
[2022-05-19T09:49:22.646+0000][163][gc,heap     ] GC(31) Old regions: 30->32
[2022-05-19T09:49:22.646+0000][163][gc,heap     ] GC(31) Archive regions: 2->2
[2022-05-19T09:49:22.646+0000][163][gc,heap     ] GC(31) Humongous regions: 8->8
[2022-05-19T09:49:22.646+0000][163][gc,metaspace] GC(31) Metaspace: 101937K(103424K)->101937K(103424K) NonClass: 87863K(88768K)->87863K(88768K) Class: 14073K(14656K)->14073K(14656K)
[2022-05-19T09:49:22.646+0000][163][gc          ] GC(31) Pause Young (Concurrent Start) (G1 Evacuation Pause) 322M->173M(512M) 6.151ms
[2022-05-19T09:49:22.646+0000][163][gc,cpu      ] GC(31) User=0.02s Sys=0.01s Real=0.00s
[2022-05-19T09:49:22.646+0000][163][gc          ] GC(32) Concurrent Mark Cycle
[2022-05-19T09:49:22.647+0000][163][gc,marking  ] GC(32) Concurrent Clear Claimed Marks
[2022-05-19T09:49:22.646+0000][163][safepoint   ] Safepoint "G1CollectForAllocation", Time since last: 215895300 ns, Reaching safepoint: 185700 ns, At safepoint: 6502500 ns, Total: 6688200 ns
[2022-05-19T09:49:22.647+0000][163][gc,marking  ] GC(32) Concurrent Clear Claimed Marks 0.246ms
[2022-05-19T09:49:22.647+0000][163][gc,marking  ] GC(32) Concurrent Scan Root Regions
[2022-05-19T09:49:22.649+0000][163][gc,marking  ] GC(32) Concurrent Scan Root Regions 1.765ms
[2022-05-19T09:49:22.649+0000][163][gc,marking  ] GC(32) Concurrent Mark
[2022-05-19T09:49:22.649+0000][163][gc,marking  ] GC(32) Concurrent Mark From Roots
[2022-05-19T09:49:22.649+0000][163][gc,task     ] GC(32) Using 3 workers of 3 for marking
[2022-05-19T09:49:22.695+0000][163][gc,marking  ] GC(32) Concurrent Mark From Roots 45.881ms
[2022-05-19T09:49:22.695+0000][163][gc,marking  ] GC(32) Concurrent Preclean
[2022-05-19T09:49:22.696+0000][163][gc,marking  ] GC(32) Concurrent Preclean 0.820ms
[2022-05-19T09:49:22.697+0000][163][gc,start    ] GC(32) Pause Remark
[2022-05-19T09:49:22.700+0000][163][gc          ] GC(32) Pause Remark 177M->173M(512M) 3.323ms
[2022-05-19T09:49:22.701+0000][163][gc,cpu      ] GC(32) User=0.01s Sys=0.01s Real=0.01s
[2022-05-19T09:49:22.701+0000][163][safepoint   ] Safepoint "G1Concurrent", Time since last: 50171400 ns, Reaching safepoint: 301800 ns, At safepoint: 4130000 ns, Total: 4431800 ns
[2022-05-19T09:49:22.701+0000][163][gc,marking  ] GC(32) Concurrent Mark 52.265ms
[2022-05-19T09:49:22.702+0000][163][gc,marking  ] GC(32) Concurrent Rebuild Remembered Sets
[2022-05-19T09:49:22.721+0000][163][gc,marking  ] GC(32) Concurrent Rebuild Remembered Sets 19.638ms
[2022-05-19T09:49:22.722+0000][163][gc,start    ] GC(32) Pause Cleanup
[2022-05-19T09:49:22.722+0000][163][gc          ] GC(32) Pause Cleanup 175M->175M(512M) 0.559ms
[2022-05-19T09:49:22.723+0000][163][gc,cpu      ] GC(32) User=0.00s Sys=0.00s Real=0.00s
[2022-05-19T09:49:22.723+0000][163][safepoint   ] Safepoint "G1Concurrent", Time since last: 20583600 ns, Reaching safepoint: 261800 ns, At safepoint: 1111600 ns, Total: 1373400 ns
[2022-05-19T09:49:22.723+0000][163][gc,marking  ] GC(32) Concurrent Cleanup for Next Mark
[2022-05-19T09:49:22.724+0000][163][gc,marking  ] GC(32) Concurrent Cleanup for Next Mark 0.422ms
[2022-05-19T09:49:22.724+0000][163][gc          ] GC(32) Concurrent Mark Cycle 77.467ms
[2022-05-19T09:49:23.724+0000][163][safepoint   ] Safepoint "Cleanup", Time since last: 1000360100 ns, Reaching safepoint: 312600 ns, At safepoint: 22400 ns, Total: 335000 ns
[2022-05-19T09:49:24.724+0000][163][safepoint   ] Safepoint "Cleanup", Time since last: 1000386200 ns, Reaching safepoint: 185200 ns, At safepoint: 6700 ns, Total: 191900 ns
[2022-05-19T09:49:26.725+0000][163][safepoint   ] Safepoint "Cleanup", Time since last: 2000699600 ns, Reaching safepoint: 209900 ns, At safepoint: 8800 ns, Total: 218700 ns
[2022-05-19T09:49:29.726+0000][163][safepoint   ] Safepoint "Cleanup", Time since last: 3000761900 ns, Reaching safepoint: 252400 ns, At safepoint: 14900 ns, Total: 267300 ns
[2022-05-19T09:49:30.727+0000][163][safepoint   ] Safepoint "Cleanup", Time since last: 1000419300 ns, Reaching safepoint: 240700 ns, At safepoint: 8000 ns, Total: 248700 ns
[2022-05-19T09:49:34.082+0000][163][safepoint   ] Safepoint "Cleanup", Time since last: 3354405700 ns, Reaching safepoint: 260100 ns, At safepoint: 33300 ns, Total: 293400 ns
[2022-05-19T09:49:34.245+0000][163][gc,start    ] GC(33) Pause Young (Prepare Mixed) (G1 Evacuation Pause)
[2022-05-19T09:49:34.246+0000][163][gc,task     ] GC(33) Using 10 workers of 10 for evacuation
[2022-05-19T09:49:34.246+0000][163][gc,age      ] GC(33) Desired survivor size 12582912 bytes, new threshold 2 (max threshold 15)
[2022-05-19T09:49:34.250+0000][163][gc,age      ] GC(33) Age table with threshold 2 (max threshold 15)
[2022-05-19T09:49:34.251+0000][163][gc,age      ] GC(33) - age   1:    6153280 bytes,    6153280 total
[2022-05-19T09:49:34.251+0000][163][gc,age      ] GC(33) - age   2:    9539224 bytes,   15692504 total
[2022-05-19T09:49:34.251+0000][163][gc,phases   ] GC(33)   Pre Evacuate Collection Set: 0.2ms
[2022-05-19T09:49:34.251+0000][163][gc,phases   ] GC(33)   Merge Heap Roots: 0.2ms
[2022-05-19T09:49:34.251+0000][163][gc,phases   ] GC(33)   Evacuate Collection Set: 2.5ms
[2022-05-19T09:49:34.252+0000][163][gc,phases   ] GC(33)   Post Evacuate Collection Set: 0.9ms
[2022-05-19T09:49:34.252+0000][163][gc,phases   ] GC(33)   Other: 1.8ms
[2022-05-19T09:49:34.252+0000][163][gc,heap     ] GC(33) Eden regions: 40->0(2)
[2022-05-19T09:49:34.252+0000][163][gc,heap     ] GC(33) Survivor regions: 4->4(6)
[2022-05-19T09:49:34.252+0000][163][gc,heap     ] GC(33) Old regions: 32->32
[2022-05-19T09:49:34.252+0000][163][gc,heap     ] GC(33) Archive regions: 2->2
[2022-05-19T09:49:34.253+0000][163][gc,heap     ] GC(33) Humongous regions: 7->7
[2022-05-19T09:49:34.253+0000][163][gc,metaspace] GC(33) Metaspace: 102110K(103552K)->102110K(103552K) NonClass: 88035K(88896K)->88035K(88896K) Class: 14074K(14656K)->14074K(14656K)
[2022-05-19T09:49:34.253+0000][163][gc          ] GC(33) Pause Young (Prepare Mixed) (G1 Evacuation Pause) 329M->174M(512M) 7.366ms
[2022-05-19T09:49:34.253+0000][163][gc,cpu      ] GC(33) User=0.02s Sys=0.00s Real=0.01s
[2022-05-19T09:49:34.253+0000][163][safepoint   ] Safepoint "G1CollectForAllocation", Time since last: 163547400 ns, Reaching safepoint: 217100 ns, At safepoint: 7638400 ns, Total: 7855500 ns
[2022-05-19T09:49:34.266+0000][163][gc,start    ] GC(34) Pause Young (Mixed) (G1 Evacuation Pause)
[2022-05-19T09:49:34.266+0000][163][gc,task     ] GC(34) Using 10 workers of 10 for evacuation
[2022-05-19T09:49:34.267+0000][163][gc,age      ] GC(34) Desired survivor size 2097152 bytes, new threshold 1 (max threshold 15)
[2022-05-19T09:49:34.271+0000][163][gc,age      ] GC(34) Age table with threshold 1 (max threshold 15)
[2022-05-19T09:49:34.271+0000][163][gc,age      ] GC(34) - age   1:    3968304 bytes,    3968304 total
[2022-05-19T09:49:34.271+0000][163][gc,phases   ] GC(34)   Pre Evacuate Collection Set: 0.2ms
[2022-05-19T09:49:34.271+0000][163][gc,phases   ] GC(34)   Merge Heap Roots: 0.2ms
[2022-05-19T09:49:34.271+0000][163][gc,phases   ] GC(34)   Evacuate Collection Set: 2.5ms
[2022-05-19T09:49:34.272+0000][163][gc,phases   ] GC(34)   Post Evacuate Collection Set: 0.8ms
[2022-05-19T09:49:34.272+0000][163][gc,phases   ] GC(34)   Other: 1.3ms
[2022-05-19T09:49:34.272+0000][163][gc,heap     ] GC(34) Eden regions: 2->0(43)
[2022-05-19T09:49:34.272+0000][163][gc,heap     ] GC(34) Survivor regions: 4->1(1)
[2022-05-19T09:49:34.272+0000][163][gc,heap     ] GC(34) Old regions: 32->35
[2022-05-19T09:49:34.272+0000][163][gc,heap     ] GC(34) Archive regions: 2->2
[2022-05-19T09:49:34.272+0000][163][gc,heap     ] GC(34) Humongous regions: 7->7
[2022-05-19T09:49:34.272+0000][163][gc,metaspace] GC(34) Metaspace: 102110K(103552K)->102110K(103552K) NonClass: 88035K(88896K)->88035K(88896K) Class: 14074K(14656K)->14074K(14656K)
[2022-05-19T09:49:34.273+0000][163][gc          ] GC(34) Pause Young (Mixed) (G1 Evacuation Pause) 182M->172M(512M) 6.450ms
[2022-05-19T09:49:34.273+0000][163][gc,cpu      ] GC(34) User=0.02s Sys=0.01s Real=0.01s
[2022-05-19T09:49:34.273+0000][163][safepoint   ] Safepoint "G1CollectForAllocation", Time since last: 12677100 ns, Reaching safepoint: 298600 ns, At safepoint: 6916900 ns, Total: 7215500 ns
[2022-05-19T09:49:35.995+0000][163][safepoint   ] Safepoint "ICBufferFull", Time since last: 1721574100 ns, Reaching safepoint: 289700 ns, At safepoint: 25300 ns, Total: 315000 ns
[2022-05-19T09:49:36.040+0000][163][gc,start    ] GC(35) Pause Young (Concurrent Start) (G1 Evacuation Pause)
[2022-05-19T09:49:36.040+0000][163][gc,task     ] GC(35) Using 10 workers of 10 for evacuation
[2022-05-19T09:49:36.040+0000][163][gc,age      ] GC(35) Desired survivor size 12582912 bytes, new threshold 15 (max threshold 15)
[2022-05-19T09:49:36.043+0000][163][gc,age      ] GC(35) Age table with threshold 15 (max threshold 15)
[2022-05-19T09:49:36.043+0000][163][gc,age      ] GC(35) - age   1:   11948728 bytes,   11948728 total
[2022-05-19T09:49:36.043+0000][163][gc,age      ] GC(35) - age   2:      65880 bytes,   12014608 total
[2022-05-19T09:49:36.044+0000][163][gc,phases   ] GC(35)   Pre Evacuate Collection Set: 0.2ms
[2022-05-19T09:49:36.044+0000][163][gc,phases   ] GC(35)   Merge Heap Roots: 0.2ms
[2022-05-19T09:49:36.044+0000][163][gc,phases   ] GC(35)   Evacuate Collection Set: 1.9ms
[2022-05-19T09:49:36.044+0000][163][gc,phases   ] GC(35)   Post Evacuate Collection Set: 0.7ms
[2022-05-19T09:49:36.044+0000][163][gc,phases   ] GC(35)   Other: 1.1ms
[2022-05-19T09:49:36.044+0000][163][gc,heap     ] GC(35) Eden regions: 43->0(42)
[2022-05-19T09:49:36.044+0000][163][gc,heap     ] GC(35) Survivor regions: 1->4(6)
[2022-05-19T09:49:36.045+0000][163][gc,heap     ] GC(35) Old regions: 35->35
[2022-05-19T09:49:36.045+0000][163][gc,heap     ] GC(35) Archive regions: 2->2
[2022-05-19T09:49:36.045+0000][163][gc,heap     ] GC(35) Humongous regions: 7->7
[2022-05-19T09:49:36.045+0000][163][gc,metaspace] GC(35) Metaspace: 102547K(103936K)->102547K(103936K) NonClass: 88436K(89280K)->88436K(89280K) Class: 14110K(14656K)->14110K(14656K)
[2022-05-19T09:49:36.045+0000][163][gc          ] GC(35) Pause Young (Concurrent Start) (G1 Evacuation Pause) 344M->181M(512M) 5.521ms
[2022-05-19T09:49:36.045+0000][163][gc,cpu      ] GC(35) User=0.02s Sys=0.00s Real=0.00s
[2022-05-19T09:49:36.045+0000][163][gc          ] GC(36) Concurrent Mark Cycle
[2022-05-19T09:49:36.045+0000][163][safepoint   ] Safepoint "G1CollectForAllocation", Time since last: 44413100 ns, Reaching safepoint: 222600 ns, At safepoint: 5878500 ns, Total: 6101100 ns
[2022-05-19T09:49:36.045+0000][163][gc,marking  ] GC(36) Concurrent Clear Claimed Marks
[2022-05-19T09:49:36.046+0000][163][gc,marking  ] GC(36) Concurrent Clear Claimed Marks 0.315ms
[2022-05-19T09:49:36.046+0000][163][gc,marking  ] GC(36) Concurrent Scan Root Regions
[2022-05-19T09:49:36.047+0000][163][gc,marking  ] GC(36) Concurrent Scan Root Regions 1.040ms
[2022-05-19T09:49:36.047+0000][163][gc,marking  ] GC(36) Concurrent Mark
[2022-05-19T09:49:36.047+0000][163][gc,marking  ] GC(36) Concurrent Mark From Roots
[2022-05-19T09:49:36.047+0000][163][gc,task     ] GC(36) Using 3 workers of 3 for marking
[2022-05-19T09:49:36.095+0000][163][gc,marking  ] GC(36) Concurrent Mark From Roots 47.532ms
[2022-05-19T09:49:36.095+0000][163][gc,marking  ] GC(36) Concurrent Preclean
[2022-05-19T09:49:36.095+0000][163][gc,marking  ] GC(36) Concurrent Preclean 0.535ms
[2022-05-19T09:49:36.096+0000][163][gc,start    ] GC(36) Pause Remark
[2022-05-19T09:49:36.099+0000][163][gc          ] GC(36) Pause Remark 191M->190M(512M) 3.440ms
[2022-05-19T09:49:36.099+0000][163][gc,cpu      ] GC(36) User=0.05s Sys=0.00s Real=0.01s
[2022-05-19T09:49:36.100+0000][163][safepoint   ] Safepoint "G1Concurrent", Time since last: 50252200 ns, Reaching safepoint: 182400 ns, At safepoint: 3878200 ns, Total: 4060600 ns
[2022-05-19T09:49:36.100+0000][163][gc,marking  ] GC(36) Concurrent Mark 52.741ms
[2022-05-19T09:49:36.100+0000][163][gc,marking  ] GC(36) Concurrent Rebuild Remembered Sets
[2022-05-19T09:49:36.122+0000][163][gc,marking  ] GC(36) Concurrent Rebuild Remembered Sets 22.460ms
[2022-05-19T09:49:36.123+0000][163][gc,start    ] GC(36) Pause Cleanup
[2022-05-19T09:49:36.123+0000][163][gc          ] GC(36) Pause Cleanup 190M->190M(512M) 0.309ms
[2022-05-19T09:49:36.123+0000][163][gc,cpu      ] GC(36) User=0.00s Sys=0.00s Real=0.00s
[2022-05-19T09:49:36.123+0000][163][safepoint   ] Safepoint "G1Concurrent", Time since last: 22940500 ns, Reaching safepoint: 177200 ns, At safepoint: 629400 ns, Total: 806600 ns
[2022-05-19T09:49:36.124+0000][163][gc,marking  ] GC(36) Concurrent Cleanup for Next Mark
[2022-05-19T09:49:36.124+0000][163][gc,marking  ] GC(36) Concurrent Cleanup for Next Mark 0.409ms
[2022-05-19T09:49:36.124+0000][163][gc          ] GC(36) Concurrent Mark Cycle 78.847ms
[2022-05-19T09:49:36.815+0000][163][gc,start    ] GC(37) Pause Young (Prepare Mixed) (G1 Evacuation Pause)
[2022-05-19T09:49:36.815+0000][163][gc,task     ] GC(37) Using 10 workers of 10 for evacuation
[2022-05-19T09:49:36.815+0000][163][gc,age      ] GC(37) Desired survivor size 12582912 bytes, new threshold 15 (max threshold 15)
[2022-05-19T09:49:36.819+0000][163][gc,age      ] GC(37) Age table with threshold 15 (max threshold 15)
[2022-05-19T09:49:36.819+0000][163][gc,age      ] GC(37) - age   1:     109728 bytes,     109728 total
[2022-05-19T09:49:36.819+0000][163][gc,age      ] GC(37) - age   2:   11898464 bytes,   12008192 total
[2022-05-19T09:49:36.820+0000][163][gc,age      ] GC(37) - age   3:      65832 bytes,   12074024 total
[2022-05-19T09:49:36.820+0000][163][gc,phases   ] GC(37)   Pre Evacuate Collection Set: 0.2ms
[2022-05-19T09:49:36.820+0000][163][gc,phases   ] GC(37)   Merge Heap Roots: 0.1ms
[2022-05-19T09:49:36.820+0000][163][gc,phases   ] GC(37)   Evacuate Collection Set: 2.2ms
[2022-05-19T09:49:36.820+0000][163][gc,phases   ] GC(37)   Post Evacuate Collection Set: 0.9ms
[2022-05-19T09:49:36.820+0000][163][gc,phases   ] GC(37)   Other: 1.7ms
[2022-05-19T09:49:36.821+0000][163][gc,heap     ] GC(37) Eden regions: 42->0(2)
[2022-05-19T09:49:36.821+0000][163][gc,heap     ] GC(37) Survivor regions: 4->4(6)
[2022-05-19T09:49:36.821+0000][163][gc,heap     ] GC(37) Old regions: 34->34
[2022-05-19T09:49:36.821+0000][163][gc,heap     ] GC(37) Archive regions: 2->2
[2022-05-19T09:49:36.821+0000][163][gc,heap     ] GC(37) Humongous regions: 7->7
[2022-05-19T09:49:36.821+0000][163][gc,metaspace] GC(37) Metaspace: 102575K(104000K)->102575K(104000K) NonClass: 88464K(89344K)->88464K(89344K) Class: 14110K(14656K)->14110K(14656K)
[2022-05-19T09:49:36.822+0000][163][gc          ] GC(37) Pause Young (Prepare Mixed) (G1 Evacuation Pause) 349M->182M(512M) 6.830ms
[2022-05-19T09:49:36.822+0000][163][gc,cpu      ] GC(37) User=0.05s Sys=0.00s Real=0.01s
[2022-05-19T09:49:36.822+0000][163][safepoint   ] Safepoint "G1CollectForAllocation", Time since last: 691094100 ns, Reaching safepoint: 199200 ns, At safepoint: 7342100 ns, Total: 7541300 ns
[2022-05-19T09:49:36.853+0000][163][gc,start    ] GC(38) Pause Young (Mixed) (G1 Evacuation Pause)
[2022-05-19T09:49:36.853+0000][163][gc,task     ] GC(38) Using 10 workers of 10 for evacuation
[2022-05-19T09:49:36.854+0000][163][gc,age      ] GC(38) Desired survivor size 2097152 bytes, new threshold 2 (max threshold 15)
[2022-05-19T09:49:36.856+0000][163][gc,age      ] GC(38) Age table with threshold 2 (max threshold 15)
[2022-05-19T09:49:36.856+0000][163][gc,age      ] GC(38) - age   1:      64880 bytes,      64880 total
[2022-05-19T09:49:36.857+0000][163][gc,age      ] GC(38) - age   2:      98528 bytes,     163408 total
[2022-05-19T09:49:36.857+0000][163][gc,phases   ] GC(38)   Pre Evacuate Collection Set: 0.2ms
[2022-05-19T09:49:36.857+0000][163][gc,phases   ] GC(38)   Merge Heap Roots: 0.2ms
[2022-05-19T09:49:36.857+0000][163][gc,phases   ] GC(38)   Evacuate Collection Set: 1.8ms
[2022-05-19T09:49:36.857+0000][163][gc,phases   ] GC(38)   Post Evacuate Collection Set: 0.6ms
[2022-05-19T09:49:36.857+0000][163][gc,phases   ] GC(38)   Other: 0.9ms
[2022-05-19T09:49:36.857+0000][163][gc,heap     ] GC(38) Eden regions: 2->0(46)
[2022-05-19T09:49:36.857+0000][163][gc,heap     ] GC(38) Survivor regions: 4->1(1)
[2022-05-19T09:49:36.858+0000][163][gc,heap     ] GC(38) Old regions: 34->37
[2022-05-19T09:49:36.858+0000][163][gc,heap     ] GC(38) Archive regions: 2->2
[2022-05-19T09:49:36.858+0000][163][gc,heap     ] GC(38) Humongous regions: 7->7
[2022-05-19T09:49:36.858+0000][163][gc,metaspace] GC(38) Metaspace: 102576K(104000K)->102576K(104000K) NonClass: 88465K(89344K)->88465K(89344K) Class: 14110K(14656K)->14110K(14656K)
[2022-05-19T09:49:36.858+0000][163][gc          ] GC(38) Pause Young (Mixed) (G1 Evacuation Pause) 190M->177M(512M) 4.860ms
[2022-05-19T09:49:36.858+0000][163][gc,cpu      ] GC(38) User=0.02s Sys=0.00s Real=0.01s
[2022-05-19T09:49:36.858+0000][163][safepoint   ] Safepoint "G1CollectForAllocation", Time since last: 30924400 ns, Reaching safepoint: 188300 ns, At safepoint: 5184200 ns, Total: 5372500 ns
[2022-05-19T09:49:38.797+0000][163][safepoint   ] Safepoint "Cleanup", Time since last: 1938217400 ns, Reaching safepoint: 222500 ns, At safepoint: 9200 ns, Total: 231700 ns
[2022-05-19T09:49:39.797+0000][163][safepoint   ] Safepoint "Cleanup", Time since last: 1000397400 ns, Reaching safepoint: 241800 ns, At safepoint: 12900 ns, Total: 254700 ns
[2022-05-19T09:49:44.798+0000][163][safepoint   ] Safepoint "Cleanup", Time since last: 5000732700 ns, Reaching safepoint: 218200 ns, At safepoint: 13600 ns, Total: 231800 ns
[2022-05-19T09:49:45.799+0000][163][safepoint   ] Safepoint "Cleanup", Time since last: 1000312800 ns, Reaching safepoint: 274600 ns, At safepoint: 24300 ns, Total: 298900 ns
[2022-05-19T09:49:46.138+0000][163][gc,start    ] GC(39) Pause Young (Concurrent Start) (G1 Evacuation Pause)
[2022-05-19T09:49:46.138+0000][163][gc,task     ] GC(39) Using 10 workers of 10 for evacuation
[2022-05-19T09:49:46.138+0000][163][gc,age      ] GC(39) Desired survivor size 12582912 bytes, new threshold 15 (max threshold 15)
[2022-05-19T09:49:46.141+0000][163][gc,age      ] GC(39) Age table with threshold 15 (max threshold 15)
[2022-05-19T09:49:46.142+0000][163][gc,age      ] GC(39) - age   1:   13107304 bytes,   13107304 total
[2022-05-19T09:49:46.142+0000][163][gc,age      ] GC(39) - age   3:       5184 bytes,   13112488 total
[2022-05-19T09:49:46.142+0000][163][gc,phases   ] GC(39)   Pre Evacuate Collection Set: 0.3ms
[2022-05-19T09:49:46.142+0000][163][gc,phases   ] GC(39)   Merge Heap Roots: 0.2ms
[2022-05-19T09:49:46.142+0000][163][gc,phases   ] GC(39)   Evacuate Collection Set: 2.1ms
[2022-05-19T09:49:46.142+0000][163][gc,phases   ] GC(39)   Post Evacuate Collection Set: 0.7ms
[2022-05-19T09:49:46.142+0000][163][gc,phases   ] GC(39)   Other: 1.1ms
[2022-05-19T09:49:46.143+0000][163][gc,heap     ] GC(39) Eden regions: 46->0(44)
[2022-05-19T09:49:46.143+0000][163][gc,heap     ] GC(39) Survivor regions: 1->4(6)
[2022-05-19T09:49:46.143+0000][163][gc,heap     ] GC(39) Old regions: 37->37
[2022-05-19T09:49:46.143+0000][163][gc,heap     ] GC(39) Archive regions: 2->2
[2022-05-19T09:49:46.143+0000][163][gc,heap     ] GC(39) Humongous regions: 7->7
[2022-05-19T09:49:46.143+0000][163][gc,metaspace] GC(39) Metaspace: 102810K(104192K)->102810K(104192K) NonClass: 88677K(89536K)->88677K(89536K) Class: 14133K(14656K)->14133K(14656K)
[2022-05-19T09:49:46.143+0000][163][gc          ] GC(39) Pause Young (Concurrent Start) (G1 Evacuation Pause) 361M->189M(512M) 5.648ms
[2022-05-19T09:49:46.144+0000][163][gc,cpu      ] GC(39) User=0.02s Sys=0.00s Real=0.00s
[2022-05-19T09:49:46.144+0000][163][gc          ] GC(40) Concurrent Mark Cycle
[2022-05-19T09:49:46.144+0000][163][gc,marking  ] GC(40) Concurrent Clear Claimed Marks
[2022-05-19T09:49:46.144+0000][163][safepoint   ] Safepoint "G1CollectForAllocation", Time since last: 338404600 ns, Reaching safepoint: 216600 ns, At safepoint: 6104500 ns, Total: 6321100 ns
[2022-05-19T09:49:46.144+0000][163][gc,marking  ] GC(40) Concurrent Clear Claimed Marks 0.286ms
[2022-05-19T09:49:46.145+0000][163][gc,marking  ] GC(40) Concurrent Scan Root Regions
[2022-05-19T09:49:46.146+0000][163][gc,marking  ] GC(40) Concurrent Scan Root Regions 1.189ms
[2022-05-19T09:49:46.146+0000][163][gc,marking  ] GC(40) Concurrent Mark
[2022-05-19T09:49:46.146+0000][163][gc,marking  ] GC(40) Concurrent Mark From Roots
[2022-05-19T09:49:46.146+0000][163][gc,task     ] GC(40) Using 3 workers of 3 for marking
[2022-05-19T09:49:46.198+0000][163][gc,marking  ] GC(40) Concurrent Mark From Roots 52.077ms
[2022-05-19T09:49:46.198+0000][163][gc,marking  ] GC(40) Concurrent Preclean
[2022-05-19T09:49:46.199+0000][163][gc,marking  ] GC(40) Concurrent Preclean 0.673ms
[2022-05-19T09:49:46.199+0000][163][gc,start    ] GC(40) Pause Remark
[2022-05-19T09:49:46.203+0000][163][gc          ] GC(40) Pause Remark 211M->206M(512M) 3.942ms
[2022-05-19T09:49:46.204+0000][163][gc,cpu      ] GC(40) User=0.04s Sys=0.01s Real=0.00s
[2022-05-19T09:49:46.204+0000][163][safepoint   ] Safepoint "G1Concurrent", Time since last: 55332500 ns, Reaching safepoint: 276100 ns, At safepoint: 4416800 ns, Total: 4692900 ns
[2022-05-19T09:49:46.204+0000][163][gc,marking  ] GC(40) Concurrent Mark 58.164ms
[2022-05-19T09:49:46.204+0000][163][gc,marking  ] GC(40) Concurrent Rebuild Remembered Sets
[2022-05-19T09:49:46.231+0000][163][gc,marking  ] GC(40) Concurrent Rebuild Remembered Sets 26.475ms
[2022-05-19T09:49:46.231+0000][163][gc,start    ] GC(40) Pause Cleanup
[2022-05-19T09:49:46.232+0000][163][gc          ] GC(40) Pause Cleanup 214M->214M(512M) 0.391ms
[2022-05-19T09:49:46.232+0000][163][gc,cpu      ] GC(40) User=0.01s Sys=0.00s Real=0.00s
[2022-05-19T09:49:46.232+0000][163][safepoint   ] Safepoint "G1Concurrent", Time since last: 27088500 ns, Reaching safepoint: 302800 ns, At safepoint: 737300 ns, Total: 1040100 ns
[2022-05-19T09:49:46.232+0000][163][gc,marking  ] GC(40) Concurrent Cleanup for Next Mark
[2022-05-19T09:49:46.233+0000][163][gc,marking  ] GC(40) Concurrent Cleanup for Next Mark 0.423ms
[2022-05-19T09:49:46.233+0000][163][gc          ] GC(40) Concurrent Mark Cycle 89.067ms
[2022-05-19T09:49:47.233+0000][163][safepoint   ] Safepoint "Cleanup", Time since last: 1000367000 ns, Reaching safepoint: 362600 ns, At safepoint: 49100 ns, Total: 411700 ns
[2022-05-19T09:49:47.287+0000][163][gc,start    ] GC(41) Pause Young (Prepare Mixed) (G1 Evacuation Pause)
[2022-05-19T09:49:47.287+0000][163][gc,task     ] GC(41) Using 10 workers of 10 for evacuation
[2022-05-19T09:49:47.288+0000][163][gc,age      ] GC(41) Desired survivor size 12582912 bytes, new threshold 1 (max threshold 15)
[2022-05-19T09:49:47.291+0000][163][gc,age      ] GC(41) Age table with threshold 1 (max threshold 15)
[2022-05-19T09:49:47.291+0000][163][gc,age      ] GC(41) - age   1:    6529168 bytes,    6529168 total
[2022-05-19T09:49:47.292+0000][163][gc,phases   ] GC(41)   Pre Evacuate Collection Set: 0.2ms
[2022-05-19T09:49:47.292+0000][163][gc,phases   ] GC(41)   Merge Heap Roots: 0.2ms
[2022-05-19T09:49:47.292+0000][163][gc,phases   ] GC(41)   Evacuate Collection Set: 1.9ms
[2022-05-19T09:49:47.292+0000][163][gc,phases   ] GC(41)   Post Evacuate Collection Set: 0.8ms
[2022-05-19T09:49:47.293+0000][163][gc,phases   ] GC(41)   Other: 1.6ms
[2022-05-19T09:49:47.293+0000][163][gc,heap     ] GC(41) Eden regions: 44->0(4)
[2022-05-19T09:49:47.293+0000][163][gc,heap     ] GC(41) Survivor regions: 4->2(6)
[2022-05-19T09:49:47.293+0000][163][gc,heap     ] GC(41) Old regions: 36->38
[2022-05-19T09:49:47.293+0000][163][gc,heap     ] GC(41) Archive regions: 2->2
[2022-05-19T09:49:47.293+0000][163][gc,heap     ] GC(41) Humongous regions: 6->6
[2022-05-19T09:49:47.294+0000][163][gc,metaspace] GC(41) Metaspace: 102824K(104192K)->102824K(104192K) NonClass: 88690K(89536K)->88690K(89536K) Class: 14133K(14656K)->14133K(14656K)
[2022-05-19T09:49:47.294+0000][163][gc          ] GC(41) Pause Young (Prepare Mixed) (G1 Evacuation Pause) 360M->184M(512M) 6.684ms
[2022-05-19T09:49:47.294+0000][163][gc,cpu      ] GC(41) User=0.02s Sys=0.00s Real=0.01s
[2022-05-19T09:49:47.294+0000][163][safepoint   ] Safepoint "G1CollectForAllocation", Time since last: 54009600 ns, Reaching safepoint: 243200 ns, At safepoint: 7050800 ns, Total: 7294000 ns
[2022-05-19T09:49:47.408+0000][163][gc,start    ] GC(42) Pause Young (Mixed) (G1 Evacuation Pause)
[2022-05-19T09:49:47.408+0000][163][gc,task     ] GC(42) Using 10 workers of 10 for evacuation
[2022-05-19T09:49:47.409+0000][163][gc,age      ] GC(42) Desired survivor size 2097152 bytes, new threshold 1 (max threshold 15)
[2022-05-19T09:49:47.411+0000][163][gc,age      ] GC(42) Age table with threshold 1 (max threshold 15)
[2022-05-19T09:49:47.412+0000][163][gc,age      ] GC(42) - age   1:    2088984 bytes,    2088984 total
[2022-05-19T09:49:47.412+0000][163][gc,phases   ] GC(42)   Pre Evacuate Collection Set: 0.2ms
[2022-05-19T09:49:47.412+0000][163][gc,phases   ] GC(42)   Merge Heap Roots: 0.1ms
[2022-05-19T09:49:47.412+0000][163][gc,phases   ] GC(42)   Evacuate Collection Set: 1.5ms
[2022-05-19T09:49:47.412+0000][163][gc,phases   ] GC(42)   Post Evacuate Collection Set: 0.6ms
[2022-05-19T09:49:47.413+0000][163][gc,phases   ] GC(42)   Other: 1.5ms
[2022-05-19T09:49:47.413+0000][163][gc,heap     ] GC(42) Eden regions: 4->0(49)
[2022-05-19T09:49:47.413+0000][163][gc,heap     ] GC(42) Survivor regions: 2->1(1)
[2022-05-19T09:49:47.413+0000][163][gc,heap     ] GC(42) Old regions: 38->37
[2022-05-19T09:49:47.413+0000][163][gc,heap     ] GC(42) Archive regions: 2->2
[2022-05-19T09:49:47.414+0000][163][gc,heap     ] GC(42) Humongous regions: 6->6
[2022-05-19T09:49:47.414+0000][163][gc,metaspace] GC(42) Metaspace: 102825K(104192K)->102825K(104192K) NonClass: 88692K(89536K)->88692K(89536K) Class: 14133K(14656K)->14133K(14656K)
[2022-05-19T09:49:47.414+0000][163][gc          ] GC(42) Pause Young (Mixed) (G1 Evacuation Pause) 200M->177M(512M) 5.846ms
[2022-05-19T09:49:47.414+0000][163][gc,cpu      ] GC(42) User=0.01s Sys=0.00s Real=0.00s
[2022-05-19T09:49:47.414+0000][163][safepoint   ] Safepoint "G1CollectForAllocation", Time since last: 113843400 ns, Reaching safepoint: 194600 ns, At safepoint: 6248100 ns, Total: 6442700 ns
[2022-05-19T09:49:48.415+0000][163][safepoint   ] Safepoint "Cleanup", Time since last: 1000349600 ns, Reaching safepoint: 237300 ns, At safepoint: 7600 ns, Total: 244900 ns
[2022-05-19T09:49:51.416+0000][163][safepoint   ] Safepoint "Cleanup", Time since last: 3000748700 ns, Reaching safepoint: 232100 ns, At safepoint: 6700 ns, Total: 238800 ns
[2022-05-19T09:49:53.417+0000][163][safepoint   ] Safepoint "Cleanup", Time since last: 2000625300 ns, Reaching safepoint: 181400 ns, At safepoint: 8900 ns, Total: 190300 ns
[2022-05-19T09:49:54.417+0000][163][safepoint   ] Safepoint "Cleanup", Time since last: 1000427700 ns, Reaching safepoint: 187300 ns, At safepoint: 7500 ns, Total: 194800 ns
[2022-05-19T09:49:58.063+0000][163][gc,start    ] GC(43) Pause Young (Concurrent Start) (G1 Evacuation Pause)
[2022-05-19T09:49:58.063+0000][163][gc,task     ] GC(43) Using 10 workers of 10 for evacuation
[2022-05-19T09:49:58.063+0000][163][gc,age      ] GC(43) Desired survivor size 14680064 bytes, new threshold 15 (max threshold 15)
[2022-05-19T09:49:58.070+0000][163][gc,age      ] GC(43) Age table with threshold 15 (max threshold 15)
[2022-05-19T09:49:58.071+0000][163][gc,age      ] GC(43) - age   1:   26814680 bytes,   26814680 total
[2022-05-19T09:49:58.071+0000][163][gc,age      ] GC(43) - age   2:    1910456 bytes,   28725136 total
[2022-05-19T09:49:58.071+0000][163][gc,phases   ] GC(43)   Pre Evacuate Collection Set: 0.2ms
[2022-05-19T09:49:58.071+0000][163][gc,phases   ] GC(43)   Merge Heap Roots: 0.2ms
[2022-05-19T09:49:58.071+0000][163][gc,phases   ] GC(43)   Evacuate Collection Set: 5.4ms
[2022-05-19T09:49:58.072+0000][163][gc,phases   ] GC(43)   Post Evacuate Collection Set: 0.9ms
[2022-05-19T09:49:58.072+0000][163][gc,phases   ] GC(43)   Other: 1.4ms
[2022-05-19T09:49:58.072+0000][163][gc,heap     ] GC(43) Eden regions: 49->0(34)
[2022-05-19T09:49:58.072+0000][163][gc,heap     ] GC(43) Survivor regions: 1->7(7)
[2022-05-19T09:49:58.072+0000][163][gc,heap     ] GC(43) Old regions: 37->41
[2022-05-19T09:49:58.072+0000][163][gc,heap     ] GC(43) Archive regions: 2->2
[2022-05-19T09:49:58.073+0000][163][gc,heap     ] GC(43) Humongous regions: 6->6
[2022-05-19T09:49:58.073+0000][163][gc,metaspace] GC(43) Metaspace: 102932K(104256K)->102932K(104256K) NonClass: 88798K(89600K)->88798K(89600K) Class: 14133K(14656K)->14133K(14656K)
[2022-05-19T09:49:58.073+0000][163][gc          ] GC(43) Pause Young (Concurrent Start) (G1 Evacuation Pause) 373M->219M(512M) 9.769ms
[2022-05-19T09:49:58.073+0000][163][gc,cpu      ] GC(43) User=0.08s Sys=0.00s Real=0.01s
[2022-05-19T09:49:58.073+0000][163][gc          ] GC(44) Concurrent Mark Cycle
[2022-05-19T09:49:58.073+0000][163][gc,marking  ] GC(44) Concurrent Clear Claimed Marks
[2022-05-19T09:49:58.073+0000][163][safepoint   ] Safepoint "G1CollectForAllocation", Time since last: 3645374100 ns, Reaching safepoint: 308100 ns, At safepoint: 10125700 ns, Total: 10433800 ns
[2022-05-19T09:49:58.073+0000][163][gc,marking  ] GC(44) Concurrent Clear Claimed Marks 0.199ms
[2022-05-19T09:49:58.074+0000][163][gc,marking  ] GC(44) Concurrent Scan Root Regions
[2022-05-19T09:49:58.075+0000][163][gc,marking  ] GC(44) Concurrent Scan Root Regions 1.126ms
[2022-05-19T09:49:58.075+0000][163][gc,marking  ] GC(44) Concurrent Mark
[2022-05-19T09:49:58.075+0000][163][gc,marking  ] GC(44) Concurrent Mark From Roots
[2022-05-19T09:49:58.075+0000][163][gc,task     ] GC(44) Using 3 workers of 3 for marking
[2022-05-19T09:49:58.128+0000][163][gc,marking  ] GC(44) Concurrent Mark From Roots 52.950ms
[2022-05-19T09:49:58.128+0000][163][gc,marking  ] GC(44) Concurrent Preclean
[2022-05-19T09:49:58.129+0000][163][gc,marking  ] GC(44) Concurrent Preclean 0.962ms
[2022-05-19T09:49:58.130+0000][163][gc,start    ] GC(44) Pause Remark
[2022-05-19T09:49:58.133+0000][163][gc          ] GC(44) Pause Remark 230M->222M(512M) 3.602ms
[2022-05-19T09:49:58.134+0000][163][gc,cpu      ] GC(44) User=0.03s Sys=0.01s Real=0.00s
[2022-05-19T09:49:58.134+0000][163][safepoint   ] Safepoint "G1Concurrent", Time since last: 56343600 ns, Reaching safepoint: 318400 ns, At safepoint: 4140400 ns, Total: 4458800 ns
[2022-05-19T09:49:58.134+0000][163][gc,marking  ] GC(44) Concurrent Mark 59.190ms
[2022-05-19T09:49:58.134+0000][163][gc,marking  ] GC(44) Concurrent Rebuild Remembered Sets
[2022-05-19T09:49:58.161+0000][163][gc,marking  ] GC(44) Concurrent Rebuild Remembered Sets 26.401ms
[2022-05-19T09:49:58.161+0000][163][gc,start    ] GC(44) Pause Cleanup
[2022-05-19T09:49:58.162+0000][163][gc          ] GC(44) Pause Cleanup 225M->225M(512M) 0.345ms
[2022-05-19T09:49:58.162+0000][163][gc,cpu      ] GC(44) User=0.00s Sys=0.00s Real=0.00s
[2022-05-19T09:49:58.162+0000][163][safepoint   ] Safepoint "G1Concurrent", Time since last: 27119300 ns, Reaching safepoint: 279200 ns, At safepoint: 706800 ns, Total: 986000 ns
[2022-05-19T09:49:58.162+0000][163][gc,marking  ] GC(44) Concurrent Cleanup for Next Mark
[2022-05-19T09:49:58.163+0000][163][gc,marking  ] GC(44) Concurrent Cleanup for Next Mark 0.507ms
[2022-05-19T09:49:58.163+0000][163][gc          ] GC(44) Concurrent Mark Cycle 89.858ms
[2022-05-19T09:49:58.969+0000][163][gc,start    ] GC(45) Pause Young (Prepare Mixed) (G1 Evacuation Pause)
[2022-05-19T09:49:58.969+0000][163][gc,task     ] GC(45) Using 10 workers of 10 for evacuation
[2022-05-19T09:49:58.969+0000][163][gc,age      ] GC(45) Desired survivor size 12582912 bytes, new threshold 1 (max threshold 15)
[2022-05-19T09:49:58.975+0000][163][gc,age      ] GC(45) Age table with threshold 1 (max threshold 15)
[2022-05-19T09:49:58.975+0000][163][gc,age      ] GC(45) - age   1:    9203136 bytes,    9203136 total
[2022-05-19T09:49:58.976+0000][163][gc,phases   ] GC(45)   Pre Evacuate Collection Set: 0.2ms
[2022-05-19T09:49:58.976+0000][163][gc,phases   ] GC(45)   Merge Heap Roots: 0.2ms
[2022-05-19T09:49:58.976+0000][163][gc,phases   ] GC(45)   Evacuate Collection Set: 3.9ms
[2022-05-19T09:49:58.976+0000][163][gc,phases   ] GC(45)   Post Evacuate Collection Set: 0.9ms
[2022-05-19T09:49:58.977+0000][163][gc,phases   ] GC(45)   Other: 1.6ms
[2022-05-19T09:49:58.977+0000][163][gc,heap     ] GC(45) Eden regions: 34->0(3)
[2022-05-19T09:49:58.977+0000][163][gc,heap     ] GC(45) Survivor regions: 7->3(6)
[2022-05-19T09:49:58.977+0000][163][gc,heap     ] GC(45) Old regions: 39->45
[2022-05-19T09:49:58.977+0000][163][gc,heap     ] GC(45) Archive regions: 2->2
[2022-05-19T09:49:58.977+0000][163][gc,heap     ] GC(45) Humongous regions: 6->6
[2022-05-19T09:49:58.978+0000][163][gc,metaspace] GC(45) Metaspace: 102962K(104320K)->102962K(104320K) NonClass: 88828K(89664K)->88828K(89664K) Class: 14133K(14656K)->14133K(14656K)
[2022-05-19T09:49:58.978+0000][163][gc          ] GC(45) Pause Young (Prepare Mixed) (G1 Evacuation Pause) 347M->214M(512M) 8.998ms
[2022-05-19T09:49:58.978+0000][163][gc,cpu      ] GC(45) User=0.04s Sys=0.00s Real=0.01s
[2022-05-19T09:49:58.978+0000][163][safepoint   ] Safepoint "G1CollectForAllocation", Time since last: 806500400 ns, Reaching safepoint: 243800 ns, At safepoint: 9439100 ns, Total: 9682900 ns
[2022-05-19T09:49:59.050+0000][163][gc,start    ] GC(46) Pause Young (Mixed) (G1 Evacuation Pause)
[2022-05-19T09:49:59.050+0000][163][gc,task     ] GC(46) Using 10 workers of 10 for evacuation
[2022-05-19T09:49:59.051+0000][163][gc,age      ] GC(46) Desired survivor size 2097152 bytes, new threshold 1 (max threshold 15)
[2022-05-19T09:49:59.054+0000][163][gc,age      ] GC(46) Age table with threshold 1 (max threshold 15)
[2022-05-19T09:49:59.054+0000][163][gc,age      ] GC(46) - age   1:    2869056 bytes,    2869056 total
[2022-05-19T09:49:59.054+0000][163][gc,phases   ] GC(46)   Pre Evacuate Collection Set: 0.2ms
[2022-05-19T09:49:59.054+0000][163][gc,phases   ] GC(46)   Merge Heap Roots: 0.1ms
[2022-05-19T09:49:59.055+0000][163][gc,phases   ] GC(46)   Evacuate Collection Set: 1.8ms
[2022-05-19T09:49:59.055+0000][163][gc,phases   ] GC(46)   Post Evacuate Collection Set: 0.9ms
[2022-05-19T09:49:59.055+0000][163][gc,phases   ] GC(46)   Other: 1.3ms
[2022-05-19T09:49:59.055+0000][163][gc,heap     ] GC(46) Eden regions: 3->0(42)
[2022-05-19T09:49:59.055+0000][163][gc,heap     ] GC(46) Survivor regions: 3->1(1)
[2022-05-19T09:49:59.055+0000][163][gc,heap     ] GC(46) Old regions: 45->40
[2022-05-19T09:49:59.056+0000][163][gc,heap     ] GC(46) Archive regions: 2->2
[2022-05-19T09:49:59.056+0000][163][gc,heap     ] GC(46) Humongous regions: 6->6
[2022-05-19T09:49:59.056+0000][163][gc,metaspace] GC(46) Metaspace: 102962K(104320K)->102962K(104320K) NonClass: 88828K(89664K)->88828K(89664K) Class: 14133K(14656K)->14133K(14656K)
[2022-05-19T09:49:59.056+0000][163][gc          ] GC(46) Pause Young (Mixed) (G1 Evacuation Pause) 226M->189M(512M) 5.946ms
[2022-05-19T09:49:59.056+0000][163][gc,cpu      ] GC(46) User=0.02s Sys=0.00s Real=0.00s
[2022-05-19T09:49:59.056+0000][163][safepoint   ] Safepoint "G1CollectForAllocation", Time since last: 71435000 ns, Reaching safepoint: 278800 ns, At safepoint: 6243200 ns, Total: 6522000 ns
[2022-05-19T09:49:59.486+0000][163][gc,start    ] GC(47) Pause Young (Normal) (G1 Evacuation Pause)
[2022-05-19T09:49:59.486+0000][163][gc,task     ] GC(47) Using 10 workers of 10 for evacuation
[2022-05-19T09:49:59.486+0000][163][gc,age      ] GC(47) Desired survivor size 12582912 bytes, new threshold 15 (max threshold 15)
[2022-05-19T09:49:59.489+0000][163][gc,age      ] GC(47) Age table with threshold 15 (max threshold 15)
[2022-05-19T09:49:59.489+0000][163][gc,age      ] GC(47) - age   1:    7665800 bytes,    7665800 total
[2022-05-19T09:49:59.489+0000][163][gc,age      ] GC(47) - age   2:     229488 bytes,    7895288 total
[2022-05-19T09:49:59.489+0000][163][gc,phases   ] GC(47)   Pre Evacuate Collection Set: 0.3ms
[2022-05-19T09:49:59.490+0000][163][gc,phases   ] GC(47)   Merge Heap Roots: 0.2ms
[2022-05-19T09:49:59.490+0000][163][gc,phases   ] GC(47)   Evacuate Collection Set: 1.3ms
[2022-05-19T09:49:59.490+0000][163][gc,phases   ] GC(47)   Post Evacuate Collection Set: 0.9ms
[2022-05-19T09:49:59.490+0000][163][gc,phases   ] GC(47)   Other: 1.3ms
[2022-05-19T09:49:59.490+0000][163][gc,heap     ] GC(47) Eden regions: 42->0(43)
[2022-05-19T09:49:59.490+0000][163][gc,heap     ] GC(47) Survivor regions: 1->2(6)
[2022-05-19T09:49:59.491+0000][163][gc,heap     ] GC(47) Old regions: 40->40
[2022-05-19T09:49:59.491+0000][163][gc,heap     ] GC(47) Archive regions: 2->2
[2022-05-19T09:49:59.491+0000][163][gc,heap     ] GC(47) Humongous regions: 6->6
[2022-05-19T09:49:59.491+0000][163][gc,metaspace] GC(47) Metaspace: 102962K(104320K)->102962K(104320K) NonClass: 88829K(89664K)->88829K(89664K) Class: 14133K(14656K)->14133K(14656K)
[2022-05-19T09:49:59.491+0000][163][gc          ] GC(47) Pause Young (Normal) (G1 Evacuation Pause) 357M->194M(512M) 5.520ms
[2022-05-19T09:49:59.491+0000][163][gc,cpu      ] GC(47) User=0.03s Sys=0.00s Real=0.01s
[2022-05-19T09:49:59.491+0000][163][safepoint   ] Safepoint "G1CollectForAllocation", Time since last: 428823900 ns, Reaching safepoint: 331200 ns, At safepoint: 5823400 ns, Total: 6154600 ns
[2022-05-19T09:49:59.696+0000][163][gc,start    ] GC(48) Pause Young (Concurrent Start) (G1 Humongous Allocation)
[2022-05-19T09:49:59.697+0000][163][gc,task     ] GC(48) Using 10 workers of 10 for evacuation
[2022-05-19T09:49:59.697+0000][163][gc,age      ] GC(48) Desired survivor size 12582912 bytes, new threshold 15 (max threshold 15)
[2022-05-19T09:49:59.699+0000][163][gc,age      ] GC(48) Age table with threshold 15 (max threshold 15)
[2022-05-19T09:49:59.700+0000][163][gc,age      ] GC(48) - age   1:    1948448 bytes,    1948448 total
[2022-05-19T09:49:59.700+0000][163][gc,age      ] GC(48) - age   2:    5782896 bytes,    7731344 total
[2022-05-19T09:49:59.700+0000][163][gc,age      ] GC(48) - age   3:     229488 bytes,    7960832 total
[2022-05-19T09:49:59.700+0000][163][gc,phases   ] GC(48)   Pre Evacuate Collection Set: 0.2ms
[2022-05-19T09:49:59.700+0000][163][gc,phases   ] GC(48)   Merge Heap Roots: 0.1ms
[2022-05-19T09:49:59.701+0000][163][gc,phases   ] GC(48)   Evacuate Collection Set: 1.6ms
[2022-05-19T09:49:59.701+0000][163][gc,phases   ] GC(48)   Post Evacuate Collection Set: 0.6ms
[2022-05-19T09:49:59.701+0000][163][gc,phases   ] GC(48)   Other: 1.3ms
[2022-05-19T09:49:59.701+0000][163][gc,heap     ] GC(48) Eden regions: 13->0(44)
[2022-05-19T09:49:59.701+0000][163][gc,heap     ] GC(48) Survivor regions: 2->2(6)
[2022-05-19T09:49:59.701+0000][163][gc,heap     ] GC(48) Old regions: 40->40
[2022-05-19T09:49:59.702+0000][163][gc,heap     ] GC(48) Archive regions: 2->2
[2022-05-19T09:49:59.702+0000][163][gc,heap     ] GC(48) Humongous regions: 6->6
[2022-05-19T09:49:59.702+0000][163][gc,metaspace] GC(48) Metaspace: 102966K(104320K)->102966K(104320K) NonClass: 88833K(89664K)->88833K(89664K) Class: 14133K(14656K)->14133K(14656K)
[2022-05-19T09:49:59.702+0000][163][gc          ] GC(48) Pause Young (Concurrent Start) (G1 Humongous Allocation) 242M->194M(512M) 5.625ms
[2022-05-19T09:49:59.702+0000][163][gc,cpu      ] GC(48) User=0.02s Sys=0.00s Real=0.01s
[2022-05-19T09:49:59.702+0000][163][gc          ] GC(49) Concurrent Mark Cycle
[2022-05-19T09:49:59.703+0000][163][gc,marking  ] GC(49) Concurrent Clear Claimed Marks
[2022-05-19T09:49:59.702+0000][163][safepoint   ] Safepoint "G1TryInitiateConcMark", Time since last: 200542000 ns, Reaching safepoint: 4481000 ns, At safepoint: 6023700 ns, Total: 10504700 ns
[2022-05-19T09:49:59.703+0000][163][gc,marking  ] GC(49) Concurrent Clear Claimed Marks 0.200ms
[2022-05-19T09:49:59.703+0000][163][gc,marking  ] GC(49) Concurrent Scan Root Regions
[2022-05-19T09:49:59.704+0000][163][gc,marking  ] GC(49) Concurrent Scan Root Regions 1.158ms
[2022-05-19T09:49:59.704+0000][163][gc,marking  ] GC(49) Concurrent Mark
[2022-05-19T09:49:59.704+0000][163][gc,marking  ] GC(49) Concurrent Mark From Roots
[2022-05-19T09:49:59.705+0000][163][gc,task     ] GC(49) Using 3 workers of 3 for marking
[2022-05-19T09:49:59.754+0000][163][gc,marking  ] GC(49) Concurrent Mark From Roots 50.017ms
[2022-05-19T09:49:59.755+0000][163][gc,marking  ] GC(49) Concurrent Preclean
[2022-05-19T09:49:59.756+0000][163][gc,marking  ] GC(49) Concurrent Preclean 0.799ms
[2022-05-19T09:49:59.756+0000][163][gc,start    ] GC(49) Pause Remark
[2022-05-19T09:49:59.760+0000][163][gc          ] GC(49) Pause Remark 307M->307M(512M) 3.685ms
[2022-05-19T09:49:59.760+0000][163][gc,cpu      ] GC(49) User=0.02s Sys=0.01s Real=0.01s
[2022-05-19T09:49:59.761+0000][163][safepoint   ] Safepoint "G1Concurrent", Time since last: 53510600 ns, Reaching safepoint: 401500 ns, At safepoint: 4334100 ns, Total: 4735600 ns
[2022-05-19T09:49:59.761+0000][163][gc,marking  ] GC(49) Concurrent Mark 56.567ms
[2022-05-19T09:49:59.761+0000][163][gc,marking  ] GC(49) Concurrent Rebuild Remembered Sets
[2022-05-19T09:49:59.785+0000][163][gc,marking  ] GC(49) Concurrent Rebuild Remembered Sets 23.716ms
[2022-05-19T09:49:59.786+0000][163][gc,start    ] GC(49) Pause Cleanup
[2022-05-19T09:49:59.786+0000][163][gc          ] GC(49) Pause Cleanup 328M->328M(512M) 0.514ms
[2022-05-19T09:49:59.786+0000][163][gc,cpu      ] GC(49) User=0.00s Sys=0.00s Real=0.00s
[2022-05-19T09:49:59.787+0000][163][safepoint   ] Safepoint "G1Concurrent", Time since last: 24580400 ns, Reaching safepoint: 352900 ns, At safepoint: 1035300 ns, Total: 1388200 ns
[2022-05-19T09:49:59.787+0000][163][gc,marking  ] GC(49) Concurrent Cleanup for Next Mark
[2022-05-19T09:49:59.787+0000][163][gc,marking  ] GC(49) Concurrent Cleanup for Next Mark 0.398ms
[2022-05-19T09:49:59.787+0000][163][gc          ] GC(49) Concurrent Mark Cycle 85.079ms
[2022-05-19T09:49:59.817+0000][163][gc,start    ] GC(50) Pause Young (Prepare Mixed) (G1 Humongous Allocation)
[2022-05-19T09:49:59.817+0000][163][gc,task     ] GC(50) Using 10 workers of 10 for evacuation
[2022-05-19T09:49:59.817+0000][163][gc,age      ] GC(50) Desired survivor size 12582912 bytes, new threshold 15 (max threshold 15)
[2022-05-19T09:49:59.826+0000][163][gc,age      ] GC(50) Age table with threshold 15 (max threshold 15)
[2022-05-19T09:49:59.826+0000][163][gc,age      ] GC(50) - age   1:   20794968 bytes,   20794968 total
[2022-05-19T09:49:59.826+0000][163][gc,age      ] GC(50) - age   2:    1945344 bytes,   22740312 total
[2022-05-19T09:49:59.827+0000][163][gc,age      ] GC(50) - age   3:    1908672 bytes,   24648984 total
[2022-05-19T09:49:59.827+0000][163][gc          ] GC(50) To-space exhausted
[2022-05-19T09:49:59.827+0000][163][gc,phases   ] GC(50)   Pre Evacuate Collection Set: 0.2ms
[2022-05-19T09:49:59.827+0000][163][gc,phases   ] GC(50)   Merge Heap Roots: 0.2ms
[2022-05-19T09:49:59.828+0000][163][gc,phases   ] GC(50)   Evacuate Collection Set: 6.8ms
[2022-05-19T09:49:59.828+0000][163][gc,phases   ] GC(50)   Post Evacuate Collection Set: 0.9ms
[2022-05-19T09:49:59.828+0000][163][gc,phases   ] GC(50)   Other: 2.4ms
[2022-05-19T09:49:59.828+0000][163][gc,heap     ] GC(50) Eden regions: 18->0(1)
[2022-05-19T09:49:59.829+0000][163][gc,heap     ] GC(50) Survivor regions: 2->6(6)
[2022-05-19T09:49:59.829+0000][163][gc,heap     ] GC(50) Old regions: 40->60
[2022-05-19T09:49:59.829+0000][163][gc,heap     ] GC(50) Archive regions: 2->2
[2022-05-19T09:49:59.829+0000][163][gc,heap     ] GC(50) Humongous regions: 51->32
[2022-05-19T09:49:59.829+0000][163][gc,metaspace] GC(50) Metaspace: 102973K(104320K)->102973K(104320K) NonClass: 88839K(89664K)->88839K(89664K) Class: 14133K(14656K)->14133K(14656K)
[2022-05-19T09:49:59.829+0000][163][gc          ] GC(50) Pause Young (Prepare Mixed) (G1 Humongous Allocation) 442M->395M(512M) 12.787ms
[2022-05-19T09:49:59.830+0000][163][gc,cpu      ] GC(50) User=0.07s Sys=0.01s Real=0.02s
[2022-05-19T09:49:59.830+0000][163][safepoint   ] Safepoint "G1CollectForAllocation", Time since last: 29769500 ns, Reaching safepoint: 288000 ns, At safepoint: 13215900 ns, Total: 13503900 ns
[2022-05-19T09:49:59.832+0000][163][gc,start    ] GC(51) Pause Young (Mixed) (G1 Preventive Collection)
[2022-05-19T09:49:59.832+0000][163][gc,task     ] GC(51) Using 10 workers of 10 for evacuation
[2022-05-19T09:49:59.832+0000][163][gc,age      ] GC(51) Desired survivor size 2097152 bytes, new threshold 1 (max threshold 15)
[2022-05-19T09:49:59.836+0000][163][gc,age      ] GC(51) Age table with threshold 1 (max threshold 15)
[2022-05-19T09:49:59.837+0000][163][gc,age      ] GC(51) - age   1:         24 bytes,         24 total
[2022-05-19T09:49:59.837+0000][163][gc,phases   ] GC(51)   Pre Evacuate Collection Set: 0.2ms
[2022-05-19T09:49:59.837+0000][163][gc,phases   ] GC(51)   Merge Heap Roots: 0.1ms
[2022-05-19T09:49:59.837+0000][163][gc,phases   ] GC(51)   Evacuate Collection Set: 3.1ms
[2022-05-19T09:49:59.838+0000][163][gc,phases   ] GC(51)   Post Evacuate Collection Set: 0.7ms
[2022-05-19T09:49:59.838+0000][163][gc,phases   ] GC(51)   Other: 1.3ms
[2022-05-19T09:49:59.838+0000][163][gc,heap     ] GC(51) Eden regions: 1->0(5)
[2022-05-19T09:49:59.838+0000][163][gc,heap     ] GC(51) Survivor regions: 6->1(1)
[2022-05-19T09:49:59.839+0000][163][gc,heap     ] GC(51) Old regions: 60->65
[2022-05-19T09:49:59.839+0000][163][gc,heap     ] GC(51) Archive regions: 2->2
[2022-05-19T09:49:59.839+0000][163][gc,heap     ] GC(51) Humongous regions: 41->32
[2022-05-19T09:49:59.839+0000][163][gc,metaspace] GC(51) Metaspace: 102973K(104320K)->102973K(104320K) NonClass: 88839K(89664K)->88839K(89664K) Class: 14133K(14656K)->14133K(14656K)
[2022-05-19T09:49:59.839+0000][163][gc          ] GC(51) Pause Young (Mixed) (G1 Preventive Collection) 432M->389M(512M) 7.706ms
[2022-05-19T09:49:59.839+0000][163][gc,cpu      ] GC(51) User=0.03s Sys=0.00s Real=0.01s
[2022-05-19T09:49:59.840+0000][163][gc,ergo     ] Attempting full compaction
[2022-05-19T09:49:59.840+0000][163][gc,task     ] GC(52) Using 10 workers of 10 for full compaction
[2022-05-19T09:49:59.844+0000][163][gc,start    ] GC(52) Pause Full (G1 Compaction Pause)
[2022-05-19T09:49:59.844+0000][163][gc,phases,start] GC(52) Phase 1: Mark live objects
[2022-05-19T09:49:59.865+0000][163][gc,phases      ] GC(52) Phase 1: Mark live objects 21.203ms
[2022-05-19T09:49:59.866+0000][163][gc,phases,start] GC(52) Phase 2: Prepare for compaction
[2022-05-19T09:49:59.869+0000][163][gc,phases      ] GC(52) Phase 2: Prepare for compaction 2.986ms
[2022-05-19T09:49:59.869+0000][163][gc,phases,start] GC(52) Phase 3: Adjust pointers
[2022-05-19T09:49:59.879+0000][163][gc,phases      ] GC(52) Phase 3: Adjust pointers 9.800ms
[2022-05-19T09:49:59.879+0000][163][gc,phases,start] GC(52) Phase 4: Compact heap
[2022-05-19T09:49:59.886+0000][163][gc,phases      ] GC(52) Phase 4: Compact heap 6.508ms
[2022-05-19T09:49:59.892+0000][163][gc,heap        ] GC(52) Eden regions: 0->0(10)
[2022-05-19T09:49:59.892+0000][163][gc,heap        ] GC(52) Survivor regions: 1->0(1)
[2022-05-19T09:49:59.893+0000][163][gc,heap        ] GC(52) Old regions: 65->52
[2022-05-19T09:49:59.893+0000][163][gc,heap        ] GC(52) Archive regions: 2->2
[2022-05-19T09:49:59.893+0000][163][gc,heap        ] GC(52) Humongous regions: 32->32
[2022-05-19T09:49:59.893+0000][163][gc,metaspace   ] GC(52) Metaspace: 102973K(104320K)->102973K(104320K) NonClass: 88839K(89664K)->88839K(89664K) Class: 14133K(14656K)->14133K(14656K)
[2022-05-19T09:49:59.894+0000][163][gc             ] GC(52) Pause Full (G1 Compaction Pause) 389M->321M(512M) 49.724ms
[2022-05-19T09:49:59.894+0000][163][gc,cpu         ] GC(52) User=0.30s Sys=0.04s Real=0.05s
[2022-05-19T09:49:59.894+0000][163][safepoint      ] Safepoint "G1CollectForAllocation", Time since last: 1464400 ns, Reaching safepoint: 193200 ns, At safepoint: 62678900 ns, Total: 62872100 ns
[2022-05-19T09:49:59.910+0000][163][gc,start       ] GC(53) Pause Young (Concurrent Start) (G1 Evacuation Pause)
[2022-05-19T09:49:59.910+0000][163][gc,task        ] GC(53) Using 10 workers of 10 for evacuation
[2022-05-19T09:49:59.911+0000][163][gc,age         ] GC(53) Desired survivor size 4194304 bytes, new threshold 15 (max threshold 15)
[2022-05-19T09:49:59.915+0000][163][gc,age         ] GC(53) Age table with threshold 15 (max threshold 15)
[2022-05-19T09:49:59.915+0000][163][gc,age         ] GC(53) - age   1:    7901944 bytes,    7901944 total
[2022-05-19T09:49:59.915+0000][163][gc,phases      ] GC(53)   Pre Evacuate Collection Set: 0.3ms
[2022-05-19T09:49:59.915+0000][163][gc,phases      ] GC(53)   Merge Heap Roots: 0.2ms
[2022-05-19T09:49:59.915+0000][163][gc,phases      ] GC(53)   Evacuate Collection Set: 2.4ms
[2022-05-19T09:49:59.915+0000][163][gc,phases      ] GC(53)   Post Evacuate Collection Set: 0.8ms
[2022-05-19T09:49:59.916+0000][163][gc,phases      ] GC(53)   Other: 1.3ms
[2022-05-19T09:49:59.916+0000][163][gc,heap        ] GC(53) Eden regions: 10->0(4)
[2022-05-19T09:49:59.916+0000][163][gc,heap        ] GC(53) Survivor regions: 0->2(2)
[2022-05-19T09:49:59.916+0000][163][gc,heap        ] GC(53) Old regions: 52->54
[2022-05-19T09:49:59.917+0000][163][gc,heap        ] GC(53) Archive regions: 2->2
[2022-05-19T09:49:59.917+0000][163][gc,heap        ] GC(53) Humongous regions: 49->49
[2022-05-19T09:49:59.917+0000][163][gc,metaspace   ] GC(53) Metaspace: 102973K(104320K)->102973K(104320K) NonClass: 88839K(89664K)->88839K(89664K) Class: 14133K(14656K)->14133K(14656K)
[2022-05-19T09:49:59.917+0000][163][gc             ] GC(53) Pause Young (Concurrent Start) (G1 Evacuation Pause) 428M->404M(512M) 7.235ms
[2022-05-19T09:49:59.917+0000][163][gc,cpu         ] GC(53) User=0.02s Sys=0.00s Real=0.00s
[2022-05-19T09:49:59.918+0000][163][gc             ] GC(54) Concurrent Mark Cycle
[2022-05-19T09:49:59.918+0000][163][gc,marking     ] GC(54) Concurrent Clear Claimed Marks
[2022-05-19T09:49:59.918+0000][163][safepoint      ] Safepoint "G1CollectForAllocation", Time since last: 15500300 ns, Reaching safepoint: 288200 ns, At safepoint: 7685600 ns, Total: 7973800 ns
[2022-05-19T09:49:59.918+0000][163][gc,marking     ] GC(54) Concurrent Clear Claimed Marks 0.229ms
[2022-05-19T09:49:59.918+0000][163][gc,marking     ] GC(54) Concurrent Scan Root Regions
[2022-05-19T09:49:59.920+0000][163][gc,marking     ] GC(54) Concurrent Scan Root Regions 1.240ms
[2022-05-19T09:49:59.920+0000][163][gc,marking     ] GC(54) Concurrent Mark
[2022-05-19T09:49:59.920+0000][163][gc,marking     ] GC(54) Concurrent Mark From Roots
[2022-05-19T09:49:59.920+0000][163][gc,task        ] GC(54) Using 3 workers of 3 for marking
[2022-05-19T09:49:59.921+0000][163][gc,start       ] GC(55) Pause Young (Normal) (G1 Evacuation Pause)
[2022-05-19T09:49:59.921+0000][163][gc,task        ] GC(55) Using 10 workers of 10 for evacuation
[2022-05-19T09:49:59.921+0000][163][gc,age         ] GC(55) Desired survivor size 2097152 bytes, new threshold 1 (max threshold 15)
[2022-05-19T09:49:59.925+0000][163][gc,age         ] GC(55) Age table with threshold 1 (max threshold 15)
[2022-05-19T09:49:59.925+0000][163][gc,age         ] GC(55) - age   1:    3935368 bytes,    3935368 total
[2022-05-19T09:49:59.925+0000][163][gc,phases      ] GC(55)   Pre Evacuate Collection Set: 0.2ms
[2022-05-19T09:49:59.925+0000][163][gc,phases      ] GC(55)   Merge Heap Roots: 0.1ms
[2022-05-19T09:49:59.925+0000][163][gc,phases      ] GC(55)   Evacuate Collection Set: 2.3ms
[2022-05-19T09:49:59.926+0000][163][gc,phases      ] GC(55)   Post Evacuate Collection Set: 0.6ms
[2022-05-19T09:49:59.926+0000][163][gc,phases      ] GC(55)   Other: 1.0ms
[2022-05-19T09:49:59.926+0000][163][gc,heap        ] GC(55) Eden regions: 4->0(5)
[2022-05-19T09:49:59.926+0000][163][gc,heap        ] GC(55) Survivor regions: 2->1(1)
[2022-05-19T09:49:59.926+0000][163][gc,heap        ] GC(55) Old regions: 54->58
[2022-05-19T09:49:59.926+0000][163][gc,heap        ] GC(55) Archive regions: 2->2
[2022-05-19T09:49:59.926+0000][163][gc,heap        ] GC(55) Humongous regions: 49->49
[2022-05-19T09:49:59.927+0000][163][gc,metaspace   ] GC(55) Metaspace: 102973K(104320K)->102973K(104320K) NonClass: 88839K(89664K)->88839K(89664K) Class: 14133K(14656K)->14133K(14656K)
[2022-05-19T09:49:59.927+0000][163][gc             ] GC(55) Pause Young (Normal) (G1 Evacuation Pause) 420M->415M(512M) 5.707ms
[2022-05-19T09:49:59.927+0000][163][gc,cpu         ] GC(55) User=0.02s Sys=0.01s Real=0.00s
[2022-05-19T09:49:59.927+0000][163][safepoint      ] Safepoint "G1CollectForAllocation", Time since last: 3032600 ns, Reaching safepoint: 267900 ns, At safepoint: 6093500 ns, Total: 6361400 ns
[2022-05-19T09:49:59.931+0000][163][gc,start       ] GC(56) Pause Young (Normal) (G1 Evacuation Pause)
[2022-05-19T09:49:59.931+0000][163][gc,task        ] GC(56) Using 10 workers of 10 for evacuation
[2022-05-19T09:49:59.931+0000][163][gc,age         ] GC(56) Desired survivor size 2097152 bytes, new threshold 1 (max threshold 15)
[2022-05-19T09:49:59.935+0000][163][gc,age         ] GC(56) Age table with threshold 1 (max threshold 15)
[2022-05-19T09:49:59.936+0000][163][gc,age         ] GC(56) - age   1:    3672120 bytes,    3672120 total
[2022-05-19T09:49:59.936+0000][163][gc,phases      ] GC(56)   Pre Evacuate Collection Set: 0.2ms
[2022-05-19T09:49:59.936+0000][163][gc,phases      ] GC(56)   Merge Heap Roots: 0.2ms
[2022-05-19T09:49:59.936+0000][163][gc,phases      ] GC(56)   Evacuate Collection Set: 2.7ms
[2022-05-19T09:49:59.937+0000][163][gc,phases      ] GC(56)   Post Evacuate Collection Set: 0.7ms
[2022-05-19T09:49:59.937+0000][163][gc,phases      ] GC(56)   Other: 1.4ms
[2022-05-19T09:49:59.937+0000][163][gc,heap        ] GC(56) Eden regions: 5->0(5)
[2022-05-19T09:49:59.937+0000][163][gc,heap        ] GC(56) Survivor regions: 1->1(1)
[2022-05-19T09:49:59.937+0000][163][gc,heap        ] GC(56) Old regions: 58->63
[2022-05-19T09:49:59.938+0000][163][gc,heap        ] GC(56) Archive regions: 2->2
[2022-05-19T09:49:59.938+0000][163][gc,heap        ] GC(56) Humongous regions: 49->49
[2022-05-19T09:49:59.938+0000][163][gc,metaspace   ] GC(56) Metaspace: 102973K(104320K)->102973K(104320K) NonClass: 88839K(89664K)->88839K(89664K) Class: 14133K(14656K)->14133K(14656K)
[2022-05-19T09:49:59.938+0000][163][gc             ] GC(56) Pause Young (Normal) (G1 Evacuation Pause) 435M->434M(512M) 7.385ms
[2022-05-19T09:49:59.938+0000][163][gc,cpu         ] GC(56) User=0.03s Sys=0.00s Real=0.01s
[2022-05-19T09:49:59.938+0000][163][safepoint      ] Safepoint "G1CollectForAllocation", Time since last: 3299100 ns, Reaching safepoint: 247900 ns, At safepoint: 7807000 ns, Total: 8054900 ns
[2022-05-19T09:49:59.982+0000][163][gc,marking     ] GC(54) Concurrent Mark From Roots 62.254ms
[2022-05-19T09:49:59.982+0000][163][gc,marking     ] GC(54) Concurrent Preclean
[2022-05-19T09:49:59.983+0000][163][gc,marking     ] GC(54) Concurrent Preclean 0.538ms
[2022-05-19T09:49:59.983+0000][163][gc,start       ] GC(54) Pause Remark
[2022-05-19T09:49:59.986+0000][163][gc             ] GC(54) Pause Remark 449M->333M(512M) 2.999ms
[2022-05-19T09:49:59.987+0000][163][gc,cpu         ] GC(54) User=0.02s Sys=0.00s Real=0.00s
[2022-05-19T09:49:59.987+0000][163][safepoint      ] Safepoint "G1Concurrent", Time since last: 44696500 ns, Reaching safepoint: 265900 ns, At safepoint: 3466100 ns, Total: 3732000 ns
[2022-05-19T09:49:59.987+0000][163][gc,marking     ] GC(54) Concurrent Mark 67.281ms
[2022-05-19T09:49:59.987+0000][163][gc,marking     ] GC(54) Concurrent Rebuild Remembered Sets
[2022-05-19T09:50:00.010+0000][163][gc,marking     ] GC(54) Concurrent Rebuild Remembered Sets 22.756ms
[2022-05-19T09:50:00.011+0000][163][gc,start       ] GC(54) Pause Cleanup
[2022-05-19T09:50:00.011+0000][163][gc             ] GC(54) Pause Cleanup 335M->335M(512M) 0.401ms
[2022-05-19T09:50:00.011+0000][163][gc,cpu         ] GC(54) User=0.00s Sys=0.00s Real=0.00s
[2022-05-19T09:50:00.011+0000][163][safepoint      ] Safepoint "G1Concurrent", Time since last: 23400200 ns, Reaching safepoint: 296800 ns, At safepoint: 796000 ns, Total: 1092800 ns
[2022-05-19T09:50:00.012+0000][163][gc,marking     ] GC(54) Concurrent Cleanup for Next Mark
[2022-05-19T09:50:00.012+0000][163][gc,marking     ] GC(54) Concurrent Cleanup for Next Mark 0.371ms
[2022-05-19T09:50:00.012+0000][163][gc             ] GC(54) Concurrent Mark Cycle 94.431ms
[2022-05-19T09:50:00.032+0000][163][gc,start       ] GC(57) Pause Young (Prepare Mixed) (G1 Evacuation Pause)
[2022-05-19T09:50:00.032+0000][163][gc,task        ] GC(57) Using 10 workers of 10 for evacuation
[2022-05-19T09:50:00.032+0000][163][gc,age         ] GC(57) Desired survivor size 2097152 bytes, new threshold 1 (max threshold 15)
[2022-05-19T09:50:00.035+0000][163][gc,age         ] GC(57) Age table with threshold 1 (max threshold 15)
[2022-05-19T09:50:00.036+0000][163][gc,age         ] GC(57) - age   1:    3807480 bytes,    3807480 total
[2022-05-19T09:50:00.036+0000][163][gc,phases      ] GC(57)   Pre Evacuate Collection Set: 0.2ms
[2022-05-19T09:50:00.036+0000][163][gc,phases      ] GC(57)   Merge Heap Roots: 0.1ms
[2022-05-19T09:50:00.036+0000][163][gc,phases      ] GC(57)   Evacuate Collection Set: 2.0ms
[2022-05-19T09:50:00.036+0000][163][gc,phases      ] GC(57)   Post Evacuate Collection Set: 0.6ms
[2022-05-19T09:50:00.036+0000][163][gc,phases      ] GC(57)   Other: 0.8ms
[2022-05-19T09:50:00.036+0000][163][gc,heap        ] GC(57) Eden regions: 5->0(5)
[2022-05-19T09:50:00.036+0000][163][gc,heap        ] GC(57) Survivor regions: 1->1(1)
[2022-05-19T09:50:00.037+0000][163][gc,heap        ] GC(57) Old regions: 50->53
[2022-05-19T09:50:00.037+0000][163][gc,heap        ] GC(57) Archive regions: 2->2
[2022-05-19T09:50:00.037+0000][163][gc,heap        ] GC(57) Humongous regions: 32->32
[2022-05-19T09:50:00.037+0000][163][gc,metaspace   ] GC(57) Metaspace: 102973K(104320K)->102973K(104320K) NonClass: 88839K(89664K)->88839K(89664K) Class: 14133K(14656K)->14133K(14656K)
[2022-05-19T09:50:00.037+0000][163][gc             ] GC(57) Pause Young (Prepare Mixed) (G1 Evacuation Pause) 338M->331M(512M) 5.000ms
[2022-05-19T09:50:00.037+0000][163][gc,cpu         ] GC(57) User=0.02s Sys=0.00s Real=0.00s
[2022-05-19T09:50:00.037+0000][163][safepoint      ] Safepoint "G1CollectForAllocation", Time since last: 20511300 ns, Reaching safepoint: 186100 ns, At safepoint: 5336700 ns, Total: 5522800 ns
[2022-05-19T09:50:00.195+0000][163][gc,start       ] GC(58) Pause Young (Mixed) (G1 Evacuation Pause)
[2022-05-19T09:50:00.196+0000][163][gc,task        ] GC(58) Using 10 workers of 10 for evacuation
[2022-05-19T09:50:00.196+0000][163][gc,age         ] GC(58) Desired survivor size 2097152 bytes, new threshold 1 (max threshold 15)
[2022-05-19T09:50:00.198+0000][163][gc,age         ] GC(58) Age table with threshold 1 (max threshold 15)
[2022-05-19T09:50:00.198+0000][163][gc,age         ] GC(58) - age   1:     297768 bytes,     297768 total
[2022-05-19T09:50:00.198+0000][163][gc,phases      ] GC(58)   Pre Evacuate Collection Set: 0.2ms
[2022-05-19T09:50:00.198+0000][163][gc,phases      ] GC(58)   Merge Heap Roots: 0.2ms
[2022-05-19T09:50:00.199+0000][163][gc,phases      ] GC(58)   Evacuate Collection Set: 1.0ms
[2022-05-19T09:50:00.199+0000][163][gc,phases      ] GC(58)   Post Evacuate Collection Set: 0.6ms
[2022-05-19T09:50:00.199+0000][163][gc,phases      ] GC(58)   Other: 0.9ms
[2022-05-19T09:50:00.199+0000][163][gc,heap        ] GC(58) Eden regions: 5->0(8)
[2022-05-19T09:50:00.199+0000][163][gc,heap        ] GC(58) Survivor regions: 1->1(1)
[2022-05-19T09:50:00.199+0000][163][gc,heap        ] GC(58) Old regions: 53->52
[2022-05-19T09:50:00.199+0000][163][gc,heap        ] GC(58) Archive regions: 2->2
[2022-05-19T09:50:00.199+0000][163][gc,heap        ] GC(58) Humongous regions: 32->32
[2022-05-19T09:50:00.200+0000][163][gc,metaspace   ] GC(58) Metaspace: 102977K(104320K)->102977K(104320K) NonClass: 88842K(89664K)->88842K(89664K) Class: 14135K(14656K)->14135K(14656K)
[2022-05-19T09:50:00.200+0000][163][gc             ] GC(58) Pause Young (Mixed) (G1 Evacuation Pause) 351M->326M(512M) 4.183ms
[2022-05-19T09:50:00.200+0000][163][gc,cpu         ] GC(58) User=0.00s Sys=0.00s Real=0.01s
[2022-05-19T09:50:00.200+0000][163][safepoint      ] Safepoint "G1CollectForAllocation", Time since last: 157863200 ns, Reaching safepoint: 231700 ns, At safepoint: 4478000 ns, Total: 4709700 ns
[2022-05-19T09:50:00.462+0000][163][gc,start       ] GC(59) Pause Young (Concurrent Start) (G1 Evacuation Pause)
[2022-05-19T09:50:00.462+0000][163][gc,task        ] GC(59) Using 10 workers of 10 for evacuation
[2022-05-19T09:50:00.463+0000][163][gc,age         ] GC(59) Desired survivor size 4194304 bytes, new threshold 15 (max threshold 15)
[2022-05-19T09:50:00.466+0000][163][gc,age         ] GC(59) Age table with threshold 15 (max threshold 15)
[2022-05-19T09:50:00.466+0000][163][gc,age         ] GC(59) - age   1:     493856 bytes,     493856 total
[2022-05-19T09:50:00.466+0000][163][gc,age         ] GC(59) - age   2:     297200 bytes,     791056 total
[2022-05-19T09:50:00.466+0000][163][gc,phases      ] GC(59)   Pre Evacuate Collection Set: 0.3ms
[2022-05-19T09:50:00.467+0000][163][gc,phases      ] GC(59)   Merge Heap Roots: 0.2ms
[2022-05-19T09:50:00.467+0000][163][gc,phases      ] GC(59)   Evacuate Collection Set: 1.1ms
[2022-05-19T09:50:00.467+0000][163][gc,phases      ] GC(59)   Post Evacuate Collection Set: 0.8ms
[2022-05-19T09:50:00.467+0000][163][gc,phases      ] GC(59)   Other: 1.9ms
[2022-05-19T09:50:00.467+0000][163][gc,heap        ] GC(59) Eden regions: 8->0(9)
[2022-05-19T09:50:00.467+0000][163][gc,heap        ] GC(59) Survivor regions: 1->1(2)
[2022-05-19T09:50:00.467+0000][163][gc,heap        ] GC(59) Old regions: 52->52
[2022-05-19T09:50:00.468+0000][163][gc,heap        ] GC(59) Archive regions: 2->2
[2022-05-19T09:50:00.468+0000][163][gc,heap        ] GC(59) Humongous regions: 32->32
[2022-05-19T09:50:00.468+0000][163][gc,metaspace   ] GC(59) Metaspace: 102977K(104320K)->102977K(104320K) NonClass: 88842K(89664K)->88842K(89664K) Class: 14135K(14656K)->14135K(14656K)
[2022-05-19T09:50:00.468+0000][163][gc             ] GC(59) Pause Young (Concurrent Start) (G1 Evacuation Pause) 358M->326M(512M) 5.943ms
[2022-05-19T09:50:00.468+0000][163][gc,cpu         ] GC(59) User=0.01s Sys=0.00s Real=0.01s
[2022-05-19T09:50:00.468+0000][163][safepoint      ] Safepoint "G1CollectForAllocation", Time since last: 261818900 ns, Reaching safepoint: 252700 ns, At safepoint: 6337200 ns, Total: 6589900 ns
[2022-05-19T09:50:00.468+0000][163][gc             ] GC(60) Concurrent Mark Cycle
[2022-05-19T09:50:00.469+0000][163][gc,marking     ] GC(60) Concurrent Clear Claimed Marks
[2022-05-19T09:50:00.469+0000][163][gc,marking     ] GC(60) Concurrent Clear Claimed Marks 0.144ms
[2022-05-19T09:50:00.469+0000][163][gc,marking     ] GC(60) Concurrent Scan Root Regions
[2022-05-19T09:50:00.470+0000][163][gc,marking     ] GC(60) Concurrent Scan Root Regions 0.824ms
[2022-05-19T09:50:00.470+0000][163][gc,marking     ] GC(60) Concurrent Mark
[2022-05-19T09:50:00.470+0000][163][gc,marking     ] GC(60) Concurrent Mark From Roots
[2022-05-19T09:50:00.470+0000][163][gc,task        ] GC(60) Using 3 workers of 3 for marking
[2022-05-19T09:50:00.510+0000][163][gc,marking     ] GC(60) Concurrent Mark From Roots 40.308ms
[2022-05-19T09:50:00.511+0000][163][gc,marking     ] GC(60) Concurrent Preclean
[2022-05-19T09:50:00.511+0000][163][gc,marking     ] GC(60) Concurrent Preclean 0.686ms
[2022-05-19T09:50:00.512+0000][163][gc,start       ] GC(60) Pause Remark
[2022-05-19T09:50:00.515+0000][163][gc             ] GC(60) Pause Remark 331M->327M(512M) 3.430ms
[2022-05-19T09:50:00.516+0000][163][gc,cpu         ] GC(60) User=0.02s Sys=0.01s Real=0.00s
[2022-05-19T09:50:00.516+0000][163][safepoint      ] Safepoint "G1Concurrent", Time since last: 43307800 ns, Reaching safepoint: 314100 ns, At safepoint: 3984900 ns, Total: 4299000 ns
[2022-05-19T09:50:00.516+0000][163][gc,marking     ] GC(60) Concurrent Mark 46.381ms
[2022-05-19T09:50:00.516+0000][163][gc,marking     ] GC(60) Concurrent Rebuild Remembered Sets
[2022-05-19T09:50:00.540+0000][163][gc,marking     ] GC(60) Concurrent Rebuild Remembered Sets 23.649ms
[2022-05-19T09:50:00.541+0000][163][gc,start       ] GC(60) Pause Cleanup
[2022-05-19T09:50:00.541+0000][163][gc             ] GC(60) Pause Cleanup 330M->330M(512M) 0.542ms
[2022-05-19T09:50:00.542+0000][163][gc,cpu         ] GC(60) User=0.01s Sys=0.00s Real=0.00s
[2022-05-19T09:50:00.542+0000][163][safepoint      ] Safepoint "G1Concurrent", Time since last: 24598600 ns, Reaching safepoint: 352500 ns, At safepoint: 1130700 ns, Total: 1483200 ns
[2022-05-19T09:50:00.542+0000][163][gc,marking     ] GC(60) Concurrent Cleanup for Next Mark
[2022-05-19T09:50:00.543+0000][163][gc,marking     ] GC(60) Concurrent Cleanup for Next Mark 0.542ms
[2022-05-19T09:50:00.543+0000][163][gc             ] GC(60) Concurrent Mark Cycle 74.707ms
[2022-05-19T09:50:00.768+0000][163][gc,start       ] GC(61) Pause Young (Prepare Mixed) (G1 Evacuation Pause)
[2022-05-19T09:50:00.768+0000][163][gc,task        ] GC(61) Using 10 workers of 10 for evacuation
[2022-05-19T09:50:00.768+0000][163][gc,age         ] GC(61) Desired survivor size 4194304 bytes, new threshold 15 (max threshold 15)
[2022-05-19T09:50:00.770+0000][163][gc,age         ] GC(61) Age table with threshold 15 (max threshold 15)
[2022-05-19T09:50:00.771+0000][163][gc,age         ] GC(61) - age   1:     492936 bytes,     492936 total
[2022-05-19T09:50:00.771+0000][163][gc,age         ] GC(61) - age   2:     493040 bytes,     985976 total
[2022-05-19T09:50:00.771+0000][163][gc,age         ] GC(61) - age   3:     297176 bytes,    1283152 total
[2022-05-19T09:50:00.771+0000][163][gc,phases      ] GC(61)   Pre Evacuate Collection Set: 0.3ms
[2022-05-19T09:50:00.772+0000][163][gc,phases      ] GC(61)   Merge Heap Roots: 0.3ms
[2022-05-19T09:50:00.772+0000][163][gc,phases      ] GC(61)   Evacuate Collection Set: 0.7ms
[2022-05-19T09:50:00.772+0000][163][gc,phases      ] GC(61)   Post Evacuate Collection Set: 0.7ms
[2022-05-19T09:50:00.772+0000][163][gc,phases      ] GC(61)   Other: 1.9ms
[2022-05-19T09:50:00.772+0000][163][gc,heap        ] GC(61) Eden regions: 9->0(5)
[2022-05-19T09:50:00.772+0000][163][gc,heap        ] GC(61) Survivor regions: 1->1(2)
[2022-05-19T09:50:00.773+0000][163][gc,heap        ] GC(61) Old regions: 51->51
[2022-05-19T09:50:00.773+0000][163][gc,heap        ] GC(61) Archive regions: 2->2
[2022-05-19T09:50:00.773+0000][163][gc,heap        ] GC(61) Humongous regions: 32->32
[2022-05-19T09:50:00.773+0000][163][gc,metaspace   ] GC(61) Metaspace: 102977K(104320K)->102977K(104320K) NonClass: 88842K(89664K)->88842K(89664K) Class: 14135K(14656K)->14135K(14656K)
[2022-05-19T09:50:00.773+0000][163][gc             ] GC(61) Pause Young (Prepare Mixed) (G1 Evacuation Pause) 358M->322M(512M) 5.631ms
[2022-05-19T09:50:00.773+0000][163][gc,cpu         ] GC(61) User=0.01s Sys=0.00s Real=0.00s
[2022-05-19T09:50:00.774+0000][163][safepoint      ] Safepoint "G1CollectForAllocation", Time since last: 225184000 ns, Reaching safepoint: 296400 ns, At safepoint: 6020000 ns, Total: 6316400 ns
[2022-05-19T09:50:00.933+0000][163][gc,start       ] GC(62) Pause Young (Mixed) (G1 Evacuation Pause)
[2022-05-19T09:50:00.933+0000][163][gc,task        ] GC(62) Using 10 workers of 10 for evacuation
[2022-05-19T09:50:00.933+0000][163][gc,age         ] GC(62) Desired survivor size 2097152 bytes, new threshold 15 (max threshold 15)
[2022-05-19T09:50:00.936+0000][163][gc,age         ] GC(62) Age table with threshold 15 (max threshold 15)
[2022-05-19T09:50:00.936+0000][163][gc,age         ] GC(62) - age   1:     297000 bytes,     297000 total
[2022-05-19T09:50:00.936+0000][163][gc,age         ] GC(62) - age   2:     492240 bytes,     789240 total
[2022-05-19T09:50:00.936+0000][163][gc,age         ] GC(62) - age   3:     493008 bytes,    1282248 total
[2022-05-19T09:50:00.936+0000][163][gc,age         ] GC(62) - age   4:     297176 bytes,    1579424 total
[2022-05-19T09:50:00.937+0000][163][gc,phases      ] GC(62)   Pre Evacuate Collection Set: 0.2ms
[2022-05-19T09:50:00.937+0000][163][gc,phases      ] GC(62)   Merge Heap Roots: 0.1ms
[2022-05-19T09:50:00.937+0000][163][gc,phases      ] GC(62)   Evacuate Collection Set: 0.9ms
[2022-05-19T09:50:00.937+0000][163][gc,phases      ] GC(62)   Post Evacuate Collection Set: 0.6ms
[2022-05-19T09:50:00.937+0000][163][gc,phases      ] GC(62)   Other: 1.9ms
[2022-05-19T09:50:00.937+0000][163][gc,heap        ] GC(62) Eden regions: 5->0(14)
[2022-05-19T09:50:00.938+0000][163][gc,heap        ] GC(62) Survivor regions: 1->1(1)
[2022-05-19T09:50:00.938+0000][163][gc,heap        ] GC(62) Old regions: 51->46
[2022-05-19T09:50:00.938+0000][163][gc,heap        ] GC(62) Archive regions: 2->2
[2022-05-19T09:50:00.938+0000][163][gc,heap        ] GC(62) Humongous regions: 32->32
[2022-05-19T09:50:00.938+0000][163][gc,metaspace   ] GC(62) Metaspace: 102977K(104320K)->102977K(104320K) NonClass: 88842K(89664K)->88842K(89664K) Class: 14135K(14656K)->14135K(14656K)
[2022-05-19T09:50:00.938+0000][163][gc             ] GC(62) Pause Young (Mixed) (G1 Evacuation Pause) 342M->306M(512M) 5.388ms
[2022-05-19T09:50:00.938+0000][163][gc,cpu         ] GC(62) User=0.00s Sys=0.01s Real=0.01s
[2022-05-19T09:50:00.939+0000][163][safepoint      ] Safepoint "G1CollectForAllocation", Time since last: 159089100 ns, Reaching safepoint: 178800 ns, At safepoint: 5740500 ns, Total: 5919300 ns
[2022-05-19T09:50:01.397+0000][163][gc,start       ] GC(63) Pause Young (Concurrent Start) (G1 Evacuation Pause)
[2022-05-19T09:50:01.397+0000][163][gc,task        ] GC(63) Using 10 workers of 10 for evacuation
[2022-05-19T09:50:01.397+0000][163][gc,age         ] GC(63) Desired survivor size 4194304 bytes, new threshold 15 (max threshold 15)
[2022-05-19T09:50:01.400+0000][163][gc,age         ] GC(63) Age table with threshold 15 (max threshold 15)
[2022-05-19T09:50:01.400+0000][163][gc,age         ] GC(63) - age   1:     822576 bytes,     822576 total
[2022-05-19T09:50:01.400+0000][163][gc,age         ] GC(63) - age   2:     296256 bytes,    1118832 total
[2022-05-19T09:50:01.401+0000][163][gc,age         ] GC(63) - age   3:     492240 bytes,    1611072 total
[2022-05-19T09:50:01.401+0000][163][gc,age         ] GC(63) - age   4:     491952 bytes,    2103024 total
[2022-05-19T09:50:01.401+0000][163][gc,age         ] GC(63) - age   5:     296296 bytes,    2399320 total
[2022-05-19T09:50:01.401+0000][163][gc,phases      ] GC(63)   Pre Evacuate Collection Set: 0.3ms
[2022-05-19T09:50:01.401+0000][163][gc,phases      ] GC(63)   Merge Heap Roots: 0.2ms
[2022-05-19T09:50:01.402+0000][163][gc,phases      ] GC(63)   Evacuate Collection Set: 1.0ms
[2022-05-19T09:50:01.402+0000][163][gc,phases      ] GC(63)   Post Evacuate Collection Set: 0.7ms
[2022-05-19T09:50:01.402+0000][163][gc,phases      ] GC(63)   Other: 2.6ms
[2022-05-19T09:50:01.402+0000][163][gc,heap        ] GC(63) Eden regions: 14->0(16)
[2022-05-19T09:50:01.402+0000][163][gc,heap        ] GC(63) Survivor regions: 1->1(2)
[2022-05-19T09:50:01.402+0000][163][gc,heap        ] GC(63) Old regions: 46->46
[2022-05-19T09:50:01.402+0000][163][gc,heap        ] GC(63) Archive regions: 2->2
[2022-05-19T09:50:01.403+0000][163][gc,heap        ] GC(63) Humongous regions: 32->32
[2022-05-19T09:50:01.403+0000][163][gc,metaspace   ] GC(63) Metaspace: 102977K(104320K)->102977K(104320K) NonClass: 88842K(89664K)->88842K(89664K) Class: 14135K(14656K)->14135K(14656K)
[2022-05-19T09:50:01.403+0000][163][gc             ] GC(63) Pause Young (Concurrent Start) (G1 Evacuation Pause) 362M->306M(512M) 6.281ms
[2022-05-19T09:50:01.403+0000][163][gc,cpu         ] GC(63) User=0.01s Sys=0.00s Real=0.01s
[2022-05-19T09:50:01.403+0000][163][safepoint      ] Safepoint "G1CollectForAllocation", Time since last: 457809000 ns, Reaching safepoint: 216200 ns, At safepoint: 6628200 ns, Total: 6844400 ns
[2022-05-19T09:50:01.403+0000][163][gc             ] GC(64) Concurrent Mark Cycle
[2022-05-19T09:50:01.404+0000][163][gc,marking     ] GC(64) Concurrent Clear Claimed Marks
[2022-05-19T09:50:01.404+0000][163][gc,marking     ] GC(64) Concurrent Clear Claimed Marks 0.166ms
[2022-05-19T09:50:01.404+0000][163][gc,marking     ] GC(64) Concurrent Scan Root Regions
[2022-05-19T09:50:01.405+0000][163][gc,marking     ] GC(64) Concurrent Scan Root Regions 0.968ms
[2022-05-19T09:50:01.405+0000][163][gc,marking     ] GC(64) Concurrent Mark
[2022-05-19T09:50:01.405+0000][163][gc,marking     ] GC(64) Concurrent Mark From Roots
[2022-05-19T09:50:01.405+0000][163][gc,task        ] GC(64) Using 3 workers of 3 for marking
[2022-05-19T09:50:01.451+0000][163][gc,marking     ] GC(64) Concurrent Mark From Roots 45.612ms
[2022-05-19T09:50:01.451+0000][163][gc,marking     ] GC(64) Concurrent Preclean
[2022-05-19T09:50:01.451+0000][163][gc,marking     ] GC(64) Concurrent Preclean 0.587ms
[2022-05-19T09:50:01.452+0000][163][gc,start       ] GC(64) Pause Remark
[2022-05-19T09:50:01.455+0000][163][gc             ] GC(64) Pause Remark 312M->312M(512M) 3.097ms
[2022-05-19T09:50:01.455+0000][163][gc,cpu         ] GC(64) User=0.03s Sys=0.00s Real=0.00s
[2022-05-19T09:50:01.455+0000][163][safepoint      ] Safepoint "G1Concurrent", Time since last: 48429500 ns, Reaching safepoint: 299200 ns, At safepoint: 3555000 ns, Total: 3854200 ns
[2022-05-19T09:50:01.456+0000][163][gc,marking     ] GC(64) Concurrent Mark 50.806ms
[2022-05-19T09:50:01.456+0000][163][gc,marking     ] GC(64) Concurrent Rebuild Remembered Sets
[2022-05-19T09:50:01.479+0000][163][gc,marking     ] GC(64) Concurrent Rebuild Remembered Sets 22.686ms
[2022-05-19T09:50:01.479+0000][163][gc,start       ] GC(64) Pause Cleanup
[2022-05-19T09:50:01.480+0000][163][gc             ] GC(64) Pause Cleanup 314M->314M(512M) 0.423ms
[2022-05-19T09:50:01.480+0000][163][gc,cpu         ] GC(64) User=0.00s Sys=0.00s Real=0.00s
[2022-05-19T09:50:01.480+0000][163][safepoint      ] Safepoint "G1Concurrent", Time since last: 23445200 ns, Reaching safepoint: 331000 ns, At safepoint: 969000 ns, Total: 1300000 ns
[2022-05-19T09:50:01.480+0000][163][gc,marking     ] GC(64) Concurrent Cleanup for Next Mark
[2022-05-19T09:50:01.481+0000][163][gc,marking     ] GC(64) Concurrent Cleanup for Next Mark 0.422ms
[2022-05-19T09:50:01.481+0000][163][gc             ] GC(64) Concurrent Mark Cycle 77.833ms
[2022-05-19T09:50:01.915+0000][163][gc,start       ] GC(65) Pause Young (Prepare Mixed) (G1 Evacuation Pause)
[2022-05-19T09:50:01.915+0000][163][gc,task        ] GC(65) Using 10 workers of 10 for evacuation
[2022-05-19T09:50:01.915+0000][163][gc,age         ] GC(65) Desired survivor size 6291456 bytes, new threshold 15 (max threshold 15)
[2022-05-19T09:50:01.917+0000][163][gc,age         ] GC(65) Age table with threshold 15 (max threshold 15)
[2022-05-19T09:50:01.918+0000][163][gc,age         ] GC(65) - age   1:    2472504 bytes,    2472504 total
[2022-05-19T09:50:01.918+0000][163][gc,age         ] GC(65) - age   2:     821688 bytes,    3294192 total
[2022-05-19T09:50:01.918+0000][163][gc,age         ] GC(65) - age   3:     296256 bytes,    3590448 total
[2022-05-19T09:50:01.918+0000][163][gc,age         ] GC(65) - age   4:     491824 bytes,    4082272 total
[2022-05-19T09:50:01.919+0000][163][gc,age         ] GC(65) - age   5:     491760 bytes,    4574032 total
[2022-05-19T09:50:01.919+0000][163][gc,age         ] GC(65) - age   6:     296296 bytes,    4870328 total
[2022-05-19T09:50:01.919+0000][163][gc,phases      ] GC(65)   Pre Evacuate Collection Set: 0.2ms
[2022-05-19T09:50:01.919+0000][163][gc,phases      ] GC(65)   Merge Heap Roots: 0.1ms
[2022-05-19T09:50:01.919+0000][163][gc,phases      ] GC(65)   Evacuate Collection Set: 1.1ms
[2022-05-19T09:50:01.920+0000][163][gc,phases      ] GC(65)   Post Evacuate Collection Set: 0.6ms
[2022-05-19T09:50:01.920+0000][163][gc,phases      ] GC(65)   Other: 2.5ms
[2022-05-19T09:50:01.920+0000][163][gc,heap        ] GC(65) Eden regions: 16->0(4)
[2022-05-19T09:50:01.920+0000][163][gc,heap        ] GC(65) Survivor regions: 1->2(3)
[2022-05-19T09:50:01.920+0000][163][gc,heap        ] GC(65) Old regions: 46->46
[2022-05-19T09:50:01.921+0000][163][gc,heap        ] GC(65) Archive regions: 2->2
[2022-05-19T09:50:01.921+0000][163][gc,heap        ] GC(65) Humongous regions: 32->32
[2022-05-19T09:50:01.921+0000][163][gc,metaspace   ] GC(65) Metaspace: 102977K(104320K)->102977K(104320K) NonClass: 88842K(89664K)->88842K(89664K) Class: 14135K(14656K)->14135K(14656K)
[2022-05-19T09:50:01.921+0000][163][gc             ] GC(65) Pause Young (Prepare Mixed) (G1 Evacuation Pause) 370M->309M(512M) 6.366ms
[2022-05-19T09:50:01.921+0000][163][gc,cpu         ] GC(65) User=0.01s Sys=0.01s Real=0.01s
[2022-05-19T09:50:01.921+0000][163][safepoint      ] Safepoint "G1CollectForAllocation", Time since last: 434230900 ns, Reaching safepoint: 208600 ns, At safepoint: 6751800 ns, Total: 6960400 ns
[2022-05-19T09:50:02.048+0000][163][gc,start       ] GC(66) Pause Young (Mixed) (G1 Evacuation Pause)
[2022-05-19T09:50:02.048+0000][163][gc,task        ] GC(66) Using 10 workers of 10 for evacuation
[2022-05-19T09:50:02.048+0000][163][gc,age         ] GC(66) Desired survivor size 2097152 bytes, new threshold 1 (max threshold 15)
[2022-05-19T09:50:02.051+0000][163][gc,age         ] GC(66) Age table with threshold 1 (max threshold 15)
[2022-05-19T09:50:02.051+0000][163][gc,age         ] GC(66) - age   1:     263560 bytes,     263560 total
[2022-05-19T09:50:02.051+0000][163][gc,phases      ] GC(66)   Pre Evacuate Collection Set: 0.2ms
[2022-05-19T09:50:02.052+0000][163][gc,phases      ] GC(66)   Merge Heap Roots: 0.2ms
[2022-05-19T09:50:02.052+0000][163][gc,phases      ] GC(66)   Evacuate Collection Set: 1.3ms
[2022-05-19T09:50:02.052+0000][163][gc,phases      ] GC(66)   Post Evacuate Collection Set: 0.8ms
[2022-05-19T09:50:02.052+0000][163][gc,phases      ] GC(66)   Other: 1.5ms
[2022-05-19T09:50:02.052+0000][163][gc,heap        ] GC(66) Eden regions: 4->0(16)
[2022-05-19T09:50:02.053+0000][163][gc,heap        ] GC(66) Survivor regions: 2->1(1)
[2022-05-19T09:50:02.053+0000][163][gc,heap        ] GC(66) Old regions: 46->47
[2022-05-19T09:50:02.053+0000][163][gc,heap        ] GC(66) Archive regions: 2->2
[2022-05-19T09:50:02.053+0000][163][gc,heap        ] GC(66) Humongous regions: 32->32
[2022-05-19T09:50:02.053+0000][163][gc,metaspace   ] GC(66) Metaspace: 102977K(104320K)->102977K(104320K) NonClass: 88842K(89664K)->88842K(89664K) Class: 14135K(14656K)->14135K(14656K)
[2022-05-19T09:50:02.053+0000][163][gc             ] GC(66) Pause Young (Mixed) (G1 Evacuation Pause) 325M->306M(512M) 5.768ms
[2022-05-19T09:50:02.053+0000][163][gc,cpu         ] GC(66) User=0.01s Sys=0.00s Real=0.00s
[2022-05-19T09:50:02.054+0000][163][safepoint      ] Safepoint "G1CollectForAllocation", Time since last: 125862600 ns, Reaching safepoint: 187900 ns, At safepoint: 6059200 ns, Total: 6247100 ns
[2022-05-19T09:50:02.599+0000][163][gc,start       ] GC(67) Pause Young (Concurrent Start) (G1 Evacuation Pause)
[2022-05-19T09:50:02.599+0000][163][gc,task        ] GC(67) Using 10 workers of 10 for evacuation
[2022-05-19T09:50:02.600+0000][163][gc,age         ] GC(67) Desired survivor size 6291456 bytes, new threshold 15 (max threshold 15)
[2022-05-19T09:50:02.602+0000][163][gc,age         ] GC(67) Age table with threshold 15 (max threshold 15)
[2022-05-19T09:50:02.602+0000][163][gc,age         ] GC(67) - age   1:     888416 bytes,     888416 total
[2022-05-19T09:50:02.602+0000][163][gc,age         ] GC(67) - age   2:     262528 bytes,    1150944 total
[2022-05-19T09:50:02.603+0000][163][gc,phases      ] GC(67)   Pre Evacuate Collection Set: 0.3ms
[2022-05-19T09:50:02.603+0000][163][gc,phases      ] GC(67)   Merge Heap Roots: 0.2ms
[2022-05-19T09:50:02.603+0000][163][gc,phases      ] GC(67)   Evacuate Collection Set: 1.1ms
[2022-05-19T09:50:02.603+0000][163][gc,phases      ] GC(67)   Post Evacuate Collection Set: 0.7ms
[2022-05-19T09:50:02.603+0000][163][gc,phases      ] GC(67)   Other: 1.6ms
[2022-05-19T09:50:02.603+0000][163][gc,heap        ] GC(67) Eden regions: 16->0(18)
[2022-05-19T09:50:02.604+0000][163][gc,heap        ] GC(67) Survivor regions: 1->1(3)
[2022-05-19T09:50:02.604+0000][163][gc,heap        ] GC(67) Old regions: 47->47
[2022-05-19T09:50:02.604+0000][163][gc,heap        ] GC(67) Archive regions: 2->2
[2022-05-19T09:50:02.604+0000][163][gc,heap        ] GC(67) Humongous regions: 32->32
[2022-05-19T09:50:02.604+0000][163][gc,metaspace   ] GC(67) Metaspace: 102977K(104320K)->102977K(104320K) NonClass: 88842K(89664K)->88842K(89664K) Class: 14135K(14656K)->14135K(14656K)
[2022-05-19T09:50:02.604+0000][163][gc             ] GC(67) Pause Young (Concurrent Start) (G1 Evacuation Pause) 370M->307M(512M) 5.431ms
[2022-05-19T09:50:02.605+0000][163][gc,cpu         ] GC(67) User=0.01s Sys=0.00s Real=0.00s
[2022-05-19T09:50:02.605+0000][163][safepoint      ] Safepoint "G1CollectForAllocation", Time since last: 545106800 ns, Reaching safepoint: 271000 ns, At safepoint: 5812600 ns, Total: 6083600 ns
[2022-05-19T09:50:02.605+0000][163][gc             ] GC(68) Concurrent Mark Cycle
[2022-05-19T09:50:02.605+0000][163][gc,marking     ] GC(68) Concurrent Clear Claimed Marks
[2022-05-19T09:50:02.605+0000][163][gc,marking     ] GC(68) Concurrent Clear Claimed Marks 0.216ms
[2022-05-19T09:50:02.606+0000][163][gc,marking     ] GC(68) Concurrent Scan Root Regions
[2022-05-19T09:50:02.607+0000][163][gc,marking     ] GC(68) Concurrent Scan Root Regions 0.971ms
[2022-05-19T09:50:02.607+0000][163][gc,marking     ] GC(68) Concurrent Mark
[2022-05-19T09:50:02.607+0000][163][gc,marking     ] GC(68) Concurrent Mark From Roots
[2022-05-19T09:50:02.607+0000][163][gc,task        ] GC(68) Using 3 workers of 3 for marking
[2022-05-19T09:50:02.654+0000][163][gc,marking     ] GC(68) Concurrent Mark From Roots 46.898ms
[2022-05-19T09:50:02.654+0000][163][gc,marking     ] GC(68) Concurrent Preclean
[2022-05-19T09:50:02.655+0000][163][gc,marking     ] GC(68) Concurrent Preclean 0.987ms
[2022-05-19T09:50:02.656+0000][163][gc,start       ] GC(68) Pause Remark
[2022-05-19T09:50:02.660+0000][163][gc             ] GC(68) Pause Remark 312M->312M(512M) 3.700ms
[2022-05-19T09:50:02.660+0000][163][gc,cpu         ] GC(68) User=0.02s Sys=0.01s Real=0.01s
[2022-05-19T09:50:02.661+0000][163][safepoint      ] Safepoint "G1Concurrent", Time since last: 50848800 ns, Reaching safepoint: 424000 ns, At safepoint: 4528800 ns, Total: 4952800 ns
[2022-05-19T09:50:02.661+0000][163][gc,marking     ] GC(68) Concurrent Mark 54.196ms
[2022-05-19T09:50:02.661+0000][163][gc,marking     ] GC(68) Concurrent Rebuild Remembered Sets
[2022-05-19T09:50:02.683+0000][163][gc,marking     ] GC(68) Concurrent Rebuild Remembered Sets 22.259ms
[2022-05-19T09:50:02.684+0000][163][gc,start       ] GC(68) Pause Cleanup
[2022-05-19T09:50:02.685+0000][163][gc             ] GC(68) Pause Cleanup 315M->315M(512M) 0.669ms
[2022-05-19T09:50:02.685+0000][163][gc,cpu         ] GC(68) User=0.00s Sys=0.00s Real=0.00s
[2022-05-19T09:50:02.685+0000][163][safepoint      ] Safepoint "G1Concurrent", Time since last: 23182500 ns, Reaching safepoint: 334100 ns, At safepoint: 1200000 ns, Total: 1534100 ns
[2022-05-19T09:50:02.685+0000][163][gc,marking     ] GC(68) Concurrent Cleanup for Next Mark
[2022-05-19T09:50:02.686+0000][163][gc,marking     ] GC(68) Concurrent Cleanup for Next Mark 0.315ms
[2022-05-19T09:50:02.686+0000][163][gc             ] GC(68) Concurrent Mark Cycle 81.331ms
[2022-05-19T09:50:03.186+0000][163][gc,start       ] GC(69) Pause Young (Normal) (G1 Evacuation Pause)
[2022-05-19T09:50:03.187+0000][163][gc,task        ] GC(69) Using 10 workers of 10 for evacuation
[2022-05-19T09:50:03.187+0000][163][gc,age         ] GC(69) Desired survivor size 6291456 bytes, new threshold 15 (max threshold 15)
[2022-05-19T09:50:03.190+0000][163][gc,age         ] GC(69) Age table with threshold 15 (max threshold 15)
[2022-05-19T09:50:03.190+0000][163][gc,age         ] GC(69) - age   1:    1051912 bytes,    1051912 total
[2022-05-19T09:50:03.190+0000][163][gc,age         ] GC(69) - age   2:     886416 bytes,    1938328 total
[2022-05-19T09:50:03.191+0000][163][gc,age         ] GC(69) - age   3:     262528 bytes,    2200856 total
[2022-05-19T09:50:03.191+0000][163][gc,phases      ] GC(69)   Pre Evacuate Collection Set: 0.2ms
[2022-05-19T09:50:03.191+0000][163][gc,phases      ] GC(69)   Merge Heap Roots: 0.2ms
[2022-05-19T09:50:03.191+0000][163][gc,phases      ] GC(69)   Evacuate Collection Set: 1.0ms
[2022-05-19T09:50:03.192+0000][163][gc,phases      ] GC(69)   Post Evacuate Collection Set: 0.9ms
[2022-05-19T09:50:03.192+0000][163][gc,phases      ] GC(69)   Other: 2.2ms
[2022-05-19T09:50:03.192+0000][163][gc,heap        ] GC(69) Eden regions: 18->0(19)
[2022-05-19T09:50:03.192+0000][163][gc,heap        ] GC(69) Survivor regions: 1->1(3)
[2022-05-19T09:50:03.192+0000][163][gc,heap        ] GC(69) Old regions: 47->47
[2022-05-19T09:50:03.193+0000][163][gc,heap        ] GC(69) Archive regions: 2->2
[2022-05-19T09:50:03.193+0000][163][gc,heap        ] GC(69) Humongous regions: 32->32
[2022-05-19T09:50:03.193+0000][163][gc,metaspace   ] GC(69) Metaspace: 102977K(104320K)->102977K(104320K) NonClass: 88842K(89664K)->88842K(89664K) Class: 14135K(14656K)->14135K(14656K)
[2022-05-19T09:50:03.193+0000][163][gc             ] GC(69) Pause Young (Normal) (G1 Evacuation Pause) 379M->308M(512M) 6.619ms
[2022-05-19T09:50:03.193+0000][163][gc,cpu         ] GC(69) User=0.01s Sys=0.00s Real=0.01s
[2022-05-19T09:50:03.193+0000][163][safepoint      ] Safepoint "G1CollectForAllocation", Time since last: 500899800 ns, Reaching safepoint: 269100 ns, At safepoint: 7073600 ns, Total: 7342700 ns
[2022-05-19T09:50:03.800+0000][163][gc,start       ] GC(70) Pause Young (Concurrent Start) (G1 Evacuation Pause)
[2022-05-19T09:50:03.800+0000][163][gc,task        ] GC(70) Using 10 workers of 10 for evacuation
[2022-05-19T09:50:03.801+0000][163][gc,age         ] GC(70) Desired survivor size 6291456 bytes, new threshold 15 (max threshold 15)
[2022-05-19T09:50:03.804+0000][163][gc,age         ] GC(70) Age table with threshold 15 (max threshold 15)
[2022-05-19T09:50:03.804+0000][163][gc,age         ] GC(70) - age   1:    1118208 bytes,    1118208 total
[2022-05-19T09:50:03.804+0000][163][gc,age         ] GC(70) - age   2:    1050288 bytes,    2168496 total
[2022-05-19T09:50:03.805+0000][163][gc,age         ] GC(70) - age   3:     885168 bytes,    3053664 total
[2022-05-19T09:50:03.805+0000][163][gc,age         ] GC(70) - age   4:     262528 bytes,    3316192 total
[2022-05-19T09:50:03.805+0000][163][gc,phases      ] GC(70)   Pre Evacuate Collection Set: 0.3ms
[2022-05-19T09:50:03.805+0000][163][gc,phases      ] GC(70)   Merge Heap Roots: 0.2ms
[2022-05-19T09:50:03.805+0000][163][gc,phases      ] GC(70)   Evacuate Collection Set: 1.5ms
[2022-05-19T09:50:03.806+0000][163][gc,phases      ] GC(70)   Post Evacuate Collection Set: 0.8ms
[2022-05-19T09:50:03.806+0000][163][gc,phases      ] GC(70)   Other: 2.1ms
[2022-05-19T09:50:03.806+0000][163][gc,heap        ] GC(70) Eden regions: 19->0(20)
[2022-05-19T09:50:03.806+0000][163][gc,heap        ] GC(70) Survivor regions: 1->1(3)
[2022-05-19T09:50:03.806+0000][163][gc,heap        ] GC(70) Old regions: 47->47
[2022-05-19T09:50:03.806+0000][163][gc,heap        ] GC(70) Archive regions: 2->2
[2022-05-19T09:50:03.807+0000][163][gc,heap        ] GC(70) Humongous regions: 32->32
[2022-05-19T09:50:03.807+0000][163][gc,metaspace   ] GC(70) Metaspace: 102977K(104320K)->102977K(104320K) NonClass: 88842K(89664K)->88842K(89664K) Class: 14135K(14656K)->14135K(14656K)
[2022-05-19T09:50:03.807+0000][163][gc             ] GC(70) Pause Young (Concurrent Start) (G1 Evacuation Pause) 384M->309M(512M) 6.713ms
[2022-05-19T09:50:03.807+0000][163][gc,cpu         ] GC(70) User=0.01s Sys=0.00s Real=0.00s
[2022-05-19T09:50:03.807+0000][163][safepoint      ] Safepoint "G1CollectForAllocation", Time since last: 606251100 ns, Reaching safepoint: 374700 ns, At safepoint: 7072200 ns, Total: 7446900 ns
[2022-05-19T09:50:03.807+0000][163][gc             ] GC(71) Concurrent Mark Cycle
[2022-05-19T09:50:03.807+0000][163][gc,marking     ] GC(71) Concurrent Clear Claimed Marks
[2022-05-19T09:50:03.808+0000][163][gc,marking     ] GC(71) Concurrent Clear Claimed Marks 0.184ms
[2022-05-19T09:50:03.808+0000][163][gc,marking     ] GC(71) Concurrent Scan Root Regions
[2022-05-19T09:50:03.809+0000][163][gc,marking     ] GC(71) Concurrent Scan Root Regions 0.869ms
[2022-05-19T09:50:03.809+0000][163][gc,marking     ] GC(71) Concurrent Mark
[2022-05-19T09:50:03.809+0000][163][gc,marking     ] GC(71) Concurrent Mark From Roots
[2022-05-19T09:50:03.809+0000][163][gc,task        ] GC(71) Using 3 workers of 3 for marking
[2022-05-19T09:50:03.848+0000][163][gc,marking     ] GC(71) Concurrent Mark From Roots 39.520ms
[2022-05-19T09:50:03.849+0000][163][gc,marking     ] GC(71) Concurrent Preclean
[2022-05-19T09:50:03.849+0000][163][gc,marking     ] GC(71) Concurrent Preclean 0.626ms
[2022-05-19T09:50:03.850+0000][163][gc,start       ] GC(71) Pause Remark
[2022-05-19T09:50:03.853+0000][163][gc             ] GC(71) Pause Remark 314M->314M(512M) 3.218ms
[2022-05-19T09:50:03.854+0000][163][gc,cpu         ] GC(71) User=0.02s Sys=0.00s Real=0.00s
[2022-05-19T09:50:03.854+0000][163][safepoint      ] Safepoint "G1Concurrent", Time since last: 42536500 ns, Reaching safepoint: 318100 ns, At safepoint: 3876100 ns, Total: 4194200 ns
[2022-05-19T09:50:03.854+0000][163][gc,marking     ] GC(71) Concurrent Mark 45.384ms
[2022-05-19T09:50:03.854+0000][163][gc,marking     ] GC(71) Concurrent Rebuild Remembered Sets
[2022-05-19T09:50:03.873+0000][163][gc,marking     ] GC(71) Concurrent Rebuild Remembered Sets 18.960ms
[2022-05-19T09:50:03.874+0000][163][gc,start       ] GC(71) Pause Cleanup
[2022-05-19T09:50:03.874+0000][163][gc             ] GC(71) Pause Cleanup 316M->316M(512M) 0.385ms
[2022-05-19T09:50:03.875+0000][163][gc,cpu         ] GC(71) User=0.00s Sys=0.00s Real=0.00s
[2022-05-19T09:50:03.875+0000][163][safepoint      ] Safepoint "G1Concurrent", Time since last: 19777900 ns, Reaching safepoint: 257300 ns, At safepoint: 835400 ns, Total: 1092700 ns
[2022-05-19T09:50:03.875+0000][163][gc,marking     ] GC(71) Concurrent Cleanup for Next Mark
[2022-05-19T09:50:03.875+0000][163][gc,marking     ] GC(71) Concurrent Cleanup for Next Mark 0.386ms
[2022-05-19T09:50:03.876+0000][163][gc             ] GC(71) Concurrent Mark Cycle 68.481ms
[2022-05-19T09:50:04.480+0000][163][gc,start       ] GC(72) Pause Young (Normal) (G1 Evacuation Pause)
[2022-05-19T09:50:04.480+0000][163][gc,task        ] GC(72) Using 10 workers of 10 for evacuation
[2022-05-19T09:50:04.480+0000][163][gc,age         ] GC(72) Desired survivor size 6291456 bytes, new threshold 15 (max threshold 15)
[2022-05-19T09:50:04.482+0000][163][gc,age         ] GC(72) Age table with threshold 15 (max threshold 15)
[2022-05-19T09:50:04.483+0000][163][gc,age         ] GC(72) - age   1:    1151136 bytes,    1151136 total
[2022-05-19T09:50:04.483+0000][163][gc,age         ] GC(72) - age   2:    1115304 bytes,    2266440 total
[2022-05-19T09:50:04.483+0000][163][gc,age         ] GC(72) - age   3:    1049336 bytes,    3315776 total
[2022-05-19T09:50:04.483+0000][163][gc,age         ] GC(72) - age   4:     885168 bytes,    4200944 total
[2022-05-19T09:50:04.483+0000][163][gc,age         ] GC(72) - age   5:     262528 bytes,    4463472 total
[2022-05-19T09:50:04.484+0000][163][gc,phases      ] GC(72)   Pre Evacuate Collection Set: 0.2ms
[2022-05-19T09:50:04.484+0000][163][gc,phases      ] GC(72)   Merge Heap Roots: 0.2ms
[2022-05-19T09:50:04.484+0000][163][gc,phases      ] GC(72)   Evacuate Collection Set: 1.1ms
[2022-05-19T09:50:04.484+0000][163][gc,phases      ] GC(72)   Post Evacuate Collection Set: 0.6ms
[2022-05-19T09:50:04.484+0000][163][gc,phases      ] GC(72)   Other: 1.8ms
[2022-05-19T09:50:04.484+0000][163][gc,heap        ] GC(72) Eden regions: 20->0(20)
[2022-05-19T09:50:04.485+0000][163][gc,heap        ] GC(72) Survivor regions: 1->2(3)
[2022-05-19T09:50:04.485+0000][163][gc,heap        ] GC(72) Old regions: 47->47
[2022-05-19T09:50:04.485+0000][163][gc,heap        ] GC(72) Archive regions: 2->2
[2022-05-19T09:50:04.485+0000][163][gc,heap        ] GC(72) Humongous regions: 32->32
[2022-05-19T09:50:04.485+0000][163][gc,metaspace   ] GC(72) Metaspace: 102977K(104320K)->102977K(104320K) NonClass: 88842K(89664K)->88842K(89664K) Class: 14135K(14656K)->14135K(14656K)
[2022-05-19T09:50:04.485+0000][163][gc             ] GC(72) Pause Young (Normal) (G1 Evacuation Pause) 389M->310M(512M) 5.775ms
[2022-05-19T09:50:04.486+0000][163][gc,cpu         ] GC(72) User=0.02s Sys=0.00s Real=0.00s
[2022-05-19T09:50:04.486+0000][163][safepoint      ] Safepoint "G1CollectForAllocation", Time since last: 604520100 ns, Reaching safepoint: 306100 ns, At safepoint: 6264200 ns, Total: 6570300 ns
[2022-05-19T09:50:05.119+0000][163][gc,start       ] GC(73) Pause Young (Concurrent Start) (G1 Evacuation Pause)
[2022-05-19T09:50:05.119+0000][163][gc,task        ] GC(73) Using 10 workers of 10 for evacuation
[2022-05-19T09:50:05.120+0000][163][gc,age         ] GC(73) Desired survivor size 6291456 bytes, new threshold 15 (max threshold 15)
[2022-05-19T09:50:05.122+0000][163][gc,age         ] GC(73) Age table with threshold 15 (max threshold 15)
[2022-05-19T09:50:05.123+0000][163][gc,age         ] GC(73) - age   1:    1150752 bytes,    1150752 total
[2022-05-19T09:50:05.123+0000][163][gc,age         ] GC(73) - age   2:    1148688 bytes,    2299440 total
[2022-05-19T09:50:05.123+0000][163][gc,age         ] GC(73) - age   3:    1114936 bytes,    3414376 total
[2022-05-19T09:50:05.123+0000][163][gc,age         ] GC(73) - age   4:    1049304 bytes,    4463680 total
[2022-05-19T09:50:05.123+0000][163][gc,age         ] GC(73) - age   5:     885168 bytes,    5348848 total
[2022-05-19T09:50:05.123+0000][163][gc,age         ] GC(73) - age   6:     262528 bytes,    5611376 total
[2022-05-19T09:50:05.124+0000][163][gc,phases      ] GC(73)   Pre Evacuate Collection Set: 0.2ms
[2022-05-19T09:50:05.124+0000][163][gc,phases      ] GC(73)   Merge Heap Roots: 0.1ms
[2022-05-19T09:50:05.124+0000][163][gc,phases      ] GC(73)   Evacuate Collection Set: 1.5ms
[2022-05-19T09:50:05.124+0000][163][gc,phases      ] GC(73)   Post Evacuate Collection Set: 0.5ms
[2022-05-19T09:50:05.124+0000][163][gc,phases      ] GC(73)   Other: 2.1ms
[2022-05-19T09:50:05.124+0000][163][gc,heap        ] GC(73) Eden regions: 20->0(20)
[2022-05-19T09:50:05.124+0000][163][gc,heap        ] GC(73) Survivor regions: 2->2(3)
[2022-05-19T09:50:05.124+0000][163][gc,heap        ] GC(73) Old regions: 47->47
[2022-05-19T09:50:05.125+0000][163][gc,heap        ] GC(73) Archive regions: 2->2
[2022-05-19T09:50:05.125+0000][163][gc,heap        ] GC(73) Humongous regions: 32->32
[2022-05-19T09:50:05.125+0000][163][gc,metaspace   ] GC(73) Metaspace: 102977K(104320K)->102977K(104320K) NonClass: 88842K(89664K)->88842K(89664K) Class: 14135K(14656K)->14135K(14656K)
[2022-05-19T09:50:05.125+0000][163][gc             ] GC(73) Pause Young (Concurrent Start) (G1 Evacuation Pause) 390M->311M(512M) 5.873ms
[2022-05-19T09:50:05.125+0000][163][gc,cpu         ] GC(73) User=0.01s Sys=0.00s Real=0.00s
[2022-05-19T09:50:05.125+0000][163][gc             ] GC(74) Concurrent Mark Cycle
[2022-05-19T09:50:05.125+0000][163][gc,marking     ] GC(74) Concurrent Clear Claimed Marks
[2022-05-19T09:50:05.125+0000][163][safepoint      ] Safepoint "G1CollectForAllocation", Time since last: 632926500 ns, Reaching safepoint: 274200 ns, At safepoint: 6206500 ns, Total: 6480700 ns
[2022-05-19T09:50:05.126+0000][163][gc,marking     ] GC(74) Concurrent Clear Claimed Marks 0.193ms
[2022-05-19T09:50:05.126+0000][163][gc,marking     ] GC(74) Concurrent Scan Root Regions
[2022-05-19T09:50:05.127+0000][163][gc,marking     ] GC(74) Concurrent Scan Root Regions 0.860ms
[2022-05-19T09:50:05.127+0000][163][gc,marking     ] GC(74) Concurrent Mark
[2022-05-19T09:50:05.127+0000][163][gc,marking     ] GC(74) Concurrent Mark From Roots
[2022-05-19T09:50:05.127+0000][163][gc,task        ] GC(74) Using 3 workers of 3 for marking
[2022-05-19T09:50:05.171+0000][163][gc,marking     ] GC(74) Concurrent Mark From Roots 44.418ms
[2022-05-19T09:50:05.172+0000][163][gc,marking     ] GC(74) Concurrent Preclean
[2022-05-19T09:50:05.172+0000][163][gc,marking     ] GC(74) Concurrent Preclean 0.644ms
[2022-05-19T09:50:05.173+0000][163][gc,start       ] GC(74) Pause Remark
[2022-05-19T09:50:05.176+0000][163][gc             ] GC(74) Pause Remark 317M->317M(512M) 3.020ms
[2022-05-19T09:50:05.176+0000][163][gc,cpu         ] GC(74) User=0.02s Sys=0.00s Real=0.00s
[2022-05-19T09:50:05.177+0000][163][safepoint      ] Safepoint "G1Concurrent", Time since last: 47425200 ns, Reaching safepoint: 261900 ns, At safepoint: 3659900 ns, Total: 3921800 ns
[2022-05-19T09:50:05.177+0000][163][gc,marking     ] GC(74) Concurrent Mark 50.045ms
[2022-05-19T09:50:05.177+0000][163][gc,marking     ] GC(74) Concurrent Rebuild Remembered Sets
[2022-05-19T09:50:05.197+0000][163][gc,marking     ] GC(74) Concurrent Rebuild Remembered Sets 19.808ms
[2022-05-19T09:50:05.198+0000][163][gc,start       ] GC(74) Pause Cleanup
[2022-05-19T09:50:05.198+0000][163][gc             ] GC(74) Pause Cleanup 319M->319M(512M) 0.482ms
[2022-05-19T09:50:05.198+0000][163][gc,cpu         ] GC(74) User=0.00s Sys=0.00s Real=0.00s
[2022-05-19T09:50:05.199+0000][163][safepoint      ] Safepoint "G1Concurrent", Time since last: 20779900 ns, Reaching safepoint: 362300 ns, At safepoint: 957500 ns, Total: 1319800 ns
[2022-05-19T09:50:05.199+0000][163][gc,marking     ] GC(74) Concurrent Cleanup for Next Mark
[2022-05-19T09:50:05.199+0000][163][gc,marking     ] GC(74) Concurrent Cleanup for Next Mark 0.395ms
[2022-05-19T09:50:05.200+0000][163][gc             ] GC(74) Concurrent Mark Cycle 74.373ms
[2022-05-19T09:50:05.772+0000][163][gc,start       ] GC(75) Pause Young (Normal) (G1 Evacuation Pause)
[2022-05-19T09:50:05.772+0000][163][gc,task        ] GC(75) Using 10 workers of 10 for evacuation
[2022-05-19T09:50:05.772+0000][163][gc,age         ] GC(75) Desired survivor size 6291456 bytes, new threshold 15 (max threshold 15)
[2022-05-19T09:50:05.775+0000][163][gc,age         ] GC(75) Age table with threshold 15 (max threshold 15)
[2022-05-19T09:50:05.775+0000][163][gc,age         ] GC(75) - age   1:    1149464 bytes,    1149464 total
[2022-05-19T09:50:05.776+0000][163][gc,age         ] GC(75) - age   2:    1149800 bytes,    2299264 total
[2022-05-19T09:50:05.776+0000][163][gc,age         ] GC(75) - age   3:    1147440 bytes,    3446704 total
[2022-05-19T09:50:05.776+0000][163][gc,age         ] GC(75) - age   4:    1114904 bytes,    4561608 total
[2022-05-19T09:50:05.776+0000][163][gc,age         ] GC(75) - age   5:    1049304 bytes,    5610912 total
[2022-05-19T09:50:05.776+0000][163][gc,age         ] GC(75) - age   6:     885168 bytes,    6496080 total
[2022-05-19T09:50:05.777+0000][163][gc,age         ] GC(75) - age   7:     262528 bytes,    6758608 total
[2022-05-19T09:50:05.777+0000][163][gc,phases      ] GC(75)   Pre Evacuate Collection Set: 0.3ms
[2022-05-19T09:50:05.777+0000][163][gc,phases      ] GC(75)   Merge Heap Roots: 0.2ms
[2022-05-19T09:50:05.777+0000][163][gc,phases      ] GC(75)   Evacuate Collection Set: 1.3ms
[2022-05-19T09:50:05.778+0000][163][gc,phases      ] GC(75)   Post Evacuate Collection Set: 0.7ms
[2022-05-19T09:50:05.778+0000][163][gc,phases      ] GC(75)   Other: 2.5ms
[2022-05-19T09:50:05.778+0000][163][gc,heap        ] GC(75) Eden regions: 20->0(21)
[2022-05-19T09:50:05.778+0000][163][gc,heap        ] GC(75) Survivor regions: 2->2(3)
[2022-05-19T09:50:05.778+0000][163][gc,heap        ] GC(75) Old regions: 47->47
[2022-05-19T09:50:05.779+0000][163][gc,heap        ] GC(75) Archive regions: 2->2
[2022-05-19T09:50:05.779+0000][163][gc,heap        ] GC(75) Humongous regions: 32->32
[2022-05-19T09:50:05.779+0000][163][gc,metaspace   ] GC(75) Metaspace: 102977K(104320K)->102977K(104320K) NonClass: 88842K(89664K)->88842K(89664K) Class: 14135K(14656K)->14135K(14656K)
[2022-05-19T09:50:05.779+0000][163][gc             ] GC(75) Pause Young (Normal) (G1 Evacuation Pause) 391M->312M(512M) 7.350ms
[2022-05-19T09:50:05.779+0000][163][gc,cpu         ] GC(75) User=0.02s Sys=0.00s Real=0.01s
[2022-05-19T09:50:05.780+0000][163][safepoint      ] Safepoint "G1CollectForAllocation", Time since last: 572909300 ns, Reaching safepoint: 232600 ns, At safepoint: 7780800 ns, Total: 8013400 ns
[2022-05-19T09:50:06.465+0000][163][gc,start       ] GC(76) Pause Young (Concurrent Start) (G1 Evacuation Pause)
[2022-05-19T09:50:06.465+0000][163][gc,task        ] GC(76) Using 10 workers of 10 for evacuation
[2022-05-19T09:50:06.465+0000][163][gc,age         ] GC(76) Desired survivor size 6291456 bytes, new threshold 6 (max threshold 15)
[2022-05-19T09:50:06.468+0000][163][gc,age         ] GC(76) Age table with threshold 6 (max threshold 15)
[2022-05-19T09:50:06.469+0000][163][gc,age         ] GC(76) - age   1:    1184512 bytes,    1184512 total
[2022-05-19T09:50:06.469+0000][163][gc,age         ] GC(76) - age   2:    1147872 bytes,    2332384 total
[2022-05-19T09:50:06.469+0000][163][gc,age         ] GC(76) - age   3:    1147504 bytes,    3479888 total
[2022-05-19T09:50:06.469+0000][163][gc,age         ] GC(76) - age   4:    1147440 bytes,    4627328 total
[2022-05-19T09:50:06.469+0000][163][gc,age         ] GC(76) - age   5:    1114904 bytes,    5742232 total
[2022-05-19T09:50:06.469+0000][163][gc,age         ] GC(76) - age   6:    1049304 bytes,    6791536 total
[2022-05-19T09:50:06.470+0000][163][gc,phases      ] GC(76)   Pre Evacuate Collection Set: 0.2ms
[2022-05-19T09:50:06.470+0000][163][gc,phases      ] GC(76)   Merge Heap Roots: 0.1ms
[2022-05-19T09:50:06.470+0000][163][gc,phases      ] GC(76)   Evacuate Collection Set: 1.6ms
[2022-05-19T09:50:06.470+0000][163][gc,phases      ] GC(76)   Post Evacuate Collection Set: 0.6ms
[2022-05-19T09:50:06.470+0000][163][gc,phases      ] GC(76)   Other: 2.4ms
[2022-05-19T09:50:06.470+0000][163][gc,heap        ] GC(76) Eden regions: 21->0(22)
[2022-05-19T09:50:06.470+0000][163][gc,heap        ] GC(76) Survivor regions: 2->2(3)
[2022-05-19T09:50:06.470+0000][163][gc,heap        ] GC(76) Old regions: 47->47
[2022-05-19T09:50:06.471+0000][163][gc,heap        ] GC(76) Archive regions: 2->2
[2022-05-19T09:50:06.471+0000][163][gc,heap        ] GC(76) Humongous regions: 32->32
[2022-05-19T09:50:06.471+0000][163][gc,metaspace   ] GC(76) Metaspace: 102977K(104320K)->102977K(104320K) NonClass: 88842K(89664K)->88842K(89664K) Class: 14135K(14656K)->14135K(14656K)
[2022-05-19T09:50:06.471+0000][163][gc             ] GC(76) Pause Young (Concurrent Start) (G1 Evacuation Pause) 396M->313M(512M) 6.298ms
[2022-05-19T09:50:06.471+0000][163][gc,cpu         ] GC(76) User=0.01s Sys=0.00s Real=0.01s
[2022-05-19T09:50:06.471+0000][163][safepoint      ] Safepoint "G1CollectForAllocation", Time since last: 684724500 ns, Reaching safepoint: 205000 ns, At safepoint: 6623400 ns, Total: 6828400 ns
[2022-05-19T09:50:06.471+0000][163][gc             ] GC(77) Concurrent Mark Cycle
[2022-05-19T09:50:06.471+0000][163][gc,marking     ] GC(77) Concurrent Clear Claimed Marks
[2022-05-19T09:50:06.472+0000][163][gc,marking     ] GC(77) Concurrent Clear Claimed Marks 0.178ms
[2022-05-19T09:50:06.472+0000][163][gc,marking     ] GC(77) Concurrent Scan Root Regions
[2022-05-19T09:50:06.473+0000][163][gc,marking     ] GC(77) Concurrent Scan Root Regions 0.892ms
[2022-05-19T09:50:06.473+0000][163][gc,marking     ] GC(77) Concurrent Mark
[2022-05-19T09:50:06.473+0000][163][gc,marking     ] GC(77) Concurrent Mark From Roots
[2022-05-19T09:50:06.473+0000][163][gc,task        ] GC(77) Using 3 workers of 3 for marking
[2022-05-19T09:50:06.515+0000][163][gc,marking     ] GC(77) Concurrent Mark From Roots 41.868ms
[2022-05-19T09:50:06.515+0000][163][gc,marking     ] GC(77) Concurrent Preclean
[2022-05-19T09:50:06.516+0000][163][gc,marking     ] GC(77) Concurrent Preclean 0.581ms
[2022-05-19T09:50:06.516+0000][163][gc,start       ] GC(77) Pause Remark
[2022-05-19T09:50:06.519+0000][163][gc             ] GC(77) Pause Remark 319M->319M(512M) 3.256ms
[2022-05-19T09:50:06.520+0000][163][gc,cpu         ] GC(77) User=0.02s Sys=0.00s Real=0.01s
[2022-05-19T09:50:06.520+0000][163][safepoint      ] Safepoint "G1Concurrent", Time since last: 44688000 ns, Reaching safepoint: 258900 ns, At safepoint: 3727000 ns, Total: 3985900 ns
[2022-05-19T09:50:06.520+0000][163][gc,marking     ] GC(77) Concurrent Mark 47.196ms
[2022-05-19T09:50:06.520+0000][163][gc,marking     ] GC(77) Concurrent Rebuild Remembered Sets
[2022-05-19T09:50:06.539+0000][163][gc,marking     ] GC(77) Concurrent Rebuild Remembered Sets 19.106ms
[2022-05-19T09:50:06.540+0000][163][gc,start       ] GC(77) Pause Cleanup
[2022-05-19T09:50:06.541+0000][163][gc             ] GC(77) Pause Cleanup 321M->321M(512M) 0.453ms
[2022-05-19T09:50:06.541+0000][163][gc,cpu         ] GC(77) User=0.00s Sys=0.00s Real=0.00s
[2022-05-19T09:50:06.541+0000][163][safepoint      ] Safepoint "G1Concurrent", Time since last: 19861500 ns, Reaching safepoint: 329500 ns, At safepoint: 915200 ns, Total: 1244700 ns
[2022-05-19T09:50:06.541+0000][163][gc,marking     ] GC(77) Concurrent Cleanup for Next Mark
[2022-05-19T09:50:06.542+0000][163][gc,marking     ] GC(77) Concurrent Cleanup for Next Mark 0.418ms
[2022-05-19T09:50:06.542+0000][163][gc             ] GC(77) Concurrent Mark Cycle 70.688ms
[2022-05-19T09:50:07.164+0000][163][gc,start       ] GC(78) Pause Young (Normal) (G1 Evacuation Pause)
[2022-05-19T09:50:07.164+0000][163][gc,task        ] GC(78) Using 10 workers of 10 for evacuation
[2022-05-19T09:50:07.164+0000][163][gc,age         ] GC(78) Desired survivor size 6291456 bytes, new threshold 6 (max threshold 15)
[2022-05-19T09:50:07.167+0000][163][gc,age         ] GC(78) Age table with threshold 6 (max threshold 15)
[2022-05-19T09:50:07.167+0000][163][gc,age         ] GC(78) - age   1:    1282336 bytes,    1282336 total
[2022-05-19T09:50:07.167+0000][163][gc,age         ] GC(78) - age   2:    1181656 bytes,    2463992 total
[2022-05-19T09:50:07.168+0000][163][gc,age         ] GC(78) - age   3:    1147504 bytes,    3611496 total
[2022-05-19T09:50:07.168+0000][163][gc,age         ] GC(78) - age   4:    1147472 bytes,    4758968 total
[2022-05-19T09:50:07.168+0000][163][gc,age         ] GC(78) - age   5:    1147440 bytes,    5906408 total
[2022-05-19T09:50:07.168+0000][163][gc,age         ] GC(78) - age   6:    1114904 bytes,    7021312 total
[2022-05-19T09:50:07.168+0000][163][gc,phases      ] GC(78)   Pre Evacuate Collection Set: 0.2ms
[2022-05-19T09:50:07.169+0000][163][gc,phases      ] GC(78)   Merge Heap Roots: 0.1ms
[2022-05-19T09:50:07.169+0000][163][gc,phases      ] GC(78)   Evacuate Collection Set: 1.4ms
[2022-05-19T09:50:07.169+0000][163][gc,phases      ] GC(78)   Post Evacuate Collection Set: 0.5ms
[2022-05-19T09:50:07.169+0000][163][gc,phases      ] GC(78)   Other: 2.7ms
[2022-05-19T09:50:07.169+0000][163][gc,heap        ] GC(78) Eden regions: 22->0(22)
[2022-05-19T09:50:07.169+0000][163][gc,heap        ] GC(78) Survivor regions: 2->2(3)
[2022-05-19T09:50:07.170+0000][163][gc,heap        ] GC(78) Old regions: 47->47
[2022-05-19T09:50:07.170+0000][163][gc,heap        ] GC(78) Archive regions: 2->2
[2022-05-19T09:50:07.170+0000][163][gc,heap        ] GC(78) Humongous regions: 32->32
[2022-05-19T09:50:07.170+0000][163][gc,metaspace   ] GC(78) Metaspace: 102977K(104320K)->102977K(104320K) NonClass: 88842K(89664K)->88842K(89664K) Class: 14135K(14656K)->14135K(14656K)
[2022-05-19T09:50:07.170+0000][163][gc             ] GC(78) Pause Young (Normal) (G1 Evacuation Pause) 401M->315M(512M) 6.532ms
[2022-05-19T09:50:07.170+0000][163][gc,cpu         ] GC(78) User=0.02s Sys=0.00s Real=0.01s
[2022-05-19T09:50:07.170+0000][163][safepoint      ] Safepoint "G1CollectForAllocation", Time since last: 622303800 ns, Reaching safepoint: 249100 ns, At safepoint: 6892700 ns, Total: 7141800 ns
[2022-05-19T09:50:07.902+0000][163][gc,start       ] GC(79) Pause Young (Concurrent Start) (G1 Evacuation Pause)
[2022-05-19T09:50:07.902+0000][163][gc,task        ] GC(79) Using 10 workers of 10 for evacuation
[2022-05-19T09:50:07.902+0000][163][gc,age         ] GC(79) Desired survivor size 6291456 bytes, new threshold 6 (max threshold 15)
[2022-05-19T09:50:07.905+0000][163][gc,age         ] GC(79) Age table with threshold 6 (max threshold 15)
[2022-05-19T09:50:07.905+0000][163][gc,age         ] GC(79) - age   1:    1284000 bytes,    1284000 total
[2022-05-19T09:50:07.906+0000][163][gc,age         ] GC(79) - age   2:    1279776 bytes,    2563776 total
[2022-05-19T09:50:07.906+0000][163][gc,age         ] GC(79) - age   3:    1180408 bytes,    3744184 total
[2022-05-19T09:50:07.906+0000][163][gc,age         ] GC(79) - age   4:    1147472 bytes,    4891656 total
[2022-05-19T09:50:07.906+0000][163][gc,age         ] GC(79) - age   5:    1147472 bytes,    6039128 total
[2022-05-19T09:50:07.906+0000][163][gc,age         ] GC(79) - age   6:    1147440 bytes,    7186568 total
[2022-05-19T09:50:07.906+0000][163][gc,phases      ] GC(79)   Pre Evacuate Collection Set: 0.2ms
[2022-05-19T09:50:07.906+0000][163][gc,phases      ] GC(79)   Merge Heap Roots: 0.2ms
[2022-05-19T09:50:07.906+0000][163][gc,phases      ] GC(79)   Evacuate Collection Set: 2.3ms
[2022-05-19T09:50:07.907+0000][163][gc,phases      ] GC(79)   Post Evacuate Collection Set: 0.6ms
[2022-05-19T09:50:07.907+0000][163][gc,phases      ] GC(79)   Other: 1.4ms
[2022-05-19T09:50:07.907+0000][163][gc,heap        ] GC(79) Eden regions: 22->0(21)
[2022-05-19T09:50:07.907+0000][163][gc,heap        ] GC(79) Survivor regions: 2->2(3)
[2022-05-19T09:50:07.907+0000][163][gc,heap        ] GC(79) Old regions: 47->48
[2022-05-19T09:50:07.907+0000][163][gc,heap        ] GC(79) Archive regions: 2->2
[2022-05-19T09:50:07.907+0000][163][gc,heap        ] GC(79) Humongous regions: 32->32
[2022-05-19T09:50:07.907+0000][163][gc,metaspace   ] GC(79) Metaspace: 102979K(104320K)->102979K(104320K) NonClass: 88844K(89664K)->88844K(89664K) Class: 14135K(14656K)->14135K(14656K)
[2022-05-19T09:50:07.908+0000][163][gc             ] GC(79) Pause Young (Concurrent Start) (G1 Evacuation Pause) 403M->316M(512M) 6.035ms
[2022-05-19T09:50:07.908+0000][163][gc,cpu         ] GC(79) User=0.02s Sys=0.00s Real=0.01s
[2022-05-19T09:50:07.908+0000][163][gc             ] GC(80) Concurrent Mark Cycle
[2022-05-19T09:50:07.908+0000][163][gc,marking     ] GC(80) Concurrent Clear Claimed Marks
[2022-05-19T09:50:07.908+0000][163][safepoint      ] Safepoint "G1CollectForAllocation", Time since last: 730861000 ns, Reaching safepoint: 194600 ns, At safepoint: 6384600 ns, Total: 6579200 ns
[2022-05-19T09:50:07.908+0000][163][gc,marking     ] GC(80) Concurrent Clear Claimed Marks 0.193ms
[2022-05-19T09:50:07.908+0000][163][gc,marking     ] GC(80) Concurrent Scan Root Regions
[2022-05-19T09:50:07.909+0000][163][gc,marking     ] GC(80) Concurrent Scan Root Regions 0.827ms
[2022-05-19T09:50:07.909+0000][163][gc,marking     ] GC(80) Concurrent Mark
[2022-05-19T09:50:07.910+0000][163][gc,marking     ] GC(80) Concurrent Mark From Roots
[2022-05-19T09:50:07.910+0000][163][gc,task        ] GC(80) Using 3 workers of 3 for marking
[2022-05-19T09:50:07.968+0000][163][gc,marking     ] GC(80) Concurrent Mark From Roots 58.178ms
[2022-05-19T09:50:07.968+0000][163][gc,marking     ] GC(80) Concurrent Preclean
[2022-05-19T09:50:07.969+0000][163][gc,marking     ] GC(80) Concurrent Preclean 0.854ms
[2022-05-19T09:50:07.969+0000][163][gc,start       ] GC(80) Pause Remark
[2022-05-19T09:50:07.973+0000][163][gc             ] GC(80) Pause Remark 320M->320M(512M) 3.725ms
[2022-05-19T09:50:07.974+0000][163][gc,cpu         ] GC(80) User=0.02s Sys=0.00s Real=0.00s
[2022-05-19T09:50:07.974+0000][163][safepoint      ] Safepoint "G1Concurrent", Time since last: 61285500 ns, Reaching safepoint: 289000 ns, At safepoint: 4390600 ns, Total: 4679600 ns
[2022-05-19T09:50:07.974+0000][163][gc,marking     ] GC(80) Concurrent Mark 64.585ms
[2022-05-19T09:50:07.974+0000][163][gc,marking     ] GC(80) Concurrent Rebuild Remembered Sets
[2022-05-19T09:50:07.998+0000][163][gc,marking     ] GC(80) Concurrent Rebuild Remembered Sets 23.852ms
[2022-05-19T09:50:07.999+0000][163][gc,start       ] GC(80) Pause Cleanup
[2022-05-19T09:50:07.999+0000][163][gc             ] GC(80) Pause Cleanup 323M->323M(512M) 0.458ms
[2022-05-19T09:50:07.999+0000][163][gc,cpu         ] GC(80) User=0.00s Sys=0.00s Real=0.00s
[2022-05-19T09:50:08.000+0000][163][safepoint      ] Safepoint "G1Concurrent", Time since last: 24518100 ns, Reaching safepoint: 322800 ns, At safepoint: 861900 ns, Total: 1184700 ns
[2022-05-19T09:50:08.000+0000][163][gc,marking     ] GC(80) Concurrent Cleanup for Next Mark
[2022-05-19T09:50:08.000+0000][163][gc,marking     ] GC(80) Concurrent Cleanup for Next Mark 0.638ms
[2022-05-19T09:50:08.001+0000][163][gc             ] GC(80) Concurrent Mark Cycle 92.873ms
[2022-05-19T09:50:08.650+0000][163][gc,start       ] GC(81) Pause Young (Normal) (G1 Evacuation Pause)
[2022-05-19T09:50:08.650+0000][163][gc,task        ] GC(81) Using 10 workers of 10 for evacuation
[2022-05-19T09:50:08.650+0000][163][gc,age         ] GC(81) Desired survivor size 6291456 bytes, new threshold 6 (max threshold 15)
[2022-05-19T09:50:08.653+0000][163][gc,age         ] GC(81) Age table with threshold 6 (max threshold 15)
[2022-05-19T09:50:08.653+0000][163][gc,age         ] GC(81) - age   1:    2372656 bytes,    2372656 total
[2022-05-19T09:50:08.653+0000][163][gc,age         ] GC(81) - age   2:    1282096 bytes,    3654752 total
[2022-05-19T09:50:08.654+0000][163][gc,age         ] GC(81) - age   3:    1278896 bytes,    4933648 total
[2022-05-19T09:50:08.654+0000][163][gc,age         ] GC(81) - age   4:    1180408 bytes,    6114056 total
[2022-05-19T09:50:08.654+0000][163][gc,age         ] GC(81) - age   5:    1147472 bytes,    7261528 total
[2022-05-19T09:50:08.654+0000][163][gc,age         ] GC(81) - age   6:    1147472 bytes,    8409000 total
[2022-05-19T09:50:08.654+0000][163][gc,phases      ] GC(81)   Pre Evacuate Collection Set: 0.2ms
[2022-05-19T09:50:08.654+0000][163][gc,phases      ] GC(81)   Merge Heap Roots: 0.2ms
[2022-05-19T09:50:08.654+0000][163][gc,phases      ] GC(81)   Evacuate Collection Set: 1.7ms
[2022-05-19T09:50:08.655+0000][163][gc,phases      ] GC(81)   Post Evacuate Collection Set: 0.7ms
[2022-05-19T09:50:08.655+0000][163][gc,phases      ] GC(81)   Other: 1.9ms
[2022-05-19T09:50:08.655+0000][163][gc,heap        ] GC(81) Eden regions: 21->0(20)
[2022-05-19T09:50:08.655+0000][163][gc,heap        ] GC(81) Survivor regions: 2->3(3)
[2022-05-19T09:50:08.655+0000][163][gc,heap        ] GC(81) Old regions: 48->48
[2022-05-19T09:50:08.655+0000][163][gc,heap        ] GC(81) Archive regions: 2->2
[2022-05-19T09:50:08.655+0000][163][gc,heap        ] GC(81) Humongous regions: 32->32
[2022-05-19T09:50:08.655+0000][163][gc,metaspace   ] GC(81) Metaspace: 102979K(104320K)->102979K(104320K) NonClass: 88844K(89664K)->88844K(89664K) Class: 14135K(14656K)->14135K(14656K)
[2022-05-19T09:50:08.656+0000][163][gc             ] GC(81) Pause Young (Normal) (G1 Evacuation Pause) 400M->318M(512M) 5.995ms
[2022-05-19T09:50:08.656+0000][163][gc,cpu         ] GC(81) User=0.01s Sys=0.00s Real=0.00s
[2022-05-19T09:50:08.656+0000][163][safepoint      ] Safepoint "G1CollectForAllocation", Time since last: 649782200 ns, Reaching safepoint: 256400 ns, At safepoint: 6396400 ns, Total: 6652800 ns
[2022-05-19T09:50:09.299+0000][163][gc,start       ] GC(82) Pause Young (Concurrent Start) (G1 Evacuation Pause)
[2022-05-19T09:50:09.299+0000][163][gc,task        ] GC(82) Using 10 workers of 10 for evacuation
[2022-05-19T09:50:09.300+0000][163][gc,age         ] GC(82) Desired survivor size 6291456 bytes, new threshold 5 (max threshold 15)
[2022-05-19T09:50:09.303+0000][163][gc,age         ] GC(82) Age table with threshold 5 (max threshold 15)
[2022-05-19T09:50:09.304+0000][163][gc,age         ] GC(82) - age   1:    1152288 bytes,    1152288 total
[2022-05-19T09:50:09.304+0000][163][gc,age         ] GC(82) - age   2:    2370600 bytes,    3522888 total
[2022-05-19T09:50:09.304+0000][163][gc,age         ] GC(82) - age   3:    1279712 bytes,    4802600 total
[2022-05-19T09:50:09.305+0000][163][gc,age         ] GC(82) - age   4:    1278864 bytes,    6081464 total
[2022-05-19T09:50:09.305+0000][163][gc,age         ] GC(82) - age   5:    1180408 bytes,    7261872 total
[2022-05-19T09:50:09.305+0000][163][gc,phases      ] GC(82)   Pre Evacuate Collection Set: 0.3ms
[2022-05-19T09:50:09.305+0000][163][gc,phases      ] GC(82)   Merge Heap Roots: 0.2ms
[2022-05-19T09:50:09.305+0000][163][gc,phases      ] GC(82)   Evacuate Collection Set: 2.0ms
[2022-05-19T09:50:09.305+0000][163][gc,phases      ] GC(82)   Post Evacuate Collection Set: 0.7ms
[2022-05-19T09:50:09.306+0000][163][gc,phases      ] GC(82)   Other: 2.6ms
[2022-05-19T09:50:09.306+0000][163][gc,heap        ] GC(82) Eden regions: 20->0(22)
[2022-05-19T09:50:09.306+0000][163][gc,heap        ] GC(82) Survivor regions: 3->2(3)
[2022-05-19T09:50:09.306+0000][163][gc,heap        ] GC(82) Old regions: 48->48
[2022-05-19T09:50:09.306+0000][163][gc,heap        ] GC(82) Archive regions: 2->2
[2022-05-19T09:50:09.306+0000][163][gc,heap        ] GC(82) Humongous regions: 32->32
[2022-05-19T09:50:09.306+0000][163][gc,metaspace   ] GC(82) Metaspace: 102979K(104320K)->102979K(104320K) NonClass: 88844K(89664K)->88844K(89664K) Class: 14135K(14656K)->14135K(14656K)
[2022-05-19T09:50:09.306+0000][163][gc             ] GC(82) Pause Young (Concurrent Start) (G1 Evacuation Pause) 398M->319M(512M) 7.176ms
[2022-05-19T09:50:09.307+0000][163][gc,cpu         ] GC(82) User=0.02s Sys=0.00s Real=0.00s
[2022-05-19T09:50:09.307+0000][163][gc             ] GC(83) Concurrent Mark Cycle
[2022-05-19T09:50:09.307+0000][163][safepoint      ] Safepoint "G1CollectForAllocation", Time since last: 642953100 ns, Reaching safepoint: 266100 ns, At safepoint: 7546300 ns, Total: 7812400 ns
[2022-05-19T09:50:09.307+0000][163][gc,marking     ] GC(83) Concurrent Clear Claimed Marks
[2022-05-19T09:50:09.307+0000][163][gc,marking     ] GC(83) Concurrent Clear Claimed Marks 0.346ms
[2022-05-19T09:50:09.307+0000][163][gc,marking     ] GC(83) Concurrent Scan Root Regions
[2022-05-19T09:50:09.309+0000][163][gc,marking     ] GC(83) Concurrent Scan Root Regions 1.268ms
[2022-05-19T09:50:09.309+0000][163][gc,marking     ] GC(83) Concurrent Mark
[2022-05-19T09:50:09.309+0000][163][gc,marking     ] GC(83) Concurrent Mark From Roots
[2022-05-19T09:50:09.309+0000][163][gc,task        ] GC(83) Using 3 workers of 3 for marking
[2022-05-19T09:50:09.362+0000][163][gc,marking     ] GC(83) Concurrent Mark From Roots 53.433ms
[2022-05-19T09:50:09.363+0000][163][gc,marking     ] GC(83) Concurrent Preclean
[2022-05-19T09:50:09.363+0000][163][gc,marking     ] GC(83) Concurrent Preclean 0.677ms
[2022-05-19T09:50:09.364+0000][163][gc,start       ] GC(83) Pause Remark
[2022-05-19T09:50:09.367+0000][163][gc             ] GC(83) Pause Remark 325M->325M(512M) 3.245ms
[2022-05-19T09:50:09.367+0000][163][gc,cpu         ] GC(83) User=0.02s Sys=0.00s Real=0.00s
[2022-05-19T09:50:09.367+0000][163][safepoint      ] Safepoint "G1Concurrent", Time since last: 56703200 ns, Reaching safepoint: 276500 ns, At safepoint: 3705600 ns, Total: 3982100 ns
[2022-05-19T09:50:09.368+0000][163][gc,marking     ] GC(83) Concurrent Mark 58.858ms
[2022-05-19T09:50:09.368+0000][163][gc,marking     ] GC(83) Concurrent Rebuild Remembered Sets
[2022-05-19T09:50:09.390+0000][163][gc,marking     ] GC(83) Concurrent Rebuild Remembered Sets 21.739ms
[2022-05-19T09:50:09.390+0000][163][gc,start       ] GC(83) Pause Cleanup
[2022-05-19T09:50:09.390+0000][163][gc             ] GC(83) Pause Cleanup 327M->327M(512M) 0.323ms
[2022-05-19T09:50:09.391+0000][163][gc,cpu         ] GC(83) User=0.00s Sys=0.00s Real=0.00s
[2022-05-19T09:50:09.391+0000][163][safepoint      ] Safepoint "G1Concurrent", Time since last: 22345000 ns, Reaching safepoint: 275800 ns, At safepoint: 629700 ns, Total: 905500 ns
[2022-05-19T09:50:09.391+0000][163][gc,marking     ] GC(83) Concurrent Cleanup for Next Mark
[2022-05-19T09:50:09.391+0000][163][gc,marking     ] GC(83) Concurrent Cleanup for Next Mark 0.323ms
[2022-05-19T09:50:09.391+0000][163][gc             ] GC(83) Concurrent Mark Cycle 84.585ms
[2022-05-19T09:50:10.042+0000][163][gc,start       ] GC(84) Pause Young (Prepare Mixed) (G1 Evacuation Pause)
[2022-05-19T09:50:10.043+0000][163][gc,task        ] GC(84) Using 10 workers of 10 for evacuation
[2022-05-19T09:50:10.043+0000][163][gc,age         ] GC(84) Desired survivor size 6291456 bytes, new threshold 5 (max threshold 15)
[2022-05-19T09:50:10.045+0000][163][gc,age         ] GC(84) Age table with threshold 5 (max threshold 15)
[2022-05-19T09:50:10.046+0000][163][gc,age         ] GC(84) - age   1:    1249552 bytes,    1249552 total
[2022-05-19T09:50:10.046+0000][163][gc,age         ] GC(84) - age   2:    1149216 bytes,    2398768 total
[2022-05-19T09:50:10.046+0000][163][gc,age         ] GC(84) - age   3:    2370184 bytes,    4768952 total
[2022-05-19T09:50:10.046+0000][163][gc,age         ] GC(84) - age   4:    1279680 bytes,    6048632 total
[2022-05-19T09:50:10.046+0000][163][gc,age         ] GC(84) - age   5:    1278864 bytes,    7327496 total
[2022-05-19T09:50:10.047+0000][163][gc,phases      ] GC(84)   Pre Evacuate Collection Set: 0.2ms
[2022-05-19T09:50:10.047+0000][163][gc,phases      ] GC(84)   Merge Heap Roots: 0.1ms
[2022-05-19T09:50:10.047+0000][163][gc,phases      ] GC(84)   Evacuate Collection Set: 1.3ms
[2022-05-19T09:50:10.047+0000][163][gc,phases      ] GC(84)   Post Evacuate Collection Set: 0.6ms
[2022-05-19T09:50:10.047+0000][163][gc,phases      ] GC(84)   Other: 1.9ms
[2022-05-19T09:50:10.047+0000][163][gc,heap        ] GC(84) Eden regions: 22->0(4)
[2022-05-19T09:50:10.047+0000][163][gc,heap        ] GC(84) Survivor regions: 2->2(3)
[2022-05-19T09:50:10.047+0000][163][gc,heap        ] GC(84) Old regions: 48->49
[2022-05-19T09:50:10.047+0000][163][gc,heap        ] GC(84) Archive regions: 2->2
[2022-05-19T09:50:10.048+0000][163][gc,heap        ] GC(84) Humongous regions: 32->32
[2022-05-19T09:50:10.048+0000][163][gc,metaspace   ] GC(84) Metaspace: 102979K(104320K)->102979K(104320K) NonClass: 88844K(89664K)->88844K(89664K) Class: 14135K(14656K)->14135K(14656K)
[2022-05-19T09:50:10.048+0000][163][gc             ] GC(84) Pause Young (Prepare Mixed) (G1 Evacuation Pause) 407M->320M(512M) 5.359ms
[2022-05-19T09:50:10.048+0000][163][gc,cpu         ] GC(84) User=0.01s Sys=0.00s Real=0.01s
[2022-05-19T09:50:10.048+0000][163][safepoint      ] Safepoint "G1CollectForAllocation", Time since last: 651542200 ns, Reaching safepoint: 214600 ns, At safepoint: 5658100 ns, Total: 5872700 ns
[2022-05-19T09:50:10.193+0000][163][gc,start       ] GC(85) Pause Young (Mixed) (G1 Evacuation Pause)
[2022-05-19T09:50:10.193+0000][163][gc,task        ] GC(85) Using 10 workers of 10 for evacuation
[2022-05-19T09:50:10.193+0000][163][gc,age         ] GC(85) Desired survivor size 2097152 bytes, new threshold 2 (max threshold 15)
[2022-05-19T09:50:10.196+0000][163][gc,age         ] GC(85) Age table with threshold 2 (max threshold 15)
[2022-05-19T09:50:10.196+0000][163][gc,age         ] GC(85) - age   1:     230696 bytes,     230696 total
[2022-05-19T09:50:10.196+0000][163][gc,age         ] GC(85) - age   2:    1249232 bytes,    1479928 total
[2022-05-19T09:50:10.197+0000][163][gc,phases      ] GC(85)   Pre Evacuate Collection Set: 0.2ms
[2022-05-19T09:50:10.197+0000][163][gc,phases      ] GC(85)   Merge Heap Roots: 0.1ms
[2022-05-19T09:50:10.197+0000][163][gc,phases      ] GC(85)   Evacuate Collection Set: 1.5ms
[2022-05-19T09:50:10.197+0000][163][gc,phases      ] GC(85)   Post Evacuate Collection Set: 0.7ms
[2022-05-19T09:50:10.197+0000][163][gc,phases      ] GC(85)   Other: 1.4ms
[2022-05-19T09:50:10.197+0000][163][gc,heap        ] GC(85) Eden regions: 4->0(22)
[2022-05-19T09:50:10.198+0000][163][gc,heap        ] GC(85) Survivor regions: 2->1(1)
[2022-05-19T09:50:10.198+0000][163][gc,heap        ] GC(85) Old regions: 49->49
[2022-05-19T09:50:10.198+0000][163][gc,heap        ] GC(85) Archive regions: 2->2
[2022-05-19T09:50:10.198+0000][163][gc,heap        ] GC(85) Humongous regions: 32->32
[2022-05-19T09:50:10.198+0000][163][gc,metaspace   ] GC(85) Metaspace: 102979K(104320K)->102979K(104320K) NonClass: 88844K(89664K)->88844K(89664K) Class: 14135K(14656K)->14135K(14656K)
[2022-05-19T09:50:10.198+0000][163][gc             ] GC(85) Pause Young (Mixed) (G1 Evacuation Pause) 336M->320M(512M) 5.443ms
[2022-05-19T09:50:10.198+0000][163][gc,cpu         ] GC(85) User=0.02s Sys=0.00s Real=0.01s
[2022-05-19T09:50:10.199+0000][163][safepoint      ] Safepoint "G1CollectForAllocation", Time since last: 144559600 ns, Reaching safepoint: 192200 ns, At safepoint: 5779500 ns, Total: 5971700 ns
[2022-05-19T09:50:10.908+0000][163][gc,start       ] GC(86) Pause Young (Concurrent Start) (G1 Evacuation Pause)
[2022-05-19T09:50:10.909+0000][163][gc,task        ] GC(86) Using 10 workers of 10 for evacuation
[2022-05-19T09:50:10.909+0000][163][gc,age         ] GC(86) Desired survivor size 6291456 bytes, new threshold 15 (max threshold 15)
[2022-05-19T09:50:10.912+0000][163][gc,age         ] GC(86) Age table with threshold 15 (max threshold 15)
[2022-05-19T09:50:10.912+0000][163][gc,age         ] GC(86) - age   1:    1280624 bytes,    1280624 total
[2022-05-19T09:50:10.912+0000][163][gc,age         ] GC(86) - age   2:     230368 bytes,    1510992 total
[2022-05-19T09:50:10.913+0000][163][gc,age         ] GC(86) - age   3:    1248448 bytes,    2759440 total
[2022-05-19T09:50:10.913+0000][163][gc,phases      ] GC(86)   Pre Evacuate Collection Set: 0.3ms
[2022-05-19T09:50:10.913+0000][163][gc,phases      ] GC(86)   Merge Heap Roots: 0.2ms
[2022-05-19T09:50:10.913+0000][163][gc,phases      ] GC(86)   Evacuate Collection Set: 1.2ms
[2022-05-19T09:50:10.913+0000][163][gc,phases      ] GC(86)   Post Evacuate Collection Set: 0.9ms
[2022-05-19T09:50:10.914+0000][163][gc,phases      ] GC(86)   Other: 1.9ms
[2022-05-19T09:50:10.914+0000][163][gc,heap        ] GC(86) Eden regions: 22->0(22)
[2022-05-19T09:50:10.914+0000][163][gc,heap        ] GC(86) Survivor regions: 1->1(3)
[2022-05-19T09:50:10.914+0000][163][gc,heap        ] GC(86) Old regions: 49->49
[2022-05-19T09:50:10.915+0000][163][gc,heap        ] GC(86) Archive regions: 2->2
[2022-05-19T09:50:10.915+0000][163][gc,heap        ] GC(86) Humongous regions: 32->32
[2022-05-19T09:50:10.915+0000][163][gc,metaspace   ] GC(86) Metaspace: 102979K(104320K)->102979K(104320K) NonClass: 88844K(89664K)->88844K(89664K) Class: 14135K(14656K)->14135K(14656K)
[2022-05-19T09:50:10.915+0000][163][gc             ] GC(86) Pause Young (Concurrent Start) (G1 Evacuation Pause) 408M->322M(512M) 6.491ms
[2022-05-19T09:50:10.915+0000][163][gc,cpu         ] GC(86) User=0.01s Sys=0.00s Real=0.00s
[2022-05-19T09:50:10.915+0000][163][gc             ] GC(87) Concurrent Mark Cycle
[2022-05-19T09:50:10.915+0000][163][gc,marking     ] GC(87) Concurrent Clear Claimed Marks
[2022-05-19T09:50:10.915+0000][163][safepoint      ] Safepoint "G1CollectForAllocation", Time since last: 709558400 ns, Reaching safepoint: 237500 ns, At safepoint: 6822000 ns, Total: 7059500 ns
[2022-05-19T09:50:10.916+0000][163][gc,marking     ] GC(87) Concurrent Clear Claimed Marks 0.175ms
[2022-05-19T09:50:10.916+0000][163][gc,marking     ] GC(87) Concurrent Scan Root Regions
[2022-05-19T09:50:10.917+0000][163][gc,marking     ] GC(87) Concurrent Scan Root Regions 1.301ms
[2022-05-19T09:50:10.917+0000][163][gc,marking     ] GC(87) Concurrent Mark
[2022-05-19T09:50:10.917+0000][163][gc,marking     ] GC(87) Concurrent Mark From Roots
[2022-05-19T09:50:10.917+0000][163][gc,task        ] GC(87) Using 3 workers of 3 for marking
[2022-05-19T09:50:10.965+0000][163][gc,marking     ] GC(87) Concurrent Mark From Roots 47.422ms
[2022-05-19T09:50:10.965+0000][163][gc,marking     ] GC(87) Concurrent Preclean
[2022-05-19T09:50:10.966+0000][163][gc,marking     ] GC(87) Concurrent Preclean 0.651ms
[2022-05-19T09:50:10.966+0000][163][gc,start       ] GC(87) Pause Remark
[2022-05-19T09:50:10.970+0000][163][gc             ] GC(87) Pause Remark 326M->326M(512M) 3.388ms
[2022-05-19T09:50:10.970+0000][163][gc,cpu         ] GC(87) User=0.02s Sys=0.00s Real=0.01s
[2022-05-19T09:50:10.970+0000][163][safepoint      ] Safepoint "G1Concurrent", Time since last: 50675200 ns, Reaching safepoint: 295500 ns, At safepoint: 3999100 ns, Total: 4294600 ns
[2022-05-19T09:50:10.971+0000][163][gc,marking     ] GC(87) Concurrent Mark 53.402ms
[2022-05-19T09:50:10.971+0000][163][gc,marking     ] GC(87) Concurrent Rebuild Remembered Sets
[2022-05-19T09:50:10.990+0000][163][gc,marking     ] GC(87) Concurrent Rebuild Remembered Sets 19.518ms
[2022-05-19T09:50:10.991+0000][163][gc,start       ] GC(87) Pause Cleanup
[2022-05-19T09:50:10.991+0000][163][gc             ] GC(87) Pause Cleanup 329M->329M(512M) 0.501ms
[2022-05-19T09:50:10.992+0000][163][gc,cpu         ] GC(87) User=0.00s Sys=0.00s Real=0.00s
[2022-05-19T09:50:10.992+0000][163][safepoint      ] Safepoint "G1Concurrent", Time since last: 20345100 ns, Reaching safepoint: 259200 ns, At safepoint: 936200 ns, Total: 1195400 ns
[2022-05-19T09:50:10.992+0000][163][gc,marking     ] GC(87) Concurrent Cleanup for Next Mark
[2022-05-19T09:50:10.992+0000][163][gc,marking     ] GC(87) Concurrent Cleanup for Next Mark 0.402ms
[2022-05-19T09:50:10.992+0000][163][gc             ] GC(87) Concurrent Mark Cycle 77.269ms
[2022-05-19T09:50:11.647+0000][163][gc,start       ] GC(88) Pause Young (Normal) (G1 Evacuation Pause)
[2022-05-19T09:50:11.648+0000][163][gc,task        ] GC(88) Using 10 workers of 10 for evacuation
[2022-05-19T09:50:11.648+0000][163][gc,age         ] GC(88) Desired survivor size 6291456 bytes, new threshold 15 (max threshold 15)
[2022-05-19T09:50:11.650+0000][163][gc,age         ] GC(88) Age table with threshold 15 (max threshold 15)
[2022-05-19T09:50:11.650+0000][163][gc,age         ] GC(88) - age   1:    1251328 bytes,    1251328 total
[2022-05-19T09:50:11.651+0000][163][gc,age         ] GC(88) - age   2:    1279008 bytes,    2530336 total
[2022-05-19T09:50:11.651+0000][163][gc,age         ] GC(88) - age   3:     229488 bytes,    2759824 total
[2022-05-19T09:50:11.651+0000][163][gc,age         ] GC(88) - age   4:    1245856 bytes,    4005680 total
[2022-05-19T09:50:11.651+0000][163][gc,phases      ] GC(88)   Pre Evacuate Collection Set: 0.2ms
[2022-05-19T09:50:11.651+0000][163][gc,phases      ] GC(88)   Merge Heap Roots: 0.1ms
[2022-05-19T09:50:11.652+0000][163][gc,phases      ] GC(88)   Evacuate Collection Set: 0.9ms
[2022-05-19T09:50:11.652+0000][163][gc,phases      ] GC(88)   Post Evacuate Collection Set: 0.5ms
[2022-05-19T09:50:11.652+0000][163][gc,phases      ] GC(88)   Other: 2.0ms
[2022-05-19T09:50:11.652+0000][163][gc,heap        ] GC(88) Eden regions: 22->0(22)
[2022-05-19T09:50:11.652+0000][163][gc,heap        ] GC(88) Survivor regions: 1->1(3)
[2022-05-19T09:50:11.652+0000][163][gc,heap        ] GC(88) Old regions: 49->49
[2022-05-19T09:50:11.652+0000][163][gc,heap        ] GC(88) Archive regions: 2->2
[2022-05-19T09:50:11.653+0000][163][gc,heap        ] GC(88) Humongous regions: 32->32
[2022-05-19T09:50:11.653+0000][163][gc,metaspace   ] GC(88) Metaspace: 102979K(104320K)->102979K(104320K) NonClass: 88844K(89664K)->88844K(89664K) Class: 14135K(14656K)->14135K(14656K)
[2022-05-19T09:50:11.653+0000][163][gc             ] GC(88) Pause Young (Normal) (G1 Evacuation Pause) 410M->323M(512M) 5.432ms
[2022-05-19T09:50:11.653+0000][163][gc,cpu         ] GC(88) User=0.01s Sys=0.00s Real=0.00s
[2022-05-19T09:50:11.653+0000][163][safepoint      ] Safepoint "G1CollectForAllocation", Time since last: 655300200 ns, Reaching safepoint: 417600 ns, At safepoint: 5758700 ns, Total: 6176300 ns
[2022-05-19T09:50:12.346+0000][163][gc,start       ] GC(89) Pause Young (Concurrent Start) (G1 Evacuation Pause)
[2022-05-19T09:50:12.346+0000][163][gc,task        ] GC(89) Using 10 workers of 10 for evacuation
[2022-05-19T09:50:12.346+0000][163][gc,age         ] GC(89) Desired survivor size 6291456 bytes, new threshold 15 (max threshold 15)
[2022-05-19T09:50:12.349+0000][163][gc,age         ] GC(89) Age table with threshold 15 (max threshold 15)
[2022-05-19T09:50:12.350+0000][163][gc,age         ] GC(89) - age   1:    1248832 bytes,    1248832 total
[2022-05-19T09:50:12.350+0000][163][gc,age         ] GC(89) - age   2:    1249296 bytes,    2498128 total
[2022-05-19T09:50:12.350+0000][163][gc,age         ] GC(89) - age   3:    1278640 bytes,    3776768 total
[2022-05-19T09:50:12.350+0000][163][gc,age         ] GC(89) - age   4:     229488 bytes,    4006256 total
[2022-05-19T09:50:12.350+0000][163][gc,age         ] GC(89) - age   5:    1245824 bytes,    5252080 total
[2022-05-19T09:50:12.351+0000][163][gc,phases      ] GC(89)   Pre Evacuate Collection Set: 0.2ms
[2022-05-19T09:50:12.351+0000][163][gc,phases      ] GC(89)   Merge Heap Roots: 0.2ms
[2022-05-19T09:50:12.351+0000][163][gc,phases      ] GC(89)   Evacuate Collection Set: 1.6ms
[2022-05-19T09:50:12.351+0000][163][gc,phases      ] GC(89)   Post Evacuate Collection Set: 0.7ms
[2022-05-19T09:50:12.351+0000][163][gc,phases      ] GC(89)   Other: 2.0ms
[2022-05-19T09:50:12.351+0000][163][gc,heap        ] GC(89) Eden regions: 22->0(21)
[2022-05-19T09:50:12.351+0000][163][gc,heap        ] GC(89) Survivor regions: 1->2(3)
[2022-05-19T09:50:12.352+0000][163][gc,heap        ] GC(89) Old regions: 49->49
[2022-05-19T09:50:12.352+0000][163][gc,heap        ] GC(89) Archive regions: 2->2
[2022-05-19T09:50:12.352+0000][163][gc,heap        ] GC(89) Humongous regions: 32->32
[2022-05-19T09:50:12.352+0000][163][gc,metaspace   ] GC(89) Metaspace: 102979K(104320K)->102979K(104320K) NonClass: 88844K(89664K)->88844K(89664K) Class: 14135K(14656K)->14135K(14656K)
[2022-05-19T09:50:12.352+0000][163][gc             ] GC(89) Pause Young (Concurrent Start) (G1 Evacuation Pause) 411M->324M(512M) 6.264ms
[2022-05-19T09:50:12.352+0000][163][gc,cpu         ] GC(89) User=0.01s Sys=0.00s Real=0.01s
[2022-05-19T09:50:12.353+0000][163][gc             ] GC(90) Concurrent Mark Cycle
[2022-05-19T09:50:12.353+0000][163][gc,marking     ] GC(90) Concurrent Clear Claimed Marks
[2022-05-19T09:50:12.353+0000][163][safepoint      ] Safepoint "G1CollectForAllocation", Time since last: 692477200 ns, Reaching safepoint: 187300 ns, At safepoint: 6693100 ns, Total: 6880400 ns
[2022-05-19T09:50:12.353+0000][163][gc,marking     ] GC(90) Concurrent Clear Claimed Marks 0.253ms
[2022-05-19T09:50:12.353+0000][163][gc,marking     ] GC(90) Concurrent Scan Root Regions
[2022-05-19T09:50:12.355+0000][163][gc,marking     ] GC(90) Concurrent Scan Root Regions 1.404ms
[2022-05-19T09:50:12.355+0000][163][gc,marking     ] GC(90) Concurrent Mark
[2022-05-19T09:50:12.355+0000][163][gc,marking     ] GC(90) Concurrent Mark From Roots
[2022-05-19T09:50:12.355+0000][163][gc,task        ] GC(90) Using 3 workers of 3 for marking
[2022-05-19T09:50:12.422+0000][163][gc,marking     ] GC(90) Concurrent Mark From Roots 67.308ms
[2022-05-19T09:50:12.423+0000][163][gc,marking     ] GC(90) Concurrent Preclean
[2022-05-19T09:50:12.424+0000][163][gc,marking     ] GC(90) Concurrent Preclean 1.182ms
[2022-05-19T09:50:12.424+0000][163][gc,start       ] GC(90) Pause Remark
[2022-05-19T09:50:12.429+0000][163][gc             ] GC(90) Pause Remark 330M->330M(512M) 4.121ms
[2022-05-19T09:50:12.429+0000][163][gc,cpu         ] GC(90) User=0.03s Sys=0.00s Real=0.01s
[2022-05-19T09:50:12.429+0000][163][safepoint      ] Safepoint "G1Concurrent", Time since last: 71411300 ns, Reaching safepoint: 336300 ns, At safepoint: 4640900 ns, Total: 4977200 ns
[2022-05-19T09:50:12.429+0000][163][gc,marking     ] GC(90) Concurrent Mark 74.313ms
[2022-05-19T09:50:12.429+0000][163][gc,marking     ] GC(90) Concurrent Rebuild Remembered Sets
[2022-05-19T09:50:12.454+0000][163][gc,marking     ] GC(90) Concurrent Rebuild Remembered Sets 25.039ms
[2022-05-19T09:50:12.455+0000][163][gc,start       ] GC(90) Pause Cleanup
[2022-05-19T09:50:12.455+0000][163][gc             ] GC(90) Pause Cleanup 331M->331M(512M) 0.319ms
[2022-05-19T09:50:12.455+0000][163][gc,cpu         ] GC(90) User=0.00s Sys=0.00s Real=0.00s
[2022-05-19T09:50:12.456+0000][163][safepoint      ] Safepoint "G1Concurrent", Time since last: 25665500 ns, Reaching safepoint: 256900 ns, At safepoint: 646900 ns, Total: 903800 ns
[2022-05-19T09:50:12.456+0000][163][gc,marking     ] GC(90) Concurrent Cleanup for Next Mark
[2022-05-19T09:50:12.456+0000][163][gc,marking     ] GC(90) Concurrent Cleanup for Next Mark 0.284ms
[2022-05-19T09:50:12.456+0000][163][gc             ] GC(90) Concurrent Mark Cycle 103.545ms
[2022-05-19T09:50:13.056+0000][163][gc,start       ] GC(91) Pause Young (Normal) (G1 Evacuation Pause)
[2022-05-19T09:50:13.056+0000][163][gc,task        ] GC(91) Using 10 workers of 10 for evacuation
[2022-05-19T09:50:13.057+0000][163][gc,age         ] GC(91) Desired survivor size 6291456 bytes, new threshold 15 (max threshold 15)
[2022-05-19T09:50:13.060+0000][163][gc,age         ] GC(91) Age table with threshold 15 (max threshold 15)
[2022-05-19T09:50:13.060+0000][163][gc,age         ] GC(91) - age   1:    1185160 bytes,    1185160 total
[2022-05-19T09:50:13.060+0000][163][gc,age         ] GC(91) - age   2:    1248048 bytes,    2433208 total
[2022-05-19T09:50:13.060+0000][163][gc,age         ] GC(91) - age   3:    1245976 bytes,    3679184 total
[2022-05-19T09:50:13.061+0000][163][gc,age         ] GC(91) - age   4:    1278608 bytes,    4957792 total
[2022-05-19T09:50:13.061+0000][163][gc,age         ] GC(91) - age   5:     229488 bytes,    5187280 total
[2022-05-19T09:50:13.061+0000][163][gc,age         ] GC(91) - age   6:    1245824 bytes,    6433104 total
[2022-05-19T09:50:13.061+0000][163][gc,phases      ] GC(91)   Pre Evacuate Collection Set: 0.2ms
[2022-05-19T09:50:13.061+0000][163][gc,phases      ] GC(91)   Merge Heap Roots: 0.1ms
[2022-05-19T09:50:13.062+0000][163][gc,phases      ] GC(91)   Evacuate Collection Set: 1.5ms
[2022-05-19T09:50:13.062+0000][163][gc,phases      ] GC(91)   Post Evacuate Collection Set: 0.9ms
[2022-05-19T09:50:13.062+0000][163][gc,phases      ] GC(91)   Other: 2.5ms
[2022-05-19T09:50:13.062+0000][163][gc,heap        ] GC(91) Eden regions: 21->0(21)
[2022-05-19T09:50:13.062+0000][163][gc,heap        ] GC(91) Survivor regions: 2->2(3)
[2022-05-19T09:50:13.062+0000][163][gc,heap        ] GC(91) Old regions: 49->49
[2022-05-19T09:50:13.062+0000][163][gc,heap        ] GC(91) Archive regions: 2->2
[2022-05-19T09:50:13.062+0000][163][gc,heap        ] GC(91) Humongous regions: 32->32
[2022-05-19T09:50:13.063+0000][163][gc,metaspace   ] GC(91) Metaspace: 102979K(104320K)->102979K(104320K) NonClass: 88844K(89664K)->88844K(89664K) Class: 14135K(14656K)->14135K(14656K)
[2022-05-19T09:50:13.063+0000][163][gc             ] GC(91) Pause Young (Normal) (G1 Evacuation Pause) 408M->325M(512M) 6.795ms
[2022-05-19T09:50:13.063+0000][163][gc,cpu         ] GC(91) User=0.02s Sys=0.00s Real=0.01s
[2022-05-19T09:50:13.063+0000][163][safepoint      ] Safepoint "G1CollectForAllocation", Time since last: 600245800 ns, Reaching safepoint: 198000 ns, At safepoint: 7136200 ns, Total: 7334200 ns
[2022-05-19T09:50:13.784+0000][163][gc,start       ] GC(92) Pause Young (Concurrent Start) (G1 Evacuation Pause)
[2022-05-19T09:50:13.785+0000][163][gc,task        ] GC(92) Using 10 workers of 10 for evacuation
[2022-05-19T09:50:13.785+0000][163][gc,age         ] GC(92) Desired survivor size 6291456 bytes, new threshold 6 (max threshold 15)
[2022-05-19T09:50:13.788+0000][163][gc,age         ] GC(92) Age table with threshold 6 (max threshold 15)
[2022-05-19T09:50:13.788+0000][163][gc,age         ] GC(92) - age   1:    1216608 bytes,    1216608 total
[2022-05-19T09:50:13.788+0000][163][gc,age         ] GC(92) - age   2:    1183944 bytes,    2400552 total
[2022-05-19T09:50:13.789+0000][163][gc,age         ] GC(92) - age   3:    1246336 bytes,    3646888 total
[2022-05-19T09:50:13.789+0000][163][gc,age         ] GC(92) - age   4:    1245976 bytes,    4892864 total
[2022-05-19T09:50:13.789+0000][163][gc,age         ] GC(92) - age   5:    1278576 bytes,    6171440 total
[2022-05-19T09:50:13.789+0000][163][gc,age         ] GC(92) - age   6:     229488 bytes,    6400928 total
[2022-05-19T09:50:13.790+0000][163][gc,phases      ] GC(92)   Pre Evacuate Collection Set: 0.2ms
[2022-05-19T09:50:13.790+0000][163][gc,phases      ] GC(92)   Merge Heap Roots: 0.1ms
[2022-05-19T09:50:13.790+0000][163][gc,phases      ] GC(92)   Evacuate Collection Set: 1.6ms
[2022-05-19T09:50:13.790+0000][163][gc,phases      ] GC(92)   Post Evacuate Collection Set: 0.7ms
[2022-05-19T09:50:13.790+0000][163][gc,phases      ] GC(92)   Other: 2.6ms
[2022-05-19T09:50:13.791+0000][163][gc,heap        ] GC(92) Eden regions: 21->0(20)
[2022-05-19T09:50:13.791+0000][163][gc,heap        ] GC(92) Survivor regions: 2->2(3)
[2022-05-19T09:50:13.791+0000][163][gc,heap        ] GC(92) Old regions: 49->50
[2022-05-19T09:50:13.791+0000][163][gc,heap        ] GC(92) Archive regions: 2->2
[2022-05-19T09:50:13.791+0000][163][gc,heap        ] GC(92) Humongous regions: 32->32
[2022-05-19T09:50:13.792+0000][163][gc,metaspace   ] GC(92) Metaspace: 102979K(104320K)->102979K(104320K) NonClass: 88844K(89664K)->88844K(89664K) Class: 14135K(14656K)->14135K(14656K)
[2022-05-19T09:50:13.792+0000][163][gc             ] GC(92) Pause Young (Concurrent Start) (G1 Evacuation Pause) 409M->326M(512M) 7.345ms
[2022-05-19T09:50:13.792+0000][163][gc,cpu         ] GC(92) User=0.01s Sys=0.00s Real=0.01s
[2022-05-19T09:50:13.792+0000][163][gc             ] GC(93) Concurrent Mark Cycle
[2022-05-19T09:50:13.793+0000][163][gc,marking     ] GC(93) Concurrent Clear Claimed Marks
[2022-05-19T09:50:13.792+0000][163][safepoint      ] Safepoint "G1CollectForAllocation", Time since last: 721075300 ns, Reaching safepoint: 256800 ns, At safepoint: 8019100 ns, Total: 8275900 ns
[2022-05-19T09:50:13.793+0000][163][gc,marking     ] GC(93) Concurrent Clear Claimed Marks 0.314ms
[2022-05-19T09:50:13.793+0000][163][gc,marking     ] GC(93) Concurrent Scan Root Regions
[2022-05-19T09:50:13.795+0000][163][gc,marking     ] GC(93) Concurrent Scan Root Regions 1.470ms
[2022-05-19T09:50:13.795+0000][163][gc,marking     ] GC(93) Concurrent Mark
[2022-05-19T09:50:13.795+0000][163][gc,marking     ] GC(93) Concurrent Mark From Roots
[2022-05-19T09:50:13.796+0000][163][gc,task        ] GC(93) Using 3 workers of 3 for marking
[2022-05-19T09:50:13.859+0000][163][gc,marking     ] GC(93) Concurrent Mark From Roots 63.984ms
[2022-05-19T09:50:13.860+0000][163][gc,marking     ] GC(93) Concurrent Preclean
[2022-05-19T09:50:13.860+0000][163][gc,marking     ] GC(93) Concurrent Preclean 0.795ms
[2022-05-19T09:50:13.861+0000][163][gc,start       ] GC(93) Pause Remark
[2022-05-19T09:50:13.864+0000][163][gc             ] GC(93) Pause Remark 332M->332M(512M) 3.480ms
[2022-05-19T09:50:13.865+0000][163][gc,cpu         ] GC(93) User=0.02s Sys=0.00s Real=0.00s
[2022-05-19T09:50:13.865+0000][163][safepoint      ] Safepoint "G1Concurrent", Time since last: 68185100 ns, Reaching safepoint: 300500 ns, At safepoint: 4157300 ns, Total: 4457800 ns
[2022-05-19T09:50:13.865+0000][163][gc,marking     ] GC(93) Concurrent Mark 70.197ms
[2022-05-19T09:50:13.866+0000][163][gc,marking     ] GC(93) Concurrent Rebuild Remembered Sets
[2022-05-19T09:50:13.889+0000][163][gc,marking     ] GC(93) Concurrent Rebuild Remembered Sets 23.578ms
[2022-05-19T09:50:13.890+0000][163][gc,start       ] GC(93) Pause Cleanup
[2022-05-19T09:50:13.890+0000][163][gc             ] GC(93) Pause Cleanup 334M->334M(512M) 0.480ms
[2022-05-19T09:50:13.891+0000][163][gc,cpu         ] GC(93) User=0.00s Sys=0.00s Real=0.00s
[2022-05-19T09:50:13.891+0000][163][safepoint      ] Safepoint "G1Concurrent", Time since last: 24498300 ns, Reaching safepoint: 345400 ns, At safepoint: 902500 ns, Total: 1247900 ns
[2022-05-19T09:50:13.891+0000][163][gc,marking     ] GC(93) Concurrent Cleanup for Next Mark
[2022-05-19T09:50:13.891+0000][163][gc,marking     ] GC(93) Concurrent Cleanup for Next Mark 0.393ms
[2022-05-19T09:50:13.892+0000][163][gc             ] GC(93) Concurrent Mark Cycle 99.184ms
[2022-05-19T09:50:14.471+0000][163][gc,start       ] GC(94) Pause Young (Normal) (G1 Evacuation Pause)
[2022-05-19T09:50:14.471+0000][163][gc,task        ] GC(94) Using 10 workers of 10 for evacuation
[2022-05-19T09:50:14.471+0000][163][gc,age         ] GC(94) Desired survivor size 6291456 bytes, new threshold 6 (max threshold 15)
[2022-05-19T09:50:14.474+0000][163][gc,age         ] GC(94) Age table with threshold 6 (max threshold 15)
[2022-05-19T09:50:14.474+0000][163][gc,age         ] GC(94) - age   1:    1117576 bytes,    1117576 total
[2022-05-19T09:50:14.474+0000][163][gc,age         ] GC(94) - age   2:    1214056 bytes,    2331632 total
[2022-05-19T09:50:14.474+0000][163][gc,age         ] GC(94) - age   3:    1183896 bytes,    3515528 total
[2022-05-19T09:50:14.474+0000][163][gc,age         ] GC(94) - age   4:    1246272 bytes,    4761800 total
[2022-05-19T09:50:14.475+0000][163][gc,age         ] GC(94) - age   5:    1245976 bytes,    6007776 total
[2022-05-19T09:50:14.475+0000][163][gc,age         ] GC(94) - age   6:    1278576 bytes,    7286352 total
[2022-05-19T09:50:14.475+0000][163][gc,phases      ] GC(94)   Pre Evacuate Collection Set: 0.2ms
[2022-05-19T09:50:14.475+0000][163][gc,phases      ] GC(94)   Merge Heap Roots: 0.2ms
[2022-05-19T09:50:14.476+0000][163][gc,phases      ] GC(94)   Evacuate Collection Set: 1.4ms
[2022-05-19T09:50:14.476+0000][163][gc,phases      ] GC(94)   Post Evacuate Collection Set: 0.7ms
[2022-05-19T09:50:14.476+0000][163][gc,phases      ] GC(94)   Other: 2.2ms
[2022-05-19T09:50:14.476+0000][163][gc,heap        ] GC(94) Eden regions: 20->0(20)
[2022-05-19T09:50:14.476+0000][163][gc,heap        ] GC(94) Survivor regions: 2->2(3)
[2022-05-19T09:50:14.476+0000][163][gc,heap        ] GC(94) Old regions: 50->50
[2022-05-19T09:50:14.476+0000][163][gc,heap        ] GC(94) Archive regions: 2->2
[2022-05-19T09:50:14.477+0000][163][gc,heap        ] GC(94) Humongous regions: 32->32
[2022-05-19T09:50:14.477+0000][163][gc,metaspace   ] GC(94) Metaspace: 102979K(104320K)->102979K(104320K) NonClass: 88844K(89664K)->88844K(89664K) Class: 14135K(14656K)->14135K(14656K)
[2022-05-19T09:50:14.477+0000][163][gc             ] GC(94) Pause Young (Normal) (G1 Evacuation Pause) 406M->327M(512M) 6.373ms
[2022-05-19T09:50:14.477+0000][163][gc,cpu         ] GC(94) User=0.01s Sys=0.00s Real=0.00s
[2022-05-19T09:50:14.477+0000][163][safepoint      ] Safepoint "G1CollectForAllocation", Time since last: 579401800 ns, Reaching safepoint: 233600 ns, At safepoint: 6735900 ns, Total: 6969500 ns
[2022-05-19T09:50:15.100+0000][163][gc,start       ] GC(95) Pause Young (Concurrent Start) (G1 Evacuation Pause)
[2022-05-19T09:50:15.101+0000][163][gc,task        ] GC(95) Using 10 workers of 10 for evacuation
[2022-05-19T09:50:15.101+0000][163][gc,age         ] GC(95) Desired survivor size 6291456 bytes, new threshold 6 (max threshold 15)
[2022-05-19T09:50:15.104+0000][163][gc,age         ] GC(95) Age table with threshold 6 (max threshold 15)
[2022-05-19T09:50:15.104+0000][163][gc,age         ] GC(95) - age   1:    1156480 bytes,    1156480 total
[2022-05-19T09:50:15.105+0000][163][gc,age         ] GC(95) - age   2:    1116376 bytes,    2272856 total
[2022-05-19T09:50:15.105+0000][163][gc,age         ] GC(95) - age   3:    1213688 bytes,    3486544 total
[2022-05-19T09:50:15.105+0000][163][gc,age         ] GC(95) - age   4:    1180592 bytes,    4667136 total
[2022-05-19T09:50:15.105+0000][163][gc,age         ] GC(95) - age   5:    1246240 bytes,    5913376 total
[2022-05-19T09:50:15.106+0000][163][gc,age         ] GC(95) - age   6:    1245976 bytes,    7159352 total
[2022-05-19T09:50:15.106+0000][163][gc,phases      ] GC(95)   Pre Evacuate Collection Set: 0.2ms
[2022-05-19T09:50:15.106+0000][163][gc,phases      ] GC(95)   Merge Heap Roots: 0.2ms
[2022-05-19T09:50:15.106+0000][163][gc,phases      ] GC(95)   Evacuate Collection Set: 1.7ms
[2022-05-19T09:50:15.106+0000][163][gc,phases      ] GC(95)   Post Evacuate Collection Set: 0.6ms
[2022-05-19T09:50:15.106+0000][163][gc,phases      ] GC(95)   Other: 2.8ms
[2022-05-19T09:50:15.107+0000][163][gc,heap        ] GC(95) Eden regions: 20->0(20)
[2022-05-19T09:50:15.107+0000][163][gc,heap        ] GC(95) Survivor regions: 2->2(3)
[2022-05-19T09:50:15.107+0000][163][gc,heap        ] GC(95) Old regions: 50->50
[2022-05-19T09:50:15.107+0000][163][gc,heap        ] GC(95) Archive regions: 2->2
[2022-05-19T09:50:15.107+0000][163][gc,heap        ] GC(95) Humongous regions: 32->32
[2022-05-19T09:50:15.107+0000][163][gc,metaspace   ] GC(95) Metaspace: 102986K(104320K)->102986K(104320K) NonClass: 88851K(89664K)->88851K(89664K) Class: 14135K(14656K)->14135K(14656K)
[2022-05-19T09:50:15.107+0000][163][gc             ] GC(95) Pause Young (Concurrent Start) (G1 Evacuation Pause) 407M->329M(512M) 7.120ms
[2022-05-19T09:50:15.108+0000][163][gc,cpu         ] GC(95) User=0.01s Sys=0.00s Real=0.01s
[2022-05-19T09:50:15.108+0000][163][gc             ] GC(96) Concurrent Mark Cycle
[2022-05-19T09:50:15.108+0000][163][gc,marking     ] GC(96) Concurrent Clear Claimed Marks
[2022-05-19T09:50:15.108+0000][163][safepoint      ] Safepoint "G1CollectForAllocation", Time since last: 622857500 ns, Reaching safepoint: 192700 ns, At safepoint: 7513200 ns, Total: 7705900 ns
[2022-05-19T09:50:15.108+0000][163][gc,marking     ] GC(96) Concurrent Clear Claimed Marks 0.245ms
[2022-05-19T09:50:15.108+0000][163][gc,marking     ] GC(96) Concurrent Scan Root Regions
[2022-05-19T09:50:15.109+0000][163][gc,marking     ] GC(96) Concurrent Scan Root Regions 0.908ms
[2022-05-19T09:50:15.109+0000][163][gc,marking     ] GC(96) Concurrent Mark
[2022-05-19T09:50:15.110+0000][163][gc,marking     ] GC(96) Concurrent Mark From Roots
[2022-05-19T09:50:15.110+0000][163][gc,task        ] GC(96) Using 3 workers of 3 for marking
[2022-05-19T09:50:15.154+0000][163][gc,marking     ] GC(96) Concurrent Mark From Roots 44.684ms
[2022-05-19T09:50:15.155+0000][163][gc,marking     ] GC(96) Concurrent Preclean
[2022-05-19T09:50:15.155+0000][163][gc,marking     ] GC(96) Concurrent Preclean 0.603ms
[2022-05-19T09:50:15.156+0000][163][gc,start       ] GC(96) Pause Remark
[2022-05-19T09:50:15.159+0000][163][gc             ] GC(96) Pause Remark 334M->334M(512M) 3.082ms
[2022-05-19T09:50:15.159+0000][163][gc,cpu         ] GC(96) User=0.03s Sys=0.00s Real=0.01s
[2022-05-19T09:50:15.159+0000][163][safepoint      ] Safepoint "G1Concurrent", Time since last: 47650000 ns, Reaching safepoint: 353900 ns, At safepoint: 3535300 ns, Total: 3889200 ns
[2022-05-19T09:50:15.159+0000][163][gc,marking     ] GC(96) Concurrent Mark 50.037ms
[2022-05-19T09:50:15.160+0000][163][gc,marking     ] GC(96) Concurrent Rebuild Remembered Sets
[2022-05-19T09:50:15.180+0000][163][gc,marking     ] GC(96) Concurrent Rebuild Remembered Sets 19.889ms
[2022-05-19T09:50:15.180+0000][163][gc,start       ] GC(96) Pause Cleanup
[2022-05-19T09:50:15.181+0000][163][gc             ] GC(96) Pause Cleanup 336M->336M(512M) 0.420ms
[2022-05-19T09:50:15.181+0000][163][gc,cpu         ] GC(96) User=0.01s Sys=0.00s Real=0.00s
[2022-05-19T09:50:15.181+0000][163][safepoint      ] Safepoint "G1Concurrent", Time since last: 20505500 ns, Reaching safepoint: 289500 ns, At safepoint: 900200 ns, Total: 1189700 ns
[2022-05-19T09:50:15.181+0000][163][gc,marking     ] GC(96) Concurrent Cleanup for Next Mark
[2022-05-19T09:50:15.182+0000][163][gc,marking     ] GC(96) Concurrent Cleanup for Next Mark 0.346ms
[2022-05-19T09:50:15.182+0000][163][gc             ] GC(96) Concurrent Mark Cycle 73.892ms
[2022-05-19T09:50:15.746+0000][163][gc,start       ] GC(97) Pause Young (Normal) (G1 Evacuation Pause)
[2022-05-19T09:50:15.746+0000][163][gc,task        ] GC(97) Using 10 workers of 10 for evacuation
[2022-05-19T09:50:15.746+0000][163][gc,age         ] GC(97) Desired survivor size 6291456 bytes, new threshold 6 (max threshold 15)
[2022-05-19T09:50:15.749+0000][163][gc,age         ] GC(97) Age table with threshold 6 (max threshold 15)
[2022-05-19T09:50:15.750+0000][163][gc,age         ] GC(97) - age   1:    1151352 bytes,    1151352 total
[2022-05-19T09:50:15.750+0000][163][gc,age         ] GC(97) - age   2:    1155464 bytes,    2306816 total
[2022-05-19T09:50:15.750+0000][163][gc,age         ] GC(97) - age   3:    1115072 bytes,    3421888 total
[2022-05-19T09:50:15.750+0000][163][gc,age         ] GC(97) - age   4:    1213560 bytes,    4635448 total
[2022-05-19T09:50:15.750+0000][163][gc,age         ] GC(97) - age   5:    1180592 bytes,    5816040 total
[2022-05-19T09:50:15.750+0000][163][gc,age         ] GC(97) - age   6:    1246240 bytes,    7062280 total
[2022-05-19T09:50:15.751+0000][163][gc,phases      ] GC(97)   Pre Evacuate Collection Set: 0.3ms
[2022-05-19T09:50:15.751+0000][163][gc,phases      ] GC(97)   Merge Heap Roots: 0.2ms
[2022-05-19T09:50:15.751+0000][163][gc,phases      ] GC(97)   Evacuate Collection Set: 1.4ms
[2022-05-19T09:50:15.751+0000][163][gc,phases      ] GC(97)   Post Evacuate Collection Set: 0.8ms
[2022-05-19T09:50:15.751+0000][163][gc,phases      ] GC(97)   Other: 2.1ms
[2022-05-19T09:50:15.751+0000][163][gc,heap        ] GC(97) Eden regions: 20->0(20)
[2022-05-19T09:50:15.752+0000][163][gc,heap        ] GC(97) Survivor regions: 2->2(3)
[2022-05-19T09:50:15.752+0000][163][gc,heap        ] GC(97) Old regions: 50->50
[2022-05-19T09:50:15.752+0000][163][gc,heap        ] GC(97) Archive regions: 2->2
[2022-05-19T09:50:15.752+0000][163][gc,heap        ] GC(97) Humongous regions: 32->32
[2022-05-19T09:50:15.752+0000][163][gc,metaspace   ] GC(97) Metaspace: 102986K(104320K)->102986K(104320K) NonClass: 88851K(89664K)->88851K(89664K) Class: 14135K(14656K)->14135K(14656K)
[2022-05-19T09:50:15.752+0000][163][gc             ] GC(97) Pause Young (Normal) (G1 Evacuation Pause) 409M->330M(512M) 6.482ms
[2022-05-19T09:50:15.752+0000][163][gc,cpu         ] GC(97) User=0.01s Sys=0.00s Real=0.01s
[2022-05-19T09:50:15.753+0000][163][safepoint      ] Safepoint "G1CollectForAllocation", Time since last: 564504200 ns, Reaching safepoint: 257800 ns, At safepoint: 6850600 ns, Total: 7108400 ns
[2022-05-19T09:50:16.371+0000][163][gc,start       ] GC(98) Pause Young (Concurrent Start) (G1 Evacuation Pause)
[2022-05-19T09:50:16.372+0000][163][gc,task        ] GC(98) Using 10 workers of 10 for evacuation
[2022-05-19T09:50:16.372+0000][163][gc,age         ] GC(98) Desired survivor size 6291456 bytes, new threshold 6 (max threshold 15)
[2022-05-19T09:50:16.375+0000][163][gc,age         ] GC(98) Age table with threshold 6 (max threshold 15)
[2022-05-19T09:50:16.375+0000][163][gc,age         ] GC(98) - age   1:    1150144 bytes,    1150144 total
[2022-05-19T09:50:16.375+0000][163][gc,age         ] GC(98) - age   2:    1149600 bytes,    2299744 total
[2022-05-19T09:50:16.375+0000][163][gc,age         ] GC(98) - age   3:    1154584 bytes,    3454328 total
[2022-05-19T09:50:16.376+0000][163][gc,age         ] GC(98) - age   4:    1115072 bytes,    4569400 total
[2022-05-19T09:50:16.376+0000][163][gc,age         ] GC(98) - age   5:    1213560 bytes,    5782960 total
[2022-05-19T09:50:16.376+0000][163][gc,age         ] GC(98) - age   6:    1180592 bytes,    6963552 total
[2022-05-19T09:50:16.376+0000][163][gc,phases      ] GC(98)   Pre Evacuate Collection Set: 0.3ms
[2022-05-19T09:50:16.376+0000][163][gc,phases      ] GC(98)   Merge Heap Roots: 0.2ms
[2022-05-19T09:50:16.377+0000][163][gc,phases      ] GC(98)   Evacuate Collection Set: 1.6ms
[2022-05-19T09:50:16.377+0000][163][gc,phases      ] GC(98)   Post Evacuate Collection Set: 0.7ms
[2022-05-19T09:50:16.377+0000][163][gc,phases      ] GC(98)   Other: 2.0ms
[2022-05-19T09:50:16.377+0000][163][gc,heap        ] GC(98) Eden regions: 20->0(19)
[2022-05-19T09:50:16.377+0000][163][gc,heap        ] GC(98) Survivor regions: 2->2(3)
[2022-05-19T09:50:16.377+0000][163][gc,heap        ] GC(98) Old regions: 50->51
[2022-05-19T09:50:16.377+0000][163][gc,heap        ] GC(98) Archive regions: 2->2
[2022-05-19T09:50:16.377+0000][163][gc,heap        ] GC(98) Humongous regions: 32->32
[2022-05-19T09:50:16.378+0000][163][gc,metaspace   ] GC(98) Metaspace: 102986K(104320K)->102986K(104320K) NonClass: 88851K(89664K)->88851K(89664K) Class: 14135K(14656K)->14135K(14656K)
[2022-05-19T09:50:16.378+0000][163][gc             ] GC(98) Pause Young (Concurrent Start) (G1 Evacuation Pause) 410M->331M(512M) 6.276ms
[2022-05-19T09:50:16.378+0000][163][gc,cpu         ] GC(98) User=0.02s Sys=0.00s Real=0.01s
[2022-05-19T09:50:16.378+0000][163][safepoint      ] Safepoint "G1CollectForAllocation", Time since last: 618490200 ns, Reaching safepoint: 265800 ns, At safepoint: 6589500 ns, Total: 6855300 ns
[2022-05-19T09:50:16.378+0000][163][gc             ] GC(99) Concurrent Mark Cycle
[2022-05-19T09:50:16.378+0000][163][gc,marking     ] GC(99) Concurrent Clear Claimed Marks
[2022-05-19T09:50:16.378+0000][163][gc,marking     ] GC(99) Concurrent Clear Claimed Marks 0.137ms
[2022-05-19T09:50:16.378+0000][163][gc,marking     ] GC(99) Concurrent Scan Root Regions
[2022-05-19T09:50:16.379+0000][163][gc,marking     ] GC(99) Concurrent Scan Root Regions 0.781ms
[2022-05-19T09:50:16.379+0000][163][gc,marking     ] GC(99) Concurrent Mark
[2022-05-19T09:50:16.379+0000][163][gc,marking     ] GC(99) Concurrent Mark From Roots
[2022-05-19T09:50:16.380+0000][163][gc,task        ] GC(99) Using 3 workers of 3 for marking
[2022-05-19T09:50:16.424+0000][163][gc,marking     ] GC(99) Concurrent Mark From Roots 44.306ms
[2022-05-19T09:50:16.424+0000][163][gc,marking     ] GC(99) Concurrent Preclean
[2022-05-19T09:50:16.425+0000][163][gc,marking     ] GC(99) Concurrent Preclean 0.594ms
[2022-05-19T09:50:16.425+0000][163][gc,start       ] GC(99) Pause Remark
[2022-05-19T09:50:16.429+0000][163][gc             ] GC(99) Pause Remark 336M->336M(512M) 3.294ms
[2022-05-19T09:50:16.429+0000][163][gc,cpu         ] GC(99) User=0.02s Sys=0.00s Real=0.01s
[2022-05-19T09:50:16.429+0000][163][safepoint      ] Safepoint "G1Concurrent", Time since last: 46871500 ns, Reaching safepoint: 401000 ns, At safepoint: 3907100 ns, Total: 4308100 ns
[2022-05-19T09:50:16.429+0000][163][gc,marking     ] GC(99) Concurrent Mark 50.037ms
[2022-05-19T09:50:16.430+0000][163][gc,marking     ] GC(99) Concurrent Rebuild Remembered Sets
[2022-05-19T09:50:16.451+0000][163][gc,marking     ] GC(99) Concurrent Rebuild Remembered Sets 21.280ms
[2022-05-19T09:50:16.452+0000][163][gc,start       ] GC(99) Pause Cleanup
[2022-05-19T09:50:16.452+0000][163][gc             ] GC(99) Pause Cleanup 339M->339M(512M) 0.400ms
[2022-05-19T09:50:16.452+0000][163][gc,cpu         ] GC(99) User=0.00s Sys=0.00s Real=0.00s
[2022-05-19T09:50:16.452+0000][163][safepoint      ] Safepoint "G1Concurrent", Time since last: 22032500 ns, Reaching safepoint: 313300 ns, At safepoint: 907900 ns, Total: 1221200 ns
[2022-05-19T09:50:16.453+0000][163][gc,marking     ] GC(99) Concurrent Cleanup for Next Mark
[2022-05-19T09:50:16.453+0000][163][gc,marking     ] GC(99) Concurrent Cleanup for Next Mark 0.335ms
[2022-05-19T09:50:16.453+0000][163][gc             ] GC(99) Concurrent Mark Cycle 75.156ms
[2022-05-19T09:50:17.023+0000][163][gc,start       ] GC(100) Pause Young (Normal) (G1 Evacuation Pause)
[2022-05-19T09:50:17.024+0000][163][gc,task        ] GC(100) Using 10 workers of 10 for evacuation
[2022-05-19T09:50:17.024+0000][163][gc,age         ] GC(100) Desired survivor size 6291456 bytes, new threshold 6 (max threshold 15)
[2022-05-19T09:50:17.027+0000][163][gc,age         ] GC(100) Age table with threshold 6 (max threshold 15)
[2022-05-19T09:50:17.027+0000][163][gc,age         ] GC(100) - age   1:    1087552 bytes,    1087552 total
[2022-05-19T09:50:17.028+0000][163][gc,age         ] GC(100) - age   2:    1149824 bytes,    2237376 total
[2022-05-19T09:50:17.028+0000][163][gc,age         ] GC(100) - age   3:    1149008 bytes,    3386384 total
[2022-05-19T09:50:17.028+0000][163][gc,age         ] GC(100) - age   4:    1150904 bytes,    4537288 total
[2022-05-19T09:50:17.028+0000][163][gc,age         ] GC(100) - age   5:    1115072 bytes,    5652360 total
[2022-05-19T09:50:17.028+0000][163][gc,age         ] GC(100) - age   6:    1213560 bytes,    6865920 total
[2022-05-19T09:50:17.029+0000][163][gc,phases      ] GC(100)   Pre Evacuate Collection Set: 0.2ms
[2022-05-19T09:50:17.029+0000][163][gc,phases      ] GC(100)   Merge Heap Roots: 0.2ms
[2022-05-19T09:50:17.029+0000][163][gc,phases      ] GC(100)   Evacuate Collection Set: 1.7ms
[2022-05-19T09:50:17.029+0000][163][gc,phases      ] GC(100)   Post Evacuate Collection Set: 1.0ms
[2022-05-19T09:50:17.029+0000][163][gc,phases      ] GC(100)   Other: 2.3ms
[2022-05-19T09:50:17.029+0000][163][gc,heap        ] GC(100) Eden regions: 19->0(19)
[2022-05-19T09:50:17.030+0000][163][gc,heap        ] GC(100) Survivor regions: 2->2(3)
[2022-05-19T09:50:17.030+0000][163][gc,heap        ] GC(100) Old regions: 51->51
[2022-05-19T09:50:17.030+0000][163][gc,heap        ] GC(100) Archive regions: 2->2
[2022-05-19T09:50:17.030+0000][163][gc,heap        ] GC(100) Humongous regions: 32->32
[2022-05-19T09:50:17.030+0000][163][gc,metaspace   ] GC(100) Metaspace: 102986K(104320K)->102986K(104320K) NonClass: 88851K(89664K)->88851K(89664K) Class: 14135K(14656K)->14135K(14656K)
[2022-05-19T09:50:17.030+0000][163][gc             ] GC(100) Pause Young (Normal) (G1 Evacuation Pause) 407M->332M(512M) 7.092ms
[2022-05-19T09:50:17.031+0000][163][gc,cpu         ] GC(100) User=0.02s Sys=0.00s Real=0.01s
[2022-05-19T09:50:17.031+0000][163][safepoint      ] Safepoint "G1CollectForAllocation", Time since last: 570622200 ns, Reaching safepoint: 260800 ns, At safepoint: 7506700 ns, Total: 7767500 ns
[2022-05-19T09:50:17.641+0000][163][gc,start       ] GC(101) Pause Young (Concurrent Start) (G1 Evacuation Pause)
[2022-05-19T09:50:17.641+0000][163][gc,task        ] GC(101) Using 10 workers of 10 for evacuation
[2022-05-19T09:50:17.641+0000][163][gc,age         ] GC(101) Desired survivor size 6291456 bytes, new threshold 6 (max threshold 15)
[2022-05-19T09:50:17.644+0000][163][gc,age         ] GC(101) Age table with threshold 6 (max threshold 15)
[2022-05-19T09:50:17.644+0000][163][gc,age         ] GC(101) - age   1:    1053248 bytes,    1053248 total
[2022-05-19T09:50:17.645+0000][163][gc,age         ] GC(101) - age   2:    1086872 bytes,    2140120 total
[2022-05-19T09:50:17.645+0000][163][gc,age         ] GC(101) - age   3:    1147856 bytes,    3287976 total
[2022-05-19T09:50:17.645+0000][163][gc,age         ] GC(101) - age   4:    1148816 bytes,    4436792 total
[2022-05-19T09:50:17.645+0000][163][gc,age         ] GC(101) - age   5:    1150904 bytes,    5587696 total
[2022-05-19T09:50:17.645+0000][163][gc,age         ] GC(101) - age   6:    1115072 bytes,    6702768 total
[2022-05-19T09:50:17.646+0000][163][gc,phases      ] GC(101)   Pre Evacuate Collection Set: 0.3ms
[2022-05-19T09:50:17.646+0000][163][gc,phases      ] GC(101)   Merge Heap Roots: 0.2ms
[2022-05-19T09:50:17.646+0000][163][gc,phases      ] GC(101)   Evacuate Collection Set: 1.5ms
[2022-05-19T09:50:17.646+0000][163][gc,phases      ] GC(101)   Post Evacuate Collection Set: 0.7ms
[2022-05-19T09:50:17.646+0000][163][gc,phases      ] GC(101)   Other: 2.5ms
[2022-05-19T09:50:17.646+0000][163][gc,heap        ] GC(101) Eden regions: 19->0(19)
[2022-05-19T09:50:17.646+0000][163][gc,heap        ] GC(101) Survivor regions: 2->2(3)
[2022-05-19T09:50:17.646+0000][163][gc,heap        ] GC(101) Old regions: 51->51
[2022-05-19T09:50:17.647+0000][163][gc,heap        ] GC(101) Archive regions: 2->2
[2022-05-19T09:50:17.647+0000][163][gc,heap        ] GC(101) Humongous regions: 32->32
[2022-05-19T09:50:17.647+0000][163][gc,metaspace   ] GC(101) Metaspace: 102986K(104320K)->102986K(104320K) NonClass: 88851K(89664K)->88851K(89664K) Class: 14135K(14656K)->14135K(14656K)
[2022-05-19T09:50:17.647+0000][163][gc             ] GC(101) Pause Young (Concurrent Start) (G1 Evacuation Pause) 408M->333M(512M) 6.415ms
[2022-05-19T09:50:17.647+0000][163][gc,cpu         ] GC(101) User=0.01s Sys=0.00s Real=0.00s
[2022-05-19T09:50:17.647+0000][163][gc             ] GC(102) Concurrent Mark Cycle
[2022-05-19T09:50:17.647+0000][163][gc,marking     ] GC(102) Concurrent Clear Claimed Marks
[2022-05-19T09:50:17.647+0000][163][safepoint      ] Safepoint "G1CollectForAllocation", Time since last: 609403200 ns, Reaching safepoint: 300800 ns, At safepoint: 6732200 ns, Total: 7033000 ns
[2022-05-19T09:50:17.648+0000][163][gc,marking     ] GC(102) Concurrent Clear Claimed Marks 0.205ms
[2022-05-19T09:50:17.648+0000][163][gc,marking     ] GC(102) Concurrent Scan Root Regions
[2022-05-19T09:50:17.649+0000][163][gc,marking     ] GC(102) Concurrent Scan Root Regions 0.839ms
[2022-05-19T09:50:17.649+0000][163][gc,marking     ] GC(102) Concurrent Mark
[2022-05-19T09:50:17.649+0000][163][gc,marking     ] GC(102) Concurrent Mark From Roots
[2022-05-19T09:50:17.649+0000][163][gc,task        ] GC(102) Using 3 workers of 3 for marking
[2022-05-19T09:50:17.704+0000][163][gc,marking     ] GC(102) Concurrent Mark From Roots 55.284ms
[2022-05-19T09:50:17.705+0000][163][gc,marking     ] GC(102) Concurrent Preclean
[2022-05-19T09:50:17.706+0000][163][gc,marking     ] GC(102) Concurrent Preclean 1.147ms
[2022-05-19T09:50:17.707+0000][163][gc,start       ] GC(102) Pause Remark
[2022-05-19T09:50:17.711+0000][163][gc             ] GC(102) Pause Remark 338M->338M(512M) 4.318ms
[2022-05-19T09:50:17.712+0000][163][gc,cpu         ] GC(102) User=0.03s Sys=0.00s Real=0.01s
[2022-05-19T09:50:17.712+0000][163][safepoint      ] Safepoint "G1Concurrent", Time since last: 58886800 ns, Reaching safepoint: 378700 ns, At safepoint: 5798900 ns, Total: 6177600 ns
[2022-05-19T09:50:17.713+0000][163][gc,marking     ] GC(102) Concurrent Mark 63.753ms
[2022-05-19T09:50:17.713+0000][163][gc,marking     ] GC(102) Concurrent Rebuild Remembered Sets
[2022-05-19T09:50:17.738+0000][163][gc,marking     ] GC(102) Concurrent Rebuild Remembered Sets 24.816ms
[2022-05-19T09:50:17.738+0000][163][gc,start       ] GC(102) Pause Cleanup
[2022-05-19T09:50:17.739+0000][163][gc             ] GC(102) Pause Cleanup 340M->340M(512M) 0.458ms
[2022-05-19T09:50:17.739+0000][163][gc,cpu         ] GC(102) User=0.00s Sys=0.00s Real=0.00s
[2022-05-19T09:50:17.739+0000][163][safepoint      ] Safepoint "G1Concurrent", Time since last: 25665900 ns, Reaching safepoint: 323500 ns, At safepoint: 1080900 ns, Total: 1404400 ns
[2022-05-19T09:50:17.740+0000][163][gc,marking     ] GC(102) Concurrent Cleanup for Next Mark
[2022-05-19T09:50:17.740+0000][163][gc,marking     ] GC(102) Concurrent Cleanup for Next Mark 0.417ms
[2022-05-19T09:50:17.740+0000][163][gc             ] GC(102) Concurrent Mark Cycle 92.884ms
[2022-05-19T09:50:18.372+0000][163][gc,start       ] GC(103) Pause Young (Normal) (G1 Evacuation Pause)
[2022-05-19T09:50:18.372+0000][163][gc,task        ] GC(103) Using 10 workers of 10 for evacuation
[2022-05-19T09:50:18.372+0000][163][gc,age         ] GC(103) Desired survivor size 6291456 bytes, new threshold 6 (max threshold 15)
[2022-05-19T09:50:18.375+0000][163][gc,age         ] GC(103) Age table with threshold 6 (max threshold 15)
[2022-05-19T09:50:18.375+0000][163][gc,age         ] GC(103) - age   1:    1089624 bytes,    1089624 total
[2022-05-19T09:50:18.375+0000][163][gc,age         ] GC(103) - age   2:    1050680 bytes,    2140304 total
[2022-05-19T09:50:18.375+0000][163][gc,age         ] GC(103) - age   3:    1086480 bytes,    3226784 total
[2022-05-19T09:50:18.375+0000][163][gc,age         ] GC(103) - age   4:    1147824 bytes,    4374608 total
[2022-05-19T09:50:18.376+0000][163][gc,age         ] GC(103) - age   5:    1148784 bytes,    5523392 total
[2022-05-19T09:50:18.376+0000][163][gc,age         ] GC(103) - age   6:    1150816 bytes,    6674208 total
[2022-05-19T09:50:18.376+0000][163][gc,phases      ] GC(103)   Pre Evacuate Collection Set: 0.2ms
[2022-05-19T09:50:18.376+0000][163][gc,phases      ] GC(103)   Merge Heap Roots: 0.1ms
[2022-05-19T09:50:18.377+0000][163][gc,phases      ] GC(103)   Evacuate Collection Set: 1.3ms
[2022-05-19T09:50:18.377+0000][163][gc,phases      ] GC(103)   Post Evacuate Collection Set: 0.6ms
[2022-05-19T09:50:18.377+0000][163][gc,phases      ] GC(103)   Other: 2.2ms
[2022-05-19T09:50:18.378+0000][163][gc,heap        ] GC(103) Eden regions: 19->0(19)
[2022-05-19T09:50:18.378+0000][163][gc,heap        ] GC(103) Survivor regions: 2->2(3)
[2022-05-19T09:50:18.378+0000][163][gc,heap        ] GC(103) Old regions: 51->51
[2022-05-19T09:50:18.378+0000][163][gc,heap        ] GC(103) Archive regions: 2->2
[2022-05-19T09:50:18.379+0000][163][gc,heap        ] GC(103) Humongous regions: 32->32
[2022-05-19T09:50:18.379+0000][163][gc,metaspace   ] GC(103) Metaspace: 102987K(104320K)->102987K(104320K) NonClass: 88852K(89664K)->88852K(89664K) Class: 14135K(14656K)->14135K(14656K)
[2022-05-19T09:50:18.379+0000][163][gc             ] GC(103) Pause Young (Normal) (G1 Evacuation Pause) 409M->334M(512M) 7.513ms
[2022-05-19T09:50:18.380+0000][163][gc,cpu         ] GC(103) User=0.01s Sys=0.00s Real=0.01s
[2022-05-19T09:50:18.380+0000][163][safepoint      ] Safepoint "G1CollectForAllocation", Time since last: 632156500 ns, Reaching safepoint: 187900 ns, At safepoint: 8028800 ns, Total: 8216700 ns
[2022-05-19T09:50:18.991+0000][163][gc,start       ] GC(104) Pause Young (Concurrent Start) (G1 Evacuation Pause)
[2022-05-19T09:50:18.991+0000][163][gc,task        ] GC(104) Using 10 workers of 10 for evacuation
[2022-05-19T09:50:18.991+0000][163][gc,age         ] GC(104) Desired survivor size 6291456 bytes, new threshold 6 (max threshold 15)
[2022-05-19T09:50:18.994+0000][163][gc,age         ] GC(104) Age table with threshold 6 (max threshold 15)
[2022-05-19T09:50:18.994+0000][163][gc,age         ] GC(104) - age   1:    1087496 bytes,    1087496 total
[2022-05-19T09:50:18.994+0000][163][gc,age         ] GC(104) - age   2:    1088752 bytes,    2176248 total
[2022-05-19T09:50:18.995+0000][163][gc,age         ] GC(104) - age   3:    1050488 bytes,    3226736 total
[2022-05-19T09:50:18.995+0000][163][gc,age         ] GC(104) - age   4:    1082312 bytes,    4309048 total
[2022-05-19T09:50:18.995+0000][163][gc,age         ] GC(104) - age   5:    1147824 bytes,    5456872 total
[2022-05-19T09:50:18.995+0000][163][gc,age         ] GC(104) - age   6:    1148784 bytes,    6605656 total
[2022-05-19T09:50:18.996+0000][163][gc,phases      ] GC(104)   Pre Evacuate Collection Set: 0.2ms
[2022-05-19T09:50:18.996+0000][163][gc,phases      ] GC(104)   Merge Heap Roots: 0.1ms
[2022-05-19T09:50:18.996+0000][163][gc,phases      ] GC(104)   Evacuate Collection Set: 1.4ms
[2022-05-19T09:50:18.996+0000][163][gc,phases      ] GC(104)   Post Evacuate Collection Set: 0.6ms
[2022-05-19T09:50:18.996+0000][163][gc,phases      ] GC(104)   Other: 2.7ms
[2022-05-19T09:50:18.996+0000][163][gc,heap        ] GC(104) Eden regions: 19->0(18)
[2022-05-19T09:50:18.997+0000][163][gc,heap        ] GC(104) Survivor regions: 2->2(3)
[2022-05-19T09:50:18.997+0000][163][gc,heap        ] GC(104) Old regions: 51->52
[2022-05-19T09:50:18.997+0000][163][gc,heap        ] GC(104) Archive regions: 2->2
[2022-05-19T09:50:18.997+0000][163][gc,heap        ] GC(104) Humongous regions: 32->32
[2022-05-19T09:50:18.997+0000][163][gc,metaspace   ] GC(104) Metaspace: 102987K(104320K)->102987K(104320K) NonClass: 88852K(89664K)->88852K(89664K) Class: 14135K(14656K)->14135K(14656K)
[2022-05-19T09:50:18.997+0000][163][gc             ] GC(104) Pause Young (Concurrent Start) (G1 Evacuation Pause) 410M->335M(512M) 6.805ms
[2022-05-19T09:50:18.998+0000][163][gc,cpu         ] GC(104) User=0.01s Sys=0.00s Real=0.01s
[2022-05-19T09:50:18.998+0000][163][gc             ] GC(105) Concurrent Mark Cycle
[2022-05-19T09:50:18.998+0000][163][gc,marking     ] GC(105) Concurrent Clear Claimed Marks
[2022-05-19T09:50:18.998+0000][163][safepoint      ] Safepoint "G1CollectForAllocation", Time since last: 610591600 ns, Reaching safepoint: 179100 ns, At safepoint: 7155800 ns, Total: 7334900 ns
[2022-05-19T09:50:18.998+0000][163][gc,marking     ] GC(105) Concurrent Clear Claimed Marks 0.169ms
[2022-05-19T09:50:18.998+0000][163][gc,marking     ] GC(105) Concurrent Scan Root Regions
[2022-05-19T09:50:18.999+0000][163][gc,marking     ] GC(105) Concurrent Scan Root Regions 0.881ms
[2022-05-19T09:50:18.999+0000][163][gc,marking     ] GC(105) Concurrent Mark
[2022-05-19T09:50:18.999+0000][163][gc,marking     ] GC(105) Concurrent Mark From Roots
[2022-05-19T09:50:18.999+0000][163][gc,task        ] GC(105) Using 3 workers of 3 for marking
[2022-05-19T09:50:19.046+0000][163][gc,marking     ] GC(105) Concurrent Mark From Roots 46.940ms
[2022-05-19T09:50:19.046+0000][163][gc,marking     ] GC(105) Concurrent Preclean
[2022-05-19T09:50:19.047+0000][163][gc,marking     ] GC(105) Concurrent Preclean 0.658ms
[2022-05-19T09:50:19.048+0000][163][gc,start       ] GC(105) Pause Remark
[2022-05-19T09:50:19.051+0000][163][gc             ] GC(105) Pause Remark 340M->340M(512M) 3.188ms
[2022-05-19T09:50:19.051+0000][163][gc,cpu         ] GC(105) User=0.02s Sys=0.00s Real=0.00s
[2022-05-19T09:50:19.051+0000][163][safepoint      ] Safepoint "G1Concurrent", Time since last: 49690700 ns, Reaching safepoint: 273200 ns, At safepoint: 3688300 ns, Total: 3961500 ns
[2022-05-19T09:50:19.052+0000][163][gc,marking     ] GC(105) Concurrent Mark 52.383ms
[2022-05-19T09:50:19.052+0000][163][gc,marking     ] GC(105) Concurrent Rebuild Remembered Sets
[2022-05-19T09:50:19.070+0000][163][gc,marking     ] GC(105) Concurrent Rebuild Remembered Sets 18.620ms
[2022-05-19T09:50:19.071+0000][163][gc,start       ] GC(105) Pause Cleanup
[2022-05-19T09:50:19.072+0000][163][gc             ] GC(105) Pause Cleanup 343M->343M(512M) 0.490ms
[2022-05-19T09:50:19.072+0000][163][gc,cpu         ] GC(105) User=0.00s Sys=0.00s Real=0.00s
[2022-05-19T09:50:19.072+0000][163][safepoint      ] Safepoint "G1Concurrent", Time since last: 19485500 ns, Reaching safepoint: 380600 ns, At safepoint: 1050100 ns, Total: 1430700 ns
[2022-05-19T09:50:19.073+0000][163][gc,marking     ] GC(105) Concurrent Cleanup for Next Mark
[2022-05-19T09:50:19.073+0000][163][gc,marking     ] GC(105) Concurrent Cleanup for Next Mark 0.390ms
[2022-05-19T09:50:19.073+0000][163][gc             ] GC(105) Concurrent Mark Cycle 75.430ms
[2022-05-19T09:50:19.581+0000][163][gc,start       ] GC(106) Pause Young (Normal) (G1 Evacuation Pause)
[2022-05-19T09:50:19.581+0000][163][gc,task        ] GC(106) Using 10 workers of 10 for evacuation
[2022-05-19T09:50:19.582+0000][163][gc,age         ] GC(106) Desired survivor size 6291456 bytes, new threshold 6 (max threshold 15)
[2022-05-19T09:50:19.585+0000][163][gc,age         ] GC(106) Age table with threshold 6 (max threshold 15)
[2022-05-19T09:50:19.585+0000][163][gc,age         ] GC(106) - age   1:    1051536 bytes,    1051536 total
[2022-05-19T09:50:19.585+0000][163][gc,age         ] GC(106) - age   2:    1086920 bytes,    2138456 total
[2022-05-19T09:50:19.585+0000][163][gc,age         ] GC(106) - age   3:    1086848 bytes,    3225304 total
[2022-05-19T09:50:19.585+0000][163][gc,age         ] GC(106) - age   4:    1050464 bytes,    4275768 total
[2022-05-19T09:50:19.586+0000][163][gc,age         ] GC(106) - age   5:    1082312 bytes,    5358080 total
[2022-05-19T09:50:19.586+0000][163][gc,age         ] GC(106) - age   6:    1147824 bytes,    6505904 total
[2022-05-19T09:50:19.586+0000][163][gc,phases      ] GC(106)   Pre Evacuate Collection Set: 0.2ms
[2022-05-19T09:50:19.586+0000][163][gc,phases      ] GC(106)   Merge Heap Roots: 0.2ms
[2022-05-19T09:50:19.586+0000][163][gc,phases      ] GC(106)   Evacuate Collection Set: 1.4ms
[2022-05-19T09:50:19.586+0000][163][gc,phases      ] GC(106)   Post Evacuate Collection Set: 0.8ms
[2022-05-19T09:50:19.587+0000][163][gc,phases      ] GC(106)   Other: 2.4ms
[2022-05-19T09:50:19.587+0000][163][gc,heap        ] GC(106) Eden regions: 18->0(18)
[2022-05-19T09:50:19.587+0000][163][gc,heap        ] GC(106) Survivor regions: 2->2(3)
[2022-05-19T09:50:19.587+0000][163][gc,heap        ] GC(106) Old regions: 52->52
[2022-05-19T09:50:19.587+0000][163][gc,heap        ] GC(106) Archive regions: 2->2
[2022-05-19T09:50:19.587+0000][163][gc,heap        ] GC(106) Humongous regions: 32->32
[2022-05-19T09:50:19.587+0000][163][gc,metaspace   ] GC(106) Metaspace: 102987K(104320K)->102987K(104320K) NonClass: 88852K(89664K)->88852K(89664K) Class: 14135K(14656K)->14135K(14656K)
[2022-05-19T09:50:19.587+0000][163][gc             ] GC(106) Pause Young (Normal) (G1 Evacuation Pause) 407M->336M(512M) 6.436ms
[2022-05-19T09:50:19.588+0000][163][gc,cpu         ] GC(106) User=0.02s Sys=0.00s Real=0.01s
[2022-05-19T09:50:19.588+0000][163][safepoint      ] Safepoint "G1CollectForAllocation", Time since last: 508555100 ns, Reaching safepoint: 192900 ns, At safepoint: 6737900 ns, Total: 6930800 ns
[2022-05-19T09:50:20.163+0000][163][gc,start       ] GC(107) Pause Young (Concurrent Start) (G1 Evacuation Pause)
[2022-05-19T09:50:20.164+0000][163][gc,task        ] GC(107) Using 10 workers of 10 for evacuation
[2022-05-19T09:50:20.164+0000][163][gc,age         ] GC(107) Desired survivor size 6291456 bytes, new threshold 6 (max threshold 15)
[2022-05-19T09:50:20.168+0000][163][gc,age         ] GC(107) Age table with threshold 6 (max threshold 15)
[2022-05-19T09:50:20.168+0000][163][gc,age         ] GC(107) - age   1:    1021200 bytes,    1021200 total
[2022-05-19T09:50:20.168+0000][163][gc,age         ] GC(107) - age   2:    1050336 bytes,    2071536 total
[2022-05-19T09:50:20.168+0000][163][gc,age         ] GC(107) - age   3:    1086552 bytes,    3158088 total
[2022-05-19T09:50:20.169+0000][163][gc,age         ] GC(107) - age   4:    1086752 bytes,    4244840 total
[2022-05-19T09:50:20.169+0000][163][gc,age         ] GC(107) - age   5:    1050400 bytes,    5295240 total
[2022-05-19T09:50:20.169+0000][163][gc,age         ] GC(107) - age   6:    1082312 bytes,    6377552 total
[2022-05-19T09:50:20.169+0000][163][gc,phases      ] GC(107)   Pre Evacuate Collection Set: 0.4ms
[2022-05-19T09:50:20.169+0000][163][gc,phases      ] GC(107)   Merge Heap Roots: 0.2ms
[2022-05-19T09:50:20.170+0000][163][gc,phases      ] GC(107)   Evacuate Collection Set: 1.9ms
[2022-05-19T09:50:20.170+0000][163][gc,phases      ] GC(107)   Post Evacuate Collection Set: 0.8ms
[2022-05-19T09:50:20.170+0000][163][gc,phases      ] GC(107)   Other: 2.5ms
[2022-05-19T09:50:20.170+0000][163][gc,heap        ] GC(107) Eden regions: 18->0(18)
[2022-05-19T09:50:20.170+0000][163][gc,heap        ] GC(107) Survivor regions: 2->2(3)
[2022-05-19T09:50:20.170+0000][163][gc,heap        ] GC(107) Old regions: 52->52
[2022-05-19T09:50:20.170+0000][163][gc,heap        ] GC(107) Archive regions: 2->2
[2022-05-19T09:50:20.170+0000][163][gc,heap        ] GC(107) Humongous regions: 32->32
[2022-05-19T09:50:20.171+0000][163][gc,metaspace   ] GC(107) Metaspace: 102991K(104320K)->102991K(104320K) NonClass: 88856K(89664K)->88856K(89664K) Class: 14135K(14656K)->14135K(14656K)
[2022-05-19T09:50:20.171+0000][163][gc             ] GC(107) Pause Young (Concurrent Start) (G1 Evacuation Pause) 408M->337M(512M) 7.152ms
[2022-05-19T09:50:20.171+0000][163][gc,cpu         ] GC(107) User=0.00s Sys=0.02s Real=0.01s
[2022-05-19T09:50:20.171+0000][163][safepoint      ] Safepoint "G1CollectForAllocation", Time since last: 575413600 ns, Reaching safepoint: 289800 ns, At safepoint: 7458300 ns, Total: 7748100 ns
[2022-05-19T09:50:20.171+0000][163][gc             ] GC(108) Concurrent Mark Cycle
[2022-05-19T09:50:20.171+0000][163][gc,marking     ] GC(108) Concurrent Clear Claimed Marks
[2022-05-19T09:50:20.171+0000][163][gc,marking     ] GC(108) Concurrent Clear Claimed Marks 0.198ms
[2022-05-19T09:50:20.171+0000][163][gc,marking     ] GC(108) Concurrent Scan Root Regions
[2022-05-19T09:50:20.172+0000][163][gc,marking     ] GC(108) Concurrent Scan Root Regions 0.912ms
[2022-05-19T09:50:20.173+0000][163][gc,marking     ] GC(108) Concurrent Mark
[2022-05-19T09:50:20.173+0000][163][gc,marking     ] GC(108) Concurrent Mark From Roots
[2022-05-19T09:50:20.173+0000][163][gc,task        ] GC(108) Using 3 workers of 3 for marking
[2022-05-19T09:50:20.213+0000][163][gc,marking     ] GC(108) Concurrent Mark From Roots 40.489ms
[2022-05-19T09:50:20.214+0000][163][gc,marking     ] GC(108) Concurrent Preclean
[2022-05-19T09:50:20.214+0000][163][gc,marking     ] GC(108) Concurrent Preclean 0.632ms
[2022-05-19T09:50:20.215+0000][163][gc,start       ] GC(108) Pause Remark
[2022-05-19T09:50:20.219+0000][163][gc             ] GC(108) Pause Remark 342M->342M(512M) 3.767ms
[2022-05-19T09:50:20.219+0000][163][gc,cpu         ] GC(108) User=0.02s Sys=0.00s Real=0.01s
[2022-05-19T09:50:20.219+0000][163][safepoint      ] Safepoint "G1Concurrent", Time since last: 43664100 ns, Reaching safepoint: 416600 ns, At safepoint: 4498900 ns, Total: 4915500 ns
[2022-05-19T09:50:20.220+0000][163][gc,marking     ] GC(108) Concurrent Mark 47.163ms
[2022-05-19T09:50:20.220+0000][163][gc,marking     ] GC(108) Concurrent Rebuild Remembered Sets
[2022-05-19T09:50:20.243+0000][163][gc,marking     ] GC(108) Concurrent Rebuild Remembered Sets 23.395ms
[2022-05-19T09:50:20.244+0000][163][gc,start       ] GC(108) Pause Cleanup
[2022-05-19T09:50:20.244+0000][163][gc             ] GC(108) Pause Cleanup 345M->345M(512M) 0.389ms
[2022-05-19T09:50:20.245+0000][163][gc,cpu         ] GC(108) User=0.00s Sys=0.00s Real=0.00s
[2022-05-19T09:50:20.245+0000][163][safepoint      ] Safepoint "G1Concurrent", Time since last: 24165000 ns, Reaching safepoint: 287300 ns, At safepoint: 863700 ns, Total: 1151000 ns
[2022-05-19T09:50:20.245+0000][163][gc,marking     ] GC(108) Concurrent Cleanup for Next Mark
[2022-05-19T09:50:20.245+0000][163][gc,marking     ] GC(108) Concurrent Cleanup for Next Mark 0.491ms
[2022-05-19T09:50:20.246+0000][163][gc             ] GC(108) Concurrent Mark Cycle 74.867ms
[2022-05-19T09:50:20.752+0000][163][gc,start       ] GC(109) Pause Young (Normal) (G1 Evacuation Pause)
[2022-05-19T09:50:20.753+0000][163][gc,task        ] GC(109) Using 10 workers of 10 for evacuation
[2022-05-19T09:50:20.753+0000][163][gc,age         ] GC(109) Desired survivor size 6291456 bytes, new threshold 6 (max threshold 15)
[2022-05-19T09:50:20.756+0000][163][gc,age         ] GC(109) Age table with threshold 6 (max threshold 15)
[2022-05-19T09:50:20.756+0000][163][gc,age         ] GC(109) - age   1:    1021616 bytes,    1021616 total
[2022-05-19T09:50:20.756+0000][163][gc,age         ] GC(109) - age   2:    1020448 bytes,    2042064 total
[2022-05-19T09:50:20.757+0000][163][gc,age         ] GC(109) - age   3:    1049088 bytes,    3091152 total
[2022-05-19T09:50:20.757+0000][163][gc,age         ] GC(109) - age   4:    1086520 bytes,    4177672 total
[2022-05-19T09:50:20.757+0000][163][gc,age         ] GC(109) - age   5:    1086752 bytes,    5264424 total
[2022-05-19T09:50:20.757+0000][163][gc,age         ] GC(109) - age   6:    1050336 bytes,    6314760 total
[2022-05-19T09:50:20.757+0000][163][gc,phases      ] GC(109)   Pre Evacuate Collection Set: 0.3ms
[2022-05-19T09:50:20.757+0000][163][gc,phases      ] GC(109)   Merge Heap Roots: 0.2ms
[2022-05-19T09:50:20.758+0000][163][gc,phases      ] GC(109)   Evacuate Collection Set: 1.2ms
[2022-05-19T09:50:20.758+0000][163][gc,phases      ] GC(109)   Post Evacuate Collection Set: 0.8ms
[2022-05-19T09:50:20.758+0000][163][gc,phases      ] GC(109)   Other: 2.5ms
[2022-05-19T09:50:20.758+0000][163][gc,heap        ] GC(109) Eden regions: 18->0(17)
[2022-05-19T09:50:20.758+0000][163][gc,heap        ] GC(109) Survivor regions: 2->2(3)
[2022-05-19T09:50:20.758+0000][163][gc,heap        ] GC(109) Old regions: 52->53
[2022-05-19T09:50:20.758+0000][163][gc,heap        ] GC(109) Archive regions: 2->2
[2022-05-19T09:50:20.759+0000][163][gc,heap        ] GC(109) Humongous regions: 32->32
[2022-05-19T09:50:20.759+0000][163][gc,metaspace   ] GC(109) Metaspace: 103012K(104384K)->103012K(104384K) NonClass: 88877K(89728K)->88877K(89728K) Class: 14135K(14656K)->14135K(14656K)
[2022-05-19T09:50:20.759+0000][163][gc             ] GC(109) Pause Young (Normal) (G1 Evacuation Pause) 409M->338M(512M) 6.552ms
[2022-05-19T09:50:20.759+0000][163][gc,cpu         ] GC(109) User=0.01s Sys=0.00s Real=0.01s
[2022-05-19T09:50:20.759+0000][163][safepoint      ] Safepoint "G1CollectForAllocation", Time since last: 507370500 ns, Reaching safepoint: 202400 ns, At safepoint: 6954700 ns, Total: 7157100 ns
[2022-05-19T09:50:21.350+0000][163][gc,start       ] GC(110) Pause Young (Concurrent Start) (G1 Evacuation Pause)
[2022-05-19T09:50:21.350+0000][163][gc,task        ] GC(110) Using 10 workers of 10 for evacuation
[2022-05-19T09:50:21.351+0000][163][gc,age         ] GC(110) Desired survivor size 6291456 bytes, new threshold 6 (max threshold 15)
[2022-05-19T09:50:21.353+0000][163][gc,age         ] GC(110) Age table with threshold 6 (max threshold 15)
[2022-05-19T09:50:21.353+0000][163][gc,age         ] GC(110) - age   1:     990816 bytes,     990816 total
[2022-05-19T09:50:21.354+0000][163][gc,age         ] GC(110) - age   2:    1020336 bytes,    2011152 total
[2022-05-19T09:50:21.354+0000][163][gc,age         ] GC(110) - age   3:    1019568 bytes,    3030720 total
[2022-05-19T09:50:21.354+0000][163][gc,age         ] GC(110) - age   4:    1049088 bytes,    4079808 total
[2022-05-19T09:50:21.354+0000][163][gc,age         ] GC(110) - age   5:    1081904 bytes,    5161712 total
[2022-05-19T09:50:21.354+0000][163][gc,age         ] GC(110) - age   6:    1086752 bytes,    6248464 total
[2022-05-19T09:50:21.354+0000][163][gc,phases      ] GC(110)   Pre Evacuate Collection Set: 0.3ms
[2022-05-19T09:50:21.354+0000][163][gc,phases      ] GC(110)   Merge Heap Roots: 0.2ms
[2022-05-19T09:50:21.354+0000][163][gc,phases      ] GC(110)   Evacuate Collection Set: 1.5ms
[2022-05-19T09:50:21.355+0000][163][gc,phases      ] GC(110)   Post Evacuate Collection Set: 0.6ms
[2022-05-19T09:50:21.355+0000][163][gc,phases      ] GC(110)   Other: 1.6ms
[2022-05-19T09:50:21.355+0000][163][gc,heap        ] GC(110) Eden regions: 17->0(17)
[2022-05-19T09:50:21.355+0000][163][gc,heap        ] GC(110) Survivor regions: 2->2(3)
[2022-05-19T09:50:21.355+0000][163][gc,heap        ] GC(110) Old regions: 53->53
[2022-05-19T09:50:21.355+0000][163][gc,heap        ] GC(110) Archive regions: 2->2
[2022-05-19T09:50:21.355+0000][163][gc,heap        ] GC(110) Humongous regions: 32->32
[2022-05-19T09:50:21.355+0000][163][gc,metaspace   ] GC(110) Metaspace: 103015K(104384K)->103015K(104384K) NonClass: 88880K(89728K)->88880K(89728K) Class: 14135K(14656K)->14135K(14656K)
[2022-05-19T09:50:21.356+0000][163][gc             ] GC(110) Pause Young (Concurrent Start) (G1 Evacuation Pause) 406M->339M(512M) 5.430ms
[2022-05-19T09:50:21.356+0000][163][gc,cpu         ] GC(110) User=0.01s Sys=0.00s Real=0.00s
[2022-05-19T09:50:21.356+0000][163][gc             ] GC(111) Concurrent Mark Cycle
[2022-05-19T09:50:21.356+0000][163][safepoint      ] Safepoint "G1CollectForAllocation", Time since last: 590507300 ns, Reaching safepoint: 250800 ns, At safepoint: 5744300 ns, Total: 5995100 ns
[2022-05-19T09:50:21.356+0000][163][gc,marking     ] GC(111) Concurrent Clear Claimed Marks
[2022-05-19T09:50:21.356+0000][163][gc,marking     ] GC(111) Concurrent Clear Claimed Marks 0.284ms
[2022-05-19T09:50:21.356+0000][163][gc,marking     ] GC(111) Concurrent Scan Root Regions
[2022-05-19T09:50:21.357+0000][163][gc,marking     ] GC(111) Concurrent Scan Root Regions 1.045ms
[2022-05-19T09:50:21.357+0000][163][gc,marking     ] GC(111) Concurrent Mark
[2022-05-19T09:50:21.358+0000][163][gc,marking     ] GC(111) Concurrent Mark From Roots
[2022-05-19T09:50:21.358+0000][163][gc,task        ] GC(111) Using 3 workers of 3 for marking
[2022-05-19T09:50:21.402+0000][163][gc,marking     ] GC(111) Concurrent Mark From Roots 44.329ms
[2022-05-19T09:50:21.402+0000][163][gc,marking     ] GC(111) Concurrent Preclean
[2022-05-19T09:50:21.403+0000][163][gc,marking     ] GC(111) Concurrent Preclean 0.537ms
[2022-05-19T09:50:21.403+0000][163][gc,start       ] GC(111) Pause Remark
[2022-05-19T09:50:21.406+0000][163][gc             ] GC(111) Pause Remark 344M->344M(512M) 2.915ms
[2022-05-19T09:50:21.406+0000][163][gc,cpu         ] GC(111) User=0.02s Sys=0.00s Real=0.00s
[2022-05-19T09:50:21.406+0000][163][safepoint      ] Safepoint "G1Concurrent", Time since last: 47007500 ns, Reaching safepoint: 267600 ns, At safepoint: 3272500 ns, Total: 3540100 ns
[2022-05-19T09:50:21.406+0000][163][gc,marking     ] GC(111) Concurrent Mark 49.010ms
[2022-05-19T09:50:21.407+0000][163][gc,marking     ] GC(111) Concurrent Rebuild Remembered Sets
[2022-05-19T09:50:21.427+0000][163][gc,marking     ] GC(111) Concurrent Rebuild Remembered Sets 20.587ms
[2022-05-19T09:50:21.428+0000][163][gc,start       ] GC(111) Pause Cleanup
[2022-05-19T09:50:21.428+0000][163][gc             ] GC(111) Pause Cleanup 347M->347M(512M) 0.322ms
[2022-05-19T09:50:21.428+0000][163][gc,cpu         ] GC(111) User=0.00s Sys=0.00s Real=0.00s
[2022-05-19T09:50:21.428+0000][163][safepoint      ] Safepoint "G1Concurrent", Time since last: 21050900 ns, Reaching safepoint: 258100 ns, At safepoint: 611200 ns, Total: 869300 ns
[2022-05-19T09:50:21.428+0000][163][gc,marking     ] GC(111) Concurrent Cleanup for Next Mark
[2022-05-19T09:50:21.429+0000][163][gc,marking     ] GC(111) Concurrent Cleanup for Next Mark 0.315ms
[2022-05-19T09:50:21.429+0000][163][gc             ] GC(111) Concurrent Mark Cycle 73.068ms
[2022-05-19T09:50:21.906+0000][163][gc,start       ] GC(112) Pause Young (Normal) (G1 Evacuation Pause)
[2022-05-19T09:50:21.907+0000][163][gc,task        ] GC(112) Using 10 workers of 10 for evacuation
[2022-05-19T09:50:21.907+0000][163][gc,age         ] GC(112) Desired survivor size 6291456 bytes, new threshold 15 (max threshold 15)
[2022-05-19T09:50:21.909+0000][163][gc,age         ] GC(112) Age table with threshold 15 (max threshold 15)
[2022-05-19T09:50:21.910+0000][163][gc,age         ] GC(112) - age   1:     984936 bytes,     984936 total
[2022-05-19T09:50:21.910+0000][163][gc,age         ] GC(112) - age   2:     990488 bytes,    1975424 total
[2022-05-19T09:50:21.910+0000][163][gc,age         ] GC(112) - age   3:    1019552 bytes,    2994976 total
[2022-05-19T09:50:21.910+0000][163][gc,age         ] GC(112) - age   4:    1019536 bytes,    4014512 total
[2022-05-19T09:50:21.910+0000][163][gc,age         ] GC(112) - age   5:    1049088 bytes,    5063600 total
[2022-05-19T09:50:21.911+0000][163][gc,age         ] GC(112) - age   6:    1081904 bytes,    6145504 total
[2022-05-19T09:50:21.911+0000][163][gc,age         ] GC(112) - age   7:    1086752 bytes,    7232256 total
[2022-05-19T09:50:21.911+0000][163][gc,phases      ] GC(112)   Pre Evacuate Collection Set: 0.2ms
[2022-05-19T09:50:21.911+0000][163][gc,phases      ] GC(112)   Merge Heap Roots: 0.2ms
[2022-05-19T09:50:21.911+0000][163][gc,phases      ] GC(112)   Evacuate Collection Set: 1.4ms
[2022-05-19T09:50:21.911+0000][163][gc,phases      ] GC(112)   Post Evacuate Collection Set: 0.7ms
[2022-05-19T09:50:21.912+0000][163][gc,phases      ] GC(112)   Other: 2.1ms
[2022-05-19T09:50:21.912+0000][163][gc,heap        ] GC(112) Eden regions: 17->0(17)
[2022-05-19T09:50:21.912+0000][163][gc,heap        ] GC(112) Survivor regions: 2->2(3)
[2022-05-19T09:50:21.912+0000][163][gc,heap        ] GC(112) Old regions: 53->53
[2022-05-19T09:50:21.912+0000][163][gc,heap        ] GC(112) Archive regions: 2->2
[2022-05-19T09:50:21.913+0000][163][gc,heap        ] GC(112) Humongous regions: 32->32
[2022-05-19T09:50:21.913+0000][163][gc,metaspace   ] GC(112) Metaspace: 103015K(104384K)->103015K(104384K) NonClass: 88880K(89728K)->88880K(89728K) Class: 14135K(14656K)->14135K(14656K)
[2022-05-19T09:50:21.913+0000][163][gc             ] GC(112) Pause Young (Normal) (G1 Evacuation Pause) 407M->340M(512M) 6.588ms
[2022-05-19T09:50:21.913+0000][163][gc,cpu         ] GC(112) User=0.01s Sys=0.00s Real=0.01s
[2022-05-19T09:50:21.913+0000][163][safepoint      ] Safepoint "G1CollectForAllocation", Time since last: 477885800 ns, Reaching safepoint: 206300 ns, At safepoint: 7007900 ns, Total: 7214200 ns
[2022-05-19T09:50:22.481+0000][163][gc,start       ] GC(113) Pause Young (Concurrent Start) (G1 Evacuation Pause)
[2022-05-19T09:50:22.482+0000][163][gc,task        ] GC(113) Using 10 workers of 10 for evacuation
[2022-05-19T09:50:22.482+0000][163][gc,age         ] GC(113) Desired survivor size 6291456 bytes, new threshold 7 (max threshold 15)
[2022-05-19T09:50:22.487+0000][163][gc,age         ] GC(113) Age table with threshold 7 (max threshold 15)
[2022-05-19T09:50:22.488+0000][163][gc,age         ] GC(113) - age   1:    1019040 bytes,    1019040 total
[2022-05-19T09:50:22.488+0000][163][gc,age         ] GC(113) - age   2:     984160 bytes,    2003200 total
[2022-05-19T09:50:22.489+0000][163][gc,age         ] GC(113) - age   3:     988808 bytes,    2992008 total
[2022-05-19T09:50:22.489+0000][163][gc,age         ] GC(113) - age   4:    1019552 bytes,    4011560 total
[2022-05-19T09:50:22.489+0000][163][gc,age         ] GC(113) - age   5:    1019536 bytes,    5031096 total
[2022-05-19T09:50:22.490+0000][163][gc,age         ] GC(113) - age   6:    1049088 bytes,    6080184 total
[2022-05-19T09:50:22.490+0000][163][gc,age         ] GC(113) - age   7:    1081904 bytes,    7162088 total
[2022-05-19T09:50:22.490+0000][163][gc,phases      ] GC(113)   Pre Evacuate Collection Set: 0.5ms
[2022-05-19T09:50:22.490+0000][163][gc,phases      ] GC(113)   Merge Heap Roots: 0.3ms
[2022-05-19T09:50:22.490+0000][163][gc,phases      ] GC(113)   Evacuate Collection Set: 2.7ms
[2022-05-19T09:50:22.491+0000][163][gc,phases      ] GC(113)   Post Evacuate Collection Set: 1.2ms
[2022-05-19T09:50:22.491+0000][163][gc,phases      ] GC(113)   Other: 4.1ms
[2022-05-19T09:50:22.491+0000][163][gc,heap        ] GC(113) Eden regions: 17->0(17)
[2022-05-19T09:50:22.491+0000][163][gc,heap        ] GC(113) Survivor regions: 2->2(3)
[2022-05-19T09:50:22.491+0000][163][gc,heap        ] GC(113) Old regions: 53->53
[2022-05-19T09:50:22.491+0000][163][gc,heap        ] GC(113) Archive regions: 2->2
[2022-05-19T09:50:22.492+0000][163][gc,heap        ] GC(113) Humongous regions: 32->32
[2022-05-19T09:50:22.492+0000][163][gc,metaspace   ] GC(113) Metaspace: 103015K(104384K)->103015K(104384K) NonClass: 88880K(89728K)->88880K(89728K) Class: 14135K(14656K)->14135K(14656K)
[2022-05-19T09:50:22.492+0000][163][gc             ] GC(113) Pause Young (Concurrent Start) (G1 Evacuation Pause) 408M->341M(512M) 10.348ms
[2022-05-19T09:50:22.492+0000][163][gc,cpu         ] GC(113) User=0.03s Sys=0.00s Real=0.01s
[2022-05-19T09:50:22.492+0000][163][gc             ] GC(114) Concurrent Mark Cycle
[2022-05-19T09:50:22.492+0000][163][gc,marking     ] GC(114) Concurrent Clear Claimed Marks
[2022-05-19T09:50:22.492+0000][163][safepoint      ] Safepoint "G1CollectForAllocation", Time since last: 567605000 ns, Reaching safepoint: 398100 ns, At safepoint: 10709000 ns, Total: 11107100 ns
[2022-05-19T09:50:22.492+0000][163][gc,marking     ] GC(114) Concurrent Clear Claimed Marks 0.199ms
[2022-05-19T09:50:22.493+0000][163][gc,marking     ] GC(114) Concurrent Scan Root Regions
[2022-05-19T09:50:22.493+0000][163][gc,marking     ] GC(114) Concurrent Scan Root Regions 0.831ms
[2022-05-19T09:50:22.494+0000][163][gc,marking     ] GC(114) Concurrent Mark
[2022-05-19T09:50:22.494+0000][163][gc,marking     ] GC(114) Concurrent Mark From Roots
[2022-05-19T09:50:22.494+0000][163][gc,task        ] GC(114) Using 3 workers of 3 for marking
[2022-05-19T09:50:22.548+0000][163][gc,marking     ] GC(114) Concurrent Mark From Roots 54.544ms
[2022-05-19T09:50:22.549+0000][163][gc,marking     ] GC(114) Concurrent Preclean
[2022-05-19T09:50:22.549+0000][163][gc,marking     ] GC(114) Concurrent Preclean 0.882ms
[2022-05-19T09:50:22.550+0000][163][gc,start       ] GC(114) Pause Remark
[2022-05-19T09:50:22.555+0000][163][gc             ] GC(114) Pause Remark 346M->346M(512M) 4.303ms
[2022-05-19T09:50:22.555+0000][163][gc,cpu         ] GC(114) User=0.03s Sys=0.00s Real=0.00s
[2022-05-19T09:50:22.555+0000][163][safepoint      ] Safepoint "G1Concurrent", Time since last: 57684500 ns, Reaching safepoint: 465600 ns, At safepoint: 4887900 ns, Total: 5353500 ns
[2022-05-19T09:50:22.555+0000][163][gc,marking     ] GC(114) Concurrent Mark 61.744ms
[2022-05-19T09:50:22.555+0000][163][gc,marking     ] GC(114) Concurrent Rebuild Remembered Sets
[2022-05-19T09:50:22.578+0000][163][gc,marking     ] GC(114) Concurrent Rebuild Remembered Sets 22.615ms
[2022-05-19T09:50:22.579+0000][163][gc,start       ] GC(114) Pause Cleanup
[2022-05-19T09:50:22.579+0000][163][gc             ] GC(114) Pause Cleanup 349M->349M(512M) 0.402ms
[2022-05-19T09:50:22.579+0000][163][gc,cpu         ] GC(114) User=0.00s Sys=0.00s Real=0.00s
[2022-05-19T09:50:22.579+0000][163][safepoint      ] Safepoint "G1Concurrent", Time since last: 23249700 ns, Reaching safepoint: 285200 ns, At safepoint: 729800 ns, Total: 1015000 ns
[2022-05-19T09:50:22.580+0000][163][gc,marking     ] GC(114) Concurrent Cleanup for Next Mark
[2022-05-19T09:50:22.580+0000][163][gc,marking     ] GC(114) Concurrent Cleanup for Next Mark 0.353ms
[2022-05-19T09:50:22.580+0000][163][gc             ] GC(114) Concurrent Mark Cycle 88.027ms
[2022-05-19T09:50:23.131+0000][163][gc,start       ] GC(115) Pause Young (Normal) (G1 Evacuation Pause)
[2022-05-19T09:50:23.131+0000][163][gc,task        ] GC(115) Using 10 workers of 10 for evacuation
[2022-05-19T09:50:23.131+0000][163][gc,age         ] GC(115) Desired survivor size 6291456 bytes, new threshold 7 (max threshold 15)
[2022-05-19T09:50:23.136+0000][163][gc,age         ] GC(115) Age table with threshold 7 (max threshold 15)
[2022-05-19T09:50:23.136+0000][163][gc,age         ] GC(115) - age   1:     985888 bytes,     985888 total
[2022-05-19T09:50:23.136+0000][163][gc,age         ] GC(115) - age   2:    1017840 bytes,    2003728 total
[2022-05-19T09:50:23.137+0000][163][gc,age         ] GC(115) - age   3:     983768 bytes,    2987496 total
[2022-05-19T09:50:23.137+0000][163][gc,age         ] GC(115) - age   4:     988808 bytes,    3976304 total
[2022-05-19T09:50:23.137+0000][163][gc,age         ] GC(115) - age   5:    1019520 bytes,    4995824 total
[2022-05-19T09:50:23.137+0000][163][gc,age         ] GC(115) - age   6:    1019536 bytes,    6015360 total
[2022-05-19T09:50:23.138+0000][163][gc,age         ] GC(115) - age   7:    1049088 bytes,    7064448 total
[2022-05-19T09:50:23.138+0000][163][gc,phases      ] GC(115)   Pre Evacuate Collection Set: 0.3ms
[2022-05-19T09:50:23.138+0000][163][gc,phases      ] GC(115)   Merge Heap Roots: 0.3ms
[2022-05-19T09:50:23.138+0000][163][gc,phases      ] GC(115)   Evacuate Collection Set: 1.8ms
[2022-05-19T09:50:23.138+0000][163][gc,phases      ] GC(115)   Post Evacuate Collection Set: 1.3ms
[2022-05-19T09:50:23.138+0000][163][gc,phases      ] GC(115)   Other: 3.4ms
[2022-05-19T09:50:23.139+0000][163][gc,heap        ] GC(115) Eden regions: 17->0(17)
[2022-05-19T09:50:23.139+0000][163][gc,heap        ] GC(115) Survivor regions: 2->2(3)
[2022-05-19T09:50:23.139+0000][163][gc,heap        ] GC(115) Old regions: 53->53
[2022-05-19T09:50:23.139+0000][163][gc,heap        ] GC(115) Archive regions: 2->2
[2022-05-19T09:50:23.139+0000][163][gc,heap        ] GC(115) Humongous regions: 32->32
[2022-05-19T09:50:23.139+0000][163][gc,metaspace   ] GC(115) Metaspace: 103015K(104384K)->103015K(104384K) NonClass: 88880K(89728K)->88880K(89728K) Class: 14135K(14656K)->14135K(14656K)
[2022-05-19T09:50:23.139+0000][163][gc             ] GC(115) Pause Young (Normal) (G1 Evacuation Pause) 409M->342M(512M) 8.541ms
[2022-05-19T09:50:23.139+0000][163][gc,cpu         ] GC(115) User=0.02s Sys=0.00s Real=0.01s
[2022-05-19T09:50:23.140+0000][163][safepoint      ] Safepoint "G1CollectForAllocation", Time since last: 551060400 ns, Reaching safepoint: 241600 ns, At safepoint: 8903500 ns, Total: 9145100 ns
[2022-05-19T09:50:23.691+0000][163][gc,start       ] GC(116) Pause Young (Concurrent Start) (G1 Evacuation Pause)
[2022-05-19T09:50:23.691+0000][163][gc,task        ] GC(116) Using 10 workers of 10 for evacuation
[2022-05-19T09:50:23.692+0000][163][gc,age         ] GC(116) Desired survivor size 6291456 bytes, new threshold 7 (max threshold 15)
[2022-05-19T09:50:23.695+0000][163][gc,age         ] GC(116) Age table with threshold 7 (max threshold 15)
[2022-05-19T09:50:23.695+0000][163][gc,age         ] GC(116) - age   1:     952560 bytes,     952560 total
[2022-05-19T09:50:23.696+0000][163][gc,age         ] GC(116) - age   2:     985520 bytes,    1938080 total
[2022-05-19T09:50:23.696+0000][163][gc,age         ] GC(116) - age   3:    1016592 bytes,    2954672 total
[2022-05-19T09:50:23.696+0000][163][gc,age         ] GC(116) - age   4:     983768 bytes,    3938440 total
[2022-05-19T09:50:23.696+0000][163][gc,age         ] GC(116) - age   5:     988808 bytes,    4927248 total
[2022-05-19T09:50:23.697+0000][163][gc,age         ] GC(116) - age   6:    1019520 bytes,    5946768 total
[2022-05-19T09:50:23.697+0000][163][gc,age         ] GC(116) - age   7:    1019536 bytes,    6966304 total
[2022-05-19T09:50:23.697+0000][163][gc,phases      ] GC(116)   Pre Evacuate Collection Set: 0.3ms
[2022-05-19T09:50:23.697+0000][163][gc,phases      ] GC(116)   Merge Heap Roots: 0.2ms
[2022-05-19T09:50:23.697+0000][163][gc,phases      ] GC(116)   Evacuate Collection Set: 1.7ms
[2022-05-19T09:50:23.698+0000][163][gc,phases      ] GC(116)   Post Evacuate Collection Set: 1.0ms
[2022-05-19T09:50:23.698+0000][163][gc,phases      ] GC(116)   Other: 2.9ms
[2022-05-19T09:50:23.698+0000][163][gc,heap        ] GC(116) Eden regions: 17->0(16)
[2022-05-19T09:50:23.698+0000][163][gc,heap        ] GC(116) Survivor regions: 2->2(3)
[2022-05-19T09:50:23.698+0000][163][gc,heap        ] GC(116) Old regions: 53->54
[2022-05-19T09:50:23.698+0000][163][gc,heap        ] GC(116) Archive regions: 2->2
[2022-05-19T09:50:23.699+0000][163][gc,heap        ] GC(116) Humongous regions: 32->32
[2022-05-19T09:50:23.699+0000][163][gc,metaspace   ] GC(116) Metaspace: 103015K(104384K)->103015K(104384K) NonClass: 88880K(89728K)->88880K(89728K) Class: 14135K(14656K)->14135K(14656K)
[2022-05-19T09:50:23.699+0000][163][gc             ] GC(116) Pause Young (Concurrent Start) (G1 Evacuation Pause) 410M->343M(512M) 7.764ms
[2022-05-19T09:50:23.699+0000][163][gc,cpu         ] GC(116) User=0.01s Sys=0.00s Real=0.01s
[2022-05-19T09:50:23.699+0000][163][gc             ] GC(117) Concurrent Mark Cycle
[2022-05-19T09:50:23.699+0000][163][safepoint      ] Safepoint "G1CollectForAllocation", Time since last: 551229200 ns, Reaching safepoint: 243800 ns, At safepoint: 8167700 ns, Total: 8411500 ns
[2022-05-19T09:50:23.699+0000][163][gc,marking     ] GC(117) Concurrent Clear Claimed Marks
[2022-05-19T09:50:23.700+0000][163][gc,marking     ] GC(117) Concurrent Clear Claimed Marks 0.272ms
[2022-05-19T09:50:23.700+0000][163][gc,marking     ] GC(117) Concurrent Scan Root Regions
[2022-05-19T09:50:23.701+0000][163][gc,marking     ] GC(117) Concurrent Scan Root Regions 0.895ms
[2022-05-19T09:50:23.701+0000][163][gc,marking     ] GC(117) Concurrent Mark
[2022-05-19T09:50:23.701+0000][163][gc,marking     ] GC(117) Concurrent Mark From Roots
[2022-05-19T09:50:23.701+0000][163][gc,task        ] GC(117) Using 3 workers of 3 for marking
[2022-05-19T09:50:23.745+0000][163][gc,marking     ] GC(117) Concurrent Mark From Roots 43.825ms
[2022-05-19T09:50:23.745+0000][163][gc,marking     ] GC(117) Concurrent Preclean
[2022-05-19T09:50:23.746+0000][163][gc,marking     ] GC(117) Concurrent Preclean 0.760ms
[2022-05-19T09:50:23.747+0000][163][gc,start       ] GC(117) Pause Remark
[2022-05-19T09:50:23.750+0000][163][gc             ] GC(117) Pause Remark 348M->348M(512M) 3.483ms
[2022-05-19T09:50:23.750+0000][163][gc,cpu         ] GC(117) User=0.01s Sys=0.02s Real=0.01s
[2022-05-19T09:50:23.751+0000][163][safepoint      ] Safepoint "G1Concurrent", Time since last: 46902600 ns, Reaching safepoint: 484100 ns, At safepoint: 4107500 ns, Total: 4591600 ns
[2022-05-19T09:50:23.751+0000][163][gc,marking     ] GC(117) Concurrent Mark 50.263ms
[2022-05-19T09:50:23.751+0000][163][gc,marking     ] GC(117) Concurrent Rebuild Remembered Sets
[2022-05-19T09:50:23.771+0000][163][gc,marking     ] GC(117) Concurrent Rebuild Remembered Sets 19.919ms
[2022-05-19T09:50:23.772+0000][163][gc,start       ] GC(117) Pause Cleanup
[2022-05-19T09:50:23.772+0000][163][gc             ] GC(117) Pause Cleanup 350M->350M(512M) 0.439ms
[2022-05-19T09:50:23.772+0000][163][gc,cpu         ] GC(117) User=0.01s Sys=0.00s Real=0.00s
[2022-05-19T09:50:23.773+0000][163][safepoint      ] Safepoint "G1Concurrent", Time since last: 20635600 ns, Reaching safepoint: 387600 ns, At safepoint: 948200 ns, Total: 1335800 ns
[2022-05-19T09:50:23.773+0000][163][gc,marking     ] GC(117) Concurrent Cleanup for Next Mark
[2022-05-19T09:50:23.773+0000][163][gc,marking     ] GC(117) Concurrent Cleanup for Next Mark 0.300ms
[2022-05-19T09:50:23.773+0000][163][gc             ] GC(117) Concurrent Mark Cycle 74.100ms
[2022-05-19T09:50:24.221+0000][163][gc,start       ] GC(118) Pause Young (Normal) (G1 Evacuation Pause)
[2022-05-19T09:50:24.222+0000][163][gc,task        ] GC(118) Using 10 workers of 10 for evacuation
[2022-05-19T09:50:24.222+0000][163][gc,age         ] GC(118) Desired survivor size 6291456 bytes, new threshold 7 (max threshold 15)
[2022-05-19T09:50:24.225+0000][163][gc,age         ] GC(118) Age table with threshold 7 (max threshold 15)
[2022-05-19T09:50:24.225+0000][163][gc,age         ] GC(118) - age   1:     925432 bytes,     925432 total
[2022-05-19T09:50:24.226+0000][163][gc,age         ] GC(118) - age   2:     952200 bytes,    1877632 total
[2022-05-19T09:50:24.226+0000][163][gc,age         ] GC(118) - age   3:     984248 bytes,    2861880 total
[2022-05-19T09:50:24.226+0000][163][gc,age         ] GC(118) - age   4:    1016592 bytes,    3878472 total
[2022-05-19T09:50:24.226+0000][163][gc,age         ] GC(118) - age   5:     983736 bytes,    4862208 total
[2022-05-19T09:50:24.227+0000][163][gc,age         ] GC(118) - age   6:     983616 bytes,    5845824 total
[2022-05-19T09:50:24.227+0000][163][gc,age         ] GC(118) - age   7:    1019520 bytes,    6865344 total
[2022-05-19T09:50:24.227+0000][163][gc,phases      ] GC(118)   Pre Evacuate Collection Set: 0.3ms
[2022-05-19T09:50:24.227+0000][163][gc,phases      ] GC(118)   Merge Heap Roots: 0.2ms
[2022-05-19T09:50:24.227+0000][163][gc,phases      ] GC(118)   Evacuate Collection Set: 1.4ms
[2022-05-19T09:50:24.228+0000][163][gc,phases      ] GC(118)   Post Evacuate Collection Set: 1.1ms
[2022-05-19T09:50:24.228+0000][163][gc,phases      ] GC(118)   Other: 2.8ms
[2022-05-19T09:50:24.228+0000][163][gc,heap        ] GC(118) Eden regions: 16->0(16)
[2022-05-19T09:50:24.228+0000][163][gc,heap        ] GC(118) Survivor regions: 2->2(3)
[2022-05-19T09:50:24.228+0000][163][gc,heap        ] GC(118) Old regions: 54->54
[2022-05-19T09:50:24.229+0000][163][gc,heap        ] GC(118) Archive regions: 2->2
[2022-05-19T09:50:24.229+0000][163][gc,heap        ] GC(118) Humongous regions: 32->32
[2022-05-19T09:50:24.229+0000][163][gc,metaspace   ] GC(118) Metaspace: 103015K(104384K)->103015K(104384K) NonClass: 88880K(89728K)->88880K(89728K) Class: 14135K(14656K)->14135K(14656K)
[2022-05-19T09:50:24.229+0000][163][gc             ] GC(118) Pause Young (Normal) (G1 Evacuation Pause) 407M->343M(512M) 7.736ms
[2022-05-19T09:50:24.229+0000][163][gc,cpu         ] GC(118) User=0.01s Sys=0.00s Real=0.01s
[2022-05-19T09:50:24.229+0000][163][safepoint      ] Safepoint "G1CollectForAllocation", Time since last: 448341500 ns, Reaching safepoint: 219300 ns, At safepoint: 8131700 ns, Total: 8351000 ns
[2022-05-19T09:50:24.480+0000][163][gc,start       ] GC(119) Pause Young (Concurrent Start) (G1 Humongous Allocation)
[2022-05-19T09:50:24.480+0000][163][gc,task        ] GC(119) Using 10 workers of 10 for evacuation
[2022-05-19T09:50:24.480+0000][163][gc,age         ] GC(119) Desired survivor size 6291456 bytes, new threshold 7 (max threshold 15)
[2022-05-19T09:50:24.484+0000][163][gc,age         ] GC(119) Age table with threshold 7 (max threshold 15)
[2022-05-19T09:50:24.484+0000][163][gc,age         ] GC(119) - age   1:     529176 bytes,     529176 total
[2022-05-19T09:50:24.484+0000][163][gc,age         ] GC(119) - age   2:     925104 bytes,    1454280 total
[2022-05-19T09:50:24.485+0000][163][gc,age         ] GC(119) - age   3:     950952 bytes,    2405232 total
[2022-05-19T09:50:24.485+0000][163][gc,age         ] GC(119) - age   4:     984248 bytes,    3389480 total
[2022-05-19T09:50:24.485+0000][163][gc,age         ] GC(119) - age   5:    1016592 bytes,    4406072 total
[2022-05-19T09:50:24.485+0000][163][gc,age         ] GC(119) - age   6:     983736 bytes,    5389808 total
[2022-05-19T09:50:24.485+0000][163][gc,age         ] GC(119) - age   7:     983616 bytes,    6373424 total
[2022-05-19T09:50:24.486+0000][163][gc,phases      ] GC(119)   Pre Evacuate Collection Set: 0.3ms
[2022-05-19T09:50:24.486+0000][163][gc,phases      ] GC(119)   Merge Heap Roots: 0.2ms
[2022-05-19T09:50:24.486+0000][163][gc,phases      ] GC(119)   Evacuate Collection Set: 1.8ms
[2022-05-19T09:50:24.486+0000][163][gc,phases      ] GC(119)   Post Evacuate Collection Set: 0.9ms
[2022-05-19T09:50:24.486+0000][163][gc,phases      ] GC(119)   Other: 2.7ms
[2022-05-19T09:50:24.487+0000][163][gc,heap        ] GC(119) Eden regions: 9->0(16)
[2022-05-19T09:50:24.487+0000][163][gc,heap        ] GC(119) Survivor regions: 2->2(3)
[2022-05-19T09:50:24.487+0000][163][gc,heap        ] GC(119) Old regions: 54->54
[2022-05-19T09:50:24.487+0000][163][gc,heap        ] GC(119) Archive regions: 2->2
[2022-05-19T09:50:24.487+0000][163][gc,heap        ] GC(119) Humongous regions: 32->32
[2022-05-19T09:50:24.487+0000][163][gc,metaspace   ] GC(119) Metaspace: 103015K(104384K)->103015K(104384K) NonClass: 88880K(89728K)->88880K(89728K) Class: 14135K(14656K)->14135K(14656K)
[2022-05-19T09:50:24.488+0000][163][gc             ] GC(119) Pause Young (Concurrent Start) (G1 Humongous Allocation) 377M->344M(512M) 7.900ms
[2022-05-19T09:50:24.488+0000][163][gc,cpu         ] GC(119) User=0.00s Sys=0.01s Real=0.01s
[2022-05-19T09:50:24.488+0000][163][gc             ] GC(120) Concurrent Mark Cycle
[2022-05-19T09:50:24.488+0000][163][gc,marking     ] GC(120) Concurrent Clear Claimed Marks
[2022-05-19T09:50:24.488+0000][163][safepoint      ] Safepoint "G1TryInitiateConcMark", Time since last: 250068400 ns, Reaching safepoint: 309900 ns, At safepoint: 8286100 ns, Total: 8596000 ns
[2022-05-19T09:50:24.488+0000][163][gc,marking     ] GC(120) Concurrent Clear Claimed Marks 0.229ms
[2022-05-19T09:50:24.489+0000][163][gc,marking     ] GC(120) Concurrent Scan Root Regions
[2022-05-19T09:50:24.490+0000][163][gc,marking     ] GC(120) Concurrent Scan Root Regions 1.134ms
[2022-05-19T09:50:24.490+0000][163][gc,marking     ] GC(120) Concurrent Mark
[2022-05-19T09:50:24.490+0000][163][gc,marking     ] GC(120) Concurrent Mark From Roots
[2022-05-19T09:50:24.490+0000][163][gc,task        ] GC(120) Using 3 workers of 3 for marking
[2022-05-19T09:50:24.537+0000][163][gc,marking     ] GC(120) Concurrent Mark From Roots 46.915ms
[2022-05-19T09:50:24.537+0000][163][gc,marking     ] GC(120) Concurrent Preclean
[2022-05-19T09:50:24.538+0000][163][gc,marking     ] GC(120) Concurrent Preclean 0.870ms
[2022-05-19T09:50:24.539+0000][163][gc,start       ] GC(120) Pause Remark
[2022-05-19T09:50:24.543+0000][163][gc             ] GC(120) Pause Remark 381M->381M(512M) 3.689ms
[2022-05-19T09:50:24.543+0000][163][gc,cpu         ] GC(120) User=0.02s Sys=0.00s Real=0.00s
[2022-05-19T09:50:24.544+0000][163][safepoint      ] Safepoint "G1Concurrent", Time since last: 50710800 ns, Reaching safepoint: 392300 ns, At safepoint: 4350400 ns, Total: 4742700 ns
[2022-05-19T09:50:24.544+0000][163][gc,marking     ] GC(120) Concurrent Mark 53.727ms
[2022-05-19T09:50:24.544+0000][163][gc,marking     ] GC(120) Concurrent Rebuild Remembered Sets
[2022-05-19T09:50:24.564+0000][163][gc,marking     ] GC(120) Concurrent Rebuild Remembered Sets 19.467ms
[2022-05-19T09:50:24.564+0000][163][gc,start       ] GC(120) Pause Cleanup
[2022-05-19T09:50:24.565+0000][163][gc             ] GC(120) Pause Cleanup 381M->381M(512M) 0.361ms
[2022-05-19T09:50:24.565+0000][163][gc,cpu         ] GC(120) User=0.00s Sys=0.00s Real=0.00s
[2022-05-19T09:50:24.565+0000][163][safepoint      ] Safepoint "G1Concurrent", Time since last: 20354100 ns, Reaching safepoint: 281900 ns, At safepoint: 835400 ns, Total: 1117300 ns
[2022-05-19T09:50:24.565+0000][163][gc,marking     ] GC(120) Concurrent Cleanup for Next Mark
[2022-05-19T09:50:24.566+0000][163][gc,marking     ] GC(120) Concurrent Cleanup for Next Mark 0.402ms
[2022-05-19T09:50:24.566+0000][163][gc             ] GC(120) Concurrent Mark Cycle 77.797ms
[2022-05-19T09:50:24.715+0000][163][gc,start       ] GC(121) Pause Young (Normal) (G1 Evacuation Pause)
[2022-05-19T09:50:24.716+0000][163][gc,task        ] GC(121) Using 10 workers of 10 for evacuation
[2022-05-19T09:50:24.716+0000][163][gc,age         ] GC(121) Desired survivor size 6291456 bytes, new threshold 7 (max threshold 15)
[2022-05-19T09:50:24.723+0000][163][gc,age         ] GC(121) Age table with threshold 7 (max threshold 15)
[2022-05-19T09:50:24.723+0000][163][gc,age         ] GC(121) - age   1:   12038040 bytes,   12038040 total
[2022-05-19T09:50:24.724+0000][163][gc,age         ] GC(121) - age   2:      37168 bytes,   12075208 total
[2022-05-19T09:50:24.724+0000][163][gc,age         ] GC(121) - age   3:       6784 bytes,   12081992 total
[2022-05-19T09:50:24.724+0000][163][gc,age         ] GC(121) - age   4:        216 bytes,   12082208 total
[2022-05-19T09:50:24.724+0000][163][gc,age         ] GC(121) - age   5:        696 bytes,   12082904 total
[2022-05-19T09:50:24.725+0000][163][gc,age         ] GC(121) - age   6:     393696 bytes,   12476600 total
[2022-05-19T09:50:24.725+0000][163][gc,age         ] GC(121) - age   7:        216 bytes,   12476816 total
[2022-05-19T09:50:24.725+0000][163][gc             ] GC(121) To-space exhausted
[2022-05-19T09:50:24.725+0000][163][gc,phases      ] GC(121)   Pre Evacuate Collection Set: 0.2ms
[2022-05-19T09:50:24.725+0000][163][gc,phases      ] GC(121)   Merge Heap Roots: 0.1ms
[2022-05-19T09:50:24.726+0000][163][gc,phases      ] GC(121)   Evacuate Collection Set: 6.3ms
[2022-05-19T09:50:24.726+0000][163][gc,phases      ] GC(121)   Post Evacuate Collection Set: 0.7ms
[2022-05-19T09:50:24.726+0000][163][gc,phases      ] GC(121)   Other: 2.6ms
[2022-05-19T09:50:24.726+0000][163][gc,heap        ] GC(121) Eden regions: 16->0(3)
[2022-05-19T09:50:24.726+0000][163][gc,heap        ] GC(121) Survivor regions: 2->3(3)
[2022-05-19T09:50:24.726+0000][163][gc,heap        ] GC(121) Old regions: 54->70
[2022-05-19T09:50:24.726+0000][163][gc,heap        ] GC(121) Archive regions: 2->2
[2022-05-19T09:50:24.726+0000][163][gc,heap        ] GC(121) Humongous regions: 41->32
[2022-05-19T09:50:24.727+0000][163][gc,metaspace   ] GC(121) Metaspace: 103018K(104384K)->103018K(104384K) NonClass: 88883K(89728K)->88883K(89728K) Class: 14135K(14656K)->14135K(14656K)
[2022-05-19T09:50:24.727+0000][163][gc             ] GC(121) Pause Young (Normal) (G1 Evacuation Pause) 444M->416M(512M) 11.338ms
[2022-05-19T09:50:24.727+0000][163][gc,cpu         ] GC(121) User=0.09s Sys=0.00s Real=0.01s
[2022-05-19T09:50:24.727+0000][163][safepoint      ] Safepoint "G1CollectForAllocation", Time since last: 150083600 ns, Reaching safepoint: 264500 ns, At safepoint: 11665100 ns, Total: 11929600 ns
[2022-05-19T09:50:24.837+0000][163][gc,start       ] GC(122) Pause Young (Concurrent Start) (G1 Evacuation Pause)
[2022-05-19T09:50:24.838+0000][163][gc,task        ] GC(122) Using 10 workers of 10 for evacuation
[2022-05-19T09:50:24.838+0000][163][gc,age         ] GC(122) Desired survivor size 2097152 bytes, new threshold 1 (max threshold 15)
[2022-05-19T09:50:24.842+0000][163][gc,age         ] GC(122) Age table with threshold 1 (max threshold 15)
[2022-05-19T09:50:24.842+0000][163][gc,age         ] GC(122) - age   1:    2437288 bytes,    2437288 total
[2022-05-19T09:50:24.843+0000][163][gc,phases      ] GC(122)   Pre Evacuate Collection Set: 0.4ms
[2022-05-19T09:50:24.843+0000][163][gc,phases      ] GC(122)   Merge Heap Roots: 0.3ms
[2022-05-19T09:50:24.843+0000][163][gc,phases      ] GC(122)   Evacuate Collection Set: 2.5ms
[2022-05-19T09:50:24.844+0000][163][gc,phases      ] GC(122)   Post Evacuate Collection Set: 0.9ms
[2022-05-19T09:50:24.844+0000][163][gc,phases      ] GC(122)   Other: 1.3ms
[2022-05-19T09:50:24.844+0000][163][gc,heap        ] GC(122) Eden regions: 3->0(5)
[2022-05-19T09:50:24.845+0000][163][gc,heap        ] GC(122) Survivor regions: 3->1(1)
[2022-05-19T09:50:24.845+0000][163][gc,heap        ] GC(122) Old regions: 70->74
[2022-05-19T09:50:24.845+0000][163][gc,heap        ] GC(122) Archive regions: 2->2
[2022-05-19T09:50:24.845+0000][163][gc,heap        ] GC(122) Humongous regions: 32->32
[2022-05-19T09:50:24.845+0000][163][gc,metaspace   ] GC(122) Metaspace: 103020K(104384K)->103020K(104384K) NonClass: 88885K(89728K)->88885K(89728K) Class: 14135K(14656K)->14135K(14656K)
[2022-05-19T09:50:24.845+0000][163][gc             ] GC(122) Pause Young (Concurrent Start) (G1 Evacuation Pause) 428M->418M(512M) 8.140ms
[2022-05-19T09:50:24.846+0000][163][gc,cpu         ] GC(122) User=0.02s Sys=0.00s Real=0.01s
[2022-05-19T09:50:24.846+0000][163][gc             ] GC(123) Concurrent Mark Cycle
[2022-05-19T09:50:24.846+0000][163][safepoint      ] Safepoint "G1CollectForAllocation", Time since last: 110027500 ns, Reaching safepoint: 286300 ns, At safepoint: 8508900 ns, Total: 8795200 ns
[2022-05-19T09:50:24.846+0000][163][gc,marking     ] GC(123) Concurrent Clear Claimed Marks
[2022-05-19T09:50:24.846+0000][163][gc,marking     ] GC(123) Concurrent Clear Claimed Marks 0.472ms
[2022-05-19T09:50:24.847+0000][163][gc,marking     ] GC(123) Concurrent Scan Root Regions
[2022-05-19T09:50:24.848+0000][163][gc,marking     ] GC(123) Concurrent Scan Root Regions 1.091ms
[2022-05-19T09:50:24.848+0000][163][gc,marking     ] GC(123) Concurrent Mark
[2022-05-19T09:50:24.848+0000][163][gc,marking     ] GC(123) Concurrent Mark From Roots
[2022-05-19T09:50:24.848+0000][163][gc,task        ] GC(123) Using 3 workers of 3 for marking
[2022-05-19T09:50:24.906+0000][163][gc,marking     ] GC(123) Concurrent Mark From Roots 57.565ms
[2022-05-19T09:50:24.906+0000][163][gc,marking     ] GC(123) Concurrent Preclean
[2022-05-19T09:50:24.907+0000][163][gc,marking     ] GC(123) Concurrent Preclean 0.709ms
[2022-05-19T09:50:24.907+0000][163][gc,start       ] GC(123) Pause Remark
[2022-05-19T09:50:24.911+0000][163][gc             ] GC(123) Pause Remark 422M->294M(512M) 4.048ms
[2022-05-19T09:50:24.911+0000][163][gc,cpu         ] GC(123) User=0.00s Sys=0.02s Real=0.01s
[2022-05-19T09:50:24.912+0000][163][safepoint      ] Safepoint "G1Concurrent", Time since last: 60971300 ns, Reaching safepoint: 198300 ns, At safepoint: 4530300 ns, Total: 4728600 ns
[2022-05-19T09:50:24.912+0000][163][gc,marking     ] GC(123) Concurrent Mark 63.956ms
[2022-05-19T09:50:24.912+0000][163][gc,marking     ] GC(123) Concurrent Rebuild Remembered Sets
[2022-05-19T09:50:24.936+0000][163][gc,marking     ] GC(123) Concurrent Rebuild Remembered Sets 24.303ms
[2022-05-19T09:50:24.937+0000][163][gc,start       ] GC(123) Pause Cleanup
[2022-05-19T09:50:24.937+0000][163][gc             ] GC(123) Pause Cleanup 296M->296M(512M) 0.422ms
[2022-05-19T09:50:24.938+0000][163][gc,cpu         ] GC(123) User=0.00s Sys=0.00s Real=0.01s
[2022-05-19T09:50:24.938+0000][163][safepoint      ] Safepoint "G1Concurrent", Time since last: 25082600 ns, Reaching safepoint: 354900 ns, At safepoint: 1011000 ns, Total: 1365900 ns
[2022-05-19T09:50:24.939+0000][163][gc,marking     ] GC(123) Concurrent Cleanup for Next Mark
[2022-05-19T09:50:24.939+0000][163][gc,marking     ] GC(123) Concurrent Cleanup for Next Mark 0.519ms
[2022-05-19T09:50:24.939+0000][163][gc             ] GC(123) Concurrent Mark Cycle 93.483ms
[2022-05-19T09:50:24.988+0000][163][gc,start       ] GC(124) Pause Young (Prepare Mixed) (G1 Evacuation Pause)
[2022-05-19T09:50:24.988+0000][163][gc,task        ] GC(124) Using 10 workers of 10 for evacuation
[2022-05-19T09:50:24.988+0000][163][gc,age         ] GC(124) Desired survivor size 2097152 bytes, new threshold 1 (max threshold 15)
[2022-05-19T09:50:24.990+0000][163][gc,age         ] GC(124) Age table with threshold 1 (max threshold 15)
[2022-05-19T09:50:24.990+0000][163][gc,age         ] GC(124) - age   1:    1872336 bytes,    1872336 total
[2022-05-19T09:50:24.990+0000][163][gc,phases      ] GC(124)   Pre Evacuate Collection Set: 0.2ms
[2022-05-19T09:50:24.991+0000][163][gc,phases      ] GC(124)   Merge Heap Roots: 0.2ms
[2022-05-19T09:50:24.991+0000][163][gc,phases      ] GC(124)   Evacuate Collection Set: 1.0ms
[2022-05-19T09:50:24.991+0000][163][gc,phases      ] GC(124)   Post Evacuate Collection Set: 0.5ms
[2022-05-19T09:50:24.991+0000][163][gc,phases      ] GC(124)   Other: 0.7ms
[2022-05-19T09:50:24.991+0000][163][gc,heap        ] GC(124) Eden regions: 5->0(5)
[2022-05-19T09:50:24.991+0000][163][gc,heap        ] GC(124) Survivor regions: 1->1(1)
[2022-05-19T09:50:24.991+0000][163][gc,heap        ] GC(124) Old regions: 68->68
[2022-05-19T09:50:24.991+0000][163][gc,heap        ] GC(124) Archive regions: 2->2
[2022-05-19T09:50:24.992+0000][163][gc,heap        ] GC(124) Humongous regions: 6->6
[2022-05-19T09:50:24.992+0000][163][gc,metaspace   ] GC(124) Metaspace: 103020K(104384K)->103020K(104384K) NonClass: 88885K(89728K)->88885K(89728K) Class: 14135K(14656K)->14135K(14656K)
[2022-05-19T09:50:24.992+0000][163][gc             ] GC(124) Pause Young (Prepare Mixed) (G1 Evacuation Pause) 310M->292M(512M) 3.921ms
[2022-05-19T09:50:24.992+0000][163][gc,cpu         ] GC(124) User=0.02s Sys=0.01s Real=0.00s
[2022-05-19T09:50:24.992+0000][163][safepoint      ] Safepoint "G1CollectForAllocation", Time since last: 49654300 ns, Reaching safepoint: 255400 ns, At safepoint: 4224400 ns, Total: 4479800 ns
[2022-05-19T09:50:25.050+0000][163][gc,start       ] GC(125) Pause Young (Mixed) (G1 Evacuation Pause)
[2022-05-19T09:50:25.050+0000][163][gc,task        ] GC(125) Using 10 workers of 10 for evacuation
[2022-05-19T09:50:25.050+0000][163][gc,age         ] GC(125) Desired survivor size 2097152 bytes, new threshold 15 (max threshold 15)
[2022-05-19T09:50:25.052+0000][163][gc,age         ] GC(125) Age table with threshold 15 (max threshold 15)
[2022-05-19T09:50:25.052+0000][163][gc,age         ] GC(125) - age   1:     590096 bytes,     590096 total
[2022-05-19T09:50:25.053+0000][163][gc,age         ] GC(125) - age   2:    1655648 bytes,    2245744 total
[2022-05-19T09:50:25.053+0000][163][gc,phases      ] GC(125)   Pre Evacuate Collection Set: 0.2ms
[2022-05-19T09:50:25.053+0000][163][gc,phases      ] GC(125)   Merge Heap Roots: 0.1ms
[2022-05-19T09:50:25.053+0000][163][gc,phases      ] GC(125)   Evacuate Collection Set: 1.1ms
[2022-05-19T09:50:25.053+0000][163][gc,phases      ] GC(125)   Post Evacuate Collection Set: 0.5ms
[2022-05-19T09:50:25.053+0000][163][gc,phases      ] GC(125)   Other: 0.9ms
[2022-05-19T09:50:25.053+0000][163][gc,heap        ] GC(125) Eden regions: 5->0(17)
[2022-05-19T09:50:25.053+0000][163][gc,heap        ] GC(125) Survivor regions: 1->1(1)
[2022-05-19T09:50:25.053+0000][163][gc,heap        ] GC(125) Old regions: 68->66
[2022-05-19T09:50:25.054+0000][163][gc,heap        ] GC(125) Archive regions: 2->2
[2022-05-19T09:50:25.054+0000][163][gc,heap        ] GC(125) Humongous regions: 6->6
[2022-05-19T09:50:25.054+0000][163][gc,metaspace   ] GC(125) Metaspace: 103020K(104384K)->103020K(104384K) NonClass: 88885K(89728K)->88885K(89728K) Class: 14135K(14656K)->14135K(14656K)
[2022-05-19T09:50:25.054+0000][163][gc             ] GC(125) Pause Young (Mixed) (G1 Evacuation Pause) 312M->285M(512M) 4.108ms
[2022-05-19T09:50:25.054+0000][163][gc,cpu         ] GC(125) User=0.01s Sys=0.00s Real=0.00s
[2022-05-19T09:50:25.054+0000][163][safepoint      ] Safepoint "G1CollectForAllocation", Time since last: 57512100 ns, Reaching safepoint: 192600 ns, At safepoint: 4448200 ns, Total: 4640800 ns
[2022-05-19T09:50:25.340+0000][163][gc,start       ] GC(126) Pause Young (Concurrent Start) (G1 Evacuation Pause)
[2022-05-19T09:50:25.340+0000][163][gc,task        ] GC(126) Using 10 workers of 10 for evacuation
[2022-05-19T09:50:25.340+0000][163][gc,age         ] GC(126) Desired survivor size 6291456 bytes, new threshold 15 (max threshold 15)
[2022-05-19T09:50:25.342+0000][163][gc,age         ] GC(126) Age table with threshold 15 (max threshold 15)
[2022-05-19T09:50:25.343+0000][163][gc,age         ] GC(126) - age   1:    2507504 bytes,    2507504 total
[2022-05-19T09:50:25.343+0000][163][gc,age         ] GC(126) - age   2:     206944 bytes,    2714448 total
[2022-05-19T09:50:25.343+0000][163][gc,age         ] GC(126) - age   3:     581720 bytes,    3296168 total
[2022-05-19T09:50:25.343+0000][163][gc,phases      ] GC(126)   Pre Evacuate Collection Set: 0.2ms
[2022-05-19T09:50:25.343+0000][163][gc,phases      ] GC(126)   Merge Heap Roots: 0.1ms
[2022-05-19T09:50:25.343+0000][163][gc,phases      ] GC(126)   Evacuate Collection Set: 1.2ms
[2022-05-19T09:50:25.343+0000][163][gc,phases      ] GC(126)   Post Evacuate Collection Set: 0.5ms
[2022-05-19T09:50:25.344+0000][163][gc,phases      ] GC(126)   Other: 1.3ms
[2022-05-19T09:50:25.344+0000][163][gc,heap        ] GC(126) Eden regions: 17->0(19)
[2022-05-19T09:50:25.344+0000][163][gc,heap        ] GC(126) Survivor regions: 1->1(3)
[2022-05-19T09:50:25.344+0000][163][gc,heap        ] GC(126) Old regions: 66->66
[2022-05-19T09:50:25.344+0000][163][gc,heap        ] GC(126) Archive regions: 2->2
[2022-05-19T09:50:25.344+0000][163][gc,heap        ] GC(126) Humongous regions: 6->6
[2022-05-19T09:50:25.345+0000][163][gc,metaspace   ] GC(126) Metaspace: 103020K(104384K)->103020K(104384K) NonClass: 88885K(89728K)->88885K(89728K) Class: 14135K(14656K)->14135K(14656K)
[2022-05-19T09:50:25.345+0000][163][gc             ] GC(126) Pause Young (Concurrent Start) (G1 Evacuation Pause) 353M->286M(512M) 5.112ms
[2022-05-19T09:50:25.345+0000][163][gc,cpu         ] GC(126) User=0.00s Sys=0.00s Real=0.00s
[2022-05-19T09:50:25.345+0000][163][gc             ] GC(127) Concurrent Mark Cycle
[2022-05-19T09:50:25.345+0000][163][safepoint      ] Safepoint "G1CollectForAllocation", Time since last: 284938200 ns, Reaching safepoint: 306100 ns, At safepoint: 5431800 ns, Total: 5737900 ns
[2022-05-19T09:50:25.345+0000][163][gc,marking     ] GC(127) Concurrent Clear Claimed Marks
[2022-05-19T09:50:25.345+0000][163][gc,marking     ] GC(127) Concurrent Clear Claimed Marks 0.303ms
[2022-05-19T09:50:25.346+0000][163][gc,marking     ] GC(127) Concurrent Scan Root Regions
[2022-05-19T09:50:25.346+0000][163][gc,marking     ] GC(127) Concurrent Scan Root Regions 0.903ms
[2022-05-19T09:50:25.347+0000][163][gc,marking     ] GC(127) Concurrent Mark
[2022-05-19T09:50:25.347+0000][163][gc,marking     ] GC(127) Concurrent Mark From Roots
[2022-05-19T09:50:25.347+0000][163][gc,task        ] GC(127) Using 3 workers of 3 for marking
[2022-05-19T09:50:25.391+0000][163][gc,marking     ] GC(127) Concurrent Mark From Roots 44.733ms
[2022-05-19T09:50:25.392+0000][163][gc,marking     ] GC(127) Concurrent Preclean
[2022-05-19T09:50:25.392+0000][163][gc,marking     ] GC(127) Concurrent Preclean 0.775ms
[2022-05-19T09:50:25.393+0000][163][gc,start       ] GC(127) Pause Remark
[2022-05-19T09:50:25.396+0000][163][gc             ] GC(127) Pause Remark 295M->287M(512M) 3.161ms
[2022-05-19T09:50:25.396+0000][163][gc,cpu         ] GC(127) User=0.02s Sys=0.00s Real=0.00s
[2022-05-19T09:50:25.397+0000][163][safepoint      ] Safepoint "G1Concurrent", Time since last: 47689900 ns, Reaching safepoint: 298300 ns, At safepoint: 3709800 ns, Total: 4008100 ns
[2022-05-19T09:50:25.397+0000][163][gc,marking     ] GC(127) Concurrent Mark 50.303ms
[2022-05-19T09:50:25.397+0000][163][gc,marking     ] GC(127) Concurrent Rebuild Remembered Sets
[2022-05-19T09:50:25.423+0000][163][gc,marking     ] GC(127) Concurrent Rebuild Remembered Sets 26.285ms
[2022-05-19T09:50:25.424+0000][163][gc,start       ] GC(127) Pause Cleanup
[2022-05-19T09:50:25.424+0000][163][gc             ] GC(127) Pause Cleanup 291M->291M(512M) 0.300ms
[2022-05-19T09:50:25.424+0000][163][gc,cpu         ] GC(127) User=0.00s Sys=0.00s Real=0.00s
[2022-05-19T09:50:25.425+0000][163][safepoint      ] Safepoint "G1Concurrent", Time since last: 26852100 ns, Reaching safepoint: 506600 ns, At safepoint: 598200 ns, Total: 1104800 ns
[2022-05-19T09:50:25.425+0000][163][gc,marking     ] GC(127) Concurrent Cleanup for Next Mark
[2022-05-19T09:50:25.425+0000][163][gc,marking     ] GC(127) Concurrent Cleanup for Next Mark 0.339ms
[2022-05-19T09:50:25.425+0000][163][gc             ] GC(127) Concurrent Mark Cycle 80.411ms
[2022-05-19T09:50:26.425+0000][163][safepoint      ] Safepoint "Cleanup", Time since last: 1000380900 ns, Reaching safepoint: 227300 ns, At safepoint: 47700 ns, Total: 275000 ns
[2022-05-19T09:50:42.428+0000][163][safepoint      ] Safepoint "Cleanup", Time since last: 16002361200 ns, Reaching safepoint: 288200 ns, At safepoint: 25500 ns, Total: 313700 ns
[2022-05-19T09:50:42.532+0000][163][gc,start       ] GC(128) Pause Young (Prepare Mixed) (G1 Evacuation Pause)
[2022-05-19T09:50:42.532+0000][163][gc,task        ] GC(128) Using 10 workers of 10 for evacuation
[2022-05-19T09:50:42.532+0000][163][gc,age         ] GC(128) Desired survivor size 6291456 bytes, new threshold 15 (max threshold 15)
[2022-05-19T09:50:42.535+0000][163][gc,age         ] GC(128) Age table with threshold 15 (max threshold 15)
[2022-05-19T09:50:42.535+0000][163][gc,age         ] GC(128) - age   1:    6765424 bytes,    6765424 total
[2022-05-19T09:50:42.536+0000][163][gc,age         ] GC(128) - age   2:    1038864 bytes,    7804288 total
[2022-05-19T09:50:42.536+0000][163][gc,age         ] GC(128) - age   3:     199392 bytes,    8003680 total
[2022-05-19T09:50:42.536+0000][163][gc,age         ] GC(128) - age   4:     575776 bytes,    8579456 total
[2022-05-19T09:50:42.537+0000][163][gc,phases      ] GC(128)   Pre Evacuate Collection Set: 0.3ms
[2022-05-19T09:50:42.537+0000][163][gc,phases      ] GC(128)   Merge Heap Roots: 0.2ms
[2022-05-19T09:50:42.537+0000][163][gc,phases      ] GC(128)   Evacuate Collection Set: 1.4ms
[2022-05-19T09:50:42.537+0000][163][gc,phases      ] GC(128)   Post Evacuate Collection Set: 0.7ms
[2022-05-19T09:50:42.537+0000][163][gc,phases      ] GC(128)   Other: 2.4ms
[2022-05-19T09:50:42.538+0000][163][gc,heap        ] GC(128) Eden regions: 19->0(3)
[2022-05-19T09:50:42.538+0000][163][gc,heap        ] GC(128) Survivor regions: 1->3(3)
[2022-05-19T09:50:42.538+0000][163][gc,heap        ] GC(128) Old regions: 64->64
[2022-05-19T09:50:42.538+0000][163][gc,heap        ] GC(128) Archive regions: 2->2
[2022-05-19T09:50:42.538+0000][163][gc,heap        ] GC(128) Humongous regions: 6->6
[2022-05-19T09:50:42.538+0000][163][gc,metaspace   ] GC(128) Metaspace: 103037K(104384K)->103037K(104384K) NonClass: 88900K(89728K)->88900K(89728K) Class: 14136K(14656K)->14136K(14656K)
[2022-05-19T09:50:42.539+0000][163][gc             ] GC(128) Pause Young (Prepare Mixed) (G1 Evacuation Pause) 354M->283M(512M) 6.876ms
[2022-05-19T09:50:42.539+0000][163][gc,cpu         ] GC(128) User=0.02s Sys=0.00s Real=0.01s
[2022-05-19T09:50:42.539+0000][163][safepoint      ] Safepoint "G1CollectForAllocation", Time since last: 103506100 ns, Reaching safepoint: 185200 ns, At safepoint: 7212700 ns, Total: 7397900 ns
[2022-05-19T09:50:42.625+0000][163][gc,start       ] GC(129) Pause Young (Mixed) (G1 Evacuation Pause)
[2022-05-19T09:50:42.625+0000][163][gc,task        ] GC(129) Using 10 workers of 10 for evacuation
[2022-05-19T09:50:42.626+0000][163][gc,age         ] GC(129) Desired survivor size 2097152 bytes, new threshold 1 (max threshold 15)
[2022-05-19T09:50:42.629+0000][163][gc,age         ] GC(129) Age table with threshold 1 (max threshold 15)
[2022-05-19T09:50:42.629+0000][163][gc,age         ] GC(129) - age   1:     396976 bytes,     396976 total
[2022-05-19T09:50:42.630+0000][163][gc,phases      ] GC(129)   Pre Evacuate Collection Set: 0.2ms
[2022-05-19T09:50:42.630+0000][163][gc,phases      ] GC(129)   Merge Heap Roots: 0.2ms
[2022-05-19T09:50:42.630+0000][163][gc,phases      ] GC(129)   Evacuate Collection Set: 2.0ms
[2022-05-19T09:50:42.630+0000][163][gc,phases      ] GC(129)   Post Evacuate Collection Set: 0.7ms
[2022-05-19T09:50:42.630+0000][163][gc,phases      ] GC(129)   Other: 1.3ms
[2022-05-19T09:50:42.631+0000][163][gc,heap        ] GC(129) Eden regions: 3->0(24)
[2022-05-19T09:50:42.631+0000][163][gc,heap        ] GC(129) Survivor regions: 3->1(1)
[2022-05-19T09:50:42.631+0000][163][gc,heap        ] GC(129) Old regions: 64->59
[2022-05-19T09:50:42.631+0000][163][gc,heap        ] GC(129) Archive regions: 2->2
[2022-05-19T09:50:42.631+0000][163][gc,heap        ] GC(129) Humongous regions: 6->6
[2022-05-19T09:50:42.631+0000][163][gc,metaspace   ] GC(129) Metaspace: 103037K(104384K)->103037K(104384K) NonClass: 88900K(89728K)->88900K(89728K) Class: 14136K(14656K)->14136K(14656K)
[2022-05-19T09:50:42.632+0000][163][gc             ] GC(129) Pause Young (Mixed) (G1 Evacuation Pause) 295M->255M(512M) 6.310ms
[2022-05-19T09:50:42.632+0000][163][gc,cpu         ] GC(129) User=0.02s Sys=0.00s Real=0.01s
[2022-05-19T09:50:42.632+0000][163][safepoint      ] Safepoint "G1CollectForAllocation", Time since last: 86076800 ns, Reaching safepoint: 276900 ns, At safepoint: 6586700 ns, Total: 6863600 ns
[2022-05-19T09:50:43.632+0000][163][safepoint      ] Safepoint "Cleanup", Time since last: 1000275500 ns, Reaching safepoint: 246400 ns, At safepoint: 6900 ns, Total: 253300 ns
[2022-05-19T09:50:50.634+0000][163][safepoint      ] Safepoint "Cleanup", Time since last: 7001186300 ns, Reaching safepoint: 370100 ns, At safepoint: 12200 ns, Total: 382300 ns
[2022-05-19T09:50:51.635+0000][163][safepoint      ] Safepoint "Cleanup", Time since last: 1000541900 ns, Reaching safepoint: 348200 ns, At safepoint: 10800 ns, Total: 359000 ns
[2022-05-19T09:50:53.636+0000][163][safepoint      ] Safepoint "Cleanup", Time since last: 2000571900 ns, Reaching safepoint: 289600 ns, At safepoint: 32700 ns, Total: 322300 ns
[2022-05-19T09:51:03.491+0000][163][gc,start       ] GC(130) Pause Young (Concurrent Start) (G1 Evacuation Pause)
[2022-05-19T09:51:03.492+0000][163][gc,task        ] GC(130) Using 10 workers of 10 for evacuation
[2022-05-19T09:51:03.492+0000][163][gc,age         ] GC(130) Desired survivor size 8388608 bytes, new threshold 15 (max threshold 15)
[2022-05-19T09:51:03.495+0000][163][gc,age         ] GC(130) Age table with threshold 15 (max threshold 15)
[2022-05-19T09:51:03.495+0000][163][gc,age         ] GC(130) - age   1:    5956056 bytes,    5956056 total
[2022-05-19T09:51:03.496+0000][163][gc,age         ] GC(130) - age   2:     198360 bytes,    6154416 total
[2022-05-19T09:51:03.496+0000][163][gc,phases      ] GC(130)   Pre Evacuate Collection Set: 0.3ms
[2022-05-19T09:51:03.496+0000][163][gc,phases      ] GC(130)   Merge Heap Roots: 0.2ms
[2022-05-19T09:51:03.496+0000][163][gc,phases      ] GC(130)   Evacuate Collection Set: 1.7ms
[2022-05-19T09:51:03.496+0000][163][gc,phases      ] GC(130)   Post Evacuate Collection Set: 0.8ms
[2022-05-19T09:51:03.497+0000][163][gc,phases      ] GC(130)   Other: 1.5ms
[2022-05-19T09:51:03.497+0000][163][gc,heap        ] GC(130) Eden regions: 24->0(25)
[2022-05-19T09:51:03.497+0000][163][gc,heap        ] GC(130) Survivor regions: 1->2(4)
[2022-05-19T09:51:03.497+0000][163][gc,heap        ] GC(130) Old regions: 59->59
[2022-05-19T09:51:03.497+0000][163][gc,heap        ] GC(130) Archive regions: 2->2
[2022-05-19T09:51:03.497+0000][163][gc,heap        ] GC(130) Humongous regions: 6->6
[2022-05-19T09:51:03.498+0000][163][gc,metaspace   ] GC(130) Metaspace: 103094K(104448K)->103094K(104448K) NonClass: 88957K(89792K)->88957K(89792K) Class: 14136K(14656K)->14136K(14656K)
[2022-05-19T09:51:03.498+0000][163][gc             ] GC(130) Pause Young (Concurrent Start) (G1 Evacuation Pause) 351M->261M(512M) 6.431ms
[2022-05-19T09:51:03.498+0000][163][gc,cpu         ] GC(130) User=0.02s Sys=0.00s Real=0.01s
[2022-05-19T09:51:03.498+0000][163][gc             ] GC(131) Concurrent Mark Cycle
[2022-05-19T09:51:03.498+0000][163][safepoint      ] Safepoint "G1CollectForAllocation", Time since last: 9855115100 ns, Reaching safepoint: 286900 ns, At safepoint: 6846000 ns, Total: 7132900 ns
[2022-05-19T09:51:03.498+0000][163][gc,marking     ] GC(131) Concurrent Clear Claimed Marks
[2022-05-19T09:51:03.499+0000][163][gc,marking     ] GC(131) Concurrent Clear Claimed Marks 0.398ms
[2022-05-19T09:51:03.499+0000][163][gc,marking     ] GC(131) Concurrent Scan Root Regions
[2022-05-19T09:51:03.500+0000][163][gc,marking     ] GC(131) Concurrent Scan Root Regions 1.157ms
[2022-05-19T09:51:03.500+0000][163][gc,marking     ] GC(131) Concurrent Mark
[2022-05-19T09:51:03.500+0000][163][gc,marking     ] GC(131) Concurrent Mark From Roots
[2022-05-19T09:51:03.500+0000][163][gc,task        ] GC(131) Using 3 workers of 3 for marking
[2022-05-19T09:51:03.551+0000][163][gc,marking     ] GC(131) Concurrent Mark From Roots 51.068ms
[2022-05-19T09:51:03.552+0000][163][gc,marking     ] GC(131) Concurrent Preclean
[2022-05-19T09:51:03.552+0000][163][gc,marking     ] GC(131) Concurrent Preclean 0.681ms
[2022-05-19T09:51:03.553+0000][163][gc,start       ] GC(131) Pause Remark
[2022-05-19T09:51:03.556+0000][163][gc             ] GC(131) Pause Remark 266M->190M(512M) 3.345ms
[2022-05-19T09:51:03.556+0000][163][gc,cpu         ] GC(131) User=0.03s Sys=0.00s Real=0.00s
[2022-05-19T09:51:03.557+0000][163][safepoint      ] Safepoint "G1Concurrent", Time since last: 54386400 ns, Reaching safepoint: 265600 ns, At safepoint: 3793900 ns, Total: 4059500 ns
[2022-05-19T09:51:03.557+0000][163][gc,marking     ] GC(131) Concurrent Mark 56.635ms
[2022-05-19T09:51:03.557+0000][163][gc,marking     ] GC(131) Concurrent Rebuild Remembered Sets
[2022-05-19T09:51:03.579+0000][163][gc,marking     ] GC(131) Concurrent Rebuild Remembered Sets 22.552ms
[2022-05-19T09:51:03.580+0000][163][gc,start       ] GC(131) Pause Cleanup
[2022-05-19T09:51:03.580+0000][163][gc             ] GC(131) Pause Cleanup 193M->193M(512M) 0.330ms
[2022-05-19T09:51:03.581+0000][163][gc,cpu         ] GC(131) User=0.00s Sys=0.00s Real=0.00s
[2022-05-19T09:51:03.581+0000][163][safepoint      ] Safepoint "G1Concurrent", Time since last: 23244800 ns, Reaching safepoint: 259400 ns, At safepoint: 693500 ns, Total: 952900 ns
[2022-05-19T09:51:03.581+0000][163][gc,marking     ] GC(131) Concurrent Cleanup for Next Mark
[2022-05-19T09:51:03.581+0000][163][gc,marking     ] GC(131) Concurrent Cleanup for Next Mark 0.384ms
[2022-05-19T09:51:03.581+0000][163][gc             ] GC(131) Concurrent Mark Cycle 83.380ms
[2022-05-19T09:51:04.581+0000][163][safepoint      ] Safepoint "Cleanup", Time since last: 1000325300 ns, Reaching safepoint: 195700 ns, At safepoint: 8000 ns, Total: 203700 ns
[2022-05-19T09:51:05.582+0000][163][safepoint      ] Safepoint "Cleanup", Time since last: 1000498900 ns, Reaching safepoint: 215100 ns, At safepoint: 8600 ns, Total: 223700 ns
[2022-05-19T09:51:06.583+0000][163][safepoint      ] Safepoint "Cleanup", Time since last: 1000400000 ns, Reaching safepoint: 261900 ns, At safepoint: 21300 ns, Total: 283200 ns
[2022-05-19T09:51:07.583+0000][163][safepoint      ] Safepoint "Cleanup", Time since last: 1000491200 ns, Reaching safepoint: 277200 ns, At safepoint: 6800 ns, Total: 284000 ns
[2022-05-19T09:51:11.585+0000][163][safepoint      ] Safepoint "Cleanup", Time since last: 4000839900 ns, Reaching safepoint: 261100 ns, At safepoint: 24500 ns, Total: 285600 ns
[2022-05-19T09:51:14.586+0000][163][safepoint      ] Safepoint "Cleanup", Time since last: 3000704500 ns, Reaching safepoint: 222900 ns, At safepoint: 7700 ns, Total: 230600 ns
[2022-05-19T09:51:15.586+0000][163][safepoint      ] Safepoint "Cleanup", Time since last: 1000453100 ns, Reaching safepoint: 175000 ns, At safepoint: 6400 ns, Total: 181400 ns
[2022-05-19T09:51:22.587+0000][163][safepoint      ] Safepoint "Cleanup", Time since last: 7001103600 ns, Reaching safepoint: 197400 ns, At safepoint: 7800 ns, Total: 205200 ns
[2022-05-19T09:51:22.950+0000][163][gc,start       ] GC(132) Pause Young (Prepare Mixed) (G1 Evacuation Pause)
[2022-05-19T09:51:22.950+0000][163][gc,task        ] GC(132) Using 10 workers of 10 for evacuation
[2022-05-19T09:51:22.950+0000][163][gc,age         ] GC(132) Desired survivor size 8388608 bytes, new threshold 15 (max threshold 15)
[2022-05-19T09:51:22.952+0000][163][gc,age         ] GC(132) Age table with threshold 15 (max threshold 15)
[2022-05-19T09:51:22.953+0000][163][gc,age         ] GC(132) - age   1:    1366480 bytes,    1366480 total
[2022-05-19T09:51:22.953+0000][163][gc,age         ] GC(132) - age   2:    5213280 bytes,    6579760 total
[2022-05-19T09:51:22.953+0000][163][gc,age         ] GC(132) - age   3:     198248 bytes,    6778008 total
[2022-05-19T09:51:22.953+0000][163][gc,phases      ] GC(132)   Pre Evacuate Collection Set: 0.2ms
[2022-05-19T09:51:22.953+0000][163][gc,phases      ] GC(132)   Merge Heap Roots: 0.2ms
[2022-05-19T09:51:22.954+0000][163][gc,phases      ] GC(132)   Evacuate Collection Set: 1.3ms
[2022-05-19T09:51:22.954+0000][163][gc,phases      ] GC(132)   Post Evacuate Collection Set: 0.7ms
[2022-05-19T09:51:22.954+0000][163][gc,phases      ] GC(132)   Other: 1.1ms
[2022-05-19T09:51:22.954+0000][163][gc,heap        ] GC(132) Eden regions: 25->0(4)
[2022-05-19T09:51:22.954+0000][163][gc,heap        ] GC(132) Survivor regions: 2->2(4)
[2022-05-19T09:51:22.954+0000][163][gc,heap        ] GC(132) Old regions: 40->40
[2022-05-19T09:51:22.954+0000][163][gc,heap        ] GC(132) Archive regions: 2->2
[2022-05-19T09:51:22.955+0000][163][gc,heap        ] GC(132) Humongous regions: 6->6
[2022-05-19T09:51:22.955+0000][163][gc,metaspace   ] GC(132) Metaspace: 103145K(104512K)->103145K(104512K) NonClass: 89008K(89856K)->89008K(89856K) Class: 14136K(14656K)->14136K(14656K)
[2022-05-19T09:51:22.955+0000][163][gc             ] GC(132) Pause Young (Prepare Mixed) (G1 Evacuation Pause) 285M->185M(512M) 5.157ms
[2022-05-19T09:51:22.955+0000][163][gc,cpu         ] GC(132) User=0.01s Sys=0.00s Real=0.00s
[2022-05-19T09:51:22.955+0000][163][safepoint      ] Safepoint "G1CollectForAllocation", Time since last: 361972700 ns, Reaching safepoint: 200800 ns, At safepoint: 5467200 ns, Total: 5668000 ns
[2022-05-19T09:51:22.999+0000][163][gc,start       ] GC(133) Pause Young (Mixed) (G1 Evacuation Pause)
[2022-05-19T09:51:23.000+0000][163][gc,task        ] GC(133) Using 10 workers of 10 for evacuation
[2022-05-19T09:51:23.000+0000][163][gc,age         ] GC(133) Desired survivor size 2097152 bytes, new threshold 2 (max threshold 15)
[2022-05-19T09:51:23.002+0000][163][gc,age         ] GC(133) Age table with threshold 2 (max threshold 15)
[2022-05-19T09:51:23.003+0000][163][gc,age         ] GC(133) - age   1:      29440 bytes,      29440 total
[2022-05-19T09:51:23.003+0000][163][gc,age         ] GC(133) - age   2:    1335472 bytes,    1364912 total
[2022-05-19T09:51:23.003+0000][163][gc,phases      ] GC(133)   Pre Evacuate Collection Set: 0.2ms
[2022-05-19T09:51:23.003+0000][163][gc,phases      ] GC(133)   Merge Heap Roots: 0.1ms
[2022-05-19T09:51:23.003+0000][163][gc,phases      ] GC(133)   Evacuate Collection Set: 1.5ms
[2022-05-19T09:51:23.003+0000][163][gc,phases      ] GC(133)   Post Evacuate Collection Set: 0.7ms
[2022-05-19T09:51:23.004+0000][163][gc,phases      ] GC(133)   Other: 1.1ms
[2022-05-19T09:51:23.004+0000][163][gc,heap        ] GC(133) Eden regions: 4->0(48)
[2022-05-19T09:51:23.004+0000][163][gc,heap        ] GC(133) Survivor regions: 2->1(1)
[2022-05-19T09:51:23.004+0000][163][gc,heap        ] GC(133) Old regions: 40->30
[2022-05-19T09:51:23.004+0000][163][gc,heap        ] GC(133) Archive regions: 2->2
[2022-05-19T09:51:23.004+0000][163][gc,heap        ] GC(133) Humongous regions: 6->6
[2022-05-19T09:51:23.004+0000][163][gc,metaspace   ] GC(133) Metaspace: 103145K(104512K)->103145K(104512K) NonClass: 89008K(89856K)->89008K(89856K) Class: 14136K(14656K)->14136K(14656K)
[2022-05-19T09:51:23.004+0000][163][gc             ] GC(133) Pause Young (Mixed) (G1 Evacuation Pause) 201M->139M(512M) 5.120ms
[2022-05-19T09:51:23.005+0000][163][gc,cpu         ] GC(133) User=0.02s Sys=0.00s Real=0.00s
[2022-05-19T09:51:23.005+0000][163][safepoint      ] Safepoint "G1CollectForAllocation", Time since last: 44012700 ns, Reaching safepoint: 182200 ns, At safepoint: 5484700 ns, Total: 5666900 ns
[2022-05-19T09:51:24.158+0000][163][gc,start       ] GC(134) Pause Young (Concurrent Start) (G1 Humongous Allocation)
[2022-05-19T09:51:24.158+0000][163][gc,task        ] GC(134) Using 10 workers of 10 for evacuation
[2022-05-19T09:51:24.158+0000][163][gc,age         ] GC(134) Desired survivor size 14680064 bytes, new threshold 15 (max threshold 15)
[2022-05-19T09:51:24.161+0000][163][gc,age         ] GC(134) Age table with threshold 15 (max threshold 15)
[2022-05-19T09:51:24.162+0000][163][gc,age         ] GC(134) - age   1:   10838056 bytes,   10838056 total
[2022-05-19T09:51:24.162+0000][163][gc,age         ] GC(134) - age   3:     933232 bytes,   11771288 total
[2022-05-19T09:51:24.162+0000][163][gc,phases      ] GC(134)   Pre Evacuate Collection Set: 0.2ms
[2022-05-19T09:51:24.162+0000][163][gc,phases      ] GC(134)   Merge Heap Roots: 0.2ms
[2022-05-19T09:51:24.163+0000][163][gc,phases      ] GC(134)   Evacuate Collection Set: 1.9ms
[2022-05-19T09:51:24.163+0000][163][gc,phases      ] GC(134)   Post Evacuate Collection Set: 0.6ms
[2022-05-19T09:51:24.163+0000][163][gc,phases      ] GC(134)   Other: 1.4ms
[2022-05-19T09:51:24.163+0000][163][gc,heap        ] GC(134) Eden regions: 21->0(48)
[2022-05-19T09:51:24.163+0000][163][gc,heap        ] GC(134) Survivor regions: 1->3(7)
[2022-05-19T09:51:24.163+0000][163][gc,heap        ] GC(134) Old regions: 30->30
[2022-05-19T09:51:24.164+0000][163][gc,heap        ] GC(134) Archive regions: 2->2
[2022-05-19T09:51:24.164+0000][163][gc,heap        ] GC(134) Humongous regions: 6->6
[2022-05-19T09:51:24.164+0000][163][gc,metaspace   ] GC(134) Metaspace: 103181K(104512K)->103181K(104512K) NonClass: 89044K(89856K)->89044K(89856K) Class: 14136K(14656K)->14136K(14656K)
[2022-05-19T09:51:24.164+0000][163][gc             ] GC(134) Pause Young (Concurrent Start) (G1 Humongous Allocation) 222M->150M(512M) 6.082ms
[2022-05-19T09:51:24.164+0000][163][gc,cpu         ] GC(134) User=0.02s Sys=0.00s Real=0.00s
[2022-05-19T09:51:24.164+0000][163][gc             ] GC(135) Concurrent Mark Cycle
[2022-05-19T09:51:24.164+0000][163][gc,marking     ] GC(135) Concurrent Clear Claimed Marks
[2022-05-19T09:51:24.164+0000][163][safepoint      ] Safepoint "G1TryInitiateConcMark", Time since last: 1152845300 ns, Reaching safepoint: 203100 ns, At safepoint: 6395800 ns, Total: 6598900 ns
[2022-05-19T09:51:24.165+0000][163][gc,marking     ] GC(135) Concurrent Clear Claimed Marks 0.197ms
[2022-05-19T09:51:24.165+0000][163][gc,marking     ] GC(135) Concurrent Scan Root Regions
[2022-05-19T09:51:24.166+0000][163][gc,marking     ] GC(135) Concurrent Scan Root Regions 1.134ms
[2022-05-19T09:51:24.166+0000][163][gc,marking     ] GC(135) Concurrent Mark
[2022-05-19T09:51:24.166+0000][163][gc,marking     ] GC(135) Concurrent Mark From Roots
[2022-05-19T09:51:24.166+0000][163][gc,task        ] GC(135) Using 3 workers of 3 for marking
[2022-05-19T09:51:24.215+0000][163][gc,marking     ] GC(135) Concurrent Mark From Roots 48.713ms
[2022-05-19T09:51:24.215+0000][163][gc,marking     ] GC(135) Concurrent Preclean
[2022-05-19T09:51:24.216+0000][163][gc,marking     ] GC(135) Concurrent Preclean 0.712ms
[2022-05-19T09:51:24.216+0000][163][gc,start       ] GC(135) Pause Remark
[2022-05-19T09:51:24.220+0000][163][gc             ] GC(135) Pause Remark 196M->196M(512M) 3.887ms
[2022-05-19T09:51:24.221+0000][163][gc,cpu         ] GC(135) User=0.03s Sys=0.00s Real=0.01s
[2022-05-19T09:51:24.221+0000][163][safepoint      ] Safepoint "G1Concurrent", Time since last: 51925700 ns, Reaching safepoint: 266700 ns, At safepoint: 4336000 ns, Total: 4602700 ns
[2022-05-19T09:51:24.221+0000][163][gc,marking     ] GC(135) Concurrent Mark 54.870ms
[2022-05-19T09:51:24.221+0000][163][gc,marking     ] GC(135) Concurrent Rebuild Remembered Sets
[2022-05-19T09:51:24.244+0000][163][gc,marking     ] GC(135) Concurrent Rebuild Remembered Sets 22.555ms
[2022-05-19T09:51:24.244+0000][163][gc,start       ] GC(135) Pause Cleanup
[2022-05-19T09:51:24.245+0000][163][gc             ] GC(135) Pause Cleanup 199M->199M(512M) 0.366ms
[2022-05-19T09:51:24.245+0000][163][gc,cpu         ] GC(135) User=0.01s Sys=0.00s Real=0.00s
[2022-05-19T09:51:24.245+0000][163][safepoint      ] Safepoint "G1Concurrent", Time since last: 23202800 ns, Reaching safepoint: 302400 ns, At safepoint: 735500 ns, Total: 1037900 ns
[2022-05-19T09:51:24.245+0000][163][gc,marking     ] GC(135) Concurrent Cleanup for Next Mark
[2022-05-19T09:51:24.246+0000][163][gc,marking     ] GC(135) Concurrent Cleanup for Next Mark 0.408ms
[2022-05-19T09:51:24.246+0000][163][gc             ] GC(135) Concurrent Mark Cycle 81.583ms
[2022-05-19T09:51:25.426+0000][163][gc,start       ] GC(136) Pause Young (Prepare Mixed) (G1 Evacuation Pause)
[2022-05-19T09:51:25.426+0000][163][gc,task        ] GC(136) Using 10 workers of 10 for evacuation
[2022-05-19T09:51:25.427+0000][163][gc,age         ] GC(136) Desired survivor size 14680064 bytes, new threshold 15 (max threshold 15)
[2022-05-19T09:51:25.430+0000][163][gc,age         ] GC(136) Age table with threshold 15 (max threshold 15)
[2022-05-19T09:51:25.430+0000][163][gc,age         ] GC(136) - age   1:    6767008 bytes,    6767008 total
[2022-05-19T09:51:25.430+0000][163][gc,age         ] GC(136) - age   2:    9647696 bytes,   16414704 total
[2022-05-19T09:51:25.431+0000][163][gc,age         ] GC(136) - age   4:     353608 bytes,   16768312 total
[2022-05-19T09:51:25.431+0000][163][gc,phases      ] GC(136)   Pre Evacuate Collection Set: 0.2ms
[2022-05-19T09:51:25.431+0000][163][gc,phases      ] GC(136)   Merge Heap Roots: 0.1ms
[2022-05-19T09:51:25.431+0000][163][gc,phases      ] GC(136)   Evacuate Collection Set: 2.3ms
[2022-05-19T09:51:25.431+0000][163][gc,phases      ] GC(136)   Post Evacuate Collection Set: 0.6ms
[2022-05-19T09:51:25.431+0000][163][gc,phases      ] GC(136)   Other: 1.4ms
[2022-05-19T09:51:25.432+0000][163][gc,heap        ] GC(136) Eden regions: 48->0(1)
[2022-05-19T09:51:25.432+0000][163][gc,heap        ] GC(136) Survivor regions: 3->5(7)
[2022-05-19T09:51:25.432+0000][163][gc,heap        ] GC(136) Old regions: 30->30
[2022-05-19T09:51:25.432+0000][163][gc,heap        ] GC(136) Archive regions: 2->2
[2022-05-19T09:51:25.432+0000][163][gc,heap        ] GC(136) Humongous regions: 14->9
[2022-05-19T09:51:25.432+0000][163][gc,metaspace   ] GC(136) Metaspace: 103181K(104512K)->103181K(104512K) NonClass: 89044K(89856K)->89044K(89856K) Class: 14136K(14656K)->14136K(14656K)
[2022-05-19T09:51:25.432+0000][163][gc             ] GC(136) Pause Young (Prepare Mixed) (G1 Evacuation Pause) 374M->166M(512M) 6.279ms
[2022-05-19T09:51:25.433+0000][163][gc,cpu         ] GC(136) User=0.02s Sys=0.00s Real=0.01s
[2022-05-19T09:51:25.433+0000][163][safepoint      ] Safepoint "G1CollectForAllocation", Time since last: 1180936300 ns, Reaching safepoint: 194100 ns, At safepoint: 6666800 ns, Total: 6860900 ns
[2022-05-19T09:51:25.460+0000][163][gc,start       ] GC(137) Pause Young (Mixed) (G1 Evacuation Pause)
[2022-05-19T09:51:25.460+0000][163][gc,task        ] GC(137) Using 10 workers of 10 for evacuation
[2022-05-19T09:51:25.460+0000][163][gc,age         ] GC(137) Desired survivor size 2097152 bytes, new threshold 1 (max threshold 15)
[2022-05-19T09:51:25.464+0000][163][gc,age         ] GC(137) Age table with threshold 1 (max threshold 15)
[2022-05-19T09:51:25.464+0000][163][gc,age         ] GC(137) - age   1:      33056 bytes,      33056 total
[2022-05-19T09:51:25.464+0000][163][gc,phases      ] GC(137)   Pre Evacuate Collection Set: 0.2ms
[2022-05-19T09:51:25.464+0000][163][gc,phases      ] GC(137)   Merge Heap Roots: 0.2ms
[2022-05-19T09:51:25.465+0000][163][gc,phases      ] GC(137)   Evacuate Collection Set: 2.1ms
[2022-05-19T09:51:25.465+0000][163][gc,phases      ] GC(137)   Post Evacuate Collection Set: 0.7ms
[2022-05-19T09:51:25.465+0000][163][gc,phases      ] GC(137)   Other: 1.3ms
[2022-05-19T09:51:25.465+0000][163][gc,heap        ] GC(137) Eden regions: 1->0(47)
[2022-05-19T09:51:25.465+0000][163][gc,heap        ] GC(137) Survivor regions: 5->1(1)
[2022-05-19T09:51:25.466+0000][163][gc,heap        ] GC(137) Old regions: 30->33
[2022-05-19T09:51:25.466+0000][163][gc,heap        ] GC(137) Archive regions: 2->2
[2022-05-19T09:51:25.466+0000][163][gc,heap        ] GC(137) Humongous regions: 9->9
[2022-05-19T09:51:25.466+0000][163][gc,metaspace   ] GC(137) Metaspace: 103181K(104512K)->103181K(104512K) NonClass: 89044K(89856K)->89044K(89856K) Class: 14136K(14656K)->14136K(14656K)
[2022-05-19T09:51:25.466+0000][163][gc             ] GC(137) Pause Young (Mixed) (G1 Evacuation Pause) 170M->162M(512M) 6.191ms
[2022-05-19T09:51:25.466+0000][163][gc,cpu         ] GC(137) User=0.02s Sys=0.00s Real=0.00s
[2022-05-19T09:51:25.466+0000][163][safepoint      ] Safepoint "G1CollectForAllocation", Time since last: 26719300 ns, Reaching safepoint: 230400 ns, At safepoint: 6498000 ns, Total: 6728400 ns
[2022-05-19T09:51:26.825+0000][163][gc,start       ] GC(138) Pause Young (Concurrent Start) (G1 Evacuation Pause)
[2022-05-19T09:51:26.825+0000][163][gc,task        ] GC(138) Using 10 workers of 10 for evacuation
[2022-05-19T09:51:26.826+0000][163][gc,age         ] GC(138) Desired survivor size 12582912 bytes, new threshold 15 (max threshold 15)
[2022-05-19T09:51:26.828+0000][163][gc,age         ] GC(138) Age table with threshold 15 (max threshold 15)
[2022-05-19T09:51:26.828+0000][163][gc,age         ] GC(138) - age   1:    3576872 bytes,    3576872 total
[2022-05-19T09:51:26.829+0000][163][gc,age         ] GC(138) - age   2:      32784 bytes,    3609656 total
[2022-05-19T09:51:26.829+0000][163][gc,phases      ] GC(138)   Pre Evacuate Collection Set: 0.2ms
[2022-05-19T09:51:26.829+0000][163][gc,phases      ] GC(138)   Merge Heap Roots: 0.2ms
[2022-05-19T09:51:26.830+0000][163][gc,phases      ] GC(138)   Evacuate Collection Set: 1.1ms
[2022-05-19T09:51:26.830+0000][163][gc,phases      ] GC(138)   Post Evacuate Collection Set: 0.6ms
[2022-05-19T09:51:26.830+0000][163][gc,phases      ] GC(138)   Other: 1.8ms
[2022-05-19T09:51:26.830+0000][163][gc,heap        ] GC(138) Eden regions: 47->0(49)
[2022-05-19T09:51:26.831+0000][163][gc,heap        ] GC(138) Survivor regions: 1->1(6)
[2022-05-19T09:51:26.831+0000][163][gc,heap        ] GC(138) Old regions: 33->33
[2022-05-19T09:51:26.831+0000][163][gc,heap        ] GC(138) Archive regions: 2->2
[2022-05-19T09:51:26.831+0000][163][gc,heap        ] GC(138) Humongous regions: 9->9
[2022-05-19T09:51:26.831+0000][163][gc,metaspace   ] GC(138) Metaspace: 103181K(104512K)->103181K(104512K) NonClass: 89044K(89856K)->89044K(89856K) Class: 14136K(14656K)->14136K(14656K)
[2022-05-19T09:51:26.832+0000][163][gc             ] GC(138) Pause Young (Concurrent Start) (G1 Evacuation Pause) 350M->166M(512M) 6.426ms
[2022-05-19T09:51:26.832+0000][163][gc,cpu         ] GC(138) User=0.01s Sys=0.00s Real=0.01s
[2022-05-19T09:51:26.832+0000][163][safepoint      ] Safepoint "G1CollectForAllocation", Time since last: 1358626500 ns, Reaching safepoint: 190500 ns, At safepoint: 6807700 ns, Total: 6998200 ns
[2022-05-19T09:51:26.832+0000][163][gc             ] GC(139) Concurrent Mark Cycle
[2022-05-19T09:51:26.832+0000][163][gc,marking     ] GC(139) Concurrent Clear Claimed Marks
[2022-05-19T09:51:26.832+0000][163][gc,marking     ] GC(139) Concurrent Clear Claimed Marks 0.197ms
[2022-05-19T09:51:26.833+0000][163][gc,marking     ] GC(139) Concurrent Scan Root Regions
[2022-05-19T09:51:26.833+0000][163][gc,marking     ] GC(139) Concurrent Scan Root Regions 0.912ms
[2022-05-19T09:51:26.834+0000][163][gc,marking     ] GC(139) Concurrent Mark
[2022-05-19T09:51:26.834+0000][163][gc,marking     ] GC(139) Concurrent Mark From Roots
[2022-05-19T09:51:26.834+0000][163][gc,task        ] GC(139) Using 3 workers of 3 for marking
[2022-05-19T09:51:26.874+0000][163][gc,marking     ] GC(139) Concurrent Mark From Roots 40.540ms
[2022-05-19T09:51:26.875+0000][163][gc,marking     ] GC(139) Concurrent Preclean
[2022-05-19T09:51:26.875+0000][163][gc,marking     ] GC(139) Concurrent Preclean 0.665ms
[2022-05-19T09:51:26.876+0000][163][gc,start       ] GC(139) Pause Remark
[2022-05-19T09:51:26.879+0000][163][gc             ] GC(139) Pause Remark 172M->172M(512M) 3.319ms
[2022-05-19T09:51:26.880+0000][163][gc,cpu         ] GC(139) User=0.02s Sys=0.00s Real=0.01s
[2022-05-19T09:51:26.880+0000][163][safepoint      ] Safepoint "G1Concurrent", Time since last: 43699200 ns, Reaching safepoint: 297700 ns, At safepoint: 3987800 ns, Total: 4285500 ns
[2022-05-19T09:51:26.880+0000][163][gc,marking     ] GC(139) Concurrent Mark 46.587ms
[2022-05-19T09:51:26.880+0000][163][gc,marking     ] GC(139) Concurrent Rebuild Remembered Sets
[2022-05-19T09:51:26.901+0000][163][gc,marking     ] GC(139) Concurrent Rebuild Remembered Sets 20.723ms
[2022-05-19T09:51:26.902+0000][163][gc,start       ] GC(139) Pause Cleanup
[2022-05-19T09:51:26.902+0000][163][gc             ] GC(139) Pause Cleanup 174M->174M(512M) 0.350ms
[2022-05-19T09:51:26.902+0000][163][gc,cpu         ] GC(139) User=0.00s Sys=0.00s Real=0.00s
[2022-05-19T09:51:26.902+0000][163][safepoint      ] Safepoint "G1Concurrent", Time since last: 21505500 ns, Reaching safepoint: 262700 ns, At safepoint: 703100 ns, Total: 965800 ns
[2022-05-19T09:51:26.902+0000][163][gc,marking     ] GC(139) Concurrent Cleanup for Next Mark
[2022-05-19T09:51:26.903+0000][163][gc,marking     ] GC(139) Concurrent Cleanup for Next Mark 0.322ms
[2022-05-19T09:51:26.903+0000][163][gc             ] GC(139) Concurrent Mark Cycle 71.066ms
[2022-05-19T09:51:27.903+0000][163][safepoint      ] Safepoint "Cleanup", Time since last: 1000241400 ns, Reaching safepoint: 310900 ns, At safepoint: 25900 ns, Total: 336800 ns
[2022-05-19T09:51:27.952+0000][163][gc,start       ] GC(140) Pause Young (Prepare Mixed) (G1 Evacuation Pause)
[2022-05-19T09:51:27.952+0000][163][gc,task        ] GC(140) Using 10 workers of 10 for evacuation
[2022-05-19T09:51:27.952+0000][163][gc,age         ] GC(140) Desired survivor size 14680064 bytes, new threshold 15 (max threshold 15)
[2022-05-19T09:51:27.956+0000][163][gc,age         ] GC(140) Age table with threshold 15 (max threshold 15)
[2022-05-19T09:51:27.956+0000][163][gc,age         ] GC(140) - age   1:   12685000 bytes,   12685000 total
[2022-05-19T09:51:27.956+0000][163][gc,age         ] GC(140) - age   2:    3507672 bytes,   16192672 total
[2022-05-19T09:51:27.956+0000][163][gc,age         ] GC(140) - age   3:      32784 bytes,   16225456 total
[2022-05-19T09:51:27.956+0000][163][gc,phases      ] GC(140)   Pre Evacuate Collection Set: 0.2ms
[2022-05-19T09:51:27.957+0000][163][gc,phases      ] GC(140)   Merge Heap Roots: 0.1ms
[2022-05-19T09:51:27.957+0000][163][gc,phases      ] GC(140)   Evacuate Collection Set: 2.1ms
[2022-05-19T09:51:27.957+0000][163][gc,phases      ] GC(140)   Post Evacuate Collection Set: 0.8ms
[2022-05-19T09:51:27.957+0000][163][gc,phases      ] GC(140)   Other: 1.6ms
[2022-05-19T09:51:27.957+0000][163][gc,heap        ] GC(140) Eden regions: 49->0(2)
[2022-05-19T09:51:27.958+0000][163][gc,heap        ] GC(140) Survivor regions: 1->4(7)
[2022-05-19T09:51:27.958+0000][163][gc,heap        ] GC(140) Old regions: 33->33
[2022-05-19T09:51:27.958+0000][163][gc,heap        ] GC(140) Archive regions: 2->2
[2022-05-19T09:51:27.958+0000][163][gc,heap        ] GC(140) Humongous regions: 18->12
[2022-05-19T09:51:27.958+0000][163][gc,metaspace   ] GC(140) Metaspace: 103193K(104576K)->103193K(104576K) NonClass: 89056K(89920K)->89056K(89920K) Class: 14136K(14656K)->14136K(14656K)
[2022-05-19T09:51:27.958+0000][163][gc             ] GC(140) Pause Young (Prepare Mixed) (G1 Evacuation Pause) 398M->190M(512M) 6.878ms
[2022-05-19T09:51:27.959+0000][163][gc,cpu         ] GC(140) User=0.02s Sys=0.00s Real=0.01s
[2022-05-19T09:51:27.959+0000][163][safepoint      ] Safepoint "G1CollectForAllocation", Time since last: 48437100 ns, Reaching safepoint: 186500 ns, At safepoint: 7170400 ns, Total: 7356900 ns
[2022-05-19T09:51:28.016+0000][163][gc,start       ] GC(141) Pause Young (Mixed) (G1 Evacuation Pause)
[2022-05-19T09:51:28.016+0000][163][gc,task        ] GC(141) Using 10 workers of 10 for evacuation
[2022-05-19T09:51:28.016+0000][163][gc,age         ] GC(141) Desired survivor size 2097152 bytes, new threshold 1 (max threshold 15)
[2022-05-19T09:51:28.020+0000][163][gc,age         ] GC(141) Age table with threshold 1 (max threshold 15)
[2022-05-19T09:51:28.020+0000][163][gc,age         ] GC(141) - age   1:     131912 bytes,     131912 total
[2022-05-19T09:51:28.020+0000][163][gc,phases      ] GC(141)   Pre Evacuate Collection Set: 0.2ms
[2022-05-19T09:51:28.021+0000][163][gc,phases      ] GC(141)   Merge Heap Roots: 0.1ms
[2022-05-19T09:51:28.021+0000][163][gc,phases      ] GC(141)   Evacuate Collection Set: 2.3ms
[2022-05-19T09:51:28.021+0000][163][gc,phases      ] GC(141)   Post Evacuate Collection Set: 0.7ms
[2022-05-19T09:51:28.021+0000][163][gc,phases      ] GC(141)   Other: 1.6ms
[2022-05-19T09:51:28.022+0000][163][gc,heap        ] GC(141) Eden regions: 2->0(45)
[2022-05-19T09:51:28.022+0000][163][gc,heap        ] GC(141) Survivor regions: 4->1(1)
[2022-05-19T09:51:28.022+0000][163][gc,heap        ] GC(141) Old regions: 33->35
[2022-05-19T09:51:28.022+0000][163][gc,heap        ] GC(141) Archive regions: 2->2
[2022-05-19T09:51:28.022+0000][163][gc,heap        ] GC(141) Humongous regions: 12->12
[2022-05-19T09:51:28.023+0000][163][gc,metaspace   ] GC(141) Metaspace: 103193K(104576K)->103193K(104576K) NonClass: 89056K(89920K)->89056K(89920K) Class: 14136K(14656K)->14136K(14656K)
[2022-05-19T09:51:28.023+0000][163][gc             ] GC(141) Pause Young (Mixed) (G1 Evacuation Pause) 198M->183M(512M) 7.099ms
[2022-05-19T09:51:28.023+0000][163][gc,cpu         ] GC(141) User=0.02s Sys=0.01s Real=0.01s
[2022-05-19T09:51:28.023+0000][163][safepoint      ] Safepoint "G1CollectForAllocation", Time since last: 56724900 ns, Reaching safepoint: 190300 ns, At safepoint: 7467400 ns, Total: 7657700 ns
[2022-05-19T09:51:29.386+0000][163][gc,start       ] GC(142) Pause Young (Concurrent Start) (G1 Evacuation Pause)
[2022-05-19T09:51:29.386+0000][163][gc,task        ] GC(142) Using 10 workers of 10 for evacuation
[2022-05-19T09:51:29.387+0000][163][gc,age         ] GC(142) Desired survivor size 12582912 bytes, new threshold 15 (max threshold 15)
[2022-05-19T09:51:29.389+0000][163][gc,age         ] GC(142) Age table with threshold 15 (max threshold 15)
[2022-05-19T09:51:29.389+0000][163][gc,age         ] GC(142) - age   1:    3539840 bytes,    3539840 total
[2022-05-19T09:51:29.389+0000][163][gc,age         ] GC(142) - age   2:     131216 bytes,    3671056 total
[2022-05-19T09:51:29.390+0000][163][gc,phases      ] GC(142)   Pre Evacuate Collection Set: 0.2ms
[2022-05-19T09:51:29.390+0000][163][gc,phases      ] GC(142)   Merge Heap Roots: 0.1ms
[2022-05-19T09:51:29.390+0000][163][gc,phases      ] GC(142)   Evacuate Collection Set: 1.3ms
[2022-05-19T09:51:29.390+0000][163][gc,phases      ] GC(142)   Post Evacuate Collection Set: 0.5ms
[2022-05-19T09:51:29.390+0000][163][gc,phases      ] GC(142)   Other: 1.4ms
[2022-05-19T09:51:29.390+0000][163][gc,heap        ] GC(142) Eden regions: 45->0(47)
[2022-05-19T09:51:29.391+0000][163][gc,heap        ] GC(142) Survivor regions: 1->1(6)
[2022-05-19T09:51:29.391+0000][163][gc,heap        ] GC(142) Old regions: 35->35
[2022-05-19T09:51:29.391+0000][163][gc,heap        ] GC(142) Archive regions: 2->2
[2022-05-19T09:51:29.391+0000][163][gc,heap        ] GC(142) Humongous regions: 12->12
[2022-05-19T09:51:29.391+0000][163][gc,metaspace   ] GC(142) Metaspace: 103193K(104576K)->103193K(104576K) NonClass: 89056K(89920K)->89056K(89920K) Class: 14136K(14656K)->14136K(14656K)
[2022-05-19T09:51:29.391+0000][163][gc             ] GC(142) Pause Young (Concurrent Start) (G1 Evacuation Pause) 363M->186M(512M) 5.318ms
[2022-05-19T09:51:29.392+0000][163][gc,cpu         ] GC(142) User=0.01s Sys=0.00s Real=0.01s
[2022-05-19T09:51:29.392+0000][163][gc             ] GC(143) Concurrent Mark Cycle
[2022-05-19T09:51:29.392+0000][163][safepoint      ] Safepoint "G1CollectForAllocation", Time since last: 1363491500 ns, Reaching safepoint: 305400 ns, At safepoint: 5678300 ns, Total: 5983700 ns
[2022-05-19T09:51:29.392+0000][163][gc,marking     ] GC(143) Concurrent Clear Claimed Marks
[2022-05-19T09:51:29.392+0000][163][gc,marking     ] GC(143) Concurrent Clear Claimed Marks 0.363ms
[2022-05-19T09:51:29.392+0000][163][gc,marking     ] GC(143) Concurrent Scan Root Regions
[2022-05-19T09:51:29.394+0000][163][gc,marking     ] GC(143) Concurrent Scan Root Regions 1.275ms
[2022-05-19T09:51:29.394+0000][163][gc,marking     ] GC(143) Concurrent Mark
[2022-05-19T09:51:29.394+0000][163][gc,marking     ] GC(143) Concurrent Mark From Roots
[2022-05-19T09:51:29.394+0000][163][gc,task        ] GC(143) Using 3 workers of 3 for marking
[2022-05-19T09:51:29.441+0000][163][gc,marking     ] GC(143) Concurrent Mark From Roots 47.103ms
[2022-05-19T09:51:29.441+0000][163][gc,marking     ] GC(143) Concurrent Preclean
[2022-05-19T09:51:29.442+0000][163][gc,marking     ] GC(143) Concurrent Preclean 0.777ms
[2022-05-19T09:51:29.443+0000][163][gc,start       ] GC(143) Pause Remark
[2022-05-19T09:51:29.446+0000][163][gc             ] GC(143) Pause Remark 192M->180M(512M) 3.613ms
[2022-05-19T09:51:29.447+0000][163][gc,cpu         ] GC(143) User=0.02s Sys=0.00s Real=0.00s
[2022-05-19T09:51:29.447+0000][163][safepoint      ] Safepoint "G1Concurrent", Time since last: 50696700 ns, Reaching safepoint: 322200 ns, At safepoint: 4175100 ns, Total: 4497300 ns
[2022-05-19T09:51:29.447+0000][163][gc,marking     ] GC(143) Concurrent Mark 53.402ms
[2022-05-19T09:51:29.447+0000][163][gc,marking     ] GC(143) Concurrent Rebuild Remembered Sets
[2022-05-19T09:51:29.469+0000][163][gc,marking     ] GC(143) Concurrent Rebuild Remembered Sets 21.836ms
[2022-05-19T09:51:29.470+0000][163][gc,start       ] GC(143) Pause Cleanup
[2022-05-19T09:51:29.470+0000][163][gc             ] GC(143) Pause Cleanup 183M->183M(512M) 0.388ms
[2022-05-19T09:51:29.470+0000][163][gc,cpu         ] GC(143) User=0.00s Sys=0.00s Real=0.00s
[2022-05-19T09:51:29.471+0000][163][safepoint      ] Safepoint "G1Concurrent", Time since last: 22663400 ns, Reaching safepoint: 281500 ns, At safepoint: 790900 ns, Total: 1072400 ns
[2022-05-19T09:51:29.471+0000][163][gc,marking     ] GC(143) Concurrent Cleanup for Next Mark
[2022-05-19T09:51:29.471+0000][163][gc,marking     ] GC(143) Concurrent Cleanup for Next Mark 0.336ms
[2022-05-19T09:51:29.471+0000][163][gc             ] GC(143) Concurrent Mark Cycle 79.753ms
[2022-05-19T09:51:30.829+0000][163][gc,start       ] GC(144) Pause Young (Prepare Mixed) (G1 Evacuation Pause)
[2022-05-19T09:51:30.829+0000][163][gc,task        ] GC(144) Using 10 workers of 10 for evacuation
[2022-05-19T09:51:30.830+0000][163][gc,age         ] GC(144) Desired survivor size 12582912 bytes, new threshold 15 (max threshold 15)
[2022-05-19T09:51:30.832+0000][163][gc,age         ] GC(144) Age table with threshold 15 (max threshold 15)
[2022-05-19T09:51:30.832+0000][163][gc,age         ] GC(144) - age   1:    3868600 bytes,    3868600 total
[2022-05-19T09:51:30.832+0000][163][gc,age         ] GC(144) - age   2:    2071944 bytes,    5940544 total
[2022-05-19T09:51:30.833+0000][163][gc,age         ] GC(144) - age   3:     131216 bytes,    6071760 total
[2022-05-19T09:51:30.833+0000][163][gc,phases      ] GC(144)   Pre Evacuate Collection Set: 0.2ms
[2022-05-19T09:51:30.833+0000][163][gc,phases      ] GC(144)   Merge Heap Roots: 0.2ms
[2022-05-19T09:51:30.833+0000][163][gc,phases      ] GC(144)   Evacuate Collection Set: 1.2ms
[2022-05-19T09:51:30.833+0000][163][gc,phases      ] GC(144)   Post Evacuate Collection Set: 0.7ms
[2022-05-19T09:51:30.833+0000][163][gc,phases      ] GC(144)   Other: 1.3ms
[2022-05-19T09:51:30.833+0000][163][gc,heap        ] GC(144) Eden regions: 47->0(4)
[2022-05-19T09:51:30.834+0000][163][gc,heap        ] GC(144) Survivor regions: 1->2(6)
[2022-05-19T09:51:30.834+0000][163][gc,heap        ] GC(144) Old regions: 35->35
[2022-05-19T09:51:30.834+0000][163][gc,heap        ] GC(144) Archive regions: 2->2
[2022-05-19T09:51:30.834+0000][163][gc,heap        ] GC(144) Humongous regions: 9->9
[2022-05-19T09:51:30.834+0000][163][gc,metaspace   ] GC(144) Metaspace: 103193K(104576K)->103193K(104576K) NonClass: 89056K(89920K)->89056K(89920K) Class: 14136K(14656K)->14136K(14656K)
[2022-05-19T09:51:30.834+0000][163][gc             ] GC(144) Pause Young (Prepare Mixed) (G1 Evacuation Pause) 362M->176M(512M) 5.104ms
[2022-05-19T09:51:30.834+0000][163][gc,cpu         ] GC(144) User=0.01s Sys=0.00s Real=0.00s
[2022-05-19T09:51:30.835+0000][163][safepoint      ] Safepoint "G1CollectForAllocation", Time since last: 1358247000 ns, Reaching safepoint: 313400 ns, At safepoint: 5420600 ns, Total: 5734000 ns
[2022-05-19T09:51:30.972+0000][163][gc,start       ] GC(145) Pause Young (Mixed) (G1 Evacuation Pause)
[2022-05-19T09:51:30.972+0000][163][gc,task        ] GC(145) Using 10 workers of 10 for evacuation
[2022-05-19T09:51:30.973+0000][163][gc,age         ] GC(145) Desired survivor size 2097152 bytes, new threshold 1 (max threshold 15)
[2022-05-19T09:51:30.975+0000][163][gc,age         ] GC(145) Age table with threshold 1 (max threshold 15)
[2022-05-19T09:51:30.975+0000][163][gc,age         ] GC(145) - age   1:    3951048 bytes,    3951048 total
[2022-05-19T09:51:30.976+0000][163][gc,phases      ] GC(145)   Pre Evacuate Collection Set: 0.2ms
[2022-05-19T09:51:30.976+0000][163][gc,phases      ] GC(145)   Merge Heap Roots: 0.1ms
[2022-05-19T09:51:30.976+0000][163][gc,phases      ] GC(145)   Evacuate Collection Set: 1.8ms
[2022-05-19T09:51:30.976+0000][163][gc,phases      ] GC(145)   Post Evacuate Collection Set: 0.5ms
[2022-05-19T09:51:30.976+0000][163][gc,phases      ] GC(145)   Other: 0.9ms
[2022-05-19T09:51:30.976+0000][163][gc,heap        ] GC(145) Eden regions: 4->0(52)
[2022-05-19T09:51:30.977+0000][163][gc,heap        ] GC(145) Survivor regions: 2->1(1)
[2022-05-19T09:51:30.977+0000][163][gc,heap        ] GC(145) Old regions: 35->33
[2022-05-19T09:51:30.977+0000][163][gc,heap        ] GC(145) Archive regions: 2->2
[2022-05-19T09:51:30.977+0000][163][gc,heap        ] GC(145) Humongous regions: 10->9
[2022-05-19T09:51:30.977+0000][163][gc,metaspace   ] GC(145) Metaspace: 103193K(104576K)->103193K(104576K) NonClass: 89056K(89920K)->89056K(89920K) Class: 14136K(14656K)->14136K(14656K)
[2022-05-19T09:51:30.977+0000][163][gc             ] GC(145) Pause Young (Mixed) (G1 Evacuation Pause) 196M->166M(512M) 4.999ms
[2022-05-19T09:51:30.977+0000][163][gc,cpu         ] GC(145) User=0.02s Sys=0.00s Real=0.01s
[2022-05-19T09:51:30.977+0000][163][safepoint      ] Safepoint "G1CollectForAllocation", Time since last: 137398200 ns, Reaching safepoint: 194100 ns, At safepoint: 5301300 ns, Total: 5495400 ns
[2022-05-19T09:51:31.978+0000][163][safepoint      ] Safepoint "Cleanup", Time since last: 1000258700 ns, Reaching safepoint: 267100 ns, At safepoint: 10200 ns, Total: 277300 ns
[2022-05-19T09:51:32.979+0000][163][safepoint      ] Safepoint "Cleanup", Time since last: 1000426000 ns, Reaching safepoint: 187700 ns, At safepoint: 11000 ns, Total: 198700 ns
[2022-05-19T09:51:44.981+0000][163][safepoint      ] Safepoint "Cleanup", Time since last: 12001974800 ns, Reaching safepoint: 312800 ns, At safepoint: 26900 ns, Total: 339700 ns
[2022-05-19T09:51:45.982+0000][163][safepoint      ] Safepoint "Cleanup", Time since last: 1000591200 ns, Reaching safepoint: 230000 ns, At safepoint: 6700 ns, Total: 236700 ns
[2022-05-19T09:51:51.413+0000][163][gc,start       ] GC(146) Pause Young (Concurrent Start) (G1 Humongous Allocation)
[2022-05-19T09:51:51.413+0000][163][gc,task        ] GC(146) Using 10 workers of 10 for evacuation
[2022-05-19T09:51:51.413+0000][163][gc,age         ] GC(146) Desired survivor size 14680064 bytes, new threshold 15 (max threshold 15)
[2022-05-19T09:51:51.417+0000][163][gc,age         ] GC(146) Age table with threshold 15 (max threshold 15)
[2022-05-19T09:51:51.417+0000][163][gc,age         ] GC(146) - age   1:   12203304 bytes,   12203304 total
[2022-05-19T09:51:51.418+0000][163][gc,age         ] GC(146) - age   2:    2725824 bytes,   14929128 total
[2022-05-19T09:51:51.418+0000][163][gc,phases      ] GC(146)   Pre Evacuate Collection Set: 0.3ms
[2022-05-19T09:51:51.418+0000][163][gc,phases      ] GC(146)   Merge Heap Roots: 0.3ms
[2022-05-19T09:51:51.418+0000][163][gc,phases      ] GC(146)   Evacuate Collection Set: 2.2ms
[2022-05-19T09:51:51.418+0000][163][gc,phases      ] GC(146)   Post Evacuate Collection Set: 0.9ms
[2022-05-19T09:51:51.419+0000][163][gc,phases      ] GC(146)   Other: 1.5ms
[2022-05-19T09:51:51.419+0000][163][gc,heap        ] GC(146) Eden regions: 31->0(42)
[2022-05-19T09:51:51.419+0000][163][gc,heap        ] GC(146) Survivor regions: 1->4(7)
[2022-05-19T09:51:51.420+0000][163][gc,heap        ] GC(146) Old regions: 33->33
[2022-05-19T09:51:51.420+0000][163][gc,heap        ] GC(146) Archive regions: 2->2
[2022-05-19T09:51:51.420+0000][163][gc,heap        ] GC(146) Humongous regions: 9->9
[2022-05-19T09:51:51.420+0000][163][gc,metaspace   ] GC(146) Metaspace: 103255K(104576K)->103255K(104576K) NonClass: 89118K(89920K)->89118K(89920K) Class: 14137K(14656K)->14137K(14656K)
[2022-05-19T09:51:51.420+0000][163][gc             ] GC(146) Pause Young (Concurrent Start) (G1 Humongous Allocation) 286M->176M(512M) 7.849ms
[2022-05-19T09:51:51.421+0000][163][gc,cpu         ] GC(146) User=0.01s Sys=0.01s Real=0.01s
[2022-05-19T09:51:51.421+0000][163][gc             ] GC(147) Concurrent Mark Cycle
[2022-05-19T09:51:51.421+0000][163][gc,marking     ] GC(147) Concurrent Clear Claimed Marks
[2022-05-19T09:51:51.421+0000][163][safepoint      ] Safepoint "G1TryInitiateConcMark", Time since last: 5430563500 ns, Reaching safepoint: 252200 ns, At safepoint: 8527600 ns, Total: 8779800 ns
[2022-05-19T09:51:51.422+0000][163][gc,marking     ] GC(147) Concurrent Clear Claimed Marks 0.284ms
[2022-05-19T09:51:51.422+0000][163][gc,marking     ] GC(147) Concurrent Scan Root Regions
[2022-05-19T09:51:51.423+0000][163][gc,marking     ] GC(147) Concurrent Scan Root Regions 1.300ms
[2022-05-19T09:51:51.424+0000][163][gc,marking     ] GC(147) Concurrent Mark
[2022-05-19T09:51:51.424+0000][163][gc,marking     ] GC(147) Concurrent Mark From Roots
[2022-05-19T09:51:51.424+0000][163][gc,task        ] GC(147) Using 3 workers of 3 for marking
[2022-05-19T09:51:51.466+0000][163][gc,marking     ] GC(147) Concurrent Mark From Roots 41.892ms
[2022-05-19T09:51:51.466+0000][163][gc,marking     ] GC(147) Concurrent Preclean
[2022-05-19T09:51:51.466+0000][163][gc,marking     ] GC(147) Concurrent Preclean 0.585ms
[2022-05-19T09:51:51.467+0000][163][gc,start       ] GC(147) Pause Remark
[2022-05-19T09:51:51.470+0000][163][gc             ] GC(147) Pause Remark 223M->211M(512M) 3.445ms
[2022-05-19T09:51:51.471+0000][163][gc,cpu         ] GC(147) User=0.02s Sys=0.00s Real=0.00s
[2022-05-19T09:51:51.471+0000][163][safepoint      ] Safepoint "G1Concurrent", Time since last: 45489600 ns, Reaching safepoint: 268300 ns, At safepoint: 4020900 ns, Total: 4289200 ns
[2022-05-19T09:51:51.471+0000][163][gc,marking     ] GC(147) Concurrent Mark 47.683ms
[2022-05-19T09:51:51.471+0000][163][gc,marking     ] GC(147) Concurrent Rebuild Remembered Sets
[2022-05-19T09:51:51.491+0000][163][gc,marking     ] GC(147) Concurrent Rebuild Remembered Sets 19.077ms
[2022-05-19T09:51:51.491+0000][163][gc,start       ] GC(147) Pause Cleanup
[2022-05-19T09:51:51.491+0000][163][gc             ] GC(147) Pause Cleanup 215M->215M(512M) 0.371ms
[2022-05-19T09:51:51.492+0000][163][gc,cpu         ] GC(147) User=0.00s Sys=0.00s Real=0.00s
[2022-05-19T09:51:51.492+0000][163][safepoint      ] Safepoint "G1Concurrent", Time since last: 19822700 ns, Reaching safepoint: 299200 ns, At safepoint: 728100 ns, Total: 1027300 ns
[2022-05-19T09:51:51.492+0000][163][gc,marking     ] GC(147) Concurrent Cleanup for Next Mark
[2022-05-19T09:51:51.492+0000][163][gc,marking     ] GC(147) Concurrent Cleanup for Next Mark 0.352ms
[2022-05-19T09:51:51.492+0000][163][gc             ] GC(147) Concurrent Mark Cycle 71.322ms
[2022-05-19T09:51:52.513+0000][163][gc,start       ] GC(148) Pause Young (Prepare Mixed) (G1 Evacuation Pause)
[2022-05-19T09:51:52.514+0000][163][gc,task        ] GC(148) Using 10 workers of 10 for evacuation
[2022-05-19T09:51:52.514+0000][163][gc,age         ] GC(148) Desired survivor size 12582912 bytes, new threshold 2 (max threshold 15)
[2022-05-19T09:51:52.518+0000][163][gc,age         ] GC(148) Age table with threshold 2 (max threshold 15)
[2022-05-19T09:51:52.518+0000][163][gc,age         ] GC(148) - age   1:    5696888 bytes,    5696888 total
[2022-05-19T09:51:52.518+0000][163][gc,age         ] GC(148) - age   2:    9041984 bytes,   14738872 total
[2022-05-19T09:51:52.519+0000][163][gc,phases      ] GC(148)   Pre Evacuate Collection Set: 0.2ms
[2022-05-19T09:51:52.519+0000][163][gc,phases      ] GC(148)   Merge Heap Roots: 0.2ms
[2022-05-19T09:51:52.519+0000][163][gc,phases      ] GC(148)   Evacuate Collection Set: 2.0ms
[2022-05-19T09:51:52.519+0000][163][gc,phases      ] GC(148)   Post Evacuate Collection Set: 0.9ms
[2022-05-19T09:51:52.520+0000][163][gc,phases      ] GC(148)   Other: 1.9ms
[2022-05-19T09:51:52.520+0000][163][gc,heap        ] GC(148) Eden regions: 42->0(2)
[2022-05-19T09:51:52.520+0000][163][gc,heap        ] GC(148) Survivor regions: 4->4(6)
[2022-05-19T09:51:52.520+0000][163][gc,heap        ] GC(148) Old regions: 33->33
[2022-05-19T09:51:52.520+0000][163][gc,heap        ] GC(148) Archive regions: 2->2
[2022-05-19T09:51:52.521+0000][163][gc,heap        ] GC(148) Humongous regions: 14->9
[2022-05-19T09:51:52.521+0000][163][gc,metaspace   ] GC(148) Metaspace: 103255K(104576K)->103255K(104576K) NonClass: 89118K(89920K)->89118K(89920K) Class: 14137K(14656K)->14137K(14656K)
[2022-05-19T09:51:52.521+0000][163][gc             ] GC(148) Pause Young (Prepare Mixed) (G1 Evacuation Pause) 364M->177M(512M) 7.400ms
[2022-05-19T09:51:52.521+0000][163][gc,cpu         ] GC(148) User=0.02s Sys=0.01s Real=0.01s
[2022-05-19T09:51:52.521+0000][163][safepoint      ] Safepoint "G1CollectForAllocation", Time since last: 1021274800 ns, Reaching safepoint: 273700 ns, At safepoint: 7821900 ns, Total: 8095600 ns
[2022-05-19T09:51:52.584+0000][163][gc,start       ] GC(149) Pause Young (Mixed) (G1 Evacuation Pause)
[2022-05-19T09:51:52.584+0000][163][gc,task        ] GC(149) Using 10 workers of 10 for evacuation
[2022-05-19T09:51:52.584+0000][163][gc,age         ] GC(149) Desired survivor size 2097152 bytes, new threshold 1 (max threshold 15)
[2022-05-19T09:51:52.588+0000][163][gc,age         ] GC(149) Age table with threshold 1 (max threshold 15)
[2022-05-19T09:51:52.588+0000][163][gc,age         ] GC(149) - age   1:     100528 bytes,     100528 total
[2022-05-19T09:51:52.588+0000][163][gc,phases      ] GC(149)   Pre Evacuate Collection Set: 0.2ms
[2022-05-19T09:51:52.589+0000][163][gc,phases      ] GC(149)   Merge Heap Roots: 0.2ms
[2022-05-19T09:51:52.589+0000][163][gc,phases      ] GC(149)   Evacuate Collection Set: 2.2ms
[2022-05-19T09:51:52.589+0000][163][gc,phases      ] GC(149)   Post Evacuate Collection Set: 0.7ms
[2022-05-19T09:51:52.589+0000][163][gc,phases      ] GC(149)   Other: 1.3ms
[2022-05-19T09:51:52.589+0000][163][gc,heap        ] GC(149) Eden regions: 2->0(45)
[2022-05-19T09:51:52.590+0000][163][gc,heap        ] GC(149) Survivor regions: 4->1(1)
[2022-05-19T09:51:52.590+0000][163][gc,heap        ] GC(149) Old regions: 33->34
[2022-05-19T09:51:52.590+0000][163][gc,heap        ] GC(149) Archive regions: 2->2
[2022-05-19T09:51:52.590+0000][163][gc,heap        ] GC(149) Humongous regions: 9->9
[2022-05-19T09:51:52.590+0000][163][gc,metaspace   ] GC(149) Metaspace: 103255K(104576K)->103255K(104576K) NonClass: 89118K(89920K)->89118K(89920K) Class: 14137K(14656K)->14137K(14656K)
[2022-05-19T09:51:52.590+0000][163][gc             ] GC(149) Pause Young (Mixed) (G1 Evacuation Pause) 185M->169M(512M) 6.413ms
[2022-05-19T09:51:52.590+0000][163][gc,cpu         ] GC(149) User=0.02s Sys=0.01s Real=0.01s
[2022-05-19T09:51:52.590+0000][163][safepoint      ] Safepoint "G1CollectForAllocation", Time since last: 62386900 ns, Reaching safepoint: 200600 ns, At safepoint: 6718100 ns, Total: 6918700 ns
[2022-05-19T09:51:53.591+0000][163][safepoint      ] Safepoint "Cleanup", Time since last: 1000275900 ns, Reaching safepoint: 315000 ns, At safepoint: 28200 ns, Total: 343200 ns
[2022-05-19T09:51:53.920+0000][163][gc,start       ] GC(150) Pause Young (Concurrent Start) (G1 Evacuation Pause)
[2022-05-19T09:51:53.920+0000][163][gc,task        ] GC(150) Using 10 workers of 10 for evacuation
[2022-05-19T09:51:53.920+0000][163][gc,age         ] GC(150) Desired survivor size 12582912 bytes, new threshold 15 (max threshold 15)
[2022-05-19T09:51:53.923+0000][163][gc,age         ] GC(150) Age table with threshold 15 (max threshold 15)
[2022-05-19T09:51:53.924+0000][163][gc,age         ] GC(150) - age   1:    3561760 bytes,    3561760 total
[2022-05-19T09:51:53.924+0000][163][gc,age         ] GC(150) - age   2:     100152 bytes,    3661912 total
[2022-05-19T09:51:53.924+0000][163][gc,phases      ] GC(150)   Pre Evacuate Collection Set: 0.3ms
[2022-05-19T09:51:53.924+0000][163][gc,phases      ] GC(150)   Merge Heap Roots: 0.3ms
[2022-05-19T09:51:53.924+0000][163][gc,phases      ] GC(150)   Evacuate Collection Set: 1.3ms
[2022-05-19T09:51:53.925+0000][163][gc,phases      ] GC(150)   Post Evacuate Collection Set: 0.8ms
[2022-05-19T09:51:53.925+0000][163][gc,phases      ] GC(150)   Other: 1.8ms
[2022-05-19T09:51:53.925+0000][163][gc,heap        ] GC(150) Eden regions: 45->0(47)
[2022-05-19T09:51:53.925+0000][163][gc,heap        ] GC(150) Survivor regions: 1->1(6)
[2022-05-19T09:51:53.925+0000][163][gc,heap        ] GC(150) Old regions: 34->34
[2022-05-19T09:51:53.926+0000][163][gc,heap        ] GC(150) Archive regions: 2->2
[2022-05-19T09:51:53.926+0000][163][gc,heap        ] GC(150) Humongous regions: 9->9
[2022-05-19T09:51:53.926+0000][163][gc,metaspace   ] GC(150) Metaspace: 103271K(104640K)->103271K(104640K) NonClass: 89133K(89984K)->89133K(89984K) Class: 14137K(14656K)->14137K(14656K)
[2022-05-19T09:51:53.926+0000][163][gc             ] GC(150) Pause Young (Concurrent Start) (G1 Evacuation Pause) 349M->172M(512M) 6.629ms
[2022-05-19T09:51:53.926+0000][163][gc,cpu         ] GC(150) User=0.02s Sys=0.00s Real=0.00s
[2022-05-19T09:51:53.927+0000][163][safepoint      ] Safepoint "G1CollectForAllocation", Time since last: 328184800 ns, Reaching safepoint: 234200 ns, At safepoint: 7084100 ns, Total: 7318300 ns
[2022-05-19T09:51:53.927+0000][163][gc             ] GC(151) Concurrent Mark Cycle
[2022-05-19T09:51:53.927+0000][163][gc,marking     ] GC(151) Concurrent Clear Claimed Marks
[2022-05-19T09:51:53.927+0000][163][gc,marking     ] GC(151) Concurrent Clear Claimed Marks 0.166ms
[2022-05-19T09:51:53.927+0000][163][gc,marking     ] GC(151) Concurrent Scan Root Regions
[2022-05-19T09:51:53.928+0000][163][gc,marking     ] GC(151) Concurrent Scan Root Regions 0.883ms
[2022-05-19T09:51:53.928+0000][163][gc,marking     ] GC(151) Concurrent Mark
[2022-05-19T09:51:53.928+0000][163][gc,marking     ] GC(151) Concurrent Mark From Roots
[2022-05-19T09:51:53.929+0000][163][gc,task        ] GC(151) Using 3 workers of 3 for marking
[2022-05-19T09:51:53.974+0000][163][gc,marking     ] GC(151) Concurrent Mark From Roots 45.853ms
[2022-05-19T09:51:53.975+0000][163][gc,marking     ] GC(151) Concurrent Preclean
[2022-05-19T09:51:53.975+0000][163][gc,marking     ] GC(151) Concurrent Preclean 0.755ms
[2022-05-19T09:51:53.976+0000][163][gc,start       ] GC(151) Pause Remark
[2022-05-19T09:51:53.979+0000][163][gc             ] GC(151) Pause Remark 178M->174M(512M) 3.155ms
[2022-05-19T09:51:53.979+0000][163][gc,cpu         ] GC(151) User=0.01s Sys=0.01s Real=0.01s
[2022-05-19T09:51:53.980+0000][163][safepoint      ] Safepoint "G1Concurrent", Time since last: 48987300 ns, Reaching safepoint: 295500 ns, At safepoint: 3786500 ns, Total: 4082000 ns
[2022-05-19T09:51:53.980+0000][163][gc,marking     ] GC(151) Concurrent Mark 51.579ms
[2022-05-19T09:51:53.980+0000][163][gc,marking     ] GC(151) Concurrent Rebuild Remembered Sets
[2022-05-19T09:51:54.001+0000][163][gc,marking     ] GC(151) Concurrent Rebuild Remembered Sets 20.953ms
[2022-05-19T09:51:54.002+0000][163][gc,start       ] GC(151) Pause Cleanup
[2022-05-19T09:51:54.002+0000][163][gc             ] GC(151) Pause Cleanup 178M->178M(512M) 0.579ms
[2022-05-19T09:51:54.003+0000][163][gc,cpu         ] GC(151) User=0.00s Sys=0.00s Real=0.00s
[2022-05-19T09:51:54.003+0000][163][safepoint      ] Safepoint "G1Concurrent", Time since last: 21793100 ns, Reaching safepoint: 304900 ns, At safepoint: 1160900 ns, Total: 1465800 ns
[2022-05-19T09:51:54.003+0000][163][gc,marking     ] GC(151) Concurrent Cleanup for Next Mark
[2022-05-19T09:51:54.003+0000][163][gc,marking     ] GC(151) Concurrent Cleanup for Next Mark 0.347ms
[2022-05-19T09:51:54.004+0000][163][gc             ] GC(151) Concurrent Mark Cycle 77.115ms
[2022-05-19T09:51:55.004+0000][163][safepoint      ] Safepoint "Cleanup", Time since last: 1000414400 ns, Reaching safepoint: 354300 ns, At safepoint: 39600 ns, Total: 393900 ns
[2022-05-19T09:51:55.036+0000][163][gc,start       ] GC(152) Pause Young (Prepare Mixed) (G1 Evacuation Pause)
[2022-05-19T09:51:55.036+0000][163][gc,task        ] GC(152) Using 10 workers of 10 for evacuation
[2022-05-19T09:51:55.036+0000][163][gc,age         ] GC(152) Desired survivor size 12582912 bytes, new threshold 15 (max threshold 15)
[2022-05-19T09:51:55.040+0000][163][gc,age         ] GC(152) Age table with threshold 15 (max threshold 15)
[2022-05-19T09:51:55.040+0000][163][gc,age         ] GC(152) - age   1:   10727424 bytes,   10727424 total
[2022-05-19T09:51:55.040+0000][163][gc,age         ] GC(152) - age   2:    2744856 bytes,   13472280 total
[2022-05-19T09:51:55.041+0000][163][gc,age         ] GC(152) - age   3:     100152 bytes,   13572432 total
[2022-05-19T09:51:55.041+0000][163][gc,phases      ] GC(152)   Pre Evacuate Collection Set: 0.2ms
[2022-05-19T09:51:55.041+0000][163][gc,phases      ] GC(152)   Merge Heap Roots: 0.2ms
[2022-05-19T09:51:55.041+0000][163][gc,phases      ] GC(152)   Evacuate Collection Set: 1.7ms
[2022-05-19T09:51:55.042+0000][163][gc,phases      ] GC(152)   Post Evacuate Collection Set: 0.9ms
[2022-05-19T09:51:55.042+0000][163][gc,phases      ] GC(152)   Other: 2.5ms
[2022-05-19T09:51:55.042+0000][163][gc,heap        ] GC(152) Eden regions: 47->0(2)
[2022-05-19T09:51:55.042+0000][163][gc,heap        ] GC(152) Survivor regions: 1->4(6)
[2022-05-19T09:51:55.043+0000][163][gc,heap        ] GC(152) Old regions: 33->33
[2022-05-19T09:51:55.043+0000][163][gc,heap        ] GC(152) Archive regions: 2->2
[2022-05-19T09:51:55.043+0000][163][gc,heap        ] GC(152) Humongous regions: 10->9
[2022-05-19T09:51:55.043+0000][163][gc,metaspace   ] GC(152) Metaspace: 103281K(104640K)->103281K(104640K) NonClass: 89144K(89984K)->89144K(89984K) Class: 14137K(14656K)->14137K(14656K)
[2022-05-19T09:51:55.044+0000][163][gc             ] GC(152) Pause Young (Prepare Mixed) (G1 Evacuation Pause) 360M->178M(512M) 8.044ms
[2022-05-19T09:51:55.044+0000][163][gc,cpu         ] GC(152) User=0.00s Sys=0.02s Real=0.01s
[2022-05-19T09:51:55.044+0000][163][safepoint      ] Safepoint "G1CollectForAllocation", Time since last: 31354600 ns, Reaching safepoint: 472200 ns, At safepoint: 8390800 ns, Total: 8863000 ns
[2022-05-19T09:51:55.107+0000][163][gc,start       ] GC(153) Pause Young (Mixed) (G1 Evacuation Pause)
[2022-05-19T09:51:55.107+0000][163][gc,task        ] GC(153) Using 10 workers of 10 for evacuation
[2022-05-19T09:51:55.108+0000][163][gc,age         ] GC(153) Desired survivor size 2097152 bytes, new threshold 1 (max threshold 15)
[2022-05-19T09:51:55.111+0000][163][gc,age         ] GC(153) Age table with threshold 1 (max threshold 15)
[2022-05-19T09:51:55.111+0000][163][gc,age         ] GC(153) - age   1:     165528 bytes,     165528 total
[2022-05-19T09:51:55.111+0000][163][gc,phases      ] GC(153)   Pre Evacuate Collection Set: 0.2ms
[2022-05-19T09:51:55.112+0000][163][gc,phases      ] GC(153)   Merge Heap Roots: 0.1ms
[2022-05-19T09:51:55.112+0000][163][gc,phases      ] GC(153)   Evacuate Collection Set: 1.7ms
[2022-05-19T09:51:55.112+0000][163][gc,phases      ] GC(153)   Post Evacuate Collection Set: 0.5ms
[2022-05-19T09:51:55.112+0000][163][gc,phases      ] GC(153)   Other: 1.8ms
[2022-05-19T09:51:55.113+0000][163][gc,heap        ] GC(153) Eden regions: 2->0(47)
[2022-05-19T09:51:55.113+0000][163][gc,heap        ] GC(153) Survivor regions: 4->1(1)
[2022-05-19T09:51:55.113+0000][163][gc,heap        ] GC(153) Old regions: 33->35
[2022-05-19T09:51:55.113+0000][163][gc,heap        ] GC(153) Archive regions: 2->2
[2022-05-19T09:51:55.114+0000][163][gc,heap        ] GC(153) Humongous regions: 9->9
[2022-05-19T09:51:55.114+0000][163][gc,metaspace   ] GC(153) Metaspace: 103281K(104640K)->103281K(104640K) NonClass: 89144K(89984K)->89144K(89984K) Class: 14137K(14656K)->14137K(14656K)
[2022-05-19T09:51:55.114+0000][163][gc             ] GC(153) Pause Young (Mixed) (G1 Evacuation Pause) 186M->174M(512M) 6.941ms
[2022-05-19T09:51:55.114+0000][163][gc,cpu         ] GC(153) User=0.01s Sys=0.00s Real=0.00s
[2022-05-19T09:51:55.114+0000][163][safepoint      ] Safepoint "G1CollectForAllocation", Time since last: 62602200 ns, Reaching safepoint: 313400 ns, At safepoint: 7278100 ns, Total: 7591500 ns
[2022-05-19T09:51:56.115+0000][163][safepoint      ] Safepoint "Cleanup", Time since last: 1000238700 ns, Reaching safepoint: 313000 ns, At safepoint: 52300 ns, Total: 365300 ns
[2022-05-19T09:51:56.476+0000][163][gc,start       ] GC(154) Pause Young (Concurrent Start) (G1 Evacuation Pause)
[2022-05-19T09:51:56.476+0000][163][gc,task        ] GC(154) Using 10 workers of 10 for evacuation
[2022-05-19T09:51:56.476+0000][163][gc,age         ] GC(154) Desired survivor size 12582912 bytes, new threshold 15 (max threshold 15)
[2022-05-19T09:51:56.479+0000][163][gc,age         ] GC(154) Age table with threshold 15 (max threshold 15)
[2022-05-19T09:51:56.479+0000][163][gc,age         ] GC(154) - age   1:   10505072 bytes,   10505072 total
[2022-05-19T09:51:56.479+0000][163][gc,age         ] GC(154) - age   2:     164872 bytes,   10669944 total
[2022-05-19T09:51:56.480+0000][163][gc,phases      ] GC(154)   Pre Evacuate Collection Set: 0.2ms
[2022-05-19T09:51:56.480+0000][163][gc,phases      ] GC(154)   Merge Heap Roots: 0.2ms
[2022-05-19T09:51:56.480+0000][163][gc,phases      ] GC(154)   Evacuate Collection Set: 1.8ms
[2022-05-19T09:51:56.480+0000][163][gc,phases      ] GC(154)   Post Evacuate Collection Set: 0.6ms
[2022-05-19T09:51:56.480+0000][163][gc,phases      ] GC(154)   Other: 1.3ms
[2022-05-19T09:51:56.481+0000][163][gc,heap        ] GC(154) Eden regions: 47->0(46)
[2022-05-19T09:51:56.481+0000][163][gc,heap        ] GC(154) Survivor regions: 1->3(6)
[2022-05-19T09:51:56.481+0000][163][gc,heap        ] GC(154) Old regions: 35->35
[2022-05-19T09:51:56.481+0000][163][gc,heap        ] GC(154) Archive regions: 2->2
[2022-05-19T09:51:56.481+0000][163][gc,heap        ] GC(154) Humongous regions: 9->9
[2022-05-19T09:51:56.481+0000][163][gc,metaspace   ] GC(154) Metaspace: 103327K(104640K)->103327K(104640K) NonClass: 89189K(89984K)->89189K(89984K) Class: 14137K(14656K)->14137K(14656K)
[2022-05-19T09:51:56.481+0000][163][gc             ] GC(154) Pause Young (Concurrent Start) (G1 Evacuation Pause) 362M->184M(512M) 5.870ms
[2022-05-19T09:51:56.482+0000][163][gc,cpu         ] GC(154) User=0.01s Sys=0.01s Real=0.01s
[2022-05-19T09:51:56.482+0000][163][gc             ] GC(155) Concurrent Mark Cycle
[2022-05-19T09:51:56.482+0000][163][gc,marking     ] GC(155) Concurrent Clear Claimed Marks
[2022-05-19T09:51:56.482+0000][163][safepoint      ] Safepoint "G1CollectForAllocation", Time since last: 360308200 ns, Reaching safepoint: 526800 ns, At safepoint: 6222200 ns, Total: 6749000 ns
[2022-05-19T09:51:56.482+0000][163][gc,marking     ] GC(155) Concurrent Clear Claimed Marks 0.182ms
[2022-05-19T09:51:56.482+0000][163][gc,marking     ] GC(155) Concurrent Scan Root Regions
[2022-05-19T09:51:56.483+0000][163][gc,marking     ] GC(155) Concurrent Scan Root Regions 0.913ms
[2022-05-19T09:51:56.483+0000][163][gc,marking     ] GC(155) Concurrent Mark
[2022-05-19T09:51:56.483+0000][163][gc,marking     ] GC(155) Concurrent Mark From Roots
[2022-05-19T09:51:56.484+0000][163][gc,task        ] GC(155) Using 3 workers of 3 for marking
[2022-05-19T09:51:56.531+0000][163][gc,marking     ] GC(155) Concurrent Mark From Roots 47.934ms
[2022-05-19T09:51:56.532+0000][163][gc,marking     ] GC(155) Concurrent Preclean
[2022-05-19T09:51:56.532+0000][163][gc,marking     ] GC(155) Concurrent Preclean 0.654ms
[2022-05-19T09:51:56.533+0000][163][gc,start       ] GC(155) Pause Remark
[2022-05-19T09:51:56.536+0000][163][gc             ] GC(155) Pause Remark 210M->198M(512M) 3.085ms
[2022-05-19T09:51:56.536+0000][163][gc,cpu         ] GC(155) User=0.02s Sys=0.00s Real=0.00s
[2022-05-19T09:51:56.536+0000][163][safepoint      ] Safepoint "G1Concurrent", Time since last: 50683200 ns, Reaching safepoint: 263600 ns, At safepoint: 3665300 ns, Total: 3928900 ns
[2022-05-19T09:51:56.537+0000][163][gc,marking     ] GC(155) Concurrent Mark 53.214ms
[2022-05-19T09:51:56.537+0000][163][gc,marking     ] GC(155) Concurrent Rebuild Remembered Sets
[2022-05-19T09:51:56.557+0000][163][gc,marking     ] GC(155) Concurrent Rebuild Remembered Sets 20.744ms
[2022-05-19T09:51:56.558+0000][163][gc,start       ] GC(155) Pause Cleanup
[2022-05-19T09:51:56.558+0000][163][gc             ] GC(155) Pause Cleanup 209M->209M(512M) 0.437ms
[2022-05-19T09:51:56.559+0000][163][gc,cpu         ] GC(155) User=0.00s Sys=0.00s Real=0.00s
[2022-05-19T09:51:56.559+0000][163][safepoint      ] Safepoint "G1Concurrent", Time since last: 21291900 ns, Reaching safepoint: 284700 ns, At safepoint: 1100700 ns, Total: 1385400 ns
[2022-05-19T09:51:56.559+0000][163][gc,marking     ] GC(155) Concurrent Cleanup for Next Mark
[2022-05-19T09:51:56.560+0000][163][gc,marking     ] GC(155) Concurrent Cleanup for Next Mark 0.410ms
[2022-05-19T09:51:56.560+0000][163][gc             ] GC(155) Concurrent Mark Cycle 78.195ms
[2022-05-19T09:51:57.444+0000][163][gc,start       ] GC(156) Pause Young (Prepare Mixed) (G1 Evacuation Pause)
[2022-05-19T09:51:57.444+0000][163][gc,task        ] GC(156) Using 10 workers of 10 for evacuation
[2022-05-19T09:51:57.444+0000][163][gc,age         ] GC(156) Desired survivor size 14680064 bytes, new threshold 15 (max threshold 15)
[2022-05-19T09:51:57.448+0000][163][gc,age         ] GC(156) Age table with threshold 15 (max threshold 15)
[2022-05-19T09:51:57.448+0000][163][gc,age         ] GC(156) - age   1:    5097032 bytes,    5097032 total
[2022-05-19T09:51:57.449+0000][163][gc,age         ] GC(156) - age   2:    9029136 bytes,   14126168 total
[2022-05-19T09:51:57.449+0000][163][gc,age         ] GC(156) - age   3:     163920 bytes,   14290088 total
[2022-05-19T09:51:57.449+0000][163][gc,phases      ] GC(156)   Pre Evacuate Collection Set: 0.2ms
[2022-05-19T09:51:57.449+0000][163][gc,phases      ] GC(156)   Merge Heap Roots: 0.1ms
[2022-05-19T09:51:57.450+0000][163][gc,phases      ] GC(156)   Evacuate Collection Set: 2.3ms
[2022-05-19T09:51:57.450+0000][163][gc,phases      ] GC(156)   Post Evacuate Collection Set: 0.9ms
[2022-05-19T09:51:57.450+0000][163][gc,phases      ] GC(156)   Other: 2.1ms
[2022-05-19T09:51:57.450+0000][163][gc,heap        ] GC(156) Eden regions: 46->0(2)
[2022-05-19T09:51:57.450+0000][163][gc,heap        ] GC(156) Survivor regions: 3->4(7)
[2022-05-19T09:51:57.450+0000][163][gc,heap        ] GC(156) Old regions: 35->35
[2022-05-19T09:51:57.450+0000][163][gc,heap        ] GC(156) Archive regions: 2->2
[2022-05-19T09:51:57.451+0000][163][gc,heap        ] GC(156) Humongous regions: 6->6
[2022-05-19T09:51:57.451+0000][163][gc,metaspace   ] GC(156) Metaspace: 103359K(104704K)->103359K(104704K) NonClass: 89221K(90048K)->89221K(90048K) Class: 14137K(14656K)->14137K(14656K)
[2022-05-19T09:51:57.451+0000][163][gc             ] GC(156) Pause Young (Prepare Mixed) (G1 Evacuation Pause) 356M->176M(512M) 7.368ms
[2022-05-19T09:51:57.451+0000][163][gc,cpu         ] GC(156) User=0.01s Sys=0.01s Real=0.01s
[2022-05-19T09:51:57.451+0000][163][safepoint      ] Safepoint "G1CollectForAllocation", Time since last: 884353900 ns, Reaching safepoint: 180500 ns, At safepoint: 7733200 ns, Total: 7913700 ns
[2022-05-19T09:51:57.503+0000][163][gc,start       ] GC(157) Pause Young (Mixed) (G1 Evacuation Pause)
[2022-05-19T09:51:57.504+0000][163][gc,task        ] GC(157) Using 10 workers of 10 for evacuation
[2022-05-19T09:51:57.504+0000][163][gc,age         ] GC(157) Desired survivor size 2097152 bytes, new threshold 1 (max threshold 15)
[2022-05-19T09:51:57.508+0000][163][gc,age         ] GC(157) Age table with threshold 1 (max threshold 15)
[2022-05-19T09:51:57.509+0000][163][gc,age         ] GC(157) - age   1:     325008 bytes,     325008 total
[2022-05-19T09:51:57.509+0000][163][gc,phases      ] GC(157)   Pre Evacuate Collection Set: 0.2ms
[2022-05-19T09:51:57.509+0000][163][gc,phases      ] GC(157)   Merge Heap Roots: 0.3ms
[2022-05-19T09:51:57.509+0000][163][gc,phases      ] GC(157)   Evacuate Collection Set: 2.6ms
[2022-05-19T09:51:57.510+0000][163][gc,phases      ] GC(157)   Post Evacuate Collection Set: 0.8ms
[2022-05-19T09:51:57.510+0000][163][gc,phases      ] GC(157)   Other: 1.6ms
[2022-05-19T09:51:57.510+0000][163][gc,heap        ] GC(157) Eden regions: 2->0(52)
[2022-05-19T09:51:57.510+0000][163][gc,heap        ] GC(157) Survivor regions: 4->1(1)
[2022-05-19T09:51:57.511+0000][163][gc,heap        ] GC(157) Old regions: 35->35
[2022-05-19T09:51:57.511+0000][163][gc,heap        ] GC(157) Archive regions: 2->2
[2022-05-19T09:51:57.511+0000][163][gc,heap        ] GC(157) Humongous regions: 6->6
[2022-05-19T09:51:57.511+0000][163][gc,metaspace   ] GC(157) Metaspace: 103359K(104704K)->103359K(104704K) NonClass: 89221K(90048K)->89221K(90048K) Class: 14137K(14656K)->14137K(14656K)
[2022-05-19T09:51:57.512+0000][163][gc             ] GC(157) Pause Young (Mixed) (G1 Evacuation Pause) 184M->162M(512M) 8.178ms
[2022-05-19T09:51:57.512+0000][163][gc,cpu         ] GC(157) User=0.03s Sys=0.00s Real=0.01s
[2022-05-19T09:51:57.512+0000][163][safepoint      ] Safepoint "G1CollectForAllocation", Time since last: 51752900 ns, Reaching safepoint: 283000 ns, At safepoint: 8713000 ns, Total: 8996000 ns
[2022-05-19T09:51:58.583+0000][163][gc,start       ] GC(158) Pause Young (Concurrent Start) (G1 Humongous Allocation)
[2022-05-19T09:51:58.583+0000][163][gc,task        ] GC(158) Using 10 workers of 10 for evacuation
[2022-05-19T09:51:58.584+0000][163][gc,age         ] GC(158) Desired survivor size 14680064 bytes, new threshold 15 (max threshold 15)
[2022-05-19T09:51:58.588+0000][163][gc,age         ] GC(158) Age table with threshold 15 (max threshold 15)
[2022-05-19T09:51:58.588+0000][163][gc,age         ] GC(158) - age   1:    7956072 bytes,    7956072 total
[2022-05-19T09:51:58.588+0000][163][gc,age         ] GC(158) - age   2:     319176 bytes,    8275248 total
[2022-05-19T09:51:58.589+0000][163][gc,phases      ] GC(158)   Pre Evacuate Collection Set: 0.3ms
[2022-05-19T09:51:58.589+0000][163][gc,phases      ] GC(158)   Merge Heap Roots: 0.2ms
[2022-05-19T09:51:58.589+0000][163][gc,phases      ] GC(158)   Evacuate Collection Set: 2.1ms
[2022-05-19T09:51:58.589+0000][163][gc,phases      ] GC(158)   Post Evacuate Collection Set: 0.9ms
[2022-05-19T09:51:58.590+0000][163][gc,phases      ] GC(158)   Other: 1.8ms
[2022-05-19T09:51:58.590+0000][163][gc,heap        ] GC(158) Eden regions: 40->0(52)
[2022-05-19T09:51:58.590+0000][163][gc,heap        ] GC(158) Survivor regions: 1->2(7)
[2022-05-19T09:51:58.590+0000][163][gc,heap        ] GC(158) Old regions: 35->35
[2022-05-19T09:51:58.590+0000][163][gc,heap        ] GC(158) Archive regions: 2->2
[2022-05-19T09:51:58.591+0000][163][gc,heap        ] GC(158) Humongous regions: 6->6
[2022-05-19T09:51:58.591+0000][163][gc,metaspace   ] GC(158) Metaspace: 103488K(104896K)->103488K(104896K) NonClass: 89328K(90176K)->89328K(90176K) Class: 14159K(14720K)->14159K(14720K)
[2022-05-19T09:51:58.591+0000][163][gc             ] GC(158) Pause Young (Concurrent Start) (G1 Humongous Allocation) 319M->170M(512M) 7.813ms
[2022-05-19T09:51:58.591+0000][163][gc,cpu         ] GC(158) User=0.00s Sys=0.02s Real=0.01s
[2022-05-19T09:51:58.592+0000][163][gc             ] GC(159) Concurrent Mark Cycle
[2022-05-19T09:51:58.592+0000][163][safepoint      ] Safepoint "G1TryInitiateConcMark", Time since last: 1070852400 ns, Reaching safepoint: 257200 ns, At safepoint: 8326700 ns, Total: 8583900 ns
[2022-05-19T09:51:58.592+0000][163][gc,marking     ] GC(159) Concurrent Clear Claimed Marks
[2022-05-19T09:51:58.592+0000][163][gc,marking     ] GC(159) Concurrent Clear Claimed Marks 0.459ms
[2022-05-19T09:51:58.592+0000][163][gc,marking     ] GC(159) Concurrent Scan Root Regions
[2022-05-19T09:51:58.594+0000][163][gc,marking     ] GC(159) Concurrent Scan Root Regions 1.249ms
[2022-05-19T09:51:58.594+0000][163][gc,marking     ] GC(159) Concurrent Mark
[2022-05-19T09:51:58.594+0000][163][gc,marking     ] GC(159) Concurrent Mark From Roots
[2022-05-19T09:51:58.594+0000][163][gc,task        ] GC(159) Using 3 workers of 3 for marking
[2022-05-19T09:51:58.638+0000][163][gc,marking     ] GC(159) Concurrent Mark From Roots 43.864ms
[2022-05-19T09:51:58.638+0000][163][gc,marking     ] GC(159) Concurrent Preclean
[2022-05-19T09:51:58.639+0000][163][gc,marking     ] GC(159) Concurrent Preclean 0.752ms
[2022-05-19T09:51:58.640+0000][163][gc,start       ] GC(159) Pause Remark
[2022-05-19T09:51:58.643+0000][163][gc             ] GC(159) Pause Remark 191M->191M(512M) 3.627ms
[2022-05-19T09:51:58.644+0000][163][gc,cpu         ] GC(159) User=0.03s Sys=0.00s Real=0.00s
[2022-05-19T09:51:58.644+0000][163][safepoint      ] Safepoint "G1Concurrent", Time since last: 47853000 ns, Reaching safepoint: 371400 ns, At safepoint: 4216700 ns, Total: 4588100 ns
[2022-05-19T09:51:58.644+0000][163][gc,marking     ] GC(159) Concurrent Mark 50.355ms
[2022-05-19T09:51:58.644+0000][163][gc,marking     ] GC(159) Concurrent Rebuild Remembered Sets
[2022-05-19T09:51:58.664+0000][163][gc,marking     ] GC(159) Concurrent Rebuild Remembered Sets 19.253ms
[2022-05-19T09:51:58.664+0000][163][gc,start       ] GC(159) Pause Cleanup
[2022-05-19T09:51:58.665+0000][163][gc             ] GC(159) Pause Cleanup 193M->193M(512M) 0.426ms
[2022-05-19T09:51:58.665+0000][163][gc,cpu         ] GC(159) User=0.00s Sys=0.00s Real=0.00s
[2022-05-19T09:51:58.665+0000][163][safepoint      ] Safepoint "G1Concurrent", Time since last: 20021500 ns, Reaching safepoint: 176800 ns, At safepoint: 833500 ns, Total: 1010300 ns
[2022-05-19T09:51:58.665+0000][163][gc,marking     ] GC(159) Concurrent Cleanup for Next Mark
[2022-05-19T09:51:58.666+0000][163][gc,marking     ] GC(159) Concurrent Cleanup for Next Mark 0.372ms
[2022-05-19T09:51:58.666+0000][163][gc             ] GC(159) Concurrent Mark Cycle 74.282ms
[2022-05-19T09:51:59.997+0000][163][safepoint      ] Safepoint "Cleanup", Time since last: 1331071300 ns, Reaching safepoint: 277700 ns, At safepoint: 25900 ns, Total: 303600 ns
[2022-05-19T09:52:00.410+0000][163][gc,start       ] GC(160) Pause Young (Prepare Mixed) (G1 Evacuation Pause)
[2022-05-19T09:52:00.410+0000][163][gc,task        ] GC(160) Using 10 workers of 10 for evacuation
[2022-05-19T09:52:00.410+0000][163][gc,age         ] GC(160) Desired survivor size 14680064 bytes, new threshold 15 (max threshold 15)
[2022-05-19T09:52:00.413+0000][163][gc,age         ] GC(160) Age table with threshold 15 (max threshold 15)
[2022-05-19T09:52:00.413+0000][163][gc,age         ] GC(160) - age   1:    4529152 bytes,    4529152 total
[2022-05-19T09:52:00.413+0000][163][gc,age         ] GC(160) - age   2:     892024 bytes,    5421176 total
[2022-05-19T09:52:00.414+0000][163][gc,age         ] GC(160) - age   3:         72 bytes,    5421248 total
[2022-05-19T09:52:00.414+0000][163][gc,phases      ] GC(160)   Pre Evacuate Collection Set: 0.2ms
[2022-05-19T09:52:00.414+0000][163][gc,phases      ] GC(160)   Merge Heap Roots: 0.2ms
[2022-05-19T09:52:00.414+0000][163][gc,phases      ] GC(160)   Evacuate Collection Set: 1.5ms
[2022-05-19T09:52:00.414+0000][163][gc,phases      ] GC(160)   Post Evacuate Collection Set: 0.6ms
[2022-05-19T09:52:00.414+0000][163][gc,phases      ] GC(160)   Other: 1.0ms
[2022-05-19T09:52:00.414+0000][163][gc,heap        ] GC(160) Eden regions: 52->0(4)
[2022-05-19T09:52:00.414+0000][163][gc,heap        ] GC(160) Survivor regions: 2->2(7)
[2022-05-19T09:52:00.415+0000][163][gc,heap        ] GC(160) Old regions: 35->35
[2022-05-19T09:52:00.415+0000][163][gc,heap        ] GC(160) Archive regions: 2->2
[2022-05-19T09:52:00.415+0000][163][gc,heap        ] GC(160) Humongous regions: 14->8
[2022-05-19T09:52:00.415+0000][163][gc,metaspace   ] GC(160) Metaspace: 103688K(105024K)->103688K(105024K) NonClass: 89508K(90304K)->89508K(90304K) Class: 14180K(14720K)->14180K(14720K)
[2022-05-19T09:52:00.415+0000][163][gc             ] GC(160) Pause Young (Prepare Mixed) (G1 Evacuation Pause) 410M->175M(512M) 4.796ms
[2022-05-19T09:52:00.415+0000][163][gc,cpu         ] GC(160) User=0.02s Sys=0.00s Real=0.00s
[2022-05-19T09:52:00.415+0000][163][safepoint      ] Safepoint "G1CollectForAllocation", Time since last: 412607500 ns, Reaching safepoint: 181300 ns, At safepoint: 5120000 ns, Total: 5301300 ns
[2022-05-19T09:52:00.480+0000][163][gc,start       ] GC(161) Pause Young (Mixed) (G1 Evacuation Pause)
[2022-05-19T09:52:00.480+0000][163][gc,task        ] GC(161) Using 10 workers of 10 for evacuation
[2022-05-19T09:52:00.480+0000][163][gc,age         ] GC(161) Desired survivor size 2097152 bytes, new threshold 1 (max threshold 15)
[2022-05-19T09:52:00.483+0000][163][gc,age         ] GC(161) Age table with threshold 1 (max threshold 15)
[2022-05-19T09:52:00.483+0000][163][gc,age         ] GC(161) - age   1:      14544 bytes,      14544 total
[2022-05-19T09:52:00.483+0000][163][gc,phases      ] GC(161)   Pre Evacuate Collection Set: 0.3ms
[2022-05-19T09:52:00.484+0000][163][gc,phases      ] GC(161)   Merge Heap Roots: 0.2ms
[2022-05-19T09:52:00.484+0000][163][gc,phases      ] GC(161)   Evacuate Collection Set: 1.6ms
[2022-05-19T09:52:00.484+0000][163][gc,phases      ] GC(161)   Post Evacuate Collection Set: 0.6ms
[2022-05-19T09:52:00.484+0000][163][gc,phases      ] GC(161)   Other: 1.1ms
[2022-05-19T09:52:00.484+0000][163][gc,heap        ] GC(161) Eden regions: 4->0(54)
[2022-05-19T09:52:00.484+0000][163][gc,heap        ] GC(161) Survivor regions: 2->1(1)
[2022-05-19T09:52:00.484+0000][163][gc,heap        ] GC(161) Old regions: 35->33
[2022-05-19T09:52:00.485+0000][163][gc,heap        ] GC(161) Archive regions: 2->2
[2022-05-19T09:52:00.485+0000][163][gc,heap        ] GC(161) Humongous regions: 8->8
[2022-05-19T09:52:00.485+0000][163][gc,metaspace   ] GC(161) Metaspace: 103688K(105024K)->103688K(105024K) NonClass: 89508K(90304K)->89508K(90304K) Class: 14180K(14720K)->14180K(14720K)
[2022-05-19T09:52:00.485+0000][163][gc             ] GC(161) Pause Young (Mixed) (G1 Evacuation Pause) 191M->161M(512M) 5.324ms
[2022-05-19T09:52:00.485+0000][163][gc,cpu         ] GC(161) User=0.02s Sys=0.00s Real=0.00s
[2022-05-19T09:52:00.485+0000][163][safepoint      ] Safepoint "G1CollectForAllocation", Time since last: 64031100 ns, Reaching safepoint: 257300 ns, At safepoint: 5661300 ns, Total: 5918600 ns
[2022-05-19T09:52:01.302+0000][163][gc,start       ] GC(162) Pause Young (Concurrent Start) (G1 Evacuation Pause)
[2022-05-19T09:52:01.302+0000][163][gc,task        ] GC(162) Using 10 workers of 10 for evacuation
[2022-05-19T09:52:01.302+0000][163][gc,age         ] GC(162) Desired survivor size 14680064 bytes, new threshold 15 (max threshold 15)
[2022-05-19T09:52:01.304+0000][163][gc,age         ] GC(162) Age table with threshold 15 (max threshold 15)
[2022-05-19T09:52:01.305+0000][163][gc,age         ] GC(162) - age   1:     145536 bytes,     145536 total
[2022-05-19T09:52:01.305+0000][163][gc,age         ] GC(162) - age   2:       8680 bytes,     154216 total
[2022-05-19T09:52:01.305+0000][163][gc,phases      ] GC(162)   Pre Evacuate Collection Set: 0.2ms
[2022-05-19T09:52:01.305+0000][163][gc,phases      ] GC(162)   Merge Heap Roots: 0.2ms
[2022-05-19T09:52:01.305+0000][163][gc,phases      ] GC(162)   Evacuate Collection Set: 0.9ms
[2022-05-19T09:52:01.305+0000][163][gc,phases      ] GC(162)   Post Evacuate Collection Set: 0.6ms
[2022-05-19T09:52:01.306+0000][163][gc,phases      ] GC(162)   Other: 1.4ms
[2022-05-19T09:52:01.306+0000][163][gc,heap        ] GC(162) Eden regions: 54->0(56)
[2022-05-19T09:52:01.306+0000][163][gc,heap        ] GC(162) Survivor regions: 1->1(7)
[2022-05-19T09:52:01.306+0000][163][gc,heap        ] GC(162) Old regions: 33->33
[2022-05-19T09:52:01.306+0000][163][gc,heap        ] GC(162) Archive regions: 2->2
[2022-05-19T09:52:01.306+0000][163][gc,heap        ] GC(162) Humongous regions: 8->8
[2022-05-19T09:52:01.306+0000][163][gc,metaspace   ] GC(162) Metaspace: 103688K(105024K)->103688K(105024K) NonClass: 89508K(90304K)->89508K(90304K) Class: 14180K(14720K)->14180K(14720K)
[2022-05-19T09:52:01.307+0000][163][gc             ] GC(162) Pause Young (Concurrent Start) (G1 Evacuation Pause) 377M->161M(512M) 4.893ms
[2022-05-19T09:52:01.307+0000][163][gc,cpu         ] GC(162) User=0.01s Sys=0.00s Real=0.00s
[2022-05-19T09:52:01.307+0000][163][gc             ] GC(163) Concurrent Mark Cycle
[2022-05-19T09:52:01.307+0000][163][gc,marking     ] GC(163) Concurrent Clear Claimed Marks
[2022-05-19T09:52:01.307+0000][163][safepoint      ] Safepoint "G1CollectForAllocation", Time since last: 816208500 ns, Reaching safepoint: 197200 ns, At safepoint: 5371500 ns, Total: 5568700 ns
[2022-05-19T09:52:01.307+0000][163][gc,marking     ] GC(163) Concurrent Clear Claimed Marks 0.207ms
[2022-05-19T09:52:01.308+0000][163][gc,marking     ] GC(163) Concurrent Scan Root Regions
[2022-05-19T09:52:01.309+0000][163][gc,marking     ] GC(163) Concurrent Scan Root Regions 0.917ms
[2022-05-19T09:52:01.309+0000][163][gc,marking     ] GC(163) Concurrent Mark
[2022-05-19T09:52:01.309+0000][163][gc,marking     ] GC(163) Concurrent Mark From Roots
[2022-05-19T09:52:01.309+0000][163][gc,task        ] GC(163) Using 3 workers of 3 for marking
[2022-05-19T09:52:01.350+0000][163][gc,marking     ] GC(163) Concurrent Mark From Roots 41.249ms
[2022-05-19T09:52:01.350+0000][163][gc,marking     ] GC(163) Concurrent Preclean
[2022-05-19T09:52:01.351+0000][163][gc,marking     ] GC(163) Concurrent Preclean 0.686ms
[2022-05-19T09:52:01.352+0000][163][gc,start       ] GC(163) Pause Remark
[2022-05-19T09:52:01.355+0000][163][gc             ] GC(163) Pause Remark 173M->173M(512M) 3.374ms
[2022-05-19T09:52:01.356+0000][163][gc,cpu         ] GC(163) User=0.02s Sys=0.00s Real=0.00s
[2022-05-19T09:52:01.356+0000][163][safepoint      ] Safepoint "G1Concurrent", Time since last: 44781700 ns, Reaching safepoint: 271400 ns, At safepoint: 3851400 ns, Total: 4122800 ns
[2022-05-19T09:52:01.356+0000][163][gc,marking     ] GC(163) Concurrent Mark 47.410ms
[2022-05-19T09:52:01.356+0000][163][gc,marking     ] GC(163) Concurrent Rebuild Remembered Sets
[2022-05-19T09:52:01.383+0000][163][gc,marking     ] GC(163) Concurrent Rebuild Remembered Sets 26.931ms
[2022-05-19T09:52:01.384+0000][163][gc,start       ] GC(163) Pause Cleanup
[2022-05-19T09:52:01.384+0000][163][gc             ] GC(163) Pause Cleanup 181M->181M(512M) 0.368ms
[2022-05-19T09:52:01.384+0000][163][gc,cpu         ] GC(163) User=0.00s Sys=0.00s Real=0.00s
[2022-05-19T09:52:01.385+0000][163][safepoint      ] Safepoint "G1Concurrent", Time since last: 27539700 ns, Reaching safepoint: 193300 ns, At safepoint: 930700 ns, Total: 1124000 ns
[2022-05-19T09:52:01.385+0000][163][gc,marking     ] GC(163) Concurrent Cleanup for Next Mark
[2022-05-19T09:52:01.385+0000][163][gc,marking     ] GC(163) Concurrent Cleanup for Next Mark 0.405ms
[2022-05-19T09:52:01.386+0000][163][gc             ] GC(163) Concurrent Mark Cycle 78.561ms
[2022-05-19T09:52:02.385+0000][163][safepoint      ] Safepoint "Cleanup", Time since last: 1000460300 ns, Reaching safepoint: 197200 ns, At safepoint: 7300 ns, Total: 204500 ns
[2022-05-19T09:52:03.781+0000][163][safepoint      ] Safepoint "Cleanup", Time since last: 1395187200 ns, Reaching safepoint: 261800 ns, At safepoint: 7800 ns, Total: 269600 ns
[2022-05-19T09:52:04.894+0000][163][safepoint      ] Safepoint "Cleanup", Time since last: 1113010700 ns, Reaching safepoint: 173000 ns, At safepoint: 17900 ns, Total: 190900 ns
[2022-05-19T09:52:18.896+0000][163][safepoint      ] Safepoint "Cleanup", Time since last: 14001993400 ns, Reaching safepoint: 325500 ns, At safepoint: 25000 ns, Total: 350500 ns
[2022-05-19T09:52:18.962+0000][163][gc,start       ] GC(164) Pause Young (Prepare Mixed) (G1 Evacuation Pause)
[2022-05-19T09:52:18.962+0000][163][gc,task        ] GC(164) Using 10 workers of 10 for evacuation
[2022-05-19T09:52:18.962+0000][163][gc,age         ] GC(164) Desired survivor size 16777216 bytes, new threshold 15 (max threshold 15)
[2022-05-19T09:52:18.965+0000][163][gc,age         ] GC(164) Age table with threshold 15 (max threshold 15)
[2022-05-19T09:52:18.965+0000][163][gc,age         ] GC(164) - age   1:    8131608 bytes,    8131608 total
[2022-05-19T09:52:18.966+0000][163][gc,age         ] GC(164) - age   2:      49768 bytes,    8181376 total
[2022-05-19T09:52:18.966+0000][163][gc,age         ] GC(164) - age   3:       1032 bytes,    8182408 total
[2022-05-19T09:52:18.966+0000][163][gc,phases      ] GC(164)   Pre Evacuate Collection Set: 0.2ms
[2022-05-19T09:52:18.966+0000][163][gc,phases      ] GC(164)   Merge Heap Roots: 0.2ms
[2022-05-19T09:52:18.966+0000][163][gc,phases      ] GC(164)   Evacuate Collection Set: 1.8ms
[2022-05-19T09:52:18.966+0000][163][gc,phases      ] GC(164)   Post Evacuate Collection Set: 0.7ms
[2022-05-19T09:52:18.967+0000][163][gc,phases      ] GC(164)   Other: 1.3ms
[2022-05-19T09:52:18.967+0000][163][gc,heap        ] GC(164) Eden regions: 56->0(4)
[2022-05-19T09:52:18.967+0000][163][gc,heap        ] GC(164) Survivor regions: 1->2(8)
[2022-05-19T09:52:18.967+0000][163][gc,heap        ] GC(164) Old regions: 33->33
[2022-05-19T09:52:18.967+0000][163][gc,heap        ] GC(164) Archive regions: 2->2
[2022-05-19T09:52:18.967+0000][163][gc,heap        ] GC(164) Humongous regions: 8->8
[2022-05-19T09:52:18.967+0000][163][gc,metaspace   ] GC(164) Metaspace: 103856K(105216K)->103856K(105216K) NonClass: 89660K(90496K)->89660K(90496K) Class: 14195K(14720K)->14195K(14720K)
[2022-05-19T09:52:18.967+0000][163][gc             ] GC(164) Pause Young (Prepare Mixed) (G1 Evacuation Pause) 385M->169M(512M) 5.675ms
[2022-05-19T09:52:18.968+0000][163][gc,cpu         ] GC(164) User=0.02s Sys=0.01s Real=0.00s
[2022-05-19T09:52:18.968+0000][163][safepoint      ] Safepoint "G1CollectForAllocation", Time since last: 65269500 ns, Reaching safepoint: 205800 ns, At safepoint: 6030500 ns, Total: 6236300 ns
[2022-05-19T09:52:19.021+0000][163][gc,start       ] GC(165) Pause Young (Mixed) (G1 Evacuation Pause)
[2022-05-19T09:52:19.021+0000][163][gc,task        ] GC(165) Using 10 workers of 10 for evacuation
[2022-05-19T09:52:19.021+0000][163][gc,age         ] GC(165) Desired survivor size 2097152 bytes, new threshold 1 (max threshold 15)
[2022-05-19T09:52:19.024+0000][163][gc,age         ] GC(165) Age table with threshold 1 (max threshold 15)
[2022-05-19T09:52:19.024+0000][163][gc,age         ] GC(165) - age   1:    1131112 bytes,    1131112 total
[2022-05-19T09:52:19.024+0000][163][gc,phases      ] GC(165)   Pre Evacuate Collection Set: 0.2ms
[2022-05-19T09:52:19.024+0000][163][gc,phases      ] GC(165)   Merge Heap Roots: 0.1ms
[2022-05-19T09:52:19.024+0000][163][gc,phases      ] GC(165)   Evacuate Collection Set: 1.6ms
[2022-05-19T09:52:19.024+0000][163][gc,phases      ] GC(165)   Post Evacuate Collection Set: 0.6ms
[2022-05-19T09:52:19.024+0000][163][gc,phases      ] GC(165)   Other: 0.7ms
[2022-05-19T09:52:19.025+0000][163][gc,heap        ] GC(165) Eden regions: 4->0(57)
[2022-05-19T09:52:19.025+0000][163][gc,heap        ] GC(165) Survivor regions: 2->1(1)
[2022-05-19T09:52:19.025+0000][163][gc,heap        ] GC(165) Old regions: 33->32
[2022-05-19T09:52:19.025+0000][163][gc,heap        ] GC(165) Archive regions: 2->2
[2022-05-19T09:52:19.025+0000][163][gc,heap        ] GC(165) Humongous regions: 8->8
[2022-05-19T09:52:19.025+0000][163][gc,metaspace   ] GC(165) Metaspace: 103856K(105216K)->103856K(105216K) NonClass: 89660K(90496K)->89660K(90496K) Class: 14195K(14720K)->14195K(14720K)
[2022-05-19T09:52:19.025+0000][163][gc             ] GC(165) Pause Young (Mixed) (G1 Evacuation Pause) 185M->158M(512M) 4.443ms
[2022-05-19T09:52:19.025+0000][163][gc,cpu         ] GC(165) User=0.02s Sys=0.00s Real=0.00s
[2022-05-19T09:52:19.026+0000][163][safepoint      ] Safepoint "G1CollectForAllocation", Time since last: 52815100 ns, Reaching safepoint: 187800 ns, At safepoint: 4738100 ns, Total: 4925900 ns
[2022-05-19T09:52:20.026+0000][163][safepoint      ] Safepoint "Cleanup", Time since last: 1000209100 ns, Reaching safepoint: 255600 ns, At safepoint: 26200 ns, Total: 281800 ns
[2022-05-19T09:52:21.027+0000][163][safepoint      ] Safepoint "Cleanup", Time since last: 1000369200 ns, Reaching safepoint: 307600 ns, At safepoint: 7000 ns, Total: 314600 ns
[2022-05-19T09:52:23.027+0000][163][safepoint      ] Safepoint "Cleanup", Time since last: 2000425200 ns, Reaching safepoint: 236200 ns, At safepoint: 22200 ns, Total: 258400 ns
[2022-05-19T09:52:40.014+0000][163][gc,start       ] GC(166) Pause Young (Concurrent Start) (G1 Evacuation Pause)
[2022-05-19T09:52:40.014+0000][163][gc,task        ] GC(166) Using 10 workers of 10 for evacuation
[2022-05-19T09:52:40.014+0000][163][gc,age         ] GC(166) Desired survivor size 16777216 bytes, new threshold 15 (max threshold 15)
[2022-05-19T09:52:40.018+0000][163][gc,age         ] GC(166) Age table with threshold 15 (max threshold 15)
[2022-05-19T09:52:40.018+0000][163][gc,age         ] GC(166) - age   1:   10050696 bytes,   10050696 total
[2022-05-19T09:52:40.018+0000][163][gc,age         ] GC(166) - age   2:     394000 bytes,   10444696 total
[2022-05-19T09:52:40.018+0000][163][gc,phases      ] GC(166)   Pre Evacuate Collection Set: 0.2ms
[2022-05-19T09:52:40.019+0000][163][gc,phases      ] GC(166)   Merge Heap Roots: 0.1ms
[2022-05-19T09:52:40.019+0000][163][gc,phases      ] GC(166)   Evacuate Collection Set: 1.8ms
[2022-05-19T09:52:40.019+0000][163][gc,phases      ] GC(166)   Post Evacuate Collection Set: 0.7ms
[2022-05-19T09:52:40.019+0000][163][gc,phases      ] GC(166)   Other: 1.7ms
[2022-05-19T09:52:40.020+0000][163][gc,heap        ] GC(166) Eden regions: 57->0(54)
[2022-05-19T09:52:40.020+0000][163][gc,heap        ] GC(166) Survivor regions: 1->3(8)
[2022-05-19T09:52:40.020+0000][163][gc,heap        ] GC(166) Old regions: 32->32
[2022-05-19T09:52:40.020+0000][163][gc,heap        ] GC(166) Archive regions: 2->2
[2022-05-19T09:52:40.020+0000][163][gc,heap        ] GC(166) Humongous regions: 8->8
[2022-05-19T09:52:40.021+0000][163][gc,metaspace   ] GC(166) Metaspace: 103924K(105280K)->103924K(105280K) NonClass: 89727K(90560K)->89727K(90560K) Class: 14197K(14720K)->14197K(14720K)
[2022-05-19T09:52:40.021+0000][163][gc             ] GC(166) Pause Young (Concurrent Start) (G1 Evacuation Pause) 386M->167M(512M) 6.942ms
[2022-05-19T09:52:40.021+0000][163][gc,cpu         ] GC(166) User=0.02s Sys=0.00s Real=0.01s
[2022-05-19T09:52:40.021+0000][163][safepoint      ] Safepoint "G1CollectForAllocation", Time since last: 16986176500 ns, Reaching safepoint: 196100 ns, At safepoint: 7336900 ns, Total: 7533000 ns
[2022-05-19T09:52:40.021+0000][163][gc             ] GC(167) Concurrent Mark Cycle
[2022-05-19T09:52:40.021+0000][163][gc,marking     ] GC(167) Concurrent Clear Claimed Marks
[2022-05-19T09:52:40.022+0000][163][gc,marking     ] GC(167) Concurrent Clear Claimed Marks 0.180ms
[2022-05-19T09:52:40.022+0000][163][gc,marking     ] GC(167) Concurrent Scan Root Regions
[2022-05-19T09:52:40.023+0000][163][gc,marking     ] GC(167) Concurrent Scan Root Regions 0.954ms
[2022-05-19T09:52:40.023+0000][163][gc,marking     ] GC(167) Concurrent Mark
[2022-05-19T09:52:40.023+0000][163][gc,marking     ] GC(167) Concurrent Mark From Roots
[2022-05-19T09:52:40.023+0000][163][gc,task        ] GC(167) Using 3 workers of 3 for marking
[2022-05-19T09:52:40.068+0000][163][gc,marking     ] GC(167) Concurrent Mark From Roots 44.426ms
[2022-05-19T09:52:40.068+0000][163][gc,marking     ] GC(167) Concurrent Preclean
[2022-05-19T09:52:40.068+0000][163][gc,marking     ] GC(167) Concurrent Preclean 0.665ms
[2022-05-19T09:52:40.069+0000][163][gc,start       ] GC(167) Pause Remark
[2022-05-19T09:52:40.072+0000][163][gc             ] GC(167) Pause Remark 174M->166M(512M) 3.466ms
[2022-05-19T09:52:40.073+0000][163][gc,cpu         ] GC(167) User=0.02s Sys=0.00s Real=0.00s
[2022-05-19T09:52:40.073+0000][163][safepoint      ] Safepoint "G1Concurrent", Time since last: 47568700 ns, Reaching safepoint: 295000 ns, At safepoint: 4145900 ns, Total: 4440900 ns
[2022-05-19T09:52:40.073+0000][163][gc,marking     ] GC(167) Concurrent Mark 50.502ms
[2022-05-19T09:52:40.074+0000][163][gc,marking     ] GC(167) Concurrent Rebuild Remembered Sets
[2022-05-19T09:52:40.093+0000][163][gc,marking     ] GC(167) Concurrent Rebuild Remembered Sets 19.841ms
[2022-05-19T09:52:40.094+0000][163][gc,start       ] GC(167) Pause Cleanup
[2022-05-19T09:52:40.095+0000][163][gc             ] GC(167) Pause Cleanup 169M->169M(512M) 0.490ms
[2022-05-19T09:52:40.095+0000][163][gc,cpu         ] GC(167) User=0.00s Sys=0.00s Real=0.00s
[2022-05-19T09:52:40.095+0000][163][safepoint      ] Safepoint "G1Concurrent", Time since last: 20671000 ns, Reaching safepoint: 391600 ns, At safepoint: 1115200 ns, Total: 1506800 ns
[2022-05-19T09:52:40.096+0000][163][gc,marking     ] GC(167) Concurrent Cleanup for Next Mark
[2022-05-19T09:52:40.096+0000][163][gc,marking     ] GC(167) Concurrent Cleanup for Next Mark 0.410ms
[2022-05-19T09:52:40.096+0000][163][gc             ] GC(167) Concurrent Mark Cycle 75.156ms
[2022-05-19T09:52:41.515+0000][163][gc,start       ] GC(168) Pause Young (Prepare Mixed) (G1 Evacuation Pause)
[2022-05-19T09:52:41.515+0000][163][gc,task        ] GC(168) Using 10 workers of 10 for evacuation
[2022-05-19T09:52:41.515+0000][163][gc,age         ] GC(168) Desired survivor size 16777216 bytes, new threshold 15 (max threshold 15)
[2022-05-19T09:52:41.519+0000][163][gc,age         ] GC(168) Age table with threshold 15 (max threshold 15)
[2022-05-19T09:52:41.520+0000][163][gc,age         ] GC(168) - age   1:   10863864 bytes,   10863864 total
[2022-05-19T09:52:41.520+0000][163][gc,age         ] GC(168) - age   2:    9144608 bytes,   20008472 total
[2022-05-19T09:52:41.520+0000][163][gc,age         ] GC(168) - age   3:     299320 bytes,   20307792 total
[2022-05-19T09:52:41.520+0000][163][gc,phases      ] GC(168)   Pre Evacuate Collection Set: 0.2ms
[2022-05-19T09:52:41.521+0000][163][gc,phases      ] GC(168)   Merge Heap Roots: 0.2ms
[2022-05-19T09:52:41.521+0000][163][gc,phases      ] GC(168)   Evacuate Collection Set: 2.5ms
[2022-05-19T09:52:41.521+0000][163][gc,phases      ] GC(168)   Post Evacuate Collection Set: 0.8ms
[2022-05-19T09:52:41.521+0000][163][gc,phases      ] GC(168)   Other: 2.1ms
[2022-05-19T09:52:41.521+0000][163][gc,heap        ] GC(168) Eden regions: 54->0(1)
[2022-05-19T09:52:41.522+0000][163][gc,heap        ] GC(168) Survivor regions: 3->5(8)
[2022-05-19T09:52:41.522+0000][163][gc,heap        ] GC(168) Old regions: 32->32
[2022-05-19T09:52:41.522+0000][163][gc,heap        ] GC(168) Archive regions: 2->2
[2022-05-19T09:52:41.522+0000][163][gc,heap        ] GC(168) Humongous regions: 6->6
[2022-05-19T09:52:41.522+0000][163][gc,metaspace   ] GC(168) Metaspace: 103925K(105280K)->103925K(105280K) NonClass: 89728K(90560K)->89728K(90560K) Class: 14197K(14720K)->14197K(14720K)
[2022-05-19T09:52:41.522+0000][163][gc             ] GC(168) Pause Young (Prepare Mixed) (G1 Evacuation Pause) 375M->168M(512M) 7.677ms
[2022-05-19T09:52:41.522+0000][163][gc,cpu         ] GC(168) User=0.03s Sys=0.00s Real=0.01s
[2022-05-19T09:52:41.523+0000][163][safepoint      ] Safepoint "G1CollectForAllocation", Time since last: 1419074500 ns, Reaching safepoint: 183200 ns, At safepoint: 8033400 ns, Total: 8216600 ns
[2022-05-19T09:52:41.553+0000][163][gc,start       ] GC(169) Pause Young (Mixed) (G1 Evacuation Pause)
[2022-05-19T09:52:41.553+0000][163][gc,task        ] GC(169) Using 10 workers of 10 for evacuation
[2022-05-19T09:52:41.553+0000][163][gc,age         ] GC(169) Desired survivor size 2097152 bytes, new threshold 1 (max threshold 15)
[2022-05-19T09:52:41.557+0000][163][gc,age         ] GC(169) Age table with threshold 1 (max threshold 15)
[2022-05-19T09:52:41.558+0000][163][gc,age         ] GC(169) - age   1:      65920 bytes,      65920 total
[2022-05-19T09:52:41.558+0000][163][gc,phases      ] GC(169)   Pre Evacuate Collection Set: 0.2ms
[2022-05-19T09:52:41.558+0000][163][gc,phases      ] GC(169)   Merge Heap Roots: 0.2ms
[2022-05-19T09:52:41.558+0000][163][gc,phases      ] GC(169)   Evacuate Collection Set: 2.6ms
[2022-05-19T09:52:41.559+0000][163][gc,phases      ] GC(169)   Post Evacuate Collection Set: 0.7ms
[2022-05-19T09:52:41.559+0000][163][gc,phases      ] GC(169)   Other: 1.5ms
[2022-05-19T09:52:41.559+0000][163][gc,heap        ] GC(169) Eden regions: 1->0(55)
[2022-05-19T09:52:41.559+0000][163][gc,heap        ] GC(169) Survivor regions: 5->1(1)
[2022-05-19T09:52:41.559+0000][163][gc,heap        ] GC(169) Old regions: 32->35
[2022-05-19T09:52:41.560+0000][163][gc,heap        ] GC(169) Archive regions: 2->2
[2022-05-19T09:52:41.560+0000][163][gc,heap        ] GC(169) Humongous regions: 6->6
[2022-05-19T09:52:41.560+0000][163][gc,metaspace   ] GC(169) Metaspace: 103925K(105280K)->103925K(105280K) NonClass: 89728K(90560K)->89728K(90560K) Class: 14197K(14720K)->14197K(14720K)
[2022-05-19T09:52:41.560+0000][163][gc             ] GC(169) Pause Young (Mixed) (G1 Evacuation Pause) 172M->162M(512M) 7.165ms
[2022-05-19T09:52:41.560+0000][163][gc,cpu         ] GC(169) User=0.02s Sys=0.00s Real=0.01s
[2022-05-19T09:52:41.560+0000][163][safepoint      ] Safepoint "G1CollectForAllocation", Time since last: 29975800 ns, Reaching safepoint: 213400 ns, At safepoint: 7528600 ns, Total: 7742000 ns
[2022-05-19T09:52:42.561+0000][163][safepoint      ] Safepoint "Cleanup", Time since last: 1000286200 ns, Reaching safepoint: 247500 ns, At safepoint: 8900 ns, Total: 256400 ns
[2022-05-19T09:52:45.562+0000][163][safepoint      ] Safepoint "Cleanup", Time since last: 3000838600 ns, Reaching safepoint: 262500 ns, At safepoint: 8900 ns, Total: 271400 ns
[2022-05-19T09:52:48.563+0000][163][safepoint      ] Safepoint "Cleanup", Time since last: 3000725800 ns, Reaching safepoint: 193500 ns, At safepoint: 7300 ns, Total: 200800 ns
[2022-05-19T09:52:52.564+0000][163][safepoint      ] Safepoint "Cleanup", Time since last: 4000783300 ns, Reaching safepoint: 400400 ns, At safepoint: 7800 ns, Total: 408200 ns
[2022-05-19T09:52:53.565+0000][163][safepoint      ] Safepoint "Cleanup", Time since last: 1000410200 ns, Reaching safepoint: 241500 ns, At safepoint: 15900 ns, Total: 257400 ns
[2022-05-19T09:53:02.567+0000][163][safepoint      ] Safepoint "Cleanup", Time since last: 9001377300 ns, Reaching safepoint: 346700 ns, At safepoint: 23700 ns, Total: 370400 ns
[2022-05-19T09:53:02.569+0000][163][gc,start       ] GC(170) Pause Young (Concurrent Start) (G1 Humongous Allocation)
[2022-05-19T09:53:02.569+0000][163][gc,task        ] GC(170) Using 10 workers of 10 for evacuation
[2022-05-19T09:53:02.570+0000][163][gc,age         ] GC(170) Desired survivor size 14680064 bytes, new threshold 15 (max threshold 15)
[2022-05-19T09:53:02.576+0000][163][gc,age         ] GC(170) Age table with threshold 15 (max threshold 15)
[2022-05-19T09:53:02.577+0000][163][gc,age         ] GC(170) - age   1:   28847240 bytes,   28847240 total
[2022-05-19T09:53:02.577+0000][163][gc,age         ] GC(170) - age   2:      65568 bytes,   28912808 total
[2022-05-19T09:53:02.577+0000][163][gc,phases      ] GC(170)   Pre Evacuate Collection Set: 0.2ms
[2022-05-19T09:53:02.578+0000][163][gc,phases      ] GC(170)   Merge Heap Roots: 0.1ms
[2022-05-19T09:53:02.578+0000][163][gc,phases      ] GC(170)   Evacuate Collection Set: 5.3ms
[2022-05-19T09:53:02.578+0000][163][gc,phases      ] GC(170)   Post Evacuate Collection Set: 0.9ms
[2022-05-19T09:53:02.578+0000][163][gc,phases      ] GC(170)   Other: 1.8ms
[2022-05-19T09:53:02.578+0000][163][gc,heap        ] GC(170) Eden regions: 34->0(36)
[2022-05-19T09:53:02.579+0000][163][gc,heap        ] GC(170) Survivor regions: 1->7(7)
[2022-05-19T09:53:02.579+0000][163][gc,heap        ] GC(170) Old regions: 35->40
[2022-05-19T09:53:02.579+0000][163][gc,heap        ] GC(170) Archive regions: 2->2
[2022-05-19T09:53:02.579+0000][163][gc,heap        ] GC(170) Humongous regions: 6->6
[2022-05-19T09:53:02.579+0000][163][gc,metaspace   ] GC(170) Metaspace: 103946K(105280K)->103946K(105280K) NonClass: 89744K(90560K)->89744K(90560K) Class: 14202K(14720K)->14202K(14720K)
[2022-05-19T09:53:02.579+0000][163][gc             ] GC(170) Pause Young (Concurrent Start) (G1 Humongous Allocation) 295M->206M(512M) 10.484ms
[2022-05-19T09:53:02.580+0000][163][gc,cpu         ] GC(170) User=0.06s Sys=0.01s Real=0.01s
[2022-05-19T09:53:02.580+0000][163][gc             ] GC(171) Concurrent Mark Cycle
[2022-05-19T09:53:02.580+0000][163][gc,marking     ] GC(171) Concurrent Clear Claimed Marks
[2022-05-19T09:53:02.580+0000][163][safepoint      ] Safepoint "G1TryInitiateConcMark", Time since last: 2155500 ns, Reaching safepoint: 162100 ns, At safepoint: 10808300 ns, Total: 10970400 ns
[2022-05-19T09:53:02.580+0000][163][gc,marking     ] GC(171) Concurrent Clear Claimed Marks 0.183ms
[2022-05-19T09:53:02.580+0000][163][gc,marking     ] GC(171) Concurrent Scan Root Regions
[2022-05-19T09:53:02.581+0000][163][gc,marking     ] GC(171) Concurrent Scan Root Regions 0.891ms
[2022-05-19T09:53:02.581+0000][163][gc,marking     ] GC(171) Concurrent Mark
[2022-05-19T09:53:02.581+0000][163][gc,marking     ] GC(171) Concurrent Mark From Roots
[2022-05-19T09:53:02.582+0000][163][gc,task        ] GC(171) Using 3 workers of 3 for marking
[2022-05-19T09:53:02.624+0000][163][gc,marking     ] GC(171) Concurrent Mark From Roots 42.493ms
[2022-05-19T09:53:02.624+0000][163][gc,marking     ] GC(171) Concurrent Preclean
[2022-05-19T09:53:02.625+0000][163][gc,marking     ] GC(171) Concurrent Preclean 0.706ms
[2022-05-19T09:53:02.625+0000][163][gc,start       ] GC(171) Pause Remark
[2022-05-19T09:53:02.629+0000][163][gc             ] GC(171) Pause Remark 214M->214M(512M) 3.475ms
[2022-05-19T09:53:02.629+0000][163][gc,cpu         ] GC(171) User=0.02s Sys=0.00s Real=0.01s
[2022-05-19T09:53:02.630+0000][163][safepoint      ] Safepoint "G1Concurrent", Time since last: 45495200 ns, Reaching safepoint: 179500 ns, At safepoint: 4129200 ns, Total: 4308700 ns
[2022-05-19T09:53:02.630+0000][163][gc,marking     ] GC(171) Concurrent Mark 48.478ms
[2022-05-19T09:53:02.630+0000][163][gc,marking     ] GC(171) Concurrent Rebuild Remembered Sets
[2022-05-19T09:53:02.651+0000][163][gc,marking     ] GC(171) Concurrent Rebuild Remembered Sets 21.469ms
[2022-05-19T09:53:02.652+0000][163][gc,start       ] GC(171) Pause Cleanup
[2022-05-19T09:53:02.653+0000][163][gc             ] GC(171) Pause Cleanup 217M->217M(512M) 0.500ms
[2022-05-19T09:53:02.653+0000][163][gc,cpu         ] GC(171) User=0.00s Sys=0.00s Real=0.00s
[2022-05-19T09:53:02.653+0000][163][safepoint      ] Safepoint "G1Concurrent", Time since last: 22371100 ns, Reaching safepoint: 259200 ns, At safepoint: 1077600 ns, Total: 1336800 ns
[2022-05-19T09:53:02.654+0000][163][gc,marking     ] GC(171) Concurrent Cleanup for Next Mark
[2022-05-19T09:53:02.654+0000][163][gc,marking     ] GC(171) Concurrent Cleanup for Next Mark 0.490ms
[2022-05-19T09:53:02.654+0000][163][gc             ] GC(171) Concurrent Mark Cycle 74.506ms
[2022-05-19T09:53:03.558+0000][163][gc,start       ] GC(172) Pause Young (Prepare Mixed) (G1 Evacuation Pause)
[2022-05-19T09:53:03.558+0000][163][gc,task        ] GC(172) Using 10 workers of 10 for evacuation
[2022-05-19T09:53:03.558+0000][163][gc,age         ] GC(172) Desired survivor size 12582912 bytes, new threshold 1 (max threshold 15)
[2022-05-19T09:53:03.564+0000][163][gc,age         ] GC(172) Age table with threshold 1 (max threshold 15)
[2022-05-19T09:53:03.564+0000][163][gc,age         ] GC(172) - age   1:   10872136 bytes,   10872136 total
[2022-05-19T09:53:03.564+0000][163][gc,phases      ] GC(172)   Pre Evacuate Collection Set: 0.2ms
[2022-05-19T09:53:03.564+0000][163][gc,phases      ] GC(172)   Merge Heap Roots: 0.1ms
[2022-05-19T09:53:03.565+0000][163][gc,phases      ] GC(172)   Evacuate Collection Set: 4.2ms
[2022-05-19T09:53:03.565+0000][163][gc,phases      ] GC(172)   Post Evacuate Collection Set: 0.7ms
[2022-05-19T09:53:03.565+0000][163][gc,phases      ] GC(172)   Other: 1.4ms
[2022-05-19T09:53:03.566+0000][163][gc,heap        ] GC(172) Eden regions: 36->0(3)
[2022-05-19T09:53:03.566+0000][163][gc,heap        ] GC(172) Survivor regions: 7->3(6)
[2022-05-19T09:53:03.566+0000][163][gc,heap        ] GC(172) Old regions: 40->46
[2022-05-19T09:53:03.566+0000][163][gc,heap        ] GC(172) Archive regions: 2->2
[2022-05-19T09:53:03.566+0000][163][gc,heap        ] GC(172) Humongous regions: 7->7
[2022-05-19T09:53:03.567+0000][163][gc,metaspace   ] GC(172) Metaspace: 103954K(105280K)->103954K(105280K) NonClass: 89752K(90560K)->89752K(90560K) Class: 14202K(14720K)->14202K(14720K)
[2022-05-19T09:53:03.567+0000][163][gc             ] GC(172) Pause Young (Prepare Mixed) (G1 Evacuation Pause) 354M->217M(512M) 9.257ms
[2022-05-19T09:53:03.567+0000][163][gc,cpu         ] GC(172) User=0.04s Sys=0.00s Real=0.01s
[2022-05-19T09:53:03.567+0000][163][safepoint      ] Safepoint "G1CollectForAllocation", Time since last: 904080100 ns, Reaching safepoint: 186900 ns, At safepoint: 9698500 ns, Total: 9885400 ns
[2022-05-19T09:53:03.668+0000][163][gc,start       ] GC(173) Pause Young (Mixed) (G1 Evacuation Pause)
[2022-05-19T09:53:03.669+0000][163][gc,task        ] GC(173) Using 10 workers of 10 for evacuation
[2022-05-19T09:53:03.669+0000][163][gc,age         ] GC(173) Desired survivor size 2097152 bytes, new threshold 1 (max threshold 15)
[2022-05-19T09:53:03.672+0000][163][gc,age         ] GC(173) Age table with threshold 1 (max threshold 15)
[2022-05-19T09:53:03.672+0000][163][gc,age         ] GC(173) - age   1:     457720 bytes,     457720 total
[2022-05-19T09:53:03.673+0000][163][gc,phases      ] GC(173)   Pre Evacuate Collection Set: 0.2ms
[2022-05-19T09:53:03.673+0000][163][gc,phases      ] GC(173)   Merge Heap Roots: 0.1ms
[2022-05-19T09:53:03.673+0000][163][gc,phases      ] GC(173)   Evacuate Collection Set: 1.8ms
[2022-05-19T09:53:03.673+0000][163][gc,phases      ] GC(173)   Post Evacuate Collection Set: 0.7ms
[2022-05-19T09:53:03.673+0000][163][gc,phases      ] GC(173)   Other: 1.6ms
[2022-05-19T09:53:03.674+0000][163][gc,heap        ] GC(173) Eden regions: 3->0(38)
[2022-05-19T09:53:03.674+0000][163][gc,heap        ] GC(173) Survivor regions: 3->1(1)
[2022-05-19T09:53:03.674+0000][163][gc,heap        ] GC(173) Old regions: 46->45
[2022-05-19T09:53:03.674+0000][163][gc,heap        ] GC(173) Archive regions: 2->2
[2022-05-19T09:53:03.674+0000][163][gc,heap        ] GC(173) Humongous regions: 7->7
[2022-05-19T09:53:03.675+0000][163][gc,metaspace   ] GC(173) Metaspace: 103954K(105280K)->103954K(105280K) NonClass: 89752K(90560K)->89752K(90560K) Class: 14202K(14720K)->14202K(14720K)
[2022-05-19T09:53:03.675+0000][163][gc             ] GC(173) Pause Young (Mixed) (G1 Evacuation Pause) 229M->208M(512M) 6.560ms
[2022-05-19T09:53:03.675+0000][163][gc,cpu         ] GC(173) User=0.02s Sys=0.00s Real=0.00s
[2022-05-19T09:53:03.675+0000][163][safepoint      ] Safepoint "G1CollectForAllocation", Time since last: 100871300 ns, Reaching safepoint: 188000 ns, At safepoint: 6945100 ns, Total: 7133100 ns
[2022-05-19T09:53:03.987+0000][163][gc,start       ] GC(174) Pause Young (Concurrent Start) (G1 Humongous Allocation)
[2022-05-19T09:53:03.987+0000][163][gc,task        ] GC(174) Using 10 workers of 10 for evacuation
[2022-05-19T09:53:03.987+0000][163][gc,age         ] GC(174) Desired survivor size 10485760 bytes, new threshold 15 (max threshold 15)
[2022-05-19T09:53:03.990+0000][163][gc,age         ] GC(174) Age table with threshold 15 (max threshold 15)
[2022-05-19T09:53:03.990+0000][163][gc,age         ] GC(174) - age   1:     779648 bytes,     779648 total
[2022-05-19T09:53:03.990+0000][163][gc,age         ] GC(174) - age   2:     278368 bytes,    1058016 total
[2022-05-19T09:53:03.991+0000][163][gc,phases      ] GC(174)   Pre Evacuate Collection Set: 0.3ms
[2022-05-19T09:53:03.991+0000][163][gc,phases      ] GC(174)   Merge Heap Roots: 0.2ms
[2022-05-19T09:53:03.991+0000][163][gc,phases      ] GC(174)   Evacuate Collection Set: 1.2ms
[2022-05-19T09:53:03.991+0000][163][gc,phases      ] GC(174)   Post Evacuate Collection Set: 0.9ms
[2022-05-19T09:53:03.991+0000][163][gc,phases      ] GC(174)   Other: 1.5ms
[2022-05-19T09:53:03.991+0000][163][gc,heap        ] GC(174) Eden regions: 11->0(40)
[2022-05-19T09:53:03.992+0000][163][gc,heap        ] GC(174) Survivor regions: 1->1(5)
[2022-05-19T09:53:03.992+0000][163][gc,heap        ] GC(174) Old regions: 45->45
[2022-05-19T09:53:03.992+0000][163][gc,heap        ] GC(174) Archive regions: 2->2
[2022-05-19T09:53:03.992+0000][163][gc,heap        ] GC(174) Humongous regions: 7->7
[2022-05-19T09:53:03.992+0000][163][gc,metaspace   ] GC(174) Metaspace: 103954K(105280K)->103954K(105280K) NonClass: 89752K(90560K)->89752K(90560K) Class: 14202K(14720K)->14202K(14720K)
[2022-05-19T09:53:03.992+0000][163][gc             ] GC(174) Pause Young (Concurrent Start) (G1 Humongous Allocation) 250M->208M(512M) 5.839ms
[2022-05-19T09:53:03.993+0000][163][gc,cpu         ] GC(174) User=0.01s Sys=0.00s Real=0.01s
[2022-05-19T09:53:03.993+0000][163][gc             ] GC(175) Concurrent Mark Cycle
[2022-05-19T09:53:03.993+0000][163][gc,marking     ] GC(175) Concurrent Clear Claimed Marks
[2022-05-19T09:53:03.993+0000][163][safepoint      ] Safepoint "G1TryInitiateConcMark", Time since last: 311001100 ns, Reaching safepoint: 290400 ns, At safepoint: 6160600 ns, Total: 6451000 ns
[2022-05-19T09:53:03.993+0000][163][gc,marking     ] GC(175) Concurrent Clear Claimed Marks 0.204ms
[2022-05-19T09:53:03.993+0000][163][gc,marking     ] GC(175) Concurrent Scan Root Regions
[2022-05-19T09:53:03.995+0000][163][gc,marking     ] GC(175) Concurrent Scan Root Regions 1.432ms
[2022-05-19T09:53:03.995+0000][163][gc,marking     ] GC(175) Concurrent Mark
[2022-05-19T09:53:03.995+0000][163][gc,marking     ] GC(175) Concurrent Mark From Roots
[2022-05-19T09:53:03.995+0000][163][gc,task        ] GC(175) Using 3 workers of 3 for marking
[2022-05-19T09:53:04.047+0000][163][gc,marking     ] GC(175) Concurrent Mark From Roots 51.770ms
[2022-05-19T09:53:04.047+0000][163][gc,marking     ] GC(175) Concurrent Preclean
[2022-05-19T09:53:04.048+0000][163][gc,marking     ] GC(175) Concurrent Preclean 0.685ms
[2022-05-19T09:53:04.049+0000][163][gc,start       ] GC(175) Pause Remark
[2022-05-19T09:53:04.052+0000][163][gc             ] GC(175) Pause Remark 315M->315M(512M) 3.300ms
[2022-05-19T09:53:04.052+0000][163][gc,cpu         ] GC(175) User=0.02s Sys=0.00s Real=0.00s
[2022-05-19T09:53:04.052+0000][163][safepoint      ] Safepoint "G1Concurrent", Time since last: 55717300 ns, Reaching safepoint: 260100 ns, At safepoint: 3823100 ns, Total: 4083200 ns
[2022-05-19T09:53:04.053+0000][163][gc,marking     ] GC(175) Concurrent Mark 57.670ms
[2022-05-19T09:53:04.053+0000][163][gc,marking     ] GC(175) Concurrent Rebuild Remembered Sets
[2022-05-19T09:53:04.077+0000][163][gc,marking     ] GC(175) Concurrent Rebuild Remembered Sets 24.430ms
[2022-05-19T09:53:04.078+0000][163][gc,start       ] GC(175) Pause Cleanup
[2022-05-19T09:53:04.079+0000][163][gc             ] GC(175) Pause Cleanup 340M->340M(512M) 0.441ms
[2022-05-19T09:53:04.079+0000][163][gc,cpu         ] GC(175) User=0.00s Sys=0.00s Real=0.00s
[2022-05-19T09:53:04.079+0000][163][safepoint      ] Safepoint "G1Concurrent", Time since last: 25347600 ns, Reaching safepoint: 305800 ns, At safepoint: 873000 ns, Total: 1178800 ns
[2022-05-19T09:53:04.079+0000][163][gc,marking     ] GC(175) Concurrent Cleanup for Next Mark
[2022-05-19T09:53:04.080+0000][163][gc,marking     ] GC(175) Concurrent Cleanup for Next Mark 0.471ms
[2022-05-19T09:53:04.080+0000][163][gc             ] GC(175) Concurrent Mark Cycle 87.306ms
[2022-05-19T09:53:04.111+0000][163][gc,start       ] GC(176) Pause Young (Prepare Mixed) (G1 Preventive Collection)
[2022-05-19T09:53:04.112+0000][163][gc,task        ] GC(176) Using 10 workers of 10 for evacuation
[2022-05-19T09:53:04.112+0000][163][gc,age         ] GC(176) Desired survivor size 12582912 bytes, new threshold 15 (max threshold 15)
[2022-05-19T09:53:04.118+0000][163][gc,age         ] GC(176) Age table with threshold 15 (max threshold 15)
[2022-05-19T09:53:04.118+0000][163][gc,age         ] GC(176) - age   1:   23354464 bytes,   23354464 total
[2022-05-19T09:53:04.119+0000][163][gc,age         ] GC(176) - age   2:     779536 bytes,   24134000 total
[2022-05-19T09:53:04.119+0000][163][gc,age         ] GC(176) - age   3:     278368 bytes,   24412368 total
[2022-05-19T09:53:04.119+0000][163][gc             ] GC(176) To-space exhausted
[2022-05-19T09:53:04.119+0000][163][gc,phases      ] GC(176)   Pre Evacuate Collection Set: 0.2ms
[2022-05-19T09:53:04.119+0000][163][gc,phases      ] GC(176)   Merge Heap Roots: 0.1ms
[2022-05-19T09:53:04.120+0000][163][gc,phases      ] GC(176)   Evacuate Collection Set: 4.7ms
[2022-05-19T09:53:04.120+0000][163][gc,phases      ] GC(176)   Post Evacuate Collection Set: 0.9ms
[2022-05-19T09:53:04.120+0000][163][gc,phases      ] GC(176)   Other: 1.9ms
[2022-05-19T09:53:04.120+0000][163][gc,heap        ] GC(176) Eden regions: 18->0(1)
[2022-05-19T09:53:04.120+0000][163][gc,heap        ] GC(176) Survivor regions: 1->6(6)
[2022-05-19T09:53:04.120+0000][163][gc,heap        ] GC(176) Old regions: 45->66
[2022-05-19T09:53:04.120+0000][163][gc,heap        ] GC(176) Archive regions: 2->2
[2022-05-19T09:53:04.120+0000][163][gc,heap        ] GC(176) Humongous regions: 52->33
[2022-05-19T09:53:04.121+0000][163][gc,metaspace   ] GC(176) Metaspace: 103958K(105344K)->103958K(105344K) NonClass: 89755K(90624K)->89755K(90624K) Class: 14202K(14720K)->14202K(14720K)
[2022-05-19T09:53:04.121+0000][163][gc             ] GC(176) Pause Young (Prepare Mixed) (G1 Preventive Collection) 456M->421M(512M) 9.181ms
[2022-05-19T09:53:04.121+0000][163][gc,cpu         ] GC(176) User=0.04s Sys=0.01s Real=0.01s
[2022-05-19T09:53:04.121+0000][163][safepoint      ] Safepoint "G1CollectForAllocation", Time since last: 32169200 ns, Reaching safepoint: 272200 ns, At safepoint: 9498000 ns, Total: 9770200 ns
[2022-05-19T09:53:04.123+0000][163][gc,start       ] GC(177) Pause Young (Mixed) (G1 Humongous Allocation)
[2022-05-19T09:53:04.123+0000][163][gc,task        ] GC(177) Using 10 workers of 10 for evacuation
[2022-05-19T09:53:04.123+0000][163][gc,age         ] GC(177) Desired survivor size 2097152 bytes, new threshold 1 (max threshold 15)
[2022-05-19T09:53:04.127+0000][163][gc,age         ] GC(177) Age table with threshold 1 (max threshold 15)
[2022-05-19T09:53:04.127+0000][163][gc,age         ] GC(177) - age   1:         24 bytes,         24 total
[2022-05-19T09:53:04.128+0000][163][gc,phases      ] GC(177)   Pre Evacuate Collection Set: 0.2ms
[2022-05-19T09:53:04.128+0000][163][gc,phases      ] GC(177)   Merge Heap Roots: 0.2ms
[2022-05-19T09:53:04.128+0000][163][gc,phases      ] GC(177)   Evacuate Collection Set: 3.1ms
[2022-05-19T09:53:04.128+0000][163][gc,phases      ] GC(177)   Post Evacuate Collection Set: 0.5ms
[2022-05-19T09:53:04.128+0000][163][gc,phases      ] GC(177)   Other: 0.9ms
[2022-05-19T09:53:04.128+0000][163][gc,heap        ] GC(177) Eden regions: 1->0(5)
[2022-05-19T09:53:04.128+0000][163][gc,heap        ] GC(177) Survivor regions: 6->1(1)
[2022-05-19T09:53:04.128+0000][163][gc,heap        ] GC(177) Old regions: 66->72
[2022-05-19T09:53:04.129+0000][163][gc,heap        ] GC(177) Archive regions: 2->2
[2022-05-19T09:53:04.129+0000][163][gc,heap        ] GC(177) Humongous regions: 42->33
[2022-05-19T09:53:04.129+0000][163][gc,metaspace   ] GC(177) Metaspace: 103958K(105344K)->103958K(105344K) NonClass: 89755K(90624K)->89755K(90624K) Class: 14202K(14720K)->14202K(14720K)
[2022-05-19T09:53:04.129+0000][163][gc             ] GC(177) Pause Young (Mixed) (G1 Humongous Allocation) 457M->418M(512M) 6.284ms
[2022-05-19T09:53:04.129+0000][163][gc,cpu         ] GC(177) User=0.03s Sys=0.00s Real=0.01s
[2022-05-19T09:53:04.129+0000][163][gc,ergo        ] Attempting full compaction
[2022-05-19T09:53:04.129+0000][163][gc,task        ] GC(178) Using 10 workers of 10 for full compaction
[2022-05-19T09:53:04.129+0000][163][gc,start       ] GC(178) Pause Full (G1 Compaction Pause)
[2022-05-19T09:53:04.130+0000][163][gc,phases,start] GC(178) Phase 1: Mark live objects
[2022-05-19T09:53:04.154+0000][163][gc,phases      ] GC(178) Phase 1: Mark live objects 24.237ms
[2022-05-19T09:53:04.154+0000][163][gc,phases,start] GC(178) Phase 2: Prepare for compaction
[2022-05-19T09:53:04.156+0000][163][gc,phases      ] GC(178) Phase 2: Prepare for compaction 1.974ms
[2022-05-19T09:53:04.156+0000][163][gc,phases,start] GC(178) Phase 3: Adjust pointers
[2022-05-19T09:53:04.166+0000][163][gc,phases      ] GC(178) Phase 3: Adjust pointers 9.599ms
[2022-05-19T09:53:04.166+0000][163][gc,phases,start] GC(178) Phase 4: Compact heap
[2022-05-19T09:53:04.172+0000][163][gc,phases      ] GC(178) Phase 4: Compact heap 5.525ms
[2022-05-19T09:53:04.178+0000][163][gc,heap        ] GC(178) Eden regions: 0->0(8)
[2022-05-19T09:53:04.179+0000][163][gc,heap        ] GC(178) Survivor regions: 1->0(1)
[2022-05-19T09:53:04.179+0000][163][gc,heap        ] GC(178) Old regions: 72->58
[2022-05-19T09:53:04.179+0000][163][gc,heap        ] GC(178) Archive regions: 2->2
[2022-05-19T09:53:04.179+0000][163][gc,heap        ] GC(178) Humongous regions: 33->33
[2022-05-19T09:53:04.179+0000][163][gc,metaspace   ] GC(178) Metaspace: 103958K(105344K)->103958K(105344K) NonClass: 89755K(90624K)->89755K(90624K) Class: 14202K(14720K)->14202K(14720K)
[2022-05-19T09:53:04.180+0000][163][gc             ] GC(178) Pause Full (G1 Compaction Pause) 418M->349M(512M) 50.160ms
[2022-05-19T09:53:04.180+0000][163][gc,cpu         ] GC(178) User=0.30s Sys=0.01s Real=0.05s
[2022-05-19T09:53:04.180+0000][163][gc,ergo        ] Attempting maximum full compaction clearing soft references
[2022-05-19T09:53:04.180+0000][163][gc,task        ] GC(179) Using 10 workers of 10 for full compaction
[2022-05-19T09:53:04.181+0000][163][gc,start       ] GC(179) Pause Full (G1 Compaction Pause)
[2022-05-19T09:53:04.181+0000][163][gc,phases,start] GC(179) Phase 1: Mark live objects
[2022-05-19T09:53:04.201+0000][163][gc,phases      ] GC(179) Phase 1: Mark live objects 20.015ms
[2022-05-19T09:53:04.201+0000][163][gc,phases,start] GC(179) Phase 2: Prepare for compaction
[2022-05-19T09:53:04.205+0000][163][gc,phases      ] GC(179) Phase 2: Prepare for compaction 4.227ms
[2022-05-19T09:53:04.206+0000][163][gc,phases,start] GC(179) Phase 3: Adjust pointers
[2022-05-19T09:53:04.217+0000][163][gc,phases      ] GC(179) Phase 3: Adjust pointers 11.024ms
[2022-05-19T09:53:04.217+0000][163][gc,phases,start] GC(179) Phase 4: Compact heap
[2022-05-19T09:53:04.232+0000][163][gc,phases      ] GC(179) Phase 4: Compact heap 15.185ms
[2022-05-19T09:53:04.238+0000][163][gc,heap        ] GC(179) Eden regions: 0->0(10)
[2022-05-19T09:53:04.238+0000][163][gc,heap        ] GC(179) Survivor regions: 0->0(1)
[2022-05-19T09:53:04.239+0000][163][gc,heap        ] GC(179) Old regions: 58->55
[2022-05-19T09:53:04.239+0000][163][gc,heap        ] GC(179) Archive regions: 2->2
[2022-05-19T09:53:04.239+0000][163][gc,heap        ] GC(179) Humongous regions: 33->33
[2022-05-19T09:53:04.239+0000][163][gc,metaspace   ] GC(179) Metaspace: 103958K(105344K)->103958K(105344K) NonClass: 89755K(90624K)->89755K(90624K) Class: 14202K(14720K)->14202K(14720K)
[2022-05-19T09:53:04.239+0000][163][gc             ] GC(179) Pause Full (G1 Compaction Pause) 349M->345M(512M) 58.423ms
[2022-05-19T09:53:04.239+0000][163][gc,cpu         ] GC(179) User=0.37s Sys=0.02s Real=0.06s
[2022-05-19T09:53:04.240+0000][163][safepoint      ] Safepoint "G1CollectForAllocation", Time since last: 1407200 ns, Reaching safepoint: 280500 ns, At safepoint: 116908100 ns, Total: 117188600 ns
[2022-05-19T09:53:04.259+0000][163][gc,start       ] GC(180) Pause Young (Concurrent Start) (G1 Evacuation Pause)
[2022-05-19T09:53:04.259+0000][163][gc,task        ] GC(180) Using 10 workers of 10 for evacuation
[2022-05-19T09:53:04.260+0000][163][gc,age         ] GC(180) Desired survivor size 4194304 bytes, new threshold 15 (max threshold 15)
[2022-05-19T09:53:04.263+0000][163][gc,age         ] GC(180) Age table with threshold 15 (max threshold 15)
[2022-05-19T09:53:04.263+0000][163][gc,age         ] GC(180) - age   1:    7992456 bytes,    7992456 total
[2022-05-19T09:53:04.263+0000][163][gc,phases      ] GC(180)   Pre Evacuate Collection Set: 0.3ms
[2022-05-19T09:53:04.264+0000][163][gc,phases      ] GC(180)   Merge Heap Roots: 0.2ms
[2022-05-19T09:53:04.264+0000][163][gc,phases      ] GC(180)   Evacuate Collection Set: 1.9ms
[2022-05-19T09:53:04.264+0000][163][gc,phases      ] GC(180)   Post Evacuate Collection Set: 1.0ms
[2022-05-19T09:53:04.264+0000][163][gc,phases      ] GC(180)   Other: 1.0ms
[2022-05-19T09:53:04.264+0000][163][gc,heap        ] GC(180) Eden regions: 10->0(4)
[2022-05-19T09:53:04.264+0000][163][gc,heap        ] GC(180) Survivor regions: 0->2(2)
[2022-05-19T09:53:04.264+0000][163][gc,heap        ] GC(180) Old regions: 55->57
[2022-05-19T09:53:04.265+0000][163][gc,heap        ] GC(180) Archive regions: 2->2
[2022-05-19T09:53:04.265+0000][163][gc,heap        ] GC(180) Humongous regions: 50->50
[2022-05-19T09:53:04.265+0000][163][gc,metaspace   ] GC(180) Metaspace: 103958K(105344K)->103958K(105344K) NonClass: 89755K(90624K)->89755K(90624K) Class: 14202K(14720K)->14202K(14720K)
[2022-05-19T09:53:04.265+0000][163][gc             ] GC(180) Pause Young (Concurrent Start) (G1 Evacuation Pause) 453M->427M(512M) 5.793ms
[2022-05-19T09:53:04.265+0000][163][gc,cpu         ] GC(180) User=0.02s Sys=0.00s Real=0.00s
[2022-05-19T09:53:04.265+0000][163][gc             ] GC(181) Concurrent Mark Cycle
[2022-05-19T09:53:04.265+0000][163][safepoint      ] Safepoint "G1CollectForAllocation", Time since last: 19219700 ns, Reaching safepoint: 304900 ns, At safepoint: 6138100 ns, Total: 6443000 ns
[2022-05-19T09:53:04.265+0000][163][gc,marking     ] GC(181) Concurrent Clear Claimed Marks
[2022-05-19T09:53:04.266+0000][163][gc,marking     ] GC(181) Concurrent Clear Claimed Marks 0.289ms
[2022-05-19T09:53:04.266+0000][163][gc,marking     ] GC(181) Concurrent Scan Root Regions
[2022-05-19T09:53:04.267+0000][163][gc,marking     ] GC(181) Concurrent Scan Root Regions 1.139ms
[2022-05-19T09:53:04.267+0000][163][gc,marking     ] GC(181) Concurrent Mark
[2022-05-19T09:53:04.267+0000][163][gc,marking     ] GC(181) Concurrent Mark From Roots
[2022-05-19T09:53:04.267+0000][163][gc,task        ] GC(181) Using 3 workers of 3 for marking
[2022-05-19T09:53:04.268+0000][163][gc,start       ] GC(182) Pause Young (Normal) (G1 Evacuation Pause)
[2022-05-19T09:53:04.268+0000][163][gc,task        ] GC(182) Using 10 workers of 10 for evacuation
[2022-05-19T09:53:04.268+0000][163][gc,age         ] GC(182) Desired survivor size 2097152 bytes, new threshold 1 (max threshold 15)
[2022-05-19T09:53:04.272+0000][163][gc,age         ] GC(182) Age table with threshold 1 (max threshold 15)
[2022-05-19T09:53:04.272+0000][163][gc,age         ] GC(182) - age   1:    3938128 bytes,    3938128 total
[2022-05-19T09:53:04.272+0000][163][gc,phases      ] GC(182)   Pre Evacuate Collection Set: 0.2ms
[2022-05-19T09:53:04.272+0000][163][gc,phases      ] GC(182)   Merge Heap Roots: 0.1ms
[2022-05-19T09:53:04.272+0000][163][gc,phases      ] GC(182)   Evacuate Collection Set: 2.5ms
[2022-05-19T09:53:04.272+0000][163][gc,phases      ] GC(182)   Post Evacuate Collection Set: 0.6ms
[2022-05-19T09:53:04.273+0000][163][gc,phases      ] GC(182)   Other: 0.8ms
[2022-05-19T09:53:04.273+0000][163][gc,heap        ] GC(182) Eden regions: 4->0(5)
[2022-05-19T09:53:04.273+0000][163][gc,heap        ] GC(182) Survivor regions: 2->1(1)
[2022-05-19T09:53:04.273+0000][163][gc,heap        ] GC(182) Old regions: 57->61
[2022-05-19T09:53:04.273+0000][163][gc,heap        ] GC(182) Archive regions: 2->2
[2022-05-19T09:53:04.273+0000][163][gc,heap        ] GC(182) Humongous regions: 50->50
[2022-05-19T09:53:04.273+0000][163][gc,metaspace   ] GC(182) Metaspace: 103958K(105344K)->103958K(105344K) NonClass: 89755K(90624K)->89755K(90624K) Class: 14202K(14720K)->14202K(14720K)
[2022-05-19T09:53:04.273+0000][163][gc             ] GC(182) Pause Young (Normal) (G1 Evacuation Pause) 443M->440M(512M) 5.571ms
[2022-05-19T09:53:04.274+0000][163][gc,cpu         ] GC(182) User=0.03s Sys=0.00s Real=0.01s
[2022-05-19T09:53:04.274+0000][163][safepoint      ] Safepoint "G1CollectForAllocation", Time since last: 2383200 ns, Reaching safepoint: 196900 ns, At safepoint: 5983400 ns, Total: 6180300 ns
[2022-05-19T09:53:04.277+0000][163][gc,start       ] GC(183) Pause Young (Normal) (G1 Evacuation Pause)
[2022-05-19T09:53:04.277+0000][163][gc,task        ] GC(183) Using 10 workers of 10 for evacuation
[2022-05-19T09:53:04.277+0000][163][gc,age         ] GC(183) Desired survivor size 2097152 bytes, new threshold 1 (max threshold 15)
[2022-05-19T09:53:04.281+0000][163][gc,age         ] GC(183) Age table with threshold 1 (max threshold 15)
[2022-05-19T09:53:04.281+0000][163][gc,age         ] GC(183) - age   1:    3683488 bytes,    3683488 total
[2022-05-19T09:53:04.281+0000][163][gc,phases      ] GC(183)   Pre Evacuate Collection Set: 0.2ms
[2022-05-19T09:53:04.282+0000][163][gc,phases      ] GC(183)   Merge Heap Roots: 0.1ms
[2022-05-19T09:53:04.282+0000][163][gc,phases      ] GC(183)   Evacuate Collection Set: 2.7ms
[2022-05-19T09:53:04.282+0000][163][gc,phases      ] GC(183)   Post Evacuate Collection Set: 0.5ms
[2022-05-19T09:53:04.282+0000][163][gc,phases      ] GC(183)   Other: 0.8ms
[2022-05-19T09:53:04.282+0000][163][gc,heap        ] GC(183) Eden regions: 5->0(5)
[2022-05-19T09:53:04.282+0000][163][gc,heap        ] GC(183) Survivor regions: 1->1(1)
[2022-05-19T09:53:04.282+0000][163][gc,heap        ] GC(183) Old regions: 61->66
[2022-05-19T09:53:04.282+0000][163][gc,heap        ] GC(183) Archive regions: 2->2
[2022-05-19T09:53:04.283+0000][163][gc,heap        ] GC(183) Humongous regions: 50->50
[2022-05-19T09:53:04.283+0000][163][gc,metaspace   ] GC(183) Metaspace: 103958K(105344K)->103958K(105344K) NonClass: 89755K(90624K)->89755K(90624K) Class: 14202K(14720K)->14202K(14720K)
[2022-05-19T09:53:04.283+0000][163][gc             ] GC(183) Pause Young (Normal) (G1 Evacuation Pause) 459M->459M(512M) 5.755ms
[2022-05-19T09:53:04.283+0000][163][gc,cpu         ] GC(183) User=0.03s Sys=0.00s Real=0.01s
[2022-05-19T09:53:04.283+0000][163][safepoint      ] Safepoint "G1CollectForAllocation", Time since last: 2971200 ns, Reaching safepoint: 311800 ns, At safepoint: 6159200 ns, Total: 6471000 ns
[2022-05-19T09:53:04.292+0000][163][gc,start       ] GC(184) Pause Young (Normal) (G1 Preventive Collection)
[2022-05-19T09:53:04.292+0000][163][gc,task        ] GC(184) Using 10 workers of 10 for evacuation
[2022-05-19T09:53:04.292+0000][163][gc,age         ] GC(184) Desired survivor size 2097152 bytes, new threshold 1 (max threshold 15)
[2022-05-19T09:53:04.296+0000][163][gc,age         ] GC(184) Age table with threshold 1 (max threshold 15)
[2022-05-19T09:53:04.296+0000][163][gc,age         ] GC(184) - age   1:    4072752 bytes,    4072752 total
[2022-05-19T09:53:04.296+0000][163][gc,phases      ] GC(184)   Pre Evacuate Collection Set: 0.2ms
[2022-05-19T09:53:04.296+0000][163][gc,phases      ] GC(184)   Merge Heap Roots: 0.1ms
[2022-05-19T09:53:04.296+0000][163][gc,phases      ] GC(184)   Evacuate Collection Set: 2.2ms
[2022-05-19T09:53:04.296+0000][163][gc,phases      ] GC(184)   Post Evacuate Collection Set: 0.6ms
[2022-05-19T09:53:04.296+0000][163][gc,phases      ] GC(184)   Other: 0.9ms
[2022-05-19T09:53:04.297+0000][163][gc,heap        ] GC(184) Eden regions: 4->0(5)
[2022-05-19T09:53:04.297+0000][163][gc,heap        ] GC(184) Survivor regions: 1->1(1)
[2022-05-19T09:53:04.297+0000][163][gc,heap        ] GC(184) Old regions: 66->70
[2022-05-19T09:53:04.297+0000][163][gc,heap        ] GC(184) Archive regions: 2->2
[2022-05-19T09:53:04.297+0000][163][gc,heap        ] GC(184) Humongous regions: 50->50
[2022-05-19T09:53:04.297+0000][163][gc,metaspace   ] GC(184) Metaspace: 103958K(105344K)->103958K(105344K) NonClass: 89755K(90624K)->89755K(90624K) Class: 14202K(14720K)->14202K(14720K)
[2022-05-19T09:53:04.297+0000][163][gc             ] GC(184) Pause Young (Normal) (G1 Preventive Collection) 475M->474M(512M) 5.399ms
[2022-05-19T09:53:04.298+0000][163][gc,cpu         ] GC(184) User=0.02s Sys=0.00s Real=0.00s
[2022-05-19T09:53:04.298+0000][163][safepoint      ] Safepoint "G1CollectForAllocation", Time since last: 8358000 ns, Reaching safepoint: 378000 ns, At safepoint: 5756200 ns, Total: 6134200 ns
[2022-05-19T09:53:04.309+0000][163][gc,start       ] GC(185) Pause Young (Normal) (G1 Preventive Collection)
[2022-05-19T09:53:04.310+0000][163][gc,task        ] GC(185) Using 10 workers of 10 for evacuation
[2022-05-19T09:53:04.310+0000][163][gc,age         ] GC(185) Desired survivor size 2097152 bytes, new threshold 1 (max threshold 15)
[2022-05-19T09:53:04.312+0000][163][gc,age         ] GC(185) Age table with threshold 1 (max threshold 15)
[2022-05-19T09:53:04.312+0000][163][gc,age         ] GC(185) - age   1:      65808 bytes,      65808 total
[2022-05-19T09:53:04.312+0000][163][gc,phases      ] GC(185)   Pre Evacuate Collection Set: 0.2ms
[2022-05-19T09:53:04.312+0000][163][gc,phases      ] GC(185)   Merge Heap Roots: 0.2ms
[2022-05-19T09:53:04.313+0000][163][gc,phases      ] GC(185)   Evacuate Collection Set: 0.8ms
[2022-05-19T09:53:04.313+0000][163][gc,phases      ] GC(185)   Post Evacuate Collection Set: 0.5ms
[2022-05-19T09:53:04.313+0000][163][gc,phases      ] GC(185)   Other: 1.1ms
[2022-05-19T09:53:04.313+0000][163][gc,heap        ] GC(185) Eden regions: 2->0(5)
[2022-05-19T09:53:04.313+0000][163][gc,heap        ] GC(185) Survivor regions: 1->1(1)
[2022-05-19T09:53:04.313+0000][163][gc,heap        ] GC(185) Old regions: 70->71
[2022-05-19T09:53:04.313+0000][163][gc,heap        ] GC(185) Archive regions: 2->2
[2022-05-19T09:53:04.313+0000][163][gc,heap        ] GC(185) Humongous regions: 50->50
[2022-05-19T09:53:04.314+0000][163][gc,metaspace   ] GC(185) Metaspace: 103958K(105344K)->103958K(105344K) NonClass: 89755K(90624K)->89755K(90624K) Class: 14202K(14720K)->14202K(14720K)
[2022-05-19T09:53:04.314+0000][163][gc             ] GC(185) Pause Young (Normal) (G1 Preventive Collection) 482M->474M(512M) 4.236ms
[2022-05-19T09:53:04.314+0000][163][gc,cpu         ] GC(185) User=0.01s Sys=0.00s Real=0.00s
[2022-05-19T09:53:04.314+0000][163][safepoint      ] Safepoint "G1CollectForAllocation", Time since last: 11402300 ns, Reaching safepoint: 326900 ns, At safepoint: 4589200 ns, Total: 4916100 ns
[2022-05-19T09:53:04.329+0000][163][gc,start       ] GC(186) Pause Young (Normal) (G1 Preventive Collection)
[2022-05-19T09:53:04.329+0000][163][gc,task        ] GC(186) Using 10 workers of 10 for evacuation
[2022-05-19T09:53:04.329+0000][163][gc,age         ] GC(186) Desired survivor size 2097152 bytes, new threshold 15 (max threshold 15)
[2022-05-19T09:53:04.331+0000][163][gc,age         ] GC(186) Age table with threshold 15 (max threshold 15)
[2022-05-19T09:53:04.331+0000][163][gc,age         ] GC(186) - age   1:      85200 bytes,      85200 total
[2022-05-19T09:53:04.331+0000][163][gc,age         ] GC(186) - age   2:      44216 bytes,     129416 total
[2022-05-19T09:53:04.331+0000][163][gc,phases      ] GC(186)   Pre Evacuate Collection Set: 0.2ms
[2022-05-19T09:53:04.331+0000][163][gc,phases      ] GC(186)   Merge Heap Roots: 0.1ms
[2022-05-19T09:53:04.331+0000][163][gc,phases      ] GC(186)   Evacuate Collection Set: 0.5ms
[2022-05-19T09:53:04.332+0000][163][gc,phases      ] GC(186)   Post Evacuate Collection Set: 0.6ms
[2022-05-19T09:53:04.332+0000][163][gc,phases      ] GC(186)   Other: 0.8ms
[2022-05-19T09:53:04.332+0000][163][gc,heap        ] GC(186) Eden regions: 2->0(5)
[2022-05-19T09:53:04.332+0000][163][gc,heap        ] GC(186) Survivor regions: 1->1(1)
[2022-05-19T09:53:04.332+0000][163][gc,heap        ] GC(186) Old regions: 71->71
[2022-05-19T09:53:04.332+0000][163][gc,heap        ] GC(186) Archive regions: 2->2
[2022-05-19T09:53:04.332+0000][163][gc,heap        ] GC(186) Humongous regions: 50->50
[2022-05-19T09:53:04.332+0000][163][gc,metaspace   ] GC(186) Metaspace: 103958K(105344K)->103958K(105344K) NonClass: 89755K(90624K)->89755K(90624K) Class: 14202K(14720K)->14202K(14720K)
[2022-05-19T09:53:04.333+0000][163][gc             ] GC(186) Pause Young (Normal) (G1 Preventive Collection) 482M->474M(512M) 3.595ms
[2022-05-19T09:53:04.333+0000][163][gc,cpu         ] GC(186) User=0.01s Sys=0.00s Real=0.00s
[2022-05-19T09:53:04.333+0000][163][safepoint      ] Safepoint "G1CollectForAllocation", Time since last: 14604000 ns, Reaching safepoint: 312900 ns, At safepoint: 3973800 ns, Total: 4286700 ns
[2022-05-19T09:53:04.344+0000][163][gc,marking     ] GC(181) Concurrent Mark From Roots 77.118ms
[2022-05-19T09:53:04.345+0000][163][gc,marking     ] GC(181) Concurrent Preclean
[2022-05-19T09:53:04.345+0000][163][gc,marking     ] GC(181) Concurrent Preclean 0.684ms
[2022-05-19T09:53:04.346+0000][163][gc,start       ] GC(181) Pause Remark
[2022-05-19T09:53:04.349+0000][163][gc             ] GC(181) Pause Remark 480M->390M(512M) 3.345ms
[2022-05-19T09:53:04.349+0000][163][gc,cpu         ] GC(181) User=0.02s Sys=0.00s Real=0.01s
[2022-05-19T09:53:04.350+0000][163][safepoint      ] Safepoint "G1Concurrent", Time since last: 12579800 ns, Reaching safepoint: 259400 ns, At safepoint: 3756900 ns, Total: 4016300 ns
[2022-05-19T09:53:04.350+0000][163][gc,marking     ] GC(181) Concurrent Mark 82.615ms
[2022-05-19T09:53:04.350+0000][163][gc,marking     ] GC(181) Concurrent Rebuild Remembered Sets
[2022-05-19T09:53:04.373+0000][163][gc,marking     ] GC(181) Concurrent Rebuild Remembered Sets 23.263ms
[2022-05-19T09:53:04.374+0000][163][gc,start       ] GC(181) Pause Cleanup
[2022-05-19T09:53:04.374+0000][163][gc             ] GC(181) Pause Cleanup 403M->403M(512M) 0.359ms
[2022-05-19T09:53:04.374+0000][163][gc,cpu         ] GC(181) User=0.00s Sys=0.00s Real=0.00s
[2022-05-19T09:53:04.375+0000][163][safepoint      ] Safepoint "G1Concurrent", Time since last: 23907000 ns, Reaching safepoint: 369000 ns, At safepoint: 824500 ns, Total: 1193500 ns
[2022-05-19T09:53:04.375+0000][163][gc,marking     ] GC(181) Concurrent Cleanup for Next Mark
[2022-05-19T09:53:04.375+0000][163][gc,marking     ] GC(181) Concurrent Cleanup for Next Mark 0.373ms
[2022-05-19T09:53:04.375+0000][163][gc             ] GC(181) Concurrent Mark Cycle 110.201ms
[2022-05-19T09:53:04.376+0000][163][gc,start       ] GC(187) Pause Young (Prepare Mixed) (G1 Evacuation Pause)
[2022-05-19T09:53:04.376+0000][163][gc,task        ] GC(187) Using 10 workers of 10 for evacuation
[2022-05-19T09:53:04.376+0000][163][gc,age         ] GC(187) Desired survivor size 2097152 bytes, new threshold 15 (max threshold 15)
[2022-05-19T09:53:04.378+0000][163][gc,age         ] GC(187) Age table with threshold 15 (max threshold 15)
[2022-05-19T09:53:04.378+0000][163][gc,age         ] GC(187) - age   1:      93144 bytes,      93144 total
[2022-05-19T09:53:04.378+0000][163][gc,age         ] GC(187) - age   2:      41120 bytes,     134264 total
[2022-05-19T09:53:04.379+0000][163][gc,age         ] GC(187) - age   3:      37632 bytes,     171896 total
[2022-05-19T09:53:04.379+0000][163][gc,phases      ] GC(187)   Pre Evacuate Collection Set: 0.2ms
[2022-05-19T09:53:04.379+0000][163][gc,phases      ] GC(187)   Merge Heap Roots: 0.2ms
[2022-05-19T09:53:04.379+0000][163][gc,phases      ] GC(187)   Evacuate Collection Set: 0.6ms
[2022-05-19T09:53:04.379+0000][163][gc,phases      ] GC(187)   Post Evacuate Collection Set: 0.7ms
[2022-05-19T09:53:04.379+0000][163][gc,phases      ] GC(187)   Other: 1.2ms
[2022-05-19T09:53:04.379+0000][163][gc,heap        ] GC(187) Eden regions: 5->0(5)
[2022-05-19T09:53:04.380+0000][163][gc,heap        ] GC(187) Survivor regions: 1->1(1)
[2022-05-19T09:53:04.380+0000][163][gc,heap        ] GC(187) Old regions: 65->65
[2022-05-19T09:53:04.380+0000][163][gc,heap        ] GC(187) Archive regions: 2->2
[2022-05-19T09:53:04.380+0000][163][gc,heap        ] GC(187) Humongous regions: 33->33
[2022-05-19T09:53:04.380+0000][163][gc,metaspace   ] GC(187) Metaspace: 103958K(105344K)->103958K(105344K) NonClass: 89755K(90624K)->89755K(90624K) Class: 14202K(14720K)->14202K(14720K)
[2022-05-19T09:53:04.380+0000][163][gc             ] GC(187) Pause Young (Prepare Mixed) (G1 Evacuation Pause) 404M->384M(512M) 4.360ms
[2022-05-19T09:53:04.380+0000][163][gc,cpu         ] GC(187) User=0.01s Sys=0.00s Real=0.01s
[2022-05-19T09:53:04.381+0000][163][safepoint      ] Safepoint "G1CollectForAllocation", Time since last: 967700 ns, Reaching safepoint: 260800 ns, At safepoint: 4686700 ns, Total: 4947500 ns
[2022-05-19T09:53:04.409+0000][163][gc,start       ] GC(188) Pause Young (Mixed) (G1 Evacuation Pause)
[2022-05-19T09:53:04.409+0000][163][gc,task        ] GC(188) Using 10 workers of 10 for evacuation
[2022-05-19T09:53:04.410+0000][163][gc,age         ] GC(188) Desired survivor size 2097152 bytes, new threshold 15 (max threshold 15)
[2022-05-19T09:53:04.411+0000][163][gc,age         ] GC(188) Age table with threshold 15 (max threshold 15)
[2022-05-19T09:53:04.412+0000][163][gc,age         ] GC(188) - age   1:     191152 bytes,     191152 total
[2022-05-19T09:53:04.412+0000][163][gc,age         ] GC(188) - age   2:      36600 bytes,     227752 total
[2022-05-19T09:53:04.412+0000][163][gc,age         ] GC(188) - age   3:      32912 bytes,     260664 total
[2022-05-19T09:53:04.412+0000][163][gc,age         ] GC(188) - age   4:      37632 bytes,     298296 total
[2022-05-19T09:53:04.412+0000][163][gc,phases      ] GC(188)   Pre Evacuate Collection Set: 0.2ms
[2022-05-19T09:53:04.412+0000][163][gc,phases      ] GC(188)   Merge Heap Roots: 0.1ms
[2022-05-19T09:53:04.412+0000][163][gc,phases      ] GC(188)   Evacuate Collection Set: 1.0ms
[2022-05-19T09:53:04.412+0000][163][gc,phases      ] GC(188)   Post Evacuate Collection Set: 0.5ms
[2022-05-19T09:53:04.413+0000][163][gc,phases      ] GC(188)   Other: 1.1ms
[2022-05-19T09:53:04.413+0000][163][gc,heap        ] GC(188) Eden regions: 5->0(7)
[2022-05-19T09:53:04.413+0000][163][gc,heap        ] GC(188) Survivor regions: 1->1(1)
[2022-05-19T09:53:04.413+0000][163][gc,heap        ] GC(188) Old regions: 65->58
[2022-05-19T09:53:04.413+0000][163][gc,heap        ] GC(188) Archive regions: 2->2
[2022-05-19T09:53:04.413+0000][163][gc,heap        ] GC(188) Humongous regions: 33->33
[2022-05-19T09:53:04.413+0000][163][gc,metaspace   ] GC(188) Metaspace: 103958K(105344K)->103958K(105344K) NonClass: 89755K(90624K)->89755K(90624K) Class: 14202K(14720K)->14202K(14720K)
[2022-05-19T09:53:04.413+0000][163][gc             ] GC(188) Pause Young (Mixed) (G1 Evacuation Pause) 404M->361M(512M) 4.221ms
[2022-05-19T09:53:04.414+0000][163][gc,cpu         ] GC(188) User=0.01s Sys=0.00s Real=0.00s
[2022-05-19T09:53:04.414+0000][163][safepoint      ] Safepoint "G1CollectForAllocation", Time since last: 28387800 ns, Reaching safepoint: 266400 ns, At safepoint: 4538800 ns, Total: 4805200 ns
[2022-05-19T09:53:04.446+0000][163][gc,start       ] GC(189) Pause Young (Concurrent Start) (G1 Evacuation Pause)
[2022-05-19T09:53:04.446+0000][163][gc,task        ] GC(189) Using 10 workers of 10 for evacuation
[2022-05-19T09:53:04.446+0000][163][gc,age         ] GC(189) Desired survivor size 2097152 bytes, new threshold 15 (max threshold 15)
[2022-05-19T09:53:04.448+0000][163][gc,age         ] GC(189) Age table with threshold 15 (max threshold 15)
[2022-05-19T09:53:04.448+0000][163][gc,age         ] GC(189) - age   1:     160360 bytes,     160360 total
[2022-05-19T09:53:04.449+0000][163][gc,age         ] GC(189) - age   2:      86312 bytes,     246672 total
[2022-05-19T09:53:04.449+0000][163][gc,age         ] GC(189) - age   3:      36600 bytes,     283272 total
[2022-05-19T09:53:04.449+0000][163][gc,age         ] GC(189) - age   4:      32912 bytes,     316184 total
[2022-05-19T09:53:04.449+0000][163][gc,age         ] GC(189) - age   5:      37632 bytes,     353816 total
[2022-05-19T09:53:04.449+0000][163][gc,phases      ] GC(189)   Pre Evacuate Collection Set: 0.2ms
[2022-05-19T09:53:04.449+0000][163][gc,phases      ] GC(189)   Merge Heap Roots: 0.2ms
[2022-05-19T09:53:04.449+0000][163][gc,phases      ] GC(189)   Evacuate Collection Set: 1.2ms
[2022-05-19T09:53:04.450+0000][163][gc,phases      ] GC(189)   Post Evacuate Collection Set: 0.6ms
[2022-05-19T09:53:04.450+0000][163][gc,phases      ] GC(189)   Other: 1.5ms
[2022-05-19T09:53:04.450+0000][163][gc,heap        ] GC(189) Eden regions: 7->0(8)
[2022-05-19T09:53:04.450+0000][163][gc,heap        ] GC(189) Survivor regions: 1->1(1)
[2022-05-19T09:53:04.450+0000][163][gc,heap        ] GC(189) Old regions: 58->58
[2022-05-19T09:53:04.450+0000][163][gc,heap        ] GC(189) Archive regions: 2->2
[2022-05-19T09:53:04.450+0000][163][gc,heap        ] GC(189) Humongous regions: 33->33
[2022-05-19T09:53:04.450+0000][163][gc,metaspace   ] GC(189) Metaspace: 103958K(105344K)->103958K(105344K) NonClass: 89755K(90624K)->89755K(90624K) Class: 14202K(14720K)->14202K(14720K)
[2022-05-19T09:53:04.451+0000][163][gc             ] GC(189) Pause Young (Concurrent Start) (G1 Evacuation Pause) 389M->361M(512M) 5.084ms
[2022-05-19T09:53:04.451+0000][163][gc,cpu         ] GC(189) User=0.00s Sys=0.01s Real=0.01s
[2022-05-19T09:53:04.451+0000][163][gc             ] GC(190) Concurrent Mark Cycle
[2022-05-19T09:53:04.451+0000][163][gc,marking     ] GC(190) Concurrent Clear Claimed Marks
[2022-05-19T09:53:04.451+0000][163][safepoint      ] Safepoint "G1CollectForAllocation", Time since last: 31473100 ns, Reaching safepoint: 287500 ns, At safepoint: 5471800 ns, Total: 5759300 ns
[2022-05-19T09:53:04.451+0000][163][gc,marking     ] GC(190) Concurrent Clear Claimed Marks 0.242ms
[2022-05-19T09:53:04.452+0000][163][gc,marking     ] GC(190) Concurrent Scan Root Regions
[2022-05-19T09:53:04.453+0000][163][gc,marking     ] GC(190) Concurrent Scan Root Regions 0.988ms
[2022-05-19T09:53:04.453+0000][163][gc,marking     ] GC(190) Concurrent Mark
[2022-05-19T09:53:04.453+0000][163][gc,marking     ] GC(190) Concurrent Mark From Roots
[2022-05-19T09:53:04.453+0000][163][gc,task        ] GC(190) Using 3 workers of 3 for marking
[2022-05-19T09:53:04.503+0000][163][gc,marking     ] GC(190) Concurrent Mark From Roots 50.388ms
[2022-05-19T09:53:04.504+0000][163][gc,marking     ] GC(190) Concurrent Preclean
[2022-05-19T09:53:04.504+0000][163][gc,marking     ] GC(190) Concurrent Preclean 0.720ms
[2022-05-19T09:53:04.505+0000][163][gc,start       ] GC(190) Pause Remark
[2022-05-19T09:53:04.509+0000][163][gc             ] GC(190) Pause Remark 388M->372M(512M) 3.732ms
[2022-05-19T09:53:04.509+0000][163][gc,cpu         ] GC(190) User=0.03s Sys=0.00s Real=0.01s
[2022-05-19T09:53:04.509+0000][163][safepoint      ] Safepoint "G1Concurrent", Time since last: 53497000 ns, Reaching safepoint: 330800 ns, At safepoint: 4229500 ns, Total: 4560300 ns
[2022-05-19T09:53:04.509+0000][163][gc,marking     ] GC(190) Concurrent Mark 56.416ms
[2022-05-19T09:53:04.509+0000][163][gc,marking     ] GC(190) Concurrent Rebuild Remembered Sets
[2022-05-19T09:53:04.516+0000][163][gc,start       ] GC(191) Pause Young (Normal) (G1 Evacuation Pause)
[2022-05-19T09:53:04.516+0000][163][gc,task        ] GC(191) Using 10 workers of 10 for evacuation
[2022-05-19T09:53:04.516+0000][163][gc,age         ] GC(191) Desired survivor size 4194304 bytes, new threshold 15 (max threshold 15)
[2022-05-19T09:53:04.518+0000][163][gc,age         ] GC(191) Age table with threshold 15 (max threshold 15)
[2022-05-19T09:53:04.518+0000][163][gc,age         ] GC(191) - age   1:     206056 bytes,     206056 total
[2022-05-19T09:53:04.519+0000][163][gc,age         ] GC(191) - age   2:      69928 bytes,     275984 total
[2022-05-19T09:53:04.519+0000][163][gc,age         ] GC(191) - age   3:      69912 bytes,     345896 total
[2022-05-19T09:53:04.519+0000][163][gc,age         ] GC(191) - age   4:      36600 bytes,     382496 total
[2022-05-19T09:53:04.519+0000][163][gc,age         ] GC(191) - age   5:      32912 bytes,     415408 total
[2022-05-19T09:53:04.519+0000][163][gc,age         ] GC(191) - age   6:      37632 bytes,     453040 total
[2022-05-19T09:53:04.519+0000][163][gc,phases      ] GC(191)   Pre Evacuate Collection Set: 0.2ms
[2022-05-19T09:53:04.519+0000][163][gc,phases      ] GC(191)   Merge Heap Roots: 0.2ms
[2022-05-19T09:53:04.519+0000][163][gc,phases      ] GC(191)   Evacuate Collection Set: 0.8ms
[2022-05-19T09:53:04.520+0000][163][gc,phases      ] GC(191)   Post Evacuate Collection Set: 0.6ms
[2022-05-19T09:53:04.520+0000][163][gc,phases      ] GC(191)   Other: 1.3ms
[2022-05-19T09:53:04.520+0000][163][gc,heap        ] GC(191) Eden regions: 8->0(12)
[2022-05-19T09:53:04.520+0000][163][gc,heap        ] GC(191) Survivor regions: 1->1(2)
[2022-05-19T09:53:04.520+0000][163][gc,heap        ] GC(191) Old regions: 54->54
[2022-05-19T09:53:04.520+0000][163][gc,heap        ] GC(191) Archive regions: 2->2
[2022-05-19T09:53:04.520+0000][163][gc,heap        ] GC(191) Humongous regions: 33->33
[2022-05-19T09:53:04.520+0000][163][gc,metaspace   ] GC(191) Metaspace: 103958K(105344K)->103958K(105344K) NonClass: 89755K(90624K)->89755K(90624K) Class: 14202K(14720K)->14202K(14720K)
[2022-05-19T09:53:04.520+0000][163][gc             ] GC(191) Pause Young (Normal) (G1 Evacuation Pause) 377M->345M(512M) 4.329ms
[2022-05-19T09:53:04.521+0000][163][gc,cpu         ] GC(191) User=0.00s Sys=0.01s Real=0.01s
[2022-05-19T09:53:04.521+0000][163][safepoint      ] Safepoint "G1CollectForAllocation", Time since last: 6744800 ns, Reaching safepoint: 366100 ns, At safepoint: 4702100 ns, Total: 5068200 ns
[2022-05-19T09:53:04.539+0000][163][gc,marking     ] GC(190) Concurrent Rebuild Remembered Sets 29.249ms
[2022-05-19T09:53:04.539+0000][163][gc,start       ] GC(190) Pause Cleanup
[2022-05-19T09:53:04.539+0000][163][gc             ] GC(190) Pause Cleanup 358M->358M(512M) 0.298ms
[2022-05-19T09:53:04.540+0000][163][gc,cpu         ] GC(190) User=0.00s Sys=0.00s Real=0.00s
[2022-05-19T09:53:04.540+0000][163][safepoint      ] Safepoint "G1Concurrent", Time since last: 17986500 ns, Reaching safepoint: 261300 ns, At safepoint: 590500 ns, Total: 851800 ns
[2022-05-19T09:53:04.540+0000][163][gc,marking     ] GC(190) Concurrent Cleanup for Next Mark
[2022-05-19T09:53:04.540+0000][163][gc,marking     ] GC(190) Concurrent Cleanup for Next Mark 0.335ms
[2022-05-19T09:53:04.540+0000][163][gc             ] GC(190) Concurrent Mark Cycle 89.380ms
[2022-05-19T09:53:04.588+0000][163][gc,start       ] GC(192) Pause Young (Prepare Mixed) (G1 Evacuation Pause)
[2022-05-19T09:53:04.588+0000][163][gc,task        ] GC(192) Using 10 workers of 10 for evacuation
[2022-05-19T09:53:04.588+0000][163][gc,age         ] GC(192) Desired survivor size 4194304 bytes, new threshold 15 (max threshold 15)
[2022-05-19T09:53:04.590+0000][163][gc,age         ] GC(192) Age table with threshold 15 (max threshold 15)
[2022-05-19T09:53:04.590+0000][163][gc,age         ] GC(192) - age   1:     227008 bytes,     227008 total
[2022-05-19T09:53:04.590+0000][163][gc,age         ] GC(192) - age   2:     106416 bytes,     333424 total
[2022-05-19T09:53:04.590+0000][163][gc,age         ] GC(192) - age   3:      69928 bytes,     403352 total
[2022-05-19T09:53:04.590+0000][163][gc,age         ] GC(192) - age   4:      69912 bytes,     473264 total
[2022-05-19T09:53:04.590+0000][163][gc,age         ] GC(192) - age   5:      36600 bytes,     509864 total
[2022-05-19T09:53:04.590+0000][163][gc,age         ] GC(192) - age   6:      32912 bytes,     542776 total
[2022-05-19T09:53:04.590+0000][163][gc,age         ] GC(192) - age   7:      36712 bytes,     579488 total
[2022-05-19T09:53:04.590+0000][163][gc,phases      ] GC(192)   Pre Evacuate Collection Set: 0.2ms
[2022-05-19T09:53:04.591+0000][163][gc,phases      ] GC(192)   Merge Heap Roots: 0.1ms
[2022-05-19T09:53:04.591+0000][163][gc,phases      ] GC(192)   Evacuate Collection Set: 0.5ms
[2022-05-19T09:53:04.591+0000][163][gc,phases      ] GC(192)   Post Evacuate Collection Set: 0.5ms
[2022-05-19T09:53:04.591+0000][163][gc,phases      ] GC(192)   Other: 1.3ms
[2022-05-19T09:53:04.591+0000][163][gc,heap        ] GC(192) Eden regions: 12->0(5)
[2022-05-19T09:53:04.591+0000][163][gc,heap        ] GC(192) Survivor regions: 1->1(2)
[2022-05-19T09:53:04.591+0000][163][gc,heap        ] GC(192) Old regions: 54->54
[2022-05-19T09:53:04.591+0000][163][gc,heap        ] GC(192) Archive regions: 2->2
[2022-05-19T09:53:04.591+0000][163][gc,heap        ] GC(192) Humongous regions: 33->33
[2022-05-19T09:53:04.592+0000][163][gc,metaspace   ] GC(192) Metaspace: 103958K(105344K)->103958K(105344K) NonClass: 89755K(90624K)->89755K(90624K) Class: 14202K(14720K)->14202K(14720K)
[2022-05-19T09:53:04.592+0000][163][gc             ] GC(192) Pause Young (Prepare Mixed) (G1 Evacuation Pause) 393M->345M(512M) 3.930ms
[2022-05-19T09:53:04.592+0000][163][gc,cpu         ] GC(192) User=0.01s Sys=0.00s Real=0.01s
[2022-05-19T09:53:04.592+0000][163][safepoint      ] Safepoint "G1CollectForAllocation", Time since last: 47812400 ns, Reaching safepoint: 260600 ns, At safepoint: 4234700 ns, Total: 4495300 ns
[2022-05-19T09:53:04.631+0000][163][gc,start       ] GC(193) Pause Young (Mixed) (G1 Evacuation Pause)
[2022-05-19T09:53:04.631+0000][163][gc,task        ] GC(193) Using 10 workers of 10 for evacuation
[2022-05-19T09:53:04.631+0000][163][gc,age         ] GC(193) Desired survivor size 2097152 bytes, new threshold 15 (max threshold 15)
[2022-05-19T09:53:04.634+0000][163][gc,age         ] GC(193) Age table with threshold 15 (max threshold 15)
[2022-05-19T09:53:04.634+0000][163][gc,age         ] GC(193) - age   1:     212408 bytes,     212408 total
[2022-05-19T09:53:04.634+0000][163][gc,age         ] GC(193) - age   2:     145552 bytes,     357960 total
[2022-05-19T09:53:04.634+0000][163][gc,age         ] GC(193) - age   3:     106416 bytes,     464376 total
[2022-05-19T09:53:04.634+0000][163][gc,age         ] GC(193) - age   4:      69928 bytes,     534304 total
[2022-05-19T09:53:04.634+0000][163][gc,age         ] GC(193) - age   5:      69912 bytes,     604216 total
[2022-05-19T09:53:04.634+0000][163][gc,age         ] GC(193) - age   6:      36600 bytes,     640816 total
[2022-05-19T09:53:04.635+0000][163][gc,age         ] GC(193) - age   7:      32912 bytes,     673728 total
[2022-05-19T09:53:04.635+0000][163][gc,age         ] GC(193) - age   8:      36712 bytes,     710440 total
[2022-05-19T09:53:04.635+0000][163][gc,phases      ] GC(193)   Pre Evacuate Collection Set: 0.2ms
[2022-05-19T09:53:04.635+0000][163][gc,phases      ] GC(193)   Merge Heap Roots: 0.2ms
[2022-05-19T09:53:04.635+0000][163][gc,phases      ] GC(193)   Evacuate Collection Set: 0.9ms
[2022-05-19T09:53:04.635+0000][163][gc,phases      ] GC(193)   Post Evacuate Collection Set: 0.7ms
[2022-05-19T09:53:04.635+0000][163][gc,phases      ] GC(193)   Other: 1.7ms
[2022-05-19T09:53:04.635+0000][163][gc,heap        ] GC(193) Eden regions: 5->0(14)
[2022-05-19T09:53:04.635+0000][163][gc,heap        ] GC(193) Survivor regions: 1->1(1)
[2022-05-19T09:53:04.636+0000][163][gc,heap        ] GC(193) Old regions: 54->52
[2022-05-19T09:53:04.636+0000][163][gc,heap        ] GC(193) Archive regions: 2->2
[2022-05-19T09:53:04.636+0000][163][gc,heap        ] GC(193) Humongous regions: 33->33
[2022-05-19T09:53:04.636+0000][163][gc,metaspace   ] GC(193) Metaspace: 103958K(105344K)->103958K(105344K) NonClass: 89755K(90624K)->89755K(90624K) Class: 14202K(14720K)->14202K(14720K)
[2022-05-19T09:53:04.636+0000][163][gc             ] GC(193) Pause Young (Mixed) (G1 Evacuation Pause) 365M->338M(512M) 4.929ms
[2022-05-19T09:53:04.636+0000][163][gc,cpu         ] GC(193) User=0.01s Sys=0.00s Real=0.00s
[2022-05-19T09:53:04.636+0000][163][safepoint      ] Safepoint "G1CollectForAllocation", Time since last: 38785300 ns, Reaching safepoint: 304300 ns, At safepoint: 5221000 ns, Total: 5525300 ns
[2022-05-19T09:53:04.757+0000][163][gc,start       ] GC(194) Pause Young (Concurrent Start) (G1 Evacuation Pause)
[2022-05-19T09:53:04.757+0000][163][gc,task        ] GC(194) Using 10 workers of 10 for evacuation
[2022-05-19T09:53:04.757+0000][163][gc,age         ] GC(194) Desired survivor size 4194304 bytes, new threshold 15 (max threshold 15)
[2022-05-19T09:53:04.759+0000][163][gc,age         ] GC(194) Age table with threshold 15 (max threshold 15)
[2022-05-19T09:53:04.759+0000][163][gc,age         ] GC(194) - age   1:     331184 bytes,     331184 total
[2022-05-19T09:53:04.760+0000][163][gc,age         ] GC(194) - age   2:     188216 bytes,     519400 total
[2022-05-19T09:53:04.760+0000][163][gc,age         ] GC(194) - age   3:     144624 bytes,     664024 total
[2022-05-19T09:53:04.760+0000][163][gc,age         ] GC(194) - age   4:     106384 bytes,     770408 total
[2022-05-19T09:53:04.760+0000][163][gc,age         ] GC(194) - age   5:      69928 bytes,     840336 total
[2022-05-19T09:53:04.760+0000][163][gc,age         ] GC(194) - age   6:      69912 bytes,     910248 total
[2022-05-19T09:53:04.760+0000][163][gc,age         ] GC(194) - age   7:      36600 bytes,     946848 total
[2022-05-19T09:53:04.760+0000][163][gc,age         ] GC(194) - age   8:      32912 bytes,     979760 total
[2022-05-19T09:53:04.760+0000][163][gc,age         ] GC(194) - age   9:      35136 bytes,    1014896 total
[2022-05-19T09:53:04.761+0000][163][gc,phases      ] GC(194)   Pre Evacuate Collection Set: 0.2ms
[2022-05-19T09:53:04.761+0000][163][gc,phases      ] GC(194)   Merge Heap Roots: 0.1ms
[2022-05-19T09:53:04.761+0000][163][gc,phases      ] GC(194)   Evacuate Collection Set: 0.9ms
[2022-05-19T09:53:04.761+0000][163][gc,phases      ] GC(194)   Post Evacuate Collection Set: 0.5ms
[2022-05-19T09:53:04.761+0000][163][gc,phases      ] GC(194)   Other: 2.0ms
[2022-05-19T09:53:04.761+0000][163][gc,heap        ] GC(194) Eden regions: 14->0(15)
[2022-05-19T09:53:04.761+0000][163][gc,heap        ] GC(194) Survivor regions: 1->1(2)
[2022-05-19T09:53:04.761+0000][163][gc,heap        ] GC(194) Old regions: 52->52
[2022-05-19T09:53:04.761+0000][163][gc,heap        ] GC(194) Archive regions: 2->2
[2022-05-19T09:53:04.762+0000][163][gc,heap        ] GC(194) Humongous regions: 33->33
[2022-05-19T09:53:04.762+0000][163][gc,metaspace   ] GC(194) Metaspace: 103958K(105344K)->103958K(105344K) NonClass: 89755K(90624K)->89755K(90624K) Class: 14202K(14720K)->14202K(14720K)
[2022-05-19T09:53:04.762+0000][163][gc             ] GC(194) Pause Young (Concurrent Start) (G1 Evacuation Pause) 394M->339M(512M) 5.156ms
[2022-05-19T09:53:04.762+0000][163][gc,cpu         ] GC(194) User=0.01s Sys=0.00s Real=0.01s
[2022-05-19T09:53:04.762+0000][163][gc             ] GC(195) Concurrent Mark Cycle
[2022-05-19T09:53:04.762+0000][163][gc,marking     ] GC(195) Concurrent Clear Claimed Marks
[2022-05-19T09:53:04.762+0000][163][safepoint      ] Safepoint "G1CollectForAllocation", Time since last: 120081100 ns, Reaching safepoint: 266100 ns, At safepoint: 5475300 ns, Total: 5741400 ns
[2022-05-19T09:53:04.763+0000][163][gc,marking     ] GC(195) Concurrent Clear Claimed Marks 0.253ms
[2022-05-19T09:53:04.763+0000][163][gc,marking     ] GC(195) Concurrent Scan Root Regions
[2022-05-19T09:53:04.764+0000][163][gc,marking     ] GC(195) Concurrent Scan Root Regions 0.873ms
[2022-05-19T09:53:04.764+0000][163][gc,marking     ] GC(195) Concurrent Mark
[2022-05-19T09:53:04.764+0000][163][gc,marking     ] GC(195) Concurrent Mark From Roots
[2022-05-19T09:53:04.764+0000][163][gc,task        ] GC(195) Using 3 workers of 3 for marking
[2022-05-19T09:53:04.807+0000][163][gc,marking     ] GC(195) Concurrent Mark From Roots 43.452ms
[2022-05-19T09:53:04.808+0000][163][gc,marking     ] GC(195) Concurrent Preclean
[2022-05-19T09:53:04.808+0000][163][gc,marking     ] GC(195) Concurrent Preclean 0.595ms
[2022-05-19T09:53:04.809+0000][163][gc,start       ] GC(195) Pause Remark
[2022-05-19T09:53:04.813+0000][163][gc             ] GC(195) Pause Remark 360M->360M(512M) 3.659ms
[2022-05-19T09:53:04.813+0000][163][gc,cpu         ] GC(195) User=0.03s Sys=0.00s Real=0.00s
[2022-05-19T09:53:04.813+0000][163][safepoint      ] Safepoint "G1Concurrent", Time since last: 46463800 ns, Reaching safepoint: 315000 ns, At safepoint: 4165200 ns, Total: 4480200 ns
[2022-05-19T09:53:04.813+0000][163][gc,marking     ] GC(195) Concurrent Mark 49.481ms
[2022-05-19T09:53:04.814+0000][163][gc,marking     ] GC(195) Concurrent Rebuild Remembered Sets
[2022-05-19T09:53:04.836+0000][163][gc,marking     ] GC(195) Concurrent Rebuild Remembered Sets 22.160ms
[2022-05-19T09:53:04.836+0000][163][gc,start       ] GC(195) Pause Cleanup
[2022-05-19T09:53:04.837+0000][163][gc             ] GC(195) Pause Cleanup 368M->368M(512M) 0.479ms
[2022-05-19T09:53:04.837+0000][163][gc,cpu         ] GC(195) User=0.00s Sys=0.00s Real=0.00s
[2022-05-19T09:53:04.837+0000][163][safepoint      ] Safepoint "G1Concurrent", Time since last: 22985200 ns, Reaching safepoint: 382600 ns, At safepoint: 971800 ns, Total: 1354400 ns
[2022-05-19T09:53:04.838+0000][163][gc,marking     ] GC(195) Concurrent Cleanup for Next Mark
[2022-05-19T09:53:04.838+0000][163][gc,marking     ] GC(195) Concurrent Cleanup for Next Mark 0.361ms
[2022-05-19T09:53:04.838+0000][163][gc             ] GC(195) Concurrent Mark Cycle 76.091ms
[2022-05-19T09:53:04.979+0000][163][gc,start       ] GC(196) Pause Young (Prepare Mixed) (G1 Evacuation Pause)
[2022-05-19T09:53:04.979+0000][163][gc,task        ] GC(196) Using 10 workers of 10 for evacuation
[2022-05-19T09:53:04.979+0000][163][gc,age         ] GC(196) Desired survivor size 4194304 bytes, new threshold 15 (max threshold 15)
[2022-05-19T09:53:04.981+0000][163][gc,age         ] GC(196) Age table with threshold 15 (max threshold 15)
[2022-05-19T09:53:04.981+0000][163][gc,age         ] GC(196) - age   1:     468936 bytes,     468936 total
[2022-05-19T09:53:04.981+0000][163][gc,age         ] GC(196) - age   2:     238520 bytes,     707456 total
[2022-05-19T09:53:04.981+0000][163][gc,age         ] GC(196) - age   3:     185088 bytes,     892544 total
[2022-05-19T09:53:04.982+0000][163][gc,age         ] GC(196) - age   4:     131736 bytes,    1024280 total
[2022-05-19T09:53:04.982+0000][163][gc,age         ] GC(196) - age   5:      98576 bytes,    1122856 total
[2022-05-19T09:53:04.982+0000][163][gc,age         ] GC(196) - age   6:      65792 bytes,    1188648 total
[2022-05-19T09:53:04.982+0000][163][gc,age         ] GC(196) - age   7:      65568 bytes,    1254216 total
[2022-05-19T09:53:04.982+0000][163][gc,age         ] GC(196) - age   8:      32784 bytes,    1287000 total
[2022-05-19T09:53:04.982+0000][163][gc,age         ] GC(196) - age   9:      32912 bytes,    1319912 total
[2022-05-19T09:53:04.982+0000][163][gc,age         ] GC(196) - age  10:      35136 bytes,    1355048 total
[2022-05-19T09:53:04.982+0000][163][gc,phases      ] GC(196)   Pre Evacuate Collection Set: 0.2ms
[2022-05-19T09:53:04.983+0000][163][gc,phases      ] GC(196)   Merge Heap Roots: 0.1ms
[2022-05-19T09:53:04.983+0000][163][gc,phases      ] GC(196)   Evacuate Collection Set: 0.7ms
[2022-05-19T09:53:04.983+0000][163][gc,phases      ] GC(196)   Post Evacuate Collection Set: 0.6ms
[2022-05-19T09:53:04.983+0000][163][gc,phases      ] GC(196)   Other: 1.7ms
[2022-05-19T09:53:04.983+0000][163][gc,heap        ] GC(196) Eden regions: 15->0(5)
[2022-05-19T09:53:04.983+0000][163][gc,heap        ] GC(196) Survivor regions: 1->1(2)
[2022-05-19T09:53:04.984+0000][163][gc,heap        ] GC(196) Old regions: 52->52
[2022-05-19T09:53:04.984+0000][163][gc,heap        ] GC(196) Archive regions: 2->2
[2022-05-19T09:53:04.984+0000][163][gc,heap        ] GC(196) Humongous regions: 33->33
[2022-05-19T09:53:04.984+0000][163][gc,metaspace   ] GC(196) Metaspace: 103961K(105344K)->103961K(105344K) NonClass: 89759K(90624K)->89759K(90624K) Class: 14202K(14720K)->14202K(14720K)
[2022-05-19T09:53:04.984+0000][163][gc             ] GC(196) Pause Young (Prepare Mixed) (G1 Evacuation Pause) 399M->339M(512M) 4.995ms
[2022-05-19T09:53:04.984+0000][163][gc,cpu         ] GC(196) User=0.01s Sys=0.00s Real=0.00s
[2022-05-19T09:53:04.984+0000][163][safepoint      ] Safepoint "G1CollectForAllocation", Time since last: 141480800 ns, Reaching safepoint: 197600 ns, At safepoint: 5286100 ns, Total: 5483700 ns
[2022-05-19T09:53:05.132+0000][163][gc,start       ] GC(197) Pause Young (Mixed) (G1 Evacuation Pause)
[2022-05-19T09:53:05.133+0000][163][gc,task        ] GC(197) Using 10 workers of 10 for evacuation
[2022-05-19T09:53:05.133+0000][163][gc,age         ] GC(197) Desired survivor size 2097152 bytes, new threshold 15 (max threshold 15)
[2022-05-19T09:53:05.135+0000][163][gc,age         ] GC(197) Age table with threshold 15 (max threshold 15)
[2022-05-19T09:53:05.135+0000][163][gc,age         ] GC(197) - age   1:     265288 bytes,     265288 total
[2022-05-19T09:53:05.135+0000][163][gc,age         ] GC(197) - age   2:     467112 bytes,     732400 total
[2022-05-19T09:53:05.135+0000][163][gc,age         ] GC(197) - age   3:     238520 bytes,     970920 total
[2022-05-19T09:53:05.135+0000][163][gc,age         ] GC(197) - age   4:     185088 bytes,    1156008 total
[2022-05-19T09:53:05.136+0000][163][gc,age         ] GC(197) - age   5:     131736 bytes,    1287744 total
[2022-05-19T09:53:05.136+0000][163][gc,age         ] GC(197) - age   6:      98576 bytes,    1386320 total
[2022-05-19T09:53:05.136+0000][163][gc,age         ] GC(197) - age   7:      65792 bytes,    1452112 total
[2022-05-19T09:53:05.136+0000][163][gc,age         ] GC(197) - age   8:      65568 bytes,    1517680 total
[2022-05-19T09:53:05.136+0000][163][gc,age         ] GC(197) - age   9:      32784 bytes,    1550464 total
[2022-05-19T09:53:05.136+0000][163][gc,age         ] GC(197) - age  10:      32912 bytes,    1583376 total
[2022-05-19T09:53:05.136+0000][163][gc,age         ] GC(197) - age  11:      35136 bytes,    1618512 total
[2022-05-19T09:53:05.136+0000][163][gc,phases      ] GC(197)   Pre Evacuate Collection Set: 0.3ms
[2022-05-19T09:53:05.137+0000][163][gc,phases      ] GC(197)   Merge Heap Roots: 0.2ms
[2022-05-19T09:53:05.137+0000][163][gc,phases      ] GC(197)   Evacuate Collection Set: 1.0ms
[2022-05-19T09:53:05.137+0000][163][gc,phases      ] GC(197)   Post Evacuate Collection Set: 0.6ms
[2022-05-19T09:53:05.137+0000][163][gc,phases      ] GC(197)   Other: 2.0ms
[2022-05-19T09:53:05.137+0000][163][gc,heap        ] GC(197) Eden regions: 5->0(16)
[2022-05-19T09:53:05.137+0000][163][gc,heap        ] GC(197) Survivor regions: 1->1(1)
[2022-05-19T09:53:05.137+0000][163][gc,heap        ] GC(197) Old regions: 52->52
[2022-05-19T09:53:05.137+0000][163][gc,heap        ] GC(197) Archive regions: 2->2
[2022-05-19T09:53:05.137+0000][163][gc,heap        ] GC(197) Humongous regions: 33->33
[2022-05-19T09:53:05.138+0000][163][gc,metaspace   ] GC(197) Metaspace: 103961K(105344K)->103961K(105344K) NonClass: 89759K(90624K)->89759K(90624K) Class: 14202K(14720K)->14202K(14720K)
[2022-05-19T09:53:05.138+0000][163][gc             ] GC(197) Pause Young (Mixed) (G1 Evacuation Pause) 359M->336M(512M) 5.311ms
[2022-05-19T09:53:05.138+0000][163][gc,cpu         ] GC(197) User=0.01s Sys=0.00s Real=0.00s
[2022-05-19T09:53:05.138+0000][163][safepoint      ] Safepoint "G1CollectForAllocation", Time since last: 147703200 ns, Reaching safepoint: 256000 ns, At safepoint: 5628500 ns, Total: 5884500 ns
[2022-05-19T09:53:05.488+0000][163][gc,start       ] GC(198) Pause Young (Concurrent Start) (G1 Evacuation Pause)
[2022-05-19T09:53:05.489+0000][163][gc,task        ] GC(198) Using 10 workers of 10 for evacuation
[2022-05-19T09:53:05.489+0000][163][gc,age         ] GC(198) Desired survivor size 6291456 bytes, new threshold 15 (max threshold 15)
[2022-05-19T09:53:05.492+0000][163][gc,age         ] GC(198) Age table with threshold 15 (max threshold 15)
[2022-05-19T09:53:05.492+0000][163][gc,age         ] GC(198) - age   1:    1177272 bytes,    1177272 total
[2022-05-19T09:53:05.492+0000][163][gc,age         ] GC(198) - age   2:     262272 bytes,    1439544 total
[2022-05-19T09:53:05.492+0000][163][gc,age         ] GC(198) - age   3:     431352 bytes,    1870896 total
[2022-05-19T09:53:05.492+0000][163][gc,age         ] GC(198) - age   4:     238488 bytes,    2109384 total
[2022-05-19T09:53:05.493+0000][163][gc,age         ] GC(198) - age   5:      98352 bytes,    2207736 total
[2022-05-19T09:53:05.493+0000][163][gc,age         ] GC(198) - age   6:     131736 bytes,    2339472 total
[2022-05-19T09:53:05.493+0000][163][gc,age         ] GC(198) - age   7:      98544 bytes,    2438016 total
[2022-05-19T09:53:05.493+0000][163][gc,age         ] GC(198) - age   8:      65600 bytes,    2503616 total
[2022-05-19T09:53:05.493+0000][163][gc,age         ] GC(198) - age   9:      65568 bytes,    2569184 total
[2022-05-19T09:53:05.493+0000][163][gc,age         ] GC(198) - age  10:      32784 bytes,    2601968 total
[2022-05-19T09:53:05.494+0000][163][gc,age         ] GC(198) - age  11:      32784 bytes,    2634752 total
[2022-05-19T09:53:05.494+0000][163][gc,age         ] GC(198) - age  12:      35136 bytes,    2669888 total
[2022-05-19T09:53:05.494+0000][163][gc,phases      ] GC(198)   Pre Evacuate Collection Set: 0.3ms
[2022-05-19T09:53:05.494+0000][163][gc,phases      ] GC(198)   Merge Heap Roots: 0.2ms
[2022-05-19T09:53:05.494+0000][163][gc,phases      ] GC(198)   Evacuate Collection Set: 1.5ms
[2022-05-19T09:53:05.494+0000][163][gc,phases      ] GC(198)   Post Evacuate Collection Set: 0.8ms
[2022-05-19T09:53:05.495+0000][163][gc,phases      ] GC(198)   Other: 2.7ms
[2022-05-19T09:53:05.495+0000][163][gc,heap        ] GC(198) Eden regions: 16->0(16)
[2022-05-19T09:53:05.495+0000][163][gc,heap        ] GC(198) Survivor regions: 1->1(3)
[2022-05-19T09:53:05.495+0000][163][gc,heap        ] GC(198) Old regions: 52->52
[2022-05-19T09:53:05.495+0000][163][gc,heap        ] GC(198) Archive regions: 2->2
[2022-05-19T09:53:05.495+0000][163][gc,heap        ] GC(198) Humongous regions: 33->33
[2022-05-19T09:53:05.495+0000][163][gc,metaspace   ] GC(198) Metaspace: 104016K(105344K)->104016K(105344K) NonClass: 89813K(90624K)->89813K(90624K) Class: 14202K(14720K)->14202K(14720K)
[2022-05-19T09:53:05.496+0000][163][gc             ] GC(198) Pause Young (Concurrent Start) (G1 Evacuation Pause) 400M->337M(512M) 7.173ms
[2022-05-19T09:53:05.496+0000][163][gc,cpu         ] GC(198) User=0.01s Sys=0.00s Real=0.00s
[2022-05-19T09:53:05.496+0000][163][gc             ] GC(199) Concurrent Mark Cycle
[2022-05-19T09:53:05.496+0000][163][gc,marking     ] GC(199) Concurrent Clear Claimed Marks
[2022-05-19T09:53:05.496+0000][163][safepoint      ] Safepoint "G1CollectForAllocation", Time since last: 350252400 ns, Reaching safepoint: 185100 ns, At safepoint: 7598300 ns, Total: 7783400 ns
[2022-05-19T09:53:05.496+0000][163][gc,marking     ] GC(199) Concurrent Clear Claimed Marks 0.234ms
[2022-05-19T09:53:05.497+0000][163][gc,marking     ] GC(199) Concurrent Scan Root Regions
[2022-05-19T09:53:05.498+0000][163][gc,marking     ] GC(199) Concurrent Scan Root Regions 1.337ms
[2022-05-19T09:53:05.498+0000][163][gc,marking     ] GC(199) Concurrent Mark
[2022-05-19T09:53:05.498+0000][163][gc,marking     ] GC(199) Concurrent Mark From Roots
[2022-05-19T09:53:05.499+0000][163][gc,task        ] GC(199) Using 3 workers of 3 for marking
[2022-05-19T09:53:05.556+0000][163][gc,marking     ] GC(199) Concurrent Mark From Roots 57.526ms
[2022-05-19T09:53:05.556+0000][163][gc,marking     ] GC(199) Concurrent Preclean
[2022-05-19T09:53:05.557+0000][163][gc,marking     ] GC(199) Concurrent Preclean 0.610ms
[2022-05-19T09:53:05.557+0000][163][gc,start       ] GC(199) Pause Remark
[2022-05-19T09:53:05.560+0000][163][gc             ] GC(199) Pause Remark 342M->334M(512M) 3.275ms
[2022-05-19T09:53:05.561+0000][163][gc,cpu         ] GC(199) User=0.01s Sys=0.01s Real=0.01s
[2022-05-19T09:53:05.561+0000][163][safepoint      ] Safepoint "G1Concurrent", Time since last: 60900800 ns, Reaching safepoint: 273200 ns, At safepoint: 3638700 ns, Total: 3911900 ns
[2022-05-19T09:53:05.561+0000][163][gc,marking     ] GC(199) Concurrent Mark 62.832ms
[2022-05-19T09:53:05.561+0000][163][gc,marking     ] GC(199) Concurrent Rebuild Remembered Sets
[2022-05-19T09:53:05.583+0000][163][gc,marking     ] GC(199) Concurrent Rebuild Remembered Sets 21.982ms
[2022-05-19T09:53:05.584+0000][163][gc,start       ] GC(199) Pause Cleanup
[2022-05-19T09:53:05.584+0000][163][gc             ] GC(199) Pause Cleanup 337M->337M(512M) 0.347ms
[2022-05-19T09:53:05.584+0000][163][gc,cpu         ] GC(199) User=0.00s Sys=0.00s Real=0.00s
[2022-05-19T09:53:05.584+0000][163][safepoint      ] Safepoint "G1Concurrent", Time since last: 22556500 ns, Reaching safepoint: 279800 ns, At safepoint: 647200 ns, Total: 927000 ns
[2022-05-19T09:53:05.584+0000][163][gc,marking     ] GC(199) Concurrent Cleanup for Next Mark
[2022-05-19T09:53:05.585+0000][163][gc,marking     ] GC(199) Concurrent Cleanup for Next Mark 0.330ms
[2022-05-19T09:53:05.585+0000][163][gc             ] GC(199) Concurrent Mark Cycle 88.969ms
[2022-05-19T09:53:05.999+0000][163][gc,start       ] GC(200) Pause Young (Prepare Mixed) (G1 Evacuation Pause)
[2022-05-19T09:53:06.000+0000][163][gc,task        ] GC(200) Using 10 workers of 10 for evacuation
[2022-05-19T09:53:06.000+0000][163][gc,age         ] GC(200) Desired survivor size 6291456 bytes, new threshold 15 (max threshold 15)
[2022-05-19T09:53:06.002+0000][163][gc,age         ] GC(200) Age table with threshold 15 (max threshold 15)
[2022-05-19T09:53:06.002+0000][163][gc,age         ] GC(200) - age   1:    1029120 bytes,    1029120 total
[2022-05-19T09:53:06.003+0000][163][gc,age         ] GC(200) - age   2:    1078576 bytes,    2107696 total
[2022-05-19T09:53:06.003+0000][163][gc,age         ] GC(200) - age   3:     262272 bytes,    2369968 total
[2022-05-19T09:53:06.003+0000][163][gc,age         ] GC(200) - age   4:     363952 bytes,    2733920 total
[2022-05-19T09:53:06.003+0000][163][gc,age         ] GC(200) - age   5:     229552 bytes,    2963472 total
[2022-05-19T09:53:06.003+0000][163][gc,age         ] GC(200) - age   6:      98352 bytes,    3061824 total
[2022-05-19T09:53:06.004+0000][163][gc,age         ] GC(200) - age   7:     131136 bytes,    3192960 total
[2022-05-19T09:53:06.004+0000][163][gc,age         ] GC(200) - age   8:      98352 bytes,    3291312 total
[2022-05-19T09:53:06.004+0000][163][gc,age         ] GC(200) - age   9:      65568 bytes,    3356880 total
[2022-05-19T09:53:06.004+0000][163][gc,age         ] GC(200) - age  10:      65568 bytes,    3422448 total
[2022-05-19T09:53:06.004+0000][163][gc,age         ] GC(200) - age  11:      32784 bytes,    3455232 total
[2022-05-19T09:53:06.004+0000][163][gc,age         ] GC(200) - age  12:      32784 bytes,    3488016 total
[2022-05-19T09:53:06.004+0000][163][gc,age         ] GC(200) - age  13:      32784 bytes,    3520800 total
[2022-05-19T09:53:06.004+0000][163][gc,phases      ] GC(200)   Pre Evacuate Collection Set: 0.2ms
[2022-05-19T09:53:06.005+0000][163][gc,phases      ] GC(200)   Merge Heap Roots: 0.2ms
[2022-05-19T09:53:06.005+0000][163][gc,phases      ] GC(200)   Evacuate Collection Set: 0.9ms
[2022-05-19T09:53:06.005+0000][163][gc,phases      ] GC(200)   Post Evacuate Collection Set: 0.8ms
[2022-05-19T09:53:06.005+0000][163][gc,phases      ] GC(200)   Other: 3.0ms
[2022-05-19T09:53:06.005+0000][163][gc,heap        ] GC(200) Eden regions: 16->0(5)
[2022-05-19T09:53:06.005+0000][163][gc,heap        ] GC(200) Survivor regions: 1->1(3)
[2022-05-19T09:53:06.005+0000][163][gc,heap        ] GC(200) Old regions: 51->51
[2022-05-19T09:53:06.005+0000][163][gc,heap        ] GC(200) Archive regions: 2->2
[2022-05-19T09:53:06.005+0000][163][gc,heap        ] GC(200) Humongous regions: 32->32
[2022-05-19T09:53:06.006+0000][163][gc,metaspace   ] GC(200) Metaspace: 104016K(105344K)->104016K(105344K) NonClass: 89813K(90624K)->89813K(90624K) Class: 14202K(14720K)->14202K(14720K)
[2022-05-19T09:53:06.006+0000][163][gc             ] GC(200) Pause Young (Prepare Mixed) (G1 Evacuation Pause) 393M->330M(512M) 6.360ms
[2022-05-19T09:53:06.006+0000][163][gc,cpu         ] GC(200) User=0.01s Sys=0.00s Real=0.00s
[2022-05-19T09:53:06.006+0000][163][safepoint      ] Safepoint "G1CollectForAllocation", Time since last: 414816300 ns, Reaching safepoint: 218700 ns, At safepoint: 6679600 ns, Total: 6898300 ns
[2022-05-19T09:53:06.153+0000][163][gc,start       ] GC(201) Pause Young (Mixed) (G1 Evacuation Pause)
[2022-05-19T09:53:06.153+0000][163][gc,task        ] GC(201) Using 10 workers of 10 for evacuation
[2022-05-19T09:53:06.154+0000][163][gc,age         ] GC(201) Desired survivor size 2097152 bytes, new threshold 2 (max threshold 15)
[2022-05-19T09:53:06.156+0000][163][gc,age         ] GC(201) Age table with threshold 2 (max threshold 15)
[2022-05-19T09:53:06.156+0000][163][gc,age         ] GC(201) - age   1:     419040 bytes,     419040 total
[2022-05-19T09:53:06.156+0000][163][gc,age         ] GC(201) - age   2:     919056 bytes,    1338096 total
[2022-05-19T09:53:06.156+0000][163][gc,phases      ] GC(201)   Pre Evacuate Collection Set: 0.2ms
[2022-05-19T09:53:06.156+0000][163][gc,phases      ] GC(201)   Merge Heap Roots: 0.2ms
[2022-05-19T09:53:06.157+0000][163][gc,phases      ] GC(201)   Evacuate Collection Set: 1.1ms
[2022-05-19T09:53:06.157+0000][163][gc,phases      ] GC(201)   Post Evacuate Collection Set: 0.6ms
[2022-05-19T09:53:06.157+0000][163][gc,phases      ] GC(201)   Other: 1.3ms
[2022-05-19T09:53:06.157+0000][163][gc,heap        ] GC(201) Eden regions: 5->0(19)
[2022-05-19T09:53:06.157+0000][163][gc,heap        ] GC(201) Survivor regions: 1->1(1)
[2022-05-19T09:53:06.157+0000][163][gc,heap        ] GC(201) Old regions: 51->50
[2022-05-19T09:53:06.158+0000][163][gc,heap        ] GC(201) Archive regions: 2->2
[2022-05-19T09:53:06.158+0000][163][gc,heap        ] GC(201) Humongous regions: 32->32
[2022-05-19T09:53:06.158+0000][163][gc,metaspace   ] GC(201) Metaspace: 104016K(105344K)->104016K(105344K) NonClass: 89813K(90624K)->89813K(90624K) Class: 14202K(14720K)->14202K(14720K)
[2022-05-19T09:53:06.158+0000][163][gc             ] GC(201) Pause Young (Mixed) (G1 Evacuation Pause) 350M->327M(512M) 4.852ms
[2022-05-19T09:53:06.158+0000][163][gc,cpu         ] GC(201) User=0.01s Sys=0.00s Real=0.01s
[2022-05-19T09:53:06.158+0000][163][safepoint      ] Safepoint "G1CollectForAllocation", Time since last: 146800600 ns, Reaching safepoint: 241900 ns, At safepoint: 5204500 ns, Total: 5446400 ns
[2022-05-19T09:53:06.731+0000][163][gc,start       ] GC(202) Pause Young (Concurrent Start) (G1 Evacuation Pause)
[2022-05-19T09:53:06.731+0000][163][gc,task        ] GC(202) Using 10 workers of 10 for evacuation
[2022-05-19T09:53:06.731+0000][163][gc,age         ] GC(202) Desired survivor size 6291456 bytes, new threshold 15 (max threshold 15)
[2022-05-19T09:53:06.734+0000][163][gc,age         ] GC(202) Age table with threshold 15 (max threshold 15)
[2022-05-19T09:53:06.734+0000][163][gc,age         ] GC(202) - age   1:    1085480 bytes,    1085480 total
[2022-05-19T09:53:06.735+0000][163][gc,age         ] GC(202) - age   2:     418528 bytes,    1504008 total
[2022-05-19T09:53:06.735+0000][163][gc,age         ] GC(202) - age   3:     918384 bytes,    2422392 total
[2022-05-19T09:53:06.735+0000][163][gc,phases      ] GC(202)   Pre Evacuate Collection Set: 0.3ms
[2022-05-19T09:53:06.735+0000][163][gc,phases      ] GC(202)   Merge Heap Roots: 0.2ms
[2022-05-19T09:53:06.736+0000][163][gc,phases      ] GC(202)   Evacuate Collection Set: 1.2ms
[2022-05-19T09:53:06.736+0000][163][gc,phases      ] GC(202)   Post Evacuate Collection Set: 0.7ms
[2022-05-19T09:53:06.736+0000][163][gc,phases      ] GC(202)   Other: 2.3ms
[2022-05-19T09:53:06.736+0000][163][gc,heap        ] GC(202) Eden regions: 19->0(20)
[2022-05-19T09:53:06.736+0000][163][gc,heap        ] GC(202) Survivor regions: 1->1(3)
[2022-05-19T09:53:06.736+0000][163][gc,heap        ] GC(202) Old regions: 50->50
[2022-05-19T09:53:06.737+0000][163][gc,heap        ] GC(202) Archive regions: 2->2
[2022-05-19T09:53:06.737+0000][163][gc,heap        ] GC(202) Humongous regions: 32->32
[2022-05-19T09:53:06.737+0000][163][gc,metaspace   ] GC(202) Metaspace: 104016K(105344K)->104016K(105344K) NonClass: 89813K(90624K)->89813K(90624K) Class: 14202K(14720K)->14202K(14720K)
[2022-05-19T09:53:06.737+0000][163][gc             ] GC(202) Pause Young (Concurrent Start) (G1 Evacuation Pause) 403M->328M(512M) 6.661ms
[2022-05-19T09:53:06.737+0000][163][gc,cpu         ] GC(202) User=0.02s Sys=0.00s Real=0.00s
[2022-05-19T09:53:06.738+0000][163][safepoint      ] Safepoint "G1CollectForAllocation", Time since last: 571998500 ns, Reaching safepoint: 236000 ns, At safepoint: 7154700 ns, Total: 7390700 ns
[2022-05-19T09:53:06.738+0000][163][gc             ] GC(203) Concurrent Mark Cycle
[2022-05-19T09:53:06.738+0000][163][gc,marking     ] GC(203) Concurrent Clear Claimed Marks
[2022-05-19T09:53:06.738+0000][163][gc,marking     ] GC(203) Concurrent Clear Claimed Marks 0.242ms
[2022-05-19T09:53:06.738+0000][163][gc,marking     ] GC(203) Concurrent Scan Root Regions
[2022-05-19T09:53:06.739+0000][163][gc,marking     ] GC(203) Concurrent Scan Root Regions 0.911ms
[2022-05-19T09:53:06.739+0000][163][gc,marking     ] GC(203) Concurrent Mark
[2022-05-19T09:53:06.740+0000][163][gc,marking     ] GC(203) Concurrent Mark From Roots
[2022-05-19T09:53:06.740+0000][163][gc,task        ] GC(203) Using 3 workers of 3 for marking
[2022-05-19T09:53:06.780+0000][163][gc,marking     ] GC(203) Concurrent Mark From Roots 40.217ms
[2022-05-19T09:53:06.780+0000][163][gc,marking     ] GC(203) Concurrent Preclean
[2022-05-19T09:53:06.781+0000][163][gc,marking     ] GC(203) Concurrent Preclean 0.620ms
[2022-05-19T09:53:06.781+0000][163][gc,start       ] GC(203) Pause Remark
[2022-05-19T09:53:06.785+0000][163][gc             ] GC(203) Pause Remark 333M->333M(512M) 3.373ms
[2022-05-19T09:53:06.785+0000][163][gc,cpu         ] GC(203) User=0.02s Sys=0.00s Real=0.00s
[2022-05-19T09:53:06.785+0000][163][safepoint      ] Safepoint "G1Concurrent", Time since last: 43402100 ns, Reaching safepoint: 276000 ns, At safepoint: 4029700 ns, Total: 4305700 ns
[2022-05-19T09:53:06.786+0000][163][gc,marking     ] GC(203) Concurrent Mark 46.176ms
[2022-05-19T09:53:06.786+0000][163][gc,marking     ] GC(203) Concurrent Rebuild Remembered Sets
[2022-05-19T09:53:06.804+0000][163][gc,marking     ] GC(203) Concurrent Rebuild Remembered Sets 18.553ms
[2022-05-19T09:53:06.805+0000][163][gc,start       ] GC(203) Pause Cleanup
[2022-05-19T09:53:06.806+0000][163][gc             ] GC(203) Pause Cleanup 336M->336M(512M) 0.523ms
[2022-05-19T09:53:06.806+0000][163][gc,cpu         ] GC(203) User=0.00s Sys=0.00s Real=0.00s
[2022-05-19T09:53:06.806+0000][163][safepoint      ] Safepoint "G1Concurrent", Time since last: 19520000 ns, Reaching safepoint: 262600 ns, At safepoint: 1023700 ns, Total: 1286300 ns
[2022-05-19T09:53:06.806+0000][163][gc,marking     ] GC(203) Concurrent Cleanup for Next Mark
[2022-05-19T09:53:06.807+0000][163][gc,marking     ] GC(203) Concurrent Cleanup for Next Mark 0.381ms
[2022-05-19T09:53:06.807+0000][163][gc             ] GC(203) Concurrent Mark Cycle 69.297ms
[2022-05-19T09:53:07.334+0000][163][gc,start       ] GC(204) Pause Young (Prepare Mixed) (G1 Evacuation Pause)
[2022-05-19T09:53:07.335+0000][163][gc,task        ] GC(204) Using 10 workers of 10 for evacuation
[2022-05-19T09:53:07.335+0000][163][gc,age         ] GC(204) Desired survivor size 6291456 bytes, new threshold 15 (max threshold 15)
[2022-05-19T09:53:07.337+0000][163][gc,age         ] GC(204) Age table with threshold 15 (max threshold 15)
[2022-05-19T09:53:07.337+0000][163][gc,age         ] GC(204) - age   1:    1249672 bytes,    1249672 total
[2022-05-19T09:53:07.337+0000][163][gc,age         ] GC(204) - age   2:    1082504 bytes,    2332176 total
[2022-05-19T09:53:07.338+0000][163][gc,age         ] GC(204) - age   3:     418528 bytes,    2750704 total
[2022-05-19T09:53:07.338+0000][163][gc,age         ] GC(204) - age   4:     918016 bytes,    3668720 total
[2022-05-19T09:53:07.338+0000][163][gc,phases      ] GC(204)   Pre Evacuate Collection Set: 0.2ms
[2022-05-19T09:53:07.338+0000][163][gc,phases      ] GC(204)   Merge Heap Roots: 0.2ms
[2022-05-19T09:53:07.338+0000][163][gc,phases      ] GC(204)   Evacuate Collection Set: 0.9ms
[2022-05-19T09:53:07.338+0000][163][gc,phases      ] GC(204)   Post Evacuate Collection Set: 0.7ms
[2022-05-19T09:53:07.338+0000][163][gc,phases      ] GC(204)   Other: 1.7ms
[2022-05-19T09:53:07.339+0000][163][gc,heap        ] GC(204) Eden regions: 20->0(5)
[2022-05-19T09:53:07.339+0000][163][gc,heap        ] GC(204) Survivor regions: 1->1(3)
[2022-05-19T09:53:07.339+0000][163][gc,heap        ] GC(204) Old regions: 50->50
[2022-05-19T09:53:07.339+0000][163][gc,heap        ] GC(204) Archive regions: 2->2
[2022-05-19T09:53:07.339+0000][163][gc,heap        ] GC(204) Humongous regions: 32->32
[2022-05-19T09:53:07.339+0000][163][gc,metaspace   ] GC(204) Metaspace: 104016K(105344K)->104016K(105344K) NonClass: 89813K(90624K)->89813K(90624K) Class: 14202K(14720K)->14202K(14720K)
[2022-05-19T09:53:07.339+0000][163][gc             ] GC(204) Pause Young (Prepare Mixed) (G1 Evacuation Pause) 408M->329M(512M) 5.173ms
[2022-05-19T09:53:07.340+0000][163][gc,cpu         ] GC(204) User=0.01s Sys=0.00s Real=0.01s
[2022-05-19T09:53:07.340+0000][163][safepoint      ] Safepoint "G1CollectForAllocation", Time since last: 527885200 ns, Reaching safepoint: 187900 ns, At safepoint: 5621200 ns, Total: 5809100 ns
[2022-05-19T09:53:07.492+0000][163][gc,start       ] GC(205) Pause Young (Mixed) (G1 Evacuation Pause)
[2022-05-19T09:53:07.492+0000][163][gc,task        ] GC(205) Using 10 workers of 10 for evacuation
[2022-05-19T09:53:07.492+0000][163][gc,age         ] GC(205) Desired survivor size 2097152 bytes, new threshold 2 (max threshold 15)
[2022-05-19T09:53:07.494+0000][163][gc,age         ] GC(205) Age table with threshold 2 (max threshold 15)
[2022-05-19T09:53:07.495+0000][163][gc,age         ] GC(205) - age   1:     263752 bytes,     263752 total
[2022-05-19T09:53:07.495+0000][163][gc,age         ] GC(205) - age   2:    1248400 bytes,    1512152 total
[2022-05-19T09:53:07.495+0000][163][gc,phases      ] GC(205)   Pre Evacuate Collection Set: 0.2ms
[2022-05-19T09:53:07.495+0000][163][gc,phases      ] GC(205)   Merge Heap Roots: 0.2ms
[2022-05-19T09:53:07.495+0000][163][gc,phases      ] GC(205)   Evacuate Collection Set: 1.1ms
[2022-05-19T09:53:07.495+0000][163][gc,phases      ] GC(205)   Post Evacuate Collection Set: 0.5ms
[2022-05-19T09:53:07.496+0000][163][gc,phases      ] GC(205)   Other: 1.1ms
[2022-05-19T09:53:07.496+0000][163][gc,heap        ] GC(205) Eden regions: 5->0(20)
[2022-05-19T09:53:07.496+0000][163][gc,heap        ] GC(205) Survivor regions: 1->1(1)
[2022-05-19T09:53:07.496+0000][163][gc,heap        ] GC(205) Old regions: 50->50
[2022-05-19T09:53:07.496+0000][163][gc,heap        ] GC(205) Archive regions: 2->2
[2022-05-19T09:53:07.496+0000][163][gc,heap        ] GC(205) Humongous regions: 32->32
[2022-05-19T09:53:07.496+0000][163][gc,metaspace   ] GC(205) Metaspace: 104016K(105344K)->104016K(105344K) NonClass: 89813K(90624K)->89813K(90624K) Class: 14202K(14720K)->14202K(14720K)
[2022-05-19T09:53:07.497+0000][163][gc             ] GC(205) Pause Young (Mixed) (G1 Evacuation Pause) 349M->326M(512M) 4.843ms
[2022-05-19T09:53:07.497+0000][163][gc,cpu         ] GC(205) User=0.02s Sys=0.00s Real=0.00s
[2022-05-19T09:53:07.497+0000][163][safepoint      ] Safepoint "G1CollectForAllocation", Time since last: 151693400 ns, Reaching safepoint: 184800 ns, At safepoint: 5210400 ns, Total: 5395200 ns
[2022-05-19T09:53:08.096+0000][163][gc,start       ] GC(206) Pause Young (Concurrent Start) (G1 Evacuation Pause)
[2022-05-19T09:53:08.096+0000][163][gc,task        ] GC(206) Using 10 workers of 10 for evacuation
[2022-05-19T09:53:08.096+0000][163][gc,age         ] GC(206) Desired survivor size 6291456 bytes, new threshold 15 (max threshold 15)
[2022-05-19T09:53:08.099+0000][163][gc,age         ] GC(206) Age table with threshold 15 (max threshold 15)
[2022-05-19T09:53:08.099+0000][163][gc,age         ] GC(206) - age   1:    1358496 bytes,    1358496 total
[2022-05-19T09:53:08.100+0000][163][gc,age         ] GC(206) - age   2:     262496 bytes,    1620992 total
[2022-05-19T09:53:08.100+0000][163][gc,age         ] GC(206) - age   3:    1248000 bytes,    2868992 total
[2022-05-19T09:53:08.100+0000][163][gc,phases      ] GC(206)   Pre Evacuate Collection Set: 0.3ms
[2022-05-19T09:53:08.100+0000][163][gc,phases      ] GC(206)   Merge Heap Roots: 0.2ms
[2022-05-19T09:53:08.101+0000][163][gc,phases      ] GC(206)   Evacuate Collection Set: 1.2ms
[2022-05-19T09:53:08.101+0000][163][gc,phases      ] GC(206)   Post Evacuate Collection Set: 0.9ms
[2022-05-19T09:53:08.101+0000][163][gc,phases      ] GC(206)   Other: 1.8ms
[2022-05-19T09:53:08.101+0000][163][gc,heap        ] GC(206) Eden regions: 20->0(20)
[2022-05-19T09:53:08.101+0000][163][gc,heap        ] GC(206) Survivor regions: 1->1(3)
[2022-05-19T09:53:08.101+0000][163][gc,heap        ] GC(206) Old regions: 50->50
[2022-05-19T09:53:08.102+0000][163][gc,heap        ] GC(206) Archive regions: 2->2
[2022-05-19T09:53:08.102+0000][163][gc,heap        ] GC(206) Humongous regions: 32->32
[2022-05-19T09:53:08.102+0000][163][gc,metaspace   ] GC(206) Metaspace: 104016K(105344K)->104016K(105344K) NonClass: 89813K(90624K)->89813K(90624K) Class: 14202K(14720K)->14202K(14720K)
[2022-05-19T09:53:08.102+0000][163][gc             ] GC(206) Pause Young (Concurrent Start) (G1 Evacuation Pause) 406M->327M(512M) 6.275ms
[2022-05-19T09:53:08.102+0000][163][gc,cpu         ] GC(206) User=0.00s Sys=0.01s Real=0.01s
[2022-05-19T09:53:08.103+0000][163][gc             ] GC(207) Concurrent Mark Cycle
[2022-05-19T09:53:08.103+0000][163][gc,marking     ] GC(207) Concurrent Clear Claimed Marks
[2022-05-19T09:53:08.103+0000][163][safepoint      ] Safepoint "G1CollectForAllocation", Time since last: 598589300 ns, Reaching safepoint: 238000 ns, At safepoint: 6801500 ns, Total: 7039500 ns
[2022-05-19T09:53:08.103+0000][163][gc,marking     ] GC(207) Concurrent Clear Claimed Marks 0.314ms
[2022-05-19T09:53:08.104+0000][163][gc,marking     ] GC(207) Concurrent Scan Root Regions
[2022-05-19T09:53:08.105+0000][163][gc,marking     ] GC(207) Concurrent Scan Root Regions 1.084ms
[2022-05-19T09:53:08.105+0000][163][gc,marking     ] GC(207) Concurrent Mark
[2022-05-19T09:53:08.105+0000][163][gc,marking     ] GC(207) Concurrent Mark From Roots
[2022-05-19T09:53:08.105+0000][163][gc,task        ] GC(207) Using 3 workers of 3 for marking
[2022-05-19T09:53:08.154+0000][163][gc,marking     ] GC(207) Concurrent Mark From Roots 49.098ms
[2022-05-19T09:53:08.154+0000][163][gc,marking     ] GC(207) Concurrent Preclean
[2022-05-19T09:53:08.155+0000][163][gc,marking     ] GC(207) Concurrent Preclean 0.876ms
[2022-05-19T09:53:08.156+0000][163][gc,start       ] GC(207) Pause Remark
[2022-05-19T09:53:08.160+0000][163][gc             ] GC(207) Pause Remark 333M->333M(512M) 4.305ms
[2022-05-19T09:53:08.160+0000][163][gc,cpu         ] GC(207) User=0.03s Sys=0.00s Real=0.01s
[2022-05-19T09:53:08.161+0000][163][safepoint      ] Safepoint "G1Concurrent", Time since last: 52979900 ns, Reaching safepoint: 285500 ns, At safepoint: 5055800 ns, Total: 5341300 ns
[2022-05-19T09:53:08.161+0000][163][gc,marking     ] GC(207) Concurrent Mark 56.368ms
[2022-05-19T09:53:08.161+0000][163][gc,marking     ] GC(207) Concurrent Rebuild Remembered Sets
[2022-05-19T09:53:08.184+0000][163][gc,marking     ] GC(207) Concurrent Rebuild Remembered Sets 22.466ms
[2022-05-19T09:53:08.184+0000][163][gc,start       ] GC(207) Pause Cleanup
[2022-05-19T09:53:08.185+0000][163][gc             ] GC(207) Pause Cleanup 334M->334M(512M) 0.533ms
[2022-05-19T09:53:08.185+0000][163][gc,cpu         ] GC(207) User=0.00s Sys=0.00s Real=0.00s
[2022-05-19T09:53:08.185+0000][163][safepoint      ] Safepoint "G1Concurrent", Time since last: 23137900 ns, Reaching safepoint: 380200 ns, At safepoint: 1023900 ns, Total: 1404100 ns
[2022-05-19T09:53:08.186+0000][163][gc,marking     ] GC(207) Concurrent Cleanup for Next Mark
[2022-05-19T09:53:08.186+0000][163][gc,marking     ] GC(207) Concurrent Cleanup for Next Mark 0.360ms
[2022-05-19T09:53:08.186+0000][163][gc             ] GC(207) Concurrent Mark Cycle 83.664ms
[2022-05-19T09:53:08.740+0000][163][gc,start       ] GC(208) Pause Young (Prepare Mixed) (G1 Evacuation Pause)
[2022-05-19T09:53:08.740+0000][163][gc,task        ] GC(208) Using 10 workers of 10 for evacuation
[2022-05-19T09:53:08.741+0000][163][gc,age         ] GC(208) Desired survivor size 6291456 bytes, new threshold 15 (max threshold 15)
[2022-05-19T09:53:08.743+0000][163][gc,age         ] GC(208) Age table with threshold 15 (max threshold 15)
[2022-05-19T09:53:08.743+0000][163][gc,age         ] GC(208) - age   1:    1151328 bytes,    1151328 total
[2022-05-19T09:53:08.743+0000][163][gc,age         ] GC(208) - age   2:    1356984 bytes,    2508312 total
[2022-05-19T09:53:08.743+0000][163][gc,age         ] GC(208) - age   3:     262272 bytes,    2770584 total
[2022-05-19T09:53:08.743+0000][163][gc,age         ] GC(208) - age   4:    1246096 bytes,    4016680 total
[2022-05-19T09:53:08.743+0000][163][gc,phases      ] GC(208)   Pre Evacuate Collection Set: 0.2ms
[2022-05-19T09:53:08.743+0000][163][gc,phases      ] GC(208)   Merge Heap Roots: 0.1ms
[2022-05-19T09:53:08.744+0000][163][gc,phases      ] GC(208)   Evacuate Collection Set: 0.9ms
[2022-05-19T09:53:08.744+0000][163][gc,phases      ] GC(208)   Post Evacuate Collection Set: 0.6ms
[2022-05-19T09:53:08.744+0000][163][gc,phases      ] GC(208)   Other: 1.5ms
[2022-05-19T09:53:08.744+0000][163][gc,heap        ] GC(208) Eden regions: 20->0(5)
[2022-05-19T09:53:08.744+0000][163][gc,heap        ] GC(208) Survivor regions: 1->1(3)
[2022-05-19T09:53:08.744+0000][163][gc,heap        ] GC(208) Old regions: 50->50
[2022-05-19T09:53:08.744+0000][163][gc,heap        ] GC(208) Archive regions: 2->2
[2022-05-19T09:53:08.744+0000][163][gc,heap        ] GC(208) Humongous regions: 32->32
[2022-05-19T09:53:08.745+0000][163][gc,metaspace   ] GC(208) Metaspace: 104016K(105344K)->104016K(105344K) NonClass: 89813K(90624K)->89813K(90624K) Class: 14202K(14720K)->14202K(14720K)
[2022-05-19T09:53:08.745+0000][163][gc             ] GC(208) Pause Young (Prepare Mixed) (G1 Evacuation Pause) 407M->328M(512M) 4.680ms
[2022-05-19T09:53:08.745+0000][163][gc,cpu         ] GC(208) User=0.01s Sys=0.00s Real=0.00s
[2022-05-19T09:53:08.745+0000][163][safepoint      ] Safepoint "G1CollectForAllocation", Time since last: 554412000 ns, Reaching safepoint: 192100 ns, At safepoint: 4981700 ns, Total: 5173800 ns
[2022-05-19T09:53:08.892+0000][163][gc,start       ] GC(209) Pause Young (Mixed) (G1 Evacuation Pause)
[2022-05-19T09:53:08.892+0000][163][gc,task        ] GC(209) Using 10 workers of 10 for evacuation
[2022-05-19T09:53:08.892+0000][163][gc,age         ] GC(209) Desired survivor size 2097152 bytes, new threshold 2 (max threshold 15)
[2022-05-19T09:53:08.895+0000][163][gc,age         ] GC(209) Age table with threshold 2 (max threshold 15)
[2022-05-19T09:53:08.895+0000][163][gc,age         ] GC(209) - age   1:     295872 bytes,     295872 total
[2022-05-19T09:53:08.895+0000][163][gc,age         ] GC(209) - age   2:    1150904 bytes,    1446776 total
[2022-05-19T09:53:08.895+0000][163][gc,phases      ] GC(209)   Pre Evacuate Collection Set: 0.2ms
[2022-05-19T09:53:08.896+0000][163][gc,phases      ] GC(209)   Merge Heap Roots: 0.2ms
[2022-05-19T09:53:08.896+0000][163][gc,phases      ] GC(209)   Evacuate Collection Set: 1.1ms
[2022-05-19T09:53:08.896+0000][163][gc,phases      ] GC(209)   Post Evacuate Collection Set: 0.7ms
[2022-05-19T09:53:08.896+0000][163][gc,phases      ] GC(209)   Other: 1.4ms
[2022-05-19T09:53:08.896+0000][163][gc,heap        ] GC(209) Eden regions: 5->0(21)
[2022-05-19T09:53:08.897+0000][163][gc,heap        ] GC(209) Survivor regions: 1->1(1)
[2022-05-19T09:53:08.897+0000][163][gc,heap        ] GC(209) Old regions: 50->50
[2022-05-19T09:53:08.897+0000][163][gc,heap        ] GC(209) Archive regions: 2->2
[2022-05-19T09:53:08.897+0000][163][gc,heap        ] GC(209) Humongous regions: 32->32
[2022-05-19T09:53:08.897+0000][163][gc,metaspace   ] GC(209) Metaspace: 104016K(105344K)->104016K(105344K) NonClass: 89813K(90624K)->89813K(90624K) Class: 14202K(14720K)->14202K(14720K)
[2022-05-19T09:53:08.897+0000][163][gc             ] GC(209) Pause Young (Mixed) (G1 Evacuation Pause) 348M->325M(512M) 5.304ms
[2022-05-19T09:53:08.897+0000][163][gc,cpu         ] GC(209) User=0.01s Sys=0.00s Real=0.00s
[2022-05-19T09:53:08.898+0000][163][safepoint      ] Safepoint "G1CollectForAllocation", Time since last: 146732600 ns, Reaching safepoint: 190400 ns, At safepoint: 5633600 ns, Total: 5824000 ns
[2022-05-19T09:53:09.549+0000][163][gc,start       ] GC(210) Pause Young (Concurrent Start) (G1 Evacuation Pause)
[2022-05-19T09:53:09.549+0000][163][gc,task        ] GC(210) Using 10 workers of 10 for evacuation
[2022-05-19T09:53:09.550+0000][163][gc,age         ] GC(210) Desired survivor size 6291456 bytes, new threshold 15 (max threshold 15)
[2022-05-19T09:53:09.552+0000][163][gc,age         ] GC(210) Age table with threshold 15 (max threshold 15)
[2022-05-19T09:53:09.552+0000][163][gc,age         ] GC(210) - age   1:    1414896 bytes,    1414896 total
[2022-05-19T09:53:09.553+0000][163][gc,age         ] GC(210) - age   2:     295488 bytes,    1710384 total
[2022-05-19T09:53:09.553+0000][163][gc,age         ] GC(210) - age   3:    1147440 bytes,    2857824 total
[2022-05-19T09:53:09.553+0000][163][gc,phases      ] GC(210)   Pre Evacuate Collection Set: 0.3ms
[2022-05-19T09:53:09.554+0000][163][gc,phases      ] GC(210)   Merge Heap Roots: 0.2ms
[2022-05-19T09:53:09.554+0000][163][gc,phases      ] GC(210)   Evacuate Collection Set: 1.2ms
[2022-05-19T09:53:09.554+0000][163][gc,phases      ] GC(210)   Post Evacuate Collection Set: 0.6ms
[2022-05-19T09:53:09.554+0000][163][gc,phases      ] GC(210)   Other: 1.9ms
[2022-05-19T09:53:09.554+0000][163][gc,heap        ] GC(210) Eden regions: 21->0(21)
[2022-05-19T09:53:09.555+0000][163][gc,heap        ] GC(210) Survivor regions: 1->1(3)
[2022-05-19T09:53:09.555+0000][163][gc,heap        ] GC(210) Old regions: 50->50
[2022-05-19T09:53:09.555+0000][163][gc,heap        ] GC(210) Archive regions: 2->2
[2022-05-19T09:53:09.555+0000][163][gc,heap        ] GC(210) Humongous regions: 32->32
[2022-05-19T09:53:09.555+0000][163][gc,metaspace   ] GC(210) Metaspace: 104016K(105344K)->104016K(105344K) NonClass: 89813K(90624K)->89813K(90624K) Class: 14202K(14720K)->14202K(14720K)
[2022-05-19T09:53:09.555+0000][163][gc             ] GC(210) Pause Young (Concurrent Start) (G1 Evacuation Pause) 409M->327M(512M) 6.312ms
[2022-05-19T09:53:09.556+0000][163][gc,cpu         ] GC(210) User=0.01s Sys=0.00s Real=0.00s
[2022-05-19T09:53:09.556+0000][163][safepoint      ] Safepoint "G1CollectForAllocation", Time since last: 651348800 ns, Reaching safepoint: 228600 ns, At safepoint: 6762400 ns, Total: 6991000 ns
[2022-05-19T09:53:09.556+0000][163][gc             ] GC(211) Concurrent Mark Cycle
[2022-05-19T09:53:09.556+0000][163][gc,marking     ] GC(211) Concurrent Clear Claimed Marks
[2022-05-19T09:53:09.556+0000][163][gc,marking     ] GC(211) Concurrent Clear Claimed Marks 0.218ms
[2022-05-19T09:53:09.557+0000][163][gc,marking     ] GC(211) Concurrent Scan Root Regions
[2022-05-19T09:53:09.558+0000][163][gc,marking     ] GC(211) Concurrent Scan Root Regions 1.090ms
[2022-05-19T09:53:09.558+0000][163][gc,marking     ] GC(211) Concurrent Mark
[2022-05-19T09:53:09.558+0000][163][gc,marking     ] GC(211) Concurrent Mark From Roots
[2022-05-19T09:53:09.558+0000][163][gc,task        ] GC(211) Using 3 workers of 3 for marking
[2022-05-19T09:53:09.605+0000][163][gc,marking     ] GC(211) Concurrent Mark From Roots 47.192ms
[2022-05-19T09:53:09.605+0000][163][gc,marking     ] GC(211) Concurrent Preclean
[2022-05-19T09:53:09.606+0000][163][gc,marking     ] GC(211) Concurrent Preclean 0.612ms
[2022-05-19T09:53:09.607+0000][163][gc,start       ] GC(211) Pause Remark
[2022-05-19T09:53:09.610+0000][163][gc             ] GC(211) Pause Remark 332M->332M(512M) 3.583ms
[2022-05-19T09:53:09.611+0000][163][gc,cpu         ] GC(211) User=0.02s Sys=0.00s Real=0.01s
[2022-05-19T09:53:09.611+0000][163][safepoint      ] Safepoint "G1Concurrent", Time since last: 50364600 ns, Reaching safepoint: 264300 ns, At safepoint: 4251800 ns, Total: 4516100 ns
[2022-05-19T09:53:09.611+0000][163][gc,marking     ] GC(211) Concurrent Mark 53.236ms
[2022-05-19T09:53:09.611+0000][163][gc,marking     ] GC(211) Concurrent Rebuild Remembered Sets
[2022-05-19T09:53:09.632+0000][163][gc,marking     ] GC(211) Concurrent Rebuild Remembered Sets 21.074ms
[2022-05-19T09:53:09.633+0000][163][gc,start       ] GC(211) Pause Cleanup
[2022-05-19T09:53:09.633+0000][163][gc             ] GC(211) Pause Cleanup 334M->334M(512M) 0.387ms
[2022-05-19T09:53:09.634+0000][163][gc,cpu         ] GC(211) User=0.00s Sys=0.00s Real=0.00s
[2022-05-19T09:53:09.634+0000][163][safepoint      ] Safepoint "G1Concurrent", Time since last: 21876300 ns, Reaching safepoint: 274300 ns, At safepoint: 744600 ns, Total: 1018900 ns
[2022-05-19T09:53:09.634+0000][163][gc,marking     ] GC(211) Concurrent Cleanup for Next Mark
[2022-05-19T09:53:09.634+0000][163][gc,marking     ] GC(211) Concurrent Cleanup for Next Mark 0.412ms
[2022-05-19T09:53:09.634+0000][163][gc             ] GC(211) Concurrent Mark Cycle 78.553ms
[2022-05-19T09:53:10.212+0000][163][gc,start       ] GC(212) Pause Young (Prepare Mixed) (G1 Evacuation Pause)
[2022-05-19T09:53:10.212+0000][163][gc,task        ] GC(212) Using 10 workers of 10 for evacuation
[2022-05-19T09:53:10.212+0000][163][gc,age         ] GC(212) Desired survivor size 6291456 bytes, new threshold 15 (max threshold 15)
[2022-05-19T09:53:10.215+0000][163][gc,age         ] GC(212) Age table with threshold 15 (max threshold 15)
[2022-05-19T09:53:10.215+0000][163][gc,age         ] GC(212) - age   1:    1182368 bytes,    1182368 total
[2022-05-19T09:53:10.215+0000][163][gc,age         ] GC(212) - age   2:    1413088 bytes,    2595456 total
[2022-05-19T09:53:10.216+0000][163][gc,age         ] GC(212) - age   3:     295120 bytes,    2890576 total
[2022-05-19T09:53:10.216+0000][163][gc,age         ] GC(212) - age   4:    1147440 bytes,    4038016 total
[2022-05-19T09:53:10.216+0000][163][gc,phases      ] GC(212)   Pre Evacuate Collection Set: 0.3ms
[2022-05-19T09:53:10.217+0000][163][gc,phases      ] GC(212)   Merge Heap Roots: 0.2ms
[2022-05-19T09:53:10.217+0000][163][gc,phases      ] GC(212)   Evacuate Collection Set: 0.9ms
[2022-05-19T09:53:10.217+0000][163][gc,phases      ] GC(212)   Post Evacuate Collection Set: 0.8ms
[2022-05-19T09:53:10.217+0000][163][gc,phases      ] GC(212)   Other: 2.5ms
[2022-05-19T09:53:10.218+0000][163][gc,heap        ] GC(212) Eden regions: 21->0(5)
[2022-05-19T09:53:10.218+0000][163][gc,heap        ] GC(212) Survivor regions: 1->1(3)
[2022-05-19T09:53:10.218+0000][163][gc,heap        ] GC(212) Old regions: 50->50
[2022-05-19T09:53:10.218+0000][163][gc,heap        ] GC(212) Archive regions: 2->2
[2022-05-19T09:53:10.219+0000][163][gc,heap        ] GC(212) Humongous regions: 32->32
[2022-05-19T09:53:10.219+0000][163][gc,metaspace   ] GC(212) Metaspace: 104016K(105344K)->104016K(105344K) NonClass: 89813K(90624K)->89813K(90624K) Class: 14202K(14720K)->14202K(14720K)
[2022-05-19T09:53:10.219+0000][163][gc             ] GC(212) Pause Young (Prepare Mixed) (G1 Evacuation Pause) 411M->328M(512M) 7.274ms
[2022-05-19T09:53:10.219+0000][163][gc,cpu         ] GC(212) User=0.01s Sys=0.00s Real=0.01s
[2022-05-19T09:53:10.219+0000][163][safepoint      ] Safepoint "G1CollectForAllocation", Time since last: 577678000 ns, Reaching safepoint: 295900 ns, At safepoint: 7597100 ns, Total: 7893000 ns
[2022-05-19T09:53:10.370+0000][163][gc,start       ] GC(213) Pause Young (Mixed) (G1 Evacuation Pause)
[2022-05-19T09:53:10.370+0000][163][gc,task        ] GC(213) Using 10 workers of 10 for evacuation
[2022-05-19T09:53:10.371+0000][163][gc,age         ] GC(213) Desired survivor size 2097152 bytes, new threshold 2 (max threshold 15)
[2022-05-19T09:53:10.373+0000][163][gc,age         ] GC(213) Age table with threshold 2 (max threshold 15)
[2022-05-19T09:53:10.373+0000][163][gc,age         ] GC(213) - age   1:     297520 bytes,     297520 total
[2022-05-19T09:53:10.374+0000][163][gc,age         ] GC(213) - age   2:    1182072 bytes,    1479592 total
[2022-05-19T09:53:10.374+0000][163][gc,phases      ] GC(213)   Pre Evacuate Collection Set: 0.2ms
[2022-05-19T09:53:10.374+0000][163][gc,phases      ] GC(213)   Merge Heap Roots: 0.1ms
[2022-05-19T09:53:10.374+0000][163][gc,phases      ] GC(213)   Evacuate Collection Set: 1.2ms
[2022-05-19T09:53:10.374+0000][163][gc,phases      ] GC(213)   Post Evacuate Collection Set: 0.7ms
[2022-05-19T09:53:10.374+0000][163][gc,phases      ] GC(213)   Other: 1.6ms
[2022-05-19T09:53:10.375+0000][163][gc,heap        ] GC(213) Eden regions: 5->0(21)
[2022-05-19T09:53:10.375+0000][163][gc,heap        ] GC(213) Survivor regions: 1->1(1)
[2022-05-19T09:53:10.375+0000][163][gc,heap        ] GC(213) Old regions: 50->50
[2022-05-19T09:53:10.375+0000][163][gc,heap        ] GC(213) Archive regions: 2->2
[2022-05-19T09:53:10.375+0000][163][gc,heap        ] GC(213) Humongous regions: 32->32
[2022-05-19T09:53:10.375+0000][163][gc,metaspace   ] GC(213) Metaspace: 104016K(105344K)->104016K(105344K) NonClass: 89813K(90624K)->89813K(90624K) Class: 14202K(14720K)->14202K(14720K)
[2022-05-19T09:53:10.375+0000][163][gc             ] GC(213) Pause Young (Mixed) (G1 Evacuation Pause) 348M->325M(512M) 5.361ms
[2022-05-19T09:53:10.376+0000][163][gc,cpu         ] GC(213) User=0.01s Sys=0.00s Real=0.00s
[2022-05-19T09:53:10.376+0000][163][safepoint      ] Safepoint "G1CollectForAllocation", Time since last: 150553700 ns, Reaching safepoint: 179700 ns, At safepoint: 5721100 ns, Total: 5900800 ns
[2022-05-19T09:53:11.017+0000][163][gc,start       ] GC(214) Pause Young (Concurrent Start) (G1 Evacuation Pause)
[2022-05-19T09:53:11.017+0000][163][gc,task        ] GC(214) Using 10 workers of 10 for evacuation
[2022-05-19T09:53:11.018+0000][163][gc,age         ] GC(214) Desired survivor size 6291456 bytes, new threshold 15 (max threshold 15)
[2022-05-19T09:53:11.020+0000][163][gc,age         ] GC(214) Age table with threshold 15 (max threshold 15)
[2022-05-19T09:53:11.021+0000][163][gc,age         ] GC(214) - age   1:    1183000 bytes,    1183000 total
[2022-05-19T09:53:11.021+0000][163][gc,age         ] GC(214) - age   2:     296992 bytes,    1479992 total
[2022-05-19T09:53:11.021+0000][163][gc,age         ] GC(214) - age   3:    1180288 bytes,    2660280 total
[2022-05-19T09:53:11.022+0000][163][gc,phases      ] GC(214)   Pre Evacuate Collection Set: 0.2ms
[2022-05-19T09:53:11.022+0000][163][gc,phases      ] GC(214)   Merge Heap Roots: 0.2ms
[2022-05-19T09:53:11.022+0000][163][gc,phases      ] GC(214)   Evacuate Collection Set: 1.1ms
[2022-05-19T09:53:11.022+0000][163][gc,phases      ] GC(214)   Post Evacuate Collection Set: 0.8ms
[2022-05-19T09:53:11.022+0000][163][gc,phases      ] GC(214)   Other: 2.1ms
[2022-05-19T09:53:11.023+0000][163][gc,heap        ] GC(214) Eden regions: 21->0(21)
[2022-05-19T09:53:11.023+0000][163][gc,heap        ] GC(214) Survivor regions: 1->1(3)
[2022-05-19T09:53:11.023+0000][163][gc,heap        ] GC(214) Old regions: 50->50
[2022-05-19T09:53:11.023+0000][163][gc,heap        ] GC(214) Archive regions: 2->2
[2022-05-19T09:53:11.023+0000][163][gc,heap        ] GC(214) Humongous regions: 32->32
[2022-05-19T09:53:11.023+0000][163][gc,metaspace   ] GC(214) Metaspace: 104016K(105344K)->104016K(105344K) NonClass: 89813K(90624K)->89813K(90624K) Class: 14202K(14720K)->14202K(14720K)
[2022-05-19T09:53:11.023+0000][163][gc             ] GC(214) Pause Young (Concurrent Start) (G1 Evacuation Pause) 409M->326M(512M) 6.172ms
[2022-05-19T09:53:11.023+0000][163][gc,cpu         ] GC(214) User=0.01s Sys=0.00s Real=0.01s
[2022-05-19T09:53:11.024+0000][163][safepoint      ] Safepoint "G1CollectForAllocation", Time since last: 641226200 ns, Reaching safepoint: 184300 ns, At safepoint: 6482700 ns, Total: 6667000 ns
[2022-05-19T09:53:11.024+0000][163][gc             ] GC(215) Concurrent Mark Cycle
[2022-05-19T09:53:11.024+0000][163][gc,marking     ] GC(215) Concurrent Clear Claimed Marks
[2022-05-19T09:53:11.024+0000][163][gc,marking     ] GC(215) Concurrent Clear Claimed Marks 0.160ms
[2022-05-19T09:53:11.024+0000][163][gc,marking     ] GC(215) Concurrent Scan Root Regions
[2022-05-19T09:53:11.025+0000][163][gc,marking     ] GC(215) Concurrent Scan Root Regions 0.864ms
[2022-05-19T09:53:11.025+0000][163][gc,marking     ] GC(215) Concurrent Mark
[2022-05-19T09:53:11.025+0000][163][gc,marking     ] GC(215) Concurrent Mark From Roots
[2022-05-19T09:53:11.025+0000][163][gc,task        ] GC(215) Using 3 workers of 3 for marking
[2022-05-19T09:53:11.067+0000][163][gc,marking     ] GC(215) Concurrent Mark From Roots 41.740ms
[2022-05-19T09:53:11.067+0000][163][gc,marking     ] GC(215) Concurrent Preclean
[2022-05-19T09:53:11.068+0000][163][gc,marking     ] GC(215) Concurrent Preclean 0.667ms
[2022-05-19T09:53:11.069+0000][163][gc,start       ] GC(215) Pause Remark
[2022-05-19T09:53:11.072+0000][163][gc             ] GC(215) Pause Remark 332M->332M(512M) 3.290ms
[2022-05-19T09:53:11.072+0000][163][gc,cpu         ] GC(215) User=0.02s Sys=0.00s Real=0.00s
[2022-05-19T09:53:11.072+0000][163][safepoint      ] Safepoint "G1Concurrent", Time since last: 44639800 ns, Reaching safepoint: 291300 ns, At safepoint: 3919600 ns, Total: 4210900 ns
[2022-05-19T09:53:11.073+0000][163][gc,marking     ] GC(215) Concurrent Mark 47.654ms
[2022-05-19T09:53:11.073+0000][163][gc,marking     ] GC(215) Concurrent Rebuild Remembered Sets
[2022-05-19T09:53:11.092+0000][163][gc,marking     ] GC(215) Concurrent Rebuild Remembered Sets 18.988ms
[2022-05-19T09:53:11.093+0000][163][gc,start       ] GC(215) Pause Cleanup
[2022-05-19T09:53:11.093+0000][163][gc             ] GC(215) Pause Cleanup 333M->333M(512M) 0.509ms
[2022-05-19T09:53:11.093+0000][163][gc,cpu         ] GC(215) User=0.00s Sys=0.00s Real=0.00s
[2022-05-19T09:53:11.094+0000][163][safepoint      ] Safepoint "G1Concurrent", Time since last: 19866300 ns, Reaching safepoint: 251900 ns, At safepoint: 994500 ns, Total: 1246400 ns
[2022-05-19T09:53:11.094+0000][163][gc,marking     ] GC(215) Concurrent Cleanup for Next Mark
[2022-05-19T09:53:11.094+0000][163][gc,marking     ] GC(215) Concurrent Cleanup for Next Mark 0.434ms
[2022-05-19T09:53:11.094+0000][163][gc             ] GC(215) Concurrent Mark Cycle 70.819ms
[2022-05-19T09:53:11.696+0000][163][gc,start       ] GC(216) Pause Young (Prepare Mixed) (G1 Evacuation Pause)
[2022-05-19T09:53:11.696+0000][163][gc,task        ] GC(216) Using 10 workers of 10 for evacuation
[2022-05-19T09:53:11.696+0000][163][gc,age         ] GC(216) Desired survivor size 6291456 bytes, new threshold 15 (max threshold 15)
[2022-05-19T09:53:11.699+0000][163][gc,age         ] GC(216) Age table with threshold 15 (max threshold 15)
[2022-05-19T09:53:11.699+0000][163][gc,age         ] GC(216) - age   1:    1440648 bytes,    1440648 total
[2022-05-19T09:53:11.699+0000][163][gc,age         ] GC(216) - age   2:    1180656 bytes,    2621304 total
[2022-05-19T09:53:11.699+0000][163][gc,age         ] GC(216) - age   3:     295056 bytes,    2916360 total
[2022-05-19T09:53:11.699+0000][163][gc,age         ] GC(216) - age   4:    1180288 bytes,    4096648 total
[2022-05-19T09:53:11.700+0000][163][gc,phases      ] GC(216)   Pre Evacuate Collection Set: 0.3ms
[2022-05-19T09:53:11.700+0000][163][gc,phases      ] GC(216)   Merge Heap Roots: 0.2ms
[2022-05-19T09:53:11.700+0000][163][gc,phases      ] GC(216)   Evacuate Collection Set: 1.0ms
[2022-05-19T09:53:11.700+0000][163][gc,phases      ] GC(216)   Post Evacuate Collection Set: 0.6ms
[2022-05-19T09:53:11.700+0000][163][gc,phases      ] GC(216)   Other: 2.0ms
[2022-05-19T09:53:11.701+0000][163][gc,heap        ] GC(216) Eden regions: 21->0(5)
[2022-05-19T09:53:11.701+0000][163][gc,heap        ] GC(216) Survivor regions: 1->1(3)
[2022-05-19T09:53:11.701+0000][163][gc,heap        ] GC(216) Old regions: 50->50
[2022-05-19T09:53:11.701+0000][163][gc,heap        ] GC(216) Archive regions: 2->2
[2022-05-19T09:53:11.701+0000][163][gc,heap        ] GC(216) Humongous regions: 32->32
[2022-05-19T09:53:11.701+0000][163][gc,metaspace   ] GC(216) Metaspace: 104016K(105344K)->104016K(105344K) NonClass: 89813K(90624K)->89813K(90624K) Class: 14202K(14720K)->14202K(14720K)
[2022-05-19T09:53:11.702+0000][163][gc             ] GC(216) Pause Young (Prepare Mixed) (G1 Evacuation Pause) 410M->327M(512M) 5.947ms
[2022-05-19T09:53:11.702+0000][163][gc,cpu         ] GC(216) User=0.01s Sys=0.00s Real=0.01s
[2022-05-19T09:53:11.702+0000][163][safepoint      ] Safepoint "G1CollectForAllocation", Time since last: 601823000 ns, Reaching safepoint: 254200 ns, At safepoint: 6324900 ns, Total: 6579100 ns
[2022-05-19T09:53:11.848+0000][163][gc,start       ] GC(217) Pause Young (Mixed) (G1 Evacuation Pause)
[2022-05-19T09:53:11.849+0000][163][gc,task        ] GC(217) Using 10 workers of 10 for evacuation
[2022-05-19T09:53:11.849+0000][163][gc,age         ] GC(217) Desired survivor size 2097152 bytes, new threshold 2 (max threshold 15)
[2022-05-19T09:53:11.852+0000][163][gc,age         ] GC(217) Age table with threshold 2 (max threshold 15)
[2022-05-19T09:53:11.853+0000][163][gc,age         ] GC(217) - age   1:     295816 bytes,     295816 total
[2022-05-19T09:53:11.853+0000][163][gc,age         ] GC(217) - age   2:    1440064 bytes,    1735880 total
[2022-05-19T09:53:11.853+0000][163][gc,phases      ] GC(217)   Pre Evacuate Collection Set: 0.3ms
[2022-05-19T09:53:11.854+0000][163][gc,phases      ] GC(217)   Merge Heap Roots: 0.2ms
[2022-05-19T09:53:11.854+0000][163][gc,phases      ] GC(217)   Evacuate Collection Set: 1.8ms
[2022-05-19T09:53:11.854+0000][163][gc,phases      ] GC(217)   Post Evacuate Collection Set: 1.0ms
[2022-05-19T09:53:11.854+0000][163][gc,phases      ] GC(217)   Other: 1.9ms
[2022-05-19T09:53:11.855+0000][163][gc,heap        ] GC(217) Eden regions: 5->0(21)
[2022-05-19T09:53:11.855+0000][163][gc,heap        ] GC(217) Survivor regions: 1->1(1)
[2022-05-19T09:53:11.855+0000][163][gc,heap        ] GC(217) Old regions: 50->50
[2022-05-19T09:53:11.855+0000][163][gc,heap        ] GC(217) Archive regions: 2->2
[2022-05-19T09:53:11.855+0000][163][gc,heap        ] GC(217) Humongous regions: 32->32
[2022-05-19T09:53:11.856+0000][163][gc,metaspace   ] GC(217) Metaspace: 104016K(105344K)->104016K(105344K) NonClass: 89813K(90624K)->89813K(90624K) Class: 14202K(14720K)->14202K(14720K)
[2022-05-19T09:53:11.856+0000][163][gc             ] GC(217) Pause Young (Mixed) (G1 Evacuation Pause) 347M->325M(512M) 7.487ms
[2022-05-19T09:53:11.856+0000][163][gc,cpu         ] GC(217) User=0.02s Sys=0.01s Real=0.00s
[2022-05-19T09:53:11.856+0000][163][safepoint      ] Safepoint "G1CollectForAllocation", Time since last: 145917500 ns, Reaching safepoint: 263800 ns, At safepoint: 7841900 ns, Total: 8105700 ns
[2022-05-19T09:53:12.533+0000][163][gc,start       ] GC(218) Pause Young (Concurrent Start) (G1 Evacuation Pause)
[2022-05-19T09:53:12.533+0000][163][gc,task        ] GC(218) Using 10 workers of 10 for evacuation
[2022-05-19T09:53:12.533+0000][163][gc,age         ] GC(218) Desired survivor size 6291456 bytes, new threshold 15 (max threshold 15)
[2022-05-19T09:53:12.536+0000][163][gc,age         ] GC(218) Age table with threshold 15 (max threshold 15)
[2022-05-19T09:53:12.536+0000][163][gc,age         ] GC(218) - age   1:    1633392 bytes,    1633392 total
[2022-05-19T09:53:12.536+0000][163][gc,age         ] GC(218) - age   2:     295488 bytes,    1928880 total
[2022-05-19T09:53:12.536+0000][163][gc,age         ] GC(218) - age   3:    1213440 bytes,    3142320 total
[2022-05-19T09:53:12.536+0000][163][gc,phases      ] GC(218)   Pre Evacuate Collection Set: 0.3ms
[2022-05-19T09:53:12.536+0000][163][gc,phases      ] GC(218)   Merge Heap Roots: 0.2ms
[2022-05-19T09:53:12.537+0000][163][gc,phases      ] GC(218)   Evacuate Collection Set: 1.2ms
[2022-05-19T09:53:12.537+0000][163][gc,phases      ] GC(218)   Post Evacuate Collection Set: 0.6ms
[2022-05-19T09:53:12.537+0000][163][gc,phases      ] GC(218)   Other: 1.5ms
[2022-05-19T09:53:12.537+0000][163][gc,heap        ] GC(218) Eden regions: 21->0(21)
[2022-05-19T09:53:12.537+0000][163][gc,heap        ] GC(218) Survivor regions: 1->1(3)
[2022-05-19T09:53:12.538+0000][163][gc,heap        ] GC(218) Old regions: 50->50
[2022-05-19T09:53:12.538+0000][163][gc,heap        ] GC(218) Archive regions: 2->2
[2022-05-19T09:53:12.538+0000][163][gc,heap        ] GC(218) Humongous regions: 32->32
[2022-05-19T09:53:12.538+0000][163][gc,metaspace   ] GC(218) Metaspace: 104016K(105344K)->104016K(105344K) NonClass: 89813K(90624K)->89813K(90624K) Class: 14202K(14720K)->14202K(14720K)
[2022-05-19T09:53:12.538+0000][163][gc             ] GC(218) Pause Young (Concurrent Start) (G1 Evacuation Pause) 409M->326M(512M) 5.621ms
[2022-05-19T09:53:12.538+0000][163][gc,cpu         ] GC(218) User=0.01s Sys=0.00s Real=0.01s
[2022-05-19T09:53:12.539+0000][163][gc             ] GC(219) Concurrent Mark Cycle
[2022-05-19T09:53:12.539+0000][163][gc,marking     ] GC(219) Concurrent Clear Claimed Marks
[2022-05-19T09:53:12.539+0000][163][safepoint      ] Safepoint "G1CollectForAllocation", Time since last: 676400700 ns, Reaching safepoint: 190600 ns, At safepoint: 6155900 ns, Total: 6346500 ns
[2022-05-19T09:53:12.539+0000][163][gc,marking     ] GC(219) Concurrent Clear Claimed Marks 0.269ms
[2022-05-19T09:53:12.540+0000][163][gc,marking     ] GC(219) Concurrent Scan Root Regions
[2022-05-19T09:53:12.541+0000][163][gc,marking     ] GC(219) Concurrent Scan Root Regions 1.523ms
[2022-05-19T09:53:12.541+0000][163][gc,marking     ] GC(219) Concurrent Mark
[2022-05-19T09:53:12.541+0000][163][gc,marking     ] GC(219) Concurrent Mark From Roots
[2022-05-19T09:53:12.542+0000][163][gc,task        ] GC(219) Using 3 workers of 3 for marking
[2022-05-19T09:53:12.597+0000][163][gc,marking     ] GC(219) Concurrent Mark From Roots 55.526ms
[2022-05-19T09:53:12.597+0000][163][gc,marking     ] GC(219) Concurrent Preclean
[2022-05-19T09:53:12.598+0000][163][gc,marking     ] GC(219) Concurrent Preclean 0.756ms
[2022-05-19T09:53:12.599+0000][163][gc,start       ] GC(219) Pause Remark
[2022-05-19T09:53:12.603+0000][163][gc             ] GC(219) Pause Remark 332M->332M(512M) 3.968ms
[2022-05-19T09:53:12.603+0000][163][gc,cpu         ] GC(219) User=0.02s Sys=0.00s Real=0.00s
[2022-05-19T09:53:12.603+0000][163][safepoint      ] Safepoint "G1Concurrent", Time since last: 59516000 ns, Reaching safepoint: 287400 ns, At safepoint: 4556600 ns, Total: 4844000 ns
[2022-05-19T09:53:12.603+0000][163][gc,marking     ] GC(219) Concurrent Mark 62.035ms
[2022-05-19T09:53:12.604+0000][163][gc,marking     ] GC(219) Concurrent Rebuild Remembered Sets
[2022-05-19T09:53:12.630+0000][163][gc,marking     ] GC(219) Concurrent Rebuild Remembered Sets 26.791ms
[2022-05-19T09:53:12.631+0000][163][gc,start       ] GC(219) Pause Cleanup
[2022-05-19T09:53:12.631+0000][163][gc             ] GC(219) Pause Cleanup 334M->334M(512M) 0.390ms
[2022-05-19T09:53:12.632+0000][163][gc,cpu         ] GC(219) User=0.00s Sys=0.00s Real=0.00s
[2022-05-19T09:53:12.632+0000][163][safepoint      ] Safepoint "G1Concurrent", Time since last: 27593100 ns, Reaching safepoint: 296500 ns, At safepoint: 761900 ns, Total: 1058400 ns
[2022-05-19T09:53:12.632+0000][163][gc,marking     ] GC(219) Concurrent Cleanup for Next Mark
[2022-05-19T09:53:12.632+0000][163][gc,marking     ] GC(219) Concurrent Cleanup for Next Mark 0.370ms
[2022-05-19T09:53:12.633+0000][163][gc             ] GC(219) Concurrent Mark Cycle 93.818ms
[2022-05-19T09:53:13.215+0000][163][gc,start       ] GC(220) Pause Young (Prepare Mixed) (G1 Evacuation Pause)
[2022-05-19T09:53:13.215+0000][163][gc,task        ] GC(220) Using 10 workers of 10 for evacuation
[2022-05-19T09:53:13.216+0000][163][gc,age         ] GC(220) Desired survivor size 6291456 bytes, new threshold 15 (max threshold 15)
[2022-05-19T09:53:13.218+0000][163][gc,age         ] GC(220) Age table with threshold 15 (max threshold 15)
[2022-05-19T09:53:13.218+0000][163][gc,age         ] GC(220) - age   1:    1213992 bytes,    1213992 total
[2022-05-19T09:53:13.218+0000][163][gc,age         ] GC(220) - age   2:    1632768 bytes,    2846760 total
[2022-05-19T09:53:13.219+0000][163][gc,age         ] GC(220) - age   3:     295120 bytes,    3141880 total
[2022-05-19T09:53:13.219+0000][163][gc,age         ] GC(220) - age   4:    1213416 bytes,    4355296 total
[2022-05-19T09:53:13.219+0000][163][gc,phases      ] GC(220)   Pre Evacuate Collection Set: 0.2ms
[2022-05-19T09:53:13.219+0000][163][gc,phases      ] GC(220)   Merge Heap Roots: 0.3ms
[2022-05-19T09:53:13.220+0000][163][gc,phases      ] GC(220)   Evacuate Collection Set: 1.1ms
[2022-05-19T09:53:13.220+0000][163][gc,phases      ] GC(220)   Post Evacuate Collection Set: 0.7ms
[2022-05-19T09:53:13.220+0000][163][gc,phases      ] GC(220)   Other: 2.0ms
[2022-05-19T09:53:13.220+0000][163][gc,heap        ] GC(220) Eden regions: 21->0(4)
[2022-05-19T09:53:13.220+0000][163][gc,heap        ] GC(220) Survivor regions: 1->2(3)
[2022-05-19T09:53:13.220+0000][163][gc,heap        ] GC(220) Old regions: 50->50
[2022-05-19T09:53:13.220+0000][163][gc,heap        ] GC(220) Archive regions: 2->2
[2022-05-19T09:53:13.221+0000][163][gc,heap        ] GC(220) Humongous regions: 32->32
[2022-05-19T09:53:13.221+0000][163][gc,metaspace   ] GC(220) Metaspace: 104016K(105344K)->104016K(105344K) NonClass: 89813K(90624K)->89813K(90624K) Class: 14202K(14720K)->14202K(14720K)
[2022-05-19T09:53:13.221+0000][163][gc             ] GC(220) Pause Young (Prepare Mixed) (G1 Evacuation Pause) 410M->327M(512M) 5.832ms
[2022-05-19T09:53:13.221+0000][163][gc,cpu         ] GC(220) User=0.01s Sys=0.00s Real=0.01s
[2022-05-19T09:53:13.221+0000][163][safepoint      ] Safepoint "G1CollectForAllocation", Time since last: 583004300 ns, Reaching safepoint: 246900 ns, At safepoint: 6209700 ns, Total: 6456600 ns
[2022-05-19T09:53:13.342+0000][163][gc,start       ] GC(221) Pause Young (Mixed) (G1 Evacuation Pause)
[2022-05-19T09:53:13.342+0000][163][gc,task        ] GC(221) Using 10 workers of 10 for evacuation
[2022-05-19T09:53:13.342+0000][163][gc,age         ] GC(221) Desired survivor size 2097152 bytes, new threshold 2 (max threshold 15)
[2022-05-19T09:53:13.345+0000][163][gc,age         ] GC(221) Age table with threshold 2 (max threshold 15)
[2022-05-19T09:53:13.345+0000][163][gc,age         ] GC(221) - age   1:     199640 bytes,     199640 total
[2022-05-19T09:53:13.345+0000][163][gc,age         ] GC(221) - age   2:    1213648 bytes,    1413288 total
[2022-05-19T09:53:13.346+0000][163][gc,phases      ] GC(221)   Pre Evacuate Collection Set: 0.2ms
[2022-05-19T09:53:13.346+0000][163][gc,phases      ] GC(221)   Merge Heap Roots: 0.1ms
[2022-05-19T09:53:13.346+0000][163][gc,phases      ] GC(221)   Evacuate Collection Set: 1.2ms
[2022-05-19T09:53:13.346+0000][163][gc,phases      ] GC(221)   Post Evacuate Collection Set: 0.7ms
[2022-05-19T09:53:13.346+0000][163][gc,phases      ] GC(221)   Other: 1.7ms
[2022-05-19T09:53:13.346+0000][163][gc,heap        ] GC(221) Eden regions: 4->0(21)
[2022-05-19T09:53:13.347+0000][163][gc,heap        ] GC(221) Survivor regions: 2->1(1)
[2022-05-19T09:53:13.347+0000][163][gc,heap        ] GC(221) Old regions: 50->50
[2022-05-19T09:53:13.347+0000][163][gc,heap        ] GC(221) Archive regions: 2->2
[2022-05-19T09:53:13.347+0000][163][gc,heap        ] GC(221) Humongous regions: 32->32
[2022-05-19T09:53:13.347+0000][163][gc,metaspace   ] GC(221) Metaspace: 104016K(105344K)->104016K(105344K) NonClass: 89813K(90624K)->89813K(90624K) Class: 14202K(14720K)->14202K(14720K)
[2022-05-19T09:53:13.347+0000][163][gc             ] GC(221) Pause Young (Mixed) (G1 Evacuation Pause) 343M->325M(512M) 5.496ms
[2022-05-19T09:53:13.347+0000][163][gc,cpu         ] GC(221) User=0.01s Sys=0.00s Real=0.00s
[2022-05-19T09:53:13.347+0000][163][safepoint      ] Safepoint "G1CollectForAllocation", Time since last: 120276800 ns, Reaching safepoint: 191900 ns, At safepoint: 5820000 ns, Total: 6011900 ns
[2022-05-19T09:53:14.028+0000][163][gc,start       ] GC(222) Pause Young (Concurrent Start) (G1 Evacuation Pause)
[2022-05-19T09:53:14.028+0000][163][gc,task        ] GC(222) Using 10 workers of 10 for evacuation
[2022-05-19T09:53:14.029+0000][163][gc,age         ] GC(222) Desired survivor size 6291456 bytes, new threshold 15 (max threshold 15)
[2022-05-19T09:53:14.031+0000][163][gc,age         ] GC(222) Age table with threshold 15 (max threshold 15)
[2022-05-19T09:53:14.031+0000][163][gc,age         ] GC(222) - age   1:    1216464 bytes,    1216464 total
[2022-05-19T09:53:14.031+0000][163][gc,age         ] GC(222) - age   2:     199256 bytes,    1415720 total
[2022-05-19T09:53:14.032+0000][163][gc,age         ] GC(222) - age   3:    1213280 bytes,    2629000 total
[2022-05-19T09:53:14.032+0000][163][gc,phases      ] GC(222)   Pre Evacuate Collection Set: 0.3ms
[2022-05-19T09:53:14.032+0000][163][gc,phases      ] GC(222)   Merge Heap Roots: 0.2ms
[2022-05-19T09:53:14.032+0000][163][gc,phases      ] GC(222)   Evacuate Collection Set: 1.1ms
[2022-05-19T09:53:14.033+0000][163][gc,phases      ] GC(222)   Post Evacuate Collection Set: 0.5ms
[2022-05-19T09:53:14.033+0000][163][gc,phases      ] GC(222)   Other: 1.9ms
[2022-05-19T09:53:14.033+0000][163][gc,heap        ] GC(222) Eden regions: 21->0(21)
[2022-05-19T09:53:14.033+0000][163][gc,heap        ] GC(222) Survivor regions: 1->1(3)
[2022-05-19T09:53:14.033+0000][163][gc,heap        ] GC(222) Old regions: 50->50
[2022-05-19T09:53:14.033+0000][163][gc,heap        ] GC(222) Archive regions: 2->2
[2022-05-19T09:53:14.033+0000][163][gc,heap        ] GC(222) Humongous regions: 32->32
[2022-05-19T09:53:14.034+0000][163][gc,metaspace   ] GC(222) Metaspace: 104016K(105344K)->104016K(105344K) NonClass: 89813K(90624K)->89813K(90624K) Class: 14202K(14720K)->14202K(14720K)
[2022-05-19T09:53:14.034+0000][163][gc             ] GC(222) Pause Young (Concurrent Start) (G1 Evacuation Pause) 409M->327M(512M) 5.779ms
[2022-05-19T09:53:14.034+0000][163][gc,cpu         ] GC(222) User=0.01s Sys=0.00s Real=0.01s
[2022-05-19T09:53:14.034+0000][163][safepoint      ] Safepoint "G1CollectForAllocation", Time since last: 680278500 ns, Reaching safepoint: 196500 ns, At safepoint: 6074600 ns, Total: 6271100 ns
[2022-05-19T09:53:14.034+0000][163][gc             ] GC(223) Concurrent Mark Cycle
[2022-05-19T09:53:14.034+0000][163][gc,marking     ] GC(223) Concurrent Clear Claimed Marks
[2022-05-19T09:53:14.035+0000][163][gc,marking     ] GC(223) Concurrent Clear Claimed Marks 0.194ms
[2022-05-19T09:53:14.035+0000][163][gc,marking     ] GC(223) Concurrent Scan Root Regions
[2022-05-19T09:53:14.036+0000][163][gc,marking     ] GC(223) Concurrent Scan Root Regions 1.148ms
[2022-05-19T09:53:14.036+0000][163][gc,marking     ] GC(223) Concurrent Mark
[2022-05-19T09:53:14.037+0000][163][gc,marking     ] GC(223) Concurrent Mark From Roots
[2022-05-19T09:53:14.037+0000][163][gc,task        ] GC(223) Using 3 workers of 3 for marking
[2022-05-19T09:53:14.082+0000][163][gc,marking     ] GC(223) Concurrent Mark From Roots 45.417ms
[2022-05-19T09:53:14.082+0000][163][gc,marking     ] GC(223) Concurrent Preclean
[2022-05-19T09:53:14.083+0000][163][gc,marking     ] GC(223) Concurrent Preclean 0.651ms
[2022-05-19T09:53:14.083+0000][163][gc,start       ] GC(223) Pause Remark
[2022-05-19T09:53:14.087+0000][163][gc             ] GC(223) Pause Remark 332M->332M(512M) 4.044ms
[2022-05-19T09:53:14.088+0000][163][gc,cpu         ] GC(223) User=0.03s Sys=0.00s Real=0.00s
[2022-05-19T09:53:14.088+0000][163][safepoint      ] Safepoint "G1Concurrent", Time since last: 49033300 ns, Reaching safepoint: 255400 ns, At safepoint: 4788500 ns, Total: 5043900 ns
[2022-05-19T09:53:14.089+0000][163][gc,marking     ] GC(223) Concurrent Mark 52.312ms
[2022-05-19T09:53:14.089+0000][163][gc,marking     ] GC(223) Concurrent Rebuild Remembered Sets
[2022-05-19T09:53:14.107+0000][163][gc,marking     ] GC(223) Concurrent Rebuild Remembered Sets 17.836ms
[2022-05-19T09:53:14.107+0000][163][gc,start       ] GC(223) Pause Cleanup
[2022-05-19T09:53:14.108+0000][163][gc             ] GC(223) Pause Cleanup 335M->335M(512M) 0.433ms
[2022-05-19T09:53:14.108+0000][163][gc,cpu         ] GC(223) User=0.00s Sys=0.00s Real=0.00s
[2022-05-19T09:53:14.108+0000][163][safepoint      ] Safepoint "G1Concurrent", Time since last: 18966700 ns, Reaching safepoint: 260000 ns, At safepoint: 935200 ns, Total: 1195200 ns
[2022-05-19T09:53:14.108+0000][163][gc,marking     ] GC(223) Concurrent Cleanup for Next Mark
[2022-05-19T09:53:14.109+0000][163][gc,marking     ] GC(223) Concurrent Cleanup for Next Mark 0.352ms
[2022-05-19T09:53:14.109+0000][163][gc             ] GC(223) Concurrent Mark Cycle 74.864ms
[2022-05-19T09:53:14.687+0000][163][gc,start       ] GC(224) Pause Young (Prepare Mixed) (G1 Evacuation Pause)
[2022-05-19T09:53:14.687+0000][163][gc,task        ] GC(224) Using 10 workers of 10 for evacuation
[2022-05-19T09:53:14.688+0000][163][gc,age         ] GC(224) Desired survivor size 6291456 bytes, new threshold 15 (max threshold 15)
[2022-05-19T09:53:14.691+0000][163][gc,age         ] GC(224) Age table with threshold 15 (max threshold 15)
[2022-05-19T09:53:14.691+0000][163][gc,age         ] GC(224) - age   1:    1218320 bytes,    1218320 total
[2022-05-19T09:53:14.691+0000][163][gc,age         ] GC(224) - age   2:    1213440 bytes,    2431760 total
[2022-05-19T09:53:14.691+0000][163][gc,age         ] GC(224) - age   3:     197320 bytes,    2629080 total
[2022-05-19T09:53:14.692+0000][163][gc,age         ] GC(224) - age   4:    1213256 bytes,    3842336 total
[2022-05-19T09:53:14.692+0000][163][gc,phases      ] GC(224)   Pre Evacuate Collection Set: 0.2ms
[2022-05-19T09:53:14.692+0000][163][gc,phases      ] GC(224)   Merge Heap Roots: 0.2ms
[2022-05-19T09:53:14.692+0000][163][gc,phases      ] GC(224)   Evacuate Collection Set: 1.7ms
[2022-05-19T09:53:14.692+0000][163][gc,phases      ] GC(224)   Post Evacuate Collection Set: 0.7ms
[2022-05-19T09:53:14.692+0000][163][gc,phases      ] GC(224)   Other: 2.2ms
[2022-05-19T09:53:14.692+0000][163][gc,heap        ] GC(224) Eden regions: 21->0(5)
[2022-05-19T09:53:14.693+0000][163][gc,heap        ] GC(224) Survivor regions: 1->1(3)
[2022-05-19T09:53:14.693+0000][163][gc,heap        ] GC(224) Old regions: 50->50
[2022-05-19T09:53:14.693+0000][163][gc,heap        ] GC(224) Archive regions: 2->2
[2022-05-19T09:53:14.693+0000][163][gc,heap        ] GC(224) Humongous regions: 32->32
[2022-05-19T09:53:14.693+0000][163][gc,metaspace   ] GC(224) Metaspace: 104016K(105344K)->104016K(105344K) NonClass: 89813K(90624K)->89813K(90624K) Class: 14202K(14720K)->14202K(14720K)
[2022-05-19T09:53:14.693+0000][163][gc             ] GC(224) Pause Young (Prepare Mixed) (G1 Evacuation Pause) 411M->328M(512M) 6.413ms
[2022-05-19T09:53:14.693+0000][163][gc,cpu         ] GC(224) User=0.00s Sys=0.02s Real=0.01s
[2022-05-19T09:53:14.694+0000][163][safepoint      ] Safepoint "G1CollectForAllocation", Time since last: 578240200 ns, Reaching safepoint: 304000 ns, At safepoint: 6734700 ns, Total: 7038700 ns
[2022-05-19T09:53:14.842+0000][163][gc,start       ] GC(225) Pause Young (Mixed) (G1 Evacuation Pause)
[2022-05-19T09:53:14.843+0000][163][gc,task        ] GC(225) Using 10 workers of 10 for evacuation
[2022-05-19T09:53:14.843+0000][163][gc,age         ] GC(225) Desired survivor size 2097152 bytes, new threshold 2 (max threshold 15)
[2022-05-19T09:53:14.845+0000][163][gc,age         ] GC(225) Age table with threshold 2 (max threshold 15)
[2022-05-19T09:53:14.845+0000][163][gc,age         ] GC(225) - age   1:     299456 bytes,     299456 total
[2022-05-19T09:53:14.846+0000][163][gc,age         ] GC(225) - age   2:    1217920 bytes,    1517376 total
[2022-05-19T09:53:14.846+0000][163][gc,phases      ] GC(225)   Pre Evacuate Collection Set: 0.2ms
[2022-05-19T09:53:14.846+0000][163][gc,phases      ] GC(225)   Merge Heap Roots: 0.1ms
[2022-05-19T09:53:14.846+0000][163][gc,phases      ] GC(225)   Evacuate Collection Set: 1.2ms
[2022-05-19T09:53:14.846+0000][163][gc,phases      ] GC(225)   Post Evacuate Collection Set: 0.6ms
[2022-05-19T09:53:14.846+0000][163][gc,phases      ] GC(225)   Other: 1.3ms
[2022-05-19T09:53:14.847+0000][163][gc,heap        ] GC(225) Eden regions: 5->0(21)
[2022-05-19T09:53:14.847+0000][163][gc,heap        ] GC(225) Survivor regions: 1->1(1)
[2022-05-19T09:53:14.847+0000][163][gc,heap        ] GC(225) Old regions: 50->50
[2022-05-19T09:53:14.847+0000][163][gc,heap        ] GC(225) Archive regions: 2->2
[2022-05-19T09:53:14.847+0000][163][gc,heap        ] GC(225) Humongous regions: 32->32
[2022-05-19T09:53:14.847+0000][163][gc,metaspace   ] GC(225) Metaspace: 104016K(105344K)->104016K(105344K) NonClass: 89813K(90624K)->89813K(90624K) Class: 14202K(14720K)->14202K(14720K)
[2022-05-19T09:53:14.847+0000][163][gc             ] GC(225) Pause Young (Mixed) (G1 Evacuation Pause) 348M->327M(512M) 4.957ms
[2022-05-19T09:53:14.847+0000][163][gc,cpu         ] GC(225) User=0.01s Sys=0.00s Real=0.00s
[2022-05-19T09:53:14.848+0000][163][safepoint      ] Safepoint "G1CollectForAllocation", Time since last: 148630500 ns, Reaching safepoint: 188600 ns, At safepoint: 5262400 ns, Total: 5451000 ns
[2022-05-19T09:53:15.498+0000][163][gc,start       ] GC(226) Pause Young (Concurrent Start) (G1 Evacuation Pause)
[2022-05-19T09:53:15.498+0000][163][gc,task        ] GC(226) Using 10 workers of 10 for evacuation
[2022-05-19T09:53:15.498+0000][163][gc,age         ] GC(226) Desired survivor size 6291456 bytes, new threshold 15 (max threshold 15)
[2022-05-19T09:53:15.501+0000][163][gc,age         ] GC(226) Age table with threshold 15 (max threshold 15)
[2022-05-19T09:53:15.502+0000][163][gc,age         ] GC(226) - age   1:    1182984 bytes,    1182984 total
[2022-05-19T09:53:15.502+0000][163][gc,age         ] GC(226) - age   2:     299096 bytes,    1482080 total
[2022-05-19T09:53:15.502+0000][163][gc,age         ] GC(226) - age   3:    1215760 bytes,    2697840 total
[2022-05-19T09:53:15.503+0000][163][gc,phases      ] GC(226)   Pre Evacuate Collection Set: 0.4ms
[2022-05-19T09:53:15.503+0000][163][gc,phases      ] GC(226)   Merge Heap Roots: 0.2ms
[2022-05-19T09:53:15.503+0000][163][gc,phases      ] GC(226)   Evacuate Collection Set: 1.4ms
[2022-05-19T09:53:15.503+0000][163][gc,phases      ] GC(226)   Post Evacuate Collection Set: 0.7ms
[2022-05-19T09:53:15.503+0000][163][gc,phases      ] GC(226)   Other: 2.4ms
[2022-05-19T09:53:15.504+0000][163][gc,heap        ] GC(226) Eden regions: 21->0(22)
[2022-05-19T09:53:15.504+0000][163][gc,heap        ] GC(226) Survivor regions: 1->1(3)
[2022-05-19T09:53:15.504+0000][163][gc,heap        ] GC(226) Old regions: 50->50
[2022-05-19T09:53:15.504+0000][163][gc,heap        ] GC(226) Archive regions: 2->2
[2022-05-19T09:53:15.504+0000][163][gc,heap        ] GC(226) Humongous regions: 32->32
[2022-05-19T09:53:15.504+0000][163][gc,metaspace   ] GC(226) Metaspace: 104016K(105344K)->104016K(105344K) NonClass: 89813K(90624K)->89813K(90624K) Class: 14202K(14720K)->14202K(14720K)
[2022-05-19T09:53:15.505+0000][163][gc             ] GC(226) Pause Young (Concurrent Start) (G1 Evacuation Pause) 411M->328M(512M) 7.025ms
[2022-05-19T09:53:15.505+0000][163][gc,cpu         ] GC(226) User=0.02s Sys=0.00s Real=0.01s
[2022-05-19T09:53:15.505+0000][163][gc             ] GC(227) Concurrent Mark Cycle
[2022-05-19T09:53:15.505+0000][163][gc,marking     ] GC(227) Concurrent Clear Claimed Marks
[2022-05-19T09:53:15.505+0000][163][safepoint      ] Safepoint "G1CollectForAllocation", Time since last: 649625800 ns, Reaching safepoint: 241300 ns, At safepoint: 7459900 ns, Total: 7701200 ns
[2022-05-19T09:53:15.505+0000][163][gc,marking     ] GC(227) Concurrent Clear Claimed Marks 0.178ms
[2022-05-19T09:53:15.506+0000][163][gc,marking     ] GC(227) Concurrent Scan Root Regions
[2022-05-19T09:53:15.506+0000][163][gc,marking     ] GC(227) Concurrent Scan Root Regions 0.942ms
[2022-05-19T09:53:15.507+0000][163][gc,marking     ] GC(227) Concurrent Mark
[2022-05-19T09:53:15.507+0000][163][gc,marking     ] GC(227) Concurrent Mark From Roots
[2022-05-19T09:53:15.507+0000][163][gc,task        ] GC(227) Using 3 workers of 3 for marking
[2022-05-19T09:53:15.551+0000][163][gc,marking     ] GC(227) Concurrent Mark From Roots 43.827ms
[2022-05-19T09:53:15.551+0000][163][gc,marking     ] GC(227) Concurrent Preclean
[2022-05-19T09:53:15.552+0000][163][gc,marking     ] GC(227) Concurrent Preclean 0.739ms
[2022-05-19T09:53:15.552+0000][163][gc,start       ] GC(227) Pause Remark
[2022-05-19T09:53:15.556+0000][163][gc             ] GC(227) Pause Remark 334M->334M(512M) 3.383ms
[2022-05-19T09:53:15.556+0000][163][gc,cpu         ] GC(227) User=0.02s Sys=0.00s Real=0.00s
[2022-05-19T09:53:15.556+0000][163][safepoint      ] Safepoint "G1Concurrent", Time since last: 47063100 ns, Reaching safepoint: 252400 ns, At safepoint: 4083800 ns, Total: 4336200 ns
[2022-05-19T09:53:15.557+0000][163][gc,marking     ] GC(227) Concurrent Mark 50.076ms
[2022-05-19T09:53:15.557+0000][163][gc,marking     ] GC(227) Concurrent Rebuild Remembered Sets
[2022-05-19T09:53:15.577+0000][163][gc,marking     ] GC(227) Concurrent Rebuild Remembered Sets 20.361ms
[2022-05-19T09:53:15.578+0000][163][gc,start       ] GC(227) Pause Cleanup
[2022-05-19T09:53:15.578+0000][163][gc             ] GC(227) Pause Cleanup 336M->336M(512M) 0.387ms
[2022-05-19T09:53:15.578+0000][163][gc,cpu         ] GC(227) User=0.00s Sys=0.00s Real=0.01s
[2022-05-19T09:53:15.579+0000][163][safepoint      ] Safepoint "G1Concurrent", Time since last: 21265100 ns, Reaching safepoint: 252300 ns, At safepoint: 815300 ns, Total: 1067600 ns
[2022-05-19T09:53:15.579+0000][163][gc,marking     ] GC(227) Concurrent Cleanup for Next Mark
[2022-05-19T09:53:15.579+0000][163][gc,marking     ] GC(227) Concurrent Cleanup for Next Mark 0.405ms
[2022-05-19T09:53:15.580+0000][163][gc             ] GC(227) Concurrent Mark Cycle 74.623ms
[2022-05-19T09:53:16.198+0000][163][gc,start       ] GC(228) Pause Young (Prepare Mixed) (G1 Evacuation Pause)
[2022-05-19T09:53:16.199+0000][163][gc,task        ] GC(228) Using 10 workers of 10 for evacuation
[2022-05-19T09:53:16.199+0000][163][gc,age         ] GC(228) Desired survivor size 6291456 bytes, new threshold 15 (max threshold 15)
[2022-05-19T09:53:16.201+0000][163][gc,age         ] GC(228) Age table with threshold 15 (max threshold 15)
[2022-05-19T09:53:16.202+0000][163][gc,age         ] GC(228) - age   1:    1532640 bytes,    1532640 total
[2022-05-19T09:53:16.202+0000][163][gc,age         ] GC(228) - age   2:    1182352 bytes,    2714992 total
[2022-05-19T09:53:16.202+0000][163][gc,age         ] GC(228) - age   3:     298664 bytes,    3013656 total
[2022-05-19T09:53:16.202+0000][163][gc,age         ] GC(228) - age   4:    1213008 bytes,    4226664 total
[2022-05-19T09:53:16.203+0000][163][gc,phases      ] GC(228)   Pre Evacuate Collection Set: 0.2ms
[2022-05-19T09:53:16.203+0000][163][gc,phases      ] GC(228)   Merge Heap Roots: 0.1ms
[2022-05-19T09:53:16.203+0000][163][gc,phases      ] GC(228)   Evacuate Collection Set: 1.0ms
[2022-05-19T09:53:16.203+0000][163][gc,phases      ] GC(228)   Post Evacuate Collection Set: 0.6ms
[2022-05-19T09:53:16.203+0000][163][gc,phases      ] GC(228)   Other: 2.2ms
[2022-05-19T09:53:16.204+0000][163][gc,heap        ] GC(228) Eden regions: 22->0(4)
[2022-05-19T09:53:16.204+0000][163][gc,heap        ] GC(228) Survivor regions: 1->2(3)
[2022-05-19T09:53:16.204+0000][163][gc,heap        ] GC(228) Old regions: 50->50
[2022-05-19T09:53:16.204+0000][163][gc,heap        ] GC(228) Archive regions: 2->2
[2022-05-19T09:53:16.204+0000][163][gc,heap        ] GC(228) Humongous regions: 32->32
[2022-05-19T09:53:16.204+0000][163][gc,metaspace   ] GC(228) Metaspace: 104016K(105344K)->104016K(105344K) NonClass: 89813K(90624K)->89813K(90624K) Class: 14202K(14720K)->14202K(14720K)
[2022-05-19T09:53:16.205+0000][163][gc             ] GC(228) Pause Young (Prepare Mixed) (G1 Evacuation Pause) 416M->330M(512M) 6.187ms
[2022-05-19T09:53:16.205+0000][163][gc,cpu         ] GC(228) User=0.01s Sys=0.00s Real=0.00s
[2022-05-19T09:53:16.205+0000][163][safepoint      ] Safepoint "G1CollectForAllocation", Time since last: 619450600 ns, Reaching safepoint: 262500 ns, At safepoint: 6550100 ns, Total: 6812600 ns
[2022-05-19T09:53:16.321+0000][163][gc,start       ] GC(229) Pause Young (Mixed) (G1 Evacuation Pause)
[2022-05-19T09:53:16.321+0000][163][gc,task        ] GC(229) Using 10 workers of 10 for evacuation
[2022-05-19T09:53:16.321+0000][163][gc,age         ] GC(229) Desired survivor size 2097152 bytes, new threshold 2 (max threshold 15)
[2022-05-19T09:53:16.324+0000][163][gc,age         ] GC(229) Age table with threshold 2 (max threshold 15)
[2022-05-19T09:53:16.324+0000][163][gc,age         ] GC(229) - age   1:     231728 bytes,     231728 total
[2022-05-19T09:53:16.324+0000][163][gc,age         ] GC(229) - age   2:    1532264 bytes,    1763992 total
[2022-05-19T09:53:16.324+0000][163][gc,phases      ] GC(229)   Pre Evacuate Collection Set: 0.2ms
[2022-05-19T09:53:16.325+0000][163][gc,phases      ] GC(229)   Merge Heap Roots: 0.1ms
[2022-05-19T09:53:16.325+0000][163][gc,phases      ] GC(229)   Evacuate Collection Set: 1.3ms
[2022-05-19T09:53:16.325+0000][163][gc,phases      ] GC(229)   Post Evacuate Collection Set: 0.5ms
[2022-05-19T09:53:16.325+0000][163][gc,phases      ] GC(229)   Other: 1.5ms
[2022-05-19T09:53:16.325+0000][163][gc,heap        ] GC(229) Eden regions: 4->0(22)
[2022-05-19T09:53:16.326+0000][163][gc,heap        ] GC(229) Survivor regions: 2->1(1)
[2022-05-19T09:53:16.326+0000][163][gc,heap        ] GC(229) Old regions: 50->50
[2022-05-19T09:53:16.326+0000][163][gc,heap        ] GC(229) Archive regions: 2->2
[2022-05-19T09:53:16.326+0000][163][gc,heap        ] GC(229) Humongous regions: 32->32
[2022-05-19T09:53:16.326+0000][163][gc,metaspace   ] GC(229) Metaspace: 104016K(105344K)->104016K(105344K) NonClass: 89813K(90624K)->89813K(90624K) Class: 14202K(14720K)->14202K(14720K)
[2022-05-19T09:53:16.326+0000][163][gc             ] GC(229) Pause Young (Mixed) (G1 Evacuation Pause) 346M->330M(512M) 5.510ms
[2022-05-19T09:53:16.326+0000][163][gc,cpu         ] GC(229) User=0.02s Sys=0.00s Real=0.00s
[2022-05-19T09:53:16.327+0000][163][safepoint      ] Safepoint "G1CollectForAllocation", Time since last: 115622800 ns, Reaching safepoint: 183800 ns, At safepoint: 5819100 ns, Total: 6002900 ns
[2022-05-19T09:53:17.007+0000][163][gc,start       ] GC(230) Pause Young (Concurrent Start) (G1 Evacuation Pause)
[2022-05-19T09:53:17.008+0000][163][gc,task        ] GC(230) Using 10 workers of 10 for evacuation
[2022-05-19T09:53:17.008+0000][163][gc,age         ] GC(230) Desired survivor size 6291456 bytes, new threshold 15 (max threshold 15)
[2022-05-19T09:53:17.010+0000][163][gc,age         ] GC(230) Age table with threshold 15 (max threshold 15)
[2022-05-19T09:53:17.011+0000][163][gc,age         ] GC(230) - age   1:    1247544 bytes,    1247544 total
[2022-05-19T09:53:17.011+0000][163][gc,age         ] GC(230) - age   2:     231392 bytes,    1478936 total
[2022-05-19T09:53:17.011+0000][163][gc,age         ] GC(230) - age   3:    1531672 bytes,    3010608 total
[2022-05-19T09:53:17.011+0000][163][gc,phases      ] GC(230)   Pre Evacuate Collection Set: 0.3ms
[2022-05-19T09:53:17.011+0000][163][gc,phases      ] GC(230)   Merge Heap Roots: 0.2ms
[2022-05-19T09:53:17.012+0000][163][gc,phases      ] GC(230)   Evacuate Collection Set: 1.2ms
[2022-05-19T09:53:17.012+0000][163][gc,phases      ] GC(230)   Post Evacuate Collection Set: 0.6ms
[2022-05-19T09:53:17.012+0000][163][gc,phases      ] GC(230)   Other: 1.6ms
[2022-05-19T09:53:17.012+0000][163][gc,heap        ] GC(230) Eden regions: 22->0(22)
[2022-05-19T09:53:17.012+0000][163][gc,heap        ] GC(230) Survivor regions: 1->1(3)
[2022-05-19T09:53:17.012+0000][163][gc,heap        ] GC(230) Old regions: 50->50
[2022-05-19T09:53:17.012+0000][163][gc,heap        ] GC(230) Archive regions: 2->2
[2022-05-19T09:53:17.012+0000][163][gc,heap        ] GC(230) Humongous regions: 32->32
[2022-05-19T09:53:17.013+0000][163][gc,metaspace   ] GC(230) Metaspace: 104016K(105344K)->104016K(105344K) NonClass: 89813K(90624K)->89813K(90624K) Class: 14202K(14720K)->14202K(14720K)
[2022-05-19T09:53:17.013+0000][163][gc             ] GC(230) Pause Young (Concurrent Start) (G1 Evacuation Pause) 418M->331M(512M) 5.234ms
[2022-05-19T09:53:17.013+0000][163][gc,cpu         ] GC(230) User=0.01s Sys=0.00s Real=0.01s
[2022-05-19T09:53:17.013+0000][163][gc             ] GC(231) Concurrent Mark Cycle
[2022-05-19T09:53:17.013+0000][163][gc,marking     ] GC(231) Concurrent Clear Claimed Marks
[2022-05-19T09:53:17.013+0000][163][safepoint      ] Safepoint "G1CollectForAllocation", Time since last: 680663600 ns, Reaching safepoint: 213500 ns, At safepoint: 5569400 ns, Total: 5782900 ns
[2022-05-19T09:53:17.013+0000][163][gc,marking     ] GC(231) Concurrent Clear Claimed Marks 0.203ms
[2022-05-19T09:53:17.014+0000][163][gc,marking     ] GC(231) Concurrent Scan Root Regions
[2022-05-19T09:53:17.015+0000][163][gc,marking     ] GC(231) Concurrent Scan Root Regions 0.954ms
[2022-05-19T09:53:17.015+0000][163][gc,marking     ] GC(231) Concurrent Mark
[2022-05-19T09:53:17.015+0000][163][gc,marking     ] GC(231) Concurrent Mark From Roots
[2022-05-19T09:53:17.015+0000][163][gc,task        ] GC(231) Using 3 workers of 3 for marking
[2022-05-19T09:53:17.066+0000][163][gc,marking     ] GC(231) Concurrent Mark From Roots 51.087ms
[2022-05-19T09:53:17.066+0000][163][gc,marking     ] GC(231) Concurrent Preclean
[2022-05-19T09:53:17.067+0000][163][gc,marking     ] GC(231) Concurrent Preclean 0.897ms
[2022-05-19T09:53:17.068+0000][163][gc,start       ] GC(231) Pause Remark
[2022-05-19T09:53:17.072+0000][163][gc             ] GC(231) Pause Remark 337M->337M(512M) 4.239ms
[2022-05-19T09:53:17.072+0000][163][gc,cpu         ] GC(231) User=0.02s Sys=0.01s Real=0.01s
[2022-05-19T09:53:17.073+0000][163][safepoint      ] Safepoint "G1Concurrent", Time since last: 54317000 ns, Reaching safepoint: 274700 ns, At safepoint: 5114900 ns, Total: 5389600 ns
[2022-05-19T09:53:17.073+0000][163][gc,marking     ] GC(231) Concurrent Mark 58.328ms
[2022-05-19T09:53:17.073+0000][163][gc,marking     ] GC(231) Concurrent Rebuild Remembered Sets
[2022-05-19T09:53:17.096+0000][163][gc,marking     ] GC(231) Concurrent Rebuild Remembered Sets 22.459ms
[2022-05-19T09:53:17.096+0000][163][gc,start       ] GC(231) Pause Cleanup
[2022-05-19T09:53:17.097+0000][163][gc             ] GC(231) Pause Cleanup 339M->339M(512M) 0.400ms
[2022-05-19T09:53:17.097+0000][163][gc,cpu         ] GC(231) User=0.00s Sys=0.00s Real=0.00s
[2022-05-19T09:53:17.097+0000][163][safepoint      ] Safepoint "G1Concurrent", Time since last: 23219000 ns, Reaching safepoint: 253000 ns, At safepoint: 877000 ns, Total: 1130000 ns
[2022-05-19T09:53:17.097+0000][163][gc,marking     ] GC(231) Concurrent Cleanup for Next Mark
[2022-05-19T09:53:17.098+0000][163][gc,marking     ] GC(231) Concurrent Cleanup for Next Mark 0.462ms
[2022-05-19T09:53:17.098+0000][163][gc             ] GC(231) Concurrent Mark Cycle 85.080ms
[2022-05-19T09:53:17.701+0000][163][gc,start       ] GC(232) Pause Young (Prepare Mixed) (G1 Evacuation Pause)
[2022-05-19T09:53:17.702+0000][163][gc,task        ] GC(232) Using 10 workers of 10 for evacuation
[2022-05-19T09:53:17.702+0000][163][gc,age         ] GC(232) Desired survivor size 6291456 bytes, new threshold 15 (max threshold 15)
[2022-05-19T09:53:17.705+0000][163][gc,age         ] GC(232) Age table with threshold 15 (max threshold 15)
[2022-05-19T09:53:17.705+0000][163][gc,age         ] GC(232) - age   1:    1220208 bytes,    1220208 total
[2022-05-19T09:53:17.706+0000][163][gc,age         ] GC(232) - age   2:    1246664 bytes,    2466872 total
[2022-05-19T09:53:17.706+0000][163][gc,age         ] GC(232) - age   3:     229488 bytes,    2696360 total
[2022-05-19T09:53:17.706+0000][163][gc,age         ] GC(232) - age   4:    1528632 bytes,    4224992 total
[2022-05-19T09:53:17.706+0000][163][gc,phases      ] GC(232)   Pre Evacuate Collection Set: 0.4ms
[2022-05-19T09:53:17.707+0000][163][gc,phases      ] GC(232)   Merge Heap Roots: 0.3ms
[2022-05-19T09:53:17.707+0000][163][gc,phases      ] GC(232)   Evacuate Collection Set: 1.3ms
[2022-05-19T09:53:17.707+0000][163][gc,phases      ] GC(232)   Post Evacuate Collection Set: 0.7ms
[2022-05-19T09:53:17.707+0000][163][gc,phases      ] GC(232)   Other: 2.2ms
[2022-05-19T09:53:17.707+0000][163][gc,heap        ] GC(232) Eden regions: 22->0(4)
[2022-05-19T09:53:17.708+0000][163][gc,heap        ] GC(232) Survivor regions: 1->2(3)
[2022-05-19T09:53:17.708+0000][163][gc,heap        ] GC(232) Old regions: 50->50
[2022-05-19T09:53:17.708+0000][163][gc,heap        ] GC(232) Archive regions: 2->2
[2022-05-19T09:53:17.708+0000][163][gc,heap        ] GC(232) Humongous regions: 32->32
[2022-05-19T09:53:17.708+0000][163][gc,metaspace   ] GC(232) Metaspace: 104016K(105344K)->104016K(105344K) NonClass: 89813K(90624K)->89813K(90624K) Class: 14202K(14720K)->14202K(14720K)
[2022-05-19T09:53:17.708+0000][163][gc             ] GC(232) Pause Young (Prepare Mixed) (G1 Evacuation Pause) 419M->332M(512M) 6.826ms
[2022-05-19T09:53:17.708+0000][163][gc,cpu         ] GC(232) User=0.01s Sys=0.00s Real=0.01s
[2022-05-19T09:53:17.709+0000][163][safepoint      ] Safepoint "G1CollectForAllocation", Time since last: 603969400 ns, Reaching safepoint: 304400 ns, At safepoint: 7232700 ns, Total: 7537100 ns
[2022-05-19T09:53:17.827+0000][163][gc,start       ] GC(233) Pause Young (Mixed) (G1 Evacuation Pause)
[2022-05-19T09:53:17.828+0000][163][gc,task        ] GC(233) Using 10 workers of 10 for evacuation
[2022-05-19T09:53:17.828+0000][163][gc,age         ] GC(233) Desired survivor size 2097152 bytes, new threshold 2 (max threshold 15)
[2022-05-19T09:53:17.830+0000][163][gc,age         ] GC(233) Age table with threshold 2 (max threshold 15)
[2022-05-19T09:53:17.831+0000][163][gc,age         ] GC(233) - age   1:     263128 bytes,     263128 total
[2022-05-19T09:53:17.831+0000][163][gc,age         ] GC(233) - age   2:    1219768 bytes,    1482896 total
[2022-05-19T09:53:17.831+0000][163][gc,phases      ] GC(233)   Pre Evacuate Collection Set: 0.2ms
[2022-05-19T09:53:17.832+0000][163][gc,phases      ] GC(233)   Merge Heap Roots: 0.1ms
[2022-05-19T09:53:17.832+0000][163][gc,phases      ] GC(233)   Evacuate Collection Set: 1.4ms
[2022-05-19T09:53:17.832+0000][163][gc,phases      ] GC(233)   Post Evacuate Collection Set: 0.6ms
[2022-05-19T09:53:17.832+0000][163][gc,phases      ] GC(233)   Other: 1.9ms
[2022-05-19T09:53:17.832+0000][163][gc,heap        ] GC(233) Eden regions: 4->0(22)
[2022-05-19T09:53:17.833+0000][163][gc,heap        ] GC(233) Survivor regions: 2->1(1)
[2022-05-19T09:53:17.833+0000][163][gc,heap        ] GC(233) Old regions: 50->50
[2022-05-19T09:53:17.833+0000][163][gc,heap        ] GC(233) Archive regions: 2->2
[2022-05-19T09:53:17.833+0000][163][gc,heap        ] GC(233) Humongous regions: 32->32
[2022-05-19T09:53:17.833+0000][163][gc,metaspace   ] GC(233) Metaspace: 104016K(105344K)->104016K(105344K) NonClass: 89813K(90624K)->89813K(90624K) Class: 14202K(14720K)->14202K(14720K)
[2022-05-19T09:53:17.834+0000][163][gc             ] GC(233) Pause Young (Mixed) (G1 Evacuation Pause) 348M->331M(512M) 6.334ms
[2022-05-19T09:53:17.834+0000][163][gc,cpu         ] GC(233) User=0.02s Sys=0.00s Real=0.01s
[2022-05-19T09:53:17.834+0000][163][safepoint      ] Safepoint "G1CollectForAllocation", Time since last: 118396900 ns, Reaching safepoint: 190900 ns, At safepoint: 6719300 ns, Total: 6910200 ns
[2022-05-19T09:53:18.507+0000][163][gc,start       ] GC(234) Pause Young (Concurrent Start) (G1 Evacuation Pause)
[2022-05-19T09:53:18.508+0000][163][gc,task        ] GC(234) Using 10 workers of 10 for evacuation
[2022-05-19T09:53:18.508+0000][163][gc,age         ] GC(234) Desired survivor size 6291456 bytes, new threshold 15 (max threshold 15)
[2022-05-19T09:53:18.510+0000][163][gc,age         ] GC(234) Age table with threshold 15 (max threshold 15)
[2022-05-19T09:53:18.510+0000][163][gc,age         ] GC(234) - age   1:    1215696 bytes,    1215696 total
[2022-05-19T09:53:18.510+0000][163][gc,age         ] GC(234) - age   2:     262704 bytes,    1478400 total
[2022-05-19T09:53:18.511+0000][163][gc,age         ] GC(234) - age   3:    1217416 bytes,    2695816 total
[2022-05-19T09:53:18.511+0000][163][gc,phases      ] GC(234)   Pre Evacuate Collection Set: 0.3ms
[2022-05-19T09:53:18.511+0000][163][gc,phases      ] GC(234)   Merge Heap Roots: 0.1ms
[2022-05-19T09:53:18.511+0000][163][gc,phases      ] GC(234)   Evacuate Collection Set: 1.2ms
[2022-05-19T09:53:18.511+0000][163][gc,phases      ] GC(234)   Post Evacuate Collection Set: 0.5ms
[2022-05-19T09:53:18.511+0000][163][gc,phases      ] GC(234)   Other: 1.2ms
[2022-05-19T09:53:18.511+0000][163][gc,heap        ] GC(234) Eden regions: 22->0(22)
[2022-05-19T09:53:18.512+0000][163][gc,heap        ] GC(234) Survivor regions: 1->1(3)
[2022-05-19T09:53:18.512+0000][163][gc,heap        ] GC(234) Old regions: 50->50
[2022-05-19T09:53:18.512+0000][163][gc,heap        ] GC(234) Archive regions: 2->2
[2022-05-19T09:53:18.512+0000][163][gc,heap        ] GC(234) Humongous regions: 32->32
[2022-05-19T09:53:18.512+0000][163][gc,metaspace   ] GC(234) Metaspace: 104016K(105344K)->104016K(105344K) NonClass: 89813K(90624K)->89813K(90624K) Class: 14202K(14720K)->14202K(14720K)
[2022-05-19T09:53:18.512+0000][163][gc             ] GC(234) Pause Young (Concurrent Start) (G1 Evacuation Pause) 419M->332M(512M) 4.768ms
[2022-05-19T09:53:18.512+0000][163][gc,cpu         ] GC(234) User=0.00s Sys=0.01s Real=0.01s
[2022-05-19T09:53:18.513+0000][163][gc             ] GC(235) Concurrent Mark Cycle
[2022-05-19T09:53:18.513+0000][163][gc,marking     ] GC(235) Concurrent Clear Claimed Marks
[2022-05-19T09:53:18.513+0000][163][safepoint      ] Safepoint "G1CollectForAllocation", Time since last: 673358400 ns, Reaching safepoint: 184900 ns, At safepoint: 5068800 ns, Total: 5253700 ns
[2022-05-19T09:53:18.513+0000][163][gc,marking     ] GC(235) Concurrent Clear Claimed Marks 0.167ms
[2022-05-19T09:53:18.513+0000][163][gc,marking     ] GC(235) Concurrent Scan Root Regions
[2022-05-19T09:53:18.514+0000][163][gc,marking     ] GC(235) Concurrent Scan Root Regions 0.883ms
[2022-05-19T09:53:18.514+0000][163][gc,marking     ] GC(235) Concurrent Mark
[2022-05-19T09:53:18.514+0000][163][gc,marking     ] GC(235) Concurrent Mark From Roots
[2022-05-19T09:53:18.514+0000][163][gc,task        ] GC(235) Using 3 workers of 3 for marking
[2022-05-19T09:53:18.558+0000][163][gc,marking     ] GC(235) Concurrent Mark From Roots 44.325ms
[2022-05-19T09:53:18.559+0000][163][gc,marking     ] GC(235) Concurrent Preclean
[2022-05-19T09:53:18.559+0000][163][gc,marking     ] GC(235) Concurrent Preclean 0.671ms
[2022-05-19T09:53:18.560+0000][163][gc,start       ] GC(235) Pause Remark
[2022-05-19T09:53:18.563+0000][163][gc             ] GC(235) Pause Remark 338M->338M(512M) 3.274ms
[2022-05-19T09:53:18.564+0000][163][gc,cpu         ] GC(235) User=0.03s Sys=0.00s Real=0.00s
[2022-05-19T09:53:18.564+0000][163][safepoint      ] Safepoint "G1Concurrent", Time since last: 47135000 ns, Reaching safepoint: 290100 ns, At safepoint: 3803200 ns, Total: 4093300 ns
[2022-05-19T09:53:18.564+0000][163][gc,marking     ] GC(235) Concurrent Mark 50.035ms
[2022-05-19T09:53:18.564+0000][163][gc,marking     ] GC(235) Concurrent Rebuild Remembered Sets
[2022-05-19T09:53:18.585+0000][163][gc,marking     ] GC(235) Concurrent Rebuild Remembered Sets 20.716ms
[2022-05-19T09:53:18.586+0000][163][gc,start       ] GC(235) Pause Cleanup
[2022-05-19T09:53:18.586+0000][163][gc             ] GC(235) Pause Cleanup 339M->339M(512M) 0.436ms
[2022-05-19T09:53:18.586+0000][163][gc,cpu         ] GC(235) User=0.00s Sys=0.00s Real=0.00s
[2022-05-19T09:53:18.587+0000][163][safepoint      ] Safepoint "G1Concurrent", Time since last: 21677200 ns, Reaching safepoint: 298800 ns, At safepoint: 851600 ns, Total: 1150400 ns
[2022-05-19T09:53:18.587+0000][163][gc,marking     ] GC(235) Concurrent Cleanup for Next Mark
[2022-05-19T09:53:18.587+0000][163][gc,marking     ] GC(235) Concurrent Cleanup for Next Mark 0.296ms
[2022-05-19T09:53:18.587+0000][163][gc             ] GC(235) Concurrent Mark Cycle 74.712ms
[2022-05-19T09:53:19.202+0000][163][gc,start       ] GC(236) Pause Young (Normal) (G1 Evacuation Pause)
[2022-05-19T09:53:19.202+0000][163][gc,task        ] GC(236) Using 10 workers of 10 for evacuation
[2022-05-19T09:53:19.202+0000][163][gc,age         ] GC(236) Desired survivor size 6291456 bytes, new threshold 15 (max threshold 15)
[2022-05-19T09:53:19.204+0000][163][gc,age         ] GC(236) Age table with threshold 15 (max threshold 15)
[2022-05-19T09:53:19.205+0000][163][gc,age         ] GC(236) - age   1:    1283056 bytes,    1283056 total
[2022-05-19T09:53:19.205+0000][163][gc,age         ] GC(236) - age   2:    1215360 bytes,    2498416 total
[2022-05-19T09:53:19.205+0000][163][gc,age         ] GC(236) - age   3:     262336 bytes,    2760752 total
[2022-05-19T09:53:19.205+0000][163][gc,age         ] GC(236) - age   4:    1214152 bytes,    3974904 total
[2022-05-19T09:53:19.206+0000][163][gc,phases      ] GC(236)   Pre Evacuate Collection Set: 0.2ms
[2022-05-19T09:53:19.206+0000][163][gc,phases      ] GC(236)   Merge Heap Roots: 0.1ms
[2022-05-19T09:53:19.206+0000][163][gc,phases      ] GC(236)   Evacuate Collection Set: 0.8ms
[2022-05-19T09:53:19.206+0000][163][gc,phases      ] GC(236)   Post Evacuate Collection Set: 0.6ms
[2022-05-19T09:53:19.207+0000][163][gc,phases      ] GC(236)   Other: 2.3ms
[2022-05-19T09:53:19.207+0000][163][gc,heap        ] GC(236) Eden regions: 22->0(22)
[2022-05-19T09:53:19.207+0000][163][gc,heap        ] GC(236) Survivor regions: 1->1(3)
[2022-05-19T09:53:19.207+0000][163][gc,heap        ] GC(236) Old regions: 50->50
[2022-05-19T09:53:19.207+0000][163][gc,heap        ] GC(236) Archive regions: 2->2
[2022-05-19T09:53:19.208+0000][163][gc,heap        ] GC(236) Humongous regions: 32->32
[2022-05-19T09:53:19.208+0000][163][gc,metaspace   ] GC(236) Metaspace: 104016K(105344K)->104016K(105344K) NonClass: 89813K(90624K)->89813K(90624K) Class: 14202K(14720K)->14202K(14720K)
[2022-05-19T09:53:19.208+0000][163][gc             ] GC(236) Pause Young (Normal) (G1 Evacuation Pause) 420M->333M(512M) 6.207ms
[2022-05-19T09:53:19.208+0000][163][gc,cpu         ] GC(236) User=0.01s Sys=0.00s Real=0.00s
[2022-05-19T09:53:19.208+0000][163][safepoint      ] Safepoint "G1CollectForAllocation", Time since last: 614843700 ns, Reaching safepoint: 194900 ns, At safepoint: 6614300 ns, Total: 6809200 ns
[2022-05-19T09:53:19.862+0000][163][gc,start       ] GC(237) Pause Young (Concurrent Start) (G1 Evacuation Pause)
[2022-05-19T09:53:19.862+0000][163][gc,task        ] GC(237) Using 10 workers of 10 for evacuation
[2022-05-19T09:53:19.863+0000][163][gc,age         ] GC(237) Desired survivor size 6291456 bytes, new threshold 15 (max threshold 15)
[2022-05-19T09:53:19.865+0000][163][gc,age         ] GC(237) Age table with threshold 15 (max threshold 15)
[2022-05-19T09:53:19.865+0000][163][gc,age         ] GC(237) - age   1:    1248888 bytes,    1248888 total
[2022-05-19T09:53:19.866+0000][163][gc,age         ] GC(237) - age   2:    1282288 bytes,    2531176 total
[2022-05-19T09:53:19.866+0000][163][gc,age         ] GC(237) - age   3:    1213008 bytes,    3744184 total
[2022-05-19T09:53:19.866+0000][163][gc,age         ] GC(237) - age   4:     262304 bytes,    4006488 total
[2022-05-19T09:53:19.866+0000][163][gc,age         ] GC(237) - age   5:    1214152 bytes,    5220640 total
[2022-05-19T09:53:19.866+0000][163][gc,phases      ] GC(237)   Pre Evacuate Collection Set: 0.2ms
[2022-05-19T09:53:19.867+0000][163][gc,phases      ] GC(237)   Merge Heap Roots: 0.2ms
[2022-05-19T09:53:19.867+0000][163][gc,phases      ] GC(237)   Evacuate Collection Set: 1.4ms
[2022-05-19T09:53:19.867+0000][163][gc,phases      ] GC(237)   Post Evacuate Collection Set: 0.5ms
[2022-05-19T09:53:19.867+0000][163][gc,phases      ] GC(237)   Other: 2.3ms
[2022-05-19T09:53:19.867+0000][163][gc,heap        ] GC(237) Eden regions: 22->0(20)
[2022-05-19T09:53:19.868+0000][163][gc,heap        ] GC(237) Survivor regions: 1->2(3)
[2022-05-19T09:53:19.868+0000][163][gc,heap        ] GC(237) Old regions: 50->50
[2022-05-19T09:53:19.868+0000][163][gc,heap        ] GC(237) Archive regions: 2->2
[2022-05-19T09:53:19.868+0000][163][gc,heap        ] GC(237) Humongous regions: 32->32
[2022-05-19T09:53:19.868+0000][163][gc,metaspace   ] GC(237) Metaspace: 104016K(105344K)->104016K(105344K) NonClass: 89813K(90624K)->89813K(90624K) Class: 14202K(14720K)->14202K(14720K)
[2022-05-19T09:53:19.868+0000][163][gc             ] GC(237) Pause Young (Concurrent Start) (G1 Evacuation Pause) 421M->334M(512M) 6.303ms
[2022-05-19T09:53:19.868+0000][163][gc,cpu         ] GC(237) User=0.02s Sys=0.00s Real=0.01s
[2022-05-19T09:53:19.868+0000][163][gc             ] GC(238) Concurrent Mark Cycle
[2022-05-19T09:53:19.869+0000][163][gc,marking     ] GC(238) Concurrent Clear Claimed Marks
[2022-05-19T09:53:19.868+0000][163][safepoint      ] Safepoint "G1CollectForAllocation", Time since last: 653405900 ns, Reaching safepoint: 260400 ns, At safepoint: 6615200 ns, Total: 6875600 ns
[2022-05-19T09:53:19.869+0000][163][gc,marking     ] GC(238) Concurrent Clear Claimed Marks 0.167ms
[2022-05-19T09:53:19.869+0000][163][gc,marking     ] GC(238) Concurrent Scan Root Regions
[2022-05-19T09:53:19.870+0000][163][gc,marking     ] GC(238) Concurrent Scan Root Regions 0.891ms
[2022-05-19T09:53:19.870+0000][163][gc,marking     ] GC(238) Concurrent Mark
[2022-05-19T09:53:19.870+0000][163][gc,marking     ] GC(238) Concurrent Mark From Roots
[2022-05-19T09:53:19.870+0000][163][gc,task        ] GC(238) Using 3 workers of 3 for marking
[2022-05-19T09:53:19.923+0000][163][gc,marking     ] GC(238) Concurrent Mark From Roots 52.887ms
[2022-05-19T09:53:19.923+0000][163][gc,marking     ] GC(238) Concurrent Preclean
[2022-05-19T09:53:19.924+0000][163][gc,marking     ] GC(238) Concurrent Preclean 0.834ms
[2022-05-19T09:53:19.925+0000][163][gc,start       ] GC(238) Pause Remark
[2022-05-19T09:53:19.929+0000][163][gc             ] GC(238) Pause Remark 340M->340M(512M) 3.575ms
[2022-05-19T09:53:19.929+0000][163][gc,cpu         ] GC(238) User=0.03s Sys=0.00s Real=0.01s
[2022-05-19T09:53:19.929+0000][163][safepoint      ] Safepoint "G1Concurrent", Time since last: 56148700 ns, Reaching safepoint: 297900 ns, At safepoint: 4267500 ns, Total: 4565400 ns
[2022-05-19T09:53:19.929+0000][163][gc,marking     ] GC(238) Concurrent Mark 59.446ms
[2022-05-19T09:53:19.930+0000][163][gc,marking     ] GC(238) Concurrent Rebuild Remembered Sets
[2022-05-19T09:53:19.952+0000][163][gc,marking     ] GC(238) Concurrent Rebuild Remembered Sets 22.273ms
[2022-05-19T09:53:19.953+0000][163][gc,start       ] GC(238) Pause Cleanup
[2022-05-19T09:53:19.953+0000][163][gc             ] GC(238) Pause Cleanup 342M->342M(512M) 0.483ms
[2022-05-19T09:53:19.953+0000][163][gc,cpu         ] GC(238) User=0.00s Sys=0.00s Real=0.00s
[2022-05-19T09:53:19.953+0000][163][safepoint      ] Safepoint "G1Concurrent", Time since last: 23003600 ns, Reaching safepoint: 303600 ns, At safepoint: 960600 ns, Total: 1264200 ns
[2022-05-19T09:53:19.954+0000][163][gc,marking     ] GC(238) Concurrent Cleanup for Next Mark
[2022-05-19T09:53:19.954+0000][163][gc,marking     ] GC(238) Concurrent Cleanup for Next Mark 0.432ms
[2022-05-19T09:53:19.954+0000][163][gc             ] GC(238) Concurrent Mark Cycle 85.835ms
[2022-05-19T09:53:20.509+0000][163][gc,start       ] GC(239) Pause Young (Normal) (G1 Evacuation Pause)
[2022-05-19T09:53:20.510+0000][163][gc,task        ] GC(239) Using 10 workers of 10 for evacuation
[2022-05-19T09:53:20.510+0000][163][gc,age         ] GC(239) Desired survivor size 6291456 bytes, new threshold 15 (max threshold 15)
[2022-05-19T09:53:20.513+0000][163][gc,age         ] GC(239) Age table with threshold 15 (max threshold 15)
[2022-05-19T09:53:20.513+0000][163][gc,age         ] GC(239) - age   1:    1150376 bytes,    1150376 total
[2022-05-19T09:53:20.513+0000][163][gc,age         ] GC(239) - age   2:    1246224 bytes,    2396600 total
[2022-05-19T09:53:20.514+0000][163][gc,age         ] GC(239) - age   3:    1282288 bytes,    3678888 total
[2022-05-19T09:53:20.514+0000][163][gc,age         ] GC(239) - age   4:    1213008 bytes,    4891896 total
[2022-05-19T09:53:20.514+0000][163][gc,age         ] GC(239) - age   5:     262304 bytes,    5154200 total
[2022-05-19T09:53:20.514+0000][163][gc,age         ] GC(239) - age   6:    1214152 bytes,    6368352 total
[2022-05-19T09:53:20.515+0000][163][gc,phases      ] GC(239)   Pre Evacuate Collection Set: 0.3ms
[2022-05-19T09:53:20.515+0000][163][gc,phases      ] GC(239)   Merge Heap Roots: 0.2ms
[2022-05-19T09:53:20.515+0000][163][gc,phases      ] GC(239)   Evacuate Collection Set: 1.2ms
[2022-05-19T09:53:20.515+0000][163][gc,phases      ] GC(239)   Post Evacuate Collection Set: 0.8ms
[2022-05-19T09:53:20.515+0000][163][gc,phases      ] GC(239)   Other: 2.9ms
[2022-05-19T09:53:20.516+0000][163][gc,heap        ] GC(239) Eden regions: 20->0(20)
[2022-05-19T09:53:20.516+0000][163][gc,heap        ] GC(239) Survivor regions: 2->2(3)
[2022-05-19T09:53:20.516+0000][163][gc,heap        ] GC(239) Old regions: 50->50
[2022-05-19T09:53:20.516+0000][163][gc,heap        ] GC(239) Archive regions: 2->2
[2022-05-19T09:53:20.516+0000][163][gc,heap        ] GC(239) Humongous regions: 32->32
[2022-05-19T09:53:20.517+0000][163][gc,metaspace   ] GC(239) Metaspace: 104016K(105344K)->104016K(105344K) NonClass: 89813K(90624K)->89813K(90624K) Class: 14202K(14720K)->14202K(14720K)
[2022-05-19T09:53:20.517+0000][163][gc             ] GC(239) Pause Young (Normal) (G1 Evacuation Pause) 414M->335M(512M) 7.287ms
[2022-05-19T09:53:20.517+0000][163][gc,cpu         ] GC(239) User=0.01s Sys=0.00s Real=0.00s
[2022-05-19T09:53:20.517+0000][163][safepoint      ] Safepoint "G1CollectForAllocation", Time since last: 555551600 ns, Reaching safepoint: 329300 ns, At safepoint: 7690800 ns, Total: 8020100 ns
[2022-05-19T09:53:21.127+0000][163][gc,start       ] GC(240) Pause Young (Concurrent Start) (G1 Evacuation Pause)
[2022-05-19T09:53:21.127+0000][163][gc,task        ] GC(240) Using 10 workers of 10 for evacuation
[2022-05-19T09:53:21.128+0000][163][gc,age         ] GC(240) Desired survivor size 6291456 bytes, new threshold 6 (max threshold 15)
[2022-05-19T09:53:21.131+0000][163][gc,age         ] GC(240) Age table with threshold 6 (max threshold 15)
[2022-05-19T09:53:21.131+0000][163][gc,age         ] GC(240) - age   1:    1152320 bytes,    1152320 total
[2022-05-19T09:53:21.131+0000][163][gc,age         ] GC(240) - age   2:    1149792 bytes,    2302112 total
[2022-05-19T09:53:21.131+0000][163][gc,age         ] GC(240) - age   3:    1245856 bytes,    3547968 total
[2022-05-19T09:53:21.131+0000][163][gc,age         ] GC(240) - age   4:    1278608 bytes,    4826576 total
[2022-05-19T09:53:21.132+0000][163][gc,age         ] GC(240) - age   5:    1213008 bytes,    6039584 total
[2022-05-19T09:53:21.132+0000][163][gc,age         ] GC(240) - age   6:     262304 bytes,    6301888 total
[2022-05-19T09:53:21.132+0000][163][gc,phases      ] GC(240)   Pre Evacuate Collection Set: 0.3ms
[2022-05-19T09:53:21.132+0000][163][gc,phases      ] GC(240)   Merge Heap Roots: 0.2ms
[2022-05-19T09:53:21.132+0000][163][gc,phases      ] GC(240)   Evacuate Collection Set: 1.6ms
[2022-05-19T09:53:21.132+0000][163][gc,phases      ] GC(240)   Post Evacuate Collection Set: 0.5ms
[2022-05-19T09:53:21.133+0000][163][gc,phases      ] GC(240)   Other: 2.2ms
[2022-05-19T09:53:21.133+0000][163][gc,heap        ] GC(240) Eden regions: 20->0(19)
[2022-05-19T09:53:21.133+0000][163][gc,heap        ] GC(240) Survivor regions: 2->2(3)
[2022-05-19T09:53:21.133+0000][163][gc,heap        ] GC(240) Old regions: 50->51
[2022-05-19T09:53:21.133+0000][163][gc,heap        ] GC(240) Archive regions: 2->2
[2022-05-19T09:53:21.133+0000][163][gc,heap        ] GC(240) Humongous regions: 32->32
[2022-05-19T09:53:21.133+0000][163][gc,metaspace   ] GC(240) Metaspace: 104016K(105344K)->104016K(105344K) NonClass: 89813K(90624K)->89813K(90624K) Class: 14202K(14720K)->14202K(14720K)
[2022-05-19T09:53:21.134+0000][163][gc             ] GC(240) Pause Young (Concurrent Start) (G1 Evacuation Pause) 415M->336M(512M) 6.358ms
[2022-05-19T09:53:21.134+0000][163][gc,cpu         ] GC(240) User=0.01s Sys=0.01s Real=0.01s
[2022-05-19T09:53:21.134+0000][163][safepoint      ] Safepoint "G1CollectForAllocation", Time since last: 609874000 ns, Reaching safepoint: 204600 ns, At safepoint: 6701600 ns, Total: 6906200 ns
[2022-05-19T09:53:21.134+0000][163][gc             ] GC(241) Concurrent Mark Cycle
[2022-05-19T09:53:21.134+0000][163][gc,marking     ] GC(241) Concurrent Clear Claimed Marks
[2022-05-19T09:53:21.134+0000][163][gc,marking     ] GC(241) Concurrent Clear Claimed Marks 0.156ms
[2022-05-19T09:53:21.134+0000][163][gc,marking     ] GC(241) Concurrent Scan Root Regions
[2022-05-19T09:53:21.135+0000][163][gc,marking     ] GC(241) Concurrent Scan Root Regions 0.861ms
[2022-05-19T09:53:21.135+0000][163][gc,marking     ] GC(241) Concurrent Mark
[2022-05-19T09:53:21.135+0000][163][gc,marking     ] GC(241) Concurrent Mark From Roots
[2022-05-19T09:53:21.136+0000][163][gc,task        ] GC(241) Using 3 workers of 3 for marking
[2022-05-19T09:53:21.176+0000][163][gc,marking     ] GC(241) Concurrent Mark From Roots 40.353ms
[2022-05-19T09:53:21.176+0000][163][gc,marking     ] GC(241) Concurrent Preclean
[2022-05-19T09:53:21.177+0000][163][gc,marking     ] GC(241) Concurrent Preclean 0.654ms
[2022-05-19T09:53:21.177+0000][163][gc,start       ] GC(241) Pause Remark
[2022-05-19T09:53:21.181+0000][163][gc             ] GC(241) Pause Remark 342M->342M(512M) 3.356ms
[2022-05-19T09:53:21.181+0000][163][gc,cpu         ] GC(241) User=0.01s Sys=0.01s Real=0.01s
[2022-05-19T09:53:21.181+0000][163][safepoint      ] Safepoint "G1Concurrent", Time since last: 43349400 ns, Reaching safepoint: 293200 ns, At safepoint: 3906900 ns, Total: 4200100 ns
[2022-05-19T09:53:21.182+0000][163][gc,marking     ] GC(241) Concurrent Mark 46.334ms
[2022-05-19T09:53:21.182+0000][163][gc,marking     ] GC(241) Concurrent Rebuild Remembered Sets
[2022-05-19T09:53:21.201+0000][163][gc,marking     ] GC(241) Concurrent Rebuild Remembered Sets 19.098ms
[2022-05-19T09:53:21.202+0000][163][gc,start       ] GC(241) Pause Cleanup
[2022-05-19T09:53:21.202+0000][163][gc             ] GC(241) Pause Cleanup 344M->344M(512M) 0.373ms
[2022-05-19T09:53:21.202+0000][163][gc,cpu         ] GC(241) User=0.00s Sys=0.00s Real=0.00s
[2022-05-19T09:53:21.202+0000][163][safepoint      ] Safepoint "G1Concurrent", Time since last: 19955600 ns, Reaching safepoint: 258100 ns, At safepoint: 760000 ns, Total: 1018100 ns
[2022-05-19T09:53:21.203+0000][163][gc,marking     ] GC(241) Concurrent Cleanup for Next Mark
[2022-05-19T09:53:21.203+0000][163][gc,marking     ] GC(241) Concurrent Cleanup for Next Mark 0.358ms
[2022-05-19T09:53:21.203+0000][163][gc             ] GC(241) Concurrent Mark Cycle 69.229ms
[2022-05-19T09:53:21.707+0000][163][gc,start       ] GC(242) Pause Young (Normal) (G1 Evacuation Pause)
[2022-05-19T09:53:21.707+0000][163][gc,task        ] GC(242) Using 10 workers of 10 for evacuation
[2022-05-19T09:53:21.708+0000][163][gc,age         ] GC(242) Desired survivor size 6291456 bytes, new threshold 6 (max threshold 15)
[2022-05-19T09:53:21.710+0000][163][gc,age         ] GC(242) Age table with threshold 6 (max threshold 15)
[2022-05-19T09:53:21.711+0000][163][gc,age         ] GC(242) - age   1:    1084816 bytes,    1084816 total
[2022-05-19T09:53:21.711+0000][163][gc,age         ] GC(242) - age   2:    1152008 bytes,    2236824 total
[2022-05-19T09:53:21.711+0000][163][gc,age         ] GC(242) - age   3:    1147440 bytes,    3384264 total
[2022-05-19T09:53:21.711+0000][163][gc,age         ] GC(242) - age   4:    1245856 bytes,    4630120 total
[2022-05-19T09:53:21.712+0000][163][gc,age         ] GC(242) - age   5:    1278608 bytes,    5908728 total
[2022-05-19T09:53:21.712+0000][163][gc,age         ] GC(242) - age   6:    1213008 bytes,    7121736 total
[2022-05-19T09:53:21.712+0000][163][gc,phases      ] GC(242)   Pre Evacuate Collection Set: 0.3ms
[2022-05-19T09:53:21.713+0000][163][gc,phases      ] GC(242)   Merge Heap Roots: 0.3ms
[2022-05-19T09:53:21.713+0000][163][gc,phases      ] GC(242)   Evacuate Collection Set: 1.4ms
[2022-05-19T09:53:21.713+0000][163][gc,phases      ] GC(242)   Post Evacuate Collection Set: 0.7ms
[2022-05-19T09:53:21.713+0000][163][gc,phases      ] GC(242)   Other: 2.8ms
[2022-05-19T09:53:21.714+0000][163][gc,heap        ] GC(242) Eden regions: 19->0(19)
[2022-05-19T09:53:21.714+0000][163][gc,heap        ] GC(242) Survivor regions: 2->2(3)
[2022-05-19T09:53:21.714+0000][163][gc,heap        ] GC(242) Old regions: 51->51
[2022-05-19T09:53:21.714+0000][163][gc,heap        ] GC(242) Archive regions: 2->2
[2022-05-19T09:53:21.714+0000][163][gc,heap        ] GC(242) Humongous regions: 32->32
[2022-05-19T09:53:21.714+0000][163][gc,metaspace   ] GC(242) Metaspace: 104016K(105344K)->104016K(105344K) NonClass: 89813K(90624K)->89813K(90624K) Class: 14202K(14720K)->14202K(14720K)
[2022-05-19T09:53:21.714+0000][163][gc             ] GC(242) Pause Young (Normal) (G1 Evacuation Pause) 412M->337M(512M) 7.440ms
[2022-05-19T09:53:21.715+0000][163][gc,cpu         ] GC(242) User=0.01s Sys=0.01s Real=0.01s
[2022-05-19T09:53:21.715+0000][163][safepoint      ] Safepoint "G1CollectForAllocation", Time since last: 504345500 ns, Reaching safepoint: 247100 ns, At safepoint: 7794200 ns, Total: 8041300 ns
[2022-05-19T09:53:22.441+0000][163][gc,start       ] GC(243) Pause Young (Concurrent Start) (G1 Evacuation Pause)
[2022-05-19T09:53:22.442+0000][163][gc,task        ] GC(243) Using 10 workers of 10 for evacuation
[2022-05-19T09:53:22.442+0000][163][gc,age         ] GC(243) Desired survivor size 6291456 bytes, new threshold 6 (max threshold 15)
[2022-05-19T09:53:22.445+0000][163][gc,age         ] GC(243) Age table with threshold 6 (max threshold 15)
[2022-05-19T09:53:22.446+0000][163][gc,age         ] GC(243) - age   1:    1085120 bytes,    1085120 total
[2022-05-19T09:53:22.446+0000][163][gc,age         ] GC(243) - age   2:    1082272 bytes,    2167392 total
[2022-05-19T09:53:22.446+0000][163][gc,age         ] GC(243) - age   3:    1151640 bytes,    3319032 total
[2022-05-19T09:53:22.446+0000][163][gc,age         ] GC(243) - age   4:    1147440 bytes,    4466472 total
[2022-05-19T09:53:22.446+0000][163][gc,age         ] GC(243) - age   5:    1245824 bytes,    5712296 total
[2022-05-19T09:53:22.446+0000][163][gc,age         ] GC(243) - age   6:    1278608 bytes,    6990904 total
[2022-05-19T09:53:22.447+0000][163][gc,phases      ] GC(243)   Pre Evacuate Collection Set: 0.2ms
[2022-05-19T09:53:22.447+0000][163][gc,phases      ] GC(243)   Merge Heap Roots: 0.3ms
[2022-05-19T09:53:22.447+0000][163][gc,phases      ] GC(243)   Evacuate Collection Set: 1.7ms
[2022-05-19T09:53:22.447+0000][163][gc,phases      ] GC(243)   Post Evacuate Collection Set: 0.8ms
[2022-05-19T09:53:22.447+0000][163][gc,phases      ] GC(243)   Other: 2.2ms
[2022-05-19T09:53:22.448+0000][163][gc,heap        ] GC(243) Eden regions: 19->0(19)
[2022-05-19T09:53:22.448+0000][163][gc,heap        ] GC(243) Survivor regions: 2->2(3)
[2022-05-19T09:53:22.448+0000][163][gc,heap        ] GC(243) Old regions: 51->51
[2022-05-19T09:53:22.448+0000][163][gc,heap        ] GC(243) Archive regions: 2->2
[2022-05-19T09:53:22.448+0000][163][gc,heap        ] GC(243) Humongous regions: 32->32
[2022-05-19T09:53:22.448+0000][163][gc,metaspace   ] GC(243) Metaspace: 104016K(105344K)->104016K(105344K) NonClass: 89813K(90624K)->89813K(90624K) Class: 14202K(14720K)->14202K(14720K)
[2022-05-19T09:53:22.448+0000][163][gc             ] GC(243) Pause Young (Concurrent Start) (G1 Evacuation Pause) 413M->338M(512M) 6.852ms
[2022-05-19T09:53:22.449+0000][163][gc,cpu         ] GC(243) User=0.02s Sys=0.00s Real=0.01s
[2022-05-19T09:53:22.449+0000][163][gc             ] GC(244) Concurrent Mark Cycle
[2022-05-19T09:53:22.449+0000][163][safepoint      ] Safepoint "G1CollectForAllocation", Time since last: 726489700 ns, Reaching safepoint: 202500 ns, At safepoint: 7243900 ns, Total: 7446400 ns
[2022-05-19T09:53:22.449+0000][163][gc,marking     ] GC(244) Concurrent Clear Claimed Marks
[2022-05-19T09:53:22.449+0000][163][gc,marking     ] GC(244) Concurrent Clear Claimed Marks 0.363ms
[2022-05-19T09:53:22.449+0000][163][gc,marking     ] GC(244) Concurrent Scan Root Regions
[2022-05-19T09:53:22.450+0000][163][gc,marking     ] GC(244) Concurrent Scan Root Regions 0.979ms
[2022-05-19T09:53:22.450+0000][163][gc,marking     ] GC(244) Concurrent Mark
[2022-05-19T09:53:22.451+0000][163][gc,marking     ] GC(244) Concurrent Mark From Roots
[2022-05-19T09:53:22.451+0000][163][gc,task        ] GC(244) Using 3 workers of 3 for marking
[2022-05-19T09:53:22.491+0000][163][gc,marking     ] GC(244) Concurrent Mark From Roots 40.597ms
[2022-05-19T09:53:22.491+0000][163][gc,marking     ] GC(244) Concurrent Preclean
[2022-05-19T09:53:22.492+0000][163][gc,marking     ] GC(244) Concurrent Preclean 0.592ms
[2022-05-19T09:53:22.492+0000][163][gc,start       ] GC(244) Pause Remark
[2022-05-19T09:53:22.496+0000][163][gc             ] GC(244) Pause Remark 344M->344M(512M) 3.363ms
[2022-05-19T09:53:22.496+0000][163][gc,cpu         ] GC(244) User=0.03s Sys=0.00s Real=0.00s
[2022-05-19T09:53:22.496+0000][163][safepoint      ] Safepoint "G1Concurrent", Time since last: 43525400 ns, Reaching safepoint: 276200 ns, At safepoint: 3805700 ns, Total: 4081900 ns
[2022-05-19T09:53:22.497+0000][163][gc,marking     ] GC(244) Concurrent Mark 46.061ms
[2022-05-19T09:53:22.497+0000][163][gc,marking     ] GC(244) Concurrent Rebuild Remembered Sets
[2022-05-19T09:53:22.521+0000][163][gc,marking     ] GC(244) Concurrent Rebuild Remembered Sets 24.248ms
[2022-05-19T09:53:22.521+0000][163][gc,start       ] GC(244) Pause Cleanup
[2022-05-19T09:53:22.522+0000][163][gc             ] GC(244) Pause Cleanup 348M->348M(512M) 0.318ms
[2022-05-19T09:53:22.522+0000][163][gc,cpu         ] GC(244) User=0.00s Sys=0.00s Real=0.00s
[2022-05-19T09:53:22.522+0000][163][safepoint      ] Safepoint "G1Concurrent", Time since last: 24894300 ns, Reaching safepoint: 269300 ns, At safepoint: 646200 ns, Total: 915500 ns
[2022-05-19T09:53:22.522+0000][163][gc,marking     ] GC(244) Concurrent Cleanup for Next Mark
[2022-05-19T09:53:22.523+0000][163][gc,marking     ] GC(244) Concurrent Cleanup for Next Mark 0.305ms
[2022-05-19T09:53:22.523+0000][163][gc             ] GC(244) Concurrent Mark Cycle 74.010ms
[2022-05-19T09:53:23.035+0000][163][gc,start       ] GC(245) Pause Young (Normal) (G1 Evacuation Pause)
[2022-05-19T09:53:23.035+0000][163][gc,task        ] GC(245) Using 10 workers of 10 for evacuation
[2022-05-19T09:53:23.035+0000][163][gc,age         ] GC(245) Desired survivor size 6291456 bytes, new threshold 6 (max threshold 15)
[2022-05-19T09:53:23.038+0000][163][gc,age         ] GC(245) Age table with threshold 6 (max threshold 15)
[2022-05-19T09:53:23.038+0000][163][gc,age         ] GC(245) - age   1:    1404920 bytes,    1404920 total
[2022-05-19T09:53:23.038+0000][163][gc,age         ] GC(245) - age   2:    1084320 bytes,    2489240 total
[2022-05-19T09:53:23.038+0000][163][gc,age         ] GC(245) - age   3:    1082056 bytes,    3571296 total
[2022-05-19T09:53:23.038+0000][163][gc,age         ] GC(245) - age   4:    1147504 bytes,    4718800 total
[2022-05-19T09:53:23.038+0000][163][gc,age         ] GC(245) - age   5:    1147440 bytes,    5866240 total
[2022-05-19T09:53:23.039+0000][163][gc,age         ] GC(245) - age   6:    1245824 bytes,    7112064 total
[2022-05-19T09:53:23.039+0000][163][gc,phases      ] GC(245)   Pre Evacuate Collection Set: 0.2ms
[2022-05-19T09:53:23.039+0000][163][gc,phases      ] GC(245)   Merge Heap Roots: 0.1ms
[2022-05-19T09:53:23.039+0000][163][gc,phases      ] GC(245)   Evacuate Collection Set: 1.3ms
[2022-05-19T09:53:23.039+0000][163][gc,phases      ] GC(245)   Post Evacuate Collection Set: 0.5ms
[2022-05-19T09:53:23.039+0000][163][gc,phases      ] GC(245)   Other: 1.7ms
[2022-05-19T09:53:23.039+0000][163][gc,heap        ] GC(245) Eden regions: 19->0(19)
[2022-05-19T09:53:23.039+0000][163][gc,heap        ] GC(245) Survivor regions: 2->2(3)
[2022-05-19T09:53:23.040+0000][163][gc,heap        ] GC(245) Old regions: 51->51
[2022-05-19T09:53:23.040+0000][163][gc,heap        ] GC(245) Archive regions: 2->2
[2022-05-19T09:53:23.040+0000][163][gc,heap        ] GC(245) Humongous regions: 32->32
[2022-05-19T09:53:23.040+0000][163][gc,metaspace   ] GC(245) Metaspace: 104016K(105344K)->104016K(105344K) NonClass: 89813K(90624K)->89813K(90624K) Class: 14202K(14720K)->14202K(14720K)
[2022-05-19T09:53:23.040+0000][163][gc             ] GC(245) Pause Young (Normal) (G1 Evacuation Pause) 414M->340M(512M) 5.237ms
[2022-05-19T09:53:23.040+0000][163][gc,cpu         ] GC(245) User=0.02s Sys=0.00s Real=0.01s
[2022-05-19T09:53:23.040+0000][163][safepoint      ] Safepoint "G1CollectForAllocation", Time since last: 512479100 ns, Reaching safepoint: 205000 ns, At safepoint: 5634900 ns, Total: 5839900 ns
[2022-05-19T09:53:23.619+0000][163][gc,start       ] GC(246) Pause Young (Concurrent Start) (G1 Evacuation Pause)
[2022-05-19T09:53:23.619+0000][163][gc,task        ] GC(246) Using 10 workers of 10 for evacuation
[2022-05-19T09:53:23.619+0000][163][gc,age         ] GC(246) Desired survivor size 6291456 bytes, new threshold 6 (max threshold 15)
[2022-05-19T09:53:23.622+0000][163][gc,age         ] GC(246) Age table with threshold 6 (max threshold 15)
[2022-05-19T09:53:23.623+0000][163][gc,age         ] GC(246) - age   1:    1051968 bytes,    1051968 total
[2022-05-19T09:53:23.623+0000][163][gc,age         ] GC(246) - age   2:    1404336 bytes,    2456304 total
[2022-05-19T09:53:23.623+0000][163][gc,age         ] GC(246) - age   3:    1082192 bytes,    3538496 total
[2022-05-19T09:53:23.623+0000][163][gc,age         ] GC(246) - age   4:    1082056 bytes,    4620552 total
[2022-05-19T09:53:23.623+0000][163][gc,age         ] GC(246) - age   5:    1147504 bytes,    5768056 total
[2022-05-19T09:53:23.623+0000][163][gc,age         ] GC(246) - age   6:    1147440 bytes,    6915496 total
[2022-05-19T09:53:23.623+0000][163][gc,phases      ] GC(246)   Pre Evacuate Collection Set: 0.3ms
[2022-05-19T09:53:23.624+0000][163][gc,phases      ] GC(246)   Merge Heap Roots: 0.1ms
[2022-05-19T09:53:23.624+0000][163][gc,phases      ] GC(246)   Evacuate Collection Set: 1.6ms
[2022-05-19T09:53:23.624+0000][163][gc,phases      ] GC(246)   Post Evacuate Collection Set: 0.5ms
[2022-05-19T09:53:23.624+0000][163][gc,phases      ] GC(246)   Other: 2.1ms
[2022-05-19T09:53:23.624+0000][163][gc,heap        ] GC(246) Eden regions: 19->0(18)
[2022-05-19T09:53:23.624+0000][163][gc,heap        ] GC(246) Survivor regions: 2->2(3)
[2022-05-19T09:53:23.624+0000][163][gc,heap        ] GC(246) Old regions: 51->52
[2022-05-19T09:53:23.625+0000][163][gc,heap        ] GC(246) Archive regions: 2->2
[2022-05-19T09:53:23.625+0000][163][gc,heap        ] GC(246) Humongous regions: 32->32
[2022-05-19T09:53:23.625+0000][163][gc,metaspace   ] GC(246) Metaspace: 104016K(105344K)->104016K(105344K) NonClass: 89813K(90624K)->89813K(90624K) Class: 14202K(14720K)->14202K(14720K)
[2022-05-19T09:53:23.625+0000][163][gc             ] GC(246) Pause Young (Concurrent Start) (G1 Evacuation Pause) 416M->341M(512M) 6.181ms
[2022-05-19T09:53:23.625+0000][163][gc,cpu         ] GC(246) User=0.01s Sys=0.00s Real=0.00s
[2022-05-19T09:53:23.625+0000][163][gc             ] GC(247) Concurrent Mark Cycle
[2022-05-19T09:53:23.625+0000][163][safepoint      ] Safepoint "G1CollectForAllocation", Time since last: 578182400 ns, Reaching safepoint: 196200 ns, At safepoint: 6489400 ns, Total: 6685600 ns
[2022-05-19T09:53:23.625+0000][163][gc,marking     ] GC(247) Concurrent Clear Claimed Marks
[2022-05-19T09:53:23.626+0000][163][gc,marking     ] GC(247) Concurrent Clear Claimed Marks 0.302ms
[2022-05-19T09:53:23.626+0000][163][gc,marking     ] GC(247) Concurrent Scan Root Regions
[2022-05-19T09:53:23.627+0000][163][gc,marking     ] GC(247) Concurrent Scan Root Regions 1.034ms
[2022-05-19T09:53:23.627+0000][163][gc,marking     ] GC(247) Concurrent Mark
[2022-05-19T09:53:23.627+0000][163][gc,marking     ] GC(247) Concurrent Mark From Roots
[2022-05-19T09:53:23.627+0000][163][gc,task        ] GC(247) Using 3 workers of 3 for marking
[2022-05-19T09:53:23.669+0000][163][gc,marking     ] GC(247) Concurrent Mark From Roots 41.918ms
[2022-05-19T09:53:23.669+0000][163][gc,marking     ] GC(247) Concurrent Preclean
[2022-05-19T09:53:23.670+0000][163][gc,marking     ] GC(247) Concurrent Preclean 0.657ms
[2022-05-19T09:53:23.671+0000][163][gc,start       ] GC(247) Pause Remark
[2022-05-19T09:53:23.674+0000][163][gc             ] GC(247) Pause Remark 346M->346M(512M) 3.291ms
[2022-05-19T09:53:23.674+0000][163][gc,cpu         ] GC(247) User=0.03s Sys=0.00s Real=0.00s
[2022-05-19T09:53:23.675+0000][163][safepoint      ] Safepoint "G1Concurrent", Time since last: 44945700 ns, Reaching safepoint: 364900 ns, At safepoint: 3908000 ns, Total: 4272900 ns
[2022-05-19T09:53:23.675+0000][163][gc,marking     ] GC(247) Concurrent Mark 47.697ms
[2022-05-19T09:53:23.675+0000][163][gc,marking     ] GC(247) Concurrent Rebuild Remembered Sets
[2022-05-19T09:53:23.694+0000][163][gc,marking     ] GC(247) Concurrent Rebuild Remembered Sets 19.523ms
[2022-05-19T09:53:23.695+0000][163][gc,start       ] GC(247) Pause Cleanup
[2022-05-19T09:53:23.696+0000][163][gc             ] GC(247) Pause Cleanup 349M->349M(512M) 0.454ms
[2022-05-19T09:53:23.696+0000][163][gc,cpu         ] GC(247) User=0.00s Sys=0.00s Real=0.00s
[2022-05-19T09:53:23.696+0000][163][safepoint      ] Safepoint "G1Concurrent", Time since last: 20253600 ns, Reaching safepoint: 295100 ns, At safepoint: 1005000 ns, Total: 1300100 ns
[2022-05-19T09:53:23.696+0000][163][gc,marking     ] GC(247) Concurrent Cleanup for Next Mark
[2022-05-19T09:53:23.697+0000][163][gc,marking     ] GC(247) Concurrent Cleanup for Next Mark 0.470ms
[2022-05-19T09:53:23.697+0000][163][gc             ] GC(247) Concurrent Mark Cycle 71.791ms
[2022-05-19T09:53:24.200+0000][163][gc,start       ] GC(248) Pause Young (Normal) (G1 Evacuation Pause)
[2022-05-19T09:53:24.200+0000][163][gc,task        ] GC(248) Using 10 workers of 10 for evacuation
[2022-05-19T09:53:24.200+0000][163][gc,age         ] GC(248) Desired survivor size 6291456 bytes, new threshold 6 (max threshold 15)
[2022-05-19T09:53:24.203+0000][163][gc,age         ] GC(248) Age table with threshold 6 (max threshold 15)
[2022-05-19T09:53:24.203+0000][163][gc,age         ] GC(248) - age   1:    1049816 bytes,    1049816 total
[2022-05-19T09:53:24.203+0000][163][gc,age         ] GC(248) - age   2:    1051656 bytes,    2101472 total
[2022-05-19T09:53:24.204+0000][163][gc,age         ] GC(248) - age   3:    1403944 bytes,    3505416 total
[2022-05-19T09:53:24.204+0000][163][gc,age         ] GC(248) - age   4:    1082160 bytes,    4587576 total
[2022-05-19T09:53:24.204+0000][163][gc,age         ] GC(248) - age   5:    1082056 bytes,    5669632 total
[2022-05-19T09:53:24.204+0000][163][gc,age         ] GC(248) - age   6:    1147504 bytes,    6817136 total
[2022-05-19T09:53:24.205+0000][163][gc,phases      ] GC(248)   Pre Evacuate Collection Set: 0.2ms
[2022-05-19T09:53:24.205+0000][163][gc,phases      ] GC(248)   Merge Heap Roots: 0.1ms
[2022-05-19T09:53:24.205+0000][163][gc,phases      ] GC(248)   Evacuate Collection Set: 1.3ms
[2022-05-19T09:53:24.205+0000][163][gc,phases      ] GC(248)   Post Evacuate Collection Set: 0.7ms
[2022-05-19T09:53:24.205+0000][163][gc,phases      ] GC(248)   Other: 2.7ms
[2022-05-19T09:53:24.205+0000][163][gc,heap        ] GC(248) Eden regions: 18->0(18)
[2022-05-19T09:53:24.206+0000][163][gc,heap        ] GC(248) Survivor regions: 2->2(3)
[2022-05-19T09:53:24.206+0000][163][gc,heap        ] GC(248) Old regions: 52->52
[2022-05-19T09:53:24.206+0000][163][gc,heap        ] GC(248) Archive regions: 2->2
[2022-05-19T09:53:24.206+0000][163][gc,heap        ] GC(248) Humongous regions: 32->32
[2022-05-19T09:53:24.206+0000][163][gc,metaspace   ] GC(248) Metaspace: 104016K(105344K)->104016K(105344K) NonClass: 89813K(90624K)->89813K(90624K) Class: 14202K(14720K)->14202K(14720K)
[2022-05-19T09:53:24.206+0000][163][gc             ] GC(248) Pause Young (Normal) (G1 Evacuation Pause) 413M->342M(512M) 6.586ms
[2022-05-19T09:53:24.206+0000][163][gc,cpu         ] GC(248) User=0.02s Sys=0.00s Real=0.00s
[2022-05-19T09:53:24.206+0000][163][safepoint      ] Safepoint "G1CollectForAllocation", Time since last: 503334800 ns, Reaching safepoint: 224500 ns, At safepoint: 6869800 ns, Total: 7094300 ns
[2022-05-19T09:53:24.750+0000][163][gc,start       ] GC(249) Pause Young (Concurrent Start) (G1 Evacuation Pause)
[2022-05-19T09:53:24.750+0000][163][gc,task        ] GC(249) Using 10 workers of 10 for evacuation
[2022-05-19T09:53:24.750+0000][163][gc,age         ] GC(249) Desired survivor size 6291456 bytes, new threshold 6 (max threshold 15)
[2022-05-19T09:53:24.753+0000][163][gc,age         ] GC(249) Age table with threshold 6 (max threshold 15)
[2022-05-19T09:53:24.753+0000][163][gc,age         ] GC(249) - age   1:    1408288 bytes,    1408288 total
[2022-05-19T09:53:24.753+0000][163][gc,age         ] GC(249) - age   2:    1049520 bytes,    2457808 total
[2022-05-19T09:53:24.753+0000][163][gc,age         ] GC(249) - age   3:    1049304 bytes,    3507112 total
[2022-05-19T09:53:24.753+0000][163][gc,age         ] GC(249) - age   4:    1087216 bytes,    4594328 total
[2022-05-19T09:53:24.754+0000][163][gc,age         ] GC(249) - age   5:    1082160 bytes,    5676488 total
[2022-05-19T09:53:24.754+0000][163][gc,age         ] GC(249) - age   6:    1082056 bytes,    6758544 total
[2022-05-19T09:53:24.754+0000][163][gc,phases      ] GC(249)   Pre Evacuate Collection Set: 0.2ms
[2022-05-19T09:53:24.754+0000][163][gc,phases      ] GC(249)   Merge Heap Roots: 0.1ms
[2022-05-19T09:53:24.754+0000][163][gc,phases      ] GC(249)   Evacuate Collection Set: 1.5ms
[2022-05-19T09:53:24.754+0000][163][gc,phases      ] GC(249)   Post Evacuate Collection Set: 0.5ms
[2022-05-19T09:53:24.754+0000][163][gc,phases      ] GC(249)   Other: 1.7ms
[2022-05-19T09:53:24.755+0000][163][gc,heap        ] GC(249) Eden regions: 18->0(18)
[2022-05-19T09:53:24.755+0000][163][gc,heap        ] GC(249) Survivor regions: 2->2(3)
[2022-05-19T09:53:24.755+0000][163][gc,heap        ] GC(249) Old regions: 52->52
[2022-05-19T09:53:24.755+0000][163][gc,heap        ] GC(249) Archive regions: 2->2
[2022-05-19T09:53:24.755+0000][163][gc,heap        ] GC(249) Humongous regions: 32->32
[2022-05-19T09:53:24.755+0000][163][gc,metaspace   ] GC(249) Metaspace: 104016K(105344K)->104016K(105344K) NonClass: 89813K(90624K)->89813K(90624K) Class: 14202K(14720K)->14202K(14720K)
[2022-05-19T09:53:24.755+0000][163][gc             ] GC(249) Pause Young (Concurrent Start) (G1 Evacuation Pause) 414M->343M(512M) 5.428ms
[2022-05-19T09:53:24.755+0000][163][gc,cpu         ] GC(249) User=0.02s Sys=0.00s Real=0.00s
[2022-05-19T09:53:24.756+0000][163][gc             ] GC(250) Concurrent Mark Cycle
[2022-05-19T09:53:24.756+0000][163][gc,marking     ] GC(250) Concurrent Clear Claimed Marks
[2022-05-19T09:53:24.756+0000][163][safepoint      ] Safepoint "G1CollectForAllocation", Time since last: 543073800 ns, Reaching safepoint: 222300 ns, At safepoint: 5754900 ns, Total: 5977200 ns
[2022-05-19T09:53:24.756+0000][163][gc,marking     ] GC(250) Concurrent Clear Claimed Marks 0.193ms
[2022-05-19T09:53:24.756+0000][163][gc,marking     ] GC(250) Concurrent Scan Root Regions
[2022-05-19T09:53:24.757+0000][163][gc,marking     ] GC(250) Concurrent Scan Root Regions 0.911ms
[2022-05-19T09:53:24.757+0000][163][gc,marking     ] GC(250) Concurrent Mark
[2022-05-19T09:53:24.757+0000][163][gc,marking     ] GC(250) Concurrent Mark From Roots
[2022-05-19T09:53:24.757+0000][163][gc,task        ] GC(250) Using 3 workers of 3 for marking
[2022-05-19T09:53:24.803+0000][163][gc,marking     ] GC(250) Concurrent Mark From Roots 46.069ms
[2022-05-19T09:53:24.804+0000][163][gc,marking     ] GC(250) Concurrent Preclean
[2022-05-19T09:53:24.804+0000][163][gc,marking     ] GC(250) Concurrent Preclean 0.707ms
[2022-05-19T09:53:24.805+0000][163][gc,start       ] GC(250) Pause Remark
[2022-05-19T09:53:24.808+0000][163][gc             ] GC(250) Pause Remark 348M->348M(512M) 3.414ms
[2022-05-19T09:53:24.809+0000][163][gc,cpu         ] GC(250) User=0.01s Sys=0.01s Real=0.01s
[2022-05-19T09:53:24.809+0000][163][safepoint      ] Safepoint "G1Concurrent", Time since last: 49141400 ns, Reaching safepoint: 286900 ns, At safepoint: 4082000 ns, Total: 4368900 ns
[2022-05-19T09:53:24.809+0000][163][gc,marking     ] GC(250) Concurrent Mark 52.131ms
[2022-05-19T09:53:24.809+0000][163][gc,marking     ] GC(250) Concurrent Rebuild Remembered Sets
[2022-05-19T09:53:24.829+0000][163][gc,marking     ] GC(250) Concurrent Rebuild Remembered Sets 19.543ms
[2022-05-19T09:53:24.830+0000][163][gc,start       ] GC(250) Pause Cleanup
[2022-05-19T09:53:24.830+0000][163][gc             ] GC(250) Pause Cleanup 351M->351M(512M) 0.391ms
[2022-05-19T09:53:24.830+0000][163][gc,cpu         ] GC(250) User=0.00s Sys=0.00s Real=0.00s
[2022-05-19T09:53:24.831+0000][163][safepoint      ] Safepoint "G1Concurrent", Time since last: 20354200 ns, Reaching safepoint: 310000 ns, At safepoint: 826900 ns, Total: 1136900 ns
[2022-05-19T09:53:24.831+0000][163][gc,marking     ] GC(250) Concurrent Cleanup for Next Mark
[2022-05-19T09:53:24.831+0000][163][gc,marking     ] GC(250) Concurrent Cleanup for Next Mark 0.411ms
[2022-05-19T09:53:24.831+0000][163][gc             ] GC(250) Concurrent Mark Cycle 75.859ms
[2022-05-19T09:53:25.342+0000][163][gc,start       ] GC(251) Pause Young (Normal) (G1 Evacuation Pause)
[2022-05-19T09:53:25.342+0000][163][gc,task        ] GC(251) Using 10 workers of 10 for evacuation
[2022-05-19T09:53:25.343+0000][163][gc,age         ] GC(251) Desired survivor size 6291456 bytes, new threshold 6 (max threshold 15)
[2022-05-19T09:53:25.345+0000][163][gc,age         ] GC(251) Age table with threshold 6 (max threshold 15)
[2022-05-19T09:53:25.345+0000][163][gc,age         ] GC(251) - age   1:    1024248 bytes,    1024248 total
[2022-05-19T09:53:25.346+0000][163][gc,age         ] GC(251) - age   2:    1405824 bytes,    2430072 total
[2022-05-19T09:53:25.346+0000][163][gc,age         ] GC(251) - age   3:    1049152 bytes,    3479224 total
[2022-05-19T09:53:25.346+0000][163][gc,age         ] GC(251) - age   4:    1049304 bytes,    4528528 total
[2022-05-19T09:53:25.346+0000][163][gc,age         ] GC(251) - age   5:    1082568 bytes,    5611096 total
[2022-05-19T09:53:25.347+0000][163][gc,age         ] GC(251) - age   6:    1082160 bytes,    6693256 total
[2022-05-19T09:53:25.347+0000][163][gc,phases      ] GC(251)   Pre Evacuate Collection Set: 0.2ms
[2022-05-19T09:53:25.347+0000][163][gc,phases      ] GC(251)   Merge Heap Roots: 0.1ms
[2022-05-19T09:53:25.347+0000][163][gc,phases      ] GC(251)   Evacuate Collection Set: 1.3ms
[2022-05-19T09:53:25.348+0000][163][gc,phases      ] GC(251)   Post Evacuate Collection Set: 0.7ms
[2022-05-19T09:53:25.348+0000][163][gc,phases      ] GC(251)   Other: 2.7ms
[2022-05-19T09:53:25.348+0000][163][gc,heap        ] GC(251) Eden regions: 18->0(17)
[2022-05-19T09:53:25.349+0000][163][gc,heap        ] GC(251) Survivor regions: 2->2(3)
[2022-05-19T09:53:25.349+0000][163][gc,heap        ] GC(251) Old regions: 52->53
[2022-05-19T09:53:25.349+0000][163][gc,heap        ] GC(251) Archive regions: 2->2
[2022-05-19T09:53:25.349+0000][163][gc,heap        ] GC(251) Humongous regions: 32->32
[2022-05-19T09:53:25.350+0000][163][gc,metaspace   ] GC(251) Metaspace: 104016K(105344K)->104016K(105344K) NonClass: 89813K(90624K)->89813K(90624K) Class: 14202K(14720K)->14202K(14720K)
[2022-05-19T09:53:25.350+0000][163][gc             ] GC(251) Pause Young (Normal) (G1 Evacuation Pause) 415M->344M(512M) 7.824ms
[2022-05-19T09:53:25.350+0000][163][gc,cpu         ] GC(251) User=0.02s Sys=0.00s Real=0.01s
[2022-05-19T09:53:25.350+0000][163][safepoint      ] Safepoint "G1CollectForAllocation", Time since last: 511046900 ns, Reaching safepoint: 257300 ns, At safepoint: 8182700 ns, Total: 8440000 ns
[2022-05-19T09:53:25.871+0000][163][gc,start       ] GC(252) Pause Young (Concurrent Start) (G1 Evacuation Pause)
[2022-05-19T09:53:25.872+0000][163][gc,task        ] GC(252) Using 10 workers of 10 for evacuation
[2022-05-19T09:53:25.872+0000][163][gc,age         ] GC(252) Desired survivor size 6291456 bytes, new threshold 6 (max threshold 15)
[2022-05-19T09:53:25.875+0000][163][gc,age         ] GC(252) Age table with threshold 6 (max threshold 15)
[2022-05-19T09:53:25.875+0000][163][gc,age         ] GC(252) - age   1:    1050368 bytes,    1050368 total
[2022-05-19T09:53:25.875+0000][163][gc,age         ] GC(252) - age   2:    1023464 bytes,    2073832 total
[2022-05-19T09:53:25.876+0000][163][gc,age         ] GC(252) - age   3:    1405408 bytes,    3479240 total
[2022-05-19T09:53:25.876+0000][163][gc,age         ] GC(252) - age   4:    1049120 bytes,    4528360 total
[2022-05-19T09:53:25.876+0000][163][gc,age         ] GC(252) - age   5:    1049304 bytes,    5577664 total
[2022-05-19T09:53:25.876+0000][163][gc,age         ] GC(252) - age   6:    1082568 bytes,    6660232 total
[2022-05-19T09:53:25.877+0000][163][gc,phases      ] GC(252)   Pre Evacuate Collection Set: 0.3ms
[2022-05-19T09:53:25.877+0000][163][gc,phases      ] GC(252)   Merge Heap Roots: 0.2ms
[2022-05-19T09:53:25.877+0000][163][gc,phases      ] GC(252)   Evacuate Collection Set: 1.7ms
[2022-05-19T09:53:25.877+0000][163][gc,phases      ] GC(252)   Post Evacuate Collection Set: 0.5ms
[2022-05-19T09:53:25.877+0000][163][gc,phases      ] GC(252)   Other: 2.6ms
[2022-05-19T09:53:25.877+0000][163][gc,heap        ] GC(252) Eden regions: 17->0(17)
[2022-05-19T09:53:25.878+0000][163][gc,heap        ] GC(252) Survivor regions: 2->2(3)
[2022-05-19T09:53:25.878+0000][163][gc,heap        ] GC(252) Old regions: 53->53
[2022-05-19T09:53:25.878+0000][163][gc,heap        ] GC(252) Archive regions: 2->2
[2022-05-19T09:53:25.878+0000][163][gc,heap        ] GC(252) Humongous regions: 32->32
[2022-05-19T09:53:25.878+0000][163][gc,metaspace   ] GC(252) Metaspace: 104016K(105344K)->104016K(105344K) NonClass: 89813K(90624K)->89813K(90624K) Class: 14202K(14720K)->14202K(14720K)
[2022-05-19T09:53:25.878+0000][163][gc             ] GC(252) Pause Young (Concurrent Start) (G1 Evacuation Pause) 412M->345M(512M) 6.885ms
[2022-05-19T09:53:25.878+0000][163][gc,cpu         ] GC(252) User=0.02s Sys=0.00s Real=0.01s
[2022-05-19T09:53:25.878+0000][163][gc             ] GC(253) Concurrent Mark Cycle
[2022-05-19T09:53:25.878+0000][163][safepoint      ] Safepoint "G1CollectForAllocation", Time since last: 520995200 ns, Reaching safepoint: 254200 ns, At safepoint: 7226800 ns, Total: 7481000 ns
[2022-05-19T09:53:25.879+0000][163][gc,marking     ] GC(253) Concurrent Clear Claimed Marks
[2022-05-19T09:53:25.879+0000][163][gc,marking     ] GC(253) Concurrent Clear Claimed Marks 0.405ms
[2022-05-19T09:53:25.879+0000][163][gc,marking     ] GC(253) Concurrent Scan Root Regions
[2022-05-19T09:53:25.880+0000][163][gc,marking     ] GC(253) Concurrent Scan Root Regions 1.086ms
[2022-05-19T09:53:25.880+0000][163][gc,marking     ] GC(253) Concurrent Mark
[2022-05-19T09:53:25.881+0000][163][gc,marking     ] GC(253) Concurrent Mark From Roots
[2022-05-19T09:53:25.881+0000][163][gc,task        ] GC(253) Using 3 workers of 3 for marking
[2022-05-19T09:53:25.926+0000][163][gc,marking     ] GC(253) Concurrent Mark From Roots 45.012ms
[2022-05-19T09:53:25.926+0000][163][gc,marking     ] GC(253) Concurrent Preclean
[2022-05-19T09:53:25.927+0000][163][gc,marking     ] GC(253) Concurrent Preclean 0.747ms
[2022-05-19T09:53:25.927+0000][163][gc,start       ] GC(253) Pause Remark
[2022-05-19T09:53:25.931+0000][163][gc             ] GC(253) Pause Remark 350M->350M(512M) 3.881ms
[2022-05-19T09:53:25.932+0000][163][gc,cpu         ] GC(253) User=0.02s Sys=0.01s Real=0.01s
[2022-05-19T09:53:25.932+0000][163][safepoint      ] Safepoint "G1Concurrent", Time since last: 48378100 ns, Reaching safepoint: 277800 ns, At safepoint: 4723900 ns, Total: 5001700 ns
[2022-05-19T09:53:25.932+0000][163][gc,marking     ] GC(253) Concurrent Mark 51.685ms
[2022-05-19T09:53:25.932+0000][163][gc,marking     ] GC(253) Concurrent Rebuild Remembered Sets
[2022-05-19T09:53:25.960+0000][163][gc,marking     ] GC(253) Concurrent Rebuild Remembered Sets 27.208ms
[2022-05-19T09:53:25.960+0000][163][gc,start       ] GC(253) Pause Cleanup
[2022-05-19T09:53:25.961+0000][163][gc             ] GC(253) Pause Cleanup 353M->353M(512M) 0.375ms
[2022-05-19T09:53:25.961+0000][163][gc,cpu         ] GC(253) User=0.00s Sys=0.00s Real=0.00s
[2022-05-19T09:53:25.961+0000][163][safepoint      ] Safepoint "G1Concurrent", Time since last: 27986200 ns, Reaching safepoint: 316900 ns, At safepoint: 968200 ns, Total: 1285100 ns
[2022-05-19T09:53:25.961+0000][163][gc,marking     ] GC(253) Concurrent Cleanup for Next Mark
[2022-05-19T09:53:25.962+0000][163][gc,marking     ] GC(253) Concurrent Cleanup for Next Mark 0.422ms
[2022-05-19T09:53:25.962+0000][163][gc             ] GC(253) Concurrent Mark Cycle 83.600ms
[2022-05-19T09:53:26.510+0000][163][gc,start       ] GC(254) Pause Young (Normal) (G1 Evacuation Pause)
[2022-05-19T09:53:26.511+0000][163][gc,task        ] GC(254) Using 10 workers of 10 for evacuation
[2022-05-19T09:53:26.511+0000][163][gc,age         ] GC(254) Desired survivor size 6291456 bytes, new threshold 6 (max threshold 15)
[2022-05-19T09:53:26.513+0000][163][gc,age         ] GC(254) Age table with threshold 6 (max threshold 15)
[2022-05-19T09:53:26.513+0000][163][gc,age         ] GC(254) - age   1:     953768 bytes,     953768 total
[2022-05-19T09:53:26.513+0000][163][gc,age         ] GC(254) - age   2:    1049520 bytes,    2003288 total
[2022-05-19T09:53:26.514+0000][163][gc,age         ] GC(254) - age   3:    1021560 bytes,    3024848 total
[2022-05-19T09:53:26.514+0000][163][gc,age         ] GC(254) - age   4:    1405408 bytes,    4430256 total
[2022-05-19T09:53:26.514+0000][163][gc,age         ] GC(254) - age   5:    1049120 bytes,    5479376 total
[2022-05-19T09:53:26.514+0000][163][gc,age         ] GC(254) - age   6:    1049304 bytes,    6528680 total
[2022-05-19T09:53:26.515+0000][163][gc,phases      ] GC(254)   Pre Evacuate Collection Set: 0.2ms
[2022-05-19T09:53:26.515+0000][163][gc,phases      ] GC(254)   Merge Heap Roots: 0.2ms
[2022-05-19T09:53:26.515+0000][163][gc,phases      ] GC(254)   Evacuate Collection Set: 1.4ms
[2022-05-19T09:53:26.515+0000][163][gc,phases      ] GC(254)   Post Evacuate Collection Set: 0.5ms
[2022-05-19T09:53:26.515+0000][163][gc,phases      ] GC(254)   Other: 1.9ms
[2022-05-19T09:53:26.515+0000][163][gc,heap        ] GC(254) Eden regions: 17->0(17)
[2022-05-19T09:53:26.516+0000][163][gc,heap        ] GC(254) Survivor regions: 2->2(3)
[2022-05-19T09:53:26.516+0000][163][gc,heap        ] GC(254) Old regions: 53->53
[2022-05-19T09:53:26.516+0000][163][gc,heap        ] GC(254) Archive regions: 2->2
[2022-05-19T09:53:26.516+0000][163][gc,heap        ] GC(254) Humongous regions: 32->32
[2022-05-19T09:53:26.516+0000][163][gc,metaspace   ] GC(254) Metaspace: 104016K(105344K)->104016K(105344K) NonClass: 89813K(90624K)->89813K(90624K) Class: 14202K(14720K)->14202K(14720K)
[2022-05-19T09:53:26.516+0000][163][gc             ] GC(254) Pause Young (Normal) (G1 Evacuation Pause) 413M->346M(512M) 6.098ms
[2022-05-19T09:53:26.517+0000][163][gc,cpu         ] GC(254) User=0.01s Sys=0.00s Real=0.00s
[2022-05-19T09:53:26.517+0000][163][safepoint      ] Safepoint "G1CollectForAllocation", Time since last: 549002200 ns, Reaching safepoint: 209500 ns, At safepoint: 6596200 ns, Total: 6805700 ns
[2022-05-19T09:53:27.096+0000][163][gc,start       ] GC(255) Pause Young (Concurrent Start) (G1 Evacuation Pause)
[2022-05-19T09:53:27.097+0000][163][gc,task        ] GC(255) Using 10 workers of 10 for evacuation
[2022-05-19T09:53:27.097+0000][163][gc,age         ] GC(255) Desired survivor size 6291456 bytes, new threshold 6 (max threshold 15)
[2022-05-19T09:53:27.100+0000][163][gc,age         ] GC(255) Age table with threshold 6 (max threshold 15)
[2022-05-19T09:53:27.101+0000][163][gc,age         ] GC(255) - age   1:     984592 bytes,     984592 total
[2022-05-19T09:53:27.101+0000][163][gc,age         ] GC(255) - age   2:     953328 bytes,    1937920 total
[2022-05-19T09:53:27.101+0000][163][gc,age         ] GC(255) - age   3:    1049152 bytes,    2987072 total
[2022-05-19T09:53:27.101+0000][163][gc,age         ] GC(255) - age   4:    1021528 bytes,    4008600 total
[2022-05-19T09:53:27.102+0000][163][gc,age         ] GC(255) - age   5:    1405408 bytes,    5414008 total
[2022-05-19T09:53:27.102+0000][163][gc,age         ] GC(255) - age   6:    1049120 bytes,    6463128 total
[2022-05-19T09:53:27.102+0000][163][gc,phases      ] GC(255)   Pre Evacuate Collection Set: 0.2ms
[2022-05-19T09:53:27.102+0000][163][gc,phases      ] GC(255)   Merge Heap Roots: 0.1ms
[2022-05-19T09:53:27.102+0000][163][gc,phases      ] GC(255)   Evacuate Collection Set: 1.8ms
[2022-05-19T09:53:27.102+0000][163][gc,phases      ] GC(255)   Post Evacuate Collection Set: 1.1ms
[2022-05-19T09:53:27.103+0000][163][gc,phases      ] GC(255)   Other: 2.5ms
[2022-05-19T09:53:27.103+0000][163][gc,heap        ] GC(255) Eden regions: 17->0(17)
[2022-05-19T09:53:27.103+0000][163][gc,heap        ] GC(255) Survivor regions: 2->2(3)
[2022-05-19T09:53:27.103+0000][163][gc,heap        ] GC(255) Old regions: 53->53
[2022-05-19T09:53:27.103+0000][163][gc,heap        ] GC(255) Archive regions: 2->2
[2022-05-19T09:53:27.103+0000][163][gc,heap        ] GC(255) Humongous regions: 32->32
[2022-05-19T09:53:27.104+0000][163][gc,metaspace   ] GC(255) Metaspace: 104016K(105344K)->104016K(105344K) NonClass: 89813K(90624K)->89813K(90624K) Class: 14202K(14720K)->14202K(14720K)
[2022-05-19T09:53:27.104+0000][163][gc             ] GC(255) Pause Young (Concurrent Start) (G1 Evacuation Pause) 414M->347M(512M) 7.406ms
[2022-05-19T09:53:27.104+0000][163][gc,cpu         ] GC(255) User=0.01s Sys=0.00s Real=0.01s
[2022-05-19T09:53:27.104+0000][163][gc             ] GC(256) Concurrent Mark Cycle
[2022-05-19T09:53:27.104+0000][163][gc,marking     ] GC(256) Concurrent Clear Claimed Marks
[2022-05-19T09:53:27.104+0000][163][safepoint      ] Safepoint "G1CollectForAllocation", Time since last: 579126100 ns, Reaching safepoint: 241300 ns, At safepoint: 7819000 ns, Total: 8060300 ns
[2022-05-19T09:53:27.105+0000][163][gc,marking     ] GC(256) Concurrent Clear Claimed Marks 0.230ms
[2022-05-19T09:53:27.105+0000][163][gc,marking     ] GC(256) Concurrent Scan Root Regions
[2022-05-19T09:53:27.106+0000][163][gc,marking     ] GC(256) Concurrent Scan Root Regions 1.236ms
[2022-05-19T09:53:27.106+0000][163][gc,marking     ] GC(256) Concurrent Mark
[2022-05-19T09:53:27.106+0000][163][gc,marking     ] GC(256) Concurrent Mark From Roots
[2022-05-19T09:53:27.107+0000][163][gc,task        ] GC(256) Using 3 workers of 3 for marking
[2022-05-19T09:53:27.157+0000][163][gc,marking     ] GC(256) Concurrent Mark From Roots 50.573ms
[2022-05-19T09:53:27.157+0000][163][gc,marking     ] GC(256) Concurrent Preclean
[2022-05-19T09:53:27.158+0000][163][gc,marking     ] GC(256) Concurrent Preclean 0.727ms
[2022-05-19T09:53:27.159+0000][163][gc,start       ] GC(256) Pause Remark
[2022-05-19T09:53:27.162+0000][163][gc             ] GC(256) Pause Remark 352M->352M(512M) 3.656ms
[2022-05-19T09:53:27.163+0000][163][gc,cpu         ] GC(256) User=0.02s Sys=0.00s Real=0.00s
[2022-05-19T09:53:27.163+0000][163][safepoint      ] Safepoint "G1Concurrent", Time since last: 54195700 ns, Reaching safepoint: 315200 ns, At safepoint: 4319300 ns, Total: 4634500 ns
[2022-05-19T09:53:27.163+0000][163][gc,marking     ] GC(256) Concurrent Mark 57.027ms
[2022-05-19T09:53:27.163+0000][163][gc,marking     ] GC(256) Concurrent Rebuild Remembered Sets
[2022-05-19T09:53:27.185+0000][163][gc,marking     ] GC(256) Concurrent Rebuild Remembered Sets 21.485ms
[2022-05-19T09:53:27.186+0000][163][gc,start       ] GC(256) Pause Cleanup
[2022-05-19T09:53:27.186+0000][163][gc             ] GC(256) Pause Cleanup 355M->355M(512M) 0.337ms
[2022-05-19T09:53:27.186+0000][163][gc,cpu         ] GC(256) User=0.00s Sys=0.00s Real=0.00s
[2022-05-19T09:53:27.186+0000][163][safepoint      ] Safepoint "G1Concurrent", Time since last: 22271800 ns, Reaching safepoint: 284100 ns, At safepoint: 759200 ns, Total: 1043300 ns
[2022-05-19T09:53:27.186+0000][163][gc,marking     ] GC(256) Concurrent Cleanup for Next Mark
[2022-05-19T09:53:27.187+0000][163][gc,marking     ] GC(256) Concurrent Cleanup for Next Mark 0.362ms
[2022-05-19T09:53:27.187+0000][163][gc             ] GC(256) Concurrent Mark Cycle 82.858ms
[2022-05-19T09:53:27.631+0000][163][gc,start       ] GC(257) Pause Young (Normal) (G1 Evacuation Pause)
[2022-05-19T09:53:27.631+0000][163][gc,task        ] GC(257) Using 10 workers of 10 for evacuation
[2022-05-19T09:53:27.632+0000][163][gc,age         ] GC(257) Desired survivor size 6291456 bytes, new threshold 6 (max threshold 15)
[2022-05-19T09:53:27.635+0000][163][gc,age         ] GC(257) Age table with threshold 6 (max threshold 15)
[2022-05-19T09:53:27.635+0000][163][gc,age         ] GC(257) - age   1:     986216 bytes,     986216 total
[2022-05-19T09:53:27.636+0000][163][gc,age         ] GC(257) - age   2:     984208 bytes,    1970424 total
[2022-05-19T09:53:27.636+0000][163][gc,age         ] GC(257) - age   3:     950952 bytes,    2921376 total
[2022-05-19T09:53:27.636+0000][163][gc,age         ] GC(257) - age   4:    1049152 bytes,    3970528 total
[2022-05-19T09:53:27.636+0000][163][gc,age         ] GC(257) - age   5:    1021528 bytes,    4992056 total
[2022-05-19T09:53:27.636+0000][163][gc,age         ] GC(257) - age   6:    1405408 bytes,    6397464 total
[2022-05-19T09:53:27.637+0000][163][gc,phases      ] GC(257)   Pre Evacuate Collection Set: 0.2ms
[2022-05-19T09:53:27.637+0000][163][gc,phases      ] GC(257)   Merge Heap Roots: 0.3ms
[2022-05-19T09:53:27.637+0000][163][gc,phases      ] GC(257)   Evacuate Collection Set: 1.4ms
[2022-05-19T09:53:27.637+0000][163][gc,phases      ] GC(257)   Post Evacuate Collection Set: 0.8ms
[2022-05-19T09:53:27.637+0000][163][gc,phases      ] GC(257)   Other: 2.9ms
[2022-05-19T09:53:27.638+0000][163][gc,heap        ] GC(257) Eden regions: 17->0(16)
[2022-05-19T09:53:27.638+0000][163][gc,heap        ] GC(257) Survivor regions: 2->2(3)
[2022-05-19T09:53:27.638+0000][163][gc,heap        ] GC(257) Old regions: 53->54
[2022-05-19T09:53:27.638+0000][163][gc,heap        ] GC(257) Archive regions: 2->2
[2022-05-19T09:53:27.638+0000][163][gc,heap        ] GC(257) Humongous regions: 32->32
[2022-05-19T09:53:27.638+0000][163][gc,metaspace   ] GC(257) Metaspace: 104016K(105344K)->104016K(105344K) NonClass: 89813K(90624K)->89813K(90624K) Class: 14202K(14720K)->14202K(14720K)
[2022-05-19T09:53:27.638+0000][163][gc             ] GC(257) Pause Young (Normal) (G1 Evacuation Pause) 415M->348M(512M) 7.568ms
[2022-05-19T09:53:27.639+0000][163][gc,cpu         ] GC(257) User=0.02s Sys=0.00s Real=0.01s
[2022-05-19T09:53:27.639+0000][163][safepoint      ] Safepoint "G1CollectForAllocation", Time since last: 444278300 ns, Reaching safepoint: 275000 ns, At safepoint: 7879700 ns, Total: 8154700 ns
[2022-05-19T09:53:27.762+0000][163][gc,start       ] GC(258) Pause Young (Concurrent Start) (G1 Humongous Allocation)
[2022-05-19T09:53:27.762+0000][163][gc,task        ] GC(258) Using 10 workers of 10 for evacuation
[2022-05-19T09:53:27.762+0000][163][gc,age         ] GC(258) Desired survivor size 6291456 bytes, new threshold 6 (max threshold 15)
[2022-05-19T09:53:27.765+0000][163][gc,age         ] GC(258) Age table with threshold 6 (max threshold 15)
[2022-05-19T09:53:27.765+0000][163][gc,age         ] GC(258) - age   1:     278360 bytes,     278360 total
[2022-05-19T09:53:27.766+0000][163][gc,age         ] GC(258) - age   2:     985872 bytes,    1264232 total
[2022-05-19T09:53:27.766+0000][163][gc,age         ] GC(258) - age   3:     983840 bytes,    2248072 total
[2022-05-19T09:53:27.766+0000][163][gc,age         ] GC(258) - age   4:     950952 bytes,    3199024 total
[2022-05-19T09:53:27.766+0000][163][gc,age         ] GC(258) - age   5:    1049120 bytes,    4248144 total
[2022-05-19T09:53:27.767+0000][163][gc,age         ] GC(258) - age   6:    1021528 bytes,    5269672 total
[2022-05-19T09:53:27.767+0000][163][gc,phases      ] GC(258)   Pre Evacuate Collection Set: 0.2ms
[2022-05-19T09:53:27.767+0000][163][gc,phases      ] GC(258)   Merge Heap Roots: 0.2ms
[2022-05-19T09:53:27.767+0000][163][gc,phases      ] GC(258)   Evacuate Collection Set: 1.5ms
[2022-05-19T09:53:27.767+0000][163][gc,phases      ] GC(258)   Post Evacuate Collection Set: 0.5ms
[2022-05-19T09:53:27.767+0000][163][gc,phases      ] GC(258)   Other: 2.6ms
[2022-05-19T09:53:27.768+0000][163][gc,heap        ] GC(258) Eden regions: 5->0(16)
[2022-05-19T09:53:27.768+0000][163][gc,heap        ] GC(258) Survivor regions: 2->2(3)
[2022-05-19T09:53:27.768+0000][163][gc,heap        ] GC(258) Old regions: 54->54
[2022-05-19T09:53:27.768+0000][163][gc,heap        ] GC(258) Archive regions: 2->2
[2022-05-19T09:53:27.768+0000][163][gc,heap        ] GC(258) Humongous regions: 32->32
[2022-05-19T09:53:27.768+0000][163][gc,metaspace   ] GC(258) Metaspace: 104016K(105344K)->104016K(105344K) NonClass: 89813K(90624K)->89813K(90624K) Class: 14202K(14720K)->14202K(14720K)
[2022-05-19T09:53:27.768+0000][163][gc             ] GC(258) Pause Young (Concurrent Start) (G1 Humongous Allocation) 365M->348M(512M) 6.611ms
[2022-05-19T09:53:27.769+0000][163][gc,cpu         ] GC(258) User=0.01s Sys=0.00s Real=0.01s
[2022-05-19T09:53:27.769+0000][163][gc             ] GC(259) Concurrent Mark Cycle
[2022-05-19T09:53:27.769+0000][163][gc,marking     ] GC(259) Concurrent Clear Claimed Marks
[2022-05-19T09:53:27.769+0000][163][safepoint      ] Safepoint "G1TryInitiateConcMark", Time since last: 122920200 ns, Reaching safepoint: 181900 ns, At safepoint: 6988000 ns, Total: 7169900 ns
[2022-05-19T09:53:27.769+0000][163][gc,marking     ] GC(259) Concurrent Clear Claimed Marks 0.174ms
[2022-05-19T09:53:27.769+0000][163][gc,marking     ] GC(259) Concurrent Scan Root Regions
[2022-05-19T09:53:27.771+0000][163][gc,marking     ] GC(259) Concurrent Scan Root Regions 1.311ms
[2022-05-19T09:53:27.771+0000][163][gc,marking     ] GC(259) Concurrent Mark
[2022-05-19T09:53:27.771+0000][163][gc,marking     ] GC(259) Concurrent Mark From Roots
[2022-05-19T09:53:27.771+0000][163][gc,task        ] GC(259) Using 3 workers of 3 for marking
[2022-05-19T09:53:27.818+0000][163][gc,marking     ] GC(259) Concurrent Mark From Roots 46.731ms
[2022-05-19T09:53:27.818+0000][163][gc,marking     ] GC(259) Concurrent Preclean
[2022-05-19T09:53:27.819+0000][163][gc,marking     ] GC(259) Concurrent Preclean 0.675ms
[2022-05-19T09:53:27.819+0000][163][gc,start       ] GC(259) Pause Remark
[2022-05-19T09:53:27.823+0000][163][gc             ] GC(259) Pause Remark 385M->385M(512M) 3.271ms
[2022-05-19T09:53:27.823+0000][163][gc,cpu         ] GC(259) User=0.03s Sys=0.00s Real=0.00s
[2022-05-19T09:53:27.823+0000][163][safepoint      ] Safepoint "G1Concurrent", Time since last: 50245600 ns, Reaching safepoint: 262300 ns, At safepoint: 3662200 ns, Total: 3924500 ns
[2022-05-19T09:53:27.823+0000][163][gc,marking     ] GC(259) Concurrent Mark 52.128ms
[2022-05-19T09:53:27.823+0000][163][gc,marking     ] GC(259) Concurrent Rebuild Remembered Sets
[2022-05-19T09:53:27.842+0000][163][gc,marking     ] GC(259) Concurrent Rebuild Remembered Sets 18.617ms
[2022-05-19T09:53:27.843+0000][163][gc,start       ] GC(259) Pause Cleanup
[2022-05-19T09:53:27.843+0000][163][gc             ] GC(259) Pause Cleanup 385M->385M(512M) 0.443ms
[2022-05-19T09:53:27.843+0000][163][gc,cpu         ] GC(259) User=0.00s Sys=0.00s Real=0.00s
[2022-05-19T09:53:27.844+0000][163][safepoint      ] Safepoint "G1Concurrent", Time since last: 19315000 ns, Reaching safepoint: 203400 ns, At safepoint: 1004800 ns, Total: 1208200 ns
[2022-05-19T09:53:27.844+0000][163][gc,marking     ] GC(259) Concurrent Cleanup for Next Mark
[2022-05-19T09:53:27.844+0000][163][gc,marking     ] GC(259) Concurrent Cleanup for Next Mark 0.358ms
[2022-05-19T09:53:27.844+0000][163][gc             ] GC(259) Concurrent Mark Cycle 75.562ms
[2022-05-19T09:53:27.984+0000][163][gc,start       ] GC(260) Pause Young (Normal) (G1 Evacuation Pause)
[2022-05-19T09:53:27.984+0000][163][gc,task        ] GC(260) Using 10 workers of 10 for evacuation
[2022-05-19T09:53:27.984+0000][163][gc,age         ] GC(260) Desired survivor size 6291456 bytes, new threshold 15 (max threshold 15)
[2022-05-19T09:53:27.992+0000][163][gc,age         ] GC(260) Age table with threshold 15 (max threshold 15)
[2022-05-19T09:53:27.992+0000][163][gc,age         ] GC(260) - age   1:   11347488 bytes,   11347488 total
[2022-05-19T09:53:27.993+0000][163][gc,age         ] GC(260) - age   2:      81416 bytes,   11428904 total
[2022-05-19T09:53:27.993+0000][163][gc,age         ] GC(260) - age   3:       2352 bytes,   11431256 total
[2022-05-19T09:53:27.993+0000][163][gc,age         ] GC(260) - age   4:        320 bytes,   11431576 total
[2022-05-19T09:53:27.994+0000][163][gc,age         ] GC(260) - age   5:     164136 bytes,   11595712 total
[2022-05-19T09:53:27.994+0000][163][gc,age         ] GC(260) - age   6:     295088 bytes,   11890800 total
[2022-05-19T09:53:27.994+0000][163][gc,age         ] GC(260) - age   7:     595336 bytes,   12486136 total
[2022-05-19T09:53:27.994+0000][163][gc             ] GC(260) To-space exhausted
[2022-05-19T09:53:27.995+0000][163][gc,phases      ] GC(260)   Pre Evacuate Collection Set: 0.2ms
[2022-05-19T09:53:27.995+0000][163][gc,phases      ] GC(260)   Merge Heap Roots: 0.2ms
[2022-05-19T09:53:27.995+0000][163][gc,phases      ] GC(260)   Evacuate Collection Set: 6.5ms
[2022-05-19T09:53:27.995+0000][163][gc,phases      ] GC(260)   Post Evacuate Collection Set: 0.8ms
[2022-05-19T09:53:27.995+0000][163][gc,phases      ] GC(260)   Other: 3.1ms
[2022-05-19T09:53:27.995+0000][163][gc,heap        ] GC(260) Eden regions: 16->0(3)
[2022-05-19T09:53:27.996+0000][163][gc,heap        ] GC(260) Survivor regions: 2->3(3)
[2022-05-19T09:53:27.996+0000][163][gc,heap        ] GC(260) Old regions: 54->70
[2022-05-19T09:53:27.996+0000][163][gc,heap        ] GC(260) Archive regions: 2->2
[2022-05-19T09:53:27.996+0000][163][gc,heap        ] GC(260) Humongous regions: 41->32
[2022-05-19T09:53:27.996+0000][163][gc,metaspace   ] GC(260) Metaspace: 104016K(105344K)->104016K(105344K) NonClass: 89813K(90624K)->89813K(90624K) Class: 14202K(14720K)->14202K(14720K)
[2022-05-19T09:53:27.996+0000][163][gc             ] GC(260) Pause Young (Normal) (G1 Evacuation Pause) 448M->421M(512M) 12.518ms
[2022-05-19T09:53:27.997+0000][163][gc,cpu         ] GC(260) User=0.06s Sys=0.00s Real=0.01s
[2022-05-19T09:53:27.997+0000][163][safepoint      ] Safepoint "G1CollectForAllocation", Time since last: 140112300 ns, Reaching safepoint: 200900 ns, At safepoint: 12861900 ns, Total: 13062800 ns
[2022-05-19T09:53:28.221+0000][163][gc,start       ] GC(261) Pause Young (Concurrent Start) (G1 Evacuation Pause)
[2022-05-19T09:53:28.221+0000][163][gc,task        ] GC(261) Using 10 workers of 10 for evacuation
[2022-05-19T09:53:28.221+0000][163][gc,age         ] GC(261) Desired survivor size 2097152 bytes, new threshold 1 (max threshold 15)
[2022-05-19T09:53:28.225+0000][163][gc,age         ] GC(261) Age table with threshold 1 (max threshold 15)
[2022-05-19T09:53:28.225+0000][163][gc,age         ] GC(261) - age   1:    3746392 bytes,    3746392 total
[2022-05-19T09:53:28.226+0000][163][gc,phases      ] GC(261)   Pre Evacuate Collection Set: 0.2ms
[2022-05-19T09:53:28.226+0000][163][gc,phases      ] GC(261)   Merge Heap Roots: 0.2ms
[2022-05-19T09:53:28.226+0000][163][gc,phases      ] GC(261)   Evacuate Collection Set: 2.2ms
[2022-05-19T09:53:28.226+0000][163][gc,phases      ] GC(261)   Post Evacuate Collection Set: 0.7ms
[2022-05-19T09:53:28.226+0000][163][gc,phases      ] GC(261)   Other: 1.5ms
[2022-05-19T09:53:28.227+0000][163][gc,heap        ] GC(261) Eden regions: 3->0(5)
[2022-05-19T09:53:28.227+0000][163][gc,heap        ] GC(261) Survivor regions: 3->1(1)
[2022-05-19T09:53:28.227+0000][163][gc,heap        ] GC(261) Old regions: 70->73
[2022-05-19T09:53:28.227+0000][163][gc,heap        ] GC(261) Archive regions: 2->2
[2022-05-19T09:53:28.227+0000][163][gc,heap        ] GC(261) Humongous regions: 32->32
[2022-05-19T09:53:28.227+0000][163][gc,metaspace   ] GC(261) Metaspace: 104016K(105344K)->104016K(105344K) NonClass: 89813K(90624K)->89813K(90624K) Class: 14202K(14720K)->14202K(14720K)
[2022-05-19T09:53:28.228+0000][163][gc             ] GC(261) Pause Young (Concurrent Start) (G1 Evacuation Pause) 433M->425M(512M) 6.821ms
[2022-05-19T09:53:28.228+0000][163][gc,cpu         ] GC(261) User=0.02s Sys=0.00s Real=0.00s
[2022-05-19T09:53:28.228+0000][163][safepoint      ] Safepoint "G1CollectForAllocation", Time since last: 223835000 ns, Reaching safepoint: 227700 ns, At safepoint: 7131300 ns, Total: 7359000 ns
[2022-05-19T09:53:28.228+0000][163][gc             ] GC(262) Concurrent Mark Cycle
[2022-05-19T09:53:28.228+0000][163][gc,marking     ] GC(262) Concurrent Clear Claimed Marks
[2022-05-19T09:53:28.228+0000][163][gc,marking     ] GC(262) Concurrent Clear Claimed Marks 0.170ms
[2022-05-19T09:53:28.228+0000][163][gc,marking     ] GC(262) Concurrent Scan Root Regions
[2022-05-19T09:53:28.229+0000][163][gc,marking     ] GC(262) Concurrent Scan Root Regions 0.966ms
[2022-05-19T09:53:28.230+0000][163][gc,marking     ] GC(262) Concurrent Mark
[2022-05-19T09:53:28.230+0000][163][gc,marking     ] GC(262) Concurrent Mark From Roots
[2022-05-19T09:53:28.230+0000][163][gc,task        ] GC(262) Using 3 workers of 3 for marking
[2022-05-19T09:53:28.272+0000][163][gc,marking     ] GC(262) Concurrent Mark From Roots 42.668ms
[2022-05-19T09:53:28.273+0000][163][gc,marking     ] GC(262) Concurrent Preclean
[2022-05-19T09:53:28.273+0000][163][gc,marking     ] GC(262) Concurrent Preclean 0.598ms
[2022-05-19T09:53:28.274+0000][163][gc,start       ] GC(262) Pause Remark
[2022-05-19T09:53:28.277+0000][163][gc             ] GC(262) Pause Remark 431M->303M(512M) 3.244ms
[2022-05-19T09:53:28.277+0000][163][gc,cpu         ] GC(262) User=0.02s Sys=0.00s Real=0.00s
[2022-05-19T09:53:28.277+0000][163][safepoint      ] Safepoint "G1Concurrent", Time since last: 45512300 ns, Reaching safepoint: 263500 ns, At safepoint: 3774900 ns, Total: 4038400 ns
[2022-05-19T09:53:28.278+0000][163][gc,marking     ] GC(262) Concurrent Mark 48.088ms
[2022-05-19T09:53:28.278+0000][163][gc,marking     ] GC(262) Concurrent Rebuild Remembered Sets
[2022-05-19T09:53:28.301+0000][163][gc,marking     ] GC(262) Concurrent Rebuild Remembered Sets 23.000ms
[2022-05-19T09:53:28.301+0000][163][gc,start       ] GC(262) Pause Cleanup
[2022-05-19T09:53:28.302+0000][163][gc             ] GC(262) Pause Cleanup 306M->306M(512M) 0.463ms
[2022-05-19T09:53:28.302+0000][163][gc,cpu         ] GC(262) User=0.00s Sys=0.00s Real=0.00s
[2022-05-19T09:53:28.303+0000][163][safepoint      ] Safepoint "G1Concurrent", Time since last: 23692300 ns, Reaching safepoint: 263300 ns, At safepoint: 1118500 ns, Total: 1381800 ns
[2022-05-19T09:53:28.303+0000][163][gc,marking     ] GC(262) Concurrent Cleanup for Next Mark
[2022-05-19T09:53:28.303+0000][163][gc,marking     ] GC(262) Concurrent Cleanup for Next Mark 0.429ms
[2022-05-19T09:53:28.304+0000][163][gc             ] GC(262) Concurrent Mark Cycle 75.632ms
[2022-05-19T09:53:28.374+0000][163][gc,start       ] GC(263) Pause Young (Prepare Mixed) (G1 Evacuation Pause)
[2022-05-19T09:53:28.374+0000][163][gc,task        ] GC(263) Using 10 workers of 10 for evacuation
[2022-05-19T09:53:28.374+0000][163][gc,age         ] GC(263) Desired survivor size 2097152 bytes, new threshold 1 (max threshold 15)
[2022-05-19T09:53:28.376+0000][163][gc,age         ] GC(263) Age table with threshold 1 (max threshold 15)
[2022-05-19T09:53:28.376+0000][163][gc,age         ] GC(263) - age   1:    1289696 bytes,    1289696 total
[2022-05-19T09:53:28.376+0000][163][gc,phases      ] GC(263)   Pre Evacuate Collection Set: 0.2ms
[2022-05-19T09:53:28.376+0000][163][gc,phases      ] GC(263)   Merge Heap Roots: 0.1ms
[2022-05-19T09:53:28.377+0000][163][gc,phases      ] GC(263)   Evacuate Collection Set: 0.9ms
[2022-05-19T09:53:28.377+0000][163][gc,phases      ] GC(263)   Post Evacuate Collection Set: 0.5ms
[2022-05-19T09:53:28.377+0000][163][gc,phases      ] GC(263)   Other: 1.0ms
[2022-05-19T09:53:28.377+0000][163][gc,heap        ] GC(263) Eden regions: 5->0(5)
[2022-05-19T09:53:28.377+0000][163][gc,heap        ] GC(263) Survivor regions: 1->1(1)
[2022-05-19T09:53:28.377+0000][163][gc,heap        ] GC(263) Old regions: 67->68
[2022-05-19T09:53:28.378+0000][163][gc,heap        ] GC(263) Archive regions: 2->2
[2022-05-19T09:53:28.378+0000][163][gc,heap        ] GC(263) Humongous regions: 6->6
[2022-05-19T09:53:28.378+0000][163][gc,metaspace   ] GC(263) Metaspace: 104016K(105344K)->104016K(105344K) NonClass: 89813K(90624K)->89813K(90624K) Class: 14202K(14720K)->14202K(14720K)
[2022-05-19T09:53:28.378+0000][163][gc             ] GC(263) Pause Young (Prepare Mixed) (G1 Evacuation Pause) 317M->296M(512M) 4.586ms
[2022-05-19T09:53:28.378+0000][163][gc,cpu         ] GC(263) User=0.01s Sys=0.00s Real=0.01s
[2022-05-19T09:53:28.378+0000][163][safepoint      ] Safepoint "G1CollectForAllocation", Time since last: 70786200 ns, Reaching safepoint: 183700 ns, At safepoint: 5021600 ns, Total: 5205300 ns
[2022-05-19T09:53:28.505+0000][163][gc,start       ] GC(264) Pause Young (Mixed) (G1 Evacuation Pause)
[2022-05-19T09:53:28.505+0000][163][gc,task        ] GC(264) Using 10 workers of 10 for evacuation
[2022-05-19T09:53:28.505+0000][163][gc,age         ] GC(264) Desired survivor size 2097152 bytes, new threshold 15 (max threshold 15)
[2022-05-19T09:53:28.507+0000][163][gc,age         ] GC(264) Age table with threshold 15 (max threshold 15)
[2022-05-19T09:53:28.507+0000][163][gc,age         ] GC(264) - age   1:    2884416 bytes,    2884416 total
[2022-05-19T09:53:28.508+0000][163][gc,age         ] GC(264) - age   2:     475856 bytes,    3360272 total
[2022-05-19T09:53:28.508+0000][163][gc,phases      ] GC(264)   Pre Evacuate Collection Set: 0.2ms
[2022-05-19T09:53:28.508+0000][163][gc,phases      ] GC(264)   Merge Heap Roots: 0.1ms
[2022-05-19T09:53:28.508+0000][163][gc,phases      ] GC(264)   Evacuate Collection Set: 0.9ms
[2022-05-19T09:53:28.508+0000][163][gc,phases      ] GC(264)   Post Evacuate Collection Set: 0.6ms
[2022-05-19T09:53:28.508+0000][163][gc,phases      ] GC(264)   Other: 0.8ms
[2022-05-19T09:53:28.508+0000][163][gc,heap        ] GC(264) Eden regions: 5->0(17)
[2022-05-19T09:53:28.508+0000][163][gc,heap        ] GC(264) Survivor regions: 1->1(1)
[2022-05-19T09:53:28.509+0000][163][gc,heap        ] GC(264) Old regions: 68->67
[2022-05-19T09:53:28.509+0000][163][gc,heap        ] GC(264) Archive regions: 2->2
[2022-05-19T09:53:28.509+0000][163][gc,heap        ] GC(264) Humongous regions: 6->6
[2022-05-19T09:53:28.509+0000][163][gc,metaspace   ] GC(264) Metaspace: 104019K(105344K)->104019K(105344K) NonClass: 89816K(90624K)->89816K(90624K) Class: 14202K(14720K)->14202K(14720K)
[2022-05-19T09:53:28.509+0000][163][gc             ] GC(264) Pause Young (Mixed) (G1 Evacuation Pause) 316M->294M(512M) 4.014ms
[2022-05-19T09:53:28.509+0000][163][gc,cpu         ] GC(264) User=0.01s Sys=0.00s Real=0.01s
[2022-05-19T09:53:28.509+0000][163][safepoint      ] Safepoint "G1CollectForAllocation", Time since last: 126276400 ns, Reaching safepoint: 268600 ns, At safepoint: 4333400 ns, Total: 4602000 ns
[2022-05-19T09:53:29.448+0000][163][gc,start       ] GC(265) Pause Young (Concurrent Start) (G1 Evacuation Pause)
[2022-05-19T09:53:29.448+0000][163][gc,task        ] GC(265) Using 10 workers of 10 for evacuation
[2022-05-19T09:53:29.448+0000][163][gc,age         ] GC(265) Desired survivor size 6291456 bytes, new threshold 15 (max threshold 15)
[2022-05-19T09:53:29.451+0000][163][gc,age         ] GC(265) Age table with threshold 15 (max threshold 15)
[2022-05-19T09:53:29.451+0000][163][gc,age         ] GC(265) - age   1:     707160 bytes,     707160 total
[2022-05-19T09:53:29.451+0000][163][gc,age         ] GC(265) - age   2:    1925952 bytes,    2633112 total
[2022-05-19T09:53:29.451+0000][163][gc,age         ] GC(265) - age   3:     474144 bytes,    3107256 total
[2022-05-19T09:53:29.451+0000][163][gc,phases      ] GC(265)   Pre Evacuate Collection Set: 0.3ms
[2022-05-19T09:53:29.451+0000][163][gc,phases      ] GC(265)   Merge Heap Roots: 0.2ms
[2022-05-19T09:53:29.451+0000][163][gc,phases      ] GC(265)   Evacuate Collection Set: 1.3ms
[2022-05-19T09:53:29.452+0000][163][gc,phases      ] GC(265)   Post Evacuate Collection Set: 0.6ms
[2022-05-19T09:53:29.452+0000][163][gc,phases      ] GC(265)   Other: 1.0ms
[2022-05-19T09:53:29.452+0000][163][gc,heap        ] GC(265) Eden regions: 17->0(18)
[2022-05-19T09:53:29.452+0000][163][gc,heap        ] GC(265) Survivor regions: 1->1(3)
[2022-05-19T09:53:29.452+0000][163][gc,heap        ] GC(265) Old regions: 67->67
[2022-05-19T09:53:29.452+0000][163][gc,heap        ] GC(265) Archive regions: 2->2
[2022-05-19T09:53:29.452+0000][163][gc,heap        ] GC(265) Humongous regions: 6->6
[2022-05-19T09:53:29.452+0000][163][gc,metaspace   ] GC(265) Metaspace: 104022K(105344K)->104022K(105344K) NonClass: 89819K(90624K)->89819K(90624K) Class: 14202K(14720K)->14202K(14720K)
[2022-05-19T09:53:29.452+0000][163][gc             ] GC(265) Pause Young (Concurrent Start) (G1 Evacuation Pause) 362M->294M(512M) 4.715ms
[2022-05-19T09:53:29.453+0000][163][gc,cpu         ] GC(265) User=0.01s Sys=0.00s Real=0.01s
[2022-05-19T09:53:29.453+0000][163][gc             ] GC(266) Concurrent Mark Cycle
[2022-05-19T09:53:29.453+0000][163][gc,marking     ] GC(266) Concurrent Clear Claimed Marks
[2022-05-19T09:53:29.453+0000][163][safepoint      ] Safepoint "G1CollectForAllocation", Time since last: 938070800 ns, Reaching safepoint: 191200 ns, At safepoint: 5036100 ns, Total: 5227300 ns
[2022-05-19T09:53:29.453+0000][163][gc,marking     ] GC(266) Concurrent Clear Claimed Marks 0.213ms
[2022-05-19T09:53:29.453+0000][163][gc,marking     ] GC(266) Concurrent Scan Root Regions
[2022-05-19T09:53:29.455+0000][163][gc,marking     ] GC(266) Concurrent Scan Root Regions 1.179ms
[2022-05-19T09:53:29.455+0000][163][gc,marking     ] GC(266) Concurrent Mark
[2022-05-19T09:53:29.455+0000][163][gc,marking     ] GC(266) Concurrent Mark From Roots
[2022-05-19T09:53:29.455+0000][163][gc,task        ] GC(266) Using 3 workers of 3 for marking
[2022-05-19T09:53:29.503+0000][163][gc,marking     ] GC(266) Concurrent Mark From Roots 48.364ms
[2022-05-19T09:53:29.503+0000][163][gc,marking     ] GC(266) Concurrent Preclean
[2022-05-19T09:53:29.504+0000][163][gc,marking     ] GC(266) Concurrent Preclean 0.651ms
[2022-05-19T09:53:29.505+0000][163][gc,start       ] GC(266) Pause Remark
[2022-05-19T09:53:29.508+0000][163][gc             ] GC(266) Pause Remark 295M->263M(512M) 3.266ms
[2022-05-19T09:53:29.508+0000][163][gc,cpu         ] GC(266) User=0.02s Sys=0.00s Real=0.00s
[2022-05-19T09:53:29.508+0000][163][safepoint      ] Safepoint "G1Concurrent", Time since last: 51586200 ns, Reaching safepoint: 258800 ns, At safepoint: 3624700 ns, Total: 3883500 ns
[2022-05-19T09:53:29.508+0000][163][gc,marking     ] GC(266) Concurrent Mark 53.745ms
[2022-05-19T09:53:29.509+0000][163][gc,marking     ] GC(266) Concurrent Rebuild Remembered Sets
[2022-05-19T09:53:29.527+0000][163][gc,marking     ] GC(266) Concurrent Rebuild Remembered Sets 18.257ms
[2022-05-19T09:53:29.527+0000][163][gc,start       ] GC(266) Pause Cleanup
[2022-05-19T09:53:29.528+0000][163][gc             ] GC(266) Pause Cleanup 263M->263M(512M) 0.467ms
[2022-05-19T09:53:29.528+0000][163][gc,cpu         ] GC(266) User=0.00s Sys=0.00s Real=0.00s
[2022-05-19T09:53:29.528+0000][163][safepoint      ] Safepoint "G1Concurrent", Time since last: 18898100 ns, Reaching safepoint: 251400 ns, At safepoint: 841000 ns, Total: 1092400 ns
[2022-05-19T09:53:29.528+0000][163][gc,marking     ] GC(266) Concurrent Cleanup for Next Mark
[2022-05-19T09:53:29.529+0000][163][gc,marking     ] GC(266) Concurrent Cleanup for Next Mark 0.367ms
[2022-05-19T09:53:29.529+0000][163][gc             ] GC(266) Concurrent Mark Cycle 76.206ms
[2022-05-19T09:53:30.529+0000][163][safepoint      ] Safepoint "Cleanup", Time since last: 1000263800 ns, Reaching safepoint: 186200 ns, At safepoint: 9000 ns, Total: 195200 ns
[2022-05-19T09:53:31.529+0000][163][safepoint      ] Safepoint "Cleanup", Time since last: 1000299900 ns, Reaching safepoint: 194200 ns, At safepoint: 6900 ns, Total: 201100 ns
[2022-05-19T09:53:35.325+0000][163][gc,start       ] GC(267) Pause Young (Prepare Mixed) (G1 Evacuation Pause)
[2022-05-19T09:53:35.326+0000][163][gc,task        ] GC(267) Using 10 workers of 10 for evacuation
[2022-05-19T09:53:35.326+0000][163][gc,age         ] GC(267) Desired survivor size 6291456 bytes, new threshold 15 (max threshold 15)
[2022-05-19T09:53:35.329+0000][163][gc,age         ] GC(267) Age table with threshold 15 (max threshold 15)
[2022-05-19T09:53:35.329+0000][163][gc,age         ] GC(267) - age   1:    5804440 bytes,    5804440 total
[2022-05-19T09:53:35.330+0000][163][gc,age         ] GC(267) - age   2:     179968 bytes,    5984408 total
[2022-05-19T09:53:35.330+0000][163][gc,age         ] GC(267) - age   3:      70032 bytes,    6054440 total
[2022-05-19T09:53:35.330+0000][163][gc,age         ] GC(267) - age   4:       8200 bytes,    6062640 total
[2022-05-19T09:53:35.330+0000][163][gc,phases      ] GC(267)   Pre Evacuate Collection Set: 0.3ms
[2022-05-19T09:53:35.330+0000][163][gc,phases      ] GC(267)   Merge Heap Roots: 0.2ms
[2022-05-19T09:53:35.331+0000][163][gc,phases      ] GC(267)   Evacuate Collection Set: 1.4ms
[2022-05-19T09:53:35.331+0000][163][gc,phases      ] GC(267)   Post Evacuate Collection Set: 0.7ms
[2022-05-19T09:53:35.331+0000][163][gc,phases      ] GC(267)   Other: 2.6ms
[2022-05-19T09:53:35.331+0000][163][gc,heap        ] GC(267) Eden regions: 18->0(4)
[2022-05-19T09:53:35.331+0000][163][gc,heap        ] GC(267) Survivor regions: 1->2(3)
[2022-05-19T09:53:35.331+0000][163][gc,heap        ] GC(267) Old regions: 59->59
[2022-05-19T09:53:35.331+0000][163][gc,heap        ] GC(267) Archive regions: 2->2
[2022-05-19T09:53:35.331+0000][163][gc,heap        ] GC(267) Humongous regions: 6->6
[2022-05-19T09:53:35.331+0000][163][gc,metaspace   ] GC(267) Metaspace: 104029K(105408K)->104029K(105408K) NonClass: 89826K(90688K)->89826K(90688K) Class: 14202K(14720K)->14202K(14720K)
[2022-05-19T09:53:35.332+0000][163][gc             ] GC(267) Pause Young (Prepare Mixed) (G1 Evacuation Pause) 334M->265M(512M) 6.426ms
[2022-05-19T09:53:35.332+0000][163][gc,cpu         ] GC(267) User=0.01s Sys=0.01s Real=0.01s
[2022-05-19T09:53:35.332+0000][163][safepoint      ] Safepoint "G1CollectForAllocation", Time since last: 3795521500 ns, Reaching safepoint: 386600 ns, At safepoint: 6737600 ns, Total: 7124200 ns
[2022-05-19T09:53:35.447+0000][163][gc,start       ] GC(268) Pause Young (Mixed) (G1 Evacuation Pause)
[2022-05-19T09:53:35.448+0000][163][gc,task        ] GC(268) Using 10 workers of 10 for evacuation
[2022-05-19T09:53:35.448+0000][163][gc,age         ] GC(268) Desired survivor size 2097152 bytes, new threshold 1 (max threshold 15)
[2022-05-19T09:53:35.450+0000][163][gc,age         ] GC(268) Age table with threshold 1 (max threshold 15)
[2022-05-19T09:53:35.451+0000][163][gc,age         ] GC(268) - age   1:     493048 bytes,     493048 total
[2022-05-19T09:53:35.451+0000][163][gc,phases      ] GC(268)   Pre Evacuate Collection Set: 0.2ms
[2022-05-19T09:53:35.451+0000][163][gc,phases      ] GC(268)   Merge Heap Roots: 0.2ms
[2022-05-19T09:53:35.451+0000][163][gc,phases      ] GC(268)   Evacuate Collection Set: 1.4ms
[2022-05-19T09:53:35.451+0000][163][gc,phases      ] GC(268)   Post Evacuate Collection Set: 0.5ms
[2022-05-19T09:53:35.452+0000][163][gc,phases      ] GC(268)   Other: 1.2ms
[2022-05-19T09:53:35.452+0000][163][gc,heap        ] GC(268) Eden regions: 4->0(31)
[2022-05-19T09:53:35.452+0000][163][gc,heap        ] GC(268) Survivor regions: 2->1(1)
[2022-05-19T09:53:35.452+0000][163][gc,heap        ] GC(268) Old regions: 59->50
[2022-05-19T09:53:35.452+0000][163][gc,heap        ] GC(268) Archive regions: 2->2
[2022-05-19T09:53:35.452+0000][163][gc,heap        ] GC(268) Humongous regions: 6->6
[2022-05-19T09:53:35.452+0000][163][gc,metaspace   ] GC(268) Metaspace: 104029K(105408K)->104029K(105408K) NonClass: 89826K(90688K)->89826K(90688K) Class: 14202K(14720K)->14202K(14720K)
[2022-05-19T09:53:35.453+0000][163][gc             ] GC(268) Pause Young (Mixed) (G1 Evacuation Pause) 281M->225M(512M) 5.155ms
[2022-05-19T09:53:35.453+0000][163][gc,cpu         ] GC(268) User=0.01s Sys=0.00s Real=0.01s
[2022-05-19T09:53:35.453+0000][163][safepoint      ] Safepoint "G1CollectForAllocation", Time since last: 115341800 ns, Reaching safepoint: 196600 ns, At safepoint: 5464400 ns, Total: 5661000 ns
[2022-05-19T09:53:36.453+0000][163][safepoint      ] Safepoint "Cleanup", Time since last: 1000284200 ns, Reaching safepoint: 198700 ns, At safepoint: 8800 ns, Total: 207500 ns
[2022-05-19T09:53:46.455+0000][163][safepoint      ] Safepoint "Cleanup", Time since last: 10001593000 ns, Reaching safepoint: 194900 ns, At safepoint: 7600 ns, Total: 202500 ns
[2022-05-19T09:53:47.501+0000][163][safepoint      ] Safepoint "Cleanup", Time since last: 1045387900 ns, Reaching safepoint: 288100 ns, At safepoint: 7300 ns, Total: 295400 ns
[2022-05-19T09:53:53.502+0000][163][safepoint      ] Safepoint "Cleanup", Time since last: 6001191100 ns, Reaching safepoint: 299000 ns, At safepoint: 8600 ns, Total: 307600 ns
[2022-05-19T09:54:06.449+0000][163][gc,start       ] GC(269) Pause Young (Concurrent Start) (G1 Evacuation Pause)
[2022-05-19T09:54:06.449+0000][163][gc,task        ] GC(269) Using 10 workers of 10 for evacuation
[2022-05-19T09:54:06.449+0000][163][gc,age         ] GC(269) Desired survivor size 8388608 bytes, new threshold 15 (max threshold 15)
[2022-05-19T09:54:06.453+0000][163][gc,age         ] GC(269) Age table with threshold 15 (max threshold 15)
[2022-05-19T09:54:06.453+0000][163][gc,age         ] GC(269) - age   1:    5160696 bytes,    5160696 total
[2022-05-19T09:54:06.453+0000][163][gc,age         ] GC(269) - age   2:     305832 bytes,    5466528 total
[2022-05-19T09:54:06.454+0000][163][gc,phases      ] GC(269)   Pre Evacuate Collection Set: 0.4ms
[2022-05-19T09:54:06.454+0000][163][gc,phases      ] GC(269)   Merge Heap Roots: 0.2ms
[2022-05-19T09:54:06.454+0000][163][gc,phases      ] GC(269)   Evacuate Collection Set: 1.5ms
[2022-05-19T09:54:06.454+0000][163][gc,phases      ] GC(269)   Post Evacuate Collection Set: 1.0ms
[2022-05-19T09:54:06.455+0000][163][gc,phases      ] GC(269)   Other: 2.2ms
[2022-05-19T09:54:06.455+0000][163][gc,heap        ] GC(269) Eden regions: 31->0(32)
[2022-05-19T09:54:06.455+0000][163][gc,heap        ] GC(269) Survivor regions: 1->2(4)
[2022-05-19T09:54:06.455+0000][163][gc,heap        ] GC(269) Old regions: 50->50
[2022-05-19T09:54:06.455+0000][163][gc,heap        ] GC(269) Archive regions: 2->2
[2022-05-19T09:54:06.455+0000][163][gc,heap        ] GC(269) Humongous regions: 6->6
[2022-05-19T09:54:06.455+0000][163][gc,metaspace   ] GC(269) Metaspace: 104096K(105408K)->104096K(105408K) NonClass: 89884K(90688K)->89884K(90688K) Class: 14212K(14720K)->14212K(14720K)
[2022-05-19T09:54:06.455+0000][163][gc             ] GC(269) Pause Young (Concurrent Start) (G1 Evacuation Pause) 349M->230M(512M) 6.960ms
[2022-05-19T09:54:06.456+0000][163][gc,cpu         ] GC(269) User=0.02s Sys=0.00s Real=0.00s
[2022-05-19T09:54:06.456+0000][163][gc             ] GC(270) Concurrent Mark Cycle
[2022-05-19T09:54:06.456+0000][163][gc,marking     ] GC(270) Concurrent Clear Claimed Marks
[2022-05-19T09:54:06.456+0000][163][safepoint      ] Safepoint "G1CollectForAllocation", Time since last: 12945845500 ns, Reaching safepoint: 285300 ns, At safepoint: 7298000 ns, Total: 7583300 ns
[2022-05-19T09:54:06.456+0000][163][gc,marking     ] GC(270) Concurrent Clear Claimed Marks 0.196ms
[2022-05-19T09:54:06.456+0000][163][gc,marking     ] GC(270) Concurrent Scan Root Regions
[2022-05-19T09:54:06.457+0000][163][gc,marking     ] GC(270) Concurrent Scan Root Regions 1.197ms
[2022-05-19T09:54:06.458+0000][163][gc,marking     ] GC(270) Concurrent Mark
[2022-05-19T09:54:06.458+0000][163][gc,marking     ] GC(270) Concurrent Mark From Roots
[2022-05-19T09:54:06.458+0000][163][gc,task        ] GC(270) Using 3 workers of 3 for marking
[2022-05-19T09:54:06.500+0000][163][gc,marking     ] GC(270) Concurrent Mark From Roots 42.161ms
[2022-05-19T09:54:06.500+0000][163][gc,marking     ] GC(270) Concurrent Preclean
[2022-05-19T09:54:06.501+0000][163][gc,marking     ] GC(270) Concurrent Preclean 0.727ms
[2022-05-19T09:54:06.502+0000][163][gc,start       ] GC(270) Pause Remark
[2022-05-19T09:54:06.506+0000][163][gc             ] GC(270) Pause Remark 236M->192M(512M) 4.035ms
[2022-05-19T09:54:06.506+0000][163][gc,cpu         ] GC(270) User=0.02s Sys=0.00s Real=0.00s
[2022-05-19T09:54:06.507+0000][163][safepoint      ] Safepoint "G1Concurrent", Time since last: 45653200 ns, Reaching safepoint: 428600 ns, At safepoint: 4717200 ns, Total: 5145800 ns
[2022-05-19T09:54:06.507+0000][163][gc,marking     ] GC(270) Concurrent Mark 49.207ms
[2022-05-19T09:54:06.507+0000][163][gc,marking     ] GC(270) Concurrent Rebuild Remembered Sets
[2022-05-19T09:54:06.534+0000][163][gc,marking     ] GC(270) Concurrent Rebuild Remembered Sets 26.788ms
[2022-05-19T09:54:06.535+0000][163][gc,start       ] GC(270) Pause Cleanup
[2022-05-19T09:54:06.535+0000][163][gc             ] GC(270) Pause Cleanup 194M->194M(512M) 0.510ms
[2022-05-19T09:54:06.535+0000][163][gc,cpu         ] GC(270) User=0.01s Sys=0.00s Real=0.00s
[2022-05-19T09:54:06.536+0000][163][safepoint      ] Safepoint "G1Concurrent", Time since last: 27816500 ns, Reaching safepoint: 246300 ns, At safepoint: 962500 ns, Total: 1208800 ns
[2022-05-19T09:54:06.536+0000][163][gc,marking     ] GC(270) Concurrent Cleanup for Next Mark
[2022-05-19T09:54:06.536+0000][163][gc,marking     ] GC(270) Concurrent Cleanup for Next Mark 0.450ms
[2022-05-19T09:54:06.537+0000][163][gc             ] GC(270) Concurrent Mark Cycle 80.756ms
[2022-05-19T09:54:07.536+0000][163][safepoint      ] Safepoint "Cleanup", Time since last: 1000315400 ns, Reaching safepoint: 324100 ns, At safepoint: 25600 ns, Total: 349700 ns
[2022-05-19T09:54:37.450+0000][163][gc,start       ] GC(271) Pause Young (Prepare Mixed) (G1 Evacuation Pause)
[2022-05-19T09:54:37.451+0000][163][gc,task        ] GC(271) Using 10 workers of 10 for evacuation
[2022-05-19T09:54:37.451+0000][163][gc,age         ] GC(271) Desired survivor size 10485760 bytes, new threshold 15 (max threshold 15)
[2022-05-19T09:54:37.455+0000][163][gc,age         ] GC(271) Age table with threshold 15 (max threshold 15)
[2022-05-19T09:54:37.455+0000][163][gc,age         ] GC(271) - age   1:   13554304 bytes,   13554304 total
[2022-05-19T09:54:37.455+0000][163][gc,age         ] GC(271) - age   2:    3096096 bytes,   16650400 total
[2022-05-19T09:54:37.455+0000][163][gc,age         ] GC(271) - age   3:     297256 bytes,   16947656 total
[2022-05-19T09:54:37.456+0000][163][gc,phases      ] GC(271)   Pre Evacuate Collection Set: 0.2ms
[2022-05-19T09:54:37.456+0000][163][gc,phases      ] GC(271)   Merge Heap Roots: 0.2ms
[2022-05-19T09:54:37.456+0000][163][gc,phases      ] GC(271)   Evacuate Collection Set: 2.7ms
[2022-05-19T09:54:37.456+0000][163][gc,phases      ] GC(271)   Post Evacuate Collection Set: 0.7ms
[2022-05-19T09:54:37.456+0000][163][gc,phases      ] GC(271)   Other: 1.8ms
[2022-05-19T09:54:37.456+0000][163][gc,heap        ] GC(271) Eden regions: 32->0(1)
[2022-05-19T09:54:37.456+0000][163][gc,heap        ] GC(271) Survivor regions: 2->5(5)
[2022-05-19T09:54:37.457+0000][163][gc,heap        ] GC(271) Old regions: 39->39
[2022-05-19T09:54:37.457+0000][163][gc,heap        ] GC(271) Archive regions: 2->2
[2022-05-19T09:54:37.457+0000][163][gc,heap        ] GC(271) Humongous regions: 14->9
[2022-05-19T09:54:37.457+0000][163][gc,metaspace   ] GC(271) Metaspace: 104103K(105408K)->104103K(105408K) NonClass: 89890K(90688K)->89890K(90688K) Class: 14212K(14720K)->14212K(14720K)
[2022-05-19T09:54:37.457+0000][163][gc             ] GC(271) Pause Young (Prepare Mixed) (G1 Evacuation Pause) 346M->209M(512M) 6.812ms
[2022-05-19T09:54:37.457+0000][163][gc,cpu         ] GC(271) User=0.03s Sys=0.00s Real=0.00s
[2022-05-19T09:54:37.457+0000][163][safepoint      ] Safepoint "G1CollectForAllocation", Time since last: 29913720800 ns, Reaching safepoint: 204900 ns, At safepoint: 7123300 ns, Total: 7328200 ns
[2022-05-19T09:54:37.487+0000][163][gc,start       ] GC(272) Pause Young (Mixed) (G1 Evacuation Pause)
[2022-05-19T09:54:37.488+0000][163][gc,task        ] GC(272) Using 10 workers of 10 for evacuation
[2022-05-19T09:54:37.488+0000][163][gc,age         ] GC(272) Desired survivor size 2097152 bytes, new threshold 1 (max threshold 15)
[2022-05-19T09:54:37.492+0000][163][gc,age         ] GC(272) Age table with threshold 1 (max threshold 15)
[2022-05-19T09:54:37.492+0000][163][gc,age         ] GC(272) - age   1:      66208 bytes,      66208 total
[2022-05-19T09:54:37.493+0000][163][gc,phases      ] GC(272)   Pre Evacuate Collection Set: 0.2ms
[2022-05-19T09:54:37.493+0000][163][gc,phases      ] GC(272)   Merge Heap Roots: 0.1ms
[2022-05-19T09:54:37.493+0000][163][gc,phases      ] GC(272)   Evacuate Collection Set: 2.5ms
[2022-05-19T09:54:37.493+0000][163][gc,phases      ] GC(272)   Post Evacuate Collection Set: 0.6ms
[2022-05-19T09:54:37.494+0000][163][gc,phases      ] GC(272)   Other: 1.7ms
[2022-05-19T09:54:37.494+0000][163][gc,heap        ] GC(272) Eden regions: 1->0(42)
[2022-05-19T09:54:37.494+0000][163][gc,heap        ] GC(272) Survivor regions: 5->1(1)
[2022-05-19T09:54:37.494+0000][163][gc,heap        ] GC(272) Old regions: 39->35
[2022-05-19T09:54:37.495+0000][163][gc,heap        ] GC(272) Archive regions: 2->2
[2022-05-19T09:54:37.495+0000][163][gc,heap        ] GC(272) Humongous regions: 9->9
[2022-05-19T09:54:37.495+0000][163][gc,metaspace   ] GC(272) Metaspace: 104103K(105408K)->104103K(105408K) NonClass: 89890K(90688K)->89890K(90688K) Class: 14212K(14720K)->14212K(14720K)
[2022-05-19T09:54:37.495+0000][163][gc             ] GC(272) Pause Young (Mixed) (G1 Evacuation Pause) 213M->176M(512M) 7.731ms
[2022-05-19T09:54:37.495+0000][163][gc,cpu         ] GC(272) User=0.02s Sys=0.00s Real=0.01s
[2022-05-19T09:54:37.496+0000][163][safepoint      ] Safepoint "G1CollectForAllocation", Time since last: 29876800 ns, Reaching safepoint: 198700 ns, At safepoint: 8075600 ns, Total: 8274300 ns
[2022-05-19T09:54:38.733+0000][163][gc,start       ] GC(273) Pause Young (Concurrent Start) (G1 Evacuation Pause)
[2022-05-19T09:54:38.733+0000][163][gc,task        ] GC(273) Using 10 workers of 10 for evacuation
[2022-05-19T09:54:38.733+0000][163][gc,age         ] GC(273) Desired survivor size 12582912 bytes, new threshold 15 (max threshold 15)
[2022-05-19T09:54:38.737+0000][163][gc,age         ] GC(273) Age table with threshold 15 (max threshold 15)
[2022-05-19T09:54:38.737+0000][163][gc,age         ] GC(273) - age   1:    5073056 bytes,    5073056 total
[2022-05-19T09:54:38.737+0000][163][gc,age         ] GC(273) - age   2:      65568 bytes,    5138624 total
[2022-05-19T09:54:38.738+0000][163][gc,phases      ] GC(273)   Pre Evacuate Collection Set: 0.3ms
[2022-05-19T09:54:38.738+0000][163][gc,phases      ] GC(273)   Merge Heap Roots: 0.2ms
[2022-05-19T09:54:38.738+0000][163][gc,phases      ] GC(273)   Evacuate Collection Set: 1.5ms
[2022-05-19T09:54:38.738+0000][163][gc,phases      ] GC(273)   Post Evacuate Collection Set: 0.9ms
[2022-05-19T09:54:38.738+0000][163][gc,phases      ] GC(273)   Other: 2.0ms
[2022-05-19T09:54:38.739+0000][163][gc,heap        ] GC(273) Eden regions: 42->0(43)
[2022-05-19T09:54:38.739+0000][163][gc,heap        ] GC(273) Survivor regions: 1->2(6)
[2022-05-19T09:54:38.739+0000][163][gc,heap        ] GC(273) Old regions: 35->35
[2022-05-19T09:54:38.739+0000][163][gc,heap        ] GC(273) Archive regions: 2->2
[2022-05-19T09:54:38.739+0000][163][gc,heap        ] GC(273) Humongous regions: 9->9
[2022-05-19T09:54:38.739+0000][163][gc,metaspace   ] GC(273) Metaspace: 104103K(105408K)->104103K(105408K) NonClass: 89890K(90688K)->89890K(90688K) Class: 14212K(14720K)->14212K(14720K)
[2022-05-19T09:54:38.739+0000][163][gc             ] GC(273) Pause Young (Concurrent Start) (G1 Evacuation Pause) 344M->181M(512M) 6.528ms
[2022-05-19T09:54:38.739+0000][163][gc,cpu         ] GC(273) User=0.02s Sys=0.00s Real=0.01s
[2022-05-19T09:54:38.740+0000][163][safepoint      ] Safepoint "G1CollectForAllocation", Time since last: 1236820200 ns, Reaching safepoint: 410700 ns, At safepoint: 6814200 ns, Total: 7224900 ns
[2022-05-19T09:54:38.740+0000][163][gc             ] GC(274) Concurrent Mark Cycle
[2022-05-19T09:54:38.740+0000][163][gc,marking     ] GC(274) Concurrent Clear Claimed Marks
[2022-05-19T09:54:38.740+0000][163][gc,marking     ] GC(274) Concurrent Clear Claimed Marks 0.153ms
[2022-05-19T09:54:38.740+0000][163][gc,marking     ] GC(274) Concurrent Scan Root Regions
[2022-05-19T09:54:38.741+0000][163][gc,marking     ] GC(274) Concurrent Scan Root Regions 0.847ms
[2022-05-19T09:54:38.741+0000][163][gc,marking     ] GC(274) Concurrent Mark
[2022-05-19T09:54:38.741+0000][163][gc,marking     ] GC(274) Concurrent Mark From Roots
[2022-05-19T09:54:38.741+0000][163][gc,task        ] GC(274) Using 3 workers of 3 for marking
[2022-05-19T09:54:38.783+0000][163][gc,marking     ] GC(274) Concurrent Mark From Roots 42.048ms
[2022-05-19T09:54:38.784+0000][163][gc,marking     ] GC(274) Concurrent Preclean
[2022-05-19T09:54:38.784+0000][163][gc,marking     ] GC(274) Concurrent Preclean 0.691ms
[2022-05-19T09:54:38.785+0000][163][gc,start       ] GC(274) Pause Remark
[2022-05-19T09:54:38.789+0000][163][gc             ] GC(274) Pause Remark 187M->187M(512M) 3.597ms
[2022-05-19T09:54:38.789+0000][163][gc,cpu         ] GC(274) User=0.03s Sys=0.00s Real=0.01s
[2022-05-19T09:54:38.789+0000][163][safepoint      ] Safepoint "G1Concurrent", Time since last: 45106500 ns, Reaching safepoint: 376800 ns, At safepoint: 4302700 ns, Total: 4679500 ns
[2022-05-19T09:54:38.790+0000][163][gc,marking     ] GC(274) Concurrent Mark 48.586ms
[2022-05-19T09:54:38.790+0000][163][gc,marking     ] GC(274) Concurrent Rebuild Remembered Sets
[2022-05-19T09:54:38.810+0000][163][gc,marking     ] GC(274) Concurrent Rebuild Remembered Sets 19.679ms
[2022-05-19T09:54:38.810+0000][163][gc,start       ] GC(274) Pause Cleanup
[2022-05-19T09:54:38.811+0000][163][gc             ] GC(274) Pause Cleanup 189M->189M(512M) 0.509ms
[2022-05-19T09:54:38.811+0000][163][gc,cpu         ] GC(274) User=0.00s Sys=0.00s Real=0.00s
[2022-05-19T09:54:38.812+0000][163][safepoint      ] Safepoint "G1Concurrent", Time since last: 20619400 ns, Reaching safepoint: 325700 ns, At safepoint: 1237100 ns, Total: 1562800 ns
[2022-05-19T09:54:38.812+0000][163][gc,marking     ] GC(274) Concurrent Cleanup for Next Mark
[2022-05-19T09:54:38.812+0000][163][gc,marking     ] GC(274) Concurrent Cleanup for Next Mark 0.427ms
[2022-05-19T09:54:38.813+0000][163][gc             ] GC(274) Concurrent Mark Cycle 72.982ms
[2022-05-19T09:54:40.033+0000][163][gc,start       ] GC(275) Pause Young (Prepare Mixed) (G1 Evacuation Pause)
[2022-05-19T09:54:40.033+0000][163][gc,task        ] GC(275) Using 10 workers of 10 for evacuation
[2022-05-19T09:54:40.034+0000][163][gc,age         ] GC(275) Desired survivor size 12582912 bytes, new threshold 15 (max threshold 15)
[2022-05-19T09:54:40.037+0000][163][gc,age         ] GC(275) Age table with threshold 15 (max threshold 15)
[2022-05-19T09:54:40.037+0000][163][gc,age         ] GC(275) - age   1:    7683184 bytes,    7683184 total
[2022-05-19T09:54:40.038+0000][163][gc,age         ] GC(275) - age   2:    2983304 bytes,   10666488 total
[2022-05-19T09:54:40.038+0000][163][gc,age         ] GC(275) - age   3:      65568 bytes,   10732056 total
[2022-05-19T09:54:40.038+0000][163][gc,phases      ] GC(275)   Pre Evacuate Collection Set: 0.2ms
[2022-05-19T09:54:40.038+0000][163][gc,phases      ] GC(275)   Merge Heap Roots: 0.2ms
[2022-05-19T09:54:40.039+0000][163][gc,phases      ] GC(275)   Evacuate Collection Set: 1.7ms
[2022-05-19T09:54:40.039+0000][163][gc,phases      ] GC(275)   Post Evacuate Collection Set: 0.8ms
[2022-05-19T09:54:40.039+0000][163][gc,phases      ] GC(275)   Other: 2.3ms
[2022-05-19T09:54:40.039+0000][163][gc,heap        ] GC(275) Eden regions: 43->0(3)
[2022-05-19T09:54:40.040+0000][163][gc,heap        ] GC(275) Survivor regions: 2->3(6)
[2022-05-19T09:54:40.040+0000][163][gc,heap        ] GC(275) Old regions: 35->35
[2022-05-19T09:54:40.040+0000][163][gc,heap        ] GC(275) Archive regions: 2->2
[2022-05-19T09:54:40.040+0000][163][gc,heap        ] GC(275) Humongous regions: 10->9
[2022-05-19T09:54:40.040+0000][163][gc,metaspace   ] GC(275) Metaspace: 104103K(105408K)->104103K(105408K) NonClass: 89891K(90688K)->89891K(90688K) Class: 14212K(14720K)->14212K(14720K)
[2022-05-19T09:54:40.041+0000][163][gc             ] GC(275) Pause Young (Prepare Mixed) (G1 Evacuation Pause) 357M->187M(512M) 7.630ms
[2022-05-19T09:54:40.041+0000][163][gc,cpu         ] GC(275) User=0.02s Sys=0.00s Real=0.01s
[2022-05-19T09:54:40.041+0000][163][safepoint      ] Safepoint "G1CollectForAllocation", Time since last: 1220998000 ns, Reaching safepoint: 283700 ns, At safepoint: 8008200 ns, Total: 8291900 ns
[2022-05-19T09:54:40.126+0000][163][gc,start       ] GC(276) Pause Young (Mixed) (G1 Evacuation Pause)
[2022-05-19T09:54:40.126+0000][163][gc,task        ] GC(276) Using 10 workers of 10 for evacuation
[2022-05-19T09:54:40.126+0000][163][gc,age         ] GC(276) Desired survivor size 2097152 bytes, new threshold 1 (max threshold 15)
[2022-05-19T09:54:40.129+0000][163][gc,age         ] GC(276) Age table with threshold 1 (max threshold 15)
[2022-05-19T09:54:40.129+0000][163][gc,age         ] GC(276) - age   1:    3008984 bytes,    3008984 total
[2022-05-19T09:54:40.130+0000][163][gc,phases      ] GC(276)   Pre Evacuate Collection Set: 0.2ms
[2022-05-19T09:54:40.130+0000][163][gc,phases      ] GC(276)   Merge Heap Roots: 0.1ms
[2022-05-19T09:54:40.130+0000][163][gc,phases      ] GC(276)   Evacuate Collection Set: 1.7ms
[2022-05-19T09:54:40.130+0000][163][gc,phases      ] GC(276)   Post Evacuate Collection Set: 0.6ms
[2022-05-19T09:54:40.131+0000][163][gc,phases      ] GC(276)   Other: 1.3ms
[2022-05-19T09:54:40.131+0000][163][gc,heap        ] GC(276) Eden regions: 3->0(46)
[2022-05-19T09:54:40.131+0000][163][gc,heap        ] GC(276) Survivor regions: 3->1(1)
[2022-05-19T09:54:40.131+0000][163][gc,heap        ] GC(276) Old regions: 35->35
[2022-05-19T09:54:40.131+0000][163][gc,heap        ] GC(276) Archive regions: 2->2
[2022-05-19T09:54:40.131+0000][163][gc,heap        ] GC(276) Humongous regions: 9->9
[2022-05-19T09:54:40.132+0000][163][gc,metaspace   ] GC(276) Metaspace: 104103K(105408K)->104103K(105408K) NonClass: 89891K(90688K)->89891K(90688K) Class: 14212K(14720K)->14212K(14720K)
[2022-05-19T09:54:40.132+0000][163][gc             ] GC(276) Pause Young (Mixed) (G1 Evacuation Pause) 199M->181M(512M) 6.009ms
[2022-05-19T09:54:40.132+0000][163][gc,cpu         ] GC(276) User=0.02s Sys=0.01s Real=0.01s
[2022-05-19T09:54:40.132+0000][163][safepoint      ] Safepoint "G1CollectForAllocation", Time since last: 84729900 ns, Reaching safepoint: 189300 ns, At safepoint: 6391500 ns, Total: 6580800 ns
[2022-05-19T09:54:40.657+0000][163][gc,start       ] GC(277) Pause Young (Concurrent Start) (G1 Humongous Allocation)
[2022-05-19T09:54:40.658+0000][163][gc,task        ] GC(277) Using 10 workers of 10 for evacuation
[2022-05-19T09:54:40.658+0000][163][gc,age         ] GC(277) Desired survivor size 12582912 bytes, new threshold 15 (max threshold 15)
[2022-05-19T09:54:40.661+0000][163][gc,age         ] GC(277) Age table with threshold 15 (max threshold 15)
[2022-05-19T09:54:40.661+0000][163][gc,age         ] GC(277) - age   1:    4639744 bytes,    4639744 total
[2022-05-19T09:54:40.662+0000][163][gc,age         ] GC(277) - age   2:    2918192 bytes,    7557936 total
[2022-05-19T09:54:40.662+0000][163][gc,phases      ] GC(277)   Pre Evacuate Collection Set: 0.3ms
[2022-05-19T09:54:40.662+0000][163][gc,phases      ] GC(277)   Merge Heap Roots: 0.2ms
[2022-05-19T09:54:40.662+0000][163][gc,phases      ] GC(277)   Evacuate Collection Set: 1.6ms
[2022-05-19T09:54:40.662+0000][163][gc,phases      ] GC(277)   Post Evacuate Collection Set: 0.6ms
[2022-05-19T09:54:40.662+0000][163][gc,phases      ] GC(277)   Other: 1.7ms
[2022-05-19T09:54:40.663+0000][163][gc,heap        ] GC(277) Eden regions: 15->0(46)
[2022-05-19T09:54:40.663+0000][163][gc,heap        ] GC(277) Survivor regions: 1->2(6)
[2022-05-19T09:54:40.663+0000][163][gc,heap        ] GC(277) Old regions: 35->35
[2022-05-19T09:54:40.663+0000][163][gc,heap        ] GC(277) Archive regions: 2->2
[2022-05-19T09:54:40.663+0000][163][gc,heap        ] GC(277) Humongous regions: 9->9
[2022-05-19T09:54:40.663+0000][163][gc,metaspace   ] GC(277) Metaspace: 104103K(105408K)->104103K(105408K) NonClass: 89891K(90688K)->89891K(90688K) Class: 14212K(14720K)->14212K(14720K)
[2022-05-19T09:54:40.664+0000][163][gc             ] GC(277) Pause Young (Concurrent Start) (G1 Humongous Allocation) 239M->185M(512M) 6.193ms
[2022-05-19T09:54:40.664+0000][163][gc,cpu         ] GC(277) User=0.01s Sys=0.00s Real=0.01s
[2022-05-19T09:54:40.664+0000][163][gc             ] GC(278) Concurrent Mark Cycle
[2022-05-19T09:54:40.664+0000][163][gc,marking     ] GC(278) Concurrent Clear Claimed Marks
[2022-05-19T09:54:40.664+0000][163][safepoint      ] Safepoint "G1TryInitiateConcMark", Time since last: 525020800 ns, Reaching safepoint: 193400 ns, At safepoint: 6495500 ns, Total: 6688900 ns
[2022-05-19T09:54:40.664+0000][163][gc,marking     ] GC(278) Concurrent Clear Claimed Marks 0.191ms
[2022-05-19T09:54:40.664+0000][163][gc,marking     ] GC(278) Concurrent Scan Root Regions
[2022-05-19T09:54:40.665+0000][163][gc,marking     ] GC(278) Concurrent Scan Root Regions 1.044ms
[2022-05-19T09:54:40.666+0000][163][gc,marking     ] GC(278) Concurrent Mark
[2022-05-19T09:54:40.666+0000][163][gc,marking     ] GC(278) Concurrent Mark From Roots
[2022-05-19T09:54:40.666+0000][163][gc,task        ] GC(278) Using 3 workers of 3 for marking
[2022-05-19T09:54:40.708+0000][163][gc,marking     ] GC(278) Concurrent Mark From Roots 42.724ms
[2022-05-19T09:54:40.709+0000][163][gc,marking     ] GC(278) Concurrent Preclean
[2022-05-19T09:54:40.710+0000][163][gc,marking     ] GC(278) Concurrent Preclean 0.799ms
[2022-05-19T09:54:40.710+0000][163][gc,start       ] GC(278) Pause Remark
[2022-05-19T09:54:40.714+0000][163][gc             ] GC(278) Pause Remark 227M->215M(512M) 3.425ms
[2022-05-19T09:54:40.714+0000][163][gc,cpu         ] GC(278) User=0.02s Sys=0.00s Real=0.00s
[2022-05-19T09:54:40.714+0000][163][safepoint      ] Safepoint "G1Concurrent", Time since last: 46015900 ns, Reaching safepoint: 318900 ns, At safepoint: 4096200 ns, Total: 4415100 ns
[2022-05-19T09:54:40.715+0000][163][gc,marking     ] GC(278) Concurrent Mark 49.058ms
[2022-05-19T09:54:40.715+0000][163][gc,marking     ] GC(278) Concurrent Rebuild Remembered Sets
[2022-05-19T09:54:40.736+0000][163][gc,marking     ] GC(278) Concurrent Rebuild Remembered Sets 20.642ms
[2022-05-19T09:54:40.736+0000][163][gc,start       ] GC(278) Pause Cleanup
[2022-05-19T09:54:40.737+0000][163][gc             ] GC(278) Pause Cleanup 217M->217M(512M) 0.641ms
[2022-05-19T09:54:40.737+0000][163][gc,cpu         ] GC(278) User=0.00s Sys=0.00s Real=0.00s
[2022-05-19T09:54:40.737+0000][163][safepoint      ] Safepoint "G1Concurrent", Time since last: 21590300 ns, Reaching safepoint: 301900 ns, At safepoint: 1299800 ns, Total: 1601700 ns
[2022-05-19T09:54:40.738+0000][163][gc,marking     ] GC(278) Concurrent Cleanup for Next Mark
[2022-05-19T09:54:40.738+0000][163][gc,marking     ] GC(278) Concurrent Cleanup for Next Mark 0.383ms
[2022-05-19T09:54:40.738+0000][163][gc             ] GC(278) Concurrent Mark Cycle 74.574ms
[2022-05-19T09:54:42.024+0000][163][gc,start       ] GC(279) Pause Young (Prepare Mixed) (G1 Evacuation Pause)
[2022-05-19T09:54:42.024+0000][163][gc,task        ] GC(279) Using 10 workers of 10 for evacuation
[2022-05-19T09:54:42.025+0000][163][gc,age         ] GC(279) Desired survivor size 12582912 bytes, new threshold 15 (max threshold 15)
[2022-05-19T09:54:42.027+0000][163][gc,age         ] GC(279) Age table with threshold 15 (max threshold 15)
[2022-05-19T09:54:42.028+0000][163][gc,age         ] GC(279) - age   1:    2010944 bytes,    2010944 total
[2022-05-19T09:54:42.028+0000][163][gc,age         ] GC(279) - age   2:    4502224 bytes,    6513168 total
[2022-05-19T09:54:42.028+0000][163][gc,age         ] GC(279) - age   3:     277928 bytes,    6791096 total
[2022-05-19T09:54:42.028+0000][163][gc,phases      ] GC(279)   Pre Evacuate Collection Set: 0.2ms
[2022-05-19T09:54:42.028+0000][163][gc,phases      ] GC(279)   Merge Heap Roots: 0.1ms
[2022-05-19T09:54:42.029+0000][163][gc,phases      ] GC(279)   Evacuate Collection Set: 1.4ms
[2022-05-19T09:54:42.029+0000][163][gc,phases      ] GC(279)   Post Evacuate Collection Set: 0.5ms
[2022-05-19T09:54:42.029+0000][163][gc,phases      ] GC(279)   Other: 2.0ms
[2022-05-19T09:54:42.029+0000][163][gc,heap        ] GC(279) Eden regions: 46->0(4)
[2022-05-19T09:54:42.030+0000][163][gc,heap        ] GC(279) Survivor regions: 2->2(6)
[2022-05-19T09:54:42.030+0000][163][gc,heap        ] GC(279) Old regions: 35->35
[2022-05-19T09:54:42.030+0000][163][gc,heap        ] GC(279) Archive regions: 2->2
[2022-05-19T09:54:42.030+0000][163][gc,heap        ] GC(279) Humongous regions: 14->9
[2022-05-19T09:54:42.030+0000][163][gc,metaspace   ] GC(279) Metaspace: 104103K(105408K)->104103K(105408K) NonClass: 89891K(90688K)->89891K(90688K) Class: 14212K(14720K)->14212K(14720K)
[2022-05-19T09:54:42.030+0000][163][gc             ] GC(279) Pause Young (Prepare Mixed) (G1 Evacuation Pause) 389M->184M(512M) 6.559ms
[2022-05-19T09:54:42.031+0000][163][gc,cpu         ] GC(279) User=0.01s Sys=0.00s Real=0.01s
[2022-05-19T09:54:42.031+0000][163][safepoint      ] Safepoint "G1CollectForAllocation", Time since last: 1286245400 ns, Reaching safepoint: 184700 ns, At safepoint: 6890200 ns, Total: 7074900 ns
[2022-05-19T09:54:42.152+0000][163][gc,start       ] GC(280) Pause Young (Mixed) (G1 Evacuation Pause)
[2022-05-19T09:54:42.152+0000][163][gc,task        ] GC(280) Using 10 workers of 10 for evacuation
[2022-05-19T09:54:42.152+0000][163][gc,age         ] GC(280) Desired survivor size 2097152 bytes, new threshold 2 (max threshold 15)
[2022-05-19T09:54:42.154+0000][163][gc,age         ] GC(280) Age table with threshold 2 (max threshold 15)
[2022-05-19T09:54:42.155+0000][163][gc,age         ] GC(280) - age   1:     196976 bytes,     196976 total
[2022-05-19T09:54:42.155+0000][163][gc,age         ] GC(280) - age   2:    2010704 bytes,    2207680 total
[2022-05-19T09:54:42.155+0000][163][gc,phases      ] GC(280)   Pre Evacuate Collection Set: 0.2ms
[2022-05-19T09:54:42.155+0000][163][gc,phases      ] GC(280)   Merge Heap Roots: 0.2ms
[2022-05-19T09:54:42.155+0000][163][gc,phases      ] GC(280)   Evacuate Collection Set: 1.3ms
[2022-05-19T09:54:42.155+0000][163][gc,phases      ] GC(280)   Post Evacuate Collection Set: 0.5ms
[2022-05-19T09:54:42.155+0000][163][gc,phases      ] GC(280)   Other: 1.2ms
[2022-05-19T09:54:42.155+0000][163][gc,heap        ] GC(280) Eden regions: 4->0(48)
[2022-05-19T09:54:42.156+0000][163][gc,heap        ] GC(280) Survivor regions: 2->1(1)
[2022-05-19T09:54:42.156+0000][163][gc,heap        ] GC(280) Old regions: 35->36
[2022-05-19T09:54:42.156+0000][163][gc,heap        ] GC(280) Archive regions: 2->2
[2022-05-19T09:54:42.156+0000][163][gc,heap        ] GC(280) Humongous regions: 9->9
[2022-05-19T09:54:42.156+0000][163][gc,metaspace   ] GC(280) Metaspace: 104103K(105408K)->104103K(105408K) NonClass: 89891K(90688K)->89891K(90688K) Class: 14212K(14720K)->14212K(14720K)
[2022-05-19T09:54:42.156+0000][163][gc             ] GC(280) Pause Young (Mixed) (G1 Evacuation Pause) 200M->181M(512M) 4.845ms
[2022-05-19T09:54:42.157+0000][163][gc,cpu         ] GC(280) User=0.01s Sys=0.00s Real=0.00s
[2022-05-19T09:54:42.157+0000][163][safepoint      ] Safepoint "G1CollectForAllocation", Time since last: 120438200 ns, Reaching safepoint: 276300 ns, At safepoint: 5360700 ns, Total: 5637000 ns
[2022-05-19T09:54:43.630+0000][163][gc,start       ] GC(281) Pause Young (Concurrent Start) (G1 Evacuation Pause)
[2022-05-19T09:54:43.630+0000][163][gc,task        ] GC(281) Using 10 workers of 10 for evacuation
[2022-05-19T09:54:43.630+0000][163][gc,age         ] GC(281) Desired survivor size 14680064 bytes, new threshold 15 (max threshold 15)
[2022-05-19T09:54:43.633+0000][163][gc,age         ] GC(281) Age table with threshold 15 (max threshold 15)
[2022-05-19T09:54:43.633+0000][163][gc,age         ] GC(281) - age   1:    2038432 bytes,    2038432 total
[2022-05-19T09:54:43.633+0000][163][gc,age         ] GC(281) - age   2:     196704 bytes,    2235136 total
[2022-05-19T09:54:43.634+0000][163][gc,age         ] GC(281) - age   3:    2006280 bytes,    4241416 total
[2022-05-19T09:54:43.634+0000][163][gc,phases      ] GC(281)   Pre Evacuate Collection Set: 0.3ms
[2022-05-19T09:54:43.634+0000][163][gc,phases      ] GC(281)   Merge Heap Roots: 0.2ms
[2022-05-19T09:54:43.634+0000][163][gc,phases      ] GC(281)   Evacuate Collection Set: 1.2ms
[2022-05-19T09:54:43.634+0000][163][gc,phases      ] GC(281)   Post Evacuate Collection Set: 0.6ms
[2022-05-19T09:54:43.634+0000][163][gc,phases      ] GC(281)   Other: 1.8ms
[2022-05-19T09:54:43.635+0000][163][gc,heap        ] GC(281) Eden regions: 48->0(49)
[2022-05-19T09:54:43.635+0000][163][gc,heap        ] GC(281) Survivor regions: 1->2(7)
[2022-05-19T09:54:43.635+0000][163][gc,heap        ] GC(281) Old regions: 36->36
[2022-05-19T09:54:43.635+0000][163][gc,heap        ] GC(281) Archive regions: 2->2
[2022-05-19T09:54:43.635+0000][163][gc,heap        ] GC(281) Humongous regions: 9->9
[2022-05-19T09:54:43.635+0000][163][gc,metaspace   ] GC(281) Metaspace: 104103K(105408K)->104103K(105408K) NonClass: 89891K(90688K)->89891K(90688K) Class: 14212K(14720K)->14212K(14720K)
[2022-05-19T09:54:43.635+0000][163][gc             ] GC(281) Pause Young (Concurrent Start) (G1 Evacuation Pause) 373M->183M(512M) 5.505ms
[2022-05-19T09:54:43.636+0000][163][gc,cpu         ] GC(281) User=0.01s Sys=0.00s Real=0.00s
[2022-05-19T09:54:43.636+0000][163][gc             ] GC(282) Concurrent Mark Cycle
[2022-05-19T09:54:43.636+0000][163][gc,marking     ] GC(282) Concurrent Clear Claimed Marks
[2022-05-19T09:54:43.636+0000][163][safepoint      ] Safepoint "G1CollectForAllocation", Time since last: 1472801000 ns, Reaching safepoint: 185300 ns, At safepoint: 5805800 ns, Total: 5991100 ns
[2022-05-19T09:54:43.636+0000][163][gc,marking     ] GC(282) Concurrent Clear Claimed Marks 0.159ms
[2022-05-19T09:54:43.636+0000][163][gc,marking     ] GC(282) Concurrent Scan Root Regions
[2022-05-19T09:54:43.637+0000][163][gc,marking     ] GC(282) Concurrent Scan Root Regions 0.892ms
[2022-05-19T09:54:43.637+0000][163][gc,marking     ] GC(282) Concurrent Mark
[2022-05-19T09:54:43.637+0000][163][gc,marking     ] GC(282) Concurrent Mark From Roots
[2022-05-19T09:54:43.637+0000][163][gc,task        ] GC(282) Using 3 workers of 3 for marking
[2022-05-19T09:54:43.684+0000][163][gc,marking     ] GC(282) Concurrent Mark From Roots 47.056ms
[2022-05-19T09:54:43.685+0000][163][gc,marking     ] GC(282) Concurrent Preclean
[2022-05-19T09:54:43.685+0000][163][gc,marking     ] GC(282) Concurrent Preclean 0.651ms
[2022-05-19T09:54:43.686+0000][163][gc,start       ] GC(282) Pause Remark
[2022-05-19T09:54:43.689+0000][163][gc             ] GC(282) Pause Remark 189M->189M(512M) 3.354ms
[2022-05-19T09:54:43.689+0000][163][gc,cpu         ] GC(282) User=0.02s Sys=0.00s Real=0.01s
[2022-05-19T09:54:43.690+0000][163][safepoint      ] Safepoint "G1Concurrent", Time since last: 49856900 ns, Reaching safepoint: 256200 ns, At safepoint: 3843700 ns, Total: 4099900 ns
[2022-05-19T09:54:43.690+0000][163][gc,marking     ] GC(282) Concurrent Mark 52.758ms
[2022-05-19T09:54:43.690+0000][163][gc,marking     ] GC(282) Concurrent Rebuild Remembered Sets
[2022-05-19T09:54:43.710+0000][163][gc,marking     ] GC(282) Concurrent Rebuild Remembered Sets 19.495ms
[2022-05-19T09:54:43.711+0000][163][gc,start       ] GC(282) Pause Cleanup
[2022-05-19T09:54:43.711+0000][163][gc             ] GC(282) Pause Cleanup 191M->191M(512M) 0.588ms
[2022-05-19T09:54:43.711+0000][163][gc,cpu         ] GC(282) User=0.00s Sys=0.00s Real=0.00s
[2022-05-19T09:54:43.712+0000][163][safepoint      ] Safepoint "G1Concurrent", Time since last: 20514400 ns, Reaching safepoint: 424300 ns, At safepoint: 1197700 ns, Total: 1622000 ns
[2022-05-19T09:54:43.712+0000][163][gc,marking     ] GC(282) Concurrent Cleanup for Next Mark
[2022-05-19T09:54:43.712+0000][163][gc,marking     ] GC(282) Concurrent Cleanup for Next Mark 0.432ms
[2022-05-19T09:54:43.713+0000][163][gc             ] GC(282) Concurrent Mark Cycle 76.968ms
[2022-05-19T09:55:15.227+0000][163][gc,start       ] GC(283) Pause Young (Prepare Mixed) (G1 Evacuation Pause)
[2022-05-19T09:55:15.227+0000][163][gc,task        ] GC(283) Using 10 workers of 10 for evacuation
[2022-05-19T09:55:15.227+0000][163][gc,age         ] GC(283) Desired survivor size 14680064 bytes, new threshold 15 (max threshold 15)
[2022-05-19T09:55:15.231+0000][163][gc,age         ] GC(283) Age table with threshold 15 (max threshold 15)
[2022-05-19T09:55:15.232+0000][163][gc,age         ] GC(283) - age   1:   17060856 bytes,   17060856 total
[2022-05-19T09:55:15.232+0000][163][gc,age         ] GC(283) - age   2:    2032608 bytes,   19093464 total
[2022-05-19T09:55:15.232+0000][163][gc,age         ] GC(283) - age   3:     196704 bytes,   19290168 total
[2022-05-19T09:55:15.233+0000][163][gc,age         ] GC(283) - age   4:    1999960 bytes,   21290128 total
[2022-05-19T09:55:15.233+0000][163][gc,phases      ] GC(283)   Pre Evacuate Collection Set: 0.2ms
[2022-05-19T09:55:15.233+0000][163][gc,phases      ] GC(283)   Merge Heap Roots: 0.1ms
[2022-05-19T09:55:15.233+0000][163][gc,phases      ] GC(283)   Evacuate Collection Set: 2.9ms
[2022-05-19T09:55:15.233+0000][163][gc,phases      ] GC(283)   Post Evacuate Collection Set: 0.7ms
[2022-05-19T09:55:15.234+0000][163][gc,phases      ] GC(283)   Other: 2.4ms
[2022-05-19T09:55:15.234+0000][163][gc,heap        ] GC(283) Eden regions: 49->0(1)
[2022-05-19T09:55:15.234+0000][163][gc,heap        ] GC(283) Survivor regions: 2->6(7)
[2022-05-19T09:55:15.234+0000][163][gc,heap        ] GC(283) Old regions: 36->36
[2022-05-19T09:55:15.234+0000][163][gc,heap        ] GC(283) Archive regions: 2->2
[2022-05-19T09:55:15.234+0000][163][gc,heap        ] GC(283) Humongous regions: 18->10
[2022-05-19T09:55:15.235+0000][163][gc,metaspace   ] GC(283) Metaspace: 104110K(105408K)->104110K(105408K) NonClass: 89898K(90688K)->89898K(90688K) Class: 14212K(14720K)->14212K(14720K)
[2022-05-19T09:55:15.235+0000][163][gc             ] GC(283) Pause Young (Prepare Mixed) (G1 Evacuation Pause) 415M->204M(512M) 8.062ms
[2022-05-19T09:55:15.235+0000][163][gc,cpu         ] GC(283) User=0.03s Sys=0.00s Real=0.01s
[2022-05-19T09:55:15.235+0000][163][safepoint      ] Safepoint "G1CollectForAllocation", Time since last: 31514506700 ns, Reaching safepoint: 222800 ns, At safepoint: 8351600 ns, Total: 8574400 ns
[2022-05-19T09:55:15.266+0000][163][gc,start       ] GC(284) Pause Young (Mixed) (G1 Evacuation Pause)
[2022-05-19T09:55:15.266+0000][163][gc,task        ] GC(284) Using 10 workers of 10 for evacuation
[2022-05-19T09:55:15.266+0000][163][gc,age         ] GC(284) Desired survivor size 2097152 bytes, new threshold 1 (max threshold 15)
[2022-05-19T09:55:15.270+0000][163][gc,age         ] GC(284) Age table with threshold 1 (max threshold 15)
[2022-05-19T09:55:15.271+0000][163][gc,age         ] GC(284) - age   1:      33760 bytes,      33760 total
[2022-05-19T09:55:15.271+0000][163][gc,phases      ] GC(284)   Pre Evacuate Collection Set: 0.2ms
[2022-05-19T09:55:15.271+0000][163][gc,phases      ] GC(284)   Merge Heap Roots: 0.1ms
[2022-05-19T09:55:15.271+0000][163][gc,phases      ] GC(284)   Evacuate Collection Set: 2.7ms
[2022-05-19T09:55:15.272+0000][163][gc,phases      ] GC(284)   Post Evacuate Collection Set: 0.6ms
[2022-05-19T09:55:15.272+0000][163][gc,phases      ] GC(284)   Other: 1.3ms
[2022-05-19T09:55:15.272+0000][163][gc,heap        ] GC(284) Eden regions: 1->0(44)
[2022-05-19T09:55:15.272+0000][163][gc,heap        ] GC(284) Survivor regions: 6->1(1)
[2022-05-19T09:55:15.272+0000][163][gc,heap        ] GC(284) Old regions: 36->40
[2022-05-19T09:55:15.272+0000][163][gc,heap        ] GC(284) Archive regions: 2->2
[2022-05-19T09:55:15.273+0000][163][gc,heap        ] GC(284) Humongous regions: 10->10
[2022-05-19T09:55:15.273+0000][163][gc,metaspace   ] GC(284) Metaspace: 104110K(105408K)->104110K(105408K) NonClass: 89898K(90688K)->89898K(90688K) Class: 14212K(14720K)->14212K(14720K)
[2022-05-19T09:55:15.273+0000][163][gc             ] GC(284) Pause Young (Mixed) (G1 Evacuation Pause) 208M->201M(512M) 7.047ms
[2022-05-19T09:55:15.273+0000][163][gc,cpu         ] GC(284) User=0.03s Sys=0.00s Real=0.01s
[2022-05-19T09:55:15.273+0000][163][safepoint      ] Safepoint "G1CollectForAllocation", Time since last: 30765700 ns, Reaching safepoint: 184900 ns, At safepoint: 7372200 ns, Total: 7557100 ns
[2022-05-19T09:55:16.627+0000][163][gc,start       ] GC(285) Pause Young (Concurrent Start) (G1 Evacuation Pause)
[2022-05-19T09:55:16.628+0000][163][gc,task        ] GC(285) Using 10 workers of 10 for evacuation
[2022-05-19T09:55:16.628+0000][163][gc,age         ] GC(285) Desired survivor size 12582912 bytes, new threshold 15 (max threshold 15)
[2022-05-19T09:55:16.630+0000][163][gc,age         ] GC(285) Age table with threshold 15 (max threshold 15)
[2022-05-19T09:55:16.630+0000][163][gc,age         ] GC(285) - age   1:    1882536 bytes,    1882536 total
[2022-05-19T09:55:16.631+0000][163][gc,age         ] GC(285) - age   2:      32784 bytes,    1915320 total
[2022-05-19T09:55:16.631+0000][163][gc,phases      ] GC(285)   Pre Evacuate Collection Set: 0.3ms
[2022-05-19T09:55:16.631+0000][163][gc,phases      ] GC(285)   Merge Heap Roots: 0.2ms
[2022-05-19T09:55:16.631+0000][163][gc,phases      ] GC(285)   Evacuate Collection Set: 1.0ms
[2022-05-19T09:55:16.631+0000][163][gc,phases      ] GC(285)   Post Evacuate Collection Set: 0.6ms
[2022-05-19T09:55:16.631+0000][163][gc,phases      ] GC(285)   Other: 1.3ms
[2022-05-19T09:55:16.631+0000][163][gc,heap        ] GC(285) Eden regions: 44->0(46)
[2022-05-19T09:55:16.632+0000][163][gc,heap        ] GC(285) Survivor regions: 1->1(6)
[2022-05-19T09:55:16.632+0000][163][gc,heap        ] GC(285) Old regions: 40->40
[2022-05-19T09:55:16.632+0000][163][gc,heap        ] GC(285) Archive regions: 2->2
[2022-05-19T09:55:16.632+0000][163][gc,heap        ] GC(285) Humongous regions: 10->10
[2022-05-19T09:55:16.632+0000][163][gc,metaspace   ] GC(285) Metaspace: 104110K(105408K)->104110K(105408K) NonClass: 89898K(90688K)->89898K(90688K) Class: 14212K(14720K)->14212K(14720K)
[2022-05-19T09:55:16.632+0000][163][gc             ] GC(285) Pause Young (Concurrent Start) (G1 Evacuation Pause) 377M->203M(512M) 4.876ms
[2022-05-19T09:55:16.632+0000][163][gc,cpu         ] GC(285) User=0.00s Sys=0.01s Real=0.01s
[2022-05-19T09:55:16.632+0000][163][gc             ] GC(286) Concurrent Mark Cycle
[2022-05-19T09:55:16.633+0000][163][gc,marking     ] GC(286) Concurrent Clear Claimed Marks
[2022-05-19T09:55:16.632+0000][163][safepoint      ] Safepoint "G1CollectForAllocation", Time since last: 1353882300 ns, Reaching safepoint: 191400 ns, At safepoint: 5173800 ns, Total: 5365200 ns
[2022-05-19T09:55:16.633+0000][163][gc,marking     ] GC(286) Concurrent Clear Claimed Marks 0.179ms
[2022-05-19T09:55:16.633+0000][163][gc,marking     ] GC(286) Concurrent Scan Root Regions
[2022-05-19T09:55:16.634+0000][163][gc,marking     ] GC(286) Concurrent Scan Root Regions 0.891ms
[2022-05-19T09:55:16.634+0000][163][gc,marking     ] GC(286) Concurrent Mark
[2022-05-19T09:55:16.634+0000][163][gc,marking     ] GC(286) Concurrent Mark From Roots
[2022-05-19T09:55:16.634+0000][163][gc,task        ] GC(286) Using 3 workers of 3 for marking
[2022-05-19T09:55:16.678+0000][163][gc,marking     ] GC(286) Concurrent Mark From Roots 43.432ms
[2022-05-19T09:55:16.678+0000][163][gc,marking     ] GC(286) Concurrent Preclean
[2022-05-19T09:55:16.679+0000][163][gc,marking     ] GC(286) Concurrent Preclean 0.669ms
[2022-05-19T09:55:16.679+0000][163][gc,start       ] GC(286) Pause Remark
[2022-05-19T09:55:16.682+0000][163][gc             ] GC(286) Pause Remark 209M->205M(512M) 3.171ms
[2022-05-19T09:55:16.682+0000][163][gc,cpu         ] GC(286) User=0.02s Sys=0.00s Real=0.00s
[2022-05-19T09:55:16.683+0000][163][safepoint      ] Safepoint "G1Concurrent", Time since last: 46236900 ns, Reaching safepoint: 262600 ns, At safepoint: 3615500 ns, Total: 3878100 ns
[2022-05-19T09:55:16.683+0000][163][gc,marking     ] GC(286) Concurrent Mark 48.739ms
[2022-05-19T09:55:16.683+0000][163][gc,marking     ] GC(286) Concurrent Rebuild Remembered Sets
[2022-05-19T09:55:16.703+0000][163][gc,marking     ] GC(286) Concurrent Rebuild Remembered Sets 19.867ms
[2022-05-19T09:55:16.703+0000][163][gc,start       ] GC(286) Pause Cleanup
[2022-05-19T09:55:16.704+0000][163][gc             ] GC(286) Pause Cleanup 207M->207M(512M) 0.377ms
[2022-05-19T09:55:16.704+0000][163][gc,cpu         ] GC(286) User=0.00s Sys=0.00s Real=0.00s
[2022-05-19T09:55:16.704+0000][163][safepoint      ] Safepoint "G1Concurrent", Time since last: 20493500 ns, Reaching safepoint: 260700 ns, At safepoint: 910400 ns, Total: 1171100 ns
[2022-05-19T09:55:16.704+0000][163][gc,marking     ] GC(286) Concurrent Cleanup for Next Mark
[2022-05-19T09:55:16.705+0000][163][gc,marking     ] GC(286) Concurrent Cleanup for Next Mark 0.345ms
[2022-05-19T09:55:16.705+0000][163][gc             ] GC(286) Concurrent Mark Cycle 72.535ms
[2022-05-19T09:55:18.070+0000][163][gc,start       ] GC(287) Pause Young (Prepare Mixed) (G1 Evacuation Pause)
[2022-05-19T09:55:18.071+0000][163][gc,task        ] GC(287) Using 10 workers of 10 for evacuation
[2022-05-19T09:55:18.071+0000][163][gc,age         ] GC(287) Desired survivor size 12582912 bytes, new threshold 15 (max threshold 15)
[2022-05-19T09:55:18.081+0000][163][gc,age         ] GC(287) Age table with threshold 15 (max threshold 15)
[2022-05-19T09:55:18.081+0000][163][gc,age         ] GC(287) - age   1:   11070632 bytes,   11070632 total
[2022-05-19T09:55:18.081+0000][163][gc,age         ] GC(287) - age   2:    1875416 bytes,   12946048 total
[2022-05-19T09:55:18.081+0000][163][gc,age         ] GC(287) - age   3:      32784 bytes,   12978832 total
[2022-05-19T09:55:18.081+0000][163][gc,phases      ] GC(287)   Pre Evacuate Collection Set: 0.2ms
[2022-05-19T09:55:18.082+0000][163][gc,phases      ] GC(287)   Merge Heap Roots: 0.2ms
[2022-05-19T09:55:18.082+0000][163][gc,phases      ] GC(287)   Evacuate Collection Set: 8.6ms
[2022-05-19T09:55:18.082+0000][163][gc,phases      ] GC(287)   Post Evacuate Collection Set: 0.7ms
[2022-05-19T09:55:18.082+0000][163][gc,phases      ] GC(287)   Other: 1.5ms
[2022-05-19T09:55:18.082+0000][163][gc,heap        ] GC(287) Eden regions: 46->0(2)
[2022-05-19T09:55:18.082+0000][163][gc,heap        ] GC(287) Survivor regions: 1->4(6)
[2022-05-19T09:55:18.083+0000][163][gc,heap        ] GC(287) Old regions: 40->40
[2022-05-19T09:55:18.083+0000][163][gc,heap        ] GC(287) Archive regions: 2->2
[2022-05-19T09:55:18.083+0000][163][gc,heap        ] GC(287) Humongous regions: 11->10
[2022-05-19T09:55:18.083+0000][163][gc,metaspace   ] GC(287) Metaspace: 104110K(105408K)->104110K(105408K) NonClass: 89898K(90688K)->89898K(90688K) Class: 14212K(14720K)->14212K(14720K)
[2022-05-19T09:55:18.083+0000][163][gc             ] GC(287) Pause Young (Prepare Mixed) (G1 Evacuation Pause) 391M->214M(512M) 12.912ms
[2022-05-19T09:55:18.083+0000][163][gc,cpu         ] GC(287) User=0.04s Sys=0.00s Real=0.01s
[2022-05-19T09:55:18.084+0000][163][safepoint      ] Safepoint "G1CollectForAllocation", Time since last: 1365721400 ns, Reaching safepoint: 247200 ns, At safepoint: 13320900 ns, Total: 13568100 ns
[2022-05-19T09:55:18.173+0000][163][gc,start       ] GC(288) Pause Young (Mixed) (G1 Evacuation Pause)
[2022-05-19T09:55:18.174+0000][163][gc,task        ] GC(288) Using 10 workers of 10 for evacuation
[2022-05-19T09:55:18.174+0000][163][gc,age         ] GC(288) Desired survivor size 2097152 bytes, new threshold 1 (max threshold 15)
[2022-05-19T09:55:18.178+0000][163][gc,age         ] GC(288) Age table with threshold 1 (max threshold 15)
[2022-05-19T09:55:18.178+0000][163][gc,age         ] GC(288) - age   1:     516624 bytes,     516624 total
[2022-05-19T09:55:18.178+0000][163][gc,phases      ] GC(288)   Pre Evacuate Collection Set: 0.2ms
[2022-05-19T09:55:18.178+0000][163][gc,phases      ] GC(288)   Merge Heap Roots: 0.2ms
[2022-05-19T09:55:18.178+0000][163][gc,phases      ] GC(288)   Evacuate Collection Set: 2.5ms
[2022-05-19T09:55:18.179+0000][163][gc,phases      ] GC(288)   Post Evacuate Collection Set: 0.7ms
[2022-05-19T09:55:18.179+0000][163][gc,phases      ] GC(288)   Other: 1.1ms
[2022-05-19T09:55:18.179+0000][163][gc,heap        ] GC(288) Eden regions: 2->0(44)
[2022-05-19T09:55:18.179+0000][163][gc,heap        ] GC(288) Survivor regions: 4->1(1)
[2022-05-19T09:55:18.179+0000][163][gc,heap        ] GC(288) Old regions: 40->41
[2022-05-19T09:55:18.179+0000][163][gc,heap        ] GC(288) Archive regions: 2->2
[2022-05-19T09:55:18.179+0000][163][gc,heap        ] GC(288) Humongous regions: 10->10
[2022-05-19T09:55:18.179+0000][163][gc,metaspace   ] GC(288) Metaspace: 104110K(105408K)->104110K(105408K) NonClass: 89898K(90688K)->89898K(90688K) Class: 14212K(14720K)->14212K(14720K)
[2022-05-19T09:55:18.180+0000][163][gc             ] GC(288) Pause Young (Mixed) (G1 Evacuation Pause) 222M->206M(512M) 6.240ms
[2022-05-19T09:55:18.180+0000][163][gc,cpu         ] GC(288) User=0.02s Sys=0.00s Real=0.01s
[2022-05-19T09:55:18.180+0000][163][safepoint      ] Safepoint "G1CollectForAllocation", Time since last: 89546100 ns, Reaching safepoint: 239000 ns, At safepoint: 6600100 ns, Total: 6839100 ns
[2022-05-19T09:55:19.181+0000][163][safepoint      ] Safepoint "Cleanup", Time since last: 1000324600 ns, Reaching safepoint: 432100 ns, At safepoint: 34600 ns, Total: 466700 ns
[2022-05-19T09:55:19.887+0000][163][gc,start       ] GC(289) Pause Young (Concurrent Start) (G1 Evacuation Pause)
[2022-05-19T09:55:19.887+0000][163][gc,task        ] GC(289) Using 10 workers of 10 for evacuation
[2022-05-19T09:55:19.888+0000][163][gc,age         ] GC(289) Desired survivor size 12582912 bytes, new threshold 15 (max threshold 15)
[2022-05-19T09:55:19.891+0000][163][gc,age         ] GC(289) Age table with threshold 15 (max threshold 15)
[2022-05-19T09:55:19.891+0000][163][gc,age         ] GC(289) - age   1:   10008680 bytes,   10008680 total
[2022-05-19T09:55:19.891+0000][163][gc,age         ] GC(289) - age   2:     162712 bytes,   10171392 total
[2022-05-19T09:55:19.891+0000][163][gc,phases      ] GC(289)   Pre Evacuate Collection Set: 0.2ms
[2022-05-19T09:55:19.891+0000][163][gc,phases      ] GC(289)   Merge Heap Roots: 0.2ms
[2022-05-19T09:55:19.891+0000][163][gc,phases      ] GC(289)   Evacuate Collection Set: 1.7ms
[2022-05-19T09:55:19.892+0000][163][gc,phases      ] GC(289)   Post Evacuate Collection Set: 0.6ms
[2022-05-19T09:55:19.892+0000][163][gc,phases      ] GC(289)   Other: 1.4ms
[2022-05-19T09:55:19.892+0000][163][gc,heap        ] GC(289) Eden regions: 44->0(43)
[2022-05-19T09:55:19.892+0000][163][gc,heap        ] GC(289) Survivor regions: 1->3(6)
[2022-05-19T09:55:19.892+0000][163][gc,heap        ] GC(289) Old regions: 41->41
[2022-05-19T09:55:19.892+0000][163][gc,heap        ] GC(289) Archive regions: 2->2
[2022-05-19T09:55:19.893+0000][163][gc,heap        ] GC(289) Humongous regions: 10->10
[2022-05-19T09:55:19.893+0000][163][gc,metaspace   ] GC(289) Metaspace: 104110K(105408K)->104110K(105408K) NonClass: 89898K(90688K)->89898K(90688K) Class: 14212K(14720K)->14212K(14720K)
[2022-05-19T09:55:19.893+0000][163][gc             ] GC(289) Pause Young (Concurrent Start) (G1 Evacuation Pause) 382M->216M(512M) 5.911ms
[2022-05-19T09:55:19.893+0000][163][gc,cpu         ] GC(289) User=0.01s Sys=0.01s Real=0.01s
[2022-05-19T09:55:19.893+0000][163][safepoint      ] Safepoint "G1CollectForAllocation", Time since last: 706052200 ns, Reaching safepoint: 196900 ns, At safepoint: 6248500 ns, Total: 6445400 ns
[2022-05-19T09:55:19.893+0000][163][gc             ] GC(290) Concurrent Mark Cycle
[2022-05-19T09:55:19.894+0000][163][gc,marking     ] GC(290) Concurrent Clear Claimed Marks
[2022-05-19T09:55:19.894+0000][163][gc,marking     ] GC(290) Concurrent Clear Claimed Marks 0.236ms
[2022-05-19T09:55:19.894+0000][163][gc,marking     ] GC(290) Concurrent Scan Root Regions
[2022-05-19T09:55:19.895+0000][163][gc,marking     ] GC(290) Concurrent Scan Root Regions 1.203ms
[2022-05-19T09:55:19.895+0000][163][gc,marking     ] GC(290) Concurrent Mark
[2022-05-19T09:55:19.896+0000][163][gc,marking     ] GC(290) Concurrent Mark From Roots
[2022-05-19T09:55:19.896+0000][163][gc,task        ] GC(290) Using 3 workers of 3 for marking
[2022-05-19T09:55:19.946+0000][163][gc,marking     ] GC(290) Concurrent Mark From Roots 50.162ms
[2022-05-19T09:55:19.946+0000][163][gc,marking     ] GC(290) Concurrent Preclean
[2022-05-19T09:55:19.947+0000][163][gc,marking     ] GC(290) Concurrent Preclean 0.841ms
[2022-05-19T09:55:19.947+0000][163][gc,start       ] GC(290) Pause Remark
[2022-05-19T09:55:19.951+0000][163][gc             ] GC(290) Pause Remark 222M->210M(512M) 3.319ms
[2022-05-19T09:55:19.951+0000][163][gc,cpu         ] GC(290) User=0.01s Sys=0.01s Real=0.01s
[2022-05-19T09:55:19.951+0000][163][safepoint      ] Safepoint "G1Concurrent", Time since last: 53841300 ns, Reaching safepoint: 265000 ns, At safepoint: 3896400 ns, Total: 4161400 ns
[2022-05-19T09:55:19.952+0000][163][gc,marking     ] GC(290) Concurrent Mark 56.110ms
[2022-05-19T09:55:19.952+0000][163][gc,marking     ] GC(290) Concurrent Rebuild Remembered Sets
[2022-05-19T09:55:19.973+0000][163][gc,marking     ] GC(290) Concurrent Rebuild Remembered Sets 20.825ms
[2022-05-19T09:55:19.973+0000][163][gc,start       ] GC(290) Pause Cleanup
[2022-05-19T09:55:19.974+0000][163][gc             ] GC(290) Pause Cleanup 212M->212M(512M) 0.523ms
[2022-05-19T09:55:19.974+0000][163][gc,cpu         ] GC(290) User=0.01s Sys=0.00s Real=0.00s
[2022-05-19T09:55:19.974+0000][163][safepoint      ] Safepoint "G1Concurrent", Time since last: 21659800 ns, Reaching safepoint: 254400 ns, At safepoint: 1078000 ns, Total: 1332400 ns
[2022-05-19T09:55:19.975+0000][163][gc,marking     ] GC(290) Concurrent Cleanup for Next Mark
[2022-05-19T09:55:19.975+0000][163][gc,marking     ] GC(290) Concurrent Cleanup for Next Mark 0.381ms
[2022-05-19T09:55:19.975+0000][163][gc             ] GC(290) Concurrent Mark Cycle 81.911ms
[2022-05-19T09:55:21.975+0000][163][safepoint      ] Safepoint "Cleanup", Time since last: 2000519100 ns, Reaching safepoint: 251600 ns, At safepoint: 14500 ns, Total: 266100 ns
[2022-05-19T09:55:51.623+0000][163][gc,start       ] GC(291) Pause Young (Prepare Mixed) (G1 Evacuation Pause)
[2022-05-19T09:55:51.623+0000][163][gc,task        ] GC(291) Using 10 workers of 10 for evacuation
[2022-05-19T09:55:51.623+0000][163][gc,age         ] GC(291) Desired survivor size 12582912 bytes, new threshold 15 (max threshold 15)
[2022-05-19T09:55:51.627+0000][163][gc,age         ] GC(291) Age table with threshold 15 (max threshold 15)
[2022-05-19T09:55:51.628+0000][163][gc,age         ] GC(291) - age   1:   11863768 bytes,   11863768 total
[2022-05-19T09:55:51.628+0000][163][gc,age         ] GC(291) - age   2:    4187000 bytes,   16050768 total
[2022-05-19T09:55:51.628+0000][163][gc,age         ] GC(291) - age   3:     129480 bytes,   16180248 total
[2022-05-19T09:55:51.628+0000][163][gc,phases      ] GC(291)   Pre Evacuate Collection Set: 0.2ms
[2022-05-19T09:55:51.629+0000][163][gc,phases      ] GC(291)   Merge Heap Roots: 0.3ms
[2022-05-19T09:55:51.629+0000][163][gc,phases      ] GC(291)   Evacuate Collection Set: 2.4ms
[2022-05-19T09:55:51.629+0000][163][gc,phases      ] GC(291)   Post Evacuate Collection Set: 1.0ms
[2022-05-19T09:55:51.629+0000][163][gc,phases      ] GC(291)   Other: 2.0ms
[2022-05-19T09:55:51.629+0000][163][gc,heap        ] GC(291) Eden regions: 43->0(1)
[2022-05-19T09:55:51.629+0000][163][gc,heap        ] GC(291) Survivor regions: 3->5(6)
[2022-05-19T09:55:51.630+0000][163][gc,heap        ] GC(291) Old regions: 41->41
[2022-05-19T09:55:51.630+0000][163][gc,heap        ] GC(291) Archive regions: 2->2
[2022-05-19T09:55:51.630+0000][163][gc,heap        ] GC(291) Humongous regions: 7->7
[2022-05-19T09:55:51.630+0000][163][gc,metaspace   ] GC(291) Metaspace: 104112K(105408K)->104112K(105408K) NonClass: 89900K(90688K)->89900K(90688K) Class: 14212K(14720K)->14212K(14720K)
[2022-05-19T09:55:51.630+0000][163][gc             ] GC(291) Pause Young (Prepare Mixed) (G1 Evacuation Pause) 376M->210M(512M) 7.685ms
[2022-05-19T09:55:51.630+0000][163][gc,cpu         ] GC(291) User=0.02s Sys=0.00s Real=0.01s
[2022-05-19T09:55:51.631+0000][163][safepoint      ] Safepoint "G1CollectForAllocation", Time since last: 29647183300 ns, Reaching safepoint: 233200 ns, At safepoint: 8009800 ns, Total: 8243000 ns
[2022-05-19T09:55:51.671+0000][163][gc,start       ] GC(292) Pause Young (Mixed) (G1 Evacuation Pause)
[2022-05-19T09:55:51.672+0000][163][gc,task        ] GC(292) Using 10 workers of 10 for evacuation
[2022-05-19T09:55:51.672+0000][163][gc,age         ] GC(292) Desired survivor size 2097152 bytes, new threshold 1 (max threshold 15)
[2022-05-19T09:55:51.677+0000][163][gc,age         ] GC(292) Age table with threshold 1 (max threshold 15)
[2022-05-19T09:55:51.677+0000][163][gc,age         ] GC(292) - age   1:     302768 bytes,     302768 total
[2022-05-19T09:55:51.677+0000][163][gc,phases      ] GC(292)   Pre Evacuate Collection Set: 0.2ms
[2022-05-19T09:55:51.677+0000][163][gc,phases      ] GC(292)   Merge Heap Roots: 0.2ms
[2022-05-19T09:55:51.678+0000][163][gc,phases      ] GC(292)   Evacuate Collection Set: 3.4ms
[2022-05-19T09:55:51.678+0000][163][gc,phases      ] GC(292)   Post Evacuate Collection Set: 0.7ms
[2022-05-19T09:55:51.678+0000][163][gc,phases      ] GC(292)   Other: 1.4ms
[2022-05-19T09:55:51.678+0000][163][gc,heap        ] GC(292) Eden regions: 1->0(45)
[2022-05-19T09:55:51.679+0000][163][gc,heap        ] GC(292) Survivor regions: 5->1(1)
[2022-05-19T09:55:51.679+0000][163][gc,heap        ] GC(292) Old regions: 41->43
[2022-05-19T09:55:51.679+0000][163][gc,heap        ] GC(292) Archive regions: 2->2
[2022-05-19T09:55:51.679+0000][163][gc,heap        ] GC(292) Humongous regions: 7->7
[2022-05-19T09:55:51.679+0000][163][gc,metaspace   ] GC(292) Metaspace: 104112K(105408K)->104112K(105408K) NonClass: 89900K(90688K)->89900K(90688K) Class: 14212K(14720K)->14212K(14720K)
[2022-05-19T09:55:51.679+0000][163][gc             ] GC(292) Pause Young (Mixed) (G1 Evacuation Pause) 214M->199M(512M) 7.901ms
[2022-05-19T09:55:51.679+0000][163][gc,cpu         ] GC(292) User=0.04s Sys=0.00s Real=0.01s
[2022-05-19T09:55:51.680+0000][163][safepoint      ] Safepoint "G1CollectForAllocation", Time since last: 40637800 ns, Reaching safepoint: 186700 ns, At safepoint: 8271200 ns, Total: 8457900 ns
[2022-05-19T09:55:52.680+0000][163][safepoint      ] Safepoint "Cleanup", Time since last: 1000216200 ns, Reaching safepoint: 434700 ns, At safepoint: 40400 ns, Total: 475100 ns
[2022-05-19T09:55:53.681+0000][163][safepoint      ] Safepoint "Cleanup", Time since last: 1000520900 ns, Reaching safepoint: 277100 ns, At safepoint: 8200 ns, Total: 285300 ns
[2022-05-19T09:56:15.685+0000][163][safepoint      ] Safepoint "Cleanup", Time since last: 22002981700 ns, Reaching safepoint: 291700 ns, At safepoint: 7700 ns, Total: 299400 ns
[2022-05-19T09:56:23.174+0000][163][gc,start       ] GC(293) Pause Young (Concurrent Start) (G1 Humongous Allocation)
[2022-05-19T09:56:23.174+0000][163][gc,task        ] GC(293) Using 10 workers of 10 for evacuation
[2022-05-19T09:56:23.174+0000][163][gc,age         ] GC(293) Desired survivor size 12582912 bytes, new threshold 15 (max threshold 15)
[2022-05-19T09:56:23.178+0000][163][gc,age         ] GC(293) Age table with threshold 15 (max threshold 15)
[2022-05-19T09:56:23.179+0000][163][gc,age         ] GC(293) - age   1:   15465024 bytes,   15465024 total
[2022-05-19T09:56:23.179+0000][163][gc,age         ] GC(293) - age   2:     154728 bytes,   15619752 total
[2022-05-19T09:56:23.179+0000][163][gc,phases      ] GC(293)   Pre Evacuate Collection Set: 0.3ms
[2022-05-19T09:56:23.179+0000][163][gc,phases      ] GC(293)   Merge Heap Roots: 0.2ms
[2022-05-19T09:56:23.179+0000][163][gc,phases      ] GC(293)   Evacuate Collection Set: 2.2ms
[2022-05-19T09:56:23.180+0000][163][gc,phases      ] GC(293)   Post Evacuate Collection Set: 0.8ms
[2022-05-19T09:56:23.180+0000][163][gc,phases      ] GC(293)   Other: 1.8ms
[2022-05-19T09:56:23.180+0000][163][gc,heap        ] GC(293) Eden regions: 45->0(41)
[2022-05-19T09:56:23.180+0000][163][gc,heap        ] GC(293) Survivor regions: 1->4(6)
[2022-05-19T09:56:23.181+0000][163][gc,heap        ] GC(293) Old regions: 43->43
[2022-05-19T09:56:23.181+0000][163][gc,heap        ] GC(293) Archive regions: 2->2
[2022-05-19T09:56:23.181+0000][163][gc,heap        ] GC(293) Humongous regions: 7->7
[2022-05-19T09:56:23.181+0000][163][gc,metaspace   ] GC(293) Metaspace: 104117K(105472K)->104117K(105472K) NonClass: 89904K(90752K)->89904K(90752K) Class: 14212K(14720K)->14212K(14720K)
[2022-05-19T09:56:23.181+0000][163][gc             ] GC(293) Pause Young (Concurrent Start) (G1 Humongous Allocation) 378M->214M(512M) 7.507ms
[2022-05-19T09:56:23.181+0000][163][gc,cpu         ] GC(293) User=0.02s Sys=0.00s Real=0.01s
[2022-05-19T09:56:23.182+0000][163][gc             ] GC(294) Concurrent Mark Cycle
[2022-05-19T09:56:23.182+0000][163][gc,marking     ] GC(294) Concurrent Clear Claimed Marks
[2022-05-19T09:56:23.182+0000][163][safepoint      ] Safepoint "G1TryInitiateConcMark", Time since last: 7488760800 ns, Reaching safepoint: 260400 ns, At safepoint: 8046000 ns, Total: 8306400 ns
[2022-05-19T09:56:23.182+0000][163][gc,marking     ] GC(294) Concurrent Clear Claimed Marks 0.377ms
[2022-05-19T09:56:23.183+0000][163][gc,marking     ] GC(294) Concurrent Scan Root Regions
[2022-05-19T09:56:23.184+0000][163][gc,marking     ] GC(294) Concurrent Scan Root Regions 1.351ms
[2022-05-19T09:56:23.184+0000][163][gc,marking     ] GC(294) Concurrent Mark
[2022-05-19T09:56:23.185+0000][163][gc,marking     ] GC(294) Concurrent Mark From Roots
[2022-05-19T09:56:23.185+0000][163][gc,task        ] GC(294) Using 3 workers of 3 for marking
[2022-05-19T09:56:23.229+0000][163][gc,marking     ] GC(294) Concurrent Mark From Roots 44.302ms
[2022-05-19T09:56:23.229+0000][163][gc,marking     ] GC(294) Concurrent Preclean
[2022-05-19T09:56:23.230+0000][163][gc,marking     ] GC(294) Concurrent Preclean 0.611ms
[2022-05-19T09:56:23.231+0000][163][gc,start       ] GC(294) Pause Remark
[2022-05-19T09:56:23.234+0000][163][gc             ] GC(294) Pause Remark 224M->224M(512M) 3.663ms
[2022-05-19T09:56:23.235+0000][163][gc,cpu         ] GC(294) User=0.02s Sys=0.01s Real=0.00s
[2022-05-19T09:56:23.235+0000][163][safepoint      ] Safepoint "G1Concurrent", Time since last: 48447800 ns, Reaching safepoint: 475600 ns, At safepoint: 4365900 ns, Total: 4841500 ns
[2022-05-19T09:56:23.235+0000][163][gc,marking     ] GC(294) Concurrent Mark 50.775ms
[2022-05-19T09:56:23.235+0000][163][gc,marking     ] GC(294) Concurrent Rebuild Remembered Sets
[2022-05-19T09:56:23.256+0000][163][gc,marking     ] GC(294) Concurrent Rebuild Remembered Sets 20.538ms
[2022-05-19T09:56:23.257+0000][163][gc,start       ] GC(294) Pause Cleanup
[2022-05-19T09:56:23.257+0000][163][gc             ] GC(294) Pause Cleanup 226M->226M(512M) 0.388ms
[2022-05-19T09:56:23.257+0000][163][gc,cpu         ] GC(294) User=0.00s Sys=0.00s Real=0.00s
[2022-05-19T09:56:23.257+0000][163][safepoint      ] Safepoint "G1Concurrent", Time since last: 21286700 ns, Reaching safepoint: 350400 ns, At safepoint: 855500 ns, Total: 1205900 ns
[2022-05-19T09:56:23.258+0000][163][gc,marking     ] GC(294) Concurrent Cleanup for Next Mark
[2022-05-19T09:56:23.258+0000][163][gc,marking     ] GC(294) Concurrent Cleanup for Next Mark 0.403ms
[2022-05-19T09:56:23.258+0000][163][gc             ] GC(294) Concurrent Mark Cycle 76.559ms
[2022-05-19T09:56:24.258+0000][163][safepoint      ] Safepoint "Cleanup", Time since last: 1000326500 ns, Reaching safepoint: 275200 ns, At safepoint: 25200 ns, Total: 300400 ns
[2022-05-19T09:56:24.399+0000][163][gc,start       ] GC(295) Pause Young (Prepare Mixed) (G1 Evacuation Pause)
[2022-05-19T09:56:24.399+0000][163][gc,task        ] GC(295) Using 10 workers of 10 for evacuation
[2022-05-19T09:56:24.399+0000][163][gc,age         ] GC(295) Desired survivor size 12582912 bytes, new threshold 1 (max threshold 15)
[2022-05-19T09:56:24.403+0000][163][gc,age         ] GC(295) Age table with threshold 1 (max threshold 15)
[2022-05-19T09:56:24.404+0000][163][gc,age         ] GC(295) - age   1:   13815640 bytes,   13815640 total
[2022-05-19T09:56:24.404+0000][163][gc,phases      ] GC(295)   Pre Evacuate Collection Set: 0.2ms
[2022-05-19T09:56:24.404+0000][163][gc,phases      ] GC(295)   Merge Heap Roots: 0.2ms
[2022-05-19T09:56:24.405+0000][163][gc,phases      ] GC(295)   Evacuate Collection Set: 2.8ms
[2022-05-19T09:56:24.405+0000][163][gc,phases      ] GC(295)   Post Evacuate Collection Set: 0.7ms
[2022-05-19T09:56:24.405+0000][163][gc,phases      ] GC(295)   Other: 1.3ms
[2022-05-19T09:56:24.405+0000][163][gc,heap        ] GC(295) Eden regions: 41->0(2)
[2022-05-19T09:56:24.405+0000][163][gc,heap        ] GC(295) Survivor regions: 4->4(6)
[2022-05-19T09:56:24.406+0000][163][gc,heap        ] GC(295) Old regions: 43->45
[2022-05-19T09:56:24.406+0000][163][gc,heap        ] GC(295) Archive regions: 2->2
[2022-05-19T09:56:24.406+0000][163][gc,heap        ] GC(295) Humongous regions: 9->8
[2022-05-19T09:56:24.406+0000][163][gc,metaspace   ] GC(295) Metaspace: 104117K(105472K)->104117K(105472K) NonClass: 89904K(90752K)->89904K(90752K) Class: 14212K(14720K)->14212K(14720K)
[2022-05-19T09:56:24.406+0000][163][gc             ] GC(295) Pause Young (Prepare Mixed) (G1 Evacuation Pause) 386M->225M(512M) 7.142ms
[2022-05-19T09:56:24.406+0000][163][gc,cpu         ] GC(295) User=0.03s Sys=0.00s Real=0.00s
[2022-05-19T09:56:24.406+0000][163][safepoint      ] Safepoint "G1CollectForAllocation", Time since last: 140547700 ns, Reaching safepoint: 193500 ns, At safepoint: 7449700 ns, Total: 7643200 ns
[2022-05-19T09:56:24.481+0000][163][gc,start       ] GC(296) Pause Young (Mixed) (G1 Evacuation Pause)
[2022-05-19T09:56:24.481+0000][163][gc,task        ] GC(296) Using 10 workers of 10 for evacuation
[2022-05-19T09:56:24.481+0000][163][gc,age         ] GC(296) Desired survivor size 2097152 bytes, new threshold 1 (max threshold 15)
[2022-05-19T09:56:24.486+0000][163][gc,age         ] GC(296) Age table with threshold 1 (max threshold 15)
[2022-05-19T09:56:24.486+0000][163][gc,age         ] GC(296) - age   1:     197312 bytes,     197312 total
[2022-05-19T09:56:24.486+0000][163][gc,phases      ] GC(296)   Pre Evacuate Collection Set: 0.2ms
[2022-05-19T09:56:24.486+0000][163][gc,phases      ] GC(296)   Merge Heap Roots: 0.2ms
[2022-05-19T09:56:24.486+0000][163][gc,phases      ] GC(296)   Evacuate Collection Set: 3.1ms
[2022-05-19T09:56:24.486+0000][163][gc,phases      ] GC(296)   Post Evacuate Collection Set: 0.7ms
[2022-05-19T09:56:24.487+0000][163][gc,phases      ] GC(296)   Other: 1.4ms
[2022-05-19T09:56:24.487+0000][163][gc,heap        ] GC(296) Eden regions: 2->0(41)
[2022-05-19T09:56:24.487+0000][163][gc,heap        ] GC(296) Survivor regions: 4->1(1)
[2022-05-19T09:56:24.487+0000][163][gc,heap        ] GC(296) Old regions: 45->44
[2022-05-19T09:56:24.488+0000][163][gc,heap        ] GC(296) Archive regions: 2->2
[2022-05-19T09:56:24.488+0000][163][gc,heap        ] GC(296) Humongous regions: 8->8
[2022-05-19T09:56:24.488+0000][163][gc,metaspace   ] GC(296) Metaspace: 104117K(105472K)->104117K(105472K) NonClass: 89904K(90752K)->89904K(90752K) Class: 14212K(14720K)->14212K(14720K)
[2022-05-19T09:56:24.488+0000][163][gc             ] GC(296) Pause Young (Mixed) (G1 Evacuation Pause) 233M->210M(512M) 7.504ms
[2022-05-19T09:56:24.488+0000][163][gc,cpu         ] GC(296) User=0.03s Sys=0.00s Real=0.00s
[2022-05-19T09:56:24.488+0000][163][safepoint      ] Safepoint "G1CollectForAllocation", Time since last: 73980400 ns, Reaching safepoint: 209300 ns, At safepoint: 7924500 ns, Total: 8133800 ns
[2022-05-19T09:56:45.492+0000][163][safepoint      ] Safepoint "Cleanup", Time since last: 21002989500 ns, Reaching safepoint: 301300 ns, At safepoint: 7400 ns, Total: 308700 ns
[2022-05-19T09:56:55.791+0000][163][gc,start       ] GC(297) Pause Young (Concurrent Start) (G1 Evacuation Pause)
[2022-05-19T09:56:55.791+0000][163][gc,task        ] GC(297) Using 10 workers of 10 for evacuation
[2022-05-19T09:56:55.792+0000][163][gc,age         ] GC(297) Desired survivor size 12582912 bytes, new threshold 15 (max threshold 15)
[2022-05-19T09:56:55.800+0000][163][gc,age         ] GC(297) Age table with threshold 15 (max threshold 15)
[2022-05-19T09:56:55.800+0000][163][gc,age         ] GC(297) - age   1:   24033584 bytes,   24033584 total
[2022-05-19T09:56:55.800+0000][163][gc,age         ] GC(297) - age   2:     196736 bytes,   24230320 total
[2022-05-19T09:56:55.801+0000][163][gc,phases      ] GC(297)   Pre Evacuate Collection Set: 0.3ms
[2022-05-19T09:56:55.801+0000][163][gc,phases      ] GC(297)   Merge Heap Roots: 0.2ms
[2022-05-19T09:56:55.801+0000][163][gc,phases      ] GC(297)   Evacuate Collection Set: 6.3ms
[2022-05-19T09:56:55.801+0000][163][gc,phases      ] GC(297)   Post Evacuate Collection Set: 0.8ms
[2022-05-19T09:56:55.801+0000][163][gc,phases      ] GC(297)   Other: 2.2ms
[2022-05-19T09:56:55.802+0000][163][gc,heap        ] GC(297) Eden regions: 41->0(22)
[2022-05-19T09:56:55.802+0000][163][gc,heap        ] GC(297) Survivor regions: 1->6(6)
[2022-05-19T09:56:55.802+0000][163][gc,heap        ] GC(297) Old regions: 44->52
[2022-05-19T09:56:55.802+0000][163][gc,heap        ] GC(297) Archive regions: 2->2
[2022-05-19T09:56:55.802+0000][163][gc,heap        ] GC(297) Humongous regions: 8->8
[2022-05-19T09:56:55.802+0000][163][gc,metaspace   ] GC(297) Metaspace: 104120K(105472K)->104120K(105472K) NonClass: 89908K(90752K)->89908K(90752K) Class: 14212K(14720K)->14212K(14720K)
[2022-05-19T09:56:55.802+0000][163][gc             ] GC(297) Pause Young (Concurrent Start) (G1 Evacuation Pause) 374M->265M(512M) 11.200ms
[2022-05-19T09:56:55.802+0000][163][gc,cpu         ] GC(297) User=0.04s Sys=0.02s Real=0.01s
[2022-05-19T09:56:55.803+0000][163][safepoint      ] Safepoint "G1CollectForAllocation", Time since last: 10299056700 ns, Reaching safepoint: 256600 ns, At safepoint: 11683100 ns, Total: 11939700 ns
[2022-05-19T09:56:55.803+0000][163][gc             ] GC(298) Concurrent Mark Cycle
[2022-05-19T09:56:55.803+0000][163][gc,marking     ] GC(298) Concurrent Clear Claimed Marks
[2022-05-19T09:56:55.803+0000][163][gc,marking     ] GC(298) Concurrent Clear Claimed Marks 0.207ms
[2022-05-19T09:56:55.803+0000][163][gc,marking     ] GC(298) Concurrent Scan Root Regions
[2022-05-19T09:56:55.804+0000][163][gc,marking     ] GC(298) Concurrent Scan Root Regions 1.036ms
[2022-05-19T09:56:55.805+0000][163][gc,marking     ] GC(298) Concurrent Mark
[2022-05-19T09:56:55.805+0000][163][gc,marking     ] GC(298) Concurrent Mark From Roots
[2022-05-19T09:56:55.805+0000][163][gc,task        ] GC(298) Using 3 workers of 3 for marking
[2022-05-19T09:56:55.850+0000][163][gc,marking     ] GC(298) Concurrent Mark From Roots 44.930ms
[2022-05-19T09:56:55.850+0000][163][gc,marking     ] GC(298) Concurrent Preclean
[2022-05-19T09:56:55.851+0000][163][gc,marking     ] GC(298) Concurrent Preclean 0.608ms
[2022-05-19T09:56:55.851+0000][163][gc,start       ] GC(298) Pause Remark
[2022-05-19T09:56:55.854+0000][163][gc             ] GC(298) Pause Remark 270M->270M(512M) 3.315ms
[2022-05-19T09:56:55.855+0000][163][gc,cpu         ] GC(298) User=0.02s Sys=0.00s Real=0.00s
[2022-05-19T09:56:55.855+0000][163][safepoint      ] Safepoint "G1Concurrent", Time since last: 48049200 ns, Reaching safepoint: 332400 ns, At safepoint: 3959300 ns, Total: 4291700 ns
[2022-05-19T09:56:55.855+0000][163][gc,marking     ] GC(298) Concurrent Mark 50.777ms
[2022-05-19T09:56:55.856+0000][163][gc,marking     ] GC(298) Concurrent Rebuild Remembered Sets
[2022-05-19T09:56:55.878+0000][163][gc,marking     ] GC(298) Concurrent Rebuild Remembered Sets 22.435ms
[2022-05-19T09:56:55.879+0000][163][gc,start       ] GC(298) Pause Cleanup
[2022-05-19T09:56:55.879+0000][163][gc             ] GC(298) Pause Cleanup 272M->272M(512M) 0.581ms
[2022-05-19T09:56:55.880+0000][163][gc,cpu         ] GC(298) User=0.00s Sys=0.00s Real=0.00s
[2022-05-19T09:56:55.880+0000][163][safepoint      ] Safepoint "G1Concurrent", Time since last: 23401000 ns, Reaching safepoint: 266900 ns, At safepoint: 1182400 ns, Total: 1449300 ns
[2022-05-19T09:56:55.880+0000][163][gc,marking     ] GC(298) Concurrent Cleanup for Next Mark
[2022-05-19T09:56:55.881+0000][163][gc,marking     ] GC(298) Concurrent Cleanup for Next Mark 0.440ms
[2022-05-19T09:56:55.881+0000][163][gc             ] GC(298) Concurrent Mark Cycle 78.112ms
[2022-05-19T09:56:56.503+0000][163][gc,start       ] GC(299) Pause Young (Prepare Mixed) (G1 Evacuation Pause)
[2022-05-19T09:56:56.503+0000][163][gc,task        ] GC(299) Using 10 workers of 10 for evacuation
[2022-05-19T09:56:56.503+0000][163][gc,age         ] GC(299) Desired survivor size 8388608 bytes, new threshold 1 (max threshold 15)
[2022-05-19T09:56:56.507+0000][163][gc,age         ] GC(299) Age table with threshold 1 (max threshold 15)
[2022-05-19T09:56:56.508+0000][163][gc,age         ] GC(299) - age   1:    1115488 bytes,    1115488 total
[2022-05-19T09:56:56.508+0000][163][gc,phases      ] GC(299)   Pre Evacuate Collection Set: 0.2ms
[2022-05-19T09:56:56.508+0000][163][gc,phases      ] GC(299)   Merge Heap Roots: 0.2ms
[2022-05-19T09:56:56.508+0000][163][gc,phases      ] GC(299)   Evacuate Collection Set: 3.2ms
[2022-05-19T09:56:56.508+0000][163][gc,phases      ] GC(299)   Post Evacuate Collection Set: 0.8ms
[2022-05-19T09:56:56.508+0000][163][gc,phases      ] GC(299)   Other: 0.8ms
[2022-05-19T09:56:56.508+0000][163][gc,heap        ] GC(299) Eden regions: 22->0(5)
[2022-05-19T09:56:56.508+0000][163][gc,heap        ] GC(299) Survivor regions: 6->1(4)
[2022-05-19T09:56:56.509+0000][163][gc,heap        ] GC(299) Old regions: 52->59
[2022-05-19T09:56:56.509+0000][163][gc,heap        ] GC(299) Archive regions: 2->2
[2022-05-19T09:56:56.509+0000][163][gc,heap        ] GC(299) Humongous regions: 8->8
[2022-05-19T09:56:56.509+0000][163][gc,metaspace   ] GC(299) Metaspace: 104122K(105472K)->104122K(105472K) NonClass: 89910K(90752K)->89910K(90752K) Class: 14212K(14720K)->14212K(14720K)
[2022-05-19T09:56:56.509+0000][163][gc             ] GC(299) Pause Young (Prepare Mixed) (G1 Evacuation Pause) 353M->267M(512M) 6.507ms
[2022-05-19T09:56:56.509+0000][163][gc,cpu         ] GC(299) User=0.04s Sys=0.00s Real=0.01s
[2022-05-19T09:56:56.509+0000][163][safepoint      ] Safepoint "G1CollectForAllocation", Time since last: 622564600 ns, Reaching safepoint: 183600 ns, At safepoint: 6813400 ns, Total: 6997000 ns
[2022-05-19T09:56:56.593+0000][163][gc,start       ] GC(300) Pause Young (Mixed) (G1 Evacuation Pause)
[2022-05-19T09:56:56.593+0000][163][gc,task        ] GC(300) Using 10 workers of 10 for evacuation
[2022-05-19T09:56:56.593+0000][163][gc,age         ] GC(300) Desired survivor size 2097152 bytes, new threshold 15 (max threshold 15)
[2022-05-19T09:56:56.595+0000][163][gc,age         ] GC(300) Age table with threshold 15 (max threshold 15)
[2022-05-19T09:56:56.596+0000][163][gc,age         ] GC(300) - age   1:      31152 bytes,      31152 total
[2022-05-19T09:56:56.596+0000][163][gc,age         ] GC(300) - age   2:    1100424 bytes,    1131576 total
[2022-05-19T09:56:56.596+0000][163][gc,phases      ] GC(300)   Pre Evacuate Collection Set: 0.2ms
[2022-05-19T09:56:56.596+0000][163][gc,phases      ] GC(300)   Merge Heap Roots: 0.1ms
[2022-05-19T09:56:56.596+0000][163][gc,phases      ] GC(300)   Evacuate Collection Set: 1.4ms
[2022-05-19T09:56:56.597+0000][163][gc,phases      ] GC(300)   Post Evacuate Collection Set: 0.6ms
[2022-05-19T09:56:56.597+0000][163][gc,phases      ] GC(300)   Other: 1.3ms
[2022-05-19T09:56:56.597+0000][163][gc,heap        ] GC(300) Eden regions: 5->0(26)
[2022-05-19T09:56:56.597+0000][163][gc,heap        ] GC(300) Survivor regions: 1->1(1)
[2022-05-19T09:56:56.597+0000][163][gc,heap        ] GC(300) Old regions: 59->55
[2022-05-19T09:56:56.597+0000][163][gc,heap        ] GC(300) Archive regions: 2->2
[2022-05-19T09:56:56.597+0000][163][gc,heap        ] GC(300) Humongous regions: 8->8
[2022-05-19T09:56:56.598+0000][163][gc,metaspace   ] GC(300) Metaspace: 104122K(105472K)->104122K(105472K) NonClass: 89910K(90752K)->89910K(90752K) Class: 14212K(14720K)->14212K(14720K)
[2022-05-19T09:56:56.598+0000][163][gc             ] GC(300) Pause Young (Mixed) (G1 Evacuation Pause) 287M->253M(512M) 5.095ms
[2022-05-19T09:56:56.598+0000][163][gc,cpu         ] GC(300) User=0.01s Sys=0.00s Real=0.00s
[2022-05-19T09:56:56.598+0000][163][safepoint      ] Safepoint "G1CollectForAllocation", Time since last: 82846300 ns, Reaching safepoint: 274800 ns, At safepoint: 5385100 ns, Total: 5659900 ns
[2022-05-19T09:56:57.129+0000][163][gc,start       ] GC(301) Pause Young (Concurrent Start) (G1 Evacuation Pause)
[2022-05-19T09:56:57.129+0000][163][gc,task        ] GC(301) Using 10 workers of 10 for evacuation
[2022-05-19T09:56:57.130+0000][163][gc,age         ] GC(301) Desired survivor size 8388608 bytes, new threshold 15 (max threshold 15)
[2022-05-19T09:56:57.132+0000][163][gc,age         ] GC(301) Age table with threshold 15 (max threshold 15)
[2022-05-19T09:56:57.132+0000][163][gc,age         ] GC(301) - age   1:      58488 bytes,      58488 total
[2022-05-19T09:56:57.132+0000][163][gc,age         ] GC(301) - age   2:       4752 bytes,      63240 total
[2022-05-19T09:56:57.133+0000][163][gc,age         ] GC(301) - age   3:    1099344 bytes,    1162584 total
[2022-05-19T09:56:57.133+0000][163][gc,phases      ] GC(301)   Pre Evacuate Collection Set: 0.3ms
[2022-05-19T09:56:57.133+0000][163][gc,phases      ] GC(301)   Merge Heap Roots: 0.2ms
[2022-05-19T09:56:57.133+0000][163][gc,phases      ] GC(301)   Evacuate Collection Set: 1.2ms
[2022-05-19T09:56:57.133+0000][163][gc,phases      ] GC(301)   Post Evacuate Collection Set: 0.6ms
[2022-05-19T09:56:57.133+0000][163][gc,phases      ] GC(301)   Other: 1.4ms
[2022-05-19T09:56:57.133+0000][163][gc,heap        ] GC(301) Eden regions: 26->0(29)
[2022-05-19T09:56:57.133+0000][163][gc,heap        ] GC(301) Survivor regions: 1->1(4)
[2022-05-19T09:56:57.133+0000][163][gc,heap        ] GC(301) Old regions: 55->55
[2022-05-19T09:56:57.134+0000][163][gc,heap        ] GC(301) Archive regions: 2->2
[2022-05-19T09:56:57.134+0000][163][gc,heap        ] GC(301) Humongous regions: 8->8
[2022-05-19T09:56:57.134+0000][163][gc,metaspace   ] GC(301) Metaspace: 104122K(105472K)->104122K(105472K) NonClass: 89910K(90752K)->89910K(90752K) Class: 14212K(14720K)->14212K(14720K)
[2022-05-19T09:56:57.134+0000][163][gc             ] GC(301) Pause Young (Concurrent Start) (G1 Evacuation Pause) 357M->253M(512M) 4.887ms
[2022-05-19T09:56:57.134+0000][163][gc,cpu         ] GC(301) User=0.01s Sys=0.00s Real=0.00s
[2022-05-19T09:56:57.134+0000][163][gc             ] GC(302) Concurrent Mark Cycle
[2022-05-19T09:56:57.134+0000][163][safepoint      ] Safepoint "G1CollectForAllocation", Time since last: 530942000 ns, Reaching safepoint: 192300 ns, At safepoint: 5191800 ns, Total: 5384100 ns
[2022-05-19T09:56:57.134+0000][163][gc,marking     ] GC(302) Concurrent Clear Claimed Marks
[2022-05-19T09:56:57.135+0000][163][gc,marking     ] GC(302) Concurrent Clear Claimed Marks 0.390ms
[2022-05-19T09:56:57.135+0000][163][gc,marking     ] GC(302) Concurrent Scan Root Regions
[2022-05-19T09:56:57.136+0000][163][gc,marking     ] GC(302) Concurrent Scan Root Regions 0.934ms
[2022-05-19T09:56:57.136+0000][163][gc,marking     ] GC(302) Concurrent Mark
[2022-05-19T09:56:57.136+0000][163][gc,marking     ] GC(302) Concurrent Mark From Roots
[2022-05-19T09:56:57.136+0000][163][gc,task        ] GC(302) Using 3 workers of 3 for marking
[2022-05-19T09:56:57.177+0000][163][gc,marking     ] GC(302) Concurrent Mark From Roots 41.113ms
[2022-05-19T09:56:57.178+0000][163][gc,marking     ] GC(302) Concurrent Preclean
[2022-05-19T09:56:57.178+0000][163][gc,marking     ] GC(302) Concurrent Preclean 0.665ms
[2022-05-19T09:56:57.179+0000][163][gc,start       ] GC(302) Pause Remark
[2022-05-19T09:56:57.182+0000][163][gc             ] GC(302) Pause Remark 269M->269M(512M) 3.440ms
[2022-05-19T09:56:57.183+0000][163][gc,cpu         ] GC(302) User=0.02s Sys=0.00s Real=0.00s
[2022-05-19T09:56:57.183+0000][163][safepoint      ] Safepoint "G1Concurrent", Time since last: 44369100 ns, Reaching safepoint: 262500 ns, At safepoint: 3998200 ns, Total: 4260700 ns
[2022-05-19T09:56:57.183+0000][163][gc,marking     ] GC(302) Concurrent Mark 46.994ms
[2022-05-19T09:56:57.183+0000][163][gc,marking     ] GC(302) Concurrent Rebuild Remembered Sets
[2022-05-19T09:56:57.203+0000][163][gc,marking     ] GC(302) Concurrent Rebuild Remembered Sets 20.145ms
[2022-05-19T09:56:57.204+0000][163][gc,start       ] GC(302) Pause Cleanup
[2022-05-19T09:56:57.205+0000][163][gc             ] GC(302) Pause Cleanup 277M->277M(512M) 0.435ms
[2022-05-19T09:56:57.205+0000][163][gc,cpu         ] GC(302) User=0.00s Sys=0.00s Real=0.00s
[2022-05-19T09:56:57.205+0000][163][safepoint      ] Safepoint "G1Concurrent", Time since last: 20899100 ns, Reaching safepoint: 297300 ns, At safepoint: 958600 ns, Total: 1255900 ns
[2022-05-19T09:56:57.205+0000][163][gc,marking     ] GC(302) Concurrent Cleanup for Next Mark
[2022-05-19T09:56:57.206+0000][163][gc,marking     ] GC(302) Concurrent Cleanup for Next Mark 0.399ms
[2022-05-19T09:56:57.206+0000][163][gc             ] GC(302) Concurrent Mark Cycle 71.627ms
[2022-05-19T09:56:57.500+0000][163][gc,start       ] GC(303) Pause Young (Prepare Mixed) (G1 Evacuation Pause)
[2022-05-19T09:56:57.500+0000][163][gc,task        ] GC(303) Using 10 workers of 10 for evacuation
[2022-05-19T09:56:57.501+0000][163][gc,age         ] GC(303) Desired survivor size 8388608 bytes, new threshold 15 (max threshold 15)
[2022-05-19T09:56:57.502+0000][163][gc,age         ] GC(303) Age table with threshold 15 (max threshold 15)
[2022-05-19T09:56:57.503+0000][163][gc,age         ] GC(303) - age   1:      63144 bytes,      63144 total
[2022-05-19T09:56:57.503+0000][163][gc,age         ] GC(303) - age   2:      35648 bytes,      98792 total
[2022-05-19T09:56:57.503+0000][163][gc,age         ] GC(303) - age   3:       4720 bytes,     103512 total
[2022-05-19T09:56:57.503+0000][163][gc,age         ] GC(303) - age   4:    1094792 bytes,    1198304 total
[2022-05-19T09:56:57.503+0000][163][gc,phases      ] GC(303)   Pre Evacuate Collection Set: 0.2ms
[2022-05-19T09:56:57.503+0000][163][gc,phases      ] GC(303)   Merge Heap Roots: 0.2ms
[2022-05-19T09:56:57.504+0000][163][gc,phases      ] GC(303)   Evacuate Collection Set: 0.7ms
[2022-05-19T09:56:57.504+0000][163][gc,phases      ] GC(303)   Post Evacuate Collection Set: 0.7ms
[2022-05-19T09:56:57.504+0000][163][gc,phases      ] GC(303)   Other: 1.3ms
[2022-05-19T09:56:57.504+0000][163][gc,heap        ] GC(303) Eden regions: 29->0(5)
[2022-05-19T09:56:57.504+0000][163][gc,heap        ] GC(303) Survivor regions: 1->1(4)
[2022-05-19T09:56:57.504+0000][163][gc,heap        ] GC(303) Old regions: 55->55
[2022-05-19T09:56:57.505+0000][163][gc,heap        ] GC(303) Archive regions: 2->2
[2022-05-19T09:56:57.505+0000][163][gc,heap        ] GC(303) Humongous regions: 8->8
[2022-05-19T09:56:57.505+0000][163][gc,metaspace   ] GC(303) Metaspace: 104122K(105472K)->104122K(105472K) NonClass: 89910K(90752K)->89910K(90752K) Class: 14212K(14720K)->14212K(14720K)
[2022-05-19T09:56:57.505+0000][163][gc             ] GC(303) Pause Young (Prepare Mixed) (G1 Evacuation Pause) 369M->253M(512M) 4.669ms
[2022-05-19T09:56:57.505+0000][163][gc,cpu         ] GC(303) User=0.01s Sys=0.00s Real=0.00s
[2022-05-19T09:56:57.505+0000][163][safepoint      ] Safepoint "G1CollectForAllocation", Time since last: 295068700 ns, Reaching safepoint: 205600 ns, At safepoint: 4974000 ns, Total: 5179600 ns
[2022-05-19T09:56:57.566+0000][163][gc,start       ] GC(304) Pause Young (Mixed) (G1 Evacuation Pause)
[2022-05-19T09:56:57.566+0000][163][gc,task        ] GC(304) Using 10 workers of 10 for evacuation
[2022-05-19T09:56:57.566+0000][163][gc,age         ] GC(304) Desired survivor size 2097152 bytes, new threshold 15 (max threshold 15)
[2022-05-19T09:56:57.568+0000][163][gc,age         ] GC(304) Age table with threshold 15 (max threshold 15)
[2022-05-19T09:56:57.569+0000][163][gc,age         ] GC(304) - age   1:      24656 bytes,      24656 total
[2022-05-19T09:56:57.569+0000][163][gc,age         ] GC(304) - age   2:      36816 bytes,      61472 total
[2022-05-19T09:56:57.569+0000][163][gc,age         ] GC(304) - age   3:      35616 bytes,      97088 total
[2022-05-19T09:56:57.569+0000][163][gc,age         ] GC(304) - age   4:       4528 bytes,     101616 total
[2022-05-19T09:56:57.569+0000][163][gc,age         ] GC(304) - age   5:    1094792 bytes,    1196408 total
[2022-05-19T09:56:57.569+0000][163][gc,phases      ] GC(304)   Pre Evacuate Collection Set: 0.2ms
[2022-05-19T09:56:57.570+0000][163][gc,phases      ] GC(304)   Merge Heap Roots: 0.1ms
[2022-05-19T09:56:57.570+0000][163][gc,phases      ] GC(304)   Evacuate Collection Set: 1.5ms
[2022-05-19T09:56:57.570+0000][163][gc,phases      ] GC(304)   Post Evacuate Collection Set: 0.6ms
[2022-05-19T09:56:57.570+0000][163][gc,phases      ] GC(304)   Other: 1.4ms
[2022-05-19T09:56:57.570+0000][163][gc,heap        ] GC(304) Eden regions: 5->0(33)
[2022-05-19T09:56:57.570+0000][163][gc,heap        ] GC(304) Survivor regions: 1->1(1)
[2022-05-19T09:56:57.571+0000][163][gc,heap        ] GC(304) Old regions: 55->53
[2022-05-19T09:56:57.571+0000][163][gc,heap        ] GC(304) Archive regions: 2->2
[2022-05-19T09:56:57.571+0000][163][gc,heap        ] GC(304) Humongous regions: 8->8
[2022-05-19T09:56:57.571+0000][163][gc,metaspace   ] GC(304) Metaspace: 104122K(105472K)->104122K(105472K) NonClass: 89910K(90752K)->89910K(90752K) Class: 14212K(14720K)->14212K(14720K)
[2022-05-19T09:56:57.571+0000][163][gc             ] GC(304) Pause Young (Mixed) (G1 Evacuation Pause) 273M->245M(512M) 5.619ms
[2022-05-19T09:56:57.571+0000][163][gc,cpu         ] GC(304) User=0.01s Sys=0.00s Real=0.01s
[2022-05-19T09:56:57.571+0000][163][safepoint      ] Safepoint "G1CollectForAllocation", Time since last: 60044200 ns, Reaching safepoint: 190700 ns, At safepoint: 5923100 ns, Total: 6113800 ns
[2022-05-19T09:56:58.042+0000][163][gc,start       ] GC(305) Pause Young (Concurrent Start) (G1 Evacuation Pause)
[2022-05-19T09:56:58.042+0000][163][gc,task        ] GC(305) Using 10 workers of 10 for evacuation
[2022-05-19T09:56:58.042+0000][163][gc,age         ] GC(305) Desired survivor size 10485760 bytes, new threshold 15 (max threshold 15)
[2022-05-19T09:56:58.044+0000][163][gc,age         ] GC(305) Age table with threshold 15 (max threshold 15)
[2022-05-19T09:56:58.044+0000][163][gc,age         ] GC(305) - age   1:      75064 bytes,      75064 total
[2022-05-19T09:56:58.045+0000][163][gc,age         ] GC(305) - age   2:       6032 bytes,      81096 total
[2022-05-19T09:56:58.045+0000][163][gc,age         ] GC(305) - age   3:      36784 bytes,     117880 total
[2022-05-19T09:56:58.045+0000][163][gc,age         ] GC(305) - age   4:      35024 bytes,     152904 total
[2022-05-19T09:56:58.045+0000][163][gc,age         ] GC(305) - age   5:       4528 bytes,     157432 total
[2022-05-19T09:56:58.045+0000][163][gc,age         ] GC(305) - age   6:    1094760 bytes,    1252192 total
[2022-05-19T09:56:58.045+0000][163][gc,phases      ] GC(305)   Pre Evacuate Collection Set: 0.2ms
[2022-05-19T09:56:58.045+0000][163][gc,phases      ] GC(305)   Merge Heap Roots: 0.2ms
[2022-05-19T09:56:58.046+0000][163][gc,phases      ] GC(305)   Evacuate Collection Set: 1.1ms
[2022-05-19T09:56:58.046+0000][163][gc,phases      ] GC(305)   Post Evacuate Collection Set: 0.6ms
[2022-05-19T09:56:58.046+0000][163][gc,phases      ] GC(305)   Other: 1.7ms
[2022-05-19T09:56:58.046+0000][163][gc,heap        ] GC(305) Eden regions: 33->0(35)
[2022-05-19T09:56:58.046+0000][163][gc,heap        ] GC(305) Survivor regions: 1->1(5)
[2022-05-19T09:56:58.046+0000][163][gc,heap        ] GC(305) Old regions: 53->53
[2022-05-19T09:56:58.046+0000][163][gc,heap        ] GC(305) Archive regions: 2->2
[2022-05-19T09:56:58.046+0000][163][gc,heap        ] GC(305) Humongous regions: 8->8
[2022-05-19T09:56:58.046+0000][163][gc,metaspace   ] GC(305) Metaspace: 104122K(105472K)->104122K(105472K) NonClass: 89910K(90752K)->89910K(90752K) Class: 14212K(14720K)->14212K(14720K)
[2022-05-19T09:56:58.047+0000][163][gc             ] GC(305) Pause Young (Concurrent Start) (G1 Evacuation Pause) 377M->245M(512M) 4.974ms
[2022-05-19T09:56:58.047+0000][163][gc,cpu         ] GC(305) User=0.01s Sys=0.00s Real=0.00s
[2022-05-19T09:56:58.047+0000][163][gc             ] GC(306) Concurrent Mark Cycle
[2022-05-19T09:56:58.047+0000][163][safepoint      ] Safepoint "G1CollectForAllocation", Time since last: 469951100 ns, Reaching safepoint: 185400 ns, At safepoint: 5276900 ns, Total: 5462300 ns
[2022-05-19T09:56:58.047+0000][163][gc,marking     ] GC(306) Concurrent Clear Claimed Marks
[2022-05-19T09:56:58.047+0000][163][gc,marking     ] GC(306) Concurrent Clear Claimed Marks 0.313ms
[2022-05-19T09:56:58.047+0000][163][gc,marking     ] GC(306) Concurrent Scan Root Regions
[2022-05-19T09:56:58.048+0000][163][gc,marking     ] GC(306) Concurrent Scan Root Regions 0.908ms
[2022-05-19T09:56:58.048+0000][163][gc,marking     ] GC(306) Concurrent Mark
[2022-05-19T09:56:58.049+0000][163][gc,marking     ] GC(306) Concurrent Mark From Roots
[2022-05-19T09:56:58.049+0000][163][gc,task        ] GC(306) Using 3 workers of 3 for marking
[2022-05-19T09:56:58.099+0000][163][gc,marking     ] GC(306) Concurrent Mark From Roots 50.877ms
[2022-05-19T09:56:58.100+0000][163][gc,marking     ] GC(306) Concurrent Preclean
[2022-05-19T09:56:58.100+0000][163][gc,marking     ] GC(306) Concurrent Preclean 0.708ms
[2022-05-19T09:56:58.101+0000][163][gc,start       ] GC(306) Pause Remark
[2022-05-19T09:56:58.104+0000][163][gc             ] GC(306) Pause Remark 253M->253M(512M) 3.144ms
[2022-05-19T09:56:58.104+0000][163][gc,cpu         ] GC(306) User=0.02s Sys=0.00s Real=0.00s
[2022-05-19T09:56:58.105+0000][163][safepoint      ] Safepoint "G1Concurrent", Time since last: 53903900 ns, Reaching safepoint: 254800 ns, At safepoint: 3620900 ns, Total: 3875700 ns
[2022-05-19T09:56:58.105+0000][163][gc,marking     ] GC(306) Concurrent Mark 56.407ms
[2022-05-19T09:56:58.105+0000][163][gc,marking     ] GC(306) Concurrent Rebuild Remembered Sets
[2022-05-19T09:56:58.128+0000][163][gc,marking     ] GC(306) Concurrent Rebuild Remembered Sets 23.207ms
[2022-05-19T09:56:58.129+0000][163][gc,start       ] GC(306) Pause Cleanup
[2022-05-19T09:56:58.129+0000][163][gc             ] GC(306) Pause Cleanup 253M->253M(512M) 0.435ms
[2022-05-19T09:56:58.129+0000][163][gc,cpu         ] GC(306) User=0.00s Sys=0.00s Real=0.00s
[2022-05-19T09:56:58.129+0000][163][safepoint      ] Safepoint "G1Concurrent", Time since last: 23836800 ns, Reaching safepoint: 199000 ns, At safepoint: 790600 ns, Total: 989600 ns
[2022-05-19T09:56:58.130+0000][163][gc,marking     ] GC(306) Concurrent Cleanup for Next Mark
[2022-05-19T09:56:58.130+0000][163][gc,marking     ] GC(306) Concurrent Cleanup for Next Mark 0.393ms
[2022-05-19T09:56:58.130+0000][163][gc             ] GC(306) Concurrent Mark Cycle 83.434ms
[2022-05-19T09:56:59.130+0000][163][safepoint      ] Safepoint "Cleanup", Time since last: 1000362300 ns, Reaching safepoint: 274600 ns, At safepoint: 24200 ns, Total: 298800 ns
[2022-05-19T09:56:59.902+0000][163][gc,start       ] GC(307) Pause Young (Prepare Mixed) (G1 Evacuation Pause)
[2022-05-19T09:56:59.902+0000][163][gc,task        ] GC(307) Using 10 workers of 10 for evacuation
[2022-05-19T09:56:59.903+0000][163][gc,age         ] GC(307) Desired survivor size 10485760 bytes, new threshold 15 (max threshold 15)
[2022-05-19T09:56:59.906+0000][163][gc,age         ] GC(307) Age table with threshold 15 (max threshold 15)
[2022-05-19T09:56:59.907+0000][163][gc,age         ] GC(307) - age   1:    8857624 bytes,    8857624 total
[2022-05-19T09:56:59.907+0000][163][gc,age         ] GC(307) - age   2:        216 bytes,    8857840 total
[2022-05-19T09:56:59.907+0000][163][gc,age         ] GC(307) - age   5:        288 bytes,    8858128 total
[2022-05-19T09:56:59.907+0000][163][gc,age         ] GC(307) - age   7:     367936 bytes,    9226064 total
[2022-05-19T09:56:59.908+0000][163][gc,phases      ] GC(307)   Pre Evacuate Collection Set: 0.3ms
[2022-05-19T09:56:59.908+0000][163][gc,phases      ] GC(307)   Merge Heap Roots: 0.2ms
[2022-05-19T09:56:59.908+0000][163][gc,phases      ] GC(307)   Evacuate Collection Set: 1.8ms
[2022-05-19T09:56:59.908+0000][163][gc,phases      ] GC(307)   Post Evacuate Collection Set: 1.0ms
[2022-05-19T09:56:59.909+0000][163][gc,phases      ] GC(307)   Other: 2.4ms
[2022-05-19T09:56:59.909+0000][163][gc,heap        ] GC(307) Eden regions: 35->0(3)
[2022-05-19T09:56:59.909+0000][163][gc,heap        ] GC(307) Survivor regions: 1->3(5)
[2022-05-19T09:56:59.909+0000][163][gc,heap        ] GC(307) Old regions: 53->53
[2022-05-19T09:56:59.909+0000][163][gc,heap        ] GC(307) Archive regions: 2->2
[2022-05-19T09:56:59.909+0000][163][gc,heap        ] GC(307) Humongous regions: 8->8
[2022-05-19T09:56:59.909+0000][163][gc,metaspace   ] GC(307) Metaspace: 104127K(105472K)->104127K(105472K) NonClass: 89914K(90752K)->89914K(90752K) Class: 14212K(14720K)->14212K(14720K)
[2022-05-19T09:56:59.910+0000][163][gc             ] GC(307) Pause Young (Prepare Mixed) (G1 Evacuation Pause) 385M->253M(512M) 7.527ms
[2022-05-19T09:56:59.910+0000][163][gc,cpu         ] GC(307) User=0.01s Sys=0.00s Real=0.01s
[2022-05-19T09:56:59.910+0000][163][safepoint      ] Safepoint "G1CollectForAllocation", Time since last: 771352200 ns, Reaching safepoint: 247600 ns, At safepoint: 7849300 ns, Total: 8096900 ns
[2022-05-19T09:57:00.000+0000][163][gc,start       ] GC(308) Pause Young (Mixed) (G1 Evacuation Pause)
[2022-05-19T09:57:00.000+0000][163][gc,task        ] GC(308) Using 10 workers of 10 for evacuation
[2022-05-19T09:57:00.000+0000][163][gc,age         ] GC(308) Desired survivor size 2097152 bytes, new threshold 1 (max threshold 15)
[2022-05-19T09:57:00.004+0000][163][gc,age         ] GC(308) Age table with threshold 1 (max threshold 15)
[2022-05-19T09:57:00.004+0000][163][gc,age         ] GC(308) - age   1:     295752 bytes,     295752 total
[2022-05-19T09:57:00.004+0000][163][gc,phases      ] GC(308)   Pre Evacuate Collection Set: 0.2ms
[2022-05-19T09:57:00.005+0000][163][gc,phases      ] GC(308)   Merge Heap Roots: 0.2ms
[2022-05-19T09:57:00.005+0000][163][gc,phases      ] GC(308)   Evacuate Collection Set: 2.0ms
[2022-05-19T09:57:00.005+0000][163][gc,phases      ] GC(308)   Post Evacuate Collection Set: 0.6ms
[2022-05-19T09:57:00.006+0000][163][gc,phases      ] GC(308)   Other: 1.7ms
[2022-05-19T09:57:00.006+0000][163][gc,heap        ] GC(308) Eden regions: 3->0(34)
[2022-05-19T09:57:00.006+0000][163][gc,heap        ] GC(308) Survivor regions: 3->1(1)
[2022-05-19T09:57:00.006+0000][163][gc,heap        ] GC(308) Old regions: 53->54
[2022-05-19T09:57:00.006+0000][163][gc,heap        ] GC(308) Archive regions: 2->2
[2022-05-19T09:57:00.006+0000][163][gc,heap        ] GC(308) Humongous regions: 8->8
[2022-05-19T09:57:00.006+0000][163][gc,metaspace   ] GC(308) Metaspace: 104127K(105472K)->104127K(105472K) NonClass: 89914K(90752K)->89914K(90752K) Class: 14212K(14720K)->14212K(14720K)
[2022-05-19T09:57:00.007+0000][163][gc             ] GC(308) Pause Young (Mixed) (G1 Evacuation Pause) 265M->250M(512M) 6.895ms
[2022-05-19T09:57:00.007+0000][163][gc,cpu         ] GC(308) User=0.02s Sys=0.00s Real=0.00s
[2022-05-19T09:57:00.007+0000][163][safepoint      ] Safepoint "G1CollectForAllocation", Time since last: 89694200 ns, Reaching safepoint: 186400 ns, At safepoint: 7184500 ns, Total: 7370900 ns
[2022-05-19T09:57:00.455+0000][163][gc,start       ] GC(309) Pause Young (Concurrent Start) (G1 Humongous Allocation)
[2022-05-19T09:57:00.455+0000][163][gc,task        ] GC(309) Using 10 workers of 10 for evacuation
[2022-05-19T09:57:00.455+0000][163][gc,age         ] GC(309) Desired survivor size 10485760 bytes, new threshold 15 (max threshold 15)
[2022-05-19T09:57:00.458+0000][163][gc,age         ] GC(309) Age table with threshold 15 (max threshold 15)
[2022-05-19T09:57:00.458+0000][163][gc,age         ] GC(309) - age   1:    3866616 bytes,    3866616 total
[2022-05-19T09:57:00.458+0000][163][gc,age         ] GC(309) - age   2:     295056 bytes,    4161672 total
[2022-05-19T09:57:00.458+0000][163][gc,phases      ] GC(309)   Pre Evacuate Collection Set: 0.3ms
[2022-05-19T09:57:00.458+0000][163][gc,phases      ] GC(309)   Merge Heap Roots: 0.2ms
[2022-05-19T09:57:00.459+0000][163][gc,phases      ] GC(309)   Evacuate Collection Set: 1.4ms
[2022-05-19T09:57:00.459+0000][163][gc,phases      ] GC(309)   Post Evacuate Collection Set: 0.5ms
[2022-05-19T09:57:00.459+0000][163][gc,phases      ] GC(309)   Other: 1.2ms
[2022-05-19T09:57:00.459+0000][163][gc,heap        ] GC(309) Eden regions: 16->0(34)
[2022-05-19T09:57:00.459+0000][163][gc,heap        ] GC(309) Survivor regions: 1->1(5)
[2022-05-19T09:57:00.459+0000][163][gc,heap        ] GC(309) Old regions: 54->54
[2022-05-19T09:57:00.459+0000][163][gc,heap        ] GC(309) Archive regions: 2->2
[2022-05-19T09:57:00.460+0000][163][gc,heap        ] GC(309) Humongous regions: 8->8
[2022-05-19T09:57:00.460+0000][163][gc,metaspace   ] GC(309) Metaspace: 104127K(105472K)->104127K(105472K) NonClass: 89914K(90752K)->89914K(90752K) Class: 14212K(14720K)->14212K(14720K)
[2022-05-19T09:57:00.460+0000][163][gc             ] GC(309) Pause Young (Concurrent Start) (G1 Humongous Allocation) 312M->254M(512M) 5.148ms
[2022-05-19T09:57:00.460+0000][163][gc,cpu         ] GC(309) User=0.01s Sys=0.00s Real=0.01s
[2022-05-19T09:57:00.460+0000][163][gc             ] GC(310) Concurrent Mark Cycle
[2022-05-19T09:57:00.460+0000][163][gc,marking     ] GC(310) Concurrent Clear Claimed Marks
[2022-05-19T09:57:00.460+0000][163][safepoint      ] Safepoint "G1TryInitiateConcMark", Time since last: 447542200 ns, Reaching safepoint: 262600 ns, At safepoint: 5467100 ns, Total: 5729700 ns
[2022-05-19T09:57:00.461+0000][163][gc,marking     ] GC(310) Concurrent Clear Claimed Marks 0.313ms
[2022-05-19T09:57:00.461+0000][163][gc,marking     ] GC(310) Concurrent Scan Root Regions
[2022-05-19T09:57:00.462+0000][163][gc,marking     ] GC(310) Concurrent Scan Root Regions 1.273ms
[2022-05-19T09:57:00.462+0000][163][gc,marking     ] GC(310) Concurrent Mark
[2022-05-19T09:57:00.463+0000][163][gc,marking     ] GC(310) Concurrent Mark From Roots
[2022-05-19T09:57:00.463+0000][163][gc,task        ] GC(310) Using 3 workers of 3 for marking
[2022-05-19T09:57:00.508+0000][163][gc,marking     ] GC(310) Concurrent Mark From Roots 45.548ms
[2022-05-19T09:57:00.509+0000][163][gc,marking     ] GC(310) Concurrent Preclean
[2022-05-19T09:57:00.509+0000][163][gc,marking     ] GC(310) Concurrent Preclean 0.798ms
[2022-05-19T09:57:00.510+0000][163][gc,start       ] GC(310) Pause Remark
[2022-05-19T09:57:00.514+0000][163][gc             ] GC(310) Pause Remark 359M->347M(512M) 3.760ms
[2022-05-19T09:57:00.514+0000][163][gc,cpu         ] GC(310) User=0.02s Sys=0.00s Real=0.00s
[2022-05-19T09:57:00.514+0000][163][safepoint      ] Safepoint "G1Concurrent", Time since last: 49520800 ns, Reaching safepoint: 342200 ns, At safepoint: 4476200 ns, Total: 4818400 ns
[2022-05-19T09:57:00.515+0000][163][gc,marking     ] GC(310) Concurrent Mark 52.242ms
[2022-05-19T09:57:00.515+0000][163][gc,marking     ] GC(310) Concurrent Rebuild Remembered Sets
[2022-05-19T09:57:00.542+0000][163][gc,marking     ] GC(310) Concurrent Rebuild Remembered Sets 27.542ms
[2022-05-19T09:57:00.543+0000][163][gc,start       ] GC(310) Pause Cleanup
[2022-05-19T09:57:00.544+0000][163][gc             ] GC(310) Pause Cleanup 369M->369M(512M) 0.762ms
[2022-05-19T09:57:00.544+0000][163][gc,cpu         ] GC(310) User=0.01s Sys=0.00s Real=0.00s
[2022-05-19T09:57:00.545+0000][163][safepoint      ] Safepoint "G1Concurrent", Time since last: 28518400 ns, Reaching safepoint: 467600 ns, At safepoint: 1181900 ns, Total: 1649500 ns
[2022-05-19T09:57:00.545+0000][163][gc,marking     ] GC(310) Concurrent Cleanup for Next Mark
[2022-05-19T09:57:00.545+0000][163][gc,marking     ] GC(310) Concurrent Cleanup for Next Mark 0.605ms
[2022-05-19T09:57:00.546+0000][163][gc             ] GC(310) Concurrent Mark Cycle 85.524ms
[2022-05-19T09:57:00.563+0000][163][gc,start       ] GC(311) Pause Young (Prepare Mixed) (G1 Humongous Allocation)
[2022-05-19T09:57:00.564+0000][163][gc,task        ] GC(311) Using 10 workers of 10 for evacuation
[2022-05-19T09:57:00.564+0000][163][gc,age         ] GC(311) Desired survivor size 10485760 bytes, new threshold 15 (max threshold 15)
[2022-05-19T09:57:00.574+0000][163][gc,age         ] GC(311) Age table with threshold 15 (max threshold 15)
[2022-05-19T09:57:00.574+0000][163][gc,age         ] GC(311) - age   1:   18095248 bytes,   18095248 total
[2022-05-19T09:57:00.574+0000][163][gc,age         ] GC(311) - age   2:    2330152 bytes,   20425400 total
[2022-05-19T09:57:00.574+0000][163][gc,age         ] GC(311) - age   3:      32784 bytes,   20458184 total
[2022-05-19T09:57:00.574+0000][163][gc,phases      ] GC(311)   Pre Evacuate Collection Set: 0.2ms
[2022-05-19T09:57:00.575+0000][163][gc,phases      ] GC(311)   Merge Heap Roots: 0.1ms
[2022-05-19T09:57:00.575+0000][163][gc,phases      ] GC(311)   Evacuate Collection Set: 8.3ms
[2022-05-19T09:57:00.575+0000][163][gc,phases      ] GC(311)   Post Evacuate Collection Set: 0.8ms
[2022-05-19T09:57:00.575+0000][163][gc,phases      ] GC(311)   Other: 1.8ms
[2022-05-19T09:57:00.576+0000][163][gc,heap        ] GC(311) Eden regions: 17->0(1)
[2022-05-19T09:57:00.576+0000][163][gc,heap        ] GC(311) Survivor regions: 1->5(5)
[2022-05-19T09:57:00.576+0000][163][gc,heap        ] GC(311) Old regions: 53->66
[2022-05-19T09:57:00.576+0000][163][gc,heap        ] GC(311) Archive regions: 2->2
[2022-05-19T09:57:00.576+0000][163][gc,heap        ] GC(311) Humongous regions: 34->24
[2022-05-19T09:57:00.576+0000][163][gc,metaspace   ] GC(311) Metaspace: 104127K(105472K)->104127K(105472K) NonClass: 89914K(90752K)->89914K(90752K) Class: 14212K(14720K)->14212K(14720K)
[2022-05-19T09:57:00.577+0000][163][gc             ] GC(311) Pause Young (Prepare Mixed) (G1 Humongous Allocation) 421M->380M(512M) 13.249ms
[2022-05-19T09:57:00.577+0000][163][gc,cpu         ] GC(311) User=0.08s Sys=0.00s Real=0.01s
[2022-05-19T09:57:00.577+0000][163][safepoint      ] Safepoint "G1CollectForAllocation", Time since last: 18499200 ns, Reaching safepoint: 194000 ns, At safepoint: 13619900 ns, Total: 13813900 ns
[2022-05-19T09:57:00.598+0000][163][gc,start       ] GC(312) Pause Young (Mixed) (G1 Preventive Collection)
[2022-05-19T09:57:00.598+0000][163][gc,task        ] GC(312) Using 10 workers of 10 for evacuation
[2022-05-19T09:57:00.598+0000][163][gc,age         ] GC(312) Desired survivor size 2097152 bytes, new threshold 1 (max threshold 15)
[2022-05-19T09:57:00.603+0000][163][gc,age         ] GC(312) Age table with threshold 1 (max threshold 15)
[2022-05-19T09:57:00.603+0000][163][gc,phases      ] GC(312)   Pre Evacuate Collection Set: 0.2ms
[2022-05-19T09:57:00.603+0000][163][gc,phases      ] GC(312)   Merge Heap Roots: 0.2ms
[2022-05-19T09:57:00.604+0000][163][gc,phases      ] GC(312)   Evacuate Collection Set: 3.8ms
[2022-05-19T09:57:00.604+0000][163][gc,phases      ] GC(312)   Post Evacuate Collection Set: 0.6ms
[2022-05-19T09:57:00.604+0000][163][gc,phases      ] GC(312)   Other: 0.9ms
[2022-05-19T09:57:00.604+0000][163][gc,heap        ] GC(312) Eden regions: 0->0(6)
[2022-05-19T09:57:00.604+0000][163][gc,heap        ] GC(312) Survivor regions: 5->0(1)
[2022-05-19T09:57:00.604+0000][163][gc,heap        ] GC(312) Old regions: 66->60
[2022-05-19T09:57:00.605+0000][163][gc,heap        ] GC(312) Archive regions: 2->2
[2022-05-19T09:57:00.605+0000][163][gc,heap        ] GC(312) Humongous regions: 41->32
[2022-05-19T09:57:00.605+0000][163][gc,metaspace   ] GC(312) Metaspace: 104127K(105472K)->104127K(105472K) NonClass: 89914K(90752K)->89914K(90752K) Class: 14212K(14720K)->14212K(14720K)
[2022-05-19T09:57:00.605+0000][163][gc             ] GC(312) Pause Young (Mixed) (G1 Preventive Collection) 448M->368M(512M) 7.365ms
[2022-05-19T09:57:00.605+0000][163][gc,cpu         ] GC(312) User=0.04s Sys=0.00s Real=0.01s
[2022-05-19T09:57:00.605+0000][163][safepoint      ] Safepoint "G1CollectForAllocation", Time since last: 20388700 ns, Reaching safepoint: 225700 ns, At safepoint: 7657300 ns, Total: 7883000 ns
[2022-05-19T09:57:00.607+0000][163][gc,start       ] GC(313) Pause Young (Concurrent Start) (G1 Humongous Allocation)
[2022-05-19T09:57:00.607+0000][163][gc,task        ] GC(313) Using 10 workers of 10 for evacuation
[2022-05-19T09:57:00.607+0000][163][gc,age         ] GC(313) Desired survivor size 2097152 bytes, new threshold 15 (max threshold 15)
[2022-05-19T09:57:00.609+0000][163][gc,age         ] GC(313) Age table with threshold 15 (max threshold 15)
[2022-05-19T09:57:00.609+0000][163][gc,age         ] GC(313) - age   1:         24 bytes,         24 total
[2022-05-19T09:57:00.610+0000][163][gc,phases      ] GC(313)   Pre Evacuate Collection Set: 0.2ms
[2022-05-19T09:57:00.610+0000][163][gc,phases      ] GC(313)   Merge Heap Roots: 0.2ms
[2022-05-19T09:57:00.610+0000][163][gc,phases      ] GC(313)   Evacuate Collection Set: 0.9ms
[2022-05-19T09:57:00.610+0000][163][gc,phases      ] GC(313)   Post Evacuate Collection Set: 0.5ms
[2022-05-19T09:57:00.610+0000][163][gc,phases      ] GC(313)   Other: 0.8ms
[2022-05-19T09:57:00.610+0000][163][gc,heap        ] GC(313) Eden regions: 1->0(6)
[2022-05-19T09:57:00.610+0000][163][gc,heap        ] GC(313) Survivor regions: 0->1(1)
[2022-05-19T09:57:00.611+0000][163][gc,heap        ] GC(313) Old regions: 60->60
[2022-05-19T09:57:00.611+0000][163][gc,heap        ] GC(313) Archive regions: 2->2
[2022-05-19T09:57:00.611+0000][163][gc,heap        ] GC(313) Humongous regions: 41->32
[2022-05-19T09:57:00.611+0000][163][gc,metaspace   ] GC(313) Metaspace: 104127K(105472K)->104127K(105472K) NonClass: 89914K(90752K)->89914K(90752K) Class: 14212K(14720K)->14212K(14720K)
[2022-05-19T09:57:00.611+0000][163][gc             ] GC(313) Pause Young (Concurrent Start) (G1 Humongous Allocation) 404M->368M(512M) 4.293ms
[2022-05-19T09:57:00.611+0000][163][gc,cpu         ] GC(313) User=0.00s Sys=0.01s Real=0.01s
[2022-05-19T09:57:00.612+0000][163][gc             ] GC(314) Concurrent Mark Cycle
[2022-05-19T09:57:00.612+0000][163][gc,marking     ] GC(314) Concurrent Clear Claimed Marks
[2022-05-19T09:57:00.612+0000][163][safepoint      ] Safepoint "G1TryInitiateConcMark", Time since last: 1525400 ns, Reaching safepoint: 199900 ns, At safepoint: 4678300 ns, Total: 4878200 ns
[2022-05-19T09:57:00.612+0000][163][gc,marking     ] GC(314) Concurrent Clear Claimed Marks 0.186ms
[2022-05-19T09:57:00.612+0000][163][gc,marking     ] GC(314) Concurrent Scan Root Regions
[2022-05-19T09:57:00.612+0000][163][gc,marking     ] GC(314) Concurrent Scan Root Regions 0.275ms
[2022-05-19T09:57:00.613+0000][163][gc,marking     ] GC(314) Concurrent Mark
[2022-05-19T09:57:00.613+0000][163][gc,marking     ] GC(314) Concurrent Mark From Roots
[2022-05-19T09:57:00.613+0000][163][gc,task        ] GC(314) Using 3 workers of 3 for marking
[2022-05-19T09:57:00.612+0000][163][gc,start       ] GC(315) Pause Young (Normal) (G1 Humongous Allocation)
[2022-05-19T09:57:00.613+0000][163][gc,task        ] GC(315) Using 10 workers of 10 for evacuation
[2022-05-19T09:57:00.613+0000][163][gc,age         ] GC(315) Desired survivor size 2097152 bytes, new threshold 15 (max threshold 15)
[2022-05-19T09:57:00.615+0000][163][gc,age         ] GC(315) Age table with threshold 15 (max threshold 15)
[2022-05-19T09:57:00.615+0000][163][gc,age         ] GC(315) - age   2:         24 bytes,         24 total
[2022-05-19T09:57:00.615+0000][163][gc,phases      ] GC(315)   Pre Evacuate Collection Set: 0.4ms
[2022-05-19T09:57:00.615+0000][163][gc,phases      ] GC(315)   Merge Heap Roots: 0.1ms
[2022-05-19T09:57:00.615+0000][163][gc,phases      ] GC(315)   Evacuate Collection Set: 0.4ms
[2022-05-19T09:57:00.615+0000][163][gc,phases      ] GC(315)   Post Evacuate Collection Set: 0.5ms
[2022-05-19T09:57:00.615+0000][163][gc,phases      ] GC(315)   Other: 1.3ms
[2022-05-19T09:57:00.616+0000][163][gc,heap        ] GC(315) Eden regions: 0->0(5)
[2022-05-19T09:57:00.616+0000][163][gc,heap        ] GC(315) Survivor regions: 1->1(1)
[2022-05-19T09:57:00.616+0000][163][gc,heap        ] GC(315) Old regions: 60->60
[2022-05-19T09:57:00.616+0000][163][gc,heap        ] GC(315) Archive regions: 2->2
[2022-05-19T09:57:00.616+0000][163][gc,heap        ] GC(315) Humongous regions: 32->32
[2022-05-19T09:57:00.616+0000][163][gc,metaspace   ] GC(315) Metaspace: 104127K(105472K)->104127K(105472K) NonClass: 89914K(90752K)->89914K(90752K) Class: 14212K(14720K)->14212K(14720K)
[2022-05-19T09:57:00.617+0000][163][gc             ] GC(315) Pause Young (Normal) (G1 Humongous Allocation) 368M->368M(512M) 4.146ms
[2022-05-19T09:57:00.617+0000][163][gc,cpu         ] GC(315) User=0.00s Sys=0.00s Real=0.00s
[2022-05-19T09:57:00.617+0000][163][gc,ergo        ] Attempting full compaction
[2022-05-19T09:57:00.617+0000][163][gc,task        ] GC(316) Using 10 workers of 10 for full compaction
[2022-05-19T09:57:00.617+0000][163][gc,start       ] GC(316) Pause Full (G1 Compaction Pause)
[2022-05-19T09:57:00.618+0000][163][gc,phases,start] GC(316) Phase 1: Mark live objects
[2022-05-19T09:57:00.644+0000][163][gc,phases      ] GC(316) Phase 1: Mark live objects 26.444ms
[2022-05-19T09:57:00.644+0000][163][gc,phases,start] GC(316) Phase 2: Prepare for compaction
[2022-05-19T09:57:00.647+0000][163][gc,phases      ] GC(316) Phase 2: Prepare for compaction 2.889ms
[2022-05-19T09:57:00.647+0000][163][gc,phases,start] GC(316) Phase 3: Adjust pointers
[2022-05-19T09:57:00.658+0000][163][gc,phases      ] GC(316) Phase 3: Adjust pointers 10.797ms
[2022-05-19T09:57:00.659+0000][163][gc,phases,start] GC(316) Phase 4: Compact heap
[2022-05-19T09:57:00.666+0000][163][gc,phases      ] GC(316) Phase 4: Compact heap 7.617ms
[2022-05-19T09:57:00.673+0000][163][gc,heap        ] GC(316) Eden regions: 0->0(6)
[2022-05-19T09:57:00.673+0000][163][gc,heap        ] GC(316) Survivor regions: 1->0(1)
[2022-05-19T09:57:00.673+0000][163][gc,heap        ] GC(316) Old regions: 60->55
[2022-05-19T09:57:00.673+0000][163][gc,heap        ] GC(316) Archive regions: 2->2
[2022-05-19T09:57:00.674+0000][163][gc,heap        ] GC(316) Humongous regions: 32->32
[2022-05-19T09:57:00.674+0000][163][gc,metaspace   ] GC(316) Metaspace: 104127K(105472K)->104127K(105472K) NonClass: 89914K(90752K)->89914K(90752K) Class: 14212K(14720K)->14212K(14720K)
[2022-05-19T09:57:00.674+0000][163][gc             ] GC(316) Pause Full (G1 Compaction Pause) 368M->339M(512M) 56.638ms
[2022-05-19T09:57:00.674+0000][163][gc,cpu         ] GC(316) User=0.35s Sys=0.02s Real=0.06s
[2022-05-19T09:57:00.674+0000][163][gc,ergo        ] Attempting maximum full compaction clearing soft references
[2022-05-19T09:57:00.674+0000][163][gc,task        ] GC(317) Using 10 workers of 10 for full compaction
[2022-05-19T09:57:00.674+0000][163][gc,start       ] GC(317) Pause Full (G1 Compaction Pause)
[2022-05-19T09:57:00.675+0000][163][gc,phases,start] GC(317) Phase 1: Mark live objects
[2022-05-19T09:57:00.697+0000][163][gc,phases      ] GC(317) Phase 1: Mark live objects 22.679ms
[2022-05-19T09:57:00.698+0000][163][gc,phases,start] GC(317) Phase 2: Prepare for compaction
[2022-05-19T09:57:00.702+0000][163][gc,phases      ] GC(317) Phase 2: Prepare for compaction 4.061ms
[2022-05-19T09:57:00.702+0000][163][gc,phases,start] GC(317) Phase 3: Adjust pointers
[2022-05-19T09:57:00.715+0000][163][gc,phases      ] GC(317) Phase 3: Adjust pointers 12.696ms
[2022-05-19T09:57:00.715+0000][163][gc,phases,start] GC(317) Phase 4: Compact heap
[2022-05-19T09:57:00.731+0000][163][gc,phases      ] GC(317) Phase 4: Compact heap 16.390ms
[2022-05-19T09:57:00.738+0000][163][gc,heap        ] GC(317) Eden regions: 0->0(6)
[2022-05-19T09:57:00.738+0000][163][gc,heap        ] GC(317) Survivor regions: 0->0(1)
[2022-05-19T09:57:00.738+0000][163][gc,heap        ] GC(317) Old regions: 55->54
[2022-05-19T09:57:00.738+0000][163][gc,heap        ] GC(317) Archive regions: 2->2
[2022-05-19T09:57:00.738+0000][163][gc,heap        ] GC(317) Humongous regions: 32->32
[2022-05-19T09:57:00.739+0000][163][gc,metaspace   ] GC(317) Metaspace: 104127K(105472K)->104127K(105472K) NonClass: 89914K(90752K)->89914K(90752K) Class: 14212K(14720K)->14212K(14720K)
[2022-05-19T09:57:00.739+0000][163][gc             ] GC(317) Pause Full (G1 Compaction Pause) 339M->336M(512M) 64.334ms
[2022-05-19T09:57:00.739+0000][163][gc,cpu         ] GC(317) User=0.43s Sys=0.01s Real=0.07s
[2022-05-19T09:57:00.739+0000][163][safepoint      ] Safepoint "G1CollectForAllocation", Time since last: 493000 ns, Reaching safepoint: 168000 ns, At safepoint: 126967700 ns, Total: 127135700 ns
[2022-05-19T09:57:00.739+0000][163][gc,marking     ] GC(314) Concurrent Mark From Roots 126.502ms
[2022-05-19T09:57:00.740+0000][163][gc,marking     ] GC(314) Concurrent Mark Abort
[2022-05-19T09:57:00.740+0000][163][gc             ] GC(314) Concurrent Mark Cycle 128.157ms
[2022-05-19T09:57:01.912+0000][163][safepoint      ] Safepoint "HeapDumper", Time since last: 2508500 ns, Reaching safepoint: 193300 ns, At safepoint: 1169819800 ns, Total: 1170013100 ns
