[2022-05-06T05:45:16.831+0000][160][gc] Using G1
[2022-05-06T05:45:16.870+0000][160][gc,init] Version: 17.0.2+8 (release)
[2022-05-06T05:45:16.871+0000][160][gc,init] CPUs: 5 total, 5 available
[2022-05-06T05:45:16.872+0000][160][gc,init] Memory: 7851M
[2022-05-06T05:45:16.873+0000][160][gc,init] Large Page Support: Disabled
[2022-05-06T05:45:16.874+0000][160][gc,init] NUMA Support: Disabled
[2022-05-06T05:45:16.875+0000][160][gc,init] Compressed Oops: Enabled (32-bit)
[2022-05-06T05:45:16.876+0000][160][gc,init] Heap Region Size: 4M
[2022-05-06T05:45:16.877+0000][160][gc,init] Heap Min Capacity: 512M
[2022-05-06T05:45:16.877+0000][160][gc,init] Heap Initial Capacity: 512M
[2022-05-06T05:45:16.878+0000][160][gc,init] Heap Max Capacity: 512M
[2022-05-06T05:45:16.878+0000][160][gc,init] Pre-touch: Enabled
[2022-05-06T05:45:16.879+0000][160][gc,init] Parallel Workers: 5
[2022-05-06T05:45:16.880+0000][160][gc,init] Concurrent Workers: 1
[2022-05-06T05:45:16.881+0000][160][gc,init] Concurrent Refinement Workers: 5
[2022-05-06T05:45:16.881+0000][160][gc,init] Periodic GC: Disabled
[2022-05-06T05:45:16.882+0000][160][gc,metaspace] CDS archive(s) mapped at: [0x0000000800000000-0x0000000800bd2000-0x0000000800bd2000), size 12394496, SharedBaseAddress: 0x0000000800000000, ArchiveRelocationMode: 0.
[2022-05-06T05:45:16.883+0000][160][gc,metaspace] Compressed class space mapped at: 0x0000000800c00000-0x0000000840c00000, reserved size: 1073741824
[2022-05-06T05:45:16.884+0000][160][gc,metaspace] Narrow klass base: 0x0000000800000000, Narrow klass shift: 0, Narrow klass range: 0x100000000
[2022-05-06T05:45:17.009+0000][160][safepoint   ] Safepoint "ICBufferFull", Time since last: 121198833 ns, Reaching safepoint: 203500 ns, At safepoint: 8917 ns, Total: 212417 ns
[2022-05-06T05:45:17.075+0000][160][safepoint   ] Safepoint "ICBufferFull", Time since last: 66087583 ns, Reaching safepoint: 118542 ns, At safepoint: 15958 ns, Total: 134500 ns
[2022-05-06T05:45:17.144+0000][160][safepoint   ] Safepoint "ICBufferFull", Time since last: 69057709 ns, Reaching safepoint: 221875 ns, At safepoint: 10041 ns, Total: 231916 ns
[2022-05-06T05:45:17.229+0000][160][gc,start    ] GC(0) Pause Young (Normal) (G1 Evacuation Pause)
[2022-05-06T05:45:17.230+0000][160][gc,task     ] GC(0) Using 5 workers of 5 for evacuation
[2022-05-06T05:45:17.231+0000][160][gc,age      ] GC(0) Desired survivor size 2097152 bytes, new threshold 15 (max threshold 15)
[2022-05-06T05:45:17.235+0000][160][gc,age      ] GC(0) Age table with threshold 15 (max threshold 15)
[2022-05-06T05:45:17.237+0000][160][gc,age      ] GC(0) - age   1:    4185136 bytes,    4185136 total
[2022-05-06T05:45:17.238+0000][160][gc,phases   ] GC(0)   Pre Evacuate Collection Set: 0.1ms
[2022-05-06T05:45:17.239+0000][160][gc,phases   ] GC(0)   Merge Heap Roots: 0.2ms
[2022-05-06T05:45:17.240+0000][160][gc,phases   ] GC(0)   Evacuate Collection Set: 2.1ms
[2022-05-06T05:45:17.241+0000][160][gc,phases   ] GC(0)   Post Evacuate Collection Set: 0.7ms
[2022-05-06T05:45:17.242+0000][160][gc,phases   ] GC(0)   Other: 6.4ms
[2022-05-06T05:45:17.243+0000][160][gc,heap     ] GC(0) Eden regions: 6->0(5)
[2022-05-06T05:45:17.244+0000][160][gc,heap     ] GC(0) Survivor regions: 0->1(1)
[2022-05-06T05:45:17.245+0000][160][gc,heap     ] GC(0) Old regions: 0->1
[2022-05-06T05:45:17.246+0000][160][gc,heap     ] GC(0) Archive regions: 2->2
[2022-05-06T05:45:17.247+0000][160][gc,heap     ] GC(0) Humongous regions: 0->0
[2022-05-06T05:45:17.248+0000][160][gc,metaspace] GC(0) Metaspace: 8827K(9024K)->8827K(9024K) NonClass: 7782K(7872K)->7782K(7872K) Class: 1045K(1152K)->1045K(1152K)
[2022-05-06T05:45:17.249+0000][160][gc          ] GC(0) Pause Young (Normal) (G1 Evacuation Pause) 27M->8M(512M) 20.811ms
[2022-05-06T05:45:17.250+0000][160][gc,cpu      ] GC(0) User=0.01s Sys=0.00s Real=0.02s
[2022-05-06T05:45:17.251+0000][160][safepoint   ] Safepoint "G1CollectForAllocation", Time since last: 83863750 ns, Reaching safepoint: 116084 ns, At safepoint: 22128875 ns, Total: 22244959 ns
[2022-05-06T05:45:17.376+0000][160][safepoint   ] Safepoint "ICBufferFull", Time since last: 125708250 ns, Reaching safepoint: 107500 ns, At safepoint: 7041 ns, Total: 114541 ns
[2022-05-06T05:45:17.452+0000][160][gc,start    ] GC(1) Pause Young (Normal) (G1 Evacuation Pause)
[2022-05-06T05:45:17.453+0000][160][gc,task     ] GC(1) Using 5 workers of 5 for evacuation
[2022-05-06T05:45:17.454+0000][160][gc,age      ] GC(1) Desired survivor size 2097152 bytes, new threshold 1 (max threshold 15)
[2022-05-06T05:45:17.460+0000][160][gc,age      ] GC(1) Age table with threshold 1 (max threshold 15)
[2022-05-06T05:45:17.461+0000][160][gc,age      ] GC(1) - age   1:    1921000 bytes,    1921000 total
[2022-05-06T05:45:17.463+0000][160][gc,phases   ] GC(1)   Pre Evacuate Collection Set: 0.7ms
[2022-05-06T05:45:17.464+0000][160][gc,phases   ] GC(1)   Merge Heap Roots: 0.0ms
[2022-05-06T05:45:17.465+0000][160][gc,phases   ] GC(1)   Evacuate Collection Set: 2.6ms
[2022-05-06T05:45:17.466+0000][160][gc,phases   ] GC(1)   Post Evacuate Collection Set: 0.7ms
[2022-05-06T05:45:17.467+0000][160][gc,phases   ] GC(1)   Other: 6.9ms
[2022-05-06T05:45:17.468+0000][160][gc,heap     ] GC(1) Eden regions: 5->0(7)
[2022-05-06T05:45:17.469+0000][160][gc,heap     ] GC(1) Survivor regions: 1->1(1)
[2022-05-06T05:45:17.469+0000][160][gc,heap     ] GC(1) Old regions: 1->2
[2022-05-06T05:45:17.470+0000][160][gc,heap     ] GC(1) Archive regions: 2->2
[2022-05-06T05:45:17.471+0000][160][gc,heap     ] GC(1) Humongous regions: 0->0
[2022-05-06T05:45:17.471+0000][160][gc,metaspace] GC(1) Metaspace: 12266K(12608K)->12266K(12608K) NonClass: 10766K(10944K)->10766K(10944K) Class: 1499K(1664K)->1499K(1664K)
[2022-05-06T05:45:17.472+0000][160][gc          ] GC(1) Pause Young (Normal) (G1 Evacuation Pause) 28M->10M(512M) 19.764ms
[2022-05-06T05:45:17.473+0000][160][gc,cpu      ] GC(1) User=0.01s Sys=0.00s Real=0.02s
[2022-05-06T05:45:17.473+0000][160][safepoint   ] Safepoint "G1CollectForAllocation", Time since last: 75214500 ns, Reaching safepoint: 260167 ns, At safepoint: 21384208 ns, Total: 21644375 ns
[2022-05-06T05:45:17.727+0000][160][safepoint   ] Safepoint "ICBufferFull", Time since last: 253367626 ns, Reaching safepoint: 384166 ns, At safepoint: 21959 ns, Total: 406125 ns
[2022-05-06T05:45:17.740+0000][160][gc,start    ] GC(2) Pause Young (Normal) (G1 Evacuation Pause)
[2022-05-06T05:45:17.742+0000][160][gc,task     ] GC(2) Using 5 workers of 5 for evacuation
[2022-05-06T05:45:17.743+0000][160][gc,age      ] GC(2) Desired survivor size 2097152 bytes, new threshold 15 (max threshold 15)
[2022-05-06T05:45:17.747+0000][160][gc,age      ] GC(2) Age table with threshold 15 (max threshold 15)
[2022-05-06T05:45:17.748+0000][160][gc,age      ] GC(2) - age   1:     898672 bytes,     898672 total
[2022-05-06T05:45:17.749+0000][160][gc,age      ] GC(2) - age   2:    1884304 bytes,    2782976 total
[2022-05-06T05:45:17.750+0000][160][gc,phases   ] GC(2)   Pre Evacuate Collection Set: 0.1ms
[2022-05-06T05:45:17.751+0000][160][gc,phases   ] GC(2)   Merge Heap Roots: 0.3ms
[2022-05-06T05:45:17.751+0000][160][gc,phases   ] GC(2)   Evacuate Collection Set: 1.5ms
[2022-05-06T05:45:17.752+0000][160][gc,phases   ] GC(2)   Post Evacuate Collection Set: 1.1ms
[2022-05-06T05:45:17.752+0000][160][gc,phases   ] GC(2)   Other: 6.3ms
[2022-05-06T05:45:17.753+0000][160][gc,heap     ] GC(2) Eden regions: 7->0(26)
[2022-05-06T05:45:17.754+0000][160][gc,heap     ] GC(2) Survivor regions: 1->1(1)
[2022-05-06T05:45:17.754+0000][160][gc,heap     ] GC(2) Old regions: 2->2
[2022-05-06T05:45:17.754+0000][160][gc,heap     ] GC(2) Archive regions: 2->2
[2022-05-06T05:45:17.755+0000][160][gc,heap     ] GC(2) Humongous regions: 0->0
[2022-05-06T05:45:17.756+0000][160][gc,metaspace] GC(2) Metaspace: 14731K(15040K)->14731K(15040K) NonClass: 12979K(13120K)->12979K(13120K) Class: 1751K(1920K)->1751K(1920K)
[2022-05-06T05:45:17.756+0000][160][gc          ] GC(2) Pause Young (Normal) (G1 Evacuation Pause) 38M->10M(512M) 15.797ms
[2022-05-06T05:45:17.757+0000][160][gc,cpu      ] GC(2) User=0.01s Sys=0.01s Real=0.01s
[2022-05-06T05:45:17.758+0000][160][safepoint   ] Safepoint "G1CollectForAllocation", Time since last: 13138250 ns, Reaching safepoint: 146166 ns, At safepoint: 17207834 ns, Total: 17354000 ns
[2022-05-06T05:45:17.936+0000][160][safepoint   ] Safepoint "ICBufferFull", Time since last: 178074583 ns, Reaching safepoint: 258917 ns, At safepoint: 30250 ns, Total: 289167 ns
[2022-05-06T05:45:17.975+0000][160][safepoint   ] Safepoint "ICBufferFull", Time since last: 38608958 ns, Reaching safepoint: 282125 ns, At safepoint: 17333 ns, Total: 299458 ns
[2022-05-06T05:45:17.979+0000][160][safepoint   ] Safepoint "ICBufferFull", Time since last: 3569959 ns, Reaching safepoint: 218166 ns, At safepoint: 3625 ns, Total: 221791 ns
[2022-05-06T05:45:17.980+0000][160][safepoint   ] Safepoint "ICBufferFull", Time since last: 1475209 ns, Reaching safepoint: 90750 ns, At safepoint: 8958 ns, Total: 99708 ns
[2022-05-06T05:45:17.982+0000][160][safepoint   ] Safepoint "ICBufferFull", Time since last: 1300708 ns, Reaching safepoint: 133792 ns, At safepoint: 2875 ns, Total: 136667 ns
[2022-05-06T05:45:17.984+0000][160][safepoint   ] Safepoint "ICBufferFull", Time since last: 2198625 ns, Reaching safepoint: 68000 ns, At safepoint: 3250 ns, Total: 71250 ns
[2022-05-06T05:45:17.985+0000][160][safepoint   ] Safepoint "ICBufferFull", Time since last: 1278500 ns, Reaching safepoint: 65042 ns, At safepoint: 12083 ns, Total: 77125 ns
[2022-05-06T05:45:17.987+0000][160][safepoint   ] Safepoint "ICBufferFull", Time since last: 1178792 ns, Reaching safepoint: 122833 ns, At safepoint: 11458 ns, Total: 134291 ns
[2022-05-06T05:45:17.988+0000][160][safepoint   ] Safepoint "ICBufferFull", Time since last: 1569000 ns, Reaching safepoint: 146459 ns, At safepoint: 3250 ns, Total: 149709 ns
[2022-05-06T05:45:17.989+0000][160][safepoint   ] Safepoint "ICBufferFull", Time since last: 923416 ns, Reaching safepoint: 147959 ns, At safepoint: 4708 ns, Total: 152667 ns
[2022-05-06T05:45:17.990+0000][160][safepoint   ] Safepoint "ICBufferFull", Time since last: 1020292 ns, Reaching safepoint: 23416 ns, At safepoint: 1292 ns, Total: 24708 ns
[2022-05-06T05:45:17.992+0000][160][safepoint   ] Safepoint "ICBufferFull", Time since last: 1026375 ns, Reaching safepoint: 93625 ns, At safepoint: 2250 ns, Total: 95875 ns
[2022-05-06T05:45:18.018+0000][160][gc,start    ] GC(3) Pause Young (Normal) (G1 Evacuation Pause)
[2022-05-06T05:45:18.019+0000][160][gc,task     ] GC(3) Using 5 workers of 5 for evacuation
[2022-05-06T05:45:18.020+0000][160][gc,age      ] GC(3) Desired survivor size 8388608 bytes, new threshold 15 (max threshold 15)
[2022-05-06T05:45:18.025+0000][160][gc,age      ] GC(3) Age table with threshold 15 (max threshold 15)
[2022-05-06T05:45:18.026+0000][160][gc,age      ] GC(3) - age   1:    3052864 bytes,    3052864 total
[2022-05-06T05:45:18.027+0000][160][gc,age      ] GC(3) - age   2:     833096 bytes,    3885960 total
[2022-05-06T05:45:18.028+0000][160][gc,age      ] GC(3) - age   3:    1882544 bytes,    5768504 total
[2022-05-06T05:45:18.029+0000][160][gc,phases   ] GC(3)   Pre Evacuate Collection Set: 0.0ms
[2022-05-06T05:45:18.030+0000][160][gc,phases   ] GC(3)   Merge Heap Roots: 0.0ms
[2022-05-06T05:45:18.030+0000][160][gc,phases   ] GC(3)   Evacuate Collection Set: 2.7ms
[2022-05-06T05:45:18.031+0000][160][gc,phases   ] GC(3)   Post Evacuate Collection Set: 0.6ms
[2022-05-06T05:45:18.031+0000][160][gc,phases   ] GC(3)   Other: 7.2ms
[2022-05-06T05:45:18.032+0000][160][gc,heap     ] GC(3) Eden regions: 26->0(74)
[2022-05-06T05:45:18.032+0000][160][gc,heap     ] GC(3) Survivor regions: 1->2(4)
[2022-05-06T05:45:18.033+0000][160][gc,heap     ] GC(3) Old regions: 2->2
[2022-05-06T05:45:18.034+0000][160][gc,heap     ] GC(3) Archive regions: 2->2
[2022-05-06T05:45:18.035+0000][160][gc,heap     ] GC(3) Humongous regions: 0->0
[2022-05-06T05:45:18.035+0000][160][gc,metaspace] GC(3) Metaspace: 17203K(17472K)->17203K(17472K) NonClass: 15165K(15296K)->15165K(15296K) Class: 2038K(2176K)->2038K(2176K)
[2022-05-06T05:45:18.036+0000][160][gc          ] GC(3) Pause Young (Normal) (G1 Evacuation Pause) 114M->13M(512M) 17.732ms
[2022-05-06T05:45:18.037+0000][160][gc,cpu      ] GC(3) User=0.01s Sys=0.01s Real=0.01s
[2022-05-06T05:45:18.038+0000][160][safepoint   ] Safepoint "G1CollectForAllocation", Time since last: 26476625 ns, Reaching safepoint: 175750 ns, At safepoint: 19853375 ns, Total: 20029125 ns
[2022-05-06T05:45:18.203+0000][160][safepoint   ] Safepoint "ICBufferFull", Time since last: 165057917 ns, Reaching safepoint: 163083 ns, At safepoint: 11750 ns, Total: 174833 ns
[2022-05-06T05:45:18.334+0000][160][gc,start    ] GC(4) Pause Young (Normal) (G1 Evacuation Pause)
[2022-05-06T05:45:18.335+0000][160][gc,task     ] GC(4) Using 5 workers of 5 for evacuation
[2022-05-06T05:45:18.336+0000][160][gc,age      ] GC(4) Desired survivor size 20971520 bytes, new threshold 15 (max threshold 15)
[2022-05-06T05:45:18.343+0000][160][gc,age      ] GC(4) Age table with threshold 15 (max threshold 15)
[2022-05-06T05:45:18.344+0000][160][gc,age      ] GC(4) - age   1:    5476896 bytes,    5476896 total
[2022-05-06T05:45:18.346+0000][160][gc,age      ] GC(4) - age   2:    2313600 bytes,    7790496 total
[2022-05-06T05:45:18.347+0000][160][gc,age      ] GC(4) - age   3:     832768 bytes,    8623264 total
[2022-05-06T05:45:18.347+0000][160][gc,age      ] GC(4) - age   4:    1881760 bytes,   10505024 total
[2022-05-06T05:45:18.348+0000][160][gc,phases   ] GC(4)   Pre Evacuate Collection Set: 0.0ms
[2022-05-06T05:45:18.349+0000][160][gc,phases   ] GC(4)   Merge Heap Roots: 0.1ms
[2022-05-06T05:45:18.349+0000][160][gc,phases   ] GC(4)   Evacuate Collection Set: 5.2ms
[2022-05-06T05:45:18.350+0000][160][gc,phases   ] GC(4)   Post Evacuate Collection Set: 0.8ms
[2022-05-06T05:45:18.351+0000][160][gc,phases   ] GC(4)   Other: 8.0ms
[2022-05-06T05:45:18.351+0000][160][gc,heap     ] GC(4) Eden regions: 74->0(73)
[2022-05-06T05:45:18.352+0000][160][gc,heap     ] GC(4) Survivor regions: 2->3(10)
[2022-05-06T05:45:18.353+0000][160][gc,heap     ] GC(4) Old regions: 2->2
[2022-05-06T05:45:18.354+0000][160][gc,heap     ] GC(4) Archive regions: 2->2
[2022-05-06T05:45:18.354+0000][160][gc,heap     ] GC(4) Humongous regions: 0->0
[2022-05-06T05:45:18.355+0000][160][gc,metaspace] GC(4) Metaspace: 18791K(19200K)->18791K(19200K) NonClass: 16506K(16768K)->16506K(16768K) Class: 2285K(2432K)->2285K(2432K)
[2022-05-06T05:45:18.356+0000][160][gc          ] GC(4) Pause Young (Normal) (G1 Evacuation Pause) 309M->18M(512M) 22.144ms
[2022-05-06T05:45:18.357+0000][160][gc,cpu      ] GC(4) User=0.03s Sys=0.00s Real=0.02s
[2022-05-06T05:45:18.357+0000][160][safepoint   ] Safepoint "G1CollectForAllocation", Time since last: 130414083 ns, Reaching safepoint: 193292 ns, At safepoint: 23557792 ns, Total: 23751084 ns
[2022-05-06T05:45:18.521+0000][160][safepoint   ] Safepoint "ICBufferFull", Time since last: 163171708 ns, Reaching safepoint: 181959 ns, At safepoint: 2583 ns, Total: 184542 ns
[2022-05-06T05:45:18.580+0000][160][gc,start    ] GC(5) Pause Young (Normal) (G1 Evacuation Pause)
[2022-05-06T05:45:18.581+0000][160][gc,task     ] GC(5) Using 5 workers of 5 for evacuation
[2022-05-06T05:45:18.582+0000][160][gc,age      ] GC(5) Desired survivor size 20971520 bytes, new threshold 15 (max threshold 15)
[2022-05-06T05:45:18.588+0000][160][gc,age      ] GC(5) Age table with threshold 15 (max threshold 15)
[2022-05-06T05:45:18.589+0000][160][gc,age      ] GC(5) - age   1:    2607944 bytes,    2607944 total
[2022-05-06T05:45:18.590+0000][160][gc,age      ] GC(5) - age   2:    5114304 bytes,    7722248 total
[2022-05-06T05:45:18.591+0000][160][gc,age      ] GC(5) - age   3:    2313136 bytes,   10035384 total
[2022-05-06T05:45:18.591+0000][160][gc,age      ] GC(5) - age   4:     832496 bytes,   10867880 total
[2022-05-06T05:45:18.592+0000][160][gc,age      ] GC(5) - age   5:    1881696 bytes,   12749576 total
[2022-05-06T05:45:18.593+0000][160][gc,phases   ] GC(5)   Pre Evacuate Collection Set: 0.6ms
[2022-05-06T05:45:18.594+0000][160][gc,phases   ] GC(5)   Merge Heap Roots: 0.1ms
[2022-05-06T05:45:18.594+0000][160][gc,phases   ] GC(5)   Evacuate Collection Set: 2.9ms
[2022-05-06T05:45:18.595+0000][160][gc,phases   ] GC(5)   Post Evacuate Collection Set: 0.8ms
[2022-05-06T05:45:18.596+0000][160][gc,phases   ] GC(5)   Other: 8.7ms
[2022-05-06T05:45:18.597+0000][160][gc,heap     ] GC(5) Eden regions: 73->0(72)
[2022-05-06T05:45:18.598+0000][160][gc,heap     ] GC(5) Survivor regions: 3->4(10)
[2022-05-06T05:45:18.598+0000][160][gc,heap     ] GC(5) Old regions: 2->2
[2022-05-06T05:45:18.599+0000][160][gc,heap     ] GC(5) Archive regions: 2->2
[2022-05-06T05:45:18.599+0000][160][gc,heap     ] GC(5) Humongous regions: 0->0
[2022-05-06T05:45:18.600+0000][160][gc,metaspace] GC(5) Metaspace: 19732K(20224K)->19732K(20224K) NonClass: 17310K(17600K)->17310K(17600K) Class: 2422K(2624K)->2422K(2624K)
[2022-05-06T05:45:18.600+0000][160][gc          ] GC(5) Pause Young (Normal) (G1 Evacuation Pause) 310M->21M(512M) 20.462ms
[2022-05-06T05:45:18.601+0000][160][gc,cpu      ] GC(5) User=0.02s Sys=0.00s Real=0.02s
[2022-05-06T05:45:18.602+0000][160][safepoint   ] Safepoint "G1CollectForAllocation", Time since last: 59024000 ns, Reaching safepoint: 106250 ns, At safepoint: 21719292 ns, Total: 21825542 ns
[2022-05-06T05:45:18.838+0000][160][gc,start    ] GC(6) Pause Young (Normal) (G1 Evacuation Pause)
[2022-05-06T05:45:18.839+0000][160][gc,task     ] GC(6) Using 5 workers of 5 for evacuation
[2022-05-06T05:45:18.840+0000][160][gc,age      ] GC(6) Desired survivor size 20971520 bytes, new threshold 15 (max threshold 15)
[2022-05-06T05:45:18.846+0000][160][gc,age      ] GC(6) Age table with threshold 15 (max threshold 15)
[2022-05-06T05:45:18.847+0000][160][gc,age      ] GC(6) - age   1:    2549456 bytes,    2549456 total
[2022-05-06T05:45:18.848+0000][160][gc,age      ] GC(6) - age   2:    1311848 bytes,    3861304 total
[2022-05-06T05:45:18.849+0000][160][gc,age      ] GC(6) - age   3:    5109208 bytes,    8970512 total
[2022-05-06T05:45:18.850+0000][160][gc,age      ] GC(6) - age   4:    2311712 bytes,   11282224 total
[2022-05-06T05:45:18.850+0000][160][gc,age      ] GC(6) - age   5:     831816 bytes,   12114040 total
[2022-05-06T05:45:18.851+0000][160][gc,age      ] GC(6) - age   6:    1881392 bytes,   13995432 total
[2022-05-06T05:45:18.852+0000][160][gc,phases   ] GC(6)   Pre Evacuate Collection Set: 0.2ms
[2022-05-06T05:45:18.853+0000][160][gc,phases   ] GC(6)   Merge Heap Roots: 0.1ms
[2022-05-06T05:45:18.853+0000][160][gc,phases   ] GC(6)   Evacuate Collection Set: 3.7ms
[2022-05-06T05:45:18.854+0000][160][gc,phases   ] GC(6)   Post Evacuate Collection Set: 0.8ms
[2022-05-06T05:45:18.855+0000][160][gc,phases   ] GC(6)   Other: 9.5ms
[2022-05-06T05:45:18.855+0000][160][gc,heap     ] GC(6) Eden regions: 72->0(72)
[2022-05-06T05:45:18.856+0000][160][gc,heap     ] GC(6) Survivor regions: 4->4(10)
[2022-05-06T05:45:18.857+0000][160][gc,heap     ] GC(6) Old regions: 2->2
[2022-05-06T05:45:18.858+0000][160][gc,heap     ] GC(6) Archive regions: 2->2
[2022-05-06T05:45:18.859+0000][160][gc,heap     ] GC(6) Humongous regions: 0->0
[2022-05-06T05:45:18.859+0000][160][gc,metaspace] GC(6) Metaspace: 20895K(21440K)->20895K(21440K) NonClass: 18314K(18624K)->18314K(18624K) Class: 2581K(2816K)->2581K(2816K)
[2022-05-06T05:45:18.860+0000][160][gc          ] GC(6) Pause Young (Normal) (G1 Evacuation Pause) 309M->22M(512M) 22.015ms
[2022-05-06T05:45:18.862+0000][160][gc,cpu      ] GC(6) User=0.02s Sys=0.00s Real=0.02s
[2022-05-06T05:45:18.863+0000][160][safepoint   ] Safepoint "G1CollectForAllocation", Time since last: 236010333 ns, Reaching safepoint: 240708 ns, At safepoint: 24933042 ns, Total: 25173750 ns
[2022-05-06T05:45:18.941+0000][160][gc,start    ] GC(7) Pause Young (Concurrent Start) (Metadata GC Threshold)
[2022-05-06T05:45:18.942+0000][160][gc,task     ] GC(7) Using 5 workers of 5 for evacuation
[2022-05-06T05:45:18.943+0000][160][gc,age      ] GC(7) Desired survivor size 20971520 bytes, new threshold 15 (max threshold 15)
[2022-05-06T05:45:18.950+0000][160][gc,age      ] GC(7) Age table with threshold 15 (max threshold 15)
[2022-05-06T05:45:18.952+0000][160][gc,age      ] GC(7) - age   1:     362904 bytes,     362904 total
[2022-05-06T05:45:18.954+0000][160][gc,age      ] GC(7) - age   2:    2192936 bytes,    2555840 total
[2022-05-06T05:45:18.955+0000][160][gc,age      ] GC(7) - age   3:    1311304 bytes,    3867144 total
[2022-05-06T05:45:18.956+0000][160][gc,age      ] GC(7) - age   4:    5109208 bytes,    8976352 total
[2022-05-06T05:45:18.957+0000][160][gc,age      ] GC(7) - age   5:    2311712 bytes,   11288064 total
[2022-05-06T05:45:18.958+0000][160][gc,age      ] GC(7) - age   6:     831816 bytes,   12119880 total
[2022-05-06T05:45:18.959+0000][160][gc,age      ] GC(7) - age   7:    1881392 bytes,   14001272 total
[2022-05-06T05:45:18.960+0000][160][gc,phases   ] GC(7)   Pre Evacuate Collection Set: 0.5ms
[2022-05-06T05:45:18.961+0000][160][gc,phases   ] GC(7)   Merge Heap Roots: 0.3ms
[2022-05-06T05:45:18.962+0000][160][gc,phases   ] GC(7)   Evacuate Collection Set: 3.8ms
[2022-05-06T05:45:18.963+0000][160][gc,phases   ] GC(7)   Post Evacuate Collection Set: 1.0ms
[2022-05-06T05:45:18.964+0000][160][gc,phases   ] GC(7)   Other: 13.6ms
[2022-05-06T05:45:18.964+0000][160][gc,heap     ] GC(7) Eden regions: 31->0(72)
[2022-05-06T05:45:18.965+0000][160][gc,heap     ] GC(7) Survivor regions: 4->4(10)
[2022-05-06T05:45:18.966+0000][160][gc,heap     ] GC(7) Old regions: 2->2
[2022-05-06T05:45:18.967+0000][160][gc,heap     ] GC(7) Archive regions: 2->2
[2022-05-06T05:45:18.968+0000][160][gc,heap     ] GC(7) Humongous regions: 0->0
[2022-05-06T05:45:18.969+0000][160][gc,metaspace] GC(7) Metaspace: 20954K(21504K)->20954K(21504K) NonClass: 18364K(18688K)->18364K(18688K) Class: 2590K(2816K)->2590K(2816K)
[2022-05-06T05:45:18.970+0000][160][gc          ] GC(7) Pause Young (Concurrent Start) (Metadata GC Threshold) 144M->22M(512M) 29.124ms
[2022-05-06T05:45:18.971+0000][160][gc,cpu      ] GC(7) User=0.02s Sys=0.00s Real=0.03s
[2022-05-06T05:45:18.972+0000][160][gc          ] GC(8) Concurrent Mark Cycle
[2022-05-06T05:45:18.973+0000][160][gc,marking  ] GC(8) Concurrent Clear Claimed Marks
[2022-05-06T05:45:18.972+0000][160][safepoint   ] Safepoint "CollectForMetadataAllocation", Time since last: 77848042 ns, Reaching safepoint: 185000 ns, At safepoint: 31154666 ns, Total: 31339666 ns
[2022-05-06T05:45:18.973+0000][160][gc,marking  ] GC(8) Concurrent Clear Claimed Marks 0.811ms
[2022-05-06T05:45:18.975+0000][160][gc,marking  ] GC(8) Concurrent Scan Root Regions
[2022-05-06T05:45:18.979+0000][160][gc,marking  ] GC(8) Concurrent Scan Root Regions 4.207ms
[2022-05-06T05:45:18.980+0000][160][gc,marking  ] GC(8) Concurrent Mark
[2022-05-06T05:45:18.981+0000][160][gc,marking  ] GC(8) Concurrent Mark From Roots
[2022-05-06T05:45:18.982+0000][160][gc,task     ] GC(8) Using 1 workers of 1 for marking
[2022-05-06T05:45:18.985+0000][160][gc,marking  ] GC(8) Concurrent Mark From Roots 4.296ms
[2022-05-06T05:45:18.986+0000][160][gc,marking  ] GC(8) Concurrent Preclean
[2022-05-06T05:45:18.987+0000][160][gc,marking  ] GC(8) Concurrent Preclean 1.474ms
[2022-05-06T05:45:18.989+0000][160][gc,start    ] GC(8) Pause Remark
[2022-05-06T05:45:18.992+0000][160][gc          ] GC(8) Pause Remark 42M->42M(512M) 3.536ms
[2022-05-06T05:45:18.993+0000][160][gc,cpu      ] GC(8) User=0.00s Sys=0.00s Real=0.00s
[2022-05-06T05:45:18.994+0000][160][safepoint   ] Safepoint "G1Concurrent", Time since last: 16268542 ns, Reaching safepoint: 387167 ns, At safepoint: 5548375 ns, Total: 5935542 ns
[2022-05-06T05:45:18.995+0000][160][gc,marking  ] GC(8) Concurrent Mark 15.137ms
[2022-05-06T05:45:18.996+0000][160][gc,marking  ] GC(8) Concurrent Rebuild Remembered Sets
[2022-05-06T05:45:18.999+0000][160][gc,marking  ] GC(8) Concurrent Rebuild Remembered Sets 2.915ms
[2022-05-06T05:45:19.000+0000][160][gc,start    ] GC(8) Pause Cleanup
[2022-05-06T05:45:19.001+0000][160][gc          ] GC(8) Pause Cleanup 50M->50M(512M) 0.946ms
[2022-05-06T05:45:19.002+0000][160][gc,cpu      ] GC(8) User=0.00s Sys=0.00s Real=0.00s
[2022-05-06T05:45:19.003+0000][160][safepoint   ] Safepoint "G1Concurrent", Time since last: 5841041 ns, Reaching safepoint: 169167 ns, At safepoint: 2754000 ns, Total: 2923167 ns
[2022-05-06T05:45:19.005+0000][160][gc,marking  ] GC(8) Concurrent Cleanup for Next Mark
[2022-05-06T05:45:19.006+0000][160][gc,marking  ] GC(8) Concurrent Cleanup for Next Mark 1.102ms
[2022-05-06T05:45:19.007+0000][160][gc          ] GC(8) Concurrent Mark Cycle 34.856ms
[2022-05-06T05:45:19.599+0000][160][safepoint   ] Safepoint "ICBufferFull", Time since last: 595926875 ns, Reaching safepoint: 141667 ns, At safepoint: 2958 ns, Total: 144625 ns
[2022-05-06T05:45:19.752+0000][160][safepoint   ] Safepoint "ICBufferFull", Time since last: 152584917 ns, Reaching safepoint: 365292 ns, At safepoint: 3458 ns, Total: 368750 ns
[2022-05-06T05:45:19.760+0000][160][safepoint   ] Safepoint "ICBufferFull", Time since last: 7922375 ns, Reaching safepoint: 57542 ns, At safepoint: 3042 ns, Total: 60584 ns
[2022-05-06T05:45:19.762+0000][160][safepoint   ] Safepoint "ICBufferFull", Time since last: 1504708 ns, Reaching safepoint: 97583 ns, At safepoint: 2959 ns, Total: 100542 ns
[2022-05-06T05:45:19.763+0000][160][safepoint   ] Safepoint "ICBufferFull", Time since last: 1243541 ns, Reaching safepoint: 166875 ns, At safepoint: 4917 ns, Total: 171792 ns
[2022-05-06T05:45:19.764+0000][160][safepoint   ] Safepoint "ICBufferFull", Time since last: 1099542 ns, Reaching safepoint: 76833 ns, At safepoint: 3000 ns, Total: 79833 ns
[2022-05-06T05:45:19.765+0000][160][safepoint   ] Safepoint "ICBufferFull", Time since last: 1048208 ns, Reaching safepoint: 40834 ns, At safepoint: 1375 ns, Total: 42209 ns
[2022-05-06T05:45:19.768+0000][160][safepoint   ] Safepoint "ICBufferFull", Time since last: 2880833 ns, Reaching safepoint: 17250 ns, At safepoint: 1125 ns, Total: 18375 ns
[2022-05-06T05:45:19.770+0000][160][safepoint   ] Safepoint "ICBufferFull", Time since last: 1439417 ns, Reaching safepoint: 38958 ns, At safepoint: 1125 ns, Total: 40083 ns
[2022-05-06T05:45:19.782+0000][160][safepoint   ] Safepoint "ICBufferFull", Time since last: 11819292 ns, Reaching safepoint: 71958 ns, At safepoint: 9875 ns, Total: 81833 ns
[2022-05-06T05:45:19.783+0000][160][safepoint   ] Safepoint "ICBufferFull", Time since last: 1459792 ns, Reaching safepoint: 36250 ns, At safepoint: 3083 ns, Total: 39333 ns
[2022-05-06T05:45:19.785+0000][160][safepoint   ] Safepoint "ICBufferFull", Time since last: 1597625 ns, Reaching safepoint: 220958 ns, At safepoint: 2250 ns, Total: 223208 ns
[2022-05-06T05:45:19.801+0000][160][safepoint   ] Safepoint "ICBufferFull", Time since last: 16357292 ns, Reaching safepoint: 129500 ns, At safepoint: 4167 ns, Total: 133667 ns
[2022-05-06T05:45:19.816+0000][160][safepoint   ] Safepoint "ICBufferFull", Time since last: 14462291 ns, Reaching safepoint: 109417 ns, At safepoint: 2750 ns, Total: 112167 ns
[2022-05-06T05:45:19.820+0000][160][safepoint   ] Safepoint "ICBufferFull", Time since last: 3459042 ns, Reaching safepoint: 110833 ns, At safepoint: 16500 ns, Total: 127333 ns
[2022-05-06T05:45:19.821+0000][160][safepoint   ] Safepoint "ICBufferFull", Time since last: 1440917 ns, Reaching safepoint: 75083 ns, At safepoint: 2500 ns, Total: 77583 ns
[2022-05-06T05:45:19.825+0000][160][safepoint   ] Safepoint "ICBufferFull", Time since last: 3447542 ns, Reaching safepoint: 39708 ns, At safepoint: 1208 ns, Total: 40916 ns
[2022-05-06T05:45:19.828+0000][160][safepoint   ] Safepoint "ICBufferFull", Time since last: 3256834 ns, Reaching safepoint: 85000 ns, At safepoint: 1458 ns, Total: 86458 ns
[2022-05-06T05:45:19.859+0000][160][safepoint   ] Safepoint "ICBufferFull", Time since last: 30473625 ns, Reaching safepoint: 165125 ns, At safepoint: 2625 ns, Total: 167750 ns
[2022-05-06T05:45:19.864+0000][160][safepoint   ] Safepoint "ICBufferFull", Time since last: 4882792 ns, Reaching safepoint: 113375 ns, At safepoint: 17791 ns, Total: 131166 ns
[2022-05-06T05:45:19.865+0000][160][safepoint   ] Safepoint "ICBufferFull", Time since last: 1329125 ns, Reaching safepoint: 33459 ns, At safepoint: 77458 ns, Total: 110917 ns
[2022-05-06T05:45:20.108+0000][160][safepoint   ] Safepoint "ICBufferFull", Time since last: 242941000 ns, Reaching safepoint: 194292 ns, At safepoint: 4291 ns, Total: 198583 ns
[2022-05-06T05:45:20.332+0000][160][gc,start    ] GC(9) Pause Young (Normal) (G1 Evacuation Pause)
[2022-05-06T05:45:20.333+0000][160][gc,task     ] GC(9) Using 5 workers of 5 for evacuation
[2022-05-06T05:45:20.334+0000][160][gc,age      ] GC(9) Desired survivor size 20971520 bytes, new threshold 15 (max threshold 15)
[2022-05-06T05:45:20.346+0000][160][gc,age      ] GC(9) Age table with threshold 15 (max threshold 15)
[2022-05-06T05:45:20.347+0000][160][gc,age      ] GC(9) - age   1:   16290496 bytes,   16290496 total
[2022-05-06T05:45:20.348+0000][160][gc,age      ] GC(9) - age   2:     327616 bytes,   16618112 total
[2022-05-06T05:45:20.349+0000][160][gc,age      ] GC(9) - age   3:    2158952 bytes,   18777064 total
[2022-05-06T05:45:20.350+0000][160][gc,age      ] GC(9) - age   4:    1295960 bytes,   20073024 total
[2022-05-06T05:45:20.350+0000][160][gc,age      ] GC(9) - age   5:    5072848 bytes,   25145872 total
[2022-05-06T05:45:20.352+0000][160][gc,age      ] GC(9) - age   6:    2234912 bytes,   27380784 total
[2022-05-06T05:45:20.353+0000][160][gc,age      ] GC(9) - age   7:     799376 bytes,   28180160 total
[2022-05-06T05:45:20.354+0000][160][gc,age      ] GC(9) - age   8:    1874024 bytes,   30054184 total
[2022-05-06T05:45:20.355+0000][160][gc,phases   ] GC(9)   Pre Evacuate Collection Set: 0.1ms
[2022-05-06T05:45:20.356+0000][160][gc,phases   ] GC(9)   Merge Heap Roots: 0.2ms
[2022-05-06T05:45:20.356+0000][160][gc,phases   ] GC(9)   Evacuate Collection Set: 9.1ms
[2022-05-06T05:45:20.357+0000][160][gc,phases   ] GC(9)   Post Evacuate Collection Set: 1.4ms
[2022-05-06T05:45:20.358+0000][160][gc,phases   ] GC(9)   Other: 11.8ms
[2022-05-06T05:45:20.358+0000][160][gc,heap     ] GC(9) Eden regions: 72->0(68)
[2022-05-06T05:45:20.359+0000][160][gc,heap     ] GC(9) Survivor regions: 4->8(10)
[2022-05-06T05:45:20.360+0000][160][gc,heap     ] GC(9) Old regions: 2->2
[2022-05-06T05:45:20.361+0000][160][gc,heap     ] GC(9) Archive regions: 2->2
[2022-05-06T05:45:20.362+0000][160][gc,heap     ] GC(9) Humongous regions: 0->0
[2022-05-06T05:45:20.362+0000][160][gc,metaspace] GC(9) Metaspace: 30522K(31488K)->30522K(31488K) NonClass: 26612K(27200K)->26612K(27200K) Class: 3910K(4288K)->3910K(4288K)
[2022-05-06T05:45:20.363+0000][160][gc          ] GC(9) Pause Young (Normal) (G1 Evacuation Pause) 310M->37M(512M) 30.761ms
[2022-05-06T05:45:20.364+0000][160][gc,cpu      ] GC(9) User=0.04s Sys=0.01s Real=0.03s
[2022-05-06T05:45:20.364+0000][160][safepoint   ] Safepoint "G1CollectForAllocation", Time since last: 223835250 ns, Reaching safepoint: 138334 ns, At safepoint: 32001041 ns, Total: 32139375 ns
[2022-05-06T05:45:20.630+0000][160][safepoint   ] Safepoint "ICBufferFull", Time since last: 265988251 ns, Reaching safepoint: 161583 ns, At safepoint: 3667 ns, Total: 165250 ns
[2022-05-06T05:45:20.735+0000][160][safepoint   ] Safepoint "ICBufferFull", Time since last: 104258708 ns, Reaching safepoint: 868417 ns, At safepoint: 16750 ns, Total: 885167 ns
[2022-05-06T05:45:20.810+0000][160][gc,start    ] GC(10) Pause Young (Concurrent Start) (Metadata GC Threshold)
[2022-05-06T05:45:20.811+0000][160][gc,task     ] GC(10) Using 5 workers of 5 for evacuation
[2022-05-06T05:45:20.812+0000][160][gc,age      ] GC(10) Desired survivor size 20971520 bytes, new threshold 5 (max threshold 15)
[2022-05-06T05:45:20.827+0000][160][gc,age      ] GC(10) Age table with threshold 5 (max threshold 15)
[2022-05-06T05:45:20.828+0000][160][gc,age      ] GC(10) - age   1:   11980016 bytes,   11980016 total
[2022-05-06T05:45:20.829+0000][160][gc,age      ] GC(10) - age   2:   15804576 bytes,   27784592 total
[2022-05-06T05:45:20.830+0000][160][gc,age      ] GC(10) - age   3:     327616 bytes,   28112208 total
[2022-05-06T05:45:20.831+0000][160][gc,age      ] GC(10) - age   4:    2158064 bytes,   30270272 total
[2022-05-06T05:45:20.832+0000][160][gc,age      ] GC(10) - age   5:    1295960 bytes,   31566232 total
[2022-05-06T05:45:20.833+0000][160][gc,phases   ] GC(10)   Pre Evacuate Collection Set: 0.2ms
[2022-05-06T05:45:20.834+0000][160][gc,phases   ] GC(10)   Merge Heap Roots: 0.2ms
[2022-05-06T05:45:20.835+0000][160][gc,phases   ] GC(10)   Evacuate Collection Set: 12.3ms
[2022-05-06T05:45:20.835+0000][160][gc,phases   ] GC(10)   Post Evacuate Collection Set: 1.3ms
[2022-05-06T05:45:20.836+0000][160][gc,phases   ] GC(10)   Other: 8.8ms
[2022-05-06T05:45:20.837+0000][160][gc,heap     ] GC(10) Eden regions: 34->0(68)
[2022-05-06T05:45:20.837+0000][160][gc,heap     ] GC(10) Survivor regions: 8->8(10)
[2022-05-06T05:45:20.838+0000][160][gc,heap     ] GC(10) Old regions: 2->4
[2022-05-06T05:45:20.838+0000][160][gc,heap     ] GC(10) Archive regions: 2->2
[2022-05-06T05:45:20.840+0000][160][gc,heap     ] GC(10) Humongous regions: 0->0
[2022-05-06T05:45:20.841+0000][160][gc,metaspace] GC(10) Metaspace: 34986K(35968K)->34986K(35968K) NonClass: 30336K(30912K)->30336K(30912K) Class: 4650K(5056K)->4650K(5056K)
[2022-05-06T05:45:20.842+0000][160][gc          ] GC(10) Pause Young (Concurrent Start) (Metadata GC Threshold) 171M->49M(512M) 31.685ms
[2022-05-06T05:45:20.843+0000][160][gc,cpu      ] GC(10) User=0.06s Sys=0.00s Real=0.03s
[2022-05-06T05:45:20.844+0000][160][safepoint   ] Safepoint "CollectForMetadataAllocation", Time since last: 74442166 ns, Reaching safepoint: 199125 ns, At safepoint: 33842875 ns, Total: 34042000 ns
[2022-05-06T05:45:20.844+0000][160][gc          ] GC(11) Concurrent Mark Cycle
[2022-05-06T05:45:20.845+0000][160][gc,marking  ] GC(11) Concurrent Clear Claimed Marks
[2022-05-06T05:45:20.846+0000][160][gc,marking  ] GC(11) Concurrent Clear Claimed Marks 0.634ms
[2022-05-06T05:45:20.846+0000][160][gc,marking  ] GC(11) Concurrent Scan Root Regions
[2022-05-06T05:45:20.858+0000][160][safepoint   ] Safepoint "CollectForMetadataAllocation", Time since last: 13647792 ns, Reaching safepoint: 35583 ns, At safepoint: 29584 ns, Total: 65167 ns
[2022-05-06T05:45:20.863+0000][160][gc,marking  ] GC(11) Concurrent Scan Root Regions 17.022ms
[2022-05-06T05:45:20.865+0000][160][gc,marking  ] GC(11) Concurrent Mark
[2022-05-06T05:45:20.865+0000][160][gc,marking  ] GC(11) Concurrent Mark From Roots
[2022-05-06T05:45:20.866+0000][160][gc,task     ] GC(11) Using 1 workers of 1 for marking
[2022-05-06T05:45:20.871+0000][160][gc,marking  ] GC(11) Concurrent Mark From Roots 5.211ms
[2022-05-06T05:45:20.872+0000][160][gc,marking  ] GC(11) Concurrent Preclean
[2022-05-06T05:45:20.872+0000][160][gc,marking  ] GC(11) Concurrent Preclean 0.912ms
[2022-05-06T05:45:20.873+0000][160][gc,start    ] GC(11) Pause Remark
[2022-05-06T05:45:20.876+0000][160][gc          ] GC(11) Pause Remark 53M->53M(512M) 2.867ms
[2022-05-06T05:45:20.877+0000][160][gc,cpu      ] GC(11) User=0.01s Sys=0.00s Real=0.00s
[2022-05-06T05:45:20.878+0000][160][safepoint   ] Safepoint "G1Concurrent", Time since last: 15525583 ns, Reaching safepoint: 254292 ns, At safepoint: 4723791 ns, Total: 4978083 ns
[2022-05-06T05:45:20.879+0000][160][gc,marking  ] GC(11) Concurrent Mark 14.196ms
[2022-05-06T05:45:20.880+0000][160][gc,marking  ] GC(11) Concurrent Rebuild Remembered Sets
[2022-05-06T05:45:20.885+0000][160][gc,marking  ] GC(11) Concurrent Rebuild Remembered Sets 5.196ms
[2022-05-06T05:45:20.886+0000][160][gc,start    ] GC(11) Pause Cleanup
[2022-05-06T05:45:20.887+0000][160][gc          ] GC(11) Pause Cleanup 53M->53M(512M) 0.969ms
[2022-05-06T05:45:20.888+0000][160][gc,cpu      ] GC(11) User=0.00s Sys=0.00s Real=0.01s
[2022-05-06T05:45:20.889+0000][160][safepoint   ] Safepoint "G1Concurrent", Time since last: 7864792 ns, Reaching safepoint: 209667 ns, At safepoint: 2874916 ns, Total: 3084583 ns
[2022-05-06T05:45:20.890+0000][160][gc,marking  ] GC(11) Concurrent Cleanup for Next Mark
[2022-05-06T05:45:20.891+0000][160][gc,marking  ] GC(11) Concurrent Cleanup for Next Mark 1.439ms
[2022-05-06T05:45:20.892+0000][160][gc          ] GC(11) Concurrent Mark Cycle 48.327ms
[2022-05-06T05:45:20.984+0000][160][safepoint   ] Safepoint "ICBufferFull", Time since last: 94988792 ns, Reaching safepoint: 265417 ns, At safepoint: 8916 ns, Total: 274333 ns
[2022-05-06T05:45:21.396+0000][160][safepoint   ] Safepoint "ICBufferFull", Time since last: 411170834 ns, Reaching safepoint: 203917 ns, At safepoint: 15375 ns, Total: 219292 ns
[2022-05-06T05:45:21.556+0000][160][safepoint   ] Safepoint "ICBufferFull", Time since last: 160445833 ns, Reaching safepoint: 144333 ns, At safepoint: 15625 ns, Total: 159958 ns
[2022-05-06T05:45:21.566+0000][160][safepoint   ] Safepoint "ICBufferFull", Time since last: 9518500 ns, Reaching safepoint: 179459 ns, At safepoint: 12333 ns, Total: 191792 ns
[2022-05-06T05:45:21.718+0000][160][gc,start    ] GC(12) Pause Young (Concurrent Start) (G1 Evacuation Pause)
[2022-05-06T05:45:21.719+0000][160][gc,task     ] GC(12) Using 5 workers of 5 for evacuation
[2022-05-06T05:45:21.720+0000][160][gc,age      ] GC(12) Desired survivor size 20971520 bytes, new threshold 2 (max threshold 15)
[2022-05-06T05:45:21.739+0000][160][gc,age      ] GC(12) Age table with threshold 2 (max threshold 15)
[2022-05-06T05:45:21.741+0000][160][gc,age      ] GC(12) - age   1:    6125000 bytes,    6125000 total
[2022-05-06T05:45:21.743+0000][160][gc,age      ] GC(12) - age   2:   11913568 bytes,   18038568 total
[2022-05-06T05:45:21.744+0000][160][gc,phases   ] GC(12)   Pre Evacuate Collection Set: 0.2ms
[2022-05-06T05:45:21.745+0000][160][gc,phases   ] GC(12)   Merge Heap Roots: 0.2ms
[2022-05-06T05:45:21.746+0000][160][gc,phases   ] GC(12)   Evacuate Collection Set: 16.1ms
[2022-05-06T05:45:21.747+0000][160][gc,phases   ] GC(12)   Post Evacuate Collection Set: 1.6ms
[2022-05-06T05:45:21.748+0000][160][gc,phases   ] GC(12)   Other: 8.4ms
[2022-05-06T05:45:21.748+0000][160][gc,heap     ] GC(12) Eden regions: 68->0(71)
[2022-05-06T05:45:21.749+0000][160][gc,heap     ] GC(12) Survivor regions: 8->5(10)
[2022-05-06T05:45:21.750+0000][160][gc,heap     ] GC(12) Old regions: 4->9
[2022-05-06T05:45:21.751+0000][160][gc,heap     ] GC(12) Archive regions: 2->2
[2022-05-06T05:45:21.751+0000][160][gc,heap     ] GC(12) Humongous regions: 0->0
[2022-05-06T05:45:21.753+0000][160][gc,metaspace] GC(12) Metaspace: 52300K(53504K)->52300K(53504K) NonClass: 45207K(45952K)->45207K(45952K) Class: 7093K(7552K)->7093K(7552K)
[2022-05-06T05:45:21.755+0000][160][gc          ] GC(12) Pause Young (Concurrent Start) (G1 Evacuation Pause) 321M->56M(512M) 37.214ms
[2022-05-06T05:45:21.756+0000][160][gc,cpu      ] GC(12) User=0.09s Sys=0.00s Real=0.03s
[2022-05-06T05:45:21.757+0000][160][gc          ] GC(13) Concurrent Mark Cycle
[2022-05-06T05:45:21.758+0000][160][gc,marking  ] GC(13) Concurrent Clear Claimed Marks
[2022-05-06T05:45:21.757+0000][160][safepoint   ] Safepoint "G1CollectForAllocation", Time since last: 151121542 ns, Reaching safepoint: 604750 ns, At safepoint: 39558083 ns, Total: 40162833 ns
[2022-05-06T05:45:21.760+0000][160][gc,marking  ] GC(13) Concurrent Clear Claimed Marks 1.962ms
[2022-05-06T05:45:21.762+0000][160][gc,marking  ] GC(13) Concurrent Scan Root Regions
[2022-05-06T05:45:21.780+0000][160][gc,marking  ] GC(13) Concurrent Scan Root Regions 18.056ms
[2022-05-06T05:45:21.781+0000][160][gc,marking  ] GC(13) Concurrent Mark
[2022-05-06T05:45:21.782+0000][160][gc,marking  ] GC(13) Concurrent Mark From Roots
[2022-05-06T05:45:21.783+0000][160][gc,task     ] GC(13) Using 1 workers of 1 for marking
[2022-05-06T05:45:21.796+0000][160][gc,marking  ] GC(13) Concurrent Mark From Roots 13.922ms
[2022-05-06T05:45:21.797+0000][160][gc,marking  ] GC(13) Concurrent Preclean
[2022-05-06T05:45:21.799+0000][160][gc,marking  ] GC(13) Concurrent Preclean 1.496ms
[2022-05-06T05:45:21.800+0000][160][gc,start    ] GC(13) Pause Remark
[2022-05-06T05:45:21.804+0000][160][gc          ] GC(13) Pause Remark 74M->74M(512M) 4.299ms
[2022-05-06T05:45:21.805+0000][160][gc,cpu      ] GC(13) User=0.01s Sys=0.00s Real=0.00s
[2022-05-06T05:45:21.806+0000][160][safepoint   ] Safepoint "G1Concurrent", Time since last: 42167833 ns, Reaching safepoint: 459334 ns, At safepoint: 6219708 ns, Total: 6679042 ns
[2022-05-06T05:45:21.807+0000][160][gc,marking  ] GC(13) Concurrent Mark 25.683ms
[2022-05-06T05:45:21.808+0000][160][gc,marking  ] GC(13) Concurrent Rebuild Remembered Sets
[2022-05-06T05:45:21.824+0000][160][gc,marking  ] GC(13) Concurrent Rebuild Remembered Sets 16.553ms
[2022-05-06T05:45:21.826+0000][160][gc,start    ] GC(13) Pause Cleanup
[2022-05-06T05:45:21.827+0000][160][gc          ] GC(13) Pause Cleanup 84M->84M(512M) 1.397ms
[2022-05-06T05:45:21.828+0000][160][gc,cpu      ] GC(13) User=0.01s Sys=0.00s Real=0.01s
[2022-05-06T05:45:21.829+0000][160][safepoint   ] Safepoint "G1Concurrent", Time since last: 19299458 ns, Reaching safepoint: 557625 ns, At safepoint: 3035834 ns, Total: 3593459 ns
[2022-05-06T05:45:21.830+0000][160][gc,marking  ] GC(13) Concurrent Cleanup for Next Mark
[2022-05-06T05:45:21.831+0000][160][gc,marking  ] GC(13) Concurrent Cleanup for Next Mark 0.992ms
[2022-05-06T05:45:21.832+0000][160][gc          ] GC(13) Concurrent Mark Cycle 74.864ms
[2022-05-06T05:45:22.035+0000][160][safepoint   ] Safepoint "ICBufferFull", Time since last: 205644417 ns, Reaching safepoint: 231416 ns, At safepoint: 9959 ns, Total: 241375 ns
[2022-05-06T05:45:22.281+0000][160][safepoint   ] Safepoint "ICBufferFull", Time since last: 245347333 ns, Reaching safepoint: 498583 ns, At safepoint: 8959 ns, Total: 507542 ns
[2022-05-06T05:45:22.637+0000][160][safepoint   ] Safepoint "ICBufferFull", Time since last: 356311333 ns, Reaching safepoint: 277375 ns, At safepoint: 3000 ns, Total: 280375 ns
[2022-05-06T05:45:22.760+0000][160][safepoint   ] Safepoint "ICBufferFull", Time since last: 122185292 ns, Reaching safepoint: 120625 ns, At safepoint: 14417 ns, Total: 135042 ns
[2022-05-06T05:45:23.092+0000][160][safepoint   ] Safepoint "ICBufferFull", Time since last: 331760041 ns, Reaching safepoint: 160084 ns, At safepoint: 2666 ns, Total: 162750 ns
[2022-05-06T05:45:23.348+0000][160][safepoint   ] Safepoint "ICBufferFull", Time since last: 255744251 ns, Reaching safepoint: 291958 ns, At safepoint: 3208 ns, Total: 295166 ns
[2022-05-06T05:45:23.408+0000][160][gc,start    ] GC(14) Pause Young (Normal) (G1 Evacuation Pause)
[2022-05-06T05:45:23.409+0000][160][gc,task     ] GC(14) Using 5 workers of 5 for evacuation
[2022-05-06T05:45:23.410+0000][160][gc,age      ] GC(14) Desired survivor size 20971520 bytes, new threshold 15 (max threshold 15)
[2022-05-06T05:45:23.430+0000][160][gc,age      ] GC(14) Age table with threshold 15 (max threshold 15)
[2022-05-06T05:45:23.431+0000][160][gc,age      ] GC(14) - age   1:   13651800 bytes,   13651800 total
[2022-05-06T05:45:23.432+0000][160][gc,age      ] GC(14) - age   2:    5849120 bytes,   19500920 total
[2022-05-06T05:45:23.433+0000][160][gc,age      ] GC(14) - age   3:   11893624 bytes,   31394544 total
[2022-05-06T05:45:23.434+0000][160][gc,phases   ] GC(14)   Pre Evacuate Collection Set: 0.0ms
[2022-05-06T05:45:23.434+0000][160][gc,phases   ] GC(14)   Merge Heap Roots: 0.1ms
[2022-05-06T05:45:23.435+0000][160][gc,phases   ] GC(14)   Evacuate Collection Set: 16.1ms
[2022-05-06T05:45:23.436+0000][160][gc,phases   ] GC(14)   Post Evacuate Collection Set: 2.0ms
[2022-05-06T05:45:23.437+0000][160][gc,phases   ] GC(14)   Other: 7.4ms
[2022-05-06T05:45:23.438+0000][160][gc,heap     ] GC(14) Eden regions: 71->0(68)
[2022-05-06T05:45:23.438+0000][160][gc,heap     ] GC(14) Survivor regions: 5->8(10)
[2022-05-06T05:45:23.439+0000][160][gc,heap     ] GC(14) Old regions: 9->9
[2022-05-06T05:45:23.440+0000][160][gc,heap     ] GC(14) Archive regions: 2->2
[2022-05-06T05:45:23.441+0000][160][gc,heap     ] GC(14) Humongous regions: 0->0
[2022-05-06T05:45:23.441+0000][160][gc,metaspace] GC(14) Metaspace: 84775K(86208K)->84775K(86208K) NonClass: 73037K(73920K)->73037K(73920K) Class: 11738K(12288K)->11738K(12288K)
[2022-05-06T05:45:23.442+0000][160][gc          ] GC(14) Pause Young (Normal) (G1 Evacuation Pause) 340M->68M(512M) 33.724ms
[2022-05-06T05:45:23.442+0000][160][gc,cpu      ] GC(14) User=0.05s Sys=0.00s Real=0.03s
[2022-05-06T05:45:23.443+0000][160][safepoint   ] Safepoint "G1CollectForAllocation", Time since last: 60255959 ns, Reaching safepoint: 263000 ns, At safepoint: 34922958 ns, Total: 35185958 ns
[2022-05-06T05:45:23.509+0000][160][safepoint   ] Safepoint "ICBufferFull", Time since last: 65329667 ns, Reaching safepoint: 135291 ns, At safepoint: 16209 ns, Total: 151500 ns
[2022-05-06T05:45:23.529+0000][160][safepoint   ] Safepoint "ICBufferFull", Time since last: 20598458 ns, Reaching safepoint: 190583 ns, At safepoint: 4209 ns, Total: 194792 ns
[2022-05-06T05:45:23.571+0000][160][safepoint   ] Safepoint "ICBufferFull", Time since last: 41808666 ns, Reaching safepoint: 142167 ns, At safepoint: 14417 ns, Total: 156584 ns
[2022-05-06T05:45:23.971+0000][160][gc,start    ] GC(15) Pause Young (Concurrent Start) (Metadata GC Threshold)
[2022-05-06T05:45:23.972+0000][160][gc,task     ] GC(15) Using 5 workers of 5 for evacuation
[2022-05-06T05:45:23.973+0000][160][gc,age      ] GC(15) Desired survivor size 20971520 bytes, new threshold 3 (max threshold 15)
[2022-05-06T05:45:23.986+0000][160][gc,age      ] GC(15) Age table with threshold 3 (max threshold 15)
[2022-05-06T05:45:23.987+0000][160][gc,age      ] GC(15) - age   1:     962728 bytes,     962728 total
[2022-05-06T05:45:23.989+0000][160][gc,age      ] GC(15) - age   2:   13175920 bytes,   14138648 total
[2022-05-06T05:45:23.989+0000][160][gc,age      ] GC(15) - age   3:    5822856 bytes,   19961504 total
[2022-05-06T05:45:23.990+0000][160][gc,phases   ] GC(15)   Pre Evacuate Collection Set: 0.2ms
[2022-05-06T05:45:23.991+0000][160][gc,phases   ] GC(15)   Merge Heap Roots: 0.3ms
[2022-05-06T05:45:23.991+0000][160][gc,phases   ] GC(15)   Evacuate Collection Set: 10.4ms
[2022-05-06T05:45:23.992+0000][160][gc,phases   ] GC(15)   Post Evacuate Collection Set: 1.4ms
[2022-05-06T05:45:23.993+0000][160][gc,phases   ] GC(15)   Other: 6.9ms
[2022-05-06T05:45:23.994+0000][160][gc,heap     ] GC(15) Eden regions: 9->0(70)
[2022-05-06T05:45:23.995+0000][160][gc,heap     ] GC(15) Survivor regions: 8->6(10)
[2022-05-06T05:45:23.996+0000][160][gc,heap     ] GC(15) Old regions: 9->12
[2022-05-06T05:45:23.997+0000][160][gc,heap     ] GC(15) Archive regions: 2->2
[2022-05-06T05:45:23.997+0000][160][gc,heap     ] GC(15) Humongous regions: 0->0
[2022-05-06T05:45:23.998+0000][160][gc,metaspace] GC(15) Metaspace: 87708K(89216K)->87708K(89216K) NonClass: 75522K(76416K)->75522K(76416K) Class: 12185K(12800K)->12185K(12800K)
[2022-05-06T05:45:23.999+0000][160][gc          ] GC(15) Pause Young (Concurrent Start) (Metadata GC Threshold) 102M->70M(512M) 27.987ms
[2022-05-06T05:45:23.999+0000][160][gc,cpu      ] GC(15) User=0.06s Sys=0.00s Real=0.03s
[2022-05-06T05:45:24.000+0000][160][gc          ] GC(16) Concurrent Mark Cycle
[2022-05-06T05:45:24.002+0000][160][gc,marking  ] GC(16) Concurrent Clear Claimed Marks
[2022-05-06T05:45:24.000+0000][160][safepoint   ] Safepoint "CollectForMetadataAllocation", Time since last: 399290333 ns, Reaching safepoint: 178042 ns, At safepoint: 29444042 ns, Total: 29622084 ns
[2022-05-06T05:45:24.002+0000][160][gc,marking  ] GC(16) Concurrent Clear Claimed Marks 0.870ms
[2022-05-06T05:45:24.004+0000][160][gc,marking  ] GC(16) Concurrent Scan Root Regions
[2022-05-06T05:45:24.020+0000][160][gc,marking  ] GC(16) Concurrent Scan Root Regions 16.185ms
[2022-05-06T05:45:24.021+0000][160][gc,marking  ] GC(16) Concurrent Mark
[2022-05-06T05:45:24.022+0000][160][gc,marking  ] GC(16) Concurrent Mark From Roots
[2022-05-06T05:45:24.023+0000][160][gc,task     ] GC(16) Using 1 workers of 1 for marking
[2022-05-06T05:45:24.070+0000][160][gc,marking  ] GC(16) Concurrent Mark From Roots 47.349ms
[2022-05-06T05:45:24.072+0000][160][gc,marking  ] GC(16) Concurrent Preclean
[2022-05-06T05:45:24.074+0000][160][gc,marking  ] GC(16) Concurrent Preclean 1.549ms
[2022-05-06T05:45:24.076+0000][160][gc,start    ] GC(16) Pause Remark
[2022-05-06T05:45:24.081+0000][160][gc          ] GC(16) Pause Remark 74M->74M(512M) 5.183ms
[2022-05-06T05:45:24.082+0000][160][gc,cpu      ] GC(16) User=0.01s Sys=0.00s Real=0.01s
[2022-05-06T05:45:24.083+0000][160][safepoint   ] Safepoint "G1Concurrent", Time since last: 74755166 ns, Reaching safepoint: 662042 ns, At safepoint: 6968875 ns, Total: 7630917 ns
[2022-05-06T05:45:24.084+0000][160][gc,marking  ] GC(16) Concurrent Mark 62.443ms
[2022-05-06T05:45:24.085+0000][160][gc,marking  ] GC(16) Concurrent Rebuild Remembered Sets
[2022-05-06T05:45:24.140+0000][160][gc,marking  ] GC(16) Concurrent Rebuild Remembered Sets 54.528ms
[2022-05-06T05:45:24.141+0000][160][gc,start    ] GC(16) Pause Cleanup
[2022-05-06T05:45:24.142+0000][160][gc          ] GC(16) Pause Cleanup 74M->74M(512M) 0.748ms
[2022-05-06T05:45:24.143+0000][160][gc,cpu      ] GC(16) User=0.01s Sys=0.01s Real=0.00s
[2022-05-06T05:45:24.144+0000][160][safepoint   ] Safepoint "G1Concurrent", Time since last: 58716375 ns, Reaching safepoint: 115542 ns, At safepoint: 2314375 ns, Total: 2429917 ns
[2022-05-06T05:45:24.145+0000][160][gc,marking  ] GC(16) Concurrent Cleanup for Next Mark
[2022-05-06T05:45:24.146+0000][160][gc,marking  ] GC(16) Concurrent Cleanup for Next Mark 1.535ms
[2022-05-06T05:45:24.148+0000][160][gc          ] GC(16) Concurrent Mark Cycle 147.748ms
[2022-05-06T05:45:24.520+0000][160][safepoint   ] Safepoint "ICBufferFull", Time since last: 375918791 ns, Reaching safepoint: 271500 ns, At safepoint: 24625 ns, Total: 296125 ns
[2022-05-06T05:45:24.591+0000][160][safepoint   ] Safepoint "ICBufferFull", Time since last: 70838625 ns, Reaching safepoint: 156834 ns, At safepoint: 4333 ns, Total: 161167 ns
[2022-05-06T05:45:24.919+0000][160][safepoint   ] Safepoint "ICBufferFull", Time since last: 327982000 ns, Reaching safepoint: 194084 ns, At safepoint: 12625 ns, Total: 206709 ns
[2022-05-06T05:45:25.249+0000][160][safepoint   ] Safepoint "ICBufferFull", Time since last: 329307958 ns, Reaching safepoint: 422833 ns, At safepoint: 13750 ns, Total: 436583 ns
[2022-05-06T05:45:25.431+0000][160][safepoint   ] Safepoint "ICBufferFull", Time since last: 181459709 ns, Reaching safepoint: 491833 ns, At safepoint: 5292 ns, Total: 497125 ns
[2022-05-06T05:45:25.745+0000][160][safepoint   ] Safepoint "ICBufferFull", Time since last: 313464917 ns, Reaching safepoint: 282750 ns, At safepoint: 19875 ns, Total: 302625 ns
[2022-05-06T05:45:26.317+0000][160][safepoint   ] Safepoint "ICBufferFull", Time since last: 571734667 ns, Reaching safepoint: 265208 ns, At safepoint: 21208 ns, Total: 286416 ns
[2022-05-06T05:45:26.441+0000][160][safepoint   ] Safepoint "ICBufferFull", Time since last: 124324750 ns, Reaching safepoint: 229542 ns, At safepoint: 11042 ns, Total: 240584 ns
[2022-05-06T05:45:26.521+0000][160][gc,start    ] GC(17) Pause Young (Normal) (G1 Evacuation Pause)
[2022-05-06T05:45:26.522+0000][160][gc,task     ] GC(17) Using 5 workers of 5 for evacuation
[2022-05-06T05:45:26.523+0000][160][gc,age      ] GC(17) Desired survivor size 20971520 bytes, new threshold 15 (max threshold 15)
[2022-05-06T05:45:26.537+0000][160][gc,age      ] GC(17) Age table with threshold 15 (max threshold 15)
[2022-05-06T05:45:26.539+0000][160][gc,age      ] GC(17) - age   1:    8620320 bytes,    8620320 total
[2022-05-06T05:45:26.540+0000][160][gc,age      ] GC(17) - age   2:     789008 bytes,    9409328 total
[2022-05-06T05:45:26.541+0000][160][gc,age      ] GC(17) - age   3:   13054312 bytes,   22463640 total
[2022-05-06T05:45:26.542+0000][160][gc,age      ] GC(17) - age   4:    5726704 bytes,   28190344 total
[2022-05-06T05:45:26.543+0000][160][gc,phases   ] GC(17)   Pre Evacuate Collection Set: 0.5ms
[2022-05-06T05:45:26.544+0000][160][gc,phases   ] GC(17)   Merge Heap Roots: 0.2ms
[2022-05-06T05:45:26.545+0000][160][gc,phases   ] GC(17)   Evacuate Collection Set: 10.8ms
[2022-05-06T05:45:26.546+0000][160][gc,phases   ] GC(17)   Post Evacuate Collection Set: 1.5ms
[2022-05-06T05:45:26.547+0000][160][gc,phases   ] GC(17)   Other: 8.8ms
[2022-05-06T05:45:26.548+0000][160][gc,heap     ] GC(17) Eden regions: 70->0(68)
[2022-05-06T05:45:26.549+0000][160][gc,heap     ] GC(17) Survivor regions: 6->8(10)
[2022-05-06T05:45:26.550+0000][160][gc,heap     ] GC(17) Old regions: 12->12
[2022-05-06T05:45:26.552+0000][160][gc,heap     ] GC(17) Archive regions: 2->2
[2022-05-06T05:45:26.552+0000][160][gc,heap     ] GC(17) Humongous regions: 6->6
[2022-05-06T05:45:26.553+0000][160][gc,metaspace] GC(17) Metaspace: 97366K(98944K)->97366K(98944K) NonClass: 83747K(84672K)->83747K(84672K) Class: 13618K(14272K)->13618K(14272K)
[2022-05-06T05:45:26.555+0000][160][gc          ] GC(17) Pause Young (Normal) (G1 Evacuation Pause) 374M->102M(512M) 33.672ms
[2022-05-06T05:45:26.556+0000][160][gc,cpu      ] GC(17) User=0.04s Sys=0.00s Real=0.03s
[2022-05-06T05:45:26.557+0000][160][safepoint   ] Safepoint "G1CollectForAllocation", Time since last: 79661416 ns, Reaching safepoint: 159334 ns, At safepoint: 36003625 ns, Total: 36162959 ns
[2022-05-06T05:45:26.588+0000][160][safepoint   ] Safepoint "ICBufferFull", Time since last: 30809916 ns, Reaching safepoint: 111000 ns, At safepoint: 6167 ns, Total: 117167 ns
[2022-05-06T05:45:27.188+0000][160][safepoint   ] Safepoint "ICBufferFull", Time since last: 599404667 ns, Reaching safepoint: 522583 ns, At safepoint: 15750 ns, Total: 538333 ns
[2022-05-06T05:45:27.984+0000][160][safepoint   ] Safepoint "ICBufferFull", Time since last: 795771417 ns, Reaching safepoint: 244459 ns, At safepoint: 4208 ns, Total: 248667 ns
[2022-05-06T05:45:28.398+0000][160][safepoint   ] Safepoint "ICBufferFull", Time since last: 414093042 ns, Reaching safepoint: 292875 ns, At safepoint: 19333 ns, Total: 312208 ns
[2022-05-06T05:45:28.750+0000][160][safepoint   ] Safepoint "ICBufferFull", Time since last: 351059875 ns, Reaching safepoint: 474084 ns, At safepoint: 31000 ns, Total: 505084 ns
[2022-05-06T05:45:29.108+0000][160][safepoint   ] Safepoint "ICBufferFull", Time since last: 357228042 ns, Reaching safepoint: 498791 ns, At safepoint: 196459 ns, Total: 695250 ns
[2022-05-06T05:45:29.110+0000][160][safepoint   ] Safepoint "ICBufferFull", Time since last: 1495416 ns, Reaching safepoint: 560084 ns, At safepoint: 37708 ns, Total: 597792 ns
[2022-05-06T05:45:29.605+0000][160][safepoint   ] Safepoint "ICBufferFull", Time since last: 494631917 ns, Reaching safepoint: 371792 ns, At safepoint: 6208 ns, Total: 378000 ns
[2022-05-06T05:45:29.611+0000][160][safepoint   ] Safepoint "ICBufferFull", Time since last: 5937833 ns, Reaching safepoint: 316875 ns, At safepoint: 16375 ns, Total: 333250 ns
[2022-05-06T05:45:30.022+0000][160][gc,start    ] GC(18) Pause Young (Normal) (G1 Evacuation Pause)
[2022-05-06T05:45:30.023+0000][160][gc,task     ] GC(18) Using 5 workers of 5 for evacuation
[2022-05-06T05:45:30.024+0000][160][gc,age      ] GC(18) Desired survivor size 20971520 bytes, new threshold 3 (max threshold 15)
[2022-05-06T05:45:30.037+0000][160][gc,age      ] GC(18) Age table with threshold 3 (max threshold 15)
[2022-05-06T05:45:30.038+0000][160][gc,age      ] GC(18) - age   1:    7493448 bytes,    7493448 total
[2022-05-06T05:45:30.039+0000][160][gc,age      ] GC(18) - age   2:    7505760 bytes,   14999208 total
[2022-05-06T05:45:30.040+0000][160][gc,age      ] GC(18) - age   3:     788240 bytes,   15787448 total
[2022-05-06T05:45:30.040+0000][160][gc,phases   ] GC(18)   Pre Evacuate Collection Set: 0.2ms
[2022-05-06T05:45:30.041+0000][160][gc,phases   ] GC(18)   Merge Heap Roots: 0.2ms
[2022-05-06T05:45:30.042+0000][160][gc,phases   ] GC(18)   Evacuate Collection Set: 11.2ms
[2022-05-06T05:45:30.042+0000][160][gc,phases   ] GC(18)   Post Evacuate Collection Set: 1.1ms
[2022-05-06T05:45:30.043+0000][160][gc,phases   ] GC(18)   Other: 5.7ms
[2022-05-06T05:45:30.044+0000][160][gc,heap     ] GC(18) Eden regions: 68->0(70)
[2022-05-06T05:45:30.044+0000][160][gc,heap     ] GC(18) Survivor regions: 8->5(10)
[2022-05-06T05:45:30.045+0000][160][gc,heap     ] GC(18) Old regions: 12->16
[2022-05-06T05:45:30.046+0000][160][gc,heap     ] GC(18) Archive regions: 2->2
[2022-05-06T05:45:30.046+0000][160][gc,heap     ] GC(18) Humongous regions: 6->6
[2022-05-06T05:45:30.046+0000][160][gc,metaspace] GC(18) Metaspace: 102253K(103808K)->102253K(103808K) NonClass: 87960K(88896K)->87960K(88896K) Class: 14292K(14912K)->14292K(14912K)
[2022-05-06T05:45:30.047+0000][160][gc          ] GC(18) Pause Young (Normal) (G1 Evacuation Pause) 374M->109M(512M) 24.973ms
[2022-05-06T05:45:30.048+0000][160][gc,cpu      ] GC(18) User=0.04s Sys=0.00s Real=0.02s
[2022-05-06T05:45:30.049+0000][160][safepoint   ] Safepoint "G1CollectForAllocation", Time since last: 410623167 ns, Reaching safepoint: 96875 ns, At safepoint: 26705000 ns, Total: 26801875 ns
[2022-05-06T05:45:31.053+0000][160][safepoint   ] Safepoint "Cleanup", Time since last: 1003813292 ns, Reaching safepoint: 358625 ns, At safepoint: 7584 ns, Total: 366209 ns
[2022-05-06T05:45:32.055+0000][160][safepoint   ] Safepoint "Cleanup", Time since last: 1001636583 ns, Reaching safepoint: 203834 ns, At safepoint: 4291 ns, Total: 208125 ns
[2022-05-06T05:45:33.054+0000][160][safepoint   ] Safepoint "Cleanup", Time since last: 1001061542 ns, Reaching safepoint: 104875 ns, At safepoint: 7958 ns, Total: 112833 ns
[2022-05-06T05:45:34.056+0000][160][safepoint   ] Safepoint "Cleanup", Time since last: 1000951376 ns, Reaching safepoint: 107958 ns, At safepoint: 4917 ns, Total: 112875 ns
[2022-05-06T05:45:35.753+0000][160][safepoint   ] Safepoint "ICBufferFull", Time since last: 1696968000 ns, Reaching safepoint: 161834 ns, At safepoint: 14208 ns, Total: 176042 ns
[2022-05-06T05:45:35.814+0000][160][safepoint   ] Safepoint "ICBufferFull", Time since last: 60780542 ns, Reaching safepoint: 270250 ns, At safepoint: 13583 ns, Total: 283833 ns
[2022-05-06T05:45:35.905+0000][160][gc,start    ] GC(19) Pause Young (Normal) (G1 Evacuation Pause)
[2022-05-06T05:45:35.905+0000][160][gc,task     ] GC(19) Using 5 workers of 5 for evacuation
[2022-05-06T05:45:35.906+0000][160][gc,age      ] GC(19) Desired survivor size 20971520 bytes, new threshold 15 (max threshold 15)
[2022-05-06T05:45:35.916+0000][160][gc,age      ] GC(19) Age table with threshold 15 (max threshold 15)
[2022-05-06T05:45:35.917+0000][160][gc,age      ] GC(19) - age   1:    3978256 bytes,    3978256 total
[2022-05-06T05:45:35.917+0000][160][gc,age      ] GC(19) - age   2:    6244856 bytes,   10223112 total
[2022-05-06T05:45:35.919+0000][160][gc,age      ] GC(19) - age   3:    7498456 bytes,   17721568 total
[2022-05-06T05:45:35.919+0000][160][gc,age      ] GC(19) - age   4:     782608 bytes,   18504176 total
[2022-05-06T05:45:35.920+0000][160][gc,phases   ] GC(19)   Pre Evacuate Collection Set: 0.1ms
[2022-05-06T05:45:35.921+0000][160][gc,phases   ] GC(19)   Merge Heap Roots: 0.2ms
[2022-05-06T05:45:35.922+0000][160][gc,phases   ] GC(19)   Evacuate Collection Set: 7.1ms
[2022-05-06T05:45:35.922+0000][160][gc,phases   ] GC(19)   Post Evacuate Collection Set: 1.0ms
[2022-05-06T05:45:35.923+0000][160][gc,phases   ] GC(19)   Other: 7.1ms
[2022-05-06T05:45:35.924+0000][160][gc,heap     ] GC(19) Eden regions: 70->0(71)
[2022-05-06T05:45:35.924+0000][160][gc,heap     ] GC(19) Survivor regions: 5->5(10)
[2022-05-06T05:45:35.925+0000][160][gc,heap     ] GC(19) Old regions: 16->16
[2022-05-06T05:45:35.925+0000][160][gc,heap     ] GC(19) Archive regions: 2->2
[2022-05-06T05:45:35.926+0000][160][gc,heap     ] GC(19) Humongous regions: 6->6
[2022-05-06T05:45:35.927+0000][160][gc,metaspace] GC(19) Metaspace: 103552K(105152K)->103552K(105152K) NonClass: 89132K(90112K)->89132K(90112K) Class: 14420K(15040K)->14420K(15040K)
[2022-05-06T05:45:35.927+0000][160][gc          ] GC(19) Pause Young (Normal) (G1 Evacuation Pause) 389M->110M(512M) 22.820ms
[2022-05-06T05:45:35.928+0000][160][gc,cpu      ] GC(19) User=0.03s Sys=0.00s Real=0.03s
[2022-05-06T05:45:35.929+0000][160][safepoint   ] Safepoint "G1CollectForAllocation", Time since last: 90469084 ns, Reaching safepoint: 286958 ns, At safepoint: 24058958 ns, Total: 24345916 ns
[2022-05-06T05:45:36.184+0000][160][safepoint   ] Safepoint "ICBufferFull", Time since last: 255500000 ns, Reaching safepoint: 236500 ns, At safepoint: 9167 ns, Total: 245667 ns
[2022-05-06T05:45:36.331+0000][160][safepoint   ] Safepoint "ICBufferFull", Time since last: 146746583 ns, Reaching safepoint: 276584 ns, At safepoint: 132833 ns, Total: 409417 ns
[2022-05-06T05:45:36.383+0000][160][safepoint   ] Safepoint "ICBufferFull", Time since last: 51452000 ns, Reaching safepoint: 280417 ns, At safepoint: 23000 ns, Total: 303417 ns
[2022-05-06T05:45:37.276+0000][160][safepoint   ] Safepoint "ICBufferFull", Time since last: 892636084 ns, Reaching safepoint: 431916 ns, At safepoint: 52542 ns, Total: 484458 ns
[2022-05-06T05:45:37.583+0000][160][gc,start    ] GC(20) Pause Young (Normal) (G1 Evacuation Pause)
[2022-05-06T05:45:37.584+0000][160][gc,task     ] GC(20) Using 5 workers of 5 for evacuation
[2022-05-06T05:45:37.585+0000][160][gc,age      ] GC(20) Desired survivor size 20971520 bytes, new threshold 15 (max threshold 15)
[2022-05-06T05:45:37.594+0000][160][gc,age      ] GC(20) Age table with threshold 15 (max threshold 15)
[2022-05-06T05:45:37.595+0000][160][gc,age      ] GC(20) - age   1:   15935440 bytes,   15935440 total
[2022-05-06T05:45:37.596+0000][160][gc,age      ] GC(20) - age   2:    1463520 bytes,   17398960 total
[2022-05-06T05:45:37.597+0000][160][gc,age      ] GC(20) - age   3:    6244856 bytes,   23643816 total
[2022-05-06T05:45:37.598+0000][160][gc,age      ] GC(20) - age   4:    7497768 bytes,   31141584 total
[2022-05-06T05:45:37.598+0000][160][gc,age      ] GC(20) - age   5:     782576 bytes,   31924160 total
[2022-05-06T05:45:37.599+0000][160][gc,phases   ] GC(20)   Pre Evacuate Collection Set: 0.2ms
[2022-05-06T05:45:37.600+0000][160][gc,phases   ] GC(20)   Merge Heap Roots: 0.1ms
[2022-05-06T05:45:37.601+0000][160][gc,phases   ] GC(20)   Evacuate Collection Set: 6.2ms
[2022-05-06T05:45:37.602+0000][160][gc,phases   ] GC(20)   Post Evacuate Collection Set: 1.6ms
[2022-05-06T05:45:37.603+0000][160][gc,phases   ] GC(20)   Other: 8.4ms
[2022-05-06T05:45:37.604+0000][160][gc,heap     ] GC(20) Eden regions: 71->0(67)
[2022-05-06T05:45:37.605+0000][160][gc,heap     ] GC(20) Survivor regions: 5->8(10)
[2022-05-06T05:45:37.606+0000][160][gc,heap     ] GC(20) Old regions: 16->16
[2022-05-06T05:45:37.607+0000][160][gc,heap     ] GC(20) Archive regions: 2->2
[2022-05-06T05:45:37.608+0000][160][gc,heap     ] GC(20) Humongous regions: 6->6
[2022-05-06T05:45:37.609+0000][160][gc,metaspace] GC(20) Metaspace: 104576K(106176K)->104576K(106176K) NonClass: 90122K(91072K)->90122K(91072K) Class: 14454K(15104K)->14454K(15104K)
[2022-05-06T05:45:37.610+0000][160][gc          ] GC(20) Pause Young (Normal) (G1 Evacuation Pause) 394M->122M(512M) 26.895ms
[2022-05-06T05:45:37.611+0000][160][gc,cpu      ] GC(20) User=0.04s Sys=0.00s Real=0.03s
[2022-05-06T05:45:37.612+0000][160][safepoint   ] Safepoint "G1CollectForAllocation", Time since last: 306236458 ns, Reaching safepoint: 139542 ns, At safepoint: 28966042 ns, Total: 29105584 ns
[2022-05-06T05:45:37.911+0000][160][safepoint   ] Safepoint "ICBufferFull", Time since last: 299130583 ns, Reaching safepoint: 194459 ns, At safepoint: 17750 ns, Total: 212209 ns
[2022-05-06T05:45:38.166+0000][160][safepoint   ] Safepoint "ICBufferFull", Time since last: 254220875 ns, Reaching safepoint: 537791 ns, At safepoint: 52375 ns, Total: 590166 ns
[2022-05-06T05:45:38.345+0000][160][safepoint   ] Safepoint "ICBufferFull", Time since last: 178288209 ns, Reaching safepoint: 574583 ns, At safepoint: 46417 ns, Total: 621000 ns
[2022-05-06T05:45:38.602+0000][160][safepoint   ] Safepoint "ICBufferFull", Time since last: 256726083 ns, Reaching safepoint: 246584 ns, At safepoint: 10708 ns, Total: 257292 ns
[2022-05-06T05:45:39.227+0000][160][safepoint   ] Safepoint "ICBufferFull", Time since last: 624290792 ns, Reaching safepoint: 613083 ns, At safepoint: 31500 ns, Total: 644583 ns
[2022-05-06T05:45:39.231+0000][160][gc,start    ] GC(21) Pause Young (Normal) (G1 Evacuation Pause)
[2022-05-06T05:45:39.232+0000][160][gc,task     ] GC(21) Using 5 workers of 5 for evacuation
[2022-05-06T05:45:39.233+0000][160][gc,age      ] GC(21) Desired survivor size 20971520 bytes, new threshold 3 (max threshold 15)
[2022-05-06T05:45:39.242+0000][160][gc,age      ] GC(21) Age table with threshold 3 (max threshold 15)
[2022-05-06T05:45:39.243+0000][160][gc,age      ] GC(21) - age   1:   17335136 bytes,   17335136 total
[2022-05-06T05:45:39.244+0000][160][gc,age      ] GC(21) - age   2:    9206168 bytes,   26541304 total
[2022-05-06T05:45:39.245+0000][160][gc,age      ] GC(21) - age   3:    1452440 bytes,   27993744 total
[2022-05-06T05:45:39.248+0000][160][gc,phases   ] GC(21)   Pre Evacuate Collection Set: 0.3ms
[2022-05-06T05:45:39.248+0000][160][gc,phases   ] GC(21)   Merge Heap Roots: 0.3ms
[2022-05-06T05:45:39.249+0000][160][gc,phases   ] GC(21)   Evacuate Collection Set: 6.7ms
[2022-05-06T05:45:39.249+0000][160][gc,phases   ] GC(21)   Post Evacuate Collection Set: 1.1ms
[2022-05-06T05:45:39.250+0000][160][gc,phases   ] GC(21)   Other: 8.2ms
[2022-05-06T05:45:39.251+0000][160][gc,heap     ] GC(21) Eden regions: 67->0(61)
[2022-05-06T05:45:39.251+0000][160][gc,heap     ] GC(21) Survivor regions: 8->8(10)
[2022-05-06T05:45:39.252+0000][160][gc,heap     ] GC(21) Old regions: 16->20
[2022-05-06T05:45:39.253+0000][160][gc,heap     ] GC(21) Archive regions: 2->2
[2022-05-06T05:45:39.253+0000][160][gc,heap     ] GC(21) Humongous regions: 7->7
[2022-05-06T05:45:39.254+0000][160][gc,metaspace] GC(21) Metaspace: 104733K(106304K)->104733K(106304K) NonClass: 90278K(91200K)->90278K(91200K) Class: 14454K(15104K)->14454K(15104K)
[2022-05-06T05:45:39.254+0000][160][gc          ] GC(21) Pause Young (Normal) (G1 Evacuation Pause) 394M->138M(512M) 23.299ms
[2022-05-06T05:45:39.255+0000][160][gc,cpu      ] GC(21) User=0.03s Sys=0.01s Real=0.02s
[2022-05-06T05:45:39.256+0000][160][safepoint   ] Safepoint "G1CollectForAllocation", Time since last: 4245542 ns, Reaching safepoint: 53750 ns, At safepoint: 24713625 ns, Total: 24767375 ns
[2022-05-06T05:45:39.651+0000][160][safepoint   ] Safepoint "ICBufferFull", Time since last: 394581083 ns, Reaching safepoint: 408334 ns, At safepoint: 2875 ns, Total: 411209 ns
[2022-05-06T05:45:40.130+0000][160][safepoint   ] Safepoint "ICBufferFull", Time since last: 478842667 ns, Reaching safepoint: 173500 ns, At safepoint: 5250 ns, Total: 178750 ns
[2022-05-06T05:45:40.213+0000][160][safepoint   ] Safepoint "ICBufferFull", Time since last: 82949708 ns, Reaching safepoint: 221833 ns, At safepoint: 17000 ns, Total: 238833 ns
[2022-05-06T05:45:40.456+0000][160][gc,start    ] GC(22) Pause Young (Normal) (G1 Evacuation Pause)
[2022-05-06T05:45:40.457+0000][160][gc,task     ] GC(22) Using 5 workers of 5 for evacuation
[2022-05-06T05:45:40.457+0000][160][gc,age      ] GC(22) Desired survivor size 18874368 bytes, new threshold 2 (max threshold 15)
[2022-05-06T05:45:40.462+0000][160][gc,age      ] GC(22) Age table with threshold 2 (max threshold 15)
[2022-05-06T05:45:40.463+0000][160][gc,age      ] GC(22) - age   1:   13511144 bytes,   13511144 total
[2022-05-06T05:45:40.464+0000][160][gc,age      ] GC(22) - age   2:   11936040 bytes,   25447184 total
[2022-05-06T05:45:40.465+0000][160][gc,phases   ] GC(22)   Pre Evacuate Collection Set: 0.1ms
[2022-05-06T05:45:40.465+0000][160][gc,phases   ] GC(22)   Merge Heap Roots: 0.1ms
[2022-05-06T05:45:40.466+0000][160][gc,phases   ] GC(22)   Evacuate Collection Set: 3.1ms
[2022-05-06T05:45:40.467+0000][160][gc,phases   ] GC(22)   Post Evacuate Collection Set: 0.8ms
[2022-05-06T05:45:40.467+0000][160][gc,phases   ] GC(22)   Other: 4.2ms
[2022-05-06T05:45:40.468+0000][160][gc,heap     ] GC(22) Eden regions: 61->0(59)
[2022-05-06T05:45:40.468+0000][160][gc,heap     ] GC(22) Survivor regions: 8->7(9)
[2022-05-06T05:45:40.469+0000][160][gc,heap     ] GC(22) Old regions: 20->22
[2022-05-06T05:45:40.470+0000][160][gc,heap     ] GC(22) Archive regions: 2->2
[2022-05-06T05:45:40.470+0000][160][gc,heap     ] GC(22) Humongous regions: 8->8
[2022-05-06T05:45:40.471+0000][160][gc,metaspace] GC(22) Metaspace: 104773K(106368K)->104773K(106368K) NonClass: 90316K(91264K)->90316K(91264K) Class: 14456K(15104K)->14456K(15104K)
[2022-05-06T05:45:40.471+0000][160][gc          ] GC(22) Pause Young (Normal) (G1 Evacuation Pause) 386M->150M(512M) 15.009ms
[2022-05-06T05:45:40.472+0000][160][gc,cpu      ] GC(22) User=0.02s Sys=0.00s Real=0.01s
[2022-05-06T05:45:40.473+0000][160][safepoint   ] Safepoint "G1CollectForAllocation", Time since last: 243357667 ns, Reaching safepoint: 150208 ns, At safepoint: 16289792 ns, Total: 16440000 ns
[2022-05-06T05:45:41.153+0000][160][safepoint   ] Safepoint "ICBufferFull", Time since last: 679598500 ns, Reaching safepoint: 240584 ns, At safepoint: 6166 ns, Total: 246750 ns
[2022-05-06T05:45:41.428+0000][160][safepoint   ] Safepoint "ICBufferFull", Time since last: 275151251 ns, Reaching safepoint: 277458 ns, At safepoint: 4417 ns, Total: 281875 ns
[2022-05-06T05:45:41.783+0000][160][safepoint   ] Safepoint "ICBufferFull", Time since last: 354934625 ns, Reaching safepoint: 214125 ns, At safepoint: 32583 ns, Total: 246708 ns
[2022-05-06T05:45:42.147+0000][160][safepoint   ] Safepoint "ICBufferFull", Time since last: 363554917 ns, Reaching safepoint: 158875 ns, At safepoint: 13708 ns, Total: 172583 ns
[2022-05-06T05:45:42.266+0000][160][gc,start    ] GC(23) Pause Young (Normal) (G1 Evacuation Pause)
[2022-05-06T05:45:42.268+0000][160][gc,task     ] GC(23) Using 5 workers of 5 for evacuation
[2022-05-06T05:45:42.269+0000][160][gc,age      ] GC(23) Desired survivor size 18874368 bytes, new threshold 2 (max threshold 15)
[2022-05-06T05:45:42.274+0000][160][gc,age      ] GC(23) Age table with threshold 2 (max threshold 15)
[2022-05-06T05:45:42.275+0000][160][gc,age      ] GC(23) - age   1:   18786080 bytes,   18786080 total
[2022-05-06T05:45:42.276+0000][160][gc,age      ] GC(23) - age   2:    6386016 bytes,   25172096 total
[2022-05-06T05:45:42.277+0000][160][gc,phases   ] GC(23)   Pre Evacuate Collection Set: 0.1ms
[2022-05-06T05:45:42.278+0000][160][gc,phases   ] GC(23)   Merge Heap Roots: 0.2ms
[2022-05-06T05:45:42.278+0000][160][gc,phases   ] GC(23)   Evacuate Collection Set: 3.6ms
[2022-05-06T05:45:42.279+0000][160][gc,phases   ] GC(23)   Post Evacuate Collection Set: 0.7ms
[2022-05-06T05:45:42.280+0000][160][gc,phases   ] GC(23)   Other: 6.4ms
[2022-05-06T05:45:42.280+0000][160][gc,heap     ] GC(23) Eden regions: 59->0(55)
[2022-05-06T05:45:42.281+0000][160][gc,heap     ] GC(23) Survivor regions: 7->7(9)
[2022-05-06T05:45:42.282+0000][160][gc,heap     ] GC(23) Old regions: 22->25
[2022-05-06T05:45:42.283+0000][160][gc,heap     ] GC(23) Archive regions: 2->2
[2022-05-06T05:45:42.283+0000][160][gc,heap     ] GC(23) Humongous regions: 8->8
[2022-05-06T05:45:42.284+0000][160][gc,metaspace] GC(23) Metaspace: 104817K(106432K)->104817K(106432K) NonClass: 90361K(91328K)->90361K(91328K) Class: 14456K(15104K)->14456K(15104K)
[2022-05-06T05:45:42.285+0000][160][gc          ] GC(23) Pause Young (Normal) (G1 Evacuation Pause) 386M->161M(512M) 18.657ms
[2022-05-06T05:45:42.285+0000][160][gc,cpu      ] GC(23) User=0.01s Sys=0.00s Real=0.02s
[2022-05-06T05:45:42.286+0000][160][safepoint   ] Safepoint "G1CollectForAllocation", Time since last: 118985667 ns, Reaching safepoint: 104042 ns, At safepoint: 19954458 ns, Total: 20058500 ns
[2022-05-06T05:45:43.019+0000][160][safepoint   ] Safepoint "ICBufferFull", Time since last: 732592250 ns, Reaching safepoint: 333584 ns, At safepoint: 53833 ns, Total: 387417 ns
[2022-05-06T05:45:43.448+0000][160][gc,start    ] GC(24) Pause Young (Normal) (G1 Evacuation Pause)
[2022-05-06T05:45:43.449+0000][160][gc,task     ] GC(24) Using 5 workers of 5 for evacuation
[2022-05-06T05:45:43.450+0000][160][gc,age      ] GC(24) Desired survivor size 16777216 bytes, new threshold 1 (max threshold 15)
[2022-05-06T05:45:43.454+0000][160][gc,age      ] GC(24) Age table with threshold 1 (max threshold 15)
[2022-05-06T05:45:43.455+0000][160][gc,age      ] GC(24) - age   1:   13596056 bytes,   13596056 total
[2022-05-06T05:45:43.456+0000][160][gc,phases   ] GC(24)   Pre Evacuate Collection Set: 0.1ms
[2022-05-06T05:45:43.457+0000][160][gc,phases   ] GC(24)   Merge Heap Roots: 0.2ms
[2022-05-06T05:45:43.458+0000][160][gc,phases   ] GC(24)   Evacuate Collection Set: 2.4ms
[2022-05-06T05:45:43.459+0000][160][gc,phases   ] GC(24)   Post Evacuate Collection Set: 0.7ms
[2022-05-06T05:45:43.460+0000][160][gc,phases   ] GC(24)   Other: 5.3ms
[2022-05-06T05:45:43.461+0000][160][gc,heap     ] GC(24) Eden regions: 55->0(52)
[2022-05-06T05:45:43.462+0000][160][gc,heap     ] GC(24) Survivor regions: 7->4(8)
[2022-05-06T05:45:43.462+0000][160][gc,heap     ] GC(24) Old regions: 25->31
[2022-05-06T05:45:43.463+0000][160][gc,heap     ] GC(24) Archive regions: 2->2
[2022-05-06T05:45:43.464+0000][160][gc,heap     ] GC(24) Humongous regions: 8->8
[2022-05-06T05:45:43.465+0000][160][gc,metaspace] GC(24) Metaspace: 104845K(106496K)->104845K(106496K) NonClass: 90389K(91392K)->90389K(91392K) Class: 14456K(15104K)->14456K(15104K)
[2022-05-06T05:45:43.465+0000][160][gc          ] GC(24) Pause Young (Normal) (G1 Evacuation Pause) 381M->171M(512M) 17.407ms
[2022-05-06T05:45:43.466+0000][160][gc,cpu      ] GC(24) User=0.02s Sys=0.00s Real=0.01s
[2022-05-06T05:45:43.466+0000][160][safepoint   ] Safepoint "G1CollectForAllocation", Time since last: 428564875 ns, Reaching safepoint: 222625 ns, At safepoint: 18491250 ns, Total: 18713875 ns
[2022-05-06T05:45:44.392+0000][160][gc,start    ] GC(25) Pause Young (Concurrent Start) (G1 Evacuation Pause)
[2022-05-06T05:45:44.393+0000][160][gc,task     ] GC(25) Using 5 workers of 5 for evacuation
[2022-05-06T05:45:44.393+0000][160][gc,age      ] GC(25) Desired survivor size 14680064 bytes, new threshold 15 (max threshold 15)
[2022-05-06T05:45:44.397+0000][160][gc,age      ] GC(25) Age table with threshold 15 (max threshold 15)
[2022-05-06T05:45:44.398+0000][160][gc,age      ] GC(25) - age   1:    9882272 bytes,    9882272 total
[2022-05-06T05:45:44.399+0000][160][gc,age      ] GC(25) - age   2:    9077584 bytes,   18959856 total
[2022-05-06T05:45:44.400+0000][160][gc,phases   ] GC(25)   Pre Evacuate Collection Set: 0.4ms
[2022-05-06T05:45:44.401+0000][160][gc,phases   ] GC(25)   Merge Heap Roots: 0.1ms
[2022-05-06T05:45:44.401+0000][160][gc,phases   ] GC(25)   Evacuate Collection Set: 2.0ms
[2022-05-06T05:45:44.402+0000][160][gc,phases   ] GC(25)   Post Evacuate Collection Set: 0.8ms
[2022-05-06T05:45:44.403+0000][160][gc,phases   ] GC(25)   Other: 5.1ms
[2022-05-06T05:45:44.403+0000][160][gc,heap     ] GC(25) Eden regions: 52->0(51)
[2022-05-06T05:45:44.404+0000][160][gc,heap     ] GC(25) Survivor regions: 4->6(7)
[2022-05-06T05:45:44.404+0000][160][gc,heap     ] GC(25) Old regions: 31->31
[2022-05-06T05:45:44.405+0000][160][gc,heap     ] GC(25) Archive regions: 2->2
[2022-05-06T05:45:44.406+0000][160][gc,heap     ] GC(25) Humongous regions: 8->8
[2022-05-06T05:45:44.406+0000][160][gc,metaspace] GC(25) Metaspace: 104858K(106496K)->104858K(106496K) NonClass: 90401K(91392K)->90401K(91392K) Class: 14456K(15104K)->14456K(15104K)
[2022-05-06T05:45:44.407+0000][160][gc          ] GC(25) Pause Young (Concurrent Start) (G1 Evacuation Pause) 379M->178M(512M) 15.408ms
[2022-05-06T05:45:44.408+0000][160][gc,cpu      ] GC(25) User=0.01s Sys=0.00s Real=0.02s
[2022-05-06T05:45:44.409+0000][160][safepoint   ] Safepoint "G1CollectForAllocation", Time since last: 925371167 ns, Reaching safepoint: 119209 ns, At safepoint: 17093458 ns, Total: 17212667 ns
[2022-05-06T05:45:44.409+0000][160][gc          ] GC(26) Concurrent Mark Cycle
[2022-05-06T05:45:44.411+0000][160][gc,marking  ] GC(26) Concurrent Clear Claimed Marks
[2022-05-06T05:45:44.412+0000][160][gc,marking  ] GC(26) Concurrent Clear Claimed Marks 0.946ms
[2022-05-06T05:45:44.413+0000][160][gc,marking  ] GC(26) Concurrent Scan Root Regions
[2022-05-06T05:45:44.415+0000][160][gc,marking  ] GC(26) Concurrent Scan Root Regions 2.264ms
[2022-05-06T05:45:44.416+0000][160][gc,marking  ] GC(26) Concurrent Mark
[2022-05-06T05:45:44.417+0000][160][gc,marking  ] GC(26) Concurrent Mark From Roots
[2022-05-06T05:45:44.418+0000][160][gc,task     ] GC(26) Using 1 workers of 1 for marking
[2022-05-06T05:45:44.493+0000][160][gc,marking  ] GC(26) Concurrent Mark From Roots 75.575ms
[2022-05-06T05:45:44.494+0000][160][gc,marking  ] GC(26) Concurrent Preclean
[2022-05-06T05:45:44.496+0000][160][gc,marking  ] GC(26) Concurrent Preclean 1.453ms
[2022-05-06T05:45:44.497+0000][160][gc,start    ] GC(26) Pause Remark
[2022-05-06T05:45:44.507+0000][160][gc          ] GC(26) Pause Remark 194M->186M(512M) 9.535ms
[2022-05-06T05:45:44.508+0000][160][gc,cpu      ] GC(26) User=0.03s Sys=0.00s Real=0.01s
[2022-05-06T05:45:44.509+0000][160][safepoint   ] Safepoint "G1Concurrent", Time since last: 87925000 ns, Reaching safepoint: 353958 ns, At safepoint: 11658625 ns, Total: 12012583 ns
[2022-05-06T05:45:44.511+0000][160][gc,marking  ] GC(26) Concurrent Mark 94.466ms
[2022-05-06T05:45:44.512+0000][160][gc,marking  ] GC(26) Concurrent Rebuild Remembered Sets
[2022-05-06T05:45:44.556+0000][160][gc,marking  ] GC(26) Concurrent Rebuild Remembered Sets 44.605ms
[2022-05-06T05:45:44.563+0000][160][gc,start    ] GC(26) Pause Cleanup
[2022-05-06T05:45:44.565+0000][160][gc          ] GC(26) Pause Cleanup 199M->199M(512M) 1.261ms
[2022-05-06T05:45:44.566+0000][160][gc,cpu      ] GC(26) User=0.00s Sys=0.00s Real=0.00s
[2022-05-06T05:45:44.566+0000][160][safepoint   ] Safepoint "G1Concurrent", Time since last: 48279750 ns, Reaching safepoint: 6444584 ns, At safepoint: 2761750 ns, Total: 9206334 ns
[2022-05-06T05:45:44.567+0000][160][gc,marking  ] GC(26) Concurrent Cleanup for Next Mark
[2022-05-06T05:45:44.568+0000][160][gc,marking  ] GC(26) Concurrent Cleanup for Next Mark 1.100ms
[2022-05-06T05:45:44.569+0000][160][gc          ] GC(26) Concurrent Mark Cycle 159.801ms
[2022-05-06T05:45:45.364+0000][160][gc,start    ] GC(27) Pause Young (Normal) (G1 Evacuation Pause)
[2022-05-06T05:45:45.365+0000][160][gc,task     ] GC(27) Using 5 workers of 5 for evacuation
[2022-05-06T05:45:45.366+0000][160][gc,age      ] GC(27) Desired survivor size 16777216 bytes, new threshold 2 (max threshold 15)
[2022-05-06T05:45:45.370+0000][160][gc,age      ] GC(27) Age table with threshold 2 (max threshold 15)
[2022-05-06T05:45:45.371+0000][160][gc,age      ] GC(27) - age   1:   10772664 bytes,   10772664 total
[2022-05-06T05:45:45.372+0000][160][gc,age      ] GC(27) - age   2:    3608536 bytes,   14381200 total
[2022-05-06T05:45:45.372+0000][160][gc,phases   ] GC(27)   Pre Evacuate Collection Set: 0.1ms
[2022-05-06T05:45:45.373+0000][160][gc,phases   ] GC(27)   Merge Heap Roots: 0.1ms
[2022-05-06T05:45:45.373+0000][160][gc,phases   ] GC(27)   Evacuate Collection Set: 1.9ms
[2022-05-06T05:45:45.374+0000][160][gc,phases   ] GC(27)   Post Evacuate Collection Set: 0.9ms
[2022-05-06T05:45:45.375+0000][160][gc,phases   ] GC(27)   Other: 5.1ms
[2022-05-06T05:45:45.375+0000][160][gc,heap     ] GC(27) Eden regions: 51->0(52)
[2022-05-06T05:45:45.376+0000][160][gc,heap     ] GC(27) Survivor regions: 6->4(8)
[2022-05-06T05:45:45.377+0000][160][gc,heap     ] GC(27) Old regions: 30->32
[2022-05-06T05:45:45.378+0000][160][gc,heap     ] GC(27) Archive regions: 2->2
[2022-05-06T05:45:45.379+0000][160][gc,heap     ] GC(27) Humongous regions: 8->8
[2022-05-06T05:45:45.379+0000][160][gc,metaspace] GC(27) Metaspace: 104861K(106496K)->104861K(106496K) NonClass: 90406K(91392K)->90406K(91392K) Class: 14455K(15104K)->14455K(15104K)
[2022-05-06T05:45:45.380+0000][160][gc          ] GC(27) Pause Young (Normal) (G1 Evacuation Pause) 378M->175M(512M) 15.942ms
[2022-05-06T05:45:45.381+0000][160][gc,cpu      ] GC(27) User=0.01s Sys=0.00s Real=0.02s
[2022-05-06T05:45:45.381+0000][160][safepoint   ] Safepoint "G1CollectForAllocation", Time since last: 797850917 ns, Reaching safepoint: 69416 ns, At safepoint: 17295209 ns, Total: 17364625 ns
[2022-05-06T05:45:46.383+0000][160][safepoint   ] Safepoint "Cleanup", Time since last: 1001162042 ns, Reaching safepoint: 310083 ns, At safepoint: 162042 ns, Total: 472125 ns
[2022-05-06T05:45:47.385+0000][160][safepoint   ] Safepoint "Cleanup", Time since last: 1001501959 ns, Reaching safepoint: 114000 ns, At safepoint: 4958 ns, Total: 118958 ns
[2022-05-06T05:45:48.390+0000][160][safepoint   ] Safepoint "Cleanup", Time since last: 1002346001 ns, Reaching safepoint: 3025625 ns, At safepoint: 31375 ns, Total: 3057000 ns
[2022-05-06T05:45:49.782+0000][160][gc,start    ] GC(28) Pause Young (Concurrent Start) (G1 Evacuation Pause)
[2022-05-06T05:45:49.783+0000][160][gc,task     ] GC(28) Using 5 workers of 5 for evacuation
[2022-05-06T05:45:49.784+0000][160][gc,age      ] GC(28) Desired survivor size 14680064 bytes, new threshold 15 (max threshold 15)
[2022-05-06T05:45:49.787+0000][160][gc,age      ] GC(28) Age table with threshold 15 (max threshold 15)
[2022-05-06T05:45:49.789+0000][160][gc,age      ] GC(28) - age   1:   10608304 bytes,   10608304 total
[2022-05-06T05:45:49.790+0000][160][gc,age      ] GC(28) - age   2:    3846072 bytes,   14454376 total
[2022-05-06T05:45:49.791+0000][160][gc,age      ] GC(28) - age   3:    3608064 bytes,   18062440 total
[2022-05-06T05:45:49.792+0000][160][gc,phases   ] GC(28)   Pre Evacuate Collection Set: 0.3ms
[2022-05-06T05:45:49.792+0000][160][gc,phases   ] GC(28)   Merge Heap Roots: 0.1ms
[2022-05-06T05:45:49.793+0000][160][gc,phases   ] GC(28)   Evacuate Collection Set: 1.4ms
[2022-05-06T05:45:49.793+0000][160][gc,phases   ] GC(28)   Post Evacuate Collection Set: 0.8ms
[2022-05-06T05:45:49.794+0000][160][gc,phases   ] GC(28)   Other: 6.7ms
[2022-05-06T05:45:49.795+0000][160][gc,heap     ] GC(28) Eden regions: 52->0(51)
[2022-05-06T05:45:49.796+0000][160][gc,heap     ] GC(28) Survivor regions: 4->5(7)
[2022-05-06T05:45:49.796+0000][160][gc,heap     ] GC(28) Old regions: 32->32
[2022-05-06T05:45:49.797+0000][160][gc,heap     ] GC(28) Archive regions: 2->2
[2022-05-06T05:45:49.798+0000][160][gc,heap     ] GC(28) Humongous regions: 8->8
[2022-05-06T05:45:49.798+0000][160][gc,metaspace] GC(28) Metaspace: 104897K(106496K)->104897K(106496K) NonClass: 90441K(91392K)->90441K(91392K) Class: 14455K(15104K)->14455K(15104K)
[2022-05-06T05:45:49.799+0000][160][gc          ] GC(28) Pause Young (Concurrent Start) (G1 Evacuation Pause) 383M->179M(512M) 16.701ms
[2022-05-06T05:45:49.800+0000][160][gc,cpu      ] GC(28) User=0.01s Sys=0.01s Real=0.02s
[2022-05-06T05:45:49.800+0000][160][safepoint   ] Safepoint "G1CollectForAllocation", Time since last: 1391994334 ns, Reaching safepoint: 189500 ns, At safepoint: 18139541 ns, Total: 18329041 ns
[2022-05-06T05:45:49.801+0000][160][gc          ] GC(29) Concurrent Mark Cycle
[2022-05-06T05:45:49.802+0000][160][gc,marking  ] GC(29) Concurrent Clear Claimed Marks
[2022-05-06T05:45:49.802+0000][160][gc,marking  ] GC(29) Concurrent Clear Claimed Marks 0.783ms
[2022-05-06T05:45:49.803+0000][160][gc,marking  ] GC(29) Concurrent Scan Root Regions
[2022-05-06T05:45:49.805+0000][160][gc,marking  ] GC(29) Concurrent Scan Root Regions 2.120ms
[2022-05-06T05:45:49.806+0000][160][gc,marking  ] GC(29) Concurrent Mark
[2022-05-06T05:45:49.807+0000][160][gc,marking  ] GC(29) Concurrent Mark From Roots
[2022-05-06T05:45:49.808+0000][160][gc,task     ] GC(29) Using 1 workers of 1 for marking
[2022-05-06T05:45:49.878+0000][160][gc,marking  ] GC(29) Concurrent Mark From Roots 70.632ms
[2022-05-06T05:45:49.879+0000][160][gc,marking  ] GC(29) Concurrent Preclean
[2022-05-06T05:45:49.880+0000][160][gc,marking  ] GC(29) Concurrent Preclean 0.947ms
[2022-05-06T05:45:49.881+0000][160][gc,start    ] GC(29) Pause Remark
[2022-05-06T05:45:49.885+0000][160][gc          ] GC(29) Pause Remark 190M->182M(512M) 4.209ms
[2022-05-06T05:45:49.886+0000][160][gc,cpu      ] GC(29) User=0.01s Sys=0.00s Real=0.00s
[2022-05-06T05:45:49.887+0000][160][safepoint   ] Safepoint "G1Concurrent", Time since last: 80360292 ns, Reaching safepoint: 128500 ns, At safepoint: 5737750 ns, Total: 5866250 ns
[2022-05-06T05:45:49.887+0000][160][gc,marking  ] GC(29) Concurrent Mark 80.987ms
[2022-05-06T05:45:49.888+0000][160][gc,marking  ] GC(29) Concurrent Rebuild Remembered Sets
[2022-05-06T05:45:49.932+0000][160][gc,marking  ] GC(29) Concurrent Rebuild Remembered Sets 43.905ms
[2022-05-06T05:45:49.933+0000][160][gc,start    ] GC(29) Pause Cleanup
[2022-05-06T05:45:49.935+0000][160][gc          ] GC(29) Pause Cleanup 188M->188M(512M) 1.454ms
[2022-05-06T05:45:49.936+0000][160][gc,cpu      ] GC(29) User=0.00s Sys=0.00s Real=0.00s
[2022-05-06T05:45:49.937+0000][160][safepoint   ] Safepoint "G1Concurrent", Time since last: 46787958 ns, Reaching safepoint: 67209 ns, At safepoint: 3202166 ns, Total: 3269375 ns
[2022-05-06T05:45:49.938+0000][160][gc,marking  ] GC(29) Concurrent Cleanup for Next Mark
[2022-05-06T05:45:49.938+0000][160][gc,marking  ] GC(29) Concurrent Cleanup for Next Mark 0.856ms
[2022-05-06T05:45:49.940+0000][160][gc          ] GC(29) Concurrent Mark Cycle 138.914ms
[2022-05-06T05:45:50.938+0000][160][safepoint   ] Safepoint "Cleanup", Time since last: 1001104834 ns, Reaching safepoint: 88708 ns, At safepoint: 5625 ns, Total: 94333 ns
[2022-05-06T05:45:51.939+0000][160][safepoint   ] Safepoint "Cleanup", Time since last: 1000777834 ns, Reaching safepoint: 203375 ns, At safepoint: 4667 ns, Total: 208042 ns
[2022-05-06T05:45:52.942+0000][160][safepoint   ] Safepoint "Cleanup", Time since last: 1002591875 ns, Reaching safepoint: 213084 ns, At safepoint: 6083 ns, Total: 219167 ns
[2022-05-06T05:45:54.952+0000][160][safepoint   ] Safepoint "Cleanup", Time since last: 2009382043 ns, Reaching safepoint: 881208 ns, At safepoint: 13458 ns, Total: 894666 ns
[2022-05-06T05:45:55.960+0000][160][safepoint   ] Safepoint "Cleanup", Time since last: 1007122292 ns, Reaching safepoint: 885709 ns, At safepoint: 11916 ns, Total: 897625 ns
[2022-05-06T05:45:56.969+0000][160][safepoint   ] Safepoint "Cleanup", Time since last: 1008224001 ns, Reaching safepoint: 456292 ns, At safepoint: 11875 ns, Total: 468167 ns
[2022-05-06T05:45:58.984+0000][160][safepoint   ] Safepoint "Cleanup", Time since last: 2014535834 ns, Reaching safepoint: 422125 ns, At safepoint: 5333 ns, Total: 427458 ns
