[2022-04-29T04:18:34.928+0000][82][gc] Using G1
[2022-04-29T04:18:34.973+0000][82][gc,init] Version: 17.0.2+8 (release)
[2022-04-29T04:18:34.974+0000][82][gc,init] CPUs: 5 total, 5 available
[2022-04-29T04:18:34.975+0000][82][gc,init] Memory: 7851M
[2022-04-29T04:18:34.976+0000][82][gc,init] Large Page Support: Disabled
[2022-04-29T04:18:34.977+0000][82][gc,init] NUMA Support: Disabled
[2022-04-29T04:18:34.978+0000][82][gc,init] Compressed Oops: Enabled (32-bit)
[2022-04-29T04:18:34.979+0000][82][gc,init] Heap Region Size: 4M
[2022-04-29T04:18:34.980+0000][82][gc,init] Heap Min Capacity: 512M
[2022-04-29T04:18:34.981+0000][82][gc,init] Heap Initial Capacity: 512M
[2022-04-29T04:18:34.982+0000][82][gc,init] Heap Max Capacity: 512M
[2022-04-29T04:18:34.982+0000][82][gc,init] Pre-touch: Enabled
[2022-04-29T04:18:34.983+0000][82][gc,init] Parallel Workers: 5
[2022-04-29T04:18:34.984+0000][82][gc,init] Concurrent Workers: 1
[2022-04-29T04:18:34.985+0000][82][gc,init] Concurrent Refinement Workers: 5
[2022-04-29T04:18:34.986+0000][82][gc,init] Periodic GC: Disabled
[2022-04-29T04:18:34.987+0000][82][gc,metaspace] CDS archive(s) mapped at: [0x0000000800000000-0x0000000800bd2000-0x0000000800bd2000), size 12394496, SharedBaseAddress: 0x0000000800000000, ArchiveRelocationMode: 0.
[2022-04-29T04:18:34.987+0000][82][gc,metaspace] Compressed class space mapped at: 0x0000000800c00000-0x0000000840c00000, reserved size: 1073741824
[2022-04-29T04:18:34.988+0000][82][gc,metaspace] Narrow klass base: 0x0000000800000000, Narrow klass shift: 0, Narrow klass range: 0x100000000
[2022-04-29T04:18:35.116+0000][82][safepoint   ] Safepoint "ICBufferFull", Time since last: 123572250 ns, Reaching safepoint: 136625 ns, At safepoint: 1583 ns, Total: 138208 ns
[2022-04-29T04:18:35.211+0000][82][safepoint   ] Safepoint "ICBufferFull", Time since last: 94917084 ns, Reaching safepoint: 91333 ns, At safepoint: 3000 ns, Total: 94333 ns
[2022-04-29T04:18:35.394+0000][82][safepoint   ] Safepoint "ICBufferFull", Time since last: 183553208 ns, Reaching safepoint: 175542 ns, At safepoint: 3167 ns, Total: 178709 ns
[2022-04-29T04:18:35.422+0000][82][gc,start    ] GC(0) Pause Young (Normal) (G1 Evacuation Pause)
[2022-04-29T04:18:35.424+0000][82][gc,task     ] GC(0) Using 5 workers of 5 for evacuation
[2022-04-29T04:18:35.425+0000][82][gc,age      ] GC(0) Desired survivor size 2097152 bytes, new threshold 15 (max threshold 15)
[2022-04-29T04:18:35.429+0000][82][gc,age      ] GC(0) Age table with threshold 15 (max threshold 15)
[2022-04-29T04:18:35.430+0000][82][gc,age      ] GC(0) - age   1:    4156352 bytes,    4156352 total
[2022-04-29T04:18:35.431+0000][82][gc,phases   ] GC(0)   Pre Evacuate Collection Set: 0.1ms
[2022-04-29T04:18:35.431+0000][82][gc,phases   ] GC(0)   Merge Heap Roots: 0.1ms
[2022-04-29T04:18:35.432+0000][82][gc,phases   ] GC(0)   Evacuate Collection Set: 2.0ms
[2022-04-29T04:18:35.433+0000][82][gc,phases   ] GC(0)   Post Evacuate Collection Set: 0.7ms
[2022-04-29T04:18:35.434+0000][82][gc,phases   ] GC(0)   Other: 5.3ms
[2022-04-29T04:18:35.435+0000][82][gc,heap     ] GC(0) Eden regions: 6->0(5)
[2022-04-29T04:18:35.435+0000][82][gc,heap     ] GC(0) Survivor regions: 0->1(1)
[2022-04-29T04:18:35.438+0000][82][gc,heap     ] GC(0) Old regions: 0->1
[2022-04-29T04:18:35.440+0000][82][gc,heap     ] GC(0) Archive regions: 2->2
[2022-04-29T04:18:35.440+0000][82][gc,heap     ] GC(0) Humongous regions: 0->0
[2022-04-29T04:18:35.441+0000][82][gc,metaspace] GC(0) Metaspace: 8846K(9024K)->8846K(9024K) NonClass: 7794K(7872K)->7794K(7872K) Class: 1052K(1152K)->1052K(1152K)
[2022-04-29T04:18:35.442+0000][82][gc          ] GC(0) Pause Young (Normal) (G1 Evacuation Pause) 27M->8M(512M) 19.379ms
[2022-04-29T04:18:35.443+0000][82][gc,cpu      ] GC(0) User=0.01s Sys=0.00s Real=0.02s
[2022-04-29T04:18:35.443+0000][82][safepoint   ] Safepoint "G1CollectForAllocation", Time since last: 27945416 ns, Reaching safepoint: 101459 ns, At safepoint: 20780083 ns, Total: 20881542 ns
[2022-04-29T04:18:35.585+0000][82][safepoint   ] Safepoint "ICBufferFull", Time since last: 141367625 ns, Reaching safepoint: 138042 ns, At safepoint: 14333 ns, Total: 152375 ns
[2022-04-29T04:18:35.722+0000][82][gc,start    ] GC(1) Pause Young (Normal) (G1 Evacuation Pause)
[2022-04-29T04:18:35.723+0000][82][gc,task     ] GC(1) Using 5 workers of 5 for evacuation
[2022-04-29T04:18:35.724+0000][82][gc,age      ] GC(1) Desired survivor size 2097152 bytes, new threshold 1 (max threshold 15)
[2022-04-29T04:18:35.729+0000][82][gc,age      ] GC(1) Age table with threshold 1 (max threshold 15)
[2022-04-29T04:18:35.730+0000][82][gc,age      ] GC(1) - age   1:    1984056 bytes,    1984056 total
[2022-04-29T04:18:35.732+0000][82][gc,phases   ] GC(1)   Pre Evacuate Collection Set: 0.1ms
[2022-04-29T04:18:35.733+0000][82][gc,phases   ] GC(1)   Merge Heap Roots: 0.0ms
[2022-04-29T04:18:35.734+0000][82][gc,phases   ] GC(1)   Evacuate Collection Set: 2.3ms
[2022-04-29T04:18:35.735+0000][82][gc,phases   ] GC(1)   Post Evacuate Collection Set: 0.9ms
[2022-04-29T04:18:35.736+0000][82][gc,phases   ] GC(1)   Other: 6.7ms
[2022-04-29T04:18:35.737+0000][82][gc,heap     ] GC(1) Eden regions: 5->0(7)
[2022-04-29T04:18:35.738+0000][82][gc,heap     ] GC(1) Survivor regions: 1->1(1)
[2022-04-29T04:18:35.739+0000][82][gc,heap     ] GC(1) Old regions: 1->2
[2022-04-29T04:18:35.739+0000][82][gc,heap     ] GC(1) Archive regions: 2->2
[2022-04-29T04:18:35.740+0000][82][gc,heap     ] GC(1) Humongous regions: 0->0
[2022-04-29T04:18:35.741+0000][82][gc,metaspace] GC(1) Metaspace: 12327K(12544K)->12327K(12544K) NonClass: 10822K(10944K)->10822K(10944K) Class: 1505K(1600K)->1505K(1600K)
[2022-04-29T04:18:35.742+0000][82][gc          ] GC(1) Pause Young (Normal) (G1 Evacuation Pause) 28M->10M(512M) 19.968ms
[2022-04-29T04:18:35.743+0000][82][gc,cpu      ] GC(1) User=0.02s Sys=0.00s Real=0.02s
[2022-04-29T04:18:35.743+0000][82][safepoint   ] Safepoint "G1CollectForAllocation", Time since last: 137160334 ns, Reaching safepoint: 65166 ns, At safepoint: 21447167 ns, Total: 21512333 ns
[2022-04-29T04:18:35.877+0000][82][safepoint   ] Safepoint "ICBufferFull", Time since last: 133216208 ns, Reaching safepoint: 128875 ns, At safepoint: 5792 ns, Total: 134667 ns
[2022-04-29T04:18:35.915+0000][82][gc,start    ] GC(2) Pause Young (Normal) (G1 Evacuation Pause)
[2022-04-29T04:18:35.917+0000][82][gc,task     ] GC(2) Using 5 workers of 5 for evacuation
[2022-04-29T04:18:35.918+0000][82][gc,age      ] GC(2) Desired survivor size 2097152 bytes, new threshold 15 (max threshold 15)
[2022-04-29T04:18:35.922+0000][82][gc,age      ] GC(2) Age table with threshold 15 (max threshold 15)
[2022-04-29T04:18:35.923+0000][82][gc,age      ] GC(2) - age   1:     995688 bytes,     995688 total
[2022-04-29T04:18:35.924+0000][82][gc,age      ] GC(2) - age   2:    1946464 bytes,    2942152 total
[2022-04-29T04:18:35.925+0000][82][gc,phases   ] GC(2)   Pre Evacuate Collection Set: 0.0ms
[2022-04-29T04:18:35.925+0000][82][gc,phases   ] GC(2)   Merge Heap Roots: 0.0ms
[2022-04-29T04:18:35.927+0000][82][gc,phases   ] GC(2)   Evacuate Collection Set: 2.6ms
[2022-04-29T04:18:35.927+0000][82][gc,phases   ] GC(2)   Post Evacuate Collection Set: 0.5ms
[2022-04-29T04:18:35.928+0000][82][gc,phases   ] GC(2)   Other: 6.3ms
[2022-04-29T04:18:35.928+0000][82][gc,heap     ] GC(2) Eden regions: 7->0(31)
[2022-04-29T04:18:35.929+0000][82][gc,heap     ] GC(2) Survivor regions: 1->1(1)
[2022-04-29T04:18:35.930+0000][82][gc,heap     ] GC(2) Old regions: 2->2
[2022-04-29T04:18:35.930+0000][82][gc,heap     ] GC(2) Archive regions: 2->2
[2022-04-29T04:18:35.931+0000][82][gc,heap     ] GC(2) Humongous regions: 0->0
[2022-04-29T04:18:35.932+0000][82][gc,metaspace] GC(2) Metaspace: 14722K(14976K)->14722K(14976K) NonClass: 12979K(13120K)->12979K(13120K) Class: 1743K(1856K)->1743K(1856K)
[2022-04-29T04:18:35.932+0000][82][gc          ] GC(2) Pause Young (Normal) (G1 Evacuation Pause) 38M->11M(512M) 16.985ms
[2022-04-29T04:18:35.933+0000][82][gc,cpu      ] GC(2) User=0.02s Sys=0.00s Real=0.02s
[2022-04-29T04:18:35.933+0000][82][safepoint   ] Safepoint "G1CollectForAllocation", Time since last: 38349375 ns, Reaching safepoint: 70667 ns, At safepoint: 18247708 ns, Total: 18318375 ns
[2022-04-29T04:18:36.110+0000][82][safepoint   ] Safepoint "ICBufferFull", Time since last: 175950292 ns, Reaching safepoint: 149416 ns, At safepoint: 19042 ns, Total: 168458 ns
[2022-04-29T04:18:36.140+0000][82][safepoint   ] Safepoint "ICBufferFull", Time since last: 30250625 ns, Reaching safepoint: 381375 ns, At safepoint: 26167 ns, Total: 407542 ns
[2022-04-29T04:18:36.147+0000][82][safepoint   ] Safepoint "ICBufferFull", Time since last: 6396791 ns, Reaching safepoint: 27125 ns, At safepoint: 1500 ns, Total: 28625 ns
[2022-04-29T04:18:36.148+0000][82][safepoint   ] Safepoint "ICBufferFull", Time since last: 1264250 ns, Reaching safepoint: 57917 ns, At safepoint: 3542 ns, Total: 61459 ns
[2022-04-29T04:18:36.149+0000][82][safepoint   ] Safepoint "ICBufferFull", Time since last: 1096041 ns, Reaching safepoint: 59417 ns, At safepoint: 2500 ns, Total: 61917 ns
[2022-04-29T04:18:36.151+0000][82][safepoint   ] Safepoint "ICBufferFull", Time since last: 1581083 ns, Reaching safepoint: 24250 ns, At safepoint: 1000 ns, Total: 25250 ns
[2022-04-29T04:18:36.152+0000][82][safepoint   ] Safepoint "ICBufferFull", Time since last: 1160417 ns, Reaching safepoint: 110417 ns, At safepoint: 3000 ns, Total: 113417 ns
[2022-04-29T04:18:36.153+0000][82][safepoint   ] Safepoint "ICBufferFull", Time since last: 1142166 ns, Reaching safepoint: 212375 ns, At safepoint: 2084 ns, Total: 214459 ns
[2022-04-29T04:18:36.155+0000][82][safepoint   ] Safepoint "ICBufferFull", Time since last: 1155625 ns, Reaching safepoint: 117375 ns, At safepoint: 2750 ns, Total: 120125 ns
[2022-04-29T04:18:36.156+0000][82][safepoint   ] Safepoint "ICBufferFull", Time since last: 874208 ns, Reaching safepoint: 59375 ns, At safepoint: 3417 ns, Total: 62792 ns
[2022-04-29T04:18:36.156+0000][82][safepoint   ] Safepoint "ICBufferFull", Time since last: 911541 ns, Reaching safepoint: 31167 ns, At safepoint: 1083 ns, Total: 32250 ns
[2022-04-29T04:18:36.158+0000][82][safepoint   ] Safepoint "ICBufferFull", Time since last: 969625 ns, Reaching safepoint: 89667 ns, At safepoint: 2167 ns, Total: 91834 ns
[2022-04-29T04:18:36.204+0000][82][gc,start    ] GC(3) Pause Young (Normal) (G1 Evacuation Pause)
[2022-04-29T04:18:36.205+0000][82][gc,task     ] GC(3) Using 5 workers of 5 for evacuation
[2022-04-29T04:18:36.206+0000][82][gc,age      ] GC(3) Desired survivor size 8388608 bytes, new threshold 15 (max threshold 15)
[2022-04-29T04:18:36.210+0000][82][gc,age      ] GC(3) Age table with threshold 15 (max threshold 15)
[2022-04-29T04:18:36.211+0000][82][gc,age      ] GC(3) - age   1:    3136296 bytes,    3136296 total
[2022-04-29T04:18:36.212+0000][82][gc,age      ] GC(3) - age   2:     926112 bytes,    4062408 total
[2022-04-29T04:18:36.213+0000][82][gc,age      ] GC(3) - age   3:    1944864 bytes,    6007272 total
[2022-04-29T04:18:36.214+0000][82][gc,phases   ] GC(3)   Pre Evacuate Collection Set: 0.5ms
[2022-04-29T04:18:36.215+0000][82][gc,phases   ] GC(3)   Merge Heap Roots: 0.0ms
[2022-04-29T04:18:36.216+0000][82][gc,phases   ] GC(3)   Evacuate Collection Set: 2.2ms
[2022-04-29T04:18:36.216+0000][82][gc,phases   ] GC(3)   Post Evacuate Collection Set: 0.6ms
[2022-04-29T04:18:36.217+0000][82][gc,phases   ] GC(3)   Other: 6.9ms
[2022-04-29T04:18:36.218+0000][82][gc,heap     ] GC(3) Eden regions: 31->0(74)
[2022-04-29T04:18:36.218+0000][82][gc,heap     ] GC(3) Survivor regions: 1->2(4)
[2022-04-29T04:18:36.219+0000][82][gc,heap     ] GC(3) Old regions: 2->2
[2022-04-29T04:18:36.219+0000][82][gc,heap     ] GC(3) Archive regions: 2->2
[2022-04-29T04:18:36.220+0000][82][gc,heap     ] GC(3) Humongous regions: 0->0
[2022-04-29T04:18:36.221+0000][82][gc,metaspace] GC(3) Metaspace: 17284K(17536K)->17284K(17536K) NonClass: 15249K(15360K)->15249K(15360K) Class: 2035K(2176K)->2035K(2176K)
[2022-04-29T04:18:36.221+0000][82][gc          ] GC(3) Pause Young (Normal) (G1 Evacuation Pause) 135M->14M(512M) 17.658ms
[2022-04-29T04:18:36.222+0000][82][gc,cpu      ] GC(3) User=0.01s Sys=0.00s Real=0.02s
[2022-04-29T04:18:36.223+0000][82][safepoint   ] Safepoint "G1CollectForAllocation", Time since last: 45943458 ns, Reaching safepoint: 129417 ns, At safepoint: 18969916 ns, Total: 19099333 ns
[2022-04-29T04:18:36.467+0000][82][safepoint   ] Safepoint "ICBufferFull", Time since last: 243882876 ns, Reaching safepoint: 273583 ns, At safepoint: 18292 ns, Total: 291875 ns
[2022-04-29T04:18:36.520+0000][82][gc,start    ] GC(4) Pause Young (Normal) (G1 Evacuation Pause)
[2022-04-29T04:18:36.521+0000][82][gc,task     ] GC(4) Using 5 workers of 5 for evacuation
[2022-04-29T04:18:36.522+0000][82][gc,age      ] GC(4) Desired survivor size 20971520 bytes, new threshold 15 (max threshold 15)
[2022-04-29T04:18:36.528+0000][82][gc,age      ] GC(4) Age table with threshold 15 (max threshold 15)
[2022-04-29T04:18:36.529+0000][82][gc,age      ] GC(4) - age   1:    6231400 bytes,    6231400 total
[2022-04-29T04:18:36.530+0000][82][gc,age      ] GC(4) - age   2:    2211408 bytes,    8442808 total
[2022-04-29T04:18:36.531+0000][82][gc,age      ] GC(4) - age   3:     925816 bytes,    9368624 total
[2022-04-29T04:18:36.531+0000][82][gc,age      ] GC(4) - age   4:    1943952 bytes,   11312576 total
[2022-04-29T04:18:36.532+0000][82][gc,phases   ] GC(4)   Pre Evacuate Collection Set: 0.3ms
[2022-04-29T04:18:36.532+0000][82][gc,phases   ] GC(4)   Merge Heap Roots: 0.1ms
[2022-04-29T04:18:36.533+0000][82][gc,phases   ] GC(4)   Evacuate Collection Set: 3.2ms
[2022-04-29T04:18:36.534+0000][82][gc,phases   ] GC(4)   Post Evacuate Collection Set: 0.7ms
[2022-04-29T04:18:36.535+0000][82][gc,phases   ] GC(4)   Other: 7.2ms
[2022-04-29T04:18:36.535+0000][82][gc,heap     ] GC(4) Eden regions: 74->0(73)
[2022-04-29T04:18:36.536+0000][82][gc,heap     ] GC(4) Survivor regions: 2->3(10)
[2022-04-29T04:18:36.536+0000][82][gc,heap     ] GC(4) Old regions: 2->2
[2022-04-29T04:18:36.537+0000][82][gc,heap     ] GC(4) Archive regions: 2->2
[2022-04-29T04:18:36.538+0000][82][gc,heap     ] GC(4) Humongous regions: 0->0
[2022-04-29T04:18:36.539+0000][82][gc,metaspace] GC(4) Metaspace: 18750K(19136K)->18750K(19136K) NonClass: 16473K(16704K)->16473K(16704K) Class: 2276K(2432K)->2276K(2432K)
[2022-04-29T04:18:36.539+0000][82][gc          ] GC(4) Pause Young (Normal) (G1 Evacuation Pause) 310M->19M(512M) 19.000ms
[2022-04-29T04:18:36.540+0000][82][gc,cpu      ] GC(4) User=0.01s Sys=0.01s Real=0.02s
[2022-04-29T04:18:36.541+0000][82][safepoint   ] Safepoint "G1CollectForAllocation", Time since last: 53365875 ns, Reaching safepoint: 138458 ns, At safepoint: 20336667 ns, Total: 20475125 ns
[2022-04-29T04:18:36.763+0000][82][gc,start    ] GC(5) Pause Young (Normal) (G1 Evacuation Pause)
[2022-04-29T04:18:36.764+0000][82][gc,task     ] GC(5) Using 5 workers of 5 for evacuation
[2022-04-29T04:18:36.765+0000][82][gc,age      ] GC(5) Desired survivor size 20971520 bytes, new threshold 15 (max threshold 15)
[2022-04-29T04:18:36.770+0000][82][gc,age      ] GC(5) Age table with threshold 15 (max threshold 15)
[2022-04-29T04:18:36.772+0000][82][gc,age      ] GC(5) - age   1:    1114488 bytes,    1114488 total
[2022-04-29T04:18:36.772+0000][82][gc,age      ] GC(5) - age   2:    5702456 bytes,    6816944 total
[2022-04-29T04:18:36.773+0000][82][gc,age      ] GC(5) - age   3:    2210944 bytes,    9027888 total
[2022-04-29T04:18:36.774+0000][82][gc,age      ] GC(5) - age   4:     925544 bytes,    9953432 total
[2022-04-29T04:18:36.775+0000][82][gc,age      ] GC(5) - age   5:    1943888 bytes,   11897320 total
[2022-04-29T04:18:36.775+0000][82][gc,phases   ] GC(5)   Pre Evacuate Collection Set: 0.1ms
[2022-04-29T04:18:36.776+0000][82][gc,phases   ] GC(5)   Merge Heap Roots: 0.1ms
[2022-04-29T04:18:36.776+0000][82][gc,phases   ] GC(5)   Evacuate Collection Set: 3.5ms
[2022-04-29T04:18:36.777+0000][82][gc,phases   ] GC(5)   Post Evacuate Collection Set: 1.1ms
[2022-04-29T04:18:36.778+0000][82][gc,phases   ] GC(5)   Other: 7.4ms
[2022-04-29T04:18:36.779+0000][82][gc,heap     ] GC(5) Eden regions: 73->0(73)
[2022-04-29T04:18:36.779+0000][82][gc,heap     ] GC(5) Survivor regions: 3->3(10)
[2022-04-29T04:18:36.780+0000][82][gc,heap     ] GC(5) Old regions: 2->2
[2022-04-29T04:18:36.781+0000][82][gc,heap     ] GC(5) Archive regions: 2->2
[2022-04-29T04:18:36.782+0000][82][gc,heap     ] GC(5) Humongous regions: 0->0
[2022-04-29T04:18:36.782+0000][82][gc,metaspace] GC(5) Metaspace: 19642K(20160K)->19642K(20160K) NonClass: 17232K(17536K)->17232K(17536K) Class: 2410K(2624K)->2410K(2624K)
[2022-04-29T04:18:36.783+0000][82][gc          ] GC(5) Pause Young (Normal) (G1 Evacuation Pause) 311M->19M(512M) 20.014ms
[2022-04-29T04:18:36.784+0000][82][gc,cpu      ] GC(5) User=0.02s Sys=0.00s Real=0.02s
[2022-04-29T04:18:36.784+0000][82][safepoint   ] Safepoint "G1CollectForAllocation", Time since last: 222188166 ns, Reaching safepoint: 135792 ns, At safepoint: 21398750 ns, Total: 21534542 ns
[2022-04-29T04:18:37.011+0000][82][gc,start    ] GC(6) Pause Young (Normal) (G1 Evacuation Pause)
[2022-04-29T04:18:37.013+0000][82][gc,task     ] GC(6) Using 5 workers of 5 for evacuation
[2022-04-29T04:18:37.014+0000][82][gc,age      ] GC(6) Desired survivor size 20971520 bytes, new threshold 15 (max threshold 15)
[2022-04-29T04:18:37.019+0000][82][gc,age      ] GC(6) Age table with threshold 15 (max threshold 15)
[2022-04-29T04:18:37.020+0000][82][gc,age      ] GC(6) - age   1:    2441344 bytes,    2441344 total
[2022-04-29T04:18:37.021+0000][82][gc,age      ] GC(6) - age   2:     700112 bytes,    3141456 total
[2022-04-29T04:18:37.022+0000][82][gc,age      ] GC(6) - age   3:    5697424 bytes,    8838880 total
[2022-04-29T04:18:37.023+0000][82][gc,age      ] GC(6) - age   4:    2209456 bytes,   11048336 total
[2022-04-29T04:18:37.023+0000][82][gc,age      ] GC(6) - age   5:     924864 bytes,   11973200 total
[2022-04-29T04:18:37.024+0000][82][gc,age      ] GC(6) - age   6:    1943584 bytes,   13916784 total
[2022-04-29T04:18:37.025+0000][82][gc,phases   ] GC(6)   Pre Evacuate Collection Set: 0.1ms
[2022-04-29T04:18:37.026+0000][82][gc,phases   ] GC(6)   Merge Heap Roots: 0.2ms
[2022-04-29T04:18:37.027+0000][82][gc,phases   ] GC(6)   Evacuate Collection Set: 2.8ms
[2022-04-29T04:18:37.027+0000][82][gc,phases   ] GC(6)   Post Evacuate Collection Set: 0.8ms
[2022-04-29T04:18:37.028+0000][82][gc,phases   ] GC(6)   Other: 9.9ms
[2022-04-29T04:18:37.029+0000][82][gc,heap     ] GC(6) Eden regions: 73->0(72)
[2022-04-29T04:18:37.029+0000][82][gc,heap     ] GC(6) Survivor regions: 3->4(10)
[2022-04-29T04:18:37.030+0000][82][gc,heap     ] GC(6) Old regions: 2->2
[2022-04-29T04:18:37.031+0000][82][gc,heap     ] GC(6) Archive regions: 2->2
[2022-04-29T04:18:37.031+0000][82][gc,heap     ] GC(6) Humongous regions: 0->0
[2022-04-29T04:18:37.032+0000][82][gc,metaspace] GC(6) Metaspace: 20828K(21312K)->20828K(21312K) NonClass: 18257K(18560K)->18257K(18560K) Class: 2570K(2752K)->2570K(2752K)
[2022-04-29T04:18:37.033+0000][82][gc          ] GC(6) Pause Young (Normal) (G1 Evacuation Pause) 311M->22M(512M) 21.286ms
[2022-04-29T04:18:37.033+0000][82][gc,cpu      ] GC(6) User=0.01s Sys=0.01s Real=0.03s
[2022-04-29T04:18:37.034+0000][82][safepoint   ] Safepoint "G1CollectForAllocation", Time since last: 226656917 ns, Reaching safepoint: 259458 ns, At safepoint: 22729333 ns, Total: 22988791 ns
[2022-04-29T04:18:37.192+0000][82][gc,start    ] GC(7) Pause Young (Concurrent Start) (Metadata GC Threshold)
[2022-04-29T04:18:37.194+0000][82][gc,task     ] GC(7) Using 5 workers of 5 for evacuation
[2022-04-29T04:18:37.195+0000][82][gc,age      ] GC(7) Desired survivor size 20971520 bytes, new threshold 15 (max threshold 15)
[2022-04-29T04:18:37.199+0000][82][gc,age      ] GC(7) Age table with threshold 15 (max threshold 15)
[2022-04-29T04:18:37.200+0000][82][gc,age      ] GC(7) - age   1:     772968 bytes,     772968 total
[2022-04-29T04:18:37.201+0000][82][gc,age      ] GC(7) - age   2:    2177184 bytes,    2950152 total
[2022-04-29T04:18:37.202+0000][82][gc,age      ] GC(7) - age   3:     699624 bytes,    3649776 total
[2022-04-29T04:18:37.203+0000][82][gc,age      ] GC(7) - age   4:    5697152 bytes,    9346928 total
[2022-04-29T04:18:37.204+0000][82][gc,age      ] GC(7) - age   5:    2209376 bytes,   11556304 total
[2022-04-29T04:18:37.206+0000][82][gc,age      ] GC(7) - age   6:     924864 bytes,   12481168 total
[2022-04-29T04:18:37.206+0000][82][gc,age      ] GC(7) - age   7:    1943584 bytes,   14424752 total
[2022-04-29T04:18:37.207+0000][82][gc,phases   ] GC(7)   Pre Evacuate Collection Set: 0.1ms
[2022-04-29T04:18:37.208+0000][82][gc,phases   ] GC(7)   Merge Heap Roots: 0.3ms
[2022-04-29T04:18:37.208+0000][82][gc,phases   ] GC(7)   Evacuate Collection Set: 3.0ms
[2022-04-29T04:18:37.209+0000][82][gc,phases   ] GC(7)   Post Evacuate Collection Set: 0.7ms
[2022-04-29T04:18:37.209+0000][82][gc,phases   ] GC(7)   Other: 10.5ms
[2022-04-29T04:18:37.210+0000][82][gc,heap     ] GC(7) Eden regions: 58->0(72)
[2022-04-29T04:18:37.211+0000][82][gc,heap     ] GC(7) Survivor regions: 4->4(10)
[2022-04-29T04:18:37.211+0000][82][gc,heap     ] GC(7) Old regions: 2->2
[2022-04-29T04:18:37.212+0000][82][gc,heap     ] GC(7) Archive regions: 2->2
[2022-04-29T04:18:37.212+0000][82][gc,heap     ] GC(7) Humongous regions: 0->0
[2022-04-29T04:18:37.213+0000][82][gc,metaspace] GC(7) Metaspace: 20961K(21504K)->20961K(21504K) NonClass: 18365K(18688K)->18365K(18688K) Class: 2596K(2816K)->2596K(2816K)
[2022-04-29T04:18:37.214+0000][82][gc          ] GC(7) Pause Young (Concurrent Start) (Metadata GC Threshold) 254M->23M(512M) 21.581ms
[2022-04-29T04:18:37.216+0000][82][gc,cpu      ] GC(7) User=0.02s Sys=0.00s Real=0.02s
[2022-04-29T04:18:37.216+0000][82][gc          ] GC(8) Concurrent Mark Cycle
[2022-04-29T04:18:37.217+0000][82][gc,marking  ] GC(8) Concurrent Clear Claimed Marks
[2022-04-29T04:18:37.219+0000][82][gc,marking  ] GC(8) Concurrent Clear Claimed Marks 1.879ms
[2022-04-29T04:18:37.220+0000][82][gc,marking  ] GC(8) Concurrent Scan Root Regions
[2022-04-29T04:18:37.216+0000][82][safepoint   ] Safepoint "CollectForMetadataAllocation", Time since last: 158106209 ns, Reaching safepoint: 163833 ns, At safepoint: 24091667 ns, Total: 24255500 ns
[2022-04-29T04:18:37.221+0000][82][safepoint   ] Safepoint "CollectForMetadataAllocation", Time since last: 4772208 ns, Reaching safepoint: 91250 ns, At safepoint: 4875 ns, Total: 96125 ns
[2022-04-29T04:18:37.224+0000][82][gc,marking  ] GC(8) Concurrent Scan Root Regions 4.209ms
[2022-04-29T04:18:37.225+0000][82][gc,marking  ] GC(8) Concurrent Mark
[2022-04-29T04:18:37.225+0000][82][gc,marking  ] GC(8) Concurrent Mark From Roots
[2022-04-29T04:18:37.226+0000][82][gc,task     ] GC(8) Using 1 workers of 1 for marking
[2022-04-29T04:18:37.230+0000][82][gc,marking  ] GC(8) Concurrent Mark From Roots 4.905ms
[2022-04-29T04:18:37.252+0000][82][gc,marking  ] GC(8) Concurrent Preclean
[2022-04-29T04:18:37.254+0000][82][gc,marking  ] GC(8) Concurrent Preclean 1.303ms
[2022-04-29T04:18:37.255+0000][82][gc,start    ] GC(8) Pause Remark
[2022-04-29T04:18:37.258+0000][82][gc          ] GC(8) Pause Remark 29M->29M(512M) 3.261ms
[2022-04-29T04:18:37.259+0000][82][gc,cpu      ] GC(8) User=0.00s Sys=0.00s Real=0.00s
[2022-04-29T04:18:37.260+0000][82][safepoint   ] Safepoint "G1Concurrent", Time since last: 33395750 ns, Reaching safepoint: 267834 ns, At safepoint: 4917208 ns, Total: 5185042 ns
[2022-04-29T04:18:37.261+0000][82][gc,marking  ] GC(8) Concurrent Mark 35.971ms
[2022-04-29T04:18:37.261+0000][82][gc,marking  ] GC(8) Concurrent Rebuild Remembered Sets
[2022-04-29T04:18:37.264+0000][82][gc,marking  ] GC(8) Concurrent Rebuild Remembered Sets 2.423ms
[2022-04-29T04:18:37.265+0000][82][gc,start    ] GC(8) Pause Cleanup
[2022-04-29T04:18:37.266+0000][82][gc          ] GC(8) Pause Cleanup 29M->29M(512M) 0.995ms
[2022-04-29T04:18:37.267+0000][82][gc,cpu      ] GC(8) User=0.00s Sys=0.00s Real=0.00s
[2022-04-29T04:18:37.268+0000][82][safepoint   ] Safepoint "G1Concurrent", Time since last: 5106458 ns, Reaching safepoint: 218167 ns, At safepoint: 2404208 ns, Total: 2622375 ns
[2022-04-29T04:18:37.268+0000][82][gc,marking  ] GC(8) Concurrent Cleanup for Next Mark
[2022-04-29T04:18:37.269+0000][82][gc,marking  ] GC(8) Concurrent Cleanup for Next Mark 1.402ms
[2022-04-29T04:18:37.270+0000][82][gc          ] GC(8) Concurrent Mark Cycle 54.020ms
[2022-04-29T04:18:37.734+0000][82][safepoint   ] Safepoint "ICBufferFull", Time since last: 466222000 ns, Reaching safepoint: 179542 ns, At safepoint: 3083 ns, Total: 182625 ns
[2022-04-29T04:18:37.783+0000][82][safepoint   ] Safepoint "ICBufferFull", Time since last: 49335292 ns, Reaching safepoint: 181000 ns, At safepoint: 3042 ns, Total: 184042 ns
[2022-04-29T04:18:37.785+0000][82][safepoint   ] Safepoint "ICBufferFull", Time since last: 1585291 ns, Reaching safepoint: 34542 ns, At safepoint: 1125 ns, Total: 35667 ns
[2022-04-29T04:18:37.787+0000][82][safepoint   ] Safepoint "ICBufferFull", Time since last: 1429125 ns, Reaching safepoint: 104292 ns, At safepoint: 2166 ns, Total: 106458 ns
[2022-04-29T04:18:37.788+0000][82][safepoint   ] Safepoint "ICBufferFull", Time since last: 1352000 ns, Reaching safepoint: 144084 ns, At safepoint: 3291 ns, Total: 147375 ns
[2022-04-29T04:18:37.789+0000][82][safepoint   ] Safepoint "ICBufferFull", Time since last: 1095875 ns, Reaching safepoint: 163625 ns, At safepoint: 2334 ns, Total: 165959 ns
[2022-04-29T04:18:37.791+0000][82][safepoint   ] Safepoint "ICBufferFull", Time since last: 1320750 ns, Reaching safepoint: 51791 ns, At safepoint: 1750 ns, Total: 53541 ns
[2022-04-29T04:18:37.792+0000][82][safepoint   ] Safepoint "ICBufferFull", Time since last: 907001 ns, Reaching safepoint: 229583 ns, At safepoint: 2750 ns, Total: 232333 ns
[2022-04-29T04:18:37.800+0000][82][safepoint   ] Safepoint "ICBufferFull", Time since last: 7548208 ns, Reaching safepoint: 133875 ns, At safepoint: 6459 ns, Total: 140334 ns
[2022-04-29T04:18:37.801+0000][82][safepoint   ] Safepoint "ICBufferFull", Time since last: 1113958 ns, Reaching safepoint: 216667 ns, At safepoint: 3166 ns, Total: 219833 ns
[2022-04-29T04:18:37.802+0000][82][safepoint   ] Safepoint "ICBufferFull", Time since last: 1070917 ns, Reaching safepoint: 278750 ns, At safepoint: 2542 ns, Total: 281292 ns
[2022-04-29T04:18:37.803+0000][82][safepoint   ] Safepoint "ICBufferFull", Time since last: 1102125 ns, Reaching safepoint: 90000 ns, At safepoint: 2250 ns, Total: 92250 ns
[2022-04-29T04:18:37.817+0000][82][safepoint   ] Safepoint "ICBufferFull", Time since last: 13533833 ns, Reaching safepoint: 233542 ns, At safepoint: 18375 ns, Total: 251917 ns
[2022-04-29T04:18:37.821+0000][82][safepoint   ] Safepoint "ICBufferFull", Time since last: 4053750 ns, Reaching safepoint: 83791 ns, At safepoint: 11792 ns, Total: 95583 ns
[2022-04-29T04:18:37.822+0000][82][safepoint   ] Safepoint "ICBufferFull", Time since last: 1002875 ns, Reaching safepoint: 68292 ns, At safepoint: 2583 ns, Total: 70875 ns
[2022-04-29T04:18:37.823+0000][82][safepoint   ] Safepoint "ICBufferFull", Time since last: 780750 ns, Reaching safepoint: 173625 ns, At safepoint: 2583 ns, Total: 176208 ns
[2022-04-29T04:18:37.827+0000][82][safepoint   ] Safepoint "ICBufferFull", Time since last: 3108000 ns, Reaching safepoint: 152042 ns, At safepoint: 2792 ns, Total: 154834 ns
[2022-04-29T04:18:37.837+0000][82][safepoint   ] Safepoint "ICBufferFull", Time since last: 9902708 ns, Reaching safepoint: 92500 ns, At safepoint: 3042 ns, Total: 95542 ns
[2022-04-29T04:18:37.857+0000][82][safepoint   ] Safepoint "ICBufferFull", Time since last: 20453750 ns, Reaching safepoint: 126833 ns, At safepoint: 9542 ns, Total: 136375 ns
[2022-04-29T04:18:37.862+0000][82][safepoint   ] Safepoint "ICBufferFull", Time since last: 4822500 ns, Reaching safepoint: 37166 ns, At safepoint: 1792 ns, Total: 38958 ns
[2022-04-29T04:18:38.093+0000][82][safepoint   ] Safepoint "ICBufferFull", Time since last: 230509500 ns, Reaching safepoint: 198208 ns, At safepoint: 11084 ns, Total: 209292 ns
[2022-04-29T04:18:38.278+0000][82][safepoint   ] Safepoint "ICBufferFull", Time since last: 184556041 ns, Reaching safepoint: 134917 ns, At safepoint: 7208 ns, Total: 142125 ns
[2022-04-29T04:18:38.401+0000][82][safepoint   ] Safepoint "ICBufferFull", Time since last: 123396959 ns, Reaching safepoint: 237083 ns, At safepoint: 5875 ns, Total: 242958 ns
[2022-04-29T04:18:38.575+0000][82][safepoint   ] Safepoint "ICBufferFull", Time since last: 173413292 ns, Reaching safepoint: 181375 ns, At safepoint: 3083 ns, Total: 184458 ns
[2022-04-29T04:18:38.694+0000][82][gc,start    ] GC(9) Pause Young (Concurrent Start) (Metadata GC Threshold)
[2022-04-29T04:18:38.696+0000][82][gc,task     ] GC(9) Using 5 workers of 5 for evacuation
[2022-04-29T04:18:38.698+0000][82][gc,age      ] GC(9) Desired survivor size 20971520 bytes, new threshold 15 (max threshold 15)
[2022-04-29T04:18:38.714+0000][82][gc,age      ] GC(9) Age table with threshold 15 (max threshold 15)
[2022-04-29T04:18:38.715+0000][82][gc,age      ] GC(9) - age   1:   27150608 bytes,   27150608 total
[2022-04-29T04:18:38.717+0000][82][gc,age      ] GC(9) - age   2:     749024 bytes,   27899632 total
[2022-04-29T04:18:38.718+0000][82][gc,age      ] GC(9) - age   3:    2143608 bytes,   30043240 total
[2022-04-29T04:18:38.719+0000][82][gc,age      ] GC(9) - age   4:     683960 bytes,   30727200 total
[2022-04-29T04:18:38.719+0000][82][gc,age      ] GC(9) - age   5:    5656368 bytes,   36383568 total
[2022-04-29T04:18:38.720+0000][82][gc,age      ] GC(9) - age   6:    2130240 bytes,   38513808 total
[2022-04-29T04:18:38.721+0000][82][gc,age      ] GC(9) - age   7:     892168 bytes,   39405976 total
[2022-04-29T04:18:38.721+0000][82][gc,age      ] GC(9) - age   8:    1936024 bytes,   41342000 total
[2022-04-29T04:18:38.722+0000][82][gc,phases   ] GC(9)   Pre Evacuate Collection Set: 0.4ms
[2022-04-29T04:18:38.722+0000][82][gc,phases   ] GC(9)   Merge Heap Roots: 0.0ms
[2022-04-29T04:18:38.723+0000][82][gc,phases   ] GC(9)   Evacuate Collection Set: 13.1ms
[2022-04-29T04:18:38.724+0000][82][gc,phases   ] GC(9)   Post Evacuate Collection Set: 1.7ms
[2022-04-29T04:18:38.724+0000][82][gc,phases   ] GC(9)   Other: 12.6ms
[2022-04-29T04:18:38.725+0000][82][gc,heap     ] GC(9) Eden regions: 71->0(66)
[2022-04-29T04:18:38.726+0000][82][gc,heap     ] GC(9) Survivor regions: 4->10(10)
[2022-04-29T04:18:38.726+0000][82][gc,heap     ] GC(9) Old regions: 2->2
[2022-04-29T04:18:38.727+0000][82][gc,heap     ] GC(9) Archive regions: 2->2
[2022-04-29T04:18:38.727+0000][82][gc,heap     ] GC(9) Humongous regions: 0->0
[2022-04-29T04:18:38.728+0000][82][gc,metaspace] GC(9) Metaspace: 35368K(36288K)->35368K(36288K) NonClass: 30707K(31296K)->30707K(31296K) Class: 4661K(4992K)->4661K(4992K)
[2022-04-29T04:18:38.729+0000][82][gc          ] GC(9) Pause Young (Concurrent Start) (Metadata GC Threshold) 307M->48M(512M) 34.436ms
[2022-04-29T04:18:38.729+0000][82][gc,cpu      ] GC(9) User=0.07s Sys=0.00s Real=0.03s
[2022-04-29T04:18:38.730+0000][82][gc          ] GC(10) Concurrent Mark Cycle
[2022-04-29T04:18:38.732+0000][82][gc,marking  ] GC(10) Concurrent Clear Claimed Marks
[2022-04-29T04:18:38.733+0000][82][gc,marking  ] GC(10) Concurrent Clear Claimed Marks 0.940ms
[2022-04-29T04:18:38.734+0000][82][gc,marking  ] GC(10) Concurrent Scan Root Regions
[2022-04-29T04:18:38.730+0000][82][safepoint   ] Safepoint "CollectForMetadataAllocation", Time since last: 119303875 ns, Reaching safepoint: 130000 ns, At safepoint: 35969084 ns, Total: 36099084 ns
[2022-04-29T04:18:38.747+0000][82][safepoint   ] Safepoint "CollectForMetadataAllocation", Time since last: 16378083 ns, Reaching safepoint: 40625 ns, At safepoint: 26375 ns, Total: 67000 ns
[2022-04-29T04:18:38.748+0000][82][gc,marking  ] GC(10) Concurrent Scan Root Regions 14.573ms
[2022-04-29T04:18:38.749+0000][82][gc,marking  ] GC(10) Concurrent Mark
[2022-04-29T04:18:38.750+0000][82][gc,marking  ] GC(10) Concurrent Mark From Roots
[2022-04-29T04:18:38.751+0000][82][gc,task     ] GC(10) Using 1 workers of 1 for marking
[2022-04-29T04:18:38.754+0000][82][gc,marking  ] GC(10) Concurrent Mark From Roots 4.723ms
[2022-04-29T04:18:38.755+0000][82][gc,marking  ] GC(10) Concurrent Preclean
[2022-04-29T04:18:38.756+0000][82][safepoint   ] Safepoint "CollectForMetadataAllocation", Time since last: 9437833 ns, Reaching safepoint: 38875 ns, At safepoint: 83084 ns, Total: 121959 ns
[2022-04-29T04:18:38.756+0000][82][gc,marking  ] GC(10) Concurrent Preclean 1.329ms
[2022-04-29T04:18:38.760+0000][82][gc,start    ] GC(10) Pause Remark
[2022-04-29T04:18:38.763+0000][82][gc          ] GC(10) Pause Remark 52M->52M(512M) 2.822ms
[2022-04-29T04:18:38.764+0000][82][gc,cpu      ] GC(10) User=0.00s Sys=0.00s Real=0.01s
[2022-04-29T04:18:38.764+0000][82][safepoint   ] Safepoint "G1Concurrent", Time since last: 3445291 ns, Reaching safepoint: 359459 ns, At safepoint: 4428625 ns, Total: 4788084 ns
[2022-04-29T04:18:38.766+0000][82][gc,marking  ] GC(10) Concurrent Mark 17.337ms
[2022-04-29T04:18:38.767+0000][82][gc,marking  ] GC(10) Concurrent Rebuild Remembered Sets
[2022-04-29T04:18:38.770+0000][82][gc,marking  ] GC(10) Concurrent Rebuild Remembered Sets 2.841ms
[2022-04-29T04:18:38.771+0000][82][gc,start    ] GC(10) Pause Cleanup
[2022-04-29T04:18:38.772+0000][82][gc          ] GC(10) Pause Cleanup 52M->52M(512M) 1.053ms
[2022-04-29T04:18:38.773+0000][82][gc,cpu      ] GC(10) User=0.00s Sys=0.00s Real=0.01s
[2022-04-29T04:18:38.774+0000][82][safepoint   ] Safepoint "G1Concurrent", Time since last: 6345125 ns, Reaching safepoint: 229708 ns, At safepoint: 2800208 ns, Total: 3029916 ns
[2022-04-29T04:18:38.775+0000][82][gc,marking  ] GC(10) Concurrent Cleanup for Next Mark
[2022-04-29T04:18:38.777+0000][82][gc,marking  ] GC(10) Concurrent Cleanup for Next Mark 1.331ms
[2022-04-29T04:18:38.777+0000][82][gc          ] GC(10) Concurrent Mark Cycle 47.348ms
[2022-04-29T04:18:38.929+0000][82][safepoint   ] Safepoint "ICBufferFull", Time since last: 154913292 ns, Reaching safepoint: 136375 ns, At safepoint: 3292 ns, Total: 139667 ns
[2022-04-29T04:18:39.314+0000][82][safepoint   ] Safepoint "ICBufferFull", Time since last: 385211250 ns, Reaching safepoint: 179500 ns, At safepoint: 31917 ns, Total: 211417 ns
[2022-04-29T04:18:39.488+0000][82][safepoint   ] Safepoint "ICBufferFull", Time since last: 173482458 ns, Reaching safepoint: 157958 ns, At safepoint: 3459 ns, Total: 161417 ns
[2022-04-29T04:18:39.571+0000][82][gc,start    ] GC(11) Pause Young (Concurrent Start) (G1 Evacuation Pause)
[2022-04-29T04:18:39.572+0000][82][gc,task     ] GC(11) Using 5 workers of 5 for evacuation
[2022-04-29T04:18:39.573+0000][82][gc,age      ] GC(11) Desired survivor size 20971520 bytes, new threshold 1 (max threshold 15)
[2022-04-29T04:18:39.590+0000][82][gc,age      ] GC(11) Age table with threshold 1 (max threshold 15)
[2022-04-29T04:18:39.591+0000][82][gc,age      ] GC(11) - age   1:    6107128 bytes,    6107128 total
[2022-04-29T04:18:39.592+0000][82][gc,phases   ] GC(11)   Pre Evacuate Collection Set: 0.2ms
[2022-04-29T04:18:39.593+0000][82][gc,phases   ] GC(11)   Merge Heap Roots: 0.3ms
[2022-04-29T04:18:39.594+0000][82][gc,phases   ] GC(11)   Evacuate Collection Set: 14.1ms
[2022-04-29T04:18:39.594+0000][82][gc,phases   ] GC(11)   Post Evacuate Collection Set: 1.3ms
[2022-04-29T04:18:39.595+0000][82][gc,phases   ] GC(11)   Other: 5.2ms
[2022-04-29T04:18:39.596+0000][82][gc,heap     ] GC(11) Eden regions: 66->0(73)
[2022-04-29T04:18:39.596+0000][82][gc,heap     ] GC(11) Survivor regions: 10->3(10)
[2022-04-29T04:18:39.597+0000][82][gc,heap     ] GC(11) Old regions: 2->11
[2022-04-29T04:18:39.598+0000][82][gc,heap     ] GC(11) Archive regions: 2->2
[2022-04-29T04:18:39.598+0000][82][gc,heap     ] GC(11) Humongous regions: 0->0
[2022-04-29T04:18:39.599+0000][82][gc,metaspace] GC(11) Metaspace: 52232K(53440K)->52232K(53440K) NonClass: 45161K(45888K)->45161K(45888K) Class: 7071K(7552K)->7071K(7552K)
[2022-04-29T04:18:39.600+0000][82][gc          ] GC(11) Pause Young (Concurrent Start) (G1 Evacuation Pause) 312M->56M(512M) 28.673ms
[2022-04-29T04:18:39.600+0000][82][gc,cpu      ] GC(11) User=0.07s Sys=0.00s Real=0.03s
[2022-04-29T04:18:39.601+0000][82][safepoint   ] Safepoint "G1CollectForAllocation", Time since last: 83044541 ns, Reaching safepoint: 89750 ns, At safepoint: 30355500 ns, Total: 30445250 ns
[2022-04-29T04:18:39.601+0000][82][gc          ] GC(12) Concurrent Mark Cycle
[2022-04-29T04:18:39.603+0000][82][gc,marking  ] GC(12) Concurrent Clear Claimed Marks
[2022-04-29T04:18:39.604+0000][82][gc,marking  ] GC(12) Concurrent Clear Claimed Marks 0.758ms
[2022-04-29T04:18:39.606+0000][82][gc,marking  ] GC(12) Concurrent Scan Root Regions
[2022-04-29T04:18:39.623+0000][82][gc,marking  ] GC(12) Concurrent Scan Root Regions 17.614ms
[2022-04-29T04:18:39.625+0000][82][gc,marking  ] GC(12) Concurrent Mark
[2022-04-29T04:18:39.626+0000][82][gc,marking  ] GC(12) Concurrent Mark From Roots
[2022-04-29T04:18:39.627+0000][82][gc,task     ] GC(12) Using 1 workers of 1 for marking
[2022-04-29T04:18:39.632+0000][82][gc,marking  ] GC(12) Concurrent Mark From Roots 6.057ms
[2022-04-29T04:18:39.633+0000][82][gc,marking  ] GC(12) Concurrent Preclean
[2022-04-29T04:18:39.634+0000][82][gc,marking  ] GC(12) Concurrent Preclean 0.926ms
[2022-04-29T04:18:39.634+0000][82][gc,start    ] GC(12) Pause Remark
[2022-04-29T04:18:39.638+0000][82][gc          ] GC(12) Pause Remark 68M->68M(512M) 3.757ms
[2022-04-29T04:18:39.639+0000][82][gc,cpu      ] GC(12) User=0.00s Sys=0.00s Real=0.00s
[2022-04-29T04:18:39.640+0000][82][safepoint   ] Safepoint "G1Concurrent", Time since last: 32714542 ns, Reaching safepoint: 301125 ns, At safepoint: 5399625 ns, Total: 5700750 ns
[2022-04-29T04:18:39.640+0000][82][gc,marking  ] GC(12) Concurrent Mark 15.948ms
[2022-04-29T04:18:39.641+0000][82][gc,marking  ] GC(12) Concurrent Rebuild Remembered Sets
[2022-04-29T04:18:39.642+0000][82][gc,marking  ] GC(12) Concurrent Rebuild Remembered Sets 0.566ms
[2022-04-29T04:18:39.643+0000][82][gc,start    ] GC(12) Pause Cleanup
[2022-04-29T04:18:39.643+0000][82][gc          ] GC(12) Pause Cleanup 68M->68M(512M) 0.552ms
[2022-04-29T04:18:39.644+0000][82][gc,cpu      ] GC(12) User=0.00s Sys=0.00s Real=0.00s
[2022-04-29T04:18:39.645+0000][82][safepoint   ] Safepoint "G1Concurrent", Time since last: 2745625 ns, Reaching safepoint: 362792 ns, At safepoint: 2060875 ns, Total: 2423667 ns
[2022-04-29T04:18:39.646+0000][82][gc,marking  ] GC(12) Concurrent Cleanup for Next Mark
[2022-04-29T04:18:39.647+0000][82][gc,marking  ] GC(12) Concurrent Cleanup for Next Mark 1.191ms
[2022-04-29T04:18:39.647+0000][82][gc          ] GC(12) Concurrent Mark Cycle 45.816ms
[2022-04-29T04:18:39.988+0000][82][safepoint   ] Safepoint "ICBufferFull", Time since last: 342466083 ns, Reaching safepoint: 141292 ns, At safepoint: 12708 ns, Total: 154000 ns
[2022-04-29T04:18:40.222+0000][82][safepoint   ] Safepoint "ICBufferFull", Time since last: 233910459 ns, Reaching safepoint: 506833 ns, At safepoint: 3333 ns, Total: 510166 ns
[2022-04-29T04:18:40.590+0000][82][safepoint   ] Safepoint "ICBufferFull", Time since last: 367799251 ns, Reaching safepoint: 227958 ns, At safepoint: 17500 ns, Total: 245458 ns
[2022-04-29T04:18:40.775+0000][82][safepoint   ] Safepoint "ICBufferFull", Time since last: 185171500 ns, Reaching safepoint: 243792 ns, At safepoint: 7750 ns, Total: 251542 ns
[2022-04-29T04:18:40.991+0000][82][safepoint   ] Safepoint "ICBufferFull", Time since last: 215151708 ns, Reaching safepoint: 145292 ns, At safepoint: 8875 ns, Total: 154167 ns
[2022-04-29T04:18:41.188+0000][82][safepoint   ] Safepoint "ICBufferFull", Time since last: 197037750 ns, Reaching safepoint: 279166 ns, At safepoint: 3334 ns, Total: 282500 ns
[2022-04-29T04:18:41.242+0000][82][gc,start    ] GC(13) Pause Young (Normal) (G1 Evacuation Pause)
[2022-04-29T04:18:41.243+0000][82][gc,task     ] GC(13) Using 5 workers of 5 for evacuation
[2022-04-29T04:18:41.244+0000][82][gc,age      ] GC(13) Desired survivor size 20971520 bytes, new threshold 15 (max threshold 15)
[2022-04-29T04:18:41.258+0000][82][gc,age      ] GC(13) Age table with threshold 15 (max threshold 15)
[2022-04-29T04:18:41.260+0000][82][gc,age      ] GC(13) - age   1:   13523824 bytes,   13523824 total
[2022-04-29T04:18:41.261+0000][82][gc,age      ] GC(13) - age   2:    5885104 bytes,   19408928 total
[2022-04-29T04:18:41.262+0000][82][gc,phases   ] GC(13)   Pre Evacuate Collection Set: 0.2ms
[2022-04-29T04:18:41.263+0000][82][gc,phases   ] GC(13)   Merge Heap Roots: 0.2ms
[2022-04-29T04:18:41.264+0000][82][gc,phases   ] GC(13)   Evacuate Collection Set: 11.5ms
[2022-04-29T04:18:41.265+0000][82][gc,phases   ] GC(13)   Post Evacuate Collection Set: 1.7ms
[2022-04-29T04:18:41.266+0000][82][gc,phases   ] GC(13)   Other: 6.3ms
[2022-04-29T04:18:41.267+0000][82][gc,heap     ] GC(13) Eden regions: 73->0(71)
[2022-04-29T04:18:41.268+0000][82][gc,heap     ] GC(13) Survivor regions: 3->5(10)
[2022-04-29T04:18:41.269+0000][82][gc,heap     ] GC(13) Old regions: 11->11
[2022-04-29T04:18:41.269+0000][82][gc,heap     ] GC(13) Archive regions: 2->2
[2022-04-29T04:18:41.270+0000][82][gc,heap     ] GC(13) Humongous regions: 0->0
[2022-04-29T04:18:41.270+0000][82][gc,metaspace] GC(13) Metaspace: 84835K(86272K)->84835K(86272K) NonClass: 73100K(73984K)->73100K(73984K) Class: 11734K(12288K)->11734K(12288K)
[2022-04-29T04:18:41.271+0000][82][gc          ] GC(13) Pause Young (Normal) (G1 Evacuation Pause) 348M->67M(512M) 28.974ms
[2022-04-29T04:18:41.272+0000][82][gc,cpu      ] GC(13) User=0.05s Sys=0.00s Real=0.03s
[2022-04-29T04:18:41.272+0000][82][safepoint   ] Safepoint "G1CollectForAllocation", Time since last: 53853041 ns, Reaching safepoint: 205125 ns, At safepoint: 30223375 ns, Total: 30428500 ns
[2022-04-29T04:18:41.312+0000][82][safepoint   ] Safepoint "ICBufferFull", Time since last: 39386001 ns, Reaching safepoint: 213791 ns, At safepoint: 9000 ns, Total: 222791 ns
[2022-04-29T04:18:41.349+0000][82][safepoint   ] Safepoint "ICBufferFull", Time since last: 36867834 ns, Reaching safepoint: 208583 ns, At safepoint: 11583 ns, Total: 220166 ns
[2022-04-29T04:18:41.393+0000][82][safepoint   ] Safepoint "ICBufferFull", Time since last: 43908292 ns, Reaching safepoint: 127792 ns, At safepoint: 8791 ns, Total: 136583 ns
[2022-04-29T04:18:41.665+0000][82][safepoint   ] Safepoint "ICBufferFull", Time since last: 271017417 ns, Reaching safepoint: 359000 ns, At safepoint: 14542 ns, Total: 373542 ns
[2022-04-29T04:18:41.676+0000][82][gc,start    ] GC(14) Pause Young (Concurrent Start) (Metadata GC Threshold)
[2022-04-29T04:18:41.677+0000][82][gc,task     ] GC(14) Using 5 workers of 5 for evacuation
[2022-04-29T04:18:41.678+0000][82][gc,age      ] GC(14) Desired survivor size 20971520 bytes, new threshold 15 (max threshold 15)
[2022-04-29T04:18:41.689+0000][82][gc,age      ] GC(14) Age table with threshold 15 (max threshold 15)
[2022-04-29T04:18:41.690+0000][82][gc,age      ] GC(14) - age   1:     888496 bytes,     888496 total
[2022-04-29T04:18:41.691+0000][82][gc,age      ] GC(14) - age   2:   13241520 bytes,   14130016 total
[2022-04-29T04:18:41.692+0000][82][gc,age      ] GC(14) - age   3:    5858840 bytes,   19988856 total
[2022-04-29T04:18:41.693+0000][82][gc,phases   ] GC(14)   Pre Evacuate Collection Set: 0.4ms
[2022-04-29T04:18:41.694+0000][82][gc,phases   ] GC(14)   Merge Heap Roots: 0.2ms
[2022-04-29T04:18:41.695+0000][82][gc,phases   ] GC(14)   Evacuate Collection Set: 7.2ms
[2022-04-29T04:18:41.696+0000][82][gc,phases   ] GC(14)   Post Evacuate Collection Set: 1.3ms
[2022-04-29T04:18:41.697+0000][82][gc,phases   ] GC(14)   Other: 7.7ms
[2022-04-29T04:18:41.698+0000][82][gc,heap     ] GC(14) Eden regions: 9->0(71)
[2022-04-29T04:18:41.698+0000][82][gc,heap     ] GC(14) Survivor regions: 5->5(10)
[2022-04-29T04:18:41.699+0000][82][gc,heap     ] GC(14) Old regions: 11->11
[2022-04-29T04:18:41.700+0000][82][gc,heap     ] GC(14) Archive regions: 2->2
[2022-04-29T04:18:41.701+0000][82][gc,heap     ] GC(14) Humongous regions: 0->0
[2022-04-29T04:18:41.702+0000][82][gc,metaspace] GC(14) Metaspace: 87684K(89088K)->87684K(89088K) NonClass: 75516K(76352K)->75516K(76352K) Class: 12168K(12736K)->12168K(12736K)
[2022-04-29T04:18:41.703+0000][82][gc          ] GC(14) Pause Young (Concurrent Start) (Metadata GC Threshold) 100M->67M(512M) 26.810ms
[2022-04-29T04:18:41.704+0000][82][gc,cpu      ] GC(14) User=0.04s Sys=0.00s Real=0.03s
[2022-04-29T04:18:41.704+0000][82][gc          ] GC(15) Concurrent Mark Cycle
[2022-04-29T04:18:41.705+0000][82][gc,marking  ] GC(15) Concurrent Clear Claimed Marks
[2022-04-29T04:18:41.705+0000][82][gc,marking  ] GC(15) Concurrent Clear Claimed Marks 0.597ms
[2022-04-29T04:18:41.706+0000][82][gc,marking  ] GC(15) Concurrent Scan Root Regions
[2022-04-29T04:18:41.706+0000][82][safepoint   ] Safepoint "CollectForMetadataAllocation", Time since last: 11414666 ns, Reaching safepoint: 167375 ns, At safepoint: 29436250 ns, Total: 29603625 ns
[2022-04-29T04:18:41.718+0000][82][gc,marking  ] GC(15) Concurrent Scan Root Regions 12.270ms
[2022-04-29T04:18:41.719+0000][82][gc,marking  ] GC(15) Concurrent Mark
[2022-04-29T04:18:41.720+0000][82][gc,marking  ] GC(15) Concurrent Mark From Roots
[2022-04-29T04:18:41.721+0000][82][gc,task     ] GC(15) Using 1 workers of 1 for marking
[2022-04-29T04:18:41.760+0000][82][gc,marking  ] GC(15) Concurrent Mark From Roots 39.858ms
[2022-04-29T04:18:41.761+0000][82][gc,marking  ] GC(15) Concurrent Preclean
[2022-04-29T04:18:41.762+0000][82][gc,marking  ] GC(15) Concurrent Preclean 1.212ms
[2022-04-29T04:18:41.763+0000][82][gc,start    ] GC(15) Pause Remark
[2022-04-29T04:18:41.766+0000][82][gc          ] GC(15) Pause Remark 71M->71M(512M) 3.291ms
[2022-04-29T04:18:41.767+0000][82][gc,cpu      ] GC(15) User=0.01s Sys=0.00s Real=0.00s
[2022-04-29T04:18:41.768+0000][82][safepoint   ] Safepoint "G1Concurrent", Time since last: 57325792 ns, Reaching safepoint: 268292 ns, At safepoint: 5323375 ns, Total: 5591667 ns
[2022-04-29T04:18:41.770+0000][82][gc,marking  ] GC(15) Concurrent Mark 50.632ms
[2022-04-29T04:18:41.771+0000][82][gc,marking  ] GC(15) Concurrent Rebuild Remembered Sets
[2022-04-29T04:18:41.772+0000][82][gc,marking  ] GC(15) Concurrent Rebuild Remembered Sets 1.756ms
[2022-04-29T04:18:41.774+0000][82][gc,start    ] GC(15) Pause Cleanup
[2022-04-29T04:18:41.775+0000][82][gc          ] GC(15) Pause Cleanup 71M->71M(512M) 1.489ms
[2022-04-29T04:18:41.776+0000][82][gc,cpu      ] GC(15) User=0.00s Sys=0.00s Real=0.00s
[2022-04-29T04:18:41.777+0000][82][safepoint   ] Safepoint "G1Concurrent", Time since last: 5033791 ns, Reaching safepoint: 42167 ns, At safepoint: 3601167 ns, Total: 3643334 ns
[2022-04-29T04:18:41.779+0000][82][gc,marking  ] GC(15) Concurrent Cleanup for Next Mark
[2022-04-29T04:18:41.781+0000][82][gc,marking  ] GC(15) Concurrent Cleanup for Next Mark 1.728ms
[2022-04-29T04:18:41.781+0000][82][gc          ] GC(15) Concurrent Mark Cycle 77.287ms
[2022-04-29T04:18:42.107+0000][82][safepoint   ] Safepoint "ICBufferFull", Time since last: 329461417 ns, Reaching safepoint: 184250 ns, At safepoint: 10916 ns, Total: 195166 ns
[2022-04-29T04:18:42.161+0000][82][safepoint   ] Safepoint "ICBufferFull", Time since last: 54323167 ns, Reaching safepoint: 144167 ns, At safepoint: 59166 ns, Total: 203333 ns
[2022-04-29T04:18:42.539+0000][82][safepoint   ] Safepoint "ICBufferFull", Time since last: 377512334 ns, Reaching safepoint: 211375 ns, At safepoint: 38791 ns, Total: 250166 ns
[2022-04-29T04:18:42.846+0000][82][safepoint   ] Safepoint "ICBufferFull", Time since last: 306331751 ns, Reaching safepoint: 139666 ns, At safepoint: 9834 ns, Total: 149500 ns
[2022-04-29T04:18:43.102+0000][82][safepoint   ] Safepoint "ICBufferFull", Time since last: 256100500 ns, Reaching safepoint: 514416 ns, At safepoint: 16375 ns, Total: 530791 ns
[2022-04-29T04:18:43.314+0000][82][safepoint   ] Safepoint "ICBufferFull", Time since last: 211502834 ns, Reaching safepoint: 237625 ns, At safepoint: 4583 ns, Total: 242208 ns
[2022-04-29T04:18:43.424+0000][82][safepoint   ] Safepoint "ICBufferFull", Time since last: 109989792 ns, Reaching safepoint: 194417 ns, At safepoint: 17583 ns, Total: 212000 ns
[2022-04-29T04:18:43.622+0000][82][safepoint   ] Safepoint "ICBufferFull", Time since last: 197295125 ns, Reaching safepoint: 272250 ns, At safepoint: 3458 ns, Total: 275708 ns
[2022-04-29T04:18:43.872+0000][82][safepoint   ] Safepoint "ICBufferFull", Time since last: 250033459 ns, Reaching safepoint: 604208 ns, At safepoint: 73125 ns, Total: 677333 ns
[2022-04-29T04:18:43.874+0000][82][safepoint   ] Safepoint "ICBufferFull", Time since last: 1179000 ns, Reaching safepoint: 298958 ns, At safepoint: 15125 ns, Total: 314083 ns
[2022-04-29T04:18:43.897+0000][82][safepoint   ] Safepoint "ICBufferFull", Time since last: 22214000 ns, Reaching safepoint: 1045459 ns, At safepoint: 165833 ns, Total: 1211292 ns
[2022-04-29T04:18:44.010+0000][82][safepoint   ] Safepoint "ICBufferFull", Time since last: 112113500 ns, Reaching safepoint: 580167 ns, At safepoint: 9166 ns, Total: 589333 ns
[2022-04-29T04:18:44.202+0000][82][safepoint   ] Safepoint "ICBufferFull", Time since last: 190714667 ns, Reaching safepoint: 1028834 ns, At safepoint: 40041 ns, Total: 1068875 ns
[2022-04-29T04:18:44.512+0000][82][safepoint   ] Safepoint "ICBufferFull", Time since last: 309344959 ns, Reaching safepoint: 519916 ns, At safepoint: 215667 ns, Total: 735583 ns
[2022-04-29T04:18:44.862+0000][82][gc,start    ] GC(16) Pause Young (Normal) (G1 Evacuation Pause)
[2022-04-29T04:18:44.869+0000][82][gc,task     ] GC(16) Using 5 workers of 5 for evacuation
[2022-04-29T04:18:44.871+0000][82][gc,age      ] GC(16) Desired survivor size 20971520 bytes, new threshold 15 (max threshold 15)
[2022-04-29T04:18:44.887+0000][82][gc,age      ] GC(16) Age table with threshold 15 (max threshold 15)
[2022-04-29T04:18:44.888+0000][82][gc,age      ] GC(16) - age   1:   10170760 bytes,   10170760 total
[2022-04-29T04:18:44.889+0000][82][gc,age      ] GC(16) - age   2:     731360 bytes,   10902120 total
[2022-04-29T04:18:44.890+0000][82][gc,age      ] GC(16) - age   3:   13085744 bytes,   23987864 total
[2022-04-29T04:18:44.891+0000][82][gc,age      ] GC(16) - age   4:    5678560 bytes,   29666424 total
[2022-04-29T04:18:44.892+0000][82][gc,phases   ] GC(16)   Pre Evacuate Collection Set: 0.2ms
[2022-04-29T04:18:44.893+0000][82][gc,phases   ] GC(16)   Merge Heap Roots: 0.3ms
[2022-04-29T04:18:44.894+0000][82][gc,phases   ] GC(16)   Evacuate Collection Set: 12.1ms
[2022-04-29T04:18:44.895+0000][82][gc,phases   ] GC(16)   Post Evacuate Collection Set: 1.2ms
[2022-04-29T04:18:44.895+0000][82][gc,phases   ] GC(16)   Other: 16.1ms
[2022-04-29T04:18:44.896+0000][82][gc,heap     ] GC(16) Eden regions: 71->0(68)
[2022-04-29T04:18:44.897+0000][82][gc,heap     ] GC(16) Survivor regions: 5->8(10)
[2022-04-29T04:18:44.897+0000][82][gc,heap     ] GC(16) Old regions: 11->11
[2022-04-29T04:18:44.898+0000][82][gc,heap     ] GC(16) Archive regions: 2->2
[2022-04-29T04:18:44.898+0000][82][gc,heap     ] GC(16) Humongous regions: 6->6
[2022-04-29T04:18:44.899+0000][82][gc,metaspace] GC(16) Metaspace: 101216K(102720K)->101216K(102720K) NonClass: 87076K(88000K)->87076K(88000K) Class: 14140K(14720K)->14140K(14720K)
[2022-04-29T04:18:44.900+0000][82][gc          ] GC(16) Pause Young (Normal) (G1 Evacuation Pause) 374M->102M(512M) 38.045ms
[2022-04-29T04:18:44.901+0000][82][gc,cpu      ] GC(16) User=0.05s Sys=0.00s Real=0.03s
[2022-04-29T04:18:44.902+0000][82][safepoint   ] Safepoint "G1CollectForAllocation", Time since last: 348660625 ns, Reaching safepoint: 1093167 ns, At safepoint: 39896375 ns, Total: 40989542 ns
[2022-04-29T04:18:45.623+0000][82][safepoint   ] Safepoint "ICBufferFull", Time since last: 721319000 ns, Reaching safepoint: 257792 ns, At safepoint: 7917 ns, Total: 265709 ns
[2022-04-29T04:18:45.914+0000][82][safepoint   ] Safepoint "ICBufferFull", Time since last: 290027833 ns, Reaching safepoint: 348292 ns, At safepoint: 5666 ns, Total: 353958 ns
[2022-04-29T04:18:45.958+0000][82][safepoint   ] Safepoint "ICBufferFull", Time since last: 44187000 ns, Reaching safepoint: 338292 ns, At safepoint: 8292 ns, Total: 346584 ns
[2022-04-29T04:18:46.633+0000][82][safepoint   ] Safepoint "ICBufferFull", Time since last: 674849375 ns, Reaching safepoint: 450333 ns, At safepoint: 10167 ns, Total: 460500 ns
[2022-04-29T04:18:47.637+0000][82][safepoint   ] Safepoint "Cleanup", Time since last: 1003535126 ns, Reaching safepoint: 544041 ns, At safepoint: 13167 ns, Total: 557208 ns
[2022-04-29T04:18:48.166+0000][82][safepoint   ] Safepoint "ICBufferFull", Time since last: 528062333 ns, Reaching safepoint: 179667 ns, At safepoint: 6083 ns, Total: 185750 ns
[2022-04-29T04:18:48.492+0000][82][safepoint   ] Safepoint "ICBufferFull", Time since last: 326257334 ns, Reaching safepoint: 207292 ns, At safepoint: 19208 ns, Total: 226500 ns
[2022-04-29T04:18:48.876+0000][82][safepoint   ] Safepoint "ICBufferFull", Time since last: 382981292 ns, Reaching safepoint: 356041 ns, At safepoint: 4000 ns, Total: 360041 ns
[2022-04-29T04:18:49.878+0000][82][safepoint   ] Safepoint "Cleanup", Time since last: 1001663793 ns, Reaching safepoint: 689708 ns, At safepoint: 13000 ns, Total: 702708 ns
[2022-04-29T04:18:50.903+0000][82][safepoint   ] Safepoint "Cleanup", Time since last: 1024106209 ns, Reaching safepoint: 511208 ns, At safepoint: 17208 ns, Total: 528416 ns
[2022-04-29T04:18:51.919+0000][82][safepoint   ] Safepoint "Cleanup", Time since last: 1013693501 ns, Reaching safepoint: 2800125 ns, At safepoint: 15083 ns, Total: 2815208 ns
[2022-04-29T04:18:54.392+0000][82][safepoint   ] Safepoint "ICBufferFull", Time since last: 2472151251 ns, Reaching safepoint: 297292 ns, At safepoint: 10000 ns, Total: 307292 ns
[2022-04-29T04:18:55.393+0000][82][safepoint   ] Safepoint "Cleanup", Time since last: 1001365626 ns, Reaching safepoint: 161041 ns, At safepoint: 15709 ns, Total: 176750 ns
[2022-04-29T04:18:56.404+0000][82][safepoint   ] Safepoint "Cleanup", Time since last: 1009987958 ns, Reaching safepoint: 470917 ns, At safepoint: 14292 ns, Total: 485209 ns
[2022-04-29T04:18:56.810+0000][82][safepoint   ] Safepoint "ICBufferFull", Time since last: 406259958 ns, Reaching safepoint: 245459 ns, At safepoint: 4625 ns, Total: 250084 ns
[2022-04-29T04:18:58.141+0000][82][safepoint   ] Safepoint "Cleanup", Time since last: 1329028417 ns, Reaching safepoint: 1207000 ns, At safepoint: 234125 ns, Total: 1441125 ns
[2022-04-29T04:19:00.149+0000][82][safepoint   ] Safepoint "Cleanup", Time since last: 2008511208 ns, Reaching safepoint: 157917 ns, At safepoint: 4667 ns, Total: 162584 ns
[2022-04-29T04:19:01.151+0000][82][safepoint   ] Safepoint "Cleanup", Time since last: 1001264750 ns, Reaching safepoint: 302292 ns, At safepoint: 220500 ns, Total: 522792 ns
[2022-04-29T04:19:02.153+0000][82][safepoint   ] Safepoint "Cleanup", Time since last: 1001825625 ns, Reaching safepoint: 407958 ns, At safepoint: 9375 ns, Total: 417333 ns
[2022-04-29T04:19:03.158+0000][82][safepoint   ] Safepoint "Cleanup", Time since last: 1004691793 ns, Reaching safepoint: 156291 ns, At safepoint: 11500 ns, Total: 167791 ns
[2022-04-29T04:19:05.171+0000][82][safepoint   ] Safepoint "Cleanup", Time since last: 2012648293 ns, Reaching safepoint: 712542 ns, At safepoint: 14250 ns, Total: 726792 ns
[2022-04-29T04:19:06.178+0000][82][safepoint   ] Safepoint "Cleanup", Time since last: 1006258875 ns, Reaching safepoint: 114792 ns, At safepoint: 2666 ns, Total: 117458 ns
[2022-04-29T04:19:06.671+0000][82][safepoint   ] Safepoint "ICBufferFull", Time since last: 493101501 ns, Reaching safepoint: 155375 ns, At safepoint: 9458 ns, Total: 164833 ns
[2022-04-29T04:19:07.673+0000][82][safepoint   ] Safepoint "Cleanup", Time since last: 1001565375 ns, Reaching safepoint: 332417 ns, At safepoint: 13083 ns, Total: 345500 ns
[2022-04-29T04:19:08.683+0000][82][safepoint   ] Safepoint "Cleanup", Time since last: 1009603293 ns, Reaching safepoint: 418666 ns, At safepoint: 16709 ns, Total: 435375 ns
[2022-04-29T04:19:09.688+0000][82][safepoint   ] Safepoint "Cleanup", Time since last: 1005225875 ns, Reaching safepoint: 408583 ns, At safepoint: 23292 ns, Total: 431875 ns
[2022-04-29T04:19:10.695+0000][82][safepoint   ] Safepoint "Cleanup", Time since last: 1005406167 ns, Reaching safepoint: 697750 ns, At safepoint: 15625 ns, Total: 713375 ns
[2022-04-29T04:19:11.702+0000][82][safepoint   ] Safepoint "Cleanup", Time since last: 1007141792 ns, Reaching safepoint: 216500 ns, At safepoint: 10875 ns, Total: 227375 ns
[2022-04-29T04:19:12.412+0000][82][safepoint   ] Safepoint "ICBufferFull", Time since last: 709299126 ns, Reaching safepoint: 339791 ns, At safepoint: 34375 ns, Total: 374166 ns
[2022-04-29T04:19:12.474+0000][82][safepoint   ] Safepoint "ICBufferFull", Time since last: 62160917 ns, Reaching safepoint: 232250 ns, At safepoint: 4125 ns, Total: 236375 ns
[2022-04-29T04:19:13.097+0000][82][gc,start    ] GC(17) Pause Young (Normal) (G1 Evacuation Pause)
[2022-04-29T04:19:13.098+0000][82][gc,task     ] GC(17) Using 5 workers of 5 for evacuation
[2022-04-29T04:19:13.099+0000][82][gc,age      ] GC(17) Desired survivor size 20971520 bytes, new threshold 3 (max threshold 15)
[2022-04-29T04:19:13.115+0000][82][gc,age      ] GC(17) Age table with threshold 3 (max threshold 15)
[2022-04-29T04:19:13.117+0000][82][gc,age      ] GC(17) - age   1:    5861136 bytes,    5861136 total
[2022-04-29T04:19:13.118+0000][82][gc,age      ] GC(17) - age   2:    8394528 bytes,   14255664 total
[2022-04-29T04:19:13.119+0000][82][gc,age      ] GC(17) - age   3:     731000 bytes,   14986664 total
[2022-04-29T04:19:13.120+0000][82][gc,phases   ] GC(17)   Pre Evacuate Collection Set: 0.3ms
[2022-04-29T04:19:13.121+0000][82][gc,phases   ] GC(17)   Merge Heap Roots: 0.2ms
[2022-04-29T04:19:13.121+0000][82][gc,phases   ] GC(17)   Evacuate Collection Set: 11.9ms
[2022-04-29T04:19:13.122+0000][82][gc,phases   ] GC(17)   Post Evacuate Collection Set: 3.7ms
[2022-04-29T04:19:13.123+0000][82][gc,phases   ] GC(17)   Other: 7.3ms
[2022-04-29T04:19:13.124+0000][82][gc,heap     ] GC(17) Eden regions: 68->0(71)
[2022-04-29T04:19:13.125+0000][82][gc,heap     ] GC(17) Survivor regions: 8->5(10)
[2022-04-29T04:19:13.125+0000][82][gc,heap     ] GC(17) Old regions: 11->16
[2022-04-29T04:19:13.126+0000][82][gc,heap     ] GC(17) Archive regions: 2->2
[2022-04-29T04:19:13.127+0000][82][gc,heap     ] GC(17) Humongous regions: 6->6
[2022-04-29T04:19:13.127+0000][82][gc,metaspace] GC(17) Metaspace: 106369K(108032K)->106369K(108032K) NonClass: 91602K(92608K)->91602K(92608K) Class: 14766K(15424K)->14766K(15424K)
[2022-04-29T04:19:13.128+0000][82][gc          ] GC(17) Pause Young (Normal) (G1 Evacuation Pause) 374M->106M(512M) 31.234ms
[2022-04-29T04:19:13.129+0000][82][gc,cpu      ] GC(17) User=0.06s Sys=0.00s Real=0.03s
[2022-04-29T04:19:13.130+0000][82][safepoint   ] Safepoint "G1CollectForAllocation", Time since last: 622644334 ns, Reaching safepoint: 170416 ns, At safepoint: 32822667 ns, Total: 32993083 ns
[2022-04-29T04:19:14.134+0000][82][safepoint   ] Safepoint "Cleanup", Time since last: 1003723292 ns, Reaching safepoint: 446459 ns, At safepoint: 13583 ns, Total: 460042 ns
[2022-04-29T04:19:15.139+0000][82][safepoint   ] Safepoint "Cleanup", Time since last: 1005263500 ns, Reaching safepoint: 202209 ns, At safepoint: 15083 ns, Total: 217292 ns
[2022-04-29T04:19:16.147+0000][82][safepoint   ] Safepoint "Cleanup", Time since last: 1007260542 ns, Reaching safepoint: 520375 ns, At safepoint: 27042 ns, Total: 547417 ns
[2022-04-29T04:19:17.163+0000][82][safepoint   ] Safepoint "Cleanup", Time since last: 1016027250 ns, Reaching safepoint: 168792 ns, At safepoint: 5125 ns, Total: 173917 ns
[2022-04-29T04:19:18.166+0000][82][safepoint   ] Safepoint "Cleanup", Time since last: 1002888959 ns, Reaching safepoint: 124791 ns, At safepoint: 2792 ns, Total: 127583 ns
[2022-04-29T04:19:19.173+0000][82][safepoint   ] Safepoint "Cleanup", Time since last: 1005783959 ns, Reaching safepoint: 456958 ns, At safepoint: 11000 ns, Total: 467958 ns
[2022-04-29T04:19:20.176+0000][82][safepoint   ] Safepoint "Cleanup", Time since last: 1003746459 ns, Reaching safepoint: 152958 ns, At safepoint: 6000 ns, Total: 158958 ns
[2022-04-29T04:19:21.183+0000][82][safepoint   ] Safepoint "Cleanup", Time since last: 1006035209 ns, Reaching safepoint: 146292 ns, At safepoint: 4750 ns, Total: 151042 ns
[2022-04-29T04:19:22.185+0000][82][safepoint   ] Safepoint "Cleanup", Time since last: 1001691084 ns, Reaching safepoint: 480750 ns, At safepoint: 33750 ns, Total: 514500 ns
[2022-04-29T04:19:24.193+0000][82][safepoint   ] Safepoint "Cleanup", Time since last: 2007582292 ns, Reaching safepoint: 722500 ns, At safepoint: 16000 ns, Total: 738500 ns
[2022-04-29T04:19:25.194+0000][82][safepoint   ] Safepoint "Cleanup", Time since last: 1001190876 ns, Reaching safepoint: 125416 ns, At safepoint: 3709 ns, Total: 129125 ns
[2022-04-29T04:19:27.199+0000][82][safepoint   ] Safepoint "Cleanup", Time since last: 2004720584 ns, Reaching safepoint: 187875 ns, At safepoint: 6833 ns, Total: 194708 ns
[2022-04-29T04:19:29.208+0000][82][safepoint   ] Safepoint "Cleanup", Time since last: 2007958251 ns, Reaching safepoint: 293959 ns, At safepoint: 68208 ns, Total: 362167 ns
[2022-04-29T04:19:30.212+0000][82][safepoint   ] Safepoint "Cleanup", Time since last: 1004506750 ns, Reaching safepoint: 97333 ns, At safepoint: 4125 ns, Total: 101458 ns
[2022-04-29T04:19:31.213+0000][82][safepoint   ] Safepoint "Cleanup", Time since last: 1000856834 ns, Reaching safepoint: 397041 ns, At safepoint: 13375 ns, Total: 410416 ns
[2022-04-29T04:19:32.217+0000][82][safepoint   ] Safepoint "Cleanup", Time since last: 1002524709 ns, Reaching safepoint: 1660167 ns, At safepoint: 14708 ns, Total: 1674875 ns
[2022-04-29T04:19:33.227+0000][82][safepoint   ] Safepoint "Cleanup", Time since last: 1009243251 ns, Reaching safepoint: 242250 ns, At safepoint: 6416 ns, Total: 248666 ns
[2022-04-29T04:19:34.236+0000][82][safepoint   ] Safepoint "Cleanup", Time since last: 1009085001 ns, Reaching safepoint: 222416 ns, At safepoint: 8959 ns, Total: 231375 ns
[2022-04-29T04:19:36.244+0000][82][safepoint   ] Safepoint "Cleanup", Time since last: 2007962209 ns, Reaching safepoint: 111792 ns, At safepoint: 3500 ns, Total: 115292 ns
[2022-04-29T04:19:36.448+0000][82][safepoint   ] Safepoint "ICBufferFull", Time since last: 203824625 ns, Reaching safepoint: 216417 ns, At safepoint: 16041 ns, Total: 232458 ns
[2022-04-29T04:19:37.451+0000][82][safepoint   ] Safepoint "Cleanup", Time since last: 1002352251 ns, Reaching safepoint: 347291 ns, At safepoint: 8542 ns, Total: 355833 ns
[2022-04-29T04:19:38.463+0000][82][safepoint   ] Safepoint "Cleanup", Time since last: 1011653500 ns, Reaching safepoint: 316500 ns, At safepoint: 17375 ns, Total: 333875 ns
[2022-04-29T04:19:39.473+0000][82][safepoint   ] Safepoint "Cleanup", Time since last: 1010239084 ns, Reaching safepoint: 218042 ns, At safepoint: 7917 ns, Total: 225959 ns
[2022-04-29T04:19:42.480+0000][82][safepoint   ] Safepoint "Cleanup", Time since last: 3006453084 ns, Reaching safepoint: 195042 ns, At safepoint: 5208 ns, Total: 200250 ns
[2022-04-29T04:19:43.481+0000][82][safepoint   ] Safepoint "Cleanup", Time since last: 1001102251 ns, Reaching safepoint: 176208 ns, At safepoint: 4959 ns, Total: 181167 ns
[2022-04-29T04:19:44.493+0000][82][safepoint   ] Safepoint "Cleanup", Time since last: 1010979708 ns, Reaching safepoint: 661917 ns, At safepoint: 7667 ns, Total: 669584 ns
[2022-04-29T04:19:45.499+0000][82][safepoint   ] Safepoint "Cleanup", Time since last: 1004601959 ns, Reaching safepoint: 998833 ns, At safepoint: 18458 ns, Total: 1017291 ns
[2022-04-29T04:19:47.509+0000][82][safepoint   ] Safepoint "Cleanup", Time since last: 2009999334 ns, Reaching safepoint: 274959 ns, At safepoint: 16958 ns, Total: 291917 ns
[2022-04-29T04:19:48.520+0000][82][safepoint   ] Safepoint "Cleanup", Time since last: 1010857501 ns, Reaching safepoint: 180083 ns, At safepoint: 4417 ns, Total: 184500 ns
[2022-04-29T04:19:49.525+0000][82][safepoint   ] Safepoint "Cleanup", Time since last: 1004886667 ns, Reaching safepoint: 356708 ns, At safepoint: 15042 ns, Total: 371750 ns
[2022-04-29T04:19:51.534+0000][82][safepoint   ] Safepoint "Cleanup", Time since last: 2008116501 ns, Reaching safepoint: 234041 ns, At safepoint: 7417 ns, Total: 241458 ns
[2022-04-29T04:19:52.536+0000][82][safepoint   ] Safepoint "Cleanup", Time since last: 1002406209 ns, Reaching safepoint: 334208 ns, At safepoint: 14792 ns, Total: 349000 ns
[2022-04-29T04:19:54.547+0000][82][safepoint   ] Safepoint "Cleanup", Time since last: 2010747751 ns, Reaching safepoint: 155458 ns, At safepoint: 4542 ns, Total: 160000 ns
[2022-04-29T04:19:55.557+0000][82][safepoint   ] Safepoint "Cleanup", Time since last: 1009611000 ns, Reaching safepoint: 324500 ns, At safepoint: 10959 ns, Total: 335459 ns
[2022-04-29T04:19:57.570+0000][82][safepoint   ] Safepoint "Cleanup", Time since last: 2012398001 ns, Reaching safepoint: 325083 ns, At safepoint: 9292 ns, Total: 334375 ns
[2022-04-29T04:19:58.583+0000][82][safepoint   ] Safepoint "Cleanup", Time since last: 1013066167 ns, Reaching safepoint: 306250 ns, At safepoint: 7375 ns, Total: 313625 ns
[2022-04-29T04:19:59.590+0000][82][safepoint   ] Safepoint "Cleanup", Time since last: 1006470250 ns, Reaching safepoint: 234375 ns, At safepoint: 7709 ns, Total: 242084 ns
[2022-04-29T04:20:00.593+0000][82][safepoint   ] Safepoint "Cleanup", Time since last: 1003335166 ns, Reaching safepoint: 249292 ns, At safepoint: 37667 ns, Total: 286959 ns
[2022-04-29T04:20:01.598+0000][82][safepoint   ] Safepoint "Cleanup", Time since last: 1004417417 ns, Reaching safepoint: 155750 ns, At safepoint: 3458 ns, Total: 159208 ns
[2022-04-29T04:20:02.609+0000][82][safepoint   ] Safepoint "Cleanup", Time since last: 1011167209 ns, Reaching safepoint: 303292 ns, At safepoint: 9958 ns, Total: 313250 ns
[2022-04-29T04:20:03.617+0000][82][safepoint   ] Safepoint "Cleanup", Time since last: 1006561834 ns, Reaching safepoint: 1082083 ns, At safepoint: 40167 ns, Total: 1122250 ns
[2022-04-29T04:20:04.627+0000][82][safepoint   ] Safepoint "Cleanup", Time since last: 1009543334 ns, Reaching safepoint: 488791 ns, At safepoint: 15125 ns, Total: 503916 ns
[2022-04-29T04:20:06.404+0000][82][safepoint   ] Safepoint "Cleanup", Time since last: 1776671293 ns, Reaching safepoint: 101417 ns, At safepoint: 11875 ns, Total: 113292 ns
[2022-04-29T04:20:07.406+0000][82][safepoint   ] Safepoint "Cleanup", Time since last: 1001113958 ns, Reaching safepoint: 794792 ns, At safepoint: 14250 ns, Total: 809042 ns
[2022-04-29T04:20:08.409+0000][82][safepoint   ] Safepoint "Cleanup", Time since last: 1003048750 ns, Reaching safepoint: 233959 ns, At safepoint: 11166 ns, Total: 245125 ns
[2022-04-29T04:20:09.433+0000][82][safepoint   ] Safepoint "Cleanup", Time since last: 1024238334 ns, Reaching safepoint: 131459 ns, At safepoint: 7333 ns, Total: 138792 ns
[2022-04-29T04:20:10.441+0000][82][safepoint   ] Safepoint "Cleanup", Time since last: 1006792750 ns, Reaching safepoint: 451000 ns, At safepoint: 9500 ns, Total: 460500 ns
[2022-04-29T04:20:12.449+0000][82][safepoint   ] Safepoint "Cleanup", Time since last: 2007852751 ns, Reaching safepoint: 231750 ns, At safepoint: 4500 ns, Total: 236250 ns
[2022-04-29T04:20:13.461+0000][82][safepoint   ] Safepoint "Cleanup", Time since last: 1011321334 ns, Reaching safepoint: 749709 ns, At safepoint: 16458 ns, Total: 766167 ns
[2022-04-29T04:20:14.478+0000][82][safepoint   ] Safepoint "Cleanup", Time since last: 1016875500 ns, Reaching safepoint: 223625 ns, At safepoint: 8709 ns, Total: 232334 ns
[2022-04-29T04:20:15.482+0000][82][safepoint   ] Safepoint "Cleanup", Time since last: 1004159333 ns, Reaching safepoint: 296667 ns, At safepoint: 7333 ns, Total: 304000 ns
[2022-04-29T04:20:16.484+0000][82][safepoint   ] Safepoint "Cleanup", Time since last: 1000879918 ns, Reaching safepoint: 193291 ns, At safepoint: 4292 ns, Total: 197583 ns
[2022-04-29T04:20:17.487+0000][82][safepoint   ] Safepoint "Cleanup", Time since last: 1002774292 ns, Reaching safepoint: 506083 ns, At safepoint: 8250 ns, Total: 514333 ns
[2022-04-29T04:20:18.493+0000][82][safepoint   ] Safepoint "Cleanup", Time since last: 1006144584 ns, Reaching safepoint: 280459 ns, At safepoint: 20708 ns, Total: 301167 ns
[2022-04-29T04:20:19.498+0000][82][safepoint   ] Safepoint "Cleanup", Time since last: 1003662834 ns, Reaching safepoint: 1451166 ns, At safepoint: 18750 ns, Total: 1469916 ns
[2022-04-29T04:20:21.506+0000][82][safepoint   ] Safepoint "Cleanup", Time since last: 2007700043 ns, Reaching safepoint: 259917 ns, At safepoint: 9583 ns, Total: 269500 ns
[2022-04-29T04:20:22.511+0000][82][safepoint   ] Safepoint "Cleanup", Time since last: 1004640001 ns, Reaching safepoint: 73791 ns, At safepoint: 2584 ns, Total: 76375 ns
[2022-04-29T04:20:24.516+0000][82][safepoint   ] Safepoint "Cleanup", Time since last: 2004642375 ns, Reaching safepoint: 168917 ns, At safepoint: 3917 ns, Total: 172834 ns
[2022-04-29T04:20:25.519+0000][82][safepoint   ] Safepoint "Cleanup", Time since last: 1002939167 ns, Reaching safepoint: 470292 ns, At safepoint: 22500 ns, Total: 492792 ns
[2022-04-29T04:20:27.531+0000][82][safepoint   ] Safepoint "Cleanup", Time since last: 2010794667 ns, Reaching safepoint: 589834 ns, At safepoint: 23208 ns, Total: 613042 ns
[2022-04-29T04:20:29.546+0000][82][safepoint   ] Safepoint "Cleanup", Time since last: 2015305876 ns, Reaching safepoint: 357917 ns, At safepoint: 15958 ns, Total: 373875 ns
[2022-04-29T04:20:30.171+0000][82][gc,start    ] GC(18) Pause Young (Normal) (G1 Evacuation Pause)
[2022-04-29T04:20:30.172+0000][82][gc,task     ] GC(18) Using 5 workers of 5 for evacuation
[2022-04-29T04:20:30.173+0000][82][gc,age      ] GC(18) Desired survivor size 20971520 bytes, new threshold 15 (max threshold 15)
[2022-04-29T04:20:30.181+0000][82][gc,age      ] GC(18) Age table with threshold 15 (max threshold 15)
[2022-04-29T04:20:30.182+0000][82][gc,age      ] GC(18) - age   1:    1613336 bytes,    1613336 total
[2022-04-29T04:20:30.183+0000][82][gc,age      ] GC(18) - age   2:    4149176 bytes,    5762512 total
[2022-04-29T04:20:30.184+0000][82][gc,age      ] GC(18) - age   3:    8245184 bytes,   14007696 total
[2022-04-29T04:20:30.185+0000][82][gc,age      ] GC(18) - age   4:     731000 bytes,   14738696 total
[2022-04-29T04:20:30.186+0000][82][gc,phases   ] GC(18)   Pre Evacuate Collection Set: 0.1ms
[2022-04-29T04:20:30.187+0000][82][gc,phases   ] GC(18)   Merge Heap Roots: 0.2ms
[2022-04-29T04:20:30.187+0000][82][gc,phases   ] GC(18)   Evacuate Collection Set: 5.3ms
[2022-04-29T04:20:30.188+0000][82][gc,phases   ] GC(18)   Post Evacuate Collection Set: 1.1ms
[2022-04-29T04:20:30.189+0000][82][gc,phases   ] GC(18)   Other: 7.8ms
[2022-04-29T04:20:30.189+0000][82][gc,heap     ] GC(18) Eden regions: 71->0(72)
[2022-04-29T04:20:30.190+0000][82][gc,heap     ] GC(18) Survivor regions: 5->4(10)
[2022-04-29T04:20:30.191+0000][82][gc,heap     ] GC(18) Old regions: 16->16
[2022-04-29T04:20:30.191+0000][82][gc,heap     ] GC(18) Archive regions: 2->2
[2022-04-29T04:20:30.193+0000][82][gc,heap     ] GC(18) Humongous regions: 6->6
[2022-04-29T04:20:30.193+0000][82][gc,metaspace] GC(18) Metaspace: 107670K(109312K)->107670K(109312K) NonClass: 92899K(93888K)->92899K(93888K) Class: 14770K(15424K)->14770K(15424K)
[2022-04-29T04:20:30.194+0000][82][gc          ] GC(18) Pause Young (Normal) (G1 Evacuation Pause) 390M->104M(512M) 22.962ms
[2022-04-29T04:20:30.195+0000][82][gc,cpu      ] GC(18) User=0.03s Sys=0.00s Real=0.03s
[2022-04-29T04:20:30.195+0000][82][safepoint   ] Safepoint "G1CollectForAllocation", Time since last: 591785583 ns, Reaching safepoint: 158917 ns, At safepoint: 24136458 ns, Total: 24295375 ns
[2022-04-29T04:20:31.198+0000][82][safepoint   ] Safepoint "Cleanup", Time since last: 1002312334 ns, Reaching safepoint: 261083 ns, At safepoint: 8792 ns, Total: 269875 ns
[2022-04-29T04:20:32.207+0000][82][safepoint   ] Safepoint "Cleanup", Time since last: 1008450000 ns, Reaching safepoint: 717375 ns, At safepoint: 82625 ns, Total: 800000 ns
[2022-04-29T04:20:33.223+0000][82][safepoint   ] Safepoint "Cleanup", Time since last: 1015414209 ns, Reaching safepoint: 147084 ns, At safepoint: 89375 ns, Total: 236459 ns
[2022-04-29T04:20:35.235+0000][82][safepoint   ] Safepoint "Cleanup", Time since last: 2011564542 ns, Reaching safepoint: 602917 ns, At safepoint: 144083 ns, Total: 747000 ns
[2022-04-29T04:20:36.240+0000][82][safepoint   ] Safepoint "Cleanup", Time since last: 1004944084 ns, Reaching safepoint: 78625 ns, At safepoint: 3417 ns, Total: 82042 ns
[2022-04-29T04:20:37.253+0000][82][safepoint   ] Safepoint "Cleanup", Time since last: 1011991167 ns, Reaching safepoint: 833042 ns, At safepoint: 117166 ns, Total: 950208 ns
[2022-04-29T04:20:38.256+0000][82][safepoint   ] Safepoint "Cleanup", Time since last: 1002941917 ns, Reaching safepoint: 232584 ns, At safepoint: 7250 ns, Total: 239834 ns
[2022-04-29T04:20:39.258+0000][82][safepoint   ] Safepoint "Cleanup", Time since last: 1001203667 ns, Reaching safepoint: 75292 ns, At safepoint: 3333 ns, Total: 78625 ns
[2022-04-29T04:20:42.260+0000][82][safepoint   ] Safepoint "Cleanup", Time since last: 3002342251 ns, Reaching safepoint: 201292 ns, At safepoint: 4250 ns, Total: 205542 ns
[2022-04-29T04:20:43.262+0000][82][safepoint   ] Safepoint "Cleanup", Time since last: 1001379459 ns, Reaching safepoint: 281333 ns, At safepoint: 4875 ns, Total: 286208 ns
[2022-04-29T04:20:44.264+0000][82][safepoint   ] Safepoint "Cleanup", Time since last: 1001353584 ns, Reaching safepoint: 1341000 ns, At safepoint: 9833 ns, Total: 1350833 ns
[2022-04-29T04:20:45.273+0000][82][safepoint   ] Safepoint "Cleanup", Time since last: 1008953334 ns, Reaching safepoint: 93583 ns, At safepoint: 4917 ns, Total: 98500 ns
[2022-04-29T04:20:47.279+0000][82][safepoint   ] Safepoint "Cleanup", Time since last: 2005551334 ns, Reaching safepoint: 259625 ns, At safepoint: 9334 ns, Total: 268959 ns
[2022-04-29T04:20:48.282+0000][82][safepoint   ] Safepoint "Cleanup", Time since last: 1002194625 ns, Reaching safepoint: 203917 ns, At safepoint: 4458 ns, Total: 208375 ns
[2022-04-29T04:20:49.285+0000][82][safepoint   ] Safepoint "Cleanup", Time since last: 1002205459 ns, Reaching safepoint: 719750 ns, At safepoint: 72750 ns, Total: 792500 ns
[2022-04-29T04:20:51.291+0000][82][safepoint   ] Safepoint "Cleanup", Time since last: 2006104251 ns, Reaching safepoint: 81667 ns, At safepoint: 160375 ns, Total: 242042 ns
[2022-04-29T04:20:52.297+0000][82][safepoint   ] Safepoint "Cleanup", Time since last: 1004108708 ns, Reaching safepoint: 1347417 ns, At safepoint: 29875 ns, Total: 1377292 ns
[2022-04-29T04:20:54.303+0000][82][safepoint   ] Safepoint "Cleanup", Time since last: 2006023584 ns, Reaching safepoint: 90000 ns, At safepoint: 4209 ns, Total: 94209 ns
[2022-04-29T04:20:55.307+0000][82][safepoint   ] Safepoint "Cleanup", Time since last: 1004355708 ns, Reaching safepoint: 253584 ns, At safepoint: 13916 ns, Total: 267500 ns
[2022-04-29T04:20:57.319+0000][82][safepoint   ] Safepoint "Cleanup", Time since last: 2011585418 ns, Reaching safepoint: 354458 ns, At safepoint: 33959 ns, Total: 388417 ns
[2022-04-29T04:20:59.326+0000][82][safepoint   ] Safepoint "Cleanup", Time since last: 2006740251 ns, Reaching safepoint: 308958 ns, At safepoint: 20583 ns, Total: 329541 ns
[2022-04-29T04:21:00.682+0000][82][safepoint   ] Safepoint "Cleanup", Time since last: 1006038625 ns, Reaching safepoint: 124375 ns, At safepoint: 3750 ns, Total: 128125 ns
[2022-04-29T04:21:01.683+0000][82][safepoint   ] Safepoint "Cleanup", Time since last: 1001339584 ns, Reaching safepoint: 163500 ns, At safepoint: 4125 ns, Total: 167625 ns
[2022-04-29T04:21:02.686+0000][82][safepoint   ] Safepoint "Cleanup", Time since last: 1002456459 ns, Reaching safepoint: 268250 ns, At safepoint: 23291 ns, Total: 291541 ns
[2022-04-29T04:21:03.690+0000][82][safepoint   ] Safepoint "Cleanup", Time since last: 1003417417 ns, Reaching safepoint: 147375 ns, At safepoint: 6334 ns, Total: 153709 ns
[2022-04-29T04:21:04.693+0000][82][safepoint   ] Safepoint "Cleanup", Time since last: 1003335167 ns, Reaching safepoint: 206041 ns, At safepoint: 6250 ns, Total: 212291 ns
[2022-04-29T04:21:06.697+0000][82][safepoint   ] Safepoint "Cleanup", Time since last: 2003058710 ns, Reaching safepoint: 967875 ns, At safepoint: 11083 ns, Total: 978958 ns
[2022-04-29T04:21:07.699+0000][82][safepoint   ] Safepoint "Cleanup", Time since last: 1001400376 ns, Reaching safepoint: 151833 ns, At safepoint: 5125 ns, Total: 156958 ns
[2022-04-29T04:21:08.703+0000][82][safepoint   ] Safepoint "Cleanup", Time since last: 1003606792 ns, Reaching safepoint: 146792 ns, At safepoint: 6833 ns, Total: 153625 ns
[2022-04-29T04:21:09.708+0000][82][safepoint   ] Safepoint "Cleanup", Time since last: 1005392292 ns, Reaching safepoint: 260250 ns, At safepoint: 4917 ns, Total: 265167 ns
[2022-04-29T04:21:10.711+0000][82][safepoint   ] Safepoint "Cleanup", Time since last: 1002725459 ns, Reaching safepoint: 205958 ns, At safepoint: 4583 ns, Total: 210541 ns
[2022-04-29T04:21:12.718+0000][82][safepoint   ] Safepoint "Cleanup", Time since last: 2006958376 ns, Reaching safepoint: 164042 ns, At safepoint: 4167 ns, Total: 168209 ns
[2022-04-29T04:21:13.723+0000][82][safepoint   ] Safepoint "Cleanup", Time since last: 1004320208 ns, Reaching safepoint: 209417 ns, At safepoint: 4667 ns, Total: 214084 ns
[2022-04-29T04:21:14.727+0000][82][safepoint   ] Safepoint "Cleanup", Time since last: 1003132542 ns, Reaching safepoint: 621708 ns, At safepoint: 19000 ns, Total: 640708 ns
[2022-04-29T04:21:15.736+0000][82][safepoint   ] Safepoint "Cleanup", Time since last: 1008768292 ns, Reaching safepoint: 138459 ns, At safepoint: 4541 ns, Total: 143000 ns
[2022-04-29T04:21:17.757+0000][82][safepoint   ] Safepoint "Cleanup", Time since last: 2008663501 ns, Reaching safepoint: 13221417 ns, At safepoint: 33958 ns, Total: 13255375 ns
[2022-04-29T04:21:18.760+0000][82][safepoint   ] Safepoint "Cleanup", Time since last: 1002561001 ns, Reaching safepoint: 156458 ns, At safepoint: 4250 ns, Total: 160708 ns
[2022-04-29T04:21:19.761+0000][82][safepoint   ] Safepoint "Cleanup", Time since last: 1000616084 ns, Reaching safepoint: 169375 ns, At safepoint: 7667 ns, Total: 177042 ns
[2022-04-29T04:21:20.762+0000][82][safepoint   ] Safepoint "Cleanup", Time since last: 1000790167 ns, Reaching safepoint: 453833 ns, At safepoint: 12500 ns, Total: 466333 ns
[2022-04-29T04:21:21.773+0000][82][safepoint   ] Safepoint "Cleanup", Time since last: 1009684959 ns, Reaching safepoint: 731792 ns, At safepoint: 16375 ns, Total: 748167 ns
[2022-04-29T04:21:22.787+0000][82][safepoint   ] Safepoint "Cleanup", Time since last: 1014005708 ns, Reaching safepoint: 213584 ns, At safepoint: 12916 ns, Total: 226500 ns
[2022-04-29T04:21:24.793+0000][82][safepoint   ] Safepoint "Cleanup", Time since last: 2005896460 ns, Reaching safepoint: 148958 ns, At safepoint: 20667 ns, Total: 169625 ns
[2022-04-29T04:21:25.795+0000][82][safepoint   ] Safepoint "Cleanup", Time since last: 1001802834 ns, Reaching safepoint: 264041 ns, At safepoint: 15709 ns, Total: 279750 ns
[2022-04-29T04:21:26.814+0000][82][safepoint   ] Safepoint "Cleanup", Time since last: 1019089250 ns, Reaching safepoint: 134833 ns, At safepoint: 2667 ns, Total: 137500 ns
[2022-04-29T04:21:27.816+0000][82][safepoint   ] Safepoint "Cleanup", Time since last: 1001580501 ns, Reaching safepoint: 125416 ns, At safepoint: 5000 ns, Total: 130416 ns
[2022-04-29T04:21:29.822+0000][82][safepoint   ] Safepoint "Cleanup", Time since last: 2004739043 ns, Reaching safepoint: 939708 ns, At safepoint: 20708 ns, Total: 960416 ns
[2022-04-29T04:21:30.839+0000][82][safepoint   ] Safepoint "Cleanup", Time since last: 1016839792 ns, Reaching safepoint: 221458 ns, At safepoint: 4417 ns, Total: 225875 ns
[2022-04-29T04:21:31.850+0000][82][safepoint   ] Safepoint "Cleanup", Time since last: 1011397042 ns, Reaching safepoint: 475292 ns, At safepoint: 11208 ns, Total: 486500 ns
[2022-04-29T04:21:32.859+0000][82][safepoint   ] Safepoint "Cleanup", Time since last: 1007565626 ns, Reaching safepoint: 690958 ns, At safepoint: 16958 ns, Total: 707916 ns
[2022-04-29T04:21:33.863+0000][82][safepoint   ] Safepoint "Cleanup", Time since last: 1004404584 ns, Reaching safepoint: 293875 ns, At safepoint: 10917 ns, Total: 304792 ns
[2022-04-29T04:21:34.868+0000][82][safepoint   ] Safepoint "Cleanup", Time since last: 1003519875 ns, Reaching safepoint: 694834 ns, At safepoint: 7875 ns, Total: 702709 ns
[2022-04-29T04:21:36.884+0000][82][safepoint   ] Safepoint "Cleanup", Time since last: 2015910417 ns, Reaching safepoint: 114250 ns, At safepoint: 4000 ns, Total: 118250 ns
[2022-04-29T04:21:37.886+0000][82][safepoint   ] Safepoint "Cleanup", Time since last: 1002217459 ns, Reaching safepoint: 137542 ns, At safepoint: 4666 ns, Total: 142208 ns
[2022-04-29T04:21:38.895+0000][82][safepoint   ] Safepoint "Cleanup", Time since last: 1008208501 ns, Reaching safepoint: 377333 ns, At safepoint: 14458 ns, Total: 391791 ns
[2022-04-29T04:21:39.906+0000][82][safepoint   ] Safepoint "Cleanup", Time since last: 1011737751 ns, Reaching safepoint: 136875 ns, At safepoint: 4208 ns, Total: 141083 ns
[2022-04-29T04:21:41.921+0000][82][safepoint   ] Safepoint "Cleanup", Time since last: 2013627835 ns, Reaching safepoint: 1291125 ns, At safepoint: 14041 ns, Total: 1305166 ns
[2022-04-29T04:21:42.940+0000][82][safepoint   ] Safepoint "Cleanup", Time since last: 1017828042 ns, Reaching safepoint: 373917 ns, At safepoint: 24458 ns, Total: 398375 ns
[2022-04-29T04:21:43.943+0000][82][safepoint   ] Safepoint "Cleanup", Time since last: 1003005834 ns, Reaching safepoint: 364292 ns, At safepoint: 19000 ns, Total: 383292 ns
[2022-04-29T04:21:44.951+0000][82][safepoint   ] Safepoint "Cleanup", Time since last: 1007407542 ns, Reaching safepoint: 241833 ns, At safepoint: 12000 ns, Total: 253833 ns
[2022-04-29T04:21:45.956+0000][82][safepoint   ] Safepoint "Cleanup", Time since last: 1004721959 ns, Reaching safepoint: 287334 ns, At safepoint: 12833 ns, Total: 300167 ns
[2022-04-29T04:21:46.968+0000][82][safepoint   ] Safepoint "Cleanup", Time since last: 1011690375 ns, Reaching safepoint: 429334 ns, At safepoint: 18083 ns, Total: 447417 ns
[2022-04-29T04:21:47.976+0000][82][safepoint   ] Safepoint "Cleanup", Time since last: 1007393125 ns, Reaching safepoint: 802500 ns, At safepoint: 21042 ns, Total: 823542 ns
[2022-04-29T04:21:48.983+0000][82][safepoint   ] Safepoint "Cleanup", Time since last: 1006930001 ns, Reaching safepoint: 97291 ns, At safepoint: 1834 ns, Total: 99125 ns
[2022-04-29T04:21:49.990+0000][82][safepoint   ] Safepoint "Cleanup", Time since last: 1006186625 ns, Reaching safepoint: 403458 ns, At safepoint: 11792 ns, Total: 415250 ns
[2022-04-29T04:21:51.995+0000][82][safepoint   ] Safepoint "Cleanup", Time since last: 2004638418 ns, Reaching safepoint: 416125 ns, At safepoint: 13916 ns, Total: 430041 ns
[2022-04-29T04:21:53.003+0000][82][safepoint   ] Safepoint "Cleanup", Time since last: 1008153668 ns, Reaching safepoint: 506333 ns, At safepoint: 14750 ns, Total: 521083 ns
[2022-04-29T04:21:54.199+0000][82][gc,start    ] GC(19) Pause Young (Normal) (G1 Evacuation Pause)
[2022-04-29T04:21:54.201+0000][82][gc,task     ] GC(19) Using 5 workers of 5 for evacuation
[2022-04-29T04:21:54.204+0000][82][gc,age      ] GC(19) Desired survivor size 20971520 bytes, new threshold 15 (max threshold 15)
[2022-04-29T04:21:54.220+0000][82][gc,age      ] GC(19) Age table with threshold 15 (max threshold 15)
[2022-04-29T04:21:54.221+0000][82][gc,age      ] GC(19) - age   1:    1287600 bytes,    1287600 total
[2022-04-29T04:21:54.223+0000][82][gc,age      ] GC(19) - age   2:     493544 bytes,    1781144 total
[2022-04-29T04:21:54.223+0000][82][gc,age      ] GC(19) - age   3:    4146480 bytes,    5927624 total
[2022-04-29T04:21:54.225+0000][82][gc,age      ] GC(19) - age   4:    8244624 bytes,   14172248 total
[2022-04-29T04:21:54.225+0000][82][gc,age      ] GC(19) - age   5:     731000 bytes,   14903248 total
[2022-04-29T04:21:54.227+0000][82][gc,phases   ] GC(19)   Pre Evacuate Collection Set: 0.7ms
[2022-04-29T04:21:54.228+0000][82][gc,phases   ] GC(19)   Merge Heap Roots: 0.2ms
[2022-04-29T04:21:54.229+0000][82][gc,phases   ] GC(19)   Evacuate Collection Set: 9.6ms
[2022-04-29T04:21:54.231+0000][82][gc,phases   ] GC(19)   Post Evacuate Collection Set: 2.0ms
[2022-04-29T04:21:54.231+0000][82][gc,phases   ] GC(19)   Other: 15.5ms
[2022-04-29T04:21:54.232+0000][82][gc,heap     ] GC(19) Eden regions: 72->0(72)
[2022-04-29T04:21:54.233+0000][82][gc,heap     ] GC(19) Survivor regions: 4->4(10)
[2022-04-29T04:21:54.234+0000][82][gc,heap     ] GC(19) Old regions: 16->16
[2022-04-29T04:21:54.235+0000][82][gc,heap     ] GC(19) Archive regions: 2->2
[2022-04-29T04:21:54.235+0000][82][gc,heap     ] GC(19) Humongous regions: 6->6
[2022-04-29T04:21:54.236+0000][82][gc,metaspace] GC(19) Metaspace: 108525K(110144K)->108525K(110144K) NonClass: 93753K(94720K)->93753K(94720K) Class: 14772K(15424K)->14772K(15424K)
[2022-04-29T04:21:54.237+0000][82][gc          ] GC(19) Pause Young (Normal) (G1 Evacuation Pause) 392M->105M(512M) 38.195ms
[2022-04-29T04:21:54.238+0000][82][gc,cpu      ] GC(19) User=0.04s Sys=0.00s Real=0.04s
[2022-04-29T04:21:54.239+0000][82][safepoint   ] Safepoint "G1CollectForAllocation", Time since last: 1195038584 ns, Reaching safepoint: 172666 ns, At safepoint: 40302959 ns, Total: 40475625 ns
[2022-04-29T04:21:55.242+0000][82][safepoint   ] Safepoint "Cleanup", Time since last: 1002863500 ns, Reaching safepoint: 325167 ns, At safepoint: 17875 ns, Total: 343042 ns
[2022-04-29T04:21:56.249+0000][82][safepoint   ] Safepoint "Cleanup", Time since last: 1006191584 ns, Reaching safepoint: 167625 ns, At safepoint: 7083 ns, Total: 174708 ns
[2022-04-29T04:21:57.251+0000][82][safepoint   ] Safepoint "Cleanup", Time since last: 1002192292 ns, Reaching safepoint: 510292 ns, At safepoint: 15292 ns, Total: 525584 ns
[2022-04-29T04:21:58.260+0000][82][safepoint   ] Safepoint "Cleanup", Time since last: 1008691458 ns, Reaching safepoint: 394292 ns, At safepoint: 7250 ns, Total: 401542 ns
[2022-04-29T04:21:59.264+0000][82][safepoint   ] Safepoint "Cleanup", Time since last: 1002660834 ns, Reaching safepoint: 751542 ns, At safepoint: 13875 ns, Total: 765417 ns
[2022-04-29T04:22:00.270+0000][82][safepoint   ] Safepoint "Cleanup", Time since last: 1006243292 ns, Reaching safepoint: 378791 ns, At safepoint: 18000 ns, Total: 396791 ns
[2022-04-29T04:22:01.275+0000][82][safepoint   ] Safepoint "Cleanup", Time since last: 1003958709 ns, Reaching safepoint: 402166 ns, At safepoint: 11417 ns, Total: 413583 ns
[2022-04-29T04:22:02.281+0000][82][safepoint   ] Safepoint "Cleanup", Time since last: 1005379625 ns, Reaching safepoint: 84834 ns, At safepoint: 2458 ns, Total: 87292 ns
[2022-04-29T04:22:04.285+0000][82][safepoint   ] Safepoint "Cleanup", Time since last: 2004180001 ns, Reaching safepoint: 321958 ns, At safepoint: 38209 ns, Total: 360167 ns
[2022-04-29T04:22:05.294+0000][82][safepoint   ] Safepoint "Cleanup", Time since last: 1008148708 ns, Reaching safepoint: 424459 ns, At safepoint: 16375 ns, Total: 440834 ns
[2022-04-29T04:22:07.310+0000][82][safepoint   ] Safepoint "Cleanup", Time since last: 2015466417 ns, Reaching safepoint: 369459 ns, At safepoint: 44541 ns, Total: 414000 ns
[2022-04-29T04:22:08.315+0000][82][safepoint   ] Safepoint "Cleanup", Time since last: 1004257501 ns, Reaching safepoint: 851042 ns, At safepoint: 30958 ns, Total: 882000 ns
[2022-04-29T04:22:10.337+0000][82][safepoint   ] Safepoint "Cleanup", Time since last: 2022289709 ns, Reaching safepoint: 286042 ns, At safepoint: 10417 ns, Total: 296459 ns
[2022-04-29T04:22:12.351+0000][82][safepoint   ] Safepoint "Cleanup", Time since last: 2013636834 ns, Reaching safepoint: 231708 ns, At safepoint: 8667 ns, Total: 240375 ns
[2022-04-29T04:22:13.366+0000][82][safepoint   ] Safepoint "Cleanup", Time since last: 1014539042 ns, Reaching safepoint: 151625 ns, At safepoint: 11125 ns, Total: 162750 ns
[2022-04-29T04:22:15.377+0000][82][safepoint   ] Safepoint "Cleanup", Time since last: 2010890001 ns, Reaching safepoint: 242500 ns, At safepoint: 8333 ns, Total: 250833 ns
[2022-04-29T04:22:16.386+0000][82][safepoint   ] Safepoint "Cleanup", Time since last: 1008322876 ns, Reaching safepoint: 366208 ns, At safepoint: 15958 ns, Total: 382166 ns
[2022-04-29T04:22:17.398+0000][82][safepoint   ] Safepoint "Cleanup", Time since last: 1011132668 ns, Reaching safepoint: 460041 ns, At safepoint: 96000 ns, Total: 556041 ns
[2022-04-29T04:22:19.410+0000][82][safepoint   ] Safepoint "Cleanup", Time since last: 2011649710 ns, Reaching safepoint: 717875 ns, At safepoint: 71541 ns, Total: 789416 ns
[2022-04-29T04:22:20.421+0000][82][safepoint   ] Safepoint "Cleanup", Time since last: 1010714959 ns, Reaching safepoint: 335292 ns, At safepoint: 23708 ns, Total: 359000 ns
[2022-04-29T04:22:21.430+0000][82][safepoint   ] Safepoint "Cleanup", Time since last: 1008623417 ns, Reaching safepoint: 111333 ns, At safepoint: 3875 ns, Total: 115208 ns
[2022-04-29T04:22:22.443+0000][82][safepoint   ] Safepoint "Cleanup", Time since last: 1012736668 ns, Reaching safepoint: 580666 ns, At safepoint: 20292 ns, Total: 600958 ns
[2022-04-29T04:22:25.456+0000][82][safepoint   ] Safepoint "Cleanup", Time since last: 3012236085 ns, Reaching safepoint: 251250 ns, At safepoint: 9500 ns, Total: 260750 ns
[2022-04-29T04:22:27.463+0000][82][safepoint   ] Safepoint "Cleanup", Time since last: 2007056126 ns, Reaching safepoint: 345875 ns, At safepoint: 14333 ns, Total: 360208 ns
[2022-04-29T04:22:28.472+0000][82][safepoint   ] Safepoint "Cleanup", Time since last: 1008954209 ns, Reaching safepoint: 479291 ns, At safepoint: 22625 ns, Total: 501916 ns
[2022-04-29T04:22:30.493+0000][82][safepoint   ] Safepoint "Cleanup", Time since last: 2020173418 ns, Reaching safepoint: 139000 ns, At safepoint: 5667 ns, Total: 144667 ns
[2022-04-29T04:22:31.497+0000][82][safepoint   ] Safepoint "Cleanup", Time since last: 1003855500 ns, Reaching safepoint: 242792 ns, At safepoint: 7500 ns, Total: 250292 ns
[2022-04-29T04:22:32.502+0000][82][safepoint   ] Safepoint "Cleanup", Time since last: 1005009375 ns, Reaching safepoint: 265833 ns, At safepoint: 12417 ns, Total: 278250 ns
[2022-04-29T04:22:33.525+0000][82][safepoint   ] Safepoint "Cleanup", Time since last: 1023276584 ns, Reaching safepoint: 332250 ns, At safepoint: 13542 ns, Total: 345792 ns
[2022-04-29T04:22:35.539+0000][82][safepoint   ] Safepoint "Cleanup", Time since last: 2013221584 ns, Reaching safepoint: 350875 ns, At safepoint: 18708 ns, Total: 369583 ns
[2022-04-29T04:22:37.550+0000][82][safepoint   ] Safepoint "Cleanup", Time since last: 2010950085 ns, Reaching safepoint: 148208 ns, At safepoint: 5125 ns, Total: 153333 ns
[2022-04-29T04:22:38.553+0000][82][safepoint   ] Safepoint "Cleanup", Time since last: 1002369209 ns, Reaching safepoint: 188250 ns, At safepoint: 5125 ns, Total: 193375 ns
[2022-04-29T04:22:40.564+0000][82][safepoint   ] Safepoint "Cleanup", Time since last: 2010853667 ns, Reaching safepoint: 345792 ns, At safepoint: 30333 ns, Total: 376125 ns
[2022-04-29T04:22:42.582+0000][82][safepoint   ] Safepoint "Cleanup", Time since last: 2017645710 ns, Reaching safepoint: 208458 ns, At safepoint: 9208 ns, Total: 217666 ns
[2022-04-29T04:22:43.595+0000][82][safepoint   ] Safepoint "Cleanup", Time since last: 1013001334 ns, Reaching safepoint: 174792 ns, At safepoint: 16041 ns, Total: 190833 ns
[2022-04-29T04:22:44.600+0000][82][safepoint   ] Safepoint "Cleanup", Time since last: 1004263334 ns, Reaching safepoint: 211917 ns, At safepoint: 8208 ns, Total: 220125 ns
[2022-04-29T04:22:45.605+0000][82][safepoint   ] Safepoint "Cleanup", Time since last: 1005026459 ns, Reaching safepoint: 209958 ns, At safepoint: 13917 ns, Total: 223875 ns
[2022-04-29T04:22:47.610+0000][82][safepoint   ] Safepoint "Cleanup", Time since last: 2004190293 ns, Reaching safepoint: 598333 ns, At safepoint: 12000 ns, Total: 610333 ns
[2022-04-29T04:22:48.613+0000][82][safepoint   ] Safepoint "Cleanup", Time since last: 1002857875 ns, Reaching safepoint: 295042 ns, At safepoint: 31125 ns, Total: 326167 ns
[2022-04-29T04:22:49.625+0000][82][safepoint   ] Safepoint "Cleanup", Time since last: 1011945876 ns, Reaching safepoint: 221500 ns, At safepoint: 4750 ns, Total: 226250 ns
[2022-04-29T04:22:50.636+0000][82][safepoint   ] Safepoint "Cleanup", Time since last: 1010093208 ns, Reaching safepoint: 627625 ns, At safepoint: 16834 ns, Total: 644459 ns
[2022-04-29T04:22:51.642+0000][82][safepoint   ] Safepoint "Cleanup", Time since last: 1006327084 ns, Reaching safepoint: 100708 ns, At safepoint: 6250 ns, Total: 106958 ns
[2022-04-29T04:22:52.649+0000][82][safepoint   ] Safepoint "Cleanup", Time since last: 1006064875 ns, Reaching safepoint: 355959 ns, At safepoint: 9375 ns, Total: 365334 ns
[2022-04-29T04:22:54.662+0000][82][safepoint   ] Safepoint "Cleanup", Time since last: 2012948251 ns, Reaching safepoint: 506541 ns, At safepoint: 45042 ns, Total: 551583 ns
[2022-04-29T04:22:55.674+0000][82][safepoint   ] Safepoint "Cleanup", Time since last: 1011657709 ns, Reaching safepoint: 316583 ns, At safepoint: 10333 ns, Total: 326916 ns
[2022-04-29T04:22:57.688+0000][82][safepoint   ] Safepoint "Cleanup", Time since last: 2014098835 ns, Reaching safepoint: 265916 ns, At safepoint: 6459 ns, Total: 272375 ns
[2022-04-29T04:23:00.696+0000][82][safepoint   ] Safepoint "Cleanup", Time since last: 3007140709 ns, Reaching safepoint: 174959 ns, At safepoint: 3750 ns, Total: 178709 ns
[2022-04-29T04:23:01.700+0000][82][safepoint   ] Safepoint "Cleanup", Time since last: 1004374708 ns, Reaching safepoint: 232209 ns, At safepoint: 14875 ns, Total: 247084 ns
[2022-04-29T04:23:02.703+0000][82][safepoint   ] Safepoint "Cleanup", Time since last: 1001851084 ns, Reaching safepoint: 322916 ns, At safepoint: 15500 ns, Total: 338416 ns
[2022-04-29T04:23:03.709+0000][82][safepoint   ] Safepoint "Cleanup", Time since last: 1006667376 ns, Reaching safepoint: 106291 ns, At safepoint: 7709 ns, Total: 114000 ns
[2022-04-29T04:23:05.716+0000][82][safepoint   ] Safepoint "Cleanup", Time since last: 2005579751 ns, Reaching safepoint: 746416 ns, At safepoint: 54125 ns, Total: 800541 ns
[2022-04-29T04:23:06.724+0000][82][safepoint   ] Safepoint "Cleanup", Time since last: 1008310001 ns, Reaching safepoint: 120166 ns, At safepoint: 5209 ns, Total: 125375 ns
[2022-04-29T04:23:07.727+0000][82][safepoint   ] Safepoint "Cleanup", Time since last: 1002072584 ns, Reaching safepoint: 280375 ns, At safepoint: 7583 ns, Total: 287958 ns
[2022-04-29T04:23:09.740+0000][82][safepoint   ] Safepoint "Cleanup", Time since last: 2013406668 ns, Reaching safepoint: 155041 ns, At safepoint: 6042 ns, Total: 161083 ns
[2022-04-29T04:23:12.745+0000][82][safepoint   ] Safepoint "Cleanup", Time since last: 3004388376 ns, Reaching safepoint: 270000 ns, At safepoint: 4917 ns, Total: 274917 ns
[2022-04-29T04:23:13.746+0000][82][safepoint   ] Safepoint "Cleanup", Time since last: 1001366792 ns, Reaching safepoint: 114708 ns, At safepoint: 2709 ns, Total: 117417 ns
[2022-04-29T04:23:13.993+0000][82][gc,start    ] GC(20) Pause Young (Normal) (G1 Evacuation Pause)
[2022-04-29T04:23:13.994+0000][82][gc,task     ] GC(20) Using 5 workers of 5 for evacuation
[2022-04-29T04:23:13.994+0000][82][gc,age      ] GC(20) Desired survivor size 20971520 bytes, new threshold 15 (max threshold 15)
[2022-04-29T04:23:14.004+0000][82][gc,age      ] GC(20) Age table with threshold 15 (max threshold 15)
[2022-04-29T04:23:14.005+0000][82][gc,age      ] GC(20) - age   1:    2092104 bytes,    2092104 total
[2022-04-29T04:23:14.006+0000][82][gc,age      ] GC(20) - age   2:      86104 bytes,    2178208 total
[2022-04-29T04:23:14.007+0000][82][gc,age      ] GC(20) - age   3:     380800 bytes,    2559008 total
[2022-04-29T04:23:14.008+0000][82][gc,age      ] GC(20) - age   4:    4066520 bytes,    6625528 total
[2022-04-29T04:23:14.008+0000][82][gc,age      ] GC(20) - age   5:    8099928 bytes,   14725456 total
[2022-04-29T04:23:14.009+0000][82][gc,age      ] GC(20) - age   6:     731000 bytes,   15456456 total
[2022-04-29T04:23:14.010+0000][82][gc,phases   ] GC(20)   Pre Evacuate Collection Set: 0.1ms
[2022-04-29T04:23:14.010+0000][82][gc,phases   ] GC(20)   Merge Heap Roots: 0.2ms
[2022-04-29T04:23:14.011+0000][82][gc,phases   ] GC(20)   Evacuate Collection Set: 8.0ms
[2022-04-29T04:23:14.012+0000][82][gc,phases   ] GC(20)   Post Evacuate Collection Set: 0.9ms
[2022-04-29T04:23:14.012+0000][82][gc,phases   ] GC(20)   Other: 7.6ms
[2022-04-29T04:23:14.013+0000][82][gc,heap     ] GC(20) Eden regions: 72->0(72)
[2022-04-29T04:23:14.016+0000][82][gc,heap     ] GC(20) Survivor regions: 4->4(10)
[2022-04-29T04:23:14.017+0000][82][gc,heap     ] GC(20) Old regions: 16->16
[2022-04-29T04:23:14.018+0000][82][gc,heap     ] GC(20) Archive regions: 2->2
[2022-04-29T04:23:14.019+0000][82][gc,heap     ] GC(20) Humongous regions: 6->6
[2022-04-29T04:23:14.020+0000][82][gc,metaspace] GC(20) Metaspace: 109111K(110720K)->109111K(110720K) NonClass: 94332K(95296K)->94332K(95296K) Class: 14779K(15424K)->14779K(15424K)
[2022-04-29T04:23:14.020+0000][82][gc          ] GC(20) Pause Young (Normal) (G1 Evacuation Pause) 393M->105M(512M) 27.409ms
[2022-04-29T04:23:14.021+0000][82][gc,cpu      ] GC(20) User=0.03s Sys=0.00s Real=0.02s
[2022-04-29T04:23:14.021+0000][82][safepoint   ] Safepoint "G1CollectForAllocation", Time since last: 246606500 ns, Reaching safepoint: 105875 ns, At safepoint: 28380917 ns, Total: 28486792 ns
[2022-04-29T04:23:15.023+0000][82][safepoint   ] Safepoint "Cleanup", Time since last: 1001334083 ns, Reaching safepoint: 50917 ns, At safepoint: 2333 ns, Total: 53250 ns
[2022-04-29T04:23:16.026+0000][82][safepoint   ] Safepoint "Cleanup", Time since last: 1003293918 ns, Reaching safepoint: 185083 ns, At safepoint: 4167 ns, Total: 189250 ns
[2022-04-29T04:23:17.028+0000][82][safepoint   ] Safepoint "Cleanup", Time since last: 1001280750 ns, Reaching safepoint: 436292 ns, At safepoint: 12208 ns, Total: 448500 ns
[2022-04-29T04:23:18.042+0000][82][safepoint   ] Safepoint "Cleanup", Time since last: 1013583667 ns, Reaching safepoint: 321792 ns, At safepoint: 14750 ns, Total: 336542 ns
[2022-04-29T04:23:19.054+0000][82][safepoint   ] Safepoint "Cleanup", Time since last: 1011689334 ns, Reaching safepoint: 63208 ns, At safepoint: 3917 ns, Total: 67125 ns
[2022-04-29T04:23:20.058+0000][82][safepoint   ] Safepoint "Cleanup", Time since last: 1004395625 ns, Reaching safepoint: 255917 ns, At safepoint: 87625 ns, Total: 343542 ns
[2022-04-29T04:23:22.066+0000][82][safepoint   ] Safepoint "Cleanup", Time since last: 2007757251 ns, Reaching safepoint: 332958 ns, At safepoint: 15958 ns, Total: 348916 ns
[2022-04-29T04:23:23.081+0000][82][safepoint   ] Safepoint "Cleanup", Time since last: 1014254084 ns, Reaching safepoint: 474625 ns, At safepoint: 20709 ns, Total: 495334 ns
[2022-04-29T04:23:25.090+0000][82][safepoint   ] Safepoint "Cleanup", Time since last: 2008675792 ns, Reaching safepoint: 113417 ns, At safepoint: 3750 ns, Total: 117167 ns
[2022-04-29T04:23:28.104+0000][82][safepoint   ] Safepoint "Cleanup", Time since last: 3012935210 ns, Reaching safepoint: 762375 ns, At safepoint: 13750 ns, Total: 776125 ns
[2022-04-29T04:23:30.115+0000][82][safepoint   ] Safepoint "Cleanup", Time since last: 2010398584 ns, Reaching safepoint: 788583 ns, At safepoint: 23834 ns, Total: 812417 ns
[2022-04-29T04:23:31.130+0000][82][safepoint   ] Safepoint "Cleanup", Time since last: 1015112250 ns, Reaching safepoint: 123208 ns, At safepoint: 5333 ns, Total: 128541 ns
[2022-04-29T04:23:33.141+0000][82][safepoint   ] Safepoint "Cleanup", Time since last: 2010738210 ns, Reaching safepoint: 330250 ns, At safepoint: 8416 ns, Total: 338666 ns
[2022-04-29T04:23:34.146+0000][82][safepoint   ] Safepoint "Cleanup", Time since last: 1003957709 ns, Reaching safepoint: 516209 ns, At safepoint: 17291 ns, Total: 533500 ns
[2022-04-29T04:23:35.155+0000][82][safepoint   ] Safepoint "Cleanup", Time since last: 1008924459 ns, Reaching safepoint: 290750 ns, At safepoint: 16000 ns, Total: 306750 ns
[2022-04-29T04:23:36.985+0000][82][safepoint   ] Safepoint "Cleanup", Time since last: 1829984501 ns, Reaching safepoint: 83042 ns, At safepoint: 17416 ns, Total: 100458 ns
[2022-04-29T04:23:37.989+0000][82][safepoint   ] Safepoint "Cleanup", Time since last: 1003405167 ns, Reaching safepoint: 586792 ns, At safepoint: 15500 ns, Total: 602292 ns
[2022-04-29T04:23:39.707+0000][82][safepoint   ] Safepoint "Cleanup", Time since last: 1718070251 ns, Reaching safepoint: 65458 ns, At safepoint: 1292 ns, Total: 66750 ns
[2022-04-29T04:23:40.712+0000][82][safepoint   ] Safepoint "Cleanup", Time since last: 1004202417 ns, Reaching safepoint: 453708 ns, At safepoint: 16792 ns, Total: 470500 ns
[2022-04-29T04:23:42.719+0000][82][safepoint   ] Safepoint "Cleanup", Time since last: 2006215543 ns, Reaching safepoint: 168750 ns, At safepoint: 7250 ns, Total: 176000 ns
[2022-04-29T04:23:43.720+0000][82][safepoint   ] Safepoint "Cleanup", Time since last: 1001527875 ns, Reaching safepoint: 79250 ns, At safepoint: 2292 ns, Total: 81542 ns
[2022-04-29T04:23:45.731+0000][82][safepoint   ] Safepoint "Cleanup", Time since last: 2010847209 ns, Reaching safepoint: 189167 ns, At safepoint: 3333 ns, Total: 192500 ns
[2022-04-29T04:23:47.747+0000][82][safepoint   ] Safepoint "Cleanup", Time since last: 2015153376 ns, Reaching safepoint: 715958 ns, At safepoint: 20500 ns, Total: 736458 ns
[2022-04-29T04:23:48.761+0000][82][safepoint   ] Safepoint "Cleanup", Time since last: 1014232543 ns, Reaching safepoint: 105041 ns, At safepoint: 15375 ns, Total: 120416 ns
[2022-04-29T04:23:49.764+0000][82][safepoint   ] Safepoint "Cleanup", Time since last: 1002019459 ns, Reaching safepoint: 541000 ns, At safepoint: 18583 ns, Total: 559583 ns
[2022-04-29T04:23:50.767+0000][82][safepoint   ] Safepoint "Cleanup", Time since last: 1003332959 ns, Reaching safepoint: 129458 ns, At safepoint: 5959 ns, Total: 135417 ns
[2022-04-29T04:23:51.776+0000][82][safepoint   ] Safepoint "Cleanup", Time since last: 1008057625 ns, Reaching safepoint: 432417 ns, At safepoint: 52958 ns, Total: 485375 ns
[2022-04-29T04:23:52.790+0000][82][safepoint   ] Safepoint "Cleanup", Time since last: 1012910292 ns, Reaching safepoint: 606959 ns, At safepoint: 14833 ns, Total: 621792 ns
[2022-04-29T04:23:54.803+0000][82][safepoint   ] Safepoint "Cleanup", Time since last: 2013112501 ns, Reaching safepoint: 121500 ns, At safepoint: 4125 ns, Total: 125625 ns
[2022-04-29T04:23:55.807+0000][82][safepoint   ] Safepoint "Cleanup", Time since last: 1003697126 ns, Reaching safepoint: 244083 ns, At safepoint: 7542 ns, Total: 251625 ns
[2022-04-29T04:23:57.821+0000][82][safepoint   ] Safepoint "Cleanup", Time since last: 2014167167 ns, Reaching safepoint: 211042 ns, At safepoint: 11083 ns, Total: 222125 ns
[2022-04-29T04:23:59.836+0000][82][safepoint   ] Safepoint "Cleanup", Time since last: 2013960876 ns, Reaching safepoint: 413792 ns, At safepoint: 15625 ns, Total: 429417 ns
[2022-04-29T04:24:00.844+0000][82][safepoint   ] Safepoint "Cleanup", Time since last: 1007973458 ns, Reaching safepoint: 267375 ns, At safepoint: 11333 ns, Total: 278708 ns
[2022-04-29T04:24:01.846+0000][82][safepoint   ] Safepoint "Cleanup", Time since last: 1001613375 ns, Reaching safepoint: 390542 ns, At safepoint: 3708 ns, Total: 394250 ns
[2022-04-29T04:24:02.848+0000][82][safepoint   ] Safepoint "Cleanup", Time since last: 1001984876 ns, Reaching safepoint: 120250 ns, At safepoint: 4333 ns, Total: 124583 ns
[2022-04-29T04:24:03.852+0000][82][safepoint   ] Safepoint "Cleanup", Time since last: 1003035042 ns, Reaching safepoint: 693625 ns, At safepoint: 78542 ns, Total: 772167 ns
[2022-04-29T04:24:05.881+0000][82][safepoint   ] Safepoint "Cleanup", Time since last: 2029494418 ns, Reaching safepoint: 141458 ns, At safepoint: 4917 ns, Total: 146375 ns
[2022-04-29T04:24:06.884+0000][82][safepoint   ] Safepoint "Cleanup", Time since last: 1002573750 ns, Reaching safepoint: 155000 ns, At safepoint: 4667 ns, Total: 159667 ns
[2022-04-29T04:24:07.898+0000][82][safepoint   ] Safepoint "Cleanup", Time since last: 1013916709 ns, Reaching safepoint: 191291 ns, At safepoint: 6042 ns, Total: 197333 ns
[2022-04-29T04:24:08.904+0000][82][safepoint   ] Safepoint "Cleanup", Time since last: 1004756917 ns, Reaching safepoint: 958083 ns, At safepoint: 7084 ns, Total: 965167 ns
[2022-04-29T04:24:10.923+0000][82][safepoint   ] Safepoint "Cleanup", Time since last: 2018808959 ns, Reaching safepoint: 125792 ns, At safepoint: 3666 ns, Total: 129458 ns
[2022-04-29T04:24:11.951+0000][82][safepoint   ] Safepoint "Cleanup", Time since last: 1013569793 ns, Reaching safepoint: 14600625 ns, At safepoint: 23250 ns, Total: 14623875 ns
[2022-04-29T04:24:12.954+0000][82][safepoint   ] Safepoint "Cleanup", Time since last: 1003305958 ns, Reaching safepoint: 154000 ns, At safepoint: 4375 ns, Total: 158375 ns
[2022-04-29T04:24:13.956+0000][82][safepoint   ] Safepoint "Cleanup", Time since last: 1001502793 ns, Reaching safepoint: 255000 ns, At safepoint: 3916 ns, Total: 258916 ns
[2022-04-29T04:24:15.960+0000][82][safepoint   ] Safepoint "Cleanup", Time since last: 2003882335 ns, Reaching safepoint: 167250 ns, At safepoint: 6416 ns, Total: 173666 ns
[2022-04-29T04:24:17.967+0000][82][safepoint   ] Safepoint "Cleanup", Time since last: 2006498584 ns, Reaching safepoint: 532375 ns, At safepoint: 7042 ns, Total: 539417 ns
[2022-04-29T04:24:18.972+0000][82][safepoint   ] Safepoint "Cleanup", Time since last: 1004236084 ns, Reaching safepoint: 61708 ns, At safepoint: 2167 ns, Total: 63875 ns
[2022-04-29T04:24:19.973+0000][82][safepoint   ] Safepoint "Cleanup", Time since last: 1001236250 ns, Reaching safepoint: 87000 ns, At safepoint: 3167 ns, Total: 90167 ns
[2022-04-29T04:24:20.975+0000][82][safepoint   ] Safepoint "Cleanup", Time since last: 1001774334 ns, Reaching safepoint: 394792 ns, At safepoint: 10833 ns, Total: 405625 ns
[2022-04-29T04:24:21.985+0000][82][safepoint   ] Safepoint "Cleanup", Time since last: 1009288625 ns, Reaching safepoint: 401459 ns, At safepoint: 10041 ns, Total: 411500 ns
[2022-04-29T04:24:22.987+0000][82][safepoint   ] Safepoint "Cleanup", Time since last: 1002370793 ns, Reaching safepoint: 274166 ns, At safepoint: 8417 ns, Total: 282583 ns
[2022-04-29T04:24:24.990+0000][82][safepoint   ] Safepoint "Cleanup", Time since last: 2002547876 ns, Reaching safepoint: 56791 ns, At safepoint: 4250 ns, Total: 61041 ns
[2022-04-29T04:24:25.994+0000][82][safepoint   ] Safepoint "Cleanup", Time since last: 1003996626 ns, Reaching safepoint: 303792 ns, At safepoint: 7375 ns, Total: 311167 ns
[2022-04-29T04:24:26.997+0000][82][safepoint   ] Safepoint "Cleanup", Time since last: 1002659667 ns, Reaching safepoint: 99041 ns, At safepoint: 3292 ns, Total: 102333 ns
[2022-04-29T04:24:28.001+0000][82][safepoint   ] Safepoint "Cleanup", Time since last: 1003181251 ns, Reaching safepoint: 167583 ns, At safepoint: 4500 ns, Total: 172083 ns
[2022-04-29T04:24:30.005+0000][82][safepoint   ] Safepoint "Cleanup", Time since last: 2003871126 ns, Reaching safepoint: 407792 ns, At safepoint: 33416 ns, Total: 441208 ns
[2022-04-29T04:39:15.429+0000][82][safepoint   ] Safepoint "Cleanup", Time since last: 1001378625 ns, Reaching safepoint: 134959 ns, At safepoint: 3833 ns, Total: 138792 ns
[2022-04-29T04:39:16.431+0000][82][safepoint   ] Safepoint "Cleanup", Time since last: 1001564042 ns, Reaching safepoint: 147375 ns, At safepoint: 13417 ns, Total: 160792 ns
[2022-04-29T04:39:17.438+0000][82][safepoint   ] Safepoint "Cleanup", Time since last: 1006254375 ns, Reaching safepoint: 591667 ns, At safepoint: 10667 ns, Total: 602334 ns
[2022-04-29T04:39:18.115+0000][82][gc,start    ] GC(21) Pause Young (Normal) (G1 Evacuation Pause)
[2022-04-29T04:39:18.117+0000][82][gc,task     ] GC(21) Using 5 workers of 5 for evacuation
[2022-04-29T04:39:18.119+0000][82][gc,age      ] GC(21) Desired survivor size 20971520 bytes, new threshold 15 (max threshold 15)
[2022-04-29T04:39:18.141+0000][82][gc,age      ] GC(21) Age table with threshold 15 (max threshold 15)
[2022-04-29T04:39:18.142+0000][82][gc,age      ] GC(21) - age   1:     951488 bytes,     951488 total
[2022-04-29T04:39:18.144+0000][82][gc,age      ] GC(21) - age   2:     499896 bytes,    1451384 total
[2022-04-29T04:39:18.146+0000][82][gc,age      ] GC(21) - age   3:      53040 bytes,    1504424 total
[2022-04-29T04:39:18.148+0000][82][gc,age      ] GC(21) - age   4:     261304 bytes,    1765728 total
[2022-04-29T04:39:18.149+0000][82][gc,age      ] GC(21) - age   5:    4028384 bytes,    5794112 total
[2022-04-29T04:39:18.150+0000][82][gc,age      ] GC(21) - age   6:    7967552 bytes,   13761664 total
[2022-04-29T04:39:18.151+0000][82][gc,age      ] GC(21) - age   7:     731000 bytes,   14492664 total
[2022-04-29T04:39:18.152+0000][82][gc,phases   ] GC(21)   Pre Evacuate Collection Set: 0.2ms
[2022-04-29T04:39:18.154+0000][82][gc,phases   ] GC(21)   Merge Heap Roots: 0.7ms
[2022-04-29T04:39:18.155+0000][82][gc,phases   ] GC(21)   Evacuate Collection Set: 16.8ms
[2022-04-29T04:39:18.156+0000][82][gc,phases   ] GC(21)   Post Evacuate Collection Set: 2.3ms
[2022-04-29T04:39:18.157+0000][82][gc,phases   ] GC(21)   Other: 17.7ms
[2022-04-29T04:39:18.158+0000][82][gc,heap     ] GC(21) Eden regions: 72->0(72)
[2022-04-29T04:39:18.159+0000][82][gc,heap     ] GC(21) Survivor regions: 4->4(10)
[2022-04-29T04:39:18.160+0000][82][gc,heap     ] GC(21) Old regions: 16->16
[2022-04-29T04:39:18.161+0000][82][gc,heap     ] GC(21) Archive regions: 2->2
[2022-04-29T04:39:18.162+0000][82][gc,heap     ] GC(21) Humongous regions: 6->6
[2022-04-29T04:39:18.163+0000][82][gc,metaspace] GC(21) Metaspace: 109658K(111232K)->109658K(111232K) NonClass: 94873K(95808K)->94873K(95808K) Class: 14784K(15424K)->14784K(15424K)
[2022-04-29T04:39:18.164+0000][82][gc          ] GC(21) Pause Young (Normal) (G1 Evacuation Pause) 393M->105M(512M) 49.665ms
[2022-04-29T04:39:18.165+0000][82][gc,cpu      ] GC(21) User=0.07s Sys=0.00s Real=0.05s
[2022-04-29T04:39:18.168+0000][82][safepoint   ] Safepoint "G1CollectForAllocation", Time since last: 676492542 ns, Reaching safepoint: 470000 ns, At safepoint: 53750000 ns, Total: 54220000 ns
[2022-04-29T04:39:20.176+0000][82][safepoint   ] Safepoint "Cleanup", Time since last: 2006841584 ns, Reaching safepoint: 364167 ns, At safepoint: 35000 ns, Total: 399167 ns
[2022-04-29T04:39:21.177+0000][82][safepoint   ] Safepoint "Cleanup", Time since last: 1001778083 ns, Reaching safepoint: 115959 ns, At safepoint: 3500 ns, Total: 119459 ns
[2022-04-29T04:39:22.180+0000][82][safepoint   ] Safepoint "Cleanup", Time since last: 1001924000 ns, Reaching safepoint: 231292 ns, At safepoint: 18417 ns, Total: 249709 ns
[2022-04-29T04:39:24.184+0000][82][safepoint   ] Safepoint "Cleanup", Time since last: 2003688792 ns, Reaching safepoint: 688625 ns, At safepoint: 6542 ns, Total: 695167 ns
[2022-04-29T04:39:25.189+0000][82][safepoint   ] Safepoint "Cleanup", Time since last: 1005274042 ns, Reaching safepoint: 179083 ns, At safepoint: 17542 ns, Total: 196625 ns
[2022-04-29T04:39:27.198+0000][82][safepoint   ] Safepoint "Cleanup", Time since last: 2008588834 ns, Reaching safepoint: 283292 ns, At safepoint: 53292 ns, Total: 336584 ns
[2022-04-29T04:39:28.200+0000][82][safepoint   ] Safepoint "Cleanup", Time since last: 1001492417 ns, Reaching safepoint: 217791 ns, At safepoint: 4875 ns, Total: 222666 ns
[2022-04-29T04:39:30.204+0000][82][safepoint   ] Safepoint "Cleanup", Time since last: 2003538501 ns, Reaching safepoint: 126084 ns, At safepoint: 3833 ns, Total: 129917 ns
[2022-04-29T04:39:32.208+0000][82][safepoint   ] Safepoint "Cleanup", Time since last: 2003509793 ns, Reaching safepoint: 360083 ns, At safepoint: 10083 ns, Total: 370166 ns
[2022-04-29T04:39:33.213+0000][82][safepoint   ] Safepoint "Cleanup", Time since last: 1004688209 ns, Reaching safepoint: 171584 ns, At safepoint: 17666 ns, Total: 189250 ns
[2022-04-29T04:39:34.214+0000][82][safepoint   ] Safepoint "Cleanup", Time since last: 1000949834 ns, Reaching safepoint: 56292 ns, At safepoint: 3791 ns, Total: 60083 ns
[2022-04-29T04:39:35.215+0000][82][safepoint   ] Safepoint "Cleanup", Time since last: 1000871334 ns, Reaching safepoint: 430417 ns, At safepoint: 7666 ns, Total: 438083 ns
[2022-04-29T04:39:36.221+0000][82][safepoint   ] Safepoint "Cleanup", Time since last: 1006169584 ns, Reaching safepoint: 136459 ns, At safepoint: 5583 ns, Total: 142042 ns
[2022-04-29T04:39:37.226+0000][82][safepoint   ] Safepoint "Cleanup", Time since last: 1004429084 ns, Reaching safepoint: 153041 ns, At safepoint: 5125 ns, Total: 158166 ns
[2022-04-29T04:39:39.231+0000][82][safepoint   ] Safepoint "Cleanup", Time since last: 2004963376 ns, Reaching safepoint: 272000 ns, At safepoint: 5000 ns, Total: 277000 ns
[2022-04-29T04:39:40.234+0000][82][safepoint   ] Safepoint "Cleanup", Time since last: 1002933918 ns, Reaching safepoint: 132750 ns, At safepoint: 2500 ns, Total: 135250 ns
[2022-04-29T04:39:41.236+0000][82][safepoint   ] Safepoint "Cleanup", Time since last: 1001617625 ns, Reaching safepoint: 348542 ns, At safepoint: 7375 ns, Total: 355917 ns
[2022-04-29T04:39:42.240+0000][82][safepoint   ] Safepoint "Cleanup", Time since last: 1003589833 ns, Reaching safepoint: 305584 ns, At safepoint: 7291 ns, Total: 312875 ns
[2022-04-29T04:39:45.246+0000][82][safepoint   ] Safepoint "Cleanup", Time since last: 3008128293 ns, Reaching safepoint: 211875 ns, At safepoint: 65292 ns, Total: 277167 ns
[2022-04-29T04:39:47.254+0000][82][safepoint   ] Safepoint "Cleanup", Time since last: 2007059917 ns, Reaching safepoint: 155750 ns, At safepoint: 5834 ns, Total: 161584 ns
[2022-04-29T04:39:48.257+0000][82][safepoint   ] Safepoint "Cleanup", Time since last: 1002672750 ns, Reaching safepoint: 330917 ns, At safepoint: 9083 ns, Total: 340000 ns
[2022-04-29T04:39:50.262+0000][82][safepoint   ] Safepoint "Cleanup", Time since last: 2005045001 ns, Reaching safepoint: 368667 ns, At safepoint: 12666 ns, Total: 381333 ns
[2022-04-29T04:39:51.275+0000][82][safepoint   ] Safepoint "Cleanup", Time since last: 1013105043 ns, Reaching safepoint: 301125 ns, At safepoint: 9333 ns, Total: 310458 ns
[2022-04-29T04:39:52.276+0000][82][safepoint   ] Safepoint "Cleanup", Time since last: 1000900000 ns, Reaching safepoint: 179625 ns, At safepoint: 4334 ns, Total: 183959 ns
[2022-04-29T04:39:53.281+0000][82][safepoint   ] Safepoint "Cleanup", Time since last: 1004433792 ns, Reaching safepoint: 129541 ns, At safepoint: 6000 ns, Total: 135541 ns
[2022-04-29T04:39:54.285+0000][82][safepoint   ] Safepoint "Cleanup", Time since last: 1003561126 ns, Reaching safepoint: 362958 ns, At safepoint: 11084 ns, Total: 374042 ns
[2022-04-29T04:39:55.297+0000][82][safepoint   ] Safepoint "Cleanup", Time since last: 1012117833 ns, Reaching safepoint: 350917 ns, At safepoint: 8667 ns, Total: 359584 ns
[2022-04-29T04:39:57.303+0000][82][safepoint   ] Safepoint "Cleanup", Time since last: 2005485917 ns, Reaching safepoint: 49584 ns, At safepoint: 2250 ns, Total: 51834 ns
[2022-04-29T04:39:58.305+0000][82][safepoint   ] Safepoint "Cleanup", Time since last: 1001879459 ns, Reaching safepoint: 195250 ns, At safepoint: 5333 ns, Total: 200583 ns
[2022-04-29T04:39:59.312+0000][82][safepoint   ] Safepoint "Cleanup", Time since last: 1006149792 ns, Reaching safepoint: 924583 ns, At safepoint: 54334 ns, Total: 978917 ns
[2022-04-29T04:40:00.317+0000][82][safepoint   ] Safepoint "Cleanup", Time since last: 1004751167 ns, Reaching safepoint: 266250 ns, At safepoint: 8125 ns, Total: 274375 ns
[2022-04-29T04:40:02.329+0000][82][safepoint   ] Safepoint "Cleanup", Time since last: 2011180334 ns, Reaching safepoint: 221000 ns, At safepoint: 7333 ns, Total: 228333 ns
[2022-04-29T04:40:03.332+0000][82][safepoint   ] Safepoint "Cleanup", Time since last: 1003260376 ns, Reaching safepoint: 498000 ns, At safepoint: 15292 ns, Total: 513292 ns
[2022-04-29T04:40:04.334+0000][82][safepoint   ] Safepoint "Cleanup", Time since last: 1001415042 ns, Reaching safepoint: 147916 ns, At safepoint: 4709 ns, Total: 152625 ns
[2022-04-29T04:40:05.338+0000][82][safepoint   ] Safepoint "Cleanup", Time since last: 1003987292 ns, Reaching safepoint: 357333 ns, At safepoint: 7542 ns, Total: 364875 ns
[2022-04-29T04:40:06.358+0000][82][safepoint   ] Safepoint "Cleanup", Time since last: 1019287875 ns, Reaching safepoint: 403792 ns, At safepoint: 7583 ns, Total: 411375 ns
[2022-04-29T04:40:07.372+0000][82][safepoint   ] Safepoint "Cleanup", Time since last: 1013738959 ns, Reaching safepoint: 366084 ns, At safepoint: 8416 ns, Total: 374500 ns
[2022-04-29T04:40:09.376+0000][82][safepoint   ] Safepoint "Cleanup", Time since last: 2004002834 ns, Reaching safepoint: 99500 ns, At safepoint: 3125 ns, Total: 102625 ns
[2022-04-29T04:40:10.381+0000][82][safepoint   ] Safepoint "Cleanup", Time since last: 1003213418 ns, Reaching safepoint: 1108250 ns, At safepoint: 15125 ns, Total: 1123375 ns
[2022-04-29T04:40:12.387+0000][82][safepoint   ] Safepoint "Cleanup", Time since last: 2005511292 ns, Reaching safepoint: 458542 ns, At safepoint: 13000 ns, Total: 471542 ns
[2022-04-29T04:40:15.392+0000][82][safepoint   ] Safepoint "Cleanup", Time since last: 3006039584 ns, Reaching safepoint: 107458 ns, At safepoint: 4292 ns, Total: 111750 ns
[2022-04-29T04:40:16.673+0000][82][safepoint   ] Safepoint "Cleanup", Time since last: 1280558876 ns, Reaching safepoint: 283500 ns, At safepoint: 7166 ns, Total: 290666 ns
[2022-04-29T04:40:17.681+0000][82][safepoint   ] Safepoint "Cleanup", Time since last: 1007934209 ns, Reaching safepoint: 113125 ns, At safepoint: 4833 ns, Total: 117958 ns
[2022-04-29T04:40:18.696+0000][82][safepoint   ] Safepoint "Cleanup", Time since last: 1015132209 ns, Reaching safepoint: 112334 ns, At safepoint: 4750 ns, Total: 117084 ns
[2022-04-29T04:40:19.699+0000][82][safepoint   ] Safepoint "Cleanup", Time since last: 1003339625 ns, Reaching safepoint: 92083 ns, At safepoint: 2709 ns, Total: 94792 ns
[2022-04-29T04:40:21.707+0000][82][safepoint   ] Safepoint "Cleanup", Time since last: 2007328542 ns, Reaching safepoint: 309792 ns, At safepoint: 10208 ns, Total: 320000 ns
[2022-04-29T04:40:22.720+0000][82][safepoint   ] Safepoint "Cleanup", Time since last: 1013091459 ns, Reaching safepoint: 153125 ns, At safepoint: 4375 ns, Total: 157500 ns
[2022-04-29T04:40:24.723+0000][82][safepoint   ] Safepoint "Cleanup", Time since last: 2002786626 ns, Reaching safepoint: 129208 ns, At safepoint: 3292 ns, Total: 132500 ns
[2022-04-29T04:40:26.736+0000][82][safepoint   ] Safepoint "Cleanup", Time since last: 2011932834 ns, Reaching safepoint: 646250 ns, At safepoint: 18875 ns, Total: 665125 ns
[2022-04-29T04:40:27.742+0000][82][safepoint   ] Safepoint "Cleanup", Time since last: 1006275709 ns, Reaching safepoint: 140292 ns, At safepoint: 3667 ns, Total: 143959 ns
[2022-04-29T04:40:28.744+0000][82][safepoint   ] Safepoint "Cleanup", Time since last: 1001076292 ns, Reaching safepoint: 145666 ns, At safepoint: 5459 ns, Total: 151125 ns
[2022-04-29T04:40:29.747+0000][82][safepoint   ] Safepoint "Cleanup", Time since last: 1003142834 ns, Reaching safepoint: 94875 ns, At safepoint: 5541 ns, Total: 100416 ns
[2022-04-29T04:40:30.752+0000][82][safepoint   ] Safepoint "Cleanup", Time since last: 1005018709 ns, Reaching safepoint: 410167 ns, At safepoint: 37708 ns, Total: 447875 ns
[2022-04-29T04:40:32.321+0000][82][safepoint   ] Safepoint "Cleanup", Time since last: 1568497459 ns, Reaching safepoint: 464250 ns, At safepoint: 9125 ns, Total: 473375 ns
[2022-04-29T04:40:33.328+0000][82][safepoint   ] Safepoint "Cleanup", Time since last: 1006803459 ns, Reaching safepoint: 55750 ns, At safepoint: 2250 ns, Total: 58000 ns
[2022-04-29T04:40:34.333+0000][82][safepoint   ] Safepoint "Cleanup", Time since last: 1004905209 ns, Reaching safepoint: 291750 ns, At safepoint: 6708 ns, Total: 298458 ns
[2022-04-29T04:40:35.338+0000][82][safepoint   ] Safepoint "Cleanup", Time since last: 1004586084 ns, Reaching safepoint: 195875 ns, At safepoint: 6833 ns, Total: 202708 ns
[2022-04-29T04:40:36.345+0000][82][safepoint   ] Safepoint "Cleanup", Time since last: 1006468001 ns, Reaching safepoint: 270041 ns, At safepoint: 21542 ns, Total: 291583 ns
[2022-04-29T04:40:37.358+0000][82][safepoint   ] Safepoint "Cleanup", Time since last: 1012647792 ns, Reaching safepoint: 322459 ns, At safepoint: 13000 ns, Total: 335459 ns
[2022-04-29T04:40:39.370+0000][82][safepoint   ] Safepoint "Cleanup", Time since last: 2011892875 ns, Reaching safepoint: 150959 ns, At safepoint: 4291 ns, Total: 155250 ns
[2022-04-29T04:40:40.371+0000][82][safepoint   ] Safepoint "Cleanup", Time since last: 1000841251 ns, Reaching safepoint: 84583 ns, At safepoint: 3000 ns, Total: 87583 ns
[2022-04-29T04:40:40.391+0000][82][gc,start    ] GC(22) Pause Young (Normal) (G1 Evacuation Pause)
[2022-04-29T04:40:40.392+0000][82][gc,task     ] GC(22) Using 5 workers of 5 for evacuation
[2022-04-29T04:40:40.393+0000][82][gc,age      ] GC(22) Desired survivor size 20971520 bytes, new threshold 15 (max threshold 15)
[2022-04-29T04:40:40.402+0000][82][gc,age      ] GC(22) Age table with threshold 15 (max threshold 15)
[2022-04-29T04:40:40.403+0000][82][gc,age      ] GC(22) - age   1:    1528296 bytes,    1528296 total
[2022-04-29T04:40:40.404+0000][82][gc,age      ] GC(22) - age   2:     252800 bytes,    1781096 total
[2022-04-29T04:40:40.405+0000][82][gc,age      ] GC(22) - age   3:     497216 bytes,    2278312 total
[2022-04-29T04:40:40.406+0000][82][gc,age      ] GC(22) - age   4:      52448 bytes,    2330760 total
[2022-04-29T04:40:40.407+0000][82][gc,age      ] GC(22) - age   5:     261240 bytes,    2592000 total
[2022-04-29T04:40:40.407+0000][82][gc,age      ] GC(22) - age   6:    4027664 bytes,    6619664 total
[2022-04-29T04:40:40.408+0000][82][gc,age      ] GC(22) - age   7:    7967032 bytes,   14586696 total
[2022-04-29T04:40:40.409+0000][82][gc,age      ] GC(22) - age   8:     731000 bytes,   15317696 total
[2022-04-29T04:40:40.409+0000][82][gc,phases   ] GC(22)   Pre Evacuate Collection Set: 0.1ms
[2022-04-29T04:40:40.411+0000][82][gc,phases   ] GC(22)   Merge Heap Roots: 0.2ms
[2022-04-29T04:40:40.412+0000][82][gc,phases   ] GC(22)   Evacuate Collection Set: 6.9ms
[2022-04-29T04:40:40.413+0000][82][gc,phases   ] GC(22)   Post Evacuate Collection Set: 1.1ms
[2022-04-29T04:40:40.414+0000][82][gc,phases   ] GC(22)   Other: 9.8ms
[2022-04-29T04:40:40.414+0000][82][gc,heap     ] GC(22) Eden regions: 72->0(72)
[2022-04-29T04:40:40.415+0000][82][gc,heap     ] GC(22) Survivor regions: 4->4(10)
[2022-04-29T04:40:40.416+0000][82][gc,heap     ] GC(22) Old regions: 16->16
[2022-04-29T04:40:40.416+0000][82][gc,heap     ] GC(22) Archive regions: 2->2
[2022-04-29T04:40:40.417+0000][82][gc,heap     ] GC(22) Humongous regions: 6->6
[2022-04-29T04:40:40.417+0000][82][gc,metaspace] GC(22) Metaspace: 110399K(112064K)->110399K(112064K) NonClass: 95564K(96576K)->95564K(96576K) Class: 14834K(15488K)->14834K(15488K)
[2022-04-29T04:40:40.418+0000][82][gc          ] GC(22) Pause Young (Normal) (G1 Evacuation Pause) 393M->105M(512M) 26.473ms
[2022-04-29T04:40:40.419+0000][82][gc,cpu      ] GC(22) User=0.03s Sys=0.00s Real=0.03s
[2022-04-29T04:40:40.419+0000][82][safepoint   ] Safepoint "G1CollectForAllocation", Time since last: 20552042 ns, Reaching safepoint: 61583 ns, At safepoint: 27781542 ns, Total: 27843125 ns
[2022-04-29T04:40:42.426+0000][82][safepoint   ] Safepoint "Cleanup", Time since last: 2006221168 ns, Reaching safepoint: 132625 ns, At safepoint: 4708 ns, Total: 137333 ns
[2022-04-29T04:40:45.434+0000][82][safepoint   ] Safepoint "Cleanup", Time since last: 3007365501 ns, Reaching safepoint: 51458 ns, At safepoint: 2584 ns, Total: 54042 ns
[2022-04-29T04:40:46.439+0000][82][safepoint   ] Safepoint "Cleanup", Time since last: 1004952834 ns, Reaching safepoint: 357458 ns, At safepoint: 7042 ns, Total: 364500 ns
[2022-04-29T04:40:47.450+0000][82][safepoint   ] Safepoint "Cleanup", Time since last: 1011087208 ns, Reaching safepoint: 176292 ns, At safepoint: 5458 ns, Total: 181750 ns
[2022-04-29T04:40:48.471+0000][82][safepoint   ] Safepoint "Cleanup", Time since last: 1020135251 ns, Reaching safepoint: 258000 ns, At safepoint: 12958 ns, Total: 270958 ns
[2022-04-29T04:40:49.477+0000][82][safepoint   ] Safepoint "Cleanup", Time since last: 1005775959 ns, Reaching safepoint: 269833 ns, At safepoint: 6875 ns, Total: 276708 ns
[2022-04-29T04:40:50.490+0000][82][safepoint   ] Safepoint "Cleanup", Time since last: 1012249376 ns, Reaching safepoint: 581333 ns, At safepoint: 22292 ns, Total: 603625 ns
[2022-04-29T04:40:51.493+0000][82][safepoint   ] Safepoint "Cleanup", Time since last: 1003220417 ns, Reaching safepoint: 106083 ns, At safepoint: 4167 ns, Total: 110250 ns
[2022-04-29T04:40:52.499+0000][82][safepoint   ] Safepoint "Cleanup", Time since last: 1005557167 ns, Reaching safepoint: 251167 ns, At safepoint: 10458 ns, Total: 261625 ns
[2022-04-29T04:40:54.517+0000][82][safepoint   ] Safepoint "Cleanup", Time since last: 2017837293 ns, Reaching safepoint: 295958 ns, At safepoint: 11167 ns, Total: 307125 ns
[2022-04-29T04:40:56.533+0000][82][safepoint   ] Safepoint "Cleanup", Time since last: 2016363834 ns, Reaching safepoint: 165542 ns, At safepoint: 4333 ns, Total: 169875 ns
[2022-04-29T04:40:57.535+0000][82][safepoint   ] Safepoint "Cleanup", Time since last: 1001843125 ns, Reaching safepoint: 272417 ns, At safepoint: 22292 ns, Total: 294709 ns
[2022-04-29T04:40:58.537+0000][82][safepoint   ] Safepoint "Cleanup", Time since last: 1001748084 ns, Reaching safepoint: 69708 ns, At safepoint: 2292 ns, Total: 72000 ns
[2022-04-29T04:40:59.540+0000][82][safepoint   ] Safepoint "Cleanup", Time since last: 1002456833 ns, Reaching safepoint: 170584 ns, At safepoint: 6041 ns, Total: 176625 ns
[2022-04-29T04:41:00.547+0000][82][safepoint   ] Safepoint "Cleanup", Time since last: 1007299126 ns, Reaching safepoint: 211167 ns, At safepoint: 7916 ns, Total: 219083 ns
[2022-04-29T04:41:02.557+0000][82][safepoint   ] Safepoint "Cleanup", Time since last: 2009431710 ns, Reaching safepoint: 233750 ns, At safepoint: 7041 ns, Total: 240791 ns
[2022-04-29T04:41:03.566+0000][82][safepoint   ] Safepoint "Cleanup", Time since last: 1007588126 ns, Reaching safepoint: 964083 ns, At safepoint: 9000 ns, Total: 973083 ns
[2022-04-29T04:41:04.585+0000][82][safepoint   ] Safepoint "Cleanup", Time since last: 1002145834 ns, Reaching safepoint: 17443000 ns, At safepoint: 27208 ns, Total: 17470208 ns
[2022-04-29T04:41:06.592+0000][82][safepoint   ] Safepoint "Cleanup", Time since last: 2006326126 ns, Reaching safepoint: 504417 ns, At safepoint: 9250 ns, Total: 513667 ns
[2022-04-29T04:41:07.602+0000][82][safepoint   ] Safepoint "Cleanup", Time since last: 1009795917 ns, Reaching safepoint: 469583 ns, At safepoint: 10250 ns, Total: 479833 ns
[2022-04-29T04:41:09.629+0000][82][safepoint   ] Safepoint "Cleanup", Time since last: 2026502501 ns, Reaching safepoint: 230834 ns, At safepoint: 5125 ns, Total: 235959 ns
[2022-04-29T04:41:10.634+0000][82][safepoint   ] Safepoint "Cleanup", Time since last: 1004945167 ns, Reaching safepoint: 148791 ns, At safepoint: 8667 ns, Total: 157458 ns
[2022-04-29T04:41:12.641+0000][82][safepoint   ] Safepoint "Cleanup", Time since last: 2006019834 ns, Reaching safepoint: 301209 ns, At safepoint: 12791 ns, Total: 314000 ns
[2022-04-29T04:41:14.653+0000][82][safepoint   ] Safepoint "Cleanup", Time since last: 2011796085 ns, Reaching safepoint: 266041 ns, At safepoint: 9834 ns, Total: 275875 ns
[2022-04-29T04:41:15.658+0000][82][safepoint   ] Safepoint "Cleanup", Time since last: 1004553041 ns, Reaching safepoint: 274584 ns, At safepoint: 5500 ns, Total: 280084 ns
[2022-04-29T04:41:16.659+0000][82][safepoint   ] Safepoint "Cleanup", Time since last: 1001466459 ns, Reaching safepoint: 170750 ns, At safepoint: 5375 ns, Total: 176125 ns
[2022-04-29T04:41:17.666+0000][82][safepoint   ] Safepoint "Cleanup", Time since last: 1006186000 ns, Reaching safepoint: 190667 ns, At safepoint: 6958 ns, Total: 197625 ns
[2022-04-29T04:41:18.675+0000][82][safepoint   ] Safepoint "Cleanup", Time since last: 1009186876 ns, Reaching safepoint: 323458 ns, At safepoint: 29708 ns, Total: 353166 ns
[2022-04-29T04:41:19.683+0000][82][safepoint   ] Safepoint "Cleanup", Time since last: 1007657626 ns, Reaching safepoint: 386583 ns, At safepoint: 15083 ns, Total: 401666 ns
[2022-04-29T04:41:21.690+0000][82][safepoint   ] Safepoint "Cleanup", Time since last: 2006075585 ns, Reaching safepoint: 163125 ns, At safepoint: 63791 ns, Total: 226916 ns
[2022-04-29T04:41:22.697+0000][82][safepoint   ] Safepoint "Cleanup", Time since last: 1007150626 ns, Reaching safepoint: 367708 ns, At safepoint: 13209 ns, Total: 380917 ns
[2022-04-29T04:41:24.720+0000][82][safepoint   ] Safepoint "Cleanup", Time since last: 2022412667 ns, Reaching safepoint: 541542 ns, At safepoint: 12750 ns, Total: 554292 ns
[2022-04-29T04:41:26.732+0000][82][safepoint   ] Safepoint "Cleanup", Time since last: 2011323334 ns, Reaching safepoint: 399458 ns, At safepoint: 12000 ns, Total: 411458 ns
[2022-04-29T04:41:27.735+0000][82][safepoint   ] Safepoint "Cleanup", Time since last: 1002342918 ns, Reaching safepoint: 246708 ns, At safepoint: 11208 ns, Total: 257916 ns
[2022-04-29T04:41:29.740+0000][82][safepoint   ] Safepoint "Cleanup", Time since last: 2005561418 ns, Reaching safepoint: 304208 ns, At safepoint: 13209 ns, Total: 317417 ns
[2022-04-29T04:41:30.748+0000][82][safepoint   ] Safepoint "Cleanup", Time since last: 1007370542 ns, Reaching safepoint: 259625 ns, At safepoint: 13708 ns, Total: 273333 ns
[2022-04-29T04:41:32.759+0000][82][safepoint   ] Safepoint "Cleanup", Time since last: 2010342001 ns, Reaching safepoint: 224750 ns, At safepoint: 7333 ns, Total: 232083 ns
[2022-04-29T04:41:33.770+0000][82][safepoint   ] Safepoint "Cleanup", Time since last: 1010574042 ns, Reaching safepoint: 308042 ns, At safepoint: 7917 ns, Total: 315959 ns
[2022-04-29T04:41:34.772+0000][82][safepoint   ] Safepoint "Cleanup", Time since last: 1002672834 ns, Reaching safepoint: 198916 ns, At safepoint: 5792 ns, Total: 204708 ns
[2022-04-29T04:41:36.779+0000][82][safepoint   ] Safepoint "Cleanup", Time since last: 2005909293 ns, Reaching safepoint: 560041 ns, At safepoint: 12125 ns, Total: 572166 ns
[2022-04-29T04:41:37.790+0000][82][safepoint   ] Safepoint "Cleanup", Time since last: 1011072001 ns, Reaching safepoint: 296666 ns, At safepoint: 52167 ns, Total: 348833 ns
[2022-04-29T04:41:39.807+0000][82][safepoint   ] Safepoint "Cleanup", Time since last: 2016777834 ns, Reaching safepoint: 145000 ns, At safepoint: 3125 ns, Total: 148125 ns
[2022-04-29T04:41:41.810+0000][82][safepoint   ] Safepoint "Cleanup", Time since last: 2002456085 ns, Reaching safepoint: 303291 ns, At safepoint: 12917 ns, Total: 316208 ns
[2022-04-29T04:41:42.823+0000][82][safepoint   ] Safepoint "Cleanup", Time since last: 1012966750 ns, Reaching safepoint: 231250 ns, At safepoint: 8250 ns, Total: 239500 ns
[2022-04-29T04:41:44.830+0000][82][safepoint   ] Safepoint "Cleanup", Time since last: 2006803126 ns, Reaching safepoint: 211459 ns, At safepoint: 8000 ns, Total: 219459 ns
[2022-04-29T04:41:45.847+0000][82][safepoint   ] Safepoint "Cleanup", Time since last: 1015813125 ns, Reaching safepoint: 635875 ns, At safepoint: 10917 ns, Total: 646792 ns
[2022-04-29T04:41:47.856+0000][82][safepoint   ] Safepoint "Cleanup", Time since last: 2008005709 ns, Reaching safepoint: 334708 ns, At safepoint: 12625 ns, Total: 347333 ns
[2022-04-29T04:41:48.877+0000][82][safepoint   ] Safepoint "Cleanup", Time since last: 1021404834 ns, Reaching safepoint: 413958 ns, At safepoint: 8459 ns, Total: 422417 ns
[2022-04-29T04:41:49.890+0000][82][safepoint   ] Safepoint "Cleanup", Time since last: 1012227417 ns, Reaching safepoint: 766958 ns, At safepoint: 13583 ns, Total: 780541 ns
[2022-04-29T04:41:51.903+0000][82][safepoint   ] Safepoint "Cleanup", Time since last: 2011921543 ns, Reaching safepoint: 264583 ns, At safepoint: 8500 ns, Total: 273083 ns
[2022-04-29T04:41:52.909+0000][82][safepoint   ] Safepoint "Cleanup", Time since last: 1005956751 ns, Reaching safepoint: 332250 ns, At safepoint: 6917 ns, Total: 339167 ns
[2022-04-29T04:41:54.917+0000][82][safepoint   ] Safepoint "Cleanup", Time since last: 2008213209 ns, Reaching safepoint: 158958 ns, At safepoint: 5209 ns, Total: 164167 ns
[2022-04-29T04:41:56.928+0000][82][safepoint   ] Safepoint "Cleanup", Time since last: 2009724376 ns, Reaching safepoint: 832041 ns, At safepoint: 116917 ns, Total: 948958 ns
[2022-04-29T04:41:57.934+0000][82][safepoint   ] Safepoint "Cleanup", Time since last: 1006390542 ns, Reaching safepoint: 138208 ns, At safepoint: 4584 ns, Total: 142792 ns
[2022-04-29T04:41:59.944+0000][82][safepoint   ] Safepoint "Cleanup", Time since last: 2009761917 ns, Reaching safepoint: 197459 ns, At safepoint: 6708 ns, Total: 204167 ns
[2022-04-29T04:42:00.960+0000][82][safepoint   ] Safepoint "Cleanup", Time since last: 1015776250 ns, Reaching safepoint: 280834 ns, At safepoint: 10416 ns, Total: 291250 ns
[2022-04-29T04:42:02.974+0000][82][safepoint   ] Safepoint "Cleanup", Time since last: 2013371668 ns, Reaching safepoint: 239833 ns, At safepoint: 6084 ns, Total: 245917 ns
[2022-04-29T04:42:03.982+0000][82][safepoint   ] Safepoint "Cleanup", Time since last: 1007294917 ns, Reaching safepoint: 572792 ns, At safepoint: 9333 ns, Total: 582125 ns
[2022-04-29T04:42:05.007+0000][82][safepoint   ] Safepoint "Cleanup", Time since last: 1024590667 ns, Reaching safepoint: 615542 ns, At safepoint: 15791 ns, Total: 631333 ns
[2022-04-29T04:42:06.165+0000][82][gc,start    ] GC(23) Pause Young (Normal) (G1 Evacuation Pause)
[2022-04-29T04:42:06.169+0000][82][gc,task     ] GC(23) Using 5 workers of 5 for evacuation
[2022-04-29T04:42:06.175+0000][82][gc,age      ] GC(23) Desired survivor size 20971520 bytes, new threshold 15 (max threshold 15)
[2022-04-29T04:42:06.197+0000][82][gc,age      ] GC(23) Age table with threshold 15 (max threshold 15)
[2022-04-29T04:42:06.198+0000][82][gc,age      ] GC(23) - age   1:    1483528 bytes,    1483528 total
[2022-04-29T04:42:06.199+0000][82][gc,age      ] GC(23) - age   2:     149560 bytes,    1633088 total
[2022-04-29T04:42:06.200+0000][82][gc,age      ] GC(23) - age   3:     214080 bytes,    1847168 total
[2022-04-29T04:42:06.202+0000][82][gc,age      ] GC(23) - age   4:     405712 bytes,    2252880 total
[2022-04-29T04:42:06.203+0000][82][gc,age      ] GC(23) - age   5:      52448 bytes,    2305328 total
[2022-04-29T04:42:06.204+0000][82][gc,age      ] GC(23) - age   6:     261240 bytes,    2566568 total
[2022-04-29T04:42:06.205+0000][82][gc,age      ] GC(23) - age   7:    3953304 bytes,    6519872 total
[2022-04-29T04:42:06.206+0000][82][gc,age      ] GC(23) - age   8:    7644016 bytes,   14163888 total
[2022-04-29T04:42:06.207+0000][82][gc,age      ] GC(23) - age   9:     673408 bytes,   14837296 total
[2022-04-29T04:42:06.208+0000][82][gc,phases   ] GC(23)   Pre Evacuate Collection Set: 0.4ms
[2022-04-29T04:42:06.209+0000][82][gc,phases   ] GC(23)   Merge Heap Roots: 0.6ms
[2022-04-29T04:42:06.210+0000][82][gc,phases   ] GC(23)   Evacuate Collection Set: 15.8ms
[2022-04-29T04:42:06.211+0000][82][gc,phases   ] GC(23)   Post Evacuate Collection Set: 2.0ms
[2022-04-29T04:42:06.212+0000][82][gc,phases   ] GC(23)   Other: 23.9ms
[2022-04-29T04:42:06.213+0000][82][gc,heap     ] GC(23) Eden regions: 72->0(72)
[2022-04-29T04:42:06.214+0000][82][gc,heap     ] GC(23) Survivor regions: 4->4(10)
[2022-04-29T04:42:06.215+0000][82][gc,heap     ] GC(23) Old regions: 16->16
[2022-04-29T04:42:06.216+0000][82][gc,heap     ] GC(23) Archive regions: 2->2
[2022-04-29T04:42:06.217+0000][82][gc,heap     ] GC(23) Humongous regions: 6->6
[2022-04-29T04:42:06.218+0000][82][gc,metaspace] GC(23) Metaspace: 110702K(112320K)->110702K(112320K) NonClass: 95867K(96832K)->95867K(96832K) Class: 14834K(15488K)->14834K(15488K)
[2022-04-29T04:42:06.219+0000][82][gc          ] GC(23) Pause Young (Normal) (G1 Evacuation Pause) 393M->105M(512M) 53.133ms
[2022-04-29T04:42:06.220+0000][82][gc,cpu      ] GC(23) User=0.07s Sys=0.01s Real=0.05s
[2022-04-29T04:42:06.221+0000][82][safepoint   ] Safepoint "G1CollectForAllocation", Time since last: 1157854918 ns, Reaching safepoint: 385041 ns, At safepoint: 55842250 ns, Total: 56227291 ns
[2022-04-29T04:42:07.223+0000][82][safepoint   ] Safepoint "Cleanup", Time since last: 1001240792 ns, Reaching safepoint: 741917 ns, At safepoint: 14250 ns, Total: 756167 ns
[2022-04-29T04:42:09.229+0000][82][safepoint   ] Safepoint "Cleanup", Time since last: 2006079126 ns, Reaching safepoint: 102833 ns, At safepoint: 36000 ns, Total: 138833 ns
[2022-04-29T04:42:10.233+0000][82][safepoint   ] Safepoint "Cleanup", Time since last: 1003354168 ns, Reaching safepoint: 249166 ns, At safepoint: 6750 ns, Total: 255916 ns
[2022-04-29T04:42:11.245+0000][82][safepoint   ] Safepoint "Cleanup", Time since last: 1008413417 ns, Reaching safepoint: 3024709 ns, At safepoint: 14625 ns, Total: 3039334 ns
[2022-04-29T04:42:12.250+0000][82][safepoint   ] Safepoint "Cleanup", Time since last: 1005410792 ns, Reaching safepoint: 184250 ns, At safepoint: 5458 ns, Total: 189708 ns
[2022-04-29T04:42:15.261+0000][82][safepoint   ] Safepoint "Cleanup", Time since last: 3007764960 ns, Reaching safepoint: 72791 ns, At safepoint: 2250 ns, Total: 75041 ns
[2022-04-29T04:42:16.670+0000][82][safepoint   ] Safepoint "Cleanup", Time since last: 1408980626 ns, Reaching safepoint: 359750 ns, At safepoint: 8042 ns, Total: 367792 ns
[2022-04-29T04:42:17.674+0000][82][safepoint   ] Safepoint "Cleanup", Time since last: 1004089208 ns, Reaching safepoint: 232792 ns, At safepoint: 9750 ns, Total: 242542 ns
[2022-04-29T04:42:18.680+0000][82][safepoint   ] Safepoint "Cleanup", Time since last: 1005006167 ns, Reaching safepoint: 418250 ns, At safepoint: 14709 ns, Total: 432959 ns
[2022-04-29T04:42:19.686+0000][82][safepoint   ] Safepoint "Cleanup", Time since last: 1005348625 ns, Reaching safepoint: 585417 ns, At safepoint: 11875 ns, Total: 597292 ns
[2022-04-29T04:42:21.695+0000][82][safepoint   ] Safepoint "Cleanup", Time since last: 2009627917 ns, Reaching safepoint: 229292 ns, At safepoint: 4125 ns, Total: 233417 ns
[2022-04-29T04:42:22.699+0000][82][safepoint   ] Safepoint "Cleanup", Time since last: 1002905917 ns, Reaching safepoint: 395750 ns, At safepoint: 12750 ns, Total: 408500 ns
[2022-04-29T04:42:24.719+0000][82][safepoint   ] Safepoint "Cleanup", Time since last: 2020231876 ns, Reaching safepoint: 225917 ns, At safepoint: 5750 ns, Total: 231667 ns
[2022-04-29T04:42:25.723+0000][82][safepoint   ] Safepoint "Cleanup", Time since last: 1003590042 ns, Reaching safepoint: 86417 ns, At safepoint: 3458 ns, Total: 89875 ns
[2022-04-29T04:42:26.727+0000][82][safepoint   ] Safepoint "Cleanup", Time since last: 1003618000 ns, Reaching safepoint: 142417 ns, At safepoint: 5542 ns, Total: 147959 ns
[2022-04-29T04:42:27.731+0000][82][safepoint   ] Safepoint "Cleanup", Time since last: 1003844042 ns, Reaching safepoint: 123750 ns, At safepoint: 10708 ns, Total: 134458 ns
[2022-04-29T04:42:28.733+0000][82][safepoint   ] Safepoint "Cleanup", Time since last: 1001704334 ns, Reaching safepoint: 304125 ns, At safepoint: 8583 ns, Total: 312708 ns
[2022-04-29T04:42:29.744+0000][82][safepoint   ] Safepoint "Cleanup", Time since last: 1010981959 ns, Reaching safepoint: 87292 ns, At safepoint: 2792 ns, Total: 90084 ns
[2022-04-29T04:42:30.752+0000][82][safepoint   ] Safepoint "Cleanup", Time since last: 1005182292 ns, Reaching safepoint: 2592708 ns, At safepoint: 21458 ns, Total: 2614166 ns
[2022-04-29T04:42:32.766+0000][82][safepoint   ] Safepoint "Cleanup", Time since last: 2013947585 ns, Reaching safepoint: 194875 ns, At safepoint: 9458 ns, Total: 204333 ns
[2022-04-29T04:42:33.776+0000][82][safepoint   ] Safepoint "Cleanup", Time since last: 1010267375 ns, Reaching safepoint: 345834 ns, At safepoint: 9166 ns, Total: 355000 ns
[2022-04-29T04:42:34.781+0000][82][safepoint   ] Safepoint "Cleanup", Time since last: 1004362793 ns, Reaching safepoint: 394166 ns, At safepoint: 7459 ns, Total: 401625 ns
[2022-04-29T04:42:36.796+0000][82][safepoint   ] Safepoint "Cleanup", Time since last: 2014597001 ns, Reaching safepoint: 462416 ns, At safepoint: 9459 ns, Total: 471875 ns
[2022-04-29T04:42:37.812+0000][82][safepoint   ] Safepoint "Cleanup", Time since last: 1015670750 ns, Reaching safepoint: 446417 ns, At safepoint: 130250 ns, Total: 576667 ns
[2022-04-29T04:42:39.826+0000][82][safepoint   ] Safepoint "Cleanup", Time since last: 2012964834 ns, Reaching safepoint: 131792 ns, At safepoint: 4083 ns, Total: 135875 ns
[2022-04-29T04:42:42.835+0000][82][safepoint   ] Safepoint "Cleanup", Time since last: 3009125710 ns, Reaching safepoint: 210500 ns, At safepoint: 9083 ns, Total: 219583 ns
[2022-04-29T04:42:44.845+0000][82][safepoint   ] Safepoint "Cleanup", Time since last: 2007609709 ns, Reaching safepoint: 2269125 ns, At safepoint: 12084 ns, Total: 2281209 ns
[2022-04-29T04:42:45.866+0000][82][safepoint   ] Safepoint "Cleanup", Time since last: 1023976374 ns, Reaching safepoint: 370334 ns, At safepoint: 10250 ns, Total: 380584 ns
[2022-04-29T04:42:47.875+0000][82][safepoint   ] Safepoint "Cleanup", Time since last: 2008269209 ns, Reaching safepoint: 470458 ns, At safepoint: 8459 ns, Total: 478917 ns
[2022-04-29T04:42:48.881+0000][82][safepoint   ] Safepoint "Cleanup", Time since last: 1006230083 ns, Reaching safepoint: 137250 ns, At safepoint: 5292 ns, Total: 142542 ns
[2022-04-29T04:42:49.890+0000][82][safepoint   ] Safepoint "Cleanup", Time since last: 1008504209 ns, Reaching safepoint: 287666 ns, At safepoint: 31750 ns, Total: 319416 ns
[2022-04-29T04:42:50.897+0000][82][safepoint   ] Safepoint "Cleanup", Time since last: 1006095334 ns, Reaching safepoint: 665084 ns, At safepoint: 13041 ns, Total: 678125 ns
[2022-04-29T04:42:51.903+0000][82][safepoint   ] Safepoint "Cleanup", Time since last: 1005983292 ns, Reaching safepoint: 330750 ns, At safepoint: 13000 ns, Total: 343750 ns
[2022-04-29T04:42:52.909+0000][82][safepoint   ] Safepoint "Cleanup", Time since last: 1002743959 ns, Reaching safepoint: 2925459 ns, At safepoint: 12166 ns, Total: 2937625 ns
[2022-04-29T04:42:54.924+0000][82][safepoint   ] Safepoint "Cleanup", Time since last: 2014767001 ns, Reaching safepoint: 142042 ns, At safepoint: 5292 ns, Total: 147334 ns
[2022-04-29T04:42:56.934+0000][82][safepoint   ] Safepoint "Cleanup", Time since last: 2009539167 ns, Reaching safepoint: 517542 ns, At safepoint: 8167 ns, Total: 525709 ns
[2022-04-29T04:42:57.941+0000][82][safepoint   ] Safepoint "Cleanup", Time since last: 1006449125 ns, Reaching safepoint: 278583 ns, At safepoint: 5167 ns, Total: 283750 ns
[2022-04-29T04:42:59.946+0000][82][safepoint   ] Safepoint "Cleanup", Time since last: 2004894376 ns, Reaching safepoint: 215125 ns, At safepoint: 14542 ns, Total: 229667 ns
[2022-04-29T04:43:00.954+0000][82][safepoint   ] Safepoint "Cleanup", Time since last: 1008099500 ns, Reaching safepoint: 310458 ns, At safepoint: 13584 ns, Total: 324042 ns
[2022-04-29T04:43:02.963+0000][82][safepoint   ] Safepoint "Cleanup", Time since last: 2008849417 ns, Reaching safepoint: 155334 ns, At safepoint: 7000 ns, Total: 162334 ns
[2022-04-29T04:43:03.987+0000][82][safepoint   ] Safepoint "Cleanup", Time since last: 1021577959 ns, Reaching safepoint: 2300041 ns, At safepoint: 11375 ns, Total: 2311416 ns
[2022-04-29T04:43:04.992+0000][82][safepoint   ] Safepoint "Cleanup", Time since last: 1004572626 ns, Reaching safepoint: 299833 ns, At safepoint: 6542 ns, Total: 306375 ns
[2022-04-29T04:43:07.006+0000][82][safepoint   ] Safepoint "Cleanup", Time since last: 2012795876 ns, Reaching safepoint: 584541 ns, At safepoint: 16667 ns, Total: 601208 ns
[2022-04-29T04:43:08.022+0000][82][safepoint   ] Safepoint "Cleanup", Time since last: 1015268959 ns, Reaching safepoint: 773041 ns, At safepoint: 26209 ns, Total: 799250 ns
[2022-04-29T04:43:10.042+0000][82][safepoint   ] Safepoint "Cleanup", Time since last: 2020190876 ns, Reaching safepoint: 390041 ns, At safepoint: 7750 ns, Total: 397791 ns
[2022-04-29T04:43:11.054+0000][82][safepoint   ] Safepoint "Cleanup", Time since last: 1010228001 ns, Reaching safepoint: 1456792 ns, At safepoint: 9000 ns, Total: 1465792 ns
[2022-04-29T04:43:13.061+0000][82][safepoint   ] Safepoint "Cleanup", Time since last: 2007118334 ns, Reaching safepoint: 165792 ns, At safepoint: 5541 ns, Total: 171333 ns
[2022-04-29T04:43:15.065+0000][82][safepoint   ] Safepoint "Cleanup", Time since last: 2003115209 ns, Reaching safepoint: 534209 ns, At safepoint: 10250 ns, Total: 544459 ns
[2022-04-29T04:43:16.070+0000][82][safepoint   ] Safepoint "Cleanup", Time since last: 1004460542 ns, Reaching safepoint: 182083 ns, At safepoint: 11542 ns, Total: 193625 ns
[2022-04-29T04:43:17.071+0000][82][safepoint   ] Safepoint "Cleanup", Time since last: 1001488958 ns, Reaching safepoint: 129500 ns, At safepoint: 5709 ns, Total: 135209 ns
[2022-04-29T04:43:18.078+0000][82][safepoint   ] Safepoint "Cleanup", Time since last: 1002886709 ns, Reaching safepoint: 3726625 ns, At safepoint: 33041 ns, Total: 3759666 ns
[2022-04-29T04:43:20.083+0000][82][safepoint   ] Safepoint "Cleanup", Time since last: 2004734085 ns, Reaching safepoint: 486500 ns, At safepoint: 18166 ns, Total: 504666 ns
[2022-04-29T04:43:22.098+0000][82][safepoint   ] Safepoint "Cleanup", Time since last: 2011743085 ns, Reaching safepoint: 2984375 ns, At safepoint: 14958 ns, Total: 2999333 ns
[2022-04-29T04:43:22.346+0000][82][gc,start    ] GC(24) Pause Young (Normal) (G1 Evacuation Pause)
[2022-04-29T04:43:22.348+0000][82][gc,task     ] GC(24) Using 5 workers of 5 for evacuation
[2022-04-29T04:43:22.348+0000][82][gc,age      ] GC(24) Desired survivor size 20971520 bytes, new threshold 15 (max threshold 15)
[2022-04-29T04:43:22.360+0000][82][gc,age      ] GC(24) Age table with threshold 15 (max threshold 15)
[2022-04-29T04:43:22.360+0000][82][gc,age      ] GC(24) - age   1:     868088 bytes,     868088 total
[2022-04-29T04:43:22.362+0000][82][gc,age      ] GC(24) - age   2:     134768 bytes,    1002856 total
[2022-04-29T04:43:22.363+0000][82][gc,age      ] GC(24) - age   3:     146656 bytes,    1149512 total
[2022-04-29T04:43:22.364+0000][82][gc,age      ] GC(24) - age   4:     213904 bytes,    1363416 total
[2022-04-29T04:43:22.365+0000][82][gc,age      ] GC(24) - age   5:     405584 bytes,    1769000 total
[2022-04-29T04:43:22.366+0000][82][gc,age      ] GC(24) - age   6:      52360 bytes,    1821360 total
[2022-04-29T04:43:22.367+0000][82][gc,age      ] GC(24) - age   7:     261152 bytes,    2082512 total
[2022-04-29T04:43:22.368+0000][82][gc,age      ] GC(24) - age   8:    3952392 bytes,    6034904 total
[2022-04-29T04:43:22.369+0000][82][gc,age      ] GC(24) - age   9:    7644016 bytes,   13678920 total
[2022-04-29T04:43:22.369+0000][82][gc,age      ] GC(24) - age  10:     673408 bytes,   14352328 total
[2022-04-29T04:43:22.370+0000][82][gc,phases   ] GC(24)   Pre Evacuate Collection Set: 0.1ms
[2022-04-29T04:43:22.371+0000][82][gc,phases   ] GC(24)   Merge Heap Roots: 0.2ms
[2022-04-29T04:43:22.372+0000][82][gc,phases   ] GC(24)   Evacuate Collection Set: 8.2ms
[2022-04-29T04:43:22.373+0000][82][gc,phases   ] GC(24)   Post Evacuate Collection Set: 1.8ms
[2022-04-29T04:43:22.374+0000][82][gc,phases   ] GC(24)   Other: 13.4ms
[2022-04-29T04:43:22.374+0000][82][gc,heap     ] GC(24) Eden regions: 72->0(72)
[2022-04-29T04:43:22.375+0000][82][gc,heap     ] GC(24) Survivor regions: 4->4(10)
[2022-04-29T04:43:22.376+0000][82][gc,heap     ] GC(24) Old regions: 16->16
[2022-04-29T04:43:22.377+0000][82][gc,heap     ] GC(24) Archive regions: 2->2
[2022-04-29T04:43:22.377+0000][82][gc,heap     ] GC(24) Humongous regions: 6->6
[2022-04-29T04:43:22.378+0000][82][gc,metaspace] GC(24) Metaspace: 110994K(112576K)->110994K(112576K) NonClass: 96159K(97088K)->96159K(97088K) Class: 14834K(15488K)->14834K(15488K)
[2022-04-29T04:43:22.379+0000][82][gc          ] GC(24) Pause Young (Normal) (G1 Evacuation Pause) 393M->105M(512M) 32.313ms
[2022-04-29T04:43:22.379+0000][82][gc,cpu      ] GC(24) User=0.03s Sys=0.00s Real=0.03s
[2022-04-29T04:43:22.380+0000][82][safepoint   ] Safepoint "G1CollectForAllocation", Time since last: 248382833 ns, Reaching safepoint: 103334 ns, At safepoint: 33439000 ns, Total: 33542334 ns
[2022-04-29T04:43:24.391+0000][82][safepoint   ] Safepoint "Cleanup", Time since last: 2010504334 ns, Reaching safepoint: 570708 ns, At safepoint: 30084 ns, Total: 600792 ns
[2022-04-29T04:43:25.396+0000][82][safepoint   ] Safepoint "Cleanup", Time since last: 1004683417 ns, Reaching safepoint: 203791 ns, At safepoint: 12042 ns, Total: 215833 ns
[2022-04-29T04:43:26.406+0000][82][safepoint   ] Safepoint "Cleanup", Time since last: 1008752584 ns, Reaching safepoint: 1232750 ns, At safepoint: 7958 ns, Total: 1240708 ns
[2022-04-29T04:43:27.412+0000][82][safepoint   ] Safepoint "Cleanup", Time since last: 1005752626 ns, Reaching safepoint: 306500 ns, At safepoint: 4666 ns, Total: 311166 ns
[2022-04-29T04:43:28.414+0000][82][safepoint   ] Safepoint "Cleanup", Time since last: 1002204001 ns, Reaching safepoint: 268750 ns, At safepoint: 6083 ns, Total: 274833 ns
[2022-04-29T04:43:30.430+0000][82][safepoint   ] Safepoint "Cleanup", Time since last: 2014943085 ns, Reaching safepoint: 241500 ns, At safepoint: 8916 ns, Total: 250416 ns
[2022-04-29T04:43:32.439+0000][82][safepoint   ] Safepoint "Cleanup", Time since last: 2009406876 ns, Reaching safepoint: 250833 ns, At safepoint: 12542 ns, Total: 263375 ns
[2022-04-29T04:43:33.444+0000][82][safepoint   ] Safepoint "Cleanup", Time since last: 1005002417 ns, Reaching safepoint: 61042 ns, At safepoint: 2583 ns, Total: 63625 ns
[2022-04-29T04:43:34.451+0000][82][safepoint   ] Safepoint "Cleanup", Time since last: 1006058626 ns, Reaching safepoint: 224458 ns, At safepoint: 8167 ns, Total: 232625 ns
[2022-04-29T04:43:35.458+0000][82][safepoint   ] Safepoint "Cleanup", Time since last: 1007495750 ns, Reaching safepoint: 189500 ns, At safepoint: 6667 ns, Total: 196167 ns
[2022-04-29T04:43:36.466+0000][82][safepoint   ] Safepoint "Cleanup", Time since last: 1007481584 ns, Reaching safepoint: 248250 ns, At safepoint: 12666 ns, Total: 260916 ns
[2022-04-29T04:43:37.469+0000][82][safepoint   ] Safepoint "Cleanup", Time since last: 1002878543 ns, Reaching safepoint: 261541 ns, At safepoint: 9209 ns, Total: 270750 ns
[2022-04-29T04:43:39.477+0000][82][safepoint   ] Safepoint "Cleanup", Time since last: 2007387792 ns, Reaching safepoint: 262542 ns, At safepoint: 4541 ns, Total: 267083 ns
[2022-04-29T04:43:40.479+0000][82][safepoint   ] Safepoint "Cleanup", Time since last: 1001845709 ns, Reaching safepoint: 807209 ns, At safepoint: 37375 ns, Total: 844584 ns
[2022-04-29T04:43:42.483+0000][82][safepoint   ] Safepoint "Cleanup", Time since last: 2003278292 ns, Reaching safepoint: 657834 ns, At safepoint: 15791 ns, Total: 673625 ns
[2022-04-29T04:43:45.494+0000][82][safepoint   ] Safepoint "Cleanup", Time since last: 3009807668 ns, Reaching safepoint: 65292 ns, At safepoint: 2208 ns, Total: 67500 ns
[2022-04-29T04:43:47.498+0000][82][safepoint   ] Safepoint "Cleanup", Time since last: 2003468543 ns, Reaching safepoint: 132250 ns, At safepoint: 5625 ns, Total: 137875 ns
[2022-04-29T04:43:48.506+0000][82][safepoint   ] Safepoint "Cleanup", Time since last: 1008416708 ns, Reaching safepoint: 79792 ns, At safepoint: 2042 ns, Total: 81834 ns
[2022-04-29T04:43:50.513+0000][82][safepoint   ] Safepoint "Cleanup", Time since last: 2005983417 ns, Reaching safepoint: 257917 ns, At safepoint: 10500 ns, Total: 268417 ns
[2022-04-29T04:43:51.520+0000][82][safepoint   ] Safepoint "Cleanup", Time since last: 1007606834 ns, Reaching safepoint: 59708 ns, At safepoint: 1584 ns, Total: 61292 ns
[2022-04-29T04:43:52.524+0000][82][safepoint   ] Safepoint "Cleanup", Time since last: 1003187417 ns, Reaching safepoint: 864875 ns, At safepoint: 15708 ns, Total: 880583 ns
[2022-04-29T04:43:54.530+0000][82][safepoint   ] Safepoint "Cleanup", Time since last: 2005477918 ns, Reaching safepoint: 399791 ns, At safepoint: 12167 ns, Total: 411958 ns
[2022-04-29T04:43:55.538+0000][82][safepoint   ] Safepoint "Cleanup", Time since last: 1007803501 ns, Reaching safepoint: 143458 ns, At safepoint: 5167 ns, Total: 148625 ns
[2022-04-29T04:43:56.556+0000][82][safepoint   ] Safepoint "Cleanup", Time since last: 1017013542 ns, Reaching safepoint: 298458 ns, At safepoint: 14750 ns, Total: 313208 ns
[2022-04-29T04:43:57.575+0000][82][safepoint   ] Safepoint "Cleanup", Time since last: 1019196542 ns, Reaching safepoint: 101500 ns, At safepoint: 3458 ns, Total: 104958 ns
[2022-04-29T04:43:58.579+0000][82][safepoint   ] Safepoint "Cleanup", Time since last: 1004056626 ns, Reaching safepoint: 193750 ns, At safepoint: 7667 ns, Total: 201417 ns
[2022-04-29T04:43:59.583+0000][82][safepoint   ] Safepoint "Cleanup", Time since last: 1004076750 ns, Reaching safepoint: 126583 ns, At safepoint: 9459 ns, Total: 136042 ns
[2022-04-29T04:44:00.588+0000][82][safepoint   ] Safepoint "Cleanup", Time since last: 1004030042 ns, Reaching safepoint: 262417 ns, At safepoint: 19500 ns, Total: 281917 ns
[2022-04-29T04:44:02.594+0000][82][safepoint   ] Safepoint "Cleanup", Time since last: 2006638459 ns, Reaching safepoint: 111417 ns, At safepoint: 61500 ns, Total: 172917 ns
[2022-04-29T04:44:03.597+0000][82][safepoint   ] Safepoint "Cleanup", Time since last: 1002121208 ns, Reaching safepoint: 58750 ns, At safepoint: 2000 ns, Total: 60750 ns
[2022-04-29T04:44:04.598+0000][82][safepoint   ] Safepoint "Cleanup", Time since last: 1001151376 ns, Reaching safepoint: 251708 ns, At safepoint: 25583 ns, Total: 277291 ns
[2022-04-29T04:44:05.606+0000][82][safepoint   ] Safepoint "Cleanup", Time since last: 1007760709 ns, Reaching safepoint: 420167 ns, At safepoint: 89833 ns, Total: 510000 ns
[2022-04-29T04:44:06.612+0000][82][safepoint   ] Safepoint "Cleanup", Time since last: 1005659417 ns, Reaching safepoint: 166625 ns, At safepoint: 9959 ns, Total: 176584 ns
[2022-04-29T04:44:07.621+0000][82][safepoint   ] Safepoint "Cleanup", Time since last: 1008449625 ns, Reaching safepoint: 307042 ns, At safepoint: 8833 ns, Total: 315875 ns
[2022-04-29T04:44:09.627+0000][82][safepoint   ] Safepoint "Cleanup", Time since last: 2003401335 ns, Reaching safepoint: 2289875 ns, At safepoint: 19541 ns, Total: 2309416 ns
[2022-04-29T04:44:10.671+0000][82][safepoint   ] Safepoint "Cleanup", Time since last: 1044440084 ns, Reaching safepoint: 181125 ns, At safepoint: 5542 ns, Total: 186667 ns
[2022-04-29T04:44:12.693+0000][82][safepoint   ] Safepoint "Cleanup", Time since last: 2020957417 ns, Reaching safepoint: 215000 ns, At safepoint: 7917 ns, Total: 222917 ns
[2022-04-29T04:44:14.710+0000][82][safepoint   ] Safepoint "Cleanup", Time since last: 2017419334 ns, Reaching safepoint: 241417 ns, At safepoint: 9083 ns, Total: 250500 ns
[2022-04-29T04:44:16.684+0000][82][safepoint   ] Safepoint "Cleanup", Time since last: 1972876167 ns, Reaching safepoint: 294084 ns, At safepoint: 5833 ns, Total: 299917 ns
[2022-04-29T04:44:17.695+0000][82][safepoint   ] Safepoint "Cleanup", Time since last: 1010931917 ns, Reaching safepoint: 226083 ns, At safepoint: 5625 ns, Total: 231708 ns
[2022-04-29T04:44:18.697+0000][82][safepoint   ] Safepoint "Cleanup", Time since last: 1001515793 ns, Reaching safepoint: 75291 ns, At safepoint: 2917 ns, Total: 78208 ns
[2022-04-29T04:44:19.699+0000][82][safepoint   ] Safepoint "Cleanup", Time since last: 1002250542 ns, Reaching safepoint: 99667 ns, At safepoint: 3750 ns, Total: 103417 ns
[2022-04-29T04:44:21.706+0000][82][safepoint   ] Safepoint "Cleanup", Time since last: 2006769584 ns, Reaching safepoint: 111958 ns, At safepoint: 4292 ns, Total: 116250 ns
[2022-04-29T04:44:22.709+0000][82][safepoint   ] Safepoint "Cleanup", Time since last: 1002565459 ns, Reaching safepoint: 563541 ns, At safepoint: 12042 ns, Total: 575583 ns
[2022-04-29T04:44:24.732+0000][82][safepoint   ] Safepoint "Cleanup", Time since last: 2022204084 ns, Reaching safepoint: 499375 ns, At safepoint: 20125 ns, Total: 519500 ns
[2022-04-29T04:44:26.741+0000][82][safepoint   ] Safepoint "Cleanup", Time since last: 2008791293 ns, Reaching safepoint: 159292 ns, At safepoint: 6583 ns, Total: 165875 ns
[2022-04-29T04:44:27.748+0000][82][safepoint   ] Safepoint "Cleanup", Time since last: 1006801626 ns, Reaching safepoint: 261166 ns, At safepoint: 5584 ns, Total: 266750 ns
[2022-04-29T04:44:28.751+0000][82][safepoint   ] Safepoint "Cleanup", Time since last: 1002712292 ns, Reaching safepoint: 86291 ns, At safepoint: 4542 ns, Total: 90833 ns
[2022-04-29T04:44:29.755+0000][82][safepoint   ] Safepoint "Cleanup", Time since last: 1003643126 ns, Reaching safepoint: 238166 ns, At safepoint: 17000 ns, Total: 255166 ns
[2022-04-29T04:44:30.756+0000][82][safepoint   ] Safepoint "Cleanup", Time since last: 1001403709 ns, Reaching safepoint: 63625 ns, At safepoint: 2208 ns, Total: 65833 ns
[2022-04-29T04:44:31.758+0000][82][safepoint   ] Safepoint "Cleanup", Time since last: 1001353917 ns, Reaching safepoint: 156834 ns, At safepoint: 11791 ns, Total: 168625 ns
[2022-04-29T04:44:32.759+0000][82][safepoint   ] Safepoint "Cleanup", Time since last: 1001505001 ns, Reaching safepoint: 83833 ns, At safepoint: 2459 ns, Total: 86292 ns
[2022-04-29T04:44:33.762+0000][82][safepoint   ] Safepoint "Cleanup", Time since last: 1002496583 ns, Reaching safepoint: 186125 ns, At safepoint: 24584 ns, Total: 210709 ns
[2022-04-29T04:44:34.764+0000][82][safepoint   ] Safepoint "Cleanup", Time since last: 1002268875 ns, Reaching safepoint: 161667 ns, At safepoint: 16667 ns, Total: 178334 ns
[2022-04-29T04:44:36.769+0000][82][safepoint   ] Safepoint "Cleanup", Time since last: 2003817334 ns, Reaching safepoint: 434458 ns, At safepoint: 15959 ns, Total: 450417 ns
[2022-04-29T04:44:37.773+0000][82][safepoint   ] Safepoint "Cleanup", Time since last: 1004038292 ns, Reaching safepoint: 282458 ns, At safepoint: 13458 ns, Total: 295916 ns
[2022-04-29T04:44:39.518+0000][82][gc,start    ] GC(25) Pause Young (Normal) (G1 Evacuation Pause)
[2022-04-29T04:44:39.519+0000][82][gc,task     ] GC(25) Using 5 workers of 5 for evacuation
[2022-04-29T04:44:39.520+0000][82][gc,age      ] GC(25) Desired survivor size 20971520 bytes, new threshold 15 (max threshold 15)
[2022-04-29T04:44:39.529+0000][82][gc,age      ] GC(25) Age table with threshold 15 (max threshold 15)
[2022-04-29T04:44:39.530+0000][82][gc,age      ] GC(25) - age   1:    1350464 bytes,    1350464 total
[2022-04-29T04:44:39.531+0000][82][gc,age      ] GC(25) - age   2:      41752 bytes,    1392216 total
[2022-04-29T04:44:39.532+0000][82][gc,age      ] GC(25) - age   3:     132544 bytes,    1524760 total
[2022-04-29T04:44:39.533+0000][82][gc,age      ] GC(25) - age   4:     145912 bytes,    1670672 total
[2022-04-29T04:44:39.534+0000][82][gc,age      ] GC(25) - age   5:     205696 bytes,    1876368 total
[2022-04-29T04:44:39.535+0000][82][gc,age      ] GC(25) - age   6:     405584 bytes,    2281952 total
[2022-04-29T04:44:39.536+0000][82][gc,age      ] GC(25) - age   7:      52360 bytes,    2334312 total
[2022-04-29T04:44:39.537+0000][82][gc,age      ] GC(25) - age   8:     261152 bytes,    2595464 total
[2022-04-29T04:44:39.537+0000][82][gc,age      ] GC(25) - age   9:    3951616 bytes,    6547080 total
[2022-04-29T04:44:39.538+0000][82][gc,age      ] GC(25) - age  10:    7642112 bytes,   14189192 total
[2022-04-29T04:44:39.539+0000][82][gc,age      ] GC(25) - age  11:     673408 bytes,   14862600 total
[2022-04-29T04:44:39.539+0000][82][gc,phases   ] GC(25)   Pre Evacuate Collection Set: 0.4ms
[2022-04-29T04:44:39.540+0000][82][gc,phases   ] GC(25)   Merge Heap Roots: 0.2ms
[2022-04-29T04:44:39.541+0000][82][gc,phases   ] GC(25)   Evacuate Collection Set: 7.1ms
[2022-04-29T04:44:39.541+0000][82][gc,phases   ] GC(25)   Post Evacuate Collection Set: 1.5ms
[2022-04-29T04:44:39.542+0000][82][gc,phases   ] GC(25)   Other: 12.1ms
[2022-04-29T04:44:39.542+0000][82][gc,heap     ] GC(25) Eden regions: 72->0(72)
[2022-04-29T04:44:39.543+0000][82][gc,heap     ] GC(25) Survivor regions: 4->4(10)
[2022-04-29T04:44:39.544+0000][82][gc,heap     ] GC(25) Old regions: 16->16
[2022-04-29T04:44:39.545+0000][82][gc,heap     ] GC(25) Archive regions: 2->2
[2022-04-29T04:44:39.545+0000][82][gc,heap     ] GC(25) Humongous regions: 6->6
[2022-04-29T04:44:39.546+0000][82][gc,metaspace] GC(25) Metaspace: 111364K(112960K)->111364K(112960K) NonClass: 96494K(97408K)->96494K(97408K) Class: 14869K(15552K)->14869K(15552K)
[2022-04-29T04:44:39.546+0000][82][gc          ] GC(25) Pause Young (Normal) (G1 Evacuation Pause) 393M->105M(512M) 28.085ms
[2022-04-29T04:44:39.547+0000][82][gc,cpu      ] GC(25) User=0.03s Sys=0.01s Real=0.03s
[2022-04-29T04:44:39.548+0000][82][safepoint   ] Safepoint "G1CollectForAllocation", Time since last: 1745016043 ns, Reaching safepoint: 197000 ns, At safepoint: 29700250 ns, Total: 29897250 ns
[2022-04-29T04:44:40.550+0000][82][safepoint   ] Safepoint "Cleanup", Time since last: 1002206167 ns, Reaching safepoint: 170333 ns, At safepoint: 13042 ns, Total: 183375 ns
[2022-04-29T04:44:41.561+0000][82][safepoint   ] Safepoint "Cleanup", Time since last: 1010726792 ns, Reaching safepoint: 159333 ns, At safepoint: 5000 ns, Total: 164333 ns
[2022-04-29T04:44:42.570+0000][82][safepoint   ] Safepoint "Cleanup", Time since last: 1008569543 ns, Reaching safepoint: 352791 ns, At safepoint: 8334 ns, Total: 361125 ns
[2022-04-29T04:44:45.589+0000][82][safepoint   ] Safepoint "Cleanup", Time since last: 3018531334 ns, Reaching safepoint: 62291 ns, At safepoint: 2334 ns, Total: 64625 ns
[2022-04-29T04:44:46.612+0000][82][safepoint   ] Safepoint "Cleanup", Time since last: 1023155709 ns, Reaching safepoint: 182833 ns, At safepoint: 3875 ns, Total: 186708 ns
[2022-04-29T04:44:47.619+0000][82][safepoint   ] Safepoint "Cleanup", Time since last: 1006060417 ns, Reaching safepoint: 438792 ns, At safepoint: 13000 ns, Total: 451792 ns
[2022-04-29T04:44:48.625+0000][82][safepoint   ] Safepoint "Cleanup", Time since last: 1005463625 ns, Reaching safepoint: 200042 ns, At safepoint: 7875 ns, Total: 207917 ns
[2022-04-29T04:44:49.639+0000][82][safepoint   ] Safepoint "Cleanup", Time since last: 1009168000 ns, Reaching safepoint: 4736084 ns, At safepoint: 14083 ns, Total: 4750167 ns
[2022-04-29T04:44:51.646+0000][82][safepoint   ] Safepoint "Cleanup", Time since last: 2007728334 ns, Reaching safepoint: 90084 ns, At safepoint: 2333 ns, Total: 92417 ns
[2022-04-29T04:44:52.648+0000][82][safepoint   ] Safepoint "Cleanup", Time since last: 1001328917 ns, Reaching safepoint: 94333 ns, At safepoint: 3209 ns, Total: 97542 ns
[2022-04-29T04:44:54.655+0000][82][safepoint   ] Safepoint "Cleanup", Time since last: 2006749376 ns, Reaching safepoint: 447125 ns, At safepoint: 11666 ns, Total: 458791 ns
[2022-04-29T04:44:56.660+0000][82][safepoint   ] Safepoint "Cleanup", Time since last: 2004495168 ns, Reaching safepoint: 357792 ns, At safepoint: 7708 ns, Total: 365500 ns
[2022-04-29T04:44:57.667+0000][82][safepoint   ] Safepoint "Cleanup", Time since last: 1007446376 ns, Reaching safepoint: 101458 ns, At safepoint: 4125 ns, Total: 105583 ns
[2022-04-29T04:44:58.671+0000][82][safepoint   ] Safepoint "Cleanup", Time since last: 1003175500 ns, Reaching safepoint: 212250 ns, At safepoint: 7625 ns, Total: 219875 ns
[2022-04-29T04:44:59.677+0000][82][safepoint   ] Safepoint "Cleanup", Time since last: 1006266501 ns, Reaching safepoint: 328458 ns, At safepoint: 12208 ns, Total: 340666 ns
[2022-04-29T04:45:00.699+0000][82][safepoint   ] Safepoint "Cleanup", Time since last: 1020145126 ns, Reaching safepoint: 1348542 ns, At safepoint: 13166 ns, Total: 1361708 ns
[2022-04-29T04:45:02.717+0000][82][safepoint   ] Safepoint "Cleanup", Time since last: 2017663460 ns, Reaching safepoint: 349250 ns, At safepoint: 11541 ns, Total: 360791 ns
[2022-04-29T04:45:03.728+0000][82][safepoint   ] Safepoint "Cleanup", Time since last: 1010625042 ns, Reaching safepoint: 67542 ns, At safepoint: 2125 ns, Total: 69667 ns
[2022-04-29T04:45:04.731+0000][82][safepoint   ] Safepoint "Cleanup", Time since last: 1002755376 ns, Reaching safepoint: 283458 ns, At safepoint: 107208 ns, Total: 390666 ns
[2022-04-29T04:45:06.736+0000][82][safepoint   ] Safepoint "Cleanup", Time since last: 2004884793 ns, Reaching safepoint: 480875 ns, At safepoint: 11833 ns, Total: 492708 ns
[2022-04-29T04:45:07.740+0000][82][safepoint   ] Safepoint "Cleanup", Time since last: 1002535084 ns, Reaching safepoint: 789625 ns, At safepoint: 27708 ns, Total: 817333 ns
[2022-04-29T04:45:09.749+0000][82][safepoint   ] Safepoint "Cleanup", Time since last: 2009776210 ns, Reaching safepoint: 89000 ns, At safepoint: 3500 ns, Total: 92500 ns
[2022-04-29T04:45:12.754+0000][82][safepoint   ] Safepoint "Cleanup", Time since last: 3004686751 ns, Reaching safepoint: 286250 ns, At safepoint: 9375 ns, Total: 295625 ns
[2022-04-29T04:45:14.765+0000][82][safepoint   ] Safepoint "Cleanup", Time since last: 2010492251 ns, Reaching safepoint: 368292 ns, At safepoint: 11375 ns, Total: 379667 ns
[2022-04-29T04:45:15.766+0000][82][safepoint   ] Safepoint "Cleanup", Time since last: 1003144749 ns, Reaching safepoint: 80917 ns, At safepoint: 2125 ns, Total: 83042 ns
[2022-04-29T04:45:16.768+0000][82][safepoint   ] Safepoint "Cleanup", Time since last: 1000951917 ns, Reaching safepoint: 686833 ns, At safepoint: 13417 ns, Total: 700250 ns
[2022-04-29T04:45:17.776+0000][82][safepoint   ] Safepoint "Cleanup", Time since last: 1007685375 ns, Reaching safepoint: 555334 ns, At safepoint: 20416 ns, Total: 575750 ns
[2022-04-29T04:45:18.785+0000][82][safepoint   ] Safepoint "Cleanup", Time since last: 1008485876 ns, Reaching safepoint: 277917 ns, At safepoint: 5166 ns, Total: 283083 ns
[2022-04-29T04:45:19.786+0000][82][safepoint   ] Safepoint "Cleanup", Time since last: 1001281709 ns, Reaching safepoint: 256583 ns, At safepoint: 15209 ns, Total: 271792 ns
[2022-04-29T04:45:21.802+0000][82][safepoint   ] Safepoint "Cleanup", Time since last: 2015705334 ns, Reaching safepoint: 82000 ns, At safepoint: 2458 ns, Total: 84458 ns
[2022-04-29T04:45:22.804+0000][82][safepoint   ] Safepoint "Cleanup", Time since last: 1001918209 ns, Reaching safepoint: 302667 ns, At safepoint: 14875 ns, Total: 317542 ns
[2022-04-29T04:45:24.819+0000][82][safepoint   ] Safepoint "Cleanup", Time since last: 2013829501 ns, Reaching safepoint: 326500 ns, At safepoint: 12041 ns, Total: 338541 ns
[2022-04-29T04:45:26.829+0000][82][safepoint   ] Safepoint "Cleanup", Time since last: 2010284293 ns, Reaching safepoint: 372333 ns, At safepoint: 8292 ns, Total: 380625 ns
[2022-04-29T04:45:27.838+0000][82][safepoint   ] Safepoint "Cleanup", Time since last: 1008411751 ns, Reaching safepoint: 303041 ns, At safepoint: 7209 ns, Total: 310250 ns
[2022-04-29T04:45:29.842+0000][82][safepoint   ] Safepoint "Cleanup", Time since last: 2003925917 ns, Reaching safepoint: 236084 ns, At safepoint: 11875 ns, Total: 247959 ns
[2022-04-29T04:45:30.863+0000][82][safepoint   ] Safepoint "Cleanup", Time since last: 1020325583 ns, Reaching safepoint: 586459 ns, At safepoint: 8500 ns, Total: 594959 ns
[2022-04-29T04:45:32.871+0000][82][safepoint   ] Safepoint "Cleanup", Time since last: 2007357542 ns, Reaching safepoint: 81417 ns, At safepoint: 201625 ns, Total: 283042 ns
[2022-04-29T04:45:33.874+0000][82][safepoint   ] Safepoint "Cleanup", Time since last: 1002455792 ns, Reaching safepoint: 545958 ns, At safepoint: 8459 ns, Total: 554417 ns
[2022-04-29T04:45:34.878+0000][82][safepoint   ] Safepoint "Cleanup", Time since last: 1003587959 ns, Reaching safepoint: 369291 ns, At safepoint: 7542 ns, Total: 376833 ns
[2022-04-29T04:45:36.887+0000][82][safepoint   ] Safepoint "Cleanup", Time since last: 2009016584 ns, Reaching safepoint: 336125 ns, At safepoint: 11375 ns, Total: 347500 ns
[2022-04-29T04:45:37.894+0000][82][safepoint   ] Safepoint "Cleanup", Time since last: 1006512042 ns, Reaching safepoint: 389459 ns, At safepoint: 12333 ns, Total: 401792 ns
[2022-04-29T04:45:39.903+0000][82][safepoint   ] Safepoint "Cleanup", Time since last: 2008918334 ns, Reaching safepoint: 256750 ns, At safepoint: 30250 ns, Total: 287000 ns
[2022-04-29T04:45:40.905+0000][82][safepoint   ] Safepoint "Cleanup", Time since last: 1001210334 ns, Reaching safepoint: 273250 ns, At safepoint: 11000 ns, Total: 284250 ns
[2022-04-29T04:45:42.910+0000][82][safepoint   ] Safepoint "Cleanup", Time since last: 2004764209 ns, Reaching safepoint: 749209 ns, At safepoint: 19500 ns, Total: 768709 ns
[2022-04-29T04:45:44.928+0000][82][safepoint   ] Safepoint "Cleanup", Time since last: 2017677126 ns, Reaching safepoint: 216958 ns, At safepoint: 7000 ns, Total: 223958 ns
[2022-04-29T04:45:45.936+0000][82][safepoint   ] Safepoint "Cleanup", Time since last: 1006736125 ns, Reaching safepoint: 226208 ns, At safepoint: 8500 ns, Total: 234708 ns
[2022-04-29T04:45:47.941+0000][82][safepoint   ] Safepoint "Cleanup", Time since last: 2004834709 ns, Reaching safepoint: 351000 ns, At safepoint: 13167 ns, Total: 364167 ns
[2022-04-29T04:45:48.954+0000][82][safepoint   ] Safepoint "Cleanup", Time since last: 1012160667 ns, Reaching safepoint: 180167 ns, At safepoint: 5416 ns, Total: 185583 ns
[2022-04-29T04:45:49.959+0000][82][safepoint   ] Safepoint "Cleanup", Time since last: 1004978501 ns, Reaching safepoint: 219666 ns, At safepoint: 7709 ns, Total: 227375 ns
[2022-04-29T04:45:51.967+0000][82][safepoint   ] Safepoint "Cleanup", Time since last: 2007949084 ns, Reaching safepoint: 125208 ns, At safepoint: 4542 ns, Total: 129750 ns
[2022-04-29T04:45:52.980+0000][82][safepoint   ] Safepoint "Cleanup", Time since last: 1012705667 ns, Reaching safepoint: 798917 ns, At safepoint: 9042 ns, Total: 807959 ns
[2022-04-29T04:45:53.990+0000][82][safepoint   ] Safepoint "Cleanup", Time since last: 1009082667 ns, Reaching safepoint: 491916 ns, At safepoint: 10084 ns, Total: 502000 ns
[2022-04-29T04:45:54.995+0000][82][safepoint   ] Safepoint "Cleanup", Time since last: 1004333875 ns, Reaching safepoint: 632250 ns, At safepoint: 10334 ns, Total: 642584 ns
[2022-04-29T04:45:57.007+0000][82][safepoint   ] Safepoint "Cleanup", Time since last: 2011579959 ns, Reaching safepoint: 242208 ns, At safepoint: 6375 ns, Total: 248583 ns
[2022-04-29T04:45:58.010+0000][82][safepoint   ] Safepoint "Cleanup", Time since last: 1003179001 ns, Reaching safepoint: 155000 ns, At safepoint: 4125 ns, Total: 159125 ns
[2022-04-29T04:46:00.018+0000][82][safepoint   ] Safepoint "Cleanup", Time since last: 2006960917 ns, Reaching safepoint: 355584 ns, At safepoint: 13166 ns, Total: 368750 ns
[2022-04-29T04:46:01.036+0000][82][safepoint   ] Safepoint "Cleanup", Time since last: 1017924459 ns, Reaching safepoint: 334250 ns, At safepoint: 8417 ns, Total: 342667 ns
[2022-04-29T04:46:03.050+0000][82][safepoint   ] Safepoint "Cleanup", Time since last: 2013916417 ns, Reaching safepoint: 163042 ns, At safepoint: 10167 ns, Total: 173209 ns
[2022-04-29T04:46:04.075+0000][82][safepoint   ] Safepoint "Cleanup", Time since last: 1024579542 ns, Reaching safepoint: 189917 ns, At safepoint: 5375 ns, Total: 195292 ns
[2022-04-29T04:46:04.450+0000][82][gc,start    ] GC(26) Pause Young (Normal) (G1 Evacuation Pause)
[2022-04-29T04:46:04.450+0000][82][gc,task     ] GC(26) Using 5 workers of 5 for evacuation
[2022-04-29T04:46:04.451+0000][82][gc,age      ] GC(26) Desired survivor size 20971520 bytes, new threshold 15 (max threshold 15)
[2022-04-29T04:46:04.460+0000][82][gc,age      ] GC(26) Age table with threshold 15 (max threshold 15)
[2022-04-29T04:46:04.461+0000][82][gc,age      ] GC(26) - age   1:    1531760 bytes,    1531760 total
[2022-04-29T04:46:04.462+0000][82][gc,age      ] GC(26) - age   2:     226920 bytes,    1758680 total
[2022-04-29T04:46:04.463+0000][82][gc,age      ] GC(26) - age   3:      40576 bytes,    1799256 total
[2022-04-29T04:46:04.463+0000][82][gc,age      ] GC(26) - age   4:     131976 bytes,    1931232 total
[2022-04-29T04:46:04.464+0000][82][gc,age      ] GC(26) - age   5:     145800 bytes,    2077032 total
[2022-04-29T04:46:04.465+0000][82][gc,age      ] GC(26) - age   6:     205624 bytes,    2282656 total
[2022-04-29T04:46:04.466+0000][82][gc,age      ] GC(26) - age   7:     380824 bytes,    2663480 total
[2022-04-29T04:46:04.467+0000][82][gc,age      ] GC(26) - age   8:      52160 bytes,    2715640 total
[2022-04-29T04:46:04.468+0000][82][gc,age      ] GC(26) - age   9:     261152 bytes,    2976792 total
[2022-04-29T04:46:04.469+0000][82][gc,age      ] GC(26) - age  10:    3951616 bytes,    6928408 total
[2022-04-29T04:46:04.469+0000][82][gc,age      ] GC(26) - age  11:    7642112 bytes,   14570520 total
[2022-04-29T04:46:04.470+0000][82][gc,age      ] GC(26) - age  12:     673408 bytes,   15243928 total
[2022-04-29T04:46:04.470+0000][82][gc,phases   ] GC(26)   Pre Evacuate Collection Set: 0.2ms
[2022-04-29T04:46:04.471+0000][82][gc,phases   ] GC(26)   Merge Heap Roots: 0.3ms
[2022-04-29T04:46:04.472+0000][82][gc,phases   ] GC(26)   Evacuate Collection Set: 5.9ms
[2022-04-29T04:46:04.472+0000][82][gc,phases   ] GC(26)   Post Evacuate Collection Set: 1.4ms
[2022-04-29T04:46:04.473+0000][82][gc,phases   ] GC(26)   Other: 13.0ms
[2022-04-29T04:46:04.473+0000][82][gc,heap     ] GC(26) Eden regions: 72->0(72)
[2022-04-29T04:46:04.474+0000][82][gc,heap     ] GC(26) Survivor regions: 4->4(10)
[2022-04-29T04:46:04.474+0000][82][gc,heap     ] GC(26) Old regions: 16->16
[2022-04-29T04:46:04.475+0000][82][gc,heap     ] GC(26) Archive regions: 2->2
[2022-04-29T04:46:04.476+0000][82][gc,heap     ] GC(26) Humongous regions: 6->6
[2022-04-29T04:46:04.476+0000][82][gc,metaspace] GC(26) Metaspace: 111542K(113216K)->111542K(113216K) NonClass: 96672K(97664K)->96672K(97664K) Class: 14869K(15552K)->14869K(15552K)
[2022-04-29T04:46:04.477+0000][82][gc          ] GC(26) Pause Young (Normal) (G1 Evacuation Pause) 393M->105M(512M) 27.074ms
[2022-04-29T04:46:04.477+0000][82][gc,cpu      ] GC(26) User=0.03s Sys=0.00s Real=0.03s
[2022-04-29T04:46:04.478+0000][82][safepoint   ] Safepoint "G1CollectForAllocation", Time since last: 374852833 ns, Reaching safepoint: 206958 ns, At safepoint: 28020417 ns, Total: 28227375 ns
[2022-04-29T04:46:05.484+0000][82][safepoint   ] Safepoint "Cleanup", Time since last: 1002302042 ns, Reaching safepoint: 4293792 ns, At safepoint: 20292 ns, Total: 4314084 ns
[2022-04-29T04:46:06.494+0000][82][safepoint   ] Safepoint "Cleanup", Time since last: 1009412792 ns, Reaching safepoint: 178916 ns, At safepoint: 8917 ns, Total: 187833 ns
[2022-04-29T04:46:07.507+0000][82][safepoint   ] Safepoint "Cleanup", Time since last: 1012285126 ns, Reaching safepoint: 315541 ns, At safepoint: 9875 ns, Total: 325416 ns
[2022-04-29T04:46:09.513+0000][82][safepoint   ] Safepoint "Cleanup", Time since last: 2005933918 ns, Reaching safepoint: 314250 ns, At safepoint: 4375 ns, Total: 318625 ns
[2022-04-29T04:46:10.519+0000][82][safepoint   ] Safepoint "Cleanup", Time since last: 1006454292 ns, Reaching safepoint: 184083 ns, At safepoint: 5500 ns, Total: 189583 ns
[2022-04-29T04:46:12.533+0000][82][safepoint   ] Safepoint "Cleanup", Time since last: 2013198168 ns, Reaching safepoint: 261125 ns, At safepoint: 16083 ns, Total: 277208 ns
[2022-04-29T04:46:15.558+0000][82][safepoint   ] Safepoint "Cleanup", Time since last: 3025553417 ns, Reaching safepoint: 307375 ns, At safepoint: 17917 ns, Total: 325292 ns
[2022-04-29T04:46:16.561+0000][82][safepoint   ] Safepoint "Cleanup", Time since last: 1002248542 ns, Reaching safepoint: 159084 ns, At safepoint: 6041 ns, Total: 165125 ns
[2022-04-29T04:46:17.564+0000][82][safepoint   ] Safepoint "Cleanup", Time since last: 1003017917 ns, Reaching safepoint: 316334 ns, At safepoint: 96333 ns, Total: 412667 ns
[2022-04-29T04:46:18.572+0000][82][safepoint   ] Safepoint "Cleanup", Time since last: 1007219751 ns, Reaching safepoint: 375541 ns, At safepoint: 11792 ns, Total: 387333 ns
[2022-04-29T04:46:20.602+0000][82][safepoint   ] Safepoint "Cleanup", Time since last: 2029118751 ns, Reaching safepoint: 949416 ns, At safepoint: 17834 ns, Total: 967250 ns
[2022-04-29T04:46:21.613+0000][82][safepoint   ] Safepoint "Cleanup", Time since last: 1010833542 ns, Reaching safepoint: 124958 ns, At safepoint: 4292 ns, Total: 129250 ns
[2022-04-29T04:46:22.614+0000][82][safepoint   ] Safepoint "Cleanup", Time since last: 1000850959 ns, Reaching safepoint: 75583 ns, At safepoint: 2292 ns, Total: 77875 ns
[2022-04-29T04:46:24.620+0000][82][safepoint   ] Safepoint "Cleanup", Time since last: 2005713209 ns, Reaching safepoint: 259750 ns, At safepoint: 14167 ns, Total: 273917 ns
[2022-04-29T04:46:25.629+0000][82][safepoint   ] Safepoint "Cleanup", Time since last: 1009117667 ns, Reaching safepoint: 353000 ns, At safepoint: 10917 ns, Total: 363917 ns
[2022-04-29T04:46:26.637+0000][82][safepoint   ] Safepoint "Cleanup", Time since last: 1006819750 ns, Reaching safepoint: 817417 ns, At safepoint: 22625 ns, Total: 840042 ns
[2022-04-29T04:46:27.644+0000][82][safepoint   ] Safepoint "Cleanup", Time since last: 1006843500 ns, Reaching safepoint: 50333 ns, At safepoint: 1667 ns, Total: 52000 ns
[2022-04-29T04:46:28.645+0000][82][safepoint   ] Safepoint "Cleanup", Time since last: 1000866126 ns, Reaching safepoint: 174000 ns, At safepoint: 25833 ns, Total: 199833 ns
[2022-04-29T04:46:30.648+0000][82][safepoint   ] Safepoint "Cleanup", Time since last: 2002888334 ns, Reaching safepoint: 135459 ns, At safepoint: 5250 ns, Total: 140709 ns
[2022-04-29T04:46:32.657+0000][82][safepoint   ] Safepoint "Cleanup", Time since last: 2008626376 ns, Reaching safepoint: 279625 ns, At safepoint: 12625 ns, Total: 292250 ns
[2022-04-29T04:46:33.660+0000][82][safepoint   ] Safepoint "Cleanup", Time since last: 1002773458 ns, Reaching safepoint: 245084 ns, At safepoint: 4083 ns, Total: 249167 ns
[2022-04-29T04:46:34.663+0000][82][safepoint   ] Safepoint "Cleanup", Time since last: 1001117042 ns, Reaching safepoint: 142334 ns, At safepoint: 1651541 ns, Total: 1793875 ns
[2022-04-29T04:46:36.681+0000][82][safepoint   ] Safepoint "Cleanup", Time since last: 2018543501 ns, Reaching safepoint: 204292 ns, At safepoint: 10666 ns, Total: 214958 ns
[2022-04-29T04:46:37.688+0000][82][safepoint   ] Safepoint "Cleanup", Time since last: 1006203376 ns, Reaching safepoint: 222000 ns, At safepoint: 21250 ns, Total: 243250 ns
[2022-04-29T04:46:39.697+0000][82][safepoint   ] Safepoint "Cleanup", Time since last: 2008703293 ns, Reaching safepoint: 55291 ns, At safepoint: 1750 ns, Total: 57041 ns
[2022-04-29T04:46:40.698+0000][82][safepoint   ] Safepoint "Cleanup", Time since last: 1001184334 ns, Reaching safepoint: 160125 ns, At safepoint: 9750 ns, Total: 169875 ns
[2022-04-29T04:46:42.701+0000][82][safepoint   ] Safepoint "Cleanup", Time since last: 2003163376 ns, Reaching safepoint: 397667 ns, At safepoint: 12291 ns, Total: 409958 ns
[2022-04-29T04:46:44.718+0000][82][safepoint   ] Safepoint "Cleanup", Time since last: 2015626793 ns, Reaching safepoint: 663542 ns, At safepoint: 32083 ns, Total: 695625 ns
[2022-04-29T04:46:45.727+0000][82][safepoint   ] Safepoint "Cleanup", Time since last: 1006511958 ns, Reaching safepoint: 132500 ns, At safepoint: 4000 ns, Total: 136500 ns
[2022-04-29T04:46:46.730+0000][82][safepoint   ] Safepoint "Cleanup", Time since last: 1002659751 ns, Reaching safepoint: 465416 ns, At safepoint: 7875 ns, Total: 473291 ns
[2022-04-29T04:46:47.736+0000][82][safepoint   ] Safepoint "Cleanup", Time since last: 1006132292 ns, Reaching safepoint: 462584 ns, At safepoint: 10583 ns, Total: 473167 ns
[2022-04-29T04:46:48.751+0000][82][safepoint   ] Safepoint "Cleanup", Time since last: 1013303751 ns, Reaching safepoint: 1733291 ns, At safepoint: 16584 ns, Total: 1749875 ns
[2022-04-29T04:46:49.757+0000][82][safepoint   ] Safepoint "Cleanup", Time since last: 1005104792 ns, Reaching safepoint: 410958 ns, At safepoint: 10417 ns, Total: 421375 ns
[2022-04-29T04:46:51.587+0000][82][safepoint   ] Safepoint "Cleanup", Time since last: 1829766709 ns, Reaching safepoint: 125750 ns, At safepoint: 3917 ns, Total: 129667 ns
[2022-04-29T04:46:52.593+0000][82][safepoint   ] Safepoint "Cleanup", Time since last: 1005576750 ns, Reaching safepoint: 245292 ns, At safepoint: 5416 ns, Total: 250708 ns
[2022-04-29T04:46:54.602+0000][82][safepoint   ] Safepoint "Cleanup", Time since last: 2008153085 ns, Reaching safepoint: 766416 ns, At safepoint: 15834 ns, Total: 782250 ns
[2022-04-29T04:46:55.617+0000][82][safepoint   ] Safepoint "Cleanup", Time since last: 1006471959 ns, Reaching safepoint: 8657333 ns, At safepoint: 10667 ns, Total: 8668000 ns
[2022-04-29T04:46:56.619+0000][82][safepoint   ] Safepoint "Cleanup", Time since last: 1001925167 ns, Reaching safepoint: 141875 ns, At safepoint: 5208 ns, Total: 147083 ns
[2022-04-29T04:46:57.622+0000][82][safepoint   ] Safepoint "Cleanup", Time since last: 1002689334 ns, Reaching safepoint: 56541 ns, At safepoint: 1584 ns, Total: 58125 ns
[2022-04-29T04:46:58.623+0000][82][safepoint   ] Safepoint "Cleanup", Time since last: 1000954584 ns, Reaching safepoint: 98625 ns, At safepoint: 2666 ns, Total: 101291 ns
[2022-04-29T04:46:59.624+0000][82][safepoint   ] Safepoint "Cleanup", Time since last: 1001105167 ns, Reaching safepoint: 367792 ns, At safepoint: 8500 ns, Total: 376292 ns
[2022-04-29T04:47:00.628+0000][82][safepoint   ] Safepoint "Cleanup", Time since last: 1003659251 ns, Reaching safepoint: 182875 ns, At safepoint: 7625 ns, Total: 190500 ns
[2022-04-29T04:47:02.638+0000][82][safepoint   ] Safepoint "Cleanup", Time since last: 2009582501 ns, Reaching safepoint: 262625 ns, At safepoint: 11375 ns, Total: 274000 ns
[2022-04-29T04:47:03.659+0000][82][safepoint   ] Safepoint "Cleanup", Time since last: 1020705667 ns, Reaching safepoint: 113208 ns, At safepoint: 4583 ns, Total: 117791 ns
[2022-04-29T04:47:04.662+0000][82][safepoint   ] Safepoint "Cleanup", Time since last: 1002805626 ns, Reaching safepoint: 120250 ns, At safepoint: 6208 ns, Total: 126458 ns
[2022-04-29T04:47:06.677+0000][82][safepoint   ] Safepoint "Cleanup", Time since last: 2015189293 ns, Reaching safepoint: 286000 ns, At safepoint: 10916 ns, Total: 296916 ns
[2022-04-29T04:47:07.685+0000][82][safepoint   ] Safepoint "Cleanup", Time since last: 1007860043 ns, Reaching safepoint: 501791 ns, At safepoint: 12084 ns, Total: 513875 ns
[2022-04-29T04:47:09.697+0000][82][safepoint   ] Safepoint "Cleanup", Time since last: 2011233917 ns, Reaching safepoint: 90375 ns, At safepoint: 2459 ns, Total: 92834 ns
[2022-04-29T04:47:12.706+0000][82][safepoint   ] Safepoint "Cleanup", Time since last: 3008523834 ns, Reaching safepoint: 261209 ns, At safepoint: 15916 ns, Total: 277125 ns
[2022-04-29T04:47:14.714+0000][82][safepoint   ] Safepoint "Cleanup", Time since last: 2008199751 ns, Reaching safepoint: 303875 ns, At safepoint: 21000 ns, Total: 324875 ns
[2022-04-29T04:47:15.716+0000][82][safepoint   ] Safepoint "Cleanup", Time since last: 1003862042 ns, Reaching safepoint: 121916 ns, At safepoint: 4084 ns, Total: 126000 ns
[2022-04-29T04:47:16.718+0000][82][safepoint   ] Safepoint "Cleanup", Time since last: 1001038209 ns, Reaching safepoint: 134250 ns, At safepoint: 2791 ns, Total: 137041 ns
[2022-04-29T04:47:17.725+0000][82][safepoint   ] Safepoint "Cleanup", Time since last: 1007014126 ns, Reaching safepoint: 348416 ns, At safepoint: 10500 ns, Total: 358916 ns
[2022-04-29T04:47:18.738+0000][82][safepoint   ] Safepoint "Cleanup", Time since last: 1012793293 ns, Reaching safepoint: 216875 ns, At safepoint: 6625 ns, Total: 223500 ns
[2022-04-29T04:47:19.742+0000][82][safepoint   ] Safepoint "Cleanup", Time since last: 1003913167 ns, Reaching safepoint: 184666 ns, At safepoint: 6584 ns, Total: 191250 ns
[2022-04-29T04:47:21.754+0000][82][safepoint   ] Safepoint "Cleanup", Time since last: 2012288042 ns, Reaching safepoint: 145167 ns, At safepoint: 4500 ns, Total: 149667 ns
[2022-04-29T04:47:22.758+0000][82][safepoint   ] Safepoint "Cleanup", Time since last: 1002460500 ns, Reaching safepoint: 788125 ns, At safepoint: 12375 ns, Total: 800500 ns
[2022-04-29T04:47:24.784+0000][82][safepoint   ] Safepoint "Cleanup", Time since last: 2025135835 ns, Reaching safepoint: 740666 ns, At safepoint: 15042 ns, Total: 755708 ns
[2022-04-29T04:47:26.789+0000][82][safepoint   ] Safepoint "Cleanup", Time since last: 2005293751 ns, Reaching safepoint: 349708 ns, At safepoint: 13542 ns, Total: 363250 ns
[2022-04-29T04:47:27.429+0000][82][gc,start    ] GC(27) Pause Young (Normal) (G1 Evacuation Pause)
[2022-04-29T04:47:27.430+0000][82][gc,task     ] GC(27) Using 5 workers of 5 for evacuation
[2022-04-29T04:47:27.431+0000][82][gc,age      ] GC(27) Desired survivor size 20971520 bytes, new threshold 15 (max threshold 15)
[2022-04-29T04:47:27.440+0000][82][gc,age      ] GC(27) Age table with threshold 15 (max threshold 15)
[2022-04-29T04:47:27.443+0000][82][gc,age      ] GC(27) - age   1:    1496472 bytes,    1496472 total
[2022-04-29T04:47:27.443+0000][82][gc,age      ] GC(27) - age   2:      20136 bytes,    1516608 total
[2022-04-29T04:47:27.444+0000][82][gc,age      ] GC(27) - age   3:      90104 bytes,    1606712 total
[2022-04-29T04:47:27.444+0000][82][gc,age      ] GC(27) - age   4:      40296 bytes,    1647008 total
[2022-04-29T04:47:27.445+0000][82][gc,age      ] GC(27) - age   5:     131976 bytes,    1778984 total
[2022-04-29T04:47:27.446+0000][82][gc,age      ] GC(27) - age   6:     127016 bytes,    1906000 total
[2022-04-29T04:47:27.446+0000][82][gc,age      ] GC(27) - age   7:     205624 bytes,    2111624 total
[2022-04-29T04:47:27.447+0000][82][gc,age      ] GC(27) - age   8:     380784 bytes,    2492408 total
[2022-04-29T04:47:27.447+0000][82][gc,age      ] GC(27) - age   9:      52160 bytes,    2544568 total
[2022-04-29T04:47:27.448+0000][82][gc,age      ] GC(27) - age  10:     261120 bytes,    2805688 total
[2022-04-29T04:47:27.449+0000][82][gc,age      ] GC(27) - age  11:    3951616 bytes,    6757304 total
[2022-04-29T04:47:27.451+0000][82][gc,age      ] GC(27) - age  12:    7625200 bytes,   14382504 total
[2022-04-29T04:47:27.452+0000][82][gc,age      ] GC(27) - age  13:     673408 bytes,   15055912 total
[2022-04-29T04:47:27.452+0000][82][gc,phases   ] GC(27)   Pre Evacuate Collection Set: 0.3ms
[2022-04-29T04:47:27.454+0000][82][gc,phases   ] GC(27)   Merge Heap Roots: 0.1ms
[2022-04-29T04:47:27.454+0000][82][gc,phases   ] GC(27)   Evacuate Collection Set: 7.0ms
[2022-04-29T04:47:27.455+0000][82][gc,phases   ] GC(27)   Post Evacuate Collection Set: 1.4ms
[2022-04-29T04:47:27.456+0000][82][gc,phases   ] GC(27)   Other: 14.8ms
[2022-04-29T04:47:27.456+0000][82][gc,heap     ] GC(27) Eden regions: 72->0(72)
[2022-04-29T04:47:27.457+0000][82][gc,heap     ] GC(27) Survivor regions: 4->4(10)
[2022-04-29T04:47:27.458+0000][82][gc,heap     ] GC(27) Old regions: 16->16
[2022-04-29T04:47:27.458+0000][82][gc,heap     ] GC(27) Archive regions: 2->2
[2022-04-29T04:47:27.459+0000][82][gc,heap     ] GC(27) Humongous regions: 6->6
[2022-04-29T04:47:27.460+0000][82][gc,metaspace] GC(27) Metaspace: 111705K(113408K)->111705K(113408K) NonClass: 96834K(97856K)->96834K(97856K) Class: 14871K(15552K)->14871K(15552K)
[2022-04-29T04:47:27.460+0000][82][gc          ] GC(27) Pause Young (Normal) (G1 Evacuation Pause) 393M->105M(512M) 31.482ms
[2022-04-29T04:47:27.461+0000][82][gc,cpu      ] GC(27) User=0.04s Sys=0.00s Real=0.03s
[2022-04-29T04:47:27.463+0000][82][safepoint   ] Safepoint "G1CollectForAllocation", Time since last: 639311750 ns, Reaching safepoint: 153667 ns, At safepoint: 33768542 ns, Total: 33922209 ns
[2022-04-29T04:47:28.468+0000][82][safepoint   ] Safepoint "Cleanup", Time since last: 1002298209 ns, Reaching safepoint: 2658833 ns, At safepoint: 13542 ns, Total: 2672375 ns
[2022-04-29T04:47:30.478+0000][82][safepoint   ] Safepoint "Cleanup", Time since last: 2010321751 ns, Reaching safepoint: 301791 ns, At safepoint: 9792 ns, Total: 311583 ns
[2022-04-29T04:47:32.484+0000][82][safepoint   ] Safepoint "Cleanup", Time since last: 2005321876 ns, Reaching safepoint: 245458 ns, At safepoint: 4958 ns, Total: 250416 ns
[2022-04-29T04:47:33.486+0000][82][safepoint   ] Safepoint "Cleanup", Time since last: 1001220668 ns, Reaching safepoint: 867458 ns, At safepoint: 11000 ns, Total: 878458 ns
[2022-04-29T04:47:35.491+0000][82][safepoint   ] Safepoint "Cleanup", Time since last: 2004818459 ns, Reaching safepoint: 536875 ns, At safepoint: 13667 ns, Total: 550542 ns
[2022-04-29T04:47:36.500+0000][82][safepoint   ] Safepoint "Cleanup", Time since last: 1008505459 ns, Reaching safepoint: 156625 ns, At safepoint: 5708 ns, Total: 162333 ns
[2022-04-29T04:47:37.506+0000][82][safepoint   ] Safepoint "Cleanup", Time since last: 1005913209 ns, Reaching safepoint: 644625 ns, At safepoint: 13042 ns, Total: 657667 ns
[2022-04-29T04:47:39.516+0000][82][safepoint   ] Safepoint "Cleanup", Time since last: 2009346250 ns, Reaching safepoint: 134167 ns, At safepoint: 5917 ns, Total: 140084 ns
[2022-04-29T04:47:40.517+0000][82][safepoint   ] Safepoint "Cleanup", Time since last: 1001129500 ns, Reaching safepoint: 54625 ns, At safepoint: 2334 ns, Total: 56959 ns
[2022-04-29T04:47:41.524+0000][82][safepoint   ] Safepoint "Cleanup", Time since last: 1006235750 ns, Reaching safepoint: 481250 ns, At safepoint: 12583 ns, Total: 493833 ns
[2022-04-29T04:47:42.532+0000][82][safepoint   ] Safepoint "Cleanup", Time since last: 1007573376 ns, Reaching safepoint: 285208 ns, At safepoint: 11334 ns, Total: 296542 ns
[2022-04-29T04:47:45.555+0000][82][safepoint   ] Safepoint "Cleanup", Time since last: 3023170209 ns, Reaching safepoint: 100541 ns, At safepoint: 1792 ns, Total: 102333 ns
[2022-04-29T04:47:46.562+0000][82][safepoint   ] Safepoint "Cleanup", Time since last: 1006304292 ns, Reaching safepoint: 585959 ns, At safepoint: 17416 ns, Total: 603375 ns
[2022-04-29T04:47:47.567+0000][82][safepoint   ] Safepoint "Cleanup", Time since last: 1004534667 ns, Reaching safepoint: 236417 ns, At safepoint: 7250 ns, Total: 243667 ns
[2022-04-29T04:47:48.570+0000][82][safepoint   ] Safepoint "Cleanup", Time since last: 1002256625 ns, Reaching safepoint: 412167 ns, At safepoint: 8375 ns, Total: 420542 ns
[2022-04-29T04:47:50.577+0000][82][safepoint   ] Safepoint "Cleanup", Time since last: 2007419959 ns, Reaching safepoint: 346334 ns, At safepoint: 14458 ns, Total: 360792 ns
[2022-04-29T04:47:51.585+0000][82][safepoint   ] Safepoint "Cleanup", Time since last: 1007671251 ns, Reaching safepoint: 42458 ns, At safepoint: 1542 ns, Total: 44000 ns
[2022-04-29T04:47:52.593+0000][82][safepoint   ] Safepoint "Cleanup", Time since last: 1001120083 ns, Reaching safepoint: 6207084 ns, At safepoint: 16833 ns, Total: 6223917 ns
[2022-04-29T04:47:54.607+0000][82][safepoint   ] Safepoint "Cleanup", Time since last: 2013864293 ns, Reaching safepoint: 331375 ns, At safepoint: 14958 ns, Total: 346333 ns
[2022-04-29T04:47:55.615+0000][82][safepoint   ] Safepoint "Cleanup", Time since last: 1008185626 ns, Reaching safepoint: 357750 ns, At safepoint: 15666 ns, Total: 373416 ns
[2022-04-29T04:47:56.626+0000][82][safepoint   ] Safepoint "Cleanup", Time since last: 1009804834 ns, Reaching safepoint: 479708 ns, At safepoint: 13292 ns, Total: 493000 ns
[2022-04-29T04:47:57.630+0000][82][safepoint   ] Safepoint "Cleanup", Time since last: 1004598875 ns, Reaching safepoint: 48625 ns, At safepoint: 1959 ns, Total: 50584 ns
[2022-04-29T04:47:58.632+0000][82][safepoint   ] Safepoint "Cleanup", Time since last: 1001328625 ns, Reaching safepoint: 189125 ns, At safepoint: 17292 ns, Total: 206417 ns
[2022-04-29T04:47:59.637+0000][82][safepoint   ] Safepoint "Cleanup", Time since last: 1005194542 ns, Reaching safepoint: 468125 ns, At safepoint: 21458 ns, Total: 489583 ns
[2022-04-29T04:48:00.642+0000][82][safepoint   ] Safepoint "Cleanup", Time since last: 1004280209 ns, Reaching safepoint: 598000 ns, At safepoint: 11375 ns, Total: 609375 ns
[2022-04-29T04:48:02.647+0000][82][safepoint   ] Safepoint "Cleanup", Time since last: 2004352251 ns, Reaching safepoint: 558834 ns, At safepoint: 28291 ns, Total: 587125 ns
[2022-04-29T04:48:03.660+0000][82][safepoint   ] Safepoint "Cleanup", Time since last: 1012446459 ns, Reaching safepoint: 54625 ns, At safepoint: 2167 ns, Total: 56792 ns
[2022-04-29T04:48:04.663+0000][82][safepoint   ] Safepoint "Cleanup", Time since last: 1002973917 ns, Reaching safepoint: 528583 ns, At safepoint: 13292 ns, Total: 541875 ns
[2022-04-29T04:48:05.667+0000][82][safepoint   ] Safepoint "Cleanup", Time since last: 1003880792 ns, Reaching safepoint: 187000 ns, At safepoint: 6042 ns, Total: 193042 ns
[2022-04-29T04:48:06.673+0000][82][safepoint   ] Safepoint "Cleanup", Time since last: 1005144542 ns, Reaching safepoint: 259541 ns, At safepoint: 301125 ns, Total: 560666 ns
[2022-04-29T04:48:07.680+0000][82][safepoint   ] Safepoint "Cleanup", Time since last: 1006805126 ns, Reaching safepoint: 218583 ns, At safepoint: 9834 ns, Total: 228417 ns
[2022-04-29T04:48:09.687+0000][82][safepoint   ] Safepoint "Cleanup", Time since last: 2006451042 ns, Reaching safepoint: 113375 ns, At safepoint: 4000 ns, Total: 117375 ns
[2022-04-29T04:48:10.692+0000][82][safepoint   ] Safepoint "Cleanup", Time since last: 1004932084 ns, Reaching safepoint: 145417 ns, At safepoint: 5208 ns, Total: 150625 ns
[2022-04-29T04:48:12.708+0000][82][safepoint   ] Safepoint "Cleanup", Time since last: 2005420918 ns, Reaching safepoint: 11043333 ns, At safepoint: 20083 ns, Total: 11063416 ns
[2022-04-29T04:48:14.721+0000][82][safepoint   ] Safepoint "Cleanup", Time since last: 2011876585 ns, Reaching safepoint: 439166 ns, At safepoint: 14334 ns, Total: 453500 ns
[2022-04-29T04:48:15.725+0000][82][safepoint   ] Safepoint "Cleanup", Time since last: 1004373333 ns, Reaching safepoint: 264750 ns, At safepoint: 3625 ns, Total: 268375 ns
[2022-04-29T04:48:16.727+0000][82][safepoint   ] Safepoint "Cleanup", Time since last: 1001543000 ns, Reaching safepoint: 142167 ns, At safepoint: 3542 ns, Total: 145709 ns
[2022-04-29T04:48:17.729+0000][82][safepoint   ] Safepoint "Cleanup", Time since last: 1001747125 ns, Reaching safepoint: 413375 ns, At safepoint: 8125 ns, Total: 421500 ns
[2022-04-29T04:48:18.746+0000][82][safepoint   ] Safepoint "Cleanup", Time since last: 1016618501 ns, Reaching safepoint: 245041 ns, At safepoint: 21209 ns, Total: 266250 ns
[2022-04-29T04:48:19.754+0000][82][safepoint   ] Safepoint "Cleanup", Time since last: 1007054125 ns, Reaching safepoint: 443000 ns, At safepoint: 16167 ns, Total: 459167 ns
[2022-04-29T04:48:21.763+0000][82][safepoint   ] Safepoint "Cleanup", Time since last: 2008135167 ns, Reaching safepoint: 1328667 ns, At safepoint: 38500 ns, Total: 1367167 ns
[2022-04-29T04:48:22.768+0000][82][safepoint   ] Safepoint "Cleanup", Time since last: 1004570667 ns, Reaching safepoint: 470625 ns, At safepoint: 10333 ns, Total: 480958 ns
[2022-04-29T04:48:24.781+0000][82][safepoint   ] Safepoint "Cleanup", Time since last: 2012022751 ns, Reaching safepoint: 485125 ns, At safepoint: 10417 ns, Total: 495542 ns
[2022-04-29T04:48:26.795+0000][82][safepoint   ] Safepoint "Cleanup", Time since last: 2014208293 ns, Reaching safepoint: 292416 ns, At safepoint: 10625 ns, Total: 303041 ns
[2022-04-29T04:48:27.803+0000][82][safepoint   ] Safepoint "Cleanup", Time since last: 1007743584 ns, Reaching safepoint: 143292 ns, At safepoint: 4375 ns, Total: 147667 ns
[2022-04-29T04:48:28.804+0000][82][safepoint   ] Safepoint "Cleanup", Time since last: 1000909917 ns, Reaching safepoint: 256167 ns, At safepoint: 10166 ns, Total: 266333 ns
[2022-04-29T04:48:29.823+0000][82][safepoint   ] Safepoint "Cleanup", Time since last: 1018399876 ns, Reaching safepoint: 702917 ns, At safepoint: 11250 ns, Total: 714167 ns
[2022-04-29T04:48:30.830+0000][82][safepoint   ] Safepoint "Cleanup", Time since last: 1005978833 ns, Reaching safepoint: 326667 ns, At safepoint: 11000 ns, Total: 337667 ns
[2022-04-29T04:48:32.841+0000][82][safepoint   ] Safepoint "Cleanup", Time since last: 2011042084 ns, Reaching safepoint: 285834 ns, At safepoint: 9208 ns, Total: 295042 ns
[2022-04-29T04:48:33.846+0000][82][safepoint   ] Safepoint "Cleanup", Time since last: 1004567542 ns, Reaching safepoint: 172083 ns, At safepoint: 6375 ns, Total: 178458 ns
[2022-04-29T04:48:34.852+0000][82][safepoint   ] Safepoint "Cleanup", Time since last: 1005329418 ns, Reaching safepoint: 486625 ns, At safepoint: 11000 ns, Total: 497625 ns
[2022-04-29T04:48:35.856+0000][82][safepoint   ] Safepoint "Cleanup", Time since last: 1003719958 ns, Reaching safepoint: 422125 ns, At safepoint: 14584 ns, Total: 436709 ns
[2022-04-29T04:48:36.861+0000][82][safepoint   ] Safepoint "Cleanup", Time since last: 1005048917 ns, Reaching safepoint: 456625 ns, At safepoint: 11417 ns, Total: 468042 ns
[2022-04-29T04:48:37.869+0000][82][safepoint   ] Safepoint "Cleanup", Time since last: 1007587542 ns, Reaching safepoint: 400541 ns, At safepoint: 12500 ns, Total: 413041 ns
[2022-04-29T04:48:39.894+0000][82][safepoint   ] Safepoint "Cleanup", Time since last: 2024926543 ns, Reaching safepoint: 165542 ns, At safepoint: 5750 ns, Total: 171292 ns
[2022-04-29T04:48:42.902+0000][82][safepoint   ] Safepoint "Cleanup", Time since last: 3007198084 ns, Reaching safepoint: 128667 ns, At safepoint: 3917 ns, Total: 132584 ns
[2022-04-29T04:48:44.905+0000][82][safepoint   ] Safepoint "Cleanup", Time since last: 2002625876 ns, Reaching safepoint: 394791 ns, At safepoint: 22084 ns, Total: 416875 ns
[2022-04-29T04:48:45.909+0000][82][safepoint   ] Safepoint "Cleanup", Time since last: 1003915416 ns, Reaching safepoint: 181042 ns, At safepoint: 11125 ns, Total: 192167 ns
[2022-04-29T04:48:46.430+0000][82][gc,start    ] GC(28) Pause Young (Normal) (G1 Evacuation Pause)
[2022-04-29T04:48:46.431+0000][82][gc,task     ] GC(28) Using 5 workers of 5 for evacuation
[2022-04-29T04:48:46.431+0000][82][gc,age      ] GC(28) Desired survivor size 20971520 bytes, new threshold 15 (max threshold 15)
[2022-04-29T04:48:46.441+0000][82][gc,age      ] GC(28) Age table with threshold 15 (max threshold 15)
[2022-04-29T04:48:46.442+0000][82][gc,age      ] GC(28) - age   1:    1439704 bytes,    1439704 total
[2022-04-29T04:48:46.444+0000][82][gc,age      ] GC(28) - age   2:      31504 bytes,    1471208 total
[2022-04-29T04:48:46.445+0000][82][gc,age      ] GC(28) - age   3:      17272 bytes,    1488480 total
[2022-04-29T04:48:46.446+0000][82][gc,age      ] GC(28) - age   4:      87328 bytes,    1575808 total
[2022-04-29T04:48:46.446+0000][82][gc,age      ] GC(28) - age   5:      40232 bytes,    1616040 total
[2022-04-29T04:48:46.447+0000][82][gc,age      ] GC(28) - age   6:     131976 bytes,    1748016 total
[2022-04-29T04:48:46.448+0000][82][gc,age      ] GC(28) - age   7:     127016 bytes,    1875032 total
[2022-04-29T04:48:46.449+0000][82][gc,age      ] GC(28) - age   8:     205624 bytes,    2080656 total
[2022-04-29T04:48:46.450+0000][82][gc,age      ] GC(28) - age   9:     282408 bytes,    2363064 total
[2022-04-29T04:48:46.451+0000][82][gc,age      ] GC(28) - age  10:      52160 bytes,    2415224 total
[2022-04-29T04:48:46.451+0000][82][gc,age      ] GC(28) - age  11:     261120 bytes,    2676344 total
[2022-04-29T04:48:46.452+0000][82][gc,age      ] GC(28) - age  12:    3951296 bytes,    6627640 total
[2022-04-29T04:48:46.452+0000][82][gc,age      ] GC(28) - age  13:    7624992 bytes,   14252632 total
[2022-04-29T04:48:46.453+0000][82][gc,age      ] GC(28) - age  14:     673408 bytes,   14926040 total
[2022-04-29T04:48:46.453+0000][82][gc,phases   ] GC(28)   Pre Evacuate Collection Set: 0.1ms
[2022-04-29T04:48:46.454+0000][82][gc,phases   ] GC(28)   Merge Heap Roots: 0.2ms
[2022-04-29T04:48:46.455+0000][82][gc,phases   ] GC(28)   Evacuate Collection Set: 6.8ms
[2022-04-29T04:48:46.456+0000][82][gc,phases   ] GC(28)   Post Evacuate Collection Set: 1.7ms
[2022-04-29T04:48:46.457+0000][82][gc,phases   ] GC(28)   Other: 14.6ms
[2022-04-29T04:48:46.457+0000][82][gc,heap     ] GC(28) Eden regions: 72->0(72)
[2022-04-29T04:48:46.458+0000][82][gc,heap     ] GC(28) Survivor regions: 4->4(10)
[2022-04-29T04:48:46.459+0000][82][gc,heap     ] GC(28) Old regions: 16->16
[2022-04-29T04:48:46.459+0000][82][gc,heap     ] GC(28) Archive regions: 2->2
[2022-04-29T04:48:46.460+0000][82][gc,heap     ] GC(28) Humongous regions: 6->6
[2022-04-29T04:48:46.460+0000][82][gc,metaspace] GC(28) Metaspace: 111878K(113536K)->111878K(113536K) NonClass: 97002K(97984K)->97002K(97984K) Class: 14876K(15552K)->14876K(15552K)
[2022-04-29T04:48:46.461+0000][82][gc          ] GC(28) Pause Young (Normal) (G1 Evacuation Pause) 393M->105M(512M) 30.790ms
[2022-04-29T04:48:46.462+0000][82][gc,cpu      ] GC(28) User=0.04s Sys=0.00s Real=0.03s
[2022-04-29T04:48:46.464+0000][82][safepoint   ] Safepoint "G1CollectForAllocation", Time since last: 520899042 ns, Reaching safepoint: 48833 ns, At safepoint: 33601708 ns, Total: 33650541 ns
[2022-04-29T04:48:47.474+0000][82][safepoint   ] Safepoint "Cleanup", Time since last: 1010434793 ns, Reaching safepoint: 307250 ns, At safepoint: 94000 ns, Total: 401250 ns
[2022-04-29T04:48:48.479+0000][82][safepoint   ] Safepoint "Cleanup", Time since last: 1004411250 ns, Reaching safepoint: 158458 ns, At safepoint: 5625 ns, Total: 164083 ns
[2022-04-29T04:48:50.491+0000][82][safepoint   ] Safepoint "Cleanup", Time since last: 2011725960 ns, Reaching safepoint: 523875 ns, At safepoint: 10333 ns, Total: 534208 ns
[2022-04-29T04:48:51.499+0000][82][safepoint   ] Safepoint "Cleanup", Time since last: 1007366126 ns, Reaching safepoint: 59166 ns, At safepoint: 3125 ns, Total: 62291 ns
[2022-04-29T04:48:52.503+0000][82][safepoint   ] Safepoint "Cleanup", Time since last: 1004385209 ns, Reaching safepoint: 370667 ns, At safepoint: 25958 ns, Total: 396625 ns
[2022-04-29T04:48:54.508+0000][82][safepoint   ] Safepoint "Cleanup", Time since last: 2004124209 ns, Reaching safepoint: 342459 ns, At safepoint: 9791 ns, Total: 352250 ns
[2022-04-29T04:48:55.521+0000][82][safepoint   ] Safepoint "Cleanup", Time since last: 1012760501 ns, Reaching safepoint: 238625 ns, At safepoint: 10458 ns, Total: 249083 ns
[2022-04-29T04:48:56.544+0000][82][safepoint   ] Safepoint "Cleanup", Time since last: 1022863459 ns, Reaching safepoint: 351042 ns, At safepoint: 9625 ns, Total: 360667 ns
[2022-04-29T04:48:57.547+0000][82][safepoint   ] Safepoint "Cleanup", Time since last: 1003173875 ns, Reaching safepoint: 160250 ns, At safepoint: 5625 ns, Total: 165875 ns
[2022-04-29T04:48:58.552+0000][82][safepoint   ] Safepoint "Cleanup", Time since last: 1004323292 ns, Reaching safepoint: 410292 ns, At safepoint: 7417 ns, Total: 417709 ns
[2022-04-29T04:49:00.558+0000][82][safepoint   ] Safepoint "Cleanup", Time since last: 2005127126 ns, Reaching safepoint: 178333 ns, At safepoint: 7750 ns, Total: 186083 ns
[2022-04-29T04:49:02.572+0000][82][safepoint   ] Safepoint "Cleanup", Time since last: 2013976334 ns, Reaching safepoint: 486875 ns, At safepoint: 7500 ns, Total: 494375 ns
[2022-04-29T04:49:03.576+0000][82][safepoint   ] Safepoint "Cleanup", Time since last: 1004094751 ns, Reaching safepoint: 121875 ns, At safepoint: 2708 ns, Total: 124583 ns
[2022-04-29T04:49:04.578+0000][82][safepoint   ] Safepoint "Cleanup", Time since last: 1001258375 ns, Reaching safepoint: 233667 ns, At safepoint: 29375 ns, Total: 263042 ns
[2022-04-29T04:49:05.583+0000][82][safepoint   ] Safepoint "Cleanup", Time since last: 1003499751 ns, Reaching safepoint: 1272958 ns, At safepoint: 8333 ns, Total: 1281291 ns
[2022-04-29T04:49:06.590+0000][82][safepoint   ] Safepoint "Cleanup", Time since last: 1006785959 ns, Reaching safepoint: 272083 ns, At safepoint: 9709 ns, Total: 281792 ns
[2022-04-29T04:49:07.608+0000][82][safepoint   ] Safepoint "Cleanup", Time since last: 1018039792 ns, Reaching safepoint: 93750 ns, At safepoint: 3250 ns, Total: 97000 ns
[2022-04-29T04:49:09.615+0000][82][safepoint   ] Safepoint "Cleanup", Time since last: 2007291709 ns, Reaching safepoint: 69125 ns, At safepoint: 3292 ns, Total: 72417 ns
[2022-04-29T04:49:10.618+0000][82][safepoint   ] Safepoint "Cleanup", Time since last: 1002227584 ns, Reaching safepoint: 485541 ns, At safepoint: 13792 ns, Total: 499333 ns
[2022-04-29T04:49:11.626+0000][82][safepoint   ] Safepoint "Cleanup", Time since last: 1008117667 ns, Reaching safepoint: 269167 ns, At safepoint: 8333 ns, Total: 277500 ns
[2022-04-29T04:49:12.644+0000][82][safepoint   ] Safepoint "Cleanup", Time since last: 1017808292 ns, Reaching safepoint: 250584 ns, At safepoint: 10291 ns, Total: 260875 ns
[2022-04-29T04:49:15.661+0000][82][safepoint   ] Safepoint "Cleanup", Time since last: 3017622251 ns, Reaching safepoint: 227416 ns, At safepoint: 10500 ns, Total: 237916 ns
[2022-04-29T04:49:17.680+0000][82][safepoint   ] Safepoint "Cleanup", Time since last: 2018030085 ns, Reaching safepoint: 206375 ns, At safepoint: 13333 ns, Total: 219708 ns
[2022-04-29T04:49:18.685+0000][82][safepoint   ] Safepoint "Cleanup", Time since last: 1004808417 ns, Reaching safepoint: 254542 ns, At safepoint: 7625 ns, Total: 262167 ns
[2022-04-29T04:49:20.693+0000][82][safepoint   ] Safepoint "Cleanup", Time since last: 2008117251 ns, Reaching safepoint: 198166 ns, At safepoint: 8250 ns, Total: 206416 ns
[2022-04-29T04:49:21.701+0000][82][safepoint   ] Safepoint "Cleanup", Time since last: 1007322459 ns, Reaching safepoint: 230959 ns, At safepoint: 4583 ns, Total: 235542 ns
[2022-04-29T04:49:22.702+0000][82][safepoint   ] Safepoint "Cleanup", Time since last: 1001508875 ns, Reaching safepoint: 226167 ns, At safepoint: 15542 ns, Total: 241709 ns
[2022-04-29T04:49:24.707+0000][82][safepoint   ] Safepoint "Cleanup", Time since last: 2004554001 ns, Reaching safepoint: 293125 ns, At safepoint: 8708 ns, Total: 301833 ns
[2022-04-29T04:49:25.714+0000][82][safepoint   ] Safepoint "Cleanup", Time since last: 1006032667 ns, Reaching safepoint: 1016667 ns, At safepoint: 14958 ns, Total: 1031625 ns
[2022-04-29T04:49:26.722+0000][82][safepoint   ] Safepoint "Cleanup", Time since last: 1006886792 ns, Reaching safepoint: 868709 ns, At safepoint: 14500 ns, Total: 883209 ns
[2022-04-29T04:49:27.732+0000][82][safepoint   ] Safepoint "Cleanup", Time since last: 1009830875 ns, Reaching safepoint: 280959 ns, At safepoint: 11500 ns, Total: 292459 ns
[2022-04-29T04:49:28.734+0000][82][safepoint   ] Safepoint "Cleanup", Time since last: 1001430417 ns, Reaching safepoint: 72916 ns, At safepoint: 3084 ns, Total: 76000 ns
[2022-04-29T04:49:30.738+0000][82][safepoint   ] Safepoint "Cleanup", Time since last: 2003962542 ns, Reaching safepoint: 268084 ns, At safepoint: 10916 ns, Total: 279000 ns
[2022-04-29T04:49:32.742+0000][82][safepoint   ] Safepoint "Cleanup", Time since last: 2003619585 ns, Reaching safepoint: 190083 ns, At safepoint: 8542 ns, Total: 198625 ns
[2022-04-29T04:49:33.748+0000][82][safepoint   ] Safepoint "Cleanup", Time since last: 1005911208 ns, Reaching safepoint: 81417 ns, At safepoint: 3917 ns, Total: 85334 ns
[2022-04-29T04:49:34.754+0000][82][safepoint   ] Safepoint "Cleanup", Time since last: 1005179667 ns, Reaching safepoint: 585167 ns, At safepoint: 8708 ns, Total: 593875 ns
[2022-04-29T04:49:36.761+0000][82][safepoint   ] Safepoint "Cleanup", Time since last: 2007064084 ns, Reaching safepoint: 211875 ns, At safepoint: 5583 ns, Total: 217458 ns
[2022-04-29T04:49:37.770+0000][82][safepoint   ] Safepoint "Cleanup", Time since last: 1007343793 ns, Reaching safepoint: 1463708 ns, At safepoint: 18208 ns, Total: 1481916 ns
[2022-04-29T04:49:39.785+0000][82][safepoint   ] Safepoint "Cleanup", Time since last: 2015600126 ns, Reaching safepoint: 99167 ns, At safepoint: 3458 ns, Total: 102625 ns
[2022-04-29T04:49:40.787+0000][82][safepoint   ] Safepoint "Cleanup", Time since last: 1001387917 ns, Reaching safepoint: 225709 ns, At safepoint: 5083 ns, Total: 230792 ns
[2022-04-29T04:49:42.796+0000][82][safepoint   ] Safepoint "Cleanup", Time since last: 2008771459 ns, Reaching safepoint: 181209 ns, At safepoint: 8250 ns, Total: 189459 ns
[2022-04-29T04:49:44.800+0000][82][safepoint   ] Safepoint "Cleanup", Time since last: 2003218292 ns, Reaching safepoint: 619709 ns, At safepoint: 17208 ns, Total: 636917 ns
[2022-04-29T04:49:45.809+0000][82][safepoint   ] Safepoint "Cleanup", Time since last: 1008947499 ns, Reaching safepoint: 119500 ns, At safepoint: 3750 ns, Total: 123250 ns
[2022-04-29T04:49:47.812+0000][82][safepoint   ] Safepoint "Cleanup", Time since last: 2003057835 ns, Reaching safepoint: 306583 ns, At safepoint: 19625 ns, Total: 326208 ns
[2022-04-29T04:49:48.819+0000][82][safepoint   ] Safepoint "Cleanup", Time since last: 1006260126 ns, Reaching safepoint: 342291 ns, At safepoint: 12834 ns, Total: 355125 ns
[2022-04-29T04:49:49.830+0000][82][safepoint   ] Safepoint "Cleanup", Time since last: 1011030375 ns, Reaching safepoint: 227042 ns, At safepoint: 7375 ns, Total: 234417 ns
[2022-04-29T04:49:51.837+0000][82][safepoint   ] Safepoint "Cleanup", Time since last: 2006983334 ns, Reaching safepoint: 180500 ns, At safepoint: 4333 ns, Total: 184833 ns
[2022-04-29T04:49:52.839+0000][82][safepoint   ] Safepoint "Cleanup", Time since last: 1001674459 ns, Reaching safepoint: 310542 ns, At safepoint: 8208 ns, Total: 318750 ns
[2022-04-29T04:49:53.849+0000][82][safepoint   ] Safepoint "Cleanup", Time since last: 1009394501 ns, Reaching safepoint: 252916 ns, At safepoint: 7167 ns, Total: 260083 ns
[2022-04-29T04:49:54.856+0000][82][safepoint   ] Safepoint "Cleanup", Time since last: 1006818750 ns, Reaching safepoint: 488125 ns, At safepoint: 8084 ns, Total: 496209 ns
[2022-04-29T04:49:56.865+0000][82][safepoint   ] Safepoint "Cleanup", Time since last: 2008461542 ns, Reaching safepoint: 138167 ns, At safepoint: 4500 ns, Total: 142667 ns
