[2022-05-09T02:32:58.753+0000][161][gc] Using G1
[2022-05-09T02:32:58.795+0000][161][gc,init] Version: 17.0.2+8 (release)
[2022-05-09T02:32:58.796+0000][161][gc,init] CPUs: 5 total, 5 available
[2022-05-09T02:32:58.798+0000][161][gc,init] Memory: 7851M
[2022-05-09T02:32:58.799+0000][161][gc,init] Large Page Support: Disabled
[2022-05-09T02:32:58.800+0000][161][gc,init] NUMA Support: Disabled
[2022-05-09T02:32:58.801+0000][161][gc,init] Compressed Oops: Enabled (32-bit)
[2022-05-09T02:32:58.802+0000][161][gc,init] Heap Region Size: 4M
[2022-05-09T02:32:58.803+0000][161][gc,init] Heap Min Capacity: 512M
[2022-05-09T02:32:58.804+0000][161][gc,init] Heap Initial Capacity: 512M
[2022-05-09T02:32:58.805+0000][161][gc,init] Heap Max Capacity: 512M
[2022-05-09T02:32:58.805+0000][161][gc,init] Pre-touch: Enabled
[2022-05-09T02:32:58.806+0000][161][gc,init] Parallel Workers: 5
[2022-05-09T02:32:58.807+0000][161][gc,init] Concurrent Workers: 1
[2022-05-09T02:32:58.807+0000][161][gc,init] Concurrent Refinement Workers: 5
[2022-05-09T02:32:58.808+0000][161][gc,init] Periodic GC: Disabled
[2022-05-09T02:32:58.809+0000][161][gc,metaspace] CDS archive(s) mapped at: [0x0000000800000000-0x0000000800bd2000-0x0000000800bd2000), size 12394496, SharedBaseAddress: 0x0000000800000000, ArchiveRelocationMode: 0.
[2022-05-09T02:32:58.810+0000][161][gc,metaspace] Compressed class space mapped at: 0x0000000800c00000-0x0000000840c00000, reserved size: 1073741824
[2022-05-09T02:32:58.810+0000][161][gc,metaspace] Narrow klass base: 0x0000000800000000, Narrow klass shift: 0, Narrow klass range: 0x100000000
[2022-05-09T02:32:58.944+0000][161][safepoint   ] Safepoint "ICBufferFull", Time since last: 129630875 ns, Reaching safepoint: 122833 ns, At safepoint: 3334 ns, Total: 126167 ns
[2022-05-09T02:32:58.998+0000][161][safepoint   ] Safepoint "ICBufferFull", Time since last: 53428500 ns, Reaching safepoint: 102416 ns, At safepoint: 2959 ns, Total: 105375 ns
[2022-05-09T02:32:59.052+0000][161][safepoint   ] Safepoint "ICBufferFull", Time since last: 53977416 ns, Reaching safepoint: 104834 ns, At safepoint: 8750 ns, Total: 113584 ns
[2022-05-09T02:32:59.139+0000][161][gc,start    ] GC(0) Pause Young (Normal) (G1 Evacuation Pause)
[2022-05-09T02:32:59.141+0000][161][gc,task     ] GC(0) Using 5 workers of 5 for evacuation
[2022-05-09T02:32:59.142+0000][161][gc,age      ] GC(0) Desired survivor size 2097152 bytes, new threshold 15 (max threshold 15)
[2022-05-09T02:32:59.146+0000][161][gc,age      ] GC(0) Age table with threshold 15 (max threshold 15)
[2022-05-09T02:32:59.147+0000][161][gc,age      ] GC(0) - age   1:    4188208 bytes,    4188208 total
[2022-05-09T02:32:59.148+0000][161][gc,phases   ] GC(0)   Pre Evacuate Collection Set: 0.1ms
[2022-05-09T02:32:59.150+0000][161][gc,phases   ] GC(0)   Merge Heap Roots: 0.1ms
[2022-05-09T02:32:59.150+0000][161][gc,phases   ] GC(0)   Evacuate Collection Set: 2.0ms
[2022-05-09T02:32:59.151+0000][161][gc,phases   ] GC(0)   Post Evacuate Collection Set: 0.6ms
[2022-05-09T02:32:59.153+0000][161][gc,phases   ] GC(0)   Other: 6.0ms
[2022-05-09T02:32:59.154+0000][161][gc,heap     ] GC(0) Eden regions: 6->0(5)
[2022-05-09T02:32:59.155+0000][161][gc,heap     ] GC(0) Survivor regions: 0->1(1)
[2022-05-09T02:32:59.156+0000][161][gc,heap     ] GC(0) Old regions: 0->1
[2022-05-09T02:32:59.157+0000][161][gc,heap     ] GC(0) Archive regions: 2->2
[2022-05-09T02:32:59.158+0000][161][gc,heap     ] GC(0) Humongous regions: 0->0
[2022-05-09T02:32:59.159+0000][161][gc,metaspace] GC(0) Metaspace: 8863K(9024K)->8863K(9024K) NonClass: 7810K(7872K)->7810K(7872K) Class: 1052K(1152K)->1052K(1152K)
[2022-05-09T02:32:59.160+0000][161][gc          ] GC(0) Pause Young (Normal) (G1 Evacuation Pause) 27M->8M(512M) 20.482ms
[2022-05-09T02:32:59.161+0000][161][gc,cpu      ] GC(0) User=0.01s Sys=0.01s Real=0.02s
[2022-05-09T02:32:59.162+0000][161][safepoint   ] Safepoint "G1CollectForAllocation", Time since last: 86981708 ns, Reaching safepoint: 106917 ns, At safepoint: 22893125 ns, Total: 23000042 ns
[2022-05-09T02:32:59.291+0000][161][safepoint   ] Safepoint "ICBufferFull", Time since last: 128845375 ns, Reaching safepoint: 129167 ns, At safepoint: 4416 ns, Total: 133583 ns
[2022-05-09T02:32:59.557+0000][161][gc,start    ] GC(1) Pause Young (Normal) (G1 Evacuation Pause)
[2022-05-09T02:32:59.558+0000][161][gc,task     ] GC(1) Using 5 workers of 5 for evacuation
[2022-05-09T02:32:59.559+0000][161][gc,age      ] GC(1) Desired survivor size 2097152 bytes, new threshold 1 (max threshold 15)
[2022-05-09T02:32:59.564+0000][161][gc,age      ] GC(1) Age table with threshold 1 (max threshold 15)
[2022-05-09T02:32:59.566+0000][161][gc,age      ] GC(1) - age   1:    1960656 bytes,    1960656 total
[2022-05-09T02:32:59.566+0000][161][gc,phases   ] GC(1)   Pre Evacuate Collection Set: 0.1ms
[2022-05-09T02:32:59.569+0000][161][gc,phases   ] GC(1)   Merge Heap Roots: 0.3ms
[2022-05-09T02:32:59.570+0000][161][gc,phases   ] GC(1)   Evacuate Collection Set: 2.7ms
[2022-05-09T02:32:59.571+0000][161][gc,phases   ] GC(1)   Post Evacuate Collection Set: 0.9ms
[2022-05-09T02:32:59.571+0000][161][gc,phases   ] GC(1)   Other: 5.4ms
[2022-05-09T02:32:59.572+0000][161][gc,heap     ] GC(1) Eden regions: 5->0(7)
[2022-05-09T02:32:59.573+0000][161][gc,heap     ] GC(1) Survivor regions: 1->1(1)
[2022-05-09T02:32:59.574+0000][161][gc,heap     ] GC(1) Old regions: 1->2
[2022-05-09T02:32:59.574+0000][161][gc,heap     ] GC(1) Archive regions: 2->2
[2022-05-09T02:32:59.575+0000][161][gc,heap     ] GC(1) Humongous regions: 0->0
[2022-05-09T02:32:59.576+0000][161][gc,metaspace] GC(1) Metaspace: 12372K(12608K)->12372K(12608K) NonClass: 10858K(11008K)->10858K(11008K) Class: 1513K(1600K)->1513K(1600K)
[2022-05-09T02:32:59.576+0000][161][gc          ] GC(1) Pause Young (Normal) (G1 Evacuation Pause) 28M->10M(512M) 19.165ms
[2022-05-09T02:32:59.577+0000][161][gc,cpu      ] GC(1) User=0.01s Sys=0.00s Real=0.02s
[2022-05-09T02:32:59.578+0000][161][safepoint   ] Safepoint "G1CollectForAllocation", Time since last: 265966875 ns, Reaching safepoint: 134875 ns, At safepoint: 21058000 ns, Total: 21192875 ns
[2022-05-09T02:32:59.718+0000][161][safepoint   ] Safepoint "ICBufferFull", Time since last: 139923792 ns, Reaching safepoint: 211583 ns, At safepoint: 2834 ns, Total: 214417 ns
[2022-05-09T02:32:59.771+0000][161][gc,start    ] GC(2) Pause Young (Normal) (G1 Evacuation Pause)
[2022-05-09T02:32:59.772+0000][161][gc,task     ] GC(2) Using 5 workers of 5 for evacuation
[2022-05-09T02:32:59.773+0000][161][gc,age      ] GC(2) Desired survivor size 2097152 bytes, new threshold 15 (max threshold 15)
[2022-05-09T02:32:59.776+0000][161][gc,age      ] GC(2) Age table with threshold 15 (max threshold 15)
[2022-05-09T02:32:59.777+0000][161][gc,age      ] GC(2) - age   1:     990400 bytes,     990400 total
[2022-05-09T02:32:59.778+0000][161][gc,age      ] GC(2) - age   2:    1942768 bytes,    2933168 total
[2022-05-09T02:32:59.779+0000][161][gc,phases   ] GC(2)   Pre Evacuate Collection Set: 0.0ms
[2022-05-09T02:32:59.780+0000][161][gc,phases   ] GC(2)   Merge Heap Roots: 0.0ms
[2022-05-09T02:32:59.781+0000][161][gc,phases   ] GC(2)   Evacuate Collection Set: 1.7ms
[2022-05-09T02:32:59.781+0000][161][gc,phases   ] GC(2)   Post Evacuate Collection Set: 0.7ms
[2022-05-09T02:32:59.782+0000][161][gc,phases   ] GC(2)   Other: 6.4ms
[2022-05-09T02:32:59.783+0000][161][gc,heap     ] GC(2) Eden regions: 7->0(30)
[2022-05-09T02:32:59.783+0000][161][gc,heap     ] GC(2) Survivor regions: 1->1(1)
[2022-05-09T02:32:59.784+0000][161][gc,heap     ] GC(2) Old regions: 2->2
[2022-05-09T02:32:59.785+0000][161][gc,heap     ] GC(2) Archive regions: 2->2
[2022-05-09T02:32:59.786+0000][161][gc,heap     ] GC(2) Humongous regions: 0->0
[2022-05-09T02:32:59.787+0000][161][gc,metaspace] GC(2) Metaspace: 14769K(15040K)->14769K(15040K) NonClass: 13018K(13184K)->13018K(13184K) Class: 1751K(1856K)->1751K(1856K)
[2022-05-09T02:32:59.787+0000][161][gc          ] GC(2) Pause Young (Normal) (G1 Evacuation Pause) 38M->11M(512M) 16.789ms
[2022-05-09T02:32:59.788+0000][161][gc,cpu      ] GC(2) User=0.02s Sys=0.00s Real=0.02s
[2022-05-09T02:32:59.789+0000][161][safepoint   ] Safepoint "G1CollectForAllocation", Time since last: 52152250 ns, Reaching safepoint: 55208 ns, At safepoint: 18271250 ns, Total: 18326458 ns
[2022-05-09T02:33:00.010+0000][161][safepoint   ] Safepoint "ICBufferFull", Time since last: 221382750 ns, Reaching safepoint: 205959 ns, At safepoint: 8708 ns, Total: 214667 ns
[2022-05-09T02:33:00.036+0000][161][safepoint   ] Safepoint "ICBufferFull", Time since last: 25446708 ns, Reaching safepoint: 196834 ns, At safepoint: 10541 ns, Total: 207375 ns
[2022-05-09T02:33:00.037+0000][161][safepoint   ] Safepoint "ICBufferFull", Time since last: 1379875 ns, Reaching safepoint: 53125 ns, At safepoint: 3042 ns, Total: 56167 ns
[2022-05-09T02:33:00.039+0000][161][safepoint   ] Safepoint "ICBufferFull", Time since last: 1297000 ns, Reaching safepoint: 21042 ns, At safepoint: 1500 ns, Total: 22542 ns
[2022-05-09T02:33:00.041+0000][161][safepoint   ] Safepoint "ICBufferFull", Time since last: 1744458 ns, Reaching safepoint: 39167 ns, At safepoint: 2125 ns, Total: 41292 ns
[2022-05-09T02:33:00.043+0000][161][safepoint   ] Safepoint "ICBufferFull", Time since last: 2462291 ns, Reaching safepoint: 104292 ns, At safepoint: 2333 ns, Total: 106625 ns
[2022-05-09T02:33:00.045+0000][161][safepoint   ] Safepoint "ICBufferFull", Time since last: 1356542 ns, Reaching safepoint: 107000 ns, At safepoint: 2708 ns, Total: 109708 ns
[2022-05-09T02:33:00.046+0000][161][safepoint   ] Safepoint "ICBufferFull", Time since last: 1454292 ns, Reaching safepoint: 171708 ns, At safepoint: 22334 ns, Total: 194042 ns
[2022-05-09T02:33:00.048+0000][161][safepoint   ] Safepoint "ICBufferFull", Time since last: 1266875 ns, Reaching safepoint: 113791 ns, At safepoint: 2792 ns, Total: 116583 ns
[2022-05-09T02:33:00.049+0000][161][safepoint   ] Safepoint "ICBufferFull", Time since last: 984542 ns, Reaching safepoint: 124541 ns, At safepoint: 2459 ns, Total: 127000 ns
[2022-05-09T02:33:00.050+0000][161][safepoint   ] Safepoint "ICBufferFull", Time since last: 1392750 ns, Reaching safepoint: 229916 ns, At safepoint: 3084 ns, Total: 233000 ns
[2022-05-09T02:33:00.051+0000][161][safepoint   ] Safepoint "ICBufferFull", Time since last: 941375 ns, Reaching safepoint: 46833 ns, At safepoint: 1375 ns, Total: 48208 ns
[2022-05-09T02:33:00.090+0000][161][gc,start    ] GC(3) Pause Young (Normal) (G1 Evacuation Pause)
[2022-05-09T02:33:00.092+0000][161][gc,task     ] GC(3) Using 5 workers of 5 for evacuation
[2022-05-09T02:33:00.093+0000][161][gc,age      ] GC(3) Desired survivor size 8388608 bytes, new threshold 15 (max threshold 15)
[2022-05-09T02:33:00.098+0000][161][gc,age      ] GC(3) Age table with threshold 15 (max threshold 15)
[2022-05-09T02:33:00.100+0000][161][gc,age      ] GC(3) - age   1:    3639264 bytes,    3639264 total
[2022-05-09T02:33:00.101+0000][161][gc,age      ] GC(3) - age   2:     925256 bytes,    4564520 total
[2022-05-09T02:33:00.102+0000][161][gc,age      ] GC(3) - age   3:    1941008 bytes,    6505528 total
[2022-05-09T02:33:00.103+0000][161][gc,phases   ] GC(3)   Pre Evacuate Collection Set: 0.3ms
[2022-05-09T02:33:00.104+0000][161][gc,phases   ] GC(3)   Merge Heap Roots: 0.2ms
[2022-05-09T02:33:00.105+0000][161][gc,phases   ] GC(3)   Evacuate Collection Set: 3.3ms
[2022-05-09T02:33:00.105+0000][161][gc,phases   ] GC(3)   Post Evacuate Collection Set: 0.8ms
[2022-05-09T02:33:00.106+0000][161][gc,phases   ] GC(3)   Other: 8.5ms
[2022-05-09T02:33:00.107+0000][161][gc,heap     ] GC(3) Eden regions: 30->0(74)
[2022-05-09T02:33:00.107+0000][161][gc,heap     ] GC(3) Survivor regions: 1->2(4)
[2022-05-09T02:33:00.108+0000][161][gc,heap     ] GC(3) Old regions: 2->2
[2022-05-09T02:33:00.109+0000][161][gc,heap     ] GC(3) Archive regions: 2->2
[2022-05-09T02:33:00.110+0000][161][gc,heap     ] GC(3) Humongous regions: 0->0
[2022-05-09T02:33:00.112+0000][161][gc,metaspace] GC(3) Metaspace: 17239K(17536K)->17239K(17536K) NonClass: 15201K(15360K)->15201K(15360K) Class: 2038K(2176K)->2038K(2176K)
[2022-05-09T02:33:00.112+0000][161][gc          ] GC(3) Pause Young (Normal) (G1 Evacuation Pause) 131M->14M(512M) 22.183ms
[2022-05-09T02:33:00.114+0000][161][gc,cpu      ] GC(3) User=0.02s Sys=0.01s Real=0.03s
[2022-05-09T02:33:00.115+0000][161][safepoint   ] Safepoint "G1CollectForAllocation", Time since last: 38492208 ns, Reaching safepoint: 226542 ns, At safepoint: 24615542 ns, Total: 24842084 ns
[2022-05-09T02:33:00.316+0000][161][safepoint   ] Safepoint "ICBufferFull", Time since last: 201623166 ns, Reaching safepoint: 148292 ns, At safepoint: 4125 ns, Total: 152417 ns
[2022-05-09T02:33:00.480+0000][161][gc,start    ] GC(4) Pause Young (Normal) (G1 Evacuation Pause)
[2022-05-09T02:33:00.482+0000][161][gc,task     ] GC(4) Using 5 workers of 5 for evacuation
[2022-05-09T02:33:00.483+0000][161][gc,age      ] GC(4) Desired survivor size 20971520 bytes, new threshold 15 (max threshold 15)
[2022-05-09T02:33:00.489+0000][161][gc,age      ] GC(4) Age table with threshold 15 (max threshold 15)
[2022-05-09T02:33:00.490+0000][161][gc,age      ] GC(4) - age   1:    6855552 bytes,    6855552 total
[2022-05-09T02:33:00.491+0000][161][gc,age      ] GC(4) - age   2:    2167336 bytes,    9022888 total
[2022-05-09T02:33:00.491+0000][161][gc,age      ] GC(4) - age   3:     924960 bytes,    9947848 total
[2022-05-09T02:33:00.492+0000][161][gc,age      ] GC(4) - age   4:    1940096 bytes,   11887944 total
[2022-05-09T02:33:00.492+0000][161][gc,phases   ] GC(4)   Pre Evacuate Collection Set: 0.1ms
[2022-05-09T02:33:00.493+0000][161][gc,phases   ] GC(4)   Merge Heap Roots: 0.2ms
[2022-05-09T02:33:00.494+0000][161][gc,phases   ] GC(4)   Evacuate Collection Set: 3.2ms
[2022-05-09T02:33:00.494+0000][161][gc,phases   ] GC(4)   Post Evacuate Collection Set: 1.0ms
[2022-05-09T02:33:00.496+0000][161][gc,phases   ] GC(4)   Other: 7.9ms
[2022-05-09T02:33:00.497+0000][161][gc,heap     ] GC(4) Eden regions: 74->0(73)
[2022-05-09T02:33:00.497+0000][161][gc,heap     ] GC(4) Survivor regions: 2->3(10)
[2022-05-09T02:33:00.498+0000][161][gc,heap     ] GC(4) Old regions: 2->2
[2022-05-09T02:33:00.499+0000][161][gc,heap     ] GC(4) Archive regions: 2->2
[2022-05-09T02:33:00.499+0000][161][gc,heap     ] GC(4) Humongous regions: 0->0
[2022-05-09T02:33:00.500+0000][161][gc,metaspace] GC(4) Metaspace: 18838K(19200K)->18838K(19200K) NonClass: 16554K(16768K)->16554K(16768K) Class: 2283K(2432K)->2283K(2432K)
[2022-05-09T02:33:00.501+0000][161][gc          ] GC(4) Pause Young (Normal) (G1 Evacuation Pause) 310M->20M(512M) 20.595ms
[2022-05-09T02:33:00.501+0000][161][gc,cpu      ] GC(4) User=0.02s Sys=0.00s Real=0.03s
[2022-05-09T02:33:00.502+0000][161][safepoint   ] Safepoint "G1CollectForAllocation", Time since last: 163456500 ns, Reaching safepoint: 75250 ns, At safepoint: 21963458 ns, Total: 22038708 ns
[2022-05-09T02:33:00.740+0000][161][safepoint   ] Safepoint "ICBufferFull", Time since last: 237870626 ns, Reaching safepoint: 147041 ns, At safepoint: 3125 ns, Total: 150166 ns
[2022-05-09T02:33:00.752+0000][161][gc,start    ] GC(5) Pause Young (Normal) (G1 Evacuation Pause)
[2022-05-09T02:33:00.753+0000][161][gc,task     ] GC(5) Using 5 workers of 5 for evacuation
[2022-05-09T02:33:00.754+0000][161][gc,age      ] GC(5) Desired survivor size 20971520 bytes, new threshold 15 (max threshold 15)
[2022-05-09T02:33:00.759+0000][161][gc,age      ] GC(5) Age table with threshold 15 (max threshold 15)
[2022-05-09T02:33:00.760+0000][161][gc,age      ] GC(5) - age   1:    3206904 bytes,    3206904 total
[2022-05-09T02:33:00.761+0000][161][gc,age      ] GC(5) - age   2:    5114248 bytes,    8321152 total
[2022-05-09T02:33:00.761+0000][161][gc,age      ] GC(5) - age   3:    2166872 bytes,   10488024 total
[2022-05-09T02:33:00.762+0000][161][gc,age      ] GC(5) - age   4:     924688 bytes,   11412712 total
[2022-05-09T02:33:00.762+0000][161][gc,age      ] GC(5) - age   5:    1940032 bytes,   13352744 total
[2022-05-09T02:33:00.763+0000][161][gc,phases   ] GC(5)   Pre Evacuate Collection Set: 0.1ms
[2022-05-09T02:33:00.764+0000][161][gc,phases   ] GC(5)   Merge Heap Roots: 0.2ms
[2022-05-09T02:33:00.765+0000][161][gc,phases   ] GC(5)   Evacuate Collection Set: 3.3ms
[2022-05-09T02:33:00.765+0000][161][gc,phases   ] GC(5)   Post Evacuate Collection Set: 0.9ms
[2022-05-09T02:33:00.766+0000][161][gc,phases   ] GC(5)   Other: 6.9ms
[2022-05-09T02:33:00.767+0000][161][gc,heap     ] GC(5) Eden regions: 73->0(72)
[2022-05-09T02:33:00.767+0000][161][gc,heap     ] GC(5) Survivor regions: 3->4(10)
[2022-05-09T02:33:00.768+0000][161][gc,heap     ] GC(5) Old regions: 2->2
[2022-05-09T02:33:00.769+0000][161][gc,heap     ] GC(5) Archive regions: 2->2
[2022-05-09T02:33:00.769+0000][161][gc,heap     ] GC(5) Humongous regions: 0->0
[2022-05-09T02:33:00.770+0000][161][gc,metaspace] GC(5) Metaspace: 19731K(20224K)->19731K(20224K) NonClass: 17313K(17600K)->17313K(17600K) Class: 2417K(2624K)->2417K(2624K)
[2022-05-09T02:33:00.771+0000][161][gc          ] GC(5) Pause Young (Normal) (G1 Evacuation Pause) 312M->21M(512M) 18.880ms
[2022-05-09T02:33:00.771+0000][161][gc,cpu      ] GC(5) User=0.01s Sys=0.00s Real=0.02s
[2022-05-09T02:33:00.772+0000][161][safepoint   ] Safepoint "G1CollectForAllocation", Time since last: 11581750 ns, Reaching safepoint: 174625 ns, At safepoint: 20251834 ns, Total: 20426459 ns
[2022-05-09T02:33:01.025+0000][161][gc,start    ] GC(6) Pause Young (Normal) (G1 Evacuation Pause)
[2022-05-09T02:33:01.026+0000][161][gc,task     ] GC(6) Using 5 workers of 5 for evacuation
[2022-05-09T02:33:01.027+0000][161][gc,age      ] GC(6) Desired survivor size 20971520 bytes, new threshold 15 (max threshold 15)
[2022-05-09T02:33:01.033+0000][161][gc,age      ] GC(6) Age table with threshold 15 (max threshold 15)
[2022-05-09T02:33:01.034+0000][161][gc,age      ] GC(6) - age   1:    4152096 bytes,    4152096 total
[2022-05-09T02:33:01.035+0000][161][gc,age      ] GC(6) - age   2:    1321232 bytes,    5473328 total
[2022-05-09T02:33:01.036+0000][161][gc,age      ] GC(6) - age   3:    5109152 bytes,   10582480 total
[2022-05-09T02:33:01.037+0000][161][gc,age      ] GC(6) - age   4:    2165416 bytes,   12747896 total
[2022-05-09T02:33:01.038+0000][161][gc,age      ] GC(6) - age   5:     924008 bytes,   13671904 total
[2022-05-09T02:33:01.038+0000][161][gc,age      ] GC(6) - age   6:    1939728 bytes,   15611632 total
[2022-05-09T02:33:01.039+0000][161][gc,phases   ] GC(6)   Pre Evacuate Collection Set: 0.1ms
[2022-05-09T02:33:01.040+0000][161][gc,phases   ] GC(6)   Merge Heap Roots: 0.1ms
[2022-05-09T02:33:01.040+0000][161][gc,phases   ] GC(6)   Evacuate Collection Set: 3.5ms
[2022-05-09T02:33:01.041+0000][161][gc,phases   ] GC(6)   Post Evacuate Collection Set: 0.9ms
[2022-05-09T02:33:01.041+0000][161][gc,phases   ] GC(6)   Other: 9.0ms
[2022-05-09T02:33:01.042+0000][161][gc,heap     ] GC(6) Eden regions: 72->0(72)
[2022-05-09T02:33:01.043+0000][161][gc,heap     ] GC(6) Survivor regions: 4->4(10)
[2022-05-09T02:33:01.043+0000][161][gc,heap     ] GC(6) Old regions: 2->2
[2022-05-09T02:33:01.045+0000][161][gc,heap     ] GC(6) Archive regions: 2->2
[2022-05-09T02:33:01.046+0000][161][gc,heap     ] GC(6) Humongous regions: 0->0
[2022-05-09T02:33:01.046+0000][161][gc,metaspace] GC(6) Metaspace: 20891K(21376K)->20891K(21376K) NonClass: 18317K(18624K)->18317K(18624K) Class: 2574K(2752K)->2574K(2752K)
[2022-05-09T02:33:01.047+0000][161][gc          ] GC(6) Pause Young (Normal) (G1 Evacuation Pause) 309M->24M(512M) 21.946ms
[2022-05-09T02:33:01.048+0000][161][gc,cpu      ] GC(6) User=0.01s Sys=0.01s Real=0.02s
[2022-05-09T02:33:01.048+0000][161][safepoint   ] Safepoint "G1CollectForAllocation", Time since last: 253066041 ns, Reaching safepoint: 210834 ns, At safepoint: 23169083 ns, Total: 23379917 ns
[2022-05-09T02:33:01.112+0000][161][gc,start    ] GC(7) Pause Young (Concurrent Start) (Metadata GC Threshold)
[2022-05-09T02:33:01.113+0000][161][gc,task     ] GC(7) Using 5 workers of 5 for evacuation
[2022-05-09T02:33:01.113+0000][161][gc,age      ] GC(7) Desired survivor size 20971520 bytes, new threshold 15 (max threshold 15)
[2022-05-09T02:33:01.118+0000][161][gc,age      ] GC(7) Age table with threshold 15 (max threshold 15)
[2022-05-09T02:33:01.119+0000][161][gc,age      ] GC(7) - age   1:     346552 bytes,     346552 total
[2022-05-09T02:33:01.121+0000][161][gc,age      ] GC(7) - age   2:    2173904 bytes,    2520456 total
[2022-05-09T02:33:01.122+0000][161][gc,age      ] GC(7) - age   3:    1320688 bytes,    3841144 total
[2022-05-09T02:33:01.123+0000][161][gc,age      ] GC(7) - age   4:    5109152 bytes,    8950296 total
[2022-05-09T02:33:01.123+0000][161][gc,age      ] GC(7) - age   5:    2165416 bytes,   11115712 total
[2022-05-09T02:33:01.124+0000][161][gc,age      ] GC(7) - age   6:     924008 bytes,   12039720 total
[2022-05-09T02:33:01.125+0000][161][gc,age      ] GC(7) - age   7:    1939728 bytes,   13979448 total
[2022-05-09T02:33:01.125+0000][161][gc,phases   ] GC(7)   Pre Evacuate Collection Set: 0.4ms
[2022-05-09T02:33:01.126+0000][161][gc,phases   ] GC(7)   Merge Heap Roots: 0.2ms
[2022-05-09T02:33:01.127+0000][161][gc,phases   ] GC(7)   Evacuate Collection Set: 2.9ms
[2022-05-09T02:33:01.127+0000][161][gc,phases   ] GC(7)   Post Evacuate Collection Set: 0.8ms
[2022-05-09T02:33:01.128+0000][161][gc,phases   ] GC(7)   Other: 9.3ms
[2022-05-09T02:33:01.129+0000][161][gc,heap     ] GC(7) Eden regions: 27->0(72)
[2022-05-09T02:33:01.130+0000][161][gc,heap     ] GC(7) Survivor regions: 4->4(10)
[2022-05-09T02:33:01.130+0000][161][gc,heap     ] GC(7) Old regions: 2->2
[2022-05-09T02:33:01.131+0000][161][gc,heap     ] GC(7) Archive regions: 2->2
[2022-05-09T02:33:01.131+0000][161][gc,heap     ] GC(7) Humongous regions: 0->0
[2022-05-09T02:33:01.132+0000][161][gc,metaspace] GC(7) Metaspace: 20959K(21504K)->20959K(21504K) NonClass: 18374K(18688K)->18374K(18688K) Class: 2584K(2816K)->2584K(2816K)
[2022-05-09T02:33:01.132+0000][161][gc          ] GC(7) Pause Young (Concurrent Start) (Metadata GC Threshold) 130M->22M(512M) 20.639ms
[2022-05-09T02:33:01.133+0000][161][gc,cpu      ] GC(7) User=0.01s Sys=0.01s Real=0.02s
[2022-05-09T02:33:01.133+0000][161][gc          ] GC(8) Concurrent Mark Cycle
[2022-05-09T02:33:01.134+0000][161][gc,marking  ] GC(8) Concurrent Clear Claimed Marks
[2022-05-09T02:33:01.135+0000][161][gc,marking  ] GC(8) Concurrent Clear Claimed Marks 0.592ms
[2022-05-09T02:33:01.135+0000][161][gc,marking  ] GC(8) Concurrent Scan Root Regions
[2022-05-09T02:33:01.133+0000][161][safepoint   ] Safepoint "CollectForMetadataAllocation", Time since last: 63124625 ns, Reaching safepoint: 56500 ns, At safepoint: 21781667 ns, Total: 21838167 ns
[2022-05-09T02:33:01.139+0000][161][gc,marking  ] GC(8) Concurrent Scan Root Regions 3.537ms
[2022-05-09T02:33:01.140+0000][161][gc,marking  ] GC(8) Concurrent Mark
[2022-05-09T02:33:01.140+0000][161][gc,marking  ] GC(8) Concurrent Mark From Roots
[2022-05-09T02:33:01.141+0000][161][gc,task     ] GC(8) Using 1 workers of 1 for marking
[2022-05-09T02:33:01.145+0000][161][gc,marking  ] GC(8) Concurrent Mark From Roots 4.792ms
[2022-05-09T02:33:01.146+0000][161][gc,marking  ] GC(8) Concurrent Preclean
[2022-05-09T02:33:01.147+0000][161][gc,marking  ] GC(8) Concurrent Preclean 0.745ms
[2022-05-09T02:33:01.148+0000][161][gc,start    ] GC(8) Pause Remark
[2022-05-09T02:33:01.152+0000][161][gc          ] GC(8) Pause Remark 36M->36M(512M) 4.280ms
[2022-05-09T02:33:01.153+0000][161][gc,cpu      ] GC(8) User=0.01s Sys=0.00s Real=0.01s
[2022-05-09T02:33:01.154+0000][161][safepoint   ] Safepoint "G1Concurrent", Time since last: 14253666 ns, Reaching safepoint: 288709 ns, At safepoint: 5836041 ns, Total: 6124750 ns
[2022-05-09T02:33:01.155+0000][161][gc,marking  ] GC(8) Concurrent Mark 14.837ms
[2022-05-09T02:33:01.155+0000][161][gc,marking  ] GC(8) Concurrent Rebuild Remembered Sets
[2022-05-09T02:33:01.157+0000][161][gc,marking  ] GC(8) Concurrent Rebuild Remembered Sets 2.372ms
[2022-05-09T02:33:01.159+0000][161][gc,start    ] GC(8) Pause Cleanup
[2022-05-09T02:33:01.160+0000][161][gc          ] GC(8) Pause Cleanup 44M->44M(512M) 0.808ms
[2022-05-09T02:33:01.160+0000][161][gc,cpu      ] GC(8) User=0.00s Sys=0.00s Real=0.00s
[2022-05-09T02:33:01.161+0000][161][safepoint   ] Safepoint "G1Concurrent", Time since last: 4632625 ns, Reaching safepoint: 288959 ns, At safepoint: 2106125 ns, Total: 2395084 ns
[2022-05-09T02:33:01.162+0000][161][gc,marking  ] GC(8) Concurrent Cleanup for Next Mark
[2022-05-09T02:33:01.163+0000][161][gc,marking  ] GC(8) Concurrent Cleanup for Next Mark 0.775ms
[2022-05-09T02:33:01.164+0000][161][gc          ] GC(8) Concurrent Mark Cycle 30.358ms
[2022-05-09T02:33:01.739+0000][161][safepoint   ] Safepoint "ICBufferFull", Time since last: 578288833 ns, Reaching safepoint: 257167 ns, At safepoint: 4208 ns, Total: 261375 ns
[2022-05-09T02:33:01.951+0000][161][safepoint   ] Safepoint "ICBufferFull", Time since last: 211527375 ns, Reaching safepoint: 160834 ns, At safepoint: 2791 ns, Total: 163625 ns
[2022-05-09T02:33:01.960+0000][161][safepoint   ] Safepoint "ICBufferFull", Time since last: 9035417 ns, Reaching safepoint: 93083 ns, At safepoint: 2584 ns, Total: 95667 ns
[2022-05-09T02:33:01.961+0000][161][safepoint   ] Safepoint "ICBufferFull", Time since last: 1189625 ns, Reaching safepoint: 102750 ns, At safepoint: 2458 ns, Total: 105208 ns
[2022-05-09T02:33:01.962+0000][161][safepoint   ] Safepoint "ICBufferFull", Time since last: 940333 ns, Reaching safepoint: 82250 ns, At safepoint: 2542 ns, Total: 84792 ns
[2022-05-09T02:33:01.963+0000][161][safepoint   ] Safepoint "ICBufferFull", Time since last: 858250 ns, Reaching safepoint: 118458 ns, At safepoint: 2667 ns, Total: 121125 ns
[2022-05-09T02:33:01.964+0000][161][safepoint   ] Safepoint "ICBufferFull", Time since last: 908833 ns, Reaching safepoint: 55875 ns, At safepoint: 1000 ns, Total: 56875 ns
[2022-05-09T02:33:01.965+0000][161][safepoint   ] Safepoint "ICBufferFull", Time since last: 980000 ns, Reaching safepoint: 71375 ns, At safepoint: 1959 ns, Total: 73334 ns
[2022-05-09T02:33:01.966+0000][161][safepoint   ] Safepoint "ICBufferFull", Time since last: 784416 ns, Reaching safepoint: 122750 ns, At safepoint: 2000 ns, Total: 124750 ns
[2022-05-09T02:33:01.981+0000][161][safepoint   ] Safepoint "ICBufferFull", Time since last: 14174334 ns, Reaching safepoint: 61625 ns, At safepoint: 2500 ns, Total: 64125 ns
[2022-05-09T02:33:01.982+0000][161][safepoint   ] Safepoint "ICBufferFull", Time since last: 1193041 ns, Reaching safepoint: 125084 ns, At safepoint: 2416 ns, Total: 127500 ns
[2022-05-09T02:33:01.983+0000][161][safepoint   ] Safepoint "ICBufferFull", Time since last: 1078459 ns, Reaching safepoint: 93625 ns, At safepoint: 2416 ns, Total: 96041 ns
[2022-05-09T02:33:01.999+0000][161][safepoint   ] Safepoint "ICBufferFull", Time since last: 15300376 ns, Reaching safepoint: 111291 ns, At safepoint: 2542 ns, Total: 113833 ns
[2022-05-09T02:33:02.003+0000][161][safepoint   ] Safepoint "ICBufferFull", Time since last: 4394375 ns, Reaching safepoint: 64208 ns, At safepoint: 1375 ns, Total: 65583 ns
[2022-05-09T02:33:02.007+0000][161][safepoint   ] Safepoint "ICBufferFull", Time since last: 3474834 ns, Reaching safepoint: 116750 ns, At safepoint: 10791 ns, Total: 127541 ns
[2022-05-09T02:33:02.008+0000][161][safepoint   ] Safepoint "ICBufferFull", Time since last: 936000 ns, Reaching safepoint: 140709 ns, At safepoint: 3291 ns, Total: 144000 ns
[2022-05-09T02:33:02.011+0000][161][safepoint   ] Safepoint "ICBufferFull", Time since last: 3346875 ns, Reaching safepoint: 82792 ns, At safepoint: 2667 ns, Total: 85459 ns
[2022-05-09T02:33:02.014+0000][161][safepoint   ] Safepoint "ICBufferFull", Time since last: 2671708 ns, Reaching safepoint: 97917 ns, At safepoint: 16333 ns, Total: 114250 ns
[2022-05-09T02:33:02.029+0000][161][safepoint   ] Safepoint "ICBufferFull", Time since last: 15075875 ns, Reaching safepoint: 59167 ns, At safepoint: 2875 ns, Total: 62042 ns
[2022-05-09T02:33:02.138+0000][161][safepoint   ] Safepoint "ICBufferFull", Time since last: 108361791 ns, Reaching safepoint: 283625 ns, At safepoint: 20584 ns, Total: 304209 ns
[2022-05-09T02:33:02.368+0000][161][safepoint   ] Safepoint "ICBufferFull", Time since last: 230280000 ns, Reaching safepoint: 365875 ns, At safepoint: 16000 ns, Total: 381875 ns
[2022-05-09T02:33:02.562+0000][161][gc,start    ] GC(9) Pause Young (Normal) (G1 Evacuation Pause)
[2022-05-09T02:33:02.564+0000][161][gc,task     ] GC(9) Using 5 workers of 5 for evacuation
[2022-05-09T02:33:02.566+0000][161][gc,age      ] GC(9) Desired survivor size 20971520 bytes, new threshold 15 (max threshold 15)
[2022-05-09T02:33:02.577+0000][161][gc,age      ] GC(9) Age table with threshold 15 (max threshold 15)
[2022-05-09T02:33:02.579+0000][161][gc,age      ] GC(9) - age   1:   15532320 bytes,   15532320 total
[2022-05-09T02:33:02.580+0000][161][gc,age      ] GC(9) - age   2:     332592 bytes,   15864912 total
[2022-05-09T02:33:02.581+0000][161][gc,age      ] GC(9) - age   3:    2140088 bytes,   18005000 total
[2022-05-09T02:33:02.582+0000][161][gc,age      ] GC(9) - age   4:    1305448 bytes,   19310448 total
[2022-05-09T02:33:02.583+0000][161][gc,age      ] GC(9) - age   5:    5072488 bytes,   24382936 total
[2022-05-09T02:33:02.585+0000][161][gc,age      ] GC(9) - age   6:    2088504 bytes,   26471440 total
[2022-05-09T02:33:02.586+0000][161][gc,age      ] GC(9) - age   7:     891536 bytes,   27362976 total
[2022-05-09T02:33:02.586+0000][161][gc,age      ] GC(9) - age   8:    1932600 bytes,   29295576 total
[2022-05-09T02:33:02.587+0000][161][gc,phases   ] GC(9)   Pre Evacuate Collection Set: 0.0ms
[2022-05-09T02:33:02.588+0000][161][gc,phases   ] GC(9)   Merge Heap Roots: 0.1ms
[2022-05-09T02:33:02.588+0000][161][gc,phases   ] GC(9)   Evacuate Collection Set: 9.1ms
[2022-05-09T02:33:02.589+0000][161][gc,phases   ] GC(9)   Post Evacuate Collection Set: 1.8ms
[2022-05-09T02:33:02.590+0000][161][gc,phases   ] GC(9)   Other: 13.8ms
[2022-05-09T02:33:02.590+0000][161][gc,heap     ] GC(9) Eden regions: 72->0(68)
[2022-05-09T02:33:02.591+0000][161][gc,heap     ] GC(9) Survivor regions: 4->8(10)
[2022-05-09T02:33:02.592+0000][161][gc,heap     ] GC(9) Old regions: 2->2
[2022-05-09T02:33:02.592+0000][161][gc,heap     ] GC(9) Archive regions: 2->2
[2022-05-09T02:33:02.593+0000][161][gc,heap     ] GC(9) Humongous regions: 0->0
[2022-05-09T02:33:02.594+0000][161][gc,metaspace] GC(9) Metaspace: 30624K(31488K)->30624K(31488K) NonClass: 26704K(27264K)->26704K(27264K) Class: 3919K(4224K)->3919K(4224K)
[2022-05-09T02:33:02.594+0000][161][gc          ] GC(9) Pause Young (Normal) (G1 Evacuation Pause) 310M->37M(512M) 31.817ms
[2022-05-09T02:33:02.595+0000][161][gc,cpu      ] GC(9) User=0.04s Sys=0.00s Real=0.03s
[2022-05-09T02:33:02.597+0000][161][safepoint   ] Safepoint "G1CollectForAllocation", Time since last: 193949458 ns, Reaching safepoint: 106917 ns, At safepoint: 34719541 ns, Total: 34826458 ns
[2022-05-09T02:33:02.806+0000][161][safepoint   ] Safepoint "ICBufferFull", Time since last: 208229001 ns, Reaching safepoint: 263625 ns, At safepoint: 15083 ns, Total: 278708 ns
[2022-05-09T02:33:03.015+0000][161][gc,start    ] GC(10) Pause Young (Concurrent Start) (Metadata GC Threshold)
[2022-05-09T02:33:03.016+0000][161][gc,task     ] GC(10) Using 5 workers of 5 for evacuation
[2022-05-09T02:33:03.017+0000][161][gc,age      ] GC(10) Desired survivor size 20971520 bytes, new threshold 5 (max threshold 15)
[2022-05-09T02:33:03.035+0000][161][gc,age      ] GC(10) Age table with threshold 5 (max threshold 15)
[2022-05-09T02:33:03.037+0000][161][gc,age      ] GC(10) - age   1:   12635968 bytes,   12635968 total
[2022-05-09T02:33:03.038+0000][161][gc,age      ] GC(10) - age   2:   15176152 bytes,   27812120 total
[2022-05-09T02:33:03.038+0000][161][gc,age      ] GC(10) - age   3:     332560 bytes,   28144680 total
[2022-05-09T02:33:03.040+0000][161][gc,age      ] GC(10) - age   4:    2139136 bytes,   30283816 total
[2022-05-09T02:33:03.041+0000][161][gc,age      ] GC(10) - age   5:    1305448 bytes,   31589264 total
[2022-05-09T02:33:03.042+0000][161][gc,phases   ] GC(10)   Pre Evacuate Collection Set: 0.3ms
[2022-05-09T02:33:03.043+0000][161][gc,phases   ] GC(10)   Merge Heap Roots: 0.2ms
[2022-05-09T02:33:03.043+0000][161][gc,phases   ] GC(10)   Evacuate Collection Set: 15.7ms
[2022-05-09T02:33:03.044+0000][161][gc,phases   ] GC(10)   Post Evacuate Collection Set: 1.4ms
[2022-05-09T02:33:03.045+0000][161][gc,phases   ] GC(10)   Other: 9.4ms
[2022-05-09T02:33:03.046+0000][161][gc,heap     ] GC(10) Eden regions: 34->0(68)
[2022-05-09T02:33:03.048+0000][161][gc,heap     ] GC(10) Survivor regions: 8->8(10)
[2022-05-09T02:33:03.048+0000][161][gc,heap     ] GC(10) Old regions: 2->4
[2022-05-09T02:33:03.049+0000][161][gc,heap     ] GC(10) Archive regions: 2->2
[2022-05-09T02:33:03.049+0000][161][gc,heap     ] GC(10) Humongous regions: 0->0
[2022-05-09T02:33:03.050+0000][161][gc,metaspace] GC(10) Metaspace: 35104K(35968K)->35104K(35968K) NonClass: 30455K(30976K)->30455K(30976K) Class: 4649K(4992K)->4649K(4992K)
[2022-05-09T02:33:03.050+0000][161][gc          ] GC(10) Pause Young (Concurrent Start) (Metadata GC Threshold) 171M->48M(512M) 35.559ms
[2022-05-09T02:33:03.051+0000][161][gc,cpu      ] GC(10) User=0.09s Sys=0.00s Real=0.04s
[2022-05-09T02:33:03.052+0000][161][gc          ] GC(11) Concurrent Mark Cycle
[2022-05-09T02:33:03.052+0000][161][gc,marking  ] GC(11) Concurrent Clear Claimed Marks
[2022-05-09T02:33:03.052+0000][161][safepoint   ] Safepoint "CollectForMetadataAllocation", Time since last: 209066333 ns, Reaching safepoint: 155292 ns, At safepoint: 37075708 ns, Total: 37231000 ns
[2022-05-09T02:33:03.053+0000][161][gc,marking  ] GC(11) Concurrent Clear Claimed Marks 0.704ms
[2022-05-09T02:33:03.054+0000][161][gc,marking  ] GC(11) Concurrent Scan Root Regions
[2022-05-09T02:33:03.066+0000][161][safepoint   ] Safepoint "CollectForMetadataAllocation", Time since last: 13869459 ns, Reaching safepoint: 54666 ns, At safepoint: 39042 ns, Total: 93708 ns
[2022-05-09T02:33:03.070+0000][161][gc,marking  ] GC(11) Concurrent Scan Root Regions 15.425ms
[2022-05-09T02:33:03.071+0000][161][gc,marking  ] GC(11) Concurrent Mark
[2022-05-09T02:33:03.072+0000][161][gc,marking  ] GC(11) Concurrent Mark From Roots
[2022-05-09T02:33:03.072+0000][161][gc,task     ] GC(11) Using 1 workers of 1 for marking
[2022-05-09T02:33:03.078+0000][161][gc,marking  ] GC(11) Concurrent Mark From Roots 6.752ms
[2022-05-09T02:33:03.079+0000][161][gc,marking  ] GC(11) Concurrent Preclean
[2022-05-09T02:33:03.080+0000][161][gc,marking  ] GC(11) Concurrent Preclean 1.088ms
[2022-05-09T02:33:03.081+0000][161][gc,start    ] GC(11) Pause Remark
[2022-05-09T02:33:03.084+0000][161][gc          ] GC(11) Pause Remark 52M->52M(512M) 2.870ms
[2022-05-09T02:33:03.085+0000][161][gc,cpu      ] GC(11) User=0.01s Sys=0.00s Real=0.01s
[2022-05-09T02:33:03.085+0000][161][safepoint   ] Safepoint "G1Concurrent", Time since last: 14971167 ns, Reaching safepoint: 155500 ns, At safepoint: 4358291 ns, Total: 4513791 ns
[2022-05-09T02:33:03.086+0000][161][gc,marking  ] GC(11) Concurrent Mark 15.316ms
[2022-05-09T02:33:03.087+0000][161][gc,marking  ] GC(11) Concurrent Rebuild Remembered Sets
[2022-05-09T02:33:03.092+0000][161][gc,marking  ] GC(11) Concurrent Rebuild Remembered Sets 5.102ms
[2022-05-09T02:33:03.094+0000][161][gc,start    ] GC(11) Pause Cleanup
[2022-05-09T02:33:03.094+0000][161][gc          ] GC(11) Pause Cleanup 52M->52M(512M) 0.794ms
[2022-05-09T02:33:03.095+0000][161][gc,cpu      ] GC(11) User=0.00s Sys=0.00s Real=0.00s
[2022-05-09T02:33:03.096+0000][161][safepoint   ] Safepoint "G1Concurrent", Time since last: 7289834 ns, Reaching safepoint: 909250 ns, At safepoint: 1990125 ns, Total: 2899375 ns
[2022-05-09T02:33:03.096+0000][161][gc,marking  ] GC(11) Concurrent Cleanup for Next Mark
[2022-05-09T02:33:03.097+0000][161][gc,marking  ] GC(11) Concurrent Cleanup for Next Mark 1.173ms
[2022-05-09T02:33:03.098+0000][161][gc          ] GC(11) Concurrent Mark Cycle 46.337ms
[2022-05-09T02:33:03.253+0000][161][safepoint   ] Safepoint "ICBufferFull", Time since last: 156960125 ns, Reaching safepoint: 157708 ns, At safepoint: 1625 ns, Total: 159333 ns
[2022-05-09T02:33:03.662+0000][161][safepoint   ] Safepoint "ICBufferFull", Time since last: 408929250 ns, Reaching safepoint: 156542 ns, At safepoint: 31458 ns, Total: 188000 ns
[2022-05-09T02:33:03.864+0000][161][safepoint   ] Safepoint "ICBufferFull", Time since last: 202218584 ns, Reaching safepoint: 264125 ns, At safepoint: 6916 ns, Total: 271041 ns
[2022-05-09T02:33:03.942+0000][161][gc,start    ] GC(12) Pause Young (Concurrent Start) (G1 Evacuation Pause)
[2022-05-09T02:33:03.944+0000][161][gc,task     ] GC(12) Using 5 workers of 5 for evacuation
[2022-05-09T02:33:03.945+0000][161][gc,age      ] GC(12) Desired survivor size 20971520 bytes, new threshold 2 (max threshold 15)
[2022-05-09T02:33:03.965+0000][161][gc,age      ] GC(12) Age table with threshold 2 (max threshold 15)
[2022-05-09T02:33:03.966+0000][161][gc,age      ] GC(12) - age   1:    6094440 bytes,    6094440 total
[2022-05-09T02:33:03.967+0000][161][gc,age      ] GC(12) - age   2:   12543672 bytes,   18638112 total
[2022-05-09T02:33:03.968+0000][161][gc,phases   ] GC(12)   Pre Evacuate Collection Set: 0.2ms
[2022-05-09T02:33:03.969+0000][161][gc,phases   ] GC(12)   Merge Heap Roots: 0.2ms
[2022-05-09T02:33:03.969+0000][161][gc,phases   ] GC(12)   Evacuate Collection Set: 17.6ms
[2022-05-09T02:33:03.970+0000][161][gc,phases   ] GC(12)   Post Evacuate Collection Set: 1.2ms
[2022-05-09T02:33:03.971+0000][161][gc,phases   ] GC(12)   Other: 7.3ms
[2022-05-09T02:33:03.971+0000][161][gc,heap     ] GC(12) Eden regions: 68->0(71)
[2022-05-09T02:33:03.972+0000][161][gc,heap     ] GC(12) Survivor regions: 8->5(10)
[2022-05-09T02:33:03.972+0000][161][gc,heap     ] GC(12) Old regions: 4->8
[2022-05-09T02:33:03.973+0000][161][gc,heap     ] GC(12) Archive regions: 2->2
[2022-05-09T02:33:03.973+0000][161][gc,heap     ] GC(12) Humongous regions: 0->0
[2022-05-09T02:33:03.974+0000][161][gc,metaspace] GC(12) Metaspace: 52281K(53440K)->52281K(53440K) NonClass: 45195K(45888K)->45195K(45888K) Class: 7085K(7552K)->7085K(7552K)
[2022-05-09T02:33:03.974+0000][161][gc          ] GC(12) Pause Young (Concurrent Start) (G1 Evacuation Pause) 320M->55M(512M) 32.951ms
[2022-05-09T02:33:03.975+0000][161][gc,cpu      ] GC(12) User=0.08s Sys=0.00s Real=0.03s
[2022-05-09T02:33:03.976+0000][161][safepoint   ] Safepoint "G1CollectForAllocation", Time since last: 77052542 ns, Reaching safepoint: 124833 ns, At safepoint: 34359709 ns, Total: 34484542 ns
[2022-05-09T02:33:03.976+0000][161][gc          ] GC(13) Concurrent Mark Cycle
[2022-05-09T02:33:03.977+0000][161][gc,marking  ] GC(13) Concurrent Clear Claimed Marks
[2022-05-09T02:33:03.978+0000][161][gc,marking  ] GC(13) Concurrent Clear Claimed Marks 0.774ms
[2022-05-09T02:33:03.978+0000][161][gc,marking  ] GC(13) Concurrent Scan Root Regions
[2022-05-09T02:33:03.995+0000][161][gc,marking  ] GC(13) Concurrent Scan Root Regions 16.492ms
[2022-05-09T02:33:03.996+0000][161][gc,marking  ] GC(13) Concurrent Mark
[2022-05-09T02:33:03.997+0000][161][gc,marking  ] GC(13) Concurrent Mark From Roots
[2022-05-09T02:33:03.997+0000][161][gc,task     ] GC(13) Using 1 workers of 1 for marking
[2022-05-09T02:33:04.007+0000][161][gc,marking  ] GC(13) Concurrent Mark From Roots 10.238ms
[2022-05-09T02:33:04.008+0000][161][gc,marking  ] GC(13) Concurrent Preclean
[2022-05-09T02:33:04.009+0000][161][gc,marking  ] GC(13) Concurrent Preclean 0.880ms
[2022-05-09T02:33:04.010+0000][161][gc,start    ] GC(13) Pause Remark
[2022-05-09T02:33:04.014+0000][161][gc          ] GC(13) Pause Remark 73M->73M(512M) 4.268ms
[2022-05-09T02:33:04.015+0000][161][gc,cpu      ] GC(13) User=0.02s Sys=0.00s Real=0.01s
[2022-05-09T02:33:04.016+0000][161][safepoint   ] Safepoint "G1Concurrent", Time since last: 33606791 ns, Reaching safepoint: 227959 ns, At safepoint: 6175041 ns, Total: 6403000 ns
[2022-05-09T02:33:04.016+0000][161][gc,marking  ] GC(13) Concurrent Mark 20.548ms
[2022-05-09T02:33:04.017+0000][161][gc,marking  ] GC(13) Concurrent Rebuild Remembered Sets
[2022-05-09T02:33:04.018+0000][161][gc,marking  ] GC(13) Concurrent Rebuild Remembered Sets 0.560ms
[2022-05-09T02:33:04.018+0000][161][gc,start    ] GC(13) Pause Cleanup
[2022-05-09T02:33:04.019+0000][161][gc          ] GC(13) Pause Cleanup 75M->75M(512M) 0.630ms
[2022-05-09T02:33:04.020+0000][161][gc,cpu      ] GC(13) User=0.00s Sys=0.00s Real=0.00s
[2022-05-09T02:33:04.020+0000][161][safepoint   ] Safepoint "G1Concurrent", Time since last: 2435209 ns, Reaching safepoint: 115875 ns, At safepoint: 1916666 ns, Total: 2032541 ns
[2022-05-09T02:33:04.022+0000][161][gc,marking  ] GC(13) Concurrent Cleanup for Next Mark
[2022-05-09T02:33:04.023+0000][161][gc,marking  ] GC(13) Concurrent Cleanup for Next Mark 0.723ms
[2022-05-09T02:33:04.024+0000][161][gc          ] GC(13) Concurrent Mark Cycle 47.767ms
[2022-05-09T02:33:04.291+0000][161][safepoint   ] Safepoint "ICBufferFull", Time since last: 270338501 ns, Reaching safepoint: 473875 ns, At safepoint: 10083 ns, Total: 483958 ns
[2022-05-09T02:33:04.792+0000][161][safepoint   ] Safepoint "ICBufferFull", Time since last: 500819375 ns, Reaching safepoint: 300042 ns, At safepoint: 2750 ns, Total: 302792 ns
[2022-05-09T02:33:04.973+0000][161][safepoint   ] Safepoint "ICBufferFull", Time since last: 180862917 ns, Reaching safepoint: 209750 ns, At safepoint: 31500 ns, Total: 241250 ns
[2022-05-09T02:33:05.276+0000][161][safepoint   ] Safepoint "ICBufferFull", Time since last: 302162125 ns, Reaching safepoint: 286625 ns, At safepoint: 14791 ns, Total: 301416 ns
[2022-05-09T02:33:05.562+0000][161][safepoint   ] Safepoint "ICBufferFull", Time since last: 286030751 ns, Reaching safepoint: 274875 ns, At safepoint: 3541 ns, Total: 278416 ns
[2022-05-09T02:33:05.737+0000][161][safepoint   ] Safepoint "ICBufferFull", Time since last: 174673875 ns, Reaching safepoint: 206375 ns, At safepoint: 4375 ns, Total: 210750 ns
[2022-05-09T02:33:05.744+0000][161][gc,start    ] GC(14) Pause Young (Normal) (G1 Evacuation Pause)
[2022-05-09T02:33:05.745+0000][161][gc,task     ] GC(14) Using 5 workers of 5 for evacuation
[2022-05-09T02:33:05.746+0000][161][gc,age      ] GC(14) Desired survivor size 20971520 bytes, new threshold 15 (max threshold 15)
[2022-05-09T02:33:05.759+0000][161][gc,age      ] GC(14) Age table with threshold 15 (max threshold 15)
[2022-05-09T02:33:05.760+0000][161][gc,age      ] GC(14) - age   1:   13960864 bytes,   13960864 total
[2022-05-09T02:33:05.761+0000][161][gc,age      ] GC(14) - age   2:    5841656 bytes,   19802520 total
[2022-05-09T02:33:05.762+0000][161][gc,age      ] GC(14) - age   3:   12523880 bytes,   32326400 total
[2022-05-09T02:33:05.763+0000][161][gc,phases   ] GC(14)   Pre Evacuate Collection Set: 0.1ms
[2022-05-09T02:33:05.763+0000][161][gc,phases   ] GC(14)   Merge Heap Roots: 0.1ms
[2022-05-09T02:33:05.764+0000][161][gc,phases   ] GC(14)   Evacuate Collection Set: 10.0ms
[2022-05-09T02:33:05.765+0000][161][gc,phases   ] GC(14)   Post Evacuate Collection Set: 2.1ms
[2022-05-09T02:33:05.766+0000][161][gc,phases   ] GC(14)   Other: 6.7ms
[2022-05-09T02:33:05.767+0000][161][gc,heap     ] GC(14) Eden regions: 71->0(67)
[2022-05-09T02:33:05.767+0000][161][gc,heap     ] GC(14) Survivor regions: 5->9(10)
[2022-05-09T02:33:05.768+0000][161][gc,heap     ] GC(14) Old regions: 8->8
[2022-05-09T02:33:05.768+0000][161][gc,heap     ] GC(14) Archive regions: 2->2
[2022-05-09T02:33:05.769+0000][161][gc,heap     ] GC(14) Humongous regions: 0->0
[2022-05-09T02:33:05.770+0000][161][gc,metaspace] GC(14) Metaspace: 84759K(86272K)->84759K(86272K) NonClass: 73028K(73920K)->73028K(73920K) Class: 11731K(12352K)->11731K(12352K)
[2022-05-09T02:33:05.770+0000][161][gc          ] GC(14) Pause Young (Normal) (G1 Evacuation Pause) 339M->69M(512M) 26.826ms
[2022-05-09T02:33:05.771+0000][161][gc,cpu      ] GC(14) User=0.05s Sys=0.00s Real=0.03s
[2022-05-09T02:33:05.772+0000][161][safepoint   ] Safepoint "G1CollectForAllocation", Time since last: 6360500 ns, Reaching safepoint: 238709 ns, At safepoint: 28318291 ns, Total: 28557000 ns
[2022-05-09T02:33:05.852+0000][161][safepoint   ] Safepoint "ICBufferFull", Time since last: 80268209 ns, Reaching safepoint: 189083 ns, At safepoint: 15792 ns, Total: 204875 ns
[2022-05-09T02:33:05.915+0000][161][safepoint   ] Safepoint "ICBufferFull", Time since last: 62606541 ns, Reaching safepoint: 199917 ns, At safepoint: 12833 ns, Total: 212750 ns
[2022-05-09T02:33:05.924+0000][161][safepoint   ] Safepoint "ICBufferFull", Time since last: 8603917 ns, Reaching safepoint: 462208 ns, At safepoint: 9334 ns, Total: 471542 ns
[2022-05-09T02:33:06.240+0000][161][gc,start    ] GC(15) Pause Young (Concurrent Start) (Metadata GC Threshold)
[2022-05-09T02:33:06.242+0000][161][gc,task     ] GC(15) Using 5 workers of 5 for evacuation
[2022-05-09T02:33:06.244+0000][161][gc,age      ] GC(15) Desired survivor size 20971520 bytes, new threshold 3 (max threshold 15)
[2022-05-09T02:33:06.273+0000][161][gc,age      ] GC(15) Age table with threshold 3 (max threshold 15)
[2022-05-09T02:33:06.275+0000][161][gc,age      ] GC(15) - age   1:     929424 bytes,     929424 total
[2022-05-09T02:33:06.276+0000][161][gc,age      ] GC(15) - age   2:   13156872 bytes,   14086296 total
[2022-05-09T02:33:06.277+0000][161][gc,age      ] GC(15) - age   3:    5815392 bytes,   19901688 total
[2022-05-09T02:33:06.279+0000][161][gc,phases   ] GC(15)   Pre Evacuate Collection Set: 1.1ms
[2022-05-09T02:33:06.281+0000][161][gc,phases   ] GC(15)   Merge Heap Roots: 0.2ms
[2022-05-09T02:33:06.282+0000][161][gc,phases   ] GC(15)   Evacuate Collection Set: 25.3ms
[2022-05-09T02:33:06.283+0000][161][gc,phases   ] GC(15)   Post Evacuate Collection Set: 1.6ms
[2022-05-09T02:33:06.284+0000][161][gc,phases   ] GC(15)   Other: 10.9ms
[2022-05-09T02:33:06.285+0000][161][gc,heap     ] GC(15) Eden regions: 9->0(70)
[2022-05-09T02:33:06.286+0000][161][gc,heap     ] GC(15) Survivor regions: 9->6(10)
[2022-05-09T02:33:06.287+0000][161][gc,heap     ] GC(15) Old regions: 8->12
[2022-05-09T02:33:06.288+0000][161][gc,heap     ] GC(15) Archive regions: 2->2
[2022-05-09T02:33:06.289+0000][161][gc,heap     ] GC(15) Humongous regions: 0->0
[2022-05-09T02:33:06.290+0000][161][gc,metaspace] GC(15) Metaspace: 87563K(89088K)->87563K(89088K) NonClass: 75406K(76288K)->75406K(76288K) Class: 12156K(12800K)->12156K(12800K)
[2022-05-09T02:33:06.291+0000][161][gc          ] GC(15) Pause Young (Concurrent Start) (Metadata GC Threshold) 102M->69M(512M) 51.167ms
[2022-05-09T02:33:06.292+0000][161][gc,cpu      ] GC(15) User=0.11s Sys=0.01s Real=0.06s
[2022-05-09T02:33:06.293+0000][161][gc          ] GC(16) Concurrent Mark Cycle
[2022-05-09T02:33:06.294+0000][161][gc,marking  ] GC(16) Concurrent Clear Claimed Marks
[2022-05-09T02:33:06.293+0000][161][safepoint   ] Safepoint "CollectForMetadataAllocation", Time since last: 315243375 ns, Reaching safepoint: 246542 ns, At safepoint: 53522500 ns, Total: 53769042 ns
[2022-05-09T02:33:06.295+0000][161][gc,marking  ] GC(16) Concurrent Clear Claimed Marks 1.022ms
[2022-05-09T02:33:06.298+0000][161][gc,marking  ] GC(16) Concurrent Scan Root Regions
[2022-05-09T02:33:06.315+0000][161][gc,marking  ] GC(16) Concurrent Scan Root Regions 17.264ms
[2022-05-09T02:33:06.316+0000][161][gc,marking  ] GC(16) Concurrent Mark
[2022-05-09T02:33:06.317+0000][161][gc,marking  ] GC(16) Concurrent Mark From Roots
[2022-05-09T02:33:06.318+0000][161][gc,task     ] GC(16) Using 1 workers of 1 for marking
[2022-05-09T02:33:06.362+0000][161][gc,marking  ] GC(16) Concurrent Mark From Roots 44.446ms
[2022-05-09T02:33:06.362+0000][161][gc,marking  ] GC(16) Concurrent Preclean
[2022-05-09T02:33:06.364+0000][161][gc,marking  ] GC(16) Concurrent Preclean 1.072ms
[2022-05-09T02:33:06.365+0000][161][gc,start    ] GC(16) Pause Remark
[2022-05-09T02:33:06.369+0000][161][gc          ] GC(16) Pause Remark 72M->72M(512M) 3.986ms
[2022-05-09T02:33:06.370+0000][161][gc,cpu      ] GC(16) User=0.01s Sys=0.00s Real=0.00s
[2022-05-09T02:33:06.370+0000][161][safepoint   ] Safepoint "G1Concurrent", Time since last: 71367833 ns, Reaching safepoint: 195833 ns, At safepoint: 5396209 ns, Total: 5592042 ns
[2022-05-09T02:33:06.371+0000][161][gc,marking  ] GC(16) Concurrent Mark 54.959ms
[2022-05-09T02:33:06.372+0000][161][gc,marking  ] GC(16) Concurrent Rebuild Remembered Sets
[2022-05-09T02:33:06.426+0000][161][gc,marking  ] GC(16) Concurrent Rebuild Remembered Sets 54.764ms
[2022-05-09T02:33:06.427+0000][161][gc,start    ] GC(16) Pause Cleanup
[2022-05-09T02:33:06.428+0000][161][gc          ] GC(16) Pause Cleanup 73M->73M(512M) 0.738ms
[2022-05-09T02:33:06.429+0000][161][gc,cpu      ] GC(16) User=0.00s Sys=0.00s Real=0.00s
[2022-05-09T02:33:06.430+0000][161][safepoint   ] Safepoint "G1Concurrent", Time since last: 56692708 ns, Reaching safepoint: 486542 ns, At safepoint: 2262000 ns, Total: 2748542 ns
[2022-05-09T02:33:06.431+0000][161][gc,marking  ] GC(16) Concurrent Cleanup for Next Mark
[2022-05-09T02:33:06.432+0000][161][gc,marking  ] GC(16) Concurrent Cleanup for Next Mark 1.235ms
[2022-05-09T02:33:06.433+0000][161][gc          ] GC(16) Concurrent Mark Cycle 139.647ms
[2022-05-09T02:33:06.760+0000][161][safepoint   ] Safepoint "ICBufferFull", Time since last: 330080375 ns, Reaching safepoint: 198541 ns, At safepoint: 11584 ns, Total: 210125 ns
[2022-05-09T02:33:06.870+0000][161][safepoint   ] Safepoint "ICBufferFull", Time since last: 109615416 ns, Reaching safepoint: 158125 ns, At safepoint: 7417 ns, Total: 165542 ns
[2022-05-09T02:33:07.371+0000][161][safepoint   ] Safepoint "ICBufferFull", Time since last: 500916584 ns, Reaching safepoint: 498333 ns, At safepoint: 123792 ns, Total: 622125 ns
[2022-05-09T02:33:07.537+0000][161][safepoint   ] Safepoint "ICBufferFull", Time since last: 165306583 ns, Reaching safepoint: 421292 ns, At safepoint: 285416 ns, Total: 706708 ns
[2022-05-09T02:33:07.737+0000][161][safepoint   ] Safepoint "ICBufferFull", Time since last: 199120209 ns, Reaching safepoint: 740667 ns, At safepoint: 38041 ns, Total: 778708 ns
[2022-05-09T02:33:07.917+0000][161][safepoint   ] Safepoint "ICBufferFull", Time since last: 178803542 ns, Reaching safepoint: 512333 ns, At safepoint: 46584 ns, Total: 558917 ns
[2022-05-09T02:33:08.285+0000][161][safepoint   ] Safepoint "ICBufferFull", Time since last: 368034333 ns, Reaching safepoint: 226542 ns, At safepoint: 8875 ns, Total: 235417 ns
[2022-05-09T02:33:08.769+0000][161][safepoint   ] Safepoint "ICBufferFull", Time since last: 483821333 ns, Reaching safepoint: 275125 ns, At safepoint: 105417 ns, Total: 380542 ns
[2022-05-09T02:33:08.849+0000][161][safepoint   ] Safepoint "ICBufferFull", Time since last: 79445542 ns, Reaching safepoint: 253291 ns, At safepoint: 10375 ns, Total: 263666 ns
[2022-05-09T02:33:08.885+0000][161][gc,start    ] GC(17) Pause Young (Normal) (G1 Evacuation Pause)
[2022-05-09T02:33:08.886+0000][161][gc,task     ] GC(17) Using 5 workers of 5 for evacuation
[2022-05-09T02:33:08.886+0000][161][gc,age      ] GC(17) Desired survivor size 20971520 bytes, new threshold 15 (max threshold 15)
[2022-05-09T02:33:08.906+0000][161][gc,age      ] GC(17) Age table with threshold 15 (max threshold 15)
[2022-05-09T02:33:08.907+0000][161][gc,age      ] GC(17) - age   1:    8755544 bytes,    8755544 total
[2022-05-09T02:33:08.908+0000][161][gc,age      ] GC(17) - age   2:     750024 bytes,    9505568 total
[2022-05-09T02:33:08.910+0000][161][gc,age      ] GC(17) - age   3:   13037688 bytes,   22543256 total
[2022-05-09T02:33:08.911+0000][161][gc,age      ] GC(17) - age   4:    5719400 bytes,   28262656 total
[2022-05-09T02:33:08.912+0000][161][gc,phases   ] GC(17)   Pre Evacuate Collection Set: 0.1ms
[2022-05-09T02:33:08.913+0000][161][gc,phases   ] GC(17)   Merge Heap Roots: 0.1ms
[2022-05-09T02:33:08.913+0000][161][gc,phases   ] GC(17)   Evacuate Collection Set: 15.9ms
[2022-05-09T02:33:08.915+0000][161][gc,phases   ] GC(17)   Post Evacuate Collection Set: 1.9ms
[2022-05-09T02:33:08.915+0000][161][gc,phases   ] GC(17)   Other: 9.0ms
[2022-05-09T02:33:08.916+0000][161][gc,heap     ] GC(17) Eden regions: 70->0(68)
[2022-05-09T02:33:08.918+0000][161][gc,heap     ] GC(17) Survivor regions: 6->8(10)
[2022-05-09T02:33:08.919+0000][161][gc,heap     ] GC(17) Old regions: 12->12
[2022-05-09T02:33:08.920+0000][161][gc,heap     ] GC(17) Archive regions: 2->2
[2022-05-09T02:33:08.921+0000][161][gc,heap     ] GC(17) Humongous regions: 6->6
[2022-05-09T02:33:08.922+0000][161][gc,metaspace] GC(17) Metaspace: 97496K(99008K)->97496K(99008K) NonClass: 83872K(84736K)->83872K(84736K) Class: 13623K(14272K)->13623K(14272K)
[2022-05-09T02:33:08.923+0000][161][gc          ] GC(17) Pause Young (Normal) (G1 Evacuation Pause) 373M->101M(512M) 38.391ms
[2022-05-09T02:33:08.924+0000][161][gc,cpu      ] GC(17) User=0.09s Sys=0.01s Real=0.04s
[2022-05-09T02:33:08.925+0000][161][safepoint   ] Safepoint "G1CollectForAllocation", Time since last: 35526959 ns, Reaching safepoint: 299125 ns, At safepoint: 40808208 ns, Total: 41107333 ns
[2022-05-09T02:33:09.140+0000][161][safepoint   ] Safepoint "ICBufferFull", Time since last: 213208334 ns, Reaching safepoint: 802083 ns, At safepoint: 60417 ns, Total: 862500 ns
[2022-05-09T02:33:09.666+0000][161][safepoint   ] Safepoint "ICBufferFull", Time since last: 525807083 ns, Reaching safepoint: 308375 ns, At safepoint: 14458 ns, Total: 322833 ns
[2022-05-09T02:33:10.383+0000][161][safepoint   ] Safepoint "ICBufferFull", Time since last: 717363126 ns, Reaching safepoint: 141958 ns, At safepoint: 2833 ns, Total: 144791 ns
[2022-05-09T02:33:10.774+0000][161][safepoint   ] Safepoint "ICBufferFull", Time since last: 385407334 ns, Reaching safepoint: 4439292 ns, At safepoint: 156083 ns, Total: 4595375 ns
[2022-05-09T02:33:11.009+0000][161][gc,start    ] GC(18) Pause Young (Normal) (G1 Evacuation Pause)
[2022-05-09T02:33:11.012+0000][161][gc,task     ] GC(18) Using 5 workers of 5 for evacuation
[2022-05-09T02:33:11.013+0000][161][gc,age      ] GC(18) Desired survivor size 20971520 bytes, new threshold 3 (max threshold 15)
[2022-05-09T02:33:11.028+0000][161][gc,age      ] GC(18) Age table with threshold 3 (max threshold 15)
[2022-05-09T02:33:11.029+0000][161][gc,age      ] GC(18) - age   1:    8251880 bytes,    8251880 total
[2022-05-09T02:33:11.030+0000][161][gc,age      ] GC(18) - age   2:    7767704 bytes,   16019584 total
[2022-05-09T02:33:11.030+0000][161][gc,age      ] GC(18) - age   3:     745256 bytes,   16764840 total
[2022-05-09T02:33:11.032+0000][161][gc,phases   ] GC(18)   Pre Evacuate Collection Set: 0.1ms
[2022-05-09T02:33:11.032+0000][161][gc,phases   ] GC(18)   Merge Heap Roots: 0.2ms
[2022-05-09T02:33:11.033+0000][161][gc,phases   ] GC(18)   Evacuate Collection Set: 11.8ms
[2022-05-09T02:33:11.035+0000][161][gc,phases   ] GC(18)   Post Evacuate Collection Set: 1.2ms
[2022-05-09T02:33:11.036+0000][161][gc,phases   ] GC(18)   Other: 9.6ms
[2022-05-09T02:33:11.038+0000][161][gc,heap     ] GC(18) Eden regions: 68->0(70)
[2022-05-09T02:33:11.039+0000][161][gc,heap     ] GC(18) Survivor regions: 8->5(10)
[2022-05-09T02:33:11.041+0000][161][gc,heap     ] GC(18) Old regions: 12->16
[2022-05-09T02:33:11.042+0000][161][gc,heap     ] GC(18) Archive regions: 2->2
[2022-05-09T02:33:11.043+0000][161][gc,heap     ] GC(18) Humongous regions: 6->6
[2022-05-09T02:33:11.044+0000][161][gc,metaspace] GC(18) Metaspace: 99485K(100992K)->99485K(100992K) NonClass: 85570K(86464K)->85570K(86464K) Class: 13915K(14528K)->13915K(14528K)
[2022-05-09T02:33:11.045+0000][161][gc          ] GC(18) Pause Young (Normal) (G1 Evacuation Pause) 372M->109M(512M) 36.541ms
[2022-05-09T02:33:11.046+0000][161][gc,cpu      ] GC(18) User=0.05s Sys=0.00s Real=0.04s
[2022-05-09T02:33:11.051+0000][161][safepoint   ] Safepoint "G1CollectForAllocation", Time since last: 234914250 ns, Reaching safepoint: 487542 ns, At safepoint: 42780083 ns, Total: 43267625 ns
[2022-05-09T02:33:11.723+0000][161][safepoint   ] Safepoint "ICBufferFull", Time since last: 671724709 ns, Reaching safepoint: 314541 ns, At safepoint: 31584 ns, Total: 346125 ns
[2022-05-09T02:33:12.211+0000][161][safepoint   ] Safepoint "ICBufferFull", Time since last: 487491375 ns, Reaching safepoint: 525500 ns, At safepoint: 30792 ns, Total: 556292 ns
[2022-05-09T02:33:13.214+0000][161][safepoint   ] Safepoint "Cleanup", Time since last: 1002186667 ns, Reaching safepoint: 236083 ns, At safepoint: 5042 ns, Total: 241125 ns
[2022-05-09T02:33:14.215+0000][161][safepoint   ] Safepoint "Cleanup", Time since last: 1000869917 ns, Reaching safepoint: 74000 ns, At safepoint: 2708 ns, Total: 76708 ns
[2022-05-09T02:33:15.056+0000][161][safepoint   ] Safepoint "ICBufferFull", Time since last: 840436459 ns, Reaching safepoint: 353625 ns, At safepoint: 4583 ns, Total: 358208 ns
[2022-05-09T02:33:16.092+0000][161][safepoint   ] Safepoint "Cleanup", Time since last: 1036309417 ns, Reaching safepoint: 568208 ns, At safepoint: 21542 ns, Total: 589750 ns
[2022-05-09T02:33:17.112+0000][161][safepoint   ] Safepoint "Cleanup", Time since last: 1019024500 ns, Reaching safepoint: 269084 ns, At safepoint: 3916 ns, Total: 273000 ns
[2022-05-09T02:33:18.114+0000][161][safepoint   ] Safepoint "Cleanup", Time since last: 1002008168 ns, Reaching safepoint: 97750 ns, At safepoint: 2625 ns, Total: 100375 ns
[2022-05-09T02:33:19.120+0000][161][safepoint   ] Safepoint "Cleanup", Time since last: 1005841792 ns, Reaching safepoint: 81291 ns, At safepoint: 3417 ns, Total: 84708 ns
[2022-05-09T02:33:20.123+0000][161][safepoint   ] Safepoint "Cleanup", Time since last: 1003099209 ns, Reaching safepoint: 82500 ns, At safepoint: 3250 ns, Total: 85750 ns
[2022-05-09T02:33:21.124+0000][161][safepoint   ] Safepoint "Cleanup", Time since last: 1000857875 ns, Reaching safepoint: 103417 ns, At safepoint: 2667 ns, Total: 106084 ns
[2022-05-09T02:33:22.125+0000][161][safepoint   ] Safepoint "Cleanup", Time since last: 1001532750 ns, Reaching safepoint: 60042 ns, At safepoint: 53875 ns, Total: 113917 ns
[2022-05-09T02:33:22.721+0000][161][gc,start    ] GC(19) Pause Young (Normal) (G1 Evacuation Pause)
[2022-05-09T02:33:22.723+0000][161][gc,task     ] GC(19) Using 5 workers of 5 for evacuation
[2022-05-09T02:33:22.724+0000][161][gc,age      ] GC(19) Desired survivor size 20971520 bytes, new threshold 15 (max threshold 15)
[2022-05-09T02:33:22.734+0000][161][gc,age      ] GC(19) Age table with threshold 15 (max threshold 15)
[2022-05-09T02:33:22.735+0000][161][gc,age      ] GC(19) - age   1:   13545248 bytes,   13545248 total
[2022-05-09T02:33:22.736+0000][161][gc,age      ] GC(19) - age   2:    2479368 bytes,   16024616 total
[2022-05-09T02:33:22.737+0000][161][gc,age      ] GC(19) - age   3:    7614216 bytes,   23638832 total
[2022-05-09T02:33:22.738+0000][161][gc,age      ] GC(19) - age   4:     739952 bytes,   24378784 total
[2022-05-09T02:33:22.739+0000][161][gc,phases   ] GC(19)   Pre Evacuate Collection Set: 0.1ms
[2022-05-09T02:33:22.740+0000][161][gc,phases   ] GC(19)   Merge Heap Roots: 0.2ms
[2022-05-09T02:33:22.741+0000][161][gc,phases   ] GC(19)   Evacuate Collection Set: 6.7ms
[2022-05-09T02:33:22.742+0000][161][gc,phases   ] GC(19)   Post Evacuate Collection Set: 1.4ms
[2022-05-09T02:33:22.744+0000][161][gc,phases   ] GC(19)   Other: 9.5ms
[2022-05-09T02:33:22.744+0000][161][gc,heap     ] GC(19) Eden regions: 70->0(67)
[2022-05-09T02:33:22.745+0000][161][gc,heap     ] GC(19) Survivor regions: 5->7(10)
[2022-05-09T02:33:22.746+0000][161][gc,heap     ] GC(19) Old regions: 16->16
[2022-05-09T02:33:22.747+0000][161][gc,heap     ] GC(19) Archive regions: 2->2
[2022-05-09T02:33:22.748+0000][161][gc,heap     ] GC(19) Humongous regions: 6->6
[2022-05-09T02:33:22.749+0000][161][gc,metaspace] GC(19) Metaspace: 101258K(102848K)->101258K(102848K) NonClass: 87123K(88064K)->87123K(88064K) Class: 14134K(14784K)->14134K(14784K)
[2022-05-09T02:33:22.750+0000][161][gc          ] GC(19) Pause Young (Normal) (G1 Evacuation Pause) 388M->114M(512M) 28.295ms
[2022-05-09T02:33:22.751+0000][161][gc,cpu      ] GC(19) User=0.03s Sys=0.00s Real=0.02s
[2022-05-09T02:33:22.752+0000][161][safepoint   ] Safepoint "G1CollectForAllocation", Time since last: 595946917 ns, Reaching safepoint: 158666 ns, At safepoint: 30260709 ns, Total: 30419375 ns
[2022-05-09T02:33:24.753+0000][161][safepoint   ] Safepoint "Cleanup", Time since last: 2001064542 ns, Reaching safepoint: 271084 ns, At safepoint: 9458 ns, Total: 280542 ns
[2022-05-09T02:33:25.755+0000][161][safepoint   ] Safepoint "Cleanup", Time since last: 1001526042 ns, Reaching safepoint: 176709 ns, At safepoint: 22500 ns, Total: 199209 ns
[2022-05-09T02:33:26.756+0000][161][safepoint   ] Safepoint "Cleanup", Time since last: 1001123375 ns, Reaching safepoint: 55333 ns, At safepoint: 2625 ns, Total: 57958 ns
[2022-05-09T02:33:27.760+0000][161][safepoint   ] Safepoint "Cleanup", Time since last: 1004311834 ns, Reaching safepoint: 66167 ns, At safepoint: 5375 ns, Total: 71542 ns
[2022-05-09T02:33:28.762+0000][161][safepoint   ] Safepoint "Cleanup", Time since last: 1001110834 ns, Reaching safepoint: 177250 ns, At safepoint: 3916 ns, Total: 181166 ns
[2022-05-09T02:33:29.765+0000][161][safepoint   ] Safepoint "Cleanup", Time since last: 1002973334 ns, Reaching safepoint: 113458 ns, At safepoint: 3834 ns, Total: 117292 ns
[2022-05-09T02:33:30.774+0000][161][safepoint   ] Safepoint "Cleanup", Time since last: 1002909125 ns, Reaching safepoint: 6796334 ns, At safepoint: 13125 ns, Total: 6809459 ns
[2022-05-09T02:33:31.776+0000][161][safepoint   ] Safepoint "Cleanup", Time since last: 1000916625 ns, Reaching safepoint: 310375 ns, At safepoint: 6667 ns, Total: 317042 ns
[2022-05-09T02:33:32.781+0000][161][safepoint   ] Safepoint "Cleanup", Time since last: 1004756084 ns, Reaching safepoint: 233625 ns, At safepoint: 4875 ns, Total: 238500 ns
[2022-05-09T02:33:33.625+0000][161][safepoint   ] Safepoint "ICBufferFull", Time since last: 844091292 ns, Reaching safepoint: 337666 ns, At safepoint: 9834 ns, Total: 347500 ns
[2022-05-09T02:33:34.646+0000][161][safepoint   ] Safepoint "Cleanup", Time since last: 1002601292 ns, Reaching safepoint: 17935833 ns, At safepoint: 20417 ns, Total: 17956250 ns
[2022-05-09T02:33:36.650+0000][161][safepoint   ] Safepoint "Cleanup", Time since last: 2004370626 ns, Reaching safepoint: 188833 ns, At safepoint: 3375 ns, Total: 192208 ns
[2022-05-09T02:33:37.653+0000][161][safepoint   ] Safepoint "Cleanup", Time since last: 1002789209 ns, Reaching safepoint: 257208 ns, At safepoint: 6584 ns, Total: 263792 ns
[2022-05-09T02:33:39.662+0000][161][safepoint   ] Safepoint "Cleanup", Time since last: 2007214125 ns, Reaching safepoint: 1532834 ns, At safepoint: 29416 ns, Total: 1562250 ns
[2022-05-09T02:33:41.673+0000][161][safepoint   ] Safepoint "Cleanup", Time since last: 2011261585 ns, Reaching safepoint: 106541 ns, At safepoint: 5584 ns, Total: 112125 ns
[2022-05-09T02:33:43.203+0000][161][safepoint   ] Safepoint "Cleanup", Time since last: 1527729084 ns, Reaching safepoint: 1317917 ns, At safepoint: 17458 ns, Total: 1335375 ns
[2022-05-09T02:33:44.216+0000][161][safepoint   ] Safepoint "Cleanup", Time since last: 1013026875 ns, Reaching safepoint: 164334 ns, At safepoint: 5833 ns, Total: 170167 ns
[2022-05-09T02:33:46.221+0000][161][safepoint   ] Safepoint "Cleanup", Time since last: 2003923167 ns, Reaching safepoint: 1424541 ns, At safepoint: 16042 ns, Total: 1440583 ns
[2022-05-09T02:33:49.374+0000][161][safepoint   ] Safepoint "Cleanup", Time since last: 3152492251 ns, Reaching safepoint: 84792 ns, At safepoint: 2375 ns, Total: 87167 ns
[2022-05-09T02:33:50.384+0000][161][safepoint   ] Safepoint "Cleanup", Time since last: 1010357126 ns, Reaching safepoint: 289666 ns, At safepoint: 15667 ns, Total: 305333 ns
[2022-05-09T02:33:54.403+0000][161][safepoint   ] Safepoint "Cleanup", Time since last: 4017713794 ns, Reaching safepoint: 444541 ns, At safepoint: 10584 ns, Total: 455125 ns
[2022-05-09T02:33:58.491+0000][161][gc,start    ] GC(20) Pause Young (Normal) (G1 Evacuation Pause)
[2022-05-09T02:33:58.496+0000][161][gc,task     ] GC(20) Using 5 workers of 5 for evacuation
[2022-05-09T02:33:58.504+0000][161][gc,age      ] GC(20) Desired survivor size 20971520 bytes, new threshold 3 (max threshold 15)
[2022-05-09T02:33:58.517+0000][161][gc,age      ] GC(20) Age table with threshold 3 (max threshold 15)
[2022-05-09T02:33:58.519+0000][161][gc,age      ] GC(20) - age   1:    1032736 bytes,    1032736 total
[2022-05-09T02:33:58.520+0000][161][gc,age      ] GC(20) - age   2:    8578216 bytes,    9610952 total
[2022-05-09T02:33:58.521+0000][161][gc,age      ] GC(20) - age   3:    2351448 bytes,   11962400 total
[2022-05-09T02:33:58.522+0000][161][gc,phases   ] GC(20)   Pre Evacuate Collection Set: 0.2ms
[2022-05-09T02:33:58.524+0000][161][gc,phases   ] GC(20)   Merge Heap Roots: 0.2ms
[2022-05-09T02:33:58.525+0000][161][gc,phases   ] GC(20)   Evacuate Collection Set: 8.3ms
[2022-05-09T02:33:58.526+0000][161][gc,phases   ] GC(20)   Post Evacuate Collection Set: 1.7ms
[2022-05-09T02:33:58.529+0000][161][gc,phases   ] GC(20)   Other: 20.4ms
[2022-05-09T02:33:58.535+0000][161][gc,heap     ] GC(20) Eden regions: 67->0(70)
[2022-05-09T02:33:58.536+0000][161][gc,heap     ] GC(20) Survivor regions: 7->4(10)
[2022-05-09T02:33:58.536+0000][161][gc,heap     ] GC(20) Old regions: 16->18
[2022-05-09T02:33:58.537+0000][161][gc,heap     ] GC(20) Archive regions: 2->2
[2022-05-09T02:33:58.539+0000][161][gc,heap     ] GC(20) Humongous regions: 6->6
[2022-05-09T02:33:58.540+0000][161][gc,metaspace] GC(20) Metaspace: 103247K(104704K)->103247K(104704K) NonClass: 88896K(89728K)->88896K(89728K) Class: 14351K(14976K)->14351K(14976K)
[2022-05-09T02:33:58.540+0000][161][gc          ] GC(20) Pause Young (Normal) (G1 Evacuation Pause) 382M->112M(512M) 48.859ms
[2022-05-09T02:33:58.541+0000][161][gc,cpu      ] GC(20) User=0.03s Sys=0.01s Real=0.05s
[2022-05-09T02:33:58.542+0000][161][safepoint   ] Safepoint "G1CollectForAllocation", Time since last: 4086205043 ns, Reaching safepoint: 2425958 ns, At safepoint: 51033334 ns, Total: 53459292 ns
[2022-05-09T02:33:59.546+0000][161][safepoint   ] Safepoint "Cleanup", Time since last: 1002422667 ns, Reaching safepoint: 914583 ns, At safepoint: 28042 ns, Total: 942625 ns
[2022-05-09T02:34:00.553+0000][161][safepoint   ] Safepoint "Cleanup", Time since last: 1006938792 ns, Reaching safepoint: 192667 ns, At safepoint: 6791 ns, Total: 199458 ns
[2022-05-09T02:34:01.557+0000][161][safepoint   ] Safepoint "Cleanup", Time since last: 1002823876 ns, Reaching safepoint: 1730708 ns, At safepoint: 16584 ns, Total: 1747292 ns
[2022-05-09T02:34:07.570+0000][161][safepoint   ] Safepoint "Cleanup", Time since last: 6012735627 ns, Reaching safepoint: 212125 ns, At safepoint: 13209 ns, Total: 225334 ns
[2022-05-09T02:34:11.594+0000][161][safepoint   ] Safepoint "Cleanup", Time since last: 4014393627 ns, Reaching safepoint: 7327416 ns, At safepoint: 2407084 ns, Total: 9734500 ns
[2022-05-09T02:34:24.638+0000][161][safepoint   ] Safepoint "Cleanup", Time since last: 13036079380 ns, Reaching safepoint: 497375 ns, At safepoint: 34625 ns, Total: 532000 ns
[2022-05-09T02:35:03.730+0000][161][safepoint   ] Safepoint "Cleanup", Time since last: 39096758560 ns, Reaching safepoint: 567792 ns, At safepoint: 16125 ns, Total: 583917 ns
[2022-05-09T02:35:06.739+0000][161][safepoint   ] Safepoint "Cleanup", Time since last: 3008835251 ns, Reaching safepoint: 357375 ns, At safepoint: 20667 ns, Total: 378042 ns
[2022-05-09T02:35:09.748+0000][161][safepoint   ] Safepoint "Cleanup", Time since last: 3009001835 ns, Reaching safepoint: 165666 ns, At safepoint: 7209 ns, Total: 172875 ns
[2022-05-09T02:35:11.753+0000][161][safepoint   ] Safepoint "Cleanup", Time since last: 2004644500 ns, Reaching safepoint: 218167 ns, At safepoint: 9000 ns, Total: 227167 ns
[2022-05-09T02:35:12.763+0000][161][safepoint   ] Safepoint "Cleanup", Time since last: 1008983751 ns, Reaching safepoint: 506041 ns, At safepoint: 16042 ns, Total: 522083 ns
[2022-05-09T02:35:13.770+0000][161][safepoint   ] Safepoint "Cleanup", Time since last: 1006745334 ns, Reaching safepoint: 648833 ns, At safepoint: 8250 ns, Total: 657083 ns
[2022-05-09T02:35:19.786+0000][161][safepoint   ] Safepoint "Cleanup", Time since last: 6009184669 ns, Reaching safepoint: 977250 ns, At safepoint: 14958 ns, Total: 992208 ns
[2022-05-09T02:35:31.804+0000][161][safepoint   ] Safepoint "Cleanup", Time since last: 12016714173 ns, Reaching safepoint: 667875 ns, At safepoint: 19583 ns, Total: 687458 ns
[2022-05-09T02:35:33.832+0000][161][safepoint   ] Safepoint "Cleanup", Time since last: 2028189543 ns, Reaching safepoint: 205125 ns, At safepoint: 6750 ns, Total: 211875 ns
[2022-05-09T02:35:36.839+0000][161][safepoint   ] Safepoint "Cleanup", Time since last: 3007128459 ns, Reaching safepoint: 224542 ns, At safepoint: 14417 ns, Total: 238959 ns
[2022-05-09T02:35:37.841+0000][161][safepoint   ] Safepoint "Cleanup", Time since last: 1001607959 ns, Reaching safepoint: 277625 ns, At safepoint: 10916 ns, Total: 288541 ns
[2022-05-09T02:35:39.860+0000][161][safepoint   ] Safepoint "Cleanup", Time since last: 2018182251 ns, Reaching safepoint: 326292 ns, At safepoint: 8542 ns, Total: 334834 ns
[2022-05-09T02:35:43.884+0000][161][safepoint   ] Safepoint "Cleanup", Time since last: 4023866460 ns, Reaching safepoint: 332208 ns, At safepoint: 25292 ns, Total: 357500 ns
[2022-05-09T02:36:00.913+0000][161][safepoint   ] Safepoint "Cleanup", Time since last: 17035672341 ns, Reaching safepoint: 555292 ns, At safepoint: 17833 ns, Total: 573125 ns
[2022-05-09T02:36:05.927+0000][161][safepoint   ] Safepoint "Cleanup", Time since last: 5013350794 ns, Reaching safepoint: 666083 ns, At safepoint: 14959 ns, Total: 681042 ns
[2022-05-09T02:36:06.937+0000][161][safepoint   ] Safepoint "Cleanup", Time since last: 1009055292 ns, Reaching safepoint: 200333 ns, At safepoint: 6375 ns, Total: 206708 ns
[2022-05-09T02:36:10.945+0000][161][safepoint   ] Safepoint "Cleanup", Time since last: 4008072919 ns, Reaching safepoint: 197500 ns, At safepoint: 7291 ns, Total: 204791 ns
[2022-05-09T02:36:11.950+0000][161][safepoint   ] Safepoint "Cleanup", Time since last: 1004701043 ns, Reaching safepoint: 195416 ns, At safepoint: 14209 ns, Total: 209625 ns
[2022-05-09T02:36:12.969+0000][161][safepoint   ] Safepoint "Cleanup", Time since last: 1018427583 ns, Reaching safepoint: 364000 ns, At safepoint: 15125 ns, Total: 379125 ns
[2022-05-09T02:36:20.003+0000][161][safepoint   ] Safepoint "Cleanup", Time since last: 7035371753 ns, Reaching safepoint: 125834 ns, At safepoint: 9500 ns, Total: 135334 ns
[2022-05-09T02:36:28.016+0000][161][safepoint   ] Safepoint "Cleanup", Time since last: 8012199879 ns, Reaching safepoint: 731500 ns, At safepoint: 19291 ns, Total: 750791 ns
[2022-05-09T02:36:30.045+0000][161][safepoint   ] Safepoint "Cleanup", Time since last: 2029095126 ns, Reaching safepoint: 572375 ns, At safepoint: 16417 ns, Total: 588792 ns
[2022-05-09T02:36:37.078+0000][161][safepoint   ] Safepoint "Cleanup", Time since last: 7025322170 ns, Reaching safepoint: 7751917 ns, At safepoint: 25583 ns, Total: 7777500 ns
[2022-05-09T02:36:39.094+0000][161][safepoint   ] Safepoint "Cleanup", Time since last: 2013590584 ns, Reaching safepoint: 1880709 ns, At safepoint: 15458 ns, Total: 1896167 ns
[2022-05-09T02:36:44.105+0000][161][safepoint   ] Safepoint "Cleanup", Time since last: 5010901752 ns, Reaching safepoint: 363875 ns, At safepoint: 12584 ns, Total: 376459 ns
[2022-05-09T02:37:02.172+0000][161][safepoint   ] Safepoint "Cleanup", Time since last: 18067118216 ns, Reaching safepoint: 340375 ns, At safepoint: 8042 ns, Total: 348417 ns
[2022-05-09T02:37:05.184+0000][161][safepoint   ] Safepoint "Cleanup", Time since last: 3011512376 ns, Reaching safepoint: 347500 ns, At safepoint: 19333 ns, Total: 366833 ns
[2022-05-09T02:37:07.213+0000][161][safepoint   ] Safepoint "Cleanup", Time since last: 2029352668 ns, Reaching safepoint: 132458 ns, At safepoint: 7334 ns, Total: 139792 ns
[2022-05-09T02:37:11.229+0000][161][safepoint   ] Safepoint "Cleanup", Time since last: 4015916710 ns, Reaching safepoint: 301875 ns, At safepoint: 13875 ns, Total: 315750 ns
[2022-05-09T02:37:16.258+0000][161][safepoint   ] Safepoint "Cleanup", Time since last: 5021704294 ns, Reaching safepoint: 553750 ns, At safepoint: 23208 ns, Total: 576958 ns
[2022-05-09T02:37:36.630+0000][161][safepoint   ] Safepoint "Cleanup", Time since last: 20370933718 ns, Reaching safepoint: 454750 ns, At safepoint: 12917 ns, Total: 467667 ns
[2022-05-09T02:37:37.639+0000][161][safepoint   ] Safepoint "Cleanup", Time since last: 1009267583 ns, Reaching safepoint: 401584 ns, At safepoint: 18916 ns, Total: 420500 ns
[2022-05-09T02:37:39.657+0000][161][safepoint   ] Safepoint "Cleanup", Time since last: 2017444543 ns, Reaching safepoint: 582208 ns, At safepoint: 12875 ns, Total: 595083 ns
[2022-05-09T02:38:00.692+0000][161][safepoint   ] Safepoint "Cleanup", Time since last: 21040158593 ns, Reaching safepoint: 667709 ns, At safepoint: 22208 ns, Total: 689917 ns
[2022-05-09T02:38:07.721+0000][161][safepoint   ] Safepoint "Cleanup", Time since last: 7028382420 ns, Reaching safepoint: 166459 ns, At safepoint: 4666 ns, Total: 171125 ns
[2022-05-09T02:38:09.725+0000][161][safepoint   ] Safepoint "Cleanup", Time since last: 2004315959 ns, Reaching safepoint: 550459 ns, At safepoint: 21333 ns, Total: 571792 ns
[2022-05-09T02:38:14.752+0000][161][safepoint   ] Safepoint "Cleanup", Time since last: 5026473919 ns, Reaching safepoint: 495750 ns, At safepoint: 15500 ns, Total: 511250 ns
[2022-05-09T02:38:15.760+0000][161][safepoint   ] Safepoint "Cleanup", Time since last: 1005029458 ns, Reaching safepoint: 425875 ns, At safepoint: 12542 ns, Total: 438417 ns
[2022-05-09T02:38:19.624+0000][161][safepoint   ] Safepoint "Cleanup", Time since last: 3862944044 ns, Reaching safepoint: 990958 ns, At safepoint: 37250 ns, Total: 1028208 ns
[2022-05-09T02:38:23.646+0000][161][safepoint   ] Safepoint "Cleanup", Time since last: 4021316710 ns, Reaching safepoint: 1057000 ns, At safepoint: 13667 ns, Total: 1070667 ns
[2022-05-09T02:38:34.674+0000][161][safepoint   ] Safepoint "Cleanup", Time since last: 11027457838 ns, Reaching safepoint: 201625 ns, At safepoint: 18167 ns, Total: 219792 ns
[2022-05-09T02:38:37.687+0000][161][safepoint   ] Safepoint "Cleanup", Time since last: 3012598043 ns, Reaching safepoint: 418792 ns, At safepoint: 13250 ns, Total: 432042 ns
[2022-05-09T02:38:41.701+0000][161][safepoint   ] Safepoint "Cleanup", Time since last: 4013594210 ns, Reaching safepoint: 553750 ns, At safepoint: 10542 ns, Total: 564292 ns
[2022-05-09T02:39:09.763+0000][161][safepoint   ] Safepoint "Cleanup", Time since last: 28060786679 ns, Reaching safepoint: 966458 ns, At safepoint: 14042 ns, Total: 980500 ns
[2022-05-09T02:39:11.776+0000][161][safepoint   ] Safepoint "Cleanup", Time since last: 2013298584 ns, Reaching safepoint: 216500 ns, At safepoint: 10667 ns, Total: 227167 ns
[2022-05-09T02:39:37.858+0000][161][safepoint   ] Safepoint "Cleanup", Time since last: 26080833887 ns, Reaching safepoint: 88375 ns, At safepoint: 3250 ns, Total: 91625 ns
[2022-05-09T02:39:40.866+0000][161][safepoint   ] Safepoint "Cleanup", Time since last: 3007153418 ns, Reaching safepoint: 351167 ns, At safepoint: 10208 ns, Total: 361375 ns
[2022-05-09T02:39:44.879+0000][161][safepoint   ] Safepoint "Cleanup", Time since last: 4012876627 ns, Reaching safepoint: 228458 ns, At safepoint: 9917 ns, Total: 238375 ns
[2022-05-09T02:40:05.943+0000][161][safepoint   ] Safepoint "Cleanup", Time since last: 21063881384 ns, Reaching safepoint: 471959 ns, At safepoint: 13250 ns, Total: 485209 ns
[2022-05-09T02:40:07.950+0000][161][safepoint   ] Safepoint "Cleanup", Time since last: 2006361001 ns, Reaching safepoint: 471083 ns, At safepoint: 12750 ns, Total: 483833 ns
[2022-05-09T02:40:24.997+0000][161][safepoint   ] Safepoint "Cleanup", Time since last: 17047224633 ns, Reaching safepoint: 140666 ns, At safepoint: 6042 ns, Total: 146708 ns
[2022-05-09T02:40:38.027+0000][161][safepoint   ] Safepoint "Cleanup", Time since last: 13029197090 ns, Reaching safepoint: 505791 ns, At safepoint: 16084 ns, Total: 521875 ns
[2022-05-09T02:40:45.059+0000][161][safepoint   ] Safepoint "Cleanup", Time since last: 7032205378 ns, Reaching safepoint: 411958 ns, At safepoint: 6834 ns, Total: 418792 ns
[2022-05-09T02:41:38.201+0000][161][safepoint   ] Safepoint "Cleanup", Time since last: 53141734482 ns, Reaching safepoint: 166959 ns, At safepoint: 6166 ns, Total: 173125 ns
[2022-05-09T02:41:41.208+0000][161][safepoint   ] Safepoint "Cleanup", Time since last: 3006363252 ns, Reaching safepoint: 299250 ns, At safepoint: 12958 ns, Total: 312208 ns
[2022-05-09T02:42:07.288+0000][161][safepoint   ] Safepoint "Cleanup", Time since last: 26082042762 ns, Reaching safepoint: 779458 ns, At safepoint: 15834 ns, Total: 795292 ns
[2022-05-09T02:42:09.300+0000][161][safepoint   ] Safepoint "Cleanup", Time since last: 2011197417 ns, Reaching safepoint: 877542 ns, At safepoint: 30500 ns, Total: 908042 ns
[2022-05-09T02:42:31.364+0000][161][safepoint   ] Safepoint "Cleanup", Time since last: 22053999426 ns, Reaching safepoint: 797792 ns, At safepoint: 16083 ns, Total: 813875 ns
[2022-05-09T02:42:37.388+0000][161][safepoint   ] Safepoint "Cleanup", Time since last: 6023828961 ns, Reaching safepoint: 412500 ns, At safepoint: 16375 ns, Total: 428875 ns
[2022-05-09T02:43:07.487+0000][161][safepoint   ] Safepoint "Cleanup", Time since last: 30101651097 ns, Reaching safepoint: 805542 ns, At safepoint: 12208 ns, Total: 817750 ns
[2022-05-09T02:43:09.510+0000][161][safepoint   ] Safepoint "Cleanup", Time since last: 2023098001 ns, Reaching safepoint: 428959 ns, At safepoint: 9333 ns, Total: 438292 ns
[2022-05-09T02:43:19.533+0000][161][safepoint   ] Safepoint "Cleanup", Time since last: 10026238962 ns, Reaching safepoint: 159458 ns, At safepoint: 7292 ns, Total: 166750 ns
[2022-05-09T02:43:37.597+0000][161][safepoint   ] Safepoint "Cleanup", Time since last: 18063059134 ns, Reaching safepoint: 829291 ns, At safepoint: 19542 ns, Total: 848833 ns
[2022-05-09T02:43:41.608+0000][161][safepoint   ] Safepoint "Cleanup", Time since last: 4010987835 ns, Reaching safepoint: 499459 ns, At safepoint: 14916 ns, Total: 514375 ns
[2022-05-09T02:44:07.672+0000][161][safepoint   ] Safepoint "Cleanup", Time since last: 26061153762 ns, Reaching safepoint: 1015208 ns, At safepoint: 9334 ns, Total: 1024542 ns
[2022-05-09T02:44:09.689+0000][161][safepoint   ] Safepoint "Cleanup", Time since last: 2016206542 ns, Reaching safepoint: 553500 ns, At safepoint: 18542 ns, Total: 572042 ns
[2022-05-09T02:44:11.698+0000][161][safepoint   ] Safepoint "Cleanup", Time since last: 2008898668 ns, Reaching safepoint: 313833 ns, At safepoint: 10833 ns, Total: 324666 ns
[2022-05-09T02:44:54.794+0000][161][safepoint   ] Safepoint "Cleanup", Time since last: 43093020978 ns, Reaching safepoint: 1450042 ns, At safepoint: 12416 ns, Total: 1462458 ns
[2022-05-09T02:44:55.804+0000][161][safepoint   ] Safepoint "Cleanup", Time since last: 1010154959 ns, Reaching safepoint: 206000 ns, At safepoint: 4125 ns, Total: 210125 ns
[2022-05-09T02:44:55.989+0000][161][safepoint   ] Safepoint "ICBufferFull", Time since last: 184989167 ns, Reaching safepoint: 157708 ns, At safepoint: 21542 ns, Total: 179250 ns
[2022-05-09T02:44:56.215+0000][161][safepoint   ] Safepoint "ICBufferFull", Time since last: 225362083 ns, Reaching safepoint: 247209 ns, At safepoint: 16166 ns, Total: 263375 ns
[2022-05-09T02:44:57.217+0000][161][safepoint   ] Safepoint "Cleanup", Time since last: 1001203292 ns, Reaching safepoint: 413667 ns, At safepoint: 5292 ns, Total: 418959 ns
[2022-05-09T02:45:00.122+0000][161][safepoint   ] Safepoint "ICBufferFull", Time since last: 2904535376 ns, Reaching safepoint: 326042 ns, At safepoint: 24708 ns, Total: 350750 ns
[2022-05-09T02:45:00.160+0000][161][gc,start    ] GC(21) Pause Young (Normal) (G1 Evacuation Pause)
[2022-05-09T02:45:00.161+0000][161][gc,task     ] GC(21) Using 5 workers of 5 for evacuation
[2022-05-09T02:45:00.162+0000][161][gc,age      ] GC(21) Desired survivor size 20971520 bytes, new threshold 15 (max threshold 15)
[2022-05-09T02:45:00.169+0000][161][gc,age      ] GC(21) Age table with threshold 15 (max threshold 15)
[2022-05-09T02:45:00.170+0000][161][gc,age      ] GC(21) - age   1:    2583704 bytes,    2583704 total
[2022-05-09T02:45:00.171+0000][161][gc,age      ] GC(21) - age   2:     798992 bytes,    3382696 total
[2022-05-09T02:45:00.172+0000][161][gc,age      ] GC(21) - age   3:    8511776 bytes,   11894472 total
[2022-05-09T02:45:00.173+0000][161][gc,age      ] GC(21) - age   4:    1955040 bytes,   13849512 total
[2022-05-09T02:45:00.174+0000][161][gc,phases   ] GC(21)   Pre Evacuate Collection Set: 0.4ms
[2022-05-09T02:45:00.175+0000][161][gc,phases   ] GC(21)   Merge Heap Roots: 0.2ms
[2022-05-09T02:45:00.176+0000][161][gc,phases   ] GC(21)   Evacuate Collection Set: 4.7ms
[2022-05-09T02:45:00.177+0000][161][gc,phases   ] GC(21)   Post Evacuate Collection Set: 0.9ms
[2022-05-09T02:45:00.177+0000][161][gc,phases   ] GC(21)   Other: 7.9ms
[2022-05-09T02:45:00.178+0000][161][gc,heap     ] GC(21) Eden regions: 70->0(71)
[2022-05-09T02:45:00.179+0000][161][gc,heap     ] GC(21) Survivor regions: 4->4(10)
[2022-05-09T02:45:00.179+0000][161][gc,heap     ] GC(21) Old regions: 18->18
[2022-05-09T02:45:00.180+0000][161][gc,heap     ] GC(21) Archive regions: 2->2
[2022-05-09T02:45:00.182+0000][161][gc,heap     ] GC(21) Humongous regions: 6->6
[2022-05-09T02:45:00.183+0000][161][gc,metaspace] GC(21) Metaspace: 104351K(105920K)->104351K(105920K) NonClass: 89903K(90816K)->89903K(90816K) Class: 14448K(15104K)->14448K(15104K)
[2022-05-09T02:45:00.184+0000][161][gc          ] GC(21) Pause Young (Normal) (G1 Evacuation Pause) 392M->113M(512M) 23.960ms
[2022-05-09T02:45:00.184+0000][161][gc,cpu      ] GC(21) User=0.03s Sys=0.00s Real=0.03s
[2022-05-09T02:45:00.185+0000][161][safepoint   ] Safepoint "G1CollectForAllocation", Time since last: 37955292 ns, Reaching safepoint: 119833 ns, At safepoint: 25438583 ns, Total: 25558416 ns
[2022-05-09T02:45:00.328+0000][161][safepoint   ] Safepoint "ICBufferFull", Time since last: 142717376 ns, Reaching safepoint: 223333 ns, At safepoint: 10000 ns, Total: 233333 ns
[2022-05-09T02:45:00.383+0000][161][safepoint   ] Safepoint "ICBufferFull", Time since last: 54266917 ns, Reaching safepoint: 320666 ns, At safepoint: 25834 ns, Total: 346500 ns
[2022-05-09T02:45:00.592+0000][161][safepoint   ] Safepoint "ICBufferFull", Time since last: 208553500 ns, Reaching safepoint: 235750 ns, At safepoint: 61083 ns, Total: 296833 ns
[2022-05-09T02:45:00.715+0000][161][safepoint   ] Safepoint "ICBufferFull", Time since last: 123569542 ns, Reaching safepoint: 142416 ns, At safepoint: 12000 ns, Total: 154416 ns
[2022-05-09T02:45:00.929+0000][161][safepoint   ] Safepoint "ICBufferFull", Time since last: 214120917 ns, Reaching safepoint: 123042 ns, At safepoint: 4625 ns, Total: 127667 ns
[2022-05-09T02:45:01.102+0000][161][safepoint   ] Safepoint "ICBufferFull", Time since last: 172584000 ns, Reaching safepoint: 196958 ns, At safepoint: 13000 ns, Total: 209958 ns
[2022-05-09T02:45:01.392+0000][161][safepoint   ] Safepoint "ICBufferFull", Time since last: 289728584 ns, Reaching safepoint: 357750 ns, At safepoint: 10958 ns, Total: 368708 ns
[2022-05-09T02:45:01.652+0000][161][safepoint   ] Safepoint "ICBufferFull", Time since last: 259486500 ns, Reaching safepoint: 131459 ns, At safepoint: 21041 ns, Total: 152500 ns
[2022-05-09T02:45:01.692+0000][161][safepoint   ] Safepoint "ICBufferFull", Time since last: 36106667 ns, Reaching safepoint: 3866667 ns, At safepoint: 26083 ns, Total: 3892750 ns
[2022-05-09T02:45:01.767+0000][161][safepoint   ] Safepoint "ICBufferFull", Time since last: 74796750 ns, Reaching safepoint: 211292 ns, At safepoint: 67916 ns, Total: 279208 ns
[2022-05-09T02:45:01.808+0000][161][safepoint   ] Safepoint "ICBufferFull", Time since last: 40743792 ns, Reaching safepoint: 167667 ns, At safepoint: 23250 ns, Total: 190917 ns
[2022-05-09T02:45:02.012+0000][161][gc,start    ] GC(22) Pause Young (Normal) (G1 Evacuation Pause)
[2022-05-09T02:45:02.013+0000][161][gc,task     ] GC(22) Using 5 workers of 5 for evacuation
[2022-05-09T02:45:02.014+0000][161][gc,age      ] GC(22) Desired survivor size 20971520 bytes, new threshold 15 (max threshold 15)
[2022-05-09T02:45:02.021+0000][161][gc,age      ] GC(22) Age table with threshold 15 (max threshold 15)
[2022-05-09T02:45:02.022+0000][161][gc,age      ] GC(22) - age   1:   20931768 bytes,   20931768 total
[2022-05-09T02:45:02.024+0000][161][gc,age      ] GC(22) - age   2:    1068128 bytes,   21999896 total
[2022-05-09T02:45:02.024+0000][161][gc,age      ] GC(22) - age   3:     679744 bytes,   22679640 total
[2022-05-09T02:45:02.025+0000][161][gc,age      ] GC(22) - age   4:    8458504 bytes,   31138144 total
[2022-05-09T02:45:02.026+0000][161][gc,age      ] GC(22) - age   5:    1909416 bytes,   33047560 total
[2022-05-09T02:45:02.026+0000][161][gc,phases   ] GC(22)   Pre Evacuate Collection Set: 0.2ms
[2022-05-09T02:45:02.027+0000][161][gc,phases   ] GC(22)   Merge Heap Roots: 0.0ms
[2022-05-09T02:45:02.028+0000][161][gc,phases   ] GC(22)   Evacuate Collection Set: 5.2ms
[2022-05-09T02:45:02.029+0000][161][gc,phases   ] GC(22)   Post Evacuate Collection Set: 1.4ms
[2022-05-09T02:45:02.029+0000][161][gc,phases   ] GC(22)   Other: 7.8ms
[2022-05-09T02:45:02.030+0000][161][gc,heap     ] GC(22) Eden regions: 71->0(63)
[2022-05-09T02:45:02.031+0000][161][gc,heap     ] GC(22) Survivor regions: 4->9(10)
[2022-05-09T02:45:02.032+0000][161][gc,heap     ] GC(22) Old regions: 18->18
[2022-05-09T02:45:02.033+0000][161][gc,heap     ] GC(22) Archive regions: 2->2
[2022-05-09T02:45:02.033+0000][161][gc,heap     ] GC(22) Humongous regions: 6->6
[2022-05-09T02:45:02.034+0000][161][gc,metaspace] GC(22) Metaspace: 105243K(106816K)->105243K(106816K) NonClass: 90783K(91712K)->90783K(91712K) Class: 14460K(15104K)->14460K(15104K)
[2022-05-09T02:45:02.035+0000][161][gc          ] GC(22) Pause Young (Normal) (G1 Evacuation Pause) 397M->131M(512M) 22.785ms
[2022-05-09T02:45:02.035+0000][161][gc,cpu      ] GC(22) User=0.03s Sys=0.00s Real=0.03s
[2022-05-09T02:45:02.036+0000][161][safepoint   ] Safepoint "G1CollectForAllocation", Time since last: 203372000 ns, Reaching safepoint: 507666 ns, At safepoint: 23853709 ns, Total: 24361375 ns
[2022-05-09T02:45:02.367+0000][161][safepoint   ] Safepoint "ICBufferFull", Time since last: 331271792 ns, Reaching safepoint: 186250 ns, At safepoint: 11125 ns, Total: 197375 ns
[2022-05-09T02:45:02.858+0000][161][safepoint   ] Safepoint "ICBufferFull", Time since last: 484459750 ns, Reaching safepoint: 5973166 ns, At safepoint: 28542 ns, Total: 6001708 ns
[2022-05-09T02:45:03.172+0000][161][gc,start    ] GC(23) Pause Young (Normal) (G1 Evacuation Pause)
[2022-05-09T02:45:03.173+0000][161][gc,task     ] GC(23) Using 5 workers of 5 for evacuation
[2022-05-09T02:45:03.173+0000][161][gc,age      ] GC(23) Desired survivor size 18874368 bytes, new threshold 1 (max threshold 15)
[2022-05-09T02:45:03.179+0000][161][gc,age      ] GC(23) Age table with threshold 1 (max threshold 15)
[2022-05-09T02:45:03.180+0000][161][gc,age      ] GC(23) - age   1:   11848704 bytes,   11848704 total
[2022-05-09T02:45:03.181+0000][161][gc,phases   ] GC(23)   Pre Evacuate Collection Set: 0.1ms
[2022-05-09T02:45:03.182+0000][161][gc,phases   ] GC(23)   Merge Heap Roots: 0.1ms
[2022-05-09T02:45:03.183+0000][161][gc,phases   ] GC(23)   Evacuate Collection Set: 4.0ms
[2022-05-09T02:45:03.184+0000][161][gc,phases   ] GC(23)   Post Evacuate Collection Set: 0.7ms
[2022-05-09T02:45:03.184+0000][161][gc,phases   ] GC(23)   Other: 3.8ms
[2022-05-09T02:45:03.185+0000][161][gc,heap     ] GC(23) Eden regions: 63->0(61)
[2022-05-09T02:45:03.186+0000][161][gc,heap     ] GC(23) Survivor regions: 9->4(9)
[2022-05-09T02:45:03.186+0000][161][gc,heap     ] GC(23) Old regions: 18->25
[2022-05-09T02:45:03.187+0000][161][gc,heap     ] GC(23) Archive regions: 2->2
[2022-05-09T02:45:03.188+0000][161][gc,heap     ] GC(23) Humongous regions: 6->6
[2022-05-09T02:45:03.189+0000][161][gc,metaspace] GC(23) Metaspace: 105326K(106880K)->105326K(106880K) NonClass: 90864K(91776K)->90864K(91776K) Class: 14461K(15104K)->14461K(15104K)
[2022-05-09T02:45:03.189+0000][161][gc          ] GC(23) Pause Young (Normal) (G1 Evacuation Pause) 383M->140M(512M) 17.079ms
[2022-05-09T02:45:03.190+0000][161][gc,cpu      ] GC(23) User=0.02s Sys=0.00s Real=0.02s
[2022-05-09T02:45:03.191+0000][161][safepoint   ] Safepoint "G1CollectForAllocation", Time since last: 314366959 ns, Reaching safepoint: 127458 ns, At safepoint: 18368667 ns, Total: 18496125 ns
[2022-05-09T02:45:03.654+0000][161][safepoint   ] Safepoint "ICBufferFull", Time since last: 462716875 ns, Reaching safepoint: 315833 ns, At safepoint: 3833 ns, Total: 319666 ns
[2022-05-09T02:45:04.066+0000][161][safepoint   ] Safepoint "ICBufferFull", Time since last: 411709626 ns, Reaching safepoint: 181375 ns, At safepoint: 15916 ns, Total: 197291 ns
[2022-05-09T02:45:04.940+0000][161][gc,start    ] GC(24) Pause Young (Normal) (G1 Evacuation Pause)
[2022-05-09T02:45:04.942+0000][161][gc,task     ] GC(24) Using 5 workers of 5 for evacuation
[2022-05-09T02:45:04.943+0000][161][gc,age      ] GC(24) Desired survivor size 18874368 bytes, new threshold 15 (max threshold 15)
[2022-05-09T02:45:04.946+0000][161][gc,age      ] GC(24) Age table with threshold 15 (max threshold 15)
[2022-05-09T02:45:04.947+0000][161][gc,age      ] GC(24) - age   1:   18696616 bytes,   18696616 total
[2022-05-09T02:45:04.949+0000][161][gc,age      ] GC(24) - age   2:    5078552 bytes,   23775168 total
[2022-05-09T02:45:04.950+0000][161][gc,phases   ] GC(24)   Pre Evacuate Collection Set: 0.1ms
[2022-05-09T02:45:04.951+0000][161][gc,phases   ] GC(24)   Merge Heap Roots: 0.0ms
[2022-05-09T02:45:04.952+0000][161][gc,phases   ] GC(24)   Evacuate Collection Set: 2.4ms
[2022-05-09T02:45:04.953+0000][161][gc,phases   ] GC(24)   Post Evacuate Collection Set: 0.7ms
[2022-05-09T02:45:04.954+0000][161][gc,phases   ] GC(24)   Other: 6.7ms
[2022-05-09T02:45:04.955+0000][161][gc,heap     ] GC(24) Eden regions: 61->0(57)
[2022-05-09T02:45:04.955+0000][161][gc,heap     ] GC(24) Survivor regions: 4->6(9)
[2022-05-09T02:45:04.956+0000][161][gc,heap     ] GC(24) Old regions: 25->25
[2022-05-09T02:45:04.957+0000][161][gc,heap     ] GC(24) Archive regions: 2->2
[2022-05-09T02:45:04.958+0000][161][gc,heap     ] GC(24) Humongous regions: 7->7
[2022-05-09T02:45:04.959+0000][161][gc,metaspace] GC(24) Metaspace: 105406K(106944K)->105406K(106944K) NonClass: 90944K(91840K)->90944K(91840K) Class: 14461K(15104K)->14461K(15104K)
[2022-05-09T02:45:04.959+0000][161][gc          ] GC(24) Pause Young (Normal) (G1 Evacuation Pause) 388M->154M(512M) 18.836ms
[2022-05-09T02:45:04.960+0000][161][gc,cpu      ] GC(24) User=0.01s Sys=0.00s Real=0.02s
[2022-05-09T02:45:04.960+0000][161][safepoint   ] Safepoint "G1CollectForAllocation", Time since last: 874685001 ns, Reaching safepoint: 207666 ns, At safepoint: 20040000 ns, Total: 20247666 ns
[2022-05-09T02:45:05.672+0000][161][safepoint   ] Safepoint "ICBufferFull", Time since last: 711512084 ns, Reaching safepoint: 277708 ns, At safepoint: 12292 ns, Total: 290000 ns
[2022-05-09T02:45:06.023+0000][161][gc,start    ] GC(25) Pause Young (Normal) (G1 Evacuation Pause)
[2022-05-09T02:45:06.024+0000][161][gc,task     ] GC(25) Using 5 workers of 5 for evacuation
[2022-05-09T02:45:06.025+0000][161][gc,age      ] GC(25) Desired survivor size 16777216 bytes, new threshold 1 (max threshold 15)
[2022-05-09T02:45:06.029+0000][161][gc,age      ] GC(25) Age table with threshold 1 (max threshold 15)
[2022-05-09T02:45:06.030+0000][161][gc,age      ] GC(25) - age   1:   12847192 bytes,   12847192 total
[2022-05-09T02:45:06.031+0000][161][gc,phases   ] GC(25)   Pre Evacuate Collection Set: 0.1ms
[2022-05-09T02:45:06.031+0000][161][gc,phases   ] GC(25)   Merge Heap Roots: 0.1ms
[2022-05-09T02:45:06.032+0000][161][gc,phases   ] GC(25)   Evacuate Collection Set: 1.9ms
[2022-05-09T02:45:06.032+0000][161][gc,phases   ] GC(25)   Post Evacuate Collection Set: 0.7ms
[2022-05-09T02:45:06.033+0000][161][gc,phases   ] GC(25)   Other: 4.4ms
[2022-05-09T02:45:06.034+0000][161][gc,heap     ] GC(25) Eden regions: 57->0(54)
[2022-05-09T02:45:06.034+0000][161][gc,heap     ] GC(25) Survivor regions: 6->4(8)
[2022-05-09T02:45:06.035+0000][161][gc,heap     ] GC(25) Old regions: 25->30
[2022-05-09T02:45:06.035+0000][161][gc,heap     ] GC(25) Archive regions: 2->2
[2022-05-09T02:45:06.036+0000][161][gc,heap     ] GC(25) Humongous regions: 7->7
[2022-05-09T02:45:06.037+0000][161][gc,metaspace] GC(25) Metaspace: 105445K(107008K)->105445K(107008K) NonClass: 90982K(91904K)->90982K(91904K) Class: 14462K(15104K)->14462K(15104K)
[2022-05-09T02:45:06.037+0000][161][gc          ] GC(25) Pause Young (Normal) (G1 Evacuation Pause) 382M->164M(512M) 13.713ms
[2022-05-09T02:45:06.038+0000][161][gc,cpu      ] GC(25) User=0.01s Sys=0.00s Real=0.02s
[2022-05-09T02:45:06.039+0000][161][safepoint   ] Safepoint "G1CollectForAllocation", Time since last: 350999834 ns, Reaching safepoint: 184166 ns, At safepoint: 15236000 ns, Total: 15420166 ns
[2022-05-09T02:45:06.871+0000][161][gc,start    ] GC(26) Pause Young (Concurrent Start) (G1 Evacuation Pause)
[2022-05-09T02:45:06.872+0000][161][gc,task     ] GC(26) Using 5 workers of 5 for evacuation
[2022-05-09T02:45:06.873+0000][161][gc,age      ] GC(26) Desired survivor size 16777216 bytes, new threshold 15 (max threshold 15)
[2022-05-09T02:45:06.876+0000][161][gc,age      ] GC(26) Age table with threshold 15 (max threshold 15)
[2022-05-09T02:45:06.878+0000][161][gc,age      ] GC(26) - age   1:    9735192 bytes,    9735192 total
[2022-05-09T02:45:06.878+0000][161][gc,age      ] GC(26) - age   2:   10172984 bytes,   19908176 total
[2022-05-09T02:45:06.879+0000][161][gc,phases   ] GC(26)   Pre Evacuate Collection Set: 0.4ms
[2022-05-09T02:45:06.879+0000][161][gc,phases   ] GC(26)   Merge Heap Roots: 0.1ms
[2022-05-09T02:45:06.880+0000][161][gc,phases   ] GC(26)   Evacuate Collection Set: 1.4ms
[2022-05-09T02:45:06.881+0000][161][gc,phases   ] GC(26)   Post Evacuate Collection Set: 0.8ms
[2022-05-09T02:45:06.881+0000][161][gc,phases   ] GC(26)   Other: 4.9ms
[2022-05-09T02:45:06.882+0000][161][gc,heap     ] GC(26) Eden regions: 54->0(53)
[2022-05-09T02:45:06.882+0000][161][gc,heap     ] GC(26) Survivor regions: 4->6(8)
[2022-05-09T02:45:06.883+0000][161][gc,heap     ] GC(26) Old regions: 30->30
[2022-05-09T02:45:06.884+0000][161][gc,heap     ] GC(26) Archive regions: 2->2
[2022-05-09T02:45:06.885+0000][161][gc,heap     ] GC(26) Humongous regions: 7->7
[2022-05-09T02:45:06.885+0000][161][gc,metaspace] GC(26) Metaspace: 105450K(107008K)->105450K(107008K) NonClass: 90987K(91904K)->90987K(91904K) Class: 14462K(15104K)->14462K(15104K)
[2022-05-09T02:45:06.886+0000][161][gc          ] GC(26) Pause Young (Concurrent Start) (G1 Evacuation Pause) 380M->171M(512M) 14.630ms
[2022-05-09T02:45:06.887+0000][161][gc,cpu      ] GC(26) User=0.01s Sys=0.01s Real=0.02s
[2022-05-09T02:45:06.887+0000][161][safepoint   ] Safepoint "G1CollectForAllocation", Time since last: 832400834 ns, Reaching safepoint: 269208 ns, At safepoint: 15919084 ns, Total: 16188292 ns
[2022-05-09T02:45:06.887+0000][161][gc          ] GC(27) Concurrent Mark Cycle
[2022-05-09T02:45:06.888+0000][161][gc,marking  ] GC(27) Concurrent Clear Claimed Marks
[2022-05-09T02:45:06.889+0000][161][gc,marking  ] GC(27) Concurrent Clear Claimed Marks 0.982ms
[2022-05-09T02:45:06.890+0000][161][gc,marking  ] GC(27) Concurrent Scan Root Regions
[2022-05-09T02:45:06.892+0000][161][gc,marking  ] GC(27) Concurrent Scan Root Regions 2.103ms
[2022-05-09T02:45:06.893+0000][161][gc,marking  ] GC(27) Concurrent Mark
[2022-05-09T02:45:06.894+0000][161][gc,marking  ] GC(27) Concurrent Mark From Roots
[2022-05-09T02:45:06.895+0000][161][gc,task     ] GC(27) Using 1 workers of 1 for marking
[2022-05-09T02:45:07.037+0000][161][gc,marking  ] GC(27) Concurrent Mark From Roots 142.787ms
[2022-05-09T02:45:07.038+0000][161][gc,marking  ] GC(27) Concurrent Preclean
[2022-05-09T02:45:07.041+0000][161][gc,marking  ] GC(27) Concurrent Preclean 3.297ms
[2022-05-09T02:45:07.043+0000][161][gc,start    ] GC(27) Pause Remark
[2022-05-09T02:45:07.055+0000][161][gc          ] GC(27) Pause Remark 217M->217M(512M) 12.541ms
[2022-05-09T02:45:07.056+0000][161][gc,cpu      ] GC(27) User=0.04s Sys=0.01s Real=0.02s
[2022-05-09T02:45:07.058+0000][161][safepoint   ] Safepoint "G1Concurrent", Time since last: 154949291 ns, Reaching safepoint: 504459 ns, At safepoint: 14801458 ns, Total: 15305917 ns
[2022-05-09T02:45:07.058+0000][161][gc,marking  ] GC(27) Concurrent Mark 165.107ms
[2022-05-09T02:45:07.060+0000][161][gc,marking  ] GC(27) Concurrent Rebuild Remembered Sets
[2022-05-09T02:45:07.107+0000][161][gc,marking  ] GC(27) Concurrent Rebuild Remembered Sets 46.932ms
[2022-05-09T02:45:07.111+0000][161][gc,start    ] GC(27) Pause Cleanup
[2022-05-09T02:45:07.112+0000][161][gc          ] GC(27) Pause Cleanup 232M->232M(512M) 0.949ms
[2022-05-09T02:45:07.113+0000][161][gc,cpu      ] GC(27) User=0.01s Sys=0.00s Real=0.00s
[2022-05-09T02:45:07.113+0000][161][safepoint   ] Safepoint "G1Concurrent", Time since last: 50349000 ns, Reaching safepoint: 3187875 ns, At safepoint: 2178917 ns, Total: 5366792 ns
[2022-05-09T02:45:07.115+0000][161][gc,marking  ] GC(27) Concurrent Cleanup for Next Mark
[2022-05-09T02:45:07.116+0000][161][gc,marking  ] GC(27) Concurrent Cleanup for Next Mark 1.014ms
[2022-05-09T02:45:07.116+0000][161][gc          ] GC(27) Concurrent Mark Cycle 229.205ms
[2022-05-09T02:45:07.765+0000][161][gc,start    ] GC(28) Pause Young (Normal) (G1 Evacuation Pause)
[2022-05-09T02:45:07.769+0000][161][gc,task     ] GC(28) Using 5 workers of 5 for evacuation
[2022-05-09T02:45:07.770+0000][161][gc,age      ] GC(28) Desired survivor size 16777216 bytes, new threshold 2 (max threshold 15)
[2022-05-09T02:45:07.773+0000][161][gc,age      ] GC(28) Age table with threshold 2 (max threshold 15)
[2022-05-09T02:45:07.775+0000][161][gc,age      ] GC(28) - age   1:   11891680 bytes,   11891680 total
[2022-05-09T02:45:07.775+0000][161][gc,age      ] GC(28) - age   2:    4462720 bytes,   16354400 total
[2022-05-09T02:45:07.776+0000][161][gc,phases   ] GC(28)   Pre Evacuate Collection Set: 0.2ms
[2022-05-09T02:45:07.777+0000][161][gc,phases   ] GC(28)   Merge Heap Roots: 0.2ms
[2022-05-09T02:45:07.777+0000][161][gc,phases   ] GC(28)   Evacuate Collection Set: 2.1ms
[2022-05-09T02:45:07.778+0000][161][gc,phases   ] GC(28)   Post Evacuate Collection Set: 0.8ms
[2022-05-09T02:45:07.779+0000][161][gc,phases   ] GC(28)   Other: 7.4ms
[2022-05-09T02:45:07.780+0000][161][gc,heap     ] GC(28) Eden regions: 53->0(51)
[2022-05-09T02:45:07.780+0000][161][gc,heap     ] GC(28) Survivor regions: 6->5(8)
[2022-05-09T02:45:07.781+0000][161][gc,heap     ] GC(28) Old regions: 30->32
[2022-05-09T02:45:07.782+0000][161][gc,heap     ] GC(28) Archive regions: 2->2
[2022-05-09T02:45:07.783+0000][161][gc,heap     ] GC(28) Humongous regions: 8->8
[2022-05-09T02:45:07.784+0000][161][gc,metaspace] GC(28) Metaspace: 105369K(107008K)->105369K(107008K) NonClass: 90926K(91904K)->90926K(91904K) Class: 14442K(15104K)->14442K(15104K)
[2022-05-09T02:45:07.784+0000][161][gc          ] GC(28) Pause Young (Normal) (G1 Evacuation Pause) 387M->178M(512M) 18.795ms
[2022-05-09T02:45:07.785+0000][161][gc,cpu      ] GC(28) User=0.02s Sys=0.00s Real=0.02s
[2022-05-09T02:45:07.785+0000][161][safepoint   ] Safepoint "G1CollectForAllocation", Time since last: 651182833 ns, Reaching safepoint: 915459 ns, At safepoint: 20063333 ns, Total: 20978792 ns
[2022-05-09T02:45:08.858+0000][161][safepoint   ] Safepoint "Cleanup", Time since last: 1071969376 ns, Reaching safepoint: 552458 ns, At safepoint: 25417 ns, Total: 577875 ns
[2022-05-09T02:45:09.398+0000][161][gc,start    ] GC(29) Pause Young (Concurrent Start) (G1 Evacuation Pause)
[2022-05-09T02:45:09.402+0000][161][gc,task     ] GC(29) Using 5 workers of 5 for evacuation
[2022-05-09T02:45:09.402+0000][161][gc,age      ] GC(29) Desired survivor size 14680064 bytes, new threshold 2 (max threshold 15)
[2022-05-09T02:45:09.406+0000][161][gc,age      ] GC(29) Age table with threshold 2 (max threshold 15)
[2022-05-09T02:45:09.408+0000][161][gc,age      ] GC(29) - age   1:   17196496 bytes,   17196496 total
[2022-05-09T02:45:09.409+0000][161][gc,age      ] GC(29) - age   2:    3792928 bytes,   20989424 total
[2022-05-09T02:45:09.410+0000][161][gc,phases   ] GC(29)   Pre Evacuate Collection Set: 0.2ms
[2022-05-09T02:45:09.411+0000][161][gc,phases   ] GC(29)   Merge Heap Roots: 0.1ms
[2022-05-09T02:45:09.412+0000][161][gc,phases   ] GC(29)   Evacuate Collection Set: 1.7ms
[2022-05-09T02:45:09.412+0000][161][gc,phases   ] GC(29)   Post Evacuate Collection Set: 0.9ms
[2022-05-09T02:45:09.413+0000][161][gc,phases   ] GC(29)   Other: 9.6ms
[2022-05-09T02:45:09.413+0000][161][gc,heap     ] GC(29) Eden regions: 51->0(48)
[2022-05-09T02:45:09.414+0000][161][gc,heap     ] GC(29) Survivor regions: 5->6(7)
[2022-05-09T02:45:09.415+0000][161][gc,heap     ] GC(29) Old regions: 32->33
[2022-05-09T02:45:09.416+0000][161][gc,heap     ] GC(29) Archive regions: 2->2
[2022-05-09T02:45:09.416+0000][161][gc,heap     ] GC(29) Humongous regions: 8->8
[2022-05-09T02:45:09.417+0000][161][gc,metaspace] GC(29) Metaspace: 105392K(107008K)->105392K(107008K) NonClass: 90949K(91904K)->90949K(91904K) Class: 14442K(15104K)->14442K(15104K)
[2022-05-09T02:45:09.417+0000][161][gc          ] GC(29) Pause Young (Concurrent Start) (G1 Evacuation Pause) 382M->188M(512M) 19.540ms
[2022-05-09T02:45:09.418+0000][161][gc,cpu      ] GC(29) User=0.01s Sys=0.00s Real=0.02s
[2022-05-09T02:45:09.420+0000][161][safepoint   ] Safepoint "G1CollectForAllocation", Time since last: 539842208 ns, Reaching safepoint: 57667 ns, At safepoint: 21824375 ns, Total: 21882042 ns
[2022-05-09T02:45:09.420+0000][161][gc          ] GC(30) Concurrent Mark Cycle
[2022-05-09T02:45:09.421+0000][161][gc,marking  ] GC(30) Concurrent Clear Claimed Marks
[2022-05-09T02:45:09.422+0000][161][gc,marking  ] GC(30) Concurrent Clear Claimed Marks 0.994ms
[2022-05-09T02:45:09.423+0000][161][gc,marking  ] GC(30) Concurrent Scan Root Regions
[2022-05-09T02:45:09.425+0000][161][gc,marking  ] GC(30) Concurrent Scan Root Regions 2.086ms
[2022-05-09T02:45:09.426+0000][161][gc,marking  ] GC(30) Concurrent Mark
[2022-05-09T02:45:09.426+0000][161][gc,marking  ] GC(30) Concurrent Mark From Roots
[2022-05-09T02:45:09.427+0000][161][gc,task     ] GC(30) Using 1 workers of 1 for marking
[2022-05-09T02:45:09.497+0000][161][gc,marking  ] GC(30) Concurrent Mark From Roots 70.359ms
[2022-05-09T02:45:09.498+0000][161][gc,marking  ] GC(30) Concurrent Preclean
[2022-05-09T02:45:09.499+0000][161][gc,marking  ] GC(30) Concurrent Preclean 0.971ms
[2022-05-09T02:45:09.500+0000][161][gc,start    ] GC(30) Pause Remark
[2022-05-09T02:45:09.505+0000][161][gc          ] GC(30) Pause Remark 194M->194M(512M) 4.727ms
[2022-05-09T02:45:09.506+0000][161][gc,cpu      ] GC(30) User=0.01s Sys=0.00s Real=0.01s
[2022-05-09T02:45:09.507+0000][161][safepoint   ] Safepoint "G1Concurrent", Time since last: 80267833 ns, Reaching safepoint: 230792 ns, At safepoint: 6792583 ns, Total: 7023375 ns
[2022-05-09T02:45:09.508+0000][161][gc,marking  ] GC(30) Concurrent Mark 82.324ms
[2022-05-09T02:45:09.509+0000][161][gc,marking  ] GC(30) Concurrent Rebuild Remembered Sets
[2022-05-09T02:45:09.554+0000][161][gc,marking  ] GC(30) Concurrent Rebuild Remembered Sets 44.403ms
[2022-05-09T02:45:09.555+0000][161][gc,start    ] GC(30) Pause Cleanup
[2022-05-09T02:45:09.556+0000][161][gc          ] GC(30) Pause Cleanup 200M->200M(512M) 1.003ms
[2022-05-09T02:45:09.556+0000][161][gc,cpu      ] GC(30) User=0.00s Sys=0.00s Real=0.00s
[2022-05-09T02:45:09.557+0000][161][safepoint   ] Safepoint "G1Concurrent", Time since last: 47363000 ns, Reaching safepoint: 212334 ns, At safepoint: 2264125 ns, Total: 2476459 ns
[2022-05-09T02:45:09.557+0000][161][gc,marking  ] GC(30) Concurrent Cleanup for Next Mark
[2022-05-09T02:45:09.558+0000][161][gc,marking  ] GC(30) Concurrent Cleanup for Next Mark 0.953ms
[2022-05-09T02:45:09.559+0000][161][gc          ] GC(30) Concurrent Mark Cycle 139.040ms
[2022-05-09T02:45:10.130+0000][161][safepoint   ] Safepoint "ICBufferFull", Time since last: 572686083 ns, Reaching safepoint: 321375 ns, At safepoint: 9709 ns, Total: 331084 ns
[2022-05-09T02:45:10.353+0000][161][gc,start    ] GC(31) Pause Young (Normal) (G1 Evacuation Pause)
[2022-05-09T02:45:10.354+0000][161][gc,task     ] GC(31) Using 5 workers of 5 for evacuation
[2022-05-09T02:45:10.355+0000][161][gc,age      ] GC(31) Desired survivor size 14680064 bytes, new threshold 1 (max threshold 15)
[2022-05-09T02:45:10.359+0000][161][gc,age      ] GC(31) Age table with threshold 1 (max threshold 15)
[2022-05-09T02:45:10.360+0000][161][gc,age      ] GC(31) - age   1:    2375712 bytes,    2375712 total
[2022-05-09T02:45:10.361+0000][161][gc,phases   ] GC(31)   Pre Evacuate Collection Set: 0.1ms
[2022-05-09T02:45:10.362+0000][161][gc,phases   ] GC(31)   Merge Heap Roots: 0.1ms
[2022-05-09T02:45:10.364+0000][161][gc,phases   ] GC(31)   Evacuate Collection Set: 2.2ms
[2022-05-09T02:45:10.364+0000][161][gc,phases   ] GC(31)   Post Evacuate Collection Set: 1.1ms
[2022-05-09T02:45:10.365+0000][161][gc,phases   ] GC(31)   Other: 5.1ms
[2022-05-09T02:45:10.366+0000][161][gc,heap     ] GC(31) Eden regions: 48->0(50)
[2022-05-09T02:45:10.366+0000][161][gc,heap     ] GC(31) Survivor regions: 6->1(7)
[2022-05-09T02:45:10.367+0000][161][gc,heap     ] GC(31) Old regions: 33->38
[2022-05-09T02:45:10.368+0000][161][gc,heap     ] GC(31) Archive regions: 2->2
[2022-05-09T02:45:10.369+0000][161][gc,heap     ] GC(31) Humongous regions: 8->8
[2022-05-09T02:45:10.370+0000][161][gc,metaspace] GC(31) Metaspace: 105474K(107008K)->105474K(107008K) NonClass: 91031K(91904K)->91031K(91904K) Class: 14442K(15104K)->14442K(15104K)
[2022-05-09T02:45:10.371+0000][161][gc          ] GC(31) Pause Young (Normal) (G1 Evacuation Pause) 380M->189M(512M) 18.111ms
[2022-05-09T02:45:10.372+0000][161][gc,cpu      ] GC(31) User=0.01s Sys=0.00s Real=0.02s
[2022-05-09T02:45:10.372+0000][161][safepoint   ] Safepoint "G1CollectForAllocation", Time since last: 222767916 ns, Reaching safepoint: 295125 ns, At safepoint: 19393709 ns, Total: 19688834 ns
[2022-05-09T02:45:11.373+0000][161][safepoint   ] Safepoint "Cleanup", Time since last: 1000809708 ns, Reaching safepoint: 279334 ns, At safepoint: 8541 ns, Total: 287875 ns
[2022-05-09T02:45:12.301+0000][161][gc,start    ] GC(32) Pause Young (Concurrent Start) (G1 Evacuation Pause)
[2022-05-09T02:45:12.302+0000][161][gc,task     ] GC(32) Using 5 workers of 5 for evacuation
[2022-05-09T02:45:12.303+0000][161][gc,age      ] GC(32) Desired survivor size 14680064 bytes, new threshold 15 (max threshold 15)
[2022-05-09T02:45:12.305+0000][161][gc,age      ] GC(32) Age table with threshold 15 (max threshold 15)
[2022-05-09T02:45:12.306+0000][161][gc,age      ] GC(32) - age   1:     880240 bytes,     880240 total
[2022-05-09T02:45:12.307+0000][161][gc,age      ] GC(32) - age   2:    1478448 bytes,    2358688 total
[2022-05-09T02:45:12.307+0000][161][gc,phases   ] GC(32)   Pre Evacuate Collection Set: 0.3ms
[2022-05-09T02:45:12.308+0000][161][gc,phases   ] GC(32)   Merge Heap Roots: 0.2ms
[2022-05-09T02:45:12.309+0000][161][gc,phases   ] GC(32)   Evacuate Collection Set: 1.1ms
[2022-05-09T02:45:12.309+0000][161][gc,phases   ] GC(32)   Post Evacuate Collection Set: 0.6ms
[2022-05-09T02:45:12.310+0000][161][gc,phases   ] GC(32)   Other: 3.9ms
[2022-05-09T02:45:12.311+0000][161][gc,heap     ] GC(32) Eden regions: 50->0(51)
[2022-05-09T02:45:12.311+0000][161][gc,heap     ] GC(32) Survivor regions: 1->1(7)
[2022-05-09T02:45:12.312+0000][161][gc,heap     ] GC(32) Old regions: 38->38
[2022-05-09T02:45:12.312+0000][161][gc,heap     ] GC(32) Archive regions: 2->2
[2022-05-09T02:45:12.313+0000][161][gc,heap     ] GC(32) Humongous regions: 8->8
[2022-05-09T02:45:12.313+0000][161][gc,metaspace] GC(32) Metaspace: 105517K(107072K)->105517K(107072K) NonClass: 91075K(91968K)->91075K(91968K) Class: 14442K(15104K)->14442K(15104K)
[2022-05-09T02:45:12.314+0000][161][gc          ] GC(32) Pause Young (Concurrent Start) (G1 Evacuation Pause) 389M->188M(512M) 13.011ms
[2022-05-09T02:45:12.315+0000][161][gc,cpu      ] GC(32) User=0.01s Sys=0.00s Real=0.02s
[2022-05-09T02:45:12.315+0000][161][safepoint   ] Safepoint "G1CollectForAllocation", Time since last: 927623709 ns, Reaching safepoint: 151750 ns, At safepoint: 14116334 ns, Total: 14268084 ns
[2022-05-09T02:45:12.315+0000][161][gc          ] GC(33) Concurrent Mark Cycle
[2022-05-09T02:45:12.316+0000][161][gc,marking  ] GC(33) Concurrent Clear Claimed Marks
[2022-05-09T02:45:12.317+0000][161][gc,marking  ] GC(33) Concurrent Clear Claimed Marks 0.624ms
[2022-05-09T02:45:12.318+0000][161][gc,marking  ] GC(33) Concurrent Scan Root Regions
[2022-05-09T02:45:12.320+0000][161][gc,marking  ] GC(33) Concurrent Scan Root Regions 2.214ms
[2022-05-09T02:45:12.321+0000][161][gc,marking  ] GC(33) Concurrent Mark
[2022-05-09T02:45:12.322+0000][161][gc,marking  ] GC(33) Concurrent Mark From Roots
[2022-05-09T02:45:12.323+0000][161][gc,task     ] GC(33) Using 1 workers of 1 for marking
[2022-05-09T02:45:12.388+0000][161][gc,marking  ] GC(33) Concurrent Mark From Roots 66.159ms
[2022-05-09T02:45:12.389+0000][161][gc,marking  ] GC(33) Concurrent Preclean
[2022-05-09T02:45:12.391+0000][161][gc,marking  ] GC(33) Concurrent Preclean 1.481ms
[2022-05-09T02:45:12.392+0000][161][gc,start    ] GC(33) Pause Remark
[2022-05-09T02:45:12.396+0000][161][gc          ] GC(33) Pause Remark 199M->195M(512M) 4.205ms
[2022-05-09T02:45:12.397+0000][161][gc,cpu      ] GC(33) User=0.01s Sys=0.01s Real=0.01s
[2022-05-09T02:45:12.398+0000][161][safepoint   ] Safepoint "G1Concurrent", Time since last: 75994833 ns, Reaching safepoint: 282375 ns, At safepoint: 6129292 ns, Total: 6411667 ns
[2022-05-09T02:45:12.400+0000][161][gc,marking  ] GC(33) Concurrent Mark 78.682ms
[2022-05-09T02:45:12.400+0000][161][gc,marking  ] GC(33) Concurrent Rebuild Remembered Sets
[2022-05-09T02:45:12.444+0000][161][gc,marking  ] GC(33) Concurrent Rebuild Remembered Sets 43.256ms
[2022-05-09T02:45:12.445+0000][161][gc,start    ] GC(33) Pause Cleanup
[2022-05-09T02:45:12.446+0000][161][gc          ] GC(33) Pause Cleanup 200M->200M(512M) 0.829ms
[2022-05-09T02:45:12.446+0000][161][gc,cpu      ] GC(33) User=0.00s Sys=0.00s Real=0.00s
[2022-05-09T02:45:12.447+0000][161][safepoint   ] Safepoint "G1Concurrent", Time since last: 46819541 ns, Reaching safepoint: 287584 ns, At safepoint: 2127208 ns, Total: 2414792 ns
[2022-05-09T02:45:12.447+0000][161][gc,marking  ] GC(33) Concurrent Cleanup for Next Mark
[2022-05-09T02:45:12.448+0000][161][gc,marking  ] GC(33) Concurrent Cleanup for Next Mark 0.995ms
[2022-05-09T02:45:12.449+0000][161][gc          ] GC(33) Concurrent Mark Cycle 133.896ms
[2022-05-09T02:45:14.448+0000][161][safepoint   ] Safepoint "Cleanup", Time since last: 2000687501 ns, Reaching safepoint: 89042 ns, At safepoint: 4250 ns, Total: 93292 ns
[2022-05-09T02:45:15.449+0000][161][safepoint   ] Safepoint "Cleanup", Time since last: 1000829000 ns, Reaching safepoint: 191875 ns, At safepoint: 5375 ns, Total: 197250 ns
[2022-05-09T02:45:16.452+0000][161][safepoint   ] Safepoint "Cleanup", Time since last: 1004687125 ns, Reaching safepoint: 334000 ns, At safepoint: 10541 ns, Total: 344541 ns
[2022-05-09T02:45:25.475+0000][161][safepoint   ] Safepoint "Cleanup", Time since last: 9022946130 ns, Reaching safepoint: 167333 ns, At safepoint: 7458 ns, Total: 174791 ns
[2022-05-09T02:45:34.400+0000][161][gc,start    ] GC(34) Pause Young (Prepare Mixed) (G1 Evacuation Pause)
[2022-05-09T02:45:34.401+0000][161][gc,task     ] GC(34) Using 5 workers of 5 for evacuation
[2022-05-09T02:45:34.402+0000][161][gc,age      ] GC(34) Desired survivor size 14680064 bytes, new threshold 15 (max threshold 15)
[2022-05-09T02:45:34.405+0000][161][gc,age      ] GC(34) Age table with threshold 15 (max threshold 15)
[2022-05-09T02:45:34.406+0000][161][gc,age      ] GC(34) - age   1:     984056 bytes,     984056 total
[2022-05-09T02:45:34.407+0000][161][gc,age      ] GC(34) - age   2:     382400 bytes,    1366456 total
[2022-05-09T02:45:34.408+0000][161][gc,age      ] GC(34) - age   3:    1266704 bytes,    2633160 total
[2022-05-09T02:45:34.408+0000][161][gc,phases   ] GC(34)   Pre Evacuate Collection Set: 0.1ms
[2022-05-09T02:45:34.409+0000][161][gc,phases   ] GC(34)   Merge Heap Roots: 0.2ms
[2022-05-09T02:45:34.410+0000][161][gc,phases   ] GC(34)   Evacuate Collection Set: 1.2ms
[2022-05-09T02:45:34.411+0000][161][gc,phases   ] GC(34)   Post Evacuate Collection Set: 0.5ms
[2022-05-09T02:45:34.412+0000][161][gc,phases   ] GC(34)   Other: 6.1ms
[2022-05-09T02:45:34.412+0000][161][gc,heap     ] GC(34) Eden regions: 51->0(5)
[2022-05-09T02:45:34.413+0000][161][gc,heap     ] GC(34) Survivor regions: 1->1(7)
[2022-05-09T02:45:34.413+0000][161][gc,heap     ] GC(34) Old regions: 38->38
[2022-05-09T02:45:34.414+0000][161][gc,heap     ] GC(34) Archive regions: 2->2
[2022-05-09T02:45:34.414+0000][161][gc,heap     ] GC(34) Humongous regions: 7->7
[2022-05-09T02:45:34.415+0000][161][gc,metaspace] GC(34) Metaspace: 105580K(107072K)->105580K(107072K) NonClass: 91137K(91968K)->91137K(91968K) Class: 14442K(15104K)->14442K(15104K)
[2022-05-09T02:45:34.416+0000][161][gc          ] GC(34) Pause Young (Prepare Mixed) (G1 Evacuation Pause) 388M->184M(512M) 15.364ms
[2022-05-09T02:45:34.416+0000][161][gc,cpu      ] GC(34) User=0.01s Sys=0.00s Real=0.02s
[2022-05-09T02:45:34.417+0000][161][safepoint   ] Safepoint "G1CollectForAllocation", Time since last: 8925234921 ns, Reaching safepoint: 94792 ns, At safepoint: 16787583 ns, Total: 16882375 ns
[2022-05-09T02:45:34.422+0000][161][gc,start    ] GC(35) Pause Young (Mixed) (G1 Evacuation Pause)
[2022-05-09T02:45:34.424+0000][161][gc,task     ] GC(35) Using 5 workers of 5 for evacuation
[2022-05-09T02:45:34.425+0000][161][gc,age      ] GC(35) Desired survivor size 2097152 bytes, new threshold 3 (max threshold 15)
[2022-05-09T02:45:34.428+0000][161][gc,age      ] GC(35) Age table with threshold 3 (max threshold 15)
[2022-05-09T02:45:34.429+0000][161][gc,age      ] GC(35) - age   1:       8664 bytes,       8664 total
[2022-05-09T02:45:34.429+0000][161][gc,age      ] GC(35) - age   2:     979944 bytes,     988608 total
[2022-05-09T02:45:34.430+0000][161][gc,age      ] GC(35) - age   3:     382400 bytes,    1371008 total
[2022-05-09T02:45:34.431+0000][161][gc,phases   ] GC(35)   Pre Evacuate Collection Set: 0.2ms
[2022-05-09T02:45:34.432+0000][161][gc,phases   ] GC(35)   Merge Heap Roots: 0.1ms
[2022-05-09T02:45:34.432+0000][161][gc,phases   ] GC(35)   Evacuate Collection Set: 1.1ms
[2022-05-09T02:45:34.433+0000][161][gc,phases   ] GC(35)   Post Evacuate Collection Set: 0.7ms
[2022-05-09T02:45:34.434+0000][161][gc,phases   ] GC(35)   Other: 6.8ms
[2022-05-09T02:45:34.434+0000][161][gc,heap     ] GC(35) Eden regions: 5->0(58)
[2022-05-09T02:45:34.435+0000][161][gc,heap     ] GC(35) Survivor regions: 1->1(1)
[2022-05-09T02:45:34.435+0000][161][gc,heap     ] GC(35) Old regions: 38->34
[2022-05-09T02:45:34.436+0000][161][gc,heap     ] GC(35) Archive regions: 2->2
[2022-05-09T02:45:34.437+0000][161][gc,heap     ] GC(35) Humongous regions: 7->7
[2022-05-09T02:45:34.437+0000][161][gc,metaspace] GC(35) Metaspace: 105580K(107072K)->105580K(107072K) NonClass: 91137K(91968K)->91137K(91968K) Class: 14442K(15104K)->14442K(15104K)
[2022-05-09T02:45:34.438+0000][161][gc          ] GC(35) Pause Young (Mixed) (G1 Evacuation Pause) 204M->169M(512M) 16.361ms
[2022-05-09T02:45:34.440+0000][161][gc,cpu      ] GC(35) User=0.01s Sys=0.01s Real=0.01s
[2022-05-09T02:45:34.440+0000][161][safepoint   ] Safepoint "G1CollectForAllocation", Time since last: 4709167 ns, Reaching safepoint: 112125 ns, At safepoint: 18510667 ns, Total: 18622792 ns
[2022-05-09T02:45:35.442+0000][161][safepoint   ] Safepoint "Cleanup", Time since last: 1000893208 ns, Reaching safepoint: 251167 ns, At safepoint: 5458 ns, Total: 256625 ns
[2022-05-09T02:45:40.763+0000][161][safepoint   ] Safepoint "Cleanup", Time since last: 5320793336 ns, Reaching safepoint: 572209 ns, At safepoint: 398583 ns, Total: 970792 ns
[2022-05-09T02:45:40.850+0000][161][gc,start    ] GC(36) Pause Young (Concurrent Start) (G1 Evacuation Pause)
[2022-05-09T02:45:40.851+0000][161][gc,task     ] GC(36) Using 5 workers of 5 for evacuation
[2022-05-09T02:45:40.851+0000][161][gc,age      ] GC(36) Desired survivor size 16777216 bytes, new threshold 15 (max threshold 15)
[2022-05-09T02:45:40.854+0000][161][gc,age      ] GC(36) Age table with threshold 15 (max threshold 15)
[2022-05-09T02:45:40.855+0000][161][gc,age      ] GC(36) - age   1:    5104856 bytes,    5104856 total
[2022-05-09T02:45:40.856+0000][161][gc,age      ] GC(36) - age   3:      95312 bytes,    5200168 total
[2022-05-09T02:45:40.856+0000][161][gc,age      ] GC(36) - age   4:     368264 bytes,    5568432 total
[2022-05-09T02:45:40.857+0000][161][gc,phases   ] GC(36)   Pre Evacuate Collection Set: 0.3ms
[2022-05-09T02:45:40.858+0000][161][gc,phases   ] GC(36)   Merge Heap Roots: 0.1ms
[2022-05-09T02:45:40.859+0000][161][gc,phases   ] GC(36)   Evacuate Collection Set: 1.3ms
[2022-05-09T02:45:40.859+0000][161][gc,phases   ] GC(36)   Post Evacuate Collection Set: 0.6ms
[2022-05-09T02:45:40.860+0000][161][gc,phases   ] GC(36)   Other: 5.2ms
[2022-05-09T02:45:40.860+0000][161][gc,heap     ] GC(36) Eden regions: 58->0(57)
[2022-05-09T02:45:40.861+0000][161][gc,heap     ] GC(36) Survivor regions: 1->2(8)
[2022-05-09T02:45:40.861+0000][161][gc,heap     ] GC(36) Old regions: 34->34
[2022-05-09T02:45:40.862+0000][161][gc,heap     ] GC(36) Archive regions: 2->2
[2022-05-09T02:45:40.862+0000][161][gc,heap     ] GC(36) Humongous regions: 7->7
[2022-05-09T02:45:40.863+0000][161][gc,metaspace] GC(36) Metaspace: 105643K(107200K)->105643K(107200K) NonClass: 91199K(92096K)->91199K(92096K) Class: 14443K(15104K)->14443K(15104K)
[2022-05-09T02:45:40.865+0000][161][gc          ] GC(36) Pause Young (Concurrent Start) (G1 Evacuation Pause) 401M->173M(512M) 15.009ms
[2022-05-09T02:45:40.865+0000][161][gc,cpu      ] GC(36) User=0.00s Sys=0.00s Real=0.02s
[2022-05-09T02:45:40.866+0000][161][gc          ] GC(37) Concurrent Mark Cycle
[2022-05-09T02:45:40.867+0000][161][gc,marking  ] GC(37) Concurrent Clear Claimed Marks
[2022-05-09T02:45:40.866+0000][161][safepoint   ] Safepoint "G1CollectForAllocation", Time since last: 86004667 ns, Reaching safepoint: 130583 ns, At safepoint: 16382417 ns, Total: 16513000 ns
[2022-05-09T02:45:40.868+0000][161][gc,marking  ] GC(37) Concurrent Clear Claimed Marks 0.757ms
[2022-05-09T02:45:40.869+0000][161][gc,marking  ] GC(37) Concurrent Scan Root Regions
[2022-05-09T02:45:40.872+0000][161][gc,marking  ] GC(37) Concurrent Scan Root Regions 3.307ms
[2022-05-09T02:45:40.873+0000][161][gc,marking  ] GC(37) Concurrent Mark
[2022-05-09T02:45:40.874+0000][161][gc,marking  ] GC(37) Concurrent Mark From Roots
[2022-05-09T02:45:40.875+0000][161][gc,task     ] GC(37) Using 1 workers of 1 for marking
[2022-05-09T02:45:40.942+0000][161][gc,marking  ] GC(37) Concurrent Mark From Roots 68.119ms
[2022-05-09T02:45:40.943+0000][161][gc,marking  ] GC(37) Concurrent Preclean
[2022-05-09T02:45:40.945+0000][161][gc,marking  ] GC(37) Concurrent Preclean 1.353ms
[2022-05-09T02:45:40.947+0000][161][gc,start    ] GC(37) Pause Remark
[2022-05-09T02:45:40.952+0000][161][gc          ] GC(37) Pause Remark 182M->170M(512M) 4.980ms
[2022-05-09T02:45:40.953+0000][161][gc,cpu      ] GC(37) User=0.02s Sys=0.00s Real=0.01s
[2022-05-09T02:45:40.954+0000][161][safepoint   ] Safepoint "G1Concurrent", Time since last: 80419041 ns, Reaching safepoint: 798834 ns, At safepoint: 7322000 ns, Total: 8120834 ns
[2022-05-09T02:45:40.956+0000][161][gc,marking  ] GC(37) Concurrent Mark 82.893ms
[2022-05-09T02:45:40.957+0000][161][gc,marking  ] GC(37) Concurrent Rebuild Remembered Sets
[2022-05-09T02:45:41.003+0000][161][gc,marking  ] GC(37) Concurrent Rebuild Remembered Sets 45.023ms
[2022-05-09T02:45:41.005+0000][161][gc,start    ] GC(37) Pause Cleanup
[2022-05-09T02:45:41.008+0000][161][gc          ] GC(37) Pause Cleanup 172M->172M(512M) 2.652ms
[2022-05-09T02:45:41.009+0000][161][gc,cpu      ] GC(37) User=0.00s Sys=0.00s Real=0.00s
[2022-05-09T02:45:41.010+0000][161][safepoint   ] Safepoint "G1Concurrent", Time since last: 50861083 ns, Reaching safepoint: 50167 ns, At safepoint: 4790166 ns, Total: 4840333 ns
[2022-05-09T02:45:41.012+0000][161][gc,marking  ] GC(37) Concurrent Cleanup for Next Mark
[2022-05-09T02:45:41.013+0000][161][gc,marking  ] GC(37) Concurrent Cleanup for Next Mark 1.760ms
[2022-05-09T02:45:41.014+0000][161][gc          ] GC(37) Concurrent Mark Cycle 148.267ms
[2022-05-09T02:45:42.012+0000][161][safepoint   ] Safepoint "Cleanup", Time since last: 1001530001 ns, Reaching safepoint: 246125 ns, At safepoint: 14958 ns, Total: 261083 ns
[2022-05-09T02:45:42.268+0000][161][gc,start    ] GC(38) Pause Young (Prepare Mixed) (G1 Evacuation Pause)
[2022-05-09T02:45:42.269+0000][161][gc,task     ] GC(38) Using 5 workers of 5 for evacuation
[2022-05-09T02:45:42.270+0000][161][gc,age      ] GC(38) Desired survivor size 16777216 bytes, new threshold 15 (max threshold 15)
[2022-05-09T02:45:42.273+0000][161][gc,age      ] GC(38) Age table with threshold 15 (max threshold 15)
[2022-05-09T02:45:42.274+0000][161][gc,age      ] GC(38) - age   1:   16477040 bytes,   16477040 total
[2022-05-09T02:45:42.275+0000][161][gc,age      ] GC(38) - age   2:    1958200 bytes,   18435240 total
[2022-05-09T02:45:42.276+0000][161][gc,age      ] GC(38) - age   4:      93688 bytes,   18528928 total
[2022-05-09T02:45:42.277+0000][161][gc,age      ] GC(38) - age   5:     367816 bytes,   18896744 total
[2022-05-09T02:45:42.279+0000][161][gc,phases   ] GC(38)   Pre Evacuate Collection Set: 0.2ms
[2022-05-09T02:45:42.280+0000][161][gc,phases   ] GC(38)   Merge Heap Roots: 0.1ms
[2022-05-09T02:45:42.280+0000][161][gc,phases   ] GC(38)   Evacuate Collection Set: 1.7ms
[2022-05-09T02:45:42.282+0000][161][gc,phases   ] GC(38)   Post Evacuate Collection Set: 0.7ms
[2022-05-09T02:45:42.282+0000][161][gc,phases   ] GC(38)   Other: 8.0ms
[2022-05-09T02:45:42.283+0000][161][gc,heap     ] GC(38) Eden regions: 57->0(1)
[2022-05-09T02:45:42.284+0000][161][gc,heap     ] GC(38) Survivor regions: 2->5(8)
[2022-05-09T02:45:42.284+0000][161][gc,heap     ] GC(38) Old regions: 32->32
[2022-05-09T02:45:42.285+0000][161][gc,heap     ] GC(38) Archive regions: 2->2
[2022-05-09T02:45:42.286+0000][161][gc,heap     ] GC(38) Humongous regions: 6->6
[2022-05-09T02:45:42.286+0000][161][gc,metaspace] GC(38) Metaspace: 105710K(107264K)->105710K(107264K) NonClass: 91266K(92160K)->91266K(92160K) Class: 14443K(15104K)->14443K(15104K)
[2022-05-09T02:45:42.287+0000][161][gc          ] GC(38) Pause Young (Prepare Mixed) (G1 Evacuation Pause) 389M->174M(512M) 19.104ms
[2022-05-09T02:45:42.288+0000][161][gc,cpu      ] GC(38) User=0.00s Sys=0.01s Real=0.02s
[2022-05-09T02:45:42.288+0000][161][safepoint   ] Safepoint "G1CollectForAllocation", Time since last: 255774500 ns, Reaching safepoint: 131750 ns, At safepoint: 20577042 ns, Total: 20708792 ns
[2022-05-09T02:45:42.306+0000][161][gc,start    ] GC(39) Pause Young (Mixed) (G1 Evacuation Pause)
[2022-05-09T02:45:42.307+0000][161][gc,task     ] GC(39) Using 5 workers of 5 for evacuation
[2022-05-09T02:45:42.308+0000][161][gc,age      ] GC(39) Desired survivor size 2097152 bytes, new threshold 1 (max threshold 15)
[2022-05-09T02:45:42.312+0000][161][gc,age      ] GC(39) Age table with threshold 1 (max threshold 15)
[2022-05-09T02:45:42.313+0000][161][gc,age      ] GC(39) - age   1:    1309536 bytes,    1309536 total
[2022-05-09T02:45:42.314+0000][161][gc,phases   ] GC(39)   Pre Evacuate Collection Set: 0.2ms
[2022-05-09T02:45:42.314+0000][161][gc,phases   ] GC(39)   Merge Heap Roots: 0.1ms
[2022-05-09T02:45:42.315+0000][161][gc,phases   ] GC(39)   Evacuate Collection Set: 2.1ms
[2022-05-09T02:45:42.316+0000][161][gc,phases   ] GC(39)   Post Evacuate Collection Set: 0.8ms
[2022-05-09T02:45:42.317+0000][161][gc,phases   ] GC(39)   Other: 4.5ms
[2022-05-09T02:45:42.317+0000][161][gc,heap     ] GC(39) Eden regions: 1->0(58)
[2022-05-09T02:45:42.318+0000][161][gc,heap     ] GC(39) Survivor regions: 5->1(1)
[2022-05-09T02:45:42.319+0000][161][gc,heap     ] GC(39) Old regions: 32->33
[2022-05-09T02:45:42.320+0000][161][gc,heap     ] GC(39) Archive regions: 2->2
[2022-05-09T02:45:42.320+0000][161][gc,heap     ] GC(39) Humongous regions: 6->6
[2022-05-09T02:45:42.321+0000][161][gc,metaspace] GC(39) Metaspace: 105710K(107264K)->105710K(107264K) NonClass: 91266K(92160K)->91266K(92160K) Class: 14443K(15104K)->14443K(15104K)
[2022-05-09T02:45:42.322+0000][161][gc          ] GC(39) Pause Young (Mixed) (G1 Evacuation Pause) 178M->159M(512M) 16.103ms
[2022-05-09T02:45:42.323+0000][161][gc,cpu      ] GC(39) User=0.01s Sys=0.00s Real=0.02s
[2022-05-09T02:45:42.324+0000][161][safepoint   ] Safepoint "G1CollectForAllocation", Time since last: 17280333 ns, Reaching safepoint: 148292 ns, At safepoint: 17643208 ns, Total: 17791500 ns
[2022-05-09T02:45:43.096+0000][161][gc,start    ] GC(40) Pause Young (Concurrent Start) (G1 Evacuation Pause)
[2022-05-09T02:45:43.097+0000][161][gc,task     ] GC(40) Using 5 workers of 5 for evacuation
[2022-05-09T02:45:43.097+0000][161][gc,age      ] GC(40) Desired survivor size 16777216 bytes, new threshold 15 (max threshold 15)
[2022-05-09T02:45:43.101+0000][161][gc,age      ] GC(40) Age table with threshold 15 (max threshold 15)
[2022-05-09T02:45:43.102+0000][161][gc,age      ] GC(40) - age   1:    9925056 bytes,    9925056 total
[2022-05-09T02:45:43.102+0000][161][gc,age      ] GC(40) - age   2:     157464 bytes,   10082520 total
[2022-05-09T02:45:43.103+0000][161][gc,phases   ] GC(40)   Pre Evacuate Collection Set: 0.3ms
[2022-05-09T02:45:43.103+0000][161][gc,phases   ] GC(40)   Merge Heap Roots: 0.1ms
[2022-05-09T02:45:43.104+0000][161][gc,phases   ] GC(40)   Evacuate Collection Set: 1.3ms
[2022-05-09T02:45:43.105+0000][161][gc,phases   ] GC(40)   Post Evacuate Collection Set: 0.8ms
[2022-05-09T02:45:43.106+0000][161][gc,phases   ] GC(40)   Other: 4.2ms
[2022-05-09T02:45:43.106+0000][161][gc,heap     ] GC(40) Eden regions: 58->0(56)
[2022-05-09T02:45:43.107+0000][161][gc,heap     ] GC(40) Survivor regions: 1->3(8)
[2022-05-09T02:45:43.108+0000][161][gc,heap     ] GC(40) Old regions: 33->33
[2022-05-09T02:45:43.108+0000][161][gc,heap     ] GC(40) Archive regions: 2->2
[2022-05-09T02:45:43.109+0000][161][gc,heap     ] GC(40) Humongous regions: 6->6
[2022-05-09T02:45:43.109+0000][161][gc,metaspace] GC(40) Metaspace: 105726K(107264K)->105726K(107264K) NonClass: 91282K(92160K)->91282K(92160K) Class: 14444K(15104K)->14444K(15104K)
[2022-05-09T02:45:43.110+0000][161][gc          ] GC(40) Pause Young (Concurrent Start) (G1 Evacuation Pause) 391M->167M(512M) 13.831ms
[2022-05-09T02:45:43.111+0000][161][gc,cpu      ] GC(40) User=0.00s Sys=0.01s Real=0.01s
[2022-05-09T02:45:43.111+0000][161][gc          ] GC(41) Concurrent Mark Cycle
[2022-05-09T02:45:43.112+0000][161][gc,marking  ] GC(41) Concurrent Clear Claimed Marks
[2022-05-09T02:45:43.111+0000][161][safepoint   ] Safepoint "G1CollectForAllocation", Time since last: 772052584 ns, Reaching safepoint: 462667 ns, At safepoint: 15367250 ns, Total: 15829917 ns
[2022-05-09T02:45:43.113+0000][161][gc,marking  ] GC(41) Concurrent Clear Claimed Marks 1.069ms
[2022-05-09T02:45:43.114+0000][161][gc,marking  ] GC(41) Concurrent Scan Root Regions
[2022-05-09T02:45:43.116+0000][161][gc,marking  ] GC(41) Concurrent Scan Root Regions 1.947ms
[2022-05-09T02:45:43.117+0000][161][gc,marking  ] GC(41) Concurrent Mark
[2022-05-09T02:45:43.118+0000][161][gc,marking  ] GC(41) Concurrent Mark From Roots
[2022-05-09T02:45:43.119+0000][161][gc,task     ] GC(41) Using 1 workers of 1 for marking
[2022-05-09T02:45:43.188+0000][161][gc,marking  ] GC(41) Concurrent Mark From Roots 69.979ms
[2022-05-09T02:45:43.189+0000][161][gc,marking  ] GC(41) Concurrent Preclean
[2022-05-09T02:45:43.191+0000][161][gc,marking  ] GC(41) Concurrent Preclean 1.587ms
[2022-05-09T02:45:43.192+0000][161][gc,start    ] GC(41) Pause Remark
[2022-05-09T02:45:43.198+0000][161][gc          ] GC(41) Pause Remark 192M->192M(512M) 5.517ms
[2022-05-09T02:45:43.199+0000][161][gc,cpu      ] GC(41) User=0.02s Sys=0.00s Real=0.00s
[2022-05-09T02:45:43.224+0000][161][safepoint   ] Safepoint "G1Concurrent", Time since last: 80570833 ns, Reaching safepoint: 257708 ns, At safepoint: 31743750 ns, Total: 32001458 ns
[2022-05-09T02:45:43.226+0000][161][gc,marking  ] GC(41) Concurrent Mark 108.585ms
[2022-05-09T02:45:43.227+0000][161][gc,marking  ] GC(41) Concurrent Rebuild Remembered Sets
[2022-05-09T02:45:43.273+0000][161][gc,marking  ] GC(41) Concurrent Rebuild Remembered Sets 46.571ms
[2022-05-09T02:45:43.275+0000][161][gc,start    ] GC(41) Pause Cleanup
[2022-05-09T02:45:43.276+0000][161][gc          ] GC(41) Pause Cleanup 206M->206M(512M) 1.394ms
[2022-05-09T02:45:43.277+0000][161][gc,cpu      ] GC(41) User=0.00s Sys=0.00s Real=0.00s
[2022-05-09T02:45:43.278+0000][161][safepoint   ] Safepoint "G1Concurrent", Time since last: 50406625 ns, Reaching safepoint: 308542 ns, At safepoint: 3555958 ns, Total: 3864500 ns
[2022-05-09T02:45:43.279+0000][161][gc,marking  ] GC(41) Concurrent Cleanup for Next Mark
[2022-05-09T02:45:43.281+0000][161][gc,marking  ] GC(41) Concurrent Cleanup for Next Mark 1.505ms
[2022-05-09T02:45:43.282+0000][161][gc          ] GC(41) Concurrent Mark Cycle 170.696ms
[2022-05-09T02:45:44.280+0000][161][safepoint   ] Safepoint "Cleanup", Time since last: 1001294668 ns, Reaching safepoint: 354125 ns, At safepoint: 27791 ns, Total: 381916 ns
[2022-05-09T02:45:44.547+0000][161][gc,start    ] GC(42) Pause Young (Prepare Mixed) (G1 Evacuation Pause)
[2022-05-09T02:45:44.548+0000][161][gc,task     ] GC(42) Using 5 workers of 5 for evacuation
[2022-05-09T02:45:44.548+0000][161][gc,age      ] GC(42) Desired survivor size 16777216 bytes, new threshold 15 (max threshold 15)
[2022-05-09T02:45:44.552+0000][161][gc,age      ] GC(42) Age table with threshold 15 (max threshold 15)
[2022-05-09T02:45:44.554+0000][161][gc,age      ] GC(42) - age   1:   14690184 bytes,   14690184 total
[2022-05-09T02:45:44.555+0000][161][gc,age      ] GC(42) - age   2:    4391072 bytes,   19081256 total
[2022-05-09T02:45:44.556+0000][161][gc,age      ] GC(42) - age   3:     157368 bytes,   19238624 total
[2022-05-09T02:45:44.557+0000][161][gc,phases   ] GC(42)   Pre Evacuate Collection Set: 0.1ms
[2022-05-09T02:45:44.558+0000][161][gc,phases   ] GC(42)   Merge Heap Roots: 0.1ms
[2022-05-09T02:45:44.559+0000][161][gc,phases   ] GC(42)   Evacuate Collection Set: 2.1ms
[2022-05-09T02:45:44.560+0000][161][gc,phases   ] GC(42)   Post Evacuate Collection Set: 0.8ms
[2022-05-09T02:45:44.561+0000][161][gc,phases   ] GC(42)   Other: 7.0ms
[2022-05-09T02:45:44.561+0000][161][gc,heap     ] GC(42) Eden regions: 56->0(1)
[2022-05-09T02:45:44.562+0000][161][gc,heap     ] GC(42) Survivor regions: 3->5(8)
[2022-05-09T02:45:44.563+0000][161][gc,heap     ] GC(42) Old regions: 33->33
[2022-05-09T02:45:44.563+0000][161][gc,heap     ] GC(42) Archive regions: 2->2
[2022-05-09T02:45:44.564+0000][161][gc,heap     ] GC(42) Humongous regions: 7->7
[2022-05-09T02:45:44.565+0000][161][gc,metaspace] GC(42) Metaspace: 105754K(107328K)->105754K(107328K) NonClass: 91309K(92224K)->91309K(92224K) Class: 14444K(15104K)->14444K(15104K)
[2022-05-09T02:45:44.565+0000][161][gc          ] GC(42) Pause Young (Prepare Mixed) (G1 Evacuation Pause) 395M->180M(512M) 18.373ms
[2022-05-09T02:45:44.566+0000][161][gc,cpu      ] GC(42) User=0.02s Sys=0.00s Real=0.02s
[2022-05-09T02:45:44.567+0000][161][safepoint   ] Safepoint "G1CollectForAllocation", Time since last: 266791209 ns, Reaching safepoint: 294666 ns, At safepoint: 19852459 ns, Total: 20147125 ns
[2022-05-09T02:45:44.606+0000][161][gc,start    ] GC(43) Pause Young (Mixed) (G1 Evacuation Pause)
[2022-05-09T02:45:44.607+0000][161][gc,task     ] GC(43) Using 5 workers of 5 for evacuation
[2022-05-09T02:45:44.609+0000][161][gc,age      ] GC(43) Desired survivor size 2097152 bytes, new threshold 1 (max threshold 15)
[2022-05-09T02:45:44.613+0000][161][gc,age      ] GC(43) Age table with threshold 1 (max threshold 15)
[2022-05-09T02:45:44.615+0000][161][gc,age      ] GC(43) - age   1:     143664 bytes,     143664 total
[2022-05-09T02:45:44.616+0000][161][gc,phases   ] GC(43)   Pre Evacuate Collection Set: 0.2ms
[2022-05-09T02:45:44.617+0000][161][gc,phases   ] GC(43)   Merge Heap Roots: 0.2ms
[2022-05-09T02:45:44.618+0000][161][gc,phases   ] GC(43)   Evacuate Collection Set: 1.9ms
[2022-05-09T02:45:44.619+0000][161][gc,phases   ] GC(43)   Post Evacuate Collection Set: 0.9ms
[2022-05-09T02:45:44.620+0000][161][gc,phases   ] GC(43)   Other: 6.9ms
[2022-05-09T02:45:44.620+0000][161][gc,heap     ] GC(43) Eden regions: 1->0(52)
[2022-05-09T02:45:44.621+0000][161][gc,heap     ] GC(43) Survivor regions: 5->1(1)
[2022-05-09T02:45:44.623+0000][161][gc,heap     ] GC(43) Old regions: 33->37
[2022-05-09T02:45:44.624+0000][161][gc,heap     ] GC(43) Archive regions: 2->2
[2022-05-09T02:45:44.624+0000][161][gc,heap     ] GC(43) Humongous regions: 7->7
[2022-05-09T02:45:44.625+0000][161][gc,metaspace] GC(43) Metaspace: 105754K(107328K)->105754K(107328K) NonClass: 91309K(92224K)->91309K(92224K) Class: 14444K(15104K)->14444K(15104K)
[2022-05-09T02:45:44.626+0000][161][gc          ] GC(43) Pause Young (Mixed) (G1 Evacuation Pause) 184M->176M(512M) 20.342ms
[2022-05-09T02:45:44.627+0000][161][gc,cpu      ] GC(43) User=0.01s Sys=0.00s Real=0.02s
[2022-05-09T02:45:44.629+0000][161][safepoint   ] Safepoint "G1CollectForAllocation", Time since last: 38980791 ns, Reaching safepoint: 72042 ns, At safepoint: 22540833 ns, Total: 22612875 ns
[2022-05-09T02:45:45.631+0000][161][safepoint   ] Safepoint "Cleanup", Time since last: 1001593292 ns, Reaching safepoint: 77709 ns, At safepoint: 3125 ns, Total: 80834 ns
[2022-05-09T02:45:45.979+0000][161][gc,start    ] GC(44) Pause Young (Concurrent Start) (G1 Evacuation Pause)
[2022-05-09T02:45:45.981+0000][161][gc,task     ] GC(44) Using 5 workers of 5 for evacuation
[2022-05-09T02:45:45.989+0000][161][gc,age      ] GC(44) Desired survivor size 14680064 bytes, new threshold 15 (max threshold 15)
[2022-05-09T02:45:45.994+0000][161][gc,age      ] GC(44) Age table with threshold 15 (max threshold 15)
[2022-05-09T02:45:45.995+0000][161][gc,age      ] GC(44) - age   1:   16314536 bytes,   16314536 total
[2022-05-09T02:45:45.996+0000][161][gc,age      ] GC(44) - age   2:     133984 bytes,   16448520 total
[2022-05-09T02:45:45.997+0000][161][gc,phases   ] GC(44)   Pre Evacuate Collection Set: 0.3ms
[2022-05-09T02:45:45.998+0000][161][gc,phases   ] GC(44)   Merge Heap Roots: 0.2ms
[2022-05-09T02:45:45.999+0000][161][gc,phases   ] GC(44)   Evacuate Collection Set: 1.6ms
[2022-05-09T02:45:46.000+0000][161][gc,phases   ] GC(44)   Post Evacuate Collection Set: 0.9ms
[2022-05-09T02:45:46.001+0000][161][gc,phases   ] GC(44)   Other: 15.3ms
[2022-05-09T02:45:46.002+0000][161][gc,heap     ] GC(44) Eden regions: 52->0(47)
[2022-05-09T02:45:46.003+0000][161][gc,heap     ] GC(44) Survivor regions: 1->5(7)
[2022-05-09T02:45:46.003+0000][161][gc,heap     ] GC(44) Old regions: 37->37
[2022-05-09T02:45:46.004+0000][161][gc,heap     ] GC(44) Archive regions: 2->2
[2022-05-09T02:45:46.005+0000][161][gc,heap     ] GC(44) Humongous regions: 7->7
[2022-05-09T02:45:46.005+0000][161][gc,metaspace] GC(44) Metaspace: 105772K(107328K)->105772K(107328K) NonClass: 91328K(92224K)->91328K(92224K) Class: 14444K(15104K)->14444K(15104K)
[2022-05-09T02:45:46.006+0000][161][gc          ] GC(44) Pause Young (Concurrent Start) (G1 Evacuation Pause) 384M->192M(512M) 27.369ms
[2022-05-09T02:45:46.007+0000][161][gc,cpu      ] GC(44) User=0.01s Sys=0.00s Real=0.03s
[2022-05-09T02:45:46.008+0000][161][gc          ] GC(45) Concurrent Mark Cycle
[2022-05-09T02:45:46.009+0000][161][gc,marking  ] GC(45) Concurrent Clear Claimed Marks
[2022-05-09T02:45:46.008+0000][161][safepoint   ] Safepoint "G1CollectForAllocation", Time since last: 347566041 ns, Reaching safepoint: 402625 ns, At safepoint: 29090875 ns, Total: 29493500 ns
[2022-05-09T02:45:46.010+0000][161][gc,marking  ] GC(45) Concurrent Clear Claimed Marks 0.931ms
[2022-05-09T02:45:46.012+0000][161][gc,marking  ] GC(45) Concurrent Scan Root Regions
[2022-05-09T02:45:46.014+0000][161][gc,marking  ] GC(45) Concurrent Scan Root Regions 2.359ms
[2022-05-09T02:45:46.015+0000][161][gc,marking  ] GC(45) Concurrent Mark
[2022-05-09T02:45:46.016+0000][161][gc,marking  ] GC(45) Concurrent Mark From Roots
[2022-05-09T02:45:46.017+0000][161][gc,task     ] GC(45) Using 1 workers of 1 for marking
[2022-05-09T02:45:46.088+0000][161][gc,marking  ] GC(45) Concurrent Mark From Roots 72.269ms
[2022-05-09T02:45:46.089+0000][161][gc,marking  ] GC(45) Concurrent Preclean
[2022-05-09T02:45:46.091+0000][161][gc,marking  ] GC(45) Concurrent Preclean 1.182ms
[2022-05-09T02:45:46.091+0000][161][gc,start    ] GC(45) Pause Remark
[2022-05-09T02:45:46.097+0000][161][gc          ] GC(45) Pause Remark 209M->209M(512M) 5.436ms
[2022-05-09T02:45:46.098+0000][161][gc,cpu      ] GC(45) User=0.01s Sys=0.00s Real=0.01s
[2022-05-09T02:45:46.098+0000][161][safepoint   ] Safepoint "G1Concurrent", Time since last: 83301709 ns, Reaching safepoint: 159875 ns, At safepoint: 7043916 ns, Total: 7203791 ns
[2022-05-09T02:45:46.100+0000][161][gc,marking  ] GC(45) Concurrent Mark 84.313ms
[2022-05-09T02:45:46.100+0000][161][gc,marking  ] GC(45) Concurrent Rebuild Remembered Sets
[2022-05-09T02:45:46.146+0000][161][gc,marking  ] GC(45) Concurrent Rebuild Remembered Sets 45.641ms
[2022-05-09T02:45:46.148+0000][161][gc,start    ] GC(45) Pause Cleanup
[2022-05-09T02:45:46.149+0000][161][gc          ] GC(45) Pause Cleanup 219M->219M(512M) 1.293ms
[2022-05-09T02:45:46.150+0000][161][gc,cpu      ] GC(45) User=0.00s Sys=0.00s Real=0.00s
[2022-05-09T02:45:46.151+0000][161][safepoint   ] Safepoint "G1Concurrent", Time since last: 48755417 ns, Reaching safepoint: 370000 ns, At safepoint: 3695750 ns, Total: 4065750 ns
[2022-05-09T02:45:46.152+0000][161][gc,marking  ] GC(45) Concurrent Cleanup for Next Mark
[2022-05-09T02:45:46.154+0000][161][gc,marking  ] GC(45) Concurrent Cleanup for Next Mark 1.867ms
[2022-05-09T02:45:46.154+0000][161][gc          ] GC(45) Concurrent Mark Cycle 146.517ms
[2022-05-09T02:45:46.801+0000][161][gc,start    ] GC(46) Pause Young (Prepare Mixed) (G1 Evacuation Pause)
[2022-05-09T02:45:46.802+0000][161][gc,task     ] GC(46) Using 5 workers of 5 for evacuation
[2022-05-09T02:45:46.803+0000][161][gc,age      ] GC(46) Desired survivor size 14680064 bytes, new threshold 1 (max threshold 15)
[2022-05-09T02:45:46.807+0000][161][gc,age      ] GC(46) Age table with threshold 1 (max threshold 15)
[2022-05-09T02:45:46.808+0000][161][gc,age      ] GC(46) - age   1:    9532720 bytes,    9532720 total
[2022-05-09T02:45:46.809+0000][161][gc,phases   ] GC(46)   Pre Evacuate Collection Set: 0.2ms
[2022-05-09T02:45:46.810+0000][161][gc,phases   ] GC(46)   Merge Heap Roots: 0.1ms
[2022-05-09T02:45:46.810+0000][161][gc,phases   ] GC(46)   Evacuate Collection Set: 2.1ms
[2022-05-09T02:45:46.811+0000][161][gc,phases   ] GC(46)   Post Evacuate Collection Set: 0.9ms
[2022-05-09T02:45:46.812+0000][161][gc,phases   ] GC(46)   Other: 4.7ms
[2022-05-09T02:45:46.812+0000][161][gc,heap     ] GC(46) Eden regions: 47->0(3)
[2022-05-09T02:45:46.813+0000][161][gc,heap     ] GC(46) Survivor regions: 5->3(7)
[2022-05-09T02:45:46.813+0000][161][gc,heap     ] GC(46) Old regions: 37->41
[2022-05-09T02:45:46.814+0000][161][gc,heap     ] GC(46) Archive regions: 2->2
[2022-05-09T02:45:46.814+0000][161][gc,heap     ] GC(46) Humongous regions: 7->7
[2022-05-09T02:45:46.815+0000][161][gc,metaspace] GC(46) Metaspace: 105783K(107328K)->105783K(107328K) NonClass: 91339K(92224K)->91339K(92224K) Class: 14444K(15104K)->14444K(15104K)
[2022-05-09T02:45:46.815+0000][161][gc          ] GC(46) Pause Young (Prepare Mixed) (G1 Evacuation Pause) 380M->202M(512M) 14.553ms
[2022-05-09T02:45:46.816+0000][161][gc,cpu      ] GC(46) User=0.01s Sys=0.01s Real=0.02s
[2022-05-09T02:45:46.817+0000][161][safepoint   ] Safepoint "G1CollectForAllocation", Time since last: 649340584 ns, Reaching safepoint: 234625 ns, At safepoint: 15933333 ns, Total: 16167958 ns
[2022-05-09T02:45:46.850+0000][161][gc,start    ] GC(47) Pause Young (Mixed) (G1 Evacuation Pause)
[2022-05-09T02:45:46.851+0000][161][gc,task     ] GC(47) Using 5 workers of 5 for evacuation
[2022-05-09T02:45:46.852+0000][161][gc,age      ] GC(47) Desired survivor size 2097152 bytes, new threshold 1 (max threshold 15)
[2022-05-09T02:45:46.854+0000][161][gc,age      ] GC(47) Age table with threshold 1 (max threshold 15)
[2022-05-09T02:45:46.855+0000][161][gc,age      ] GC(47) - age   1:     620760 bytes,     620760 total
[2022-05-09T02:45:46.856+0000][161][gc,phases   ] GC(47)   Pre Evacuate Collection Set: 0.1ms
[2022-05-09T02:45:46.857+0000][161][gc,phases   ] GC(47)   Merge Heap Roots: 0.1ms
[2022-05-09T02:45:46.858+0000][161][gc,phases   ] GC(47)   Evacuate Collection Set: 1.1ms
[2022-05-09T02:45:46.858+0000][161][gc,phases   ] GC(47)   Post Evacuate Collection Set: 0.4ms
[2022-05-09T02:45:46.859+0000][161][gc,phases   ] GC(47)   Other: 4.1ms
[2022-05-09T02:45:46.859+0000][161][gc,heap     ] GC(47) Eden regions: 3->0(50)
[2022-05-09T02:45:46.860+0000][161][gc,heap     ] GC(47) Survivor regions: 3->1(1)
[2022-05-09T02:45:46.860+0000][161][gc,heap     ] GC(47) Old regions: 41->38
[2022-05-09T02:45:46.861+0000][161][gc,heap     ] GC(47) Archive regions: 2->2
[2022-05-09T02:45:46.861+0000][161][gc,heap     ] GC(47) Humongous regions: 7->7
[2022-05-09T02:45:46.862+0000][161][gc,metaspace] GC(47) Metaspace: 105783K(107328K)->105783K(107328K) NonClass: 91339K(92224K)->91339K(92224K) Class: 14444K(15104K)->14444K(15104K)
[2022-05-09T02:45:46.863+0000][161][gc          ] GC(47) Pause Young (Mixed) (G1 Evacuation Pause) 214M->181M(512M) 12.577ms
[2022-05-09T02:45:46.863+0000][161][gc,cpu      ] GC(47) User=0.01s Sys=0.00s Real=0.02s
[2022-05-09T02:45:46.864+0000][161][safepoint   ] Safepoint "G1CollectForAllocation", Time since last: 33177167 ns, Reaching safepoint: 44625 ns, At safepoint: 13703458 ns, Total: 13748083 ns
[2022-05-09T02:45:47.588+0000][161][gc,start    ] GC(48) Pause Young (Normal) (G1 Evacuation Pause)
[2022-05-09T02:45:47.589+0000][161][gc,task     ] GC(48) Using 5 workers of 5 for evacuation
[2022-05-09T02:45:47.589+0000][161][gc,age      ] GC(48) Desired survivor size 14680064 bytes, new threshold 15 (max threshold 15)
[2022-05-09T02:45:47.592+0000][161][gc,age      ] GC(48) Age table with threshold 15 (max threshold 15)
[2022-05-09T02:45:47.593+0000][161][gc,age      ] GC(48) - age   1:    9636096 bytes,    9636096 total
[2022-05-09T02:45:47.594+0000][161][gc,age      ] GC(48) - age   2:     400296 bytes,   10036392 total
[2022-05-09T02:45:47.594+0000][161][gc,phases   ] GC(48)   Pre Evacuate Collection Set: 0.1ms
[2022-05-09T02:45:47.595+0000][161][gc,phases   ] GC(48)   Merge Heap Roots: 0.0ms
[2022-05-09T02:45:47.596+0000][161][gc,phases   ] GC(48)   Evacuate Collection Set: 1.2ms
[2022-05-09T02:45:47.596+0000][161][gc,phases   ] GC(48)   Post Evacuate Collection Set: 0.8ms
[2022-05-09T02:45:47.597+0000][161][gc,phases   ] GC(48)   Other: 4.1ms
[2022-05-09T02:45:47.597+0000][161][gc,heap     ] GC(48) Eden regions: 50->0(48)
[2022-05-09T02:45:47.598+0000][161][gc,heap     ] GC(48) Survivor regions: 1->3(7)
[2022-05-09T02:45:47.599+0000][161][gc,heap     ] GC(48) Old regions: 38->38
[2022-05-09T02:45:47.599+0000][161][gc,heap     ] GC(48) Archive regions: 2->2
[2022-05-09T02:45:47.600+0000][161][gc,heap     ] GC(48) Humongous regions: 7->7
[2022-05-09T02:45:47.600+0000][161][gc,metaspace] GC(48) Metaspace: 105789K(107328K)->105789K(107328K) NonClass: 91344K(92224K)->91344K(92224K) Class: 14444K(15104K)->14444K(15104K)
[2022-05-09T02:45:47.601+0000][161][gc          ] GC(48) Pause Young (Normal) (G1 Evacuation Pause) 381M->191M(512M) 12.652ms
[2022-05-09T02:45:47.602+0000][161][gc,cpu      ] GC(48) User=0.01s Sys=0.00s Real=0.01s
[2022-05-09T02:45:47.603+0000][161][safepoint   ] Safepoint "G1CollectForAllocation", Time since last: 724263625 ns, Reaching safepoint: 111667 ns, At safepoint: 14628667 ns, Total: 14740334 ns
[2022-05-09T02:45:47.682+0000][161][gc,start    ] GC(49) Pause Young (Concurrent Start) (G1 Humongous Allocation)
[2022-05-09T02:45:47.683+0000][161][gc,task     ] GC(49) Using 5 workers of 5 for evacuation
[2022-05-09T02:45:47.683+0000][161][gc,age      ] GC(49) Desired survivor size 14680064 bytes, new threshold 15 (max threshold 15)
[2022-05-09T02:45:47.687+0000][161][gc,age      ] GC(49) Age table with threshold 15 (max threshold 15)
[2022-05-09T02:45:47.688+0000][161][gc,age      ] GC(49) - age   1:    1313632 bytes,    1313632 total
[2022-05-09T02:45:47.689+0000][161][gc,age      ] GC(49) - age   2:    9139008 bytes,   10452640 total
[2022-05-09T02:45:47.690+0000][161][gc,age      ] GC(49) - age   3:     400296 bytes,   10852936 total
[2022-05-09T02:45:47.691+0000][161][gc,phases   ] GC(49)   Pre Evacuate Collection Set: 0.5ms
[2022-05-09T02:45:47.692+0000][161][gc,phases   ] GC(49)   Merge Heap Roots: 0.3ms
[2022-05-09T02:45:47.693+0000][161][gc,phases   ] GC(49)   Evacuate Collection Set: 1.1ms
[2022-05-09T02:45:47.693+0000][161][gc,phases   ] GC(49)   Post Evacuate Collection Set: 0.7ms
[2022-05-09T02:45:47.694+0000][161][gc,phases   ] GC(49)   Other: 6.8ms
[2022-05-09T02:45:47.695+0000][161][gc,heap     ] GC(49) Eden regions: 7->0(50)
[2022-05-09T02:45:47.695+0000][161][gc,heap     ] GC(49) Survivor regions: 3->3(7)
[2022-05-09T02:45:47.696+0000][161][gc,heap     ] GC(49) Old regions: 38->38
[2022-05-09T02:45:47.697+0000][161][gc,heap     ] GC(49) Archive regions: 2->2
[2022-05-09T02:45:47.697+0000][161][gc,heap     ] GC(49) Humongous regions: 7->7
[2022-05-09T02:45:47.698+0000][161][gc,metaspace] GC(49) Metaspace: 105789K(107328K)->105789K(107328K) NonClass: 91344K(92224K)->91344K(92224K) Class: 14444K(15104K)->14444K(15104K)
[2022-05-09T02:45:47.699+0000][161][gc          ] GC(49) Pause Young (Concurrent Start) (G1 Humongous Allocation) 216M->191M(512M) 16.998ms
[2022-05-09T02:45:47.699+0000][161][gc,cpu      ] GC(49) User=0.01s Sys=0.01s Real=0.02s
[2022-05-09T02:45:47.700+0000][161][safepoint   ] Safepoint "G1TryInitiateConcMark", Time since last: 78622875 ns, Reaching safepoint: 221625 ns, At safepoint: 18263625 ns, Total: 18485250 ns
[2022-05-09T02:45:47.700+0000][161][gc          ] GC(50) Concurrent Mark Cycle
[2022-05-09T02:45:47.702+0000][161][gc,marking  ] GC(50) Concurrent Clear Claimed Marks
[2022-05-09T02:45:47.702+0000][161][gc,marking  ] GC(50) Concurrent Clear Claimed Marks 0.732ms
[2022-05-09T02:45:47.703+0000][161][gc,marking  ] GC(50) Concurrent Scan Root Regions
[2022-05-09T02:45:47.705+0000][161][gc,marking  ] GC(50) Concurrent Scan Root Regions 1.801ms
[2022-05-09T02:45:47.706+0000][161][gc,marking  ] GC(50) Concurrent Mark
[2022-05-09T02:45:47.706+0000][161][gc,marking  ] GC(50) Concurrent Mark From Roots
[2022-05-09T02:45:47.707+0000][161][gc,task     ] GC(50) Using 1 workers of 1 for marking
[2022-05-09T02:45:47.776+0000][161][gc,marking  ] GC(50) Concurrent Mark From Roots 69.848ms
[2022-05-09T02:45:47.777+0000][161][gc,marking  ] GC(50) Concurrent Preclean
[2022-05-09T02:45:47.778+0000][161][gc,marking  ] GC(50) Concurrent Preclean 0.872ms
[2022-05-09T02:45:47.779+0000][161][gc,start    ] GC(50) Pause Remark
[2022-05-09T02:45:47.784+0000][161][gc          ] GC(50) Pause Remark 212M->212M(512M) 5.412ms
[2022-05-09T02:45:47.785+0000][161][gc,cpu      ] GC(50) User=0.02s Sys=0.00s Real=0.01s
[2022-05-09T02:45:47.786+0000][161][safepoint   ] Safepoint "G1Concurrent", Time since last: 78858208 ns, Reaching safepoint: 46292 ns, At safepoint: 7302417 ns, Total: 7348709 ns
[2022-05-09T02:45:47.787+0000][161][gc,marking  ] GC(50) Concurrent Mark 81.425ms
[2022-05-09T02:45:47.788+0000][161][gc,marking  ] GC(50) Concurrent Rebuild Remembered Sets
[2022-05-09T02:45:47.834+0000][161][gc,marking  ] GC(50) Concurrent Rebuild Remembered Sets 45.776ms
[2022-05-09T02:45:47.835+0000][161][gc,start    ] GC(50) Pause Cleanup
[2022-05-09T02:45:47.836+0000][161][gc          ] GC(50) Pause Cleanup 230M->230M(512M) 0.850ms
[2022-05-09T02:45:47.836+0000][161][gc,cpu      ] GC(50) User=0.00s Sys=0.00s Real=0.00s
[2022-05-09T02:45:47.837+0000][161][safepoint   ] Safepoint "G1Concurrent", Time since last: 48395625 ns, Reaching safepoint: 331541 ns, At safepoint: 2409584 ns, Total: 2741125 ns
[2022-05-09T02:45:47.842+0000][161][gc,marking  ] GC(50) Concurrent Cleanup for Next Mark
[2022-05-09T02:45:47.843+0000][161][gc,marking  ] GC(50) Concurrent Cleanup for Next Mark 1.011ms
[2022-05-09T02:45:47.844+0000][161][gc          ] GC(50) Concurrent Mark Cycle 143.959ms
[2022-05-09T02:45:48.382+0000][161][gc,start    ] GC(51) Pause Young (Prepare Mixed) (G1 Evacuation Pause)
[2022-05-09T02:45:48.382+0000][161][gc,task     ] GC(51) Using 5 workers of 5 for evacuation
[2022-05-09T02:45:48.383+0000][161][gc,age      ] GC(51) Desired survivor size 14680064 bytes, new threshold 15 (max threshold 15)
[2022-05-09T02:45:48.386+0000][161][gc,age      ] GC(51) Age table with threshold 15 (max threshold 15)
[2022-05-09T02:45:48.387+0000][161][gc,age      ] GC(51) - age   1:   11352528 bytes,   11352528 total
[2022-05-09T02:45:48.388+0000][161][gc,age      ] GC(51) - age   2:     742440 bytes,   12094968 total
[2022-05-09T02:45:48.389+0000][161][gc,age      ] GC(51) - age   3:    3490976 bytes,   15585944 total
[2022-05-09T02:45:48.389+0000][161][gc,age      ] GC(51) - age   4:     397600 bytes,   15983544 total
[2022-05-09T02:45:48.390+0000][161][gc,phases   ] GC(51)   Pre Evacuate Collection Set: 0.2ms
[2022-05-09T02:45:48.390+0000][161][gc,phases   ] GC(51)   Merge Heap Roots: 0.1ms
[2022-05-09T02:45:48.391+0000][161][gc,phases   ] GC(51)   Evacuate Collection Set: 1.6ms
[2022-05-09T02:45:48.392+0000][161][gc,phases   ] GC(51)   Post Evacuate Collection Set: 0.8ms
[2022-05-09T02:45:48.392+0000][161][gc,phases   ] GC(51)   Other: 5.8ms
[2022-05-09T02:45:48.393+0000][161][gc,heap     ] GC(51) Eden regions: 50->0(1)
[2022-05-09T02:45:48.393+0000][161][gc,heap     ] GC(51) Survivor regions: 3->5(7)
[2022-05-09T02:45:48.394+0000][161][gc,heap     ] GC(51) Old regions: 38->38
[2022-05-09T02:45:48.395+0000][161][gc,heap     ] GC(51) Archive regions: 2->2
[2022-05-09T02:45:48.396+0000][161][gc,heap     ] GC(51) Humongous regions: 8->8
[2022-05-09T02:45:48.397+0000][161][gc,metaspace] GC(51) Metaspace: 105794K(107328K)->105794K(107328K) NonClass: 91350K(92224K)->91350K(92224K) Class: 14444K(15104K)->14444K(15104K)
[2022-05-09T02:45:48.397+0000][161][gc          ] GC(51) Pause Young (Prepare Mixed) (G1 Evacuation Pause) 395M->200M(512M) 15.889ms
[2022-05-09T02:45:48.398+0000][161][gc,cpu      ] GC(51) User=0.01s Sys=0.01s Real=0.02s
[2022-05-09T02:45:48.399+0000][161][safepoint   ] Safepoint "G1CollectForAllocation", Time since last: 544105875 ns, Reaching safepoint: 186792 ns, At safepoint: 17400041 ns, Total: 17586833 ns
[2022-05-09T02:45:48.411+0000][161][gc,start    ] GC(52) Pause Young (Mixed) (G1 Evacuation Pause)
[2022-05-09T02:45:48.412+0000][161][gc,task     ] GC(52) Using 5 workers of 5 for evacuation
[2022-05-09T02:45:48.413+0000][161][gc,age      ] GC(52) Desired survivor size 2097152 bytes, new threshold 1 (max threshold 15)
[2022-05-09T02:45:48.417+0000][161][gc,age      ] GC(52) Age table with threshold 1 (max threshold 15)
[2022-05-09T02:45:48.418+0000][161][gc,age      ] GC(52) - age   1:     108160 bytes,     108160 total
[2022-05-09T02:45:48.418+0000][161][gc,phases   ] GC(52)   Pre Evacuate Collection Set: 0.3ms
[2022-05-09T02:45:48.419+0000][161][gc,phases   ] GC(52)   Merge Heap Roots: 0.2ms
[2022-05-09T02:45:48.419+0000][161][gc,phases   ] GC(52)   Evacuate Collection Set: 2.1ms
[2022-05-09T02:45:48.420+0000][161][gc,phases   ] GC(52)   Post Evacuate Collection Set: 0.7ms
[2022-05-09T02:45:48.420+0000][161][gc,phases   ] GC(52)   Other: 4.1ms
[2022-05-09T02:45:48.421+0000][161][gc,heap     ] GC(52) Eden regions: 1->0(48)
[2022-05-09T02:45:48.421+0000][161][gc,heap     ] GC(52) Survivor regions: 5->1(1)
[2022-05-09T02:45:48.422+0000][161][gc,heap     ] GC(52) Old regions: 38->40
[2022-05-09T02:45:48.423+0000][161][gc,heap     ] GC(52) Archive regions: 2->2
[2022-05-09T02:45:48.424+0000][161][gc,heap     ] GC(52) Humongous regions: 8->8
[2022-05-09T02:45:48.425+0000][161][gc,metaspace] GC(52) Metaspace: 105794K(107328K)->105794K(107328K) NonClass: 91350K(92224K)->91350K(92224K) Class: 14444K(15104K)->14444K(15104K)
[2022-05-09T02:45:48.426+0000][161][gc          ] GC(52) Pause Young (Mixed) (G1 Evacuation Pause) 204M->193M(512M) 14.979ms
[2022-05-09T02:45:48.427+0000][161][gc,cpu      ] GC(52) User=0.02s Sys=0.00s Real=0.02s
[2022-05-09T02:45:48.428+0000][161][safepoint   ] Safepoint "G1CollectForAllocation", Time since last: 12064042 ns, Reaching safepoint: 68458 ns, At safepoint: 16747625 ns, Total: 16816083 ns
[2022-05-09T02:45:49.429+0000][161][safepoint   ] Safepoint "Cleanup", Time since last: 1000649292 ns, Reaching safepoint: 296584 ns, At safepoint: 4833 ns, Total: 301417 ns
[2022-05-09T02:45:49.842+0000][161][gc,start    ] GC(53) Pause Young (Normal) (G1 Evacuation Pause)
[2022-05-09T02:45:49.843+0000][161][gc,task     ] GC(53) Using 5 workers of 5 for evacuation
[2022-05-09T02:45:49.843+0000][161][gc,age      ] GC(53) Desired survivor size 14680064 bytes, new threshold 15 (max threshold 15)
[2022-05-09T02:45:49.847+0000][161][gc,age      ] GC(53) Age table with threshold 15 (max threshold 15)
[2022-05-09T02:45:49.847+0000][161][gc,age      ] GC(53) - age   1:   13030576 bytes,   13030576 total
[2022-05-09T02:45:49.848+0000][161][gc,age      ] GC(53) - age   2:      74856 bytes,   13105432 total
[2022-05-09T02:45:49.849+0000][161][gc,phases   ] GC(53)   Pre Evacuate Collection Set: 0.2ms
[2022-05-09T02:45:49.850+0000][161][gc,phases   ] GC(53)   Merge Heap Roots: 0.1ms
[2022-05-09T02:45:49.850+0000][161][gc,phases   ] GC(53)   Evacuate Collection Set: 1.7ms
[2022-05-09T02:45:49.851+0000][161][gc,phases   ] GC(53)   Post Evacuate Collection Set: 0.7ms
[2022-05-09T02:45:49.851+0000][161][gc,phases   ] GC(53)   Other: 4.6ms
[2022-05-09T02:45:49.852+0000][161][gc,heap     ] GC(53) Eden regions: 48->0(45)
[2022-05-09T02:45:49.853+0000][161][gc,heap     ] GC(53) Survivor regions: 1->4(7)
[2022-05-09T02:45:49.853+0000][161][gc,heap     ] GC(53) Old regions: 40->40
[2022-05-09T02:45:49.854+0000][161][gc,heap     ] GC(53) Archive regions: 2->2
[2022-05-09T02:45:49.855+0000][161][gc,heap     ] GC(53) Humongous regions: 8->8
[2022-05-09T02:45:49.856+0000][161][gc,metaspace] GC(53) Metaspace: 105860K(107392K)->105860K(107392K) NonClass: 91415K(92288K)->91415K(92288K) Class: 14444K(15104K)->14444K(15104K)
[2022-05-09T02:45:49.856+0000][161][gc          ] GC(53) Pause Young (Normal) (G1 Evacuation Pause) 385M->206M(512M) 14.648ms
[2022-05-09T02:45:49.857+0000][161][gc,cpu      ] GC(53) User=0.01s Sys=0.00s Real=0.02s
[2022-05-09T02:45:49.858+0000][161][safepoint   ] Safepoint "G1CollectForAllocation", Time since last: 412599875 ns, Reaching safepoint: 198417 ns, At safepoint: 16091333 ns, Total: 16289750 ns
[2022-05-09T02:45:50.859+0000][161][safepoint   ] Safepoint "Cleanup", Time since last: 1001025167 ns, Reaching safepoint: 251792 ns, At safepoint: 4917 ns, Total: 256709 ns
[2022-05-09T02:45:51.861+0000][161][safepoint   ] Safepoint "Cleanup", Time since last: 1002054250 ns, Reaching safepoint: 200792 ns, At safepoint: 6750 ns, Total: 207542 ns
[2022-05-09T02:45:52.542+0000][161][gc,start    ] GC(54) Pause Young (Normal) (G1 Evacuation Pause)
[2022-05-09T02:45:52.543+0000][161][gc,task     ] GC(54) Using 5 workers of 5 for evacuation
[2022-05-09T02:45:52.544+0000][161][gc,age      ] GC(54) Desired survivor size 14680064 bytes, new threshold 15 (max threshold 15)
[2022-05-09T02:45:52.548+0000][161][gc,age      ] GC(54) Age table with threshold 15 (max threshold 15)
[2022-05-09T02:45:52.549+0000][161][gc,age      ] GC(54) - age   1:     540240 bytes,     540240 total
[2022-05-09T02:45:52.550+0000][161][gc,age      ] GC(54) - age   2:   12110584 bytes,   12650824 total
[2022-05-09T02:45:52.551+0000][161][gc,age      ] GC(54) - age   3:      74824 bytes,   12725648 total
[2022-05-09T02:45:52.553+0000][161][gc,phases   ] GC(54)   Pre Evacuate Collection Set: 0.1ms
[2022-05-09T02:45:52.554+0000][161][gc,phases   ] GC(54)   Merge Heap Roots: 0.2ms
[2022-05-09T02:45:52.555+0000][161][gc,phases   ] GC(54)   Evacuate Collection Set: 1.7ms
[2022-05-09T02:45:52.557+0000][161][gc,phases   ] GC(54)   Post Evacuate Collection Set: 1.0ms
[2022-05-09T02:45:52.558+0000][161][gc,phases   ] GC(54)   Other: 7.5ms
[2022-05-09T02:45:52.559+0000][161][gc,heap     ] GC(54) Eden regions: 45->0(46)
[2022-05-09T02:45:52.560+0000][161][gc,heap     ] GC(54) Survivor regions: 4->4(7)
[2022-05-09T02:45:52.560+0000][161][gc,heap     ] GC(54) Old regions: 40->40
[2022-05-09T02:45:52.562+0000][161][gc,heap     ] GC(54) Archive regions: 2->2
[2022-05-09T02:45:52.563+0000][161][gc,heap     ] GC(54) Humongous regions: 8->8
[2022-05-09T02:45:52.563+0000][161][gc,metaspace] GC(54) Metaspace: 105925K(107456K)->105925K(107456K) NonClass: 91481K(92352K)->91481K(92352K) Class: 14444K(15104K)->14444K(15104K)
[2022-05-09T02:45:52.564+0000][161][gc          ] GC(54) Pause Young (Normal) (G1 Evacuation Pause) 386M->206M(512M) 22.291ms
[2022-05-09T02:45:52.565+0000][161][gc,cpu      ] GC(54) User=0.01s Sys=0.00s Real=0.03s
[2022-05-09T02:45:52.566+0000][161][safepoint   ] Safepoint "G1CollectForAllocation", Time since last: 680306875 ns, Reaching safepoint: 392125 ns, At safepoint: 23986667 ns, Total: 24378792 ns
[2022-05-09T02:45:53.567+0000][161][safepoint   ] Safepoint "Cleanup", Time since last: 1000901167 ns, Reaching safepoint: 252875 ns, At safepoint: 25458 ns, Total: 278333 ns
[2022-05-09T02:45:54.068+0000][161][gc,start    ] GC(55) Pause Young (Concurrent Start) (G1 Evacuation Pause)
[2022-05-09T02:45:54.069+0000][161][gc,task     ] GC(55) Using 5 workers of 5 for evacuation
[2022-05-09T02:45:54.069+0000][161][gc,age      ] GC(55) Desired survivor size 14680064 bytes, new threshold 15 (max threshold 15)
[2022-05-09T02:45:54.072+0000][161][gc,age      ] GC(55) Age table with threshold 15 (max threshold 15)
[2022-05-09T02:45:54.073+0000][161][gc,age      ] GC(55) - age   1:     513864 bytes,     513864 total
[2022-05-09T02:45:54.074+0000][161][gc,age      ] GC(55) - age   2:     494496 bytes,    1008360 total
[2022-05-09T02:45:54.075+0000][161][gc,age      ] GC(55) - age   3:   12110584 bytes,   13118944 total
[2022-05-09T02:45:54.076+0000][161][gc,age      ] GC(55) - age   4:      74824 bytes,   13193768 total
[2022-05-09T02:45:54.076+0000][161][gc,phases   ] GC(55)   Pre Evacuate Collection Set: 0.3ms
[2022-05-09T02:45:54.077+0000][161][gc,phases   ] GC(55)   Merge Heap Roots: 0.1ms
[2022-05-09T02:45:54.078+0000][161][gc,phases   ] GC(55)   Evacuate Collection Set: 1.2ms
[2022-05-09T02:45:54.078+0000][161][gc,phases   ] GC(55)   Post Evacuate Collection Set: 1.0ms
[2022-05-09T02:45:54.079+0000][161][gc,phases   ] GC(55)   Other: 5.7ms
[2022-05-09T02:45:54.079+0000][161][gc,heap     ] GC(55) Eden regions: 46->0(48)
[2022-05-09T02:45:54.080+0000][161][gc,heap     ] GC(55) Survivor regions: 4->4(7)
[2022-05-09T02:45:54.080+0000][161][gc,heap     ] GC(55) Old regions: 40->40
[2022-05-09T02:45:54.081+0000][161][gc,heap     ] GC(55) Archive regions: 2->2
[2022-05-09T02:45:54.081+0000][161][gc,heap     ] GC(55) Humongous regions: 8->8
[2022-05-09T02:45:54.082+0000][161][gc,metaspace] GC(55) Metaspace: 105925K(107456K)->105925K(107456K) NonClass: 91481K(92352K)->91481K(92352K) Class: 14444K(15104K)->14444K(15104K)
[2022-05-09T02:45:54.082+0000][161][gc          ] GC(55) Pause Young (Concurrent Start) (G1 Evacuation Pause) 390M->207M(512M) 13.929ms
[2022-05-09T02:45:54.083+0000][161][gc,cpu      ] GC(55) User=0.01s Sys=0.00s Real=0.02s
[2022-05-09T02:45:54.083+0000][161][safepoint   ] Safepoint "G1CollectForAllocation", Time since last: 500895126 ns, Reaching safepoint: 194125 ns, At safepoint: 15271083 ns, Total: 15465208 ns
[2022-05-09T02:45:54.083+0000][161][gc          ] GC(56) Concurrent Mark Cycle
[2022-05-09T02:45:54.084+0000][161][gc,marking  ] GC(56) Concurrent Clear Claimed Marks
[2022-05-09T02:45:54.085+0000][161][gc,marking  ] GC(56) Concurrent Clear Claimed Marks 0.554ms
[2022-05-09T02:45:54.086+0000][161][gc,marking  ] GC(56) Concurrent Scan Root Regions
[2022-05-09T02:45:54.089+0000][161][gc,marking  ] GC(56) Concurrent Scan Root Regions 3.422ms
[2022-05-09T02:45:54.090+0000][161][gc,marking  ] GC(56) Concurrent Mark
[2022-05-09T02:45:54.091+0000][161][gc,marking  ] GC(56) Concurrent Mark From Roots
[2022-05-09T02:45:54.092+0000][161][gc,task     ] GC(56) Using 1 workers of 1 for marking
[2022-05-09T02:45:54.221+0000][161][gc,marking  ] GC(56) Concurrent Mark From Roots 130.623ms
[2022-05-09T02:45:54.222+0000][161][gc,marking  ] GC(56) Concurrent Preclean
[2022-05-09T02:45:54.223+0000][161][gc,marking  ] GC(56) Concurrent Preclean 1.051ms
[2022-05-09T02:45:54.224+0000][161][gc,start    ] GC(56) Pause Remark
[2022-05-09T02:45:54.230+0000][161][gc          ] GC(56) Pause Remark 229M->217M(512M) 5.806ms
[2022-05-09T02:45:54.231+0000][161][gc,cpu      ] GC(56) User=0.02s Sys=0.00s Real=0.00s
[2022-05-09T02:45:54.232+0000][161][safepoint   ] Safepoint "G1Concurrent", Time since last: 140968542 ns, Reaching safepoint: 78125 ns, At safepoint: 7385750 ns, Total: 7463875 ns
[2022-05-09T02:45:54.232+0000][161][gc,marking  ] GC(56) Concurrent Mark 142.461ms
[2022-05-09T02:45:54.233+0000][161][gc,marking  ] GC(56) Concurrent Rebuild Remembered Sets
[2022-05-09T02:45:54.307+0000][161][gc,marking  ] GC(56) Concurrent Rebuild Remembered Sets 73.984ms
[2022-05-09T02:45:54.308+0000][161][gc,start    ] GC(56) Pause Cleanup
[2022-05-09T02:45:54.309+0000][161][gc          ] GC(56) Pause Cleanup 228M->228M(512M) 0.683ms
[2022-05-09T02:45:54.310+0000][161][gc,cpu      ] GC(56) User=0.00s Sys=0.00s Real=0.00s
[2022-05-09T02:45:54.310+0000][161][safepoint   ] Safepoint "G1Concurrent", Time since last: 76310458 ns, Reaching safepoint: 262750 ns, At safepoint: 2120708 ns, Total: 2383458 ns
[2022-05-09T02:45:54.311+0000][161][gc,marking  ] GC(56) Concurrent Cleanup for Next Mark
[2022-05-09T02:45:54.313+0000][161][gc,marking  ] GC(56) Concurrent Cleanup for Next Mark 1.200ms
[2022-05-09T02:45:54.313+0000][161][gc          ] GC(56) Concurrent Mark Cycle 229.862ms
[2022-05-09T02:45:55.312+0000][161][safepoint   ] Safepoint "Cleanup", Time since last: 1001135792 ns, Reaching safepoint: 101917 ns, At safepoint: 4417 ns, Total: 106334 ns
[2022-05-09T02:45:57.317+0000][161][safepoint   ] Safepoint "Cleanup", Time since last: 2004862251 ns, Reaching safepoint: 463500 ns, At safepoint: 25458 ns, Total: 488958 ns
[2022-05-09T02:45:58.325+0000][161][safepoint   ] Safepoint "Cleanup", Time since last: 1007279584 ns, Reaching safepoint: 727000 ns, At safepoint: 31333 ns, Total: 758333 ns
[2022-05-09T02:46:05.354+0000][161][safepoint   ] Safepoint "Cleanup", Time since last: 7028507462 ns, Reaching safepoint: 611125 ns, At safepoint: 16708 ns, Total: 627833 ns
[2022-05-09T02:46:08.373+0000][161][safepoint   ] Safepoint "Cleanup", Time since last: 3018507043 ns, Reaching safepoint: 279542 ns, At safepoint: 12417 ns, Total: 291959 ns
[2022-05-09T02:46:38.480+0000][161][safepoint   ] Safepoint "Cleanup", Time since last: 30104155847 ns, Reaching safepoint: 763750 ns, At safepoint: 15791 ns, Total: 779541 ns
[2022-05-09T02:47:01.566+0000][161][safepoint   ] Safepoint "Cleanup", Time since last: 23087830552 ns, Reaching safepoint: 231167 ns, At safepoint: 9833 ns, Total: 241000 ns
[2022-05-09T02:47:02.574+0000][161][safepoint   ] Safepoint "Cleanup", Time since last: 1007413543 ns, Reaching safepoint: 177041 ns, At safepoint: 4584 ns, Total: 181625 ns
[2022-05-09T02:47:02.918+0000][161][gc,start    ] GC(57) Pause Young (Prepare Mixed) (G1 Evacuation Pause)
[2022-05-09T02:47:02.920+0000][161][gc,task     ] GC(57) Using 5 workers of 5 for evacuation
[2022-05-09T02:47:02.921+0000][161][gc,age      ] GC(57) Desired survivor size 14680064 bytes, new threshold 15 (max threshold 15)
[2022-05-09T02:47:02.925+0000][161][gc,age      ] GC(57) Age table with threshold 15 (max threshold 15)
[2022-05-09T02:47:02.926+0000][161][gc,age      ] GC(57) - age   1:     239592 bytes,     239592 total
[2022-05-09T02:47:02.927+0000][161][gc,age      ] GC(57) - age   2:       2096 bytes,     241688 total
[2022-05-09T02:47:02.928+0000][161][gc,age      ] GC(57) - age   3:     362160 bytes,     603848 total
[2022-05-09T02:47:02.929+0000][161][gc,age      ] GC(57) - age   4:   11951392 bytes,   12555240 total
[2022-05-09T02:47:02.930+0000][161][gc,age      ] GC(57) - age   5:      74712 bytes,   12629952 total
[2022-05-09T02:47:02.931+0000][161][gc,phases   ] GC(57)   Pre Evacuate Collection Set: 0.7ms
[2022-05-09T02:47:02.931+0000][161][gc,phases   ] GC(57)   Merge Heap Roots: 0.2ms
[2022-05-09T02:47:02.932+0000][161][gc,phases   ] GC(57)   Evacuate Collection Set: 1.4ms
[2022-05-09T02:47:02.933+0000][161][gc,phases   ] GC(57)   Post Evacuate Collection Set: 0.8ms
[2022-05-09T02:47:02.934+0000][161][gc,phases   ] GC(57)   Other: 9.1ms
[2022-05-09T02:47:02.935+0000][161][gc,heap     ] GC(57) Eden regions: 48->0(2)
[2022-05-09T02:47:02.936+0000][161][gc,heap     ] GC(57) Survivor regions: 4->4(7)
[2022-05-09T02:47:02.936+0000][161][gc,heap     ] GC(57) Old regions: 38->38
[2022-05-09T02:47:02.937+0000][161][gc,heap     ] GC(57) Archive regions: 2->2
[2022-05-09T02:47:02.938+0000][161][gc,heap     ] GC(57) Humongous regions: 7->7
[2022-05-09T02:47:02.939+0000][161][gc,metaspace] GC(57) Metaspace: 106004K(107520K)->106004K(107520K) NonClass: 91559K(92416K)->91559K(92416K) Class: 14444K(15104K)->14444K(15104K)
[2022-05-09T02:47:02.940+0000][161][gc          ] GC(57) Pause Young (Prepare Mixed) (G1 Evacuation Pause) 387M->193M(512M) 21.822ms
[2022-05-09T02:47:02.941+0000][161][gc,cpu      ] GC(57) User=0.01s Sys=0.00s Real=0.02s
[2022-05-09T02:47:02.943+0000][161][safepoint   ] Safepoint "G1CollectForAllocation", Time since last: 344436958 ns, Reaching safepoint: 91917 ns, At safepoint: 24355041 ns, Total: 24446958 ns
[2022-05-09T02:47:02.997+0000][161][gc,start    ] GC(58) Pause Young (Mixed) (G1 Evacuation Pause)
[2022-05-09T02:47:02.998+0000][161][gc,task     ] GC(58) Using 5 workers of 5 for evacuation
[2022-05-09T02:47:02.999+0000][161][gc,age      ] GC(58) Desired survivor size 2097152 bytes, new threshold 4 (max threshold 15)
[2022-05-09T02:47:03.003+0000][161][gc,age      ] GC(58) Age table with threshold 4 (max threshold 15)
[2022-05-09T02:47:03.005+0000][161][gc,age      ] GC(58) - age   1:     410928 bytes,     410928 total
[2022-05-09T02:47:03.006+0000][161][gc,age      ] GC(58) - age   2:     220296 bytes,     631224 total
[2022-05-09T02:47:03.007+0000][161][gc,age      ] GC(58) - age   3:       2096 bytes,     633320 total
[2022-05-09T02:47:03.008+0000][161][gc,age      ] GC(58) - age   4:     361256 bytes,     994576 total
[2022-05-09T02:47:03.009+0000][161][gc,phases   ] GC(58)   Pre Evacuate Collection Set: 0.1ms
[2022-05-09T02:47:03.010+0000][161][gc,phases   ] GC(58)   Merge Heap Roots: 0.0ms
[2022-05-09T02:47:03.011+0000][161][gc,phases   ] GC(58)   Evacuate Collection Set: 2.1ms
[2022-05-09T02:47:03.011+0000][161][gc,phases   ] GC(58)   Post Evacuate Collection Set: 0.9ms
[2022-05-09T02:47:03.012+0000][161][gc,phases   ] GC(58)   Other: 8.9ms
[2022-05-09T02:47:03.013+0000][161][gc,heap     ] GC(58) Eden regions: 2->0(57)
[2022-05-09T02:47:03.014+0000][161][gc,heap     ] GC(58) Survivor regions: 4->1(1)
[2022-05-09T02:47:03.015+0000][161][gc,heap     ] GC(58) Old regions: 38->35
[2022-05-09T02:47:03.016+0000][161][gc,heap     ] GC(58) Archive regions: 2->2
[2022-05-09T02:47:03.017+0000][161][gc,heap     ] GC(58) Humongous regions: 7->7
[2022-05-09T02:47:03.018+0000][161][gc,metaspace] GC(58) Metaspace: 106004K(107520K)->106004K(107520K) NonClass: 91559K(92416K)->91559K(92416K) Class: 14444K(15104K)->14444K(15104K)
[2022-05-09T02:47:03.018+0000][161][gc          ] GC(58) Pause Young (Mixed) (G1 Evacuation Pause) 201M->169M(512M) 21.276ms
[2022-05-09T02:47:03.019+0000][161][gc,cpu      ] GC(58) User=0.01s Sys=0.00s Real=0.02s
[2022-05-09T02:47:03.020+0000][161][safepoint   ] Safepoint "G1CollectForAllocation", Time since last: 54121042 ns, Reaching safepoint: 165375 ns, At safepoint: 23225667 ns, Total: 23391042 ns
[2022-05-09T02:47:04.022+0000][161][safepoint   ] Safepoint "Cleanup", Time since last: 1001755167 ns, Reaching safepoint: 93167 ns, At safepoint: 3291 ns, Total: 96458 ns
[2022-05-09T02:47:04.649+0000][161][gc,start    ] GC(59) Pause Young (Normal) (G1 Evacuation Pause)
[2022-05-09T02:47:04.650+0000][161][gc,task     ] GC(59) Using 5 workers of 5 for evacuation
[2022-05-09T02:47:04.651+0000][161][gc,age      ] GC(59) Desired survivor size 16777216 bytes, new threshold 15 (max threshold 15)
[2022-05-09T02:47:04.654+0000][161][gc,age      ] GC(59) Age table with threshold 15 (max threshold 15)
[2022-05-09T02:47:04.655+0000][161][gc,age      ] GC(59) - age   1:    9282728 bytes,    9282728 total
[2022-05-09T02:47:04.656+0000][161][gc,age      ] GC(59) - age   2:       8472 bytes,    9291200 total
[2022-05-09T02:47:04.656+0000][161][gc,age      ] GC(59) - age   3:     137584 bytes,    9428784 total
[2022-05-09T02:47:04.657+0000][161][gc,age      ] GC(59) - age   4:       2096 bytes,    9430880 total
[2022-05-09T02:47:04.657+0000][161][gc,age      ] GC(59) - age   5:     348944 bytes,    9779824 total
[2022-05-09T02:47:04.658+0000][161][gc,phases   ] GC(59)   Pre Evacuate Collection Set: 0.1ms
[2022-05-09T02:47:04.659+0000][161][gc,phases   ] GC(59)   Merge Heap Roots: 0.2ms
[2022-05-09T02:47:04.659+0000][161][gc,phases   ] GC(59)   Evacuate Collection Set: 1.3ms
[2022-05-09T02:47:04.660+0000][161][gc,phases   ] GC(59)   Post Evacuate Collection Set: 0.9ms
[2022-05-09T02:47:04.660+0000][161][gc,phases   ] GC(59)   Other: 6.5ms
[2022-05-09T02:47:04.661+0000][161][gc,heap     ] GC(59) Eden regions: 57->0(55)
[2022-05-09T02:47:04.661+0000][161][gc,heap     ] GC(59) Survivor regions: 1->3(8)
[2022-05-09T02:47:04.662+0000][161][gc,heap     ] GC(59) Old regions: 35->35
[2022-05-09T02:47:04.662+0000][161][gc,heap     ] GC(59) Archive regions: 2->2
[2022-05-09T02:47:04.663+0000][161][gc,heap     ] GC(59) Humongous regions: 7->7
[2022-05-09T02:47:04.663+0000][161][gc,metaspace] GC(59) Metaspace: 106039K(107584K)->106039K(107584K) NonClass: 91595K(92480K)->91595K(92480K) Class: 14444K(15104K)->14444K(15104K)
[2022-05-09T02:47:04.664+0000][161][gc          ] GC(59) Pause Young (Normal) (G1 Evacuation Pause) 397M->178M(512M) 14.455ms
[2022-05-09T02:47:04.665+0000][161][gc,cpu      ] GC(59) User=0.01s Sys=0.00s Real=0.02s
[2022-05-09T02:47:04.665+0000][161][safepoint   ] Safepoint "G1CollectForAllocation", Time since last: 627003959 ns, Reaching safepoint: 175375 ns, At safepoint: 16106625 ns, Total: 16282000 ns
[2022-05-09T02:47:05.587+0000][161][gc,start    ] GC(60) Pause Young (Normal) (G1 Evacuation Pause)
[2022-05-09T02:47:05.589+0000][161][gc,task     ] GC(60) Using 5 workers of 5 for evacuation
[2022-05-09T02:47:05.590+0000][161][gc,age      ] GC(60) Desired survivor size 16777216 bytes, new threshold 15 (max threshold 15)
[2022-05-09T02:47:05.594+0000][161][gc,age      ] GC(60) Age table with threshold 15 (max threshold 15)
[2022-05-09T02:47:05.595+0000][161][gc,age      ] GC(60) - age   1:   18227792 bytes,   18227792 total
[2022-05-09T02:47:05.596+0000][161][gc,age      ] GC(60) - age   2:    4817408 bytes,   23045200 total
[2022-05-09T02:47:05.596+0000][161][gc,age      ] GC(60) - age   3:       8472 bytes,   23053672 total
[2022-05-09T02:47:05.597+0000][161][gc,age      ] GC(60) - age   4:     136496 bytes,   23190168 total
[2022-05-09T02:47:05.598+0000][161][gc,age      ] GC(60) - age   5:       2096 bytes,   23192264 total
[2022-05-09T02:47:05.598+0000][161][gc,age      ] GC(60) - age   6:     348944 bytes,   23541208 total
[2022-05-09T02:47:05.599+0000][161][gc,phases   ] GC(60)   Pre Evacuate Collection Set: 0.1ms
[2022-05-09T02:47:05.600+0000][161][gc,phases   ] GC(60)   Merge Heap Roots: 0.2ms
[2022-05-09T02:47:05.600+0000][161][gc,phases   ] GC(60)   Evacuate Collection Set: 1.9ms
[2022-05-09T02:47:05.601+0000][161][gc,phases   ] GC(60)   Post Evacuate Collection Set: 0.8ms
[2022-05-09T02:47:05.602+0000][161][gc,phases   ] GC(60)   Other: 8.3ms
[2022-05-09T02:47:05.602+0000][161][gc,heap     ] GC(60) Eden regions: 55->0(50)
[2022-05-09T02:47:05.603+0000][161][gc,heap     ] GC(60) Survivor regions: 3->6(8)
[2022-05-09T02:47:05.603+0000][161][gc,heap     ] GC(60) Old regions: 35->35
[2022-05-09T02:47:05.604+0000][161][gc,heap     ] GC(60) Archive regions: 2->2
[2022-05-09T02:47:05.605+0000][161][gc,heap     ] GC(60) Humongous regions: 7->7
[2022-05-09T02:47:05.605+0000][161][gc,metaspace] GC(60) Metaspace: 106056K(107584K)->106056K(107584K) NonClass: 91612K(92480K)->91612K(92480K) Class: 14444K(15104K)->14444K(15104K)
[2022-05-09T02:47:05.606+0000][161][gc          ] GC(60) Pause Young (Normal) (G1 Evacuation Pause) 398M->192M(512M) 18.325ms
[2022-05-09T02:47:05.606+0000][161][gc,cpu      ] GC(60) User=0.01s Sys=0.00s Real=0.02s
[2022-05-09T02:47:05.607+0000][161][safepoint   ] Safepoint "G1CollectForAllocation", Time since last: 921888667 ns, Reaching safepoint: 179542 ns, At safepoint: 19396500 ns, Total: 19576042 ns
[2022-05-09T02:47:06.269+0000][161][gc,start    ] GC(61) Pause Young (Concurrent Start) (G1 Evacuation Pause)
[2022-05-09T02:47:06.271+0000][161][gc,task     ] GC(61) Using 5 workers of 5 for evacuation
[2022-05-09T02:47:06.272+0000][161][gc,age      ] GC(61) Desired survivor size 14680064 bytes, new threshold 1 (max threshold 15)
[2022-05-09T02:47:06.275+0000][161][gc,age      ] GC(61) Age table with threshold 1 (max threshold 15)
[2022-05-09T02:47:06.276+0000][161][gc,age      ] GC(61) - age   1:    9186048 bytes,    9186048 total
[2022-05-09T02:47:06.277+0000][161][gc,phases   ] GC(61)   Pre Evacuate Collection Set: 0.2ms
[2022-05-09T02:47:06.278+0000][161][gc,phases   ] GC(61)   Merge Heap Roots: 0.1ms
[2022-05-09T02:47:06.279+0000][161][gc,phases   ] GC(61)   Evacuate Collection Set: 2.1ms
[2022-05-09T02:47:06.280+0000][161][gc,phases   ] GC(61)   Post Evacuate Collection Set: 0.7ms
[2022-05-09T02:47:06.281+0000][161][gc,phases   ] GC(61)   Other: 5.4ms
[2022-05-09T02:47:06.282+0000][161][gc,heap     ] GC(61) Eden regions: 50->0(49)
[2022-05-09T02:47:06.283+0000][161][gc,heap     ] GC(61) Survivor regions: 6->3(7)
[2022-05-09T02:47:06.283+0000][161][gc,heap     ] GC(61) Old regions: 35->39
[2022-05-09T02:47:06.284+0000][161][gc,heap     ] GC(61) Archive regions: 2->2
[2022-05-09T02:47:06.285+0000][161][gc,heap     ] GC(61) Humongous regions: 7->7
[2022-05-09T02:47:06.285+0000][161][gc,metaspace] GC(61) Metaspace: 106070K(107648K)->106070K(107648K) NonClass: 91625K(92544K)->91625K(92544K) Class: 14444K(15104K)->14444K(15104K)
[2022-05-09T02:47:06.286+0000][161][gc          ] GC(61) Pause Young (Concurrent Start) (G1 Evacuation Pause) 392M->196M(512M) 17.580ms
[2022-05-09T02:47:06.287+0000][161][gc,cpu      ] GC(61) User=0.01s Sys=0.00s Real=0.02s
[2022-05-09T02:47:06.288+0000][161][safepoint   ] Safepoint "G1CollectForAllocation", Time since last: 661674458 ns, Reaching safepoint: 186167 ns, At safepoint: 19062167 ns, Total: 19248334 ns
[2022-05-09T02:47:06.288+0000][161][gc          ] GC(62) Concurrent Mark Cycle
[2022-05-09T02:47:06.290+0000][161][gc,marking  ] GC(62) Concurrent Clear Claimed Marks
[2022-05-09T02:47:06.291+0000][161][gc,marking  ] GC(62) Concurrent Clear Claimed Marks 1.219ms
[2022-05-09T02:47:06.291+0000][161][gc,marking  ] GC(62) Concurrent Scan Root Regions
[2022-05-09T02:47:06.295+0000][161][gc,marking  ] GC(62) Concurrent Scan Root Regions 3.327ms
[2022-05-09T02:47:06.296+0000][161][gc,marking  ] GC(62) Concurrent Mark
[2022-05-09T02:47:06.296+0000][161][gc,marking  ] GC(62) Concurrent Mark From Roots
[2022-05-09T02:47:06.297+0000][161][gc,task     ] GC(62) Using 1 workers of 1 for marking
[2022-05-09T02:47:06.367+0000][161][gc,marking  ] GC(62) Concurrent Mark From Roots 70.695ms
[2022-05-09T02:47:06.368+0000][161][gc,marking  ] GC(62) Concurrent Preclean
[2022-05-09T02:47:06.369+0000][161][gc,marking  ] GC(62) Concurrent Preclean 1.044ms
[2022-05-09T02:47:06.370+0000][161][gc,start    ] GC(62) Pause Remark
[2022-05-09T02:47:06.377+0000][161][gc          ] GC(62) Pause Remark 216M->208M(512M) 6.250ms
[2022-05-09T02:47:06.377+0000][161][gc,cpu      ] GC(62) User=0.02s Sys=0.00s Real=0.01s
[2022-05-09T02:47:06.378+0000][161][safepoint   ] Safepoint "G1Concurrent", Time since last: 82324333 ns, Reaching safepoint: 223250 ns, At safepoint: 7803583 ns, Total: 8026833 ns
[2022-05-09T02:47:06.379+0000][161][gc,marking  ] GC(62) Concurrent Mark 83.599ms
[2022-05-09T02:47:06.380+0000][161][gc,marking  ] GC(62) Concurrent Rebuild Remembered Sets
[2022-05-09T02:47:06.426+0000][161][gc,marking  ] GC(62) Concurrent Rebuild Remembered Sets 45.505ms
[2022-05-09T02:47:06.427+0000][161][gc,start    ] GC(62) Pause Cleanup
[2022-05-09T02:47:06.428+0000][161][gc          ] GC(62) Pause Cleanup 225M->225M(512M) 0.848ms
[2022-05-09T02:47:06.429+0000][161][gc,cpu      ] GC(62) User=0.00s Sys=0.00s Real=0.00s
[2022-05-09T02:47:06.429+0000][161][safepoint   ] Safepoint "G1Concurrent", Time since last: 48914917 ns, Reaching safepoint: 286583 ns, At safepoint: 2026750 ns, Total: 2313333 ns
[2022-05-09T02:47:06.431+0000][161][gc,marking  ] GC(62) Concurrent Cleanup for Next Mark
[2022-05-09T02:47:06.432+0000][161][gc,marking  ] GC(62) Concurrent Cleanup for Next Mark 1.314ms
[2022-05-09T02:47:06.433+0000][161][gc          ] GC(62) Concurrent Mark Cycle 145.693ms
[2022-05-09T02:47:07.431+0000][161][safepoint   ] Safepoint "Cleanup", Time since last: 1001703918 ns, Reaching safepoint: 344416 ns, At safepoint: 17959 ns, Total: 362375 ns
[2022-05-09T02:47:07.587+0000][161][gc,start    ] GC(63) Pause Young (Prepare Mixed) (G1 Evacuation Pause)
[2022-05-09T02:47:07.588+0000][161][gc,task     ] GC(63) Using 5 workers of 5 for evacuation
[2022-05-09T02:47:07.589+0000][161][gc,age      ] GC(63) Desired survivor size 14680064 bytes, new threshold 15 (max threshold 15)
[2022-05-09T02:47:07.592+0000][161][gc,age      ] GC(63) Age table with threshold 15 (max threshold 15)
[2022-05-09T02:47:07.594+0000][161][gc,age      ] GC(63) - age   1:   13645512 bytes,   13645512 total
[2022-05-09T02:47:07.594+0000][161][gc,age      ] GC(63) - age   2:    3549496 bytes,   17195008 total
[2022-05-09T02:47:07.595+0000][161][gc,phases   ] GC(63)   Pre Evacuate Collection Set: 0.4ms
[2022-05-09T02:47:07.596+0000][161][gc,phases   ] GC(63)   Merge Heap Roots: 0.1ms
[2022-05-09T02:47:07.596+0000][161][gc,phases   ] GC(63)   Evacuate Collection Set: 1.6ms
[2022-05-09T02:47:07.598+0000][161][gc,phases   ] GC(63)   Post Evacuate Collection Set: 0.8ms
[2022-05-09T02:47:07.598+0000][161][gc,phases   ] GC(63)   Other: 5.1ms
[2022-05-09T02:47:07.599+0000][161][gc,heap     ] GC(63) Eden regions: 49->0(1)
[2022-05-09T02:47:07.600+0000][161][gc,heap     ] GC(63) Survivor regions: 3->5(7)
[2022-05-09T02:47:07.600+0000][161][gc,heap     ] GC(63) Old regions: 38->38
[2022-05-09T02:47:07.601+0000][161][gc,heap     ] GC(63) Archive regions: 2->2
[2022-05-09T02:47:07.602+0000][161][gc,heap     ] GC(63) Humongous regions: 7->7
[2022-05-09T02:47:07.602+0000][161][gc,metaspace] GC(63) Metaspace: 106095K(107648K)->106095K(107648K) NonClass: 91650K(92544K)->91650K(92544K) Class: 14444K(15104K)->14444K(15104K)
[2022-05-09T02:47:07.603+0000][161][gc          ] GC(63) Pause Young (Prepare Mixed) (G1 Evacuation Pause) 388M->200M(512M) 15.608ms
[2022-05-09T02:47:07.604+0000][161][gc,cpu      ] GC(63) User=0.01s Sys=0.00s Real=0.02s
[2022-05-09T02:47:07.604+0000][161][safepoint   ] Safepoint "G1CollectForAllocation", Time since last: 155631041 ns, Reaching safepoint: 333125 ns, At safepoint: 16850167 ns, Total: 17183292 ns
[2022-05-09T02:47:07.625+0000][161][gc,start    ] GC(64) Pause Young (Mixed) (G1 Evacuation Pause)
[2022-05-09T02:47:07.627+0000][161][gc,task     ] GC(64) Using 5 workers of 5 for evacuation
[2022-05-09T02:47:07.628+0000][161][gc,age      ] GC(64) Desired survivor size 2097152 bytes, new threshold 1 (max threshold 15)
[2022-05-09T02:47:07.631+0000][161][gc,age      ] GC(64) Age table with threshold 1 (max threshold 15)
[2022-05-09T02:47:07.631+0000][161][gc,age      ] GC(64) - age   1:     304440 bytes,     304440 total
[2022-05-09T02:47:07.632+0000][161][gc,phases   ] GC(64)   Pre Evacuate Collection Set: 0.0ms
[2022-05-09T02:47:07.633+0000][161][gc,phases   ] GC(64)   Merge Heap Roots: 0.3ms
[2022-05-09T02:47:07.634+0000][161][gc,phases   ] GC(64)   Evacuate Collection Set: 1.7ms
[2022-05-09T02:47:07.634+0000][161][gc,phases   ] GC(64)   Post Evacuate Collection Set: 0.5ms
[2022-05-09T02:47:07.635+0000][161][gc,phases   ] GC(64)   Other: 4.6ms
[2022-05-09T02:47:07.636+0000][161][gc,heap     ] GC(64) Eden regions: 1->0(52)
[2022-05-09T02:47:07.636+0000][161][gc,heap     ] GC(64) Survivor regions: 5->1(1)
[2022-05-09T02:47:07.637+0000][161][gc,heap     ] GC(64) Old regions: 38->37
[2022-05-09T02:47:07.637+0000][161][gc,heap     ] GC(64) Archive regions: 2->2
[2022-05-09T02:47:07.638+0000][161][gc,heap     ] GC(64) Humongous regions: 7->7
[2022-05-09T02:47:07.639+0000][161][gc,metaspace] GC(64) Metaspace: 106095K(107648K)->106095K(107648K) NonClass: 91650K(92544K)->91650K(92544K) Class: 14444K(15104K)->14444K(15104K)
[2022-05-09T02:47:07.639+0000][161][gc          ] GC(64) Pause Young (Mixed) (G1 Evacuation Pause) 204M->177M(512M) 14.192ms
[2022-05-09T02:47:07.640+0000][161][gc,cpu      ] GC(64) User=0.00s Sys=0.01s Real=0.01s
[2022-05-09T02:47:07.641+0000][161][safepoint   ] Safepoint "G1CollectForAllocation", Time since last: 20936750 ns, Reaching safepoint: 87542 ns, At safepoint: 15553958 ns, Total: 15641500 ns
[2022-05-09T02:47:08.642+0000][161][safepoint   ] Safepoint "Cleanup", Time since last: 1001500667 ns, Reaching safepoint: 137750 ns, At safepoint: 3667 ns, Total: 141417 ns
[2022-05-09T02:47:08.815+0000][161][gc,start    ] GC(65) Pause Young (Normal) (G1 Evacuation Pause)
[2022-05-09T02:47:08.815+0000][161][gc,task     ] GC(65) Using 5 workers of 5 for evacuation
[2022-05-09T02:47:08.816+0000][161][gc,age      ] GC(65) Desired survivor size 14680064 bytes, new threshold 15 (max threshold 15)
[2022-05-09T02:47:08.820+0000][161][gc,age      ] GC(65) Age table with threshold 15 (max threshold 15)
[2022-05-09T02:47:08.821+0000][161][gc,age      ] GC(65) - age   1:   17088656 bytes,   17088656 total
[2022-05-09T02:47:08.822+0000][161][gc,age      ] GC(65) - age   2:     167904 bytes,   17256560 total
[2022-05-09T02:47:08.823+0000][161][gc,phases   ] GC(65)   Pre Evacuate Collection Set: 0.1ms
[2022-05-09T02:47:08.824+0000][161][gc,phases   ] GC(65)   Merge Heap Roots: 0.3ms
[2022-05-09T02:47:08.825+0000][161][gc,phases   ] GC(65)   Evacuate Collection Set: 1.7ms
[2022-05-09T02:47:08.825+0000][161][gc,phases   ] GC(65)   Post Evacuate Collection Set: 0.7ms
[2022-05-09T02:47:08.826+0000][161][gc,phases   ] GC(65)   Other: 5.3ms
[2022-05-09T02:47:08.827+0000][161][gc,heap     ] GC(65) Eden regions: 52->0(47)
[2022-05-09T02:47:08.828+0000][161][gc,heap     ] GC(65) Survivor regions: 1->5(7)
[2022-05-09T02:47:08.828+0000][161][gc,heap     ] GC(65) Old regions: 37->37
[2022-05-09T02:47:08.829+0000][161][gc,heap     ] GC(65) Archive regions: 2->2
[2022-05-09T02:47:08.829+0000][161][gc,heap     ] GC(65) Humongous regions: 7->7
[2022-05-09T02:47:08.830+0000][161][gc,metaspace] GC(65) Metaspace: 106106K(107648K)->106106K(107648K) NonClass: 91662K(92544K)->91662K(92544K) Class: 14444K(15104K)->14444K(15104K)
[2022-05-09T02:47:08.831+0000][161][gc          ] GC(65) Pause Young (Normal) (G1 Evacuation Pause) 385M->194M(512M) 15.953ms
[2022-05-09T02:47:08.831+0000][161][gc,cpu      ] GC(65) User=0.00s Sys=0.00s Real=0.01s
[2022-05-09T02:47:08.832+0000][161][safepoint   ] Safepoint "G1CollectForAllocation", Time since last: 171952375 ns, Reaching safepoint: 193417 ns, At safepoint: 17289833 ns, Total: 17483250 ns
[2022-05-09T02:47:09.572+0000][161][gc,start    ] GC(66) Pause Young (Normal) (G1 Evacuation Pause)
[2022-05-09T02:47:09.572+0000][161][gc,task     ] GC(66) Using 5 workers of 5 for evacuation
[2022-05-09T02:47:09.573+0000][161][gc,age      ] GC(66) Desired survivor size 14680064 bytes, new threshold 1 (max threshold 15)
[2022-05-09T02:47:09.577+0000][161][gc,age      ] GC(66) Age table with threshold 1 (max threshold 15)
[2022-05-09T02:47:09.578+0000][161][gc,age      ] GC(66) - age   1:   11310088 bytes,   11310088 total
[2022-05-09T02:47:09.578+0000][161][gc,phases   ] GC(66)   Pre Evacuate Collection Set: 0.2ms
[2022-05-09T02:47:09.579+0000][161][gc,phases   ] GC(66)   Merge Heap Roots: 0.1ms
[2022-05-09T02:47:09.580+0000][161][gc,phases   ] GC(66)   Evacuate Collection Set: 1.4ms
[2022-05-09T02:47:09.581+0000][161][gc,phases   ] GC(66)   Post Evacuate Collection Set: 1.0ms
[2022-05-09T02:47:09.582+0000][161][gc,phases   ] GC(66)   Other: 4.2ms
[2022-05-09T02:47:09.583+0000][161][gc,heap     ] GC(66) Eden regions: 47->0(45)
[2022-05-09T02:47:09.583+0000][161][gc,heap     ] GC(66) Survivor regions: 5->3(7)
[2022-05-09T02:47:09.584+0000][161][gc,heap     ] GC(66) Old regions: 37->41
[2022-05-09T02:47:09.584+0000][161][gc,heap     ] GC(66) Archive regions: 2->2
[2022-05-09T02:47:09.585+0000][161][gc,heap     ] GC(66) Humongous regions: 7->7
[2022-05-09T02:47:09.586+0000][161][gc,metaspace] GC(66) Metaspace: 106113K(107648K)->106113K(107648K) NonClass: 91668K(92544K)->91668K(92544K) Class: 14444K(15104K)->14444K(15104K)
[2022-05-09T02:47:09.586+0000][161][gc          ] GC(66) Pause Young (Normal) (G1 Evacuation Pause) 382M->203M(512M) 14.903ms
[2022-05-09T02:47:09.587+0000][161][gc,cpu      ] GC(66) User=0.01s Sys=0.00s Real=0.02s
[2022-05-09T02:47:09.588+0000][161][safepoint   ] Safepoint "G1CollectForAllocation", Time since last: 739503959 ns, Reaching safepoint: 98875 ns, At safepoint: 16290375 ns, Total: 16389250 ns
[2022-05-09T02:47:10.235+0000][161][gc,start    ] GC(67) Pause Young (Concurrent Start) (G1 Evacuation Pause)
[2022-05-09T02:47:10.236+0000][161][gc,task     ] GC(67) Using 5 workers of 5 for evacuation
[2022-05-09T02:47:10.237+0000][161][gc,age      ] GC(67) Desired survivor size 12582912 bytes, new threshold 15 (max threshold 15)
[2022-05-09T02:47:10.240+0000][161][gc,age      ] GC(67) Age table with threshold 15 (max threshold 15)
[2022-05-09T02:47:10.241+0000][161][gc,age      ] GC(67) - age   1:    9390520 bytes,    9390520 total
[2022-05-09T02:47:10.242+0000][161][gc,age      ] GC(67) - age   2:    6661928 bytes,   16052448 total
[2022-05-09T02:47:10.243+0000][161][gc,phases   ] GC(67)   Pre Evacuate Collection Set: 0.2ms
[2022-05-09T02:47:10.243+0000][161][gc,phases   ] GC(67)   Merge Heap Roots: 0.2ms
[2022-05-09T02:47:10.244+0000][161][gc,phases   ] GC(67)   Evacuate Collection Set: 1.4ms
[2022-05-09T02:47:10.245+0000][161][gc,phases   ] GC(67)   Post Evacuate Collection Set: 0.8ms
[2022-05-09T02:47:10.246+0000][161][gc,phases   ] GC(67)   Other: 4.6ms
[2022-05-09T02:47:10.246+0000][161][gc,heap     ] GC(67) Eden regions: 45->0(44)
[2022-05-09T02:47:10.247+0000][161][gc,heap     ] GC(67) Survivor regions: 3->4(6)
[2022-05-09T02:47:10.247+0000][161][gc,heap     ] GC(67) Old regions: 41->41
[2022-05-09T02:47:10.248+0000][161][gc,heap     ] GC(67) Archive regions: 2->2
[2022-05-09T02:47:10.249+0000][161][gc,heap     ] GC(67) Humongous regions: 7->7
[2022-05-09T02:47:10.249+0000][161][gc,metaspace] GC(67) Metaspace: 106125K(107648K)->106125K(107648K) NonClass: 91681K(92544K)->91681K(92544K) Class: 14444K(15104K)->14444K(15104K)
[2022-05-09T02:47:10.250+0000][161][gc          ] GC(67) Pause Young (Concurrent Start) (G1 Evacuation Pause) 383M->208M(512M) 14.844ms
[2022-05-09T02:47:10.251+0000][161][gc,cpu      ] GC(67) User=0.01s Sys=0.00s Real=0.01s
[2022-05-09T02:47:10.252+0000][161][safepoint   ] Safepoint "G1CollectForAllocation", Time since last: 647524667 ns, Reaching safepoint: 122500 ns, At safepoint: 16344791 ns, Total: 16467291 ns
[2022-05-09T02:47:10.252+0000][161][gc          ] GC(68) Concurrent Mark Cycle
[2022-05-09T02:47:10.253+0000][161][gc,marking  ] GC(68) Concurrent Clear Claimed Marks
[2022-05-09T02:47:10.253+0000][161][gc,marking  ] GC(68) Concurrent Clear Claimed Marks 0.713ms
[2022-05-09T02:47:10.254+0000][161][gc,marking  ] GC(68) Concurrent Scan Root Regions
[2022-05-09T02:47:10.257+0000][161][gc,marking  ] GC(68) Concurrent Scan Root Regions 2.967ms
[2022-05-09T02:47:10.258+0000][161][gc,marking  ] GC(68) Concurrent Mark
[2022-05-09T02:47:10.259+0000][161][gc,marking  ] GC(68) Concurrent Mark From Roots
[2022-05-09T02:47:10.259+0000][161][gc,task     ] GC(68) Using 1 workers of 1 for marking
[2022-05-09T02:47:10.329+0000][161][gc,marking  ] GC(68) Concurrent Mark From Roots 70.094ms
[2022-05-09T02:47:10.330+0000][161][gc,marking  ] GC(68) Concurrent Preclean
[2022-05-09T02:47:10.331+0000][161][gc,marking  ] GC(68) Concurrent Preclean 1.182ms
[2022-05-09T02:47:10.332+0000][161][gc,start    ] GC(68) Pause Remark
[2022-05-09T02:47:10.338+0000][161][gc          ] GC(68) Pause Remark 225M->225M(512M) 5.924ms
[2022-05-09T02:47:10.339+0000][161][gc,cpu      ] GC(68) User=0.02s Sys=0.00s Real=0.01s
[2022-05-09T02:47:10.340+0000][161][safepoint   ] Safepoint "G1Concurrent", Time since last: 80230625 ns, Reaching safepoint: 286042 ns, At safepoint: 8083708 ns, Total: 8369750 ns
[2022-05-09T02:47:10.342+0000][161][gc,marking  ] GC(68) Concurrent Mark 83.632ms
[2022-05-09T02:47:10.343+0000][161][gc,marking  ] GC(68) Concurrent Rebuild Remembered Sets
[2022-05-09T02:47:10.427+0000][161][gc,marking  ] GC(68) Concurrent Rebuild Remembered Sets 84.388ms
[2022-05-09T02:47:10.429+0000][161][gc,start    ] GC(68) Pause Cleanup
[2022-05-09T02:47:10.429+0000][161][gc          ] GC(68) Pause Cleanup 250M->250M(512M) 0.694ms
[2022-05-09T02:47:10.430+0000][161][gc,cpu      ] GC(68) User=0.00s Sys=0.00s Real=0.00s
[2022-05-09T02:47:10.430+0000][161][safepoint   ] Safepoint "G1Concurrent", Time since last: 87931709 ns, Reaching safepoint: 254750 ns, At safepoint: 1885416 ns, Total: 2140166 ns
[2022-05-09T02:47:10.431+0000][161][gc,marking  ] GC(68) Concurrent Cleanup for Next Mark
[2022-05-09T02:47:10.432+0000][161][gc,marking  ] GC(68) Concurrent Cleanup for Next Mark 1.187ms
[2022-05-09T02:47:10.433+0000][161][gc          ] GC(68) Concurrent Mark Cycle 180.915ms
[2022-05-09T02:47:10.888+0000][161][gc,start    ] GC(69) Pause Young (Prepare Mixed) (G1 Evacuation Pause)
[2022-05-09T02:47:10.889+0000][161][gc,task     ] GC(69) Using 5 workers of 5 for evacuation
[2022-05-09T02:47:10.890+0000][161][gc,age      ] GC(69) Desired survivor size 12582912 bytes, new threshold 2 (max threshold 15)
[2022-05-09T02:47:10.893+0000][161][gc,age      ] GC(69) Age table with threshold 2 (max threshold 15)
[2022-05-09T02:47:10.894+0000][161][gc,age      ] GC(69) - age   1:   11053088 bytes,   11053088 total
[2022-05-09T02:47:10.896+0000][161][gc,age      ] GC(69) - age   2:    3203832 bytes,   14256920 total
[2022-05-09T02:47:10.896+0000][161][gc,phases   ] GC(69)   Pre Evacuate Collection Set: 0.2ms
[2022-05-09T02:47:10.897+0000][161][gc,phases   ] GC(69)   Merge Heap Roots: 0.2ms
[2022-05-09T02:47:10.897+0000][161][gc,phases   ] GC(69)   Evacuate Collection Set: 1.6ms
[2022-05-09T02:47:10.898+0000][161][gc,phases   ] GC(69)   Post Evacuate Collection Set: 0.7ms
[2022-05-09T02:47:10.898+0000][161][gc,phases   ] GC(69)   Other: 4.9ms
[2022-05-09T02:47:10.899+0000][161][gc,heap     ] GC(69) Eden regions: 44->0(2)
[2022-05-09T02:47:10.900+0000][161][gc,heap     ] GC(69) Survivor regions: 4->4(6)
[2022-05-09T02:47:10.901+0000][161][gc,heap     ] GC(69) Old regions: 41->42
[2022-05-09T02:47:10.901+0000][161][gc,heap     ] GC(69) Archive regions: 2->2
[2022-05-09T02:47:10.902+0000][161][gc,heap     ] GC(69) Humongous regions: 8->8
[2022-05-09T02:47:10.903+0000][161][gc,metaspace] GC(69) Metaspace: 106128K(107648K)->106128K(107648K) NonClass: 91684K(92544K)->91684K(92544K) Class: 14444K(15104K)->14444K(15104K)
[2022-05-09T02:47:10.904+0000][161][gc          ] GC(69) Pause Young (Prepare Mixed) (G1 Evacuation Pause) 388M->215M(512M) 15.248ms
[2022-05-09T02:47:10.905+0000][161][gc,cpu      ] GC(69) User=0.01s Sys=0.00s Real=0.02s
[2022-05-09T02:47:10.905+0000][161][safepoint   ] Safepoint "G1CollectForAllocation", Time since last: 457865251 ns, Reaching safepoint: 136125 ns, At safepoint: 16660083 ns, Total: 16796208 ns
[2022-05-09T02:47:10.932+0000][161][gc,start    ] GC(70) Pause Young (Mixed) (G1 Evacuation Pause)
[2022-05-09T02:47:10.933+0000][161][gc,task     ] GC(70) Using 5 workers of 5 for evacuation
[2022-05-09T02:47:10.934+0000][161][gc,age      ] GC(70) Desired survivor size 2097152 bytes, new threshold 1 (max threshold 15)
[2022-05-09T02:47:10.937+0000][161][gc,age      ] GC(70) Age table with threshold 1 (max threshold 15)
[2022-05-09T02:47:10.938+0000][161][gc,age      ] GC(70) - age   1:     263008 bytes,     263008 total
[2022-05-09T02:47:10.939+0000][161][gc,phases   ] GC(70)   Pre Evacuate Collection Set: 0.4ms
[2022-05-09T02:47:10.940+0000][161][gc,phases   ] GC(70)   Merge Heap Roots: 0.2ms
[2022-05-09T02:47:10.941+0000][161][gc,phases   ] GC(70)   Evacuate Collection Set: 1.6ms
[2022-05-09T02:47:10.942+0000][161][gc,phases   ] GC(70)   Post Evacuate Collection Set: 0.7ms
[2022-05-09T02:47:10.942+0000][161][gc,phases   ] GC(70)   Other: 3.7ms
[2022-05-09T02:47:10.943+0000][161][gc,heap     ] GC(70) Eden regions: 2->0(47)
[2022-05-09T02:47:10.943+0000][161][gc,heap     ] GC(70) Survivor regions: 4->1(1)
[2022-05-09T02:47:10.944+0000][161][gc,heap     ] GC(70) Old regions: 42->39
[2022-05-09T02:47:10.945+0000][161][gc,heap     ] GC(70) Archive regions: 2->2
[2022-05-09T02:47:10.945+0000][161][gc,heap     ] GC(70) Humongous regions: 8->8
[2022-05-09T02:47:10.946+0000][161][gc,metaspace] GC(70) Metaspace: 106128K(107648K)->106128K(107648K) NonClass: 91684K(92544K)->91684K(92544K) Class: 14444K(15104K)->14444K(15104K)
[2022-05-09T02:47:10.947+0000][161][gc          ] GC(70) Pause Young (Mixed) (G1 Evacuation Pause) 223M->189M(512M) 14.517ms
[2022-05-09T02:47:10.948+0000][161][gc,cpu      ] GC(70) User=0.02s Sys=0.00s Real=0.02s
[2022-05-09T02:47:10.949+0000][161][safepoint   ] Safepoint "G1CollectForAllocation", Time since last: 27094750 ns, Reaching safepoint: 209958 ns, At safepoint: 16410917 ns, Total: 16620875 ns
[2022-05-09T02:47:11.874+0000][161][gc,start    ] GC(71) Pause Young (Normal) (G1 Evacuation Pause)
[2022-05-09T02:47:11.875+0000][161][gc,task     ] GC(71) Using 5 workers of 5 for evacuation
[2022-05-09T02:47:11.875+0000][161][gc,age      ] GC(71) Desired survivor size 12582912 bytes, new threshold 15 (max threshold 15)
[2022-05-09T02:47:11.878+0000][161][gc,age      ] GC(71) Age table with threshold 15 (max threshold 15)
[2022-05-09T02:47:11.879+0000][161][gc,age      ] GC(71) - age   1:   12503048 bytes,   12503048 total
[2022-05-09T02:47:11.880+0000][161][gc,age      ] GC(71) - age   2:     185328 bytes,   12688376 total
[2022-05-09T02:47:11.881+0000][161][gc,phases   ] GC(71)   Pre Evacuate Collection Set: 0.1ms
[2022-05-09T02:47:11.882+0000][161][gc,phases   ] GC(71)   Merge Heap Roots: 0.2ms
[2022-05-09T02:47:11.882+0000][161][gc,phases   ] GC(71)   Evacuate Collection Set: 1.3ms
[2022-05-09T02:47:11.883+0000][161][gc,phases   ] GC(71)   Post Evacuate Collection Set: 0.7ms
[2022-05-09T02:47:11.884+0000][161][gc,phases   ] GC(71)   Other: 4.7ms
[2022-05-09T02:47:11.884+0000][161][gc,heap     ] GC(71) Eden regions: 47->0(45)
[2022-05-09T02:47:11.885+0000][161][gc,heap     ] GC(71) Survivor regions: 1->4(6)
[2022-05-09T02:47:11.886+0000][161][gc,heap     ] GC(71) Old regions: 39->39
[2022-05-09T02:47:11.887+0000][161][gc,heap     ] GC(71) Archive regions: 2->2
[2022-05-09T02:47:11.887+0000][161][gc,heap     ] GC(71) Humongous regions: 8->8
[2022-05-09T02:47:11.888+0000][161][gc,metaspace] GC(71) Metaspace: 106135K(107712K)->106135K(107712K) NonClass: 91691K(92608K)->91691K(92608K) Class: 14444K(15104K)->14444K(15104K)
[2022-05-09T02:47:11.888+0000][161][gc          ] GC(71) Pause Young (Normal) (G1 Evacuation Pause) 377M->201M(512M) 14.288ms
[2022-05-09T02:47:11.889+0000][161][gc,cpu      ] GC(71) User=0.01s Sys=0.00s Real=0.01s
[2022-05-09T02:47:11.890+0000][161][safepoint   ] Safepoint "G1CollectForAllocation", Time since last: 924873750 ns, Reaching safepoint: 252417 ns, At safepoint: 15710000 ns, Total: 15962417 ns
[2022-05-09T02:47:12.798+0000][161][gc,start    ] GC(72) Pause Young (Normal) (G1 Evacuation Pause)
[2022-05-09T02:47:12.799+0000][161][gc,task     ] GC(72) Using 5 workers of 5 for evacuation
[2022-05-09T02:47:12.800+0000][161][gc,age      ] GC(72) Desired survivor size 14680064 bytes, new threshold 15 (max threshold 15)
[2022-05-09T02:47:12.803+0000][161][gc,age      ] GC(72) Age table with threshold 15 (max threshold 15)
[2022-05-09T02:47:12.804+0000][161][gc,age      ] GC(72) - age   1:    8982480 bytes,    8982480 total
[2022-05-09T02:47:12.805+0000][161][gc,age      ] GC(72) - age   2:    4073376 bytes,   13055856 total
[2022-05-09T02:47:12.806+0000][161][gc,age      ] GC(72) - age   3:     185328 bytes,   13241184 total
[2022-05-09T02:47:12.807+0000][161][gc,phases   ] GC(72)   Pre Evacuate Collection Set: 0.1ms
[2022-05-09T02:47:12.808+0000][161][gc,phases   ] GC(72)   Merge Heap Roots: 0.1ms
[2022-05-09T02:47:12.809+0000][161][gc,phases   ] GC(72)   Evacuate Collection Set: 1.3ms
[2022-05-09T02:47:12.809+0000][161][gc,phases   ] GC(72)   Post Evacuate Collection Set: 0.7ms
[2022-05-09T02:47:12.810+0000][161][gc,phases   ] GC(72)   Other: 7.3ms
[2022-05-09T02:47:12.811+0000][161][gc,heap     ] GC(72) Eden regions: 45->0(44)
[2022-05-09T02:47:12.812+0000][161][gc,heap     ] GC(72) Survivor regions: 4->4(7)
[2022-05-09T02:47:12.812+0000][161][gc,heap     ] GC(72) Old regions: 39->39
[2022-05-09T02:47:12.813+0000][161][gc,heap     ] GC(72) Archive regions: 2->2
[2022-05-09T02:47:12.813+0000][161][gc,heap     ] GC(72) Humongous regions: 8->8
[2022-05-09T02:47:12.814+0000][161][gc,metaspace] GC(72) Metaspace: 106156K(107712K)->106156K(107712K) NonClass: 91712K(92608K)->91712K(92608K) Class: 14444K(15104K)->14444K(15104K)
[2022-05-09T02:47:12.814+0000][161][gc          ] GC(72) Pause Young (Normal) (G1 Evacuation Pause) 381M->202M(512M) 16.716ms
[2022-05-09T02:47:12.815+0000][161][gc,cpu      ] GC(72) User=0.01s Sys=0.00s Real=0.02s
[2022-05-09T02:47:12.816+0000][161][safepoint   ] Safepoint "G1CollectForAllocation", Time since last: 907586500 ns, Reaching safepoint: 414125 ns, At safepoint: 18398750 ns, Total: 18812875 ns
[2022-05-09T02:47:13.819+0000][161][safepoint   ] Safepoint "Cleanup", Time since last: 1002934709 ns, Reaching safepoint: 474084 ns, At safepoint: 5625 ns, Total: 479709 ns
[2022-05-09T02:47:14.821+0000][161][safepoint   ] Safepoint "Cleanup", Time since last: 1001001625 ns, Reaching safepoint: 47042 ns, At safepoint: 9916 ns, Total: 56958 ns
[2022-05-09T02:47:14.854+0000][161][gc,start    ] GC(73) Pause Young (Concurrent Start) (G1 Evacuation Pause)
[2022-05-09T02:47:14.857+0000][161][gc,task     ] GC(73) Using 5 workers of 5 for evacuation
[2022-05-09T02:47:14.858+0000][161][gc,age      ] GC(73) Desired survivor size 12582912 bytes, new threshold 2 (max threshold 15)
[2022-05-09T02:47:14.861+0000][161][gc,age      ] GC(73) Age table with threshold 2 (max threshold 15)
[2022-05-09T02:47:14.862+0000][161][gc,age      ] GC(73) - age   1:    1429248 bytes,    1429248 total
[2022-05-09T02:47:14.863+0000][161][gc,age      ] GC(73) - age   2:    8498320 bytes,    9927568 total
[2022-05-09T02:47:14.864+0000][161][gc,phases   ] GC(73)   Pre Evacuate Collection Set: 0.2ms
[2022-05-09T02:47:14.865+0000][161][gc,phases   ] GC(73)   Merge Heap Roots: 0.2ms
[2022-05-09T02:47:14.865+0000][161][gc,phases   ] GC(73)   Evacuate Collection Set: 1.8ms
[2022-05-09T02:47:14.866+0000][161][gc,phases   ] GC(73)   Post Evacuate Collection Set: 0.7ms
[2022-05-09T02:47:14.867+0000][161][gc,phases   ] GC(73)   Other: 6.8ms
[2022-05-09T02:47:14.868+0000][161][gc,heap     ] GC(73) Eden regions: 44->0(46)
[2022-05-09T02:47:14.868+0000][161][gc,heap     ] GC(73) Survivor regions: 4->3(6)
[2022-05-09T02:47:14.869+0000][161][gc,heap     ] GC(73) Old regions: 39->40
[2022-05-09T02:47:14.870+0000][161][gc,heap     ] GC(73) Archive regions: 2->2
[2022-05-09T02:47:14.870+0000][161][gc,heap     ] GC(73) Humongous regions: 8->8
[2022-05-09T02:47:14.871+0000][161][gc,metaspace] GC(73) Metaspace: 106245K(107776K)->106245K(107776K) NonClass: 91789K(92672K)->91789K(92672K) Class: 14455K(15104K)->14455K(15104K)
[2022-05-09T02:47:14.872+0000][161][gc          ] GC(73) Pause Young (Concurrent Start) (G1 Evacuation Pause) 378M->202M(512M) 17.143ms
[2022-05-09T02:47:14.872+0000][161][gc,cpu      ] GC(73) User=0.01s Sys=0.00s Real=0.01s
[2022-05-09T02:47:14.873+0000][161][safepoint   ] Safepoint "G1CollectForAllocation", Time since last: 33630125 ns, Reaching safepoint: 171500 ns, At safepoint: 18757667 ns, Total: 18929167 ns
[2022-05-09T02:47:14.873+0000][161][gc          ] GC(74) Concurrent Mark Cycle
[2022-05-09T02:47:14.874+0000][161][gc,marking  ] GC(74) Concurrent Clear Claimed Marks
[2022-05-09T02:47:14.875+0000][161][gc,marking  ] GC(74) Concurrent Clear Claimed Marks 0.482ms
[2022-05-09T02:47:14.875+0000][161][gc,marking  ] GC(74) Concurrent Scan Root Regions
[2022-05-09T02:47:14.877+0000][161][gc,marking  ] GC(74) Concurrent Scan Root Regions 2.219ms
[2022-05-09T02:47:14.878+0000][161][gc,marking  ] GC(74) Concurrent Mark
[2022-05-09T02:47:14.879+0000][161][gc,marking  ] GC(74) Concurrent Mark From Roots
[2022-05-09T02:47:14.880+0000][161][gc,task     ] GC(74) Using 1 workers of 1 for marking
[2022-05-09T02:47:14.949+0000][161][gc,marking  ] GC(74) Concurrent Mark From Roots 70.213ms
[2022-05-09T02:47:14.950+0000][161][gc,marking  ] GC(74) Concurrent Preclean
[2022-05-09T02:47:14.951+0000][161][gc,marking  ] GC(74) Concurrent Preclean 0.973ms
[2022-05-09T02:47:14.953+0000][161][gc,start    ] GC(74) Pause Remark
[2022-05-09T02:47:14.962+0000][161][gc          ] GC(74) Pause Remark 217M->213M(512M) 9.316ms
[2022-05-09T02:47:14.963+0000][161][gc,cpu      ] GC(74) User=0.01s Sys=0.00s Real=0.02s
[2022-05-09T02:47:14.964+0000][161][safepoint   ] Safepoint "G1Concurrent", Time since last: 79573125 ns, Reaching safepoint: 161792 ns, At safepoint: 11263250 ns, Total: 11425042 ns
[2022-05-09T02:47:14.965+0000][161][gc,marking  ] GC(74) Concurrent Mark 86.776ms
[2022-05-09T02:47:14.965+0000][161][gc,marking  ] GC(74) Concurrent Rebuild Remembered Sets
[2022-05-09T02:47:15.013+0000][161][gc,marking  ] GC(74) Concurrent Rebuild Remembered Sets 47.506ms
[2022-05-09T02:47:15.014+0000][161][gc,start    ] GC(74) Pause Cleanup
[2022-05-09T02:47:15.015+0000][161][gc          ] GC(74) Pause Cleanup 213M->213M(512M) 0.958ms
[2022-05-09T02:47:15.016+0000][161][gc,cpu      ] GC(74) User=0.00s Sys=0.00s Real=0.00s
[2022-05-09T02:47:15.017+0000][161][safepoint   ] Safepoint "G1Concurrent", Time since last: 50183708 ns, Reaching safepoint: 122250 ns, At safepoint: 2893667 ns, Total: 3015917 ns
[2022-05-09T02:47:15.019+0000][161][gc,marking  ] GC(74) Concurrent Cleanup for Next Mark
[2022-05-09T02:47:15.021+0000][161][gc,marking  ] GC(74) Concurrent Cleanup for Next Mark 2.532ms
[2022-05-09T02:47:15.022+0000][161][gc          ] GC(74) Concurrent Mark Cycle 149.238ms
[2022-05-09T02:47:15.895+0000][161][safepoint   ] Safepoint "ICBufferFull", Time since last: 877227874 ns, Reaching safepoint: 315917 ns, At safepoint: 19500 ns, Total: 335417 ns
[2022-05-09T02:47:16.323+0000][161][gc,start    ] GC(75) Pause Young (Prepare Mixed) (G1 Evacuation Pause)
[2022-05-09T02:47:16.324+0000][161][gc,task     ] GC(75) Using 5 workers of 5 for evacuation
[2022-05-09T02:47:16.324+0000][161][gc,age      ] GC(75) Desired survivor size 14680064 bytes, new threshold 15 (max threshold 15)
[2022-05-09T02:47:16.328+0000][161][gc,age      ] GC(75) Age table with threshold 15 (max threshold 15)
[2022-05-09T02:47:16.329+0000][161][gc,age      ] GC(75) - age   1:   12547112 bytes,   12547112 total
[2022-05-09T02:47:16.329+0000][161][gc,age      ] GC(75) - age   2:     436840 bytes,   12983952 total
[2022-05-09T02:47:16.330+0000][161][gc,age      ] GC(75) - age   3:    8495752 bytes,   21479704 total
[2022-05-09T02:47:16.331+0000][161][gc,phases   ] GC(75)   Pre Evacuate Collection Set: 0.1ms
[2022-05-09T02:47:16.332+0000][161][gc,phases   ] GC(75)   Merge Heap Roots: 0.0ms
[2022-05-09T02:47:16.332+0000][161][gc,phases   ] GC(75)   Evacuate Collection Set: 2.1ms
[2022-05-09T02:47:16.333+0000][161][gc,phases   ] GC(75)   Post Evacuate Collection Set: 0.8ms
[2022-05-09T02:47:16.333+0000][161][gc,phases   ] GC(75)   Other: 5.3ms
[2022-05-09T02:47:16.334+0000][161][gc,heap     ] GC(75) Eden regions: 46->0(1)
[2022-05-09T02:47:16.335+0000][161][gc,heap     ] GC(75) Survivor regions: 3->6(7)
[2022-05-09T02:47:16.335+0000][161][gc,heap     ] GC(75) Old regions: 40->40
[2022-05-09T02:47:16.336+0000][161][gc,heap     ] GC(75) Archive regions: 2->2
[2022-05-09T02:47:16.336+0000][161][gc,heap     ] GC(75) Humongous regions: 7->7
[2022-05-09T02:47:16.337+0000][161][gc,metaspace] GC(75) Metaspace: 106343K(107840K)->106343K(107840K) NonClass: 91883K(92736K)->91883K(92736K) Class: 14459K(15104K)->14459K(15104K)
[2022-05-09T02:47:16.338+0000][161][gc          ] GC(75) Pause Young (Prepare Mixed) (G1 Evacuation Pause) 382M->211M(512M) 14.980ms
[2022-05-09T02:47:16.339+0000][161][gc,cpu      ] GC(75) User=0.02s Sys=0.00s Real=0.01s
[2022-05-09T02:47:16.339+0000][161][safepoint   ] Safepoint "G1CollectForAllocation", Time since last: 427789209 ns, Reaching safepoint: 237416 ns, At safepoint: 16586125 ns, Total: 16823541 ns
[2022-05-09T02:47:16.357+0000][161][gc,start    ] GC(76) Pause Young (Mixed) (G1 Evacuation Pause)
[2022-05-09T02:47:16.358+0000][161][gc,task     ] GC(76) Using 5 workers of 5 for evacuation
[2022-05-09T02:47:16.359+0000][161][gc,age      ] GC(76) Desired survivor size 2097152 bytes, new threshold 1 (max threshold 15)
[2022-05-09T02:47:16.363+0000][161][gc,age      ] GC(76) Age table with threshold 1 (max threshold 15)
[2022-05-09T02:47:16.364+0000][161][gc,age      ] GC(76) - age   1:     188064 bytes,     188064 total
[2022-05-09T02:47:16.365+0000][161][gc,phases   ] GC(76)   Pre Evacuate Collection Set: 0.1ms
[2022-05-09T02:47:16.366+0000][161][gc,phases   ] GC(76)   Merge Heap Roots: 0.1ms
[2022-05-09T02:47:16.367+0000][161][gc,phases   ] GC(76)   Evacuate Collection Set: 2.4ms
[2022-05-09T02:47:16.367+0000][161][gc,phases   ] GC(76)   Post Evacuate Collection Set: 0.7ms
[2022-05-09T02:47:16.368+0000][161][gc,phases   ] GC(76)   Other: 4.7ms
[2022-05-09T02:47:16.368+0000][161][gc,heap     ] GC(76) Eden regions: 1->0(47)
[2022-05-09T02:47:16.369+0000][161][gc,heap     ] GC(76) Survivor regions: 6->1(1)
[2022-05-09T02:47:16.369+0000][161][gc,heap     ] GC(76) Old regions: 40->41
[2022-05-09T02:47:16.370+0000][161][gc,heap     ] GC(76) Archive regions: 2->2
[2022-05-09T02:47:16.370+0000][161][gc,heap     ] GC(76) Humongous regions: 7->7
[2022-05-09T02:47:16.371+0000][161][gc,metaspace] GC(76) Metaspace: 106343K(107840K)->106343K(107840K) NonClass: 91883K(92736K)->91883K(92736K) Class: 14459K(15104K)->14459K(15104K)
[2022-05-09T02:47:16.372+0000][161][gc          ] GC(76) Pause Young (Mixed) (G1 Evacuation Pause) 215M->195M(512M) 15.139ms
[2022-05-09T02:47:16.373+0000][161][gc,cpu      ] GC(76) User=0.02s Sys=0.01s Real=0.02s
[2022-05-09T02:47:16.373+0000][161][safepoint   ] Safepoint "G1CollectForAllocation", Time since last: 17391084 ns, Reaching safepoint: 32500 ns, At safepoint: 16334625 ns, Total: 16367125 ns
[2022-05-09T02:47:17.374+0000][161][safepoint   ] Safepoint "Cleanup", Time since last: 1000758083 ns, Reaching safepoint: 148334 ns, At safepoint: 10708 ns, Total: 159042 ns
[2022-05-09T02:47:17.567+0000][161][gc,start    ] GC(77) Pause Young (Normal) (G1 Evacuation Pause)
[2022-05-09T02:47:17.567+0000][161][gc,task     ] GC(77) Using 5 workers of 5 for evacuation
[2022-05-09T02:47:17.568+0000][161][gc,age      ] GC(77) Desired survivor size 12582912 bytes, new threshold 15 (max threshold 15)
[2022-05-09T02:47:17.571+0000][161][gc,age      ] GC(77) Age table with threshold 15 (max threshold 15)
[2022-05-09T02:47:17.572+0000][161][gc,age      ] GC(77) - age   1:    4617392 bytes,    4617392 total
[2022-05-09T02:47:17.573+0000][161][gc,age      ] GC(77) - age   2:      93232 bytes,    4710624 total
[2022-05-09T02:47:17.573+0000][161][gc,phases   ] GC(77)   Pre Evacuate Collection Set: 0.1ms
[2022-05-09T02:47:17.574+0000][161][gc,phases   ] GC(77)   Merge Heap Roots: 0.0ms
[2022-05-09T02:47:17.575+0000][161][gc,phases   ] GC(77)   Evacuate Collection Set: 1.2ms
[2022-05-09T02:47:17.575+0000][161][gc,phases   ] GC(77)   Post Evacuate Collection Set: 0.7ms
[2022-05-09T02:47:17.576+0000][161][gc,phases   ] GC(77)   Other: 4.4ms
[2022-05-09T02:47:17.576+0000][161][gc,heap     ] GC(77) Eden regions: 47->0(47)
[2022-05-09T02:47:17.577+0000][161][gc,heap     ] GC(77) Survivor regions: 1->2(6)
[2022-05-09T02:47:17.578+0000][161][gc,heap     ] GC(77) Old regions: 41->41
[2022-05-09T02:47:17.578+0000][161][gc,heap     ] GC(77) Archive regions: 2->2
[2022-05-09T02:47:17.579+0000][161][gc,heap     ] GC(77) Humongous regions: 7->7
[2022-05-09T02:47:17.579+0000][161][gc,metaspace] GC(77) Metaspace: 106411K(107904K)->106411K(107904K) NonClass: 91951K(92800K)->91951K(92800K) Class: 14459K(15104K)->14459K(15104K)
[2022-05-09T02:47:17.580+0000][161][gc          ] GC(77) Pause Young (Normal) (G1 Evacuation Pause) 383M->200M(512M) 12.802ms
[2022-05-09T02:47:17.580+0000][161][gc,cpu      ] GC(77) User=0.01s Sys=0.01s Real=0.01s
[2022-05-09T02:47:17.581+0000][161][safepoint   ] Safepoint "G1CollectForAllocation", Time since last: 192853083 ns, Reaching safepoint: 96000 ns, At safepoint: 14092959 ns, Total: 14188959 ns
[2022-05-09T02:47:18.582+0000][161][safepoint   ] Safepoint "Cleanup", Time since last: 1000780042 ns, Reaching safepoint: 52417 ns, At safepoint: 3958 ns, Total: 56375 ns
[2022-05-09T02:47:19.583+0000][161][safepoint   ] Safepoint "Cleanup", Time since last: 1001391625 ns, Reaching safepoint: 112084 ns, At safepoint: 4541 ns, Total: 116625 ns
[2022-05-09T02:47:21.590+0000][161][safepoint   ] Safepoint "Cleanup", Time since last: 2006745960 ns, Reaching safepoint: 281833 ns, At safepoint: 8458 ns, Total: 290291 ns
[2022-05-09T02:47:37.637+0000][161][safepoint   ] Safepoint "Cleanup", Time since last: 16045940258 ns, Reaching safepoint: 196875 ns, At safepoint: 32042 ns, Total: 228917 ns
[2022-05-09T02:47:41.662+0000][161][safepoint   ] Safepoint "Cleanup", Time since last: 4025607627 ns, Reaching safepoint: 170958 ns, At safepoint: 10208 ns, Total: 181166 ns
[2022-05-09T02:48:06.751+0000][161][safepoint   ] Safepoint "Cleanup", Time since last: 25087956970 ns, Reaching safepoint: 210208 ns, At safepoint: 43917 ns, Total: 254125 ns
[2022-05-09T02:48:12.764+0000][161][safepoint   ] Safepoint "Cleanup", Time since last: 6013055419 ns, Reaching safepoint: 350292 ns, At safepoint: 8750 ns, Total: 359042 ns
[2022-05-09T02:48:35.821+0000][161][safepoint   ] Safepoint "Cleanup", Time since last: 23056730927 ns, Reaching safepoint: 170583 ns, At safepoint: 150792 ns, Total: 321375 ns
[2022-05-09T02:48:37.830+0000][161][safepoint   ] Safepoint "Cleanup", Time since last: 2008644251 ns, Reaching safepoint: 179125 ns, At safepoint: 9500 ns, Total: 188625 ns
[2022-05-09T02:48:49.855+0000][161][safepoint   ] Safepoint "Cleanup", Time since last: 12021728589 ns, Reaching safepoint: 359000 ns, At safepoint: 44666 ns, Total: 403666 ns
[2022-05-09T02:48:57.870+0000][161][safepoint   ] Safepoint "Cleanup", Time since last: 8014674462 ns, Reaching safepoint: 694375 ns, At safepoint: 13959 ns, Total: 708334 ns
[2022-05-09T02:49:07.901+0000][161][safepoint   ] Safepoint "Cleanup", Time since last: 10030132213 ns, Reaching safepoint: 476541 ns, At safepoint: 18417 ns, Total: 494958 ns
[2022-05-09T02:49:22.941+0000][161][safepoint   ] Safepoint "Cleanup", Time since last: 15040300924 ns, Reaching safepoint: 2323958 ns, At safepoint: 17792 ns, Total: 2341750 ns
[2022-05-09T02:49:37.989+0000][161][safepoint   ] Safepoint "Cleanup", Time since last: 15048326882 ns, Reaching safepoint: 431750 ns, At safepoint: 15708 ns, Total: 447458 ns
[2022-05-09T02:49:43.002+0000][161][safepoint   ] Safepoint "Cleanup", Time since last: 5011993294 ns, Reaching safepoint: 652167 ns, At safepoint: 30667 ns, Total: 682834 ns
[2022-05-09T02:49:52.030+0000][161][safepoint   ] Safepoint "Cleanup", Time since last: 9025776545 ns, Reaching safepoint: 1248500 ns, At safepoint: 19375 ns, Total: 1267875 ns
[2022-05-09T02:50:09.965+0000][161][gc,start    ] GC(78) Pause Young (Normal) (G1 Evacuation Pause)
[2022-05-09T02:50:09.966+0000][161][gc,task     ] GC(78) Using 5 workers of 5 for evacuation
[2022-05-09T02:50:09.966+0000][161][gc,age      ] GC(78) Desired survivor size 14680064 bytes, new threshold 15 (max threshold 15)
[2022-05-09T02:50:09.970+0000][161][gc,age      ] GC(78) Age table with threshold 15 (max threshold 15)
[2022-05-09T02:50:09.970+0000][161][gc,age      ] GC(78) - age   1:     890832 bytes,     890832 total
[2022-05-09T02:50:09.971+0000][161][gc,age      ] GC(78) - age   2:    4545536 bytes,    5436368 total
[2022-05-09T02:50:09.972+0000][161][gc,age      ] GC(78) - age   3:      93232 bytes,    5529600 total
[2022-05-09T02:50:09.972+0000][161][gc,phases   ] GC(78)   Pre Evacuate Collection Set: 0.1ms
[2022-05-09T02:50:09.973+0000][161][gc,phases   ] GC(78)   Merge Heap Roots: 0.1ms
[2022-05-09T02:50:09.973+0000][161][gc,phases   ] GC(78)   Evacuate Collection Set: 1.5ms
[2022-05-09T02:50:09.974+0000][161][gc,phases   ] GC(78)   Post Evacuate Collection Set: 0.7ms
[2022-05-09T02:50:09.974+0000][161][gc,phases   ] GC(78)   Other: 5.1ms
[2022-05-09T02:50:09.975+0000][161][gc,heap     ] GC(78) Eden regions: 47->0(49)
[2022-05-09T02:50:09.976+0000][161][gc,heap     ] GC(78) Survivor regions: 2->2(7)
[2022-05-09T02:50:09.976+0000][161][gc,heap     ] GC(78) Old regions: 41->41
[2022-05-09T02:50:09.977+0000][161][gc,heap     ] GC(78) Archive regions: 2->2
[2022-05-09T02:50:09.977+0000][161][gc,heap     ] GC(78) Humongous regions: 7->7
[2022-05-09T02:50:09.978+0000][161][gc,metaspace] GC(78) Metaspace: 107004K(108544K)->107004K(108544K) NonClass: 92474K(93376K)->92474K(93376K) Class: 14529K(15168K)->14529K(15168K)
[2022-05-09T02:50:09.978+0000][161][gc          ] GC(78) Pause Young (Normal) (G1 Evacuation Pause) 388M->200M(512M) 13.540ms
[2022-05-09T02:50:09.979+0000][161][gc,cpu      ] GC(78) User=0.01s Sys=0.00s Real=0.01s
[2022-05-09T02:50:09.979+0000][161][safepoint   ] Safepoint "G1CollectForAllocation", Time since last: 17935164342 ns, Reaching safepoint: 111750 ns, At safepoint: 14622708 ns, Total: 14734458 ns
[2022-05-09T02:50:10.984+0000][161][safepoint   ] Safepoint "Cleanup", Time since last: 1003332543 ns, Reaching safepoint: 834000 ns, At safepoint: 12416 ns, Total: 846416 ns
[2022-05-09T02:50:35.064+0000][161][safepoint   ] Safepoint "Cleanup", Time since last: 24064840677 ns, Reaching safepoint: 15675709 ns, At safepoint: 68416 ns, Total: 15744125 ns
[2022-05-09T02:51:33.181+0000][161][safepoint   ] Safepoint "Cleanup", Time since last: 58114520111 ns, Reaching safepoint: 138916 ns, At safepoint: 6500 ns, Total: 145416 ns
[2022-05-09T02:51:34.197+0000][161][safepoint   ] Safepoint "Cleanup", Time since last: 1015369459 ns, Reaching safepoint: 351417 ns, At safepoint: 8083 ns, Total: 359500 ns
[2022-05-09T02:52:15.304+0000][161][safepoint   ] Safepoint "Cleanup", Time since last: 41109106060 ns, Reaching safepoint: 395250 ns, At safepoint: 12167 ns, Total: 407417 ns
[2022-05-09T02:52:16.310+0000][161][safepoint   ] Safepoint "Cleanup", Time since last: 1005619083 ns, Reaching safepoint: 274833 ns, At safepoint: 19458 ns, Total: 294291 ns
[2022-05-09T02:52:33.373+0000][161][safepoint   ] Safepoint "Cleanup", Time since last: 17061298467 ns, Reaching safepoint: 1211958 ns, At safepoint: 68542 ns, Total: 1280500 ns
[2022-05-09T02:52:39.394+0000][161][safepoint   ] Safepoint "Cleanup", Time since last: 6019724628 ns, Reaching safepoint: 941875 ns, At safepoint: 42000 ns, Total: 983875 ns
[2022-05-09T02:53:07.451+0000][161][safepoint   ] Safepoint "Cleanup", Time since last: 28056160971 ns, Reaching safepoint: 1114958 ns, At safepoint: 19584 ns, Total: 1134542 ns
[2022-05-09T02:53:38.542+0000][161][safepoint   ] Safepoint "Cleanup", Time since last: 31088745305 ns, Reaching safepoint: 305042 ns, At safepoint: 13583 ns, Total: 318625 ns
[2022-05-09T02:54:09.636+0000][161][safepoint   ] Safepoint "Cleanup", Time since last: 31094704473 ns, Reaching safepoint: 787000 ns, At safepoint: 72291 ns, Total: 859291 ns
[2022-05-09T02:54:38.714+0000][161][safepoint   ] Safepoint "Cleanup", Time since last: 29077448639 ns, Reaching safepoint: 324916 ns, At safepoint: 13250 ns, Total: 338166 ns
[2022-05-09T02:55:08.768+0000][161][safepoint   ] Safepoint "Cleanup", Time since last: 30055996930 ns, Reaching safepoint: 392625 ns, At safepoint: 9125 ns, Total: 401750 ns
[2022-05-09T02:55:30.814+0000][161][safepoint   ] Safepoint "Cleanup", Time since last: 22041364552 ns, Reaching safepoint: 2017208 ns, At safepoint: 12083 ns, Total: 2029291 ns
[2022-05-09T02:55:38.836+0000][161][safepoint   ] Safepoint "Cleanup", Time since last: 8021780921 ns, Reaching safepoint: 577208 ns, At safepoint: 10750 ns, Total: 587958 ns
[2022-05-09T02:56:20.950+0000][161][safepoint   ] Safepoint "Cleanup", Time since last: 42113127436 ns, Reaching safepoint: 270792 ns, At safepoint: 9083 ns, Total: 279875 ns
[2022-05-09T02:57:09.081+0000][161][safepoint   ] Safepoint "Cleanup", Time since last: 48130540148 ns, Reaching safepoint: 310958 ns, At safepoint: 17250 ns, Total: 328208 ns
[2022-05-09T02:57:40.164+0000][161][safepoint   ] Safepoint "Cleanup", Time since last: 31082832472 ns, Reaching safepoint: 288458 ns, At safepoint: 12542 ns, Total: 301000 ns
[2022-05-09T03:00:50.655+0000][161][safepoint   ] Safepoint "Cleanup", Time since last: 190489712046 ns, Reaching safepoint: 445875 ns, At safepoint: 23791 ns, Total: 469666 ns
[2022-05-09T03:01:17.714+0000][161][safepoint   ] Safepoint "Cleanup", Time since last: 27058434513 ns, Reaching safepoint: 297625 ns, At safepoint: 12667 ns, Total: 310292 ns
[2022-05-09T03:01:38.776+0000][161][safepoint   ] Safepoint "Cleanup", Time since last: 21061522260 ns, Reaching safepoint: 959541 ns, At safepoint: 17167 ns, Total: 976708 ns
[2022-05-09T03:03:06.985+0000][161][safepoint   ] Safepoint "Cleanup", Time since last: 88207582207 ns, Reaching safepoint: 1119584 ns, At safepoint: 13250 ns, Total: 1132834 ns
[2022-05-09T03:03:23.016+0000][161][safepoint   ] Safepoint "Cleanup", Time since last: 16031055799 ns, Reaching safepoint: 796791 ns, At safepoint: 13417 ns, Total: 810208 ns
[2022-05-09T03:03:24.034+0000][161][safepoint   ] Safepoint "Cleanup", Time since last: 1016714917 ns, Reaching safepoint: 1091333 ns, At safepoint: 19250 ns, Total: 1110583 ns
[2022-05-09T03:03:46.070+0000][161][safepoint   ] Safepoint "Cleanup", Time since last: 22035898636 ns, Reaching safepoint: 309583 ns, At safepoint: 9500 ns, Total: 319083 ns
[2022-05-09T03:03:54.105+0000][161][safepoint   ] Safepoint "Cleanup", Time since last: 8032650462 ns, Reaching safepoint: 1727167 ns, At safepoint: 66416 ns, Total: 1793583 ns
[2022-05-09T03:05:39.339+0000][161][safepoint   ] Safepoint "Cleanup", Time since last: 105273079424 ns, Reaching safepoint: 926750 ns, At safepoint: 14416 ns, Total: 941166 ns
[2022-05-09T03:07:37.643+0000][161][safepoint   ] Safepoint "Cleanup", Time since last: 118304940763 ns, Reaching safepoint: 641917 ns, At safepoint: 18250 ns, Total: 660167 ns
[2022-05-09T03:08:30.779+0000][161][safepoint   ] Safepoint "Cleanup", Time since last: 53135670981 ns, Reaching safepoint: 1439584 ns, At safepoint: 55875 ns, Total: 1495459 ns
[2022-05-09T03:08:39.736+0000][161][safepoint   ] Safepoint "Cleanup", Time since last: 8956778712 ns, Reaching safepoint: 572792 ns, At safepoint: 18208 ns, Total: 591000 ns
[2022-05-09T03:09:27.853+0000][161][safepoint   ] Safepoint "Cleanup", Time since last: 48116669230 ns, Reaching safepoint: 840125 ns, At safepoint: 21792 ns, Total: 861917 ns
[2022-05-09T03:09:36.882+0000][161][safepoint   ] Safepoint "Cleanup", Time since last: 9027830754 ns, Reaching safepoint: 307750 ns, At safepoint: 399417 ns, Total: 707167 ns
[2022-05-09T03:09:38.891+0000][161][safepoint   ] Safepoint "Cleanup", Time since last: 2009075168 ns, Reaching safepoint: 307750 ns, At safepoint: 13208 ns, Total: 320958 ns
[2022-05-09T03:12:39.406+0000][161][safepoint   ] Safepoint "Cleanup", Time since last: 180516042832 ns, Reaching safepoint: 701167 ns, At safepoint: 22000 ns, Total: 723167 ns
[2022-05-09T03:15:10.795+0000][161][safepoint   ] Safepoint "Cleanup", Time since last: 151390324986 ns, Reaching safepoint: 791250 ns, At safepoint: 14458 ns, Total: 805708 ns
[2022-05-09T03:15:40.888+0000][161][safepoint   ] Safepoint "Cleanup", Time since last: 30093301347 ns, Reaching safepoint: 1298750 ns, At safepoint: 35458 ns, Total: 1334208 ns
[2022-05-09T03:16:09.985+0000][161][safepoint   ] Safepoint "Cleanup", Time since last: 29093638139 ns, Reaching safepoint: 804042 ns, At safepoint: 24041 ns, Total: 828083 ns
[2022-05-09T03:16:41.067+0000][161][safepoint   ] Safepoint "Cleanup", Time since last: 31081339556 ns, Reaching safepoint: 1399125 ns, At safepoint: 12292 ns, Total: 1411417 ns
[2022-05-09T03:17:39.236+0000][161][safepoint   ] Safepoint "Cleanup", Time since last: 58170636900 ns, Reaching safepoint: 247625 ns, At safepoint: 7917 ns, Total: 255542 ns
[2022-05-09T03:17:59.286+0000][161][safepoint   ] Safepoint "Cleanup", Time since last: 20049113634 ns, Reaching safepoint: 590584 ns, At safepoint: 19041 ns, Total: 609625 ns
[2022-05-09T03:22:38.048+0000][161][safepoint   ] Safepoint "Cleanup", Time since last: 278763416544 ns, Reaching safepoint: 656125 ns, At safepoint: 20584 ns, Total: 676709 ns
[2022-05-09T03:29:40.127+0000][161][safepoint   ] Safepoint "Cleanup", Time since last: 422087240609 ns, Reaching safepoint: 588042 ns, At safepoint: 8541 ns, Total: 596583 ns
[2022-05-09T03:30:41.311+0000][161][safepoint   ] Safepoint "Cleanup", Time since last: 61175356278 ns, Reaching safepoint: 481875 ns, At safepoint: 11000 ns, Total: 492875 ns
[2022-05-09T03:31:17.398+0000][161][safepoint   ] Safepoint "Cleanup", Time since last: 36099127057 ns, Reaching safepoint: 197000 ns, At safepoint: 5959 ns, Total: 202959 ns
[2022-05-09T03:32:40.698+0000][161][safepoint   ] Safepoint "Cleanup", Time since last: 83291134329 ns, Reaching safepoint: 374167 ns, At safepoint: 12250 ns, Total: 386417 ns
[2022-05-09T03:33:05.826+0000][161][safepoint   ] Safepoint "Cleanup", Time since last: 25128531553 ns, Reaching safepoint: 552875 ns, At safepoint: 240958 ns, Total: 793833 ns
[2022-05-09T03:33:06.836+0000][161][safepoint   ] Safepoint "Cleanup", Time since last: 1009386917 ns, Reaching safepoint: 249084 ns, At safepoint: 10250 ns, Total: 259334 ns
[2022-05-09T03:33:33.949+0000][161][safepoint   ] Safepoint "Cleanup", Time since last: 27119885928 ns, Reaching safepoint: 688792 ns, At safepoint: 10500 ns, Total: 699292 ns
[2022-05-09T03:33:47.001+0000][161][safepoint   ] Safepoint "Cleanup", Time since last: 13045592881 ns, Reaching safepoint: 361667 ns, At safepoint: 14291 ns, Total: 375958 ns
[2022-05-09T04:02:31.915+0000][161][safepoint   ] Safepoint "Cleanup", Time since last: 203723293219 ns, Reaching safepoint: 6210041 ns, At safepoint: 28209 ns, Total: 6238250 ns
[2022-05-09T04:03:01.992+0000][161][safepoint   ] Safepoint "Cleanup", Time since last: 30081041805 ns, Reaching safepoint: 933750 ns, At safepoint: 31750 ns, Total: 965500 ns
[2022-05-09T04:03:25.081+0000][161][safepoint   ] Safepoint "Cleanup", Time since last: 23080006219 ns, Reaching safepoint: 417750 ns, At safepoint: 17708 ns, Total: 435458 ns
[2022-05-09T04:07:01.570+0000][161][safepoint   ] Safepoint "Cleanup", Time since last: 216497771807 ns, Reaching safepoint: 162666 ns, At safepoint: 5750 ns, Total: 168416 ns
[2022-05-09T04:09:00.849+0000][161][safepoint   ] Safepoint "Cleanup", Time since last: 119280669597 ns, Reaching safepoint: 541458 ns, At safepoint: 9958 ns, Total: 551416 ns
[2022-05-09T04:09:04.862+0000][161][safepoint   ] Safepoint "Cleanup", Time since last: 4012491336 ns, Reaching safepoint: 346375 ns, At safepoint: 11750 ns, Total: 358125 ns
[2022-05-09T04:10:33.091+0000][161][safepoint   ] Safepoint "Cleanup", Time since last: 88218772999 ns, Reaching safepoint: 316125 ns, At safepoint: 18916 ns, Total: 335041 ns
[2022-05-09T04:12:29.399+0000][161][safepoint   ] Safepoint "Cleanup", Time since last: 116305958178 ns, Reaching safepoint: 157250 ns, At safepoint: 5583 ns, Total: 162833 ns
[2022-05-09T04:13:28.552+0000][161][safepoint   ] Safepoint "Cleanup", Time since last: 59154615652 ns, Reaching safepoint: 345750 ns, At safepoint: 14750 ns, Total: 360500 ns
[2022-05-09T04:15:34.891+0000][161][safepoint   ] Safepoint "Cleanup", Time since last: 126335472266 ns, Reaching safepoint: 383667 ns, At safepoint: 6208 ns, Total: 389875 ns
[2022-05-09T04:30:02.616+0000][161][gc,start    ] GC(79) Pause Young (Concurrent Start) (G1 Evacuation Pause)
[2022-05-09T04:30:02.620+0000][161][gc,task     ] GC(79) Using 5 workers of 5 for evacuation
[2022-05-09T04:30:02.622+0000][161][gc,age      ] GC(79) Desired survivor size 14680064 bytes, new threshold 15 (max threshold 15)
[2022-05-09T04:30:02.637+0000][161][gc,age      ] GC(79) Age table with threshold 15 (max threshold 15)
[2022-05-09T04:30:02.638+0000][161][gc,age      ] GC(79) - age   1:     275800 bytes,     275800 total
[2022-05-09T04:30:02.639+0000][161][gc,age      ] GC(79) - age   2:     583480 bytes,     859280 total
[2022-05-09T04:30:02.640+0000][161][gc,age      ] GC(79) - age   3:    4545536 bytes,    5404816 total
[2022-05-09T04:30:02.642+0000][161][gc,age      ] GC(79) - age   4:      93232 bytes,    5498048 total
[2022-05-09T04:30:02.643+0000][161][gc,phases   ] GC(79)   Pre Evacuate Collection Set: 1.0ms
[2022-05-09T04:30:02.645+0000][161][gc,phases   ] GC(79)   Merge Heap Roots: 0.5ms
[2022-05-09T04:30:02.646+0000][161][gc,phases   ] GC(79)   Evacuate Collection Set: 8.9ms
[2022-05-09T04:30:02.648+0000][161][gc,phases   ] GC(79)   Post Evacuate Collection Set: 1.8ms
[2022-05-09T04:30:02.649+0000][161][gc,phases   ] GC(79)   Other: 15.1ms
[2022-05-09T04:30:02.650+0000][161][gc,heap     ] GC(79) Eden regions: 49->0(50)
[2022-05-09T04:30:02.651+0000][161][gc,heap     ] GC(79) Survivor regions: 2->2(7)
[2022-05-09T04:30:02.652+0000][161][gc,heap     ] GC(79) Old regions: 41->41
[2022-05-09T04:30:02.653+0000][161][gc,heap     ] GC(79) Archive regions: 2->2
[2022-05-09T04:30:02.654+0000][161][gc,heap     ] GC(79) Humongous regions: 7->7
[2022-05-09T04:30:02.654+0000][161][gc,metaspace] GC(79) Metaspace: 107216K(108800K)->107216K(108800K) NonClass: 92686K(93632K)->92686K(93632K) Class: 14530K(15168K)->14530K(15168K)
[2022-05-09T04:30:02.655+0000][161][gc          ] GC(79) Pause Young (Concurrent Start) (G1 Evacuation Pause) 396M->200M(512M) 39.372ms
[2022-05-09T04:30:02.656+0000][161][gc,cpu      ] GC(79) User=0.05s Sys=0.01s Real=0.04s
[2022-05-09T04:30:02.658+0000][161][gc          ] GC(80) Concurrent Mark Cycle
[2022-05-09T04:30:02.659+0000][161][gc,marking  ] GC(80) Concurrent Clear Claimed Marks
[2022-05-09T04:30:02.660+0000][161][gc,marking  ] GC(80) Concurrent Clear Claimed Marks 1.038ms
[2022-05-09T04:30:02.661+0000][161][gc,marking  ] GC(80) Concurrent Scan Root Regions
[2022-05-09T04:30:02.658+0000][161][safepoint   ] Safepoint "G1CollectForAllocation", Time since last: 867720444520 ns, Reaching safepoint: 176458 ns, At safepoint: 42563834 ns, Total: 42740292 ns
[2022-05-09T04:30:02.669+0000][161][gc,marking  ] GC(80) Concurrent Scan Root Regions 7.947ms
[2022-05-09T04:30:02.669+0000][161][gc,marking  ] GC(80) Concurrent Mark
[2022-05-09T04:30:02.670+0000][161][gc,marking  ] GC(80) Concurrent Mark From Roots
[2022-05-09T04:30:02.671+0000][161][gc,task     ] GC(80) Using 1 workers of 1 for marking
[2022-05-09T04:30:02.750+0000][161][gc,marking  ] GC(80) Concurrent Mark From Roots 79.779ms
[2022-05-09T04:30:02.751+0000][161][gc,marking  ] GC(80) Concurrent Preclean
[2022-05-09T04:30:02.752+0000][161][gc,marking  ] GC(80) Concurrent Preclean 1.139ms
[2022-05-09T04:30:02.753+0000][161][gc,start    ] GC(80) Pause Remark
[2022-05-09T04:30:02.765+0000][161][gc          ] GC(80) Pause Remark 201M->193M(512M) 11.523ms
[2022-05-09T04:30:02.766+0000][161][gc,cpu      ] GC(80) User=0.04s Sys=0.00s Real=0.01s
[2022-05-09T04:30:02.767+0000][161][safepoint   ] Safepoint "G1Concurrent", Time since last: 95293666 ns, Reaching safepoint: 124542 ns, At safepoint: 13687917 ns, Total: 13812459 ns
[2022-05-09T04:30:02.768+0000][161][gc,marking  ] GC(80) Concurrent Mark 98.531ms
[2022-05-09T04:30:02.769+0000][161][gc,marking  ] GC(80) Concurrent Rebuild Remembered Sets
[2022-05-09T04:30:02.808+0000][161][gc,marking  ] GC(80) Concurrent Rebuild Remembered Sets 38.950ms
[2022-05-09T04:30:02.809+0000][161][gc,start    ] GC(80) Pause Cleanup
[2022-05-09T04:30:02.810+0000][161][gc          ] GC(80) Pause Cleanup 193M->193M(512M) 0.896ms
[2022-05-09T04:30:02.811+0000][161][gc,cpu      ] GC(80) User=0.01s Sys=0.00s Real=0.01s
[2022-05-09T04:30:02.812+0000][161][safepoint   ] Safepoint "G1Concurrent", Time since last: 42037083 ns, Reaching safepoint: 175083 ns, At safepoint: 2569084 ns, Total: 2744167 ns
[2022-05-09T04:30:02.813+0000][161][gc,marking  ] GC(80) Concurrent Cleanup for Next Mark
[2022-05-09T04:30:02.816+0000][161][gc,marking  ] GC(80) Concurrent Cleanup for Next Mark 3.685ms
[2022-05-09T04:30:02.817+0000][161][gc          ] GC(80) Concurrent Mark Cycle 159.450ms
[2022-05-09T04:30:30.888+0000][161][safepoint   ] Safepoint "Cleanup", Time since last: 28077344221 ns, Reaching safepoint: 426416 ns, At safepoint: 19334 ns, Total: 445750 ns
[2022-05-09T04:31:02.988+0000][161][safepoint   ] Safepoint "Cleanup", Time since last: 32098898015 ns, Reaching safepoint: 773666 ns, At safepoint: 296334 ns, Total: 1070000 ns
[2022-05-09T04:33:07.343+0000][161][safepoint   ] Safepoint "Cleanup", Time since last: 124360956432 ns, Reaching safepoint: 273833 ns, At safepoint: 10250 ns, Total: 284083 ns
[2022-05-09T04:33:33.432+0000][161][safepoint   ] Safepoint "Cleanup", Time since last: 26081272638 ns, Reaching safepoint: 667708 ns, At safepoint: 13375 ns, Total: 681083 ns
[2022-05-09T04:38:33.207+0000][161][safepoint   ] Safepoint "Cleanup", Time since last: 299771291012 ns, Reaching safepoint: 670917 ns, At safepoint: 18667 ns, Total: 689584 ns
[2022-05-09T04:39:03.294+0000][161][safepoint   ] Safepoint "Cleanup", Time since last: 30090607597 ns, Reaching safepoint: 1999750 ns, At safepoint: 188250 ns, Total: 2188000 ns
[2022-05-09T04:40:33.516+0000][161][safepoint   ] Safepoint "Cleanup", Time since last: 90241734082 ns, Reaching safepoint: 288875 ns, At safepoint: 10834 ns, Total: 299709 ns
[2022-05-09T04:42:26.801+0000][161][safepoint   ] Safepoint "Cleanup", Time since last: 113285226093 ns, Reaching safepoint: 291208 ns, At safepoint: 143875 ns, Total: 435083 ns
[2022-05-09T04:43:06.899+0000][161][safepoint   ] Safepoint "Cleanup", Time since last: 40095587268 ns, Reaching safepoint: 407500 ns, At safepoint: 11292 ns, Total: 418792 ns
[2022-05-09T04:43:27.973+0000][161][safepoint   ] Safepoint "Cleanup", Time since last: 21073994051 ns, Reaching safepoint: 1561041 ns, At safepoint: 25959 ns, Total: 1587000 ns
[2022-05-09T04:45:47.379+0000][161][safepoint   ] Safepoint "Cleanup", Time since last: 139406838146 ns, Reaching safepoint: 294875 ns, At safepoint: 13375 ns, Total: 308250 ns
[2022-05-09T04:48:02.888+0000][161][safepoint   ] Safepoint "Cleanup", Time since last: 135510944104 ns, Reaching safepoint: 207833 ns, At safepoint: 6584 ns, Total: 214417 ns
[2022-05-09T04:48:03.895+0000][161][safepoint   ] Safepoint "Cleanup", Time since last: 1007318417 ns, Reaching safepoint: 227292 ns, At safepoint: 10708 ns, Total: 238000 ns
[2022-05-09T04:56:30.830+0000][161][safepoint   ] Safepoint "Cleanup", Time since last: 17043892966 ns, Reaching safepoint: 15109792 ns, At safepoint: 28125 ns, Total: 15137917 ns
[2022-05-09T04:58:44.167+0000][161][safepoint   ] Safepoint "Cleanup", Time since last: 133339350852 ns, Reaching safepoint: 239958 ns, At safepoint: 67792 ns, Total: 307750 ns
[2022-05-09T05:05:37.210+0000][161][safepoint   ] Safepoint "Cleanup", Time since last: 413050697437 ns, Reaching safepoint: 854667 ns, At safepoint: 46542 ns, Total: 901209 ns
[2022-05-09T05:05:44.240+0000][161][safepoint   ] Safepoint "Cleanup", Time since last: 7029644336 ns, Reaching safepoint: 195334 ns, At safepoint: 19750 ns, Total: 215084 ns
[2022-05-09T05:08:44.710+0000][161][safepoint   ] Safepoint "Cleanup", Time since last: 180471262206 ns, Reaching safepoint: 1760000 ns, At safepoint: 249167 ns, Total: 2009167 ns
[2022-05-09T05:09:44.873+0000][161][safepoint   ] Safepoint "Cleanup", Time since last: 60161602777 ns, Reaching safepoint: 590750 ns, At safepoint: 17917 ns, Total: 608667 ns
[2022-05-09T05:12:08.234+0000][161][safepoint   ] Safepoint "Cleanup", Time since last: 143363716814 ns, Reaching safepoint: 828833 ns, At safepoint: 54084 ns, Total: 882917 ns
[2022-05-09T05:12:14.256+0000][161][safepoint   ] Safepoint "Cleanup", Time since last: 6021210669 ns, Reaching safepoint: 562542 ns, At safepoint: 11833 ns, Total: 574375 ns
[2022-05-09T05:13:14.431+0000][161][safepoint   ] Safepoint "Cleanup", Time since last: 60179363486 ns, Reaching safepoint: 522834 ns, At safepoint: 10625 ns, Total: 533459 ns
[2022-05-09T05:13:44.536+0000][161][safepoint   ] Safepoint "Cleanup", Time since last: 30100163805 ns, Reaching safepoint: 1248000 ns, At safepoint: 14792 ns, Total: 1262792 ns
[2022-05-09T05:15:14.739+0000][161][safepoint   ] Safepoint "Cleanup", Time since last: 90204863875 ns, Reaching safepoint: 199833 ns, At safepoint: 68375 ns, Total: 268208 ns
[2022-05-09T05:21:37.716+0000][161][safepoint   ] Safepoint "Cleanup", Time since last: 382985374091 ns, Reaching safepoint: 364000 ns, At safepoint: 154000 ns, Total: 518000 ns
[2022-05-09T05:23:45.041+0000][161][safepoint   ] Safepoint "Cleanup", Time since last: 127322628517 ns, Reaching safepoint: 658917 ns, At safepoint: 713708 ns, Total: 1372625 ns
[2022-05-09T05:32:45.253+0000][161][safepoint   ] Safepoint "Cleanup", Time since last: 540299577498 ns, Reaching safepoint: 395000 ns, At safepoint: 207792 ns, Total: 602792 ns
[2022-05-09T05:38:15.050+0000][161][safepoint   ] Safepoint "Cleanup", Time since last: 329811319359 ns, Reaching safepoint: 1378625 ns, At safepoint: 164791 ns, Total: 1543416 ns
[2022-05-09T05:51:38.075+0000][161][safepoint   ] Safepoint "Cleanup", Time since last: 803055427993 ns, Reaching safepoint: 1163375 ns, At safepoint: 59166 ns, Total: 1222541 ns
[2022-05-09T05:51:41.089+0000][161][safepoint   ] Safepoint "Cleanup", Time since last: 3012922918 ns, Reaching safepoint: 712292 ns, At safepoint: 82958 ns, Total: 795250 ns
[2022-05-09T05:53:16.320+0000][161][safepoint   ] Safepoint "Cleanup", Time since last: 95241960335 ns, Reaching safepoint: 402292 ns, At safepoint: 6708 ns, Total: 409000 ns
[2022-05-09T05:55:39.663+0000][161][safepoint   ] Safepoint "Cleanup", Time since last: 143354695065 ns, Reaching safepoint: 530125 ns, At safepoint: 26959 ns, Total: 557084 ns
[2022-05-09T05:55:46.683+0000][161][safepoint   ] Safepoint "Cleanup", Time since last: 7018690295 ns, Reaching safepoint: 467416 ns, At safepoint: 14500 ns, Total: 481916 ns
[2022-05-09T05:57:46.196+0000][161][safepoint   ] Safepoint "Cleanup", Time since last: 119514086222 ns, Reaching safepoint: 293167 ns, At safepoint: 337250 ns, Total: 630417 ns
[2022-05-09T05:58:15.052+0000][161][safepoint   ] Safepoint "Cleanup", Time since last: 5035266626 ns, Reaching safepoint: 491167 ns, At safepoint: 8333 ns, Total: 499500 ns
[2022-05-09T06:00:37.414+0000][161][safepoint   ] Safepoint "Cleanup", Time since last: 142365750774 ns, Reaching safepoint: 597750 ns, At safepoint: 18791 ns, Total: 616541 ns
[2022-05-09T06:01:09.527+0000][161][safepoint   ] Safepoint "Cleanup", Time since last: 32102776973 ns, Reaching safepoint: 12270292 ns, At safepoint: 91666 ns, Total: 12361958 ns
[2022-05-09T06:01:10.081+0000][161][gc,start    ] GC(81) Pause Young (Prepare Mixed) (G1 Evacuation Pause)
[2022-05-09T06:01:10.084+0000][161][gc,task     ] GC(81) Using 5 workers of 5 for evacuation
[2022-05-09T06:01:10.088+0000][161][gc,age      ] GC(81) Desired survivor size 14680064 bytes, new threshold 15 (max threshold 15)
[2022-05-09T06:01:10.103+0000][161][gc,age      ] GC(81) Age table with threshold 15 (max threshold 15)
[2022-05-09T06:01:10.104+0000][161][gc,age      ] GC(81) - age   1:     141832 bytes,     141832 total
[2022-05-09T06:01:10.106+0000][161][gc,age      ] GC(81) - age   2:     208552 bytes,     350384 total
[2022-05-09T06:01:10.108+0000][161][gc,age      ] GC(81) - age   3:     450472 bytes,     800856 total
[2022-05-09T06:01:10.109+0000][161][gc,age      ] GC(81) - age   4:      44832 bytes,     845688 total
[2022-05-09T06:01:10.110+0000][161][gc,age      ] GC(81) - age   5:       7968 bytes,     853656 total
[2022-05-09T06:01:10.112+0000][161][gc,phases   ] GC(81)   Pre Evacuate Collection Set: 0.5ms
[2022-05-09T06:01:10.113+0000][161][gc,phases   ] GC(81)   Merge Heap Roots: 0.7ms
[2022-05-09T06:01:10.115+0000][161][gc,phases   ] GC(81)   Evacuate Collection Set: 8.1ms
[2022-05-09T06:01:10.116+0000][161][gc,phases   ] GC(81)   Post Evacuate Collection Set: 3.0ms
[2022-05-09T06:01:10.117+0000][161][gc,phases   ] GC(81)   Other: 19.2ms
[2022-05-09T06:01:10.119+0000][161][gc,heap     ] GC(81) Eden regions: 50->0(5)
[2022-05-09T06:01:10.120+0000][161][gc,heap     ] GC(81) Survivor regions: 2->1(7)
[2022-05-09T06:01:10.120+0000][161][gc,heap     ] GC(81) Old regions: 40->40
[2022-05-09T06:01:10.121+0000][161][gc,heap     ] GC(81) Archive regions: 2->2
[2022-05-09T06:01:10.122+0000][161][gc,heap     ] GC(81) Humongous regions: 6->6
[2022-05-09T06:01:10.124+0000][161][gc,metaspace] GC(81) Metaspace: 107314K(108864K)->107314K(108864K) NonClass: 92784K(93696K)->92784K(93696K) Class: 14530K(15168K)->14530K(15168K)
[2022-05-09T06:01:10.125+0000][161][gc          ] GC(81) Pause Young (Prepare Mixed) (G1 Evacuation Pause) 392M->188M(512M) 44.205ms
[2022-05-09T06:01:10.126+0000][161][gc,cpu      ] GC(81) User=0.05s Sys=0.00s Real=0.05s
[2022-05-09T06:01:10.127+0000][161][safepoint   ] Safepoint "G1CollectForAllocation", Time since last: 552722417 ns, Reaching safepoint: 648500 ns, At safepoint: 46830584 ns, Total: 47479084 ns
[2022-05-09T06:01:40.199+0000][161][safepoint   ] Safepoint "Cleanup", Time since last: 30071228722 ns, Reaching safepoint: 681333 ns, At safepoint: 69292 ns, Total: 750625 ns
[2022-05-09T06:02:29.308+0000][161][safepoint   ] Safepoint "Cleanup", Time since last: 49113091855 ns, Reaching safepoint: 246833 ns, At safepoint: 127542 ns, Total: 374375 ns
[2022-05-09T06:05:40.707+0000][161][safepoint   ] Safepoint "Cleanup", Time since last: 191411051797 ns, Reaching safepoint: 478000 ns, At safepoint: 14875 ns, Total: 492875 ns
[2022-05-09T06:09:16.416+0000][161][gc,start    ] GC(82) Pause Young (Mixed) (G1 Evacuation Pause)
[2022-05-09T06:09:16.428+0000][161][gc,task     ] GC(82) Using 5 workers of 5 for evacuation
[2022-05-09T06:09:16.431+0000][161][gc,age      ] GC(82) Desired survivor size 2097152 bytes, new threshold 15 (max threshold 15)
[2022-05-09T06:09:16.450+0000][161][gc,age      ] GC(82) Age table with threshold 15 (max threshold 15)
[2022-05-09T06:09:16.452+0000][161][gc,age      ] GC(82) - age   1:      20832 bytes,      20832 total
[2022-05-09T06:09:16.454+0000][161][gc,age      ] GC(82) - age   2:      78104 bytes,      98936 total
[2022-05-09T06:09:16.457+0000][161][gc,age      ] GC(82) - age   3:     208536 bytes,     307472 total
[2022-05-09T06:09:16.459+0000][161][gc,age      ] GC(82) - age   4:     450440 bytes,     757912 total
[2022-05-09T06:09:16.461+0000][161][gc,age      ] GC(82) - age   5:      44832 bytes,     802744 total
[2022-05-09T06:09:16.462+0000][161][gc,age      ] GC(82) - age   6:       7968 bytes,     810712 total
[2022-05-09T06:09:16.464+0000][161][gc,phases   ] GC(82)   Pre Evacuate Collection Set: 0.5ms
[2022-05-09T06:09:16.465+0000][161][gc,phases   ] GC(82)   Merge Heap Roots: 0.3ms
[2022-05-09T06:09:16.467+0000][161][gc,phases   ] GC(82)   Evacuate Collection Set: 13.5ms
[2022-05-09T06:09:16.468+0000][161][gc,phases   ] GC(82)   Post Evacuate Collection Set: 2.9ms
[2022-05-09T06:09:16.470+0000][161][gc,phases   ] GC(82)   Other: 31.0ms
[2022-05-09T06:09:16.471+0000][161][gc,heap     ] GC(82) Eden regions: 5->0(60)
[2022-05-09T06:09:16.472+0000][161][gc,heap     ] GC(82) Survivor regions: 1->1(1)
[2022-05-09T06:09:16.473+0000][161][gc,heap     ] GC(82) Old regions: 40->33
[2022-05-09T06:09:16.474+0000][161][gc,heap     ] GC(82) Archive regions: 2->2
[2022-05-09T06:09:16.475+0000][161][gc,heap     ] GC(82) Humongous regions: 6->6
[2022-05-09T06:09:16.476+0000][161][gc,metaspace] GC(82) Metaspace: 107320K(108864K)->107320K(108864K) NonClass: 92790K(93696K)->92790K(93696K) Class: 14530K(15168K)->14530K(15168K)
[2022-05-09T06:09:16.477+0000][161][gc          ] GC(82) Pause Young (Mixed) (G1 Evacuation Pause) 208M->159M(512M) 61.191ms
[2022-05-09T06:09:16.478+0000][161][gc,cpu      ] GC(82) User=0.05s Sys=0.01s Real=0.06s
[2022-05-09T06:09:16.479+0000][161][safepoint   ] Safepoint "G1CollectForAllocation", Time since last: 215709785056 ns, Reaching safepoint: 369083 ns, At safepoint: 63227875 ns, Total: 63596958 ns
[2022-05-09T06:09:40.524+0000][161][safepoint   ] Safepoint "Cleanup", Time since last: 24044371011 ns, Reaching safepoint: 352792 ns, At safepoint: 13125 ns, Total: 365917 ns
[2022-05-09T06:13:07.002+0000][161][safepoint   ] Safepoint "Cleanup", Time since last: 206493687344 ns, Reaching safepoint: 487583 ns, At safepoint: 15417 ns, Total: 503000 ns
[2022-05-09T06:13:11.017+0000][161][safepoint   ] Safepoint "Cleanup", Time since last: 4014618210 ns, Reaching safepoint: 685292 ns, At safepoint: 15917 ns, Total: 701209 ns
[2022-05-09T06:13:41.102+0000][161][safepoint   ] Safepoint "Cleanup", Time since last: 30084717013 ns, Reaching safepoint: 4006959 ns, At safepoint: 162666 ns, Total: 4169625 ns
[2022-05-09T06:14:41.249+0000][161][safepoint   ] Safepoint "Cleanup", Time since last: 60147500944 ns, Reaching safepoint: 418583 ns, At safepoint: 18500 ns, Total: 437083 ns
[2022-05-09T06:17:41.686+0000][161][safepoint   ] Safepoint "Cleanup", Time since last: 180450623874 ns, Reaching safepoint: 437375 ns, At safepoint: 17125 ns, Total: 454500 ns
[2022-05-09T06:18:11.742+0000][161][safepoint   ] Safepoint "Cleanup", Time since last: 30049578097 ns, Reaching safepoint: 399667 ns, At safepoint: 17708 ns, Total: 417375 ns
[2022-05-09T06:19:11.913+0000][161][safepoint   ] Safepoint "Cleanup", Time since last: 60173497110 ns, Reaching safepoint: 426834 ns, At safepoint: 15708 ns, Total: 442542 ns
[2022-05-09T06:23:07.463+0000][161][safepoint   ] Safepoint "Cleanup", Time since last: 235560120523 ns, Reaching safepoint: 1025792 ns, At safepoint: 19791 ns, Total: 1045583 ns
[2022-05-09T06:34:11.988+0000][161][safepoint   ] Safepoint "Cleanup", Time since last: 664556507052 ns, Reaching safepoint: 545375 ns, At safepoint: 20834 ns, Total: 566209 ns
[2022-05-09T06:37:05.439+0000][161][safepoint   ] Safepoint "Cleanup", Time since last: 173459896495 ns, Reaching safepoint: 535166 ns, At safepoint: 21084 ns, Total: 556250 ns
[2022-05-09T06:37:35.512+0000][161][safepoint   ] Safepoint "Cleanup", Time since last: 30077846305 ns, Reaching safepoint: 132834 ns, At safepoint: 2541 ns, Total: 135375 ns
[2022-05-09T06:45:29.950+0000][161][safepoint   ] Safepoint "Cleanup", Time since last: 474106522423 ns, Reaching safepoint: 1053167 ns, At safepoint: 46458 ns, Total: 1099625 ns
[2022-05-09T06:46:04.079+0000][161][safepoint   ] Safepoint "Cleanup", Time since last: 34123571141 ns, Reaching safepoint: 165708 ns, At safepoint: 5459 ns, Total: 171167 ns
[2022-05-09T07:00:34.401+0000][161][safepoint   ] Safepoint "Cleanup", Time since last: 43215323102 ns, Reaching safepoint: 489375 ns, At safepoint: 7667 ns, Total: 497042 ns
[2022-05-09T07:00:51.456+0000][161][safepoint   ] Safepoint "Cleanup", Time since last: 17054457633 ns, Reaching safepoint: 407833 ns, At safepoint: 13750 ns, Total: 421583 ns
[2022-05-09T07:00:56.498+0000][161][safepoint   ] Safepoint "Cleanup", Time since last: 5041516753 ns, Reaching safepoint: 542333 ns, At safepoint: 7292 ns, Total: 549625 ns
[2022-05-09T07:01:22.609+0000][161][safepoint   ] Safepoint "Cleanup", Time since last: 26091653553 ns, Reaching safepoint: 322875 ns, At safepoint: 21458 ns, Total: 344333 ns
[2022-05-09T07:02:30.787+0000][161][safepoint   ] Safepoint "Cleanup", Time since last: 68168911531 ns, Reaching safepoint: 757834 ns, At safepoint: 298458 ns, Total: 1056292 ns
[2022-05-09T07:05:56.287+0000][161][safepoint   ] Safepoint "Cleanup", Time since last: 205502996844 ns, Reaching safepoint: 660125 ns, At safepoint: 15833 ns, Total: 675958 ns
[2022-05-09T07:06:21.359+0000][161][safepoint   ] Safepoint "Cleanup", Time since last: 25070839761 ns, Reaching safepoint: 375334 ns, At safepoint: 13625 ns, Total: 388959 ns
[2022-05-09T07:06:56.446+0000][161][safepoint   ] Safepoint "Cleanup", Time since last: 35088064058 ns, Reaching safepoint: 446750 ns, At safepoint: 16500 ns, Total: 463250 ns
[2022-05-09T07:08:00.628+0000][161][safepoint   ] Safepoint "Cleanup", Time since last: 64182356696 ns, Reaching safepoint: 281291 ns, At safepoint: 366167 ns, Total: 647458 ns
[2022-05-09T07:13:30.391+0000][161][safepoint   ] Safepoint "Cleanup", Time since last: 329776754441 ns, Reaching safepoint: 425750 ns, At safepoint: 16750 ns, Total: 442500 ns
[2022-05-09T07:18:31.185+0000][161][safepoint   ] Safepoint "Cleanup", Time since last: 300672218260 ns, Reaching safepoint: 523417 ns, At safepoint: 18417 ns, Total: 541834 ns
[2022-05-09T07:37:01.918+0000][161][safepoint   ] Safepoint "Cleanup", Time since last: 1110596807839 ns, Reaching safepoint: 362042 ns, At safepoint: 8416 ns, Total: 370458 ns
[2022-05-09T08:03:33.015+0000][161][gc,start    ] GC(83) Pause Young (Normal) (G1 Evacuation Pause)
[2022-05-09T08:03:33.017+0000][161][gc,task     ] GC(83) Using 5 workers of 5 for evacuation
[2022-05-09T08:03:33.020+0000][161][gc,age      ] GC(83) Desired survivor size 16777216 bytes, new threshold 15 (max threshold 15)
[2022-05-09T08:03:33.028+0000][161][gc,age      ] GC(83) Age table with threshold 15 (max threshold 15)
[2022-05-09T08:03:33.031+0000][161][gc,age      ] GC(83) - age   1:      69728 bytes,      69728 total
[2022-05-09T08:03:33.033+0000][161][gc,age      ] GC(83) - age   2:       1824 bytes,      71552 total
[2022-05-09T08:03:33.034+0000][161][gc,age      ] GC(83) - age   3:      76352 bytes,     147904 total
[2022-05-09T08:03:33.036+0000][161][gc,age      ] GC(83) - age   4:     208536 bytes,     356440 total
[2022-05-09T08:03:33.037+0000][161][gc,age      ] GC(83) - age   5:     450440 bytes,     806880 total
[2022-05-09T08:03:33.038+0000][161][gc,age      ] GC(83) - age   6:      44832 bytes,     851712 total
[2022-05-09T08:03:33.040+0000][161][gc,age      ] GC(83) - age   7:       7968 bytes,     859680 total
[2022-05-09T08:03:33.042+0000][161][gc,phases   ] GC(83)   Pre Evacuate Collection Set: 0.2ms
[2022-05-09T08:03:33.043+0000][161][gc,phases   ] GC(83)   Merge Heap Roots: 0.1ms
[2022-05-09T08:03:33.044+0000][161][gc,phases   ] GC(83)   Evacuate Collection Set: 3.0ms
[2022-05-09T08:03:33.045+0000][161][gc,phases   ] GC(83)   Post Evacuate Collection Set: 2.4ms
[2022-05-09T08:03:33.046+0000][161][gc,phases   ] GC(83)   Other: 21.2ms
[2022-05-09T08:03:33.048+0000][161][gc,heap     ] GC(83) Eden regions: 60->0(61)
[2022-05-09T08:03:33.048+0000][161][gc,heap     ] GC(83) Survivor regions: 1->1(8)
[2022-05-09T08:03:33.050+0000][161][gc,heap     ] GC(83) Old regions: 33->33
[2022-05-09T08:03:33.051+0000][161][gc,heap     ] GC(83) Archive regions: 2->2
[2022-05-09T08:03:33.053+0000][161][gc,heap     ] GC(83) Humongous regions: 6->6
[2022-05-09T08:03:33.054+0000][161][gc,metaspace] GC(83) Metaspace: 107417K(108928K)->107417K(108928K) NonClass: 92886K(93760K)->92886K(93760K) Class: 14530K(15168K)->14530K(15168K)
[2022-05-09T08:03:33.054+0000][161][gc          ] GC(83) Pause Young (Normal) (G1 Evacuation Pause) 399M->159M(512M) 39.362ms
[2022-05-09T08:03:33.056+0000][161][gc,cpu      ] GC(83) User=0.02s Sys=0.00s Real=0.04s
[2022-05-09T08:03:33.057+0000][161][safepoint   ] Safepoint "G1CollectForAllocation", Time since last: 1591091855932 ns, Reaching safepoint: 262875 ns, At safepoint: 41796917 ns, Total: 42059792 ns
