[2022-04-22T01:52:30.814+0000][8][gc] Using G1
[2022-04-22T01:52:30.854+0000][8][gc,init] Version: 17.0.2+8 (release)
[2022-04-22T01:52:30.855+0000][8][gc,init] CPUs: 5 total, 5 available
[2022-04-22T01:52:30.856+0000][8][gc,init] Memory: 7851M
[2022-04-22T01:52:30.857+0000][8][gc,init] Large Page Support: Disabled
[2022-04-22T01:52:30.859+0000][8][gc,init] NUMA Support: Disabled
[2022-04-22T01:52:30.859+0000][8][gc,init] Compressed Oops: Enabled (32-bit)
[2022-04-22T01:52:30.860+0000][8][gc,init] Heap Region Size: 4M
[2022-04-22T01:52:30.861+0000][8][gc,init] Heap Min Capacity: 512M
[2022-04-22T01:52:30.862+0000][8][gc,init] Heap Initial Capacity: 512M
[2022-04-22T01:52:30.863+0000][8][gc,init] Heap Max Capacity: 512M
[2022-04-22T01:52:30.865+0000][8][gc,init] Pre-touch: Enabled
[2022-04-22T01:52:30.865+0000][8][gc,init] Parallel Workers: 5
[2022-04-22T01:52:30.866+0000][8][gc,init] Concurrent Workers: 1
[2022-04-22T01:52:30.867+0000][8][gc,init] Concurrent Refinement Workers: 5
[2022-04-22T01:52:30.867+0000][8][gc,init] Periodic GC: Disabled
[2022-04-22T01:52:30.868+0000][8][gc,metaspace] CDS archive(s) mapped at: [0x0000000800000000-0x0000000800bd2000-0x0000000800bd2000), size 12394496, SharedBaseAddress: 0x0000000800000000, ArchiveRelocationMode: 0.
[2022-04-22T01:52:30.869+0000][8][gc,metaspace] Compressed class space mapped at: 0x0000000800c00000-0x0000000840c00000, reserved size: 1073741824
[2022-04-22T01:52:30.870+0000][8][gc,metaspace] Narrow klass base: 0x0000000800000000, Narrow klass shift: 0, Narrow klass range: 0x100000000
[2022-04-22T01:52:30.992+0000][8][safepoint   ] Safepoint "ICBufferFull", Time since last: 116854625 ns, Reaching safepoint: 129666 ns, At safepoint: 8917 ns, Total: 138583 ns
[2022-04-22T01:52:31.042+0000][8][safepoint   ] Safepoint "ICBufferFull", Time since last: 49875583 ns, Reaching safepoint: 102125 ns, At safepoint: 2750 ns, Total: 104875 ns
[2022-04-22T01:52:31.155+0000][8][safepoint   ] Safepoint "ICBufferFull", Time since last: 112346084 ns, Reaching safepoint: 216875 ns, At safepoint: 3500 ns, Total: 220375 ns
[2022-04-22T01:52:31.178+0000][8][gc,start    ] GC(0) Pause Young (Normal) (G1 Evacuation Pause)
[2022-04-22T01:52:31.180+0000][8][gc,task     ] GC(0) Using 5 workers of 5 for evacuation
[2022-04-22T01:52:31.181+0000][8][gc,age      ] GC(0) Desired survivor size 2097152 bytes, new threshold 15 (max threshold 15)
[2022-04-22T01:52:31.185+0000][8][gc,age      ] GC(0) Age table with threshold 15 (max threshold 15)
[2022-04-22T01:52:31.186+0000][8][gc,age      ] GC(0) - age   1:    4183984 bytes,    4183984 total
[2022-04-22T01:52:31.187+0000][8][gc,phases   ] GC(0)   Pre Evacuate Collection Set: 0.0ms
[2022-04-22T01:52:31.187+0000][8][gc,phases   ] GC(0)   Merge Heap Roots: 0.2ms
[2022-04-22T01:52:31.188+0000][8][gc,phases   ] GC(0)   Evacuate Collection Set: 1.8ms
[2022-04-22T01:52:31.189+0000][8][gc,phases   ] GC(0)   Post Evacuate Collection Set: 0.6ms
[2022-04-22T01:52:31.190+0000][8][gc,phases   ] GC(0)   Other: 5.5ms
[2022-04-22T01:52:31.190+0000][8][gc,heap     ] GC(0) Eden regions: 6->0(5)
[2022-04-22T01:52:31.191+0000][8][gc,heap     ] GC(0) Survivor regions: 0->1(1)
[2022-04-22T01:52:31.191+0000][8][gc,heap     ] GC(0) Old regions: 0->1
[2022-04-22T01:52:31.192+0000][8][gc,heap     ] GC(0) Archive regions: 2->2
[2022-04-22T01:52:31.193+0000][8][gc,heap     ] GC(0) Humongous regions: 0->0
[2022-04-22T01:52:31.193+0000][8][gc,metaspace] GC(0) Metaspace: 8857K(9024K)->8857K(9024K) NonClass: 7804K(7872K)->7804K(7872K) Class: 1052K(1152K)->1052K(1152K)
[2022-04-22T01:52:31.194+0000][8][gc          ] GC(0) Pause Young (Normal) (G1 Evacuation Pause) 27M->8M(512M) 15.458ms
[2022-04-22T01:52:31.195+0000][8][gc,cpu      ] GC(0) User=0.01s Sys=0.00s Real=0.02s
[2022-04-22T01:52:31.195+0000][8][safepoint   ] Safepoint "G1CollectForAllocation", Time since last: 23480083 ns, Reaching safepoint: 68250 ns, At safepoint: 16786667 ns, Total: 16854917 ns
[2022-04-22T01:52:31.296+0000][8][safepoint   ] Safepoint "ICBufferFull", Time since last: 100645958 ns, Reaching safepoint: 147792 ns, At safepoint: 7958 ns, Total: 155750 ns
[2022-04-22T01:52:31.459+0000][8][gc,start    ] GC(1) Pause Young (Normal) (G1 Evacuation Pause)
[2022-04-22T01:52:31.460+0000][8][gc,task     ] GC(1) Using 5 workers of 5 for evacuation
[2022-04-22T01:52:31.461+0000][8][gc,age      ] GC(1) Desired survivor size 2097152 bytes, new threshold 1 (max threshold 15)
[2022-04-22T01:52:31.465+0000][8][gc,age      ] GC(1) Age table with threshold 1 (max threshold 15)
[2022-04-22T01:52:31.466+0000][8][gc,age      ] GC(1) - age   1:    1963376 bytes,    1963376 total
[2022-04-22T01:52:31.467+0000][8][gc,phases   ] GC(1)   Pre Evacuate Collection Set: 0.1ms
[2022-04-22T01:52:31.468+0000][8][gc,phases   ] GC(1)   Merge Heap Roots: 0.0ms
[2022-04-22T01:52:31.470+0000][8][gc,phases   ] GC(1)   Evacuate Collection Set: 2.0ms
[2022-04-22T01:52:31.471+0000][8][gc,phases   ] GC(1)   Post Evacuate Collection Set: 0.9ms
[2022-04-22T01:52:31.471+0000][8][gc,phases   ] GC(1)   Other: 5.2ms
[2022-04-22T01:52:31.472+0000][8][gc,heap     ] GC(1) Eden regions: 5->0(7)
[2022-04-22T01:52:31.473+0000][8][gc,heap     ] GC(1) Survivor regions: 1->1(1)
[2022-04-22T01:52:31.473+0000][8][gc,heap     ] GC(1) Old regions: 1->2
[2022-04-22T01:52:31.474+0000][8][gc,heap     ] GC(1) Archive regions: 2->2
[2022-04-22T01:52:31.475+0000][8][gc,heap     ] GC(1) Humongous regions: 0->0
[2022-04-22T01:52:31.475+0000][8][gc,metaspace] GC(1) Metaspace: 12304K(12544K)->12304K(12544K) NonClass: 10798K(10944K)->10798K(10944K) Class: 1505K(1600K)->1505K(1600K)
[2022-04-22T01:52:31.476+0000][8][gc          ] GC(1) Pause Young (Normal) (G1 Evacuation Pause) 28M->10M(512M) 16.351ms
[2022-04-22T01:52:31.476+0000][8][gc,cpu      ] GC(1) User=0.01s Sys=0.00s Real=0.02s
[2022-04-22T01:52:31.476+0000][8][safepoint   ] Safepoint "G1CollectForAllocation", Time since last: 163072584 ns, Reaching safepoint: 172791 ns, At safepoint: 17232375 ns, Total: 17405166 ns
[2022-04-22T01:52:31.585+0000][8][safepoint   ] Safepoint "ICBufferFull", Time since last: 108581375 ns, Reaching safepoint: 259459 ns, At safepoint: 9583 ns, Total: 269042 ns
[2022-04-22T01:52:31.650+0000][8][gc,start    ] GC(2) Pause Young (Normal) (G1 Evacuation Pause)
[2022-04-22T01:52:31.651+0000][8][gc,task     ] GC(2) Using 5 workers of 5 for evacuation
[2022-04-22T01:52:31.653+0000][8][gc,age      ] GC(2) Desired survivor size 2097152 bytes, new threshold 15 (max threshold 15)
[2022-04-22T01:52:31.656+0000][8][gc,age      ] GC(2) Age table with threshold 15 (max threshold 15)
[2022-04-22T01:52:31.657+0000][8][gc,age      ] GC(2) - age   1:     828840 bytes,     828840 total
[2022-04-22T01:52:31.658+0000][8][gc,age      ] GC(2) - age   2:    1946552 bytes,    2775392 total
[2022-04-22T01:52:31.659+0000][8][gc,phases   ] GC(2)   Pre Evacuate Collection Set: 0.1ms
[2022-04-22T01:52:31.660+0000][8][gc,phases   ] GC(2)   Merge Heap Roots: 0.3ms
[2022-04-22T01:52:31.661+0000][8][gc,phases   ] GC(2)   Evacuate Collection Set: 2.1ms
[2022-04-22T01:52:31.662+0000][8][gc,phases   ] GC(2)   Post Evacuate Collection Set: 0.4ms
[2022-04-22T01:52:31.662+0000][8][gc,phases   ] GC(2)   Other: 6.0ms
[2022-04-22T01:52:31.663+0000][8][gc,heap     ] GC(2) Eden regions: 7->0(33)
[2022-04-22T01:52:31.664+0000][8][gc,heap     ] GC(2) Survivor regions: 1->1(1)
[2022-04-22T01:52:31.665+0000][8][gc,heap     ] GC(2) Old regions: 2->2
[2022-04-22T01:52:31.665+0000][8][gc,heap     ] GC(2) Archive regions: 2->2
[2022-04-22T01:52:31.666+0000][8][gc,heap     ] GC(2) Humongous regions: 0->0
[2022-04-22T01:52:31.666+0000][8][gc,metaspace] GC(2) Metaspace: 14655K(14912K)->14655K(14912K) NonClass: 12917K(13056K)->12917K(13056K) Class: 1738K(1856K)->1738K(1856K)
[2022-04-22T01:52:31.667+0000][8][gc          ] GC(2) Pause Young (Normal) (G1 Evacuation Pause) 38M->10M(512M) 16.909ms
[2022-04-22T01:52:31.668+0000][8][gc,cpu      ] GC(2) User=0.01s Sys=0.01s Real=0.02s
[2022-04-22T01:52:31.669+0000][8][safepoint   ] Safepoint "G1CollectForAllocation", Time since last: 64854458 ns, Reaching safepoint: 103875 ns, At safepoint: 18517542 ns, Total: 18621417 ns
[2022-04-22T01:52:31.856+0000][8][safepoint   ] Safepoint "ICBufferFull", Time since last: 187256208 ns, Reaching safepoint: 188334 ns, At safepoint: 10041 ns, Total: 198375 ns
[2022-04-22T01:52:31.885+0000][8][safepoint   ] Safepoint "ICBufferFull", Time since last: 29095167 ns, Reaching safepoint: 98292 ns, At safepoint: 20583 ns, Total: 118875 ns
[2022-04-22T01:52:31.887+0000][8][safepoint   ] Safepoint "ICBufferFull", Time since last: 1611792 ns, Reaching safepoint: 44541 ns, At safepoint: 2375 ns, Total: 46916 ns
[2022-04-22T01:52:31.889+0000][8][safepoint   ] Safepoint "ICBufferFull", Time since last: 1405167 ns, Reaching safepoint: 86000 ns, At safepoint: 2417 ns, Total: 88417 ns
[2022-04-22T01:52:31.890+0000][8][safepoint   ] Safepoint "ICBufferFull", Time since last: 1348458 ns, Reaching safepoint: 70833 ns, At safepoint: 1834 ns, Total: 72667 ns
[2022-04-22T01:52:31.892+0000][8][safepoint   ] Safepoint "ICBufferFull", Time since last: 2017583 ns, Reaching safepoint: 31833 ns, At safepoint: 1500 ns, Total: 33333 ns
[2022-04-22T01:52:31.894+0000][8][safepoint   ] Safepoint "ICBufferFull", Time since last: 1548709 ns, Reaching safepoint: 117583 ns, At safepoint: 10125 ns, Total: 127708 ns
[2022-04-22T01:52:31.895+0000][8][safepoint   ] Safepoint "ICBufferFull", Time since last: 1099625 ns, Reaching safepoint: 28667 ns, At safepoint: 1083 ns, Total: 29750 ns
[2022-04-22T01:52:31.896+0000][8][safepoint   ] Safepoint "ICBufferFull", Time since last: 1051875 ns, Reaching safepoint: 79167 ns, At safepoint: 4125 ns, Total: 83292 ns
[2022-04-22T01:52:31.897+0000][8][safepoint   ] Safepoint "ICBufferFull", Time since last: 1111875 ns, Reaching safepoint: 143958 ns, At safepoint: 3208 ns, Total: 147166 ns
[2022-04-22T01:52:31.898+0000][8][safepoint   ] Safepoint "ICBufferFull", Time since last: 1001750 ns, Reaching safepoint: 125584 ns, At safepoint: 13458 ns, Total: 139042 ns
[2022-04-22T01:52:31.901+0000][8][safepoint   ] Safepoint "ICBufferFull", Time since last: 2661458 ns, Reaching safepoint: 169000 ns, At safepoint: 3042 ns, Total: 172042 ns
[2022-04-22T01:52:31.953+0000][8][gc,start    ] GC(3) Pause Young (Normal) (G1 Evacuation Pause)
[2022-04-22T01:52:31.954+0000][8][gc,task     ] GC(3) Using 5 workers of 5 for evacuation
[2022-04-22T01:52:31.955+0000][8][gc,age      ] GC(3) Desired survivor size 10485760 bytes, new threshold 15 (max threshold 15)
[2022-04-22T01:52:31.961+0000][8][gc,age      ] GC(3) Age table with threshold 15 (max threshold 15)
[2022-04-22T01:52:31.963+0000][8][gc,age      ] GC(3) - age   1:    3809624 bytes,    3809624 total
[2022-04-22T01:52:31.964+0000][8][gc,age      ] GC(3) - age   2:     741528 bytes,    4551152 total
[2022-04-22T01:52:31.965+0000][8][gc,age      ] GC(3) - age   3:    1944952 bytes,    6496104 total
[2022-04-22T01:52:31.965+0000][8][gc,phases   ] GC(3)   Pre Evacuate Collection Set: 0.1ms
[2022-04-22T01:52:31.966+0000][8][gc,phases   ] GC(3)   Merge Heap Roots: 0.4ms
[2022-04-22T01:52:31.967+0000][8][gc,phases   ] GC(3)   Evacuate Collection Set: 3.2ms
[2022-04-22T01:52:31.968+0000][8][gc,phases   ] GC(3)   Post Evacuate Collection Set: 1.0ms
[2022-04-22T01:52:31.970+0000][8][gc,phases   ] GC(3)   Other: 7.7ms
[2022-04-22T01:52:31.970+0000][8][gc,heap     ] GC(3) Eden regions: 33->0(74)
[2022-04-22T01:52:31.972+0000][8][gc,heap     ] GC(3) Survivor regions: 1->2(5)
[2022-04-22T01:52:31.973+0000][8][gc,heap     ] GC(3) Old regions: 2->2
[2022-04-22T01:52:31.973+0000][8][gc,heap     ] GC(3) Archive regions: 2->2
[2022-04-22T01:52:31.974+0000][8][gc,heap     ] GC(3) Humongous regions: 0->0
[2022-04-22T01:52:31.975+0000][8][gc,metaspace] GC(3) Metaspace: 17258K(17600K)->17258K(17600K) NonClass: 15228K(15424K)->15228K(15424K) Class: 2030K(2176K)->2030K(2176K)
[2022-04-22T01:52:31.975+0000][8][gc          ] GC(3) Pause Young (Normal) (G1 Evacuation Pause) 142M->14M(512M) 22.348ms
[2022-04-22T01:52:31.976+0000][8][gc,cpu      ] GC(3) User=0.01s Sys=0.00s Real=0.02s
[2022-04-22T01:52:31.977+0000][8][safepoint   ] Safepoint "G1CollectForAllocation", Time since last: 51277625 ns, Reaching safepoint: 553708 ns, At safepoint: 23747500 ns, Total: 24301208 ns
[2022-04-22T01:52:32.202+0000][8][safepoint   ] Safepoint "ICBufferFull", Time since last: 225021626 ns, Reaching safepoint: 153500 ns, At safepoint: 13083 ns, Total: 166583 ns
[2022-04-22T01:52:32.277+0000][8][gc,start    ] GC(4) Pause Young (Normal) (G1 Evacuation Pause)
[2022-04-22T01:52:32.279+0000][8][gc,task     ] GC(4) Using 5 workers of 5 for evacuation
[2022-04-22T01:52:32.279+0000][8][gc,age      ] GC(4) Desired survivor size 20971520 bytes, new threshold 15 (max threshold 15)
[2022-04-22T01:52:32.285+0000][8][gc,age      ] GC(4) Age table with threshold 15 (max threshold 15)
[2022-04-22T01:52:32.286+0000][8][gc,age      ] GC(4) - age   1:    6164240 bytes,    6164240 total
[2022-04-22T01:52:32.287+0000][8][gc,age      ] GC(4) - age   2:    2386184 bytes,    8550424 total
[2022-04-22T01:52:32.288+0000][8][gc,age      ] GC(4) - age   3:     741168 bytes,    9291592 total
[2022-04-22T01:52:32.288+0000][8][gc,age      ] GC(4) - age   4:    1944040 bytes,   11235632 total
[2022-04-22T01:52:32.289+0000][8][gc,phases   ] GC(4)   Pre Evacuate Collection Set: 0.1ms
[2022-04-22T01:52:32.290+0000][8][gc,phases   ] GC(4)   Merge Heap Roots: 0.3ms
[2022-04-22T01:52:32.291+0000][8][gc,phases   ] GC(4)   Evacuate Collection Set: 3.6ms
[2022-04-22T01:52:32.291+0000][8][gc,phases   ] GC(4)   Post Evacuate Collection Set: 1.0ms
[2022-04-22T01:52:32.292+0000][8][gc,phases   ] GC(4)   Other: 6.8ms
[2022-04-22T01:52:32.292+0000][8][gc,heap     ] GC(4) Eden regions: 74->0(73)
[2022-04-22T01:52:32.293+0000][8][gc,heap     ] GC(4) Survivor regions: 2->3(10)
[2022-04-22T01:52:32.293+0000][8][gc,heap     ] GC(4) Old regions: 2->2
[2022-04-22T01:52:32.294+0000][8][gc,heap     ] GC(4) Archive regions: 2->2
[2022-04-22T01:52:32.295+0000][8][gc,heap     ] GC(4) Humongous regions: 0->0
[2022-04-22T01:52:32.296+0000][8][gc,metaspace] GC(4) Metaspace: 18721K(19072K)->18721K(19072K) NonClass: 16448K(16640K)->16448K(16640K) Class: 2273K(2432K)->2273K(2432K)
[2022-04-22T01:52:32.296+0000][8][gc          ] GC(4) Pause Young (Normal) (G1 Evacuation Pause) 310M->19M(512M) 19.029ms
[2022-04-22T01:52:32.297+0000][8][gc,cpu      ] GC(4) User=0.02s Sys=0.00s Real=0.02s
[2022-04-22T01:52:32.298+0000][8][safepoint   ] Safepoint "G1CollectForAllocation", Time since last: 75361333 ns, Reaching safepoint: 60542 ns, At safepoint: 20294875 ns, Total: 20355417 ns
[2022-04-22T01:52:32.465+0000][8][safepoint   ] Safepoint "ICBufferFull", Time since last: 166787958 ns, Reaching safepoint: 126917 ns, At safepoint: 5833 ns, Total: 132750 ns
[2022-04-22T01:52:32.525+0000][8][gc,start    ] GC(5) Pause Young (Normal) (G1 Evacuation Pause)
[2022-04-22T01:52:32.526+0000][8][gc,task     ] GC(5) Using 5 workers of 5 for evacuation
[2022-04-22T01:52:32.527+0000][8][gc,age      ] GC(5) Desired survivor size 20971520 bytes, new threshold 15 (max threshold 15)
[2022-04-22T01:52:32.533+0000][8][gc,age      ] GC(5) Age table with threshold 15 (max threshold 15)
[2022-04-22T01:52:32.534+0000][8][gc,age      ] GC(5) - age   1:    2210024 bytes,    2210024 total
[2022-04-22T01:52:32.534+0000][8][gc,age      ] GC(5) - age   2:    5082736 bytes,    7292760 total
[2022-04-22T01:52:32.535+0000][8][gc,age      ] GC(5) - age   3:    2385720 bytes,    9678480 total
[2022-04-22T01:52:32.536+0000][8][gc,age      ] GC(5) - age   4:     740896 bytes,   10419376 total
[2022-04-22T01:52:32.536+0000][8][gc,age      ] GC(5) - age   5:    1943976 bytes,   12363352 total
[2022-04-22T01:52:32.537+0000][8][gc,phases   ] GC(5)   Pre Evacuate Collection Set: 0.4ms
[2022-04-22T01:52:32.537+0000][8][gc,phases   ] GC(5)   Merge Heap Roots: 0.4ms
[2022-04-22T01:52:32.538+0000][8][gc,phases   ] GC(5)   Evacuate Collection Set: 2.8ms
[2022-04-22T01:52:32.539+0000][8][gc,phases   ] GC(5)   Post Evacuate Collection Set: 0.7ms
[2022-04-22T01:52:32.539+0000][8][gc,phases   ] GC(5)   Other: 7.7ms
[2022-04-22T01:52:32.541+0000][8][gc,heap     ] GC(5) Eden regions: 73->0(72)
[2022-04-22T01:52:32.541+0000][8][gc,heap     ] GC(5) Survivor regions: 3->4(10)
[2022-04-22T01:52:32.543+0000][8][gc,heap     ] GC(5) Old regions: 2->2
[2022-04-22T01:52:32.543+0000][8][gc,heap     ] GC(5) Archive regions: 2->2
[2022-04-22T01:52:32.544+0000][8][gc,heap     ] GC(5) Humongous regions: 0->0
[2022-04-22T01:52:32.544+0000][8][gc,metaspace] GC(5) Metaspace: 19664K(20160K)->19664K(20160K) NonClass: 17253K(17536K)->17253K(17536K) Class: 2410K(2624K)->2410K(2624K)
[2022-04-22T01:52:32.545+0000][8][gc          ] GC(5) Pause Young (Normal) (G1 Evacuation Pause) 311M->20M(512M) 20.087ms
[2022-04-22T01:52:32.546+0000][8][gc,cpu      ] GC(5) User=0.01s Sys=0.00s Real=0.02s
[2022-04-22T01:52:32.546+0000][8][safepoint   ] Safepoint "G1CollectForAllocation", Time since last: 60353334 ns, Reaching safepoint: 61666 ns, At safepoint: 21411125 ns, Total: 21472791 ns
[2022-04-22T01:52:32.762+0000][8][safepoint   ] Safepoint "ICBufferFull", Time since last: 215369334 ns, Reaching safepoint: 170792 ns, At safepoint: 3583 ns, Total: 174375 ns
[2022-04-22T01:52:32.770+0000][8][gc,start    ] GC(6) Pause Young (Normal) (G1 Evacuation Pause)
[2022-04-22T01:52:32.771+0000][8][gc,task     ] GC(6) Using 5 workers of 5 for evacuation
[2022-04-22T01:52:32.772+0000][8][gc,age      ] GC(6) Desired survivor size 20971520 bytes, new threshold 15 (max threshold 15)
[2022-04-22T01:52:32.777+0000][8][gc,age      ] GC(6) Age table with threshold 15 (max threshold 15)
[2022-04-22T01:52:32.778+0000][8][gc,age      ] GC(6) - age   1:    3207640 bytes,    3207640 total
[2022-04-22T01:52:32.779+0000][8][gc,age      ] GC(6) - age   2:    1329832 bytes,    4537472 total
[2022-04-22T01:52:32.780+0000][8][gc,age      ] GC(6) - age   3:    5077704 bytes,    9615176 total
[2022-04-22T01:52:32.780+0000][8][gc,age      ] GC(6) - age   4:    2384232 bytes,   11999408 total
[2022-04-22T01:52:32.781+0000][8][gc,age      ] GC(6) - age   5:     740216 bytes,   12739624 total
[2022-04-22T01:52:32.782+0000][8][gc,age      ] GC(6) - age   6:    1943672 bytes,   14683296 total
[2022-04-22T01:52:32.782+0000][8][gc,phases   ] GC(6)   Pre Evacuate Collection Set: 0.1ms
[2022-04-22T01:52:32.783+0000][8][gc,phases   ] GC(6)   Merge Heap Roots: 0.2ms
[2022-04-22T01:52:32.784+0000][8][gc,phases   ] GC(6)   Evacuate Collection Set: 2.9ms
[2022-04-22T01:52:32.784+0000][8][gc,phases   ] GC(6)   Post Evacuate Collection Set: 0.8ms
[2022-04-22T01:52:32.785+0000][8][gc,phases   ] GC(6)   Other: 8.5ms
[2022-04-22T01:52:32.786+0000][8][gc,heap     ] GC(6) Eden regions: 72->0(72)
[2022-04-22T01:52:32.786+0000][8][gc,heap     ] GC(6) Survivor regions: 4->4(10)
[2022-04-22T01:52:32.787+0000][8][gc,heap     ] GC(6) Old regions: 2->2
[2022-04-22T01:52:32.788+0000][8][gc,heap     ] GC(6) Archive regions: 2->2
[2022-04-22T01:52:32.788+0000][8][gc,heap     ] GC(6) Humongous regions: 0->0
[2022-04-22T01:52:32.789+0000][8][gc,metaspace] GC(6) Metaspace: 20849K(21376K)->20849K(21376K) NonClass: 18278K(18624K)->18278K(18624K) Class: 2571K(2752K)->2571K(2752K)
[2022-04-22T01:52:32.790+0000][8][gc          ] GC(6) Pause Young (Normal) (G1 Evacuation Pause) 308M->22M(512M) 19.814ms
[2022-04-22T01:52:32.790+0000][8][gc,cpu      ] GC(6) User=0.02s Sys=0.00s Real=0.02s
[2022-04-22T01:52:32.791+0000][8][safepoint   ] Safepoint "G1CollectForAllocation", Time since last: 7626875 ns, Reaching safepoint: 241833 ns, At safepoint: 21125084 ns, Total: 21366917 ns
[2022-04-22T01:52:32.921+0000][8][gc,start    ] GC(7) Pause Young (Concurrent Start) (Metadata GC Threshold)
[2022-04-22T01:52:32.922+0000][8][gc,task     ] GC(7) Using 5 workers of 5 for evacuation
[2022-04-22T01:52:32.923+0000][8][gc,age      ] GC(7) Desired survivor size 20971520 bytes, new threshold 15 (max threshold 15)
[2022-04-22T01:52:32.929+0000][8][gc,age      ] GC(7) Age table with threshold 15 (max threshold 15)
[2022-04-22T01:52:32.930+0000][8][gc,age      ] GC(7) - age   1:     670056 bytes,     670056 total
[2022-04-22T01:52:32.931+0000][8][gc,age      ] GC(7) - age   2:    2176888 bytes,    2846944 total
[2022-04-22T01:52:32.932+0000][8][gc,age      ] GC(7) - age   3:    1329072 bytes,    4176016 total
[2022-04-22T01:52:32.934+0000][8][gc,age      ] GC(7) - age   4:    5077432 bytes,    9253448 total
[2022-04-22T01:52:32.935+0000][8][gc,age      ] GC(7) - age   5:    2384152 bytes,   11637600 total
[2022-04-22T01:52:32.936+0000][8][gc,age      ] GC(7) - age   6:     740216 bytes,   12377816 total
[2022-04-22T01:52:32.936+0000][8][gc,age      ] GC(7) - age   7:    1943672 bytes,   14321488 total
[2022-04-22T01:52:32.937+0000][8][gc,phases   ] GC(7)   Pre Evacuate Collection Set: 0.2ms
[2022-04-22T01:52:32.938+0000][8][gc,phases   ] GC(7)   Merge Heap Roots: 0.2ms
[2022-04-22T01:52:32.938+0000][8][gc,phases   ] GC(7)   Evacuate Collection Set: 3.6ms
[2022-04-22T01:52:32.939+0000][8][gc,phases   ] GC(7)   Post Evacuate Collection Set: 0.6ms
[2022-04-22T01:52:32.940+0000][8][gc,phases   ] GC(7)   Other: 11.7ms
[2022-04-22T01:52:32.941+0000][8][gc,heap     ] GC(7) Eden regions: 48->0(72)
[2022-04-22T01:52:32.941+0000][8][gc,heap     ] GC(7) Survivor regions: 4->4(10)
[2022-04-22T01:52:32.942+0000][8][gc,heap     ] GC(7) Old regions: 2->2
[2022-04-22T01:52:32.942+0000][8][gc,heap     ] GC(7) Archive regions: 2->2
[2022-04-22T01:52:32.943+0000][8][gc,heap     ] GC(7) Humongous regions: 0->0
[2022-04-22T01:52:32.944+0000][8][gc,metaspace] GC(7) Metaspace: 20937K(21504K)->20937K(21504K) NonClass: 18349K(18688K)->18349K(18688K) Class: 2588K(2816K)->2588K(2816K)
[2022-04-22T01:52:32.944+0000][8][gc          ] GC(7) Pause Young (Concurrent Start) (Metadata GC Threshold) 212M->22M(512M) 23.531ms
[2022-04-22T01:52:32.945+0000][8][gc,cpu      ] GC(7) User=0.03s Sys=0.00s Real=0.03s
[2022-04-22T01:52:32.945+0000][8][gc          ] GC(8) Concurrent Mark Cycle
[2022-04-22T01:52:32.946+0000][8][gc,marking  ] GC(8) Concurrent Clear Claimed Marks
[2022-04-22T01:52:32.945+0000][8][safepoint   ] Safepoint "CollectForMetadataAllocation", Time since last: 129547958 ns, Reaching safepoint: 82958 ns, At safepoint: 24923042 ns, Total: 25006000 ns
[2022-04-22T01:52:32.947+0000][8][gc,marking  ] GC(8) Concurrent Clear Claimed Marks 0.571ms
[2022-04-22T01:52:32.948+0000][8][gc,marking  ] GC(8) Concurrent Scan Root Regions
[2022-04-22T01:52:32.952+0000][8][gc,marking  ] GC(8) Concurrent Scan Root Regions 3.940ms
[2022-04-22T01:52:32.953+0000][8][gc,marking  ] GC(8) Concurrent Mark
[2022-04-22T01:52:32.954+0000][8][gc,marking  ] GC(8) Concurrent Mark From Roots
[2022-04-22T01:52:32.954+0000][8][gc,task     ] GC(8) Using 1 workers of 1 for marking
[2022-04-22T01:52:32.958+0000][8][gc,marking  ] GC(8) Concurrent Mark From Roots 3.999ms
[2022-04-22T01:52:32.959+0000][8][gc,marking  ] GC(8) Concurrent Preclean
[2022-04-22T01:52:32.960+0000][8][gc,marking  ] GC(8) Concurrent Preclean 0.959ms
[2022-04-22T01:52:32.961+0000][8][gc,start    ] GC(8) Pause Remark
[2022-04-22T01:52:32.964+0000][8][gc          ] GC(8) Pause Remark 36M->36M(512M) 2.873ms
[2022-04-22T01:52:32.965+0000][8][gc,cpu      ] GC(8) User=0.01s Sys=0.00s Real=0.01s
[2022-04-22T01:52:32.965+0000][8][safepoint   ] Safepoint "G1Concurrent", Time since last: 14910542 ns, Reaching safepoint: 593625 ns, At safepoint: 4312333 ns, Total: 4905958 ns
[2022-04-22T01:52:32.966+0000][8][gc,marking  ] GC(8) Concurrent Mark 13.090ms
[2022-04-22T01:52:32.967+0000][8][gc,marking  ] GC(8) Concurrent Rebuild Remembered Sets
[2022-04-22T01:52:32.969+0000][8][gc,marking  ] GC(8) Concurrent Rebuild Remembered Sets 2.179ms
[2022-04-22T01:52:32.970+0000][8][gc,start    ] GC(8) Pause Cleanup
[2022-04-22T01:52:32.971+0000][8][gc          ] GC(8) Pause Cleanup 44M->44M(512M) 0.973ms
[2022-04-22T01:52:32.972+0000][8][gc,cpu      ] GC(8) User=0.00s Sys=0.00s Real=0.01s
[2022-04-22T01:52:32.972+0000][8][safepoint   ] Safepoint "G1Concurrent", Time since last: 4292875 ns, Reaching safepoint: 338625 ns, At safepoint: 2394083 ns, Total: 2732708 ns
[2022-04-22T01:52:32.973+0000][8][gc,marking  ] GC(8) Concurrent Cleanup for Next Mark
[2022-04-22T01:52:32.975+0000][8][gc,marking  ] GC(8) Concurrent Cleanup for Next Mark 1.621ms
[2022-04-22T01:52:32.976+0000][8][gc          ] GC(8) Concurrent Mark Cycle 30.368ms
[2022-04-22T01:52:33.248+0000][8][safepoint   ] Safepoint "ICBufferFull", Time since last: 275569250 ns, Reaching safepoint: 169125 ns, At safepoint: 13209 ns, Total: 182334 ns
[2022-04-22T01:52:33.337+0000][8][safepoint   ] Safepoint "ICBufferFull", Time since last: 88667333 ns, Reaching safepoint: 100500 ns, At safepoint: 3000 ns, Total: 103500 ns
[2022-04-22T01:52:33.339+0000][8][safepoint   ] Safepoint "ICBufferFull", Time since last: 1861292 ns, Reaching safepoint: 76583 ns, At safepoint: 2750 ns, Total: 79333 ns
[2022-04-22T01:52:33.340+0000][8][safepoint   ] Safepoint "ICBufferFull", Time since last: 1491458 ns, Reaching safepoint: 169959 ns, At safepoint: 2625 ns, Total: 172584 ns
[2022-04-22T01:52:33.342+0000][8][safepoint   ] Safepoint "ICBufferFull", Time since last: 1316708 ns, Reaching safepoint: 226083 ns, At safepoint: 17917 ns, Total: 244000 ns
[2022-04-22T01:52:33.344+0000][8][safepoint   ] Safepoint "ICBufferFull", Time since last: 1475083 ns, Reaching safepoint: 286709 ns, At safepoint: 2875 ns, Total: 289584 ns
[2022-04-22T01:52:33.345+0000][8][safepoint   ] Safepoint "ICBufferFull", Time since last: 1467750 ns, Reaching safepoint: 101875 ns, At safepoint: 2416 ns, Total: 104291 ns
[2022-04-22T01:52:33.347+0000][8][safepoint   ] Safepoint "ICBufferFull", Time since last: 1419750 ns, Reaching safepoint: 45209 ns, At safepoint: 1041 ns, Total: 46250 ns
[2022-04-22T01:52:33.358+0000][8][safepoint   ] Safepoint "ICBufferFull", Time since last: 10607292 ns, Reaching safepoint: 138833 ns, At safepoint: 9250 ns, Total: 148083 ns
[2022-04-22T01:52:33.361+0000][8][safepoint   ] Safepoint "ICBufferFull", Time since last: 1933917 ns, Reaching safepoint: 1001083 ns, At safepoint: 4000 ns, Total: 1005083 ns
[2022-04-22T01:52:33.362+0000][8][safepoint   ] Safepoint "ICBufferFull", Time since last: 1327000 ns, Reaching safepoint: 112667 ns, At safepoint: 2750 ns, Total: 115417 ns
[2022-04-22T01:52:33.363+0000][8][safepoint   ] Safepoint "ICBufferFull", Time since last: 1279667 ns, Reaching safepoint: 14916 ns, At safepoint: 917 ns, Total: 15833 ns
[2022-04-22T01:52:33.378+0000][8][safepoint   ] Safepoint "ICBufferFull", Time since last: 14221917 ns, Reaching safepoint: 91500 ns, At safepoint: 2541 ns, Total: 94041 ns
[2022-04-22T01:52:33.382+0000][8][safepoint   ] Safepoint "ICBufferFull", Time since last: 4471459 ns, Reaching safepoint: 231625 ns, At safepoint: 9250 ns, Total: 240875 ns
[2022-04-22T01:52:33.385+0000][8][safepoint   ] Safepoint "ICBufferFull", Time since last: 3005958 ns, Reaching safepoint: 167958 ns, At safepoint: 7667 ns, Total: 175625 ns
[2022-04-22T01:52:33.387+0000][8][safepoint   ] Safepoint "ICBufferFull", Time since last: 1254542 ns, Reaching safepoint: 25083 ns, At safepoint: 1000 ns, Total: 26083 ns
[2022-04-22T01:52:33.390+0000][8][safepoint   ] Safepoint "ICBufferFull", Time since last: 3296667 ns, Reaching safepoint: 41333 ns, At safepoint: 2250 ns, Total: 43583 ns
[2022-04-22T01:52:33.395+0000][8][safepoint   ] Safepoint "ICBufferFull", Time since last: 5235833 ns, Reaching safepoint: 151084 ns, At safepoint: 8625 ns, Total: 159709 ns
[2022-04-22T01:52:33.481+0000][8][safepoint   ] Safepoint "ICBufferFull", Time since last: 85100208 ns, Reaching safepoint: 194042 ns, At safepoint: 2875 ns, Total: 196917 ns
[2022-04-22T01:52:33.687+0000][8][safepoint   ] Safepoint "ICBufferFull", Time since last: 205883083 ns, Reaching safepoint: 178334 ns, At safepoint: 3083 ns, Total: 181417 ns
[2022-04-22T01:52:33.887+0000][8][safepoint   ] Safepoint "ICBufferFull", Time since last: 200438708 ns, Reaching safepoint: 167500 ns, At safepoint: 6125 ns, Total: 173625 ns
[2022-04-22T01:52:34.130+0000][8][gc,start    ] GC(9) Pause Young (Normal) (G1 Evacuation Pause)
[2022-04-22T01:52:34.131+0000][8][gc,task     ] GC(9) Using 5 workers of 5 for evacuation
[2022-04-22T01:52:34.133+0000][8][gc,age      ] GC(9) Desired survivor size 20971520 bytes, new threshold 15 (max threshold 15)
[2022-04-22T01:52:34.149+0000][8][gc,age      ] GC(9) Age table with threshold 15 (max threshold 15)
[2022-04-22T01:52:34.151+0000][8][gc,age      ] GC(9) - age   1:   25178296 bytes,   25178296 total
[2022-04-22T01:52:34.153+0000][8][gc,age      ] GC(9) - age   2:     651600 bytes,   25829896 total
[2022-04-22T01:52:34.154+0000][8][gc,age      ] GC(9) - age   3:    2145032 bytes,   27974928 total
[2022-04-22T01:52:34.155+0000][8][gc,age      ] GC(9) - age   4:    1313056 bytes,   29287984 total
[2022-04-22T01:52:34.156+0000][8][gc,age      ] GC(9) - age   5:    5042288 bytes,   34330272 total
[2022-04-22T01:52:34.157+0000][8][gc,age      ] GC(9) - age   6:    2305496 bytes,   36635768 total
[2022-04-22T01:52:34.158+0000][8][gc,age      ] GC(9) - age   7:     707776 bytes,   37343544 total
[2022-04-22T01:52:34.158+0000][8][gc,age      ] GC(9) - age   8:    1936032 bytes,   39279576 total
[2022-04-22T01:52:34.160+0000][8][gc,phases   ] GC(9)   Pre Evacuate Collection Set: 0.1ms
[2022-04-22T01:52:34.160+0000][8][gc,phases   ] GC(9)   Merge Heap Roots: 0.1ms
[2022-04-22T01:52:34.161+0000][8][gc,phases   ] GC(9)   Evacuate Collection Set: 13.0ms
[2022-04-22T01:52:34.162+0000][8][gc,phases   ] GC(9)   Post Evacuate Collection Set: 1.5ms
[2022-04-22T01:52:34.163+0000][8][gc,phases   ] GC(9)   Other: 14.7ms
[2022-04-22T01:52:34.164+0000][8][gc,heap     ] GC(9) Eden regions: 72->0(66)
[2022-04-22T01:52:34.165+0000][8][gc,heap     ] GC(9) Survivor regions: 4->10(10)
[2022-04-22T01:52:34.165+0000][8][gc,heap     ] GC(9) Old regions: 2->2
[2022-04-22T01:52:34.166+0000][8][gc,heap     ] GC(9) Archive regions: 2->2
[2022-04-22T01:52:34.167+0000][8][gc,heap     ] GC(9) Humongous regions: 0->0
[2022-04-22T01:52:34.168+0000][8][gc,metaspace] GC(9) Metaspace: 30717K(31552K)->30717K(31552K) NonClass: 26777K(27264K)->26777K(27264K) Class: 3940K(4288K)->3940K(4288K)
[2022-04-22T01:52:34.168+0000][8][gc          ] GC(9) Pause Young (Normal) (G1 Evacuation Pause) 310M->46M(512M) 38.038ms
[2022-04-22T01:52:34.169+0000][8][gc,cpu      ] GC(9) User=0.07s Sys=0.00s Real=0.04s
[2022-04-22T01:52:34.170+0000][8][safepoint   ] Safepoint "G1CollectForAllocation", Time since last: 242573917 ns, Reaching safepoint: 147209 ns, At safepoint: 39636958 ns, Total: 39784167 ns
[2022-04-22T01:52:34.320+0000][8][safepoint   ] Safepoint "ICBufferFull", Time since last: 150274250 ns, Reaching safepoint: 179708 ns, At safepoint: 3459 ns, Total: 183167 ns
[2022-04-22T01:52:34.350+0000][8][gc,start    ] GC(10) Pause Young (Concurrent Start) (Metadata GC Threshold)
[2022-04-22T01:52:34.351+0000][8][gc,task     ] GC(10) Using 5 workers of 5 for evacuation
[2022-04-22T01:52:34.352+0000][8][gc,age      ] GC(10) Desired survivor size 20971520 bytes, new threshold 1 (max threshold 15)
[2022-04-22T01:52:34.373+0000][8][gc,age      ] GC(10) Age table with threshold 1 (max threshold 15)
[2022-04-22T01:52:34.375+0000][8][gc,age      ] GC(10) - age   1:    2518776 bytes,    2518776 total
[2022-04-22T01:52:34.375+0000][8][gc,phases   ] GC(10)   Pre Evacuate Collection Set: 0.3ms
[2022-04-22T01:52:34.376+0000][8][gc,phases   ] GC(10)   Merge Heap Roots: 0.1ms
[2022-04-22T01:52:34.378+0000][8][gc,phases   ] GC(10)   Evacuate Collection Set: 19.0ms
[2022-04-22T01:52:34.379+0000][8][gc,phases   ] GC(10)   Post Evacuate Collection Set: 0.8ms
[2022-04-22T01:52:34.379+0000][8][gc,phases   ] GC(10)   Other: 5.6ms
[2022-04-22T01:52:34.380+0000][8][gc,heap     ] GC(10) Eden regions: 9->0(74)
[2022-04-22T01:52:34.381+0000][8][gc,heap     ] GC(10) Survivor regions: 10->2(10)
[2022-04-22T01:52:34.382+0000][8][gc,heap     ] GC(10) Old regions: 2->11
[2022-04-22T01:52:34.383+0000][8][gc,heap     ] GC(10) Archive regions: 2->2
[2022-04-22T01:52:34.384+0000][8][gc,heap     ] GC(10) Humongous regions: 0->0
[2022-04-22T01:52:34.385+0000][8][gc,metaspace] GC(10) Metaspace: 35091K(35968K)->35091K(35968K) NonClass: 30440K(30976K)->30440K(30976K) Class: 4650K(4992K)->4650K(4992K)
[2022-04-22T01:52:34.386+0000][8][gc          ] GC(10) Pause Young (Concurrent Start) (Metadata GC Threshold) 82M->50M(512M) 36.280ms
[2022-04-22T01:52:34.387+0000][8][gc,cpu      ] GC(10) User=0.11s Sys=0.00s Real=0.04s
[2022-04-22T01:52:34.387+0000][8][safepoint   ] Safepoint "CollectForMetadataAllocation", Time since last: 29243375 ns, Reaching safepoint: 175958 ns, At safepoint: 37752292 ns, Total: 37928250 ns
[2022-04-22T01:52:34.387+0000][8][gc          ] GC(11) Concurrent Mark Cycle
[2022-04-22T01:52:34.389+0000][8][gc,marking  ] GC(11) Concurrent Clear Claimed Marks
[2022-04-22T01:52:34.390+0000][8][gc,marking  ] GC(11) Concurrent Clear Claimed Marks 0.828ms
[2022-04-22T01:52:34.391+0000][8][gc,marking  ] GC(11) Concurrent Scan Root Regions
[2022-04-22T01:52:34.400+0000][8][safepoint   ] Safepoint "CollectForMetadataAllocation", Time since last: 12342333 ns, Reaching safepoint: 85333 ns, At safepoint: 28292 ns, Total: 113625 ns
[2022-04-22T01:52:34.408+0000][8][gc,marking  ] GC(11) Concurrent Scan Root Regions 16.802ms
[2022-04-22T01:52:34.409+0000][8][gc,marking  ] GC(11) Concurrent Mark
[2022-04-22T01:52:34.410+0000][8][gc,marking  ] GC(11) Concurrent Mark From Roots
[2022-04-22T01:52:34.411+0000][8][gc,task     ] GC(11) Using 1 workers of 1 for marking
[2022-04-22T01:52:34.415+0000][8][gc,marking  ] GC(11) Concurrent Mark From Roots 4.760ms
[2022-04-22T01:52:34.416+0000][8][gc,marking  ] GC(11) Concurrent Preclean
[2022-04-22T01:52:34.417+0000][8][safepoint   ] Safepoint "CollectForMetadataAllocation", Time since last: 17249750 ns, Reaching safepoint: 40000 ns, At safepoint: 42750 ns, Total: 82750 ns
[2022-04-22T01:52:34.418+0000][8][gc,marking  ] GC(11) Concurrent Preclean 1.720ms
[2022-04-22T01:52:34.419+0000][8][gc,start    ] GC(11) Pause Remark
[2022-04-22T01:52:34.422+0000][8][gc          ] GC(11) Pause Remark 54M->54M(512M) 3.099ms
[2022-04-22T01:52:34.423+0000][8][gc,cpu      ] GC(11) User=0.01s Sys=0.00s Real=0.01s
[2022-04-22T01:52:34.424+0000][8][safepoint   ] Safepoint "G1Concurrent", Time since last: 1342250 ns, Reaching safepoint: 302958 ns, At safepoint: 4888250 ns, Total: 5191208 ns
[2022-04-22T01:52:34.425+0000][8][gc,marking  ] GC(11) Concurrent Mark 15.356ms
[2022-04-22T01:52:34.425+0000][8][gc,marking  ] GC(11) Concurrent Rebuild Remembered Sets
[2022-04-22T01:52:34.445+0000][8][gc,marking  ] GC(11) Concurrent Rebuild Remembered Sets 19.684ms
[2022-04-22T01:52:34.447+0000][8][gc,start    ] GC(11) Pause Cleanup
[2022-04-22T01:52:34.448+0000][8][gc          ] GC(11) Pause Cleanup 56M->56M(512M) 1.011ms
[2022-04-22T01:52:34.449+0000][8][gc,cpu      ] GC(11) User=0.00s Sys=0.00s Real=0.00s
[2022-04-22T01:52:34.450+0000][8][safepoint   ] Safepoint "G1Concurrent", Time since last: 22624250 ns, Reaching safepoint: 468209 ns, At safepoint: 3193125 ns, Total: 3661334 ns
[2022-04-22T01:52:34.451+0000][8][gc,marking  ] GC(11) Concurrent Cleanup for Next Mark
[2022-04-22T01:52:34.452+0000][8][gc,marking  ] GC(11) Concurrent Cleanup for Next Mark 1.213ms
[2022-04-22T01:52:34.453+0000][8][gc          ] GC(11) Concurrent Mark Cycle 65.357ms
[2022-04-22T01:52:34.653+0000][8][safepoint   ] Safepoint "ICBufferFull", Time since last: 202629791 ns, Reaching safepoint: 173792 ns, At safepoint: 16875 ns, Total: 190667 ns
[2022-04-22T01:52:34.958+0000][8][safepoint   ] Safepoint "ICBufferFull", Time since last: 305360375 ns, Reaching safepoint: 126125 ns, At safepoint: 8625 ns, Total: 134750 ns
[2022-04-22T01:52:35.105+0000][8][safepoint   ] Safepoint "ICBufferFull", Time since last: 146532834 ns, Reaching safepoint: 250708 ns, At safepoint: 9958 ns, Total: 260666 ns
[2022-04-22T01:52:35.153+0000][8][safepoint   ] Safepoint "ICBufferFull", Time since last: 47227334 ns, Reaching safepoint: 321500 ns, At safepoint: 18083 ns, Total: 339583 ns
[2022-04-22T01:52:35.336+0000][8][gc,start    ] GC(12) Pause Young (Concurrent Start) (G1 Evacuation Pause)
[2022-04-22T01:52:35.337+0000][8][gc,task     ] GC(12) Using 5 workers of 5 for evacuation
[2022-04-22T01:52:35.338+0000][8][gc,age      ] GC(12) Desired survivor size 20971520 bytes, new threshold 15 (max threshold 15)
[2022-04-22T01:52:35.345+0000][8][gc,age      ] GC(12) Age table with threshold 15 (max threshold 15)
[2022-04-22T01:52:35.346+0000][8][gc,age      ] GC(12) - age   1:    6105728 bytes,    6105728 total
[2022-04-22T01:52:35.346+0000][8][gc,age      ] GC(12) - age   2:    2428568 bytes,    8534296 total
[2022-04-22T01:52:35.349+0000][8][gc,phases   ] GC(12)   Pre Evacuate Collection Set: 0.2ms
[2022-04-22T01:52:35.349+0000][8][gc,phases   ] GC(12)   Merge Heap Roots: 0.2ms
[2022-04-22T01:52:35.350+0000][8][gc,phases   ] GC(12)   Evacuate Collection Set: 4.1ms
[2022-04-22T01:52:35.351+0000][8][gc,phases   ] GC(12)   Post Evacuate Collection Set: 1.1ms
[2022-04-22T01:52:35.352+0000][8][gc,phases   ] GC(12)   Other: 7.2ms
[2022-04-22T01:52:35.352+0000][8][gc,heap     ] GC(12) Eden regions: 74->0(73)
[2022-04-22T01:52:35.353+0000][8][gc,heap     ] GC(12) Survivor regions: 2->3(10)
[2022-04-22T01:52:35.354+0000][8][gc,heap     ] GC(12) Old regions: 11->11
[2022-04-22T01:52:35.354+0000][8][gc,heap     ] GC(12) Archive regions: 2->2
[2022-04-22T01:52:35.355+0000][8][gc,heap     ] GC(12) Humongous regions: 0->0
[2022-04-22T01:52:35.356+0000][8][gc,metaspace] GC(12) Metaspace: 52257K(53440K)->52257K(53440K) NonClass: 45168K(45888K)->45168K(45888K) Class: 7089K(7552K)->7089K(7552K)
[2022-04-22T01:52:35.356+0000][8][gc          ] GC(12) Pause Young (Concurrent Start) (G1 Evacuation Pause) 346M->54M(512M) 20.595ms
[2022-04-22T01:52:35.357+0000][8][gc,cpu      ] GC(12) User=0.02s Sys=0.00s Real=0.02s
[2022-04-22T01:52:35.358+0000][8][gc          ] GC(13) Concurrent Mark Cycle
[2022-04-22T01:52:35.358+0000][8][gc,marking  ] GC(13) Concurrent Clear Claimed Marks
[2022-04-22T01:52:35.358+0000][8][safepoint   ] Safepoint "G1CollectForAllocation", Time since last: 182864875 ns, Reaching safepoint: 202083 ns, At safepoint: 22032000 ns, Total: 22234083 ns
[2022-04-22T01:52:35.359+0000][8][gc,marking  ] GC(13) Concurrent Clear Claimed Marks 0.677ms
[2022-04-22T01:52:35.360+0000][8][gc,marking  ] GC(13) Concurrent Scan Root Regions
[2022-04-22T01:52:35.366+0000][8][gc,marking  ] GC(13) Concurrent Scan Root Regions 5.923ms
[2022-04-22T01:52:35.367+0000][8][gc,marking  ] GC(13) Concurrent Mark
[2022-04-22T01:52:35.368+0000][8][gc,marking  ] GC(13) Concurrent Mark From Roots
[2022-04-22T01:52:35.368+0000][8][gc,task     ] GC(13) Using 1 workers of 1 for marking
[2022-04-22T01:52:35.404+0000][8][gc,marking  ] GC(13) Concurrent Mark From Roots 36.068ms
[2022-04-22T01:52:35.405+0000][8][gc,marking  ] GC(13) Concurrent Preclean
[2022-04-22T01:52:35.406+0000][8][gc,marking  ] GC(13) Concurrent Preclean 1.352ms
[2022-04-22T01:52:35.407+0000][8][gc,start    ] GC(13) Pause Remark
[2022-04-22T01:52:35.412+0000][8][gc          ] GC(13) Pause Remark 82M->82M(512M) 4.489ms
[2022-04-22T01:52:35.413+0000][8][gc,cpu      ] GC(13) User=0.02s Sys=0.00s Real=0.01s
[2022-04-22T01:52:35.414+0000][8][safepoint   ] Safepoint "G1Concurrent", Time since last: 49260792 ns, Reaching safepoint: 349750 ns, At safepoint: 6485792 ns, Total: 6835542 ns
[2022-04-22T01:52:35.415+0000][8][gc,marking  ] GC(13) Concurrent Mark 47.208ms
[2022-04-22T01:52:35.415+0000][8][gc,marking  ] GC(13) Concurrent Rebuild Remembered Sets
[2022-04-22T01:52:35.437+0000][8][gc,marking  ] GC(13) Concurrent Rebuild Remembered Sets 21.735ms
[2022-04-22T01:52:35.439+0000][8][gc,start    ] GC(13) Pause Cleanup
[2022-04-22T01:52:35.440+0000][8][gc          ] GC(13) Pause Cleanup 84M->84M(512M) 1.297ms
[2022-04-22T01:52:35.441+0000][8][gc,cpu      ] GC(13) User=0.00s Sys=0.00s Real=0.00s
[2022-04-22T01:52:35.442+0000][8][safepoint   ] Safepoint "G1Concurrent", Time since last: 24461875 ns, Reaching safepoint: 277250 ns, At safepoint: 2922458 ns, Total: 3199708 ns
[2022-04-22T01:52:35.442+0000][8][gc,marking  ] GC(13) Concurrent Cleanup for Next Mark
[2022-04-22T01:52:35.444+0000][8][gc,marking  ] GC(13) Concurrent Cleanup for Next Mark 1.227ms
[2022-04-22T01:52:35.444+0000][8][gc          ] GC(13) Concurrent Mark Cycle 86.344ms
[2022-04-22T01:52:35.653+0000][8][safepoint   ] Safepoint "ICBufferFull", Time since last: 210585334 ns, Reaching safepoint: 484875 ns, At safepoint: 12750 ns, Total: 497625 ns
[2022-04-22T01:52:35.966+0000][8][safepoint   ] Safepoint "ICBufferFull", Time since last: 312928083 ns, Reaching safepoint: 312417 ns, At safepoint: 9250 ns, Total: 321667 ns
[2022-04-22T01:52:36.264+0000][8][safepoint   ] Safepoint "ICBufferFull", Time since last: 297419542 ns, Reaching safepoint: 265708 ns, At safepoint: 61625 ns, Total: 327333 ns
[2022-04-22T01:52:36.335+0000][8][safepoint   ] Safepoint "ICBufferFull", Time since last: 71396917 ns, Reaching safepoint: 265083 ns, At safepoint: 25042 ns, Total: 290125 ns
[2022-04-22T01:52:36.560+0000][8][safepoint   ] Safepoint "ICBufferFull", Time since last: 224558875 ns, Reaching safepoint: 168750 ns, At safepoint: 3583 ns, Total: 172333 ns
[2022-04-22T01:52:36.740+0000][8][safepoint   ] Safepoint "ICBufferFull", Time since last: 179451542 ns, Reaching safepoint: 345958 ns, At safepoint: 3583 ns, Total: 349541 ns
[2022-04-22T01:52:36.849+0000][8][safepoint   ] Safepoint "ICBufferFull", Time since last: 108603792 ns, Reaching safepoint: 213667 ns, At safepoint: 25666 ns, Total: 239333 ns
[2022-04-22T01:52:37.073+0000][8][safepoint   ] Safepoint "ICBufferFull", Time since last: 224382959 ns, Reaching safepoint: 201750 ns, At safepoint: 3625 ns, Total: 205375 ns
[2022-04-22T01:52:37.372+0000][8][gc,start    ] GC(14) Pause Young (Concurrent Start) (Metadata GC Threshold)
[2022-04-22T01:52:37.373+0000][8][gc,task     ] GC(14) Using 5 workers of 5 for evacuation
[2022-04-22T01:52:37.374+0000][8][gc,age      ] GC(14) Desired survivor size 20971520 bytes, new threshold 15 (max threshold 15)
[2022-04-22T01:52:37.388+0000][8][gc,age      ] GC(14) Age table with threshold 15 (max threshold 15)
[2022-04-22T01:52:37.390+0000][8][gc,age      ] GC(14) - age   1:   14347480 bytes,   14347480 total
[2022-04-22T01:52:37.390+0000][8][gc,age      ] GC(14) - age   2:    5816544 bytes,   20164024 total
[2022-04-22T01:52:37.391+0000][8][gc,age      ] GC(14) - age   3:    2407296 bytes,   22571320 total
[2022-04-22T01:52:37.392+0000][8][gc,phases   ] GC(14)   Pre Evacuate Collection Set: 0.3ms
[2022-04-22T01:52:37.393+0000][8][gc,phases   ] GC(14)   Merge Heap Roots: 0.2ms
[2022-04-22T01:52:37.394+0000][8][gc,phases   ] GC(14)   Evacuate Collection Set: 10.4ms
[2022-04-22T01:52:37.394+0000][8][gc,phases   ] GC(14)   Post Evacuate Collection Set: 2.1ms
[2022-04-22T01:52:37.395+0000][8][gc,phases   ] GC(14)   Other: 6.7ms
[2022-04-22T01:52:37.396+0000][8][gc,heap     ] GC(14) Eden regions: 70->0(70)
[2022-04-22T01:52:37.397+0000][8][gc,heap     ] GC(14) Survivor regions: 3->6(10)
[2022-04-22T01:52:37.398+0000][8][gc,heap     ] GC(14) Old regions: 11->11
[2022-04-22T01:52:37.399+0000][8][gc,heap     ] GC(14) Archive regions: 2->2
[2022-04-22T01:52:37.399+0000][8][gc,heap     ] GC(14) Humongous regions: 0->0
[2022-04-22T01:52:37.400+0000][8][gc,metaspace] GC(14) Metaspace: 87658K(89088K)->87658K(89088K) NonClass: 75454K(76288K)->75454K(76288K) Class: 12204K(12800K)->12204K(12800K)
[2022-04-22T01:52:37.400+0000][8][gc          ] GC(14) Pause Young (Concurrent Start) (Metadata GC Threshold) 334M->67M(512M) 27.944ms
[2022-04-22T01:52:37.401+0000][8][gc,cpu      ] GC(14) User=0.05s Sys=0.00s Real=0.02s
[2022-04-22T01:52:37.401+0000][8][gc          ] GC(15) Concurrent Mark Cycle
[2022-04-22T01:52:37.402+0000][8][gc,marking  ] GC(15) Concurrent Clear Claimed Marks
[2022-04-22T01:52:37.403+0000][8][gc,marking  ] GC(15) Concurrent Clear Claimed Marks 0.722ms
[2022-04-22T01:52:37.404+0000][8][gc,marking  ] GC(15) Concurrent Scan Root Regions
[2022-04-22T01:52:37.401+0000][8][safepoint   ] Safepoint "CollectForMetadataAllocation", Time since last: 298860167 ns, Reaching safepoint: 188708 ns, At safepoint: 29136542 ns, Total: 29325250 ns
[2022-04-22T01:52:37.417+0000][8][gc,marking  ] GC(15) Concurrent Scan Root Regions 12.870ms
[2022-04-22T01:52:37.418+0000][8][gc,marking  ] GC(15) Concurrent Mark
[2022-04-22T01:52:37.419+0000][8][gc,marking  ] GC(15) Concurrent Mark From Roots
[2022-04-22T01:52:37.420+0000][8][gc,task     ] GC(15) Using 1 workers of 1 for marking
[2022-04-22T01:52:37.429+0000][8][safepoint   ] Safepoint "CollectForMetadataAllocation", Time since last: 27511750 ns, Reaching safepoint: 201583 ns, At safepoint: 35000 ns, Total: 236583 ns
[2022-04-22T01:52:37.432+0000][8][safepoint   ] Safepoint "CollectForMetadataAllocation", Time since last: 1912042 ns, Reaching safepoint: 380375 ns, At safepoint: 29208 ns, Total: 409583 ns
[2022-04-22T01:52:37.441+0000][8][safepoint   ] Safepoint "CollectForMetadataAllocation", Time since last: 9412292 ns, Reaching safepoint: 240250 ns, At safepoint: 48583 ns, Total: 288833 ns
[2022-04-22T01:52:37.458+0000][8][gc,marking  ] GC(15) Concurrent Mark From Roots 39.649ms
[2022-04-22T01:52:37.459+0000][8][gc,marking  ] GC(15) Concurrent Preclean
[2022-04-22T01:52:37.461+0000][8][gc,marking  ] GC(15) Concurrent Preclean 1.805ms
[2022-04-22T01:52:37.465+0000][8][gc,start    ] GC(15) Pause Remark
[2022-04-22T01:52:37.469+0000][8][gc          ] GC(15) Pause Remark 81M->81M(512M) 4.072ms
[2022-04-22T01:52:37.470+0000][8][gc,cpu      ] GC(15) User=0.01s Sys=0.00s Real=0.00s
[2022-04-22T01:52:37.471+0000][8][safepoint   ] Safepoint "G1Concurrent", Time since last: 20929125 ns, Reaching safepoint: 3081542 ns, At safepoint: 5543708 ns, Total: 8625250 ns
[2022-04-22T01:52:37.472+0000][8][gc,marking  ] GC(15) Concurrent Mark 53.898ms
[2022-04-22T01:52:37.473+0000][8][gc,marking  ] GC(15) Concurrent Rebuild Remembered Sets
[2022-04-22T01:52:37.514+0000][8][gc,marking  ] GC(15) Concurrent Rebuild Remembered Sets 41.436ms
[2022-04-22T01:52:37.516+0000][8][gc,start    ] GC(15) Pause Cleanup
[2022-04-22T01:52:37.517+0000][8][gc          ] GC(15) Pause Cleanup 84M->84M(512M) 0.709ms
[2022-04-22T01:52:37.518+0000][8][gc,cpu      ] GC(15) User=0.00s Sys=0.00s Real=0.00s
[2022-04-22T01:52:37.519+0000][8][safepoint   ] Safepoint "G1Concurrent", Time since last: 45000792 ns, Reaching safepoint: 295250 ns, At safepoint: 2661083 ns, Total: 2956333 ns
[2022-04-22T01:52:37.520+0000][8][gc,marking  ] GC(15) Concurrent Cleanup for Next Mark
[2022-04-22T01:52:37.521+0000][8][gc,marking  ] GC(15) Concurrent Cleanup for Next Mark 1.088ms
[2022-04-22T01:52:37.522+0000][8][gc          ] GC(15) Concurrent Mark Cycle 120.798ms
[2022-04-22T01:52:37.679+0000][8][safepoint   ] Safepoint "ICBufferFull", Time since last: 159727667 ns, Reaching safepoint: 228125 ns, At safepoint: 16083 ns, Total: 244208 ns
[2022-04-22T01:52:38.070+0000][8][safepoint   ] Safepoint "ICBufferFull", Time since last: 391102834 ns, Reaching safepoint: 165958 ns, At safepoint: 56667 ns, Total: 222625 ns
[2022-04-22T01:52:38.311+0000][8][safepoint   ] Safepoint "ICBufferFull", Time since last: 239970458 ns, Reaching safepoint: 531959 ns, At safepoint: 21666 ns, Total: 553625 ns
[2022-04-22T01:52:38.458+0000][8][safepoint   ] Safepoint "ICBufferFull", Time since last: 147477167 ns, Reaching safepoint: 383625 ns, At safepoint: 15167 ns, Total: 398792 ns
[2022-04-22T01:52:38.461+0000][8][safepoint   ] Safepoint "ICBufferFull", Time since last: 1563916 ns, Reaching safepoint: 620667 ns, At safepoint: 31000 ns, Total: 651667 ns
[2022-04-22T01:52:38.751+0000][8][safepoint   ] Safepoint "ICBufferFull", Time since last: 287769750 ns, Reaching safepoint: 2438042 ns, At safepoint: 37000 ns, Total: 2475042 ns
[2022-04-22T01:52:38.978+0000][8][safepoint   ] Safepoint "ICBufferFull", Time since last: 224814333 ns, Reaching safepoint: 2501625 ns, At safepoint: 23500 ns, Total: 2525125 ns
[2022-04-22T01:52:39.233+0000][8][safepoint   ] Safepoint "ICBufferFull", Time since last: 252070084 ns, Reaching safepoint: 2475333 ns, At safepoint: 18667 ns, Total: 2494000 ns
[2022-04-22T01:52:40.186+0000][8][safepoint   ] Safepoint "ICBufferFull", Time since last: 952584792 ns, Reaching safepoint: 538166 ns, At safepoint: 15500 ns, Total: 553666 ns
[2022-04-22T01:52:40.724+0000][8][safepoint   ] Safepoint "ICBufferFull", Time since last: 538057751 ns, Reaching safepoint: 195583 ns, At safepoint: 31875 ns, Total: 227458 ns
[2022-04-22T01:52:41.552+0000][8][safepoint   ] Safepoint "ICBufferFull", Time since last: 827277959 ns, Reaching safepoint: 297833 ns, At safepoint: 9708 ns, Total: 307541 ns
[2022-04-22T01:52:42.554+0000][8][safepoint   ] Safepoint "Cleanup", Time since last: 1000987043 ns, Reaching safepoint: 970208 ns, At safepoint: 13125 ns, Total: 983333 ns
[2022-04-22T01:52:43.561+0000][8][safepoint   ] Safepoint "Cleanup", Time since last: 1005960875 ns, Reaching safepoint: 877625 ns, At safepoint: 18709 ns, Total: 896334 ns
[2022-04-22T01:52:44.574+0000][8][safepoint   ] Safepoint "Cleanup", Time since last: 1012741708 ns, Reaching safepoint: 361584 ns, At safepoint: 19541 ns, Total: 381125 ns
[2022-04-22T01:52:45.594+0000][8][safepoint   ] Safepoint "Cleanup", Time since last: 1019360043 ns, Reaching safepoint: 653708 ns, At safepoint: 15542 ns, Total: 669250 ns
[2022-04-22T01:52:49.404+0000][8][safepoint   ] Safepoint "Cleanup", Time since last: 3809662293 ns, Reaching safepoint: 171417 ns, At safepoint: 25625 ns, Total: 197042 ns
[2022-04-22T01:52:50.440+0000][8][safepoint   ] Safepoint "Cleanup", Time since last: 1036059834 ns, Reaching safepoint: 565625 ns, At safepoint: 13500 ns, Total: 579125 ns
[2022-04-22T01:52:51.453+0000][8][safepoint   ] Safepoint "Cleanup", Time since last: 1011955250 ns, Reaching safepoint: 439708 ns, At safepoint: 18292 ns, Total: 458000 ns
[2022-04-22T01:52:53.481+0000][8][safepoint   ] Safepoint "Cleanup", Time since last: 2019436959 ns, Reaching safepoint: 364625 ns, At safepoint: 14083 ns, Total: 378708 ns
[2022-04-22T01:52:55.499+0000][8][safepoint   ] Safepoint "Cleanup", Time since last: 2017430085 ns, Reaching safepoint: 742791 ns, At safepoint: 20375 ns, Total: 763166 ns
[2022-04-22T01:52:57.510+0000][8][safepoint   ] Safepoint "Cleanup", Time since last: 2010422585 ns, Reaching safepoint: 465500 ns, At safepoint: 17416 ns, Total: 482916 ns
[2022-04-22T01:53:02.521+0000][8][safepoint   ] Safepoint "Cleanup", Time since last: 5010060503 ns, Reaching safepoint: 287041 ns, At safepoint: 17167 ns, Total: 304208 ns
[2022-04-22T01:53:04.536+0000][8][safepoint   ] Safepoint "Cleanup", Time since last: 2014811043 ns, Reaching safepoint: 796291 ns, At safepoint: 19292 ns, Total: 815583 ns
[2022-04-22T01:53:05.545+0000][8][safepoint   ] Safepoint "Cleanup", Time since last: 1007569042 ns, Reaching safepoint: 669667 ns, At safepoint: 7708 ns, Total: 677375 ns
[2022-04-22T01:53:06.548+0000][8][safepoint   ] Safepoint "Cleanup", Time since last: 1002841001 ns, Reaching safepoint: 350708 ns, At safepoint: 15917 ns, Total: 366625 ns
[2022-04-22T01:53:07.315+0000][8][gc,start    ] GC(16) Pause Young (Concurrent Start) (G1 Evacuation Pause)
[2022-04-22T01:53:07.316+0000][8][gc,task     ] GC(16) Using 5 workers of 5 for evacuation
[2022-04-22T01:53:07.318+0000][8][gc,age      ] GC(16) Desired survivor size 20971520 bytes, new threshold 3 (max threshold 15)
[2022-04-22T01:53:07.337+0000][8][gc,age      ] GC(16) Age table with threshold 3 (max threshold 15)
[2022-04-22T01:53:07.338+0000][8][gc,age      ] GC(16) - age   1:    7457760 bytes,    7457760 total
[2022-04-22T01:53:07.339+0000][8][gc,age      ] GC(16) - age   2:   13771496 bytes,   21229256 total
[2022-04-22T01:53:07.339+0000][8][gc,age      ] GC(16) - age   3:    5635736 bytes,   26864992 total
[2022-04-22T01:53:07.340+0000][8][gc,phases   ] GC(16)   Pre Evacuate Collection Set: 0.4ms
[2022-04-22T01:53:07.341+0000][8][gc,phases   ] GC(16)   Merge Heap Roots: 0.1ms
[2022-04-22T01:53:07.341+0000][8][gc,phases   ] GC(16)   Evacuate Collection Set: 12.0ms
[2022-04-22T01:53:07.342+0000][8][gc,phases   ] GC(16)   Post Evacuate Collection Set: 5.3ms
[2022-04-22T01:53:07.343+0000][8][gc,phases   ] GC(16)   Other: 7.2ms
[2022-04-22T01:53:07.343+0000][8][gc,heap     ] GC(16) Eden regions: 70->0(69)
[2022-04-22T01:53:07.344+0000][8][gc,heap     ] GC(16) Survivor regions: 6->7(10)
[2022-04-22T01:53:07.344+0000][8][gc,heap     ] GC(16) Old regions: 11->12
[2022-04-22T01:53:07.345+0000][8][gc,heap     ] GC(16) Archive regions: 2->2
[2022-04-22T01:53:07.345+0000][8][gc,heap     ] GC(16) Humongous regions: 6->6
[2022-04-22T01:53:07.346+0000][8][gc,metaspace] GC(16) Metaspace: 101048K(102528K)->101048K(102528K) NonClass: 86860K(87744K)->86860K(87744K) Class: 14187K(14784K)->14187K(14784K)
[2022-04-22T01:53:07.347+0000][8][gc          ] GC(16) Pause Young (Concurrent Start) (G1 Evacuation Pause) 371M->99M(512M) 32.069ms
[2022-04-22T01:53:07.348+0000][8][gc,cpu      ] GC(16) User=0.06s Sys=0.00s Real=0.03s
[2022-04-22T01:53:07.349+0000][8][safepoint   ] Safepoint "G1CollectForAllocation", Time since last: 767061917 ns, Reaching safepoint: 98333 ns, At safepoint: 34017000 ns, Total: 34115333 ns
[2022-04-22T01:53:07.349+0000][8][gc          ] GC(17) Concurrent Mark Cycle
[2022-04-22T01:53:07.352+0000][8][gc,marking  ] GC(17) Concurrent Clear Claimed Marks
[2022-04-22T01:53:07.353+0000][8][gc,marking  ] GC(17) Concurrent Clear Claimed Marks 1.046ms
[2022-04-22T01:53:07.354+0000][8][gc,marking  ] GC(17) Concurrent Scan Root Regions
[2022-04-22T01:53:07.370+0000][8][gc,marking  ] GC(17) Concurrent Scan Root Regions 16.239ms
[2022-04-22T01:53:07.371+0000][8][gc,marking  ] GC(17) Concurrent Mark
[2022-04-22T01:53:07.372+0000][8][gc,marking  ] GC(17) Concurrent Mark From Roots
[2022-04-22T01:53:07.372+0000][8][gc,task     ] GC(17) Using 1 workers of 1 for marking
[2022-04-22T01:53:07.409+0000][8][gc,marking  ] GC(17) Concurrent Mark From Roots 37.547ms
[2022-04-22T01:53:07.410+0000][8][gc,marking  ] GC(17) Concurrent Preclean
[2022-04-22T01:53:07.412+0000][8][gc,marking  ] GC(17) Concurrent Preclean 1.417ms
[2022-04-22T01:53:07.413+0000][8][gc,start    ] GC(17) Pause Remark
[2022-04-22T01:53:07.418+0000][8][gc          ] GC(17) Pause Remark 172M->172M(512M) 5.100ms
[2022-04-22T01:53:07.419+0000][8][gc,cpu      ] GC(17) User=0.01s Sys=0.00s Real=0.00s
[2022-04-22T01:53:07.420+0000][8][safepoint   ] Safepoint "G1Concurrent", Time since last: 63385500 ns, Reaching safepoint: 497208 ns, At safepoint: 7102709 ns, Total: 7599917 ns
[2022-04-22T01:53:07.421+0000][8][gc,marking  ] GC(17) Concurrent Mark 49.815ms
[2022-04-22T01:53:07.421+0000][8][gc,marking  ] GC(17) Concurrent Rebuild Remembered Sets
[2022-04-22T01:53:07.446+0000][8][gc,marking  ] GC(17) Concurrent Rebuild Remembered Sets 25.052ms
[2022-04-22T01:53:07.447+0000][8][gc,start    ] GC(17) Pause Cleanup
[2022-04-22T01:53:07.449+0000][8][gc          ] GC(17) Pause Cleanup 174M->174M(512M) 1.176ms
[2022-04-22T01:53:07.450+0000][8][gc,cpu      ] GC(17) User=0.01s Sys=0.00s Real=0.00s
[2022-04-22T01:53:07.451+0000][8][safepoint   ] Safepoint "G1Concurrent", Time since last: 27053708 ns, Reaching safepoint: 426250 ns, At safepoint: 3138708 ns, Total: 3564958 ns
[2022-04-22T01:53:07.452+0000][8][gc,marking  ] GC(17) Concurrent Cleanup for Next Mark
[2022-04-22T01:53:07.453+0000][8][gc,marking  ] GC(17) Concurrent Cleanup for Next Mark 1.210ms
[2022-04-22T01:53:07.454+0000][8][gc          ] GC(17) Concurrent Mark Cycle 104.700ms
[2022-04-22T01:53:07.826+0000][8][safepoint   ] Safepoint "ICBufferFull", Time since last: 375436209 ns, Reaching safepoint: 141167 ns, At safepoint: 11291 ns, Total: 152458 ns
[2022-04-22T01:53:08.828+0000][8][safepoint   ] Safepoint "Cleanup", Time since last: 1001619834 ns, Reaching safepoint: 502458 ns, At safepoint: 75042 ns, Total: 577500 ns
[2022-04-22T01:53:18.021+0000][8][safepoint   ] Safepoint "ICBufferFull", Time since last: 9192581671 ns, Reaching safepoint: 266083 ns, At safepoint: 10334 ns, Total: 276417 ns
[2022-04-22T01:53:18.135+0000][8][safepoint   ] Safepoint "ICBufferFull", Time since last: 114039792 ns, Reaching safepoint: 178750 ns, At safepoint: 18000 ns, Total: 196750 ns
[2022-04-22T01:53:18.255+0000][8][safepoint   ] Safepoint "ICBufferFull", Time since last: 119651375 ns, Reaching safepoint: 273083 ns, At safepoint: 11708 ns, Total: 284791 ns
[2022-04-22T01:53:18.468+0000][8][safepoint   ] Safepoint "ICBufferFull", Time since last: 212148625 ns, Reaching safepoint: 419959 ns, At safepoint: 22166 ns, Total: 442125 ns
[2022-04-22T01:53:18.721+0000][8][safepoint   ] Safepoint "ICBufferFull", Time since last: 252235334 ns, Reaching safepoint: 440708 ns, At safepoint: 8000 ns, Total: 448708 ns
[2022-04-22T01:53:18.963+0000][8][safepoint   ] Safepoint "ICBufferFull", Time since last: 241832625 ns, Reaching safepoint: 254375 ns, At safepoint: 30292 ns, Total: 284667 ns
[2022-04-22T01:53:19.220+0000][8][safepoint   ] Safepoint "ICBufferFull", Time since last: 256552000 ns, Reaching safepoint: 908500 ns, At safepoint: 305542 ns, Total: 1214042 ns
[2022-04-22T01:53:19.460+0000][8][safepoint   ] Safepoint "ICBufferFull", Time since last: 239059708 ns, Reaching safepoint: 248917 ns, At safepoint: 10083 ns, Total: 259000 ns
[2022-04-22T01:53:19.971+0000][8][safepoint   ] Safepoint "ICBufferFull", Time since last: 510459292 ns, Reaching safepoint: 249500 ns, At safepoint: 10708 ns, Total: 260208 ns
[2022-04-22T01:53:20.395+0000][8][safepoint   ] Safepoint "ICBufferFull", Time since last: 424091417 ns, Reaching safepoint: 205834 ns, At safepoint: 25791 ns, Total: 231625 ns
[2022-04-22T01:53:20.621+0000][8][safepoint   ] Safepoint "ICBufferFull", Time since last: 226112834 ns, Reaching safepoint: 452708 ns, At safepoint: 9583 ns, Total: 462291 ns
[2022-04-22T01:53:20.680+0000][8][gc,start    ] GC(18) Pause Young (Normal) (G1 Evacuation Pause)
[2022-04-22T01:53:20.681+0000][8][gc,task     ] GC(18) Using 5 workers of 5 for evacuation
[2022-04-22T01:53:20.682+0000][8][gc,age      ] GC(18) Desired survivor size 20971520 bytes, new threshold 2 (max threshold 15)
[2022-04-22T01:53:20.695+0000][8][gc,age      ] GC(18) Age table with threshold 2 (max threshold 15)
[2022-04-22T01:53:20.697+0000][8][gc,age      ] GC(18) - age   1:    1892096 bytes,    1892096 total
[2022-04-22T01:53:20.699+0000][8][gc,age      ] GC(18) - age   2:    6423344 bytes,    8315440 total
[2022-04-22T01:53:20.700+0000][8][gc,phases   ] GC(18)   Pre Evacuate Collection Set: 0.1ms
[2022-04-22T01:53:20.701+0000][8][gc,phases   ] GC(18)   Merge Heap Roots: 0.3ms
[2022-04-22T01:53:20.702+0000][8][gc,phases   ] GC(18)   Evacuate Collection Set: 11.4ms
[2022-04-22T01:53:20.702+0000][8][gc,phases   ] GC(18)   Post Evacuate Collection Set: 1.3ms
[2022-04-22T01:53:20.703+0000][8][gc,phases   ] GC(18)   Other: 6.7ms
[2022-04-22T01:53:20.704+0000][8][gc,heap     ] GC(18) Eden regions: 69->0(73)
[2022-04-22T01:53:20.705+0000][8][gc,heap     ] GC(18) Survivor regions: 7->3(10)
[2022-04-22T01:53:20.706+0000][8][gc,heap     ] GC(18) Old regions: 12->16
[2022-04-22T01:53:20.706+0000][8][gc,heap     ] GC(18) Archive regions: 2->2
[2022-04-22T01:53:20.707+0000][8][gc,heap     ] GC(18) Humongous regions: 6->6
[2022-04-22T01:53:20.707+0000][8][gc,metaspace] GC(18) Metaspace: 103326K(104896K)->103326K(104896K) NonClass: 89041K(89984K)->89041K(89984K) Class: 14284K(14912K)->14284K(14912K)
[2022-04-22T01:53:20.708+0000][8][gc          ] GC(18) Pause Young (Normal) (G1 Evacuation Pause) 375M->101M(512M) 27.977ms
[2022-04-22T01:53:20.708+0000][8][gc,cpu      ] GC(18) User=0.05s Sys=0.00s Real=0.03s
[2022-04-22T01:53:20.709+0000][8][safepoint   ] Safepoint "G1CollectForAllocation", Time since last: 58247959 ns, Reaching safepoint: 195750 ns, At safepoint: 29195333 ns, Total: 29391083 ns
[2022-04-22T01:53:21.196+0000][8][safepoint   ] Safepoint "ICBufferFull", Time since last: 486767209 ns, Reaching safepoint: 157500 ns, At safepoint: 34208 ns, Total: 191708 ns
[2022-04-22T01:53:21.523+0000][8][safepoint   ] Safepoint "ICBufferFull", Time since last: 326478875 ns, Reaching safepoint: 209000 ns, At safepoint: 10500 ns, Total: 219500 ns
[2022-04-22T01:53:21.857+0000][8][safepoint   ] Safepoint "ICBufferFull", Time since last: 341917249 ns, Reaching safepoint: 436667 ns, At safepoint: 10083 ns, Total: 446750 ns
[2022-04-22T01:53:22.472+0000][8][safepoint   ] Safepoint "ICBufferFull", Time since last: 614740001 ns, Reaching safepoint: 378833 ns, At safepoint: 11583 ns, Total: 390416 ns
[2022-04-22T01:53:22.936+0000][8][safepoint   ] Safepoint "ICBufferFull", Time since last: 463378709 ns, Reaching safepoint: 234375 ns, At safepoint: 4416 ns, Total: 238791 ns
[2022-04-22T01:53:23.297+0000][8][safepoint   ] Safepoint "ICBufferFull", Time since last: 360876834 ns, Reaching safepoint: 228708 ns, At safepoint: 5584 ns, Total: 234292 ns
[2022-04-22T01:53:24.208+0000][8][safepoint   ] Safepoint "ICBufferFull", Time since last: 911115667 ns, Reaching safepoint: 228583 ns, At safepoint: 3875 ns, Total: 232458 ns
[2022-04-22T01:53:25.211+0000][8][safepoint   ] Safepoint "Cleanup", Time since last: 1002197876 ns, Reaching safepoint: 634625 ns, At safepoint: 34250 ns, Total: 668875 ns
[2022-04-22T01:53:26.054+0000][8][safepoint   ] Safepoint "ICBufferFull", Time since last: 842754375 ns, Reaching safepoint: 145208 ns, At safepoint: 9709 ns, Total: 154917 ns
[2022-04-22T01:53:27.003+0000][8][safepoint   ] Safepoint "ICBufferFull", Time since last: 948715375 ns, Reaching safepoint: 215833 ns, At safepoint: 3792 ns, Total: 219625 ns
[2022-04-22T01:53:28.004+0000][8][safepoint   ] Safepoint "Cleanup", Time since last: 1000767292 ns, Reaching safepoint: 191375 ns, At safepoint: 4709 ns, Total: 196084 ns
[2022-04-22T01:53:28.508+0000][8][gc,start    ] GC(19) Pause Young (Normal) (G1 Evacuation Pause)
[2022-04-22T01:53:28.509+0000][8][gc,task     ] GC(19) Using 5 workers of 5 for evacuation
[2022-04-22T01:53:28.509+0000][8][gc,age      ] GC(19) Desired survivor size 20971520 bytes, new threshold 15 (max threshold 15)
[2022-04-22T01:53:28.516+0000][8][gc,age      ] GC(19) Age table with threshold 15 (max threshold 15)
[2022-04-22T01:53:28.517+0000][8][gc,age      ] GC(19) - age   1:    2442248 bytes,    2442248 total
[2022-04-22T01:53:28.518+0000][8][gc,age      ] GC(19) - age   2:    1294792 bytes,    3737040 total
[2022-04-22T01:53:28.518+0000][8][gc,age      ] GC(19) - age   3:    6422424 bytes,   10159464 total
[2022-04-22T01:53:28.519+0000][8][gc,phases   ] GC(19)   Pre Evacuate Collection Set: 0.2ms
[2022-04-22T01:53:28.520+0000][8][gc,phases   ] GC(19)   Merge Heap Roots: 0.1ms
[2022-04-22T01:53:28.521+0000][8][gc,phases   ] GC(19)   Evacuate Collection Set: 4.7ms
[2022-04-22T01:53:28.522+0000][8][gc,phases   ] GC(19)   Post Evacuate Collection Set: 1.1ms
[2022-04-22T01:53:28.523+0000][8][gc,phases   ] GC(19)   Other: 5.6ms
[2022-04-22T01:53:28.524+0000][8][gc,heap     ] GC(19) Eden regions: 73->0(73)
[2022-04-22T01:53:28.524+0000][8][gc,heap     ] GC(19) Survivor regions: 3->3(10)
[2022-04-22T01:53:28.525+0000][8][gc,heap     ] GC(19) Old regions: 16->16
[2022-04-22T01:53:28.525+0000][8][gc,heap     ] GC(19) Archive regions: 2->2
[2022-04-22T01:53:28.526+0000][8][gc,heap     ] GC(19) Humongous regions: 6->6
[2022-04-22T01:53:28.527+0000][8][gc,metaspace] GC(19) Metaspace: 104403K(105920K)->104403K(105920K) NonClass: 90110K(91008K)->90110K(91008K) Class: 14292K(14912K)->14292K(14912K)
[2022-04-22T01:53:28.527+0000][8][gc          ] GC(19) Pause Young (Normal) (G1 Evacuation Pause) 393M->101M(512M) 19.629ms
[2022-04-22T01:53:28.528+0000][8][gc,cpu      ] GC(19) User=0.02s Sys=0.01s Real=0.02s
[2022-04-22T01:53:28.529+0000][8][safepoint   ] Safepoint "G1CollectForAllocation", Time since last: 503667583 ns, Reaching safepoint: 138750 ns, At safepoint: 21079542 ns, Total: 21218292 ns
[2022-04-22T01:53:29.530+0000][8][safepoint   ] Safepoint "Cleanup", Time since last: 1000799584 ns, Reaching safepoint: 262291 ns, At safepoint: 49167 ns, Total: 311458 ns
[2022-04-22T01:53:30.533+0000][8][safepoint   ] Safepoint "Cleanup", Time since last: 1001501500 ns, Reaching safepoint: 1616209 ns, At safepoint: 21666 ns, Total: 1637875 ns
[2022-04-22T01:53:31.306+0000][8][safepoint   ] Safepoint "ICBufferFull", Time since last: 773104917 ns, Reaching safepoint: 171875 ns, At safepoint: 25875 ns, Total: 197750 ns
[2022-04-22T01:53:32.308+0000][8][safepoint   ] Safepoint "Cleanup", Time since last: 1001612376 ns, Reaching safepoint: 296583 ns, At safepoint: 6917 ns, Total: 303500 ns
[2022-04-22T01:53:33.309+0000][8][safepoint   ] Safepoint "Cleanup", Time since last: 1000735084 ns, Reaching safepoint: 124666 ns, At safepoint: 3125 ns, Total: 127791 ns
[2022-04-22T01:53:33.785+0000][8][gc,start    ] GC(20) Pause Young (Normal) (G1 Evacuation Pause)
[2022-04-22T01:53:33.786+0000][8][gc,task     ] GC(20) Using 5 workers of 5 for evacuation
[2022-04-22T01:53:33.787+0000][8][gc,age      ] GC(20) Desired survivor size 20971520 bytes, new threshold 15 (max threshold 15)
[2022-04-22T01:53:33.794+0000][8][gc,age      ] GC(20) Age table with threshold 15 (max threshold 15)
[2022-04-22T01:53:33.796+0000][8][gc,age      ] GC(20) - age   1:    1868640 bytes,    1868640 total
[2022-04-22T01:53:33.797+0000][8][gc,age      ] GC(20) - age   2:     929400 bytes,    2798040 total
[2022-04-22T01:53:33.798+0000][8][gc,age      ] GC(20) - age   3:    1269432 bytes,    4067472 total
[2022-04-22T01:53:33.799+0000][8][gc,age      ] GC(20) - age   4:    6422144 bytes,   10489616 total
[2022-04-22T01:53:33.800+0000][8][gc,phases   ] GC(20)   Pre Evacuate Collection Set: 0.1ms
[2022-04-22T01:53:33.801+0000][8][gc,phases   ] GC(20)   Merge Heap Roots: 0.0ms
[2022-04-22T01:53:33.802+0000][8][gc,phases   ] GC(20)   Evacuate Collection Set: 5.1ms
[2022-04-22T01:53:33.802+0000][8][gc,phases   ] GC(20)   Post Evacuate Collection Set: 0.7ms
[2022-04-22T01:53:33.803+0000][8][gc,phases   ] GC(20)   Other: 8.8ms
[2022-04-22T01:53:33.804+0000][8][gc,heap     ] GC(20) Eden regions: 73->0(73)
[2022-04-22T01:53:33.805+0000][8][gc,heap     ] GC(20) Survivor regions: 3->3(10)
[2022-04-22T01:53:33.805+0000][8][gc,heap     ] GC(20) Old regions: 16->16
[2022-04-22T01:53:33.806+0000][8][gc,heap     ] GC(20) Archive regions: 2->2
[2022-04-22T01:53:33.807+0000][8][gc,heap     ] GC(20) Humongous regions: 6->6
[2022-04-22T01:53:33.808+0000][8][gc,metaspace] GC(20) Metaspace: 104771K(106304K)->104771K(106304K) NonClass: 90473K(91392K)->90473K(91392K) Class: 14297K(14912K)->14297K(14912K)
[2022-04-22T01:53:33.809+0000][8][gc          ] GC(20) Pause Young (Normal) (G1 Evacuation Pause) 393M->102M(512M) 23.379ms
[2022-04-22T01:53:33.810+0000][8][gc,cpu      ] GC(20) User=0.02s Sys=0.00s Real=0.02s
[2022-04-22T01:53:33.811+0000][8][safepoint   ] Safepoint "G1CollectForAllocation", Time since last: 475569042 ns, Reaching safepoint: 671000 ns, At safepoint: 26120750 ns, Total: 26791750 ns
[2022-04-22T01:53:34.239+0000][8][safepoint   ] Safepoint "ICBufferFull", Time since last: 427376251 ns, Reaching safepoint: 309333 ns, At safepoint: 197417 ns, Total: 506750 ns
[2022-04-22T01:53:34.805+0000][8][safepoint   ] Safepoint "ICBufferFull", Time since last: 565381541 ns, Reaching safepoint: 282084 ns, At safepoint: 13041 ns, Total: 295125 ns
[2022-04-22T01:53:35.018+0000][8][safepoint   ] Safepoint "ICBufferFull", Time since last: 212933542 ns, Reaching safepoint: 450500 ns, At safepoint: 11000 ns, Total: 461500 ns
[2022-04-22T01:53:35.717+0000][8][safepoint   ] Safepoint "ICBufferFull", Time since last: 698572959 ns, Reaching safepoint: 153125 ns, At safepoint: 4000 ns, Total: 157125 ns
[2022-04-22T01:53:36.718+0000][8][safepoint   ] Safepoint "Cleanup", Time since last: 1000915584 ns, Reaching safepoint: 71458 ns, At safepoint: 8792 ns, Total: 80250 ns
[2022-04-22T01:53:37.524+0000][8][safepoint   ] Safepoint "ICBufferFull", Time since last: 805343917 ns, Reaching safepoint: 233250 ns, At safepoint: 30166 ns, Total: 263416 ns
[2022-04-22T01:53:38.525+0000][8][safepoint   ] Safepoint "Cleanup", Time since last: 1001034459 ns, Reaching safepoint: 168250 ns, At safepoint: 11334 ns, Total: 179584 ns
[2022-04-22T01:53:39.287+0000][8][gc,start    ] GC(21) Pause Young (Normal) (G1 Evacuation Pause)
[2022-04-22T01:53:39.288+0000][8][gc,task     ] GC(21) Using 5 workers of 5 for evacuation
[2022-04-22T01:53:39.289+0000][8][gc,age      ] GC(21) Desired survivor size 20971520 bytes, new threshold 15 (max threshold 15)
[2022-04-22T01:53:39.298+0000][8][gc,age      ] GC(21) Age table with threshold 15 (max threshold 15)
[2022-04-22T01:53:39.299+0000][8][gc,age      ] GC(21) - age   1:    2865936 bytes,    2865936 total
[2022-04-22T01:53:39.300+0000][8][gc,age      ] GC(21) - age   2:     754928 bytes,    3620864 total
[2022-04-22T01:53:39.301+0000][8][gc,age      ] GC(21) - age   3:     653088 bytes,    4273952 total
[2022-04-22T01:53:39.302+0000][8][gc,age      ] GC(21) - age   4:    1217416 bytes,    5491368 total
[2022-04-22T01:53:39.304+0000][8][gc,age      ] GC(21) - age   5:    6422128 bytes,   11913496 total
[2022-04-22T01:53:39.306+0000][8][gc,phases   ] GC(21)   Pre Evacuate Collection Set: 0.1ms
[2022-04-22T01:53:39.308+0000][8][gc,phases   ] GC(21)   Merge Heap Roots: 0.3ms
[2022-04-22T01:53:39.310+0000][8][gc,phases   ] GC(21)   Evacuate Collection Set: 5.9ms
[2022-04-22T01:53:39.310+0000][8][gc,phases   ] GC(21)   Post Evacuate Collection Set: 1.0ms
[2022-04-22T01:53:39.311+0000][8][gc,phases   ] GC(21)   Other: 11.6ms
[2022-04-22T01:53:39.312+0000][8][gc,heap     ] GC(21) Eden regions: 73->0(73)
[2022-04-22T01:53:39.313+0000][8][gc,heap     ] GC(21) Survivor regions: 3->3(10)
[2022-04-22T01:53:39.314+0000][8][gc,heap     ] GC(21) Old regions: 16->16
[2022-04-22T01:53:39.314+0000][8][gc,heap     ] GC(21) Archive regions: 2->2
[2022-04-22T01:53:39.315+0000][8][gc,heap     ] GC(21) Humongous regions: 6->6
[2022-04-22T01:53:39.316+0000][8][gc,metaspace] GC(21) Metaspace: 105042K(106560K)->105042K(106560K) NonClass: 90739K(91648K)->90739K(91648K) Class: 14303K(14912K)->14303K(14912K)
[2022-04-22T01:53:39.316+0000][8][gc          ] GC(21) Pause Young (Normal) (G1 Evacuation Pause) 394M->102M(512M) 29.092ms
[2022-04-22T01:53:39.317+0000][8][gc,cpu      ] GC(21) User=0.02s Sys=0.00s Real=0.03s
[2022-04-22T01:53:39.318+0000][8][safepoint   ] Safepoint "G1CollectForAllocation", Time since last: 762065958 ns, Reaching safepoint: 259667 ns, At safepoint: 30950833 ns, Total: 31210500 ns
[2022-04-22T01:53:40.319+0000][8][safepoint   ] Safepoint "Cleanup", Time since last: 1001080584 ns, Reaching safepoint: 83417 ns, At safepoint: 4916 ns, Total: 88333 ns
[2022-04-22T01:53:41.321+0000][8][safepoint   ] Safepoint "Cleanup", Time since last: 1001222001 ns, Reaching safepoint: 79792 ns, At safepoint: 1875 ns, Total: 81667 ns
[2022-04-22T01:53:42.322+0000][8][safepoint   ] Safepoint "Cleanup", Time since last: 1001026000 ns, Reaching safepoint: 161042 ns, At safepoint: 4458 ns, Total: 165500 ns
[2022-04-22T01:53:43.736+0000][8][safepoint   ] Safepoint "Cleanup", Time since last: 1413704876 ns, Reaching safepoint: 183583 ns, At safepoint: 25458 ns, Total: 209041 ns
[2022-04-22T01:53:44.738+0000][8][safepoint   ] Safepoint "Cleanup", Time since last: 1001558126 ns, Reaching safepoint: 195792 ns, At safepoint: 8458 ns, Total: 204250 ns
[2022-04-22T01:53:45.739+0000][8][safepoint   ] Safepoint "Cleanup", Time since last: 1000939750 ns, Reaching safepoint: 420375 ns, At safepoint: 10834 ns, Total: 431209 ns
[2022-04-22T01:53:46.372+0000][8][gc,start    ] GC(22) Pause Young (Normal) (G1 Evacuation Pause)
[2022-04-22T01:53:46.373+0000][8][gc,task     ] GC(22) Using 5 workers of 5 for evacuation
[2022-04-22T01:53:46.374+0000][8][gc,age      ] GC(22) Desired survivor size 20971520 bytes, new threshold 15 (max threshold 15)
[2022-04-22T01:53:46.383+0000][8][gc,age      ] GC(22) Age table with threshold 15 (max threshold 15)
[2022-04-22T01:53:46.384+0000][8][gc,age      ] GC(22) - age   1:    3064968 bytes,    3064968 total
[2022-04-22T01:53:46.386+0000][8][gc,age      ] GC(22) - age   2:    2119624 bytes,    5184592 total
[2022-04-22T01:53:46.387+0000][8][gc,age      ] GC(22) - age   3:     693800 bytes,    5878392 total
[2022-04-22T01:53:46.388+0000][8][gc,age      ] GC(22) - age   4:     630288 bytes,    6508680 total
[2022-04-22T01:53:46.390+0000][8][gc,age      ] GC(22) - age   5:    1206296 bytes,    7714976 total
[2022-04-22T01:53:46.391+0000][8][gc,age      ] GC(22) - age   6:    6422128 bytes,   14137104 total
[2022-04-22T01:53:46.392+0000][8][gc,phases   ] GC(22)   Pre Evacuate Collection Set: 0.1ms
[2022-04-22T01:53:46.393+0000][8][gc,phases   ] GC(22)   Merge Heap Roots: 0.1ms
[2022-04-22T01:53:46.394+0000][8][gc,phases   ] GC(22)   Evacuate Collection Set: 7.0ms
[2022-04-22T01:53:46.395+0000][8][gc,phases   ] GC(22)   Post Evacuate Collection Set: 1.2ms
[2022-04-22T01:53:46.396+0000][8][gc,phases   ] GC(22)   Other: 11.6ms
[2022-04-22T01:53:46.397+0000][8][gc,heap     ] GC(22) Eden regions: 73->0(72)
[2022-04-22T01:53:46.397+0000][8][gc,heap     ] GC(22) Survivor regions: 3->4(10)
[2022-04-22T01:53:46.397+0000][8][gc,heap     ] GC(22) Old regions: 16->16
[2022-04-22T01:53:46.398+0000][8][gc,heap     ] GC(22) Archive regions: 2->2
[2022-04-22T01:53:46.399+0000][8][gc,heap     ] GC(22) Humongous regions: 6->6
[2022-04-22T01:53:46.400+0000][8][gc,metaspace] GC(22) Metaspace: 105054K(106560K)->105054K(106560K) NonClass: 90750K(91648K)->90750K(91648K) Class: 14304K(14912K)->14304K(14912K)
[2022-04-22T01:53:46.401+0000][8][gc          ] GC(22) Pause Young (Normal) (G1 Evacuation Pause) 394M->105M(512M) 28.779ms
[2022-04-22T01:53:46.402+0000][8][gc,cpu      ] GC(22) User=0.02s Sys=0.00s Real=0.02s
[2022-04-22T01:53:46.403+0000][8][safepoint   ] Safepoint "G1CollectForAllocation", Time since last: 633266208 ns, Reaching safepoint: 58584 ns, At safepoint: 30386041 ns, Total: 30444625 ns
[2022-04-22T01:53:47.404+0000][8][safepoint   ] Safepoint "Cleanup", Time since last: 1000799376 ns, Reaching safepoint: 142583 ns, At safepoint: 6958 ns, Total: 149541 ns
[2022-04-22T01:53:48.405+0000][8][safepoint   ] Safepoint "Cleanup", Time since last: 1000804209 ns, Reaching safepoint: 96500 ns, At safepoint: 19250 ns, Total: 115750 ns
[2022-04-22T01:53:49.407+0000][8][safepoint   ] Safepoint "Cleanup", Time since last: 1002228209 ns, Reaching safepoint: 137500 ns, At safepoint: 3708 ns, Total: 141208 ns
[2022-04-22T01:53:50.409+0000][8][safepoint   ] Safepoint "Cleanup", Time since last: 1002328751 ns, Reaching safepoint: 97875 ns, At safepoint: 6458 ns, Total: 104333 ns
[2022-04-22T01:53:51.420+0000][8][safepoint   ] Safepoint "Cleanup", Time since last: 1010953292 ns, Reaching safepoint: 116500 ns, At safepoint: 4500 ns, Total: 121000 ns
[2022-04-22T01:53:52.276+0000][8][gc,start    ] GC(23) Pause Young (Normal) (G1 Evacuation Pause)
[2022-04-22T01:53:52.277+0000][8][gc,task     ] GC(23) Using 5 workers of 5 for evacuation
[2022-04-22T01:53:52.278+0000][8][gc,age      ] GC(23) Desired survivor size 20971520 bytes, new threshold 15 (max threshold 15)
[2022-04-22T01:53:52.287+0000][8][gc,age      ] GC(23) Age table with threshold 15 (max threshold 15)
[2022-04-22T01:53:52.288+0000][8][gc,age      ] GC(23) - age   1:    3602568 bytes,    3602568 total
[2022-04-22T01:53:52.289+0000][8][gc,age      ] GC(23) - age   2:    1760136 bytes,    5362704 total
[2022-04-22T01:53:52.290+0000][8][gc,age      ] GC(23) - age   3:    2073144 bytes,    7435848 total
[2022-04-22T01:53:52.291+0000][8][gc,age      ] GC(23) - age   4:     634592 bytes,    8070440 total
[2022-04-22T01:53:52.292+0000][8][gc,age      ] GC(23) - age   5:     612928 bytes,    8683368 total
[2022-04-22T01:53:52.292+0000][8][gc,age      ] GC(23) - age   6:    1198024 bytes,    9881392 total
[2022-04-22T01:53:52.293+0000][8][gc,age      ] GC(23) - age   7:    6422128 bytes,   16303520 total
[2022-04-22T01:53:52.294+0000][8][gc,phases   ] GC(23)   Pre Evacuate Collection Set: 0.1ms
[2022-04-22T01:53:52.295+0000][8][gc,phases   ] GC(23)   Merge Heap Roots: 0.0ms
[2022-04-22T01:53:52.296+0000][8][gc,phases   ] GC(23)   Evacuate Collection Set: 7.1ms
[2022-04-22T01:53:52.296+0000][8][gc,phases   ] GC(23)   Post Evacuate Collection Set: 1.1ms
[2022-04-22T01:53:52.297+0000][8][gc,phases   ] GC(23)   Other: 9.9ms
[2022-04-22T01:53:52.297+0000][8][gc,heap     ] GC(23) Eden regions: 72->0(71)
[2022-04-22T01:53:52.298+0000][8][gc,heap     ] GC(23) Survivor regions: 4->5(10)
[2022-04-22T01:53:52.300+0000][8][gc,heap     ] GC(23) Old regions: 16->16
[2022-04-22T01:53:52.301+0000][8][gc,heap     ] GC(23) Archive regions: 2->2
[2022-04-22T01:53:52.302+0000][8][gc,heap     ] GC(23) Humongous regions: 6->6
[2022-04-22T01:53:52.303+0000][8][gc,metaspace] GC(23) Metaspace: 105063K(106624K)->105063K(106624K) NonClass: 90759K(91712K)->90759K(91712K) Class: 14304K(14912K)->14304K(14912K)
[2022-04-22T01:53:52.304+0000][8][gc          ] GC(23) Pause Young (Normal) (G1 Evacuation Pause) 393M->107M(512M) 27.814ms
[2022-04-22T01:53:52.304+0000][8][gc,cpu      ] GC(23) User=0.02s Sys=0.00s Real=0.03s
[2022-04-22T01:53:52.306+0000][8][safepoint   ] Safepoint "G1CollectForAllocation", Time since last: 855066209 ns, Reaching safepoint: 109041 ns, At safepoint: 30395584 ns, Total: 30504625 ns
[2022-04-22T01:53:53.307+0000][8][safepoint   ] Safepoint "Cleanup", Time since last: 1001054208 ns, Reaching safepoint: 292334 ns, At safepoint: 3958 ns, Total: 296292 ns
[2022-04-22T01:53:55.311+0000][8][safepoint   ] Safepoint "Cleanup", Time since last: 2003214126 ns, Reaching safepoint: 179917 ns, At safepoint: 4333 ns, Total: 184250 ns
[2022-04-22T01:53:56.312+0000][8][safepoint   ] Safepoint "Cleanup", Time since last: 1000817917 ns, Reaching safepoint: 85042 ns, At safepoint: 4041 ns, Total: 89083 ns
[2022-04-22T01:53:57.313+0000][8][safepoint   ] Safepoint "Cleanup", Time since last: 1001349168 ns, Reaching safepoint: 293125 ns, At safepoint: 4291 ns, Total: 297416 ns
[2022-04-22T01:53:57.892+0000][8][gc,start    ] GC(24) Pause Young (Normal) (G1 Evacuation Pause)
[2022-04-22T01:53:57.892+0000][8][gc,task     ] GC(24) Using 5 workers of 5 for evacuation
[2022-04-22T01:53:57.893+0000][8][gc,age      ] GC(24) Desired survivor size 20971520 bytes, new threshold 15 (max threshold 15)
[2022-04-22T01:53:57.902+0000][8][gc,age      ] GC(24) Age table with threshold 15 (max threshold 15)
[2022-04-22T01:53:57.903+0000][8][gc,age      ] GC(24) - age   1:    2639296 bytes,    2639296 total
[2022-04-22T01:53:57.904+0000][8][gc,age      ] GC(24) - age   2:    2298432 bytes,    4937728 total
[2022-04-22T01:53:57.905+0000][8][gc,age      ] GC(24) - age   3:    1730016 bytes,    6667744 total
[2022-04-22T01:53:57.906+0000][8][gc,age      ] GC(24) - age   4:    2053992 bytes,    8721736 total
[2022-04-22T01:53:57.906+0000][8][gc,age      ] GC(24) - age   5:     618600 bytes,    9340336 total
[2022-04-22T01:53:57.907+0000][8][gc,age      ] GC(24) - age   6:     600664 bytes,    9941000 total
[2022-04-22T01:53:57.908+0000][8][gc,age      ] GC(24) - age   7:    1195840 bytes,   11136840 total
[2022-04-22T01:53:57.909+0000][8][gc,age      ] GC(24) - age   8:    6422128 bytes,   17558968 total
[2022-04-22T01:53:57.909+0000][8][gc,phases   ] GC(24)   Pre Evacuate Collection Set: 0.2ms
[2022-04-22T01:53:57.910+0000][8][gc,phases   ] GC(24)   Merge Heap Roots: 0.1ms
[2022-04-22T01:53:57.911+0000][8][gc,phases   ] GC(24)   Evacuate Collection Set: 6.1ms
[2022-04-22T01:53:57.912+0000][8][gc,phases   ] GC(24)   Post Evacuate Collection Set: 1.5ms
[2022-04-22T01:53:57.912+0000][8][gc,phases   ] GC(24)   Other: 9.7ms
[2022-04-22T01:53:57.913+0000][8][gc,heap     ] GC(24) Eden regions: 71->0(71)
[2022-04-22T01:53:57.914+0000][8][gc,heap     ] GC(24) Survivor regions: 5->5(10)
[2022-04-22T01:53:57.915+0000][8][gc,heap     ] GC(24) Old regions: 16->16
[2022-04-22T01:53:57.915+0000][8][gc,heap     ] GC(24) Archive regions: 2->2
[2022-04-22T01:53:57.916+0000][8][gc,heap     ] GC(24) Humongous regions: 6->6
[2022-04-22T01:53:57.916+0000][8][gc,metaspace] GC(24) Metaspace: 105066K(106624K)->105066K(106624K) NonClass: 90762K(91712K)->90762K(91712K) Class: 14304K(14912K)->14304K(14912K)
[2022-04-22T01:53:57.917+0000][8][gc          ] GC(24) Pause Young (Normal) (G1 Evacuation Pause) 391M->109M(512M) 25.345ms
[2022-04-22T01:53:57.918+0000][8][gc,cpu      ] GC(24) User=0.02s Sys=0.00s Real=0.03s
[2022-04-22T01:53:57.919+0000][8][safepoint   ] Safepoint "G1CollectForAllocation", Time since last: 578217376 ns, Reaching safepoint: 127583 ns, At safepoint: 26925125 ns, Total: 27052708 ns
[2022-04-22T01:53:59.410+0000][8][safepoint   ] Safepoint "Cleanup", Time since last: 1491106167 ns, Reaching safepoint: 191834 ns, At safepoint: 4458 ns, Total: 196292 ns
[2022-04-22T01:54:00.411+0000][8][safepoint   ] Safepoint "Cleanup", Time since last: 1001344875 ns, Reaching safepoint: 87959 ns, At safepoint: 9125 ns, Total: 97084 ns
[2022-04-22T01:54:01.413+0000][8][safepoint   ] Safepoint "Cleanup", Time since last: 1001221417 ns, Reaching safepoint: 263750 ns, At safepoint: 122000 ns, Total: 385750 ns
[2022-04-22T01:54:02.336+0000][8][gc,start    ] GC(25) Pause Young (Normal) (G1 Evacuation Pause)
[2022-04-22T01:54:02.338+0000][8][gc,task     ] GC(25) Using 5 workers of 5 for evacuation
[2022-04-22T01:54:02.339+0000][8][gc,age      ] GC(25) Desired survivor size 20971520 bytes, new threshold 15 (max threshold 15)
[2022-04-22T01:54:02.346+0000][8][gc,age      ] GC(25) Age table with threshold 15 (max threshold 15)
[2022-04-22T01:54:02.348+0000][8][gc,age      ] GC(25) - age   1:    3061680 bytes,    3061680 total
[2022-04-22T01:54:02.348+0000][8][gc,age      ] GC(25) - age   2:    1233216 bytes,    4294896 total
[2022-04-22T01:54:02.349+0000][8][gc,age      ] GC(25) - age   3:    2231288 bytes,    6526184 total
[2022-04-22T01:54:02.350+0000][8][gc,age      ] GC(25) - age   4:    1670696 bytes,    8196880 total
[2022-04-22T01:54:02.351+0000][8][gc,age      ] GC(25) - age   5:    2000992 bytes,   10197872 total
[2022-04-22T01:54:02.352+0000][8][gc,age      ] GC(25) - age   6:     603648 bytes,   10801520 total
[2022-04-22T01:54:02.353+0000][8][gc,age      ] GC(25) - age   7:     585448 bytes,   11386968 total
[2022-04-22T01:54:02.353+0000][8][gc,age      ] GC(25) - age   8:    1186936 bytes,   12573904 total
[2022-04-22T01:54:02.354+0000][8][gc,age      ] GC(25) - age   9:    6422128 bytes,   18996032 total
[2022-04-22T01:54:02.355+0000][8][gc,phases   ] GC(25)   Pre Evacuate Collection Set: 0.1ms
[2022-04-22T01:54:02.356+0000][8][gc,phases   ] GC(25)   Merge Heap Roots: 0.1ms
[2022-04-22T01:54:02.356+0000][8][gc,phases   ] GC(25)   Evacuate Collection Set: 4.8ms
[2022-04-22T01:54:02.357+0000][8][gc,phases   ] GC(25)   Post Evacuate Collection Set: 0.9ms
[2022-04-22T01:54:02.358+0000][8][gc,phases   ] GC(25)   Other: 12.7ms
[2022-04-22T01:54:02.358+0000][8][gc,heap     ] GC(25) Eden regions: 71->0(71)
[2022-04-22T01:54:02.359+0000][8][gc,heap     ] GC(25) Survivor regions: 5->5(10)
[2022-04-22T01:54:02.359+0000][8][gc,heap     ] GC(25) Old regions: 16->16
[2022-04-22T01:54:02.360+0000][8][gc,heap     ] GC(25) Archive regions: 2->2
[2022-04-22T01:54:02.360+0000][8][gc,heap     ] GC(25) Humongous regions: 6->6
[2022-04-22T01:54:02.361+0000][8][gc,metaspace] GC(25) Metaspace: 105074K(106624K)->105074K(106624K) NonClass: 90770K(91712K)->90770K(91712K) Class: 14304K(14912K)->14304K(14912K)
[2022-04-22T01:54:02.362+0000][8][gc          ] GC(25) Pause Young (Normal) (G1 Evacuation Pause) 393M->109M(512M) 25.149ms
[2022-04-22T01:54:02.362+0000][8][gc,cpu      ] GC(25) User=0.02s Sys=0.00s Real=0.02s
[2022-04-22T01:54:02.363+0000][8][safepoint   ] Safepoint "G1CollectForAllocation", Time since last: 923101375 ns, Reaching safepoint: 217917 ns, At safepoint: 27017958 ns, Total: 27235875 ns
[2022-04-22T01:54:03.364+0000][8][safepoint   ] Safepoint "Cleanup", Time since last: 1000623709 ns, Reaching safepoint: 193208 ns, At safepoint: 10584 ns, Total: 203792 ns
[2022-04-22T01:54:04.366+0000][8][safepoint   ] Safepoint "Cleanup", Time since last: 1001154209 ns, Reaching safepoint: 202291 ns, At safepoint: 3959 ns, Total: 206250 ns
[2022-04-22T01:54:05.935+0000][8][safepoint   ] Safepoint "Cleanup", Time since last: 1569397375 ns, Reaching safepoint: 282292 ns, At safepoint: 4375 ns, Total: 286667 ns
[2022-04-22T01:54:06.937+0000][8][safepoint   ] Safepoint "Cleanup", Time since last: 1001439501 ns, Reaching safepoint: 110875 ns, At safepoint: 5708 ns, Total: 116583 ns
[2022-04-22T01:54:07.747+0000][8][gc,start    ] GC(26) Pause Young (Normal) (G1 Evacuation Pause)
[2022-04-22T01:54:07.749+0000][8][gc,task     ] GC(26) Using 5 workers of 5 for evacuation
[2022-04-22T01:54:07.749+0000][8][gc,age      ] GC(26) Desired survivor size 20971520 bytes, new threshold 15 (max threshold 15)
[2022-04-22T01:54:07.758+0000][8][gc,age      ] GC(26) Age table with threshold 15 (max threshold 15)
[2022-04-22T01:54:07.759+0000][8][gc,age      ] GC(26) - age   1:    1670224 bytes,    1670224 total
[2022-04-22T01:54:07.760+0000][8][gc,age      ] GC(26) - age   2:    2692328 bytes,    4362552 total
[2022-04-22T01:54:07.761+0000][8][gc,age      ] GC(26) - age   3:    1217640 bytes,    5580192 total
[2022-04-22T01:54:07.762+0000][8][gc,age      ] GC(26) - age   4:    2183728 bytes,    7763920 total
[2022-04-22T01:54:07.762+0000][8][gc,age      ] GC(26) - age   5:    1655936 bytes,    9419856 total
[2022-04-22T01:54:07.763+0000][8][gc,age      ] GC(26) - age   6:    1984504 bytes,   11404360 total
[2022-04-22T01:54:07.765+0000][8][gc,age      ] GC(26) - age   7:     597248 bytes,   12001608 total
[2022-04-22T01:54:07.765+0000][8][gc,age      ] GC(26) - age   8:     582256 bytes,   12583864 total
[2022-04-22T01:54:07.766+0000][8][gc,age      ] GC(26) - age   9:    1185168 bytes,   13769032 total
[2022-04-22T01:54:07.767+0000][8][gc,age      ] GC(26) - age  10:    6422128 bytes,   20191160 total
[2022-04-22T01:54:07.768+0000][8][gc,phases   ] GC(26)   Pre Evacuate Collection Set: 0.1ms
[2022-04-22T01:54:07.768+0000][8][gc,phases   ] GC(26)   Merge Heap Roots: 0.2ms
[2022-04-22T01:54:07.769+0000][8][gc,phases   ] GC(26)   Evacuate Collection Set: 6.7ms
[2022-04-22T01:54:07.769+0000][8][gc,phases   ] GC(26)   Post Evacuate Collection Set: 0.8ms
[2022-04-22T01:54:07.770+0000][8][gc,phases   ] GC(26)   Other: 12.5ms
[2022-04-22T01:54:07.771+0000][8][gc,heap     ] GC(26) Eden regions: 71->0(71)
[2022-04-22T01:54:07.772+0000][8][gc,heap     ] GC(26) Survivor regions: 5->5(10)
[2022-04-22T01:54:07.773+0000][8][gc,heap     ] GC(26) Old regions: 16->16
[2022-04-22T01:54:07.773+0000][8][gc,heap     ] GC(26) Archive regions: 2->2
[2022-04-22T01:54:07.774+0000][8][gc,heap     ] GC(26) Humongous regions: 6->6
[2022-04-22T01:54:07.775+0000][8][gc,metaspace] GC(26) Metaspace: 105078K(106624K)->105078K(106624K) NonClass: 90773K(91712K)->90773K(91712K) Class: 14304K(14912K)->14304K(14912K)
[2022-04-22T01:54:07.775+0000][8][gc          ] GC(26) Pause Young (Normal) (G1 Evacuation Pause) 393M->110M(512M) 27.905ms
[2022-04-22T01:54:07.776+0000][8][gc,cpu      ] GC(26) User=0.03s Sys=0.00s Real=0.03s
[2022-04-22T01:54:07.778+0000][8][safepoint   ] Safepoint "G1CollectForAllocation", Time since last: 810262375 ns, Reaching safepoint: 138709 ns, At safepoint: 30786791 ns, Total: 30925500 ns
[2022-04-22T01:54:08.779+0000][8][safepoint   ] Safepoint "Cleanup", Time since last: 1000956667 ns, Reaching safepoint: 54167 ns, At safepoint: 2250 ns, Total: 56417 ns
[2022-04-22T01:54:09.781+0000][8][safepoint   ] Safepoint "Cleanup", Time since last: 1001494417 ns, Reaching safepoint: 132000 ns, At safepoint: 4459 ns, Total: 136459 ns
[2022-04-22T01:54:10.782+0000][8][safepoint   ] Safepoint "Cleanup", Time since last: 1001113875 ns, Reaching safepoint: 145250 ns, At safepoint: 4500 ns, Total: 149750 ns
[2022-04-22T01:54:11.783+0000][8][safepoint   ] Safepoint "Cleanup", Time since last: 1000793709 ns, Reaching safepoint: 184833 ns, At safepoint: 80042 ns, Total: 264875 ns
[2022-04-22T01:54:12.634+0000][8][gc,start    ] GC(27) Pause Young (Normal) (G1 Evacuation Pause)
[2022-04-22T01:54:12.634+0000][8][gc,task     ] GC(27) Using 5 workers of 5 for evacuation
[2022-04-22T01:54:12.636+0000][8][gc,age      ] GC(27) Desired survivor size 20971520 bytes, new threshold 15 (max threshold 15)
[2022-04-22T01:54:12.642+0000][8][gc,age      ] GC(27) Age table with threshold 15 (max threshold 15)
[2022-04-22T01:54:12.643+0000][8][gc,age      ] GC(27) - age   1:    3072768 bytes,    3072768 total
[2022-04-22T01:54:12.644+0000][8][gc,age      ] GC(27) - age   2:    1280504 bytes,    4353272 total
[2022-04-22T01:54:12.645+0000][8][gc,age      ] GC(27) - age   3:    1355232 bytes,    5708504 total
[2022-04-22T01:54:12.645+0000][8][gc,age      ] GC(27) - age   4:    1198616 bytes,    6907120 total
[2022-04-22T01:54:12.646+0000][8][gc,age      ] GC(27) - age   5:    2152760 bytes,    9059880 total
[2022-04-22T01:54:12.647+0000][8][gc,age      ] GC(27) - age   6:    1642160 bytes,   10702040 total
[2022-04-22T01:54:12.647+0000][8][gc,age      ] GC(27) - age   7:    1977024 bytes,   12679064 total
[2022-04-22T01:54:12.648+0000][8][gc,age      ] GC(27) - age   8:     594224 bytes,   13273288 total
[2022-04-22T01:54:12.649+0000][8][gc,age      ] GC(27) - age   9:     578056 bytes,   13851344 total
[2022-04-22T01:54:12.650+0000][8][gc,age      ] GC(27) - age  10:    1185168 bytes,   15036512 total
[2022-04-22T01:54:12.651+0000][8][gc,age      ] GC(27) - age  11:    6422024 bytes,   21458536 total
[2022-04-22T01:54:12.651+0000][8][gc,phases   ] GC(27)   Pre Evacuate Collection Set: 0.2ms
[2022-04-22T01:54:12.653+0000][8][gc,phases   ] GC(27)   Merge Heap Roots: 0.1ms
[2022-04-22T01:54:12.653+0000][8][gc,phases   ] GC(27)   Evacuate Collection Set: 4.6ms
[2022-04-22T01:54:12.654+0000][8][gc,phases   ] GC(27)   Post Evacuate Collection Set: 1.1ms
[2022-04-22T01:54:12.655+0000][8][gc,phases   ] GC(27)   Other: 12.0ms
[2022-04-22T01:54:12.656+0000][8][gc,heap     ] GC(27) Eden regions: 71->0(70)
[2022-04-22T01:54:12.656+0000][8][gc,heap     ] GC(27) Survivor regions: 5->6(10)
[2022-04-22T01:54:12.657+0000][8][gc,heap     ] GC(27) Old regions: 16->16
[2022-04-22T01:54:12.658+0000][8][gc,heap     ] GC(27) Archive regions: 2->2
[2022-04-22T01:54:12.658+0000][8][gc,heap     ] GC(27) Humongous regions: 6->6
[2022-04-22T01:54:12.659+0000][8][gc,metaspace] GC(27) Metaspace: 105085K(106624K)->105085K(106624K) NonClass: 90779K(91712K)->90779K(91712K) Class: 14306K(14912K)->14306K(14912K)
[2022-04-22T01:54:12.660+0000][8][gc          ] GC(27) Pause Young (Normal) (G1 Evacuation Pause) 394M->112M(512M) 26.184ms
[2022-04-22T01:54:12.660+0000][8][gc,cpu      ] GC(27) User=0.02s Sys=0.00s Real=0.02s
[2022-04-22T01:54:12.661+0000][8][safepoint   ] Safepoint "G1CollectForAllocation", Time since last: 850481834 ns, Reaching safepoint: 53125 ns, At safepoint: 27646500 ns, Total: 27699625 ns
[2022-04-22T01:54:13.662+0000][8][safepoint   ] Safepoint "Cleanup", Time since last: 1001011042 ns, Reaching safepoint: 278250 ns, At safepoint: 8333 ns, Total: 286583 ns
[2022-04-22T01:54:14.663+0000][8][safepoint   ] Safepoint "Cleanup", Time since last: 1000837917 ns, Reaching safepoint: 73334 ns, At safepoint: 2583 ns, Total: 75917 ns
[2022-04-22T01:54:15.664+0000][8][safepoint   ] Safepoint "Cleanup", Time since last: 1000913834 ns, Reaching safepoint: 178083 ns, At safepoint: 4125 ns, Total: 182208 ns
[2022-04-22T01:54:16.656+0000][8][gc,start    ] GC(28) Pause Young (Normal) (G1 Evacuation Pause)
[2022-04-22T01:54:16.656+0000][8][gc,task     ] GC(28) Using 5 workers of 5 for evacuation
[2022-04-22T01:54:16.657+0000][8][gc,age      ] GC(28) Desired survivor size 20971520 bytes, new threshold 11 (max threshold 15)
[2022-04-22T01:54:16.666+0000][8][gc,age      ] GC(28) Age table with threshold 11 (max threshold 15)
[2022-04-22T01:54:16.667+0000][8][gc,age      ] GC(28) - age   1:    3245144 bytes,    3245144 total
[2022-04-22T01:54:16.668+0000][8][gc,age      ] GC(28) - age   2:    1315296 bytes,    4560440 total
[2022-04-22T01:54:16.669+0000][8][gc,age      ] GC(28) - age   3:    1209944 bytes,    5770384 total
[2022-04-22T01:54:16.670+0000][8][gc,age      ] GC(28) - age   4:    1307520 bytes,    7077904 total
[2022-04-22T01:54:16.671+0000][8][gc,age      ] GC(28) - age   5:    1175264 bytes,    8253168 total
[2022-04-22T01:54:16.671+0000][8][gc,age      ] GC(28) - age   6:    2071928 bytes,   10325096 total
[2022-04-22T01:54:16.672+0000][8][gc,age      ] GC(28) - age   7:    1607328 bytes,   11932424 total
[2022-04-22T01:54:16.673+0000][8][gc,age      ] GC(28) - age   8:    1967392 bytes,   13899816 total
[2022-04-22T01:54:16.674+0000][8][gc,age      ] GC(28) - age   9:     584816 bytes,   14484632 total
[2022-04-22T01:54:16.674+0000][8][gc,age      ] GC(28) - age  10:     570832 bytes,   15055464 total
[2022-04-22T01:54:16.675+0000][8][gc,age      ] GC(28) - age  11:    1183064 bytes,   16238528 total
[2022-04-22T01:54:16.676+0000][8][gc,phases   ] GC(28)   Pre Evacuate Collection Set: 0.1ms
[2022-04-22T01:54:16.676+0000][8][gc,phases   ] GC(28)   Merge Heap Roots: 0.1ms
[2022-04-22T01:54:16.677+0000][8][gc,phases   ] GC(28)   Evacuate Collection Set: 6.4ms
[2022-04-22T01:54:16.678+0000][8][gc,phases   ] GC(28)   Post Evacuate Collection Set: 1.1ms
[2022-04-22T01:54:16.678+0000][8][gc,phases   ] GC(28)   Other: 12.3ms
[2022-04-22T01:54:16.679+0000][8][gc,heap     ] GC(28) Eden regions: 70->0(71)
[2022-04-22T01:54:16.679+0000][8][gc,heap     ] GC(28) Survivor regions: 6->5(10)
[2022-04-22T01:54:16.680+0000][8][gc,heap     ] GC(28) Old regions: 16->18
[2022-04-22T01:54:16.680+0000][8][gc,heap     ] GC(28) Archive regions: 2->2
[2022-04-22T01:54:16.682+0000][8][gc,heap     ] GC(28) Humongous regions: 6->6
[2022-04-22T01:54:16.683+0000][8][gc,metaspace] GC(28) Metaspace: 105086K(106624K)->105086K(106624K) NonClass: 90779K(91712K)->90779K(91712K) Class: 14307K(14912K)->14307K(14912K)
[2022-04-22T01:54:16.683+0000][8][gc          ] GC(28) Pause Young (Normal) (G1 Evacuation Pause) 392M->113M(512M) 27.427ms
[2022-04-22T01:54:16.684+0000][8][gc,cpu      ] GC(28) User=0.03s Sys=0.00s Real=0.03s
[2022-04-22T01:54:16.685+0000][8][safepoint   ] Safepoint "G1CollectForAllocation", Time since last: 991184834 ns, Reaching safepoint: 129166 ns, At safepoint: 28809375 ns, Total: 28938541 ns
[2022-04-22T01:54:17.685+0000][8][safepoint   ] Safepoint "Cleanup", Time since last: 1000518209 ns, Reaching safepoint: 248459 ns, At safepoint: 5208 ns, Total: 253667 ns
[2022-04-22T01:54:18.687+0000][8][safepoint   ] Safepoint "Cleanup", Time since last: 1001215750 ns, Reaching safepoint: 62334 ns, At safepoint: 4541 ns, Total: 66875 ns
[2022-04-22T01:54:19.688+0000][8][safepoint   ] Safepoint "Cleanup", Time since last: 1001130251 ns, Reaching safepoint: 61625 ns, At safepoint: 2333 ns, Total: 63958 ns
[2022-04-22T01:54:19.812+0000][8][gc,start    ] GC(29) Pause Young (Normal) (G1 Evacuation Pause)
[2022-04-22T01:54:19.812+0000][8][gc,task     ] GC(29) Using 5 workers of 5 for evacuation
[2022-04-22T01:54:19.813+0000][8][gc,age      ] GC(29) Desired survivor size 20971520 bytes, new threshold 15 (max threshold 15)
[2022-04-22T01:54:19.818+0000][8][gc,age      ] GC(29) Age table with threshold 15 (max threshold 15)
[2022-04-22T01:54:19.819+0000][8][gc,age      ] GC(29) - age   1:    3698960 bytes,    3698960 total
[2022-04-22T01:54:19.820+0000][8][gc,age      ] GC(29) - age   2:    1410768 bytes,    5109728 total
[2022-04-22T01:54:19.821+0000][8][gc,age      ] GC(29) - age   3:    1167728 bytes,    6277456 total
[2022-04-22T01:54:19.822+0000][8][gc,age      ] GC(29) - age   4:    1191168 bytes,    7468624 total
[2022-04-22T01:54:19.822+0000][8][gc,age      ] GC(29) - age   5:    1263744 bytes,    8732368 total
[2022-04-22T01:54:19.823+0000][8][gc,age      ] GC(29) - age   6:    1133104 bytes,    9865472 total
[2022-04-22T01:54:19.824+0000][8][gc,age      ] GC(29) - age   7:    2029104 bytes,   11894576 total
[2022-04-22T01:54:19.825+0000][8][gc,age      ] GC(29) - age   8:    1595736 bytes,   13490312 total
[2022-04-22T01:54:19.825+0000][8][gc,age      ] GC(29) - age   9:    1931248 bytes,   15421560 total
[2022-04-22T01:54:19.826+0000][8][gc,age      ] GC(29) - age  10:     580616 bytes,   16002176 total
[2022-04-22T01:54:19.827+0000][8][gc,age      ] GC(29) - age  11:     566296 bytes,   16568472 total
[2022-04-22T01:54:19.827+0000][8][gc,age      ] GC(29) - age  12:    1182056 bytes,   17750528 total
[2022-04-22T01:54:19.828+0000][8][gc,phases   ] GC(29)   Pre Evacuate Collection Set: 0.2ms
[2022-04-22T01:54:19.828+0000][8][gc,phases   ] GC(29)   Merge Heap Roots: 0.1ms
[2022-04-22T01:54:19.829+0000][8][gc,phases   ] GC(29)   Evacuate Collection Set: 2.6ms
[2022-04-22T01:54:19.830+0000][8][gc,phases   ] GC(29)   Post Evacuate Collection Set: 0.9ms
[2022-04-22T01:54:19.831+0000][8][gc,phases   ] GC(29)   Other: 12.5ms
[2022-04-22T01:54:19.831+0000][8][gc,heap     ] GC(29) Eden regions: 71->0(71)
[2022-04-22T01:54:19.832+0000][8][gc,heap     ] GC(29) Survivor regions: 5->5(10)
[2022-04-22T01:54:19.832+0000][8][gc,heap     ] GC(29) Old regions: 18->18
[2022-04-22T01:54:19.833+0000][8][gc,heap     ] GC(29) Archive regions: 2->2
[2022-04-22T01:54:19.834+0000][8][gc,heap     ] GC(29) Humongous regions: 6->6
[2022-04-22T01:54:19.835+0000][8][gc,metaspace] GC(29) Metaspace: 105090K(106624K)->105090K(106624K) NonClass: 90783K(91712K)->90783K(91712K) Class: 14307K(14912K)->14307K(14912K)
[2022-04-22T01:54:19.835+0000][8][gc          ] GC(29) Pause Young (Normal) (G1 Evacuation Pause) 397M->116M(512M) 23.575ms
[2022-04-22T01:54:19.836+0000][8][gc,cpu      ] GC(29) User=0.01s Sys=0.00s Real=0.03s
[2022-04-22T01:54:19.836+0000][8][safepoint   ] Safepoint "G1CollectForAllocation", Time since last: 123575667 ns, Reaching safepoint: 99083 ns, At safepoint: 24894792 ns, Total: 24993875 ns
[2022-04-22T01:54:20.838+0000][8][safepoint   ] Safepoint "Cleanup", Time since last: 1001429875 ns, Reaching safepoint: 143875 ns, At safepoint: 4792 ns, Total: 148667 ns
[2022-04-22T01:54:22.910+0000][8][gc,start    ] GC(30) Pause Young (Normal) (G1 Evacuation Pause)
[2022-04-22T01:54:22.911+0000][8][gc,task     ] GC(30) Using 5 workers of 5 for evacuation
[2022-04-22T01:54:22.912+0000][8][gc,age      ] GC(30) Desired survivor size 20971520 bytes, new threshold 15 (max threshold 15)
[2022-04-22T01:54:22.917+0000][8][gc,age      ] GC(30) Age table with threshold 15 (max threshold 15)
[2022-04-22T01:54:22.918+0000][8][gc,age      ] GC(30) - age   1:    2531656 bytes,    2531656 total
[2022-04-22T01:54:22.919+0000][8][gc,age      ] GC(30) - age   2:    3517920 bytes,    6049576 total
[2022-04-22T01:54:22.920+0000][8][gc,age      ] GC(30) - age   3:    1288288 bytes,    7337864 total
[2022-04-22T01:54:22.921+0000][8][gc,age      ] GC(30) - age   4:    1158352 bytes,    8496216 total
[2022-04-22T01:54:22.922+0000][8][gc,age      ] GC(30) - age   5:    1179704 bytes,    9675920 total
[2022-04-22T01:54:22.922+0000][8][gc,age      ] GC(30) - age   6:    1253160 bytes,   10929080 total
[2022-04-22T01:54:22.923+0000][8][gc,age      ] GC(30) - age   7:    1126608 bytes,   12055688 total
[2022-04-22T01:54:22.924+0000][8][gc,age      ] GC(30) - age   8:    1493432 bytes,   13549120 total
[2022-04-22T01:54:22.925+0000][8][gc,age      ] GC(30) - age   9:    1594056 bytes,   15143176 total
[2022-04-22T01:54:22.926+0000][8][gc,age      ] GC(30) - age  10:    1921728 bytes,   17064904 total
[2022-04-22T01:54:22.926+0000][8][gc,age      ] GC(30) - age  11:     576416 bytes,   17641320 total
[2022-04-22T01:54:22.927+0000][8][gc,age      ] GC(30) - age  12:     560920 bytes,   18202240 total
[2022-04-22T01:54:22.928+0000][8][gc,age      ] GC(30) - age  13:    1181048 bytes,   19383288 total
[2022-04-22T01:54:22.929+0000][8][gc,phases   ] GC(30)   Pre Evacuate Collection Set: 0.1ms
[2022-04-22T01:54:22.929+0000][8][gc,phases   ] GC(30)   Merge Heap Roots: 0.1ms
[2022-04-22T01:54:22.930+0000][8][gc,phases   ] GC(30)   Evacuate Collection Set: 2.6ms
[2022-04-22T01:54:22.931+0000][8][gc,phases   ] GC(30)   Post Evacuate Collection Set: 0.8ms
[2022-04-22T01:54:22.956+0000][8][gc,phases   ] GC(30)   Other: 15.3ms
[2022-04-22T01:54:22.957+0000][8][gc,heap     ] GC(30) Eden regions: 71->0(71)
[2022-04-22T01:54:22.957+0000][8][gc,heap     ] GC(30) Survivor regions: 5->5(10)
[2022-04-22T01:54:22.959+0000][8][gc,heap     ] GC(30) Old regions: 18->18
[2022-04-22T01:54:22.960+0000][8][gc,heap     ] GC(30) Archive regions: 2->2
[2022-04-22T01:54:22.961+0000][8][gc,heap     ] GC(30) Humongous regions: 6->6
[2022-04-22T01:54:22.961+0000][8][gc,metaspace] GC(30) Metaspace: 105090K(106624K)->105090K(106624K) NonClass: 90783K(91712K)->90783K(91712K) Class: 14307K(14912K)->14307K(14912K)
[2022-04-22T01:54:22.962+0000][8][gc          ] GC(30) Pause Young (Normal) (G1 Evacuation Pause) 400M->116M(512M) 52.252ms
[2022-04-22T01:54:22.963+0000][8][gc,cpu      ] GC(30) User=0.01s Sys=0.00s Real=0.06s
[2022-04-22T01:54:22.964+0000][8][safepoint   ] Safepoint "G1CollectForAllocation", Time since last: 2071648125 ns, Reaching safepoint: 55708 ns, At safepoint: 53956542 ns, Total: 54012250 ns
[2022-04-22T01:54:24.965+0000][8][safepoint   ] Safepoint "Cleanup", Time since last: 2000878084 ns, Reaching safepoint: 158709 ns, At safepoint: 4625 ns, Total: 163334 ns
[2022-04-22T01:54:25.846+0000][8][gc,start    ] GC(31) Pause Young (Normal) (G1 Evacuation Pause)
[2022-04-22T01:54:25.846+0000][8][gc,task     ] GC(31) Using 5 workers of 5 for evacuation
[2022-04-22T01:54:25.847+0000][8][gc,age      ] GC(31) Desired survivor size 20971520 bytes, new threshold 15 (max threshold 15)
[2022-04-22T01:54:25.852+0000][8][gc,age      ] GC(31) Age table with threshold 15 (max threshold 15)
[2022-04-22T01:54:25.853+0000][8][gc,age      ] GC(31) - age   1:    3351664 bytes,    3351664 total
[2022-04-22T01:54:25.855+0000][8][gc,age      ] GC(31) - age   2:    2474664 bytes,    5826328 total
[2022-04-22T01:54:25.855+0000][8][gc,age      ] GC(31) - age   3:    1515792 bytes,    7342120 total
[2022-04-22T01:54:25.856+0000][8][gc,age      ] GC(31) - age   4:    1256952 bytes,    8599072 total
[2022-04-22T01:54:25.857+0000][8][gc,age      ] GC(31) - age   5:    1144072 bytes,    9743144 total
[2022-04-22T01:54:25.857+0000][8][gc,age      ] GC(31) - age   6:    1171192 bytes,   10914336 total
[2022-04-22T01:54:25.858+0000][8][gc,age      ] GC(31) - age   7:    1249128 bytes,   12163464 total
[2022-04-22T01:54:25.859+0000][8][gc,age      ] GC(31) - age   8:    1121232 bytes,   13284696 total
[2022-04-22T01:54:25.859+0000][8][gc,age      ] GC(31) - age   9:    1482400 bytes,   14767096 total
[2022-04-22T01:54:25.860+0000][8][gc,age      ] GC(31) - age  10:    1588176 bytes,   16355272 total
[2022-04-22T01:54:25.861+0000][8][gc,age      ] GC(31) - age  11:    1917528 bytes,   18272800 total
[2022-04-22T01:54:25.861+0000][8][gc,age      ] GC(31) - age  12:     573224 bytes,   18846024 total
[2022-04-22T01:54:25.862+0000][8][gc,age      ] GC(31) - age  13:     555880 bytes,   19401904 total
[2022-04-22T01:54:25.863+0000][8][gc,age      ] GC(31) - age  14:    1177856 bytes,   20579760 total
[2022-04-22T01:54:25.863+0000][8][gc,phases   ] GC(31)   Pre Evacuate Collection Set: 0.3ms
[2022-04-22T01:54:25.864+0000][8][gc,phases   ] GC(31)   Merge Heap Roots: 0.1ms
[2022-04-22T01:54:25.865+0000][8][gc,phases   ] GC(31)   Evacuate Collection Set: 3.1ms
[2022-04-22T01:54:25.865+0000][8][gc,phases   ] GC(31)   Post Evacuate Collection Set: 0.9ms
[2022-04-22T01:54:25.866+0000][8][gc,phases   ] GC(31)   Other: 13.5ms
[2022-04-22T01:54:25.867+0000][8][gc,heap     ] GC(31) Eden regions: 71->0(70)
[2022-04-22T01:54:25.867+0000][8][gc,heap     ] GC(31) Survivor regions: 5->6(10)
[2022-04-22T01:54:25.868+0000][8][gc,heap     ] GC(31) Old regions: 18->18
[2022-04-22T01:54:25.868+0000][8][gc,heap     ] GC(31) Archive regions: 2->2
[2022-04-22T01:54:25.869+0000][8][gc,heap     ] GC(31) Humongous regions: 6->6
[2022-04-22T01:54:25.869+0000][8][gc,metaspace] GC(31) Metaspace: 105091K(106624K)->105091K(106624K) NonClass: 90783K(91712K)->90783K(91712K) Class: 14307K(14912K)->14307K(14912K)
[2022-04-22T01:54:25.870+0000][8][gc          ] GC(31) Pause Young (Normal) (G1 Evacuation Pause) 400M->118M(512M) 24.366ms
[2022-04-22T01:54:25.871+0000][8][gc,cpu      ] GC(31) User=0.02s Sys=0.00s Real=0.02s
[2022-04-22T01:54:25.872+0000][8][safepoint   ] Safepoint "G1CollectForAllocation", Time since last: 880586459 ns, Reaching safepoint: 168208 ns, At safepoint: 26081625 ns, Total: 26249833 ns
[2022-04-22T01:54:26.873+0000][8][safepoint   ] Safepoint "Cleanup", Time since last: 1000763042 ns, Reaching safepoint: 210958 ns, At safepoint: 4125 ns, Total: 215083 ns
[2022-04-22T01:54:27.874+0000][8][safepoint   ] Safepoint "Cleanup", Time since last: 1001208543 ns, Reaching safepoint: 283375 ns, At safepoint: 10041 ns, Total: 293416 ns
[2022-04-22T01:54:28.555+0000][8][gc,start    ] GC(32) Pause Young (Normal) (G1 Evacuation Pause)
[2022-04-22T01:54:28.556+0000][8][gc,task     ] GC(32) Using 5 workers of 5 for evacuation
[2022-04-22T01:54:28.556+0000][8][gc,age      ] GC(32) Desired survivor size 20971520 bytes, new threshold 15 (max threshold 15)
[2022-04-22T01:54:28.562+0000][8][gc,age      ] GC(32) Age table with threshold 15 (max threshold 15)
[2022-04-22T01:54:28.563+0000][8][gc,age      ] GC(32) - age   1:    1298312 bytes,    1298312 total
[2022-04-22T01:54:28.564+0000][8][gc,age      ] GC(32) - age   2:    3321128 bytes,    4619440 total
[2022-04-22T01:54:28.564+0000][8][gc,age      ] GC(32) - age   3:    2370432 bytes,    6989872 total
[2022-04-22T01:54:28.565+0000][8][gc,age      ] GC(32) - age   4:    1364184 bytes,    8354056 total
[2022-04-22T01:54:28.566+0000][8][gc,age      ] GC(32) - age   5:    1232088 bytes,    9586144 total
[2022-04-22T01:54:28.567+0000][8][gc,age      ] GC(32) - age   6:    1127496 bytes,   10713640 total
[2022-04-22T01:54:28.568+0000][8][gc,age      ] GC(32) - age   7:    1162344 bytes,   11875984 total
[2022-04-22T01:54:28.569+0000][8][gc,age      ] GC(32) - age   8:    1241848 bytes,   13117832 total
[2022-04-22T01:54:28.569+0000][8][gc,age      ] GC(32) - age   9:    1116136 bytes,   14233968 total
[2022-04-22T01:54:28.570+0000][8][gc,age      ] GC(32) - age  10:    1469352 bytes,   15703320 total
[2022-04-22T01:54:28.571+0000][8][gc,age      ] GC(32) - age  11:    1582744 bytes,   17286064 total
[2022-04-22T01:54:28.571+0000][8][gc,age      ] GC(32) - age  12:    1913328 bytes,   19199392 total
[2022-04-22T01:54:28.572+0000][8][gc,age      ] GC(32) - age  13:     572048 bytes,   19771440 total
[2022-04-22T01:54:28.573+0000][8][gc,age      ] GC(32) - age  14:     549160 bytes,   20320600 total
[2022-04-22T01:54:28.573+0000][8][gc,age      ] GC(32) - age  15:    1177856 bytes,   21498456 total
[2022-04-22T01:54:28.574+0000][8][gc,phases   ] GC(32)   Pre Evacuate Collection Set: 0.2ms
[2022-04-22T01:54:28.575+0000][8][gc,phases   ] GC(32)   Merge Heap Roots: 0.0ms
[2022-04-22T01:54:28.575+0000][8][gc,phases   ] GC(32)   Evacuate Collection Set: 3.2ms
[2022-04-22T01:54:28.576+0000][8][gc,phases   ] GC(32)   Post Evacuate Collection Set: 1.0ms
[2022-04-22T01:54:28.576+0000][8][gc,phases   ] GC(32)   Other: 14.5ms
[2022-04-22T01:54:28.577+0000][8][gc,heap     ] GC(32) Eden regions: 70->0(70)
[2022-04-22T01:54:28.577+0000][8][gc,heap     ] GC(32) Survivor regions: 6->6(10)
[2022-04-22T01:54:28.578+0000][8][gc,heap     ] GC(32) Old regions: 18->18
[2022-04-22T01:54:28.579+0000][8][gc,heap     ] GC(32) Archive regions: 2->2
[2022-04-22T01:54:28.579+0000][8][gc,heap     ] GC(32) Humongous regions: 6->6
[2022-04-22T01:54:28.580+0000][8][gc,metaspace] GC(32) Metaspace: 105092K(106624K)->105092K(106624K) NonClass: 90784K(91712K)->90784K(91712K) Class: 14307K(14912K)->14307K(14912K)
[2022-04-22T01:54:28.580+0000][8][gc          ] GC(32) Pause Young (Normal) (G1 Evacuation Pause) 398M->118M(512M) 25.552ms
[2022-04-22T01:54:28.581+0000][8][gc,cpu      ] GC(32) User=0.01s Sys=0.00s Real=0.02s
[2022-04-22T01:54:28.582+0000][8][safepoint   ] Safepoint "G1CollectForAllocation", Time since last: 680434209 ns, Reaching safepoint: 207458 ns, At safepoint: 27048750 ns, Total: 27256208 ns
[2022-04-22T01:54:29.583+0000][8][safepoint   ] Safepoint "Cleanup", Time since last: 1000975917 ns, Reaching safepoint: 130209 ns, At safepoint: 4541 ns, Total: 134750 ns
[2022-04-22T01:54:30.584+0000][8][safepoint   ] Safepoint "Cleanup", Time since last: 1000773084 ns, Reaching safepoint: 760958 ns, At safepoint: 4667 ns, Total: 765625 ns
[2022-04-22T01:54:30.855+0000][8][gc,start    ] GC(33) Pause Young (Normal) (G1 Evacuation Pause)
[2022-04-22T01:54:30.855+0000][8][gc,task     ] GC(33) Using 5 workers of 5 for evacuation
[2022-04-22T01:54:30.856+0000][8][gc,age      ] GC(33) Desired survivor size 20971520 bytes, new threshold 15 (max threshold 15)
[2022-04-22T01:54:30.861+0000][8][gc,age      ] GC(33) Age table with threshold 15 (max threshold 15)
[2022-04-22T01:54:30.863+0000][8][gc,age      ] GC(33) - age   1:    4137264 bytes,    4137264 total
[2022-04-22T01:54:30.864+0000][8][gc,age      ] GC(33) - age   2:    1261360 bytes,    5398624 total
[2022-04-22T01:54:30.865+0000][8][gc,age      ] GC(33) - age   3:    1078536 bytes,    6477160 total
[2022-04-22T01:54:30.865+0000][8][gc,age      ] GC(33) - age   4:    2362648 bytes,    8839808 total
[2022-04-22T01:54:30.866+0000][8][gc,age      ] GC(33) - age   5:    1304488 bytes,   10144296 total
[2022-04-22T01:54:30.866+0000][8][gc,age      ] GC(33) - age   6:    1209824 bytes,   11354120 total
[2022-04-22T01:54:30.867+0000][8][gc,age      ] GC(33) - age   7:    1111592 bytes,   12465712 total
[2022-04-22T01:54:30.868+0000][8][gc,age      ] GC(33) - age   8:    1155400 bytes,   13621112 total
[2022-04-22T01:54:30.869+0000][8][gc,age      ] GC(33) - age   9:    1211128 bytes,   14832240 total
[2022-04-22T01:54:30.869+0000][8][gc,age      ] GC(33) - age  10:    1112216 bytes,   15944456 total
[2022-04-22T01:54:30.871+0000][8][gc,age      ] GC(33) - age  11:    1461784 bytes,   17406240 total
[2022-04-22T01:54:30.872+0000][8][gc,age      ] GC(33) - age  12:    1580472 bytes,   18986712 total
[2022-04-22T01:54:30.873+0000][8][gc,age      ] GC(33) - age  13:    1823544 bytes,   20810256 total
[2022-04-22T01:54:30.874+0000][8][gc,age      ] GC(33) - age  14:     571040 bytes,   21381296 total
[2022-04-22T01:54:30.874+0000][8][gc,age      ] GC(33) - age  15:     544624 bytes,   21925920 total
[2022-04-22T01:54:30.876+0000][8][gc,phases   ] GC(33)   Pre Evacuate Collection Set: 0.1ms
[2022-04-22T01:54:30.877+0000][8][gc,phases   ] GC(33)   Merge Heap Roots: 0.1ms
[2022-04-22T01:54:30.878+0000][8][gc,phases   ] GC(33)   Evacuate Collection Set: 3.3ms
[2022-04-22T01:54:30.879+0000][8][gc,phases   ] GC(33)   Post Evacuate Collection Set: 1.0ms
[2022-04-22T01:54:30.880+0000][8][gc,phases   ] GC(33)   Other: 16.5ms
[2022-04-22T01:54:30.881+0000][8][gc,heap     ] GC(33) Eden regions: 70->0(70)
[2022-04-22T01:54:30.882+0000][8][gc,heap     ] GC(33) Survivor regions: 6->6(10)
[2022-04-22T01:54:30.882+0000][8][gc,heap     ] GC(33) Old regions: 18->18
[2022-04-22T01:54:30.883+0000][8][gc,heap     ] GC(33) Archive regions: 2->2
[2022-04-22T01:54:30.884+0000][8][gc,heap     ] GC(33) Humongous regions: 6->6
[2022-04-22T01:54:30.884+0000][8][gc,metaspace] GC(33) Metaspace: 105096K(106624K)->105096K(106624K) NonClass: 90787K(91712K)->90787K(91712K) Class: 14308K(14912K)->14308K(14912K)
[2022-04-22T01:54:30.885+0000][8][gc          ] GC(33) Pause Young (Normal) (G1 Evacuation Pause) 398M->122M(512M) 30.231ms
[2022-04-22T01:54:30.885+0000][8][gc,cpu      ] GC(33) User=0.02s Sys=0.00s Real=0.03s
[2022-04-22T01:54:30.886+0000][8][safepoint   ] Safepoint "G1CollectForAllocation", Time since last: 270066000 ns, Reaching safepoint: 90584 ns, At safepoint: 31637541 ns, Total: 31728125 ns
[2022-04-22T01:54:32.022+0000][8][gc,start    ] GC(34) Pause Young (Normal) (G1 Evacuation Pause)
[2022-04-22T01:54:32.023+0000][8][gc,task     ] GC(34) Using 5 workers of 5 for evacuation
[2022-04-22T01:54:32.024+0000][8][gc,age      ] GC(34) Desired survivor size 20971520 bytes, new threshold 14 (max threshold 15)
[2022-04-22T01:54:32.030+0000][8][gc,age      ] GC(34) Age table with threshold 14 (max threshold 15)
[2022-04-22T01:54:32.031+0000][8][gc,age      ] GC(34) - age   1:    1880360 bytes,    1880360 total
[2022-04-22T01:54:32.033+0000][8][gc,age      ] GC(34) - age   2:    3747120 bytes,    5627480 total
[2022-04-22T01:54:32.033+0000][8][gc,age      ] GC(34) - age   3:    1260208 bytes,    6887688 total
[2022-04-22T01:54:32.034+0000][8][gc,age      ] GC(34) - age   4:    1076488 bytes,    7964176 total
[2022-04-22T01:54:32.035+0000][8][gc,age      ] GC(34) - age   5:    2360632 bytes,   10324808 total
[2022-04-22T01:54:32.036+0000][8][gc,age      ] GC(34) - age   6:    1302304 bytes,   11627112 total
[2022-04-22T01:54:32.037+0000][8][gc,age      ] GC(34) - age   7:    1206912 bytes,   12834024 total
[2022-04-22T01:54:32.039+0000][8][gc,age      ] GC(34) - age   8:    1108568 bytes,   13942592 total
[2022-04-22T01:54:32.040+0000][8][gc,age      ] GC(34) - age   9:    1150584 bytes,   15093176 total
[2022-04-22T01:54:32.040+0000][8][gc,age      ] GC(34) - age  10:    1211128 bytes,   16304304 total
[2022-04-22T01:54:32.042+0000][8][gc,age      ] GC(34) - age  11:    1111208 bytes,   17415512 total
[2022-04-22T01:54:32.043+0000][8][gc,age      ] GC(34) - age  12:    1458088 bytes,   18873600 total
[2022-04-22T01:54:32.044+0000][8][gc,age      ] GC(34) - age  13:    1580472 bytes,   20454072 total
[2022-04-22T01:54:32.045+0000][8][gc,age      ] GC(34) - age  14:    1807120 bytes,   22261192 total
[2022-04-22T01:54:32.046+0000][8][gc,phases   ] GC(34)   Pre Evacuate Collection Set: 0.2ms
[2022-04-22T01:54:32.046+0000][8][gc,phases   ] GC(34)   Merge Heap Roots: 0.4ms
[2022-04-22T01:54:32.047+0000][8][gc,phases   ] GC(34)   Evacuate Collection Set: 3.1ms
[2022-04-22T01:54:32.048+0000][8][gc,phases   ] GC(34)   Post Evacuate Collection Set: 1.2ms
[2022-04-22T01:54:32.050+0000][8][gc,phases   ] GC(34)   Other: 19.2ms
[2022-04-22T01:54:32.050+0000][8][gc,heap     ] GC(34) Eden regions: 70->0(70)
[2022-04-22T01:54:32.051+0000][8][gc,heap     ] GC(34) Survivor regions: 6->6(10)
[2022-04-22T01:54:32.052+0000][8][gc,heap     ] GC(34) Old regions: 18->18
[2022-04-22T01:54:32.053+0000][8][gc,heap     ] GC(34) Archive regions: 2->2
[2022-04-22T01:54:32.054+0000][8][gc,heap     ] GC(34) Humongous regions: 6->6
[2022-04-22T01:54:32.055+0000][8][gc,metaspace] GC(34) Metaspace: 105099K(106624K)->105099K(106624K) NonClass: 90790K(91712K)->90790K(91712K) Class: 14308K(14912K)->14308K(14912K)
[2022-04-22T01:54:32.055+0000][8][gc          ] GC(34) Pause Young (Normal) (G1 Evacuation Pause) 402M->122M(512M) 33.632ms
[2022-04-22T01:54:32.056+0000][8][gc,cpu      ] GC(34) User=0.00s Sys=0.01s Real=0.04s
[2022-04-22T01:54:32.057+0000][8][safepoint   ] Safepoint "G1CollectForAllocation", Time since last: 1135116876 ns, Reaching safepoint: 269458 ns, At safepoint: 35259417 ns, Total: 35528875 ns
[2022-04-22T01:54:33.058+0000][8][safepoint   ] Safepoint "Cleanup", Time since last: 1000996334 ns, Reaching safepoint: 407083 ns, At safepoint: 13833 ns, Total: 420916 ns
[2022-04-22T01:54:34.353+0000][8][gc,start    ] GC(35) Pause Young (Normal) (G1 Evacuation Pause)
[2022-04-22T01:54:34.354+0000][8][gc,task     ] GC(35) Using 5 workers of 5 for evacuation
[2022-04-22T01:54:34.354+0000][8][gc,age      ] GC(35) Desired survivor size 20971520 bytes, new threshold 14 (max threshold 15)
[2022-04-22T01:54:34.360+0000][8][gc,age      ] GC(35) Age table with threshold 14 (max threshold 15)
[2022-04-22T01:54:34.361+0000][8][gc,age      ] GC(35) - age   1:    4245896 bytes,    4245896 total
[2022-04-22T01:54:34.361+0000][8][gc,age      ] GC(35) - age   2:    1868464 bytes,    6114360 total
[2022-04-22T01:54:34.362+0000][8][gc,age      ] GC(35) - age   3:    1396248 bytes,    7510608 total
[2022-04-22T01:54:34.363+0000][8][gc,age      ] GC(35) - age   4:    1146672 bytes,    8657280 total
[2022-04-22T01:54:34.363+0000][8][gc,age      ] GC(35) - age   5:    1072984 bytes,    9730264 total
[2022-04-22T01:54:34.364+0000][8][gc,age      ] GC(35) - age   6:    2357896 bytes,   12088160 total
[2022-04-22T01:54:34.364+0000][8][gc,age      ] GC(35) - age   7:    1261744 bytes,   13349904 total
[2022-04-22T01:54:34.365+0000][8][gc,age      ] GC(35) - age   8:    1196776 bytes,   14546680 total
[2022-04-22T01:54:34.366+0000][8][gc,age      ] GC(35) - age   9:    1100672 bytes,   15647352 total
[2022-04-22T01:54:34.366+0000][8][gc,age      ] GC(35) - age  10:    1147152 bytes,   16794504 total
[2022-04-22T01:54:34.367+0000][8][gc,age      ] GC(35) - age  11:    1209560 bytes,   18004064 total
[2022-04-22T01:54:34.367+0000][8][gc,age      ] GC(35) - age  12:    1108296 bytes,   19112360 total
[2022-04-22T01:54:34.368+0000][8][gc,age      ] GC(35) - age  13:    1456072 bytes,   20568432 total
[2022-04-22T01:54:34.368+0000][8][gc,age      ] GC(35) - age  14:    1580472 bytes,   22148904 total
[2022-04-22T01:54:34.369+0000][8][gc,phases   ] GC(35)   Pre Evacuate Collection Set: 0.2ms
[2022-04-22T01:54:34.370+0000][8][gc,phases   ] GC(35)   Merge Heap Roots: 0.0ms
[2022-04-22T01:54:34.370+0000][8][gc,phases   ] GC(35)   Evacuate Collection Set: 3.3ms
[2022-04-22T01:54:34.371+0000][8][gc,phases   ] GC(35)   Post Evacuate Collection Set: 0.9ms
[2022-04-22T01:54:34.372+0000][8][gc,phases   ] GC(35)   Other: 11.8ms
[2022-04-22T01:54:34.372+0000][8][gc,heap     ] GC(35) Eden regions: 70->0(69)
[2022-04-22T01:54:34.373+0000][8][gc,heap     ] GC(35) Survivor regions: 6->6(10)
[2022-04-22T01:54:34.373+0000][8][gc,heap     ] GC(35) Old regions: 18->19
[2022-04-22T01:54:34.374+0000][8][gc,heap     ] GC(35) Archive regions: 2->2
[2022-04-22T01:54:34.375+0000][8][gc,heap     ] GC(35) Humongous regions: 6->6
[2022-04-22T01:54:34.375+0000][8][gc,metaspace] GC(35) Metaspace: 105100K(106624K)->105100K(106624K) NonClass: 90791K(91712K)->90791K(91712K) Class: 14308K(14912K)->14308K(14912K)
[2022-04-22T01:54:34.376+0000][8][gc          ] GC(35) Pause Young (Normal) (G1 Evacuation Pause) 402M->125M(512M) 23.344ms
[2022-04-22T01:54:34.377+0000][8][gc,cpu      ] GC(35) User=0.01s Sys=0.01s Real=0.02s
[2022-04-22T01:54:34.377+0000][8][safepoint   ] Safepoint "G1CollectForAllocation", Time since last: 1294303668 ns, Reaching safepoint: 261416 ns, At safepoint: 24638917 ns, Total: 24900333 ns
[2022-04-22T01:54:35.378+0000][8][safepoint   ] Safepoint "Cleanup", Time since last: 1000638042 ns, Reaching safepoint: 131000 ns, At safepoint: 4375 ns, Total: 135375 ns
[2022-04-22T01:54:36.854+0000][8][gc,start    ] GC(36) Pause Young (Normal) (G1 Evacuation Pause)
[2022-04-22T01:54:36.855+0000][8][gc,task     ] GC(36) Using 5 workers of 5 for evacuation
[2022-04-22T01:54:36.855+0000][8][gc,age      ] GC(36) Desired survivor size 20971520 bytes, new threshold 14 (max threshold 15)
[2022-04-22T01:54:36.860+0000][8][gc,age      ] GC(36) Age table with threshold 14 (max threshold 15)
[2022-04-22T01:54:36.862+0000][8][gc,age      ] GC(36) - age   1:    1277968 bytes,    1277968 total
[2022-04-22T01:54:36.863+0000][8][gc,age      ] GC(36) - age   2:    4114440 bytes,    5392408 total
[2022-04-22T01:54:36.864+0000][8][gc,age      ] GC(36) - age   3:    1868152 bytes,    7260560 total
[2022-04-22T01:54:36.865+0000][8][gc,age      ] GC(36) - age   4:    1394808 bytes,    8655368 total
[2022-04-22T01:54:36.866+0000][8][gc,age      ] GC(36) - age   5:    1145752 bytes,    9801120 total
[2022-04-22T01:54:36.867+0000][8][gc,age      ] GC(36) - age   6:    1072952 bytes,   10874072 total
[2022-04-22T01:54:36.867+0000][8][gc,age      ] GC(36) - age   7:    2266616 bytes,   13140688 total
[2022-04-22T01:54:36.868+0000][8][gc,age      ] GC(36) - age   8:    1258608 bytes,   14399296 total
[2022-04-22T01:54:36.869+0000][8][gc,age      ] GC(36) - age   9:    1188936 bytes,   15588232 total
[2022-04-22T01:54:36.870+0000][8][gc,age      ] GC(36) - age  10:    1094680 bytes,   16682912 total
[2022-04-22T01:54:36.871+0000][8][gc,age      ] GC(36) - age  11:    1145248 bytes,   17828160 total
[2022-04-22T01:54:36.872+0000][8][gc,age      ] GC(36) - age  12:    1206368 bytes,   19034528 total
[2022-04-22T01:54:36.873+0000][8][gc,age      ] GC(36) - age  13:    1105328 bytes,   20139856 total
[2022-04-22T01:54:36.874+0000][8][gc,age      ] GC(36) - age  14:    1452152 bytes,   21592008 total
[2022-04-22T01:54:36.875+0000][8][gc,phases   ] GC(36)   Pre Evacuate Collection Set: 0.1ms
[2022-04-22T01:54:36.876+0000][8][gc,phases   ] GC(36)   Merge Heap Roots: 0.2ms
[2022-04-22T01:54:36.877+0000][8][gc,phases   ] GC(36)   Evacuate Collection Set: 2.9ms
[2022-04-22T01:54:36.878+0000][8][gc,phases   ] GC(36)   Post Evacuate Collection Set: 1.0ms
[2022-04-22T01:54:36.879+0000][8][gc,phases   ] GC(36)   Other: 17.2ms
[2022-04-22T01:54:36.880+0000][8][gc,heap     ] GC(36) Eden regions: 69->0(69)
[2022-04-22T01:54:36.881+0000][8][gc,heap     ] GC(36) Survivor regions: 6->6(10)
[2022-04-22T01:54:36.882+0000][8][gc,heap     ] GC(36) Old regions: 19->19
[2022-04-22T01:54:36.882+0000][8][gc,heap     ] GC(36) Archive regions: 2->2
[2022-04-22T01:54:36.883+0000][8][gc,heap     ] GC(36) Humongous regions: 6->6
[2022-04-22T01:54:36.884+0000][8][gc,metaspace] GC(36) Metaspace: 105101K(106624K)->105101K(106624K) NonClass: 90792K(91712K)->90792K(91712K) Class: 14308K(14912K)->14308K(14912K)
[2022-04-22T01:54:36.885+0000][8][gc          ] GC(36) Pause Young (Normal) (G1 Evacuation Pause) 401M->125M(512M) 31.150ms
[2022-04-22T01:54:36.886+0000][8][gc,cpu      ] GC(36) User=0.02s Sys=0.00s Real=0.03s
[2022-04-22T01:54:36.887+0000][8][safepoint   ] Safepoint "G1CollectForAllocation", Time since last: 1475606959 ns, Reaching safepoint: 33917 ns, At safepoint: 32764625 ns, Total: 32798542 ns
[2022-04-22T01:54:37.889+0000][8][safepoint   ] Safepoint "Cleanup", Time since last: 1001907875 ns, Reaching safepoint: 156084 ns, At safepoint: 6208 ns, Total: 162292 ns
[2022-04-22T01:54:38.890+0000][8][safepoint   ] Safepoint "Cleanup", Time since last: 1001129500 ns, Reaching safepoint: 93500 ns, At safepoint: 5709 ns, Total: 99209 ns
[2022-04-22T01:54:39.097+0000][8][gc,start    ] GC(37) Pause Young (Normal) (G1 Evacuation Pause)
[2022-04-22T01:54:39.098+0000][8][gc,task     ] GC(37) Using 5 workers of 5 for evacuation
[2022-04-22T01:54:39.099+0000][8][gc,age      ] GC(37) Desired survivor size 20971520 bytes, new threshold 14 (max threshold 15)
[2022-04-22T01:54:39.104+0000][8][gc,age      ] GC(37) Age table with threshold 14 (max threshold 15)
[2022-04-22T01:54:39.105+0000][8][gc,age      ] GC(37) - age   1:    4534968 bytes,    4534968 total
[2022-04-22T01:54:39.106+0000][8][gc,age      ] GC(37) - age   2:    1245144 bytes,    5780112 total
[2022-04-22T01:54:39.107+0000][8][gc,age      ] GC(37) - age   3:    1473048 bytes,    7253160 total
[2022-04-22T01:54:39.108+0000][8][gc,age      ] GC(37) - age   4:    1868152 bytes,    9121312 total
[2022-04-22T01:54:39.108+0000][8][gc,age      ] GC(37) - age   5:    1224144 bytes,   10345456 total
[2022-04-22T01:54:39.109+0000][8][gc,age      ] GC(37) - age   6:     984592 bytes,   11330048 total
[2022-04-22T01:54:39.110+0000][8][gc,age      ] GC(37) - age   7:    1070768 bytes,   12400816 total
[2022-04-22T01:54:39.110+0000][8][gc,age      ] GC(37) - age   8:    2264152 bytes,   14664968 total
[2022-04-22T01:54:39.111+0000][8][gc,age      ] GC(37) - age   9:    1257040 bytes,   15922008 total
[2022-04-22T01:54:39.112+0000][8][gc,age      ] GC(37) - age  10:    1182048 bytes,   17104056 total
[2022-04-22T01:54:39.113+0000][8][gc,age      ] GC(37) - age  11:    1090504 bytes,   18194560 total
[2022-04-22T01:54:39.113+0000][8][gc,age      ] GC(37) - age  12:    1133504 bytes,   19328064 total
[2022-04-22T01:54:39.114+0000][8][gc,age      ] GC(37) - age  13:    1202168 bytes,   20530232 total
[2022-04-22T01:54:39.115+0000][8][gc,age      ] GC(37) - age  14:    1102976 bytes,   21633208 total
[2022-04-22T01:54:39.115+0000][8][gc,phases   ] GC(37)   Pre Evacuate Collection Set: 0.1ms
[2022-04-22T01:54:39.116+0000][8][gc,phases   ] GC(37)   Merge Heap Roots: 0.1ms
[2022-04-22T01:54:39.117+0000][8][gc,phases   ] GC(37)   Evacuate Collection Set: 3.4ms
[2022-04-22T01:54:39.118+0000][8][gc,phases   ] GC(37)   Post Evacuate Collection Set: 0.9ms
[2022-04-22T01:54:39.119+0000][8][gc,phases   ] GC(37)   Other: 13.9ms
[2022-04-22T01:54:39.119+0000][8][gc,heap     ] GC(37) Eden regions: 69->0(68)
[2022-04-22T01:54:39.120+0000][8][gc,heap     ] GC(37) Survivor regions: 6->6(10)
[2022-04-22T01:54:39.122+0000][8][gc,heap     ] GC(37) Old regions: 19->20
[2022-04-22T01:54:39.124+0000][8][gc,heap     ] GC(37) Archive regions: 2->2
[2022-04-22T01:54:39.125+0000][8][gc,heap     ] GC(37) Humongous regions: 6->6
[2022-04-22T01:54:39.126+0000][8][gc,metaspace] GC(37) Metaspace: 105106K(106624K)->105106K(106624K) NonClass: 90797K(91712K)->90797K(91712K) Class: 14309K(14912K)->14309K(14912K)
[2022-04-22T01:54:39.127+0000][8][gc          ] GC(37) Pause Young (Normal) (G1 Evacuation Pause) 401M->126M(512M) 29.624ms
[2022-04-22T01:54:39.127+0000][8][gc,cpu      ] GC(37) User=0.02s Sys=0.01s Real=0.03s
[2022-04-22T01:54:39.128+0000][8][safepoint   ] Safepoint "G1CollectForAllocation", Time since last: 206955292 ns, Reaching safepoint: 188875 ns, At safepoint: 31063375 ns, Total: 31252250 ns
[2022-04-22T01:54:40.130+0000][8][safepoint   ] Safepoint "Cleanup", Time since last: 1000941208 ns, Reaching safepoint: 481250 ns, At safepoint: 17834 ns, Total: 499084 ns
[2022-04-22T01:54:42.093+0000][8][gc,start    ] GC(38) Pause Young (Normal) (G1 Evacuation Pause)
[2022-04-22T01:54:42.094+0000][8][gc,task     ] GC(38) Using 5 workers of 5 for evacuation
[2022-04-22T01:54:42.095+0000][8][gc,age      ] GC(38) Desired survivor size 20971520 bytes, new threshold 14 (max threshold 15)
[2022-04-22T01:54:42.100+0000][8][gc,age      ] GC(38) Age table with threshold 14 (max threshold 15)
[2022-04-22T01:54:42.102+0000][8][gc,age      ] GC(38) - age   1:    1645848 bytes,    1645848 total
[2022-04-22T01:54:42.102+0000][8][gc,age      ] GC(38) - age   2:    4502600 bytes,    6148448 total
[2022-04-22T01:54:42.104+0000][8][gc,age      ] GC(38) - age   3:    1108704 bytes,    7257152 total
[2022-04-22T01:54:42.105+0000][8][gc,age      ] GC(38) - age   4:    1345304 bytes,    8602456 total
[2022-04-22T01:54:42.106+0000][8][gc,age      ] GC(38) - age   5:    1867992 bytes,   10470448 total
[2022-04-22T01:54:42.106+0000][8][gc,age      ] GC(38) - age   6:    1221840 bytes,   11692288 total
[2022-04-22T01:54:42.107+0000][8][gc,age      ] GC(38) - age   7:     981000 bytes,   12673288 total
[2022-04-22T01:54:42.108+0000][8][gc,age      ] GC(38) - age   8:    1067600 bytes,   13740888 total
[2022-04-22T01:54:42.108+0000][8][gc,age      ] GC(38) - age   9:    2262408 bytes,   16003296 total
[2022-04-22T01:54:42.109+0000][8][gc,age      ] GC(38) - age  10:    1252384 bytes,   17255680 total
[2022-04-22T01:54:42.110+0000][8][gc,age      ] GC(38) - age  11:    1167496 bytes,   18423176 total
[2022-04-22T01:54:42.110+0000][8][gc,age      ] GC(38) - age  12:    1079688 bytes,   19502864 total
[2022-04-22T01:54:42.111+0000][8][gc,age      ] GC(38) - age  13:    1087472 bytes,   20590336 total
[2022-04-22T01:54:42.112+0000][8][gc,age      ] GC(38) - age  14:    1197096 bytes,   21787432 total
[2022-04-22T01:54:42.112+0000][8][gc,phases   ] GC(38)   Pre Evacuate Collection Set: 0.4ms
[2022-04-22T01:54:42.113+0000][8][gc,phases   ] GC(38)   Merge Heap Roots: 0.4ms
[2022-04-22T01:54:42.113+0000][8][gc,phases   ] GC(38)   Evacuate Collection Set: 3.0ms
[2022-04-22T01:54:42.114+0000][8][gc,phases   ] GC(38)   Post Evacuate Collection Set: 0.8ms
[2022-04-22T01:54:42.114+0000][8][gc,phases   ] GC(38)   Other: 15.0ms
[2022-04-22T01:54:42.115+0000][8][gc,heap     ] GC(38) Eden regions: 68->0(68)
[2022-04-22T01:54:42.116+0000][8][gc,heap     ] GC(38) Survivor regions: 6->6(10)
[2022-04-22T01:54:42.116+0000][8][gc,heap     ] GC(38) Old regions: 20->20
[2022-04-22T01:54:42.117+0000][8][gc,heap     ] GC(38) Archive regions: 2->2
[2022-04-22T01:54:42.118+0000][8][gc,heap     ] GC(38) Humongous regions: 6->6
[2022-04-22T01:54:42.118+0000][8][gc,metaspace] GC(38) Metaspace: 105108K(106624K)->105108K(106624K) NonClass: 90798K(91712K)->90798K(91712K) Class: 14309K(14912K)->14309K(14912K)
[2022-04-22T01:54:42.119+0000][8][gc          ] GC(38) Pause Young (Normal) (G1 Evacuation Pause) 398M->129M(512M) 26.399ms
[2022-04-22T01:54:42.120+0000][8][gc,cpu      ] GC(38) User=0.01s Sys=0.00s Real=0.02s
[2022-04-22T01:54:42.121+0000][8][safepoint   ] Safepoint "G1CollectForAllocation", Time since last: 1962932334 ns, Reaching safepoint: 64042 ns, At safepoint: 28170166 ns, Total: 28234208 ns
[2022-04-22T01:54:43.122+0000][8][safepoint   ] Safepoint "Cleanup", Time since last: 1000788084 ns, Reaching safepoint: 101458 ns, At safepoint: 4792 ns, Total: 106250 ns
[2022-04-22T01:54:43.827+0000][8][gc,start    ] GC(39) Pause Young (Normal) (G1 Evacuation Pause)
[2022-04-22T01:54:43.828+0000][8][gc,task     ] GC(39) Using 5 workers of 5 for evacuation
[2022-04-22T01:54:43.829+0000][8][gc,age      ] GC(39) Desired survivor size 20971520 bytes, new threshold 14 (max threshold 15)
[2022-04-22T01:54:43.834+0000][8][gc,age      ] GC(39) Age table with threshold 14 (max threshold 15)
[2022-04-22T01:54:43.835+0000][8][gc,age      ] GC(39) - age   1:    1543176 bytes,    1543176 total
[2022-04-22T01:54:43.836+0000][8][gc,age      ] GC(39) - age   2:    1310184 bytes,    2853360 total
[2022-04-22T01:54:43.837+0000][8][gc,age      ] GC(39) - age   3:    4498264 bytes,    7351624 total
[2022-04-22T01:54:43.838+0000][8][gc,age      ] GC(39) - age   4:    1108704 bytes,    8460328 total
[2022-04-22T01:54:43.839+0000][8][gc,age      ] GC(39) - age   5:    1345304 bytes,    9805632 total
[2022-04-22T01:54:43.839+0000][8][gc,age      ] GC(39) - age   6:    1735896 bytes,   11541528 total
[2022-04-22T01:54:43.840+0000][8][gc,age      ] GC(39) - age   7:    1195056 bytes,   12736584 total
[2022-04-22T01:54:43.841+0000][8][gc,age      ] GC(39) - age   8:     980904 bytes,   13717488 total
[2022-04-22T01:54:43.842+0000][8][gc,age      ] GC(39) - age   9:    1064632 bytes,   14782120 total
[2022-04-22T01:54:43.843+0000][8][gc,age      ] GC(39) - age  10:    2262408 bytes,   17044528 total
[2022-04-22T01:54:43.844+0000][8][gc,age      ] GC(39) - age  11:    1249024 bytes,   18293552 total
[2022-04-22T01:54:43.844+0000][8][gc,age      ] GC(39) - age  12:    1165648 bytes,   19459200 total
[2022-04-22T01:54:43.845+0000][8][gc,age      ] GC(39) - age  13:    1077464 bytes,   20536664 total
[2022-04-22T01:54:43.845+0000][8][gc,age      ] GC(39) - age  14:    1086296 bytes,   21622960 total
[2022-04-22T01:54:43.846+0000][8][gc,phases   ] GC(39)   Pre Evacuate Collection Set: 0.1ms
[2022-04-22T01:54:43.847+0000][8][gc,phases   ] GC(39)   Merge Heap Roots: 0.1ms
[2022-04-22T01:54:43.848+0000][8][gc,phases   ] GC(39)   Evacuate Collection Set: 1.9ms
[2022-04-22T01:54:43.848+0000][8][gc,phases   ] GC(39)   Post Evacuate Collection Set: 1.1ms
[2022-04-22T01:54:43.849+0000][8][gc,phases   ] GC(39)   Other: 16.0ms
[2022-04-22T01:54:43.850+0000][8][gc,heap     ] GC(39) Eden regions: 68->0(68)
[2022-04-22T01:54:43.850+0000][8][gc,heap     ] GC(39) Survivor regions: 6->6(10)
[2022-04-22T01:54:43.851+0000][8][gc,heap     ] GC(39) Old regions: 20->20
[2022-04-22T01:54:43.852+0000][8][gc,heap     ] GC(39) Archive regions: 2->2
[2022-04-22T01:54:43.852+0000][8][gc,heap     ] GC(39) Humongous regions: 6->6
[2022-04-22T01:54:43.853+0000][8][gc,metaspace] GC(39) Metaspace: 105112K(106624K)->105112K(106624K) NonClass: 90802K(91712K)->90802K(91712K) Class: 14310K(14912K)->14310K(14912K)
[2022-04-22T01:54:43.854+0000][8][gc          ] GC(39) Pause Young (Normal) (G1 Evacuation Pause) 401M->129M(512M) 26.841ms
[2022-04-22T01:54:43.854+0000][8][gc,cpu      ] GC(39) User=0.01s Sys=0.01s Real=0.03s
[2022-04-22T01:54:43.856+0000][8][safepoint   ] Safepoint "G1CollectForAllocation", Time since last: 705126167 ns, Reaching safepoint: 154917 ns, At safepoint: 28650625 ns, Total: 28805542 ns
[2022-04-22T01:54:44.857+0000][8][safepoint   ] Safepoint "Cleanup", Time since last: 1001139542 ns, Reaching safepoint: 91917 ns, At safepoint: 3916 ns, Total: 95833 ns
[2022-04-22T01:54:46.152+0000][8][gc,start    ] GC(40) Pause Young (Normal) (G1 Evacuation Pause)
[2022-04-22T01:54:46.153+0000][8][gc,task     ] GC(40) Using 5 workers of 5 for evacuation
[2022-04-22T01:54:46.154+0000][8][gc,age      ] GC(40) Desired survivor size 20971520 bytes, new threshold 14 (max threshold 15)
[2022-04-22T01:54:46.158+0000][8][gc,age      ] GC(40) Age table with threshold 14 (max threshold 15)
[2022-04-22T01:54:46.159+0000][8][gc,age      ] GC(40) - age   1:    4384616 bytes,    4384616 total
[2022-04-22T01:54:46.160+0000][8][gc,age      ] GC(40) - age   2:    1275776 bytes,    5660392 total
[2022-04-22T01:54:46.161+0000][8][gc,age      ] GC(40) - age   3:    1307752 bytes,    6968144 total
[2022-04-22T01:54:46.162+0000][8][gc,age      ] GC(40) - age   4:    1528000 bytes,    8496144 total
[2022-04-22T01:54:46.163+0000][8][gc,age      ] GC(40) - age   5:    1104784 bytes,    9600928 total
[2022-04-22T01:54:46.164+0000][8][gc,age      ] GC(40) - age   6:    1344136 bytes,   10945064 total
[2022-04-22T01:54:46.164+0000][8][gc,age      ] GC(40) - age   7:    1735896 bytes,   12680960 total
[2022-04-22T01:54:46.165+0000][8][gc,age      ] GC(40) - age   8:    1193264 bytes,   13874224 total
[2022-04-22T01:54:46.166+0000][8][gc,age      ] GC(40) - age   9:     977320 bytes,   14851544 total
[2022-04-22T01:54:46.167+0000][8][gc,age      ] GC(40) - age  10:    1062560 bytes,   15914104 total
[2022-04-22T01:54:46.167+0000][8][gc,age      ] GC(40) - age  11:    2260616 bytes,   18174720 total
[2022-04-22T01:54:46.168+0000][8][gc,age      ] GC(40) - age  12:    1246168 bytes,   19420888 total
[2022-04-22T01:54:46.169+0000][8][gc,age      ] GC(40) - age  13:    1161952 bytes,   20582840 total
[2022-04-22T01:54:46.170+0000][8][gc,age      ] GC(40) - age  14:    1076456 bytes,   21659296 total
[2022-04-22T01:54:46.170+0000][8][gc,phases   ] GC(40)   Pre Evacuate Collection Set: 0.2ms
[2022-04-22T01:54:46.171+0000][8][gc,phases   ] GC(40)   Merge Heap Roots: 0.1ms
[2022-04-22T01:54:46.172+0000][8][gc,phases   ] GC(40)   Evacuate Collection Set: 2.5ms
[2022-04-22T01:54:46.172+0000][8][gc,phases   ] GC(40)   Post Evacuate Collection Set: 0.8ms
[2022-04-22T01:54:46.173+0000][8][gc,phases   ] GC(40)   Other: 14.1ms
[2022-04-22T01:54:46.174+0000][8][gc,heap     ] GC(40) Eden regions: 68->0(68)
[2022-04-22T01:54:46.175+0000][8][gc,heap     ] GC(40) Survivor regions: 6->6(10)
[2022-04-22T01:54:46.175+0000][8][gc,heap     ] GC(40) Old regions: 20->20
[2022-04-22T01:54:46.176+0000][8][gc,heap     ] GC(40) Archive regions: 2->2
[2022-04-22T01:54:46.177+0000][8][gc,heap     ] GC(40) Humongous regions: 6->6
[2022-04-22T01:54:46.177+0000][8][gc,metaspace] GC(40) Metaspace: 105114K(106624K)->105114K(106624K) NonClass: 90803K(91712K)->90803K(91712K) Class: 14310K(14912K)->14310K(14912K)
[2022-04-22T01:54:46.178+0000][8][gc          ] GC(40) Pause Young (Normal) (G1 Evacuation Pause) 401M->130M(512M) 25.717ms
[2022-04-22T01:54:46.179+0000][8][gc,cpu      ] GC(40) User=0.01s Sys=0.01s Real=0.03s
[2022-04-22T01:54:46.180+0000][8][safepoint   ] Safepoint "G1CollectForAllocation", Time since last: 1295213084 ns, Reaching safepoint: 180334 ns, At safepoint: 27570208 ns, Total: 27750542 ns
[2022-04-22T01:54:47.181+0000][8][safepoint   ] Safepoint "Cleanup", Time since last: 1000996042 ns, Reaching safepoint: 247583 ns, At safepoint: 5125 ns, Total: 252708 ns
[2022-04-22T01:54:48.182+0000][8][safepoint   ] Safepoint "Cleanup", Time since last: 1000892043 ns, Reaching safepoint: 135541 ns, At safepoint: 4125 ns, Total: 139666 ns
[2022-04-22T01:54:48.336+0000][8][gc,start    ] GC(41) Pause Young (Normal) (G1 Evacuation Pause)
[2022-04-22T01:54:48.337+0000][8][gc,task     ] GC(41) Using 5 workers of 5 for evacuation
[2022-04-22T01:54:48.338+0000][8][gc,age      ] GC(41) Desired survivor size 20971520 bytes, new threshold 14 (max threshold 15)
[2022-04-22T01:54:48.342+0000][8][gc,age      ] GC(41) Age table with threshold 14 (max threshold 15)
[2022-04-22T01:54:48.343+0000][8][gc,age      ] GC(41) - age   1:    1610192 bytes,    1610192 total
[2022-04-22T01:54:48.344+0000][8][gc,age      ] GC(41) - age   2:    4357120 bytes,    5967312 total
[2022-04-22T01:54:48.345+0000][8][gc,age      ] GC(41) - age   3:    1274448 bytes,    7241760 total
[2022-04-22T01:54:48.345+0000][8][gc,age      ] GC(41) - age   4:    1306648 bytes,    8548408 total
[2022-04-22T01:54:48.346+0000][8][gc,age      ] GC(41) - age   5:    1162128 bytes,    9710536 total
[2022-04-22T01:54:48.347+0000][8][gc,age      ] GC(41) - age   6:    1102584 bytes,   10813120 total
[2022-04-22T01:54:48.347+0000][8][gc,age      ] GC(41) - age   7:    1256664 bytes,   12069784 total
[2022-04-22T01:54:48.348+0000][8][gc,age      ] GC(41) - age   8:    1734720 bytes,   13804504 total
[2022-04-22T01:54:48.349+0000][8][gc,age      ] GC(41) - age   9:    1191248 bytes,   14995752 total
[2022-04-22T01:54:48.349+0000][8][gc,age      ] GC(41) - age  10:     973120 bytes,   15968872 total
[2022-04-22T01:54:48.350+0000][8][gc,age      ] GC(41) - age  11:    1058976 bytes,   17027848 total
[2022-04-22T01:54:48.351+0000][8][gc,age      ] GC(41) - age  12:    2260616 bytes,   19288464 total
[2022-04-22T01:54:48.351+0000][8][gc,age      ] GC(41) - age  13:    1244096 bytes,   20532560 total
[2022-04-22T01:54:48.352+0000][8][gc,age      ] GC(41) - age  14:    1155120 bytes,   21687680 total
[2022-04-22T01:54:48.353+0000][8][gc,phases   ] GC(41)   Pre Evacuate Collection Set: 0.1ms
[2022-04-22T01:54:48.353+0000][8][gc,phases   ] GC(41)   Merge Heap Roots: 0.1ms
[2022-04-22T01:54:48.354+0000][8][gc,phases   ] GC(41)   Evacuate Collection Set: 1.9ms
[2022-04-22T01:54:48.355+0000][8][gc,phases   ] GC(41)   Post Evacuate Collection Set: 1.0ms
[2022-04-22T01:54:48.355+0000][8][gc,phases   ] GC(41)   Other: 13.4ms
[2022-04-22T01:54:48.356+0000][8][gc,heap     ] GC(41) Eden regions: 68->0(67)
[2022-04-22T01:54:48.356+0000][8][gc,heap     ] GC(41) Survivor regions: 6->6(10)
[2022-04-22T01:54:48.357+0000][8][gc,heap     ] GC(41) Old regions: 20->21
[2022-04-22T01:54:48.358+0000][8][gc,heap     ] GC(41) Archive regions: 2->2
[2022-04-22T01:54:48.359+0000][8][gc,heap     ] GC(41) Humongous regions: 6->6
[2022-04-22T01:54:48.360+0000][8][gc,metaspace] GC(41) Metaspace: 105116K(106624K)->105116K(106624K) NonClass: 90805K(91712K)->90805K(91712K) Class: 14310K(14912K)->14310K(14912K)
[2022-04-22T01:54:48.360+0000][8][gc          ] GC(41) Pause Young (Normal) (G1 Evacuation Pause) 402M->131M(512M) 23.744ms
[2022-04-22T01:54:48.361+0000][8][gc,cpu      ] GC(41) User=0.01s Sys=0.00s Real=0.02s
[2022-04-22T01:54:48.361+0000][8][safepoint   ] Safepoint "G1CollectForAllocation", Time since last: 154018334 ns, Reaching safepoint: 144375 ns, At safepoint: 25225916 ns, Total: 25370291 ns
[2022-04-22T01:54:49.363+0000][8][safepoint   ] Safepoint "Cleanup", Time since last: 1001243376 ns, Reaching safepoint: 174791 ns, At safepoint: 4042 ns, Total: 178833 ns
[2022-04-22T01:54:50.186+0000][8][safepoint   ] Safepoint "G1CollectForAllocation", Time since last: 822707834 ns, Reaching safepoint: 214083 ns, At safepoint: 14167 ns, Total: 228250 ns
[2022-04-22T01:54:50.187+0000][8][gc,start    ] GC(42) Pause Young (Normal) (GCLocker Initiated GC)
[2022-04-22T01:54:50.187+0000][8][gc,task     ] GC(42) Using 5 workers of 5 for evacuation
[2022-04-22T01:54:50.188+0000][8][gc,age      ] GC(42) Desired survivor size 20971520 bytes, new threshold 14 (max threshold 15)
[2022-04-22T01:54:50.192+0000][8][gc,age      ] GC(42) Age table with threshold 14 (max threshold 15)
[2022-04-22T01:54:50.193+0000][8][gc,age      ] GC(42) - age   1:    1138344 bytes,    1138344 total
[2022-04-22T01:54:50.194+0000][8][gc,age      ] GC(42) - age   2:    1581848 bytes,    2720192 total
[2022-04-22T01:54:50.195+0000][8][gc,age      ] GC(42) - age   3:    4353856 bytes,    7074048 total
[2022-04-22T01:54:50.195+0000][8][gc,age      ] GC(42) - age   4:    1273632 bytes,    8347680 total
[2022-04-22T01:54:50.196+0000][8][gc,age      ] GC(42) - age   5:    1304464 bytes,    9652144 total
[2022-04-22T01:54:50.196+0000][8][gc,age      ] GC(42) - age   6:    1074488 bytes,   10726632 total
[2022-04-22T01:54:50.197+0000][8][gc,age      ] GC(42) - age   7:    1102584 bytes,   11829216 total
[2022-04-22T01:54:50.198+0000][8][gc,age      ] GC(42) - age   8:    1256664 bytes,   13085880 total
[2022-04-22T01:54:50.198+0000][8][gc,age      ] GC(42) - age   9:    1734720 bytes,   14820600 total
[2022-04-22T01:54:50.199+0000][8][gc,age      ] GC(42) - age  10:    1187664 bytes,   16008264 total
[2022-04-22T01:54:50.200+0000][8][gc,age      ] GC(42) - age  11:     972224 bytes,   16980488 total
[2022-04-22T01:54:50.200+0000][8][gc,age      ] GC(42) - age  12:    1057016 bytes,   18037504 total
[2022-04-22T01:54:50.201+0000][8][gc,age      ] GC(42) - age  13:    2260616 bytes,   20298120 total
[2022-04-22T01:54:50.202+0000][8][gc,age      ] GC(42) - age  14:    1242416 bytes,   21540536 total
[2022-04-22T01:54:50.202+0000][8][gc,phases   ] GC(42)   Pre Evacuate Collection Set: 0.3ms
[2022-04-22T01:54:50.203+0000][8][gc,phases   ] GC(42)   Merge Heap Roots: 0.1ms
[2022-04-22T01:54:50.204+0000][8][gc,phases   ] GC(42)   Evacuate Collection Set: 1.8ms
[2022-04-22T01:54:50.204+0000][8][gc,phases   ] GC(42)   Post Evacuate Collection Set: 0.7ms
[2022-04-22T01:54:50.205+0000][8][gc,phases   ] GC(42)   Other: 13.0ms
[2022-04-22T01:54:50.206+0000][8][gc,heap     ] GC(42) Eden regions: 67->0(67)
[2022-04-22T01:54:50.207+0000][8][gc,heap     ] GC(42) Survivor regions: 6->6(10)
[2022-04-22T01:54:50.207+0000][8][gc,heap     ] GC(42) Old regions: 21->21
[2022-04-22T01:54:50.208+0000][8][gc,heap     ] GC(42) Archive regions: 2->2
[2022-04-22T01:54:50.208+0000][8][gc,heap     ] GC(42) Humongous regions: 6->6
[2022-04-22T01:54:50.209+0000][8][gc,metaspace] GC(42) Metaspace: 105117K(106624K)->105117K(106624K) NonClass: 90806K(91712K)->90806K(91712K) Class: 14310K(14912K)->14310K(14912K)
[2022-04-22T01:54:50.210+0000][8][gc          ] GC(42) Pause Young (Normal) (GCLocker Initiated GC) 399M->132M(512M) 23.049ms
[2022-04-22T01:54:50.211+0000][8][gc,cpu      ] GC(42) User=0.01s Sys=0.00s Real=0.02s
[2022-04-22T01:54:50.212+0000][8][safepoint   ] Safepoint "G1CollectForAllocation", Time since last: 837333 ns, Reaching safepoint: 27000 ns, At safepoint: 25183042 ns, Total: 25210042 ns
[2022-04-22T01:54:51.609+0000][8][gc,start    ] GC(43) Pause Young (Normal) (G1 Evacuation Pause)
[2022-04-22T01:54:51.610+0000][8][gc,task     ] GC(43) Using 5 workers of 5 for evacuation
[2022-04-22T01:54:51.611+0000][8][gc,age      ] GC(43) Desired survivor size 20971520 bytes, new threshold 14 (max threshold 15)
[2022-04-22T01:54:51.614+0000][8][gc,age      ] GC(43) Age table with threshold 14 (max threshold 15)
[2022-04-22T01:54:51.615+0000][8][gc,age      ] GC(43) - age   1:    1237648 bytes,    1237648 total
[2022-04-22T01:54:51.616+0000][8][gc,age      ] GC(43) - age   2:    1115280 bytes,    2352928 total
[2022-04-22T01:54:51.617+0000][8][gc,age      ] GC(43) - age   3:    1580600 bytes,    3933528 total
[2022-04-22T01:54:51.617+0000][8][gc,age      ] GC(43) - age   4:    4295736 bytes,    8229264 total
[2022-04-22T01:54:51.618+0000][8][gc,age      ] GC(43) - age   5:    1142512 bytes,    9371776 total
[2022-04-22T01:54:51.619+0000][8][gc,age      ] GC(43) - age   6:    1163216 bytes,   10534992 total
[2022-04-22T01:54:51.619+0000][8][gc,age      ] GC(43) - age   7:    1074464 bytes,   11609456 total
[2022-04-22T01:54:51.620+0000][8][gc,age      ] GC(43) - age   8:    1100400 bytes,   12709856 total
[2022-04-22T01:54:51.621+0000][8][gc,age      ] GC(43) - age   9:    1255656 bytes,   13965512 total
[2022-04-22T01:54:51.621+0000][8][gc,age      ] GC(43) - age  10:    1734720 bytes,   15700232 total
[2022-04-22T01:54:51.622+0000][8][gc,age      ] GC(43) - age  11:    1185592 bytes,   16885824 total
[2022-04-22T01:54:51.622+0000][8][gc,age      ] GC(43) - age  12:     971216 bytes,   17857040 total
[2022-04-22T01:54:51.623+0000][8][gc,age      ] GC(43) - age  13:    1057016 bytes,   18914056 total
[2022-04-22T01:54:51.624+0000][8][gc,age      ] GC(43) - age  14:    2260616 bytes,   21174672 total
[2022-04-22T01:54:51.624+0000][8][gc,phases   ] GC(43)   Pre Evacuate Collection Set: 0.1ms
[2022-04-22T01:54:51.625+0000][8][gc,phases   ] GC(43)   Merge Heap Roots: 0.0ms
[2022-04-22T01:54:51.625+0000][8][gc,phases   ] GC(43)   Evacuate Collection Set: 1.5ms
[2022-04-22T01:54:51.626+0000][8][gc,phases   ] GC(43)   Post Evacuate Collection Set: 1.0ms
[2022-04-22T01:54:51.627+0000][8][gc,phases   ] GC(43)   Other: 12.3ms
[2022-04-22T01:54:51.628+0000][8][gc,heap     ] GC(43) Eden regions: 67->0(67)
[2022-04-22T01:54:51.628+0000][8][gc,heap     ] GC(43) Survivor regions: 6->6(10)
[2022-04-22T01:54:51.628+0000][8][gc,heap     ] GC(43) Old regions: 21->21
[2022-04-22T01:54:51.629+0000][8][gc,heap     ] GC(43) Archive regions: 2->2
[2022-04-22T01:54:51.630+0000][8][gc,heap     ] GC(43) Humongous regions: 6->6
[2022-04-22T01:54:51.631+0000][8][gc,metaspace] GC(43) Metaspace: 105117K(106624K)->105117K(106624K) NonClass: 90806K(91712K)->90806K(91712K) Class: 14310K(14912K)->14310K(14912K)
[2022-04-22T01:54:51.631+0000][8][gc          ] GC(43) Pause Young (Normal) (G1 Evacuation Pause) 400M->133M(512M) 21.836ms
[2022-04-22T01:54:51.632+0000][8][gc,cpu      ] GC(43) User=0.00s Sys=0.01s Real=0.02s
[2022-04-22T01:54:51.632+0000][8][safepoint   ] Safepoint "G1CollectForAllocation", Time since last: 1397372125 ns, Reaching safepoint: 82917 ns, At safepoint: 23208166 ns, Total: 23291083 ns
[2022-04-22T01:54:54.048+0000][8][gc,start    ] GC(44) Pause Young (Normal) (G1 Evacuation Pause)
[2022-04-22T01:54:54.049+0000][8][gc,task     ] GC(44) Using 5 workers of 5 for evacuation
[2022-04-22T01:54:54.049+0000][8][gc,age      ] GC(44) Desired survivor size 20971520 bytes, new threshold 14 (max threshold 15)
[2022-04-22T01:54:54.053+0000][8][gc,age      ] GC(44) Age table with threshold 14 (max threshold 15)
[2022-04-22T01:54:54.054+0000][8][gc,age      ] GC(44) - age   1:    4696960 bytes,    4696960 total
[2022-04-22T01:54:54.055+0000][8][gc,age      ] GC(44) - age   2:    1208464 bytes,    5905424 total
[2022-04-22T01:54:54.056+0000][8][gc,age      ] GC(44) - age   3:    1114384 bytes,    7019808 total
[2022-04-22T01:54:54.058+0000][8][gc,age      ] GC(44) - age   4:    1580384 bytes,    8600192 total
[2022-04-22T01:54:54.058+0000][8][gc,age      ] GC(44) - age   5:     955536 bytes,    9555728 total
[2022-04-22T01:54:54.059+0000][8][gc,age      ] GC(44) - age   6:    1136256 bytes,   10691984 total
[2022-04-22T01:54:54.060+0000][8][gc,age      ] GC(44) - age   7:    1163216 bytes,   11855200 total
[2022-04-22T01:54:54.060+0000][8][gc,age      ] GC(44) - age   8:    1071888 bytes,   12927088 total
[2022-04-22T01:54:54.061+0000][8][gc,age      ] GC(44) - age   9:    1098328 bytes,   14025416 total
[2022-04-22T01:54:54.062+0000][8][gc,age      ] GC(44) - age  10:    1255656 bytes,   15281072 total
[2022-04-22T01:54:54.062+0000][8][gc,age      ] GC(44) - age  11:    1734680 bytes,   17015752 total
[2022-04-22T01:54:54.063+0000][8][gc,age      ] GC(44) - age  12:    1184584 bytes,   18200336 total
[2022-04-22T01:54:54.063+0000][8][gc,age      ] GC(44) - age  13:     969200 bytes,   19169536 total
[2022-04-22T01:54:54.064+0000][8][gc,age      ] GC(44) - age  14:    1053488 bytes,   20223024 total
[2022-04-22T01:54:54.065+0000][8][gc,phases   ] GC(44)   Pre Evacuate Collection Set: 0.1ms
[2022-04-22T01:54:54.066+0000][8][gc,phases   ] GC(44)   Merge Heap Roots: 0.0ms
[2022-04-22T01:54:54.066+0000][8][gc,phases   ] GC(44)   Evacuate Collection Set: 2.2ms
[2022-04-22T01:54:54.067+0000][8][gc,phases   ] GC(44)   Post Evacuate Collection Set: 0.6ms
[2022-04-22T01:54:54.067+0000][8][gc,phases   ] GC(44)   Other: 14.2ms
[2022-04-22T01:54:54.068+0000][8][gc,heap     ] GC(44) Eden regions: 67->0(66)
[2022-04-22T01:54:54.069+0000][8][gc,heap     ] GC(44) Survivor regions: 6->6(10)
[2022-04-22T01:54:54.070+0000][8][gc,heap     ] GC(44) Old regions: 21->22
[2022-04-22T01:54:54.070+0000][8][gc,heap     ] GC(44) Archive regions: 2->2
[2022-04-22T01:54:54.071+0000][8][gc,heap     ] GC(44) Humongous regions: 6->6
[2022-04-22T01:54:54.071+0000][8][gc,metaspace] GC(44) Metaspace: 105118K(106624K)->105118K(106624K) NonClass: 90807K(91712K)->90807K(91712K) Class: 14310K(14912K)->14310K(14912K)
[2022-04-22T01:54:54.073+0000][8][gc          ] GC(44) Pause Young (Normal) (G1 Evacuation Pause) 401M->134M(512M) 25.226ms
[2022-04-22T01:54:54.074+0000][8][gc,cpu      ] GC(44) User=0.01s Sys=0.01s Real=0.03s
[2022-04-22T01:54:54.075+0000][8][safepoint   ] Safepoint "G1CollectForAllocation", Time since last: 2415416085 ns, Reaching safepoint: 57208 ns, At safepoint: 26989125 ns, Total: 27046333 ns
[2022-04-22T01:54:59.087+0000][8][safepoint   ] Safepoint "Cleanup", Time since last: 5011872461 ns, Reaching safepoint: 178541 ns, At safepoint: 19209 ns, Total: 197750 ns
[2022-04-22T01:55:00.208+0000][8][safepoint   ] Safepoint "Cleanup", Time since last: 1120431292 ns, Reaching safepoint: 630042 ns, At safepoint: 16583 ns, Total: 646625 ns
[2022-04-22T01:55:02.144+0000][8][safepoint   ] Safepoint "Cleanup", Time since last: 1935644251 ns, Reaching safepoint: 142958 ns, At safepoint: 48834 ns, Total: 191792 ns
[2022-04-22T01:55:03.340+0000][8][safepoint   ] Safepoint "Cleanup", Time since last: 1195955125 ns, Reaching safepoint: 425375 ns, At safepoint: 7208 ns, Total: 432583 ns
[2022-04-22T01:55:07.347+0000][8][safepoint   ] Safepoint "Cleanup", Time since last: 4004351752 ns, Reaching safepoint: 2324584 ns, At safepoint: 25833 ns, Total: 2350417 ns
[2022-04-22T01:55:07.457+0000][8][gc,start    ] GC(45) Pause Young (Normal) (G1 Evacuation Pause)
[2022-04-22T01:55:07.458+0000][8][gc,task     ] GC(45) Using 5 workers of 5 for evacuation
[2022-04-22T01:55:07.459+0000][8][gc,age      ] GC(45) Desired survivor size 18874368 bytes, new threshold 13 (max threshold 15)
[2022-04-22T01:55:07.463+0000][8][gc,age      ] GC(45) Age table with threshold 13 (max threshold 15)
[2022-04-22T01:55:07.464+0000][8][gc,age      ] GC(45) - age   1:    1223088 bytes,    1223088 total
[2022-04-22T01:55:07.464+0000][8][gc,age      ] GC(45) - age   2:    3973784 bytes,    5196872 total
[2022-04-22T01:55:07.465+0000][8][gc,age      ] GC(45) - age   3:     552280 bytes,    5749152 total
[2022-04-22T01:55:07.467+0000][8][gc,age      ] GC(45) - age   4:     261968 bytes,    6011120 total
[2022-04-22T01:55:07.468+0000][8][gc,age      ] GC(45) - age   5:     727720 bytes,    6738840 total
[2022-04-22T01:55:07.469+0000][8][gc,age      ] GC(45) - age   6:     201504 bytes,    6940344 total
[2022-04-22T01:55:07.470+0000][8][gc,age      ] GC(45) - age   7:     185520 bytes,    7125864 total
[2022-04-22T01:55:07.470+0000][8][gc,age      ] GC(45) - age   8:     474752 bytes,    7600616 total
[2022-04-22T01:55:07.470+0000][8][gc,age      ] GC(45) - age   9:     186336 bytes,    7786952 total
[2022-04-22T01:55:07.471+0000][8][gc,age      ] GC(45) - age  10:     180344 bytes,    7967296 total
[2022-04-22T01:55:07.472+0000][8][gc,age      ] GC(45) - age  11:     304736 bytes,    8272032 total
[2022-04-22T01:55:07.472+0000][8][gc,age      ] GC(45) - age  12:     915080 bytes,    9187112 total
[2022-04-22T01:55:07.473+0000][8][gc,age      ] GC(45) - age  13:     430552 bytes,    9617664 total
[2022-04-22T01:55:07.473+0000][8][gc,phases   ] GC(45)   Pre Evacuate Collection Set: 0.1ms
[2022-04-22T01:55:07.474+0000][8][gc,phases   ] GC(45)   Merge Heap Roots: 0.2ms
[2022-04-22T01:55:07.475+0000][8][gc,phases   ] GC(45)   Evacuate Collection Set: 1.8ms
[2022-04-22T01:55:07.475+0000][8][gc,phases   ] GC(45)   Post Evacuate Collection Set: 0.7ms
[2022-04-22T01:55:07.476+0000][8][gc,phases   ] GC(45)   Other: 13.5ms
[2022-04-22T01:55:07.476+0000][8][gc,heap     ] GC(45) Eden regions: 66->0(72)
[2022-04-22T01:55:07.477+0000][8][gc,heap     ] GC(45) Survivor regions: 6->3(9)
[2022-04-22T01:55:07.478+0000][8][gc,heap     ] GC(45) Old regions: 22->22
[2022-04-22T01:55:07.478+0000][8][gc,heap     ] GC(45) Archive regions: 2->2
[2022-04-22T01:55:07.479+0000][8][gc,heap     ] GC(45) Humongous regions: 6->6
[2022-04-22T01:55:07.479+0000][8][gc,metaspace] GC(45) Metaspace: 105244K(106752K)->105244K(106752K) NonClass: 90929K(91840K)->90929K(91840K) Class: 14315K(14912K)->14315K(14912K)
[2022-04-22T01:55:07.480+0000][8][gc          ] GC(45) Pause Young (Normal) (G1 Evacuation Pause) 398M->124M(512M) 22.720ms
[2022-04-22T01:55:07.481+0000][8][gc,cpu      ] GC(45) User=0.01s Sys=0.01s Real=0.02s
[2022-04-22T01:55:07.481+0000][8][safepoint   ] Safepoint "G1CollectForAllocation", Time since last: 110096792 ns, Reaching safepoint: 140625 ns, At safepoint: 24146875 ns, Total: 24287500 ns
[2022-04-22T01:55:08.483+0000][8][safepoint   ] Safepoint "Cleanup", Time since last: 1001092875 ns, Reaching safepoint: 320959 ns, At safepoint: 128208 ns, Total: 449167 ns
[2022-04-22T01:55:09.484+0000][8][safepoint   ] Safepoint "Cleanup", Time since last: 1001298500 ns, Reaching safepoint: 163042 ns, At safepoint: 10042 ns, Total: 173084 ns
[2022-04-22T01:55:10.486+0000][8][safepoint   ] Safepoint "Cleanup", Time since last: 1001582292 ns, Reaching safepoint: 130292 ns, At safepoint: 4500 ns, Total: 134792 ns
[2022-04-22T01:55:11.489+0000][8][safepoint   ] Safepoint "Cleanup", Time since last: 1002120542 ns, Reaching safepoint: 298666 ns, At safepoint: 17584 ns, Total: 316250 ns
[2022-04-22T01:55:12.491+0000][8][safepoint   ] Safepoint "Cleanup", Time since last: 1002094625 ns, Reaching safepoint: 210917 ns, At safepoint: 4833 ns, Total: 215750 ns
[2022-04-22T01:55:13.492+0000][8][safepoint   ] Safepoint "Cleanup", Time since last: 1001219417 ns, Reaching safepoint: 96542 ns, At safepoint: 6917 ns, Total: 103459 ns
[2022-04-22T01:55:14.086+0000][8][gc,start    ] GC(46) Pause Young (Normal) (G1 Evacuation Pause)
[2022-04-22T01:55:14.088+0000][8][gc,task     ] GC(46) Using 5 workers of 5 for evacuation
[2022-04-22T01:55:14.089+0000][8][gc,age      ] GC(46) Desired survivor size 20971520 bytes, new threshold 15 (max threshold 15)
[2022-04-22T01:55:14.094+0000][8][gc,age      ] GC(46) Age table with threshold 15 (max threshold 15)
[2022-04-22T01:55:14.095+0000][8][gc,age      ] GC(46) - age   1:    1913616 bytes,    1913616 total
[2022-04-22T01:55:14.096+0000][8][gc,age      ] GC(46) - age   2:     581264 bytes,    2494880 total
[2022-04-22T01:55:14.098+0000][8][gc,age      ] GC(46) - age   3:    3973784 bytes,    6468664 total
[2022-04-22T01:55:14.099+0000][8][gc,age      ] GC(46) - age   4:     552280 bytes,    7020944 total
[2022-04-22T01:55:14.100+0000][8][gc,age      ] GC(46) - age   5:     261968 bytes,    7282912 total
[2022-04-22T01:55:14.101+0000][8][gc,age      ] GC(46) - age   6:     727616 bytes,    8010528 total
[2022-04-22T01:55:14.102+0000][8][gc,age      ] GC(46) - age   7:     201504 bytes,    8212032 total
[2022-04-22T01:55:14.103+0000][8][gc,age      ] GC(46) - age   8:     185520 bytes,    8397552 total
[2022-04-22T01:55:14.104+0000][8][gc,age      ] GC(46) - age   9:     474752 bytes,    8872304 total
[2022-04-22T01:55:14.105+0000][8][gc,age      ] GC(46) - age  10:     182184 bytes,    9054488 total
[2022-04-22T01:55:14.106+0000][8][gc,age      ] GC(46) - age  11:     180344 bytes,    9234832 total
[2022-04-22T01:55:14.107+0000][8][gc,age      ] GC(46) - age  12:     304736 bytes,    9539568 total
[2022-04-22T01:55:14.108+0000][8][gc,age      ] GC(46) - age  13:     915080 bytes,   10454648 total
[2022-04-22T01:55:14.109+0000][8][gc,age      ] GC(46) - age  14:     430552 bytes,   10885200 total
[2022-04-22T01:55:14.110+0000][8][gc,phases   ] GC(46)   Pre Evacuate Collection Set: 0.1ms
[2022-04-22T01:55:14.111+0000][8][gc,phases   ] GC(46)   Merge Heap Roots: 0.4ms
[2022-04-22T01:55:14.112+0000][8][gc,phases   ] GC(46)   Evacuate Collection Set: 2.5ms
[2022-04-22T01:55:14.113+0000][8][gc,phases   ] GC(46)   Post Evacuate Collection Set: 0.9ms
[2022-04-22T01:55:14.114+0000][8][gc,phases   ] GC(46)   Other: 19.8ms
[2022-04-22T01:55:14.115+0000][8][gc,heap     ] GC(46) Eden regions: 72->0(72)
[2022-04-22T01:55:14.115+0000][8][gc,heap     ] GC(46) Survivor regions: 3->3(10)
[2022-04-22T01:55:14.116+0000][8][gc,heap     ] GC(46) Old regions: 22->22
[2022-04-22T01:55:14.117+0000][8][gc,heap     ] GC(46) Archive regions: 2->2
[2022-04-22T01:55:14.117+0000][8][gc,heap     ] GC(46) Humongous regions: 6->6
[2022-04-22T01:55:14.118+0000][8][gc,metaspace] GC(46) Metaspace: 105307K(106816K)->105307K(106816K) NonClass: 90991K(91904K)->90991K(91904K) Class: 14316K(14912K)->14316K(14912K)
[2022-04-22T01:55:14.119+0000][8][gc          ] GC(46) Pause Young (Normal) (G1 Evacuation Pause) 412M->125M(512M) 32.301ms
[2022-04-22T01:55:14.120+0000][8][gc,cpu      ] GC(46) User=0.02s Sys=0.00s Real=0.03s
[2022-04-22T01:55:14.120+0000][8][safepoint   ] Safepoint "G1CollectForAllocation", Time since last: 594101125 ns, Reaching safepoint: 107542 ns, At safepoint: 33836666 ns, Total: 33944208 ns
[2022-04-22T01:55:15.121+0000][8][safepoint   ] Safepoint "Cleanup", Time since last: 1000827126 ns, Reaching safepoint: 91000 ns, At safepoint: 3666 ns, Total: 94666 ns
[2022-04-22T01:55:16.122+0000][8][safepoint   ] Safepoint "Cleanup", Time since last: 1001086668 ns, Reaching safepoint: 134625 ns, At safepoint: 4541 ns, Total: 139166 ns
[2022-04-22T01:55:17.123+0000][8][safepoint   ] Safepoint "Cleanup", Time since last: 1000866959 ns, Reaching safepoint: 225708 ns, At safepoint: 10000 ns, Total: 235708 ns
[2022-04-22T01:55:18.125+0000][8][safepoint   ] Safepoint "Cleanup", Time since last: 1001472834 ns, Reaching safepoint: 154959 ns, At safepoint: 5291 ns, Total: 160250 ns
[2022-04-22T01:55:18.995+0000][8][gc,start    ] GC(47) Pause Young (Normal) (G1 Evacuation Pause)
[2022-04-22T01:55:18.996+0000][8][gc,task     ] GC(47) Using 5 workers of 5 for evacuation
[2022-04-22T01:55:18.997+0000][8][gc,age      ] GC(47) Desired survivor size 20971520 bytes, new threshold 15 (max threshold 15)
[2022-04-22T01:55:19.001+0000][8][gc,age      ] GC(47) Age table with threshold 15 (max threshold 15)
[2022-04-22T01:55:19.002+0000][8][gc,age      ] GC(47) - age   1:    2751408 bytes,    2751408 total
[2022-04-22T01:55:19.003+0000][8][gc,age      ] GC(47) - age   2:     872512 bytes,    3623920 total
[2022-04-22T01:55:19.003+0000][8][gc,age      ] GC(47) - age   3:     576696 bytes,    4200616 total
[2022-04-22T01:55:19.004+0000][8][gc,age      ] GC(47) - age   4:    3973784 bytes,    8174400 total
[2022-04-22T01:55:19.006+0000][8][gc,age      ] GC(47) - age   5:     552280 bytes,    8726680 total
[2022-04-22T01:55:19.006+0000][8][gc,age      ] GC(47) - age   6:     261968 bytes,    8988648 total
[2022-04-22T01:55:19.007+0000][8][gc,age      ] GC(47) - age   7:     727616 bytes,    9716264 total
[2022-04-22T01:55:19.008+0000][8][gc,age      ] GC(47) - age   8:     201504 bytes,    9917768 total
[2022-04-22T01:55:19.008+0000][8][gc,age      ] GC(47) - age   9:     185520 bytes,   10103288 total
[2022-04-22T01:55:19.009+0000][8][gc,age      ] GC(47) - age  10:     474752 bytes,   10578040 total
[2022-04-22T01:55:19.009+0000][8][gc,age      ] GC(47) - age  11:     182184 bytes,   10760224 total
[2022-04-22T01:55:19.010+0000][8][gc,age      ] GC(47) - age  12:     180344 bytes,   10940568 total
[2022-04-22T01:55:19.011+0000][8][gc,age      ] GC(47) - age  13:     304736 bytes,   11245304 total
[2022-04-22T01:55:19.011+0000][8][gc,age      ] GC(47) - age  14:     915080 bytes,   12160384 total
[2022-04-22T01:55:19.012+0000][8][gc,age      ] GC(47) - age  15:     430552 bytes,   12590936 total
[2022-04-22T01:55:19.013+0000][8][gc,phases   ] GC(47)   Pre Evacuate Collection Set: 0.3ms
[2022-04-22T01:55:19.013+0000][8][gc,phases   ] GC(47)   Merge Heap Roots: 0.1ms
[2022-04-22T01:55:19.014+0000][8][gc,phases   ] GC(47)   Evacuate Collection Set: 2.1ms
[2022-04-22T01:55:19.015+0000][8][gc,phases   ] GC(47)   Post Evacuate Collection Set: 0.8ms
[2022-04-22T01:55:19.015+0000][8][gc,phases   ] GC(47)   Other: 15.0ms
[2022-04-22T01:55:19.015+0000][8][gc,heap     ] GC(47) Eden regions: 72->0(70)
[2022-04-22T01:55:19.016+0000][8][gc,heap     ] GC(47) Survivor regions: 3->4(10)
[2022-04-22T01:55:19.017+0000][8][gc,heap     ] GC(47) Old regions: 22->22
[2022-04-22T01:55:19.017+0000][8][gc,heap     ] GC(47) Archive regions: 2->2
[2022-04-22T01:55:19.018+0000][8][gc,heap     ] GC(47) Humongous regions: 6->6
[2022-04-22T01:55:19.019+0000][8][gc,metaspace] GC(47) Metaspace: 105356K(106880K)->105356K(106880K) NonClass: 91040K(91968K)->91040K(91968K) Class: 14316K(14912K)->14316K(14912K)
[2022-04-22T01:55:19.019+0000][8][gc          ] GC(47) Pause Young (Normal) (G1 Evacuation Pause) 413M->126M(512M) 24.871ms
[2022-04-22T01:55:19.020+0000][8][gc,cpu      ] GC(47) User=0.01s Sys=0.00s Real=0.02s
[2022-04-22T01:55:19.021+0000][8][safepoint   ] Safepoint "G1CollectForAllocation", Time since last: 869223209 ns, Reaching safepoint: 118708 ns, At safepoint: 26201584 ns, Total: 26320292 ns
[2022-04-22T01:55:20.022+0000][8][safepoint   ] Safepoint "Cleanup", Time since last: 1000625167 ns, Reaching safepoint: 238541 ns, At safepoint: 4792 ns, Total: 243333 ns
[2022-04-22T01:55:21.023+0000][8][safepoint   ] Safepoint "Cleanup", Time since last: 1001017376 ns, Reaching safepoint: 93208 ns, At safepoint: 4042 ns, Total: 97250 ns
[2022-04-22T01:55:22.880+0000][8][safepoint   ] Safepoint "Cleanup", Time since last: 1856052499 ns, Reaching safepoint: 486459 ns, At safepoint: 52333 ns, Total: 538792 ns
[2022-04-22T01:55:23.534+0000][8][gc,start    ] GC(48) Pause Young (Normal) (G1 Evacuation Pause)
[2022-04-22T01:55:23.535+0000][8][gc,task     ] GC(48) Using 5 workers of 5 for evacuation
[2022-04-22T01:55:23.536+0000][8][gc,age      ] GC(48) Desired survivor size 20971520 bytes, new threshold 15 (max threshold 15)
[2022-04-22T01:55:23.540+0000][8][gc,age      ] GC(48) Age table with threshold 15 (max threshold 15)
[2022-04-22T01:55:23.541+0000][8][gc,age      ] GC(48) - age   1:    2987608 bytes,    2987608 total
[2022-04-22T01:55:23.541+0000][8][gc,age      ] GC(48) - age   2:     686832 bytes,    3674440 total
[2022-04-22T01:55:23.542+0000][8][gc,age      ] GC(48) - age   3:     831752 bytes,    4506192 total
[2022-04-22T01:55:23.543+0000][8][gc,age      ] GC(48) - age   4:     575440 bytes,    5081632 total
[2022-04-22T01:55:23.544+0000][8][gc,age      ] GC(48) - age   5:    3973784 bytes,    9055416 total
[2022-04-22T01:55:23.544+0000][8][gc,age      ] GC(48) - age   6:     552280 bytes,    9607696 total
[2022-04-22T01:55:23.546+0000][8][gc,age      ] GC(48) - age   7:     261968 bytes,    9869664 total
[2022-04-22T01:55:23.547+0000][8][gc,age      ] GC(48) - age   8:     727616 bytes,   10597280 total
[2022-04-22T01:55:23.548+0000][8][gc,age      ] GC(48) - age   9:     201504 bytes,   10798784 total
[2022-04-22T01:55:23.548+0000][8][gc,age      ] GC(48) - age  10:     185520 bytes,   10984304 total
[2022-04-22T01:55:23.549+0000][8][gc,age      ] GC(48) - age  11:     474752 bytes,   11459056 total
[2022-04-22T01:55:23.550+0000][8][gc,age      ] GC(48) - age  12:     182184 bytes,   11641240 total
[2022-04-22T01:55:23.550+0000][8][gc,age      ] GC(48) - age  13:     180344 bytes,   11821584 total
[2022-04-22T01:55:23.551+0000][8][gc,age      ] GC(48) - age  14:     304736 bytes,   12126320 total
[2022-04-22T01:55:23.552+0000][8][gc,age      ] GC(48) - age  15:     915080 bytes,   13041400 total
[2022-04-22T01:55:23.553+0000][8][gc,phases   ] GC(48)   Pre Evacuate Collection Set: 0.3ms
[2022-04-22T01:55:23.553+0000][8][gc,phases   ] GC(48)   Merge Heap Roots: 0.1ms
[2022-04-22T01:55:23.554+0000][8][gc,phases   ] GC(48)   Evacuate Collection Set: 2.7ms
[2022-04-22T01:55:23.555+0000][8][gc,phases   ] GC(48)   Post Evacuate Collection Set: 0.6ms
[2022-04-22T01:55:23.556+0000][8][gc,phases   ] GC(48)   Other: 15.1ms
[2022-04-22T01:55:23.556+0000][8][gc,heap     ] GC(48) Eden regions: 70->0(70)
[2022-04-22T01:55:23.557+0000][8][gc,heap     ] GC(48) Survivor regions: 4->4(10)
[2022-04-22T01:55:23.558+0000][8][gc,heap     ] GC(48) Old regions: 22->22
[2022-04-22T01:55:23.559+0000][8][gc,heap     ] GC(48) Archive regions: 2->2
[2022-04-22T01:55:23.559+0000][8][gc,heap     ] GC(48) Humongous regions: 6->6
[2022-04-22T01:55:23.560+0000][8][gc,metaspace] GC(48) Metaspace: 105392K(106880K)->105392K(106880K) NonClass: 91076K(91968K)->91076K(91968K) Class: 14316K(14912K)->14316K(14912K)
[2022-04-22T01:55:23.560+0000][8][gc          ] GC(48) Pause Young (Normal) (G1 Evacuation Pause) 406M->127M(512M) 26.272ms
[2022-04-22T01:55:23.561+0000][8][gc,cpu      ] GC(48) User=0.01s Sys=0.00s Real=0.02s
[2022-04-22T01:55:23.562+0000][8][safepoint   ] Safepoint "G1CollectForAllocation", Time since last: 653484709 ns, Reaching safepoint: 726791 ns, At safepoint: 27856542 ns, Total: 28583333 ns
[2022-04-22T01:55:24.564+0000][8][safepoint   ] Safepoint "Cleanup", Time since last: 1002202292 ns, Reaching safepoint: 186625 ns, At safepoint: 3875 ns, Total: 190500 ns
[2022-04-22T01:55:25.566+0000][8][safepoint   ] Safepoint "Cleanup", Time since last: 1001685001 ns, Reaching safepoint: 52125 ns, At safepoint: 35416 ns, Total: 87541 ns
[2022-04-22T01:55:27.567+0000][8][safepoint   ] Safepoint "Cleanup", Time since last: 2000931543 ns, Reaching safepoint: 193542 ns, At safepoint: 16166 ns, Total: 209708 ns
[2022-04-22T01:55:28.441+0000][8][gc,start    ] GC(49) Pause Young (Normal) (G1 Evacuation Pause)
[2022-04-22T01:55:28.443+0000][8][gc,task     ] GC(49) Using 5 workers of 5 for evacuation
[2022-04-22T01:55:28.444+0000][8][gc,age      ] GC(49) Desired survivor size 20971520 bytes, new threshold 15 (max threshold 15)
[2022-04-22T01:55:28.449+0000][8][gc,age      ] GC(49) Age table with threshold 15 (max threshold 15)
[2022-04-22T01:55:28.450+0000][8][gc,age      ] GC(49) - age   1:    1418624 bytes,    1418624 total
[2022-04-22T01:55:28.452+0000][8][gc,age      ] GC(49) - age   2:     444512 bytes,    1863136 total
[2022-04-22T01:55:28.453+0000][8][gc,age      ] GC(49) - age   3:     508144 bytes,    2371280 total
[2022-04-22T01:55:28.454+0000][8][gc,age      ] GC(49) - age   4:     625360 bytes,    2996640 total
[2022-04-22T01:55:28.455+0000][8][gc,age      ] GC(49) - age   5:     574520 bytes,    3571160 total
[2022-04-22T01:55:28.455+0000][8][gc,age      ] GC(49) - age   6:    3973784 bytes,    7544944 total
[2022-04-22T01:55:28.456+0000][8][gc,age      ] GC(49) - age   7:     552280 bytes,    8097224 total
[2022-04-22T01:55:28.457+0000][8][gc,age      ] GC(49) - age   8:     261968 bytes,    8359192 total
[2022-04-22T01:55:28.458+0000][8][gc,age      ] GC(49) - age   9:     727616 bytes,    9086808 total
[2022-04-22T01:55:28.460+0000][8][gc,age      ] GC(49) - age  10:     201504 bytes,    9288312 total
[2022-04-22T01:55:28.461+0000][8][gc,age      ] GC(49) - age  11:     185520 bytes,    9473832 total
[2022-04-22T01:55:28.461+0000][8][gc,age      ] GC(49) - age  12:     474752 bytes,    9948584 total
[2022-04-22T01:55:28.462+0000][8][gc,age      ] GC(49) - age  13:     182184 bytes,   10130768 total
[2022-04-22T01:55:28.463+0000][8][gc,age      ] GC(49) - age  14:     180344 bytes,   10311112 total
[2022-04-22T01:55:28.464+0000][8][gc,age      ] GC(49) - age  15:     304736 bytes,   10615848 total
[2022-04-22T01:55:28.464+0000][8][gc,phases   ] GC(49)   Pre Evacuate Collection Set: 0.4ms
[2022-04-22T01:55:28.465+0000][8][gc,phases   ] GC(49)   Merge Heap Roots: 0.4ms
[2022-04-22T01:55:28.466+0000][8][gc,phases   ] GC(49)   Evacuate Collection Set: 2.6ms
[2022-04-22T01:55:28.467+0000][8][gc,phases   ] GC(49)   Post Evacuate Collection Set: 0.9ms
[2022-04-22T01:55:28.467+0000][8][gc,phases   ] GC(49)   Other: 18.9ms
[2022-04-22T01:55:28.468+0000][8][gc,heap     ] GC(49) Eden regions: 70->0(72)
[2022-04-22T01:55:28.468+0000][8][gc,heap     ] GC(49) Survivor regions: 4->3(10)
[2022-04-22T01:55:28.469+0000][8][gc,heap     ] GC(49) Old regions: 22->22
[2022-04-22T01:55:28.470+0000][8][gc,heap     ] GC(49) Archive regions: 2->2
[2022-04-22T01:55:28.470+0000][8][gc,heap     ] GC(49) Humongous regions: 6->6
[2022-04-22T01:55:28.471+0000][8][gc,metaspace] GC(49) Metaspace: 105425K(106944K)->105425K(106944K) NonClass: 91109K(92032K)->91109K(92032K) Class: 14316K(14912K)->14316K(14912K)
[2022-04-22T01:55:28.471+0000][8][gc          ] GC(49) Pause Young (Normal) (G1 Evacuation Pause) 407M->126M(512M) 29.989ms
[2022-04-22T01:55:28.472+0000][8][gc,cpu      ] GC(49) User=0.01s Sys=0.01s Real=0.03s
[2022-04-22T01:55:28.473+0000][8][safepoint   ] Safepoint "G1CollectForAllocation", Time since last: 874141917 ns, Reaching safepoint: 74250 ns, At safepoint: 31256167 ns, Total: 31330417 ns
[2022-04-22T01:55:30.474+0000][8][safepoint   ] Safepoint "Cleanup", Time since last: 2000798751 ns, Reaching safepoint: 117333 ns, At safepoint: 4625 ns, Total: 121958 ns
[2022-04-22T01:55:31.475+0000][8][safepoint   ] Safepoint "Cleanup", Time since last: 1001586709 ns, Reaching safepoint: 44792 ns, At safepoint: 2042 ns, Total: 46834 ns
[2022-04-22T01:55:32.477+0000][8][safepoint   ] Safepoint "Cleanup", Time since last: 1001270875 ns, Reaching safepoint: 166208 ns, At safepoint: 9292 ns, Total: 175500 ns
[2022-04-22T01:55:33.878+0000][8][gc,start    ] GC(50) Pause Young (Normal) (G1 Evacuation Pause)
[2022-04-22T01:55:33.879+0000][8][gc,task     ] GC(50) Using 5 workers of 5 for evacuation
[2022-04-22T01:55:33.880+0000][8][gc,age      ] GC(50) Desired survivor size 20971520 bytes, new threshold 15 (max threshold 15)
[2022-04-22T01:55:33.884+0000][8][gc,age      ] GC(50) Age table with threshold 15 (max threshold 15)
[2022-04-22T01:55:33.885+0000][8][gc,age      ] GC(50) - age   1:    2697240 bytes,    2697240 total
[2022-04-22T01:55:33.886+0000][8][gc,age      ] GC(50) - age   2:     579016 bytes,    3276256 total
[2022-04-22T01:55:33.887+0000][8][gc,age      ] GC(50) - age   3:     401304 bytes,    3677560 total
[2022-04-22T01:55:33.888+0000][8][gc,age      ] GC(50) - age   4:     480200 bytes,    4157760 total
[2022-04-22T01:55:33.888+0000][8][gc,age      ] GC(50) - age   5:     606968 bytes,    4764728 total
[2022-04-22T01:55:33.889+0000][8][gc,age      ] GC(50) - age   6:     572368 bytes,    5337096 total
[2022-04-22T01:55:33.890+0000][8][gc,age      ] GC(50) - age   7:    3973784 bytes,    9310880 total
[2022-04-22T01:55:33.890+0000][8][gc,age      ] GC(50) - age   8:     552280 bytes,    9863160 total
[2022-04-22T01:55:33.891+0000][8][gc,age      ] GC(50) - age   9:     261968 bytes,   10125128 total
[2022-04-22T01:55:33.892+0000][8][gc,age      ] GC(50) - age  10:     727616 bytes,   10852744 total
[2022-04-22T01:55:33.892+0000][8][gc,age      ] GC(50) - age  11:     201504 bytes,   11054248 total
[2022-04-22T01:55:33.894+0000][8][gc,age      ] GC(50) - age  12:     185520 bytes,   11239768 total
[2022-04-22T01:55:33.894+0000][8][gc,age      ] GC(50) - age  13:     474752 bytes,   11714520 total
[2022-04-22T01:55:33.895+0000][8][gc,age      ] GC(50) - age  14:     181888 bytes,   11896408 total
[2022-04-22T01:55:33.896+0000][8][gc,age      ] GC(50) - age  15:     180344 bytes,   12076752 total
[2022-04-22T01:55:33.897+0000][8][gc,phases   ] GC(50)   Pre Evacuate Collection Set: 0.1ms
[2022-04-22T01:55:33.897+0000][8][gc,phases   ] GC(50)   Merge Heap Roots: 0.1ms
[2022-04-22T01:55:33.898+0000][8][gc,phases   ] GC(50)   Evacuate Collection Set: 2.9ms
[2022-04-22T01:55:33.899+0000][8][gc,phases   ] GC(50)   Post Evacuate Collection Set: 0.9ms
[2022-04-22T01:55:33.899+0000][8][gc,phases   ] GC(50)   Other: 14.4ms
[2022-04-22T01:55:33.900+0000][8][gc,heap     ] GC(50) Eden regions: 72->0(72)
[2022-04-22T01:55:33.901+0000][8][gc,heap     ] GC(50) Survivor regions: 3->3(10)
[2022-04-22T01:55:33.902+0000][8][gc,heap     ] GC(50) Old regions: 22->22
[2022-04-22T01:55:33.903+0000][8][gc,heap     ] GC(50) Archive regions: 2->2
[2022-04-22T01:55:33.904+0000][8][gc,heap     ] GC(50) Humongous regions: 6->6
[2022-04-22T01:55:33.904+0000][8][gc,metaspace] GC(50) Metaspace: 105449K(106944K)->105449K(106944K) NonClass: 91133K(92032K)->91133K(92032K) Class: 14316K(14912K)->14316K(14912K)
[2022-04-22T01:55:33.905+0000][8][gc          ] GC(50) Pause Young (Normal) (G1 Evacuation Pause) 414M->127M(512M) 26.703ms
[2022-04-22T01:55:33.906+0000][8][gc,cpu      ] GC(50) User=0.01s Sys=0.01s Real=0.03s
[2022-04-22T01:55:33.906+0000][8][safepoint   ] Safepoint "G1CollectForAllocation", Time since last: 1401611917 ns, Reaching safepoint: 53542 ns, At safepoint: 28106542 ns, Total: 28160084 ns
[2022-04-22T01:55:35.908+0000][8][safepoint   ] Safepoint "Cleanup", Time since last: 2001559126 ns, Reaching safepoint: 123125 ns, At safepoint: 5791 ns, Total: 128916 ns
[2022-04-22T01:55:36.909+0000][8][safepoint   ] Safepoint "Cleanup", Time since last: 1000806334 ns, Reaching safepoint: 154542 ns, At safepoint: 9416 ns, Total: 163958 ns
[2022-04-22T01:55:37.910+0000][8][safepoint   ] Safepoint "Cleanup", Time since last: 1001040251 ns, Reaching safepoint: 45375 ns, At safepoint: 2208 ns, Total: 47583 ns
[2022-04-22T01:55:38.911+0000][8][safepoint   ] Safepoint "Cleanup", Time since last: 1001055542 ns, Reaching safepoint: 158084 ns, At safepoint: 4041 ns, Total: 162125 ns
[2022-04-22T01:55:39.065+0000][8][gc,start    ] GC(51) Pause Young (Normal) (G1 Evacuation Pause)
[2022-04-22T01:55:39.066+0000][8][gc,task     ] GC(51) Using 5 workers of 5 for evacuation
[2022-04-22T01:55:39.067+0000][8][gc,age      ] GC(51) Desired survivor size 20971520 bytes, new threshold 15 (max threshold 15)
[2022-04-22T01:55:39.072+0000][8][gc,age      ] GC(51) Age table with threshold 15 (max threshold 15)
[2022-04-22T01:55:39.073+0000][8][gc,age      ] GC(51) - age   1:    2749896 bytes,    2749896 total
[2022-04-22T01:55:39.074+0000][8][gc,age      ] GC(51) - age   2:    2019808 bytes,    4769704 total
[2022-04-22T01:55:39.074+0000][8][gc,age      ] GC(51) - age   3:     553520 bytes,    5323224 total
[2022-04-22T01:55:39.075+0000][8][gc,age      ] GC(51) - age   4:     371288 bytes,    5694512 total
[2022-04-22T01:55:39.076+0000][8][gc,age      ] GC(51) - age   5:     445376 bytes,    6139888 total
[2022-04-22T01:55:39.077+0000][8][gc,age      ] GC(51) - age   6:     585600 bytes,    6725488 total
[2022-04-22T01:55:39.077+0000][8][gc,age      ] GC(51) - age   7:     572368 bytes,    7297856 total
[2022-04-22T01:55:39.078+0000][8][gc,age      ] GC(51) - age   8:    3973784 bytes,   11271640 total
[2022-04-22T01:55:39.079+0000][8][gc,age      ] GC(51) - age   9:     552280 bytes,   11823920 total
[2022-04-22T01:55:39.080+0000][8][gc,age      ] GC(51) - age  10:     261968 bytes,   12085888 total
[2022-04-22T01:55:39.080+0000][8][gc,age      ] GC(51) - age  11:     727616 bytes,   12813504 total
[2022-04-22T01:55:39.081+0000][8][gc,age      ] GC(51) - age  12:     201504 bytes,   13015008 total
[2022-04-22T01:55:39.083+0000][8][gc,age      ] GC(51) - age  13:     185520 bytes,   13200528 total
[2022-04-22T01:55:39.083+0000][8][gc,age      ] GC(51) - age  14:     474752 bytes,   13675280 total
[2022-04-22T01:55:39.084+0000][8][gc,age      ] GC(51) - age  15:     181624 bytes,   13856904 total
[2022-04-22T01:55:39.085+0000][8][gc,phases   ] GC(51)   Pre Evacuate Collection Set: 0.2ms
[2022-04-22T01:55:39.085+0000][8][gc,phases   ] GC(51)   Merge Heap Roots: 0.1ms
[2022-04-22T01:55:39.086+0000][8][gc,phases   ] GC(51)   Evacuate Collection Set: 2.5ms
[2022-04-22T01:55:39.086+0000][8][gc,phases   ] GC(51)   Post Evacuate Collection Set: 0.9ms
[2022-04-22T01:55:39.087+0000][8][gc,phases   ] GC(51)   Other: 15.7ms
[2022-04-22T01:55:39.088+0000][8][gc,heap     ] GC(51) Eden regions: 72->0(70)
[2022-04-22T01:55:39.089+0000][8][gc,heap     ] GC(51) Survivor regions: 3->4(10)
[2022-04-22T01:55:39.089+0000][8][gc,heap     ] GC(51) Old regions: 22->22
[2022-04-22T01:55:39.090+0000][8][gc,heap     ] GC(51) Archive regions: 2->2
[2022-04-22T01:55:39.091+0000][8][gc,heap     ] GC(51) Humongous regions: 6->6
[2022-04-22T01:55:39.092+0000][8][gc,metaspace] GC(51) Metaspace: 105454K(106944K)->105454K(106944K) NonClass: 91138K(92032K)->91138K(92032K) Class: 14316K(14912K)->14316K(14912K)
[2022-04-22T01:55:39.092+0000][8][gc          ] GC(51) Pause Young (Normal) (G1 Evacuation Pause) 415M->129M(512M) 27.029ms
[2022-04-22T01:55:39.093+0000][8][gc,cpu      ] GC(51) User=0.01s Sys=0.00s Real=0.03s
[2022-04-22T01:55:39.094+0000][8][safepoint   ] Safepoint "G1CollectForAllocation", Time since last: 153840251 ns, Reaching safepoint: 112375 ns, At safepoint: 28457250 ns, Total: 28569625 ns
[2022-04-22T01:55:41.095+0000][8][safepoint   ] Safepoint "Cleanup", Time since last: 2000894875 ns, Reaching safepoint: 184209 ns, At safepoint: 49625 ns, Total: 233834 ns
[2022-04-22T01:55:44.158+0000][8][gc,start    ] GC(52) Pause Young (Normal) (G1 Evacuation Pause)
[2022-04-22T01:55:44.159+0000][8][gc,task     ] GC(52) Using 5 workers of 5 for evacuation
[2022-04-22T01:55:44.160+0000][8][gc,age      ] GC(52) Desired survivor size 20971520 bytes, new threshold 15 (max threshold 15)
[2022-04-22T01:55:44.166+0000][8][gc,age      ] GC(52) Age table with threshold 15 (max threshold 15)
[2022-04-22T01:55:44.168+0000][8][gc,age      ] GC(52) - age   1:    2196440 bytes,    2196440 total
[2022-04-22T01:55:44.169+0000][8][gc,age      ] GC(52) - age   2:    1924384 bytes,    4120824 total
[2022-04-22T01:55:44.170+0000][8][gc,age      ] GC(52) - age   3:    1974872 bytes,    6095696 total
[2022-04-22T01:55:44.171+0000][8][gc,age      ] GC(52) - age   4:     543440 bytes,    6639136 total
[2022-04-22T01:55:44.172+0000][8][gc,age      ] GC(52) - age   5:     357288 bytes,    6996424 total
[2022-04-22T01:55:44.172+0000][8][gc,age      ] GC(52) - age   6:     435296 bytes,    7431720 total
[2022-04-22T01:55:44.173+0000][8][gc,age      ] GC(52) - age   7:     574176 bytes,    8005896 total
[2022-04-22T01:55:44.174+0000][8][gc,age      ] GC(52) - age   8:     571360 bytes,    8577256 total
[2022-04-22T01:55:44.174+0000][8][gc,age      ] GC(52) - age   9:    3973784 bytes,   12551040 total
[2022-04-22T01:55:44.175+0000][8][gc,age      ] GC(52) - age  10:     552280 bytes,   13103320 total
[2022-04-22T01:55:44.176+0000][8][gc,age      ] GC(52) - age  11:     261968 bytes,   13365288 total
[2022-04-22T01:55:44.176+0000][8][gc,age      ] GC(52) - age  12:     727616 bytes,   14092904 total
[2022-04-22T01:55:44.177+0000][8][gc,age      ] GC(52) - age  13:     201504 bytes,   14294408 total
[2022-04-22T01:55:44.178+0000][8][gc,age      ] GC(52) - age  14:     185520 bytes,   14479928 total
[2022-04-22T01:55:44.178+0000][8][gc,age      ] GC(52) - age  15:     474752 bytes,   14954680 total
[2022-04-22T01:55:44.179+0000][8][gc,phases   ] GC(52)   Pre Evacuate Collection Set: 0.1ms
[2022-04-22T01:55:44.180+0000][8][gc,phases   ] GC(52)   Merge Heap Roots: 0.2ms
[2022-04-22T01:55:44.180+0000][8][gc,phases   ] GC(52)   Evacuate Collection Set: 3.2ms
[2022-04-22T01:55:44.182+0000][8][gc,phases   ] GC(52)   Post Evacuate Collection Set: 0.9ms
[2022-04-22T01:55:44.182+0000][8][gc,phases   ] GC(52)   Other: 17.4ms
[2022-04-22T01:55:44.183+0000][8][gc,heap     ] GC(52) Eden regions: 70->0(70)
[2022-04-22T01:55:44.184+0000][8][gc,heap     ] GC(52) Survivor regions: 4->4(10)
[2022-04-22T01:55:44.185+0000][8][gc,heap     ] GC(52) Old regions: 22->22
[2022-04-22T01:55:44.185+0000][8][gc,heap     ] GC(52) Archive regions: 2->2
[2022-04-22T01:55:44.186+0000][8][gc,heap     ] GC(52) Humongous regions: 6->6
[2022-04-22T01:55:44.187+0000][8][gc,metaspace] GC(52) Metaspace: 105467K(106944K)->105467K(106944K) NonClass: 91151K(92032K)->91151K(92032K) Class: 14316K(14912K)->14316K(14912K)
[2022-04-22T01:55:44.187+0000][8][gc          ] GC(52) Pause Young (Normal) (G1 Evacuation Pause) 409M->131M(512M) 29.865ms
[2022-04-22T01:55:44.188+0000][8][gc,cpu      ] GC(52) User=0.01s Sys=0.00s Real=0.03s
[2022-04-22T01:55:44.189+0000][8][safepoint   ] Safepoint "G1CollectForAllocation", Time since last: 3062467001 ns, Reaching safepoint: 152167 ns, At safepoint: 31378000 ns, Total: 31530167 ns
[2022-04-22T01:55:48.813+0000][8][gc,start    ] GC(53) Pause Young (Normal) (G1 Evacuation Pause)
[2022-04-22T01:55:48.814+0000][8][gc,task     ] GC(53) Using 5 workers of 5 for evacuation
[2022-04-22T01:55:48.815+0000][8][gc,age      ] GC(53) Desired survivor size 20971520 bytes, new threshold 15 (max threshold 15)
[2022-04-22T01:55:48.819+0000][8][gc,age      ] GC(53) Age table with threshold 15 (max threshold 15)
[2022-04-22T01:55:48.820+0000][8][gc,age      ] GC(53) - age   1:    2539432 bytes,    2539432 total
[2022-04-22T01:55:48.821+0000][8][gc,age      ] GC(53) - age   2:    1194760 bytes,    3734192 total
[2022-04-22T01:55:48.822+0000][8][gc,age      ] GC(53) - age   3:    1856232 bytes,    5590424 total
[2022-04-22T01:55:48.822+0000][8][gc,age      ] GC(53) - age   4:    1923048 bytes,    7513472 total
[2022-04-22T01:55:48.823+0000][8][gc,age      ] GC(53) - age   5:     534368 bytes,    8047840 total
[2022-04-22T01:55:48.824+0000][8][gc,age      ] GC(53) - age   6:     346032 bytes,    8393872 total
[2022-04-22T01:55:48.825+0000][8][gc,age      ] GC(53) - age   7:     421408 bytes,    8815280 total
[2022-04-22T01:55:48.825+0000][8][gc,age      ] GC(53) - age   8:     562248 bytes,    9377528 total
[2022-04-22T01:55:48.826+0000][8][gc,age      ] GC(53) - age   9:     568000 bytes,    9945528 total
[2022-04-22T01:55:48.827+0000][8][gc,age      ] GC(53) - age  10:    3973784 bytes,   13919312 total
[2022-04-22T01:55:48.827+0000][8][gc,age      ] GC(53) - age  11:     552280 bytes,   14471592 total
[2022-04-22T01:55:48.828+0000][8][gc,age      ] GC(53) - age  12:     261968 bytes,   14733560 total
[2022-04-22T01:55:48.829+0000][8][gc,age      ] GC(53) - age  13:     727616 bytes,   15461176 total
[2022-04-22T01:55:48.829+0000][8][gc,age      ] GC(53) - age  14:     201504 bytes,   15662680 total
[2022-04-22T01:55:48.830+0000][8][gc,age      ] GC(53) - age  15:     185520 bytes,   15848200 total
[2022-04-22T01:55:48.831+0000][8][gc,phases   ] GC(53)   Pre Evacuate Collection Set: 0.2ms
[2022-04-22T01:55:48.831+0000][8][gc,phases   ] GC(53)   Merge Heap Roots: 0.1ms
[2022-04-22T01:55:48.832+0000][8][gc,phases   ] GC(53)   Evacuate Collection Set: 2.3ms
[2022-04-22T01:55:48.832+0000][8][gc,phases   ] GC(53)   Post Evacuate Collection Set: 1.1ms
[2022-04-22T01:55:48.833+0000][8][gc,phases   ] GC(53)   Other: 14.4ms
[2022-04-22T01:55:48.833+0000][8][gc,heap     ] GC(53) Eden regions: 70->0(69)
[2022-04-22T01:55:48.834+0000][8][gc,heap     ] GC(53) Survivor regions: 4->4(10)
[2022-04-22T01:55:48.835+0000][8][gc,heap     ] GC(53) Old regions: 22->23
[2022-04-22T01:55:48.835+0000][8][gc,heap     ] GC(53) Archive regions: 2->2
[2022-04-22T01:55:48.836+0000][8][gc,heap     ] GC(53) Humongous regions: 6->6
[2022-04-22T01:55:48.836+0000][8][gc,metaspace] GC(53) Metaspace: 105467K(106944K)->105467K(106944K) NonClass: 91151K(92032K)->91151K(92032K) Class: 14316K(14912K)->14316K(14912K)
[2022-04-22T01:55:48.838+0000][8][gc          ] GC(53) Pause Young (Normal) (G1 Evacuation Pause) 411M->131M(512M) 25.395ms
[2022-04-22T01:55:48.839+0000][8][gc,cpu      ] GC(53) User=0.01s Sys=0.01s Real=0.03s
[2022-04-22T01:55:48.839+0000][8][safepoint   ] Safepoint "G1CollectForAllocation", Time since last: 4623632460 ns, Reaching safepoint: 64167 ns, At safepoint: 26563292 ns, Total: 26627459 ns
[2022-04-22T01:55:51.840+0000][8][safepoint   ] Safepoint "Cleanup", Time since last: 3001226501 ns, Reaching safepoint: 87416 ns, At safepoint: 4667 ns, Total: 92083 ns
[2022-04-22T01:55:53.605+0000][8][gc,start    ] GC(54) Pause Young (Normal) (G1 Evacuation Pause)
[2022-04-22T01:55:53.606+0000][8][gc,task     ] GC(54) Using 5 workers of 5 for evacuation
[2022-04-22T01:55:53.607+0000][8][gc,age      ] GC(54) Desired survivor size 20971520 bytes, new threshold 15 (max threshold 15)
[2022-04-22T01:55:53.611+0000][8][gc,age      ] GC(54) Age table with threshold 15 (max threshold 15)
[2022-04-22T01:55:53.612+0000][8][gc,age      ] GC(54) - age   1:    2126624 bytes,    2126624 total
[2022-04-22T01:55:53.614+0000][8][gc,age      ] GC(54) - age   2:    2340128 bytes,    4466752 total
[2022-04-22T01:55:53.614+0000][8][gc,age      ] GC(54) - age   3:    1168064 bytes,    5634816 total
[2022-04-22T01:55:53.615+0000][8][gc,age      ] GC(54) - age   4:    1571800 bytes,    7206616 total
[2022-04-22T01:55:53.616+0000][8][gc,age      ] GC(54) - age   5:    1907272 bytes,    9113888 total
[2022-04-22T01:55:53.617+0000][8][gc,age      ] GC(54) - age   6:     524848 bytes,    9638736 total
[2022-04-22T01:55:53.617+0000][8][gc,age      ] GC(54) - age   7:     342000 bytes,    9980736 total
[2022-04-22T01:55:53.618+0000][8][gc,age      ] GC(54) - age   8:     414728 bytes,   10395464 total
[2022-04-22T01:55:53.619+0000][8][gc,age      ] GC(54) - age   9:     561240 bytes,   10956704 total
[2022-04-22T01:55:53.620+0000][8][gc,age      ] GC(54) - age  10:     566824 bytes,   11523528 total
[2022-04-22T01:55:53.620+0000][8][gc,age      ] GC(54) - age  11:    3973784 bytes,   15497312 total
[2022-04-22T01:55:53.621+0000][8][gc,age      ] GC(54) - age  12:     552280 bytes,   16049592 total
[2022-04-22T01:55:53.621+0000][8][gc,age      ] GC(54) - age  13:     261968 bytes,   16311560 total
[2022-04-22T01:55:53.622+0000][8][gc,age      ] GC(54) - age  14:     727616 bytes,   17039176 total
[2022-04-22T01:55:53.623+0000][8][gc,age      ] GC(54) - age  15:     201504 bytes,   17240680 total
[2022-04-22T01:55:53.623+0000][8][gc,phases   ] GC(54)   Pre Evacuate Collection Set: 0.1ms
[2022-04-22T01:55:53.624+0000][8][gc,phases   ] GC(54)   Merge Heap Roots: 0.2ms
[2022-04-22T01:55:53.624+0000][8][gc,phases   ] GC(54)   Evacuate Collection Set: 2.7ms
[2022-04-22T01:55:53.625+0000][8][gc,phases   ] GC(54)   Post Evacuate Collection Set: 0.8ms
[2022-04-22T01:55:53.626+0000][8][gc,phases   ] GC(54)   Other: 14.1ms
[2022-04-22T01:55:53.626+0000][8][gc,heap     ] GC(54) Eden regions: 69->0(67)
[2022-04-22T01:55:53.627+0000][8][gc,heap     ] GC(54) Survivor regions: 4->5(10)
[2022-04-22T01:55:53.627+0000][8][gc,heap     ] GC(54) Old regions: 23->23
[2022-04-22T01:55:53.628+0000][8][gc,heap     ] GC(54) Archive regions: 2->2
[2022-04-22T01:55:53.629+0000][8][gc,heap     ] GC(54) Humongous regions: 6->6
[2022-04-22T01:55:53.630+0000][8][gc,metaspace] GC(54) Metaspace: 105467K(106944K)->105467K(106944K) NonClass: 91151K(92032K)->91151K(92032K) Class: 14316K(14912K)->14316K(14912K)
[2022-04-22T01:55:53.630+0000][8][gc          ] GC(54) Pause Young (Normal) (G1 Evacuation Pause) 407M->134M(512M) 25.139ms
[2022-04-22T01:55:53.631+0000][8][gc,cpu      ] GC(54) User=0.01s Sys=0.00s Real=0.02s
[2022-04-22T01:55:53.632+0000][8][safepoint   ] Safepoint "G1CollectForAllocation", Time since last: 1764736209 ns, Reaching safepoint: 118708 ns, At safepoint: 26485084 ns, Total: 26603792 ns
[2022-04-22T01:55:58.206+0000][8][gc,start    ] GC(55) Pause Young (Normal) (G1 Evacuation Pause)
[2022-04-22T01:55:58.207+0000][8][gc,task     ] GC(55) Using 5 workers of 5 for evacuation
[2022-04-22T01:55:58.208+0000][8][gc,age      ] GC(55) Desired survivor size 18874368 bytes, new threshold 15 (max threshold 15)
[2022-04-22T01:55:58.213+0000][8][gc,age      ] GC(55) Age table with threshold 15 (max threshold 15)
[2022-04-22T01:55:58.214+0000][8][gc,age      ] GC(55) - age   1:    2636552 bytes,    2636552 total
[2022-04-22T01:55:58.215+0000][8][gc,age      ] GC(55) - age   2:    1787504 bytes,    4424056 total
[2022-04-22T01:55:58.216+0000][8][gc,age      ] GC(55) - age   3:    1290424 bytes,    5714480 total
[2022-04-22T01:55:58.216+0000][8][gc,age      ] GC(55) - age   4:    1155200 bytes,    6869680 total
[2022-04-22T01:55:58.217+0000][8][gc,age      ] GC(55) - age   5:    1553840 bytes,    8423520 total
[2022-04-22T01:55:58.217+0000][8][gc,age      ] GC(55) - age   6:    1890248 bytes,   10313768 total
[2022-04-22T01:55:58.218+0000][8][gc,age      ] GC(55) - age   7:     521656 bytes,   10835424 total
[2022-04-22T01:55:58.219+0000][8][gc,age      ] GC(55) - age   8:     336120 bytes,   11171544 total
[2022-04-22T01:55:58.220+0000][8][gc,age      ] GC(55) - age   9:     410488 bytes,   11582032 total
[2022-04-22T01:55:58.220+0000][8][gc,age      ] GC(55) - age  10:     557040 bytes,   12139072 total
[2022-04-22T01:55:58.221+0000][8][gc,age      ] GC(55) - age  11:     566824 bytes,   12705896 total
[2022-04-22T01:55:58.222+0000][8][gc,age      ] GC(55) - age  12:    3973784 bytes,   16679680 total
[2022-04-22T01:55:58.222+0000][8][gc,age      ] GC(55) - age  13:     552280 bytes,   17231960 total
[2022-04-22T01:55:58.223+0000][8][gc,age      ] GC(55) - age  14:     261968 bytes,   17493928 total
[2022-04-22T01:55:58.224+0000][8][gc,age      ] GC(55) - age  15:     727616 bytes,   18221544 total
[2022-04-22T01:55:58.224+0000][8][gc,phases   ] GC(55)   Pre Evacuate Collection Set: 0.1ms
[2022-04-22T01:55:58.225+0000][8][gc,phases   ] GC(55)   Merge Heap Roots: 0.0ms
[2022-04-22T01:55:58.226+0000][8][gc,phases   ] GC(55)   Evacuate Collection Set: 2.7ms
[2022-04-22T01:55:58.227+0000][8][gc,phases   ] GC(55)   Post Evacuate Collection Set: 1.2ms
[2022-04-22T01:55:58.228+0000][8][gc,phases   ] GC(55)   Other: 14.5ms
[2022-04-22T01:55:58.228+0000][8][gc,heap     ] GC(55) Eden regions: 67->0(67)
[2022-04-22T01:55:58.229+0000][8][gc,heap     ] GC(55) Survivor regions: 5->5(9)
[2022-04-22T01:55:58.230+0000][8][gc,heap     ] GC(55) Old regions: 23->23
[2022-04-22T01:55:58.230+0000][8][gc,heap     ] GC(55) Archive regions: 2->2
[2022-04-22T01:55:58.231+0000][8][gc,heap     ] GC(55) Humongous regions: 6->6
[2022-04-22T01:55:58.232+0000][8][gc,metaspace] GC(55) Metaspace: 105468K(106944K)->105468K(106944K) NonClass: 91152K(92032K)->91152K(92032K) Class: 14316K(14912K)->14316K(14912K)
[2022-04-22T01:55:58.233+0000][8][gc          ] GC(55) Pause Young (Normal) (G1 Evacuation Pause) 402M->135M(512M) 26.697ms
[2022-04-22T01:55:58.233+0000][8][gc,cpu      ] GC(55) User=0.01s Sys=0.01s Real=0.03s
[2022-04-22T01:55:58.234+0000][8][safepoint   ] Safepoint "G1CollectForAllocation", Time since last: 4573955210 ns, Reaching safepoint: 135625 ns, At safepoint: 28526375 ns, Total: 28662000 ns
[2022-04-22T01:56:02.405+0000][8][gc,start    ] GC(56) Pause Young (Normal) (G1 Evacuation Pause)
[2022-04-22T01:56:02.426+0000][8][gc,task     ] GC(56) Using 5 workers of 5 for evacuation
[2022-04-22T01:56:02.427+0000][8][gc,age      ] GC(56) Desired survivor size 18874368 bytes, new threshold 15 (max threshold 15)
[2022-04-22T01:56:02.432+0000][8][gc,age      ] GC(56) Age table with threshold 15 (max threshold 15)
[2022-04-22T01:56:02.434+0000][8][gc,age      ] GC(56) - age   1:    2709640 bytes,    2709640 total
[2022-04-22T01:56:02.436+0000][8][gc,age      ] GC(56) - age   2:    1261568 bytes,    3971208 total
[2022-04-22T01:56:02.437+0000][8][gc,age      ] GC(56) - age   3:    1718920 bytes,    5690128 total
[2022-04-22T01:56:02.438+0000][8][gc,age      ] GC(56) - age   4:    1240472 bytes,    6930600 total
[2022-04-22T01:56:02.438+0000][8][gc,age      ] GC(56) - age   5:    1134856 bytes,    8065456 total
[2022-04-22T01:56:02.439+0000][8][gc,age      ] GC(56) - age   6:    1516184 bytes,    9581640 total
[2022-04-22T01:56:02.441+0000][8][gc,age      ] GC(56) - age   7:    1852784 bytes,   11434424 total
[2022-04-22T01:56:02.443+0000][8][gc,age      ] GC(56) - age   8:     512472 bytes,   11946896 total
[2022-04-22T01:56:02.444+0000][8][gc,age      ] GC(56) - age   9:     329120 bytes,   12276016 total
[2022-04-22T01:56:02.445+0000][8][gc,age      ] GC(56) - age  10:     405280 bytes,   12681296 total
[2022-04-22T01:56:02.447+0000][8][gc,age      ] GC(56) - age  11:     553008 bytes,   13234304 total
[2022-04-22T01:56:02.448+0000][8][gc,age      ] GC(56) - age  12:     566824 bytes,   13801128 total
[2022-04-22T01:56:02.449+0000][8][gc,age      ] GC(56) - age  13:    3973784 bytes,   17774912 total
[2022-04-22T01:56:02.450+0000][8][gc,age      ] GC(56) - age  14:     552280 bytes,   18327192 total
[2022-04-22T01:56:02.450+0000][8][gc,age      ] GC(56) - age  15:     261968 bytes,   18589160 total
[2022-04-22T01:56:02.451+0000][8][gc,phases   ] GC(56)   Pre Evacuate Collection Set: 0.1ms
[2022-04-22T01:56:02.463+0000][8][gc,phases   ] GC(56)   Merge Heap Roots: 0.3ms
[2022-04-22T01:56:02.496+0000][8][gc,phases   ] GC(56)   Evacuate Collection Set: 3.3ms
[2022-04-22T01:56:02.528+0000][8][gc,phases   ] GC(56)   Post Evacuate Collection Set: 1.1ms
[2022-04-22T01:56:02.529+0000][8][gc,phases   ] GC(56)   Other: 40.9ms
[2022-04-22T01:56:02.530+0000][8][gc,heap     ] GC(56) Eden regions: 67->0(67)
[2022-04-22T01:56:02.532+0000][8][gc,heap     ] GC(56) Survivor regions: 5->5(9)
[2022-04-22T01:56:02.533+0000][8][gc,heap     ] GC(56) Old regions: 23->23
[2022-04-22T01:56:02.535+0000][8][gc,heap     ] GC(56) Archive regions: 2->2
[2022-04-22T01:56:02.536+0000][8][gc,heap     ] GC(56) Humongous regions: 6->6
[2022-04-22T01:56:02.537+0000][8][gc,metaspace] GC(56) Metaspace: 105468K(106944K)->105468K(106944K) NonClass: 91152K(92032K)->91152K(92032K) Class: 14316K(14912K)->14316K(14912K)
[2022-04-22T01:56:02.538+0000][8][gc          ] GC(56) Pause Young (Normal) (G1 Evacuation Pause) 403M->135M(512M) 132.669ms
[2022-04-22T01:56:02.539+0000][8][gc,cpu      ] GC(56) User=0.02s Sys=0.01s Real=0.13s
[2022-04-22T01:56:02.541+0000][8][safepoint   ] Safepoint "G1CollectForAllocation", Time since last: 4170911336 ns, Reaching safepoint: 168791 ns, At safepoint: 135618709 ns, Total: 135787500 ns
[2022-04-22T01:56:06.348+0000][8][safepoint   ] Safepoint "G1CollectForAllocation", Time since last: 3806354335 ns, Reaching safepoint: 116583 ns, At safepoint: 22709 ns, Total: 139292 ns
[2022-04-22T01:56:06.349+0000][8][gc,start    ] GC(57) Pause Young (Normal) (GCLocker Initiated GC)
[2022-04-22T01:56:06.350+0000][8][gc,task     ] GC(57) Using 5 workers of 5 for evacuation
[2022-04-22T01:56:06.350+0000][8][gc,age      ] GC(57) Desired survivor size 18874368 bytes, new threshold 15 (max threshold 15)
[2022-04-22T01:56:06.355+0000][8][gc,age      ] GC(57) Age table with threshold 15 (max threshold 15)
[2022-04-22T01:56:06.357+0000][8][gc,age      ] GC(57) - age   1:    2987800 bytes,    2987800 total
[2022-04-22T01:56:06.358+0000][8][gc,age      ] GC(57) - age   2:    1164440 bytes,    4152240 total
[2022-04-22T01:56:06.359+0000][8][gc,age      ] GC(57) - age   3:    1121064 bytes,    5273304 total
[2022-04-22T01:56:06.360+0000][8][gc,age      ] GC(57) - age   4:    1693720 bytes,    6967024 total
[2022-04-22T01:56:06.360+0000][8][gc,age      ] GC(57) - age   5:    1211016 bytes,    8178040 total
[2022-04-22T01:56:06.361+0000][8][gc,age      ] GC(57) - age   6:    1121304 bytes,    9299344 total
[2022-04-22T01:56:06.361+0000][8][gc,age      ] GC(57) - age   7:    1492888 bytes,   10792232 total
[2022-04-22T01:56:06.362+0000][8][gc,age      ] GC(57) - age   8:    1816800 bytes,   12609032 total
[2022-04-22T01:56:06.363+0000][8][gc,age      ] GC(57) - age   9:     505136 bytes,   13114168 total
[2022-04-22T01:56:06.363+0000][8][gc,age      ] GC(57) - age  10:     324920 bytes,   13439088 total
[2022-04-22T01:56:06.364+0000][8][gc,age      ] GC(57) - age  11:     400912 bytes,   13840000 total
[2022-04-22T01:56:06.365+0000][8][gc,age      ] GC(57) - age  12:     544336 bytes,   14384336 total
[2022-04-22T01:56:06.366+0000][8][gc,age      ] GC(57) - age  13:     566824 bytes,   14951160 total
[2022-04-22T01:56:06.367+0000][8][gc,age      ] GC(57) - age  14:    3973784 bytes,   18924944 total
[2022-04-22T01:56:06.367+0000][8][gc,age      ] GC(57) - age  15:     552280 bytes,   19477224 total
[2022-04-22T01:56:06.368+0000][8][gc,phases   ] GC(57)   Pre Evacuate Collection Set: 0.2ms
[2022-04-22T01:56:06.369+0000][8][gc,phases   ] GC(57)   Merge Heap Roots: 0.1ms
[2022-04-22T01:56:06.370+0000][8][gc,phases   ] GC(57)   Evacuate Collection Set: 2.5ms
[2022-04-22T01:56:06.371+0000][8][gc,phases   ] GC(57)   Post Evacuate Collection Set: 1.9ms
[2022-04-22T01:56:06.371+0000][8][gc,phases   ] GC(57)   Other: 14.7ms
[2022-04-22T01:56:06.372+0000][8][gc,heap     ] GC(57) Eden regions: 67->0(67)
[2022-04-22T01:56:06.372+0000][8][gc,heap     ] GC(57) Survivor regions: 5->5(9)
[2022-04-22T01:56:06.373+0000][8][gc,heap     ] GC(57) Old regions: 23->23
[2022-04-22T01:56:06.374+0000][8][gc,heap     ] GC(57) Archive regions: 2->2
[2022-04-22T01:56:06.376+0000][8][gc,heap     ] GC(57) Humongous regions: 6->6
[2022-04-22T01:56:06.377+0000][8][gc,metaspace] GC(57) Metaspace: 105473K(106944K)->105473K(106944K) NonClass: 91155K(92032K)->91155K(92032K) Class: 14317K(14912K)->14317K(14912K)
[2022-04-22T01:56:06.378+0000][8][gc          ] GC(57) Pause Young (Normal) (GCLocker Initiated GC) 403M->137M(512M) 28.737ms
[2022-04-22T01:56:06.381+0000][8][gc,cpu      ] GC(57) User=0.01s Sys=0.00s Real=0.03s
[2022-04-22T01:56:06.383+0000][8][safepoint   ] Safepoint "G1CollectForAllocation", Time since last: 977041 ns, Reaching safepoint: 204750 ns, At safepoint: 33844542 ns, Total: 34049292 ns
[2022-04-22T01:56:08.384+0000][8][safepoint   ] Safepoint "Cleanup", Time since last: 2001066501 ns, Reaching safepoint: 345250 ns, At safepoint: 11333 ns, Total: 356583 ns
[2022-04-22T01:56:09.213+0000][8][gc,start    ] GC(58) Pause Young (Normal) (G1 Evacuation Pause)
[2022-04-22T01:56:09.214+0000][8][gc,task     ] GC(58) Using 5 workers of 5 for evacuation
[2022-04-22T01:56:09.215+0000][8][gc,age      ] GC(58) Desired survivor size 18874368 bytes, new threshold 14 (max threshold 15)
[2022-04-22T01:56:09.220+0000][8][gc,age      ] GC(58) Age table with threshold 14 (max threshold 15)
[2022-04-22T01:56:09.221+0000][8][gc,age      ] GC(58) - age   1:    2960424 bytes,    2960424 total
[2022-04-22T01:56:09.222+0000][8][gc,age      ] GC(58) - age   2:    1395608 bytes,    4356032 total
[2022-04-22T01:56:09.223+0000][8][gc,age      ] GC(58) - age   3:    1142088 bytes,    5498120 total
[2022-04-22T01:56:09.223+0000][8][gc,age      ] GC(58) - age   4:    1110128 bytes,    6608248 total
[2022-04-22T01:56:09.224+0000][8][gc,age      ] GC(58) - age   5:    1682856 bytes,    8291104 total
[2022-04-22T01:56:09.225+0000][8][gc,age      ] GC(58) - age   6:    1203120 bytes,    9494224 total
[2022-04-22T01:56:09.226+0000][8][gc,age      ] GC(58) - age   7:    1115368 bytes,   10609592 total
[2022-04-22T01:56:09.227+0000][8][gc,age      ] GC(58) - age   8:    1475248 bytes,   12084840 total
[2022-04-22T01:56:09.227+0000][8][gc,age      ] GC(58) - age   9:    1810864 bytes,   13895704 total
[2022-04-22T01:56:09.228+0000][8][gc,age      ] GC(58) - age  10:     503976 bytes,   14399680 total
[2022-04-22T01:56:09.229+0000][8][gc,age      ] GC(58) - age  11:     319936 bytes,   14719616 total
[2022-04-22T01:56:09.230+0000][8][gc,age      ] GC(58) - age  12:     400912 bytes,   15120528 total
[2022-04-22T01:56:09.231+0000][8][gc,age      ] GC(58) - age  13:     543328 bytes,   15663856 total
[2022-04-22T01:56:09.231+0000][8][gc,age      ] GC(58) - age  14:     566792 bytes,   16230648 total
[2022-04-22T01:56:09.232+0000][8][gc,phases   ] GC(58)   Pre Evacuate Collection Set: 0.1ms
[2022-04-22T01:56:09.233+0000][8][gc,phases   ] GC(58)   Merge Heap Roots: 0.1ms
[2022-04-22T01:56:09.234+0000][8][gc,phases   ] GC(58)   Evacuate Collection Set: 3.2ms
[2022-04-22T01:56:09.235+0000][8][gc,phases   ] GC(58)   Post Evacuate Collection Set: 0.6ms
[2022-04-22T01:56:09.236+0000][8][gc,phases   ] GC(58)   Other: 15.4ms
[2022-04-22T01:56:09.236+0000][8][gc,heap     ] GC(58) Eden regions: 67->0(68)
[2022-04-22T01:56:09.237+0000][8][gc,heap     ] GC(58) Survivor regions: 5->4(9)
[2022-04-22T01:56:09.237+0000][8][gc,heap     ] GC(58) Old regions: 23->24
[2022-04-22T01:56:09.238+0000][8][gc,heap     ] GC(58) Archive regions: 2->2
[2022-04-22T01:56:09.238+0000][8][gc,heap     ] GC(58) Humongous regions: 6->6
[2022-04-22T01:56:09.239+0000][8][gc,metaspace] GC(58) Metaspace: 105473K(106944K)->105473K(106944K) NonClass: 91155K(92032K)->91155K(92032K) Class: 14317K(14912K)->14317K(14912K)
[2022-04-22T01:56:09.240+0000][8][gc          ] GC(58) Pause Young (Normal) (G1 Evacuation Pause) 405M->137M(512M) 27.114ms
[2022-04-22T01:56:09.240+0000][8][gc,cpu      ] GC(58) User=0.01s Sys=0.00s Real=0.03s
[2022-04-22T01:56:09.241+0000][8][safepoint   ] Safepoint "G1CollectForAllocation", Time since last: 828559001 ns, Reaching safepoint: 59250 ns, At safepoint: 28219125 ns, Total: 28278375 ns
[2022-04-22T01:56:11.936+0000][8][gc,start    ] GC(59) Pause Young (Normal) (G1 Evacuation Pause)
[2022-04-22T01:56:11.937+0000][8][gc,task     ] GC(59) Using 5 workers of 5 for evacuation
[2022-04-22T01:56:11.938+0000][8][gc,age      ] GC(59) Desired survivor size 18874368 bytes, new threshold 15 (max threshold 15)
[2022-04-22T01:56:11.942+0000][8][gc,age      ] GC(59) Age table with threshold 15 (max threshold 15)
[2022-04-22T01:56:11.943+0000][8][gc,age      ] GC(59) - age   1:    3381656 bytes,    3381656 total
[2022-04-22T01:56:11.944+0000][8][gc,age      ] GC(59) - age   2:    1225904 bytes,    4607560 total
[2022-04-22T01:56:11.945+0000][8][gc,age      ] GC(59) - age   3:    1248128 bytes,    5855688 total
[2022-04-22T01:56:11.946+0000][8][gc,age      ] GC(59) - age   4:    1119184 bytes,    6974872 total
[2022-04-22T01:56:11.947+0000][8][gc,age      ] GC(59) - age   5:    1102720 bytes,    8077592 total
[2022-04-22T01:56:11.948+0000][8][gc,age      ] GC(59) - age   6:    1672288 bytes,    9749880 total
[2022-04-22T01:56:11.949+0000][8][gc,age      ] GC(59) - age   7:    1196848 bytes,   10946728 total
[2022-04-22T01:56:11.950+0000][8][gc,age      ] GC(59) - age   8:    1111672 bytes,   12058400 total
[2022-04-22T01:56:11.951+0000][8][gc,age      ] GC(59) - age   9:    1466336 bytes,   13524736 total
[2022-04-22T01:56:11.951+0000][8][gc,age      ] GC(59) - age  10:    1717744 bytes,   15242480 total
[2022-04-22T01:56:11.952+0000][8][gc,age      ] GC(59) - age  11:     496416 bytes,   15738896 total
[2022-04-22T01:56:11.953+0000][8][gc,age      ] GC(59) - age  12:     315736 bytes,   16054632 total
[2022-04-22T01:56:11.953+0000][8][gc,age      ] GC(59) - age  13:     398688 bytes,   16453320 total
[2022-04-22T01:56:11.954+0000][8][gc,age      ] GC(59) - age  14:     535936 bytes,   16989256 total
[2022-04-22T01:56:11.954+0000][8][gc,age      ] GC(59) - age  15:     566760 bytes,   17556016 total
[2022-04-22T01:56:11.955+0000][8][gc,phases   ] GC(59)   Pre Evacuate Collection Set: 0.2ms
[2022-04-22T01:56:11.955+0000][8][gc,phases   ] GC(59)   Merge Heap Roots: 0.0ms
[2022-04-22T01:56:11.956+0000][8][gc,phases   ] GC(59)   Evacuate Collection Set: 2.4ms
[2022-04-22T01:56:11.957+0000][8][gc,phases   ] GC(59)   Post Evacuate Collection Set: 0.9ms
[2022-04-22T01:56:11.958+0000][8][gc,phases   ] GC(59)   Other: 15.7ms
[2022-04-22T01:56:11.958+0000][8][gc,heap     ] GC(59) Eden regions: 68->0(66)
[2022-04-22T01:56:11.959+0000][8][gc,heap     ] GC(59) Survivor regions: 4->5(9)
[2022-04-22T01:56:11.959+0000][8][gc,heap     ] GC(59) Old regions: 24->24
[2022-04-22T01:56:11.960+0000][8][gc,heap     ] GC(59) Archive regions: 2->2
[2022-04-22T01:56:11.961+0000][8][gc,heap     ] GC(59) Humongous regions: 6->6
[2022-04-22T01:56:11.962+0000][8][gc,metaspace] GC(59) Metaspace: 105473K(106944K)->105473K(106944K) NonClass: 91155K(92032K)->91155K(92032K) Class: 14317K(14912K)->14317K(14912K)
[2022-04-22T01:56:11.963+0000][8][gc          ] GC(59) Pause Young (Normal) (G1 Evacuation Pause) 409M->139M(512M) 26.819ms
[2022-04-22T01:56:11.964+0000][8][gc,cpu      ] GC(59) User=0.01s Sys=0.01s Real=0.03s
[2022-04-22T01:56:11.965+0000][8][safepoint   ] Safepoint "G1CollectForAllocation", Time since last: 2694614543 ns, Reaching safepoint: 211625 ns, At safepoint: 29303916 ns, Total: 29515541 ns
[2022-04-22T01:56:14.692+0000][8][gc,start    ] GC(60) Pause Young (Normal) (G1 Evacuation Pause)
[2022-04-22T01:56:14.693+0000][8][gc,task     ] GC(60) Using 5 workers of 5 for evacuation
[2022-04-22T01:56:14.694+0000][8][gc,age      ] GC(60) Desired survivor size 18874368 bytes, new threshold 15 (max threshold 15)
[2022-04-22T01:56:14.699+0000][8][gc,age      ] GC(60) Age table with threshold 15 (max threshold 15)
[2022-04-22T01:56:14.700+0000][8][gc,age      ] GC(60) - age   1:    1228608 bytes,    1228608 total
[2022-04-22T01:56:14.702+0000][8][gc,age      ] GC(60) - age   2:    3256392 bytes,    4485000 total
[2022-04-22T01:56:14.702+0000][8][gc,age      ] GC(60) - age   3:    1140080 bytes,    5625080 total
[2022-04-22T01:56:14.703+0000][8][gc,age      ] GC(60) - age   4:    1118944 bytes,    6744024 total
[2022-04-22T01:56:14.703+0000][8][gc,age      ] GC(60) - age   5:    1097736 bytes,    7841760 total
[2022-04-22T01:56:14.704+0000][8][gc,age      ] GC(60) - age   6:    1095664 bytes,    8937424 total
[2022-04-22T01:56:14.705+0000][8][gc,age      ] GC(60) - age   7:    1665680 bytes,   10603104 total
[2022-04-22T01:56:14.705+0000][8][gc,age      ] GC(60) - age   8:    1193824 bytes,   11796928 total
[2022-04-22T01:56:14.706+0000][8][gc,age      ] GC(60) - age   9:    1107080 bytes,   12904008 total
[2022-04-22T01:56:14.707+0000][8][gc,age      ] GC(60) - age  10:    1459000 bytes,   14363008 total
[2022-04-22T01:56:14.708+0000][8][gc,age      ] GC(60) - age  11:    1713152 bytes,   16076160 total
[2022-04-22T01:56:14.708+0000][8][gc,age      ] GC(60) - age  12:     492216 bytes,   16568376 total
[2022-04-22T01:56:14.709+0000][8][gc,age      ] GC(60) - age  13:     312544 bytes,   16880920 total
[2022-04-22T01:56:14.710+0000][8][gc,age      ] GC(60) - age  14:     396504 bytes,   17277424 total
[2022-04-22T01:56:14.710+0000][8][gc,age      ] GC(60) - age  15:     528672 bytes,   17806096 total
[2022-04-22T01:56:14.711+0000][8][gc,phases   ] GC(60)   Pre Evacuate Collection Set: 0.3ms
[2022-04-22T01:56:14.712+0000][8][gc,phases   ] GC(60)   Merge Heap Roots: 0.0ms
[2022-04-22T01:56:14.712+0000][8][gc,phases   ] GC(60)   Evacuate Collection Set: 3.5ms
[2022-04-22T01:56:14.713+0000][8][gc,phases   ] GC(60)   Post Evacuate Collection Set: 1.0ms
[2022-04-22T01:56:14.714+0000][8][gc,phases   ] GC(60)   Other: 14.2ms
[2022-04-22T01:56:14.714+0000][8][gc,heap     ] GC(60) Eden regions: 66->0(66)
[2022-04-22T01:56:14.715+0000][8][gc,heap     ] GC(60) Survivor regions: 5->5(9)
[2022-04-22T01:56:14.715+0000][8][gc,heap     ] GC(60) Old regions: 24->24
[2022-04-22T01:56:14.716+0000][8][gc,heap     ] GC(60) Archive regions: 2->2
[2022-04-22T01:56:14.716+0000][8][gc,heap     ] GC(60) Humongous regions: 6->6
[2022-04-22T01:56:14.717+0000][8][gc,metaspace] GC(60) Metaspace: 105473K(106944K)->105473K(106944K) NonClass: 91155K(92032K)->91155K(92032K) Class: 14317K(14912K)->14317K(14912K)
[2022-04-22T01:56:14.718+0000][8][gc          ] GC(60) Pause Young (Normal) (G1 Evacuation Pause) 403M->140M(512M) 25.484ms
[2022-04-22T01:56:14.718+0000][8][gc,cpu      ] GC(60) User=0.01s Sys=0.00s Real=0.03s
[2022-04-22T01:56:14.719+0000][8][safepoint   ] Safepoint "G1CollectForAllocation", Time since last: 2727043793 ns, Reaching safepoint: 134792 ns, At safepoint: 26665958 ns, Total: 26800750 ns
[2022-04-22T01:56:17.115+0000][8][gc,start    ] GC(61) Pause Young (Normal) (G1 Evacuation Pause)
[2022-04-22T01:56:17.116+0000][8][gc,task     ] GC(61) Using 5 workers of 5 for evacuation
[2022-04-22T01:56:17.116+0000][8][gc,age      ] GC(61) Desired survivor size 18874368 bytes, new threshold 15 (max threshold 15)
[2022-04-22T01:56:17.121+0000][8][gc,age      ] GC(61) Age table with threshold 15 (max threshold 15)
[2022-04-22T01:56:17.122+0000][8][gc,age      ] GC(61) - age   1:    4319480 bytes,    4319480 total
[2022-04-22T01:56:17.123+0000][8][gc,age      ] GC(61) - age   2:    1191376 bytes,    5510856 total
[2022-04-22T01:56:17.124+0000][8][gc,age      ] GC(61) - age   3:    1281592 bytes,    6792448 total
[2022-04-22T01:56:17.124+0000][8][gc,age      ] GC(61) - age   4:    1135576 bytes,    7928024 total
[2022-04-22T01:56:17.125+0000][8][gc,age      ] GC(61) - age   5:    1106120 bytes,    9034144 total
[2022-04-22T01:56:17.126+0000][8][gc,age      ] GC(61) - age   6:    1077296 bytes,   10111440 total
[2022-04-22T01:56:17.127+0000][8][gc,age      ] GC(61) - age   7:    1084296 bytes,   11195736 total
[2022-04-22T01:56:17.127+0000][8][gc,age      ] GC(61) - age   8:    1103888 bytes,   12299624 total
[2022-04-22T01:56:17.128+0000][8][gc,age      ] GC(61) - age   9:    1188896 bytes,   13488520 total
[2022-04-22T01:56:17.128+0000][8][gc,age      ] GC(61) - age  10:    1069200 bytes,   14557720 total
[2022-04-22T01:56:17.130+0000][8][gc,age      ] GC(61) - age  11:    1452616 bytes,   16010336 total
[2022-04-22T01:56:17.131+0000][8][gc,age      ] GC(61) - age  12:    1707328 bytes,   17717664 total
[2022-04-22T01:56:17.131+0000][8][gc,age      ] GC(61) - age  13:     491040 bytes,   18208704 total
[2022-04-22T01:56:17.132+0000][8][gc,age      ] GC(61) - age  14:     311536 bytes,   18520240 total
[2022-04-22T01:56:17.132+0000][8][gc,age      ] GC(61) - age  15:     396504 bytes,   18916744 total
[2022-04-22T01:56:17.133+0000][8][gc,phases   ] GC(61)   Pre Evacuate Collection Set: 0.1ms
[2022-04-22T01:56:17.134+0000][8][gc,phases   ] GC(61)   Merge Heap Roots: 0.3ms
[2022-04-22T01:56:17.134+0000][8][gc,phases   ] GC(61)   Evacuate Collection Set: 2.7ms
[2022-04-22T01:56:17.135+0000][8][gc,phases   ] GC(61)   Post Evacuate Collection Set: 0.9ms
[2022-04-22T01:56:17.136+0000][8][gc,phases   ] GC(61)   Other: 14.4ms
[2022-04-22T01:56:17.136+0000][8][gc,heap     ] GC(61) Eden regions: 66->0(66)
[2022-04-22T01:56:17.137+0000][8][gc,heap     ] GC(61) Survivor regions: 5->5(9)
[2022-04-22T01:56:17.138+0000][8][gc,heap     ] GC(61) Old regions: 24->24
[2022-04-22T01:56:17.138+0000][8][gc,heap     ] GC(61) Archive regions: 2->2
[2022-04-22T01:56:17.139+0000][8][gc,heap     ] GC(61) Humongous regions: 6->6
[2022-04-22T01:56:17.139+0000][8][gc,metaspace] GC(61) Metaspace: 105477K(106944K)->105477K(106944K) NonClass: 91159K(92032K)->91159K(92032K) Class: 14317K(14912K)->14317K(14912K)
[2022-04-22T01:56:17.140+0000][8][gc          ] GC(61) Pause Young (Normal) (G1 Evacuation Pause) 404M->143M(512M) 25.604ms
[2022-04-22T01:56:17.141+0000][8][gc,cpu      ] GC(61) User=0.01s Sys=0.01s Real=0.02s
[2022-04-22T01:56:17.142+0000][8][safepoint   ] Safepoint "G1CollectForAllocation", Time since last: 2395618085 ns, Reaching safepoint: 136125 ns, At safepoint: 26954375 ns, Total: 27090500 ns
[2022-04-22T01:56:18.143+0000][8][safepoint   ] Safepoint "Cleanup", Time since last: 1000776625 ns, Reaching safepoint: 358250 ns, At safepoint: 11709 ns, Total: 369959 ns
[2022-04-22T01:56:18.929+0000][8][gc,start    ] GC(62) Pause Young (Normal) (G1 Evacuation Pause)
[2022-04-22T01:56:18.930+0000][8][gc,task     ] GC(62) Using 5 workers of 5 for evacuation
[2022-04-22T01:56:18.930+0000][8][gc,age      ] GC(62) Desired survivor size 18874368 bytes, new threshold 15 (max threshold 15)
[2022-04-22T01:56:18.935+0000][8][gc,age      ] GC(62) Age table with threshold 15 (max threshold 15)
[2022-04-22T01:56:18.936+0000][8][gc,age      ] GC(62) - age   1:    1340176 bytes,    1340176 total
[2022-04-22T01:56:18.937+0000][8][gc,age      ] GC(62) - age   2:    4243264 bytes,    5583440 total
[2022-04-22T01:56:18.938+0000][8][gc,age      ] GC(62) - age   3:    1099344 bytes,    6682784 total
[2022-04-22T01:56:18.939+0000][8][gc,age      ] GC(62) - age   4:    1275592 bytes,    7958376 total
[2022-04-22T01:56:18.939+0000][8][gc,age      ] GC(62) - age   5:    1128184 bytes,    9086560 total
[2022-04-22T01:56:18.940+0000][8][gc,age      ] GC(62) - age   6:    1093856 bytes,   10180416 total
[2022-04-22T01:56:18.941+0000][8][gc,age      ] GC(62) - age   7:    1060832 bytes,   11241248 total
[2022-04-22T01:56:18.942+0000][8][gc,age      ] GC(62) - age   8:    1075056 bytes,   12316304 total
[2022-04-22T01:56:18.942+0000][8][gc,age      ] GC(62) - age   9:    1099856 bytes,   13416160 total
[2022-04-22T01:56:18.943+0000][8][gc,age      ] GC(62) - age  10:    1184024 bytes,   14600184 total
[2022-04-22T01:56:18.944+0000][8][gc,age      ] GC(62) - age  11:    1068640 bytes,   15668824 total
[2022-04-22T01:56:18.944+0000][8][gc,age      ] GC(62) - age  12:    1445504 bytes,   17114328 total
[2022-04-22T01:56:18.945+0000][8][gc,age      ] GC(62) - age  13:    1700944 bytes,   18815272 total
[2022-04-22T01:56:18.946+0000][8][gc,age      ] GC(62) - age  14:     487680 bytes,   19302952 total
[2022-04-22T01:56:18.947+0000][8][gc,age      ] GC(62) - age  15:     308344 bytes,   19611296 total
[2022-04-22T01:56:18.947+0000][8][gc,phases   ] GC(62)   Pre Evacuate Collection Set: 0.1ms
[2022-04-22T01:56:18.948+0000][8][gc,phases   ] GC(62)   Merge Heap Roots: 0.1ms
[2022-04-22T01:56:18.949+0000][8][gc,phases   ] GC(62)   Evacuate Collection Set: 2.6ms
[2022-04-22T01:56:18.950+0000][8][gc,phases   ] GC(62)   Post Evacuate Collection Set: 1.1ms
[2022-04-22T01:56:18.951+0000][8][gc,phases   ] GC(62)   Other: 14.7ms
[2022-04-22T01:56:18.952+0000][8][gc,heap     ] GC(62) Eden regions: 66->0(66)
[2022-04-22T01:56:18.953+0000][8][gc,heap     ] GC(62) Survivor regions: 5->5(9)
[2022-04-22T01:56:18.953+0000][8][gc,heap     ] GC(62) Old regions: 24->24
[2022-04-22T01:56:18.954+0000][8][gc,heap     ] GC(62) Archive regions: 2->2
[2022-04-22T01:56:18.955+0000][8][gc,heap     ] GC(62) Humongous regions: 6->6
[2022-04-22T01:56:18.955+0000][8][gc,metaspace] GC(62) Metaspace: 105478K(106944K)->105478K(106944K) NonClass: 91160K(92032K)->91160K(92032K) Class: 14317K(14912K)->14317K(14912K)
[2022-04-22T01:56:18.956+0000][8][gc          ] GC(62) Pause Young (Normal) (G1 Evacuation Pause) 407M->142M(512M) 26.962ms
[2022-04-22T01:56:18.957+0000][8][gc,cpu      ] GC(62) User=0.02s Sys=0.01s Real=0.03s
[2022-04-22T01:56:18.958+0000][8][safepoint   ] Safepoint "G1CollectForAllocation", Time since last: 786015208 ns, Reaching safepoint: 234042 ns, At safepoint: 29188917 ns, Total: 29422959 ns
[2022-04-22T01:56:20.571+0000][8][gc,start    ] GC(63) Pause Young (Normal) (G1 Evacuation Pause)
[2022-04-22T01:56:20.572+0000][8][gc,task     ] GC(63) Using 5 workers of 5 for evacuation
[2022-04-22T01:56:20.574+0000][8][gc,age      ] GC(63) Desired survivor size 18874368 bytes, new threshold 14 (max threshold 15)
[2022-04-22T01:56:20.579+0000][8][gc,age      ] GC(63) Age table with threshold 14 (max threshold 15)
[2022-04-22T01:56:20.580+0000][8][gc,age      ] GC(63) - age   1:    4989224 bytes,    4989224 total
[2022-04-22T01:56:20.581+0000][8][gc,age      ] GC(63) - age   2:    1106488 bytes,    6095712 total
[2022-04-22T01:56:20.582+0000][8][gc,age      ] GC(63) - age   3:    2154312 bytes,    8250024 total
[2022-04-22T01:56:20.582+0000][8][gc,age      ] GC(63) - age   4:     973024 bytes,    9223048 total
[2022-04-22T01:56:20.583+0000][8][gc,age      ] GC(63) - age   5:    1151704 bytes,   10374752 total
[2022-04-22T01:56:20.584+0000][8][gc,age      ] GC(63) - age   6:    1120792 bytes,   11495544 total
[2022-04-22T01:56:20.585+0000][8][gc,age      ] GC(63) - age   7:    1087920 bytes,   12583464 total
[2022-04-22T01:56:20.586+0000][8][gc,age      ] GC(63) - age   8:    1049576 bytes,   13633040 total
[2022-04-22T01:56:20.586+0000][8][gc,age      ] GC(63) - age   9:    1070072 bytes,   14703112 total
[2022-04-22T01:56:20.587+0000][8][gc,age      ] GC(63) - age  10:    1094112 bytes,   15797224 total
[2022-04-22T01:56:20.588+0000][8][gc,age      ] GC(63) - age  11:    1180664 bytes,   16977888 total
[2022-04-22T01:56:20.589+0000][8][gc,age      ] GC(63) - age  12:    1065280 bytes,   18043168 total
[2022-04-22T01:56:20.589+0000][8][gc,age      ] GC(63) - age  13:    1443824 bytes,   19486992 total
[2022-04-22T01:56:20.591+0000][8][gc,age      ] GC(63) - age  14:    1699152 bytes,   21186144 total
[2022-04-22T01:56:20.591+0000][8][gc,phases   ] GC(63)   Pre Evacuate Collection Set: 0.4ms
[2022-04-22T01:56:20.592+0000][8][gc,phases   ] GC(63)   Merge Heap Roots: 0.2ms
[2022-04-22T01:56:20.593+0000][8][gc,phases   ] GC(63)   Evacuate Collection Set: 2.6ms
[2022-04-22T01:56:20.593+0000][8][gc,phases   ] GC(63)   Post Evacuate Collection Set: 0.9ms
[2022-04-22T01:56:20.594+0000][8][gc,phases   ] GC(63)   Other: 16.3ms
[2022-04-22T01:56:20.595+0000][8][gc,heap     ] GC(63) Eden regions: 66->0(63)
[2022-04-22T01:56:20.595+0000][8][gc,heap     ] GC(63) Survivor regions: 5->6(9)
[2022-04-22T01:56:20.596+0000][8][gc,heap     ] GC(63) Old regions: 24->25
[2022-04-22T01:56:20.596+0000][8][gc,heap     ] GC(63) Archive regions: 2->2
[2022-04-22T01:56:20.597+0000][8][gc,heap     ] GC(63) Humongous regions: 6->6
[2022-04-22T01:56:20.597+0000][8][gc,metaspace] GC(63) Metaspace: 105482K(106944K)->105482K(106944K) NonClass: 91164K(92032K)->91164K(92032K) Class: 14317K(14912K)->14317K(14912K)
[2022-04-22T01:56:20.598+0000][8][gc          ] GC(63) Pause Young (Normal) (G1 Evacuation Pause) 406M->145M(512M) 27.079ms
[2022-04-22T01:56:20.599+0000][8][gc,cpu      ] GC(63) User=0.01s Sys=0.00s Real=0.03s
[2022-04-22T01:56:20.599+0000][8][safepoint   ] Safepoint "G1CollectForAllocation", Time since last: 1612649250 ns, Reaching safepoint: 161000 ns, At safepoint: 28372417 ns, Total: 28533417 ns
[2022-04-22T01:56:21.600+0000][8][safepoint   ] Safepoint "Cleanup", Time since last: 1000820834 ns, Reaching safepoint: 169916 ns, At safepoint: 15959 ns, Total: 185875 ns
[2022-04-22T01:56:22.308+0000][8][gc,start    ] GC(64) Pause Young (Normal) (G1 Evacuation Pause)
[2022-04-22T01:56:22.309+0000][8][gc,task     ] GC(64) Using 5 workers of 5 for evacuation
[2022-04-22T01:56:22.310+0000][8][gc,age      ] GC(64) Desired survivor size 18874368 bytes, new threshold 13 (max threshold 15)
[2022-04-22T01:56:22.314+0000][8][gc,age      ] GC(64) Age table with threshold 13 (max threshold 15)
[2022-04-22T01:56:22.315+0000][8][gc,age      ] GC(64) - age   1:    1124464 bytes,    1124464 total
[2022-04-22T01:56:22.316+0000][8][gc,age      ] GC(64) - age   2:    3804944 bytes,    4929408 total
[2022-04-22T01:56:22.317+0000][8][gc,age      ] GC(64) - age   3:    1106488 bytes,    6035896 total
[2022-04-22T01:56:22.318+0000][8][gc,age      ] GC(64) - age   4:    2019192 bytes,    8055088 total
[2022-04-22T01:56:22.318+0000][8][gc,age      ] GC(64) - age   5:     971424 bytes,    9026512 total
[2022-04-22T01:56:22.319+0000][8][gc,age      ] GC(64) - age   6:    1150696 bytes,   10177208 total
[2022-04-22T01:56:22.320+0000][8][gc,age      ] GC(64) - age   7:    1120008 bytes,   11297216 total
[2022-04-22T01:56:22.321+0000][8][gc,age      ] GC(64) - age   8:    1085904 bytes,   12383120 total
[2022-04-22T01:56:22.321+0000][8][gc,age      ] GC(64) - age   9:    1046664 bytes,   13429784 total
[2022-04-22T01:56:22.322+0000][8][gc,age      ] GC(64) - age  10:    1067272 bytes,   14497056 total
[2022-04-22T01:56:22.323+0000][8][gc,age      ] GC(64) - age  11:    1088848 bytes,   15585904 total
[2022-04-22T01:56:22.323+0000][8][gc,age      ] GC(64) - age  12:    1179096 bytes,   16765000 total
[2022-04-22T01:56:22.324+0000][8][gc,age      ] GC(64) - age  13:    1065280 bytes,   17830280 total
[2022-04-22T01:56:22.324+0000][8][gc,phases   ] GC(64)   Pre Evacuate Collection Set: 0.5ms
[2022-04-22T01:56:22.325+0000][8][gc,phases   ] GC(64)   Merge Heap Roots: 0.1ms
[2022-04-22T01:56:22.325+0000][8][gc,phases   ] GC(64)   Evacuate Collection Set: 2.2ms
[2022-04-22T01:56:22.326+0000][8][gc,phases   ] GC(64)   Post Evacuate Collection Set: 0.8ms
[2022-04-22T01:56:22.327+0000][8][gc,phases   ] GC(64)   Other: 12.5ms
[2022-04-22T01:56:22.327+0000][8][gc,heap     ] GC(64) Eden regions: 63->0(65)
[2022-04-22T01:56:22.328+0000][8][gc,heap     ] GC(64) Survivor regions: 6->5(9)
[2022-04-22T01:56:22.329+0000][8][gc,heap     ] GC(64) Old regions: 25->25
[2022-04-22T01:56:22.329+0000][8][gc,heap     ] GC(64) Archive regions: 2->2
[2022-04-22T01:56:22.330+0000][8][gc,heap     ] GC(64) Humongous regions: 6->6
[2022-04-22T01:56:22.331+0000][8][gc,metaspace] GC(64) Metaspace: 105482K(106944K)->105482K(106944K) NonClass: 91164K(92032K)->91164K(92032K) Class: 14317K(14912K)->14317K(14912K)
[2022-04-22T01:56:22.332+0000][8][gc          ] GC(64) Pause Young (Normal) (G1 Evacuation Pause) 397M->145M(512M) 23.156ms
[2022-04-22T01:56:22.332+0000][8][gc,cpu      ] GC(64) User=0.01s Sys=0.01s Real=0.02s
[2022-04-22T01:56:22.333+0000][8][safepoint   ] Safepoint "G1CollectForAllocation", Time since last: 707919333 ns, Reaching safepoint: 27792 ns, At safepoint: 24252708 ns, Total: 24280500 ns
[2022-04-22T01:56:24.630+0000][8][gc,start    ] GC(65) Pause Young (Normal) (G1 Evacuation Pause)
[2022-04-22T01:56:24.631+0000][8][gc,task     ] GC(65) Using 5 workers of 5 for evacuation
[2022-04-22T01:56:24.632+0000][8][gc,age      ] GC(65) Desired survivor size 18874368 bytes, new threshold 15 (max threshold 15)
[2022-04-22T01:56:24.636+0000][8][gc,age      ] GC(65) Age table with threshold 15 (max threshold 15)
[2022-04-22T01:56:24.637+0000][8][gc,age      ] GC(65) - age   1:    1212640 bytes,    1212640 total
[2022-04-22T01:56:24.637+0000][8][gc,age      ] GC(65) - age   2:    1095176 bytes,    2307816 total
[2022-04-22T01:56:24.638+0000][8][gc,age      ] GC(65) - age   3:    3801752 bytes,    6109568 total
[2022-04-22T01:56:24.638+0000][8][gc,age      ] GC(65) - age   4:    1105296 bytes,    7214864 total
[2022-04-22T01:56:24.639+0000][8][gc,age      ] GC(65) - age   5:    2016520 bytes,    9231384 total
[2022-04-22T01:56:24.639+0000][8][gc,age      ] GC(65) - age   6:     971424 bytes,   10202808 total
[2022-04-22T01:56:24.640+0000][8][gc,age      ] GC(65) - age   7:    1147632 bytes,   11350440 total
[2022-04-22T01:56:24.641+0000][8][gc,age      ] GC(65) - age   8:    1117096 bytes,   12467536 total
[2022-04-22T01:56:24.641+0000][8][gc,age      ] GC(65) - age   9:    1080584 bytes,   13548120 total
[2022-04-22T01:56:24.643+0000][8][gc,age      ] GC(65) - age  10:    1035240 bytes,   14583360 total
[2022-04-22T01:56:24.643+0000][8][gc,age      ] GC(65) - age  11:    1062232 bytes,   15645592 total
[2022-04-22T01:56:24.644+0000][8][gc,age      ] GC(65) - age  12:    1088848 bytes,   16734440 total
[2022-04-22T01:56:24.644+0000][8][gc,age      ] GC(65) - age  13:    1179096 bytes,   17913536 total
[2022-04-22T01:56:24.645+0000][8][gc,age      ] GC(65) - age  14:    1062200 bytes,   18975736 total
[2022-04-22T01:56:24.645+0000][8][gc,phases   ] GC(65)   Pre Evacuate Collection Set: 0.1ms
[2022-04-22T01:56:24.646+0000][8][gc,phases   ] GC(65)   Merge Heap Roots: 0.0ms
[2022-04-22T01:56:24.647+0000][8][gc,phases   ] GC(65)   Evacuate Collection Set: 2.3ms
[2022-04-22T01:56:24.648+0000][8][gc,phases   ] GC(65)   Post Evacuate Collection Set: 0.9ms
[2022-04-22T01:56:24.649+0000][8][gc,phases   ] GC(65)   Other: 11.9ms
[2022-04-22T01:56:24.649+0000][8][gc,heap     ] GC(65) Eden regions: 65->0(65)
[2022-04-22T01:56:24.650+0000][8][gc,heap     ] GC(65) Survivor regions: 5->5(9)
[2022-04-22T01:56:24.650+0000][8][gc,heap     ] GC(65) Old regions: 25->25
[2022-04-22T01:56:24.651+0000][8][gc,heap     ] GC(65) Archive regions: 2->2
[2022-04-22T01:56:24.652+0000][8][gc,heap     ] GC(65) Humongous regions: 6->6
[2022-04-22T01:56:24.653+0000][8][gc,metaspace] GC(65) Metaspace: 105482K(106944K)->105482K(106944K) NonClass: 91164K(92032K)->91164K(92032K) Class: 14317K(14912K)->14317K(14912K)
[2022-04-22T01:56:24.653+0000][8][gc          ] GC(65) Pause Young (Normal) (G1 Evacuation Pause) 405M->146M(512M) 23.002ms
[2022-04-22T01:56:24.654+0000][8][gc,cpu      ] GC(65) User=0.01s Sys=0.00s Real=0.03s
[2022-04-22T01:56:24.655+0000][8][safepoint   ] Safepoint "G1CollectForAllocation", Time since last: 2297547543 ns, Reaching safepoint: 159333 ns, At safepoint: 24281250 ns, Total: 24440583 ns
[2022-04-22T01:56:26.833+0000][8][gc,start    ] GC(66) Pause Young (Normal) (G1 Evacuation Pause)
[2022-04-22T01:56:26.834+0000][8][gc,task     ] GC(66) Using 5 workers of 5 for evacuation
[2022-04-22T01:56:26.835+0000][8][gc,age      ] GC(66) Desired survivor size 18874368 bytes, new threshold 14 (max threshold 15)
[2022-04-22T01:56:26.839+0000][8][gc,age      ] GC(66) Age table with threshold 14 (max threshold 15)
[2022-04-22T01:56:26.840+0000][8][gc,age      ] GC(66) - age   1:    3968816 bytes,    3968816 total
[2022-04-22T01:56:26.841+0000][8][gc,age      ] GC(66) - age   2:    1117416 bytes,    5086232 total
[2022-04-22T01:56:26.841+0000][8][gc,age      ] GC(66) - age   3:    1094736 bytes,    6180968 total
[2022-04-22T01:56:26.842+0000][8][gc,age      ] GC(66) - age   4:    1455624 bytes,    7636592 total
[2022-04-22T01:56:26.843+0000][8][gc,age      ] GC(66) - age   5:    1006024 bytes,    8642616 total
[2022-04-22T01:56:26.843+0000][8][gc,age      ] GC(66) - age   6:    2015664 bytes,   10658280 total
[2022-04-22T01:56:26.844+0000][8][gc,age      ] GC(66) - age   7:     971424 bytes,   11629704 total
[2022-04-22T01:56:26.844+0000][8][gc,age      ] GC(66) - age   8:    1146624 bytes,   12776328 total
[2022-04-22T01:56:26.845+0000][8][gc,age      ] GC(66) - age   9:    1114520 bytes,   13890848 total
[2022-04-22T01:56:26.845+0000][8][gc,age      ] GC(66) - age  10:    1080024 bytes,   14970872 total
[2022-04-22T01:56:26.846+0000][8][gc,age      ] GC(66) - age  11:    1027960 bytes,   15998832 total
[2022-04-22T01:56:26.846+0000][8][gc,age      ] GC(66) - age  12:    1060328 bytes,   17059160 total
[2022-04-22T01:56:26.847+0000][8][gc,age      ] GC(66) - age  13:    1087840 bytes,   18147000 total
[2022-04-22T01:56:26.848+0000][8][gc,age      ] GC(66) - age  14:    1175904 bytes,   19322904 total
[2022-04-22T01:56:26.848+0000][8][gc,phases   ] GC(66)   Pre Evacuate Collection Set: 0.2ms
[2022-04-22T01:56:26.862+0000][8][gc,phases   ] GC(66)   Merge Heap Roots: 0.3ms
[2022-04-22T01:56:26.864+0000][8][gc,phases   ] GC(66)   Evacuate Collection Set: 2.2ms
[2022-04-22T01:56:26.865+0000][8][gc,phases   ] GC(66)   Post Evacuate Collection Set: 0.8ms
[2022-04-22T01:56:26.866+0000][8][gc,phases   ] GC(66)   Other: 11.8ms
[2022-04-22T01:56:26.866+0000][8][gc,heap     ] GC(66) Eden regions: 65->0(64)
[2022-04-22T01:56:26.867+0000][8][gc,heap     ] GC(66) Survivor regions: 5->5(9)
[2022-04-22T01:56:26.868+0000][8][gc,heap     ] GC(66) Old regions: 25->26
[2022-04-22T01:56:26.868+0000][8][gc,heap     ] GC(66) Archive regions: 2->2
[2022-04-22T01:56:26.869+0000][8][gc,heap     ] GC(66) Humongous regions: 6->6
[2022-04-22T01:56:26.870+0000][8][gc,metaspace] GC(66) Metaspace: 105482K(106944K)->105482K(106944K) NonClass: 91164K(92032K)->91164K(92032K) Class: 14317K(14912K)->14317K(14912K)
[2022-04-22T01:56:26.870+0000][8][gc          ] GC(66) Pause Young (Normal) (G1 Evacuation Pause) 406M->147M(512M) 37.175ms
[2022-04-22T01:56:26.871+0000][8][gc,cpu      ] GC(66) User=0.01s Sys=0.01s Real=0.03s
[2022-04-22T01:56:26.871+0000][8][safepoint   ] Safepoint "G1CollectForAllocation", Time since last: 2178143501 ns, Reaching safepoint: 351167 ns, At safepoint: 38166708 ns, Total: 38517875 ns
[2022-04-22T01:56:28.721+0000][8][gc,start    ] GC(67) Pause Young (Normal) (G1 Evacuation Pause)
[2022-04-22T01:56:28.722+0000][8][gc,task     ] GC(67) Using 5 workers of 5 for evacuation
[2022-04-22T01:56:28.723+0000][8][gc,age      ] GC(67) Desired survivor size 18874368 bytes, new threshold 14 (max threshold 15)
[2022-04-22T01:56:28.726+0000][8][gc,age      ] GC(67) Age table with threshold 14 (max threshold 15)
[2022-04-22T01:56:28.727+0000][8][gc,age      ] GC(67) - age   1:    1042304 bytes,    1042304 total
[2022-04-22T01:56:28.728+0000][8][gc,age      ] GC(67) - age   2:    3784080 bytes,    4826384 total
[2022-04-22T01:56:28.729+0000][8][gc,age      ] GC(67) - age   3:    1116224 bytes,    5942608 total
[2022-04-22T01:56:28.730+0000][8][gc,age      ] GC(67) - age   4:    1093728 bytes,    7036336 total
[2022-04-22T01:56:28.731+0000][8][gc,age      ] GC(67) - age   5:    1455592 bytes,    8491928 total
[2022-04-22T01:56:28.731+0000][8][gc,age      ] GC(67) - age   6:    1004456 bytes,    9496384 total
[2022-04-22T01:56:28.733+0000][8][gc,age      ] GC(67) - age   7:    2011520 bytes,   11507904 total
[2022-04-22T01:56:28.733+0000][8][gc,age      ] GC(67) - age   8:     970248 bytes,   12478152 total
[2022-04-22T01:56:28.734+0000][8][gc,age      ] GC(67) - age   9:    1144160 bytes,   13622312 total
[2022-04-22T01:56:28.735+0000][8][gc,age      ] GC(67) - age  10:    1113736 bytes,   14736048 total
[2022-04-22T01:56:28.735+0000][8][gc,age      ] GC(67) - age  11:    1075040 bytes,   15811088 total
[2022-04-22T01:56:28.736+0000][8][gc,age      ] GC(67) - age  12:    1025272 bytes,   16836360 total
[2022-04-22T01:56:28.736+0000][8][gc,age      ] GC(67) - age  13:    1056296 bytes,   17892656 total
[2022-04-22T01:56:28.737+0000][8][gc,age      ] GC(67) - age  14:    1080616 bytes,   18973272 total
[2022-04-22T01:56:28.738+0000][8][gc,phases   ] GC(67)   Pre Evacuate Collection Set: 0.0ms
[2022-04-22T01:56:28.738+0000][8][gc,phases   ] GC(67)   Merge Heap Roots: 0.1ms
[2022-04-22T01:56:28.739+0000][8][gc,phases   ] GC(67)   Evacuate Collection Set: 2.1ms
[2022-04-22T01:56:28.740+0000][8][gc,phases   ] GC(67)   Post Evacuate Collection Set: 0.8ms
[2022-04-22T01:56:28.740+0000][8][gc,phases   ] GC(67)   Other: 13.9ms
[2022-04-22T01:56:28.741+0000][8][gc,heap     ] GC(67) Eden regions: 64->0(64)
[2022-04-22T01:56:28.742+0000][8][gc,heap     ] GC(67) Survivor regions: 5->5(9)
[2022-04-22T01:56:28.742+0000][8][gc,heap     ] GC(67) Old regions: 26->26
[2022-04-22T01:56:28.743+0000][8][gc,heap     ] GC(67) Archive regions: 2->2
[2022-04-22T01:56:28.743+0000][8][gc,heap     ] GC(67) Humongous regions: 6->6
[2022-04-22T01:56:28.744+0000][8][gc,metaspace] GC(67) Metaspace: 105482K(106944K)->105482K(106944K) NonClass: 91164K(92032K)->91164K(92032K) Class: 14317K(14912K)->14317K(14912K)
[2022-04-22T01:56:28.745+0000][8][gc          ] GC(67) Pause Young (Normal) (G1 Evacuation Pause) 403M->148M(512M) 24.177ms
[2022-04-22T01:56:28.746+0000][8][gc,cpu      ] GC(67) User=0.01s Sys=0.00s Real=0.03s
[2022-04-22T01:56:28.746+0000][8][safepoint   ] Safepoint "G1CollectForAllocation", Time since last: 1849435835 ns, Reaching safepoint: 112541 ns, At safepoint: 25459250 ns, Total: 25571791 ns
[2022-04-22T01:56:31.314+0000][8][gc,start    ] GC(68) Pause Young (Normal) (G1 Evacuation Pause)
[2022-04-22T01:56:31.315+0000][8][gc,task     ] GC(68) Using 5 workers of 5 for evacuation
[2022-04-22T01:56:31.316+0000][8][gc,age      ] GC(68) Desired survivor size 18874368 bytes, new threshold 14 (max threshold 15)
[2022-04-22T01:56:31.319+0000][8][gc,age      ] GC(68) Age table with threshold 14 (max threshold 15)
[2022-04-22T01:56:31.320+0000][8][gc,age      ] GC(68) - age   1:    4086768 bytes,    4086768 total
[2022-04-22T01:56:31.321+0000][8][gc,age      ] GC(68) - age   2:    1010296 bytes,    5097064 total
[2022-04-22T01:56:31.321+0000][8][gc,age      ] GC(68) - age   3:    1138520 bytes,    6235584 total
[2022-04-22T01:56:31.322+0000][8][gc,age      ] GC(68) - age   4:    1115152 bytes,    7350736 total
[2022-04-22T01:56:31.323+0000][8][gc,age      ] GC(68) - age   5:     943312 bytes,    8294048 total
[2022-04-22T01:56:31.323+0000][8][gc,age      ] GC(68) - age   6:    1314704 bytes,    9608752 total
[2022-04-22T01:56:31.324+0000][8][gc,age      ] GC(68) - age   7:     999832 bytes,   10608584 total
[2022-04-22T01:56:31.324+0000][8][gc,age      ] GC(68) - age   8:    2009728 bytes,   12618312 total
[2022-04-22T01:56:31.325+0000][8][gc,age      ] GC(68) - age   9:     966552 bytes,   13584864 total
[2022-04-22T01:56:31.326+0000][8][gc,age      ] GC(68) - age  10:    1143152 bytes,   14728016 total
[2022-04-22T01:56:31.326+0000][8][gc,age      ] GC(68) - age  11:    1112168 bytes,   15840184 total
[2022-04-22T01:56:31.327+0000][8][gc,age      ] GC(68) - age  12:    1069832 bytes,   16910016 total
[2022-04-22T01:56:31.328+0000][8][gc,age      ] GC(68) - age  13:    1015304 bytes,   17925320 total
[2022-04-22T01:56:31.328+0000][8][gc,age      ] GC(68) - age  14:    1050472 bytes,   18975792 total
[2022-04-22T01:56:31.329+0000][8][gc,phases   ] GC(68)   Pre Evacuate Collection Set: 0.0ms
[2022-04-22T01:56:31.330+0000][8][gc,phases   ] GC(68)   Merge Heap Roots: 0.1ms
[2022-04-22T01:56:31.330+0000][8][gc,phases   ] GC(68)   Evacuate Collection Set: 1.7ms
[2022-04-22T01:56:31.331+0000][8][gc,phases   ] GC(68)   Post Evacuate Collection Set: 0.6ms
[2022-04-22T01:56:31.331+0000][8][gc,phases   ] GC(68)   Other: 12.1ms
[2022-04-22T01:56:31.332+0000][8][gc,heap     ] GC(68) Eden regions: 64->0(64)
[2022-04-22T01:56:31.333+0000][8][gc,heap     ] GC(68) Survivor regions: 5->5(9)
[2022-04-22T01:56:31.333+0000][8][gc,heap     ] GC(68) Old regions: 26->26
[2022-04-22T01:56:31.334+0000][8][gc,heap     ] GC(68) Archive regions: 2->2
[2022-04-22T01:56:31.334+0000][8][gc,heap     ] GC(68) Humongous regions: 6->6
[2022-04-22T01:56:31.335+0000][8][gc,metaspace] GC(68) Metaspace: 105482K(106944K)->105482K(106944K) NonClass: 91164K(92032K)->91164K(92032K) Class: 14317K(14912K)->14317K(14912K)
[2022-04-22T01:56:31.336+0000][8][gc          ] GC(68) Pause Young (Normal) (G1 Evacuation Pause) 404M->149M(512M) 21.392ms
[2022-04-22T01:56:31.336+0000][8][gc,cpu      ] GC(68) User=0.01s Sys=0.00s Real=0.02s
[2022-04-22T01:56:31.337+0000][8][safepoint   ] Safepoint "G1CollectForAllocation", Time since last: 2567654001 ns, Reaching safepoint: 181084 ns, At safepoint: 22783000 ns, Total: 22964084 ns
[2022-04-22T01:56:33.140+0000][8][gc,start    ] GC(69) Pause Young (Normal) (G1 Evacuation Pause)
[2022-04-22T01:56:33.141+0000][8][gc,task     ] GC(69) Using 5 workers of 5 for evacuation
[2022-04-22T01:56:33.142+0000][8][gc,age      ] GC(69) Desired survivor size 18874368 bytes, new threshold 14 (max threshold 15)
[2022-04-22T01:56:33.146+0000][8][gc,age      ] GC(69) Age table with threshold 14 (max threshold 15)
[2022-04-22T01:56:33.147+0000][8][gc,age      ] GC(69) - age   1:    1278904 bytes,    1278904 total
[2022-04-22T01:56:33.148+0000][8][gc,age      ] GC(69) - age   2:    4049544 bytes,    5328448 total
[2022-04-22T01:56:33.149+0000][8][gc,age      ] GC(69) - age   3:    1008280 bytes,    6336728 total
[2022-04-22T01:56:33.149+0000][8][gc,age      ] GC(69) - age   4:    1025816 bytes,    7362544 total
[2022-04-22T01:56:33.150+0000][8][gc,age      ] GC(69) - age   5:    1115120 bytes,    8477664 total
[2022-04-22T01:56:33.151+0000][8][gc,age      ] GC(69) - age   6:     943312 bytes,    9420976 total
[2022-04-22T01:56:33.152+0000][8][gc,age      ] GC(69) - age   7:    1313696 bytes,   10734672 total
[2022-04-22T01:56:33.152+0000][8][gc,age      ] GC(69) - age   8:     997760 bytes,   11732432 total
[2022-04-22T01:56:33.153+0000][8][gc,age      ] GC(69) - age   9:    2008720 bytes,   13741152 total
[2022-04-22T01:56:33.154+0000][8][gc,age      ] GC(69) - age  10:     965768 bytes,   14706920 total
[2022-04-22T01:56:33.155+0000][8][gc,age      ] GC(69) - age  11:    1124328 bytes,   15831248 total
[2022-04-22T01:56:33.156+0000][8][gc,age      ] GC(69) - age  12:    1111384 bytes,   16942632 total
[2022-04-22T01:56:33.156+0000][8][gc,age      ] GC(69) - age  13:    1067032 bytes,   18009664 total
[2022-04-22T01:56:33.157+0000][8][gc,age      ] GC(69) - age  14:    1013520 bytes,   19023184 total
[2022-04-22T01:56:33.158+0000][8][gc,phases   ] GC(69)   Pre Evacuate Collection Set: 0.0ms
[2022-04-22T01:56:33.158+0000][8][gc,phases   ] GC(69)   Merge Heap Roots: 0.1ms
[2022-04-22T01:56:33.159+0000][8][gc,phases   ] GC(69)   Evacuate Collection Set: 2.2ms
[2022-04-22T01:56:33.159+0000][8][gc,phases   ] GC(69)   Post Evacuate Collection Set: 0.7ms
[2022-04-22T01:56:33.160+0000][8][gc,phases   ] GC(69)   Other: 14.3ms
[2022-04-22T01:56:33.160+0000][8][gc,heap     ] GC(69) Eden regions: 64->0(64)
[2022-04-22T01:56:33.161+0000][8][gc,heap     ] GC(69) Survivor regions: 5->5(9)
[2022-04-22T01:56:33.162+0000][8][gc,heap     ] GC(69) Old regions: 26->26
[2022-04-22T01:56:33.163+0000][8][gc,heap     ] GC(69) Archive regions: 2->2
[2022-04-22T01:56:33.163+0000][8][gc,heap     ] GC(69) Humongous regions: 6->6
[2022-04-22T01:56:33.164+0000][8][gc,metaspace] GC(69) Metaspace: 105491K(107008K)->105491K(107008K) NonClass: 91173K(92096K)->91173K(92096K) Class: 14317K(14912K)->14317K(14912K)
[2022-04-22T01:56:33.165+0000][8][gc          ] GC(69) Pause Young (Normal) (G1 Evacuation Pause) 405M->150M(512M) 24.616ms
[2022-04-22T01:56:33.165+0000][8][gc,cpu      ] GC(69) User=0.01s Sys=0.00s Real=0.03s
[2022-04-22T01:56:33.166+0000][8][safepoint   ] Safepoint "G1CollectForAllocation", Time since last: 1803279084 ns, Reaching safepoint: 101458 ns, At safepoint: 25788334 ns, Total: 25889792 ns
[2022-04-22T01:56:35.071+0000][8][gc,start    ] GC(70) Pause Young (Normal) (G1 Evacuation Pause)
[2022-04-22T01:56:35.072+0000][8][gc,task     ] GC(70) Using 5 workers of 5 for evacuation
[2022-04-22T01:56:35.073+0000][8][gc,age      ] GC(70) Desired survivor size 18874368 bytes, new threshold 14 (max threshold 15)
[2022-04-22T01:56:35.077+0000][8][gc,age      ] GC(70) Age table with threshold 14 (max threshold 15)
[2022-04-22T01:56:35.078+0000][8][gc,age      ] GC(70) - age   1:    1107352 bytes,    1107352 total
[2022-04-22T01:56:35.079+0000][8][gc,age      ] GC(70) - age   2:    1249608 bytes,    2356960 total
[2022-04-22T01:56:35.080+0000][8][gc,age      ] GC(70) - age   3:    4045736 bytes,    6402696 total
[2022-04-22T01:56:35.080+0000][8][gc,age      ] GC(70) - age   4:    1005952 bytes,    7408648 total
[2022-04-22T01:56:35.081+0000][8][gc,age      ] GC(70) - age   5:    1023768 bytes,    8432416 total
[2022-04-22T01:56:35.082+0000][8][gc,age      ] GC(70) - age   6:    1113952 bytes,    9546368 total
[2022-04-22T01:56:35.082+0000][8][gc,age      ] GC(70) - age   7:     943312 bytes,   10489680 total
[2022-04-22T01:56:35.083+0000][8][gc,age      ] GC(70) - age   8:    1179608 bytes,   11669288 total
[2022-04-22T01:56:35.084+0000][8][gc,age      ] GC(70) - age   9:     995688 bytes,   12664976 total
[2022-04-22T01:56:35.085+0000][8][gc,age      ] GC(70) - age  10:    2006928 bytes,   14671904 total
[2022-04-22T01:56:35.085+0000][8][gc,age      ] GC(70) - age  11:     963416 bytes,   15635320 total
[2022-04-22T01:56:35.086+0000][8][gc,age      ] GC(70) - age  12:    1124328 bytes,   16759648 total
[2022-04-22T01:56:35.086+0000][8][gc,age      ] GC(70) - age  13:    1109928 bytes,   17869576 total
[2022-04-22T01:56:35.087+0000][8][gc,age      ] GC(70) - age  14:    1064048 bytes,   18933624 total
[2022-04-22T01:56:35.088+0000][8][gc,phases   ] GC(70)   Pre Evacuate Collection Set: 0.1ms
[2022-04-22T01:56:35.088+0000][8][gc,phases   ] GC(70)   Merge Heap Roots: 0.1ms
[2022-04-22T01:56:35.089+0000][8][gc,phases   ] GC(70)   Evacuate Collection Set: 2.1ms
[2022-04-22T01:56:35.090+0000][8][gc,phases   ] GC(70)   Post Evacuate Collection Set: 0.9ms
[2022-04-22T01:56:35.090+0000][8][gc,phases   ] GC(70)   Other: 13.5ms
[2022-04-22T01:56:35.091+0000][8][gc,heap     ] GC(70) Eden regions: 64->0(63)
[2022-04-22T01:56:35.091+0000][8][gc,heap     ] GC(70) Survivor regions: 5->5(9)
[2022-04-22T01:56:35.092+0000][8][gc,heap     ] GC(70) Old regions: 26->27
[2022-04-22T01:56:35.093+0000][8][gc,heap     ] GC(70) Archive regions: 2->2
[2022-04-22T01:56:35.093+0000][8][gc,heap     ] GC(70) Humongous regions: 6->6
[2022-04-22T01:56:35.094+0000][8][gc,metaspace] GC(70) Metaspace: 105493K(107008K)->105493K(107008K) NonClass: 91175K(92096K)->91175K(92096K) Class: 14317K(14912K)->14317K(14912K)
[2022-04-22T01:56:35.095+0000][8][gc          ] GC(70) Pause Young (Normal) (G1 Evacuation Pause) 406M->152M(512M) 23.456ms
[2022-04-22T01:56:35.095+0000][8][gc,cpu      ] GC(70) User=0.01s Sys=0.01s Real=0.03s
[2022-04-22T01:56:35.096+0000][8][safepoint   ] Safepoint "G1CollectForAllocation", Time since last: 1904835251 ns, Reaching safepoint: 116625 ns, At safepoint: 24952208 ns, Total: 25068833 ns
[2022-04-22T01:56:36.097+0000][8][safepoint   ] Safepoint "Cleanup", Time since last: 1000848584 ns, Reaching safepoint: 125375 ns, At safepoint: 4625 ns, Total: 130000 ns
[2022-04-22T01:56:36.842+0000][8][gc,start    ] GC(71) Pause Young (Normal) (G1 Evacuation Pause)
[2022-04-22T01:56:36.843+0000][8][gc,task     ] GC(71) Using 5 workers of 5 for evacuation
[2022-04-22T01:56:36.845+0000][8][gc,age      ] GC(71) Desired survivor size 18874368 bytes, new threshold 14 (max threshold 15)
[2022-04-22T01:56:36.849+0000][8][gc,age      ] GC(71) Age table with threshold 14 (max threshold 15)
[2022-04-22T01:56:36.850+0000][8][gc,age      ] GC(71) - age   1:     999552 bytes,     999552 total
[2022-04-22T01:56:36.851+0000][8][gc,age      ] GC(71) - age   2:    1064640 bytes,    2064192 total
[2022-04-22T01:56:36.852+0000][8][gc,age      ] GC(71) - age   3:    1249472 bytes,    3313664 total
[2022-04-22T01:56:36.852+0000][8][gc,age      ] GC(71) - age   4:    4045112 bytes,    7358776 total
[2022-04-22T01:56:36.853+0000][8][gc,age      ] GC(71) - age   5:    1005920 bytes,    8364696 total
[2022-04-22T01:56:36.853+0000][8][gc,age      ] GC(71) - age   6:    1021680 bytes,    9386376 total
[2022-04-22T01:56:36.854+0000][8][gc,age      ] GC(71) - age   7:    1113952 bytes,   10500328 total
[2022-04-22T01:56:36.855+0000][8][gc,age      ] GC(71) - age   8:     943312 bytes,   11443640 total
[2022-04-22T01:56:36.855+0000][8][gc,age      ] GC(71) - age   9:    1179608 bytes,   12623248 total
[2022-04-22T01:56:36.856+0000][8][gc,age      ] GC(71) - age  10:     994904 bytes,   13618152 total
[2022-04-22T01:56:36.856+0000][8][gc,age      ] GC(71) - age  11:    2003960 bytes,   15622112 total
[2022-04-22T01:56:36.857+0000][8][gc,age      ] GC(71) - age  12:     963416 bytes,   16585528 total
[2022-04-22T01:56:36.858+0000][8][gc,age      ] GC(71) - age  13:    1122424 bytes,   17707952 total
[2022-04-22T01:56:36.858+0000][8][gc,age      ] GC(71) - age  14:    1108248 bytes,   18816200 total
[2022-04-22T01:56:36.859+0000][8][gc,phases   ] GC(71)   Pre Evacuate Collection Set: 0.6ms
[2022-04-22T01:56:36.859+0000][8][gc,phases   ] GC(71)   Merge Heap Roots: 0.3ms
[2022-04-22T01:56:36.860+0000][8][gc,phases   ] GC(71)   Evacuate Collection Set: 1.9ms
[2022-04-22T01:56:36.861+0000][8][gc,phases   ] GC(71)   Post Evacuate Collection Set: 0.7ms
[2022-04-22T01:56:36.862+0000][8][gc,phases   ] GC(71)   Other: 13.1ms
[2022-04-22T01:56:36.862+0000][8][gc,heap     ] GC(71) Eden regions: 63->0(63)
[2022-04-22T01:56:36.863+0000][8][gc,heap     ] GC(71) Survivor regions: 5->5(9)
[2022-04-22T01:56:36.864+0000][8][gc,heap     ] GC(71) Old regions: 27->27
[2022-04-22T01:56:36.864+0000][8][gc,heap     ] GC(71) Archive regions: 2->2
[2022-04-22T01:56:36.865+0000][8][gc,heap     ] GC(71) Humongous regions: 6->6
[2022-04-22T01:56:36.866+0000][8][gc,metaspace] GC(71) Metaspace: 105494K(107008K)->105494K(107008K) NonClass: 91176K(92096K)->91176K(92096K) Class: 14317K(14912K)->14317K(14912K)
[2022-04-22T01:56:36.866+0000][8][gc          ] GC(71) Pause Young (Normal) (G1 Evacuation Pause) 404M->152M(512M) 23.790ms
[2022-04-22T01:56:36.867+0000][8][gc,cpu      ] GC(71) User=0.01s Sys=0.00s Real=0.03s
[2022-04-22T01:56:36.868+0000][8][safepoint   ] Safepoint "G1CollectForAllocation", Time since last: 745370375 ns, Reaching safepoint: 54542 ns, At safepoint: 25339541 ns, Total: 25394083 ns
[2022-04-22T01:56:38.796+0000][8][gc,start    ] GC(72) Pause Young (Normal) (G1 Evacuation Pause)
[2022-04-22T01:56:38.797+0000][8][gc,task     ] GC(72) Using 5 workers of 5 for evacuation
[2022-04-22T01:56:38.798+0000][8][gc,age      ] GC(72) Desired survivor size 18874368 bytes, new threshold 15 (max threshold 15)
[2022-04-22T01:56:38.801+0000][8][gc,age      ] GC(72) Age table with threshold 15 (max threshold 15)
[2022-04-22T01:56:38.802+0000][8][gc,age      ] GC(72) - age   1:    4637664 bytes,    4637664 total
[2022-04-22T01:56:38.803+0000][8][gc,age      ] GC(72) - age   2:     964752 bytes,    5602416 total
[2022-04-22T01:56:38.804+0000][8][gc,age      ] GC(72) - age   3:    1063496 bytes,    6665912 total
[2022-04-22T01:56:38.805+0000][8][gc,age      ] GC(72) - age   4:    1248424 bytes,    7914336 total
[2022-04-22T01:56:38.806+0000][8][gc,age      ] GC(72) - age   5:     750704 bytes,    8665040 total
[2022-04-22T01:56:38.806+0000][8][gc,age      ] GC(72) - age   6:    1005024 bytes,    9670064 total
[2022-04-22T01:56:38.807+0000][8][gc,age      ] GC(72) - age   7:    1019664 bytes,   10689728 total
[2022-04-22T01:56:38.808+0000][8][gc,age      ] GC(72) - age   8:    1113952 bytes,   11803680 total
[2022-04-22T01:56:38.809+0000][8][gc,age      ] GC(72) - age   9:     941128 bytes,   12744808 total
[2022-04-22T01:56:38.809+0000][8][gc,age      ] GC(72) - age  10:    1178600 bytes,   13923408 total
[2022-04-22T01:56:38.810+0000][8][gc,age      ] GC(72) - age  11:     993896 bytes,   14917304 total
[2022-04-22T01:56:38.811+0000][8][gc,age      ] GC(72) - age  12:    2000936 bytes,   16918240 total
[2022-04-22T01:56:38.811+0000][8][gc,age      ] GC(72) - age  13:     960616 bytes,   17878856 total
[2022-04-22T01:56:38.812+0000][8][gc,age      ] GC(72) - age  14:    1121640 bytes,   19000496 total
[2022-04-22T01:56:38.813+0000][8][gc,age      ] GC(72) - age  15:    1101936 bytes,   20102432 total
[2022-04-22T01:56:38.814+0000][8][gc,phases   ] GC(72)   Pre Evacuate Collection Set: 0.1ms
[2022-04-22T01:56:38.814+0000][8][gc,phases   ] GC(72)   Merge Heap Roots: 0.1ms
[2022-04-22T01:56:38.815+0000][8][gc,phases   ] GC(72)   Evacuate Collection Set: 1.8ms
[2022-04-22T01:56:38.816+0000][8][gc,phases   ] GC(72)   Post Evacuate Collection Set: 1.0ms
[2022-04-22T01:56:38.816+0000][8][gc,phases   ] GC(72)   Other: 14.5ms
[2022-04-22T01:56:38.817+0000][8][gc,heap     ] GC(72) Eden regions: 63->0(61)
[2022-04-22T01:56:38.818+0000][8][gc,heap     ] GC(72) Survivor regions: 5->6(9)
[2022-04-22T01:56:38.818+0000][8][gc,heap     ] GC(72) Old regions: 27->27
[2022-04-22T01:56:38.819+0000][8][gc,heap     ] GC(72) Archive regions: 2->2
[2022-04-22T01:56:38.819+0000][8][gc,heap     ] GC(72) Humongous regions: 6->6
[2022-04-22T01:56:38.820+0000][8][gc,metaspace] GC(72) Metaspace: 105496K(107008K)->105496K(107008K) NonClass: 91179K(92096K)->91179K(92096K) Class: 14317K(14912K)->14317K(14912K)
[2022-04-22T01:56:38.821+0000][8][gc          ] GC(72) Pause Young (Normal) (G1 Evacuation Pause) 404M->153M(512M) 24.315ms
[2022-04-22T01:56:38.821+0000][8][gc,cpu      ] GC(72) User=0.01s Sys=0.00s Real=0.02s
[2022-04-22T01:56:38.822+0000][8][safepoint   ] Safepoint "G1CollectForAllocation", Time since last: 1928377751 ns, Reaching safepoint: 136834 ns, At safepoint: 25844333 ns, Total: 25981167 ns
[2022-04-22T01:56:40.570+0000][8][gc,start    ] GC(73) Pause Young (Normal) (G1 Evacuation Pause)
[2022-04-22T01:56:40.571+0000][8][gc,task     ] GC(73) Using 5 workers of 5 for evacuation
[2022-04-22T01:56:40.572+0000][8][gc,age      ] GC(73) Desired survivor size 18874368 bytes, new threshold 14 (max threshold 15)
[2022-04-22T01:56:40.575+0000][8][gc,age      ] GC(73) Age table with threshold 14 (max threshold 15)
[2022-04-22T01:56:40.576+0000][8][gc,age      ] GC(73) - age   1:    1130592 bytes,    1130592 total
[2022-04-22T01:56:40.577+0000][8][gc,age      ] GC(73) - age   2:    4585216 bytes,    5715808 total
[2022-04-22T01:56:40.577+0000][8][gc,age      ] GC(73) - age   3:     964528 bytes,    6680336 total
[2022-04-22T01:56:40.578+0000][8][gc,age      ] GC(73) - age   4:    1060600 bytes,    7740936 total
[2022-04-22T01:56:40.579+0000][8][gc,age      ] GC(73) - age   5:    1248208 bytes,    8989144 total
[2022-04-22T01:56:40.579+0000][8][gc,age      ] GC(73) - age   6:     748328 bytes,    9737472 total
[2022-04-22T01:56:40.580+0000][8][gc,age      ] GC(73) - age   7:    1003592 bytes,   10741064 total
[2022-04-22T01:56:40.580+0000][8][gc,age      ] GC(73) - age   8:    1019408 bytes,   11760472 total
[2022-04-22T01:56:40.581+0000][8][gc,age      ] GC(73) - age   9:    1113696 bytes,   12874168 total
[2022-04-22T01:56:40.581+0000][8][gc,age      ] GC(73) - age  10:     940936 bytes,   13815104 total
[2022-04-22T01:56:40.582+0000][8][gc,age      ] GC(73) - age  11:    1178344 bytes,   14993448 total
[2022-04-22T01:56:40.583+0000][8][gc,age      ] GC(73) - age  12:     990808 bytes,   15984256 total
[2022-04-22T01:56:40.583+0000][8][gc,age      ] GC(73) - age  13:    1999432 bytes,   17983688 total
[2022-04-22T01:56:40.584+0000][8][gc,age      ] GC(73) - age  14:     958016 bytes,   18941704 total
[2022-04-22T01:56:40.585+0000][8][gc,phases   ] GC(73)   Pre Evacuate Collection Set: 0.1ms
[2022-04-22T01:56:40.586+0000][8][gc,phases   ] GC(73)   Merge Heap Roots: 0.1ms
[2022-04-22T01:56:40.587+0000][8][gc,phases   ] GC(73)   Evacuate Collection Set: 2.0ms
[2022-04-22T01:56:40.587+0000][8][gc,phases   ] GC(73)   Post Evacuate Collection Set: 0.8ms
[2022-04-22T01:56:40.588+0000][8][gc,phases   ] GC(73)   Other: 12.5ms
[2022-04-22T01:56:40.588+0000][8][gc,heap     ] GC(73) Eden regions: 61->0(63)
[2022-04-22T01:56:40.589+0000][8][gc,heap     ] GC(73) Survivor regions: 6->5(9)
[2022-04-22T01:56:40.589+0000][8][gc,heap     ] GC(73) Old regions: 27->27
[2022-04-22T01:56:40.590+0000][8][gc,heap     ] GC(73) Archive regions: 2->2
[2022-04-22T01:56:40.591+0000][8][gc,heap     ] GC(73) Humongous regions: 6->6
[2022-04-22T01:56:40.591+0000][8][gc,metaspace] GC(73) Metaspace: 105496K(107008K)->105496K(107008K) NonClass: 91179K(92096K)->91179K(92096K) Class: 14317K(14912K)->14317K(14912K)
[2022-04-22T01:56:40.592+0000][8][gc          ] GC(73) Pause Young (Normal) (G1 Evacuation Pause) 397M->154M(512M) 22.226ms
[2022-04-22T01:56:40.593+0000][8][gc,cpu      ] GC(73) User=0.01s Sys=0.00s Real=0.02s
[2022-04-22T01:56:40.593+0000][8][safepoint   ] Safepoint "G1CollectForAllocation", Time since last: 1747263459 ns, Reaching safepoint: 164209 ns, At safepoint: 23938291 ns, Total: 24102500 ns
[2022-04-22T01:56:41.693+0000][8][gc,start    ] GC(74) Pause Young (Normal) (G1 Evacuation Pause)
[2022-04-22T01:56:41.694+0000][8][gc,task     ] GC(74) Using 5 workers of 5 for evacuation
[2022-04-22T01:56:41.694+0000][8][gc,age      ] GC(74) Desired survivor size 18874368 bytes, new threshold 14 (max threshold 15)
[2022-04-22T01:56:41.698+0000][8][gc,age      ] GC(74) Age table with threshold 14 (max threshold 15)
[2022-04-22T01:56:41.699+0000][8][gc,age      ] GC(74) - age   1:    1183824 bytes,    1183824 total
[2022-04-22T01:56:41.700+0000][8][gc,age      ] GC(74) - age   2:     900720 bytes,    2084544 total
[2022-04-22T01:56:41.701+0000][8][gc,age      ] GC(74) - age   3:    4583968 bytes,    6668512 total
[2022-04-22T01:56:41.701+0000][8][gc,age      ] GC(74) - age   4:     964088 bytes,    7632600 total
[2022-04-22T01:56:41.702+0000][8][gc,age      ] GC(74) - age   5:     929512 bytes,    8562112 total
[2022-04-22T01:56:41.703+0000][8][gc,age      ] GC(74) - age   6:    1122640 bytes,    9684752 total
[2022-04-22T01:56:41.703+0000][8][gc,age      ] GC(74) - age   7:     748328 bytes,   10433080 total
[2022-04-22T01:56:41.704+0000][8][gc,age      ] GC(74) - age   8:    1003592 bytes,   11436672 total
[2022-04-22T01:56:41.704+0000][8][gc,age      ] GC(74) - age   9:    1017224 bytes,   12453896 total
[2022-04-22T01:56:41.705+0000][8][gc,age      ] GC(74) - age  10:    1113696 bytes,   13567592 total
[2022-04-22T01:56:41.706+0000][8][gc,age      ] GC(74) - age  11:     940936 bytes,   14508528 total
[2022-04-22T01:56:41.706+0000][8][gc,age      ] GC(74) - age  12:    1178344 bytes,   15686872 total
[2022-04-22T01:56:41.707+0000][8][gc,age      ] GC(74) - age  13:     987952 bytes,   16674824 total
[2022-04-22T01:56:41.708+0000][8][gc,age      ] GC(74) - age  14:    1998424 bytes,   18673248 total
[2022-04-22T01:56:41.708+0000][8][gc,phases   ] GC(74)   Pre Evacuate Collection Set: 0.1ms
[2022-04-22T01:56:41.709+0000][8][gc,phases   ] GC(74)   Merge Heap Roots: 0.1ms
[2022-04-22T01:56:41.709+0000][8][gc,phases   ] GC(74)   Evacuate Collection Set: 1.8ms
[2022-04-22T01:56:41.710+0000][8][gc,phases   ] GC(74)   Post Evacuate Collection Set: 0.7ms
[2022-04-22T01:56:41.711+0000][8][gc,phases   ] GC(74)   Other: 12.2ms
[2022-04-22T01:56:41.711+0000][8][gc,heap     ] GC(74) Eden regions: 63->0(62)
[2022-04-22T01:56:41.712+0000][8][gc,heap     ] GC(74) Survivor regions: 5->5(9)
[2022-04-22T01:56:41.712+0000][8][gc,heap     ] GC(74) Old regions: 27->28
[2022-04-22T01:56:41.713+0000][8][gc,heap     ] GC(74) Archive regions: 2->2
[2022-04-22T01:56:41.713+0000][8][gc,heap     ] GC(74) Humongous regions: 6->6
[2022-04-22T01:56:41.714+0000][8][gc,metaspace] GC(74) Metaspace: 105498K(107008K)->105498K(107008K) NonClass: 91180K(92096K)->91180K(92096K) Class: 14317K(14912K)->14317K(14912K)
[2022-04-22T01:56:41.715+0000][8][gc          ] GC(74) Pause Young (Normal) (G1 Evacuation Pause) 406M->155M(512M) 21.676ms
[2022-04-22T01:56:41.715+0000][8][gc,cpu      ] GC(74) User=0.01s Sys=0.01s Real=0.02s
[2022-04-22T01:56:41.716+0000][8][safepoint   ] Safepoint "G1CollectForAllocation", Time since last: 1099650751 ns, Reaching safepoint: 145958 ns, At safepoint: 22939167 ns, Total: 23085125 ns
[2022-04-22T01:56:44.134+0000][8][gc,start    ] GC(75) Pause Young (Normal) (G1 Evacuation Pause)
[2022-04-22T01:56:44.135+0000][8][gc,task     ] GC(75) Using 5 workers of 5 for evacuation
[2022-04-22T01:56:44.136+0000][8][gc,age      ] GC(75) Desired survivor size 18874368 bytes, new threshold 15 (max threshold 15)
[2022-04-22T01:56:44.139+0000][8][gc,age      ] GC(75) Age table with threshold 15 (max threshold 15)
[2022-04-22T01:56:44.140+0000][8][gc,age      ] GC(75) - age   1:     812976 bytes,     812976 total
[2022-04-22T01:56:44.141+0000][8][gc,age      ] GC(75) - age   2:    1169248 bytes,    1982224 total
[2022-04-22T01:56:44.142+0000][8][gc,age      ] GC(75) - age   3:     899792 bytes,    2882016 total
[2022-04-22T01:56:44.142+0000][8][gc,age      ] GC(75) - age   4:    4583720 bytes,    7465736 total
[2022-04-22T01:56:44.143+0000][8][gc,age      ] GC(75) - age   5:     964088 bytes,    8429824 total
[2022-04-22T01:56:44.144+0000][8][gc,age      ] GC(75) - age   6:     929512 bytes,    9359336 total
[2022-04-22T01:56:44.144+0000][8][gc,age      ] GC(75) - age   7:    1122640 bytes,   10481976 total
[2022-04-22T01:56:44.145+0000][8][gc,age      ] GC(75) - age   8:     742888 bytes,   11224864 total
[2022-04-22T01:56:44.145+0000][8][gc,age      ] GC(75) - age   9:    1001800 bytes,   12226664 total
[2022-04-22T01:56:44.146+0000][8][gc,age      ] GC(75) - age  10:    1015152 bytes,   13241816 total
[2022-04-22T01:56:44.146+0000][8][gc,age      ] GC(75) - age  11:    1113696 bytes,   14355512 total
[2022-04-22T01:56:44.147+0000][8][gc,age      ] GC(75) - age  12:     939928 bytes,   15295440 total
[2022-04-22T01:56:44.147+0000][8][gc,age      ] GC(75) - age  13:    1178312 bytes,   16473752 total
[2022-04-22T01:56:44.148+0000][8][gc,age      ] GC(75) - age  14:     987904 bytes,   17461656 total
[2022-04-22T01:56:44.149+0000][8][gc,age      ] GC(75) - age  15:    1998424 bytes,   19460080 total
[2022-04-22T01:56:44.149+0000][8][gc,phases   ] GC(75)   Pre Evacuate Collection Set: 0.1ms
[2022-04-22T01:56:44.150+0000][8][gc,phases   ] GC(75)   Merge Heap Roots: 0.1ms
[2022-04-22T01:56:44.151+0000][8][gc,phases   ] GC(75)   Evacuate Collection Set: 2.0ms
[2022-04-22T01:56:44.151+0000][8][gc,phases   ] GC(75)   Post Evacuate Collection Set: 0.8ms
[2022-04-22T01:56:44.152+0000][8][gc,phases   ] GC(75)   Other: 12.2ms
[2022-04-22T01:56:44.152+0000][8][gc,heap     ] GC(75) Eden regions: 62->0(62)
[2022-04-22T01:56:44.153+0000][8][gc,heap     ] GC(75) Survivor regions: 5->5(9)
[2022-04-22T01:56:44.154+0000][8][gc,heap     ] GC(75) Old regions: 28->28
[2022-04-22T01:56:44.154+0000][8][gc,heap     ] GC(75) Archive regions: 2->2
[2022-04-22T01:56:44.154+0000][8][gc,heap     ] GC(75) Humongous regions: 6->6
[2022-04-22T01:56:44.155+0000][8][gc,metaspace] GC(75) Metaspace: 105498K(107008K)->105498K(107008K) NonClass: 91180K(92096K)->91180K(92096K) Class: 14317K(14912K)->14317K(14912K)
[2022-04-22T01:56:44.156+0000][8][gc          ] GC(75) Pause Young (Normal) (G1 Evacuation Pause) 403M->155M(512M) 21.418ms
[2022-04-22T01:56:44.156+0000][8][gc,cpu      ] GC(75) User=0.01s Sys=0.01s Real=0.02s
[2022-04-22T01:56:44.157+0000][8][safepoint   ] Safepoint "G1CollectForAllocation", Time since last: 2417583959 ns, Reaching safepoint: 412209 ns, At safepoint: 22726958 ns, Total: 23139167 ns
[2022-04-22T01:56:59.204+0000][8][safepoint   ] Safepoint "Cleanup", Time since last: 15046504006 ns, Reaching safepoint: 328667 ns, At safepoint: 8500 ns, Total: 337167 ns
[2022-04-22T01:57:41.327+0000][8][safepoint   ] Safepoint "Cleanup", Time since last: 42121322936 ns, Reaching safepoint: 1293833 ns, At safepoint: 11167 ns, Total: 1305000 ns
[2022-04-22T01:57:46.364+0000][8][safepoint   ] Safepoint "Cleanup", Time since last: 5037193669 ns, Reaching safepoint: 236042 ns, At safepoint: 7833 ns, Total: 243875 ns
[2022-04-22T01:58:01.418+0000][8][safepoint   ] Safepoint "Cleanup", Time since last: 15053063215 ns, Reaching safepoint: 589417 ns, At safepoint: 14291 ns, Total: 603708 ns
[2022-04-22T01:58:26.503+0000][8][safepoint   ] Safepoint "Cleanup", Time since last: 25087373387 ns, Reaching safepoint: 276416 ns, At safepoint: 4625 ns, Total: 281041 ns
[2022-04-22T01:58:28.198+0000][8][gc,start    ] GC(76) Pause Young (Normal) (G1 Evacuation Pause)
[2022-04-22T01:58:28.199+0000][8][gc,task     ] GC(76) Using 5 workers of 5 for evacuation
[2022-04-22T01:58:28.200+0000][8][gc,age      ] GC(76) Desired survivor size 18874368 bytes, new threshold 15 (max threshold 15)
[2022-04-22T01:58:28.205+0000][8][gc,age      ] GC(76) Age table with threshold 15 (max threshold 15)
[2022-04-22T01:58:28.206+0000][8][gc,age      ] GC(76) - age   1:     946672 bytes,     946672 total
[2022-04-22T01:58:28.207+0000][8][gc,age      ] GC(76) - age   2:     782248 bytes,    1728920 total
[2022-04-22T01:58:28.226+0000][8][gc,age      ] GC(76) - age   3:    1168752 bytes,    2897672 total
[2022-04-22T01:58:28.227+0000][8][gc,age      ] GC(76) - age   4:     899728 bytes,    3797400 total
[2022-04-22T01:58:28.228+0000][8][gc,age      ] GC(76) - age   5:    4579384 bytes,    8376784 total
[2022-04-22T01:58:28.228+0000][8][gc,age      ] GC(76) - age   6:     963160 bytes,    9339944 total
[2022-04-22T01:58:28.229+0000][8][gc,age      ] GC(76) - age   7:     929144 bytes,   10269088 total
[2022-04-22T01:58:28.230+0000][8][gc,age      ] GC(76) - age   8:    1121864 bytes,   11390952 total
[2022-04-22T01:58:28.231+0000][8][gc,age      ] GC(76) - age   9:     742888 bytes,   12133840 total
[2022-04-22T01:58:28.231+0000][8][gc,age      ] GC(76) - age  10:    1001016 bytes,   13134856 total
[2022-04-22T01:58:28.232+0000][8][gc,age      ] GC(76) - age  11:    1015152 bytes,   14150008 total
[2022-04-22T01:58:28.233+0000][8][gc,age      ] GC(76) - age  12:    1113696 bytes,   15263704 total
[2022-04-22T01:58:28.234+0000][8][gc,age      ] GC(76) - age  13:     939888 bytes,   16203592 total
[2022-04-22T01:58:28.235+0000][8][gc,age      ] GC(76) - age  14:    1177304 bytes,   17380896 total
[2022-04-22T01:58:28.236+0000][8][gc,age      ] GC(76) - age  15:     987904 bytes,   18368800 total
[2022-04-22T01:58:28.237+0000][8][gc,phases   ] GC(76)   Pre Evacuate Collection Set: 0.1ms
[2022-04-22T01:58:28.238+0000][8][gc,phases   ] GC(76)   Merge Heap Roots: 0.1ms
[2022-04-22T01:58:28.238+0000][8][gc,phases   ] GC(76)   Evacuate Collection Set: 3.0ms
[2022-04-22T01:58:28.239+0000][8][gc,phases   ] GC(76)   Post Evacuate Collection Set: 0.8ms
[2022-04-22T01:58:28.240+0000][8][gc,phases   ] GC(76)   Other: 35.1ms
[2022-04-22T01:58:28.241+0000][8][gc,heap     ] GC(76) Eden regions: 62->0(62)
[2022-04-22T01:58:28.242+0000][8][gc,heap     ] GC(76) Survivor regions: 5->5(9)
[2022-04-22T01:58:28.243+0000][8][gc,heap     ] GC(76) Old regions: 28->28
[2022-04-22T01:58:28.243+0000][8][gc,heap     ] GC(76) Archive regions: 2->2
[2022-04-22T01:58:28.244+0000][8][gc,heap     ] GC(76) Humongous regions: 6->6
[2022-04-22T01:58:28.245+0000][8][gc,metaspace] GC(76) Metaspace: 105644K(107072K)->105644K(107072K) NonClass: 91310K(92160K)->91310K(92160K) Class: 14333K(14912K)->14333K(14912K)
[2022-04-22T01:58:28.245+0000][8][gc          ] GC(76) Pause Young (Normal) (G1 Evacuation Pause) 403M->156M(512M) 47.443ms
[2022-04-22T01:58:28.246+0000][8][gc,cpu      ] GC(76) User=0.02s Sys=0.01s Real=0.05s
[2022-04-22T01:58:28.247+0000][8][safepoint   ] Safepoint "G1CollectForAllocation", Time since last: 1695040043 ns, Reaching safepoint: 51250 ns, At safepoint: 48838041 ns, Total: 48889291 ns
[2022-04-22T01:58:29.247+0000][8][safepoint   ] Safepoint "Cleanup", Time since last: 1000703959 ns, Reaching safepoint: 119000 ns, At safepoint: 4583 ns, Total: 123583 ns
[2022-04-22T01:58:30.250+0000][8][safepoint   ] Safepoint "Cleanup", Time since last: 1001960001 ns, Reaching safepoint: 61625 ns, At safepoint: 243500 ns, Total: 305125 ns
[2022-04-22T01:58:34.487+0000][8][safepoint   ] Safepoint "Cleanup", Time since last: 4235186377 ns, Reaching safepoint: 2309167 ns, At safepoint: 6791 ns, Total: 2315958 ns
[2022-04-22T01:58:35.537+0000][8][safepoint   ] Safepoint "Cleanup", Time since last: 1048482042 ns, Reaching safepoint: 1051292 ns, At safepoint: 25083 ns, Total: 1076375 ns
[2022-04-22T01:58:59.305+0000][8][safepoint   ] Safepoint "Cleanup", Time since last: 23764099136 ns, Reaching safepoint: 78375 ns, At safepoint: 2292 ns, Total: 80667 ns
[2022-04-22T01:59:00.315+0000][8][safepoint   ] Safepoint "Cleanup", Time since last: 1007403292 ns, Reaching safepoint: 2241791 ns, At safepoint: 22125 ns, Total: 2263916 ns
[2022-04-22T01:59:03.350+0000][8][safepoint   ] Safepoint "Cleanup", Time since last: 3035152043 ns, Reaching safepoint: 213917 ns, At safepoint: 14083 ns, Total: 228000 ns
[2022-04-22T01:59:18.410+0000][8][safepoint   ] Safepoint "Cleanup", Time since last: 15059399799 ns, Reaching safepoint: 694959 ns, At safepoint: 14125 ns, Total: 709084 ns
[2022-04-22T01:59:20.424+0000][8][safepoint   ] Safepoint "Cleanup", Time since last: 2013527084 ns, Reaching safepoint: 282708 ns, At safepoint: 11084 ns, Total: 293792 ns
[2022-04-22T01:59:21.430+0000][8][safepoint   ] Safepoint "Cleanup", Time since last: 1005606125 ns, Reaching safepoint: 445583 ns, At safepoint: 12417 ns, Total: 458000 ns
[2022-04-22T01:59:26.439+0000][8][safepoint   ] Safepoint "Cleanup", Time since last: 5011568501 ns, Reaching safepoint: 268750 ns, At safepoint: 10000 ns, Total: 278750 ns
[2022-04-22T01:59:28.446+0000][8][safepoint   ] Safepoint "Cleanup", Time since last: 2006855710 ns, Reaching safepoint: 112791 ns, At safepoint: 4000 ns, Total: 116791 ns
[2022-04-22T01:59:29.451+0000][8][safepoint   ] Safepoint "Cleanup", Time since last: 1004137918 ns, Reaching safepoint: 406208 ns, At safepoint: 16542 ns, Total: 422750 ns
[2022-04-22T01:59:36.475+0000][8][safepoint   ] Safepoint "Cleanup", Time since last: 7024527920 ns, Reaching safepoint: 265916 ns, At safepoint: 41292 ns, Total: 307208 ns
[2022-04-22T02:00:06.571+0000][8][safepoint   ] Safepoint "Cleanup", Time since last: 30092517097 ns, Reaching safepoint: 451333 ns, At safepoint: 14958 ns, Total: 466291 ns
[2022-04-22T02:01:15.751+0000][8][safepoint   ] Safepoint "Cleanup", Time since last: 69180351657 ns, Reaching safepoint: 462375 ns, At safepoint: 11083 ns, Total: 473458 ns
[2022-04-22T02:01:46.831+0000][8][safepoint   ] Safepoint "Cleanup", Time since last: 31077191805 ns, Reaching safepoint: 535209 ns, At safepoint: 17833 ns, Total: 553042 ns
[2022-04-22T02:02:08.909+0000][8][safepoint   ] Safepoint "Cleanup", Time since last: 22076370218 ns, Reaching safepoint: 586417 ns, At safepoint: 13458 ns, Total: 599875 ns
[2022-04-22T02:02:20.949+0000][8][safepoint   ] Safepoint "Cleanup", Time since last: 12039097381 ns, Reaching safepoint: 235375 ns, At safepoint: 7541 ns, Total: 242916 ns
[2022-04-22T02:02:21.949+0000][8][safepoint   ] Safepoint "Cleanup", Time since last: 1003518667 ns, Reaching safepoint: 414834 ns, At safepoint: 16875 ns, Total: 431709 ns
[2022-04-22T02:02:28.986+0000][8][safepoint   ] Safepoint "Cleanup", Time since last: 7036839336 ns, Reaching safepoint: 138667 ns, At safepoint: 3000 ns, Total: 141667 ns
[2022-04-22T02:02:33.003+0000][8][safepoint   ] Safepoint "Cleanup", Time since last: 4016326002 ns, Reaching safepoint: 664167 ns, At safepoint: 22833 ns, Total: 687000 ns
[2022-04-22T02:02:38.046+0000][8][safepoint   ] Safepoint "Cleanup", Time since last: 5042902294 ns, Reaching safepoint: 1002250 ns, At safepoint: 14750 ns, Total: 1017000 ns
[2022-04-22T02:02:48.103+0000][8][safepoint   ] Safepoint "Cleanup", Time since last: 10056054755 ns, Reaching safepoint: 354625 ns, At safepoint: 14375 ns, Total: 369000 ns
[2022-04-22T02:02:55.147+0000][8][safepoint   ] Safepoint "Cleanup", Time since last: 7040543628 ns, Reaching safepoint: 563625 ns, At safepoint: 78500 ns, Total: 642125 ns
[2022-04-22T02:03:02.184+0000][8][safepoint   ] Safepoint "Cleanup", Time since last: 7036537420 ns, Reaching safepoint: 629166 ns, At safepoint: 16375 ns, Total: 645541 ns
[2022-04-22T02:03:19.250+0000][8][safepoint   ] Safepoint "Cleanup", Time since last: 17065057717 ns, Reaching safepoint: 264583 ns, At safepoint: 10875 ns, Total: 275458 ns
[2022-04-22T02:03:24.088+0000][8][safepoint   ] Safepoint "Cleanup", Time since last: 5023447711 ns, Reaching safepoint: 150291 ns, At safepoint: 6625 ns, Total: 156916 ns
[2022-04-22T02:03:33.114+0000][8][safepoint   ] Safepoint "Cleanup", Time since last: 9026346880 ns, Reaching safepoint: 253750 ns, At safepoint: 16083 ns, Total: 269833 ns
[2022-04-22T02:03:39.143+0000][8][safepoint   ] Safepoint "Cleanup", Time since last: 6028370961 ns, Reaching safepoint: 297000 ns, At safepoint: 15750 ns, Total: 312750 ns
[2022-04-22T02:04:08.250+0000][8][safepoint   ] Safepoint "Cleanup", Time since last: 29098024221 ns, Reaching safepoint: 434250 ns, At safepoint: 21084 ns, Total: 455334 ns
[2022-04-22T02:05:08.449+0000][8][safepoint   ] Safepoint "Cleanup", Time since last: 60201861068 ns, Reaching safepoint: 438375 ns, At safepoint: 8625 ns, Total: 447000 ns
[2022-04-22T02:06:08.620+0000][8][safepoint   ] Safepoint "Cleanup", Time since last: 60171992361 ns, Reaching safepoint: 622584 ns, At safepoint: 39416 ns, Total: 662000 ns
[2022-04-22T02:06:42.712+0000][8][safepoint   ] Safepoint "Cleanup", Time since last: 34091655475 ns, Reaching safepoint: 213708 ns, At safepoint: 7333 ns, Total: 221041 ns
[2022-04-22T02:07:17.812+0000][8][safepoint   ] Safepoint "Cleanup", Time since last: 35102889350 ns, Reaching safepoint: 249250 ns, At safepoint: 11417 ns, Total: 260667 ns
[2022-04-22T02:08:07.944+0000][8][safepoint   ] Safepoint "Cleanup", Time since last: 50127180939 ns, Reaching safepoint: 2159333 ns, At safepoint: 18375 ns, Total: 2177708 ns
[2022-04-22T02:08:08.958+0000][8][safepoint   ] Safepoint "Cleanup", Time since last: 1012672251 ns, Reaching safepoint: 1082375 ns, At safepoint: 19875 ns, Total: 1102250 ns
[2022-04-22T02:08:46.058+0000][8][safepoint   ] Safepoint "Cleanup", Time since last: 37106534934 ns, Reaching safepoint: 329541 ns, At safepoint: 8667 ns, Total: 338208 ns
[2022-04-22T02:09:03.119+0000][8][safepoint   ] Safepoint "Cleanup", Time since last: 17062331674 ns, Reaching safepoint: 295583 ns, At safepoint: 11834 ns, Total: 307417 ns
[2022-04-22T02:09:33.242+0000][8][safepoint   ] Safepoint "Cleanup", Time since last: 30121869264 ns, Reaching safepoint: 1473958 ns, At safepoint: 18208 ns, Total: 1492166 ns
[2022-04-22T02:10:28.404+0000][8][safepoint   ] Safepoint "Cleanup", Time since last: 55164799108 ns, Reaching safepoint: 681584 ns, At safepoint: 14166 ns, Total: 695750 ns
[2022-04-22T02:11:04.532+0000][8][safepoint   ] Safepoint "Cleanup", Time since last: 36126075058 ns, Reaching safepoint: 541292 ns, At safepoint: 22167 ns, Total: 563459 ns
[2022-04-22T02:12:37.828+0000][8][safepoint   ] Safepoint "Cleanup", Time since last: 93301532209 ns, Reaching safepoint: 459250 ns, At safepoint: 15417 ns, Total: 474667 ns
[2022-04-22T02:12:38.838+0000][8][safepoint   ] Safepoint "Cleanup", Time since last: 1010096417 ns, Reaching safepoint: 481833 ns, At safepoint: 11334 ns, Total: 493167 ns
[2022-04-22T02:13:39.052+0000][8][safepoint   ] Safepoint "Cleanup", Time since last: 60214766360 ns, Reaching safepoint: 103125 ns, At safepoint: 4084 ns, Total: 107209 ns
[2022-04-22T02:13:42.063+0000][8][safepoint   ] Safepoint "Cleanup", Time since last: 3010600584 ns, Reaching safepoint: 132667 ns, At safepoint: 5167 ns, Total: 137834 ns
[2022-04-22T02:13:58.106+0000][8][safepoint   ] Safepoint "Cleanup", Time since last: 16046060007 ns, Reaching safepoint: 552500 ns, At safepoint: 29250 ns, Total: 581750 ns
[2022-04-22T02:13:59.112+0000][8][safepoint   ] Safepoint "Cleanup", Time since last: 1003680501 ns, Reaching safepoint: 1783791 ns, At safepoint: 16959 ns, Total: 1800750 ns
[2022-04-22T02:14:09.151+0000][8][safepoint   ] Safepoint "Cleanup", Time since last: 10038774254 ns, Reaching safepoint: 644084 ns, At safepoint: 22208 ns, Total: 666292 ns
[2022-04-22T02:14:39.250+0000][8][safepoint   ] Safepoint "Cleanup", Time since last: 30098539514 ns, Reaching safepoint: 1023875 ns, At safepoint: 28292 ns, Total: 1052167 ns
[2022-04-22T02:14:57.325+0000][8][safepoint   ] Safepoint "Cleanup", Time since last: 18074989674 ns, Reaching safepoint: 1615125 ns, At safepoint: 22792 ns, Total: 1637917 ns
[2022-04-22T02:17:32.748+0000][8][safepoint   ] Safepoint "Cleanup", Time since last: 155426761195 ns, Reaching safepoint: 1955834 ns, At safepoint: 25000 ns, Total: 1980834 ns
[2022-04-22T02:17:35.767+0000][8][safepoint   ] Safepoint "Cleanup", Time since last: 3018252793 ns, Reaching safepoint: 452708 ns, At safepoint: 15417 ns, Total: 468125 ns
[2022-04-22T02:18:02.873+0000][8][safepoint   ] Safepoint "Cleanup", Time since last: 27104341387 ns, Reaching safepoint: 360375 ns, At safepoint: 29167 ns, Total: 389542 ns
[2022-04-22T02:18:22.925+0000][8][safepoint   ] Safepoint "Cleanup", Time since last: 20056042009 ns, Reaching safepoint: 576417 ns, At safepoint: 19083 ns, Total: 595500 ns
[2022-04-22T02:19:09.071+0000][8][safepoint   ] Safepoint "Cleanup", Time since last: 46147472063 ns, Reaching safepoint: 467375 ns, At safepoint: 14125 ns, Total: 481500 ns
[2022-04-22T02:19:39.165+0000][8][safepoint   ] Safepoint "Cleanup", Time since last: 30094391514 ns, Reaching safepoint: 352333 ns, At safepoint: 21958 ns, Total: 374291 ns
[2022-04-22T02:20:14.270+0000][8][safepoint   ] Safepoint "Cleanup", Time since last: 35105728891 ns, Reaching safepoint: 585625 ns, At safepoint: 100875 ns, Total: 686500 ns
[2022-04-22T02:20:35.330+0000][8][safepoint   ] Safepoint "Cleanup", Time since last: 21060546843 ns, Reaching safepoint: 1061792 ns, At safepoint: 19417 ns, Total: 1081209 ns
[2022-04-22T02:20:37.341+0000][8][safepoint   ] Safepoint "Cleanup", Time since last: 2010017876 ns, Reaching safepoint: 998083 ns, At safepoint: 12042 ns, Total: 1010125 ns
[2022-04-22T02:21:36.509+0000][8][safepoint   ] Safepoint "Cleanup", Time since last: 59169368152 ns, Reaching safepoint: 430291 ns, At safepoint: 193875 ns, Total: 624166 ns
[2022-04-22T02:21:43.549+0000][8][safepoint   ] Safepoint "Cleanup", Time since last: 7040464295 ns, Reaching safepoint: 286834 ns, At safepoint: 9166 ns, Total: 296000 ns
[2022-04-22T02:22:02.609+0000][8][safepoint   ] Safepoint "Cleanup", Time since last: 19060228342 ns, Reaching safepoint: 366542 ns, At safepoint: 71291 ns, Total: 437833 ns
[2022-04-22T02:22:19.657+0000][8][safepoint   ] Safepoint "Cleanup", Time since last: 17047548925 ns, Reaching safepoint: 343417 ns, At safepoint: 11083 ns, Total: 354500 ns
[2022-04-22T02:22:32.709+0000][8][safepoint   ] Safepoint "Cleanup", Time since last: 13050875131 ns, Reaching safepoint: 303250 ns, At safepoint: 4583 ns, Total: 307833 ns
[2022-04-22T02:22:37.719+0000][8][safepoint   ] Safepoint "Cleanup", Time since last: 5009371128 ns, Reaching safepoint: 553833 ns, At safepoint: 15000 ns, Total: 568833 ns
[2022-04-22T02:23:03.785+0000][8][safepoint   ] Safepoint "Cleanup", Time since last: 26070602137 ns, Reaching safepoint: 420291 ns, At safepoint: 9459 ns, Total: 429750 ns
[2022-04-22T02:23:17.833+0000][8][safepoint   ] Safepoint "Cleanup", Time since last: 14047458090 ns, Reaching safepoint: 404375 ns, At safepoint: 11416 ns, Total: 415791 ns
[2022-04-22T02:23:19.842+0000][8][safepoint   ] Safepoint "Cleanup", Time since last: 2007802668 ns, Reaching safepoint: 829042 ns, At safepoint: 44375 ns, Total: 873417 ns
[2022-04-22T02:25:34.208+0000][8][safepoint   ] Safepoint "Cleanup", Time since last: 134371564436 ns, Reaching safepoint: 291166 ns, At safepoint: 6959 ns, Total: 298125 ns
[2022-04-22T02:26:03.287+0000][8][safepoint   ] Safepoint "Cleanup", Time since last: 29078701679 ns, Reaching safepoint: 675917 ns, At safepoint: 125958 ns, Total: 801875 ns
[2022-04-22T02:26:33.383+0000][8][safepoint   ] Safepoint "Cleanup", Time since last: 30098139598 ns, Reaching safepoint: 505000 ns, At safepoint: 116208 ns, Total: 621208 ns
[2022-04-22T02:27:36.584+0000][8][safepoint   ] Safepoint "Cleanup", Time since last: 63202584321 ns, Reaching safepoint: 685291 ns, At safepoint: 76875 ns, Total: 762166 ns
[2022-04-22T02:28:59.842+0000][8][safepoint   ] Safepoint "Cleanup", Time since last: 83261697455 ns, Reaching safepoint: 924875 ns, At safepoint: 26250 ns, Total: 951125 ns
[2022-04-22T02:30:09.039+0000][8][safepoint   ] Safepoint "Cleanup", Time since last: 69197645573 ns, Reaching safepoint: 264000 ns, At safepoint: 13042 ns, Total: 277042 ns
[2022-04-22T02:30:10.043+0000][8][safepoint   ] Safepoint "Cleanup", Time since last: 1002999208 ns, Reaching safepoint: 696667 ns, At safepoint: 18458 ns, Total: 715125 ns
[2022-04-22T02:30:39.124+0000][8][safepoint   ] Safepoint "Cleanup", Time since last: 29082066389 ns, Reaching safepoint: 677333 ns, At safepoint: 37375 ns, Total: 714708 ns
[2022-04-22T02:32:09.369+0000][8][safepoint   ] Safepoint "Cleanup", Time since last: 90249087165 ns, Reaching safepoint: 327542 ns, At safepoint: 11917 ns, Total: 339459 ns
[2022-04-22T02:32:27.430+0000][8][safepoint   ] Safepoint "Cleanup", Time since last: 18062763341 ns, Reaching safepoint: 441625 ns, At safepoint: 16833 ns, Total: 458458 ns
[2022-04-22T02:32:38.465+0000][8][safepoint   ] Safepoint "Cleanup", Time since last: 11034545422 ns, Reaching safepoint: 683459 ns, At safepoint: 21583 ns, Total: 705042 ns
[2022-04-22T02:32:39.476+0000][8][safepoint   ] Safepoint "Cleanup", Time since last: 1009576750 ns, Reaching safepoint: 588584 ns, At safepoint: 21833 ns, Total: 610417 ns
[2022-04-22T02:33:09.559+0000][8][safepoint   ] Safepoint "Cleanup", Time since last: 30082913055 ns, Reaching safepoint: 506792 ns, At safepoint: 22250 ns, Total: 529042 ns
[2022-04-22T02:34:09.752+0000][8][safepoint   ] Safepoint "Cleanup", Time since last: 60194724528 ns, Reaching safepoint: 645583 ns, At safepoint: 17208 ns, Total: 662791 ns
[2022-04-22T02:34:43.847+0000][8][safepoint   ] Safepoint "Cleanup", Time since last: 34096319766 ns, Reaching safepoint: 809333 ns, At safepoint: 21542 ns, Total: 830875 ns
[2022-04-22T02:35:22.968+0000][8][safepoint   ] Safepoint "Cleanup", Time since last: 39123297476 ns, Reaching safepoint: 1195500 ns, At safepoint: 22875 ns, Total: 1218375 ns
[2022-04-22T02:35:27.995+0000][8][safepoint   ] Safepoint "Cleanup", Time since last: 5025575586 ns, Reaching safepoint: 532292 ns, At safepoint: 17333 ns, Total: 549625 ns
[2022-04-22T02:37:32.329+0000][8][safepoint   ] Safepoint "Cleanup", Time since last: 124337769890 ns, Reaching safepoint: 812500 ns, At safepoint: 20875 ns, Total: 833375 ns
[2022-04-22T02:38:42.534+0000][8][safepoint   ] Safepoint "Cleanup", Time since last: 70207685073 ns, Reaching safepoint: 552125 ns, At safepoint: 19375 ns, Total: 571500 ns
[2022-04-22T02:39:09.627+0000][8][safepoint   ] Safepoint "Cleanup", Time since last: 27093341762 ns, Reaching safepoint: 594709 ns, At safepoint: 294291 ns, Total: 889000 ns
[2022-04-22T02:41:33.006+0000][8][safepoint   ] Safepoint "Cleanup", Time since last: 143384055858 ns, Reaching safepoint: 521042 ns, At safepoint: 14166 ns, Total: 535208 ns
[2022-04-22T02:42:38.216+0000][8][safepoint   ] Safepoint "Cleanup", Time since last: 65211808405 ns, Reaching safepoint: 644083 ns, At safepoint: 15792 ns, Total: 659875 ns
[2022-04-22T02:46:09.847+0000][8][safepoint   ] Safepoint "Cleanup", Time since last: 211640827304 ns, Reaching safepoint: 244250 ns, At safepoint: 9375 ns, Total: 253625 ns
[2022-04-22T02:47:10.017+0000][8][safepoint   ] Safepoint "Cleanup", Time since last: 60171870195 ns, Reaching safepoint: 666416 ns, At safepoint: 22167 ns, Total: 688583 ns
[2022-04-22T02:49:10.359+0000][8][safepoint   ] Safepoint "Cleanup", Time since last: 120347022472 ns, Reaching safepoint: 446083 ns, At safepoint: 22000 ns, Total: 468083 ns
[2022-04-22T02:50:37.576+0000][8][safepoint   ] Safepoint "Cleanup", Time since last: 87220054790 ns, Reaching safepoint: 489041 ns, At safepoint: 32334 ns, Total: 521375 ns
[2022-04-22T02:50:40.593+0000][8][safepoint   ] Safepoint "Cleanup", Time since last: 3016880251 ns, Reaching safepoint: 769292 ns, At safepoint: 23166 ns, Total: 792458 ns
[2022-04-22T02:52:37.898+0000][8][safepoint   ] Safepoint "Cleanup", Time since last: 117308582304 ns, Reaching safepoint: 2341000 ns, At safepoint: 23208 ns, Total: 2364208 ns
[2022-04-22T02:54:08.147+0000][8][safepoint   ] Safepoint "Cleanup", Time since last: 90251446916 ns, Reaching safepoint: 398042 ns, At safepoint: 14417 ns, Total: 412459 ns
[2022-04-22T02:56:40.568+0000][8][safepoint   ] Safepoint "Cleanup", Time since last: 152427264069 ns, Reaching safepoint: 761500 ns, At safepoint: 19500 ns, Total: 781000 ns
[2022-04-22T02:57:10.673+0000][8][safepoint   ] Safepoint "Cleanup", Time since last: 30105163639 ns, Reaching safepoint: 560084 ns, At safepoint: 18875 ns, Total: 578959 ns
[2022-04-22T02:57:40.748+0000][8][safepoint   ] Safepoint "Cleanup", Time since last: 30076374764 ns, Reaching safepoint: 399375 ns, At safepoint: 12041 ns, Total: 411416 ns
[2022-04-22T03:02:38.536+0000][8][safepoint   ] Safepoint "Cleanup", Time since last: 297800298469 ns, Reaching safepoint: 661625 ns, At safepoint: 375209 ns, Total: 1036834 ns
[2022-04-22T03:10:10.028+0000][8][safepoint   ] Safepoint "Cleanup", Time since last: 453281185039 ns, Reaching safepoint: 305709 ns, At safepoint: 8291 ns, Total: 314000 ns
[2022-04-22T03:10:23.068+0000][8][safepoint   ] Safepoint "Cleanup", Time since last: 13042172381 ns, Reaching safepoint: 613291 ns, At safepoint: 10875 ns, Total: 624166 ns
[2022-04-22T03:10:30.130+0000][8][safepoint   ] Safepoint "Cleanup", Time since last: 7061720087 ns, Reaching safepoint: 116792 ns, At safepoint: 4500 ns, Total: 121292 ns
[2022-04-22T03:15:47.494+0000][8][gc,start    ] GC(77) Pause Young (Normal) (G1 Evacuation Pause)
[2022-04-22T03:15:47.500+0000][8][gc,task     ] GC(77) Using 5 workers of 5 for evacuation
[2022-04-22T03:15:47.504+0000][8][gc,age      ] GC(77) Desired survivor size 18874368 bytes, new threshold 15 (max threshold 15)
[2022-04-22T03:15:47.540+0000][8][gc,age      ] GC(77) Age table with threshold 15 (max threshold 15)
[2022-04-22T03:15:47.543+0000][8][gc,age      ] GC(77) - age   1:    1106752 bytes,    1106752 total
[2022-04-22T03:15:47.545+0000][8][gc,age      ] GC(77) - age   2:     498344 bytes,    1605096 total
[2022-04-22T03:15:47.547+0000][8][gc,age      ] GC(77) - age   3:     782248 bytes,    2387344 total
[2022-04-22T03:15:47.548+0000][8][gc,age      ] GC(77) - age   4:    1168752 bytes,    3556096 total
[2022-04-22T03:15:47.549+0000][8][gc,age      ] GC(77) - age   5:     899728 bytes,    4455824 total
[2022-04-22T03:15:47.550+0000][8][gc,age      ] GC(77) - age   6:    4579384 bytes,    9035208 total
[2022-04-22T03:15:47.552+0000][8][gc,age      ] GC(77) - age   7:     962776 bytes,    9997984 total
[2022-04-22T03:15:47.553+0000][8][gc,age      ] GC(77) - age   8:     929144 bytes,   10927128 total
[2022-04-22T03:15:47.554+0000][8][gc,age      ] GC(77) - age   9:    1121568 bytes,   12048696 total
[2022-04-22T03:15:47.556+0000][8][gc,age      ] GC(77) - age  10:     742888 bytes,   12791584 total
[2022-04-22T03:15:47.557+0000][8][gc,age      ] GC(77) - age  11:    1001016 bytes,   13792600 total
[2022-04-22T03:15:47.558+0000][8][gc,age      ] GC(77) - age  12:    1015152 bytes,   14807752 total
[2022-04-22T03:15:47.559+0000][8][gc,age      ] GC(77) - age  13:    1113696 bytes,   15921448 total
[2022-04-22T03:15:47.560+0000][8][gc,age      ] GC(77) - age  14:     939888 bytes,   16861336 total
[2022-04-22T03:15:47.561+0000][8][gc,age      ] GC(77) - age  15:    1177304 bytes,   18038640 total
[2022-04-22T03:15:47.562+0000][8][gc,phases   ] GC(77)   Pre Evacuate Collection Set: 0.9ms
[2022-04-22T03:15:47.563+0000][8][gc,phases   ] GC(77)   Merge Heap Roots: 0.8ms
[2022-04-22T03:15:47.564+0000][8][gc,phases   ] GC(77)   Evacuate Collection Set: 25.5ms
[2022-04-22T03:15:47.564+0000][8][gc,phases   ] GC(77)   Post Evacuate Collection Set: 2.6ms
[2022-04-22T03:15:47.565+0000][8][gc,phases   ] GC(77)   Other: 38.4ms
[2022-04-22T03:15:47.567+0000][8][gc,heap     ] GC(77) Eden regions: 62->0(62)
[2022-04-22T03:15:47.568+0000][8][gc,heap     ] GC(77) Survivor regions: 5->5(9)
[2022-04-22T03:15:47.569+0000][8][gc,heap     ] GC(77) Old regions: 28->28
[2022-04-22T03:15:47.570+0000][8][gc,heap     ] GC(77) Archive regions: 2->2
[2022-04-22T03:15:47.571+0000][8][gc,heap     ] GC(77) Humongous regions: 6->6
[2022-04-22T03:15:47.571+0000][8][gc,metaspace] GC(77) Metaspace: 107280K(108800K)->107280K(108800K) NonClass: 92777K(93696K)->92777K(93696K) Class: 14502K(15104K)->14502K(15104K)
[2022-04-22T03:15:47.572+0000][8][gc          ] GC(77) Pause Young (Normal) (G1 Evacuation Pause) 404M->157M(512M) 77.804ms
[2022-04-22T03:15:47.573+0000][8][gc,cpu      ] GC(77) User=0.14s Sys=0.00s Real=0.08s
[2022-04-22T03:15:47.573+0000][8][safepoint   ] Safepoint "G1CollectForAllocation", Time since last: 317375088852 ns, Reaching safepoint: 1640750 ns, At safepoint: 79704459 ns, Total: 81345209 ns
[2022-04-22T03:16:31.672+0000][8][safepoint   ] Safepoint "Cleanup", Time since last: 44100390644 ns, Reaching safepoint: 660042 ns, At safepoint: 448125 ns, Total: 1108167 ns
[2022-04-22T03:17:36.876+0000][8][safepoint   ] Safepoint "Cleanup", Time since last: 65205578280 ns, Reaching safepoint: 484458 ns, At safepoint: 13667 ns, Total: 498125 ns
[2022-04-22T03:20:40.378+0000][8][safepoint   ] Safepoint "Cleanup", Time since last: 183511318292 ns, Reaching safepoint: 514916 ns, At safepoint: 15250 ns, Total: 530166 ns
[2022-04-22T03:20:57.438+0000][8][safepoint   ] Safepoint "Cleanup", Time since last: 17065316383 ns, Reaching safepoint: 633667 ns, At safepoint: 15375 ns, Total: 649042 ns
[2022-04-22T03:22:38.699+0000][8][safepoint   ] Safepoint "Cleanup", Time since last: 101256551379 ns, Reaching safepoint: 732416 ns, At safepoint: 15125 ns, Total: 747541 ns
[2022-04-22T03:28:40.774+0000][8][safepoint   ] Safepoint "Cleanup", Time since last: 362090925165 ns, Reaching safepoint: 656541 ns, At safepoint: 25042 ns, Total: 681583 ns
[2022-04-22T03:30:07.041+0000][8][safepoint   ] Safepoint "Cleanup", Time since last: 86271833581 ns, Reaching safepoint: 1190167 ns, At safepoint: 22833 ns, Total: 1213000 ns
[2022-04-22T03:30:11.062+0000][8][safepoint   ] Safepoint "Cleanup", Time since last: 4020985377 ns, Reaching safepoint: 361250 ns, At safepoint: 13750 ns, Total: 375000 ns
[2022-04-22T03:32:38.501+0000][8][safepoint   ] Safepoint "Cleanup", Time since last: 147443744401 ns, Reaching safepoint: 730750 ns, At safepoint: 73583 ns, Total: 804333 ns
[2022-04-22T03:36:34.151+0000][8][safepoint   ] Safepoint "Cleanup", Time since last: 235657802108 ns, Reaching safepoint: 723041 ns, At safepoint: 41334 ns, Total: 764375 ns
[2022-04-22T03:39:12.719+0000][8][safepoint   ] Safepoint "Cleanup", Time since last: 156395001279 ns, Reaching safepoint: 268917 ns, At safepoint: 22292 ns, Total: 291209 ns
[2022-04-22T03:39:31.779+0000][8][safepoint   ] Safepoint "Cleanup", Time since last: 19061270300 ns, Reaching safepoint: 664166 ns, At safepoint: 39792 ns, Total: 703958 ns
[2022-04-22T03:43:43.428+0000][8][safepoint   ] Safepoint "Cleanup", Time since last: 251659739906 ns, Reaching safepoint: 502709 ns, At safepoint: 14500 ns, Total: 517209 ns
[2022-04-22T03:44:37.581+0000][8][safepoint   ] Safepoint "Cleanup", Time since last: 54154801900 ns, Reaching safepoint: 454500 ns, At safepoint: 214541 ns, Total: 669041 ns
[2022-04-22T03:45:20.718+0000][8][safepoint   ] Safepoint "Cleanup", Time since last: 43138270229 ns, Reaching safepoint: 845708 ns, At safepoint: 21667 ns, Total: 867375 ns
[2022-04-22T03:46:13.889+0000][8][safepoint   ] Safepoint "Cleanup", Time since last: 53172060857 ns, Reaching safepoint: 722250 ns, At safepoint: 23834 ns, Total: 746084 ns
[2022-04-22T03:48:00.197+0000][8][safepoint   ] Safepoint "Cleanup", Time since last: 106312652298 ns, Reaching safepoint: 844000 ns, At safepoint: 63625 ns, Total: 907625 ns
[2022-04-22T03:52:38.043+0000][8][safepoint   ] Safepoint "Cleanup", Time since last: 277856776919 ns, Reaching safepoint: 954333 ns, At safepoint: 24083 ns, Total: 978416 ns
[2022-04-22T03:55:33.479+0000][8][safepoint   ] Safepoint "Cleanup", Time since last: 175535884580 ns, Reaching safepoint: 695042 ns, At safepoint: 20958 ns, Total: 716000 ns
[2022-04-22T03:55:43.510+0000][8][safepoint   ] Safepoint "Cleanup", Time since last: 10030811171 ns, Reaching safepoint: 598000 ns, At safepoint: 24750 ns, Total: 622750 ns
[2022-04-22T03:59:14.130+0000][8][safepoint   ] Safepoint "Cleanup", Time since last: 210631047304 ns, Reaching safepoint: 854250 ns, At safepoint: 16708 ns, Total: 870958 ns
[2022-04-22T03:59:44.235+0000][8][safepoint   ] Safepoint "Cleanup", Time since last: 30105913431 ns, Reaching safepoint: 944375 ns, At safepoint: 50375 ns, Total: 994750 ns
[2022-04-22T04:01:14.507+0000][8][safepoint   ] Safepoint "Cleanup", Time since last: 90277191083 ns, Reaching safepoint: 709500 ns, At safepoint: 20416 ns, Total: 729916 ns
[2022-04-22T04:01:43.616+0000][8][safepoint   ] Safepoint "Cleanup", Time since last: 29109572096 ns, Reaching safepoint: 331125 ns, At safepoint: 10375 ns, Total: 341500 ns
[2022-04-22T04:02:03.668+0000][8][safepoint   ] Safepoint "Cleanup", Time since last: 20051044426 ns, Reaching safepoint: 703500 ns, At safepoint: 51042 ns, Total: 754542 ns
[2022-04-22T04:07:37.628+0000][8][safepoint   ] Safepoint "Cleanup", Time since last: 333975802152 ns, Reaching safepoint: 569958 ns, At safepoint: 6583 ns, Total: 576541 ns
[2022-04-22T04:31:59.930+0000][8][safepoint   ] Safepoint "Cleanup", Time since last: 1464286677209 ns, Reaching safepoint: 143167 ns, At safepoint: 5333 ns, Total: 148500 ns
[2022-04-22T04:32:00.096+0000][8][gc,heap,exit] Heap
[2022-04-22T04:32:00.098+0000][8][gc,heap,exit]  garbage-first heap   total 524288K, used 317421K [0x00000000e0000000, 0x0000000100000000)
[2022-04-22T04:32:00.099+0000][8][gc,heap,exit]   region size 4096K, 44 young (180224K), 5 survivors (20480K)
[2022-04-22T04:32:00.100+0000][8][gc,heap,exit]  Metaspace       used 107509K, committed 108992K, reserved 1146880K
[2022-04-22T04:32:00.101+0000][8][gc,heap,exit]   class space    used 14532K, committed 15104K, reserved 1048576K
