[2022-05-19T07:38:13.269+0000][162][gc] Using G1
[2022-05-19T07:38:13.308+0000][162][gc,init] Version: 17.0.2+8 (release)
[2022-05-19T07:38:13.308+0000][162][gc,init] CPUs: 12 total, 12 available
[2022-05-19T07:38:13.308+0000][162][gc,init] Memory: 25532M
[2022-05-19T07:38:13.309+0000][162][gc,init] Large Page Support: Disabled
[2022-05-19T07:38:13.309+0000][162][gc,init] NUMA Support: Disabled
[2022-05-19T07:38:13.309+0000][162][gc,init] Compressed Oops: Enabled (32-bit)
[2022-05-19T07:38:13.309+0000][162][gc,init] Heap Region Size: 4M
[2022-05-19T07:38:13.309+0000][162][gc,init] Heap Min Capacity: 512M
[2022-05-19T07:38:13.309+0000][162][gc,init] Heap Initial Capacity: 512M
[2022-05-19T07:38:13.310+0000][162][gc,init] Heap Max Capacity: 512M
[2022-05-19T07:38:13.310+0000][162][gc,init] Pre-touch: Enabled
[2022-05-19T07:38:13.310+0000][162][gc,init] Parallel Workers: 10
[2022-05-19T07:38:13.310+0000][162][gc,init] Concurrent Workers: 3
[2022-05-19T07:38:13.311+0000][162][gc,init] Concurrent Refinement Workers: 10
[2022-05-19T07:38:13.311+0000][162][gc,init] Periodic GC: Disabled
[2022-05-19T07:38:13.311+0000][162][gc,metaspace] CDS archive(s) mapped at: [0x0000000800000000-0x0000000800bd2000-0x0000000800bd2000), size 12394496, SharedBaseAddress: 0x0000000800000000, ArchiveRelocationMode: 0.
[2022-05-19T07:38:13.311+0000][162][gc,metaspace] Compressed class space mapped at: 0x0000000800c00000-0x0000000840c00000, reserved size: 1073741824
[2022-05-19T07:38:13.311+0000][162][gc,metaspace] Narrow klass base: 0x0000000800000000, Narrow klass shift: 0, Narrow klass range: 0x100000000
[2022-05-19T07:38:13.629+0000][162][safepoint   ] Safepoint "ICBufferFull", Time since last: 312548000 ns, Reaching safepoint: 141200 ns, At safepoint: 5400 ns, Total: 146600 ns
[2022-05-19T07:38:13.837+0000][162][gc,start    ] GC(0) Pause Young (Normal) (G1 Evacuation Pause)
[2022-05-19T07:38:13.837+0000][162][gc,task     ] GC(0) Using 10 workers of 10 for evacuation
[2022-05-19T07:38:13.838+0000][162][gc,age      ] GC(0) Desired survivor size 2097152 bytes, new threshold 15 (max threshold 15)
[2022-05-19T07:38:13.840+0000][162][gc,age      ] GC(0) Age table with threshold 15 (max threshold 15)
[2022-05-19T07:38:13.841+0000][162][gc,age      ] GC(0) - age   1:    4159344 bytes,    4159344 total
[2022-05-19T07:38:13.841+0000][162][gc,phases   ] GC(0)   Pre Evacuate Collection Set: 0.2ms
[2022-05-19T07:38:13.841+0000][162][gc,phases   ] GC(0)   Merge Heap Roots: 0.2ms
[2022-05-19T07:38:13.841+0000][162][gc,phases   ] GC(0)   Evacuate Collection Set: 1.5ms
[2022-05-19T07:38:13.842+0000][162][gc,phases   ] GC(0)   Post Evacuate Collection Set: 0.7ms
[2022-05-19T07:38:13.842+0000][162][gc,phases   ] GC(0)   Other: 1.7ms
[2022-05-19T07:38:13.842+0000][162][gc,heap     ] GC(0) Eden regions: 6->0(5)
[2022-05-19T07:38:13.842+0000][162][gc,heap     ] GC(0) Survivor regions: 0->1(1)
[2022-05-19T07:38:13.842+0000][162][gc,heap     ] GC(0) Old regions: 0->1
[2022-05-19T07:38:13.842+0000][162][gc,heap     ] GC(0) Archive regions: 2->2
[2022-05-19T07:38:13.842+0000][162][gc,heap     ] GC(0) Humongous regions: 0->0
[2022-05-19T07:38:13.842+0000][162][gc,metaspace] GC(0) Metaspace: 9274K(9408K)->9274K(9408K) NonClass: 8210K(8256K)->8210K(8256K) Class: 1063K(1152K)->1063K(1152K)
[2022-05-19T07:38:13.843+0000][162][gc          ] GC(0) Pause Young (Normal) (G1 Evacuation Pause) 27M->8M(512M) 5.707ms
[2022-05-19T07:38:13.843+0000][162][gc,cpu      ] GC(0) User=0.01s Sys=0.00s Real=0.00s
[2022-05-19T07:38:13.843+0000][162][safepoint   ] Safepoint "G1CollectForAllocation", Time since last: 207931100 ns, Reaching safepoint: 173000 ns, At safepoint: 6069100 ns, Total: 6242100 ns
[2022-05-19T07:38:14.065+0000][162][gc,start    ] GC(1) Pause Young (Normal) (G1 Evacuation Pause)
[2022-05-19T07:38:14.065+0000][162][gc,task     ] GC(1) Using 10 workers of 10 for evacuation
[2022-05-19T07:38:14.065+0000][162][gc,age      ] GC(1) Desired survivor size 2097152 bytes, new threshold 1 (max threshold 15)
[2022-05-19T07:38:14.068+0000][162][gc,age      ] GC(1) Age table with threshold 1 (max threshold 15)
[2022-05-19T07:38:14.069+0000][162][gc,age      ] GC(1) - age   1:    1863312 bytes,    1863312 total
[2022-05-19T07:38:14.069+0000][162][gc,phases   ] GC(1)   Pre Evacuate Collection Set: 0.2ms
[2022-05-19T07:38:14.069+0000][162][gc,phases   ] GC(1)   Merge Heap Roots: 0.1ms
[2022-05-19T07:38:14.069+0000][162][gc,phases   ] GC(1)   Evacuate Collection Set: 2.0ms
[2022-05-19T07:38:14.070+0000][162][gc,phases   ] GC(1)   Post Evacuate Collection Set: 0.6ms
[2022-05-19T07:38:14.070+0000][162][gc,phases   ] GC(1)   Other: 1.4ms
[2022-05-19T07:38:14.070+0000][162][gc,heap     ] GC(1) Eden regions: 5->0(11)
[2022-05-19T07:38:14.070+0000][162][gc,heap     ] GC(1) Survivor regions: 1->1(1)
[2022-05-19T07:38:14.070+0000][162][gc,heap     ] GC(1) Old regions: 1->2
[2022-05-19T07:38:14.071+0000][162][gc,heap     ] GC(1) Archive regions: 2->2
[2022-05-19T07:38:14.071+0000][162][gc,heap     ] GC(1) Humongous regions: 0->0
[2022-05-19T07:38:14.071+0000][162][gc,metaspace] GC(1) Metaspace: 12569K(12736K)->12569K(12736K) NonClass: 11029K(11136K)->11029K(11136K) Class: 1540K(1600K)->1540K(1600K)
[2022-05-19T07:38:14.071+0000][162][gc          ] GC(1) Pause Young (Normal) (G1 Evacuation Pause) 28M->10M(512M) 6.404ms
[2022-05-19T07:38:14.071+0000][162][gc,cpu      ] GC(1) User=0.03s Sys=0.01s Real=0.01s
[2022-05-19T07:38:14.071+0000][162][safepoint   ] Safepoint "G1CollectForAllocation", Time since last: 221488700 ns, Reaching safepoint: 310600 ns, At safepoint: 6683200 ns, Total: 6993800 ns
[2022-05-19T07:38:14.189+0000][162][safepoint   ] Safepoint "ICBufferFull", Time since last: 117596200 ns, Reaching safepoint: 296600 ns, At safepoint: 53200 ns, Total: 349800 ns
[2022-05-19T07:38:14.479+0000][162][gc,start    ] GC(2) Pause Young (Normal) (G1 Evacuation Pause)
[2022-05-19T07:38:14.479+0000][162][gc,task     ] GC(2) Using 10 workers of 10 for evacuation
[2022-05-19T07:38:14.479+0000][162][gc,age      ] GC(2) Desired survivor size 4194304 bytes, new threshold 15 (max threshold 15)
[2022-05-19T07:38:14.483+0000][162][gc,age      ] GC(2) Age table with threshold 15 (max threshold 15)
[2022-05-19T07:38:14.483+0000][162][gc,age      ] GC(2) - age   1:    1255488 bytes,    1255488 total
[2022-05-19T07:38:14.483+0000][162][gc,age      ] GC(2) - age   2:    1831120 bytes,    3086608 total
[2022-05-19T07:38:14.483+0000][162][gc,phases   ] GC(2)   Pre Evacuate Collection Set: 0.2ms
[2022-05-19T07:38:14.483+0000][162][gc,phases   ] GC(2)   Merge Heap Roots: 0.2ms
[2022-05-19T07:38:14.484+0000][162][gc,phases   ] GC(2)   Evacuate Collection Set: 1.7ms
[2022-05-19T07:38:14.484+0000][162][gc,phases   ] GC(2)   Post Evacuate Collection Set: 1.1ms
[2022-05-19T07:38:14.484+0000][162][gc,phases   ] GC(2)   Other: 1.1ms
[2022-05-19T07:38:14.484+0000][162][gc,heap     ] GC(2) Eden regions: 11->0(58)
[2022-05-19T07:38:14.484+0000][162][gc,heap     ] GC(2) Survivor regions: 1->1(2)
[2022-05-19T07:38:14.484+0000][162][gc,heap     ] GC(2) Old regions: 2->2
[2022-05-19T07:38:14.484+0000][162][gc,heap     ] GC(2) Archive regions: 2->2
[2022-05-19T07:38:14.485+0000][162][gc,heap     ] GC(2) Humongous regions: 0->0
[2022-05-19T07:38:14.485+0000][162][gc,metaspace] GC(2) Metaspace: 15074K(15360K)->15074K(15360K) NonClass: 13300K(13440K)->13300K(13440K) Class: 1774K(1920K)->1774K(1920K)
[2022-05-19T07:38:14.485+0000][162][gc          ] GC(2) Pause Young (Normal) (G1 Evacuation Pause) 54M->11M(512M) 5.977ms
[2022-05-19T07:38:14.485+0000][162][gc,cpu      ] GC(2) User=0.03s Sys=0.00s Real=0.00s
[2022-05-19T07:38:14.485+0000][162][safepoint   ] Safepoint "G1CollectForAllocation", Time since last: 289308400 ns, Reaching safepoint: 232500 ns, At safepoint: 6515900 ns, Total: 6748400 ns
[2022-05-19T07:38:14.700+0000][162][safepoint   ] Safepoint "ICBufferFull", Time since last: 214055600 ns, Reaching safepoint: 329500 ns, At safepoint: 23400 ns, Total: 352900 ns
[2022-05-19T07:38:14.701+0000][162][safepoint   ] Safepoint "ICBufferFull", Time since last: 1118200 ns, Reaching safepoint: 198100 ns, At safepoint: 18000 ns, Total: 216100 ns
[2022-05-19T07:38:14.703+0000][162][safepoint   ] Safepoint "ICBufferFull", Time since last: 1865400 ns, Reaching safepoint: 174900 ns, At safepoint: 4300 ns, Total: 179200 ns
[2022-05-19T07:38:14.705+0000][162][safepoint   ] Safepoint "ICBufferFull", Time since last: 1153900 ns, Reaching safepoint: 194000 ns, At safepoint: 4800 ns, Total: 198800 ns
[2022-05-19T07:38:14.706+0000][162][safepoint   ] Safepoint "ICBufferFull", Time since last: 890600 ns, Reaching safepoint: 175200 ns, At safepoint: 4400 ns, Total: 179600 ns
[2022-05-19T07:38:14.855+0000][162][safepoint   ] Safepoint "ICBufferFull", Time since last: 148692000 ns, Reaching safepoint: 723900 ns, At safepoint: 43000 ns, Total: 766900 ns
[2022-05-19T07:38:14.979+0000][162][gc,start    ] GC(3) Pause Young (Normal) (G1 Evacuation Pause)
[2022-05-19T07:38:14.979+0000][162][gc,task     ] GC(3) Using 10 workers of 10 for evacuation
[2022-05-19T07:38:14.980+0000][162][gc,age      ] GC(3) Desired survivor size 16777216 bytes, new threshold 15 (max threshold 15)
[2022-05-19T07:38:14.983+0000][162][gc,age      ] GC(3) Age table with threshold 15 (max threshold 15)
[2022-05-19T07:38:14.983+0000][162][gc,age      ] GC(3) - age   1:    3763840 bytes,    3763840 total
[2022-05-19T07:38:14.983+0000][162][gc,age      ] GC(3) - age   2:    1234360 bytes,    4998200 total
[2022-05-19T07:38:14.984+0000][162][gc,age      ] GC(3) - age   3:    1829520 bytes,    6827720 total
[2022-05-19T07:38:14.984+0000][162][gc,phases   ] GC(3)   Pre Evacuate Collection Set: 0.2ms
[2022-05-19T07:38:14.984+0000][162][gc,phases   ] GC(3)   Merge Heap Roots: 0.2ms
[2022-05-19T07:38:14.984+0000][162][gc,phases   ] GC(3)   Evacuate Collection Set: 2.3ms
[2022-05-19T07:38:14.984+0000][162][gc,phases   ] GC(3)   Post Evacuate Collection Set: 0.7ms
[2022-05-19T07:38:14.984+0000][162][gc,phases   ] GC(3)   Other: 1.1ms
[2022-05-19T07:38:14.984+0000][162][gc,heap     ] GC(3) Eden regions: 58->0(74)
[2022-05-19T07:38:14.984+0000][162][gc,heap     ] GC(3) Survivor regions: 1->2(8)
[2022-05-19T07:38:14.984+0000][162][gc,heap     ] GC(3) Old regions: 2->2
[2022-05-19T07:38:14.985+0000][162][gc,heap     ] GC(3) Archive regions: 2->2
[2022-05-19T07:38:14.985+0000][162][gc,heap     ] GC(3) Humongous regions: 0->0
[2022-05-19T07:38:14.985+0000][162][gc,metaspace] GC(3) Metaspace: 17892K(18240K)->17892K(18240K) NonClass: 15732K(15936K)->15732K(15936K) Class: 2159K(2304K)->2159K(2304K)
[2022-05-19T07:38:14.985+0000][162][gc          ] GC(3) Pause Young (Normal) (G1 Evacuation Pause) 243M->15M(512M) 5.664ms
[2022-05-19T07:38:14.985+0000][162][gc,cpu      ] GC(3) User=0.04s Sys=0.01s Real=0.00s
[2022-05-19T07:38:14.985+0000][162][safepoint   ] Safepoint "G1CollectForAllocation", Time since last: 123908400 ns, Reaching safepoint: 232500 ns, At safepoint: 5931700 ns, Total: 6164200 ns
[2022-05-19T07:38:15.391+0000][162][gc,start    ] GC(4) Pause Young (Normal) (G1 Evacuation Pause)
[2022-05-19T07:38:15.391+0000][162][gc,task     ] GC(4) Using 10 workers of 10 for evacuation
[2022-05-19T07:38:15.392+0000][162][gc,age      ] GC(4) Desired survivor size 20971520 bytes, new threshold 15 (max threshold 15)
[2022-05-19T07:38:15.395+0000][162][gc,age      ] GC(4) Age table with threshold 15 (max threshold 15)
[2022-05-19T07:38:15.396+0000][162][gc,age      ] GC(4) - age   1:    4872424 bytes,    4872424 total
[2022-05-19T07:38:15.396+0000][162][gc,age      ] GC(4) - age   2:    3726912 bytes,    8599336 total
[2022-05-19T07:38:15.396+0000][162][gc,age      ] GC(4) - age   3:    1234184 bytes,    9833520 total
[2022-05-19T07:38:15.396+0000][162][gc,age      ] GC(4) - age   4:    1829520 bytes,   11663040 total
[2022-05-19T07:38:15.397+0000][162][gc,phases   ] GC(4)   Pre Evacuate Collection Set: 0.2ms
[2022-05-19T07:38:15.397+0000][162][gc,phases   ] GC(4)   Merge Heap Roots: 0.1ms
[2022-05-19T07:38:15.397+0000][162][gc,phases   ] GC(4)   Evacuate Collection Set: 2.3ms
[2022-05-19T07:38:15.397+0000][162][gc,phases   ] GC(4)   Post Evacuate Collection Set: 0.8ms
[2022-05-19T07:38:15.397+0000][162][gc,phases   ] GC(4)   Other: 2.1ms
[2022-05-19T07:38:15.397+0000][162][gc,heap     ] GC(4) Eden regions: 74->0(73)
[2022-05-19T07:38:15.398+0000][162][gc,heap     ] GC(4) Survivor regions: 2->3(10)
[2022-05-19T07:38:15.398+0000][162][gc,heap     ] GC(4) Old regions: 2->2
[2022-05-19T07:38:15.398+0000][162][gc,heap     ] GC(4) Archive regions: 2->2
[2022-05-19T07:38:15.398+0000][162][gc,heap     ] GC(4) Humongous regions: 0->0
[2022-05-19T07:38:15.398+0000][162][gc,metaspace] GC(4) Metaspace: 19212K(19584K)->19212K(19584K) NonClass: 16870K(17088K)->16870K(17088K) Class: 2342K(2496K)->2342K(2496K)
[2022-05-19T07:38:15.398+0000][162][gc          ] GC(4) Pause Young (Normal) (G1 Evacuation Pause) 311M->19M(512M) 7.091ms
[2022-05-19T07:38:15.398+0000][162][gc,cpu      ] GC(4) User=0.05s Sys=0.01s Real=0.01s
[2022-05-19T07:38:15.399+0000][162][safepoint   ] Safepoint "G1CollectForAllocation", Time since last: 405786600 ns, Reaching safepoint: 190700 ns, At safepoint: 7602400 ns, Total: 7793100 ns
[2022-05-19T07:38:15.697+0000][162][gc,start    ] GC(5) Pause Young (Normal) (G1 Evacuation Pause)
[2022-05-19T07:38:15.697+0000][162][gc,task     ] GC(5) Using 10 workers of 10 for evacuation
[2022-05-19T07:38:15.698+0000][162][gc,age      ] GC(5) Desired survivor size 20971520 bytes, new threshold 15 (max threshold 15)
[2022-05-19T07:38:15.702+0000][162][gc,age      ] GC(5) Age table with threshold 15 (max threshold 15)
[2022-05-19T07:38:15.703+0000][162][gc,age      ] GC(5) - age   1:    2015864 bytes,    2015864 total
[2022-05-19T07:38:15.703+0000][162][gc,age      ] GC(5) - age   2:    4133280 bytes,    6149144 total
[2022-05-19T07:38:15.703+0000][162][gc,age      ] GC(5) - age   3:    3726432 bytes,    9875576 total
[2022-05-19T07:38:15.704+0000][162][gc,age      ] GC(5) - age   4:    1234120 bytes,   11109696 total
[2022-05-19T07:38:15.704+0000][162][gc,age      ] GC(5) - age   5:    1829456 bytes,   12939152 total
[2022-05-19T07:38:15.704+0000][162][gc,phases   ] GC(5)   Pre Evacuate Collection Set: 0.2ms
[2022-05-19T07:38:15.705+0000][162][gc,phases   ] GC(5)   Merge Heap Roots: 0.3ms
[2022-05-19T07:38:15.705+0000][162][gc,phases   ] GC(5)   Evacuate Collection Set: 2.8ms
[2022-05-19T07:38:15.705+0000][162][gc,phases   ] GC(5)   Post Evacuate Collection Set: 1.3ms
[2022-05-19T07:38:15.705+0000][162][gc,phases   ] GC(5)   Other: 3.0ms
[2022-05-19T07:38:15.705+0000][162][gc,heap     ] GC(5) Eden regions: 73->0(72)
[2022-05-19T07:38:15.705+0000][162][gc,heap     ] GC(5) Survivor regions: 3->4(10)
[2022-05-19T07:38:15.705+0000][162][gc,heap     ] GC(5) Old regions: 2->2
[2022-05-19T07:38:15.705+0000][162][gc,heap     ] GC(5) Archive regions: 2->2
[2022-05-19T07:38:15.706+0000][162][gc,heap     ] GC(5) Humongous regions: 0->0
[2022-05-19T07:38:15.706+0000][162][gc,metaspace] GC(5) Metaspace: 19717K(20160K)->19717K(20160K) NonClass: 17285K(17536K)->17285K(17536K) Class: 2431K(2624K)->2431K(2624K)
[2022-05-19T07:38:15.706+0000][162][gc          ] GC(5) Pause Young (Normal) (G1 Evacuation Pause) 311M->21M(512M) 9.122ms
[2022-05-19T07:38:15.706+0000][162][gc,cpu      ] GC(5) User=0.05s Sys=0.01s Real=0.01s
[2022-05-19T07:38:15.707+0000][162][safepoint   ] Safepoint "G1CollectForAllocation", Time since last: 297867100 ns, Reaching safepoint: 229400 ns, At safepoint: 9832200 ns, Total: 10061600 ns
[2022-05-19T07:38:16.012+0000][162][gc,start    ] GC(6) Pause Young (Normal) (G1 Evacuation Pause)
[2022-05-19T07:38:16.012+0000][162][gc,task     ] GC(6) Using 10 workers of 10 for evacuation
[2022-05-19T07:38:16.013+0000][162][gc,age      ] GC(6) Desired survivor size 20971520 bytes, new threshold 15 (max threshold 15)
[2022-05-19T07:38:16.017+0000][162][gc,age      ] GC(6) Age table with threshold 15 (max threshold 15)
[2022-05-19T07:38:16.018+0000][162][gc,age      ] GC(6) - age   1:    2816544 bytes,    2816544 total
[2022-05-19T07:38:16.018+0000][162][gc,age      ] GC(6) - age   2:     663032 bytes,    3479576 total
[2022-05-19T07:38:16.018+0000][162][gc,age      ] GC(6) - age   3:    4128896 bytes,    7608472 total
[2022-05-19T07:38:16.019+0000][162][gc,age      ] GC(6) - age   4:    3723752 bytes,   11332224 total
[2022-05-19T07:38:16.019+0000][162][gc,age      ] GC(6) - age   5:    1234016 bytes,   12566240 total
[2022-05-19T07:38:16.019+0000][162][gc,age      ] GC(6) - age   6:    1829424 bytes,   14395664 total
[2022-05-19T07:38:16.020+0000][162][gc,phases   ] GC(6)   Pre Evacuate Collection Set: 0.2ms
[2022-05-19T07:38:16.020+0000][162][gc,phases   ] GC(6)   Merge Heap Roots: 0.2ms
[2022-05-19T07:38:16.020+0000][162][gc,phases   ] GC(6)   Evacuate Collection Set: 2.8ms
[2022-05-19T07:38:16.020+0000][162][gc,phases   ] GC(6)   Post Evacuate Collection Set: 0.9ms
[2022-05-19T07:38:16.020+0000][162][gc,phases   ] GC(6)   Other: 3.3ms
[2022-05-19T07:38:16.021+0000][162][gc,heap     ] GC(6) Eden regions: 72->0(72)
[2022-05-19T07:38:16.021+0000][162][gc,heap     ] GC(6) Survivor regions: 4->4(10)
[2022-05-19T07:38:16.021+0000][162][gc,heap     ] GC(6) Old regions: 2->2
[2022-05-19T07:38:16.021+0000][162][gc,heap     ] GC(6) Archive regions: 2->2
[2022-05-19T07:38:16.021+0000][162][gc,heap     ] GC(6) Humongous regions: 0->0
[2022-05-19T07:38:16.021+0000][162][gc,metaspace] GC(6) Metaspace: 20881K(21440K)->20881K(21440K) NonClass: 18299K(18624K)->18299K(18624K) Class: 2582K(2816K)->2582K(2816K)
[2022-05-19T07:38:16.022+0000][162][gc          ] GC(6) Pause Young (Normal) (G1 Evacuation Pause) 309M->22M(512M) 9.691ms
[2022-05-19T07:38:16.022+0000][162][gc,cpu      ] GC(6) User=0.03s Sys=0.00s Real=0.01s
[2022-05-19T07:38:16.022+0000][162][safepoint   ] Safepoint "G1CollectForAllocation", Time since last: 305181400 ns, Reaching safepoint: 242400 ns, At safepoint: 10154300 ns, Total: 10396700 ns
[2022-05-19T07:38:16.155+0000][162][gc,start    ] GC(7) Pause Young (Concurrent Start) (Metadata GC Threshold)
[2022-05-19T07:38:16.156+0000][162][gc,task     ] GC(7) Using 10 workers of 10 for evacuation
[2022-05-19T07:38:16.156+0000][162][gc,age      ] GC(7) Desired survivor size 20971520 bytes, new threshold 15 (max threshold 15)
[2022-05-19T07:38:16.161+0000][162][gc,age      ] GC(7) Age table with threshold 15 (max threshold 15)
[2022-05-19T07:38:16.162+0000][162][gc,age      ] GC(7) - age   1:     709856 bytes,     709856 total
[2022-05-19T07:38:16.162+0000][162][gc,age      ] GC(7) - age   2:    2068760 bytes,    2778616 total
[2022-05-19T07:38:16.162+0000][162][gc,age      ] GC(7) - age   3:     662928 bytes,    3441544 total
[2022-05-19T07:38:16.162+0000][162][gc,age      ] GC(7) - age   4:    4128048 bytes,    7569592 total
[2022-05-19T07:38:16.163+0000][162][gc,age      ] GC(7) - age   5:    3723472 bytes,   11293064 total
[2022-05-19T07:38:16.163+0000][162][gc,age      ] GC(7) - age   6:    1234016 bytes,   12527080 total
[2022-05-19T07:38:16.163+0000][162][gc,age      ] GC(7) - age   7:    1829424 bytes,   14356504 total
[2022-05-19T07:38:16.163+0000][162][gc,phases   ] GC(7)   Pre Evacuate Collection Set: 0.2ms
[2022-05-19T07:38:16.164+0000][162][gc,phases   ] GC(7)   Merge Heap Roots: 0.2ms
[2022-05-19T07:38:16.164+0000][162][gc,phases   ] GC(7)   Evacuate Collection Set: 3.4ms
[2022-05-19T07:38:16.164+0000][162][gc,phases   ] GC(7)   Post Evacuate Collection Set: 1.1ms
[2022-05-19T07:38:16.165+0000][162][gc,phases   ] GC(7)   Other: 3.3ms
[2022-05-19T07:38:16.165+0000][162][gc,heap     ] GC(7) Eden regions: 33->0(72)
[2022-05-19T07:38:16.165+0000][162][gc,heap     ] GC(7) Survivor regions: 4->4(10)
[2022-05-19T07:38:16.165+0000][162][gc,heap     ] GC(7) Old regions: 2->2
[2022-05-19T07:38:16.165+0000][162][gc,heap     ] GC(7) Archive regions: 2->2
[2022-05-19T07:38:16.166+0000][162][gc,heap     ] GC(7) Humongous regions: 0->0
[2022-05-19T07:38:16.166+0000][162][gc,metaspace] GC(7) Metaspace: 21026K(21504K)->21026K(21504K) NonClass: 18416K(18688K)->18416K(18688K) Class: 2609K(2816K)->2609K(2816K)
[2022-05-19T07:38:16.166+0000][162][gc          ] GC(7) Pause Young (Concurrent Start) (Metadata GC Threshold) 154M->23M(512M) 10.807ms
[2022-05-19T07:38:16.166+0000][162][gc,cpu      ] GC(7) User=0.03s Sys=0.01s Real=0.02s
[2022-05-19T07:38:16.166+0000][162][gc          ] GC(8) Concurrent Mark Cycle
[2022-05-19T07:38:16.167+0000][162][gc,marking  ] GC(8) Concurrent Clear Claimed Marks
[2022-05-19T07:38:16.166+0000][162][safepoint   ] Safepoint "CollectForMetadataAllocation", Time since last: 132651000 ns, Reaching safepoint: 274000 ns, At safepoint: 11361600 ns, Total: 11635600 ns
[2022-05-19T07:38:16.167+0000][162][gc,marking  ] GC(8) Concurrent Clear Claimed Marks 0.259ms
[2022-05-19T07:38:16.167+0000][162][gc,marking  ] GC(8) Concurrent Scan Root Regions
[2022-05-19T07:38:16.170+0000][162][gc,marking  ] GC(8) Concurrent Scan Root Regions 2.871ms
[2022-05-19T07:38:16.170+0000][162][gc,marking  ] GC(8) Concurrent Mark
[2022-05-19T07:38:16.171+0000][162][gc,marking  ] GC(8) Concurrent Mark From Roots
[2022-05-19T07:38:16.171+0000][162][gc,task     ] GC(8) Using 3 workers of 3 for marking
[2022-05-19T07:38:16.176+0000][162][gc,marking  ] GC(8) Concurrent Mark From Roots 5.613ms
[2022-05-19T07:38:16.177+0000][162][gc,marking  ] GC(8) Concurrent Preclean
[2022-05-19T07:38:16.177+0000][162][gc,marking  ] GC(8) Concurrent Preclean 0.558ms
[2022-05-19T07:38:16.178+0000][162][gc,start    ] GC(8) Pause Remark
[2022-05-19T07:38:16.181+0000][162][gc          ] GC(8) Pause Remark 25M->25M(512M) 2.705ms
[2022-05-19T07:38:16.181+0000][162][gc,cpu      ] GC(8) User=0.02s Sys=0.00s Real=0.00s
[2022-05-19T07:38:16.181+0000][162][safepoint   ] Safepoint "G1Concurrent", Time since last: 10989400 ns, Reaching safepoint: 395800 ns, At safepoint: 3335500 ns, Total: 3731300 ns
[2022-05-19T07:38:16.181+0000][162][gc,marking  ] GC(8) Concurrent Mark 11.055ms
[2022-05-19T07:38:16.182+0000][162][gc,marking  ] GC(8) Concurrent Rebuild Remembered Sets
[2022-05-19T07:38:16.185+0000][162][gc,marking  ] GC(8) Concurrent Rebuild Remembered Sets 2.670ms
[2022-05-19T07:38:16.185+0000][162][gc,start    ] GC(8) Pause Cleanup
[2022-05-19T07:38:16.186+0000][162][gc          ] GC(8) Pause Cleanup 25M->25M(512M) 0.453ms
[2022-05-19T07:38:16.186+0000][162][gc,cpu      ] GC(8) User=0.00s Sys=0.00s Real=0.01s
[2022-05-19T07:38:16.187+0000][162][safepoint   ] Safepoint "G1Concurrent", Time since last: 3792900 ns, Reaching safepoint: 359400 ns, At safepoint: 1176300 ns, Total: 1535700 ns
[2022-05-19T07:38:16.187+0000][162][gc,marking  ] GC(8) Concurrent Cleanup for Next Mark
[2022-05-19T07:38:16.188+0000][162][gc,marking  ] GC(8) Concurrent Cleanup for Next Mark 0.632ms
[2022-05-19T07:38:16.188+0000][162][gc          ] GC(8) Concurrent Mark Cycle 21.508ms
[2022-05-19T07:38:16.646+0000][162][safepoint   ] Safepoint "ICBufferFull", Time since last: 459570000 ns, Reaching safepoint: 166600 ns, At safepoint: 4800 ns, Total: 171400 ns
[2022-05-19T07:38:16.647+0000][162][safepoint   ] Safepoint "ICBufferFull", Time since last: 958300 ns, Reaching safepoint: 144200 ns, At safepoint: 4300 ns, Total: 148500 ns
[2022-05-19T07:38:16.649+0000][162][safepoint   ] Safepoint "ICBufferFull", Time since last: 913700 ns, Reaching safepoint: 224000 ns, At safepoint: 5600 ns, Total: 229600 ns
[2022-05-19T07:38:16.650+0000][162][safepoint   ] Safepoint "ICBufferFull", Time since last: 879700 ns, Reaching safepoint: 233800 ns, At safepoint: 5600 ns, Total: 239400 ns
[2022-05-19T07:38:16.662+0000][162][safepoint   ] Safepoint "ICBufferFull", Time since last: 12655500 ns, Reaching safepoint: 169100 ns, At safepoint: 16600 ns, Total: 185700 ns
[2022-05-19T07:38:16.664+0000][162][safepoint   ] Safepoint "ICBufferFull", Time since last: 869800 ns, Reaching safepoint: 150800 ns, At safepoint: 4300 ns, Total: 155100 ns
[2022-05-19T07:38:16.688+0000][162][safepoint   ] Safepoint "ICBufferFull", Time since last: 23977800 ns, Reaching safepoint: 284300 ns, At safepoint: 30900 ns, Total: 315200 ns
[2022-05-19T07:38:16.692+0000][162][safepoint   ] Safepoint "ICBufferFull", Time since last: 4093500 ns, Reaching safepoint: 248500 ns, At safepoint: 6100 ns, Total: 254600 ns
[2022-05-19T07:38:16.703+0000][162][safepoint   ] Safepoint "ICBufferFull", Time since last: 10712900 ns, Reaching safepoint: 176500 ns, At safepoint: 4800 ns, Total: 181300 ns
[2022-05-19T07:38:16.749+0000][162][safepoint   ] Safepoint "ICBufferFull", Time since last: 45326200 ns, Reaching safepoint: 291700 ns, At safepoint: 19100 ns, Total: 310800 ns
[2022-05-19T07:38:16.750+0000][162][safepoint   ] Safepoint "ICBufferFull", Time since last: 1032100 ns, Reaching safepoint: 280200 ns, At safepoint: 17800 ns, Total: 298000 ns
[2022-05-19T07:38:16.751+0000][162][safepoint   ] Safepoint "ICBufferFull", Time since last: 1030000 ns, Reaching safepoint: 155600 ns, At safepoint: 16200 ns, Total: 171800 ns
[2022-05-19T07:38:16.762+0000][162][safepoint   ] Safepoint "ICBufferFull", Time since last: 10452300 ns, Reaching safepoint: 299000 ns, At safepoint: 18900 ns, Total: 317900 ns
[2022-05-19T07:38:16.763+0000][162][safepoint   ] Safepoint "ICBufferFull", Time since last: 951900 ns, Reaching safepoint: 164400 ns, At safepoint: 5100 ns, Total: 169500 ns
[2022-05-19T07:38:16.854+0000][162][safepoint   ] Safepoint "ICBufferFull", Time since last: 90721400 ns, Reaching safepoint: 388500 ns, At safepoint: 59400 ns, Total: 447900 ns
[2022-05-19T07:38:17.582+0000][162][safepoint   ] Safepoint "ICBufferFull", Time since last: 727186700 ns, Reaching safepoint: 320900 ns, At safepoint: 20000 ns, Total: 340900 ns
[2022-05-19T07:38:18.251+0000][162][safepoint   ] Safepoint "ICBufferFull", Time since last: 668505700 ns, Reaching safepoint: 179600 ns, At safepoint: 23300 ns, Total: 202900 ns
[2022-05-19T07:38:18.285+0000][162][gc,start    ] GC(9) Pause Young (Concurrent Start) (Metadata GC Threshold)
[2022-05-19T07:38:18.286+0000][162][gc,task     ] GC(9) Using 10 workers of 10 for evacuation
[2022-05-19T07:38:18.286+0000][162][gc,age      ] GC(9) Desired survivor size 20971520 bytes, new threshold 15 (max threshold 15)
[2022-05-19T07:38:18.298+0000][162][gc,age      ] GC(9) Age table with threshold 15 (max threshold 15)
[2022-05-19T07:38:18.298+0000][162][gc,age      ] GC(9) - age   1:   27247832 bytes,   27247832 total
[2022-05-19T07:38:18.298+0000][162][gc,age      ] GC(9) - age   2:     686984 bytes,   27934816 total
[2022-05-19T07:38:18.299+0000][162][gc,age      ] GC(9) - age   3:    2036008 bytes,   29970824 total
[2022-05-19T07:38:18.299+0000][162][gc,age      ] GC(9) - age   4:     646488 bytes,   30617312 total
[2022-05-19T07:38:18.299+0000][162][gc,age      ] GC(9) - age   5:    4105712 bytes,   34723024 total
[2022-05-19T07:38:18.299+0000][162][gc,age      ] GC(9) - age   6:    3643424 bytes,   38366448 total
[2022-05-19T07:38:18.300+0000][162][gc,age      ] GC(9) - age   7:    1178064 bytes,   39544512 total
[2022-05-19T07:38:18.300+0000][162][gc,age      ] GC(9) - age   8:    1821616 bytes,   41366128 total
[2022-05-19T07:38:18.300+0000][162][gc,phases   ] GC(9)   Pre Evacuate Collection Set: 0.2ms
[2022-05-19T07:38:18.300+0000][162][gc,phases   ] GC(9)   Merge Heap Roots: 0.2ms
[2022-05-19T07:38:18.300+0000][162][gc,phases   ] GC(9)   Evacuate Collection Set: 9.9ms
[2022-05-19T07:38:18.300+0000][162][gc,phases   ] GC(9)   Post Evacuate Collection Set: 1.4ms
[2022-05-19T07:38:18.300+0000][162][gc,phases   ] GC(9)   Other: 2.7ms
[2022-05-19T07:38:18.300+0000][162][gc,heap     ] GC(9) Eden regions: 71->0(66)
[2022-05-19T07:38:18.301+0000][162][gc,heap     ] GC(9) Survivor regions: 4->10(10)
[2022-05-19T07:38:18.301+0000][162][gc,heap     ] GC(9) Old regions: 2->2
[2022-05-19T07:38:18.301+0000][162][gc,heap     ] GC(9) Archive regions: 2->2
[2022-05-19T07:38:18.301+0000][162][gc,heap     ] GC(9) Humongous regions: 0->0
[2022-05-19T07:38:18.301+0000][162][gc,metaspace] GC(9) Metaspace: 35101K(36096K)->35101K(36096K) NonClass: 30443K(31040K)->30443K(31040K) Class: 4658K(5056K)->4658K(5056K)
[2022-05-19T07:38:18.301+0000][162][gc          ] GC(9) Pause Young (Concurrent Start) (Metadata GC Threshold) 305M->48M(512M) 15.667ms
[2022-05-19T07:38:18.301+0000][162][gc,cpu      ] GC(9) User=0.13s Sys=0.00s Real=0.02s
[2022-05-19T07:38:18.301+0000][162][gc          ] GC(10) Concurrent Mark Cycle
[2022-05-19T07:38:18.302+0000][162][gc,marking  ] GC(10) Concurrent Clear Claimed Marks
[2022-05-19T07:38:18.301+0000][162][safepoint   ] Safepoint "CollectForMetadataAllocation", Time since last: 34674500 ns, Reaching safepoint: 207200 ns, At safepoint: 16050400 ns, Total: 16257600 ns
[2022-05-19T07:38:18.302+0000][162][gc,marking  ] GC(10) Concurrent Clear Claimed Marks 0.250ms
[2022-05-19T07:38:18.302+0000][162][gc,marking  ] GC(10) Concurrent Scan Root Regions
[2022-05-19T07:38:18.311+0000][162][gc,marking  ] GC(10) Concurrent Scan Root Regions 9.228ms
[2022-05-19T07:38:18.312+0000][162][gc,marking  ] GC(10) Concurrent Mark
[2022-05-19T07:38:18.312+0000][162][gc,marking  ] GC(10) Concurrent Mark From Roots
[2022-05-19T07:38:18.312+0000][162][gc,task     ] GC(10) Using 3 workers of 3 for marking
[2022-05-19T07:38:18.317+0000][162][gc,marking  ] GC(10) Concurrent Mark From Roots 5.028ms
[2022-05-19T07:38:18.317+0000][162][gc,marking  ] GC(10) Concurrent Preclean
[2022-05-19T07:38:18.318+0000][162][gc,marking  ] GC(10) Concurrent Preclean 0.540ms
[2022-05-19T07:38:18.318+0000][162][gc,start    ] GC(10) Pause Remark
[2022-05-19T07:38:18.321+0000][162][gc          ] GC(10) Pause Remark 50M->50M(512M) 2.604ms
[2022-05-19T07:38:18.321+0000][162][gc,cpu      ] GC(10) User=0.01s Sys=0.00s Real=0.00s
[2022-05-19T07:38:18.321+0000][162][safepoint   ] Safepoint "G1Concurrent", Time since last: 16525300 ns, Reaching safepoint: 255000 ns, At safepoint: 3256500 ns, Total: 3511500 ns
[2022-05-19T07:38:18.322+0000][162][gc,marking  ] GC(10) Concurrent Mark 10.052ms
[2022-05-19T07:38:18.322+0000][162][gc,marking  ] GC(10) Concurrent Rebuild Remembered Sets
[2022-05-19T07:38:18.325+0000][162][gc,marking  ] GC(10) Concurrent Rebuild Remembered Sets 2.754ms
[2022-05-19T07:38:18.325+0000][162][gc,start    ] GC(10) Pause Cleanup
[2022-05-19T07:38:18.326+0000][162][gc          ] GC(10) Pause Cleanup 50M->50M(512M) 0.389ms
[2022-05-19T07:38:18.326+0000][162][gc,cpu      ] GC(10) User=0.00s Sys=0.01s Real=0.01s
[2022-05-19T07:38:18.326+0000][162][safepoint   ] Safepoint "G1Concurrent", Time since last: 3457600 ns, Reaching safepoint: 291200 ns, At safepoint: 850000 ns, Total: 1141200 ns
[2022-05-19T07:38:18.326+0000][162][gc,marking  ] GC(10) Concurrent Cleanup for Next Mark
[2022-05-19T07:38:18.327+0000][162][gc,marking  ] GC(10) Concurrent Cleanup for Next Mark 0.447ms
[2022-05-19T07:38:18.327+0000][162][gc          ] GC(10) Concurrent Mark Cycle 25.667ms
[2022-05-19T07:38:19.185+0000][162][safepoint   ] Safepoint "ICBufferFull", Time since last: 858997600 ns, Reaching safepoint: 330000 ns, At safepoint: 60100 ns, Total: 390100 ns
[2022-05-19T07:38:19.510+0000][162][safepoint   ] Safepoint "ICBufferFull", Time since last: 324554000 ns, Reaching safepoint: 359400 ns, At safepoint: 24200 ns, Total: 383600 ns
[2022-05-19T07:38:19.715+0000][162][gc,start    ] GC(11) Pause Young (Normal) (G1 Evacuation Pause)
[2022-05-19T07:38:19.716+0000][162][gc,task     ] GC(11) Using 10 workers of 10 for evacuation
[2022-05-19T07:38:19.716+0000][162][gc,age      ] GC(11) Desired survivor size 20971520 bytes, new threshold 1 (max threshold 15)
[2022-05-19T07:38:19.730+0000][162][gc,age      ] GC(11) Age table with threshold 1 (max threshold 15)
[2022-05-19T07:38:19.731+0000][162][gc,age      ] GC(11) - age   1:    6112360 bytes,    6112360 total
[2022-05-19T07:38:19.731+0000][162][gc,phases   ] GC(11)   Pre Evacuate Collection Set: 0.2ms
[2022-05-19T07:38:19.731+0000][162][gc,phases   ] GC(11)   Merge Heap Roots: 0.2ms
[2022-05-19T07:38:19.731+0000][162][gc,phases   ] GC(11)   Evacuate Collection Set: 12.4ms
[2022-05-19T07:38:19.732+0000][162][gc,phases   ] GC(11)   Post Evacuate Collection Set: 1.3ms
[2022-05-19T07:38:19.732+0000][162][gc,phases   ] GC(11)   Other: 1.6ms
[2022-05-19T07:38:19.732+0000][162][gc,heap     ] GC(11) Eden regions: 66->0(73)
[2022-05-19T07:38:19.732+0000][162][gc,heap     ] GC(11) Survivor regions: 10->3(10)
[2022-05-19T07:38:19.732+0000][162][gc,heap     ] GC(11) Old regions: 2->11
[2022-05-19T07:38:19.732+0000][162][gc,heap     ] GC(11) Archive regions: 2->2
[2022-05-19T07:38:19.732+0000][162][gc,heap     ] GC(11) Humongous regions: 0->0
[2022-05-19T07:38:19.733+0000][162][gc,metaspace] GC(11) Metaspace: 52204K(53376K)->52204K(53376K) NonClass: 45111K(45824K)->45111K(45824K) Class: 7092K(7552K)->7092K(7552K)
[2022-05-19T07:38:19.733+0000][162][gc          ] GC(11) Pause Young (Normal) (G1 Evacuation Pause) 312M->56M(512M) 17.556ms
[2022-05-19T07:38:19.733+0000][162][gc,cpu      ] GC(11) User=0.17s Sys=0.00s Real=0.02s
[2022-05-19T07:38:19.733+0000][162][safepoint   ] Safepoint "G1CollectForAllocation", Time since last: 204654100 ns, Reaching safepoint: 200700 ns, At safepoint: 18163500 ns, Total: 18364200 ns
[2022-05-19T07:38:20.258+0000][162][safepoint   ] Safepoint "ICBufferFull", Time since last: 523882500 ns, Reaching safepoint: 660400 ns, At safepoint: 32900 ns, Total: 693300 ns
[2022-05-19T07:38:20.476+0000][162][gc,start    ] GC(12) Pause Young (Concurrent Start) (Metadata GC Threshold)
[2022-05-19T07:38:20.477+0000][162][gc,task     ] GC(12) Using 10 workers of 10 for evacuation
[2022-05-19T07:38:20.477+0000][162][gc,age      ] GC(12) Desired survivor size 20971520 bytes, new threshold 15 (max threshold 15)
[2022-05-19T07:38:20.482+0000][162][gc,age      ] GC(12) Age table with threshold 15 (max threshold 15)
[2022-05-19T07:38:20.483+0000][162][gc,age      ] GC(12) - age   1:    3902288 bytes,    3902288 total
[2022-05-19T07:38:20.483+0000][162][gc,age      ] GC(12) - age   2:    5942072 bytes,    9844360 total
[2022-05-19T07:38:20.483+0000][162][gc,phases   ] GC(12)   Pre Evacuate Collection Set: 0.2ms
[2022-05-19T07:38:20.483+0000][162][gc,phases   ] GC(12)   Merge Heap Roots: 0.2ms
[2022-05-19T07:38:20.484+0000][162][gc,phases   ] GC(12)   Evacuate Collection Set: 3.5ms
[2022-05-19T07:38:20.484+0000][162][gc,phases   ] GC(12)   Post Evacuate Collection Set: 1.5ms
[2022-05-19T07:38:20.484+0000][162][gc,phases   ] GC(12)   Other: 1.6ms
[2022-05-19T07:38:20.484+0000][162][gc,heap     ] GC(12) Eden regions: 28->0(73)
[2022-05-19T07:38:20.484+0000][162][gc,heap     ] GC(12) Survivor regions: 3->3(10)
[2022-05-19T07:38:20.485+0000][162][gc,heap     ] GC(12) Old regions: 11->11
[2022-05-19T07:38:20.485+0000][162][gc,heap     ] GC(12) Archive regions: 2->2
[2022-05-19T07:38:20.485+0000][162][gc,heap     ] GC(12) Humongous regions: 0->0
[2022-05-19T07:38:20.485+0000][162][gc,metaspace] GC(12) Metaspace: 59470K(60736K)->59470K(60736K) NonClass: 51375K(52096K)->51375K(52096K) Class: 8094K(8640K)->8094K(8640K)
[2022-05-19T07:38:20.485+0000][162][gc          ] GC(12) Pause Young (Concurrent Start) (Metadata GC Threshold) 166M->58M(512M) 8.792ms
[2022-05-19T07:38:20.485+0000][162][gc,cpu      ] GC(12) User=0.04s Sys=0.00s Real=0.00s
[2022-05-19T07:38:20.486+0000][162][gc          ] GC(13) Concurrent Mark Cycle
[2022-05-19T07:38:20.486+0000][162][gc,marking  ] GC(13) Concurrent Clear Claimed Marks
[2022-05-19T07:38:20.486+0000][162][safepoint   ] Safepoint "CollectForMetadataAllocation", Time since last: 218163600 ns, Reaching safepoint: 167300 ns, At safepoint: 9248200 ns, Total: 9415500 ns
[2022-05-19T07:38:20.486+0000][162][gc,marking  ] GC(13) Concurrent Clear Claimed Marks 0.260ms
[2022-05-19T07:38:20.486+0000][162][gc,marking  ] GC(13) Concurrent Scan Root Regions
[2022-05-19T07:38:20.490+0000][162][gc,marking  ] GC(13) Concurrent Scan Root Regions 3.373ms
[2022-05-19T07:38:20.490+0000][162][gc,marking  ] GC(13) Concurrent Mark
[2022-05-19T07:38:20.490+0000][162][gc,marking  ] GC(13) Concurrent Mark From Roots
[2022-05-19T07:38:20.491+0000][162][gc,task     ] GC(13) Using 3 workers of 3 for marking
[2022-05-19T07:38:20.512+0000][162][safepoint   ] Safepoint "CollectForMetadataAllocation", Time since last: 25620100 ns, Reaching safepoint: 323600 ns, At safepoint: 83000 ns, Total: 406600 ns
[2022-05-19T07:38:20.521+0000][162][gc,marking  ] GC(13) Concurrent Mark From Roots 30.694ms
[2022-05-19T07:38:20.521+0000][162][gc,marking  ] GC(13) Concurrent Preclean
[2022-05-19T07:38:20.522+0000][162][gc,marking  ] GC(13) Concurrent Preclean 0.602ms
[2022-05-19T07:38:20.523+0000][162][gc,start    ] GC(13) Pause Remark
[2022-05-19T07:38:20.525+0000][162][gc          ] GC(13) Pause Remark 62M->62M(512M) 2.741ms
[2022-05-19T07:38:20.526+0000][162][gc,cpu      ] GC(13) User=0.01s Sys=0.00s Real=0.01s
[2022-05-19T07:38:20.526+0000][162][safepoint   ] Safepoint "G1Concurrent", Time since last: 10518300 ns, Reaching safepoint: 400400 ns, At safepoint: 3551700 ns, Total: 3952100 ns
[2022-05-19T07:38:20.526+0000][162][gc,marking  ] GC(13) Concurrent Mark 36.364ms
[2022-05-19T07:38:20.527+0000][162][gc,marking  ] GC(13) Concurrent Rebuild Remembered Sets
[2022-05-19T07:38:20.527+0000][162][gc,marking  ] GC(13) Concurrent Rebuild Remembered Sets 0.314ms
[2022-05-19T07:38:20.528+0000][162][gc,start    ] GC(13) Pause Cleanup
[2022-05-19T07:38:20.528+0000][162][gc          ] GC(13) Pause Cleanup 62M->62M(512M) 0.184ms
[2022-05-19T07:38:20.528+0000][162][gc,cpu      ] GC(13) User=0.00s Sys=0.00s Real=0.00s
[2022-05-19T07:38:20.528+0000][162][safepoint   ] Safepoint "G1Concurrent", Time since last: 1235900 ns, Reaching safepoint: 321500 ns, At safepoint: 774300 ns, Total: 1095800 ns
[2022-05-19T07:38:20.529+0000][162][gc,marking  ] GC(13) Concurrent Cleanup for Next Mark
[2022-05-19T07:38:20.529+0000][162][gc,marking  ] GC(13) Concurrent Cleanup for Next Mark 0.434ms
[2022-05-19T07:38:20.529+0000][162][gc          ] GC(13) Concurrent Mark Cycle 43.813ms
[2022-05-19T07:38:21.433+0000][162][safepoint   ] Safepoint "ICBufferFull", Time since last: 904609600 ns, Reaching safepoint: 275000 ns, At safepoint: 6300 ns, Total: 281300 ns
[2022-05-19T07:38:22.326+0000][162][safepoint   ] Safepoint "ICBufferFull", Time since last: 891896000 ns, Reaching safepoint: 488600 ns, At safepoint: 34900 ns, Total: 523500 ns
[2022-05-19T07:38:23.030+0000][162][safepoint   ] Safepoint "ICBufferFull", Time since last: 704067200 ns, Reaching safepoint: 198900 ns, At safepoint: 17900 ns, Total: 216800 ns
[2022-05-19T07:38:23.520+0000][162][safepoint   ] Safepoint "ICBufferFull", Time since last: 489832600 ns, Reaching safepoint: 213300 ns, At safepoint: 18500 ns, Total: 231800 ns
[2022-05-19T07:38:23.954+0000][162][gc,start    ] GC(14) Pause Young (Concurrent Start) (G1 Evacuation Pause)
[2022-05-19T07:38:23.954+0000][162][gc,task     ] GC(14) Using 10 workers of 10 for evacuation
[2022-05-19T07:38:23.954+0000][162][gc,age      ] GC(14) Desired survivor size 20971520 bytes, new threshold 15 (max threshold 15)
[2022-05-19T07:38:23.965+0000][162][gc,age      ] GC(14) Age table with threshold 15 (max threshold 15)
[2022-05-19T07:38:23.966+0000][162][gc,age      ] GC(14) - age   1:   13456832 bytes,   13456832 total
[2022-05-19T07:38:23.966+0000][162][gc,age      ] GC(14) - age   2:    3767744 bytes,   17224576 total
[2022-05-19T07:38:23.966+0000][162][gc,age      ] GC(14) - age   3:    5784696 bytes,   23009272 total
[2022-05-19T07:38:23.966+0000][162][gc,phases   ] GC(14)   Pre Evacuate Collection Set: 0.3ms
[2022-05-19T07:38:23.966+0000][162][gc,phases   ] GC(14)   Merge Heap Roots: 0.2ms
[2022-05-19T07:38:23.966+0000][162][gc,phases   ] GC(14)   Evacuate Collection Set: 9.0ms
[2022-05-19T07:38:23.966+0000][162][gc,phases   ] GC(14)   Post Evacuate Collection Set: 1.3ms
[2022-05-19T07:38:23.966+0000][162][gc,phases   ] GC(14)   Other: 1.3ms
[2022-05-19T07:38:23.967+0000][162][gc,heap     ] GC(14) Eden regions: 73->0(70)
[2022-05-19T07:38:23.967+0000][162][gc,heap     ] GC(14) Survivor regions: 3->6(10)
[2022-05-19T07:38:23.967+0000][162][gc,heap     ] GC(14) Old regions: 11->11
[2022-05-19T07:38:23.967+0000][162][gc,heap     ] GC(14) Archive regions: 2->2
[2022-05-19T07:38:23.967+0000][162][gc,heap     ] GC(14) Humongous regions: 0->0
[2022-05-19T07:38:23.967+0000][162][gc,metaspace] GC(14) Metaspace: 93254K(94784K)->93254K(94784K) NonClass: 80163K(81088K)->80163K(81088K) Class: 13091K(13696K)->13091K(13696K)
[2022-05-19T07:38:23.967+0000][162][gc          ] GC(14) Pause Young (Concurrent Start) (G1 Evacuation Pause) 350M->70M(512M) 13.219ms
[2022-05-19T07:38:23.967+0000][162][gc,cpu      ] GC(14) User=0.11s Sys=0.00s Real=0.02s
[2022-05-19T07:38:23.967+0000][162][gc          ] GC(15) Concurrent Mark Cycle
[2022-05-19T07:38:23.968+0000][162][gc,marking  ] GC(15) Concurrent Clear Claimed Marks
[2022-05-19T07:38:23.967+0000][162][safepoint   ] Safepoint "G1CollectForAllocation", Time since last: 433292100 ns, Reaching safepoint: 521800 ns, At safepoint: 13598000 ns, Total: 14119800 ns
[2022-05-19T07:38:23.968+0000][162][gc,marking  ] GC(15) Concurrent Clear Claimed Marks 0.192ms
[2022-05-19T07:38:23.968+0000][162][gc,marking  ] GC(15) Concurrent Scan Root Regions
[2022-05-19T07:38:23.975+0000][162][gc,marking  ] GC(15) Concurrent Scan Root Regions 6.688ms
[2022-05-19T07:38:23.975+0000][162][gc,marking  ] GC(15) Concurrent Mark
[2022-05-19T07:38:23.975+0000][162][gc,marking  ] GC(15) Concurrent Mark From Roots
[2022-05-19T07:38:23.975+0000][162][gc,task     ] GC(15) Using 3 workers of 3 for marking
[2022-05-19T07:38:24.003+0000][162][gc,marking  ] GC(15) Concurrent Mark From Roots 28.297ms
[2022-05-19T07:38:24.004+0000][162][gc,marking  ] GC(15) Concurrent Preclean
[2022-05-19T07:38:24.004+0000][162][gc,marking  ] GC(15) Concurrent Preclean 0.794ms
[2022-05-19T07:38:24.005+0000][162][gc,start    ] GC(15) Pause Remark
[2022-05-19T07:38:24.008+0000][162][gc          ] GC(15) Pause Remark 117M->117M(512M) 2.831ms
[2022-05-19T07:38:24.008+0000][162][gc,cpu      ] GC(15) User=0.03s Sys=0.01s Real=0.01s
[2022-05-19T07:38:24.008+0000][162][safepoint   ] Safepoint "G1Concurrent", Time since last: 37353700 ns, Reaching safepoint: 328300 ns, At safepoint: 3172200 ns, Total: 3500500 ns
[2022-05-19T07:38:24.009+0000][162][gc,marking  ] GC(15) Concurrent Mark 33.562ms
[2022-05-19T07:38:24.009+0000][162][gc,marking  ] GC(15) Concurrent Rebuild Remembered Sets
[2022-05-19T07:38:24.009+0000][162][gc,marking  ] GC(15) Concurrent Rebuild Remembered Sets 0.120ms
[2022-05-19T07:38:24.009+0000][162][gc,start    ] GC(15) Pause Cleanup
[2022-05-19T07:38:24.009+0000][162][gc          ] GC(15) Pause Cleanup 117M->117M(512M) 0.134ms
[2022-05-19T07:38:24.009+0000][162][gc,cpu      ] GC(15) User=0.00s Sys=0.00s Real=0.00s
[2022-05-19T07:38:24.010+0000][162][safepoint   ] Safepoint "G1Concurrent", Time since last: 559800 ns, Reaching safepoint: 241700 ns, At safepoint: 427700 ns, Total: 669400 ns
[2022-05-19T07:38:24.010+0000][162][gc,marking  ] GC(15) Concurrent Cleanup for Next Mark
[2022-05-19T07:38:24.010+0000][162][gc,marking  ] GC(15) Concurrent Cleanup for Next Mark 0.369ms
[2022-05-19T07:38:24.010+0000][162][gc          ] GC(15) Concurrent Mark Cycle 42.857ms
[2022-05-19T07:38:24.520+0000][162][safepoint   ] Safepoint "ICBufferFull", Time since last: 510261600 ns, Reaching safepoint: 244900 ns, At safepoint: 9200 ns, Total: 254100 ns
[2022-05-19T07:38:25.327+0000][162][safepoint   ] Safepoint "ICBufferFull", Time since last: 806895900 ns, Reaching safepoint: 351900 ns, At safepoint: 27700 ns, Total: 379600 ns
[2022-05-19T07:38:26.362+0000][162][safepoint   ] Safepoint "Cleanup", Time since last: 1034424600 ns, Reaching safepoint: 360800 ns, At safepoint: 10700 ns, Total: 371500 ns
[2022-05-19T07:38:27.363+0000][162][safepoint   ] Safepoint "Cleanup", Time since last: 1000713500 ns, Reaching safepoint: 255800 ns, At safepoint: 6200 ns, Total: 262000 ns
[2022-05-19T07:38:29.364+0000][162][safepoint   ] Safepoint "Cleanup", Time since last: 2000695600 ns, Reaching safepoint: 196300 ns, At safepoint: 6700 ns, Total: 203000 ns
[2022-05-19T07:38:31.366+0000][162][safepoint   ] Safepoint "Cleanup", Time since last: 2000903800 ns, Reaching safepoint: 642300 ns, At safepoint: 24000 ns, Total: 666300 ns
[2022-05-19T07:38:32.367+0000][162][safepoint   ] Safepoint "Cleanup", Time since last: 1000883700 ns, Reaching safepoint: 270500 ns, At safepoint: 9300 ns, Total: 279800 ns
[2022-05-19T07:38:33.368+0000][162][safepoint   ] Safepoint "Cleanup", Time since last: 1000740000 ns, Reaching safepoint: 196600 ns, At safepoint: 6500 ns, Total: 203100 ns
[2022-05-19T07:38:34.369+0000][162][safepoint   ] Safepoint "Cleanup", Time since last: 1000656500 ns, Reaching safepoint: 604900 ns, At safepoint: 18500 ns, Total: 623400 ns
[2022-05-19T07:38:34.795+0000][162][safepoint   ] Safepoint "ICBufferFull", Time since last: 425208700 ns, Reaching safepoint: 183700 ns, At safepoint: 6200 ns, Total: 189900 ns
[2022-05-19T07:38:35.045+0000][162][gc,start    ] GC(16) Pause Young (Normal) (G1 Evacuation Pause)
[2022-05-19T07:38:35.046+0000][162][gc,task     ] GC(16) Using 10 workers of 10 for evacuation
[2022-05-19T07:38:35.046+0000][162][gc,age      ] GC(16) Desired survivor size 20971520 bytes, new threshold 3 (max threshold 15)
[2022-05-19T07:38:35.056+0000][162][gc,age      ] GC(16) Age table with threshold 3 (max threshold 15)
[2022-05-19T07:38:35.057+0000][162][gc,age      ] GC(16) - age   1:    4351072 bytes,    4351072 total
[2022-05-19T07:38:35.057+0000][162][gc,age      ] GC(16) - age   2:   12218456 bytes,   16569528 total
[2022-05-19T07:38:35.057+0000][162][gc,age      ] GC(16) - age   3:    3761992 bytes,   20331520 total
[2022-05-19T07:38:35.058+0000][162][gc,phases   ] GC(16)   Pre Evacuate Collection Set: 0.2ms
[2022-05-19T07:38:35.058+0000][162][gc,phases   ] GC(16)   Merge Heap Roots: 0.2ms
[2022-05-19T07:38:35.058+0000][162][gc,phases   ] GC(16)   Evacuate Collection Set: 8.4ms
[2022-05-19T07:38:35.058+0000][162][gc,phases   ] GC(16)   Post Evacuate Collection Set: 1.4ms
[2022-05-19T07:38:35.059+0000][162][gc,phases   ] GC(16)   Other: 2.0ms
[2022-05-19T07:38:35.059+0000][162][gc,heap     ] GC(16) Eden regions: 70->0(70)
[2022-05-19T07:38:35.059+0000][162][gc,heap     ] GC(16) Survivor regions: 6->6(10)
[2022-05-19T07:38:35.059+0000][162][gc,heap     ] GC(16) Old regions: 11->13
[2022-05-19T07:38:35.059+0000][162][gc,heap     ] GC(16) Archive regions: 2->2
[2022-05-19T07:38:35.060+0000][162][gc,heap     ] GC(16) Humongous regions: 6->6
[2022-05-19T07:38:35.060+0000][162][gc,metaspace] GC(16) Metaspace: 96461K(97984K)->96461K(97984K) NonClass: 82910K(83840K)->82910K(83840K) Class: 13551K(14144K)->13551K(14144K)
[2022-05-19T07:38:35.060+0000][162][gc          ] GC(16) Pause Young (Normal) (G1 Evacuation Pause) 374M->98M(512M) 14.585ms
[2022-05-19T07:38:35.060+0000][162][gc,cpu      ] GC(16) User=0.07s Sys=0.02s Real=0.02s
[2022-05-19T07:38:35.061+0000][162][safepoint   ] Safepoint "G1CollectForAllocation", Time since last: 250546800 ns, Reaching safepoint: 179800 ns, At safepoint: 15059400 ns, Total: 15239200 ns
[2022-05-19T07:38:36.061+0000][162][safepoint   ] Safepoint "Cleanup", Time since last: 1000265200 ns, Reaching safepoint: 192000 ns, At safepoint: 6500 ns, Total: 198500 ns
[2022-05-19T07:38:38.062+0000][162][safepoint   ] Safepoint "Cleanup", Time since last: 2000745300 ns, Reaching safepoint: 224500 ns, At safepoint: 7500 ns, Total: 232000 ns
[2022-05-19T07:38:38.461+0000][162][safepoint   ] Safepoint "ICBufferFull", Time since last: 398818900 ns, Reaching safepoint: 240500 ns, At safepoint: 45900 ns, Total: 286400 ns
[2022-05-19T07:38:39.147+0000][162][safepoint   ] Safepoint "ICBufferFull", Time since last: 685224900 ns, Reaching safepoint: 357700 ns, At safepoint: 58900 ns, Total: 416600 ns
[2022-05-19T07:38:39.518+0000][162][safepoint   ] Safepoint "ICBufferFull", Time since last: 370747500 ns, Reaching safepoint: 288300 ns, At safepoint: 30800 ns, Total: 319100 ns
[2022-05-19T07:38:40.070+0000][162][safepoint   ] Safepoint "ICBufferFull", Time since last: 551844400 ns, Reaching safepoint: 247700 ns, At safepoint: 46700 ns, Total: 294400 ns
[2022-05-19T07:38:40.513+0000][162][safepoint   ] Safepoint "ICBufferFull", Time since last: 443057000 ns, Reaching safepoint: 169100 ns, At safepoint: 6200 ns, Total: 175300 ns
[2022-05-19T07:38:40.909+0000][162][safepoint   ] Safepoint "ICBufferFull", Time since last: 395371600 ns, Reaching safepoint: 268700 ns, At safepoint: 45600 ns, Total: 314300 ns
[2022-05-19T07:38:40.938+0000][162][gc,start    ] GC(17) Pause Young (Normal) (G1 Evacuation Pause)
[2022-05-19T07:38:40.938+0000][162][gc,task     ] GC(17) Using 10 workers of 10 for evacuation
[2022-05-19T07:38:40.939+0000][162][gc,age      ] GC(17) Desired survivor size 20971520 bytes, new threshold 15 (max threshold 15)
[2022-05-19T07:38:40.949+0000][162][gc,age      ] GC(17) Age table with threshold 15 (max threshold 15)
[2022-05-19T07:38:40.949+0000][162][gc,age      ] GC(17) - age   1:   13846616 bytes,   13846616 total
[2022-05-19T07:38:40.950+0000][162][gc,age      ] GC(17) - age   2:    3392904 bytes,   17239520 total
[2022-05-19T07:38:40.950+0000][162][gc,age      ] GC(17) - age   3:   12216688 bytes,   29456208 total
[2022-05-19T07:38:40.950+0000][162][gc,age      ] GC(17) - age   4:    3761696 bytes,   33217904 total
[2022-05-19T07:38:40.950+0000][162][gc,phases   ] GC(17)   Pre Evacuate Collection Set: 0.2ms
[2022-05-19T07:38:40.951+0000][162][gc,phases   ] GC(17)   Merge Heap Roots: 0.2ms
[2022-05-19T07:38:40.951+0000][162][gc,phases   ] GC(17)   Evacuate Collection Set: 8.3ms
[2022-05-19T07:38:40.951+0000][162][gc,phases   ] GC(17)   Post Evacuate Collection Set: 1.4ms
[2022-05-19T07:38:40.951+0000][162][gc,phases   ] GC(17)   Other: 2.4ms
[2022-05-19T07:38:40.951+0000][162][gc,heap     ] GC(17) Eden regions: 70->0(67)
[2022-05-19T07:38:40.951+0000][162][gc,heap     ] GC(17) Survivor regions: 6->9(10)
[2022-05-19T07:38:40.952+0000][162][gc,heap     ] GC(17) Old regions: 13->13
[2022-05-19T07:38:40.952+0000][162][gc,heap     ] GC(17) Archive regions: 2->2
[2022-05-19T07:38:40.952+0000][162][gc,heap     ] GC(17) Humongous regions: 6->6
[2022-05-19T07:38:40.952+0000][162][gc,metaspace] GC(17) Metaspace: 99374K(100928K)->99374K(100928K) NonClass: 85605K(86528K)->85605K(86528K) Class: 13768K(14400K)->13768K(14400K)
[2022-05-19T07:38:40.952+0000][162][gc          ] GC(17) Pause Young (Normal) (G1 Evacuation Pause) 378M->111M(512M) 13.996ms
[2022-05-19T07:38:40.952+0000][162][gc,cpu      ] GC(17) User=0.10s Sys=0.00s Real=0.01s
[2022-05-19T07:38:40.952+0000][162][safepoint   ] Safepoint "G1CollectForAllocation", Time since last: 28993800 ns, Reaching safepoint: 212300 ns, At safepoint: 14344900 ns, Total: 14557200 ns
[2022-05-19T07:38:41.427+0000][162][safepoint   ] Safepoint "ICBufferFull", Time since last: 474124400 ns, Reaching safepoint: 280800 ns, At safepoint: 60300 ns, Total: 341100 ns
[2022-05-19T07:38:41.574+0000][162][safepoint   ] Safepoint "ICBufferFull", Time since last: 146776800 ns, Reaching safepoint: 275900 ns, At safepoint: 25300 ns, Total: 301200 ns
[2022-05-19T07:38:42.451+0000][162][gc,start    ] GC(18) Pause Young (Normal) (G1 Evacuation Pause)
[2022-05-19T07:38:42.452+0000][162][gc,task     ] GC(18) Using 10 workers of 10 for evacuation
[2022-05-19T07:38:42.452+0000][162][gc,age      ] GC(18) Desired survivor size 20971520 bytes, new threshold 3 (max threshold 15)
[2022-05-19T07:38:42.462+0000][162][gc,age      ] GC(18) Age table with threshold 3 (max threshold 15)
[2022-05-19T07:38:42.462+0000][162][gc,age      ] GC(18) - age   1:   15134952 bytes,   15134952 total
[2022-05-19T07:38:42.462+0000][162][gc,age      ] GC(18) - age   2:    4403920 bytes,   19538872 total
[2022-05-19T07:38:42.462+0000][162][gc,age      ] GC(18) - age   3:    3388176 bytes,   22927048 total
[2022-05-19T07:38:42.463+0000][162][gc,phases   ] GC(18)   Pre Evacuate Collection Set: 0.3ms
[2022-05-19T07:38:42.463+0000][162][gc,phases   ] GC(18)   Merge Heap Roots: 0.2ms
[2022-05-19T07:38:42.463+0000][162][gc,phases   ] GC(18)   Evacuate Collection Set: 7.7ms
[2022-05-19T07:38:42.463+0000][162][gc,phases   ] GC(18)   Post Evacuate Collection Set: 1.3ms
[2022-05-19T07:38:42.464+0000][162][gc,phases   ] GC(18)   Other: 1.9ms
[2022-05-19T07:38:42.464+0000][162][gc,heap     ] GC(18) Eden regions: 67->0(66)
[2022-05-19T07:38:42.464+0000][162][gc,heap     ] GC(18) Survivor regions: 9->7(10)
[2022-05-19T07:38:42.464+0000][162][gc,heap     ] GC(18) Old regions: 13->17
[2022-05-19T07:38:42.464+0000][162][gc,heap     ] GC(18) Archive regions: 2->2
[2022-05-19T07:38:42.465+0000][162][gc,heap     ] GC(18) Humongous regions: 6->6
[2022-05-19T07:38:42.465+0000][162][gc,metaspace] GC(18) Metaspace: 99564K(101120K)->99564K(101120K) NonClass: 85785K(86720K)->85785K(86720K) Class: 13778K(14400K)->13778K(14400K)
[2022-05-19T07:38:42.465+0000][162][gc          ] GC(18) Pause Young (Normal) (G1 Evacuation Pause) 379M->117M(512M) 13.870ms
[2022-05-19T07:38:42.466+0000][162][gc,cpu      ] GC(18) User=0.09s Sys=0.00s Real=0.01s
[2022-05-19T07:38:42.466+0000][162][safepoint   ] Safepoint "G1CollectForAllocation", Time since last: 877080400 ns, Reaching safepoint: 351300 ns, At safepoint: 14441900 ns, Total: 14793200 ns
[2022-05-19T07:38:42.568+0000][162][safepoint   ] Safepoint "ICBufferFull", Time since last: 101929300 ns, Reaching safepoint: 306300 ns, At safepoint: 47800 ns, Total: 354100 ns
[2022-05-19T07:38:43.569+0000][162][safepoint   ] Safepoint "Cleanup", Time since last: 1000487400 ns, Reaching safepoint: 333500 ns, At safepoint: 62100 ns, Total: 395600 ns
[2022-05-19T07:38:43.721+0000][162][gc,start    ] GC(19) Pause Young (Normal) (G1 Evacuation Pause)
[2022-05-19T07:38:43.721+0000][162][gc,task     ] GC(19) Using 10 workers of 10 for evacuation
[2022-05-19T07:38:43.722+0000][162][gc,age      ] GC(19) Desired survivor size 20971520 bytes, new threshold 3 (max threshold 15)
[2022-05-19T07:38:43.727+0000][162][gc,age      ] GC(19) Age table with threshold 3 (max threshold 15)
[2022-05-19T07:38:43.727+0000][162][gc,age      ] GC(19) - age   1:   11983152 bytes,   11983152 total
[2022-05-19T07:38:43.727+0000][162][gc,age      ] GC(19) - age   2:    3372504 bytes,   15355656 total
[2022-05-19T07:38:43.728+0000][162][gc,age      ] GC(19) - age   3:    3639360 bytes,   18995016 total
[2022-05-19T07:38:43.728+0000][162][gc,phases   ] GC(19)   Pre Evacuate Collection Set: 0.3ms
[2022-05-19T07:38:43.728+0000][162][gc,phases   ] GC(19)   Merge Heap Roots: 0.2ms
[2022-05-19T07:38:43.728+0000][162][gc,phases   ] GC(19)   Evacuate Collection Set: 3.1ms
[2022-05-19T07:38:43.729+0000][162][gc,phases   ] GC(19)   Post Evacuate Collection Set: 0.9ms
[2022-05-19T07:38:43.729+0000][162][gc,phases   ] GC(19)   Other: 2.4ms
[2022-05-19T07:38:43.729+0000][162][gc,heap     ] GC(19) Eden regions: 66->0(67)
[2022-05-19T07:38:43.729+0000][162][gc,heap     ] GC(19) Survivor regions: 7->5(10)
[2022-05-19T07:38:43.730+0000][162][gc,heap     ] GC(19) Old regions: 17->18
[2022-05-19T07:38:43.730+0000][162][gc,heap     ] GC(19) Archive regions: 2->2
[2022-05-19T07:38:43.730+0000][162][gc,heap     ] GC(19) Humongous regions: 6->6
[2022-05-19T07:38:43.730+0000][162][gc,metaspace] GC(19) Metaspace: 99597K(101120K)->99597K(101120K) NonClass: 85819K(86720K)->85819K(86720K) Class: 13778K(14400K)->13778K(14400K)
[2022-05-19T07:38:43.730+0000][162][gc          ] GC(19) Pause Young (Normal) (G1 Evacuation Pause) 381M->116M(512M) 9.202ms
[2022-05-19T07:38:43.730+0000][162][gc,cpu      ] GC(19) User=0.04s Sys=0.00s Real=0.01s
[2022-05-19T07:38:43.731+0000][162][safepoint   ] Safepoint "G1CollectForAllocation", Time since last: 151919100 ns, Reaching safepoint: 170000 ns, At safepoint: 9598600 ns, Total: 9768600 ns
[2022-05-19T07:38:44.285+0000][162][safepoint   ] Safepoint "ICBufferFull", Time since last: 553781900 ns, Reaching safepoint: 356400 ns, At safepoint: 21000 ns, Total: 377400 ns
[2022-05-19T07:38:44.826+0000][162][gc,start    ] GC(20) Pause Young (Normal) (G1 Evacuation Pause)
[2022-05-19T07:38:44.826+0000][162][gc,task     ] GC(20) Using 10 workers of 10 for evacuation
[2022-05-19T07:38:44.826+0000][162][gc,age      ] GC(20) Desired survivor size 18874368 bytes, new threshold 3 (max threshold 15)
[2022-05-19T07:38:44.832+0000][162][gc,age      ] GC(20) Age table with threshold 3 (max threshold 15)
[2022-05-19T07:38:44.832+0000][162][gc,age      ] GC(20) - age   1:   15544928 bytes,   15544928 total
[2022-05-19T07:38:44.832+0000][162][gc,age      ] GC(20) - age   2:    7425152 bytes,   22970080 total
[2022-05-19T07:38:44.832+0000][162][gc,age      ] GC(20) - age   3:    3186824 bytes,   26156904 total
[2022-05-19T07:38:44.832+0000][162][gc,phases   ] GC(20)   Pre Evacuate Collection Set: 0.2ms
[2022-05-19T07:38:44.833+0000][162][gc,phases   ] GC(20)   Merge Heap Roots: 0.2ms
[2022-05-19T07:38:44.833+0000][162][gc,phases   ] GC(20)   Evacuate Collection Set: 4.1ms
[2022-05-19T07:38:44.833+0000][162][gc,phases   ] GC(20)   Post Evacuate Collection Set: 0.9ms
[2022-05-19T07:38:44.833+0000][162][gc,phases   ] GC(20)   Other: 1.5ms
[2022-05-19T07:38:44.833+0000][162][gc,heap     ] GC(20) Eden regions: 67->0(64)
[2022-05-19T07:38:44.833+0000][162][gc,heap     ] GC(20) Survivor regions: 5->7(9)
[2022-05-19T07:38:44.834+0000][162][gc,heap     ] GC(20) Old regions: 18->19
[2022-05-19T07:38:44.834+0000][162][gc,heap     ] GC(20) Archive regions: 2->2
[2022-05-19T07:38:44.834+0000][162][gc,heap     ] GC(20) Humongous regions: 6->6
[2022-05-19T07:38:44.834+0000][162][gc,metaspace] GC(20) Metaspace: 99661K(101184K)->99661K(101184K) NonClass: 85883K(86784K)->85883K(86784K) Class: 13778K(14400K)->13778K(14400K)
[2022-05-19T07:38:44.834+0000][162][gc          ] GC(20) Pause Young (Normal) (G1 Evacuation Pause) 384M->128M(512M) 8.655ms
[2022-05-19T07:38:44.834+0000][162][gc,cpu      ] GC(20) User=0.07s Sys=0.00s Real=0.01s
[2022-05-19T07:38:44.835+0000][162][safepoint   ] Safepoint "G1CollectForAllocation", Time since last: 540467300 ns, Reaching safepoint: 313000 ns, At safepoint: 9075700 ns, Total: 9388700 ns
[2022-05-19T07:38:45.835+0000][162][safepoint   ] Safepoint "Cleanup", Time since last: 1000265900 ns, Reaching safepoint: 328000 ns, At safepoint: 26100 ns, Total: 354100 ns
[2022-05-19T07:38:46.457+0000][162][gc,start    ] GC(21) Pause Young (Normal) (G1 Evacuation Pause)
[2022-05-19T07:38:46.457+0000][162][gc,task     ] GC(21) Using 10 workers of 10 for evacuation
[2022-05-19T07:38:46.458+0000][162][gc,age      ] GC(21) Desired survivor size 18874368 bytes, new threshold 2 (max threshold 15)
[2022-05-19T07:38:46.463+0000][162][gc,age      ] GC(21) Age table with threshold 2 (max threshold 15)
[2022-05-19T07:38:46.463+0000][162][gc,age      ] GC(21) - age   1:   16530248 bytes,   16530248 total
[2022-05-19T07:38:46.463+0000][162][gc,age      ] GC(21) - age   2:    4333176 bytes,   20863424 total
[2022-05-19T07:38:46.464+0000][162][gc,phases   ] GC(21)   Pre Evacuate Collection Set: 0.2ms
[2022-05-19T07:38:46.464+0000][162][gc,phases   ] GC(21)   Merge Heap Roots: 0.1ms
[2022-05-19T07:38:46.464+0000][162][gc,phases   ] GC(21)   Evacuate Collection Set: 3.5ms
[2022-05-19T07:38:46.464+0000][162][gc,phases   ] GC(21)   Post Evacuate Collection Set: 0.9ms
[2022-05-19T07:38:46.465+0000][162][gc,phases   ] GC(21)   Other: 1.8ms
[2022-05-19T07:38:46.465+0000][162][gc,heap     ] GC(21) Eden regions: 64->0(62)
[2022-05-19T07:38:46.465+0000][162][gc,heap     ] GC(21) Survivor regions: 7->6(9)
[2022-05-19T07:38:46.465+0000][162][gc,heap     ] GC(21) Old regions: 19->20
[2022-05-19T07:38:46.466+0000][162][gc,heap     ] GC(21) Archive regions: 2->2
[2022-05-19T07:38:46.466+0000][162][gc,heap     ] GC(21) Humongous regions: 7->7
[2022-05-19T07:38:46.466+0000][162][gc,metaspace] GC(21) Metaspace: 99708K(101248K)->99708K(101248K) NonClass: 85929K(86848K)->85929K(86848K) Class: 13779K(14400K)->13779K(14400K)
[2022-05-19T07:38:46.466+0000][162][gc          ] GC(21) Pause Young (Normal) (G1 Evacuation Pause) 388M->132M(512M) 8.995ms
[2022-05-19T07:38:46.466+0000][162][gc,cpu      ] GC(21) User=0.06s Sys=0.00s Real=0.01s
[2022-05-19T07:38:46.467+0000][162][safepoint   ] Safepoint "G1CollectForAllocation", Time since last: 621668900 ns, Reaching safepoint: 188100 ns, At safepoint: 9496800 ns, Total: 9684900 ns
[2022-05-19T07:38:47.178+0000][162][gc,start    ] GC(22) Pause Young (Normal) (G1 Evacuation Pause)
[2022-05-19T07:38:47.179+0000][162][gc,task     ] GC(22) Using 10 workers of 10 for evacuation
[2022-05-19T07:38:47.179+0000][162][gc,age      ] GC(22) Desired survivor size 18874368 bytes, new threshold 2 (max threshold 15)
[2022-05-19T07:38:47.182+0000][162][gc,age      ] GC(22) Age table with threshold 2 (max threshold 15)
[2022-05-19T07:38:47.182+0000][162][gc,age      ] GC(22) - age   1:    9558912 bytes,    9558912 total
[2022-05-19T07:38:47.183+0000][162][gc,age      ] GC(22) - age   2:    2311240 bytes,   11870152 total
[2022-05-19T07:38:47.183+0000][162][gc,phases   ] GC(22)   Pre Evacuate Collection Set: 0.2ms
[2022-05-19T07:38:47.183+0000][162][gc,phases   ] GC(22)   Merge Heap Roots: 0.1ms
[2022-05-19T07:38:47.183+0000][162][gc,phases   ] GC(22)   Evacuate Collection Set: 1.8ms
[2022-05-19T07:38:47.183+0000][162][gc,phases   ] GC(22)   Post Evacuate Collection Set: 0.7ms
[2022-05-19T07:38:47.184+0000][162][gc,phases   ] GC(22)   Other: 1.5ms
[2022-05-19T07:38:47.184+0000][162][gc,heap     ] GC(22) Eden regions: 62->0(66)
[2022-05-19T07:38:47.184+0000][162][gc,heap     ] GC(22) Survivor regions: 6->3(9)
[2022-05-19T07:38:47.184+0000][162][gc,heap     ] GC(22) Old regions: 20->20
[2022-05-19T07:38:47.184+0000][162][gc,heap     ] GC(22) Archive regions: 2->2
[2022-05-19T07:38:47.185+0000][162][gc,heap     ] GC(22) Humongous regions: 7->6
[2022-05-19T07:38:47.185+0000][162][gc,metaspace] GC(22) Metaspace: 99737K(101312K)->99737K(101312K) NonClass: 85958K(86912K)->85958K(86912K) Class: 13779K(14400K)->13779K(14400K)
[2022-05-19T07:38:47.185+0000][162][gc          ] GC(22) Pause Young (Normal) (G1 Evacuation Pause) 380M->119M(512M) 6.624ms
[2022-05-19T07:38:47.185+0000][162][gc,cpu      ] GC(22) User=0.02s Sys=0.00s Real=0.00s
[2022-05-19T07:38:47.185+0000][162][safepoint   ] Safepoint "G1CollectForAllocation", Time since last: 711516800 ns, Reaching safepoint: 255900 ns, At safepoint: 6970800 ns, Total: 7226700 ns
[2022-05-19T07:38:48.186+0000][162][safepoint   ] Safepoint "Cleanup", Time since last: 1000304800 ns, Reaching safepoint: 350200 ns, At safepoint: 52400 ns, Total: 402600 ns
[2022-05-19T07:38:48.455+0000][162][gc,start    ] GC(23) Pause Young (Normal) (G1 Evacuation Pause)
[2022-05-19T07:38:48.455+0000][162][gc,task     ] GC(23) Using 10 workers of 10 for evacuation
[2022-05-19T07:38:48.455+0000][162][gc,age      ] GC(23) Desired survivor size 18874368 bytes, new threshold 15 (max threshold 15)
[2022-05-19T07:38:48.460+0000][162][gc,age      ] GC(23) Age table with threshold 15 (max threshold 15)
[2022-05-19T07:38:48.460+0000][162][gc,age      ] GC(23) - age   1:   15082400 bytes,   15082400 total
[2022-05-19T07:38:48.460+0000][162][gc,age      ] GC(23) - age   2:    4700656 bytes,   19783056 total
[2022-05-19T07:38:48.460+0000][162][gc,age      ] GC(23) - age   3:    2137192 bytes,   21920248 total
[2022-05-19T07:38:48.461+0000][162][gc,phases   ] GC(23)   Pre Evacuate Collection Set: 0.2ms
[2022-05-19T07:38:48.461+0000][162][gc,phases   ] GC(23)   Merge Heap Roots: 0.2ms
[2022-05-19T07:38:48.461+0000][162][gc,phases   ] GC(23)   Evacuate Collection Set: 2.9ms
[2022-05-19T07:38:48.461+0000][162][gc,phases   ] GC(23)   Post Evacuate Collection Set: 0.8ms
[2022-05-19T07:38:48.461+0000][162][gc,phases   ] GC(23)   Other: 1.8ms
[2022-05-19T07:38:48.462+0000][162][gc,heap     ] GC(23) Eden regions: 66->0(62)
[2022-05-19T07:38:48.462+0000][162][gc,heap     ] GC(23) Survivor regions: 3->6(9)
[2022-05-19T07:38:48.462+0000][162][gc,heap     ] GC(23) Old regions: 20->20
[2022-05-19T07:38:48.462+0000][162][gc,heap     ] GC(23) Archive regions: 2->2
[2022-05-19T07:38:48.462+0000][162][gc,heap     ] GC(23) Humongous regions: 6->6
[2022-05-19T07:38:48.462+0000][162][gc,metaspace] GC(23) Metaspace: 99757K(101312K)->99757K(101312K) NonClass: 85978K(86912K)->85978K(86912K) Class: 13779K(14400K)->13779K(14400K)
[2022-05-19T07:38:48.463+0000][162][gc          ] GC(23) Pause Young (Normal) (G1 Evacuation Pause) 383M->129M(512M) 7.879ms
[2022-05-19T07:38:48.463+0000][162][gc,cpu      ] GC(23) User=0.05s Sys=0.01s Real=0.01s
[2022-05-19T07:38:48.463+0000][162][safepoint   ] Safepoint "G1CollectForAllocation", Time since last: 268481100 ns, Reaching safepoint: 288300 ns, At safepoint: 8233200 ns, Total: 8521500 ns
[2022-05-19T07:38:49.537+0000][162][safepoint   ] Safepoint "Cleanup", Time since last: 1073524500 ns, Reaching safepoint: 399000 ns, At safepoint: 26400 ns, Total: 425400 ns
[2022-05-19T07:38:49.911+0000][162][gc,start    ] GC(24) Pause Young (Normal) (G1 Evacuation Pause)
[2022-05-19T07:38:49.911+0000][162][gc,task     ] GC(24) Using 10 workers of 10 for evacuation
[2022-05-19T07:38:49.912+0000][162][gc,age      ] GC(24) Desired survivor size 18874368 bytes, new threshold 2 (max threshold 15)
[2022-05-19T07:38:49.916+0000][162][gc,age      ] GC(24) Age table with threshold 2 (max threshold 15)
[2022-05-19T07:38:49.917+0000][162][gc,age      ] GC(24) - age   1:   15045208 bytes,   15045208 total
[2022-05-19T07:38:49.917+0000][162][gc,age      ] GC(24) - age   2:    2726096 bytes,   17771304 total
[2022-05-19T07:38:49.920+0000][162][gc,phases   ] GC(24)   Pre Evacuate Collection Set: 0.2ms
[2022-05-19T07:38:49.920+0000][162][gc,phases   ] GC(24)   Merge Heap Roots: 0.2ms
[2022-05-19T07:38:49.920+0000][162][gc,phases   ] GC(24)   Evacuate Collection Set: 2.6ms
[2022-05-19T07:38:49.921+0000][162][gc,phases   ] GC(24)   Post Evacuate Collection Set: 1.1ms
[2022-05-19T07:38:49.921+0000][162][gc,phases   ] GC(24)   Other: 4.5ms
[2022-05-19T07:38:49.921+0000][162][gc,heap     ] GC(24) Eden regions: 62->0(61)
[2022-05-19T07:38:49.921+0000][162][gc,heap     ] GC(24) Survivor regions: 6->5(9)
[2022-05-19T07:38:49.922+0000][162][gc,heap     ] GC(24) Old regions: 20->21
[2022-05-19T07:38:49.922+0000][162][gc,heap     ] GC(24) Archive regions: 2->2
[2022-05-19T07:38:49.922+0000][162][gc,heap     ] GC(24) Humongous regions: 7->7
[2022-05-19T07:38:49.922+0000][162][gc,metaspace] GC(24) Metaspace: 99791K(101312K)->99791K(101312K) NonClass: 86012K(86912K)->86012K(86912K) Class: 13779K(14400K)->13779K(14400K)
[2022-05-19T07:38:49.923+0000][162][gc          ] GC(24) Pause Young (Normal) (G1 Evacuation Pause) 381M->130M(512M) 11.384ms
[2022-05-19T07:38:49.923+0000][162][gc,cpu      ] GC(24) User=0.02s Sys=0.02s Real=0.01s
[2022-05-19T07:38:49.923+0000][162][safepoint   ] Safepoint "G1CollectForAllocation", Time since last: 373635400 ns, Reaching safepoint: 416900 ns, At safepoint: 11877500 ns, Total: 12294400 ns
[2022-05-19T07:38:50.340+0000][162][gc,start    ] GC(25) Pause Young (Normal) (G1 Evacuation Pause)
[2022-05-19T07:38:50.340+0000][162][gc,task     ] GC(25) Using 10 workers of 10 for evacuation
[2022-05-19T07:38:50.340+0000][162][gc,age      ] GC(25) Desired survivor size 18874368 bytes, new threshold 15 (max threshold 15)
[2022-05-19T07:38:50.344+0000][162][gc,age      ] GC(25) Age table with threshold 15 (max threshold 15)
[2022-05-19T07:38:50.344+0000][162][gc,age      ] GC(25) - age   1:    4305648 bytes,    4305648 total
[2022-05-19T07:38:50.345+0000][162][gc,age      ] GC(25) - age   2:   12884696 bytes,   17190344 total
[2022-05-19T07:38:50.345+0000][162][gc,age      ] GC(25) - age   3:    2605880 bytes,   19796224 total
[2022-05-19T07:38:50.345+0000][162][gc,phases   ] GC(25)   Pre Evacuate Collection Set: 0.2ms
[2022-05-19T07:38:50.345+0000][162][gc,phases   ] GC(25)   Merge Heap Roots: 0.1ms
[2022-05-19T07:38:50.346+0000][162][gc,phases   ] GC(25)   Evacuate Collection Set: 2.7ms
[2022-05-19T07:38:50.346+0000][162][gc,phases   ] GC(25)   Post Evacuate Collection Set: 0.8ms
[2022-05-19T07:38:50.346+0000][162][gc,phases   ] GC(25)   Other: 1.6ms
[2022-05-19T07:38:50.346+0000][162][gc,heap     ] GC(25) Eden regions: 61->0(63)
[2022-05-19T07:38:50.346+0000][162][gc,heap     ] GC(25) Survivor regions: 5->5(9)
[2022-05-19T07:38:50.347+0000][162][gc,heap     ] GC(25) Old regions: 21->21
[2022-05-19T07:38:50.347+0000][162][gc,heap     ] GC(25) Archive regions: 2->2
[2022-05-19T07:38:50.347+0000][162][gc,heap     ] GC(25) Humongous regions: 7->7
[2022-05-19T07:38:50.347+0000][162][gc,metaspace] GC(25) Metaspace: 99803K(101312K)->99803K(101312K) NonClass: 86023K(86912K)->86023K(86912K) Class: 13779K(14400K)->13779K(14400K)
[2022-05-19T07:38:50.347+0000][162][gc          ] GC(25) Pause Young (Normal) (G1 Evacuation Pause) 374M->132M(512M) 7.898ms
[2022-05-19T07:38:50.348+0000][162][gc,cpu      ] GC(25) User=0.04s Sys=0.00s Real=0.01s
[2022-05-19T07:38:50.348+0000][162][safepoint   ] Safepoint "G1CollectForAllocation", Time since last: 416234400 ns, Reaching safepoint: 320100 ns, At safepoint: 8471600 ns, Total: 8791700 ns
[2022-05-19T07:38:51.349+0000][162][safepoint   ] Safepoint "Cleanup", Time since last: 1000645800 ns, Reaching safepoint: 807600 ns, At safepoint: 25800 ns, Total: 833400 ns
[2022-05-19T07:38:52.351+0000][162][safepoint   ] Safepoint "Cleanup", Time since last: 1001125100 ns, Reaching safepoint: 284900 ns, At safepoint: 9300 ns, Total: 294200 ns
[2022-05-19T07:38:53.352+0000][162][safepoint   ] Safepoint "Cleanup", Time since last: 1000452400 ns, Reaching safepoint: 190800 ns, At safepoint: 6200 ns, Total: 197000 ns
[2022-05-19T07:38:54.352+0000][162][safepoint   ] Safepoint "Cleanup", Time since last: 1000377300 ns, Reaching safepoint: 268900 ns, At safepoint: 6000 ns, Total: 274900 ns
[2022-05-19T07:38:55.353+0000][162][safepoint   ] Safepoint "Cleanup", Time since last: 1000646400 ns, Reaching safepoint: 300200 ns, At safepoint: 11900 ns, Total: 312100 ns
[2022-05-19T07:38:57.531+0000][162][gc,start    ] GC(26) Pause Young (Normal) (G1 Evacuation Pause)
[2022-05-19T07:38:57.531+0000][162][gc,task     ] GC(26) Using 10 workers of 10 for evacuation
[2022-05-19T07:38:57.531+0000][162][gc,age      ] GC(26) Desired survivor size 18874368 bytes, new threshold 3 (max threshold 15)
[2022-05-19T07:38:57.534+0000][162][gc,age      ] GC(26) Age table with threshold 3 (max threshold 15)
[2022-05-19T07:38:57.534+0000][162][gc,age      ] GC(26) - age   1:    3062176 bytes,    3062176 total
[2022-05-19T07:38:57.534+0000][162][gc,age      ] GC(26) - age   2:     427368 bytes,    3489544 total
[2022-05-19T07:38:57.535+0000][162][gc,age      ] GC(26) - age   3:    1473168 bytes,    4962712 total
[2022-05-19T07:38:57.535+0000][162][gc,phases   ] GC(26)   Pre Evacuate Collection Set: 0.2ms
[2022-05-19T07:38:57.535+0000][162][gc,phases   ] GC(26)   Merge Heap Roots: 0.2ms
[2022-05-19T07:38:57.535+0000][162][gc,phases   ] GC(26)   Evacuate Collection Set: 1.5ms
[2022-05-19T07:38:57.535+0000][162][gc,phases   ] GC(26)   Post Evacuate Collection Set: 0.9ms
[2022-05-19T07:38:57.535+0000][162][gc,phases   ] GC(26)   Other: 1.3ms
[2022-05-19T07:38:57.535+0000][162][gc,heap     ] GC(26) Eden regions: 63->0(68)
[2022-05-19T07:38:57.536+0000][162][gc,heap     ] GC(26) Survivor regions: 5->2(9)
[2022-05-19T07:38:57.536+0000][162][gc,heap     ] GC(26) Old regions: 21->21
[2022-05-19T07:38:57.536+0000][162][gc,heap     ] GC(26) Archive regions: 2->2
[2022-05-19T07:38:57.536+0000][162][gc,heap     ] GC(26) Humongous regions: 7->6
[2022-05-19T07:38:57.536+0000][162][gc,metaspace] GC(26) Metaspace: 100062K(101632K)->100062K(101632K) NonClass: 86258K(87168K)->86258K(87168K) Class: 13804K(14464K)->13804K(14464K)
[2022-05-19T07:38:57.536+0000][162][gc          ] GC(26) Pause Young (Normal) (G1 Evacuation Pause) 384M->114M(512M) 5.639ms
[2022-05-19T07:38:57.536+0000][162][gc,cpu      ] GC(26) User=0.02s Sys=0.00s Real=0.01s
[2022-05-19T07:38:57.537+0000][162][safepoint   ] Safepoint "G1CollectForAllocation", Time since last: 2177254200 ns, Reaching safepoint: 276000 ns, At safepoint: 6032200 ns, Total: 6308200 ns
[2022-05-19T07:38:58.537+0000][162][safepoint   ] Safepoint "Cleanup", Time since last: 1000295900 ns, Reaching safepoint: 275600 ns, At safepoint: 26400 ns, Total: 302000 ns
[2022-05-19T07:38:58.663+0000][162][gc,start    ] GC(27) Pause Young (Normal) (G1 Evacuation Pause)
[2022-05-19T07:38:58.663+0000][162][gc,task     ] GC(27) Using 10 workers of 10 for evacuation
[2022-05-19T07:38:58.663+0000][162][gc,age      ] GC(27) Desired survivor size 18874368 bytes, new threshold 15 (max threshold 15)
[2022-05-19T07:38:58.669+0000][162][gc,age      ] GC(27) Age table with threshold 15 (max threshold 15)
[2022-05-19T07:38:58.669+0000][162][gc,age      ] GC(27) - age   1:   29993648 bytes,   29993648 total
[2022-05-19T07:38:58.670+0000][162][gc,age      ] GC(27) - age   2:    2190928 bytes,   32184576 total
[2022-05-19T07:38:58.670+0000][162][gc,age      ] GC(27) - age   3:     427368 bytes,   32611944 total
[2022-05-19T07:38:58.670+0000][162][gc,age      ] GC(27) - age   4:    1473168 bytes,   34085112 total
[2022-05-19T07:38:58.670+0000][162][gc,phases   ] GC(27)   Pre Evacuate Collection Set: 0.2ms
[2022-05-19T07:38:58.670+0000][162][gc,phases   ] GC(27)   Merge Heap Roots: 0.2ms
[2022-05-19T07:38:58.670+0000][162][gc,phases   ] GC(27)   Evacuate Collection Set: 4.4ms
[2022-05-19T07:38:58.671+0000][162][gc,phases   ] GC(27)   Post Evacuate Collection Set: 0.9ms
[2022-05-19T07:38:58.671+0000][162][gc,phases   ] GC(27)   Other: 1.6ms
[2022-05-19T07:38:58.671+0000][162][gc,heap     ] GC(27) Eden regions: 68->0(55)
[2022-05-19T07:38:58.671+0000][162][gc,heap     ] GC(27) Survivor regions: 2->9(9)
[2022-05-19T07:38:58.671+0000][162][gc,heap     ] GC(27) Old regions: 21->21
[2022-05-19T07:38:58.671+0000][162][gc,heap     ] GC(27) Archive regions: 2->2
[2022-05-19T07:38:58.672+0000][162][gc,heap     ] GC(27) Humongous regions: 9->8
[2022-05-19T07:38:58.672+0000][162][gc,metaspace] GC(27) Metaspace: 100126K(101696K)->100126K(101696K) NonClass: 86318K(87232K)->86318K(87232K) Class: 13807K(14464K)->13807K(14464K)
[2022-05-19T07:38:58.672+0000][162][gc          ] GC(27) Pause Young (Normal) (G1 Evacuation Pause) 398M->152M(512M) 9.270ms
[2022-05-19T07:38:58.672+0000][162][gc,cpu      ] GC(27) User=0.04s Sys=0.00s Real=0.01s
[2022-05-19T07:38:58.673+0000][162][safepoint   ] Safepoint "G1CollectForAllocation", Time since last: 124986800 ns, Reaching safepoint: 211400 ns, At safepoint: 9978100 ns, Total: 10189500 ns
[2022-05-19T07:38:58.828+0000][162][gc,start    ] GC(28) Pause Young (Concurrent Start) (G1 Humongous Allocation)
[2022-05-19T07:38:58.829+0000][162][gc,task     ] GC(28) Using 10 workers of 10 for evacuation
[2022-05-19T07:38:58.829+0000][162][gc,age      ] GC(28) Desired survivor size 16777216 bytes, new threshold 1 (max threshold 15)
[2022-05-19T07:38:58.836+0000][162][gc,age      ] GC(28) Age table with threshold 1 (max threshold 15)
[2022-05-19T07:38:58.836+0000][162][gc,age      ] GC(28) - age   1:    2822312 bytes,    2822312 total
[2022-05-19T07:38:58.836+0000][162][gc,phases   ] GC(28)   Pre Evacuate Collection Set: 0.4ms
[2022-05-19T07:38:58.836+0000][162][gc,phases   ] GC(28)   Merge Heap Roots: 0.2ms
[2022-05-19T07:38:58.837+0000][162][gc,phases   ] GC(28)   Evacuate Collection Set: 4.0ms
[2022-05-19T07:38:58.837+0000][162][gc,phases   ] GC(28)   Post Evacuate Collection Set: 0.9ms
[2022-05-19T07:38:58.837+0000][162][gc,phases   ] GC(28)   Other: 2.2ms
[2022-05-19T07:38:58.837+0000][162][gc,heap     ] GC(28) Eden regions: 8->0(51)
[2022-05-19T07:38:58.838+0000][162][gc,heap     ] GC(28) Survivor regions: 9->1(8)
[2022-05-19T07:38:58.838+0000][162][gc,heap     ] GC(28) Old regions: 21->26
[2022-05-19T07:38:58.838+0000][162][gc,heap     ] GC(28) Archive regions: 2->2
[2022-05-19T07:38:58.838+0000][162][gc,heap     ] GC(28) Humongous regions: 15->15
[2022-05-19T07:38:58.839+0000][162][gc,metaspace] GC(28) Metaspace: 100126K(101696K)->100126K(101696K) NonClass: 86318K(87232K)->86318K(87232K) Class: 13807K(14464K)->13807K(14464K)
[2022-05-19T07:38:58.840+0000][162][gc          ] GC(28) Pause Young (Concurrent Start) (G1 Humongous Allocation) 210M->169M(512M) 11.151ms
[2022-05-19T07:38:58.841+0000][162][gc,cpu      ] GC(28) User=0.03s Sys=0.00s Real=0.01s
[2022-05-19T07:38:58.841+0000][162][safepoint   ] Safepoint "G1TryInitiateConcMark", Time since last: 155303500 ns, Reaching safepoint: 269600 ns, At safepoint: 12699500 ns, Total: 12969100 ns
[2022-05-19T07:38:58.841+0000][162][gc          ] GC(29) Concurrent Mark Cycle
[2022-05-19T07:38:58.842+0000][162][gc,marking  ] GC(29) Concurrent Clear Claimed Marks
[2022-05-19T07:38:58.843+0000][162][gc,marking  ] GC(29) Concurrent Clear Claimed Marks 0.569ms
[2022-05-19T07:38:58.843+0000][162][gc,marking  ] GC(29) Concurrent Scan Root Regions
[2022-05-19T07:38:58.846+0000][162][gc,marking  ] GC(29) Concurrent Scan Root Regions 2.978ms
[2022-05-19T07:38:58.846+0000][162][gc,marking  ] GC(29) Concurrent Mark
[2022-05-19T07:38:58.847+0000][162][gc,marking  ] GC(29) Concurrent Mark From Roots
[2022-05-19T07:38:58.848+0000][162][gc,task     ] GC(29) Using 3 workers of 3 for marking
[2022-05-19T07:38:58.923+0000][162][gc,marking  ] GC(29) Concurrent Mark From Roots 76.094ms
[2022-05-19T07:38:58.923+0000][162][gc,marking  ] GC(29) Concurrent Preclean
[2022-05-19T07:38:58.924+0000][162][gc,marking  ] GC(29) Concurrent Preclean 0.824ms
[2022-05-19T07:38:58.924+0000][162][gc,start    ] GC(29) Pause Remark
[2022-05-19T07:38:58.932+0000][162][gc          ] GC(29) Pause Remark 181M->181M(512M) 7.904ms
[2022-05-19T07:38:58.933+0000][162][gc,cpu      ] GC(29) User=0.06s Sys=0.00s Real=0.01s
[2022-05-19T07:38:58.933+0000][162][safepoint   ] Safepoint "G1Concurrent", Time since last: 82879200 ns, Reaching safepoint: 329000 ns, At safepoint: 8513000 ns, Total: 8842000 ns
[2022-05-19T07:38:58.933+0000][162][gc,marking  ] GC(29) Concurrent Mark 86.824ms
[2022-05-19T07:38:58.933+0000][162][gc,marking  ] GC(29) Concurrent Rebuild Remembered Sets
[2022-05-19T07:38:58.963+0000][162][gc,marking  ] GC(29) Concurrent Rebuild Remembered Sets 30.162ms
[2022-05-19T07:38:58.964+0000][162][gc,start    ] GC(29) Pause Cleanup
[2022-05-19T07:38:58.964+0000][162][gc          ] GC(29) Pause Cleanup 181M->181M(512M) 0.404ms
[2022-05-19T07:38:58.965+0000][162][gc,cpu      ] GC(29) User=0.00s Sys=0.00s Real=0.00s
[2022-05-19T07:38:58.965+0000][162][safepoint   ] Safepoint "G1Concurrent", Time since last: 30869800 ns, Reaching safepoint: 313100 ns, At safepoint: 812200 ns, Total: 1125300 ns
[2022-05-19T07:38:58.965+0000][162][gc,marking  ] GC(29) Concurrent Cleanup for Next Mark
[2022-05-19T07:38:58.966+0000][162][gc,marking  ] GC(29) Concurrent Cleanup for Next Mark 0.529ms
[2022-05-19T07:38:58.966+0000][162][gc          ] GC(29) Concurrent Mark Cycle 124.909ms
[2022-05-19T07:38:59.032+0000][162][gc,start    ] GC(30) Pause Young (Concurrent Start) (G1 Humongous Allocation)
[2022-05-19T07:38:59.032+0000][162][gc,task     ] GC(30) Using 10 workers of 10 for evacuation
[2022-05-19T07:38:59.032+0000][162][gc,age      ] GC(30) Desired survivor size 14680064 bytes, new threshold 15 (max threshold 15)
[2022-05-19T07:38:59.035+0000][162][gc,age      ] GC(30) Age table with threshold 15 (max threshold 15)
[2022-05-19T07:38:59.035+0000][162][gc,age      ] GC(30) - age   1:     854456 bytes,     854456 total
[2022-05-19T07:38:59.035+0000][162][gc,age      ] GC(30) - age   2:    2821960 bytes,    3676416 total
[2022-05-19T07:38:59.035+0000][162][gc,phases   ] GC(30)   Pre Evacuate Collection Set: 0.3ms
[2022-05-19T07:38:59.035+0000][162][gc,phases   ] GC(30)   Merge Heap Roots: 0.2ms
[2022-05-19T07:38:59.036+0000][162][gc,phases   ] GC(30)   Evacuate Collection Set: 1.4ms
[2022-05-19T07:38:59.036+0000][162][gc,phases   ] GC(30)   Post Evacuate Collection Set: 0.6ms
[2022-05-19T07:38:59.036+0000][162][gc,phases   ] GC(30)   Other: 1.2ms
[2022-05-19T07:38:59.036+0000][162][gc,heap     ] GC(30) Eden regions: 2->0(48)
[2022-05-19T07:38:59.036+0000][162][gc,heap     ] GC(30) Survivor regions: 1->1(7)
[2022-05-19T07:38:59.036+0000][162][gc,heap     ] GC(30) Old regions: 26->26
[2022-05-19T07:38:59.036+0000][162][gc,heap     ] GC(30) Archive regions: 2->2
[2022-05-19T07:38:59.037+0000][162][gc,heap     ] GC(30) Humongous regions: 18->16
[2022-05-19T07:38:59.037+0000][162][gc,metaspace] GC(30) Metaspace: 100122K(101696K)->100122K(101696K) NonClass: 86315K(87232K)->86315K(87232K) Class: 13806K(14464K)->13806K(14464K)
[2022-05-19T07:38:59.037+0000][162][gc          ] GC(30) Pause Young (Concurrent Start) (G1 Humongous Allocation) 187M->174M(512M) 5.102ms
[2022-05-19T07:38:59.037+0000][162][gc,cpu      ] GC(30) User=0.02s Sys=0.00s Real=0.01s
[2022-05-19T07:38:59.037+0000][162][safepoint   ] Safepoint "G1TryInitiateConcMark", Time since last: 66688900 ns, Reaching safepoint: 203000 ns, At safepoint: 5459200 ns, Total: 5662200 ns
[2022-05-19T07:38:59.037+0000][162][gc          ] GC(31) Concurrent Mark Cycle
[2022-05-19T07:38:59.037+0000][162][gc,marking  ] GC(31) Concurrent Clear Claimed Marks
[2022-05-19T07:38:59.038+0000][162][gc,marking  ] GC(31) Concurrent Clear Claimed Marks 0.247ms
[2022-05-19T07:38:59.038+0000][162][gc,marking  ] GC(31) Concurrent Scan Root Regions
[2022-05-19T07:38:59.040+0000][162][gc,marking  ] GC(31) Concurrent Scan Root Regions 1.942ms
[2022-05-19T07:38:59.040+0000][162][gc,marking  ] GC(31) Concurrent Mark
[2022-05-19T07:38:59.040+0000][162][gc,marking  ] GC(31) Concurrent Mark From Roots
[2022-05-19T07:38:59.041+0000][162][gc,task     ] GC(31) Using 3 workers of 3 for marking
[2022-05-19T07:38:59.094+0000][162][gc,marking  ] GC(31) Concurrent Mark From Roots 53.258ms
[2022-05-19T07:38:59.094+0000][162][gc,marking  ] GC(31) Concurrent Preclean
[2022-05-19T07:38:59.095+0000][162][gc,marking  ] GC(31) Concurrent Preclean 0.617ms
[2022-05-19T07:38:59.095+0000][162][gc,start    ] GC(31) Pause Remark
[2022-05-19T07:38:59.098+0000][162][gc          ] GC(31) Pause Remark 207M->207M(512M) 3.229ms
[2022-05-19T07:38:59.098+0000][162][gc,cpu      ] GC(31) User=0.02s Sys=0.00s Real=0.01s
[2022-05-19T07:38:59.099+0000][162][safepoint   ] Safepoint "G1Concurrent", Time since last: 57521900 ns, Reaching safepoint: 293300 ns, At safepoint: 3659000 ns, Total: 3952300 ns
[2022-05-19T07:38:59.099+0000][162][gc,marking  ] GC(31) Concurrent Mark 58.658ms
[2022-05-19T07:38:59.099+0000][162][gc,marking  ] GC(31) Concurrent Rebuild Remembered Sets
[2022-05-19T07:38:59.127+0000][162][gc,marking  ] GC(31) Concurrent Rebuild Remembered Sets 28.067ms
[2022-05-19T07:38:59.128+0000][162][gc,start    ] GC(31) Pause Cleanup
[2022-05-19T07:38:59.128+0000][162][gc          ] GC(31) Pause Cleanup 208M->208M(512M) 0.380ms
[2022-05-19T07:38:59.128+0000][162][gc,cpu      ] GC(31) User=0.00s Sys=0.00s Real=0.00s
[2022-05-19T07:38:59.128+0000][162][safepoint   ] Safepoint "G1Concurrent", Time since last: 28693000 ns, Reaching safepoint: 311700 ns, At safepoint: 766600 ns, Total: 1078300 ns
[2022-05-19T07:38:59.129+0000][162][gc,marking  ] GC(31) Concurrent Cleanup for Next Mark
[2022-05-19T07:38:59.129+0000][162][gc,marking  ] GC(31) Concurrent Cleanup for Next Mark 0.709ms
[2022-05-19T07:38:59.130+0000][162][gc          ] GC(31) Concurrent Mark Cycle 92.521ms
[2022-05-19T07:38:59.829+0000][162][gc,start    ] GC(32) Pause Young (Normal) (G1 Evacuation Pause)
[2022-05-19T07:38:59.829+0000][162][gc,task     ] GC(32) Using 10 workers of 10 for evacuation
[2022-05-19T07:38:59.830+0000][162][gc,age      ] GC(32) Desired survivor size 14680064 bytes, new threshold 15 (max threshold 15)
[2022-05-19T07:38:59.832+0000][162][gc,age      ] GC(32) Age table with threshold 15 (max threshold 15)
[2022-05-19T07:38:59.833+0000][162][gc,age      ] GC(32) - age   1:    2055632 bytes,    2055632 total
[2022-05-19T07:38:59.833+0000][162][gc,age      ] GC(32) - age   2:     853920 bytes,    2909552 total
[2022-05-19T07:38:59.833+0000][162][gc,age      ] GC(32) - age   3:    2821720 bytes,    5731272 total
[2022-05-19T07:38:59.833+0000][162][gc,phases   ] GC(32)   Pre Evacuate Collection Set: 0.2ms
[2022-05-19T07:38:59.833+0000][162][gc,phases   ] GC(32)   Merge Heap Roots: 0.2ms
[2022-05-19T07:38:59.834+0000][162][gc,phases   ] GC(32)   Evacuate Collection Set: 1.1ms
[2022-05-19T07:38:59.834+0000][162][gc,phases   ] GC(32)   Post Evacuate Collection Set: 0.9ms
[2022-05-19T07:38:59.834+0000][162][gc,phases   ] GC(32)   Other: 1.4ms
[2022-05-19T07:38:59.834+0000][162][gc,heap     ] GC(32) Eden regions: 48->0(49)
[2022-05-19T07:38:59.834+0000][162][gc,heap     ] GC(32) Survivor regions: 1->2(7)
[2022-05-19T07:38:59.835+0000][162][gc,heap     ] GC(32) Old regions: 26->26
[2022-05-19T07:38:59.835+0000][162][gc,heap     ] GC(32) Archive regions: 2->2
[2022-05-19T07:38:59.835+0000][162][gc,heap     ] GC(32) Humongous regions: 23->16
[2022-05-19T07:38:59.835+0000][162][gc,metaspace] GC(32) Metaspace: 100124K(101696K)->100124K(101696K) NonClass: 86317K(87232K)->86317K(87232K) Class: 13806K(14464K)->13806K(14464K)
[2022-05-19T07:38:59.835+0000][162][gc          ] GC(32) Pause Young (Normal) (G1 Evacuation Pause) 394M->176M(512M) 6.096ms
[2022-05-19T07:38:59.836+0000][162][gc,cpu      ] GC(32) User=0.02s Sys=0.00s Real=0.00s
[2022-05-19T07:38:59.836+0000][162][safepoint   ] Safepoint "G1CollectForAllocation", Time since last: 700569800 ns, Reaching safepoint: 207600 ns, At safepoint: 6513600 ns, Total: 6721200 ns
[2022-05-19T07:39:00.707+0000][162][gc,start    ] GC(33) Pause Young (Concurrent Start) (G1 Evacuation Pause)
[2022-05-19T07:39:00.707+0000][162][gc,task     ] GC(33) Using 10 workers of 10 for evacuation
[2022-05-19T07:39:00.707+0000][162][gc,age      ] GC(33) Desired survivor size 14680064 bytes, new threshold 15 (max threshold 15)
[2022-05-19T07:39:00.711+0000][162][gc,age      ] GC(33) Age table with threshold 15 (max threshold 15)
[2022-05-19T07:39:00.711+0000][162][gc,age      ] GC(33) - age   1:     837544 bytes,     837544 total
[2022-05-19T07:39:00.711+0000][162][gc,age      ] GC(33) - age   2:    1587552 bytes,    2425096 total
[2022-05-19T07:39:00.711+0000][162][gc,age      ] GC(33) - age   3:     853128 bytes,    3278224 total
[2022-05-19T07:39:00.712+0000][162][gc,age      ] GC(33) - age   4:    2821720 bytes,    6099944 total
[2022-05-19T07:39:00.712+0000][162][gc,phases   ] GC(33)   Pre Evacuate Collection Set: 0.2ms
[2022-05-19T07:39:00.712+0000][162][gc,phases   ] GC(33)   Merge Heap Roots: 0.2ms
[2022-05-19T07:39:00.712+0000][162][gc,phases   ] GC(33)   Evacuate Collection Set: 1.5ms
[2022-05-19T07:39:00.713+0000][162][gc,phases   ] GC(33)   Post Evacuate Collection Set: 0.8ms
[2022-05-19T07:39:00.713+0000][162][gc,phases   ] GC(33)   Other: 2.5ms
[2022-05-19T07:39:00.713+0000][162][gc,heap     ] GC(33) Eden regions: 49->0(51)
[2022-05-19T07:39:00.713+0000][162][gc,heap     ] GC(33) Survivor regions: 2->2(7)
[2022-05-19T07:39:00.714+0000][162][gc,heap     ] GC(33) Old regions: 26->26
[2022-05-19T07:39:00.714+0000][162][gc,heap     ] GC(33) Archive regions: 2->2
[2022-05-19T07:39:00.714+0000][162][gc,heap     ] GC(33) Humongous regions: 16->16
[2022-05-19T07:39:00.714+0000][162][gc,metaspace] GC(33) Metaspace: 100134K(101696K)->100134K(101696K) NonClass: 86327K(87232K)->86327K(87232K) Class: 13806K(14464K)->13806K(14464K)
[2022-05-19T07:39:00.715+0000][162][gc          ] GC(33) Pause Young (Concurrent Start) (G1 Evacuation Pause) 372M->176M(512M) 7.933ms
[2022-05-19T07:39:00.715+0000][162][gc,cpu      ] GC(33) User=0.02s Sys=0.00s Real=0.00s
[2022-05-19T07:39:00.715+0000][162][gc          ] GC(34) Concurrent Mark Cycle
[2022-05-19T07:39:00.715+0000][162][gc,marking  ] GC(34) Concurrent Clear Claimed Marks
[2022-05-19T07:39:00.715+0000][162][safepoint   ] Safepoint "G1CollectForAllocation", Time since last: 870765900 ns, Reaching safepoint: 182100 ns, At safepoint: 8480300 ns, Total: 8662400 ns
[2022-05-19T07:39:00.716+0000][162][gc,marking  ] GC(34) Concurrent Clear Claimed Marks 0.277ms
[2022-05-19T07:39:00.716+0000][162][gc,marking  ] GC(34) Concurrent Scan Root Regions
[2022-05-19T07:39:00.717+0000][162][gc,marking  ] GC(34) Concurrent Scan Root Regions 1.065ms
[2022-05-19T07:39:00.718+0000][162][gc,marking  ] GC(34) Concurrent Mark
[2022-05-19T07:39:00.718+0000][162][gc,marking  ] GC(34) Concurrent Mark From Roots
[2022-05-19T07:39:00.718+0000][162][gc,task     ] GC(34) Using 3 workers of 3 for marking
[2022-05-19T07:39:00.767+0000][162][gc,marking  ] GC(34) Concurrent Mark From Roots 49.185ms
[2022-05-19T07:39:00.767+0000][162][gc,marking  ] GC(34) Concurrent Preclean
[2022-05-19T07:39:00.768+0000][162][gc,marking  ] GC(34) Concurrent Preclean 0.665ms
[2022-05-19T07:39:00.769+0000][162][gc,start    ] GC(34) Pause Remark
[2022-05-19T07:39:00.772+0000][162][gc          ] GC(34) Pause Remark 186M->174M(512M) 3.612ms
[2022-05-19T07:39:00.773+0000][162][gc,cpu      ] GC(34) User=0.03s Sys=0.00s Real=0.00s
[2022-05-19T07:39:00.773+0000][162][safepoint   ] Safepoint "G1Concurrent", Time since last: 53246400 ns, Reaching safepoint: 326900 ns, At safepoint: 4411100 ns, Total: 4738000 ns
[2022-05-19T07:39:00.774+0000][162][gc,marking  ] GC(34) Concurrent Mark 55.996ms
[2022-05-19T07:39:00.774+0000][162][gc,marking  ] GC(34) Concurrent Rebuild Remembered Sets
[2022-05-19T07:39:00.795+0000][162][gc,marking  ] GC(34) Concurrent Rebuild Remembered Sets 21.140ms
[2022-05-19T07:39:00.796+0000][162][gc,start    ] GC(34) Pause Cleanup
[2022-05-19T07:39:00.796+0000][162][gc          ] GC(34) Pause Cleanup 180M->180M(512M) 0.609ms
[2022-05-19T07:39:00.797+0000][162][gc,cpu      ] GC(34) User=0.00s Sys=0.00s Real=0.01s
[2022-05-19T07:39:00.797+0000][162][safepoint   ] Safepoint "G1Concurrent", Time since last: 22305300 ns, Reaching safepoint: 318300 ns, At safepoint: 1326500 ns, Total: 1644800 ns
[2022-05-19T07:39:00.797+0000][162][gc,marking  ] GC(34) Concurrent Cleanup for Next Mark
[2022-05-19T07:39:00.798+0000][162][gc,marking  ] GC(34) Concurrent Cleanup for Next Mark 0.596ms
[2022-05-19T07:39:00.798+0000][162][gc          ] GC(34) Concurrent Mark Cycle 83.201ms
[2022-05-19T07:39:01.798+0000][162][safepoint   ] Safepoint "Cleanup", Time since last: 1000470000 ns, Reaching safepoint: 323500 ns, At safepoint: 116300 ns, Total: 439800 ns
[2022-05-19T07:39:01.936+0000][162][gc,start    ] GC(35) Pause Young (Normal) (G1 Evacuation Pause)
[2022-05-19T07:39:01.936+0000][162][gc,task     ] GC(35) Using 10 workers of 10 for evacuation
[2022-05-19T07:39:01.936+0000][162][gc,age      ] GC(35) Desired survivor size 14680064 bytes, new threshold 15 (max threshold 15)
[2022-05-19T07:39:01.940+0000][162][gc,age      ] GC(35) Age table with threshold 15 (max threshold 15)
[2022-05-19T07:39:01.940+0000][162][gc,age      ] GC(35) - age   1:   14509440 bytes,   14509440 total
[2022-05-19T07:39:01.940+0000][162][gc,age      ] GC(35) - age   2:     422072 bytes,   14931512 total
[2022-05-19T07:39:01.941+0000][162][gc,age      ] GC(35) - age   3:     339344 bytes,   15270856 total
[2022-05-19T07:39:01.941+0000][162][gc,age      ] GC(35) - age   4:        600 bytes,   15271456 total
[2022-05-19T07:39:01.941+0000][162][gc,phases   ] GC(35)   Pre Evacuate Collection Set: 0.2ms
[2022-05-19T07:39:01.941+0000][162][gc,phases   ] GC(35)   Merge Heap Roots: 0.2ms
[2022-05-19T07:39:01.941+0000][162][gc,phases   ] GC(35)   Evacuate Collection Set: 2.5ms
[2022-05-19T07:39:01.942+0000][162][gc,phases   ] GC(35)   Post Evacuate Collection Set: 0.8ms
[2022-05-19T07:39:01.942+0000][162][gc,phases   ] GC(35)   Other: 1.6ms
[2022-05-19T07:39:01.942+0000][162][gc,heap     ] GC(35) Eden regions: 51->0(57)
[2022-05-19T07:39:01.942+0000][162][gc,heap     ] GC(35) Survivor regions: 2->4(7)
[2022-05-19T07:39:01.942+0000][162][gc,heap     ] GC(35) Old regions: 26->26
[2022-05-19T07:39:01.942+0000][162][gc,heap     ] GC(35) Archive regions: 2->2
[2022-05-19T07:39:01.943+0000][162][gc,heap     ] GC(35) Humongous regions: 13->6
[2022-05-19T07:39:01.943+0000][162][gc,metaspace] GC(35) Metaspace: 100200K(101760K)->100200K(101760K) NonClass: 86392K(87296K)->86392K(87296K) Class: 13807K(14464K)->13807K(14464K)
[2022-05-19T07:39:01.943+0000][162][gc          ] GC(35) Pause Young (Normal) (G1 Evacuation Pause) 368M->145M(512M) 7.138ms
[2022-05-19T07:39:01.943+0000][162][gc,cpu      ] GC(35) User=0.03s Sys=0.00s Real=0.01s
[2022-05-19T07:39:01.943+0000][162][safepoint   ] Safepoint "G1CollectForAllocation", Time since last: 137644700 ns, Reaching safepoint: 179300 ns, At safepoint: 7473000 ns, Total: 7652300 ns
[2022-05-19T07:39:02.944+0000][162][safepoint   ] Safepoint "Cleanup", Time since last: 1000275300 ns, Reaching safepoint: 320500 ns, At safepoint: 25200 ns, Total: 345700 ns
[2022-05-19T07:39:03.451+0000][162][gc,start    ] GC(36) Pause Young (Normal) (G1 Evacuation Pause)
[2022-05-19T07:39:03.451+0000][162][gc,task     ] GC(36) Using 10 workers of 10 for evacuation
[2022-05-19T07:39:03.452+0000][162][gc,age      ] GC(36) Desired survivor size 16777216 bytes, new threshold 15 (max threshold 15)
[2022-05-19T07:39:03.455+0000][162][gc,age      ] GC(36) Age table with threshold 15 (max threshold 15)
[2022-05-19T07:39:03.455+0000][162][gc,age      ] GC(36) - age   1:   11333736 bytes,   11333736 total
[2022-05-19T07:39:03.456+0000][162][gc,age      ] GC(36) - age   2:    2312264 bytes,   13646000 total
[2022-05-19T07:39:03.456+0000][162][gc,age      ] GC(36) - age   3:      62536 bytes,   13708536 total
[2022-05-19T07:39:03.456+0000][162][gc,age      ] GC(36) - age   4:     337816 bytes,   14046352 total
[2022-05-19T07:39:03.456+0000][162][gc,age      ] GC(36) - age   5:         24 bytes,   14046376 total
[2022-05-19T07:39:03.456+0000][162][gc,phases   ] GC(36)   Pre Evacuate Collection Set: 0.2ms
[2022-05-19T07:39:03.457+0000][162][gc,phases   ] GC(36)   Merge Heap Roots: 0.2ms
[2022-05-19T07:39:03.457+0000][162][gc,phases   ] GC(36)   Evacuate Collection Set: 2.3ms
[2022-05-19T07:39:03.457+0000][162][gc,phases   ] GC(36)   Post Evacuate Collection Set: 0.7ms
[2022-05-19T07:39:03.457+0000][162][gc,phases   ] GC(36)   Other: 1.7ms
[2022-05-19T07:39:03.457+0000][162][gc,heap     ] GC(36) Eden regions: 57->0(57)
[2022-05-19T07:39:03.457+0000][162][gc,heap     ] GC(36) Survivor regions: 4->4(8)
[2022-05-19T07:39:03.458+0000][162][gc,heap     ] GC(36) Old regions: 26->26
[2022-05-19T07:39:03.458+0000][162][gc,heap     ] GC(36) Archive regions: 2->2
[2022-05-19T07:39:03.458+0000][162][gc,heap     ] GC(36) Humongous regions: 6->6
[2022-05-19T07:39:03.458+0000][162][gc,metaspace] GC(36) Metaspace: 100296K(101824K)->100296K(101824K) NonClass: 86489K(87360K)->86489K(87360K) Class: 13807K(14464K)->13807K(14464K)
[2022-05-19T07:39:03.458+0000][162][gc          ] GC(36) Pause Young (Normal) (G1 Evacuation Pause) 373M->144M(512M) 6.845ms
[2022-05-19T07:39:03.458+0000][162][gc,cpu      ] GC(36) User=0.04s Sys=0.01s Real=0.01s
[2022-05-19T07:39:03.459+0000][162][safepoint   ] Safepoint "G1CollectForAllocation", Time since last: 507063800 ns, Reaching safepoint: 269700 ns, At safepoint: 7296900 ns, Total: 7566600 ns
[2022-05-19T07:39:03.994+0000][162][gc,start    ] GC(37) Pause Young (Normal) (G1 Evacuation Pause)
[2022-05-19T07:39:03.995+0000][162][gc,task     ] GC(37) Using 10 workers of 10 for evacuation
[2022-05-19T07:39:03.995+0000][162][gc,age      ] GC(37) Desired survivor size 16777216 bytes, new threshold 15 (max threshold 15)
[2022-05-19T07:39:03.998+0000][162][gc,age      ] GC(37) Age table with threshold 15 (max threshold 15)
[2022-05-19T07:39:03.998+0000][162][gc,age      ] GC(37) - age   1:    8114312 bytes,    8114312 total
[2022-05-19T07:39:03.999+0000][162][gc,age      ] GC(37) - age   2:    1503400 bytes,    9617712 total
[2022-05-19T07:39:03.999+0000][162][gc,age      ] GC(37) - age   3:    1337760 bytes,   10955472 total
[2022-05-19T07:39:03.999+0000][162][gc,age      ] GC(37) - age   4:      62328 bytes,   11017800 total
[2022-05-19T07:39:03.999+0000][162][gc,age      ] GC(37) - age   5:     337816 bytes,   11355616 total
[2022-05-19T07:39:04.000+0000][162][gc,phases   ] GC(37)   Pre Evacuate Collection Set: 0.2ms
[2022-05-19T07:39:04.000+0000][162][gc,phases   ] GC(37)   Merge Heap Roots: 0.1ms
[2022-05-19T07:39:04.000+0000][162][gc,phases   ] GC(37)   Evacuate Collection Set: 1.8ms
[2022-05-19T07:39:04.000+0000][162][gc,phases   ] GC(37)   Post Evacuate Collection Set: 0.8ms
[2022-05-19T07:39:04.000+0000][162][gc,phases   ] GC(37)   Other: 2.6ms
[2022-05-19T07:39:04.000+0000][162][gc,heap     ] GC(37) Eden regions: 57->0(59)
[2022-05-19T07:39:04.001+0000][162][gc,heap     ] GC(37) Survivor regions: 4->3(8)
[2022-05-19T07:39:04.001+0000][162][gc,heap     ] GC(37) Old regions: 26->26
[2022-05-19T07:39:04.001+0000][162][gc,heap     ] GC(37) Archive regions: 2->2
[2022-05-19T07:39:04.001+0000][162][gc,heap     ] GC(37) Humongous regions: 6->6
[2022-05-19T07:39:04.001+0000][162][gc,metaspace] GC(37) Metaspace: 100321K(101824K)->100321K(101824K) NonClass: 86513K(87360K)->86513K(87360K) Class: 13807K(14464K)->13807K(14464K)
[2022-05-19T07:39:04.001+0000][162][gc          ] GC(37) Pause Young (Normal) (G1 Evacuation Pause) 372M->142M(512M) 7.113ms
[2022-05-19T07:39:04.001+0000][162][gc,cpu      ] GC(37) User=0.02s Sys=0.00s Real=0.01s
[2022-05-19T07:39:04.002+0000][162][safepoint   ] Safepoint "G1CollectForAllocation", Time since last: 535374100 ns, Reaching safepoint: 179300 ns, At safepoint: 7491700 ns, Total: 7671000 ns
[2022-05-19T07:39:05.002+0000][162][safepoint   ] Safepoint "Cleanup", Time since last: 1000305700 ns, Reaching safepoint: 269600 ns, At safepoint: 25600 ns, Total: 295200 ns
[2022-05-19T07:39:06.003+0000][162][safepoint   ] Safepoint "Cleanup", Time since last: 1000397500 ns, Reaching safepoint: 274600 ns, At safepoint: 7000 ns, Total: 281600 ns
[2022-05-19T07:39:07.004+0000][162][safepoint   ] Safepoint "Cleanup", Time since last: 1000488300 ns, Reaching safepoint: 273500 ns, At safepoint: 9400 ns, Total: 282900 ns
[2022-05-19T07:39:12.006+0000][162][safepoint   ] Safepoint "Cleanup", Time since last: 5001697200 ns, Reaching safepoint: 202900 ns, At safepoint: 6700 ns, Total: 209600 ns
[2022-05-19T07:39:13.006+0000][162][safepoint   ] Safepoint "Cleanup", Time since last: 1000486800 ns, Reaching safepoint: 312900 ns, At safepoint: 6500 ns, Total: 319400 ns
[2022-05-19T07:39:15.008+0000][162][safepoint   ] Safepoint "Cleanup", Time since last: 2000564200 ns, Reaching safepoint: 603100 ns, At safepoint: 20800 ns, Total: 623900 ns
[2022-05-19T07:39:16.009+0000][162][safepoint   ] Safepoint "Cleanup", Time since last: 1000967800 ns, Reaching safepoint: 212400 ns, At safepoint: 7800 ns, Total: 220200 ns
[2022-05-19T07:39:17.010+0000][162][safepoint   ] Safepoint "Cleanup", Time since last: 1000735800 ns, Reaching safepoint: 232900 ns, At safepoint: 7900 ns, Total: 240800 ns
[2022-05-19T07:39:21.011+0000][162][safepoint   ] Safepoint "Cleanup", Time since last: 4001379500 ns, Reaching safepoint: 218100 ns, At safepoint: 7800 ns, Total: 225900 ns
[2022-05-19T07:39:23.013+0000][162][safepoint   ] Safepoint "Cleanup", Time since last: 2000936300 ns, Reaching safepoint: 326000 ns, At safepoint: 9400 ns, Total: 335400 ns
[2022-05-19T07:39:24.013+0000][162][safepoint   ] Safepoint "Cleanup", Time since last: 1000402700 ns, Reaching safepoint: 201600 ns, At safepoint: 6300 ns, Total: 207900 ns
[2022-05-19T07:39:30.016+0000][162][safepoint   ] Safepoint "Cleanup", Time since last: 6002221400 ns, Reaching safepoint: 250600 ns, At safepoint: 8700 ns, Total: 259300 ns
[2022-05-19T07:39:37.018+0000][162][safepoint   ] Safepoint "Cleanup", Time since last: 7002263000 ns, Reaching safepoint: 214900 ns, At safepoint: 7500 ns, Total: 222400 ns
[2022-05-19T07:39:44.021+0000][162][safepoint   ] Safepoint "Cleanup", Time since last: 7002151900 ns, Reaching safepoint: 255800 ns, At safepoint: 9500 ns, Total: 265300 ns
[2022-05-19T07:39:51.022+0000][162][safepoint   ] Safepoint "Cleanup", Time since last: 7001228600 ns, Reaching safepoint: 271600 ns, At safepoint: 8600 ns, Total: 280200 ns
[2022-05-19T07:39:55.023+0000][162][safepoint   ] Safepoint "Cleanup", Time since last: 4000771000 ns, Reaching safepoint: 253900 ns, At safepoint: 7000 ns, Total: 260900 ns
[2022-05-19T07:39:56.024+0000][162][safepoint   ] Safepoint "Cleanup", Time since last: 1000438500 ns, Reaching safepoint: 195300 ns, At safepoint: 6700 ns, Total: 202000 ns
[2022-05-19T07:40:00.025+0000][162][safepoint   ] Safepoint "Cleanup", Time since last: 4000967200 ns, Reaching safepoint: 223600 ns, At safepoint: 6800 ns, Total: 230400 ns
[2022-05-19T07:40:05.027+0000][162][safepoint   ] Safepoint "Cleanup", Time since last: 5001014000 ns, Reaching safepoint: 407300 ns, At safepoint: 10300 ns, Total: 417600 ns
[2022-05-19T07:40:29.034+0000][162][safepoint   ] Safepoint "Cleanup", Time since last: 24007061500 ns, Reaching safepoint: 259300 ns, At safepoint: 8800 ns, Total: 268100 ns
[2022-05-19T07:40:30.035+0000][162][safepoint   ] Safepoint "Cleanup", Time since last: 1000889500 ns, Reaching safepoint: 201200 ns, At safepoint: 6700 ns, Total: 207900 ns
[2022-05-19T07:40:42.039+0000][162][safepoint   ] Safepoint "Cleanup", Time since last: 12003530000 ns, Reaching safepoint: 761000 ns, At safepoint: 27300 ns, Total: 788300 ns
[2022-05-19T07:40:54.044+0000][162][safepoint   ] Safepoint "Cleanup", Time since last: 12004269100 ns, Reaching safepoint: 222000 ns, At safepoint: 7600 ns, Total: 229600 ns
[2022-05-19T07:40:55.045+0000][162][safepoint   ] Safepoint "Cleanup", Time since last: 1000819600 ns, Reaching safepoint: 797600 ns, At safepoint: 27800 ns, Total: 825400 ns
[2022-05-19T07:41:00.049+0000][162][safepoint   ] Safepoint "Cleanup", Time since last: 5002093800 ns, Reaching safepoint: 210200 ns, At safepoint: 7100 ns, Total: 217300 ns
[2022-05-19T07:41:13.052+0000][162][safepoint   ] Safepoint "Cleanup", Time since last: 13003547100 ns, Reaching safepoint: 209500 ns, At safepoint: 7100 ns, Total: 216600 ns
[2022-05-19T07:41:19.055+0000][162][safepoint   ] Safepoint "Cleanup", Time since last: 6002428000 ns, Reaching safepoint: 365900 ns, At safepoint: 33800 ns, Total: 399700 ns
[2022-05-19T07:41:23.057+0000][162][safepoint   ] Safepoint "Cleanup", Time since last: 4001931400 ns, Reaching safepoint: 245700 ns, At safepoint: 8000 ns, Total: 253700 ns
[2022-05-19T07:41:24.378+0000][162][safepoint   ] Safepoint "Cleanup", Time since last: 1319919200 ns, Reaching safepoint: 204400 ns, At safepoint: 7100 ns, Total: 211500 ns
[2022-05-19T07:41:26.379+0000][162][safepoint   ] Safepoint "Cleanup", Time since last: 2000967700 ns, Reaching safepoint: 805800 ns, At safepoint: 27000 ns, Total: 832800 ns
[2022-05-19T07:41:27.382+0000][162][safepoint   ] Safepoint "Cleanup", Time since last: 1001418800 ns, Reaching safepoint: 1066300 ns, At safepoint: 49600 ns, Total: 1115900 ns
[2022-05-19T07:41:53.391+0000][162][safepoint   ] Safepoint "Cleanup", Time since last: 26008507300 ns, Reaching safepoint: 272800 ns, At safepoint: 8800 ns, Total: 281600 ns
[2022-05-19T07:42:06.785+0000][162][gc,start    ] GC(38) Pause Young (Normal) (G1 Evacuation Pause)
[2022-05-19T07:42:06.785+0000][162][gc,task     ] GC(38) Using 10 workers of 10 for evacuation
[2022-05-19T07:42:06.786+0000][162][gc,age      ] GC(38) Desired survivor size 16777216 bytes, new threshold 15 (max threshold 15)
[2022-05-19T07:42:06.788+0000][162][gc,age      ] GC(38) Age table with threshold 15 (max threshold 15)
[2022-05-19T07:42:06.789+0000][162][gc,age      ] GC(38) - age   1:     612592 bytes,     612592 total
[2022-05-19T07:42:06.789+0000][162][gc,age      ] GC(38) - age   2:     875584 bytes,    1488176 total
[2022-05-19T07:42:06.789+0000][162][gc,age      ] GC(38) - age   3:     643920 bytes,    2132096 total
[2022-05-19T07:42:06.789+0000][162][gc,age      ] GC(38) - age   4:    1337248 bytes,    3469344 total
[2022-05-19T07:42:06.790+0000][162][gc,age      ] GC(38) - age   5:      61888 bytes,    3531232 total
[2022-05-19T07:42:06.790+0000][162][gc,age      ] GC(38) - age   6:     337816 bytes,    3869048 total
[2022-05-19T07:42:06.790+0000][162][gc,phases   ] GC(38)   Pre Evacuate Collection Set: 0.2ms
[2022-05-19T07:42:06.790+0000][162][gc,phases   ] GC(38)   Merge Heap Roots: 0.2ms
[2022-05-19T07:42:06.790+0000][162][gc,phases   ] GC(38)   Evacuate Collection Set: 1.3ms
[2022-05-19T07:42:06.790+0000][162][gc,phases   ] GC(38)   Post Evacuate Collection Set: 0.7ms
[2022-05-19T07:42:06.791+0000][162][gc,phases   ] GC(38)   Other: 2.4ms
[2022-05-19T07:42:06.791+0000][162][gc,heap     ] GC(38) Eden regions: 59->0(63)
[2022-05-19T07:42:06.791+0000][162][gc,heap     ] GC(38) Survivor regions: 3->1(8)
[2022-05-19T07:42:06.791+0000][162][gc,heap     ] GC(38) Old regions: 26->26
[2022-05-19T07:42:06.792+0000][162][gc,heap     ] GC(38) Archive regions: 2->2
[2022-05-19T07:42:06.792+0000][162][gc,heap     ] GC(38) Humongous regions: 6->6
[2022-05-19T07:42:06.792+0000][162][gc,metaspace] GC(38) Metaspace: 100533K(102080K)->100533K(102080K) NonClass: 86724K(87616K)->86724K(87616K) Class: 13809K(14464K)->13809K(14464K)
[2022-05-19T07:42:06.792+0000][162][gc          ] GC(38) Pause Young (Normal) (G1 Evacuation Pause) 378M->134M(512M) 7.070ms
[2022-05-19T07:42:06.792+0000][162][gc,cpu      ] GC(38) User=0.00s Sys=0.01s Real=0.01s
[2022-05-19T07:42:06.793+0000][162][safepoint   ] Safepoint "G1CollectForAllocation", Time since last: 13393660300 ns, Reaching safepoint: 203600 ns, At safepoint: 7613600 ns, Total: 7817200 ns
[2022-05-19T07:42:24.796+0000][162][safepoint   ] Safepoint "Cleanup", Time since last: 18002983400 ns, Reaching safepoint: 245900 ns, At safepoint: 10200 ns, Total: 256100 ns
[2022-05-19T07:42:35.798+0000][162][safepoint   ] Safepoint "Cleanup", Time since last: 11002027000 ns, Reaching safepoint: 228700 ns, At safepoint: 8600 ns, Total: 237300 ns
[2022-05-19T07:42:46.534+0000][162][safepoint   ] Safepoint "Cleanup", Time since last: 10735366400 ns, Reaching safepoint: 260400 ns, At safepoint: 9200 ns, Total: 269600 ns
[2022-05-19T07:42:53.538+0000][162][safepoint   ] Safepoint "Cleanup", Time since last: 7002602200 ns, Reaching safepoint: 851800 ns, At safepoint: 81600 ns, Total: 933400 ns
[2022-05-19T07:43:20.546+0000][162][safepoint   ] Safepoint "Cleanup", Time since last: 27008532700 ns, Reaching safepoint: 210900 ns, At safepoint: 13600 ns, Total: 224500 ns
[2022-05-19T07:43:25.549+0000][162][safepoint   ] Safepoint "Cleanup", Time since last: 5001172700 ns, Reaching safepoint: 1069100 ns, At safepoint: 35300 ns, Total: 1104400 ns
[2022-05-19T07:43:35.348+0000][162][safepoint   ] Safepoint "Cleanup", Time since last: 9798056700 ns, Reaching safepoint: 792400 ns, At safepoint: 25600 ns, Total: 818000 ns
[2022-05-19T07:43:45.354+0000][162][safepoint   ] Safepoint "Cleanup", Time since last: 10004597400 ns, Reaching safepoint: 836900 ns, At safepoint: 85700 ns, Total: 922600 ns
[2022-05-19T07:43:46.355+0000][162][safepoint   ] Safepoint "Cleanup", Time since last: 1001296900 ns, Reaching safepoint: 205500 ns, At safepoint: 6900 ns, Total: 212400 ns
[2022-05-19T07:43:54.358+0000][162][safepoint   ] Safepoint "Cleanup", Time since last: 8002594000 ns, Reaching safepoint: 312600 ns, At safepoint: 24200 ns, Total: 336800 ns
[2022-05-19T07:43:55.359+0000][162][safepoint   ] Safepoint "Cleanup", Time since last: 1000380800 ns, Reaching safepoint: 195500 ns, At safepoint: 20100 ns, Total: 215600 ns
[2022-05-19T07:44:04.362+0000][162][safepoint   ] Safepoint "Cleanup", Time since last: 9002563500 ns, Reaching safepoint: 247800 ns, At safepoint: 5900 ns, Total: 253700 ns
[2022-05-19T07:44:25.368+0000][162][safepoint   ] Safepoint "Cleanup", Time since last: 21005923200 ns, Reaching safepoint: 348400 ns, At safepoint: 12300 ns, Total: 360700 ns
[2022-05-19T07:44:54.376+0000][162][safepoint   ] Safepoint "Cleanup", Time since last: 29006561500 ns, Reaching safepoint: 834000 ns, At safepoint: 26500 ns, Total: 860500 ns
[2022-05-19T07:44:55.377+0000][162][safepoint   ] Safepoint "Cleanup", Time since last: 1001333800 ns, Reaching safepoint: 196400 ns, At safepoint: 6700 ns, Total: 203100 ns
[2022-05-19T07:45:02.381+0000][162][safepoint   ] Safepoint "Cleanup", Time since last: 7002670700 ns, Reaching safepoint: 934600 ns, At safepoint: 29200 ns, Total: 963800 ns
[2022-05-19T07:45:07.383+0000][162][safepoint   ] Safepoint "Cleanup", Time since last: 5001813400 ns, Reaching safepoint: 191400 ns, At safepoint: 6500 ns, Total: 197900 ns
[2022-05-19T07:45:21.386+0000][162][safepoint   ] Safepoint "Cleanup", Time since last: 14003054100 ns, Reaching safepoint: 198100 ns, At safepoint: 6300 ns, Total: 204400 ns
[2022-05-19T07:45:24.389+0000][162][safepoint   ] Safepoint "Cleanup", Time since last: 3001720900 ns, Reaching safepoint: 982500 ns, At safepoint: 29400 ns, Total: 1011900 ns
[2022-05-19T07:46:22.404+0000][162][safepoint   ] Safepoint "Cleanup", Time since last: 58014008800 ns, Reaching safepoint: 238000 ns, At safepoint: 13300 ns, Total: 251300 ns
[2022-05-19T07:46:54.412+0000][162][safepoint   ] Safepoint "Cleanup", Time since last: 32008440300 ns, Reaching safepoint: 216900 ns, At safepoint: 6300 ns, Total: 223200 ns
[2022-05-19T07:46:55.413+0000][162][safepoint   ] Safepoint "Cleanup", Time since last: 1000502900 ns, Reaching safepoint: 205300 ns, At safepoint: 7200 ns, Total: 212500 ns
[2022-05-19T07:47:34.427+0000][162][safepoint   ] Safepoint "Cleanup", Time since last: 39012034200 ns, Reaching safepoint: 904000 ns, At safepoint: 26500 ns, Total: 930500 ns
[2022-05-19T07:47:54.436+0000][162][safepoint   ] Safepoint "Cleanup", Time since last: 20007566800 ns, Reaching safepoint: 840000 ns, At safepoint: 24200 ns, Total: 864200 ns
[2022-05-19T07:47:55.437+0000][162][safepoint   ] Safepoint "Cleanup", Time since last: 1001206600 ns, Reaching safepoint: 191200 ns, At safepoint: 6500 ns, Total: 197700 ns
[2022-05-19T07:48:04.441+0000][162][safepoint   ] Safepoint "Cleanup", Time since last: 9002610300 ns, Reaching safepoint: 825400 ns, At safepoint: 26600 ns, Total: 852000 ns
[2022-05-19T07:48:14.444+0000][162][safepoint   ] Safepoint "Cleanup", Time since last: 10003370600 ns, Reaching safepoint: 283300 ns, At safepoint: 9000 ns, Total: 292300 ns
[2022-05-19T07:48:24.448+0000][162][safepoint   ] Safepoint "Cleanup", Time since last: 10003216200 ns, Reaching safepoint: 195900 ns, At safepoint: 6400 ns, Total: 202300 ns
[2022-05-19T07:49:06.459+0000][162][safepoint   ] Safepoint "Cleanup", Time since last: 42010631400 ns, Reaching safepoint: 186700 ns, At safepoint: 5500 ns, Total: 192200 ns
[2022-05-19T07:49:07.460+0000][162][safepoint   ] Safepoint "Cleanup", Time since last: 1000632900 ns, Reaching safepoint: 868100 ns, At safepoint: 28900 ns, Total: 897000 ns
[2022-05-19T07:49:08.462+0000][162][safepoint   ] Safepoint "Cleanup", Time since last: 1001292200 ns, Reaching safepoint: 268500 ns, At safepoint: 7700 ns, Total: 276200 ns
[2022-05-19T07:49:09.463+0000][162][safepoint   ] Safepoint "Cleanup", Time since last: 1000573600 ns, Reaching safepoint: 259200 ns, At safepoint: 9900 ns, Total: 269100 ns
[2022-05-19T07:49:10.464+0000][162][safepoint   ] Safepoint "Cleanup", Time since last: 1000625900 ns, Reaching safepoint: 230400 ns, At safepoint: 8200 ns, Total: 238600 ns
[2022-05-19T07:49:11.465+0000][162][safepoint   ] Safepoint "Cleanup", Time since last: 1000595600 ns, Reaching safepoint: 203200 ns, At safepoint: 6900 ns, Total: 210100 ns
[2022-05-19T07:49:12.465+0000][162][safepoint   ] Safepoint "Cleanup", Time since last: 1000564500 ns, Reaching safepoint: 210300 ns, At safepoint: 7400 ns, Total: 217700 ns
[2022-05-19T07:49:13.466+0000][162][safepoint   ] Safepoint "Cleanup", Time since last: 1000779300 ns, Reaching safepoint: 269800 ns, At safepoint: 14400 ns, Total: 284200 ns
[2022-05-19T07:49:15.468+0000][162][safepoint   ] Safepoint "Cleanup", Time since last: 2000897700 ns, Reaching safepoint: 848400 ns, At safepoint: 26400 ns, Total: 874800 ns
[2022-05-19T07:49:16.470+0000][162][safepoint   ] Safepoint "Cleanup", Time since last: 1001362300 ns, Reaching safepoint: 208600 ns, At safepoint: 7300 ns, Total: 215900 ns
[2022-05-19T07:49:17.471+0000][162][safepoint   ] Safepoint "Cleanup", Time since last: 1000510400 ns, Reaching safepoint: 306400 ns, At safepoint: 7000 ns, Total: 313400 ns
[2022-05-19T07:49:18.999+0000][162][safepoint   ] Safepoint "Cleanup", Time since last: 1527845100 ns, Reaching safepoint: 212000 ns, At safepoint: 32800 ns, Total: 244800 ns
[2022-05-19T07:49:19.999+0000][162][safepoint   ] Safepoint "Cleanup", Time since last: 1000337600 ns, Reaching safepoint: 285100 ns, At safepoint: 9300 ns, Total: 294400 ns
[2022-05-19T07:49:21.000+0000][162][safepoint   ] Safepoint "Cleanup", Time since last: 1000562700 ns, Reaching safepoint: 250300 ns, At safepoint: 10200 ns, Total: 260500 ns
[2022-05-19T07:49:22.001+0000][162][safepoint   ] Safepoint "Cleanup", Time since last: 1000514300 ns, Reaching safepoint: 212200 ns, At safepoint: 8300 ns, Total: 220500 ns
[2022-05-19T07:49:23.002+0000][162][safepoint   ] Safepoint "Cleanup", Time since last: 1000537000 ns, Reaching safepoint: 256700 ns, At safepoint: 8900 ns, Total: 265600 ns
[2022-05-19T07:49:24.002+0000][162][safepoint   ] Safepoint "Cleanup", Time since last: 1000589600 ns, Reaching safepoint: 228900 ns, At safepoint: 8500 ns, Total: 237400 ns
[2022-05-19T07:49:25.003+0000][162][safepoint   ] Safepoint "Cleanup", Time since last: 1000603100 ns, Reaching safepoint: 196600 ns, At safepoint: 7400 ns, Total: 204000 ns
[2022-05-19T07:49:26.004+0000][162][safepoint   ] Safepoint "Cleanup", Time since last: 1000461600 ns, Reaching safepoint: 201900 ns, At safepoint: 7400 ns, Total: 209300 ns
[2022-05-19T07:49:29.006+0000][162][safepoint   ] Safepoint "Cleanup", Time since last: 3000875600 ns, Reaching safepoint: 939400 ns, At safepoint: 29400 ns, Total: 968800 ns
[2022-05-19T07:49:30.008+0000][162][safepoint   ] Safepoint "Cleanup", Time since last: 1001507500 ns, Reaching safepoint: 232900 ns, At safepoint: 8500 ns, Total: 241400 ns
[2022-05-19T07:49:31.009+0000][162][safepoint   ] Safepoint "Cleanup", Time since last: 1000633000 ns, Reaching safepoint: 194700 ns, At safepoint: 6300 ns, Total: 201000 ns
[2022-05-19T07:49:32.010+0000][162][safepoint   ] Safepoint "Cleanup", Time since last: 1000524700 ns, Reaching safepoint: 228500 ns, At safepoint: 8100 ns, Total: 236600 ns
[2022-05-19T07:49:33.011+0000][162][safepoint   ] Safepoint "Cleanup", Time since last: 1000839600 ns, Reaching safepoint: 635000 ns, At safepoint: 21600 ns, Total: 656600 ns
[2022-05-19T07:49:34.013+0000][162][safepoint   ] Safepoint "Cleanup", Time since last: 1001262000 ns, Reaching safepoint: 186100 ns, At safepoint: 6300 ns, Total: 192400 ns
[2022-05-19T07:49:35.013+0000][162][safepoint   ] Safepoint "Cleanup", Time since last: 1000420400 ns, Reaching safepoint: 181400 ns, At safepoint: 6500 ns, Total: 187900 ns
[2022-05-19T07:49:37.014+0000][162][safepoint   ] Safepoint "Cleanup", Time since last: 2000526700 ns, Reaching safepoint: 254900 ns, At safepoint: 6400 ns, Total: 261300 ns
[2022-05-19T07:49:38.015+0000][162][safepoint   ] Safepoint "Cleanup", Time since last: 1000621400 ns, Reaching safepoint: 191000 ns, At safepoint: 6300 ns, Total: 197300 ns
[2022-05-19T07:49:39.016+0000][162][safepoint   ] Safepoint "Cleanup", Time since last: 1000754100 ns, Reaching safepoint: 215300 ns, At safepoint: 7600 ns, Total: 222900 ns
[2022-05-19T07:49:40.017+0000][162][safepoint   ] Safepoint "Cleanup", Time since last: 1000575400 ns, Reaching safepoint: 246600 ns, At safepoint: 6900 ns, Total: 253500 ns
[2022-05-19T07:49:41.017+0000][162][safepoint   ] Safepoint "Cleanup", Time since last: 1000595400 ns, Reaching safepoint: 254600 ns, At safepoint: 10000 ns, Total: 264600 ns
[2022-05-19T07:49:42.018+0000][162][safepoint   ] Safepoint "Cleanup", Time since last: 1000588100 ns, Reaching safepoint: 197800 ns, At safepoint: 7600 ns, Total: 205400 ns
[2022-05-19T07:49:44.019+0000][162][safepoint   ] Safepoint "Cleanup", Time since last: 2000716000 ns, Reaching safepoint: 261000 ns, At safepoint: 7200 ns, Total: 268200 ns
[2022-05-19T07:49:49.021+0000][162][safepoint   ] Safepoint "Cleanup", Time since last: 5001069000 ns, Reaching safepoint: 442000 ns, At safepoint: 12800 ns, Total: 454800 ns
[2022-05-19T07:49:50.022+0000][162][safepoint   ] Safepoint "Cleanup", Time since last: 1000651800 ns, Reaching safepoint: 212800 ns, At safepoint: 7600 ns, Total: 220400 ns
[2022-05-19T07:49:51.023+0000][162][safepoint   ] Safepoint "Cleanup", Time since last: 1000751600 ns, Reaching safepoint: 920200 ns, At safepoint: 28300 ns, Total: 948500 ns
[2022-05-19T07:49:52.025+0000][162][safepoint   ] Safepoint "Cleanup", Time since last: 1001098900 ns, Reaching safepoint: 188400 ns, At safepoint: 8000 ns, Total: 196400 ns
[2022-05-19T07:49:53.025+0000][162][safepoint   ] Safepoint "Cleanup", Time since last: 1000450000 ns, Reaching safepoint: 187000 ns, At safepoint: 6700 ns, Total: 193700 ns
[2022-05-19T07:49:54.026+0000][162][safepoint   ] Safepoint "Cleanup", Time since last: 1000312900 ns, Reaching safepoint: 212100 ns, At safepoint: 11100 ns, Total: 223200 ns
[2022-05-19T07:49:55.026+0000][162][safepoint   ] Safepoint "Cleanup", Time since last: 1000377100 ns, Reaching safepoint: 223500 ns, At safepoint: 8100 ns, Total: 231600 ns
[2022-05-19T07:49:56.027+0000][162][safepoint   ] Safepoint "Cleanup", Time since last: 1000469100 ns, Reaching safepoint: 199600 ns, At safepoint: 7400 ns, Total: 207000 ns
[2022-05-19T07:49:57.029+0000][162][safepoint   ] Safepoint "Cleanup", Time since last: 1000836500 ns, Reaching safepoint: 898100 ns, At safepoint: 29800 ns, Total: 927900 ns
[2022-05-19T07:49:58.031+0000][162][safepoint   ] Safepoint "Cleanup", Time since last: 1001423800 ns, Reaching safepoint: 1048000 ns, At safepoint: 33300 ns, Total: 1081300 ns
[2022-05-19T07:49:59.034+0000][162][safepoint   ] Safepoint "Cleanup", Time since last: 1001533200 ns, Reaching safepoint: 491300 ns, At safepoint: 16300 ns, Total: 507600 ns
[2022-05-19T07:50:00.035+0000][162][safepoint   ] Safepoint "Cleanup", Time since last: 1001065400 ns, Reaching safepoint: 216900 ns, At safepoint: 6900 ns, Total: 223800 ns
[2022-05-19T07:50:01.037+0000][162][safepoint   ] Safepoint "Cleanup", Time since last: 1000917300 ns, Reaching safepoint: 973000 ns, At safepoint: 32900 ns, Total: 1005900 ns
[2022-05-19T07:50:03.038+0000][162][safepoint   ] Safepoint "Cleanup", Time since last: 2001357100 ns, Reaching safepoint: 203100 ns, At safepoint: 6200 ns, Total: 209300 ns
[2022-05-19T07:50:04.039+0000][162][safepoint   ] Safepoint "Cleanup", Time since last: 1000575100 ns, Reaching safepoint: 217400 ns, At safepoint: 10100 ns, Total: 227500 ns
[2022-05-19T07:50:05.040+0000][162][safepoint   ] Safepoint "Cleanup", Time since last: 1000815600 ns, Reaching safepoint: 227200 ns, At safepoint: 7600 ns, Total: 234800 ns
[2022-05-19T07:50:06.041+0000][162][safepoint   ] Safepoint "Cleanup", Time since last: 1000533100 ns, Reaching safepoint: 191300 ns, At safepoint: 7700 ns, Total: 199000 ns
[2022-05-19T07:50:07.042+0000][162][safepoint   ] Safepoint "Cleanup", Time since last: 1000440500 ns, Reaching safepoint: 189300 ns, At safepoint: 16900 ns, Total: 206200 ns
[2022-05-19T07:50:09.027+0000][162][safepoint   ] Safepoint "Cleanup", Time since last: 1985324200 ns, Reaching safepoint: 229100 ns, At safepoint: 22500 ns, Total: 251600 ns
[2022-05-19T07:50:10.046+0000][162][safepoint   ] Safepoint "Cleanup", Time since last: 1018649700 ns, Reaching safepoint: 178900 ns, At safepoint: 6400 ns, Total: 185300 ns
[2022-05-19T07:50:11.047+0000][162][safepoint   ] Safepoint "Cleanup", Time since last: 1000398200 ns, Reaching safepoint: 224200 ns, At safepoint: 12600 ns, Total: 236800 ns
[2022-05-19T07:50:12.047+0000][162][safepoint   ] Safepoint "Cleanup", Time since last: 1000429500 ns, Reaching safepoint: 218200 ns, At safepoint: 6600 ns, Total: 224800 ns
[2022-05-19T07:50:13.048+0000][162][safepoint   ] Safepoint "Cleanup", Time since last: 1000469700 ns, Reaching safepoint: 242900 ns, At safepoint: 9800 ns, Total: 252700 ns
[2022-05-19T07:50:13.342+0000][162][gc,start    ] GC(39) Pause Young (Normal) (G1 Evacuation Pause)
[2022-05-19T07:50:13.342+0000][162][gc,task     ] GC(39) Using 10 workers of 10 for evacuation
[2022-05-19T07:50:13.342+0000][162][gc,age      ] GC(39) Desired survivor size 16777216 bytes, new threshold 15 (max threshold 15)
[2022-05-19T07:50:13.345+0000][162][gc,age      ] GC(39) Age table with threshold 15 (max threshold 15)
[2022-05-19T07:50:13.345+0000][162][gc,age      ] GC(39) - age   1:    1687576 bytes,    1687576 total
[2022-05-19T07:50:13.345+0000][162][gc,age      ] GC(39) - age   2:     544216 bytes,    2231792 total
[2022-05-19T07:50:13.345+0000][162][gc,age      ] GC(39) - age   3:     826624 bytes,    3058416 total
[2022-05-19T07:50:13.345+0000][162][gc,age      ] GC(39) - age   4:     642768 bytes,    3701184 total
[2022-05-19T07:50:13.346+0000][162][gc,age      ] GC(39) - age   5:    1336552 bytes,    5037736 total
[2022-05-19T07:50:13.346+0000][162][gc,age      ] GC(39) - age   6:      61496 bytes,    5099232 total
[2022-05-19T07:50:13.346+0000][162][gc,age      ] GC(39) - age   7:     337816 bytes,    5437048 total
[2022-05-19T07:50:13.346+0000][162][gc,phases   ] GC(39)   Pre Evacuate Collection Set: 0.3ms
[2022-05-19T07:50:13.346+0000][162][gc,phases   ] GC(39)   Merge Heap Roots: 0.2ms
[2022-05-19T07:50:13.346+0000][162][gc,phases   ] GC(39)   Evacuate Collection Set: 1.5ms
[2022-05-19T07:50:13.346+0000][162][gc,phases   ] GC(39)   Post Evacuate Collection Set: 0.9ms
[2022-05-19T07:50:13.347+0000][162][gc,phases   ] GC(39)   Other: 1.6ms
[2022-05-19T07:50:13.347+0000][162][gc,heap     ] GC(39) Eden regions: 63->0(64)
[2022-05-19T07:50:13.347+0000][162][gc,heap     ] GC(39) Survivor regions: 1->2(8)
[2022-05-19T07:50:13.347+0000][162][gc,heap     ] GC(39) Old regions: 26->26
[2022-05-19T07:50:13.347+0000][162][gc,heap     ] GC(39) Archive regions: 2->2
[2022-05-19T07:50:13.347+0000][162][gc,heap     ] GC(39) Humongous regions: 6->6
[2022-05-19T07:50:13.347+0000][162][gc,metaspace] GC(39) Metaspace: 103036K(104640K)->103036K(104640K) NonClass: 88883K(89856K)->88883K(89856K) Class: 14152K(14784K)->14152K(14784K)
[2022-05-19T07:50:13.347+0000][162][gc          ] GC(39) Pause Young (Normal) (G1 Evacuation Pause) 386M->136M(512M) 5.927ms
[2022-05-19T07:50:13.348+0000][162][gc,cpu      ] GC(39) User=0.00s Sys=0.01s Real=0.01s
[2022-05-19T07:50:13.348+0000][162][safepoint   ] Safepoint "G1CollectForAllocation", Time since last: 293327700 ns, Reaching safepoint: 247400 ns, At safepoint: 6257000 ns, Total: 6504400 ns
[2022-05-19T07:50:14.348+0000][162][safepoint   ] Safepoint "Cleanup", Time since last: 1000271600 ns, Reaching safepoint: 191600 ns, At safepoint: 6200 ns, Total: 197800 ns
[2022-05-19T07:50:15.349+0000][162][safepoint   ] Safepoint "Cleanup", Time since last: 1000542800 ns, Reaching safepoint: 354100 ns, At safepoint: 37900 ns, Total: 392000 ns
[2022-05-19T07:50:16.350+0000][162][safepoint   ] Safepoint "Cleanup", Time since last: 1000641400 ns, Reaching safepoint: 468800 ns, At safepoint: 16500 ns, Total: 485300 ns
[2022-05-19T07:50:17.351+0000][162][safepoint   ] Safepoint "Cleanup", Time since last: 1000789800 ns, Reaching safepoint: 257500 ns, At safepoint: 13900 ns, Total: 271400 ns
[2022-05-19T07:50:19.352+0000][162][safepoint   ] Safepoint "Cleanup", Time since last: 2000854400 ns, Reaching safepoint: 246000 ns, At safepoint: 7500 ns, Total: 253500 ns
[2022-05-19T07:50:20.353+0000][162][safepoint   ] Safepoint "Cleanup", Time since last: 1000444100 ns, Reaching safepoint: 190700 ns, At safepoint: 6600 ns, Total: 197300 ns
[2022-05-19T07:50:23.354+0000][162][safepoint   ] Safepoint "Cleanup", Time since last: 3000802400 ns, Reaching safepoint: 195600 ns, At safepoint: 6300 ns, Total: 201900 ns
[2022-05-19T07:50:24.356+0000][162][safepoint   ] Safepoint "Cleanup", Time since last: 1000923500 ns, Reaching safepoint: 978500 ns, At safepoint: 44200 ns, Total: 1022700 ns
[2022-05-19T07:50:25.358+0000][162][safepoint   ] Safepoint "Cleanup", Time since last: 1001246200 ns, Reaching safepoint: 225300 ns, At safepoint: 6800 ns, Total: 232100 ns
[2022-05-19T07:50:29.360+0000][162][safepoint   ] Safepoint "Cleanup", Time since last: 4002028900 ns, Reaching safepoint: 222700 ns, At safepoint: 8000 ns, Total: 230700 ns
[2022-05-19T07:50:31.361+0000][162][safepoint   ] Safepoint "Cleanup", Time since last: 2000672600 ns, Reaching safepoint: 252000 ns, At safepoint: 6900 ns, Total: 258900 ns
[2022-05-19T07:50:32.363+0000][162][safepoint   ] Safepoint "Cleanup", Time since last: 1000582800 ns, Reaching safepoint: 933400 ns, At safepoint: 29900 ns, Total: 963300 ns
[2022-05-19T07:50:34.365+0000][162][safepoint   ] Safepoint "Cleanup", Time since last: 2001726000 ns, Reaching safepoint: 822100 ns, At safepoint: 27200 ns, Total: 849300 ns
[2022-05-19T07:50:36.367+0000][162][safepoint   ] Safepoint "Cleanup", Time since last: 2001468500 ns, Reaching safepoint: 861600 ns, At safepoint: 31200 ns, Total: 892800 ns
[2022-05-19T07:50:37.370+0000][162][safepoint   ] Safepoint "Cleanup", Time since last: 1001453900 ns, Reaching safepoint: 875200 ns, At safepoint: 29200 ns, Total: 904400 ns
[2022-05-19T07:50:38.372+0000][162][safepoint   ] Safepoint "Cleanup", Time since last: 1001515100 ns, Reaching safepoint: 817100 ns, At safepoint: 29100 ns, Total: 846200 ns
[2022-05-19T07:50:39.374+0000][162][safepoint   ] Safepoint "Cleanup", Time since last: 1001141200 ns, Reaching safepoint: 200400 ns, At safepoint: 20700 ns, Total: 221100 ns
[2022-05-19T07:50:40.375+0000][162][safepoint   ] Safepoint "Cleanup", Time since last: 1000423200 ns, Reaching safepoint: 797500 ns, At safepoint: 27300 ns, Total: 824800 ns
[2022-05-19T07:50:41.376+0000][162][safepoint   ] Safepoint "Cleanup", Time since last: 1001219500 ns, Reaching safepoint: 283600 ns, At safepoint: 7200 ns, Total: 290800 ns
[2022-05-19T07:50:42.378+0000][162][safepoint   ] Safepoint "Cleanup", Time since last: 1000464900 ns, Reaching safepoint: 782900 ns, At safepoint: 26000 ns, Total: 808900 ns
[2022-05-19T07:50:43.379+0000][162][safepoint   ] Safepoint "Cleanup", Time since last: 1001470300 ns, Reaching safepoint: 297500 ns, At safepoint: 10400 ns, Total: 307900 ns
[2022-05-19T07:50:44.381+0000][162][safepoint   ] Safepoint "Cleanup", Time since last: 1000957200 ns, Reaching safepoint: 232400 ns, At safepoint: 8600 ns, Total: 241000 ns
[2022-05-19T07:50:46.383+0000][162][safepoint   ] Safepoint "Cleanup", Time since last: 2001137400 ns, Reaching safepoint: 853100 ns, At safepoint: 80400 ns, Total: 933500 ns
[2022-05-19T07:50:47.384+0000][162][safepoint   ] Safepoint "Cleanup", Time since last: 1001514500 ns, Reaching safepoint: 199300 ns, At safepoint: 9100 ns, Total: 208400 ns
[2022-05-19T07:50:49.386+0000][162][safepoint   ] Safepoint "Cleanup", Time since last: 2000950100 ns, Reaching safepoint: 302600 ns, At safepoint: 10300 ns, Total: 312900 ns
[2022-05-19T07:50:50.387+0000][162][safepoint   ] Safepoint "Cleanup", Time since last: 1001016000 ns, Reaching safepoint: 329700 ns, At safepoint: 15300 ns, Total: 345000 ns
[2022-05-19T07:50:51.388+0000][162][safepoint   ] Safepoint "Cleanup", Time since last: 1000728100 ns, Reaching safepoint: 572600 ns, At safepoint: 20200 ns, Total: 592800 ns
[2022-05-19T07:50:52.389+0000][162][safepoint   ] Safepoint "Cleanup", Time since last: 1000821200 ns, Reaching safepoint: 227900 ns, At safepoint: 7000 ns, Total: 234900 ns
[2022-05-19T07:50:53.391+0000][162][safepoint   ] Safepoint "Cleanup", Time since last: 1000707100 ns, Reaching safepoint: 819700 ns, At safepoint: 28900 ns, Total: 848600 ns
[2022-05-19T07:50:55.088+0000][162][safepoint   ] Safepoint "Cleanup", Time since last: 1696840500 ns, Reaching safepoint: 325500 ns, At safepoint: 16300 ns, Total: 341800 ns
[2022-05-19T07:50:56.089+0000][162][safepoint   ] Safepoint "Cleanup", Time since last: 1000547100 ns, Reaching safepoint: 254700 ns, At safepoint: 6900 ns, Total: 261600 ns
[2022-05-19T07:50:57.090+0000][162][safepoint   ] Safepoint "Cleanup", Time since last: 1000484100 ns, Reaching safepoint: 204600 ns, At safepoint: 7200 ns, Total: 211800 ns
[2022-05-19T07:50:58.090+0000][162][safepoint   ] Safepoint "Cleanup", Time since last: 1000496000 ns, Reaching safepoint: 235600 ns, At safepoint: 31800 ns, Total: 267400 ns
[2022-05-19T07:51:00.092+0000][162][safepoint   ] Safepoint "Cleanup", Time since last: 2000657300 ns, Reaching safepoint: 268400 ns, At safepoint: 23300 ns, Total: 291700 ns
[2022-05-19T07:51:01.093+0000][162][safepoint   ] Safepoint "Cleanup", Time since last: 1000810300 ns, Reaching safepoint: 444600 ns, At safepoint: 15000 ns, Total: 459600 ns
[2022-05-19T07:51:02.094+0000][162][safepoint   ] Safepoint "Cleanup", Time since last: 1001035300 ns, Reaching safepoint: 228100 ns, At safepoint: 8200 ns, Total: 236300 ns
[2022-05-19T07:51:06.096+0000][162][safepoint   ] Safepoint "Cleanup", Time since last: 4001471800 ns, Reaching safepoint: 200700 ns, At safepoint: 7100 ns, Total: 207800 ns
[2022-05-19T07:51:09.097+0000][162][safepoint   ] Safepoint "Cleanup", Time since last: 3001010500 ns, Reaching safepoint: 383700 ns, At safepoint: 12600 ns, Total: 396300 ns
[2022-05-19T07:51:10.098+0000][162][safepoint   ] Safepoint "Cleanup", Time since last: 1000715200 ns, Reaching safepoint: 266200 ns, At safepoint: 7400 ns, Total: 273600 ns
[2022-05-19T07:51:11.099+0000][162][safepoint   ] Safepoint "Cleanup", Time since last: 1000419100 ns, Reaching safepoint: 175600 ns, At safepoint: 7000 ns, Total: 182600 ns
[2022-05-19T07:51:13.100+0000][162][safepoint   ] Safepoint "Cleanup", Time since last: 2000600900 ns, Reaching safepoint: 272000 ns, At safepoint: 10300 ns, Total: 282300 ns
[2022-05-19T07:51:14.101+0000][162][safepoint   ] Safepoint "Cleanup", Time since last: 1000732400 ns, Reaching safepoint: 261800 ns, At safepoint: 11700 ns, Total: 273500 ns
[2022-05-19T07:51:15.103+0000][162][safepoint   ] Safepoint "Cleanup", Time since last: 1001015300 ns, Reaching safepoint: 1086600 ns, At safepoint: 30500 ns, Total: 1117100 ns
[2022-05-19T07:51:20.105+0000][162][safepoint   ] Safepoint "Cleanup", Time since last: 5002346800 ns, Reaching safepoint: 177400 ns, At safepoint: 19200 ns, Total: 196600 ns
[2022-05-19T07:51:21.106+0000][162][safepoint   ] Safepoint "Cleanup", Time since last: 1000342100 ns, Reaching safepoint: 570900 ns, At safepoint: 65100 ns, Total: 636000 ns
[2022-05-19T07:51:22.109+0000][162][safepoint   ] Safepoint "Cleanup", Time since last: 1001270300 ns, Reaching safepoint: 985700 ns, At safepoint: 93400 ns, Total: 1079100 ns
[2022-05-19T07:51:23.110+0000][162][safepoint   ] Safepoint "Cleanup", Time since last: 1001356300 ns, Reaching safepoint: 312800 ns, At safepoint: 25200 ns, Total: 338000 ns
[2022-05-19T07:51:24.111+0000][162][safepoint   ] Safepoint "Cleanup", Time since last: 1000751200 ns, Reaching safepoint: 245400 ns, At safepoint: 24000 ns, Total: 269400 ns
[2022-05-19T07:51:25.114+0000][162][safepoint   ] Safepoint "Cleanup", Time since last: 1000768100 ns, Reaching safepoint: 1277300 ns, At safepoint: 92800 ns, Total: 1370100 ns
[2022-05-19T07:51:26.116+0000][162][safepoint   ] Safepoint "Cleanup", Time since last: 1001251300 ns, Reaching safepoint: 944100 ns, At safepoint: 30700 ns, Total: 974800 ns
[2022-05-19T07:51:27.117+0000][162][safepoint   ] Safepoint "Cleanup", Time since last: 1001311800 ns, Reaching safepoint: 187900 ns, At safepoint: 6400 ns, Total: 194300 ns
[2022-05-19T07:51:28.119+0000][162][safepoint   ] Safepoint "Cleanup", Time since last: 1000669400 ns, Reaching safepoint: 850300 ns, At safepoint: 28600 ns, Total: 878900 ns
[2022-05-19T07:51:30.149+0000][162][gc,start    ] GC(40) Pause Young (Normal) (G1 Evacuation Pause)
[2022-05-19T07:51:30.149+0000][162][gc,task     ] GC(40) Using 10 workers of 10 for evacuation
[2022-05-19T07:51:30.149+0000][162][gc,age      ] GC(40) Desired survivor size 18874368 bytes, new threshold 15 (max threshold 15)
[2022-05-19T07:51:30.152+0000][162][gc,age      ] GC(40) Age table with threshold 15 (max threshold 15)
[2022-05-19T07:51:30.152+0000][162][gc,age      ] GC(40) - age   1:    1044872 bytes,    1044872 total
[2022-05-19T07:51:30.153+0000][162][gc,age      ] GC(40) - age   2:    1170648 bytes,    2215520 total
[2022-05-19T07:51:30.153+0000][162][gc,age      ] GC(40) - age   3:     535488 bytes,    2751008 total
[2022-05-19T07:51:30.153+0000][162][gc,age      ] GC(40) - age   4:     794024 bytes,    3545032 total
[2022-05-19T07:51:30.153+0000][162][gc,age      ] GC(40) - age   5:     642704 bytes,    4187736 total
[2022-05-19T07:51:30.153+0000][162][gc,age      ] GC(40) - age   6:    1336552 bytes,    5524288 total
[2022-05-19T07:51:30.153+0000][162][gc,age      ] GC(40) - age   7:      61496 bytes,    5585784 total
[2022-05-19T07:51:30.153+0000][162][gc,age      ] GC(40) - age   8:     337816 bytes,    5923600 total
[2022-05-19T07:51:30.153+0000][162][gc,phases   ] GC(40)   Pre Evacuate Collection Set: 0.2ms
[2022-05-19T07:51:30.154+0000][162][gc,phases   ] GC(40)   Merge Heap Roots: 0.1ms
[2022-05-19T07:51:30.154+0000][162][gc,phases   ] GC(40)   Evacuate Collection Set: 1.5ms
[2022-05-19T07:51:30.154+0000][162][gc,phases   ] GC(40)   Post Evacuate Collection Set: 1.1ms
[2022-05-19T07:51:30.154+0000][162][gc,phases   ] GC(40)   Other: 1.7ms
[2022-05-19T07:51:30.154+0000][162][gc,heap     ] GC(40) Eden regions: 64->0(65)
[2022-05-19T07:51:30.154+0000][162][gc,heap     ] GC(40) Survivor regions: 2->2(9)
[2022-05-19T07:51:30.154+0000][162][gc,heap     ] GC(40) Old regions: 26->26
[2022-05-19T07:51:30.154+0000][162][gc,heap     ] GC(40) Archive regions: 2->2
[2022-05-19T07:51:30.155+0000][162][gc,heap     ] GC(40) Humongous regions: 6->6
[2022-05-19T07:51:30.155+0000][162][gc,metaspace] GC(40) Metaspace: 103469K(105024K)->103469K(105024K) NonClass: 89317K(90240K)->89317K(90240K) Class: 14152K(14784K)->14152K(14784K)
[2022-05-19T07:51:30.155+0000][162][gc          ] GC(40) Pause Young (Normal) (G1 Evacuation Pause) 392M->137M(512M) 5.813ms
[2022-05-19T07:51:30.155+0000][162][gc,cpu      ] GC(40) User=0.02s Sys=0.00s Real=0.01s
[2022-05-19T07:51:30.155+0000][162][safepoint   ] Safepoint "G1CollectForAllocation", Time since last: 2029633600 ns, Reaching safepoint: 298600 ns, At safepoint: 6126900 ns, Total: 6425500 ns
[2022-05-19T07:51:31.156+0000][162][safepoint   ] Safepoint "Cleanup", Time since last: 1000433000 ns, Reaching safepoint: 811300 ns, At safepoint: 87700 ns, Total: 899000 ns
[2022-05-19T07:51:35.158+0000][162][safepoint   ] Safepoint "Cleanup", Time since last: 4001836600 ns, Reaching safepoint: 219100 ns, At safepoint: 21800 ns, Total: 240900 ns
[2022-05-19T07:51:37.160+0000][162][safepoint   ] Safepoint "Cleanup", Time since last: 2000876000 ns, Reaching safepoint: 597600 ns, At safepoint: 65900 ns, Total: 663500 ns
[2022-05-19T07:51:38.161+0000][162][safepoint   ] Safepoint "Cleanup", Time since last: 1000760400 ns, Reaching safepoint: 207000 ns, At safepoint: 24100 ns, Total: 231100 ns
[2022-05-19T07:51:41.162+0000][162][safepoint   ] Safepoint "Cleanup", Time since last: 3000963700 ns, Reaching safepoint: 191200 ns, At safepoint: 5600 ns, Total: 196800 ns
[2022-05-19T07:51:42.163+0000][162][safepoint   ] Safepoint "Cleanup", Time since last: 1000444100 ns, Reaching safepoint: 230300 ns, At safepoint: 24400 ns, Total: 254700 ns
[2022-05-19T07:51:43.164+0000][162][safepoint   ] Safepoint "Cleanup", Time since last: 1000625700 ns, Reaching safepoint: 644400 ns, At safepoint: 21100 ns, Total: 665500 ns
[2022-05-19T07:51:44.166+0000][162][safepoint   ] Safepoint "Cleanup", Time since last: 1001229300 ns, Reaching safepoint: 208700 ns, At safepoint: 7500 ns, Total: 216200 ns
[2022-05-19T07:51:45.166+0000][162][safepoint   ] Safepoint "Cleanup", Time since last: 1000586700 ns, Reaching safepoint: 204100 ns, At safepoint: 8400 ns, Total: 212500 ns
[2022-05-19T07:51:46.167+0000][162][safepoint   ] Safepoint "Cleanup", Time since last: 1000571900 ns, Reaching safepoint: 206100 ns, At safepoint: 7800 ns, Total: 213900 ns
[2022-05-19T07:51:48.168+0000][162][safepoint   ] Safepoint "Cleanup", Time since last: 2000594600 ns, Reaching safepoint: 221800 ns, At safepoint: 7500 ns, Total: 229300 ns
[2022-05-19T07:51:49.169+0000][162][safepoint   ] Safepoint "Cleanup", Time since last: 1000533000 ns, Reaching safepoint: 219000 ns, At safepoint: 7900 ns, Total: 226900 ns
[2022-05-19T07:51:50.411+0000][162][safepoint   ] Safepoint "Cleanup", Time since last: 1242364600 ns, Reaching safepoint: 242400 ns, At safepoint: 22700 ns, Total: 265100 ns
[2022-05-19T07:51:51.413+0000][162][safepoint   ] Safepoint "Cleanup", Time since last: 1000449400 ns, Reaching safepoint: 900800 ns, At safepoint: 32800 ns, Total: 933600 ns
[2022-05-19T07:51:52.415+0000][162][safepoint   ] Safepoint "Cleanup", Time since last: 1001350900 ns, Reaching safepoint: 511100 ns, At safepoint: 17900 ns, Total: 529000 ns
[2022-05-19T07:51:54.416+0000][162][safepoint   ] Safepoint "Cleanup", Time since last: 2001102200 ns, Reaching safepoint: 297700 ns, At safepoint: 15900 ns, Total: 313600 ns
[2022-05-19T07:51:55.417+0000][162][safepoint   ] Safepoint "Cleanup", Time since last: 1000565100 ns, Reaching safepoint: 186900 ns, At safepoint: 7700 ns, Total: 194600 ns
[2022-05-19T07:52:01.418+0000][162][safepoint   ] Safepoint "Cleanup", Time since last: 6001170500 ns, Reaching safepoint: 183500 ns, At safepoint: 6800 ns, Total: 190300 ns
[2022-05-19T07:52:02.420+0000][162][safepoint   ] Safepoint "Cleanup", Time since last: 1000736100 ns, Reaching safepoint: 613300 ns, At safepoint: 22900 ns, Total: 636200 ns
[2022-05-19T07:52:03.421+0000][162][safepoint   ] Safepoint "Cleanup", Time since last: 1001018000 ns, Reaching safepoint: 197600 ns, At safepoint: 7200 ns, Total: 204800 ns
[2022-05-19T07:52:04.422+0000][162][safepoint   ] Safepoint "Cleanup", Time since last: 1000809400 ns, Reaching safepoint: 223700 ns, At safepoint: 8100 ns, Total: 231800 ns
[2022-05-19T07:52:06.423+0000][162][safepoint   ] Safepoint "Cleanup", Time since last: 2000893700 ns, Reaching safepoint: 190900 ns, At safepoint: 7900 ns, Total: 198800 ns
[2022-05-19T07:52:08.424+0000][162][safepoint   ] Safepoint "Cleanup", Time since last: 2000621200 ns, Reaching safepoint: 264700 ns, At safepoint: 12100 ns, Total: 276800 ns
[2022-05-19T07:52:09.425+0000][162][safepoint   ] Safepoint "Cleanup", Time since last: 1000561300 ns, Reaching safepoint: 283900 ns, At safepoint: 7100 ns, Total: 291000 ns
[2022-05-19T07:52:10.426+0000][162][safepoint   ] Safepoint "Cleanup", Time since last: 1000742400 ns, Reaching safepoint: 628500 ns, At safepoint: 22500 ns, Total: 651000 ns
[2022-05-19T07:52:11.428+0000][162][safepoint   ] Safepoint "Cleanup", Time since last: 1000973800 ns, Reaching safepoint: 225500 ns, At safepoint: 6900 ns, Total: 232400 ns
[2022-05-19T07:52:13.428+0000][162][safepoint   ] Safepoint "Cleanup", Time since last: 2000649400 ns, Reaching safepoint: 202500 ns, At safepoint: 7400 ns, Total: 209900 ns
[2022-05-19T07:52:17.430+0000][162][safepoint   ] Safepoint "Cleanup", Time since last: 4001439500 ns, Reaching safepoint: 265500 ns, At safepoint: 13500 ns, Total: 279000 ns
[2022-05-19T07:52:21.431+0000][162][safepoint   ] Safepoint "Cleanup", Time since last: 4000881200 ns, Reaching safepoint: 199500 ns, At safepoint: 6900 ns, Total: 206400 ns
[2022-05-19T07:52:24.433+0000][162][safepoint   ] Safepoint "Cleanup", Time since last: 3000730100 ns, Reaching safepoint: 888900 ns, At safepoint: 36700 ns, Total: 925600 ns
[2022-05-19T07:52:26.435+0000][162][safepoint   ] Safepoint "Cleanup", Time since last: 2001548600 ns, Reaching safepoint: 890500 ns, At safepoint: 33900 ns, Total: 924400 ns
[2022-05-19T07:52:27.438+0000][162][safepoint   ] Safepoint "Cleanup", Time since last: 1001375400 ns, Reaching safepoint: 808300 ns, At safepoint: 29600 ns, Total: 837900 ns
[2022-05-19T07:52:33.442+0000][162][safepoint   ] Safepoint "Cleanup", Time since last: 6002794600 ns, Reaching safepoint: 927300 ns, At safepoint: 32300 ns, Total: 959600 ns
[2022-05-19T07:52:34.443+0000][162][safepoint   ] Safepoint "Cleanup", Time since last: 1001334200 ns, Reaching safepoint: 487900 ns, At safepoint: 18200 ns, Total: 506100 ns
[2022-05-19T07:52:37.445+0000][162][safepoint   ] Safepoint "Cleanup", Time since last: 3001372600 ns, Reaching safepoint: 270700 ns, At safepoint: 7700 ns, Total: 278400 ns
[2022-05-19T07:52:38.446+0000][162][safepoint   ] Safepoint "Cleanup", Time since last: 1000691400 ns, Reaching safepoint: 278900 ns, At safepoint: 11400 ns, Total: 290300 ns
[2022-05-19T07:52:39.447+0000][162][safepoint   ] Safepoint "Cleanup", Time since last: 1000710500 ns, Reaching safepoint: 302300 ns, At safepoint: 14200 ns, Total: 316500 ns
[2022-05-19T07:52:41.448+0000][162][safepoint   ] Safepoint "Cleanup", Time since last: 2000658700 ns, Reaching safepoint: 277300 ns, At safepoint: 11100 ns, Total: 288400 ns
[2022-05-19T07:52:42.449+0000][162][safepoint   ] Safepoint "Cleanup", Time since last: 1000580900 ns, Reaching safepoint: 520000 ns, At safepoint: 26700 ns, Total: 546700 ns
[2022-05-19T07:52:43.451+0000][162][safepoint   ] Safepoint "Cleanup", Time since last: 1001110100 ns, Reaching safepoint: 307500 ns, At safepoint: 10300 ns, Total: 317800 ns
[2022-05-19T07:52:44.452+0000][162][safepoint   ] Safepoint "Cleanup", Time since last: 1001102500 ns, Reaching safepoint: 808000 ns, At safepoint: 29400 ns, Total: 837400 ns
[2022-05-19T07:52:46.455+0000][162][safepoint   ] Safepoint "Cleanup", Time since last: 2001901800 ns, Reaching safepoint: 915800 ns, At safepoint: 30700 ns, Total: 946500 ns
[2022-05-19T07:52:47.156+0000][162][gc,start    ] GC(41) Pause Young (Normal) (G1 Evacuation Pause)
[2022-05-19T07:52:47.156+0000][162][gc,task     ] GC(41) Using 10 workers of 10 for evacuation
[2022-05-19T07:52:47.157+0000][162][gc,age      ] GC(41) Desired survivor size 18874368 bytes, new threshold 15 (max threshold 15)
[2022-05-19T07:52:47.160+0000][162][gc,age      ] GC(41) Age table with threshold 15 (max threshold 15)
[2022-05-19T07:52:47.160+0000][162][gc,age      ] GC(41) - age   1:     610864 bytes,     610864 total
[2022-05-19T07:52:47.160+0000][162][gc,age      ] GC(41) - age   2:     539032 bytes,    1149896 total
[2022-05-19T07:52:47.161+0000][162][gc,age      ] GC(41) - age   3:    1142384 bytes,    2292280 total
[2022-05-19T07:52:47.161+0000][162][gc,age      ] GC(41) - age   4:     535488 bytes,    2827768 total
[2022-05-19T07:52:47.161+0000][162][gc,age      ] GC(41) - age   5:     794024 bytes,    3621792 total
[2022-05-19T07:52:47.161+0000][162][gc,age      ] GC(41) - age   6:     642704 bytes,    4264496 total
[2022-05-19T07:52:47.161+0000][162][gc,age      ] GC(41) - age   7:    1336552 bytes,    5601048 total
[2022-05-19T07:52:47.161+0000][162][gc,age      ] GC(41) - age   8:      61496 bytes,    5662544 total
[2022-05-19T07:52:47.162+0000][162][gc,age      ] GC(41) - age   9:     337816 bytes,    6000360 total
[2022-05-19T07:52:47.162+0000][162][gc,phases   ] GC(41)   Pre Evacuate Collection Set: 0.2ms
[2022-05-19T07:52:47.162+0000][162][gc,phases   ] GC(41)   Merge Heap Roots: 0.2ms
[2022-05-19T07:52:47.162+0000][162][gc,phases   ] GC(41)   Evacuate Collection Set: 1.7ms
[2022-05-19T07:52:47.162+0000][162][gc,phases   ] GC(41)   Post Evacuate Collection Set: 1.3ms
[2022-05-19T07:52:47.162+0000][162][gc,phases   ] GC(41)   Other: 2.3ms
[2022-05-19T07:52:47.163+0000][162][gc,heap     ] GC(41) Eden regions: 65->0(66)
[2022-05-19T07:52:47.163+0000][162][gc,heap     ] GC(41) Survivor regions: 2->2(9)
[2022-05-19T07:52:47.163+0000][162][gc,heap     ] GC(41) Old regions: 26->26
[2022-05-19T07:52:47.163+0000][162][gc,heap     ] GC(41) Archive regions: 2->2
[2022-05-19T07:52:47.163+0000][162][gc,heap     ] GC(41) Humongous regions: 6->6
[2022-05-19T07:52:47.163+0000][162][gc,metaspace] GC(41) Metaspace: 103770K(105280K)->103770K(105280K) NonClass: 89614K(90496K)->89614K(90496K) Class: 14155K(14784K)->14155K(14784K)
[2022-05-19T07:52:47.164+0000][162][gc          ] GC(41) Pause Young (Normal) (G1 Evacuation Pause) 397M->137M(512M) 7.492ms
[2022-05-19T07:52:47.164+0000][162][gc,cpu      ] GC(41) User=0.02s Sys=0.01s Real=0.01s
[2022-05-19T07:52:47.164+0000][162][safepoint   ] Safepoint "G1CollectForAllocation", Time since last: 700434500 ns, Reaching safepoint: 275400 ns, At safepoint: 7987500 ns, Total: 8262900 ns
[2022-05-19T07:52:49.165+0000][162][safepoint   ] Safepoint "Cleanup", Time since last: 2000457400 ns, Reaching safepoint: 308300 ns, At safepoint: 7600 ns, Total: 315900 ns
[2022-05-19T07:52:51.166+0000][162][safepoint   ] Safepoint "Cleanup", Time since last: 2000594100 ns, Reaching safepoint: 282200 ns, At safepoint: 10700 ns, Total: 292900 ns
[2022-05-19T07:52:52.167+0000][162][safepoint   ] Safepoint "Cleanup", Time since last: 1000567700 ns, Reaching safepoint: 379900 ns, At safepoint: 13800 ns, Total: 393700 ns
[2022-05-19T07:52:53.168+0000][162][safepoint   ] Safepoint "Cleanup", Time since last: 1000572300 ns, Reaching safepoint: 287100 ns, At safepoint: 45500 ns, Total: 332600 ns
[2022-05-19T07:52:54.168+0000][162][safepoint   ] Safepoint "Cleanup", Time since last: 1000535000 ns, Reaching safepoint: 208500 ns, At safepoint: 8000 ns, Total: 216500 ns
[2022-05-19T07:52:55.169+0000][162][safepoint   ] Safepoint "Cleanup", Time since last: 1000498600 ns, Reaching safepoint: 543300 ns, At safepoint: 16000 ns, Total: 559300 ns
[2022-05-19T07:52:56.171+0000][162][safepoint   ] Safepoint "Cleanup", Time since last: 1000764200 ns, Reaching safepoint: 482900 ns, At safepoint: 17600 ns, Total: 500500 ns
[2022-05-19T07:52:57.172+0000][162][safepoint   ] Safepoint "Cleanup", Time since last: 1000672500 ns, Reaching safepoint: 232600 ns, At safepoint: 6600 ns, Total: 239200 ns
[2022-05-19T07:52:58.172+0000][162][safepoint   ] Safepoint "Cleanup", Time since last: 1000473300 ns, Reaching safepoint: 186900 ns, At safepoint: 7100 ns, Total: 194000 ns
[2022-05-19T07:53:00.174+0000][162][safepoint   ] Safepoint "Cleanup", Time since last: 2000734500 ns, Reaching safepoint: 338400 ns, At safepoint: 11700 ns, Total: 350100 ns
[2022-05-19T07:53:02.175+0000][162][safepoint   ] Safepoint "Cleanup", Time since last: 2000811600 ns, Reaching safepoint: 197000 ns, At safepoint: 7200 ns, Total: 204200 ns
[2022-05-19T07:53:03.176+0000][162][safepoint   ] Safepoint "Cleanup", Time since last: 1000699900 ns, Reaching safepoint: 202400 ns, At safepoint: 7300 ns, Total: 209700 ns
[2022-05-19T07:53:06.178+0000][162][safepoint   ] Safepoint "Cleanup", Time since last: 3001026100 ns, Reaching safepoint: 921000 ns, At safepoint: 31600 ns, Total: 952600 ns
[2022-05-19T07:53:08.179+0000][162][safepoint   ] Safepoint "Cleanup", Time since last: 2001441000 ns, Reaching safepoint: 200000 ns, At safepoint: 7300 ns, Total: 207300 ns
[2022-05-19T07:53:09.180+0000][162][safepoint   ] Safepoint "Cleanup", Time since last: 1000357000 ns, Reaching safepoint: 245100 ns, At safepoint: 7200 ns, Total: 252300 ns
[2022-05-19T07:53:10.181+0000][162][safepoint   ] Safepoint "Cleanup", Time since last: 1000725200 ns, Reaching safepoint: 232000 ns, At safepoint: 8400 ns, Total: 240400 ns
[2022-05-19T07:53:11.183+0000][162][safepoint   ] Safepoint "Cleanup", Time since last: 1000704000 ns, Reaching safepoint: 1387400 ns, At safepoint: 179900 ns, Total: 1567300 ns
[2022-05-19T07:53:12.184+0000][162][safepoint   ] Safepoint "Cleanup", Time since last: 1001175500 ns, Reaching safepoint: 292000 ns, At safepoint: 12900 ns, Total: 304900 ns
[2022-05-19T07:53:13.185+0000][162][safepoint   ] Safepoint "Cleanup", Time since last: 1000539500 ns, Reaching safepoint: 180100 ns, At safepoint: 7000 ns, Total: 187100 ns
[2022-05-19T07:53:14.186+0000][162][safepoint   ] Safepoint "Cleanup", Time since last: 1000338100 ns, Reaching safepoint: 235300 ns, At safepoint: 13400 ns, Total: 248700 ns
[2022-05-19T07:53:15.186+0000][162][safepoint   ] Safepoint "Cleanup", Time since last: 1000437700 ns, Reaching safepoint: 191200 ns, At safepoint: 7100 ns, Total: 198300 ns
[2022-05-19T07:53:17.188+0000][162][safepoint   ] Safepoint "Cleanup", Time since last: 2000809500 ns, Reaching safepoint: 250700 ns, At safepoint: 8300 ns, Total: 259000 ns
[2022-05-19T07:53:18.188+0000][162][safepoint   ] Safepoint "Cleanup", Time since last: 1000402500 ns, Reaching safepoint: 206900 ns, At safepoint: 10200 ns, Total: 217100 ns
[2022-05-19T07:53:19.189+0000][162][safepoint   ] Safepoint "Cleanup", Time since last: 1000621400 ns, Reaching safepoint: 214000 ns, At safepoint: 6500 ns, Total: 220500 ns
[2022-05-19T07:53:22.191+0000][162][safepoint   ] Safepoint "Cleanup", Time since last: 3001062700 ns, Reaching safepoint: 859000 ns, At safepoint: 93300 ns, Total: 952300 ns
[2022-05-19T07:53:23.192+0000][162][safepoint   ] Safepoint "Cleanup", Time since last: 1001269300 ns, Reaching safepoint: 171700 ns, At safepoint: 7500 ns, Total: 179200 ns
[2022-05-19T07:53:24.194+0000][162][safepoint   ] Safepoint "Cleanup", Time since last: 1000655200 ns, Reaching safepoint: 931700 ns, At safepoint: 26500 ns, Total: 958200 ns
[2022-05-19T07:53:27.196+0000][162][safepoint   ] Safepoint "Cleanup", Time since last: 3002030400 ns, Reaching safepoint: 178200 ns, At safepoint: 6200 ns, Total: 184400 ns
[2022-05-19T07:53:28.198+0000][162][safepoint   ] Safepoint "Cleanup", Time since last: 1000642800 ns, Reaching safepoint: 787700 ns, At safepoint: 26800 ns, Total: 814500 ns
[2022-05-19T07:53:32.200+0000][162][safepoint   ] Safepoint "Cleanup", Time since last: 4001614600 ns, Reaching safepoint: 236000 ns, At safepoint: 11500 ns, Total: 247500 ns
[2022-05-19T07:53:33.201+0000][162][safepoint   ] Safepoint "Cleanup", Time since last: 1000681100 ns, Reaching safepoint: 821900 ns, At safepoint: 28600 ns, Total: 850500 ns
[2022-05-19T07:53:34.204+0000][162][safepoint   ] Safepoint "Cleanup", Time since last: 1001584000 ns, Reaching safepoint: 919300 ns, At safepoint: 29900 ns, Total: 949200 ns
[2022-05-19T07:53:35.205+0000][162][safepoint   ] Safepoint "Cleanup", Time since last: 1001242100 ns, Reaching safepoint: 426100 ns, At safepoint: 15200 ns, Total: 441300 ns
[2022-05-19T07:53:37.208+0000][162][safepoint   ] Safepoint "Cleanup", Time since last: 2001534300 ns, Reaching safepoint: 851200 ns, At safepoint: 30000 ns, Total: 881200 ns
[2022-05-19T07:53:38.210+0000][162][safepoint   ] Safepoint "Cleanup", Time since last: 1001562600 ns, Reaching safepoint: 210100 ns, At safepoint: 7600 ns, Total: 217700 ns
[2022-05-19T07:53:39.211+0000][162][safepoint   ] Safepoint "Cleanup", Time since last: 1000746200 ns, Reaching safepoint: 801000 ns, At safepoint: 27700 ns, Total: 828700 ns
[2022-05-19T07:53:41.213+0000][162][safepoint   ] Safepoint "Cleanup", Time since last: 2001213500 ns, Reaching safepoint: 192300 ns, At safepoint: 8900 ns, Total: 201200 ns
[2022-05-19T07:53:43.214+0000][162][safepoint   ] Safepoint "Cleanup", Time since last: 2000835200 ns, Reaching safepoint: 419200 ns, At safepoint: 19000 ns, Total: 438200 ns
[2022-05-19T07:53:44.215+0000][162][safepoint   ] Safepoint "Cleanup", Time since last: 1000831800 ns, Reaching safepoint: 219000 ns, At safepoint: 7900 ns, Total: 226900 ns
[2022-05-19T07:53:48.217+0000][162][safepoint   ] Safepoint "Cleanup", Time since last: 4001543900 ns, Reaching safepoint: 226900 ns, At safepoint: 8100 ns, Total: 235000 ns
[2022-05-19T07:53:52.218+0000][162][safepoint   ] Safepoint "Cleanup", Time since last: 4001112100 ns, Reaching safepoint: 282300 ns, At safepoint: 9100 ns, Total: 291400 ns
[2022-05-19T07:53:53.219+0000][162][safepoint   ] Safepoint "Cleanup", Time since last: 1000335100 ns, Reaching safepoint: 255400 ns, At safepoint: 9200 ns, Total: 264600 ns
[2022-05-19T07:53:55.219+0000][162][safepoint   ] Safepoint "Cleanup", Time since last: 2000551900 ns, Reaching safepoint: 191200 ns, At safepoint: 8100 ns, Total: 199300 ns
[2022-05-19T07:53:56.220+0000][162][safepoint   ] Safepoint "Cleanup", Time since last: 1000418000 ns, Reaching safepoint: 208400 ns, At safepoint: 7300 ns, Total: 215700 ns
[2022-05-19T07:53:58.221+0000][162][safepoint   ] Safepoint "Cleanup", Time since last: 2000370000 ns, Reaching safepoint: 322300 ns, At safepoint: 12700 ns, Total: 335000 ns
[2022-05-19T07:53:59.222+0000][162][safepoint   ] Safepoint "Cleanup", Time since last: 1000581600 ns, Reaching safepoint: 356400 ns, At safepoint: 8900 ns, Total: 365300 ns
[2022-05-19T07:54:02.223+0000][162][safepoint   ] Safepoint "Cleanup", Time since last: 3000830600 ns, Reaching safepoint: 278000 ns, At safepoint: 10800 ns, Total: 288800 ns
[2022-05-19T07:54:03.224+0000][162][safepoint   ] Safepoint "Cleanup", Time since last: 1000539800 ns, Reaching safepoint: 255800 ns, At safepoint: 8200 ns, Total: 264000 ns
[2022-05-19T07:54:04.137+0000][162][gc,start    ] GC(42) Pause Young (Normal) (G1 Evacuation Pause)
[2022-05-19T07:54:04.137+0000][162][gc,task     ] GC(42) Using 10 workers of 10 for evacuation
[2022-05-19T07:54:04.138+0000][162][gc,age      ] GC(42) Desired survivor size 18874368 bytes, new threshold 15 (max threshold 15)
[2022-05-19T07:54:04.141+0000][162][gc,age      ] GC(42) Age table with threshold 15 (max threshold 15)
[2022-05-19T07:54:04.141+0000][162][gc,age      ] GC(42) - age   1:    1106640 bytes,    1106640 total
[2022-05-19T07:54:04.142+0000][162][gc,age      ] GC(42) - age   2:      88968 bytes,    1195608 total
[2022-05-19T07:54:04.142+0000][162][gc,age      ] GC(42) - age   3:     531536 bytes,    1727144 total
[2022-05-19T07:54:04.142+0000][162][gc,age      ] GC(42) - age   4:    1137968 bytes,    2865112 total
[2022-05-19T07:54:04.142+0000][162][gc,age      ] GC(42) - age   5:     535112 bytes,    3400224 total
[2022-05-19T07:54:04.142+0000][162][gc,age      ] GC(42) - age   6:     794024 bytes,    4194248 total
[2022-05-19T07:54:04.142+0000][162][gc,age      ] GC(42) - age   7:     642560 bytes,    4836808 total
[2022-05-19T07:54:04.143+0000][162][gc,age      ] GC(42) - age   8:    1336552 bytes,    6173360 total
[2022-05-19T07:54:04.143+0000][162][gc,age      ] GC(42) - age   9:      61496 bytes,    6234856 total
[2022-05-19T07:54:04.143+0000][162][gc,age      ] GC(42) - age  10:     337816 bytes,    6572672 total
[2022-05-19T07:54:04.143+0000][162][gc,phases   ] GC(42)   Pre Evacuate Collection Set: 0.2ms
[2022-05-19T07:54:04.143+0000][162][gc,phases   ] GC(42)   Merge Heap Roots: 0.2ms
[2022-05-19T07:54:04.143+0000][162][gc,phases   ] GC(42)   Evacuate Collection Set: 1.9ms
[2022-05-19T07:54:04.143+0000][162][gc,phases   ] GC(42)   Post Evacuate Collection Set: 1.2ms
[2022-05-19T07:54:04.143+0000][162][gc,phases   ] GC(42)   Other: 2.3ms
[2022-05-19T07:54:04.144+0000][162][gc,heap     ] GC(42) Eden regions: 66->0(67)
[2022-05-19T07:54:04.144+0000][162][gc,heap     ] GC(42) Survivor regions: 2->2(9)
[2022-05-19T07:54:04.144+0000][162][gc,heap     ] GC(42) Old regions: 26->26
[2022-05-19T07:54:04.144+0000][162][gc,heap     ] GC(42) Archive regions: 2->2
[2022-05-19T07:54:04.144+0000][162][gc,heap     ] GC(42) Humongous regions: 6->6
[2022-05-19T07:54:04.144+0000][162][gc,metaspace] GC(42) Metaspace: 104190K(105728K)->104190K(105728K) NonClass: 90031K(90944K)->90031K(90944K) Class: 14159K(14784K)->14159K(14784K)
[2022-05-19T07:54:04.145+0000][162][gc          ] GC(42) Pause Young (Normal) (G1 Evacuation Pause) 401M->137M(512M) 7.376ms
[2022-05-19T07:54:04.145+0000][162][gc,cpu      ] GC(42) User=0.02s Sys=0.00s Real=0.01s
[2022-05-19T07:54:04.145+0000][162][safepoint   ] Safepoint "G1CollectForAllocation", Time since last: 913172000 ns, Reaching safepoint: 178500 ns, At safepoint: 7743000 ns, Total: 7921500 ns
[2022-05-19T07:54:06.165+0000][162][safepoint   ] Safepoint "Cleanup", Time since last: 2019372700 ns, Reaching safepoint: 1018700 ns, At safepoint: 37900 ns, Total: 1056600 ns
[2022-05-19T07:54:07.167+0000][162][safepoint   ] Safepoint "Cleanup", Time since last: 1001094900 ns, Reaching safepoint: 202500 ns, At safepoint: 7500 ns, Total: 210000 ns
[2022-05-19T07:54:08.168+0000][162][safepoint   ] Safepoint "Cleanup", Time since last: 1000503800 ns, Reaching safepoint: 295100 ns, At safepoint: 15000 ns, Total: 310100 ns
[2022-05-19T07:54:10.169+0000][162][safepoint   ] Safepoint "Cleanup", Time since last: 2000669700 ns, Reaching safepoint: 460000 ns, At safepoint: 17300 ns, Total: 477300 ns
[2022-05-19T07:54:11.170+0000][162][safepoint   ] Safepoint "Cleanup", Time since last: 1001002100 ns, Reaching safepoint: 723500 ns, At safepoint: 25800 ns, Total: 749300 ns
[2022-05-19T07:54:12.173+0000][162][safepoint   ] Safepoint "Cleanup", Time since last: 1001385300 ns, Reaching safepoint: 701700 ns, At safepoint: 33900 ns, Total: 735600 ns
[2022-05-19T07:54:13.173+0000][162][safepoint   ] Safepoint "Cleanup", Time since last: 1000733500 ns, Reaching safepoint: 206800 ns, At safepoint: 7700 ns, Total: 214500 ns
[2022-05-19T07:54:14.174+0000][162][safepoint   ] Safepoint "Cleanup", Time since last: 1000265900 ns, Reaching safepoint: 232900 ns, At safepoint: 20100 ns, Total: 253000 ns
[2022-05-19T07:54:15.175+0000][162][safepoint   ] Safepoint "Cleanup", Time since last: 1000408800 ns, Reaching safepoint: 265000 ns, At safepoint: 13800 ns, Total: 278800 ns
[2022-05-19T07:54:16.176+0000][162][safepoint   ] Safepoint "Cleanup", Time since last: 1000577600 ns, Reaching safepoint: 454100 ns, At safepoint: 17600 ns, Total: 471700 ns
[2022-05-19T07:54:17.178+0000][162][safepoint   ] Safepoint "Cleanup", Time since last: 1001113500 ns, Reaching safepoint: 922000 ns, At safepoint: 31400 ns, Total: 953400 ns
[2022-05-19T07:54:18.179+0000][162][safepoint   ] Safepoint "Cleanup", Time since last: 1001286300 ns, Reaching safepoint: 364800 ns, At safepoint: 12400 ns, Total: 377200 ns
[2022-05-19T07:54:19.181+0000][162][safepoint   ] Safepoint "Cleanup", Time since last: 1000700500 ns, Reaching safepoint: 327900 ns, At safepoint: 33900 ns, Total: 361800 ns
[2022-05-19T07:54:20.181+0000][162][safepoint   ] Safepoint "Cleanup", Time since last: 1000595200 ns, Reaching safepoint: 260100 ns, At safepoint: 6000 ns, Total: 266100 ns
[2022-05-19T07:54:21.182+0000][162][safepoint   ] Safepoint "Cleanup", Time since last: 1000655500 ns, Reaching safepoint: 280300 ns, At safepoint: 9600 ns, Total: 289900 ns
[2022-05-19T07:54:22.183+0000][162][safepoint   ] Safepoint "Cleanup", Time since last: 1000514800 ns, Reaching safepoint: 178100 ns, At safepoint: 7100 ns, Total: 185200 ns
[2022-05-19T07:54:23.184+0000][162][safepoint   ] Safepoint "Cleanup", Time since last: 1000286000 ns, Reaching safepoint: 190600 ns, At safepoint: 8000 ns, Total: 198600 ns
[2022-05-19T07:54:24.185+0000][162][safepoint   ] Safepoint "Cleanup", Time since last: 1000669500 ns, Reaching safepoint: 292500 ns, At safepoint: 34100 ns, Total: 326600 ns
[2022-05-19T07:54:25.185+0000][162][safepoint   ] Safepoint "Cleanup", Time since last: 1000562900 ns, Reaching safepoint: 241600 ns, At safepoint: 12000 ns, Total: 253600 ns
[2022-05-19T07:54:26.186+0000][162][safepoint   ] Safepoint "Cleanup", Time since last: 1000554900 ns, Reaching safepoint: 207400 ns, At safepoint: 7100 ns, Total: 214500 ns
[2022-05-19T07:54:28.187+0000][162][safepoint   ] Safepoint "Cleanup", Time since last: 2000843800 ns, Reaching safepoint: 417600 ns, At safepoint: 29000 ns, Total: 446600 ns
[2022-05-19T07:54:29.190+0000][162][safepoint   ] Safepoint "Cleanup", Time since last: 1000800100 ns, Reaching safepoint: 936200 ns, At safepoint: 37800 ns, Total: 974000 ns
[2022-05-19T07:54:30.191+0000][162][safepoint   ] Safepoint "Cleanup", Time since last: 1001235900 ns, Reaching safepoint: 269200 ns, At safepoint: 20500 ns, Total: 289700 ns
[2022-05-19T07:54:33.192+0000][162][safepoint   ] Safepoint "Cleanup", Time since last: 3001183000 ns, Reaching safepoint: 226900 ns, At safepoint: 7800 ns, Total: 234700 ns
[2022-05-19T07:54:34.193+0000][162][safepoint   ] Safepoint "Cleanup", Time since last: 1000513900 ns, Reaching safepoint: 255000 ns, At safepoint: 8500 ns, Total: 263500 ns
[2022-05-19T07:54:35.194+0000][162][safepoint   ] Safepoint "Cleanup", Time since last: 1000351700 ns, Reaching safepoint: 229700 ns, At safepoint: 7500 ns, Total: 237200 ns
[2022-05-19T07:54:36.195+0000][162][safepoint   ] Safepoint "Cleanup", Time since last: 1000466600 ns, Reaching safepoint: 223800 ns, At safepoint: 7500 ns, Total: 231300 ns
[2022-05-19T07:54:38.197+0000][162][safepoint   ] Safepoint "Cleanup", Time since last: 2001367500 ns, Reaching safepoint: 915600 ns, At safepoint: 31600 ns, Total: 947200 ns
[2022-05-19T07:54:39.198+0000][162][safepoint   ] Safepoint "Cleanup", Time since last: 1001290500 ns, Reaching safepoint: 225700 ns, At safepoint: 8200 ns, Total: 233900 ns
[2022-05-19T07:54:40.199+0000][162][safepoint   ] Safepoint "Cleanup", Time since last: 1000469700 ns, Reaching safepoint: 180400 ns, At safepoint: 20200 ns, Total: 200600 ns
[2022-05-19T07:54:41.200+0000][162][safepoint   ] Safepoint "Cleanup", Time since last: 1000291200 ns, Reaching safepoint: 250000 ns, At safepoint: 25000 ns, Total: 275000 ns
[2022-05-19T07:54:43.201+0000][162][safepoint   ] Safepoint "Cleanup", Time since last: 2000817200 ns, Reaching safepoint: 230900 ns, At safepoint: 9600 ns, Total: 240500 ns
[2022-05-19T07:54:44.201+0000][162][safepoint   ] Safepoint "Cleanup", Time since last: 1000587100 ns, Reaching safepoint: 254200 ns, At safepoint: 7800 ns, Total: 262000 ns
[2022-05-19T07:54:45.202+0000][162][safepoint   ] Safepoint "Cleanup", Time since last: 1000514400 ns, Reaching safepoint: 191600 ns, At safepoint: 7800 ns, Total: 199400 ns
[2022-05-19T07:54:47.203+0000][162][safepoint   ] Safepoint "Cleanup", Time since last: 2000430000 ns, Reaching safepoint: 194000 ns, At safepoint: 7600 ns, Total: 201600 ns
[2022-05-19T07:54:51.204+0000][162][safepoint   ] Safepoint "Cleanup", Time since last: 4001087100 ns, Reaching safepoint: 365800 ns, At safepoint: 16600 ns, Total: 382400 ns
[2022-05-19T07:54:54.206+0000][162][safepoint   ] Safepoint "Cleanup", Time since last: 3001083500 ns, Reaching safepoint: 219900 ns, At safepoint: 7700 ns, Total: 227600 ns
[2022-05-19T07:54:55.206+0000][162][safepoint   ] Safepoint "Cleanup", Time since last: 1000562700 ns, Reaching safepoint: 180700 ns, At safepoint: 7400 ns, Total: 188100 ns
[2022-05-19T07:54:58.207+0000][162][safepoint   ] Safepoint "Cleanup", Time since last: 3000774600 ns, Reaching safepoint: 215500 ns, At safepoint: 7500 ns, Total: 223000 ns
[2022-05-19T07:55:01.209+0000][162][safepoint   ] Safepoint "Cleanup", Time since last: 3000861700 ns, Reaching safepoint: 259500 ns, At safepoint: 14800 ns, Total: 274300 ns
[2022-05-19T07:55:02.209+0000][162][safepoint   ] Safepoint "Cleanup", Time since last: 1000467600 ns, Reaching safepoint: 234900 ns, At safepoint: 9200 ns, Total: 244100 ns
[2022-05-19T07:55:03.210+0000][162][safepoint   ] Safepoint "Cleanup", Time since last: 1000529300 ns, Reaching safepoint: 354000 ns, At safepoint: 23100 ns, Total: 377100 ns
[2022-05-19T07:55:04.211+0000][162][safepoint   ] Safepoint "Cleanup", Time since last: 1000516000 ns, Reaching safepoint: 218500 ns, At safepoint: 7800 ns, Total: 226300 ns
[2022-05-19T07:55:05.212+0000][162][safepoint   ] Safepoint "Cleanup", Time since last: 1000626500 ns, Reaching safepoint: 198100 ns, At safepoint: 6600 ns, Total: 204700 ns
[2022-05-19T07:55:08.213+0000][162][safepoint   ] Safepoint "Cleanup", Time since last: 3000894200 ns, Reaching safepoint: 201600 ns, At safepoint: 7500 ns, Total: 209100 ns
[2022-05-19T07:55:11.214+0000][162][safepoint   ] Safepoint "Cleanup", Time since last: 3000990500 ns, Reaching safepoint: 246100 ns, At safepoint: 6700 ns, Total: 252800 ns
[2022-05-19T07:55:13.216+0000][162][safepoint   ] Safepoint "Cleanup", Time since last: 2000702500 ns, Reaching safepoint: 776200 ns, At safepoint: 27100 ns, Total: 803300 ns
[2022-05-19T07:55:14.217+0000][162][safepoint   ] Safepoint "Cleanup", Time since last: 1001221400 ns, Reaching safepoint: 193900 ns, At safepoint: 8200 ns, Total: 202100 ns
[2022-05-19T07:55:15.218+0000][162][safepoint   ] Safepoint "Cleanup", Time since last: 1000460600 ns, Reaching safepoint: 181100 ns, At safepoint: 19900 ns, Total: 201000 ns
[2022-05-19T07:55:16.265+0000][162][gc,start    ] GC(43) Pause Young (Normal) (G1 Evacuation Pause)
[2022-05-19T07:55:16.265+0000][162][gc,task     ] GC(43) Using 10 workers of 10 for evacuation
[2022-05-19T07:55:16.266+0000][162][gc,age      ] GC(43) Desired survivor size 18874368 bytes, new threshold 15 (max threshold 15)
[2022-05-19T07:55:16.269+0000][162][gc,age      ] GC(43) Age table with threshold 15 (max threshold 15)
[2022-05-19T07:55:16.270+0000][162][gc,age      ] GC(43) - age   1:     434768 bytes,     434768 total
[2022-05-19T07:55:16.270+0000][162][gc,age      ] GC(43) - age   2:     693552 bytes,    1128320 total
[2022-05-19T07:55:16.270+0000][162][gc,age      ] GC(43) - age   3:      85648 bytes,    1213968 total
[2022-05-19T07:55:16.270+0000][162][gc,age      ] GC(43) - age   4:     527960 bytes,    1741928 total
[2022-05-19T07:55:16.270+0000][162][gc,age      ] GC(43) - age   5:    1133936 bytes,    2875864 total
[2022-05-19T07:55:16.270+0000][162][gc,age      ] GC(43) - age   6:     533960 bytes,    3409824 total
[2022-05-19T07:55:16.270+0000][162][gc,age      ] GC(43) - age   7:     794024 bytes,    4203848 total
[2022-05-19T07:55:16.270+0000][162][gc,age      ] GC(43) - age   8:     642560 bytes,    4846408 total
[2022-05-19T07:55:16.270+0000][162][gc,age      ] GC(43) - age   9:    1336552 bytes,    6182960 total
[2022-05-19T07:55:16.271+0000][162][gc,age      ] GC(43) - age  10:      61496 bytes,    6244456 total
[2022-05-19T07:55:16.271+0000][162][gc,age      ] GC(43) - age  11:     337816 bytes,    6582272 total
[2022-05-19T07:55:16.271+0000][162][gc,phases   ] GC(43)   Pre Evacuate Collection Set: 0.2ms
[2022-05-19T07:55:16.271+0000][162][gc,phases   ] GC(43)   Merge Heap Roots: 0.2ms
[2022-05-19T07:55:16.271+0000][162][gc,phases   ] GC(43)   Evacuate Collection Set: 1.9ms
[2022-05-19T07:55:16.271+0000][162][gc,phases   ] GC(43)   Post Evacuate Collection Set: 1.4ms
[2022-05-19T07:55:16.271+0000][162][gc,phases   ] GC(43)   Other: 1.8ms
[2022-05-19T07:55:16.271+0000][162][gc,heap     ] GC(43) Eden regions: 67->0(68)
[2022-05-19T07:55:16.271+0000][162][gc,heap     ] GC(43) Survivor regions: 2->2(9)
[2022-05-19T07:55:16.272+0000][162][gc,heap     ] GC(43) Old regions: 26->26
[2022-05-19T07:55:16.272+0000][162][gc,heap     ] GC(43) Archive regions: 2->2
[2022-05-19T07:55:16.272+0000][162][gc,heap     ] GC(43) Humongous regions: 6->6
[2022-05-19T07:55:16.272+0000][162][gc,metaspace] GC(43) Metaspace: 104576K(106176K)->104576K(106176K) NonClass: 90414K(91328K)->90414K(91328K) Class: 14162K(14848K)->14162K(14848K)
[2022-05-19T07:55:16.272+0000][162][gc          ] GC(43) Pause Young (Normal) (G1 Evacuation Pause) 405M->137M(512M) 6.712ms
[2022-05-19T07:55:16.272+0000][162][gc,cpu      ] GC(43) User=0.02s Sys=0.00s Real=0.00s
[2022-05-19T07:55:16.272+0000][162][safepoint   ] Safepoint "G1CollectForAllocation", Time since last: 1047216500 ns, Reaching safepoint: 175300 ns, At safepoint: 6982000 ns, Total: 7157300 ns
[2022-05-19T07:55:17.273+0000][162][safepoint   ] Safepoint "Cleanup", Time since last: 1000251000 ns, Reaching safepoint: 255900 ns, At safepoint: 9000 ns, Total: 264900 ns
[2022-05-19T07:55:20.274+0000][162][safepoint   ] Safepoint "Cleanup", Time since last: 3000615500 ns, Reaching safepoint: 220400 ns, At safepoint: 6800 ns, Total: 227200 ns
[2022-05-19T07:55:21.274+0000][162][safepoint   ] Safepoint "Cleanup", Time since last: 1000537000 ns, Reaching safepoint: 308300 ns, At safepoint: 7600 ns, Total: 315900 ns
[2022-05-19T07:55:23.275+0000][162][safepoint   ] Safepoint "Cleanup", Time since last: 2000669500 ns, Reaching safepoint: 257500 ns, At safepoint: 13700 ns, Total: 271200 ns
[2022-05-19T07:55:24.276+0000][162][safepoint   ] Safepoint "Cleanup", Time since last: 1000523100 ns, Reaching safepoint: 275800 ns, At safepoint: 13700 ns, Total: 289500 ns
[2022-05-19T07:55:25.277+0000][162][safepoint   ] Safepoint "Cleanup", Time since last: 1000460000 ns, Reaching safepoint: 184000 ns, At safepoint: 34700 ns, Total: 218700 ns
[2022-05-19T07:55:26.278+0000][162][safepoint   ] Safepoint "Cleanup", Time since last: 1000353700 ns, Reaching safepoint: 297900 ns, At safepoint: 7300 ns, Total: 305200 ns
[2022-05-19T07:55:27.415+0000][162][safepoint   ] Safepoint "Cleanup", Time since last: 1136860900 ns, Reaching safepoint: 375200 ns, At safepoint: 31000 ns, Total: 406200 ns
[2022-05-19T07:55:34.417+0000][162][safepoint   ] Safepoint "Cleanup", Time since last: 7002154800 ns, Reaching safepoint: 220000 ns, At safepoint: 9200 ns, Total: 229200 ns
[2022-05-19T07:55:35.418+0000][162][safepoint   ] Safepoint "Cleanup", Time since last: 1000527100 ns, Reaching safepoint: 250600 ns, At safepoint: 10600 ns, Total: 261200 ns
[2022-05-19T07:55:42.295+0000][162][safepoint   ] Safepoint "Cleanup", Time since last: 6876278000 ns, Reaching safepoint: 324800 ns, At safepoint: 53600 ns, Total: 378400 ns
[2022-05-19T07:55:43.295+0000][162][safepoint   ] Safepoint "Cleanup", Time since last: 1000315000 ns, Reaching safepoint: 283400 ns, At safepoint: 53200 ns, Total: 336600 ns
[2022-05-19T07:55:45.297+0000][162][safepoint   ] Safepoint "Cleanup", Time since last: 2000756500 ns, Reaching safepoint: 626500 ns, At safepoint: 22700 ns, Total: 649200 ns
[2022-05-19T07:55:46.298+0000][162][safepoint   ] Safepoint "Cleanup", Time since last: 1001063700 ns, Reaching safepoint: 201000 ns, At safepoint: 8800 ns, Total: 209800 ns
[2022-05-19T07:55:47.933+0000][162][safepoint   ] Safepoint "Cleanup", Time since last: 1635067400 ns, Reaching safepoint: 174800 ns, At safepoint: 31400 ns, Total: 206200 ns
[2022-05-19T07:55:51.934+0000][162][safepoint   ] Safepoint "Cleanup", Time since last: 4000726600 ns, Reaching safepoint: 196100 ns, At safepoint: 6800 ns, Total: 202900 ns
[2022-05-19T07:55:54.935+0000][162][safepoint   ] Safepoint "Cleanup", Time since last: 3000755700 ns, Reaching safepoint: 277800 ns, At safepoint: 10600 ns, Total: 288400 ns
[2022-05-19T07:55:58.937+0000][162][safepoint   ] Safepoint "Cleanup", Time since last: 4001075100 ns, Reaching safepoint: 225400 ns, At safepoint: 6800 ns, Total: 232200 ns
[2022-05-19T07:56:04.938+0000][162][safepoint   ] Safepoint "Cleanup", Time since last: 6001128300 ns, Reaching safepoint: 264200 ns, At safepoint: 6700 ns, Total: 270900 ns
[2022-05-19T07:56:07.939+0000][162][safepoint   ] Safepoint "Cleanup", Time since last: 3001023900 ns, Reaching safepoint: 325300 ns, At safepoint: 11600 ns, Total: 336900 ns
[2022-05-19T07:56:10.941+0000][162][safepoint   ] Safepoint "Cleanup", Time since last: 3001227300 ns, Reaching safepoint: 186800 ns, At safepoint: 7000 ns, Total: 193800 ns
[2022-05-19T07:56:14.942+0000][162][safepoint   ] Safepoint "Cleanup", Time since last: 4001275000 ns, Reaching safepoint: 192100 ns, At safepoint: 20000 ns, Total: 212100 ns
[2022-05-19T07:56:15.943+0000][162][safepoint   ] Safepoint "Cleanup", Time since last: 1000311000 ns, Reaching safepoint: 233200 ns, At safepoint: 14900 ns, Total: 248100 ns
[2022-05-19T07:56:16.944+0000][162][safepoint   ] Safepoint "Cleanup", Time since last: 1000378300 ns, Reaching safepoint: 271400 ns, At safepoint: 11700 ns, Total: 283100 ns
[2022-05-19T07:56:17.944+0000][162][safepoint   ] Safepoint "Cleanup", Time since last: 1000550200 ns, Reaching safepoint: 240600 ns, At safepoint: 12100 ns, Total: 252700 ns
[2022-05-19T07:56:19.945+0000][162][safepoint   ] Safepoint "Cleanup", Time since last: 2000766000 ns, Reaching safepoint: 200800 ns, At safepoint: 9000 ns, Total: 209800 ns
[2022-05-19T07:56:20.946+0000][162][safepoint   ] Safepoint "Cleanup", Time since last: 1000495500 ns, Reaching safepoint: 266100 ns, At safepoint: 13900 ns, Total: 280000 ns
[2022-05-19T07:56:21.947+0000][162][safepoint   ] Safepoint "Cleanup", Time since last: 1000687600 ns, Reaching safepoint: 201600 ns, At safepoint: 7400 ns, Total: 209000 ns
[2022-05-19T07:56:22.948+0000][162][safepoint   ] Safepoint "Cleanup", Time since last: 1000609700 ns, Reaching safepoint: 503100 ns, At safepoint: 23600 ns, Total: 526700 ns
[2022-05-19T07:56:24.949+0000][162][safepoint   ] Safepoint "Cleanup", Time since last: 2000777900 ns, Reaching safepoint: 309100 ns, At safepoint: 36200 ns, Total: 345300 ns
[2022-05-19T07:56:25.950+0000][162][safepoint   ] Safepoint "Cleanup", Time since last: 1000416400 ns, Reaching safepoint: 319200 ns, At safepoint: 11800 ns, Total: 331000 ns
[2022-05-19T07:56:26.952+0000][162][safepoint   ] Safepoint "Cleanup", Time since last: 1000684300 ns, Reaching safepoint: 949700 ns, At safepoint: 44600 ns, Total: 994300 ns
[2022-05-19T07:56:28.954+0000][162][safepoint   ] Safepoint "Cleanup", Time since last: 2001878500 ns, Reaching safepoint: 211000 ns, At safepoint: 8200 ns, Total: 219200 ns
[2022-05-19T07:56:29.955+0000][162][safepoint   ] Safepoint "Cleanup", Time since last: 1000610400 ns, Reaching safepoint: 219600 ns, At safepoint: 9000 ns, Total: 228600 ns
[2022-05-19T07:56:30.956+0000][162][safepoint   ] Safepoint "Cleanup", Time since last: 1000474000 ns, Reaching safepoint: 183400 ns, At safepoint: 7100 ns, Total: 190500 ns
[2022-05-19T07:56:31.957+0000][162][safepoint   ] Safepoint "Cleanup", Time since last: 1000472600 ns, Reaching safepoint: 234600 ns, At safepoint: 7200 ns, Total: 241800 ns
[2022-05-19T07:56:33.957+0000][162][safepoint   ] Safepoint "Cleanup", Time since last: 2000698400 ns, Reaching safepoint: 221900 ns, At safepoint: 7800 ns, Total: 229700 ns
[2022-05-19T07:56:34.958+0000][162][safepoint   ] Safepoint "Cleanup", Time since last: 1000521700 ns, Reaching safepoint: 182200 ns, At safepoint: 6800 ns, Total: 189000 ns
[2022-05-19T07:56:35.959+0000][162][safepoint   ] Safepoint "Cleanup", Time since last: 1000419900 ns, Reaching safepoint: 217400 ns, At safepoint: 20800 ns, Total: 238200 ns
[2022-05-19T07:56:36.228+0000][162][gc,start    ] GC(44) Pause Young (Normal) (G1 Evacuation Pause)
[2022-05-19T07:56:36.229+0000][162][gc,task     ] GC(44) Using 10 workers of 10 for evacuation
[2022-05-19T07:56:36.229+0000][162][gc,age      ] GC(44) Desired survivor size 18874368 bytes, new threshold 15 (max threshold 15)
[2022-05-19T07:56:36.233+0000][162][gc,age      ] GC(44) Age table with threshold 15 (max threshold 15)
[2022-05-19T07:56:36.233+0000][162][gc,age      ] GC(44) - age   1:     604296 bytes,     604296 total
[2022-05-19T07:56:36.234+0000][162][gc,age      ] GC(44) - age   2:     106952 bytes,     711248 total
[2022-05-19T07:56:36.234+0000][162][gc,age      ] GC(44) - age   3:     692848 bytes,    1404096 total
[2022-05-19T07:56:36.234+0000][162][gc,age      ] GC(44) - age   4:      82168 bytes,    1486264 total
[2022-05-19T07:56:36.234+0000][162][gc,age      ] GC(44) - age   5:     523688 bytes,    2009952 total
[2022-05-19T07:56:36.235+0000][162][gc,age      ] GC(44) - age   6:    1130448 bytes,    3140400 total
[2022-05-19T07:56:36.235+0000][162][gc,age      ] GC(44) - age   7:     533960 bytes,    3674360 total
[2022-05-19T07:56:36.235+0000][162][gc,age      ] GC(44) - age   8:     794024 bytes,    4468384 total
[2022-05-19T07:56:36.235+0000][162][gc,age      ] GC(44) - age   9:     642560 bytes,    5110944 total
[2022-05-19T07:56:36.236+0000][162][gc,age      ] GC(44) - age  10:    1336552 bytes,    6447496 total
[2022-05-19T07:56:36.236+0000][162][gc,age      ] GC(44) - age  11:      61496 bytes,    6508992 total
[2022-05-19T07:56:36.236+0000][162][gc,age      ] GC(44) - age  12:     337816 bytes,    6846808 total
[2022-05-19T07:56:36.236+0000][162][gc,phases   ] GC(44)   Pre Evacuate Collection Set: 0.2ms
[2022-05-19T07:56:36.237+0000][162][gc,phases   ] GC(44)   Merge Heap Roots: 0.2ms
[2022-05-19T07:56:36.237+0000][162][gc,phases   ] GC(44)   Evacuate Collection Set: 2.0ms
[2022-05-19T07:56:36.237+0000][162][gc,phases   ] GC(44)   Post Evacuate Collection Set: 1.5ms
[2022-05-19T07:56:36.237+0000][162][gc,phases   ] GC(44)   Other: 4.4ms
[2022-05-19T07:56:36.238+0000][162][gc,heap     ] GC(44) Eden regions: 68->0(69)
[2022-05-19T07:56:36.238+0000][162][gc,heap     ] GC(44) Survivor regions: 2->2(9)
[2022-05-19T07:56:36.238+0000][162][gc,heap     ] GC(44) Old regions: 26->26
[2022-05-19T07:56:36.238+0000][162][gc,heap     ] GC(44) Archive regions: 2->2
[2022-05-19T07:56:36.238+0000][162][gc,heap     ] GC(44) Humongous regions: 6->6
[2022-05-19T07:56:36.239+0000][162][gc,metaspace] GC(44) Metaspace: 104767K(106368K)->104767K(106368K) NonClass: 90604K(91520K)->90604K(91520K) Class: 14162K(14848K)->14162K(14848K)
[2022-05-19T07:56:36.239+0000][162][gc          ] GC(44) Pause Young (Normal) (G1 Evacuation Pause) 409M->138M(512M) 10.757ms
[2022-05-19T07:56:36.239+0000][162][gc,cpu      ] GC(44) User=0.02s Sys=0.00s Real=0.01s
[2022-05-19T07:56:36.239+0000][162][safepoint   ] Safepoint "G1CollectForAllocation", Time since last: 268982200 ns, Reaching safepoint: 283300 ns, At safepoint: 11238700 ns, Total: 11522000 ns
[2022-05-19T07:56:37.240+0000][162][safepoint   ] Safepoint "Cleanup", Time since last: 1000605000 ns, Reaching safepoint: 214100 ns, At safepoint: 7700 ns, Total: 221800 ns
[2022-05-19T07:56:44.242+0000][162][safepoint   ] Safepoint "Cleanup", Time since last: 7001624600 ns, Reaching safepoint: 184600 ns, At safepoint: 8200 ns, Total: 192800 ns
[2022-05-19T07:56:48.243+0000][162][safepoint   ] Safepoint "Cleanup", Time since last: 4000870300 ns, Reaching safepoint: 290600 ns, At safepoint: 11900 ns, Total: 302500 ns
[2022-05-19T07:56:49.244+0000][162][safepoint   ] Safepoint "Cleanup", Time since last: 1000757500 ns, Reaching safepoint: 280800 ns, At safepoint: 9800 ns, Total: 290600 ns
[2022-05-19T07:56:56.247+0000][162][safepoint   ] Safepoint "Cleanup", Time since last: 7002230600 ns, Reaching safepoint: 800200 ns, At safepoint: 28200 ns, Total: 828400 ns
[2022-05-19T07:57:03.251+0000][162][safepoint   ] Safepoint "Cleanup", Time since last: 7002658500 ns, Reaching safepoint: 471000 ns, At safepoint: 53800 ns, Total: 524800 ns
[2022-05-19T07:57:04.252+0000][162][safepoint   ] Safepoint "Cleanup", Time since last: 1000474500 ns, Reaching safepoint: 599000 ns, At safepoint: 20000 ns, Total: 619000 ns
[2022-05-19T07:57:05.253+0000][162][safepoint   ] Safepoint "Cleanup", Time since last: 1000954200 ns, Reaching safepoint: 204900 ns, At safepoint: 7000 ns, Total: 211900 ns
[2022-05-19T07:57:07.254+0000][162][safepoint   ] Safepoint "Cleanup", Time since last: 2000806800 ns, Reaching safepoint: 199700 ns, At safepoint: 9500 ns, Total: 209200 ns
[2022-05-19T07:57:08.254+0000][162][safepoint   ] Safepoint "Cleanup", Time since last: 1000266200 ns, Reaching safepoint: 187400 ns, At safepoint: 8000 ns, Total: 195400 ns
[2022-05-19T07:57:09.255+0000][162][safepoint   ] Safepoint "Cleanup", Time since last: 1000312800 ns, Reaching safepoint: 225200 ns, At safepoint: 8000 ns, Total: 233200 ns
[2022-05-19T07:57:10.256+0000][162][safepoint   ] Safepoint "Cleanup", Time since last: 1000401200 ns, Reaching safepoint: 252800 ns, At safepoint: 7700 ns, Total: 260500 ns
[2022-05-19T07:57:16.257+0000][162][safepoint   ] Safepoint "Cleanup", Time since last: 6001107000 ns, Reaching safepoint: 340100 ns, At safepoint: 29100 ns, Total: 369200 ns
[2022-05-19T07:57:17.258+0000][162][safepoint   ] Safepoint "Cleanup", Time since last: 1000646500 ns, Reaching safepoint: 265300 ns, At safepoint: 13300 ns, Total: 278600 ns
[2022-05-19T07:57:18.259+0000][162][safepoint   ] Safepoint "Cleanup", Time since last: 1000480700 ns, Reaching safepoint: 182400 ns, At safepoint: 7100 ns, Total: 189500 ns
[2022-05-19T07:57:22.260+0000][162][safepoint   ] Safepoint "Cleanup", Time since last: 4001170500 ns, Reaching safepoint: 197400 ns, At safepoint: 7200 ns, Total: 204600 ns
[2022-05-19T07:57:24.262+0000][162][safepoint   ] Safepoint "Cleanup", Time since last: 2001049300 ns, Reaching safepoint: 349900 ns, At safepoint: 38300 ns, Total: 388200 ns
[2022-05-19T07:57:26.263+0000][162][safepoint   ] Safepoint "Cleanup", Time since last: 2001007600 ns, Reaching safepoint: 796600 ns, At safepoint: 98000 ns, Total: 894600 ns
[2022-05-19T07:57:32.266+0000][162][safepoint   ] Safepoint "Cleanup", Time since last: 6002197400 ns, Reaching safepoint: 232200 ns, At safepoint: 29500 ns, Total: 261700 ns
[2022-05-19T07:57:33.267+0000][162][safepoint   ] Safepoint "Cleanup", Time since last: 1000414700 ns, Reaching safepoint: 205400 ns, At safepoint: 20000 ns, Total: 225400 ns
[2022-05-19T07:57:34.267+0000][162][safepoint   ] Safepoint "Cleanup", Time since last: 1000574800 ns, Reaching safepoint: 225700 ns, At safepoint: 24100 ns, Total: 249800 ns
[2022-05-19T07:57:35.268+0000][162][safepoint   ] Safepoint "Cleanup", Time since last: 1000618900 ns, Reaching safepoint: 251800 ns, At safepoint: 9200 ns, Total: 261000 ns
[2022-05-19T07:57:41.270+0000][162][safepoint   ] Safepoint "Cleanup", Time since last: 6001434700 ns, Reaching safepoint: 220200 ns, At safepoint: 7600 ns, Total: 227800 ns
[2022-05-19T07:57:43.272+0000][162][safepoint   ] Safepoint "Cleanup", Time since last: 2000881200 ns, Reaching safepoint: 713600 ns, At safepoint: 79200 ns, Total: 792800 ns
[2022-05-19T07:57:44.274+0000][162][safepoint   ] Safepoint "Cleanup", Time since last: 1000953600 ns, Reaching safepoint: 914500 ns, At safepoint: 30400 ns, Total: 944900 ns
[2022-05-19T07:57:45.275+0000][162][safepoint   ] Safepoint "Cleanup", Time since last: 1001277000 ns, Reaching safepoint: 207100 ns, At safepoint: 8500 ns, Total: 215600 ns
[2022-05-19T07:57:47.276+0000][162][safepoint   ] Safepoint "Cleanup", Time since last: 2000597200 ns, Reaching safepoint: 293200 ns, At safepoint: 12000 ns, Total: 305200 ns
[2022-05-19T07:57:48.278+0000][162][safepoint   ] Safepoint "Cleanup", Time since last: 1000757900 ns, Reaching safepoint: 897200 ns, At safepoint: 31200 ns, Total: 928400 ns
[2022-05-19T07:57:49.279+0000][162][safepoint   ] Safepoint "Cleanup", Time since last: 1001281900 ns, Reaching safepoint: 190400 ns, At safepoint: 7300 ns, Total: 197700 ns
[2022-05-19T07:57:50.280+0000][162][safepoint   ] Safepoint "Cleanup", Time since last: 1000522300 ns, Reaching safepoint: 343900 ns, At safepoint: 24300 ns, Total: 368200 ns
[2022-05-19T07:57:51.282+0000][162][safepoint   ] Safepoint "Cleanup", Time since last: 1000798500 ns, Reaching safepoint: 961400 ns, At safepoint: 30100 ns, Total: 991500 ns
[2022-05-19T07:57:52.283+0000][162][safepoint   ] Safepoint "Cleanup", Time since last: 1001206100 ns, Reaching safepoint: 262600 ns, At safepoint: 15400 ns, Total: 278000 ns
[2022-05-19T07:57:54.203+0000][162][gc,start    ] GC(45) Pause Young (Normal) (G1 Evacuation Pause)
[2022-05-19T07:57:54.203+0000][162][gc,task     ] GC(45) Using 10 workers of 10 for evacuation
[2022-05-19T07:57:54.203+0000][162][gc,age      ] GC(45) Desired survivor size 18874368 bytes, new threshold 15 (max threshold 15)
[2022-05-19T07:57:54.207+0000][162][gc,age      ] GC(45) Age table with threshold 15 (max threshold 15)
[2022-05-19T07:57:54.207+0000][162][gc,age      ] GC(45) - age   1:     370408 bytes,     370408 total
[2022-05-19T07:57:54.207+0000][162][gc,age      ] GC(45) - age   2:      34984 bytes,     405392 total
[2022-05-19T07:57:54.207+0000][162][gc,age      ] GC(45) - age   3:     105400 bytes,     510792 total
[2022-05-19T07:57:54.208+0000][162][gc,age      ] GC(45) - age   4:     692400 bytes,    1203192 total
[2022-05-19T07:57:54.208+0000][162][gc,age      ] GC(45) - age   5:      79032 bytes,    1282224 total
[2022-05-19T07:57:54.208+0000][162][gc,age      ] GC(45) - age   6:     495328 bytes,    1777552 total
[2022-05-19T07:57:54.208+0000][162][gc,age      ] GC(45) - age   7:    1125792 bytes,    2903344 total
[2022-05-19T07:57:54.208+0000][162][gc,age      ] GC(45) - age   8:     533960 bytes,    3437304 total
[2022-05-19T07:57:54.208+0000][162][gc,age      ] GC(45) - age   9:     794024 bytes,    4231328 total
[2022-05-19T07:57:54.208+0000][162][gc,age      ] GC(45) - age  10:     642560 bytes,    4873888 total
[2022-05-19T07:57:54.209+0000][162][gc,age      ] GC(45) - age  11:    1336552 bytes,    6210440 total
[2022-05-19T07:57:54.209+0000][162][gc,age      ] GC(45) - age  12:      61496 bytes,    6271936 total
[2022-05-19T07:57:54.209+0000][162][gc,age      ] GC(45) - age  13:     337816 bytes,    6609752 total
[2022-05-19T07:57:54.209+0000][162][gc,phases   ] GC(45)   Pre Evacuate Collection Set: 0.2ms
[2022-05-19T07:57:54.209+0000][162][gc,phases   ] GC(45)   Merge Heap Roots: 0.1ms
[2022-05-19T07:57:54.209+0000][162][gc,phases   ] GC(45)   Evacuate Collection Set: 2.1ms
[2022-05-19T07:57:54.210+0000][162][gc,phases   ] GC(45)   Post Evacuate Collection Set: 1.2ms
[2022-05-19T07:57:54.210+0000][162][gc,phases   ] GC(45)   Other: 3.0ms
[2022-05-19T07:57:54.210+0000][162][gc,heap     ] GC(45) Eden regions: 69->0(69)
[2022-05-19T07:57:54.210+0000][162][gc,heap     ] GC(45) Survivor regions: 2->2(9)
[2022-05-19T07:57:54.210+0000][162][gc,heap     ] GC(45) Old regions: 26->26
[2022-05-19T07:57:54.210+0000][162][gc,heap     ] GC(45) Archive regions: 2->2
[2022-05-19T07:57:54.210+0000][162][gc,heap     ] GC(45) Humongous regions: 6->6
[2022-05-19T07:57:54.211+0000][162][gc,metaspace] GC(45) Metaspace: 104815K(106368K)->104815K(106368K) NonClass: 90652K(91520K)->90652K(91520K) Class: 14162K(14848K)->14162K(14848K)
[2022-05-19T07:57:54.211+0000][162][gc          ] GC(45) Pause Young (Normal) (G1 Evacuation Pause) 414M->137M(512M) 8.208ms
[2022-05-19T07:57:54.211+0000][162][gc,cpu      ] GC(45) User=0.00s Sys=0.02s Real=0.01s
[2022-05-19T07:57:54.211+0000][162][safepoint   ] Safepoint "G1CollectForAllocation", Time since last: 1919074800 ns, Reaching safepoint: 183100 ns, At safepoint: 8582600 ns, Total: 8765700 ns
[2022-05-19T07:57:57.212+0000][162][safepoint   ] Safepoint "Cleanup", Time since last: 3000678500 ns, Reaching safepoint: 214900 ns, At safepoint: 33800 ns, Total: 248700 ns
[2022-05-19T07:57:59.214+0000][162][safepoint   ] Safepoint "Cleanup", Time since last: 2001212100 ns, Reaching safepoint: 215900 ns, At safepoint: 7400 ns, Total: 223300 ns
[2022-05-19T07:58:05.216+0000][162][safepoint   ] Safepoint "Cleanup", Time since last: 6001493900 ns, Reaching safepoint: 209700 ns, At safepoint: 7400 ns, Total: 217100 ns
[2022-05-19T07:58:07.217+0000][162][safepoint   ] Safepoint "Cleanup", Time since last: 2001245400 ns, Reaching safepoint: 210600 ns, At safepoint: 7600 ns, Total: 218200 ns
[2022-05-19T07:58:08.218+0000][162][safepoint   ] Safepoint "Cleanup", Time since last: 1000728000 ns, Reaching safepoint: 296700 ns, At safepoint: 13400 ns, Total: 310100 ns
[2022-05-19T07:58:10.219+0000][162][safepoint   ] Safepoint "Cleanup", Time since last: 2000949300 ns, Reaching safepoint: 199500 ns, At safepoint: 6500 ns, Total: 206000 ns
[2022-05-19T07:58:12.220+0000][162][safepoint   ] Safepoint "Cleanup", Time since last: 2000796500 ns, Reaching safepoint: 210500 ns, At safepoint: 10900 ns, Total: 221400 ns
[2022-05-19T07:58:14.221+0000][162][safepoint   ] Safepoint "Cleanup", Time since last: 2000633900 ns, Reaching safepoint: 190800 ns, At safepoint: 7400 ns, Total: 198200 ns
[2022-05-19T07:58:17.222+0000][162][safepoint   ] Safepoint "Cleanup", Time since last: 3000614300 ns, Reaching safepoint: 192900 ns, At safepoint: 7700 ns, Total: 200600 ns
[2022-05-19T07:58:24.225+0000][162][safepoint   ] Safepoint "Cleanup", Time since last: 7002258700 ns, Reaching safepoint: 848400 ns, At safepoint: 29100 ns, Total: 877500 ns
[2022-05-19T07:58:25.226+0000][162][safepoint   ] Safepoint "Cleanup", Time since last: 1001174200 ns, Reaching safepoint: 267300 ns, At safepoint: 8700 ns, Total: 276000 ns
[2022-05-19T07:58:26.227+0000][162][safepoint   ] Safepoint "Cleanup", Time since last: 1000542300 ns, Reaching safepoint: 273100 ns, At safepoint: 8800 ns, Total: 281900 ns
[2022-05-19T07:58:27.228+0000][162][safepoint   ] Safepoint "Cleanup", Time since last: 1000696300 ns, Reaching safepoint: 235100 ns, At safepoint: 8500 ns, Total: 243600 ns
[2022-05-19T07:58:36.231+0000][162][safepoint   ] Safepoint "Cleanup", Time since last: 9002661000 ns, Reaching safepoint: 249500 ns, At safepoint: 10300 ns, Total: 259800 ns
[2022-05-19T07:58:37.232+0000][162][safepoint   ] Safepoint "Cleanup", Time since last: 1000659200 ns, Reaching safepoint: 229600 ns, At safepoint: 7900 ns, Total: 237500 ns
[2022-05-19T07:58:38.234+0000][162][safepoint   ] Safepoint "Cleanup", Time since last: 1000863600 ns, Reaching safepoint: 794000 ns, At safepoint: 29000 ns, Total: 823000 ns
[2022-05-19T07:58:39.236+0000][162][safepoint   ] Safepoint "Cleanup", Time since last: 1001489600 ns, Reaching safepoint: 847200 ns, At safepoint: 26600 ns, Total: 873800 ns
[2022-05-19T07:58:48.240+0000][162][safepoint   ] Safepoint "Cleanup", Time since last: 9002989500 ns, Reaching safepoint: 224200 ns, At safepoint: 6700 ns, Total: 230900 ns
[2022-05-19T07:58:54.243+0000][162][safepoint   ] Safepoint "Cleanup", Time since last: 6002441200 ns, Reaching safepoint: 750900 ns, At safepoint: 28000 ns, Total: 778900 ns
[2022-05-19T07:58:55.245+0000][162][safepoint   ] Safepoint "Cleanup", Time since last: 1001455400 ns, Reaching safepoint: 414800 ns, At safepoint: 23200 ns, Total: 438000 ns
[2022-05-19T07:58:59.246+0000][162][safepoint   ] Safepoint "Cleanup", Time since last: 4001231200 ns, Reaching safepoint: 333800 ns, At safepoint: 15100 ns, Total: 348900 ns
[2022-05-19T07:59:00.248+0000][162][safepoint   ] Safepoint "Cleanup", Time since last: 1000725900 ns, Reaching safepoint: 472700 ns, At safepoint: 24400 ns, Total: 497100 ns
[2022-05-19T07:59:06.250+0000][162][safepoint   ] Safepoint "Cleanup", Time since last: 6001830900 ns, Reaching safepoint: 234100 ns, At safepoint: 7000 ns, Total: 241100 ns
[2022-05-19T07:59:09.692+0000][162][gc,start    ] GC(46) Pause Young (Normal) (G1 Evacuation Pause)
[2022-05-19T07:59:09.692+0000][162][gc,task     ] GC(46) Using 10 workers of 10 for evacuation
[2022-05-19T07:59:09.692+0000][162][gc,age      ] GC(46) Desired survivor size 18874368 bytes, new threshold 15 (max threshold 15)
[2022-05-19T07:59:09.696+0000][162][gc,age      ] GC(46) Age table with threshold 15 (max threshold 15)
[2022-05-19T07:59:09.696+0000][162][gc,age      ] GC(46) - age   1:     259480 bytes,     259480 total
[2022-05-19T07:59:09.697+0000][162][gc,age      ] GC(46) - age   2:      48104 bytes,     307584 total
[2022-05-19T07:59:09.697+0000][162][gc,age      ] GC(46) - age   3:      27952 bytes,     335536 total
[2022-05-19T07:59:09.697+0000][162][gc,age      ] GC(46) - age   4:     104832 bytes,     440368 total
[2022-05-19T07:59:09.697+0000][162][gc,age      ] GC(46) - age   5:     692216 bytes,    1132584 total
[2022-05-19T07:59:09.698+0000][162][gc,age      ] GC(46) - age   6:      67368 bytes,    1199952 total
[2022-05-19T07:59:09.698+0000][162][gc,age      ] GC(46) - age   7:     494920 bytes,    1694872 total
[2022-05-19T07:59:09.698+0000][162][gc,age      ] GC(46) - age   8:    1122144 bytes,    2817016 total
[2022-05-19T07:59:09.698+0000][162][gc,age      ] GC(46) - age   9:     533960 bytes,    3350976 total
[2022-05-19T07:59:09.698+0000][162][gc,age      ] GC(46) - age  10:     794024 bytes,    4145000 total
[2022-05-19T07:59:09.698+0000][162][gc,age      ] GC(46) - age  11:     642560 bytes,    4787560 total
[2022-05-19T07:59:09.698+0000][162][gc,age      ] GC(46) - age  12:    1336552 bytes,    6124112 total
[2022-05-19T07:59:09.699+0000][162][gc,age      ] GC(46) - age  13:      61496 bytes,    6185608 total
[2022-05-19T07:59:09.699+0000][162][gc,age      ] GC(46) - age  14:     337816 bytes,    6523424 total
[2022-05-19T07:59:09.699+0000][162][gc,phases   ] GC(46)   Pre Evacuate Collection Set: 0.3ms
[2022-05-19T07:59:09.699+0000][162][gc,phases   ] GC(46)   Merge Heap Roots: 0.2ms
[2022-05-19T07:59:09.699+0000][162][gc,phases   ] GC(46)   Evacuate Collection Set: 2.2ms
[2022-05-19T07:59:09.699+0000][162][gc,phases   ] GC(46)   Post Evacuate Collection Set: 1.3ms
[2022-05-19T07:59:09.699+0000][162][gc,phases   ] GC(46)   Other: 3.4ms
[2022-05-19T07:59:09.699+0000][162][gc,heap     ] GC(46) Eden regions: 69->0(69)
[2022-05-19T07:59:09.699+0000][162][gc,heap     ] GC(46) Survivor regions: 2->2(9)
[2022-05-19T07:59:09.700+0000][162][gc,heap     ] GC(46) Old regions: 26->26
[2022-05-19T07:59:09.700+0000][162][gc,heap     ] GC(46) Archive regions: 2->2
[2022-05-19T07:59:09.700+0000][162][gc,heap     ] GC(46) Humongous regions: 6->6
[2022-05-19T07:59:09.700+0000][162][gc,metaspace] GC(46) Metaspace: 104916K(106560K)->104916K(106560K) NonClass: 90753K(91712K)->90753K(91712K) Class: 14162K(14848K)->14162K(14848K)
[2022-05-19T07:59:09.700+0000][162][gc          ] GC(46) Pause Young (Normal) (G1 Evacuation Pause) 413M->137M(512M) 8.507ms
[2022-05-19T07:59:09.700+0000][162][gc,cpu      ] GC(46) User=0.02s Sys=0.00s Real=0.01s
[2022-05-19T07:59:09.700+0000][162][safepoint   ] Safepoint "G1CollectForAllocation", Time since last: 3441469800 ns, Reaching safepoint: 249600 ns, At safepoint: 8794200 ns, Total: 9043800 ns
[2022-05-19T07:59:21.705+0000][162][safepoint   ] Safepoint "Cleanup", Time since last: 12003497000 ns, Reaching safepoint: 815100 ns, At safepoint: 84300 ns, Total: 899400 ns
[2022-05-19T07:59:32.709+0000][162][safepoint   ] Safepoint "Cleanup", Time since last: 11003799600 ns, Reaching safepoint: 404100 ns, At safepoint: 14400 ns, Total: 418500 ns
[2022-05-19T07:59:33.710+0000][162][safepoint   ] Safepoint "Cleanup", Time since last: 1000735500 ns, Reaching safepoint: 405200 ns, At safepoint: 14500 ns, Total: 419700 ns
[2022-05-19T07:59:34.711+0000][162][safepoint   ] Safepoint "Cleanup", Time since last: 1000645900 ns, Reaching safepoint: 265500 ns, At safepoint: 9000 ns, Total: 274500 ns
[2022-05-19T07:59:35.712+0000][162][safepoint   ] Safepoint "Cleanup", Time since last: 1000581900 ns, Reaching safepoint: 293900 ns, At safepoint: 21000 ns, Total: 314900 ns
[2022-05-19T07:59:37.713+0000][162][safepoint   ] Safepoint "Cleanup", Time since last: 2000955300 ns, Reaching safepoint: 348000 ns, At safepoint: 19300 ns, Total: 367300 ns
[2022-05-19T07:59:38.714+0000][162][safepoint   ] Safepoint "Cleanup", Time since last: 1000658800 ns, Reaching safepoint: 253700 ns, At safepoint: 7100 ns, Total: 260800 ns
[2022-05-19T07:59:39.715+0000][162][safepoint   ] Safepoint "Cleanup", Time since last: 1000548300 ns, Reaching safepoint: 264700 ns, At safepoint: 7800 ns, Total: 272500 ns
[2022-05-19T07:59:48.718+0000][162][safepoint   ] Safepoint "Cleanup", Time since last: 9002427600 ns, Reaching safepoint: 238500 ns, At safepoint: 8400 ns, Total: 246900 ns
[2022-05-19T07:59:51.719+0000][162][safepoint   ] Safepoint "Cleanup", Time since last: 3001115700 ns, Reaching safepoint: 218300 ns, At safepoint: 8000 ns, Total: 226300 ns
[2022-05-19T07:59:58.722+0000][162][safepoint   ] Safepoint "Cleanup", Time since last: 7002026400 ns, Reaching safepoint: 570400 ns, At safepoint: 25700 ns, Total: 596100 ns
[2022-05-19T07:59:59.724+0000][162][safepoint   ] Safepoint "Cleanup", Time since last: 1000874800 ns, Reaching safepoint: 944200 ns, At safepoint: 30200 ns, Total: 974400 ns
[2022-05-19T08:00:03.726+0000][162][safepoint   ] Safepoint "Cleanup", Time since last: 4001670400 ns, Reaching safepoint: 227000 ns, At safepoint: 9500 ns, Total: 236500 ns
[2022-05-19T08:00:07.727+0000][162][safepoint   ] Safepoint "Cleanup", Time since last: 4000712400 ns, Reaching safepoint: 223900 ns, At safepoint: 8900 ns, Total: 232800 ns
[2022-05-19T08:00:08.727+0000][162][safepoint   ] Safepoint "Cleanup", Time since last: 1000484200 ns, Reaching safepoint: 292400 ns, At safepoint: 23200 ns, Total: 315600 ns
[2022-05-19T08:00:18.729+0000][162][safepoint   ] Safepoint "Cleanup", Time since last: 10001763000 ns, Reaching safepoint: 202500 ns, At safepoint: 7400 ns, Total: 209900 ns
[2022-05-19T08:00:24.732+0000][162][safepoint   ] Safepoint "Cleanup", Time since last: 6001771900 ns, Reaching safepoint: 949100 ns, At safepoint: 31600 ns, Total: 980700 ns
[2022-05-19T08:00:27.354+0000][162][gc,start    ] GC(47) Pause Young (Normal) (G1 Evacuation Pause)
[2022-05-19T08:00:27.354+0000][162][gc,task     ] GC(47) Using 10 workers of 10 for evacuation
[2022-05-19T08:00:27.355+0000][162][gc,age      ] GC(47) Desired survivor size 18874368 bytes, new threshold 15 (max threshold 15)
[2022-05-19T08:00:27.359+0000][162][gc,age      ] GC(47) Age table with threshold 15 (max threshold 15)
[2022-05-19T08:00:27.359+0000][162][gc,age      ] GC(47) - age   1:     483808 bytes,     483808 total
[2022-05-19T08:00:27.360+0000][162][gc,age      ] GC(47) - age   2:      48304 bytes,     532112 total
[2022-05-19T08:00:27.360+0000][162][gc,age      ] GC(47) - age   3:      43400 bytes,     575512 total
[2022-05-19T08:00:27.360+0000][162][gc,age      ] GC(47) - age   4:      25456 bytes,     600968 total
[2022-05-19T08:00:27.360+0000][162][gc,age      ] GC(47) - age   5:     104832 bytes,     705800 total
[2022-05-19T08:00:27.360+0000][162][gc,age      ] GC(47) - age   6:     633704 bytes,    1339504 total
[2022-05-19T08:00:27.360+0000][162][gc,age      ] GC(47) - age   7:      66992 bytes,    1406496 total
[2022-05-19T08:00:27.360+0000][162][gc,age      ] GC(47) - age   8:     494584 bytes,    1901080 total
[2022-05-19T08:00:27.360+0000][162][gc,age      ] GC(47) - age   9:    1120616 bytes,    3021696 total
[2022-05-19T08:00:27.361+0000][162][gc,age      ] GC(47) - age  10:     533960 bytes,    3555656 total
[2022-05-19T08:00:27.361+0000][162][gc,age      ] GC(47) - age  11:     794024 bytes,    4349680 total
[2022-05-19T08:00:27.361+0000][162][gc,age      ] GC(47) - age  12:     642560 bytes,    4992240 total
[2022-05-19T08:00:27.361+0000][162][gc,age      ] GC(47) - age  13:    1336552 bytes,    6328792 total
[2022-05-19T08:00:27.361+0000][162][gc,age      ] GC(47) - age  14:      61496 bytes,    6390288 total
[2022-05-19T08:00:27.361+0000][162][gc,age      ] GC(47) - age  15:     337816 bytes,    6728104 total
[2022-05-19T08:00:27.361+0000][162][gc,phases   ] GC(47)   Pre Evacuate Collection Set: 0.4ms
[2022-05-19T08:00:27.362+0000][162][gc,phases   ] GC(47)   Merge Heap Roots: 0.2ms
[2022-05-19T08:00:27.362+0000][162][gc,phases   ] GC(47)   Evacuate Collection Set: 2.3ms
[2022-05-19T08:00:27.362+0000][162][gc,phases   ] GC(47)   Post Evacuate Collection Set: 1.5ms
[2022-05-19T08:00:27.362+0000][162][gc,phases   ] GC(47)   Other: 2.9ms
[2022-05-19T08:00:27.362+0000][162][gc,heap     ] GC(47) Eden regions: 69->0(70)
[2022-05-19T08:00:27.362+0000][162][gc,heap     ] GC(47) Survivor regions: 2->2(9)
[2022-05-19T08:00:27.362+0000][162][gc,heap     ] GC(47) Old regions: 26->26
[2022-05-19T08:00:27.363+0000][162][gc,heap     ] GC(47) Archive regions: 2->2
[2022-05-19T08:00:27.363+0000][162][gc,heap     ] GC(47) Humongous regions: 6->6
[2022-05-19T08:00:27.363+0000][162][gc,metaspace] GC(47) Metaspace: 105028K(106624K)->105028K(106624K) NonClass: 90865K(91776K)->90865K(91776K) Class: 14162K(14848K)->14162K(14848K)
[2022-05-19T08:00:27.363+0000][162][gc          ] GC(47) Pause Young (Normal) (G1 Evacuation Pause) 413M->137M(512M) 8.648ms
[2022-05-19T08:00:27.363+0000][162][gc,cpu      ] GC(47) User=0.02s Sys=0.00s Real=0.01s
[2022-05-19T08:00:27.363+0000][162][safepoint   ] Safepoint "G1CollectForAllocation", Time since last: 2621742200 ns, Reaching safepoint: 259000 ns, At safepoint: 8948700 ns, Total: 9207700 ns
[2022-05-19T08:00:29.366+0000][162][safepoint   ] Safepoint "Cleanup", Time since last: 2000917500 ns, Reaching safepoint: 993900 ns, At safepoint: 176100 ns, Total: 1170000 ns
[2022-05-19T08:00:30.368+0000][162][safepoint   ] Safepoint "Cleanup", Time since last: 1001414700 ns, Reaching safepoint: 784400 ns, At safepoint: 28300 ns, Total: 812700 ns
[2022-05-19T08:00:33.371+0000][162][safepoint   ] Safepoint "Cleanup", Time since last: 3002304100 ns, Reaching safepoint: 370100 ns, At safepoint: 31100 ns, Total: 401200 ns
[2022-05-19T08:00:34.371+0000][162][safepoint   ] Safepoint "Cleanup", Time since last: 1000640200 ns, Reaching safepoint: 179700 ns, At safepoint: 7400 ns, Total: 187100 ns
[2022-05-19T08:00:39.374+0000][162][safepoint   ] Safepoint "Cleanup", Time since last: 5001307600 ns, Reaching safepoint: 1129100 ns, At safepoint: 32900 ns, Total: 1162000 ns
[2022-05-19T08:00:42.376+0000][162][safepoint   ] Safepoint "Cleanup", Time since last: 3001926700 ns, Reaching safepoint: 244600 ns, At safepoint: 22500 ns, Total: 267100 ns
[2022-05-19T08:00:43.377+0000][162][safepoint   ] Safepoint "Cleanup", Time since last: 1000422900 ns, Reaching safepoint: 183500 ns, At safepoint: 6700 ns, Total: 190200 ns
[2022-05-19T08:00:45.377+0000][162][safepoint   ] Safepoint "Cleanup", Time since last: 2000492200 ns, Reaching safepoint: 243900 ns, At safepoint: 22100 ns, Total: 266000 ns
[2022-05-19T08:00:46.378+0000][162][safepoint   ] Safepoint "Cleanup", Time since last: 1000456600 ns, Reaching safepoint: 179600 ns, At safepoint: 6800 ns, Total: 186400 ns
[2022-05-19T08:00:48.379+0000][162][safepoint   ] Safepoint "Cleanup", Time since last: 2000788400 ns, Reaching safepoint: 279400 ns, At safepoint: 11000 ns, Total: 290400 ns
[2022-05-19T08:00:49.380+0000][162][safepoint   ] Safepoint "Cleanup", Time since last: 1000803900 ns, Reaching safepoint: 398400 ns, At safepoint: 14700 ns, Total: 413100 ns
[2022-05-19T08:00:52.382+0000][162][safepoint   ] Safepoint "Cleanup", Time since last: 3001000000 ns, Reaching safepoint: 256300 ns, At safepoint: 31400 ns, Total: 287700 ns
[2022-05-19T08:00:53.059+0000][162][gc,start    ] GC(48) Pause Young (Normal) (G1 Evacuation Pause)
[2022-05-19T08:00:53.059+0000][162][gc,task     ] GC(48) Using 10 workers of 10 for evacuation
[2022-05-19T08:00:53.059+0000][162][gc,age      ] GC(48) Desired survivor size 18874368 bytes, new threshold 15 (max threshold 15)
[2022-05-19T08:00:53.064+0000][162][gc,age      ] GC(48) Age table with threshold 15 (max threshold 15)
[2022-05-19T08:00:53.064+0000][162][gc,age      ] GC(48) - age   1:    1177168 bytes,    1177168 total
[2022-05-19T08:00:53.064+0000][162][gc,age      ] GC(48) - age   2:      30768 bytes,    1207936 total
[2022-05-19T08:00:53.065+0000][162][gc,age      ] GC(48) - age   3:      46480 bytes,    1254416 total
[2022-05-19T08:00:53.065+0000][162][gc,age      ] GC(48) - age   4:      42936 bytes,    1297352 total
[2022-05-19T08:00:53.065+0000][162][gc,age      ] GC(48) - age   5:      25264 bytes,    1322616 total
[2022-05-19T08:00:53.065+0000][162][gc,age      ] GC(48) - age   6:     103040 bytes,    1425656 total
[2022-05-19T08:00:53.065+0000][162][gc,age      ] GC(48) - age   7:     633704 bytes,    2059360 total
[2022-05-19T08:00:53.065+0000][162][gc,age      ] GC(48) - age   8:      65984 bytes,    2125344 total
[2022-05-19T08:00:53.066+0000][162][gc,age      ] GC(48) - age   9:     493240 bytes,    2618584 total
[2022-05-19T08:00:53.066+0000][162][gc,age      ] GC(48) - age  10:    1119496 bytes,    3738080 total
[2022-05-19T08:00:53.066+0000][162][gc,age      ] GC(48) - age  11:     501968 bytes,    4240048 total
[2022-05-19T08:00:53.066+0000][162][gc,age      ] GC(48) - age  12:     787560 bytes,    5027608 total
[2022-05-19T08:00:53.066+0000][162][gc,age      ] GC(48) - age  13:     642560 bytes,    5670168 total
[2022-05-19T08:00:53.066+0000][162][gc,age      ] GC(48) - age  14:    1336552 bytes,    7006720 total
[2022-05-19T08:00:53.067+0000][162][gc,age      ] GC(48) - age  15:      61496 bytes,    7068216 total
[2022-05-19T08:00:53.067+0000][162][gc,phases   ] GC(48)   Pre Evacuate Collection Set: 0.2ms
[2022-05-19T08:00:53.067+0000][162][gc,phases   ] GC(48)   Merge Heap Roots: 0.2ms
[2022-05-19T08:00:53.067+0000][162][gc,phases   ] GC(48)   Evacuate Collection Set: 2.6ms
[2022-05-19T08:00:53.067+0000][162][gc,phases   ] GC(48)   Post Evacuate Collection Set: 1.5ms
[2022-05-19T08:00:53.067+0000][162][gc,phases   ] GC(48)   Other: 3.6ms
[2022-05-19T08:00:53.068+0000][162][gc,heap     ] GC(48) Eden regions: 70->0(70)
[2022-05-19T08:00:53.068+0000][162][gc,heap     ] GC(48) Survivor regions: 2->2(9)
[2022-05-19T08:00:53.068+0000][162][gc,heap     ] GC(48) Old regions: 26->26
[2022-05-19T08:00:53.068+0000][162][gc,heap     ] GC(48) Archive regions: 2->2
[2022-05-19T08:00:53.068+0000][162][gc,heap     ] GC(48) Humongous regions: 6->6
[2022-05-19T08:00:53.068+0000][162][gc,metaspace] GC(48) Metaspace: 105173K(106752K)->105173K(106752K) NonClass: 91000K(91904K)->91000K(91904K) Class: 14173K(14848K)->14173K(14848K)
[2022-05-19T08:00:53.068+0000][162][gc          ] GC(48) Pause Young (Normal) (G1 Evacuation Pause) 417M->138M(512M) 9.601ms
[2022-05-19T08:00:53.069+0000][162][gc,cpu      ] GC(48) User=0.02s Sys=0.01s Real=0.01s
[2022-05-19T08:00:53.069+0000][162][safepoint   ] Safepoint "G1CollectForAllocation", Time since last: 676940100 ns, Reaching safepoint: 200100 ns, At safepoint: 9957800 ns, Total: 10157900 ns
[2022-05-19T08:00:54.069+0000][162][safepoint   ] Safepoint "Cleanup", Time since last: 1000330600 ns, Reaching safepoint: 203500 ns, At safepoint: 7300 ns, Total: 210800 ns
[2022-05-19T08:01:21.074+0000][162][safepoint   ] Safepoint "Cleanup", Time since last: 27003966900 ns, Reaching safepoint: 250300 ns, At safepoint: 9000 ns, Total: 259300 ns
[2022-05-19T08:01:26.075+0000][162][safepoint   ] Safepoint "Cleanup", Time since last: 5001000700 ns, Reaching safepoint: 199200 ns, At safepoint: 9700 ns, Total: 208900 ns
[2022-05-19T08:02:55.088+0000][162][safepoint   ] Safepoint "Cleanup", Time since last: 89012299100 ns, Reaching safepoint: 217200 ns, At safepoint: 25600 ns, Total: 242800 ns
[2022-05-19T08:05:55.115+0000][162][safepoint   ] Safepoint "Cleanup", Time since last: 180025529000 ns, Reaching safepoint: 272100 ns, At safepoint: 12100 ns, Total: 284200 ns
[2022-05-19T08:05:56.116+0000][162][safepoint   ] Safepoint "Cleanup", Time since last: 1000488400 ns, Reaching safepoint: 188400 ns, At safepoint: 6900 ns, Total: 195300 ns
[2022-05-19T08:08:02.134+0000][162][safepoint   ] Safepoint "Cleanup", Time since last: 126016468800 ns, Reaching safepoint: 440900 ns, At safepoint: 26800 ns, Total: 467700 ns
[2022-05-19T08:08:24.137+0000][162][safepoint   ] Safepoint "Cleanup", Time since last: 22003210600 ns, Reaching safepoint: 189900 ns, At safepoint: 7300 ns, Total: 197200 ns
[2022-05-19T08:08:25.140+0000][162][safepoint   ] Safepoint "Cleanup", Time since last: 1002098700 ns, Reaching safepoint: 240000 ns, At safepoint: 26300 ns, Total: 266300 ns
[2022-05-19T08:08:55.147+0000][162][safepoint   ] Safepoint "Cleanup", Time since last: 30006592700 ns, Reaching safepoint: 308000 ns, At safepoint: 11900 ns, Total: 319900 ns
[2022-05-19T08:08:57.147+0000][162][safepoint   ] Safepoint "Cleanup", Time since last: 2000625400 ns, Reaching safepoint: 290800 ns, At safepoint: 12900 ns, Total: 303700 ns
[2022-05-19T08:09:11.150+0000][162][safepoint   ] Safepoint "Cleanup", Time since last: 14002053600 ns, Reaching safepoint: 202600 ns, At safepoint: 7900 ns, Total: 210500 ns
[2022-05-19T08:10:55.164+0000][162][safepoint   ] Safepoint "Cleanup", Time since last: 104013411000 ns, Reaching safepoint: 296500 ns, At safepoint: 24400 ns, Total: 320900 ns
[2022-05-19T08:11:05.167+0000][162][safepoint   ] Safepoint "Cleanup", Time since last: 10001720000 ns, Reaching safepoint: 264700 ns, At safepoint: 21800 ns, Total: 286500 ns
[2022-05-19T08:14:38.196+0000][162][safepoint   ] Safepoint "Cleanup", Time since last: 213028319200 ns, Reaching safepoint: 259000 ns, At safepoint: 32300 ns, Total: 291300 ns
[2022-05-19T08:17:25.219+0000][162][safepoint   ] Safepoint "Cleanup", Time since last: 167021362300 ns, Reaching safepoint: 266100 ns, At safepoint: 6600 ns, Total: 272700 ns
[2022-05-19T08:18:23.227+0000][162][safepoint   ] Safepoint "Cleanup", Time since last: 58007643700 ns, Reaching safepoint: 325000 ns, At safepoint: 9000 ns, Total: 334000 ns
[2022-05-19T08:18:55.232+0000][162][safepoint   ] Safepoint "Cleanup", Time since last: 32004406700 ns, Reaching safepoint: 203800 ns, At safepoint: 7000 ns, Total: 210800 ns
[2022-05-19T08:20:55.249+0000][162][safepoint   ] Safepoint "Cleanup", Time since last: 120015342300 ns, Reaching safepoint: 304100 ns, At safepoint: 30200 ns, Total: 334300 ns
[2022-05-19T08:21:35.255+0000][162][safepoint   ] Safepoint "Cleanup", Time since last: 40005633100 ns, Reaching safepoint: 228200 ns, At safepoint: 30200 ns, Total: 258400 ns
[2022-05-19T08:22:55.266+0000][162][safepoint   ] Safepoint "Cleanup", Time since last: 80010626800 ns, Reaching safepoint: 272600 ns, At safepoint: 11200 ns, Total: 283800 ns
[2022-05-19T08:23:08.268+0000][162][safepoint   ] Safepoint "Cleanup", Time since last: 13001820500 ns, Reaching safepoint: 219700 ns, At safepoint: 6600 ns, Total: 226300 ns
[2022-05-19T08:23:25.271+0000][162][safepoint   ] Safepoint "Cleanup", Time since last: 17002513500 ns, Reaching safepoint: 298300 ns, At safepoint: 23600 ns, Total: 321900 ns
[2022-05-19T08:24:16.279+0000][162][safepoint   ] Safepoint "Cleanup", Time since last: 51007317400 ns, Reaching safepoint: 332400 ns, At safepoint: 11400 ns, Total: 343800 ns
[2022-05-19T08:24:25.281+0000][162][safepoint   ] Safepoint "Cleanup", Time since last: 9001519400 ns, Reaching safepoint: 262800 ns, At safepoint: 6700 ns, Total: 269500 ns
[2022-05-19T08:27:05.304+0000][162][safepoint   ] Safepoint "Cleanup", Time since last: 160021091500 ns, Reaching safepoint: 282000 ns, At safepoint: 25100 ns, Total: 307100 ns
[2022-05-19T08:29:24.323+0000][162][safepoint   ] Safepoint "Cleanup", Time since last: 139018108400 ns, Reaching safepoint: 254000 ns, At safepoint: 6500 ns, Total: 260500 ns
[2022-05-19T08:29:55.327+0000][162][safepoint   ] Safepoint "Cleanup", Time since last: 31004417700 ns, Reaching safepoint: 227800 ns, At safepoint: 9700 ns, Total: 237500 ns
[2022-05-19T08:30:55.336+0000][162][safepoint   ] Safepoint "Cleanup", Time since last: 60008096600 ns, Reaching safepoint: 202000 ns, At safepoint: 7300 ns, Total: 209300 ns
[2022-05-19T08:33:55.361+0000][162][safepoint   ] Safepoint "Cleanup", Time since last: 180023628400 ns, Reaching safepoint: 205500 ns, At safepoint: 6200 ns, Total: 211700 ns
[2022-05-19T08:35:55.378+0000][162][safepoint   ] Safepoint "Cleanup", Time since last: 120015945100 ns, Reaching safepoint: 387700 ns, At safepoint: 9900 ns, Total: 397600 ns
[2022-05-19T08:39:37.408+0000][162][safepoint   ] Safepoint "Cleanup", Time since last: 222028770800 ns, Reaching safepoint: 277800 ns, At safepoint: 9100 ns, Total: 286900 ns
[2022-05-19T08:40:02.412+0000][162][safepoint   ] Safepoint "Cleanup", Time since last: 25003192500 ns, Reaching safepoint: 204300 ns, At safepoint: 7400 ns, Total: 211700 ns
[2022-05-19T08:42:25.429+0000][162][safepoint   ] Safepoint "Cleanup", Time since last: 143016425500 ns, Reaching safepoint: 189500 ns, At safepoint: 7700 ns, Total: 197200 ns
[2022-05-19T08:45:09.450+0000][162][safepoint   ] Safepoint "Cleanup", Time since last: 164020016100 ns, Reaching safepoint: 291900 ns, At safepoint: 10400 ns, Total: 302300 ns
[2022-05-19T08:46:55.463+0000][162][safepoint   ] Safepoint "Cleanup", Time since last: 106012443900 ns, Reaching safepoint: 204300 ns, At safepoint: 10200 ns, Total: 214500 ns
[2022-05-19T08:48:24.474+0000][162][safepoint   ] Safepoint "Cleanup", Time since last: 89010240700 ns, Reaching safepoint: 191800 ns, At safepoint: 7700 ns, Total: 199500 ns
[2022-05-19T08:53:18.509+0000][162][safepoint   ] Safepoint "Cleanup", Time since last: 294033247400 ns, Reaching safepoint: 194200 ns, At safepoint: 7700 ns, Total: 201900 ns
[2022-05-19T08:53:23.510+0000][162][safepoint   ] Safepoint "Cleanup", Time since last: 5000796100 ns, Reaching safepoint: 189200 ns, At safepoint: 6500 ns, Total: 195700 ns
[2022-05-19T08:54:30.518+0000][162][safepoint   ] Safepoint "Cleanup", Time since last: 67007995600 ns, Reaching safepoint: 238000 ns, At safepoint: 21400 ns, Total: 259400 ns
[2022-05-19T08:58:24.546+0000][162][safepoint   ] Safepoint "Cleanup", Time since last: 234026877100 ns, Reaching safepoint: 246600 ns, At safepoint: 7300 ns, Total: 253900 ns
[2022-05-19T08:58:25.546+0000][162][safepoint   ] Safepoint "Cleanup", Time since last: 1000444800 ns, Reaching safepoint: 266100 ns, At safepoint: 9700 ns, Total: 275800 ns
