[2022-04-22T08:39:44.712+0000][172][gc] Using G1
[2022-04-22T08:39:44.730+0000][172][gc,init] Version: 17.0.2+8 (release)
[2022-04-22T08:39:44.731+0000][172][gc,init] CPUs: 5 total, 5 available
[2022-04-22T08:39:44.732+0000][172][gc,init] Memory: 7851M
[2022-04-22T08:39:44.733+0000][172][gc,init] Large Page Support: Disabled
[2022-04-22T08:39:44.735+0000][172][gc,init] NUMA Support: Disabled
[2022-04-22T08:39:44.736+0000][172][gc,init] Compressed Oops: Enabled (32-bit)
[2022-04-22T08:39:44.737+0000][172][gc,init] Heap Region Size: 1M
[2022-04-22T08:39:44.738+0000][172][gc,init] Heap Min Capacity: 512M
[2022-04-22T08:39:44.741+0000][172][gc,init] Heap Initial Capacity: 512M
[2022-04-22T08:39:44.743+0000][172][gc,init] Heap Max Capacity: 512M
[2022-04-22T08:39:44.744+0000][172][gc,init] Pre-touch: Disabled
[2022-04-22T08:39:44.745+0000][172][gc,init] Parallel Workers: 5
[2022-04-22T08:39:44.746+0000][172][gc,init] Concurrent Workers: 1
[2022-04-22T08:39:44.747+0000][172][gc,init] Concurrent Refinement Workers: 5
[2022-04-22T08:39:44.748+0000][172][gc,init] Periodic GC: Disabled
[2022-04-22T08:39:44.749+0000][172][gc,metaspace] CDS archive(s) not mapped
[2022-04-22T08:39:44.749+0000][172][gc,metaspace] Compressed class space mapped at: 0x0000000100000000-0x0000000140000000, reserved size: 1073741824
[2022-04-22T08:39:44.750+0000][172][gc,metaspace] Narrow klass base: 0x0000000000000000, Narrow klass shift: 3, Narrow klass range: 0x140000000
[2022-04-22T08:39:44.832+0000][172][gc,heap,exit] Heap
[2022-04-22T08:39:44.833+0000][172][gc,heap,exit]  garbage-first heap   total 524288K, used 2048K [0x00000000e0000000, 0x0000000100000000)
[2022-04-22T08:39:44.834+0000][172][gc,heap,exit]   region size 1024K, 2 young (2048K), 0 survivors (0K)
[2022-04-22T08:39:44.835+0000][172][gc,heap,exit]  Metaspace       used 3477K, committed 3520K, reserved 1056768K
[2022-04-22T08:39:44.836+0000][172][gc,heap,exit]   class space    used 278K, committed 320K, reserved 1048576K
