[2022-05-06T05:02:49.693+0000][160][gc] Using G1
[2022-05-06T05:02:49.732+0000][160][gc,init] Version: 17.0.2+8 (release)
[2022-05-06T05:02:49.733+0000][160][gc,init] CPUs: 5 total, 5 available
[2022-05-06T05:02:49.734+0000][160][gc,init] Memory: 7851M
[2022-05-06T05:02:49.736+0000][160][gc,init] Large Page Support: Disabled
[2022-05-06T05:02:49.736+0000][160][gc,init] NUMA Support: Disabled
[2022-05-06T05:02:49.737+0000][160][gc,init] Compressed Oops: Enabled (32-bit)
[2022-05-06T05:02:49.738+0000][160][gc,init] Heap Region Size: 4M
[2022-05-06T05:02:49.738+0000][160][gc,init] Heap Min Capacity: 512M
[2022-05-06T05:02:49.739+0000][160][gc,init] Heap Initial Capacity: 512M
[2022-05-06T05:02:49.740+0000][160][gc,init] Heap Max Capacity: 512M
[2022-05-06T05:02:49.741+0000][160][gc,init] Pre-touch: Enabled
[2022-05-06T05:02:49.741+0000][160][gc,init] Parallel Workers: 5
[2022-05-06T05:02:49.742+0000][160][gc,init] Concurrent Workers: 1
[2022-05-06T05:02:49.743+0000][160][gc,init] Concurrent Refinement Workers: 5
[2022-05-06T05:02:49.743+0000][160][gc,init] Periodic GC: Disabled
[2022-05-06T05:02:49.744+0000][160][gc,metaspace] CDS archive(s) mapped at: [0x0000000800000000-0x0000000800bd2000-0x0000000800bd2000), size 12394496, SharedBaseAddress: 0x0000000800000000, ArchiveRelocationMode: 0.
[2022-05-06T05:02:49.745+0000][160][gc,metaspace] Compressed class space mapped at: 0x0000000800c00000-0x0000000840c00000, reserved size: 1073741824
[2022-05-06T05:02:49.746+0000][160][gc,metaspace] Narrow klass base: 0x0000000800000000, Narrow klass shift: 0, Narrow klass range: 0x100000000
[2022-05-06T05:02:49.862+0000][160][safepoint   ] Safepoint "ICBufferFull", Time since last: 111871084 ns, Reaching safepoint: 161000 ns, At safepoint: 9958 ns, Total: 170958 ns
[2022-05-06T05:02:49.920+0000][160][safepoint   ] Safepoint "ICBufferFull", Time since last: 57531708 ns, Reaching safepoint: 123042 ns, At safepoint: 3292 ns, Total: 126334 ns
[2022-05-06T05:02:49.970+0000][160][safepoint   ] Safepoint "ICBufferFull", Time since last: 49937750 ns, Reaching safepoint: 108291 ns, At safepoint: 6917 ns, Total: 115208 ns
[2022-05-06T05:02:50.052+0000][160][gc,start    ] GC(0) Pause Young (Normal) (G1 Evacuation Pause)
[2022-05-06T05:02:50.053+0000][160][gc,task     ] GC(0) Using 5 workers of 5 for evacuation
[2022-05-06T05:02:50.054+0000][160][gc,age      ] GC(0) Desired survivor size 2097152 bytes, new threshold 15 (max threshold 15)
[2022-05-06T05:02:50.058+0000][160][gc,age      ] GC(0) Age table with threshold 15 (max threshold 15)
[2022-05-06T05:02:50.059+0000][160][gc,age      ] GC(0) - age   1:    4138792 bytes,    4138792 total
[2022-05-06T05:02:50.060+0000][160][gc,phases   ] GC(0)   Pre Evacuate Collection Set: 0.1ms
[2022-05-06T05:02:50.061+0000][160][gc,phases   ] GC(0)   Merge Heap Roots: 0.1ms
[2022-05-06T05:02:50.061+0000][160][gc,phases   ] GC(0)   Evacuate Collection Set: 1.7ms
[2022-05-06T05:02:50.062+0000][160][gc,phases   ] GC(0)   Post Evacuate Collection Set: 0.4ms
[2022-05-06T05:02:50.063+0000][160][gc,phases   ] GC(0)   Other: 5.9ms
[2022-05-06T05:02:50.064+0000][160][gc,heap     ] GC(0) Eden regions: 6->0(5)
[2022-05-06T05:02:50.065+0000][160][gc,heap     ] GC(0) Survivor regions: 0->1(1)
[2022-05-06T05:02:50.065+0000][160][gc,heap     ] GC(0) Old regions: 0->1
[2022-05-06T05:02:50.066+0000][160][gc,heap     ] GC(0) Archive regions: 2->2
[2022-05-06T05:02:50.067+0000][160][gc,heap     ] GC(0) Humongous regions: 0->0
[2022-05-06T05:02:50.067+0000][160][gc,metaspace] GC(0) Metaspace: 8766K(8960K)->8766K(8960K) NonClass: 7723K(7808K)->7723K(7808K) Class: 1042K(1152K)->1042K(1152K)
[2022-05-06T05:02:50.068+0000][160][gc          ] GC(0) Pause Young (Normal) (G1 Evacuation Pause) 27M->8M(512M) 16.095ms
[2022-05-06T05:02:50.069+0000][160][gc,cpu      ] GC(0) User=0.02s Sys=0.00s Real=0.02s
[2022-05-06T05:02:50.070+0000][160][safepoint   ] Safepoint "G1CollectForAllocation", Time since last: 81769958 ns, Reaching safepoint: 101750 ns, At safepoint: 17654250 ns, Total: 17756000 ns
[2022-05-06T05:02:50.172+0000][160][safepoint   ] Safepoint "ICBufferFull", Time since last: 101814459 ns, Reaching safepoint: 157250 ns, At safepoint: 3875 ns, Total: 161125 ns
[2022-05-06T05:02:50.231+0000][160][gc,start    ] GC(1) Pause Young (Normal) (G1 Evacuation Pause)
[2022-05-06T05:02:50.233+0000][160][gc,task     ] GC(1) Using 5 workers of 5 for evacuation
[2022-05-06T05:02:50.234+0000][160][gc,age      ] GC(1) Desired survivor size 2097152 bytes, new threshold 1 (max threshold 15)
[2022-05-06T05:02:50.237+0000][160][gc,age      ] GC(1) Age table with threshold 1 (max threshold 15)
[2022-05-06T05:02:50.238+0000][160][gc,age      ] GC(1) - age   1:    1920672 bytes,    1920672 total
[2022-05-06T05:02:50.239+0000][160][gc,phases   ] GC(1)   Pre Evacuate Collection Set: 0.0ms
[2022-05-06T05:02:50.240+0000][160][gc,phases   ] GC(1)   Merge Heap Roots: 0.1ms
[2022-05-06T05:02:50.241+0000][160][gc,phases   ] GC(1)   Evacuate Collection Set: 2.3ms
[2022-05-06T05:02:50.242+0000][160][gc,phases   ] GC(1)   Post Evacuate Collection Set: 0.8ms
[2022-05-06T05:02:50.242+0000][160][gc,phases   ] GC(1)   Other: 4.8ms
[2022-05-06T05:02:50.243+0000][160][gc,heap     ] GC(1) Eden regions: 5->0(7)
[2022-05-06T05:02:50.244+0000][160][gc,heap     ] GC(1) Survivor regions: 1->1(1)
[2022-05-06T05:02:50.244+0000][160][gc,heap     ] GC(1) Old regions: 1->2
[2022-05-06T05:02:50.245+0000][160][gc,heap     ] GC(1) Archive regions: 2->2
[2022-05-06T05:02:50.246+0000][160][gc,heap     ] GC(1) Humongous regions: 0->0
[2022-05-06T05:02:50.247+0000][160][gc,metaspace] GC(1) Metaspace: 12213K(12416K)->12213K(12416K) NonClass: 10718K(10816K)->10718K(10816K) Class: 1495K(1600K)->1495K(1600K)
[2022-05-06T05:02:50.247+0000][160][gc          ] GC(1) Pause Young (Normal) (G1 Evacuation Pause) 28M->10M(512M) 15.891ms
[2022-05-06T05:02:50.248+0000][160][gc,cpu      ] GC(1) User=0.01s Sys=0.00s Real=0.02s
[2022-05-06T05:02:50.249+0000][160][safepoint   ] Safepoint "G1CollectForAllocation", Time since last: 59515000 ns, Reaching safepoint: 261041 ns, At safepoint: 17333917 ns, Total: 17594958 ns
[2022-05-06T05:02:50.457+0000][160][safepoint   ] Safepoint "ICBufferFull", Time since last: 208171084 ns, Reaching safepoint: 134583 ns, At safepoint: 15125 ns, Total: 149708 ns
[2022-05-06T05:02:50.491+0000][160][gc,start    ] GC(2) Pause Young (Normal) (G1 Evacuation Pause)
[2022-05-06T05:02:50.492+0000][160][gc,task     ] GC(2) Using 5 workers of 5 for evacuation
[2022-05-06T05:02:50.493+0000][160][gc,age      ] GC(2) Desired survivor size 2097152 bytes, new threshold 15 (max threshold 15)
[2022-05-06T05:02:50.496+0000][160][gc,age      ] GC(2) Age table with threshold 15 (max threshold 15)
[2022-05-06T05:02:50.498+0000][160][gc,age      ] GC(2) - age   1:     920520 bytes,     920520 total
[2022-05-06T05:02:50.498+0000][160][gc,age      ] GC(2) - age   2:    1884032 bytes,    2804552 total
[2022-05-06T05:02:50.499+0000][160][gc,phases   ] GC(2)   Pre Evacuate Collection Set: 0.0ms
[2022-05-06T05:02:50.500+0000][160][gc,phases   ] GC(2)   Merge Heap Roots: 0.1ms
[2022-05-06T05:02:50.501+0000][160][gc,phases   ] GC(2)   Evacuate Collection Set: 1.9ms
[2022-05-06T05:02:50.501+0000][160][gc,phases   ] GC(2)   Post Evacuate Collection Set: 0.8ms
[2022-05-06T05:02:50.502+0000][160][gc,phases   ] GC(2)   Other: 5.3ms
[2022-05-06T05:02:50.503+0000][160][gc,heap     ] GC(2) Eden regions: 7->0(26)
[2022-05-06T05:02:50.504+0000][160][gc,heap     ] GC(2) Survivor regions: 1->1(1)
[2022-05-06T05:02:50.505+0000][160][gc,heap     ] GC(2) Old regions: 2->2
[2022-05-06T05:02:50.505+0000][160][gc,heap     ] GC(2) Archive regions: 2->2
[2022-05-06T05:02:50.506+0000][160][gc,heap     ] GC(2) Humongous regions: 0->0
[2022-05-06T05:02:50.506+0000][160][gc,metaspace] GC(2) Metaspace: 14674K(14976K)->14674K(14976K) NonClass: 12927K(13056K)->12927K(13056K) Class: 1747K(1920K)->1747K(1920K)
[2022-05-06T05:02:50.507+0000][160][gc          ] GC(2) Pause Young (Normal) (G1 Evacuation Pause) 38M->10M(512M) 16.053ms
[2022-05-06T05:02:50.508+0000][160][gc,cpu      ] GC(2) User=0.01s Sys=0.00s Real=0.01s
[2022-05-06T05:02:50.508+0000][160][safepoint   ] Safepoint "G1CollectForAllocation", Time since last: 33871750 ns, Reaching safepoint: 83250 ns, At safepoint: 17322625 ns, Total: 17405875 ns
[2022-05-06T05:02:50.675+0000][160][safepoint   ] Safepoint "ICBufferFull", Time since last: 166370083 ns, Reaching safepoint: 143959 ns, At safepoint: 13291 ns, Total: 157250 ns
[2022-05-06T05:02:50.713+0000][160][safepoint   ] Safepoint "ICBufferFull", Time since last: 37596709 ns, Reaching safepoint: 162791 ns, At safepoint: 9084 ns, Total: 171875 ns
[2022-05-06T05:02:50.719+0000][160][safepoint   ] Safepoint "ICBufferFull", Time since last: 6233125 ns, Reaching safepoint: 43750 ns, At safepoint: 2208 ns, Total: 45958 ns
[2022-05-06T05:02:50.720+0000][160][safepoint   ] Safepoint "ICBufferFull", Time since last: 1286000 ns, Reaching safepoint: 17333 ns, At safepoint: 1042 ns, Total: 18375 ns
[2022-05-06T05:02:50.721+0000][160][safepoint   ] Safepoint "ICBufferFull", Time since last: 1117333 ns, Reaching safepoint: 42167 ns, At safepoint: 1542 ns, Total: 43709 ns
[2022-05-06T05:02:50.723+0000][160][safepoint   ] Safepoint "ICBufferFull", Time since last: 1988333 ns, Reaching safepoint: 151458 ns, At safepoint: 2459 ns, Total: 153917 ns
[2022-05-06T05:02:50.725+0000][160][safepoint   ] Safepoint "ICBufferFull", Time since last: 1420958 ns, Reaching safepoint: 25500 ns, At safepoint: 1625 ns, Total: 27125 ns
[2022-05-06T05:02:50.726+0000][160][safepoint   ] Safepoint "ICBufferFull", Time since last: 1377208 ns, Reaching safepoint: 29750 ns, At safepoint: 1334 ns, Total: 31084 ns
[2022-05-06T05:02:50.727+0000][160][safepoint   ] Safepoint "ICBufferFull", Time since last: 1124208 ns, Reaching safepoint: 56458 ns, At safepoint: 1500 ns, Total: 57958 ns
[2022-05-06T05:02:50.728+0000][160][safepoint   ] Safepoint "ICBufferFull", Time since last: 879042 ns, Reaching safepoint: 85667 ns, At safepoint: 2875 ns, Total: 88542 ns
[2022-05-06T05:02:50.730+0000][160][safepoint   ] Safepoint "ICBufferFull", Time since last: 1342791 ns, Reaching safepoint: 71917 ns, At safepoint: 2583 ns, Total: 74500 ns
[2022-05-06T05:02:50.731+0000][160][safepoint   ] Safepoint "ICBufferFull", Time since last: 865542 ns, Reaching safepoint: 133500 ns, At safepoint: 2583 ns, Total: 136083 ns
[2022-05-06T05:02:50.757+0000][160][gc,start    ] GC(3) Pause Young (Normal) (G1 Evacuation Pause)
[2022-05-06T05:02:50.758+0000][160][gc,task     ] GC(3) Using 5 workers of 5 for evacuation
[2022-05-06T05:02:50.760+0000][160][gc,age      ] GC(3) Desired survivor size 8388608 bytes, new threshold 15 (max threshold 15)
[2022-05-06T05:02:50.764+0000][160][gc,age      ] GC(3) Age table with threshold 15 (max threshold 15)
[2022-05-06T05:02:50.765+0000][160][gc,age      ] GC(3) - age   1:    3037192 bytes,    3037192 total
[2022-05-06T05:02:50.766+0000][160][gc,age      ] GC(3) - age   2:     833144 bytes,    3870336 total
[2022-05-06T05:02:50.767+0000][160][gc,age      ] GC(3) - age   3:    1882240 bytes,    5752576 total
[2022-05-06T05:02:50.767+0000][160][gc,phases   ] GC(3)   Pre Evacuate Collection Set: 0.3ms
[2022-05-06T05:02:50.768+0000][160][gc,phases   ] GC(3)   Merge Heap Roots: 0.2ms
[2022-05-06T05:02:50.769+0000][160][gc,phases   ] GC(3)   Evacuate Collection Set: 2.4ms
[2022-05-06T05:02:50.769+0000][160][gc,phases   ] GC(3)   Post Evacuate Collection Set: 0.7ms
[2022-05-06T05:02:50.770+0000][160][gc,phases   ] GC(3)   Other: 6.7ms
[2022-05-06T05:02:50.771+0000][160][gc,heap     ] GC(3) Eden regions: 26->0(74)
[2022-05-06T05:02:50.771+0000][160][gc,heap     ] GC(3) Survivor regions: 1->2(4)
[2022-05-06T05:02:50.772+0000][160][gc,heap     ] GC(3) Old regions: 2->2
[2022-05-06T05:02:50.773+0000][160][gc,heap     ] GC(3) Archive regions: 2->2
[2022-05-06T05:02:50.774+0000][160][gc,heap     ] GC(3) Humongous regions: 0->0
[2022-05-06T05:02:50.774+0000][160][gc,metaspace] GC(3) Metaspace: 17152K(17472K)->17152K(17472K) NonClass: 15118K(15296K)->15118K(15296K) Class: 2034K(2176K)->2034K(2176K)
[2022-05-06T05:02:50.775+0000][160][gc          ] GC(3) Pause Young (Normal) (G1 Evacuation Pause) 114M->13M(512M) 17.313ms
[2022-05-06T05:02:50.776+0000][160][gc,cpu      ] GC(3) User=0.01s Sys=0.00s Real=0.02s
[2022-05-06T05:02:50.777+0000][160][safepoint   ] Safepoint "G1CollectForAllocation", Time since last: 26355209 ns, Reaching safepoint: 115541 ns, At safepoint: 19414667 ns, Total: 19530208 ns
[2022-05-06T05:02:50.942+0000][160][safepoint   ] Safepoint "ICBufferFull", Time since last: 165066375 ns, Reaching safepoint: 144625 ns, At safepoint: 2500 ns, Total: 147125 ns
[2022-05-06T05:02:51.072+0000][160][gc,start    ] GC(4) Pause Young (Normal) (G1 Evacuation Pause)
[2022-05-06T05:02:51.074+0000][160][gc,task     ] GC(4) Using 5 workers of 5 for evacuation
[2022-05-06T05:02:51.075+0000][160][gc,age      ] GC(4) Desired survivor size 20971520 bytes, new threshold 15 (max threshold 15)
[2022-05-06T05:02:51.080+0000][160][gc,age      ] GC(4) Age table with threshold 15 (max threshold 15)
[2022-05-06T05:02:51.082+0000][160][gc,age      ] GC(4) - age   1:    6026944 bytes,    6026944 total
[2022-05-06T05:02:51.083+0000][160][gc,age      ] GC(4) - age   2:    2313216 bytes,    8340160 total
[2022-05-06T05:02:51.083+0000][160][gc,age      ] GC(4) - age   3:     832848 bytes,    9173008 total
[2022-05-06T05:02:51.084+0000][160][gc,age      ] GC(4) - age   4:    1881456 bytes,   11054464 total
[2022-05-06T05:02:51.085+0000][160][gc,phases   ] GC(4)   Pre Evacuate Collection Set: 0.1ms
[2022-05-06T05:02:51.086+0000][160][gc,phases   ] GC(4)   Merge Heap Roots: 0.1ms
[2022-05-06T05:02:51.087+0000][160][gc,phases   ] GC(4)   Evacuate Collection Set: 3.8ms
[2022-05-06T05:02:51.088+0000][160][gc,phases   ] GC(4)   Post Evacuate Collection Set: 0.9ms
[2022-05-06T05:02:51.089+0000][160][gc,phases   ] GC(4)   Other: 7.8ms
[2022-05-06T05:02:51.090+0000][160][gc,heap     ] GC(4) Eden regions: 74->0(73)
[2022-05-06T05:02:51.090+0000][160][gc,heap     ] GC(4) Survivor regions: 2->3(10)
[2022-05-06T05:02:51.091+0000][160][gc,heap     ] GC(4) Old regions: 2->2
[2022-05-06T05:02:51.091+0000][160][gc,heap     ] GC(4) Archive regions: 2->2
[2022-05-06T05:02:51.092+0000][160][gc,heap     ] GC(4) Humongous regions: 0->0
[2022-05-06T05:02:51.093+0000][160][gc,metaspace] GC(4) Metaspace: 18733K(19136K)->18733K(19136K) NonClass: 16452K(16704K)->16452K(16704K) Class: 2280K(2432K)->2280K(2432K)
[2022-05-06T05:02:51.094+0000][160][gc          ] GC(4) Pause Young (Normal) (G1 Evacuation Pause) 309M->19M(512M) 21.623ms
[2022-05-06T05:02:51.095+0000][160][gc,cpu      ] GC(4) User=0.03s Sys=0.00s Real=0.02s
[2022-05-06T05:02:51.096+0000][160][safepoint   ] Safepoint "G1CollectForAllocation", Time since last: 130348500 ns, Reaching safepoint: 146583 ns, At safepoint: 23501834 ns, Total: 23648417 ns
[2022-05-06T05:02:51.305+0000][160][safepoint   ] Safepoint "ICBufferFull", Time since last: 209011833 ns, Reaching safepoint: 246500 ns, At safepoint: 2875 ns, Total: 249375 ns
[2022-05-06T05:02:51.327+0000][160][gc,start    ] GC(5) Pause Young (Normal) (G1 Evacuation Pause)
[2022-05-06T05:02:51.328+0000][160][gc,task     ] GC(5) Using 5 workers of 5 for evacuation
[2022-05-06T05:02:51.330+0000][160][gc,age      ] GC(5) Desired survivor size 20971520 bytes, new threshold 15 (max threshold 15)
[2022-05-06T05:02:51.334+0000][160][gc,age      ] GC(5) Age table with threshold 15 (max threshold 15)
[2022-05-06T05:02:51.335+0000][160][gc,age      ] GC(5) - age   1:    3246792 bytes,    3246792 total
[2022-05-06T05:02:51.337+0000][160][gc,age      ] GC(5) - age   2:    5114464 bytes,    8361256 total
[2022-05-06T05:02:51.338+0000][160][gc,age      ] GC(5) - age   3:    2312752 bytes,   10674008 total
[2022-05-06T05:02:51.339+0000][160][gc,age      ] GC(5) - age   4:     832576 bytes,   11506584 total
[2022-05-06T05:02:51.340+0000][160][gc,age      ] GC(5) - age   5:    1881392 bytes,   13387976 total
[2022-05-06T05:02:51.341+0000][160][gc,phases   ] GC(5)   Pre Evacuate Collection Set: 0.1ms
[2022-05-06T05:02:51.342+0000][160][gc,phases   ] GC(5)   Merge Heap Roots: 0.0ms
[2022-05-06T05:02:51.343+0000][160][gc,phases   ] GC(5)   Evacuate Collection Set: 2.8ms
[2022-05-06T05:02:51.343+0000][160][gc,phases   ] GC(5)   Post Evacuate Collection Set: 0.9ms
[2022-05-06T05:02:51.345+0000][160][gc,phases   ] GC(5)   Other: 9.8ms
[2022-05-06T05:02:51.345+0000][160][gc,heap     ] GC(5) Eden regions: 73->0(72)
[2022-05-06T05:02:51.346+0000][160][gc,heap     ] GC(5) Survivor regions: 3->4(10)
[2022-05-06T05:02:51.347+0000][160][gc,heap     ] GC(5) Old regions: 2->2
[2022-05-06T05:02:51.348+0000][160][gc,heap     ] GC(5) Archive regions: 2->2
[2022-05-06T05:02:51.348+0000][160][gc,heap     ] GC(5) Humongous regions: 0->0
[2022-05-06T05:02:51.349+0000][160][gc,metaspace] GC(5) Metaspace: 19678K(20096K)->19678K(20096K) NonClass: 17261K(17536K)->17261K(17536K) Class: 2417K(2560K)->2417K(2560K)
[2022-05-06T05:02:51.350+0000][160][gc          ] GC(5) Pause Young (Normal) (G1 Evacuation Pause) 311M->21M(512M) 22.936ms
[2022-05-06T05:02:51.351+0000][160][gc,cpu      ] GC(5) User=0.02s Sys=0.00s Real=0.03s
[2022-05-06T05:02:51.351+0000][160][safepoint   ] Safepoint "G1CollectForAllocation", Time since last: 21625417 ns, Reaching safepoint: 135917 ns, At safepoint: 24317666 ns, Total: 24453583 ns
[2022-05-06T05:02:51.562+0000][160][safepoint   ] Safepoint "ICBufferFull", Time since last: 210125792 ns, Reaching safepoint: 300458 ns, At safepoint: 11417 ns, Total: 311875 ns
[2022-05-06T05:02:51.586+0000][160][gc,start    ] GC(6) Pause Young (Normal) (G1 Evacuation Pause)
[2022-05-06T05:02:51.588+0000][160][gc,task     ] GC(6) Using 5 workers of 5 for evacuation
[2022-05-06T05:02:51.589+0000][160][gc,age      ] GC(6) Desired survivor size 20971520 bytes, new threshold 15 (max threshold 15)
[2022-05-06T05:02:51.594+0000][160][gc,age      ] GC(6) Age table with threshold 15 (max threshold 15)
[2022-05-06T05:02:51.596+0000][160][gc,age      ] GC(6) - age   1:    2825816 bytes,    2825816 total
[2022-05-06T05:02:51.598+0000][160][gc,age      ] GC(6) - age   2:    1311848 bytes,    4137664 total
[2022-05-06T05:02:51.599+0000][160][gc,age      ] GC(6) - age   3:    5109368 bytes,    9247032 total
[2022-05-06T05:02:51.599+0000][160][gc,age      ] GC(6) - age   4:    2311328 bytes,   11558360 total
[2022-05-06T05:02:51.601+0000][160][gc,age      ] GC(6) - age   5:     831896 bytes,   12390256 total
[2022-05-06T05:02:51.602+0000][160][gc,age      ] GC(6) - age   6:    1881088 bytes,   14271344 total
[2022-05-06T05:02:51.602+0000][160][gc,phases   ] GC(6)   Pre Evacuate Collection Set: 0.2ms
[2022-05-06T05:02:51.603+0000][160][gc,phases   ] GC(6)   Merge Heap Roots: 0.4ms
[2022-05-06T05:02:51.603+0000][160][gc,phases   ] GC(6)   Evacuate Collection Set: 3.0ms
[2022-05-06T05:02:51.604+0000][160][gc,phases   ] GC(6)   Post Evacuate Collection Set: 0.8ms
[2022-05-06T05:02:51.605+0000][160][gc,phases   ] GC(6)   Other: 11.6ms
[2022-05-06T05:02:51.605+0000][160][gc,heap     ] GC(6) Eden regions: 72->0(72)
[2022-05-06T05:02:51.606+0000][160][gc,heap     ] GC(6) Survivor regions: 4->4(10)
[2022-05-06T05:02:51.607+0000][160][gc,heap     ] GC(6) Old regions: 2->2
[2022-05-06T05:02:51.608+0000][160][gc,heap     ] GC(6) Archive regions: 2->2
[2022-05-06T05:02:51.609+0000][160][gc,heap     ] GC(6) Humongous regions: 0->0
[2022-05-06T05:02:51.610+0000][160][gc,metaspace] GC(6) Metaspace: 20841K(21312K)->20841K(21312K) NonClass: 18264K(18560K)->18264K(18560K) Class: 2577K(2752K)->2577K(2752K)
[2022-05-06T05:02:51.610+0000][160][gc          ] GC(6) Pause Young (Normal) (G1 Evacuation Pause) 309M->22M(512M) 24.247ms
[2022-05-06T05:02:51.611+0000][160][gc,cpu      ] GC(6) User=0.01s Sys=0.00s Real=0.03s
[2022-05-06T05:02:51.612+0000][160][safepoint   ] Safepoint "G1CollectForAllocation", Time since last: 24219417 ns, Reaching safepoint: 262458 ns, At safepoint: 25648583 ns, Total: 25911041 ns
[2022-05-06T05:02:51.773+0000][160][gc,start    ] GC(7) Pause Young (Concurrent Start) (Metadata GC Threshold)
[2022-05-06T05:02:51.774+0000][160][gc,task     ] GC(7) Using 5 workers of 5 for evacuation
[2022-05-06T05:02:51.775+0000][160][gc,age      ] GC(7) Desired survivor size 20971520 bytes, new threshold 15 (max threshold 15)
[2022-05-06T05:02:51.781+0000][160][gc,age      ] GC(7) Age table with threshold 15 (max threshold 15)
[2022-05-06T05:02:51.783+0000][160][gc,age      ] GC(7) - age   1:     791400 bytes,     791400 total
[2022-05-06T05:02:51.784+0000][160][gc,age      ] GC(7) - age   2:    2191360 bytes,    2982760 total
[2022-05-06T05:02:51.785+0000][160][gc,age      ] GC(7) - age   3:    1311304 bytes,    4294064 total
[2022-05-06T05:02:51.785+0000][160][gc,age      ] GC(7) - age   4:    5109128 bytes,    9403192 total
[2022-05-06T05:02:51.786+0000][160][gc,age      ] GC(7) - age   5:    2311248 bytes,   11714440 total
[2022-05-06T05:02:51.787+0000][160][gc,age      ] GC(7) - age   6:     831896 bytes,   12546336 total
[2022-05-06T05:02:51.788+0000][160][gc,age      ] GC(7) - age   7:    1881088 bytes,   14427424 total
[2022-05-06T05:02:51.788+0000][160][gc,phases   ] GC(7)   Pre Evacuate Collection Set: 0.4ms
[2022-05-06T05:02:51.789+0000][160][gc,phases   ] GC(7)   Merge Heap Roots: 0.3ms
[2022-05-06T05:02:51.790+0000][160][gc,phases   ] GC(7)   Evacuate Collection Set: 2.8ms
[2022-05-06T05:02:51.790+0000][160][gc,phases   ] GC(7)   Post Evacuate Collection Set: 1.0ms
[2022-05-06T05:02:51.791+0000][160][gc,phases   ] GC(7)   Other: 11.3ms
[2022-05-06T05:02:51.791+0000][160][gc,heap     ] GC(7) Eden regions: 64->0(72)
[2022-05-06T05:02:51.792+0000][160][gc,heap     ] GC(7) Survivor regions: 4->4(10)
[2022-05-06T05:02:51.793+0000][160][gc,heap     ] GC(7) Old regions: 2->2
[2022-05-06T05:02:51.794+0000][160][gc,heap     ] GC(7) Archive regions: 2->2
[2022-05-06T05:02:51.794+0000][160][gc,heap     ] GC(7) Humongous regions: 0->0
[2022-05-06T05:02:51.795+0000][160][gc,metaspace] GC(7) Metaspace: 20996K(21504K)->20996K(21504K) NonClass: 18389K(18688K)->18389K(18688K) Class: 2606K(2816K)->2606K(2816K)
[2022-05-06T05:02:51.796+0000][160][gc          ] GC(7) Pause Young (Concurrent Start) (Metadata GC Threshold) 276M->22M(512M) 23.023ms
[2022-05-06T05:02:51.796+0000][160][gc,cpu      ] GC(7) User=0.02s Sys=0.01s Real=0.02s
[2022-05-06T05:02:51.797+0000][160][safepoint   ] Safepoint "CollectForMetadataAllocation", Time since last: 160480375 ns, Reaching safepoint: 166792 ns, At safepoint: 24289708 ns, Total: 24456500 ns
[2022-05-06T05:02:51.797+0000][160][gc          ] GC(8) Concurrent Mark Cycle
[2022-05-06T05:02:51.798+0000][160][gc,marking  ] GC(8) Concurrent Clear Claimed Marks
[2022-05-06T05:02:51.798+0000][160][gc,marking  ] GC(8) Concurrent Clear Claimed Marks 0.555ms
[2022-05-06T05:02:51.799+0000][160][gc,marking  ] GC(8) Concurrent Scan Root Regions
[2022-05-06T05:02:51.802+0000][160][gc,marking  ] GC(8) Concurrent Scan Root Regions 3.430ms
[2022-05-06T05:02:51.803+0000][160][gc,marking  ] GC(8) Concurrent Mark
[2022-05-06T05:02:51.804+0000][160][gc,marking  ] GC(8) Concurrent Mark From Roots
[2022-05-06T05:02:51.804+0000][160][gc,task     ] GC(8) Using 1 workers of 1 for marking
[2022-05-06T05:02:51.808+0000][160][gc,marking  ] GC(8) Concurrent Mark From Roots 4.388ms
[2022-05-06T05:02:51.809+0000][160][gc,marking  ] GC(8) Concurrent Preclean
[2022-05-06T05:02:51.810+0000][160][gc,marking  ] GC(8) Concurrent Preclean 0.745ms
[2022-05-06T05:02:51.811+0000][160][gc,start    ] GC(8) Pause Remark
[2022-05-06T05:02:51.813+0000][160][gc          ] GC(8) Pause Remark 26M->26M(512M) 2.589ms
[2022-05-06T05:02:51.814+0000][160][gc,cpu      ] GC(8) User=0.01s Sys=0.00s Real=0.00s
[2022-05-06T05:02:51.815+0000][160][safepoint   ] Safepoint "G1Concurrent", Time since last: 13657792 ns, Reaching safepoint: 286292 ns, At safepoint: 3999291 ns, Total: 4285583 ns
[2022-05-06T05:02:51.815+0000][160][gc,marking  ] GC(8) Concurrent Mark 12.419ms
[2022-05-06T05:02:51.816+0000][160][gc,marking  ] GC(8) Concurrent Rebuild Remembered Sets
[2022-05-06T05:02:51.819+0000][160][gc,marking  ] GC(8) Concurrent Rebuild Remembered Sets 2.373ms
[2022-05-06T05:02:51.820+0000][160][gc,start    ] GC(8) Pause Cleanup
[2022-05-06T05:02:51.820+0000][160][gc          ] GC(8) Pause Cleanup 26M->26M(512M) 0.661ms
[2022-05-06T05:02:51.821+0000][160][gc,cpu      ] GC(8) User=0.01s Sys=0.00s Real=0.00s
[2022-05-06T05:02:51.823+0000][160][safepoint   ] Safepoint "G1Concurrent", Time since last: 4622334 ns, Reaching safepoint: 261083 ns, At safepoint: 3503250 ns, Total: 3764333 ns
[2022-05-06T05:02:51.824+0000][160][gc,marking  ] GC(8) Concurrent Cleanup for Next Mark
[2022-05-06T05:02:51.824+0000][160][gc,marking  ] GC(8) Concurrent Cleanup for Next Mark 0.865ms
[2022-05-06T05:02:51.825+0000][160][gc          ] GC(8) Concurrent Mark Cycle 28.518ms
[2022-05-06T05:02:52.479+0000][160][safepoint   ] Safepoint "ICBufferFull", Time since last: 655925250 ns, Reaching safepoint: 176875 ns, At safepoint: 10084 ns, Total: 186959 ns
[2022-05-06T05:02:52.596+0000][160][safepoint   ] Safepoint "ICBufferFull", Time since last: 116915167 ns, Reaching safepoint: 147875 ns, At safepoint: 2125 ns, Total: 150000 ns
[2022-05-06T05:02:52.599+0000][160][safepoint   ] Safepoint "ICBufferFull", Time since last: 2266583 ns, Reaching safepoint: 267042 ns, At safepoint: 31375 ns, Total: 298417 ns
[2022-05-06T05:02:52.601+0000][160][safepoint   ] Safepoint "ICBufferFull", Time since last: 1747125 ns, Reaching safepoint: 37875 ns, At safepoint: 1791 ns, Total: 39666 ns
[2022-05-06T05:02:52.604+0000][160][safepoint   ] Safepoint "ICBufferFull", Time since last: 1390875 ns, Reaching safepoint: 1634625 ns, At safepoint: 5084 ns, Total: 1639709 ns
[2022-05-06T05:02:52.606+0000][160][safepoint   ] Safepoint "ICBufferFull", Time since last: 2291750 ns, Reaching safepoint: 176666 ns, At safepoint: 5750 ns, Total: 182416 ns
[2022-05-06T05:02:52.608+0000][160][safepoint   ] Safepoint "ICBufferFull", Time since last: 1638667 ns, Reaching safepoint: 281375 ns, At safepoint: 2542 ns, Total: 283917 ns
[2022-05-06T05:02:52.610+0000][160][safepoint   ] Safepoint "ICBufferFull", Time since last: 1556458 ns, Reaching safepoint: 178167 ns, At safepoint: 2833 ns, Total: 181000 ns
[2022-05-06T05:02:52.616+0000][160][safepoint   ] Safepoint "ICBufferFull", Time since last: 6353958 ns, Reaching safepoint: 135542 ns, At safepoint: 3542 ns, Total: 139084 ns
[2022-05-06T05:02:52.623+0000][160][safepoint   ] Safepoint "ICBufferFull", Time since last: 6430500 ns, Reaching safepoint: 168916 ns, At safepoint: 11084 ns, Total: 180000 ns
[2022-05-06T05:02:52.625+0000][160][safepoint   ] Safepoint "ICBufferFull", Time since last: 1386791 ns, Reaching safepoint: 381625 ns, At safepoint: 3584 ns, Total: 385209 ns
[2022-05-06T05:02:52.627+0000][160][safepoint   ] Safepoint "ICBufferFull", Time since last: 1865041 ns, Reaching safepoint: 203084 ns, At safepoint: 3416 ns, Total: 206500 ns
[2022-05-06T05:02:52.644+0000][160][safepoint   ] Safepoint "ICBufferFull", Time since last: 16924625 ns, Reaching safepoint: 132834 ns, At safepoint: 2791 ns, Total: 135625 ns
[2022-05-06T05:02:52.649+0000][160][safepoint   ] Safepoint "ICBufferFull", Time since last: 5411209 ns, Reaching safepoint: 247958 ns, At safepoint: 12875 ns, Total: 260833 ns
[2022-05-06T05:02:52.656+0000][160][safepoint   ] Safepoint "ICBufferFull", Time since last: 6249208 ns, Reaching safepoint: 62875 ns, At safepoint: 2125 ns, Total: 65000 ns
[2022-05-06T05:02:52.660+0000][160][safepoint   ] Safepoint "ICBufferFull", Time since last: 3827375 ns, Reaching safepoint: 145292 ns, At safepoint: 14375 ns, Total: 159667 ns
[2022-05-06T05:02:52.892+0000][160][safepoint   ] Safepoint "ICBufferFull", Time since last: 231677458 ns, Reaching safepoint: 229417 ns, At safepoint: 4333 ns, Total: 233750 ns
[2022-05-06T05:02:53.161+0000][160][safepoint   ] Safepoint "ICBufferFull", Time since last: 268865250 ns, Reaching safepoint: 145500 ns, At safepoint: 3209 ns, Total: 148709 ns
[2022-05-06T05:02:53.339+0000][160][safepoint   ] Safepoint "ICBufferFull", Time since last: 177794958 ns, Reaching safepoint: 234417 ns, At safepoint: 19417 ns, Total: 253834 ns
[2022-05-06T05:02:53.543+0000][160][safepoint   ] Safepoint "ICBufferFull", Time since last: 204082250 ns, Reaching safepoint: 207458 ns, At safepoint: 3125 ns, Total: 210583 ns
[2022-05-06T05:02:53.678+0000][160][gc,start    ] GC(9) Pause Young (Concurrent Start) (Metadata GC Threshold)
[2022-05-06T05:02:53.681+0000][160][gc,task     ] GC(9) Using 5 workers of 5 for evacuation
[2022-05-06T05:02:53.682+0000][160][gc,age      ] GC(9) Desired survivor size 20971520 bytes, new threshold 15 (max threshold 15)
[2022-05-06T05:02:53.708+0000][160][gc,age      ] GC(9) Age table with threshold 15 (max threshold 15)
[2022-05-06T05:02:53.710+0000][160][gc,age      ] GC(9) - age   1:   27278120 bytes,   27278120 total
[2022-05-06T05:02:53.711+0000][160][gc,age      ] GC(9) - age   2:     766008 bytes,   28044128 total
[2022-05-06T05:02:53.713+0000][160][gc,age      ] GC(9) - age   3:    2157912 bytes,   30202040 total
[2022-05-06T05:02:53.713+0000][160][gc,age      ] GC(9) - age   4:    1295896 bytes,   31497936 total
[2022-05-06T05:02:53.714+0000][160][gc,age      ] GC(9) - age   5:    5067712 bytes,   36565648 total
[2022-05-06T05:02:53.716+0000][160][gc,age      ] GC(9) - age   6:    2234048 bytes,   38799696 total
[2022-05-06T05:02:53.717+0000][160][gc,age      ] GC(9) - age   7:     799216 bytes,   39598912 total
[2022-05-06T05:02:53.718+0000][160][gc,age      ] GC(9) - age   8:    1873448 bytes,   41472360 total
[2022-05-06T05:02:53.719+0000][160][gc,phases   ] GC(9)   Pre Evacuate Collection Set: 0.2ms
[2022-05-06T05:02:53.719+0000][160][gc,phases   ] GC(9)   Merge Heap Roots: 0.0ms
[2022-05-06T05:02:53.720+0000][160][gc,phases   ] GC(9)   Evacuate Collection Set: 19.6ms
[2022-05-06T05:02:53.721+0000][160][gc,phases   ] GC(9)   Post Evacuate Collection Set: 1.6ms
[2022-05-06T05:02:53.722+0000][160][gc,phases   ] GC(9)   Other: 20.0ms
[2022-05-06T05:02:53.722+0000][160][gc,heap     ] GC(9) Eden regions: 71->0(66)
[2022-05-06T05:02:53.723+0000][160][gc,heap     ] GC(9) Survivor regions: 4->10(10)
[2022-05-06T05:02:53.724+0000][160][gc,heap     ] GC(9) Old regions: 2->2
[2022-05-06T05:02:53.725+0000][160][gc,heap     ] GC(9) Archive regions: 2->2
[2022-05-06T05:02:53.725+0000][160][gc,heap     ] GC(9) Humongous regions: 0->0
[2022-05-06T05:02:53.726+0000][160][gc,metaspace] GC(9) Metaspace: 35170K(36160K)->35170K(36160K) NonClass: 30501K(31104K)->30501K(31104K) Class: 4668K(5056K)->4668K(5056K)
[2022-05-06T05:02:53.727+0000][160][gc          ] GC(9) Pause Young (Concurrent Start) (Metadata GC Threshold) 304M->48M(512M) 49.097ms
[2022-05-06T05:02:53.727+0000][160][gc,cpu      ] GC(9) User=0.12s Sys=0.00s Real=0.05s
[2022-05-06T05:02:53.728+0000][160][gc          ] GC(10) Concurrent Mark Cycle
[2022-05-06T05:02:53.728+0000][160][gc,marking  ] GC(10) Concurrent Clear Claimed Marks
[2022-05-06T05:02:53.728+0000][160][safepoint   ] Safepoint "CollectForMetadataAllocation", Time since last: 134421458 ns, Reaching safepoint: 81042 ns, At safepoint: 50264583 ns, Total: 50345625 ns
[2022-05-06T05:02:53.730+0000][160][gc,marking  ] GC(10) Concurrent Clear Claimed Marks 1.122ms
[2022-05-06T05:02:53.732+0000][160][gc,marking  ] GC(10) Concurrent Scan Root Regions
[2022-05-06T05:02:53.742+0000][160][safepoint   ] Safepoint "CollectForMetadataAllocation", Time since last: 13755667 ns, Reaching safepoint: 68375 ns, At safepoint: 44417 ns, Total: 112792 ns
[2022-05-06T05:02:53.748+0000][160][gc,marking  ] GC(10) Concurrent Scan Root Regions 16.847ms
[2022-05-06T05:02:53.750+0000][160][gc,marking  ] GC(10) Concurrent Mark
[2022-05-06T05:02:53.753+0000][160][gc,marking  ] GC(10) Concurrent Mark From Roots
[2022-05-06T05:02:53.754+0000][160][gc,task     ] GC(10) Using 1 workers of 1 for marking
[2022-05-06T05:02:53.759+0000][160][safepoint   ] Safepoint "CollectForMetadataAllocation", Time since last: 17115708 ns, Reaching safepoint: 104625 ns, At safepoint: 55375 ns, Total: 160000 ns
[2022-05-06T05:02:53.760+0000][160][gc,marking  ] GC(10) Concurrent Mark From Roots 6.685ms
[2022-05-06T05:02:53.762+0000][160][gc,marking  ] GC(10) Concurrent Preclean
[2022-05-06T05:02:53.763+0000][160][gc,marking  ] GC(10) Concurrent Preclean 1.147ms
[2022-05-06T05:02:53.765+0000][160][gc,start    ] GC(10) Pause Remark
[2022-05-06T05:02:53.769+0000][160][gc          ] GC(10) Pause Remark 52M->52M(512M) 4.087ms
[2022-05-06T05:02:53.770+0000][160][gc,cpu      ] GC(10) User=0.01s Sys=0.00s Real=0.01s
[2022-05-06T05:02:53.775+0000][160][safepoint   ] Safepoint "G1Concurrent", Time since last: 5478667 ns, Reaching safepoint: 514875 ns, At safepoint: 10449166 ns, Total: 10964041 ns
[2022-05-06T05:02:53.777+0000][160][gc,marking  ] GC(10) Concurrent Mark 26.961ms
[2022-05-06T05:02:53.778+0000][160][gc,marking  ] GC(10) Concurrent Rebuild Remembered Sets
[2022-05-06T05:02:53.781+0000][160][gc,marking  ] GC(10) Concurrent Rebuild Remembered Sets 3.057ms
[2022-05-06T05:02:53.783+0000][160][gc,start    ] GC(10) Pause Cleanup
[2022-05-06T05:02:53.784+0000][160][gc          ] GC(10) Pause Cleanup 52M->52M(512M) 1.262ms
[2022-05-06T05:02:53.785+0000][160][gc,cpu      ] GC(10) User=0.00s Sys=0.00s Real=0.00s
[2022-05-06T05:02:53.787+0000][160][safepoint   ] Safepoint "G1Concurrent", Time since last: 7349750 ns, Reaching safepoint: 369250 ns, At safepoint: 3668750 ns, Total: 4038000 ns
[2022-05-06T05:02:53.788+0000][160][gc,marking  ] GC(10) Concurrent Cleanup for Next Mark
[2022-05-06T05:02:53.789+0000][160][gc,marking  ] GC(10) Concurrent Cleanup for Next Mark 1.222ms
[2022-05-06T05:02:53.790+0000][160][gc          ] GC(10) Concurrent Mark Cycle 61.948ms
[2022-05-06T05:02:53.889+0000][160][safepoint   ] Safepoint "ICBufferFull", Time since last: 101715500 ns, Reaching safepoint: 156875 ns, At safepoint: 3292 ns, Total: 160167 ns
[2022-05-06T05:02:54.292+0000][160][safepoint   ] Safepoint "ICBufferFull", Time since last: 403323375 ns, Reaching safepoint: 203334 ns, At safepoint: 39333 ns, Total: 242667 ns
[2022-05-06T05:02:54.527+0000][160][safepoint   ] Safepoint "ICBufferFull", Time since last: 234658792 ns, Reaching safepoint: 200458 ns, At safepoint: 12375 ns, Total: 212833 ns
[2022-05-06T05:02:54.583+0000][160][gc,start    ] GC(11) Pause Young (Concurrent Start) (G1 Evacuation Pause)
[2022-05-06T05:02:54.585+0000][160][gc,task     ] GC(11) Using 5 workers of 5 for evacuation
[2022-05-06T05:02:54.586+0000][160][gc,age      ] GC(11) Desired survivor size 20971520 bytes, new threshold 1 (max threshold 15)
[2022-05-06T05:02:54.603+0000][160][gc,age      ] GC(11) Age table with threshold 1 (max threshold 15)
[2022-05-06T05:02:54.604+0000][160][gc,age      ] GC(11) - age   1:    6088448 bytes,    6088448 total
[2022-05-06T05:02:54.605+0000][160][gc,phases   ] GC(11)   Pre Evacuate Collection Set: 0.2ms
[2022-05-06T05:02:54.606+0000][160][gc,phases   ] GC(11)   Merge Heap Roots: 0.3ms
[2022-05-06T05:02:54.607+0000][160][gc,phases   ] GC(11)   Evacuate Collection Set: 14.8ms
[2022-05-06T05:02:54.608+0000][160][gc,phases   ] GC(11)   Post Evacuate Collection Set: 1.3ms
[2022-05-06T05:02:54.609+0000][160][gc,phases   ] GC(11)   Other: 5.3ms
[2022-05-06T05:02:54.609+0000][160][gc,heap     ] GC(11) Eden regions: 66->0(73)
[2022-05-06T05:02:54.610+0000][160][gc,heap     ] GC(11) Survivor regions: 10->3(10)
[2022-05-06T05:02:54.610+0000][160][gc,heap     ] GC(11) Old regions: 2->11
[2022-05-06T05:02:54.611+0000][160][gc,heap     ] GC(11) Archive regions: 2->2
[2022-05-06T05:02:54.612+0000][160][gc,heap     ] GC(11) Humongous regions: 0->0
[2022-05-06T05:02:54.612+0000][160][gc,metaspace] GC(11) Metaspace: 52259K(53568K)->52259K(53568K) NonClass: 45161K(45952K)->45161K(45952K) Class: 7098K(7616K)->7098K(7616K)
[2022-05-06T05:02:54.613+0000][160][gc          ] GC(11) Pause Young (Concurrent Start) (G1 Evacuation Pause) 312M->56M(512M) 29.653ms
[2022-05-06T05:02:54.614+0000][160][gc,cpu      ] GC(11) User=0.06s Sys=0.00s Real=0.03s
[2022-05-06T05:02:54.615+0000][160][gc          ] GC(12) Concurrent Mark Cycle
[2022-05-06T05:02:54.615+0000][160][gc,marking  ] GC(12) Concurrent Clear Claimed Marks
[2022-05-06T05:02:54.615+0000][160][safepoint   ] Safepoint "G1CollectForAllocation", Time since last: 55921792 ns, Reaching safepoint: 262625 ns, At safepoint: 31314041 ns, Total: 31576666 ns
[2022-05-06T05:02:54.616+0000][160][gc,marking  ] GC(12) Concurrent Clear Claimed Marks 1.018ms
[2022-05-06T05:02:54.618+0000][160][gc,marking  ] GC(12) Concurrent Scan Root Regions
[2022-05-06T05:02:54.637+0000][160][gc,marking  ] GC(12) Concurrent Scan Root Regions 18.213ms
[2022-05-06T05:02:54.639+0000][160][gc,marking  ] GC(12) Concurrent Mark
[2022-05-06T05:02:54.640+0000][160][gc,marking  ] GC(12) Concurrent Mark From Roots
[2022-05-06T05:02:54.641+0000][160][gc,task     ] GC(12) Using 1 workers of 1 for marking
[2022-05-06T05:02:54.649+0000][160][gc,marking  ] GC(12) Concurrent Mark From Roots 9.337ms
[2022-05-06T05:02:54.650+0000][160][gc,marking  ] GC(12) Concurrent Preclean
[2022-05-06T05:02:54.651+0000][160][gc,marking  ] GC(12) Concurrent Preclean 0.644ms
[2022-05-06T05:02:54.652+0000][160][gc,start    ] GC(12) Pause Remark
[2022-05-06T05:02:54.655+0000][160][gc          ] GC(12) Pause Remark 72M->72M(512M) 3.348ms
[2022-05-06T05:02:54.656+0000][160][gc,cpu      ] GC(12) User=0.01s Sys=0.00s Real=0.00s
[2022-05-06T05:02:54.657+0000][160][safepoint   ] Safepoint "G1Concurrent", Time since last: 36914542 ns, Reaching safepoint: 420834 ns, At safepoint: 5018458 ns, Total: 5439292 ns
[2022-05-06T05:02:54.658+0000][160][gc,marking  ] GC(12) Concurrent Mark 19.128ms
[2022-05-06T05:02:54.658+0000][160][gc,marking  ] GC(12) Concurrent Rebuild Remembered Sets
[2022-05-06T05:02:54.659+0000][160][gc,marking  ] GC(12) Concurrent Rebuild Remembered Sets 0.640ms
[2022-05-06T05:02:54.660+0000][160][gc,start    ] GC(12) Pause Cleanup
[2022-05-06T05:02:54.661+0000][160][gc          ] GC(12) Pause Cleanup 72M->72M(512M) 0.669ms
[2022-05-06T05:02:54.662+0000][160][gc,cpu      ] GC(12) User=0.00s Sys=0.00s Real=0.00s
[2022-05-06T05:02:54.663+0000][160][safepoint   ] Safepoint "G1Concurrent", Time since last: 2774583 ns, Reaching safepoint: 412334 ns, At safepoint: 2635708 ns, Total: 3048042 ns
[2022-05-06T05:02:54.664+0000][160][gc,marking  ] GC(12) Concurrent Cleanup for Next Mark
[2022-05-06T05:02:54.665+0000][160][gc,marking  ] GC(12) Concurrent Cleanup for Next Mark 1.031ms
[2022-05-06T05:02:54.665+0000][160][gc          ] GC(12) Concurrent Mark Cycle 50.637ms
[2022-05-06T05:02:54.913+0000][160][safepoint   ] Safepoint "ICBufferFull", Time since last: 249963708 ns, Reaching safepoint: 545084 ns, At safepoint: 23000 ns, Total: 568084 ns
[2022-05-06T05:02:55.123+0000][160][safepoint   ] Safepoint "ICBufferFull", Time since last: 209000791 ns, Reaching safepoint: 200500 ns, At safepoint: 2292 ns, Total: 202792 ns
[2022-05-06T05:02:55.573+0000][160][safepoint   ] Safepoint "ICBufferFull", Time since last: 450608334 ns, Reaching safepoint: 294500 ns, At safepoint: 2958 ns, Total: 297458 ns
[2022-05-06T05:02:55.732+0000][160][safepoint   ] Safepoint "ICBufferFull", Time since last: 158538792 ns, Reaching safepoint: 206583 ns, At safepoint: 7917 ns, Total: 214500 ns
[2022-05-06T05:02:56.051+0000][160][safepoint   ] Safepoint "ICBufferFull", Time since last: 318950708 ns, Reaching safepoint: 251459 ns, At safepoint: 15166 ns, Total: 266625 ns
[2022-05-06T05:02:56.343+0000][160][safepoint   ] Safepoint "ICBufferFull", Time since last: 290975000 ns, Reaching safepoint: 265209 ns, At safepoint: 13375 ns, Total: 278584 ns
[2022-05-06T05:02:56.365+0000][160][safepoint   ] Safepoint "ICBufferFull", Time since last: 22052083 ns, Reaching safepoint: 221833 ns, At safepoint: 10375 ns, Total: 232208 ns
[2022-05-06T05:02:56.378+0000][160][gc,start    ] GC(13) Pause Young (Normal) (G1 Evacuation Pause)
[2022-05-06T05:02:56.379+0000][160][gc,task     ] GC(13) Using 5 workers of 5 for evacuation
[2022-05-06T05:02:56.380+0000][160][gc,age      ] GC(13) Desired survivor size 20971520 bytes, new threshold 15 (max threshold 15)
[2022-05-06T05:02:56.396+0000][160][gc,age      ] GC(13) Age table with threshold 15 (max threshold 15)
[2022-05-06T05:02:56.397+0000][160][gc,age      ] GC(13) - age   1:   13635024 bytes,   13635024 total
[2022-05-06T05:02:56.398+0000][160][gc,age      ] GC(13) - age   2:    5899720 bytes,   19534744 total
[2022-05-06T05:02:56.399+0000][160][gc,phases   ] GC(13)   Pre Evacuate Collection Set: 0.2ms
[2022-05-06T05:02:56.399+0000][160][gc,phases   ] GC(13)   Merge Heap Roots: 0.1ms
[2022-05-06T05:02:56.400+0000][160][gc,phases   ] GC(13)   Evacuate Collection Set: 11.9ms
[2022-05-06T05:02:56.402+0000][160][gc,phases   ] GC(13)   Post Evacuate Collection Set: 3.2ms
[2022-05-06T05:02:56.402+0000][160][gc,phases   ] GC(13)   Other: 5.4ms
[2022-05-06T05:02:56.403+0000][160][gc,heap     ] GC(13) Eden regions: 73->0(71)
[2022-05-06T05:02:56.404+0000][160][gc,heap     ] GC(13) Survivor regions: 3->5(10)
[2022-05-06T05:02:56.405+0000][160][gc,heap     ] GC(13) Old regions: 11->11
[2022-05-06T05:02:56.406+0000][160][gc,heap     ] GC(13) Archive regions: 2->2
[2022-05-06T05:02:56.407+0000][160][gc,heap     ] GC(13) Humongous regions: 0->0
[2022-05-06T05:02:56.407+0000][160][gc,metaspace] GC(13) Metaspace: 84747K(86208K)->84747K(86208K) NonClass: 73006K(73920K)->73006K(73920K) Class: 11740K(12288K)->11740K(12288K)
[2022-05-06T05:02:56.408+0000][160][gc          ] GC(13) Pause Young (Normal) (G1 Evacuation Pause) 348M->67M(512M) 30.258ms
[2022-05-06T05:02:56.409+0000][160][gc,cpu      ] GC(13) User=0.05s Sys=0.00s Real=0.03s
[2022-05-06T05:02:56.410+0000][160][safepoint   ] Safepoint "G1CollectForAllocation", Time since last: 12992917 ns, Reaching safepoint: 235208 ns, At safepoint: 31735375 ns, Total: 31970583 ns
[2022-05-06T05:02:56.491+0000][160][safepoint   ] Safepoint "ICBufferFull", Time since last: 80580875 ns, Reaching safepoint: 145084 ns, At safepoint: 9666 ns, Total: 154750 ns
[2022-05-06T05:02:56.513+0000][160][safepoint   ] Safepoint "ICBufferFull", Time since last: 22516084 ns, Reaching safepoint: 208500 ns, At safepoint: 24083 ns, Total: 232583 ns
[2022-05-06T05:02:56.563+0000][160][safepoint   ] Safepoint "ICBufferFull", Time since last: 49745542 ns, Reaching safepoint: 168583 ns, At safepoint: 15667 ns, Total: 184250 ns
[2022-05-06T05:02:56.981+0000][160][gc,start    ] GC(14) Pause Young (Concurrent Start) (Metadata GC Threshold)
[2022-05-06T05:02:56.983+0000][160][gc,task     ] GC(14) Using 5 workers of 5 for evacuation
[2022-05-06T05:02:56.984+0000][160][gc,age      ] GC(14) Desired survivor size 20971520 bytes, new threshold 15 (max threshold 15)
[2022-05-06T05:02:56.993+0000][160][gc,age      ] GC(14) Age table with threshold 15 (max threshold 15)
[2022-05-06T05:02:56.995+0000][160][gc,age      ] GC(14) - age   1:    1029648 bytes,    1029648 total
[2022-05-06T05:02:56.996+0000][160][gc,age      ] GC(14) - age   2:   13173160 bytes,   14202808 total
[2022-05-06T05:02:56.997+0000][160][gc,age      ] GC(14) - age   3:    5873456 bytes,   20076264 total
[2022-05-06T05:02:56.997+0000][160][gc,phases   ] GC(14)   Pre Evacuate Collection Set: 0.1ms
[2022-05-06T05:02:56.998+0000][160][gc,phases   ] GC(14)   Merge Heap Roots: 0.2ms
[2022-05-06T05:02:56.999+0000][160][gc,phases   ] GC(14)   Evacuate Collection Set: 7.4ms
[2022-05-06T05:02:57.000+0000][160][gc,phases   ] GC(14)   Post Evacuate Collection Set: 1.1ms
[2022-05-06T05:02:57.000+0000][160][gc,phases   ] GC(14)   Other: 7.1ms
[2022-05-06T05:02:57.001+0000][160][gc,heap     ] GC(14) Eden regions: 9->0(70)
[2022-05-06T05:02:57.002+0000][160][gc,heap     ] GC(14) Survivor regions: 5->6(10)
[2022-05-06T05:02:57.002+0000][160][gc,heap     ] GC(14) Old regions: 11->11
[2022-05-06T05:02:57.003+0000][160][gc,heap     ] GC(14) Archive regions: 2->2
[2022-05-06T05:02:57.004+0000][160][gc,heap     ] GC(14) Humongous regions: 0->0
[2022-05-06T05:02:57.004+0000][160][gc,metaspace] GC(14) Metaspace: 87747K(89280K)->87747K(89280K) NonClass: 75559K(76480K)->75559K(76480K) Class: 12188K(12800K)->12188K(12800K)
[2022-05-06T05:02:57.005+0000][160][gc          ] GC(14) Pause Young (Concurrent Start) (Metadata GC Threshold) 101M->68M(512M) 23.650ms
[2022-05-06T05:02:57.006+0000][160][gc,cpu      ] GC(14) User=0.04s Sys=0.00s Real=0.02s
[2022-05-06T05:02:57.006+0000][160][gc          ] GC(15) Concurrent Mark Cycle
[2022-05-06T05:02:57.007+0000][160][gc,marking  ] GC(15) Concurrent Clear Claimed Marks
[2022-05-06T05:02:57.008+0000][160][gc,marking  ] GC(15) Concurrent Clear Claimed Marks 0.826ms
[2022-05-06T05:02:57.009+0000][160][gc,marking  ] GC(15) Concurrent Scan Root Regions
[2022-05-06T05:02:57.006+0000][160][safepoint   ] Safepoint "CollectForMetadataAllocation", Time since last: 417765333 ns, Reaching safepoint: 173875 ns, At safepoint: 24949209 ns, Total: 25123084 ns
[2022-05-06T05:02:57.023+0000][160][gc,marking  ] GC(15) Concurrent Scan Root Regions 14.627ms
[2022-05-06T05:02:57.026+0000][160][gc,marking  ] GC(15) Concurrent Mark
[2022-05-06T05:02:57.027+0000][160][gc,marking  ] GC(15) Concurrent Mark From Roots
[2022-05-06T05:02:57.029+0000][160][gc,task     ] GC(15) Using 1 workers of 1 for marking
[2022-05-06T05:02:57.085+0000][160][gc,marking  ] GC(15) Concurrent Mark From Roots 58.011ms
[2022-05-06T05:02:57.086+0000][160][gc,marking  ] GC(15) Concurrent Preclean
[2022-05-06T05:02:57.087+0000][160][gc,marking  ] GC(15) Concurrent Preclean 1.114ms
[2022-05-06T05:02:57.091+0000][160][gc,start    ] GC(15) Pause Remark
[2022-05-06T05:02:57.094+0000][160][gc          ] GC(15) Pause Remark 71M->71M(512M) 3.472ms
[2022-05-06T05:02:57.095+0000][160][gc,cpu      ] GC(15) User=0.01s Sys=0.00s Real=0.00s
[2022-05-06T05:02:57.096+0000][160][safepoint   ] Safepoint "G1Concurrent", Time since last: 82421458 ns, Reaching safepoint: 2283083 ns, At safepoint: 5275209 ns, Total: 7558292 ns
[2022-05-06T05:02:57.097+0000][160][gc,marking  ] GC(15) Concurrent Mark 71.338ms
[2022-05-06T05:02:57.098+0000][160][gc,marking  ] GC(15) Concurrent Rebuild Remembered Sets
[2022-05-06T05:02:57.099+0000][160][gc,marking  ] GC(15) Concurrent Rebuild Remembered Sets 0.964ms
[2022-05-06T05:02:57.100+0000][160][gc,start    ] GC(15) Pause Cleanup
[2022-05-06T05:02:57.101+0000][160][gc          ] GC(15) Pause Cleanup 71M->71M(512M) 0.652ms
[2022-05-06T05:02:57.101+0000][160][gc,cpu      ] GC(15) User=0.00s Sys=0.00s Real=0.00s
[2022-05-06T05:02:57.102+0000][160][safepoint   ] Safepoint "G1Concurrent", Time since last: 3729791 ns, Reaching safepoint: 39875 ns, At safepoint: 2318750 ns, Total: 2358625 ns
[2022-05-06T05:02:57.103+0000][160][gc,marking  ] GC(15) Concurrent Cleanup for Next Mark
[2022-05-06T05:02:57.104+0000][160][gc,marking  ] GC(15) Concurrent Cleanup for Next Mark 1.214ms
[2022-05-06T05:02:57.105+0000][160][gc          ] GC(15) Concurrent Mark Cycle 98.538ms
[2022-05-06T05:02:57.639+0000][160][safepoint   ] Safepoint "ICBufferFull", Time since last: 536441834 ns, Reaching safepoint: 172167 ns, At safepoint: 40333 ns, Total: 212500 ns
[2022-05-06T05:02:57.705+0000][160][safepoint   ] Safepoint "ICBufferFull", Time since last: 65885708 ns, Reaching safepoint: 292500 ns, At safepoint: 5167 ns, Total: 297667 ns
[2022-05-06T05:02:58.120+0000][160][safepoint   ] Safepoint "ICBufferFull", Time since last: 414278542 ns, Reaching safepoint: 157875 ns, At safepoint: 15458 ns, Total: 173333 ns
[2022-05-06T05:02:58.346+0000][160][safepoint   ] Safepoint "ICBufferFull", Time since last: 225883167 ns, Reaching safepoint: 378458 ns, At safepoint: 16250 ns, Total: 394708 ns
[2022-05-06T05:02:58.761+0000][160][safepoint   ] Safepoint "ICBufferFull", Time since last: 414870542 ns, Reaching safepoint: 235417 ns, At safepoint: 8416 ns, Total: 243833 ns
[2022-05-06T05:02:59.555+0000][160][safepoint   ] Safepoint "ICBufferFull", Time since last: 793566376 ns, Reaching safepoint: 339000 ns, At safepoint: 40083 ns, Total: 379083 ns
[2022-05-06T05:02:59.944+0000][160][safepoint   ] Safepoint "ICBufferFull", Time since last: 388964125 ns, Reaching safepoint: 398709 ns, At safepoint: 24125 ns, Total: 422834 ns
[2022-05-06T05:03:00.267+0000][160][safepoint   ] Safepoint "ICBufferFull", Time since last: 322649792 ns, Reaching safepoint: 423541 ns, At safepoint: 19292 ns, Total: 442833 ns
[2022-05-06T05:03:00.332+0000][160][safepoint   ] Safepoint "ICBufferFull", Time since last: 64118375 ns, Reaching safepoint: 161208 ns, At safepoint: 3750 ns, Total: 164958 ns
[2022-05-06T05:03:00.828+0000][160][safepoint   ] Safepoint "ICBufferFull", Time since last: 496057042 ns, Reaching safepoint: 703500 ns, At safepoint: 40167 ns, Total: 743667 ns
[2022-05-06T05:03:01.346+0000][160][safepoint   ] Safepoint "ICBufferFull", Time since last: 517261083 ns, Reaching safepoint: 163000 ns, At safepoint: 8209 ns, Total: 171209 ns
[2022-05-06T05:03:01.560+0000][160][gc,start    ] GC(16) Pause Young (Normal) (G1 Evacuation Pause)
[2022-05-06T05:03:01.562+0000][160][gc,task     ] GC(16) Using 5 workers of 5 for evacuation
[2022-05-06T05:03:01.564+0000][160][gc,age      ] GC(16) Desired survivor size 20971520 bytes, new threshold 15 (max threshold 15)
[2022-05-06T05:03:01.576+0000][160][gc,age      ] GC(16) Age table with threshold 15 (max threshold 15)
[2022-05-06T05:03:01.576+0000][160][gc,age      ] GC(16) - age   1:    9938048 bytes,    9938048 total
[2022-05-06T05:03:01.577+0000][160][gc,age      ] GC(16) - age   2:     832984 bytes,   10771032 total
[2022-05-06T05:03:01.578+0000][160][gc,age      ] GC(16) - age   3:   13032704 bytes,   23803736 total
[2022-05-06T05:03:01.579+0000][160][gc,age      ] GC(16) - age   4:    5692952 bytes,   29496688 total
[2022-05-06T05:03:01.580+0000][160][gc,phases   ] GC(16)   Pre Evacuate Collection Set: 0.1ms
[2022-05-06T05:03:01.581+0000][160][gc,phases   ] GC(16)   Merge Heap Roots: 0.1ms
[2022-05-06T05:03:01.582+0000][160][gc,phases   ] GC(16)   Evacuate Collection Set: 9.0ms
[2022-05-06T05:03:01.583+0000][160][gc,phases   ] GC(16)   Post Evacuate Collection Set: 1.6ms
[2022-05-06T05:03:01.584+0000][160][gc,phases   ] GC(16)   Other: 9.1ms
[2022-05-06T05:03:01.585+0000][160][gc,heap     ] GC(16) Eden regions: 70->0(68)
[2022-05-06T05:03:01.586+0000][160][gc,heap     ] GC(16) Survivor regions: 6->8(10)
[2022-05-06T05:03:01.587+0000][160][gc,heap     ] GC(16) Old regions: 11->11
[2022-05-06T05:03:01.588+0000][160][gc,heap     ] GC(16) Archive regions: 2->2
[2022-05-06T05:03:01.589+0000][160][gc,heap     ] GC(16) Humongous regions: 6->6
[2022-05-06T05:03:01.590+0000][160][gc,metaspace] GC(16) Metaspace: 98639K(100160K)->98639K(100160K) NonClass: 84803K(85760K)->84803K(85760K) Class: 13835K(14400K)->13835K(14400K)
[2022-05-06T05:03:01.591+0000][160][gc          ] GC(16) Pause Young (Normal) (G1 Evacuation Pause) 371M->101M(512M) 30.329ms
[2022-05-06T05:03:01.591+0000][160][gc,cpu      ] GC(16) User=0.05s Sys=0.00s Real=0.03s
[2022-05-06T05:03:01.593+0000][160][safepoint   ] Safepoint "G1CollectForAllocation", Time since last: 214198250 ns, Reaching safepoint: 163083 ns, At safepoint: 32605583 ns, Total: 32768666 ns
[2022-05-06T05:03:02.125+0000][160][safepoint   ] Safepoint "ICBufferFull", Time since last: 530796126 ns, Reaching safepoint: 1206166 ns, At safepoint: 56875 ns, Total: 1263041 ns
[2022-05-06T05:03:02.427+0000][160][gc,start    ] GC(17) Pause Young (Normal) (G1 Evacuation Pause)
[2022-05-06T05:03:02.429+0000][160][gc,task     ] GC(17) Using 5 workers of 5 for evacuation
[2022-05-06T05:03:02.431+0000][160][gc,age      ] GC(17) Desired survivor size 20971520 bytes, new threshold 3 (max threshold 15)
[2022-05-06T05:03:02.443+0000][160][gc,age      ] GC(17) Age table with threshold 3 (max threshold 15)
[2022-05-06T05:03:02.444+0000][160][gc,age      ] GC(17) - age   1:    2045128 bytes,    2045128 total
[2022-05-06T05:03:02.445+0000][160][gc,age      ] GC(17) - age   2:    8609632 bytes,   10654760 total
[2022-05-06T05:03:02.446+0000][160][gc,age      ] GC(17) - age   3:     832984 bytes,   11487744 total
[2022-05-06T05:03:02.446+0000][160][gc,phases   ] GC(17)   Pre Evacuate Collection Set: 0.3ms
[2022-05-06T05:03:02.447+0000][160][gc,phases   ] GC(17)   Merge Heap Roots: 0.3ms
[2022-05-06T05:03:02.448+0000][160][gc,phases   ] GC(17)   Evacuate Collection Set: 9.5ms
[2022-05-06T05:03:02.449+0000][160][gc,phases   ] GC(17)   Post Evacuate Collection Set: 1.2ms
[2022-05-06T05:03:02.450+0000][160][gc,phases   ] GC(17)   Other: 8.5ms
[2022-05-06T05:03:02.451+0000][160][gc,heap     ] GC(17) Eden regions: 68->0(72)
[2022-05-06T05:03:02.451+0000][160][gc,heap     ] GC(17) Survivor regions: 8->4(10)
[2022-05-06T05:03:02.452+0000][160][gc,heap     ] GC(17) Old regions: 11->16
[2022-05-06T05:03:02.453+0000][160][gc,heap     ] GC(17) Archive regions: 2->2
[2022-05-06T05:03:02.454+0000][160][gc,heap     ] GC(17) Humongous regions: 6->6
[2022-05-06T05:03:02.455+0000][160][gc,metaspace] GC(17) Metaspace: 98738K(100224K)->98738K(100224K) NonClass: 84902K(85824K)->84902K(85824K) Class: 13835K(14400K)->13835K(14400K)
[2022-05-06T05:03:02.456+0000][160][gc          ] GC(17) Pause Young (Normal) (G1 Evacuation Pause) 372M->102M(512M) 29.647ms
[2022-05-06T05:03:02.457+0000][160][gc,cpu      ] GC(17) User=0.05s Sys=0.01s Real=0.03s
[2022-05-06T05:03:02.459+0000][160][safepoint   ] Safepoint "G1CollectForAllocation", Time since last: 300754501 ns, Reaching safepoint: 878416 ns, At safepoint: 32512542 ns, Total: 33390958 ns
[2022-05-06T05:03:02.559+0000][160][safepoint   ] Safepoint "ICBufferFull", Time since last: 99493042 ns, Reaching safepoint: 285541 ns, At safepoint: 11084 ns, Total: 296625 ns
[2022-05-06T05:03:02.764+0000][160][safepoint   ] Safepoint "ICBufferFull", Time since last: 204066333 ns, Reaching safepoint: 806958 ns, At safepoint: 23042 ns, Total: 830000 ns
[2022-05-06T05:03:02.863+0000][160][safepoint   ] Safepoint "ICBufferFull", Time since last: 98838708 ns, Reaching safepoint: 360417 ns, At safepoint: 19458 ns, Total: 379875 ns
[2022-05-06T05:03:02.931+0000][160][safepoint   ] Safepoint "ICBufferFull", Time since last: 67797792 ns, Reaching safepoint: 678708 ns, At safepoint: 60250 ns, Total: 738958 ns
[2022-05-06T05:03:03.136+0000][160][safepoint   ] Safepoint "ICBufferFull", Time since last: 203958292 ns, Reaching safepoint: 913209 ns, At safepoint: 57958 ns, Total: 971167 ns
[2022-05-06T05:03:03.341+0000][160][safepoint   ] Safepoint "ICBufferFull", Time since last: 204105625 ns, Reaching safepoint: 489958 ns, At safepoint: 21125 ns, Total: 511083 ns
[2022-05-06T05:03:04.333+0000][160][safepoint   ] Safepoint "ICBufferFull", Time since last: 991274042 ns, Reaching safepoint: 355459 ns, At safepoint: 19125 ns, Total: 374584 ns
[2022-05-06T05:03:04.338+0000][160][gc,start    ] GC(18) Pause Young (Normal) (G1 Evacuation Pause)
[2022-05-06T05:03:04.340+0000][160][gc,task     ] GC(18) Using 5 workers of 5 for evacuation
[2022-05-06T05:03:04.341+0000][160][gc,age      ] GC(18) Desired survivor size 20971520 bytes, new threshold 15 (max threshold 15)
[2022-05-06T05:03:04.349+0000][160][gc,age      ] GC(18) Age table with threshold 15 (max threshold 15)
[2022-05-06T05:03:04.350+0000][160][gc,age      ] GC(18) - age   1:   25937480 bytes,   25937480 total
[2022-05-06T05:03:04.351+0000][160][gc,age      ] GC(18) - age   2:     932528 bytes,   26870008 total
[2022-05-06T05:03:04.352+0000][160][gc,age      ] GC(18) - age   3:    8430992 bytes,   35301000 total
[2022-05-06T05:03:04.353+0000][160][gc,age      ] GC(18) - age   4:     828064 bytes,   36129064 total
[2022-05-06T05:03:04.353+0000][160][gc,phases   ] GC(18)   Pre Evacuate Collection Set: 0.1ms
[2022-05-06T05:03:04.354+0000][160][gc,phases   ] GC(18)   Merge Heap Roots: 0.2ms
[2022-05-06T05:03:04.355+0000][160][gc,phases   ] GC(18)   Evacuate Collection Set: 6.2ms
[2022-05-06T05:03:04.356+0000][160][gc,phases   ] GC(18)   Post Evacuate Collection Set: 0.7ms
[2022-05-06T05:03:04.357+0000][160][gc,phases   ] GC(18)   Other: 8.1ms
[2022-05-06T05:03:04.358+0000][160][gc,heap     ] GC(18) Eden regions: 72->0(63)
[2022-05-06T05:03:04.359+0000][160][gc,heap     ] GC(18) Survivor regions: 4->10(10)
[2022-05-06T05:03:04.360+0000][160][gc,heap     ] GC(18) Old regions: 16->16
[2022-05-06T05:03:04.361+0000][160][gc,heap     ] GC(18) Archive regions: 2->2
[2022-05-06T05:03:04.362+0000][160][gc,heap     ] GC(18) Humongous regions: 6->6
[2022-05-06T05:03:04.363+0000][160][gc,metaspace] GC(18) Metaspace: 100315K(101824K)->100315K(101824K) NonClass: 86394K(87296K)->86394K(87296K) Class: 13920K(14528K)->13920K(14528K)
[2022-05-06T05:03:04.363+0000][160][gc          ] GC(18) Pause Young (Normal) (G1 Evacuation Pause) 390M->126M(512M) 25.132ms
[2022-05-06T05:03:04.364+0000][160][gc,cpu      ] GC(18) User=0.03s Sys=0.00s Real=0.02s
[2022-05-06T05:03:04.367+0000][160][safepoint   ] Safepoint "G1CollectForAllocation", Time since last: 3960791 ns, Reaching safepoint: 1510084 ns, At safepoint: 29067416 ns, Total: 30577500 ns
[2022-05-06T05:03:04.933+0000][160][safepoint   ] Safepoint "ICBufferFull", Time since last: 565629959 ns, Reaching safepoint: 478583 ns, At safepoint: 48917 ns, Total: 527500 ns
[2022-05-06T05:03:05.079+0000][160][safepoint   ] Safepoint "ICBufferFull", Time since last: 144920875 ns, Reaching safepoint: 904667 ns, At safepoint: 28333 ns, Total: 933000 ns
[2022-05-06T05:03:05.376+0000][160][safepoint   ] Safepoint "ICBufferFull", Time since last: 296366292 ns, Reaching safepoint: 470917 ns, At safepoint: 24208 ns, Total: 495125 ns
[2022-05-06T05:03:05.543+0000][160][safepoint   ] Safepoint "ICBufferFull", Time since last: 166065042 ns, Reaching safepoint: 684375 ns, At safepoint: 279833 ns, Total: 964208 ns
[2022-05-06T05:03:05.658+0000][160][safepoint   ] Safepoint "ICBufferFull", Time since last: 114684375 ns, Reaching safepoint: 179083 ns, At safepoint: 14667 ns, Total: 193750 ns
[2022-05-06T05:03:05.694+0000][160][gc,start    ] GC(19) Pause Young (Normal) (G1 Evacuation Pause)
[2022-05-06T05:03:05.695+0000][160][gc,task     ] GC(19) Using 5 workers of 5 for evacuation
[2022-05-06T05:03:05.696+0000][160][gc,age      ] GC(19) Desired survivor size 20971520 bytes, new threshold 1 (max threshold 15)
[2022-05-06T05:03:05.704+0000][160][gc,age      ] GC(19) Age table with threshold 1 (max threshold 15)
[2022-05-06T05:03:05.705+0000][160][gc,age      ] GC(19) - age   1:   18124736 bytes,   18124736 total
[2022-05-06T05:03:05.706+0000][160][gc,phases   ] GC(19)   Pre Evacuate Collection Set: 0.1ms
[2022-05-06T05:03:05.707+0000][160][gc,phases   ] GC(19)   Merge Heap Roots: 0.2ms
[2022-05-06T05:03:05.708+0000][160][gc,phases   ] GC(19)   Evacuate Collection Set: 6.8ms
[2022-05-06T05:03:05.709+0000][160][gc,phases   ] GC(19)   Post Evacuate Collection Set: 0.9ms
[2022-05-06T05:03:05.711+0000][160][gc,phases   ] GC(19)   Other: 4.4ms
[2022-05-06T05:03:05.711+0000][160][gc,heap     ] GC(19) Eden regions: 63->0(60)
[2022-05-06T05:03:05.712+0000][160][gc,heap     ] GC(19) Survivor regions: 10->5(10)
[2022-05-06T05:03:05.713+0000][160][gc,heap     ] GC(19) Old regions: 16->22
[2022-05-06T05:03:05.713+0000][160][gc,heap     ] GC(19) Archive regions: 2->2
[2022-05-06T05:03:05.714+0000][160][gc,heap     ] GC(19) Humongous regions: 7->7
[2022-05-06T05:03:05.714+0000][160][gc,metaspace] GC(19) Metaspace: 101250K(102784K)->101250K(102784K) NonClass: 87228K(88192K)->87228K(88192K) Class: 14022K(14592K)->14022K(14592K)
[2022-05-06T05:03:05.715+0000][160][gc          ] GC(19) Pause Young (Normal) (G1 Evacuation Pause) 382M->136M(512M) 20.811ms
[2022-05-06T05:03:05.715+0000][160][gc,cpu      ] GC(19) User=0.03s Sys=0.01s Real=0.02s
[2022-05-06T05:03:05.716+0000][160][safepoint   ] Safepoint "G1CollectForAllocation", Time since last: 35688542 ns, Reaching safepoint: 158916 ns, At safepoint: 22287584 ns, Total: 22446500 ns
[2022-05-06T05:03:05.956+0000][160][safepoint   ] Safepoint "ICBufferFull", Time since last: 239836083 ns, Reaching safepoint: 329875 ns, At safepoint: 7167 ns, Total: 337042 ns
[2022-05-06T05:03:06.168+0000][160][safepoint   ] Safepoint "ICBufferFull", Time since last: 211291833 ns, Reaching safepoint: 262750 ns, At safepoint: 38792 ns, Total: 301542 ns
[2022-05-06T05:03:06.582+0000][160][safepoint   ] Safepoint "ICBufferFull", Time since last: 413656625 ns, Reaching safepoint: 770292 ns, At safepoint: 12083 ns, Total: 782375 ns
[2022-05-06T05:03:06.803+0000][160][safepoint   ] Safepoint "ICBufferFull", Time since last: 220010417 ns, Reaching safepoint: 282375 ns, At safepoint: 83708 ns, Total: 366083 ns
[2022-05-06T05:03:06.980+0000][160][safepoint   ] Safepoint "ICBufferFull", Time since last: 176544292 ns, Reaching safepoint: 239333 ns, At safepoint: 27792 ns, Total: 267125 ns
[2022-05-06T05:03:07.032+0000][160][safepoint   ] Safepoint "ICBufferFull", Time since last: 52233500 ns, Reaching safepoint: 285667 ns, At safepoint: 23000 ns, Total: 308667 ns
[2022-05-06T05:03:07.197+0000][160][gc,start    ] GC(20) Pause Young (Normal) (G1 Evacuation Pause)
[2022-05-06T05:03:07.198+0000][160][gc,task     ] GC(20) Using 5 workers of 5 for evacuation
[2022-05-06T05:03:07.200+0000][160][gc,age      ] GC(20) Desired survivor size 18874368 bytes, new threshold 15 (max threshold 15)
[2022-05-06T05:03:07.204+0000][160][gc,age      ] GC(20) Age table with threshold 15 (max threshold 15)
[2022-05-06T05:03:07.205+0000][160][gc,age      ] GC(20) - age   1:   13444272 bytes,   13444272 total
[2022-05-06T05:03:07.206+0000][160][gc,age      ] GC(20) - age   2:   11013240 bytes,   24457512 total
[2022-05-06T05:03:07.206+0000][160][gc,phases   ] GC(20)   Pre Evacuate Collection Set: 0.1ms
[2022-05-06T05:03:07.207+0000][160][gc,phases   ] GC(20)   Merge Heap Roots: 0.0ms
[2022-05-06T05:03:07.208+0000][160][gc,phases   ] GC(20)   Evacuate Collection Set: 2.4ms
[2022-05-06T05:03:07.209+0000][160][gc,phases   ] GC(20)   Post Evacuate Collection Set: 0.8ms
[2022-05-06T05:03:07.209+0000][160][gc,phases   ] GC(20)   Other: 5.8ms
[2022-05-06T05:03:07.210+0000][160][gc,heap     ] GC(20) Eden regions: 60->0(58)
[2022-05-06T05:03:07.211+0000][160][gc,heap     ] GC(20) Survivor regions: 5->7(9)
[2022-05-06T05:03:07.211+0000][160][gc,heap     ] GC(20) Old regions: 22->22
[2022-05-06T05:03:07.212+0000][160][gc,heap     ] GC(20) Archive regions: 2->2
[2022-05-06T05:03:07.212+0000][160][gc,heap     ] GC(20) Humongous regions: 7->7
[2022-05-06T05:03:07.213+0000][160][gc,metaspace] GC(20) Metaspace: 101303K(102784K)->101303K(102784K) NonClass: 87279K(88192K)->87279K(88192K) Class: 14023K(14592K)->14023K(14592K)
[2022-05-06T05:03:07.213+0000][160][gc          ] GC(20) Pause Young (Normal) (G1 Evacuation Pause) 376M->143M(512M) 16.144ms
[2022-05-06T05:03:07.214+0000][160][gc,cpu      ] GC(20) User=0.01s Sys=0.00s Real=0.02s
[2022-05-06T05:03:07.215+0000][160][safepoint   ] Safepoint "G1CollectForAllocation", Time since last: 164642458 ns, Reaching safepoint: 328917 ns, At safepoint: 17600833 ns, Total: 17929750 ns
[2022-05-06T05:03:08.299+0000][160][safepoint   ] Safepoint "ICBufferFull", Time since last: 1084393084 ns, Reaching safepoint: 304083 ns, At safepoint: 9500 ns, Total: 313583 ns
[2022-05-06T05:03:08.915+0000][160][gc,start    ] GC(21) Pause Young (Normal) (G1 Evacuation Pause)
[2022-05-06T05:03:08.916+0000][160][gc,task     ] GC(21) Using 5 workers of 5 for evacuation
[2022-05-06T05:03:08.917+0000][160][gc,age      ] GC(21) Desired survivor size 18874368 bytes, new threshold 2 (max threshold 15)
[2022-05-06T05:03:08.921+0000][160][gc,age      ] GC(21) Age table with threshold 2 (max threshold 15)
[2022-05-06T05:03:08.922+0000][160][gc,age      ] GC(21) - age   1:   20315232 bytes,   20315232 total
[2022-05-06T05:03:08.923+0000][160][gc,age      ] GC(21) - age   2:    5324000 bytes,   25639232 total
[2022-05-06T05:03:08.924+0000][160][gc,phases   ] GC(21)   Pre Evacuate Collection Set: 0.1ms
[2022-05-06T05:03:08.924+0000][160][gc,phases   ] GC(21)   Merge Heap Roots: 0.3ms
[2022-05-06T05:03:08.925+0000][160][gc,phases   ] GC(21)   Evacuate Collection Set: 2.7ms
[2022-05-06T05:03:08.926+0000][160][gc,phases   ] GC(21)   Post Evacuate Collection Set: 0.6ms
[2022-05-06T05:03:08.927+0000][160][gc,phases   ] GC(21)   Other: 5.2ms
[2022-05-06T05:03:08.927+0000][160][gc,heap     ] GC(21) Eden regions: 58->0(54)
[2022-05-06T05:03:08.928+0000][160][gc,heap     ] GC(21) Survivor regions: 7->7(9)
[2022-05-06T05:03:08.928+0000][160][gc,heap     ] GC(21) Old regions: 22->24
[2022-05-06T05:03:08.929+0000][160][gc,heap     ] GC(21) Archive regions: 2->2
[2022-05-06T05:03:08.930+0000][160][gc,heap     ] GC(21) Humongous regions: 9->8
[2022-05-06T05:03:08.930+0000][160][gc,metaspace] GC(21) Metaspace: 101545K(102976K)->101545K(102976K) NonClass: 87492K(88384K)->87492K(88384K) Class: 14053K(14592K)->14053K(14592K)
[2022-05-06T05:03:08.931+0000][160][gc          ] GC(21) Pause Young (Normal) (G1 Evacuation Pause) 383M->157M(512M) 16.399ms
[2022-05-06T05:03:08.932+0000][160][gc,cpu      ] GC(21) User=0.02s Sys=0.00s Real=0.02s
[2022-05-06T05:03:08.932+0000][160][safepoint   ] Safepoint "G1CollectForAllocation", Time since last: 615297376 ns, Reaching safepoint: 140083 ns, At safepoint: 17557250 ns, Total: 17697333 ns
[2022-05-06T05:03:09.929+0000][160][safepoint   ] Safepoint "Cleanup", Time since last: 1001253791 ns, Reaching safepoint: 225334 ns, At safepoint: 33833 ns, Total: 259167 ns
[2022-05-06T05:03:10.345+0000][160][gc,start    ] GC(22) Pause Young (Normal) (G1 Evacuation Pause)
[2022-05-06T05:03:10.346+0000][160][gc,task     ] GC(22) Using 5 workers of 5 for evacuation
[2022-05-06T05:03:10.346+0000][160][gc,age      ] GC(22) Desired survivor size 16777216 bytes, new threshold 1 (max threshold 15)
[2022-05-06T05:03:10.350+0000][160][gc,age      ] GC(22) Age table with threshold 1 (max threshold 15)
[2022-05-06T05:03:10.351+0000][160][gc,age      ] GC(22) - age   1:   19613856 bytes,   19613856 total
[2022-05-06T05:03:10.352+0000][160][gc,phases   ] GC(22)   Pre Evacuate Collection Set: 0.1ms
[2022-05-06T05:03:10.352+0000][160][gc,phases   ] GC(22)   Merge Heap Roots: 0.2ms
[2022-05-06T05:03:10.353+0000][160][gc,phases   ] GC(22)   Evacuate Collection Set: 2.3ms
[2022-05-06T05:03:10.354+0000][160][gc,phases   ] GC(22)   Post Evacuate Collection Set: 0.6ms
[2022-05-06T05:03:10.354+0000][160][gc,phases   ] GC(22)   Other: 4.0ms
[2022-05-06T05:03:10.355+0000][160][gc,heap     ] GC(22) Eden regions: 54->0(51)
[2022-05-06T05:03:10.356+0000][160][gc,heap     ] GC(22) Survivor regions: 7->6(8)
[2022-05-06T05:03:10.358+0000][160][gc,heap     ] GC(22) Old regions: 24->27
[2022-05-06T05:03:10.359+0000][160][gc,heap     ] GC(22) Archive regions: 2->2
[2022-05-06T05:03:10.360+0000][160][gc,heap     ] GC(22) Humongous regions: 8->8
[2022-05-06T05:03:10.361+0000][160][gc,metaspace] GC(22) Metaspace: 101553K(102976K)->101553K(102976K) NonClass: 87499K(88384K)->87499K(88384K) Class: 14053K(14592K)->14053K(14592K)
[2022-05-06T05:03:10.361+0000][160][gc          ] GC(22) Pause Young (Normal) (G1 Evacuation Pause) 373M->165M(512M) 16.695ms
[2022-05-06T05:03:10.362+0000][160][gc,cpu      ] GC(22) User=0.01s Sys=0.00s Real=0.01s
[2022-05-06T05:03:10.363+0000][160][safepoint   ] Safepoint "G1CollectForAllocation", Time since last: 415499417 ns, Reaching safepoint: 118792 ns, At safepoint: 18049625 ns, Total: 18168417 ns
[2022-05-06T05:03:11.363+0000][160][safepoint   ] Safepoint "Cleanup", Time since last: 1000613292 ns, Reaching safepoint: 142375 ns, At safepoint: 2708 ns, Total: 145083 ns
[2022-05-06T05:03:11.488+0000][160][gc,start    ] GC(23) Pause Young (Normal) (G1 Evacuation Pause)
[2022-05-06T05:03:11.489+0000][160][gc,task     ] GC(23) Using 5 workers of 5 for evacuation
[2022-05-06T05:03:11.489+0000][160][gc,age      ] GC(23) Desired survivor size 16777216 bytes, new threshold 1 (max threshold 15)
[2022-05-06T05:03:11.492+0000][160][gc,age      ] GC(23) Age table with threshold 1 (max threshold 15)
[2022-05-06T05:03:11.493+0000][160][gc,age      ] GC(23) - age   1:   21081656 bytes,   21081656 total
[2022-05-06T05:03:11.494+0000][160][gc,phases   ] GC(23)   Pre Evacuate Collection Set: 0.2ms
[2022-05-06T05:03:11.495+0000][160][gc,phases   ] GC(23)   Merge Heap Roots: 0.1ms
[2022-05-06T05:03:11.495+0000][160][gc,phases   ] GC(23)   Evacuate Collection Set: 1.5ms
[2022-05-06T05:03:11.496+0000][160][gc,phases   ] GC(23)   Post Evacuate Collection Set: 0.6ms
[2022-05-06T05:03:11.496+0000][160][gc,phases   ] GC(23)   Other: 3.3ms
[2022-05-06T05:03:11.497+0000][160][gc,heap     ] GC(23) Eden regions: 51->0(48)
[2022-05-06T05:03:11.497+0000][160][gc,heap     ] GC(23) Survivor regions: 6->6(8)
[2022-05-06T05:03:11.498+0000][160][gc,heap     ] GC(23) Old regions: 27->29
[2022-05-06T05:03:11.499+0000][160][gc,heap     ] GC(23) Archive regions: 2->2
[2022-05-06T05:03:11.500+0000][160][gc,heap     ] GC(23) Humongous regions: 8->8
[2022-05-06T05:03:11.500+0000][160][gc,metaspace] GC(23) Metaspace: 101588K(103040K)->101588K(103040K) NonClass: 87531K(88448K)->87531K(88448K) Class: 14056K(14592K)->14056K(14592K)
[2022-05-06T05:03:11.501+0000][160][gc          ] GC(23) Pause Young (Normal) (G1 Evacuation Pause) 369M->172M(512M) 12.469ms
[2022-05-06T05:03:11.502+0000][160][gc,cpu      ] GC(23) User=0.00s Sys=0.00s Real=0.01s
[2022-05-06T05:03:11.502+0000][160][safepoint   ] Safepoint "G1CollectForAllocation", Time since last: 124718042 ns, Reaching safepoint: 135708 ns, At safepoint: 13804084 ns, Total: 13939792 ns
[2022-05-06T05:03:12.324+0000][160][safepoint   ] Safepoint "ICBufferFull", Time since last: 821500833 ns, Reaching safepoint: 395709 ns, At safepoint: 13250 ns, Total: 408959 ns
[2022-05-06T05:03:13.007+0000][160][safepoint   ] Safepoint "ICBufferFull", Time since last: 682365917 ns, Reaching safepoint: 236291 ns, At safepoint: 6917 ns, Total: 243208 ns
[2022-05-06T05:03:13.671+0000][160][gc,start    ] GC(24) Pause Young (Concurrent Start) (G1 Evacuation Pause)
[2022-05-06T05:03:13.672+0000][160][gc,task     ] GC(24) Using 5 workers of 5 for evacuation
[2022-05-06T05:03:13.672+0000][160][gc,age      ] GC(24) Desired survivor size 14680064 bytes, new threshold 1 (max threshold 15)
[2022-05-06T05:03:13.676+0000][160][gc,age      ] GC(24) Age table with threshold 1 (max threshold 15)
[2022-05-06T05:03:13.677+0000][160][gc,age      ] GC(24) - age   1:    2064584 bytes,    2064584 total
[2022-05-06T05:03:13.677+0000][160][gc,phases   ] GC(24)   Pre Evacuate Collection Set: 0.3ms
[2022-05-06T05:03:13.678+0000][160][gc,phases   ] GC(24)   Merge Heap Roots: 0.2ms
[2022-05-06T05:03:13.678+0000][160][gc,phases   ] GC(24)   Evacuate Collection Set: 1.3ms
[2022-05-06T05:03:13.679+0000][160][gc,phases   ] GC(24)   Post Evacuate Collection Set: 0.8ms
[2022-05-06T05:03:13.680+0000][160][gc,phases   ] GC(24)   Other: 3.5ms
[2022-05-06T05:03:13.680+0000][160][gc,heap     ] GC(24) Eden regions: 48->0(49)
[2022-05-06T05:03:13.681+0000][160][gc,heap     ] GC(24) Survivor regions: 6->1(7)
[2022-05-06T05:03:13.681+0000][160][gc,heap     ] GC(24) Old regions: 29->35
[2022-05-06T05:03:13.682+0000][160][gc,heap     ] GC(24) Archive regions: 2->2
[2022-05-06T05:03:13.683+0000][160][gc,heap     ] GC(24) Humongous regions: 8->8
[2022-05-06T05:03:13.683+0000][160][gc,metaspace] GC(24) Metaspace: 101624K(103104K)->101624K(103104K) NonClass: 87567K(88512K)->87567K(88512K) Class: 14056K(14592K)->14056K(14592K)
[2022-05-06T05:03:13.683+0000][160][gc          ] GC(24) Pause Young (Concurrent Start) (G1 Evacuation Pause) 364M->177M(512M) 12.341ms
[2022-05-06T05:03:13.684+0000][160][gc,cpu      ] GC(24) User=0.01s Sys=0.00s Real=0.02s
[2022-05-06T05:03:13.685+0000][160][safepoint   ] Safepoint "G1CollectForAllocation", Time since last: 664285292 ns, Reaching safepoint: 127167 ns, At safepoint: 13719916 ns, Total: 13847083 ns
[2022-05-06T05:03:13.685+0000][160][gc          ] GC(25) Concurrent Mark Cycle
[2022-05-06T05:03:13.686+0000][160][gc,marking  ] GC(25) Concurrent Clear Claimed Marks
[2022-05-06T05:03:13.687+0000][160][gc,marking  ] GC(25) Concurrent Clear Claimed Marks 0.941ms
[2022-05-06T05:03:13.688+0000][160][gc,marking  ] GC(25) Concurrent Scan Root Regions
[2022-05-06T05:03:13.690+0000][160][gc,marking  ] GC(25) Concurrent Scan Root Regions 1.981ms
[2022-05-06T05:03:13.690+0000][160][gc,marking  ] GC(25) Concurrent Mark
[2022-05-06T05:03:13.691+0000][160][gc,marking  ] GC(25) Concurrent Mark From Roots
[2022-05-06T05:03:13.692+0000][160][gc,task     ] GC(25) Using 1 workers of 1 for marking
[2022-05-06T05:03:13.820+0000][160][gc,marking  ] GC(25) Concurrent Mark From Roots 128.805ms
[2022-05-06T05:03:13.820+0000][160][gc,marking  ] GC(25) Concurrent Preclean
[2022-05-06T05:03:13.822+0000][160][gc,marking  ] GC(25) Concurrent Preclean 1.118ms
[2022-05-06T05:03:13.823+0000][160][gc,start    ] GC(25) Pause Remark
[2022-05-06T05:03:13.831+0000][160][gc          ] GC(25) Pause Remark 193M->193M(512M) 8.541ms
[2022-05-06T05:03:13.832+0000][160][gc,cpu      ] GC(25) User=0.03s Sys=0.00s Real=0.01s
[2022-05-06T05:03:13.833+0000][160][safepoint   ] Safepoint "G1Concurrent", Time since last: 137829459 ns, Reaching safepoint: 107666 ns, At safepoint: 10154750 ns, Total: 10262416 ns
[2022-05-06T05:03:13.834+0000][160][gc,marking  ] GC(25) Concurrent Mark 143.172ms
[2022-05-06T05:03:13.834+0000][160][gc,marking  ] GC(25) Concurrent Rebuild Remembered Sets
[2022-05-06T05:03:13.916+0000][160][gc,marking  ] GC(25) Concurrent Rebuild Remembered Sets 81.917ms
[2022-05-06T05:03:13.918+0000][160][gc,start    ] GC(25) Pause Cleanup
[2022-05-06T05:03:13.919+0000][160][gc          ] GC(25) Pause Cleanup 201M->201M(512M) 0.712ms
[2022-05-06T05:03:13.919+0000][160][gc,cpu      ] GC(25) User=0.00s Sys=0.00s Real=0.00s
[2022-05-06T05:03:13.920+0000][160][safepoint   ] Safepoint "G1Concurrent", Time since last: 84991042 ns, Reaching safepoint: 105667 ns, At safepoint: 2420916 ns, Total: 2526583 ns
[2022-05-06T05:03:13.921+0000][160][gc,marking  ] GC(25) Concurrent Cleanup for Next Mark
[2022-05-06T05:03:13.922+0000][160][gc,marking  ] GC(25) Concurrent Cleanup for Next Mark 0.957ms
[2022-05-06T05:03:13.923+0000][160][gc          ] GC(25) Concurrent Mark Cycle 237.833ms
[2022-05-06T05:03:14.921+0000][160][safepoint   ] Safepoint "Cleanup", Time since last: 1000739084 ns, Reaching safepoint: 190459 ns, At safepoint: 10125 ns, Total: 200584 ns
[2022-05-06T05:03:15.285+0000][160][gc,start    ] GC(26) Pause Young (Normal) (G1 Evacuation Pause)
[2022-05-06T05:03:15.285+0000][160][gc,task     ] GC(26) Using 5 workers of 5 for evacuation
[2022-05-06T05:03:15.286+0000][160][gc,age      ] GC(26) Desired survivor size 14680064 bytes, new threshold 15 (max threshold 15)
[2022-05-06T05:03:15.288+0000][160][gc,age      ] GC(26) Age table with threshold 15 (max threshold 15)
[2022-05-06T05:03:15.289+0000][160][gc,age      ] GC(26) - age   1:     120456 bytes,     120456 total
[2022-05-06T05:03:15.290+0000][160][gc,age      ] GC(26) - age   2:    1778416 bytes,    1898872 total
[2022-05-06T05:03:15.290+0000][160][gc,phases   ] GC(26)   Pre Evacuate Collection Set: 0.1ms
[2022-05-06T05:03:15.291+0000][160][gc,phases   ] GC(26)   Merge Heap Roots: 0.2ms
[2022-05-06T05:03:15.292+0000][160][gc,phases   ] GC(26)   Evacuate Collection Set: 1.0ms
[2022-05-06T05:03:15.293+0000][160][gc,phases   ] GC(26)   Post Evacuate Collection Set: 0.8ms
[2022-05-06T05:03:15.293+0000][160][gc,phases   ] GC(26)   Other: 3.9ms
[2022-05-06T05:03:15.294+0000][160][gc,heap     ] GC(26) Eden regions: 49->0(52)
[2022-05-06T05:03:15.294+0000][160][gc,heap     ] GC(26) Survivor regions: 1->1(7)
[2022-05-06T05:03:15.295+0000][160][gc,heap     ] GC(26) Old regions: 35->35
[2022-05-06T05:03:15.295+0000][160][gc,heap     ] GC(26) Archive regions: 2->2
[2022-05-06T05:03:15.296+0000][160][gc,heap     ] GC(26) Humongous regions: 8->8
[2022-05-06T05:03:15.297+0000][160][gc,metaspace] GC(26) Metaspace: 101631K(103104K)->101631K(103104K) NonClass: 87577K(88512K)->87577K(88512K) Class: 14054K(14592K)->14054K(14592K)
[2022-05-06T05:03:15.298+0000][160][gc          ] GC(26) Pause Young (Normal) (G1 Evacuation Pause) 373M->177M(512M) 13.220ms
[2022-05-06T05:03:15.298+0000][160][gc,cpu      ] GC(26) User=0.00s Sys=0.00s Real=0.01s
[2022-05-06T05:03:15.299+0000][160][safepoint   ] Safepoint "G1CollectForAllocation", Time since last: 363137625 ns, Reaching safepoint: 77625 ns, At safepoint: 14339458 ns, Total: 14417083 ns
[2022-05-06T05:03:16.300+0000][160][safepoint   ] Safepoint "Cleanup", Time since last: 1000765209 ns, Reaching safepoint: 53667 ns, At safepoint: 6958 ns, Total: 60625 ns
[2022-05-06T05:03:17.301+0000][160][safepoint   ] Safepoint "Cleanup", Time since last: 1001083167 ns, Reaching safepoint: 163375 ns, At safepoint: 4667 ns, Total: 168042 ns
[2022-05-06T05:03:19.302+0000][160][safepoint   ] Safepoint "Cleanup", Time since last: 2000822001 ns, Reaching safepoint: 91791 ns, At safepoint: 3584 ns, Total: 95375 ns
[2022-05-06T05:03:20.908+0000][160][safepoint   ] Safepoint "Cleanup", Time since last: 1606263125 ns, Reaching safepoint: 229375 ns, At safepoint: 3917 ns, Total: 233292 ns
[2022-05-06T05:03:21.511+0000][160][gc,start    ] GC(27) Pause Young (Concurrent Start) (G1 Evacuation Pause)
[2022-05-06T05:03:21.512+0000][160][gc,task     ] GC(27) Using 5 workers of 5 for evacuation
[2022-05-06T05:03:21.513+0000][160][gc,age      ] GC(27) Desired survivor size 14680064 bytes, new threshold 15 (max threshold 15)
[2022-05-06T05:03:21.516+0000][160][gc,age      ] GC(27) Age table with threshold 15 (max threshold 15)
[2022-05-06T05:03:21.518+0000][160][gc,age      ] GC(27) - age   1:    2612792 bytes,    2612792 total
[2022-05-06T05:03:21.519+0000][160][gc,age      ] GC(27) - age   2:        872 bytes,    2613664 total
[2022-05-06T05:03:21.520+0000][160][gc,age      ] GC(27) - age   3:    1316552 bytes,    3930216 total
[2022-05-06T05:03:21.521+0000][160][gc,phases   ] GC(27)   Pre Evacuate Collection Set: 0.2ms
[2022-05-06T05:03:21.522+0000][160][gc,phases   ] GC(27)   Merge Heap Roots: 0.1ms
[2022-05-06T05:03:21.522+0000][160][gc,phases   ] GC(27)   Evacuate Collection Set: 1.2ms
[2022-05-06T05:03:21.523+0000][160][gc,phases   ] GC(27)   Post Evacuate Collection Set: 0.8ms
[2022-05-06T05:03:21.524+0000][160][gc,phases   ] GC(27)   Other: 7.6ms
[2022-05-06T05:03:21.525+0000][160][gc,heap     ] GC(27) Eden regions: 52->0(53)
[2022-05-06T05:03:21.525+0000][160][gc,heap     ] GC(27) Survivor regions: 1->1(7)
[2022-05-06T05:03:21.526+0000][160][gc,heap     ] GC(27) Old regions: 35->35
[2022-05-06T05:03:21.527+0000][160][gc,heap     ] GC(27) Archive regions: 2->2
[2022-05-06T05:03:21.527+0000][160][gc,heap     ] GC(27) Humongous regions: 8->8
[2022-05-06T05:03:21.528+0000][160][gc,metaspace] GC(27) Metaspace: 102884K(104384K)->102884K(104384K) NonClass: 88673K(89600K)->88673K(89600K) Class: 14210K(14784K)->14210K(14784K)
[2022-05-06T05:03:21.528+0000][160][gc          ] GC(27) Pause Young (Concurrent Start) (G1 Evacuation Pause) 385M->179M(512M) 17.521ms
[2022-05-06T05:03:21.529+0000][160][gc,cpu      ] GC(27) User=0.00s Sys=0.01s Real=0.02s
[2022-05-06T05:03:21.530+0000][160][gc          ] GC(28) Concurrent Mark Cycle
[2022-05-06T05:03:21.531+0000][160][gc,marking  ] GC(28) Concurrent Clear Claimed Marks
[2022-05-06T05:03:21.531+0000][160][gc,marking  ] GC(28) Concurrent Clear Claimed Marks 0.666ms
[2022-05-06T05:03:21.532+0000][160][gc,marking  ] GC(28) Concurrent Scan Root Regions
[2022-05-06T05:03:21.530+0000][160][safepoint   ] Safepoint "G1CollectForAllocation", Time since last: 602441250 ns, Reaching safepoint: 157750 ns, At safepoint: 18978000 ns, Total: 19135750 ns
[2022-05-06T05:03:21.534+0000][160][gc,marking  ] GC(28) Concurrent Scan Root Regions 1.912ms
[2022-05-06T05:03:21.535+0000][160][gc,marking  ] GC(28) Concurrent Mark
[2022-05-06T05:03:21.536+0000][160][gc,marking  ] GC(28) Concurrent Mark From Roots
[2022-05-06T05:03:21.536+0000][160][gc,task     ] GC(28) Using 1 workers of 1 for marking
[2022-05-06T05:03:21.606+0000][160][gc,marking  ] GC(28) Concurrent Mark From Roots 70.941ms
[2022-05-06T05:03:21.607+0000][160][gc,marking  ] GC(28) Concurrent Preclean
[2022-05-06T05:03:21.608+0000][160][gc,marking  ] GC(28) Concurrent Preclean 1.146ms
[2022-05-06T05:03:21.610+0000][160][gc,start    ] GC(28) Pause Remark
[2022-05-06T05:03:21.614+0000][160][gc          ] GC(28) Pause Remark 187M->159M(512M) 4.406ms
[2022-05-06T05:03:21.615+0000][160][gc,cpu      ] GC(28) User=0.01s Sys=0.00s Real=0.01s
[2022-05-06T05:03:21.616+0000][160][safepoint   ] Safepoint "G1Concurrent", Time since last: 79585209 ns, Reaching safepoint: 224125 ns, At safepoint: 5901666 ns, Total: 6125791 ns
[2022-05-06T05:03:21.617+0000][160][gc,marking  ] GC(28) Concurrent Mark 82.076ms
[2022-05-06T05:03:21.618+0000][160][gc,marking  ] GC(28) Concurrent Rebuild Remembered Sets
[2022-05-06T05:03:21.662+0000][160][gc,marking  ] GC(28) Concurrent Rebuild Remembered Sets 44.280ms
[2022-05-06T05:03:21.663+0000][160][gc,start    ] GC(28) Pause Cleanup
[2022-05-06T05:03:21.664+0000][160][gc          ] GC(28) Pause Cleanup 161M->161M(512M) 0.660ms
[2022-05-06T05:03:21.664+0000][160][gc,cpu      ] GC(28) User=0.00s Sys=0.01s Real=0.01s
[2022-05-06T05:03:21.665+0000][160][safepoint   ] Safepoint "G1Concurrent", Time since last: 47015334 ns, Reaching safepoint: 221625 ns, At safepoint: 2032416 ns, Total: 2254041 ns
[2022-05-06T05:03:21.666+0000][160][gc,marking  ] GC(28) Concurrent Cleanup for Next Mark
[2022-05-06T05:03:21.667+0000][160][gc,marking  ] GC(28) Concurrent Cleanup for Next Mark 1.235ms
[2022-05-06T05:03:21.668+0000][160][gc          ] GC(28) Concurrent Mark Cycle 137.721ms
[2022-05-06T05:03:22.668+0000][160][safepoint   ] Safepoint "Cleanup", Time since last: 1002368543 ns, Reaching safepoint: 350000 ns, At safepoint: 9916 ns, Total: 359916 ns
[2022-05-06T05:03:23.674+0000][160][safepoint   ] Safepoint "Cleanup", Time since last: 1006189251 ns, Reaching safepoint: 380291 ns, At safepoint: 10792 ns, Total: 391083 ns
[2022-05-06T05:03:24.677+0000][160][safepoint   ] Safepoint "Cleanup", Time since last: 1002726917 ns, Reaching safepoint: 480667 ns, At safepoint: 7667 ns, Total: 488334 ns
[2022-05-06T05:03:25.681+0000][160][safepoint   ] Safepoint "Cleanup", Time since last: 1003692167 ns, Reaching safepoint: 354375 ns, At safepoint: 8625 ns, Total: 363000 ns
[2022-05-06T05:03:27.691+0000][160][safepoint   ] Safepoint "Cleanup", Time since last: 2008773334 ns, Reaching safepoint: 503167 ns, At safepoint: 14000 ns, Total: 517167 ns
[2022-05-06T05:03:28.700+0000][160][safepoint   ] Safepoint "Cleanup", Time since last: 1008127667 ns, Reaching safepoint: 609375 ns, At safepoint: 40625 ns, Total: 650000 ns
[2022-05-06T05:03:30.708+0000][160][safepoint   ] Safepoint "Cleanup", Time since last: 2007332584 ns, Reaching safepoint: 632167 ns, At safepoint: 11750 ns, Total: 643917 ns
[2022-05-06T05:03:40.743+0000][160][safepoint   ] Safepoint "Cleanup", Time since last: 10042062379 ns, Reaching safepoint: 292625 ns, At safepoint: 8833 ns, Total: 301458 ns
[2022-05-06T05:03:43.753+0000][160][safepoint   ] Safepoint "Cleanup", Time since last: 3010160752 ns, Reaching safepoint: 369166 ns, At safepoint: 14875 ns, Total: 384041 ns
[2022-05-06T05:03:45.767+0000][160][safepoint   ] Safepoint "Cleanup", Time since last: 2013079251 ns, Reaching safepoint: 699417 ns, At safepoint: 19708 ns, Total: 719125 ns
[2022-05-06T05:03:46.778+0000][160][safepoint   ] Safepoint "Cleanup", Time since last: 1010794459 ns, Reaching safepoint: 328625 ns, At safepoint: 29833 ns, Total: 358458 ns
[2022-05-06T05:03:46.992+0000][160][gc,start    ] GC(29) Pause Young (Prepare Mixed) (G1 Evacuation Pause)
[2022-05-06T05:03:46.993+0000][160][gc,task     ] GC(29) Using 5 workers of 5 for evacuation
[2022-05-06T05:03:46.994+0000][160][gc,age      ] GC(29) Desired survivor size 14680064 bytes, new threshold 15 (max threshold 15)
[2022-05-06T05:03:46.999+0000][160][gc,age      ] GC(29) Age table with threshold 15 (max threshold 15)
[2022-05-06T05:03:47.000+0000][160][gc,age      ] GC(29) - age   1:    1588368 bytes,    1588368 total
[2022-05-06T05:03:47.001+0000][160][gc,age      ] GC(29) - age   2:     297856 bytes,    1886224 total
[2022-05-06T05:03:47.001+0000][160][gc,age      ] GC(29) - age   3:        784 bytes,    1887008 total
[2022-05-06T05:03:47.002+0000][160][gc,age      ] GC(29) - age   4:      62952 bytes,    1949960 total
[2022-05-06T05:03:47.002+0000][160][gc,phases   ] GC(29)   Pre Evacuate Collection Set: 0.1ms
[2022-05-06T05:03:47.003+0000][160][gc,phases   ] GC(29)   Merge Heap Roots: 0.1ms
[2022-05-06T05:03:47.004+0000][160][gc,phases   ] GC(29)   Evacuate Collection Set: 3.3ms
[2022-05-06T05:03:47.004+0000][160][gc,phases   ] GC(29)   Post Evacuate Collection Set: 0.7ms
[2022-05-06T05:03:47.005+0000][160][gc,phases   ] GC(29)   Other: 6.0ms
[2022-05-06T05:03:47.005+0000][160][gc,heap     ] GC(29) Eden regions: 53->0(5)
[2022-05-06T05:03:47.006+0000][160][gc,heap     ] GC(29) Survivor regions: 1->1(7)
[2022-05-06T05:03:47.007+0000][160][gc,heap     ] GC(29) Old regions: 30->30
[2022-05-06T05:03:47.007+0000][160][gc,heap     ] GC(29) Archive regions: 2->2
[2022-05-06T05:03:47.008+0000][160][gc,heap     ] GC(29) Humongous regions: 6->6
[2022-05-06T05:03:47.008+0000][160][gc,metaspace] GC(29) Metaspace: 103445K(104896K)->103445K(104896K) NonClass: 89157K(90048K)->89157K(90048K) Class: 14287K(14848K)->14287K(14848K)
[2022-05-06T05:03:47.009+0000][160][gc          ] GC(29) Pause Young (Prepare Mixed) (G1 Evacuation Pause) 363M->149M(512M) 16.645ms
[2022-05-06T05:03:47.010+0000][160][gc,cpu      ] GC(29) User=0.02s Sys=0.01s Real=0.02s
[2022-05-06T05:03:47.010+0000][160][safepoint   ] Safepoint "G1CollectForAllocation", Time since last: 213936001 ns, Reaching safepoint: 171333 ns, At safepoint: 17769917 ns, Total: 17941250 ns
[2022-05-06T05:03:47.015+0000][160][gc,start    ] GC(30) Pause Young (Mixed) (G1 Evacuation Pause)
[2022-05-06T05:03:47.016+0000][160][gc,task     ] GC(30) Using 5 workers of 5 for evacuation
[2022-05-06T05:03:47.016+0000][160][gc,age      ] GC(30) Desired survivor size 2097152 bytes, new threshold 15 (max threshold 15)
[2022-05-06T05:03:47.019+0000][160][gc,age      ] GC(30) Age table with threshold 15 (max threshold 15)
[2022-05-06T05:03:47.020+0000][160][gc,age      ] GC(30) - age   1:        456 bytes,        456 total
[2022-05-06T05:03:47.021+0000][160][gc,age      ] GC(30) - age   2:    1581856 bytes,    1582312 total
[2022-05-06T05:03:47.021+0000][160][gc,age      ] GC(30) - age   3:     297856 bytes,    1880168 total
[2022-05-06T05:03:47.022+0000][160][gc,age      ] GC(30) - age   4:        784 bytes,    1880952 total
[2022-05-06T05:03:47.022+0000][160][gc,age      ] GC(30) - age   5:      62952 bytes,    1943904 total
[2022-05-06T05:03:47.023+0000][160][gc,phases   ] GC(30)   Pre Evacuate Collection Set: 0.1ms
[2022-05-06T05:03:47.024+0000][160][gc,phases   ] GC(30)   Merge Heap Roots: 0.3ms
[2022-05-06T05:03:47.024+0000][160][gc,phases   ] GC(30)   Evacuate Collection Set: 1.3ms
[2022-05-06T05:03:47.025+0000][160][gc,phases   ] GC(30)   Post Evacuate Collection Set: 0.6ms
[2022-05-06T05:03:47.026+0000][160][gc,phases   ] GC(30)   Other: 6.1ms
[2022-05-06T05:03:47.026+0000][160][gc,heap     ] GC(30) Eden regions: 5->0(65)
[2022-05-06T05:03:47.027+0000][160][gc,heap     ] GC(30) Survivor regions: 1->1(1)
[2022-05-06T05:03:47.028+0000][160][gc,heap     ] GC(30) Old regions: 30->26
[2022-05-06T05:03:47.028+0000][160][gc,heap     ] GC(30) Archive regions: 2->2
[2022-05-06T05:03:47.029+0000][160][gc,heap     ] GC(30) Humongous regions: 6->6
[2022-05-06T05:03:47.030+0000][160][gc,metaspace] GC(30) Metaspace: 103445K(104896K)->103445K(104896K) NonClass: 89157K(90048K)->89157K(90048K) Class: 14287K(14848K)->14287K(14848K)
[2022-05-06T05:03:47.030+0000][160][gc          ] GC(30) Pause Young (Mixed) (G1 Evacuation Pause) 169M->130M(512M) 15.532ms
[2022-05-06T05:03:47.031+0000][160][gc,cpu      ] GC(30) User=0.01s Sys=0.00s Real=0.02s
[2022-05-06T05:03:47.031+0000][160][safepoint   ] Safepoint "G1CollectForAllocation", Time since last: 4634791 ns, Reaching safepoint: 55375 ns, At safepoint: 16503209 ns, Total: 16558584 ns
[2022-05-06T05:03:48.037+0000][160][safepoint   ] Safepoint "Cleanup", Time since last: 1005445542 ns, Reaching safepoint: 545000 ns, At safepoint: 11875 ns, Total: 556875 ns
[2022-05-06T05:03:51.077+0000][160][safepoint   ] Safepoint "Cleanup", Time since last: 3036747293 ns, Reaching safepoint: 2573875 ns, At safepoint: 18958 ns, Total: 2592833 ns
[2022-05-06T05:03:52.088+0000][160][safepoint   ] Safepoint "Cleanup", Time since last: 1010249459 ns, Reaching safepoint: 1457167 ns, At safepoint: 20041 ns, Total: 1477208 ns
[2022-05-06T05:03:55.324+0000][160][safepoint   ] Safepoint "Cleanup", Time since last: 3235727043 ns, Reaching safepoint: 60667 ns, At safepoint: 4208 ns, Total: 64875 ns
[2022-05-06T05:03:55.562+0000][160][safepoint   ] Safepoint "ICBufferFull", Time since last: 237563709 ns, Reaching safepoint: 240833 ns, At safepoint: 173500 ns, Total: 414333 ns
[2022-05-06T05:03:56.130+0000][160][safepoint   ] Safepoint "ICBufferFull", Time since last: 567153792 ns, Reaching safepoint: 544167 ns, At safepoint: 390000 ns, Total: 934167 ns
[2022-05-06T05:03:56.283+0000][160][gc,start    ] GC(31) Pause Young (Normal) (G1 Evacuation Pause)
[2022-05-06T05:03:56.284+0000][160][gc,task     ] GC(31) Using 5 workers of 5 for evacuation
[2022-05-06T05:03:56.285+0000][160][gc,age      ] GC(31) Desired survivor size 18874368 bytes, new threshold 15 (max threshold 15)
[2022-05-06T05:03:56.290+0000][160][gc,age      ] GC(31) Age table with threshold 15 (max threshold 15)
[2022-05-06T05:03:56.291+0000][160][gc,age      ] GC(31) - age   1:   18226000 bytes,   18226000 total
[2022-05-06T05:03:56.292+0000][160][gc,age      ] GC(31) - age   3:     570056 bytes,   18796056 total
[2022-05-06T05:03:56.293+0000][160][gc,age      ] GC(31) - age   4:     297624 bytes,   19093680 total
[2022-05-06T05:03:56.294+0000][160][gc,age      ] GC(31) - age   5:        784 bytes,   19094464 total
[2022-05-06T05:03:56.294+0000][160][gc,age      ] GC(31) - age   6:      62952 bytes,   19157416 total
[2022-05-06T05:03:56.295+0000][160][gc,phases   ] GC(31)   Pre Evacuate Collection Set: 0.2ms
[2022-05-06T05:03:56.295+0000][160][gc,phases   ] GC(31)   Merge Heap Roots: 0.1ms
[2022-05-06T05:03:56.296+0000][160][gc,phases   ] GC(31)   Evacuate Collection Set: 2.8ms
[2022-05-06T05:03:56.297+0000][160][gc,phases   ] GC(31)   Post Evacuate Collection Set: 0.7ms
[2022-05-06T05:03:56.297+0000][160][gc,phases   ] GC(31)   Other: 7.9ms
[2022-05-06T05:03:56.298+0000][160][gc,heap     ] GC(31) Eden regions: 65->0(59)
[2022-05-06T05:03:56.299+0000][160][gc,heap     ] GC(31) Survivor regions: 1->5(9)
[2022-05-06T05:03:56.299+0000][160][gc,heap     ] GC(31) Old regions: 26->26
[2022-05-06T05:03:56.300+0000][160][gc,heap     ] GC(31) Archive regions: 2->2
[2022-05-06T05:03:56.300+0000][160][gc,heap     ] GC(31) Humongous regions: 6->6
[2022-05-06T05:03:56.300+0000][160][gc,metaspace] GC(31) Metaspace: 103919K(105408K)->103919K(105408K) NonClass: 89601K(90560K)->89601K(90560K) Class: 14317K(14848K)->14317K(14848K)
[2022-05-06T05:03:56.301+0000][160][gc          ] GC(31) Pause Young (Normal) (G1 Evacuation Pause) 390M->147M(512M) 18.055ms
[2022-05-06T05:03:56.302+0000][160][gc,cpu      ] GC(31) User=0.01s Sys=0.00s Real=0.02s
[2022-05-06T05:03:56.302+0000][160][safepoint   ] Safepoint "G1CollectForAllocation", Time since last: 152524625 ns, Reaching safepoint: 459667 ns, At safepoint: 19315708 ns, Total: 19775375 ns
[2022-05-06T05:03:57.186+0000][160][gc,start    ] GC(32) Pause Young (Normal) (G1 Evacuation Pause)
[2022-05-06T05:03:57.187+0000][160][gc,task     ] GC(32) Using 5 workers of 5 for evacuation
[2022-05-06T05:03:57.187+0000][160][gc,age      ] GC(32) Desired survivor size 16777216 bytes, new threshold 1 (max threshold 15)
[2022-05-06T05:03:57.191+0000][160][gc,age      ] GC(32) Age table with threshold 1 (max threshold 15)
[2022-05-06T05:03:57.192+0000][160][gc,age      ] GC(32) - age   1:   11008696 bytes,   11008696 total
[2022-05-06T05:03:57.193+0000][160][gc,phases   ] GC(32)   Pre Evacuate Collection Set: 0.1ms
[2022-05-06T05:03:57.194+0000][160][gc,phases   ] GC(32)   Merge Heap Roots: 0.1ms
[2022-05-06T05:03:57.194+0000][160][gc,phases   ] GC(32)   Evacuate Collection Set: 2.2ms
[2022-05-06T05:03:57.195+0000][160][gc,phases   ] GC(32)   Post Evacuate Collection Set: 0.6ms
[2022-05-06T05:03:57.195+0000][160][gc,phases   ] GC(32)   Other: 3.8ms
[2022-05-06T05:03:57.196+0000][160][gc,heap     ] GC(32) Eden regions: 59->0(57)
[2022-05-06T05:03:57.197+0000][160][gc,heap     ] GC(32) Survivor regions: 5->3(8)
[2022-05-06T05:03:57.197+0000][160][gc,heap     ] GC(32) Old regions: 26->30
[2022-05-06T05:03:57.198+0000][160][gc,heap     ] GC(32) Archive regions: 2->2
[2022-05-06T05:03:57.198+0000][160][gc,heap     ] GC(32) Humongous regions: 6->6
[2022-05-06T05:03:57.199+0000][160][gc,metaspace] GC(32) Metaspace: 103977K(105472K)->103977K(105472K) NonClass: 89657K(90624K)->89657K(90624K) Class: 14320K(14848K)->14320K(14848K)
[2022-05-06T05:03:57.200+0000][160][gc          ] GC(32) Pause Young (Normal) (G1 Evacuation Pause) 383M->156M(512M) 13.929ms
[2022-05-06T05:03:57.201+0000][160][gc,cpu      ] GC(32) User=0.01s Sys=0.00s Real=0.01s
[2022-05-06T05:03:57.201+0000][160][safepoint   ] Safepoint "G1CollectForAllocation", Time since last: 883269209 ns, Reaching safepoint: 157416 ns, At safepoint: 15526209 ns, Total: 15683625 ns
[2022-05-06T05:03:58.044+0000][160][gc,start    ] GC(33) Pause Young (Concurrent Start) (G1 Humongous Allocation)
[2022-05-06T05:03:58.045+0000][160][gc,task     ] GC(33) Using 5 workers of 5 for evacuation
[2022-05-06T05:03:58.046+0000][160][gc,age      ] GC(33) Desired survivor size 16777216 bytes, new threshold 15 (max threshold 15)
[2022-05-06T05:03:58.051+0000][160][gc,age      ] GC(33) Age table with threshold 15 (max threshold 15)
[2022-05-06T05:03:58.052+0000][160][gc,age      ] GC(33) - age   1:    8855320 bytes,    8855320 total
[2022-05-06T05:03:58.053+0000][160][gc,age      ] GC(33) - age   2:    6866256 bytes,   15721576 total
[2022-05-06T05:03:58.054+0000][160][gc,phases   ] GC(33)   Pre Evacuate Collection Set: 0.5ms
[2022-05-06T05:03:58.054+0000][160][gc,phases   ] GC(33)   Merge Heap Roots: 0.2ms
[2022-05-06T05:03:58.055+0000][160][gc,phases   ] GC(33)   Evacuate Collection Set: 1.4ms
[2022-05-06T05:03:58.056+0000][160][gc,phases   ] GC(33)   Post Evacuate Collection Set: 0.8ms
[2022-05-06T05:03:58.057+0000][160][gc,phases   ] GC(33)   Other: 6.8ms
[2022-05-06T05:03:58.057+0000][160][gc,heap     ] GC(33) Eden regions: 23->0(56)
[2022-05-06T05:03:58.058+0000][160][gc,heap     ] GC(33) Survivor regions: 3->4(8)
[2022-05-06T05:03:58.059+0000][160][gc,heap     ] GC(33) Old regions: 30->30
[2022-05-06T05:03:58.059+0000][160][gc,heap     ] GC(33) Archive regions: 2->2
[2022-05-06T05:03:58.060+0000][160][gc,heap     ] GC(33) Humongous regions: 6->6
[2022-05-06T05:03:58.061+0000][160][gc,metaspace] GC(33) Metaspace: 104055K(105536K)->104055K(105536K) NonClass: 89734K(90688K)->89734K(90688K) Class: 14320K(14848K)->14320K(14848K)
[2022-05-06T05:03:58.062+0000][160][gc          ] GC(33) Pause Young (Concurrent Start) (G1 Humongous Allocation) 247M->160M(512M) 17.370ms
[2022-05-06T05:03:58.062+0000][160][gc,cpu      ] GC(33) User=0.01s Sys=0.00s Real=0.02s
[2022-05-06T05:03:58.063+0000][160][gc          ] GC(34) Concurrent Undo Cycle
[2022-05-06T05:03:58.064+0000][160][gc,marking  ] GC(34) Concurrent Cleanup for Next Mark
[2022-05-06T05:03:58.063+0000][160][safepoint   ] Safepoint "G1TryInitiateConcMark", Time since last: 842478417 ns, Reaching safepoint: 217291 ns, At safepoint: 18786125 ns, Total: 19003416 ns
[2022-05-06T05:03:58.065+0000][160][gc,marking  ] GC(34) Concurrent Cleanup for Next Mark 1.272ms
[2022-05-06T05:03:58.066+0000][160][gc          ] GC(34) Concurrent Undo Cycle 2.608ms
[2022-05-06T05:03:59.213+0000][160][gc,start    ] GC(35) Pause Young (Normal) (G1 Evacuation Pause)
[2022-05-06T05:03:59.214+0000][160][gc,task     ] GC(35) Using 5 workers of 5 for evacuation
[2022-05-06T05:03:59.214+0000][160][gc,age      ] GC(35) Desired survivor size 16777216 bytes, new threshold 15 (max threshold 15)
[2022-05-06T05:03:59.218+0000][160][gc,age      ] GC(35) Age table with threshold 15 (max threshold 15)
[2022-05-06T05:03:59.219+0000][160][gc,age      ] GC(35) - age   1:   20035696 bytes,   20035696 total
[2022-05-06T05:03:59.220+0000][160][gc,age      ] GC(35) - age   2:    3305904 bytes,   23341600 total
[2022-05-06T05:03:59.220+0000][160][gc,age      ] GC(35) - age   3:    5080872 bytes,   28422472 total
[2022-05-06T05:03:59.221+0000][160][gc,phases   ] GC(35)   Pre Evacuate Collection Set: 0.3ms
[2022-05-06T05:03:59.221+0000][160][gc,phases   ] GC(35)   Merge Heap Roots: 0.1ms
[2022-05-06T05:03:59.222+0000][160][gc,phases   ] GC(35)   Evacuate Collection Set: 1.8ms
[2022-05-06T05:03:59.223+0000][160][gc,phases   ] GC(35)   Post Evacuate Collection Set: 0.9ms
[2022-05-06T05:03:59.223+0000][160][gc,phases   ] GC(35)   Other: 4.8ms
[2022-05-06T05:03:59.224+0000][160][gc,heap     ] GC(35) Eden regions: 56->0(50)
[2022-05-06T05:03:59.224+0000][160][gc,heap     ] GC(35) Survivor regions: 4->8(8)
[2022-05-06T05:03:59.225+0000][160][gc,heap     ] GC(35) Old regions: 30->30
[2022-05-06T05:03:59.226+0000][160][gc,heap     ] GC(35) Archive regions: 2->2
[2022-05-06T05:03:59.227+0000][160][gc,heap     ] GC(35) Humongous regions: 7->7
[2022-05-06T05:03:59.227+0000][160][gc,metaspace] GC(35) Metaspace: 104077K(105536K)->104077K(105536K) NonClass: 89756K(90688K)->89756K(90688K) Class: 14320K(14848K)->14320K(14848K)
[2022-05-06T05:03:59.228+0000][160][gc          ] GC(35) Pause Young (Normal) (G1 Evacuation Pause) 388M->177M(512M) 15.266ms
[2022-05-06T05:03:59.229+0000][160][gc,cpu      ] GC(35) User=0.02s Sys=0.00s Real=0.02s
[2022-05-06T05:03:59.230+0000][160][safepoint   ] Safepoint "G1CollectForAllocation", Time since last: 1149652543 ns, Reaching safepoint: 244583 ns, At safepoint: 17567583 ns, Total: 17812166 ns
[2022-05-06T05:03:59.887+0000][160][gc,start    ] GC(36) Pause Young (Concurrent Start) (G1 Evacuation Pause)
[2022-05-06T05:03:59.888+0000][160][gc,task     ] GC(36) Using 5 workers of 5 for evacuation
[2022-05-06T05:03:59.888+0000][160][gc,age      ] GC(36) Desired survivor size 16777216 bytes, new threshold 1 (max threshold 15)
[2022-05-06T05:03:59.892+0000][160][gc,age      ] GC(36) Age table with threshold 1 (max threshold 15)
[2022-05-06T05:03:59.893+0000][160][gc,age      ] GC(36) - age   1:   10310128 bytes,   10310128 total
[2022-05-06T05:03:59.894+0000][160][gc,phases   ] GC(36)   Pre Evacuate Collection Set: 0.4ms
[2022-05-06T05:03:59.895+0000][160][gc,phases   ] GC(36)   Merge Heap Roots: 0.2ms
[2022-05-06T05:03:59.896+0000][160][gc,phases   ] GC(36)   Evacuate Collection Set: 2.0ms
[2022-05-06T05:03:59.896+0000][160][gc,phases   ] GC(36)   Post Evacuate Collection Set: 0.7ms
[2022-05-06T05:03:59.897+0000][160][gc,phases   ] GC(36)   Other: 4.2ms
[2022-05-06T05:03:59.898+0000][160][gc,heap     ] GC(36) Eden regions: 50->0(49)
[2022-05-06T05:03:59.898+0000][160][gc,heap     ] GC(36) Survivor regions: 8->3(8)
[2022-05-06T05:03:59.899+0000][160][gc,heap     ] GC(36) Old regions: 30->36
[2022-05-06T05:03:59.900+0000][160][gc,heap     ] GC(36) Archive regions: 2->2
[2022-05-06T05:03:59.900+0000][160][gc,heap     ] GC(36) Humongous regions: 7->7
[2022-05-06T05:03:59.901+0000][160][gc,metaspace] GC(36) Metaspace: 104085K(105536K)->104085K(105536K) NonClass: 89764K(90688K)->89764K(90688K) Class: 14321K(14848K)->14321K(14848K)
[2022-05-06T05:03:59.902+0000][160][gc          ] GC(36) Pause Young (Concurrent Start) (G1 Evacuation Pause) 377M->184M(512M) 14.972ms
[2022-05-06T05:03:59.902+0000][160][gc,cpu      ] GC(36) User=0.01s Sys=0.01s Real=0.01s
[2022-05-06T05:03:59.903+0000][160][gc          ] GC(37) Concurrent Mark Cycle
[2022-05-06T05:03:59.904+0000][160][gc,marking  ] GC(37) Concurrent Clear Claimed Marks
[2022-05-06T05:03:59.903+0000][160][safepoint   ] Safepoint "G1CollectForAllocation", Time since last: 656231376 ns, Reaching safepoint: 180083 ns, At safepoint: 16302792 ns, Total: 16482875 ns
[2022-05-06T05:03:59.905+0000][160][gc,marking  ] GC(37) Concurrent Clear Claimed Marks 1.115ms
[2022-05-06T05:03:59.906+0000][160][gc,marking  ] GC(37) Concurrent Scan Root Regions
[2022-05-06T05:03:59.909+0000][160][gc,marking  ] GC(37) Concurrent Scan Root Regions 2.910ms
[2022-05-06T05:03:59.910+0000][160][gc,marking  ] GC(37) Concurrent Mark
[2022-05-06T05:03:59.910+0000][160][gc,marking  ] GC(37) Concurrent Mark From Roots
[2022-05-06T05:03:59.911+0000][160][gc,task     ] GC(37) Using 1 workers of 1 for marking
[2022-05-06T05:04:00.060+0000][160][gc,marking  ] GC(37) Concurrent Mark From Roots 149.699ms
[2022-05-06T05:04:00.061+0000][160][gc,marking  ] GC(37) Concurrent Preclean
[2022-05-06T05:04:00.062+0000][160][gc,marking  ] GC(37) Concurrent Preclean 1.223ms
[2022-05-06T05:04:00.063+0000][160][gc,start    ] GC(37) Pause Remark
[2022-05-06T05:04:00.068+0000][160][gc          ] GC(37) Pause Remark 229M->229M(512M) 4.125ms
[2022-05-06T05:04:00.068+0000][160][gc,cpu      ] GC(37) User=0.02s Sys=0.00s Real=0.01s
[2022-05-06T05:04:00.069+0000][160][safepoint   ] Safepoint "G1Concurrent", Time since last: 160095375 ns, Reaching safepoint: 241500 ns, At safepoint: 5550041 ns, Total: 5791541 ns
[2022-05-06T05:04:00.070+0000][160][gc,marking  ] GC(37) Concurrent Mark 160.539ms
[2022-05-06T05:04:00.071+0000][160][gc,marking  ] GC(37) Concurrent Rebuild Remembered Sets
[2022-05-06T05:04:00.162+0000][160][gc,marking  ] GC(37) Concurrent Rebuild Remembered Sets 91.768ms
[2022-05-06T05:04:00.163+0000][160][gc,start    ] GC(37) Pause Cleanup
[2022-05-06T05:04:00.164+0000][160][gc          ] GC(37) Pause Cleanup 260M->260M(512M) 0.705ms
[2022-05-06T05:04:00.165+0000][160][gc,cpu      ] GC(37) User=0.00s Sys=0.00s Real=0.00s
[2022-05-06T05:04:00.166+0000][160][safepoint   ] Safepoint "G1Concurrent", Time since last: 94346667 ns, Reaching safepoint: 143208 ns, At safepoint: 2697042 ns, Total: 2840250 ns
[2022-05-06T05:04:00.167+0000][160][gc,marking  ] GC(37) Concurrent Cleanup for Next Mark
[2022-05-06T05:04:00.168+0000][160][gc,marking  ] GC(37) Concurrent Cleanup for Next Mark 0.861ms
[2022-05-06T05:04:00.169+0000][160][gc          ] GC(37) Concurrent Mark Cycle 265.556ms
[2022-05-06T05:04:00.581+0000][160][gc,start    ] GC(38) Pause Young (Prepare Mixed) (G1 Evacuation Pause)
[2022-05-06T05:04:00.582+0000][160][gc,task     ] GC(38) Using 5 workers of 5 for evacuation
[2022-05-06T05:04:00.583+0000][160][gc,age      ] GC(38) Desired survivor size 14680064 bytes, new threshold 15 (max threshold 15)
[2022-05-06T05:04:00.586+0000][160][gc,age      ] GC(38) Age table with threshold 15 (max threshold 15)
[2022-05-06T05:04:00.587+0000][160][gc,age      ] GC(38) - age   1:   10791896 bytes,   10791896 total
[2022-05-06T05:04:00.587+0000][160][gc,age      ] GC(38) - age   2:    4685488 bytes,   15477384 total
[2022-05-06T05:04:00.588+0000][160][gc,phases   ] GC(38)   Pre Evacuate Collection Set: 0.1ms
[2022-05-06T05:04:00.589+0000][160][gc,phases   ] GC(38)   Merge Heap Roots: 0.2ms
[2022-05-06T05:04:00.590+0000][160][gc,phases   ] GC(38)   Evacuate Collection Set: 1.3ms
[2022-05-06T05:04:00.590+0000][160][gc,phases   ] GC(38)   Post Evacuate Collection Set: 0.8ms
[2022-05-06T05:04:00.591+0000][160][gc,phases   ] GC(38)   Other: 4.4ms
[2022-05-06T05:04:00.591+0000][160][gc,heap     ] GC(38) Eden regions: 49->0(2)
[2022-05-06T05:04:00.592+0000][160][gc,heap     ] GC(38) Survivor regions: 3->4(7)
[2022-05-06T05:04:00.593+0000][160][gc,heap     ] GC(38) Old regions: 36->36
[2022-05-06T05:04:00.593+0000][160][gc,heap     ] GC(38) Archive regions: 2->2
[2022-05-06T05:04:00.594+0000][160][gc,heap     ] GC(38) Humongous regions: 7->7
[2022-05-06T05:04:00.595+0000][160][gc,metaspace] GC(38) Metaspace: 104100K(105536K)->104100K(105536K) NonClass: 89778K(90688K)->89778K(90688K) Class: 14321K(14848K)->14321K(14848K)
[2022-05-06T05:04:00.595+0000][160][gc          ] GC(38) Pause Young (Prepare Mixed) (G1 Evacuation Pause) 380M->189M(512M) 14.047ms
[2022-05-06T05:04:00.596+0000][160][gc,cpu      ] GC(38) User=0.01s Sys=0.00s Real=0.02s
[2022-05-06T05:04:00.597+0000][160][safepoint   ] Safepoint "G1CollectForAllocation", Time since last: 414928042 ns, Reaching safepoint: 185125 ns, At safepoint: 15550167 ns, Total: 15735292 ns
[2022-05-06T05:04:00.624+0000][160][gc,start    ] GC(39) Pause Young (Mixed) (G1 Evacuation Pause)
[2022-05-06T05:04:00.624+0000][160][gc,task     ] GC(39) Using 5 workers of 5 for evacuation
[2022-05-06T05:04:00.625+0000][160][gc,age      ] GC(39) Desired survivor size 2097152 bytes, new threshold 1 (max threshold 15)
[2022-05-06T05:04:00.628+0000][160][gc,age      ] GC(39) Age table with threshold 1 (max threshold 15)
[2022-05-06T05:04:00.629+0000][160][gc,age      ] GC(39) - age   1:     141464 bytes,     141464 total
[2022-05-06T05:04:00.630+0000][160][gc,phases   ] GC(39)   Pre Evacuate Collection Set: 0.1ms
[2022-05-06T05:04:00.630+0000][160][gc,phases   ] GC(39)   Merge Heap Roots: 0.1ms
[2022-05-06T05:04:00.631+0000][160][gc,phases   ] GC(39)   Evacuate Collection Set: 1.5ms
[2022-05-06T05:04:00.632+0000][160][gc,phases   ] GC(39)   Post Evacuate Collection Set: 0.6ms
[2022-05-06T05:04:00.632+0000][160][gc,phases   ] GC(39)   Other: 4.0ms
[2022-05-06T05:04:00.633+0000][160][gc,heap     ] GC(39) Eden regions: 2->0(50)
[2022-05-06T05:04:00.633+0000][160][gc,heap     ] GC(39) Survivor regions: 4->1(1)
[2022-05-06T05:04:00.634+0000][160][gc,heap     ] GC(39) Old regions: 36->36
[2022-05-06T05:04:00.635+0000][160][gc,heap     ] GC(39) Archive regions: 2->2
[2022-05-06T05:04:00.636+0000][160][gc,heap     ] GC(39) Humongous regions: 8->8
[2022-05-06T05:04:00.636+0000][160][gc,metaspace] GC(39) Metaspace: 104100K(105536K)->104100K(105536K) NonClass: 89778K(90688K)->89778K(90688K) Class: 14321K(14848K)->14321K(14848K)
[2022-05-06T05:04:00.637+0000][160][gc          ] GC(39) Pause Young (Mixed) (G1 Evacuation Pause) 201M->176M(512M) 13.920ms
[2022-05-06T05:04:00.638+0000][160][gc,cpu      ] GC(39) User=0.01s Sys=0.00s Real=0.02s
[2022-05-06T05:04:00.639+0000][160][safepoint   ] Safepoint "G1CollectForAllocation", Time since last: 26418916 ns, Reaching safepoint: 255625 ns, At safepoint: 15154209 ns, Total: 15409834 ns
[2022-05-06T05:04:01.640+0000][160][safepoint   ] Safepoint "Cleanup", Time since last: 1000849458 ns, Reaching safepoint: 200209 ns, At safepoint: 35750 ns, Total: 235959 ns
[2022-05-06T05:04:01.989+0000][160][gc,start    ] GC(40) Pause Young (Concurrent Start) (G1 Evacuation Pause)
[2022-05-06T05:04:01.989+0000][160][gc,task     ] GC(40) Using 5 workers of 5 for evacuation
[2022-05-06T05:04:01.990+0000][160][gc,age      ] GC(40) Desired survivor size 14680064 bytes, new threshold 15 (max threshold 15)
[2022-05-06T05:04:01.993+0000][160][gc,age      ] GC(40) Age table with threshold 15 (max threshold 15)
[2022-05-06T05:04:01.994+0000][160][gc,age      ] GC(40) - age   1:   14036384 bytes,   14036384 total
[2022-05-06T05:04:01.995+0000][160][gc,age      ] GC(40) - age   2:     100424 bytes,   14136808 total
[2022-05-06T05:04:01.996+0000][160][gc,phases   ] GC(40)   Pre Evacuate Collection Set: 0.4ms
[2022-05-06T05:04:01.997+0000][160][gc,phases   ] GC(40)   Merge Heap Roots: 0.1ms
[2022-05-06T05:04:01.998+0000][160][gc,phases   ] GC(40)   Evacuate Collection Set: 1.3ms
[2022-05-06T05:04:01.998+0000][160][gc,phases   ] GC(40)   Post Evacuate Collection Set: 0.8ms
[2022-05-06T05:04:01.999+0000][160][gc,phases   ] GC(40)   Other: 4.7ms
[2022-05-06T05:04:02.000+0000][160][gc,heap     ] GC(40) Eden regions: 50->0(47)
[2022-05-06T05:04:02.001+0000][160][gc,heap     ] GC(40) Survivor regions: 1->4(7)
[2022-05-06T05:04:02.002+0000][160][gc,heap     ] GC(40) Old regions: 36->36
[2022-05-06T05:04:02.003+0000][160][gc,heap     ] GC(40) Archive regions: 2->2
[2022-05-06T05:04:02.004+0000][160][gc,heap     ] GC(40) Humongous regions: 8->8
[2022-05-06T05:04:02.004+0000][160][gc,metaspace] GC(40) Metaspace: 104121K(105664K)->104121K(105664K) NonClass: 89797K(90752K)->89797K(90752K) Class: 14323K(14912K)->14323K(14912K)
[2022-05-06T05:04:02.005+0000][160][gc          ] GC(40) Pause Young (Concurrent Start) (G1 Evacuation Pause) 376M->191M(512M) 16.036ms
[2022-05-06T05:04:02.005+0000][160][gc,cpu      ] GC(40) User=0.01s Sys=0.00s Real=0.01s
[2022-05-06T05:04:02.006+0000][160][safepoint   ] Safepoint "G1CollectForAllocation", Time since last: 348783167 ns, Reaching safepoint: 64916 ns, At safepoint: 17311875 ns, Total: 17376791 ns
[2022-05-06T05:04:02.006+0000][160][gc          ] GC(41) Concurrent Mark Cycle
[2022-05-06T05:04:02.007+0000][160][gc,marking  ] GC(41) Concurrent Clear Claimed Marks
[2022-05-06T05:04:02.008+0000][160][gc,marking  ] GC(41) Concurrent Clear Claimed Marks 0.781ms
[2022-05-06T05:04:02.009+0000][160][gc,marking  ] GC(41) Concurrent Scan Root Regions
[2022-05-06T05:04:02.011+0000][160][gc,marking  ] GC(41) Concurrent Scan Root Regions 2.002ms
[2022-05-06T05:04:02.015+0000][160][gc,marking  ] GC(41) Concurrent Mark
[2022-05-06T05:04:02.016+0000][160][gc,marking  ] GC(41) Concurrent Mark From Roots
[2022-05-06T05:04:02.017+0000][160][gc,task     ] GC(41) Using 1 workers of 1 for marking
[2022-05-06T05:04:02.179+0000][160][gc,marking  ] GC(41) Concurrent Mark From Roots 163.199ms
[2022-05-06T05:04:02.181+0000][160][gc,marking  ] GC(41) Concurrent Preclean
[2022-05-06T05:04:02.183+0000][160][gc,marking  ] GC(41) Concurrent Preclean 1.952ms
[2022-05-06T05:04:02.187+0000][160][gc,start    ] GC(41) Pause Remark
[2022-05-06T05:04:02.213+0000][160][gc          ] GC(41) Pause Remark 211M->211M(512M) 26.070ms
[2022-05-06T05:04:02.214+0000][160][gc,cpu      ] GC(41) User=0.01s Sys=0.00s Real=0.02s
[2022-05-06T05:04:02.215+0000][160][safepoint   ] Safepoint "G1Concurrent", Time since last: 180737875 ns, Reaching safepoint: 346667 ns, At safepoint: 28139708 ns, Total: 28486375 ns
[2022-05-06T05:04:02.216+0000][160][gc,marking  ] GC(41) Concurrent Mark 200.980ms
[2022-05-06T05:04:02.219+0000][160][gc,marking  ] GC(41) Concurrent Rebuild Remembered Sets
[2022-05-06T05:04:02.336+0000][160][gc,marking  ] GC(41) Concurrent Rebuild Remembered Sets 117.656ms
[2022-05-06T05:04:02.338+0000][160][gc,start    ] GC(41) Pause Cleanup
[2022-05-06T05:04:02.339+0000][160][gc          ] GC(41) Pause Cleanup 226M->226M(512M) 1.027ms
[2022-05-06T05:04:02.339+0000][160][gc,cpu      ] GC(41) User=0.00s Sys=0.00s Real=0.00s
[2022-05-06T05:04:02.340+0000][160][safepoint   ] Safepoint "G1Concurrent", Time since last: 122106334 ns, Reaching safepoint: 350166 ns, At safepoint: 2325750 ns, Total: 2675916 ns
[2022-05-06T05:04:02.341+0000][160][gc,marking  ] GC(41) Concurrent Cleanup for Next Mark
[2022-05-06T05:04:02.342+0000][160][gc,marking  ] GC(41) Concurrent Cleanup for Next Mark 0.906ms
[2022-05-06T05:04:02.342+0000][160][gc          ] GC(41) Concurrent Mark Cycle 336.112ms
[2022-05-06T05:04:03.341+0000][160][safepoint   ] Safepoint "Cleanup", Time since last: 1000760668 ns, Reaching safepoint: 150625 ns, At safepoint: 42375 ns, Total: 193000 ns
[2022-05-06T05:04:03.474+0000][160][gc,start    ] GC(42) Pause Young (Prepare Mixed) (G1 Evacuation Pause)
[2022-05-06T05:04:03.475+0000][160][gc,task     ] GC(42) Using 5 workers of 5 for evacuation
[2022-05-06T05:04:03.476+0000][160][gc,age      ] GC(42) Desired survivor size 14680064 bytes, new threshold 15 (max threshold 15)
[2022-05-06T05:04:03.480+0000][160][gc,age      ] GC(42) Age table with threshold 15 (max threshold 15)
[2022-05-06T05:04:03.481+0000][160][gc,age      ] GC(42) - age   1:   17394968 bytes,   17394968 total
[2022-05-06T05:04:03.482+0000][160][gc,age      ] GC(42) - age   2:    5148648 bytes,   22543616 total
[2022-05-06T05:04:03.483+0000][160][gc,age      ] GC(42) - age   3:     100376 bytes,   22643992 total
[2022-05-06T05:04:03.484+0000][160][gc,phases   ] GC(42)   Pre Evacuate Collection Set: 0.2ms
[2022-05-06T05:04:03.485+0000][160][gc,phases   ] GC(42)   Merge Heap Roots: 0.1ms
[2022-05-06T05:04:03.485+0000][160][gc,phases   ] GC(42)   Evacuate Collection Set: 2.0ms
[2022-05-06T05:04:03.486+0000][160][gc,phases   ] GC(42)   Post Evacuate Collection Set: 0.9ms
[2022-05-06T05:04:03.486+0000][160][gc,phases   ] GC(42)   Other: 6.9ms
[2022-05-06T05:04:03.487+0000][160][gc,heap     ] GC(42) Eden regions: 47->0(1)
[2022-05-06T05:04:03.488+0000][160][gc,heap     ] GC(42) Survivor regions: 4->6(7)
[2022-05-06T05:04:03.489+0000][160][gc,heap     ] GC(42) Old regions: 36->36
[2022-05-06T05:04:03.490+0000][160][gc,heap     ] GC(42) Archive regions: 2->2
[2022-05-06T05:04:03.490+0000][160][gc,heap     ] GC(42) Humongous regions: 10->9
[2022-05-06T05:04:03.491+0000][160][gc,metaspace] GC(42) Metaspace: 104148K(105664K)->104148K(105664K) NonClass: 89825K(90752K)->89825K(90752K) Class: 14323K(14912K)->14323K(14912K)
[2022-05-06T05:04:03.492+0000][160][gc          ] GC(42) Pause Young (Prepare Mixed) (G1 Evacuation Pause) 387M->203M(512M) 18.400ms
[2022-05-06T05:04:03.493+0000][160][gc,cpu      ] GC(42) User=0.01s Sys=0.01s Real=0.02s
[2022-05-06T05:04:03.494+0000][160][safepoint   ] Safepoint "G1CollectForAllocation", Time since last: 132727041 ns, Reaching safepoint: 164209 ns, At safepoint: 20614958 ns, Total: 20779167 ns
[2022-05-06T05:04:03.527+0000][160][gc,start    ] GC(43) Pause Young (Mixed) (G1 Evacuation Pause)
[2022-05-06T05:04:03.528+0000][160][gc,task     ] GC(43) Using 5 workers of 5 for evacuation
[2022-05-06T05:04:03.529+0000][160][gc,age      ] GC(43) Desired survivor size 2097152 bytes, new threshold 1 (max threshold 15)
[2022-05-06T05:04:03.533+0000][160][gc,age      ] GC(43) Age table with threshold 1 (max threshold 15)
[2022-05-06T05:04:03.534+0000][160][gc,age      ] GC(43) - age   1:     130536 bytes,     130536 total
[2022-05-06T05:04:03.535+0000][160][gc,phases   ] GC(43)   Pre Evacuate Collection Set: 0.2ms
[2022-05-06T05:04:03.536+0000][160][gc,phases   ] GC(43)   Merge Heap Roots: 0.1ms
[2022-05-06T05:04:03.537+0000][160][gc,phases   ] GC(43)   Evacuate Collection Set: 1.7ms
[2022-05-06T05:04:03.537+0000][160][gc,phases   ] GC(43)   Post Evacuate Collection Set: 0.6ms
[2022-05-06T05:04:03.538+0000][160][gc,phases   ] GC(43)   Other: 5.7ms
[2022-05-06T05:04:03.539+0000][160][gc,heap     ] GC(43) Eden regions: 1->0(44)
[2022-05-06T05:04:03.539+0000][160][gc,heap     ] GC(43) Survivor regions: 6->1(1)
[2022-05-06T05:04:03.540+0000][160][gc,heap     ] GC(43) Old regions: 36->40
[2022-05-06T05:04:03.541+0000][160][gc,heap     ] GC(43) Archive regions: 2->2
[2022-05-06T05:04:03.541+0000][160][gc,heap     ] GC(43) Humongous regions: 9->9
[2022-05-06T05:04:03.542+0000][160][gc,metaspace] GC(43) Metaspace: 104148K(105664K)->104148K(105664K) NonClass: 89825K(90752K)->89825K(90752K) Class: 14323K(14912K)->14323K(14912K)
[2022-05-06T05:04:03.543+0000][160][gc          ] GC(43) Pause Young (Mixed) (G1 Evacuation Pause) 207M->199M(512M) 16.255ms
[2022-05-06T05:04:03.544+0000][160][gc,cpu      ] GC(43) User=0.01s Sys=0.00s Real=0.01s
[2022-05-06T05:04:03.545+0000][160][safepoint   ] Safepoint "G1CollectForAllocation", Time since last: 32216625 ns, Reaching safepoint: 111917 ns, At safepoint: 18150500 ns, Total: 18262417 ns
[2022-05-06T05:04:04.249+0000][160][safepoint   ] Safepoint "ICBufferFull", Time since last: 703896875 ns, Reaching safepoint: 644875 ns, At safepoint: 13083 ns, Total: 657958 ns
[2022-05-06T05:04:04.293+0000][160][gc,start    ] GC(44) Pause Young (Concurrent Start) (G1 Evacuation Pause)
[2022-05-06T05:04:04.293+0000][160][gc,task     ] GC(44) Using 5 workers of 5 for evacuation
[2022-05-06T05:04:04.294+0000][160][gc,age      ] GC(44) Desired survivor size 12582912 bytes, new threshold 15 (max threshold 15)
[2022-05-06T05:04:04.298+0000][160][gc,age      ] GC(44) Age table with threshold 15 (max threshold 15)
[2022-05-06T05:04:04.298+0000][160][gc,age      ] GC(44) - age   1:   14679080 bytes,   14679080 total
[2022-05-06T05:04:04.299+0000][160][gc,age      ] GC(44) - age   2:     114688 bytes,   14793768 total
[2022-05-06T05:04:04.300+0000][160][gc,phases   ] GC(44)   Pre Evacuate Collection Set: 0.6ms
[2022-05-06T05:04:04.301+0000][160][gc,phases   ] GC(44)   Merge Heap Roots: 0.1ms
[2022-05-06T05:04:04.302+0000][160][gc,phases   ] GC(44)   Evacuate Collection Set: 1.6ms
[2022-05-06T05:04:04.302+0000][160][gc,phases   ] GC(44)   Post Evacuate Collection Set: 0.8ms
[2022-05-06T05:04:04.303+0000][160][gc,phases   ] GC(44)   Other: 4.6ms
[2022-05-06T05:04:04.304+0000][160][gc,heap     ] GC(44) Eden regions: 44->0(41)
[2022-05-06T05:04:04.305+0000][160][gc,heap     ] GC(44) Survivor regions: 1->4(6)
[2022-05-06T05:04:04.305+0000][160][gc,heap     ] GC(44) Old regions: 40->40
[2022-05-06T05:04:04.306+0000][160][gc,heap     ] GC(44) Archive regions: 2->2
[2022-05-06T05:04:04.306+0000][160][gc,heap     ] GC(44) Humongous regions: 9->9
[2022-05-06T05:04:04.307+0000][160][gc,metaspace] GC(44) Metaspace: 104189K(105728K)->104189K(105728K) NonClass: 89865K(90816K)->89865K(90816K) Class: 14323K(14912K)->14323K(14912K)
[2022-05-06T05:04:04.308+0000][160][gc          ] GC(44) Pause Young (Concurrent Start) (G1 Evacuation Pause) 375M->213M(512M) 15.316ms
[2022-05-06T05:04:04.309+0000][160][gc,cpu      ] GC(44) User=0.00s Sys=0.00s Real=0.02s
[2022-05-06T05:04:04.310+0000][160][safepoint   ] Safepoint "G1CollectForAllocation", Time since last: 42129709 ns, Reaching safepoint: 939791 ns, At safepoint: 17191334 ns, Total: 18131125 ns
[2022-05-06T05:04:04.310+0000][160][gc          ] GC(45) Concurrent Mark Cycle
[2022-05-06T05:04:04.312+0000][160][gc,marking  ] GC(45) Concurrent Clear Claimed Marks
[2022-05-06T05:04:04.313+0000][160][gc,marking  ] GC(45) Concurrent Clear Claimed Marks 1.150ms
[2022-05-06T05:04:04.314+0000][160][gc,marking  ] GC(45) Concurrent Scan Root Regions
[2022-05-06T05:04:04.318+0000][160][gc,marking  ] GC(45) Concurrent Scan Root Regions 3.721ms
[2022-05-06T05:04:04.319+0000][160][gc,marking  ] GC(45) Concurrent Mark
[2022-05-06T05:04:04.320+0000][160][gc,marking  ] GC(45) Concurrent Mark From Roots
[2022-05-06T05:04:04.321+0000][160][gc,task     ] GC(45) Using 1 workers of 1 for marking
[2022-05-06T05:04:04.403+0000][160][gc,marking  ] GC(45) Concurrent Mark From Roots 83.101ms
[2022-05-06T05:04:04.405+0000][160][gc,marking  ] GC(45) Concurrent Preclean
[2022-05-06T05:04:04.407+0000][160][gc,marking  ] GC(45) Concurrent Preclean 2.034ms
[2022-05-06T05:04:04.409+0000][160][gc,start    ] GC(45) Pause Remark
[2022-05-06T05:04:04.414+0000][160][gc          ] GC(45) Pause Remark 244M->240M(512M) 4.777ms
[2022-05-06T05:04:04.414+0000][160][gc,cpu      ] GC(45) User=0.01s Sys=0.01s Real=0.00s
[2022-05-06T05:04:04.415+0000][160][safepoint   ] Safepoint "G1Concurrent", Time since last: 98924750 ns, Reaching safepoint: 116625 ns, At safepoint: 6597666 ns, Total: 6714291 ns
[2022-05-06T05:04:04.417+0000][160][gc,marking  ] GC(45) Concurrent Mark 97.712ms
[2022-05-06T05:04:04.418+0000][160][gc,marking  ] GC(45) Concurrent Rebuild Remembered Sets
[2022-05-06T05:04:04.466+0000][160][gc,marking  ] GC(45) Concurrent Rebuild Remembered Sets 48.085ms
[2022-05-06T05:04:04.467+0000][160][gc,start    ] GC(45) Pause Cleanup
[2022-05-06T05:04:04.467+0000][160][gc          ] GC(45) Pause Cleanup 243M->243M(512M) 0.551ms
[2022-05-06T05:04:04.468+0000][160][gc,cpu      ] GC(45) User=0.00s Sys=0.00s Real=0.00s
[2022-05-06T05:04:04.469+0000][160][safepoint   ] Safepoint "G1Concurrent", Time since last: 51409209 ns, Reaching safepoint: 57500 ns, At safepoint: 1767208 ns, Total: 1824708 ns
[2022-05-06T05:04:04.469+0000][160][gc,marking  ] GC(45) Concurrent Cleanup for Next Mark
[2022-05-06T05:04:04.471+0000][160][gc,marking  ] GC(45) Concurrent Cleanup for Next Mark 1.376ms
[2022-05-06T05:04:04.472+0000][160][gc          ] GC(45) Concurrent Mark Cycle 161.828ms
[2022-05-06T05:04:04.656+0000][160][gc,start    ] GC(46) Pause Young (Prepare Mixed) (G1 Evacuation Pause)
[2022-05-06T05:04:04.656+0000][160][gc,task     ] GC(46) Using 5 workers of 5 for evacuation
[2022-05-06T05:04:04.657+0000][160][gc,age      ] GC(46) Desired survivor size 12582912 bytes, new threshold 1 (max threshold 15)
[2022-05-06T05:04:04.660+0000][160][gc,age      ] GC(46) Age table with threshold 1 (max threshold 15)
[2022-05-06T05:04:04.660+0000][160][gc,age      ] GC(46) - age   1:     715120 bytes,     715120 total
[2022-05-06T05:04:04.661+0000][160][gc,phases   ] GC(46)   Pre Evacuate Collection Set: 0.1ms
[2022-05-06T05:04:04.662+0000][160][gc,phases   ] GC(46)   Merge Heap Roots: 0.1ms
[2022-05-06T05:04:04.662+0000][160][gc,phases   ] GC(46)   Evacuate Collection Set: 1.2ms
[2022-05-06T05:04:04.663+0000][160][gc,phases   ] GC(46)   Post Evacuate Collection Set: 0.6ms
[2022-05-06T05:04:04.664+0000][160][gc,phases   ] GC(46)   Other: 3.7ms
[2022-05-06T05:04:04.664+0000][160][gc,heap     ] GC(46) Eden regions: 41->0(5)
[2022-05-06T05:04:04.665+0000][160][gc,heap     ] GC(46) Survivor regions: 4->1(6)
[2022-05-06T05:04:04.665+0000][160][gc,heap     ] GC(46) Old regions: 40->44
[2022-05-06T05:04:04.666+0000][160][gc,heap     ] GC(46) Archive regions: 2->2
[2022-05-06T05:04:04.666+0000][160][gc,heap     ] GC(46) Humongous regions: 8->8
[2022-05-06T05:04:04.667+0000][160][gc,metaspace] GC(46) Metaspace: 104207K(105728K)->104207K(105728K) NonClass: 89883K(90816K)->89883K(90816K) Class: 14323K(14912K)->14323K(14912K)
[2022-05-06T05:04:04.668+0000][160][gc          ] GC(46) Pause Young (Prepare Mixed) (G1 Evacuation Pause) 373M->210M(512M) 11.944ms
[2022-05-06T05:04:04.668+0000][160][gc,cpu      ] GC(46) User=0.00s Sys=0.01s Real=0.02s
[2022-05-06T05:04:04.669+0000][160][safepoint   ] Safepoint "G1CollectForAllocation", Time since last: 186984167 ns, Reaching safepoint: 119292 ns, At safepoint: 13336958 ns, Total: 13456250 ns
[2022-05-06T05:04:04.846+0000][160][gc,start    ] GC(47) Pause Young (Mixed) (G1 Evacuation Pause)
[2022-05-06T05:04:04.846+0000][160][gc,task     ] GC(47) Using 5 workers of 5 for evacuation
[2022-05-06T05:04:04.847+0000][160][gc,age      ] GC(47) Desired survivor size 2097152 bytes, new threshold 15 (max threshold 15)
[2022-05-06T05:04:04.852+0000][160][gc,age      ] GC(47) Age table with threshold 15 (max threshold 15)
[2022-05-06T05:04:04.853+0000][160][gc,age      ] GC(47) - age   1:     191032 bytes,     191032 total
[2022-05-06T05:04:04.854+0000][160][gc,age      ] GC(47) - age   2:     688288 bytes,     879320 total
[2022-05-06T05:04:04.855+0000][160][gc,phases   ] GC(47)   Pre Evacuate Collection Set: 0.1ms
[2022-05-06T05:04:04.856+0000][160][gc,phases   ] GC(47)   Merge Heap Roots: 0.3ms
[2022-05-06T05:04:04.856+0000][160][gc,phases   ] GC(47)   Evacuate Collection Set: 3.1ms
[2022-05-06T05:04:04.857+0000][160][gc,phases   ] GC(47)   Post Evacuate Collection Set: 0.7ms
[2022-05-06T05:04:04.858+0000][160][gc,phases   ] GC(47)   Other: 5.1ms
[2022-05-06T05:04:04.858+0000][160][gc,heap     ] GC(47) Eden regions: 5->0(51)
[2022-05-06T05:04:04.859+0000][160][gc,heap     ] GC(47) Survivor regions: 1->1(1)
[2022-05-06T05:04:04.860+0000][160][gc,heap     ] GC(47) Old regions: 44->36
[2022-05-06T05:04:04.861+0000][160][gc,heap     ] GC(47) Archive regions: 2->2
[2022-05-06T05:04:04.862+0000][160][gc,heap     ] GC(47) Humongous regions: 8->8
[2022-05-06T05:04:04.863+0000][160][gc,metaspace] GC(47) Metaspace: 104211K(105728K)->104211K(105728K) NonClass: 89887K(90816K)->89887K(90816K) Class: 14323K(14912K)->14323K(14912K)
[2022-05-06T05:04:04.863+0000][160][gc          ] GC(47) Pause Young (Mixed) (G1 Evacuation Pause) 230M->180M(512M) 17.565ms
[2022-05-06T05:04:04.864+0000][160][gc,cpu      ] GC(47) User=0.00s Sys=0.01s Real=0.02s
[2022-05-06T05:04:04.866+0000][160][safepoint   ] Safepoint "G1CollectForAllocation", Time since last: 176264250 ns, Reaching safepoint: 331000 ns, At safepoint: 20109292 ns, Total: 20440292 ns
[2022-05-06T05:04:05.867+0000][160][safepoint   ] Safepoint "Cleanup", Time since last: 1000801750 ns, Reaching safepoint: 242584 ns, At safepoint: 5416 ns, Total: 248000 ns
[2022-05-06T05:04:06.161+0000][160][gc,start    ] GC(48) Pause Young (Normal) (G1 Evacuation Pause)
[2022-05-06T05:04:06.162+0000][160][gc,task     ] GC(48) Using 5 workers of 5 for evacuation
[2022-05-06T05:04:06.163+0000][160][gc,age      ] GC(48) Desired survivor size 14680064 bytes, new threshold 15 (max threshold 15)
[2022-05-06T05:04:06.166+0000][160][gc,age      ] GC(48) Age table with threshold 15 (max threshold 15)
[2022-05-06T05:04:06.167+0000][160][gc,age      ] GC(48) - age   1:    1518088 bytes,    1518088 total
[2022-05-06T05:04:06.168+0000][160][gc,age      ] GC(48) - age   2:      63264 bytes,    1581352 total
[2022-05-06T05:04:06.169+0000][160][gc,age      ] GC(48) - age   3:     626336 bytes,    2207688 total
[2022-05-06T05:04:06.169+0000][160][gc,phases   ] GC(48)   Pre Evacuate Collection Set: 0.2ms
[2022-05-06T05:04:06.170+0000][160][gc,phases   ] GC(48)   Merge Heap Roots: 0.2ms
[2022-05-06T05:04:06.171+0000][160][gc,phases   ] GC(48)   Evacuate Collection Set: 1.4ms
[2022-05-06T05:04:06.171+0000][160][gc,phases   ] GC(48)   Post Evacuate Collection Set: 0.6ms
[2022-05-06T05:04:06.172+0000][160][gc,phases   ] GC(48)   Other: 5.8ms
[2022-05-06T05:04:06.173+0000][160][gc,heap     ] GC(48) Eden regions: 51->0(52)
[2022-05-06T05:04:06.173+0000][160][gc,heap     ] GC(48) Survivor regions: 1->1(7)
[2022-05-06T05:04:06.174+0000][160][gc,heap     ] GC(48) Old regions: 36->36
[2022-05-06T05:04:06.174+0000][160][gc,heap     ] GC(48) Archive regions: 2->2
[2022-05-06T05:04:06.175+0000][160][gc,heap     ] GC(48) Humongous regions: 8->8
[2022-05-06T05:04:06.175+0000][160][gc,metaspace] GC(48) Metaspace: 104304K(105792K)->104304K(105792K) NonClass: 89968K(90880K)->89968K(90880K) Class: 14335K(14912K)->14335K(14912K)
[2022-05-06T05:04:06.176+0000][160][gc          ] GC(48) Pause Young (Normal) (G1 Evacuation Pause) 384M->181M(512M) 14.742ms
[2022-05-06T05:04:06.177+0000][160][gc,cpu      ] GC(48) User=0.01s Sys=0.00s Real=0.02s
[2022-05-06T05:04:06.177+0000][160][safepoint   ] Safepoint "G1CollectForAllocation", Time since last: 294077250 ns, Reaching safepoint: 293834 ns, At safepoint: 16379708 ns, Total: 16673542 ns
[2022-05-06T05:04:06.670+0000][160][safepoint   ] Safepoint "ICBufferFull", Time since last: 491993625 ns, Reaching safepoint: 316375 ns, At safepoint: 34209 ns, Total: 350584 ns
[2022-05-06T05:04:07.237+0000][160][gc,start    ] GC(49) Pause Young (Normal) (G1 Evacuation Pause)
[2022-05-06T05:04:07.237+0000][160][gc,task     ] GC(49) Using 5 workers of 5 for evacuation
[2022-05-06T05:04:07.238+0000][160][gc,age      ] GC(49) Desired survivor size 14680064 bytes, new threshold 15 (max threshold 15)
[2022-05-06T05:04:07.241+0000][160][gc,age      ] GC(49) Age table with threshold 15 (max threshold 15)
[2022-05-06T05:04:07.242+0000][160][gc,age      ] GC(49) - age   1:    3132432 bytes,    3132432 total
[2022-05-06T05:04:07.243+0000][160][gc,age      ] GC(49) - age   2:      83240 bytes,    3215672 total
[2022-05-06T05:04:07.244+0000][160][gc,age      ] GC(49) - age   3:      50536 bytes,    3266208 total
[2022-05-06T05:04:07.245+0000][160][gc,age      ] GC(49) - age   4:     617280 bytes,    3883488 total
[2022-05-06T05:04:07.245+0000][160][gc,phases   ] GC(49)   Pre Evacuate Collection Set: 0.2ms
[2022-05-06T05:04:07.246+0000][160][gc,phases   ] GC(49)   Merge Heap Roots: 0.0ms
[2022-05-06T05:04:07.249+0000][160][gc,phases   ] GC(49)   Evacuate Collection Set: 1.3ms
[2022-05-06T05:04:07.249+0000][160][gc,phases   ] GC(49)   Post Evacuate Collection Set: 0.4ms
[2022-05-06T05:04:07.250+0000][160][gc,phases   ] GC(49)   Other: 7.0ms
[2022-05-06T05:04:07.251+0000][160][gc,heap     ] GC(49) Eden regions: 52->0(54)
[2022-05-06T05:04:07.252+0000][160][gc,heap     ] GC(49) Survivor regions: 1->1(7)
[2022-05-06T05:04:07.253+0000][160][gc,heap     ] GC(49) Old regions: 36->36
[2022-05-06T05:04:07.253+0000][160][gc,heap     ] GC(49) Archive regions: 2->2
[2022-05-06T05:04:07.254+0000][160][gc,heap     ] GC(49) Humongous regions: 8->8
[2022-05-06T05:04:07.254+0000][160][gc,metaspace] GC(49) Metaspace: 104406K(105920K)->104406K(105920K) NonClass: 90066K(91008K)->90066K(91008K) Class: 14340K(14912K)->14340K(14912K)
[2022-05-06T05:04:07.255+0000][160][gc          ] GC(49) Pause Young (Normal) (G1 Evacuation Pause) 389M->183M(512M) 18.722ms
[2022-05-06T05:04:07.256+0000][160][gc,cpu      ] GC(49) User=0.02s Sys=0.00s Real=0.02s
[2022-05-06T05:04:07.257+0000][160][safepoint   ] Safepoint "G1CollectForAllocation", Time since last: 566566291 ns, Reaching safepoint: 159625 ns, At safepoint: 20377084 ns, Total: 20536709 ns
[2022-05-06T05:04:08.550+0000][160][safepoint   ] Safepoint "ICBufferFull", Time since last: 1293238959 ns, Reaching safepoint: 290500 ns, At safepoint: 48000 ns, Total: 338500 ns
[2022-05-06T05:04:08.932+0000][160][gc,start    ] GC(50) Pause Young (Concurrent Start) (G1 Evacuation Pause)
[2022-05-06T05:04:08.936+0000][160][gc,task     ] GC(50) Using 5 workers of 5 for evacuation
[2022-05-06T05:04:08.938+0000][160][gc,age      ] GC(50) Desired survivor size 14680064 bytes, new threshold 15 (max threshold 15)
[2022-05-06T05:04:08.941+0000][160][gc,age      ] GC(50) Age table with threshold 15 (max threshold 15)
[2022-05-06T05:04:08.942+0000][160][gc,age      ] GC(50) - age   1:   11582816 bytes,   11582816 total
[2022-05-06T05:04:08.943+0000][160][gc,age      ] GC(50) - age   2:    1794168 bytes,   13376984 total
[2022-05-06T05:04:08.944+0000][160][gc,age      ] GC(50) - age   3:      25040 bytes,   13402024 total
[2022-05-06T05:04:08.945+0000][160][gc,age      ] GC(50) - age   4:      30720 bytes,   13432744 total
[2022-05-06T05:04:08.945+0000][160][gc,age      ] GC(50) - age   5:     308008 bytes,   13740752 total
[2022-05-06T05:04:08.946+0000][160][gc,phases   ] GC(50)   Pre Evacuate Collection Set: 0.2ms
[2022-05-06T05:04:08.947+0000][160][gc,phases   ] GC(50)   Merge Heap Roots: 0.2ms
[2022-05-06T05:04:08.947+0000][160][gc,phases   ] GC(50)   Evacuate Collection Set: 1.8ms
[2022-05-06T05:04:08.948+0000][160][gc,phases   ] GC(50)   Post Evacuate Collection Set: 0.6ms
[2022-05-06T05:04:08.948+0000][160][gc,phases   ] GC(50)   Other: 10.9ms
[2022-05-06T05:04:08.949+0000][160][gc,heap     ] GC(50) Eden regions: 54->0(50)
[2022-05-06T05:04:08.949+0000][160][gc,heap     ] GC(50) Survivor regions: 1->4(7)
[2022-05-06T05:04:08.950+0000][160][gc,heap     ] GC(50) Old regions: 36->36
[2022-05-06T05:04:08.951+0000][160][gc,heap     ] GC(50) Archive regions: 2->2
[2022-05-06T05:04:08.952+0000][160][gc,heap     ] GC(50) Humongous regions: 8->8
[2022-05-06T05:04:08.952+0000][160][gc,metaspace] GC(50) Metaspace: 104498K(106048K)->104498K(106048K) NonClass: 90157K(91136K)->90157K(91136K) Class: 14340K(14912K)->14340K(14912K)
[2022-05-06T05:04:08.953+0000][160][gc          ] GC(50) Pause Young (Concurrent Start) (G1 Evacuation Pause) 399M->193M(512M) 20.580ms
[2022-05-06T05:04:08.954+0000][160][gc,cpu      ] GC(50) User=0.00s Sys=0.01s Real=0.02s
[2022-05-06T05:04:08.954+0000][160][safepoint   ] Safepoint "G1CollectForAllocation", Time since last: 381608458 ns, Reaching safepoint: 170834 ns, At safepoint: 22196416 ns, Total: 22367250 ns
[2022-05-06T05:04:08.955+0000][160][gc          ] GC(51) Concurrent Mark Cycle
[2022-05-06T05:04:08.956+0000][160][gc,marking  ] GC(51) Concurrent Clear Claimed Marks
[2022-05-06T05:04:08.957+0000][160][gc,marking  ] GC(51) Concurrent Clear Claimed Marks 1.614ms
[2022-05-06T05:04:08.958+0000][160][gc,marking  ] GC(51) Concurrent Scan Root Regions
[2022-05-06T05:04:08.961+0000][160][gc,marking  ] GC(51) Concurrent Scan Root Regions 2.982ms
[2022-05-06T05:04:08.963+0000][160][gc,marking  ] GC(51) Concurrent Mark
[2022-05-06T05:04:08.964+0000][160][gc,marking  ] GC(51) Concurrent Mark From Roots
[2022-05-06T05:04:08.965+0000][160][gc,task     ] GC(51) Using 1 workers of 1 for marking
[2022-05-06T05:04:09.040+0000][160][gc,marking  ] GC(51) Concurrent Mark From Roots 76.018ms
[2022-05-06T05:04:09.041+0000][160][gc,marking  ] GC(51) Concurrent Preclean
[2022-05-06T05:04:09.042+0000][160][gc,marking  ] GC(51) Concurrent Preclean 1.181ms
[2022-05-06T05:04:09.044+0000][160][gc,start    ] GC(51) Pause Remark
[2022-05-06T05:04:09.049+0000][160][gc          ] GC(51) Pause Remark 291M->291M(512M) 5.100ms
[2022-05-06T05:04:09.050+0000][160][gc,cpu      ] GC(51) User=0.01s Sys=0.00s Real=0.01s
[2022-05-06T05:04:09.050+0000][160][safepoint   ] Safepoint "G1Concurrent", Time since last: 89069500 ns, Reaching safepoint: 190209 ns, At safepoint: 6673583 ns, Total: 6863792 ns
[2022-05-06T05:04:09.052+0000][160][gc,marking  ] GC(51) Concurrent Mark 89.058ms
[2022-05-06T05:04:09.053+0000][160][gc,marking  ] GC(51) Concurrent Rebuild Remembered Sets
[2022-05-06T05:04:09.100+0000][160][gc,marking  ] GC(51) Concurrent Rebuild Remembered Sets 46.814ms
[2022-05-06T05:04:09.100+0000][160][gc,start    ] GC(51) Pause Cleanup
[2022-05-06T05:04:09.102+0000][160][gc          ] GC(51) Pause Cleanup 297M->297M(512M) 1.785ms
[2022-05-06T05:04:09.103+0000][160][gc,cpu      ] GC(51) User=0.00s Sys=0.00s Real=0.00s
[2022-05-06T05:04:09.104+0000][160][safepoint   ] Safepoint "G1Concurrent", Time since last: 49946292 ns, Reaching safepoint: 30833 ns, At safepoint: 3833042 ns, Total: 3863875 ns
[2022-05-06T05:04:09.105+0000][160][gc,marking  ] GC(51) Concurrent Cleanup for Next Mark
[2022-05-06T05:04:09.107+0000][160][gc,marking  ] GC(51) Concurrent Cleanup for Next Mark 1.727ms
[2022-05-06T05:04:09.108+0000][160][gc          ] GC(51) Concurrent Mark Cycle 153.867ms
[2022-05-06T05:04:09.226+0000][160][gc,start    ] GC(52) Pause Young (Prepare Mixed) (G1 Evacuation Pause)
[2022-05-06T05:04:09.227+0000][160][gc,task     ] GC(52) Using 5 workers of 5 for evacuation
[2022-05-06T05:04:09.227+0000][160][gc,age      ] GC(52) Desired survivor size 14680064 bytes, new threshold 15 (max threshold 15)
[2022-05-06T05:04:09.231+0000][160][gc,age      ] GC(52) Age table with threshold 15 (max threshold 15)
[2022-05-06T05:04:09.232+0000][160][gc,age      ] GC(52) - age   1:    1258864 bytes,    1258864 total
[2022-05-06T05:04:09.233+0000][160][gc,age      ] GC(52) - age   2:   10406240 bytes,   11665104 total
[2022-05-06T05:04:09.233+0000][160][gc,age      ] GC(52) - age   3:    1794056 bytes,   13459160 total
[2022-05-06T05:04:09.234+0000][160][gc,age      ] GC(52) - age   4:      24968 bytes,   13484128 total
[2022-05-06T05:04:09.234+0000][160][gc,age      ] GC(52) - age   5:      30720 bytes,   13514848 total
[2022-05-06T05:04:09.235+0000][160][gc,age      ] GC(52) - age   6:     302864 bytes,   13817712 total
[2022-05-06T05:04:09.236+0000][160][gc,phases   ] GC(52)   Pre Evacuate Collection Set: 0.1ms
[2022-05-06T05:04:09.237+0000][160][gc,phases   ] GC(52)   Merge Heap Roots: 0.2ms
[2022-05-06T05:04:09.238+0000][160][gc,phases   ] GC(52)   Evacuate Collection Set: 1.7ms
[2022-05-06T05:04:09.238+0000][160][gc,phases   ] GC(52)   Post Evacuate Collection Set: 0.8ms
[2022-05-06T05:04:09.239+0000][160][gc,phases   ] GC(52)   Other: 7.3ms
[2022-05-06T05:04:09.239+0000][160][gc,heap     ] GC(52) Eden regions: 50->0(2)
[2022-05-06T05:04:09.240+0000][160][gc,heap     ] GC(52) Survivor regions: 4->4(7)
[2022-05-06T05:04:09.242+0000][160][gc,heap     ] GC(52) Old regions: 36->36
[2022-05-06T05:04:09.242+0000][160][gc,heap     ] GC(52) Archive regions: 2->2
[2022-05-06T05:04:09.243+0000][160][gc,heap     ] GC(52) Humongous regions: 8->8
[2022-05-06T05:04:09.244+0000][160][gc,metaspace] GC(52) Metaspace: 104509K(106048K)->104509K(106048K) NonClass: 90168K(91136K)->90168K(91136K) Class: 14340K(14912K)->14340K(14912K)
[2022-05-06T05:04:09.245+0000][160][gc          ] GC(52) Pause Young (Prepare Mixed) (G1 Evacuation Pause) 393M->193M(512M) 18.557ms
[2022-05-06T05:04:09.245+0000][160][gc,cpu      ] GC(52) User=0.01s Sys=0.01s Real=0.01s
[2022-05-06T05:04:09.246+0000][160][safepoint   ] Safepoint "G1CollectForAllocation", Time since last: 121563041 ns, Reaching safepoint: 167625 ns, At safepoint: 19965417 ns, Total: 20133042 ns
[2022-05-06T05:04:09.249+0000][160][gc,start    ] GC(53) Pause Young (Mixed) (G1 Evacuation Pause)
[2022-05-06T05:04:09.249+0000][160][gc,task     ] GC(53) Using 5 workers of 5 for evacuation
[2022-05-06T05:04:09.250+0000][160][gc,age      ] GC(53) Desired survivor size 2097152 bytes, new threshold 2 (max threshold 15)
[2022-05-06T05:04:09.254+0000][160][gc,age      ] GC(53) Age table with threshold 2 (max threshold 15)
[2022-05-06T05:04:09.254+0000][160][gc,age      ] GC(53) - age   1:       9152 bytes,       9152 total
[2022-05-06T05:04:09.255+0000][160][gc,age      ] GC(53) - age   2:    1229384 bytes,    1238536 total
[2022-05-06T05:04:09.256+0000][160][gc,phases   ] GC(53)   Pre Evacuate Collection Set: 0.1ms
[2022-05-06T05:04:09.257+0000][160][gc,phases   ] GC(53)   Merge Heap Roots: 0.0ms
[2022-05-06T05:04:09.257+0000][160][gc,phases   ] GC(53)   Evacuate Collection Set: 2.3ms
[2022-05-06T05:04:09.258+0000][160][gc,phases   ] GC(53)   Post Evacuate Collection Set: 0.7ms
[2022-05-06T05:04:09.259+0000][160][gc,phases   ] GC(53)   Other: 4.5ms
[2022-05-06T05:04:09.259+0000][160][gc,heap     ] GC(53) Eden regions: 2->0(52)
[2022-05-06T05:04:09.260+0000][160][gc,heap     ] GC(53) Survivor regions: 4->1(1)
[2022-05-06T05:04:09.260+0000][160][gc,heap     ] GC(53) Old regions: 36->38
[2022-05-06T05:04:09.262+0000][160][gc,heap     ] GC(53) Archive regions: 2->2
[2022-05-06T05:04:09.263+0000][160][gc,heap     ] GC(53) Humongous regions: 8->8
[2022-05-06T05:04:09.263+0000][160][gc,metaspace] GC(53) Metaspace: 104509K(106048K)->104509K(106048K) NonClass: 90168K(91136K)->90168K(91136K) Class: 14340K(14912K)->14340K(14912K)
[2022-05-06T05:04:09.264+0000][160][gc          ] GC(53) Pause Young (Mixed) (G1 Evacuation Pause) 201M->186M(512M) 15.760ms
[2022-05-06T05:04:09.265+0000][160][gc,cpu      ] GC(53) User=0.02s Sys=0.00s Real=0.01s
[2022-05-06T05:04:09.266+0000][160][safepoint   ] Safepoint "G1CollectForAllocation", Time since last: 2510458 ns, Reaching safepoint: 63250 ns, At safepoint: 17285042 ns, Total: 17348292 ns
[2022-05-06T05:04:10.275+0000][160][safepoint   ] Safepoint "Cleanup", Time since last: 1001574958 ns, Reaching safepoint: 142708 ns, At safepoint: 16250 ns, Total: 158958 ns
[2022-05-06T05:04:11.282+0000][160][safepoint   ] Safepoint "Cleanup", Time since last: 1006817876 ns, Reaching safepoint: 126166 ns, At safepoint: 3709 ns, Total: 129875 ns
[2022-05-06T05:04:12.283+0000][160][safepoint   ] Safepoint "Cleanup", Time since last: 1001129667 ns, Reaching safepoint: 73125 ns, At safepoint: 3667 ns, Total: 76792 ns
[2022-05-06T05:04:13.286+0000][160][safepoint   ] Safepoint "Cleanup", Time since last: 1002872375 ns, Reaching safepoint: 234417 ns, At safepoint: 43500 ns, Total: 277917 ns
[2022-05-06T05:04:14.306+0000][160][safepoint   ] Safepoint "Cleanup", Time since last: 1001404125 ns, Reaching safepoint: 18179750 ns, At safepoint: 70959 ns, Total: 18250709 ns
[2022-05-06T05:04:15.309+0000][160][safepoint   ] Safepoint "Cleanup", Time since last: 1002616625 ns, Reaching safepoint: 348833 ns, At safepoint: 12125 ns, Total: 360958 ns
[2022-05-06T05:04:17.327+0000][160][safepoint   ] Safepoint "Cleanup", Time since last: 2017610001 ns, Reaching safepoint: 346459 ns, At safepoint: 12916 ns, Total: 359375 ns
[2022-05-06T05:04:28.358+0000][160][safepoint   ] Safepoint "Cleanup", Time since last: 11031133881 ns, Reaching safepoint: 224875 ns, At safepoint: 9083 ns, Total: 233958 ns
[2022-05-06T05:04:35.377+0000][160][safepoint   ] Safepoint "Cleanup", Time since last: 7018114128 ns, Reaching safepoint: 619084 ns, At safepoint: 13541 ns, Total: 632625 ns
[2022-05-06T05:04:39.387+0000][160][safepoint   ] Safepoint "Cleanup", Time since last: 4010160710 ns, Reaching safepoint: 135750 ns, At safepoint: 6208 ns, Total: 141958 ns
[2022-05-06T05:04:56.442+0000][160][safepoint   ] Safepoint "Cleanup", Time since last: 17054588592 ns, Reaching safepoint: 852750 ns, At safepoint: 21500 ns, Total: 874250 ns
[2022-05-06T05:04:58.457+0000][160][safepoint   ] Safepoint "Cleanup", Time since last: 2014883251 ns, Reaching safepoint: 279000 ns, At safepoint: 9208 ns, Total: 288208 ns
[2022-05-06T05:05:00.469+0000][160][safepoint   ] Safepoint "Cleanup", Time since last: 2010971209 ns, Reaching safepoint: 699542 ns, At safepoint: 13500 ns, Total: 713042 ns
[2022-05-06T05:05:04.498+0000][160][safepoint   ] Safepoint "Cleanup", Time since last: 4027541335 ns, Reaching safepoint: 1112625 ns, At safepoint: 18625 ns, Total: 1131250 ns
[2022-05-06T05:05:05.505+0000][160][safepoint   ] Safepoint "Cleanup", Time since last: 1006307167 ns, Reaching safepoint: 495584 ns, At safepoint: 17708 ns, Total: 513292 ns
[2022-05-06T05:05:09.541+0000][160][safepoint   ] Safepoint "Cleanup", Time since last: 4034062626 ns, Reaching safepoint: 504084 ns, At safepoint: 24750 ns, Total: 528834 ns
[2022-05-06T05:05:16.579+0000][160][safepoint   ] Safepoint "Cleanup", Time since last: 7037277086 ns, Reaching safepoint: 593959 ns, At safepoint: 18625 ns, Total: 612584 ns
[2022-05-06T05:05:21.614+0000][160][safepoint   ] Safepoint "Cleanup", Time since last: 5034897419 ns, Reaching safepoint: 503750 ns, At safepoint: 21125 ns, Total: 524875 ns
[2022-05-06T05:05:27.652+0000][160][safepoint   ] Safepoint "Cleanup", Time since last: 6037291794 ns, Reaching safepoint: 345959 ns, At safepoint: 14916 ns, Total: 360875 ns
[2022-05-06T05:05:28.656+0000][160][safepoint   ] Safepoint "Cleanup", Time since last: 1004169501 ns, Reaching safepoint: 182333 ns, At safepoint: 4333 ns, Total: 186666 ns
[2022-05-06T05:05:34.687+0000][160][safepoint   ] Safepoint "Cleanup", Time since last: 6030605670 ns, Reaching safepoint: 580792 ns, At safepoint: 19625 ns, Total: 600417 ns
[2022-05-06T05:05:46.773+0000][160][safepoint   ] Safepoint "Cleanup", Time since last: 12085263797 ns, Reaching safepoint: 1206750 ns, At safepoint: 21375 ns, Total: 1228125 ns
[2022-05-06T05:05:56.817+0000][160][safepoint   ] Safepoint "Cleanup", Time since last: 10043767088 ns, Reaching safepoint: 186500 ns, At safepoint: 5625 ns, Total: 192125 ns
[2022-05-06T05:06:05.881+0000][160][safepoint   ] Safepoint "Cleanup", Time since last: 9064039171 ns, Reaching safepoint: 164875 ns, At safepoint: 6542 ns, Total: 171417 ns
[2022-05-06T05:06:06.890+0000][160][safepoint   ] Safepoint "Cleanup", Time since last: 1008540000 ns, Reaching safepoint: 143792 ns, At safepoint: 5416 ns, Total: 149208 ns
[2022-05-06T05:12:32.153+0000][160][safepoint   ] Safepoint "Cleanup", Time since last: 3010765084 ns, Reaching safepoint: 111584 ns, At safepoint: 5333 ns, Total: 116917 ns
[2022-05-06T05:12:50.189+0000][160][safepoint   ] Safepoint "Cleanup", Time since last: 18035697384 ns, Reaching safepoint: 682583 ns, At safepoint: 14500 ns, Total: 697083 ns
[2022-05-06T05:13:14.257+0000][160][safepoint   ] Safepoint "Cleanup", Time since last: 24066055011 ns, Reaching safepoint: 426292 ns, At safepoint: 20125 ns, Total: 446417 ns
[2022-05-06T05:13:24.287+0000][160][safepoint   ] Safepoint "Cleanup", Time since last: 10029368296 ns, Reaching safepoint: 318209 ns, At safepoint: 13458 ns, Total: 331667 ns
[2022-05-06T05:13:46.334+0000][160][safepoint   ] Safepoint "Cleanup", Time since last: 22047321468 ns, Reaching safepoint: 744542 ns, At safepoint: 45792 ns, Total: 790334 ns
[2022-05-06T05:13:54.368+0000][160][safepoint   ] Safepoint "Cleanup", Time since last: 8032878503 ns, Reaching safepoint: 674584 ns, At safepoint: 13333 ns, Total: 687917 ns
[2022-05-06T05:13:57.377+0000][160][safepoint   ] Safepoint "Cleanup", Time since last: 3008338001 ns, Reaching safepoint: 258209 ns, At safepoint: 8583 ns, Total: 266792 ns
[2022-05-06T05:14:01.390+0000][160][safepoint   ] Safepoint "Cleanup", Time since last: 4013303835 ns, Reaching safepoint: 356792 ns, At safepoint: 13458 ns, Total: 370250 ns
[2022-05-06T05:14:02.415+0000][160][safepoint   ] Safepoint "Cleanup", Time since last: 1023766292 ns, Reaching safepoint: 155750 ns, At safepoint: 3917 ns, Total: 159667 ns
[2022-05-06T05:14:09.443+0000][160][safepoint   ] Safepoint "Cleanup", Time since last: 7027585295 ns, Reaching safepoint: 237792 ns, At safepoint: 10500 ns, Total: 248292 ns
[2022-05-06T05:14:20.485+0000][160][safepoint   ] Safepoint "Cleanup", Time since last: 11041944880 ns, Reaching safepoint: 269583 ns, At safepoint: 10084 ns, Total: 279667 ns
[2022-05-06T05:14:22.493+0000][160][safepoint   ] Safepoint "Cleanup", Time since last: 2007598125 ns, Reaching safepoint: 586750 ns, At safepoint: 13917 ns, Total: 600667 ns
[2022-05-06T05:14:24.503+0000][160][safepoint   ] Safepoint "Cleanup", Time since last: 2009687834 ns, Reaching safepoint: 371250 ns, At safepoint: 12334 ns, Total: 383584 ns
[2022-05-06T05:14:33.530+0000][160][safepoint   ] Safepoint "Cleanup", Time since last: 9026299045 ns, Reaching safepoint: 1382625 ns, At safepoint: 11708 ns, Total: 1394333 ns
[2022-05-06T05:14:34.543+0000][160][safepoint   ] Safepoint "Cleanup", Time since last: 1011806584 ns, Reaching safepoint: 391708 ns, At safepoint: 25542 ns, Total: 417250 ns
[2022-05-06T05:14:40.572+0000][160][safepoint   ] Safepoint "Cleanup", Time since last: 6028806419 ns, Reaching safepoint: 717792 ns, At safepoint: 12958 ns, Total: 730750 ns
[2022-05-06T05:14:50.630+0000][160][safepoint   ] Safepoint "Cleanup", Time since last: 10038030589 ns, Reaching safepoint: 19432166 ns, At safepoint: 71917 ns, Total: 19504083 ns
[2022-05-06T05:14:54.643+0000][160][safepoint   ] Safepoint "Cleanup", Time since last: 4013466377 ns, Reaching safepoint: 185750 ns, At safepoint: 8333 ns, Total: 194083 ns
[2022-05-06T05:15:00.659+0000][160][safepoint   ] Safepoint "Cleanup", Time since last: 6015060878 ns, Reaching safepoint: 764542 ns, At safepoint: 15458 ns, Total: 780000 ns
[2022-05-06T05:15:20.719+0000][160][safepoint   ] Safepoint "Cleanup", Time since last: 20057603968 ns, Reaching safepoint: 1021166 ns, At safepoint: 848542 ns, Total: 1869708 ns
[2022-05-06T05:15:23.736+0000][160][safepoint   ] Safepoint "Cleanup", Time since last: 3016747835 ns, Reaching safepoint: 163583 ns, At safepoint: 6125 ns, Total: 169708 ns
[2022-05-06T05:15:24.741+0000][160][safepoint   ] Safepoint "Cleanup", Time since last: 1005004167 ns, Reaching safepoint: 457959 ns, At safepoint: 14916 ns, Total: 472875 ns
[2022-05-06T05:15:26.748+0000][160][safepoint   ] Safepoint "Cleanup", Time since last: 2004593626 ns, Reaching safepoint: 1983708 ns, At safepoint: 16834 ns, Total: 2000542 ns
[2022-05-06T05:15:27.759+0000][160][safepoint   ] Safepoint "Cleanup", Time since last: 1010927542 ns, Reaching safepoint: 162750 ns, At safepoint: 6000 ns, Total: 168750 ns
[2022-05-06T05:15:28.763+0000][160][safepoint   ] Safepoint "Cleanup", Time since last: 1003206125 ns, Reaching safepoint: 556417 ns, At safepoint: 19083 ns, Total: 575500 ns
[2022-05-06T05:15:32.791+0000][160][safepoint   ] Safepoint "Cleanup", Time since last: 4027176918 ns, Reaching safepoint: 751333 ns, At safepoint: 21042 ns, Total: 772375 ns
[2022-05-06T05:15:50.838+0000][160][safepoint   ] Safepoint "Cleanup", Time since last: 18046279550 ns, Reaching safepoint: 353084 ns, At safepoint: 13791 ns, Total: 366875 ns
[2022-05-06T05:16:17.833+0000][160][safepoint   ] Safepoint "Cleanup", Time since last: 26992929137 ns, Reaching safepoint: 116667 ns, At safepoint: 3083 ns, Total: 119750 ns
[2022-05-06T05:16:18.836+0000][160][safepoint   ] Safepoint "Cleanup", Time since last: 1002427126 ns, Reaching safepoint: 1130291 ns, At safepoint: 20667 ns, Total: 1150958 ns
[2022-05-06T05:16:19.999+0000][160][safepoint   ] Safepoint "Cleanup", Time since last: 1155716209 ns, Reaching safepoint: 6768250 ns, At safepoint: 67042 ns, Total: 6835292 ns
[2022-05-06T05:16:20.176+0000][160][safepoint   ] Safepoint "ICBufferFull", Time since last: 176779000 ns, Reaching safepoint: 317125 ns, At safepoint: 9000 ns, Total: 326125 ns
[2022-05-06T05:16:21.181+0000][160][safepoint   ] Safepoint "Cleanup", Time since last: 1004708458 ns, Reaching safepoint: 565000 ns, At safepoint: 13084 ns, Total: 578084 ns
[2022-05-06T05:16:22.204+0000][160][safepoint   ] Safepoint "Cleanup", Time since last: 1022492834 ns, Reaching safepoint: 200833 ns, At safepoint: 9625 ns, Total: 210458 ns
[2022-05-06T05:16:23.213+0000][160][safepoint   ] Safepoint "Cleanup", Time since last: 1008070584 ns, Reaching safepoint: 1091958 ns, At safepoint: 30417 ns, Total: 1122375 ns
[2022-05-06T05:16:28.227+0000][160][safepoint   ] Safepoint "Cleanup", Time since last: 5013570752 ns, Reaching safepoint: 417125 ns, At safepoint: 16584 ns, Total: 433709 ns
[2022-05-06T05:16:30.235+0000][160][safepoint   ] Safepoint "Cleanup", Time since last: 2007161667 ns, Reaching safepoint: 757542 ns, At safepoint: 34500 ns, Total: 792042 ns
