[2022-04-29T07:32:49.396+0000][161][gc] Using G1
[2022-04-29T07:32:49.480+0000][161][gc,init] Version: 17.0.2+8 (release)
[2022-04-29T07:32:49.482+0000][161][gc,init] CPUs: 5 total, 5 available
[2022-04-29T07:32:49.484+0000][161][gc,init] Memory: 7851M
[2022-04-29T07:32:49.485+0000][161][gc,init] Large Page Support: Disabled
[2022-04-29T07:32:49.486+0000][161][gc,init] NUMA Support: Disabled
[2022-04-29T07:32:49.487+0000][161][gc,init] Compressed Oops: Enabled (32-bit)
[2022-04-29T07:32:49.489+0000][161][gc,init] Heap Region Size: 4M
[2022-04-29T07:32:49.489+0000][161][gc,init] Heap Min Capacity: 512M
[2022-04-29T07:32:49.491+0000][161][gc,init] Heap Initial Capacity: 512M
[2022-04-29T07:32:49.491+0000][161][gc,init] Heap Max Capacity: 512M
[2022-04-29T07:32:49.492+0000][161][gc,init] Pre-touch: Enabled
[2022-04-29T07:32:49.493+0000][161][gc,init] Parallel Workers: 5
[2022-04-29T07:32:49.494+0000][161][gc,init] Concurrent Workers: 1
[2022-04-29T07:32:49.495+0000][161][gc,init] Concurrent Refinement Workers: 5
[2022-04-29T07:32:49.496+0000][161][gc,init] Periodic GC: Disabled
[2022-04-29T07:32:49.497+0000][161][gc,metaspace] CDS archive(s) mapped at: [0x0000000800000000-0x0000000800bd2000-0x0000000800bd2000), size 12394496, SharedBaseAddress: 0x0000000800000000, ArchiveRelocationMode: 0.
[2022-04-29T07:32:49.499+0000][161][gc,metaspace] Compressed class space mapped at: 0x0000000800c00000-0x0000000840c00000, reserved size: 1073741824
[2022-04-29T07:32:49.500+0000][161][gc,metaspace] Narrow klass base: 0x0000000800000000, Narrow klass shift: 0, Narrow klass range: 0x100000000
[2022-04-29T07:32:49.643+0000][161][safepoint   ] Safepoint "ICBufferFull", Time since last: 138484958 ns, Reaching safepoint: 140084 ns, At safepoint: 10958 ns, Total: 151042 ns
[2022-04-29T07:32:49.709+0000][161][safepoint   ] Safepoint "ICBufferFull", Time since last: 65616875 ns, Reaching safepoint: 123375 ns, At safepoint: 3709 ns, Total: 127084 ns
[2022-04-29T07:32:49.799+0000][161][safepoint   ] Safepoint "ICBufferFull", Time since last: 90119083 ns, Reaching safepoint: 108375 ns, At safepoint: 2875 ns, Total: 111250 ns
[2022-04-29T07:32:49.871+0000][161][gc,start    ] GC(0) Pause Young (Normal) (G1 Evacuation Pause)
[2022-04-29T07:32:49.872+0000][161][gc,task     ] GC(0) Using 5 workers of 5 for evacuation
[2022-04-29T07:32:49.873+0000][161][gc,age      ] GC(0) Desired survivor size 2097152 bytes, new threshold 15 (max threshold 15)
[2022-04-29T07:32:49.879+0000][161][gc,age      ] GC(0) Age table with threshold 15 (max threshold 15)
[2022-04-29T07:32:49.880+0000][161][gc,age      ] GC(0) - age   1:    4153216 bytes,    4153216 total
[2022-04-29T07:32:49.881+0000][161][gc,phases   ] GC(0)   Pre Evacuate Collection Set: 0.0ms
[2022-04-29T07:32:49.883+0000][161][gc,phases   ] GC(0)   Merge Heap Roots: 0.0ms
[2022-04-29T07:32:49.884+0000][161][gc,phases   ] GC(0)   Evacuate Collection Set: 4.1ms
[2022-04-29T07:32:49.884+0000][161][gc,phases   ] GC(0)   Post Evacuate Collection Set: 0.5ms
[2022-04-29T07:32:49.885+0000][161][gc,phases   ] GC(0)   Other: 5.6ms
[2022-04-29T07:32:49.886+0000][161][gc,heap     ] GC(0) Eden regions: 6->0(5)
[2022-04-29T07:32:49.887+0000][161][gc,heap     ] GC(0) Survivor regions: 0->1(1)
[2022-04-29T07:32:49.888+0000][161][gc,heap     ] GC(0) Old regions: 0->1
[2022-04-29T07:32:49.889+0000][161][gc,heap     ] GC(0) Archive regions: 2->2
[2022-04-29T07:32:49.890+0000][161][gc,heap     ] GC(0) Humongous regions: 0->0
[2022-04-29T07:32:49.891+0000][161][gc,metaspace] GC(0) Metaspace: 8810K(9024K)->8810K(9024K) NonClass: 7767K(7872K)->7767K(7872K) Class: 1043K(1152K)->1043K(1152K)
[2022-04-29T07:32:49.891+0000][161][gc          ] GC(0) Pause Young (Normal) (G1 Evacuation Pause) 27M->8M(512M) 20.434ms
[2022-04-29T07:32:49.893+0000][161][gc,cpu      ] GC(0) User=0.01s Sys=0.00s Real=0.02s
[2022-04-29T07:32:49.893+0000][161][safepoint   ] Safepoint "G1CollectForAllocation", Time since last: 71509042 ns, Reaching safepoint: 85000 ns, At safepoint: 22582583 ns, Total: 22667583 ns
[2022-04-29T07:32:50.065+0000][161][safepoint   ] Safepoint "ICBufferFull", Time since last: 171444833 ns, Reaching safepoint: 129417 ns, At safepoint: 3042 ns, Total: 132459 ns
[2022-04-29T07:32:50.120+0000][161][gc,start    ] GC(1) Pause Young (Normal) (G1 Evacuation Pause)
[2022-04-29T07:32:50.122+0000][161][gc,task     ] GC(1) Using 5 workers of 5 for evacuation
[2022-04-29T07:32:50.123+0000][161][gc,age      ] GC(1) Desired survivor size 2097152 bytes, new threshold 1 (max threshold 15)
[2022-04-29T07:32:50.128+0000][161][gc,age      ] GC(1) Age table with threshold 1 (max threshold 15)
[2022-04-29T07:32:50.129+0000][161][gc,age      ] GC(1) - age   1:    1904032 bytes,    1904032 total
[2022-04-29T07:32:50.130+0000][161][gc,phases   ] GC(1)   Pre Evacuate Collection Set: 0.1ms
[2022-04-29T07:32:50.131+0000][161][gc,phases   ] GC(1)   Merge Heap Roots: 0.0ms
[2022-04-29T07:32:50.131+0000][161][gc,phases   ] GC(1)   Evacuate Collection Set: 2.6ms
[2022-04-29T07:32:50.132+0000][161][gc,phases   ] GC(1)   Post Evacuate Collection Set: 0.8ms
[2022-04-29T07:32:50.133+0000][161][gc,phases   ] GC(1)   Other: 5.9ms
[2022-04-29T07:32:50.133+0000][161][gc,heap     ] GC(1) Eden regions: 5->0(7)
[2022-04-29T07:32:50.134+0000][161][gc,heap     ] GC(1) Survivor regions: 1->1(1)
[2022-04-29T07:32:50.135+0000][161][gc,heap     ] GC(1) Old regions: 1->2
[2022-04-29T07:32:50.135+0000][161][gc,heap     ] GC(1) Archive regions: 2->2
[2022-04-29T07:32:50.136+0000][161][gc,heap     ] GC(1) Humongous regions: 0->0
[2022-04-29T07:32:50.137+0000][161][gc,metaspace] GC(1) Metaspace: 12267K(12480K)->12267K(12480K) NonClass: 10770K(10880K)->10770K(10880K) Class: 1497K(1600K)->1497K(1600K)
[2022-04-29T07:32:50.137+0000][161][gc          ] GC(1) Pause Young (Normal) (G1 Evacuation Pause) 28M->9M(512M) 16.853ms
[2022-04-29T07:32:50.138+0000][161][gc,cpu      ] GC(1) User=0.01s Sys=0.00s Real=0.02s
[2022-04-29T07:32:50.138+0000][161][safepoint   ] Safepoint "G1CollectForAllocation", Time since last: 55094000 ns, Reaching safepoint: 140708 ns, At safepoint: 18066458 ns, Total: 18207166 ns
[2022-04-29T07:32:50.355+0000][161][safepoint   ] Safepoint "ICBufferFull", Time since last: 216690084 ns, Reaching safepoint: 118208 ns, At safepoint: 4708 ns, Total: 122916 ns
[2022-04-29T07:32:50.406+0000][161][gc,start    ] GC(2) Pause Young (Normal) (G1 Evacuation Pause)
[2022-04-29T07:32:50.407+0000][161][gc,task     ] GC(2) Using 5 workers of 5 for evacuation
[2022-04-29T07:32:50.408+0000][161][gc,age      ] GC(2) Desired survivor size 2097152 bytes, new threshold 15 (max threshold 15)
[2022-04-29T07:32:50.412+0000][161][gc,age      ] GC(2) Age table with threshold 15 (max threshold 15)
[2022-04-29T07:32:50.413+0000][161][gc,age      ] GC(2) - age   1:     998480 bytes,     998480 total
[2022-04-29T07:32:50.414+0000][161][gc,age      ] GC(2) - age   2:    1887592 bytes,    2886072 total
[2022-04-29T07:32:50.414+0000][161][gc,phases   ] GC(2)   Pre Evacuate Collection Set: 0.0ms
[2022-04-29T07:32:50.415+0000][161][gc,phases   ] GC(2)   Merge Heap Roots: 0.0ms
[2022-04-29T07:32:50.416+0000][161][gc,phases   ] GC(2)   Evacuate Collection Set: 2.1ms
[2022-04-29T07:32:50.417+0000][161][gc,phases   ] GC(2)   Post Evacuate Collection Set: 0.8ms
[2022-04-29T07:32:50.417+0000][161][gc,phases   ] GC(2)   Other: 6.1ms
[2022-04-29T07:32:50.418+0000][161][gc,heap     ] GC(2) Eden regions: 7->0(27)
[2022-04-29T07:32:50.418+0000][161][gc,heap     ] GC(2) Survivor regions: 1->1(1)
[2022-04-29T07:32:50.419+0000][161][gc,heap     ] GC(2) Old regions: 2->2
[2022-04-29T07:32:50.420+0000][161][gc,heap     ] GC(2) Archive regions: 2->2
[2022-04-29T07:32:50.420+0000][161][gc,heap     ] GC(2) Humongous regions: 0->0
[2022-04-29T07:32:50.421+0000][161][gc,metaspace] GC(2) Metaspace: 14695K(14912K)->14695K(14912K) NonClass: 12947K(13056K)->12947K(13056K) Class: 1747K(1856K)->1747K(1856K)
[2022-04-29T07:32:50.422+0000][161][gc          ] GC(2) Pause Young (Normal) (G1 Evacuation Pause) 37M->11M(512M) 16.172ms
[2022-04-29T07:32:50.423+0000][161][gc,cpu      ] GC(2) User=0.01s Sys=0.00s Real=0.01s
[2022-04-29T07:32:50.424+0000][161][safepoint   ] Safepoint "G1CollectForAllocation", Time since last: 50016209 ns, Reaching safepoint: 225750 ns, At safepoint: 18313292 ns, Total: 18539042 ns
[2022-04-29T07:32:50.633+0000][161][safepoint   ] Safepoint "ICBufferFull", Time since last: 208824041 ns, Reaching safepoint: 205042 ns, At safepoint: 13833 ns, Total: 218875 ns
[2022-04-29T07:32:50.658+0000][161][safepoint   ] Safepoint "ICBufferFull", Time since last: 24657084 ns, Reaching safepoint: 154000 ns, At safepoint: 1750 ns, Total: 155750 ns
[2022-04-29T07:32:50.661+0000][161][safepoint   ] Safepoint "ICBufferFull", Time since last: 3626625 ns, Reaching safepoint: 34083 ns, At safepoint: 1333 ns, Total: 35416 ns
[2022-04-29T07:32:50.662+0000][161][safepoint   ] Safepoint "ICBufferFull", Time since last: 1112875 ns, Reaching safepoint: 48417 ns, At safepoint: 1208 ns, Total: 49625 ns
[2022-04-29T07:32:50.664+0000][161][safepoint   ] Safepoint "ICBufferFull", Time since last: 1197625 ns, Reaching safepoint: 42959 ns, At safepoint: 3000 ns, Total: 45959 ns
[2022-04-29T07:32:50.665+0000][161][safepoint   ] Safepoint "ICBufferFull", Time since last: 1569000 ns, Reaching safepoint: 36583 ns, At safepoint: 1125 ns, Total: 37708 ns
[2022-04-29T07:32:50.667+0000][161][safepoint   ] Safepoint "ICBufferFull", Time since last: 1446917 ns, Reaching safepoint: 163708 ns, At safepoint: 5833 ns, Total: 169541 ns
[2022-04-29T07:32:50.668+0000][161][safepoint   ] Safepoint "ICBufferFull", Time since last: 993417 ns, Reaching safepoint: 41000 ns, At safepoint: 1333 ns, Total: 42333 ns
[2022-04-29T07:32:50.669+0000][161][safepoint   ] Safepoint "ICBufferFull", Time since last: 1136000 ns, Reaching safepoint: 37500 ns, At safepoint: 1375 ns, Total: 38875 ns
[2022-04-29T07:32:50.670+0000][161][safepoint   ] Safepoint "ICBufferFull", Time since last: 897167 ns, Reaching safepoint: 77167 ns, At safepoint: 2625 ns, Total: 79792 ns
[2022-04-29T07:32:50.671+0000][161][safepoint   ] Safepoint "ICBufferFull", Time since last: 1043625 ns, Reaching safepoint: 31125 ns, At safepoint: 1000 ns, Total: 32125 ns
[2022-04-29T07:32:50.672+0000][161][safepoint   ] Safepoint "ICBufferFull", Time since last: 866333 ns, Reaching safepoint: 74625 ns, At safepoint: 2667 ns, Total: 77292 ns
[2022-04-29T07:32:50.703+0000][161][gc,start    ] GC(3) Pause Young (Normal) (G1 Evacuation Pause)
[2022-04-29T07:32:50.704+0000][161][gc,task     ] GC(3) Using 5 workers of 5 for evacuation
[2022-04-29T07:32:50.705+0000][161][gc,age      ] GC(3) Desired survivor size 8388608 bytes, new threshold 15 (max threshold 15)
[2022-04-29T07:32:50.710+0000][161][gc,age      ] GC(3) Age table with threshold 15 (max threshold 15)
[2022-04-29T07:32:50.711+0000][161][gc,age      ] GC(3) - age   1:    3207920 bytes,    3207920 total
[2022-04-29T07:32:50.712+0000][161][gc,age      ] GC(3) - age   2:     924640 bytes,    4132560 total
[2022-04-29T07:32:50.712+0000][161][gc,age      ] GC(3) - age   3:    1885760 bytes,    6018320 total
[2022-04-29T07:32:50.713+0000][161][gc,phases   ] GC(3)   Pre Evacuate Collection Set: 0.3ms
[2022-04-29T07:32:50.714+0000][161][gc,phases   ] GC(3)   Merge Heap Roots: 0.1ms
[2022-04-29T07:32:50.714+0000][161][gc,phases   ] GC(3)   Evacuate Collection Set: 2.6ms
[2022-04-29T07:32:50.715+0000][161][gc,phases   ] GC(3)   Post Evacuate Collection Set: 0.7ms
[2022-04-29T07:32:50.715+0000][161][gc,phases   ] GC(3)   Other: 6.2ms
[2022-04-29T07:32:50.716+0000][161][gc,heap     ] GC(3) Eden regions: 27->0(74)
[2022-04-29T07:32:50.717+0000][161][gc,heap     ] GC(3) Survivor regions: 1->2(4)
[2022-04-29T07:32:50.718+0000][161][gc,heap     ] GC(3) Old regions: 2->2
[2022-04-29T07:32:50.719+0000][161][gc,heap     ] GC(3) Archive regions: 2->2
[2022-04-29T07:32:50.719+0000][161][gc,heap     ] GC(3) Humongous regions: 0->0
[2022-04-29T07:32:50.720+0000][161][gc,metaspace] GC(3) Metaspace: 17176K(17536K)->17176K(17536K) NonClass: 15141K(15360K)->15141K(15360K) Class: 2035K(2176K)->2035K(2176K)
[2022-04-29T07:32:50.720+0000][161][gc          ] GC(3) Pause Young (Normal) (G1 Evacuation Pause) 119M->14M(512M) 17.417ms
[2022-04-29T07:32:50.722+0000][161][gc,cpu      ] GC(3) User=0.01s Sys=0.00s Real=0.02s
[2022-04-29T07:32:50.722+0000][161][safepoint   ] Safepoint "G1CollectForAllocation", Time since last: 30707125 ns, Reaching safepoint: 61666 ns, At safepoint: 19450500 ns, Total: 19512166 ns
[2022-04-29T07:32:50.934+0000][161][safepoint   ] Safepoint "ICBufferFull", Time since last: 211418084 ns, Reaching safepoint: 194541 ns, At safepoint: 3167 ns, Total: 197708 ns
[2022-04-29T07:32:51.039+0000][161][gc,start    ] GC(4) Pause Young (Normal) (G1 Evacuation Pause)
[2022-04-29T07:32:51.040+0000][161][gc,task     ] GC(4) Using 5 workers of 5 for evacuation
[2022-04-29T07:32:51.040+0000][161][gc,age      ] GC(4) Desired survivor size 20971520 bytes, new threshold 15 (max threshold 15)
[2022-04-29T07:32:51.048+0000][161][gc,age      ] GC(4) Age table with threshold 15 (max threshold 15)
[2022-04-29T07:32:51.049+0000][161][gc,age      ] GC(4) - age   1:    5414904 bytes,    5414904 total
[2022-04-29T07:32:51.050+0000][161][gc,age      ] GC(4) - age   2:    2218008 bytes,    7632912 total
[2022-04-29T07:32:51.051+0000][161][gc,age      ] GC(4) - age   3:     924280 bytes,    8557192 total
[2022-04-29T07:32:51.052+0000][161][gc,age      ] GC(4) - age   4:    1884816 bytes,   10442008 total
[2022-04-29T07:32:51.052+0000][161][gc,phases   ] GC(4)   Pre Evacuate Collection Set: 0.3ms
[2022-04-29T07:32:51.053+0000][161][gc,phases   ] GC(4)   Merge Heap Roots: 0.2ms
[2022-04-29T07:32:51.054+0000][161][gc,phases   ] GC(4)   Evacuate Collection Set: 5.4ms
[2022-04-29T07:32:51.054+0000][161][gc,phases   ] GC(4)   Post Evacuate Collection Set: 0.5ms
[2022-04-29T07:32:51.055+0000][161][gc,phases   ] GC(4)   Other: 7.1ms
[2022-04-29T07:32:51.056+0000][161][gc,heap     ] GC(4) Eden regions: 74->0(73)
[2022-04-29T07:32:51.057+0000][161][gc,heap     ] GC(4) Survivor regions: 2->3(10)
[2022-04-29T07:32:51.058+0000][161][gc,heap     ] GC(4) Old regions: 2->2
[2022-04-29T07:32:51.059+0000][161][gc,heap     ] GC(4) Archive regions: 2->2
[2022-04-29T07:32:51.060+0000][161][gc,heap     ] GC(4) Humongous regions: 0->0
[2022-04-29T07:32:51.061+0000][161][gc,metaspace] GC(4) Metaspace: 18732K(19072K)->18732K(19072K) NonClass: 16453K(16640K)->16453K(16640K) Class: 2279K(2432K)->2279K(2432K)
[2022-04-29T07:32:51.062+0000][161][gc          ] GC(4) Pause Young (Normal) (G1 Evacuation Pause) 310M->18M(512M) 22.892ms
[2022-04-29T07:32:51.062+0000][161][gc,cpu      ] GC(4) User=0.03s Sys=0.01s Real=0.02s
[2022-04-29T07:32:51.063+0000][161][safepoint   ] Safepoint "G1CollectForAllocation", Time since last: 104623250 ns, Reaching safepoint: 191083 ns, At safepoint: 24278667 ns, Total: 24469750 ns
[2022-04-29T07:32:51.292+0000][161][safepoint   ] Safepoint "ICBufferFull", Time since last: 228914750 ns, Reaching safepoint: 136209 ns, At safepoint: 7833 ns, Total: 144042 ns
[2022-04-29T07:32:51.319+0000][161][gc,start    ] GC(5) Pause Young (Normal) (G1 Evacuation Pause)
[2022-04-29T07:32:51.320+0000][161][gc,task     ] GC(5) Using 5 workers of 5 for evacuation
[2022-04-29T07:32:51.321+0000][161][gc,age      ] GC(5) Desired survivor size 20971520 bytes, new threshold 15 (max threshold 15)
[2022-04-29T07:32:51.327+0000][161][gc,age      ] GC(5) Age table with threshold 15 (max threshold 15)
[2022-04-29T07:32:51.328+0000][161][gc,age      ] GC(5) - age   1:    1565232 bytes,    1565232 total
[2022-04-29T07:32:51.329+0000][161][gc,age      ] GC(5) - age   2:    5114784 bytes,    6680016 total
[2022-04-29T07:32:51.330+0000][161][gc,age      ] GC(5) - age   3:    2217544 bytes,    8897560 total
[2022-04-29T07:32:51.330+0000][161][gc,age      ] GC(5) - age   4:     924008 bytes,    9821568 total
[2022-04-29T07:32:51.331+0000][161][gc,age      ] GC(5) - age   5:    1884752 bytes,   11706320 total
[2022-04-29T07:32:51.332+0000][161][gc,phases   ] GC(5)   Pre Evacuate Collection Set: 0.3ms
[2022-04-29T07:32:51.333+0000][161][gc,phases   ] GC(5)   Merge Heap Roots: 0.2ms
[2022-04-29T07:32:51.333+0000][161][gc,phases   ] GC(5)   Evacuate Collection Set: 3.3ms
[2022-04-29T07:32:51.334+0000][161][gc,phases   ] GC(5)   Post Evacuate Collection Set: 0.9ms
[2022-04-29T07:32:51.335+0000][161][gc,phases   ] GC(5)   Other: 8.7ms
[2022-04-29T07:32:51.336+0000][161][gc,heap     ] GC(5) Eden regions: 73->0(73)
[2022-04-29T07:32:51.337+0000][161][gc,heap     ] GC(5) Survivor regions: 3->3(10)
[2022-04-29T07:32:51.337+0000][161][gc,heap     ] GC(5) Old regions: 2->2
[2022-04-29T07:32:51.338+0000][161][gc,heap     ] GC(5) Archive regions: 2->2
[2022-04-29T07:32:51.338+0000][161][gc,heap     ] GC(5) Humongous regions: 0->0
[2022-04-29T07:32:51.339+0000][161][gc,metaspace] GC(5) Metaspace: 19675K(20160K)->19675K(20160K) NonClass: 17257K(17536K)->17257K(17536K) Class: 2417K(2624K)->2417K(2624K)
[2022-04-29T07:32:51.339+0000][161][gc          ] GC(5) Pause Young (Normal) (G1 Evacuation Pause) 310M->20M(512M) 20.511ms
[2022-04-29T07:32:51.340+0000][161][gc,cpu      ] GC(5) User=0.01s Sys=0.00s Real=0.02s
[2022-04-29T07:32:51.341+0000][161][safepoint   ] Safepoint "G1CollectForAllocation", Time since last: 26749083 ns, Reaching safepoint: 41584 ns, At safepoint: 21952625 ns, Total: 21994209 ns
[2022-04-29T07:32:51.594+0000][161][gc,start    ] GC(6) Pause Young (Normal) (G1 Evacuation Pause)
[2022-04-29T07:32:51.595+0000][161][gc,task     ] GC(6) Using 5 workers of 5 for evacuation
[2022-04-29T07:32:51.596+0000][161][gc,age      ] GC(6) Desired survivor size 20971520 bytes, new threshold 15 (max threshold 15)
[2022-04-29T07:32:51.603+0000][161][gc,age      ] GC(6) Age table with threshold 15 (max threshold 15)
[2022-04-29T07:32:51.604+0000][161][gc,age      ] GC(6) - age   1:    3458328 bytes,    3458328 total
[2022-04-29T07:32:51.605+0000][161][gc,age      ] GC(6) - age   2:    1326096 bytes,    4784424 total
[2022-04-29T07:32:51.606+0000][161][gc,age      ] GC(6) - age   3:    5109688 bytes,    9894112 total
[2022-04-29T07:32:51.607+0000][161][gc,age      ] GC(6) - age   4:    2216088 bytes,   12110200 total
[2022-04-29T07:32:51.607+0000][161][gc,age      ] GC(6) - age   5:     923328 bytes,   13033528 total
[2022-04-29T07:32:51.608+0000][161][gc,age      ] GC(6) - age   6:    1884448 bytes,   14917976 total
[2022-04-29T07:32:51.609+0000][161][gc,phases   ] GC(6)   Pre Evacuate Collection Set: 0.0ms
[2022-04-29T07:32:51.609+0000][161][gc,phases   ] GC(6)   Merge Heap Roots: 0.3ms
[2022-04-29T07:32:51.610+0000][161][gc,phases   ] GC(6)   Evacuate Collection Set: 4.1ms
[2022-04-29T07:32:51.610+0000][161][gc,phases   ] GC(6)   Post Evacuate Collection Set: 0.8ms
[2022-04-29T07:32:51.611+0000][161][gc,phases   ] GC(6)   Other: 9.9ms
[2022-04-29T07:32:51.612+0000][161][gc,heap     ] GC(6) Eden regions: 73->0(72)
[2022-04-29T07:32:51.612+0000][161][gc,heap     ] GC(6) Survivor regions: 3->4(10)
[2022-04-29T07:32:51.613+0000][161][gc,heap     ] GC(6) Old regions: 2->2
[2022-04-29T07:32:51.613+0000][161][gc,heap     ] GC(6) Archive regions: 2->2
[2022-04-29T07:32:51.614+0000][161][gc,heap     ] GC(6) Humongous regions: 0->0
[2022-04-29T07:32:51.614+0000][161][gc,metaspace] GC(6) Metaspace: 20848K(21376K)->20848K(21376K) NonClass: 18271K(18624K)->18271K(18624K) Class: 2576K(2752K)->2576K(2752K)
[2022-04-29T07:32:51.615+0000][161][gc          ] GC(6) Pause Young (Normal) (G1 Evacuation Pause) 312M->23M(512M) 21.674ms
[2022-04-29T07:32:51.616+0000][161][gc,cpu      ] GC(6) User=0.02s Sys=0.00s Real=0.03s
[2022-04-29T07:32:51.616+0000][161][safepoint   ] Safepoint "G1CollectForAllocation", Time since last: 252561333 ns, Reaching safepoint: 239708 ns, At safepoint: 22580709 ns, Total: 22820417 ns
[2022-04-29T07:32:51.762+0000][161][gc,start    ] GC(7) Pause Young (Concurrent Start) (Metadata GC Threshold)
[2022-04-29T07:32:51.763+0000][161][gc,task     ] GC(7) Using 5 workers of 5 for evacuation
[2022-04-29T07:32:51.764+0000][161][gc,age      ] GC(7) Desired survivor size 20971520 bytes, new threshold 15 (max threshold 15)
[2022-04-29T07:32:51.773+0000][161][gc,age      ] GC(7) Age table with threshold 15 (max threshold 15)
[2022-04-29T07:32:51.774+0000][161][gc,age      ] GC(7) - age   1:     628384 bytes,     628384 total
[2022-04-29T07:32:51.774+0000][161][gc,age      ] GC(7) - age   2:    2177296 bytes,    2805680 total
[2022-04-29T07:32:51.775+0000][161][gc,age      ] GC(7) - age   3:    1325552 bytes,    4131232 total
[2022-04-29T07:32:51.776+0000][161][gc,age      ] GC(7) - age   4:    5109416 bytes,    9240648 total
[2022-04-29T07:32:51.777+0000][161][gc,age      ] GC(7) - age   5:    2216008 bytes,   11456656 total
[2022-04-29T07:32:51.778+0000][161][gc,age      ] GC(7) - age   6:     923328 bytes,   12379984 total
[2022-04-29T07:32:51.779+0000][161][gc,age      ] GC(7) - age   7:    1884448 bytes,   14264432 total
[2022-04-29T07:32:51.779+0000][161][gc,phases   ] GC(7)   Pre Evacuate Collection Set: 0.1ms
[2022-04-29T07:32:51.780+0000][161][gc,phases   ] GC(7)   Merge Heap Roots: 0.3ms
[2022-04-29T07:32:51.781+0000][161][gc,phases   ] GC(7)   Evacuate Collection Set: 6.3ms
[2022-04-29T07:32:51.782+0000][161][gc,phases   ] GC(7)   Post Evacuate Collection Set: 0.8ms
[2022-04-29T07:32:51.782+0000][161][gc,phases   ] GC(7)   Other: 10.0ms
[2022-04-29T07:32:51.783+0000][161][gc,heap     ] GC(7) Eden regions: 49->0(72)
[2022-04-29T07:32:51.784+0000][161][gc,heap     ] GC(7) Survivor regions: 4->4(10)
[2022-04-29T07:32:51.784+0000][161][gc,heap     ] GC(7) Old regions: 2->2
[2022-04-29T07:32:51.785+0000][161][gc,heap     ] GC(7) Archive regions: 2->2
[2022-04-29T07:32:51.785+0000][161][gc,heap     ] GC(7) Humongous regions: 0->0
[2022-04-29T07:32:51.786+0000][161][gc,metaspace] GC(7) Metaspace: 20960K(21504K)->20960K(21504K) NonClass: 18363K(18688K)->18363K(18688K) Class: 2597K(2816K)->2597K(2816K)
[2022-04-29T07:32:51.788+0000][161][gc          ] GC(7) Pause Young (Concurrent Start) (Metadata GC Threshold) 217M->22M(512M) 25.561ms
[2022-04-29T07:32:51.789+0000][161][gc,cpu      ] GC(7) User=0.01s Sys=0.01s Real=0.03s
[2022-04-29T07:32:51.789+0000][161][safepoint   ] Safepoint "CollectForMetadataAllocation", Time since last: 145532416 ns, Reaching safepoint: 119250 ns, At safepoint: 27525334 ns, Total: 27644584 ns
[2022-04-29T07:32:51.789+0000][161][gc          ] GC(8) Concurrent Mark Cycle
[2022-04-29T07:32:51.791+0000][161][gc,marking  ] GC(8) Concurrent Clear Claimed Marks
[2022-04-29T07:32:51.792+0000][161][gc,marking  ] GC(8) Concurrent Clear Claimed Marks 0.664ms
[2022-04-29T07:32:51.793+0000][161][gc,marking  ] GC(8) Concurrent Scan Root Regions
[2022-04-29T07:32:51.797+0000][161][gc,marking  ] GC(8) Concurrent Scan Root Regions 4.029ms
[2022-04-29T07:32:51.798+0000][161][gc,marking  ] GC(8) Concurrent Mark
[2022-04-29T07:32:51.798+0000][161][gc,marking  ] GC(8) Concurrent Mark From Roots
[2022-04-29T07:32:51.801+0000][161][gc,task     ] GC(8) Using 1 workers of 1 for marking
[2022-04-29T07:32:51.804+0000][161][gc,marking  ] GC(8) Concurrent Mark From Roots 6.096ms
[2022-04-29T07:32:51.805+0000][161][gc,marking  ] GC(8) Concurrent Preclean
[2022-04-29T07:32:51.807+0000][161][gc,marking  ] GC(8) Concurrent Preclean 1.417ms
[2022-04-29T07:32:51.808+0000][161][gc,start    ] GC(8) Pause Remark
[2022-04-29T07:32:51.811+0000][161][gc          ] GC(8) Pause Remark 40M->40M(512M) 2.977ms
[2022-04-29T07:32:51.813+0000][161][gc,cpu      ] GC(8) User=0.01s Sys=0.00s Real=0.00s
[2022-04-29T07:32:51.814+0000][161][safepoint   ] Safepoint "G1Concurrent", Time since last: 17991083 ns, Reaching safepoint: 408459 ns, At safepoint: 6520458 ns, Total: 6928917 ns
[2022-04-29T07:32:51.815+0000][161][gc,marking  ] GC(8) Concurrent Mark 17.211ms
[2022-04-29T07:32:51.816+0000][161][gc,marking  ] GC(8) Concurrent Rebuild Remembered Sets
[2022-04-29T07:32:51.818+0000][161][gc,marking  ] GC(8) Concurrent Rebuild Remembered Sets 2.371ms
[2022-04-29T07:32:51.819+0000][161][gc,start    ] GC(8) Pause Cleanup
[2022-04-29T07:32:51.820+0000][161][gc          ] GC(8) Pause Cleanup 48M->48M(512M) 0.946ms
[2022-04-29T07:32:51.821+0000][161][gc,cpu      ] GC(8) User=0.00s Sys=0.00s Real=0.00s
[2022-04-29T07:32:51.822+0000][161][safepoint   ] Safepoint "G1Concurrent", Time since last: 4442875 ns, Reaching safepoint: 217000 ns, At safepoint: 2764792 ns, Total: 2981792 ns
[2022-04-29T07:32:51.822+0000][161][gc,marking  ] GC(8) Concurrent Cleanup for Next Mark
[2022-04-29T07:32:51.827+0000][161][gc,marking  ] GC(8) Concurrent Cleanup for Next Mark 4.370ms
[2022-04-29T07:32:51.828+0000][161][gc          ] GC(8) Concurrent Mark Cycle 38.484ms
[2022-04-29T07:32:52.443+0000][161][safepoint   ] Safepoint "ICBufferFull", Time since last: 620679916 ns, Reaching safepoint: 232250 ns, At safepoint: 3542 ns, Total: 235792 ns
[2022-04-29T07:32:52.530+0000][161][safepoint   ] Safepoint "ICBufferFull", Time since last: 86949292 ns, Reaching safepoint: 119375 ns, At safepoint: 10042 ns, Total: 129417 ns
[2022-04-29T07:32:52.535+0000][161][safepoint   ] Safepoint "ICBufferFull", Time since last: 4958541 ns, Reaching safepoint: 229792 ns, At safepoint: 5750 ns, Total: 235542 ns
[2022-04-29T07:32:52.537+0000][161][safepoint   ] Safepoint "ICBufferFull", Time since last: 1422000 ns, Reaching safepoint: 303917 ns, At safepoint: 4291 ns, Total: 308208 ns
[2022-04-29T07:32:52.538+0000][161][safepoint   ] Safepoint "ICBufferFull", Time since last: 1348625 ns, Reaching safepoint: 63459 ns, At safepoint: 2000 ns, Total: 65459 ns
[2022-04-29T07:32:52.539+0000][161][safepoint   ] Safepoint "ICBufferFull", Time since last: 1124541 ns, Reaching safepoint: 100917 ns, At safepoint: 3917 ns, Total: 104834 ns
[2022-04-29T07:32:52.540+0000][161][safepoint   ] Safepoint "ICBufferFull", Time since last: 969833 ns, Reaching safepoint: 45333 ns, At safepoint: 1667 ns, Total: 47000 ns
[2022-04-29T07:32:52.541+0000][161][safepoint   ] Safepoint "ICBufferFull", Time since last: 772583 ns, Reaching safepoint: 109542 ns, At safepoint: 3167 ns, Total: 112709 ns
[2022-04-29T07:32:52.554+0000][161][safepoint   ] Safepoint "ICBufferFull", Time since last: 12416208 ns, Reaching safepoint: 36458 ns, At safepoint: 1542 ns, Total: 38000 ns
[2022-04-29T07:32:52.555+0000][161][safepoint   ] Safepoint "ICBufferFull", Time since last: 1480875 ns, Reaching safepoint: 105208 ns, At safepoint: 2834 ns, Total: 108042 ns
[2022-04-29T07:32:52.556+0000][161][safepoint   ] Safepoint "ICBufferFull", Time since last: 889750 ns, Reaching safepoint: 155416 ns, At safepoint: 2667 ns, Total: 158083 ns
[2022-04-29T07:32:52.557+0000][161][safepoint   ] Safepoint "ICBufferFull", Time since last: 659208 ns, Reaching safepoint: 114375 ns, At safepoint: 2834 ns, Total: 117209 ns
[2022-04-29T07:32:52.574+0000][161][safepoint   ] Safepoint "ICBufferFull", Time since last: 17001416 ns, Reaching safepoint: 93875 ns, At safepoint: 2792 ns, Total: 96667 ns
[2022-04-29T07:32:52.581+0000][161][safepoint   ] Safepoint "ICBufferFull", Time since last: 6597125 ns, Reaching safepoint: 56875 ns, At safepoint: 2083 ns, Total: 58958 ns
[2022-04-29T07:32:52.583+0000][161][safepoint   ] Safepoint "ICBufferFull", Time since last: 2194584 ns, Reaching safepoint: 217125 ns, At safepoint: 15750 ns, Total: 232875 ns
[2022-04-29T07:32:52.592+0000][161][safepoint   ] Safepoint "ICBufferFull", Time since last: 9220208 ns, Reaching safepoint: 34917 ns, At safepoint: 1291 ns, Total: 36208 ns
[2022-04-29T07:32:52.596+0000][161][safepoint   ] Safepoint "ICBufferFull", Time since last: 3582000 ns, Reaching safepoint: 155084 ns, At safepoint: 3333 ns, Total: 158417 ns
[2022-04-29T07:32:52.606+0000][161][safepoint   ] Safepoint "ICBufferFull", Time since last: 9513375 ns, Reaching safepoint: 127333 ns, At safepoint: 9625 ns, Total: 136958 ns
[2022-04-29T07:32:52.634+0000][161][safepoint   ] Safepoint "ICBufferFull", Time since last: 28424709 ns, Reaching safepoint: 212083 ns, At safepoint: 3083 ns, Total: 215166 ns
[2022-04-29T07:32:52.639+0000][161][safepoint   ] Safepoint "ICBufferFull", Time since last: 4618209 ns, Reaching safepoint: 184208 ns, At safepoint: 2667 ns, Total: 186875 ns
[2022-04-29T07:32:52.641+0000][161][safepoint   ] Safepoint "ICBufferFull", Time since last: 1352500 ns, Reaching safepoint: 163791 ns, At safepoint: 13750 ns, Total: 177541 ns
[2022-04-29T07:32:52.891+0000][161][safepoint   ] Safepoint "ICBufferFull", Time since last: 249415209 ns, Reaching safepoint: 300708 ns, At safepoint: 45000 ns, Total: 345708 ns
[2022-04-29T07:32:53.098+0000][161][safepoint   ] Safepoint "ICBufferFull", Time since last: 206959333 ns, Reaching safepoint: 164750 ns, At safepoint: 3084 ns, Total: 167834 ns
[2022-04-29T07:32:53.283+0000][161][gc,start    ] GC(9) Pause Young (Normal) (G1 Evacuation Pause)
[2022-04-29T07:32:53.285+0000][161][gc,task     ] GC(9) Using 5 workers of 5 for evacuation
[2022-04-29T07:32:53.285+0000][161][gc,age      ] GC(9) Desired survivor size 20971520 bytes, new threshold 15 (max threshold 15)
[2022-04-29T07:32:53.298+0000][161][gc,age      ] GC(9) Age table with threshold 15 (max threshold 15)
[2022-04-29T07:32:53.300+0000][161][gc,age      ] GC(9) - age   1:   23869152 bytes,   23869152 total
[2022-04-29T07:32:53.301+0000][161][gc,age      ] GC(9) - age   2:     605496 bytes,   24474648 total
[2022-04-29T07:32:53.302+0000][161][gc,age      ] GC(9) - age   3:    2145424 bytes,   26620072 total
[2022-04-29T07:32:53.302+0000][161][gc,age      ] GC(9) - age   4:    1310000 bytes,   27930072 total
[2022-04-29T07:32:53.303+0000][161][gc,age      ] GC(9) - age   5:    5072584 bytes,   33002656 total
[2022-04-29T07:32:53.304+0000][161][gc,age      ] GC(9) - age   6:    2139240 bytes,   35141896 total
[2022-04-29T07:32:53.305+0000][161][gc,age      ] GC(9) - age   7:     890712 bytes,   36032608 total
[2022-04-29T07:32:53.306+0000][161][gc,age      ] GC(9) - age   8:    1876968 bytes,   37909576 total
[2022-04-29T07:32:53.306+0000][161][gc,phases   ] GC(9)   Pre Evacuate Collection Set: 0.1ms
[2022-04-29T07:32:53.307+0000][161][gc,phases   ] GC(9)   Merge Heap Roots: 0.1ms
[2022-04-29T07:32:53.308+0000][161][gc,phases   ] GC(9)   Evacuate Collection Set: 10.5ms
[2022-04-29T07:32:53.308+0000][161][gc,phases   ] GC(9)   Post Evacuate Collection Set: 1.3ms
[2022-04-29T07:32:53.309+0000][161][gc,phases   ] GC(9)   Other: 10.7ms
[2022-04-29T07:32:53.310+0000][161][gc,heap     ] GC(9) Eden regions: 72->0(66)
[2022-04-29T07:32:53.310+0000][161][gc,heap     ] GC(9) Survivor regions: 4->10(10)
[2022-04-29T07:32:53.311+0000][161][gc,heap     ] GC(9) Old regions: 2->2
[2022-04-29T07:32:53.312+0000][161][gc,heap     ] GC(9) Archive regions: 2->2
[2022-04-29T07:32:53.312+0000][161][gc,heap     ] GC(9) Humongous regions: 0->0
[2022-04-29T07:32:53.313+0000][161][gc,metaspace] GC(9) Metaspace: 30732K(31680K)->30732K(31680K) NonClass: 26780K(27392K)->26780K(27392K) Class: 3951K(4288K)->3951K(4288K)
[2022-04-29T07:32:53.314+0000][161][gc          ] GC(9) Pause Young (Normal) (G1 Evacuation Pause) 310M->44M(512M) 30.374ms
[2022-04-29T07:32:53.315+0000][161][gc,cpu      ] GC(9) User=0.06s Sys=0.00s Real=0.04s
[2022-04-29T07:32:53.315+0000][161][safepoint   ] Safepoint "G1CollectForAllocation", Time since last: 185522583 ns, Reaching safepoint: 216959 ns, At safepoint: 31650458 ns, Total: 31867417 ns
[2022-04-29T07:32:53.506+0000][161][gc,start    ] GC(10) Pause Young (Concurrent Start) (Metadata GC Threshold)
[2022-04-29T07:32:53.508+0000][161][gc,task     ] GC(10) Using 5 workers of 5 for evacuation
[2022-04-29T07:32:53.509+0000][161][gc,age      ] GC(10) Desired survivor size 20971520 bytes, new threshold 1 (max threshold 15)
[2022-04-29T07:32:53.524+0000][161][gc,age      ] GC(10) Age table with threshold 1 (max threshold 15)
[2022-04-29T07:32:53.525+0000][161][gc,age      ] GC(10) - age   1:    4131904 bytes,    4131904 total
[2022-04-29T07:32:53.527+0000][161][gc,phases   ] GC(10)   Pre Evacuate Collection Set: 0.1ms
[2022-04-29T07:32:53.528+0000][161][gc,phases   ] GC(10)   Merge Heap Roots: 0.1ms
[2022-04-29T07:32:53.529+0000][161][gc,phases   ] GC(10)   Evacuate Collection Set: 12.4ms
[2022-04-29T07:32:53.529+0000][161][gc,phases   ] GC(10)   Post Evacuate Collection Set: 0.9ms
[2022-04-29T07:32:53.530+0000][161][gc,phases   ] GC(10)   Other: 6.7ms
[2022-04-29T07:32:53.531+0000][161][gc,heap     ] GC(10) Eden regions: 13->0(74)
[2022-04-29T07:32:53.533+0000][161][gc,heap     ] GC(10) Survivor regions: 10->2(10)
[2022-04-29T07:32:53.535+0000][161][gc,heap     ] GC(10) Old regions: 2->11
[2022-04-29T07:32:53.536+0000][161][gc,heap     ] GC(10) Archive regions: 2->2
[2022-04-29T07:32:53.537+0000][161][gc,heap     ] GC(10) Humongous regions: 0->0
[2022-04-29T07:32:53.538+0000][161][gc,metaspace] GC(10) Metaspace: 35045K(35968K)->35045K(35968K) NonClass: 30391K(30976K)->30391K(30976K) Class: 4653K(4992K)->4653K(4992K)
[2022-04-29T07:32:53.538+0000][161][gc          ] GC(10) Pause Young (Concurrent Start) (Metadata GC Threshold) 94M->50M(512M) 31.814ms
[2022-04-29T07:32:53.539+0000][161][gc,cpu      ] GC(10) User=0.05s Sys=0.00s Real=0.03s
[2022-04-29T07:32:53.540+0000][161][gc          ] GC(11) Concurrent Mark Cycle
[2022-04-29T07:32:53.540+0000][161][gc,marking  ] GC(11) Concurrent Clear Claimed Marks
[2022-04-29T07:32:53.540+0000][161][safepoint   ] Safepoint "CollectForMetadataAllocation", Time since last: 191091375 ns, Reaching safepoint: 172167 ns, At safepoint: 33296166 ns, Total: 33468333 ns
[2022-04-29T07:32:53.541+0000][161][gc,marking  ] GC(11) Concurrent Clear Claimed Marks 0.883ms
[2022-04-29T07:32:53.545+0000][161][gc,marking  ] GC(11) Concurrent Scan Root Regions
[2022-04-29T07:32:53.555+0000][161][safepoint   ] Safepoint "CollectForMetadataAllocation", Time since last: 15386625 ns, Reaching safepoint: 48500 ns, At safepoint: 53875 ns, Total: 102375 ns
[2022-04-29T07:32:53.561+0000][161][gc,marking  ] GC(11) Concurrent Scan Root Regions 15.919ms
[2022-04-29T07:32:53.562+0000][161][gc,marking  ] GC(11) Concurrent Mark
[2022-04-29T07:32:53.564+0000][161][gc,marking  ] GC(11) Concurrent Mark From Roots
[2022-04-29T07:32:53.565+0000][161][gc,task     ] GC(11) Using 1 workers of 1 for marking
[2022-04-29T07:32:53.569+0000][161][gc,marking  ] GC(11) Concurrent Mark From Roots 4.988ms
[2022-04-29T07:32:53.570+0000][161][gc,marking  ] GC(11) Concurrent Preclean
[2022-04-29T07:32:53.569+0000][161][safepoint   ] Safepoint "CollectForMetadataAllocation", Time since last: 13956375 ns, Reaching safepoint: 203750 ns, At safepoint: 56959 ns, Total: 260709 ns
[2022-04-29T07:32:53.571+0000][161][gc,marking  ] GC(11) Concurrent Preclean 0.919ms
[2022-04-29T07:32:53.572+0000][161][gc,start    ] GC(11) Pause Remark
[2022-04-29T07:32:53.576+0000][161][gc          ] GC(11) Pause Remark 54M->54M(512M) 3.903ms
[2022-04-29T07:32:53.577+0000][161][gc,cpu      ] GC(11) User=0.02s Sys=0.00s Real=0.01s
[2022-04-29T07:32:53.578+0000][161][safepoint   ] Safepoint "G1Concurrent", Time since last: 2765125 ns, Reaching safepoint: 194041 ns, At safepoint: 5652167 ns, Total: 5846208 ns
[2022-04-29T07:32:53.579+0000][161][gc,marking  ] GC(11) Concurrent Mark 16.433ms
[2022-04-29T07:32:53.579+0000][161][gc,marking  ] GC(11) Concurrent Rebuild Remembered Sets
[2022-04-29T07:32:53.598+0000][161][gc,marking  ] GC(11) Concurrent Rebuild Remembered Sets 18.534ms
[2022-04-29T07:32:53.600+0000][161][gc,start    ] GC(11) Pause Cleanup
[2022-04-29T07:32:53.600+0000][161][gc          ] GC(11) Pause Cleanup 56M->56M(512M) 0.792ms
[2022-04-29T07:32:53.601+0000][161][gc,cpu      ] GC(11) User=0.00s Sys=0.00s Real=0.00s
[2022-04-29T07:32:53.602+0000][161][safepoint   ] Safepoint "G1Concurrent", Time since last: 20904042 ns, Reaching safepoint: 650833 ns, At safepoint: 2242167 ns, Total: 2893000 ns
[2022-04-29T07:32:53.603+0000][161][gc,marking  ] GC(11) Concurrent Cleanup for Next Mark
[2022-04-29T07:32:53.604+0000][161][gc,marking  ] GC(11) Concurrent Cleanup for Next Mark 0.876ms
[2022-04-29T07:32:53.605+0000][161][gc          ] GC(11) Concurrent Mark Cycle 65.175ms
[2022-04-29T07:32:53.707+0000][161][safepoint   ] Safepoint "ICBufferFull", Time since last: 105222916 ns, Reaching safepoint: 139334 ns, At safepoint: 8208 ns, Total: 147542 ns
[2022-04-29T07:32:54.095+0000][161][safepoint   ] Safepoint "ICBufferFull", Time since last: 387701792 ns, Reaching safepoint: 126875 ns, At safepoint: 10458 ns, Total: 137333 ns
[2022-04-29T07:32:54.244+0000][161][safepoint   ] Safepoint "ICBufferFull", Time since last: 148863292 ns, Reaching safepoint: 135875 ns, At safepoint: 2542 ns, Total: 138417 ns
[2022-04-29T07:32:54.253+0000][161][safepoint   ] Safepoint "ICBufferFull", Time since last: 8742666 ns, Reaching safepoint: 173959 ns, At safepoint: 8708 ns, Total: 182667 ns
[2022-04-29T07:32:54.352+0000][161][safepoint   ] Safepoint "ICBufferFull", Time since last: 98406458 ns, Reaching safepoint: 345250 ns, At safepoint: 18834 ns, Total: 364084 ns
[2022-04-29T07:32:54.543+0000][161][gc,start    ] GC(12) Pause Young (Concurrent Start) (G1 Evacuation Pause)
[2022-04-29T07:32:54.544+0000][161][gc,task     ] GC(12) Using 5 workers of 5 for evacuation
[2022-04-29T07:32:54.545+0000][161][gc,age      ] GC(12) Desired survivor size 20971520 bytes, new threshold 15 (max threshold 15)
[2022-04-29T07:32:54.554+0000][161][gc,age      ] GC(12) Age table with threshold 15 (max threshold 15)
[2022-04-29T07:32:54.555+0000][161][gc,age      ] GC(12) - age   1:    6141552 bytes,    6141552 total
[2022-04-29T07:32:54.557+0000][161][gc,age      ] GC(12) - age   2:    3982520 bytes,   10124072 total
[2022-04-29T07:32:54.558+0000][161][gc,phases   ] GC(12)   Pre Evacuate Collection Set: 0.2ms
[2022-04-29T07:32:54.559+0000][161][gc,phases   ] GC(12)   Merge Heap Roots: 0.2ms
[2022-04-29T07:32:54.559+0000][161][gc,phases   ] GC(12)   Evacuate Collection Set: 6.3ms
[2022-04-29T07:32:54.560+0000][161][gc,phases   ] GC(12)   Post Evacuate Collection Set: 1.0ms
[2022-04-29T07:32:54.561+0000][161][gc,phases   ] GC(12)   Other: 7.1ms
[2022-04-29T07:32:54.562+0000][161][gc,heap     ] GC(12) Eden regions: 74->0(73)
[2022-04-29T07:32:54.562+0000][161][gc,heap     ] GC(12) Survivor regions: 2->3(10)
[2022-04-29T07:32:54.563+0000][161][gc,heap     ] GC(12) Old regions: 11->11
[2022-04-29T07:32:54.564+0000][161][gc,heap     ] GC(12) Archive regions: 2->2
[2022-04-29T07:32:54.565+0000][161][gc,heap     ] GC(12) Humongous regions: 0->0
[2022-04-29T07:32:54.566+0000][161][gc,metaspace] GC(12) Metaspace: 52288K(53504K)->52288K(53504K) NonClass: 45193K(45952K)->45193K(45952K) Class: 7095K(7552K)->7095K(7552K)
[2022-04-29T07:32:54.566+0000][161][gc          ] GC(12) Pause Young (Concurrent Start) (G1 Evacuation Pause) 346M->55M(512M) 23.205ms
[2022-04-29T07:32:54.567+0000][161][gc,cpu      ] GC(12) User=0.05s Sys=0.00s Real=0.03s
[2022-04-29T07:32:54.568+0000][161][safepoint   ] Safepoint "G1CollectForAllocation", Time since last: 191405666 ns, Reaching safepoint: 134417 ns, At safepoint: 24759542 ns, Total: 24893959 ns
[2022-04-29T07:32:54.568+0000][161][gc          ] GC(13) Concurrent Mark Cycle
[2022-04-29T07:32:54.569+0000][161][gc,marking  ] GC(13) Concurrent Clear Claimed Marks
[2022-04-29T07:32:54.570+0000][161][gc,marking  ] GC(13) Concurrent Clear Claimed Marks 0.876ms
[2022-04-29T07:32:54.571+0000][161][gc,marking  ] GC(13) Concurrent Scan Root Regions
[2022-04-29T07:32:54.578+0000][161][gc,marking  ] GC(13) Concurrent Scan Root Regions 6.766ms
[2022-04-29T07:32:54.579+0000][161][gc,marking  ] GC(13) Concurrent Mark
[2022-04-29T07:32:54.580+0000][161][gc,marking  ] GC(13) Concurrent Mark From Roots
[2022-04-29T07:32:54.581+0000][161][gc,task     ] GC(13) Using 1 workers of 1 for marking
[2022-04-29T07:32:54.614+0000][161][gc,marking  ] GC(13) Concurrent Mark From Roots 34.535ms
[2022-04-29T07:32:54.616+0000][161][gc,marking  ] GC(13) Concurrent Preclean
[2022-04-29T07:32:54.617+0000][161][gc,marking  ] GC(13) Concurrent Preclean 1.211ms
[2022-04-29T07:32:54.618+0000][161][gc,start    ] GC(13) Pause Remark
[2022-04-29T07:32:54.622+0000][161][gc          ] GC(13) Pause Remark 73M->73M(512M) 3.496ms
[2022-04-29T07:32:54.623+0000][161][gc,cpu      ] GC(13) User=0.01s Sys=0.00s Real=0.00s
[2022-04-29T07:32:54.623+0000][161][safepoint   ] Safepoint "G1Concurrent", Time since last: 49772125 ns, Reaching safepoint: 231292 ns, At safepoint: 5343666 ns, Total: 5574958 ns
[2022-04-29T07:32:54.624+0000][161][gc,marking  ] GC(13) Concurrent Mark 45.294ms
[2022-04-29T07:32:54.625+0000][161][gc,marking  ] GC(13) Concurrent Rebuild Remembered Sets
[2022-04-29T07:32:54.646+0000][161][gc,marking  ] GC(13) Concurrent Rebuild Remembered Sets 21.443ms
[2022-04-29T07:32:54.648+0000][161][gc,start    ] GC(13) Pause Cleanup
[2022-04-29T07:32:54.649+0000][161][gc          ] GC(13) Pause Cleanup 81M->81M(512M) 0.781ms
[2022-04-29T07:32:54.651+0000][161][gc,cpu      ] GC(13) User=0.01s Sys=0.00s Real=0.00s
[2022-04-29T07:32:54.652+0000][161][safepoint   ] Safepoint "G1Concurrent", Time since last: 24291292 ns, Reaching safepoint: 153333 ns, At safepoint: 3831167 ns, Total: 3984500 ns
[2022-04-29T07:32:54.652+0000][161][gc,marking  ] GC(13) Concurrent Cleanup for Next Mark
[2022-04-29T07:32:54.653+0000][161][gc,marking  ] GC(13) Concurrent Cleanup for Next Mark 0.963ms
[2022-04-29T07:32:54.655+0000][161][gc          ] GC(13) Concurrent Mark Cycle 86.501ms
[2022-04-29T07:32:54.980+0000][161][safepoint   ] Safepoint "ICBufferFull", Time since last: 328156042 ns, Reaching safepoint: 504250 ns, At safepoint: 11083 ns, Total: 515333 ns
[2022-04-29T07:32:55.347+0000][161][safepoint   ] Safepoint "ICBufferFull", Time since last: 366077292 ns, Reaching safepoint: 283083 ns, At safepoint: 14334 ns, Total: 297417 ns
[2022-04-29T07:32:55.469+0000][161][safepoint   ] Safepoint "ICBufferFull", Time since last: 121880750 ns, Reaching safepoint: 190833 ns, At safepoint: 15667 ns, Total: 206500 ns
[2022-04-29T07:32:55.572+0000][161][safepoint   ] Safepoint "ICBufferFull", Time since last: 103309708 ns, Reaching safepoint: 278667 ns, At safepoint: 20416 ns, Total: 299083 ns
[2022-04-29T07:32:55.873+0000][161][safepoint   ] Safepoint "ICBufferFull", Time since last: 300287750 ns, Reaching safepoint: 210917 ns, At safepoint: 3042 ns, Total: 213959 ns
[2022-04-29T07:32:56.036+0000][161][safepoint   ] Safepoint "ICBufferFull", Time since last: 162857292 ns, Reaching safepoint: 196250 ns, At safepoint: 12625 ns, Total: 208875 ns
[2022-04-29T07:32:56.113+0000][161][safepoint   ] Safepoint "ICBufferFull", Time since last: 76886875 ns, Reaching safepoint: 113125 ns, At safepoint: 2958 ns, Total: 116083 ns
[2022-04-29T07:32:56.173+0000][161][safepoint   ] Safepoint "ICBufferFull", Time since last: 59835917 ns, Reaching safepoint: 110416 ns, At safepoint: 6500 ns, Total: 116916 ns
[2022-04-29T07:32:56.429+0000][161][gc,start    ] GC(14) Pause Young (Normal) (G1 Evacuation Pause)
[2022-04-29T07:32:56.430+0000][161][gc,task     ] GC(14) Using 5 workers of 5 for evacuation
[2022-04-29T07:32:56.432+0000][161][gc,age      ] GC(14) Desired survivor size 20971520 bytes, new threshold 15 (max threshold 15)
[2022-04-29T07:32:56.449+0000][161][gc,age      ] GC(14) Age table with threshold 15 (max threshold 15)
[2022-04-29T07:32:56.450+0000][161][gc,age      ] GC(14) - age   1:   14138504 bytes,   14138504 total
[2022-04-29T07:32:56.451+0000][161][gc,age      ] GC(14) - age   2:    5822336 bytes,   19960840 total
[2022-04-29T07:32:56.452+0000][161][gc,age      ] GC(14) - age   3:    3961376 bytes,   23922216 total
[2022-04-29T07:32:56.453+0000][161][gc,phases   ] GC(14)   Pre Evacuate Collection Set: 0.3ms
[2022-04-29T07:32:56.454+0000][161][gc,phases   ] GC(14)   Merge Heap Roots: 0.2ms
[2022-04-29T07:32:56.455+0000][161][gc,phases   ] GC(14)   Evacuate Collection Set: 13.3ms
[2022-04-29T07:32:56.456+0000][161][gc,phases   ] GC(14)   Post Evacuate Collection Set: 2.1ms
[2022-04-29T07:32:56.457+0000][161][gc,phases   ] GC(14)   Other: 7.7ms
[2022-04-29T07:32:56.458+0000][161][gc,heap     ] GC(14) Eden regions: 73->0(70)
[2022-04-29T07:32:56.458+0000][161][gc,heap     ] GC(14) Survivor regions: 3->6(10)
[2022-04-29T07:32:56.459+0000][161][gc,heap     ] GC(14) Old regions: 11->11
[2022-04-29T07:32:56.460+0000][161][gc,heap     ] GC(14) Archive regions: 2->2
[2022-04-29T07:32:56.461+0000][161][gc,heap     ] GC(14) Humongous regions: 0->0
[2022-04-29T07:32:56.462+0000][161][gc,metaspace] GC(14) Metaspace: 87289K(88768K)->87289K(88768K) NonClass: 75175K(76096K)->75175K(76096K) Class: 12113K(12672K)->12113K(12672K)
[2022-04-29T07:32:56.463+0000][161][gc          ] GC(14) Pause Young (Normal) (G1 Evacuation Pause) 347M->68M(512M) 33.846ms
[2022-04-29T07:32:56.464+0000][161][gc,cpu      ] GC(14) User=0.05s Sys=0.00s Real=0.03s
[2022-04-29T07:32:56.465+0000][161][safepoint   ] Safepoint "G1CollectForAllocation", Time since last: 256151917 ns, Reaching safepoint: 87792 ns, At safepoint: 35552291 ns, Total: 35640083 ns
[2022-04-29T07:32:56.508+0000][161][gc,start    ] GC(15) Pause Young (Concurrent Start) (Metadata GC Threshold)
[2022-04-29T07:32:56.509+0000][161][gc,task     ] GC(15) Using 5 workers of 5 for evacuation
[2022-04-29T07:32:56.510+0000][161][gc,age      ] GC(15) Desired survivor size 20971520 bytes, new threshold 3 (max threshold 15)
[2022-04-29T07:32:56.531+0000][161][gc,age      ] GC(15) Age table with threshold 3 (max threshold 15)
[2022-04-29T07:32:56.539+0000][161][gc,age      ] GC(15) - age   1:     191496 bytes,     191496 total
[2022-04-29T07:32:56.541+0000][161][gc,age      ] GC(15) - age   2:   13882584 bytes,   14074080 total
[2022-04-29T07:32:56.542+0000][161][gc,age      ] GC(15) - age   3:    5822208 bytes,   19896288 total
[2022-04-29T07:32:56.543+0000][161][gc,phases   ] GC(15)   Pre Evacuate Collection Set: 0.7ms
[2022-04-29T07:32:56.546+0000][161][gc,phases   ] GC(15)   Merge Heap Roots: 2.0ms
[2022-04-29T07:32:56.547+0000][161][gc,phases   ] GC(15)   Evacuate Collection Set: 12.4ms
[2022-04-29T07:32:56.548+0000][161][gc,phases   ] GC(15)   Post Evacuate Collection Set: 3.8ms
[2022-04-29T07:32:56.549+0000][161][gc,phases   ] GC(15)   Other: 16.9ms
[2022-04-29T07:32:56.550+0000][161][gc,heap     ] GC(15) Eden regions: 2->0(70)
[2022-04-29T07:32:56.551+0000][161][gc,heap     ] GC(15) Survivor regions: 6->6(10)
[2022-04-29T07:32:56.553+0000][161][gc,heap     ] GC(15) Old regions: 11->12
[2022-04-29T07:32:56.555+0000][161][gc,heap     ] GC(15) Archive regions: 2->2
[2022-04-29T07:32:56.556+0000][161][gc,heap     ] GC(15) Humongous regions: 0->0
[2022-04-29T07:32:56.557+0000][161][gc,metaspace] GC(15) Metaspace: 87704K(89216K)->87704K(89216K) NonClass: 75519K(76416K)->75519K(76416K) Class: 12184K(12800K)->12184K(12800K)
[2022-04-29T07:32:56.558+0000][161][gc          ] GC(15) Pause Young (Concurrent Start) (Metadata GC Threshold) 75M->69M(512M) 50.014ms
[2022-04-29T07:32:56.559+0000][161][gc,cpu      ] GC(15) User=0.05s Sys=0.01s Real=0.05s
[2022-04-29T07:32:56.560+0000][161][safepoint   ] Safepoint "CollectForMetadataAllocation", Time since last: 42681625 ns, Reaching safepoint: 156834 ns, At safepoint: 52230416 ns, Total: 52387250 ns
[2022-04-29T07:32:56.560+0000][161][gc          ] GC(16) Concurrent Mark Cycle
[2022-04-29T07:32:56.562+0000][161][gc,marking  ] GC(16) Concurrent Clear Claimed Marks
[2022-04-29T07:32:56.562+0000][161][gc,marking  ] GC(16) Concurrent Clear Claimed Marks 0.672ms
[2022-04-29T07:32:56.563+0000][161][gc,marking  ] GC(16) Concurrent Scan Root Regions
[2022-04-29T07:32:56.576+0000][161][gc,marking  ] GC(16) Concurrent Scan Root Regions 12.530ms
[2022-04-29T07:32:56.577+0000][161][gc,marking  ] GC(16) Concurrent Mark
[2022-04-29T07:32:56.578+0000][161][gc,marking  ] GC(16) Concurrent Mark From Roots
[2022-04-29T07:32:56.582+0000][161][gc,task     ] GC(16) Using 1 workers of 1 for marking
[2022-04-29T07:32:56.620+0000][161][gc,marking  ] GC(16) Concurrent Mark From Roots 41.978ms
[2022-04-29T07:32:56.621+0000][161][gc,marking  ] GC(16) Concurrent Preclean
[2022-04-29T07:32:56.622+0000][161][gc,marking  ] GC(16) Concurrent Preclean 1.257ms
[2022-04-29T07:32:56.624+0000][161][gc,start    ] GC(16) Pause Remark
[2022-04-29T07:32:56.628+0000][161][gc          ] GC(16) Pause Remark 72M->72M(512M) 4.141ms
[2022-04-29T07:32:56.629+0000][161][gc,cpu      ] GC(16) User=0.01s Sys=0.00s Real=0.01s
[2022-04-29T07:32:56.629+0000][161][safepoint   ] Safepoint "G1Concurrent", Time since last: 63874667 ns, Reaching safepoint: 183042 ns, At safepoint: 5532416 ns, Total: 5715458 ns
[2022-04-29T07:32:56.630+0000][161][gc,marking  ] GC(16) Concurrent Mark 53.268ms
[2022-04-29T07:32:56.631+0000][161][gc,marking  ] GC(16) Concurrent Rebuild Remembered Sets
[2022-04-29T07:32:56.655+0000][161][gc,marking  ] GC(16) Concurrent Rebuild Remembered Sets 23.933ms
[2022-04-29T07:32:56.656+0000][161][gc,start    ] GC(16) Pause Cleanup
[2022-04-29T07:32:56.657+0000][161][gc          ] GC(16) Pause Cleanup 75M->75M(512M) 1.094ms
[2022-04-29T07:32:56.659+0000][161][gc,cpu      ] GC(16) User=0.00s Sys=0.00s Real=0.00s
[2022-04-29T07:32:56.659+0000][161][safepoint   ] Safepoint "G1Concurrent", Time since last: 26155250 ns, Reaching safepoint: 26459 ns, At safepoint: 3792250 ns, Total: 3818709 ns
[2022-04-29T07:32:56.660+0000][161][gc,marking  ] GC(16) Concurrent Cleanup for Next Mark
[2022-04-29T07:32:56.662+0000][161][gc,marking  ] GC(16) Concurrent Cleanup for Next Mark 1.366ms
[2022-04-29T07:32:56.663+0000][161][gc          ] GC(16) Concurrent Mark Cycle 103.098ms
[2022-04-29T07:32:56.950+0000][161][safepoint   ] Safepoint "ICBufferFull", Time since last: 290088708 ns, Reaching safepoint: 167875 ns, At safepoint: 7917 ns, Total: 175792 ns
[2022-04-29T07:32:57.069+0000][161][safepoint   ] Safepoint "ICBufferFull", Time since last: 119697375 ns, Reaching safepoint: 175375 ns, At safepoint: 3500 ns, Total: 178875 ns
[2022-04-29T07:32:57.515+0000][161][safepoint   ] Safepoint "ICBufferFull", Time since last: 444739834 ns, Reaching safepoint: 340375 ns, At safepoint: 29875 ns, Total: 370250 ns
[2022-04-29T07:32:57.786+0000][161][safepoint   ] Safepoint "ICBufferFull", Time since last: 271145583 ns, Reaching safepoint: 377750 ns, At safepoint: 20542 ns, Total: 398292 ns
[2022-04-29T07:32:58.008+0000][161][safepoint   ] Safepoint "ICBufferFull", Time since last: 220917916 ns, Reaching safepoint: 538750 ns, At safepoint: 17042 ns, Total: 555792 ns
[2022-04-29T07:32:58.173+0000][161][safepoint   ] Safepoint "ICBufferFull", Time since last: 165142292 ns, Reaching safepoint: 259125 ns, At safepoint: 4917 ns, Total: 264042 ns
[2022-04-29T07:32:58.251+0000][161][safepoint   ] Safepoint "ICBufferFull", Time since last: 77096375 ns, Reaching safepoint: 403708 ns, At safepoint: 19375 ns, Total: 423083 ns
[2022-04-29T07:32:58.367+0000][161][safepoint   ] Safepoint "ICBufferFull", Time since last: 115798958 ns, Reaching safepoint: 427334 ns, At safepoint: 5541 ns, Total: 432875 ns
[2022-04-29T07:32:58.602+0000][161][safepoint   ] Safepoint "ICBufferFull", Time since last: 235492375 ns, Reaching safepoint: 186334 ns, At safepoint: 77041 ns, Total: 263375 ns
[2022-04-29T07:32:58.698+0000][161][gc,start    ] GC(17) Pause Young (Normal) (G1 Evacuation Pause)
[2022-04-29T07:32:58.699+0000][161][gc,task     ] GC(17) Using 5 workers of 5 for evacuation
[2022-04-29T07:32:58.700+0000][161][gc,age      ] GC(17) Desired survivor size 20971520 bytes, new threshold 15 (max threshold 15)
[2022-04-29T07:32:58.713+0000][161][gc,age      ] GC(17) Age table with threshold 15 (max threshold 15)
[2022-04-29T07:32:58.714+0000][161][gc,age      ] GC(17) - age   1:    8733816 bytes,    8733816 total
[2022-04-29T07:32:58.715+0000][161][gc,age      ] GC(17) - age   2:     163360 bytes,    8897176 total
[2022-04-29T07:32:58.715+0000][161][gc,age      ] GC(17) - age   3:   13651448 bytes,   22548624 total
[2022-04-29T07:32:58.716+0000][161][gc,age      ] GC(17) - age   4:    5726232 bytes,   28274856 total
[2022-04-29T07:32:58.717+0000][161][gc,phases   ] GC(17)   Pre Evacuate Collection Set: 0.2ms
[2022-04-29T07:32:58.717+0000][161][gc,phases   ] GC(17)   Merge Heap Roots: 0.2ms
[2022-04-29T07:32:58.718+0000][161][gc,phases   ] GC(17)   Evacuate Collection Set: 10.6ms
[2022-04-29T07:32:58.718+0000][161][gc,phases   ] GC(17)   Post Evacuate Collection Set: 1.2ms
[2022-04-29T07:32:58.719+0000][161][gc,phases   ] GC(17)   Other: 6.2ms
[2022-04-29T07:32:58.720+0000][161][gc,heap     ] GC(17) Eden regions: 70->0(69)
[2022-04-29T07:32:58.720+0000][161][gc,heap     ] GC(17) Survivor regions: 6->7(10)
[2022-04-29T07:32:58.721+0000][161][gc,heap     ] GC(17) Old regions: 12->12
[2022-04-29T07:32:58.721+0000][161][gc,heap     ] GC(17) Archive regions: 2->2
[2022-04-29T07:32:58.722+0000][161][gc,heap     ] GC(17) Humongous regions: 6->6
[2022-04-29T07:32:58.722+0000][161][gc,metaspace] GC(17) Metaspace: 96478K(98048K)->96478K(98048K) NonClass: 83080K(84032K)->83080K(84032K) Class: 13397K(14016K)->13397K(14016K)
[2022-04-29T07:32:58.723+0000][161][gc          ] GC(17) Pause Young (Normal) (G1 Evacuation Pause) 373M->100M(512M) 24.657ms
[2022-04-29T07:32:58.724+0000][161][gc,cpu      ] GC(17) User=0.05s Sys=0.00s Real=0.02s
[2022-04-29T07:32:58.725+0000][161][safepoint   ] Safepoint "G1CollectForAllocation", Time since last: 95358500 ns, Reaching safepoint: 234167 ns, At safepoint: 26836375 ns, Total: 27070542 ns
[2022-04-29T07:32:58.869+0000][161][safepoint   ] Safepoint "ICBufferFull", Time since last: 143141667 ns, Reaching safepoint: 614917 ns, At safepoint: 11041 ns, Total: 625958 ns
[2022-04-29T07:32:58.970+0000][161][safepoint   ] Safepoint "ICBufferFull", Time since last: 100677917 ns, Reaching safepoint: 388875 ns, At safepoint: 117375 ns, Total: 506250 ns
[2022-04-29T07:32:59.054+0000][161][safepoint   ] Safepoint "ICBufferFull", Time since last: 83946333 ns, Reaching safepoint: 327792 ns, At safepoint: 46792 ns, Total: 374584 ns
[2022-04-29T07:32:59.225+0000][161][safepoint   ] Safepoint "ICBufferFull", Time since last: 169901583 ns, Reaching safepoint: 222958 ns, At safepoint: 367459 ns, Total: 590417 ns
[2022-04-29T07:32:59.429+0000][161][safepoint   ] Safepoint "ICBufferFull", Time since last: 203847125 ns, Reaching safepoint: 383250 ns, At safepoint: 25166 ns, Total: 408416 ns
[2022-04-29T07:32:59.751+0000][161][safepoint   ] Safepoint "ICBufferFull", Time since last: 321350792 ns, Reaching safepoint: 272709 ns, At safepoint: 12083 ns, Total: 284792 ns
[2022-04-29T07:32:59.866+0000][161][safepoint   ] Safepoint "ICBufferFull", Time since last: 114620792 ns, Reaching safepoint: 540833 ns, At safepoint: 69667 ns, Total: 610500 ns
[2022-04-29T07:33:00.221+0000][161][safepoint   ] Safepoint "ICBufferFull", Time since last: 354337458 ns, Reaching safepoint: 1185875 ns, At safepoint: 10667 ns, Total: 1196542 ns
[2022-04-29T07:33:00.403+0000][161][safepoint   ] Safepoint "ICBufferFull", Time since last: 176959667 ns, Reaching safepoint: 4533125 ns, At safepoint: 22000 ns, Total: 4555125 ns
[2022-04-29T07:33:00.860+0000][161][safepoint   ] Safepoint "ICBufferFull", Time since last: 456884375 ns, Reaching safepoint: 414583 ns, At safepoint: 114334 ns, Total: 528917 ns
[2022-04-29T07:33:01.432+0000][161][safepoint   ] Safepoint "ICBufferFull", Time since last: 571687000 ns, Reaching safepoint: 353666 ns, At safepoint: 43584 ns, Total: 397250 ns
[2022-04-29T07:33:01.481+0000][161][safepoint   ] Safepoint "ICBufferFull", Time since last: 47677708 ns, Reaching safepoint: 697000 ns, At safepoint: 36750 ns, Total: 733750 ns
[2022-04-29T07:33:01.715+0000][161][safepoint   ] Safepoint "ICBufferFull", Time since last: 233793584 ns, Reaching safepoint: 176000 ns, At safepoint: 10250 ns, Total: 186250 ns
[2022-04-29T07:33:01.718+0000][161][safepoint   ] Safepoint "G1CollectForAllocation", Time since last: 3197416 ns, Reaching safepoint: 179667 ns, At safepoint: 28250 ns, Total: 207917 ns
[2022-04-29T07:33:01.724+0000][161][gc,start    ] GC(18) Pause Young (Normal) (GCLocker Initiated GC)
[2022-04-29T07:33:01.725+0000][161][gc,task     ] GC(18) Using 5 workers of 5 for evacuation
[2022-04-29T07:33:01.726+0000][161][gc,age      ] GC(18) Desired survivor size 20971520 bytes, new threshold 3 (max threshold 15)
[2022-04-29T07:33:01.738+0000][161][gc,age      ] GC(18) Age table with threshold 3 (max threshold 15)
[2022-04-29T07:33:01.740+0000][161][gc,age      ] GC(18) - age   1:    7966272 bytes,    7966272 total
[2022-04-29T07:33:01.740+0000][161][gc,age      ] GC(18) - age   2:    6482424 bytes,   14448696 total
[2022-04-29T07:33:01.741+0000][161][gc,age      ] GC(18) - age   3:     163152 bytes,   14611848 total
[2022-04-29T07:33:01.742+0000][161][gc,phases   ] GC(18)   Pre Evacuate Collection Set: 0.4ms
[2022-04-29T07:33:01.743+0000][161][gc,phases   ] GC(18)   Merge Heap Roots: 0.2ms
[2022-04-29T07:33:01.744+0000][161][gc,phases   ] GC(18)   Evacuate Collection Set: 10.1ms
[2022-04-29T07:33:01.745+0000][161][gc,phases   ] GC(18)   Post Evacuate Collection Set: 1.1ms
[2022-04-29T07:33:01.746+0000][161][gc,phases   ] GC(18)   Other: 6.6ms
[2022-04-29T07:33:01.746+0000][161][gc,heap     ] GC(18) Eden regions: 69->0(71)
[2022-04-29T07:33:01.748+0000][161][gc,heap     ] GC(18) Survivor regions: 7->4(10)
[2022-04-29T07:33:01.748+0000][161][gc,heap     ] GC(18) Old regions: 12->16
[2022-04-29T07:33:01.749+0000][161][gc,heap     ] GC(18) Archive regions: 2->2
[2022-04-29T07:33:01.750+0000][161][gc,heap     ] GC(18) Humongous regions: 6->6
[2022-04-29T07:33:01.751+0000][161][gc,metaspace] GC(18) Metaspace: 103341K(104896K)->103341K(104896K) NonClass: 88998K(89920K)->88998K(89920K) Class: 14342K(14976K)->14342K(14976K)
[2022-04-29T07:33:01.751+0000][161][gc          ] GC(18) Pause Young (Normal) (GCLocker Initiated GC) 376M->106M(512M) 27.698ms
[2022-04-29T07:33:01.752+0000][161][gc,cpu      ] GC(18) User=0.05s Sys=0.01s Real=0.03s
[2022-04-29T07:33:01.754+0000][161][safepoint   ] Safepoint "G1CollectForAllocation", Time since last: 5457708 ns, Reaching safepoint: 73834 ns, At safepoint: 30266416 ns, Total: 30340250 ns
[2022-04-29T07:33:01.847+0000][161][safepoint   ] Safepoint "ICBufferFull", Time since last: 92233500 ns, Reaching safepoint: 988167 ns, At safepoint: 57625 ns, Total: 1045792 ns
[2022-04-29T07:33:02.104+0000][161][safepoint   ] Safepoint "ICBufferFull", Time since last: 256624917 ns, Reaching safepoint: 422041 ns, At safepoint: 11792 ns, Total: 433833 ns
[2022-04-29T07:33:02.219+0000][161][safepoint   ] Safepoint "ICBufferFull", Time since last: 113972583 ns, Reaching safepoint: 339834 ns, At safepoint: 145833 ns, Total: 485667 ns
[2022-04-29T07:33:02.571+0000][161][safepoint   ] Safepoint "ICBufferFull", Time since last: 351200625 ns, Reaching safepoint: 732875 ns, At safepoint: 39209 ns, Total: 772084 ns
[2022-04-29T07:33:02.953+0000][161][safepoint   ] Safepoint "ICBufferFull", Time since last: 382124458 ns, Reaching safepoint: 243709 ns, At safepoint: 3125 ns, Total: 246834 ns
[2022-04-29T07:33:03.788+0000][161][safepoint   ] Safepoint "ICBufferFull", Time since last: 834982958 ns, Reaching safepoint: 300959 ns, At safepoint: 89208 ns, Total: 390167 ns
[2022-04-29T07:33:04.790+0000][161][safepoint   ] Safepoint "Cleanup", Time since last: 1001072125 ns, Reaching safepoint: 296292 ns, At safepoint: 32167 ns, Total: 328459 ns
[2022-04-29T07:33:05.570+0000][161][safepoint   ] Safepoint "ICBufferFull", Time since last: 779682792 ns, Reaching safepoint: 264375 ns, At safepoint: 10250 ns, Total: 274625 ns
[2022-04-29T07:33:05.851+0000][161][safepoint   ] Safepoint "ICBufferFull", Time since last: 281367792 ns, Reaching safepoint: 212250 ns, At safepoint: 66541 ns, Total: 278791 ns
[2022-04-29T07:33:05.999+0000][161][safepoint   ] Safepoint "ICBufferFull", Time since last: 147387125 ns, Reaching safepoint: 284584 ns, At safepoint: 36625 ns, Total: 321209 ns
[2022-04-29T07:33:07.000+0000][161][safepoint   ] Safepoint "Cleanup", Time since last: 1000865292 ns, Reaching safepoint: 213625 ns, At safepoint: 4125 ns, Total: 217750 ns
[2022-04-29T07:33:08.005+0000][161][safepoint   ] Safepoint "Cleanup", Time since last: 1004695000 ns, Reaching safepoint: 370917 ns, At safepoint: 12708 ns, Total: 383625 ns
[2022-04-29T07:33:08.508+0000][161][safepoint   ] Safepoint "ICBufferFull", Time since last: 501932250 ns, Reaching safepoint: 433042 ns, At safepoint: 13708 ns, Total: 446750 ns
[2022-04-29T07:33:08.891+0000][161][safepoint   ] Safepoint "ICBufferFull", Time since last: 383347917 ns, Reaching safepoint: 174667 ns, At safepoint: 11292 ns, Total: 185959 ns
[2022-04-29T07:33:09.893+0000][161][safepoint   ] Safepoint "Cleanup", Time since last: 1001816625 ns, Reaching safepoint: 273000 ns, At safepoint: 10958 ns, Total: 283958 ns
[2022-04-29T07:33:10.897+0000][161][safepoint   ] Safepoint "Cleanup", Time since last: 1003209043 ns, Reaching safepoint: 129958 ns, At safepoint: 8292 ns, Total: 138250 ns
[2022-04-29T07:33:11.903+0000][161][safepoint   ] Safepoint "Cleanup", Time since last: 1005468000 ns, Reaching safepoint: 976625 ns, At safepoint: 14042 ns, Total: 990667 ns
[2022-04-29T07:33:14.915+0000][161][safepoint   ] Safepoint "Cleanup", Time since last: 3011743460 ns, Reaching safepoint: 252666 ns, At safepoint: 4292 ns, Total: 256958 ns
[2022-04-29T07:33:15.919+0000][161][safepoint   ] Safepoint "Cleanup", Time since last: 1003028624 ns, Reaching safepoint: 155625 ns, At safepoint: 7834 ns, Total: 163459 ns
[2022-04-29T07:33:16.639+0000][161][safepoint   ] Safepoint "ICBufferFull", Time since last: 718041542 ns, Reaching safepoint: 417583 ns, At safepoint: 704375 ns, Total: 1121958 ns
[2022-04-29T07:33:17.658+0000][161][safepoint   ] Safepoint "Cleanup", Time since last: 1019124626 ns, Reaching safepoint: 274500 ns, At safepoint: 28416 ns, Total: 302916 ns
[2022-04-29T07:33:19.674+0000][161][safepoint   ] Safepoint "Cleanup", Time since last: 2015376043 ns, Reaching safepoint: 292500 ns, At safepoint: 13750 ns, Total: 306250 ns
[2022-04-29T07:33:20.683+0000][161][safepoint   ] Safepoint "Cleanup", Time since last: 1009241667 ns, Reaching safepoint: 156292 ns, At safepoint: 9500 ns, Total: 165792 ns
[2022-04-29T07:33:21.689+0000][161][safepoint   ] Safepoint "Cleanup", Time since last: 1005258292 ns, Reaching safepoint: 351250 ns, At safepoint: 5500 ns, Total: 356750 ns
[2022-04-29T07:33:23.699+0000][161][safepoint   ] Safepoint "Cleanup", Time since last: 2010429626 ns, Reaching safepoint: 253250 ns, At safepoint: 7500 ns, Total: 260750 ns
[2022-04-29T07:33:24.704+0000][161][safepoint   ] Safepoint "Cleanup", Time since last: 1004468625 ns, Reaching safepoint: 432375 ns, At safepoint: 16834 ns, Total: 449209 ns
[2022-04-29T07:33:25.715+0000][161][safepoint   ] Safepoint "Cleanup", Time since last: 1009961250 ns, Reaching safepoint: 411583 ns, At safepoint: 13459 ns, Total: 425042 ns
[2022-04-29T07:33:26.719+0000][161][safepoint   ] Safepoint "Cleanup", Time since last: 1004504209 ns, Reaching safepoint: 83166 ns, At safepoint: 2125 ns, Total: 85291 ns
[2022-04-29T07:33:27.698+0000][161][safepoint   ] Safepoint "ICBufferFull", Time since last: 978399792 ns, Reaching safepoint: 239375 ns, At safepoint: 3417 ns, Total: 242792 ns
[2022-04-29T07:33:28.700+0000][161][safepoint   ] Safepoint "Cleanup", Time since last: 1001578584 ns, Reaching safepoint: 100500 ns, At safepoint: 2833 ns, Total: 103333 ns
[2022-04-29T07:33:29.703+0000][161][safepoint   ] Safepoint "Cleanup", Time since last: 1003024167 ns, Reaching safepoint: 367042 ns, At safepoint: 10500 ns, Total: 377542 ns
[2022-04-29T07:33:30.713+0000][161][safepoint   ] Safepoint "Cleanup", Time since last: 1009803459 ns, Reaching safepoint: 196958 ns, At safepoint: 7750 ns, Total: 204708 ns
[2022-04-29T07:33:31.719+0000][161][safepoint   ] Safepoint "Cleanup", Time since last: 1005357376 ns, Reaching safepoint: 237833 ns, At safepoint: 7333 ns, Total: 245166 ns
[2022-04-29T07:33:32.728+0000][161][safepoint   ] Safepoint "Cleanup", Time since last: 1009611917 ns, Reaching safepoint: 156209 ns, At safepoint: 22041 ns, Total: 178250 ns
[2022-04-29T07:33:33.738+0000][161][safepoint   ] Safepoint "Cleanup", Time since last: 1009396793 ns, Reaching safepoint: 443541 ns, At safepoint: 22625 ns, Total: 466166 ns
[2022-04-29T07:33:34.744+0000][161][safepoint   ] Safepoint "Cleanup", Time since last: 1005808251 ns, Reaching safepoint: 154625 ns, At safepoint: 2875 ns, Total: 157500 ns
[2022-04-29T07:33:35.746+0000][161][safepoint   ] Safepoint "Cleanup", Time since last: 1001630625 ns, Reaching safepoint: 79417 ns, At safepoint: 2166 ns, Total: 81583 ns
[2022-04-29T07:33:36.751+0000][161][safepoint   ] Safepoint "Cleanup", Time since last: 1004945876 ns, Reaching safepoint: 426417 ns, At safepoint: 10291 ns, Total: 436708 ns
[2022-04-29T07:33:38.759+0000][161][safepoint   ] Safepoint "Cleanup", Time since last: 2007858460 ns, Reaching safepoint: 159750 ns, At safepoint: 4375 ns, Total: 164125 ns
[2022-04-29T07:33:39.763+0000][161][safepoint   ] Safepoint "Cleanup", Time since last: 1003189625 ns, Reaching safepoint: 275125 ns, At safepoint: 6417 ns, Total: 281542 ns
[2022-04-29T07:33:41.425+0000][161][safepoint   ] Safepoint "Cleanup", Time since last: 1661958584 ns, Reaching safepoint: 200875 ns, At safepoint: 8708 ns, Total: 209583 ns
[2022-04-29T07:33:41.660+0000][161][safepoint   ] Safepoint "ICBufferFull", Time since last: 233996334 ns, Reaching safepoint: 1011375 ns, At safepoint: 6916 ns, Total: 1018291 ns
[2022-04-29T07:33:42.670+0000][161][safepoint   ] Safepoint "Cleanup", Time since last: 1009562334 ns, Reaching safepoint: 328625 ns, At safepoint: 9500 ns, Total: 338125 ns
[2022-04-29T07:33:43.679+0000][161][safepoint   ] Safepoint "Cleanup", Time since last: 1009236459 ns, Reaching safepoint: 241958 ns, At safepoint: 7917 ns, Total: 249875 ns
[2022-04-29T07:33:44.552+0000][161][gc,start    ] GC(19) Pause Young (Normal) (G1 Evacuation Pause)
[2022-04-29T07:33:44.553+0000][161][gc,task     ] GC(19) Using 5 workers of 5 for evacuation
[2022-04-29T07:33:44.553+0000][161][gc,age      ] GC(19) Desired survivor size 20971520 bytes, new threshold 15 (max threshold 15)
[2022-04-29T07:33:44.561+0000][161][gc,age      ] GC(19) Age table with threshold 15 (max threshold 15)
[2022-04-29T07:33:44.562+0000][161][gc,age      ] GC(19) - age   1:    8507360 bytes,    8507360 total
[2022-04-29T07:33:44.562+0000][161][gc,age      ] GC(19) - age   2:    3555032 bytes,   12062392 total
[2022-04-29T07:33:44.563+0000][161][gc,age      ] GC(19) - age   3:    5772352 bytes,   17834744 total
[2022-04-29T07:33:44.564+0000][161][gc,age      ] GC(19) - age   4:     163136 bytes,   17997880 total
[2022-04-29T07:33:44.565+0000][161][gc,phases   ] GC(19)   Pre Evacuate Collection Set: 0.1ms
[2022-04-29T07:33:44.565+0000][161][gc,phases   ] GC(19)   Merge Heap Roots: 0.1ms
[2022-04-29T07:33:44.566+0000][161][gc,phases   ] GC(19)   Evacuate Collection Set: 5.3ms
[2022-04-29T07:33:44.567+0000][161][gc,phases   ] GC(19)   Post Evacuate Collection Set: 1.3ms
[2022-04-29T07:33:44.568+0000][161][gc,phases   ] GC(19)   Other: 6.2ms
[2022-04-29T07:33:44.569+0000][161][gc,heap     ] GC(19) Eden regions: 71->0(70)
[2022-04-29T07:33:44.570+0000][161][gc,heap     ] GC(19) Survivor regions: 4->5(10)
[2022-04-29T07:33:44.571+0000][161][gc,heap     ] GC(19) Old regions: 16->16
[2022-04-29T07:33:44.571+0000][161][gc,heap     ] GC(19) Archive regions: 2->2
[2022-04-29T07:33:44.572+0000][161][gc,heap     ] GC(19) Humongous regions: 6->6
[2022-04-29T07:33:44.573+0000][161][gc,metaspace] GC(19) Metaspace: 108345K(110016K)->108345K(110016K) NonClass: 93425K(94464K)->93425K(94464K) Class: 14920K(15552K)->14920K(15552K)
[2022-04-29T07:33:44.574+0000][161][gc          ] GC(19) Pause Young (Normal) (G1 Evacuation Pause) 390M->109M(512M) 22.156ms
[2022-04-29T07:33:44.575+0000][161][gc,cpu      ] GC(19) User=0.03s Sys=0.00s Real=0.02s
[2022-04-29T07:33:44.575+0000][161][safepoint   ] Safepoint "G1CollectForAllocation", Time since last: 872450750 ns, Reaching safepoint: 109625 ns, At safepoint: 23499459 ns, Total: 23609084 ns
[2022-04-29T07:33:45.576+0000][161][safepoint   ] Safepoint "Cleanup", Time since last: 1000795750 ns, Reaching safepoint: 167375 ns, At safepoint: 16417 ns, Total: 183792 ns
[2022-04-29T07:33:46.581+0000][161][safepoint   ] Safepoint "Cleanup", Time since last: 1004276750 ns, Reaching safepoint: 198000 ns, At safepoint: 9667 ns, Total: 207667 ns
[2022-04-29T07:33:47.600+0000][161][safepoint   ] Safepoint "Cleanup", Time since last: 1004061917 ns, Reaching safepoint: 15898375 ns, At safepoint: 14208 ns, Total: 15912583 ns
[2022-04-29T07:33:49.613+0000][161][safepoint   ] Safepoint "Cleanup", Time since last: 2011907084 ns, Reaching safepoint: 478375 ns, At safepoint: 9417 ns, Total: 487792 ns
[2022-04-29T07:33:50.618+0000][161][safepoint   ] Safepoint "Cleanup", Time since last: 1004534126 ns, Reaching safepoint: 137625 ns, At safepoint: 5833 ns, Total: 143458 ns
[2022-04-29T07:33:51.622+0000][161][safepoint   ] Safepoint "Cleanup", Time since last: 1003199917 ns, Reaching safepoint: 744667 ns, At safepoint: 92666 ns, Total: 837333 ns
[2022-04-29T07:33:52.633+0000][161][safepoint   ] Safepoint "Cleanup", Time since last: 1011411043 ns, Reaching safepoint: 215291 ns, At safepoint: 70375 ns, Total: 285666 ns
[2022-04-29T07:33:53.637+0000][161][safepoint   ] Safepoint "Cleanup", Time since last: 1003000209 ns, Reaching safepoint: 579333 ns, At safepoint: 21834 ns, Total: 601167 ns
[2022-04-29T07:33:54.652+0000][161][safepoint   ] Safepoint "Cleanup", Time since last: 1014584625 ns, Reaching safepoint: 227959 ns, At safepoint: 11500 ns, Total: 239459 ns
[2022-04-29T07:33:55.660+0000][161][safepoint   ] Safepoint "Cleanup", Time since last: 1007618417 ns, Reaching safepoint: 340666 ns, At safepoint: 14834 ns, Total: 355500 ns
[2022-04-29T07:33:56.670+0000][161][safepoint   ] Safepoint "Cleanup", Time since last: 1009715667 ns, Reaching safepoint: 228125 ns, At safepoint: 8416 ns, Total: 236541 ns
[2022-04-29T07:33:57.672+0000][161][safepoint   ] Safepoint "Cleanup", Time since last: 1002039584 ns, Reaching safepoint: 236167 ns, At safepoint: 12917 ns, Total: 249084 ns
[2022-04-29T07:33:58.680+0000][161][safepoint   ] Safepoint "Cleanup", Time since last: 1007919625 ns, Reaching safepoint: 330917 ns, At safepoint: 13916 ns, Total: 344833 ns
[2022-04-29T07:33:59.693+0000][161][safepoint   ] Safepoint "Cleanup", Time since last: 1012206001 ns, Reaching safepoint: 340625 ns, At safepoint: 8583 ns, Total: 349208 ns
[2022-04-29T07:34:00.696+0000][161][safepoint   ] Safepoint "Cleanup", Time since last: 1002964542 ns, Reaching safepoint: 327584 ns, At safepoint: 8708 ns, Total: 336292 ns
[2022-04-29T07:34:01.700+0000][161][safepoint   ] Safepoint "Cleanup", Time since last: 1003839834 ns, Reaching safepoint: 257042 ns, At safepoint: 9875 ns, Total: 266917 ns
[2022-04-29T07:34:02.705+0000][161][safepoint   ] Safepoint "Cleanup", Time since last: 1004970750 ns, Reaching safepoint: 240083 ns, At safepoint: 4042 ns, Total: 244125 ns
[2022-04-29T07:34:03.858+0000][161][safepoint   ] Safepoint "Cleanup", Time since last: 1151859251 ns, Reaching safepoint: 391291 ns, At safepoint: 7750 ns, Total: 399041 ns
[2022-04-29T07:34:04.865+0000][161][safepoint   ] Safepoint "Cleanup", Time since last: 1007231292 ns, Reaching safepoint: 525875 ns, At safepoint: 32167 ns, Total: 558042 ns
[2022-04-29T07:34:05.873+0000][161][safepoint   ] Safepoint "Cleanup", Time since last: 1006471542 ns, Reaching safepoint: 1016209 ns, At safepoint: 18000 ns, Total: 1034209 ns
[2022-04-29T07:34:06.881+0000][161][safepoint   ] Safepoint "Cleanup", Time since last: 1007510667 ns, Reaching safepoint: 423750 ns, At safepoint: 14125 ns, Total: 437875 ns
[2022-04-29T07:34:08.898+0000][161][safepoint   ] Safepoint "Cleanup", Time since last: 2017223084 ns, Reaching safepoint: 203667 ns, At safepoint: 4250 ns, Total: 207917 ns
[2022-04-29T07:34:09.901+0000][161][safepoint   ] Safepoint "Cleanup", Time since last: 1002199375 ns, Reaching safepoint: 174292 ns, At safepoint: 7208 ns, Total: 181500 ns
[2022-04-29T07:34:10.933+0000][161][safepoint   ] Safepoint "Cleanup", Time since last: 1032197209 ns, Reaching safepoint: 273500 ns, At safepoint: 6375 ns, Total: 279875 ns
[2022-04-29T07:34:11.934+0000][161][safepoint   ] Safepoint "Cleanup", Time since last: 1000750209 ns, Reaching safepoint: 308958 ns, At safepoint: 6417 ns, Total: 315375 ns
[2022-04-29T07:34:12.937+0000][161][safepoint   ] Safepoint "Cleanup", Time since last: 1002346750 ns, Reaching safepoint: 200084 ns, At safepoint: 19375 ns, Total: 219459 ns
[2022-04-29T07:34:14.943+0000][161][safepoint   ] Safepoint "Cleanup", Time since last: 2006052251 ns, Reaching safepoint: 251541 ns, At safepoint: 17125 ns, Total: 268666 ns
[2022-04-29T07:34:16.948+0000][161][safepoint   ] Safepoint "Cleanup", Time since last: 2004171334 ns, Reaching safepoint: 1659416 ns, At safepoint: 11750 ns, Total: 1671166 ns
[2022-04-29T07:34:17.957+0000][161][safepoint   ] Safepoint "Cleanup", Time since last: 1007537126 ns, Reaching safepoint: 1527541 ns, At safepoint: 16375 ns, Total: 1543916 ns
[2022-04-29T07:34:19.970+0000][161][safepoint   ] Safepoint "Cleanup", Time since last: 2011432751 ns, Reaching safepoint: 561375 ns, At safepoint: 16125 ns, Total: 577500 ns
[2022-04-29T07:34:20.990+0000][161][safepoint   ] Safepoint "Cleanup", Time since last: 1020121167 ns, Reaching safepoint: 297750 ns, At safepoint: 5584 ns, Total: 303334 ns
[2022-04-29T07:34:21.993+0000][161][safepoint   ] Safepoint "Cleanup", Time since last: 1003029334 ns, Reaching safepoint: 205458 ns, At safepoint: 7208 ns, Total: 212666 ns
[2022-04-29T07:34:24.000+0000][161][safepoint   ] Safepoint "Cleanup", Time since last: 2006984251 ns, Reaching safepoint: 271042 ns, At safepoint: 9417 ns, Total: 280459 ns
[2022-04-29T07:34:25.007+0000][161][safepoint   ] Safepoint "Cleanup", Time since last: 1006421625 ns, Reaching safepoint: 311875 ns, At safepoint: 12375 ns, Total: 324250 ns
[2022-04-29T07:34:27.014+0000][161][safepoint   ] Safepoint "Cleanup", Time since last: 2007146126 ns, Reaching safepoint: 116958 ns, At safepoint: 4209 ns, Total: 121167 ns
[2022-04-29T07:34:28.021+0000][161][safepoint   ] Safepoint "Cleanup", Time since last: 1006057167 ns, Reaching safepoint: 326625 ns, At safepoint: 9625 ns, Total: 336250 ns
[2022-04-29T07:34:30.039+0000][161][safepoint   ] Safepoint "Cleanup", Time since last: 2017886542 ns, Reaching safepoint: 371709 ns, At safepoint: 9333 ns, Total: 381042 ns
[2022-04-29T07:34:32.050+0000][161][safepoint   ] Safepoint "Cleanup", Time since last: 2010978668 ns, Reaching safepoint: 285333 ns, At safepoint: 12542 ns, Total: 297875 ns
[2022-04-29T07:34:32.744+0000][161][safepoint   ] Safepoint "ICBufferFull", Time since last: 693772333 ns, Reaching safepoint: 218250 ns, At safepoint: 4167 ns, Total: 222417 ns
[2022-04-29T07:34:33.749+0000][161][safepoint   ] Safepoint "Cleanup", Time since last: 1004046042 ns, Reaching safepoint: 378334 ns, At safepoint: 19583 ns, Total: 397917 ns
[2022-04-29T07:34:34.751+0000][161][safepoint   ] Safepoint "Cleanup", Time since last: 1002158209 ns, Reaching safepoint: 152083 ns, At safepoint: 5042 ns, Total: 157125 ns
[2022-04-29T07:34:35.760+0000][161][safepoint   ] Safepoint "Cleanup", Time since last: 1009067250 ns, Reaching safepoint: 213708 ns, At safepoint: 19792 ns, Total: 233500 ns
[2022-04-29T07:34:36.766+0000][161][safepoint   ] Safepoint "Cleanup", Time since last: 1005436834 ns, Reaching safepoint: 349333 ns, At safepoint: 6334 ns, Total: 355667 ns
[2022-04-29T07:34:38.781+0000][161][safepoint   ] Safepoint "Cleanup", Time since last: 2014298459 ns, Reaching safepoint: 257208 ns, At safepoint: 4209 ns, Total: 261417 ns
[2022-04-29T07:34:39.782+0000][161][safepoint   ] Safepoint "Cleanup", Time since last: 1001243042 ns, Reaching safepoint: 51416 ns, At safepoint: 2042 ns, Total: 53458 ns
[2022-04-29T07:34:41.789+0000][161][safepoint   ] Safepoint "Cleanup", Time since last: 2006587376 ns, Reaching safepoint: 276167 ns, At safepoint: 7458 ns, Total: 283625 ns
[2022-04-29T07:34:42.794+0000][161][safepoint   ] Safepoint "Cleanup", Time since last: 1004945292 ns, Reaching safepoint: 281459 ns, At safepoint: 8500 ns, Total: 289959 ns
[2022-04-29T07:34:44.799+0000][161][safepoint   ] Safepoint "Cleanup", Time since last: 2004538375 ns, Reaching safepoint: 143834 ns, At safepoint: 3958 ns, Total: 147792 ns
[2022-04-29T07:34:45.803+0000][161][safepoint   ] Safepoint "Cleanup", Time since last: 1003566709 ns, Reaching safepoint: 255791 ns, At safepoint: 8875 ns, Total: 264666 ns
[2022-04-29T07:34:46.816+0000][161][safepoint   ] Safepoint "Cleanup", Time since last: 1012521459 ns, Reaching safepoint: 479833 ns, At safepoint: 9500 ns, Total: 489333 ns
[2022-04-29T07:34:47.827+0000][161][safepoint   ] Safepoint "Cleanup", Time since last: 1010911043 ns, Reaching safepoint: 613083 ns, At safepoint: 14542 ns, Total: 627625 ns
[2022-04-29T07:34:49.841+0000][161][safepoint   ] Safepoint "Cleanup", Time since last: 2013503376 ns, Reaching safepoint: 191333 ns, At safepoint: 6375 ns, Total: 197708 ns
[2022-04-29T07:34:50.867+0000][161][safepoint   ] Safepoint "Cleanup", Time since last: 1025256334 ns, Reaching safepoint: 259625 ns, At safepoint: 17958 ns, Total: 277583 ns
[2022-04-29T07:34:51.868+0000][161][safepoint   ] Safepoint "Cleanup", Time since last: 1001386167 ns, Reaching safepoint: 56459 ns, At safepoint: 2083 ns, Total: 58542 ns
[2022-04-29T07:34:53.870+0000][161][safepoint   ] Safepoint "Cleanup", Time since last: 2002008251 ns, Reaching safepoint: 297041 ns, At safepoint: 13917 ns, Total: 310958 ns
[2022-04-29T07:34:54.884+0000][161][safepoint   ] Safepoint "Cleanup", Time since last: 1013581626 ns, Reaching safepoint: 406916 ns, At safepoint: 14292 ns, Total: 421208 ns
[2022-04-29T07:34:56.896+0000][161][safepoint   ] Safepoint "Cleanup", Time since last: 2010843959 ns, Reaching safepoint: 286834 ns, At safepoint: 19791 ns, Total: 306625 ns
[2022-04-29T07:34:57.042+0000][161][gc,start    ] GC(20) Pause Young (Normal) (G1 Evacuation Pause)
[2022-04-29T07:34:57.042+0000][161][gc,task     ] GC(20) Using 5 workers of 5 for evacuation
[2022-04-29T07:34:57.043+0000][161][gc,age      ] GC(20) Desired survivor size 20971520 bytes, new threshold 15 (max threshold 15)
[2022-04-29T07:34:57.052+0000][161][gc,age      ] GC(20) Age table with threshold 15 (max threshold 15)
[2022-04-29T07:34:57.053+0000][161][gc,age      ] GC(20) - age   1:    2493448 bytes,    2493448 total
[2022-04-29T07:34:57.054+0000][161][gc,age      ] GC(20) - age   2:    6604440 bytes,    9097888 total
[2022-04-29T07:34:57.054+0000][161][gc,age      ] GC(20) - age   3:    3515112 bytes,   12613000 total
[2022-04-29T07:34:57.055+0000][161][gc,age      ] GC(20) - age   4:    5766400 bytes,   18379400 total
[2022-04-29T07:34:57.056+0000][161][gc,age      ] GC(20) - age   5:     163136 bytes,   18542536 total
[2022-04-29T07:34:57.057+0000][161][gc,phases   ] GC(20)   Pre Evacuate Collection Set: 0.1ms
[2022-04-29T07:34:57.057+0000][161][gc,phases   ] GC(20)   Merge Heap Roots: 0.3ms
[2022-04-29T07:34:57.058+0000][161][gc,phases   ] GC(20)   Evacuate Collection Set: 6.4ms
[2022-04-29T07:34:57.059+0000][161][gc,phases   ] GC(20)   Post Evacuate Collection Set: 1.1ms
[2022-04-29T07:34:57.060+0000][161][gc,phases   ] GC(20)   Other: 7.2ms
[2022-04-29T07:34:57.061+0000][161][gc,heap     ] GC(20) Eden regions: 70->0(71)
[2022-04-29T07:34:57.061+0000][161][gc,heap     ] GC(20) Survivor regions: 5->5(10)
[2022-04-29T07:34:57.062+0000][161][gc,heap     ] GC(20) Old regions: 16->16
[2022-04-29T07:34:57.063+0000][161][gc,heap     ] GC(20) Archive regions: 2->2
[2022-04-29T07:34:57.064+0000][161][gc,heap     ] GC(20) Humongous regions: 6->6
[2022-04-29T07:34:57.065+0000][161][gc,metaspace] GC(20) Metaspace: 109236K(110848K)->109236K(110848K) NonClass: 94315K(95296K)->94315K(95296K) Class: 14921K(15552K)->14921K(15552K)
[2022-04-29T07:34:57.066+0000][161][gc          ] GC(20) Pause Young (Normal) (G1 Evacuation Pause) 389M->109M(512M) 24.680ms
[2022-04-29T07:34:57.067+0000][161][gc,cpu      ] GC(20) User=0.03s Sys=0.00s Real=0.03s
[2022-04-29T07:34:57.068+0000][161][safepoint   ] Safepoint "G1CollectForAllocation", Time since last: 145812250 ns, Reaching safepoint: 121375 ns, At safepoint: 26568959 ns, Total: 26690334 ns
[2022-04-29T07:34:58.088+0000][161][safepoint   ] Safepoint "Cleanup", Time since last: 1020031250 ns, Reaching safepoint: 103834 ns, At safepoint: 2958 ns, Total: 106792 ns
[2022-04-29T07:35:00.098+0000][161][safepoint   ] Safepoint "Cleanup", Time since last: 2010016417 ns, Reaching safepoint: 155709 ns, At safepoint: 4833 ns, Total: 160542 ns
[2022-04-29T07:35:02.112+0000][161][safepoint   ] Safepoint "Cleanup", Time since last: 2013208709 ns, Reaching safepoint: 199000 ns, At safepoint: 8875 ns, Total: 207875 ns
[2022-04-29T07:35:03.120+0000][161][safepoint   ] Safepoint "Cleanup", Time since last: 1007633209 ns, Reaching safepoint: 139375 ns, At safepoint: 3875 ns, Total: 143250 ns
[2022-04-29T07:35:04.126+0000][161][safepoint   ] Safepoint "Cleanup", Time since last: 1006158417 ns, Reaching safepoint: 99459 ns, At safepoint: 2250 ns, Total: 101709 ns
[2022-04-29T07:35:05.133+0000][161][safepoint   ] Safepoint "Cleanup", Time since last: 1006469792 ns, Reaching safepoint: 756750 ns, At safepoint: 22125 ns, Total: 778875 ns
[2022-04-29T07:35:06.138+0000][161][safepoint   ] Safepoint "Cleanup", Time since last: 1003039584 ns, Reaching safepoint: 530333 ns, At safepoint: 1212625 ns, Total: 1742958 ns
[2022-04-29T07:35:07.146+0000][161][safepoint   ] Safepoint "Cleanup", Time since last: 1007649042 ns, Reaching safepoint: 407625 ns, At safepoint: 7375 ns, Total: 415000 ns
[2022-04-29T07:35:09.153+0000][161][safepoint   ] Safepoint "Cleanup", Time since last: 2006633751 ns, Reaching safepoint: 329250 ns, At safepoint: 14083 ns, Total: 343333 ns
[2022-04-29T07:35:10.163+0000][161][safepoint   ] Safepoint "Cleanup", Time since last: 1010452793 ns, Reaching safepoint: 85041 ns, At safepoint: 3167 ns, Total: 88208 ns
[2022-04-29T07:35:12.170+0000][161][safepoint   ] Safepoint "Cleanup", Time since last: 2006100834 ns, Reaching safepoint: 296167 ns, At safepoint: 6083 ns, Total: 302250 ns
[2022-04-29T07:35:15.185+0000][161][safepoint   ] Safepoint "Cleanup", Time since last: 3015340127 ns, Reaching safepoint: 56958 ns, At safepoint: 1667 ns, Total: 58625 ns
[2022-04-29T07:35:16.189+0000][161][safepoint   ] Safepoint "Cleanup", Time since last: 1003318458 ns, Reaching safepoint: 272875 ns, At safepoint: 6458 ns, Total: 279333 ns
[2022-04-29T07:35:17.200+0000][161][safepoint   ] Safepoint "Cleanup", Time since last: 1010490709 ns, Reaching safepoint: 865125 ns, At safepoint: 16000 ns, Total: 881125 ns
[2022-04-29T07:35:18.211+0000][161][safepoint   ] Safepoint "Cleanup", Time since last: 1010532209 ns, Reaching safepoint: 414833 ns, At safepoint: 12792 ns, Total: 427625 ns
[2022-04-29T07:35:19.218+0000][161][safepoint   ] Safepoint "Cleanup", Time since last: 1006611375 ns, Reaching safepoint: 241334 ns, At safepoint: 6458 ns, Total: 247792 ns
[2022-04-29T07:35:21.230+0000][161][safepoint   ] Safepoint "Cleanup", Time since last: 2011497251 ns, Reaching safepoint: 312458 ns, At safepoint: 44459 ns, Total: 356917 ns
[2022-04-29T07:35:22.236+0000][161][safepoint   ] Safepoint "Cleanup", Time since last: 1001624125 ns, Reaching safepoint: 4287917 ns, At safepoint: 15208 ns, Total: 4303125 ns
[2022-04-29T07:35:24.249+0000][161][safepoint   ] Safepoint "Cleanup", Time since last: 2013072043 ns, Reaching safepoint: 313291 ns, At safepoint: 7125 ns, Total: 320416 ns
[2022-04-29T07:35:26.253+0000][161][safepoint   ] Safepoint "Cleanup", Time since last: 2003907418 ns, Reaching safepoint: 334792 ns, At safepoint: 6541 ns, Total: 341333 ns
[2022-04-29T07:35:27.261+0000][161][safepoint   ] Safepoint "Cleanup", Time since last: 1007445251 ns, Reaching safepoint: 501208 ns, At safepoint: 9667 ns, Total: 510875 ns
[2022-04-29T07:35:28.274+0000][161][safepoint   ] Safepoint "Cleanup", Time since last: 1012336625 ns, Reaching safepoint: 130667 ns, At safepoint: 5208 ns, Total: 135875 ns
[2022-04-29T07:35:29.276+0000][161][safepoint   ] Safepoint "Cleanup", Time since last: 1002440709 ns, Reaching safepoint: 153583 ns, At safepoint: 6250 ns, Total: 159833 ns
[2022-04-29T07:35:30.280+0000][161][safepoint   ] Safepoint "Cleanup", Time since last: 1003515001 ns, Reaching safepoint: 192458 ns, At safepoint: 11375 ns, Total: 203833 ns
[2022-04-29T07:35:32.285+0000][161][safepoint   ] Safepoint "Cleanup", Time since last: 2004358835 ns, Reaching safepoint: 423041 ns, At safepoint: 4209 ns, Total: 427250 ns
[2022-04-29T07:35:33.287+0000][161][safepoint   ] Safepoint "Cleanup", Time since last: 1001772875 ns, Reaching safepoint: 85542 ns, At safepoint: 8458 ns, Total: 94000 ns
[2022-04-29T07:35:34.292+0000][161][safepoint   ] Safepoint "Cleanup", Time since last: 1005076042 ns, Reaching safepoint: 158625 ns, At safepoint: 7500 ns, Total: 166125 ns
[2022-04-29T07:35:36.295+0000][161][safepoint   ] Safepoint "Cleanup", Time since last: 2003201959 ns, Reaching safepoint: 227792 ns, At safepoint: 8042 ns, Total: 235834 ns
[2022-04-29T07:35:37.317+0000][161][safepoint   ] Safepoint "Cleanup", Time since last: 1019935959 ns, Reaching safepoint: 1608000 ns, At safepoint: 9875 ns, Total: 1617875 ns
[2022-04-29T07:35:38.698+0000][161][safepoint   ] Safepoint "Cleanup", Time since last: 1381430667 ns, Reaching safepoint: 46625 ns, At safepoint: 1250 ns, Total: 47875 ns
[2022-04-29T07:35:39.699+0000][161][safepoint   ] Safepoint "Cleanup", Time since last: 1000717209 ns, Reaching safepoint: 177541 ns, At safepoint: 9667 ns, Total: 187208 ns
[2022-04-29T07:35:41.703+0000][161][safepoint   ] Safepoint "Cleanup", Time since last: 2003727418 ns, Reaching safepoint: 260000 ns, At safepoint: 4500 ns, Total: 264500 ns
[2022-04-29T07:35:44.712+0000][161][safepoint   ] Safepoint "Cleanup", Time since last: 3008296126 ns, Reaching safepoint: 171208 ns, At safepoint: 4834 ns, Total: 176042 ns
[2022-04-29T07:35:45.718+0000][161][safepoint   ] Safepoint "Cleanup", Time since last: 1001755208 ns, Reaching safepoint: 373625 ns, At safepoint: 5750 ns, Total: 379375 ns
[2022-04-29T07:35:46.723+0000][161][safepoint   ] Safepoint "Cleanup", Time since last: 1004783083 ns, Reaching safepoint: 209459 ns, At safepoint: 8458 ns, Total: 217917 ns
[2022-04-29T07:35:47.737+0000][161][safepoint   ] Safepoint "Cleanup", Time since last: 1013234917 ns, Reaching safepoint: 428917 ns, At safepoint: 14917 ns, Total: 443834 ns
[2022-04-29T07:35:49.752+0000][161][safepoint   ] Safepoint "Cleanup", Time since last: 2014891001 ns, Reaching safepoint: 196125 ns, At safepoint: 8166 ns, Total: 204291 ns
[2022-04-29T07:35:50.755+0000][161][safepoint   ] Safepoint "Cleanup", Time since last: 1003064042 ns, Reaching safepoint: 55250 ns, At safepoint: 2167 ns, Total: 57417 ns
[2022-04-29T07:35:51.759+0000][161][safepoint   ] Safepoint "Cleanup", Time since last: 1003895209 ns, Reaching safepoint: 188541 ns, At safepoint: 4125 ns, Total: 192666 ns
[2022-04-29T07:35:52.761+0000][161][safepoint   ] Safepoint "Cleanup", Time since last: 1001349584 ns, Reaching safepoint: 512250 ns, At safepoint: 11667 ns, Total: 523917 ns
[2022-04-29T07:35:53.763+0000][161][safepoint   ] Safepoint "Cleanup", Time since last: 1001471459 ns, Reaching safepoint: 152208 ns, At safepoint: 4542 ns, Total: 156750 ns
[2022-04-29T07:35:54.781+0000][161][safepoint   ] Safepoint "Cleanup", Time since last: 1018201125 ns, Reaching safepoint: 465500 ns, At safepoint: 6834 ns, Total: 472334 ns
[2022-04-29T07:35:55.792+0000][161][safepoint   ] Safepoint "Cleanup", Time since last: 1009778167 ns, Reaching safepoint: 550625 ns, At safepoint: 13125 ns, Total: 563750 ns
[2022-04-29T07:35:56.799+0000][161][safepoint   ] Safepoint "Cleanup", Time since last: 1007333084 ns, Reaching safepoint: 183125 ns, At safepoint: 79583 ns, Total: 262708 ns
[2022-04-29T07:35:57.802+0000][161][safepoint   ] Safepoint "Cleanup", Time since last: 1002481042 ns, Reaching safepoint: 252667 ns, At safepoint: 3875 ns, Total: 256542 ns
[2022-04-29T07:35:58.805+0000][161][safepoint   ] Safepoint "Cleanup", Time since last: 1003325792 ns, Reaching safepoint: 143458 ns, At safepoint: 8000 ns, Total: 151458 ns
[2022-04-29T07:35:59.816+0000][161][safepoint   ] Safepoint "Cleanup", Time since last: 1010181876 ns, Reaching safepoint: 557208 ns, At safepoint: 11125 ns, Total: 568333 ns
[2022-04-29T07:36:01.824+0000][161][safepoint   ] Safepoint "Cleanup", Time since last: 2007140834 ns, Reaching safepoint: 334042 ns, At safepoint: 7708 ns, Total: 341750 ns
[2022-04-29T07:36:02.828+0000][161][safepoint   ] Safepoint "Cleanup", Time since last: 1003711917 ns, Reaching safepoint: 127875 ns, At safepoint: 3875 ns, Total: 131750 ns
[2022-04-29T07:36:03.829+0000][161][safepoint   ] Safepoint "Cleanup", Time since last: 1001153793 ns, Reaching safepoint: 366041 ns, At safepoint: 8459 ns, Total: 374500 ns
[2022-04-29T07:36:04.832+0000][161][safepoint   ] Safepoint "Cleanup", Time since last: 1002939167 ns, Reaching safepoint: 209333 ns, At safepoint: 59417 ns, Total: 268750 ns
[2022-04-29T07:36:05.843+0000][161][safepoint   ] Safepoint "Cleanup", Time since last: 1010080167 ns, Reaching safepoint: 319250 ns, At safepoint: 8875 ns, Total: 328125 ns
[2022-04-29T07:36:06.850+0000][161][safepoint   ] Safepoint "Cleanup", Time since last: 1006403792 ns, Reaching safepoint: 457875 ns, At safepoint: 16417 ns, Total: 474292 ns
[2022-04-29T07:36:08.860+0000][161][safepoint   ] Safepoint "Cleanup", Time since last: 2010372751 ns, Reaching safepoint: 446791 ns, At safepoint: 4667 ns, Total: 451458 ns
[2022-04-29T07:36:09.862+0000][161][safepoint   ] Safepoint "Cleanup", Time since last: 1001003084 ns, Reaching safepoint: 277791 ns, At safepoint: 4792 ns, Total: 282583 ns
[2022-04-29T07:36:10.864+0000][161][safepoint   ] Safepoint "Cleanup", Time since last: 1002598292 ns, Reaching safepoint: 126709 ns, At safepoint: 3666 ns, Total: 130375 ns
[2022-04-29T07:36:11.869+0000][161][safepoint   ] Safepoint "Cleanup", Time since last: 1002439042 ns, Reaching safepoint: 1749417 ns, At safepoint: 15125 ns, Total: 1764542 ns
[2022-04-29T07:36:14.878+0000][161][safepoint   ] Safepoint "Cleanup", Time since last: 3009522002 ns, Reaching safepoint: 123208 ns, At safepoint: 3167 ns, Total: 126375 ns
[2022-04-29T07:36:15.883+0000][161][safepoint   ] Safepoint "Cleanup", Time since last: 1002074458 ns, Reaching safepoint: 305167 ns, At safepoint: 7166 ns, Total: 312333 ns
[2022-04-29T07:36:16.889+0000][161][safepoint   ] Safepoint "Cleanup", Time since last: 1005990667 ns, Reaching safepoint: 325792 ns, At safepoint: 7917 ns, Total: 333709 ns
[2022-04-29T07:36:17.910+0000][161][safepoint   ] Safepoint "Cleanup", Time since last: 1021046959 ns, Reaching safepoint: 127250 ns, At safepoint: 14208 ns, Total: 141458 ns
[2022-04-29T07:36:18.914+0000][161][safepoint   ] Safepoint "Cleanup", Time since last: 1003303834 ns, Reaching safepoint: 171958 ns, At safepoint: 5542 ns, Total: 177500 ns
[2022-04-29T07:36:19.223+0000][161][gc,start    ] GC(21) Pause Young (Normal) (G1 Evacuation Pause)
[2022-04-29T07:36:19.224+0000][161][gc,task     ] GC(21) Using 5 workers of 5 for evacuation
[2022-04-29T07:36:19.226+0000][161][gc,age      ] GC(21) Desired survivor size 20971520 bytes, new threshold 15 (max threshold 15)
[2022-04-29T07:36:19.236+0000][161][gc,age      ] GC(21) Age table with threshold 15 (max threshold 15)
[2022-04-29T07:36:19.238+0000][161][gc,age      ] GC(21) - age   1:     900976 bytes,     900976 total
[2022-04-29T07:36:19.239+0000][161][gc,age      ] GC(21) - age   2:     225544 bytes,    1126520 total
[2022-04-29T07:36:19.240+0000][161][gc,age      ] GC(21) - age   3:    6602240 bytes,    7728760 total
[2022-04-29T07:36:19.241+0000][161][gc,age      ] GC(21) - age   4:    3515112 bytes,   11243872 total
[2022-04-29T07:36:19.242+0000][161][gc,age      ] GC(21) - age   5:    5766400 bytes,   17010272 total
[2022-04-29T07:36:19.243+0000][161][gc,age      ] GC(21) - age   6:     163136 bytes,   17173408 total
[2022-04-29T07:36:19.244+0000][161][gc,phases   ] GC(21)   Pre Evacuate Collection Set: 0.3ms
[2022-04-29T07:36:19.244+0000][161][gc,phases   ] GC(21)   Merge Heap Roots: 0.3ms
[2022-04-29T07:36:19.245+0000][161][gc,phases   ] GC(21)   Evacuate Collection Set: 7.0ms
[2022-04-29T07:36:19.246+0000][161][gc,phases   ] GC(21)   Post Evacuate Collection Set: 1.4ms
[2022-04-29T07:36:19.246+0000][161][gc,phases   ] GC(21)   Other: 12.0ms
[2022-04-29T07:36:19.247+0000][161][gc,heap     ] GC(21) Eden regions: 71->0(71)
[2022-04-29T07:36:19.248+0000][161][gc,heap     ] GC(21) Survivor regions: 5->5(10)
[2022-04-29T07:36:19.249+0000][161][gc,heap     ] GC(21) Old regions: 16->16
[2022-04-29T07:36:19.250+0000][161][gc,heap     ] GC(21) Archive regions: 2->2
[2022-04-29T07:36:19.251+0000][161][gc,heap     ] GC(21) Humongous regions: 6->6
[2022-04-29T07:36:19.251+0000][161][gc,metaspace] GC(21) Metaspace: 109954K(111616K)->109954K(111616K) NonClass: 95030K(96000K)->95030K(96000K) Class: 14923K(15616K)->14923K(15616K)
[2022-04-29T07:36:19.253+0000][161][gc          ] GC(21) Pause Young (Normal) (G1 Evacuation Pause) 393M->109M(512M) 30.831ms
[2022-04-29T07:36:19.256+0000][161][gc,cpu      ] GC(21) User=0.03s Sys=0.00s Real=0.03s
[2022-04-29T07:36:19.257+0000][161][safepoint   ] Safepoint "G1CollectForAllocation", Time since last: 308596542 ns, Reaching safepoint: 143541 ns, At safepoint: 34039709 ns, Total: 34183250 ns
[2022-04-29T07:36:20.258+0000][161][safepoint   ] Safepoint "Cleanup", Time since last: 1001284833 ns, Reaching safepoint: 335917 ns, At safepoint: 10208 ns, Total: 346125 ns
[2022-04-29T07:36:21.268+0000][161][safepoint   ] Safepoint "Cleanup", Time since last: 1009946126 ns, Reaching safepoint: 188208 ns, At safepoint: 5875 ns, Total: 194083 ns
[2022-04-29T07:36:22.274+0000][161][safepoint   ] Safepoint "Cleanup", Time since last: 1005041626 ns, Reaching safepoint: 212208 ns, At safepoint: 6042 ns, Total: 218250 ns
[2022-04-29T07:36:24.280+0000][161][safepoint   ] Safepoint "Cleanup", Time since last: 2006128709 ns, Reaching safepoint: 227750 ns, At safepoint: 4542 ns, Total: 232292 ns
[2022-04-29T07:36:26.284+0000][161][safepoint   ] Safepoint "Cleanup", Time since last: 2003888042 ns, Reaching safepoint: 476375 ns, At safepoint: 5667 ns, Total: 482042 ns
[2022-04-29T07:36:27.288+0000][161][safepoint   ] Safepoint "Cleanup", Time since last: 1003303125 ns, Reaching safepoint: 673042 ns, At safepoint: 8167 ns, Total: 681209 ns
[2022-04-29T07:36:28.293+0000][161][safepoint   ] Safepoint "Cleanup", Time since last: 1004563417 ns, Reaching safepoint: 491833 ns, At safepoint: 38459 ns, Total: 530292 ns
[2022-04-29T07:36:29.297+0000][161][safepoint   ] Safepoint "Cleanup", Time since last: 1003212458 ns, Reaching safepoint: 226292 ns, At safepoint: 8208 ns, Total: 234500 ns
[2022-04-29T07:36:30.306+0000][161][safepoint   ] Safepoint "Cleanup", Time since last: 1008215001 ns, Reaching safepoint: 566167 ns, At safepoint: 11375 ns, Total: 577542 ns
[2022-04-29T07:36:32.311+0000][161][safepoint   ] Safepoint "Cleanup", Time since last: 2004847917 ns, Reaching safepoint: 312750 ns, At safepoint: 15542 ns, Total: 328292 ns
[2022-04-29T07:36:33.315+0000][161][safepoint   ] Safepoint "Cleanup", Time since last: 1003590584 ns, Reaching safepoint: 365083 ns, At safepoint: 10125 ns, Total: 375208 ns
[2022-04-29T07:36:34.329+0000][161][safepoint   ] Safepoint "Cleanup", Time since last: 1014080209 ns, Reaching safepoint: 227666 ns, At safepoint: 5792 ns, Total: 233458 ns
[2022-04-29T07:36:36.342+0000][161][safepoint   ] Safepoint "Cleanup", Time since last: 2012217293 ns, Reaching safepoint: 306166 ns, At safepoint: 8459 ns, Total: 314625 ns
[2022-04-29T07:36:37.352+0000][161][safepoint   ] Safepoint "Cleanup", Time since last: 1010159917 ns, Reaching safepoint: 215250 ns, At safepoint: 58792 ns, Total: 274042 ns
[2022-04-29T07:36:39.359+0000][161][safepoint   ] Safepoint "Cleanup", Time since last: 2007123792 ns, Reaching safepoint: 148667 ns, At safepoint: 10958 ns, Total: 159625 ns
[2022-04-29T07:36:42.367+0000][161][safepoint   ] Safepoint "Cleanup", Time since last: 3007368252 ns, Reaching safepoint: 377000 ns, At safepoint: 8750 ns, Total: 385750 ns
[2022-04-29T07:36:45.374+0000][161][safepoint   ] Safepoint "Cleanup", Time since last: 3007019668 ns, Reaching safepoint: 108208 ns, At safepoint: 19792 ns, Total: 128000 ns
[2022-04-29T07:36:47.375+0000][161][safepoint   ] Safepoint "Cleanup", Time since last: 2006422750 ns, Reaching safepoint: 435250 ns, At safepoint: 9833 ns, Total: 445083 ns
[2022-04-29T07:36:48.381+0000][161][safepoint   ] Safepoint "Cleanup", Time since last: 1006084168 ns, Reaching safepoint: 418041 ns, At safepoint: 7375 ns, Total: 425416 ns
[2022-04-29T07:36:49.385+0000][161][safepoint   ] Safepoint "Cleanup", Time since last: 1003951209 ns, Reaching safepoint: 140792 ns, At safepoint: 5333 ns, Total: 146125 ns
[2022-04-29T07:36:51.393+0000][161][safepoint   ] Safepoint "Cleanup", Time since last: 2005922043 ns, Reaching safepoint: 2008375 ns, At safepoint: 11416 ns, Total: 2019791 ns
[2022-04-29T07:36:52.417+0000][161][safepoint   ] Safepoint "Cleanup", Time since last: 1023923334 ns, Reaching safepoint: 309708 ns, At safepoint: 7584 ns, Total: 317292 ns
[2022-04-29T07:36:54.422+0000][161][safepoint   ] Safepoint "Cleanup", Time since last: 2004654167 ns, Reaching safepoint: 167000 ns, At safepoint: 6625 ns, Total: 173625 ns
[2022-04-29T07:36:56.432+0000][161][safepoint   ] Safepoint "Cleanup", Time since last: 2009204376 ns, Reaching safepoint: 154667 ns, At safepoint: 5625 ns, Total: 160292 ns
[2022-04-29T07:36:57.437+0000][161][safepoint   ] Safepoint "Cleanup", Time since last: 1005515501 ns, Reaching safepoint: 157208 ns, At safepoint: 4000 ns, Total: 161208 ns
[2022-04-29T07:36:58.441+0000][161][safepoint   ] Safepoint "Cleanup", Time since last: 1003667500 ns, Reaching safepoint: 374542 ns, At safepoint: 7250 ns, Total: 381792 ns
[2022-04-29T07:37:00.447+0000][161][safepoint   ] Safepoint "Cleanup", Time since last: 2005341418 ns, Reaching safepoint: 578833 ns, At safepoint: 12708 ns, Total: 591541 ns
[2022-04-29T07:37:02.458+0000][161][safepoint   ] Safepoint "Cleanup", Time since last: 2010012710 ns, Reaching safepoint: 371875 ns, At safepoint: 10875 ns, Total: 382750 ns
[2022-04-29T07:37:03.621+0000][161][safepoint   ] Safepoint "Cleanup", Time since last: 1162684000 ns, Reaching safepoint: 324333 ns, At safepoint: 8500 ns, Total: 332833 ns
[2022-04-29T07:37:04.623+0000][161][safepoint   ] Safepoint "Cleanup", Time since last: 1002190418 ns, Reaching safepoint: 109458 ns, At safepoint: 5083 ns, Total: 114541 ns
[2022-04-29T07:37:05.419+0000][161][safepoint   ] Safepoint "ICBufferFull", Time since last: 796151417 ns, Reaching safepoint: 236709 ns, At safepoint: 77166 ns, Total: 313875 ns
[2022-04-29T07:37:06.425+0000][161][safepoint   ] Safepoint "Cleanup", Time since last: 1005741501 ns, Reaching safepoint: 144375 ns, At safepoint: 5125 ns, Total: 149500 ns
[2022-04-29T07:37:07.451+0000][161][safepoint   ] Safepoint "Cleanup", Time since last: 1025806959 ns, Reaching safepoint: 109166 ns, At safepoint: 7834 ns, Total: 117000 ns
[2022-04-29T07:37:09.468+0000][161][safepoint   ] Safepoint "Cleanup", Time since last: 2016740626 ns, Reaching safepoint: 191416 ns, At safepoint: 6042 ns, Total: 197458 ns
[2022-04-29T07:37:10.476+0000][161][safepoint   ] Safepoint "Cleanup", Time since last: 1006900750 ns, Reaching safepoint: 1031417 ns, At safepoint: 11208 ns, Total: 1042625 ns
[2022-04-29T07:37:12.492+0000][161][safepoint   ] Safepoint "Cleanup", Time since last: 2014918251 ns, Reaching safepoint: 582125 ns, At safepoint: 12792 ns, Total: 594917 ns
[2022-04-29T07:37:15.498+0000][161][safepoint   ] Safepoint "Cleanup", Time since last: 3006207918 ns, Reaching safepoint: 252083 ns, At safepoint: 6125 ns, Total: 258208 ns
[2022-04-29T07:37:16.501+0000][161][safepoint   ] Safepoint "Cleanup", Time since last: 1002381834 ns, Reaching safepoint: 369000 ns, At safepoint: 9042 ns, Total: 378042 ns
[2022-04-29T07:37:17.505+0000][161][safepoint   ] Safepoint "Cleanup", Time since last: 1003924750 ns, Reaching safepoint: 185250 ns, At safepoint: 5958 ns, Total: 191208 ns
[2022-04-29T07:37:18.512+0000][161][safepoint   ] Safepoint "Cleanup", Time since last: 1007021168 ns, Reaching safepoint: 172708 ns, At safepoint: 5250 ns, Total: 177958 ns
[2022-04-29T07:37:19.515+0000][161][safepoint   ] Safepoint "Cleanup", Time since last: 1002930459 ns, Reaching safepoint: 157750 ns, At safepoint: 5333 ns, Total: 163083 ns
[2022-04-29T07:37:21.522+0000][161][safepoint   ] Safepoint "Cleanup", Time since last: 2005924168 ns, Reaching safepoint: 283375 ns, At safepoint: 12458 ns, Total: 295833 ns
[2022-04-29T07:37:22.523+0000][161][safepoint   ] Safepoint "Cleanup", Time since last: 1001168375 ns, Reaching safepoint: 201750 ns, At safepoint: 4167 ns, Total: 205917 ns
[2022-04-29T07:37:23.525+0000][161][safepoint   ] Safepoint "Cleanup", Time since last: 1002232834 ns, Reaching safepoint: 55542 ns, At safepoint: 2791 ns, Total: 58333 ns
[2022-04-29T07:37:24.530+0000][161][safepoint   ] Safepoint "Cleanup", Time since last: 1004235292 ns, Reaching safepoint: 167667 ns, At safepoint: 29125 ns, Total: 196792 ns
[2022-04-29T07:37:25.532+0000][161][safepoint   ] Safepoint "Cleanup", Time since last: 1001948459 ns, Reaching safepoint: 64167 ns, At safepoint: 2750 ns, Total: 66917 ns
[2022-04-29T07:37:26.542+0000][161][safepoint   ] Safepoint "Cleanup", Time since last: 1006548708 ns, Reaching safepoint: 3839375 ns, At safepoint: 11000 ns, Total: 3850375 ns
[2022-04-29T07:37:27.562+0000][161][safepoint   ] Safepoint "Cleanup", Time since last: 1002483501 ns, Reaching safepoint: 17618750 ns, At safepoint: 38458 ns, Total: 17657208 ns
[2022-04-29T07:37:28.568+0000][161][safepoint   ] Safepoint "Cleanup", Time since last: 1005635834 ns, Reaching safepoint: 123042 ns, At safepoint: 4750 ns, Total: 127792 ns
[2022-04-29T07:37:29.577+0000][161][safepoint   ] Safepoint "Cleanup", Time since last: 1008772625 ns, Reaching safepoint: 370167 ns, At safepoint: 10000 ns, Total: 380167 ns
[2022-04-29T07:37:32.582+0000][161][safepoint   ] Safepoint "Cleanup", Time since last: 3004971418 ns, Reaching safepoint: 208083 ns, At safepoint: 4750 ns, Total: 212833 ns
[2022-04-29T07:37:33.589+0000][161][safepoint   ] Safepoint "Cleanup", Time since last: 1005616792 ns, Reaching safepoint: 982125 ns, At safepoint: 12667 ns, Total: 994792 ns
[2022-04-29T07:37:34.614+0000][161][safepoint   ] Safepoint "Cleanup", Time since last: 1024857417 ns, Reaching safepoint: 93042 ns, At safepoint: 2167 ns, Total: 95209 ns
[2022-04-29T07:37:35.626+0000][161][safepoint   ] Safepoint "Cleanup", Time since last: 1011417167 ns, Reaching safepoint: 266416 ns, At safepoint: 5959 ns, Total: 272375 ns
[2022-04-29T07:37:36.631+0000][161][safepoint   ] Safepoint "Cleanup", Time since last: 1004981000 ns, Reaching safepoint: 326834 ns, At safepoint: 16125 ns, Total: 342959 ns
[2022-04-29T07:37:37.639+0000][161][safepoint   ] Safepoint "Cleanup", Time since last: 1007471167 ns, Reaching safepoint: 406833 ns, At safepoint: 6583 ns, Total: 413416 ns
[2022-04-29T07:37:38.641+0000][161][safepoint   ] Safepoint "Cleanup", Time since last: 1002206293 ns, Reaching safepoint: 50083 ns, At safepoint: 8125 ns, Total: 58208 ns
[2022-04-29T07:37:39.642+0000][161][safepoint   ] Safepoint "Cleanup", Time since last: 1000894709 ns, Reaching safepoint: 296333 ns, At safepoint: 6167 ns, Total: 302500 ns
[2022-04-29T07:37:41.646+0000][161][safepoint   ] Safepoint "Cleanup", Time since last: 2003010084 ns, Reaching safepoint: 219208 ns, At safepoint: 4500 ns, Total: 223708 ns
[2022-04-29T07:37:42.649+0000][161][safepoint   ] Safepoint "Cleanup", Time since last: 1002795667 ns, Reaching safepoint: 509917 ns, At safepoint: 8667 ns, Total: 518584 ns
[2022-04-29T07:37:44.643+0000][161][gc,start    ] GC(22) Pause Young (Normal) (G1 Evacuation Pause)
[2022-04-29T07:37:44.644+0000][161][gc,task     ] GC(22) Using 5 workers of 5 for evacuation
[2022-04-29T07:37:44.645+0000][161][gc,age      ] GC(22) Desired survivor size 20971520 bytes, new threshold 15 (max threshold 15)
[2022-04-29T07:37:44.654+0000][161][gc,age      ] GC(22) Age table with threshold 15 (max threshold 15)
[2022-04-29T07:37:44.655+0000][161][gc,age      ] GC(22) - age   1:    1643896 bytes,    1643896 total
[2022-04-29T07:37:44.657+0000][161][gc,age      ] GC(22) - age   2:      42536 bytes,    1686432 total
[2022-04-29T07:37:44.657+0000][161][gc,age      ] GC(22) - age   3:     222648 bytes,    1909080 total
[2022-04-29T07:37:44.658+0000][161][gc,age      ] GC(22) - age   4:    6600304 bytes,    8509384 total
[2022-04-29T07:37:44.659+0000][161][gc,age      ] GC(22) - age   5:    3514488 bytes,   12023872 total
[2022-04-29T07:37:44.661+0000][161][gc,age      ] GC(22) - age   6:    5766128 bytes,   17790000 total
[2022-04-29T07:37:44.662+0000][161][gc,age      ] GC(22) - age   7:     163136 bytes,   17953136 total
[2022-04-29T07:37:44.664+0000][161][gc,phases   ] GC(22)   Pre Evacuate Collection Set: 0.2ms
[2022-04-29T07:37:44.665+0000][161][gc,phases   ] GC(22)   Merge Heap Roots: 0.1ms
[2022-04-29T07:37:44.666+0000][161][gc,phases   ] GC(22)   Evacuate Collection Set: 6.2ms
[2022-04-29T07:37:44.666+0000][161][gc,phases   ] GC(22)   Post Evacuate Collection Set: 1.5ms
[2022-04-29T07:37:44.668+0000][161][gc,phases   ] GC(22)   Other: 12.3ms
[2022-04-29T07:37:44.670+0000][161][gc,heap     ] GC(22) Eden regions: 71->0(71)
[2022-04-29T07:37:44.671+0000][161][gc,heap     ] GC(22) Survivor regions: 5->5(10)
[2022-04-29T07:37:44.671+0000][161][gc,heap     ] GC(22) Old regions: 16->16
[2022-04-29T07:37:44.672+0000][161][gc,heap     ] GC(22) Archive regions: 2->2
[2022-04-29T07:37:44.673+0000][161][gc,heap     ] GC(22) Humongous regions: 6->6
[2022-04-29T07:37:44.674+0000][161][gc,metaspace] GC(22) Metaspace: 110882K(112512K)->110882K(112512K) NonClass: 95905K(96896K)->95905K(96896K) Class: 14976K(15616K)->14976K(15616K)
[2022-04-29T07:37:44.675+0000][161][gc          ] GC(22) Pause Young (Normal) (G1 Evacuation Pause) 393M->110M(512M) 31.759ms
[2022-04-29T07:37:44.676+0000][161][gc,cpu      ] GC(22) User=0.03s Sys=0.00s Real=0.04s
[2022-04-29T07:37:44.677+0000][161][safepoint   ] Safepoint "G1CollectForAllocation", Time since last: 1994373292 ns, Reaching safepoint: 109667 ns, At safepoint: 33658917 ns, Total: 33768584 ns
[2022-04-29T07:37:45.678+0000][161][safepoint   ] Safepoint "Cleanup", Time since last: 1000884125 ns, Reaching safepoint: 96708 ns, At safepoint: 4000 ns, Total: 100708 ns
[2022-04-29T07:37:46.679+0000][161][safepoint   ] Safepoint "Cleanup", Time since last: 1000997209 ns, Reaching safepoint: 59833 ns, At safepoint: 1959 ns, Total: 61792 ns
[2022-04-29T07:37:47.682+0000][161][safepoint   ] Safepoint "Cleanup", Time since last: 1003144250 ns, Reaching safepoint: 310000 ns, At safepoint: 88167 ns, Total: 398167 ns
[2022-04-29T07:37:49.692+0000][161][safepoint   ] Safepoint "Cleanup", Time since last: 2009060751 ns, Reaching safepoint: 161750 ns, At safepoint: 7916 ns, Total: 169666 ns
[2022-04-29T07:37:50.700+0000][161][safepoint   ] Safepoint "Cleanup", Time since last: 1007006209 ns, Reaching safepoint: 963459 ns, At safepoint: 9583 ns, Total: 973042 ns
[2022-04-29T07:37:51.703+0000][161][safepoint   ] Safepoint "Cleanup", Time since last: 1002817875 ns, Reaching safepoint: 219084 ns, At safepoint: 7500 ns, Total: 226584 ns
[2022-04-29T07:37:52.704+0000][161][safepoint   ] Safepoint "Cleanup", Time since last: 1001188792 ns, Reaching safepoint: 240583 ns, At safepoint: 4875 ns, Total: 245458 ns
[2022-04-29T07:37:53.710+0000][161][safepoint   ] Safepoint "Cleanup", Time since last: 1004675042 ns, Reaching safepoint: 817125 ns, At safepoint: 20084 ns, Total: 837209 ns
[2022-04-29T07:37:54.721+0000][161][safepoint   ] Safepoint "Cleanup", Time since last: 1011322084 ns, Reaching safepoint: 519958 ns, At safepoint: 6875 ns, Total: 526833 ns
[2022-04-29T07:37:55.727+0000][161][safepoint   ] Safepoint "Cleanup", Time since last: 1003670584 ns, Reaching safepoint: 1918083 ns, At safepoint: 15667 ns, Total: 1933750 ns
[2022-04-29T07:37:56.732+0000][161][safepoint   ] Safepoint "Cleanup", Time since last: 1004578875 ns, Reaching safepoint: 66000 ns, At safepoint: 1917 ns, Total: 67917 ns
[2022-04-29T07:37:57.735+0000][161][safepoint   ] Safepoint "Cleanup", Time since last: 1002856000 ns, Reaching safepoint: 82500 ns, At safepoint: 1750 ns, Total: 84250 ns
[2022-04-29T07:37:59.739+0000][161][safepoint   ] Safepoint "Cleanup", Time since last: 2004158543 ns, Reaching safepoint: 259625 ns, At safepoint: 33375 ns, Total: 293000 ns
[2022-04-29T07:38:00.744+0000][161][safepoint   ] Safepoint "Cleanup", Time since last: 1004029500 ns, Reaching safepoint: 492667 ns, At safepoint: 21875 ns, Total: 514542 ns
[2022-04-29T07:38:02.755+0000][161][safepoint   ] Safepoint "Cleanup", Time since last: 2011313418 ns, Reaching safepoint: 253666 ns, At safepoint: 3417 ns, Total: 257083 ns
[2022-04-29T07:38:04.758+0000][161][safepoint   ] Safepoint "Cleanup", Time since last: 2002671043 ns, Reaching safepoint: 102458 ns, At safepoint: 2583 ns, Total: 105041 ns
[2022-04-29T07:38:05.489+0000][161][safepoint   ] Safepoint "ICBufferFull", Time since last: 731200584 ns, Reaching safepoint: 353833 ns, At safepoint: 7667 ns, Total: 361500 ns
[2022-04-29T07:38:05.547+0000][161][safepoint   ] Safepoint "ICBufferFull", Time since last: 57339125 ns, Reaching safepoint: 436958 ns, At safepoint: 115500 ns, Total: 552458 ns
[2022-04-29T07:38:05.573+0000][161][safepoint   ] Safepoint "ICBufferFull", Time since last: 24452542 ns, Reaching safepoint: 650833 ns, At safepoint: 28542 ns, Total: 679375 ns
[2022-04-29T07:38:05.608+0000][161][safepoint   ] Safepoint "ICBufferFull", Time since last: 35701958 ns, Reaching safepoint: 240459 ns, At safepoint: 19750 ns, Total: 260209 ns
[2022-04-29T07:38:05.821+0000][161][safepoint   ] Safepoint "ICBufferFull", Time since last: 211758375 ns, Reaching safepoint: 312542 ns, At safepoint: 18916 ns, Total: 331458 ns
[2022-04-29T07:38:06.823+0000][161][safepoint   ] Safepoint "Cleanup", Time since last: 1002253876 ns, Reaching safepoint: 198000 ns, At safepoint: 13125 ns, Total: 211125 ns
[2022-04-29T07:38:07.826+0000][161][safepoint   ] Safepoint "Cleanup", Time since last: 1003021042 ns, Reaching safepoint: 134958 ns, At safepoint: 3625 ns, Total: 138583 ns
[2022-04-29T07:38:08.829+0000][161][safepoint   ] Safepoint "Cleanup", Time since last: 1002045584 ns, Reaching safepoint: 410542 ns, At safepoint: 4416 ns, Total: 414958 ns
[2022-04-29T07:38:09.832+0000][161][safepoint   ] Safepoint "Cleanup", Time since last: 1003283709 ns, Reaching safepoint: 375333 ns, At safepoint: 6584 ns, Total: 381917 ns
[2022-04-29T07:38:10.835+0000][161][safepoint   ] Safepoint "Cleanup", Time since last: 1002133084 ns, Reaching safepoint: 292375 ns, At safepoint: 8125 ns, Total: 300500 ns
[2022-04-29T07:38:11.839+0000][161][safepoint   ] Safepoint "Cleanup", Time since last: 1003894458 ns, Reaching safepoint: 102084 ns, At safepoint: 3333 ns, Total: 105417 ns
[2022-04-29T07:38:12.840+0000][161][safepoint   ] Safepoint "Cleanup", Time since last: 1000953001 ns, Reaching safepoint: 135333 ns, At safepoint: 2667 ns, Total: 138000 ns
[2022-04-29T07:38:14.844+0000][161][safepoint   ] Safepoint "Cleanup", Time since last: 2004422459 ns, Reaching safepoint: 225125 ns, At safepoint: 10250 ns, Total: 235375 ns
[2022-04-29T07:38:15.847+0000][161][safepoint   ] Safepoint "Cleanup", Time since last: 1001427000 ns, Reaching safepoint: 55167 ns, At safepoint: 1791 ns, Total: 56958 ns
[2022-04-29T07:38:16.849+0000][161][safepoint   ] Safepoint "Cleanup", Time since last: 1001213334 ns, Reaching safepoint: 253750 ns, At safepoint: 5292 ns, Total: 259042 ns
[2022-04-29T07:38:17.851+0000][161][safepoint   ] Safepoint "Cleanup", Time since last: 1002148750 ns, Reaching safepoint: 171625 ns, At safepoint: 8042 ns, Total: 179667 ns
[2022-04-29T07:38:19.862+0000][161][safepoint   ] Safepoint "Cleanup", Time since last: 2010045751 ns, Reaching safepoint: 904292 ns, At safepoint: 20041 ns, Total: 924333 ns
[2022-04-29T07:38:20.873+0000][161][safepoint   ] Safepoint "Cleanup", Time since last: 1010592334 ns, Reaching safepoint: 289250 ns, At safepoint: 4250 ns, Total: 293500 ns
[2022-04-29T07:38:21.879+0000][161][safepoint   ] Safepoint "Cleanup", Time since last: 1006146251 ns, Reaching safepoint: 535125 ns, At safepoint: 6041 ns, Total: 541166 ns
[2022-04-29T07:38:23.887+0000][161][safepoint   ] Safepoint "Cleanup", Time since last: 2007218543 ns, Reaching safepoint: 80083 ns, At safepoint: 2000 ns, Total: 82083 ns
[2022-04-29T07:38:24.890+0000][161][safepoint   ] Safepoint "Cleanup", Time since last: 1002860167 ns, Reaching safepoint: 292500 ns, At safepoint: 11209 ns, Total: 303709 ns
[2022-04-29T07:38:26.899+0000][161][safepoint   ] Safepoint "Cleanup", Time since last: 2008958459 ns, Reaching safepoint: 118958 ns, At safepoint: 3084 ns, Total: 122042 ns
[2022-04-29T07:38:27.900+0000][161][safepoint   ] Safepoint "Cleanup", Time since last: 1001392542 ns, Reaching safepoint: 162500 ns, At safepoint: 7250 ns, Total: 169750 ns
[2022-04-29T07:38:28.904+0000][161][safepoint   ] Safepoint "Cleanup", Time since last: 1003402584 ns, Reaching safepoint: 237041 ns, At safepoint: 12875 ns, Total: 249916 ns
[2022-04-29T07:38:29.914+0000][161][safepoint   ] Safepoint "Cleanup", Time since last: 1009979126 ns, Reaching safepoint: 162750 ns, At safepoint: 6500 ns, Total: 169250 ns
[2022-04-29T07:38:31.938+0000][161][safepoint   ] Safepoint "Cleanup", Time since last: 2023316959 ns, Reaching safepoint: 384542 ns, At safepoint: 4750 ns, Total: 389292 ns
[2022-04-29T07:38:32.940+0000][161][safepoint   ] Safepoint "Cleanup", Time since last: 1002060333 ns, Reaching safepoint: 101750 ns, At safepoint: 3500 ns, Total: 105250 ns
[2022-04-29T07:38:33.942+0000][161][safepoint   ] Safepoint "Cleanup", Time since last: 1001956876 ns, Reaching safepoint: 111083 ns, At safepoint: 3042 ns, Total: 114125 ns
[2022-04-29T07:38:34.963+0000][161][safepoint   ] Safepoint "Cleanup", Time since last: 1020509542 ns, Reaching safepoint: 169917 ns, At safepoint: 8041 ns, Total: 177958 ns
[2022-04-29T07:38:35.973+0000][161][safepoint   ] Safepoint "Cleanup", Time since last: 1009528043 ns, Reaching safepoint: 242750 ns, At safepoint: 8791 ns, Total: 251541 ns
[2022-04-29T07:38:36.987+0000][161][safepoint   ] Safepoint "Cleanup", Time since last: 1013874292 ns, Reaching safepoint: 428584 ns, At safepoint: 4750 ns, Total: 433334 ns
[2022-04-29T07:38:38.994+0000][161][safepoint   ] Safepoint "Cleanup", Time since last: 2007060751 ns, Reaching safepoint: 143375 ns, At safepoint: 4250 ns, Total: 147625 ns
[2022-04-29T07:38:39.623+0000][161][gc,start    ] GC(23) Pause Young (Normal) (G1 Evacuation Pause)
[2022-04-29T07:38:39.623+0000][161][gc,task     ] GC(23) Using 5 workers of 5 for evacuation
[2022-04-29T07:38:39.624+0000][161][gc,age      ] GC(23) Desired survivor size 20971520 bytes, new threshold 15 (max threshold 15)
[2022-04-29T07:38:39.634+0000][161][gc,age      ] GC(23) Age table with threshold 15 (max threshold 15)
[2022-04-29T07:38:39.635+0000][161][gc,age      ] GC(23) - age   1:    3314216 bytes,    3314216 total
[2022-04-29T07:38:39.636+0000][161][gc,age      ] GC(23) - age   2:     171032 bytes,    3485248 total
[2022-04-29T07:38:39.637+0000][161][gc,age      ] GC(23) - age   3:      40928 bytes,    3526176 total
[2022-04-29T07:38:39.639+0000][161][gc,age      ] GC(23) - age   4:     160168 bytes,    3686344 total
[2022-04-29T07:38:39.640+0000][161][gc,age      ] GC(23) - age   5:    6445912 bytes,   10132256 total
[2022-04-29T07:38:39.641+0000][161][gc,age      ] GC(23) - age   6:    3436176 bytes,   13568432 total
[2022-04-29T07:38:39.641+0000][161][gc,age      ] GC(23) - age   7:    5595792 bytes,   19164224 total
[2022-04-29T07:38:39.642+0000][161][gc,age      ] GC(23) - age   8:     163136 bytes,   19327360 total
[2022-04-29T07:38:39.643+0000][161][gc,phases   ] GC(23)   Pre Evacuate Collection Set: 0.1ms
[2022-04-29T07:38:39.643+0000][161][gc,phases   ] GC(23)   Merge Heap Roots: 0.1ms
[2022-04-29T07:38:39.644+0000][161][gc,phases   ] GC(23)   Evacuate Collection Set: 7.7ms
[2022-04-29T07:38:39.644+0000][161][gc,phases   ] GC(23)   Post Evacuate Collection Set: 1.4ms
[2022-04-29T07:38:39.645+0000][161][gc,phases   ] GC(23)   Other: 10.5ms
[2022-04-29T07:38:39.646+0000][161][gc,heap     ] GC(23) Eden regions: 71->0(71)
[2022-04-29T07:38:39.646+0000][161][gc,heap     ] GC(23) Survivor regions: 5->5(10)
[2022-04-29T07:38:39.647+0000][161][gc,heap     ] GC(23) Old regions: 16->16
[2022-04-29T07:38:39.647+0000][161][gc,heap     ] GC(23) Archive regions: 2->2
[2022-04-29T07:38:39.648+0000][161][gc,heap     ] GC(23) Humongous regions: 6->6
[2022-04-29T07:38:39.648+0000][161][gc,metaspace] GC(23) Metaspace: 113413K(115136K)->113413K(115136K) NonClass: 98060K(99072K)->98060K(99072K) Class: 15353K(16064K)->15353K(16064K)
[2022-04-29T07:38:39.649+0000][161][gc          ] GC(23) Pause Young (Normal) (G1 Evacuation Pause) 394M->110M(512M) 26.123ms
[2022-04-29T07:38:39.650+0000][161][gc,cpu      ] GC(23) User=0.03s Sys=0.00s Real=0.03s
[2022-04-29T07:38:39.650+0000][161][safepoint   ] Safepoint "G1CollectForAllocation", Time since last: 628644125 ns, Reaching safepoint: 59583 ns, At safepoint: 27394500 ns, Total: 27454083 ns
[2022-04-29T07:38:40.655+0000][161][safepoint   ] Safepoint "Cleanup", Time since last: 1004267167 ns, Reaching safepoint: 447834 ns, At safepoint: 5833 ns, Total: 453667 ns
[2022-04-29T07:38:41.669+0000][161][safepoint   ] Safepoint "Cleanup", Time since last: 1013206167 ns, Reaching safepoint: 586542 ns, At safepoint: 19583 ns, Total: 606125 ns
[2022-04-29T07:38:42.676+0000][161][safepoint   ] Safepoint "Cleanup", Time since last: 1006879959 ns, Reaching safepoint: 277667 ns, At safepoint: 8583 ns, Total: 286250 ns
[2022-04-29T07:38:44.682+0000][161][safepoint   ] Safepoint "Cleanup", Time since last: 2005647834 ns, Reaching safepoint: 171750 ns, At safepoint: 60875 ns, Total: 232625 ns
[2022-04-29T07:38:45.690+0000][161][safepoint   ] Safepoint "Cleanup", Time since last: 1008701792 ns, Reaching safepoint: 336291 ns, At safepoint: 6667 ns, Total: 342958 ns
[2022-04-29T07:38:47.173+0000][161][safepoint   ] Safepoint "Cleanup", Time since last: 1478125334 ns, Reaching safepoint: 4748000 ns, At safepoint: 18417 ns, Total: 4766417 ns
[2022-04-29T07:38:48.188+0000][161][safepoint   ] Safepoint "Cleanup", Time since last: 1014838167 ns, Reaching safepoint: 126958 ns, At safepoint: 4375 ns, Total: 131333 ns
[2022-04-29T07:38:50.194+0000][161][safepoint   ] Safepoint "Cleanup", Time since last: 2006161751 ns, Reaching safepoint: 88083 ns, At safepoint: 4042 ns, Total: 92125 ns
[2022-04-29T07:38:51.196+0000][161][safepoint   ] Safepoint "Cleanup", Time since last: 1001772334 ns, Reaching safepoint: 225417 ns, At safepoint: 5291 ns, Total: 230708 ns
[2022-04-29T07:38:52.201+0000][161][safepoint   ] Safepoint "Cleanup", Time since last: 1004333751 ns, Reaching safepoint: 220916 ns, At safepoint: 5250 ns, Total: 226166 ns
[2022-04-29T07:38:54.205+0000][161][safepoint   ] Safepoint "Cleanup", Time since last: 2004548585 ns, Reaching safepoint: 139375 ns, At safepoint: 5291 ns, Total: 144666 ns
[2022-04-29T07:38:55.209+0000][161][safepoint   ] Safepoint "Cleanup", Time since last: 1003501959 ns, Reaching safepoint: 309375 ns, At safepoint: 11125 ns, Total: 320500 ns
[2022-04-29T07:38:56.218+0000][161][safepoint   ] Safepoint "Cleanup", Time since last: 1008613376 ns, Reaching safepoint: 230291 ns, At safepoint: 8292 ns, Total: 238583 ns
[2022-04-29T07:38:57.227+0000][161][safepoint   ] Safepoint "Cleanup", Time since last: 1009321334 ns, Reaching safepoint: 206875 ns, At safepoint: 4375 ns, Total: 211250 ns
[2022-04-29T07:38:58.232+0000][161][safepoint   ] Safepoint "Cleanup", Time since last: 1001935792 ns, Reaching safepoint: 2647708 ns, At safepoint: 14750 ns, Total: 2662458 ns
[2022-04-29T07:39:00.241+0000][161][safepoint   ] Safepoint "Cleanup", Time since last: 2008605251 ns, Reaching safepoint: 527125 ns, At safepoint: 12959 ns, Total: 540084 ns
[2022-04-29T07:39:01.253+0000][161][safepoint   ] Safepoint "Cleanup", Time since last: 1010833625 ns, Reaching safepoint: 583708 ns, At safepoint: 18500 ns, Total: 602208 ns
[2022-04-29T07:39:02.263+0000][161][safepoint   ] Safepoint "Cleanup", Time since last: 1010111417 ns, Reaching safepoint: 729042 ns, At safepoint: 13417 ns, Total: 742459 ns
[2022-04-29T07:39:03.270+0000][161][safepoint   ] Safepoint "Cleanup", Time since last: 1006161625 ns, Reaching safepoint: 263875 ns, At safepoint: 8667 ns, Total: 272542 ns
[2022-04-29T07:39:05.272+0000][161][safepoint   ] Safepoint "Cleanup", Time since last: 2002105126 ns, Reaching safepoint: 235625 ns, At safepoint: 36833 ns, Total: 272458 ns
[2022-04-29T07:39:06.276+0000][161][safepoint   ] Safepoint "Cleanup", Time since last: 1003138917 ns, Reaching safepoint: 171584 ns, At safepoint: 48916 ns, Total: 220500 ns
[2022-04-29T07:39:07.286+0000][161][safepoint   ] Safepoint "Cleanup", Time since last: 1009861293 ns, Reaching safepoint: 253541 ns, At safepoint: 11292 ns, Total: 264833 ns
[2022-04-29T07:39:09.316+0000][161][safepoint   ] Safepoint "Cleanup", Time since last: 2030200834 ns, Reaching safepoint: 69959 ns, At safepoint: 8916 ns, Total: 78875 ns
[2022-04-29T07:39:10.318+0000][161][safepoint   ] Safepoint "Cleanup", Time since last: 1002251792 ns, Reaching safepoint: 153500 ns, At safepoint: 5292 ns, Total: 158792 ns
[2022-04-29T07:39:12.338+0000][161][safepoint   ] Safepoint "Cleanup", Time since last: 2019100959 ns, Reaching safepoint: 603375 ns, At safepoint: 9500 ns, Total: 612875 ns
[2022-04-29T07:39:15.362+0000][161][safepoint   ] Safepoint "Cleanup", Time since last: 3021813127 ns, Reaching safepoint: 2413708 ns, At safepoint: 10625 ns, Total: 2424333 ns
[2022-04-29T07:39:17.379+0000][161][safepoint   ] Safepoint "Cleanup", Time since last: 2014815500 ns, Reaching safepoint: 242417 ns, At safepoint: 7500 ns, Total: 249917 ns
[2022-04-29T07:39:18.399+0000][161][safepoint   ] Safepoint "Cleanup", Time since last: 1020043001 ns, Reaching safepoint: 131541 ns, At safepoint: 4917 ns, Total: 136458 ns
[2022-04-29T07:39:19.404+0000][161][safepoint   ] Safepoint "Cleanup", Time since last: 1005209792 ns, Reaching safepoint: 205250 ns, At safepoint: 5208 ns, Total: 210458 ns
[2022-04-29T07:39:21.413+0000][161][safepoint   ] Safepoint "Cleanup", Time since last: 2008860501 ns, Reaching safepoint: 125209 ns, At safepoint: 4750 ns, Total: 129959 ns
[2022-04-29T07:39:22.426+0000][161][safepoint   ] Safepoint "Cleanup", Time since last: 1012320125 ns, Reaching safepoint: 645792 ns, At safepoint: 12833 ns, Total: 658625 ns
[2022-04-29T07:39:24.437+0000][161][safepoint   ] Safepoint "Cleanup", Time since last: 2010042793 ns, Reaching safepoint: 255583 ns, At safepoint: 5542 ns, Total: 261125 ns
[2022-04-29T07:39:26.444+0000][161][safepoint   ] Safepoint "Cleanup", Time since last: 2007390292 ns, Reaching safepoint: 176500 ns, At safepoint: 6292 ns, Total: 182792 ns
[2022-04-29T07:39:27.447+0000][161][safepoint   ] Safepoint "Cleanup", Time since last: 1002489417 ns, Reaching safepoint: 148334 ns, At safepoint: 9291 ns, Total: 157625 ns
[2022-04-29T07:39:28.449+0000][161][safepoint   ] Safepoint "Cleanup", Time since last: 1001561417 ns, Reaching safepoint: 341209 ns, At safepoint: 7458 ns, Total: 348667 ns
[2022-04-29T07:39:29.452+0000][161][safepoint   ] Safepoint "Cleanup", Time since last: 1003292084 ns, Reaching safepoint: 153791 ns, At safepoint: 5500 ns, Total: 159291 ns
[2022-04-29T07:39:30.455+0000][161][safepoint   ] Safepoint "Cleanup", Time since last: 1002728834 ns, Reaching safepoint: 161000 ns, At safepoint: 5375 ns, Total: 166375 ns
[2022-04-29T07:39:32.468+0000][161][safepoint   ] Safepoint "Cleanup", Time since last: 2012861168 ns, Reaching safepoint: 232750 ns, At safepoint: 8208 ns, Total: 240958 ns
[2022-04-29T07:39:33.488+0000][161][safepoint   ] Safepoint "Cleanup", Time since last: 1019266626 ns, Reaching safepoint: 346791 ns, At safepoint: 7042 ns, Total: 353833 ns
[2022-04-29T07:39:34.496+0000][161][safepoint   ] Safepoint "Cleanup", Time since last: 1008238209 ns, Reaching safepoint: 181708 ns, At safepoint: 5292 ns, Total: 187000 ns
[2022-04-29T07:39:35.506+0000][161][safepoint   ] Safepoint "Cleanup", Time since last: 1009828459 ns, Reaching safepoint: 122500 ns, At safepoint: 5333 ns, Total: 127833 ns
[2022-04-29T07:39:36.509+0000][161][safepoint   ] Safepoint "Cleanup", Time since last: 1002191584 ns, Reaching safepoint: 412125 ns, At safepoint: 13041 ns, Total: 425166 ns
[2022-04-29T07:39:37.530+0000][161][safepoint   ] Safepoint "Cleanup", Time since last: 1007336876 ns, Reaching safepoint: 13751750 ns, At safepoint: 31875 ns, Total: 13783625 ns
[2022-04-29T07:39:39.537+0000][161][safepoint   ] Safepoint "Cleanup", Time since last: 2006727084 ns, Reaching safepoint: 243292 ns, At safepoint: 9167 ns, Total: 252459 ns
[2022-04-29T07:39:42.546+0000][161][safepoint   ] Safepoint "Cleanup", Time since last: 3008014084 ns, Reaching safepoint: 722625 ns, At safepoint: 19125 ns, Total: 741750 ns
[2022-04-29T07:39:45.563+0000][161][safepoint   ] Safepoint "Cleanup", Time since last: 3016651918 ns, Reaching safepoint: 81917 ns, At safepoint: 3417 ns, Total: 85334 ns
[2022-04-29T07:39:47.573+0000][161][safepoint   ] Safepoint "Cleanup", Time since last: 2012051458 ns, Reaching safepoint: 401667 ns, At safepoint: 10083 ns, Total: 411750 ns
[2022-04-29T07:39:48.580+0000][161][safepoint   ] Safepoint "Cleanup", Time since last: 1005240334 ns, Reaching safepoint: 1490125 ns, At safepoint: 52625 ns, Total: 1542750 ns
[2022-04-29T07:39:49.609+0000][161][safepoint   ] Safepoint "Cleanup", Time since last: 1012830209 ns, Reaching safepoint: 15877041 ns, At safepoint: 11084 ns, Total: 15888125 ns
[2022-04-29T07:39:50.612+0000][161][safepoint   ] Safepoint "Cleanup", Time since last: 1002132167 ns, Reaching safepoint: 547875 ns, At safepoint: 45792 ns, Total: 593667 ns
[2022-04-29T07:39:51.614+0000][161][safepoint   ] Safepoint "Cleanup", Time since last: 1002566292 ns, Reaching safepoint: 107291 ns, At safepoint: 7500 ns, Total: 114791 ns
[2022-04-29T07:39:52.618+0000][161][safepoint   ] Safepoint "Cleanup", Time since last: 1003352209 ns, Reaching safepoint: 287834 ns, At safepoint: 7791 ns, Total: 295625 ns
[2022-04-29T07:39:53.625+0000][161][safepoint   ] Safepoint "Cleanup", Time since last: 1007218709 ns, Reaching safepoint: 77500 ns, At safepoint: 1917 ns, Total: 79417 ns
[2022-04-29T07:39:54.628+0000][161][safepoint   ] Safepoint "Cleanup", Time since last: 1001926708 ns, Reaching safepoint: 246500 ns, At safepoint: 6875 ns, Total: 253375 ns
[2022-04-29T07:39:56.634+0000][161][safepoint   ] Safepoint "Cleanup", Time since last: 2006120210 ns, Reaching safepoint: 326875 ns, At safepoint: 5541 ns, Total: 332416 ns
[2022-04-29T07:39:57.635+0000][161][safepoint   ] Safepoint "Cleanup", Time since last: 1000987168 ns, Reaching safepoint: 94375 ns, At safepoint: 3458 ns, Total: 97833 ns
[2022-04-29T07:39:58.637+0000][161][safepoint   ] Safepoint "Cleanup", Time since last: 1001289667 ns, Reaching safepoint: 155583 ns, At safepoint: 5959 ns, Total: 161542 ns
[2022-04-29T07:39:59.639+0000][161][safepoint   ] Safepoint "Cleanup", Time since last: 1001982750 ns, Reaching safepoint: 100375 ns, At safepoint: 2875 ns, Total: 103250 ns
[2022-04-29T07:40:02.648+0000][161][safepoint   ] Safepoint "Cleanup", Time since last: 3008972252 ns, Reaching safepoint: 109250 ns, At safepoint: 3041 ns, Total: 112291 ns
[2022-04-29T07:40:04.651+0000][161][safepoint   ] Safepoint "Cleanup", Time since last: 2002797543 ns, Reaching safepoint: 246208 ns, At safepoint: 9709 ns, Total: 255917 ns
[2022-04-29T07:40:05.615+0000][161][gc,start    ] GC(24) Pause Young (Normal) (G1 Evacuation Pause)
[2022-04-29T07:40:05.618+0000][161][gc,task     ] GC(24) Using 5 workers of 5 for evacuation
[2022-04-29T07:40:05.621+0000][161][gc,age      ] GC(24) Desired survivor size 20971520 bytes, new threshold 15 (max threshold 15)
[2022-04-29T07:40:05.639+0000][161][gc,age      ] GC(24) Age table with threshold 15 (max threshold 15)
[2022-04-29T07:40:05.642+0000][161][gc,age      ] GC(24) - age   1:    1054768 bytes,    1054768 total
[2022-04-29T07:40:05.644+0000][161][gc,age      ] GC(24) - age   2:    2257208 bytes,    3311976 total
[2022-04-29T07:40:05.645+0000][161][gc,age      ] GC(24) - age   3:     169152 bytes,    3481128 total
[2022-04-29T07:40:05.647+0000][161][gc,age      ] GC(24) - age   4:      40928 bytes,    3522056 total
[2022-04-29T07:40:05.649+0000][161][gc,age      ] GC(24) - age   5:     159376 bytes,    3681432 total
[2022-04-29T07:40:05.650+0000][161][gc,age      ] GC(24) - age   6:    6445912 bytes,   10127344 total
[2022-04-29T07:40:05.651+0000][161][gc,age      ] GC(24) - age   7:    3435896 bytes,   13563240 total
[2022-04-29T07:40:05.652+0000][161][gc,age      ] GC(24) - age   8:    5595776 bytes,   19159016 total
[2022-04-29T07:40:05.654+0000][161][gc,age      ] GC(24) - age   9:     163136 bytes,   19322152 total
[2022-04-29T07:40:05.657+0000][161][gc,phases   ] GC(24)   Pre Evacuate Collection Set: 0.3ms
[2022-04-29T07:40:05.658+0000][161][gc,phases   ] GC(24)   Merge Heap Roots: 0.2ms
[2022-04-29T07:40:05.659+0000][161][gc,phases   ] GC(24)   Evacuate Collection Set: 14.7ms
[2022-04-29T07:40:05.660+0000][161][gc,phases   ] GC(24)   Post Evacuate Collection Set: 1.8ms
[2022-04-29T07:40:05.660+0000][161][gc,phases   ] GC(24)   Other: 25.2ms
[2022-04-29T07:40:05.661+0000][161][gc,heap     ] GC(24) Eden regions: 71->0(71)
[2022-04-29T07:40:05.662+0000][161][gc,heap     ] GC(24) Survivor regions: 5->5(10)
[2022-04-29T07:40:05.663+0000][161][gc,heap     ] GC(24) Old regions: 16->16
[2022-04-29T07:40:05.663+0000][161][gc,heap     ] GC(24) Archive regions: 2->2
[2022-04-29T07:40:05.664+0000][161][gc,heap     ] GC(24) Humongous regions: 6->6
[2022-04-29T07:40:05.665+0000][161][gc,metaspace] GC(24) Metaspace: 113718K(115456K)->113718K(115456K) NonClass: 98364K(99392K)->98364K(99392K) Class: 15353K(16064K)->15353K(16064K)
[2022-04-29T07:40:05.666+0000][161][gc          ] GC(24) Pause Young (Normal) (G1 Evacuation Pause) 394M->110M(512M) 51.005ms
[2022-04-29T07:40:05.667+0000][161][gc,cpu      ] GC(24) User=0.06s Sys=0.00s Real=0.05s
[2022-04-29T07:40:05.668+0000][161][safepoint   ] Safepoint "G1CollectForAllocation", Time since last: 963610833 ns, Reaching safepoint: 369584 ns, At safepoint: 53479458 ns, Total: 53849042 ns
[2022-04-29T07:40:06.673+0000][161][safepoint   ] Safepoint "Cleanup", Time since last: 1004272251 ns, Reaching safepoint: 215208 ns, At safepoint: 8958 ns, Total: 224166 ns
[2022-04-29T07:40:07.700+0000][161][safepoint   ] Safepoint "Cleanup", Time since last: 1026293334 ns, Reaching safepoint: 726750 ns, At safepoint: 13667 ns, Total: 740417 ns
[2022-04-29T07:40:08.708+0000][161][safepoint   ] Safepoint "Cleanup", Time since last: 1008195209 ns, Reaching safepoint: 323375 ns, At safepoint: 4750 ns, Total: 328125 ns
[2022-04-29T07:40:09.709+0000][161][safepoint   ] Safepoint "Cleanup", Time since last: 1000917083 ns, Reaching safepoint: 105792 ns, At safepoint: 4792 ns, Total: 110584 ns
[2022-04-29T07:40:11.728+0000][161][safepoint   ] Safepoint "Cleanup", Time since last: 2018066417 ns, Reaching safepoint: 379500 ns, At safepoint: 7042 ns, Total: 386542 ns
[2022-04-29T07:40:12.741+0000][161][safepoint   ] Safepoint "Cleanup", Time since last: 1013620375 ns, Reaching safepoint: 154417 ns, At safepoint: 5250 ns, Total: 159667 ns
[2022-04-29T07:40:14.745+0000][161][safepoint   ] Safepoint "Cleanup", Time since last: 2003662043 ns, Reaching safepoint: 213333 ns, At safepoint: 13500 ns, Total: 226833 ns
[2022-04-29T07:40:15.747+0000][161][safepoint   ] Safepoint "Cleanup", Time since last: 1001154042 ns, Reaching safepoint: 63792 ns, At safepoint: 2166 ns, Total: 65958 ns
[2022-04-29T07:40:17.750+0000][161][safepoint   ] Safepoint "Cleanup", Time since last: 2001819543 ns, Reaching safepoint: 981458 ns, At safepoint: 12584 ns, Total: 994042 ns
[2022-04-29T07:40:19.763+0000][161][safepoint   ] Safepoint "Cleanup", Time since last: 2011789042 ns, Reaching safepoint: 827417 ns, At safepoint: 12000 ns, Total: 839417 ns
[2022-04-29T07:40:20.768+0000][161][safepoint   ] Safepoint "Cleanup", Time since last: 1004968959 ns, Reaching safepoint: 535958 ns, At safepoint: 8542 ns, Total: 544500 ns
[2022-04-29T07:40:22.774+0000][161][safepoint   ] Safepoint "Cleanup", Time since last: 2005447792 ns, Reaching safepoint: 211167 ns, At safepoint: 6042 ns, Total: 217209 ns
[2022-04-29T07:40:23.779+0000][161][safepoint   ] Safepoint "Cleanup", Time since last: 1005122625 ns, Reaching safepoint: 206042 ns, At safepoint: 8750 ns, Total: 214792 ns
[2022-04-29T07:40:24.795+0000][161][safepoint   ] Safepoint "Cleanup", Time since last: 1015858500 ns, Reaching safepoint: 261042 ns, At safepoint: 7125 ns, Total: 268167 ns
[2022-04-29T07:40:26.799+0000][161][safepoint   ] Safepoint "Cleanup", Time since last: 2003880251 ns, Reaching safepoint: 125542 ns, At safepoint: 3208 ns, Total: 128750 ns
[2022-04-29T07:40:27.808+0000][161][safepoint   ] Safepoint "Cleanup", Time since last: 1007482709 ns, Reaching safepoint: 1206166 ns, At safepoint: 15459 ns, Total: 1221625 ns
[2022-04-29T07:40:29.821+0000][161][safepoint   ] Safepoint "Cleanup", Time since last: 2013339251 ns, Reaching safepoint: 183166 ns, At safepoint: 8042 ns, Total: 191208 ns
[2022-04-29T07:40:30.824+0000][161][safepoint   ] Safepoint "Cleanup", Time since last: 1001882625 ns, Reaching safepoint: 178292 ns, At safepoint: 5042 ns, Total: 183334 ns
[2022-04-29T07:40:32.828+0000][161][safepoint   ] Safepoint "Cleanup", Time since last: 2004563709 ns, Reaching safepoint: 135833 ns, At safepoint: 4125 ns, Total: 139958 ns
[2022-04-29T07:40:33.830+0000][161][safepoint   ] Safepoint "Cleanup", Time since last: 1001375459 ns, Reaching safepoint: 441250 ns, At safepoint: 13125 ns, Total: 454375 ns
[2022-04-29T07:40:34.834+0000][161][safepoint   ] Safepoint "Cleanup", Time since last: 1004060834 ns, Reaching safepoint: 161125 ns, At safepoint: 5625 ns, Total: 166750 ns
[2022-04-29T07:40:35.843+0000][161][safepoint   ] Safepoint "Cleanup", Time since last: 1008705834 ns, Reaching safepoint: 186958 ns, At safepoint: 14750 ns, Total: 201708 ns
[2022-04-29T07:40:36.846+0000][161][safepoint   ] Safepoint "Cleanup", Time since last: 1002403209 ns, Reaching safepoint: 623083 ns, At safepoint: 38875 ns, Total: 661958 ns
[2022-04-29T07:40:38.864+0000][161][safepoint   ] Safepoint "Cleanup", Time since last: 2016843418 ns, Reaching safepoint: 462042 ns, At safepoint: 19125 ns, Total: 481167 ns
[2022-04-29T07:40:39.867+0000][161][safepoint   ] Safepoint "Cleanup", Time since last: 1002716417 ns, Reaching safepoint: 361875 ns, At safepoint: 10041 ns, Total: 371916 ns
[2022-04-29T07:40:41.878+0000][161][safepoint   ] Safepoint "Cleanup", Time since last: 2011071793 ns, Reaching safepoint: 142000 ns, At safepoint: 5292 ns, Total: 147292 ns
[2022-04-29T07:40:44.883+0000][161][safepoint   ] Safepoint "Cleanup", Time since last: 3004547293 ns, Reaching safepoint: 268333 ns, At safepoint: 57792 ns, Total: 326125 ns
[2022-04-29T07:40:45.884+0000][161][safepoint   ] Safepoint "Cleanup", Time since last: 1001590416 ns, Reaching safepoint: 259375 ns, At safepoint: 4500 ns, Total: 263875 ns
[2022-04-29T07:40:46.887+0000][161][safepoint   ] Safepoint "Cleanup", Time since last: 1002333000 ns, Reaching safepoint: 380875 ns, At safepoint: 11250 ns, Total: 392125 ns
[2022-04-29T07:40:47.897+0000][161][safepoint   ] Safepoint "Cleanup", Time since last: 1009158168 ns, Reaching safepoint: 500291 ns, At safepoint: 7959 ns, Total: 508250 ns
[2022-04-29T07:40:49.905+0000][161][safepoint   ] Safepoint "Cleanup", Time since last: 2007607917 ns, Reaching safepoint: 503750 ns, At safepoint: 10792 ns, Total: 514542 ns
[2022-04-29T07:40:50.912+0000][161][safepoint   ] Safepoint "Cleanup", Time since last: 1007458584 ns, Reaching safepoint: 115916 ns, At safepoint: 3125 ns, Total: 119041 ns
[2022-04-29T07:40:51.914+0000][161][safepoint   ] Safepoint "Cleanup", Time since last: 1001494876 ns, Reaching safepoint: 553625 ns, At safepoint: 4625 ns, Total: 558250 ns
[2022-04-29T07:40:52.919+0000][161][safepoint   ] Safepoint "Cleanup", Time since last: 1004231250 ns, Reaching safepoint: 436667 ns, At safepoint: 8250 ns, Total: 444917 ns
[2022-04-29T07:40:53.922+0000][161][safepoint   ] Safepoint "Cleanup", Time since last: 1002682292 ns, Reaching safepoint: 366667 ns, At safepoint: 10166 ns, Total: 376833 ns
[2022-04-29T07:40:54.927+0000][161][safepoint   ] Safepoint "Cleanup", Time since last: 1004348084 ns, Reaching safepoint: 174292 ns, At safepoint: 6667 ns, Total: 180959 ns
[2022-04-29T07:40:56.935+0000][161][safepoint   ] Safepoint "Cleanup", Time since last: 2008788001 ns, Reaching safepoint: 95125 ns, At safepoint: 3500 ns, Total: 98625 ns
[2022-04-29T07:40:57.937+0000][161][safepoint   ] Safepoint "Cleanup", Time since last: 1001365375 ns, Reaching safepoint: 489833 ns, At safepoint: 8750 ns, Total: 498583 ns
[2022-04-29T07:40:59.954+0000][161][safepoint   ] Safepoint "Cleanup", Time since last: 2016373043 ns, Reaching safepoint: 178375 ns, At safepoint: 5292 ns, Total: 183667 ns
[2022-04-29T07:41:01.967+0000][161][safepoint   ] Safepoint "Cleanup", Time since last: 2013084167 ns, Reaching safepoint: 223334 ns, At safepoint: 27291 ns, Total: 250625 ns
[2022-04-29T07:41:02.969+0000][161][safepoint   ] Safepoint "Cleanup", Time since last: 1001582334 ns, Reaching safepoint: 195583 ns, At safepoint: 3459 ns, Total: 199042 ns
[2022-04-29T07:41:03.971+0000][161][safepoint   ] Safepoint "Cleanup", Time since last: 1002188417 ns, Reaching safepoint: 203000 ns, At safepoint: 5417 ns, Total: 208417 ns
[2022-04-29T07:41:04.975+0000][161][safepoint   ] Safepoint "Cleanup", Time since last: 1003068583 ns, Reaching safepoint: 549792 ns, At safepoint: 28792 ns, Total: 578584 ns
[2022-04-29T07:41:05.983+0000][161][safepoint   ] Safepoint "Cleanup", Time since last: 1007995542 ns, Reaching safepoint: 313500 ns, At safepoint: 7708 ns, Total: 321208 ns
[2022-04-29T07:41:06.988+0000][161][safepoint   ] Safepoint "Cleanup", Time since last: 1004575376 ns, Reaching safepoint: 183291 ns, At safepoint: 6084 ns, Total: 189375 ns
[2022-04-29T07:41:09.000+0000][161][safepoint   ] Safepoint "Cleanup", Time since last: 2012215834 ns, Reaching safepoint: 125667 ns, At safepoint: 4208 ns, Total: 129875 ns
[2022-04-29T07:41:10.001+0000][161][safepoint   ] Safepoint "Cleanup", Time since last: 1000720375 ns, Reaching safepoint: 194042 ns, At safepoint: 4125 ns, Total: 198167 ns
[2022-04-29T07:41:12.007+0000][161][safepoint   ] Safepoint "Cleanup", Time since last: 2004959418 ns, Reaching safepoint: 236958 ns, At safepoint: 9000 ns, Total: 245958 ns
[2022-04-29T07:41:15.017+0000][161][safepoint   ] Safepoint "Cleanup", Time since last: 3010457793 ns, Reaching safepoint: 129584 ns, At safepoint: 9541 ns, Total: 139125 ns
[2022-04-29T07:41:16.024+0000][161][safepoint   ] Safepoint "Cleanup", Time since last: 1006289250 ns, Reaching safepoint: 319584 ns, At safepoint: 7208 ns, Total: 326792 ns
[2022-04-29T07:41:17.032+0000][161][safepoint   ] Safepoint "Cleanup", Time since last: 1007757626 ns, Reaching safepoint: 159083 ns, At safepoint: 4583 ns, Total: 163666 ns
[2022-04-29T07:41:18.050+0000][161][safepoint   ] Safepoint "Cleanup", Time since last: 1008460959 ns, Reaching safepoint: 10191417 ns, At safepoint: 37625 ns, Total: 10229042 ns
[2022-04-29T07:41:20.057+0000][161][safepoint   ] Safepoint "Cleanup", Time since last: 2003756917 ns, Reaching safepoint: 2929500 ns, At safepoint: 43667 ns, Total: 2973167 ns
[2022-04-29T07:41:21.080+0000][161][safepoint   ] Safepoint "Cleanup", Time since last: 1022912250 ns, Reaching safepoint: 125750 ns, At safepoint: 6250 ns, Total: 132000 ns
[2022-04-29T07:41:22.085+0000][161][safepoint   ] Safepoint "Cleanup", Time since last: 1004435251 ns, Reaching safepoint: 125792 ns, At safepoint: 5250 ns, Total: 131042 ns
[2022-04-29T07:41:24.096+0000][161][safepoint   ] Safepoint "Cleanup", Time since last: 2011111292 ns, Reaching safepoint: 274584 ns, At safepoint: 145583 ns, Total: 420167 ns
[2022-04-29T07:41:25.105+0000][161][safepoint   ] Safepoint "Cleanup", Time since last: 1008026417 ns, Reaching safepoint: 316000 ns, At safepoint: 12167 ns, Total: 328167 ns
[2022-04-29T07:41:27.112+0000][161][safepoint   ] Safepoint "Cleanup", Time since last: 2007010501 ns, Reaching safepoint: 175791 ns, At safepoint: 3875 ns, Total: 179666 ns
[2022-04-29T07:41:27.939+0000][161][gc,start    ] GC(25) Pause Young (Normal) (G1 Evacuation Pause)
[2022-04-29T07:41:27.940+0000][161][gc,task     ] GC(25) Using 5 workers of 5 for evacuation
[2022-04-29T07:41:27.941+0000][161][gc,age      ] GC(25) Desired survivor size 20971520 bytes, new threshold 15 (max threshold 15)
[2022-04-29T07:41:27.954+0000][161][gc,age      ] GC(25) Age table with threshold 15 (max threshold 15)
[2022-04-29T07:41:27.955+0000][161][gc,age      ] GC(25) - age   1:    1800840 bytes,    1800840 total
[2022-04-29T07:41:27.957+0000][161][gc,age      ] GC(25) - age   2:      39320 bytes,    1840160 total
[2022-04-29T07:41:27.958+0000][161][gc,age      ] GC(25) - age   3:    2255640 bytes,    4095800 total
[2022-04-29T07:41:27.959+0000][161][gc,age      ] GC(25) - age   4:     168832 bytes,    4264632 total
[2022-04-29T07:41:27.960+0000][161][gc,age      ] GC(25) - age   5:      40864 bytes,    4305496 total
[2022-04-29T07:41:27.961+0000][161][gc,age      ] GC(25) - age   6:     159312 bytes,    4464808 total
[2022-04-29T07:41:27.962+0000][161][gc,age      ] GC(25) - age   7:    6296312 bytes,   10761120 total
[2022-04-29T07:41:27.963+0000][161][gc,age      ] GC(25) - age   8:    3298968 bytes,   14060088 total
[2022-04-29T07:41:27.964+0000][161][gc,age      ] GC(25) - age   9:    5384120 bytes,   19444208 total
[2022-04-29T07:41:27.965+0000][161][gc,age      ] GC(25) - age  10:     151712 bytes,   19595920 total
[2022-04-29T07:41:27.966+0000][161][gc,phases   ] GC(25)   Pre Evacuate Collection Set: 0.2ms
[2022-04-29T07:41:27.967+0000][161][gc,phases   ] GC(25)   Merge Heap Roots: 0.2ms
[2022-04-29T07:41:27.968+0000][161][gc,phases   ] GC(25)   Evacuate Collection Set: 10.2ms
[2022-04-29T07:41:27.969+0000][161][gc,phases   ] GC(25)   Post Evacuate Collection Set: 1.9ms
[2022-04-29T07:41:27.970+0000][161][gc,phases   ] GC(25)   Other: 14.4ms
[2022-04-29T07:41:27.970+0000][161][gc,heap     ] GC(25) Eden regions: 71->0(71)
[2022-04-29T07:41:27.971+0000][161][gc,heap     ] GC(25) Survivor regions: 5->5(10)
[2022-04-29T07:41:27.974+0000][161][gc,heap     ] GC(25) Old regions: 16->16
[2022-04-29T07:41:27.975+0000][161][gc,heap     ] GC(25) Archive regions: 2->2
[2022-04-29T07:41:27.975+0000][161][gc,heap     ] GC(25) Humongous regions: 6->6
[2022-04-29T07:41:27.977+0000][161][gc,metaspace] GC(25) Metaspace: 114003K(115776K)->114003K(115776K) NonClass: 98649K(99712K)->98649K(99712K) Class: 15353K(16064K)->15353K(16064K)
[2022-04-29T07:41:27.978+0000][161][gc          ] GC(25) Pause Young (Normal) (G1 Evacuation Pause) 394M->110M(512M) 38.724ms
[2022-04-29T07:41:27.979+0000][161][gc,cpu      ] GC(25) User=0.04s Sys=0.00s Real=0.04s
[2022-04-29T07:41:27.979+0000][161][safepoint   ] Safepoint "G1CollectForAllocation", Time since last: 826985001 ns, Reaching safepoint: 254458 ns, At safepoint: 40541417 ns, Total: 40795875 ns
[2022-04-29T07:41:28.984+0000][161][safepoint   ] Safepoint "Cleanup", Time since last: 1003670250 ns, Reaching safepoint: 872042 ns, At safepoint: 11250 ns, Total: 883292 ns
[2022-04-29T07:41:30.001+0000][161][safepoint   ] Safepoint "Cleanup", Time since last: 1016596834 ns, Reaching safepoint: 65500 ns, At safepoint: 2750 ns, Total: 68250 ns
[2022-04-29T07:41:32.008+0000][161][safepoint   ] Safepoint "Cleanup", Time since last: 2007215334 ns, Reaching safepoint: 297667 ns, At safepoint: 8500 ns, Total: 306167 ns
[2022-04-29T07:41:33.021+0000][161][safepoint   ] Safepoint "Cleanup", Time since last: 1012977875 ns, Reaching safepoint: 95958 ns, At safepoint: 3084 ns, Total: 99042 ns
[2022-04-29T07:41:34.028+0000][161][safepoint   ] Safepoint "Cleanup", Time since last: 1006273375 ns, Reaching safepoint: 256375 ns, At safepoint: 9084 ns, Total: 265459 ns
[2022-04-29T07:41:35.038+0000][161][safepoint   ] Safepoint "Cleanup", Time since last: 1009510708 ns, Reaching safepoint: 509500 ns, At safepoint: 10167 ns, Total: 519667 ns
[2022-04-29T07:41:36.044+0000][161][safepoint   ] Safepoint "Cleanup", Time since last: 1005333959 ns, Reaching safepoint: 371417 ns, At safepoint: 6791 ns, Total: 378208 ns
[2022-04-29T07:41:37.053+0000][161][safepoint   ] Safepoint "Cleanup", Time since last: 1008889459 ns, Reaching safepoint: 318042 ns, At safepoint: 19375 ns, Total: 337417 ns
[2022-04-29T07:41:39.060+0000][161][safepoint   ] Safepoint "Cleanup", Time since last: 2007521709 ns, Reaching safepoint: 83417 ns, At safepoint: 3958 ns, Total: 87375 ns
[2022-04-29T07:41:40.067+0000][161][safepoint   ] Safepoint "Cleanup", Time since last: 1005948251 ns, Reaching safepoint: 252416 ns, At safepoint: 5542 ns, Total: 257958 ns
[2022-04-29T07:41:42.070+0000][161][safepoint   ] Safepoint "Cleanup", Time since last: 2002866084 ns, Reaching safepoint: 320917 ns, At safepoint: 10208 ns, Total: 331125 ns
[2022-04-29T07:41:45.078+0000][161][safepoint   ] Safepoint "Cleanup", Time since last: 3008591210 ns, Reaching safepoint: 93125 ns, At safepoint: 3917 ns, Total: 97042 ns
[2022-04-29T07:41:47.086+0000][161][safepoint   ] Safepoint "Cleanup", Time since last: 2006783458 ns, Reaching safepoint: 291208 ns, At safepoint: 10375 ns, Total: 301583 ns
[2022-04-29T07:41:48.091+0000][161][safepoint   ] Safepoint "Cleanup", Time since last: 1005035751 ns, Reaching safepoint: 61958 ns, At safepoint: 2708 ns, Total: 64666 ns
[2022-04-29T07:41:50.098+0000][161][safepoint   ] Safepoint "Cleanup", Time since last: 2006551043 ns, Reaching safepoint: 150792 ns, At safepoint: 4958 ns, Total: 155750 ns
[2022-04-29T07:41:51.102+0000][161][safepoint   ] Safepoint "Cleanup", Time since last: 1004535584 ns, Reaching safepoint: 314166 ns, At safepoint: 4959 ns, Total: 319125 ns
[2022-04-29T07:41:52.107+0000][161][safepoint   ] Safepoint "Cleanup", Time since last: 1004384209 ns, Reaching safepoint: 197458 ns, At safepoint: 8250 ns, Total: 205708 ns
[2022-04-29T07:41:54.121+0000][161][safepoint   ] Safepoint "Cleanup", Time since last: 2011054668 ns, Reaching safepoint: 2590666 ns, At safepoint: 18542 ns, Total: 2609208 ns
[2022-04-29T07:41:55.131+0000][161][safepoint   ] Safepoint "Cleanup", Time since last: 1010443917 ns, Reaching safepoint: 337875 ns, At safepoint: 8917 ns, Total: 346792 ns
[2022-04-29T07:41:57.158+0000][161][safepoint   ] Safepoint "Cleanup", Time since last: 2026301167 ns, Reaching safepoint: 174292 ns, At safepoint: 12375 ns, Total: 186667 ns
[2022-04-29T07:41:58.160+0000][161][safepoint   ] Safepoint "Cleanup", Time since last: 1002007084 ns, Reaching safepoint: 96250 ns, At safepoint: 2750 ns, Total: 99000 ns
[2022-04-29T07:42:00.172+0000][161][safepoint   ] Safepoint "Cleanup", Time since last: 2011022334 ns, Reaching safepoint: 426250 ns, At safepoint: 9625 ns, Total: 435875 ns
[2022-04-29T07:42:02.187+0000][161][safepoint   ] Safepoint "Cleanup", Time since last: 2014823459 ns, Reaching safepoint: 377500 ns, At safepoint: 9417 ns, Total: 386917 ns
[2022-04-29T07:42:03.192+0000][161][safepoint   ] Safepoint "Cleanup", Time since last: 1004806001 ns, Reaching safepoint: 149916 ns, At safepoint: 4084 ns, Total: 154000 ns
[2022-04-29T07:42:05.196+0000][161][safepoint   ] Safepoint "Cleanup", Time since last: 2004132292 ns, Reaching safepoint: 74792 ns, At safepoint: 2500 ns, Total: 77292 ns
[2022-04-29T07:42:06.202+0000][161][safepoint   ] Safepoint "Cleanup", Time since last: 1004661709 ns, Reaching safepoint: 966750 ns, At safepoint: 31625 ns, Total: 998375 ns
[2022-04-29T07:42:07.219+0000][161][safepoint   ] Safepoint "Cleanup", Time since last: 1017284458 ns, Reaching safepoint: 121584 ns, At safepoint: 4583 ns, Total: 126167 ns
[2022-04-29T07:42:09.230+0000][161][safepoint   ] Safepoint "Cleanup", Time since last: 2010576293 ns, Reaching safepoint: 233333 ns, At safepoint: 5375 ns, Total: 238708 ns
[2022-04-29T07:42:10.234+0000][161][safepoint   ] Safepoint "Cleanup", Time since last: 1003890126 ns, Reaching safepoint: 317791 ns, At safepoint: 9292 ns, Total: 327083 ns
[2022-04-29T07:42:12.239+0000][161][safepoint   ] Safepoint "Cleanup", Time since last: 2004295293 ns, Reaching safepoint: 315416 ns, At safepoint: 5084 ns, Total: 320500 ns
[2022-04-29T07:42:15.247+0000][161][safepoint   ] Safepoint "Cleanup", Time since last: 3008074959 ns, Reaching safepoint: 199334 ns, At safepoint: 5458 ns, Total: 204792 ns
[2022-04-29T07:42:16.253+0000][161][safepoint   ] Safepoint "Cleanup", Time since last: 1006390125 ns, Reaching safepoint: 268708 ns, At safepoint: 5542 ns, Total: 274250 ns
[2022-04-29T07:42:17.257+0000][161][safepoint   ] Safepoint "Cleanup", Time since last: 1003740709 ns, Reaching safepoint: 390416 ns, At safepoint: 7000 ns, Total: 397416 ns
[2022-04-29T07:42:18.263+0000][161][safepoint   ] Safepoint "Cleanup", Time since last: 1005120751 ns, Reaching safepoint: 339291 ns, At safepoint: 9334 ns, Total: 348625 ns
[2022-04-29T07:42:20.268+0000][161][safepoint   ] Safepoint "Cleanup", Time since last: 2005105917 ns, Reaching safepoint: 186417 ns, At safepoint: 6583 ns, Total: 193000 ns
[2022-04-29T07:42:21.036+0000][161][safepoint   ] Safepoint "ICBufferFull", Time since last: 767664917 ns, Reaching safepoint: 371000 ns, At safepoint: 12167 ns, Total: 383167 ns
[2022-04-29T07:42:22.038+0000][161][safepoint   ] Safepoint "Cleanup", Time since last: 1001141667 ns, Reaching safepoint: 206334 ns, At safepoint: 5708 ns, Total: 212042 ns
[2022-04-29T07:42:24.045+0000][161][safepoint   ] Safepoint "Cleanup", Time since last: 2006492209 ns, Reaching safepoint: 469042 ns, At safepoint: 12583 ns, Total: 481625 ns
[2022-04-29T07:42:25.055+0000][161][safepoint   ] Safepoint "Cleanup", Time since last: 1009951251 ns, Reaching safepoint: 553291 ns, At safepoint: 10459 ns, Total: 563750 ns
[2022-04-29T07:42:27.069+0000][161][safepoint   ] Safepoint "Cleanup", Time since last: 2013383126 ns, Reaching safepoint: 139000 ns, At safepoint: 3875 ns, Total: 142875 ns
[2022-04-29T07:42:28.070+0000][161][safepoint   ] Safepoint "Cleanup", Time since last: 1001331625 ns, Reaching safepoint: 176292 ns, At safepoint: 6833 ns, Total: 183125 ns
[2022-04-29T07:42:30.080+0000][161][safepoint   ] Safepoint "Cleanup", Time since last: 2008913501 ns, Reaching safepoint: 622667 ns, At safepoint: 11916 ns, Total: 634583 ns
[2022-04-29T07:42:32.090+0000][161][safepoint   ] Safepoint "Cleanup", Time since last: 2009826626 ns, Reaching safepoint: 275667 ns, At safepoint: 5083 ns, Total: 280750 ns
[2022-04-29T07:42:33.093+0000][161][safepoint   ] Safepoint "Cleanup", Time since last: 1002805584 ns, Reaching safepoint: 144167 ns, At safepoint: 3292 ns, Total: 147459 ns
[2022-04-29T07:42:35.099+0000][161][safepoint   ] Safepoint "Cleanup", Time since last: 2005922917 ns, Reaching safepoint: 330375 ns, At safepoint: 31125 ns, Total: 361500 ns
[2022-04-29T07:42:36.106+0000][161][safepoint   ] Safepoint "Cleanup", Time since last: 1007263126 ns, Reaching safepoint: 169333 ns, At safepoint: 3875 ns, Total: 173208 ns
[2022-04-29T07:42:37.110+0000][161][safepoint   ] Safepoint "Cleanup", Time since last: 1003280750 ns, Reaching safepoint: 422500 ns, At safepoint: 6209 ns, Total: 428709 ns
[2022-04-29T07:42:39.117+0000][161][safepoint   ] Safepoint "Cleanup", Time since last: 2007078417 ns, Reaching safepoint: 79584 ns, At safepoint: 2291 ns, Total: 81875 ns
[2022-04-29T07:42:40.121+0000][161][safepoint   ] Safepoint "Cleanup", Time since last: 1003403668 ns, Reaching safepoint: 78125 ns, At safepoint: 2666 ns, Total: 80791 ns
[2022-04-29T07:42:42.125+0000][161][safepoint   ] Safepoint "Cleanup", Time since last: 2003361293 ns, Reaching safepoint: 304750 ns, At safepoint: 10791 ns, Total: 315541 ns
[2022-04-29T07:42:45.130+0000][161][safepoint   ] Safepoint "Cleanup", Time since last: 3004935919 ns, Reaching safepoint: 167291 ns, At safepoint: 64542 ns, Total: 231833 ns
[2022-04-29T07:42:45.162+0000][161][gc,start    ] GC(26) Pause Young (Normal) (G1 Evacuation Pause)
[2022-04-29T07:42:45.162+0000][161][gc,task     ] GC(26) Using 5 workers of 5 for evacuation
[2022-04-29T07:42:45.163+0000][161][gc,age      ] GC(26) Desired survivor size 20971520 bytes, new threshold 15 (max threshold 15)
[2022-04-29T07:42:45.172+0000][161][gc,age      ] GC(26) Age table with threshold 15 (max threshold 15)
[2022-04-29T07:42:45.173+0000][161][gc,age      ] GC(26) - age   1:     914256 bytes,     914256 total
[2022-04-29T07:42:45.174+0000][161][gc,age      ] GC(26) - age   2:      16376 bytes,     930632 total
[2022-04-29T07:42:45.175+0000][161][gc,age      ] GC(26) - age   3:      36664 bytes,     967296 total
[2022-04-29T07:42:45.176+0000][161][gc,age      ] GC(26) - age   4:    2255008 bytes,    3222304 total
[2022-04-29T07:42:45.176+0000][161][gc,age      ] GC(26) - age   5:     157416 bytes,    3379720 total
[2022-04-29T07:42:45.177+0000][161][gc,age      ] GC(26) - age   6:      40864 bytes,    3420584 total
[2022-04-29T07:42:45.178+0000][161][gc,age      ] GC(26) - age   7:     159224 bytes,    3579808 total
[2022-04-29T07:42:45.178+0000][161][gc,age      ] GC(26) - age   8:    6296272 bytes,    9876080 total
[2022-04-29T07:42:45.179+0000][161][gc,age      ] GC(26) - age   9:    3298968 bytes,   13175048 total
[2022-04-29T07:42:45.180+0000][161][gc,age      ] GC(26) - age  10:    5384120 bytes,   18559168 total
[2022-04-29T07:42:45.180+0000][161][gc,age      ] GC(26) - age  11:     151712 bytes,   18710880 total
[2022-04-29T07:42:45.181+0000][161][gc,phases   ] GC(26)   Pre Evacuate Collection Set: 0.0ms
[2022-04-29T07:42:45.182+0000][161][gc,phases   ] GC(26)   Merge Heap Roots: 0.1ms
[2022-04-29T07:42:45.182+0000][161][gc,phases   ] GC(26)   Evacuate Collection Set: 7.2ms
[2022-04-29T07:42:45.183+0000][161][gc,phases   ] GC(26)   Post Evacuate Collection Set: 1.6ms
[2022-04-29T07:42:45.184+0000][161][gc,phases   ] GC(26)   Other: 10.2ms
[2022-04-29T07:42:45.185+0000][161][gc,heap     ] GC(26) Eden regions: 71->0(71)
[2022-04-29T07:42:45.187+0000][161][gc,heap     ] GC(26) Survivor regions: 5->5(10)
[2022-04-29T07:42:45.187+0000][161][gc,heap     ] GC(26) Old regions: 16->16
[2022-04-29T07:42:45.188+0000][161][gc,heap     ] GC(26) Archive regions: 2->2
[2022-04-29T07:42:45.189+0000][161][gc,heap     ] GC(26) Humongous regions: 6->6
[2022-04-29T07:42:45.190+0000][161][gc,metaspace] GC(26) Metaspace: 114305K(116032K)->114305K(116032K) NonClass: 98951K(99968K)->98951K(99968K) Class: 15353K(16064K)->15353K(16064K)
[2022-04-29T07:42:45.191+0000][161][gc          ] GC(26) Pause Young (Normal) (G1 Evacuation Pause) 394M->110M(512M) 28.591ms
[2022-04-29T07:42:45.191+0000][161][gc,cpu      ] GC(26) User=0.03s Sys=0.01s Real=0.03s
[2022-04-29T07:42:45.192+0000][161][safepoint   ] Safepoint "G1CollectForAllocation", Time since last: 32083208 ns, Reaching safepoint: 97875 ns, At safepoint: 30017834 ns, Total: 30115709 ns
[2022-04-29T07:42:46.196+0000][161][safepoint   ] Safepoint "Cleanup", Time since last: 1004229249 ns, Reaching safepoint: 192000 ns, At safepoint: 5000 ns, Total: 197000 ns
[2022-04-29T07:42:47.198+0000][161][safepoint   ] Safepoint "Cleanup", Time since last: 1001286793 ns, Reaching safepoint: 248208 ns, At safepoint: 12458 ns, Total: 260666 ns
[2022-04-29T07:42:48.205+0000][161][safepoint   ] Safepoint "Cleanup", Time since last: 1006930376 ns, Reaching safepoint: 308708 ns, At safepoint: 25083 ns, Total: 333791 ns
[2022-04-29T07:42:50.208+0000][161][safepoint   ] Safepoint "Cleanup", Time since last: 2003068460 ns, Reaching safepoint: 156958 ns, At safepoint: 7125 ns, Total: 164083 ns
[2022-04-29T07:42:51.216+0000][161][safepoint   ] Safepoint "Cleanup", Time since last: 1007670334 ns, Reaching safepoint: 200667 ns, At safepoint: 4166 ns, Total: 204833 ns
[2022-04-29T07:42:52.219+0000][161][safepoint   ] Safepoint "Cleanup", Time since last: 1002812709 ns, Reaching safepoint: 404792 ns, At safepoint: 12125 ns, Total: 416917 ns
[2022-04-29T07:42:54.242+0000][161][safepoint   ] Safepoint "Cleanup", Time since last: 2021811417 ns, Reaching safepoint: 648042 ns, At safepoint: 13333 ns, Total: 661375 ns
[2022-04-29T07:42:55.260+0000][161][safepoint   ] Safepoint "Cleanup", Time since last: 1011959209 ns, Reaching safepoint: 2592208 ns, At safepoint: 3547584 ns, Total: 6139792 ns
[2022-04-29T07:42:56.276+0000][161][safepoint   ] Safepoint "Cleanup", Time since last: 1007835792 ns, Reaching safepoint: 8751750 ns, At safepoint: 30750 ns, Total: 8782500 ns
[2022-04-29T07:42:57.290+0000][161][safepoint   ] Safepoint "Cleanup", Time since last: 1013129334 ns, Reaching safepoint: 83083 ns, At safepoint: 2500 ns, Total: 85583 ns
[2022-04-29T07:42:58.296+0000][161][safepoint   ] Safepoint "Cleanup", Time since last: 1006346501 ns, Reaching safepoint: 189916 ns, At safepoint: 5584 ns, Total: 195500 ns
[2022-04-29T07:43:00.306+0000][161][safepoint   ] Safepoint "Cleanup", Time since last: 2010104459 ns, Reaching safepoint: 225792 ns, At safepoint: 35708 ns, Total: 261500 ns
[2022-04-29T07:43:02.320+0000][161][safepoint   ] Safepoint "Cleanup", Time since last: 2013645542 ns, Reaching safepoint: 159500 ns, At safepoint: 11959 ns, Total: 171459 ns
[2022-04-29T07:43:03.335+0000][161][safepoint   ] Safepoint "Cleanup", Time since last: 1015148125 ns, Reaching safepoint: 82292 ns, At safepoint: 2375 ns, Total: 84667 ns
[2022-04-29T07:43:04.337+0000][161][safepoint   ] Safepoint "Cleanup", Time since last: 1001489167 ns, Reaching safepoint: 248750 ns, At safepoint: 4625 ns, Total: 253375 ns
[2022-04-29T07:43:05.342+0000][161][safepoint   ] Safepoint "Cleanup", Time since last: 1003883709 ns, Reaching safepoint: 395083 ns, At safepoint: 15084 ns, Total: 410167 ns
[2022-04-29T07:43:06.347+0000][161][safepoint   ] Safepoint "Cleanup", Time since last: 1004944292 ns, Reaching safepoint: 804666 ns, At safepoint: 10709 ns, Total: 815375 ns
[2022-04-29T07:43:07.353+0000][161][safepoint   ] Safepoint "Cleanup", Time since last: 1004487834 ns, Reaching safepoint: 834000 ns, At safepoint: 15291 ns, Total: 849291 ns
[2022-04-29T07:43:09.368+0000][161][safepoint   ] Safepoint "Cleanup", Time since last: 2014773293 ns, Reaching safepoint: 727542 ns, At safepoint: 12583 ns, Total: 740125 ns
[2022-04-29T07:43:10.379+0000][161][safepoint   ] Safepoint "Cleanup", Time since last: 1010418500 ns, Reaching safepoint: 77084 ns, At safepoint: 2375 ns, Total: 79459 ns
[2022-04-29T07:43:12.389+0000][161][safepoint   ] Safepoint "Cleanup", Time since last: 2009629334 ns, Reaching safepoint: 1072708 ns, At safepoint: 15125 ns, Total: 1087833 ns
[2022-04-29T07:43:15.408+0000][161][safepoint   ] Safepoint "Cleanup", Time since last: 3018672335 ns, Reaching safepoint: 90792 ns, At safepoint: 3250 ns, Total: 94042 ns
[2022-04-29T07:43:16.412+0000][161][safepoint   ] Safepoint "Cleanup", Time since last: 1003602583 ns, Reaching safepoint: 150375 ns, At safepoint: 7042 ns, Total: 157417 ns
[2022-04-29T07:43:17.418+0000][161][safepoint   ] Safepoint "Cleanup", Time since last: 1005326833 ns, Reaching safepoint: 182750 ns, At safepoint: 5167 ns, Total: 187917 ns
[2022-04-29T07:43:18.436+0000][161][safepoint   ] Safepoint "Cleanup", Time since last: 1018061126 ns, Reaching safepoint: 59041 ns, At safepoint: 1792 ns, Total: 60833 ns
[2022-04-29T07:43:19.441+0000][161][safepoint   ] Safepoint "Cleanup", Time since last: 1004263167 ns, Reaching safepoint: 533875 ns, At safepoint: 9875 ns, Total: 543750 ns
[2022-04-29T07:43:20.448+0000][161][safepoint   ] Safepoint "Cleanup", Time since last: 1007411834 ns, Reaching safepoint: 241583 ns, At safepoint: 13667 ns, Total: 255250 ns
[2022-04-29T07:43:21.467+0000][161][safepoint   ] Safepoint "Cleanup", Time since last: 1019171000 ns, Reaching safepoint: 94750 ns, At safepoint: 2125 ns, Total: 96875 ns
[2022-04-29T07:43:22.469+0000][161][safepoint   ] Safepoint "Cleanup", Time since last: 1001164834 ns, Reaching safepoint: 297125 ns, At safepoint: 4667 ns, Total: 301792 ns
[2022-04-29T07:43:24.471+0000][161][safepoint   ] Safepoint "Cleanup", Time since last: 2002142459 ns, Reaching safepoint: 253708 ns, At safepoint: 5834 ns, Total: 259542 ns
[2022-04-29T07:43:26.476+0000][161][safepoint   ] Safepoint "Cleanup", Time since last: 2004626292 ns, Reaching safepoint: 470125 ns, At safepoint: 14459 ns, Total: 484584 ns
[2022-04-29T07:43:27.486+0000][161][safepoint   ] Safepoint "Cleanup", Time since last: 1009959625 ns, Reaching safepoint: 111834 ns, At safepoint: 3916 ns, Total: 115750 ns
[2022-04-29T07:43:29.496+0000][161][safepoint   ] Safepoint "Cleanup", Time since last: 2009543376 ns, Reaching safepoint: 166292 ns, At safepoint: 6000 ns, Total: 172292 ns
[2022-04-29T07:43:30.510+0000][161][safepoint   ] Safepoint "Cleanup", Time since last: 1013218459 ns, Reaching safepoint: 228541 ns, At safepoint: 8542 ns, Total: 237083 ns
[2022-04-29T07:43:32.524+0000][161][safepoint   ] Safepoint "Cleanup", Time since last: 2013610376 ns, Reaching safepoint: 532292 ns, At safepoint: 14291 ns, Total: 546583 ns
[2022-04-29T07:43:33.533+0000][161][safepoint   ] Safepoint "Cleanup", Time since last: 1008982626 ns, Reaching safepoint: 164458 ns, At safepoint: 8292 ns, Total: 172750 ns
[2022-04-29T07:43:34.537+0000][161][safepoint   ] Safepoint "Cleanup", Time since last: 1003516459 ns, Reaching safepoint: 101416 ns, At safepoint: 4459 ns, Total: 105875 ns
[2022-04-29T07:43:36.540+0000][161][safepoint   ] Safepoint "Cleanup", Time since last: 2002840667 ns, Reaching safepoint: 275042 ns, At safepoint: 10958 ns, Total: 286000 ns
[2022-04-29T07:43:37.559+0000][161][safepoint   ] Safepoint "Cleanup", Time since last: 1018813709 ns, Reaching safepoint: 129333 ns, At safepoint: 6500 ns, Total: 135833 ns
[2022-04-29T07:43:39.566+0000][161][safepoint   ] Safepoint "Cleanup", Time since last: 2007361293 ns, Reaching safepoint: 297125 ns, At safepoint: 11750 ns, Total: 308875 ns
[2022-04-29T07:43:42.577+0000][161][safepoint   ] Safepoint "Cleanup", Time since last: 3010033751 ns, Reaching safepoint: 283042 ns, At safepoint: 9583 ns, Total: 292625 ns
[2022-04-29T07:43:45.590+0000][161][safepoint   ] Safepoint "Cleanup", Time since last: 3013021793 ns, Reaching safepoint: 58375 ns, At safepoint: 2084 ns, Total: 60459 ns
[2022-04-29T07:43:47.601+0000][161][safepoint   ] Safepoint "Cleanup", Time since last: 2010593708 ns, Reaching safepoint: 199000 ns, At safepoint: 7417 ns, Total: 206417 ns
[2022-04-29T07:43:48.612+0000][161][safepoint   ] Safepoint "Cleanup", Time since last: 1010380834 ns, Reaching safepoint: 308500 ns, At safepoint: 11041 ns, Total: 319541 ns
[2022-04-29T07:43:49.621+0000][161][safepoint   ] Safepoint "Cleanup", Time since last: 1009169292 ns, Reaching safepoint: 159792 ns, At safepoint: 8792 ns, Total: 168584 ns
[2022-04-29T07:43:50.960+0000][161][safepoint   ] Safepoint "Cleanup", Time since last: 1338626125 ns, Reaching safepoint: 37875 ns, At safepoint: 1084 ns, Total: 38959 ns
[2022-04-29T07:43:51.962+0000][161][safepoint   ] Safepoint "Cleanup", Time since last: 1002000417 ns, Reaching safepoint: 99875 ns, At safepoint: 6708 ns, Total: 106583 ns
[2022-04-29T07:43:53.967+0000][161][safepoint   ] Safepoint "Cleanup", Time since last: 2004734001 ns, Reaching safepoint: 193708 ns, At safepoint: 4709 ns, Total: 198417 ns
[2022-04-29T07:43:54.975+0000][161][safepoint   ] Safepoint "Cleanup", Time since last: 1006800167 ns, Reaching safepoint: 812292 ns, At safepoint: 20500 ns, Total: 832792 ns
[2022-04-29T07:43:56.984+0000][161][safepoint   ] Safepoint "Cleanup", Time since last: 2009179167 ns, Reaching safepoint: 57334 ns, At safepoint: 2541 ns, Total: 59875 ns
[2022-04-29T07:43:57.985+0000][161][safepoint   ] Safepoint "Cleanup", Time since last: 1001363167 ns, Reaching safepoint: 367084 ns, At safepoint: 7291 ns, Total: 374375 ns
[2022-04-29T07:43:58.994+0000][161][safepoint   ] Safepoint "Cleanup", Time since last: 1007794793 ns, Reaching safepoint: 302833 ns, At safepoint: 5583 ns, Total: 308416 ns
[2022-04-29T07:43:59.998+0000][161][safepoint   ] Safepoint "Cleanup", Time since last: 1003536501 ns, Reaching safepoint: 421250 ns, At safepoint: 7833 ns, Total: 429083 ns
[2022-04-29T07:44:02.003+0000][161][safepoint   ] Safepoint "Cleanup", Time since last: 2005079751 ns, Reaching safepoint: 413000 ns, At safepoint: 14750 ns, Total: 427750 ns
[2022-04-29T07:44:03.008+0000][161][safepoint   ] Safepoint "Cleanup", Time since last: 1004800667 ns, Reaching safepoint: 68500 ns, At safepoint: 3292 ns, Total: 71792 ns
[2022-04-29T07:44:05.012+0000][161][safepoint   ] Safepoint "Cleanup", Time since last: 2003725584 ns, Reaching safepoint: 176583 ns, At safepoint: 5292 ns, Total: 181875 ns
[2022-04-29T07:44:06.020+0000][161][safepoint   ] Safepoint "Cleanup", Time since last: 1008276459 ns, Reaching safepoint: 263625 ns, At safepoint: 6750 ns, Total: 270375 ns
[2022-04-29T07:44:06.543+0000][161][gc,start    ] GC(27) Pause Young (Normal) (G1 Evacuation Pause)
[2022-04-29T07:44:06.547+0000][161][gc,task     ] GC(27) Using 5 workers of 5 for evacuation
[2022-04-29T07:44:06.552+0000][161][gc,age      ] GC(27) Desired survivor size 20971520 bytes, new threshold 15 (max threshold 15)
[2022-04-29T07:44:06.578+0000][161][gc,age      ] GC(27) Age table with threshold 15 (max threshold 15)
[2022-04-29T07:44:06.580+0000][161][gc,age      ] GC(27) - age   1:     992744 bytes,     992744 total
[2022-04-29T07:44:06.583+0000][161][gc,age      ] GC(27) - age   2:       6744 bytes,     999488 total
[2022-04-29T07:44:06.585+0000][161][gc,age      ] GC(27) - age   3:      13552 bytes,    1013040 total
[2022-04-29T07:44:06.586+0000][161][gc,age      ] GC(27) - age   4:      10016 bytes,    1023056 total
[2022-04-29T07:44:06.588+0000][161][gc,age      ] GC(27) - age   5:    1828280 bytes,    2851336 total
[2022-04-29T07:44:06.589+0000][161][gc,age      ] GC(27) - age   6:     157216 bytes,    3008552 total
[2022-04-29T07:44:06.590+0000][161][gc,age      ] GC(27) - age   7:      40600 bytes,    3049152 total
[2022-04-29T07:44:06.591+0000][161][gc,age      ] GC(27) - age   8:     159040 bytes,    3208192 total
[2022-04-29T07:44:06.593+0000][161][gc,age      ] GC(27) - age   9:    6295808 bytes,    9504000 total
[2022-04-29T07:44:06.594+0000][161][gc,age      ] GC(27) - age  10:    3298160 bytes,   12802160 total
[2022-04-29T07:44:06.596+0000][161][gc,age      ] GC(27) - age  11:    5334800 bytes,   18136960 total
[2022-04-29T07:44:06.597+0000][161][gc,age      ] GC(27) - age  12:     151712 bytes,   18288672 total
[2022-04-29T07:44:06.598+0000][161][gc,phases   ] GC(27)   Pre Evacuate Collection Set: 1.1ms
[2022-04-29T07:44:06.599+0000][161][gc,phases   ] GC(27)   Merge Heap Roots: 0.8ms
[2022-04-29T07:44:06.601+0000][161][gc,phases   ] GC(27)   Evacuate Collection Set: 19.6ms
[2022-04-29T07:44:06.603+0000][161][gc,phases   ] GC(27)   Post Evacuate Collection Set: 2.6ms
[2022-04-29T07:44:06.604+0000][161][gc,phases   ] GC(27)   Other: 31.3ms
[2022-04-29T07:44:06.605+0000][161][gc,heap     ] GC(27) Eden regions: 71->0(71)
[2022-04-29T07:44:06.606+0000][161][gc,heap     ] GC(27) Survivor regions: 5->5(10)
[2022-04-29T07:44:06.607+0000][161][gc,heap     ] GC(27) Old regions: 16->16
[2022-04-29T07:44:06.609+0000][161][gc,heap     ] GC(27) Archive regions: 2->2
[2022-04-29T07:44:06.610+0000][161][gc,heap     ] GC(27) Humongous regions: 6->6
[2022-04-29T07:44:06.611+0000][161][gc,metaspace] GC(27) Metaspace: 114612K(116352K)->114612K(116352K) NonClass: 99228K(100288K)->99228K(100288K) Class: 15384K(16064K)->15384K(16064K)
[2022-04-29T07:44:06.611+0000][161][gc          ] GC(27) Pause Young (Normal) (G1 Evacuation Pause) 394M->109M(512M) 68.786ms
[2022-04-29T07:44:06.613+0000][161][gc,cpu      ] GC(27) User=0.08s Sys=0.00s Real=0.07s
[2022-04-29T07:44:06.614+0000][161][safepoint   ] Safepoint "G1CollectForAllocation", Time since last: 522076375 ns, Reaching safepoint: 124250 ns, At safepoint: 71149792 ns, Total: 71274042 ns
[2022-04-29T07:44:07.620+0000][161][safepoint   ] Safepoint "Cleanup", Time since last: 1005769875 ns, Reaching safepoint: 451000 ns, At safepoint: 12792 ns, Total: 463792 ns
[2022-04-29T07:44:09.629+0000][161][safepoint   ] Safepoint "Cleanup", Time since last: 2008279293 ns, Reaching safepoint: 410458 ns, At safepoint: 18875 ns, Total: 429333 ns
[2022-04-29T07:44:12.643+0000][161][safepoint   ] Safepoint "Cleanup", Time since last: 3013863543 ns, Reaching safepoint: 341000 ns, At safepoint: 11750 ns, Total: 352750 ns
[2022-04-29T07:44:15.653+0000][161][safepoint   ] Safepoint "Cleanup", Time since last: 3011124501 ns, Reaching safepoint: 140625 ns, At safepoint: 4500 ns, Total: 145125 ns
[2022-04-29T07:44:16.658+0000][161][safepoint   ] Safepoint "Cleanup", Time since last: 1004467459 ns, Reaching safepoint: 439708 ns, At safepoint: 8084 ns, Total: 447792 ns
[2022-04-29T07:44:17.674+0000][161][safepoint   ] Safepoint "Cleanup", Time since last: 1014454417 ns, Reaching safepoint: 1318375 ns, At safepoint: 14458 ns, Total: 1332833 ns
[2022-04-29T07:44:18.684+0000][161][safepoint   ] Safepoint "Cleanup", Time since last: 1009854001 ns, Reaching safepoint: 160083 ns, At safepoint: 6083 ns, Total: 166166 ns
[2022-04-29T07:44:19.692+0000][161][safepoint   ] Safepoint "Cleanup", Time since last: 1006745667 ns, Reaching safepoint: 1004375 ns, At safepoint: 7375 ns, Total: 1011750 ns
[2022-04-29T07:44:20.695+0000][161][safepoint   ] Safepoint "Cleanup", Time since last: 1003060418 ns, Reaching safepoint: 161208 ns, At safepoint: 3750 ns, Total: 164958 ns
[2022-04-29T07:44:21.698+0000][161][safepoint   ] Safepoint "Cleanup", Time since last: 1002354875 ns, Reaching safepoint: 415625 ns, At safepoint: 4667 ns, Total: 420292 ns
[2022-04-29T07:44:22.700+0000][161][safepoint   ] Safepoint "Cleanup", Time since last: 1001571626 ns, Reaching safepoint: 605416 ns, At safepoint: 11292 ns, Total: 616708 ns
[2022-04-29T07:44:23.705+0000][161][safepoint   ] Safepoint "Cleanup", Time since last: 1004357084 ns, Reaching safepoint: 407333 ns, At safepoint: 5125 ns, Total: 412458 ns
[2022-04-29T07:44:24.710+0000][161][safepoint   ] Safepoint "Cleanup", Time since last: 1004517626 ns, Reaching safepoint: 484083 ns, At safepoint: 16125 ns, Total: 500208 ns
[2022-04-29T07:44:26.721+0000][161][safepoint   ] Safepoint "Cleanup", Time since last: 2011188876 ns, Reaching safepoint: 152375 ns, At safepoint: 4541 ns, Total: 156916 ns
[2022-04-29T07:44:27.726+0000][161][safepoint   ] Safepoint "Cleanup", Time since last: 1004793168 ns, Reaching safepoint: 118666 ns, At safepoint: 5209 ns, Total: 123875 ns
[2022-04-29T07:44:29.729+0000][161][safepoint   ] Safepoint "Cleanup", Time since last: 2002744917 ns, Reaching safepoint: 237834 ns, At safepoint: 4250 ns, Total: 242084 ns
[2022-04-29T07:44:32.734+0000][161][safepoint   ] Safepoint "Cleanup", Time since last: 3004517126 ns, Reaching safepoint: 155792 ns, At safepoint: 5500 ns, Total: 161292 ns
[2022-04-29T07:44:33.736+0000][161][safepoint   ] Safepoint "Cleanup", Time since last: 1002264500 ns, Reaching safepoint: 167500 ns, At safepoint: 4583 ns, Total: 172083 ns
[2022-04-29T07:44:34.738+0000][161][safepoint   ] Safepoint "Cleanup", Time since last: 1001477668 ns, Reaching safepoint: 231958 ns, At safepoint: 7667 ns, Total: 239625 ns
[2022-04-29T07:44:35.751+0000][161][safepoint   ] Safepoint "Cleanup", Time since last: 1012881500 ns, Reaching safepoint: 217792 ns, At safepoint: 10875 ns, Total: 228667 ns
[2022-04-29T07:44:37.754+0000][161][safepoint   ] Safepoint "Cleanup", Time since last: 2002581167 ns, Reaching safepoint: 501750 ns, At safepoint: 9959 ns, Total: 511709 ns
[2022-04-29T07:44:38.759+0000][161][safepoint   ] Safepoint "Cleanup", Time since last: 1004780292 ns, Reaching safepoint: 59958 ns, At safepoint: 2542 ns, Total: 62500 ns
[2022-04-29T07:44:39.765+0000][161][safepoint   ] Safepoint "Cleanup", Time since last: 1002746750 ns, Reaching safepoint: 3579875 ns, At safepoint: 47042 ns, Total: 3626917 ns
[2022-04-29T07:44:40.770+0000][161][safepoint   ] Safepoint "Cleanup", Time since last: 1004605542 ns, Reaching safepoint: 381417 ns, At safepoint: 8750 ns, Total: 390167 ns
[2022-04-29T07:44:41.777+0000][161][safepoint   ] Safepoint "Cleanup", Time since last: 1006053042 ns, Reaching safepoint: 212667 ns, At safepoint: 120416 ns, Total: 333083 ns
[2022-04-29T07:44:42.778+0000][161][safepoint   ] Safepoint "Cleanup", Time since last: 1000719917 ns, Reaching safepoint: 314792 ns, At safepoint: 10375 ns, Total: 325167 ns
[2022-04-29T07:44:44.780+0000][161][safepoint   ] Safepoint "Cleanup", Time since last: 2002373501 ns, Reaching safepoint: 157542 ns, At safepoint: 3958 ns, Total: 161500 ns
[2022-04-29T07:44:45.781+0000][161][safepoint   ] Safepoint "Cleanup", Time since last: 1000655875 ns, Reaching safepoint: 211791 ns, At safepoint: 3834 ns, Total: 215625 ns
[2022-04-29T07:44:47.790+0000][161][safepoint   ] Safepoint "Cleanup", Time since last: 2008146001 ns, Reaching safepoint: 576333 ns, At safepoint: 11833 ns, Total: 588166 ns
[2022-04-29T07:44:49.804+0000][161][safepoint   ] Safepoint "Cleanup", Time since last: 2014127876 ns, Reaching safepoint: 351625 ns, At safepoint: 14917 ns, Total: 366542 ns
[2022-04-29T07:44:50.808+0000][161][safepoint   ] Safepoint "Cleanup", Time since last: 1003008459 ns, Reaching safepoint: 194083 ns, At safepoint: 17167 ns, Total: 211250 ns
[2022-04-29T07:44:52.811+0000][161][safepoint   ] Safepoint "Cleanup", Time since last: 2003621042 ns, Reaching safepoint: 195125 ns, At safepoint: 5584 ns, Total: 200709 ns
[2022-04-29T07:44:53.819+0000][161][safepoint   ] Safepoint "Cleanup", Time since last: 1005113958 ns, Reaching safepoint: 2207417 ns, At safepoint: 8250 ns, Total: 2215667 ns
[2022-04-29T07:44:54.825+0000][161][safepoint   ] Safepoint "Cleanup", Time since last: 1005908709 ns, Reaching safepoint: 374833 ns, At safepoint: 5917 ns, Total: 380750 ns
[2022-04-29T07:44:56.837+0000][161][safepoint   ] Safepoint "Cleanup", Time since last: 2012017543 ns, Reaching safepoint: 84000 ns, At safepoint: 2083 ns, Total: 86083 ns
[2022-04-29T07:44:57.845+0000][161][safepoint   ] Safepoint "Cleanup", Time since last: 1007261875 ns, Reaching safepoint: 296459 ns, At safepoint: 7708 ns, Total: 304167 ns
[2022-04-29T07:44:59.850+0000][161][safepoint   ] Safepoint "Cleanup", Time since last: 2005073376 ns, Reaching safepoint: 387583 ns, At safepoint: 9875 ns, Total: 397458 ns
[2022-04-29T07:45:02.865+0000][161][safepoint   ] Safepoint "Cleanup", Time since last: 3014623502 ns, Reaching safepoint: 52666 ns, At safepoint: 2042 ns, Total: 54708 ns
[2022-04-29T07:45:03.866+0000][161][safepoint   ] Safepoint "Cleanup", Time since last: 1000843292 ns, Reaching safepoint: 146417 ns, At safepoint: 4000 ns, Total: 150417 ns
[2022-04-29T07:45:04.917+0000][161][safepoint   ] Safepoint "Cleanup", Time since last: 1051124834 ns, Reaching safepoint: 98083 ns, At safepoint: 10500 ns, Total: 108583 ns
[2022-04-29T07:45:05.924+0000][161][safepoint   ] Safepoint "Cleanup", Time since last: 1006007792 ns, Reaching safepoint: 1014209 ns, At safepoint: 12583 ns, Total: 1026792 ns
[2022-04-29T07:45:06.942+0000][161][safepoint   ] Safepoint "Cleanup", Time since last: 1017758167 ns, Reaching safepoint: 177625 ns, At safepoint: 9958 ns, Total: 187583 ns
[2022-04-29T07:45:07.948+0000][161][safepoint   ] Safepoint "Cleanup", Time since last: 1006042042 ns, Reaching safepoint: 337834 ns, At safepoint: 13875 ns, Total: 351709 ns
[2022-04-29T07:45:08.960+0000][161][safepoint   ] Safepoint "Cleanup", Time since last: 1011382000 ns, Reaching safepoint: 48792 ns, At safepoint: 1958 ns, Total: 50750 ns
[2022-04-29T07:45:09.962+0000][161][safepoint   ] Safepoint "Cleanup", Time since last: 1001701459 ns, Reaching safepoint: 290208 ns, At safepoint: 6959 ns, Total: 297167 ns
[2022-04-29T07:45:10.971+0000][161][safepoint   ] Safepoint "Cleanup", Time since last: 1008866000 ns, Reaching safepoint: 476250 ns, At safepoint: 18917 ns, Total: 495167 ns
[2022-04-29T07:45:11.974+0000][161][safepoint   ] Safepoint "Cleanup", Time since last: 1002764584 ns, Reaching safepoint: 284250 ns, At safepoint: 9791 ns, Total: 294041 ns
[2022-04-29T07:45:12.978+0000][161][safepoint   ] Safepoint "Cleanup", Time since last: 1003201834 ns, Reaching safepoint: 458209 ns, At safepoint: 20083 ns, Total: 478292 ns
[2022-04-29T07:45:14.992+0000][161][safepoint   ] Safepoint "Cleanup", Time since last: 2014073751 ns, Reaching safepoint: 81167 ns, At safepoint: 2291 ns, Total: 83458 ns
[2022-04-29T07:45:15.998+0000][161][safepoint   ] Safepoint "Cleanup", Time since last: 1006089500 ns, Reaching safepoint: 203708 ns, At safepoint: 8083 ns, Total: 211791 ns
[2022-04-29T07:45:17.003+0000][161][safepoint   ] Safepoint "Cleanup", Time since last: 1003585459 ns, Reaching safepoint: 352625 ns, At safepoint: 167917 ns, Total: 520542 ns
[2022-04-29T07:45:18.011+0000][161][safepoint   ] Safepoint "Cleanup", Time since last: 1008272125 ns, Reaching safepoint: 549459 ns, At safepoint: 13583 ns, Total: 563042 ns
[2022-04-29T07:45:20.019+0000][161][safepoint   ] Safepoint "Cleanup", Time since last: 2007617959 ns, Reaching safepoint: 133375 ns, At safepoint: 4584 ns, Total: 137959 ns
[2022-04-29T07:45:21.026+0000][161][safepoint   ] Safepoint "Cleanup", Time since last: 1006306583 ns, Reaching safepoint: 53875 ns, At safepoint: 2042 ns, Total: 55917 ns
[2022-04-29T07:45:22.029+0000][161][safepoint   ] Safepoint "Cleanup", Time since last: 1003202917 ns, Reaching safepoint: 144667 ns, At safepoint: 11083 ns, Total: 155750 ns
[2022-04-29T07:45:23.031+0000][161][safepoint   ] Safepoint "Cleanup", Time since last: 1001718792 ns, Reaching safepoint: 201459 ns, At safepoint: 6083 ns, Total: 207542 ns
[2022-04-29T07:45:24.034+0000][161][safepoint   ] Safepoint "Cleanup", Time since last: 1002556959 ns, Reaching safepoint: 941875 ns, At safepoint: 78000 ns, Total: 1019875 ns
[2022-04-29T07:45:25.039+0000][161][safepoint   ] Safepoint "Cleanup", Time since last: 1004168417 ns, Reaching safepoint: 292292 ns, At safepoint: 5916 ns, Total: 298208 ns
[2022-04-29T07:45:27.041+0000][161][safepoint   ] Safepoint "Cleanup", Time since last: 2001991543 ns, Reaching safepoint: 134917 ns, At safepoint: 3875 ns, Total: 138792 ns
[2022-04-29T07:45:27.984+0000][161][gc,start    ] GC(28) Pause Young (Normal) (G1 Evacuation Pause)
[2022-04-29T07:45:27.985+0000][161][gc,task     ] GC(28) Using 5 workers of 5 for evacuation
[2022-04-29T07:45:27.986+0000][161][gc,age      ] GC(28) Desired survivor size 20971520 bytes, new threshold 15 (max threshold 15)
[2022-04-29T07:45:27.994+0000][161][gc,age      ] GC(28) Age table with threshold 15 (max threshold 15)
[2022-04-29T07:45:27.995+0000][161][gc,age      ] GC(28) - age   1:    1461832 bytes,    1461832 total
[2022-04-29T07:45:27.996+0000][161][gc,age      ] GC(28) - age   2:     278248 bytes,    1740080 total
[2022-04-29T07:45:27.997+0000][161][gc,age      ] GC(28) - age   3:       5816 bytes,    1745896 total
[2022-04-29T07:45:27.998+0000][161][gc,age      ] GC(28) - age   4:      13240 bytes,    1759136 total
[2022-04-29T07:45:27.999+0000][161][gc,age      ] GC(28) - age   5:       9952 bytes,    1769088 total
[2022-04-29T07:45:28.000+0000][161][gc,age      ] GC(28) - age   6:    1828008 bytes,    3597096 total
[2022-04-29T07:45:28.001+0000][161][gc,age      ] GC(28) - age   7:     138632 bytes,    3735728 total
[2022-04-29T07:45:28.001+0000][161][gc,age      ] GC(28) - age   8:      40600 bytes,    3776328 total
[2022-04-29T07:45:28.002+0000][161][gc,age      ] GC(28) - age   9:     159040 bytes,    3935368 total
[2022-04-29T07:45:28.003+0000][161][gc,age      ] GC(28) - age  10:    6295808 bytes,   10231176 total
[2022-04-29T07:45:28.003+0000][161][gc,age      ] GC(28) - age  11:    3291544 bytes,   13522720 total
[2022-04-29T07:45:28.004+0000][161][gc,age      ] GC(28) - age  12:    5324408 bytes,   18847128 total
[2022-04-29T07:45:28.005+0000][161][gc,age      ] GC(28) - age  13:     151712 bytes,   18998840 total
[2022-04-29T07:45:28.006+0000][161][gc,phases   ] GC(28)   Pre Evacuate Collection Set: 0.1ms
[2022-04-29T07:45:28.007+0000][161][gc,phases   ] GC(28)   Merge Heap Roots: 0.1ms
[2022-04-29T07:45:28.008+0000][161][gc,phases   ] GC(28)   Evacuate Collection Set: 6.2ms
[2022-04-29T07:45:28.009+0000][161][gc,phases   ] GC(28)   Post Evacuate Collection Set: 1.5ms
[2022-04-29T07:45:28.009+0000][161][gc,phases   ] GC(28)   Other: 13.3ms
[2022-04-29T07:45:28.010+0000][161][gc,heap     ] GC(28) Eden regions: 71->0(70)
[2022-04-29T07:45:28.010+0000][161][gc,heap     ] GC(28) Survivor regions: 5->6(10)
[2022-04-29T07:45:28.011+0000][161][gc,heap     ] GC(28) Old regions: 16->16
[2022-04-29T07:45:28.011+0000][161][gc,heap     ] GC(28) Archive regions: 2->2
[2022-04-29T07:45:28.012+0000][161][gc,heap     ] GC(28) Humongous regions: 6->6
[2022-04-29T07:45:28.012+0000][161][gc,metaspace] GC(28) Metaspace: 114732K(116416K)->114732K(116416K) NonClass: 99348K(100352K)->99348K(100352K) Class: 15384K(16064K)->15384K(16064K)
[2022-04-29T07:45:28.013+0000][161][gc          ] GC(28) Pause Young (Normal) (G1 Evacuation Pause) 393M->111M(512M) 28.268ms
[2022-04-29T07:45:28.013+0000][161][gc,cpu      ] GC(28) User=0.03s Sys=0.00s Real=0.02s
[2022-04-29T07:45:28.014+0000][161][safepoint   ] Safepoint "G1CollectForAllocation", Time since last: 943285417 ns, Reaching safepoint: 72333 ns, At safepoint: 29874375 ns, Total: 29946708 ns
[2022-04-29T07:45:29.017+0000][161][safepoint   ] Safepoint "Cleanup", Time since last: 1001963459 ns, Reaching safepoint: 331042 ns, At safepoint: 12250 ns, Total: 343292 ns
[2022-04-29T07:45:30.025+0000][161][safepoint   ] Safepoint "Cleanup", Time since last: 1007756708 ns, Reaching safepoint: 228417 ns, At safepoint: 11708 ns, Total: 240125 ns
[2022-04-29T07:45:32.037+0000][161][safepoint   ] Safepoint "Cleanup", Time since last: 2011858126 ns, Reaching safepoint: 330459 ns, At safepoint: 10333 ns, Total: 340792 ns
[2022-04-29T07:45:33.048+0000][161][safepoint   ] Safepoint "Cleanup", Time since last: 1010847917 ns, Reaching safepoint: 118167 ns, At safepoint: 1833 ns, Total: 120000 ns
[2022-04-29T07:45:34.050+0000][161][safepoint   ] Safepoint "Cleanup", Time since last: 1001693917 ns, Reaching safepoint: 321792 ns, At safepoint: 8792 ns, Total: 330584 ns
[2022-04-29T07:45:35.057+0000][161][safepoint   ] Safepoint "Cleanup", Time since last: 1007014583 ns, Reaching safepoint: 77917 ns, At safepoint: 2708 ns, Total: 80625 ns
[2022-04-29T07:45:36.075+0000][161][safepoint   ] Safepoint "Cleanup", Time since last: 1018355626 ns, Reaching safepoint: 222542 ns, At safepoint: 9708 ns, Total: 232250 ns
[2022-04-29T07:45:37.083+0000][161][safepoint   ] Safepoint "Cleanup", Time since last: 1006959667 ns, Reaching safepoint: 194542 ns, At safepoint: 8125 ns, Total: 202667 ns
[2022-04-29T07:45:39.087+0000][161][safepoint   ] Safepoint "Cleanup", Time since last: 2004206459 ns, Reaching safepoint: 59250 ns, At safepoint: 1708 ns, Total: 60958 ns
[2022-04-29T07:45:40.093+0000][161][safepoint   ] Safepoint "Cleanup", Time since last: 1006053709 ns, Reaching safepoint: 317625 ns, At safepoint: 9792 ns, Total: 327417 ns
[2022-04-29T07:45:41.110+0000][161][safepoint   ] Safepoint "Cleanup", Time since last: 1016244792 ns, Reaching safepoint: 362292 ns, At safepoint: 11416 ns, Total: 373708 ns
[2022-04-29T07:45:42.124+0000][161][safepoint   ] Safepoint "Cleanup", Time since last: 1013680376 ns, Reaching safepoint: 382750 ns, At safepoint: 9875 ns, Total: 392625 ns
[2022-04-29T07:45:45.130+0000][161][safepoint   ] Safepoint "Cleanup", Time since last: 3006191085 ns, Reaching safepoint: 201000 ns, At safepoint: 8708 ns, Total: 209708 ns
[2022-04-29T07:45:46.136+0000][161][safepoint   ] Safepoint "Cleanup", Time since last: 1005707375 ns, Reaching safepoint: 94875 ns, At safepoint: 2333 ns, Total: 97208 ns
[2022-04-29T07:45:47.140+0000][161][safepoint   ] Safepoint "Cleanup", Time since last: 1002261917 ns, Reaching safepoint: 952167 ns, At safepoint: 9000 ns, Total: 961167 ns
[2022-04-29T07:45:48.147+0000][161][safepoint   ] Safepoint "Cleanup", Time since last: 1007088292 ns, Reaching safepoint: 112333 ns, At safepoint: 4167 ns, Total: 116500 ns
[2022-04-29T07:45:50.154+0000][161][safepoint   ] Safepoint "Cleanup", Time since last: 2007533001 ns, Reaching safepoint: 133875 ns, At safepoint: 4667 ns, Total: 138542 ns
[2022-04-29T07:45:51.157+0000][161][safepoint   ] Safepoint "Cleanup", Time since last: 1002321583 ns, Reaching safepoint: 198167 ns, At safepoint: 7750 ns, Total: 205917 ns
[2022-04-29T07:45:52.159+0000][161][safepoint   ] Safepoint "Cleanup", Time since last: 1001988876 ns, Reaching safepoint: 273625 ns, At safepoint: 9208 ns, Total: 282833 ns
[2022-04-29T07:45:54.168+0000][161][safepoint   ] Safepoint "Cleanup", Time since last: 2007173751 ns, Reaching safepoint: 1852125 ns, At safepoint: 32500 ns, Total: 1884625 ns
[2022-04-29T07:45:55.178+0000][161][safepoint   ] Safepoint "Cleanup", Time since last: 1009350917 ns, Reaching safepoint: 542167 ns, At safepoint: 13666 ns, Total: 555833 ns
[2022-04-29T07:45:57.184+0000][161][safepoint   ] Safepoint "Cleanup", Time since last: 2005632918 ns, Reaching safepoint: 193875 ns, At safepoint: 8167 ns, Total: 202042 ns
[2022-04-29T07:45:58.188+0000][161][safepoint   ] Safepoint "Cleanup", Time since last: 1003357583 ns, Reaching safepoint: 104959 ns, At safepoint: 2291 ns, Total: 107250 ns
[2022-04-29T07:46:00.192+0000][161][safepoint   ] Safepoint "Cleanup", Time since last: 2004187335 ns, Reaching safepoint: 140166 ns, At safepoint: 9334 ns, Total: 149500 ns
[2022-04-29T07:46:02.199+0000][161][safepoint   ] Safepoint "Cleanup", Time since last: 2007242834 ns, Reaching safepoint: 249208 ns, At safepoint: 8750 ns, Total: 257958 ns
[2022-04-29T07:46:03.221+0000][161][safepoint   ] Safepoint "Cleanup", Time since last: 1021795626 ns, Reaching safepoint: 100458 ns, At safepoint: 9709 ns, Total: 110167 ns
[2022-04-29T07:46:05.225+0000][161][safepoint   ] Safepoint "Cleanup", Time since last: 2003547084 ns, Reaching safepoint: 459750 ns, At safepoint: 5083 ns, Total: 464833 ns
[2022-04-29T07:46:06.228+0000][161][safepoint   ] Safepoint "Cleanup", Time since last: 1001929876 ns, Reaching safepoint: 337291 ns, At safepoint: 8542 ns, Total: 345833 ns
[2022-04-29T07:46:07.250+0000][161][safepoint   ] Safepoint "Cleanup", Time since last: 1022478125 ns, Reaching safepoint: 200375 ns, At safepoint: 5709 ns, Total: 206084 ns
[2022-04-29T07:46:09.257+0000][161][safepoint   ] Safepoint "Cleanup", Time since last: 2006300876 ns, Reaching safepoint: 93916 ns, At safepoint: 2875 ns, Total: 96791 ns
[2022-04-29T07:46:10.259+0000][161][safepoint   ] Safepoint "Cleanup", Time since last: 1001753876 ns, Reaching safepoint: 126250 ns, At safepoint: 4917 ns, Total: 131167 ns
[2022-04-29T07:46:12.263+0000][161][safepoint   ] Safepoint "Cleanup", Time since last: 2004552959 ns, Reaching safepoint: 122958 ns, At safepoint: 10834 ns, Total: 133792 ns
[2022-04-29T07:46:15.274+0000][161][safepoint   ] Safepoint "Cleanup", Time since last: 3010960418 ns, Reaching safepoint: 257083 ns, At safepoint: 5750 ns, Total: 262833 ns
[2022-04-29T07:46:16.280+0000][161][safepoint   ] Safepoint "Cleanup", Time since last: 1003943625 ns, Reaching safepoint: 1789167 ns, At safepoint: 16583 ns, Total: 1805750 ns
[2022-04-29T07:46:17.321+0000][161][safepoint   ] Safepoint "Cleanup", Time since last: 1025478001 ns, Reaching safepoint: 15137416 ns, At safepoint: 34750 ns, Total: 15172166 ns
[2022-04-29T07:46:18.328+0000][161][safepoint   ] Safepoint "Cleanup", Time since last: 1007407709 ns, Reaching safepoint: 333208 ns, At safepoint: 12375 ns, Total: 345583 ns
[2022-04-29T07:46:20.343+0000][161][safepoint   ] Safepoint "Cleanup", Time since last: 2014844501 ns, Reaching safepoint: 220625 ns, At safepoint: 10042 ns, Total: 230667 ns
[2022-04-29T07:46:21.352+0000][161][safepoint   ] Safepoint "Cleanup", Time since last: 1008865834 ns, Reaching safepoint: 70458 ns, At safepoint: 2417 ns, Total: 72875 ns
[2022-04-29T07:46:22.354+0000][161][safepoint   ] Safepoint "Cleanup", Time since last: 1001958500 ns, Reaching safepoint: 50542 ns, At safepoint: 3208 ns, Total: 53750 ns
[2022-04-29T07:46:23.356+0000][161][safepoint   ] Safepoint "Cleanup", Time since last: 1000769459 ns, Reaching safepoint: 400375 ns, At safepoint: 10709 ns, Total: 411084 ns
[2022-04-29T07:46:24.383+0000][161][safepoint   ] Safepoint "Cleanup", Time since last: 1027177042 ns, Reaching safepoint: 365000 ns, At safepoint: 7125 ns, Total: 372125 ns
[2022-04-29T07:46:25.393+0000][161][safepoint   ] Safepoint "Cleanup", Time since last: 1009316500 ns, Reaching safepoint: 311625 ns, At safepoint: 8667 ns, Total: 320292 ns
[2022-04-29T07:46:26.399+0000][161][safepoint   ] Safepoint "Cleanup", Time since last: 1006358334 ns, Reaching safepoint: 190666 ns, At safepoint: 8042 ns, Total: 198708 ns
[2022-04-29T07:46:27.409+0000][161][safepoint   ] Safepoint "Cleanup", Time since last: 1009197375 ns, Reaching safepoint: 144292 ns, At safepoint: 162458 ns, Total: 306750 ns
[2022-04-29T07:46:28.413+0000][161][safepoint   ] Safepoint "Cleanup", Time since last: 1004096709 ns, Reaching safepoint: 186875 ns, At safepoint: 4709 ns, Total: 191584 ns
[2022-04-29T07:46:30.419+0000][161][safepoint   ] Safepoint "Cleanup", Time since last: 2005685584 ns, Reaching safepoint: 307792 ns, At safepoint: 8291 ns, Total: 316083 ns
[2022-04-29T07:46:32.433+0000][161][safepoint   ] Safepoint "Cleanup", Time since last: 2013905043 ns, Reaching safepoint: 251958 ns, At safepoint: 144584 ns, Total: 396542 ns
[2022-04-29T07:46:33.444+0000][161][safepoint   ] Safepoint "Cleanup", Time since last: 1010797083 ns, Reaching safepoint: 129584 ns, At safepoint: 2833 ns, Total: 132417 ns
[2022-04-29T07:46:35.449+0000][161][safepoint   ] Safepoint "Cleanup", Time since last: 2004136126 ns, Reaching safepoint: 294250 ns, At safepoint: 7042 ns, Total: 301292 ns
[2022-04-29T07:46:36.462+0000][161][safepoint   ] Safepoint "Cleanup", Time since last: 1012055417 ns, Reaching safepoint: 697291 ns, At safepoint: 9000 ns, Total: 706291 ns
[2022-04-29T07:46:37.473+0000][161][safepoint   ] Safepoint "Cleanup", Time since last: 1011649043 ns, Reaching safepoint: 297916 ns, At safepoint: 13709 ns, Total: 311625 ns
[2022-04-29T07:46:39.485+0000][161][safepoint   ] Safepoint "Cleanup", Time since last: 2010968584 ns, Reaching safepoint: 268500 ns, At safepoint: 11750 ns, Total: 280250 ns
[2022-04-29T07:46:40.489+0000][161][safepoint   ] Safepoint "Cleanup", Time since last: 1004454167 ns, Reaching safepoint: 150250 ns, At safepoint: 5208 ns, Total: 155458 ns
[2022-04-29T07:46:42.501+0000][161][safepoint   ] Safepoint "Cleanup", Time since last: 2010595168 ns, Reaching safepoint: 762917 ns, At safepoint: 12083 ns, Total: 775000 ns
[2022-04-29T07:46:45.518+0000][161][safepoint   ] Safepoint "Cleanup", Time since last: 3016528918 ns, Reaching safepoint: 504333 ns, At safepoint: 4709 ns, Total: 509042 ns
[2022-04-29T07:46:47.526+0000][161][safepoint   ] Safepoint "Cleanup", Time since last: 2008172750 ns, Reaching safepoint: 239708 ns, At safepoint: 12250 ns, Total: 251958 ns
[2022-04-29T07:46:48.176+0000][161][gc,start    ] GC(29) Pause Young (Normal) (G1 Evacuation Pause)
[2022-04-29T07:46:48.177+0000][161][gc,task     ] GC(29) Using 5 workers of 5 for evacuation
[2022-04-29T07:46:48.179+0000][161][gc,age      ] GC(29) Desired survivor size 20971520 bytes, new threshold 15 (max threshold 15)
[2022-04-29T07:46:48.191+0000][161][gc,age      ] GC(29) Age table with threshold 15 (max threshold 15)
[2022-04-29T07:46:48.192+0000][161][gc,age      ] GC(29) - age   1:    2573568 bytes,    2573568 total
[2022-04-29T07:46:48.193+0000][161][gc,age      ] GC(29) - age   2:       8728 bytes,    2582296 total
[2022-04-29T07:46:48.194+0000][161][gc,age      ] GC(29) - age   3:     277168 bytes,    2859464 total
[2022-04-29T07:46:48.195+0000][161][gc,age      ] GC(29) - age   4:       5224 bytes,    2864688 total
[2022-04-29T07:46:48.196+0000][161][gc,age      ] GC(29) - age   5:      13240 bytes,    2877928 total
[2022-04-29T07:46:48.197+0000][161][gc,age      ] GC(29) - age   6:       9952 bytes,    2887880 total
[2022-04-29T07:46:48.197+0000][161][gc,age      ] GC(29) - age   7:    1788560 bytes,    4676440 total
[2022-04-29T07:46:48.198+0000][161][gc,age      ] GC(29) - age   8:     138352 bytes,    4814792 total
[2022-04-29T07:46:48.199+0000][161][gc,age      ] GC(29) - age   9:      40600 bytes,    4855392 total
[2022-04-29T07:46:48.199+0000][161][gc,age      ] GC(29) - age  10:     159040 bytes,    5014432 total
[2022-04-29T07:46:48.200+0000][161][gc,age      ] GC(29) - age  11:    6291952 bytes,   11306384 total
[2022-04-29T07:46:48.201+0000][161][gc,age      ] GC(29) - age  12:    3291304 bytes,   14597688 total
[2022-04-29T07:46:48.201+0000][161][gc,age      ] GC(29) - age  13:    5322592 bytes,   19920280 total
[2022-04-29T07:46:48.202+0000][161][gc,age      ] GC(29) - age  14:     151712 bytes,   20071992 total
[2022-04-29T07:46:48.203+0000][161][gc,phases   ] GC(29)   Pre Evacuate Collection Set: 0.1ms
[2022-04-29T07:46:48.204+0000][161][gc,phases   ] GC(29)   Merge Heap Roots: 0.1ms
[2022-04-29T07:46:48.204+0000][161][gc,phases   ] GC(29)   Evacuate Collection Set: 9.7ms
[2022-04-29T07:46:48.205+0000][161][gc,phases   ] GC(29)   Post Evacuate Collection Set: 1.7ms
[2022-04-29T07:46:48.206+0000][161][gc,phases   ] GC(29)   Other: 15.1ms
[2022-04-29T07:46:48.206+0000][161][gc,heap     ] GC(29) Eden regions: 70->0(70)
[2022-04-29T07:46:48.207+0000][161][gc,heap     ] GC(29) Survivor regions: 6->6(10)
[2022-04-29T07:46:48.208+0000][161][gc,heap     ] GC(29) Old regions: 16->16
[2022-04-29T07:46:48.209+0000][161][gc,heap     ] GC(29) Archive regions: 2->2
[2022-04-29T07:46:48.209+0000][161][gc,heap     ] GC(29) Humongous regions: 6->6
[2022-04-29T07:46:48.210+0000][161][gc,metaspace] GC(29) Metaspace: 114810K(116544K)->114810K(116544K) NonClass: 99425K(100480K)->99425K(100480K) Class: 15384K(16064K)->15384K(16064K)
[2022-04-29T07:46:48.210+0000][161][gc          ] GC(29) Pause Young (Normal) (G1 Evacuation Pause) 391M->111M(512M) 34.281ms
[2022-04-29T07:46:48.211+0000][161][gc,cpu      ] GC(29) User=0.04s Sys=0.00s Real=0.03s
[2022-04-29T07:46:48.212+0000][161][safepoint   ] Safepoint "G1CollectForAllocation", Time since last: 650183501 ns, Reaching safepoint: 176458 ns, At safepoint: 35958083 ns, Total: 36134541 ns
[2022-04-29T07:46:49.213+0000][161][safepoint   ] Safepoint "Cleanup", Time since last: 1001050459 ns, Reaching safepoint: 217417 ns, At safepoint: 11958 ns, Total: 229375 ns
[2022-04-29T07:46:50.216+0000][161][safepoint   ] Safepoint "Cleanup", Time since last: 1002704667 ns, Reaching safepoint: 132125 ns, At safepoint: 5167 ns, Total: 137292 ns
[2022-04-29T07:46:51.225+0000][161][safepoint   ] Safepoint "Cleanup", Time since last: 1009052334 ns, Reaching safepoint: 117417 ns, At safepoint: 3458 ns, Total: 120875 ns
[2022-04-29T07:46:52.228+0000][161][safepoint   ] Safepoint "Cleanup", Time since last: 1002437584 ns, Reaching safepoint: 98958 ns, At safepoint: 2667 ns, Total: 101625 ns
[2022-04-29T07:46:54.237+0000][161][safepoint   ] Safepoint "Cleanup", Time since last: 2008642751 ns, Reaching safepoint: 428791 ns, At safepoint: 15292 ns, Total: 444083 ns
[2022-04-29T07:46:55.244+0000][161][safepoint   ] Safepoint "Cleanup", Time since last: 1006590917 ns, Reaching safepoint: 209542 ns, At safepoint: 7333 ns, Total: 216875 ns
[2022-04-29T07:46:57.261+0000][161][safepoint   ] Safepoint "Cleanup", Time since last: 2016667668 ns, Reaching safepoint: 151541 ns, At safepoint: 4750 ns, Total: 156291 ns
[2022-04-29T07:46:58.264+0000][161][safepoint   ] Safepoint "Cleanup", Time since last: 1002649251 ns, Reaching safepoint: 188833 ns, At safepoint: 53584 ns, Total: 242417 ns
[2022-04-29T07:47:00.279+0000][161][safepoint   ] Safepoint "Cleanup", Time since last: 2015398042 ns, Reaching safepoint: 209500 ns, At safepoint: 7083 ns, Total: 216583 ns
[2022-04-29T07:47:02.285+0000][161][safepoint   ] Safepoint "Cleanup", Time since last: 2004638168 ns, Reaching safepoint: 1549792 ns, At safepoint: 18916 ns, Total: 1568708 ns
[2022-04-29T07:47:03.297+0000][161][safepoint   ] Safepoint "Cleanup", Time since last: 1011910418 ns, Reaching safepoint: 94500 ns, At safepoint: 2875 ns, Total: 97375 ns
[2022-04-29T07:47:05.300+0000][161][safepoint   ] Safepoint "Cleanup", Time since last: 2002238209 ns, Reaching safepoint: 237375 ns, At safepoint: 11458 ns, Total: 248833 ns
[2022-04-29T07:47:06.309+0000][161][safepoint   ] Safepoint "Cleanup", Time since last: 1009005459 ns, Reaching safepoint: 134125 ns, At safepoint: 7292 ns, Total: 141417 ns
[2022-04-29T07:47:07.316+0000][161][safepoint   ] Safepoint "Cleanup", Time since last: 1005983542 ns, Reaching safepoint: 1350000 ns, At safepoint: 17250 ns, Total: 1367250 ns
[2022-04-29T07:47:09.329+0000][161][safepoint   ] Safepoint "Cleanup", Time since last: 2012352792 ns, Reaching safepoint: 51917 ns, At safepoint: 1833 ns, Total: 53750 ns
[2022-04-29T07:47:10.331+0000][161][safepoint   ] Safepoint "Cleanup", Time since last: 1001609334 ns, Reaching safepoint: 751000 ns, At safepoint: 14084 ns, Total: 765084 ns
[2022-04-29T07:47:11.344+0000][161][safepoint   ] Safepoint "Cleanup", Time since last: 1008756792 ns, Reaching safepoint: 4527416 ns, At safepoint: 12584 ns, Total: 4540000 ns
[2022-04-29T07:47:12.352+0000][161][safepoint   ] Safepoint "Cleanup", Time since last: 1007173500 ns, Reaching safepoint: 561750 ns, At safepoint: 16042 ns, Total: 577792 ns
[2022-04-29T07:47:15.361+0000][161][safepoint   ] Safepoint "Cleanup", Time since last: 3008491335 ns, Reaching safepoint: 409166 ns, At safepoint: 13542 ns, Total: 422708 ns
[2022-04-29T07:47:17.366+0000][161][safepoint   ] Safepoint "Cleanup", Time since last: 2004911500 ns, Reaching safepoint: 143834 ns, At safepoint: 5000 ns, Total: 148834 ns
[2022-04-29T07:47:18.380+0000][161][safepoint   ] Safepoint "Cleanup", Time since last: 1013857333 ns, Reaching safepoint: 178625 ns, At safepoint: 6334 ns, Total: 184959 ns
[2022-04-29T07:47:20.390+0000][161][safepoint   ] Safepoint "Cleanup", Time since last: 2009367584 ns, Reaching safepoint: 238625 ns, At safepoint: 8833 ns, Total: 247458 ns
[2022-04-29T07:47:21.410+0000][161][safepoint   ] Safepoint "Cleanup", Time since last: 1020362001 ns, Reaching safepoint: 120958 ns, At safepoint: 3417 ns, Total: 124375 ns
[2022-04-29T07:47:22.416+0000][161][safepoint   ] Safepoint "Cleanup", Time since last: 1004633625 ns, Reaching safepoint: 491875 ns, At safepoint: 11417 ns, Total: 503292 ns
[2022-04-29T07:47:24.424+0000][161][safepoint   ] Safepoint "Cleanup", Time since last: 2007936959 ns, Reaching safepoint: 296250 ns, At safepoint: 11834 ns, Total: 308084 ns
[2022-04-29T07:47:25.430+0000][161][safepoint   ] Safepoint "Cleanup", Time since last: 1005723834 ns, Reaching safepoint: 275250 ns, At safepoint: 10125 ns, Total: 285375 ns
[2022-04-29T07:47:26.443+0000][161][safepoint   ] Safepoint "Cleanup", Time since last: 1009086583 ns, Reaching safepoint: 4562250 ns, At safepoint: 21000 ns, Total: 4583250 ns
[2022-04-29T07:47:27.462+0000][161][safepoint   ] Safepoint "Cleanup", Time since last: 1018657876 ns, Reaching safepoint: 195500 ns, At safepoint: 4583 ns, Total: 200083 ns
[2022-04-29T07:47:28.465+0000][161][safepoint   ] Safepoint "Cleanup", Time since last: 1002327167 ns, Reaching safepoint: 91042 ns, At safepoint: 4208 ns, Total: 95250 ns
[2022-04-29T07:47:30.468+0000][161][safepoint   ] Safepoint "Cleanup", Time since last: 2002536293 ns, Reaching safepoint: 329167 ns, At safepoint: 8125 ns, Total: 337292 ns
[2022-04-29T07:47:32.483+0000][161][safepoint   ] Safepoint "Cleanup", Time since last: 2015344209 ns, Reaching safepoint: 324333 ns, At safepoint: 20209 ns, Total: 344542 ns
[2022-04-29T07:47:33.497+0000][161][safepoint   ] Safepoint "Cleanup", Time since last: 1013344583 ns, Reaching safepoint: 364167 ns, At safepoint: 11208 ns, Total: 375375 ns
[2022-04-29T07:47:34.505+0000][161][safepoint   ] Safepoint "Cleanup", Time since last: 1007631209 ns, Reaching safepoint: 304792 ns, At safepoint: 6083 ns, Total: 310875 ns
[2022-04-29T07:47:35.509+0000][161][safepoint   ] Safepoint "Cleanup", Time since last: 1004292542 ns, Reaching safepoint: 64292 ns, At safepoint: 1958 ns, Total: 66250 ns
[2022-04-29T07:47:36.516+0000][161][safepoint   ] Safepoint "Cleanup", Time since last: 1006666167 ns, Reaching safepoint: 336542 ns, At safepoint: 9708 ns, Total: 346250 ns
[2022-04-29T07:47:37.525+0000][161][safepoint   ] Safepoint "Cleanup", Time since last: 1008217626 ns, Reaching safepoint: 312667 ns, At safepoint: 11833 ns, Total: 324500 ns
[2022-04-29T07:47:39.535+0000][161][safepoint   ] Safepoint "Cleanup", Time since last: 2009842918 ns, Reaching safepoint: 158625 ns, At safepoint: 4166 ns, Total: 162791 ns
[2022-04-29T07:47:40.537+0000][161][safepoint   ] Safepoint "Cleanup", Time since last: 1001225501 ns, Reaching safepoint: 1319750 ns, At safepoint: 19333 ns, Total: 1339083 ns
[2022-04-29T07:47:42.543+0000][161][safepoint   ] Safepoint "Cleanup", Time since last: 2005161709 ns, Reaching safepoint: 180834 ns, At safepoint: 5166 ns, Total: 186000 ns
[2022-04-29T07:47:45.550+0000][161][safepoint   ] Safepoint "Cleanup", Time since last: 3006648002 ns, Reaching safepoint: 341791 ns, At safepoint: 11667 ns, Total: 353458 ns
[2022-04-29T07:47:47.558+0000][161][safepoint   ] Safepoint "Cleanup", Time since last: 2007721667 ns, Reaching safepoint: 485167 ns, At safepoint: 9792 ns, Total: 494959 ns
[2022-04-29T07:47:48.570+0000][161][safepoint   ] Safepoint "Cleanup", Time since last: 1012415917 ns, Reaching safepoint: 211458 ns, At safepoint: 7667 ns, Total: 219125 ns
[2022-04-29T07:47:49.579+0000][161][safepoint   ] Safepoint "Cleanup", Time since last: 1008749917 ns, Reaching safepoint: 121250 ns, At safepoint: 3417 ns, Total: 124667 ns
[2022-04-29T07:47:51.584+0000][161][safepoint   ] Safepoint "Cleanup", Time since last: 2004207751 ns, Reaching safepoint: 224583 ns, At safepoint: 9792 ns, Total: 234375 ns
[2022-04-29T07:47:52.595+0000][161][safepoint   ] Safepoint "Cleanup", Time since last: 1011462750 ns, Reaching safepoint: 65333 ns, At safepoint: 2209 ns, Total: 67542 ns
[2022-04-29T07:47:54.602+0000][161][safepoint   ] Safepoint "Cleanup", Time since last: 2006644167 ns, Reaching safepoint: 351875 ns, At safepoint: 10917 ns, Total: 362792 ns
[2022-04-29T07:47:56.607+0000][161][safepoint   ] Safepoint "Cleanup", Time since last: 2004940209 ns, Reaching safepoint: 290625 ns, At safepoint: 8292 ns, Total: 298917 ns
[2022-04-29T07:47:57.611+0000][161][safepoint   ] Safepoint "Cleanup", Time since last: 1003817417 ns, Reaching safepoint: 280292 ns, At safepoint: 4083 ns, Total: 284375 ns
[2022-04-29T07:47:58.618+0000][161][safepoint   ] Safepoint "Cleanup", Time since last: 1006536459 ns, Reaching safepoint: 168208 ns, At safepoint: 7292 ns, Total: 175500 ns
[2022-04-29T07:47:59.629+0000][161][safepoint   ] Safepoint "Cleanup", Time since last: 1010597292 ns, Reaching safepoint: 143584 ns, At safepoint: 5083 ns, Total: 148667 ns
[2022-04-29T07:48:00.641+0000][161][safepoint   ] Safepoint "Cleanup", Time since last: 1012193125 ns, Reaching safepoint: 209625 ns, At safepoint: 7542 ns, Total: 217167 ns
[2022-04-29T07:48:02.651+0000][161][safepoint   ] Safepoint "Cleanup", Time since last: 2008154418 ns, Reaching safepoint: 1029833 ns, At safepoint: 14917 ns, Total: 1044750 ns
[2022-04-29T07:48:03.660+0000][161][safepoint   ] Safepoint "Cleanup", Time since last: 1008858667 ns, Reaching safepoint: 561458 ns, At safepoint: 9917 ns, Total: 571375 ns
[2022-04-29T07:48:04.668+0000][161][safepoint   ] Safepoint "Cleanup", Time since last: 1008185125 ns, Reaching safepoint: 169000 ns, At safepoint: 5375 ns, Total: 174375 ns
[2022-04-29T07:48:05.677+0000][161][safepoint   ] Safepoint "Cleanup", Time since last: 1008399626 ns, Reaching safepoint: 122083 ns, At safepoint: 3500 ns, Total: 125583 ns
[2022-04-29T07:48:07.679+0000][161][safepoint   ] Safepoint "Cleanup", Time since last: 2002062543 ns, Reaching safepoint: 257291 ns, At safepoint: 10250 ns, Total: 267541 ns
[2022-04-29T07:48:08.896+0000][161][gc,start    ] GC(30) Pause Young (Normal) (G1 Evacuation Pause)
[2022-04-29T07:48:08.896+0000][161][gc,task     ] GC(30) Using 5 workers of 5 for evacuation
[2022-04-29T07:48:08.897+0000][161][gc,age      ] GC(30) Desired survivor size 20971520 bytes, new threshold 15 (max threshold 15)
[2022-04-29T07:48:08.908+0000][161][gc,age      ] GC(30) Age table with threshold 15 (max threshold 15)
[2022-04-29T07:48:08.909+0000][161][gc,age      ] GC(30) - age   1:    1214584 bytes,    1214584 total
[2022-04-29T07:48:08.910+0000][161][gc,age      ] GC(30) - age   2:      73616 bytes,    1288200 total
[2022-04-29T07:48:08.911+0000][161][gc,age      ] GC(30) - age   3:       5696 bytes,    1293896 total
[2022-04-29T07:48:08.912+0000][161][gc,age      ] GC(30) - age   4:     276104 bytes,    1570000 total
[2022-04-29T07:48:08.913+0000][161][gc,age      ] GC(30) - age   5:       5160 bytes,    1575160 total
[2022-04-29T07:48:08.914+0000][161][gc,age      ] GC(30) - age   6:      13240 bytes,    1588400 total
[2022-04-29T07:48:08.914+0000][161][gc,age      ] GC(30) - age   7:       9952 bytes,    1598352 total
[2022-04-29T07:48:08.915+0000][161][gc,age      ] GC(30) - age   8:    1681736 bytes,    3280088 total
[2022-04-29T07:48:08.916+0000][161][gc,age      ] GC(30) - age   9:     138352 bytes,    3418440 total
[2022-04-29T07:48:08.916+0000][161][gc,age      ] GC(30) - age  10:      40600 bytes,    3459040 total
[2022-04-29T07:48:08.917+0000][161][gc,age      ] GC(30) - age  11:     159040 bytes,    3618080 total
[2022-04-29T07:48:08.918+0000][161][gc,age      ] GC(30) - age  12:    6291952 bytes,    9910032 total
[2022-04-29T07:48:08.918+0000][161][gc,age      ] GC(30) - age  13:    3291304 bytes,   13201336 total
[2022-04-29T07:48:08.919+0000][161][gc,age      ] GC(30) - age  14:    5322104 bytes,   18523440 total
[2022-04-29T07:48:08.920+0000][161][gc,age      ] GC(30) - age  15:     151712 bytes,   18675152 total
[2022-04-29T07:48:08.922+0000][161][gc,phases   ] GC(30)   Pre Evacuate Collection Set: 0.3ms
[2022-04-29T07:48:08.922+0000][161][gc,phases   ] GC(30)   Merge Heap Roots: 0.1ms
[2022-04-29T07:48:08.923+0000][161][gc,phases   ] GC(30)   Evacuate Collection Set: 8.2ms
[2022-04-29T07:48:08.924+0000][161][gc,phases   ] GC(30)   Post Evacuate Collection Set: 1.7ms
[2022-04-29T07:48:08.925+0000][161][gc,phases   ] GC(30)   Other: 15.6ms
[2022-04-29T07:48:08.926+0000][161][gc,heap     ] GC(30) Eden regions: 70->0(71)
[2022-04-29T07:48:08.926+0000][161][gc,heap     ] GC(30) Survivor regions: 6->5(10)
[2022-04-29T07:48:08.927+0000][161][gc,heap     ] GC(30) Old regions: 16->16
[2022-04-29T07:48:08.927+0000][161][gc,heap     ] GC(30) Archive regions: 2->2
[2022-04-29T07:48:08.928+0000][161][gc,heap     ] GC(30) Humongous regions: 6->6
[2022-04-29T07:48:08.928+0000][161][gc,metaspace] GC(30) Metaspace: 114914K(116672K)->114914K(116672K) NonClass: 99527K(100608K)->99527K(100608K) Class: 15386K(16064K)->15386K(16064K)
[2022-04-29T07:48:08.929+0000][161][gc          ] GC(30) Pause Young (Normal) (G1 Evacuation Pause) 391M->109M(512M) 33.146ms
[2022-04-29T07:48:08.929+0000][161][gc,cpu      ] GC(30) User=0.03s Sys=0.00s Real=0.03s
[2022-04-29T07:48:08.930+0000][161][safepoint   ] Safepoint "G1CollectForAllocation", Time since last: 1216288709 ns, Reaching safepoint: 116959 ns, At safepoint: 34372541 ns, Total: 34489500 ns
[2022-04-29T07:48:09.939+0000][161][safepoint   ] Safepoint "Cleanup", Time since last: 1005446251 ns, Reaching safepoint: 3097458 ns, At safepoint: 45417 ns, Total: 3142875 ns
[2022-04-29T07:48:11.973+0000][161][safepoint   ] Safepoint "Cleanup", Time since last: 2034155167 ns, Reaching safepoint: 491042 ns, At safepoint: 10208 ns, Total: 501250 ns
[2022-04-29T07:48:12.976+0000][161][safepoint   ] Safepoint "Cleanup", Time since last: 1002450543 ns, Reaching safepoint: 306583 ns, At safepoint: 5708 ns, Total: 312291 ns
[2022-04-29T07:48:14.979+0000][161][safepoint   ] Safepoint "Cleanup", Time since last: 2002877959 ns, Reaching safepoint: 105334 ns, At safepoint: 59083 ns, Total: 164417 ns
[2022-04-29T07:48:15.986+0000][161][safepoint   ] Safepoint "Cleanup", Time since last: 1005842333 ns, Reaching safepoint: 458208 ns, At safepoint: 11959 ns, Total: 470167 ns
[2022-04-29T07:48:17.992+0000][161][safepoint   ] Safepoint "Cleanup", Time since last: 2005844292 ns, Reaching safepoint: 81292 ns, At safepoint: 4083 ns, Total: 85375 ns
[2022-04-29T07:48:18.993+0000][161][safepoint   ] Safepoint "Cleanup", Time since last: 1001491709 ns, Reaching safepoint: 196292 ns, At safepoint: 4875 ns, Total: 201167 ns
[2022-04-29T07:48:19.999+0000][161][safepoint   ] Safepoint "Cleanup", Time since last: 1002099709 ns, Reaching safepoint: 3342041 ns, At safepoint: 22917 ns, Total: 3364958 ns
[2022-04-29T07:48:21.006+0000][161][safepoint   ] Safepoint "Cleanup", Time since last: 1007086459 ns, Reaching safepoint: 294541 ns, At safepoint: 23417 ns, Total: 317958 ns
[2022-04-29T07:48:23.008+0000][161][safepoint   ] Safepoint "Cleanup", Time since last: 2001673959 ns, Reaching safepoint: 390959 ns, At safepoint: 12708 ns, Total: 403667 ns
[2022-04-29T07:48:24.012+0000][161][safepoint   ] Safepoint "Cleanup", Time since last: 1003547584 ns, Reaching safepoint: 185541 ns, At safepoint: 7334 ns, Total: 192875 ns
[2022-04-29T07:48:25.017+0000][161][safepoint   ] Safepoint "Cleanup", Time since last: 1004372209 ns, Reaching safepoint: 326250 ns, At safepoint: 9666 ns, Total: 335916 ns
[2022-04-29T07:48:27.019+0000][161][safepoint   ] Safepoint "Cleanup", Time since last: 2002285585 ns, Reaching safepoint: 139375 ns, At safepoint: 4166 ns, Total: 143541 ns
[2022-04-29T07:48:28.023+0000][161][safepoint   ] Safepoint "Cleanup", Time since last: 1003046251 ns, Reaching safepoint: 299166 ns, At safepoint: 6125 ns, Total: 305291 ns
[2022-04-29T07:48:30.029+0000][161][safepoint   ] Safepoint "Cleanup", Time since last: 2005596460 ns, Reaching safepoint: 642833 ns, At safepoint: 13042 ns, Total: 655875 ns
[2022-04-29T07:48:33.035+0000][161][safepoint   ] Safepoint "Cleanup", Time since last: 3006395876 ns, Reaching safepoint: 166875 ns, At safepoint: 4625 ns, Total: 171500 ns
[2022-04-29T07:48:34.199+0000][161][safepoint   ] Safepoint "Cleanup", Time since last: 1163077834 ns, Reaching safepoint: 722250 ns, At safepoint: 6000 ns, Total: 728250 ns
[2022-04-29T07:48:35.205+0000][161][safepoint   ] Safepoint "Cleanup", Time since last: 1005421834 ns, Reaching safepoint: 233916 ns, At safepoint: 41792 ns, Total: 275708 ns
[2022-04-29T07:48:36.219+0000][161][safepoint   ] Safepoint "Cleanup", Time since last: 1012905626 ns, Reaching safepoint: 912916 ns, At safepoint: 19834 ns, Total: 932750 ns
[2022-04-29T07:48:37.250+0000][161][safepoint   ] Safepoint "Cleanup", Time since last: 1030808125 ns, Reaching safepoint: 367417 ns, At safepoint: 22166 ns, Total: 389583 ns
[2022-04-29T07:48:39.263+0000][161][safepoint   ] Safepoint "Cleanup", Time since last: 2012936793 ns, Reaching safepoint: 277958 ns, At safepoint: 13209 ns, Total: 291167 ns
[2022-04-29T07:48:40.266+0000][161][safepoint   ] Safepoint "Cleanup", Time since last: 1002510750 ns, Reaching safepoint: 86500 ns, At safepoint: 4167 ns, Total: 90667 ns
[2022-04-29T07:48:42.271+0000][161][safepoint   ] Safepoint "Cleanup", Time since last: 2004909209 ns, Reaching safepoint: 222750 ns, At safepoint: 7292 ns, Total: 230042 ns
[2022-04-29T07:48:45.279+0000][161][safepoint   ] Safepoint "Cleanup", Time since last: 3008374751 ns, Reaching safepoint: 138750 ns, At safepoint: 3709 ns, Total: 142459 ns
[2022-04-29T07:48:47.285+0000][161][safepoint   ] Safepoint "Cleanup", Time since last: 2005877375 ns, Reaching safepoint: 191041 ns, At safepoint: 5542 ns, Total: 196583 ns
[2022-04-29T07:48:48.288+0000][161][safepoint   ] Safepoint "Cleanup", Time since last: 1002330584 ns, Reaching safepoint: 99958 ns, At safepoint: 5000 ns, Total: 104958 ns
[2022-04-29T07:48:50.308+0000][161][safepoint   ] Safepoint "Cleanup", Time since last: 2019257251 ns, Reaching safepoint: 622625 ns, At safepoint: 10625 ns, Total: 633250 ns
[2022-04-29T07:48:51.322+0000][161][safepoint   ] Safepoint "Cleanup", Time since last: 1014259417 ns, Reaching safepoint: 294334 ns, At safepoint: 7041 ns, Total: 301375 ns
[2022-04-29T07:48:52.325+0000][161][safepoint   ] Safepoint "Cleanup", Time since last: 1002618667 ns, Reaching safepoint: 251334 ns, At safepoint: 8833 ns, Total: 260167 ns
[2022-04-29T07:48:54.336+0000][161][safepoint   ] Safepoint "Cleanup", Time since last: 2011012293 ns, Reaching safepoint: 281458 ns, At safepoint: 6167 ns, Total: 287625 ns
[2022-04-29T07:48:55.339+0000][161][safepoint   ] Safepoint "Cleanup", Time since last: 1002791667 ns, Reaching safepoint: 209791 ns, At safepoint: 4500 ns, Total: 214291 ns
[2022-04-29T07:48:56.344+0000][161][safepoint   ] Safepoint "Cleanup", Time since last: 1003948668 ns, Reaching safepoint: 205583 ns, At safepoint: 6208 ns, Total: 211791 ns
[2022-04-29T07:48:57.348+0000][161][safepoint   ] Safepoint "Cleanup", Time since last: 1004327542 ns, Reaching safepoint: 112834 ns, At safepoint: 4666 ns, Total: 117500 ns
[2022-04-29T07:48:58.350+0000][161][safepoint   ] Safepoint "Cleanup", Time since last: 1001294376 ns, Reaching safepoint: 176417 ns, At safepoint: 5125 ns, Total: 181542 ns
[2022-04-29T07:49:00.354+0000][161][safepoint   ] Safepoint "Cleanup", Time since last: 2003720959 ns, Reaching safepoint: 586125 ns, At safepoint: 21625 ns, Total: 607750 ns
[2022-04-29T07:49:02.363+0000][161][safepoint   ] Safepoint "Cleanup", Time since last: 2008185042 ns, Reaching safepoint: 1440750 ns, At safepoint: 13292 ns, Total: 1454042 ns
[2022-04-29T07:49:03.367+0000][161][safepoint   ] Safepoint "Cleanup", Time since last: 1003023084 ns, Reaching safepoint: 256625 ns, At safepoint: 8667 ns, Total: 265292 ns
[2022-04-29T07:49:05.375+0000][161][safepoint   ] Safepoint "Cleanup", Time since last: 2008027626 ns, Reaching safepoint: 213750 ns, At safepoint: 5416 ns, Total: 219166 ns
[2022-04-29T07:49:06.390+0000][161][safepoint   ] Safepoint "Cleanup", Time since last: 1005694501 ns, Reaching safepoint: 9277375 ns, At safepoint: 14333 ns, Total: 9291708 ns
[2022-04-29T07:49:07.399+0000][161][safepoint   ] Safepoint "Cleanup", Time since last: 1008237126 ns, Reaching safepoint: 499708 ns, At safepoint: 10583 ns, Total: 510291 ns
[2022-04-29T07:49:09.408+0000][161][safepoint   ] Safepoint "Cleanup", Time since last: 2008968709 ns, Reaching safepoint: 119834 ns, At safepoint: 4875 ns, Total: 124709 ns
[2022-04-29T07:49:10.413+0000][161][safepoint   ] Safepoint "Cleanup", Time since last: 1004871542 ns, Reaching safepoint: 128417 ns, At safepoint: 6916 ns, Total: 135333 ns
[2022-04-29T07:49:12.417+0000][161][safepoint   ] Safepoint "Cleanup", Time since last: 2003977168 ns, Reaching safepoint: 204000 ns, At safepoint: 6458 ns, Total: 210458 ns
[2022-04-29T07:49:15.432+0000][161][safepoint   ] Safepoint "Cleanup", Time since last: 3014677085 ns, Reaching safepoint: 58292 ns, At safepoint: 2458 ns, Total: 60750 ns
[2022-04-29T07:49:17.437+0000][161][safepoint   ] Safepoint "Cleanup", Time since last: 2004483917 ns, Reaching safepoint: 926875 ns, At safepoint: 26333 ns, Total: 953208 ns
[2022-04-29T07:49:18.446+0000][161][safepoint   ] Safepoint "Cleanup", Time since last: 1008413751 ns, Reaching safepoint: 280125 ns, At safepoint: 9458 ns, Total: 289583 ns
[2022-04-29T07:49:20.470+0000][161][safepoint   ] Safepoint "Cleanup", Time since last: 2023812168 ns, Reaching safepoint: 502916 ns, At safepoint: 17292 ns, Total: 520208 ns
[2022-04-29T07:49:21.489+0000][161][safepoint   ] Safepoint "Cleanup", Time since last: 1018352542 ns, Reaching safepoint: 108792 ns, At safepoint: 5042 ns, Total: 113834 ns
[2022-04-29T07:49:22.501+0000][161][safepoint   ] Safepoint "Cleanup", Time since last: 1012129833 ns, Reaching safepoint: 154334 ns, At safepoint: 4916 ns, Total: 159250 ns
[2022-04-29T07:49:23.808+0000][161][gc,start    ] GC(31) Pause Young (Normal) (G1 Evacuation Pause)
[2022-04-29T07:49:23.819+0000][161][gc,task     ] GC(31) Using 5 workers of 5 for evacuation
[2022-04-29T07:49:23.821+0000][161][gc,age      ] GC(31) Desired survivor size 20971520 bytes, new threshold 15 (max threshold 15)
[2022-04-29T07:49:23.839+0000][161][gc,age      ] GC(31) Age table with threshold 15 (max threshold 15)
[2022-04-29T07:49:23.841+0000][161][gc,age      ] GC(31) - age   1:    1114568 bytes,    1114568 total
[2022-04-29T07:49:23.843+0000][161][gc,age      ] GC(31) - age   2:     178040 bytes,    1292608 total
[2022-04-29T07:49:23.844+0000][161][gc,age      ] GC(31) - age   3:      71432 bytes,    1364040 total
[2022-04-29T07:49:23.845+0000][161][gc,age      ] GC(31) - age   4:       5696 bytes,    1369736 total
[2022-04-29T07:49:23.847+0000][161][gc,age      ] GC(31) - age   5:     275928 bytes,    1645664 total
[2022-04-29T07:49:23.848+0000][161][gc,age      ] GC(31) - age   6:       5096 bytes,    1650760 total
[2022-04-29T07:49:23.849+0000][161][gc,age      ] GC(31) - age   7:      13240 bytes,    1664000 total
[2022-04-29T07:49:23.850+0000][161][gc,age      ] GC(31) - age   8:       9952 bytes,    1673952 total
[2022-04-29T07:49:23.851+0000][161][gc,age      ] GC(31) - age   9:    1681736 bytes,    3355688 total
[2022-04-29T07:49:23.853+0000][161][gc,age      ] GC(31) - age  10:     138048 bytes,    3493736 total
[2022-04-29T07:49:23.853+0000][161][gc,age      ] GC(31) - age  11:      40600 bytes,    3534336 total
[2022-04-29T07:49:23.854+0000][161][gc,age      ] GC(31) - age  12:     159040 bytes,    3693376 total
[2022-04-29T07:49:23.855+0000][161][gc,age      ] GC(31) - age  13:    6291936 bytes,    9985312 total
[2022-04-29T07:49:23.856+0000][161][gc,age      ] GC(31) - age  14:    3291288 bytes,   13276600 total
[2022-04-29T07:49:23.857+0000][161][gc,age      ] GC(31) - age  15:    5322104 bytes,   18598704 total
[2022-04-29T07:49:23.857+0000][161][gc,phases   ] GC(31)   Pre Evacuate Collection Set: 0.2ms
[2022-04-29T07:49:23.858+0000][161][gc,phases   ] GC(31)   Merge Heap Roots: 0.5ms
[2022-04-29T07:49:23.859+0000][161][gc,phases   ] GC(31)   Evacuate Collection Set: 13.4ms
[2022-04-29T07:49:23.860+0000][161][gc,phases   ] GC(31)   Post Evacuate Collection Set: 2.4ms
[2022-04-29T07:49:23.861+0000][161][gc,phases   ] GC(31)   Other: 33.4ms
[2022-04-29T07:49:23.862+0000][161][gc,heap     ] GC(31) Eden regions: 71->0(71)
[2022-04-29T07:49:23.863+0000][161][gc,heap     ] GC(31) Survivor regions: 5->5(10)
[2022-04-29T07:49:23.864+0000][161][gc,heap     ] GC(31) Old regions: 16->16
[2022-04-29T07:49:23.866+0000][161][gc,heap     ] GC(31) Archive regions: 2->2
[2022-04-29T07:49:23.867+0000][161][gc,heap     ] GC(31) Humongous regions: 6->6
[2022-04-29T07:49:23.869+0000][161][gc,metaspace] GC(31) Metaspace: 115121K(116864K)->115121K(116864K) NonClass: 99723K(100800K)->99723K(100800K) Class: 15398K(16064K)->15398K(16064K)
[2022-04-29T07:49:23.870+0000][161][gc          ] GC(31) Pause Young (Normal) (G1 Evacuation Pause) 393M->110M(512M) 62.772ms
[2022-04-29T07:49:23.871+0000][161][gc,cpu      ] GC(31) User=0.06s Sys=0.00s Real=0.06s
[2022-04-29T07:49:23.873+0000][161][safepoint   ] Safepoint "G1CollectForAllocation", Time since last: 1306150626 ns, Reaching safepoint: 337083 ns, At safepoint: 65128084 ns, Total: 65465167 ns
[2022-04-29T07:49:24.874+0000][161][safepoint   ] Safepoint "Cleanup", Time since last: 1000829834 ns, Reaching safepoint: 338041 ns, At safepoint: 11625 ns, Total: 349666 ns
[2022-04-29T07:49:26.880+0000][161][safepoint   ] Safepoint "Cleanup", Time since last: 2006003543 ns, Reaching safepoint: 184500 ns, At safepoint: 5250 ns, Total: 189750 ns
[2022-04-29T07:49:27.881+0000][161][safepoint   ] Safepoint "Cleanup", Time since last: 1001332667 ns, Reaching safepoint: 64458 ns, At safepoint: 3542 ns, Total: 68000 ns
[2022-04-29T07:49:28.884+0000][161][safepoint   ] Safepoint "Cleanup", Time since last: 1002537375 ns, Reaching safepoint: 285167 ns, At safepoint: 7417 ns, Total: 292584 ns
[2022-04-29T07:49:29.898+0000][161][safepoint   ] Safepoint "Cleanup", Time since last: 1012983292 ns, Reaching safepoint: 670792 ns, At safepoint: 7125 ns, Total: 677917 ns
[2022-04-29T07:49:32.909+0000][161][safepoint   ] Safepoint "Cleanup", Time since last: 3011477959 ns, Reaching safepoint: 60000 ns, At safepoint: 2959 ns, Total: 62959 ns
[2022-04-29T07:49:33.913+0000][161][safepoint   ] Safepoint "Cleanup", Time since last: 1002841375 ns, Reaching safepoint: 405834 ns, At safepoint: 7708 ns, Total: 413542 ns
[2022-04-29T07:49:34.924+0000][161][safepoint   ] Safepoint "Cleanup", Time since last: 1010915084 ns, Reaching safepoint: 146125 ns, At safepoint: 4708 ns, Total: 150833 ns
[2022-04-29T07:49:35.930+0000][161][safepoint   ] Safepoint "Cleanup", Time since last: 1005400876 ns, Reaching safepoint: 393375 ns, At safepoint: 8041 ns, Total: 401416 ns
[2022-04-29T07:49:37.942+0000][161][safepoint   ] Safepoint "Cleanup", Time since last: 2012869584 ns, Reaching safepoint: 73709 ns, At safepoint: 1833 ns, Total: 75542 ns
[2022-04-29T07:49:38.944+0000][161][safepoint   ] Safepoint "Cleanup", Time since last: 1001348626 ns, Reaching safepoint: 48666 ns, At safepoint: 1917 ns, Total: 50583 ns
[2022-04-29T07:49:39.945+0000][161][safepoint   ] Safepoint "Cleanup", Time since last: 1001198084 ns, Reaching safepoint: 68666 ns, At safepoint: 1834 ns, Total: 70500 ns
[2022-04-29T07:49:40.949+0000][161][safepoint   ] Safepoint "Cleanup", Time since last: 1002677875 ns, Reaching safepoint: 855625 ns, At safepoint: 12709 ns, Total: 868334 ns
[2022-04-29T07:49:41.968+0000][161][safepoint   ] Safepoint "Cleanup", Time since last: 1018834958 ns, Reaching safepoint: 275167 ns, At safepoint: 7958 ns, Total: 283125 ns
[2022-04-29T07:49:42.974+0000][161][safepoint   ] Safepoint "Cleanup", Time since last: 1005720501 ns, Reaching safepoint: 295167 ns, At safepoint: 8875 ns, Total: 304042 ns
[2022-04-29T07:49:44.982+0000][161][safepoint   ] Safepoint "Cleanup", Time since last: 2007809125 ns, Reaching safepoint: 91792 ns, At safepoint: 4042 ns, Total: 95834 ns
[2022-04-29T07:49:45.993+0000][161][safepoint   ] Safepoint "Cleanup", Time since last: 1004383333 ns, Reaching safepoint: 2449500 ns, At safepoint: 22916 ns, Total: 2472416 ns
[2022-04-29T07:49:48.002+0000][161][safepoint   ] Safepoint "Cleanup", Time since last: 2008125543 ns, Reaching safepoint: 273167 ns, At safepoint: 5791 ns, Total: 278958 ns
[2022-04-29T07:49:50.005+0000][161][safepoint   ] Safepoint "Cleanup", Time since last: 2003614376 ns, Reaching safepoint: 181125 ns, At safepoint: 12917 ns, Total: 194042 ns
[2022-04-29T07:49:51.037+0000][161][safepoint   ] Safepoint "Cleanup", Time since last: 1031403375 ns, Reaching safepoint: 50084 ns, At safepoint: 1791 ns, Total: 51875 ns
[2022-04-29T07:49:53.040+0000][161][safepoint   ] Safepoint "Cleanup", Time since last: 2002983210 ns, Reaching safepoint: 295166 ns, At safepoint: 10959 ns, Total: 306125 ns
[2022-04-29T07:49:54.055+0000][161][safepoint   ] Safepoint "Cleanup", Time since last: 1014420667 ns, Reaching safepoint: 585666 ns, At safepoint: 17000 ns, Total: 602666 ns
[2022-04-29T07:49:55.064+0000][161][safepoint   ] Safepoint "Cleanup", Time since last: 1008285084 ns, Reaching safepoint: 714875 ns, At safepoint: 15000 ns, Total: 729875 ns
[2022-04-29T07:49:57.073+0000][161][safepoint   ] Safepoint "Cleanup", Time since last: 2008514668 ns, Reaching safepoint: 76667 ns, At safepoint: 6333 ns, Total: 83000 ns
[2022-04-29T07:49:58.074+0000][161][safepoint   ] Safepoint "Cleanup", Time since last: 1000950042 ns, Reaching safepoint: 79250 ns, At safepoint: 3250 ns, Total: 82500 ns
[2022-04-29T07:49:59.077+0000][161][safepoint   ] Safepoint "Cleanup", Time since last: 1002467459 ns, Reaching safepoint: 305333 ns, At safepoint: 6292 ns, Total: 311625 ns
[2022-04-29T07:50:00.082+0000][161][safepoint   ] Safepoint "Cleanup", Time since last: 1005003167 ns, Reaching safepoint: 415333 ns, At safepoint: 7292 ns, Total: 422625 ns
[2022-04-29T07:50:01.098+0000][161][safepoint   ] Safepoint "Cleanup", Time since last: 1015386001 ns, Reaching safepoint: 191750 ns, At safepoint: 9041 ns, Total: 200791 ns
[2022-04-29T07:50:03.113+0000][161][safepoint   ] Safepoint "Cleanup", Time since last: 2015685876 ns, Reaching safepoint: 86125 ns, At safepoint: 3625 ns, Total: 89750 ns
[2022-04-29T07:50:05.115+0000][161][safepoint   ] Safepoint "Cleanup", Time since last: 2001365626 ns, Reaching safepoint: 280625 ns, At safepoint: 8375 ns, Total: 289000 ns
[2022-04-29T07:50:06.119+0000][161][safepoint   ] Safepoint "Cleanup", Time since last: 1003606251 ns, Reaching safepoint: 763250 ns, At safepoint: 16083 ns, Total: 779333 ns
[2022-04-29T07:50:08.127+0000][161][safepoint   ] Safepoint "Cleanup", Time since last: 2007109668 ns, Reaching safepoint: 183500 ns, At safepoint: 10166 ns, Total: 193666 ns
[2022-04-29T07:50:09.129+0000][161][safepoint   ] Safepoint "Cleanup", Time since last: 1001948376 ns, Reaching safepoint: 54666 ns, At safepoint: 2084 ns, Total: 56750 ns
[2022-04-29T07:50:10.134+0000][161][safepoint   ] Safepoint "Cleanup", Time since last: 1004931125 ns, Reaching safepoint: 129167 ns, At safepoint: 5291 ns, Total: 134458 ns
[2022-04-29T07:50:12.142+0000][161][safepoint   ] Safepoint "Cleanup", Time since last: 2008056835 ns, Reaching safepoint: 644916 ns, At safepoint: 21834 ns, Total: 666750 ns
[2022-04-29T07:50:13.156+0000][161][safepoint   ] Safepoint "Cleanup", Time since last: 1013032250 ns, Reaching safepoint: 201875 ns, At safepoint: 6500 ns, Total: 208375 ns
[2022-04-29T07:50:15.169+0000][161][safepoint   ] Safepoint "Cleanup", Time since last: 2013611918 ns, Reaching safepoint: 78750 ns, At safepoint: 3292 ns, Total: 82042 ns
[2022-04-29T07:50:17.173+0000][161][safepoint   ] Safepoint "Cleanup", Time since last: 2007629500 ns, Reaching safepoint: 387375 ns, At safepoint: 23041 ns, Total: 410416 ns
[2022-04-29T07:50:18.183+0000][161][safepoint   ] Safepoint "Cleanup", Time since last: 1009094792 ns, Reaching safepoint: 663167 ns, At safepoint: 43167 ns, Total: 706334 ns
[2022-04-29T07:50:20.189+0000][161][safepoint   ] Safepoint "Cleanup", Time since last: 2006462042 ns, Reaching safepoint: 393292 ns, At safepoint: 14750 ns, Total: 408042 ns
[2022-04-29T07:50:21.201+0000][161][safepoint   ] Safepoint "Cleanup", Time since last: 1011280500 ns, Reaching safepoint: 77542 ns, At safepoint: 2708 ns, Total: 80250 ns
[2022-04-29T07:50:22.202+0000][161][safepoint   ] Safepoint "Cleanup", Time since last: 1001327834 ns, Reaching safepoint: 163834 ns, At safepoint: 3916 ns, Total: 167750 ns
[2022-04-29T07:50:23.206+0000][161][safepoint   ] Safepoint "Cleanup", Time since last: 1003246001 ns, Reaching safepoint: 557708 ns, At safepoint: 35792 ns, Total: 593500 ns
[2022-04-29T07:50:24.211+0000][161][safepoint   ] Safepoint "Cleanup", Time since last: 1003936084 ns, Reaching safepoint: 495958 ns, At safepoint: 11250 ns, Total: 507208 ns
[2022-04-29T07:50:25.222+0000][161][safepoint   ] Safepoint "Cleanup", Time since last: 1010856042 ns, Reaching safepoint: 249167 ns, At safepoint: 11833 ns, Total: 261000 ns
[2022-04-29T07:50:27.235+0000][161][safepoint   ] Safepoint "Cleanup", Time since last: 2012768543 ns, Reaching safepoint: 69083 ns, At safepoint: 1875 ns, Total: 70958 ns
[2022-04-29T07:50:28.242+0000][161][safepoint   ] Safepoint "Cleanup", Time since last: 1006952209 ns, Reaching safepoint: 147458 ns, At safepoint: 7500 ns, Total: 154958 ns
[2022-04-29T07:50:30.245+0000][161][safepoint   ] Safepoint "Cleanup", Time since last: 2002931668 ns, Reaching safepoint: 82250 ns, At safepoint: 4208 ns, Total: 86458 ns
[2022-04-29T07:50:32.256+0000][161][safepoint   ] Safepoint "Cleanup", Time since last: 2010962043 ns, Reaching safepoint: 312166 ns, At safepoint: 13917 ns, Total: 326083 ns
[2022-04-29T07:50:33.270+0000][161][safepoint   ] Safepoint "Cleanup", Time since last: 1013627959 ns, Reaching safepoint: 116833 ns, At safepoint: 4209 ns, Total: 121042 ns
[2022-04-29T07:50:35.275+0000][161][safepoint   ] Safepoint "Cleanup", Time since last: 2005194542 ns, Reaching safepoint: 167750 ns, At safepoint: 7334 ns, Total: 175084 ns
[2022-04-29T07:50:36.296+0000][161][safepoint   ] Safepoint "Cleanup", Time since last: 1017411167 ns, Reaching safepoint: 3806750 ns, At safepoint: 20208 ns, Total: 3826958 ns
[2022-04-29T07:50:37.303+0000][161][safepoint   ] Safepoint "Cleanup", Time since last: 1006515750 ns, Reaching safepoint: 628459 ns, At safepoint: 8916 ns, Total: 637375 ns
[2022-04-29T07:50:39.320+0000][161][safepoint   ] Safepoint "Cleanup", Time since last: 2016075960 ns, Reaching safepoint: 86041 ns, At safepoint: 3042 ns, Total: 89083 ns
[2022-04-29T07:50:40.322+0000][161][safepoint   ] Safepoint "Cleanup", Time since last: 1002239626 ns, Reaching safepoint: 87250 ns, At safepoint: 2791 ns, Total: 90041 ns
[2022-04-29T07:50:42.328+0000][161][safepoint   ] Safepoint "Cleanup", Time since last: 2005490460 ns, Reaching safepoint: 264416 ns, At safepoint: 8084 ns, Total: 272500 ns
[2022-04-29T07:50:45.332+0000][161][safepoint   ] Safepoint "Cleanup", Time since last: 3004408459 ns, Reaching safepoint: 307667 ns, At safepoint: 3958 ns, Total: 311625 ns
[2022-04-29T07:50:46.583+0000][161][gc,start    ] GC(32) Pause Young (Normal) (G1 Evacuation Pause)
[2022-04-29T07:50:46.585+0000][161][gc,task     ] GC(32) Using 5 workers of 5 for evacuation
[2022-04-29T07:50:46.586+0000][161][gc,age      ] GC(32) Desired survivor size 20971520 bytes, new threshold 15 (max threshold 15)
[2022-04-29T07:50:46.597+0000][161][gc,age      ] GC(32) Age table with threshold 15 (max threshold 15)
[2022-04-29T07:50:46.598+0000][161][gc,age      ] GC(32) - age   1:    1630200 bytes,    1630200 total
[2022-04-29T07:50:46.599+0000][161][gc,age      ] GC(32) - age   2:     107984 bytes,    1738184 total
[2022-04-29T07:50:46.600+0000][161][gc,age      ] GC(32) - age   3:     175776 bytes,    1913960 total
[2022-04-29T07:50:46.602+0000][161][gc,age      ] GC(32) - age   4:      70608 bytes,    1984568 total
[2022-04-29T07:50:46.603+0000][161][gc,age      ] GC(32) - age   5:       5696 bytes,    1990264 total
[2022-04-29T07:50:46.605+0000][161][gc,age      ] GC(32) - age   6:     275616 bytes,    2265880 total
[2022-04-29T07:50:46.606+0000][161][gc,age      ] GC(32) - age   7:       5064 bytes,    2270944 total
[2022-04-29T07:50:46.608+0000][161][gc,age      ] GC(32) - age   8:      13240 bytes,    2284184 total
[2022-04-29T07:50:46.609+0000][161][gc,age      ] GC(32) - age   9:       9952 bytes,    2294136 total
[2022-04-29T07:50:46.610+0000][161][gc,age      ] GC(32) - age  10:    1673720 bytes,    3967856 total
[2022-04-29T07:50:46.610+0000][161][gc,age      ] GC(32) - age  11:     138048 bytes,    4105904 total
[2022-04-29T07:50:46.611+0000][161][gc,age      ] GC(32) - age  12:      40600 bytes,    4146504 total
[2022-04-29T07:50:46.612+0000][161][gc,age      ] GC(32) - age  13:     159040 bytes,    4305544 total
[2022-04-29T07:50:46.613+0000][161][gc,age      ] GC(32) - age  14:    6283504 bytes,   10589048 total
[2022-04-29T07:50:46.614+0000][161][gc,age      ] GC(32) - age  15:    3291288 bytes,   13880336 total
[2022-04-29T07:50:46.616+0000][161][gc,phases   ] GC(32)   Pre Evacuate Collection Set: 0.1ms
[2022-04-29T07:50:46.617+0000][161][gc,phases   ] GC(32)   Merge Heap Roots: 0.1ms
[2022-04-29T07:50:46.618+0000][161][gc,phases   ] GC(32)   Evacuate Collection Set: 7.6ms
[2022-04-29T07:50:46.619+0000][161][gc,phases   ] GC(32)   Post Evacuate Collection Set: 2.5ms
[2022-04-29T07:50:46.620+0000][161][gc,phases   ] GC(32)   Other: 22.3ms
[2022-04-29T07:50:46.621+0000][161][gc,heap     ] GC(32) Eden regions: 71->0(72)
[2022-04-29T07:50:46.621+0000][161][gc,heap     ] GC(32) Survivor regions: 5->4(10)
[2022-04-29T07:50:46.622+0000][161][gc,heap     ] GC(32) Old regions: 16->18
[2022-04-29T07:50:46.623+0000][161][gc,heap     ] GC(32) Archive regions: 2->2
[2022-04-29T07:50:46.623+0000][161][gc,heap     ] GC(32) Humongous regions: 6->6
[2022-04-29T07:50:46.625+0000][161][gc,metaspace] GC(32) Metaspace: 115161K(116864K)->115161K(116864K) NonClass: 99763K(100800K)->99763K(100800K) Class: 15398K(16064K)->15398K(16064K)
[2022-04-29T07:50:46.626+0000][161][gc          ] GC(32) Pause Young (Normal) (G1 Evacuation Pause) 394M->112M(512M) 42.263ms
[2022-04-29T07:50:46.626+0000][161][gc,cpu      ] GC(32) User=0.03s Sys=0.00s Real=0.04s
[2022-04-29T07:50:46.627+0000][161][safepoint   ] Safepoint "G1CollectForAllocation", Time since last: 1250651583 ns, Reaching safepoint: 318417 ns, At safepoint: 43865792 ns, Total: 44184209 ns
[2022-04-29T07:50:47.631+0000][161][safepoint   ] Safepoint "Cleanup", Time since last: 1003147708 ns, Reaching safepoint: 355625 ns, At safepoint: 13584 ns, Total: 369209 ns
[2022-04-29T07:50:48.648+0000][161][safepoint   ] Safepoint "Cleanup", Time since last: 1017136042 ns, Reaching safepoint: 424125 ns, At safepoint: 18833 ns, Total: 442958 ns
[2022-04-29T07:50:50.662+0000][161][safepoint   ] Safepoint "Cleanup", Time since last: 2013345876 ns, Reaching safepoint: 248000 ns, At safepoint: 9125 ns, Total: 257125 ns
[2022-04-29T07:50:51.665+0000][161][safepoint   ] Safepoint "Cleanup", Time since last: 1002957709 ns, Reaching safepoint: 140458 ns, At safepoint: 6709 ns, Total: 147167 ns
[2022-04-29T07:50:52.671+0000][161][safepoint   ] Safepoint "Cleanup", Time since last: 1005963167 ns, Reaching safepoint: 428083 ns, At safepoint: 7958 ns, Total: 436041 ns
[2022-04-29T07:50:54.683+0000][161][safepoint   ] Safepoint "Cleanup", Time since last: 2010474001 ns, Reaching safepoint: 749125 ns, At safepoint: 12292 ns, Total: 761417 ns
[2022-04-29T07:50:56.688+0000][161][safepoint   ] Safepoint "Cleanup", Time since last: 2005014543 ns, Reaching safepoint: 277875 ns, At safepoint: 10708 ns, Total: 288583 ns
[2022-04-29T07:50:57.695+0000][161][safepoint   ] Safepoint "Cleanup", Time since last: 1006911709 ns, Reaching safepoint: 75125 ns, At safepoint: 1875 ns, Total: 77000 ns
[2022-04-29T07:50:58.697+0000][161][safepoint   ] Safepoint "Cleanup", Time since last: 1002001334 ns, Reaching safepoint: 232041 ns, At safepoint: 9334 ns, Total: 241375 ns
[2022-04-29T07:50:59.701+0000][161][safepoint   ] Safepoint "Cleanup", Time since last: 1003482042 ns, Reaching safepoint: 329958 ns, At safepoint: 9125 ns, Total: 339083 ns
[2022-04-29T07:51:00.706+0000][161][safepoint   ] Safepoint "Cleanup", Time since last: 1004874876 ns, Reaching safepoint: 549458 ns, At safepoint: 15375 ns, Total: 564833 ns
[2022-04-29T07:51:02.712+0000][161][safepoint   ] Safepoint "Cleanup", Time since last: 2004863876 ns, Reaching safepoint: 253458 ns, At safepoint: 11334 ns, Total: 264792 ns
[2022-04-29T07:51:03.721+0000][161][safepoint   ] Safepoint "Cleanup", Time since last: 1009411167 ns, Reaching safepoint: 268375 ns, At safepoint: 5750 ns, Total: 274125 ns
[2022-04-29T07:51:04.733+0000][161][safepoint   ] Safepoint "Cleanup", Time since last: 1011000875 ns, Reaching safepoint: 244542 ns, At safepoint: 9333 ns, Total: 253875 ns
[2022-04-29T07:51:05.736+0000][161][safepoint   ] Safepoint "Cleanup", Time since last: 1002987501 ns, Reaching safepoint: 265791 ns, At safepoint: 9875 ns, Total: 275666 ns
[2022-04-29T07:51:07.740+0000][161][safepoint   ] Safepoint "Cleanup", Time since last: 2004178793 ns, Reaching safepoint: 378208 ns, At safepoint: 11375 ns, Total: 389583 ns
[2022-04-29T07:51:09.752+0000][161][safepoint   ] Safepoint "Cleanup", Time since last: 2011446210 ns, Reaching safepoint: 84000 ns, At safepoint: 2208 ns, Total: 86208 ns
[2022-04-29T07:51:12.760+0000][161][safepoint   ] Safepoint "Cleanup", Time since last: 3008181710 ns, Reaching safepoint: 342833 ns, At safepoint: 7625 ns, Total: 350458 ns
[2022-04-29T07:51:15.764+0000][161][safepoint   ] Safepoint "Cleanup", Time since last: 3004249792 ns, Reaching safepoint: 106542 ns, At safepoint: 4917 ns, Total: 111459 ns
[2022-04-29T07:51:17.782+0000][161][safepoint   ] Safepoint "Cleanup", Time since last: 2016541500 ns, Reaching safepoint: 1624459 ns, At safepoint: 14125 ns, Total: 1638584 ns
[2022-04-29T07:51:18.795+0000][161][safepoint   ] Safepoint "Cleanup", Time since last: 1012442000 ns, Reaching safepoint: 249209 ns, At safepoint: 21333 ns, Total: 270542 ns
[2022-04-29T07:51:19.798+0000][161][safepoint   ] Safepoint "Cleanup", Time since last: 1002546459 ns, Reaching safepoint: 841250 ns, At safepoint: 172666 ns, Total: 1013916 ns
[2022-04-29T07:51:21.807+0000][161][safepoint   ] Safepoint "Cleanup", Time since last: 2008237876 ns, Reaching safepoint: 381542 ns, At safepoint: 10458 ns, Total: 392000 ns
[2022-04-29T07:51:22.814+0000][161][safepoint   ] Safepoint "Cleanup", Time since last: 1006676001 ns, Reaching safepoint: 546708 ns, At safepoint: 57959 ns, Total: 604667 ns
[2022-04-29T07:51:24.823+0000][161][safepoint   ] Safepoint "Cleanup", Time since last: 2008021126 ns, Reaching safepoint: 1150083 ns, At safepoint: 8417 ns, Total: 1158500 ns
[2022-04-29T07:51:26.830+0000][161][safepoint   ] Safepoint "Cleanup", Time since last: 2005921584 ns, Reaching safepoint: 581583 ns, At safepoint: 13208 ns, Total: 594791 ns
[2022-04-29T07:51:27.836+0000][161][safepoint   ] Safepoint "Cleanup", Time since last: 1005416501 ns, Reaching safepoint: 307583 ns, At safepoint: 7667 ns, Total: 315250 ns
[2022-04-29T07:51:28.839+0000][161][safepoint   ] Safepoint "Cleanup", Time since last: 1002885667 ns, Reaching safepoint: 184542 ns, At safepoint: 5916 ns, Total: 190458 ns
[2022-04-29T07:51:29.843+0000][161][safepoint   ] Safepoint "Cleanup", Time since last: 1002409084 ns, Reaching safepoint: 1678000 ns, At safepoint: 21167 ns, Total: 1699167 ns
[2022-04-29T07:51:30.866+0000][161][safepoint   ] Safepoint "Cleanup", Time since last: 1023077709 ns, Reaching safepoint: 345291 ns, At safepoint: 11084 ns, Total: 356375 ns
[2022-04-29T07:51:32.886+0000][161][safepoint   ] Safepoint "Cleanup", Time since last: 2017027251 ns, Reaching safepoint: 2506666 ns, At safepoint: 15875 ns, Total: 2522541 ns
[2022-04-29T07:51:33.888+0000][161][safepoint   ] Safepoint "Cleanup", Time since last: 1002129793 ns, Reaching safepoint: 521291 ns, At safepoint: 25167 ns, Total: 546458 ns
[2022-04-29T07:51:34.893+0000][161][safepoint   ] Safepoint "Cleanup", Time since last: 1004593667 ns, Reaching safepoint: 372042 ns, At safepoint: 7041 ns, Total: 379083 ns
[2022-04-29T07:51:35.899+0000][161][safepoint   ] Safepoint "Cleanup", Time since last: 1005621709 ns, Reaching safepoint: 378125 ns, At safepoint: 37250 ns, Total: 415375 ns
[2022-04-29T07:51:37.909+0000][161][safepoint   ] Safepoint "Cleanup", Time since last: 2009452334 ns, Reaching safepoint: 523792 ns, At safepoint: 13167 ns, Total: 536959 ns
[2022-04-29T07:51:38.916+0000][161][safepoint   ] Safepoint "Cleanup", Time since last: 1006369667 ns, Reaching safepoint: 231958 ns, At safepoint: 10834 ns, Total: 242792 ns
[2022-04-29T07:51:39.924+0000][161][safepoint   ] Safepoint "Cleanup", Time since last: 1008034875 ns, Reaching safepoint: 180042 ns, At safepoint: 5291 ns, Total: 185333 ns
[2022-04-29T07:51:41.932+0000][161][safepoint   ] Safepoint "Cleanup", Time since last: 2007250960 ns, Reaching safepoint: 468791 ns, At safepoint: 12959 ns, Total: 481750 ns
[2022-04-29T07:51:42.940+0000][161][safepoint   ] Safepoint "Cleanup", Time since last: 1007466000 ns, Reaching safepoint: 232042 ns, At safepoint: 9416 ns, Total: 241458 ns
[2022-04-29T07:51:44.954+0000][161][safepoint   ] Safepoint "Cleanup", Time since last: 2014157835 ns, Reaching safepoint: 233708 ns, At safepoint: 3958 ns, Total: 237666 ns
[2022-04-29T07:51:45.956+0000][161][safepoint   ] Safepoint "Cleanup", Time since last: 1000875542 ns, Reaching safepoint: 211792 ns, At safepoint: 4000 ns, Total: 215792 ns
[2022-04-29T07:51:47.962+0000][161][safepoint   ] Safepoint "Cleanup", Time since last: 2006033168 ns, Reaching safepoint: 156875 ns, At safepoint: 8750 ns, Total: 165625 ns
[2022-04-29T07:51:49.971+0000][161][safepoint   ] Safepoint "Cleanup", Time since last: 2008267042 ns, Reaching safepoint: 891000 ns, At safepoint: 70334 ns, Total: 961334 ns
[2022-04-29T07:51:50.978+0000][161][safepoint   ] Safepoint "Cleanup", Time since last: 1006252583 ns, Reaching safepoint: 79459 ns, At safepoint: 3708 ns, Total: 83167 ns
[2022-04-29T07:51:51.981+0000][161][safepoint   ] Safepoint "Cleanup", Time since last: 1002963334 ns, Reaching safepoint: 358250 ns, At safepoint: 9083 ns, Total: 367333 ns
[2022-04-29T07:51:52.987+0000][161][safepoint   ] Safepoint "Cleanup", Time since last: 1006105459 ns, Reaching safepoint: 197958 ns, At safepoint: 8292 ns, Total: 206250 ns
[2022-04-29T07:51:53.999+0000][161][safepoint   ] Safepoint "Cleanup", Time since last: 1011257125 ns, Reaching safepoint: 571042 ns, At safepoint: 26250 ns, Total: 597292 ns
[2022-04-29T07:51:55.007+0000][161][safepoint   ] Safepoint "Cleanup", Time since last: 1007897751 ns, Reaching safepoint: 181083 ns, At safepoint: 7458 ns, Total: 188541 ns
[2022-04-29T07:51:57.011+0000][161][safepoint   ] Safepoint "Cleanup", Time since last: 2003675043 ns, Reaching safepoint: 55708 ns, At safepoint: 2000 ns, Total: 57708 ns
[2022-04-29T07:51:58.012+0000][161][safepoint   ] Safepoint "Cleanup", Time since last: 1000856126 ns, Reaching safepoint: 206541 ns, At safepoint: 7959 ns, Total: 214500 ns
[2022-04-29T07:51:59.022+0000][161][safepoint   ] Safepoint "Cleanup", Time since last: 1009842417 ns, Reaching safepoint: 613667 ns, At safepoint: 14375 ns, Total: 628042 ns
[2022-04-29T07:52:00.025+0000][161][safepoint   ] Safepoint "Cleanup", Time since last: 1002285458 ns, Reaching safepoint: 187875 ns, At safepoint: 4084 ns, Total: 191959 ns
[2022-04-29T07:52:03.029+0000][161][safepoint   ] Safepoint "Cleanup", Time since last: 3004171084 ns, Reaching safepoint: 69042 ns, At safepoint: 1917 ns, Total: 70959 ns
[2022-04-29T07:52:04.056+0000][161][safepoint   ] Safepoint "Cleanup", Time since last: 1025431584 ns, Reaching safepoint: 1074916 ns, At safepoint: 8792 ns, Total: 1083708 ns
[2022-04-29T07:52:05.065+0000][161][safepoint   ] Safepoint "Cleanup", Time since last: 1009182459 ns, Reaching safepoint: 194666 ns, At safepoint: 9834 ns, Total: 204500 ns
[2022-04-29T07:52:05.460+0000][161][gc,start    ] GC(33) Pause Young (Normal) (G1 Evacuation Pause)
[2022-04-29T07:52:05.464+0000][161][gc,task     ] GC(33) Using 5 workers of 5 for evacuation
[2022-04-29T07:52:05.467+0000][161][gc,age      ] GC(33) Desired survivor size 20971520 bytes, new threshold 15 (max threshold 15)
[2022-04-29T07:52:05.483+0000][161][gc,age      ] GC(33) Age table with threshold 15 (max threshold 15)
[2022-04-29T07:52:05.484+0000][161][gc,age      ] GC(33) - age   1:     817768 bytes,     817768 total
[2022-04-29T07:52:05.485+0000][161][gc,age      ] GC(33) - age   2:       5456 bytes,     823224 total
[2022-04-29T07:52:05.487+0000][161][gc,age      ] GC(33) - age   3:     106776 bytes,     930000 total
[2022-04-29T07:52:05.488+0000][161][gc,age      ] GC(33) - age   4:     175776 bytes,    1105776 total
[2022-04-29T07:52:05.489+0000][161][gc,age      ] GC(33) - age   5:      70544 bytes,    1176320 total
[2022-04-29T07:52:05.491+0000][161][gc,age      ] GC(33) - age   6:       5696 bytes,    1182016 total
[2022-04-29T07:52:05.492+0000][161][gc,age      ] GC(33) - age   7:     251144 bytes,    1433160 total
[2022-04-29T07:52:05.494+0000][161][gc,age      ] GC(33) - age   8:       4752 bytes,    1437912 total
[2022-04-29T07:52:05.494+0000][161][gc,age      ] GC(33) - age   9:      13040 bytes,    1450952 total
[2022-04-29T07:52:05.495+0000][161][gc,age      ] GC(33) - age  10:       9952 bytes,    1460904 total
[2022-04-29T07:52:05.497+0000][161][gc,age      ] GC(33) - age  11:    1673720 bytes,    3134624 total
[2022-04-29T07:52:05.498+0000][161][gc,age      ] GC(33) - age  12:     138048 bytes,    3272672 total
[2022-04-29T07:52:05.500+0000][161][gc,age      ] GC(33) - age  13:      40600 bytes,    3313272 total
[2022-04-29T07:52:05.501+0000][161][gc,age      ] GC(33) - age  14:     159040 bytes,    3472312 total
[2022-04-29T07:52:05.502+0000][161][gc,age      ] GC(33) - age  15:    6283424 bytes,    9755736 total
[2022-04-29T07:52:05.503+0000][161][gc,phases   ] GC(33)   Pre Evacuate Collection Set: 0.4ms
[2022-04-29T07:52:05.505+0000][161][gc,phases   ] GC(33)   Merge Heap Roots: 0.2ms
[2022-04-29T07:52:05.506+0000][161][gc,phases   ] GC(33)   Evacuate Collection Set: 11.6ms
[2022-04-29T07:52:05.507+0000][161][gc,phases   ] GC(33)   Post Evacuate Collection Set: 1.9ms
[2022-04-29T07:52:05.507+0000][161][gc,phases   ] GC(33)   Other: 29.3ms
[2022-04-29T07:52:05.508+0000][161][gc,heap     ] GC(33) Eden regions: 72->0(73)
[2022-04-29T07:52:05.508+0000][161][gc,heap     ] GC(33) Survivor regions: 4->3(10)
[2022-04-29T07:52:05.509+0000][161][gc,heap     ] GC(33) Old regions: 18->18
[2022-04-29T07:52:05.510+0000][161][gc,heap     ] GC(33) Archive regions: 2->2
[2022-04-29T07:52:05.510+0000][161][gc,heap     ] GC(33) Humongous regions: 6->6
[2022-04-29T07:52:05.511+0000][161][gc,metaspace] GC(33) Metaspace: 115192K(116928K)->115192K(116928K) NonClass: 99794K(100864K)->99794K(100864K) Class: 15398K(16064K)->15398K(16064K)
[2022-04-29T07:52:05.512+0000][161][gc          ] GC(33) Pause Young (Normal) (G1 Evacuation Pause) 400M->110M(512M) 51.942ms
[2022-04-29T07:52:05.513+0000][161][gc,cpu      ] GC(33) User=0.05s Sys=0.00s Real=0.06s
[2022-04-29T07:52:05.514+0000][161][safepoint   ] Safepoint "G1CollectForAllocation", Time since last: 394550375 ns, Reaching safepoint: 343625 ns, At safepoint: 53596000 ns, Total: 53939625 ns
[2022-04-29T07:52:06.521+0000][161][safepoint   ] Safepoint "Cleanup", Time since last: 1007448000 ns, Reaching safepoint: 398375 ns, At safepoint: 8042 ns, Total: 406417 ns
[2022-04-29T07:52:07.533+0000][161][safepoint   ] Safepoint "Cleanup", Time since last: 1011214834 ns, Reaching safepoint: 342250 ns, At safepoint: 9792 ns, Total: 352042 ns
[2022-04-29T07:52:09.553+0000][161][safepoint   ] Safepoint "Cleanup", Time since last: 2019251584 ns, Reaching safepoint: 266417 ns, At safepoint: 6833 ns, Total: 273250 ns
[2022-04-29T07:52:10.557+0000][161][safepoint   ] Safepoint "Cleanup", Time since last: 1003891042 ns, Reaching safepoint: 144875 ns, At safepoint: 14042 ns, Total: 158917 ns
[2022-04-29T07:52:12.560+0000][161][safepoint   ] Safepoint "Cleanup", Time since last: 2002839792 ns, Reaching safepoint: 199584 ns, At safepoint: 10333 ns, Total: 209917 ns
[2022-04-29T07:52:15.575+0000][161][safepoint   ] Safepoint "Cleanup", Time since last: 3015365626 ns, Reaching safepoint: 189334 ns, At safepoint: 20833 ns, Total: 210167 ns
[2022-04-29T07:52:17.579+0000][161][safepoint   ] Safepoint "Cleanup", Time since last: 2002239375 ns, Reaching safepoint: 761083 ns, At safepoint: 17959 ns, Total: 779042 ns
[2022-04-29T07:52:18.587+0000][161][safepoint   ] Safepoint "Cleanup", Time since last: 1007878667 ns, Reaching safepoint: 308208 ns, At safepoint: 12792 ns, Total: 321000 ns
[2022-04-29T07:52:20.601+0000][161][safepoint   ] Safepoint "Cleanup", Time since last: 2013074793 ns, Reaching safepoint: 776416 ns, At safepoint: 27834 ns, Total: 804250 ns
[2022-04-29T07:52:21.618+0000][161][safepoint   ] Safepoint "Cleanup", Time since last: 1017106042 ns, Reaching safepoint: 81583 ns, At safepoint: 2417 ns, Total: 84000 ns
[2022-04-29T07:52:22.620+0000][161][safepoint   ] Safepoint "Cleanup", Time since last: 1002004208 ns, Reaching safepoint: 117709 ns, At safepoint: 3666 ns, Total: 121375 ns
[2022-04-29T07:52:24.627+0000][161][safepoint   ] Safepoint "Cleanup", Time since last: 2006961085 ns, Reaching safepoint: 263250 ns, At safepoint: 6166 ns, Total: 269416 ns
[2022-04-29T07:52:25.636+0000][161][safepoint   ] Safepoint "Cleanup", Time since last: 1004797918 ns, Reaching safepoint: 3686708 ns, At safepoint: 21833 ns, Total: 3708541 ns
[2022-04-29T07:52:26.640+0000][161][safepoint   ] Safepoint "Cleanup", Time since last: 1003778501 ns, Reaching safepoint: 505458 ns, At safepoint: 7125 ns, Total: 512583 ns
[2022-04-29T07:52:27.644+0000][161][safepoint   ] Safepoint "Cleanup", Time since last: 1003404584 ns, Reaching safepoint: 416333 ns, At safepoint: 9584 ns, Total: 425917 ns
[2022-04-29T07:52:28.651+0000][161][safepoint   ] Safepoint "Cleanup", Time since last: 1006370000 ns, Reaching safepoint: 503917 ns, At safepoint: 7750 ns, Total: 511667 ns
[2022-04-29T07:52:30.666+0000][161][safepoint   ] Safepoint "Cleanup", Time since last: 2014872751 ns, Reaching safepoint: 186666 ns, At safepoint: 6250 ns, Total: 192916 ns
[2022-04-29T07:52:32.695+0000][161][safepoint   ] Safepoint "Cleanup", Time since last: 2029025376 ns, Reaching safepoint: 285125 ns, At safepoint: 8000 ns, Total: 293125 ns
[2022-04-29T07:52:33.700+0000][161][safepoint   ] Safepoint "Cleanup", Time since last: 1004343084 ns, Reaching safepoint: 140583 ns, At safepoint: 5167 ns, Total: 145750 ns
[2022-04-29T07:52:34.705+0000][161][safepoint   ] Safepoint "Cleanup", Time since last: 1005286584 ns, Reaching safepoint: 183542 ns, At safepoint: 6208 ns, Total: 189750 ns
[2022-04-29T07:52:36.712+0000][161][safepoint   ] Safepoint "Cleanup", Time since last: 2006335501 ns, Reaching safepoint: 225250 ns, At safepoint: 12125 ns, Total: 237375 ns
[2022-04-29T07:52:37.723+0000][161][safepoint   ] Safepoint "Cleanup", Time since last: 1011536542 ns, Reaching safepoint: 291375 ns, At safepoint: 5958 ns, Total: 297333 ns
[2022-04-29T07:52:39.726+0000][161][safepoint   ] Safepoint "Cleanup", Time since last: 2002552918 ns, Reaching safepoint: 98917 ns, At safepoint: 86583 ns, Total: 185500 ns
[2022-04-29T07:52:42.730+0000][161][safepoint   ] Safepoint "Cleanup", Time since last: 3003530668 ns, Reaching safepoint: 320917 ns, At safepoint: 11916 ns, Total: 332833 ns
[2022-04-29T07:52:45.748+0000][161][safepoint   ] Safepoint "Cleanup", Time since last: 3017497918 ns, Reaching safepoint: 189750 ns, At safepoint: 4208 ns, Total: 193958 ns
[2022-04-29T07:52:46.751+0000][161][safepoint   ] Safepoint "Cleanup", Time since last: 1002781459 ns, Reaching safepoint: 140166 ns, At safepoint: 4959 ns, Total: 145125 ns
[2022-04-29T07:52:47.768+0000][161][safepoint   ] Safepoint "Cleanup", Time since last: 1016726750 ns, Reaching safepoint: 155000 ns, At safepoint: 4500 ns, Total: 159500 ns
[2022-04-29T07:52:48.769+0000][161][safepoint   ] Safepoint "Cleanup", Time since last: 1001244542 ns, Reaching safepoint: 388625 ns, At safepoint: 7500 ns, Total: 396125 ns
[2022-04-29T07:52:49.774+0000][161][safepoint   ] Safepoint "Cleanup", Time since last: 1004226501 ns, Reaching safepoint: 385583 ns, At safepoint: 9958 ns, Total: 395541 ns
[2022-04-29T07:52:51.786+0000][161][safepoint   ] Safepoint "Cleanup", Time since last: 2011798918 ns, Reaching safepoint: 166750 ns, At safepoint: 2792 ns, Total: 169542 ns
[2022-04-29T07:52:52.791+0000][161][safepoint   ] Safepoint "Cleanup", Time since last: 1004630667 ns, Reaching safepoint: 237542 ns, At safepoint: 8583 ns, Total: 246125 ns
[2022-04-29T07:52:54.797+0000][161][safepoint   ] Safepoint "Cleanup", Time since last: 2005604376 ns, Reaching safepoint: 619750 ns, At safepoint: 17375 ns, Total: 637125 ns
[2022-04-29T07:52:56.808+0000][161][safepoint   ] Safepoint "Cleanup", Time since last: 2009725751 ns, Reaching safepoint: 1316458 ns, At safepoint: 318167 ns, Total: 1634625 ns
[2022-04-29T07:52:57.815+0000][161][safepoint   ] Safepoint "Cleanup", Time since last: 1006601042 ns, Reaching safepoint: 159458 ns, At safepoint: 4292 ns, Total: 163750 ns
[2022-04-29T07:52:58.817+0000][161][safepoint   ] Safepoint "Cleanup", Time since last: 1001330084 ns, Reaching safepoint: 196708 ns, At safepoint: 14125 ns, Total: 210833 ns
[2022-04-29T07:52:59.819+0000][161][safepoint   ] Safepoint "Cleanup", Time since last: 1002121042 ns, Reaching safepoint: 280292 ns, At safepoint: 10708 ns, Total: 291000 ns
[2022-04-29T07:53:00.840+0000][161][safepoint   ] Safepoint "Cleanup", Time since last: 1020268292 ns, Reaching safepoint: 157959 ns, At safepoint: 9250 ns, Total: 167209 ns
[2022-04-29T07:53:02.849+0000][161][safepoint   ] Safepoint "Cleanup", Time since last: 2008836876 ns, Reaching safepoint: 263666 ns, At safepoint: 9167 ns, Total: 272833 ns
[2022-04-29T07:53:03.860+0000][161][safepoint   ] Safepoint "Cleanup", Time since last: 1011341459 ns, Reaching safepoint: 213666 ns, At safepoint: 2584 ns, Total: 216250 ns
[2022-04-29T07:53:04.864+0000][161][safepoint   ] Safepoint "Cleanup", Time since last: 1002883500 ns, Reaching safepoint: 667417 ns, At safepoint: 8250 ns, Total: 675667 ns
[2022-04-29T07:53:07.878+0000][161][safepoint   ] Safepoint "Cleanup", Time since last: 3014050085 ns, Reaching safepoint: 231416 ns, At safepoint: 8209 ns, Total: 239625 ns
[2022-04-29T07:53:09.898+0000][161][safepoint   ] Safepoint "Cleanup", Time since last: 2020043584 ns, Reaching safepoint: 233542 ns, At safepoint: 5041 ns, Total: 238583 ns
[2022-04-29T07:53:12.901+0000][161][safepoint   ] Safepoint "Cleanup", Time since last: 3002184210 ns, Reaching safepoint: 382625 ns, At safepoint: 11167 ns, Total: 393792 ns
[2022-04-29T07:53:15.912+0000][161][safepoint   ] Safepoint "Cleanup", Time since last: 3010570625 ns, Reaching safepoint: 506417 ns, At safepoint: 7583 ns, Total: 514000 ns
[2022-04-29T07:53:17.938+0000][161][safepoint   ] Safepoint "Cleanup", Time since last: 2023508043 ns, Reaching safepoint: 2780542 ns, At safepoint: 230791 ns, Total: 3011333 ns
[2022-04-29T07:53:19.951+0000][161][safepoint   ] Safepoint "Cleanup", Time since last: 2012891085 ns, Reaching safepoint: 114458 ns, At safepoint: 7500 ns, Total: 121958 ns
[2022-04-29T07:53:20.954+0000][161][safepoint   ] Safepoint "Cleanup", Time since last: 1002327584 ns, Reaching safepoint: 338083 ns, At safepoint: 117167 ns, Total: 455250 ns
[2022-04-29T07:53:21.957+0000][161][safepoint   ] Safepoint "Cleanup", Time since last: 1002632500 ns, Reaching safepoint: 252500 ns, At safepoint: 9417 ns, Total: 261917 ns
[2022-04-29T07:53:22.958+0000][161][safepoint   ] Safepoint "Cleanup", Time since last: 1001372084 ns, Reaching safepoint: 82458 ns, At safepoint: 7250 ns, Total: 89708 ns
[2022-04-29T07:53:23.962+0000][161][safepoint   ] Safepoint "Cleanup", Time since last: 1003470875 ns, Reaching safepoint: 241625 ns, At safepoint: 4625 ns, Total: 246250 ns
[2022-04-29T07:53:24.966+0000][161][safepoint   ] Safepoint "Cleanup", Time since last: 1004117876 ns, Reaching safepoint: 171708 ns, At safepoint: 5209 ns, Total: 176917 ns
[2022-04-29T07:53:25.973+0000][161][safepoint   ] Safepoint "Cleanup", Time since last: 1006146000 ns, Reaching safepoint: 508167 ns, At safepoint: 7833 ns, Total: 516000 ns
[2022-04-29T07:53:26.993+0000][161][safepoint   ] Safepoint "Cleanup", Time since last: 1020239792 ns, Reaching safepoint: 126875 ns, At safepoint: 7292 ns, Total: 134167 ns
[2022-04-29T07:53:27.196+0000][161][gc,start    ] GC(34) Pause Young (Normal) (G1 Evacuation Pause)
[2022-04-29T07:53:27.197+0000][161][gc,task     ] GC(34) Using 5 workers of 5 for evacuation
[2022-04-29T07:53:27.198+0000][161][gc,age      ] GC(34) Desired survivor size 20971520 bytes, new threshold 15 (max threshold 15)
[2022-04-29T07:53:27.206+0000][161][gc,age      ] GC(34) Age table with threshold 15 (max threshold 15)
[2022-04-29T07:53:27.207+0000][161][gc,age      ] GC(34) - age   1:    1428528 bytes,    1428528 total
[2022-04-29T07:53:27.208+0000][161][gc,age      ] GC(34) - age   2:      20512 bytes,    1449040 total
[2022-04-29T07:53:27.208+0000][161][gc,age      ] GC(34) - age   3:       2896 bytes,    1451936 total
[2022-04-29T07:53:27.209+0000][161][gc,age      ] GC(34) - age   4:     102304 bytes,    1554240 total
[2022-04-29T07:53:27.210+0000][161][gc,age      ] GC(34) - age   5:     172048 bytes,    1726288 total
[2022-04-29T07:53:27.210+0000][161][gc,age      ] GC(34) - age   6:      70544 bytes,    1796832 total
[2022-04-29T07:53:27.211+0000][161][gc,age      ] GC(34) - age   7:       5696 bytes,    1802528 total
[2022-04-29T07:53:27.213+0000][161][gc,age      ] GC(34) - age   8:     247296 bytes,    2049824 total
[2022-04-29T07:53:27.214+0000][161][gc,age      ] GC(34) - age   9:       4752 bytes,    2054576 total
[2022-04-29T07:53:27.214+0000][161][gc,age      ] GC(34) - age  10:      13040 bytes,    2067616 total
[2022-04-29T07:53:27.215+0000][161][gc,age      ] GC(34) - age  11:       9952 bytes,    2077568 total
[2022-04-29T07:53:27.216+0000][161][gc,age      ] GC(34) - age  12:    1673720 bytes,    3751288 total
[2022-04-29T07:53:27.216+0000][161][gc,age      ] GC(34) - age  13:     138048 bytes,    3889336 total
[2022-04-29T07:53:27.218+0000][161][gc,age      ] GC(34) - age  14:      40600 bytes,    3929936 total
[2022-04-29T07:53:27.218+0000][161][gc,age      ] GC(34) - age  15:     159040 bytes,    4088976 total
[2022-04-29T07:53:27.219+0000][161][gc,phases   ] GC(34)   Pre Evacuate Collection Set: 0.4ms
[2022-04-29T07:53:27.220+0000][161][gc,phases   ] GC(34)   Merge Heap Roots: 0.1ms
[2022-04-29T07:53:27.221+0000][161][gc,phases   ] GC(34)   Evacuate Collection Set: 5.4ms
[2022-04-29T07:53:27.222+0000][161][gc,phases   ] GC(34)   Post Evacuate Collection Set: 1.7ms
[2022-04-29T07:53:27.222+0000][161][gc,phases   ] GC(34)   Other: 15.9ms
[2022-04-29T07:53:27.223+0000][161][gc,heap     ] GC(34) Eden regions: 73->0(74)
[2022-04-29T07:53:27.223+0000][161][gc,heap     ] GC(34) Survivor regions: 3->2(10)
[2022-04-29T07:53:27.224+0000][161][gc,heap     ] GC(34) Old regions: 18->20
[2022-04-29T07:53:27.224+0000][161][gc,heap     ] GC(34) Archive regions: 2->2
[2022-04-29T07:53:27.225+0000][161][gc,heap     ] GC(34) Humongous regions: 6->6
[2022-04-29T07:53:27.226+0000][161][gc,metaspace] GC(34) Metaspace: 115269K(116992K)->115269K(116992K) NonClass: 99871K(100928K)->99871K(100928K) Class: 15398K(16064K)->15398K(16064K)
[2022-04-29T07:53:27.227+0000][161][gc          ] GC(34) Pause Young (Normal) (G1 Evacuation Pause) 402M->111M(512M) 30.925ms
[2022-04-29T07:53:27.228+0000][161][gc,cpu      ] GC(34) User=0.02s Sys=0.00s Real=0.03s
[2022-04-29T07:53:27.229+0000][161][safepoint   ] Safepoint "G1CollectForAllocation", Time since last: 202017625 ns, Reaching safepoint: 149792 ns, At safepoint: 33158875 ns, Total: 33308667 ns
[2022-04-29T07:53:28.231+0000][161][safepoint   ] Safepoint "Cleanup", Time since last: 1001721667 ns, Reaching safepoint: 152375 ns, At safepoint: 10083 ns, Total: 162458 ns
[2022-04-29T07:53:29.235+0000][161][safepoint   ] Safepoint "Cleanup", Time since last: 1003537459 ns, Reaching safepoint: 472500 ns, At safepoint: 9250 ns, Total: 481750 ns
[2022-04-29T07:53:30.258+0000][161][safepoint   ] Safepoint "Cleanup", Time since last: 1023165375 ns, Reaching safepoint: 243209 ns, At safepoint: 358250 ns, Total: 601459 ns
[2022-04-29T07:53:32.038+0000][161][safepoint   ] Safepoint "Cleanup", Time since last: 1779215376 ns, Reaching safepoint: 276666 ns, At safepoint: 86792 ns, Total: 363458 ns
[2022-04-29T07:53:33.040+0000][161][safepoint   ] Safepoint "Cleanup", Time since last: 1001763709 ns, Reaching safepoint: 155125 ns, At safepoint: 7833 ns, Total: 162958 ns
[2022-04-29T07:53:34.042+0000][161][safepoint   ] Safepoint "Cleanup", Time since last: 1001432001 ns, Reaching safepoint: 354375 ns, At safepoint: 9791 ns, Total: 364166 ns
[2022-04-29T07:53:35.047+0000][161][safepoint   ] Safepoint "Cleanup", Time since last: 1005123501 ns, Reaching safepoint: 250083 ns, At safepoint: 6333 ns, Total: 256416 ns
[2022-04-29T07:53:36.056+0000][161][safepoint   ] Safepoint "Cleanup", Time since last: 1009212001 ns, Reaching safepoint: 91667 ns, At safepoint: 1958 ns, Total: 93625 ns
[2022-04-29T07:53:37.059+0000][161][safepoint   ] Safepoint "Cleanup", Time since last: 1001458667 ns, Reaching safepoint: 616417 ns, At safepoint: 8291 ns, Total: 624708 ns
[2022-04-29T07:53:38.068+0000][161][safepoint   ] Safepoint "Cleanup", Time since last: 1008395334 ns, Reaching safepoint: 835792 ns, At safepoint: 13750 ns, Total: 849542 ns
[2022-04-29T07:53:39.094+0000][161][safepoint   ] Safepoint "Cleanup", Time since last: 1025704167 ns, Reaching safepoint: 163958 ns, At safepoint: 4167 ns, Total: 168125 ns
[2022-04-29T07:53:40.095+0000][161][safepoint   ] Safepoint "Cleanup", Time since last: 1001371334 ns, Reaching safepoint: 133791 ns, At safepoint: 3792 ns, Total: 137583 ns
[2022-04-29T07:53:42.101+0000][161][safepoint   ] Safepoint "Cleanup", Time since last: 2005289209 ns, Reaching safepoint: 294542 ns, At safepoint: 6958 ns, Total: 301500 ns
[2022-04-29T07:53:43.110+0000][161][safepoint   ] Safepoint "Cleanup", Time since last: 1009335668 ns, Reaching safepoint: 209625 ns, At safepoint: 8500 ns, Total: 218125 ns
[2022-04-29T07:53:45.121+0000][161][safepoint   ] Safepoint "Cleanup", Time since last: 2010748834 ns, Reaching safepoint: 119792 ns, At safepoint: 4083 ns, Total: 123875 ns
[2022-04-29T07:53:48.124+0000][161][safepoint   ] Safepoint "Cleanup", Time since last: 3002738959 ns, Reaching safepoint: 263333 ns, At safepoint: 5292 ns, Total: 268625 ns
[2022-04-29T07:53:50.129+0000][161][safepoint   ] Safepoint "Cleanup", Time since last: 2003871501 ns, Reaching safepoint: 691208 ns, At safepoint: 11083 ns, Total: 702291 ns
[2022-04-29T07:53:51.135+0000][161][safepoint   ] Safepoint "Cleanup", Time since last: 1005896792 ns, Reaching safepoint: 123584 ns, At safepoint: 9250 ns, Total: 132834 ns
[2022-04-29T07:53:53.140+0000][161][safepoint   ] Safepoint "Cleanup", Time since last: 2001493876 ns, Reaching safepoint: 3429750 ns, At safepoint: 50833 ns, Total: 3480583 ns
[2022-04-29T07:53:54.151+0000][161][safepoint   ] Safepoint "Cleanup", Time since last: 1010694209 ns, Reaching safepoint: 728583 ns, At safepoint: 12667 ns, Total: 741250 ns
[2022-04-29T07:53:55.161+0000][161][safepoint   ] Safepoint "Cleanup", Time since last: 1010004375 ns, Reaching safepoint: 154042 ns, At safepoint: 5750 ns, Total: 159792 ns
[2022-04-29T07:53:57.172+0000][161][safepoint   ] Safepoint "Cleanup", Time since last: 2010534043 ns, Reaching safepoint: 241125 ns, At safepoint: 4166 ns, Total: 245291 ns
[2022-04-29T07:53:58.178+0000][161][safepoint   ] Safepoint "Cleanup", Time since last: 1005732251 ns, Reaching safepoint: 246958 ns, At safepoint: 7833 ns, Total: 254791 ns
[2022-04-29T07:53:59.185+0000][161][safepoint   ] Safepoint "Cleanup", Time since last: 1006817376 ns, Reaching safepoint: 244042 ns, At safepoint: 6000 ns, Total: 250042 ns
[2022-04-29T07:54:00.189+0000][161][safepoint   ] Safepoint "Cleanup", Time since last: 1003598167 ns, Reaching safepoint: 152625 ns, At safepoint: 4666 ns, Total: 157291 ns
[2022-04-29T07:54:03.195+0000][161][safepoint   ] Safepoint "Cleanup", Time since last: 3005984335 ns, Reaching safepoint: 298375 ns, At safepoint: 9875 ns, Total: 308250 ns
[2022-04-29T07:54:04.197+0000][161][safepoint   ] Safepoint "Cleanup", Time since last: 1001864959 ns, Reaching safepoint: 198542 ns, At safepoint: 7791 ns, Total: 206333 ns
[2022-04-29T07:54:05.203+0000][161][safepoint   ] Safepoint "Cleanup", Time since last: 1005923542 ns, Reaching safepoint: 182875 ns, At safepoint: 7584 ns, Total: 190459 ns
[2022-04-29T07:54:06.208+0000][161][safepoint   ] Safepoint "Cleanup", Time since last: 1004222375 ns, Reaching safepoint: 250459 ns, At safepoint: 10666 ns, Total: 261125 ns
[2022-04-29T07:54:08.214+0000][161][safepoint   ] Safepoint "Cleanup", Time since last: 2005648876 ns, Reaching safepoint: 201000 ns, At safepoint: 6042 ns, Total: 207042 ns
[2022-04-29T07:54:09.218+0000][161][safepoint   ] Safepoint "Cleanup", Time since last: 1004466959 ns, Reaching safepoint: 60125 ns, At safepoint: 27750 ns, Total: 87875 ns
[2022-04-29T07:54:10.221+0000][161][safepoint   ] Safepoint "Cleanup", Time since last: 1002800584 ns, Reaching safepoint: 152291 ns, At safepoint: 5250 ns, Total: 157541 ns
[2022-04-29T07:54:11.226+0000][161][safepoint   ] Safepoint "Cleanup", Time since last: 1004967334 ns, Reaching safepoint: 124583 ns, At safepoint: 5042 ns, Total: 129625 ns
[2022-04-29T07:54:12.234+0000][161][safepoint   ] Safepoint "Cleanup", Time since last: 1007907750 ns, Reaching safepoint: 216542 ns, At safepoint: 11292 ns, Total: 227834 ns
[2022-04-29T07:54:13.237+0000][161][safepoint   ] Safepoint "Cleanup", Time since last: 1002714959 ns, Reaching safepoint: 209458 ns, At safepoint: 11333 ns, Total: 220791 ns
[2022-04-29T07:54:15.249+0000][161][safepoint   ] Safepoint "Cleanup", Time since last: 2011847418 ns, Reaching safepoint: 177333 ns, At safepoint: 23417 ns, Total: 200750 ns
[2022-04-29T07:54:16.258+0000][161][safepoint   ] Safepoint "Cleanup", Time since last: 1007884958 ns, Reaching safepoint: 933125 ns, At safepoint: 9792 ns, Total: 942917 ns
[2022-04-29T07:54:18.269+0000][161][safepoint   ] Safepoint "Cleanup", Time since last: 2010455501 ns, Reaching safepoint: 367125 ns, At safepoint: 13958 ns, Total: 381083 ns
[2022-04-29T07:54:20.286+0000][161][safepoint   ] Safepoint "Cleanup", Time since last: 2017099626 ns, Reaching safepoint: 131250 ns, At safepoint: 5334 ns, Total: 136584 ns
[2022-04-29T07:54:21.302+0000][161][safepoint   ] Safepoint "Cleanup", Time since last: 1015538292 ns, Reaching safepoint: 206708 ns, At safepoint: 10000 ns, Total: 216708 ns
[2022-04-29T07:54:22.305+0000][161][safepoint   ] Safepoint "Cleanup", Time since last: 1002585167 ns, Reaching safepoint: 180625 ns, At safepoint: 5584 ns, Total: 186209 ns
[2022-04-29T07:54:24.313+0000][161][safepoint   ] Safepoint "Cleanup", Time since last: 2007665042 ns, Reaching safepoint: 195667 ns, At safepoint: 4875 ns, Total: 200542 ns
[2022-04-29T07:54:25.317+0000][161][safepoint   ] Safepoint "Cleanup", Time since last: 1003807584 ns, Reaching safepoint: 205958 ns, At safepoint: 11042 ns, Total: 217000 ns
[2022-04-29T07:54:27.322+0000][161][safepoint   ] Safepoint "Cleanup", Time since last: 2004932751 ns, Reaching safepoint: 163291 ns, At safepoint: 4250 ns, Total: 167541 ns
[2022-04-29T07:54:29.323+0000][161][safepoint   ] Safepoint "Cleanup", Time since last: 2001029001 ns, Reaching safepoint: 229250 ns, At safepoint: 7000 ns, Total: 236250 ns
[2022-04-29T07:54:30.330+0000][161][safepoint   ] Safepoint "Cleanup", Time since last: 1006481792 ns, Reaching safepoint: 458709 ns, At safepoint: 10291 ns, Total: 469000 ns
[2022-04-29T07:54:32.341+0000][161][safepoint   ] Safepoint "Cleanup", Time since last: 2010425460 ns, Reaching safepoint: 177916 ns, At safepoint: 5167 ns, Total: 183083 ns
[2022-04-29T07:54:33.346+0000][161][safepoint   ] Safepoint "Cleanup", Time since last: 1005277167 ns, Reaching safepoint: 262709 ns, At safepoint: 3500 ns, Total: 266209 ns
[2022-04-29T07:54:35.350+0000][161][safepoint   ] Safepoint "Cleanup", Time since last: 2003474626 ns, Reaching safepoint: 539583 ns, At safepoint: 7833 ns, Total: 547416 ns
[2022-04-29T07:54:36.363+0000][161][safepoint   ] Safepoint "Cleanup", Time since last: 1013079417 ns, Reaching safepoint: 141584 ns, At safepoint: 6000 ns, Total: 147584 ns
[2022-04-29T07:54:37.369+0000][161][safepoint   ] Safepoint "Cleanup", Time since last: 1004752750 ns, Reaching safepoint: 495000 ns, At safepoint: 11208 ns, Total: 506208 ns
[2022-04-29T07:54:39.375+0000][161][safepoint   ] Safepoint "Cleanup", Time since last: 2005968126 ns, Reaching safepoint: 111750 ns, At safepoint: 3959 ns, Total: 115709 ns
[2022-04-29T07:54:40.383+0000][161][safepoint   ] Safepoint "Cleanup", Time since last: 1008055542 ns, Reaching safepoint: 582208 ns, At safepoint: 7417 ns, Total: 589625 ns
[2022-04-29T07:54:42.391+0000][161][safepoint   ] Safepoint "Cleanup", Time since last: 2005435668 ns, Reaching safepoint: 2555333 ns, At safepoint: 15958 ns, Total: 2571291 ns
[2022-04-29T07:54:45.401+0000][161][safepoint   ] Safepoint "Cleanup", Time since last: 3009419377 ns, Reaching safepoint: 308250 ns, At safepoint: 11625 ns, Total: 319875 ns
[2022-04-29T07:54:46.405+0000][161][safepoint   ] Safepoint "Cleanup", Time since last: 1003781874 ns, Reaching safepoint: 49084 ns, At safepoint: 1916 ns, Total: 51000 ns
[2022-04-29T07:54:47.407+0000][161][safepoint   ] Safepoint "Cleanup", Time since last: 1002003959 ns, Reaching safepoint: 340917 ns, At safepoint: 13708 ns, Total: 354625 ns
[2022-04-29T07:54:48.425+0000][161][safepoint   ] Safepoint "Cleanup", Time since last: 1016327084 ns, Reaching safepoint: 987292 ns, At safepoint: 15875 ns, Total: 1003167 ns
[2022-04-29T07:54:50.430+0000][161][safepoint   ] Safepoint "Cleanup", Time since last: 2005409501 ns, Reaching safepoint: 179750 ns, At safepoint: 6125 ns, Total: 185875 ns
[2022-04-29T07:54:51.434+0000][161][safepoint   ] Safepoint "Cleanup", Time since last: 1003982667 ns, Reaching safepoint: 109208 ns, At safepoint: 10292 ns, Total: 119500 ns
[2022-04-29T07:54:52.440+0000][161][safepoint   ] Safepoint "Cleanup", Time since last: 1005582542 ns, Reaching safepoint: 271875 ns, At safepoint: 14000 ns, Total: 285875 ns
[2022-04-29T07:54:52.771+0000][161][gc,start    ] GC(35) Pause Young (Normal) (G1 Evacuation Pause)
[2022-04-29T07:54:52.771+0000][161][gc,task     ] GC(35) Using 5 workers of 5 for evacuation
[2022-04-29T07:54:52.772+0000][161][gc,age      ] GC(35) Desired survivor size 20971520 bytes, new threshold 15 (max threshold 15)
[2022-04-29T07:54:52.779+0000][161][gc,age      ] GC(35) Age table with threshold 15 (max threshold 15)
[2022-04-29T07:54:52.781+0000][161][gc,age      ] GC(35) - age   1:    1668008 bytes,    1668008 total
[2022-04-29T07:54:52.781+0000][161][gc,age      ] GC(35) - age   2:      42640 bytes,    1710648 total
[2022-04-29T07:54:52.782+0000][161][gc,age      ] GC(35) - age   3:      19128 bytes,    1729776 total
[2022-04-29T07:54:52.783+0000][161][gc,age      ] GC(35) - age   4:       2744 bytes,    1732520 total
[2022-04-29T07:54:52.783+0000][161][gc,age      ] GC(35) - age   5:     101768 bytes,    1834288 total
[2022-04-29T07:54:52.784+0000][161][gc,age      ] GC(35) - age   6:     172048 bytes,    2006336 total
[2022-04-29T07:54:52.785+0000][161][gc,age      ] GC(35) - age   7:      62496 bytes,    2068832 total
[2022-04-29T07:54:52.785+0000][161][gc,age      ] GC(35) - age   8:       5352 bytes,    2074184 total
[2022-04-29T07:54:52.786+0000][161][gc,age      ] GC(35) - age   9:     247296 bytes,    2321480 total
[2022-04-29T07:54:52.787+0000][161][gc,age      ] GC(35) - age  10:       4752 bytes,    2326232 total
[2022-04-29T07:54:52.787+0000][161][gc,age      ] GC(35) - age  11:      13040 bytes,    2339272 total
[2022-04-29T07:54:52.788+0000][161][gc,age      ] GC(35) - age  12:       9952 bytes,    2349224 total
[2022-04-29T07:54:52.788+0000][161][gc,age      ] GC(35) - age  13:    1673720 bytes,    4022944 total
[2022-04-29T07:54:52.789+0000][161][gc,age      ] GC(35) - age  14:     138016 bytes,    4160960 total
[2022-04-29T07:54:52.791+0000][161][gc,age      ] GC(35) - age  15:      40600 bytes,    4201560 total
[2022-04-29T07:54:52.792+0000][161][gc,phases   ] GC(35)   Pre Evacuate Collection Set: 0.1ms
[2022-04-29T07:54:52.793+0000][161][gc,phases   ] GC(35)   Merge Heap Roots: 0.2ms
[2022-04-29T07:54:52.793+0000][161][gc,phases   ] GC(35)   Evacuate Collection Set: 5.3ms
[2022-04-29T07:54:52.794+0000][161][gc,phases   ] GC(35)   Post Evacuate Collection Set: 1.2ms
[2022-04-29T07:54:52.794+0000][161][gc,phases   ] GC(35)   Other: 14.6ms
[2022-04-29T07:54:52.795+0000][161][gc,heap     ] GC(35) Eden regions: 74->0(74)
[2022-04-29T07:54:52.797+0000][161][gc,heap     ] GC(35) Survivor regions: 2->2(10)
[2022-04-29T07:54:52.798+0000][161][gc,heap     ] GC(35) Old regions: 20->20
[2022-04-29T07:54:52.798+0000][161][gc,heap     ] GC(35) Archive regions: 2->2
[2022-04-29T07:54:52.799+0000][161][gc,heap     ] GC(35) Humongous regions: 6->6
[2022-04-29T07:54:52.799+0000][161][gc,metaspace] GC(35) Metaspace: 115336K(117056K)->115336K(117056K) NonClass: 99937K(100992K)->99937K(100992K) Class: 15398K(16064K)->15398K(16064K)
[2022-04-29T07:54:52.800+0000][161][gc          ] GC(35) Pause Young (Normal) (G1 Evacuation Pause) 407M->110M(512M) 29.295ms
[2022-04-29T07:54:52.801+0000][161][gc,cpu      ] GC(35) User=0.02s Sys=0.00s Real=0.03s
[2022-04-29T07:54:52.801+0000][161][safepoint   ] Safepoint "G1CollectForAllocation", Time since last: 330270709 ns, Reaching safepoint: 154666 ns, At safepoint: 30628250 ns, Total: 30782916 ns
[2022-04-29T07:54:54.810+0000][161][safepoint   ] Safepoint "Cleanup", Time since last: 2008323335 ns, Reaching safepoint: 220666 ns, At safepoint: 10000 ns, Total: 230666 ns
[2022-04-29T07:54:56.818+0000][161][safepoint   ] Safepoint "Cleanup", Time since last: 2007659418 ns, Reaching safepoint: 419250 ns, At safepoint: 8708 ns, Total: 427958 ns
[2022-04-29T07:54:57.823+0000][161][safepoint   ] Safepoint "Cleanup", Time since last: 1004590209 ns, Reaching safepoint: 76583 ns, At safepoint: 2292 ns, Total: 78875 ns
[2022-04-29T07:54:58.827+0000][161][safepoint   ] Safepoint "Cleanup", Time since last: 1003734750 ns, Reaching safepoint: 827125 ns, At safepoint: 22709 ns, Total: 849834 ns
[2022-04-29T07:54:59.834+0000][161][safepoint   ] Safepoint "Cleanup", Time since last: 1006393917 ns, Reaching safepoint: 212292 ns, At safepoint: 6583 ns, Total: 218875 ns
[2022-04-29T07:55:00.837+0000][161][safepoint   ] Safepoint "Cleanup", Time since last: 1003296625 ns, Reaching safepoint: 182167 ns, At safepoint: 6208 ns, Total: 188375 ns
[2022-04-29T07:55:02.842+0000][161][safepoint   ] Safepoint "Cleanup", Time since last: 2004768418 ns, Reaching safepoint: 210875 ns, At safepoint: 7125 ns, Total: 218000 ns
[2022-04-29T07:55:03.846+0000][161][safepoint   ] Safepoint "Cleanup", Time since last: 1003059459 ns, Reaching safepoint: 355958 ns, At safepoint: 9750 ns, Total: 365708 ns
[2022-04-29T07:55:04.850+0000][161][safepoint   ] Safepoint "Cleanup", Time since last: 1004662126 ns, Reaching safepoint: 44958 ns, At safepoint: 2292 ns, Total: 47250 ns
[2022-04-29T07:55:05.852+0000][161][safepoint   ] Safepoint "Cleanup", Time since last: 1001825833 ns, Reaching safepoint: 207000 ns, At safepoint: 4750 ns, Total: 211750 ns
[2022-04-29T07:55:07.864+0000][161][safepoint   ] Safepoint "Cleanup", Time since last: 2011122835 ns, Reaching safepoint: 107458 ns, At safepoint: 4792 ns, Total: 112250 ns
[2022-04-29T07:55:09.869+0000][161][safepoint   ] Safepoint "Cleanup", Time since last: 2005293501 ns, Reaching safepoint: 143375 ns, At safepoint: 4625 ns, Total: 148000 ns
[2022-04-29T07:55:12.879+0000][161][safepoint   ] Safepoint "Cleanup", Time since last: 3009812168 ns, Reaching safepoint: 407500 ns, At safepoint: 12333 ns, Total: 419833 ns
[2022-04-29T07:55:14.884+0000][161][safepoint   ] Safepoint "Cleanup", Time since last: 2004982876 ns, Reaching safepoint: 115708 ns, At safepoint: 5292 ns, Total: 121000 ns
[2022-04-29T07:55:15.894+0000][161][safepoint   ] Safepoint "Cleanup", Time since last: 1009346791 ns, Reaching safepoint: 329584 ns, At safepoint: 11541 ns, Total: 341125 ns
[2022-04-29T07:55:17.901+0000][161][safepoint   ] Safepoint "Cleanup", Time since last: 2007164251 ns, Reaching safepoint: 269875 ns, At safepoint: 11750 ns, Total: 281625 ns
[2022-04-29T07:55:18.913+0000][161][safepoint   ] Safepoint "Cleanup", Time since last: 1010888667 ns, Reaching safepoint: 348250 ns, At safepoint: 13667 ns, Total: 361917 ns
[2022-04-29T07:55:19.919+0000][161][safepoint   ] Safepoint "Cleanup", Time since last: 1006119334 ns, Reaching safepoint: 527542 ns, At safepoint: 12708 ns, Total: 540250 ns
[2022-04-29T07:55:21.938+0000][161][safepoint   ] Safepoint "Cleanup", Time since last: 2018324084 ns, Reaching safepoint: 327625 ns, At safepoint: 11000 ns, Total: 338625 ns
[2022-04-29T07:55:22.939+0000][161][safepoint   ] Safepoint "Cleanup", Time since last: 1000982417 ns, Reaching safepoint: 222792 ns, At safepoint: 8583 ns, Total: 231375 ns
[2022-04-29T07:55:24.948+0000][161][safepoint   ] Safepoint "Cleanup", Time since last: 2008128251 ns, Reaching safepoint: 924334 ns, At safepoint: 47083 ns, Total: 971417 ns
[2022-04-29T07:55:26.960+0000][161][safepoint   ] Safepoint "Cleanup", Time since last: 2011297959 ns, Reaching safepoint: 422792 ns, At safepoint: 9875 ns, Total: 432667 ns
[2022-04-29T07:55:27.963+0000][161][safepoint   ] Safepoint "Cleanup", Time since last: 1002268834 ns, Reaching safepoint: 321666 ns, At safepoint: 10917 ns, Total: 332583 ns
[2022-04-29T07:55:29.969+0000][161][safepoint   ] Safepoint "Cleanup", Time since last: 2006479376 ns, Reaching safepoint: 304583 ns, At safepoint: 33750 ns, Total: 338333 ns
[2022-04-29T07:55:30.984+0000][161][safepoint   ] Safepoint "Cleanup", Time since last: 1014421667 ns, Reaching safepoint: 577500 ns, At safepoint: 19084 ns, Total: 596584 ns
[2022-04-29T07:55:32.997+0000][161][safepoint   ] Safepoint "Cleanup", Time since last: 2011876417 ns, Reaching safepoint: 522542 ns, At safepoint: 9875 ns, Total: 532417 ns
[2022-04-29T07:55:34.002+0000][161][safepoint   ] Safepoint "Cleanup", Time since last: 1005419251 ns, Reaching safepoint: 208166 ns, At safepoint: 6459 ns, Total: 214625 ns
[2022-04-29T07:55:35.005+0000][161][safepoint   ] Safepoint "Cleanup", Time since last: 1002747458 ns, Reaching safepoint: 61459 ns, At safepoint: 1750 ns, Total: 63209 ns
[2022-04-29T07:55:36.007+0000][161][safepoint   ] Safepoint "Cleanup", Time since last: 1001886917 ns, Reaching safepoint: 123000 ns, At safepoint: 7875 ns, Total: 130875 ns
[2022-04-29T07:55:38.019+0000][161][safepoint   ] Safepoint "Cleanup", Time since last: 2011727417 ns, Reaching safepoint: 272459 ns, At safepoint: 10041 ns, Total: 282500 ns
[2022-04-29T07:55:39.030+0000][161][safepoint   ] Safepoint "Cleanup", Time since last: 1010253959 ns, Reaching safepoint: 146334 ns, At safepoint: 4958 ns, Total: 151292 ns
[2022-04-29T07:55:40.031+0000][161][safepoint   ] Safepoint "Cleanup", Time since last: 1000988375 ns, Reaching safepoint: 362792 ns, At safepoint: 7667 ns, Total: 370459 ns
[2022-04-29T07:55:42.038+0000][161][safepoint   ] Safepoint "Cleanup", Time since last: 2006486834 ns, Reaching safepoint: 223458 ns, At safepoint: 4709 ns, Total: 228167 ns
[2022-04-29T07:55:43.041+0000][161][safepoint   ] Safepoint "Cleanup", Time since last: 1003090500 ns, Reaching safepoint: 222875 ns, At safepoint: 12375 ns, Total: 235250 ns
[2022-04-29T07:55:45.053+0000][161][safepoint   ] Safepoint "Cleanup", Time since last: 2011746459 ns, Reaching safepoint: 58250 ns, At safepoint: 2250 ns, Total: 60500 ns
[2022-04-29T07:55:48.060+0000][161][safepoint   ] Safepoint "Cleanup", Time since last: 3006170418 ns, Reaching safepoint: 350958 ns, At safepoint: 7084 ns, Total: 358042 ns
[2022-04-29T07:55:50.065+0000][161][safepoint   ] Safepoint "Cleanup", Time since last: 2004535626 ns, Reaching safepoint: 298500 ns, At safepoint: 6250 ns, Total: 304750 ns
[2022-04-29T07:55:51.068+0000][161][safepoint   ] Safepoint "Cleanup", Time since last: 1002686542 ns, Reaching safepoint: 143250 ns, At safepoint: 3958 ns, Total: 147208 ns
[2022-04-29T07:55:52.645+0000][161][safepoint   ] Safepoint "Cleanup", Time since last: 1576801959 ns, Reaching safepoint: 486833 ns, At safepoint: 9334 ns, Total: 496167 ns
[2022-04-29T07:55:54.657+0000][161][safepoint   ] Safepoint "Cleanup", Time since last: 2011807501 ns, Reaching safepoint: 204166 ns, At safepoint: 6709 ns, Total: 210875 ns
[2022-04-29T07:55:55.661+0000][161][safepoint   ] Safepoint "Cleanup", Time since last: 1003991167 ns, Reaching safepoint: 150000 ns, At safepoint: 6875 ns, Total: 156875 ns
[2022-04-29T07:55:56.663+0000][161][safepoint   ] Safepoint "Cleanup", Time since last: 1001557542 ns, Reaching safepoint: 202833 ns, At safepoint: 5334 ns, Total: 208167 ns
[2022-04-29T07:55:57.666+0000][161][safepoint   ] Safepoint "Cleanup", Time since last: 1002547959 ns, Reaching safepoint: 175416 ns, At safepoint: 13750 ns, Total: 189166 ns
[2022-04-29T07:55:58.667+0000][161][safepoint   ] Safepoint "Cleanup", Time since last: 1001064584 ns, Reaching safepoint: 239958 ns, At safepoint: 11584 ns, Total: 251542 ns
[2022-04-29T07:56:00.671+0000][161][safepoint   ] Safepoint "Cleanup", Time since last: 2003617251 ns, Reaching safepoint: 353416 ns, At safepoint: 8875 ns, Total: 362291 ns
[2022-04-29T07:56:02.694+0000][161][safepoint   ] Safepoint "Cleanup", Time since last: 2022859335 ns, Reaching safepoint: 257750 ns, At safepoint: 11250 ns, Total: 269000 ns
[2022-04-29T07:56:03.702+0000][161][safepoint   ] Safepoint "Cleanup", Time since last: 1007888333 ns, Reaching safepoint: 131750 ns, At safepoint: 5584 ns, Total: 137334 ns
[2022-04-29T07:56:05.706+0000][161][safepoint   ] Safepoint "Cleanup", Time since last: 2003006209 ns, Reaching safepoint: 328292 ns, At safepoint: 7333 ns, Total: 335625 ns
[2022-04-29T07:56:07.711+0000][161][safepoint   ] Safepoint "Cleanup", Time since last: 2005249084 ns, Reaching safepoint: 284125 ns, At safepoint: 7834 ns, Total: 291959 ns
[2022-04-29T07:56:09.716+0000][161][safepoint   ] Safepoint "Cleanup", Time since last: 2004604251 ns, Reaching safepoint: 137791 ns, At safepoint: 3750 ns, Total: 141541 ns
[2022-04-29T07:56:10.719+0000][161][safepoint   ] Safepoint "Cleanup", Time since last: 1002682209 ns, Reaching safepoint: 318750 ns, At safepoint: 7250 ns, Total: 326000 ns
[2022-04-29T07:56:12.739+0000][161][safepoint   ] Safepoint "Cleanup", Time since last: 2019751543 ns, Reaching safepoint: 459166 ns, At safepoint: 15667 ns, Total: 474833 ns
[2022-04-29T07:56:15.290+0000][161][gc,start    ] GC(36) Pause Young (Normal) (G1 Evacuation Pause)
[2022-04-29T07:56:15.291+0000][161][gc,task     ] GC(36) Using 5 workers of 5 for evacuation
[2022-04-29T07:56:15.292+0000][161][gc,age      ] GC(36) Desired survivor size 20971520 bytes, new threshold 15 (max threshold 15)
[2022-04-29T07:56:15.298+0000][161][gc,age      ] GC(36) Age table with threshold 15 (max threshold 15)
[2022-04-29T07:56:15.299+0000][161][gc,age      ] GC(36) - age   1:    1162352 bytes,    1162352 total
[2022-04-29T07:56:15.300+0000][161][gc,age      ] GC(36) - age   2:      16760 bytes,    1179112 total
[2022-04-29T07:56:15.300+0000][161][gc,age      ] GC(36) - age   3:      40672 bytes,    1219784 total
[2022-04-29T07:56:15.301+0000][161][gc,age      ] GC(36) - age   4:      18752 bytes,    1238536 total
[2022-04-29T07:56:15.302+0000][161][gc,age      ] GC(36) - age   5:       2712 bytes,    1241248 total
[2022-04-29T07:56:15.302+0000][161][gc,age      ] GC(36) - age   6:      68120 bytes,    1309368 total
[2022-04-29T07:56:15.303+0000][161][gc,age      ] GC(36) - age   7:     155672 bytes,    1465040 total
[2022-04-29T07:56:15.304+0000][161][gc,age      ] GC(36) - age   8:      62360 bytes,    1527400 total
[2022-04-29T07:56:15.304+0000][161][gc,age      ] GC(36) - age   9:       5352 bytes,    1532752 total
[2022-04-29T07:56:15.305+0000][161][gc,age      ] GC(36) - age  10:     247296 bytes,    1780048 total
[2022-04-29T07:56:15.306+0000][161][gc,age      ] GC(36) - age  11:       4752 bytes,    1784800 total
[2022-04-29T07:56:15.306+0000][161][gc,age      ] GC(36) - age  12:      13040 bytes,    1797840 total
[2022-04-29T07:56:15.307+0000][161][gc,age      ] GC(36) - age  13:       9952 bytes,    1807792 total
[2022-04-29T07:56:15.308+0000][161][gc,age      ] GC(36) - age  14:    1673720 bytes,    3481512 total
[2022-04-29T07:56:15.308+0000][161][gc,age      ] GC(36) - age  15:     138016 bytes,    3619528 total
[2022-04-29T07:56:15.309+0000][161][gc,phases   ] GC(36)   Pre Evacuate Collection Set: 0.1ms
[2022-04-29T07:56:15.310+0000][161][gc,phases   ] GC(36)   Merge Heap Roots: 0.0ms
[2022-04-29T07:56:15.310+0000][161][gc,phases   ] GC(36)   Evacuate Collection Set: 3.9ms
[2022-04-29T07:56:15.311+0000][161][gc,phases   ] GC(36)   Post Evacuate Collection Set: 1.5ms
[2022-04-29T07:56:15.311+0000][161][gc,phases   ] GC(36)   Other: 13.5ms
[2022-04-29T07:56:15.312+0000][161][gc,heap     ] GC(36) Eden regions: 74->0(75)
[2022-04-29T07:56:15.313+0000][161][gc,heap     ] GC(36) Survivor regions: 2->1(10)
[2022-04-29T07:56:15.313+0000][161][gc,heap     ] GC(36) Old regions: 20->20
[2022-04-29T07:56:15.314+0000][161][gc,heap     ] GC(36) Archive regions: 2->2
[2022-04-29T07:56:15.315+0000][161][gc,heap     ] GC(36) Humongous regions: 6->6
[2022-04-29T07:56:15.315+0000][161][gc,metaspace] GC(36) Metaspace: 115396K(117120K)->115396K(117120K) NonClass: 99997K(101056K)->99997K(101056K) Class: 15398K(16064K)->15398K(16064K)
[2022-04-29T07:56:15.316+0000][161][gc          ] GC(36) Pause Young (Normal) (G1 Evacuation Pause) 406M->110M(512M) 25.409ms
[2022-04-29T07:56:15.316+0000][161][gc,cpu      ] GC(36) User=0.02s Sys=0.00s Real=0.03s
[2022-04-29T07:56:15.317+0000][161][safepoint   ] Safepoint "G1CollectForAllocation", Time since last: 2550920918 ns, Reaching safepoint: 117875 ns, At safepoint: 26689333 ns, Total: 26807208 ns
[2022-04-29T07:56:18.327+0000][161][safepoint   ] Safepoint "Cleanup", Time since last: 3009677167 ns, Reaching safepoint: 816167 ns, At safepoint: 61625 ns, Total: 877792 ns
[2022-04-29T07:56:20.338+0000][161][safepoint   ] Safepoint "Cleanup", Time since last: 2011348751 ns, Reaching safepoint: 189125 ns, At safepoint: 6833 ns, Total: 195958 ns
[2022-04-29T07:56:21.343+0000][161][safepoint   ] Safepoint "Cleanup", Time since last: 1004575501 ns, Reaching safepoint: 60500 ns, At safepoint: 2042 ns, Total: 62542 ns
[2022-04-29T07:56:22.345+0000][161][safepoint   ] Safepoint "Cleanup", Time since last: 1002403917 ns, Reaching safepoint: 115666 ns, At safepoint: 4209 ns, Total: 119875 ns
[2022-04-29T07:56:23.348+0000][161][safepoint   ] Safepoint "Cleanup", Time since last: 1002528708 ns, Reaching safepoint: 343084 ns, At safepoint: 5458 ns, Total: 348542 ns
[2022-04-29T07:56:24.362+0000][161][safepoint   ] Safepoint "Cleanup", Time since last: 1013627792 ns, Reaching safepoint: 413917 ns, At safepoint: 9542 ns, Total: 423459 ns
[2022-04-29T07:56:25.376+0000][161][safepoint   ] Safepoint "Cleanup", Time since last: 1013011542 ns, Reaching safepoint: 179375 ns, At safepoint: 17750 ns, Total: 197125 ns
[2022-04-29T07:56:26.380+0000][161][safepoint   ] Safepoint "Cleanup", Time since last: 1004480542 ns, Reaching safepoint: 191667 ns, At safepoint: 11208 ns, Total: 202875 ns
[2022-04-29T07:56:27.402+0000][161][safepoint   ] Safepoint "Cleanup", Time since last: 1021174709 ns, Reaching safepoint: 155166 ns, At safepoint: 5084 ns, Total: 160250 ns
[2022-04-29T07:56:29.411+0000][161][safepoint   ] Safepoint "Cleanup", Time since last: 2009542084 ns, Reaching safepoint: 333875 ns, At safepoint: 14833 ns, Total: 348708 ns
[2022-04-29T07:56:30.421+0000][161][safepoint   ] Safepoint "Cleanup", Time since last: 1007937293 ns, Reaching safepoint: 1157916 ns, At safepoint: 12375 ns, Total: 1170291 ns
[2022-04-29T07:56:32.429+0000][161][safepoint   ] Safepoint "Cleanup", Time since last: 2006542209 ns, Reaching safepoint: 1528709 ns, At safepoint: 15375 ns, Total: 1544084 ns
[2022-04-29T07:56:33.435+0000][161][safepoint   ] Safepoint "Cleanup", Time since last: 1006672417 ns, Reaching safepoint: 178250 ns, At safepoint: 3625 ns, Total: 181875 ns
[2022-04-29T07:56:35.444+0000][161][safepoint   ] Safepoint "Cleanup", Time since last: 2007044584 ns, Reaching safepoint: 801459 ns, At safepoint: 14541 ns, Total: 816000 ns
[2022-04-29T07:56:36.448+0000][161][safepoint   ] Safepoint "Cleanup", Time since last: 1003842459 ns, Reaching safepoint: 395542 ns, At safepoint: 12833 ns, Total: 408375 ns
[2022-04-29T07:56:37.454+0000][161][safepoint   ] Safepoint "Cleanup", Time since last: 1006192251 ns, Reaching safepoint: 104291 ns, At safepoint: 5792 ns, Total: 110083 ns
[2022-04-29T07:56:39.471+0000][161][safepoint   ] Safepoint "Cleanup", Time since last: 2016807376 ns, Reaching safepoint: 95875 ns, At safepoint: 4500 ns, Total: 100375 ns
[2022-04-29T07:56:40.472+0000][161][safepoint   ] Safepoint "Cleanup", Time since last: 1001313709 ns, Reaching safepoint: 115083 ns, At safepoint: 2500 ns, Total: 117583 ns
[2022-04-29T07:56:42.476+0000][161][safepoint   ] Safepoint "Cleanup", Time since last: 2004026293 ns, Reaching safepoint: 173333 ns, At safepoint: 6458 ns, Total: 179791 ns
[2022-04-29T07:56:45.489+0000][161][safepoint   ] Safepoint "Cleanup", Time since last: 3012635835 ns, Reaching safepoint: 173708 ns, At safepoint: 4209 ns, Total: 177917 ns
[2022-04-29T07:56:46.491+0000][161][safepoint   ] Safepoint "Cleanup", Time since last: 1001065500 ns, Reaching safepoint: 730500 ns, At safepoint: 14458 ns, Total: 744958 ns
[2022-04-29T07:56:47.498+0000][161][safepoint   ] Safepoint "Cleanup", Time since last: 1006533917 ns, Reaching safepoint: 672250 ns, At safepoint: 8958 ns, Total: 681208 ns
[2022-04-29T07:56:48.505+0000][161][safepoint   ] Safepoint "Cleanup", Time since last: 1006462042 ns, Reaching safepoint: 277584 ns, At safepoint: 10625 ns, Total: 288209 ns
[2022-04-29T07:56:50.513+0000][161][safepoint   ] Safepoint "Cleanup", Time since last: 2007512876 ns, Reaching safepoint: 543416 ns, At safepoint: 13667 ns, Total: 557083 ns
[2022-04-29T07:56:51.519+0000][161][safepoint   ] Safepoint "Cleanup", Time since last: 1006053459 ns, Reaching safepoint: 178667 ns, At safepoint: 5958 ns, Total: 184625 ns
[2022-04-29T07:56:52.521+0000][161][safepoint   ] Safepoint "Cleanup", Time since last: 1001001292 ns, Reaching safepoint: 93125 ns, At safepoint: 4917 ns, Total: 98042 ns
[2022-04-29T07:56:54.532+0000][161][safepoint   ] Safepoint "Cleanup", Time since last: 2010446876 ns, Reaching safepoint: 548958 ns, At safepoint: 11917 ns, Total: 560875 ns
[2022-04-29T07:56:55.543+0000][161][safepoint   ] Safepoint "Cleanup", Time since last: 1011540292 ns, Reaching safepoint: 162583 ns, At safepoint: 8959 ns, Total: 171542 ns
[2022-04-29T07:56:56.550+0000][161][safepoint   ] Safepoint "Cleanup", Time since last: 1006284583 ns, Reaching safepoint: 244167 ns, At safepoint: 8667 ns, Total: 252834 ns
[2022-04-29T07:56:57.559+0000][161][safepoint   ] Safepoint "Cleanup", Time since last: 1008963125 ns, Reaching safepoint: 243542 ns, At safepoint: 3875 ns, Total: 247417 ns
[2022-04-29T07:56:59.562+0000][161][safepoint   ] Safepoint "Cleanup", Time since last: 2002709334 ns, Reaching safepoint: 180375 ns, At safepoint: 5458 ns, Total: 185833 ns
[2022-04-29T07:57:00.582+0000][161][safepoint   ] Safepoint "Cleanup", Time since last: 1019585626 ns, Reaching safepoint: 373000 ns, At safepoint: 9833 ns, Total: 382833 ns
[2022-04-29T07:57:02.591+0000][161][safepoint   ] Safepoint "Cleanup", Time since last: 2008509710 ns, Reaching safepoint: 127583 ns, At safepoint: 4333 ns, Total: 131916 ns
[2022-04-29T07:57:03.600+0000][161][safepoint   ] Safepoint "Cleanup", Time since last: 1009682417 ns, Reaching safepoint: 231834 ns, At safepoint: 8000 ns, Total: 239834 ns
[2022-04-29T07:57:05.605+0000][161][safepoint   ] Safepoint "Cleanup", Time since last: 2003918626 ns, Reaching safepoint: 450916 ns, At safepoint: 7834 ns, Total: 458750 ns
[2022-04-29T07:57:07.612+0000][161][safepoint   ] Safepoint "Cleanup", Time since last: 2007441084 ns, Reaching safepoint: 176125 ns, At safepoint: 6417 ns, Total: 182542 ns
[2022-04-29T07:57:09.619+0000][161][safepoint   ] Safepoint "Cleanup", Time since last: 2006481542 ns, Reaching safepoint: 269417 ns, At safepoint: 8500 ns, Total: 277917 ns
[2022-04-29T07:57:10.623+0000][161][safepoint   ] Safepoint "Cleanup", Time since last: 1004055125 ns, Reaching safepoint: 160917 ns, At safepoint: 6708 ns, Total: 167625 ns
[2022-04-29T07:57:12.628+0000][161][safepoint   ] Safepoint "Cleanup", Time since last: 2004607710 ns, Reaching safepoint: 367416 ns, At safepoint: 24000 ns, Total: 391416 ns
[2022-04-29T07:57:15.643+0000][161][safepoint   ] Safepoint "Cleanup", Time since last: 3014731877 ns, Reaching safepoint: 280625 ns, At safepoint: 5125 ns, Total: 285750 ns
[2022-04-29T07:57:17.652+0000][161][safepoint   ] Safepoint "Cleanup", Time since last: 2008076708 ns, Reaching safepoint: 650875 ns, At safepoint: 11584 ns, Total: 662459 ns
[2022-04-29T07:57:18.655+0000][161][safepoint   ] Safepoint "Cleanup", Time since last: 1002833792 ns, Reaching safepoint: 303417 ns, At safepoint: 15333 ns, Total: 318750 ns
[2022-04-29T07:57:20.659+0000][161][safepoint   ] Safepoint "Cleanup", Time since last: 2003801501 ns, Reaching safepoint: 357250 ns, At safepoint: 11375 ns, Total: 368625 ns
[2022-04-29T07:57:21.665+0000][161][safepoint   ] Safepoint "Cleanup", Time since last: 1005287959 ns, Reaching safepoint: 132375 ns, At safepoint: 8083 ns, Total: 140458 ns
[2022-04-29T07:57:22.667+0000][161][safepoint   ] Safepoint "Cleanup", Time since last: 1002246167 ns, Reaching safepoint: 358292 ns, At safepoint: 8458 ns, Total: 366750 ns
[2022-04-29T07:57:24.678+0000][161][safepoint   ] Safepoint "Cleanup", Time since last: 2010160334 ns, Reaching safepoint: 388125 ns, At safepoint: 9084 ns, Total: 397209 ns
[2022-04-29T07:57:25.688+0000][161][safepoint   ] Safepoint "Cleanup", Time since last: 1009917875 ns, Reaching safepoint: 247250 ns, At safepoint: 9500 ns, Total: 256750 ns
[2022-04-29T07:57:26.700+0000][161][safepoint   ] Safepoint "Cleanup", Time since last: 1011496667 ns, Reaching safepoint: 313875 ns, At safepoint: 13167 ns, Total: 327042 ns
[2022-04-29T07:57:27.706+0000][161][safepoint   ] Safepoint "Cleanup", Time since last: 1006314751 ns, Reaching safepoint: 137125 ns, At safepoint: 19250 ns, Total: 156375 ns
[2022-04-29T07:57:30.716+0000][161][safepoint   ] Safepoint "Cleanup", Time since last: 3009252626 ns, Reaching safepoint: 187750 ns, At safepoint: 9208 ns, Total: 196958 ns
[2022-04-29T07:57:31.721+0000][161][safepoint   ] Safepoint "Cleanup", Time since last: 1005113501 ns, Reaching safepoint: 96125 ns, At safepoint: 1916 ns, Total: 98041 ns
[2022-04-29T07:57:32.730+0000][161][safepoint   ] Safepoint "Cleanup", Time since last: 1008601751 ns, Reaching safepoint: 180083 ns, At safepoint: 283459 ns, Total: 463542 ns
[2022-04-29T07:57:33.736+0000][161][safepoint   ] Safepoint "Cleanup", Time since last: 1004873417 ns, Reaching safepoint: 836958 ns, At safepoint: 27000 ns, Total: 863958 ns
[2022-04-29T07:57:35.739+0000][161][safepoint   ] Safepoint "Cleanup", Time since last: 2002804959 ns, Reaching safepoint: 247334 ns, At safepoint: 26750 ns, Total: 274084 ns
[2022-04-29T07:57:36.033+0000][161][gc,start    ] GC(37) Pause Young (Normal) (G1 Evacuation Pause)
[2022-04-29T07:57:36.034+0000][161][gc,task     ] GC(37) Using 5 workers of 5 for evacuation
[2022-04-29T07:57:36.036+0000][161][gc,age      ] GC(37) Desired survivor size 20971520 bytes, new threshold 15 (max threshold 15)
[2022-04-29T07:57:36.063+0000][161][gc,age      ] GC(37) Age table with threshold 15 (max threshold 15)
[2022-04-29T07:57:36.074+0000][161][gc,age      ] GC(37) - age   1:     475264 bytes,     475264 total
[2022-04-29T07:57:36.077+0000][161][gc,age      ] GC(37) - age   2:       3888 bytes,     479152 total
[2022-04-29T07:57:36.095+0000][161][gc,age      ] GC(37) - age   3:      14816 bytes,     493968 total
[2022-04-29T07:57:36.098+0000][161][gc,age      ] GC(37) - age   4:      36440 bytes,     530408 total
[2022-04-29T07:57:36.100+0000][161][gc,age      ] GC(37) - age   5:      18752 bytes,     549160 total
[2022-04-29T07:57:36.118+0000][161][gc,age      ] GC(37) - age   6:       2712 bytes,     551872 total
[2022-04-29T07:57:36.119+0000][161][gc,age      ] GC(37) - age   7:      68120 bytes,     619992 total
[2022-04-29T07:57:36.120+0000][161][gc,age      ] GC(37) - age   8:     155672 bytes,     775664 total
[2022-04-29T07:57:36.122+0000][161][gc,age      ] GC(37) - age   9:      62360 bytes,     838024 total
[2022-04-29T07:57:36.141+0000][161][gc,age      ] GC(37) - age  10:       5152 bytes,     843176 total
[2022-04-29T07:57:36.142+0000][161][gc,age      ] GC(37) - age  11:     247096 bytes,    1090272 total
[2022-04-29T07:57:36.144+0000][161][gc,age      ] GC(37) - age  12:       4752 bytes,    1095024 total
[2022-04-29T07:57:36.146+0000][161][gc,age      ] GC(37) - age  13:      13040 bytes,    1108064 total
[2022-04-29T07:57:36.148+0000][161][gc,age      ] GC(37) - age  14:       9952 bytes,    1118016 total
[2022-04-29T07:57:36.149+0000][161][gc,age      ] GC(37) - age  15:    1673720 bytes,    2791736 total
[2022-04-29T07:57:36.152+0000][161][gc,phases   ] GC(37)   Pre Evacuate Collection Set: 0.1ms
[2022-04-29T07:57:36.153+0000][161][gc,phases   ] GC(37)   Merge Heap Roots: 0.4ms
[2022-04-29T07:57:36.155+0000][161][gc,phases   ] GC(37)   Evacuate Collection Set: 6.1ms
[2022-04-29T07:57:36.156+0000][161][gc,phases   ] GC(37)   Post Evacuate Collection Set: 1.9ms
[2022-04-29T07:57:36.158+0000][161][gc,phases   ] GC(37)   Other: 110.5ms
[2022-04-29T07:57:36.159+0000][161][gc,heap     ] GC(37) Eden regions: 75->0(75)
[2022-04-29T07:57:36.160+0000][161][gc,heap     ] GC(37) Survivor regions: 1->1(10)
[2022-04-29T07:57:36.161+0000][161][gc,heap     ] GC(37) Old regions: 20->20
[2022-04-29T07:57:36.162+0000][161][gc,heap     ] GC(37) Archive regions: 2->2
[2022-04-29T07:57:36.163+0000][161][gc,heap     ] GC(37) Humongous regions: 6->6
[2022-04-29T07:57:36.164+0000][161][gc,metaspace] GC(37) Metaspace: 115436K(117184K)->115436K(117184K) NonClass: 100038K(101120K)->100038K(101120K) Class: 15398K(16064K)->15398K(16064K)
[2022-04-29T07:57:36.166+0000][161][gc          ] GC(37) Pause Young (Normal) (G1 Evacuation Pause) 410M->109M(512M) 133.270ms
[2022-04-29T07:57:36.167+0000][161][gc,cpu      ] GC(37) User=0.03s Sys=0.00s Real=0.13s
[2022-04-29T07:57:36.168+0000][161][safepoint   ] Safepoint "G1CollectForAllocation", Time since last: 293289542 ns, Reaching safepoint: 331041 ns, At safepoint: 135683500 ns, Total: 136014541 ns
[2022-04-29T07:57:38.180+0000][161][safepoint   ] Safepoint "Cleanup", Time since last: 2007889168 ns, Reaching safepoint: 793750 ns, At safepoint: 3016958 ns, Total: 3810708 ns
[2022-04-29T07:57:39.188+0000][161][safepoint   ] Safepoint "Cleanup", Time since last: 1007961001 ns, Reaching safepoint: 47791 ns, At safepoint: 1750 ns, Total: 49541 ns
[2022-04-29T07:57:40.191+0000][161][safepoint   ] Safepoint "Cleanup", Time since last: 1002606459 ns, Reaching safepoint: 503917 ns, At safepoint: 11750 ns, Total: 515667 ns
[2022-04-29T07:57:42.196+0000][161][safepoint   ] Safepoint "Cleanup", Time since last: 2004885834 ns, Reaching safepoint: 258500 ns, At safepoint: 4542 ns, Total: 263042 ns
[2022-04-29T07:57:43.201+0000][161][safepoint   ] Safepoint "Cleanup", Time since last: 1003813417 ns, Reaching safepoint: 442958 ns, At safepoint: 12542 ns, Total: 455500 ns
[2022-04-29T07:57:45.206+0000][161][safepoint   ] Safepoint "Cleanup", Time since last: 2005899751 ns, Reaching safepoint: 61167 ns, At safepoint: 2833 ns, Total: 64000 ns
[2022-04-29T07:57:48.213+0000][161][safepoint   ] Safepoint "Cleanup", Time since last: 3006030501 ns, Reaching safepoint: 241416 ns, At safepoint: 7584 ns, Total: 249000 ns
[2022-04-29T07:57:50.220+0000][161][safepoint   ] Safepoint "Cleanup", Time since last: 2007284292 ns, Reaching safepoint: 360125 ns, At safepoint: 13625 ns, Total: 373750 ns
[2022-04-29T07:57:51.228+0000][161][safepoint   ] Safepoint "Cleanup", Time since last: 1007430251 ns, Reaching safepoint: 263041 ns, At safepoint: 4500 ns, Total: 267541 ns
[2022-04-29T07:57:53.237+0000][161][safepoint   ] Safepoint "Cleanup", Time since last: 2008669168 ns, Reaching safepoint: 302250 ns, At safepoint: 11417 ns, Total: 313667 ns
[2022-04-29T07:57:54.242+0000][161][safepoint   ] Safepoint "Cleanup", Time since last: 1005081709 ns, Reaching safepoint: 238125 ns, At safepoint: 8333 ns, Total: 246458 ns
[2022-04-29T07:57:55.245+0000][161][safepoint   ] Safepoint "Cleanup", Time since last: 1001840250 ns, Reaching safepoint: 467750 ns, At safepoint: 10125 ns, Total: 477875 ns
[2022-04-29T07:57:57.250+0000][161][safepoint   ] Safepoint "Cleanup", Time since last: 2005175668 ns, Reaching safepoint: 90333 ns, At safepoint: 2209 ns, Total: 92542 ns
[2022-04-29T07:57:58.256+0000][161][safepoint   ] Safepoint "Cleanup", Time since last: 1005739792 ns, Reaching safepoint: 245333 ns, At safepoint: 7625 ns, Total: 252958 ns
[2022-04-29T07:57:59.259+0000][161][safepoint   ] Safepoint "Cleanup", Time since last: 1002983251 ns, Reaching safepoint: 398416 ns, At safepoint: 20875 ns, Total: 419291 ns
[2022-04-29T07:58:00.270+0000][161][safepoint   ] Safepoint "Cleanup", Time since last: 1006083626 ns, Reaching safepoint: 4180250 ns, At safepoint: 23583 ns, Total: 4203833 ns
[2022-04-29T07:58:03.286+0000][161][safepoint   ] Safepoint "Cleanup", Time since last: 3016149252 ns, Reaching safepoint: 273125 ns, At safepoint: 6625 ns, Total: 279750 ns
[2022-04-29T07:58:05.288+0000][161][safepoint   ] Safepoint "Cleanup", Time since last: 2002175167 ns, Reaching safepoint: 226708 ns, At safepoint: 8959 ns, Total: 235667 ns
[2022-04-29T07:58:07.129+0000][161][safepoint   ] Safepoint "Cleanup", Time since last: 1839925501 ns, Reaching safepoint: 239916 ns, At safepoint: 5709 ns, Total: 245625 ns
[2022-04-29T07:58:08.134+0000][161][safepoint   ] Safepoint "Cleanup", Time since last: 1004959417 ns, Reaching safepoint: 469250 ns, At safepoint: 20875 ns, Total: 490125 ns
[2022-04-29T07:58:09.155+0000][161][safepoint   ] Safepoint "Cleanup", Time since last: 1021245959 ns, Reaching safepoint: 103666 ns, At safepoint: 4834 ns, Total: 108500 ns
[2022-04-29T07:58:10.162+0000][161][safepoint   ] Safepoint "Cleanup", Time since last: 1005729958 ns, Reaching safepoint: 508834 ns, At safepoint: 15583 ns, Total: 524417 ns
[2022-04-29T07:58:11.167+0000][161][safepoint   ] Safepoint "Cleanup", Time since last: 1005385376 ns, Reaching safepoint: 188625 ns, At safepoint: 5666 ns, Total: 194291 ns
[2022-04-29T07:58:12.174+0000][161][safepoint   ] Safepoint "Cleanup", Time since last: 1006448209 ns, Reaching safepoint: 345542 ns, At safepoint: 7208 ns, Total: 352750 ns
[2022-04-29T07:58:13.181+0000][161][safepoint   ] Safepoint "Cleanup", Time since last: 1006200292 ns, Reaching safepoint: 343584 ns, At safepoint: 7125 ns, Total: 350709 ns
[2022-04-29T07:58:15.185+0000][161][safepoint   ] Safepoint "Cleanup", Time since last: 2003843751 ns, Reaching safepoint: 192500 ns, At safepoint: 4875 ns, Total: 197375 ns
[2022-04-29T07:58:16.187+0000][161][safepoint   ] Safepoint "Cleanup", Time since last: 1002322374 ns, Reaching safepoint: 94167 ns, At safepoint: 4042 ns, Total: 98209 ns
[2022-04-29T07:58:18.192+0000][161][safepoint   ] Safepoint "Cleanup", Time since last: 2004965542 ns, Reaching safepoint: 290667 ns, At safepoint: 8542 ns, Total: 299209 ns
[2022-04-29T07:58:20.199+0000][161][safepoint   ] Safepoint "Cleanup", Time since last: 2006849167 ns, Reaching safepoint: 126625 ns, At safepoint: 7334 ns, Total: 133959 ns
[2022-04-29T07:58:22.202+0000][161][safepoint   ] Safepoint "Cleanup", Time since last: 2002564292 ns, Reaching safepoint: 116709 ns, At safepoint: 5333 ns, Total: 122042 ns
[2022-04-29T07:58:23.205+0000][161][safepoint   ] Safepoint "Cleanup", Time since last: 1002347125 ns, Reaching safepoint: 437375 ns, At safepoint: 9667 ns, Total: 447042 ns
[2022-04-29T07:58:24.211+0000][161][safepoint   ] Safepoint "Cleanup", Time since last: 1005939251 ns, Reaching safepoint: 254625 ns, At safepoint: 10166 ns, Total: 264791 ns
[2022-04-29T07:58:25.213+0000][161][safepoint   ] Safepoint "Cleanup", Time since last: 1001359542 ns, Reaching safepoint: 241167 ns, At safepoint: 7000 ns, Total: 248167 ns
[2022-04-29T07:58:27.219+0000][161][safepoint   ] Safepoint "Cleanup", Time since last: 2005773543 ns, Reaching safepoint: 169291 ns, At safepoint: 3042 ns, Total: 172333 ns
[2022-04-29T07:58:28.223+0000][161][safepoint   ] Safepoint "Cleanup", Time since last: 1004172667 ns, Reaching safepoint: 89083 ns, At safepoint: 3792 ns, Total: 92875 ns
[2022-04-29T07:58:30.227+0000][161][safepoint   ] Safepoint "Cleanup", Time since last: 2004198876 ns, Reaching safepoint: 155833 ns, At safepoint: 9459 ns, Total: 165292 ns
[2022-04-29T07:58:33.247+0000][161][safepoint   ] Safepoint "Cleanup", Time since last: 3019417585 ns, Reaching safepoint: 76666 ns, At safepoint: 3334 ns, Total: 80000 ns
[2022-04-29T07:58:34.248+0000][161][safepoint   ] Safepoint "Cleanup", Time since last: 1000811750 ns, Reaching safepoint: 156250 ns, At safepoint: 2458 ns, Total: 158708 ns
[2022-04-29T07:58:35.254+0000][161][safepoint   ] Safepoint "Cleanup", Time since last: 1006141751 ns, Reaching safepoint: 591000 ns, At safepoint: 12083 ns, Total: 603083 ns
[2022-04-29T07:58:36.262+0000][161][safepoint   ] Safepoint "Cleanup", Time since last: 1007581167 ns, Reaching safepoint: 267959 ns, At safepoint: 9125 ns, Total: 277084 ns
[2022-04-29T07:58:37.270+0000][161][safepoint   ] Safepoint "Cleanup", Time since last: 1007163500 ns, Reaching safepoint: 358167 ns, At safepoint: 17375 ns, Total: 375542 ns
[2022-04-29T07:58:38.276+0000][161][safepoint   ] Safepoint "Cleanup", Time since last: 1006062542 ns, Reaching safepoint: 247542 ns, At safepoint: 5916 ns, Total: 253458 ns
[2022-04-29T07:58:39.279+0000][161][safepoint   ] Safepoint "Cleanup", Time since last: 1002736334 ns, Reaching safepoint: 62875 ns, At safepoint: 3750 ns, Total: 66625 ns
[2022-04-29T07:58:40.284+0000][161][safepoint   ] Safepoint "Cleanup", Time since last: 1005164459 ns, Reaching safepoint: 253875 ns, At safepoint: 22417 ns, Total: 276292 ns
[2022-04-29T07:58:42.291+0000][161][safepoint   ] Safepoint "Cleanup", Time since last: 2006044000 ns, Reaching safepoint: 185834 ns, At safepoint: 7041 ns, Total: 192875 ns
[2022-04-29T07:58:43.300+0000][161][safepoint   ] Safepoint "Cleanup", Time since last: 1009305959 ns, Reaching safepoint: 129334 ns, At safepoint: 4250 ns, Total: 133584 ns
[2022-04-29T07:58:45.304+0000][161][safepoint   ] Safepoint "Cleanup", Time since last: 2003283417 ns, Reaching safepoint: 349375 ns, At safepoint: 5792 ns, Total: 355167 ns
[2022-04-29T07:58:48.309+0000][161][safepoint   ] Safepoint "Cleanup", Time since last: 3005114459 ns, Reaching safepoint: 198583 ns, At safepoint: 7375 ns, Total: 205958 ns
[2022-04-29T07:58:58.332+0000][161][safepoint   ] Safepoint "Cleanup", Time since last: 10023307422 ns, Reaching safepoint: 123708 ns, At safepoint: 5625 ns, Total: 129333 ns
[2022-04-29T07:58:58.969+0000][161][gc,start    ] GC(38) Pause Young (Normal) (G1 Evacuation Pause)
[2022-04-29T07:58:58.970+0000][161][gc,task     ] GC(38) Using 5 workers of 5 for evacuation
[2022-04-29T07:58:58.971+0000][161][gc,age      ] GC(38) Desired survivor size 20971520 bytes, new threshold 15 (max threshold 15)
[2022-04-29T07:58:58.975+0000][161][gc,age      ] GC(38) Age table with threshold 15 (max threshold 15)
[2022-04-29T07:58:58.976+0000][161][gc,age      ] GC(38) - age   1:    1134312 bytes,    1134312 total
[2022-04-29T07:58:58.977+0000][161][gc,age      ] GC(38) - age   2:     116592 bytes,    1250904 total
[2022-04-29T07:58:58.978+0000][161][gc,age      ] GC(38) - age   3:       1408 bytes,    1252312 total
[2022-04-29T07:58:58.979+0000][161][gc,age      ] GC(38) - age   4:      14456 bytes,    1266768 total
[2022-04-29T07:58:58.980+0000][161][gc,age      ] GC(38) - age   5:      36296 bytes,    1303064 total
[2022-04-29T07:58:58.980+0000][161][gc,age      ] GC(38) - age   6:      18752 bytes,    1321816 total
[2022-04-29T07:58:58.981+0000][161][gc,age      ] GC(38) - age   7:       2712 bytes,    1324528 total
[2022-04-29T07:58:58.981+0000][161][gc,age      ] GC(38) - age   8:      68016 bytes,    1392544 total
[2022-04-29T07:58:58.982+0000][161][gc,age      ] GC(38) - age   9:     155368 bytes,    1547912 total
[2022-04-29T07:58:58.982+0000][161][gc,age      ] GC(38) - age  10:      62328 bytes,    1610240 total
[2022-04-29T07:58:58.983+0000][161][gc,age      ] GC(38) - age  11:       5152 bytes,    1615392 total
[2022-04-29T07:58:58.984+0000][161][gc,age      ] GC(38) - age  12:     246984 bytes,    1862376 total
[2022-04-29T07:58:58.984+0000][161][gc,age      ] GC(38) - age  13:       4752 bytes,    1867128 total
[2022-04-29T07:58:58.984+0000][161][gc,age      ] GC(38) - age  14:      13040 bytes,    1880168 total
[2022-04-29T07:58:58.985+0000][161][gc,age      ] GC(38) - age  15:       9952 bytes,    1890120 total
[2022-04-29T07:58:58.986+0000][161][gc,phases   ] GC(38)   Pre Evacuate Collection Set: 0.1ms
[2022-04-29T07:58:58.986+0000][161][gc,phases   ] GC(38)   Merge Heap Roots: 0.1ms
[2022-04-29T07:58:58.987+0000][161][gc,phases   ] GC(38)   Evacuate Collection Set: 3.1ms
[2022-04-29T07:58:58.988+0000][161][gc,phases   ] GC(38)   Post Evacuate Collection Set: 0.7ms
[2022-04-29T07:58:58.988+0000][161][gc,phases   ] GC(38)   Other: 12.5ms
[2022-04-29T07:58:58.989+0000][161][gc,heap     ] GC(38) Eden regions: 75->0(75)
[2022-04-29T07:58:58.990+0000][161][gc,heap     ] GC(38) Survivor regions: 1->1(10)
[2022-04-29T07:58:58.991+0000][161][gc,heap     ] GC(38) Old regions: 20->21
[2022-04-29T07:58:58.991+0000][161][gc,heap     ] GC(38) Archive regions: 2->2
[2022-04-29T07:58:58.992+0000][161][gc,heap     ] GC(38) Humongous regions: 6->6
[2022-04-29T07:58:58.993+0000][161][gc,metaspace] GC(38) Metaspace: 115463K(117184K)->115463K(117184K) NonClass: 100061K(101120K)->100061K(101120K) Class: 15401K(16064K)->15401K(16064K)
[2022-04-29T07:58:58.994+0000][161][gc          ] GC(38) Pause Young (Normal) (G1 Evacuation Pause) 409M->110M(512M) 24.514ms
[2022-04-29T07:58:58.995+0000][161][gc,cpu      ] GC(38) User=0.02s Sys=0.00s Real=0.03s
[2022-04-29T07:58:58.995+0000][161][safepoint   ] Safepoint "G1CollectForAllocation", Time since last: 636945542 ns, Reaching safepoint: 72833 ns, At safepoint: 25947125 ns, Total: 26019958 ns
[2022-04-29T07:59:06.011+0000][161][safepoint   ] Safepoint "Cleanup", Time since last: 7015248212 ns, Reaching safepoint: 248167 ns, At safepoint: 7541 ns, Total: 255708 ns
[2022-04-29T07:59:16.037+0000][161][safepoint   ] Safepoint "Cleanup", Time since last: 10026040046 ns, Reaching safepoint: 220375 ns, At safepoint: 11750 ns, Total: 232125 ns
[2022-04-29T07:59:25.079+0000][161][safepoint   ] Safepoint "Cleanup", Time since last: 9041303921 ns, Reaching safepoint: 396000 ns, At safepoint: 9334 ns, Total: 405334 ns
[2022-04-29T07:59:41.942+0000][161][safepoint   ] Safepoint "Cleanup", Time since last: 21039687967 ns, Reaching safepoint: 1286709 ns, At safepoint: 12625 ns, Total: 1299334 ns
[2022-04-29T07:59:54.984+0000][161][safepoint   ] Safepoint "Cleanup", Time since last: 13042632589 ns, Reaching safepoint: 152417 ns, At safepoint: 11750 ns, Total: 164167 ns
[2022-04-29T08:00:02.006+0000][161][safepoint   ] Safepoint "Cleanup", Time since last: 7021040962 ns, Reaching safepoint: 587916 ns, At safepoint: 14459 ns, Total: 602375 ns
[2022-04-29T08:00:09.882+0000][161][safepoint   ] Safepoint "Cleanup", Time since last: 7876417087 ns, Reaching safepoint: 93541 ns, At safepoint: 13875 ns, Total: 107416 ns
[2022-04-29T08:00:11.888+0000][161][safepoint   ] Safepoint "Cleanup", Time since last: 2005606501 ns, Reaching safepoint: 728125 ns, At safepoint: 18291 ns, Total: 746416 ns
[2022-04-29T08:00:12.898+0000][161][safepoint   ] Safepoint "Cleanup", Time since last: 1009790792 ns, Reaching safepoint: 298250 ns, At safepoint: 11709 ns, Total: 309959 ns
