[2022-04-22T06:02:01.808+0000][7][gc] Using G1
[2022-04-22T06:02:01.893+0000][7][gc,init] Version: 17.0.2+8 (release)
[2022-04-22T06:02:01.895+0000][7][gc,init] CPUs: 5 total, 5 available
[2022-04-22T06:02:01.896+0000][7][gc,init] Memory: 7851M
[2022-04-22T06:02:01.898+0000][7][gc,init] Large Page Support: Disabled
[2022-04-22T06:02:01.900+0000][7][gc,init] NUMA Support: Disabled
[2022-04-22T06:02:01.902+0000][7][gc,init] Compressed Oops: Enabled (32-bit)
[2022-04-22T06:02:01.903+0000][7][gc,init] Heap Region Size: 4M
[2022-04-22T06:02:01.906+0000][7][gc,init] Heap Min Capacity: 512M
[2022-04-22T06:02:01.908+0000][7][gc,init] Heap Initial Capacity: 512M
[2022-04-22T06:02:01.908+0000][7][gc,init] Heap Max Capacity: 512M
[2022-04-22T06:02:01.909+0000][7][gc,init] Pre-touch: Enabled
[2022-04-22T06:02:01.910+0000][7][gc,init] Parallel Workers: 5
[2022-04-22T06:02:01.911+0000][7][gc,init] Concurrent Workers: 1
[2022-04-22T06:02:01.913+0000][7][gc,init] Concurrent Refinement Workers: 5
[2022-04-22T06:02:01.914+0000][7][gc,init] Periodic GC: Disabled
[2022-04-22T06:02:01.915+0000][7][gc,metaspace] CDS archive(s) mapped at: [0x0000000800000000-0x0000000800bd2000-0x0000000800bd2000), size 12394496, SharedBaseAddress: 0x0000000800000000, ArchiveRelocationMode: 0.
[2022-04-22T06:02:01.917+0000][7][gc,metaspace] Compressed class space mapped at: 0x0000000800c00000-0x0000000840c00000, reserved size: 1073741824
[2022-04-22T06:02:01.918+0000][7][gc,metaspace] Narrow klass base: 0x0000000800000000, Narrow klass shift: 0, Narrow klass range: 0x100000000
[2022-04-22T06:02:02.128+0000][7][safepoint   ] Safepoint "ICBufferFull", Time since last: 204690416 ns, Reaching safepoint: 227000 ns, At safepoint: 6125 ns, Total: 233125 ns
[2022-04-22T06:02:02.328+0000][7][safepoint   ] Safepoint "ICBufferFull", Time since last: 199629459 ns, Reaching safepoint: 64458 ns, At safepoint: 4250 ns, Total: 68708 ns
[2022-04-22T06:02:02.515+0000][7][gc,start    ] GC(0) Pause Young (Normal) (G1 Evacuation Pause)
[2022-04-22T06:02:02.518+0000][7][gc,task     ] GC(0) Using 5 workers of 5 for evacuation
[2022-04-22T06:02:02.519+0000][7][gc,age      ] GC(0) Desired survivor size 2097152 bytes, new threshold 15 (max threshold 15)
[2022-04-22T06:02:02.523+0000][7][gc,age      ] GC(0) Age table with threshold 15 (max threshold 15)
[2022-04-22T06:02:02.524+0000][7][gc,age      ] GC(0) - age   1:    4184752 bytes,    4184752 total
[2022-04-22T06:02:02.526+0000][7][gc,phases   ] GC(0)   Pre Evacuate Collection Set: 0.1ms
[2022-04-22T06:02:02.527+0000][7][gc,phases   ] GC(0)   Merge Heap Roots: 0.0ms
[2022-04-22T06:02:02.527+0000][7][gc,phases   ] GC(0)   Evacuate Collection Set: 2.3ms
[2022-04-22T06:02:02.528+0000][7][gc,phases   ] GC(0)   Post Evacuate Collection Set: 0.8ms
[2022-04-22T06:02:02.529+0000][7][gc,phases   ] GC(0)   Other: 7.1ms
[2022-04-22T06:02:02.530+0000][7][gc,heap     ] GC(0) Eden regions: 6->0(5)
[2022-04-22T06:02:02.531+0000][7][gc,heap     ] GC(0) Survivor regions: 0->1(1)
[2022-04-22T06:02:02.532+0000][7][gc,heap     ] GC(0) Old regions: 0->1
[2022-04-22T06:02:02.533+0000][7][gc,heap     ] GC(0) Archive regions: 2->2
[2022-04-22T06:02:02.534+0000][7][gc,heap     ] GC(0) Humongous regions: 0->0
[2022-04-22T06:02:02.535+0000][7][gc,metaspace] GC(0) Metaspace: 8970K(9216K)->8970K(9216K) NonClass: 7888K(8000K)->7888K(8000K) Class: 1082K(1216K)->1082K(1216K)
[2022-04-22T06:02:02.536+0000][7][gc          ] GC(0) Pause Young (Normal) (G1 Evacuation Pause) 27M->8M(512M) 20.862ms
[2022-04-22T06:02:02.538+0000][7][gc,cpu      ] GC(0) User=0.00s Sys=0.01s Real=0.03s
[2022-04-22T06:02:02.539+0000][7][safepoint   ] Safepoint "G1CollectForAllocation", Time since last: 186915000 ns, Reaching safepoint: 101958 ns, At safepoint: 23706709 ns, Total: 23808667 ns
[2022-04-22T06:02:02.797+0000][7][safepoint   ] Safepoint "ICBufferFull", Time since last: 258003792 ns, Reaching safepoint: 215333 ns, At safepoint: 2250 ns, Total: 217583 ns
[2022-04-22T06:02:03.204+0000][7][gc,start    ] GC(1) Pause Young (Normal) (G1 Evacuation Pause)
[2022-04-22T06:02:03.204+0000][7][gc,task     ] GC(1) Using 5 workers of 5 for evacuation
[2022-04-22T06:02:03.206+0000][7][gc,age      ] GC(1) Desired survivor size 2097152 bytes, new threshold 1 (max threshold 15)
[2022-04-22T06:02:03.212+0000][7][gc,age      ] GC(1) Age table with threshold 1 (max threshold 15)
[2022-04-22T06:02:03.212+0000][7][gc,age      ] GC(1) - age   1:    2037136 bytes,    2037136 total
[2022-04-22T06:02:03.214+0000][7][gc,phases   ] GC(1)   Pre Evacuate Collection Set: 0.2ms
[2022-04-22T06:02:03.214+0000][7][gc,phases   ] GC(1)   Merge Heap Roots: 0.1ms
[2022-04-22T06:02:03.216+0000][7][gc,phases   ] GC(1)   Evacuate Collection Set: 3.7ms
[2022-04-22T06:02:03.217+0000][7][gc,phases   ] GC(1)   Post Evacuate Collection Set: 1.0ms
[2022-04-22T06:02:03.217+0000][7][gc,phases   ] GC(1)   Other: 5.3ms
[2022-04-22T06:02:03.218+0000][7][gc,heap     ] GC(1) Eden regions: 5->0(7)
[2022-04-22T06:02:03.219+0000][7][gc,heap     ] GC(1) Survivor regions: 1->1(1)
[2022-04-22T06:02:03.221+0000][7][gc,heap     ] GC(1) Old regions: 1->2
[2022-04-22T06:02:03.222+0000][7][gc,heap     ] GC(1) Archive regions: 2->2
[2022-04-22T06:02:03.222+0000][7][gc,heap     ] GC(1) Humongous regions: 0->0
[2022-04-22T06:02:03.223+0000][7][gc,metaspace] GC(1) Metaspace: 12705K(12928K)->12705K(12928K) NonClass: 11145K(11264K)->11145K(11264K) Class: 1559K(1664K)->1559K(1664K)
[2022-04-22T06:02:03.224+0000][7][gc          ] GC(1) Pause Young (Normal) (G1 Evacuation Pause) 28M->10M(512M) 20.509ms
[2022-04-22T06:02:03.225+0000][7][gc,cpu      ] GC(1) User=0.01s Sys=0.01s Real=0.02s
[2022-04-22T06:02:03.226+0000][7][safepoint   ] Safepoint "G1CollectForAllocation", Time since last: 406194042 ns, Reaching safepoint: 159666 ns, At safepoint: 22560209 ns, Total: 22719875 ns
[2022-04-22T06:02:03.429+0000][7][safepoint   ] Safepoint "ICBufferFull", Time since last: 202888875 ns, Reaching safepoint: 183917 ns, At safepoint: 2250 ns, Total: 186167 ns
[2022-04-22T06:02:03.475+0000][7][gc,start    ] GC(2) Pause Young (Normal) (G1 Evacuation Pause)
[2022-04-22T06:02:03.477+0000][7][gc,task     ] GC(2) Using 5 workers of 5 for evacuation
[2022-04-22T06:02:03.478+0000][7][gc,age      ] GC(2) Desired survivor size 2097152 bytes, new threshold 15 (max threshold 15)
[2022-04-22T06:02:03.484+0000][7][gc,age      ] GC(2) Age table with threshold 15 (max threshold 15)
[2022-04-22T06:02:03.486+0000][7][gc,age      ] GC(2) - age   1:     890496 bytes,     890496 total
[2022-04-22T06:02:03.487+0000][7][gc,age      ] GC(2) - age   2:    2022488 bytes,    2912984 total
[2022-04-22T06:02:03.489+0000][7][gc,phases   ] GC(2)   Pre Evacuate Collection Set: 0.1ms
[2022-04-22T06:02:03.490+0000][7][gc,phases   ] GC(2)   Merge Heap Roots: 0.0ms
[2022-04-22T06:02:03.491+0000][7][gc,phases   ] GC(2)   Evacuate Collection Set: 4.4ms
[2022-04-22T06:02:03.492+0000][7][gc,phases   ] GC(2)   Post Evacuate Collection Set: 1.1ms
[2022-04-22T06:02:03.492+0000][7][gc,phases   ] GC(2)   Other: 7.8ms
[2022-04-22T06:02:03.493+0000][7][gc,heap     ] GC(2) Eden regions: 7->0(44)
[2022-04-22T06:02:03.494+0000][7][gc,heap     ] GC(2) Survivor regions: 1->1(1)
[2022-04-22T06:02:03.495+0000][7][gc,heap     ] GC(2) Old regions: 2->2
[2022-04-22T06:02:03.496+0000][7][gc,heap     ] GC(2) Archive regions: 2->2
[2022-04-22T06:02:03.498+0000][7][gc,heap     ] GC(2) Humongous regions: 0->0
[2022-04-22T06:02:03.498+0000][7][gc,metaspace] GC(2) Metaspace: 14635K(14912K)->14635K(14912K) NonClass: 12890K(13056K)->12890K(13056K) Class: 1744K(1856K)->1744K(1856K)
[2022-04-22T06:02:03.499+0000][7][gc          ] GC(2) Pause Young (Normal) (G1 Evacuation Pause) 38M->10M(512M) 23.826ms
[2022-04-22T06:02:03.500+0000][7][gc,cpu      ] GC(2) User=0.03s Sys=0.01s Real=0.03s
[2022-04-22T06:02:03.501+0000][7][safepoint   ] Safepoint "G1CollectForAllocation", Time since last: 45756291 ns, Reaching safepoint: 302584 ns, At safepoint: 26223166 ns, Total: 26525750 ns
[2022-04-22T06:02:03.784+0000][7][safepoint   ] Safepoint "ICBufferFull", Time since last: 282813792 ns, Reaching safepoint: 165750 ns, At safepoint: 3333 ns, Total: 169083 ns
[2022-04-22T06:02:03.831+0000][7][safepoint   ] Safepoint "ICBufferFull", Time since last: 46349709 ns, Reaching safepoint: 249791 ns, At safepoint: 4417 ns, Total: 254208 ns
[2022-04-22T06:02:03.842+0000][7][safepoint   ] Safepoint "ICBufferFull", Time since last: 10563292 ns, Reaching safepoint: 97708 ns, At safepoint: 3417 ns, Total: 101125 ns
[2022-04-22T06:02:03.844+0000][7][safepoint   ] Safepoint "ICBufferFull", Time since last: 2242625 ns, Reaching safepoint: 155583 ns, At safepoint: 2417 ns, Total: 158000 ns
[2022-04-22T06:02:03.846+0000][7][safepoint   ] Safepoint "ICBufferFull", Time since last: 1781500 ns, Reaching safepoint: 32125 ns, At safepoint: 1291 ns, Total: 33416 ns
[2022-04-22T06:02:03.849+0000][7][safepoint   ] Safepoint "ICBufferFull", Time since last: 2693875 ns, Reaching safepoint: 19292 ns, At safepoint: 2750 ns, Total: 22042 ns
[2022-04-22T06:02:03.851+0000][7][safepoint   ] Safepoint "ICBufferFull", Time since last: 2085875 ns, Reaching safepoint: 75542 ns, At safepoint: 165916 ns, Total: 241458 ns
[2022-04-22T06:02:03.853+0000][7][safepoint   ] Safepoint "ICBufferFull", Time since last: 1668125 ns, Reaching safepoint: 30834 ns, At safepoint: 1000 ns, Total: 31834 ns
[2022-04-22T06:02:03.854+0000][7][safepoint   ] Safepoint "ICBufferFull", Time since last: 1048583 ns, Reaching safepoint: 50250 ns, At safepoint: 1292 ns, Total: 51542 ns
[2022-04-22T06:02:03.855+0000][7][safepoint   ] Safepoint "ICBufferFull", Time since last: 1459750 ns, Reaching safepoint: 45125 ns, At safepoint: 1333 ns, Total: 46458 ns
[2022-04-22T06:02:03.856+0000][7][safepoint   ] Safepoint "ICBufferFull", Time since last: 1045542 ns, Reaching safepoint: 44666 ns, At safepoint: 1375 ns, Total: 46041 ns
[2022-04-22T06:02:03.858+0000][7][safepoint   ] Safepoint "ICBufferFull", Time since last: 1361292 ns, Reaching safepoint: 110167 ns, At safepoint: 2083 ns, Total: 112250 ns
[2022-04-22T06:02:04.000+0000][7][safepoint   ] Safepoint "ICBufferFull", Time since last: 141726334 ns, Reaching safepoint: 157375 ns, At safepoint: 15875 ns, Total: 173250 ns
[2022-04-22T06:02:04.043+0000][7][gc,start    ] GC(3) Pause Young (Normal) (G1 Evacuation Pause)
[2022-04-22T06:02:04.043+0000][7][gc,task     ] GC(3) Using 5 workers of 5 for evacuation
[2022-04-22T06:02:04.044+0000][7][gc,age      ] GC(3) Desired survivor size 12582912 bytes, new threshold 15 (max threshold 15)
[2022-04-22T06:02:04.050+0000][7][gc,age      ] GC(3) Age table with threshold 15 (max threshold 15)
[2022-04-22T06:02:04.051+0000][7][gc,age      ] GC(3) - age   1:    4124928 bytes,    4124928 total
[2022-04-22T06:02:04.054+0000][7][gc,age      ] GC(3) - age   2:     805064 bytes,    4929992 total
[2022-04-22T06:02:04.055+0000][7][gc,age      ] GC(3) - age   3:    2020168 bytes,    6950160 total
[2022-04-22T06:02:04.056+0000][7][gc,phases   ] GC(3)   Pre Evacuate Collection Set: 0.4ms
[2022-04-22T06:02:04.056+0000][7][gc,phases   ] GC(3)   Merge Heap Roots: 0.0ms
[2022-04-22T06:02:04.057+0000][7][gc,phases   ] GC(3)   Evacuate Collection Set: 4.1ms
[2022-04-22T06:02:04.058+0000][7][gc,phases   ] GC(3)   Post Evacuate Collection Set: 0.6ms
[2022-04-22T06:02:04.059+0000][7][gc,phases   ] GC(3)   Other: 7.8ms
[2022-04-22T06:02:04.061+0000][7][gc,heap     ] GC(3) Eden regions: 44->0(74)
[2022-04-22T06:02:04.063+0000][7][gc,heap     ] GC(3) Survivor regions: 1->2(6)
[2022-04-22T06:02:04.064+0000][7][gc,heap     ] GC(3) Old regions: 2->2
[2022-04-22T06:02:04.064+0000][7][gc,heap     ] GC(3) Archive regions: 2->2
[2022-04-22T06:02:04.065+0000][7][gc,heap     ] GC(3) Humongous regions: 0->0
[2022-04-22T06:02:04.066+0000][7][gc,metaspace] GC(3) Metaspace: 17744K(18112K)->17744K(18112K) NonClass: 15600K(15808K)->15600K(15808K) Class: 2144K(2304K)->2144K(2304K)
[2022-04-22T06:02:04.067+0000][7][gc          ] GC(3) Pause Young (Normal) (G1 Evacuation Pause) 186M->15M(512M) 24.162ms
[2022-04-22T06:02:04.068+0000][7][gc,cpu      ] GC(3) User=0.02s Sys=0.01s Real=0.03s
[2022-04-22T06:02:04.069+0000][7][safepoint   ] Safepoint "G1CollectForAllocation", Time since last: 42855458 ns, Reaching safepoint: 34917 ns, At safepoint: 25990041 ns, Total: 26024958 ns
[2022-04-22T06:02:04.396+0000][7][gc,start    ] GC(4) Pause Young (Normal) (G1 Evacuation Pause)
[2022-04-22T06:02:04.397+0000][7][gc,task     ] GC(4) Using 5 workers of 5 for evacuation
[2022-04-22T06:02:04.398+0000][7][gc,age      ] GC(4) Desired survivor size 20971520 bytes, new threshold 15 (max threshold 15)
[2022-04-22T06:02:04.405+0000][7][gc,age      ] GC(4) Age table with threshold 15 (max threshold 15)
[2022-04-22T06:02:04.406+0000][7][gc,age      ] GC(4) - age   1:    4782264 bytes,    4782264 total
[2022-04-22T06:02:04.407+0000][7][gc,age      ] GC(4) - age   2:    3897104 bytes,    8679368 total
[2022-04-22T06:02:04.408+0000][7][gc,age      ] GC(4) - age   3:     804960 bytes,    9484328 total
[2022-04-22T06:02:04.409+0000][7][gc,age      ] GC(4) - age   4:    2020024 bytes,   11504352 total
[2022-04-22T06:02:04.410+0000][7][gc,phases   ] GC(4)   Pre Evacuate Collection Set: 0.3ms
[2022-04-22T06:02:04.411+0000][7][gc,phases   ] GC(4)   Merge Heap Roots: 0.0ms
[2022-04-22T06:02:04.411+0000][7][gc,phases   ] GC(4)   Evacuate Collection Set: 4.0ms
[2022-04-22T06:02:04.412+0000][7][gc,phases   ] GC(4)   Post Evacuate Collection Set: 1.1ms
[2022-04-22T06:02:04.413+0000][7][gc,phases   ] GC(4)   Other: 8.2ms
[2022-04-22T06:02:04.414+0000][7][gc,heap     ] GC(4) Eden regions: 74->0(73)
[2022-04-22T06:02:04.415+0000][7][gc,heap     ] GC(4) Survivor regions: 2->3(10)
[2022-04-22T06:02:04.416+0000][7][gc,heap     ] GC(4) Old regions: 2->2
[2022-04-22T06:02:04.417+0000][7][gc,heap     ] GC(4) Archive regions: 2->2
[2022-04-22T06:02:04.419+0000][7][gc,heap     ] GC(4) Humongous regions: 0->0
[2022-04-22T06:02:04.420+0000][7][gc,metaspace] GC(4) Metaspace: 19138K(19584K)->19138K(19584K) NonClass: 16806K(17088K)->16806K(17088K) Class: 2331K(2496K)->2331K(2496K)
[2022-04-22T06:02:04.421+0000][7][gc          ] GC(4) Pause Young (Normal) (G1 Evacuation Pause) 311M->19M(512M) 24.793ms
[2022-04-22T06:02:04.423+0000][7][gc,cpu      ] GC(4) User=0.01s Sys=0.00s Real=0.02s
[2022-04-22T06:02:04.424+0000][7][safepoint   ] Safepoint "G1CollectForAllocation", Time since last: 327580417 ns, Reaching safepoint: 303333 ns, At safepoint: 27618334 ns, Total: 27921667 ns
[2022-04-22T06:02:04.686+0000][7][gc,start    ] GC(5) Pause Young (Normal) (G1 Evacuation Pause)
[2022-04-22T06:02:04.687+0000][7][gc,task     ] GC(5) Using 5 workers of 5 for evacuation
[2022-04-22T06:02:04.688+0000][7][gc,age      ] GC(5) Desired survivor size 20971520 bytes, new threshold 15 (max threshold 15)
[2022-04-22T06:02:04.699+0000][7][gc,age      ] GC(5) Age table with threshold 15 (max threshold 15)
[2022-04-22T06:02:04.700+0000][7][gc,age      ] GC(5) - age   1:     476744 bytes,     476744 total
[2022-04-22T06:02:04.701+0000][7][gc,age      ] GC(5) - age   2:    4341520 bytes,    4818264 total
[2022-04-22T06:02:04.702+0000][7][gc,age      ] GC(5) - age   3:    3896568 bytes,    8714832 total
[2022-04-22T06:02:04.703+0000][7][gc,age      ] GC(5) - age   4:     804832 bytes,    9519664 total
[2022-04-22T06:02:04.704+0000][7][gc,age      ] GC(5) - age   5:    2019960 bytes,   11539624 total
[2022-04-22T06:02:04.705+0000][7][gc,phases   ] GC(5)   Pre Evacuate Collection Set: 0.3ms
[2022-04-22T06:02:04.706+0000][7][gc,phases   ] GC(5)   Merge Heap Roots: 0.4ms
[2022-04-22T06:02:04.707+0000][7][gc,phases   ] GC(5)   Evacuate Collection Set: 7.5ms
[2022-04-22T06:02:04.708+0000][7][gc,phases   ] GC(5)   Post Evacuate Collection Set: 1.3ms
[2022-04-22T06:02:04.708+0000][7][gc,phases   ] GC(5)   Other: 10.0ms
[2022-04-22T06:02:04.709+0000][7][gc,heap     ] GC(5) Eden regions: 73->0(73)
[2022-04-22T06:02:04.710+0000][7][gc,heap     ] GC(5) Survivor regions: 3->3(10)
[2022-04-22T06:02:04.711+0000][7][gc,heap     ] GC(5) Old regions: 2->2
[2022-04-22T06:02:04.713+0000][7][gc,heap     ] GC(5) Archive regions: 2->2
[2022-04-22T06:02:04.714+0000][7][gc,heap     ] GC(5) Humongous regions: 0->0
[2022-04-22T06:02:04.715+0000][7][gc,metaspace] GC(5) Metaspace: 19652K(20096K)->19652K(20096K) NonClass: 17233K(17536K)->17233K(17536K) Class: 2419K(2560K)->2419K(2560K)
[2022-04-22T06:02:04.716+0000][7][gc          ] GC(5) Pause Young (Normal) (G1 Evacuation Pause) 311M->19M(512M) 30.875ms
[2022-04-22T06:02:04.717+0000][7][gc,cpu      ] GC(5) User=0.02s Sys=0.00s Real=0.04s
[2022-04-22T06:02:04.718+0000][7][safepoint   ] Safepoint "G1CollectForAllocation", Time since last: 261337750 ns, Reaching safepoint: 135208 ns, At safepoint: 32400375 ns, Total: 32535583 ns
[2022-04-22T06:02:05.024+0000][7][safepoint   ] Safepoint "ICBufferFull", Time since last: 305507125 ns, Reaching safepoint: 291375 ns, At safepoint: 3667 ns, Total: 295042 ns
[2022-04-22T06:02:05.085+0000][7][gc,start    ] GC(6) Pause Young (Normal) (G1 Evacuation Pause)
[2022-04-22T06:02:05.087+0000][7][gc,task     ] GC(6) Using 5 workers of 5 for evacuation
[2022-04-22T06:02:05.088+0000][7][gc,age      ] GC(6) Desired survivor size 20971520 bytes, new threshold 15 (max threshold 15)
[2022-04-22T06:02:05.093+0000][7][gc,age      ] GC(6) Age table with threshold 15 (max threshold 15)
[2022-04-22T06:02:05.094+0000][7][gc,age      ] GC(6) - age   1:    3702672 bytes,    3702672 total
[2022-04-22T06:02:05.095+0000][7][gc,age      ] GC(6) - age   2:     469296 bytes,    4171968 total
[2022-04-22T06:02:05.096+0000][7][gc,age      ] GC(6) - age   3:    4337464 bytes,    8509432 total
[2022-04-22T06:02:05.097+0000][7][gc,age      ] GC(6) - age   4:    3894104 bytes,   12403536 total
[2022-04-22T06:02:05.098+0000][7][gc,age      ] GC(6) - age   5:     804152 bytes,   13207688 total
[2022-04-22T06:02:05.099+0000][7][gc,age      ] GC(6) - age   6:    2019656 bytes,   15227344 total
[2022-04-22T06:02:05.100+0000][7][gc,phases   ] GC(6)   Pre Evacuate Collection Set: 0.3ms
[2022-04-22T06:02:05.101+0000][7][gc,phases   ] GC(6)   Merge Heap Roots: 0.1ms
[2022-04-22T06:02:05.102+0000][7][gc,phases   ] GC(6)   Evacuate Collection Set: 3.5ms
[2022-04-22T06:02:05.102+0000][7][gc,phases   ] GC(6)   Post Evacuate Collection Set: 0.8ms
[2022-04-22T06:02:05.103+0000][7][gc,phases   ] GC(6)   Other: 10.0ms
[2022-04-22T06:02:05.104+0000][7][gc,heap     ] GC(6) Eden regions: 73->0(72)
[2022-04-22T06:02:05.105+0000][7][gc,heap     ] GC(6) Survivor regions: 3->4(10)
[2022-04-22T06:02:05.106+0000][7][gc,heap     ] GC(6) Old regions: 2->2
[2022-04-22T06:02:05.106+0000][7][gc,heap     ] GC(6) Archive regions: 2->2
[2022-04-22T06:02:05.108+0000][7][gc,heap     ] GC(6) Humongous regions: 0->0
[2022-04-22T06:02:05.108+0000][7][gc,metaspace] GC(6) Metaspace: 20815K(21312K)->20815K(21312K) NonClass: 18240K(18560K)->18240K(18560K) Class: 2575K(2752K)->2575K(2752K)
[2022-04-22T06:02:05.109+0000][7][gc          ] GC(6) Pause Young (Normal) (G1 Evacuation Pause) 311M->23M(512M) 23.873ms
[2022-04-22T06:02:05.110+0000][7][gc,cpu      ] GC(6) User=0.01s Sys=0.00s Real=0.03s
[2022-04-22T06:02:05.110+0000][7][safepoint   ] Safepoint "G1CollectForAllocation", Time since last: 61394083 ns, Reaching safepoint: 101375 ns, At safepoint: 25159334 ns, Total: 25260709 ns
[2022-04-22T06:02:05.238+0000][7][gc,start    ] GC(7) Pause Young (Concurrent Start) (Metadata GC Threshold)
[2022-04-22T06:02:05.239+0000][7][gc,task     ] GC(7) Using 5 workers of 5 for evacuation
[2022-04-22T06:02:05.240+0000][7][gc,age      ] GC(7) Desired survivor size 20971520 bytes, new threshold 15 (max threshold 15)
[2022-04-22T06:02:05.245+0000][7][gc,age      ] GC(7) Age table with threshold 15 (max threshold 15)
[2022-04-22T06:02:05.246+0000][7][gc,age      ] GC(7) - age   1:     777904 bytes,     777904 total
[2022-04-22T06:02:05.247+0000][7][gc,age      ] GC(7) - age   2:    2283168 bytes,    3061072 total
[2022-04-22T06:02:05.248+0000][7][gc,age      ] GC(7) - age   3:     469016 bytes,    3530088 total
[2022-04-22T06:02:05.249+0000][7][gc,age      ] GC(7) - age   4:    4336648 bytes,    7866736 total
[2022-04-22T06:02:05.250+0000][7][gc,age      ] GC(7) - age   5:    3893472 bytes,   11760208 total
[2022-04-22T06:02:05.250+0000][7][gc,age      ] GC(7) - age   6:     804152 bytes,   12564360 total
[2022-04-22T06:02:05.251+0000][7][gc,age      ] GC(7) - age   7:    2019656 bytes,   14584016 total
[2022-04-22T06:02:05.253+0000][7][gc,phases   ] GC(7)   Pre Evacuate Collection Set: 0.1ms
[2022-04-22T06:02:05.254+0000][7][gc,phases   ] GC(7)   Merge Heap Roots: 0.0ms
[2022-04-22T06:02:05.255+0000][7][gc,phases   ] GC(7)   Evacuate Collection Set: 3.5ms
[2022-04-22T06:02:05.256+0000][7][gc,phases   ] GC(7)   Post Evacuate Collection Set: 0.6ms
[2022-04-22T06:02:05.257+0000][7][gc,phases   ] GC(7)   Other: 10.9ms
[2022-04-22T06:02:05.257+0000][7][gc,heap     ] GC(7) Eden regions: 42->0(72)
[2022-04-22T06:02:05.258+0000][7][gc,heap     ] GC(7) Survivor regions: 4->4(10)
[2022-04-22T06:02:05.259+0000][7][gc,heap     ] GC(7) Old regions: 2->2
[2022-04-22T06:02:05.260+0000][7][gc,heap     ] GC(7) Archive regions: 2->2
[2022-04-22T06:02:05.260+0000][7][gc,heap     ] GC(7) Humongous regions: 0->0
[2022-04-22T06:02:05.261+0000][7][gc,metaspace] GC(7) Metaspace: 20999K(21504K)->20999K(21504K) NonClass: 18387K(18688K)->18387K(18688K) Class: 2612K(2816K)->2612K(2816K)
[2022-04-22T06:02:05.262+0000][7][gc          ] GC(7) Pause Young (Concurrent Start) (Metadata GC Threshold) 189M->22M(512M) 23.577ms
[2022-04-22T06:02:05.263+0000][7][gc,cpu      ] GC(7) User=0.01s Sys=0.00s Real=0.02s
[2022-04-22T06:02:05.263+0000][7][safepoint   ] Safepoint "CollectForMetadataAllocation", Time since last: 127689416 ns, Reaching safepoint: 107709 ns, At safepoint: 25217541 ns, Total: 25325250 ns
[2022-04-22T06:02:05.263+0000][7][gc          ] GC(8) Concurrent Mark Cycle
[2022-04-22T06:02:05.265+0000][7][gc,marking  ] GC(8) Concurrent Clear Claimed Marks
[2022-04-22T06:02:05.266+0000][7][gc,marking  ] GC(8) Concurrent Clear Claimed Marks 0.879ms
[2022-04-22T06:02:05.267+0000][7][gc,marking  ] GC(8) Concurrent Scan Root Regions
[2022-04-22T06:02:05.271+0000][7][gc,marking  ] GC(8) Concurrent Scan Root Regions 4.260ms
[2022-04-22T06:02:05.272+0000][7][gc,marking  ] GC(8) Concurrent Mark
[2022-04-22T06:02:05.273+0000][7][gc,marking  ] GC(8) Concurrent Mark From Roots
[2022-04-22T06:02:05.274+0000][7][gc,task     ] GC(8) Using 1 workers of 1 for marking
[2022-04-22T06:02:05.281+0000][7][gc,marking  ] GC(8) Concurrent Mark From Roots 8.165ms
[2022-04-22T06:02:05.283+0000][7][gc,marking  ] GC(8) Concurrent Preclean
[2022-04-22T06:02:05.284+0000][7][gc,marking  ] GC(8) Concurrent Preclean 1.320ms
[2022-04-22T06:02:05.286+0000][7][gc,start    ] GC(8) Pause Remark
[2022-04-22T06:02:05.289+0000][7][gc          ] GC(8) Pause Remark 24M->24M(512M) 3.521ms
[2022-04-22T06:02:05.290+0000][7][gc,cpu      ] GC(8) User=0.01s Sys=0.00s Real=0.01s
[2022-04-22T06:02:05.291+0000][7][safepoint   ] Safepoint "G1Concurrent", Time since last: 21974042 ns, Reaching safepoint: 189708 ns, At safepoint: 5210959 ns, Total: 5400667 ns
[2022-04-22T06:02:05.291+0000][7][gc,marking  ] GC(8) Concurrent Mark 19.294ms
[2022-04-22T06:02:05.293+0000][7][gc,marking  ] GC(8) Concurrent Rebuild Remembered Sets
[2022-04-22T06:02:05.296+0000][7][gc,marking  ] GC(8) Concurrent Rebuild Remembered Sets 3.256ms
[2022-04-22T06:02:05.298+0000][7][gc,start    ] GC(8) Pause Cleanup
[2022-04-22T06:02:05.299+0000][7][gc          ] GC(8) Pause Cleanup 24M->24M(512M) 1.039ms
[2022-04-22T06:02:05.299+0000][7][gc,cpu      ] GC(8) User=0.01s Sys=0.00s Real=0.00s
[2022-04-22T06:02:05.300+0000][7][safepoint   ] Safepoint "G1Concurrent", Time since last: 6645333 ns, Reaching safepoint: 184583 ns, At safepoint: 2554334 ns, Total: 2738917 ns
[2022-04-22T06:02:05.301+0000][7][gc,marking  ] GC(8) Concurrent Cleanup for Next Mark
[2022-04-22T06:02:05.303+0000][7][gc,marking  ] GC(8) Concurrent Cleanup for Next Mark 1.349ms
[2022-04-22T06:02:05.304+0000][7][gc          ] GC(8) Concurrent Mark Cycle 40.073ms
[2022-04-22T06:02:05.590+0000][7][safepoint   ] Safepoint "ICBufferFull", Time since last: 289979917 ns, Reaching safepoint: 141708 ns, At safepoint: 10875 ns, Total: 152583 ns
[2022-04-22T06:02:05.640+0000][7][safepoint   ] Safepoint "ICBufferFull", Time since last: 50064875 ns, Reaching safepoint: 96458 ns, At safepoint: 9209 ns, Total: 105667 ns
[2022-04-22T06:02:05.642+0000][7][safepoint   ] Safepoint "ICBufferFull", Time since last: 1245416 ns, Reaching safepoint: 30167 ns, At safepoint: 1333 ns, Total: 31500 ns
[2022-04-22T06:02:05.646+0000][7][safepoint   ] Safepoint "ICBufferFull", Time since last: 4064500 ns, Reaching safepoint: 161417 ns, At safepoint: 4375 ns, Total: 165792 ns
[2022-04-22T06:02:05.650+0000][7][safepoint   ] Safepoint "ICBufferFull", Time since last: 3738750 ns, Reaching safepoint: 23708 ns, At safepoint: 1167 ns, Total: 24875 ns
[2022-04-22T06:02:05.651+0000][7][safepoint   ] Safepoint "ICBufferFull", Time since last: 940250 ns, Reaching safepoint: 64833 ns, At safepoint: 1709 ns, Total: 66542 ns
[2022-04-22T06:02:05.652+0000][7][safepoint   ] Safepoint "ICBufferFull", Time since last: 971416 ns, Reaching safepoint: 35209 ns, At safepoint: 1375 ns, Total: 36584 ns
[2022-04-22T06:02:05.653+0000][7][safepoint   ] Safepoint "ICBufferFull", Time since last: 912583 ns, Reaching safepoint: 31708 ns, At safepoint: 1042 ns, Total: 32750 ns
[2022-04-22T06:02:05.663+0000][7][safepoint   ] Safepoint "ICBufferFull", Time since last: 10142917 ns, Reaching safepoint: 74666 ns, At safepoint: 2959 ns, Total: 77625 ns
[2022-04-22T06:02:05.665+0000][7][safepoint   ] Safepoint "ICBufferFull", Time since last: 2311750 ns, Reaching safepoint: 31375 ns, At safepoint: 1416 ns, Total: 32791 ns
[2022-04-22T06:02:05.666+0000][7][safepoint   ] Safepoint "ICBufferFull", Time since last: 917167 ns, Reaching safepoint: 35875 ns, At safepoint: 1667 ns, Total: 37542 ns
[2022-04-22T06:02:05.667+0000][7][safepoint   ] Safepoint "ICBufferFull", Time since last: 1143958 ns, Reaching safepoint: 41583 ns, At safepoint: 1209 ns, Total: 42792 ns
[2022-04-22T06:02:05.684+0000][7][safepoint   ] Safepoint "ICBufferFull", Time since last: 16442125 ns, Reaching safepoint: 70333 ns, At safepoint: 5333 ns, Total: 75666 ns
[2022-04-22T06:02:05.689+0000][7][safepoint   ] Safepoint "ICBufferFull", Time since last: 5255209 ns, Reaching safepoint: 71250 ns, At safepoint: 1833 ns, Total: 73083 ns
[2022-04-22T06:02:05.691+0000][7][safepoint   ] Safepoint "ICBufferFull", Time since last: 1258500 ns, Reaching safepoint: 28833 ns, At safepoint: 1209 ns, Total: 30042 ns
[2022-04-22T06:02:05.692+0000][7][safepoint   ] Safepoint "ICBufferFull", Time since last: 1875833 ns, Reaching safepoint: 64708 ns, At safepoint: 3459 ns, Total: 68167 ns
[2022-04-22T06:02:05.697+0000][7][safepoint   ] Safepoint "ICBufferFull", Time since last: 4185083 ns, Reaching safepoint: 38875 ns, At safepoint: 1917 ns, Total: 40792 ns
[2022-04-22T06:02:05.711+0000][7][safepoint   ] Safepoint "ICBufferFull", Time since last: 14065875 ns, Reaching safepoint: 59708 ns, At safepoint: 1792 ns, Total: 61500 ns
[2022-04-22T06:02:05.748+0000][7][safepoint   ] Safepoint "ICBufferFull", Time since last: 36924708 ns, Reaching safepoint: 109125 ns, At safepoint: 1958 ns, Total: 111083 ns
[2022-04-22T06:02:05.755+0000][7][safepoint   ] Safepoint "ICBufferFull", Time since last: 7277625 ns, Reaching safepoint: 34625 ns, At safepoint: 1667 ns, Total: 36292 ns
[2022-04-22T06:02:05.757+0000][7][safepoint   ] Safepoint "ICBufferFull", Time since last: 2154833 ns, Reaching safepoint: 106500 ns, At safepoint: 1875 ns, Total: 108375 ns
[2022-04-22T06:02:05.759+0000][7][safepoint   ] Safepoint "ICBufferFull", Time since last: 1357709 ns, Reaching safepoint: 238041 ns, At safepoint: 4417 ns, Total: 242458 ns
[2022-04-22T06:02:05.761+0000][7][safepoint   ] Safepoint "ICBufferFull", Time since last: 2163458 ns, Reaching safepoint: 52292 ns, At safepoint: 2583 ns, Total: 54875 ns
[2022-04-22T06:02:05.763+0000][7][safepoint   ] Safepoint "ICBufferFull", Time since last: 1988667 ns, Reaching safepoint: 150583 ns, At safepoint: 10417 ns, Total: 161000 ns
[2022-04-22T06:02:05.966+0000][7][safepoint   ] Safepoint "ICBufferFull", Time since last: 202313417 ns, Reaching safepoint: 180375 ns, At safepoint: 2875 ns, Total: 183250 ns
[2022-04-22T06:02:06.487+0000][7][safepoint   ] Safepoint "ICBufferFull", Time since last: 521214000 ns, Reaching safepoint: 140708 ns, At safepoint: 22542 ns, Total: 163250 ns
[2022-04-22T06:02:06.711+0000][7][safepoint   ] Safepoint "ICBufferFull", Time since last: 223419750 ns, Reaching safepoint: 144708 ns, At safepoint: 7875 ns, Total: 152583 ns
[2022-04-22T06:02:06.835+0000][7][gc,start    ] GC(9) Pause Young (Concurrent Start) (Metadata GC Threshold)
[2022-04-22T06:02:06.836+0000][7][gc,task     ] GC(9) Using 5 workers of 5 for evacuation
[2022-04-22T06:02:06.837+0000][7][gc,age      ] GC(9) Desired survivor size 20971520 bytes, new threshold 15 (max threshold 15)
[2022-04-22T06:02:06.854+0000][7][gc,age      ] GC(9) Age table with threshold 15 (max threshold 15)
[2022-04-22T06:02:06.855+0000][7][gc,age      ] GC(9) - age   1:   27022584 bytes,   27022584 total
[2022-04-22T06:02:06.857+0000][7][gc,age      ] GC(9) - age   2:     733120 bytes,   27755704 total
[2022-04-22T06:02:06.857+0000][7][gc,age      ] GC(9) - age   3:    2248176 bytes,   30003880 total
[2022-04-22T06:02:06.858+0000][7][gc,age      ] GC(9) - age   4:     454792 bytes,   30458672 total
[2022-04-22T06:02:06.859+0000][7][gc,age      ] GC(9) - age   5:    4314072 bytes,   34772744 total
[2022-04-22T06:02:06.860+0000][7][gc,age      ] GC(9) - age   6:    3794768 bytes,   38567512 total
[2022-04-22T06:02:06.861+0000][7][gc,age      ] GC(9) - age   7:     772832 bytes,   39340344 total
[2022-04-22T06:02:06.861+0000][7][gc,age      ] GC(9) - age   8:    2011616 bytes,   41351960 total
[2022-04-22T06:02:06.862+0000][7][gc,phases   ] GC(9)   Pre Evacuate Collection Set: 0.1ms
[2022-04-22T06:02:06.864+0000][7][gc,phases   ] GC(9)   Merge Heap Roots: 0.0ms
[2022-04-22T06:02:06.865+0000][7][gc,phases   ] GC(9)   Evacuate Collection Set: 14.2ms
[2022-04-22T06:02:06.866+0000][7][gc,phases   ] GC(9)   Post Evacuate Collection Set: 1.9ms
[2022-04-22T06:02:06.867+0000][7][gc,phases   ] GC(9)   Other: 10.6ms
[2022-04-22T06:02:06.868+0000][7][gc,heap     ] GC(9) Eden regions: 72->0(66)
[2022-04-22T06:02:06.869+0000][7][gc,heap     ] GC(9) Survivor regions: 4->10(10)
[2022-04-22T06:02:06.870+0000][7][gc,heap     ] GC(9) Old regions: 2->2
[2022-04-22T06:02:06.871+0000][7][gc,heap     ] GC(9) Archive regions: 2->2
[2022-04-22T06:02:06.872+0000][7][gc,heap     ] GC(9) Humongous regions: 0->0
[2022-04-22T06:02:06.874+0000][7][gc,metaspace] GC(9) Metaspace: 35206K(36160K)->35206K(36160K) NonClass: 30554K(31104K)->30554K(31104K) Class: 4652K(5056K)->4652K(5056K)
[2022-04-22T06:02:06.875+0000][7][gc          ] GC(9) Pause Young (Concurrent Start) (Metadata GC Threshold) 308M->48M(512M) 40.184ms
[2022-04-22T06:02:06.876+0000][7][gc,cpu      ] GC(9) User=0.06s Sys=0.00s Real=0.05s
[2022-04-22T06:02:06.877+0000][7][safepoint   ] Safepoint "CollectForMetadataAllocation", Time since last: 123986834 ns, Reaching safepoint: 332500 ns, At safepoint: 41858167 ns, Total: 42190667 ns
[2022-04-22T06:02:06.877+0000][7][gc          ] GC(10) Concurrent Mark Cycle
[2022-04-22T06:02:06.879+0000][7][gc,marking  ] GC(10) Concurrent Clear Claimed Marks
[2022-04-22T06:02:06.879+0000][7][gc,marking  ] GC(10) Concurrent Clear Claimed Marks 0.714ms
[2022-04-22T06:02:06.880+0000][7][gc,marking  ] GC(10) Concurrent Scan Root Regions
[2022-04-22T06:02:06.892+0000][7][safepoint   ] Safepoint "CollectForMetadataAllocation", Time since last: 15224000 ns, Reaching safepoint: 39333 ns, At safepoint: 33875 ns, Total: 73208 ns
[2022-04-22T06:02:06.899+0000][7][gc,marking  ] GC(10) Concurrent Scan Root Regions 18.475ms
[2022-04-22T06:02:06.900+0000][7][gc,marking  ] GC(10) Concurrent Mark
[2022-04-22T06:02:06.901+0000][7][gc,marking  ] GC(10) Concurrent Mark From Roots
[2022-04-22T06:02:06.902+0000][7][gc,task     ] GC(10) Using 1 workers of 1 for marking
[2022-04-22T06:02:06.906+0000][7][safepoint   ] Safepoint "CollectForMetadataAllocation", Time since last: 13915417 ns, Reaching safepoint: 88666 ns, At safepoint: 44917 ns, Total: 133583 ns
[2022-04-22T06:02:06.907+0000][7][gc,marking  ] GC(10) Concurrent Mark From Roots 6.302ms
[2022-04-22T06:02:06.908+0000][7][gc,marking  ] GC(10) Concurrent Preclean
[2022-04-22T06:02:06.909+0000][7][gc,marking  ] GC(10) Concurrent Preclean 0.671ms
[2022-04-22T06:02:06.911+0000][7][gc,start    ] GC(10) Pause Remark
[2022-04-22T06:02:06.914+0000][7][gc          ] GC(10) Pause Remark 52M->52M(512M) 3.236ms
[2022-04-22T06:02:06.915+0000][7][gc,cpu      ] GC(10) User=0.01s Sys=0.00s Real=0.00s
[2022-04-22T06:02:06.916+0000][7][safepoint   ] Safepoint "G1Concurrent", Time since last: 4024500 ns, Reaching safepoint: 211417 ns, At safepoint: 5161083 ns, Total: 5372500 ns
[2022-04-22T06:02:06.919+0000][7][gc,marking  ] GC(10) Concurrent Mark 18.794ms
[2022-04-22T06:02:06.920+0000][7][gc,marking  ] GC(10) Concurrent Rebuild Remembered Sets
[2022-04-22T06:02:06.923+0000][7][gc,marking  ] GC(10) Concurrent Rebuild Remembered Sets 3.380ms
[2022-04-22T06:02:06.924+0000][7][gc,start    ] GC(10) Pause Cleanup
[2022-04-22T06:02:06.925+0000][7][gc          ] GC(10) Pause Cleanup 52M->52M(512M) 0.606ms
[2022-04-22T06:02:06.925+0000][7][gc,cpu      ] GC(10) User=0.00s Sys=0.00s Real=0.00s
[2022-04-22T06:02:06.926+0000][7][safepoint   ] Safepoint "G1Concurrent", Time since last: 8112500 ns, Reaching safepoint: 210958 ns, At safepoint: 2219375 ns, Total: 2430333 ns
[2022-04-22T06:02:06.927+0000][7][gc,marking  ] GC(10) Concurrent Cleanup for Next Mark
[2022-04-22T06:02:06.928+0000][7][gc,marking  ] GC(10) Concurrent Cleanup for Next Mark 1.188ms
[2022-04-22T06:02:06.929+0000][7][gc          ] GC(10) Concurrent Mark Cycle 51.994ms
[2022-04-22T06:02:07.022+0000][7][safepoint   ] Safepoint "ICBufferFull", Time since last: 95524125 ns, Reaching safepoint: 234042 ns, At safepoint: 13083 ns, Total: 247125 ns
[2022-04-22T06:02:07.467+0000][7][safepoint   ] Safepoint "ICBufferFull", Time since last: 444423542 ns, Reaching safepoint: 169417 ns, At safepoint: 9708 ns, Total: 179125 ns
[2022-04-22T06:02:07.653+0000][7][safepoint   ] Safepoint "ICBufferFull", Time since last: 185847542 ns, Reaching safepoint: 260750 ns, At safepoint: 9542 ns, Total: 270292 ns
[2022-04-22T06:02:07.786+0000][7][gc,start    ] GC(11) Pause Young (Concurrent Start) (G1 Evacuation Pause)
[2022-04-22T06:02:07.787+0000][7][gc,task     ] GC(11) Using 5 workers of 5 for evacuation
[2022-04-22T06:02:07.788+0000][7][gc,age      ] GC(11) Desired survivor size 20971520 bytes, new threshold 1 (max threshold 15)
[2022-04-22T06:02:07.811+0000][7][gc,age      ] GC(11) Age table with threshold 1 (max threshold 15)
[2022-04-22T06:02:07.812+0000][7][gc,age      ] GC(11) - age   1:    6106608 bytes,    6106608 total
[2022-04-22T06:02:07.813+0000][7][gc,phases   ] GC(11)   Pre Evacuate Collection Set: 0.3ms
[2022-04-22T06:02:07.814+0000][7][gc,phases   ] GC(11)   Merge Heap Roots: 0.1ms
[2022-04-22T06:02:07.815+0000][7][gc,phases   ] GC(11)   Evacuate Collection Set: 20.7ms
[2022-04-22T06:02:07.816+0000][7][gc,phases   ] GC(11)   Post Evacuate Collection Set: 1.1ms
[2022-04-22T06:02:07.817+0000][7][gc,phases   ] GC(11)   Other: 5.3ms
[2022-04-22T06:02:07.818+0000][7][gc,heap     ] GC(11) Eden regions: 66->0(73)
[2022-04-22T06:02:07.818+0000][7][gc,heap     ] GC(11) Survivor regions: 10->3(10)
[2022-04-22T06:02:07.819+0000][7][gc,heap     ] GC(11) Old regions: 2->11
[2022-04-22T06:02:07.821+0000][7][gc,heap     ] GC(11) Archive regions: 2->2
[2022-04-22T06:02:07.821+0000][7][gc,heap     ] GC(11) Humongous regions: 0->0
[2022-04-22T06:02:07.822+0000][7][gc,metaspace] GC(11) Metaspace: 52130K(53312K)->52130K(53312K) NonClass: 45056K(45760K)->45056K(45760K) Class: 7073K(7552K)->7073K(7552K)
[2022-04-22T06:02:07.822+0000][7][gc          ] GC(11) Pause Young (Concurrent Start) (G1 Evacuation Pause) 312M->58M(512M) 36.234ms
[2022-04-22T06:02:07.823+0000][7][gc,cpu      ] GC(11) User=0.07s Sys=0.00s Real=0.04s
[2022-04-22T06:02:07.824+0000][7][safepoint   ] Safepoint "G1CollectForAllocation", Time since last: 132975958 ns, Reaching safepoint: 139250 ns, At safepoint: 37675292 ns, Total: 37814542 ns
[2022-04-22T06:02:07.824+0000][7][gc          ] GC(12) Concurrent Mark Cycle
[2022-04-22T06:02:07.825+0000][7][gc,marking  ] GC(12) Concurrent Clear Claimed Marks
[2022-04-22T06:02:07.825+0000][7][gc,marking  ] GC(12) Concurrent Clear Claimed Marks 0.620ms
[2022-04-22T06:02:07.827+0000][7][gc,marking  ] GC(12) Concurrent Scan Root Regions
[2022-04-22T06:02:07.846+0000][7][gc,marking  ] GC(12) Concurrent Scan Root Regions 18.658ms
[2022-04-22T06:02:07.847+0000][7][gc,marking  ] GC(12) Concurrent Mark
[2022-04-22T06:02:07.847+0000][7][gc,marking  ] GC(12) Concurrent Mark From Roots
[2022-04-22T06:02:07.848+0000][7][gc,task     ] GC(12) Using 1 workers of 1 for marking
[2022-04-22T06:02:07.853+0000][7][gc,marking  ] GC(12) Concurrent Mark From Roots 5.192ms
[2022-04-22T06:02:07.853+0000][7][gc,marking  ] GC(12) Concurrent Preclean
[2022-04-22T06:02:07.854+0000][7][gc,marking  ] GC(12) Concurrent Preclean 0.878ms
[2022-04-22T06:02:07.856+0000][7][gc,start    ] GC(12) Pause Remark
[2022-04-22T06:02:07.859+0000][7][gc          ] GC(12) Pause Remark 74M->74M(512M) 3.767ms
[2022-04-22T06:02:07.860+0000][7][gc,cpu      ] GC(12) User=0.01s Sys=0.00s Real=0.01s
[2022-04-22T06:02:07.861+0000][7][safepoint   ] Safepoint "G1Concurrent", Time since last: 31637291 ns, Reaching safepoint: 272542 ns, At safepoint: 5370583 ns, Total: 5643125 ns
[2022-04-22T06:02:07.861+0000][7][gc,marking  ] GC(12) Concurrent Mark 14.900ms
[2022-04-22T06:02:07.862+0000][7][gc,marking  ] GC(12) Concurrent Rebuild Remembered Sets
[2022-04-22T06:02:07.863+0000][7][gc,marking  ] GC(12) Concurrent Rebuild Remembered Sets 1.007ms
[2022-04-22T06:02:07.864+0000][7][gc,start    ] GC(12) Pause Cleanup
[2022-04-22T06:02:07.865+0000][7][gc          ] GC(12) Pause Cleanup 74M->74M(512M) 0.500ms
[2022-04-22T06:02:07.865+0000][7][gc,cpu      ] GC(12) User=0.00s Sys=0.00s Real=0.00s
[2022-04-22T06:02:07.866+0000][7][safepoint   ] Safepoint "G1Concurrent", Time since last: 3215959 ns, Reaching safepoint: 205583 ns, At safepoint: 1580583 ns, Total: 1786166 ns
[2022-04-22T06:02:07.867+0000][7][gc,marking  ] GC(12) Concurrent Cleanup for Next Mark
[2022-04-22T06:02:07.868+0000][7][gc,marking  ] GC(12) Concurrent Cleanup for Next Mark 0.941ms
[2022-04-22T06:02:07.869+0000][7][gc          ] GC(12) Concurrent Mark Cycle 45.535ms
[2022-04-22T06:02:08.075+0000][7][safepoint   ] Safepoint "ICBufferFull", Time since last: 208774917 ns, Reaching safepoint: 185667 ns, At safepoint: 16000 ns, Total: 201667 ns
[2022-04-22T06:02:08.192+0000][7][gc,heap,exit] Heap
[2022-04-22T06:02:08.193+0000][7][gc,heap,exit]  garbage-first heap   total 524288K, used 173222K [0x00000000e0000000, 0x0000000100000000)
[2022-04-22T06:02:08.194+0000][7][gc,heap,exit]   region size 4096K, 31 young (126976K), 3 survivors (12288K)
[2022-04-22T06:02:08.195+0000][7][gc,heap,exit]  Metaspace       used 57747K, committed 59008K, reserved 1105920K
[2022-04-22T06:02:08.196+0000][7][gc,heap,exit]   class space    used 7918K, committed 8448K, reserved 1048576K
