[2022-04-29T08:42:36.620+0000][157][gc] Using G1
[2022-04-29T08:42:36.688+0000][157][gc,init] Version: 17.0.2+8 (release)
[2022-04-29T08:42:36.689+0000][157][gc,init] CPUs: 5 total, 5 available
[2022-04-29T08:42:36.690+0000][157][gc,init] Memory: 7851M
[2022-04-29T08:42:36.691+0000][157][gc,init] Large Page Support: Disabled
[2022-04-29T08:42:36.691+0000][157][gc,init] NUMA Support: Disabled
[2022-04-29T08:42:36.692+0000][157][gc,init] Compressed Oops: Enabled (32-bit)
[2022-04-29T08:42:36.692+0000][157][gc,init] Heap Region Size: 4M
[2022-04-29T08:42:36.693+0000][157][gc,init] Heap Min Capacity: 512M
[2022-04-29T08:42:36.694+0000][157][gc,init] Heap Initial Capacity: 512M
[2022-04-29T08:42:36.695+0000][157][gc,init] Heap Max Capacity: 512M
[2022-04-29T08:42:36.695+0000][157][gc,init] Pre-touch: Enabled
[2022-04-29T08:42:36.696+0000][157][gc,init] Parallel Workers: 5
[2022-04-29T08:42:36.698+0000][157][gc,init] Concurrent Workers: 1
[2022-04-29T08:42:36.698+0000][157][gc,init] Concurrent Refinement Workers: 5
[2022-04-29T08:42:36.699+0000][157][gc,init] Periodic GC: Disabled
[2022-04-29T08:42:36.700+0000][157][gc,metaspace] CDS archive(s) mapped at: [0x0000000800000000-0x0000000800bd2000-0x0000000800bd2000), size 12394496, SharedBaseAddress: 0x0000000800000000, ArchiveRelocationMode: 0.
[2022-04-29T08:42:36.701+0000][157][gc,metaspace] Compressed class space mapped at: 0x0000000800c00000-0x0000000840c00000, reserved size: 1073741824
[2022-04-29T08:42:36.702+0000][157][gc,metaspace] Narrow klass base: 0x0000000800000000, Narrow klass shift: 0, Narrow klass range: 0x100000000
[2022-04-29T08:42:36.833+0000][157][safepoint   ] Safepoint "ICBufferFull", Time since last: 124545459 ns, Reaching safepoint: 212916 ns, At safepoint: 7459 ns, Total: 220375 ns
[2022-04-29T08:42:36.880+0000][157][safepoint   ] Safepoint "ICBufferFull", Time since last: 47400833 ns, Reaching safepoint: 112458 ns, At safepoint: 8250 ns, Total: 120708 ns
[2022-04-29T08:42:36.917+0000][157][safepoint   ] Safepoint "ICBufferFull", Time since last: 37082709 ns, Reaching safepoint: 81791 ns, At safepoint: 2959 ns, Total: 84750 ns
[2022-04-29T08:42:37.038+0000][157][gc,start    ] GC(0) Pause Young (Normal) (G1 Evacuation Pause)
[2022-04-29T08:42:37.039+0000][157][gc,task     ] GC(0) Using 5 workers of 5 for evacuation
[2022-04-29T08:42:37.041+0000][157][gc,age      ] GC(0) Desired survivor size 2097152 bytes, new threshold 15 (max threshold 15)
[2022-04-29T08:42:37.044+0000][157][gc,age      ] GC(0) Age table with threshold 15 (max threshold 15)
[2022-04-29T08:42:37.045+0000][157][gc,age      ] GC(0) - age   1:    4160424 bytes,    4160424 total
[2022-04-29T08:42:37.046+0000][157][gc,phases   ] GC(0)   Pre Evacuate Collection Set: 0.0ms
[2022-04-29T08:42:37.047+0000][157][gc,phases   ] GC(0)   Merge Heap Roots: 0.0ms
[2022-04-29T08:42:37.048+0000][157][gc,phases   ] GC(0)   Evacuate Collection Set: 2.0ms
[2022-04-29T08:42:37.049+0000][157][gc,phases   ] GC(0)   Post Evacuate Collection Set: 0.7ms
[2022-04-29T08:42:37.050+0000][157][gc,phases   ] GC(0)   Other: 5.0ms
[2022-04-29T08:42:37.050+0000][157][gc,heap     ] GC(0) Eden regions: 6->0(5)
[2022-04-29T08:42:37.051+0000][157][gc,heap     ] GC(0) Survivor regions: 0->1(1)
[2022-04-29T08:42:37.052+0000][157][gc,heap     ] GC(0) Old regions: 0->1
[2022-04-29T08:42:37.053+0000][157][gc,heap     ] GC(0) Archive regions: 2->2
[2022-04-29T08:42:37.053+0000][157][gc,heap     ] GC(0) Humongous regions: 0->0
[2022-04-29T08:42:37.054+0000][157][gc,metaspace] GC(0) Metaspace: 8987K(9152K)->8987K(9152K) NonClass: 7914K(8000K)->7914K(8000K) Class: 1073K(1152K)->1073K(1152K)
[2022-04-29T08:42:37.055+0000][157][gc          ] GC(0) Pause Young (Normal) (G1 Evacuation Pause) 27M->8M(512M) 16.657ms
[2022-04-29T08:42:37.055+0000][157][gc,cpu      ] GC(0) User=0.01s Sys=0.00s Real=0.01s
[2022-04-29T08:42:37.056+0000][157][safepoint   ] Safepoint "G1CollectForAllocation", Time since last: 120695000 ns, Reaching safepoint: 149333 ns, At safepoint: 17644875 ns, Total: 17794208 ns
[2022-04-29T08:42:37.181+0000][157][safepoint   ] Safepoint "ICBufferFull", Time since last: 125174417 ns, Reaching safepoint: 112708 ns, At safepoint: 2833 ns, Total: 115541 ns
[2022-04-29T08:42:37.328+0000][157][gc,start    ] GC(1) Pause Young (Normal) (G1 Evacuation Pause)
[2022-04-29T08:42:37.330+0000][157][gc,task     ] GC(1) Using 5 workers of 5 for evacuation
[2022-04-29T08:42:37.332+0000][157][gc,age      ] GC(1) Desired survivor size 2097152 bytes, new threshold 1 (max threshold 15)
[2022-04-29T08:42:37.336+0000][157][gc,age      ] GC(1) Age table with threshold 1 (max threshold 15)
[2022-04-29T08:42:37.337+0000][157][gc,age      ] GC(1) - age   1:    1975144 bytes,    1975144 total
[2022-04-29T08:42:37.339+0000][157][gc,phases   ] GC(1)   Pre Evacuate Collection Set: 0.2ms
[2022-04-29T08:42:37.340+0000][157][gc,phases   ] GC(1)   Merge Heap Roots: 0.0ms
[2022-04-29T08:42:37.341+0000][157][gc,phases   ] GC(1)   Evacuate Collection Set: 2.7ms
[2022-04-29T08:42:37.342+0000][157][gc,phases   ] GC(1)   Post Evacuate Collection Set: 0.7ms
[2022-04-29T08:42:37.343+0000][157][gc,phases   ] GC(1)   Other: 7.1ms
[2022-04-29T08:42:37.344+0000][157][gc,heap     ] GC(1) Eden regions: 5->0(7)
[2022-04-29T08:42:37.345+0000][157][gc,heap     ] GC(1) Survivor regions: 1->1(1)
[2022-04-29T08:42:37.346+0000][157][gc,heap     ] GC(1) Old regions: 1->2
[2022-04-29T08:42:37.347+0000][157][gc,heap     ] GC(1) Archive regions: 2->2
[2022-04-29T08:42:37.347+0000][157][gc,heap     ] GC(1) Humongous regions: 0->0
[2022-04-29T08:42:37.348+0000][157][gc,metaspace] GC(1) Metaspace: 12527K(12672K)->12527K(12672K) NonClass: 10998K(11072K)->10998K(11072K) Class: 1529K(1600K)->1529K(1600K)
[2022-04-29T08:42:37.349+0000][157][gc          ] GC(1) Pause Young (Normal) (G1 Evacuation Pause) 28M->10M(512M) 21.118ms
[2022-04-29T08:42:37.350+0000][157][gc,cpu      ] GC(1) User=0.01s Sys=0.00s Real=0.02s
[2022-04-29T08:42:37.351+0000][157][safepoint   ] Safepoint "G1CollectForAllocation", Time since last: 147015459 ns, Reaching safepoint: 77000 ns, At safepoint: 22708458 ns, Total: 22785458 ns
[2022-04-29T08:42:37.520+0000][157][safepoint   ] Safepoint "ICBufferFull", Time since last: 169222834 ns, Reaching safepoint: 206750 ns, At safepoint: 15458 ns, Total: 222208 ns
[2022-04-29T08:42:37.547+0000][157][gc,start    ] GC(2) Pause Young (Normal) (G1 Evacuation Pause)
[2022-04-29T08:42:37.549+0000][157][gc,task     ] GC(2) Using 5 workers of 5 for evacuation
[2022-04-29T08:42:37.550+0000][157][gc,age      ] GC(2) Desired survivor size 2097152 bytes, new threshold 15 (max threshold 15)
[2022-04-29T08:42:37.555+0000][157][gc,age      ] GC(2) Age table with threshold 15 (max threshold 15)
[2022-04-29T08:42:37.556+0000][157][gc,age      ] GC(2) - age   1:    1056880 bytes,    1056880 total
[2022-04-29T08:42:37.557+0000][157][gc,age      ] GC(2) - age   2:    1958792 bytes,    3015672 total
[2022-04-29T08:42:37.560+0000][157][gc,phases   ] GC(2)   Pre Evacuate Collection Set: 0.3ms
[2022-04-29T08:42:37.563+0000][157][gc,phases   ] GC(2)   Merge Heap Roots: 0.0ms
[2022-04-29T08:42:37.564+0000][157][gc,phases   ] GC(2)   Evacuate Collection Set: 2.0ms
[2022-04-29T08:42:37.565+0000][157][gc,phases   ] GC(2)   Post Evacuate Collection Set: 0.7ms
[2022-04-29T08:42:37.566+0000][157][gc,phases   ] GC(2)   Other: 9.9ms
[2022-04-29T08:42:37.567+0000][157][gc,heap     ] GC(2) Eden regions: 7->0(33)
[2022-04-29T08:42:37.569+0000][157][gc,heap     ] GC(2) Survivor regions: 1->1(1)
[2022-04-29T08:42:37.573+0000][157][gc,heap     ] GC(2) Old regions: 2->2
[2022-04-29T08:42:37.574+0000][157][gc,heap     ] GC(2) Archive regions: 2->2
[2022-04-29T08:42:37.575+0000][157][gc,heap     ] GC(2) Humongous regions: 0->0
[2022-04-29T08:42:37.576+0000][157][gc,metaspace] GC(2) Metaspace: 14668K(14912K)->14668K(14912K) NonClass: 12925K(13056K)->12925K(13056K) Class: 1743K(1856K)->1743K(1856K)
[2022-04-29T08:42:37.577+0000][157][gc          ] GC(2) Pause Young (Normal) (G1 Evacuation Pause) 38M->11M(512M) 29.447ms
[2022-04-29T08:42:37.578+0000][157][gc,cpu      ] GC(2) User=0.01s Sys=0.00s Real=0.03s
[2022-04-29T08:42:37.578+0000][157][safepoint   ] Safepoint "G1CollectForAllocation", Time since last: 26891917 ns, Reaching safepoint: 39750 ns, At safepoint: 31097291 ns, Total: 31137041 ns
[2022-04-29T08:42:37.791+0000][157][safepoint   ] Safepoint "ICBufferFull", Time since last: 212009209 ns, Reaching safepoint: 205458 ns, At safepoint: 12792 ns, Total: 218250 ns
[2022-04-29T08:42:37.826+0000][157][safepoint   ] Safepoint "ICBufferFull", Time since last: 35337666 ns, Reaching safepoint: 337042 ns, At safepoint: 22000 ns, Total: 359042 ns
[2022-04-29T08:42:37.829+0000][157][safepoint   ] Safepoint "ICBufferFull", Time since last: 2566542 ns, Reaching safepoint: 39625 ns, At safepoint: 1916 ns, Total: 41541 ns
[2022-04-29T08:42:37.831+0000][157][safepoint   ] Safepoint "ICBufferFull", Time since last: 1507750 ns, Reaching safepoint: 525250 ns, At safepoint: 7042 ns, Total: 532292 ns
[2022-04-29T08:42:37.832+0000][157][safepoint   ] Safepoint "ICBufferFull", Time since last: 1402042 ns, Reaching safepoint: 19458 ns, At safepoint: 1500 ns, Total: 20958 ns
[2022-04-29T08:42:37.835+0000][157][safepoint   ] Safepoint "ICBufferFull", Time since last: 2178792 ns, Reaching safepoint: 23875 ns, At safepoint: 1750 ns, Total: 25625 ns
[2022-04-29T08:42:37.836+0000][157][safepoint   ] Safepoint "ICBufferFull", Time since last: 1363083 ns, Reaching safepoint: 108583 ns, At safepoint: 1459 ns, Total: 110042 ns
[2022-04-29T08:42:37.837+0000][157][safepoint   ] Safepoint "ICBufferFull", Time since last: 1277750 ns, Reaching safepoint: 22250 ns, At safepoint: 1875 ns, Total: 24125 ns
[2022-04-29T08:42:37.839+0000][157][safepoint   ] Safepoint "ICBufferFull", Time since last: 1431500 ns, Reaching safepoint: 78583 ns, At safepoint: 2458 ns, Total: 81041 ns
[2022-04-29T08:42:37.840+0000][157][safepoint   ] Safepoint "ICBufferFull", Time since last: 953500 ns, Reaching safepoint: 71917 ns, At safepoint: 2292 ns, Total: 74209 ns
[2022-04-29T08:42:37.841+0000][157][safepoint   ] Safepoint "ICBufferFull", Time since last: 1087083 ns, Reaching safepoint: 27708 ns, At safepoint: 1167 ns, Total: 28875 ns
[2022-04-29T08:42:37.842+0000][157][safepoint   ] Safepoint "ICBufferFull", Time since last: 881167 ns, Reaching safepoint: 38000 ns, At safepoint: 1375 ns, Total: 39375 ns
[2022-04-29T08:42:37.906+0000][157][gc,start    ] GC(3) Pause Young (Normal) (G1 Evacuation Pause)
[2022-04-29T08:42:37.907+0000][157][gc,task     ] GC(3) Using 5 workers of 5 for evacuation
[2022-04-29T08:42:37.908+0000][157][gc,age      ] GC(3) Desired survivor size 10485760 bytes, new threshold 15 (max threshold 15)
[2022-04-29T08:42:37.915+0000][157][gc,age      ] GC(3) Age table with threshold 15 (max threshold 15)
[2022-04-29T08:42:37.916+0000][157][gc,age      ] GC(3) - age   1:    4300352 bytes,    4300352 total
[2022-04-29T08:42:37.917+0000][157][gc,age      ] GC(3) - age   2:     965640 bytes,    5265992 total
[2022-04-29T08:42:37.917+0000][157][gc,age      ] GC(3) - age   3:    1957320 bytes,    7223312 total
[2022-04-29T08:42:37.918+0000][157][gc,phases   ] GC(3)   Pre Evacuate Collection Set: 0.2ms
[2022-04-29T08:42:37.919+0000][157][gc,phases   ] GC(3)   Merge Heap Roots: 0.2ms
[2022-04-29T08:42:37.919+0000][157][gc,phases   ] GC(3)   Evacuate Collection Set: 5.0ms
[2022-04-29T08:42:37.921+0000][157][gc,phases   ] GC(3)   Post Evacuate Collection Set: 0.6ms
[2022-04-29T08:42:37.922+0000][157][gc,phases   ] GC(3)   Other: 6.5ms
[2022-04-29T08:42:37.923+0000][157][gc,heap     ] GC(3) Eden regions: 33->0(74)
[2022-04-29T08:42:37.924+0000][157][gc,heap     ] GC(3) Survivor regions: 1->2(5)
[2022-04-29T08:42:37.925+0000][157][gc,heap     ] GC(3) Old regions: 2->2
[2022-04-29T08:42:37.926+0000][157][gc,heap     ] GC(3) Archive regions: 2->2
[2022-04-29T08:42:37.926+0000][157][gc,heap     ] GC(3) Humongous regions: 0->0
[2022-04-29T08:42:37.928+0000][157][gc,metaspace] GC(3) Metaspace: 17280K(17600K)->17280K(17600K) NonClass: 15243K(15424K)->15243K(15424K) Class: 2037K(2176K)->2037K(2176K)
[2022-04-29T08:42:37.929+0000][157][gc          ] GC(3) Pause Young (Normal) (G1 Evacuation Pause) 143M->15M(512M) 23.422ms
[2022-04-29T08:42:37.932+0000][157][gc,cpu      ] GC(3) User=0.01s Sys=0.00s Real=0.02s
[2022-04-29T08:42:37.933+0000][157][safepoint   ] Safepoint "G1CollectForAllocation", Time since last: 63442375 ns, Reaching safepoint: 202417 ns, At safepoint: 27368125 ns, Total: 27570542 ns
[2022-04-29T08:42:38.259+0000][157][gc,start    ] GC(4) Pause Young (Normal) (G1 Evacuation Pause)
[2022-04-29T08:42:38.260+0000][157][gc,task     ] GC(4) Using 5 workers of 5 for evacuation
[2022-04-29T08:42:38.262+0000][157][gc,age      ] GC(4) Desired survivor size 20971520 bytes, new threshold 15 (max threshold 15)
[2022-04-29T08:42:38.267+0000][157][gc,age      ] GC(4) Age table with threshold 15 (max threshold 15)
[2022-04-29T08:42:38.268+0000][157][gc,age      ] GC(4) - age   1:    6571128 bytes,    6571128 total
[2022-04-29T08:42:38.269+0000][157][gc,age      ] GC(4) - age   2:    2147144 bytes,    8718272 total
[2022-04-29T08:42:38.270+0000][157][gc,age      ] GC(4) - age   3:     965216 bytes,    9683488 total
[2022-04-29T08:42:38.271+0000][157][gc,age      ] GC(4) - age   4:    1956536 bytes,   11640024 total
[2022-04-29T08:42:38.272+0000][157][gc,phases   ] GC(4)   Pre Evacuate Collection Set: 0.1ms
[2022-04-29T08:42:38.273+0000][157][gc,phases   ] GC(4)   Merge Heap Roots: 0.0ms
[2022-04-29T08:42:38.274+0000][157][gc,phases   ] GC(4)   Evacuate Collection Set: 3.0ms
[2022-04-29T08:42:38.274+0000][157][gc,phases   ] GC(4)   Post Evacuate Collection Set: 0.8ms
[2022-04-29T08:42:38.275+0000][157][gc,phases   ] GC(4)   Other: 9.1ms
[2022-04-29T08:42:38.275+0000][157][gc,heap     ] GC(4) Eden regions: 74->0(73)
[2022-04-29T08:42:38.276+0000][157][gc,heap     ] GC(4) Survivor regions: 2->3(10)
[2022-04-29T08:42:38.277+0000][157][gc,heap     ] GC(4) Old regions: 2->2
[2022-04-29T08:42:38.277+0000][157][gc,heap     ] GC(4) Archive regions: 2->2
[2022-04-29T08:42:38.278+0000][157][gc,heap     ] GC(4) Humongous regions: 0->0
[2022-04-29T08:42:38.279+0000][157][gc,metaspace] GC(4) Metaspace: 18741K(19136K)->18741K(19136K) NonClass: 16464K(16704K)->16464K(16704K) Class: 2276K(2432K)->2276K(2432K)
[2022-04-29T08:42:38.279+0000][157][gc          ] GC(4) Pause Young (Normal) (G1 Evacuation Pause) 311M->19M(512M) 20.442ms
[2022-04-29T08:42:38.281+0000][157][gc,cpu      ] GC(4) User=0.02s Sys=0.00s Real=0.02s
[2022-04-29T08:42:38.283+0000][157][safepoint   ] Safepoint "G1CollectForAllocation", Time since last: 325733958 ns, Reaching safepoint: 111667 ns, At safepoint: 23843625 ns, Total: 23955292 ns
[2022-04-29T08:42:38.394+0000][157][safepoint   ] Safepoint "ICBufferFull", Time since last: 110658166 ns, Reaching safepoint: 220584 ns, At safepoint: 3041 ns, Total: 223625 ns
[2022-04-29T08:42:38.510+0000][157][gc,start    ] GC(5) Pause Young (Normal) (G1 Evacuation Pause)
[2022-04-29T08:42:38.511+0000][157][gc,task     ] GC(5) Using 5 workers of 5 for evacuation
[2022-04-29T08:42:38.512+0000][157][gc,age      ] GC(5) Desired survivor size 20971520 bytes, new threshold 15 (max threshold 15)
[2022-04-29T08:42:38.518+0000][157][gc,age      ] GC(5) Age table with threshold 15 (max threshold 15)
[2022-04-29T08:42:38.520+0000][157][gc,age      ] GC(5) - age   1:    2118456 bytes,    2118456 total
[2022-04-29T08:42:38.521+0000][157][gc,age      ] GC(5) - age   2:    5702352 bytes,    7820808 total
[2022-04-29T08:42:38.522+0000][157][gc,age      ] GC(5) - age   3:    2146680 bytes,    9967488 total
[2022-04-29T08:42:38.522+0000][157][gc,age      ] GC(5) - age   4:     964944 bytes,   10932432 total
[2022-04-29T08:42:38.523+0000][157][gc,age      ] GC(5) - age   5:    1956472 bytes,   12888904 total
[2022-04-29T08:42:38.524+0000][157][gc,phases   ] GC(5)   Pre Evacuate Collection Set: 0.2ms
[2022-04-29T08:42:38.524+0000][157][gc,phases   ] GC(5)   Merge Heap Roots: 0.1ms
[2022-04-29T08:42:38.525+0000][157][gc,phases   ] GC(5)   Evacuate Collection Set: 4.4ms
[2022-04-29T08:42:38.526+0000][157][gc,phases   ] GC(5)   Post Evacuate Collection Set: 0.8ms
[2022-04-29T08:42:38.527+0000][157][gc,phases   ] GC(5)   Other: 8.4ms
[2022-04-29T08:42:38.527+0000][157][gc,heap     ] GC(5) Eden regions: 73->0(72)
[2022-04-29T08:42:38.529+0000][157][gc,heap     ] GC(5) Survivor regions: 3->4(10)
[2022-04-29T08:42:38.530+0000][157][gc,heap     ] GC(5) Old regions: 2->2
[2022-04-29T08:42:38.531+0000][157][gc,heap     ] GC(5) Archive regions: 2->2
[2022-04-29T08:42:38.531+0000][157][gc,heap     ] GC(5) Humongous regions: 0->0
[2022-04-29T08:42:38.532+0000][157][gc,metaspace] GC(5) Metaspace: 19634K(20096K)->19634K(20096K) NonClass: 17223K(17472K)->17223K(17472K) Class: 2410K(2624K)->2410K(2624K)
[2022-04-29T08:42:38.534+0000][157][gc          ] GC(5) Pause Young (Normal) (G1 Evacuation Pause) 311M->20M(512M) 23.828ms
[2022-04-29T08:42:38.536+0000][157][gc,cpu      ] GC(5) User=0.03s Sys=0.00s Real=0.03s
[2022-04-29T08:42:38.538+0000][157][safepoint   ] Safepoint "G1CollectForAllocation", Time since last: 116143292 ns, Reaching safepoint: 131292 ns, At safepoint: 27797166 ns, Total: 27928458 ns
[2022-04-29T08:42:38.657+0000][157][safepoint   ] Safepoint "ICBufferFull", Time since last: 119593376 ns, Reaching safepoint: 163041 ns, At safepoint: 5625 ns, Total: 168666 ns
[2022-04-29T08:42:38.775+0000][157][gc,start    ] GC(6) Pause Young (Normal) (G1 Evacuation Pause)
[2022-04-29T08:42:38.776+0000][157][gc,task     ] GC(6) Using 5 workers of 5 for evacuation
[2022-04-29T08:42:38.778+0000][157][gc,age      ] GC(6) Desired survivor size 20971520 bytes, new threshold 15 (max threshold 15)
[2022-04-29T08:42:38.785+0000][157][gc,age      ] GC(6) Age table with threshold 15 (max threshold 15)
[2022-04-29T08:42:38.786+0000][157][gc,age      ] GC(6) - age   1:    3784344 bytes,    3784344 total
[2022-04-29T08:42:38.788+0000][157][gc,age      ] GC(6) - age   2:     700344 bytes,    4484688 total
[2022-04-29T08:42:38.789+0000][157][gc,age      ] GC(6) - age   3:    5697320 bytes,   10182008 total
[2022-04-29T08:42:38.790+0000][157][gc,age      ] GC(6) - age   4:    2145192 bytes,   12327200 total
[2022-04-29T08:42:38.791+0000][157][gc,age      ] GC(6) - age   5:     964264 bytes,   13291464 total
[2022-04-29T08:42:38.791+0000][157][gc,age      ] GC(6) - age   6:    1956136 bytes,   15247600 total
[2022-04-29T08:42:38.793+0000][157][gc,phases   ] GC(6)   Pre Evacuate Collection Set: 0.3ms
[2022-04-29T08:42:38.795+0000][157][gc,phases   ] GC(6)   Merge Heap Roots: 0.3ms
[2022-04-29T08:42:38.796+0000][157][gc,phases   ] GC(6)   Evacuate Collection Set: 4.1ms
[2022-04-29T08:42:38.799+0000][157][gc,phases   ] GC(6)   Post Evacuate Collection Set: 0.9ms
[2022-04-29T08:42:38.800+0000][157][gc,phases   ] GC(6)   Other: 12.1ms
[2022-04-29T08:42:38.801+0000][157][gc,heap     ] GC(6) Eden regions: 72->0(72)
[2022-04-29T08:42:38.802+0000][157][gc,heap     ] GC(6) Survivor regions: 4->4(10)
[2022-04-29T08:42:38.802+0000][157][gc,heap     ] GC(6) Old regions: 2->2
[2022-04-29T08:42:38.803+0000][157][gc,heap     ] GC(6) Archive regions: 2->2
[2022-04-29T08:42:38.804+0000][157][gc,heap     ] GC(6) Humongous regions: 0->0
[2022-04-29T08:42:38.805+0000][157][gc,metaspace] GC(6) Metaspace: 20826K(21376K)->20826K(21376K) NonClass: 18255K(18624K)->18255K(18624K) Class: 2571K(2752K)->2571K(2752K)
[2022-04-29T08:42:38.806+0000][157][gc          ] GC(6) Pause Young (Normal) (G1 Evacuation Pause) 308M->23M(512M) 30.445ms
[2022-04-29T08:42:38.806+0000][157][gc,cpu      ] GC(6) User=0.02s Sys=0.01s Real=0.04s
[2022-04-29T08:42:38.807+0000][157][safepoint   ] Safepoint "G1CollectForAllocation", Time since last: 117670459 ns, Reaching safepoint: 171500 ns, At safepoint: 31767333 ns, Total: 31938833 ns
[2022-04-29T08:42:38.997+0000][157][gc,start    ] GC(7) Pause Young (Concurrent Start) (Metadata GC Threshold)
[2022-04-29T08:42:38.998+0000][157][gc,task     ] GC(7) Using 5 workers of 5 for evacuation
[2022-04-29T08:42:39.000+0000][157][gc,age      ] GC(7) Desired survivor size 20971520 bytes, new threshold 15 (max threshold 15)
[2022-04-29T08:42:39.006+0000][157][gc,age      ] GC(7) Age table with threshold 15 (max threshold 15)
[2022-04-29T08:42:39.008+0000][157][gc,age      ] GC(7) - age   1:     942440 bytes,     942440 total
[2022-04-29T08:42:39.009+0000][157][gc,age      ] GC(7) - age   2:    2176992 bytes,    3119432 total
[2022-04-29T08:42:39.010+0000][157][gc,age      ] GC(7) - age   3:     699752 bytes,    3819184 total
[2022-04-29T08:42:39.030+0000][157][gc,age      ] GC(7) - age   4:    5696128 bytes,    9515312 total
[2022-04-29T08:42:39.031+0000][157][gc,age      ] GC(7) - age   5:    2145112 bytes,   11660424 total
[2022-04-29T08:42:39.033+0000][157][gc,age      ] GC(7) - age   6:     964264 bytes,   12624688 total
[2022-04-29T08:42:39.034+0000][157][gc,age      ] GC(7) - age   7:    1956136 bytes,   14580824 total
[2022-04-29T08:42:39.035+0000][157][gc,phases   ] GC(7)   Pre Evacuate Collection Set: 0.2ms
[2022-04-29T08:42:39.036+0000][157][gc,phases   ] GC(7)   Merge Heap Roots: 0.3ms
[2022-04-29T08:42:39.037+0000][157][gc,phases   ] GC(7)   Evacuate Collection Set: 3.8ms
[2022-04-29T08:42:39.038+0000][157][gc,phases   ] GC(7)   Post Evacuate Collection Set: 1.0ms
[2022-04-29T08:42:39.039+0000][157][gc,phases   ] GC(7)   Other: 32.8ms
[2022-04-29T08:42:39.041+0000][157][gc,heap     ] GC(7) Eden regions: 57->0(72)
[2022-04-29T08:42:39.042+0000][157][gc,heap     ] GC(7) Survivor regions: 4->4(10)
[2022-04-29T08:42:39.043+0000][157][gc,heap     ] GC(7) Old regions: 2->2
[2022-04-29T08:42:39.044+0000][157][gc,heap     ] GC(7) Archive regions: 2->2
[2022-04-29T08:42:39.044+0000][157][gc,heap     ] GC(7) Humongous regions: 0->0
[2022-04-29T08:42:39.046+0000][157][gc,metaspace] GC(7) Metaspace: 21006K(21504K)->21006K(21504K) NonClass: 18398K(18688K)->18398K(18688K) Class: 2607K(2816K)->2607K(2816K)
[2022-04-29T08:42:39.047+0000][157][gc          ] GC(7) Pause Young (Concurrent Start) (Metadata GC Threshold) 251M->22M(512M) 49.651ms
[2022-04-29T08:42:39.047+0000][157][gc,cpu      ] GC(7) User=0.02s Sys=0.00s Real=0.05s
[2022-04-29T08:42:39.048+0000][157][gc          ] GC(8) Concurrent Mark Cycle
[2022-04-29T08:42:39.049+0000][157][gc,marking  ] GC(8) Concurrent Clear Claimed Marks
[2022-04-29T08:42:39.048+0000][157][safepoint   ] Safepoint "CollectForMetadataAllocation", Time since last: 189750000 ns, Reaching safepoint: 134750 ns, At safepoint: 51415833 ns, Total: 51550583 ns
[2022-04-29T08:42:39.050+0000][157][gc,marking  ] GC(8) Concurrent Clear Claimed Marks 0.986ms
[2022-04-29T08:42:39.053+0000][157][gc,marking  ] GC(8) Concurrent Scan Root Regions
[2022-04-29T08:42:39.057+0000][157][gc,marking  ] GC(8) Concurrent Scan Root Regions 4.614ms
[2022-04-29T08:42:39.058+0000][157][gc,marking  ] GC(8) Concurrent Mark
[2022-04-29T08:42:39.059+0000][157][gc,marking  ] GC(8) Concurrent Mark From Roots
[2022-04-29T08:42:39.060+0000][157][gc,task     ] GC(8) Using 1 workers of 1 for marking
[2022-04-29T08:42:39.065+0000][157][gc,marking  ] GC(8) Concurrent Mark From Roots 5.780ms
[2022-04-29T08:42:39.066+0000][157][gc,marking  ] GC(8) Concurrent Preclean
[2022-04-29T08:42:39.067+0000][157][gc,marking  ] GC(8) Concurrent Preclean 1.179ms
[2022-04-29T08:42:39.068+0000][157][gc,start    ] GC(8) Pause Remark
[2022-04-29T08:42:39.071+0000][157][gc          ] GC(8) Pause Remark 24M->24M(512M) 2.978ms
[2022-04-29T08:42:39.072+0000][157][gc,cpu      ] GC(8) User=0.01s Sys=0.00s Real=0.00s
[2022-04-29T08:42:39.073+0000][157][safepoint   ] Safepoint "G1Concurrent", Time since last: 19736750 ns, Reaching safepoint: 237542 ns, At safepoint: 4679292 ns, Total: 4916834 ns
[2022-04-29T08:42:39.075+0000][157][gc,marking  ] GC(8) Concurrent Mark 16.714ms
[2022-04-29T08:42:39.077+0000][157][gc,marking  ] GC(8) Concurrent Rebuild Remembered Sets
[2022-04-29T08:42:39.080+0000][157][gc,marking  ] GC(8) Concurrent Rebuild Remembered Sets 2.942ms
[2022-04-29T08:42:39.081+0000][157][gc,start    ] GC(8) Pause Cleanup
[2022-04-29T08:42:39.082+0000][157][gc          ] GC(8) Pause Cleanup 24M->24M(512M) 1.052ms
[2022-04-29T08:42:39.083+0000][157][gc,cpu      ] GC(8) User=0.00s Sys=0.00s Real=0.00s
[2022-04-29T08:42:39.085+0000][157][safepoint   ] Safepoint "G1Concurrent", Time since last: 8122416 ns, Reaching safepoint: 241292 ns, At safepoint: 3471625 ns, Total: 3712917 ns
[2022-04-29T08:42:39.087+0000][157][gc,marking  ] GC(8) Concurrent Cleanup for Next Mark
[2022-04-29T08:42:39.088+0000][157][gc,marking  ] GC(8) Concurrent Cleanup for Next Mark 1.557ms
[2022-04-29T08:42:39.090+0000][157][gc          ] GC(8) Concurrent Mark Cycle 41.294ms
[2022-04-29T08:42:39.696+0000][157][safepoint   ] Safepoint "ICBufferFull", Time since last: 611345125 ns, Reaching safepoint: 157125 ns, At safepoint: 3542 ns, Total: 160667 ns
[2022-04-29T08:42:39.743+0000][157][safepoint   ] Safepoint "ICBufferFull", Time since last: 46408708 ns, Reaching safepoint: 193625 ns, At safepoint: 4334 ns, Total: 197959 ns
[2022-04-29T08:42:39.745+0000][157][safepoint   ] Safepoint "ICBufferFull", Time since last: 1977416 ns, Reaching safepoint: 130667 ns, At safepoint: 3417 ns, Total: 134084 ns
[2022-04-29T08:42:39.747+0000][157][safepoint   ] Safepoint "ICBufferFull", Time since last: 1129416 ns, Reaching safepoint: 323209 ns, At safepoint: 116500 ns, Total: 439709 ns
[2022-04-29T08:42:39.748+0000][157][safepoint   ] Safepoint "ICBufferFull", Time since last: 1099625 ns, Reaching safepoint: 207583 ns, At safepoint: 3500 ns, Total: 211083 ns
[2022-04-29T08:42:39.750+0000][157][safepoint   ] Safepoint "ICBufferFull", Time since last: 1574167 ns, Reaching safepoint: 327666 ns, At safepoint: 15417 ns, Total: 343083 ns
[2022-04-29T08:42:39.751+0000][157][safepoint   ] Safepoint "ICBufferFull", Time since last: 1068708 ns, Reaching safepoint: 50584 ns, At safepoint: 2750 ns, Total: 53334 ns
[2022-04-29T08:42:39.752+0000][157][safepoint   ] Safepoint "ICBufferFull", Time since last: 980125 ns, Reaching safepoint: 105708 ns, At safepoint: 46125 ns, Total: 151833 ns
[2022-04-29T08:42:39.760+0000][157][safepoint   ] Safepoint "ICBufferFull", Time since last: 7652083 ns, Reaching safepoint: 184709 ns, At safepoint: 2875 ns, Total: 187584 ns
[2022-04-29T08:42:39.761+0000][157][safepoint   ] Safepoint "ICBufferFull", Time since last: 1216791 ns, Reaching safepoint: 164750 ns, At safepoint: 2625 ns, Total: 167375 ns
[2022-04-29T08:42:39.763+0000][157][safepoint   ] Safepoint "ICBufferFull", Time since last: 1239959 ns, Reaching safepoint: 151000 ns, At safepoint: 3583 ns, Total: 154583 ns
[2022-04-29T08:42:39.764+0000][157][safepoint   ] Safepoint "ICBufferFull", Time since last: 1002792 ns, Reaching safepoint: 296916 ns, At safepoint: 8417 ns, Total: 305333 ns
[2022-04-29T08:42:39.778+0000][157][safepoint   ] Safepoint "ICBufferFull", Time since last: 13392917 ns, Reaching safepoint: 279791 ns, At safepoint: 9417 ns, Total: 289208 ns
[2022-04-29T08:42:39.795+0000][157][safepoint   ] Safepoint "ICBufferFull", Time since last: 16768750 ns, Reaching safepoint: 183708 ns, At safepoint: 3084 ns, Total: 186792 ns
[2022-04-29T08:42:39.796+0000][157][safepoint   ] Safepoint "ICBufferFull", Time since last: 1107750 ns, Reaching safepoint: 69041 ns, At safepoint: 2417 ns, Total: 71458 ns
[2022-04-29T08:42:39.797+0000][157][safepoint   ] Safepoint "ICBufferFull", Time since last: 1471208 ns, Reaching safepoint: 185542 ns, At safepoint: 2292 ns, Total: 187834 ns
[2022-04-29T08:42:39.801+0000][157][safepoint   ] Safepoint "ICBufferFull", Time since last: 3553708 ns, Reaching safepoint: 52333 ns, At safepoint: 8584 ns, Total: 60917 ns
[2022-04-29T08:42:39.811+0000][157][safepoint   ] Safepoint "ICBufferFull", Time since last: 9656166 ns, Reaching safepoint: 100167 ns, At safepoint: 9625 ns, Total: 109792 ns
[2022-04-29T08:42:39.832+0000][157][safepoint   ] Safepoint "ICBufferFull", Time since last: 21265250 ns, Reaching safepoint: 160125 ns, At safepoint: 3167 ns, Total: 163292 ns
[2022-04-29T08:42:39.838+0000][157][safepoint   ] Safepoint "ICBufferFull", Time since last: 5323000 ns, Reaching safepoint: 167833 ns, At safepoint: 13833 ns, Total: 181666 ns
[2022-04-29T08:42:39.839+0000][157][safepoint   ] Safepoint "ICBufferFull", Time since last: 993209 ns, Reaching safepoint: 192375 ns, At safepoint: 2666 ns, Total: 195041 ns
[2022-04-29T08:42:39.840+0000][157][safepoint   ] Safepoint "ICBufferFull", Time since last: 1118667 ns, Reaching safepoint: 94125 ns, At safepoint: 26125 ns, Total: 120250 ns
[2022-04-29T08:42:39.843+0000][157][safepoint   ] Safepoint "ICBufferFull", Time since last: 3024000 ns, Reaching safepoint: 135375 ns, At safepoint: 5375 ns, Total: 140750 ns
[2022-04-29T08:42:39.845+0000][157][safepoint   ] Safepoint "ICBufferFull", Time since last: 1211375 ns, Reaching safepoint: 62750 ns, At safepoint: 29583 ns, Total: 92333 ns
[2022-04-29T08:42:39.853+0000][157][safepoint   ] Safepoint "ICBufferFull", Time since last: 7958417 ns, Reaching safepoint: 274583 ns, At safepoint: 3292 ns, Total: 277875 ns
[2022-04-29T08:42:39.854+0000][157][safepoint   ] Safepoint "ICBufferFull", Time since last: 1176708 ns, Reaching safepoint: 355375 ns, At safepoint: 8834 ns, Total: 364209 ns
[2022-04-29T08:42:39.904+0000][157][safepoint   ] Safepoint "ICBufferFull", Time since last: 49534916 ns, Reaching safepoint: 174709 ns, At safepoint: 22083 ns, Total: 196792 ns
[2022-04-29T08:42:40.201+0000][157][safepoint   ] Safepoint "ICBufferFull", Time since last: 296685709 ns, Reaching safepoint: 206916 ns, At safepoint: 13167 ns, Total: 220083 ns
[2022-04-29T08:42:40.626+0000][157][safepoint   ] Safepoint "ICBufferFull", Time since last: 425208000 ns, Reaching safepoint: 136500 ns, At safepoint: 5833 ns, Total: 142333 ns
[2022-04-29T08:42:40.768+0000][157][gc,start    ] GC(9) Pause Young (Concurrent Start) (Metadata GC Threshold)
[2022-04-29T08:42:40.770+0000][157][gc,task     ] GC(9) Using 5 workers of 5 for evacuation
[2022-04-29T08:42:40.771+0000][157][gc,age      ] GC(9) Desired survivor size 20971520 bytes, new threshold 15 (max threshold 15)
[2022-04-29T08:42:40.788+0000][157][gc,age      ] GC(9) Age table with threshold 15 (max threshold 15)
[2022-04-29T08:42:40.789+0000][157][gc,age      ] GC(9) - age   1:   27056336 bytes,   27056336 total
[2022-04-29T08:42:40.790+0000][157][gc,age      ] GC(9) - age   2:     917216 bytes,   27973552 total
[2022-04-29T08:42:40.791+0000][157][gc,age      ] GC(9) - age   3:    2143824 bytes,   30117376 total
[2022-04-29T08:42:40.792+0000][157][gc,age      ] GC(9) - age   4:     684304 bytes,   30801680 total
[2022-04-29T08:42:40.793+0000][157][gc,age      ] GC(9) - age   5:    5656216 bytes,   36457896 total
[2022-04-29T08:42:40.793+0000][157][gc,age      ] GC(9) - age   6:    2066232 bytes,   38524128 total
[2022-04-29T08:42:40.794+0000][157][gc,age      ] GC(9) - age   7:     931840 bytes,   39455968 total
[2022-04-29T08:42:40.795+0000][157][gc,age      ] GC(9) - age   8:    1948816 bytes,   41404784 total
[2022-04-29T08:42:40.796+0000][157][gc,phases   ] GC(9)   Pre Evacuate Collection Set: 0.1ms
[2022-04-29T08:42:40.796+0000][157][gc,phases   ] GC(9)   Merge Heap Roots: 0.4ms
[2022-04-29T08:42:40.797+0000][157][gc,phases   ] GC(9)   Evacuate Collection Set: 14.0ms
[2022-04-29T08:42:40.798+0000][157][gc,phases   ] GC(9)   Post Evacuate Collection Set: 1.5ms
[2022-04-29T08:42:40.798+0000][157][gc,phases   ] GC(9)   Other: 11.3ms
[2022-04-29T08:42:40.799+0000][157][gc,heap     ] GC(9) Eden regions: 72->0(66)
[2022-04-29T08:42:40.800+0000][157][gc,heap     ] GC(9) Survivor regions: 4->10(10)
[2022-04-29T08:42:40.800+0000][157][gc,heap     ] GC(9) Old regions: 2->2
[2022-04-29T08:42:40.801+0000][157][gc,heap     ] GC(9) Archive regions: 2->2
[2022-04-29T08:42:40.802+0000][157][gc,heap     ] GC(9) Humongous regions: 0->0
[2022-04-29T08:42:40.802+0000][157][gc,metaspace] GC(9) Metaspace: 35105K(36096K)->35105K(36096K) NonClass: 30451K(31040K)->30451K(31040K) Class: 4654K(5056K)->4654K(5056K)
[2022-04-29T08:42:40.803+0000][157][gc          ] GC(9) Pause Young (Concurrent Start) (Metadata GC Threshold) 308M->48M(512M) 34.412ms
[2022-04-29T08:42:40.804+0000][157][gc,cpu      ] GC(9) User=0.07s Sys=0.00s Real=0.03s
[2022-04-29T08:42:40.804+0000][157][gc          ] GC(10) Concurrent Mark Cycle
[2022-04-29T08:42:40.805+0000][157][gc,marking  ] GC(10) Concurrent Clear Claimed Marks
[2022-04-29T08:42:40.806+0000][157][gc,marking  ] GC(10) Concurrent Clear Claimed Marks 0.907ms
[2022-04-29T08:42:40.807+0000][157][gc,marking  ] GC(10) Concurrent Scan Root Regions
[2022-04-29T08:42:40.804+0000][157][safepoint   ] Safepoint "CollectForMetadataAllocation", Time since last: 141857417 ns, Reaching safepoint: 142917 ns, At safepoint: 35919083 ns, Total: 36062000 ns
[2022-04-29T08:42:40.821+0000][157][safepoint   ] Safepoint "CollectForMetadataAllocation", Time since last: 16662625 ns, Reaching safepoint: 77334 ns, At safepoint: 41000 ns, Total: 118334 ns
[2022-04-29T08:42:40.823+0000][157][gc,marking  ] GC(10) Concurrent Scan Root Regions 16.595ms
[2022-04-29T08:42:40.824+0000][157][gc,marking  ] GC(10) Concurrent Mark
[2022-04-29T08:42:40.825+0000][157][gc,marking  ] GC(10) Concurrent Mark From Roots
[2022-04-29T08:42:40.826+0000][157][gc,task     ] GC(10) Using 1 workers of 1 for marking
[2022-04-29T08:42:40.829+0000][157][gc,marking  ] GC(10) Concurrent Mark From Roots 4.573ms
[2022-04-29T08:42:40.831+0000][157][gc,marking  ] GC(10) Concurrent Preclean
[2022-04-29T08:42:40.832+0000][157][gc,marking  ] GC(10) Concurrent Preclean 1.060ms
[2022-04-29T08:42:40.833+0000][157][safepoint   ] Safepoint "CollectForMetadataAllocation", Time since last: 11665708 ns, Reaching safepoint: 193458 ns, At safepoint: 51667 ns, Total: 245125 ns
[2022-04-29T08:42:40.835+0000][157][gc,start    ] GC(10) Pause Remark
[2022-04-29T08:42:40.838+0000][157][gc          ] GC(10) Pause Remark 52M->52M(512M) 3.191ms
[2022-04-29T08:42:40.839+0000][157][gc,cpu      ] GC(10) User=0.01s Sys=0.00s Real=0.01s
[2022-04-29T08:42:40.840+0000][157][safepoint   ] Safepoint "G1Concurrent", Time since last: 1316958 ns, Reaching safepoint: 597834 ns, At safepoint: 5260000 ns, Total: 5857834 ns
[2022-04-29T08:42:40.841+0000][157][gc,marking  ] GC(10) Concurrent Mark 16.858ms
[2022-04-29T08:42:40.843+0000][157][gc,marking  ] GC(10) Concurrent Rebuild Remembered Sets
[2022-04-29T08:42:40.846+0000][157][gc,marking  ] GC(10) Concurrent Rebuild Remembered Sets 3.181ms
[2022-04-29T08:42:40.847+0000][157][gc,start    ] GC(10) Pause Cleanup
[2022-04-29T08:42:40.849+0000][157][gc          ] GC(10) Pause Cleanup 52M->52M(512M) 1.085ms
[2022-04-29T08:42:40.849+0000][157][gc,cpu      ] GC(10) User=0.01s Sys=0.00s Real=0.00s
[2022-04-29T08:42:40.850+0000][157][safepoint   ] Safepoint "G1Concurrent", Time since last: 6736750 ns, Reaching safepoint: 421916 ns, At safepoint: 2542417 ns, Total: 2964333 ns
[2022-04-29T08:42:40.851+0000][157][gc,marking  ] GC(10) Concurrent Cleanup for Next Mark
[2022-04-29T08:42:40.852+0000][157][gc,marking  ] GC(10) Concurrent Cleanup for Next Mark 0.941ms
[2022-04-29T08:42:40.853+0000][157][gc          ] GC(10) Concurrent Mark Cycle 48.633ms
[2022-04-29T08:42:40.916+0000][157][safepoint   ] Safepoint "ICBufferFull", Time since last: 65846667 ns, Reaching safepoint: 283208 ns, At safepoint: 20708 ns, Total: 303916 ns
[2022-04-29T08:42:41.286+0000][157][safepoint   ] Safepoint "ICBufferFull", Time since last: 370175959 ns, Reaching safepoint: 140583 ns, At safepoint: 6292 ns, Total: 146875 ns
[2022-04-29T08:42:41.414+0000][157][safepoint   ] Safepoint "ICBufferFull", Time since last: 127672042 ns, Reaching safepoint: 142416 ns, At safepoint: 10584 ns, Total: 153000 ns
[2022-04-29T08:42:41.596+0000][157][gc,start    ] GC(11) Pause Young (Concurrent Start) (G1 Evacuation Pause)
[2022-04-29T08:42:41.598+0000][157][gc,task     ] GC(11) Using 5 workers of 5 for evacuation
[2022-04-29T08:42:41.598+0000][157][gc,age      ] GC(11) Desired survivor size 20971520 bytes, new threshold 1 (max threshold 15)
[2022-04-29T08:42:41.619+0000][157][gc,age      ] GC(11) Age table with threshold 1 (max threshold 15)
[2022-04-29T08:42:41.620+0000][157][gc,age      ] GC(11) - age   1:    6121488 bytes,    6121488 total
[2022-04-29T08:42:41.621+0000][157][gc,phases   ] GC(11)   Pre Evacuate Collection Set: 0.4ms
[2022-04-29T08:42:41.623+0000][157][gc,phases   ] GC(11)   Merge Heap Roots: 0.3ms
[2022-04-29T08:42:41.624+0000][157][gc,phases   ] GC(11)   Evacuate Collection Set: 17.1ms
[2022-04-29T08:42:41.625+0000][157][gc,phases   ] GC(11)   Post Evacuate Collection Set: 1.4ms
[2022-04-29T08:42:41.626+0000][157][gc,phases   ] GC(11)   Other: 5.9ms
[2022-04-29T08:42:41.628+0000][157][gc,heap     ] GC(11) Eden regions: 66->0(73)
[2022-04-29T08:42:41.629+0000][157][gc,heap     ] GC(11) Survivor regions: 10->3(10)
[2022-04-29T08:42:41.630+0000][157][gc,heap     ] GC(11) Old regions: 2->11
[2022-04-29T08:42:41.631+0000][157][gc,heap     ] GC(11) Archive regions: 2->2
[2022-04-29T08:42:41.632+0000][157][gc,heap     ] GC(11) Humongous regions: 0->0
[2022-04-29T08:42:41.633+0000][157][gc,metaspace] GC(11) Metaspace: 52239K(53440K)->52239K(53440K) NonClass: 45156K(45888K)->45156K(45888K) Class: 7082K(7552K)->7082K(7552K)
[2022-04-29T08:42:41.634+0000][157][gc          ] GC(11) Pause Young (Concurrent Start) (G1 Evacuation Pause) 312M->56M(512M) 37.442ms
[2022-04-29T08:42:41.635+0000][157][gc,cpu      ] GC(11) User=0.10s Sys=0.01s Real=0.03s
[2022-04-29T08:42:41.636+0000][157][safepoint   ] Safepoint "G1CollectForAllocation", Time since last: 181965166 ns, Reaching safepoint: 100500 ns, At safepoint: 39463334 ns, Total: 39563834 ns
[2022-04-29T08:42:41.636+0000][157][gc          ] GC(12) Concurrent Mark Cycle
[2022-04-29T08:42:41.638+0000][157][gc,marking  ] GC(12) Concurrent Clear Claimed Marks
[2022-04-29T08:42:41.639+0000][157][gc,marking  ] GC(12) Concurrent Clear Claimed Marks 0.912ms
[2022-04-29T08:42:41.640+0000][157][gc,marking  ] GC(12) Concurrent Scan Root Regions
[2022-04-29T08:42:41.658+0000][157][gc,marking  ] GC(12) Concurrent Scan Root Regions 18.101ms
[2022-04-29T08:42:41.659+0000][157][gc,marking  ] GC(12) Concurrent Mark
[2022-04-29T08:42:41.660+0000][157][gc,marking  ] GC(12) Concurrent Mark From Roots
[2022-04-29T08:42:41.661+0000][157][gc,task     ] GC(12) Using 1 workers of 1 for marking
[2022-04-29T08:42:41.666+0000][157][gc,marking  ] GC(12) Concurrent Mark From Roots 5.886ms
[2022-04-29T08:42:41.667+0000][157][gc,marking  ] GC(12) Concurrent Preclean
[2022-04-29T08:42:41.668+0000][157][gc,marking  ] GC(12) Concurrent Preclean 0.808ms
[2022-04-29T08:42:41.669+0000][157][gc,start    ] GC(12) Pause Remark
[2022-04-29T08:42:41.673+0000][157][gc          ] GC(12) Pause Remark 72M->72M(512M) 4.303ms
[2022-04-29T08:42:41.674+0000][157][gc,cpu      ] GC(12) User=0.00s Sys=0.00s Real=0.00s
[2022-04-29T08:42:41.675+0000][157][safepoint   ] Safepoint "G1Concurrent", Time since last: 33015333 ns, Reaching safepoint: 297917 ns, At safepoint: 6146083 ns, Total: 6444000 ns
[2022-04-29T08:42:41.678+0000][157][gc,marking  ] GC(12) Concurrent Mark 18.401ms
[2022-04-29T08:42:41.678+0000][157][gc,marking  ] GC(12) Concurrent Rebuild Remembered Sets
[2022-04-29T08:42:41.679+0000][157][gc,marking  ] GC(12) Concurrent Rebuild Remembered Sets 0.781ms
[2022-04-29T08:42:41.680+0000][157][gc,start    ] GC(12) Pause Cleanup
[2022-04-29T08:42:41.681+0000][157][gc          ] GC(12) Pause Cleanup 74M->74M(512M) 0.912ms
[2022-04-29T08:42:41.682+0000][157][gc,cpu      ] GC(12) User=0.00s Sys=0.00s Real=0.00s
[2022-04-29T08:42:41.683+0000][157][safepoint   ] Safepoint "G1Concurrent", Time since last: 4711875 ns, Reaching safepoint: 287500 ns, At safepoint: 2504083 ns, Total: 2791583 ns
[2022-04-29T08:42:41.684+0000][157][gc,marking  ] GC(12) Concurrent Cleanup for Next Mark
[2022-04-29T08:42:41.686+0000][157][gc,marking  ] GC(12) Concurrent Cleanup for Next Mark 2.305ms
[2022-04-29T08:42:41.687+0000][157][gc          ] GC(12) Concurrent Mark Cycle 51.191ms
[2022-04-29T08:42:41.905+0000][157][safepoint   ] Safepoint "ICBufferFull", Time since last: 222104000 ns, Reaching safepoint: 507709 ns, At safepoint: 10875 ns, Total: 518584 ns
[2022-04-29T08:42:42.087+0000][157][safepoint   ] Safepoint "ICBufferFull", Time since last: 180939250 ns, Reaching safepoint: 349625 ns, At safepoint: 8291 ns, Total: 357916 ns
[2022-04-29T08:42:42.565+0000][157][safepoint   ] Safepoint "ICBufferFull", Time since last: 478346376 ns, Reaching safepoint: 224750 ns, At safepoint: 10083 ns, Total: 234833 ns
[2022-04-29T08:42:42.617+0000][157][safepoint   ] Safepoint "ICBufferFull", Time since last: 51317833 ns, Reaching safepoint: 160375 ns, At safepoint: 10209 ns, Total: 170584 ns
[2022-04-29T08:42:42.767+0000][157][safepoint   ] Safepoint "ICBufferFull", Time since last: 149724041 ns, Reaching safepoint: 244125 ns, At safepoint: 3500 ns, Total: 247625 ns
[2022-04-29T08:42:43.075+0000][157][safepoint   ] Safepoint "ICBufferFull", Time since last: 307732917 ns, Reaching safepoint: 273792 ns, At safepoint: 3667 ns, Total: 277459 ns
[2022-04-29T08:42:43.232+0000][157][safepoint   ] Safepoint "ICBufferFull", Time since last: 156972750 ns, Reaching safepoint: 244833 ns, At safepoint: 3792 ns, Total: 248625 ns
[2022-04-29T08:42:43.238+0000][157][gc,start    ] GC(13) Pause Young (Normal) (G1 Evacuation Pause)
[2022-04-29T08:42:43.239+0000][157][gc,task     ] GC(13) Using 5 workers of 5 for evacuation
[2022-04-29T08:42:43.240+0000][157][gc,age      ] GC(13) Desired survivor size 20971520 bytes, new threshold 15 (max threshold 15)
[2022-04-29T08:42:43.251+0000][157][gc,age      ] GC(13) Age table with threshold 15 (max threshold 15)
[2022-04-29T08:42:43.252+0000][157][gc,age      ] GC(13) - age   1:   13915832 bytes,   13915832 total
[2022-04-29T08:42:43.253+0000][157][gc,age      ] GC(13) - age   2:    5904176 bytes,   19820008 total
[2022-04-29T08:42:43.254+0000][157][gc,phases   ] GC(13)   Pre Evacuate Collection Set: 0.3ms
[2022-04-29T08:42:43.255+0000][157][gc,phases   ] GC(13)   Merge Heap Roots: 0.4ms
[2022-04-29T08:42:43.256+0000][157][gc,phases   ] GC(13)   Evacuate Collection Set: 7.6ms
[2022-04-29T08:42:43.256+0000][157][gc,phases   ] GC(13)   Post Evacuate Collection Set: 2.0ms
[2022-04-29T08:42:43.257+0000][157][gc,phases   ] GC(13)   Other: 5.6ms
[2022-04-29T08:42:43.258+0000][157][gc,heap     ] GC(13) Eden regions: 73->0(71)
[2022-04-29T08:42:43.258+0000][157][gc,heap     ] GC(13) Survivor regions: 3->5(10)
[2022-04-29T08:42:43.259+0000][157][gc,heap     ] GC(13) Old regions: 11->11
[2022-04-29T08:42:43.259+0000][157][gc,heap     ] GC(13) Archive regions: 2->2
[2022-04-29T08:42:43.260+0000][157][gc,heap     ] GC(13) Humongous regions: 0->0
[2022-04-29T08:42:43.261+0000][157][gc,metaspace] GC(13) Metaspace: 84779K(86272K)->84779K(86272K) NonClass: 73043K(73920K)->73043K(73920K) Class: 11735K(12352K)->11735K(12352K)
[2022-04-29T08:42:43.261+0000][157][gc          ] GC(13) Pause Young (Normal) (G1 Evacuation Pause) 348M->67M(512M) 22.880ms
[2022-04-29T08:42:43.263+0000][157][gc,cpu      ] GC(13) User=0.04s Sys=0.00s Real=0.02s
[2022-04-29T08:42:43.264+0000][157][safepoint   ] Safepoint "G1CollectForAllocation", Time since last: 6337541 ns, Reaching safepoint: 123875 ns, At safepoint: 25652542 ns, Total: 25776417 ns
[2022-04-29T08:42:43.327+0000][157][safepoint   ] Safepoint "ICBufferFull", Time since last: 63084625 ns, Reaching safepoint: 174083 ns, At safepoint: 12500 ns, Total: 186583 ns
[2022-04-29T08:42:43.392+0000][157][safepoint   ] Safepoint "ICBufferFull", Time since last: 64111459 ns, Reaching safepoint: 374208 ns, At safepoint: 16042 ns, Total: 390250 ns
[2022-04-29T08:42:43.803+0000][157][gc,start    ] GC(14) Pause Young (Concurrent Start) (Metadata GC Threshold)
[2022-04-29T08:42:43.805+0000][157][gc,task     ] GC(14) Using 5 workers of 5 for evacuation
[2022-04-29T08:42:43.806+0000][157][gc,age      ] GC(14) Desired survivor size 20971520 bytes, new threshold 15 (max threshold 15)
[2022-04-29T08:42:43.818+0000][157][gc,age      ] GC(14) Age table with threshold 15 (max threshold 15)
[2022-04-29T08:42:43.820+0000][157][gc,age      ] GC(14) - age   1:     878920 bytes,     878920 total
[2022-04-29T08:42:43.821+0000][157][gc,age      ] GC(14) - age   2:   13208800 bytes,   14087720 total
[2022-04-29T08:42:43.822+0000][157][gc,age      ] GC(14) - age   3:    5877944 bytes,   19965664 total
[2022-04-29T08:42:43.823+0000][157][gc,phases   ] GC(14)   Pre Evacuate Collection Set: 0.2ms
[2022-04-29T08:42:43.824+0000][157][gc,phases   ] GC(14)   Merge Heap Roots: 0.3ms
[2022-04-29T08:42:43.825+0000][157][gc,phases   ] GC(14)   Evacuate Collection Set: 9.3ms
[2022-04-29T08:42:43.826+0000][157][gc,phases   ] GC(14)   Post Evacuate Collection Set: 1.1ms
[2022-04-29T08:42:43.826+0000][157][gc,phases   ] GC(14)   Other: 8.9ms
[2022-04-29T08:42:43.828+0000][157][gc,heap     ] GC(14) Eden regions: 9->0(70)
[2022-04-29T08:42:43.830+0000][157][gc,heap     ] GC(14) Survivor regions: 5->6(10)
[2022-04-29T08:42:43.830+0000][157][gc,heap     ] GC(14) Old regions: 11->11
[2022-04-29T08:42:43.849+0000][157][gc,heap     ] GC(14) Archive regions: 2->2
[2022-04-29T08:42:43.850+0000][157][gc,heap     ] GC(14) Humongous regions: 0->0
[2022-04-29T08:42:43.852+0000][157][gc,metaspace] GC(14) Metaspace: 87610K(89088K)->87610K(89088K) NonClass: 75454K(76352K)->75454K(76352K) Class: 12156K(12736K)->12156K(12736K)
[2022-04-29T08:42:43.853+0000][157][gc          ] GC(14) Pause Young (Concurrent Start) (Metadata GC Threshold) 100M->69M(512M) 49.731ms
[2022-04-29T08:42:43.856+0000][157][gc,cpu      ] GC(14) User=0.04s Sys=0.01s Real=0.06s
[2022-04-29T08:42:43.858+0000][157][safepoint   ] Safepoint "CollectForMetadataAllocation", Time since last: 411418250 ns, Reaching safepoint: 173458 ns, At safepoint: 54440709 ns, Total: 54614167 ns
[2022-04-29T08:42:43.858+0000][157][gc          ] GC(15) Concurrent Mark Cycle
[2022-04-29T08:42:43.861+0000][157][gc,marking  ] GC(15) Concurrent Clear Claimed Marks
[2022-04-29T08:42:43.862+0000][157][gc,marking  ] GC(15) Concurrent Clear Claimed Marks 0.967ms
[2022-04-29T08:42:43.864+0000][157][gc,marking  ] GC(15) Concurrent Scan Root Regions
[2022-04-29T08:42:43.878+0000][157][gc,marking  ] GC(15) Concurrent Scan Root Regions 14.132ms
[2022-04-29T08:42:43.879+0000][157][gc,marking  ] GC(15) Concurrent Mark
[2022-04-29T08:42:43.880+0000][157][gc,marking  ] GC(15) Concurrent Mark From Roots
[2022-04-29T08:42:43.881+0000][157][gc,task     ] GC(15) Using 1 workers of 1 for marking
[2022-04-29T08:42:43.921+0000][157][gc,marking  ] GC(15) Concurrent Mark From Roots 40.450ms
[2022-04-29T08:42:43.921+0000][157][gc,marking  ] GC(15) Concurrent Preclean
[2022-04-29T08:42:43.923+0000][157][gc,marking  ] GC(15) Concurrent Preclean 1.291ms
[2022-04-29T08:42:43.924+0000][157][gc,start    ] GC(15) Pause Remark
[2022-04-29T08:42:43.928+0000][157][gc          ] GC(15) Pause Remark 72M->72M(512M) 3.748ms
[2022-04-29T08:42:43.929+0000][157][gc,cpu      ] GC(15) User=0.01s Sys=0.01s Real=0.01s
[2022-04-29T08:42:43.930+0000][157][safepoint   ] Safepoint "G1Concurrent", Time since last: 65818250 ns, Reaching safepoint: 247708 ns, At safepoint: 5746250 ns, Total: 5993958 ns
[2022-04-29T08:42:43.931+0000][157][gc,marking  ] GC(15) Concurrent Mark 51.795ms
[2022-04-29T08:42:43.932+0000][157][gc,marking  ] GC(15) Concurrent Rebuild Remembered Sets
[2022-04-29T08:42:43.933+0000][157][gc,marking  ] GC(15) Concurrent Rebuild Remembered Sets 1.273ms
[2022-04-29T08:42:43.934+0000][157][gc,start    ] GC(15) Pause Cleanup
[2022-04-29T08:42:43.936+0000][157][gc          ] GC(15) Pause Cleanup 72M->72M(512M) 1.854ms
[2022-04-29T08:42:43.938+0000][157][gc,cpu      ] GC(15) User=0.00s Sys=0.00s Real=0.01s
[2022-04-29T08:42:43.939+0000][157][safepoint   ] Safepoint "G1Concurrent", Time since last: 4459167 ns, Reaching safepoint: 199208 ns, At safepoint: 4735250 ns, Total: 4934458 ns
[2022-04-29T08:42:43.940+0000][157][gc,marking  ] GC(15) Concurrent Cleanup for Next Mark
[2022-04-29T08:42:43.941+0000][157][gc,marking  ] GC(15) Concurrent Cleanup for Next Mark 1.207ms
[2022-04-29T08:42:43.943+0000][157][gc          ] GC(15) Concurrent Mark Cycle 84.771ms
[2022-04-29T08:42:44.319+0000][157][safepoint   ] Safepoint "ICBufferFull", Time since last: 380230709 ns, Reaching safepoint: 157625 ns, At safepoint: 15375 ns, Total: 173000 ns
[2022-04-29T08:42:44.376+0000][157][safepoint   ] Safepoint "ICBufferFull", Time since last: 56016041 ns, Reaching safepoint: 194250 ns, At safepoint: 3917 ns, Total: 198167 ns
[2022-04-29T08:42:44.794+0000][157][safepoint   ] Safepoint "ICBufferFull", Time since last: 418476375 ns, Reaching safepoint: 157042 ns, At safepoint: 9625 ns, Total: 166667 ns
[2022-04-29T08:42:44.875+0000][157][safepoint   ] Safepoint "ICBufferFull", Time since last: 80891875 ns, Reaching safepoint: 173291 ns, At safepoint: 12000 ns, Total: 185291 ns
[2022-04-29T08:42:45.024+0000][157][safepoint   ] Safepoint "ICBufferFull", Time since last: 147717626 ns, Reaching safepoint: 482875 ns, At safepoint: 36791 ns, Total: 519666 ns
[2022-04-29T08:42:45.163+0000][157][safepoint   ] Safepoint "ICBufferFull", Time since last: 139521500 ns, Reaching safepoint: 275459 ns, At safepoint: 21958 ns, Total: 297417 ns
[2022-04-29T08:42:45.516+0000][157][safepoint   ] Safepoint "ICBufferFull", Time since last: 351162750 ns, Reaching safepoint: 1597583 ns, At safepoint: 19250 ns, Total: 1616833 ns
[2022-04-29T08:42:45.518+0000][157][safepoint   ] Safepoint "ICBufferFull", Time since last: 1999125 ns, Reaching safepoint: 87959 ns, At safepoint: 3416 ns, Total: 91375 ns
[2022-04-29T08:42:45.760+0000][157][safepoint   ] Safepoint "ICBufferFull", Time since last: 241612209 ns, Reaching safepoint: 270625 ns, At safepoint: 28667 ns, Total: 299292 ns
[2022-04-29T08:42:45.851+0000][157][safepoint   ] Safepoint "ICBufferFull", Time since last: 90391500 ns, Reaching safepoint: 329583 ns, At safepoint: 4958 ns, Total: 334541 ns
[2022-04-29T08:42:45.995+0000][157][safepoint   ] Safepoint "ICBufferFull", Time since last: 142664709 ns, Reaching safepoint: 1101958 ns, At safepoint: 18917 ns, Total: 1120875 ns
[2022-04-29T08:42:45.996+0000][157][safepoint   ] Safepoint "ICBufferFull", Time since last: 1379041 ns, Reaching safepoint: 72417 ns, At safepoint: 2625 ns, Total: 75042 ns
[2022-04-29T08:42:46.209+0000][157][safepoint   ] Safepoint "ICBufferFull", Time since last: 212754750 ns, Reaching safepoint: 239875 ns, At safepoint: 26000 ns, Total: 265875 ns
[2022-04-29T08:42:46.285+0000][157][safepoint   ] Safepoint "ICBufferFull", Time since last: 75776750 ns, Reaching safepoint: 113292 ns, At safepoint: 3500 ns, Total: 116792 ns
[2022-04-29T08:42:46.347+0000][157][safepoint   ] Safepoint "ICBufferFull", Time since last: 61124958 ns, Reaching safepoint: 561417 ns, At safepoint: 18417 ns, Total: 579834 ns
[2022-04-29T08:42:46.426+0000][157][gc,start    ] GC(16) Pause Young (Normal) (G1 Evacuation Pause)
[2022-04-29T08:42:46.427+0000][157][gc,task     ] GC(16) Using 5 workers of 5 for evacuation
[2022-04-29T08:42:46.428+0000][157][gc,age      ] GC(16) Desired survivor size 20971520 bytes, new threshold 15 (max threshold 15)
[2022-04-29T08:42:46.440+0000][157][gc,age      ] GC(16) Age table with threshold 15 (max threshold 15)
[2022-04-29T08:42:46.441+0000][157][gc,age      ] GC(16) - age   1:    8780648 bytes,    8780648 total
[2022-04-29T08:42:46.442+0000][157][gc,age      ] GC(16) - age   2:     712320 bytes,    9492968 total
[2022-04-29T08:42:46.443+0000][157][gc,age      ] GC(16) - age   3:   13059384 bytes,   22552352 total
[2022-04-29T08:42:46.444+0000][157][gc,age      ] GC(16) - age   4:    5697072 bytes,   28249424 total
[2022-04-29T08:42:46.445+0000][157][gc,phases   ] GC(16)   Pre Evacuate Collection Set: 0.3ms
[2022-04-29T08:42:46.446+0000][157][gc,phases   ] GC(16)   Merge Heap Roots: 0.2ms
[2022-04-29T08:42:46.447+0000][157][gc,phases   ] GC(16)   Evacuate Collection Set: 9.3ms
[2022-04-29T08:42:46.448+0000][157][gc,phases   ] GC(16)   Post Evacuate Collection Set: 1.5ms
[2022-04-29T08:42:46.449+0000][157][gc,phases   ] GC(16)   Other: 8.2ms
[2022-04-29T08:42:46.450+0000][157][gc,heap     ] GC(16) Eden regions: 70->0(68)
[2022-04-29T08:42:46.450+0000][157][gc,heap     ] GC(16) Survivor regions: 6->8(10)
[2022-04-29T08:42:46.451+0000][157][gc,heap     ] GC(16) Old regions: 11->11
[2022-04-29T08:42:46.452+0000][157][gc,heap     ] GC(16) Archive regions: 2->2
[2022-04-29T08:42:46.453+0000][157][gc,heap     ] GC(16) Humongous regions: 6->6
[2022-04-29T08:42:46.454+0000][157][gc,metaspace] GC(16) Metaspace: 99047K(100608K)->99047K(100608K) NonClass: 85301K(86208K)->85301K(86208K) Class: 13746K(14400K)->13746K(14400K)
[2022-04-29T08:42:46.454+0000][157][gc          ] GC(16) Pause Young (Normal) (G1 Evacuation Pause) 373M->101M(512M) 28.748ms
[2022-04-29T08:42:46.455+0000][157][gc,cpu      ] GC(16) User=0.05s Sys=0.00s Real=0.02s
[2022-04-29T08:42:46.457+0000][157][safepoint   ] Safepoint "G1CollectForAllocation", Time since last: 78456583 ns, Reaching safepoint: 374417 ns, At safepoint: 31527958 ns, Total: 31902375 ns
[2022-04-29T08:42:46.601+0000][157][safepoint   ] Safepoint "ICBufferFull", Time since last: 143227083 ns, Reaching safepoint: 726542 ns, At safepoint: 16125 ns, Total: 742667 ns
[2022-04-29T08:42:46.874+0000][157][safepoint   ] Safepoint "ICBufferFull", Time since last: 272859083 ns, Reaching safepoint: 151875 ns, At safepoint: 6250 ns, Total: 158125 ns
[2022-04-29T08:42:47.199+0000][157][safepoint   ] Safepoint "ICBufferFull", Time since last: 324952834 ns, Reaching safepoint: 345708 ns, At safepoint: 16667 ns, Total: 362375 ns
[2022-04-29T08:42:47.318+0000][157][safepoint   ] Safepoint "ICBufferFull", Time since last: 117672042 ns, Reaching safepoint: 551541 ns, At safepoint: 31334 ns, Total: 582875 ns
[2022-04-29T08:42:47.637+0000][157][safepoint   ] Safepoint "ICBufferFull", Time since last: 319349750 ns, Reaching safepoint: 162833 ns, At safepoint: 11625 ns, Total: 174458 ns
[2022-04-29T08:42:48.179+0000][157][safepoint   ] Safepoint "ICBufferFull", Time since last: 540808334 ns, Reaching safepoint: 795208 ns, At safepoint: 44125 ns, Total: 839333 ns
[2022-04-29T08:42:48.387+0000][157][safepoint   ] Safepoint "ICBufferFull", Time since last: 208002708 ns, Reaching safepoint: 443000 ns, At safepoint: 22708 ns, Total: 465708 ns
[2022-04-29T08:42:48.550+0000][157][safepoint   ] Safepoint "ICBufferFull", Time since last: 161790625 ns, Reaching safepoint: 805750 ns, At safepoint: 77917 ns, Total: 883667 ns
[2022-04-29T08:42:48.601+0000][157][safepoint   ] Safepoint "ICBufferFull", Time since last: 50668833 ns, Reaching safepoint: 466833 ns, At safepoint: 21125 ns, Total: 487958 ns
[2022-04-29T08:42:48.734+0000][157][safepoint   ] Safepoint "ICBufferFull", Time since last: 132714959 ns, Reaching safepoint: 192291 ns, At safepoint: 42875 ns, Total: 235166 ns
[2022-04-29T08:42:49.219+0000][157][safepoint   ] Safepoint "ICBufferFull", Time since last: 484556709 ns, Reaching safepoint: 119500 ns, At safepoint: 11958 ns, Total: 131458 ns
[2022-04-29T08:42:49.427+0000][157][safepoint   ] Safepoint "ICBufferFull", Time since last: 207950792 ns, Reaching safepoint: 460042 ns, At safepoint: 82625 ns, Total: 542667 ns
[2022-04-29T08:42:49.768+0000][157][safepoint   ] Safepoint "ICBufferFull", Time since last: 337921167 ns, Reaching safepoint: 2587458 ns, At safepoint: 67875 ns, Total: 2655333 ns
[2022-04-29T08:42:50.005+0000][157][safepoint   ] Safepoint "ICBufferFull", Time since last: 237117667 ns, Reaching safepoint: 236166 ns, At safepoint: 21459 ns, Total: 257625 ns
[2022-04-29T08:42:50.800+0000][157][gc,start    ] GC(17) Pause Young (Normal) (G1 Evacuation Pause)
[2022-04-29T08:42:50.800+0000][157][gc,task     ] GC(17) Using 5 workers of 5 for evacuation
[2022-04-29T08:42:50.801+0000][157][gc,age      ] GC(17) Desired survivor size 20971520 bytes, new threshold 3 (max threshold 15)
[2022-04-29T08:42:50.814+0000][157][gc,age      ] GC(17) Age table with threshold 3 (max threshold 15)
[2022-04-29T08:42:50.815+0000][157][gc,age      ] GC(17) - age   1:    6798760 bytes,    6798760 total
[2022-04-29T08:42:50.816+0000][157][gc,age      ] GC(17) - age   2:    7697664 bytes,   14496424 total
[2022-04-29T08:42:50.817+0000][157][gc,age      ] GC(17) - age   3:     704912 bytes,   15201336 total
[2022-04-29T08:42:50.818+0000][157][gc,phases   ] GC(17)   Pre Evacuate Collection Set: 0.1ms
[2022-04-29T08:42:50.818+0000][157][gc,phases   ] GC(17)   Merge Heap Roots: 0.1ms
[2022-04-29T08:42:50.819+0000][157][gc,phases   ] GC(17)   Evacuate Collection Set: 11.1ms
[2022-04-29T08:42:50.819+0000][157][gc,phases   ] GC(17)   Post Evacuate Collection Set: 1.1ms
[2022-04-29T08:42:50.820+0000][157][gc,phases   ] GC(17)   Other: 5.7ms
[2022-04-29T08:42:50.821+0000][157][gc,heap     ] GC(17) Eden regions: 68->0(70)
[2022-04-29T08:42:50.821+0000][157][gc,heap     ] GC(17) Survivor regions: 8->5(10)
[2022-04-29T08:42:50.822+0000][157][gc,heap     ] GC(17) Old regions: 11->16
[2022-04-29T08:42:50.823+0000][157][gc,heap     ] GC(17) Archive regions: 2->2
[2022-04-29T08:42:50.824+0000][157][gc,heap     ] GC(17) Humongous regions: 6->6
[2022-04-29T08:42:50.824+0000][157][gc,metaspace] GC(17) Metaspace: 102581K(104192K)->102581K(104192K) NonClass: 88382K(89344K)->88382K(89344K) Class: 14199K(14848K)->14199K(14848K)
[2022-04-29T08:42:50.825+0000][157][gc          ] GC(17) Pause Young (Normal) (G1 Evacuation Pause) 373M->107M(512M) 25.426ms
[2022-04-29T08:42:50.826+0000][157][gc,cpu      ] GC(17) User=0.05s Sys=0.00s Real=0.03s
[2022-04-29T08:42:50.826+0000][157][safepoint   ] Safepoint "G1CollectForAllocation", Time since last: 793865083 ns, Reaching safepoint: 192209 ns, At safepoint: 26912666 ns, Total: 27104875 ns
[2022-04-29T08:42:51.828+0000][157][safepoint   ] Safepoint "Cleanup", Time since last: 1001248751 ns, Reaching safepoint: 178583 ns, At safepoint: 4792 ns, Total: 183375 ns
[2022-04-29T08:42:52.579+0000][157][safepoint   ] Safepoint "ICBufferFull", Time since last: 751390875 ns, Reaching safepoint: 268459 ns, At safepoint: 21333 ns, Total: 289792 ns
[2022-04-29T08:42:52.798+0000][157][safepoint   ] Safepoint "ICBufferFull", Time since last: 217929042 ns, Reaching safepoint: 251291 ns, At safepoint: 28834 ns, Total: 280125 ns
[2022-04-29T08:42:52.940+0000][157][safepoint   ] Safepoint "ICBufferFull", Time since last: 141773333 ns, Reaching safepoint: 183875 ns, At safepoint: 13000 ns, Total: 196875 ns
[2022-04-29T08:42:53.957+0000][157][safepoint   ] Safepoint "Cleanup", Time since last: 1017584917 ns, Reaching safepoint: 217875 ns, At safepoint: 15292 ns, Total: 233167 ns
[2022-04-29T08:42:55.541+0000][157][safepoint   ] Safepoint "ICBufferFull", Time since last: 1583608126 ns, Reaching safepoint: 267000 ns, At safepoint: 15041 ns, Total: 282041 ns
[2022-04-29T08:42:55.584+0000][157][safepoint   ] Safepoint "ICBufferFull", Time since last: 42828250 ns, Reaching safepoint: 232875 ns, At safepoint: 4459 ns, Total: 237334 ns
[2022-04-29T08:42:55.943+0000][157][safepoint   ] Safepoint "ICBufferFull", Time since last: 358569916 ns, Reaching safepoint: 134584 ns, At safepoint: 13583 ns, Total: 148167 ns
[2022-04-29T08:42:56.251+0000][157][safepoint   ] Safepoint "ICBufferFull", Time since last: 307974334 ns, Reaching safepoint: 137791 ns, At safepoint: 16917 ns, Total: 154708 ns
[2022-04-29T08:42:57.254+0000][157][safepoint   ] Safepoint "Cleanup", Time since last: 1002547709 ns, Reaching safepoint: 250750 ns, At safepoint: 10541 ns, Total: 261291 ns
[2022-04-29T08:42:58.265+0000][157][safepoint   ] Safepoint "Cleanup", Time since last: 1010283459 ns, Reaching safepoint: 407625 ns, At safepoint: 27667 ns, Total: 435292 ns
[2022-04-29T08:42:59.275+0000][157][safepoint   ] Safepoint "Cleanup", Time since last: 1006895459 ns, Reaching safepoint: 3040625 ns, At safepoint: 17000 ns, Total: 3057625 ns
[2022-04-29T08:43:00.291+0000][157][safepoint   ] Safepoint "Cleanup", Time since last: 1015651875 ns, Reaching safepoint: 552125 ns, At safepoint: 25792 ns, Total: 577917 ns
[2022-04-29T08:43:01.589+0000][157][safepoint   ] Safepoint "Cleanup", Time since last: 1297443000 ns, Reaching safepoint: 109625 ns, At safepoint: 6584 ns, Total: 116209 ns
[2022-04-29T08:43:01.788+0000][157][safepoint   ] Safepoint "ICBufferFull", Time since last: 199147708 ns, Reaching safepoint: 309875 ns, At safepoint: 5125 ns, Total: 315000 ns
[2022-04-29T08:43:02.790+0000][157][safepoint   ] Safepoint "Cleanup", Time since last: 1001102001 ns, Reaching safepoint: 449541 ns, At safepoint: 222417 ns, Total: 671958 ns
[2022-04-29T08:43:03.796+0000][157][safepoint   ] Safepoint "Cleanup", Time since last: 1005779917 ns, Reaching safepoint: 418917 ns, At safepoint: 6833 ns, Total: 425750 ns
[2022-04-29T08:43:04.807+0000][157][safepoint   ] Safepoint "Cleanup", Time since last: 1010902292 ns, Reaching safepoint: 264750 ns, At safepoint: 8042 ns, Total: 272792 ns
[2022-04-29T08:43:05.815+0000][157][safepoint   ] Safepoint "Cleanup", Time since last: 1006452334 ns, Reaching safepoint: 1163958 ns, At safepoint: 18792 ns, Total: 1182750 ns
[2022-04-29T08:43:07.821+0000][157][safepoint   ] Safepoint "Cleanup", Time since last: 2005836626 ns, Reaching safepoint: 183583 ns, At safepoint: 7125 ns, Total: 190708 ns
[2022-04-29T08:43:08.825+0000][157][safepoint   ] Safepoint "Cleanup", Time since last: 1003479709 ns, Reaching safepoint: 495625 ns, At safepoint: 12708 ns, Total: 508333 ns
[2022-04-29T08:43:10.840+0000][157][safepoint   ] Safepoint "Cleanup", Time since last: 2014881543 ns, Reaching safepoint: 489667 ns, At safepoint: 9125 ns, Total: 498792 ns
[2022-04-29T08:43:11.854+0000][157][safepoint   ] Safepoint "Cleanup", Time since last: 1013521042 ns, Reaching safepoint: 286875 ns, At safepoint: 12333 ns, Total: 299208 ns
[2022-04-29T08:43:12.866+0000][157][safepoint   ] Safepoint "Cleanup", Time since last: 1011467834 ns, Reaching safepoint: 902583 ns, At safepoint: 18375 ns, Total: 920958 ns
[2022-04-29T08:43:13.874+0000][157][safepoint   ] Safepoint "Cleanup", Time since last: 1007523084 ns, Reaching safepoint: 202833 ns, At safepoint: 13667 ns, Total: 216500 ns
[2022-04-29T08:43:14.880+0000][157][safepoint   ] Safepoint "Cleanup", Time since last: 1005098875 ns, Reaching safepoint: 267625 ns, At safepoint: 5875 ns, Total: 273500 ns
[2022-04-29T08:43:15.882+0000][157][safepoint   ] Safepoint "Cleanup", Time since last: 1001417293 ns, Reaching safepoint: 1328916 ns, At safepoint: 8959 ns, Total: 1337875 ns
[2022-04-29T08:43:16.892+0000][157][safepoint   ] Safepoint "Cleanup", Time since last: 1009935667 ns, Reaching safepoint: 221708 ns, At safepoint: 6583 ns, Total: 228291 ns
[2022-04-29T08:43:17.897+0000][157][safepoint   ] Safepoint "Cleanup", Time since last: 1004406959 ns, Reaching safepoint: 256792 ns, At safepoint: 7625 ns, Total: 264417 ns
[2022-04-29T08:43:19.907+0000][157][safepoint   ] Safepoint "Cleanup", Time since last: 2009859542 ns, Reaching safepoint: 142500 ns, At safepoint: 5750 ns, Total: 148250 ns
[2022-04-29T08:43:20.909+0000][157][safepoint   ] Safepoint "Cleanup", Time since last: 1001402751 ns, Reaching safepoint: 1004583 ns, At safepoint: 13917 ns, Total: 1018500 ns
[2022-04-29T08:43:21.911+0000][157][safepoint   ] Safepoint "Cleanup", Time since last: 1001019625 ns, Reaching safepoint: 349125 ns, At safepoint: 14084 ns, Total: 363209 ns
[2022-04-29T08:43:22.921+0000][157][safepoint   ] Safepoint "Cleanup", Time since last: 1010056583 ns, Reaching safepoint: 87417 ns, At safepoint: 2792 ns, Total: 90209 ns
[2022-04-29T08:43:23.927+0000][157][safepoint   ] Safepoint "Cleanup", Time since last: 1003916833 ns, Reaching safepoint: 2603750 ns, At safepoint: 21875 ns, Total: 2625625 ns
[2022-04-29T08:43:25.942+0000][157][safepoint   ] Safepoint "Cleanup", Time since last: 2014676876 ns, Reaching safepoint: 129917 ns, At safepoint: 2542 ns, Total: 132459 ns
[2022-04-29T08:43:26.946+0000][157][safepoint   ] Safepoint "Cleanup", Time since last: 1003782417 ns, Reaching safepoint: 342167 ns, At safepoint: 14791 ns, Total: 356958 ns
[2022-04-29T08:43:27.951+0000][157][safepoint   ] Safepoint "Cleanup", Time since last: 1004030751 ns, Reaching safepoint: 710458 ns, At safepoint: 20417 ns, Total: 730875 ns
[2022-04-29T08:43:28.958+0000][157][safepoint   ] Safepoint "Cleanup", Time since last: 1006359292 ns, Reaching safepoint: 358667 ns, At safepoint: 14166 ns, Total: 372833 ns
[2022-04-29T08:43:30.965+0000][157][safepoint   ] Safepoint "Cleanup", Time since last: 2006615043 ns, Reaching safepoint: 288625 ns, At safepoint: 11292 ns, Total: 299917 ns
[2022-04-29T08:43:31.927+0000][157][safepoint   ] Safepoint "ICBufferFull", Time since last: 962420958 ns, Reaching safepoint: 153209 ns, At safepoint: 11666 ns, Total: 164875 ns
[2022-04-29T08:43:32.588+0000][157][safepoint   ] Safepoint "ICBufferFull", Time since last: 660036626 ns, Reaching safepoint: 227041 ns, At safepoint: 6250 ns, Total: 233291 ns
[2022-04-29T08:43:33.589+0000][157][safepoint   ] Safepoint "Cleanup", Time since last: 1001385751 ns, Reaching safepoint: 215833 ns, At safepoint: 11833 ns, Total: 227666 ns
[2022-04-29T08:43:34.593+0000][157][safepoint   ] Safepoint "Cleanup", Time since last: 1003227501 ns, Reaching safepoint: 409125 ns, At safepoint: 26708 ns, Total: 435833 ns
[2022-04-29T08:43:35.599+0000][157][safepoint   ] Safepoint "Cleanup", Time since last: 1005321001 ns, Reaching safepoint: 405875 ns, At safepoint: 8541 ns, Total: 414416 ns
[2022-04-29T08:43:37.609+0000][157][safepoint   ] Safepoint "Cleanup", Time since last: 2010437251 ns, Reaching safepoint: 164959 ns, At safepoint: 8583 ns, Total: 173542 ns
[2022-04-29T08:43:38.613+0000][157][safepoint   ] Safepoint "Cleanup", Time since last: 1003517750 ns, Reaching safepoint: 206417 ns, At safepoint: 10833 ns, Total: 217250 ns
[2022-04-29T08:43:39.618+0000][157][safepoint   ] Safepoint "Cleanup", Time since last: 1004519293 ns, Reaching safepoint: 663541 ns, At safepoint: 16917 ns, Total: 680458 ns
[2022-04-29T08:43:40.630+0000][157][safepoint   ] Safepoint "Cleanup", Time since last: 1011789375 ns, Reaching safepoint: 443375 ns, At safepoint: 59709 ns, Total: 503084 ns
[2022-04-29T08:43:42.635+0000][157][safepoint   ] Safepoint "Cleanup", Time since last: 2003738501 ns, Reaching safepoint: 393625 ns, At safepoint: 11208 ns, Total: 404833 ns
[2022-04-29T08:43:43.639+0000][157][safepoint   ] Safepoint "Cleanup", Time since last: 1003803417 ns, Reaching safepoint: 160542 ns, At safepoint: 23083 ns, Total: 183625 ns
[2022-04-29T08:43:44.647+0000][157][safepoint   ] Safepoint "Cleanup", Time since last: 1007704251 ns, Reaching safepoint: 401208 ns, At safepoint: 9125 ns, Total: 410333 ns
[2022-04-29T08:43:45.659+0000][157][safepoint   ] Safepoint "Cleanup", Time since last: 1011836001 ns, Reaching safepoint: 185125 ns, At safepoint: 6125 ns, Total: 191250 ns
[2022-04-29T08:43:46.666+0000][157][safepoint   ] Safepoint "Cleanup", Time since last: 1007056667 ns, Reaching safepoint: 332875 ns, At safepoint: 8666 ns, Total: 341541 ns
[2022-04-29T08:43:47.671+0000][157][safepoint   ] Safepoint "Cleanup", Time since last: 1004675876 ns, Reaching safepoint: 274000 ns, At safepoint: 19541 ns, Total: 293541 ns
[2022-04-29T08:43:48.675+0000][157][safepoint   ] Safepoint "Cleanup", Time since last: 1001729959 ns, Reaching safepoint: 93000 ns, At safepoint: 5917 ns, Total: 98917 ns
[2022-04-29T08:43:49.686+0000][157][safepoint   ] Safepoint "Cleanup", Time since last: 1011194792 ns, Reaching safepoint: 165791 ns, At safepoint: 5167 ns, Total: 170958 ns
[2022-04-29T08:43:50.688+0000][157][safepoint   ] Safepoint "Cleanup", Time since last: 1001622251 ns, Reaching safepoint: 168208 ns, At safepoint: 23417 ns, Total: 191625 ns
[2022-04-29T08:43:51.686+0000][157][safepoint   ] Safepoint "ICBufferFull", Time since last: 997859833 ns, Reaching safepoint: 204250 ns, At safepoint: 14375 ns, Total: 218625 ns
[2022-04-29T08:43:51.687+0000][157][safepoint   ] Safepoint "ICBufferFull", Time since last: 837709 ns, Reaching safepoint: 244583 ns, At safepoint: 19708 ns, Total: 264291 ns
[2022-04-29T08:43:51.690+0000][157][safepoint   ] Safepoint "ICBufferFull", Time since last: 2492000 ns, Reaching safepoint: 33667 ns, At safepoint: 1458 ns, Total: 35125 ns
[2022-04-29T08:43:52.565+0000][157][gc,start    ] GC(18) Pause Young (Normal) (G1 Evacuation Pause)
[2022-04-29T08:43:52.566+0000][157][gc,task     ] GC(18) Using 5 workers of 5 for evacuation
[2022-04-29T08:43:52.567+0000][157][gc,age      ] GC(18) Desired survivor size 20971520 bytes, new threshold 15 (max threshold 15)
[2022-04-29T08:43:52.576+0000][157][gc,age      ] GC(18) Age table with threshold 15 (max threshold 15)
[2022-04-29T08:43:52.578+0000][157][gc,age      ] GC(18) - age   1:    4133688 bytes,    4133688 total
[2022-04-29T08:43:52.579+0000][157][gc,age      ] GC(18) - age   2:    6082280 bytes,   10215968 total
[2022-04-29T08:43:52.580+0000][157][gc,age      ] GC(18) - age   3:    6823400 bytes,   17039368 total
[2022-04-29T08:43:52.581+0000][157][gc,age      ] GC(18) - age   4:     704496 bytes,   17743864 total
[2022-04-29T08:43:52.582+0000][157][gc,phases   ] GC(18)   Pre Evacuate Collection Set: 0.1ms
[2022-04-29T08:43:52.582+0000][157][gc,phases   ] GC(18)   Merge Heap Roots: 0.2ms
[2022-04-29T08:43:52.583+0000][157][gc,phases   ] GC(18)   Evacuate Collection Set: 6.4ms
[2022-04-29T08:43:52.586+0000][157][gc,phases   ] GC(18)   Post Evacuate Collection Set: 1.5ms
[2022-04-29T08:43:52.586+0000][157][gc,phases   ] GC(18)   Other: 8.8ms
[2022-04-29T08:43:52.587+0000][157][gc,heap     ] GC(18) Eden regions: 70->0(71)
[2022-04-29T08:43:52.588+0000][157][gc,heap     ] GC(18) Survivor regions: 5->5(10)
[2022-04-29T08:43:52.588+0000][157][gc,heap     ] GC(18) Old regions: 16->16
[2022-04-29T08:43:52.590+0000][157][gc,heap     ] GC(18) Archive regions: 2->2
[2022-04-29T08:43:52.591+0000][157][gc,heap     ] GC(18) Humongous regions: 6->6
[2022-04-29T08:43:52.592+0000][157][gc,metaspace] GC(18) Metaspace: 107511K(109248K)->107511K(109248K) NonClass: 92761K(93760K)->92761K(93760K) Class: 14749K(15488K)->14749K(15488K)
[2022-04-29T08:43:52.593+0000][157][gc          ] GC(18) Pause Young (Normal) (G1 Evacuation Pause) 387M->109M(512M) 28.081ms
[2022-04-29T08:43:52.593+0000][157][gc,cpu      ] GC(18) User=0.03s Sys=0.00s Real=0.03s
[2022-04-29T08:43:52.594+0000][157][safepoint   ] Safepoint "G1CollectForAllocation", Time since last: 874820793 ns, Reaching safepoint: 186625 ns, At safepoint: 29720541 ns, Total: 29907166 ns
[2022-04-29T08:43:53.599+0000][157][safepoint   ] Safepoint "Cleanup", Time since last: 1004672626 ns, Reaching safepoint: 328958 ns, At safepoint: 8542 ns, Total: 337500 ns
[2022-04-29T08:43:55.620+0000][157][safepoint   ] Safepoint "Cleanup", Time since last: 2020289917 ns, Reaching safepoint: 444750 ns, At safepoint: 17084 ns, Total: 461834 ns
[2022-04-29T08:43:55.971+0000][157][safepoint   ] Safepoint "ICBufferFull", Time since last: 350491208 ns, Reaching safepoint: 174375 ns, At safepoint: 4125 ns, Total: 178500 ns
[2022-04-29T08:43:56.972+0000][157][safepoint   ] Safepoint "Cleanup", Time since last: 1000900751 ns, Reaching safepoint: 229625 ns, At safepoint: 6458 ns, Total: 236083 ns
[2022-04-29T08:43:57.974+0000][157][safepoint   ] Safepoint "Cleanup", Time since last: 1001147792 ns, Reaching safepoint: 530917 ns, At safepoint: 8041 ns, Total: 538958 ns
[2022-04-29T08:43:58.983+0000][157][safepoint   ] Safepoint "Cleanup", Time since last: 1009378876 ns, Reaching safepoint: 251833 ns, At safepoint: 5667 ns, Total: 257500 ns
[2022-04-29T08:43:59.988+0000][157][safepoint   ] Safepoint "Cleanup", Time since last: 1002117334 ns, Reaching safepoint: 2808708 ns, At safepoint: 17167 ns, Total: 2825875 ns
[2022-04-29T08:44:00.994+0000][157][safepoint   ] Safepoint "Cleanup", Time since last: 1005418292 ns, Reaching safepoint: 250417 ns, At safepoint: 8166 ns, Total: 258583 ns
[2022-04-29T08:44:02.017+0000][157][safepoint   ] Safepoint "Cleanup", Time since last: 1022833042 ns, Reaching safepoint: 67584 ns, At safepoint: 2833 ns, Total: 70417 ns
[2022-04-29T08:44:03.024+0000][157][safepoint   ] Safepoint "Cleanup", Time since last: 1006354959 ns, Reaching safepoint: 854000 ns, At safepoint: 22875 ns, Total: 876875 ns
[2022-04-29T08:44:04.034+0000][157][safepoint   ] Safepoint "Cleanup", Time since last: 1008752500 ns, Reaching safepoint: 1136917 ns, At safepoint: 15792 ns, Total: 1152709 ns
[2022-04-29T08:44:05.041+0000][157][safepoint   ] Safepoint "Cleanup", Time since last: 1006995125 ns, Reaching safepoint: 288167 ns, At safepoint: 13583 ns, Total: 301750 ns
[2022-04-29T08:44:06.049+0000][157][safepoint   ] Safepoint "Cleanup", Time since last: 1007324167 ns, Reaching safepoint: 366500 ns, At safepoint: 11750 ns, Total: 378250 ns
[2022-04-29T08:44:08.060+0000][157][safepoint   ] Safepoint "Cleanup", Time since last: 2011498168 ns, Reaching safepoint: 177750 ns, At safepoint: 4333 ns, Total: 182083 ns
[2022-04-29T08:44:09.062+0000][157][safepoint   ] Safepoint "Cleanup", Time since last: 1001031876 ns, Reaching safepoint: 116666 ns, At safepoint: 6792 ns, Total: 123458 ns
[2022-04-29T08:44:10.063+0000][157][safepoint   ] Safepoint "Cleanup", Time since last: 1000920501 ns, Reaching safepoint: 628375 ns, At safepoint: 58083 ns, Total: 686458 ns
[2022-04-29T08:44:11.074+0000][157][safepoint   ] Safepoint "Cleanup", Time since last: 1010175000 ns, Reaching safepoint: 282042 ns, At safepoint: 7083 ns, Total: 289125 ns
[2022-04-29T08:44:13.080+0000][157][safepoint   ] Safepoint "Cleanup", Time since last: 2004949918 ns, Reaching safepoint: 1221083 ns, At safepoint: 48500 ns, Total: 1269583 ns
[2022-04-29T08:44:13.851+0000][157][safepoint   ] Safepoint "ICBufferFull", Time since last: 770824334 ns, Reaching safepoint: 180750 ns, At safepoint: 20417 ns, Total: 201167 ns
[2022-04-29T08:44:14.019+0000][157][safepoint   ] Safepoint "ICBufferFull", Time since last: 168219083 ns, Reaching safepoint: 196625 ns, At safepoint: 4375 ns, Total: 201000 ns
[2022-04-29T08:44:14.503+0000][157][safepoint   ] Safepoint "ICBufferFull", Time since last: 483142417 ns, Reaching safepoint: 190500 ns, At safepoint: 9917 ns, Total: 200417 ns
[2022-04-29T08:44:15.504+0000][157][safepoint   ] Safepoint "Cleanup", Time since last: 1001041042 ns, Reaching safepoint: 454125 ns, At safepoint: 40166 ns, Total: 494291 ns
[2022-04-29T08:44:16.508+0000][157][safepoint   ] Safepoint "Cleanup", Time since last: 1002859584 ns, Reaching safepoint: 578875 ns, At safepoint: 15292 ns, Total: 594167 ns
[2022-04-29T08:44:17.517+0000][157][safepoint   ] Safepoint "Cleanup", Time since last: 1009089750 ns, Reaching safepoint: 394209 ns, At safepoint: 11375 ns, Total: 405584 ns
[2022-04-29T08:44:18.521+0000][157][safepoint   ] Safepoint "Cleanup", Time since last: 1005256916 ns, Reaching safepoint: 574500 ns, At safepoint: 8834 ns, Total: 583334 ns
[2022-04-29T08:44:19.976+0000][157][safepoint   ] Safepoint "ICBufferFull", Time since last: 1454878542 ns, Reaching safepoint: 137333 ns, At safepoint: 15417 ns, Total: 152750 ns
[2022-04-29T08:44:20.978+0000][157][safepoint   ] Safepoint "Cleanup", Time since last: 1001845084 ns, Reaching safepoint: 168500 ns, At safepoint: 15375 ns, Total: 183875 ns
[2022-04-29T08:44:22.996+0000][157][safepoint   ] Safepoint "Cleanup", Time since last: 2016945292 ns, Reaching safepoint: 678084 ns, At safepoint: 26208 ns, Total: 704292 ns
[2022-04-29T08:44:25.991+0000][157][safepoint   ] Safepoint "ICBufferFull", Time since last: 2994946835 ns, Reaching safepoint: 191958 ns, At safepoint: 6875 ns, Total: 198833 ns
[2022-04-29T08:44:26.994+0000][157][safepoint   ] Safepoint "Cleanup", Time since last: 1002467334 ns, Reaching safepoint: 444167 ns, At safepoint: 12375 ns, Total: 456542 ns
[2022-04-29T08:44:28.002+0000][157][safepoint   ] Safepoint "Cleanup", Time since last: 1007213042 ns, Reaching safepoint: 615666 ns, At safepoint: 8667 ns, Total: 624333 ns
[2022-04-29T08:44:29.010+0000][157][safepoint   ] Safepoint "Cleanup", Time since last: 1007941459 ns, Reaching safepoint: 214292 ns, At safepoint: 6041 ns, Total: 220333 ns
[2022-04-29T08:44:31.036+0000][157][safepoint   ] Safepoint "Cleanup", Time since last: 2026241251 ns, Reaching safepoint: 313875 ns, At safepoint: 11334 ns, Total: 325209 ns
[2022-04-29T08:44:32.039+0000][157][safepoint   ] Safepoint "Cleanup", Time since last: 1002802375 ns, Reaching safepoint: 193667 ns, At safepoint: 7125 ns, Total: 200792 ns
[2022-04-29T08:44:33.043+0000][157][safepoint   ] Safepoint "Cleanup", Time since last: 1003016542 ns, Reaching safepoint: 284541 ns, At safepoint: 22709 ns, Total: 307250 ns
[2022-04-29T08:44:34.048+0000][157][safepoint   ] Safepoint "Cleanup", Time since last: 1004794625 ns, Reaching safepoint: 259084 ns, At safepoint: 7666 ns, Total: 266750 ns
[2022-04-29T08:44:35.054+0000][157][safepoint   ] Safepoint "Cleanup", Time since last: 1005731542 ns, Reaching safepoint: 331542 ns, At safepoint: 11875 ns, Total: 343417 ns
[2022-04-29T08:44:36.057+0000][157][safepoint   ] Safepoint "Cleanup", Time since last: 1002484542 ns, Reaching safepoint: 364084 ns, At safepoint: 13291 ns, Total: 377375 ns
[2022-04-29T08:44:38.061+0000][157][safepoint   ] Safepoint "Cleanup", Time since last: 2004458751 ns, Reaching safepoint: 218334 ns, At safepoint: 5000 ns, Total: 223334 ns
[2022-04-29T08:44:40.066+0000][157][safepoint   ] Safepoint "Cleanup", Time since last: 2003339459 ns, Reaching safepoint: 792292 ns, At safepoint: 12166 ns, Total: 804458 ns
[2022-04-29T08:44:41.080+0000][157][safepoint   ] Safepoint "Cleanup", Time since last: 1014649459 ns, Reaching safepoint: 154542 ns, At safepoint: 6541 ns, Total: 161083 ns
[2022-04-29T08:44:43.086+0000][157][safepoint   ] Safepoint "Cleanup", Time since last: 2004956751 ns, Reaching safepoint: 481542 ns, At safepoint: 9042 ns, Total: 490584 ns
[2022-04-29T08:44:44.092+0000][157][safepoint   ] Safepoint "Cleanup", Time since last: 1005522250 ns, Reaching safepoint: 237958 ns, At safepoint: 7084 ns, Total: 245042 ns
[2022-04-29T08:44:45.098+0000][157][safepoint   ] Safepoint "Cleanup", Time since last: 1006029209 ns, Reaching safepoint: 220333 ns, At safepoint: 12917 ns, Total: 233250 ns
[2022-04-29T08:44:47.103+0000][157][safepoint   ] Safepoint "Cleanup", Time since last: 2005170501 ns, Reaching safepoint: 204541 ns, At safepoint: 6209 ns, Total: 210750 ns
[2022-04-29T08:44:47.648+0000][157][safepoint   ] Safepoint "ICBufferFull", Time since last: 544866250 ns, Reaching safepoint: 289625 ns, At safepoint: 4333 ns, Total: 293958 ns
[2022-04-29T08:44:48.654+0000][157][safepoint   ] Safepoint "Cleanup", Time since last: 1003302125 ns, Reaching safepoint: 289416 ns, At safepoint: 23042 ns, Total: 312458 ns
[2022-04-29T08:44:49.658+0000][157][safepoint   ] Safepoint "Cleanup", Time since last: 1004547875 ns, Reaching safepoint: 57542 ns, At safepoint: 2625 ns, Total: 60167 ns
[2022-04-29T08:44:50.659+0000][157][safepoint   ] Safepoint "Cleanup", Time since last: 1001084126 ns, Reaching safepoint: 152875 ns, At safepoint: 4791 ns, Total: 157666 ns
[2022-04-29T08:44:52.663+0000][157][safepoint   ] Safepoint "Cleanup", Time since last: 2003536960 ns, Reaching safepoint: 177500 ns, At safepoint: 14833 ns, Total: 192333 ns
[2022-04-29T08:44:53.665+0000][157][safepoint   ] Safepoint "Cleanup", Time since last: 1001472584 ns, Reaching safepoint: 578916 ns, At safepoint: 12084 ns, Total: 591000 ns
[2022-04-29T08:44:55.675+0000][157][safepoint   ] Safepoint "Cleanup", Time since last: 2009757584 ns, Reaching safepoint: 141125 ns, At safepoint: 4458 ns, Total: 145583 ns
[2022-04-29T08:44:56.678+0000][157][safepoint   ] Safepoint "Cleanup", Time since last: 1002739584 ns, Reaching safepoint: 301750 ns, At safepoint: 10625 ns, Total: 312375 ns
[2022-04-29T08:44:57.689+0000][157][safepoint   ] Safepoint "Cleanup", Time since last: 1010408584 ns, Reaching safepoint: 391917 ns, At safepoint: 6833 ns, Total: 398750 ns
[2022-04-29T08:44:58.693+0000][157][safepoint   ] Safepoint "Cleanup", Time since last: 1004225042 ns, Reaching safepoint: 248292 ns, At safepoint: 7000 ns, Total: 255292 ns
[2022-04-29T08:45:00.700+0000][157][safepoint   ] Safepoint "Cleanup", Time since last: 2006416417 ns, Reaching safepoint: 458834 ns, At safepoint: 15875 ns, Total: 474709 ns
[2022-04-29T08:45:01.715+0000][157][safepoint   ] Safepoint "Cleanup", Time since last: 1014586334 ns, Reaching safepoint: 71208 ns, At safepoint: 4750 ns, Total: 75958 ns
[2022-04-29T08:45:02.719+0000][157][safepoint   ] Safepoint "Cleanup", Time since last: 1003686292 ns, Reaching safepoint: 227000 ns, At safepoint: 4792 ns, Total: 231792 ns
[2022-04-29T08:45:04.019+0000][157][safepoint   ] Safepoint "Cleanup", Time since last: 1299816209 ns, Reaching safepoint: 438291 ns, At safepoint: 21334 ns, Total: 459625 ns
[2022-04-29T08:45:05.021+0000][157][safepoint   ] Safepoint "Cleanup", Time since last: 1001916333 ns, Reaching safepoint: 265334 ns, At safepoint: 12458 ns, Total: 277792 ns
[2022-04-29T08:45:06.031+0000][157][safepoint   ] Safepoint "Cleanup", Time since last: 1009126751 ns, Reaching safepoint: 508708 ns, At safepoint: 18875 ns, Total: 527583 ns
[2022-04-29T08:45:07.989+0000][157][gc,start    ] GC(19) Pause Young (Normal) (G1 Evacuation Pause)
[2022-04-29T08:45:07.990+0000][157][gc,task     ] GC(19) Using 5 workers of 5 for evacuation
[2022-04-29T08:45:07.991+0000][157][gc,age      ] GC(19) Desired survivor size 20971520 bytes, new threshold 15 (max threshold 15)
[2022-04-29T08:45:07.999+0000][157][gc,age      ] GC(19) Age table with threshold 15 (max threshold 15)
[2022-04-29T08:45:08.001+0000][157][gc,age      ] GC(19) - age   1:    2400832 bytes,    2400832 total
[2022-04-29T08:45:08.002+0000][157][gc,age      ] GC(19) - age   2:    2594800 bytes,    4995632 total
[2022-04-29T08:45:08.003+0000][157][gc,age      ] GC(19) - age   3:    6081360 bytes,   11076992 total
[2022-04-29T08:45:08.004+0000][157][gc,age      ] GC(19) - age   4:    6796424 bytes,   17873416 total
[2022-04-29T08:45:08.004+0000][157][gc,age      ] GC(19) - age   5:     704496 bytes,   18577912 total
[2022-04-29T08:45:08.005+0000][157][gc,phases   ] GC(19)   Pre Evacuate Collection Set: 0.2ms
[2022-04-29T08:45:08.006+0000][157][gc,phases   ] GC(19)   Merge Heap Roots: 0.1ms
[2022-04-29T08:45:08.008+0000][157][gc,phases   ] GC(19)   Evacuate Collection Set: 5.7ms
[2022-04-29T08:45:08.009+0000][157][gc,phases   ] GC(19)   Post Evacuate Collection Set: 1.2ms
[2022-04-29T08:45:08.009+0000][157][gc,phases   ] GC(19)   Other: 9.0ms
[2022-04-29T08:45:08.010+0000][157][gc,heap     ] GC(19) Eden regions: 71->0(71)
[2022-04-29T08:45:08.011+0000][157][gc,heap     ] GC(19) Survivor regions: 5->5(10)
[2022-04-29T08:45:08.011+0000][157][gc,heap     ] GC(19) Old regions: 16->16
[2022-04-29T08:45:08.012+0000][157][gc,heap     ] GC(19) Archive regions: 2->2
[2022-04-29T08:45:08.012+0000][157][gc,heap     ] GC(19) Humongous regions: 6->6
[2022-04-29T08:45:08.013+0000][157][gc,metaspace] GC(19) Metaspace: 108955K(110784K)->108955K(110784K) NonClass: 94113K(95168K)->94113K(95168K) Class: 14841K(15616K)->14841K(15616K)
[2022-04-29T08:45:08.013+0000][157][gc          ] GC(19) Pause Young (Normal) (G1 Evacuation Pause) 393M->109M(512M) 24.142ms
[2022-04-29T08:45:08.014+0000][157][gc,cpu      ] GC(19) User=0.03s Sys=0.00s Real=0.02s
[2022-04-29T08:45:08.015+0000][157][safepoint   ] Safepoint "G1CollectForAllocation", Time since last: 1957903709 ns, Reaching safepoint: 169250 ns, At safepoint: 25643500 ns, Total: 25812750 ns
[2022-04-29T08:45:09.019+0000][157][safepoint   ] Safepoint "Cleanup", Time since last: 1003934376 ns, Reaching safepoint: 109375 ns, At safepoint: 3208 ns, Total: 112583 ns
[2022-04-29T08:45:11.022+0000][157][safepoint   ] Safepoint "Cleanup", Time since last: 2002008918 ns, Reaching safepoint: 703375 ns, At safepoint: 13583 ns, Total: 716958 ns
[2022-04-29T08:45:13.036+0000][157][safepoint   ] Safepoint "Cleanup", Time since last: 2011433376 ns, Reaching safepoint: 2948833 ns, At safepoint: 11834 ns, Total: 2960667 ns
[2022-04-29T08:45:14.040+0000][157][safepoint   ] Safepoint "Cleanup", Time since last: 1003848750 ns, Reaching safepoint: 113625 ns, At safepoint: 3417 ns, Total: 117042 ns
[2022-04-29T08:45:15.041+0000][157][safepoint   ] Safepoint "Cleanup", Time since last: 1001246625 ns, Reaching safepoint: 324375 ns, At safepoint: 9709 ns, Total: 334084 ns
[2022-04-29T08:45:16.044+0000][157][safepoint   ] Safepoint "Cleanup", Time since last: 1002429208 ns, Reaching safepoint: 312334 ns, At safepoint: 8000 ns, Total: 320334 ns
[2022-04-29T08:45:17.049+0000][157][safepoint   ] Safepoint "Cleanup", Time since last: 1004593375 ns, Reaching safepoint: 495125 ns, At safepoint: 8917 ns, Total: 504042 ns
[2022-04-29T08:45:18.060+0000][157][safepoint   ] Safepoint "Cleanup", Time since last: 1010093167 ns, Reaching safepoint: 256542 ns, At safepoint: 13708 ns, Total: 270250 ns
[2022-04-29T08:45:20.073+0000][157][safepoint   ] Safepoint "Cleanup", Time since last: 2011445208 ns, Reaching safepoint: 189542 ns, At safepoint: 4042 ns, Total: 193584 ns
[2022-04-29T08:45:21.075+0000][157][safepoint   ] Safepoint "Cleanup", Time since last: 1002216125 ns, Reaching safepoint: 260875 ns, At safepoint: 7625 ns, Total: 268500 ns
[2022-04-29T08:45:22.083+0000][157][safepoint   ] Safepoint "Cleanup", Time since last: 1007008167 ns, Reaching safepoint: 381750 ns, At safepoint: 12709 ns, Total: 394459 ns
[2022-04-29T08:45:23.089+0000][157][safepoint   ] Safepoint "Cleanup", Time since last: 1005644292 ns, Reaching safepoint: 261583 ns, At safepoint: 9500 ns, Total: 271083 ns
[2022-04-29T08:45:24.100+0000][157][safepoint   ] Safepoint "Cleanup", Time since last: 1008877251 ns, Reaching safepoint: 2225791 ns, At safepoint: 15000 ns, Total: 2240791 ns
[2022-04-29T08:45:25.108+0000][157][safepoint   ] Safepoint "Cleanup", Time since last: 1007408376 ns, Reaching safepoint: 277333 ns, At safepoint: 8125 ns, Total: 285458 ns
[2022-04-29T08:45:26.115+0000][157][safepoint   ] Safepoint "Cleanup", Time since last: 1007347876 ns, Reaching safepoint: 193458 ns, At safepoint: 7125 ns, Total: 200583 ns
[2022-04-29T08:45:27.121+0000][157][safepoint   ] Safepoint "Cleanup", Time since last: 1005129417 ns, Reaching safepoint: 300500 ns, At safepoint: 6417 ns, Total: 306917 ns
[2022-04-29T08:45:28.130+0000][157][safepoint   ] Safepoint "Cleanup", Time since last: 1009582708 ns, Reaching safepoint: 240000 ns, At safepoint: 5959 ns, Total: 245959 ns
[2022-04-29T08:45:29.137+0000][157][safepoint   ] Safepoint "Cleanup", Time since last: 1006036625 ns, Reaching safepoint: 187334 ns, At safepoint: 5791 ns, Total: 193125 ns
[2022-04-29T08:45:30.139+0000][157][safepoint   ] Safepoint "Cleanup", Time since last: 1002181876 ns, Reaching safepoint: 694000 ns, At safepoint: 8000 ns, Total: 702000 ns
[2022-04-29T08:45:32.152+0000][157][safepoint   ] Safepoint "Cleanup", Time since last: 2012693001 ns, Reaching safepoint: 315583 ns, At safepoint: 6875 ns, Total: 322458 ns
[2022-04-29T08:45:33.155+0000][157][safepoint   ] Safepoint "Cleanup", Time since last: 1002110126 ns, Reaching safepoint: 154166 ns, At safepoint: 11750 ns, Total: 165916 ns
[2022-04-29T08:45:34.156+0000][157][safepoint   ] Safepoint "Cleanup", Time since last: 1001133792 ns, Reaching safepoint: 120834 ns, At safepoint: 12250 ns, Total: 133084 ns
[2022-04-29T08:45:35.165+0000][157][safepoint   ] Safepoint "Cleanup", Time since last: 1006518542 ns, Reaching safepoint: 2898208 ns, At safepoint: 16708 ns, Total: 2914916 ns
[2022-04-29T08:45:38.179+0000][157][safepoint   ] Safepoint "Cleanup", Time since last: 3012644294 ns, Reaching safepoint: 435416 ns, At safepoint: 14584 ns, Total: 450000 ns
[2022-04-29T08:45:40.186+0000][157][safepoint   ] Safepoint "Cleanup", Time since last: 2006714834 ns, Reaching safepoint: 281250 ns, At safepoint: 12708 ns, Total: 293958 ns
[2022-04-29T08:45:41.196+0000][157][safepoint   ] Safepoint "Cleanup", Time since last: 1009412459 ns, Reaching safepoint: 1353417 ns, At safepoint: 14541 ns, Total: 1367958 ns
[2022-04-29T08:45:43.207+0000][157][safepoint   ] Safepoint "Cleanup", Time since last: 2008159418 ns, Reaching safepoint: 2942500 ns, At safepoint: 23250 ns, Total: 2965750 ns
[2022-04-29T08:45:44.228+0000][157][safepoint   ] Safepoint "Cleanup", Time since last: 1020319959 ns, Reaching safepoint: 290916 ns, At safepoint: 11209 ns, Total: 302125 ns
[2022-04-29T08:45:45.234+0000][157][safepoint   ] Safepoint "Cleanup", Time since last: 1006135500 ns, Reaching safepoint: 271709 ns, At safepoint: 7416 ns, Total: 279125 ns
[2022-04-29T08:45:46.237+0000][157][safepoint   ] Safepoint "Cleanup", Time since last: 1002406417 ns, Reaching safepoint: 407334 ns, At safepoint: 8125 ns, Total: 415459 ns
[2022-04-29T08:45:47.246+0000][157][safepoint   ] Safepoint "Cleanup", Time since last: 1007513334 ns, Reaching safepoint: 671041 ns, At safepoint: 44542 ns, Total: 715583 ns
[2022-04-29T08:45:48.256+0000][157][safepoint   ] Safepoint "Cleanup", Time since last: 1009982250 ns, Reaching safepoint: 466292 ns, At safepoint: 10458 ns, Total: 476750 ns
[2022-04-29T08:45:49.254+0000][157][safepoint   ] Safepoint "Cleanup", Time since last: 1006139667 ns, Reaching safepoint: 442750 ns, At safepoint: 8708 ns, Total: 451458 ns
[2022-04-29T08:45:50.270+0000][157][safepoint   ] Safepoint "Cleanup", Time since last: 1015793542 ns, Reaching safepoint: 335500 ns, At safepoint: 6750 ns, Total: 342250 ns
[2022-04-29T08:45:51.276+0000][157][safepoint   ] Safepoint "Cleanup", Time since last: 1005828543 ns, Reaching safepoint: 131666 ns, At safepoint: 5667 ns, Total: 137333 ns
[2022-04-29T08:45:53.286+0000][157][safepoint   ] Safepoint "Cleanup", Time since last: 2009473209 ns, Reaching safepoint: 441792 ns, At safepoint: 9458 ns, Total: 451250 ns
[2022-04-29T08:45:54.310+0000][157][safepoint   ] Safepoint "Cleanup", Time since last: 1023527417 ns, Reaching safepoint: 497667 ns, At safepoint: 12792 ns, Total: 510459 ns
[2022-04-29T08:45:55.326+0000][157][safepoint   ] Safepoint "Cleanup", Time since last: 1015748542 ns, Reaching safepoint: 258625 ns, At safepoint: 11166 ns, Total: 269791 ns
[2022-04-29T08:45:56.344+0000][157][safepoint   ] Safepoint "Cleanup", Time since last: 1018474459 ns, Reaching safepoint: 127709 ns, At safepoint: 103791 ns, Total: 231500 ns
[2022-04-29T08:45:57.350+0000][157][safepoint   ] Safepoint "Cleanup", Time since last: 1005949459 ns, Reaching safepoint: 166208 ns, At safepoint: 6084 ns, Total: 172292 ns
[2022-04-29T08:45:58.354+0000][157][safepoint   ] Safepoint "Cleanup", Time since last: 1003434750 ns, Reaching safepoint: 115542 ns, At safepoint: 12417 ns, Total: 127959 ns
[2022-04-29T08:45:59.359+0000][157][safepoint   ] Safepoint "Cleanup", Time since last: 1004293875 ns, Reaching safepoint: 336542 ns, At safepoint: 14708 ns, Total: 351250 ns
[2022-04-29T08:46:00.372+0000][157][safepoint   ] Safepoint "Cleanup", Time since last: 1012903417 ns, Reaching safepoint: 174834 ns, At safepoint: 5916 ns, Total: 180750 ns
[2022-04-29T08:46:02.389+0000][157][safepoint   ] Safepoint "Cleanup", Time since last: 2016980501 ns, Reaching safepoint: 222334 ns, At safepoint: 7125 ns, Total: 229459 ns
[2022-04-29T08:46:03.396+0000][157][safepoint   ] Safepoint "Cleanup", Time since last: 1007018583 ns, Reaching safepoint: 217709 ns, At safepoint: 6541 ns, Total: 224250 ns
[2022-04-29T08:46:05.407+0000][157][safepoint   ] Safepoint "Cleanup", Time since last: 2009782918 ns, Reaching safepoint: 541625 ns, At safepoint: 25333 ns, Total: 566958 ns
[2022-04-29T08:46:06.416+0000][157][safepoint   ] Safepoint "Cleanup", Time since last: 1009167417 ns, Reaching safepoint: 268917 ns, At safepoint: 6417 ns, Total: 275334 ns
[2022-04-29T08:46:07.419+0000][157][safepoint   ] Safepoint "Cleanup", Time since last: 1003152834 ns, Reaching safepoint: 233708 ns, At safepoint: 8083 ns, Total: 241791 ns
[2022-04-29T08:46:08.928+0000][157][safepoint   ] Safepoint "Cleanup", Time since last: 1508562376 ns, Reaching safepoint: 301958 ns, At safepoint: 6542 ns, Total: 308500 ns
[2022-04-29T08:46:10.937+0000][157][safepoint   ] Safepoint "Cleanup", Time since last: 2007862293 ns, Reaching safepoint: 456875 ns, At safepoint: 9500 ns, Total: 466375 ns
[2022-04-29T08:46:12.944+0000][157][safepoint   ] Safepoint "Cleanup", Time since last: 2006892334 ns, Reaching safepoint: 206250 ns, At safepoint: 7250 ns, Total: 213500 ns
[2022-04-29T08:46:13.948+0000][157][safepoint   ] Safepoint "Cleanup", Time since last: 1004345292 ns, Reaching safepoint: 166167 ns, At safepoint: 4833 ns, Total: 171000 ns
[2022-04-29T08:46:14.952+0000][157][safepoint   ] Safepoint "Cleanup", Time since last: 1004105167 ns, Reaching safepoint: 107042 ns, At safepoint: 2833 ns, Total: 109875 ns
[2022-04-29T08:46:15.954+0000][157][safepoint   ] Safepoint "Cleanup", Time since last: 1001533959 ns, Reaching safepoint: 214083 ns, At safepoint: 8667 ns, Total: 222750 ns
[2022-04-29T08:46:16.969+0000][157][safepoint   ] Safepoint "Cleanup", Time since last: 1014594542 ns, Reaching safepoint: 612750 ns, At safepoint: 24000 ns, Total: 636750 ns
[2022-04-29T08:46:17.982+0000][157][safepoint   ] Safepoint "Cleanup", Time since last: 1012478501 ns, Reaching safepoint: 342791 ns, At safepoint: 80042 ns, Total: 422833 ns
[2022-04-29T08:46:19.995+0000][157][safepoint   ] Safepoint "Cleanup", Time since last: 2007176126 ns, Reaching safepoint: 132916 ns, At safepoint: 5417 ns, Total: 138333 ns
[2022-04-29T08:46:20.996+0000][157][safepoint   ] Safepoint "Cleanup", Time since last: 1000823542 ns, Reaching safepoint: 101458 ns, At safepoint: 7000 ns, Total: 108458 ns
[2022-04-29T08:46:22.003+0000][157][safepoint   ] Safepoint "Cleanup", Time since last: 1006455251 ns, Reaching safepoint: 164083 ns, At safepoint: 6209 ns, Total: 170292 ns
[2022-04-29T08:46:23.010+0000][157][safepoint   ] Safepoint "Cleanup", Time since last: 1007036667 ns, Reaching safepoint: 215875 ns, At safepoint: 7375 ns, Total: 223250 ns
[2022-04-29T08:46:26.026+0000][157][safepoint   ] Safepoint "Cleanup", Time since last: 3016345334 ns, Reaching safepoint: 131875 ns, At safepoint: 15625 ns, Total: 147500 ns
[2022-04-29T08:46:26.507+0000][157][gc,start    ] GC(20) Pause Young (Normal) (G1 Evacuation Pause)
[2022-04-29T08:46:26.507+0000][157][gc,task     ] GC(20) Using 5 workers of 5 for evacuation
[2022-04-29T08:46:26.509+0000][157][gc,age      ] GC(20) Desired survivor size 20971520 bytes, new threshold 15 (max threshold 15)
[2022-04-29T08:46:26.518+0000][157][gc,age      ] GC(20) Age table with threshold 15 (max threshold 15)
[2022-04-29T08:46:26.519+0000][157][gc,age      ] GC(20) - age   1:     615008 bytes,     615008 total
[2022-04-29T08:46:26.520+0000][157][gc,age      ] GC(20) - age   2:     503312 bytes,    1118320 total
[2022-04-29T08:46:26.521+0000][157][gc,age      ] GC(20) - age   3:    2593152 bytes,    3711472 total
[2022-04-29T08:46:26.523+0000][157][gc,age      ] GC(20) - age   4:    6081360 bytes,    9792832 total
[2022-04-29T08:46:26.524+0000][157][gc,age      ] GC(20) - age   5:    6796424 bytes,   16589256 total
[2022-04-29T08:46:26.525+0000][157][gc,age      ] GC(20) - age   6:     704496 bytes,   17293752 total
[2022-04-29T08:46:26.526+0000][157][gc,phases   ] GC(20)   Pre Evacuate Collection Set: 0.1ms
[2022-04-29T08:46:26.526+0000][157][gc,phases   ] GC(20)   Merge Heap Roots: 0.2ms
[2022-04-29T08:46:26.527+0000][157][gc,phases   ] GC(20)   Evacuate Collection Set: 6.9ms
[2022-04-29T08:46:26.528+0000][157][gc,phases   ] GC(20)   Post Evacuate Collection Set: 1.0ms
[2022-04-29T08:46:26.529+0000][157][gc,phases   ] GC(20)   Other: 10.8ms
[2022-04-29T08:46:26.529+0000][157][gc,heap     ] GC(20) Eden regions: 71->0(71)
[2022-04-29T08:46:26.530+0000][157][gc,heap     ] GC(20) Survivor regions: 5->5(10)
[2022-04-29T08:46:26.531+0000][157][gc,heap     ] GC(20) Old regions: 16->16
[2022-04-29T08:46:26.531+0000][157][gc,heap     ] GC(20) Archive regions: 2->2
[2022-04-29T08:46:26.532+0000][157][gc,heap     ] GC(20) Humongous regions: 6->6
[2022-04-29T08:46:26.532+0000][157][gc,metaspace] GC(20) Metaspace: 109657K(111424K)->109657K(111424K) NonClass: 94812K(95808K)->94812K(95808K) Class: 14844K(15616K)->14844K(15616K)
[2022-04-29T08:46:26.533+0000][157][gc          ] GC(20) Pause Young (Normal) (G1 Evacuation Pause) 393M->108M(512M) 26.359ms
[2022-04-29T08:46:26.534+0000][157][gc,cpu      ] GC(20) User=0.03s Sys=0.00s Real=0.02s
[2022-04-29T08:46:26.534+0000][157][safepoint   ] Safepoint "G1CollectForAllocation", Time since last: 480083751 ns, Reaching safepoint: 155958 ns, At safepoint: 27823083 ns, Total: 27979041 ns
[2022-04-29T08:46:27.538+0000][157][safepoint   ] Safepoint "Cleanup", Time since last: 1003045709 ns, Reaching safepoint: 744875 ns, At safepoint: 14667 ns, Total: 759542 ns
[2022-04-29T08:46:28.547+0000][157][safepoint   ] Safepoint "Cleanup", Time since last: 1008523209 ns, Reaching safepoint: 297458 ns, At safepoint: 10583 ns, Total: 308041 ns
[2022-04-29T08:46:29.558+0000][157][safepoint   ] Safepoint "Cleanup", Time since last: 1011007667 ns, Reaching safepoint: 271709 ns, At safepoint: 72208 ns, Total: 343917 ns
[2022-04-29T08:46:30.570+0000][157][safepoint   ] Safepoint "Cleanup", Time since last: 1011440834 ns, Reaching safepoint: 213833 ns, At safepoint: 11875 ns, Total: 225708 ns
[2022-04-29T08:46:32.577+0000][157][safepoint   ] Safepoint "Cleanup", Time since last: 2006682418 ns, Reaching safepoint: 717458 ns, At safepoint: 17750 ns, Total: 735208 ns
[2022-04-29T08:46:33.583+0000][157][safepoint   ] Safepoint "Cleanup", Time since last: 1005391084 ns, Reaching safepoint: 366208 ns, At safepoint: 13125 ns, Total: 379333 ns
[2022-04-29T08:46:35.595+0000][157][safepoint   ] Safepoint "Cleanup", Time since last: 2011292585 ns, Reaching safepoint: 410791 ns, At safepoint: 18459 ns, Total: 429250 ns
[2022-04-29T08:46:37.610+0000][157][safepoint   ] Safepoint "Cleanup", Time since last: 2014724501 ns, Reaching safepoint: 413250 ns, At safepoint: 35250 ns, Total: 448500 ns
[2022-04-29T08:46:38.617+0000][157][safepoint   ] Safepoint "Cleanup", Time since last: 1006308667 ns, Reaching safepoint: 386500 ns, At safepoint: 7833 ns, Total: 394333 ns
[2022-04-29T08:46:39.620+0000][157][safepoint   ] Safepoint "Cleanup", Time since last: 1003057209 ns, Reaching safepoint: 292667 ns, At safepoint: 14791 ns, Total: 307458 ns
[2022-04-29T08:46:40.625+0000][157][safepoint   ] Safepoint "Cleanup", Time since last: 1004139209 ns, Reaching safepoint: 1103833 ns, At safepoint: 26500 ns, Total: 1130333 ns
[2022-04-29T08:46:42.628+0000][157][safepoint   ] Safepoint "Cleanup", Time since last: 2002116335 ns, Reaching safepoint: 380583 ns, At safepoint: 13125 ns, Total: 393708 ns
[2022-04-29T08:46:43.635+0000][157][safepoint   ] Safepoint "Cleanup", Time since last: 1005625376 ns, Reaching safepoint: 1207416 ns, At safepoint: 20750 ns, Total: 1228166 ns
[2022-04-29T08:46:44.644+0000][157][safepoint   ] Safepoint "Cleanup", Time since last: 1008529834 ns, Reaching safepoint: 303667 ns, At safepoint: 7875 ns, Total: 311542 ns
[2022-04-29T08:46:45.646+0000][157][safepoint   ] Safepoint "Cleanup", Time since last: 1002022917 ns, Reaching safepoint: 721500 ns, At safepoint: 11958 ns, Total: 733458 ns
[2022-04-29T08:46:46.650+0000][157][safepoint   ] Safepoint "Cleanup", Time since last: 1003361792 ns, Reaching safepoint: 136959 ns, At safepoint: 5875 ns, Total: 142834 ns
[2022-04-29T08:46:47.653+0000][157][safepoint   ] Safepoint "Cleanup", Time since last: 1003175042 ns, Reaching safepoint: 268416 ns, At safepoint: 17542 ns, Total: 285958 ns
[2022-04-29T08:46:49.668+0000][157][safepoint   ] Safepoint "Cleanup", Time since last: 2012789167 ns, Reaching safepoint: 873583 ns, At safepoint: 10583 ns, Total: 884166 ns
[2022-04-29T08:46:50.671+0000][157][safepoint   ] Safepoint "Cleanup", Time since last: 1002428293 ns, Reaching safepoint: 373375 ns, At safepoint: 16708 ns, Total: 390083 ns
[2022-04-29T08:46:51.674+0000][157][safepoint   ] Safepoint "Cleanup", Time since last: 1002650084 ns, Reaching safepoint: 255958 ns, At safepoint: 8625 ns, Total: 264583 ns
[2022-04-29T08:46:52.684+0000][157][safepoint   ] Safepoint "Cleanup", Time since last: 1009518042 ns, Reaching safepoint: 248125 ns, At safepoint: 19250 ns, Total: 267375 ns
[2022-04-29T08:46:54.689+0000][157][safepoint   ] Safepoint "Cleanup", Time since last: 2004739084 ns, Reaching safepoint: 96750 ns, At safepoint: 5542 ns, Total: 102292 ns
[2022-04-29T08:46:55.692+0000][157][safepoint   ] Safepoint "Cleanup", Time since last: 1003429667 ns, Reaching safepoint: 325500 ns, At safepoint: 40000 ns, Total: 365500 ns
[2022-04-29T08:46:56.695+0000][157][safepoint   ] Safepoint "Cleanup", Time since last: 1001848376 ns, Reaching safepoint: 216916 ns, At safepoint: 6667 ns, Total: 223583 ns
[2022-04-29T08:46:57.699+0000][157][safepoint   ] Safepoint "Cleanup", Time since last: 1004649917 ns, Reaching safepoint: 275667 ns, At safepoint: 8125 ns, Total: 283792 ns
[2022-04-29T08:46:58.705+0000][157][safepoint   ] Safepoint "Cleanup", Time since last: 1005172000 ns, Reaching safepoint: 286000 ns, At safepoint: 5625 ns, Total: 291625 ns
[2022-04-29T08:47:00.708+0000][157][safepoint   ] Safepoint "Cleanup", Time since last: 2002660168 ns, Reaching safepoint: 695125 ns, At safepoint: 11417 ns, Total: 706542 ns
[2022-04-29T08:47:01.722+0000][157][safepoint   ] Safepoint "Cleanup", Time since last: 1013189542 ns, Reaching safepoint: 96083 ns, At safepoint: 3042 ns, Total: 99125 ns
[2022-04-29T08:47:02.723+0000][157][safepoint   ] Safepoint "Cleanup", Time since last: 1000931500 ns, Reaching safepoint: 298375 ns, At safepoint: 5459 ns, Total: 303834 ns
[2022-04-29T08:47:03.732+0000][157][safepoint   ] Safepoint "Cleanup", Time since last: 1007024333 ns, Reaching safepoint: 2344875 ns, At safepoint: 23417 ns, Total: 2368292 ns
[2022-04-29T08:47:04.743+0000][157][safepoint   ] Safepoint "Cleanup", Time since last: 1010403251 ns, Reaching safepoint: 227333 ns, At safepoint: 9333 ns, Total: 236666 ns
[2022-04-29T08:47:05.756+0000][157][safepoint   ] Safepoint "Cleanup", Time since last: 1013182792 ns, Reaching safepoint: 249209 ns, At safepoint: 5875 ns, Total: 255084 ns
[2022-04-29T08:47:07.759+0000][157][safepoint   ] Safepoint "Cleanup", Time since last: 2002433334 ns, Reaching safepoint: 103250 ns, At safepoint: 3417 ns, Total: 106667 ns
[2022-04-29T08:47:08.762+0000][157][safepoint   ] Safepoint "Cleanup", Time since last: 1002371584 ns, Reaching safepoint: 604416 ns, At safepoint: 22459 ns, Total: 626875 ns
[2022-04-29T08:47:09.765+0000][157][safepoint   ] Safepoint "Cleanup", Time since last: 1002706875 ns, Reaching safepoint: 199417 ns, At safepoint: 6208 ns, Total: 205625 ns
[2022-04-29T08:47:10.774+0000][157][safepoint   ] Safepoint "Cleanup", Time since last: 1008611167 ns, Reaching safepoint: 352250 ns, At safepoint: 11208 ns, Total: 363458 ns
[2022-04-29T08:47:12.792+0000][157][safepoint   ] Safepoint "Cleanup", Time since last: 2018192335 ns, Reaching safepoint: 349166 ns, At safepoint: 22584 ns, Total: 371750 ns
[2022-04-29T08:47:13.794+0000][157][safepoint   ] Safepoint "Cleanup", Time since last: 1002060042 ns, Reaching safepoint: 58042 ns, At safepoint: 3541 ns, Total: 61583 ns
[2022-04-29T08:47:14.800+0000][157][safepoint   ] Safepoint "Cleanup", Time since last: 1005790209 ns, Reaching safepoint: 209958 ns, At safepoint: 7500 ns, Total: 217458 ns
[2022-04-29T08:47:15.804+0000][157][safepoint   ] Safepoint "Cleanup", Time since last: 1003197876 ns, Reaching safepoint: 212750 ns, At safepoint: 9542 ns, Total: 222292 ns
[2022-04-29T08:47:16.813+0000][157][safepoint   ] Safepoint "Cleanup", Time since last: 1009190208 ns, Reaching safepoint: 181084 ns, At safepoint: 26958 ns, Total: 208042 ns
[2022-04-29T08:47:17.831+0000][157][safepoint   ] Safepoint "Cleanup", Time since last: 1017530292 ns, Reaching safepoint: 522250 ns, At safepoint: 10750 ns, Total: 533000 ns
[2022-04-29T08:47:19.834+0000][157][safepoint   ] Safepoint "Cleanup", Time since last: 2002840501 ns, Reaching safepoint: 286083 ns, At safepoint: 10334 ns, Total: 296417 ns
[2022-04-29T08:47:20.836+0000][157][safepoint   ] Safepoint "Cleanup", Time since last: 1000971250 ns, Reaching safepoint: 746667 ns, At safepoint: 11208 ns, Total: 757875 ns
[2022-04-29T08:47:21.837+0000][157][safepoint   ] Safepoint "Cleanup", Time since last: 1000772875 ns, Reaching safepoint: 457709 ns, At safepoint: 10666 ns, Total: 468375 ns
[2022-04-29T08:47:22.842+0000][157][safepoint   ] Safepoint "Cleanup", Time since last: 1005025209 ns, Reaching safepoint: 229667 ns, At safepoint: 7958 ns, Total: 237625 ns
[2022-04-29T08:47:25.852+0000][157][safepoint   ] Safepoint "Cleanup", Time since last: 3009823752 ns, Reaching safepoint: 200500 ns, At safepoint: 6041 ns, Total: 206541 ns
[2022-04-29T08:47:26.856+0000][157][safepoint   ] Safepoint "Cleanup", Time since last: 1002634459 ns, Reaching safepoint: 765042 ns, At safepoint: 20667 ns, Total: 785709 ns
[2022-04-29T08:47:27.868+0000][157][safepoint   ] Safepoint "Cleanup", Time since last: 1011933542 ns, Reaching safepoint: 222000 ns, At safepoint: 7958 ns, Total: 229958 ns
[2022-04-29T08:47:28.874+0000][157][safepoint   ] Safepoint "Cleanup", Time since last: 1006095667 ns, Reaching safepoint: 244875 ns, At safepoint: 12667 ns, Total: 257542 ns
[2022-04-29T08:47:30.884+0000][157][safepoint   ] Safepoint "Cleanup", Time since last: 2009500792 ns, Reaching safepoint: 195917 ns, At safepoint: 9792 ns, Total: 205709 ns
[2022-04-29T08:47:31.891+0000][157][safepoint   ] Safepoint "Cleanup", Time since last: 1006756084 ns, Reaching safepoint: 121208 ns, At safepoint: 5083 ns, Total: 126291 ns
[2022-04-29T08:47:32.894+0000][157][safepoint   ] Safepoint "Cleanup", Time since last: 1003458876 ns, Reaching safepoint: 221416 ns, At safepoint: 6209 ns, Total: 227625 ns
[2022-04-29T08:47:33.902+0000][157][safepoint   ] Safepoint "Cleanup", Time since last: 1007330625 ns, Reaching safepoint: 141959 ns, At safepoint: 6875 ns, Total: 148834 ns
[2022-04-29T08:47:35.907+0000][157][safepoint   ] Safepoint "Cleanup", Time since last: 2004535750 ns, Reaching safepoint: 204500 ns, At safepoint: 5959 ns, Total: 210459 ns
[2022-04-29T08:47:36.920+0000][157][safepoint   ] Safepoint "Cleanup", Time since last: 1013302709 ns, Reaching safepoint: 146833 ns, At safepoint: 5417 ns, Total: 152250 ns
[2022-04-29T08:47:37.922+0000][157][safepoint   ] Safepoint "Cleanup", Time since last: 1002086917 ns, Reaching safepoint: 110083 ns, At safepoint: 6083 ns, Total: 116166 ns
[2022-04-29T08:47:38.924+0000][157][safepoint   ] Safepoint "Cleanup", Time since last: 1001034751 ns, Reaching safepoint: 369250 ns, At safepoint: 13875 ns, Total: 383125 ns
[2022-04-29T08:47:39.933+0000][157][safepoint   ] Safepoint "Cleanup", Time since last: 1008827167 ns, Reaching safepoint: 210917 ns, At safepoint: 7250 ns, Total: 218167 ns
[2022-04-29T08:47:40.938+0000][157][safepoint   ] Safepoint "Cleanup", Time since last: 1005351459 ns, Reaching safepoint: 251208 ns, At safepoint: 10250 ns, Total: 261458 ns
[2022-04-29T08:47:42.947+0000][157][safepoint   ] Safepoint "Cleanup", Time since last: 2008680168 ns, Reaching safepoint: 292041 ns, At safepoint: 14167 ns, Total: 306208 ns
[2022-04-29T08:47:43.953+0000][157][safepoint   ] Safepoint "Cleanup", Time since last: 1005623084 ns, Reaching safepoint: 68625 ns, At safepoint: 3375 ns, Total: 72000 ns
[2022-04-29T08:47:45.186+0000][157][safepoint   ] Safepoint "Cleanup", Time since last: 1232371125 ns, Reaching safepoint: 209542 ns, At safepoint: 5917 ns, Total: 215459 ns
[2022-04-29T08:47:47.191+0000][157][safepoint   ] Safepoint "Cleanup", Time since last: 2005330001 ns, Reaching safepoint: 337416 ns, At safepoint: 11375 ns, Total: 348791 ns
[2022-04-29T08:47:48.209+0000][157][safepoint   ] Safepoint "Cleanup", Time since last: 1015835334 ns, Reaching safepoint: 1453792 ns, At safepoint: 60791 ns, Total: 1514583 ns
[2022-04-29T08:47:49.880+0000][157][gc,start    ] GC(21) Pause Young (Normal) (G1 Evacuation Pause)
[2022-04-29T08:47:49.881+0000][157][gc,task     ] GC(21) Using 5 workers of 5 for evacuation
[2022-04-29T08:47:49.881+0000][157][gc,age      ] GC(21) Desired survivor size 20971520 bytes, new threshold 15 (max threshold 15)
[2022-04-29T08:47:49.892+0000][157][gc,age      ] GC(21) Age table with threshold 15 (max threshold 15)
[2022-04-29T08:47:49.893+0000][157][gc,age      ] GC(21) - age   1:    1109440 bytes,    1109440 total
[2022-04-29T08:47:49.894+0000][157][gc,age      ] GC(21) - age   2:      46576 bytes,    1156016 total
[2022-04-29T08:47:49.894+0000][157][gc,age      ] GC(21) - age   3:     388080 bytes,    1544096 total
[2022-04-29T08:47:49.895+0000][157][gc,age      ] GC(21) - age   4:    2591752 bytes,    4135848 total
[2022-04-29T08:47:49.896+0000][157][gc,age      ] GC(21) - age   5:    6081360 bytes,   10217208 total
[2022-04-29T08:47:49.896+0000][157][gc,age      ] GC(21) - age   6:    6664016 bytes,   16881224 total
[2022-04-29T08:47:49.897+0000][157][gc,age      ] GC(21) - age   7:     704496 bytes,   17585720 total
[2022-04-29T08:47:49.897+0000][157][gc,phases   ] GC(21)   Pre Evacuate Collection Set: 0.1ms
[2022-04-29T08:47:49.898+0000][157][gc,phases   ] GC(21)   Merge Heap Roots: 0.1ms
[2022-04-29T08:47:49.899+0000][157][gc,phases   ] GC(21)   Evacuate Collection Set: 8.5ms
[2022-04-29T08:47:49.899+0000][157][gc,phases   ] GC(21)   Post Evacuate Collection Set: 1.2ms
[2022-04-29T08:47:49.900+0000][157][gc,phases   ] GC(21)   Other: 7.4ms
[2022-04-29T08:47:49.901+0000][157][gc,heap     ] GC(21) Eden regions: 71->0(71)
[2022-04-29T08:47:49.902+0000][157][gc,heap     ] GC(21) Survivor regions: 5->5(10)
[2022-04-29T08:47:49.902+0000][157][gc,heap     ] GC(21) Old regions: 16->16
[2022-04-29T08:47:49.903+0000][157][gc,heap     ] GC(21) Archive regions: 2->2
[2022-04-29T08:47:49.904+0000][157][gc,heap     ] GC(21) Humongous regions: 6->6
[2022-04-29T08:47:49.904+0000][157][gc,metaspace] GC(21) Metaspace: 110051K(111808K)->110051K(111808K) NonClass: 95206K(96192K)->95206K(96192K) Class: 14845K(15616K)->14845K(15616K)
[2022-04-29T08:47:49.904+0000][157][gc          ] GC(21) Pause Young (Normal) (G1 Evacuation Pause) 392M->107M(512M) 24.336ms
[2022-04-29T08:47:49.906+0000][157][gc,cpu      ] GC(21) User=0.03s Sys=0.00s Real=0.03s
[2022-04-29T08:47:49.906+0000][157][safepoint   ] Safepoint "G1CollectForAllocation", Time since last: 1673407543 ns, Reaching safepoint: 75791 ns, At safepoint: 26308709 ns, Total: 26384500 ns
[2022-04-29T08:47:50.907+0000][157][safepoint   ] Safepoint "Cleanup", Time since last: 1000676750 ns, Reaching safepoint: 207250 ns, At safepoint: 13708 ns, Total: 220958 ns
[2022-04-29T08:47:51.910+0000][157][safepoint   ] Safepoint "Cleanup", Time since last: 1002650709 ns, Reaching safepoint: 152333 ns, At safepoint: 9417 ns, Total: 161750 ns
[2022-04-29T08:47:52.610+0000][157][safepoint   ] Safepoint "ICBufferFull", Time since last: 699691709 ns, Reaching safepoint: 206750 ns, At safepoint: 15958 ns, Total: 222708 ns
[2022-04-29T08:47:52.665+0000][157][safepoint   ] Safepoint "ICBufferFull", Time since last: 54557167 ns, Reaching safepoint: 375458 ns, At safepoint: 32584 ns, Total: 408042 ns
[2022-04-29T08:47:52.699+0000][157][safepoint   ] Safepoint "ICBufferFull", Time since last: 31972791 ns, Reaching safepoint: 2258542 ns, At safepoint: 31292 ns, Total: 2289834 ns
[2022-04-29T08:47:52.720+0000][157][safepoint   ] Safepoint "ICBufferFull", Time since last: 18004833 ns, Reaching safepoint: 2319000 ns, At safepoint: 33042 ns, Total: 2352042 ns
[2022-04-29T08:47:52.747+0000][157][safepoint   ] Safepoint "ICBufferFull", Time since last: 27036500 ns, Reaching safepoint: 191416 ns, At safepoint: 7292 ns, Total: 198708 ns
[2022-04-29T08:47:52.750+0000][157][safepoint   ] Safepoint "ICBufferFull", Time since last: 1177917 ns, Reaching safepoint: 2433916 ns, At safepoint: 9125 ns, Total: 2443041 ns
[2022-04-29T08:47:53.309+0000][157][safepoint   ] Safepoint "ICBufferFull", Time since last: 557781084 ns, Reaching safepoint: 330916 ns, At safepoint: 25500 ns, Total: 356416 ns
[2022-04-29T08:47:54.314+0000][157][safepoint   ] Safepoint "Cleanup", Time since last: 1005256293 ns, Reaching safepoint: 170625 ns, At safepoint: 6625 ns, Total: 177250 ns
[2022-04-29T08:47:55.337+0000][157][safepoint   ] Safepoint "Cleanup", Time since last: 1004686417 ns, Reaching safepoint: 18340291 ns, At safepoint: 25459 ns, Total: 18365750 ns
[2022-04-29T08:47:56.344+0000][157][safepoint   ] Safepoint "Cleanup", Time since last: 1006787875 ns, Reaching safepoint: 343709 ns, At safepoint: 9125 ns, Total: 352834 ns
[2022-04-29T08:47:57.349+0000][157][safepoint   ] Safepoint "Cleanup", Time since last: 1004979042 ns, Reaching safepoint: 98708 ns, At safepoint: 4083 ns, Total: 102791 ns
[2022-04-29T08:47:58.352+0000][157][safepoint   ] Safepoint "Cleanup", Time since last: 1001791793 ns, Reaching safepoint: 679625 ns, At safepoint: 10708 ns, Total: 690333 ns
[2022-04-29T08:47:59.356+0000][157][safepoint   ] Safepoint "Cleanup", Time since last: 1004394625 ns, Reaching safepoint: 72792 ns, At safepoint: 3375 ns, Total: 76167 ns
[2022-04-29T08:48:00.363+0000][157][safepoint   ] Safepoint "Cleanup", Time since last: 1004215376 ns, Reaching safepoint: 2161916 ns, At safepoint: 16167 ns, Total: 2178083 ns
[2022-04-29T08:48:02.376+0000][157][safepoint   ] Safepoint "Cleanup", Time since last: 2012901626 ns, Reaching safepoint: 210166 ns, At safepoint: 6250 ns, Total: 216416 ns
[2022-04-29T08:48:03.378+0000][157][safepoint   ] Safepoint "Cleanup", Time since last: 1002014793 ns, Reaching safepoint: 202750 ns, At safepoint: 5666 ns, Total: 208416 ns
[2022-04-29T08:48:05.380+0000][157][safepoint   ] Safepoint "Cleanup", Time since last: 2002040335 ns, Reaching safepoint: 194916 ns, At safepoint: 11834 ns, Total: 206750 ns
[2022-04-29T08:48:08.390+0000][157][safepoint   ] Safepoint "Cleanup", Time since last: 3009040293 ns, Reaching safepoint: 419833 ns, At safepoint: 20792 ns, Total: 440625 ns
[2022-04-29T08:48:09.395+0000][157][safepoint   ] Safepoint "Cleanup", Time since last: 1005314917 ns, Reaching safepoint: 189875 ns, At safepoint: 6000 ns, Total: 195875 ns
[2022-04-29T08:48:10.402+0000][157][safepoint   ] Safepoint "Cleanup", Time since last: 1005870334 ns, Reaching safepoint: 357375 ns, At safepoint: 11625 ns, Total: 369000 ns
[2022-04-29T08:48:11.419+0000][157][safepoint   ] Safepoint "Cleanup", Time since last: 1017617292 ns, Reaching safepoint: 193708 ns, At safepoint: 12292 ns, Total: 206000 ns
[2022-04-29T08:48:13.431+0000][157][safepoint   ] Safepoint "Cleanup", Time since last: 2010583584 ns, Reaching safepoint: 826250 ns, At safepoint: 19458 ns, Total: 845708 ns
[2022-04-29T08:48:14.435+0000][157][safepoint   ] Safepoint "Cleanup", Time since last: 1003458834 ns, Reaching safepoint: 449834 ns, At safepoint: 10916 ns, Total: 460750 ns
[2022-04-29T08:48:15.446+0000][157][safepoint   ] Safepoint "Cleanup", Time since last: 1009611334 ns, Reaching safepoint: 1769208 ns, At safepoint: 9959 ns, Total: 1779167 ns
[2022-04-29T08:48:17.451+0000][157][safepoint   ] Safepoint "Cleanup", Time since last: 2004538042 ns, Reaching safepoint: 311750 ns, At safepoint: 10500 ns, Total: 322250 ns
[2022-04-29T08:48:18.461+0000][157][safepoint   ] Safepoint "Cleanup", Time since last: 1006554458 ns, Reaching safepoint: 1546417 ns, At safepoint: 17125 ns, Total: 1563542 ns
[2022-04-29T08:48:20.475+0000][157][safepoint   ] Safepoint "Cleanup", Time since last: 2014227042 ns, Reaching safepoint: 280000 ns, At safepoint: 11000 ns, Total: 291000 ns
[2022-04-29T08:48:21.479+0000][157][safepoint   ] Safepoint "Cleanup", Time since last: 1003583959 ns, Reaching safepoint: 98375 ns, At safepoint: 2750 ns, Total: 101125 ns
[2022-04-29T08:48:22.481+0000][157][safepoint   ] Safepoint "Cleanup", Time since last: 1001783542 ns, Reaching safepoint: 673792 ns, At safepoint: 11125 ns, Total: 684917 ns
[2022-04-29T08:48:23.485+0000][157][safepoint   ] Safepoint "Cleanup", Time since last: 1003132167 ns, Reaching safepoint: 204834 ns, At safepoint: 11000 ns, Total: 215834 ns
[2022-04-29T08:48:25.496+0000][157][safepoint   ] Safepoint "Cleanup", Time since last: 2010199917 ns, Reaching safepoint: 705167 ns, At safepoint: 19250 ns, Total: 724417 ns
[2022-04-29T08:48:26.505+0000][157][safepoint   ] Safepoint "Cleanup", Time since last: 1009580709 ns, Reaching safepoint: 179500 ns, At safepoint: 5083 ns, Total: 184583 ns
[2022-04-29T08:48:28.510+0000][157][safepoint   ] Safepoint "Cleanup", Time since last: 2004086126 ns, Reaching safepoint: 397125 ns, At safepoint: 13500 ns, Total: 410625 ns
[2022-04-29T08:48:29.524+0000][157][safepoint   ] Safepoint "Cleanup", Time since last: 1013021667 ns, Reaching safepoint: 787292 ns, At safepoint: 20250 ns, Total: 807542 ns
[2022-04-29T08:48:30.532+0000][157][safepoint   ] Safepoint "Cleanup", Time since last: 1007908125 ns, Reaching safepoint: 568834 ns, At safepoint: 14500 ns, Total: 583334 ns
[2022-04-29T08:48:32.546+0000][157][safepoint   ] Safepoint "Cleanup", Time since last: 2013737959 ns, Reaching safepoint: 363125 ns, At safepoint: 22875 ns, Total: 386000 ns
[2022-04-29T08:48:33.554+0000][157][safepoint   ] Safepoint "Cleanup", Time since last: 1007179375 ns, Reaching safepoint: 466959 ns, At safepoint: 46541 ns, Total: 513500 ns
[2022-04-29T08:48:35.563+0000][157][safepoint   ] Safepoint "Cleanup", Time since last: 2008704918 ns, Reaching safepoint: 479292 ns, At safepoint: 17708 ns, Total: 497000 ns
[2022-04-29T08:48:38.580+0000][157][safepoint   ] Safepoint "Cleanup", Time since last: 3016940751 ns, Reaching safepoint: 196459 ns, At safepoint: 6416 ns, Total: 202875 ns
[2022-04-29T08:48:39.583+0000][157][safepoint   ] Safepoint "Cleanup", Time since last: 1002178043 ns, Reaching safepoint: 547791 ns, At safepoint: 30209 ns, Total: 578000 ns
[2022-04-29T08:48:40.589+0000][157][safepoint   ] Safepoint "Cleanup", Time since last: 1005817458 ns, Reaching safepoint: 252250 ns, At safepoint: 12542 ns, Total: 264792 ns
[2022-04-29T08:48:41.595+0000][157][safepoint   ] Safepoint "Cleanup", Time since last: 1005290001 ns, Reaching safepoint: 212375 ns, At safepoint: 10291 ns, Total: 222666 ns
[2022-04-29T08:48:43.606+0000][157][safepoint   ] Safepoint "Cleanup", Time since last: 2010942543 ns, Reaching safepoint: 208208 ns, At safepoint: 8750 ns, Total: 216958 ns
[2022-04-29T08:48:44.017+0000][157][gc,start    ] GC(22) Pause Young (Normal) (G1 Evacuation Pause)
[2022-04-29T08:48:44.019+0000][157][gc,task     ] GC(22) Using 5 workers of 5 for evacuation
[2022-04-29T08:48:44.020+0000][157][gc,age      ] GC(22) Desired survivor size 20971520 bytes, new threshold 15 (max threshold 15)
[2022-04-29T08:48:44.029+0000][157][gc,age      ] GC(22) Age table with threshold 15 (max threshold 15)
[2022-04-29T08:48:44.030+0000][157][gc,age      ] GC(22) - age   1:    4416008 bytes,    4416008 total
[2022-04-29T08:48:44.031+0000][157][gc,age      ] GC(22) - age   2:      60704 bytes,    4476712 total
[2022-04-29T08:48:44.032+0000][157][gc,age      ] GC(22) - age   3:      45712 bytes,    4522424 total
[2022-04-29T08:48:44.033+0000][157][gc,age      ] GC(22) - age   4:     329848 bytes,    4852272 total
[2022-04-29T08:48:44.034+0000][157][gc,age      ] GC(22) - age   5:    2544888 bytes,    7397160 total
[2022-04-29T08:48:44.034+0000][157][gc,age      ] GC(22) - age   6:    6030272 bytes,   13427432 total
[2022-04-29T08:48:44.035+0000][157][gc,age      ] GC(22) - age   7:    6590368 bytes,   20017800 total
[2022-04-29T08:48:44.035+0000][157][gc,age      ] GC(22) - age   8:     700872 bytes,   20718672 total
[2022-04-29T08:48:44.036+0000][157][gc,phases   ] GC(22)   Pre Evacuate Collection Set: 0.1ms
[2022-04-29T08:48:44.037+0000][157][gc,phases   ] GC(22)   Merge Heap Roots: 0.2ms
[2022-04-29T08:48:44.037+0000][157][gc,phases   ] GC(22)   Evacuate Collection Set: 6.9ms
[2022-04-29T08:48:44.038+0000][157][gc,phases   ] GC(22)   Post Evacuate Collection Set: 1.3ms
[2022-04-29T08:48:44.038+0000][157][gc,phases   ] GC(22)   Other: 10.4ms
[2022-04-29T08:48:44.039+0000][157][gc,heap     ] GC(22) Eden regions: 71->0(70)
[2022-04-29T08:48:44.039+0000][157][gc,heap     ] GC(22) Survivor regions: 5->6(10)
[2022-04-29T08:48:44.040+0000][157][gc,heap     ] GC(22) Old regions: 16->16
[2022-04-29T08:48:44.040+0000][157][gc,heap     ] GC(22) Archive regions: 2->2
[2022-04-29T08:48:44.041+0000][157][gc,heap     ] GC(22) Humongous regions: 6->6
[2022-04-29T08:48:44.042+0000][157][gc,metaspace] GC(22) Metaspace: 112563K(114304K)->112563K(114304K) NonClass: 97342K(98304K)->97342K(98304K) Class: 15220K(16000K)->15220K(16000K)
[2022-04-29T08:48:44.042+0000][157][gc          ] GC(22) Pause Young (Normal) (G1 Evacuation Pause) 391M->111M(512M) 24.946ms
[2022-04-29T08:48:44.043+0000][157][gc,cpu      ] GC(22) User=0.04s Sys=0.00s Real=0.02s
[2022-04-29T08:48:44.046+0000][157][safepoint   ] Safepoint "G1CollectForAllocation", Time since last: 411082125 ns, Reaching safepoint: 204334 ns, At safepoint: 28507000 ns, Total: 28711334 ns
[2022-04-29T08:48:45.047+0000][157][safepoint   ] Safepoint "Cleanup", Time since last: 1001288125 ns, Reaching safepoint: 273875 ns, At safepoint: 2834 ns, Total: 276709 ns
[2022-04-29T08:48:46.050+0000][157][safepoint   ] Safepoint "Cleanup", Time since last: 1002430875 ns, Reaching safepoint: 450417 ns, At safepoint: 21750 ns, Total: 472167 ns
[2022-04-29T08:48:47.058+0000][157][safepoint   ] Safepoint "Cleanup", Time since last: 1007342792 ns, Reaching safepoint: 235708 ns, At safepoint: 8583 ns, Total: 244291 ns
[2022-04-29T08:48:48.066+0000][157][safepoint   ] Safepoint "Cleanup", Time since last: 1008518709 ns, Reaching safepoint: 95334 ns, At safepoint: 3208 ns, Total: 98542 ns
[2022-04-29T08:48:50.069+0000][157][safepoint   ] Safepoint "Cleanup", Time since last: 2003329458 ns, Reaching safepoint: 96375 ns, At safepoint: 3917 ns, Total: 100292 ns
[2022-04-29T08:48:51.071+0000][157][safepoint   ] Safepoint "Cleanup", Time since last: 1001955042 ns, Reaching safepoint: 551000 ns, At safepoint: 35333 ns, Total: 586333 ns
[2022-04-29T08:48:53.078+0000][157][safepoint   ] Safepoint "Cleanup", Time since last: 2005988168 ns, Reaching safepoint: 459167 ns, At safepoint: 16375 ns, Total: 475542 ns
[2022-04-29T08:48:56.089+0000][157][safepoint   ] Safepoint "Cleanup", Time since last: 3011282084 ns, Reaching safepoint: 220584 ns, At safepoint: 13583 ns, Total: 234167 ns
[2022-04-29T08:48:57.092+0000][157][safepoint   ] Safepoint "Cleanup", Time since last: 1002186251 ns, Reaching safepoint: 197041 ns, At safepoint: 8125 ns, Total: 205166 ns
[2022-04-29T08:48:58.098+0000][157][safepoint   ] Safepoint "Cleanup", Time since last: 1005524167 ns, Reaching safepoint: 166459 ns, At safepoint: 8125 ns, Total: 174584 ns
[2022-04-29T08:48:59.106+0000][157][safepoint   ] Safepoint "Cleanup", Time since last: 1007544250 ns, Reaching safepoint: 569834 ns, At safepoint: 13416 ns, Total: 583250 ns
[2022-04-29T08:49:01.117+0000][157][safepoint   ] Safepoint "Cleanup", Time since last: 2010939626 ns, Reaching safepoint: 432167 ns, At safepoint: 24042 ns, Total: 456209 ns
[2022-04-29T08:49:02.123+0000][157][safepoint   ] Safepoint "Cleanup", Time since last: 1005494458 ns, Reaching safepoint: 240959 ns, At safepoint: 4583 ns, Total: 245542 ns
[2022-04-29T08:49:03.126+0000][157][safepoint   ] Safepoint "Cleanup", Time since last: 1002446709 ns, Reaching safepoint: 277291 ns, At safepoint: 11667 ns, Total: 288958 ns
[2022-04-29T08:49:04.135+0000][157][safepoint   ] Safepoint "Cleanup", Time since last: 1008766709 ns, Reaching safepoint: 417125 ns, At safepoint: 15667 ns, Total: 432792 ns
[2022-04-29T08:49:05.147+0000][157][safepoint   ] Safepoint "Cleanup", Time since last: 1011913167 ns, Reaching safepoint: 156750 ns, At safepoint: 5166 ns, Total: 161916 ns
[2022-04-29T08:49:06.154+0000][157][safepoint   ] Safepoint "Cleanup", Time since last: 1006302168 ns, Reaching safepoint: 961500 ns, At safepoint: 15458 ns, Total: 976958 ns
[2022-04-29T08:49:08.168+0000][157][safepoint   ] Safepoint "Cleanup", Time since last: 2014103501 ns, Reaching safepoint: 83625 ns, At safepoint: 2000 ns, Total: 85625 ns
[2022-04-29T08:49:09.170+0000][157][safepoint   ] Safepoint "Cleanup", Time since last: 1001527542 ns, Reaching safepoint: 72333 ns, At safepoint: 2667 ns, Total: 75000 ns
[2022-04-29T08:49:10.171+0000][157][safepoint   ] Safepoint "Cleanup", Time since last: 1000944209 ns, Reaching safepoint: 125708 ns, At safepoint: 9792 ns, Total: 135500 ns
[2022-04-29T08:49:11.173+0000][157][safepoint   ] Safepoint "Cleanup", Time since last: 1001399000 ns, Reaching safepoint: 151625 ns, At safepoint: 5917 ns, Total: 157542 ns
[2022-04-29T08:49:12.178+0000][157][safepoint   ] Safepoint "Cleanup", Time since last: 1004867375 ns, Reaching safepoint: 485750 ns, At safepoint: 32250 ns, Total: 518000 ns
[2022-04-29T08:49:13.182+0000][157][safepoint   ] Safepoint "Cleanup", Time since last: 1004172876 ns, Reaching safepoint: 262667 ns, At safepoint: 6583 ns, Total: 269250 ns
[2022-04-29T08:49:14.185+0000][157][safepoint   ] Safepoint "Cleanup", Time since last: 1002437792 ns, Reaching safepoint: 73667 ns, At safepoint: 2416 ns, Total: 76083 ns
[2022-04-29T08:49:15.186+0000][157][safepoint   ] Safepoint "Cleanup", Time since last: 1001226293 ns, Reaching safepoint: 124833 ns, At safepoint: 6917 ns, Total: 131750 ns
[2022-04-29T08:49:16.189+0000][157][safepoint   ] Safepoint "Cleanup", Time since last: 1002538208 ns, Reaching safepoint: 559209 ns, At safepoint: 21625 ns, Total: 580834 ns
[2022-04-29T08:49:17.202+0000][157][safepoint   ] Safepoint "Cleanup", Time since last: 1012331000 ns, Reaching safepoint: 218959 ns, At safepoint: 9916 ns, Total: 228875 ns
[2022-04-29T08:49:18.208+0000][157][safepoint   ] Safepoint "Cleanup", Time since last: 1005699209 ns, Reaching safepoint: 409375 ns, At safepoint: 51292 ns, Total: 460667 ns
[2022-04-29T08:49:20.223+0000][157][safepoint   ] Safepoint "Cleanup", Time since last: 2013971000 ns, Reaching safepoint: 212958 ns, At safepoint: 4834 ns, Total: 217792 ns
[2022-04-29T08:49:21.224+0000][157][safepoint   ] Safepoint "Cleanup", Time since last: 1001364458 ns, Reaching safepoint: 141792 ns, At safepoint: 5167 ns, Total: 146959 ns
[2022-04-29T08:49:23.233+0000][157][safepoint   ] Safepoint "Cleanup", Time since last: 2008214751 ns, Reaching safepoint: 510583 ns, At safepoint: 14208 ns, Total: 524791 ns
[2022-04-29T08:49:25.243+0000][157][safepoint   ] Safepoint "Cleanup", Time since last: 2009226960 ns, Reaching safepoint: 353375 ns, At safepoint: 11250 ns, Total: 364625 ns
[2022-04-29T08:49:26.257+0000][157][safepoint   ] Safepoint "Cleanup", Time since last: 1005987417 ns, Reaching safepoint: 8635917 ns, At safepoint: 15750 ns, Total: 8651667 ns
[2022-04-29T08:49:28.261+0000][157][safepoint   ] Safepoint "Cleanup", Time since last: 2003524251 ns, Reaching safepoint: 188791 ns, At safepoint: 10084 ns, Total: 198875 ns
[2022-04-29T08:49:29.265+0000][157][safepoint   ] Safepoint "Cleanup", Time since last: 1003070042 ns, Reaching safepoint: 1044166 ns, At safepoint: 14792 ns, Total: 1058958 ns
[2022-04-29T08:49:30.272+0000][157][safepoint   ] Safepoint "Cleanup", Time since last: 1006761209 ns, Reaching safepoint: 184333 ns, At safepoint: 6458 ns, Total: 190791 ns
[2022-04-29T08:49:32.280+0000][157][safepoint   ] Safepoint "Cleanup", Time since last: 2006932126 ns, Reaching safepoint: 416417 ns, At safepoint: 18792 ns, Total: 435209 ns
[2022-04-29T08:49:33.282+0000][157][safepoint   ] Safepoint "Cleanup", Time since last: 1001798709 ns, Reaching safepoint: 139708 ns, At safepoint: 13333 ns, Total: 153041 ns
[2022-04-29T08:49:34.290+0000][157][safepoint   ] Safepoint "Cleanup", Time since last: 1007955376 ns, Reaching safepoint: 506500 ns, At safepoint: 24791 ns, Total: 531291 ns
[2022-04-29T08:49:35.302+0000][157][safepoint   ] Safepoint "Cleanup", Time since last: 1011784376 ns, Reaching safepoint: 350000 ns, At safepoint: 14458 ns, Total: 364458 ns
[2022-04-29T08:49:38.068+0000][157][safepoint   ] Safepoint "Cleanup", Time since last: 2765883418 ns, Reaching safepoint: 159875 ns, At safepoint: 47459 ns, Total: 207334 ns
[2022-04-29T08:49:39.072+0000][157][safepoint   ] Safepoint "Cleanup", Time since last: 1003592083 ns, Reaching safepoint: 137375 ns, At safepoint: 5292 ns, Total: 142667 ns
[2022-04-29T08:49:41.075+0000][157][safepoint   ] Safepoint "Cleanup", Time since last: 2001769834 ns, Reaching safepoint: 804709 ns, At safepoint: 9708 ns, Total: 814417 ns
[2022-04-29T08:49:43.082+0000][157][safepoint   ] Safepoint "Cleanup", Time since last: 2006657876 ns, Reaching safepoint: 465208 ns, At safepoint: 13250 ns, Total: 478458 ns
[2022-04-29T08:49:44.085+0000][157][safepoint   ] Safepoint "Cleanup", Time since last: 1002928001 ns, Reaching safepoint: 127125 ns, At safepoint: 5125 ns, Total: 132250 ns
[2022-04-29T08:49:45.086+0000][157][safepoint   ] Safepoint "Cleanup", Time since last: 1001257334 ns, Reaching safepoint: 65833 ns, At safepoint: 2625 ns, Total: 68458 ns
[2022-04-29T08:49:46.091+0000][157][safepoint   ] Safepoint "Cleanup", Time since last: 1004210417 ns, Reaching safepoint: 277833 ns, At safepoint: 7750 ns, Total: 285583 ns
[2022-04-29T08:49:47.103+0000][157][safepoint   ] Safepoint "Cleanup", Time since last: 1011896126 ns, Reaching safepoint: 223041 ns, At safepoint: 10417 ns, Total: 233458 ns
[2022-04-29T08:49:48.109+0000][157][safepoint   ] Safepoint "Cleanup", Time since last: 1005889834 ns, Reaching safepoint: 559458 ns, At safepoint: 16334 ns, Total: 575792 ns
[2022-04-29T08:49:50.123+0000][157][safepoint   ] Safepoint "Cleanup", Time since last: 2013250500 ns, Reaching safepoint: 95917 ns, At safepoint: 2375 ns, Total: 98292 ns
[2022-04-29T08:49:51.130+0000][157][safepoint   ] Safepoint "Cleanup", Time since last: 1006575542 ns, Reaching safepoint: 277042 ns, At safepoint: 20875 ns, Total: 297917 ns
[2022-04-29T08:49:52.136+0000][157][safepoint   ] Safepoint "Cleanup", Time since last: 1006510125 ns, Reaching safepoint: 123375 ns, At safepoint: 2709 ns, Total: 126084 ns
[2022-04-29T08:49:53.142+0000][157][safepoint   ] Safepoint "Cleanup", Time since last: 1003654250 ns, Reaching safepoint: 1496333 ns, At safepoint: 11250 ns, Total: 1507583 ns
[2022-04-29T08:49:54.151+0000][157][safepoint   ] Safepoint "Cleanup", Time since last: 1008892876 ns, Reaching safepoint: 280958 ns, At safepoint: 7875 ns, Total: 288833 ns
[2022-04-29T08:49:56.160+0000][157][safepoint   ] Safepoint "Cleanup", Time since last: 2009247751 ns, Reaching safepoint: 163500 ns, At safepoint: 4083 ns, Total: 167583 ns
[2022-04-29T08:49:57.164+0000][157][safepoint   ] Safepoint "Cleanup", Time since last: 1003495584 ns, Reaching safepoint: 85292 ns, At safepoint: 3917 ns, Total: 89209 ns
[2022-04-29T08:49:58.171+0000][157][safepoint   ] Safepoint "Cleanup", Time since last: 1006940708 ns, Reaching safepoint: 110792 ns, At safepoint: 7250 ns, Total: 118042 ns
[2022-04-29T08:49:59.187+0000][157][safepoint   ] Safepoint "Cleanup", Time since last: 1016098376 ns, Reaching safepoint: 601125 ns, At safepoint: 25041 ns, Total: 626166 ns
[2022-04-29T08:50:01.196+0000][157][safepoint   ] Safepoint "Cleanup", Time since last: 2008346043 ns, Reaching safepoint: 173792 ns, At safepoint: 5958 ns, Total: 179750 ns
[2022-04-29T08:50:02.205+0000][157][safepoint   ] Safepoint "Cleanup", Time since last: 1008584125 ns, Reaching safepoint: 328792 ns, At safepoint: 8042 ns, Total: 336834 ns
[2022-04-29T08:50:03.113+0000][157][gc,start    ] GC(23) Pause Young (Normal) (G1 Evacuation Pause)
[2022-04-29T08:50:03.114+0000][157][gc,task     ] GC(23) Using 5 workers of 5 for evacuation
[2022-04-29T08:50:03.114+0000][157][gc,age      ] GC(23) Desired survivor size 20971520 bytes, new threshold 15 (max threshold 15)
[2022-04-29T08:50:03.125+0000][157][gc,age      ] GC(23) Age table with threshold 15 (max threshold 15)
[2022-04-29T08:50:03.126+0000][157][gc,age      ] GC(23) - age   1:    2510240 bytes,    2510240 total
[2022-04-29T08:50:03.127+0000][157][gc,age      ] GC(23) - age   2:    2412568 bytes,    4922808 total
[2022-04-29T08:50:03.128+0000][157][gc,age      ] GC(23) - age   3:      59144 bytes,    4981952 total
[2022-04-29T08:50:03.129+0000][157][gc,age      ] GC(23) - age   4:      45584 bytes,    5027536 total
[2022-04-29T08:50:03.129+0000][157][gc,age      ] GC(23) - age   5:     329720 bytes,    5357256 total
[2022-04-29T08:50:03.130+0000][157][gc,age      ] GC(23) - age   6:    2542928 bytes,    7900184 total
[2022-04-29T08:50:03.131+0000][157][gc,age      ] GC(23) - age   7:    6029208 bytes,   13929392 total
[2022-04-29T08:50:03.132+0000][157][gc,age      ] GC(23) - age   8:    6590368 bytes,   20519760 total
[2022-04-29T08:50:03.132+0000][157][gc,age      ] GC(23) - age   9:     700872 bytes,   21220632 total
[2022-04-29T08:50:03.133+0000][157][gc,phases   ] GC(23)   Pre Evacuate Collection Set: 0.2ms
[2022-04-29T08:50:03.134+0000][157][gc,phases   ] GC(23)   Merge Heap Roots: 0.1ms
[2022-04-29T08:50:03.135+0000][157][gc,phases   ] GC(23)   Evacuate Collection Set: 8.5ms
[2022-04-29T08:50:03.135+0000][157][gc,phases   ] GC(23)   Post Evacuate Collection Set: 1.2ms
[2022-04-29T08:50:03.136+0000][157][gc,phases   ] GC(23)   Other: 10.1ms
[2022-04-29T08:50:03.137+0000][157][gc,heap     ] GC(23) Eden regions: 70->0(70)
[2022-04-29T08:50:03.137+0000][157][gc,heap     ] GC(23) Survivor regions: 6->6(10)
[2022-04-29T08:50:03.138+0000][157][gc,heap     ] GC(23) Old regions: 16->16
[2022-04-29T08:50:03.139+0000][157][gc,heap     ] GC(23) Archive regions: 2->2
[2022-04-29T08:50:03.140+0000][157][gc,heap     ] GC(23) Humongous regions: 6->6
[2022-04-29T08:50:03.141+0000][157][gc,metaspace] GC(23) Metaspace: 112891K(114688K)->112891K(114688K) NonClass: 97668K(98688K)->97668K(98688K) Class: 15223K(16000K)->15223K(16000K)
[2022-04-29T08:50:03.142+0000][157][gc          ] GC(23) Pause Young (Normal) (G1 Evacuation Pause) 390M->111M(512M) 29.235ms
[2022-04-29T08:50:03.143+0000][157][gc,cpu      ] GC(23) User=0.04s Sys=0.00s Real=0.03s
[2022-04-29T08:50:03.143+0000][157][safepoint   ] Safepoint "G1CollectForAllocation", Time since last: 907773625 ns, Reaching safepoint: 201500 ns, At safepoint: 30472792 ns, Total: 30674292 ns
[2022-04-29T08:50:04.145+0000][157][safepoint   ] Safepoint "Cleanup", Time since last: 1001328125 ns, Reaching safepoint: 139709 ns, At safepoint: 4375 ns, Total: 144084 ns
[2022-04-29T08:50:08.152+0000][157][safepoint   ] Safepoint "Cleanup", Time since last: 4007198752 ns, Reaching safepoint: 260041 ns, At safepoint: 4292 ns, Total: 264333 ns
[2022-04-29T08:50:09.156+0000][157][safepoint   ] Safepoint "Cleanup", Time since last: 1003089792 ns, Reaching safepoint: 152792 ns, At safepoint: 8208 ns, Total: 161000 ns
[2022-04-29T08:50:11.163+0000][157][safepoint   ] Safepoint "Cleanup", Time since last: 2007317126 ns, Reaching safepoint: 435833 ns, At safepoint: 29584 ns, Total: 465417 ns
[2022-04-29T08:50:13.172+0000][157][safepoint   ] Safepoint "Cleanup", Time since last: 2008004126 ns, Reaching safepoint: 544708 ns, At safepoint: 21083 ns, Total: 565791 ns
[2022-04-29T08:50:14.179+0000][157][safepoint   ] Safepoint "Cleanup", Time since last: 1007225084 ns, Reaching safepoint: 149542 ns, At safepoint: 4416 ns, Total: 153958 ns
[2022-04-29T08:50:15.180+0000][157][safepoint   ] Safepoint "Cleanup", Time since last: 1001022001 ns, Reaching safepoint: 98250 ns, At safepoint: 18250 ns, Total: 116500 ns
[2022-04-29T08:50:17.189+0000][157][safepoint   ] Safepoint "Cleanup", Time since last: 2008087043 ns, Reaching safepoint: 240041 ns, At safepoint: 6709 ns, Total: 246750 ns
[2022-04-29T08:50:18.193+0000][157][safepoint   ] Safepoint "Cleanup", Time since last: 1004439208 ns, Reaching safepoint: 252292 ns, At safepoint: 4667 ns, Total: 256959 ns
[2022-04-29T08:50:20.201+0000][157][safepoint   ] Safepoint "Cleanup", Time since last: 2006749042 ns, Reaching safepoint: 156792 ns, At safepoint: 6083 ns, Total: 162875 ns
[2022-04-29T08:50:22.205+0000][157][safepoint   ] Safepoint "Cleanup", Time since last: 2004019626 ns, Reaching safepoint: 201875 ns, At safepoint: 9125 ns, Total: 211000 ns
[2022-04-29T08:50:23.208+0000][157][safepoint   ] Safepoint "Cleanup", Time since last: 1003004125 ns, Reaching safepoint: 294459 ns, At safepoint: 12666 ns, Total: 307125 ns
[2022-04-29T08:50:26.220+0000][157][safepoint   ] Safepoint "Cleanup", Time since last: 3011676127 ns, Reaching safepoint: 271667 ns, At safepoint: 5375 ns, Total: 277042 ns
[2022-04-29T08:50:29.231+0000][157][safepoint   ] Safepoint "Cleanup", Time since last: 3010319793 ns, Reaching safepoint: 388541 ns, At safepoint: 11959 ns, Total: 400500 ns
[2022-04-29T08:50:30.238+0000][157][safepoint   ] Safepoint "Cleanup", Time since last: 1007230792 ns, Reaching safepoint: 237041 ns, At safepoint: 12084 ns, Total: 249125 ns
[2022-04-29T08:50:32.247+0000][157][safepoint   ] Safepoint "Cleanup", Time since last: 2008630167 ns, Reaching safepoint: 70459 ns, At safepoint: 4916 ns, Total: 75375 ns
[2022-04-29T08:50:33.249+0000][157][safepoint   ] Safepoint "Cleanup", Time since last: 1001854126 ns, Reaching safepoint: 110708 ns, At safepoint: 4125 ns, Total: 114833 ns
[2022-04-29T08:50:38.256+0000][157][safepoint   ] Safepoint "Cleanup", Time since last: 5006824086 ns, Reaching safepoint: 155875 ns, At safepoint: 5417 ns, Total: 161292 ns
[2022-04-29T08:50:39.260+0000][157][safepoint   ] Safepoint "Cleanup", Time since last: 1002963458 ns, Reaching safepoint: 662084 ns, At safepoint: 12583 ns, Total: 674667 ns
[2022-04-29T08:50:43.268+0000][157][safepoint   ] Safepoint "Cleanup", Time since last: 4008352544 ns, Reaching safepoint: 169541 ns, At safepoint: 6375 ns, Total: 175916 ns
[2022-04-29T08:50:44.275+0000][157][safepoint   ] Safepoint "Cleanup", Time since last: 1006583709 ns, Reaching safepoint: 88917 ns, At safepoint: 2875 ns, Total: 91792 ns
[2022-04-29T08:50:45.278+0000][157][safepoint   ] Safepoint "Cleanup", Time since last: 1003412250 ns, Reaching safepoint: 102500 ns, At safepoint: 3375 ns, Total: 105875 ns
[2022-04-29T08:50:50.289+0000][157][safepoint   ] Safepoint "Cleanup", Time since last: 5011487627 ns, Reaching safepoint: 214792 ns, At safepoint: 10833 ns, Total: 225625 ns
[2022-04-29T08:50:53.295+0000][157][safepoint   ] Safepoint "Cleanup", Time since last: 3005619585 ns, Reaching safepoint: 475083 ns, At safepoint: 15083 ns, Total: 490166 ns
[2022-04-29T08:50:56.305+0000][157][safepoint   ] Safepoint "Cleanup", Time since last: 3009067919 ns, Reaching safepoint: 118916 ns, At safepoint: 4000 ns, Total: 122916 ns
[2022-04-29T08:51:02.313+0000][157][safepoint   ] Safepoint "Cleanup", Time since last: 6008606670 ns, Reaching safepoint: 161041 ns, At safepoint: 4792 ns, Total: 165833 ns
[2022-04-29T08:51:08.337+0000][157][safepoint   ] Safepoint "Cleanup", Time since last: 6023157003 ns, Reaching safepoint: 268625 ns, At safepoint: 5625 ns, Total: 274250 ns
[2022-04-29T08:51:10.343+0000][157][safepoint   ] Safepoint "Cleanup", Time since last: 2005947418 ns, Reaching safepoint: 175041 ns, At safepoint: 6084 ns, Total: 181125 ns
[2022-04-29T08:51:15.349+0000][157][safepoint   ] Safepoint "Cleanup", Time since last: 5005521044 ns, Reaching safepoint: 479500 ns, At safepoint: 11250 ns, Total: 490750 ns
[2022-04-29T08:51:16.356+0000][157][safepoint   ] Safepoint "Cleanup", Time since last: 1007054083 ns, Reaching safepoint: 250167 ns, At safepoint: 7750 ns, Total: 257917 ns
[2022-04-29T08:51:20.364+0000][157][safepoint   ] Safepoint "Cleanup", Time since last: 4007131585 ns, Reaching safepoint: 120958 ns, At safepoint: 5708 ns, Total: 126666 ns
[2022-04-29T08:51:20.790+0000][157][gc,start    ] GC(24) Pause Young (Normal) (G1 Evacuation Pause)
[2022-04-29T08:51:20.791+0000][157][gc,task     ] GC(24) Using 5 workers of 5 for evacuation
[2022-04-29T08:51:20.792+0000][157][gc,age      ] GC(24) Desired survivor size 20971520 bytes, new threshold 9 (max threshold 15)
[2022-04-29T08:51:20.803+0000][157][gc,age      ] GC(24) Age table with threshold 9 (max threshold 15)
[2022-04-29T08:51:20.804+0000][157][gc,age      ] GC(24) - age   1:    1026944 bytes,    1026944 total
[2022-04-29T08:51:20.805+0000][157][gc,age      ] GC(24) - age   2:     498448 bytes,    1525392 total
[2022-04-29T08:51:20.806+0000][157][gc,age      ] GC(24) - age   3:    2408896 bytes,    3934288 total
[2022-04-29T08:51:20.807+0000][157][gc,age      ] GC(24) - age   4:      50984 bytes,    3985272 total
[2022-04-29T08:51:20.808+0000][157][gc,age      ] GC(24) - age   5:      45048 bytes,    4030320 total
[2022-04-29T08:51:20.809+0000][157][gc,age      ] GC(24) - age   6:     329624 bytes,    4359944 total
[2022-04-29T08:51:20.810+0000][157][gc,age      ] GC(24) - age   7:    2397632 bytes,    6757576 total
[2022-04-29T08:51:20.811+0000][157][gc,age      ] GC(24) - age   8:    5955856 bytes,   12713432 total
[2022-04-29T08:51:20.811+0000][157][gc,age      ] GC(24) - age   9:    6327752 bytes,   19041184 total
[2022-04-29T08:51:20.812+0000][157][gc,phases   ] GC(24)   Pre Evacuate Collection Set: 0.1ms
[2022-04-29T08:51:20.812+0000][157][gc,phases   ] GC(24)   Merge Heap Roots: 0.2ms
[2022-04-29T08:51:20.813+0000][157][gc,phases   ] GC(24)   Evacuate Collection Set: 7.3ms
[2022-04-29T08:51:20.814+0000][157][gc,phases   ] GC(24)   Post Evacuate Collection Set: 1.5ms
[2022-04-29T08:51:20.814+0000][157][gc,phases   ] GC(24)   Other: 12.9ms
[2022-04-29T08:51:20.815+0000][157][gc,heap     ] GC(24) Eden regions: 70->0(71)
[2022-04-29T08:51:20.815+0000][157][gc,heap     ] GC(24) Survivor regions: 6->5(10)
[2022-04-29T08:51:20.816+0000][157][gc,heap     ] GC(24) Old regions: 16->16
[2022-04-29T08:51:20.817+0000][157][gc,heap     ] GC(24) Archive regions: 2->2
[2022-04-29T08:51:20.819+0000][157][gc,heap     ] GC(24) Humongous regions: 6->6
[2022-04-29T08:51:20.820+0000][157][gc,metaspace] GC(24) Metaspace: 113127K(114944K)->113127K(114944K) NonClass: 97903K(98944K)->97903K(98944K) Class: 15223K(16000K)->15223K(16000K)
[2022-04-29T08:51:20.821+0000][157][gc          ] GC(24) Pause Young (Normal) (G1 Evacuation Pause) 391M->110M(512M) 30.852ms
[2022-04-29T08:51:20.821+0000][157][gc,cpu      ] GC(24) User=0.03s Sys=0.00s Real=0.03s
[2022-04-29T08:51:20.822+0000][157][safepoint   ] Safepoint "G1CollectForAllocation", Time since last: 425845209 ns, Reaching safepoint: 112083 ns, At safepoint: 32827709 ns, Total: 32939792 ns
[2022-04-29T08:51:21.825+0000][157][safepoint   ] Safepoint "Cleanup", Time since last: 1002290292 ns, Reaching safepoint: 242916 ns, At safepoint: 7709 ns, Total: 250625 ns
[2022-04-29T08:51:22.831+0000][157][safepoint   ] Safepoint "Cleanup", Time since last: 1004922792 ns, Reaching safepoint: 573042 ns, At safepoint: 15958 ns, Total: 589000 ns
[2022-04-29T08:51:26.844+0000][157][safepoint   ] Safepoint "Cleanup", Time since last: 4013090168 ns, Reaching safepoint: 746167 ns, At safepoint: 12125 ns, Total: 758292 ns
[2022-04-29T08:51:27.868+0000][157][safepoint   ] Safepoint "Cleanup", Time since last: 1022751001 ns, Reaching safepoint: 607958 ns, At safepoint: 13417 ns, Total: 621375 ns
[2022-04-29T08:51:28.878+0000][157][safepoint   ] Safepoint "Cleanup", Time since last: 1010007708 ns, Reaching safepoint: 679500 ns, At safepoint: 21250 ns, Total: 700750 ns
[2022-04-29T08:51:29.883+0000][157][safepoint   ] Safepoint "Cleanup", Time since last: 1003900376 ns, Reaching safepoint: 303583 ns, At safepoint: 7500 ns, Total: 311083 ns
[2022-04-29T08:51:32.887+0000][157][safepoint   ] Safepoint "Cleanup", Time since last: 3004639502 ns, Reaching safepoint: 99000 ns, At safepoint: 2416 ns, Total: 101416 ns
[2022-04-29T08:51:34.892+0000][157][safepoint   ] Safepoint "Cleanup", Time since last: 2004585960 ns, Reaching safepoint: 176041 ns, At safepoint: 11875 ns, Total: 187916 ns
[2022-04-29T08:51:37.907+0000][157][safepoint   ] Safepoint "Cleanup", Time since last: 3013698293 ns, Reaching safepoint: 599417 ns, At safepoint: 77167 ns, Total: 676584 ns
[2022-04-29T08:51:38.912+0000][157][safepoint   ] Safepoint "Cleanup", Time since last: 1004953375 ns, Reaching safepoint: 365834 ns, At safepoint: 12750 ns, Total: 378584 ns
[2022-04-29T08:51:42.929+0000][157][safepoint   ] Safepoint "Cleanup", Time since last: 4016572751 ns, Reaching safepoint: 186750 ns, At safepoint: 9375 ns, Total: 196125 ns
[2022-04-29T08:51:43.939+0000][157][safepoint   ] Safepoint "Cleanup", Time since last: 1010053084 ns, Reaching safepoint: 274417 ns, At safepoint: 12750 ns, Total: 287167 ns
[2022-04-29T08:51:44.940+0000][157][safepoint   ] Safepoint "Cleanup", Time since last: 1000918792 ns, Reaching safepoint: 167083 ns, At safepoint: 4709 ns, Total: 171792 ns
[2022-04-29T08:51:45.944+0000][157][safepoint   ] Safepoint "Cleanup", Time since last: 1003300875 ns, Reaching safepoint: 188500 ns, At safepoint: 6584 ns, Total: 195084 ns
[2022-04-29T08:51:47.947+0000][157][safepoint   ] Safepoint "Cleanup", Time since last: 2002717792 ns, Reaching safepoint: 324917 ns, At safepoint: 14625 ns, Total: 339542 ns
[2022-04-29T08:51:49.962+0000][157][safepoint   ] Safepoint "Cleanup", Time since last: 2007689250 ns, Reaching safepoint: 188792 ns, At safepoint: 4917 ns, Total: 193709 ns
[2022-04-29T08:51:50.963+0000][157][safepoint   ] Safepoint "Cleanup", Time since last: 1001203167 ns, Reaching safepoint: 203416 ns, At safepoint: 5292 ns, Total: 208708 ns
[2022-04-29T08:51:52.971+0000][157][safepoint   ] Safepoint "Cleanup", Time since last: 2007279543 ns, Reaching safepoint: 259500 ns, At safepoint: 10416 ns, Total: 269916 ns
[2022-04-29T08:51:55.978+0000][157][safepoint   ] Safepoint "Cleanup", Time since last: 3006762210 ns, Reaching safepoint: 176792 ns, At safepoint: 5500 ns, Total: 182292 ns
[2022-04-29T08:51:56.983+0000][157][safepoint   ] Safepoint "Cleanup", Time since last: 1003943417 ns, Reaching safepoint: 708792 ns, At safepoint: 15416 ns, Total: 724208 ns
[2022-04-29T08:52:01.998+0000][157][safepoint   ] Safepoint "Cleanup", Time since last: 5014673253 ns, Reaching safepoint: 397375 ns, At safepoint: 4791 ns, Total: 402166 ns
[2022-04-29T08:52:03.003+0000][157][safepoint   ] Safepoint "Cleanup", Time since last: 1004524459 ns, Reaching safepoint: 351250 ns, At safepoint: 8042 ns, Total: 359292 ns
[2022-04-29T08:52:05.011+0000][157][safepoint   ] Safepoint "Cleanup", Time since last: 2008299667 ns, Reaching safepoint: 506959 ns, At safepoint: 17708 ns, Total: 524667 ns
[2022-04-29T08:52:06.024+0000][157][safepoint   ] Safepoint "Cleanup", Time since last: 1011601792 ns, Reaching safepoint: 638459 ns, At safepoint: 14958 ns, Total: 653417 ns
[2022-04-29T08:52:08.033+0000][157][safepoint   ] Safepoint "Cleanup", Time since last: 2009440084 ns, Reaching safepoint: 87667 ns, At safepoint: 6500 ns, Total: 94167 ns
[2022-04-29T08:52:09.037+0000][157][safepoint   ] Safepoint "Cleanup", Time since last: 1003256542 ns, Reaching safepoint: 186333 ns, At safepoint: 23917 ns, Total: 210250 ns
[2022-04-29T08:52:10.042+0000][157][safepoint   ] Safepoint "Cleanup", Time since last: 1005247292 ns, Reaching safepoint: 175958 ns, At safepoint: 29417 ns, Total: 205375 ns
[2022-04-29T08:52:11.044+0000][157][safepoint   ] Safepoint "Cleanup", Time since last: 1001031001 ns, Reaching safepoint: 459000 ns, At safepoint: 14250 ns, Total: 473250 ns
[2022-04-29T08:52:15.048+0000][157][safepoint   ] Safepoint "Cleanup", Time since last: 4003976960 ns, Reaching safepoint: 131416 ns, At safepoint: 5542 ns, Total: 136958 ns
[2022-04-29T08:52:20.046+0000][157][safepoint   ] Safepoint "Cleanup", Time since last: 5006356752 ns, Reaching safepoint: 174500 ns, At safepoint: 7459 ns, Total: 181959 ns
[2022-04-29T08:52:21.049+0000][157][safepoint   ] Safepoint "Cleanup", Time since last: 1001417500 ns, Reaching safepoint: 1709542 ns, At safepoint: 13625 ns, Total: 1723167 ns
[2022-04-29T08:52:23.055+0000][157][safepoint   ] Safepoint "Cleanup", Time since last: 2005710542 ns, Reaching safepoint: 202667 ns, At safepoint: 17208 ns, Total: 219875 ns
[2022-04-29T08:52:24.058+0000][157][safepoint   ] Safepoint "Cleanup", Time since last: 1002437126 ns, Reaching safepoint: 260500 ns, At safepoint: 13000 ns, Total: 273500 ns
[2022-04-29T08:52:26.068+0000][157][safepoint   ] Safepoint "Cleanup", Time since last: 2010164001 ns, Reaching safepoint: 375166 ns, At safepoint: 6917 ns, Total: 382083 ns
[2022-04-29T08:52:29.073+0000][157][safepoint   ] Safepoint "Cleanup", Time since last: 3002636502 ns, Reaching safepoint: 1705916 ns, At safepoint: 13042 ns, Total: 1718958 ns
[2022-04-29T08:52:30.083+0000][157][safepoint   ] Safepoint "Cleanup", Time since last: 1010469292 ns, Reaching safepoint: 62625 ns, At safepoint: 3250 ns, Total: 65875 ns
[2022-04-29T08:52:32.090+0000][157][safepoint   ] Safepoint "Cleanup", Time since last: 2006513043 ns, Reaching safepoint: 56666 ns, At safepoint: 2125 ns, Total: 58791 ns
[2022-04-29T08:52:33.097+0000][157][safepoint   ] Safepoint "Cleanup", Time since last: 1006403667 ns, Reaching safepoint: 376625 ns, At safepoint: 8084 ns, Total: 384709 ns
[2022-04-29T08:52:35.105+0000][157][safepoint   ] Safepoint "Cleanup", Time since last: 2007695084 ns, Reaching safepoint: 226875 ns, At safepoint: 11292 ns, Total: 238167 ns
[2022-04-29T08:52:39.118+0000][157][safepoint   ] Safepoint "Cleanup", Time since last: 4012838918 ns, Reaching safepoint: 277542 ns, At safepoint: 5750 ns, Total: 283292 ns
[2022-04-29T08:52:40.125+0000][157][safepoint   ] Safepoint "Cleanup", Time since last: 1006515834 ns, Reaching safepoint: 426625 ns, At safepoint: 14958 ns, Total: 441583 ns
[2022-04-29T08:52:43.157+0000][157][safepoint   ] Safepoint "Cleanup", Time since last: 3031869627 ns, Reaching safepoint: 209708 ns, At safepoint: 7500 ns, Total: 217208 ns
[2022-04-29T08:52:43.756+0000][157][gc,start    ] GC(25) Pause Young (Normal) (G1 Evacuation Pause)
[2022-04-29T08:52:43.764+0000][157][gc,task     ] GC(25) Using 5 workers of 5 for evacuation
[2022-04-29T08:52:43.772+0000][157][gc,age      ] GC(25) Desired survivor size 20971520 bytes, new threshold 15 (max threshold 15)
[2022-04-29T08:52:43.802+0000][157][gc,age      ] GC(25) Age table with threshold 15 (max threshold 15)
[2022-04-29T08:52:43.804+0000][157][gc,age      ] GC(25) - age   1:     924656 bytes,     924656 total
[2022-04-29T08:52:43.806+0000][157][gc,age      ] GC(25) - age   2:     103312 bytes,    1027968 total
[2022-04-29T08:52:43.810+0000][157][gc,age      ] GC(25) - age   3:     496784 bytes,    1524752 total
[2022-04-29T08:52:43.811+0000][157][gc,age      ] GC(25) - age   4:    2407824 bytes,    3932576 total
[2022-04-29T08:52:43.813+0000][157][gc,age      ] GC(25) - age   5:      48424 bytes,    3981000 total
[2022-04-29T08:52:43.814+0000][157][gc,age      ] GC(25) - age   6:      45016 bytes,    4026016 total
[2022-04-29T08:52:43.815+0000][157][gc,age      ] GC(25) - age   7:     319944 bytes,    4345960 total
[2022-04-29T08:52:43.816+0000][157][gc,age      ] GC(25) - age   8:    2391312 bytes,    6737272 total
[2022-04-29T08:52:43.817+0000][157][gc,age      ] GC(25) - age   9:    5955576 bytes,   12692848 total
[2022-04-29T08:52:43.819+0000][157][gc,age      ] GC(25) - age  10:    6327752 bytes,   19020600 total
[2022-04-29T08:52:43.820+0000][157][gc,phases   ] GC(25)   Pre Evacuate Collection Set: 0.3ms
[2022-04-29T08:52:43.821+0000][157][gc,phases   ] GC(25)   Merge Heap Roots: 0.3ms
[2022-04-29T08:52:43.822+0000][157][gc,phases   ] GC(25)   Evacuate Collection Set: 19.6ms
[2022-04-29T08:52:43.823+0000][157][gc,phases   ] GC(25)   Post Evacuate Collection Set: 2.8ms
[2022-04-29T08:52:43.823+0000][157][gc,phases   ] GC(25)   Other: 40.3ms
[2022-04-29T08:52:43.825+0000][157][gc,heap     ] GC(25) Eden regions: 71->0(71)
[2022-04-29T08:52:43.826+0000][157][gc,heap     ] GC(25) Survivor regions: 5->5(10)
[2022-04-29T08:52:43.827+0000][157][gc,heap     ] GC(25) Old regions: 16->16
[2022-04-29T08:52:43.828+0000][157][gc,heap     ] GC(25) Archive regions: 2->2
[2022-04-29T08:52:43.829+0000][157][gc,heap     ] GC(25) Humongous regions: 6->6
[2022-04-29T08:52:43.830+0000][157][gc,metaspace] GC(25) Metaspace: 113459K(115264K)->113459K(115264K) NonClass: 98233K(99264K)->98233K(99264K) Class: 15226K(16000K)->15226K(16000K)
[2022-04-29T08:52:43.831+0000][157][gc          ] GC(25) Pause Young (Normal) (G1 Evacuation Pause) 394M->110M(512M) 74.542ms
[2022-04-29T08:52:43.831+0000][157][gc,cpu      ] GC(25) User=0.09s Sys=0.00s Real=0.07s
[2022-04-29T08:52:43.832+0000][157][safepoint   ] Safepoint "G1CollectForAllocation", Time since last: 599076167 ns, Reaching safepoint: 265833 ns, At safepoint: 76158584 ns, Total: 76424417 ns
[2022-04-29T08:52:45.481+0000][157][safepoint   ] Safepoint "Cleanup", Time since last: 1648020667 ns, Reaching safepoint: 290958 ns, At safepoint: 17125 ns, Total: 308083 ns
[2022-04-29T08:52:48.487+0000][157][safepoint   ] Safepoint "Cleanup", Time since last: 3003761127 ns, Reaching safepoint: 2574541 ns, At safepoint: 15084 ns, Total: 2589625 ns
[2022-04-29T08:52:50.496+0000][157][safepoint   ] Safepoint "Cleanup", Time since last: 2007316833 ns, Reaching safepoint: 95500 ns, At safepoint: 10584 ns, Total: 106084 ns
[2022-04-29T08:52:52.503+0000][157][safepoint   ] Safepoint "Cleanup", Time since last: 2006714876 ns, Reaching safepoint: 187333 ns, At safepoint: 12167 ns, Total: 199500 ns
[2022-04-29T08:52:53.756+0000][157][safepoint   ] Safepoint "Cleanup", Time since last: 1253304125 ns, Reaching safepoint: 133125 ns, At safepoint: 2750 ns, Total: 135875 ns
[2022-04-29T08:52:54.760+0000][157][safepoint   ] Safepoint "Cleanup", Time since last: 1003080709 ns, Reaching safepoint: 714500 ns, At safepoint: 8375 ns, Total: 722875 ns
[2022-04-29T08:52:55.769+0000][157][safepoint   ] Safepoint "Cleanup", Time since last: 1008697376 ns, Reaching safepoint: 283833 ns, At safepoint: 36750 ns, Total: 320583 ns
[2022-04-29T08:52:56.782+0000][157][safepoint   ] Safepoint "Cleanup", Time since last: 1012798084 ns, Reaching safepoint: 66791 ns, At safepoint: 3125 ns, Total: 69916 ns
[2022-04-29T08:52:57.787+0000][157][safepoint   ] Safepoint "Cleanup", Time since last: 1004443293 ns, Reaching safepoint: 259875 ns, At safepoint: 6875 ns, Total: 266750 ns
[2022-04-29T08:52:58.790+0000][157][safepoint   ] Safepoint "Cleanup", Time since last: 1003227917 ns, Reaching safepoint: 393833 ns, At safepoint: 83292 ns, Total: 477125 ns
[2022-04-29T08:53:01.794+0000][157][safepoint   ] Safepoint "Cleanup", Time since last: 3003515334 ns, Reaching safepoint: 160750 ns, At safepoint: 18209 ns, Total: 178959 ns
[2022-04-29T08:53:02.799+0000][157][safepoint   ] Safepoint "Cleanup", Time since last: 1004401917 ns, Reaching safepoint: 468917 ns, At safepoint: 25041 ns, Total: 493958 ns
[2022-04-29T08:53:03.807+0000][157][safepoint   ] Safepoint "Cleanup", Time since last: 1008106917 ns, Reaching safepoint: 157917 ns, At safepoint: 6750 ns, Total: 164667 ns
[2022-04-29T08:53:07.831+0000][157][safepoint   ] Safepoint "Cleanup", Time since last: 4023937085 ns, Reaching safepoint: 69750 ns, At safepoint: 5667 ns, Total: 75417 ns
[2022-04-29T08:53:08.855+0000][157][safepoint   ] Safepoint "Cleanup", Time since last: 1003053209 ns, Reaching safepoint: 20170958 ns, At safepoint: 22250 ns, Total: 20193208 ns
[2022-04-29T08:53:10.864+0000][157][safepoint   ] Safepoint "Cleanup", Time since last: 2008852751 ns, Reaching safepoint: 148208 ns, At safepoint: 7125 ns, Total: 155333 ns
[2022-04-29T08:53:13.868+0000][157][safepoint   ] Safepoint "Cleanup", Time since last: 3004237335 ns, Reaching safepoint: 53500 ns, At safepoint: 3667 ns, Total: 57167 ns
[2022-04-29T08:53:14.869+0000][157][safepoint   ] Safepoint "Cleanup", Time since last: 1000690375 ns, Reaching safepoint: 255834 ns, At safepoint: 6250 ns, Total: 262084 ns
[2022-04-29T08:53:15.871+0000][157][safepoint   ] Safepoint "Cleanup", Time since last: 1002217125 ns, Reaching safepoint: 143667 ns, At safepoint: 9042 ns, Total: 152709 ns
[2022-04-29T08:53:20.886+0000][157][safepoint   ] Safepoint "Cleanup", Time since last: 5015475334 ns, Reaching safepoint: 984125 ns, At safepoint: 30542 ns, Total: 1014667 ns
[2022-04-29T08:53:21.890+0000][157][safepoint   ] Safepoint "Cleanup", Time since last: 1003897375 ns, Reaching safepoint: 211542 ns, At safepoint: 6417 ns, Total: 217959 ns
[2022-04-29T08:53:22.893+0000][157][safepoint   ] Safepoint "Cleanup", Time since last: 1002316875 ns, Reaching safepoint: 417792 ns, At safepoint: 10458 ns, Total: 428250 ns
[2022-04-29T08:53:23.902+0000][157][safepoint   ] Safepoint "Cleanup", Time since last: 1008430167 ns, Reaching safepoint: 282625 ns, At safepoint: 9292 ns, Total: 291917 ns
[2022-04-29T08:53:26.911+0000][157][safepoint   ] Safepoint "Cleanup", Time since last: 3009020085 ns, Reaching safepoint: 719083 ns, At safepoint: 8958 ns, Total: 728041 ns
[2022-04-29T08:53:27.917+0000][157][safepoint   ] Safepoint "Cleanup", Time since last: 1005773293 ns, Reaching safepoint: 291958 ns, At safepoint: 7417 ns, Total: 299375 ns
[2022-04-29T08:53:30.926+0000][157][safepoint   ] Safepoint "Cleanup", Time since last: 3007594918 ns, Reaching safepoint: 1377291 ns, At safepoint: 23584 ns, Total: 1400875 ns
[2022-04-29T08:53:31.935+0000][157][safepoint   ] Safepoint "Cleanup", Time since last: 1007470959 ns, Reaching safepoint: 964916 ns, At safepoint: 32667 ns, Total: 997583 ns
[2022-04-29T08:53:32.940+0000][157][safepoint   ] Safepoint "Cleanup", Time since last: 1005064459 ns, Reaching safepoint: 193583 ns, At safepoint: 5500 ns, Total: 199083 ns
[2022-04-29T08:53:37.952+0000][157][safepoint   ] Safepoint "Cleanup", Time since last: 5010907461 ns, Reaching safepoint: 1087625 ns, At safepoint: 10833 ns, Total: 1098458 ns
[2022-04-29T08:53:38.955+0000][157][safepoint   ] Safepoint "Cleanup", Time since last: 1002030501 ns, Reaching safepoint: 292625 ns, At safepoint: 15458 ns, Total: 308083 ns
[2022-04-29T08:53:39.967+0000][157][safepoint   ] Safepoint "Cleanup", Time since last: 1012454750 ns, Reaching safepoint: 500000 ns, At safepoint: 13209 ns, Total: 513209 ns
[2022-04-29T08:53:40.974+0000][157][safepoint   ] Safepoint "Cleanup", Time since last: 1005936084 ns, Reaching safepoint: 96083 ns, At safepoint: 3542 ns, Total: 99625 ns
[2022-04-29T08:53:43.977+0000][157][safepoint   ] Safepoint "Cleanup", Time since last: 3003406209 ns, Reaching safepoint: 71625 ns, At safepoint: 2250 ns, Total: 73875 ns
[2022-04-29T08:53:45.985+0000][157][safepoint   ] Safepoint "Cleanup", Time since last: 2007529751 ns, Reaching safepoint: 465625 ns, At safepoint: 14875 ns, Total: 480500 ns
[2022-04-29T08:53:49.994+0000][157][safepoint   ] Safepoint "Cleanup", Time since last: 4009203627 ns, Reaching safepoint: 60917 ns, At safepoint: 3041 ns, Total: 63958 ns
[2022-04-29T08:53:50.997+0000][157][safepoint   ] Safepoint "Cleanup", Time since last: 1001939584 ns, Reaching safepoint: 116375 ns, At safepoint: 5458 ns, Total: 121833 ns
[2022-04-29T08:53:52.074+0000][157][safepoint   ] Safepoint "Cleanup", Time since last: 1076982626 ns, Reaching safepoint: 213167 ns, At safepoint: 6000 ns, Total: 219167 ns
[2022-04-29T08:53:53.076+0000][157][safepoint   ] Safepoint "Cleanup", Time since last: 1001521667 ns, Reaching safepoint: 442500 ns, At safepoint: 25250 ns, Total: 467750 ns
[2022-04-29T08:53:56.092+0000][157][safepoint   ] Safepoint "Cleanup", Time since last: 3016078543 ns, Reaching safepoint: 168250 ns, At safepoint: 5333 ns, Total: 173583 ns
[2022-04-29T08:53:57.098+0000][157][safepoint   ] Safepoint "Cleanup", Time since last: 1005293584 ns, Reaching safepoint: 303708 ns, At safepoint: 7834 ns, Total: 311542 ns
[2022-04-29T08:53:57.524+0000][157][gc,start    ] GC(26) Pause Young (Normal) (G1 Evacuation Pause)
[2022-04-29T08:53:57.525+0000][157][gc,task     ] GC(26) Using 5 workers of 5 for evacuation
[2022-04-29T08:53:57.526+0000][157][gc,age      ] GC(26) Desired survivor size 20971520 bytes, new threshold 15 (max threshold 15)
[2022-04-29T08:53:57.535+0000][157][gc,age      ] GC(26) Age table with threshold 15 (max threshold 15)
[2022-04-29T08:53:57.536+0000][157][gc,age      ] GC(26) - age   1:    1459104 bytes,    1459104 total
[2022-04-29T08:53:57.538+0000][157][gc,age      ] GC(26) - age   2:     121304 bytes,    1580408 total
[2022-04-29T08:53:57.538+0000][157][gc,age      ] GC(26) - age   3:      18432 bytes,    1598840 total
[2022-04-29T08:53:57.539+0000][157][gc,age      ] GC(26) - age   4:     138512 bytes,    1737352 total
[2022-04-29T08:53:57.540+0000][157][gc,age      ] GC(26) - age   5:    1714664 bytes,    3452016 total
[2022-04-29T08:53:57.540+0000][157][gc,age      ] GC(26) - age   6:      46936 bytes,    3498952 total
[2022-04-29T08:53:57.541+0000][157][gc,age      ] GC(26) - age   7:      44736 bytes,    3543688 total
[2022-04-29T08:53:57.542+0000][157][gc,age      ] GC(26) - age   8:     319800 bytes,    3863488 total
[2022-04-29T08:53:57.543+0000][157][gc,age      ] GC(26) - age   9:    2270096 bytes,    6133584 total
[2022-04-29T08:53:57.543+0000][157][gc,age      ] GC(26) - age  10:    5861032 bytes,   11994616 total
[2022-04-29T08:53:57.544+0000][157][gc,age      ] GC(26) - age  11:    6325800 bytes,   18320416 total
[2022-04-29T08:53:57.544+0000][157][gc,phases   ] GC(26)   Pre Evacuate Collection Set: 0.1ms
[2022-04-29T08:53:57.545+0000][157][gc,phases   ] GC(26)   Merge Heap Roots: 0.0ms
[2022-04-29T08:53:57.546+0000][157][gc,phases   ] GC(26)   Evacuate Collection Set: 6.3ms
[2022-04-29T08:53:57.546+0000][157][gc,phases   ] GC(26)   Post Evacuate Collection Set: 1.4ms
[2022-04-29T08:53:57.547+0000][157][gc,phases   ] GC(26)   Other: 12.8ms
[2022-04-29T08:53:57.548+0000][157][gc,heap     ] GC(26) Eden regions: 71->0(71)
[2022-04-29T08:53:57.548+0000][157][gc,heap     ] GC(26) Survivor regions: 5->5(10)
[2022-04-29T08:53:57.549+0000][157][gc,heap     ] GC(26) Old regions: 16->16
[2022-04-29T08:53:57.549+0000][157][gc,heap     ] GC(26) Archive regions: 2->2
[2022-04-29T08:53:57.550+0000][157][gc,heap     ] GC(26) Humongous regions: 6->6
[2022-04-29T08:53:57.550+0000][157][gc,metaspace] GC(26) Metaspace: 113800K(115520K)->113800K(115520K) NonClass: 98537K(99520K)->98537K(99520K) Class: 15262K(16000K)->15262K(16000K)
[2022-04-29T08:53:57.551+0000][157][gc          ] GC(26) Pause Young (Normal) (G1 Evacuation Pause) 394M->109M(512M) 26.853ms
[2022-04-29T08:53:57.552+0000][157][gc,cpu      ] GC(26) User=0.03s Sys=0.00s Real=0.03s
[2022-04-29T08:53:57.552+0000][157][safepoint   ] Safepoint "G1CollectForAllocation", Time since last: 426209750 ns, Reaching safepoint: 78125 ns, At safepoint: 28128583 ns, Total: 28206708 ns
[2022-04-29T08:54:02.595+0000][157][safepoint   ] Safepoint "Cleanup", Time since last: 5013683503 ns, Reaching safepoint: 29156250 ns, At safepoint: 24208 ns, Total: 29180458 ns
[2022-04-29T08:54:05.603+0000][157][safepoint   ] Safepoint "Cleanup", Time since last: 3008115751 ns, Reaching safepoint: 84292 ns, At safepoint: 3417 ns, Total: 87709 ns
[2022-04-29T08:54:08.612+0000][157][safepoint   ] Safepoint "Cleanup", Time since last: 3008570834 ns, Reaching safepoint: 326250 ns, At safepoint: 11625 ns, Total: 337875 ns
[2022-04-29T08:54:10.619+0000][157][safepoint   ] Safepoint "Cleanup", Time since last: 2006416210 ns, Reaching safepoint: 264625 ns, At safepoint: 11708 ns, Total: 276333 ns
[2022-04-29T08:54:12.627+0000][157][safepoint   ] Safepoint "Cleanup", Time since last: 2008222209 ns, Reaching safepoint: 149709 ns, At safepoint: 3208 ns, Total: 152917 ns
[2022-04-29T08:54:14.631+0000][157][safepoint   ] Safepoint "Cleanup", Time since last: 2003456293 ns, Reaching safepoint: 161291 ns, At safepoint: 14334 ns, Total: 175625 ns
[2022-04-29T08:54:15.640+0000][157][safepoint   ] Safepoint "Cleanup", Time since last: 1009334792 ns, Reaching safepoint: 253333 ns, At safepoint: 12792 ns, Total: 266125 ns
[2022-04-29T08:54:19.679+0000][157][safepoint   ] Safepoint "Cleanup", Time since last: 4037192376 ns, Reaching safepoint: 133125 ns, At safepoint: 5750 ns, Total: 138875 ns
[2022-04-29T08:54:20.687+0000][157][safepoint   ] Safepoint "Cleanup", Time since last: 1007135251 ns, Reaching safepoint: 1639792 ns, At safepoint: 17791 ns, Total: 1657583 ns
[2022-04-29T08:54:21.706+0000][157][safepoint   ] Safepoint "Cleanup", Time since last: 1018210876 ns, Reaching safepoint: 777375 ns, At safepoint: 13458 ns, Total: 790833 ns
[2022-04-29T08:54:23.734+0000][157][safepoint   ] Safepoint "Cleanup", Time since last: 2027286043 ns, Reaching safepoint: 272166 ns, At safepoint: 14209 ns, Total: 286375 ns
[2022-04-29T08:54:25.747+0000][157][safepoint   ] Safepoint "Cleanup", Time since last: 2012707876 ns, Reaching safepoint: 252541 ns, At safepoint: 9875 ns, Total: 262416 ns
[2022-04-29T08:54:26.761+0000][157][safepoint   ] Safepoint "Cleanup", Time since last: 1013861126 ns, Reaching safepoint: 189875 ns, At safepoint: 5166 ns, Total: 195041 ns
[2022-04-29T08:54:27.764+0000][157][safepoint   ] Safepoint "Cleanup", Time since last: 1002747876 ns, Reaching safepoint: 133500 ns, At safepoint: 4667 ns, Total: 138167 ns
[2022-04-29T08:54:29.766+0000][157][safepoint   ] Safepoint "Cleanup", Time since last: 2001810376 ns, Reaching safepoint: 139875 ns, At safepoint: 10750 ns, Total: 150625 ns
[2022-04-29T08:54:30.770+0000][157][safepoint   ] Safepoint "Cleanup", Time since last: 1003815583 ns, Reaching safepoint: 497834 ns, At safepoint: 12666 ns, Total: 510500 ns
[2022-04-29T08:54:31.775+0000][157][safepoint   ] Safepoint "Cleanup", Time since last: 1004026917 ns, Reaching safepoint: 368792 ns, At safepoint: 25542 ns, Total: 394334 ns
[2022-04-29T08:54:32.783+0000][157][safepoint   ] Safepoint "Cleanup", Time since last: 1008197334 ns, Reaching safepoint: 191875 ns, At safepoint: 7041 ns, Total: 198916 ns
[2022-04-29T08:54:33.788+0000][157][safepoint   ] Safepoint "Cleanup", Time since last: 1004583042 ns, Reaching safepoint: 237417 ns, At safepoint: 7708 ns, Total: 245125 ns
[2022-04-29T08:54:38.807+0000][157][safepoint   ] Safepoint "Cleanup", Time since last: 5018350544 ns, Reaching safepoint: 445459 ns, At safepoint: 8958 ns, Total: 454417 ns
[2022-04-29T08:54:40.821+0000][157][safepoint   ] Safepoint "Cleanup", Time since last: 2004855376 ns, Reaching safepoint: 9289208 ns, At safepoint: 20500 ns, Total: 9309708 ns
[2022-04-29T08:54:43.826+0000][157][safepoint   ] Safepoint "Cleanup", Time since last: 3004707044 ns, Reaching safepoint: 126166 ns, At safepoint: 5459 ns, Total: 131625 ns
[2022-04-29T08:54:50.835+0000][157][safepoint   ] Safepoint "Cleanup", Time since last: 7009968961 ns, Reaching safepoint: 364417 ns, At safepoint: 7833 ns, Total: 372250 ns
[2022-04-29T08:54:51.845+0000][157][safepoint   ] Safepoint "Cleanup", Time since last: 1009516417 ns, Reaching safepoint: 443958 ns, At safepoint: 10584 ns, Total: 454542 ns
[2022-04-29T08:54:52.853+0000][157][safepoint   ] Safepoint "Cleanup", Time since last: 1008684667 ns, Reaching safepoint: 156542 ns, At safepoint: 5833 ns, Total: 162375 ns
[2022-04-29T08:54:53.855+0000][157][safepoint   ] Safepoint "Cleanup", Time since last: 1001800209 ns, Reaching safepoint: 68375 ns, At safepoint: 2250 ns, Total: 70625 ns
[2022-04-29T08:54:55.862+0000][157][safepoint   ] Safepoint "Cleanup", Time since last: 2007005876 ns, Reaching safepoint: 70875 ns, At safepoint: 5083 ns, Total: 75958 ns
[2022-04-29T08:54:56.864+0000][157][safepoint   ] Safepoint "Cleanup", Time since last: 1001436792 ns, Reaching safepoint: 403333 ns, At safepoint: 7917 ns, Total: 411250 ns
[2022-04-29T08:54:58.872+0000][157][safepoint   ] Safepoint "Cleanup", Time since last: 2007691584 ns, Reaching safepoint: 365459 ns, At safepoint: 12125 ns, Total: 377584 ns
[2022-04-29T08:55:02.882+0000][157][safepoint   ] Safepoint "Cleanup", Time since last: 4009239168 ns, Reaching safepoint: 89625 ns, At safepoint: 3334 ns, Total: 92959 ns
[2022-04-29T08:55:05.891+0000][157][safepoint   ] Safepoint "Cleanup", Time since last: 3009066834 ns, Reaching safepoint: 717542 ns, At safepoint: 22125 ns, Total: 739667 ns
[2022-04-29T08:55:07.901+0000][157][safepoint   ] Safepoint "Cleanup", Time since last: 2009999084 ns, Reaching safepoint: 60584 ns, At safepoint: 2000 ns, Total: 62584 ns
[2022-04-29T08:55:08.904+0000][157][safepoint   ] Safepoint "Cleanup", Time since last: 1002245500 ns, Reaching safepoint: 342209 ns, At safepoint: 14583 ns, Total: 356792 ns
[2022-04-29T08:55:09.912+0000][157][safepoint   ] Safepoint "Cleanup", Time since last: 1008177042 ns, Reaching safepoint: 235208 ns, At safepoint: 6042 ns, Total: 241250 ns
[2022-04-29T08:55:10.841+0000][157][gc,start    ] GC(27) Pause Young (Normal) (G1 Evacuation Pause)
[2022-04-29T08:55:10.844+0000][157][gc,task     ] GC(27) Using 5 workers of 5 for evacuation
[2022-04-29T08:55:10.845+0000][157][gc,age      ] GC(27) Desired survivor size 20971520 bytes, new threshold 15 (max threshold 15)
[2022-04-29T08:55:10.862+0000][157][gc,age      ] GC(27) Age table with threshold 15 (max threshold 15)
[2022-04-29T08:55:10.863+0000][157][gc,age      ] GC(27) - age   1:     805400 bytes,     805400 total
[2022-04-29T08:55:10.865+0000][157][gc,age      ] GC(27) - age   2:     430920 bytes,    1236320 total
[2022-04-29T08:55:10.866+0000][157][gc,age      ] GC(27) - age   3:     109440 bytes,    1345760 total
[2022-04-29T08:55:10.868+0000][157][gc,age      ] GC(27) - age   4:      18080 bytes,    1363840 total
[2022-04-29T08:55:10.869+0000][157][gc,age      ] GC(27) - age   5:     138384 bytes,    1502224 total
[2022-04-29T08:55:10.870+0000][157][gc,age      ] GC(27) - age   6:    1713592 bytes,    3215816 total
[2022-04-29T08:55:10.872+0000][157][gc,age      ] GC(27) - age   7:      46904 bytes,    3262720 total
[2022-04-29T08:55:10.872+0000][157][gc,age      ] GC(27) - age   8:      42464 bytes,    3305184 total
[2022-04-29T08:55:10.873+0000][157][gc,age      ] GC(27) - age   9:     317472 bytes,    3622656 total
[2022-04-29T08:55:10.875+0000][157][gc,age      ] GC(27) - age  10:    2269672 bytes,    5892328 total
[2022-04-29T08:55:10.877+0000][157][gc,age      ] GC(27) - age  11:    5860712 bytes,   11753040 total
[2022-04-29T08:55:10.878+0000][157][gc,age      ] GC(27) - age  12:    6325800 bytes,   18078840 total
[2022-04-29T08:55:10.879+0000][157][gc,phases   ] GC(27)   Pre Evacuate Collection Set: 0.3ms
[2022-04-29T08:55:10.880+0000][157][gc,phases   ] GC(27)   Merge Heap Roots: 0.1ms
[2022-04-29T08:55:10.881+0000][157][gc,phases   ] GC(27)   Evacuate Collection Set: 13.2ms
[2022-04-29T08:55:10.882+0000][157][gc,phases   ] GC(27)   Post Evacuate Collection Set: 2.0ms
[2022-04-29T08:55:10.883+0000][157][gc,phases   ] GC(27)   Other: 21.9ms
[2022-04-29T08:55:10.884+0000][157][gc,heap     ] GC(27) Eden regions: 71->0(71)
[2022-04-29T08:55:10.885+0000][157][gc,heap     ] GC(27) Survivor regions: 5->5(10)
[2022-04-29T08:55:10.886+0000][157][gc,heap     ] GC(27) Old regions: 16->16
[2022-04-29T08:55:10.887+0000][157][gc,heap     ] GC(27) Archive regions: 2->2
[2022-04-29T08:55:10.888+0000][157][gc,heap     ] GC(27) Humongous regions: 6->6
[2022-04-29T08:55:10.889+0000][157][gc,metaspace] GC(27) Metaspace: 113935K(115648K)->113935K(115648K) NonClass: 98672K(99648K)->98672K(99648K) Class: 15262K(16000K)->15262K(16000K)
[2022-04-29T08:55:10.889+0000][157][gc          ] GC(27) Pause Young (Normal) (G1 Evacuation Pause) 393M->109M(512M) 47.997ms
[2022-04-29T08:55:10.890+0000][157][gc,cpu      ] GC(27) User=0.06s Sys=0.01s Real=0.05s
[2022-04-29T08:55:10.891+0000][157][safepoint   ] Safepoint "G1CollectForAllocation", Time since last: 928524042 ns, Reaching safepoint: 198250 ns, At safepoint: 49504167 ns, Total: 49702417 ns
[2022-04-29T08:55:13.898+0000][157][safepoint   ] Safepoint "Cleanup", Time since last: 3007127543 ns, Reaching safepoint: 270917 ns, At safepoint: 5500 ns, Total: 276417 ns
[2022-04-29T08:55:14.903+0000][157][safepoint   ] Safepoint "Cleanup", Time since last: 1002562792 ns, Reaching safepoint: 2323916 ns, At safepoint: 36375 ns, Total: 2360291 ns
[2022-04-29T08:55:15.915+0000][157][safepoint   ] Safepoint "Cleanup", Time since last: 1012263501 ns, Reaching safepoint: 174333 ns, At safepoint: 6500 ns, Total: 180833 ns
[2022-04-29T08:55:20.937+0000][157][safepoint   ] Safepoint "Cleanup", Time since last: 5020607586 ns, Reaching safepoint: 159416 ns, At safepoint: 4667 ns, Total: 164083 ns
[2022-04-29T08:55:25.947+0000][157][safepoint   ] Safepoint "Cleanup", Time since last: 5010314711 ns, Reaching safepoint: 102500 ns, At safepoint: 3958 ns, Total: 106458 ns
[2022-04-29T08:55:27.951+0000][157][safepoint   ] Safepoint "Cleanup", Time since last: 2004282834 ns, Reaching safepoint: 186167 ns, At safepoint: 6083 ns, Total: 192250 ns
[2022-04-29T08:55:31.963+0000][157][safepoint   ] Safepoint "Cleanup", Time since last: 4011218711 ns, Reaching safepoint: 79833 ns, At safepoint: 2917 ns, Total: 82750 ns
[2022-04-29T08:55:32.965+0000][157][safepoint   ] Safepoint "Cleanup", Time since last: 1001586125 ns, Reaching safepoint: 194667 ns, At safepoint: 14791 ns, Total: 209458 ns
[2022-04-29T08:55:38.971+0000][157][safepoint   ] Safepoint "Cleanup", Time since last: 6005876503 ns, Reaching safepoint: 232334 ns, At safepoint: 13375 ns, Total: 245709 ns
[2022-04-29T08:55:40.977+0000][157][safepoint   ] Safepoint "Cleanup", Time since last: 2006088709 ns, Reaching safepoint: 199625 ns, At safepoint: 8208 ns, Total: 207833 ns
[2022-04-29T08:55:47.991+0000][157][safepoint   ] Safepoint "Cleanup", Time since last: 7014089420 ns, Reaching safepoint: 326000 ns, At safepoint: 11917 ns, Total: 337917 ns
[2022-04-29T08:55:51.005+0000][157][safepoint   ] Safepoint "Cleanup", Time since last: 3014056042 ns, Reaching safepoint: 84209 ns, At safepoint: 2583 ns, Total: 86792 ns
[2022-04-29T08:55:53.008+0000][157][safepoint   ] Safepoint "Cleanup", Time since last: 2001976293 ns, Reaching safepoint: 787500 ns, At safepoint: 15416 ns, Total: 802916 ns
[2022-04-29T08:55:58.024+0000][157][safepoint   ] Safepoint "Cleanup", Time since last: 5015323669 ns, Reaching safepoint: 177042 ns, At safepoint: 9083 ns, Total: 186125 ns
[2022-04-29T08:56:03.033+0000][157][safepoint   ] Safepoint "Cleanup", Time since last: 5009242419 ns, Reaching safepoint: 313167 ns, At safepoint: 10917 ns, Total: 324084 ns
[2022-04-29T08:56:04.044+0000][157][safepoint   ] Safepoint "Cleanup", Time since last: 1010351375 ns, Reaching safepoint: 438000 ns, At safepoint: 12417 ns, Total: 450417 ns
[2022-04-29T08:56:05.056+0000][157][safepoint   ] Safepoint "Cleanup", Time since last: 1011559000 ns, Reaching safepoint: 517084 ns, At safepoint: 23333 ns, Total: 540417 ns
[2022-04-29T08:56:08.065+0000][157][safepoint   ] Safepoint "Cleanup", Time since last: 3008573043 ns, Reaching safepoint: 233083 ns, At safepoint: 5959 ns, Total: 239042 ns
[2022-04-29T08:56:11.070+0000][157][safepoint   ] Safepoint "Cleanup", Time since last: 3004921001 ns, Reaching safepoint: 120459 ns, At safepoint: 5708 ns, Total: 126167 ns
[2022-04-29T08:56:15.076+0000][157][safepoint   ] Safepoint "Cleanup", Time since last: 4006261877 ns, Reaching safepoint: 70458 ns, At safepoint: 7833 ns, Total: 78291 ns
[2022-04-29T08:56:16.081+0000][157][safepoint   ] Safepoint "Cleanup", Time since last: 1004045376 ns, Reaching safepoint: 786125 ns, At safepoint: 41292 ns, Total: 827417 ns
[2022-04-29T08:56:21.095+0000][157][safepoint   ] Safepoint "Cleanup", Time since last: 5012412543 ns, Reaching safepoint: 224375 ns, At safepoint: 9333 ns, Total: 233708 ns
[2022-04-29T08:56:26.117+0000][157][safepoint   ] Safepoint "Cleanup", Time since last: 5022376877 ns, Reaching safepoint: 97375 ns, At safepoint: 9750 ns, Total: 107125 ns
[2022-04-29T08:56:27.122+0000][157][safepoint   ] Safepoint "Cleanup", Time since last: 1004033709 ns, Reaching safepoint: 733792 ns, At safepoint: 14167 ns, Total: 747959 ns
[2022-04-29T08:56:32.137+0000][157][safepoint   ] Safepoint "Cleanup", Time since last: 5015384919 ns, Reaching safepoint: 92000 ns, At safepoint: 2291 ns, Total: 94291 ns
[2022-04-29T08:56:33.140+0000][157][safepoint   ] Safepoint "Cleanup", Time since last: 1002580417 ns, Reaching safepoint: 243834 ns, At safepoint: 16833 ns, Total: 260667 ns
[2022-04-29T08:56:34.145+0000][157][safepoint   ] Safepoint "Cleanup", Time since last: 1004581126 ns, Reaching safepoint: 669416 ns, At safepoint: 14000 ns, Total: 683416 ns
[2022-04-29T08:56:35.115+0000][157][gc,start    ] GC(28) Pause Young (Normal) (G1 Evacuation Pause)
[2022-04-29T08:56:35.116+0000][157][gc,task     ] GC(28) Using 5 workers of 5 for evacuation
[2022-04-29T08:56:35.116+0000][157][gc,age      ] GC(28) Desired survivor size 20971520 bytes, new threshold 15 (max threshold 15)
[2022-04-29T08:56:35.130+0000][157][gc,age      ] GC(28) Age table with threshold 15 (max threshold 15)
[2022-04-29T08:56:35.132+0000][157][gc,age      ] GC(28) - age   1:    1114928 bytes,    1114928 total
[2022-04-29T08:56:35.133+0000][157][gc,age      ] GC(28) - age   2:      51464 bytes,    1166392 total
[2022-04-29T08:56:35.134+0000][157][gc,age      ] GC(28) - age   3:     428968 bytes,    1595360 total
[2022-04-29T08:56:35.135+0000][157][gc,age      ] GC(28) - age   4:     109312 bytes,    1704672 total
[2022-04-29T08:56:35.136+0000][157][gc,age      ] GC(28) - age   5:      17896 bytes,    1722568 total
[2022-04-29T08:56:35.136+0000][157][gc,age      ] GC(28) - age   6:     138008 bytes,    1860576 total
[2022-04-29T08:56:35.137+0000][157][gc,age      ] GC(28) - age   7:    1673984 bytes,    3534560 total
[2022-04-29T08:56:35.138+0000][157][gc,age      ] GC(28) - age   8:      46904 bytes,    3581464 total
[2022-04-29T08:56:35.139+0000][157][gc,age      ] GC(28) - age   9:      42464 bytes,    3623928 total
[2022-04-29T08:56:35.140+0000][157][gc,age      ] GC(28) - age  10:     317472 bytes,    3941400 total
[2022-04-29T08:56:35.140+0000][157][gc,age      ] GC(28) - age  11:    2266008 bytes,    6207408 total
[2022-04-29T08:56:35.141+0000][157][gc,age      ] GC(28) - age  12:    5860712 bytes,   12068120 total
[2022-04-29T08:56:35.142+0000][157][gc,age      ] GC(28) - age  13:    6323984 bytes,   18392104 total
[2022-04-29T08:56:35.143+0000][157][gc,phases   ] GC(28)   Pre Evacuate Collection Set: 0.2ms
[2022-04-29T08:56:35.144+0000][157][gc,phases   ] GC(28)   Merge Heap Roots: 0.2ms
[2022-04-29T08:56:35.144+0000][157][gc,phases   ] GC(28)   Evacuate Collection Set: 11.9ms
[2022-04-29T08:56:35.145+0000][157][gc,phases   ] GC(28)   Post Evacuate Collection Set: 1.6ms
[2022-04-29T08:56:35.146+0000][157][gc,phases   ] GC(28)   Other: 13.7ms
[2022-04-29T08:56:35.146+0000][157][gc,heap     ] GC(28) Eden regions: 71->0(71)
[2022-04-29T08:56:35.147+0000][157][gc,heap     ] GC(28) Survivor regions: 5->5(10)
[2022-04-29T08:56:35.148+0000][157][gc,heap     ] GC(28) Old regions: 16->16
[2022-04-29T08:56:35.149+0000][157][gc,heap     ] GC(28) Archive regions: 2->2
[2022-04-29T08:56:35.149+0000][157][gc,heap     ] GC(28) Humongous regions: 6->6
[2022-04-29T08:56:35.150+0000][157][gc,metaspace] GC(28) Metaspace: 114036K(115840K)->114036K(115840K) NonClass: 98774K(99840K)->98774K(99840K) Class: 15262K(16000K)->15262K(16000K)
[2022-04-29T08:56:35.151+0000][157][gc          ] GC(28) Pause Young (Normal) (G1 Evacuation Pause) 393M->109M(512M) 35.496ms
[2022-04-29T08:56:35.151+0000][157][gc,cpu      ] GC(28) User=0.03s Sys=0.01s Real=0.03s
[2022-04-29T08:56:35.153+0000][157][safepoint   ] Safepoint "G1CollectForAllocation", Time since last: 969545334 ns, Reaching safepoint: 60167 ns, At safepoint: 38313083 ns, Total: 38373250 ns
[2022-04-29T08:56:36.154+0000][157][safepoint   ] Safepoint "Cleanup", Time since last: 1000817376 ns, Reaching safepoint: 277083 ns, At safepoint: 11625 ns, Total: 288708 ns
[2022-04-29T08:56:38.178+0000][157][safepoint   ] Safepoint "Cleanup", Time since last: 2023870459 ns, Reaching safepoint: 138000 ns, At safepoint: 6417 ns, Total: 144417 ns
[2022-04-29T08:56:39.183+0000][157][safepoint   ] Safepoint "Cleanup", Time since last: 1004253917 ns, Reaching safepoint: 303417 ns, At safepoint: 12666 ns, Total: 316083 ns
[2022-04-29T08:56:40.186+0000][157][safepoint   ] Safepoint "Cleanup", Time since last: 1003331584 ns, Reaching safepoint: 140750 ns, At safepoint: 4958 ns, Total: 145708 ns
[2022-04-29T08:56:45.198+0000][157][safepoint   ] Safepoint "Cleanup", Time since last: 5011703336 ns, Reaching safepoint: 195334 ns, At safepoint: 10708 ns, Total: 206042 ns
[2022-04-29T08:56:46.201+0000][157][safepoint   ] Safepoint "Cleanup", Time since last: 1002518042 ns, Reaching safepoint: 139792 ns, At safepoint: 5666 ns, Total: 145458 ns
[2022-04-29T08:56:48.216+0000][157][safepoint   ] Safepoint "Cleanup", Time since last: 2015182043 ns, Reaching safepoint: 189958 ns, At safepoint: 9667 ns, Total: 199625 ns
[2022-04-29T08:56:53.229+0000][157][safepoint   ] Safepoint "Cleanup", Time since last: 5013058460 ns, Reaching safepoint: 645292 ns, At safepoint: 19042 ns, Total: 664334 ns
[2022-04-29T08:56:57.245+0000][157][safepoint   ] Safepoint "Cleanup", Time since last: 4014916252 ns, Reaching safepoint: 226750 ns, At safepoint: 7875 ns, Total: 234625 ns
[2022-04-29T08:57:02.261+0000][157][safepoint   ] Safepoint "Cleanup", Time since last: 5015994169 ns, Reaching safepoint: 177125 ns, At safepoint: 15250 ns, Total: 192375 ns
[2022-04-29T08:57:08.280+0000][157][safepoint   ] Safepoint "Cleanup", Time since last: 6018616753 ns, Reaching safepoint: 461291 ns, At safepoint: 4750 ns, Total: 466041 ns
[2022-04-29T08:57:15.302+0000][157][safepoint   ] Safepoint "Cleanup", Time since last: 7021519170 ns, Reaching safepoint: 835917 ns, At safepoint: 8542 ns, Total: 844459 ns
[2022-04-29T08:57:16.307+0000][157][safepoint   ] Safepoint "Cleanup", Time since last: 1004765958 ns, Reaching safepoint: 398792 ns, At safepoint: 38708 ns, Total: 437500 ns
[2022-04-29T08:57:17.315+0000][157][safepoint   ] Safepoint "Cleanup", Time since last: 1007548293 ns, Reaching safepoint: 362500 ns, At safepoint: 11541 ns, Total: 374041 ns
[2022-04-29T08:57:20.328+0000][157][safepoint   ] Safepoint "Cleanup", Time since last: 3010912543 ns, Reaching safepoint: 146083 ns, At safepoint: 5292 ns, Total: 151375 ns
[2022-04-29T08:57:24.350+0000][157][safepoint   ] Safepoint "Cleanup", Time since last: 4009393377 ns, Reaching safepoint: 13284292 ns, At safepoint: 25083 ns, Total: 13309375 ns
[2022-04-29T08:57:27.361+0000][157][safepoint   ] Safepoint "Cleanup", Time since last: 3010457585 ns, Reaching safepoint: 303916 ns, At safepoint: 7542 ns, Total: 311458 ns
[2022-04-29T08:57:32.370+0000][157][safepoint   ] Safepoint "Cleanup", Time since last: 5008693294 ns, Reaching safepoint: 164833 ns, At safepoint: 4959 ns, Total: 169792 ns
[2022-04-29T08:57:34.377+0000][157][safepoint   ] Safepoint "Cleanup", Time since last: 2006611126 ns, Reaching safepoint: 139041 ns, At safepoint: 5834 ns, Total: 144875 ns
[2022-04-29T08:57:35.381+0000][157][safepoint   ] Safepoint "Cleanup", Time since last: 1004327708 ns, Reaching safepoint: 391917 ns, At safepoint: 14583 ns, Total: 406500 ns
[2022-04-29T08:57:37.389+0000][157][safepoint   ] Safepoint "Cleanup", Time since last: 2007647460 ns, Reaching safepoint: 413125 ns, At safepoint: 7791 ns, Total: 420916 ns
[2022-04-29T08:57:38.399+0000][157][safepoint   ] Safepoint "Cleanup", Time since last: 1009520543 ns, Reaching safepoint: 115583 ns, At safepoint: 6792 ns, Total: 122375 ns
[2022-04-29T08:57:41.405+0000][157][safepoint   ] Safepoint "Cleanup", Time since last: 3005356584 ns, Reaching safepoint: 198250 ns, At safepoint: 46125 ns, Total: 244375 ns
[2022-04-29T08:57:43.412+0000][157][safepoint   ] Safepoint "Cleanup", Time since last: 2007261251 ns, Reaching safepoint: 250375 ns, At safepoint: 6459 ns, Total: 256834 ns
[2022-04-29T08:57:44.417+0000][157][safepoint   ] Safepoint "Cleanup", Time since last: 1005152792 ns, Reaching safepoint: 114750 ns, At safepoint: 5333 ns, Total: 120083 ns
[2022-04-29T08:57:45.420+0000][157][safepoint   ] Safepoint "Cleanup", Time since last: 1002898959 ns, Reaching safepoint: 53875 ns, At safepoint: 2625 ns, Total: 56500 ns
[2022-04-29T08:57:50.440+0000][157][safepoint   ] Safepoint "Cleanup", Time since last: 5020331294 ns, Reaching safepoint: 133666 ns, At safepoint: 10334 ns, Total: 144000 ns
[2022-04-29T08:57:53.450+0000][157][safepoint   ] Safepoint "Cleanup", Time since last: 3009880418 ns, Reaching safepoint: 161125 ns, At safepoint: 6041 ns, Total: 167166 ns
[2022-04-29T08:57:56.306+0000][157][gc,start    ] GC(29) Pause Young (Normal) (G1 Evacuation Pause)
[2022-04-29T08:57:56.306+0000][157][gc,task     ] GC(29) Using 5 workers of 5 for evacuation
[2022-04-29T08:57:56.307+0000][157][gc,age      ] GC(29) Desired survivor size 20971520 bytes, new threshold 15 (max threshold 15)
[2022-04-29T08:57:56.318+0000][157][gc,age      ] GC(29) Age table with threshold 15 (max threshold 15)
[2022-04-29T08:57:56.319+0000][157][gc,age      ] GC(29) - age   1:    1409432 bytes,    1409432 total
[2022-04-29T08:57:56.320+0000][157][gc,age      ] GC(29) - age   2:      21168 bytes,    1430600 total
[2022-04-29T08:57:56.321+0000][157][gc,age      ] GC(29) - age   3:      50256 bytes,    1480856 total
[2022-04-29T08:57:56.322+0000][157][gc,age      ] GC(29) - age   4:     427472 bytes,    1908328 total
[2022-04-29T08:57:56.323+0000][157][gc,age      ] GC(29) - age   5:     109312 bytes,    2017640 total
[2022-04-29T08:57:56.324+0000][157][gc,age      ] GC(29) - age   6:      17696 bytes,    2035336 total
[2022-04-29T08:57:56.324+0000][157][gc,age      ] GC(29) - age   7:     138008 bytes,    2173344 total
[2022-04-29T08:57:56.325+0000][157][gc,age      ] GC(29) - age   8:    1673920 bytes,    3847264 total
[2022-04-29T08:57:56.326+0000][157][gc,age      ] GC(29) - age   9:      46904 bytes,    3894168 total
[2022-04-29T08:57:56.327+0000][157][gc,age      ] GC(29) - age  10:      42464 bytes,    3936632 total
[2022-04-29T08:57:56.328+0000][157][gc,age      ] GC(29) - age  11:     317472 bytes,    4254104 total
[2022-04-29T08:57:56.329+0000][157][gc,age      ] GC(29) - age  12:    2266008 bytes,    6520112 total
[2022-04-29T08:57:56.329+0000][157][gc,age      ] GC(29) - age  13:    5860712 bytes,   12380824 total
[2022-04-29T08:57:56.330+0000][157][gc,age      ] GC(29) - age  14:    6323776 bytes,   18704600 total
[2022-04-29T08:57:56.331+0000][157][gc,phases   ] GC(29)   Pre Evacuate Collection Set: 0.1ms
[2022-04-29T08:57:56.331+0000][157][gc,phases   ] GC(29)   Merge Heap Roots: 0.1ms
[2022-04-29T08:57:56.332+0000][157][gc,phases   ] GC(29)   Evacuate Collection Set: 8.4ms
[2022-04-29T08:57:56.333+0000][157][gc,phases   ] GC(29)   Post Evacuate Collection Set: 1.6ms
[2022-04-29T08:57:56.334+0000][157][gc,phases   ] GC(29)   Other: 14.9ms
[2022-04-29T08:57:56.334+0000][157][gc,heap     ] GC(29) Eden regions: 71->0(71)
[2022-04-29T08:57:56.335+0000][157][gc,heap     ] GC(29) Survivor regions: 5->5(10)
[2022-04-29T08:57:56.336+0000][157][gc,heap     ] GC(29) Old regions: 16->16
[2022-04-29T08:57:56.337+0000][157][gc,heap     ] GC(29) Archive regions: 2->2
[2022-04-29T08:57:56.338+0000][157][gc,heap     ] GC(29) Humongous regions: 6->6
[2022-04-29T08:57:56.339+0000][157][gc,metaspace] GC(29) Metaspace: 114145K(115904K)->114145K(115904K) NonClass: 98880K(99904K)->98880K(99904K) Class: 15264K(16000K)->15264K(16000K)
[2022-04-29T08:57:56.341+0000][157][gc          ] GC(29) Pause Young (Normal) (G1 Evacuation Pause) 393M->110M(512M) 35.260ms
[2022-04-29T08:57:56.342+0000][157][gc,cpu      ] GC(29) User=0.04s Sys=0.01s Real=0.03s
[2022-04-29T08:57:56.343+0000][157][safepoint   ] Safepoint "G1CollectForAllocation", Time since last: 2855470002 ns, Reaching safepoint: 238833 ns, At safepoint: 37688584 ns, Total: 37927417 ns
[2022-04-29T08:57:57.344+0000][157][safepoint   ] Safepoint "Cleanup", Time since last: 1001212417 ns, Reaching safepoint: 53375 ns, At safepoint: 4875 ns, Total: 58250 ns
[2022-04-29T08:57:58.346+0000][157][safepoint   ] Safepoint "Cleanup", Time since last: 1001439042 ns, Reaching safepoint: 261791 ns, At safepoint: 5417 ns, Total: 267208 ns
[2022-04-29T08:58:02.353+0000][157][safepoint   ] Safepoint "Cleanup", Time since last: 4006596460 ns, Reaching safepoint: 59042 ns, At safepoint: 2250 ns, Total: 61292 ns
[2022-04-29T08:58:03.355+0000][157][safepoint   ] Safepoint "Cleanup", Time since last: 1001947209 ns, Reaching safepoint: 716375 ns, At safepoint: 18500 ns, Total: 734875 ns
[2022-04-29T08:58:04.370+0000][157][safepoint   ] Safepoint "Cleanup", Time since last: 1013929209 ns, Reaching safepoint: 176708 ns, At safepoint: 6292 ns, Total: 183000 ns
[2022-04-29T08:58:05.376+0000][157][safepoint   ] Safepoint "Cleanup", Time since last: 1005789667 ns, Reaching safepoint: 177791 ns, At safepoint: 6084 ns, Total: 183875 ns
[2022-04-29T08:58:08.382+0000][157][safepoint   ] Safepoint "Cleanup", Time since last: 3006317585 ns, Reaching safepoint: 222291 ns, At safepoint: 4959 ns, Total: 227250 ns
[2022-04-29T08:58:09.384+0000][157][safepoint   ] Safepoint "Cleanup", Time since last: 1001836958 ns, Reaching safepoint: 317959 ns, At safepoint: 16458 ns, Total: 334417 ns
[2022-04-29T08:58:15.391+0000][157][safepoint   ] Safepoint "Cleanup", Time since last: 6006433336 ns, Reaching safepoint: 586667 ns, At safepoint: 14542 ns, Total: 601209 ns
[2022-04-29T08:58:16.398+0000][157][safepoint   ] Safepoint "Cleanup", Time since last: 1005845000 ns, Reaching safepoint: 742917 ns, At safepoint: 15416 ns, Total: 758333 ns
[2022-04-29T08:58:20.406+0000][157][safepoint   ] Safepoint "Cleanup", Time since last: 4012020751 ns, Reaching safepoint: 124292 ns, At safepoint: 4500 ns, Total: 128792 ns
[2022-04-29T08:58:23.416+0000][157][safepoint   ] Safepoint "Cleanup", Time since last: 3010227793 ns, Reaching safepoint: 278625 ns, At safepoint: 14792 ns, Total: 293417 ns
[2022-04-29T08:58:26.429+0000][157][safepoint   ] Safepoint "Cleanup", Time since last: 3013161585 ns, Reaching safepoint: 112416 ns, At safepoint: 4000 ns, Total: 116416 ns
[2022-04-29T08:58:29.434+0000][157][safepoint   ] Safepoint "Cleanup", Time since last: 3004397002 ns, Reaching safepoint: 485125 ns, At safepoint: 15750 ns, Total: 500875 ns
[2022-04-29T08:58:32.445+0000][157][safepoint   ] Safepoint "Cleanup", Time since last: 3010049834 ns, Reaching safepoint: 256084 ns, At safepoint: 9291 ns, Total: 265375 ns
[2022-04-29T08:58:34.448+0000][157][safepoint   ] Safepoint "Cleanup", Time since last: 2002829501 ns, Reaching safepoint: 272917 ns, At safepoint: 8250 ns, Total: 281167 ns
[2022-04-29T08:58:35.450+0000][157][safepoint   ] Safepoint "Cleanup", Time since last: 1002100459 ns, Reaching safepoint: 82625 ns, At safepoint: 3708 ns, Total: 86333 ns
[2022-04-29T08:58:38.459+0000][157][safepoint   ] Safepoint "Cleanup", Time since last: 3008428543 ns, Reaching safepoint: 330917 ns, At safepoint: 12792 ns, Total: 343709 ns
[2022-04-29T08:58:39.462+0000][157][safepoint   ] Safepoint "Cleanup", Time since last: 1003489083 ns, Reaching safepoint: 230209 ns, At safepoint: 6000 ns, Total: 236209 ns
[2022-04-29T08:58:41.469+0000][157][safepoint   ] Safepoint "Cleanup", Time since last: 2005850167 ns, Reaching safepoint: 469000 ns, At safepoint: 14584 ns, Total: 483584 ns
[2022-04-29T08:58:42.480+0000][157][safepoint   ] Safepoint "Cleanup", Time since last: 1010713292 ns, Reaching safepoint: 245083 ns, At safepoint: 5375 ns, Total: 250458 ns
[2022-04-29T08:58:44.484+0000][157][safepoint   ] Safepoint "Cleanup", Time since last: 2004084668 ns, Reaching safepoint: 98458 ns, At safepoint: 4458 ns, Total: 102916 ns
[2022-04-29T08:58:45.486+0000][157][safepoint   ] Safepoint "Cleanup", Time since last: 1001544001 ns, Reaching safepoint: 822000 ns, At safepoint: 43333 ns, Total: 865333 ns
[2022-04-29T08:58:53.518+0000][157][safepoint   ] Safepoint "Cleanup", Time since last: 8017537503 ns, Reaching safepoint: 246459 ns, At safepoint: 14750 ns, Total: 261209 ns
[2022-04-29T08:58:58.532+0000][157][safepoint   ] Safepoint "Cleanup", Time since last: 5012906002 ns, Reaching safepoint: 881292 ns, At safepoint: 17958 ns, Total: 899250 ns
[2022-04-29T08:59:02.562+0000][157][safepoint   ] Safepoint "Cleanup", Time since last: 4030688710 ns, Reaching safepoint: 138625 ns, At safepoint: 3917 ns, Total: 142542 ns
[2022-04-29T08:59:07.403+0000][157][gc,start    ] GC(30) Pause Young (Normal) (G1 Evacuation Pause)
[2022-04-29T08:59:07.412+0000][157][gc,task     ] GC(30) Using 5 workers of 5 for evacuation
[2022-04-29T08:59:07.426+0000][157][gc,age      ] GC(30) Desired survivor size 20971520 bytes, new threshold 15 (max threshold 15)
[2022-04-29T08:59:07.456+0000][157][gc,age      ] GC(30) Age table with threshold 15 (max threshold 15)
[2022-04-29T08:59:07.458+0000][157][gc,age      ] GC(30) - age   1:     816296 bytes,     816296 total
[2022-04-29T08:59:07.460+0000][157][gc,age      ] GC(30) - age   2:      14040 bytes,     830336 total
[2022-04-29T08:59:07.462+0000][157][gc,age      ] GC(30) - age   3:      19288 bytes,     849624 total
[2022-04-29T08:59:07.464+0000][157][gc,age      ] GC(30) - age   4:      41056 bytes,     890680 total
[2022-04-29T08:59:07.466+0000][157][gc,age      ] GC(30) - age   5:     336120 bytes,    1226800 total
[2022-04-29T08:59:07.467+0000][157][gc,age      ] GC(30) - age   6:     109312 bytes,    1336112 total
[2022-04-29T08:59:07.469+0000][157][gc,age      ] GC(30) - age   7:      17696 bytes,    1353808 total
[2022-04-29T08:59:07.470+0000][157][gc,age      ] GC(30) - age   8:     138008 bytes,    1491816 total
[2022-04-29T08:59:07.472+0000][157][gc,age      ] GC(30) - age   9:    1563760 bytes,    3055576 total
[2022-04-29T08:59:07.473+0000][157][gc,age      ] GC(30) - age  10:      46840 bytes,    3102416 total
[2022-04-29T08:59:07.474+0000][157][gc,age      ] GC(30) - age  11:      42464 bytes,    3144880 total
[2022-04-29T08:59:07.475+0000][157][gc,age      ] GC(30) - age  12:     317176 bytes,    3462056 total
[2022-04-29T08:59:07.476+0000][157][gc,age      ] GC(30) - age  13:    2262840 bytes,    5724896 total
[2022-04-29T08:59:07.477+0000][157][gc,age      ] GC(30) - age  14:    5860712 bytes,   11585608 total
[2022-04-29T08:59:07.478+0000][157][gc,age      ] GC(30) - age  15:    6282880 bytes,   17868488 total
[2022-04-29T08:59:07.479+0000][157][gc,phases   ] GC(30)   Pre Evacuate Collection Set: 0.5ms
[2022-04-29T08:59:07.480+0000][157][gc,phases   ] GC(30)   Merge Heap Roots: 2.4ms
[2022-04-29T08:59:07.481+0000][157][gc,phases   ] GC(30)   Evacuate Collection Set: 19.7ms
[2022-04-29T08:59:07.482+0000][157][gc,phases   ] GC(30)   Post Evacuate Collection Set: 3.2ms
[2022-04-29T08:59:07.483+0000][157][gc,phases   ] GC(30)   Other: 49.6ms
[2022-04-29T08:59:07.484+0000][157][gc,heap     ] GC(30) Eden regions: 71->0(71)
[2022-04-29T08:59:07.485+0000][157][gc,heap     ] GC(30) Survivor regions: 5->5(10)
[2022-04-29T08:59:07.486+0000][157][gc,heap     ] GC(30) Old regions: 16->16
[2022-04-29T08:59:07.487+0000][157][gc,heap     ] GC(30) Archive regions: 2->2
[2022-04-29T08:59:07.488+0000][157][gc,heap     ] GC(30) Humongous regions: 6->6
[2022-04-29T08:59:07.489+0000][157][gc,metaspace] GC(30) Metaspace: 114238K(115968K)->114238K(115968K) NonClass: 98973K(99968K)->98973K(99968K) Class: 15265K(16000K)->15265K(16000K)
[2022-04-29T08:59:07.489+0000][157][gc          ] GC(30) Pause Young (Normal) (G1 Evacuation Pause) 394M->110M(512M) 86.131ms
[2022-04-29T08:59:07.491+0000][157][gc,cpu      ] GC(30) User=0.11s Sys=0.00s Real=0.08s
[2022-04-29T08:59:07.493+0000][157][safepoint   ] Safepoint "G1CollectForAllocation", Time since last: 4840561877 ns, Reaching safepoint: 340959 ns, At safepoint: 89772333 ns, Total: 90113292 ns
[2022-04-29T08:59:08.499+0000][157][safepoint   ] Safepoint "Cleanup", Time since last: 1005898709 ns, Reaching safepoint: 424583 ns, At safepoint: 10584 ns, Total: 435167 ns
[2022-04-29T08:59:15.513+0000][157][safepoint   ] Safepoint "Cleanup", Time since last: 7013089670 ns, Reaching safepoint: 96166 ns, At safepoint: 31459 ns, Total: 127625 ns
[2022-04-29T08:59:20.528+0000][157][safepoint   ] Safepoint "Cleanup", Time since last: 5008634293 ns, Reaching safepoint: 319375 ns, At safepoint: 9334 ns, Total: 328709 ns
[2022-04-29T08:59:26.344+0000][157][safepoint   ] Safepoint "Cleanup", Time since last: 5816028836 ns, Reaching safepoint: 84333 ns, At safepoint: 10500 ns, Total: 94833 ns
[2022-04-29T08:59:27.347+0000][157][safepoint   ] Safepoint "Cleanup", Time since last: 1002396292 ns, Reaching safepoint: 250750 ns, At safepoint: 7875 ns, Total: 258625 ns
[2022-04-29T08:59:32.361+0000][157][safepoint   ] Safepoint "Cleanup", Time since last: 5013343586 ns, Reaching safepoint: 399708 ns, At safepoint: 14709 ns, Total: 414417 ns
[2022-04-29T08:59:52.380+0000][157][safepoint   ] Safepoint "Cleanup", Time since last: 20026142509 ns, Reaching safepoint: 97041 ns, At safepoint: 4459 ns, Total: 101500 ns
[2022-04-29T08:59:53.383+0000][157][safepoint   ] Safepoint "Cleanup", Time since last: 1002492292 ns, Reaching safepoint: 374958 ns, At safepoint: 12208 ns, Total: 387166 ns
[2022-04-29T08:59:57.403+0000][157][safepoint   ] Safepoint "Cleanup", Time since last: 4019798211 ns, Reaching safepoint: 318083 ns, At safepoint: 7833 ns, Total: 325916 ns
[2022-04-29T09:00:02.418+0000][157][safepoint   ] Safepoint "Cleanup", Time since last: 5014863044 ns, Reaching safepoint: 71750 ns, At safepoint: 2709 ns, Total: 74459 ns
[2022-04-29T09:00:11.428+0000][157][safepoint   ] Safepoint "Cleanup", Time since last: 9009818337 ns, Reaching safepoint: 273459 ns, At safepoint: 9750 ns, Total: 283209 ns
[2022-04-29T09:00:13.434+0000][157][safepoint   ] Safepoint "Cleanup", Time since last: 2005944667 ns, Reaching safepoint: 251375 ns, At safepoint: 7459 ns, Total: 258834 ns
[2022-04-29T09:00:14.440+0000][157][safepoint   ] Safepoint "Cleanup", Time since last: 1006161458 ns, Reaching safepoint: 137459 ns, At safepoint: 5500 ns, Total: 142959 ns
[2022-04-29T09:00:16.444+0000][157][safepoint   ] Safepoint "Cleanup", Time since last: 2002744709 ns, Reaching safepoint: 414958 ns, At safepoint: 15750 ns, Total: 430708 ns
[2022-04-29T09:00:20.456+0000][157][safepoint   ] Safepoint "Cleanup", Time since last: 4010127793 ns, Reaching safepoint: 169958 ns, At safepoint: 4417 ns, Total: 174375 ns
[2022-04-29T09:00:32.293+0000][157][gc,start    ] GC(31) Pause Young (Normal) (G1 Evacuation Pause)
[2022-04-29T09:00:32.293+0000][157][gc,task     ] GC(31) Using 5 workers of 5 for evacuation
[2022-04-29T09:00:32.294+0000][157][gc,age      ] GC(31) Desired survivor size 20971520 bytes, new threshold 15 (max threshold 15)
[2022-04-29T09:00:32.304+0000][157][gc,age      ] GC(31) Age table with threshold 15 (max threshold 15)
[2022-04-29T09:00:32.305+0000][157][gc,age      ] GC(31) - age   1:    1073872 bytes,    1073872 total
[2022-04-29T09:00:32.306+0000][157][gc,age      ] GC(31) - age   2:     269800 bytes,    1343672 total
[2022-04-29T09:00:32.307+0000][157][gc,age      ] GC(31) - age   3:      10952 bytes,    1354624 total
[2022-04-29T09:00:32.308+0000][157][gc,age      ] GC(31) - age   4:      18280 bytes,    1372904 total
[2022-04-29T09:00:32.309+0000][157][gc,age      ] GC(31) - age   5:      40744 bytes,    1413648 total
[2022-04-29T09:00:32.310+0000][157][gc,age      ] GC(31) - age   6:     335928 bytes,    1749576 total
[2022-04-29T09:00:32.311+0000][157][gc,age      ] GC(31) - age   7:     109312 bytes,    1858888 total
[2022-04-29T09:00:32.312+0000][157][gc,age      ] GC(31) - age   8:      17696 bytes,    1876584 total
[2022-04-29T09:00:32.312+0000][157][gc,age      ] GC(31) - age   9:     138008 bytes,    2014592 total
[2022-04-29T09:00:32.313+0000][157][gc,age      ] GC(31) - age  10:    1563760 bytes,    3578352 total
[2022-04-29T09:00:32.313+0000][157][gc,age      ] GC(31) - age  11:      46840 bytes,    3625192 total
[2022-04-29T09:00:32.314+0000][157][gc,age      ] GC(31) - age  12:      42464 bytes,    3667656 total
[2022-04-29T09:00:32.315+0000][157][gc,age      ] GC(31) - age  13:     317176 bytes,    3984832 total
[2022-04-29T09:00:32.315+0000][157][gc,age      ] GC(31) - age  14:    2262840 bytes,    6247672 total
[2022-04-29T09:00:32.316+0000][157][gc,age      ] GC(31) - age  15:    5860712 bytes,   12108384 total
[2022-04-29T09:00:32.317+0000][157][gc,phases   ] GC(31)   Pre Evacuate Collection Set: 0.1ms
[2022-04-29T09:00:32.318+0000][157][gc,phases   ] GC(31)   Merge Heap Roots: 0.2ms
[2022-04-29T09:00:32.318+0000][157][gc,phases   ] GC(31)   Evacuate Collection Set: 7.4ms
[2022-04-29T09:00:32.319+0000][157][gc,phases   ] GC(31)   Post Evacuate Collection Set: 1.3ms
[2022-04-29T09:00:32.320+0000][157][gc,phases   ] GC(31)   Other: 15.8ms
[2022-04-29T09:00:32.320+0000][157][gc,heap     ] GC(31) Eden regions: 71->0(72)
[2022-04-29T09:00:32.321+0000][157][gc,heap     ] GC(31) Survivor regions: 5->4(10)
[2022-04-29T09:00:32.322+0000][157][gc,heap     ] GC(31) Old regions: 16->18
[2022-04-29T09:00:32.322+0000][157][gc,heap     ] GC(31) Archive regions: 2->2
[2022-04-29T09:00:32.323+0000][157][gc,heap     ] GC(31) Humongous regions: 6->6
[2022-04-29T09:00:32.323+0000][157][gc,metaspace] GC(31) Metaspace: 114280K(116032K)->114280K(116032K) NonClass: 99013K(100032K)->99013K(100032K) Class: 15266K(16000K)->15266K(16000K)
[2022-04-29T09:00:32.324+0000][157][gc          ] GC(31) Pause Young (Normal) (G1 Evacuation Pause) 394M->109M(512M) 31.228ms
[2022-04-29T09:00:32.325+0000][157][gc,cpu      ] GC(31) User=0.03s Sys=0.00s Real=0.03s
[2022-04-29T09:00:32.325+0000][157][safepoint   ] Safepoint "G1CollectForAllocation", Time since last: 11836430214 ns, Reaching safepoint: 100708 ns, At safepoint: 32360417 ns, Total: 32461125 ns
[2022-04-29T09:00:33.326+0000][157][safepoint   ] Safepoint "Cleanup", Time since last: 1000750959 ns, Reaching safepoint: 405416 ns, At safepoint: 4792 ns, Total: 410208 ns
[2022-04-29T09:00:38.342+0000][157][safepoint   ] Safepoint "Cleanup", Time since last: 5015061086 ns, Reaching safepoint: 251875 ns, At safepoint: 6125 ns, Total: 258000 ns
[2022-04-29T09:00:41.351+0000][157][safepoint   ] Safepoint "Cleanup", Time since last: 3008743001 ns, Reaching safepoint: 345417 ns, At safepoint: 10917 ns, Total: 356334 ns
[2022-04-29T09:00:43.365+0000][157][safepoint   ] Safepoint "Cleanup", Time since last: 2014286876 ns, Reaching safepoint: 310000 ns, At safepoint: 9166 ns, Total: 319166 ns
[2022-04-29T09:00:45.377+0000][157][safepoint   ] Safepoint "Cleanup", Time since last: 2010999418 ns, Reaching safepoint: 217917 ns, At safepoint: 10208 ns, Total: 228125 ns
[2022-04-29T09:00:46.382+0000][157][safepoint   ] Safepoint "Cleanup", Time since last: 1004928209 ns, Reaching safepoint: 181916 ns, At safepoint: 11292 ns, Total: 193208 ns
[2022-04-29T09:00:47.391+0000][157][safepoint   ] Safepoint "Cleanup", Time since last: 1009521084 ns, Reaching safepoint: 137583 ns, At safepoint: 5334 ns, Total: 142917 ns
[2022-04-29T09:00:50.406+0000][157][safepoint   ] Safepoint "Cleanup", Time since last: 3015331917 ns, Reaching safepoint: 278084 ns, At safepoint: 13875 ns, Total: 291959 ns
[2022-04-29T09:00:53.415+0000][157][safepoint   ] Safepoint "Cleanup", Time since last: 3008615334 ns, Reaching safepoint: 169750 ns, At safepoint: 6834 ns, Total: 176584 ns
[2022-04-29T09:00:56.429+0000][157][safepoint   ] Safepoint "Cleanup", Time since last: 3013732585 ns, Reaching safepoint: 134750 ns, At safepoint: 3250 ns, Total: 138000 ns
[2022-04-29T09:01:03.445+0000][157][safepoint   ] Safepoint "Cleanup", Time since last: 7015278253 ns, Reaching safepoint: 387167 ns, At safepoint: 7750 ns, Total: 394917 ns
[2022-04-29T09:01:06.469+0000][157][safepoint   ] Safepoint "Cleanup", Time since last: 3009806668 ns, Reaching safepoint: 14653000 ns, At safepoint: 72958 ns, Total: 14725958 ns
[2022-04-29T09:01:07.475+0000][157][safepoint   ] Safepoint "Cleanup", Time since last: 1005149292 ns, Reaching safepoint: 206417 ns, At safepoint: 4416 ns, Total: 210833 ns
[2022-04-29T09:01:08.476+0000][157][safepoint   ] Safepoint "Cleanup", Time since last: 1001700918 ns, Reaching safepoint: 78375 ns, At safepoint: 7791 ns, Total: 86166 ns
[2022-04-29T09:01:09.478+0000][157][safepoint   ] Safepoint "Cleanup", Time since last: 1001412917 ns, Reaching safepoint: 137834 ns, At safepoint: 3916 ns, Total: 141750 ns
[2022-04-29T09:01:10.482+0000][157][safepoint   ] Safepoint "Cleanup", Time since last: 1003696043 ns, Reaching safepoint: 365416 ns, At safepoint: 8334 ns, Total: 373750 ns
[2022-04-29T09:01:11.500+0000][157][safepoint   ] Safepoint "Cleanup", Time since last: 1017861583 ns, Reaching safepoint: 202500 ns, At safepoint: 12125 ns, Total: 214625 ns
[2022-04-29T09:01:13.514+0000][157][safepoint   ] Safepoint "Cleanup", Time since last: 2012475501 ns, Reaching safepoint: 976792 ns, At safepoint: 18792 ns, Total: 995584 ns
[2022-04-29T09:01:14.523+0000][157][safepoint   ] Safepoint "Cleanup", Time since last: 1009381833 ns, Reaching safepoint: 103417 ns, At safepoint: 3208 ns, Total: 106625 ns
[2022-04-29T09:01:15.525+0000][157][safepoint   ] Safepoint "Cleanup", Time since last: 1001675751 ns, Reaching safepoint: 220208 ns, At safepoint: 11584 ns, Total: 231792 ns
[2022-04-29T09:01:23.544+0000][157][safepoint   ] Safepoint "Cleanup", Time since last: 8017857169 ns, Reaching safepoint: 551333 ns, At safepoint: 25875 ns, Total: 577208 ns
[2022-04-29T09:01:27.577+0000][157][safepoint   ] Safepoint "Cleanup", Time since last: 4031983627 ns, Reaching safepoint: 350167 ns, At safepoint: 16292 ns, Total: 366459 ns
[2022-04-29T09:01:33.589+0000][157][safepoint   ] Safepoint "Cleanup", Time since last: 6011771628 ns, Reaching safepoint: 756875 ns, At safepoint: 11833 ns, Total: 768708 ns
[2022-04-29T09:01:35.599+0000][157][safepoint   ] Safepoint "Cleanup", Time since last: 2009132959 ns, Reaching safepoint: 429375 ns, At safepoint: 18125 ns, Total: 447500 ns
[2022-04-29T09:01:38.616+0000][157][safepoint   ] Safepoint "Cleanup", Time since last: 3016642335 ns, Reaching safepoint: 276083 ns, At safepoint: 15750 ns, Total: 291833 ns
[2022-04-29T09:01:41.625+0000][157][safepoint   ] Safepoint "Cleanup", Time since last: 3008770877 ns, Reaching safepoint: 307458 ns, At safepoint: 18417 ns, Total: 325875 ns
[2022-04-29T09:01:44.634+0000][157][safepoint   ] Safepoint "Cleanup", Time since last: 3009136001 ns, Reaching safepoint: 123084 ns, At safepoint: 3000 ns, Total: 126084 ns
[2022-04-29T09:01:45.637+0000][157][safepoint   ] Safepoint "Cleanup", Time since last: 1003156792 ns, Reaching safepoint: 318041 ns, At safepoint: 17500 ns, Total: 335541 ns
[2022-04-29T09:01:48.662+0000][157][safepoint   ] Safepoint "Cleanup", Time since last: 3023751543 ns, Reaching safepoint: 366334 ns, At safepoint: 16291 ns, Total: 382625 ns
[2022-04-29T09:01:49.679+0000][157][safepoint   ] Safepoint "Cleanup", Time since last: 1017211542 ns, Reaching safepoint: 202042 ns, At safepoint: 8208 ns, Total: 210250 ns
[2022-04-29T09:01:50.273+0000][157][gc,start    ] GC(32) Pause Young (Normal) (G1 Evacuation Pause)
[2022-04-29T09:01:50.274+0000][157][gc,task     ] GC(32) Using 5 workers of 5 for evacuation
[2022-04-29T09:01:50.275+0000][157][gc,age      ] GC(32) Desired survivor size 20971520 bytes, new threshold 15 (max threshold 15)
[2022-04-29T09:01:50.284+0000][157][gc,age      ] GC(32) Age table with threshold 15 (max threshold 15)
[2022-04-29T09:01:50.285+0000][157][gc,age      ] GC(32) - age   1:    1234096 bytes,    1234096 total
[2022-04-29T09:01:50.286+0000][157][gc,age      ] GC(32) - age   2:      11576 bytes,    1245672 total
[2022-04-29T09:01:50.287+0000][157][gc,age      ] GC(32) - age   3:     194920 bytes,    1440592 total
[2022-04-29T09:01:50.287+0000][157][gc,age      ] GC(32) - age   4:      10792 bytes,    1451384 total
[2022-04-29T09:01:50.288+0000][157][gc,age      ] GC(32) - age   5:      18280 bytes,    1469664 total
[2022-04-29T09:01:50.288+0000][157][gc,age      ] GC(32) - age   6:      39744 bytes,    1509408 total
[2022-04-29T09:01:50.289+0000][157][gc,age      ] GC(32) - age   7:     308816 bytes,    1818224 total
[2022-04-29T09:01:50.289+0000][157][gc,age      ] GC(32) - age   8:     108672 bytes,    1926896 total
[2022-04-29T09:01:50.290+0000][157][gc,age      ] GC(32) - age   9:      17696 bytes,    1944592 total
[2022-04-29T09:01:50.291+0000][157][gc,age      ] GC(32) - age  10:     137936 bytes,    2082528 total
[2022-04-29T09:01:50.291+0000][157][gc,age      ] GC(32) - age  11:    1563208 bytes,    3645736 total
[2022-04-29T09:01:50.293+0000][157][gc,age      ] GC(32) - age  12:      46840 bytes,    3692576 total
[2022-04-29T09:01:50.293+0000][157][gc,age      ] GC(32) - age  13:      42464 bytes,    3735040 total
[2022-04-29T09:01:50.294+0000][157][gc,age      ] GC(32) - age  14:     317176 bytes,    4052216 total
[2022-04-29T09:01:50.295+0000][157][gc,age      ] GC(32) - age  15:    2262840 bytes,    6315056 total
[2022-04-29T09:01:50.295+0000][157][gc,phases   ] GC(32)   Pre Evacuate Collection Set: 0.3ms
[2022-04-29T09:01:50.296+0000][157][gc,phases   ] GC(32)   Merge Heap Roots: 0.1ms
[2022-04-29T09:01:50.296+0000][157][gc,phases   ] GC(32)   Evacuate Collection Set: 6.4ms
[2022-04-29T09:01:50.297+0000][157][gc,phases   ] GC(32)   Post Evacuate Collection Set: 1.3ms
[2022-04-29T09:01:50.298+0000][157][gc,phases   ] GC(32)   Other: 14.2ms
[2022-04-29T09:01:50.298+0000][157][gc,heap     ] GC(32) Eden regions: 72->0(74)
[2022-04-29T09:01:50.299+0000][157][gc,heap     ] GC(32) Survivor regions: 4->2(10)
[2022-04-29T09:01:50.300+0000][157][gc,heap     ] GC(32) Old regions: 18->19
[2022-04-29T09:01:50.300+0000][157][gc,heap     ] GC(32) Archive regions: 2->2
[2022-04-29T09:01:50.301+0000][157][gc,heap     ] GC(32) Humongous regions: 6->6
[2022-04-29T09:01:50.302+0000][157][gc,metaspace] GC(32) Metaspace: 114341K(116096K)->114341K(116096K) NonClass: 99075K(100096K)->99075K(100096K) Class: 15266K(16000K)->15266K(16000K)
[2022-04-29T09:01:50.302+0000][157][gc          ] GC(32) Pause Young (Normal) (G1 Evacuation Pause) 397M->109M(512M) 29.515ms
[2022-04-29T09:01:50.303+0000][157][gc,cpu      ] GC(32) User=0.03s Sys=0.00s Real=0.03s
[2022-04-29T09:01:50.304+0000][157][safepoint   ] Safepoint "G1CollectForAllocation", Time since last: 594124584 ns, Reaching safepoint: 177667 ns, At safepoint: 31052041 ns, Total: 31229708 ns
[2022-04-29T09:01:53.316+0000][157][safepoint   ] Safepoint "Cleanup", Time since last: 3011769127 ns, Reaching safepoint: 466666 ns, At safepoint: 16667 ns, Total: 483333 ns
[2022-04-29T09:01:56.325+0000][157][safepoint   ] Safepoint "Cleanup", Time since last: 3008561793 ns, Reaching safepoint: 185292 ns, At safepoint: 4916 ns, Total: 190208 ns
[2022-04-29T09:02:02.343+0000][157][safepoint   ] Safepoint "Cleanup", Time since last: 6018497253 ns, Reaching safepoint: 54959 ns, At safepoint: 2500 ns, Total: 57459 ns
[2022-04-29T09:02:05.357+0000][157][safepoint   ] Safepoint "Cleanup", Time since last: 3012425668 ns, Reaching safepoint: 1321416 ns, At safepoint: 52334 ns, Total: 1373750 ns
[2022-04-29T09:02:08.362+0000][157][safepoint   ] Safepoint "Cleanup", Time since last: 3004476793 ns, Reaching safepoint: 148500 ns, At safepoint: 5542 ns, Total: 154042 ns
[2022-04-29T09:02:09.364+0000][157][safepoint   ] Safepoint "Cleanup", Time since last: 1001864500 ns, Reaching safepoint: 275083 ns, At safepoint: 6667 ns, Total: 281750 ns
[2022-04-29T09:02:16.374+0000][157][safepoint   ] Safepoint "Cleanup", Time since last: 7009590962 ns, Reaching safepoint: 352958 ns, At safepoint: 32917 ns, Total: 385875 ns
[2022-04-29T09:02:17.379+0000][157][safepoint   ] Safepoint "Cleanup", Time since last: 1003527000 ns, Reaching safepoint: 623959 ns, At safepoint: 357875 ns, Total: 981834 ns
[2022-04-29T09:02:18.391+0000][157][safepoint   ] Safepoint "Cleanup", Time since last: 1011965875 ns, Reaching safepoint: 485458 ns, At safepoint: 13292 ns, Total: 498750 ns
[2022-04-29T09:02:20.395+0000][157][safepoint   ] Safepoint "Cleanup", Time since last: 2006250583 ns, Reaching safepoint: 246292 ns, At safepoint: 5125 ns, Total: 251417 ns
[2022-04-29T09:02:21.397+0000][157][safepoint   ] Safepoint "Cleanup", Time since last: 1002214209 ns, Reaching safepoint: 58666 ns, At safepoint: 40917 ns, Total: 99583 ns
[2022-04-29T09:02:26.406+0000][157][safepoint   ] Safepoint "Cleanup", Time since last: 5008439461 ns, Reaching safepoint: 103625 ns, At safepoint: 10708 ns, Total: 114333 ns
[2022-04-29T09:02:27.409+0000][157][safepoint   ] Safepoint "Cleanup", Time since last: 1002934167 ns, Reaching safepoint: 203125 ns, At safepoint: 7084 ns, Total: 210209 ns
[2022-04-29T09:02:33.424+0000][157][safepoint   ] Safepoint "Cleanup", Time since last: 6014402586 ns, Reaching safepoint: 328000 ns, At safepoint: 29583 ns, Total: 357583 ns
[2022-04-29T09:02:44.443+0000][157][safepoint   ] Safepoint "Cleanup", Time since last: 11018961297 ns, Reaching safepoint: 187042 ns, At safepoint: 5041 ns, Total: 192083 ns
[2022-04-29T09:02:45.445+0000][157][safepoint   ] Safepoint "Cleanup", Time since last: 1001640418 ns, Reaching safepoint: 631583 ns, At safepoint: 13333 ns, Total: 644916 ns
[2022-04-29T09:02:46.452+0000][157][safepoint   ] Safepoint "Cleanup", Time since last: 1006651751 ns, Reaching safepoint: 557958 ns, At safepoint: 21542 ns, Total: 579500 ns
[2022-04-29T09:02:50.467+0000][157][safepoint   ] Safepoint "Cleanup", Time since last: 4016202376 ns, Reaching safepoint: 74042 ns, At safepoint: 3083 ns, Total: 77125 ns
[2022-04-29T09:02:53.470+0000][157][safepoint   ] Safepoint "Cleanup", Time since last: 3002979793 ns, Reaching safepoint: 60417 ns, At safepoint: 2750 ns, Total: 63167 ns
[2022-04-29T09:03:08.495+0000][157][safepoint   ] Safepoint "Cleanup", Time since last: 15024786049 ns, Reaching safepoint: 79667 ns, At safepoint: 4666 ns, Total: 84333 ns
[2022-04-29T09:03:08.530+0000][157][gc,start    ] GC(33) Pause Young (Normal) (G1 Evacuation Pause)
[2022-04-29T09:03:08.530+0000][157][gc,task     ] GC(33) Using 5 workers of 5 for evacuation
[2022-04-29T09:03:08.531+0000][157][gc,age      ] GC(33) Desired survivor size 20971520 bytes, new threshold 15 (max threshold 15)
[2022-04-29T09:03:08.538+0000][157][gc,age      ] GC(33) Age table with threshold 15 (max threshold 15)
[2022-04-29T09:03:08.539+0000][157][gc,age      ] GC(33) - age   1:    2140304 bytes,    2140304 total
[2022-04-29T09:03:08.540+0000][157][gc,age      ] GC(33) - age   2:     185504 bytes,    2325808 total
[2022-04-29T09:03:08.540+0000][157][gc,age      ] GC(33) - age   3:      10048 bytes,    2335856 total
[2022-04-29T09:03:08.541+0000][157][gc,age      ] GC(33) - age   4:     194424 bytes,    2530280 total
[2022-04-29T09:03:08.542+0000][157][gc,age      ] GC(33) - age   5:      10592 bytes,    2540872 total
[2022-04-29T09:03:08.543+0000][157][gc,age      ] GC(33) - age   6:      18280 bytes,    2559152 total
[2022-04-29T09:03:08.544+0000][157][gc,age      ] GC(33) - age   7:      36320 bytes,    2595472 total
[2022-04-29T09:03:08.544+0000][157][gc,age      ] GC(33) - age   8:     306272 bytes,    2901744 total
[2022-04-29T09:03:08.545+0000][157][gc,age      ] GC(33) - age   9:     108672 bytes,    3010416 total
[2022-04-29T09:03:08.546+0000][157][gc,age      ] GC(33) - age  10:      17696 bytes,    3028112 total
[2022-04-29T09:03:08.546+0000][157][gc,age      ] GC(33) - age  11:     137936 bytes,    3166048 total
[2022-04-29T09:03:08.547+0000][157][gc,age      ] GC(33) - age  12:    1563208 bytes,    4729256 total
[2022-04-29T09:03:08.547+0000][157][gc,age      ] GC(33) - age  13:      46840 bytes,    4776096 total
[2022-04-29T09:03:08.548+0000][157][gc,age      ] GC(33) - age  14:      34328 bytes,    4810424 total
[2022-04-29T09:03:08.549+0000][157][gc,age      ] GC(33) - age  15:     317176 bytes,    5127600 total
[2022-04-29T09:03:08.550+0000][157][gc,phases   ] GC(33)   Pre Evacuate Collection Set: 0.1ms
[2022-04-29T09:03:08.550+0000][157][gc,phases   ] GC(33)   Merge Heap Roots: 0.1ms
[2022-04-29T09:03:08.551+0000][157][gc,phases   ] GC(33)   Evacuate Collection Set: 5.1ms
[2022-04-29T09:03:08.551+0000][157][gc,phases   ] GC(33)   Post Evacuate Collection Set: 1.2ms
[2022-04-29T09:03:08.552+0000][157][gc,phases   ] GC(33)   Other: 13.6ms
[2022-04-29T09:03:08.553+0000][157][gc,heap     ] GC(33) Eden regions: 74->0(74)
[2022-04-29T09:03:08.553+0000][157][gc,heap     ] GC(33) Survivor regions: 2->2(10)
[2022-04-29T09:03:08.554+0000][157][gc,heap     ] GC(33) Old regions: 19->20
[2022-04-29T09:03:08.555+0000][157][gc,heap     ] GC(33) Archive regions: 2->2
[2022-04-29T09:03:08.555+0000][157][gc,heap     ] GC(33) Humongous regions: 6->6
[2022-04-29T09:03:08.557+0000][157][gc,metaspace] GC(33) Metaspace: 114433K(116160K)->114433K(116160K) NonClass: 99166K(100160K)->99166K(100160K) Class: 15266K(16000K)->15266K(16000K)
[2022-04-29T09:03:08.557+0000][157][gc          ] GC(33) Pause Young (Normal) (G1 Evacuation Pause) 405M->110M(512M) 27.699ms
[2022-04-29T09:03:08.558+0000][157][gc,cpu      ] GC(33) User=0.03s Sys=0.00s Real=0.03s
[2022-04-29T09:03:08.558+0000][157][safepoint   ] Safepoint "G1CollectForAllocation", Time since last: 34618542 ns, Reaching safepoint: 196375 ns, At safepoint: 28745583 ns, Total: 28941958 ns
[2022-04-29T09:03:09.559+0000][157][safepoint   ] Safepoint "Cleanup", Time since last: 1000539459 ns, Reaching safepoint: 193500 ns, At safepoint: 12875 ns, Total: 206375 ns
[2022-04-29T09:03:16.574+0000][157][safepoint   ] Safepoint "Cleanup", Time since last: 7014828753 ns, Reaching safepoint: 237334 ns, At safepoint: 12083 ns, Total: 249417 ns
[2022-04-29T09:03:20.593+0000][157][safepoint   ] Safepoint "Cleanup", Time since last: 4020243043 ns, Reaching safepoint: 254375 ns, At safepoint: 10000 ns, Total: 264375 ns
[2022-04-29T09:03:23.606+0000][157][safepoint   ] Safepoint "Cleanup", Time since last: 3013041084 ns, Reaching safepoint: 231625 ns, At safepoint: 7584 ns, Total: 239209 ns
[2022-04-29T09:03:26.611+0000][157][safepoint   ] Safepoint "Cleanup", Time since last: 3004297793 ns, Reaching safepoint: 479458 ns, At safepoint: 11792 ns, Total: 491250 ns
[2022-04-29T09:03:32.629+0000][157][safepoint   ] Safepoint "Cleanup", Time since last: 6017830836 ns, Reaching safepoint: 130542 ns, At safepoint: 4791 ns, Total: 135333 ns
[2022-04-29T09:03:33.631+0000][157][safepoint   ] Safepoint "Cleanup", Time since last: 1001903251 ns, Reaching safepoint: 183000 ns, At safepoint: 9958 ns, Total: 192958 ns
[2022-04-29T09:03:38.652+0000][157][safepoint   ] Safepoint "Cleanup", Time since last: 5020880794 ns, Reaching safepoint: 321417 ns, At safepoint: 7375 ns, Total: 328792 ns
[2022-04-29T09:03:40.655+0000][157][safepoint   ] Safepoint "Cleanup", Time since last: 2002209251 ns, Reaching safepoint: 691708 ns, At safepoint: 27167 ns, Total: 718875 ns
[2022-04-29T09:03:45.666+0000][157][safepoint   ] Safepoint "Cleanup", Time since last: 5010193086 ns, Reaching safepoint: 253583 ns, At safepoint: 5667 ns, Total: 259250 ns
[2022-04-29T09:03:52.683+0000][157][safepoint   ] Safepoint "Cleanup", Time since last: 7011239669 ns, Reaching safepoint: 206750 ns, At safepoint: 9875 ns, Total: 216625 ns
[2022-04-29T09:03:53.688+0000][157][safepoint   ] Safepoint "Cleanup", Time since last: 1003554417 ns, Reaching safepoint: 1264709 ns, At safepoint: 11458 ns, Total: 1276167 ns
[2022-04-29T09:03:56.698+0000][157][safepoint   ] Safepoint "Cleanup", Time since last: 3009580876 ns, Reaching safepoint: 294917 ns, At safepoint: 5833 ns, Total: 300750 ns
[2022-04-29T09:03:57.700+0000][157][safepoint   ] Safepoint "Cleanup", Time since last: 1001692876 ns, Reaching safepoint: 257666 ns, At safepoint: 5084 ns, Total: 262750 ns
[2022-04-29T09:03:59.712+0000][157][safepoint   ] Safepoint "Cleanup", Time since last: 2011436917 ns, Reaching safepoint: 276042 ns, At safepoint: 9583 ns, Total: 285625 ns
[2022-04-29T09:04:02.725+0000][157][safepoint   ] Safepoint "Cleanup", Time since last: 3012783377 ns, Reaching safepoint: 540750 ns, At safepoint: 10583 ns, Total: 551333 ns
[2022-04-29T09:04:05.737+0000][157][safepoint   ] Safepoint "Cleanup", Time since last: 3011800627 ns, Reaching safepoint: 463666 ns, At safepoint: 17917 ns, Total: 481583 ns
[2022-04-29T09:04:08.752+0000][157][safepoint   ] Safepoint "Cleanup", Time since last: 3014600793 ns, Reaching safepoint: 80500 ns, At safepoint: 2542 ns, Total: 83042 ns
[2022-04-29T09:04:09.754+0000][157][safepoint   ] Safepoint "Cleanup", Time since last: 1001580959 ns, Reaching safepoint: 511958 ns, At safepoint: 70292 ns, Total: 582250 ns
[2022-04-29T09:04:10.758+0000][157][safepoint   ] Safepoint "Cleanup", Time since last: 1003127625 ns, Reaching safepoint: 356958 ns, At safepoint: 26667 ns, Total: 383625 ns
[2022-04-29T09:04:13.766+0000][157][safepoint   ] Safepoint "Cleanup", Time since last: 3007280043 ns, Reaching safepoint: 742375 ns, At safepoint: 21667 ns, Total: 764042 ns
[2022-04-29T09:04:14.786+0000][157][safepoint   ] Safepoint "Cleanup", Time since last: 1019937584 ns, Reaching safepoint: 453625 ns, At safepoint: 15666 ns, Total: 469291 ns
[2022-04-29T09:04:15.803+0000][157][safepoint   ] Safepoint "Cleanup", Time since last: 1016927042 ns, Reaching safepoint: 325667 ns, At safepoint: 11792 ns, Total: 337459 ns
[2022-04-29T09:04:16.814+0000][157][safepoint   ] Safepoint "Cleanup", Time since last: 1010165625 ns, Reaching safepoint: 512667 ns, At safepoint: 11375 ns, Total: 524042 ns
[2022-04-29T09:04:17.823+0000][157][safepoint   ] Safepoint "Cleanup", Time since last: 1008615375 ns, Reaching safepoint: 484542 ns, At safepoint: 13375 ns, Total: 497917 ns
[2022-04-29T09:04:18.831+0000][157][safepoint   ] Safepoint "Cleanup", Time since last: 1006959875 ns, Reaching safepoint: 245959 ns, At safepoint: 8083 ns, Total: 254042 ns
[2022-04-29T09:04:20.841+0000][157][safepoint   ] Safepoint "Cleanup", Time since last: 2010122959 ns, Reaching safepoint: 251708 ns, At safepoint: 6375 ns, Total: 258083 ns
[2022-04-29T09:04:21.850+0000][157][safepoint   ] Safepoint "Cleanup", Time since last: 1008172418 ns, Reaching safepoint: 363500 ns, At safepoint: 19625 ns, Total: 383125 ns
[2022-04-29T09:04:22.854+0000][157][safepoint   ] Safepoint "Cleanup", Time since last: 1003702333 ns, Reaching safepoint: 102084 ns, At safepoint: 5000 ns, Total: 107084 ns
[2022-04-29T09:04:30.581+0000][157][gc,start    ] GC(34) Pause Young (Normal) (G1 Evacuation Pause)
[2022-04-29T09:04:30.582+0000][157][gc,task     ] GC(34) Using 5 workers of 5 for evacuation
[2022-04-29T09:04:30.584+0000][157][gc,age      ] GC(34) Desired survivor size 20971520 bytes, new threshold 15 (max threshold 15)
[2022-04-29T09:04:30.592+0000][157][gc,age      ] GC(34) Age table with threshold 15 (max threshold 15)
[2022-04-29T09:04:30.593+0000][157][gc,age      ] GC(34) - age   1:     860528 bytes,     860528 total
[2022-04-29T09:04:30.594+0000][157][gc,age      ] GC(34) - age   2:     136856 bytes,     997384 total
[2022-04-29T09:04:30.595+0000][157][gc,age      ] GC(34) - age   3:     182000 bytes,    1179384 total
[2022-04-29T09:04:30.597+0000][157][gc,age      ] GC(34) - age   4:       9704 bytes,    1189088 total
[2022-04-29T09:04:30.597+0000][157][gc,age      ] GC(34) - age   5:     193968 bytes,    1383056 total
[2022-04-29T09:04:30.599+0000][157][gc,age      ] GC(34) - age   6:      10592 bytes,    1393648 total
[2022-04-29T09:04:30.599+0000][157][gc,age      ] GC(34) - age   7:      18280 bytes,    1411928 total
[2022-04-29T09:04:30.600+0000][157][gc,age      ] GC(34) - age   8:      36320 bytes,    1448248 total
[2022-04-29T09:04:30.601+0000][157][gc,age      ] GC(34) - age   9:     306208 bytes,    1754456 total
[2022-04-29T09:04:30.602+0000][157][gc,age      ] GC(34) - age  10:     108576 bytes,    1863032 total
[2022-04-29T09:04:30.603+0000][157][gc,age      ] GC(34) - age  11:      17696 bytes,    1880728 total
[2022-04-29T09:04:30.604+0000][157][gc,age      ] GC(34) - age  12:     137936 bytes,    2018664 total
[2022-04-29T09:04:30.604+0000][157][gc,age      ] GC(34) - age  13:    1563144 bytes,    3581808 total
[2022-04-29T09:04:30.605+0000][157][gc,age      ] GC(34) - age  14:      46640 bytes,    3628448 total
[2022-04-29T09:04:30.606+0000][157][gc,age      ] GC(34) - age  15:      34328 bytes,    3662776 total
[2022-04-29T09:04:30.607+0000][157][gc,phases   ] GC(34)   Pre Evacuate Collection Set: 0.1ms
[2022-04-29T09:04:30.607+0000][157][gc,phases   ] GC(34)   Merge Heap Roots: 0.3ms
[2022-04-29T09:04:30.608+0000][157][gc,phases   ] GC(34)   Evacuate Collection Set: 5.4ms
[2022-04-29T09:04:30.609+0000][157][gc,phases   ] GC(34)   Post Evacuate Collection Set: 1.2ms
[2022-04-29T09:04:30.609+0000][157][gc,phases   ] GC(34)   Other: 18.9ms
[2022-04-29T09:04:30.610+0000][157][gc,heap     ] GC(34) Eden regions: 74->0(74)
[2022-04-29T09:04:30.611+0000][157][gc,heap     ] GC(34) Survivor regions: 2->2(10)
[2022-04-29T09:04:30.612+0000][157][gc,heap     ] GC(34) Old regions: 20->20
[2022-04-29T09:04:30.613+0000][157][gc,heap     ] GC(34) Archive regions: 2->2
[2022-04-29T09:04:30.613+0000][157][gc,heap     ] GC(34) Humongous regions: 6->6
[2022-04-29T09:04:30.614+0000][157][gc,metaspace] GC(34) Metaspace: 114495K(116224K)->114495K(116224K) NonClass: 99228K(100224K)->99228K(100224K) Class: 15267K(16000K)->15267K(16000K)
[2022-04-29T09:04:30.615+0000][157][gc          ] GC(34) Pause Young (Normal) (G1 Evacuation Pause) 406M->109M(512M) 34.081ms
[2022-04-29T09:04:30.616+0000][157][gc,cpu      ] GC(34) User=0.02s Sys=0.00s Real=0.04s
[2022-04-29T09:04:30.616+0000][157][safepoint   ] Safepoint "G1CollectForAllocation", Time since last: 7727066503 ns, Reaching safepoint: 70125 ns, At safepoint: 35727042 ns, Total: 35797167 ns
[2022-04-29T09:04:38.638+0000][157][safepoint   ] Safepoint "Cleanup", Time since last: 8021221337 ns, Reaching safepoint: 202542 ns, At safepoint: 8167 ns, Total: 210709 ns
[2022-04-29T09:04:44.655+0000][157][safepoint   ] Safepoint "Cleanup", Time since last: 6016604711 ns, Reaching safepoint: 167000 ns, At safepoint: 5500 ns, Total: 172500 ns
[2022-04-29T09:04:46.661+0000][157][safepoint   ] Safepoint "Cleanup", Time since last: 2004951292 ns, Reaching safepoint: 1030250 ns, At safepoint: 47334 ns, Total: 1077584 ns
[2022-04-29T09:04:50.495+0000][157][safepoint   ] Safepoint "Cleanup", Time since last: 3828302168 ns, Reaching safepoint: 149542 ns, At safepoint: 8333 ns, Total: 157875 ns
[2022-04-29T09:04:51.498+0000][157][safepoint   ] Safepoint "Cleanup", Time since last: 1002351917 ns, Reaching safepoint: 482958 ns, At safepoint: 7709 ns, Total: 490667 ns
[2022-04-29T09:04:53.505+0000][157][safepoint   ] Safepoint "Cleanup", Time since last: 2006822542 ns, Reaching safepoint: 535625 ns, At safepoint: 15000 ns, Total: 550625 ns
[2022-04-29T09:04:54.574+0000][157][safepoint   ] Safepoint "Cleanup", Time since last: 1068166959 ns, Reaching safepoint: 313542 ns, At safepoint: 15083 ns, Total: 328625 ns
[2022-04-29T09:04:56.586+0000][157][safepoint   ] Safepoint "Cleanup", Time since last: 2012292835 ns, Reaching safepoint: 195208 ns, At safepoint: 15125 ns, Total: 210333 ns
[2022-04-29T09:05:02.599+0000][157][safepoint   ] Safepoint "Cleanup", Time since last: 6012888878 ns, Reaching safepoint: 189041 ns, At safepoint: 46250 ns, Total: 235291 ns
[2022-04-29T09:05:10.620+0000][157][safepoint   ] Safepoint "Cleanup", Time since last: 8020351879 ns, Reaching safepoint: 178209 ns, At safepoint: 8541 ns, Total: 186750 ns
[2022-04-29T09:05:14.661+0000][157][safepoint   ] Safepoint "Cleanup", Time since last: 4041116294 ns, Reaching safepoint: 51458 ns, At safepoint: 2875 ns, Total: 54333 ns
[2022-04-29T09:05:16.726+0000][157][safepoint   ] Safepoint "Cleanup", Time since last: 2064887626 ns, Reaching safepoint: 193125 ns, At safepoint: 8875 ns, Total: 202000 ns
[2022-04-29T09:05:18.735+0000][157][safepoint   ] Safepoint "Cleanup", Time since last: 2008952793 ns, Reaching safepoint: 187333 ns, At safepoint: 5958 ns, Total: 193291 ns
[2022-04-29T09:05:20.753+0000][157][safepoint   ] Safepoint "Cleanup", Time since last: 2004725751 ns, Reaching safepoint: 217542 ns, At safepoint: 38250 ns, Total: 255792 ns
[2022-04-29T09:05:22.800+0000][157][safepoint   ] Safepoint "Cleanup", Time since last: 2046728459 ns, Reaching safepoint: 138500 ns, At safepoint: 7209 ns, Total: 145709 ns
[2022-04-29T09:05:23.803+0000][157][safepoint   ] Safepoint "Cleanup", Time since last: 1002611167 ns, Reaching safepoint: 141875 ns, At safepoint: 5250 ns, Total: 147125 ns
[2022-04-29T09:05:28.813+0000][157][safepoint   ] Safepoint "Cleanup", Time since last: 5009730127 ns, Reaching safepoint: 209167 ns, At safepoint: 9833 ns, Total: 219000 ns
[2022-04-29T09:05:29.823+0000][157][safepoint   ] Safepoint "Cleanup", Time since last: 1008964126 ns, Reaching safepoint: 710416 ns, At safepoint: 18250 ns, Total: 728666 ns
[2022-04-29T09:05:32.837+0000][157][safepoint   ] Safepoint "Cleanup", Time since last: 3013908460 ns, Reaching safepoint: 322833 ns, At safepoint: 6625 ns, Total: 329458 ns
[2022-04-29T09:05:33.841+0000][157][safepoint   ] Safepoint "Cleanup", Time since last: 1003570376 ns, Reaching safepoint: 756958 ns, At safepoint: 15417 ns, Total: 772375 ns
[2022-04-29T09:05:35.850+0000][157][safepoint   ] Safepoint "Cleanup", Time since last: 2008101751 ns, Reaching safepoint: 237500 ns, At safepoint: 11000 ns, Total: 248500 ns
[2022-04-29T09:05:38.852+0000][157][safepoint   ] Safepoint "Cleanup", Time since last: 3002442960 ns, Reaching safepoint: 73125 ns, At safepoint: 2541 ns, Total: 75666 ns
[2022-04-29T09:05:45.863+0000][157][safepoint   ] Safepoint "Cleanup", Time since last: 7010377462 ns, Reaching safepoint: 237875 ns, At safepoint: 5500 ns, Total: 243375 ns
[2022-04-29T09:05:47.311+0000][157][gc,start    ] GC(35) Pause Young (Normal) (G1 Evacuation Pause)
[2022-04-29T09:05:47.312+0000][157][gc,task     ] GC(35) Using 5 workers of 5 for evacuation
[2022-04-29T09:05:47.314+0000][157][gc,age      ] GC(35) Desired survivor size 20971520 bytes, new threshold 15 (max threshold 15)
[2022-04-29T09:05:47.329+0000][157][gc,age      ] GC(35) Age table with threshold 15 (max threshold 15)
[2022-04-29T09:05:47.331+0000][157][gc,age      ] GC(35) - age   1:    1749840 bytes,    1749840 total
[2022-04-29T09:05:47.334+0000][157][gc,age      ] GC(35) - age   2:     115984 bytes,    1865824 total
[2022-04-29T09:05:47.336+0000][157][gc,age      ] GC(35) - age   3:     134952 bytes,    2000776 total
[2022-04-29T09:05:47.339+0000][157][gc,age      ] GC(35) - age   4:     181624 bytes,    2182400 total
[2022-04-29T09:05:47.341+0000][157][gc,age      ] GC(35) - age   5:       9704 bytes,    2192104 total
[2022-04-29T09:05:47.343+0000][157][gc,age      ] GC(35) - age   6:     193968 bytes,    2386072 total
[2022-04-29T09:05:47.345+0000][157][gc,age      ] GC(35) - age   7:      10368 bytes,    2396440 total
[2022-04-29T09:05:47.348+0000][157][gc,age      ] GC(35) - age   8:      18280 bytes,    2414720 total
[2022-04-29T09:05:47.349+0000][157][gc,age      ] GC(35) - age   9:      32840 bytes,    2447560 total
[2022-04-29T09:05:47.351+0000][157][gc,age      ] GC(35) - age  10:     306016 bytes,    2753576 total
[2022-04-29T09:05:47.352+0000][157][gc,age      ] GC(35) - age  11:     108576 bytes,    2862152 total
[2022-04-29T09:05:47.353+0000][157][gc,age      ] GC(35) - age  12:      17696 bytes,    2879848 total
[2022-04-29T09:05:47.354+0000][157][gc,age      ] GC(35) - age  13:     137936 bytes,    3017784 total
[2022-04-29T09:05:47.355+0000][157][gc,age      ] GC(35) - age  14:    1563144 bytes,    4580928 total
[2022-04-29T09:05:47.358+0000][157][gc,age      ] GC(35) - age  15:      46568 bytes,    4627496 total
[2022-04-29T09:05:47.359+0000][157][gc,phases   ] GC(35)   Pre Evacuate Collection Set: 0.1ms
[2022-04-29T09:05:47.360+0000][157][gc,phases   ] GC(35)   Merge Heap Roots: 0.1ms
[2022-04-29T09:05:47.361+0000][157][gc,phases   ] GC(35)   Evacuate Collection Set: 8.0ms
[2022-04-29T09:05:47.363+0000][157][gc,phases   ] GC(35)   Post Evacuate Collection Set: 4.8ms
[2022-04-29T09:05:47.364+0000][157][gc,phases   ] GC(35)   Other: 34.5ms
[2022-04-29T09:05:47.365+0000][157][gc,heap     ] GC(35) Eden regions: 74->0(74)
[2022-04-29T09:05:47.365+0000][157][gc,heap     ] GC(35) Survivor regions: 2->2(10)
[2022-04-29T09:05:47.368+0000][157][gc,heap     ] GC(35) Old regions: 20->20
[2022-04-29T09:05:47.369+0000][157][gc,heap     ] GC(35) Archive regions: 2->2
[2022-04-29T09:05:47.370+0000][157][gc,heap     ] GC(35) Humongous regions: 6->6
[2022-04-29T09:05:47.371+0000][157][gc,metaspace] GC(35) Metaspace: 114588K(116288K)->114588K(116288K) NonClass: 99316K(100288K)->99316K(100288K) Class: 15271K(16000K)->15271K(16000K)
[2022-04-29T09:05:47.372+0000][157][gc          ] GC(35) Pause Young (Normal) (G1 Evacuation Pause) 405M->110M(512M) 61.128ms
[2022-04-29T09:05:47.373+0000][157][gc,cpu      ] GC(35) User=0.03s Sys=0.01s Real=0.06s
[2022-04-29T09:05:47.374+0000][157][safepoint   ] Safepoint "G1CollectForAllocation", Time since last: 1448199751 ns, Reaching safepoint: 104875 ns, At safepoint: 62908458 ns, Total: 63013333 ns
[2022-04-29T09:05:51.377+0000][157][safepoint   ] Safepoint "Cleanup", Time since last: 4015214459 ns, Reaching safepoint: 493917 ns, At safepoint: 14917 ns, Total: 508834 ns
[2022-04-29T09:05:53.383+0000][157][safepoint   ] Safepoint "Cleanup", Time since last: 2004710167 ns, Reaching safepoint: 603000 ns, At safepoint: 16250 ns, Total: 619250 ns
[2022-04-29T09:05:57.396+0000][157][safepoint   ] Safepoint "Cleanup", Time since last: 4013272752 ns, Reaching safepoint: 243875 ns, At safepoint: 6042 ns, Total: 249917 ns
[2022-04-29T09:06:09.423+0000][157][safepoint   ] Safepoint "Cleanup", Time since last: 12026321631 ns, Reaching safepoint: 106541 ns, At safepoint: 5125 ns, Total: 111666 ns
[2022-04-29T09:06:11.451+0000][157][safepoint   ] Safepoint "Cleanup", Time since last: 2028246085 ns, Reaching safepoint: 159291 ns, At safepoint: 24625 ns, Total: 183916 ns
[2022-04-29T09:06:12.459+0000][157][safepoint   ] Safepoint "Cleanup", Time since last: 1006382001 ns, Reaching safepoint: 1154666 ns, At safepoint: 11792 ns, Total: 1166458 ns
[2022-04-29T09:06:15.489+0000][157][safepoint   ] Safepoint "Cleanup", Time since last: 3016860627 ns, Reaching safepoint: 13461250 ns, At safepoint: 23958 ns, Total: 13485208 ns
[2022-04-29T09:06:27.513+0000][157][safepoint   ] Safepoint "Cleanup", Time since last: 12025561046 ns, Reaching safepoint: 150334 ns, At safepoint: 14166 ns, Total: 164500 ns
[2022-04-29T09:06:32.526+0000][157][safepoint   ] Safepoint "Cleanup", Time since last: 5012754003 ns, Reaching safepoint: 256833 ns, At safepoint: 14750 ns, Total: 271583 ns
[2022-04-29T09:06:44.548+0000][157][safepoint   ] Safepoint "Cleanup", Time since last: 12021568964 ns, Reaching safepoint: 179417 ns, At safepoint: 12208 ns, Total: 191625 ns
[2022-04-29T09:06:50.561+0000][157][safepoint   ] Safepoint "Cleanup", Time since last: 6016990919 ns, Reaching safepoint: 163375 ns, At safepoint: 5042 ns, Total: 168417 ns
[2022-04-29T09:06:51.564+0000][157][safepoint   ] Safepoint "Cleanup", Time since last: 1002974667 ns, Reaching safepoint: 264500 ns, At safepoint: 13416 ns, Total: 277916 ns
[2022-04-29T09:06:53.567+0000][157][safepoint   ] Safepoint "Cleanup", Time since last: 2002483710 ns, Reaching safepoint: 881625 ns, At safepoint: 17541 ns, Total: 899166 ns
[2022-04-29T09:07:02.591+0000][157][safepoint   ] Safepoint "Cleanup", Time since last: 9023601796 ns, Reaching safepoint: 51500 ns, At safepoint: 2667 ns, Total: 54167 ns
[2022-04-29T09:07:03.595+0000][157][safepoint   ] Safepoint "Cleanup", Time since last: 1002804292 ns, Reaching safepoint: 1328167 ns, At safepoint: 9500 ns, Total: 1337667 ns
[2022-04-29T09:07:08.805+0000][157][gc,start    ] GC(36) Pause Young (Normal) (G1 Evacuation Pause)
[2022-04-29T09:07:08.806+0000][157][gc,task     ] GC(36) Using 5 workers of 5 for evacuation
[2022-04-29T09:07:08.807+0000][157][gc,age      ] GC(36) Desired survivor size 20971520 bytes, new threshold 15 (max threshold 15)
[2022-04-29T09:07:08.813+0000][157][gc,age      ] GC(36) Age table with threshold 15 (max threshold 15)
[2022-04-29T09:07:08.814+0000][157][gc,age      ] GC(36) - age   1:    1636640 bytes,    1636640 total
[2022-04-29T09:07:08.815+0000][157][gc,age      ] GC(36) - age   2:     969536 bytes,    2606176 total
[2022-04-29T09:07:08.816+0000][157][gc,age      ] GC(36) - age   3:     106336 bytes,    2712512 total
[2022-04-29T09:07:08.817+0000][157][gc,age      ] GC(36) - age   4:     134472 bytes,    2846984 total
[2022-04-29T09:07:08.818+0000][157][gc,age      ] GC(36) - age   5:     181560 bytes,    3028544 total
[2022-04-29T09:07:08.819+0000][157][gc,age      ] GC(36) - age   6:       9704 bytes,    3038248 total
[2022-04-29T09:07:08.819+0000][157][gc,age      ] GC(36) - age   7:     193744 bytes,    3231992 total
[2022-04-29T09:07:08.820+0000][157][gc,age      ] GC(36) - age   8:      10368 bytes,    3242360 total
[2022-04-29T09:07:08.821+0000][157][gc,age      ] GC(36) - age   9:      18280 bytes,    3260640 total
[2022-04-29T09:07:08.823+0000][157][gc,age      ] GC(36) - age  10:      32840 bytes,    3293480 total
[2022-04-29T09:07:08.823+0000][157][gc,age      ] GC(36) - age  11:     306016 bytes,    3599496 total
[2022-04-29T09:07:08.824+0000][157][gc,age      ] GC(36) - age  12:     108576 bytes,    3708072 total
[2022-04-29T09:07:08.825+0000][157][gc,age      ] GC(36) - age  13:      17696 bytes,    3725768 total
[2022-04-29T09:07:08.825+0000][157][gc,age      ] GC(36) - age  14:     137936 bytes,    3863704 total
[2022-04-29T09:07:08.826+0000][157][gc,age      ] GC(36) - age  15:    1563144 bytes,    5426848 total
[2022-04-29T09:07:08.827+0000][157][gc,phases   ] GC(36)   Pre Evacuate Collection Set: 0.2ms
[2022-04-29T09:07:08.828+0000][157][gc,phases   ] GC(36)   Merge Heap Roots: 0.2ms
[2022-04-29T09:07:08.830+0000][157][gc,phases   ] GC(36)   Evacuate Collection Set: 3.5ms
[2022-04-29T09:07:08.831+0000][157][gc,phases   ] GC(36)   Post Evacuate Collection Set: 1.4ms
[2022-04-29T09:07:08.833+0000][157][gc,phases   ] GC(36)   Other: 17.5ms
[2022-04-29T09:07:08.834+0000][157][gc,heap     ] GC(36) Eden regions: 74->0(74)
[2022-04-29T09:07:08.835+0000][157][gc,heap     ] GC(36) Survivor regions: 2->2(10)
[2022-04-29T09:07:08.835+0000][157][gc,heap     ] GC(36) Old regions: 20->20
[2022-04-29T09:07:08.837+0000][157][gc,heap     ] GC(36) Archive regions: 2->2
[2022-04-29T09:07:08.838+0000][157][gc,heap     ] GC(36) Humongous regions: 6->6
[2022-04-29T09:07:08.839+0000][157][gc,metaspace] GC(36) Metaspace: 114634K(116416K)->114634K(116416K) NonClass: 99363K(100416K)->99363K(100416K) Class: 15271K(16000K)->15271K(16000K)
[2022-04-29T09:07:08.840+0000][157][gc          ] GC(36) Pause Young (Normal) (G1 Evacuation Pause) 406M->111M(512M) 35.815ms
[2022-04-29T09:07:08.841+0000][157][gc,cpu      ] GC(36) User=0.03s Sys=0.00s Real=0.04s
[2022-04-29T09:07:08.842+0000][157][safepoint   ] Safepoint "G1CollectForAllocation", Time since last: 5209301669 ns, Reaching safepoint: 220292 ns, At safepoint: 37705041 ns, Total: 37925333 ns
[2022-04-29T09:07:33.888+0000][157][safepoint   ] Safepoint "Cleanup", Time since last: 25046850636 ns, Reaching safepoint: 43750 ns, At safepoint: 2625 ns, Total: 46375 ns
[2022-04-29T09:07:52.941+0000][157][safepoint   ] Safepoint "Cleanup", Time since last: 19052186717 ns, Reaching safepoint: 370292 ns, At safepoint: 15250 ns, Total: 385542 ns
[2022-04-29T09:07:56.954+0000][157][safepoint   ] Safepoint "Cleanup", Time since last: 4012336085 ns, Reaching safepoint: 45459 ns, At safepoint: 2041 ns, Total: 47500 ns
[2022-04-29T09:08:07.981+0000][157][safepoint   ] Safepoint "Cleanup", Time since last: 11027653006 ns, Reaching safepoint: 283541 ns, At safepoint: 8375 ns, Total: 291916 ns
[2022-04-29T09:08:09.995+0000][157][safepoint   ] Safepoint "Cleanup", Time since last: 2013389710 ns, Reaching safepoint: 175041 ns, At safepoint: 5792 ns, Total: 180833 ns
[2022-04-29T09:08:12.009+0000][157][safepoint   ] Safepoint "Cleanup", Time since last: 2014177793 ns, Reaching safepoint: 241500 ns, At safepoint: 10750 ns, Total: 252250 ns
[2022-04-29T09:08:14.017+0000][157][safepoint   ] Safepoint "Cleanup", Time since last: 2006684209 ns, Reaching safepoint: 492625 ns, At safepoint: 18875 ns, Total: 511500 ns
[2022-04-29T09:08:17.031+0000][157][safepoint   ] Safepoint "Cleanup", Time since last: 3013797210 ns, Reaching safepoint: 483333 ns, At safepoint: 13000 ns, Total: 496333 ns
[2022-04-29T09:08:21.044+0000][157][safepoint   ] Safepoint "Cleanup", Time since last: 4011173293 ns, Reaching safepoint: 182250 ns, At safepoint: 18708 ns, Total: 200958 ns
[2022-04-29T09:08:27.052+0000][157][safepoint   ] Safepoint "Cleanup", Time since last: 6007263962 ns, Reaching safepoint: 267250 ns, At safepoint: 7333 ns, Total: 274583 ns
[2022-04-29T09:08:28.069+0000][157][safepoint   ] Safepoint "Cleanup", Time since last: 1017586042 ns, Reaching safepoint: 72584 ns, At safepoint: 2208 ns, Total: 74792 ns
[2022-04-29T09:08:32.375+0000][157][gc,start    ] GC(37) Pause Young (Normal) (G1 Evacuation Pause)
[2022-04-29T09:08:32.377+0000][157][gc,task     ] GC(37) Using 5 workers of 5 for evacuation
[2022-04-29T09:08:32.381+0000][157][gc,age      ] GC(37) Desired survivor size 20971520 bytes, new threshold 15 (max threshold 15)
[2022-04-29T09:08:32.390+0000][157][gc,age      ] GC(37) Age table with threshold 15 (max threshold 15)
[2022-04-29T09:08:32.391+0000][157][gc,age      ] GC(37) - age   1:     387704 bytes,     387704 total
[2022-04-29T09:08:32.393+0000][157][gc,age      ] GC(37) - age   2:      18184 bytes,     405888 total
[2022-04-29T09:08:32.394+0000][157][gc,age      ] GC(37) - age   3:     968128 bytes,    1374016 total
[2022-04-29T09:08:32.395+0000][157][gc,age      ] GC(37) - age   4:     106104 bytes,    1480120 total
[2022-04-29T09:08:32.396+0000][157][gc,age      ] GC(37) - age   5:     134408 bytes,    1614528 total
[2022-04-29T09:08:32.397+0000][157][gc,age      ] GC(37) - age   6:     181224 bytes,    1795752 total
[2022-04-29T09:08:32.398+0000][157][gc,age      ] GC(37) - age   7:       9704 bytes,    1805456 total
[2022-04-29T09:08:32.399+0000][157][gc,age      ] GC(37) - age   8:     193744 bytes,    1999200 total
[2022-04-29T09:08:32.400+0000][157][gc,age      ] GC(37) - age   9:      10368 bytes,    2009568 total
[2022-04-29T09:08:32.400+0000][157][gc,age      ] GC(37) - age  10:      18280 bytes,    2027848 total
[2022-04-29T09:08:32.402+0000][157][gc,age      ] GC(37) - age  11:      32840 bytes,    2060688 total
[2022-04-29T09:08:32.403+0000][157][gc,age      ] GC(37) - age  12:     306016 bytes,    2366704 total
[2022-04-29T09:08:32.404+0000][157][gc,age      ] GC(37) - age  13:     108576 bytes,    2475280 total
[2022-04-29T09:08:32.405+0000][157][gc,age      ] GC(37) - age  14:      17696 bytes,    2492976 total
[2022-04-29T09:08:32.406+0000][157][gc,age      ] GC(37) - age  15:     137936 bytes,    2630912 total
[2022-04-29T09:08:32.407+0000][157][gc,phases   ] GC(37)   Pre Evacuate Collection Set: 0.2ms
[2022-04-29T09:08:32.408+0000][157][gc,phases   ] GC(37)   Merge Heap Roots: 0.1ms
[2022-04-29T09:08:32.409+0000][157][gc,phases   ] GC(37)   Evacuate Collection Set: 5.8ms
[2022-04-29T09:08:32.410+0000][157][gc,phases   ] GC(37)   Post Evacuate Collection Set: 1.2ms
[2022-04-29T09:08:32.411+0000][157][gc,phases   ] GC(37)   Other: 24.0ms
[2022-04-29T09:08:32.412+0000][157][gc,heap     ] GC(37) Eden regions: 74->0(75)
[2022-04-29T09:08:32.413+0000][157][gc,heap     ] GC(37) Survivor regions: 2->1(10)
[2022-04-29T09:08:32.413+0000][157][gc,heap     ] GC(37) Old regions: 20->20
[2022-04-29T09:08:32.414+0000][157][gc,heap     ] GC(37) Archive regions: 2->2
[2022-04-29T09:08:32.415+0000][157][gc,heap     ] GC(37) Humongous regions: 6->6
[2022-04-29T09:08:32.415+0000][157][gc,metaspace] GC(37) Metaspace: 114681K(116416K)->114681K(116416K) NonClass: 99409K(100416K)->99409K(100416K) Class: 15272K(16000K)->15272K(16000K)
[2022-04-29T09:08:32.416+0000][157][gc          ] GC(37) Pause Young (Normal) (G1 Evacuation Pause) 407M->110M(512M) 40.632ms
[2022-04-29T09:08:32.417+0000][157][gc,cpu      ] GC(37) User=0.02s Sys=0.01s Real=0.04s
[2022-04-29T09:08:32.418+0000][157][safepoint   ] Safepoint "G1CollectForAllocation", Time since last: 4305515210 ns, Reaching safepoint: 447917 ns, At safepoint: 42632375 ns, Total: 43080292 ns
[2022-04-29T09:08:44.434+0000][157][safepoint   ] Safepoint "Cleanup", Time since last: 12015811922 ns, Reaching safepoint: 52209 ns, At safepoint: 3208 ns, Total: 55417 ns
[2022-04-29T09:08:47.439+0000][157][safepoint   ] Safepoint "Cleanup", Time since last: 3004541085 ns, Reaching safepoint: 932375 ns, At safepoint: 42916 ns, Total: 975291 ns
[2022-04-29T09:08:48.447+0000][157][safepoint   ] Safepoint "Cleanup", Time since last: 1007438043 ns, Reaching safepoint: 553250 ns, At safepoint: 13708 ns, Total: 566958 ns
[2022-04-29T09:08:53.455+0000][157][safepoint   ] Safepoint "Cleanup", Time since last: 5008968127 ns, Reaching safepoint: 401792 ns, At safepoint: 8291 ns, Total: 410083 ns
[2022-04-29T09:09:03.476+0000][157][safepoint   ] Safepoint "Cleanup", Time since last: 10020602047 ns, Reaching safepoint: 117791 ns, At safepoint: 7709 ns, Total: 125500 ns
[2022-04-29T09:09:04.479+0000][157][safepoint   ] Safepoint "Cleanup", Time since last: 1002769167 ns, Reaching safepoint: 497208 ns, At safepoint: 11667 ns, Total: 508875 ns
[2022-04-29T09:09:12.499+0000][157][safepoint   ] Safepoint "Cleanup", Time since last: 8019556920 ns, Reaching safepoint: 120625 ns, At safepoint: 5750 ns, Total: 126375 ns
[2022-04-29T09:09:14.500+0000][157][safepoint   ] Safepoint "Cleanup", Time since last: 2001335876 ns, Reaching safepoint: 75084 ns, At safepoint: 3916 ns, Total: 79000 ns
[2022-04-29T09:09:15.503+0000][157][safepoint   ] Safepoint "Cleanup", Time since last: 1002612917 ns, Reaching safepoint: 234459 ns, At safepoint: 11000 ns, Total: 245459 ns
[2022-04-29T09:09:16.508+0000][157][safepoint   ] Safepoint "Cleanup", Time since last: 1004854750 ns, Reaching safepoint: 95542 ns, At safepoint: 3708 ns, Total: 99250 ns
[2022-04-29T09:09:17.510+0000][157][safepoint   ] Safepoint "Cleanup", Time since last: 1002045876 ns, Reaching safepoint: 402083 ns, At safepoint: 12250 ns, Total: 414333 ns
[2022-04-29T09:09:20.534+0000][157][safepoint   ] Safepoint "Cleanup", Time since last: 3023710251 ns, Reaching safepoint: 107750 ns, At safepoint: 3167 ns, Total: 110917 ns
[2022-04-29T09:09:21.537+0000][157][safepoint   ] Safepoint "Cleanup", Time since last: 1002587292 ns, Reaching safepoint: 100833 ns, At safepoint: 3333 ns, Total: 104166 ns
[2022-04-29T09:09:33.550+0000][157][safepoint   ] Safepoint "Cleanup", Time since last: 12011325631 ns, Reaching safepoint: 1467625 ns, At safepoint: 6000 ns, Total: 1473625 ns
[2022-04-29T09:09:36.561+0000][157][safepoint   ] Safepoint "Cleanup", Time since last: 3010461627 ns, Reaching safepoint: 358375 ns, At safepoint: 15875 ns, Total: 374250 ns
[2022-04-29T09:09:39.575+0000][157][safepoint   ] Safepoint "Cleanup", Time since last: 3014330126 ns, Reaching safepoint: 163625 ns, At safepoint: 11083 ns, Total: 174708 ns
[2022-04-29T09:09:47.594+0000][157][safepoint   ] Safepoint "Cleanup", Time since last: 8018279004 ns, Reaching safepoint: 480458 ns, At safepoint: 16459 ns, Total: 496917 ns
[2022-04-29T09:09:48.619+0000][157][safepoint   ] Safepoint "Cleanup", Time since last: 1025118959 ns, Reaching safepoint: 311583 ns, At safepoint: 14500 ns, Total: 326083 ns
[2022-04-29T09:09:51.635+0000][157][safepoint   ] Safepoint "Cleanup", Time since last: 3014461042 ns, Reaching safepoint: 1594833 ns, At safepoint: 25209 ns, Total: 1620042 ns
[2022-04-29T09:09:52.641+0000][157][safepoint   ] Safepoint "Cleanup", Time since last: 1005837292 ns, Reaching safepoint: 199583 ns, At safepoint: 7500 ns, Total: 207083 ns
[2022-04-29T09:09:56.622+0000][157][gc,start    ] GC(38) Pause Young (Normal) (G1 Evacuation Pause)
[2022-04-29T09:09:56.623+0000][157][gc,task     ] GC(38) Using 5 workers of 5 for evacuation
[2022-04-29T09:09:56.623+0000][157][gc,age      ] GC(38) Desired survivor size 20971520 bytes, new threshold 15 (max threshold 15)
[2022-04-29T09:09:56.629+0000][157][gc,age      ] GC(38) Age table with threshold 15 (max threshold 15)
[2022-04-29T09:09:56.630+0000][157][gc,age      ] GC(38) - age   1:    1061912 bytes,    1061912 total
[2022-04-29T09:09:56.630+0000][157][gc,age      ] GC(38) - age   2:      37632 bytes,    1099544 total
[2022-04-29T09:09:56.631+0000][157][gc,age      ] GC(38) - age   3:      15864 bytes,    1115408 total
[2022-04-29T09:09:56.632+0000][157][gc,age      ] GC(38) - age   4:     968032 bytes,    2083440 total
[2022-04-29T09:09:56.632+0000][157][gc,age      ] GC(38) - age   5:     106104 bytes,    2189544 total
[2022-04-29T09:09:56.633+0000][157][gc,age      ] GC(38) - age   6:     118128 bytes,    2307672 total
[2022-04-29T09:09:56.634+0000][157][gc,age      ] GC(38) - age   7:     181224 bytes,    2488896 total
[2022-04-29T09:09:56.635+0000][157][gc,age      ] GC(38) - age   8:       9704 bytes,    2498600 total
[2022-04-29T09:09:56.635+0000][157][gc,age      ] GC(38) - age   9:     193744 bytes,    2692344 total
[2022-04-29T09:09:56.636+0000][157][gc,age      ] GC(38) - age  10:      10368 bytes,    2702712 total
[2022-04-29T09:09:56.637+0000][157][gc,age      ] GC(38) - age  11:      18280 bytes,    2720992 total
[2022-04-29T09:09:56.638+0000][157][gc,age      ] GC(38) - age  12:      32840 bytes,    2753832 total
[2022-04-29T09:09:56.639+0000][157][gc,age      ] GC(38) - age  13:     306016 bytes,    3059848 total
[2022-04-29T09:09:56.639+0000][157][gc,age      ] GC(38) - age  14:     108576 bytes,    3168424 total
[2022-04-29T09:09:56.640+0000][157][gc,age      ] GC(38) - age  15:      17696 bytes,    3186120 total
[2022-04-29T09:09:56.640+0000][157][gc,phases   ] GC(38)   Pre Evacuate Collection Set: 0.1ms
[2022-04-29T09:09:56.641+0000][157][gc,phases   ] GC(38)   Merge Heap Roots: 0.2ms
[2022-04-29T09:09:56.642+0000][157][gc,phases   ] GC(38)   Evacuate Collection Set: 3.1ms
[2022-04-29T09:09:56.642+0000][157][gc,phases   ] GC(38)   Post Evacuate Collection Set: 1.2ms
[2022-04-29T09:09:56.643+0000][157][gc,phases   ] GC(38)   Other: 13.7ms
[2022-04-29T09:09:56.644+0000][157][gc,heap     ] GC(38) Eden regions: 75->0(75)
[2022-04-29T09:09:56.644+0000][157][gc,heap     ] GC(38) Survivor regions: 1->1(10)
[2022-04-29T09:09:56.645+0000][157][gc,heap     ] GC(38) Old regions: 20->20
[2022-04-29T09:09:56.645+0000][157][gc,heap     ] GC(38) Archive regions: 2->2
[2022-04-29T09:09:56.646+0000][157][gc,heap     ] GC(38) Humongous regions: 6->6
[2022-04-29T09:09:56.646+0000][157][gc,metaspace] GC(38) Metaspace: 114709K(116480K)->114709K(116480K) NonClass: 99437K(100480K)->99437K(100480K) Class: 15272K(16000K)->15272K(16000K)
[2022-04-29T09:09:56.647+0000][157][gc          ] GC(38) Pause Young (Normal) (G1 Evacuation Pause) 410M->110M(512M) 24.837ms
[2022-04-29T09:09:56.648+0000][157][gc,cpu      ] GC(38) User=0.01s Sys=0.01s Real=0.03s
[2022-04-29T09:09:56.649+0000][157][safepoint   ] Safepoint "G1CollectForAllocation", Time since last: 3980635252 ns, Reaching safepoint: 49167 ns, At safepoint: 26480291 ns, Total: 26529458 ns
[2022-04-29T09:09:59.667+0000][157][safepoint   ] Safepoint "Cleanup", Time since last: 3006525377 ns, Reaching safepoint: 11797708 ns, At safepoint: 45375 ns, Total: 11843083 ns
[2022-04-29T09:10:02.678+0000][157][safepoint   ] Safepoint "Cleanup", Time since last: 3010960210 ns, Reaching safepoint: 87458 ns, At safepoint: 5250 ns, Total: 92708 ns
[2022-04-29T09:10:08.700+0000][157][safepoint   ] Safepoint "Cleanup", Time since last: 6022274003 ns, Reaching safepoint: 121209 ns, At safepoint: 28500 ns, Total: 149709 ns
[2022-04-29T09:10:09.705+0000][157][safepoint   ] Safepoint "Cleanup", Time since last: 1004913667 ns, Reaching safepoint: 82333 ns, At safepoint: 3708 ns, Total: 86041 ns
[2022-04-29T09:10:18.730+0000][157][safepoint   ] Safepoint "Cleanup", Time since last: 9024594296 ns, Reaching safepoint: 334375 ns, At safepoint: 5917 ns, Total: 340292 ns
[2022-04-29T09:10:20.733+0000][157][safepoint   ] Safepoint "Cleanup", Time since last: 2002270583 ns, Reaching safepoint: 178917 ns, At safepoint: 4875 ns, Total: 183792 ns
[2022-04-29T09:10:21.737+0000][157][safepoint   ] Safepoint "Cleanup", Time since last: 1003262709 ns, Reaching safepoint: 588208 ns, At safepoint: 19792 ns, Total: 608000 ns
[2022-04-29T09:10:23.747+0000][157][safepoint   ] Safepoint "Cleanup", Time since last: 2009785876 ns, Reaching safepoint: 701708 ns, At safepoint: 18083 ns, Total: 719791 ns
[2022-04-29T09:10:26.775+0000][157][safepoint   ] Safepoint "Cleanup", Time since last: 3027205044 ns, Reaching safepoint: 228291 ns, At safepoint: 5625 ns, Total: 233916 ns
[2022-04-29T09:10:33.792+0000][157][safepoint   ] Safepoint "Cleanup", Time since last: 7017743087 ns, Reaching safepoint: 103417 ns, At safepoint: 5083 ns, Total: 108500 ns
[2022-04-29T09:10:34.794+0000][157][safepoint   ] Safepoint "Cleanup", Time since last: 1001041375 ns, Reaching safepoint: 62167 ns, At safepoint: 3083 ns, Total: 65250 ns
[2022-04-29T09:10:50.830+0000][157][safepoint   ] Safepoint "Cleanup", Time since last: 16035966216 ns, Reaching safepoint: 352833 ns, At safepoint: 20500 ns, Total: 373333 ns
[2022-04-29T09:10:52.839+0000][157][safepoint   ] Safepoint "Cleanup", Time since last: 2006215668 ns, Reaching safepoint: 2226958 ns, At safepoint: 19750 ns, Total: 2246708 ns
[2022-04-29T09:11:02.884+0000][157][safepoint   ] Safepoint "Cleanup", Time since last: 10045406255 ns, Reaching safepoint: 102833 ns, At safepoint: 5459 ns, Total: 108292 ns
[2022-04-29T09:11:14.906+0000][157][safepoint   ] Safepoint "Cleanup", Time since last: 12021993756 ns, Reaching safepoint: 97500 ns, At safepoint: 4708 ns, Total: 102208 ns
[2022-04-29T09:11:20.918+0000][157][safepoint   ] Safepoint "Cleanup", Time since last: 6012397627 ns, Reaching safepoint: 259834 ns, At safepoint: 11458 ns, Total: 271292 ns
[2022-04-29T09:11:21.281+0000][157][gc,start    ] GC(39) Pause Young (Normal) (G1 Evacuation Pause)
[2022-04-29T09:11:21.282+0000][157][gc,task     ] GC(39) Using 5 workers of 5 for evacuation
[2022-04-29T09:11:21.282+0000][157][gc,age      ] GC(39) Desired survivor size 20971520 bytes, new threshold 15 (max threshold 15)
[2022-04-29T09:11:21.286+0000][157][gc,age      ] GC(39) Age table with threshold 15 (max threshold 15)
[2022-04-29T09:11:21.287+0000][157][gc,age      ] GC(39) - age   1:    1958040 bytes,    1958040 total
[2022-04-29T09:11:21.288+0000][157][gc,age      ] GC(39) - age   2:       8568 bytes,    1966608 total
[2022-04-29T09:11:21.289+0000][157][gc,age      ] GC(39) - age   3:       5888 bytes,    1972496 total
[2022-04-29T09:11:21.289+0000][157][gc,age      ] GC(39) - age   4:      12864 bytes,    1985360 total
[2022-04-29T09:11:21.290+0000][157][gc,age      ] GC(39) - age   5:     833896 bytes,    2819256 total
[2022-04-29T09:11:21.291+0000][157][gc,age      ] GC(39) - age   6:      23608 bytes,    2842864 total
[2022-04-29T09:11:21.291+0000][157][gc,age      ] GC(39) - age   7:     118000 bytes,    2960864 total
[2022-04-29T09:11:21.292+0000][157][gc,age      ] GC(39) - age   8:     108096 bytes,    3068960 total
[2022-04-29T09:11:21.293+0000][157][gc,age      ] GC(39) - age   9:       9704 bytes,    3078664 total
[2022-04-29T09:11:21.293+0000][157][gc,age      ] GC(39) - age  10:     179464 bytes,    3258128 total
[2022-04-29T09:11:21.294+0000][157][gc,age      ] GC(39) - age  11:      10368 bytes,    3268496 total
[2022-04-29T09:11:21.294+0000][157][gc,age      ] GC(39) - age  12:      18280 bytes,    3286776 total
[2022-04-29T09:11:21.295+0000][157][gc,age      ] GC(39) - age  13:      32840 bytes,    3319616 total
[2022-04-29T09:11:21.296+0000][157][gc,age      ] GC(39) - age  14:     305984 bytes,    3625600 total
[2022-04-29T09:11:21.296+0000][157][gc,age      ] GC(39) - age  15:     108576 bytes,    3734176 total
[2022-04-29T09:11:21.297+0000][157][gc,phases   ] GC(39)   Pre Evacuate Collection Set: 0.1ms
[2022-04-29T09:11:21.297+0000][157][gc,phases   ] GC(39)   Merge Heap Roots: 0.0ms
[2022-04-29T09:11:21.298+0000][157][gc,phases   ] GC(39)   Evacuate Collection Set: 2.2ms
[2022-04-29T09:11:21.299+0000][157][gc,phases   ] GC(39)   Post Evacuate Collection Set: 0.9ms
[2022-04-29T09:11:21.299+0000][157][gc,phases   ] GC(39)   Other: 12.8ms
[2022-04-29T09:11:21.300+0000][157][gc,heap     ] GC(39) Eden regions: 75->0(75)
[2022-04-29T09:11:21.300+0000][157][gc,heap     ] GC(39) Survivor regions: 1->1(10)
[2022-04-29T09:11:21.301+0000][157][gc,heap     ] GC(39) Old regions: 20->20
[2022-04-29T09:11:21.301+0000][157][gc,heap     ] GC(39) Archive regions: 2->2
[2022-04-29T09:11:21.302+0000][157][gc,heap     ] GC(39) Humongous regions: 6->6
[2022-04-29T09:11:21.302+0000][157][gc,metaspace] GC(39) Metaspace: 114724K(116480K)->114724K(116480K) NonClass: 99451K(100480K)->99451K(100480K) Class: 15272K(16000K)->15272K(16000K)
[2022-04-29T09:11:21.303+0000][157][gc          ] GC(39) Pause Young (Normal) (G1 Evacuation Pause) 410M->111M(512M) 21.934ms
[2022-04-29T09:11:21.304+0000][157][gc,cpu      ] GC(39) User=0.01s Sys=0.01s Real=0.02s
[2022-04-29T09:11:21.305+0000][157][safepoint   ] Safepoint "G1CollectForAllocation", Time since last: 362657542 ns, Reaching safepoint: 65167 ns, At safepoint: 23989333 ns, Total: 24054500 ns
[2022-04-29T09:11:24.319+0000][157][safepoint   ] Safepoint "Cleanup", Time since last: 3013244751 ns, Reaching safepoint: 675750 ns, At safepoint: 24667 ns, Total: 700417 ns
[2022-04-29T09:11:27.333+0000][157][safepoint   ] Safepoint "Cleanup", Time since last: 3013718126 ns, Reaching safepoint: 616709 ns, At safepoint: 16541 ns, Total: 633250 ns
[2022-04-29T09:11:34.393+0000][157][safepoint   ] Safepoint "Cleanup", Time since last: 7059406462 ns, Reaching safepoint: 760000 ns, At safepoint: 10125 ns, Total: 770125 ns
[2022-04-29T09:11:45.431+0000][157][safepoint   ] Safepoint "Cleanup", Time since last: 11036974964 ns, Reaching safepoint: 83041 ns, At safepoint: 2834 ns, Total: 85875 ns
[2022-04-29T09:11:47.436+0000][157][safepoint   ] Safepoint "Cleanup", Time since last: 2001459334 ns, Reaching safepoint: 3695417 ns, At safepoint: 239958 ns, Total: 3935375 ns
[2022-04-29T09:11:53.451+0000][157][safepoint   ] Safepoint "Cleanup", Time since last: 6013042960 ns, Reaching safepoint: 1217417 ns, At safepoint: 12917 ns, Total: 1230334 ns
[2022-04-29T09:11:54.454+0000][157][safepoint   ] Safepoint "Cleanup", Time since last: 1003004708 ns, Reaching safepoint: 255917 ns, At safepoint: 9500 ns, Total: 265417 ns
[2022-04-29T09:12:03.481+0000][157][safepoint   ] Safepoint "Cleanup", Time since last: 9026035254 ns, Reaching safepoint: 294042 ns, At safepoint: 7917 ns, Total: 301959 ns
