[2022-04-22T07:02:12.717+0000][8][gc] Using G1
[2022-04-22T07:02:12.771+0000][8][gc,init] Version: 17.0.2+8 (release)
[2022-04-22T07:02:12.773+0000][8][gc,init] CPUs: 5 total, 5 available
[2022-04-22T07:02:12.773+0000][8][gc,init] Memory: 7851M
[2022-04-22T07:02:12.774+0000][8][gc,init] Large Page Support: Disabled
[2022-04-22T07:02:12.775+0000][8][gc,init] NUMA Support: Disabled
[2022-04-22T07:02:12.776+0000][8][gc,init] Compressed Oops: Enabled (32-bit)
[2022-04-22T07:02:12.776+0000][8][gc,init] Heap Region Size: 4M
[2022-04-22T07:02:12.778+0000][8][gc,init] Heap Min Capacity: 512M
[2022-04-22T07:02:12.779+0000][8][gc,init] Heap Initial Capacity: 512M
[2022-04-22T07:02:12.780+0000][8][gc,init] Heap Max Capacity: 512M
[2022-04-22T07:02:12.780+0000][8][gc,init] Pre-touch: Enabled
[2022-04-22T07:02:12.781+0000][8][gc,init] Parallel Workers: 5
[2022-04-22T07:02:12.782+0000][8][gc,init] Concurrent Workers: 1
[2022-04-22T07:02:12.783+0000][8][gc,init] Concurrent Refinement Workers: 5
[2022-04-22T07:02:12.784+0000][8][gc,init] Periodic GC: Disabled
[2022-04-22T07:02:12.785+0000][8][gc,metaspace] CDS archive(s) mapped at: [0x0000000800000000-0x0000000800bd2000-0x0000000800bd2000), size 12394496, SharedBaseAddress: 0x0000000800000000, ArchiveRelocationMode: 0.
[2022-04-22T07:02:12.785+0000][8][gc,metaspace] Compressed class space mapped at: 0x0000000800c00000-0x0000000840c00000, reserved size: 1073741824
[2022-04-22T07:02:12.786+0000][8][gc,metaspace] Narrow klass base: 0x0000000800000000, Narrow klass shift: 0, Narrow klass range: 0x100000000
[2022-04-22T07:02:12.951+0000][8][safepoint   ] Safepoint "ICBufferFull", Time since last: 159103667 ns, Reaching safepoint: 789375 ns, At safepoint: 5416 ns, Total: 794791 ns
[2022-04-22T07:02:13.021+0000][8][safepoint   ] Safepoint "ICBufferFull", Time since last: 70581625 ns, Reaching safepoint: 43375 ns, At safepoint: 10209 ns, Total: 53584 ns
[2022-04-22T07:02:13.179+0000][8][gc,start    ] GC(0) Pause Young (Normal) (G1 Evacuation Pause)
[2022-04-22T07:02:13.181+0000][8][gc,task     ] GC(0) Using 5 workers of 5 for evacuation
[2022-04-22T07:02:13.182+0000][8][gc,age      ] GC(0) Desired survivor size 2097152 bytes, new threshold 15 (max threshold 15)
[2022-04-22T07:02:13.189+0000][8][gc,age      ] GC(0) Age table with threshold 15 (max threshold 15)
[2022-04-22T07:02:13.190+0000][8][gc,age      ] GC(0) - age   1:    4188112 bytes,    4188112 total
[2022-04-22T07:02:13.191+0000][8][gc,phases   ] GC(0)   Pre Evacuate Collection Set: 0.1ms
[2022-04-22T07:02:13.192+0000][8][gc,phases   ] GC(0)   Merge Heap Roots: 0.0ms
[2022-04-22T07:02:13.193+0000][8][gc,phases   ] GC(0)   Evacuate Collection Set: 4.9ms
[2022-04-22T07:02:13.194+0000][8][gc,phases   ] GC(0)   Post Evacuate Collection Set: 0.5ms
[2022-04-22T07:02:13.195+0000][8][gc,phases   ] GC(0)   Other: 6.6ms
[2022-04-22T07:02:13.196+0000][8][gc,heap     ] GC(0) Eden regions: 6->0(5)
[2022-04-22T07:02:13.197+0000][8][gc,heap     ] GC(0) Survivor regions: 0->1(1)
[2022-04-22T07:02:13.198+0000][8][gc,heap     ] GC(0) Old regions: 0->1
[2022-04-22T07:02:13.199+0000][8][gc,heap     ] GC(0) Archive regions: 2->2
[2022-04-22T07:02:13.200+0000][8][gc,heap     ] GC(0) Humongous regions: 0->0
[2022-04-22T07:02:13.201+0000][8][gc,metaspace] GC(0) Metaspace: 8843K(9024K)->8843K(9024K) NonClass: 7782K(7872K)->7782K(7872K) Class: 1060K(1152K)->1060K(1152K)
[2022-04-22T07:02:13.203+0000][8][gc          ] GC(0) Pause Young (Normal) (G1 Evacuation Pause) 27M->8M(512M) 23.607ms
[2022-04-22T07:02:13.204+0000][8][gc,cpu      ] GC(0) User=0.01s Sys=0.00s Real=0.02s
[2022-04-22T07:02:13.205+0000][8][safepoint   ] Safepoint "G1CollectForAllocation", Time since last: 157766000 ns, Reaching safepoint: 73833 ns, At safepoint: 26050083 ns, Total: 26123916 ns
[2022-04-22T07:02:13.336+0000][8][safepoint   ] Safepoint "ICBufferFull", Time since last: 130217000 ns, Reaching safepoint: 246500 ns, At safepoint: 8500 ns, Total: 255000 ns
[2022-04-22T07:02:13.508+0000][8][gc,start    ] GC(1) Pause Young (Normal) (G1 Evacuation Pause)
[2022-04-22T07:02:13.509+0000][8][gc,task     ] GC(1) Using 5 workers of 5 for evacuation
[2022-04-22T07:02:13.511+0000][8][gc,age      ] GC(1) Desired survivor size 2097152 bytes, new threshold 1 (max threshold 15)
[2022-04-22T07:02:13.515+0000][8][gc,age      ] GC(1) Age table with threshold 1 (max threshold 15)
[2022-04-22T07:02:13.516+0000][8][gc,age      ] GC(1) - age   1:    2010920 bytes,    2010920 total
[2022-04-22T07:02:13.517+0000][8][gc,phases   ] GC(1)   Pre Evacuate Collection Set: 0.2ms
[2022-04-22T07:02:13.518+0000][8][gc,phases   ] GC(1)   Merge Heap Roots: 0.2ms
[2022-04-22T07:02:13.519+0000][8][gc,phases   ] GC(1)   Evacuate Collection Set: 2.4ms
[2022-04-22T07:02:13.519+0000][8][gc,phases   ] GC(1)   Post Evacuate Collection Set: 0.8ms
[2022-04-22T07:02:13.520+0000][8][gc,phases   ] GC(1)   Other: 5.2ms
[2022-04-22T07:02:13.521+0000][8][gc,heap     ] GC(1) Eden regions: 5->0(7)
[2022-04-22T07:02:13.521+0000][8][gc,heap     ] GC(1) Survivor regions: 1->1(1)
[2022-04-22T07:02:13.522+0000][8][gc,heap     ] GC(1) Old regions: 1->2
[2022-04-22T07:02:13.523+0000][8][gc,heap     ] GC(1) Archive regions: 2->2
[2022-04-22T07:02:13.523+0000][8][gc,heap     ] GC(1) Humongous regions: 0->0
[2022-04-22T07:02:13.524+0000][8][gc,metaspace] GC(1) Metaspace: 12363K(12608K)->12363K(12608K) NonClass: 10836K(10944K)->10836K(10944K) Class: 1527K(1664K)->1527K(1664K)
[2022-04-22T07:02:13.525+0000][8][gc          ] GC(1) Pause Young (Normal) (G1 Evacuation Pause) 28M->10M(512M) 16.541ms
[2022-04-22T07:02:13.526+0000][8][gc,cpu      ] GC(1) User=0.00s Sys=0.01s Real=0.02s
[2022-04-22T07:02:13.526+0000][8][safepoint   ] Safepoint "G1CollectForAllocation", Time since last: 172541292 ns, Reaching safepoint: 81375 ns, At safepoint: 18020417 ns, Total: 18101792 ns
[2022-04-22T07:02:13.703+0000][8][safepoint   ] Safepoint "ICBufferFull", Time since last: 176836792 ns, Reaching safepoint: 169500 ns, At safepoint: 14583 ns, Total: 184083 ns
[2022-04-22T07:02:13.727+0000][8][gc,start    ] GC(2) Pause Young (Normal) (G1 Evacuation Pause)
[2022-04-22T07:02:13.729+0000][8][gc,task     ] GC(2) Using 5 workers of 5 for evacuation
[2022-04-22T07:02:13.730+0000][8][gc,age      ] GC(2) Desired survivor size 2097152 bytes, new threshold 15 (max threshold 15)
[2022-04-22T07:02:13.735+0000][8][gc,age      ] GC(2) Age table with threshold 15 (max threshold 15)
[2022-04-22T07:02:13.736+0000][8][gc,age      ] GC(2) - age   1:     891096 bytes,     891096 total
[2022-04-22T07:02:13.737+0000][8][gc,age      ] GC(2) - age   2:    1961464 bytes,    2852560 total
[2022-04-22T07:02:13.738+0000][8][gc,phases   ] GC(2)   Pre Evacuate Collection Set: 0.5ms
[2022-04-22T07:02:13.740+0000][8][gc,phases   ] GC(2)   Merge Heap Roots: 0.0ms
[2022-04-22T07:02:13.741+0000][8][gc,phases   ] GC(2)   Evacuate Collection Set: 2.7ms
[2022-04-22T07:02:13.742+0000][8][gc,phases   ] GC(2)   Post Evacuate Collection Set: 0.5ms
[2022-04-22T07:02:13.742+0000][8][gc,phases   ] GC(2)   Other: 7.3ms
[2022-04-22T07:02:13.743+0000][8][gc,heap     ] GC(2) Eden regions: 7->0(34)
[2022-04-22T07:02:13.744+0000][8][gc,heap     ] GC(2) Survivor regions: 1->1(1)
[2022-04-22T07:02:13.745+0000][8][gc,heap     ] GC(2) Old regions: 2->2
[2022-04-22T07:02:13.745+0000][8][gc,heap     ] GC(2) Archive regions: 2->2
[2022-04-22T07:02:13.746+0000][8][gc,heap     ] GC(2) Humongous regions: 0->0
[2022-04-22T07:02:13.747+0000][8][gc,metaspace] GC(2) Metaspace: 14522K(14784K)->14522K(14784K) NonClass: 12780K(12928K)->12780K(12928K) Class: 1741K(1856K)->1741K(1856K)
[2022-04-22T07:02:13.748+0000][8][gc          ] GC(2) Pause Young (Normal) (G1 Evacuation Pause) 38M->10M(512M) 20.849ms
[2022-04-22T07:02:13.749+0000][8][gc,cpu      ] GC(2) User=0.01s Sys=0.00s Real=0.02s
[2022-04-22T07:02:13.749+0000][8][safepoint   ] Safepoint "G1CollectForAllocation", Time since last: 23895292 ns, Reaching safepoint: 126541 ns, At safepoint: 22033000 ns, Total: 22159541 ns
[2022-04-22T07:02:13.933+0000][8][safepoint   ] Safepoint "ICBufferFull", Time since last: 183266334 ns, Reaching safepoint: 127916 ns, At safepoint: 2792 ns, Total: 130708 ns
[2022-04-22T07:02:14.039+0000][8][safepoint   ] Safepoint "ICBufferFull", Time since last: 105917458 ns, Reaching safepoint: 108792 ns, At safepoint: 9167 ns, Total: 117959 ns
[2022-04-22T07:02:14.047+0000][8][safepoint   ] Safepoint "ICBufferFull", Time since last: 7600500 ns, Reaching safepoint: 82333 ns, At safepoint: 4583 ns, Total: 86916 ns
[2022-04-22T07:02:14.048+0000][8][safepoint   ] Safepoint "ICBufferFull", Time since last: 1579917 ns, Reaching safepoint: 48708 ns, At safepoint: 2667 ns, Total: 51375 ns
[2022-04-22T07:02:14.049+0000][8][safepoint   ] Safepoint "ICBufferFull", Time since last: 1264417 ns, Reaching safepoint: 30375 ns, At safepoint: 1791 ns, Total: 32166 ns
[2022-04-22T07:02:14.052+0000][8][safepoint   ] Safepoint "ICBufferFull", Time since last: 2382625 ns, Reaching safepoint: 22917 ns, At safepoint: 1333 ns, Total: 24250 ns
[2022-04-22T07:02:14.062+0000][8][safepoint   ] Safepoint "ICBufferFull", Time since last: 9913917 ns, Reaching safepoint: 34375 ns, At safepoint: 3000 ns, Total: 37375 ns
[2022-04-22T07:02:14.063+0000][8][safepoint   ] Safepoint "ICBufferFull", Time since last: 1313917 ns, Reaching safepoint: 113166 ns, At safepoint: 3500 ns, Total: 116666 ns
[2022-04-22T07:02:14.064+0000][8][safepoint   ] Safepoint "ICBufferFull", Time since last: 1174292 ns, Reaching safepoint: 28792 ns, At safepoint: 1250 ns, Total: 30042 ns
[2022-04-22T07:02:14.066+0000][8][safepoint   ] Safepoint "ICBufferFull", Time since last: 1487708 ns, Reaching safepoint: 27375 ns, At safepoint: 1083 ns, Total: 28458 ns
[2022-04-22T07:02:14.067+0000][8][safepoint   ] Safepoint "ICBufferFull", Time since last: 1226292 ns, Reaching safepoint: 13167 ns, At safepoint: 1166 ns, Total: 14333 ns
[2022-04-22T07:02:14.069+0000][8][safepoint   ] Safepoint "ICBufferFull", Time since last: 1519709 ns, Reaching safepoint: 164666 ns, At safepoint: 4000 ns, Total: 168666 ns
[2022-04-22T07:02:14.154+0000][8][gc,start    ] GC(3) Pause Young (Normal) (G1 Evacuation Pause)
[2022-04-22T07:02:14.155+0000][8][gc,task     ] GC(3) Using 5 workers of 5 for evacuation
[2022-04-22T07:02:14.156+0000][8][gc,age      ] GC(3) Desired survivor size 10485760 bytes, new threshold 15 (max threshold 15)
[2022-04-22T07:02:14.161+0000][8][gc,age      ] GC(3) Age table with threshold 15 (max threshold 15)
[2022-04-22T07:02:14.162+0000][8][gc,age      ] GC(3) - age   1:    3256064 bytes,    3256064 total
[2022-04-22T07:02:14.163+0000][8][gc,age      ] GC(3) - age   2:     845464 bytes,    4101528 total
[2022-04-22T07:02:14.164+0000][8][gc,age      ] GC(3) - age   3:    1958968 bytes,    6060496 total
[2022-04-22T07:02:14.165+0000][8][gc,phases   ] GC(3)   Pre Evacuate Collection Set: 0.0ms
[2022-04-22T07:02:14.166+0000][8][gc,phases   ] GC(3)   Merge Heap Roots: 0.2ms
[2022-04-22T07:02:14.167+0000][8][gc,phases   ] GC(3)   Evacuate Collection Set: 2.6ms
[2022-04-22T07:02:14.168+0000][8][gc,phases   ] GC(3)   Post Evacuate Collection Set: 0.6ms
[2022-04-22T07:02:14.169+0000][8][gc,phases   ] GC(3)   Other: 8.4ms
[2022-04-22T07:02:14.170+0000][8][gc,heap     ] GC(3) Eden regions: 34->0(74)
[2022-04-22T07:02:14.170+0000][8][gc,heap     ] GC(3) Survivor regions: 1->2(5)
[2022-04-22T07:02:14.171+0000][8][gc,heap     ] GC(3) Old regions: 2->2
[2022-04-22T07:02:14.171+0000][8][gc,heap     ] GC(3) Archive regions: 2->2
[2022-04-22T07:02:14.172+0000][8][gc,heap     ] GC(3) Humongous regions: 0->0
[2022-04-22T07:02:14.173+0000][8][gc,metaspace] GC(3) Metaspace: 17255K(17536K)->17255K(17536K) NonClass: 15203K(15360K)->15203K(15360K) Class: 2051K(2176K)->2051K(2176K)
[2022-04-22T07:02:14.173+0000][8][gc          ] GC(3) Pause Young (Normal) (G1 Evacuation Pause) 146M->14M(512M) 19.651ms
[2022-04-22T07:02:14.175+0000][8][gc,cpu      ] GC(3) User=0.01s Sys=0.00s Real=0.03s
[2022-04-22T07:02:14.176+0000][8][safepoint   ] Safepoint "G1CollectForAllocation", Time since last: 84002751 ns, Reaching safepoint: 632041 ns, At safepoint: 22538875 ns, Total: 23170916 ns
[2022-04-22T07:02:14.257+0000][8][safepoint   ] Safepoint "ICBufferFull", Time since last: 80376375 ns, Reaching safepoint: 211334 ns, At safepoint: 8875 ns, Total: 220209 ns
[2022-04-22T07:02:14.498+0000][8][gc,start    ] GC(4) Pause Young (Normal) (G1 Evacuation Pause)
[2022-04-22T07:02:14.500+0000][8][gc,task     ] GC(4) Using 5 workers of 5 for evacuation
[2022-04-22T07:02:14.500+0000][8][gc,age      ] GC(4) Desired survivor size 20971520 bytes, new threshold 15 (max threshold 15)
[2022-04-22T07:02:14.506+0000][8][gc,age      ] GC(4) Age table with threshold 15 (max threshold 15)
[2022-04-22T07:02:14.507+0000][8][gc,age      ] GC(4) - age   1:    4162504 bytes,    4162504 total
[2022-04-22T07:02:14.508+0000][8][gc,age      ] GC(4) - age   2:    3202064 bytes,    7364568 total
[2022-04-22T07:02:14.509+0000][8][gc,age      ] GC(4) - age   3:     845264 bytes,    8209832 total
[2022-04-22T07:02:14.510+0000][8][gc,age      ] GC(4) - age   4:    1958760 bytes,   10168592 total
[2022-04-22T07:02:14.511+0000][8][gc,phases   ] GC(4)   Pre Evacuate Collection Set: 0.1ms
[2022-04-22T07:02:14.512+0000][8][gc,phases   ] GC(4)   Merge Heap Roots: 0.0ms
[2022-04-22T07:02:14.513+0000][8][gc,phases   ] GC(4)   Evacuate Collection Set: 3.7ms
[2022-04-22T07:02:14.514+0000][8][gc,phases   ] GC(4)   Post Evacuate Collection Set: 0.6ms
[2022-04-22T07:02:14.515+0000][8][gc,phases   ] GC(4)   Other: 8.8ms
[2022-04-22T07:02:14.516+0000][8][gc,heap     ] GC(4) Eden regions: 74->0(73)
[2022-04-22T07:02:14.516+0000][8][gc,heap     ] GC(4) Survivor regions: 2->3(10)
[2022-04-22T07:02:14.517+0000][8][gc,heap     ] GC(4) Old regions: 2->2
[2022-04-22T07:02:14.519+0000][8][gc,heap     ] GC(4) Archive regions: 2->2
[2022-04-22T07:02:14.521+0000][8][gc,heap     ] GC(4) Humongous regions: 0->0
[2022-04-22T07:02:14.522+0000][8][gc,metaspace] GC(4) Metaspace: 18645K(19008K)->18645K(19008K) NonClass: 16369K(16576K)->16369K(16576K) Class: 2276K(2432K)->2276K(2432K)
[2022-04-22T07:02:14.524+0000][8][gc          ] GC(4) Pause Young (Normal) (G1 Evacuation Pause) 310M->18M(512M) 25.961ms
[2022-04-22T07:02:14.525+0000][8][gc,cpu      ] GC(4) User=0.03s Sys=0.01s Real=0.02s
[2022-04-22T07:02:14.526+0000][8][safepoint   ] Safepoint "G1CollectForAllocation", Time since last: 240719666 ns, Reaching safepoint: 210959 ns, At safepoint: 28182541 ns, Total: 28393500 ns
[2022-04-22T07:02:14.803+0000][8][gc,start    ] GC(5) Pause Young (Normal) (G1 Evacuation Pause)
[2022-04-22T07:02:14.804+0000][8][gc,task     ] GC(5) Using 5 workers of 5 for evacuation
[2022-04-22T07:02:14.806+0000][8][gc,age      ] GC(5) Desired survivor size 20971520 bytes, new threshold 15 (max threshold 15)
[2022-04-22T07:02:14.813+0000][8][gc,age      ] GC(5) Age table with threshold 15 (max threshold 15)
[2022-04-22T07:02:14.815+0000][8][gc,age      ] GC(5) - age   1:    1605304 bytes,    1605304 total
[2022-04-22T07:02:14.816+0000][8][gc,age      ] GC(5) - age   2:    4149280 bytes,    5754584 total
[2022-04-22T07:02:14.817+0000][8][gc,age      ] GC(5) - age   3:    3201512 bytes,    8956096 total
[2022-04-22T07:02:14.818+0000][8][gc,age      ] GC(5) - age   4:     844992 bytes,    9801088 total
[2022-04-22T07:02:14.818+0000][8][gc,age      ] GC(5) - age   5:    1958696 bytes,   11759784 total
[2022-04-22T07:02:14.819+0000][8][gc,phases   ] GC(5)   Pre Evacuate Collection Set: 0.1ms
[2022-04-22T07:02:14.821+0000][8][gc,phases   ] GC(5)   Merge Heap Roots: 0.6ms
[2022-04-22T07:02:14.822+0000][8][gc,phases   ] GC(5)   Evacuate Collection Set: 4.7ms
[2022-04-22T07:02:14.822+0000][8][gc,phases   ] GC(5)   Post Evacuate Collection Set: 1.6ms
[2022-04-22T07:02:14.823+0000][8][gc,phases   ] GC(5)   Other: 9.6ms
[2022-04-22T07:02:14.824+0000][8][gc,heap     ] GC(5) Eden regions: 73->0(73)
[2022-04-22T07:02:14.824+0000][8][gc,heap     ] GC(5) Survivor regions: 3->3(10)
[2022-04-22T07:02:14.825+0000][8][gc,heap     ] GC(5) Old regions: 2->2
[2022-04-22T07:02:14.826+0000][8][gc,heap     ] GC(5) Archive regions: 2->2
[2022-04-22T07:02:14.826+0000][8][gc,heap     ] GC(5) Humongous regions: 0->0
[2022-04-22T07:02:14.827+0000][8][gc,metaspace] GC(5) Metaspace: 19614K(20032K)->19614K(20032K) NonClass: 17195K(17472K)->17195K(17472K) Class: 2418K(2560K)->2418K(2560K)
[2022-04-22T07:02:14.829+0000][8][gc          ] GC(5) Pause Young (Normal) (G1 Evacuation Pause) 310M->19M(512M) 26.303ms
[2022-04-22T07:02:14.830+0000][8][gc,cpu      ] GC(5) User=0.02s Sys=0.00s Real=0.03s
[2022-04-22T07:02:14.830+0000][8][safepoint   ] Safepoint "G1CollectForAllocation", Time since last: 276701917 ns, Reaching safepoint: 101750 ns, At safepoint: 27741542 ns, Total: 27843292 ns
[2022-04-22T07:02:15.085+0000][8][gc,start    ] GC(6) Pause Young (Normal) (G1 Evacuation Pause)
[2022-04-22T07:02:15.087+0000][8][gc,task     ] GC(6) Using 5 workers of 5 for evacuation
[2022-04-22T07:02:15.087+0000][8][gc,age      ] GC(6) Desired survivor size 20971520 bytes, new threshold 15 (max threshold 15)
[2022-04-22T07:02:15.094+0000][8][gc,age      ] GC(6) Age table with threshold 15 (max threshold 15)
[2022-04-22T07:02:15.095+0000][8][gc,age      ] GC(6) - age   1:    3616376 bytes,    3616376 total
[2022-04-22T07:02:15.096+0000][8][gc,age      ] GC(6) - age   2:    1353608 bytes,    4969984 total
[2022-04-22T07:02:15.097+0000][8][gc,age      ] GC(6) - age   3:    4145160 bytes,    9115144 total
[2022-04-22T07:02:15.098+0000][8][gc,age      ] GC(6) - age   4:    3199112 bytes,   12314256 total
[2022-04-22T07:02:15.099+0000][8][gc,age      ] GC(6) - age   5:     844312 bytes,   13158568 total
[2022-04-22T07:02:15.100+0000][8][gc,age      ] GC(6) - age   6:    1958392 bytes,   15116960 total
[2022-04-22T07:02:15.101+0000][8][gc,phases   ] GC(6)   Pre Evacuate Collection Set: 0.1ms
[2022-04-22T07:02:15.102+0000][8][gc,phases   ] GC(6)   Merge Heap Roots: 0.8ms
[2022-04-22T07:02:15.102+0000][8][gc,phases   ] GC(6)   Evacuate Collection Set: 3.7ms
[2022-04-22T07:02:15.103+0000][8][gc,phases   ] GC(6)   Post Evacuate Collection Set: 1.0ms
[2022-04-22T07:02:15.105+0000][8][gc,phases   ] GC(6)   Other: 10.5ms
[2022-04-22T07:02:15.105+0000][8][gc,heap     ] GC(6) Eden regions: 73->0(72)
[2022-04-22T07:02:15.106+0000][8][gc,heap     ] GC(6) Survivor regions: 3->4(10)
[2022-04-22T07:02:15.107+0000][8][gc,heap     ] GC(6) Old regions: 2->2
[2022-04-22T07:02:15.108+0000][8][gc,heap     ] GC(6) Archive regions: 2->2
[2022-04-22T07:02:15.108+0000][8][gc,heap     ] GC(6) Humongous regions: 0->0
[2022-04-22T07:02:15.108+0000][8][gc,metaspace] GC(6) Metaspace: 20771K(21248K)->20771K(21248K) NonClass: 18198K(18496K)->18198K(18496K) Class: 2573K(2752K)->2573K(2752K)
[2022-04-22T07:02:15.109+0000][8][gc          ] GC(6) Pause Young (Normal) (G1 Evacuation Pause) 311M->23M(512M) 24.445ms
[2022-04-22T07:02:15.110+0000][8][gc,cpu      ] GC(6) User=0.01s Sys=0.00s Real=0.03s
[2022-04-22T07:02:15.111+0000][8][safepoint   ] Safepoint "G1CollectForAllocation", Time since last: 254124125 ns, Reaching safepoint: 235583 ns, At safepoint: 26025542 ns, Total: 26261125 ns
[2022-04-22T07:02:15.284+0000][8][gc,start    ] GC(7) Pause Young (Concurrent Start) (Metadata GC Threshold)
[2022-04-22T07:02:15.285+0000][8][gc,task     ] GC(7) Using 5 workers of 5 for evacuation
[2022-04-22T07:02:15.286+0000][8][gc,age      ] GC(7) Desired survivor size 20971520 bytes, new threshold 15 (max threshold 15)
[2022-04-22T07:02:15.291+0000][8][gc,age      ] GC(7) Age table with threshold 15 (max threshold 15)
[2022-04-22T07:02:15.292+0000][8][gc,age      ] GC(7) - age   1:     938304 bytes,     938304 total
[2022-04-22T07:02:15.293+0000][8][gc,age      ] GC(7) - age   2:    2167712 bytes,    3106016 total
[2022-04-22T07:02:15.293+0000][8][gc,age      ] GC(7) - age   3:    1353112 bytes,    4459128 total
[2022-04-22T07:02:15.294+0000][8][gc,age      ] GC(7) - age   4:    4143936 bytes,    8603064 total
[2022-04-22T07:02:15.294+0000][8][gc,age      ] GC(7) - age   5:    3198888 bytes,   11801952 total
[2022-04-22T07:02:15.295+0000][8][gc,age      ] GC(7) - age   6:     844312 bytes,   12646264 total
[2022-04-22T07:02:15.295+0000][8][gc,age      ] GC(7) - age   7:    1958392 bytes,   14604656 total
[2022-04-22T07:02:15.296+0000][8][gc,phases   ] GC(7)   Pre Evacuate Collection Set: 0.1ms
[2022-04-22T07:02:15.297+0000][8][gc,phases   ] GC(7)   Merge Heap Roots: 0.0ms
[2022-04-22T07:02:15.298+0000][8][gc,phases   ] GC(7)   Evacuate Collection Set: 3.4ms
[2022-04-22T07:02:15.299+0000][8][gc,phases   ] GC(7)   Post Evacuate Collection Set: 0.9ms
[2022-04-22T07:02:15.299+0000][8][gc,phases   ] GC(7)   Other: 8.3ms
[2022-04-22T07:02:15.301+0000][8][gc,heap     ] GC(7) Eden regions: 55->0(72)
[2022-04-22T07:02:15.301+0000][8][gc,heap     ] GC(7) Survivor regions: 4->4(10)
[2022-04-22T07:02:15.302+0000][8][gc,heap     ] GC(7) Old regions: 2->2
[2022-04-22T07:02:15.302+0000][8][gc,heap     ] GC(7) Archive regions: 2->2
[2022-04-22T07:02:15.303+0000][8][gc,heap     ] GC(7) Humongous regions: 0->0
[2022-04-22T07:02:15.303+0000][8][gc,metaspace] GC(7) Metaspace: 20997K(21504K)->20997K(21504K) NonClass: 18380K(18688K)->18380K(18688K) Class: 2617K(2816K)->2617K(2816K)
[2022-04-22T07:02:15.304+0000][8][gc          ] GC(7) Pause Young (Concurrent Start) (Metadata GC Threshold) 243M->22M(512M) 20.233ms
[2022-04-22T07:02:15.304+0000][8][gc,cpu      ] GC(7) User=0.01s Sys=0.00s Real=0.02s
[2022-04-22T07:02:15.305+0000][8][safepoint   ] Safepoint "CollectForMetadataAllocation", Time since last: 172614875 ns, Reaching safepoint: 145208 ns, At safepoint: 21608500 ns, Total: 21753708 ns
[2022-04-22T07:02:15.305+0000][8][gc          ] GC(8) Concurrent Mark Cycle
[2022-04-22T07:02:15.310+0000][8][gc,marking  ] GC(8) Concurrent Clear Claimed Marks
[2022-04-22T07:02:15.314+0000][8][gc,marking  ] GC(8) Concurrent Clear Claimed Marks 3.991ms
[2022-04-22T07:02:15.319+0000][8][gc,marking  ] GC(8) Concurrent Scan Root Regions
[2022-04-22T07:02:15.323+0000][8][gc,marking  ] GC(8) Concurrent Scan Root Regions 4.308ms
[2022-04-22T07:02:15.325+0000][8][gc,marking  ] GC(8) Concurrent Mark
[2022-04-22T07:02:15.328+0000][8][gc,marking  ] GC(8) Concurrent Mark From Roots
[2022-04-22T07:02:15.329+0000][8][gc,task     ] GC(8) Using 1 workers of 1 for marking
[2022-04-22T07:02:15.334+0000][8][gc,marking  ] GC(8) Concurrent Mark From Roots 5.853ms
[2022-04-22T07:02:15.335+0000][8][gc,marking  ] GC(8) Concurrent Preclean
[2022-04-22T07:02:15.336+0000][8][gc,marking  ] GC(8) Concurrent Preclean 0.706ms
[2022-04-22T07:02:15.337+0000][8][gc,start    ] GC(8) Pause Remark
[2022-04-22T07:02:15.341+0000][8][gc          ] GC(8) Pause Remark 24M->24M(512M) 4.267ms
[2022-04-22T07:02:15.342+0000][8][gc,cpu      ] GC(8) User=0.00s Sys=0.00s Real=0.00s
[2022-04-22T07:02:15.343+0000][8][safepoint   ] Safepoint "G1Concurrent", Time since last: 31733917 ns, Reaching safepoint: 133542 ns, At safepoint: 5923583 ns, Total: 6057125 ns
[2022-04-22T07:02:15.344+0000][8][gc,marking  ] GC(8) Concurrent Mark 19.540ms
[2022-04-22T07:02:15.345+0000][8][gc,marking  ] GC(8) Concurrent Rebuild Remembered Sets
[2022-04-22T07:02:15.348+0000][8][gc,marking  ] GC(8) Concurrent Rebuild Remembered Sets 2.924ms
[2022-04-22T07:02:15.349+0000][8][gc,start    ] GC(8) Pause Cleanup
[2022-04-22T07:02:15.351+0000][8][gc          ] GC(8) Pause Cleanup 24M->24M(512M) 1.396ms
[2022-04-22T07:02:15.352+0000][8][gc,cpu      ] GC(8) User=0.00s Sys=0.00s Real=0.00s
[2022-04-22T07:02:15.353+0000][8][safepoint   ] Safepoint "G1Concurrent", Time since last: 6344583 ns, Reaching safepoint: 163959 ns, At safepoint: 3381666 ns, Total: 3545625 ns
[2022-04-22T07:02:15.353+0000][8][gc,marking  ] GC(8) Concurrent Cleanup for Next Mark
[2022-04-22T07:02:15.354+0000][8][gc,marking  ] GC(8) Concurrent Cleanup for Next Mark 0.897ms
[2022-04-22T07:02:15.355+0000][8][gc          ] GC(8) Concurrent Mark Cycle 50.188ms
[2022-04-22T07:02:15.669+0000][8][safepoint   ] Safepoint "ICBufferFull", Time since last: 315723834 ns, Reaching safepoint: 237167 ns, At safepoint: 4000 ns, Total: 241167 ns
[2022-04-22T07:02:15.704+0000][8][safepoint   ] Safepoint "ICBufferFull", Time since last: 35154208 ns, Reaching safepoint: 176333 ns, At safepoint: 3792 ns, Total: 180125 ns
[2022-04-22T07:02:15.706+0000][8][safepoint   ] Safepoint "ICBufferFull", Time since last: 1572542 ns, Reaching safepoint: 145750 ns, At safepoint: 3416 ns, Total: 149166 ns
[2022-04-22T07:02:15.713+0000][8][safepoint   ] Safepoint "ICBufferFull", Time since last: 7569542 ns, Reaching safepoint: 35333 ns, At safepoint: 1542 ns, Total: 36875 ns
[2022-04-22T07:02:15.716+0000][8][safepoint   ] Safepoint "ICBufferFull", Time since last: 2309500 ns, Reaching safepoint: 49167 ns, At safepoint: 1458 ns, Total: 50625 ns
[2022-04-22T07:02:15.717+0000][8][safepoint   ] Safepoint "ICBufferFull", Time since last: 1380500 ns, Reaching safepoint: 29083 ns, At safepoint: 959 ns, Total: 30042 ns
[2022-04-22T07:02:15.718+0000][8][safepoint   ] Safepoint "ICBufferFull", Time since last: 809666 ns, Reaching safepoint: 23417 ns, At safepoint: 1042 ns, Total: 24459 ns
[2022-04-22T07:02:15.719+0000][8][safepoint   ] Safepoint "ICBufferFull", Time since last: 1122041 ns, Reaching safepoint: 42084 ns, At safepoint: 1000 ns, Total: 43084 ns
[2022-04-22T07:02:15.727+0000][8][safepoint   ] Safepoint "ICBufferFull", Time since last: 8222833 ns, Reaching safepoint: 29917 ns, At safepoint: 1500 ns, Total: 31417 ns
[2022-04-22T07:02:15.729+0000][8][safepoint   ] Safepoint "ICBufferFull", Time since last: 1228125 ns, Reaching safepoint: 301166 ns, At safepoint: 11084 ns, Total: 312250 ns
[2022-04-22T07:02:15.730+0000][8][safepoint   ] Safepoint "ICBufferFull", Time since last: 907166 ns, Reaching safepoint: 249125 ns, At safepoint: 2250 ns, Total: 251375 ns
[2022-04-22T07:02:15.731+0000][8][safepoint   ] Safepoint "ICBufferFull", Time since last: 776959 ns, Reaching safepoint: 95333 ns, At safepoint: 3292 ns, Total: 98625 ns
[2022-04-22T07:02:15.750+0000][8][safepoint   ] Safepoint "ICBufferFull", Time since last: 18698875 ns, Reaching safepoint: 209625 ns, At safepoint: 8125 ns, Total: 217750 ns
[2022-04-22T07:02:15.755+0000][8][safepoint   ] Safepoint "ICBufferFull", Time since last: 4654375 ns, Reaching safepoint: 66458 ns, At safepoint: 2167 ns, Total: 68625 ns
[2022-04-22T07:02:15.756+0000][8][safepoint   ] Safepoint "ICBufferFull", Time since last: 1400791 ns, Reaching safepoint: 31542 ns, At safepoint: 1208 ns, Total: 32750 ns
[2022-04-22T07:02:15.758+0000][8][safepoint   ] Safepoint "ICBufferFull", Time since last: 1622167 ns, Reaching safepoint: 22458 ns, At safepoint: 1209 ns, Total: 23667 ns
[2022-04-22T07:02:15.761+0000][8][safepoint   ] Safepoint "ICBufferFull", Time since last: 3556833 ns, Reaching safepoint: 112333 ns, At safepoint: 3459 ns, Total: 115792 ns
[2022-04-22T07:02:15.777+0000][8][safepoint   ] Safepoint "ICBufferFull", Time since last: 14912125 ns, Reaching safepoint: 243958 ns, At safepoint: 2917 ns, Total: 246875 ns
[2022-04-22T07:02:15.801+0000][8][safepoint   ] Safepoint "ICBufferFull", Time since last: 24573791 ns, Reaching safepoint: 242542 ns, At safepoint: 3667 ns, Total: 246209 ns
[2022-04-22T07:02:15.806+0000][8][safepoint   ] Safepoint "ICBufferFull", Time since last: 4608208 ns, Reaching safepoint: 116292 ns, At safepoint: 2833 ns, Total: 119125 ns
[2022-04-22T07:02:15.808+0000][8][safepoint   ] Safepoint "ICBufferFull", Time since last: 1358583 ns, Reaching safepoint: 30042 ns, At safepoint: 7083 ns, Total: 37125 ns
[2022-04-22T07:02:15.809+0000][8][safepoint   ] Safepoint "ICBufferFull", Time since last: 997209 ns, Reaching safepoint: 182250 ns, At safepoint: 2875 ns, Total: 185125 ns
[2022-04-22T07:02:15.810+0000][8][safepoint   ] Safepoint "ICBufferFull", Time since last: 1290333 ns, Reaching safepoint: 407125 ns, At safepoint: 6667 ns, Total: 413792 ns
[2022-04-22T07:02:15.812+0000][8][safepoint   ] Safepoint "ICBufferFull", Time since last: 1773541 ns, Reaching safepoint: 193500 ns, At safepoint: 9959 ns, Total: 203459 ns
[2022-04-22T07:02:15.897+0000][8][safepoint   ] Safepoint "ICBufferFull", Time since last: 84385750 ns, Reaching safepoint: 90750 ns, At safepoint: 8166 ns, Total: 98916 ns
[2022-04-22T07:02:16.121+0000][8][safepoint   ] Safepoint "ICBufferFull", Time since last: 224421084 ns, Reaching safepoint: 147708 ns, At safepoint: 2583 ns, Total: 150291 ns
[2022-04-22T07:02:16.414+0000][8][safepoint   ] Safepoint "ICBufferFull", Time since last: 292086251 ns, Reaching safepoint: 126541 ns, At safepoint: 3042 ns, Total: 129583 ns
[2022-04-22T07:02:16.584+0000][8][safepoint   ] Safepoint "ICBufferFull", Time since last: 169697250 ns, Reaching safepoint: 183417 ns, At safepoint: 3291 ns, Total: 186708 ns
[2022-04-22T07:02:16.746+0000][8][gc,start    ] GC(9) Pause Young (Concurrent Start) (Metadata GC Threshold)
[2022-04-22T07:02:16.748+0000][8][gc,task     ] GC(9) Using 5 workers of 5 for evacuation
[2022-04-22T07:02:16.749+0000][8][gc,age      ] GC(9) Desired survivor size 20971520 bytes, new threshold 15 (max threshold 15)
[2022-04-22T07:02:16.769+0000][8][gc,age      ] GC(9) Age table with threshold 15 (max threshold 15)
[2022-04-22T07:02:16.770+0000][8][gc,age      ] GC(9) - age   1:   27003536 bytes,   27003536 total
[2022-04-22T07:02:16.771+0000][8][gc,age      ] GC(9) - age   2:     911072 bytes,   27914608 total
[2022-04-22T07:02:16.772+0000][8][gc,age      ] GC(9) - age   3:    2133824 bytes,   30048432 total
[2022-04-22T07:02:16.773+0000][8][gc,age      ] GC(9) - age   4:    1337336 bytes,   31385768 total
[2022-04-22T07:02:16.774+0000][8][gc,age      ] GC(9) - age   5:    4117608 bytes,   35503376 total
[2022-04-22T07:02:16.775+0000][8][gc,age      ] GC(9) - age   6:    3106056 bytes,   38609432 total
[2022-04-22T07:02:16.776+0000][8][gc,age      ] GC(9) - age   7:     812064 bytes,   39421496 total
[2022-04-22T07:02:16.777+0000][8][gc,age      ] GC(9) - age   8:    1951248 bytes,   41372744 total
[2022-04-22T07:02:16.778+0000][8][gc,phases   ] GC(9)   Pre Evacuate Collection Set: 0.2ms
[2022-04-22T07:02:16.780+0000][8][gc,phases   ] GC(9)   Merge Heap Roots: 0.5ms
[2022-04-22T07:02:16.781+0000][8][gc,phases   ] GC(9)   Evacuate Collection Set: 16.4ms
[2022-04-22T07:02:16.781+0000][8][gc,phases   ] GC(9)   Post Evacuate Collection Set: 1.7ms
[2022-04-22T07:02:16.782+0000][8][gc,phases   ] GC(9)   Other: 13.2ms
[2022-04-22T07:02:16.782+0000][8][gc,heap     ] GC(9) Eden regions: 70->0(66)
[2022-04-22T07:02:16.783+0000][8][gc,heap     ] GC(9) Survivor regions: 4->10(10)
[2022-04-22T07:02:16.784+0000][8][gc,heap     ] GC(9) Old regions: 2->2
[2022-04-22T07:02:16.784+0000][8][gc,heap     ] GC(9) Archive regions: 2->2
[2022-04-22T07:02:16.785+0000][8][gc,heap     ] GC(9) Humongous regions: 0->0
[2022-04-22T07:02:16.786+0000][8][gc,metaspace] GC(9) Metaspace: 35407K(36288K)->35407K(36288K) NonClass: 30719K(31232K)->30719K(31232K) Class: 4687K(5056K)->4687K(5056K)
[2022-04-22T07:02:16.787+0000][8][gc          ] GC(9) Pause Young (Concurrent Start) (Metadata GC Threshold) 300M->48M(512M) 40.437ms
[2022-04-22T07:02:16.788+0000][8][gc,cpu      ] GC(9) User=0.06s Sys=0.01s Real=0.04s
[2022-04-22T07:02:16.789+0000][8][safepoint   ] Safepoint "CollectForMetadataAllocation", Time since last: 162634875 ns, Reaching safepoint: 156542 ns, At safepoint: 43067500 ns, Total: 43224042 ns
[2022-04-22T07:02:16.789+0000][8][gc          ] GC(10) Concurrent Mark Cycle
[2022-04-22T07:02:16.801+0000][8][safepoint   ] Safepoint "CollectForMetadataAllocation", Time since last: 11955833 ns, Reaching safepoint: 36167 ns, At safepoint: 27333 ns, Total: 63500 ns
[2022-04-22T07:02:16.803+0000][8][gc,marking  ] GC(10) Concurrent Clear Claimed Marks
[2022-04-22T07:02:16.805+0000][8][gc,marking  ] GC(10) Concurrent Clear Claimed Marks 1.497ms
[2022-04-22T07:02:16.805+0000][8][gc,marking  ] GC(10) Concurrent Scan Root Regions
[2022-04-22T07:02:16.822+0000][8][gc,marking  ] GC(10) Concurrent Scan Root Regions 16.198ms
[2022-04-22T07:02:16.825+0000][8][gc,marking  ] GC(10) Concurrent Mark
[2022-04-22T07:02:16.827+0000][8][gc,marking  ] GC(10) Concurrent Mark From Roots
[2022-04-22T07:02:16.831+0000][8][gc,task     ] GC(10) Using 1 workers of 1 for marking
[2022-04-22T07:02:16.836+0000][8][gc,marking  ] GC(10) Concurrent Mark From Roots 8.053ms
[2022-04-22T07:02:16.839+0000][8][gc,marking  ] GC(10) Concurrent Preclean
[2022-04-22T07:02:16.836+0000][8][safepoint   ] Safepoint "CollectForMetadataAllocation", Time since last: 34821000 ns, Reaching safepoint: 84542 ns, At safepoint: 50875 ns, Total: 135417 ns
[2022-04-22T07:02:16.842+0000][8][gc,marking  ] GC(10) Concurrent Preclean 3.518ms
[2022-04-22T07:02:16.848+0000][8][gc,start    ] GC(10) Pause Remark
[2022-04-22T07:02:16.852+0000][8][gc          ] GC(10) Pause Remark 52M->52M(512M) 4.012ms
[2022-04-22T07:02:16.853+0000][8][gc,cpu      ] GC(10) User=0.01s Sys=0.00s Real=0.00s
[2022-04-22T07:02:16.854+0000][8][safepoint   ] Safepoint "G1Concurrent", Time since last: 11637083 ns, Reaching safepoint: 425834 ns, At safepoint: 5967000 ns, Total: 6392834 ns
[2022-04-22T07:02:16.858+0000][8][gc,marking  ] GC(10) Concurrent Mark 33.088ms
[2022-04-22T07:02:16.860+0000][8][gc,marking  ] GC(10) Concurrent Rebuild Remembered Sets
[2022-04-22T07:02:16.864+0000][8][gc,marking  ] GC(10) Concurrent Rebuild Remembered Sets 4.069ms
[2022-04-22T07:02:16.865+0000][8][gc,start    ] GC(10) Pause Cleanup
[2022-04-22T07:02:16.866+0000][8][gc          ] GC(10) Pause Cleanup 52M->52M(512M) 0.862ms
[2022-04-22T07:02:16.867+0000][8][gc,cpu      ] GC(10) User=0.00s Sys=0.00s Real=0.01s
[2022-04-22T07:02:16.868+0000][8][safepoint   ] Safepoint "G1Concurrent", Time since last: 10069125 ns, Reaching safepoint: 419666 ns, At safepoint: 2799875 ns, Total: 3219541 ns
[2022-04-22T07:02:16.870+0000][8][gc,marking  ] GC(10) Concurrent Cleanup for Next Mark
[2022-04-22T07:02:16.871+0000][8][gc,marking  ] GC(10) Concurrent Cleanup for Next Mark 0.890ms
[2022-04-22T07:02:16.871+0000][8][gc          ] GC(10) Concurrent Mark Cycle 82.082ms
[2022-04-22T07:02:16.967+0000][8][safepoint   ] Safepoint "ICBufferFull", Time since last: 98636917 ns, Reaching safepoint: 323959 ns, At safepoint: 21833 ns, Total: 345792 ns
[2022-04-22T07:02:17.419+0000][8][safepoint   ] Safepoint "ICBufferFull", Time since last: 452116333 ns, Reaching safepoint: 413292 ns, At safepoint: 11958 ns, Total: 425250 ns
[2022-04-22T07:02:17.635+0000][8][safepoint   ] Safepoint "ICBufferFull", Time since last: 215021667 ns, Reaching safepoint: 340292 ns, At safepoint: 2875 ns, Total: 343167 ns
[2022-04-22T07:02:17.646+0000][8][safepoint   ] Safepoint "ICBufferFull", Time since last: 10868208 ns, Reaching safepoint: 211000 ns, At safepoint: 5209 ns, Total: 216209 ns
[2022-04-22T07:02:17.907+0000][8][safepoint   ] Safepoint "ICBufferFull", Time since last: 260675458 ns, Reaching safepoint: 353417 ns, At safepoint: 10750 ns, Total: 364167 ns
[2022-04-22T07:02:18.036+0000][8][gc,start    ] GC(11) Pause Young (Concurrent Start) (G1 Evacuation Pause)
[2022-04-22T07:02:18.038+0000][8][gc,task     ] GC(11) Using 5 workers of 5 for evacuation
[2022-04-22T07:02:18.039+0000][8][gc,age      ] GC(11) Desired survivor size 20971520 bytes, new threshold 1 (max threshold 15)
[2022-04-22T07:02:18.063+0000][8][gc,age      ] GC(11) Age table with threshold 1 (max threshold 15)
[2022-04-22T07:02:18.065+0000][8][gc,age      ] GC(11) - age   1:    6068904 bytes,    6068904 total
[2022-04-22T07:02:18.065+0000][8][gc,phases   ] GC(11)   Pre Evacuate Collection Set: 0.1ms
[2022-04-22T07:02:18.069+0000][8][gc,phases   ] GC(11)   Merge Heap Roots: 0.1ms
[2022-04-22T07:02:18.070+0000][8][gc,phases   ] GC(11)   Evacuate Collection Set: 21.4ms
[2022-04-22T07:02:18.071+0000][8][gc,phases   ] GC(11)   Post Evacuate Collection Set: 1.5ms
[2022-04-22T07:02:18.072+0000][8][gc,phases   ] GC(11)   Other: 6.1ms
[2022-04-22T07:02:18.073+0000][8][gc,heap     ] GC(11) Eden regions: 66->0(74)
[2022-04-22T07:02:18.075+0000][8][gc,heap     ] GC(11) Survivor regions: 10->2(10)
[2022-04-22T07:02:18.081+0000][8][gc,heap     ] GC(11) Old regions: 2->11
[2022-04-22T07:02:18.082+0000][8][gc,heap     ] GC(11) Archive regions: 2->2
[2022-04-22T07:02:18.083+0000][8][gc,heap     ] GC(11) Humongous regions: 0->0
[2022-04-22T07:02:18.083+0000][8][gc,metaspace] GC(11) Metaspace: 52161K(53376K)->52161K(53376K) NonClass: 45080K(45824K)->45080K(45824K) Class: 7080K(7552K)->7080K(7552K)
[2022-04-22T07:02:18.085+0000][8][gc          ] GC(11) Pause Young (Concurrent Start) (G1 Evacuation Pause) 312M->55M(512M) 48.448ms
[2022-04-22T07:02:18.086+0000][8][gc,cpu      ] GC(11) User=0.06s Sys=0.00s Real=0.05s
[2022-04-22T07:02:18.087+0000][8][safepoint   ] Safepoint "G1CollectForAllocation", Time since last: 129217333 ns, Reaching safepoint: 314000 ns, At safepoint: 50785292 ns, Total: 51099292 ns
[2022-04-22T07:02:18.087+0000][8][gc          ] GC(12) Concurrent Mark Cycle
[2022-04-22T07:02:18.091+0000][8][gc,marking  ] GC(12) Concurrent Clear Claimed Marks
[2022-04-22T07:02:18.095+0000][8][gc,marking  ] GC(12) Concurrent Clear Claimed Marks 3.685ms
[2022-04-22T07:02:18.097+0000][8][gc,marking  ] GC(12) Concurrent Scan Root Regions
[2022-04-22T07:02:18.120+0000][8][gc,marking  ] GC(12) Concurrent Scan Root Regions 23.372ms
[2022-04-22T07:02:18.121+0000][8][gc,marking  ] GC(12) Concurrent Mark
[2022-04-22T07:02:18.123+0000][8][gc,marking  ] GC(12) Concurrent Mark From Roots
[2022-04-22T07:02:18.126+0000][8][gc,task     ] GC(12) Using 1 workers of 1 for marking
[2022-04-22T07:02:18.131+0000][8][gc,marking  ] GC(12) Concurrent Mark From Roots 7.983ms
[2022-04-22T07:02:18.133+0000][8][gc,marking  ] GC(12) Concurrent Preclean
[2022-04-22T07:02:18.136+0000][8][gc,marking  ] GC(12) Concurrent Preclean 2.927ms
[2022-04-22T07:02:18.137+0000][8][gc,start    ] GC(12) Pause Remark
[2022-04-22T07:02:18.142+0000][8][gc          ] GC(12) Pause Remark 69M->69M(512M) 4.819ms
[2022-04-22T07:02:18.143+0000][8][gc,cpu      ] GC(12) User=0.01s Sys=0.00s Real=0.00s
[2022-04-22T07:02:18.145+0000][8][safepoint   ] Safepoint "G1Concurrent", Time since last: 49774208 ns, Reaching safepoint: 326750 ns, At safepoint: 7691542 ns, Total: 8018292 ns
[2022-04-22T07:02:18.146+0000][8][gc,marking  ] GC(12) Concurrent Mark 25.034ms
[2022-04-22T07:02:18.147+0000][8][gc,marking  ] GC(12) Concurrent Rebuild Remembered Sets
[2022-04-22T07:02:18.148+0000][8][gc,marking  ] GC(12) Concurrent Rebuild Remembered Sets 0.864ms
[2022-04-22T07:02:18.149+0000][8][gc,start    ] GC(12) Pause Cleanup
[2022-04-22T07:02:18.150+0000][8][gc          ] GC(12) Pause Cleanup 69M->69M(512M) 0.878ms
[2022-04-22T07:02:18.152+0000][8][gc,cpu      ] GC(12) User=0.00s Sys=0.00s Real=0.00s
[2022-04-22T07:02:18.153+0000][8][safepoint   ] Safepoint "G1Concurrent", Time since last: 4171875 ns, Reaching safepoint: 500208 ns, At safepoint: 3089667 ns, Total: 3589875 ns
[2022-04-22T07:02:18.154+0000][8][gc,marking  ] GC(12) Concurrent Cleanup for Next Mark
[2022-04-22T07:02:18.160+0000][8][gc,marking  ] GC(12) Concurrent Cleanup for Next Mark 6.581ms
[2022-04-22T07:02:18.161+0000][8][gc          ] GC(12) Concurrent Mark Cycle 74.459ms
[2022-04-22T07:02:18.590+0000][8][safepoint   ] Safepoint "ICBufferFull", Time since last: 437775917 ns, Reaching safepoint: 125000 ns, At safepoint: 2083 ns, Total: 127083 ns
[2022-04-22T07:02:19.021+0000][8][safepoint   ] Safepoint "ICBufferFull", Time since last: 429553584 ns, Reaching safepoint: 640583 ns, At safepoint: 12000 ns, Total: 652583 ns
[2022-04-22T07:02:19.384+0000][8][safepoint   ] Safepoint "ICBufferFull", Time since last: 363525000 ns, Reaching safepoint: 212167 ns, At safepoint: 3958 ns, Total: 216125 ns
[2022-04-22T07:02:19.597+0000][8][safepoint   ] Safepoint "ICBufferFull", Time since last: 212039250 ns, Reaching safepoint: 126333 ns, At safepoint: 2250 ns, Total: 128583 ns
[2022-04-22T07:02:19.946+0000][8][safepoint   ] Safepoint "ICBufferFull", Time since last: 349327876 ns, Reaching safepoint: 404166 ns, At safepoint: 6750 ns, Total: 410916 ns
[2022-04-22T07:02:20.163+0000][8][safepoint   ] Safepoint "ICBufferFull", Time since last: 216420417 ns, Reaching safepoint: 270375 ns, At safepoint: 50292 ns, Total: 320667 ns
[2022-04-22T07:02:20.223+0000][8][safepoint   ] Safepoint "ICBufferFull", Time since last: 59410458 ns, Reaching safepoint: 177500 ns, At safepoint: 5500 ns, Total: 183000 ns
[2022-04-22T07:02:20.681+0000][8][gc,start    ] GC(13) Pause Young (Normal) (G1 Evacuation Pause)
[2022-04-22T07:02:20.682+0000][8][gc,task     ] GC(13) Using 5 workers of 5 for evacuation
[2022-04-22T07:02:20.687+0000][8][gc,age      ] GC(13) Desired survivor size 20971520 bytes, new threshold 15 (max threshold 15)
[2022-04-22T07:02:20.717+0000][8][gc,age      ] GC(13) Age table with threshold 15 (max threshold 15)
[2022-04-22T07:02:20.720+0000][8][gc,age      ] GC(13) - age   1:   13930424 bytes,   13930424 total
[2022-04-22T07:02:20.721+0000][8][gc,age      ] GC(13) - age   2:    5851112 bytes,   19781536 total
[2022-04-22T07:02:20.723+0000][8][gc,phases   ] GC(13)   Pre Evacuate Collection Set: 0.2ms
[2022-04-22T07:02:20.725+0000][8][gc,phases   ] GC(13)   Merge Heap Roots: 0.3ms
[2022-04-22T07:02:20.727+0000][8][gc,phases   ] GC(13)   Evacuate Collection Set: 23.2ms
[2022-04-22T07:02:20.728+0000][8][gc,phases   ] GC(13)   Post Evacuate Collection Set: 5.0ms
[2022-04-22T07:02:20.729+0000][8][gc,phases   ] GC(13)   Other: 13.9ms
[2022-04-22T07:02:20.729+0000][8][gc,heap     ] GC(13) Eden regions: 74->0(71)
[2022-04-22T07:02:20.730+0000][8][gc,heap     ] GC(13) Survivor regions: 2->5(10)
[2022-04-22T07:02:20.731+0000][8][gc,heap     ] GC(13) Old regions: 11->11
[2022-04-22T07:02:20.733+0000][8][gc,heap     ] GC(13) Archive regions: 2->2
[2022-04-22T07:02:20.735+0000][8][gc,heap     ] GC(13) Humongous regions: 0->0
[2022-04-22T07:02:20.737+0000][8][gc,metaspace] GC(13) Metaspace: 86808K(88256K)->86808K(88256K) NonClass: 74733K(75584K)->74733K(75584K) Class: 12074K(12672K)->12074K(12672K)
[2022-04-22T07:02:20.738+0000][8][gc          ] GC(13) Pause Young (Normal) (G1 Evacuation Pause) 351M->67M(512M) 57.245ms
[2022-04-22T07:02:20.740+0000][8][gc,cpu      ] GC(13) User=0.06s Sys=0.01s Real=0.06s
[2022-04-22T07:02:20.741+0000][8][safepoint   ] Safepoint "G1CollectForAllocation", Time since last: 457868667 ns, Reaching safepoint: 166292 ns, At safepoint: 60771875 ns, Total: 60938167 ns
[2022-04-22T07:02:21.019+0000][8][gc,start    ] GC(14) Pause Young (Concurrent Start) (Metadata GC Threshold)
[2022-04-22T07:02:21.020+0000][8][gc,task     ] GC(14) Using 5 workers of 5 for evacuation
[2022-04-22T07:02:21.022+0000][8][gc,age      ] GC(14) Desired survivor size 20971520 bytes, new threshold 15 (max threshold 15)
[2022-04-22T07:02:21.033+0000][8][gc,age      ] GC(14) Age table with threshold 15 (max threshold 15)
[2022-04-22T07:02:21.034+0000][8][gc,age      ] GC(14) - age   1:     404056 bytes,     404056 total
[2022-04-22T07:02:21.035+0000][8][gc,age      ] GC(14) - age   2:   13674376 bytes,   14078432 total
[2022-04-22T07:02:21.036+0000][8][gc,age      ] GC(14) - age   3:    5825984 bytes,   19904416 total
[2022-04-22T07:02:21.037+0000][8][gc,phases   ] GC(14)   Pre Evacuate Collection Set: 0.1ms
[2022-04-22T07:02:21.038+0000][8][gc,phases   ] GC(14)   Merge Heap Roots: 0.2ms
[2022-04-22T07:02:21.039+0000][8][gc,phases   ] GC(14)   Evacuate Collection Set: 7.3ms
[2022-04-22T07:02:21.039+0000][8][gc,phases   ] GC(14)   Post Evacuate Collection Set: 1.9ms
[2022-04-22T07:02:21.040+0000][8][gc,phases   ] GC(14)   Other: 8.7ms
[2022-04-22T07:02:21.041+0000][8][gc,heap     ] GC(14) Eden regions: 4->0(70)
[2022-04-22T07:02:21.041+0000][8][gc,heap     ] GC(14) Survivor regions: 5->6(10)
[2022-04-22T07:02:21.042+0000][8][gc,heap     ] GC(14) Old regions: 11->11
[2022-04-22T07:02:21.046+0000][8][gc,heap     ] GC(14) Archive regions: 2->2
[2022-04-22T07:02:21.047+0000][8][gc,heap     ] GC(14) Humongous regions: 0->0
[2022-04-22T07:02:21.068+0000][8][gc,metaspace] GC(14) Metaspace: 87541K(88960K)->87541K(88960K) NonClass: 75345K(76160K)->75345K(76160K) Class: 12196K(12800K)->12196K(12800K)
[2022-04-22T07:02:21.072+0000][8][gc          ] GC(14) Pause Young (Concurrent Start) (Metadata GC Threshold) 80M->69M(512M) 53.293ms
[2022-04-22T07:02:21.074+0000][8][gc,cpu      ] GC(14) User=0.03s Sys=0.00s Real=0.05s
[2022-04-22T07:02:21.075+0000][8][safepoint   ] Safepoint "CollectForMetadataAllocation", Time since last: 276938791 ns, Reaching safepoint: 459250 ns, At safepoint: 56450750 ns, Total: 56910000 ns
[2022-04-22T07:02:21.075+0000][8][gc          ] GC(15) Concurrent Mark Cycle
[2022-04-22T07:02:21.078+0000][8][gc,marking  ] GC(15) Concurrent Clear Claimed Marks
[2022-04-22T07:02:21.079+0000][8][gc,marking  ] GC(15) Concurrent Clear Claimed Marks 1.376ms
[2022-04-22T07:02:21.080+0000][8][gc,marking  ] GC(15) Concurrent Scan Root Regions
[2022-04-22T07:02:21.099+0000][8][gc,marking  ] GC(15) Concurrent Scan Root Regions 18.667ms
[2022-04-22T07:02:21.102+0000][8][gc,marking  ] GC(15) Concurrent Mark
[2022-04-22T07:02:21.105+0000][8][gc,marking  ] GC(15) Concurrent Mark From Roots
[2022-04-22T07:02:21.106+0000][8][gc,task     ] GC(15) Using 1 workers of 1 for marking
[2022-04-22T07:02:21.102+0000][8][safepoint   ] Safepoint "CollectForMetadataAllocation", Time since last: 26929334 ns, Reaching safepoint: 104500 ns, At safepoint: 68041 ns, Total: 172541 ns
[2022-04-22T07:02:21.128+0000][8][safepoint   ] Safepoint "CollectForMetadataAllocation", Time since last: 25042542 ns, Reaching safepoint: 204417 ns, At safepoint: 558292 ns, Total: 762709 ns
[2022-04-22T07:02:21.174+0000][8][safepoint   ] Safepoint "CollectForMetadataAllocation", Time since last: 45552333 ns, Reaching safepoint: 345875 ns, At safepoint: 46042 ns, Total: 391917 ns
[2022-04-22T07:02:21.186+0000][8][gc,marking  ] GC(15) Concurrent Mark From Roots 80.734ms
[2022-04-22T07:02:21.189+0000][8][gc,marking  ] GC(15) Concurrent Preclean
[2022-04-22T07:02:21.191+0000][8][gc,marking  ] GC(15) Concurrent Preclean 2.841ms
[2022-04-22T07:02:21.194+0000][8][gc,start    ] GC(15) Pause Remark
[2022-04-22T07:02:21.200+0000][8][gc          ] GC(15) Pause Remark 86M->86M(512M) 5.566ms
[2022-04-22T07:02:21.201+0000][8][gc,cpu      ] GC(15) User=0.01s Sys=0.00s Real=0.01s
[2022-04-22T07:02:21.202+0000][8][safepoint   ] Safepoint "G1Concurrent", Time since last: 19794791 ns, Reaching safepoint: 463084 ns, At safepoint: 7328875 ns, Total: 7791959 ns
[2022-04-22T07:02:21.203+0000][8][gc,marking  ] GC(15) Concurrent Mark 100.251ms
[2022-04-22T07:02:21.204+0000][8][gc,marking  ] GC(15) Concurrent Rebuild Remembered Sets
[2022-04-22T07:02:21.206+0000][8][gc,marking  ] GC(15) Concurrent Rebuild Remembered Sets 1.518ms
[2022-04-22T07:02:21.210+0000][8][gc,start    ] GC(15) Pause Cleanup
[2022-04-22T07:02:21.211+0000][8][gc          ] GC(15) Pause Cleanup 87M->87M(512M) 0.723ms
[2022-04-22T07:02:21.214+0000][8][gc,cpu      ] GC(15) User=0.00s Sys=0.00s Real=0.00s
[2022-04-22T07:02:21.218+0000][8][safepoint   ] Safepoint "G1Concurrent", Time since last: 8447000 ns, Reaching safepoint: 27375 ns, At safepoint: 7926541 ns, Total: 7953916 ns
[2022-04-22T07:02:21.219+0000][8][gc,marking  ] GC(15) Concurrent Cleanup for Next Mark
[2022-04-22T07:02:21.220+0000][8][gc,marking  ] GC(15) Concurrent Cleanup for Next Mark 1.312ms
[2022-04-22T07:02:21.223+0000][8][gc          ] GC(15) Concurrent Mark Cycle 147.081ms
[2022-04-22T07:02:21.486+0000][8][safepoint   ] Safepoint "ICBufferFull", Time since last: 267657250 ns, Reaching safepoint: 195084 ns, At safepoint: 8916 ns, Total: 204000 ns
[2022-04-22T07:02:21.947+0000][8][safepoint   ] Safepoint "ICBufferFull", Time since last: 460849001 ns, Reaching safepoint: 160708 ns, At safepoint: 118458 ns, Total: 279166 ns
[2022-04-22T07:02:22.212+0000][8][safepoint   ] Safepoint "ICBufferFull", Time since last: 264333917 ns, Reaching safepoint: 154792 ns, At safepoint: 12666 ns, Total: 167458 ns
[2022-04-22T07:02:22.372+0000][8][safepoint   ] Safepoint "ICBufferFull", Time since last: 160213792 ns, Reaching safepoint: 543833 ns, At safepoint: 19500 ns, Total: 563333 ns
[2022-04-22T07:02:22.744+0000][8][safepoint   ] Safepoint "ICBufferFull", Time since last: 371458167 ns, Reaching safepoint: 308584 ns, At safepoint: 18541 ns, Total: 327125 ns
[2022-04-22T07:02:22.994+0000][8][safepoint   ] Safepoint "ICBufferFull", Time since last: 249907209 ns, Reaching safepoint: 247916 ns, At safepoint: 5209 ns, Total: 253125 ns
[2022-04-22T07:02:23.599+0000][8][safepoint   ] Safepoint "ICBufferFull", Time since last: 603024333 ns, Reaching safepoint: 1686625 ns, At safepoint: 15709 ns, Total: 1702334 ns
[2022-04-22T07:02:23.731+0000][8][safepoint   ] Safepoint "ICBufferFull", Time since last: 131453666 ns, Reaching safepoint: 853625 ns, At safepoint: 49334 ns, Total: 902959 ns
[2022-04-22T07:02:24.382+0000][8][safepoint   ] Safepoint "ICBufferFull", Time since last: 650267417 ns, Reaching safepoint: 284000 ns, At safepoint: 3916 ns, Total: 287916 ns
[2022-04-22T07:02:24.415+0000][8][gc,start    ] GC(16) Pause Young (Concurrent Start) (G1 Evacuation Pause)
[2022-04-22T07:02:24.417+0000][8][gc,task     ] GC(16) Using 5 workers of 5 for evacuation
[2022-04-22T07:02:24.419+0000][8][gc,age      ] GC(16) Desired survivor size 20971520 bytes, new threshold 15 (max threshold 15)
[2022-04-22T07:02:24.443+0000][8][gc,age      ] GC(16) Age table with threshold 15 (max threshold 15)
[2022-04-22T07:02:24.444+0000][8][gc,age      ] GC(16) - age   1:    6948176 bytes,    6948176 total
[2022-04-22T07:02:24.445+0000][8][gc,age      ] GC(16) - age   2:     289488 bytes,    7237664 total
[2022-04-22T07:02:24.447+0000][8][gc,age      ] GC(16) - age   3:   13468664 bytes,   20706328 total
[2022-04-22T07:02:24.448+0000][8][gc,age      ] GC(16) - age   4:    5645928 bytes,   26352256 total
[2022-04-22T07:02:24.451+0000][8][gc,phases   ] GC(16)   Pre Evacuate Collection Set: 0.3ms
[2022-04-22T07:02:24.453+0000][8][gc,phases   ] GC(16)   Merge Heap Roots: 0.5ms
[2022-04-22T07:02:24.454+0000][8][gc,phases   ] GC(16)   Evacuate Collection Set: 18.1ms
[2022-04-22T07:02:24.456+0000][8][gc,phases   ] GC(16)   Post Evacuate Collection Set: 3.7ms
[2022-04-22T07:02:24.458+0000][8][gc,phases   ] GC(16)   Other: 13.3ms
[2022-04-22T07:02:24.459+0000][8][gc,heap     ] GC(16) Eden regions: 70->0(69)
[2022-04-22T07:02:24.460+0000][8][gc,heap     ] GC(16) Survivor regions: 6->7(10)
[2022-04-22T07:02:24.461+0000][8][gc,heap     ] GC(16) Old regions: 11->11
[2022-04-22T07:02:24.462+0000][8][gc,heap     ] GC(16) Archive regions: 2->2
[2022-04-22T07:02:24.463+0000][8][gc,heap     ] GC(16) Humongous regions: 6->6
[2022-04-22T07:02:24.465+0000][8][gc,metaspace] GC(16) Metaspace: 98788K(100224K)->98788K(100224K) NonClass: 84888K(85696K)->84888K(85696K) Class: 13899K(14528K)->13899K(14528K)
[2022-04-22T07:02:24.467+0000][8][gc          ] GC(16) Pause Young (Concurrent Start) (G1 Evacuation Pause) 372M->99M(512M) 52.582ms
[2022-04-22T07:02:24.471+0000][8][gc,cpu      ] GC(16) User=0.06s Sys=0.00s Real=0.06s
[2022-04-22T07:02:24.472+0000][8][gc          ] GC(17) Concurrent Mark Cycle
[2022-04-22T07:02:24.474+0000][8][gc,marking  ] GC(17) Concurrent Clear Claimed Marks
[2022-04-22T07:02:24.476+0000][8][gc,marking  ] GC(17) Concurrent Clear Claimed Marks 2.054ms
[2022-04-22T07:02:24.478+0000][8][gc,marking  ] GC(17) Concurrent Scan Root Regions
[2022-04-22T07:02:24.473+0000][8][safepoint   ] Safepoint "G1CollectForAllocation", Time since last: 32517875 ns, Reaching safepoint: 139375 ns, At safepoint: 58608417 ns, Total: 58747792 ns
[2022-04-22T07:02:24.498+0000][8][gc,marking  ] GC(17) Concurrent Scan Root Regions 20.160ms
[2022-04-22T07:02:24.506+0000][8][gc,marking  ] GC(17) Concurrent Mark
[2022-04-22T07:02:24.513+0000][8][gc,marking  ] GC(17) Concurrent Mark From Roots
[2022-04-22T07:02:24.524+0000][8][gc,task     ] GC(17) Using 1 workers of 1 for marking
[2022-04-22T07:02:24.574+0000][8][gc,marking  ] GC(17) Concurrent Mark From Roots 60.169ms
[2022-04-22T07:02:24.586+0000][8][gc,marking  ] GC(17) Concurrent Preclean
[2022-04-22T07:02:24.588+0000][8][gc,marking  ] GC(17) Concurrent Preclean 2.072ms
[2022-04-22T07:02:24.590+0000][8][gc,start    ] GC(17) Pause Remark
[2022-04-22T07:02:24.595+0000][8][gc          ] GC(17) Pause Remark 114M->114M(512M) 4.882ms
[2022-04-22T07:02:24.596+0000][8][gc,cpu      ] GC(17) User=0.01s Sys=0.00s Real=0.01s
[2022-04-22T07:02:24.598+0000][8][safepoint   ] Safepoint "G1Concurrent", Time since last: 116612208 ns, Reaching safepoint: 592584 ns, At safepoint: 7281083 ns, Total: 7873667 ns
[2022-04-22T07:02:24.599+0000][8][gc,marking  ] GC(17) Concurrent Mark 94.762ms
[2022-04-22T07:02:24.600+0000][8][gc,marking  ] GC(17) Concurrent Rebuild Remembered Sets
[2022-04-22T07:02:24.601+0000][8][gc,marking  ] GC(17) Concurrent Rebuild Remembered Sets 0.941ms
[2022-04-22T07:02:24.603+0000][8][gc,start    ] GC(17) Pause Cleanup
[2022-04-22T07:02:24.610+0000][8][gc          ] GC(17) Pause Cleanup 115M->115M(512M) 7.401ms
[2022-04-22T07:02:24.613+0000][8][gc,cpu      ] GC(17) User=0.00s Sys=0.00s Real=0.01s
[2022-04-22T07:02:24.615+0000][8][safepoint   ] Safepoint "G1Concurrent", Time since last: 4802834 ns, Reaching safepoint: 28291 ns, At safepoint: 12129334 ns, Total: 12157625 ns
[2022-04-22T07:02:24.620+0000][8][gc,marking  ] GC(17) Concurrent Cleanup for Next Mark
[2022-04-22T07:02:24.625+0000][8][gc,marking  ] GC(17) Concurrent Cleanup for Next Mark 4.827ms
[2022-04-22T07:02:24.635+0000][8][gc          ] GC(17) Concurrent Mark Cycle 162.939ms
[2022-04-22T07:02:25.620+0000][8][safepoint   ] Safepoint "Cleanup", Time since last: 1005163417 ns, Reaching safepoint: 241583 ns, At safepoint: 11167 ns, Total: 252750 ns
[2022-04-22T07:02:26.622+0000][8][safepoint   ] Safepoint "Cleanup", Time since last: 1001916500 ns, Reaching safepoint: 143458 ns, At safepoint: 20500 ns, Total: 163958 ns
[2022-04-22T07:02:27.624+0000][8][safepoint   ] Safepoint "Cleanup", Time since last: 1001722334 ns, Reaching safepoint: 61084 ns, At safepoint: 3250 ns, Total: 64334 ns
[2022-04-22T07:02:34.644+0000][8][safepoint   ] Safepoint "Cleanup", Time since last: 7018996294 ns, Reaching safepoint: 882083 ns, At safepoint: 17625 ns, Total: 899708 ns
[2022-04-22T07:02:37.662+0000][8][safepoint   ] Safepoint "Cleanup", Time since last: 3017493668 ns, Reaching safepoint: 145834 ns, At safepoint: 4750 ns, Total: 150584 ns
[2022-04-22T07:02:44.682+0000][8][safepoint   ] Safepoint "Cleanup", Time since last: 7020157920 ns, Reaching safepoint: 256916 ns, At safepoint: 6000 ns, Total: 262916 ns
[2022-04-22T07:02:45.696+0000][8][safepoint   ] Safepoint "Cleanup", Time since last: 1013037793 ns, Reaching safepoint: 251958 ns, At safepoint: 7042 ns, Total: 259000 ns
[2022-04-22T07:02:46.698+0000][8][safepoint   ] Safepoint "Cleanup", Time since last: 1002097250 ns, Reaching safepoint: 109875 ns, At safepoint: 4208 ns, Total: 114083 ns
[2022-04-22T07:02:47.702+0000][8][safepoint   ] Safepoint "Cleanup", Time since last: 1003096834 ns, Reaching safepoint: 905875 ns, At safepoint: 13084 ns, Total: 918959 ns
[2022-04-22T07:02:48.714+0000][8][safepoint   ] Safepoint "Cleanup", Time since last: 1012265958 ns, Reaching safepoint: 226459 ns, At safepoint: 10583 ns, Total: 237042 ns
[2022-04-22T07:02:49.722+0000][8][safepoint   ] Safepoint "Cleanup", Time since last: 1007550876 ns, Reaching safepoint: 46208 ns, At safepoint: 1917 ns, Total: 48125 ns
[2022-04-22T07:02:50.724+0000][8][safepoint   ] Safepoint "Cleanup", Time since last: 1001556083 ns, Reaching safepoint: 469500 ns, At safepoint: 129542 ns, Total: 599042 ns
[2022-04-22T07:02:51.734+0000][8][safepoint   ] Safepoint "Cleanup", Time since last: 1006772875 ns, Reaching safepoint: 2795542 ns, At safepoint: 65708 ns, Total: 2861250 ns
[2022-04-22T07:02:52.745+0000][8][safepoint   ] Safepoint "Cleanup", Time since last: 1011269626 ns, Reaching safepoint: 141167 ns, At safepoint: 4250 ns, Total: 145417 ns
[2022-04-22T07:02:54.749+0000][8][safepoint   ] Safepoint "Cleanup", Time since last: 2003719917 ns, Reaching safepoint: 220834 ns, At safepoint: 10708 ns, Total: 231542 ns
[2022-04-22T07:03:00.771+0000][8][safepoint   ] Safepoint "Cleanup", Time since last: 6015606168 ns, Reaching safepoint: 60250 ns, At safepoint: 2292 ns, Total: 62542 ns
[2022-04-22T07:03:01.775+0000][8][safepoint   ] Safepoint "Cleanup", Time since last: 1003553959 ns, Reaching safepoint: 275292 ns, At safepoint: 7958 ns, Total: 283250 ns
[2022-04-22T07:03:02.779+0000][8][safepoint   ] Safepoint "Cleanup", Time since last: 1003531209 ns, Reaching safepoint: 517875 ns, At safepoint: 34250 ns, Total: 552125 ns
[2022-04-22T07:03:03.789+0000][8][safepoint   ] Safepoint "Cleanup", Time since last: 1009491625 ns, Reaching safepoint: 455959 ns, At safepoint: 9416 ns, Total: 465375 ns
[2022-04-22T07:03:08.800+0000][8][safepoint   ] Safepoint "Cleanup", Time since last: 5009699919 ns, Reaching safepoint: 658209 ns, At safepoint: 14000 ns, Total: 672209 ns
[2022-04-22T07:03:11.820+0000][8][safepoint   ] Safepoint "Cleanup", Time since last: 3012976126 ns, Reaching safepoint: 7217500 ns, At safepoint: 16458 ns, Total: 7233958 ns
[2022-04-22T07:03:12.840+0000][8][safepoint   ] Safepoint "Cleanup", Time since last: 1019520376 ns, Reaching safepoint: 254375 ns, At safepoint: 10208 ns, Total: 264583 ns
[2022-04-22T07:03:14.855+0000][8][safepoint   ] Safepoint "Cleanup", Time since last: 2014837168 ns, Reaching safepoint: 147042 ns, At safepoint: 8125 ns, Total: 155167 ns
[2022-04-22T07:03:15.869+0000][8][safepoint   ] Safepoint "Cleanup", Time since last: 1014172458 ns, Reaching safepoint: 120000 ns, At safepoint: 4167 ns, Total: 124167 ns
[2022-04-22T07:03:17.369+0000][8][safepoint   ] Safepoint "Cleanup", Time since last: 1499894834 ns, Reaching safepoint: 567375 ns, At safepoint: 11833 ns, Total: 579208 ns
[2022-04-22T07:03:19.282+0000][8][safepoint   ] Safepoint "Cleanup", Time since last: 1912748251 ns, Reaching safepoint: 285834 ns, At safepoint: 27583 ns, Total: 313417 ns
[2022-04-22T07:03:20.292+0000][8][safepoint   ] Safepoint "Cleanup", Time since last: 1006861125 ns, Reaching safepoint: 2761750 ns, At safepoint: 11584 ns, Total: 2773334 ns
[2022-04-22T07:03:21.303+0000][8][safepoint   ] Safepoint "Cleanup", Time since last: 1010510375 ns, Reaching safepoint: 84750 ns, At safepoint: 2584 ns, Total: 87334 ns
[2022-04-22T07:03:22.315+0000][8][safepoint   ] Safepoint "Cleanup", Time since last: 1007137375 ns, Reaching safepoint: 4916000 ns, At safepoint: 38542 ns, Total: 4954542 ns
[2022-04-22T07:03:25.329+0000][8][safepoint   ] Safepoint "Cleanup", Time since last: 3013632418 ns, Reaching safepoint: 536125 ns, At safepoint: 30583 ns, Total: 566708 ns
[2022-04-22T07:03:29.330+0000][8][safepoint   ] Safepoint "Cleanup", Time since last: 4008675460 ns, Reaching safepoint: 79583 ns, At safepoint: 2042 ns, Total: 81625 ns
[2022-04-22T07:03:30.332+0000][8][safepoint   ] Safepoint "Cleanup", Time since last: 1001785125 ns, Reaching safepoint: 221709 ns, At safepoint: 14625 ns, Total: 236334 ns
[2022-04-22T07:03:34.342+0000][8][safepoint   ] Safepoint "Cleanup", Time since last: 4009767710 ns, Reaching safepoint: 179750 ns, At safepoint: 8083 ns, Total: 187833 ns
[2022-04-22T07:03:50.386+0000][8][safepoint   ] Safepoint "Cleanup", Time since last: 16042963466 ns, Reaching safepoint: 452583 ns, At safepoint: 9584 ns, Total: 462167 ns
[2022-04-22T07:03:51.395+0000][8][safepoint   ] Safepoint "Cleanup", Time since last: 1008919209 ns, Reaching safepoint: 428958 ns, At safepoint: 14417 ns, Total: 443375 ns
[2022-04-22T07:03:52.405+0000][8][safepoint   ] Safepoint "Cleanup", Time since last: 1010178458 ns, Reaching safepoint: 202625 ns, At safepoint: 9084 ns, Total: 211709 ns
[2022-04-22T07:04:07.450+0000][8][safepoint   ] Safepoint "Cleanup", Time since last: 15043509798 ns, Reaching safepoint: 164250 ns, At safepoint: 4417 ns, Total: 168667 ns
[2022-04-22T07:04:09.457+0000][8][safepoint   ] Safepoint "Cleanup", Time since last: 2006327209 ns, Reaching safepoint: 840792 ns, At safepoint: 35833 ns, Total: 876625 ns
[2022-04-22T07:04:26.505+0000][8][safepoint   ] Safepoint "Cleanup", Time since last: 17048352967 ns, Reaching safepoint: 333541 ns, At safepoint: 11167 ns, Total: 344708 ns
[2022-04-22T07:04:27.516+0000][8][safepoint   ] Safepoint "Cleanup", Time since last: 1009206584 ns, Reaching safepoint: 1425667 ns, At safepoint: 44083 ns, Total: 1469750 ns
[2022-04-22T07:04:33.532+0000][8][safepoint   ] Safepoint "Cleanup", Time since last: 6016371335 ns, Reaching safepoint: 275084 ns, At safepoint: 12333 ns, Total: 287417 ns
[2022-04-22T07:04:40.553+0000][8][safepoint   ] Safepoint "Cleanup", Time since last: 7019183795 ns, Reaching safepoint: 2257667 ns, At safepoint: 24875 ns, Total: 2282542 ns
[2022-04-22T07:04:45.581+0000][8][safepoint   ] Safepoint "Cleanup", Time since last: 5026603461 ns, Reaching safepoint: 539375 ns, At safepoint: 17083 ns, Total: 556458 ns
[2022-04-22T07:04:51.599+0000][8][safepoint   ] Safepoint "Cleanup", Time since last: 6018376003 ns, Reaching safepoint: 283500 ns, At safepoint: 6166 ns, Total: 289666 ns
[2022-04-22T07:04:52.603+0000][8][safepoint   ] Safepoint "Cleanup", Time since last: 1003897043 ns, Reaching safepoint: 326000 ns, At safepoint: 9458 ns, Total: 335458 ns
[2022-04-22T07:04:57.616+0000][8][safepoint   ] Safepoint "Cleanup", Time since last: 5011662752 ns, Reaching safepoint: 753084 ns, At safepoint: 37166 ns, Total: 790250 ns
[2022-04-22T07:05:07.662+0000][8][safepoint   ] Safepoint "Cleanup", Time since last: 10037213713 ns, Reaching safepoint: 6895500 ns, At safepoint: 80542 ns, Total: 6976042 ns
[2022-04-22T07:05:08.666+0000][8][safepoint   ] Safepoint "Cleanup", Time since last: 1003291292 ns, Reaching safepoint: 179750 ns, At safepoint: 7875 ns, Total: 187625 ns
[2022-04-22T07:05:13.690+0000][8][safepoint   ] Safepoint "Cleanup", Time since last: 5023828794 ns, Reaching safepoint: 195750 ns, At safepoint: 8375 ns, Total: 204125 ns
[2022-04-22T07:05:18.708+0000][8][safepoint   ] Safepoint "Cleanup", Time since last: 5016730294 ns, Reaching safepoint: 1073958 ns, At safepoint: 68500 ns, Total: 1142458 ns
[2022-04-22T07:05:20.718+0000][8][safepoint   ] Safepoint "Cleanup", Time since last: 2009281876 ns, Reaching safepoint: 1092209 ns, At safepoint: 9166 ns, Total: 1101375 ns
[2022-04-22T07:05:21.740+0000][8][safepoint   ] Safepoint "Cleanup", Time since last: 1021731459 ns, Reaching safepoint: 669125 ns, At safepoint: 17667 ns, Total: 686792 ns
[2022-04-22T07:05:22.752+0000][8][safepoint   ] Safepoint "Cleanup", Time since last: 1011763917 ns, Reaching safepoint: 53500 ns, At safepoint: 2333 ns, Total: 55833 ns
[2022-04-22T07:05:24.759+0000][8][safepoint   ] Safepoint "Cleanup", Time since last: 2006574626 ns, Reaching safepoint: 308209 ns, At safepoint: 11500 ns, Total: 319709 ns
[2022-04-22T07:05:35.795+0000][8][safepoint   ] Safepoint "Cleanup", Time since last: 11034623879 ns, Reaching safepoint: 432250 ns, At safepoint: 15666 ns, Total: 447916 ns
[2022-04-22T07:05:38.807+0000][8][safepoint   ] Safepoint "Cleanup", Time since last: 3011296585 ns, Reaching safepoint: 290792 ns, At safepoint: 12250 ns, Total: 303042 ns
[2022-04-22T07:05:41.819+0000][8][safepoint   ] Safepoint "Cleanup", Time since last: 3011684501 ns, Reaching safepoint: 250667 ns, At safepoint: 4083 ns, Total: 254750 ns
[2022-04-22T07:05:51.845+0000][8][safepoint   ] Safepoint "Cleanup", Time since last: 10025704380 ns, Reaching safepoint: 1069792 ns, At safepoint: 13541 ns, Total: 1083333 ns
[2022-04-22T07:06:40.982+0000][8][safepoint   ] Safepoint "Cleanup", Time since last: 49137372648 ns, Reaching safepoint: 780958 ns, At safepoint: 18167 ns, Total: 799125 ns
[2022-04-22T07:06:44.011+0000][8][safepoint   ] Safepoint "Cleanup", Time since last: 3027987918 ns, Reaching safepoint: 172000 ns, At safepoint: 8208 ns, Total: 180208 ns
[2022-04-22T07:06:53.040+0000][8][safepoint   ] Safepoint "Cleanup", Time since last: 9029484880 ns, Reaching safepoint: 228958 ns, At safepoint: 8083 ns, Total: 237041 ns
[2022-04-22T07:06:59.064+0000][8][safepoint   ] Safepoint "Cleanup", Time since last: 6018204753 ns, Reaching safepoint: 679541 ns, At safepoint: 16375 ns, Total: 695916 ns
[2022-04-22T07:07:22.166+0000][8][safepoint   ] Safepoint "Cleanup", Time since last: 23098037303 ns, Reaching safepoint: 1452000 ns, At safepoint: 2397750 ns, Total: 3849750 ns
[2022-04-22T07:07:24.180+0000][8][safepoint   ] Safepoint "Cleanup", Time since last: 2013639084 ns, Reaching safepoint: 555584 ns, At safepoint: 16041 ns, Total: 571625 ns
[2022-04-22T07:07:29.200+0000][8][safepoint   ] Safepoint "Cleanup", Time since last: 5026395293 ns, Reaching safepoint: 623542 ns, At safepoint: 7542 ns, Total: 631084 ns
[2022-04-22T07:07:30.206+0000][8][safepoint   ] Safepoint "Cleanup", Time since last: 1005065583 ns, Reaching safepoint: 1138792 ns, At safepoint: 20667 ns, Total: 1159459 ns
[2022-04-22T07:07:34.228+0000][8][safepoint   ] Safepoint "Cleanup", Time since last: 4021729752 ns, Reaching safepoint: 196250 ns, At safepoint: 4500 ns, Total: 200750 ns
[2022-04-22T07:07:45.259+0000][8][safepoint   ] Safepoint "Cleanup", Time since last: 11029679213 ns, Reaching safepoint: 864125 ns, At safepoint: 11250 ns, Total: 875375 ns
[2022-04-22T07:07:55.295+0000][8][safepoint   ] Safepoint "Cleanup", Time since last: 10035745297 ns, Reaching safepoint: 633833 ns, At safepoint: 24542 ns, Total: 658375 ns
[2022-04-22T07:09:01.469+0000][8][safepoint   ] Safepoint "Cleanup", Time since last: 66173877071 ns, Reaching safepoint: 259167 ns, At safepoint: 6625 ns, Total: 265792 ns
[2022-04-22T07:09:25.529+0000][8][safepoint   ] Safepoint "Cleanup", Time since last: 24059978720 ns, Reaching safepoint: 322833 ns, At safepoint: 9875 ns, Total: 332708 ns
[2022-04-22T07:10:20.710+0000][8][safepoint   ] Safepoint "Cleanup", Time since last: 55180183442 ns, Reaching safepoint: 574916 ns, At safepoint: 11000 ns, Total: 585916 ns
[2022-04-22T07:10:21.719+0000][8][safepoint   ] Safepoint "Cleanup", Time since last: 1008069959 ns, Reaching safepoint: 1096000 ns, At safepoint: 14167 ns, Total: 1110167 ns
[2022-04-22T07:10:39.787+0000][8][safepoint   ] Safepoint "Cleanup", Time since last: 18066007424 ns, Reaching safepoint: 837208 ns, At safepoint: 13250 ns, Total: 850458 ns
[2022-04-22T07:10:54.832+0000][8][safepoint   ] Safepoint "Cleanup", Time since last: 15044647591 ns, Reaching safepoint: 531500 ns, At safepoint: 13042 ns, Total: 544542 ns
[2022-04-22T07:10:58.851+0000][8][safepoint   ] Safepoint "Cleanup", Time since last: 4018825585 ns, Reaching safepoint: 735958 ns, At safepoint: 19000 ns, Total: 754958 ns
[2022-04-22T07:11:06.881+0000][8][safepoint   ] Safepoint "Cleanup", Time since last: 8030194920 ns, Reaching safepoint: 155000 ns, At safepoint: 4250 ns, Total: 159250 ns
[2022-04-22T07:11:07.284+0000][8][gc,heap,exit] Heap
[2022-04-22T07:11:07.286+0000][8][gc,heap,exit]  garbage-first heap   total 524288K, used 192579K [0x00000000e0000000, 0x0000000100000000)
[2022-04-22T07:11:07.287+0000][8][gc,heap,exit]   region size 4096K, 30 young (122880K), 7 survivors (28672K)
[2022-04-22T07:11:07.288+0000][8][gc,heap,exit]  Metaspace       used 101941K, committed 103424K, reserved 1138688K
[2022-04-22T07:11:07.289+0000][8][gc,heap,exit]   class space    used 14256K, committed 14848K, reserved 1048576K
