[2022-04-22T06:01:21.635+0000][7][gc] Using G1
[2022-04-22T06:01:21.803+0000][7][gc,init] Version: 17.0.2+8 (release)
[2022-04-22T06:01:21.805+0000][7][gc,init] CPUs: 5 total, 5 available
[2022-04-22T06:01:21.807+0000][7][gc,init] Memory: 7851M
[2022-04-22T06:01:21.808+0000][7][gc,init] Large Page Support: Disabled
[2022-04-22T06:01:21.809+0000][7][gc,init] NUMA Support: Disabled
[2022-04-22T06:01:21.811+0000][7][gc,init] Compressed Oops: Enabled (32-bit)
[2022-04-22T06:01:21.812+0000][7][gc,init] Heap Region Size: 4M
[2022-04-22T06:01:21.815+0000][7][gc,init] Heap Min Capacity: 512M
[2022-04-22T06:01:21.817+0000][7][gc,init] Heap Initial Capacity: 512M
[2022-04-22T06:01:21.818+0000][7][gc,init] Heap Max Capacity: 512M
[2022-04-22T06:01:21.819+0000][7][gc,init] Pre-touch: Enabled
[2022-04-22T06:01:21.820+0000][7][gc,init] Parallel Workers: 5
[2022-04-22T06:01:21.822+0000][7][gc,init] Concurrent Workers: 1
[2022-04-22T06:01:21.824+0000][7][gc,init] Concurrent Refinement Workers: 5
[2022-04-22T06:01:21.826+0000][7][gc,init] Periodic GC: Disabled
[2022-04-22T06:01:21.828+0000][7][gc,metaspace] CDS archive(s) mapped at: [0x0000000800000000-0x0000000800bd2000-0x0000000800bd2000), size 12394496, SharedBaseAddress: 0x0000000800000000, ArchiveRelocationMode: 0.
[2022-04-22T06:01:21.829+0000][7][gc,metaspace] Compressed class space mapped at: 0x0000000800c00000-0x0000000840c00000, reserved size: 1073741824
[2022-04-22T06:01:21.830+0000][7][gc,metaspace] Narrow klass base: 0x0000000800000000, Narrow klass shift: 0, Narrow klass range: 0x100000000
[2022-04-22T06:01:22.073+0000][7][safepoint   ] Safepoint "ICBufferFull", Time since last: 231597084 ns, Reaching safepoint: 261000 ns, At safepoint: 6083 ns, Total: 267083 ns
[2022-04-22T06:01:22.165+0000][7][safepoint   ] Safepoint "ICBufferFull", Time since last: 91667125 ns, Reaching safepoint: 276125 ns, At safepoint: 4834 ns, Total: 280959 ns
[2022-04-22T06:01:22.451+0000][7][gc,start    ] GC(0) Pause Young (Normal) (G1 Evacuation Pause)
[2022-04-22T06:01:22.453+0000][7][gc,task     ] GC(0) Using 5 workers of 5 for evacuation
[2022-04-22T06:01:22.455+0000][7][gc,age      ] GC(0) Desired survivor size 2097152 bytes, new threshold 15 (max threshold 15)
[2022-04-22T06:01:22.460+0000][7][gc,age      ] GC(0) Age table with threshold 15 (max threshold 15)
[2022-04-22T06:01:22.462+0000][7][gc,age      ] GC(0) - age   1:    4178464 bytes,    4178464 total
[2022-04-22T06:01:22.463+0000][7][gc,phases   ] GC(0)   Pre Evacuate Collection Set: 0.2ms
[2022-04-22T06:01:22.464+0000][7][gc,phases   ] GC(0)   Merge Heap Roots: 0.1ms
[2022-04-22T06:01:22.465+0000][7][gc,phases   ] GC(0)   Evacuate Collection Set: 2.8ms
[2022-04-22T06:01:22.466+0000][7][gc,phases   ] GC(0)   Post Evacuate Collection Set: 0.3ms
[2022-04-22T06:01:22.467+0000][7][gc,phases   ] GC(0)   Other: 8.1ms
[2022-04-22T06:01:22.468+0000][7][gc,heap     ] GC(0) Eden regions: 6->0(5)
[2022-04-22T06:01:22.470+0000][7][gc,heap     ] GC(0) Survivor regions: 0->1(1)
[2022-04-22T06:01:22.471+0000][7][gc,heap     ] GC(0) Old regions: 0->1
[2022-04-22T06:01:22.474+0000][7][gc,heap     ] GC(0) Archive regions: 2->2
[2022-04-22T06:01:22.477+0000][7][gc,heap     ] GC(0) Humongous regions: 0->0
[2022-04-22T06:01:22.480+0000][7][gc,metaspace] GC(0) Metaspace: 8884K(9024K)->8884K(9024K) NonClass: 7820K(7872K)->7820K(7872K) Class: 1064K(1152K)->1064K(1152K)
[2022-04-22T06:01:22.482+0000][7][gc          ] GC(0) Pause Young (Normal) (G1 Evacuation Pause) 27M->8M(512M) 31.045ms
[2022-04-22T06:01:22.483+0000][7][gc,cpu      ] GC(0) User=0.00s Sys=0.01s Real=0.03s
[2022-04-22T06:01:22.484+0000][7][safepoint   ] Safepoint "G1CollectForAllocation", Time since last: 286026041 ns, Reaching safepoint: 207167 ns, At safepoint: 32897000 ns, Total: 33104167 ns
[2022-04-22T06:01:22.790+0000][7][safepoint   ] Safepoint "ICBufferFull", Time since last: 305965375 ns, Reaching safepoint: 105125 ns, At safepoint: 1667 ns, Total: 106792 ns
[2022-04-22T06:01:22.816+0000][7][gc,start    ] GC(1) Pause Young (Normal) (G1 Evacuation Pause)
[2022-04-22T06:01:22.818+0000][7][gc,task     ] GC(1) Using 5 workers of 5 for evacuation
[2022-04-22T06:01:22.820+0000][7][gc,age      ] GC(1) Desired survivor size 2097152 bytes, new threshold 1 (max threshold 15)
[2022-04-22T06:01:22.825+0000][7][gc,age      ] GC(1) Age table with threshold 1 (max threshold 15)
[2022-04-22T06:01:22.827+0000][7][gc,age      ] GC(1) - age   1:    1946776 bytes,    1946776 total
[2022-04-22T06:01:22.828+0000][7][gc,phases   ] GC(1)   Pre Evacuate Collection Set: 0.1ms
[2022-04-22T06:01:22.829+0000][7][gc,phases   ] GC(1)   Merge Heap Roots: 0.0ms
[2022-04-22T06:01:22.830+0000][7][gc,phases   ] GC(1)   Evacuate Collection Set: 2.1ms
[2022-04-22T06:01:22.831+0000][7][gc,phases   ] GC(1)   Post Evacuate Collection Set: 1.0ms
[2022-04-22T06:01:22.832+0000][7][gc,phases   ] GC(1)   Other: 7.9ms
[2022-04-22T06:01:22.833+0000][7][gc,heap     ] GC(1) Eden regions: 5->0(7)
[2022-04-22T06:01:22.833+0000][7][gc,heap     ] GC(1) Survivor regions: 1->1(1)
[2022-04-22T06:01:22.834+0000][7][gc,heap     ] GC(1) Old regions: 1->2
[2022-04-22T06:01:22.835+0000][7][gc,heap     ] GC(1) Archive regions: 2->2
[2022-04-22T06:01:22.836+0000][7][gc,heap     ] GC(1) Humongous regions: 0->0
[2022-04-22T06:01:22.837+0000][7][gc,metaspace] GC(1) Metaspace: 12219K(12416K)->12219K(12416K) NonClass: 10715K(10816K)->10715K(10816K) Class: 1503K(1600K)->1503K(1600K)
[2022-04-22T06:01:22.838+0000][7][gc          ] GC(1) Pause Young (Normal) (G1 Evacuation Pause) 28M->10M(512M) 21.893ms
[2022-04-22T06:01:22.840+0000][7][gc,cpu      ] GC(1) User=0.01s Sys=0.00s Real=0.02s
[2022-04-22T06:01:22.841+0000][7][safepoint   ] Safepoint "G1CollectForAllocation", Time since last: 26114250 ns, Reaching safepoint: 123208 ns, At safepoint: 24219250 ns, Total: 24342458 ns
[2022-04-22T06:01:23.218+0000][7][gc,start    ] GC(2) Pause Young (Normal) (G1 Evacuation Pause)
[2022-04-22T06:01:23.219+0000][7][gc,task     ] GC(2) Using 5 workers of 5 for evacuation
[2022-04-22T06:01:23.222+0000][7][gc,age      ] GC(2) Desired survivor size 2097152 bytes, new threshold 15 (max threshold 15)
[2022-04-22T06:01:23.226+0000][7][gc,age      ] GC(2) Age table with threshold 15 (max threshold 15)
[2022-04-22T06:01:23.228+0000][7][gc,age      ] GC(2) - age   1:     946640 bytes,     946640 total
[2022-04-22T06:01:23.229+0000][7][gc,age      ] GC(2) - age   2:    1928872 bytes,    2875512 total
[2022-04-22T06:01:23.230+0000][7][gc,phases   ] GC(2)   Pre Evacuate Collection Set: 0.1ms
[2022-04-22T06:01:23.231+0000][7][gc,phases   ] GC(2)   Merge Heap Roots: 0.1ms
[2022-04-22T06:01:23.231+0000][7][gc,phases   ] GC(2)   Evacuate Collection Set: 1.8ms
[2022-04-22T06:01:23.232+0000][7][gc,phases   ] GC(2)   Post Evacuate Collection Set: 0.7ms
[2022-04-22T06:01:23.233+0000][7][gc,phases   ] GC(2)   Other: 8.8ms
[2022-04-22T06:01:23.234+0000][7][gc,heap     ] GC(2) Eden regions: 7->0(31)
[2022-04-22T06:01:23.235+0000][7][gc,heap     ] GC(2) Survivor regions: 1->1(1)
[2022-04-22T06:01:23.235+0000][7][gc,heap     ] GC(2) Old regions: 2->2
[2022-04-22T06:01:23.236+0000][7][gc,heap     ] GC(2) Archive regions: 2->2
[2022-04-22T06:01:23.237+0000][7][gc,heap     ] GC(2) Humongous regions: 0->0
[2022-04-22T06:01:23.238+0000][7][gc,metaspace] GC(2) Metaspace: 14619K(14848K)->14619K(14848K) NonClass: 12879K(12992K)->12879K(12992K) Class: 1739K(1856K)->1739K(1856K)
[2022-04-22T06:01:23.239+0000][7][gc          ] GC(2) Pause Young (Normal) (G1 Evacuation Pause) 38M->11M(512M) 20.425ms
[2022-04-22T06:01:23.240+0000][7][gc,cpu      ] GC(2) User=0.03s Sys=0.00s Real=0.02s
[2022-04-22T06:01:23.241+0000][7][safepoint   ] Safepoint "G1CollectForAllocation", Time since last: 377589459 ns, Reaching safepoint: 130541 ns, At safepoint: 22267542 ns, Total: 22398083 ns
[2022-04-22T06:01:23.344+0000][7][safepoint   ] Safepoint "ICBufferFull", Time since last: 103145917 ns, Reaching safepoint: 148791 ns, At safepoint: 11792 ns, Total: 160583 ns
[2022-04-22T06:01:23.518+0000][7][safepoint   ] Safepoint "ICBufferFull", Time since last: 173905708 ns, Reaching safepoint: 125959 ns, At safepoint: 2000 ns, Total: 127959 ns
[2022-04-22T06:01:23.527+0000][7][safepoint   ] Safepoint "ICBufferFull", Time since last: 9561791 ns, Reaching safepoint: 24875 ns, At safepoint: 1625 ns, Total: 26500 ns
[2022-04-22T06:01:23.530+0000][7][safepoint   ] Safepoint "ICBufferFull", Time since last: 2366959 ns, Reaching safepoint: 38125 ns, At safepoint: 1625 ns, Total: 39750 ns
[2022-04-22T06:01:23.532+0000][7][safepoint   ] Safepoint "ICBufferFull", Time since last: 1712083 ns, Reaching safepoint: 36125 ns, At safepoint: 1500 ns, Total: 37625 ns
[2022-04-22T06:01:23.534+0000][7][safepoint   ] Safepoint "ICBufferFull", Time since last: 2355375 ns, Reaching safepoint: 19834 ns, At safepoint: 1625 ns, Total: 21459 ns
[2022-04-22T06:01:23.536+0000][7][safepoint   ] Safepoint "ICBufferFull", Time since last: 1733208 ns, Reaching safepoint: 30625 ns, At safepoint: 1167 ns, Total: 31792 ns
[2022-04-22T06:01:23.538+0000][7][safepoint   ] Safepoint "ICBufferFull", Time since last: 1786208 ns, Reaching safepoint: 239167 ns, At safepoint: 5250 ns, Total: 244417 ns
[2022-04-22T06:01:23.540+0000][7][safepoint   ] Safepoint "ICBufferFull", Time since last: 1730500 ns, Reaching safepoint: 21500 ns, At safepoint: 1541 ns, Total: 23041 ns
[2022-04-22T06:01:23.541+0000][7][safepoint   ] Safepoint "ICBufferFull", Time since last: 1616750 ns, Reaching safepoint: 33709 ns, At safepoint: 1375 ns, Total: 35084 ns
[2022-04-22T06:01:23.545+0000][7][safepoint   ] Safepoint "ICBufferFull", Time since last: 3596166 ns, Reaching safepoint: 218459 ns, At safepoint: 2541 ns, Total: 221000 ns
[2022-04-22T06:01:23.547+0000][7][safepoint   ] Safepoint "ICBufferFull", Time since last: 1859542 ns, Reaching safepoint: 181792 ns, At safepoint: 2541 ns, Total: 184333 ns
[2022-04-22T06:01:23.637+0000][7][gc,start    ] GC(3) Pause Young (Normal) (G1 Evacuation Pause)
[2022-04-22T06:01:23.640+0000][7][gc,task     ] GC(3) Using 5 workers of 5 for evacuation
[2022-04-22T06:01:23.641+0000][7][gc,age      ] GC(3) Desired survivor size 8388608 bytes, new threshold 15 (max threshold 15)
[2022-04-22T06:01:23.647+0000][7][gc,age      ] GC(3) Age table with threshold 15 (max threshold 15)
[2022-04-22T06:01:23.648+0000][7][gc,age      ] GC(3) - age   1:    3248528 bytes,    3248528 total
[2022-04-22T06:01:23.649+0000][7][gc,age      ] GC(3) - age   2:     864232 bytes,    4112760 total
[2022-04-22T06:01:23.651+0000][7][gc,age      ] GC(3) - age   3:    1927304 bytes,    6040064 total
[2022-04-22T06:01:23.653+0000][7][gc,phases   ] GC(3)   Pre Evacuate Collection Set: 0.0ms
[2022-04-22T06:01:23.653+0000][7][gc,phases   ] GC(3)   Merge Heap Roots: 0.0ms
[2022-04-22T06:01:23.654+0000][7][gc,phases   ] GC(3)   Evacuate Collection Set: 3.9ms
[2022-04-22T06:01:23.655+0000][7][gc,phases   ] GC(3)   Post Evacuate Collection Set: 0.4ms
[2022-04-22T06:01:23.656+0000][7][gc,phases   ] GC(3)   Other: 11.2ms
[2022-04-22T06:01:23.657+0000][7][gc,heap     ] GC(3) Eden regions: 31->0(74)
[2022-04-22T06:01:23.657+0000][7][gc,heap     ] GC(3) Survivor regions: 1->2(4)
[2022-04-22T06:01:23.659+0000][7][gc,heap     ] GC(3) Old regions: 2->2
[2022-04-22T06:01:23.659+0000][7][gc,heap     ] GC(3) Archive regions: 2->2
[2022-04-22T06:01:23.660+0000][7][gc,heap     ] GC(3) Humongous regions: 0->0
[2022-04-22T06:01:23.661+0000][7][gc,metaspace] GC(3) Metaspace: 17092K(17408K)->17092K(17408K) NonClass: 15061K(15232K)->15061K(15232K) Class: 2031K(2176K)->2031K(2176K)
[2022-04-22T06:01:23.662+0000][7][gc          ] GC(3) Pause Young (Normal) (G1 Evacuation Pause) 135M->14M(512M) 24.844ms
[2022-04-22T06:01:23.663+0000][7][gc,cpu      ] GC(3) User=0.01s Sys=0.00s Real=0.02s
[2022-04-22T06:01:23.666+0000][7][safepoint   ] Safepoint "G1CollectForAllocation", Time since last: 89862084 ns, Reaching safepoint: 132458 ns, At safepoint: 28639042 ns, Total: 28771500 ns
[2022-04-22T06:01:24.078+0000][7][safepoint   ] Safepoint "ICBufferFull", Time since last: 412030458 ns, Reaching safepoint: 468500 ns, At safepoint: 5583 ns, Total: 474083 ns
[2022-04-22T06:01:24.259+0000][7][gc,start    ] GC(4) Pause Young (Normal) (G1 Evacuation Pause)
[2022-04-22T06:01:24.260+0000][7][gc,task     ] GC(4) Using 5 workers of 5 for evacuation
[2022-04-22T06:01:24.261+0000][7][gc,age      ] GC(4) Desired survivor size 20971520 bytes, new threshold 15 (max threshold 15)
[2022-04-22T06:01:24.268+0000][7][gc,age      ] GC(4) Age table with threshold 15 (max threshold 15)
[2022-04-22T06:01:24.269+0000][7][gc,age      ] GC(4) - age   1:    5728432 bytes,    5728432 total
[2022-04-22T06:01:24.270+0000][7][gc,age      ] GC(4) - age   2:    2265880 bytes,    7994312 total
[2022-04-22T06:01:24.271+0000][7][gc,age      ] GC(4) - age   3:     863936 bytes,    8858248 total
[2022-04-22T06:01:24.272+0000][7][gc,age      ] GC(4) - age   4:    1926424 bytes,   10784672 total
[2022-04-22T06:01:24.273+0000][7][gc,phases   ] GC(4)   Pre Evacuate Collection Set: 0.0ms
[2022-04-22T06:01:24.273+0000][7][gc,phases   ] GC(4)   Merge Heap Roots: 0.0ms
[2022-04-22T06:01:24.275+0000][7][gc,phases   ] GC(4)   Evacuate Collection Set: 5.2ms
[2022-04-22T06:01:24.276+0000][7][gc,phases   ] GC(4)   Post Evacuate Collection Set: 1.2ms
[2022-04-22T06:01:24.278+0000][7][gc,phases   ] GC(4)   Other: 7.3ms
[2022-04-22T06:01:24.279+0000][7][gc,heap     ] GC(4) Eden regions: 74->0(73)
[2022-04-22T06:01:24.281+0000][7][gc,heap     ] GC(4) Survivor regions: 2->3(10)
[2022-04-22T06:01:24.281+0000][7][gc,heap     ] GC(4) Old regions: 2->2
[2022-04-22T06:01:24.283+0000][7][gc,heap     ] GC(4) Archive regions: 2->2
[2022-04-22T06:01:24.283+0000][7][gc,heap     ] GC(4) Humongous regions: 0->0
[2022-04-22T06:01:24.284+0000][7][gc,metaspace] GC(4) Metaspace: 18590K(19008K)->18590K(19008K) NonClass: 16316K(16576K)->16316K(16576K) Class: 2273K(2432K)->2273K(2432K)
[2022-04-22T06:01:24.286+0000][7][gc          ] GC(4) Pause Young (Normal) (G1 Evacuation Pause) 310M->18M(512M) 26.730ms
[2022-04-22T06:01:24.287+0000][7][gc,cpu      ] GC(4) User=0.02s Sys=0.00s Real=0.03s
[2022-04-22T06:01:24.288+0000][7][safepoint   ] Safepoint "G1CollectForAllocation", Time since last: 180600334 ns, Reaching safepoint: 113750 ns, At safepoint: 28873125 ns, Total: 28986875 ns
[2022-04-22T06:01:24.572+0000][7][gc,start    ] GC(5) Pause Young (Normal) (G1 Evacuation Pause)
[2022-04-22T06:01:24.573+0000][7][gc,task     ] GC(5) Using 5 workers of 5 for evacuation
[2022-04-22T06:01:24.574+0000][7][gc,age      ] GC(5) Desired survivor size 20971520 bytes, new threshold 15 (max threshold 15)
[2022-04-22T06:01:24.580+0000][7][gc,age      ] GC(5) Age table with threshold 15 (max threshold 15)
[2022-04-22T06:01:24.581+0000][7][gc,age      ] GC(5) - age   1:    1694040 bytes,    1694040 total
[2022-04-22T06:01:24.582+0000][7][gc,age      ] GC(5) - age   2:    5082984 bytes,    6777024 total
[2022-04-22T06:01:24.583+0000][7][gc,age      ] GC(5) - age   3:    2265416 bytes,    9042440 total
[2022-04-22T06:01:24.584+0000][7][gc,age      ] GC(5) - age   4:     863664 bytes,    9906104 total
[2022-04-22T06:01:24.584+0000][7][gc,age      ] GC(5) - age   5:    1926360 bytes,   11832464 total
[2022-04-22T06:01:24.585+0000][7][gc,phases   ] GC(5)   Pre Evacuate Collection Set: 0.2ms
[2022-04-22T06:01:24.588+0000][7][gc,phases   ] GC(5)   Merge Heap Roots: 0.0ms
[2022-04-22T06:01:24.589+0000][7][gc,phases   ] GC(5)   Evacuate Collection Set: 3.4ms
[2022-04-22T06:01:24.590+0000][7][gc,phases   ] GC(5)   Post Evacuate Collection Set: 1.3ms
[2022-04-22T06:01:24.591+0000][7][gc,phases   ] GC(5)   Other: 8.7ms
[2022-04-22T06:01:24.592+0000][7][gc,heap     ] GC(5) Eden regions: 73->0(73)
[2022-04-22T06:01:24.593+0000][7][gc,heap     ] GC(5) Survivor regions: 3->3(10)
[2022-04-22T06:01:24.593+0000][7][gc,heap     ] GC(5) Old regions: 2->2
[2022-04-22T06:01:24.595+0000][7][gc,heap     ] GC(5) Archive regions: 2->2
[2022-04-22T06:01:24.596+0000][7][gc,heap     ] GC(5) Humongous regions: 0->0
[2022-04-22T06:01:24.597+0000][7][gc,metaspace] GC(5) Metaspace: 19547K(20032K)->19547K(20032K) NonClass: 17137K(17408K)->17137K(17408K) Class: 2409K(2624K)->2409K(2624K)
[2022-04-22T06:01:24.598+0000][7][gc          ] GC(5) Pause Young (Normal) (G1 Evacuation Pause) 310M->20M(512M) 25.559ms
[2022-04-22T06:01:24.599+0000][7][gc,cpu      ] GC(5) User=0.02s Sys=0.00s Real=0.03s
[2022-04-22T06:01:24.600+0000][7][safepoint   ] Safepoint "G1CollectForAllocation", Time since last: 283939875 ns, Reaching safepoint: 179000 ns, At safepoint: 27744625 ns, Total: 27923625 ns
[2022-04-22T06:01:24.905+0000][7][gc,start    ] GC(6) Pause Young (Normal) (G1 Evacuation Pause)
[2022-04-22T06:01:24.906+0000][7][gc,task     ] GC(6) Using 5 workers of 5 for evacuation
[2022-04-22T06:01:24.907+0000][7][gc,age      ] GC(6) Desired survivor size 20971520 bytes, new threshold 15 (max threshold 15)
[2022-04-22T06:01:24.915+0000][7][gc,age      ] GC(6) Age table with threshold 15 (max threshold 15)
[2022-04-22T06:01:24.917+0000][7][gc,age      ] GC(6) - age   1:    2440432 bytes,    2440432 total
[2022-04-22T06:01:24.917+0000][7][gc,age      ] GC(6) - age   2:    1329608 bytes,    3770040 total
[2022-04-22T06:01:24.918+0000][7][gc,age      ] GC(6) - age   3:    5077952 bytes,    8847992 total
[2022-04-22T06:01:24.920+0000][7][gc,age      ] GC(6) - age   4:    2263928 bytes,   11111920 total
[2022-04-22T06:01:24.920+0000][7][gc,age      ] GC(6) - age   5:     862984 bytes,   11974904 total
[2022-04-22T06:01:24.921+0000][7][gc,age      ] GC(6) - age   6:    1926024 bytes,   13900928 total
[2022-04-22T06:01:24.924+0000][7][gc,phases   ] GC(6)   Pre Evacuate Collection Set: 0.2ms
[2022-04-22T06:01:24.925+0000][7][gc,phases   ] GC(6)   Merge Heap Roots: 0.2ms
[2022-04-22T06:01:24.927+0000][7][gc,phases   ] GC(6)   Evacuate Collection Set: 4.1ms
[2022-04-22T06:01:24.928+0000][7][gc,phases   ] GC(6)   Post Evacuate Collection Set: 1.3ms
[2022-04-22T06:01:24.929+0000][7][gc,phases   ] GC(6)   Other: 12.8ms
[2022-04-22T06:01:24.930+0000][7][gc,heap     ] GC(6) Eden regions: 73->0(72)
[2022-04-22T06:01:24.931+0000][7][gc,heap     ] GC(6) Survivor regions: 3->4(10)
[2022-04-22T06:01:24.932+0000][7][gc,heap     ] GC(6) Old regions: 2->2
[2022-04-22T06:01:24.933+0000][7][gc,heap     ] GC(6) Archive regions: 2->2
[2022-04-22T06:01:24.934+0000][7][gc,heap     ] GC(6) Humongous regions: 0->0
[2022-04-22T06:01:24.935+0000][7][gc,metaspace] GC(6) Metaspace: 20751K(21248K)->20751K(21248K) NonClass: 18180K(18496K)->18180K(18496K) Class: 2571K(2752K)->2571K(2752K)
[2022-04-22T06:01:24.936+0000][7][gc          ] GC(6) Pause Young (Normal) (G1 Evacuation Pause) 312M->22M(512M) 30.448ms
[2022-04-22T06:01:24.937+0000][7][gc,cpu      ] GC(6) User=0.01s Sys=0.00s Real=0.04s
[2022-04-22T06:01:24.938+0000][7][safepoint   ] Safepoint "G1CollectForAllocation", Time since last: 305461833 ns, Reaching safepoint: 84417 ns, At safepoint: 32392250 ns, Total: 32476667 ns
[2022-04-22T06:01:25.174+0000][7][gc,start    ] GC(7) Pause Young (Concurrent Start) (Metadata GC Threshold)
[2022-04-22T06:01:25.176+0000][7][gc,task     ] GC(7) Using 5 workers of 5 for evacuation
[2022-04-22T06:01:25.177+0000][7][gc,age      ] GC(7) Desired survivor size 20971520 bytes, new threshold 15 (max threshold 15)
[2022-04-22T06:01:25.183+0000][7][gc,age      ] GC(7) Age table with threshold 15 (max threshold 15)
[2022-04-22T06:01:25.184+0000][7][gc,age      ] GC(7) - age   1:     955080 bytes,     955080 total
[2022-04-22T06:01:25.185+0000][7][gc,age      ] GC(7) - age   2:    2162664 bytes,    3117744 total
[2022-04-22T06:01:25.186+0000][7][gc,age      ] GC(7) - age   3:    1315776 bytes,    4433520 total
[2022-04-22T06:01:25.187+0000][7][gc,age      ] GC(7) - age   4:    5064624 bytes,    9498144 total
[2022-04-22T06:01:25.187+0000][7][gc,age      ] GC(7) - age   5:    2259560 bytes,   11757704 total
[2022-04-22T06:01:25.188+0000][7][gc,age      ] GC(7) - age   6:     862984 bytes,   12620688 total
[2022-04-22T06:01:25.189+0000][7][gc,age      ] GC(7) - age   7:    1926024 bytes,   14546712 total
[2022-04-22T06:01:25.191+0000][7][gc,phases   ] GC(7)   Pre Evacuate Collection Set: 0.1ms
[2022-04-22T06:01:25.192+0000][7][gc,phases   ] GC(7)   Merge Heap Roots: 0.1ms
[2022-04-22T06:01:25.193+0000][7][gc,phases   ] GC(7)   Evacuate Collection Set: 3.6ms
[2022-04-22T06:01:25.194+0000][7][gc,phases   ] GC(7)   Post Evacuate Collection Set: 0.9ms
[2022-04-22T06:01:25.196+0000][7][gc,phases   ] GC(7)   Other: 11.9ms
[2022-04-22T06:01:25.197+0000][7][gc,heap     ] GC(7) Eden regions: 56->0(72)
[2022-04-22T06:01:25.199+0000][7][gc,heap     ] GC(7) Survivor regions: 4->4(10)
[2022-04-22T06:01:25.199+0000][7][gc,heap     ] GC(7) Old regions: 2->2
[2022-04-22T06:01:25.200+0000][7][gc,heap     ] GC(7) Archive regions: 2->2
[2022-04-22T06:01:25.201+0000][7][gc,heap     ] GC(7) Humongous regions: 0->0
[2022-04-22T06:01:25.202+0000][7][gc,metaspace] GC(7) Metaspace: 21011K(21504K)->21011K(21504K) NonClass: 18388K(18688K)->18388K(18688K) Class: 2623K(2816K)->2623K(2816K)
[2022-04-22T06:01:25.203+0000][7][gc          ] GC(7) Pause Young (Concurrent Start) (Metadata GC Threshold) 246M->22M(512M) 28.723ms
[2022-04-22T06:01:25.204+0000][7][gc,cpu      ] GC(7) User=0.02s Sys=0.00s Real=0.03s
[2022-04-22T06:01:25.205+0000][7][safepoint   ] Safepoint "CollectForMetadataAllocation", Time since last: 236377459 ns, Reaching safepoint: 81291 ns, At safepoint: 31343750 ns, Total: 31425041 ns
[2022-04-22T06:01:25.206+0000][7][gc          ] GC(8) Concurrent Mark Cycle
[2022-04-22T06:01:25.207+0000][7][gc,marking  ] GC(8) Concurrent Clear Claimed Marks
[2022-04-22T06:01:25.208+0000][7][gc,marking  ] GC(8) Concurrent Clear Claimed Marks 0.756ms
[2022-04-22T06:01:25.209+0000][7][gc,marking  ] GC(8) Concurrent Scan Root Regions
[2022-04-22T06:01:25.213+0000][7][gc,marking  ] GC(8) Concurrent Scan Root Regions 4.204ms
[2022-04-22T06:01:25.214+0000][7][gc,marking  ] GC(8) Concurrent Mark
[2022-04-22T06:01:25.215+0000][7][gc,marking  ] GC(8) Concurrent Mark From Roots
[2022-04-22T06:01:25.216+0000][7][gc,task     ] GC(8) Using 1 workers of 1 for marking
[2022-04-22T06:01:25.227+0000][7][gc,marking  ] GC(8) Concurrent Mark From Roots 11.857ms
[2022-04-22T06:01:25.229+0000][7][gc,marking  ] GC(8) Concurrent Preclean
[2022-04-22T06:01:25.230+0000][7][gc,marking  ] GC(8) Concurrent Preclean 1.044ms
[2022-04-22T06:01:25.231+0000][7][gc,start    ] GC(8) Pause Remark
[2022-04-22T06:01:25.238+0000][7][gc          ] GC(8) Pause Remark 24M->24M(512M) 7.399ms
[2022-04-22T06:01:25.240+0000][7][gc,cpu      ] GC(8) User=0.01s Sys=0.00s Real=0.01s
[2022-04-22T06:01:25.240+0000][7][safepoint   ] Safepoint "G1Concurrent", Time since last: 24933875 ns, Reaching safepoint: 410792 ns, At safepoint: 9712958 ns, Total: 10123750 ns
[2022-04-22T06:01:25.242+0000][7][gc,marking  ] GC(8) Concurrent Mark 27.927ms
[2022-04-22T06:01:25.244+0000][7][gc,marking  ] GC(8) Concurrent Rebuild Remembered Sets
[2022-04-22T06:01:25.247+0000][7][gc,marking  ] GC(8) Concurrent Rebuild Remembered Sets 2.664ms
[2022-04-22T06:01:25.248+0000][7][gc,start    ] GC(8) Pause Cleanup
[2022-04-22T06:01:25.249+0000][7][gc          ] GC(8) Pause Cleanup 24M->24M(512M) 1.107ms
[2022-04-22T06:01:25.250+0000][7][gc,cpu      ] GC(8) User=0.00s Sys=0.00s Real=0.00s
[2022-04-22T06:01:25.250+0000][7][safepoint   ] Safepoint "G1Concurrent", Time since last: 7303709 ns, Reaching safepoint: 282875 ns, At safepoint: 2442916 ns, Total: 2725791 ns
[2022-04-22T06:01:25.252+0000][7][gc,marking  ] GC(8) Concurrent Cleanup for Next Mark
[2022-04-22T06:01:25.256+0000][7][gc,marking  ] GC(8) Concurrent Cleanup for Next Mark 4.190ms
[2022-04-22T06:01:25.257+0000][7][gc          ] GC(8) Concurrent Mark Cycle 51.687ms
[2022-04-22T06:01:25.685+0000][7][safepoint   ] Safepoint "ICBufferFull", Time since last: 434390376 ns, Reaching safepoint: 119750 ns, At safepoint: 3125 ns, Total: 122875 ns
[2022-04-22T06:01:25.717+0000][7][safepoint   ] Safepoint "ICBufferFull", Time since last: 31550333 ns, Reaching safepoint: 87958 ns, At safepoint: 4792 ns, Total: 92750 ns
[2022-04-22T06:01:25.719+0000][7][safepoint   ] Safepoint "ICBufferFull", Time since last: 2146333 ns, Reaching safepoint: 20417 ns, At safepoint: 1292 ns, Total: 21709 ns
[2022-04-22T06:01:25.721+0000][7][safepoint   ] Safepoint "ICBufferFull", Time since last: 1419416 ns, Reaching safepoint: 370250 ns, At safepoint: 2375 ns, Total: 372625 ns
[2022-04-22T06:01:25.723+0000][7][safepoint   ] Safepoint "ICBufferFull", Time since last: 2286417 ns, Reaching safepoint: 29167 ns, At safepoint: 1416 ns, Total: 30583 ns
[2022-04-22T06:01:25.726+0000][7][safepoint   ] Safepoint "ICBufferFull", Time since last: 2610959 ns, Reaching safepoint: 26875 ns, At safepoint: 1583 ns, Total: 28458 ns
[2022-04-22T06:01:25.727+0000][7][safepoint   ] Safepoint "ICBufferFull", Time since last: 1674417 ns, Reaching safepoint: 23000 ns, At safepoint: 1583 ns, Total: 24583 ns
[2022-04-22T06:01:25.729+0000][7][safepoint   ] Safepoint "ICBufferFull", Time since last: 1458417 ns, Reaching safepoint: 39416 ns, At safepoint: 1875 ns, Total: 41291 ns
[2022-04-22T06:01:25.747+0000][7][safepoint   ] Safepoint "ICBufferFull", Time since last: 17390250 ns, Reaching safepoint: 374209 ns, At safepoint: 6333 ns, Total: 380542 ns
[2022-04-22T06:01:25.749+0000][7][safepoint   ] Safepoint "ICBufferFull", Time since last: 2417000 ns, Reaching safepoint: 91875 ns, At safepoint: 2250 ns, Total: 94125 ns
[2022-04-22T06:01:25.757+0000][7][safepoint   ] Safepoint "ICBufferFull", Time since last: 3585333 ns, Reaching safepoint: 4026167 ns, At safepoint: 7458 ns, Total: 4033625 ns
[2022-04-22T06:01:25.760+0000][7][safepoint   ] Safepoint "ICBufferFull", Time since last: 2578875 ns, Reaching safepoint: 314667 ns, At safepoint: 3958 ns, Total: 318625 ns
[2022-04-22T06:01:25.784+0000][7][safepoint   ] Safepoint "ICBufferFull", Time since last: 23979292 ns, Reaching safepoint: 58167 ns, At safepoint: 10791 ns, Total: 68958 ns
[2022-04-22T06:01:25.795+0000][7][safepoint   ] Safepoint "ICBufferFull", Time since last: 11636334 ns, Reaching safepoint: 92333 ns, At safepoint: 2125 ns, Total: 94458 ns
[2022-04-22T06:01:25.797+0000][7][safepoint   ] Safepoint "ICBufferFull", Time since last: 1621500 ns, Reaching safepoint: 34292 ns, At safepoint: 2166 ns, Total: 36458 ns
[2022-04-22T06:01:25.798+0000][7][safepoint   ] Safepoint "ICBufferFull", Time since last: 1188417 ns, Reaching safepoint: 15917 ns, At safepoint: 1041 ns, Total: 16958 ns
[2022-04-22T06:01:25.803+0000][7][safepoint   ] Safepoint "ICBufferFull", Time since last: 5099459 ns, Reaching safepoint: 23833 ns, At safepoint: 1292 ns, Total: 25125 ns
[2022-04-22T06:01:25.812+0000][7][safepoint   ] Safepoint "ICBufferFull", Time since last: 8406458 ns, Reaching safepoint: 40583 ns, At safepoint: 1709 ns, Total: 42292 ns
[2022-04-22T06:01:25.852+0000][7][safepoint   ] Safepoint "ICBufferFull", Time since last: 39953708 ns, Reaching safepoint: 183417 ns, At safepoint: 3583 ns, Total: 187000 ns
[2022-04-22T06:01:25.857+0000][7][safepoint   ] Safepoint "ICBufferFull", Time since last: 5128292 ns, Reaching safepoint: 85500 ns, At safepoint: 2708 ns, Total: 88208 ns
[2022-04-22T06:01:25.859+0000][7][safepoint   ] Safepoint "ICBufferFull", Time since last: 1422292 ns, Reaching safepoint: 171833 ns, At safepoint: 22500 ns, Total: 194333 ns
[2022-04-22T06:01:25.860+0000][7][safepoint   ] Safepoint "ICBufferFull", Time since last: 1414500 ns, Reaching safepoint: 31833 ns, At safepoint: 1709 ns, Total: 33542 ns
[2022-04-22T06:01:25.862+0000][7][safepoint   ] Safepoint "ICBufferFull", Time since last: 1522541 ns, Reaching safepoint: 455625 ns, At safepoint: 3125 ns, Total: 458750 ns
[2022-04-22T06:01:25.864+0000][7][safepoint   ] Safepoint "ICBufferFull", Time since last: 1398959 ns, Reaching safepoint: 70750 ns, At safepoint: 23416 ns, Total: 94166 ns
[2022-04-22T06:01:25.867+0000][7][safepoint   ] Safepoint "ICBufferFull", Time since last: 3561959 ns, Reaching safepoint: 55833 ns, At safepoint: 3417 ns, Total: 59250 ns
[2022-04-22T06:01:26.011+0000][7][safepoint   ] Safepoint "ICBufferFull", Time since last: 143446083 ns, Reaching safepoint: 171792 ns, At safepoint: 13000 ns, Total: 184792 ns
[2022-04-22T06:01:26.404+0000][7][safepoint   ] Safepoint "ICBufferFull", Time since last: 392384167 ns, Reaching safepoint: 273500 ns, At safepoint: 15583 ns, Total: 289083 ns
[2022-04-22T06:01:26.792+0000][7][safepoint   ] Safepoint "ICBufferFull", Time since last: 388153167 ns, Reaching safepoint: 149458 ns, At safepoint: 8917 ns, Total: 158375 ns
[2022-04-22T06:01:26.827+0000][7][gc,start    ] GC(9) Pause Young (Concurrent Start) (Metadata GC Threshold)
[2022-04-22T06:01:26.828+0000][7][gc,task     ] GC(9) Using 5 workers of 5 for evacuation
[2022-04-22T06:01:26.829+0000][7][gc,age      ] GC(9) Desired survivor size 20971520 bytes, new threshold 15 (max threshold 15)
[2022-04-22T06:01:26.852+0000][7][gc,age      ] GC(9) Age table with threshold 15 (max threshold 15)
[2022-04-22T06:01:26.853+0000][7][gc,age      ] GC(9) - age   1:   26517152 bytes,   26517152 total
[2022-04-22T06:01:26.854+0000][7][gc,age      ] GC(9) - age   2:     937664 bytes,   27454816 total
[2022-04-22T06:01:26.855+0000][7][gc,age      ] GC(9) - age   3:    2143720 bytes,   29598536 total
[2022-04-22T06:01:26.856+0000][7][gc,age      ] GC(9) - age   4:    1313136 bytes,   30911672 total
[2022-04-22T06:01:26.856+0000][7][gc,age      ] GC(9) - age   5:    5037280 bytes,   35948952 total
[2022-04-22T06:01:26.857+0000][7][gc,age      ] GC(9) - age   6:    2185480 bytes,   38134432 total
[2022-04-22T06:01:26.860+0000][7][gc,age      ] GC(9) - age   7:     830384 bytes,   38964816 total
[2022-04-22T06:01:26.861+0000][7][gc,age      ] GC(9) - age   8:    1918464 bytes,   40883280 total
[2022-04-22T06:01:26.862+0000][7][gc,phases   ] GC(9)   Pre Evacuate Collection Set: 0.3ms
[2022-04-22T06:01:26.863+0000][7][gc,phases   ] GC(9)   Merge Heap Roots: 0.1ms
[2022-04-22T06:01:26.863+0000][7][gc,phases   ] GC(9)   Evacuate Collection Set: 20.1ms
[2022-04-22T06:01:26.864+0000][7][gc,phases   ] GC(9)   Post Evacuate Collection Set: 1.6ms
[2022-04-22T06:01:26.865+0000][7][gc,phases   ] GC(9)   Other: 12.9ms
[2022-04-22T06:01:26.866+0000][7][gc,heap     ] GC(9) Eden regions: 71->0(66)
[2022-04-22T06:01:26.866+0000][7][gc,heap     ] GC(9) Survivor regions: 4->10(10)
[2022-04-22T06:01:26.867+0000][7][gc,heap     ] GC(9) Old regions: 2->2
[2022-04-22T06:01:26.868+0000][7][gc,heap     ] GC(9) Archive regions: 2->2
[2022-04-22T06:01:26.869+0000][7][gc,heap     ] GC(9) Humongous regions: 0->0
[2022-04-22T06:01:26.870+0000][7][gc,metaspace] GC(9) Metaspace: 35171K(36096K)->35171K(36096K) NonClass: 30517K(31104K)->30517K(31104K) Class: 4654K(4992K)->4654K(4992K)
[2022-04-22T06:01:26.871+0000][7][gc          ] GC(9) Pause Young (Concurrent Start) (Metadata GC Threshold) 306M->48M(512M) 43.822ms
[2022-04-22T06:01:26.872+0000][7][gc,cpu      ] GC(9) User=0.09s Sys=0.01s Real=0.04s
[2022-04-22T06:01:26.872+0000][7][safepoint   ] Safepoint "CollectForMetadataAllocation", Time since last: 34824625 ns, Reaching safepoint: 68125 ns, At safepoint: 45537583 ns, Total: 45605708 ns
[2022-04-22T06:01:26.872+0000][7][gc          ] GC(10) Concurrent Mark Cycle
[2022-04-22T06:01:26.874+0000][7][gc,marking  ] GC(10) Concurrent Clear Claimed Marks
[2022-04-22T06:01:26.875+0000][7][gc,marking  ] GC(10) Concurrent Clear Claimed Marks 0.663ms
[2022-04-22T06:01:26.876+0000][7][gc,marking  ] GC(10) Concurrent Scan Root Regions
[2022-04-22T06:01:26.887+0000][7][safepoint   ] Safepoint "CollectForMetadataAllocation", Time since last: 13966625 ns, Reaching safepoint: 210417 ns, At safepoint: 35250 ns, Total: 245667 ns
[2022-04-22T06:01:26.891+0000][7][gc,marking  ] GC(10) Concurrent Scan Root Regions 15.569ms
[2022-04-22T06:01:26.892+0000][7][gc,marking  ] GC(10) Concurrent Mark
[2022-04-22T06:01:26.893+0000][7][gc,marking  ] GC(10) Concurrent Mark From Roots
[2022-04-22T06:01:26.894+0000][7][gc,task     ] GC(10) Using 1 workers of 1 for marking
[2022-04-22T06:01:26.898+0000][7][gc,marking  ] GC(10) Concurrent Mark From Roots 4.866ms
[2022-04-22T06:01:26.899+0000][7][gc,marking  ] GC(10) Concurrent Preclean
[2022-04-22T06:01:26.899+0000][7][safepoint   ] Safepoint "CollectForMetadataAllocation", Time since last: 12695541 ns, Reaching safepoint: 78792 ns, At safepoint: 123417 ns, Total: 202209 ns
[2022-04-22T06:01:26.900+0000][7][gc,marking  ] GC(10) Concurrent Preclean 1.180ms
[2022-04-22T06:01:26.902+0000][7][gc,start    ] GC(10) Pause Remark
[2022-04-22T06:01:26.905+0000][7][gc          ] GC(10) Pause Remark 52M->52M(512M) 3.189ms
[2022-04-22T06:01:26.906+0000][7][gc,cpu      ] GC(10) User=0.00s Sys=0.00s Real=0.01s
[2022-04-22T06:01:26.907+0000][7][safepoint   ] Safepoint "G1Concurrent", Time since last: 2203416 ns, Reaching safepoint: 235542 ns, At safepoint: 5239125 ns, Total: 5474667 ns
[2022-04-22T06:01:26.909+0000][7][gc,marking  ] GC(10) Concurrent Mark 16.875ms
[2022-04-22T06:01:26.910+0000][7][gc,marking  ] GC(10) Concurrent Rebuild Remembered Sets
[2022-04-22T06:01:26.913+0000][7][gc,marking  ] GC(10) Concurrent Rebuild Remembered Sets 3.071ms
[2022-04-22T06:01:26.914+0000][7][gc,start    ] GC(10) Pause Cleanup
[2022-04-22T06:01:26.915+0000][7][gc          ] GC(10) Pause Cleanup 52M->52M(512M) 0.869ms
[2022-04-22T06:01:26.916+0000][7][gc,cpu      ] GC(10) User=0.00s Sys=0.00s Real=0.01s
[2022-04-22T06:01:26.916+0000][7][safepoint   ] Safepoint "G1Concurrent", Time since last: 6667833 ns, Reaching safepoint: 134542 ns, At safepoint: 2349750 ns, Total: 2484292 ns
[2022-04-22T06:01:26.917+0000][7][gc,marking  ] GC(10) Concurrent Cleanup for Next Mark
[2022-04-22T06:01:26.918+0000][7][gc,marking  ] GC(10) Concurrent Cleanup for Next Mark 1.039ms
[2022-04-22T06:01:26.919+0000][7][gc          ] GC(10) Concurrent Mark Cycle 46.290ms
[2022-04-22T06:01:27.002+0000][7][safepoint   ] Safepoint "ICBufferFull", Time since last: 85496458 ns, Reaching safepoint: 149709 ns, At safepoint: 2916 ns, Total: 152625 ns
[2022-04-22T06:01:27.467+0000][7][safepoint   ] Safepoint "ICBufferFull", Time since last: 464720334 ns, Reaching safepoint: 162458 ns, At safepoint: 19917 ns, Total: 182375 ns
[2022-04-22T06:01:27.738+0000][7][gc,start    ] GC(11) Pause Young (Concurrent Start) (G1 Evacuation Pause)
[2022-04-22T06:01:27.739+0000][7][gc,task     ] GC(11) Using 5 workers of 5 for evacuation
[2022-04-22T06:01:27.740+0000][7][gc,age      ] GC(11) Desired survivor size 20971520 bytes, new threshold 1 (max threshold 15)
[2022-04-22T06:01:27.767+0000][7][gc,age      ] GC(11) Age table with threshold 1 (max threshold 15)
[2022-04-22T06:01:27.768+0000][7][gc,age      ] GC(11) - age   1:    6088784 bytes,    6088784 total
[2022-04-22T06:01:27.770+0000][7][gc,phases   ] GC(11)   Pre Evacuate Collection Set: 0.2ms
[2022-04-22T06:01:27.771+0000][7][gc,phases   ] GC(11)   Merge Heap Roots: 0.1ms
[2022-04-22T06:01:27.772+0000][7][gc,phases   ] GC(11)   Evacuate Collection Set: 24.9ms
[2022-04-22T06:01:27.773+0000][7][gc,phases   ] GC(11)   Post Evacuate Collection Set: 1.2ms
[2022-04-22T06:01:27.773+0000][7][gc,phases   ] GC(11)   Other: 5.5ms
[2022-04-22T06:01:27.774+0000][7][gc,heap     ] GC(11) Eden regions: 66->0(74)
[2022-04-22T06:01:27.775+0000][7][gc,heap     ] GC(11) Survivor regions: 10->2(10)
[2022-04-22T06:01:27.776+0000][7][gc,heap     ] GC(11) Old regions: 2->11
[2022-04-22T06:01:27.777+0000][7][gc,heap     ] GC(11) Archive regions: 2->2
[2022-04-22T06:01:27.777+0000][7][gc,heap     ] GC(11) Humongous regions: 0->0
[2022-04-22T06:01:27.778+0000][7][gc,metaspace] GC(11) Metaspace: 52102K(53312K)->52102K(53312K) NonClass: 45028K(45760K)->45028K(45760K) Class: 7074K(7552K)->7074K(7552K)
[2022-04-22T06:01:27.778+0000][7][gc          ] GC(11) Pause Young (Concurrent Start) (G1 Evacuation Pause) 312M->55M(512M) 40.221ms
[2022-04-22T06:01:27.779+0000][7][gc,cpu      ] GC(11) User=0.06s Sys=0.01s Real=0.04s
[2022-04-22T06:01:27.780+0000][7][safepoint   ] Safepoint "G1CollectForAllocation", Time since last: 271141500 ns, Reaching safepoint: 118584 ns, At safepoint: 41428416 ns, Total: 41547000 ns
[2022-04-22T06:01:27.780+0000][7][gc          ] GC(12) Concurrent Mark Cycle
[2022-04-22T06:01:27.788+0000][7][gc,marking  ] GC(12) Concurrent Clear Claimed Marks
[2022-04-22T06:01:27.789+0000][7][gc,marking  ] GC(12) Concurrent Clear Claimed Marks 1.066ms
[2022-04-22T06:01:27.790+0000][7][gc,marking  ] GC(12) Concurrent Scan Root Regions
[2022-04-22T06:01:27.807+0000][7][gc,marking  ] GC(12) Concurrent Scan Root Regions 17.285ms
[2022-04-22T06:01:27.809+0000][7][gc,marking  ] GC(12) Concurrent Mark
[2022-04-22T06:01:27.810+0000][7][gc,marking  ] GC(12) Concurrent Mark From Roots
[2022-04-22T06:01:27.812+0000][7][gc,task     ] GC(12) Using 1 workers of 1 for marking
[2022-04-22T06:01:27.816+0000][7][gc,marking  ] GC(12) Concurrent Mark From Roots 6.317ms
[2022-04-22T06:01:27.817+0000][7][gc,marking  ] GC(12) Concurrent Preclean
[2022-04-22T06:01:27.818+0000][7][gc,marking  ] GC(12) Concurrent Preclean 0.705ms
[2022-04-22T06:01:27.819+0000][7][gc,start    ] GC(12) Pause Remark
[2022-04-22T06:01:27.823+0000][7][gc          ] GC(12) Pause Remark 75M->75M(512M) 4.187ms
[2022-04-22T06:01:27.824+0000][7][gc,cpu      ] GC(12) User=0.01s Sys=0.00s Real=0.00s
[2022-04-22T06:01:27.825+0000][7][safepoint   ] Safepoint "G1Concurrent", Time since last: 39185959 ns, Reaching safepoint: 348208 ns, At safepoint: 6032167 ns, Total: 6380375 ns
[2022-04-22T06:01:27.826+0000][7][gc,marking  ] GC(12) Concurrent Mark 16.634ms
[2022-04-22T06:01:27.826+0000][7][gc,marking  ] GC(12) Concurrent Rebuild Remembered Sets
[2022-04-22T06:01:27.827+0000][7][gc,marking  ] GC(12) Concurrent Rebuild Remembered Sets 0.703ms
[2022-04-22T06:01:27.828+0000][7][gc,start    ] GC(12) Pause Cleanup
[2022-04-22T06:01:27.829+0000][7][gc          ] GC(12) Pause Cleanup 75M->75M(512M) 0.633ms
[2022-04-22T06:01:27.829+0000][7][gc,cpu      ] GC(12) User=0.00s Sys=0.00s Real=0.00s
[2022-04-22T06:01:27.830+0000][7][safepoint   ] Safepoint "G1Concurrent", Time since last: 2627000 ns, Reaching safepoint: 197916 ns, At safepoint: 1707584 ns, Total: 1905500 ns
[2022-04-22T06:01:27.831+0000][7][gc,marking  ] GC(12) Concurrent Cleanup for Next Mark
[2022-04-22T06:01:27.831+0000][7][gc,marking  ] GC(12) Concurrent Cleanup for Next Mark 0.897ms
[2022-04-22T06:01:27.832+0000][7][gc          ] GC(12) Concurrent Mark Cycle 52.719ms
[2022-04-22T06:01:28.102+0000][7][safepoint   ] Safepoint "ICBufferFull", Time since last: 272048291 ns, Reaching safepoint: 215500 ns, At safepoint: 15375 ns, Total: 230875 ns
[2022-04-22T06:01:28.350+0000][7][safepoint   ] Safepoint "ICBufferFull", Time since last: 247559500 ns, Reaching safepoint: 449750 ns, At safepoint: 2375 ns, Total: 452125 ns
[2022-04-22T06:01:28.623+0000][7][safepoint   ] Safepoint "ICBufferFull", Time since last: 272899750 ns, Reaching safepoint: 190500 ns, At safepoint: 11708 ns, Total: 202208 ns
[2022-04-22T06:01:28.794+0000][7][safepoint   ] Safepoint "ICBufferFull", Time since last: 170708542 ns, Reaching safepoint: 218791 ns, At safepoint: 3125 ns, Total: 221916 ns
[2022-04-22T06:01:28.915+0000][7][safepoint   ] Safepoint "ICBufferFull", Time since last: 120850042 ns, Reaching safepoint: 137417 ns, At safepoint: 3833 ns, Total: 141250 ns
[2022-04-22T06:01:29.042+0000][7][safepoint   ] Safepoint "ICBufferFull", Time since last: 126976417 ns, Reaching safepoint: 88500 ns, At safepoint: 1666 ns, Total: 90166 ns
[2022-04-22T06:01:29.083+0000][7][safepoint   ] Safepoint "ICBufferFull", Time since last: 40861876 ns, Reaching safepoint: 244708 ns, At safepoint: 10750 ns, Total: 255458 ns
[2022-04-22T06:01:29.322+0000][7][safepoint   ] Safepoint "ICBufferFull", Time since last: 238796042 ns, Reaching safepoint: 367625 ns, At safepoint: 54833 ns, Total: 422458 ns
[2022-04-22T06:01:29.457+0000][7][safepoint   ] Safepoint "ICBufferFull", Time since last: 134533750 ns, Reaching safepoint: 183208 ns, At safepoint: 2209 ns, Total: 185417 ns
[2022-04-22T06:01:29.565+0000][7][safepoint   ] Safepoint "ICBufferFull", Time since last: 107277916 ns, Reaching safepoint: 157292 ns, At safepoint: 3250 ns, Total: 160542 ns
[2022-04-22T06:01:29.786+0000][7][gc,start    ] GC(13) Pause Young (Normal) (G1 Evacuation Pause)
[2022-04-22T06:01:29.787+0000][7][gc,task     ] GC(13) Using 5 workers of 5 for evacuation
[2022-04-22T06:01:29.788+0000][7][gc,age      ] GC(13) Desired survivor size 20971520 bytes, new threshold 15 (max threshold 15)
[2022-04-22T06:01:29.810+0000][7][gc,age      ] GC(13) Age table with threshold 15 (max threshold 15)
[2022-04-22T06:01:29.811+0000][7][gc,age      ] GC(13) - age   1:   13928064 bytes,   13928064 total
[2022-04-22T06:01:29.812+0000][7][gc,age      ] GC(13) - age   2:    5883160 bytes,   19811224 total
[2022-04-22T06:01:29.816+0000][7][gc,phases   ] GC(13)   Pre Evacuate Collection Set: 0.1ms
[2022-04-22T06:01:29.817+0000][7][gc,phases   ] GC(13)   Merge Heap Roots: 0.1ms
[2022-04-22T06:01:29.818+0000][7][gc,phases   ] GC(13)   Evacuate Collection Set: 17.2ms
[2022-04-22T06:01:29.820+0000][7][gc,phases   ] GC(13)   Post Evacuate Collection Set: 3.9ms
[2022-04-22T06:01:29.821+0000][7][gc,phases   ] GC(13)   Other: 9.0ms
[2022-04-22T06:01:29.822+0000][7][gc,heap     ] GC(13) Eden regions: 74->0(71)
[2022-04-22T06:01:29.823+0000][7][gc,heap     ] GC(13) Survivor regions: 2->5(10)
[2022-04-22T06:01:29.823+0000][7][gc,heap     ] GC(13) Old regions: 11->11
[2022-04-22T06:01:29.824+0000][7][gc,heap     ] GC(13) Archive regions: 2->2
[2022-04-22T06:01:29.825+0000][7][gc,heap     ] GC(13) Humongous regions: 0->0
[2022-04-22T06:01:29.826+0000][7][gc,metaspace] GC(13) Metaspace: 86579K(88064K)->86579K(88064K) NonClass: 74553K(75456K)->74553K(75456K) Class: 12025K(12608K)->12025K(12608K)
[2022-04-22T06:01:29.828+0000][7][gc          ] GC(13) Pause Young (Normal) (G1 Evacuation Pause) 351M->67M(512M) 41.822ms
[2022-04-22T06:01:29.829+0000][7][gc,cpu      ] GC(13) User=0.04s Sys=0.00s Real=0.04s
[2022-04-22T06:01:29.831+0000][7][safepoint   ] Safepoint "G1CollectForAllocation", Time since last: 221296417 ns, Reaching safepoint: 75375 ns, At safepoint: 45138583 ns, Total: 45213958 ns
[2022-04-22T06:01:29.946+0000][7][gc,start    ] GC(14) Pause Young (Concurrent Start) (Metadata GC Threshold)
[2022-04-22T06:01:29.947+0000][7][gc,task     ] GC(14) Using 5 workers of 5 for evacuation
[2022-04-22T06:01:29.948+0000][7][gc,age      ] GC(14) Desired survivor size 20971520 bytes, new threshold 15 (max threshold 15)
[2022-04-22T06:01:29.958+0000][7][gc,age      ] GC(14) Age table with threshold 15 (max threshold 15)
[2022-04-22T06:01:29.960+0000][7][gc,age      ] GC(14) - age   1:     264664 bytes,     264664 total
[2022-04-22T06:01:29.961+0000][7][gc,age      ] GC(14) - age   2:   13675024 bytes,   13939688 total
[2022-04-22T06:01:29.962+0000][7][gc,age      ] GC(14) - age   3:    5858048 bytes,   19797736 total
[2022-04-22T06:01:29.963+0000][7][gc,phases   ] GC(14)   Pre Evacuate Collection Set: 0.2ms
[2022-04-22T06:01:29.964+0000][7][gc,phases   ] GC(14)   Merge Heap Roots: 0.2ms
[2022-04-22T06:01:29.964+0000][7][gc,phases   ] GC(14)   Evacuate Collection Set: 8.0ms
[2022-04-22T06:01:29.965+0000][7][gc,phases   ] GC(14)   Post Evacuate Collection Set: 1.2ms
[2022-04-22T06:01:29.967+0000][7][gc,phases   ] GC(14)   Other: 7.5ms
[2022-04-22T06:01:29.967+0000][7][gc,heap     ] GC(14) Eden regions: 3->0(71)
[2022-04-22T06:01:29.968+0000][7][gc,heap     ] GC(14) Survivor regions: 5->5(10)
[2022-04-22T06:01:29.969+0000][7][gc,heap     ] GC(14) Old regions: 11->11
[2022-04-22T06:01:29.969+0000][7][gc,heap     ] GC(14) Archive regions: 2->2
[2022-04-22T06:01:29.970+0000][7][gc,heap     ] GC(14) Humongous regions: 0->0
[2022-04-22T06:01:29.971+0000][7][gc,metaspace] GC(14) Metaspace: 87312K(88896K)->87312K(88896K) NonClass: 75167K(76096K)->75167K(76096K) Class: 12145K(12800K)->12145K(12800K)
[2022-04-22T06:01:29.971+0000][7][gc          ] GC(14) Pause Young (Concurrent Start) (Metadata GC Threshold) 77M->67M(512M) 25.573ms
[2022-04-22T06:01:29.973+0000][7][gc,cpu      ] GC(14) User=0.03s Sys=0.00s Real=0.02s
[2022-04-22T06:01:29.974+0000][7][safepoint   ] Safepoint "CollectForMetadataAllocation", Time since last: 114250709 ns, Reaching safepoint: 257000 ns, At safepoint: 28157333 ns, Total: 28414333 ns
[2022-04-22T06:01:29.974+0000][7][gc          ] GC(15) Concurrent Mark Cycle
[2022-04-22T06:01:29.976+0000][7][gc,marking  ] GC(15) Concurrent Clear Claimed Marks
[2022-04-22T06:01:29.977+0000][7][gc,marking  ] GC(15) Concurrent Clear Claimed Marks 0.946ms
[2022-04-22T06:01:29.978+0000][7][gc,marking  ] GC(15) Concurrent Scan Root Regions
[2022-04-22T06:01:29.989+0000][7][gc,marking  ] GC(15) Concurrent Scan Root Regions 10.769ms
[2022-04-22T06:01:29.990+0000][7][gc,marking  ] GC(15) Concurrent Mark
[2022-04-22T06:01:29.991+0000][7][gc,marking  ] GC(15) Concurrent Mark From Roots
[2022-04-22T06:01:29.992+0000][7][gc,task     ] GC(15) Using 1 workers of 1 for marking
[2022-04-22T06:01:30.070+0000][7][gc,marking  ] GC(15) Concurrent Mark From Roots 78.909ms
[2022-04-22T06:01:30.071+0000][7][gc,marking  ] GC(15) Concurrent Preclean
[2022-04-22T06:01:30.073+0000][7][gc,marking  ] GC(15) Concurrent Preclean 2.037ms
[2022-04-22T06:01:30.074+0000][7][gc,start    ] GC(15) Pause Remark
[2022-04-22T06:01:30.078+0000][7][gc          ] GC(15) Pause Remark 71M->71M(512M) 3.592ms
[2022-04-22T06:01:30.079+0000][7][gc,cpu      ] GC(15) User=0.01s Sys=0.00s Real=0.01s
[2022-04-22T06:01:30.080+0000][7][safepoint   ] Safepoint "G1Concurrent", Time since last: 100125417 ns, Reaching safepoint: 204833 ns, At safepoint: 5407625 ns, Total: 5612458 ns
[2022-04-22T06:01:30.080+0000][7][gc,marking  ] GC(15) Concurrent Mark 90.609ms
[2022-04-22T06:01:30.081+0000][7][gc,marking  ] GC(15) Concurrent Rebuild Remembered Sets
[2022-04-22T06:01:30.082+0000][7][gc,marking  ] GC(15) Concurrent Rebuild Remembered Sets 1.079ms
[2022-04-22T06:01:30.084+0000][7][gc,start    ] GC(15) Pause Cleanup
[2022-04-22T06:01:30.085+0000][7][gc          ] GC(15) Pause Cleanup 71M->71M(512M) 0.935ms
[2022-04-22T06:01:30.085+0000][7][gc,cpu      ] GC(15) User=0.00s Sys=0.00s Real=0.00s
[2022-04-22T06:01:30.086+0000][7][safepoint   ] Safepoint "G1Concurrent", Time since last: 3620208 ns, Reaching safepoint: 543084 ns, At safepoint: 2129666 ns, Total: 2672750 ns
[2022-04-22T06:01:30.087+0000][7][gc,marking  ] GC(15) Concurrent Cleanup for Next Mark
[2022-04-22T06:01:30.088+0000][7][gc,marking  ] GC(15) Concurrent Cleanup for Next Mark 1.092ms
[2022-04-22T06:01:30.088+0000][7][gc          ] GC(15) Concurrent Mark Cycle 114.652ms
[2022-04-22T06:01:30.329+0000][7][safepoint   ] Safepoint "ICBufferFull", Time since last: 242572542 ns, Reaching safepoint: 219167 ns, At safepoint: 2958 ns, Total: 222125 ns
[2022-04-22T06:01:30.604+0000][7][safepoint   ] Safepoint "ICBufferFull", Time since last: 274719917 ns, Reaching safepoint: 353292 ns, At safepoint: 3958 ns, Total: 357250 ns
[2022-04-22T06:01:30.910+0000][7][safepoint   ] Safepoint "ICBufferFull", Time since last: 304950333 ns, Reaching safepoint: 1353834 ns, At safepoint: 44083 ns, Total: 1397917 ns
[2022-04-22T06:01:31.195+0000][7][safepoint   ] Safepoint "ICBufferFull", Time since last: 285182834 ns, Reaching safepoint: 166541 ns, At safepoint: 3375 ns, Total: 169916 ns
[2022-04-22T06:01:31.597+0000][7][safepoint   ] Safepoint "ICBufferFull", Time since last: 401001834 ns, Reaching safepoint: 479666 ns, At safepoint: 27084 ns, Total: 506750 ns
[2022-04-22T06:01:31.997+0000][7][safepoint   ] Safepoint "ICBufferFull", Time since last: 399161875 ns, Reaching safepoint: 624542 ns, At safepoint: 25458 ns, Total: 650000 ns
[2022-04-22T06:01:32.353+0000][7][safepoint   ] Safepoint "ICBufferFull", Time since last: 356243708 ns, Reaching safepoint: 136417 ns, At safepoint: 45792 ns, Total: 182209 ns
[2022-04-22T06:01:33.137+0000][7][safepoint   ] Safepoint "ICBufferFull", Time since last: 784057375 ns, Reaching safepoint: 128250 ns, At safepoint: 1958 ns, Total: 130208 ns
[2022-04-22T06:01:33.364+0000][7][safepoint   ] Safepoint "ICBufferFull", Time since last: 226122917 ns, Reaching safepoint: 290875 ns, At safepoint: 41500 ns, Total: 332375 ns
[2022-04-22T06:01:33.981+0000][7][safepoint   ] Safepoint "ICBufferFull", Time since last: 616841251 ns, Reaching safepoint: 170416 ns, At safepoint: 10084 ns, Total: 180500 ns
[2022-04-22T06:01:35.408+0000][7][safepoint   ] Safepoint "Cleanup", Time since last: 1427207917 ns, Reaching safepoint: 192667 ns, At safepoint: 9875 ns, Total: 202542 ns
[2022-04-22T06:01:36.411+0000][7][safepoint   ] Safepoint "Cleanup", Time since last: 1002871667 ns, Reaching safepoint: 126333 ns, At safepoint: 2250 ns, Total: 128583 ns
[2022-04-22T06:01:37.418+0000][7][safepoint   ] Safepoint "Cleanup", Time since last: 1006896542 ns, Reaching safepoint: 65458 ns, At safepoint: 2459 ns, Total: 67917 ns
[2022-04-22T06:01:38.425+0000][7][safepoint   ] Safepoint "Cleanup", Time since last: 1006361459 ns, Reaching safepoint: 152875 ns, At safepoint: 4291 ns, Total: 157166 ns
[2022-04-22T06:01:42.434+0000][7][safepoint   ] Safepoint "Cleanup", Time since last: 4009049211 ns, Reaching safepoint: 76625 ns, At safepoint: 2583 ns, Total: 79208 ns
[2022-04-22T06:01:43.440+0000][7][safepoint   ] Safepoint "Cleanup", Time since last: 1006409750 ns, Reaching safepoint: 52459 ns, At safepoint: 2125 ns, Total: 54584 ns
[2022-04-22T06:01:44.447+0000][7][safepoint   ] Safepoint "Cleanup", Time since last: 1006448292 ns, Reaching safepoint: 76750 ns, At safepoint: 2375 ns, Total: 79125 ns
[2022-04-22T06:01:45.449+0000][7][safepoint   ] Safepoint "Cleanup", Time since last: 1002383834 ns, Reaching safepoint: 68625 ns, At safepoint: 2833 ns, Total: 71458 ns
[2022-04-22T06:01:49.461+0000][7][safepoint   ] Safepoint "Cleanup", Time since last: 4011084377 ns, Reaching safepoint: 250458 ns, At safepoint: 4292 ns, Total: 254750 ns
[2022-04-22T06:01:54.476+0000][7][safepoint   ] Safepoint "Cleanup", Time since last: 5015552002 ns, Reaching safepoint: 170292 ns, At safepoint: 9542 ns, Total: 179834 ns
[2022-04-22T06:01:55.439+0000][7][gc,heap,exit] Heap
[2022-04-22T06:01:55.439+0000][7][gc,heap,exit]  garbage-first heap   total 524288K, used 344640K [0x00000000e0000000, 0x0000000100000000)
[2022-04-22T06:01:55.440+0000][7][gc,heap,exit]   region size 4096K, 71 young (290816K), 5 survivors (20480K)
[2022-04-22T06:01:55.441+0000][7][gc,heap,exit]  Metaspace       used 98215K, committed 99776K, reserved 1138688K
[2022-04-22T06:01:55.442+0000][7][gc,heap,exit]   class space    used 13803K, committed 14400K, reserved 1048576K
