[2022-05-10T02:26:36.088+0000][161][gc] Using G1
[2022-05-10T02:26:36.128+0000][161][gc,init] Version: 17.0.2+8 (release)
[2022-05-10T02:26:36.129+0000][161][gc,init] CPUs: 5 total, 5 available
[2022-05-10T02:26:36.130+0000][161][gc,init] Memory: 7851M
[2022-05-10T02:26:36.130+0000][161][gc,init] Large Page Support: Disabled
[2022-05-10T02:26:36.131+0000][161][gc,init] NUMA Support: Disabled
[2022-05-10T02:26:36.133+0000][161][gc,init] Compressed Oops: Enabled (32-bit)
[2022-05-10T02:26:36.134+0000][161][gc,init] Heap Region Size: 4M
[2022-05-10T02:26:36.134+0000][161][gc,init] Heap Min Capacity: 512M
[2022-05-10T02:26:36.135+0000][161][gc,init] Heap Initial Capacity: 512M
[2022-05-10T02:26:36.136+0000][161][gc,init] Heap Max Capacity: 512M
[2022-05-10T02:26:36.136+0000][161][gc,init] Pre-touch: Enabled
[2022-05-10T02:26:36.137+0000][161][gc,init] Parallel Workers: 5
[2022-05-10T02:26:36.137+0000][161][gc,init] Concurrent Workers: 1
[2022-05-10T02:26:36.138+0000][161][gc,init] Concurrent Refinement Workers: 5
[2022-05-10T02:26:36.139+0000][161][gc,init] Periodic GC: Disabled
[2022-05-10T02:26:36.140+0000][161][gc,metaspace] CDS archive(s) mapped at: [0x0000000800000000-0x0000000800bd2000-0x0000000800bd2000), size 12394496, SharedBaseAddress: 0x0000000800000000, ArchiveRelocationMode: 0.
[2022-05-10T02:26:36.140+0000][161][gc,metaspace] Compressed class space mapped at: 0x0000000800c00000-0x0000000840c00000, reserved size: 1073741824
[2022-05-10T02:26:36.141+0000][161][gc,metaspace] Narrow klass base: 0x0000000800000000, Narrow klass shift: 0, Narrow klass range: 0x100000000
[2022-05-10T02:26:36.253+0000][161][safepoint   ] Safepoint "ICBufferFull", Time since last: 107652417 ns, Reaching safepoint: 146584 ns, At safepoint: 8708 ns, Total: 155292 ns
[2022-05-10T02:26:36.299+0000][161][safepoint   ] Safepoint "ICBufferFull", Time since last: 46044917 ns, Reaching safepoint: 135000 ns, At safepoint: 2750 ns, Total: 137750 ns
[2022-05-10T02:26:36.336+0000][161][safepoint   ] Safepoint "ICBufferFull", Time since last: 37281958 ns, Reaching safepoint: 75458 ns, At safepoint: 11834 ns, Total: 87292 ns
[2022-05-10T02:26:36.434+0000][161][gc,start    ] GC(0) Pause Young (Normal) (G1 Evacuation Pause)
[2022-05-10T02:26:36.435+0000][161][gc,task     ] GC(0) Using 5 workers of 5 for evacuation
[2022-05-10T02:26:36.436+0000][161][gc,age      ] GC(0) Desired survivor size 2097152 bytes, new threshold 15 (max threshold 15)
[2022-05-10T02:26:36.440+0000][161][gc,age      ] GC(0) Age table with threshold 15 (max threshold 15)
[2022-05-10T02:26:36.441+0000][161][gc,age      ] GC(0) - age   1:    4129160 bytes,    4129160 total
[2022-05-10T02:26:36.442+0000][161][gc,phases   ] GC(0)   Pre Evacuate Collection Set: 0.1ms
[2022-05-10T02:26:36.443+0000][161][gc,phases   ] GC(0)   Merge Heap Roots: 0.1ms
[2022-05-10T02:26:36.443+0000][161][gc,phases   ] GC(0)   Evacuate Collection Set: 2.2ms
[2022-05-10T02:26:36.444+0000][161][gc,phases   ] GC(0)   Post Evacuate Collection Set: 0.5ms
[2022-05-10T02:26:36.445+0000][161][gc,phases   ] GC(0)   Other: 4.7ms
[2022-05-10T02:26:36.445+0000][161][gc,heap     ] GC(0) Eden regions: 6->0(5)
[2022-05-10T02:26:36.446+0000][161][gc,heap     ] GC(0) Survivor regions: 0->1(1)
[2022-05-10T02:26:36.447+0000][161][gc,heap     ] GC(0) Old regions: 0->1
[2022-05-10T02:26:36.447+0000][161][gc,heap     ] GC(0) Archive regions: 2->2
[2022-05-10T02:26:36.448+0000][161][gc,heap     ] GC(0) Humongous regions: 0->0
[2022-05-10T02:26:36.449+0000][161][gc,metaspace] GC(0) Metaspace: 8773K(8960K)->8773K(8960K) NonClass: 7730K(7808K)->7730K(7808K) Class: 1043K(1152K)->1043K(1152K)
[2022-05-10T02:26:36.450+0000][161][gc          ] GC(0) Pause Young (Normal) (G1 Evacuation Pause) 27M->8M(512M) 15.237ms
[2022-05-10T02:26:36.450+0000][161][gc,cpu      ] GC(0) User=0.01s Sys=0.00s Real=0.02s
[2022-05-10T02:26:36.451+0000][161][safepoint   ] Safepoint "G1CollectForAllocation", Time since last: 98063875 ns, Reaching safepoint: 131250 ns, At safepoint: 16992375 ns, Total: 17123625 ns
[2022-05-10T02:26:36.568+0000][161][safepoint   ] Safepoint "ICBufferFull", Time since last: 116436166 ns, Reaching safepoint: 145917 ns, At safepoint: 2625 ns, Total: 148542 ns
[2022-05-10T02:26:36.615+0000][161][gc,start    ] GC(1) Pause Young (Normal) (G1 Evacuation Pause)
[2022-05-10T02:26:36.617+0000][161][gc,task     ] GC(1) Using 5 workers of 5 for evacuation
[2022-05-10T02:26:36.618+0000][161][gc,age      ] GC(1) Desired survivor size 2097152 bytes, new threshold 1 (max threshold 15)
[2022-05-10T02:26:36.623+0000][161][gc,age      ] GC(1) Age table with threshold 1 (max threshold 15)
[2022-05-10T02:26:36.624+0000][161][gc,age      ] GC(1) - age   1:    1948280 bytes,    1948280 total
[2022-05-10T02:26:36.624+0000][161][gc,phases   ] GC(1)   Pre Evacuate Collection Set: 0.0ms
[2022-05-10T02:26:36.625+0000][161][gc,phases   ] GC(1)   Merge Heap Roots: 0.0ms
[2022-05-10T02:26:36.626+0000][161][gc,phases   ] GC(1)   Evacuate Collection Set: 2.1ms
[2022-05-10T02:26:36.626+0000][161][gc,phases   ] GC(1)   Post Evacuate Collection Set: 1.3ms
[2022-05-10T02:26:36.627+0000][161][gc,phases   ] GC(1)   Other: 5.3ms
[2022-05-10T02:26:36.628+0000][161][gc,heap     ] GC(1) Eden regions: 5->0(7)
[2022-05-10T02:26:36.629+0000][161][gc,heap     ] GC(1) Survivor regions: 1->1(1)
[2022-05-10T02:26:36.629+0000][161][gc,heap     ] GC(1) Old regions: 1->2
[2022-05-10T02:26:36.630+0000][161][gc,heap     ] GC(1) Archive regions: 2->2
[2022-05-10T02:26:36.630+0000][161][gc,heap     ] GC(1) Humongous regions: 0->0
[2022-05-10T02:26:36.631+0000][161][gc,metaspace] GC(1) Metaspace: 12242K(12480K)->12242K(12480K) NonClass: 10746K(10880K)->10746K(10880K) Class: 1495K(1600K)->1495K(1600K)
[2022-05-10T02:26:36.631+0000][161][gc          ] GC(1) Pause Young (Normal) (G1 Evacuation Pause) 28M->10M(512M) 15.866ms
[2022-05-10T02:26:36.632+0000][161][gc,cpu      ] GC(1) User=0.01s Sys=0.00s Real=0.02s
[2022-05-10T02:26:36.632+0000][161][safepoint   ] Safepoint "G1CollectForAllocation", Time since last: 47351542 ns, Reaching safepoint: 108333 ns, At safepoint: 16944875 ns, Total: 17053208 ns
[2022-05-10T02:26:36.860+0000][161][safepoint   ] Safepoint "ICBufferFull", Time since last: 227494125 ns, Reaching safepoint: 140958 ns, At safepoint: 15875 ns, Total: 156833 ns
[2022-05-10T02:26:36.863+0000][161][gc,start    ] GC(2) Pause Young (Normal) (G1 Evacuation Pause)
[2022-05-10T02:26:36.864+0000][161][gc,task     ] GC(2) Using 5 workers of 5 for evacuation
[2022-05-10T02:26:36.865+0000][161][gc,age      ] GC(2) Desired survivor size 2097152 bytes, new threshold 15 (max threshold 15)
[2022-05-10T02:26:36.868+0000][161][gc,age      ] GC(2) Age table with threshold 15 (max threshold 15)
[2022-05-10T02:26:36.869+0000][161][gc,age      ] GC(2) - age   1:     961464 bytes,     961464 total
[2022-05-10T02:26:36.870+0000][161][gc,age      ] GC(2) - age   2:    1923064 bytes,    2884528 total
[2022-05-10T02:26:36.871+0000][161][gc,phases   ] GC(2)   Pre Evacuate Collection Set: 0.1ms
[2022-05-10T02:26:36.871+0000][161][gc,phases   ] GC(2)   Merge Heap Roots: 0.0ms
[2022-05-10T02:26:36.872+0000][161][gc,phases   ] GC(2)   Evacuate Collection Set: 1.5ms
[2022-05-10T02:26:36.873+0000][161][gc,phases   ] GC(2)   Post Evacuate Collection Set: 0.8ms
[2022-05-10T02:26:36.874+0000][161][gc,phases   ] GC(2)   Other: 5.2ms
[2022-05-10T02:26:36.874+0000][161][gc,heap     ] GC(2) Eden regions: 7->0(27)
[2022-05-10T02:26:36.875+0000][161][gc,heap     ] GC(2) Survivor regions: 1->1(1)
[2022-05-10T02:26:36.876+0000][161][gc,heap     ] GC(2) Old regions: 2->2
[2022-05-10T02:26:36.877+0000][161][gc,heap     ] GC(2) Archive regions: 2->2
[2022-05-10T02:26:36.877+0000][161][gc,heap     ] GC(2) Humongous regions: 0->0
[2022-05-10T02:26:36.878+0000][161][gc,metaspace] GC(2) Metaspace: 14675K(14912K)->14675K(14912K) NonClass: 12930K(13056K)->12930K(13056K) Class: 1744K(1856K)->1744K(1856K)
[2022-05-10T02:26:36.879+0000][161][gc          ] GC(2) Pause Young (Normal) (G1 Evacuation Pause) 38M->11M(512M) 15.810ms
[2022-05-10T02:26:36.880+0000][161][gc,cpu      ] GC(2) User=0.00s Sys=0.00s Real=0.02s
[2022-05-10T02:26:36.880+0000][161][safepoint   ] Safepoint "G1CollectForAllocation", Time since last: 2936876 ns, Reaching safepoint: 225291 ns, At safepoint: 17268084 ns, Total: 17493375 ns
[2022-05-10T02:26:37.054+0000][161][safepoint   ] Safepoint "ICBufferFull", Time since last: 173682125 ns, Reaching safepoint: 179500 ns, At safepoint: 25250 ns, Total: 204750 ns
[2022-05-10T02:26:37.085+0000][161][safepoint   ] Safepoint "ICBufferFull", Time since last: 30687583 ns, Reaching safepoint: 136208 ns, At safepoint: 3167 ns, Total: 139375 ns
[2022-05-10T02:26:37.091+0000][161][safepoint   ] Safepoint "ICBufferFull", Time since last: 5241375 ns, Reaching safepoint: 356083 ns, At safepoint: 9417 ns, Total: 365500 ns
[2022-05-10T02:26:37.092+0000][161][safepoint   ] Safepoint "ICBufferFull", Time since last: 1261792 ns, Reaching safepoint: 98375 ns, At safepoint: 11125 ns, Total: 109500 ns
[2022-05-10T02:26:37.093+0000][161][safepoint   ] Safepoint "ICBufferFull", Time since last: 960166 ns, Reaching safepoint: 115417 ns, At safepoint: 14333 ns, Total: 129750 ns
[2022-05-10T02:26:37.095+0000][161][safepoint   ] Safepoint "ICBufferFull", Time since last: 1571167 ns, Reaching safepoint: 55500 ns, At safepoint: 3792 ns, Total: 59292 ns
[2022-05-10T02:26:37.096+0000][161][safepoint   ] Safepoint "ICBufferFull", Time since last: 935833 ns, Reaching safepoint: 240792 ns, At safepoint: 8416 ns, Total: 249208 ns
[2022-05-10T02:26:37.097+0000][161][safepoint   ] Safepoint "ICBufferFull", Time since last: 1332959 ns, Reaching safepoint: 32333 ns, At safepoint: 1000 ns, Total: 33333 ns
[2022-05-10T02:26:37.098+0000][161][safepoint   ] Safepoint "ICBufferFull", Time since last: 1013083 ns, Reaching safepoint: 33500 ns, At safepoint: 917 ns, Total: 34417 ns
[2022-05-10T02:26:37.099+0000][161][safepoint   ] Safepoint "ICBufferFull", Time since last: 992250 ns, Reaching safepoint: 33292 ns, At safepoint: 1250 ns, Total: 34542 ns
[2022-05-10T02:26:37.100+0000][161][safepoint   ] Safepoint "ICBufferFull", Time since last: 873916 ns, Reaching safepoint: 127667 ns, At safepoint: 2417 ns, Total: 130084 ns
[2022-05-10T02:26:37.101+0000][161][safepoint   ] Safepoint "ICBufferFull", Time since last: 972083 ns, Reaching safepoint: 41000 ns, At safepoint: 1125 ns, Total: 42125 ns
[2022-05-10T02:26:37.127+0000][161][gc,start    ] GC(3) Pause Young (Normal) (G1 Evacuation Pause)
[2022-05-10T02:26:37.128+0000][161][gc,task     ] GC(3) Using 5 workers of 5 for evacuation
[2022-05-10T02:26:37.129+0000][161][gc,age      ] GC(3) Desired survivor size 8388608 bytes, new threshold 15 (max threshold 15)
[2022-05-10T02:26:37.133+0000][161][gc,age      ] GC(3) Age table with threshold 15 (max threshold 15)
[2022-05-10T02:26:37.134+0000][161][gc,age      ] GC(3) - age   1:    3088920 bytes,    3088920 total
[2022-05-10T02:26:37.135+0000][161][gc,age      ] GC(3) - age   2:     894592 bytes,    3983512 total
[2022-05-10T02:26:37.135+0000][161][gc,age      ] GC(3) - age   3:    1921240 bytes,    5904752 total
[2022-05-10T02:26:37.136+0000][161][gc,phases   ] GC(3)   Pre Evacuate Collection Set: 0.0ms
[2022-05-10T02:26:37.137+0000][161][gc,phases   ] GC(3)   Merge Heap Roots: 0.0ms
[2022-05-10T02:26:37.138+0000][161][gc,phases   ] GC(3)   Evacuate Collection Set: 2.2ms
[2022-05-10T02:26:37.139+0000][161][gc,phases   ] GC(3)   Post Evacuate Collection Set: 0.7ms
[2022-05-10T02:26:37.139+0000][161][gc,phases   ] GC(3)   Other: 6.0ms
[2022-05-10T02:26:37.140+0000][161][gc,heap     ] GC(3) Eden regions: 27->0(74)
[2022-05-10T02:26:37.140+0000][161][gc,heap     ] GC(3) Survivor regions: 1->2(4)
[2022-05-10T02:26:37.141+0000][161][gc,heap     ] GC(3) Old regions: 2->2
[2022-05-10T02:26:37.141+0000][161][gc,heap     ] GC(3) Archive regions: 2->2
[2022-05-10T02:26:37.142+0000][161][gc,heap     ] GC(3) Humongous regions: 0->0
[2022-05-10T02:26:37.143+0000][161][gc,metaspace] GC(3) Metaspace: 17188K(17472K)->17188K(17472K) NonClass: 15156K(15296K)->15156K(15296K) Class: 2031K(2176K)->2031K(2176K)
[2022-05-10T02:26:37.143+0000][161][gc          ] GC(3) Pause Young (Normal) (G1 Evacuation Pause) 119M->13M(512M) 16.051ms
[2022-05-10T02:26:37.145+0000][161][gc,cpu      ] GC(3) User=0.01s Sys=0.00s Real=0.02s
[2022-05-10T02:26:37.145+0000][161][safepoint   ] Safepoint "G1CollectForAllocation", Time since last: 25569583 ns, Reaching safepoint: 278292 ns, At safepoint: 17883167 ns, Total: 18161459 ns
[2022-05-10T02:26:37.384+0000][161][safepoint   ] Safepoint "ICBufferFull", Time since last: 236186250 ns, Reaching safepoint: 2440291 ns, At safepoint: 8792 ns, Total: 2449083 ns
[2022-05-10T02:26:37.540+0000][161][gc,start    ] GC(4) Pause Young (Normal) (G1 Evacuation Pause)
[2022-05-10T02:26:37.542+0000][161][gc,task     ] GC(4) Using 5 workers of 5 for evacuation
[2022-05-10T02:26:37.543+0000][161][gc,age      ] GC(4) Desired survivor size 20971520 bytes, new threshold 15 (max threshold 15)
[2022-05-10T02:26:37.547+0000][161][gc,age      ] GC(4) Age table with threshold 15 (max threshold 15)
[2022-05-10T02:26:37.549+0000][161][gc,age      ] GC(4) - age   1:    5801824 bytes,    5801824 total
[2022-05-10T02:26:37.550+0000][161][gc,age      ] GC(4) - age   2:    2241592 bytes,    8043416 total
[2022-05-10T02:26:37.551+0000][161][gc,age      ] GC(4) - age   3:     894200 bytes,    8937616 total
[2022-05-10T02:26:37.552+0000][161][gc,age      ] GC(4) - age   4:    1920456 bytes,   10858072 total
[2022-05-10T02:26:37.553+0000][161][gc,phases   ] GC(4)   Pre Evacuate Collection Set: 0.0ms
[2022-05-10T02:26:37.553+0000][161][gc,phases   ] GC(4)   Merge Heap Roots: 0.0ms
[2022-05-10T02:26:37.554+0000][161][gc,phases   ] GC(4)   Evacuate Collection Set: 2.9ms
[2022-05-10T02:26:37.555+0000][161][gc,phases   ] GC(4)   Post Evacuate Collection Set: 0.4ms
[2022-05-10T02:26:37.556+0000][161][gc,phases   ] GC(4)   Other: 9.1ms
[2022-05-10T02:26:37.557+0000][161][gc,heap     ] GC(4) Eden regions: 74->0(73)
[2022-05-10T02:26:37.558+0000][161][gc,heap     ] GC(4) Survivor regions: 2->3(10)
[2022-05-10T02:26:37.558+0000][161][gc,heap     ] GC(4) Old regions: 2->2
[2022-05-10T02:26:37.559+0000][161][gc,heap     ] GC(4) Archive regions: 2->2
[2022-05-10T02:26:37.560+0000][161][gc,heap     ] GC(4) Humongous regions: 0->0
[2022-05-10T02:26:37.562+0000][161][gc,metaspace] GC(4) Metaspace: 18756K(19136K)->18756K(19136K) NonClass: 16480K(16704K)->16480K(16704K) Class: 2275K(2432K)->2275K(2432K)
[2022-05-10T02:26:37.563+0000][161][gc          ] GC(4) Pause Young (Normal) (G1 Evacuation Pause) 309M->19M(512M) 22.559ms
[2022-05-10T02:26:37.564+0000][161][gc,cpu      ] GC(4) User=0.04s Sys=0.01s Real=0.02s
[2022-05-10T02:26:37.565+0000][161][safepoint   ] Safepoint "G1CollectForAllocation", Time since last: 156283875 ns, Reaching safepoint: 159583 ns, At safepoint: 24753834 ns, Total: 24913417 ns
[2022-05-10T02:26:37.813+0000][161][gc,start    ] GC(5) Pause Young (Normal) (G1 Evacuation Pause)
[2022-05-10T02:26:37.815+0000][161][gc,task     ] GC(5) Using 5 workers of 5 for evacuation
[2022-05-10T02:26:37.816+0000][161][gc,age      ] GC(5) Desired survivor size 20971520 bytes, new threshold 15 (max threshold 15)
[2022-05-10T02:26:37.821+0000][161][gc,age      ] GC(5) Age table with threshold 15 (max threshold 15)
[2022-05-10T02:26:37.822+0000][161][gc,age      ] GC(5) - age   1:    1342432 bytes,    1342432 total
[2022-05-10T02:26:37.823+0000][161][gc,age      ] GC(5) - age   2:    5114288 bytes,    6456720 total
[2022-05-10T02:26:37.824+0000][161][gc,age      ] GC(5) - age   3:    2241128 bytes,    8697848 total
[2022-05-10T02:26:37.825+0000][161][gc,age      ] GC(5) - age   4:     893928 bytes,    9591776 total
[2022-05-10T02:26:37.825+0000][161][gc,age      ] GC(5) - age   5:    1920392 bytes,   11512168 total
[2022-05-10T02:26:37.826+0000][161][gc,phases   ] GC(5)   Pre Evacuate Collection Set: 0.2ms
[2022-05-10T02:26:37.827+0000][161][gc,phases   ] GC(5)   Merge Heap Roots: 0.2ms
[2022-05-10T02:26:37.828+0000][161][gc,phases   ] GC(5)   Evacuate Collection Set: 2.5ms
[2022-05-10T02:26:37.828+0000][161][gc,phases   ] GC(5)   Post Evacuate Collection Set: 0.8ms
[2022-05-10T02:26:37.830+0000][161][gc,phases   ] GC(5)   Other: 9.9ms
[2022-05-10T02:26:37.831+0000][161][gc,heap     ] GC(5) Eden regions: 73->0(73)
[2022-05-10T02:26:37.833+0000][161][gc,heap     ] GC(5) Survivor regions: 3->3(10)
[2022-05-10T02:26:37.834+0000][161][gc,heap     ] GC(5) Old regions: 2->2
[2022-05-10T02:26:37.835+0000][161][gc,heap     ] GC(5) Archive regions: 2->2
[2022-05-10T02:26:37.835+0000][161][gc,heap     ] GC(5) Humongous regions: 0->0
[2022-05-10T02:26:37.837+0000][161][gc,metaspace] GC(5) Metaspace: 19654K(20160K)->19654K(20160K) NonClass: 17244K(17536K)->17244K(17536K) Class: 2410K(2624K)->2410K(2624K)
[2022-05-10T02:26:37.838+0000][161][gc          ] GC(5) Pause Young (Normal) (G1 Evacuation Pause) 311M->19M(512M) 25.048ms
[2022-05-10T02:26:37.838+0000][161][gc,cpu      ] GC(5) User=0.01s Sys=0.01s Real=0.03s
[2022-05-10T02:26:37.839+0000][161][safepoint   ] Safepoint "G1CollectForAllocation", Time since last: 247364750 ns, Reaching safepoint: 221250 ns, At safepoint: 26457208 ns, Total: 26678458 ns
[2022-05-10T02:26:38.051+0000][161][safepoint   ] Safepoint "ICBufferFull", Time since last: 212019584 ns, Reaching safepoint: 159666 ns, At safepoint: 4375 ns, Total: 164041 ns
[2022-05-10T02:26:38.079+0000][161][gc,start    ] GC(6) Pause Young (Normal) (G1 Evacuation Pause)
[2022-05-10T02:26:38.080+0000][161][gc,task     ] GC(6) Using 5 workers of 5 for evacuation
[2022-05-10T02:26:38.082+0000][161][gc,age      ] GC(6) Desired survivor size 20971520 bytes, new threshold 15 (max threshold 15)
[2022-05-10T02:26:38.087+0000][161][gc,age      ] GC(6) Age table with threshold 15 (max threshold 15)
[2022-05-10T02:26:38.088+0000][161][gc,age      ] GC(6) - age   1:    3469304 bytes,    3469304 total
[2022-05-10T02:26:38.089+0000][161][gc,age      ] GC(6) - age   2:    1321584 bytes,    4790888 total
[2022-05-10T02:26:38.089+0000][161][gc,age      ] GC(6) - age   3:    5109192 bytes,    9900080 total
[2022-05-10T02:26:38.090+0000][161][gc,age      ] GC(6) - age   4:    2239704 bytes,   12139784 total
[2022-05-10T02:26:38.091+0000][161][gc,age      ] GC(6) - age   5:     893248 bytes,   13033032 total
[2022-05-10T02:26:38.092+0000][161][gc,age      ] GC(6) - age   6:    1920056 bytes,   14953088 total
[2022-05-10T02:26:38.092+0000][161][gc,phases   ] GC(6)   Pre Evacuate Collection Set: 0.4ms
[2022-05-10T02:26:38.093+0000][161][gc,phases   ] GC(6)   Merge Heap Roots: 0.1ms
[2022-05-10T02:26:38.094+0000][161][gc,phases   ] GC(6)   Evacuate Collection Set: 3.0ms
[2022-05-10T02:26:38.094+0000][161][gc,phases   ] GC(6)   Post Evacuate Collection Set: 0.8ms
[2022-05-10T02:26:38.095+0000][161][gc,phases   ] GC(6)   Other: 9.0ms
[2022-05-10T02:26:38.096+0000][161][gc,heap     ] GC(6) Eden regions: 73->0(72)
[2022-05-10T02:26:38.096+0000][161][gc,heap     ] GC(6) Survivor regions: 3->4(10)
[2022-05-10T02:26:38.098+0000][161][gc,heap     ] GC(6) Old regions: 2->2
[2022-05-10T02:26:38.098+0000][161][gc,heap     ] GC(6) Archive regions: 2->2
[2022-05-10T02:26:38.099+0000][161][gc,heap     ] GC(6) Humongous regions: 0->0
[2022-05-10T02:26:38.099+0000][161][gc,metaspace] GC(6) Metaspace: 20813K(21312K)->20813K(21312K) NonClass: 18246K(18560K)->18246K(18560K) Class: 2567K(2752K)->2567K(2752K)
[2022-05-10T02:26:38.100+0000][161][gc          ] GC(6) Pause Young (Normal) (G1 Evacuation Pause) 311M->23M(512M) 21.338ms
[2022-05-10T02:26:38.101+0000][161][gc,cpu      ] GC(6) User=0.02s Sys=0.00s Real=0.02s
[2022-05-10T02:26:38.102+0000][161][safepoint   ] Safepoint "G1CollectForAllocation", Time since last: 27801084 ns, Reaching safepoint: 47666 ns, At safepoint: 22776834 ns, Total: 22824500 ns
[2022-05-10T02:26:38.266+0000][161][safepoint   ] Safepoint "ICBufferFull", Time since last: 164214542 ns, Reaching safepoint: 122875 ns, At safepoint: 3166 ns, Total: 126041 ns
[2022-05-10T02:26:38.282+0000][161][gc,start    ] GC(7) Pause Young (Concurrent Start) (Metadata GC Threshold)
[2022-05-10T02:26:38.283+0000][161][gc,task     ] GC(7) Using 5 workers of 5 for evacuation
[2022-05-10T02:26:38.284+0000][161][gc,age      ] GC(7) Desired survivor size 20971520 bytes, new threshold 15 (max threshold 15)
[2022-05-10T02:26:38.294+0000][161][gc,age      ] GC(7) Age table with threshold 15 (max threshold 15)
[2022-05-10T02:26:38.296+0000][161][gc,age      ] GC(7) - age   1:     867520 bytes,     867520 total
[2022-05-10T02:26:38.297+0000][161][gc,age      ] GC(7) - age   2:    2171896 bytes,    3039416 total
[2022-05-10T02:26:38.298+0000][161][gc,age      ] GC(7) - age   3:    1321040 bytes,    4360456 total
[2022-05-10T02:26:38.299+0000][161][gc,age      ] GC(7) - age   4:    5108144 bytes,    9468600 total
[2022-05-10T02:26:38.300+0000][161][gc,age      ] GC(7) - age   5:    2239624 bytes,   11708224 total
[2022-05-10T02:26:38.301+0000][161][gc,age      ] GC(7) - age   6:     893248 bytes,   12601472 total
[2022-05-10T02:26:38.302+0000][161][gc,age      ] GC(7) - age   7:    1920056 bytes,   14521528 total
[2022-05-10T02:26:38.303+0000][161][gc,phases   ] GC(7)   Pre Evacuate Collection Set: 0.4ms
[2022-05-10T02:26:38.304+0000][161][gc,phases   ] GC(7)   Merge Heap Roots: 0.1ms
[2022-05-10T02:26:38.305+0000][161][gc,phases   ] GC(7)   Evacuate Collection Set: 5.6ms
[2022-05-10T02:26:38.306+0000][161][gc,phases   ] GC(7)   Post Evacuate Collection Set: 2.2ms
[2022-05-10T02:26:38.307+0000][161][gc,phases   ] GC(7)   Other: 12.5ms
[2022-05-10T02:26:38.309+0000][161][gc,heap     ] GC(7) Eden regions: 63->0(72)
[2022-05-10T02:26:38.310+0000][161][gc,heap     ] GC(7) Survivor regions: 4->4(10)
[2022-05-10T02:26:38.311+0000][161][gc,heap     ] GC(7) Old regions: 2->2
[2022-05-10T02:26:38.311+0000][161][gc,heap     ] GC(7) Archive regions: 2->2
[2022-05-10T02:26:38.312+0000][161][gc,heap     ] GC(7) Humongous regions: 0->0
[2022-05-10T02:26:38.313+0000][161][gc,metaspace] GC(7) Metaspace: 21003K(21504K)->21003K(21504K) NonClass: 18400K(18688K)->18400K(18688K) Class: 2603K(2816K)->2603K(2816K)
[2022-05-10T02:26:38.314+0000][161][gc          ] GC(7) Pause Young (Concurrent Start) (Metadata GC Threshold) 273M->22M(512M) 31.872ms
[2022-05-10T02:26:38.315+0000][161][gc,cpu      ] GC(7) User=0.02s Sys=0.01s Real=0.03s
[2022-05-10T02:26:38.315+0000][161][gc          ] GC(8) Concurrent Mark Cycle
[2022-05-10T02:26:38.316+0000][161][gc,marking  ] GC(8) Concurrent Clear Claimed Marks
[2022-05-10T02:26:38.316+0000][161][safepoint   ] Safepoint "CollectForMetadataAllocation", Time since last: 15477500 ns, Reaching safepoint: 132000 ns, At safepoint: 33842834 ns, Total: 33974834 ns
[2022-05-10T02:26:38.317+0000][161][gc,marking  ] GC(8) Concurrent Clear Claimed Marks 0.634ms
[2022-05-10T02:26:38.319+0000][161][gc,marking  ] GC(8) Concurrent Scan Root Regions
[2022-05-10T02:26:38.323+0000][161][gc,marking  ] GC(8) Concurrent Scan Root Regions 4.644ms
[2022-05-10T02:26:38.325+0000][161][gc,marking  ] GC(8) Concurrent Mark
[2022-05-10T02:26:38.326+0000][161][gc,marking  ] GC(8) Concurrent Mark From Roots
[2022-05-10T02:26:38.327+0000][161][gc,task     ] GC(8) Using 1 workers of 1 for marking
[2022-05-10T02:26:38.332+0000][161][gc,marking  ] GC(8) Concurrent Mark From Roots 6.382ms
[2022-05-10T02:26:38.333+0000][161][gc,marking  ] GC(8) Concurrent Preclean
[2022-05-10T02:26:38.334+0000][161][gc,marking  ] GC(8) Concurrent Preclean 1.201ms
[2022-05-10T02:26:38.336+0000][161][gc,start    ] GC(8) Pause Remark
[2022-05-10T02:26:38.339+0000][161][gc          ] GC(8) Pause Remark 24M->24M(512M) 3.193ms
[2022-05-10T02:26:38.340+0000][161][gc,cpu      ] GC(8) User=0.01s Sys=0.00s Real=0.01s
[2022-05-10T02:26:38.341+0000][161][safepoint   ] Safepoint "G1Concurrent", Time since last: 19578333 ns, Reaching safepoint: 669958 ns, At safepoint: 5029250 ns, Total: 5699208 ns
[2022-05-10T02:26:38.342+0000][161][gc,marking  ] GC(8) Concurrent Mark 16.948ms
[2022-05-10T02:26:38.342+0000][161][gc,marking  ] GC(8) Concurrent Rebuild Remembered Sets
[2022-05-10T02:26:38.345+0000][161][gc,marking  ] GC(8) Concurrent Rebuild Remembered Sets 2.469ms
[2022-05-10T02:26:38.346+0000][161][gc,start    ] GC(8) Pause Cleanup
[2022-05-10T02:26:38.347+0000][161][gc          ] GC(8) Pause Cleanup 24M->24M(512M) 1.087ms
[2022-05-10T02:26:38.348+0000][161][gc,cpu      ] GC(8) User=0.00s Sys=0.00s Real=0.01s
[2022-05-10T02:26:38.349+0000][161][safepoint   ] Safepoint "G1Concurrent", Time since last: 4999625 ns, Reaching safepoint: 135167 ns, At safepoint: 3027625 ns, Total: 3162792 ns
[2022-05-10T02:26:38.350+0000][161][gc,marking  ] GC(8) Concurrent Cleanup for Next Mark
[2022-05-10T02:26:38.351+0000][161][gc,marking  ] GC(8) Concurrent Cleanup for Next Mark 0.898ms
[2022-05-10T02:26:38.351+0000][161][gc          ] GC(8) Concurrent Mark Cycle 35.538ms
[2022-05-10T02:26:38.874+0000][161][safepoint   ] Safepoint "ICBufferFull", Time since last: 524680833 ns, Reaching safepoint: 255500 ns, At safepoint: 12959 ns, Total: 268459 ns
[2022-05-10T02:26:38.960+0000][161][safepoint   ] Safepoint "ICBufferFull", Time since last: 85638167 ns, Reaching safepoint: 171166 ns, At safepoint: 3334 ns, Total: 174500 ns
[2022-05-10T02:26:38.962+0000][161][safepoint   ] Safepoint "ICBufferFull", Time since last: 1767375 ns, Reaching safepoint: 86250 ns, At safepoint: 4375 ns, Total: 90625 ns
[2022-05-10T02:26:38.964+0000][161][safepoint   ] Safepoint "ICBufferFull", Time since last: 1685583 ns, Reaching safepoint: 302625 ns, At safepoint: 5708 ns, Total: 308333 ns
[2022-05-10T02:26:38.965+0000][161][safepoint   ] Safepoint "ICBufferFull", Time since last: 1384417 ns, Reaching safepoint: 33250 ns, At safepoint: 1792 ns, Total: 35042 ns
[2022-05-10T02:26:38.966+0000][161][safepoint   ] Safepoint "ICBufferFull", Time since last: 862083 ns, Reaching safepoint: 36875 ns, At safepoint: 1208 ns, Total: 38083 ns
[2022-05-10T02:26:38.967+0000][161][safepoint   ] Safepoint "ICBufferFull", Time since last: 1240167 ns, Reaching safepoint: 26458 ns, At safepoint: 24292 ns, Total: 50750 ns
[2022-05-10T02:26:38.968+0000][161][safepoint   ] Safepoint "ICBufferFull", Time since last: 1055583 ns, Reaching safepoint: 18500 ns, At safepoint: 959 ns, Total: 19459 ns
[2022-05-10T02:26:38.980+0000][161][safepoint   ] Safepoint "ICBufferFull", Time since last: 11773208 ns, Reaching safepoint: 104500 ns, At safepoint: 7208 ns, Total: 111708 ns
[2022-05-10T02:26:38.982+0000][161][safepoint   ] Safepoint "ICBufferFull", Time since last: 1955417 ns, Reaching safepoint: 133958 ns, At safepoint: 2375 ns, Total: 136333 ns
[2022-05-10T02:26:38.983+0000][161][safepoint   ] Safepoint "ICBufferFull", Time since last: 989584 ns, Reaching safepoint: 161166 ns, At safepoint: 2709 ns, Total: 163875 ns
[2022-05-10T02:26:38.985+0000][161][safepoint   ] Safepoint "ICBufferFull", Time since last: 1206875 ns, Reaching safepoint: 91041 ns, At safepoint: 4167 ns, Total: 95208 ns
[2022-05-10T02:26:38.997+0000][161][safepoint   ] Safepoint "ICBufferFull", Time since last: 12089875 ns, Reaching safepoint: 171208 ns, At safepoint: 3500 ns, Total: 174708 ns
[2022-05-10T02:26:39.002+0000][161][safepoint   ] Safepoint "ICBufferFull", Time since last: 4660959 ns, Reaching safepoint: 118416 ns, At safepoint: 10959 ns, Total: 129375 ns
[2022-05-10T02:26:39.005+0000][161][safepoint   ] Safepoint "ICBufferFull", Time since last: 2844583 ns, Reaching safepoint: 143500 ns, At safepoint: 2667 ns, Total: 146167 ns
[2022-05-10T02:26:39.006+0000][161][safepoint   ] Safepoint "ICBufferFull", Time since last: 1032333 ns, Reaching safepoint: 95333 ns, At safepoint: 3250 ns, Total: 98583 ns
[2022-05-10T02:26:39.010+0000][161][safepoint   ] Safepoint "ICBufferFull", Time since last: 3598084 ns, Reaching safepoint: 38208 ns, At safepoint: 1417 ns, Total: 39625 ns
[2022-05-10T02:26:39.015+0000][161][safepoint   ] Safepoint "ICBufferFull", Time since last: 5360625 ns, Reaching safepoint: 31750 ns, At safepoint: 1333 ns, Total: 33083 ns
[2022-05-10T02:26:39.188+0000][161][safepoint   ] Safepoint "ICBufferFull", Time since last: 172902708 ns, Reaching safepoint: 204209 ns, At safepoint: 3208 ns, Total: 207417 ns
[2022-05-10T02:26:39.424+0000][161][safepoint   ] Safepoint "ICBufferFull", Time since last: 236171125 ns, Reaching safepoint: 138875 ns, At safepoint: 11292 ns, Total: 150167 ns
[2022-05-10T02:26:39.635+0000][161][safepoint   ] Safepoint "ICBufferFull", Time since last: 209855166 ns, Reaching safepoint: 231209 ns, At safepoint: 9083 ns, Total: 240292 ns
[2022-05-10T02:26:39.812+0000][161][safepoint   ] Safepoint "ICBufferFull", Time since last: 177496000 ns, Reaching safepoint: 167792 ns, At safepoint: 2875 ns, Total: 170667 ns
[2022-05-10T02:26:39.930+0000][161][gc,start    ] GC(9) Pause Young (Concurrent Start) (Metadata GC Threshold)
[2022-05-10T02:26:39.931+0000][161][gc,task     ] GC(9) Using 5 workers of 5 for evacuation
[2022-05-10T02:26:39.932+0000][161][gc,age      ] GC(9) Desired survivor size 20971520 bytes, new threshold 15 (max threshold 15)
[2022-05-10T02:26:39.948+0000][161][gc,age      ] GC(9) Age table with threshold 15 (max threshold 15)
[2022-05-10T02:26:39.949+0000][161][gc,age      ] GC(9) - age   1:   27332736 bytes,   27332736 total
[2022-05-10T02:26:39.950+0000][161][gc,age      ] GC(9) - age   2:     839984 bytes,   28172720 total
[2022-05-10T02:26:39.951+0000][161][gc,age      ] GC(9) - age   3:    2139080 bytes,   30311800 total
[2022-05-10T02:26:39.952+0000][161][gc,age      ] GC(9) - age   4:    1305512 bytes,   31617312 total
[2022-05-10T02:26:39.953+0000][161][gc,age      ] GC(9) - age   5:    5067392 bytes,   36684704 total
[2022-05-10T02:26:39.953+0000][161][gc,age      ] GC(9) - age   6:    2162536 bytes,   38847240 total
[2022-05-10T02:26:39.954+0000][161][gc,age      ] GC(9) - age   7:     860792 bytes,   39708032 total
[2022-05-10T02:26:39.955+0000][161][gc,age      ] GC(9) - age   8:    1912896 bytes,   41620928 total
[2022-05-10T02:26:39.956+0000][161][gc,phases   ] GC(9)   Pre Evacuate Collection Set: 0.3ms
[2022-05-10T02:26:39.956+0000][161][gc,phases   ] GC(9)   Merge Heap Roots: 0.1ms
[2022-05-10T02:26:39.957+0000][161][gc,phases   ] GC(9)   Evacuate Collection Set: 13.0ms
[2022-05-10T02:26:39.957+0000][161][gc,phases   ] GC(9)   Post Evacuate Collection Set: 1.5ms
[2022-05-10T02:26:39.958+0000][161][gc,phases   ] GC(9)   Other: 10.9ms
[2022-05-10T02:26:39.958+0000][161][gc,heap     ] GC(9) Eden regions: 71->0(66)
[2022-05-10T02:26:39.959+0000][161][gc,heap     ] GC(9) Survivor regions: 4->10(10)
[2022-05-10T02:26:39.960+0000][161][gc,heap     ] GC(9) Old regions: 2->2
[2022-05-10T02:26:39.960+0000][161][gc,heap     ] GC(9) Archive regions: 2->2
[2022-05-10T02:26:39.961+0000][161][gc,heap     ] GC(9) Humongous regions: 0->0
[2022-05-10T02:26:39.962+0000][161][gc,metaspace] GC(9) Metaspace: 35180K(36096K)->35180K(36096K) NonClass: 30523K(31104K)->30523K(31104K) Class: 4656K(4992K)->4656K(4992K)
[2022-05-10T02:26:39.962+0000][161][gc          ] GC(9) Pause Young (Concurrent Start) (Metadata GC Threshold) 304M->48M(512M) 32.507ms
[2022-05-10T02:26:39.963+0000][161][gc,cpu      ] GC(9) User=0.07s Sys=0.00s Real=0.03s
[2022-05-10T02:26:39.964+0000][161][gc          ] GC(10) Concurrent Mark Cycle
[2022-05-10T02:26:39.965+0000][161][gc,marking  ] GC(10) Concurrent Clear Claimed Marks
[2022-05-10T02:26:39.964+0000][161][safepoint   ] Safepoint "CollectForMetadataAllocation", Time since last: 117405375 ns, Reaching safepoint: 163167 ns, At safepoint: 34594833 ns, Total: 34758000 ns
[2022-05-10T02:26:39.966+0000][161][gc,marking  ] GC(10) Concurrent Clear Claimed Marks 0.912ms
[2022-05-10T02:26:39.969+0000][161][gc,marking  ] GC(10) Concurrent Scan Root Regions
[2022-05-10T02:26:39.978+0000][161][safepoint   ] Safepoint "CollectForMetadataAllocation", Time since last: 13830250 ns, Reaching safepoint: 165875 ns, At safepoint: 40542 ns, Total: 206417 ns
[2022-05-10T02:26:39.986+0000][161][gc,marking  ] GC(10) Concurrent Scan Root Regions 17.201ms
[2022-05-10T02:26:39.987+0000][161][gc,marking  ] GC(10) Concurrent Mark
[2022-05-10T02:26:39.987+0000][161][gc,marking  ] GC(10) Concurrent Mark From Roots
[2022-05-10T02:26:39.988+0000][161][gc,task     ] GC(10) Using 1 workers of 1 for marking
[2022-05-10T02:26:39.992+0000][161][gc,marking  ] GC(10) Concurrent Mark From Roots 4.656ms
[2022-05-10T02:26:39.993+0000][161][gc,marking  ] GC(10) Concurrent Preclean
[2022-05-10T02:26:39.993+0000][161][safepoint   ] Safepoint "CollectForMetadataAllocation", Time since last: 13873958 ns, Reaching safepoint: 359000 ns, At safepoint: 38208 ns, Total: 397208 ns
[2022-05-10T02:26:39.994+0000][161][gc,marking  ] GC(10) Concurrent Preclean 1.130ms
[2022-05-10T02:26:39.998+0000][161][gc,start    ] GC(10) Pause Remark
[2022-05-10T02:26:40.001+0000][161][gc          ] GC(10) Pause Remark 52M->52M(512M) 3.579ms
[2022-05-10T02:26:40.002+0000][161][gc,cpu      ] GC(10) User=0.00s Sys=0.01s Real=0.00s
[2022-05-10T02:26:40.003+0000][161][safepoint   ] Safepoint "G1Concurrent", Time since last: 4427500 ns, Reaching safepoint: 350667 ns, At safepoint: 5644958 ns, Total: 5995625 ns
[2022-05-10T02:26:40.004+0000][161][gc,marking  ] GC(10) Concurrent Mark 17.269ms
[2022-05-10T02:26:40.004+0000][161][gc,marking  ] GC(10) Concurrent Rebuild Remembered Sets
[2022-05-10T02:26:40.007+0000][161][gc,marking  ] GC(10) Concurrent Rebuild Remembered Sets 2.827ms
[2022-05-10T02:26:40.008+0000][161][gc,start    ] GC(10) Pause Cleanup
[2022-05-10T02:26:40.009+0000][161][gc          ] GC(10) Pause Cleanup 52M->52M(512M) 0.804ms
[2022-05-10T02:26:40.010+0000][161][gc,cpu      ] GC(10) User=0.00s Sys=0.00s Real=0.00s
[2022-05-10T02:26:40.010+0000][161][safepoint   ] Safepoint "G1Concurrent", Time since last: 4807667 ns, Reaching safepoint: 332958 ns, At safepoint: 1970125 ns, Total: 2303083 ns
[2022-05-10T02:26:40.011+0000][161][gc,marking  ] GC(10) Concurrent Cleanup for Next Mark
[2022-05-10T02:26:40.012+0000][161][gc,marking  ] GC(10) Concurrent Cleanup for Next Mark 1.235ms
[2022-05-10T02:26:40.013+0000][161][gc          ] GC(10) Concurrent Mark Cycle 48.424ms
[2022-05-10T02:26:40.311+0000][161][safepoint   ] Safepoint "ICBufferFull", Time since last: 300398625 ns, Reaching safepoint: 225709 ns, At safepoint: 13125 ns, Total: 238834 ns
[2022-05-10T02:26:40.605+0000][161][safepoint   ] Safepoint "ICBufferFull", Time since last: 293603167 ns, Reaching safepoint: 277666 ns, At safepoint: 16709 ns, Total: 294375 ns
[2022-05-10T02:26:40.766+0000][161][safepoint   ] Safepoint "ICBufferFull", Time since last: 160557291 ns, Reaching safepoint: 236000 ns, At safepoint: 7584 ns, Total: 243584 ns
[2022-05-10T02:26:40.835+0000][161][gc,start    ] GC(11) Pause Young (Concurrent Start) (G1 Evacuation Pause)
[2022-05-10T02:26:40.836+0000][161][gc,task     ] GC(11) Using 5 workers of 5 for evacuation
[2022-05-10T02:26:40.837+0000][161][gc,age      ] GC(11) Desired survivor size 20971520 bytes, new threshold 1 (max threshold 15)
[2022-05-10T02:26:40.862+0000][161][gc,age      ] GC(11) Age table with threshold 1 (max threshold 15)
[2022-05-10T02:26:40.863+0000][161][gc,age      ] GC(11) - age   1:    6108120 bytes,    6108120 total
[2022-05-10T02:26:40.864+0000][161][gc,phases   ] GC(11)   Pre Evacuate Collection Set: 0.5ms
[2022-05-10T02:26:40.865+0000][161][gc,phases   ] GC(11)   Merge Heap Roots: 0.1ms
[2022-05-10T02:26:40.866+0000][161][gc,phases   ] GC(11)   Evacuate Collection Set: 21.5ms
[2022-05-10T02:26:40.867+0000][161][gc,phases   ] GC(11)   Post Evacuate Collection Set: 1.4ms
[2022-05-10T02:26:40.867+0000][161][gc,phases   ] GC(11)   Other: 5.6ms
[2022-05-10T02:26:40.868+0000][161][gc,heap     ] GC(11) Eden regions: 66->0(73)
[2022-05-10T02:26:40.868+0000][161][gc,heap     ] GC(11) Survivor regions: 10->3(10)
[2022-05-10T02:26:40.869+0000][161][gc,heap     ] GC(11) Old regions: 2->11
[2022-05-10T02:26:40.870+0000][161][gc,heap     ] GC(11) Archive regions: 2->2
[2022-05-10T02:26:40.871+0000][161][gc,heap     ] GC(11) Humongous regions: 0->0
[2022-05-10T02:26:40.871+0000][161][gc,metaspace] GC(11) Metaspace: 52222K(53440K)->52222K(53440K) NonClass: 45143K(45888K)->45143K(45888K) Class: 7079K(7552K)->7079K(7552K)
[2022-05-10T02:26:40.872+0000][161][gc          ] GC(11) Pause Young (Concurrent Start) (G1 Evacuation Pause) 312M->57M(512M) 37.258ms
[2022-05-10T02:26:40.872+0000][161][gc,cpu      ] GC(11) User=0.13s Sys=0.01s Real=0.04s
[2022-05-10T02:26:40.873+0000][161][gc          ] GC(12) Concurrent Mark Cycle
[2022-05-10T02:26:40.874+0000][161][gc,marking  ] GC(12) Concurrent Clear Claimed Marks
[2022-05-10T02:26:40.873+0000][161][safepoint   ] Safepoint "G1CollectForAllocation", Time since last: 69001208 ns, Reaching safepoint: 159125 ns, At safepoint: 38431500 ns, Total: 38590625 ns
[2022-05-10T02:26:40.874+0000][161][gc,marking  ] GC(12) Concurrent Clear Claimed Marks 0.522ms
[2022-05-10T02:26:40.877+0000][161][gc,marking  ] GC(12) Concurrent Scan Root Regions
[2022-05-10T02:26:40.900+0000][161][gc,marking  ] GC(12) Concurrent Scan Root Regions 23.520ms
[2022-05-10T02:26:40.901+0000][161][gc,marking  ] GC(12) Concurrent Mark
[2022-05-10T02:26:40.902+0000][161][gc,marking  ] GC(12) Concurrent Mark From Roots
[2022-05-10T02:26:40.903+0000][161][gc,task     ] GC(12) Using 1 workers of 1 for marking
[2022-05-10T02:26:40.908+0000][161][gc,marking  ] GC(12) Concurrent Mark From Roots 5.946ms
[2022-05-10T02:26:40.909+0000][161][gc,marking  ] GC(12) Concurrent Preclean
[2022-05-10T02:26:40.909+0000][161][gc,marking  ] GC(12) Concurrent Preclean 0.644ms
[2022-05-10T02:26:40.910+0000][161][gc,start    ] GC(12) Pause Remark
[2022-05-10T02:26:40.915+0000][161][gc          ] GC(12) Pause Remark 81M->81M(512M) 5.085ms
[2022-05-10T02:26:40.916+0000][161][gc,cpu      ] GC(12) User=0.01s Sys=0.00s Real=0.00s
[2022-05-10T02:26:40.917+0000][161][safepoint   ] Safepoint "G1Concurrent", Time since last: 36849333 ns, Reaching safepoint: 433667 ns, At safepoint: 6610375 ns, Total: 7044042 ns
[2022-05-10T02:26:40.918+0000][161][gc,marking  ] GC(12) Concurrent Mark 16.465ms
[2022-05-10T02:26:40.918+0000][161][gc,marking  ] GC(12) Concurrent Rebuild Remembered Sets
[2022-05-10T02:26:40.919+0000][161][gc,marking  ] GC(12) Concurrent Rebuild Remembered Sets 0.625ms
[2022-05-10T02:26:40.920+0000][161][gc,start    ] GC(12) Pause Cleanup
[2022-05-10T02:26:40.920+0000][161][gc          ] GC(12) Pause Cleanup 83M->83M(512M) 0.576ms
[2022-05-10T02:26:40.921+0000][161][gc,cpu      ] GC(12) User=0.00s Sys=0.00s Real=0.00s
[2022-05-10T02:26:40.921+0000][161][safepoint   ] Safepoint "G1Concurrent", Time since last: 2363500 ns, Reaching safepoint: 245667 ns, At safepoint: 1727791 ns, Total: 1973458 ns
[2022-05-10T02:26:40.922+0000][161][gc,marking  ] GC(12) Concurrent Cleanup for Next Mark
[2022-05-10T02:26:40.922+0000][161][gc,marking  ] GC(12) Concurrent Cleanup for Next Mark 0.653ms
[2022-05-10T02:26:40.924+0000][161][gc          ] GC(12) Concurrent Mark Cycle 50.587ms
[2022-05-10T02:26:41.122+0000][161][safepoint   ] Safepoint "ICBufferFull", Time since last: 200058126 ns, Reaching safepoint: 240916 ns, At safepoint: 9000 ns, Total: 249916 ns
[2022-05-10T02:26:41.323+0000][161][safepoint   ] Safepoint "ICBufferFull", Time since last: 200583542 ns, Reaching safepoint: 529917 ns, At safepoint: 10875 ns, Total: 540792 ns
[2022-05-10T02:26:41.705+0000][161][safepoint   ] Safepoint "ICBufferFull", Time since last: 382221916 ns, Reaching safepoint: 236250 ns, At safepoint: 3125 ns, Total: 239375 ns
[2022-05-10T02:26:41.872+0000][161][safepoint   ] Safepoint "ICBufferFull", Time since last: 166071376 ns, Reaching safepoint: 192000 ns, At safepoint: 3125 ns, Total: 195125 ns
[2022-05-10T02:26:42.204+0000][161][safepoint   ] Safepoint "ICBufferFull", Time since last: 332612125 ns, Reaching safepoint: 128833 ns, At safepoint: 3083 ns, Total: 131916 ns
[2022-05-10T02:26:42.447+0000][161][safepoint   ] Safepoint "ICBufferFull", Time since last: 242195084 ns, Reaching safepoint: 275291 ns, At safepoint: 13209 ns, Total: 288500 ns
[2022-05-10T02:26:42.471+0000][161][gc,start    ] GC(13) Pause Young (Normal) (G1 Evacuation Pause)
[2022-05-10T02:26:42.472+0000][161][gc,task     ] GC(13) Using 5 workers of 5 for evacuation
[2022-05-10T02:26:42.473+0000][161][gc,age      ] GC(13) Desired survivor size 20971520 bytes, new threshold 15 (max threshold 15)
[2022-05-10T02:26:42.486+0000][161][gc,age      ] GC(13) Age table with threshold 15 (max threshold 15)
[2022-05-10T02:26:42.487+0000][161][gc,age      ] GC(13) - age   1:   13768512 bytes,   13768512 total
[2022-05-10T02:26:42.488+0000][161][gc,age      ] GC(13) - age   2:    5892632 bytes,   19661144 total
[2022-05-10T02:26:42.489+0000][161][gc,phases   ] GC(13)   Pre Evacuate Collection Set: 0.2ms
[2022-05-10T02:26:42.490+0000][161][gc,phases   ] GC(13)   Merge Heap Roots: 0.2ms
[2022-05-10T02:26:42.491+0000][161][gc,phases   ] GC(13)   Evacuate Collection Set: 9.4ms
[2022-05-10T02:26:42.491+0000][161][gc,phases   ] GC(13)   Post Evacuate Collection Set: 1.8ms
[2022-05-10T02:26:42.492+0000][161][gc,phases   ] GC(13)   Other: 6.1ms
[2022-05-10T02:26:42.492+0000][161][gc,heap     ] GC(13) Eden regions: 73->0(71)
[2022-05-10T02:26:42.493+0000][161][gc,heap     ] GC(13) Survivor regions: 3->5(10)
[2022-05-10T02:26:42.494+0000][161][gc,heap     ] GC(13) Old regions: 11->11
[2022-05-10T02:26:42.494+0000][161][gc,heap     ] GC(13) Archive regions: 2->2
[2022-05-10T02:26:42.495+0000][161][gc,heap     ] GC(13) Humongous regions: 0->0
[2022-05-10T02:26:42.495+0000][161][gc,metaspace] GC(13) Metaspace: 84709K(86208K)->84709K(86208K) NonClass: 72982K(73856K)->72982K(73856K) Class: 11726K(12352K)->11726K(12352K)
[2022-05-10T02:26:42.496+0000][161][gc          ] GC(13) Pause Young (Normal) (G1 Evacuation Pause) 349M->67M(512M) 25.172ms
[2022-05-10T02:26:42.497+0000][161][gc,cpu      ] GC(13) User=0.04s Sys=0.00s Real=0.02s
[2022-05-10T02:26:42.497+0000][161][safepoint   ] Safepoint "G1CollectForAllocation", Time since last: 23933708 ns, Reaching safepoint: 138125 ns, At safepoint: 26421209 ns, Total: 26559334 ns
[2022-05-10T02:26:42.570+0000][161][safepoint   ] Safepoint "ICBufferFull", Time since last: 72339458 ns, Reaching safepoint: 260792 ns, At safepoint: 7791 ns, Total: 268583 ns
[2022-05-10T02:26:42.601+0000][161][safepoint   ] Safepoint "ICBufferFull", Time since last: 31248625 ns, Reaching safepoint: 227042 ns, At safepoint: 21667 ns, Total: 248709 ns
[2022-05-10T02:26:42.646+0000][161][safepoint   ] Safepoint "ICBufferFull", Time since last: 44370166 ns, Reaching safepoint: 235042 ns, At safepoint: 8958 ns, Total: 244000 ns
[2022-05-10T02:26:42.687+0000][161][safepoint   ] Safepoint "ICBufferFull", Time since last: 40951584 ns, Reaching safepoint: 185916 ns, At safepoint: 10084 ns, Total: 196000 ns
[2022-05-10T02:26:43.047+0000][161][gc,start    ] GC(14) Pause Young (Concurrent Start) (Metadata GC Threshold)
[2022-05-10T02:26:43.048+0000][161][gc,task     ] GC(14) Using 5 workers of 5 for evacuation
[2022-05-10T02:26:43.049+0000][161][gc,age      ] GC(14) Desired survivor size 20971520 bytes, new threshold 15 (max threshold 15)
[2022-05-10T02:26:43.059+0000][161][gc,age      ] GC(14) Age table with threshold 15 (max threshold 15)
[2022-05-10T02:26:43.060+0000][161][gc,age      ] GC(14) - age   1:     909048 bytes,     909048 total
[2022-05-10T02:26:43.061+0000][161][gc,age      ] GC(14) - age   2:   13209136 bytes,   14118184 total
[2022-05-10T02:26:43.062+0000][161][gc,age      ] GC(14) - age   3:    5866384 bytes,   19984568 total
[2022-05-10T02:26:43.063+0000][161][gc,phases   ] GC(14)   Pre Evacuate Collection Set: 0.2ms
[2022-05-10T02:26:43.064+0000][161][gc,phases   ] GC(14)   Merge Heap Roots: 0.0ms
[2022-05-10T02:26:43.064+0000][161][gc,phases   ] GC(14)   Evacuate Collection Set: 8.0ms
[2022-05-10T02:26:43.065+0000][161][gc,phases   ] GC(14)   Post Evacuate Collection Set: 1.1ms
[2022-05-10T02:26:43.065+0000][161][gc,phases   ] GC(14)   Other: 6.6ms
[2022-05-10T02:26:43.066+0000][161][gc,heap     ] GC(14) Eden regions: 9->0(70)
[2022-05-10T02:26:43.066+0000][161][gc,heap     ] GC(14) Survivor regions: 5->6(10)
[2022-05-10T02:26:43.067+0000][161][gc,heap     ] GC(14) Old regions: 11->11
[2022-05-10T02:26:43.067+0000][161][gc,heap     ] GC(14) Archive regions: 2->2
[2022-05-10T02:26:43.068+0000][161][gc,heap     ] GC(14) Humongous regions: 0->0
[2022-05-10T02:26:43.068+0000][161][gc,metaspace] GC(14) Metaspace: 87521K(89088K)->87521K(89088K) NonClass: 75377K(76288K)->75377K(76288K) Class: 12143K(12800K)->12143K(12800K)
[2022-05-10T02:26:43.069+0000][161][gc          ] GC(14) Pause Young (Concurrent Start) (Metadata GC Threshold) 102M->69M(512M) 22.189ms
[2022-05-10T02:26:43.069+0000][161][gc,cpu      ] GC(14) User=0.03s Sys=0.00s Real=0.03s
[2022-05-10T02:26:43.070+0000][161][gc          ] GC(15) Concurrent Mark Cycle
[2022-05-10T02:26:43.072+0000][161][gc,marking  ] GC(15) Concurrent Clear Claimed Marks
[2022-05-10T02:26:43.070+0000][161][safepoint   ] Safepoint "CollectForMetadataAllocation", Time since last: 359458458 ns, Reaching safepoint: 134167 ns, At safepoint: 23289458 ns, Total: 23423625 ns
[2022-05-10T02:26:43.072+0000][161][gc,marking  ] GC(15) Concurrent Clear Claimed Marks 0.722ms
[2022-05-10T02:26:43.073+0000][161][gc,marking  ] GC(15) Concurrent Scan Root Regions
[2022-05-10T02:26:43.084+0000][161][gc,marking  ] GC(15) Concurrent Scan Root Regions 10.754ms
[2022-05-10T02:26:43.085+0000][161][gc,marking  ] GC(15) Concurrent Mark
[2022-05-10T02:26:43.086+0000][161][gc,marking  ] GC(15) Concurrent Mark From Roots
[2022-05-10T02:26:43.087+0000][161][gc,task     ] GC(15) Using 1 workers of 1 for marking
[2022-05-10T02:26:43.099+0000][161][safepoint   ] Safepoint "CollectForMetadataAllocation", Time since last: 29144708 ns, Reaching safepoint: 147875 ns, At safepoint: 50875 ns, Total: 198750 ns
[2022-05-10T02:26:43.124+0000][161][gc,marking  ] GC(15) Concurrent Mark From Roots 38.200ms
[2022-05-10T02:26:43.125+0000][161][gc,marking  ] GC(15) Concurrent Preclean
[2022-05-10T02:26:43.127+0000][161][gc,marking  ] GC(15) Concurrent Preclean 1.603ms
[2022-05-10T02:26:43.128+0000][161][gc,start    ] GC(15) Pause Remark
[2022-05-10T02:26:43.131+0000][161][gc          ] GC(15) Pause Remark 74M->74M(512M) 3.344ms
[2022-05-10T02:26:43.132+0000][161][gc,cpu      ] GC(15) User=0.01s Sys=0.00s Real=0.00s
[2022-05-10T02:26:43.133+0000][161][safepoint   ] Safepoint "G1Concurrent", Time since last: 28334459 ns, Reaching safepoint: 244541 ns, At safepoint: 4711000 ns, Total: 4955541 ns
[2022-05-10T02:26:43.134+0000][161][gc,marking  ] GC(15) Concurrent Mark 48.802ms
[2022-05-10T02:26:43.135+0000][161][gc,marking  ] GC(15) Concurrent Rebuild Remembered Sets
[2022-05-10T02:26:43.136+0000][161][gc,marking  ] GC(15) Concurrent Rebuild Remembered Sets 0.929ms
[2022-05-10T02:26:43.138+0000][161][gc,start    ] GC(15) Pause Cleanup
[2022-05-10T02:26:43.139+0000][161][gc          ] GC(15) Pause Cleanup 74M->74M(512M) 1.006ms
[2022-05-10T02:26:43.139+0000][161][gc,cpu      ] GC(15) User=0.00s Sys=0.00s Real=0.00s
[2022-05-10T02:26:43.140+0000][161][safepoint   ] Safepoint "G1Concurrent", Time since last: 4657125 ns, Reaching safepoint: 315667 ns, At safepoint: 2295667 ns, Total: 2611334 ns
[2022-05-10T02:26:43.141+0000][161][gc,marking  ] GC(15) Concurrent Cleanup for Next Mark
[2022-05-10T02:26:43.142+0000][161][gc,marking  ] GC(15) Concurrent Cleanup for Next Mark 0.964ms
[2022-05-10T02:26:43.143+0000][161][gc          ] GC(15) Concurrent Mark Cycle 72.627ms
[2022-05-10T02:26:43.551+0000][161][safepoint   ] Safepoint "ICBufferFull", Time since last: 410637875 ns, Reaching safepoint: 191833 ns, At safepoint: 3750 ns, Total: 195583 ns
[2022-05-10T02:26:43.662+0000][161][safepoint   ] Safepoint "ICBufferFull", Time since last: 111284125 ns, Reaching safepoint: 196584 ns, At safepoint: 8750 ns, Total: 205334 ns
[2022-05-10T02:26:44.068+0000][161][safepoint   ] Safepoint "ICBufferFull", Time since last: 405882000 ns, Reaching safepoint: 120792 ns, At safepoint: 3125 ns, Total: 123917 ns
[2022-05-10T02:26:44.235+0000][161][safepoint   ] Safepoint "ICBufferFull", Time since last: 166596458 ns, Reaching safepoint: 517125 ns, At safepoint: 34250 ns, Total: 551375 ns
[2022-05-10T02:26:44.498+0000][161][safepoint   ] Safepoint "ICBufferFull", Time since last: 262641042 ns, Reaching safepoint: 168916 ns, At safepoint: 34500 ns, Total: 203416 ns
[2022-05-10T02:26:44.730+0000][161][safepoint   ] Safepoint "ICBufferFull", Time since last: 231503126 ns, Reaching safepoint: 235916 ns, At safepoint: 23334 ns, Total: 259250 ns
[2022-05-10T02:26:44.988+0000][161][safepoint   ] Safepoint "ICBufferFull", Time since last: 257832625 ns, Reaching safepoint: 276333 ns, At safepoint: 71875 ns, Total: 348208 ns
[2022-05-10T02:26:45.287+0000][161][safepoint   ] Safepoint "ICBufferFull", Time since last: 298729084 ns, Reaching safepoint: 177666 ns, At safepoint: 9000 ns, Total: 186666 ns
[2022-05-10T02:26:45.338+0000][161][gc,start    ] GC(16) Pause Young (Concurrent Start) (G1 Evacuation Pause)
[2022-05-10T02:26:45.339+0000][161][gc,task     ] GC(16) Using 5 workers of 5 for evacuation
[2022-05-10T02:26:45.340+0000][161][gc,age      ] GC(16) Desired survivor size 20971520 bytes, new threshold 15 (max threshold 15)
[2022-05-10T02:26:45.352+0000][161][gc,age      ] GC(16) Age table with threshold 15 (max threshold 15)
[2022-05-10T02:26:45.354+0000][161][gc,age      ] GC(16) - age   1:    8615760 bytes,    8615760 total
[2022-05-10T02:26:45.355+0000][161][gc,age      ] GC(16) - age   2:     730600 bytes,    9346360 total
[2022-05-10T02:26:45.355+0000][161][gc,age      ] GC(16) - age   3:   13084376 bytes,   22430736 total
[2022-05-10T02:26:45.356+0000][161][gc,age      ] GC(16) - age   4:    5769736 bytes,   28200472 total
[2022-05-10T02:26:45.357+0000][161][gc,phases   ] GC(16)   Pre Evacuate Collection Set: 0.5ms
[2022-05-10T02:26:45.358+0000][161][gc,phases   ] GC(16)   Merge Heap Roots: 0.1ms
[2022-05-10T02:26:45.358+0000][161][gc,phases   ] GC(16)   Evacuate Collection Set: 9.1ms
[2022-05-10T02:26:45.359+0000][161][gc,phases   ] GC(16)   Post Evacuate Collection Set: 1.5ms
[2022-05-10T02:26:45.360+0000][161][gc,phases   ] GC(16)   Other: 7.8ms
[2022-05-10T02:26:45.361+0000][161][gc,heap     ] GC(16) Eden regions: 70->0(69)
[2022-05-10T02:26:45.361+0000][161][gc,heap     ] GC(16) Survivor regions: 6->7(10)
[2022-05-10T02:26:45.363+0000][161][gc,heap     ] GC(16) Old regions: 11->11
[2022-05-10T02:26:45.363+0000][161][gc,heap     ] GC(16) Archive regions: 2->2
[2022-05-10T02:26:45.364+0000][161][gc,heap     ] GC(16) Humongous regions: 6->6
[2022-05-10T02:26:45.366+0000][161][gc,metaspace] GC(16) Metaspace: 97302K(98880K)->97302K(98880K) NonClass: 83707K(84672K)->83707K(84672K) Class: 13594K(14208K)->13594K(14208K)
[2022-05-10T02:26:45.367+0000][161][gc          ] GC(16) Pause Young (Concurrent Start) (G1 Evacuation Pause) 373M->99M(512M) 28.776ms
[2022-05-10T02:26:45.367+0000][161][gc,cpu      ] GC(16) User=0.05s Sys=0.01s Real=0.02s
[2022-05-10T02:26:45.368+0000][161][gc          ] GC(17) Concurrent Mark Cycle
[2022-05-10T02:26:45.369+0000][161][gc,marking  ] GC(17) Concurrent Clear Claimed Marks
[2022-05-10T02:26:45.369+0000][161][safepoint   ] Safepoint "G1CollectForAllocation", Time since last: 48571917 ns, Reaching safepoint: 2289333 ns, At safepoint: 30713792 ns, Total: 33003125 ns
[2022-05-10T02:26:45.370+0000][161][gc,marking  ] GC(17) Concurrent Clear Claimed Marks 0.697ms
[2022-05-10T02:26:45.371+0000][161][gc,marking  ] GC(17) Concurrent Scan Root Regions
[2022-05-10T02:26:45.386+0000][161][gc,marking  ] GC(17) Concurrent Scan Root Regions 15.570ms
[2022-05-10T02:26:45.391+0000][161][gc,marking  ] GC(17) Concurrent Mark
[2022-05-10T02:26:45.392+0000][161][gc,marking  ] GC(17) Concurrent Mark From Roots
[2022-05-10T02:26:45.393+0000][161][gc,task     ] GC(17) Using 1 workers of 1 for marking
[2022-05-10T02:26:45.400+0000][161][safepoint   ] Safepoint "ICBufferFull", Time since last: 30993417 ns, Reaching safepoint: 230625 ns, At safepoint: 61375 ns, Total: 292000 ns
[2022-05-10T02:26:45.434+0000][161][gc,marking  ] GC(17) Concurrent Mark From Roots 42.403ms
[2022-05-10T02:26:45.436+0000][161][gc,marking  ] GC(17) Concurrent Preclean
[2022-05-10T02:26:45.437+0000][161][gc,marking  ] GC(17) Concurrent Preclean 1.113ms
[2022-05-10T02:26:45.439+0000][161][gc,start    ] GC(17) Pause Remark
[2022-05-10T02:26:45.443+0000][161][gc          ] GC(17) Pause Remark 155M->155M(512M) 4.140ms
[2022-05-10T02:26:45.444+0000][161][gc,cpu      ] GC(17) User=0.01s Sys=0.00s Real=0.00s
[2022-05-10T02:26:45.445+0000][161][safepoint   ] Safepoint "G1Concurrent", Time since last: 38492875 ns, Reaching safepoint: 354750 ns, At safepoint: 5966041 ns, Total: 6320791 ns
[2022-05-10T02:26:45.446+0000][161][gc,marking  ] GC(17) Concurrent Mark 55.024ms
[2022-05-10T02:26:45.447+0000][161][gc,marking  ] GC(17) Concurrent Rebuild Remembered Sets
[2022-05-10T02:26:45.448+0000][161][gc,marking  ] GC(17) Concurrent Rebuild Remembered Sets 1.213ms
[2022-05-10T02:26:45.452+0000][161][gc,start    ] GC(17) Pause Cleanup
[2022-05-10T02:26:45.453+0000][161][gc          ] GC(17) Pause Cleanup 155M->155M(512M) 0.833ms
[2022-05-10T02:26:45.454+0000][161][gc,cpu      ] GC(17) User=0.00s Sys=0.00s Real=0.00s
[2022-05-10T02:26:45.454+0000][161][safepoint   ] Safepoint "G1Concurrent", Time since last: 7324834 ns, Reaching safepoint: 107458 ns, At safepoint: 2211458 ns, Total: 2318916 ns
[2022-05-10T02:26:45.455+0000][161][gc,marking  ] GC(17) Concurrent Cleanup for Next Mark
[2022-05-10T02:26:45.457+0000][161][gc,marking  ] GC(17) Concurrent Cleanup for Next Mark 1.764ms
[2022-05-10T02:26:45.459+0000][161][gc          ] GC(17) Concurrent Mark Cycle 90.408ms
[2022-05-10T02:26:45.742+0000][161][safepoint   ] Safepoint "ICBufferFull", Time since last: 287466667 ns, Reaching safepoint: 338667 ns, At safepoint: 55416 ns, Total: 394083 ns
[2022-05-10T02:26:46.172+0000][161][safepoint   ] Safepoint "ICBufferFull", Time since last: 429629751 ns, Reaching safepoint: 172416 ns, At safepoint: 73292 ns, Total: 245708 ns
[2022-05-10T02:26:46.787+0000][161][safepoint   ] Safepoint "ICBufferFull", Time since last: 614763417 ns, Reaching safepoint: 281833 ns, At safepoint: 5584 ns, Total: 287417 ns
[2022-05-10T02:26:47.303+0000][161][safepoint   ] Safepoint "ICBufferFull", Time since last: 515543583 ns, Reaching safepoint: 109542 ns, At safepoint: 55791 ns, Total: 165333 ns
[2022-05-10T02:26:47.373+0000][161][gc,start    ] GC(18) Pause Young (Normal) (G1 Evacuation Pause)
[2022-05-10T02:26:47.376+0000][161][gc,task     ] GC(18) Using 5 workers of 5 for evacuation
[2022-05-10T02:26:47.379+0000][161][gc,age      ] GC(18) Desired survivor size 20971520 bytes, new threshold 3 (max threshold 15)
[2022-05-10T02:26:47.394+0000][161][gc,age      ] GC(18) Age table with threshold 3 (max threshold 15)
[2022-05-10T02:26:47.395+0000][161][gc,age      ] GC(18) - age   1:    3213536 bytes,    3213536 total
[2022-05-10T02:26:47.397+0000][161][gc,age      ] GC(18) - age   2:    7484896 bytes,   10698432 total
[2022-05-10T02:26:47.398+0000][161][gc,age      ] GC(18) - age   3:     711520 bytes,   11409952 total
[2022-05-10T02:26:47.398+0000][161][gc,phases   ] GC(18)   Pre Evacuate Collection Set: 0.3ms
[2022-05-10T02:26:47.399+0000][161][gc,phases   ] GC(18)   Merge Heap Roots: 0.2ms
[2022-05-10T02:26:47.400+0000][161][gc,phases   ] GC(18)   Evacuate Collection Set: 10.9ms
[2022-05-10T02:26:47.401+0000][161][gc,phases   ] GC(18)   Post Evacuate Collection Set: 1.4ms
[2022-05-10T02:26:47.402+0000][161][gc,phases   ] GC(18)   Other: 12.5ms
[2022-05-10T02:26:47.403+0000][161][gc,heap     ] GC(18) Eden regions: 69->0(72)
[2022-05-10T02:26:47.404+0000][161][gc,heap     ] GC(18) Survivor regions: 7->4(10)
[2022-05-10T02:26:47.404+0000][161][gc,heap     ] GC(18) Old regions: 11->16
[2022-05-10T02:26:47.405+0000][161][gc,heap     ] GC(18) Archive regions: 2->2
[2022-05-10T02:26:47.406+0000][161][gc,heap     ] GC(18) Humongous regions: 6->6
[2022-05-10T02:26:47.406+0000][161][gc,metaspace] GC(18) Metaspace: 98811K(100352K)->98811K(100352K) NonClass: 84966K(85888K)->84966K(85888K) Class: 13844K(14464K)->13844K(14464K)
[2022-05-10T02:26:47.407+0000][161][gc          ] GC(18) Pause Young (Normal) (G1 Evacuation Pause) 375M->102M(512M) 34.143ms
[2022-05-10T02:26:47.408+0000][161][gc,cpu      ] GC(18) User=0.04s Sys=0.01s Real=0.04s
[2022-05-10T02:26:47.411+0000][161][safepoint   ] Safepoint "G1CollectForAllocation", Time since last: 70083292 ns, Reaching safepoint: 225292 ns, At safepoint: 37443667 ns, Total: 37668959 ns
[2022-05-10T02:26:47.962+0000][161][safepoint   ] Safepoint "ICBufferFull", Time since last: 547656541 ns, Reaching safepoint: 3618084 ns, At safepoint: 98958 ns, Total: 3717042 ns
[2022-05-10T02:26:48.021+0000][161][safepoint   ] Safepoint "ICBufferFull", Time since last: 57686625 ns, Reaching safepoint: 727792 ns, At safepoint: 97000 ns, Total: 824792 ns
[2022-05-10T02:26:48.156+0000][161][safepoint   ] Safepoint "ICBufferFull", Time since last: 134604208 ns, Reaching safepoint: 245000 ns, At safepoint: 191292 ns, Total: 436292 ns
[2022-05-10T02:26:48.315+0000][161][safepoint   ] Safepoint "ICBufferFull", Time since last: 158709458 ns, Reaching safepoint: 556875 ns, At safepoint: 18959 ns, Total: 575834 ns
[2022-05-10T02:26:48.701+0000][161][safepoint   ] Safepoint "ICBufferFull", Time since last: 385919833 ns, Reaching safepoint: 413042 ns, At safepoint: 72916 ns, Total: 485958 ns
[2022-05-10T02:26:48.788+0000][161][safepoint   ] Safepoint "ICBufferFull", Time since last: 85702917 ns, Reaching safepoint: 1085750 ns, At safepoint: 18042 ns, Total: 1103792 ns
[2022-05-10T02:26:48.917+0000][161][safepoint   ] Safepoint "ICBufferFull", Time since last: 128216375 ns, Reaching safepoint: 531500 ns, At safepoint: 12250 ns, Total: 543750 ns
[2022-05-10T02:26:49.337+0000][161][safepoint   ] Safepoint "ICBufferFull", Time since last: 419559125 ns, Reaching safepoint: 555250 ns, At safepoint: 6792 ns, Total: 562042 ns
[2022-05-10T02:26:49.555+0000][161][safepoint   ] Safepoint "ICBufferFull", Time since last: 217525958 ns, Reaching safepoint: 271667 ns, At safepoint: 24750 ns, Total: 296417 ns
[2022-05-10T02:26:49.833+0000][161][safepoint   ] Safepoint "ICBufferFull", Time since last: 277893917 ns, Reaching safepoint: 164125 ns, At safepoint: 4291 ns, Total: 168416 ns
[2022-05-10T02:26:49.930+0000][161][gc,start    ] GC(19) Pause Young (Normal) (G1 Evacuation Pause)
[2022-05-10T02:26:49.932+0000][161][gc,task     ] GC(19) Using 5 workers of 5 for evacuation
[2022-05-10T02:26:49.932+0000][161][gc,age      ] GC(19) Desired survivor size 20971520 bytes, new threshold 15 (max threshold 15)
[2022-05-10T02:26:49.941+0000][161][gc,age      ] GC(19) Age table with threshold 15 (max threshold 15)
[2022-05-10T02:26:49.942+0000][161][gc,age      ] GC(19) - age   1:   15777944 bytes,   15777944 total
[2022-05-10T02:26:49.943+0000][161][gc,age      ] GC(19) - age   2:    1916120 bytes,   17694064 total
[2022-05-10T02:26:49.944+0000][161][gc,age      ] GC(19) - age   3:    7479496 bytes,   25173560 total
[2022-05-10T02:26:49.944+0000][161][gc,age      ] GC(19) - age   4:     706256 bytes,   25879816 total
[2022-05-10T02:26:49.945+0000][161][gc,phases   ] GC(19)   Pre Evacuate Collection Set: 0.0ms
[2022-05-10T02:26:49.946+0000][161][gc,phases   ] GC(19)   Merge Heap Roots: 0.3ms
[2022-05-10T02:26:49.946+0000][161][gc,phases   ] GC(19)   Evacuate Collection Set: 5.9ms
[2022-05-10T02:26:49.947+0000][161][gc,phases   ] GC(19)   Post Evacuate Collection Set: 1.1ms
[2022-05-10T02:26:49.947+0000][161][gc,phases   ] GC(19)   Other: 7.4ms
[2022-05-10T02:26:49.948+0000][161][gc,heap     ] GC(19) Eden regions: 72->0(68)
[2022-05-10T02:26:49.949+0000][161][gc,heap     ] GC(19) Survivor regions: 4->7(10)
[2022-05-10T02:26:49.949+0000][161][gc,heap     ] GC(19) Old regions: 16->16
[2022-05-10T02:26:49.950+0000][161][gc,heap     ] GC(19) Archive regions: 2->2
[2022-05-10T02:26:49.951+0000][161][gc,heap     ] GC(19) Humongous regions: 6->6
[2022-05-10T02:26:49.952+0000][161][gc,metaspace] GC(19) Metaspace: 100806K(102336K)->100806K(102336K) NonClass: 86826K(87744K)->86826K(87744K) Class: 13980K(14592K)->13980K(14592K)
[2022-05-10T02:26:49.952+0000][161][gc          ] GC(19) Pause Young (Normal) (G1 Evacuation Pause) 390M->116M(512M) 22.135ms
[2022-05-10T02:26:49.953+0000][161][gc,cpu      ] GC(19) User=0.02s Sys=0.01s Real=0.02s
[2022-05-10T02:26:49.954+0000][161][safepoint   ] Safepoint "G1CollectForAllocation", Time since last: 97338667 ns, Reaching safepoint: 139875 ns, At safepoint: 23943042 ns, Total: 24082917 ns
[2022-05-10T02:26:50.106+0000][161][safepoint   ] Safepoint "ICBufferFull", Time since last: 151122416 ns, Reaching safepoint: 250250 ns, At safepoint: 23084 ns, Total: 273334 ns
[2022-05-10T02:26:50.363+0000][161][safepoint   ] Safepoint "ICBufferFull", Time since last: 257394292 ns, Reaching safepoint: 173708 ns, At safepoint: 14458 ns, Total: 188166 ns
[2022-05-10T02:26:51.186+0000][161][safepoint   ] Safepoint "ICBufferFull", Time since last: 822700417 ns, Reaching safepoint: 270042 ns, At safepoint: 4375 ns, Total: 274417 ns
[2022-05-10T02:26:51.593+0000][161][gc,start    ] GC(20) Pause Young (Normal) (G1 Evacuation Pause)
[2022-05-10T02:26:51.605+0000][161][gc,task     ] GC(20) Using 5 workers of 5 for evacuation
[2022-05-10T02:26:51.605+0000][161][gc,age      ] GC(20) Desired survivor size 20971520 bytes, new threshold 3 (max threshold 15)
[2022-05-10T02:26:51.614+0000][161][gc,age      ] GC(20) Age table with threshold 3 (max threshold 15)
[2022-05-10T02:26:51.615+0000][161][gc,age      ] GC(20) - age   1:   19726432 bytes,   19726432 total
[2022-05-10T02:26:51.616+0000][161][gc,age      ] GC(20) - age   2:    9999624 bytes,   29726056 total
[2022-05-10T02:26:51.616+0000][161][gc,age      ] GC(20) - age   3:    1915680 bytes,   31641736 total
[2022-05-10T02:26:51.617+0000][161][gc,phases   ] GC(20)   Pre Evacuate Collection Set: 0.1ms
[2022-05-10T02:26:51.618+0000][161][gc,phases   ] GC(20)   Merge Heap Roots: 0.2ms
[2022-05-10T02:26:51.619+0000][161][gc,phases   ] GC(20)   Evacuate Collection Set: 6.2ms
[2022-05-10T02:26:51.619+0000][161][gc,phases   ] GC(20)   Post Evacuate Collection Set: 0.9ms
[2022-05-10T02:26:51.620+0000][161][gc,phases   ] GC(20)   Other: 17.1ms
[2022-05-10T02:26:51.620+0000][161][gc,heap     ] GC(20) Eden regions: 68->0(61)
[2022-05-10T02:26:51.621+0000][161][gc,heap     ] GC(20) Survivor regions: 7->9(10)
[2022-05-10T02:26:51.622+0000][161][gc,heap     ] GC(20) Old regions: 16->18
[2022-05-10T02:26:51.622+0000][161][gc,heap     ] GC(20) Archive regions: 2->2
[2022-05-10T02:26:51.623+0000][161][gc,heap     ] GC(20) Humongous regions: 7->7
[2022-05-10T02:26:51.623+0000][161][gc,metaspace] GC(20) Metaspace: 100825K(102400K)->100825K(102400K) NonClass: 86843K(87808K)->86843K(87808K) Class: 13981K(14592K)->13981K(14592K)
[2022-05-10T02:26:51.624+0000][161][gc          ] GC(20) Pause Young (Normal) (G1 Evacuation Pause) 391M->135M(512M) 30.926ms
[2022-05-10T02:26:51.624+0000][161][gc,cpu      ] GC(20) User=0.02s Sys=0.00s Real=0.03s
[2022-05-10T02:26:51.625+0000][161][safepoint   ] Safepoint "G1CollectForAllocation", Time since last: 406509875 ns, Reaching safepoint: 119459 ns, At safepoint: 32356916 ns, Total: 32476375 ns
[2022-05-10T02:26:52.626+0000][161][safepoint   ] Safepoint "Cleanup", Time since last: 1000595834 ns, Reaching safepoint: 251125 ns, At safepoint: 22833 ns, Total: 273958 ns
[2022-05-10T02:26:53.007+0000][161][gc,start    ] GC(21) Pause Young (Normal) (G1 Evacuation Pause)
[2022-05-10T02:26:53.008+0000][161][gc,task     ] GC(21) Using 5 workers of 5 for evacuation
[2022-05-10T02:26:53.009+0000][161][gc,age      ] GC(21) Desired survivor size 18874368 bytes, new threshold 1 (max threshold 15)
[2022-05-10T02:26:53.014+0000][161][gc,age      ] GC(21) Age table with threshold 1 (max threshold 15)
[2022-05-10T02:26:53.015+0000][161][gc,age      ] GC(21) - age   1:   19416184 bytes,   19416184 total
[2022-05-10T02:26:53.016+0000][161][gc,phases   ] GC(21)   Pre Evacuate Collection Set: 0.1ms
[2022-05-10T02:26:53.017+0000][161][gc,phases   ] GC(21)   Merge Heap Roots: 0.2ms
[2022-05-10T02:26:53.017+0000][161][gc,phases   ] GC(21)   Evacuate Collection Set: 3.3ms
[2022-05-10T02:26:53.018+0000][161][gc,phases   ] GC(21)   Post Evacuate Collection Set: 0.8ms
[2022-05-10T02:26:53.019+0000][161][gc,phases   ] GC(21)   Other: 4.3ms
[2022-05-10T02:26:53.020+0000][161][gc,heap     ] GC(21) Eden regions: 61->0(57)
[2022-05-10T02:26:53.021+0000][161][gc,heap     ] GC(21) Survivor regions: 9->6(9)
[2022-05-10T02:26:53.022+0000][161][gc,heap     ] GC(21) Old regions: 18->23
[2022-05-10T02:26:53.022+0000][161][gc,heap     ] GC(21) Archive regions: 2->2
[2022-05-10T02:26:53.023+0000][161][gc,heap     ] GC(21) Humongous regions: 9->8
[2022-05-10T02:26:53.023+0000][161][gc,metaspace] GC(21) Metaspace: 100844K(102400K)->100844K(102400K) NonClass: 86860K(87808K)->86860K(87808K) Class: 13983K(14592K)->13983K(14592K)
[2022-05-10T02:26:53.024+0000][161][gc          ] GC(21) Pause Young (Normal) (G1 Evacuation Pause) 387M->149M(512M) 16.666ms
[2022-05-10T02:26:53.025+0000][161][gc,cpu      ] GC(21) User=0.01s Sys=0.00s Real=0.02s
[2022-05-10T02:26:53.026+0000][161][safepoint   ] Safepoint "G1CollectForAllocation", Time since last: 380914167 ns, Reaching safepoint: 149709 ns, At safepoint: 18765375 ns, Total: 18915084 ns
[2022-05-10T02:26:54.027+0000][161][safepoint   ] Safepoint "Cleanup", Time since last: 1000649500 ns, Reaching safepoint: 165375 ns, At safepoint: 3792 ns, Total: 169167 ns
[2022-05-10T02:26:54.317+0000][161][gc,start    ] GC(22) Pause Young (Normal) (G1 Evacuation Pause)
[2022-05-10T02:26:54.319+0000][161][gc,task     ] GC(22) Using 5 workers of 5 for evacuation
[2022-05-10T02:26:54.319+0000][161][gc,age      ] GC(22) Desired survivor size 16777216 bytes, new threshold 1 (max threshold 15)
[2022-05-10T02:26:54.324+0000][161][gc,age      ] GC(22) Age table with threshold 1 (max threshold 15)
[2022-05-10T02:26:54.325+0000][161][gc,age      ] GC(22) - age   1:   20376120 bytes,   20376120 total
[2022-05-10T02:26:54.326+0000][161][gc,phases   ] GC(22)   Pre Evacuate Collection Set: 0.2ms
[2022-05-10T02:26:54.327+0000][161][gc,phases   ] GC(22)   Merge Heap Roots: 0.1ms
[2022-05-10T02:26:54.328+0000][161][gc,phases   ] GC(22)   Evacuate Collection Set: 2.4ms
[2022-05-10T02:26:54.329+0000][161][gc,phases   ] GC(22)   Post Evacuate Collection Set: 0.9ms
[2022-05-10T02:26:54.330+0000][161][gc,phases   ] GC(22)   Other: 5.2ms
[2022-05-10T02:26:54.331+0000][161][gc,heap     ] GC(22) Eden regions: 57->0(54)
[2022-05-10T02:26:54.332+0000][161][gc,heap     ] GC(22) Survivor regions: 6->6(8)
[2022-05-10T02:26:54.332+0000][161][gc,heap     ] GC(22) Old regions: 23->25
[2022-05-10T02:26:54.333+0000][161][gc,heap     ] GC(22) Archive regions: 2->2
[2022-05-10T02:26:54.333+0000][161][gc,heap     ] GC(22) Humongous regions: 8->8
[2022-05-10T02:26:54.334+0000][161][gc,metaspace] GC(22) Metaspace: 100860K(102400K)->100860K(102400K) NonClass: 86875K(87808K)->86875K(87808K) Class: 13985K(14592K)->13985K(14592K)
[2022-05-10T02:26:54.335+0000][161][gc          ] GC(22) Pause Young (Normal) (G1 Evacuation Pause) 377M->157M(512M) 17.859ms
[2022-05-10T02:26:54.336+0000][161][gc,cpu      ] GC(22) User=0.02s Sys=0.00s Real=0.02s
[2022-05-10T02:26:54.337+0000][161][safepoint   ] Safepoint "G1CollectForAllocation", Time since last: 290462791 ns, Reaching safepoint: 125250 ns, At safepoint: 19351251 ns, Total: 19476501 ns
[2022-05-10T02:26:55.608+0000][161][safepoint   ] Safepoint "ICBufferFull", Time since last: 1271350542 ns, Reaching safepoint: 318166 ns, At safepoint: 31125 ns, Total: 349291 ns
[2022-05-10T02:26:55.765+0000][161][gc,start    ] GC(23) Pause Young (Normal) (G1 Evacuation Pause)
[2022-05-10T02:26:55.766+0000][161][gc,task     ] GC(23) Using 5 workers of 5 for evacuation
[2022-05-10T02:26:55.768+0000][161][gc,age      ] GC(23) Desired survivor size 16777216 bytes, new threshold 1 (max threshold 15)
[2022-05-10T02:26:55.771+0000][161][gc,age      ] GC(23) Age table with threshold 1 (max threshold 15)
[2022-05-10T02:26:55.772+0000][161][gc,age      ] GC(23) - age   1:   23618072 bytes,   23618072 total
[2022-05-10T02:26:55.773+0000][161][gc,phases   ] GC(23)   Pre Evacuate Collection Set: 0.1ms
[2022-05-10T02:26:55.774+0000][161][gc,phases   ] GC(23)   Merge Heap Roots: 0.1ms
[2022-05-10T02:26:55.776+0000][161][gc,phases   ] GC(23)   Evacuate Collection Set: 1.6ms
[2022-05-10T02:26:55.777+0000][161][gc,phases   ] GC(23)   Post Evacuate Collection Set: 1.0ms
[2022-05-10T02:26:55.778+0000][161][gc,phases   ] GC(23)   Other: 5.4ms
[2022-05-10T02:26:55.779+0000][161][gc,heap     ] GC(23) Eden regions: 54->0(49)
[2022-05-10T02:26:55.779+0000][161][gc,heap     ] GC(23) Survivor regions: 6->7(8)
[2022-05-10T02:26:55.780+0000][161][gc,heap     ] GC(23) Old regions: 25->27
[2022-05-10T02:26:55.781+0000][161][gc,heap     ] GC(23) Archive regions: 2->2
[2022-05-10T02:26:55.782+0000][161][gc,heap     ] GC(23) Humongous regions: 8->8
[2022-05-10T02:26:55.783+0000][161][gc,metaspace] GC(23) Metaspace: 100974K(102528K)->100974K(102528K) NonClass: 86982K(87936K)->86982K(87936K) Class: 13991K(14592K)->13991K(14592K)
[2022-05-10T02:26:55.785+0000][161][gc          ] GC(23) Pause Young (Normal) (G1 Evacuation Pause) 373M->165M(512M) 19.711ms
[2022-05-10T02:26:55.785+0000][161][gc,cpu      ] GC(23) User=0.01s Sys=0.00s Real=0.02s
[2022-05-10T02:26:55.786+0000][161][safepoint   ] Safepoint "G1CollectForAllocation", Time since last: 155599792 ns, Reaching safepoint: 1030000 ns, At safepoint: 21028625 ns, Total: 22058625 ns
[2022-05-10T02:26:56.637+0000][161][safepoint   ] Safepoint "ICBufferFull", Time since last: 850176834 ns, Reaching safepoint: 495833 ns, At safepoint: 30792 ns, Total: 526625 ns
[2022-05-10T02:26:57.278+0000][161][safepoint   ] Safepoint "ICBufferFull", Time since last: 640917750 ns, Reaching safepoint: 348250 ns, At safepoint: 14334 ns, Total: 362584 ns
[2022-05-10T02:26:58.279+0000][161][safepoint   ] Safepoint "Cleanup", Time since last: 1001105208 ns, Reaching safepoint: 221792 ns, At safepoint: 14583 ns, Total: 236375 ns
[2022-05-10T02:26:58.398+0000][161][safepoint   ] Safepoint "ICBufferFull", Time since last: 118425584 ns, Reaching safepoint: 288375 ns, At safepoint: 15208 ns, Total: 303583 ns
[2022-05-10T02:26:58.464+0000][161][gc,start    ] GC(24) Pause Young (Normal) (G1 Evacuation Pause)
[2022-05-10T02:26:58.465+0000][161][gc,task     ] GC(24) Using 5 workers of 5 for evacuation
[2022-05-10T02:26:58.466+0000][161][gc,age      ] GC(24) Desired survivor size 14680064 bytes, new threshold 1 (max threshold 15)
[2022-05-10T02:26:58.470+0000][161][gc,age      ] GC(24) Age table with threshold 1 (max threshold 15)
[2022-05-10T02:26:58.471+0000][161][gc,age      ] GC(24) - age   1:    3418600 bytes,    3418600 total
[2022-05-10T02:26:58.472+0000][161][gc,phases   ] GC(24)   Pre Evacuate Collection Set: 0.2ms
[2022-05-10T02:26:58.473+0000][161][gc,phases   ] GC(24)   Merge Heap Roots: 0.1ms
[2022-05-10T02:26:58.474+0000][161][gc,phases   ] GC(24)   Evacuate Collection Set: 1.7ms
[2022-05-10T02:26:58.474+0000][161][gc,phases   ] GC(24)   Post Evacuate Collection Set: 0.7ms
[2022-05-10T02:26:58.475+0000][161][gc,phases   ] GC(24)   Other: 5.0ms
[2022-05-10T02:26:58.476+0000][161][gc,heap     ] GC(24) Eden regions: 49->0(51)
[2022-05-10T02:26:58.476+0000][161][gc,heap     ] GC(24) Survivor regions: 7->1(7)
[2022-05-10T02:26:58.477+0000][161][gc,heap     ] GC(24) Old regions: 27->33
[2022-05-10T02:26:58.479+0000][161][gc,heap     ] GC(24) Archive regions: 2->2
[2022-05-10T02:26:58.480+0000][161][gc,heap     ] GC(24) Humongous regions: 8->8
[2022-05-10T02:26:58.480+0000][161][gc,metaspace] GC(24) Metaspace: 101132K(102656K)->101132K(102656K) NonClass: 87136K(88064K)->87136K(88064K) Class: 13995K(14592K)->13995K(14592K)
[2022-05-10T02:26:58.482+0000][161][gc          ] GC(24) Pause Young (Normal) (G1 Evacuation Pause) 361M->169M(512M) 17.314ms
[2022-05-10T02:26:58.482+0000][161][gc,cpu      ] GC(24) User=0.01s Sys=0.01s Real=0.02s
[2022-05-10T02:26:58.483+0000][161][safepoint   ] Safepoint "G1CollectForAllocation", Time since last: 65840708 ns, Reaching safepoint: 287375 ns, At safepoint: 18875875 ns, Total: 19163250 ns
[2022-05-10T02:26:59.484+0000][161][safepoint   ] Safepoint "Cleanup", Time since last: 1000787626 ns, Reaching safepoint: 93875 ns, At safepoint: 3833 ns, Total: 97708 ns
[2022-05-10T02:27:00.508+0000][161][safepoint   ] Safepoint "Cleanup", Time since last: 1023568834 ns, Reaching safepoint: 563125 ns, At safepoint: 17625 ns, Total: 580750 ns
[2022-05-10T02:27:01.330+0000][161][gc,start    ] GC(25) Pause Young (Concurrent Start) (G1 Evacuation Pause)
[2022-05-10T02:27:01.330+0000][161][gc,task     ] GC(25) Using 5 workers of 5 for evacuation
[2022-05-10T02:27:01.331+0000][161][gc,age      ] GC(25) Desired survivor size 14680064 bytes, new threshold 15 (max threshold 15)
[2022-05-10T02:27:01.335+0000][161][gc,age      ] GC(25) Age table with threshold 15 (max threshold 15)
[2022-05-10T02:27:01.336+0000][161][gc,age      ] GC(25) - age   1:     136608 bytes,     136608 total
[2022-05-10T02:27:01.337+0000][161][gc,age      ] GC(25) - age   2:    3403776 bytes,    3540384 total
[2022-05-10T02:27:01.338+0000][161][gc,phases   ] GC(25)   Pre Evacuate Collection Set: 0.3ms
[2022-05-10T02:27:01.340+0000][161][gc,phases   ] GC(25)   Merge Heap Roots: 0.3ms
[2022-05-10T02:27:01.341+0000][161][gc,phases   ] GC(25)   Evacuate Collection Set: 0.9ms
[2022-05-10T02:27:01.341+0000][161][gc,phases   ] GC(25)   Post Evacuate Collection Set: 1.0ms
[2022-05-10T02:27:01.342+0000][161][gc,phases   ] GC(25)   Other: 5.6ms
[2022-05-10T02:27:01.342+0000][161][gc,heap     ] GC(25) Eden regions: 51->0(53)
[2022-05-10T02:27:01.343+0000][161][gc,heap     ] GC(25) Survivor regions: 1->1(7)
[2022-05-10T02:27:01.344+0000][161][gc,heap     ] GC(25) Old regions: 33->33
[2022-05-10T02:27:01.344+0000][161][gc,heap     ] GC(25) Archive regions: 2->2
[2022-05-10T02:27:01.345+0000][161][gc,heap     ] GC(25) Humongous regions: 8->8
[2022-05-10T02:27:01.346+0000][161][gc,metaspace] GC(25) Metaspace: 101153K(102656K)->101153K(102656K) NonClass: 87158K(88064K)->87158K(88064K) Class: 13995K(14592K)->13995K(14592K)
[2022-05-10T02:27:01.347+0000][161][gc          ] GC(25) Pause Young (Concurrent Start) (G1 Evacuation Pause) 373M->169M(512M) 17.495ms
[2022-05-10T02:27:01.348+0000][161][gc,cpu      ] GC(25) User=0.01s Sys=0.00s Real=0.02s
[2022-05-10T02:27:01.348+0000][161][safepoint   ] Safepoint "G1CollectForAllocation", Time since last: 821384917 ns, Reaching safepoint: 187500 ns, At safepoint: 18667084 ns, Total: 18854584 ns
[2022-05-10T02:27:01.348+0000][161][gc          ] GC(26) Concurrent Mark Cycle
[2022-05-10T02:27:01.350+0000][161][gc,marking  ] GC(26) Concurrent Clear Claimed Marks
[2022-05-10T02:27:01.351+0000][161][gc,marking  ] GC(26) Concurrent Clear Claimed Marks 0.627ms
[2022-05-10T02:27:01.351+0000][161][gc,marking  ] GC(26) Concurrent Scan Root Regions
[2022-05-10T02:27:01.353+0000][161][gc,marking  ] GC(26) Concurrent Scan Root Regions 1.933ms
[2022-05-10T02:27:01.355+0000][161][gc,marking  ] GC(26) Concurrent Mark
[2022-05-10T02:27:01.356+0000][161][gc,marking  ] GC(26) Concurrent Mark From Roots
[2022-05-10T02:27:01.357+0000][161][gc,task     ] GC(26) Using 1 workers of 1 for marking
[2022-05-10T02:27:01.428+0000][161][gc,marking  ] GC(26) Concurrent Mark From Roots 72.654ms
[2022-05-10T02:27:01.429+0000][161][gc,marking  ] GC(26) Concurrent Preclean
[2022-05-10T02:27:01.430+0000][161][gc,marking  ] GC(26) Concurrent Preclean 0.770ms
[2022-05-10T02:27:01.431+0000][161][gc,start    ] GC(26) Pause Remark
[2022-05-10T02:27:01.439+0000][161][gc          ] GC(26) Pause Remark 181M->181M(512M) 7.993ms
[2022-05-10T02:27:01.440+0000][161][gc,cpu      ] GC(26) User=0.03s Sys=0.01s Real=0.01s
[2022-05-10T02:27:01.441+0000][161][safepoint   ] Safepoint "G1Concurrent", Time since last: 82188500 ns, Reaching safepoint: 151958 ns, At safepoint: 10016167 ns, Total: 10168125 ns
[2022-05-10T02:27:01.442+0000][161][gc,marking  ] GC(26) Concurrent Mark 87.185ms
[2022-05-10T02:27:01.443+0000][161][gc,marking  ] GC(26) Concurrent Rebuild Remembered Sets
[2022-05-10T02:27:01.487+0000][161][gc,marking  ] GC(26) Concurrent Rebuild Remembered Sets 44.108ms
[2022-05-10T02:27:01.488+0000][161][gc,start    ] GC(26) Pause Cleanup
[2022-05-10T02:27:01.489+0000][161][gc          ] GC(26) Pause Cleanup 185M->185M(512M) 0.770ms
[2022-05-10T02:27:01.489+0000][161][gc,cpu      ] GC(26) User=0.00s Sys=0.00s Real=0.00s
[2022-05-10T02:27:01.490+0000][161][safepoint   ] Safepoint "G1Concurrent", Time since last: 47186250 ns, Reaching safepoint: 199791 ns, At safepoint: 2036959 ns, Total: 2236750 ns
[2022-05-10T02:27:01.491+0000][161][gc,marking  ] GC(26) Concurrent Cleanup for Next Mark
[2022-05-10T02:27:01.492+0000][161][gc,marking  ] GC(26) Concurrent Cleanup for Next Mark 0.992ms
[2022-05-10T02:27:01.492+0000][161][gc          ] GC(26) Concurrent Mark Cycle 144.018ms
[2022-05-10T02:27:02.491+0000][161][safepoint   ] Safepoint "Cleanup", Time since last: 1000918750 ns, Reaching safepoint: 75625 ns, At safepoint: 2875 ns, Total: 78500 ns
[2022-05-10T02:27:03.948+0000][161][safepoint   ] Safepoint "Cleanup", Time since last: 1455863834 ns, Reaching safepoint: 970667 ns, At safepoint: 14750 ns, Total: 985417 ns
[2022-05-10T02:27:04.951+0000][161][safepoint   ] Safepoint "Cleanup", Time since last: 1002345500 ns, Reaching safepoint: 219750 ns, At safepoint: 12709 ns, Total: 232459 ns
[2022-05-10T02:27:05.951+0000][161][safepoint   ] Safepoint "Cleanup", Time since last: 1000821708 ns, Reaching safepoint: 137750 ns, At safepoint: 4417 ns, Total: 142167 ns
[2022-05-10T02:27:06.952+0000][161][safepoint   ] Safepoint "Cleanup", Time since last: 1000718084 ns, Reaching safepoint: 168750 ns, At safepoint: 4333 ns, Total: 173083 ns
[2022-05-10T02:27:08.899+0000][161][safepoint   ] Safepoint "Cleanup", Time since last: 1946723709 ns, Reaching safepoint: 259958 ns, At safepoint: 18667 ns, Total: 278625 ns
[2022-05-10T02:27:09.052+0000][161][gc,start    ] GC(27) Pause Young (Normal) (G1 Evacuation Pause)
[2022-05-10T02:27:09.053+0000][161][gc,task     ] GC(27) Using 5 workers of 5 for evacuation
[2022-05-10T02:27:09.054+0000][161][gc,age      ] GC(27) Desired survivor size 14680064 bytes, new threshold 15 (max threshold 15)
[2022-05-10T02:27:09.059+0000][161][gc,age      ] GC(27) Age table with threshold 15 (max threshold 15)
[2022-05-10T02:27:09.060+0000][161][gc,age      ] GC(27) - age   1:    1294456 bytes,    1294456 total
[2022-05-10T02:27:09.061+0000][161][gc,age      ] GC(27) - age   2:        520 bytes,    1294976 total
[2022-05-10T02:27:09.062+0000][161][gc,age      ] GC(27) - age   3:    2977880 bytes,    4272856 total
[2022-05-10T02:27:09.062+0000][161][gc,phases   ] GC(27)   Pre Evacuate Collection Set: 0.1ms
[2022-05-10T02:27:09.063+0000][161][gc,phases   ] GC(27)   Merge Heap Roots: 0.2ms
[2022-05-10T02:27:09.064+0000][161][gc,phases   ] GC(27)   Evacuate Collection Set: 2.0ms
[2022-05-10T02:27:09.065+0000][161][gc,phases   ] GC(27)   Post Evacuate Collection Set: 0.8ms
[2022-05-10T02:27:09.066+0000][161][gc,phases   ] GC(27)   Other: 7.4ms
[2022-05-10T02:27:09.067+0000][161][gc,heap     ] GC(27) Eden regions: 53->0(54)
[2022-05-10T02:27:09.067+0000][161][gc,heap     ] GC(27) Survivor regions: 1->2(7)
[2022-05-10T02:27:09.068+0000][161][gc,heap     ] GC(27) Old regions: 33->33
[2022-05-10T02:27:09.069+0000][161][gc,heap     ] GC(27) Archive regions: 2->2
[2022-05-10T02:27:09.069+0000][161][gc,heap     ] GC(27) Humongous regions: 8->8
[2022-05-10T02:27:09.070+0000][161][gc,metaspace] GC(27) Metaspace: 102777K(104384K)->102777K(104384K) NonClass: 88563K(89536K)->88563K(89536K) Class: 14213K(14848K)->14213K(14848K)
[2022-05-10T02:27:09.071+0000][161][gc          ] GC(27) Pause Young (Normal) (G1 Evacuation Pause) 381M->169M(512M) 19.266ms
[2022-05-10T02:27:09.073+0000][161][gc,cpu      ] GC(27) User=0.01s Sys=0.00s Real=0.02s
[2022-05-10T02:27:09.074+0000][161][safepoint   ] Safepoint "G1CollectForAllocation", Time since last: 152259875 ns, Reaching safepoint: 430625 ns, At safepoint: 22014625 ns, Total: 22445250 ns
[2022-05-10T02:27:09.376+0000][161][gc,start    ] GC(28) Pause Young (Concurrent Start) (G1 Evacuation Pause)
[2022-05-10T02:27:09.377+0000][161][gc,task     ] GC(28) Using 5 workers of 5 for evacuation
[2022-05-10T02:27:09.377+0000][161][gc,age      ] GC(28) Desired survivor size 14680064 bytes, new threshold 15 (max threshold 15)
[2022-05-10T02:27:09.381+0000][161][gc,age      ] GC(28) Age table with threshold 15 (max threshold 15)
[2022-05-10T02:27:09.381+0000][161][gc,age      ] GC(28) - age   1:     544392 bytes,     544392 total
[2022-05-10T02:27:09.383+0000][161][gc,age      ] GC(28) - age   2:     620400 bytes,    1164792 total
[2022-05-10T02:27:09.383+0000][161][gc,age      ] GC(28) - age   3:        520 bytes,    1165312 total
[2022-05-10T02:27:09.384+0000][161][gc,age      ] GC(28) - age   4:    2977880 bytes,    4143192 total
[2022-05-10T02:27:09.385+0000][161][gc,phases   ] GC(28)   Pre Evacuate Collection Set: 0.2ms
[2022-05-10T02:27:09.385+0000][161][gc,phases   ] GC(28)   Merge Heap Roots: 0.2ms
[2022-05-10T02:27:09.386+0000][161][gc,phases   ] GC(28)   Evacuate Collection Set: 1.3ms
[2022-05-10T02:27:09.386+0000][161][gc,phases   ] GC(28)   Post Evacuate Collection Set: 0.5ms
[2022-05-10T02:27:09.387+0000][161][gc,phases   ] GC(28)   Other: 6.7ms
[2022-05-10T02:27:09.388+0000][161][gc,heap     ] GC(28) Eden regions: 54->0(56)
[2022-05-10T02:27:09.388+0000][161][gc,heap     ] GC(28) Survivor regions: 2->2(7)
[2022-05-10T02:27:09.389+0000][161][gc,heap     ] GC(28) Old regions: 33->33
[2022-05-10T02:27:09.389+0000][161][gc,heap     ] GC(28) Archive regions: 2->2
[2022-05-10T02:27:09.390+0000][161][gc,heap     ] GC(28) Humongous regions: 8->8
[2022-05-10T02:27:09.390+0000][161][gc,metaspace] GC(28) Metaspace: 102843K(104384K)->102843K(104384K) NonClass: 88621K(89536K)->88621K(89536K) Class: 14222K(14848K)->14222K(14848K)
[2022-05-10T02:27:09.391+0000][161][gc          ] GC(28) Pause Young (Concurrent Start) (G1 Evacuation Pause) 385M->169M(512M) 15.450ms
[2022-05-10T02:27:09.392+0000][161][gc,cpu      ] GC(28) User=0.02s Sys=0.00s Real=0.02s
[2022-05-10T02:27:09.392+0000][161][gc          ] GC(29) Concurrent Mark Cycle
[2022-05-10T02:27:09.394+0000][161][gc,marking  ] GC(29) Concurrent Clear Claimed Marks
[2022-05-10T02:27:09.395+0000][161][gc,marking  ] GC(29) Concurrent Clear Claimed Marks 1.139ms
[2022-05-10T02:27:09.396+0000][161][gc,marking  ] GC(29) Concurrent Scan Root Regions
[2022-05-10T02:27:09.399+0000][161][gc,marking  ] GC(29) Concurrent Scan Root Regions 2.882ms
[2022-05-10T02:27:09.400+0000][161][gc,marking  ] GC(29) Concurrent Mark
[2022-05-10T02:27:09.401+0000][161][gc,marking  ] GC(29) Concurrent Mark From Roots
[2022-05-10T02:27:09.401+0000][161][gc,task     ] GC(29) Using 1 workers of 1 for marking
[2022-05-10T02:27:09.392+0000][161][safepoint   ] Safepoint "G1CollectForAllocation", Time since last: 301504750 ns, Reaching safepoint: 261917 ns, At safepoint: 16875583 ns, Total: 17137500 ns
[2022-05-10T02:27:09.477+0000][161][gc,marking  ] GC(29) Concurrent Mark From Roots 76.293ms
[2022-05-10T02:27:09.478+0000][161][gc,marking  ] GC(29) Concurrent Preclean
[2022-05-10T02:27:09.480+0000][161][gc,marking  ] GC(29) Concurrent Preclean 1.624ms
[2022-05-10T02:27:09.481+0000][161][gc,start    ] GC(29) Pause Remark
[2022-05-10T02:27:09.486+0000][161][gc          ] GC(29) Pause Remark 175M->175M(512M) 4.944ms
[2022-05-10T02:27:09.487+0000][161][gc,cpu      ] GC(29) User=0.01s Sys=0.00s Real=0.01s
[2022-05-10T02:27:09.489+0000][161][safepoint   ] Safepoint "G1Concurrent", Time since last: 88459292 ns, Reaching safepoint: 91000 ns, At safepoint: 7605292 ns, Total: 7696292 ns
[2022-05-10T02:27:09.490+0000][161][gc,marking  ] GC(29) Concurrent Mark 90.342ms
[2022-05-10T02:27:09.492+0000][161][gc,marking  ] GC(29) Concurrent Rebuild Remembered Sets
[2022-05-10T02:27:09.538+0000][161][gc,marking  ] GC(29) Concurrent Rebuild Remembered Sets 46.129ms
[2022-05-10T02:27:09.540+0000][161][gc,start    ] GC(29) Pause Cleanup
[2022-05-10T02:27:09.540+0000][161][gc          ] GC(29) Pause Cleanup 175M->175M(512M) 0.884ms
[2022-05-10T02:27:09.541+0000][161][gc,cpu      ] GC(29) User=0.00s Sys=0.00s Real=0.00s
[2022-05-10T02:27:09.542+0000][161][safepoint   ] Safepoint "G1Concurrent", Time since last: 50798708 ns, Reaching safepoint: 56333 ns, At safepoint: 2644792 ns, Total: 2701125 ns
[2022-05-10T02:27:09.543+0000][161][gc,marking  ] GC(29) Concurrent Cleanup for Next Mark
[2022-05-10T02:27:09.545+0000][161][gc,marking  ] GC(29) Concurrent Cleanup for Next Mark 1.348ms
[2022-05-10T02:27:09.545+0000][161][gc          ] GC(29) Concurrent Mark Cycle 152.984ms
[2022-05-10T02:27:10.544+0000][161][safepoint   ] Safepoint "Cleanup", Time since last: 1001010501 ns, Reaching safepoint: 404500 ns, At safepoint: 3791 ns, Total: 408291 ns
[2022-05-10T02:27:11.545+0000][161][safepoint   ] Safepoint "Cleanup", Time since last: 1001292667 ns, Reaching safepoint: 574292 ns, At safepoint: 6250 ns, Total: 580542 ns
[2022-05-10T02:27:13.349+0000][161][safepoint   ] Safepoint "Cleanup", Time since last: 1803071501 ns, Reaching safepoint: 96583 ns, At safepoint: 28417 ns, Total: 125000 ns
[2022-05-10T02:27:13.463+0000][161][safepoint   ] Safepoint "ICBufferFull", Time since last: 114518542 ns, Reaching safepoint: 206625 ns, At safepoint: 6541 ns, Total: 213166 ns
[2022-05-10T02:27:13.775+0000][161][safepoint   ] Safepoint "ICBufferFull", Time since last: 311596542 ns, Reaching safepoint: 280958 ns, At safepoint: 9709 ns, Total: 290667 ns
[2022-05-10T02:27:14.672+0000][161][gc,start    ] GC(30) Pause Young (Normal) (G1 Evacuation Pause)
[2022-05-10T02:27:14.675+0000][161][gc,task     ] GC(30) Using 5 workers of 5 for evacuation
[2022-05-10T02:27:14.677+0000][161][gc,age      ] GC(30) Desired survivor size 16777216 bytes, new threshold 15 (max threshold 15)
[2022-05-10T02:27:14.683+0000][161][gc,age      ] GC(30) Age table with threshold 15 (max threshold 15)
[2022-05-10T02:27:14.684+0000][161][gc,age      ] GC(30) - age   1:   16951256 bytes,   16951256 total
[2022-05-10T02:27:14.685+0000][161][gc,age      ] GC(30) - age   2:     490960 bytes,   17442216 total
[2022-05-10T02:27:14.687+0000][161][gc,age      ] GC(30) - age   3:     487432 bytes,   17929648 total
[2022-05-10T02:27:14.688+0000][161][gc,age      ] GC(30) - age   4:        520 bytes,   17930168 total
[2022-05-10T02:27:14.689+0000][161][gc,age      ] GC(30) - age   5:      17528 bytes,   17947696 total
[2022-05-10T02:27:14.690+0000][161][gc,phases   ] GC(30)   Pre Evacuate Collection Set: 0.2ms
[2022-05-10T02:27:14.691+0000][161][gc,phases   ] GC(30)   Merge Heap Roots: 0.3ms
[2022-05-10T02:27:14.692+0000][161][gc,phases   ] GC(30)   Evacuate Collection Set: 2.8ms
[2022-05-10T02:27:14.693+0000][161][gc,phases   ] GC(30)   Post Evacuate Collection Set: 0.8ms
[2022-05-10T02:27:14.694+0000][161][gc,phases   ] GC(30)   Other: 13.5ms
[2022-05-10T02:27:14.695+0000][161][gc,heap     ] GC(30) Eden regions: 56->0(51)
[2022-05-10T02:27:14.696+0000][161][gc,heap     ] GC(30) Survivor regions: 2->5(8)
[2022-05-10T02:27:14.697+0000][161][gc,heap     ] GC(30) Old regions: 33->33
[2022-05-10T02:27:14.698+0000][161][gc,heap     ] GC(30) Archive regions: 2->2
[2022-05-10T02:27:14.699+0000][161][gc,heap     ] GC(30) Humongous regions: 8->8
[2022-05-10T02:27:14.699+0000][161][gc,metaspace] GC(30) Metaspace: 103892K(105536K)->103892K(105536K) NonClass: 89548K(90496K)->89548K(90496K) Class: 14343K(15040K)->14343K(15040K)
[2022-05-10T02:27:14.700+0000][161][gc          ] GC(30) Pause Young (Normal) (G1 Evacuation Pause) 393M->183M(512M) 27.768ms
[2022-05-10T02:27:14.700+0000][161][gc,cpu      ] GC(30) User=0.04s Sys=0.00s Real=0.03s
[2022-05-10T02:27:14.701+0000][161][safepoint   ] Safepoint "G1CollectForAllocation", Time since last: 896346667 ns, Reaching safepoint: 452792 ns, At safepoint: 29079041 ns, Total: 29531833 ns
[2022-05-10T02:27:15.640+0000][161][gc,start    ] GC(31) Pause Young (Concurrent Start) (G1 Evacuation Pause)
[2022-05-10T02:27:15.643+0000][161][gc,task     ] GC(31) Using 5 workers of 5 for evacuation
[2022-05-10T02:27:15.644+0000][161][gc,age      ] GC(31) Desired survivor size 14680064 bytes, new threshold 1 (max threshold 15)
[2022-05-10T02:27:15.648+0000][161][gc,age      ] GC(31) Age table with threshold 1 (max threshold 15)
[2022-05-10T02:27:15.649+0000][161][gc,age      ] GC(31) - age   1:   10820080 bytes,   10820080 total
[2022-05-10T02:27:15.650+0000][161][gc,phases   ] GC(31)   Pre Evacuate Collection Set: 0.4ms
[2022-05-10T02:27:15.651+0000][161][gc,phases   ] GC(31)   Merge Heap Roots: 0.1ms
[2022-05-10T02:27:15.652+0000][161][gc,phases   ] GC(31)   Evacuate Collection Set: 2.4ms
[2022-05-10T02:27:15.653+0000][161][gc,phases   ] GC(31)   Post Evacuate Collection Set: 0.8ms
[2022-05-10T02:27:15.653+0000][161][gc,phases   ] GC(31)   Other: 6.5ms
[2022-05-10T02:27:15.654+0000][161][gc,heap     ] GC(31) Eden regions: 51->0(49)
[2022-05-10T02:27:15.655+0000][161][gc,heap     ] GC(31) Survivor regions: 5->3(7)
[2022-05-10T02:27:15.655+0000][161][gc,heap     ] GC(31) Old regions: 33->37
[2022-05-10T02:27:15.656+0000][161][gc,heap     ] GC(31) Archive regions: 2->2
[2022-05-10T02:27:15.656+0000][161][gc,heap     ] GC(31) Humongous regions: 8->8
[2022-05-10T02:27:15.657+0000][161][gc,metaspace] GC(31) Metaspace: 103924K(105600K)->103924K(105600K) NonClass: 89580K(90560K)->89580K(90560K) Class: 14343K(15040K)->14343K(15040K)
[2022-05-10T02:27:15.658+0000][161][gc          ] GC(31) Pause Young (Concurrent Start) (G1 Evacuation Pause) 387M->190M(512M) 18.492ms
[2022-05-10T02:27:15.659+0000][161][gc,cpu      ] GC(31) User=0.01s Sys=0.01s Real=0.02s
[2022-05-10T02:27:15.660+0000][161][gc          ] GC(32) Concurrent Mark Cycle
[2022-05-10T02:27:15.661+0000][161][gc,marking  ] GC(32) Concurrent Clear Claimed Marks
[2022-05-10T02:27:15.662+0000][161][gc,marking  ] GC(32) Concurrent Clear Claimed Marks 0.983ms
[2022-05-10T02:27:15.663+0000][161][gc,marking  ] GC(32) Concurrent Scan Root Regions
[2022-05-10T02:27:15.660+0000][161][safepoint   ] Safepoint "G1CollectForAllocation", Time since last: 938634917 ns, Reaching safepoint: 153959 ns, At safepoint: 20088250 ns, Total: 20242209 ns
[2022-05-10T02:27:15.666+0000][161][gc,marking  ] GC(32) Concurrent Scan Root Regions 3.362ms
[2022-05-10T02:27:15.667+0000][161][gc,marking  ] GC(32) Concurrent Mark
[2022-05-10T02:27:15.668+0000][161][gc,marking  ] GC(32) Concurrent Mark From Roots
[2022-05-10T02:27:15.676+0000][161][gc,task     ] GC(32) Using 1 workers of 1 for marking
[2022-05-10T02:27:15.761+0000][161][gc,marking  ] GC(32) Concurrent Mark From Roots 92.774ms
[2022-05-10T02:27:15.762+0000][161][gc,marking  ] GC(32) Concurrent Preclean
[2022-05-10T02:27:15.763+0000][161][gc,marking  ] GC(32) Concurrent Preclean 1.119ms
[2022-05-10T02:27:15.764+0000][161][gc,start    ] GC(32) Pause Remark
[2022-05-10T02:27:15.769+0000][161][gc          ] GC(32) Pause Remark 198M->170M(512M) 4.789ms
[2022-05-10T02:27:15.770+0000][161][gc,cpu      ] GC(32) User=0.01s Sys=0.00s Real=0.01s
[2022-05-10T02:27:15.771+0000][161][safepoint   ] Safepoint "G1Concurrent", Time since last: 103858291 ns, Reaching safepoint: 280959 ns, At safepoint: 7028250 ns, Total: 7309209 ns
[2022-05-10T02:27:15.772+0000][161][gc,marking  ] GC(32) Concurrent Mark 105.240ms
[2022-05-10T02:27:15.774+0000][161][gc,marking  ] GC(32) Concurrent Rebuild Remembered Sets
[2022-05-10T02:27:15.820+0000][161][gc,marking  ] GC(32) Concurrent Rebuild Remembered Sets 46.510ms
[2022-05-10T02:27:15.822+0000][161][gc,start    ] GC(32) Pause Cleanup
[2022-05-10T02:27:15.825+0000][161][gc          ] GC(32) Pause Cleanup 177M->177M(512M) 3.650ms
[2022-05-10T02:27:15.826+0000][161][gc,cpu      ] GC(32) User=0.00s Sys=0.00s Real=0.00s
[2022-05-10T02:27:15.827+0000][161][safepoint   ] Safepoint "G1Concurrent", Time since last: 49905708 ns, Reaching safepoint: 429667 ns, At safepoint: 5306333 ns, Total: 5736000 ns
[2022-05-10T02:27:15.828+0000][161][gc,marking  ] GC(32) Concurrent Cleanup for Next Mark
[2022-05-10T02:27:15.838+0000][161][gc,marking  ] GC(32) Concurrent Cleanup for Next Mark 9.960ms
[2022-05-10T02:27:15.839+0000][161][gc          ] GC(32) Concurrent Mark Cycle 178.644ms
[2022-05-10T02:27:16.440+0000][161][safepoint   ] Safepoint "ICBufferFull", Time since last: 613042084 ns, Reaching safepoint: 301208 ns, At safepoint: 3708 ns, Total: 304916 ns
[2022-05-10T02:27:16.925+0000][161][safepoint   ] Safepoint "ICBufferFull", Time since last: 484622584 ns, Reaching safepoint: 174417 ns, At safepoint: 4666 ns, Total: 179083 ns
[2022-05-10T02:27:17.615+0000][161][gc,start    ] GC(33) Pause Young (Prepare Mixed) (G1 Evacuation Pause)
[2022-05-10T02:27:17.616+0000][161][gc,task     ] GC(33) Using 5 workers of 5 for evacuation
[2022-05-10T02:27:17.617+0000][161][gc,age      ] GC(33) Desired survivor size 14680064 bytes, new threshold 15 (max threshold 15)
[2022-05-10T02:27:17.622+0000][161][gc,age      ] GC(33) Age table with threshold 15 (max threshold 15)
[2022-05-10T02:27:17.623+0000][161][gc,age      ] GC(33) - age   1:   14997304 bytes,   14997304 total
[2022-05-10T02:27:17.625+0000][161][gc,age      ] GC(33) - age   2:    4987800 bytes,   19985104 total
[2022-05-10T02:27:17.626+0000][161][gc,phases   ] GC(33)   Pre Evacuate Collection Set: 0.2ms
[2022-05-10T02:27:17.627+0000][161][gc,phases   ] GC(33)   Merge Heap Roots: 0.1ms
[2022-05-10T02:27:17.628+0000][161][gc,phases   ] GC(33)   Evacuate Collection Set: 2.6ms
[2022-05-10T02:27:17.631+0000][161][gc,phases   ] GC(33)   Post Evacuate Collection Set: 1.2ms
[2022-05-10T02:27:17.632+0000][161][gc,phases   ] GC(33)   Other: 6.6ms
[2022-05-10T02:27:17.632+0000][161][gc,heap     ] GC(33) Eden regions: 49->0(1)
[2022-05-10T02:27:17.633+0000][161][gc,heap     ] GC(33) Survivor regions: 3->6(7)
[2022-05-10T02:27:17.634+0000][161][gc,heap     ] GC(33) Old regions: 32->32
[2022-05-10T02:27:17.635+0000][161][gc,heap     ] GC(33) Archive regions: 2->2
[2022-05-10T02:27:17.654+0000][161][gc,heap     ] GC(33) Humongous regions: 7->7
[2022-05-10T02:27:17.655+0000][161][gc,metaspace] GC(33) Metaspace: 104097K(105728K)->104097K(105728K) NonClass: 89747K(90688K)->89747K(90688K) Class: 14350K(15040K)->14350K(15040K)
[2022-05-10T02:27:17.656+0000][161][gc          ] GC(33) Pause Young (Prepare Mixed) (G1 Evacuation Pause) 362M->176M(512M) 40.814ms
[2022-05-10T02:27:17.657+0000][161][gc,cpu      ] GC(33) User=0.01s Sys=0.00s Real=0.04s
[2022-05-10T02:27:17.658+0000][161][safepoint   ] Safepoint "G1CollectForAllocation", Time since last: 689791417 ns, Reaching safepoint: 279125 ns, At safepoint: 42786542 ns, Total: 43065667 ns
[2022-05-10T02:27:17.674+0000][161][gc,start    ] GC(34) Pause Young (Mixed) (G1 Evacuation Pause)
[2022-05-10T02:27:17.675+0000][161][gc,task     ] GC(34) Using 5 workers of 5 for evacuation
[2022-05-10T02:27:17.676+0000][161][gc,age      ] GC(34) Desired survivor size 2097152 bytes, new threshold 1 (max threshold 15)
[2022-05-10T02:27:17.683+0000][161][gc,age      ] GC(34) Age table with threshold 1 (max threshold 15)
[2022-05-10T02:27:17.685+0000][161][gc,age      ] GC(34) - age   1:     490408 bytes,     490408 total
[2022-05-10T02:27:17.686+0000][161][gc,phases   ] GC(34)   Pre Evacuate Collection Set: 0.1ms
[2022-05-10T02:27:17.687+0000][161][gc,phases   ] GC(34)   Merge Heap Roots: 0.0ms
[2022-05-10T02:27:17.689+0000][161][gc,phases   ] GC(34)   Evacuate Collection Set: 4.2ms
[2022-05-10T02:27:17.690+0000][161][gc,phases   ] GC(34)   Post Evacuate Collection Set: 1.0ms
[2022-05-10T02:27:17.691+0000][161][gc,phases   ] GC(34)   Other: 7.2ms
[2022-05-10T02:27:17.693+0000][161][gc,heap     ] GC(34) Eden regions: 1->0(54)
[2022-05-10T02:27:17.714+0000][161][gc,heap     ] GC(34) Survivor regions: 6->1(1)
[2022-05-10T02:27:17.716+0000][161][gc,heap     ] GC(34) Old regions: 32->34
[2022-05-10T02:27:17.735+0000][161][gc,heap     ] GC(34) Archive regions: 2->2
[2022-05-10T02:27:17.736+0000][161][gc,heap     ] GC(34) Humongous regions: 7->7
[2022-05-10T02:27:17.737+0000][161][gc,metaspace] GC(34) Metaspace: 104098K(105728K)->104098K(105728K) NonClass: 89748K(90688K)->89748K(90688K) Class: 14350K(15040K)->14350K(15040K)
[2022-05-10T02:27:17.756+0000][161][gc          ] GC(34) Pause Young (Mixed) (G1 Evacuation Pause) 180M->164M(512M) 82.348ms
[2022-05-10T02:27:17.758+0000][161][gc,cpu      ] GC(34) User=0.01s Sys=0.00s Real=0.09s
[2022-05-10T02:27:17.792+0000][161][safepoint   ] Safepoint "G1CollectForAllocation", Time since last: 15189000 ns, Reaching safepoint: 565500 ns, At safepoint: 118697958 ns, Total: 119263458 ns
[2022-05-10T02:27:18.794+0000][161][safepoint   ] Safepoint "Cleanup", Time since last: 1001534501 ns, Reaching safepoint: 280208 ns, At safepoint: 12459 ns, Total: 292667 ns
[2022-05-10T02:27:19.122+0000][161][gc,start    ] GC(35) Pause Young (Concurrent Start) (G1 Evacuation Pause)
[2022-05-10T02:27:19.123+0000][161][gc,task     ] GC(35) Using 5 workers of 5 for evacuation
[2022-05-10T02:27:19.124+0000][161][gc,age      ] GC(35) Desired survivor size 14680064 bytes, new threshold 15 (max threshold 15)
[2022-05-10T02:27:19.129+0000][161][gc,age      ] GC(35) Age table with threshold 15 (max threshold 15)
[2022-05-10T02:27:19.130+0000][161][gc,age      ] GC(35) - age   1:   11922888 bytes,   11922888 total
[2022-05-10T02:27:19.130+0000][161][gc,age      ] GC(35) - age   2:     188592 bytes,   12111480 total
[2022-05-10T02:27:19.131+0000][161][gc,phases   ] GC(35)   Pre Evacuate Collection Set: 0.2ms
[2022-05-10T02:27:19.132+0000][161][gc,phases   ] GC(35)   Merge Heap Roots: 0.1ms
[2022-05-10T02:27:19.133+0000][161][gc,phases   ] GC(35)   Evacuate Collection Set: 1.4ms
[2022-05-10T02:27:19.134+0000][161][gc,phases   ] GC(35)   Post Evacuate Collection Set: 0.6ms
[2022-05-10T02:27:19.134+0000][161][gc,phases   ] GC(35)   Other: 6.7ms
[2022-05-10T02:27:19.135+0000][161][gc,heap     ] GC(35) Eden regions: 54->0(51)
[2022-05-10T02:27:19.136+0000][161][gc,heap     ] GC(35) Survivor regions: 1->4(7)
[2022-05-10T02:27:19.137+0000][161][gc,heap     ] GC(35) Old regions: 34->34
[2022-05-10T02:27:19.137+0000][161][gc,heap     ] GC(35) Archive regions: 2->2
[2022-05-10T02:27:19.138+0000][161][gc,heap     ] GC(35) Humongous regions: 7->7
[2022-05-10T02:27:19.139+0000][161][gc,metaspace] GC(35) Metaspace: 104116K(105728K)->104116K(105728K) NonClass: 89763K(90688K)->89763K(90688K) Class: 14352K(15040K)->14352K(15040K)
[2022-05-10T02:27:19.140+0000][161][gc          ] GC(35) Pause Young (Concurrent Start) (G1 Evacuation Pause) 380M->176M(512M) 17.487ms
[2022-05-10T02:27:19.141+0000][161][gc,cpu      ] GC(35) User=0.01s Sys=0.00s Real=0.02s
[2022-05-10T02:27:19.141+0000][161][gc          ] GC(36) Concurrent Mark Cycle
[2022-05-10T02:27:19.142+0000][161][gc,marking  ] GC(36) Concurrent Clear Claimed Marks
[2022-05-10T02:27:19.141+0000][161][safepoint   ] Safepoint "G1CollectForAllocation", Time since last: 327712541 ns, Reaching safepoint: 492125 ns, At safepoint: 19003167 ns, Total: 19495292 ns
[2022-05-10T02:27:19.142+0000][161][gc,marking  ] GC(36) Concurrent Clear Claimed Marks 0.745ms
[2022-05-10T02:27:19.144+0000][161][gc,marking  ] GC(36) Concurrent Scan Root Regions
[2022-05-10T02:27:19.146+0000][161][gc,marking  ] GC(36) Concurrent Scan Root Regions 2.916ms
[2022-05-10T02:27:19.148+0000][161][gc,marking  ] GC(36) Concurrent Mark
[2022-05-10T02:27:19.149+0000][161][gc,marking  ] GC(36) Concurrent Mark From Roots
[2022-05-10T02:27:19.150+0000][161][gc,task     ] GC(36) Using 1 workers of 1 for marking
[2022-05-10T02:27:19.224+0000][161][gc,marking  ] GC(36) Concurrent Mark From Roots 74.466ms
[2022-05-10T02:27:19.224+0000][161][gc,marking  ] GC(36) Concurrent Preclean
[2022-05-10T02:27:19.225+0000][161][gc,marking  ] GC(36) Concurrent Preclean 1.042ms
[2022-05-10T02:27:19.226+0000][161][gc,start    ] GC(36) Pause Remark
[2022-05-10T02:27:19.230+0000][161][gc          ] GC(36) Pause Remark 189M->189M(512M) 4.006ms
[2022-05-10T02:27:19.231+0000][161][gc,cpu      ] GC(36) User=0.01s Sys=0.00s Real=0.01s
[2022-05-10T02:27:19.232+0000][161][safepoint   ] Safepoint "G1Concurrent", Time since last: 84845792 ns, Reaching safepoint: 235208 ns, At safepoint: 5450458 ns, Total: 5685666 ns
[2022-05-10T02:27:19.232+0000][161][gc,marking  ] GC(36) Concurrent Mark 84.669ms
[2022-05-10T02:27:19.233+0000][161][gc,marking  ] GC(36) Concurrent Rebuild Remembered Sets
[2022-05-10T02:27:19.278+0000][161][gc,marking  ] GC(36) Concurrent Rebuild Remembered Sets 44.709ms
[2022-05-10T02:27:19.279+0000][161][gc,start    ] GC(36) Pause Cleanup
[2022-05-10T02:27:19.280+0000][161][gc          ] GC(36) Pause Cleanup 205M->205M(512M) 0.915ms
[2022-05-10T02:27:19.281+0000][161][gc,cpu      ] GC(36) User=0.00s Sys=0.00s Real=0.00s
[2022-05-10T02:27:19.281+0000][161][safepoint   ] Safepoint "G1Concurrent", Time since last: 46772334 ns, Reaching safepoint: 555541 ns, At safepoint: 2223417 ns, Total: 2778958 ns
[2022-05-10T02:27:19.282+0000][161][gc,marking  ] GC(36) Concurrent Cleanup for Next Mark
[2022-05-10T02:27:19.284+0000][161][gc,marking  ] GC(36) Concurrent Cleanup for Next Mark 1.403ms
[2022-05-10T02:27:19.285+0000][161][gc          ] GC(36) Concurrent Mark Cycle 143.464ms
[2022-05-10T02:27:19.873+0000][161][gc,start    ] GC(37) Pause Young (Prepare Mixed) (G1 Evacuation Pause)
[2022-05-10T02:27:19.874+0000][161][gc,task     ] GC(37) Using 5 workers of 5 for evacuation
[2022-05-10T02:27:19.874+0000][161][gc,age      ] GC(37) Desired survivor size 14680064 bytes, new threshold 15 (max threshold 15)
[2022-05-10T02:27:19.878+0000][161][gc,age      ] GC(37) Age table with threshold 15 (max threshold 15)
[2022-05-10T02:27:19.879+0000][161][gc,age      ] GC(37) - age   1:   11195808 bytes,   11195808 total
[2022-05-10T02:27:19.880+0000][161][gc,age      ] GC(37) - age   2:    6880448 bytes,   18076256 total
[2022-05-10T02:27:19.880+0000][161][gc,age      ] GC(37) - age   3:     170408 bytes,   18246664 total
[2022-05-10T02:27:19.881+0000][161][gc,phases   ] GC(37)   Pre Evacuate Collection Set: 0.1ms
[2022-05-10T02:27:19.882+0000][161][gc,phases   ] GC(37)   Merge Heap Roots: 0.1ms
[2022-05-10T02:27:19.882+0000][161][gc,phases   ] GC(37)   Evacuate Collection Set: 1.9ms
[2022-05-10T02:27:19.883+0000][161][gc,phases   ] GC(37)   Post Evacuate Collection Set: 0.8ms
[2022-05-10T02:27:19.884+0000][161][gc,phases   ] GC(37)   Other: 5.4ms
[2022-05-10T02:27:19.884+0000][161][gc,heap     ] GC(37) Eden regions: 51->0(1)
[2022-05-10T02:27:19.885+0000][161][gc,heap     ] GC(37) Survivor regions: 4->5(7)
[2022-05-10T02:27:19.886+0000][161][gc,heap     ] GC(37) Old regions: 34->34
[2022-05-10T02:27:19.886+0000][161][gc,heap     ] GC(37) Archive regions: 2->2
[2022-05-10T02:27:19.887+0000][161][gc,heap     ] GC(37) Humongous regions: 7->7
[2022-05-10T02:27:19.888+0000][161][gc,metaspace] GC(37) Metaspace: 104128K(105792K)->104128K(105792K) NonClass: 89775K(90752K)->89775K(90752K) Class: 14352K(15040K)->14352K(15040K)
[2022-05-10T02:27:19.888+0000][161][gc          ] GC(37) Pause Young (Prepare Mixed) (G1 Evacuation Pause) 380M->181M(512M) 15.113ms
[2022-05-10T02:27:19.889+0000][161][gc,cpu      ] GC(37) User=0.01s Sys=0.00s Real=0.02s
[2022-05-10T02:27:19.890+0000][161][safepoint   ] Safepoint "G1CollectForAllocation", Time since last: 591332542 ns, Reaching safepoint: 137042 ns, At safepoint: 16978708 ns, Total: 17115750 ns
[2022-05-10T02:27:19.902+0000][161][gc,start    ] GC(38) Pause Young (Mixed) (G1 Evacuation Pause)
[2022-05-10T02:27:19.902+0000][161][gc,task     ] GC(38) Using 5 workers of 5 for evacuation
[2022-05-10T02:27:19.903+0000][161][gc,age      ] GC(38) Desired survivor size 2097152 bytes, new threshold 1 (max threshold 15)
[2022-05-10T02:27:19.906+0000][161][gc,age      ] GC(38) Age table with threshold 1 (max threshold 15)
[2022-05-10T02:27:19.907+0000][161][gc,age      ] GC(38) - age   1:     109784 bytes,     109784 total
[2022-05-10T02:27:19.908+0000][161][gc,phases   ] GC(38)   Pre Evacuate Collection Set: 0.2ms
[2022-05-10T02:27:19.909+0000][161][gc,phases   ] GC(38)   Merge Heap Roots: 0.1ms
[2022-05-10T02:27:19.910+0000][161][gc,phases   ] GC(38)   Evacuate Collection Set: 1.5ms
[2022-05-10T02:27:19.910+0000][161][gc,phases   ] GC(38)   Post Evacuate Collection Set: 0.6ms
[2022-05-10T02:27:19.911+0000][161][gc,phases   ] GC(38)   Other: 3.9ms
[2022-05-10T02:27:19.911+0000][161][gc,heap     ] GC(38) Eden regions: 1->0(53)
[2022-05-10T02:27:19.912+0000][161][gc,heap     ] GC(38) Survivor regions: 5->1(1)
[2022-05-10T02:27:19.912+0000][161][gc,heap     ] GC(38) Old regions: 34->35
[2022-05-10T02:27:19.913+0000][161][gc,heap     ] GC(38) Archive regions: 2->2
[2022-05-10T02:27:19.914+0000][161][gc,heap     ] GC(38) Humongous regions: 7->7
[2022-05-10T02:27:19.914+0000][161][gc,metaspace] GC(38) Metaspace: 104128K(105792K)->104128K(105792K) NonClass: 89775K(90752K)->89775K(90752K) Class: 14352K(15040K)->14352K(15040K)
[2022-05-10T02:27:19.914+0000][161][gc          ] GC(38) Pause Young (Mixed) (G1 Evacuation Pause) 185M->170M(512M) 12.697ms
[2022-05-10T02:27:19.915+0000][161][gc,cpu      ] GC(38) User=0.01s Sys=0.01s Real=0.01s
[2022-05-10T02:27:19.916+0000][161][safepoint   ] Safepoint "G1CollectForAllocation", Time since last: 11695125 ns, Reaching safepoint: 182083 ns, At safepoint: 13821875 ns, Total: 14003958 ns
[2022-05-10T02:27:19.992+0000][161][gc,start    ] GC(39) Pause Young (Concurrent Start) (G1 Humongous Allocation)
[2022-05-10T02:27:19.993+0000][161][gc,task     ] GC(39) Using 5 workers of 5 for evacuation
[2022-05-10T02:27:19.994+0000][161][gc,age      ] GC(39) Desired survivor size 14680064 bytes, new threshold 15 (max threshold 15)
[2022-05-10T02:27:19.997+0000][161][gc,age      ] GC(39) Age table with threshold 15 (max threshold 15)
[2022-05-10T02:27:19.998+0000][161][gc,age      ] GC(39) - age   1:     389384 bytes,     389384 total
[2022-05-10T02:27:19.998+0000][161][gc,age      ] GC(39) - age   2:      86944 bytes,     476328 total
[2022-05-10T02:27:19.999+0000][161][gc,phases   ] GC(39)   Pre Evacuate Collection Set: 0.3ms
[2022-05-10T02:27:20.000+0000][161][gc,phases   ] GC(39)   Merge Heap Roots: 0.1ms
[2022-05-10T02:27:20.000+0000][161][gc,phases   ] GC(39)   Evacuate Collection Set: 0.9ms
[2022-05-10T02:27:20.001+0000][161][gc,phases   ] GC(39)   Post Evacuate Collection Set: 0.7ms
[2022-05-10T02:27:20.001+0000][161][gc,phases   ] GC(39)   Other: 4.6ms
[2022-05-10T02:27:20.002+0000][161][gc,heap     ] GC(39) Eden regions: 5->0(54)
[2022-05-10T02:27:20.003+0000][161][gc,heap     ] GC(39) Survivor regions: 1->1(7)
[2022-05-10T02:27:20.003+0000][161][gc,heap     ] GC(39) Old regions: 35->35
[2022-05-10T02:27:20.003+0000][161][gc,heap     ] GC(39) Archive regions: 2->2
[2022-05-10T02:27:20.004+0000][161][gc,heap     ] GC(39) Humongous regions: 7->7
[2022-05-10T02:27:20.005+0000][161][gc,metaspace] GC(39) Metaspace: 104128K(105792K)->104128K(105792K) NonClass: 89775K(90752K)->89775K(90752K) Class: 14352K(15040K)->14352K(15040K)
[2022-05-10T02:27:20.005+0000][161][gc          ] GC(39) Pause Young (Concurrent Start) (G1 Humongous Allocation) 190M->170M(512M) 12.894ms
[2022-05-10T02:27:20.006+0000][161][gc,cpu      ] GC(39) User=0.01s Sys=0.00s Real=0.01s
[2022-05-10T02:27:20.007+0000][161][safepoint   ] Safepoint "G1TryInitiateConcMark", Time since last: 76825417 ns, Reaching safepoint: 56667 ns, At safepoint: 14208083 ns, Total: 14264750 ns
[2022-05-10T02:27:20.007+0000][161][gc          ] GC(40) Concurrent Mark Cycle
[2022-05-10T02:27:20.008+0000][161][gc,marking  ] GC(40) Concurrent Clear Claimed Marks
[2022-05-10T02:27:20.009+0000][161][gc,marking  ] GC(40) Concurrent Clear Claimed Marks 0.898ms
[2022-05-10T02:27:20.010+0000][161][gc,marking  ] GC(40) Concurrent Scan Root Regions
[2022-05-10T02:27:20.013+0000][161][gc,marking  ] GC(40) Concurrent Scan Root Regions 2.086ms
[2022-05-10T02:27:20.013+0000][161][gc,marking  ] GC(40) Concurrent Mark
[2022-05-10T02:27:20.014+0000][161][gc,marking  ] GC(40) Concurrent Mark From Roots
[2022-05-10T02:27:20.015+0000][161][gc,task     ] GC(40) Using 1 workers of 1 for marking
[2022-05-10T02:27:20.087+0000][161][gc,marking  ] GC(40) Concurrent Mark From Roots 72.646ms
[2022-05-10T02:27:20.088+0000][161][gc,marking  ] GC(40) Concurrent Preclean
[2022-05-10T02:27:20.090+0000][161][gc,marking  ] GC(40) Concurrent Preclean 1.772ms
[2022-05-10T02:27:20.091+0000][161][gc,start    ] GC(40) Pause Remark
[2022-05-10T02:27:20.095+0000][161][gc          ] GC(40) Pause Remark 210M->210M(512M) 4.281ms
[2022-05-10T02:27:20.096+0000][161][gc,cpu      ] GC(40) User=0.01s Sys=0.01s Real=0.00s
[2022-05-10T02:27:20.096+0000][161][safepoint   ] Safepoint "G1Concurrent", Time since last: 83858875 ns, Reaching safepoint: 244042 ns, At safepoint: 5740958 ns, Total: 5985000 ns
[2022-05-10T02:27:20.097+0000][161][gc,marking  ] GC(40) Concurrent Mark 83.921ms
[2022-05-10T02:27:20.098+0000][161][gc,marking  ] GC(40) Concurrent Rebuild Remembered Sets
[2022-05-10T02:27:20.143+0000][161][gc,marking  ] GC(40) Concurrent Rebuild Remembered Sets 45.204ms
[2022-05-10T02:27:20.145+0000][161][gc,start    ] GC(40) Pause Cleanup
[2022-05-10T02:27:20.146+0000][161][gc          ] GC(40) Pause Cleanup 220M->220M(512M) 0.783ms
[2022-05-10T02:27:20.146+0000][161][gc,cpu      ] GC(40) User=0.00s Sys=0.00s Real=0.00s
[2022-05-10T02:27:20.147+0000][161][safepoint   ] Safepoint "G1Concurrent", Time since last: 48076709 ns, Reaching safepoint: 340375 ns, At safepoint: 2132416 ns, Total: 2472791 ns
[2022-05-10T02:27:20.148+0000][161][gc,marking  ] GC(40) Concurrent Cleanup for Next Mark
[2022-05-10T02:27:20.149+0000][161][gc,marking  ] GC(40) Concurrent Cleanup for Next Mark 1.449ms
[2022-05-10T02:27:20.150+0000][161][gc          ] GC(40) Concurrent Mark Cycle 143.188ms
[2022-05-10T02:27:21.149+0000][161][safepoint   ] Safepoint "Cleanup", Time since last: 1001072042 ns, Reaching safepoint: 489334 ns, At safepoint: 7958 ns, Total: 497292 ns
[2022-05-10T02:27:21.557+0000][161][gc,start    ] GC(41) Pause Young (Prepare Mixed) (G1 Evacuation Pause)
[2022-05-10T02:27:21.558+0000][161][gc,task     ] GC(41) Using 5 workers of 5 for evacuation
[2022-05-10T02:27:21.559+0000][161][gc,age      ] GC(41) Desired survivor size 14680064 bytes, new threshold 15 (max threshold 15)
[2022-05-10T02:27:21.562+0000][161][gc,age      ] GC(41) Age table with threshold 15 (max threshold 15)
[2022-05-10T02:27:21.563+0000][161][gc,age      ] GC(41) - age   1:   15165576 bytes,   15165576 total
[2022-05-10T02:27:21.564+0000][161][gc,age      ] GC(41) - age   2:     304496 bytes,   15470072 total
[2022-05-10T02:27:21.564+0000][161][gc,age      ] GC(41) - age   3:      84256 bytes,   15554328 total
[2022-05-10T02:27:21.565+0000][161][gc,phases   ] GC(41)   Pre Evacuate Collection Set: 0.1ms
[2022-05-10T02:27:21.566+0000][161][gc,phases   ] GC(41)   Merge Heap Roots: 0.1ms
[2022-05-10T02:27:21.566+0000][161][gc,phases   ] GC(41)   Evacuate Collection Set: 1.7ms
[2022-05-10T02:27:21.569+0000][161][gc,phases   ] GC(41)   Post Evacuate Collection Set: 0.7ms
[2022-05-10T02:27:21.569+0000][161][gc,phases   ] GC(41)   Other: 5.4ms
[2022-05-10T02:27:21.570+0000][161][gc,heap     ] GC(41) Eden regions: 54->0(2)
[2022-05-10T02:27:21.571+0000][161][gc,heap     ] GC(41) Survivor regions: 1->4(7)
[2022-05-10T02:27:21.571+0000][161][gc,heap     ] GC(41) Old regions: 35->35
[2022-05-10T02:27:21.572+0000][161][gc,heap     ] GC(41) Archive regions: 2->2
[2022-05-10T02:27:21.573+0000][161][gc,heap     ] GC(41) Humongous regions: 8->8
[2022-05-10T02:27:21.573+0000][161][gc,metaspace] GC(41) Metaspace: 104158K(105792K)->104158K(105792K) NonClass: 89805K(90752K)->89805K(90752K) Class: 14352K(15040K)->14352K(15040K)
[2022-05-10T02:27:21.574+0000][161][gc          ] GC(41) Pause Young (Prepare Mixed) (G1 Evacuation Pause) 390M->189M(512M) 16.309ms
[2022-05-10T02:27:21.574+0000][161][gc,cpu      ] GC(41) User=0.01s Sys=0.00s Real=0.01s
[2022-05-10T02:27:21.575+0000][161][safepoint   ] Safepoint "G1CollectForAllocation", Time since last: 408695500 ns, Reaching safepoint: 73334 ns, At safepoint: 17652500 ns, Total: 17725834 ns
[2022-05-10T02:27:21.681+0000][161][gc,start    ] GC(42) Pause Young (Mixed) (G1 Evacuation Pause)
[2022-05-10T02:27:21.682+0000][161][gc,task     ] GC(42) Using 5 workers of 5 for evacuation
[2022-05-10T02:27:21.683+0000][161][gc,age      ] GC(42) Desired survivor size 2097152 bytes, new threshold 1 (max threshold 15)
[2022-05-10T02:27:21.686+0000][161][gc,age      ] GC(42) Age table with threshold 1 (max threshold 15)
[2022-05-10T02:27:21.687+0000][161][gc,age      ] GC(42) - age   1:     306736 bytes,     306736 total
[2022-05-10T02:27:21.688+0000][161][gc,phases   ] GC(42)   Pre Evacuate Collection Set: 0.1ms
[2022-05-10T02:27:21.689+0000][161][gc,phases   ] GC(42)   Merge Heap Roots: 0.2ms
[2022-05-10T02:27:21.689+0000][161][gc,phases   ] GC(42)   Evacuate Collection Set: 1.4ms
[2022-05-10T02:27:21.690+0000][161][gc,phases   ] GC(42)   Post Evacuate Collection Set: 0.8ms
[2022-05-10T02:27:21.691+0000][161][gc,phases   ] GC(42)   Other: 4.6ms
[2022-05-10T02:27:21.691+0000][161][gc,heap     ] GC(42) Eden regions: 2->0(49)
[2022-05-10T02:27:21.692+0000][161][gc,heap     ] GC(42) Survivor regions: 4->1(1)
[2022-05-10T02:27:21.692+0000][161][gc,heap     ] GC(42) Old regions: 35->38
[2022-05-10T02:27:21.693+0000][161][gc,heap     ] GC(42) Archive regions: 2->2
[2022-05-10T02:27:21.693+0000][161][gc,heap     ] GC(42) Humongous regions: 8->8
[2022-05-10T02:27:21.694+0000][161][gc,metaspace] GC(42) Metaspace: 104158K(105792K)->104158K(105792K) NonClass: 89805K(90752K)->89805K(90752K) Class: 14352K(15040K)->14352K(15040K)
[2022-05-10T02:27:21.694+0000][161][gc          ] GC(42) Pause Young (Mixed) (G1 Evacuation Pause) 197M->185M(512M) 13.651ms
[2022-05-10T02:27:21.695+0000][161][gc,cpu      ] GC(42) User=0.01s Sys=0.00s Real=0.01s
[2022-05-10T02:27:21.696+0000][161][safepoint   ] Safepoint "G1CollectForAllocation", Time since last: 105538375 ns, Reaching safepoint: 109041 ns, At safepoint: 14990125 ns, Total: 15099166 ns
[2022-05-10T02:27:22.702+0000][161][safepoint   ] Safepoint "Cleanup", Time since last: 1006509084 ns, Reaching safepoint: 195958 ns, At safepoint: 12625 ns, Total: 208583 ns
[2022-05-10T02:27:22.907+0000][161][gc,start    ] GC(43) Pause Young (Concurrent Start) (G1 Evacuation Pause)
[2022-05-10T02:27:22.908+0000][161][gc,task     ] GC(43) Using 5 workers of 5 for evacuation
[2022-05-10T02:27:22.909+0000][161][gc,age      ] GC(43) Desired survivor size 14680064 bytes, new threshold 15 (max threshold 15)
[2022-05-10T02:27:22.913+0000][161][gc,age      ] GC(43) Age table with threshold 15 (max threshold 15)
[2022-05-10T02:27:22.914+0000][161][gc,age      ] GC(43) - age   1:   18690704 bytes,   18690704 total
[2022-05-10T02:27:22.915+0000][161][gc,age      ] GC(43) - age   2:     284832 bytes,   18975536 total
[2022-05-10T02:27:22.916+0000][161][gc,phases   ] GC(43)   Pre Evacuate Collection Set: 0.3ms
[2022-05-10T02:27:22.917+0000][161][gc,phases   ] GC(43)   Merge Heap Roots: 0.1ms
[2022-05-10T02:27:22.917+0000][161][gc,phases   ] GC(43)   Evacuate Collection Set: 1.7ms
[2022-05-10T02:27:22.918+0000][161][gc,phases   ] GC(43)   Post Evacuate Collection Set: 1.0ms
[2022-05-10T02:27:22.919+0000][161][gc,phases   ] GC(43)   Other: 5.9ms
[2022-05-10T02:27:22.919+0000][161][gc,heap     ] GC(43) Eden regions: 49->0(43)
[2022-05-10T02:27:22.920+0000][161][gc,heap     ] GC(43) Survivor regions: 1->5(7)
[2022-05-10T02:27:22.921+0000][161][gc,heap     ] GC(43) Old regions: 38->38
[2022-05-10T02:27:22.921+0000][161][gc,heap     ] GC(43) Archive regions: 2->2
[2022-05-10T02:27:22.922+0000][161][gc,heap     ] GC(43) Humongous regions: 10->9
[2022-05-10T02:27:22.923+0000][161][gc,metaspace] GC(43) Metaspace: 104182K(105792K)->104182K(105792K) NonClass: 89829K(90752K)->89829K(90752K) Class: 14352K(15040K)->14352K(15040K)
[2022-05-10T02:27:22.923+0000][161][gc          ] GC(43) Pause Young (Concurrent Start) (G1 Evacuation Pause) 389M->208M(512M) 16.831ms
[2022-05-10T02:27:22.924+0000][161][gc,cpu      ] GC(43) User=0.01s Sys=0.01s Real=0.02s
[2022-05-10T02:27:22.925+0000][161][safepoint   ] Safepoint "G1CollectForAllocation", Time since last: 203951542 ns, Reaching safepoint: 150000 ns, At safepoint: 18277500 ns, Total: 18427500 ns
[2022-05-10T02:27:22.925+0000][161][gc          ] GC(44) Concurrent Mark Cycle
[2022-05-10T02:27:22.926+0000][161][gc,marking  ] GC(44) Concurrent Clear Claimed Marks
[2022-05-10T02:27:22.927+0000][161][gc,marking  ] GC(44) Concurrent Clear Claimed Marks 0.699ms
[2022-05-10T02:27:22.927+0000][161][gc,marking  ] GC(44) Concurrent Scan Root Regions
[2022-05-10T02:27:22.929+0000][161][gc,marking  ] GC(44) Concurrent Scan Root Regions 1.712ms
[2022-05-10T02:27:22.930+0000][161][gc,marking  ] GC(44) Concurrent Mark
[2022-05-10T02:27:22.930+0000][161][gc,marking  ] GC(44) Concurrent Mark From Roots
[2022-05-10T02:27:22.931+0000][161][gc,task     ] GC(44) Using 1 workers of 1 for marking
[2022-05-10T02:27:22.996+0000][161][gc,marking  ] GC(44) Concurrent Mark From Roots 65.442ms
[2022-05-10T02:27:22.997+0000][161][gc,marking  ] GC(44) Concurrent Preclean
[2022-05-10T02:27:22.998+0000][161][gc,marking  ] GC(44) Concurrent Preclean 1.173ms
[2022-05-10T02:27:22.999+0000][161][gc,start    ] GC(44) Pause Remark
[2022-05-10T02:27:23.004+0000][161][gc          ] GC(44) Pause Remark 220M->204M(512M) 4.825ms
[2022-05-10T02:27:23.005+0000][161][gc,cpu      ] GC(44) User=0.02s Sys=0.00s Real=0.00s
[2022-05-10T02:27:23.006+0000][161][safepoint   ] Safepoint "G1Concurrent", Time since last: 73966042 ns, Reaching safepoint: 218250 ns, At safepoint: 7034917 ns, Total: 7253167 ns
[2022-05-10T02:27:23.007+0000][161][gc,marking  ] GC(44) Concurrent Mark 77.059ms
[2022-05-10T02:27:23.012+0000][161][gc,marking  ] GC(44) Concurrent Rebuild Remembered Sets
[2022-05-10T02:27:23.053+0000][161][gc,marking  ] GC(44) Concurrent Rebuild Remembered Sets 41.467ms
[2022-05-10T02:27:23.055+0000][161][gc,start    ] GC(44) Pause Cleanup
[2022-05-10T02:27:23.056+0000][161][gc          ] GC(44) Pause Cleanup 211M->211M(512M) 1.787ms
[2022-05-10T02:27:23.057+0000][161][gc,cpu      ] GC(44) User=0.00s Sys=0.00s Real=0.00s
[2022-05-10T02:27:23.058+0000][161][safepoint   ] Safepoint "G1Concurrent", Time since last: 48479416 ns, Reaching safepoint: 95000 ns, At safepoint: 3122084 ns, Total: 3217084 ns
[2022-05-10T02:27:23.059+0000][161][gc,marking  ] GC(44) Concurrent Cleanup for Next Mark
[2022-05-10T02:27:23.060+0000][161][gc,marking  ] GC(44) Concurrent Cleanup for Next Mark 1.309ms
[2022-05-10T02:27:23.061+0000][161][gc          ] GC(44) Concurrent Mark Cycle 135.823ms
[2022-05-10T02:27:23.682+0000][161][gc,start    ] GC(45) Pause Young (Prepare Mixed) (G1 Evacuation Pause)
[2022-05-10T02:27:23.683+0000][161][gc,task     ] GC(45) Using 5 workers of 5 for evacuation
[2022-05-10T02:27:23.684+0000][161][gc,age      ] GC(45) Desired survivor size 12582912 bytes, new threshold 1 (max threshold 15)
[2022-05-10T02:27:23.688+0000][161][gc,age      ] GC(45) Age table with threshold 1 (max threshold 15)
[2022-05-10T02:27:23.689+0000][161][gc,age      ] GC(45) - age   1:   10605800 bytes,   10605800 total
[2022-05-10T02:27:23.689+0000][161][gc,phases   ] GC(45)   Pre Evacuate Collection Set: 0.2ms
[2022-05-10T02:27:23.690+0000][161][gc,phases   ] GC(45)   Merge Heap Roots: 0.2ms
[2022-05-10T02:27:23.690+0000][161][gc,phases   ] GC(45)   Evacuate Collection Set: 1.8ms
[2022-05-10T02:27:23.691+0000][161][gc,phases   ] GC(45)   Post Evacuate Collection Set: 0.8ms
[2022-05-10T02:27:23.691+0000][161][gc,phases   ] GC(45)   Other: 4.1ms
[2022-05-10T02:27:23.692+0000][161][gc,heap     ] GC(45) Eden regions: 43->0(3)
[2022-05-10T02:27:23.693+0000][161][gc,heap     ] GC(45) Survivor regions: 5->3(6)
[2022-05-10T02:27:23.693+0000][161][gc,heap     ] GC(45) Old regions: 35->39
[2022-05-10T02:27:23.694+0000][161][gc,heap     ] GC(45) Archive regions: 2->2
[2022-05-10T02:27:23.694+0000][161][gc,heap     ] GC(45) Humongous regions: 8->8
[2022-05-10T02:27:23.695+0000][161][gc,metaspace] GC(45) Metaspace: 104204K(105792K)->104204K(105792K) NonClass: 89851K(90752K)->89851K(90752K) Class: 14352K(15040K)->14352K(15040K)
[2022-05-10T02:27:23.696+0000][161][gc          ] GC(45) Pause Young (Prepare Mixed) (G1 Evacuation Pause) 364M->201M(512M) 13.361ms
[2022-05-10T02:27:23.696+0000][161][gc,cpu      ] GC(45) User=0.01s Sys=0.00s Real=0.01s
[2022-05-10T02:27:23.697+0000][161][safepoint   ] Safepoint "G1CollectForAllocation", Time since last: 624429458 ns, Reaching safepoint: 187792 ns, At safepoint: 14642000 ns, Total: 14829792 ns
[2022-05-10T02:27:23.746+0000][161][gc,start    ] GC(46) Pause Young (Mixed) (G1 Evacuation Pause)
[2022-05-10T02:27:23.747+0000][161][gc,task     ] GC(46) Using 5 workers of 5 for evacuation
[2022-05-10T02:27:23.748+0000][161][gc,age      ] GC(46) Desired survivor size 2097152 bytes, new threshold 1 (max threshold 15)
[2022-05-10T02:27:23.751+0000][161][gc,age      ] GC(46) Age table with threshold 1 (max threshold 15)
[2022-05-10T02:27:23.752+0000][161][gc,age      ] GC(46) - age   1:     276376 bytes,     276376 total
[2022-05-10T02:27:23.752+0000][161][gc,phases   ] GC(46)   Pre Evacuate Collection Set: 0.1ms
[2022-05-10T02:27:23.753+0000][161][gc,phases   ] GC(46)   Merge Heap Roots: 0.1ms
[2022-05-10T02:27:23.754+0000][161][gc,phases   ] GC(46)   Evacuate Collection Set: 1.9ms
[2022-05-10T02:27:23.754+0000][161][gc,phases   ] GC(46)   Post Evacuate Collection Set: 0.6ms
[2022-05-10T02:27:23.755+0000][161][gc,phases   ] GC(46)   Other: 3.8ms
[2022-05-10T02:27:23.755+0000][161][gc,heap     ] GC(46) Eden regions: 3->0(49)
[2022-05-10T02:27:23.756+0000][161][gc,heap     ] GC(46) Survivor regions: 3->1(1)
[2022-05-10T02:27:23.756+0000][161][gc,heap     ] GC(46) Old regions: 39->37
[2022-05-10T02:27:23.757+0000][161][gc,heap     ] GC(46) Archive regions: 2->2
[2022-05-10T02:27:23.758+0000][161][gc,heap     ] GC(46) Humongous regions: 8->8
[2022-05-10T02:27:23.758+0000][161][gc,metaspace] GC(46) Metaspace: 104210K(105856K)->104210K(105856K) NonClass: 89857K(90816K)->89857K(90816K) Class: 14352K(15040K)->14352K(15040K)
[2022-05-10T02:27:23.759+0000][161][gc          ] GC(46) Pause Young (Mixed) (G1 Evacuation Pause) 213M->183M(512M) 13.344ms
[2022-05-10T02:27:23.760+0000][161][gc,cpu      ] GC(46) User=0.01s Sys=0.01s Real=0.02s
[2022-05-10T02:27:23.761+0000][161][safepoint   ] Safepoint "G1CollectForAllocation", Time since last: 49038500 ns, Reaching safepoint: 92292 ns, At safepoint: 14689666 ns, Total: 14781958 ns
[2022-05-10T02:27:24.273+0000][161][gc,start    ] GC(47) Pause Young (Normal) (G1 Evacuation Pause)
[2022-05-10T02:27:24.274+0000][161][gc,task     ] GC(47) Using 5 workers of 5 for evacuation
[2022-05-10T02:27:24.274+0000][161][gc,age      ] GC(47) Desired survivor size 14680064 bytes, new threshold 15 (max threshold 15)
[2022-05-10T02:27:24.277+0000][161][gc,age      ] GC(47) Age table with threshold 15 (max threshold 15)
[2022-05-10T02:27:24.278+0000][161][gc,age      ] GC(47) - age   1:    1048280 bytes,    1048280 total
[2022-05-10T02:27:24.279+0000][161][gc,age      ] GC(47) - age   2:     169928 bytes,    1218208 total
[2022-05-10T02:27:24.280+0000][161][gc,phases   ] GC(47)   Pre Evacuate Collection Set: 0.2ms
[2022-05-10T02:27:24.280+0000][161][gc,phases   ] GC(47)   Merge Heap Roots: 0.1ms
[2022-05-10T02:27:24.281+0000][161][gc,phases   ] GC(47)   Evacuate Collection Set: 1.2ms
[2022-05-10T02:27:24.282+0000][161][gc,phases   ] GC(47)   Post Evacuate Collection Set: 0.8ms
[2022-05-10T02:27:24.283+0000][161][gc,phases   ] GC(47)   Other: 4.8ms
[2022-05-10T02:27:24.283+0000][161][gc,heap     ] GC(47) Eden regions: 49->0(51)
[2022-05-10T02:27:24.284+0000][161][gc,heap     ] GC(47) Survivor regions: 1->1(7)
[2022-05-10T02:27:24.284+0000][161][gc,heap     ] GC(47) Old regions: 37->37
[2022-05-10T02:27:24.285+0000][161][gc,heap     ] GC(47) Archive regions: 2->2
[2022-05-10T02:27:24.285+0000][161][gc,heap     ] GC(47) Humongous regions: 8->8
[2022-05-10T02:27:24.286+0000][161][gc,metaspace] GC(47) Metaspace: 104249K(105856K)->104249K(105856K) NonClass: 89896K(90816K)->89896K(90816K) Class: 14352K(15040K)->14352K(15040K)
[2022-05-10T02:27:24.287+0000][161][gc          ] GC(47) Pause Young (Normal) (G1 Evacuation Pause) 379M->184M(512M) 14.118ms
[2022-05-10T02:27:24.287+0000][161][gc,cpu      ] GC(47) User=0.00s Sys=0.00s Real=0.02s
[2022-05-10T02:27:24.288+0000][161][safepoint   ] Safepoint "G1CollectForAllocation", Time since last: 511665292 ns, Reaching safepoint: 171083 ns, At safepoint: 15520167 ns, Total: 15691250 ns
[2022-05-10T02:27:25.383+0000][161][safepoint   ] Safepoint "Cleanup", Time since last: 1095065542 ns, Reaching safepoint: 211542 ns, At safepoint: 4875 ns, Total: 216417 ns
[2022-05-10T02:27:25.524+0000][161][gc,start    ] GC(48) Pause Young (Normal) (G1 Evacuation Pause)
[2022-05-10T02:27:25.525+0000][161][gc,task     ] GC(48) Using 5 workers of 5 for evacuation
[2022-05-10T02:27:25.525+0000][161][gc,age      ] GC(48) Desired survivor size 14680064 bytes, new threshold 15 (max threshold 15)
[2022-05-10T02:27:25.529+0000][161][gc,age      ] GC(48) Age table with threshold 15 (max threshold 15)
[2022-05-10T02:27:25.529+0000][161][gc,age      ] GC(48) - age   1:     544848 bytes,     544848 total
[2022-05-10T02:27:25.530+0000][161][gc,age      ] GC(48) - age   2:     137008 bytes,     681856 total
[2022-05-10T02:27:25.531+0000][161][gc,age      ] GC(48) - age   3:     161144 bytes,     843000 total
[2022-05-10T02:27:25.531+0000][161][gc,phases   ] GC(48)   Pre Evacuate Collection Set: 0.1ms
[2022-05-10T02:27:25.532+0000][161][gc,phases   ] GC(48)   Merge Heap Roots: 1.0ms
[2022-05-10T02:27:25.534+0000][161][gc,phases   ] GC(48)   Evacuate Collection Set: 0.6ms
[2022-05-10T02:27:25.535+0000][161][gc,phases   ] GC(48)   Post Evacuate Collection Set: 0.6ms
[2022-05-10T02:27:25.535+0000][161][gc,phases   ] GC(48)   Other: 4.7ms
[2022-05-10T02:27:25.537+0000][161][gc,heap     ] GC(48) Eden regions: 51->0(53)
[2022-05-10T02:27:25.537+0000][161][gc,heap     ] GC(48) Survivor regions: 1->1(7)
[2022-05-10T02:27:25.538+0000][161][gc,heap     ] GC(48) Old regions: 37->37
[2022-05-10T02:27:25.541+0000][161][gc,heap     ] GC(48) Archive regions: 2->2
[2022-05-10T02:27:25.541+0000][161][gc,heap     ] GC(48) Humongous regions: 8->8
[2022-05-10T02:27:25.543+0000][161][gc,metaspace] GC(48) Metaspace: 104291K(105920K)->104291K(105920K) NonClass: 89938K(90880K)->89938K(90880K) Class: 14352K(15040K)->14352K(15040K)
[2022-05-10T02:27:25.545+0000][161][gc          ] GC(48) Pause Young (Normal) (G1 Evacuation Pause) 388M->183M(512M) 20.648ms
[2022-05-10T02:27:25.547+0000][161][gc,cpu      ] GC(48) User=0.00s Sys=0.01s Real=0.02s
[2022-05-10T02:27:25.548+0000][161][safepoint   ] Safepoint "G1CollectForAllocation", Time since last: 140797667 ns, Reaching safepoint: 169625 ns, At safepoint: 23874083 ns, Total: 24043708 ns
[2022-05-10T02:27:26.339+0000][161][safepoint   ] Safepoint "ICBufferFull", Time since last: 791019125 ns, Reaching safepoint: 196125 ns, At safepoint: 28542 ns, Total: 224667 ns
[2022-05-10T02:27:26.383+0000][161][gc,start    ] GC(49) Pause Young (Normal) (G1 Evacuation Pause)
[2022-05-10T02:27:26.384+0000][161][gc,task     ] GC(49) Using 5 workers of 5 for evacuation
[2022-05-10T02:27:26.385+0000][161][gc,age      ] GC(49) Desired survivor size 14680064 bytes, new threshold 15 (max threshold 15)
[2022-05-10T02:27:26.388+0000][161][gc,age      ] GC(49) Age table with threshold 15 (max threshold 15)
[2022-05-10T02:27:26.389+0000][161][gc,age      ] GC(49) - age   1:    3071256 bytes,    3071256 total
[2022-05-10T02:27:26.390+0000][161][gc,age      ] GC(49) - age   2:     427032 bytes,    3498288 total
[2022-05-10T02:27:26.391+0000][161][gc,age      ] GC(49) - age   3:     136184 bytes,    3634472 total
[2022-05-10T02:27:26.392+0000][161][gc,age      ] GC(49) - age   4:     161144 bytes,    3795616 total
[2022-05-10T02:27:26.392+0000][161][gc,phases   ] GC(49)   Pre Evacuate Collection Set: 0.1ms
[2022-05-10T02:27:26.393+0000][161][gc,phases   ] GC(49)   Merge Heap Roots: 0.0ms
[2022-05-10T02:27:26.394+0000][161][gc,phases   ] GC(49)   Evacuate Collection Set: 1.3ms
[2022-05-10T02:27:26.394+0000][161][gc,phases   ] GC(49)   Post Evacuate Collection Set: 0.7ms
[2022-05-10T02:27:26.394+0000][161][gc,phases   ] GC(49)   Other: 6.9ms
[2022-05-10T02:27:26.395+0000][161][gc,heap     ] GC(49) Eden regions: 53->0(54)
[2022-05-10T02:27:26.396+0000][161][gc,heap     ] GC(49) Survivor regions: 1->1(7)
[2022-05-10T02:27:26.397+0000][161][gc,heap     ] GC(49) Old regions: 37->37
[2022-05-10T02:27:26.397+0000][161][gc,heap     ] GC(49) Archive regions: 2->2
[2022-05-10T02:27:26.398+0000][161][gc,heap     ] GC(49) Humongous regions: 8->8
[2022-05-10T02:27:26.398+0000][161][gc,metaspace] GC(49) Metaspace: 104481K(106112K)->104481K(106112K) NonClass: 90112K(91072K)->90112K(91072K) Class: 14368K(15040K)->14368K(15040K)
[2022-05-10T02:27:26.399+0000][161][gc          ] GC(49) Pause Young (Normal) (G1 Evacuation Pause) 395M->186M(512M) 15.515ms
[2022-05-10T02:27:26.400+0000][161][gc,cpu      ] GC(49) User=0.01s Sys=0.00s Real=0.02s
[2022-05-10T02:27:26.400+0000][161][safepoint   ] Safepoint "G1CollectForAllocation", Time since last: 43505208 ns, Reaching safepoint: 356334 ns, At safepoint: 17012750 ns, Total: 17369084 ns
[2022-05-10T02:27:27.402+0000][161][safepoint   ] Safepoint "Cleanup", Time since last: 1001401042 ns, Reaching safepoint: 180583 ns, At safepoint: 4084 ns, Total: 184667 ns
[2022-05-10T02:27:28.404+0000][161][safepoint   ] Safepoint "Cleanup", Time since last: 1002104375 ns, Reaching safepoint: 369625 ns, At safepoint: 27917 ns, Total: 397542 ns
[2022-05-10T02:27:28.868+0000][161][gc,start    ] GC(50) Pause Young (Concurrent Start) (G1 Evacuation Pause)
[2022-05-10T02:27:28.869+0000][161][gc,task     ] GC(50) Using 5 workers of 5 for evacuation
[2022-05-10T02:27:28.870+0000][161][gc,age      ] GC(50) Desired survivor size 14680064 bytes, new threshold 15 (max threshold 15)
[2022-05-10T02:27:28.873+0000][161][gc,age      ] GC(50) Age table with threshold 15 (max threshold 15)
[2022-05-10T02:27:28.875+0000][161][gc,age      ] GC(50) - age   1:   13324816 bytes,   13324816 total
[2022-05-10T02:27:28.876+0000][161][gc,age      ] GC(50) - age   2:     576656 bytes,   13901472 total
[2022-05-10T02:27:28.877+0000][161][gc,age      ] GC(50) - age   3:     424368 bytes,   14325840 total
[2022-05-10T02:27:28.877+0000][161][gc,age      ] GC(50) - age   4:     136184 bytes,   14462024 total
[2022-05-10T02:27:28.878+0000][161][gc,age      ] GC(50) - age   5:     161080 bytes,   14623104 total
[2022-05-10T02:27:28.879+0000][161][gc,phases   ] GC(50)   Pre Evacuate Collection Set: 0.3ms
[2022-05-10T02:27:28.879+0000][161][gc,phases   ] GC(50)   Merge Heap Roots: 0.0ms
[2022-05-10T02:27:28.880+0000][161][gc,phases   ] GC(50)   Evacuate Collection Set: 1.7ms
[2022-05-10T02:27:28.880+0000][161][gc,phases   ] GC(50)   Post Evacuate Collection Set: 0.9ms
[2022-05-10T02:27:28.881+0000][161][gc,phases   ] GC(50)   Other: 7.5ms
[2022-05-10T02:27:28.882+0000][161][gc,heap     ] GC(50) Eden regions: 54->0(49)
[2022-05-10T02:27:28.882+0000][161][gc,heap     ] GC(50) Survivor regions: 1->4(7)
[2022-05-10T02:27:28.883+0000][161][gc,heap     ] GC(50) Old regions: 37->37
[2022-05-10T02:27:28.884+0000][161][gc,heap     ] GC(50) Archive regions: 2->2
[2022-05-10T02:27:28.884+0000][161][gc,heap     ] GC(50) Humongous regions: 8->8
[2022-05-10T02:27:28.885+0000][161][gc,metaspace] GC(50) Metaspace: 104580K(106176K)->104580K(106176K) NonClass: 90210K(91136K)->90210K(91136K) Class: 14369K(15040K)->14369K(15040K)
[2022-05-10T02:27:28.885+0000][161][gc          ] GC(50) Pause Young (Concurrent Start) (G1 Evacuation Pause) 402M->197M(512M) 17.355ms
[2022-05-10T02:27:28.886+0000][161][gc,cpu      ] GC(50) User=0.01s Sys=0.00s Real=0.01s
[2022-05-10T02:27:28.887+0000][161][safepoint   ] Safepoint "G1CollectForAllocation", Time since last: 463063000 ns, Reaching safepoint: 549250 ns, At safepoint: 18683375 ns, Total: 19232625 ns
[2022-05-10T02:27:28.887+0000][161][gc          ] GC(51) Concurrent Mark Cycle
[2022-05-10T02:27:28.893+0000][161][gc,marking  ] GC(51) Concurrent Clear Claimed Marks
[2022-05-10T02:27:28.894+0000][161][gc,marking  ] GC(51) Concurrent Clear Claimed Marks 1.629ms
[2022-05-10T02:27:28.896+0000][161][gc,marking  ] GC(51) Concurrent Scan Root Regions
[2022-05-10T02:27:28.900+0000][161][gc,marking  ] GC(51) Concurrent Scan Root Regions 3.780ms
[2022-05-10T02:27:28.901+0000][161][gc,marking  ] GC(51) Concurrent Mark
[2022-05-10T02:27:28.902+0000][161][gc,marking  ] GC(51) Concurrent Mark From Roots
[2022-05-10T02:27:28.903+0000][161][gc,task     ] GC(51) Using 1 workers of 1 for marking
[2022-05-10T02:27:28.986+0000][161][gc,marking  ] GC(51) Concurrent Mark From Roots 84.476ms
[2022-05-10T02:27:28.988+0000][161][gc,marking  ] GC(51) Concurrent Preclean
[2022-05-10T02:27:28.994+0000][161][gc,marking  ] GC(51) Concurrent Preclean 6.326ms
[2022-05-10T02:27:28.997+0000][161][gc,start    ] GC(51) Pause Remark
[2022-05-10T02:27:29.003+0000][161][gc          ] GC(51) Pause Remark 212M->212M(512M) 5.968ms
[2022-05-10T02:27:29.004+0000][161][gc,cpu      ] GC(51) User=0.02s Sys=0.00s Real=0.01s
[2022-05-10T02:27:29.005+0000][161][safepoint   ] Safepoint "G1Concurrent", Time since last: 109733500 ns, Reaching safepoint: 438208 ns, At safepoint: 7875834 ns, Total: 8314042 ns
[2022-05-10T02:27:29.006+0000][161][gc,marking  ] GC(51) Concurrent Mark 105.157ms
[2022-05-10T02:27:29.007+0000][161][gc,marking  ] GC(51) Concurrent Rebuild Remembered Sets
[2022-05-10T02:27:29.054+0000][161][gc,marking  ] GC(51) Concurrent Rebuild Remembered Sets 47.731ms
[2022-05-10T02:27:29.056+0000][161][gc,start    ] GC(51) Pause Cleanup
[2022-05-10T02:27:29.057+0000][161][gc          ] GC(51) Pause Cleanup 218M->218M(512M) 0.863ms
[2022-05-10T02:27:29.058+0000][161][gc,cpu      ] GC(51) User=0.00s Sys=0.00s Real=0.01s
[2022-05-10T02:27:29.059+0000][161][safepoint   ] Safepoint "G1Concurrent", Time since last: 50955083 ns, Reaching safepoint: 236292 ns, At safepoint: 2627375 ns, Total: 2863667 ns
[2022-05-10T02:27:29.060+0000][161][gc,marking  ] GC(51) Concurrent Cleanup for Next Mark
[2022-05-10T02:27:29.061+0000][161][gc,marking  ] GC(51) Concurrent Cleanup for Next Mark 1.427ms
[2022-05-10T02:27:29.063+0000][161][gc          ] GC(51) Concurrent Mark Cycle 176.709ms
[2022-05-10T02:27:29.691+0000][161][gc,start    ] GC(52) Pause Young (Prepare Mixed) (G1 Evacuation Pause)
[2022-05-10T02:27:29.694+0000][161][gc,task     ] GC(52) Using 5 workers of 5 for evacuation
[2022-05-10T02:27:29.695+0000][161][gc,age      ] GC(52) Desired survivor size 14680064 bytes, new threshold 15 (max threshold 15)
[2022-05-10T02:27:29.700+0000][161][gc,age      ] GC(52) Age table with threshold 15 (max threshold 15)
[2022-05-10T02:27:29.701+0000][161][gc,age      ] GC(52) - age   1:    1599656 bytes,    1599656 total
[2022-05-10T02:27:29.701+0000][161][gc,age      ] GC(52) - age   2:   12069552 bytes,   13669208 total
[2022-05-10T02:27:29.702+0000][161][gc,age      ] GC(52) - age   3:     460488 bytes,   14129696 total
[2022-05-10T02:27:29.703+0000][161][gc,age      ] GC(52) - age   4:     329000 bytes,   14458696 total
[2022-05-10T02:27:29.704+0000][161][gc,age      ] GC(52) - age   5:      81528 bytes,   14540224 total
[2022-05-10T02:27:29.705+0000][161][gc,age      ] GC(52) - age   6:     156704 bytes,   14696928 total
[2022-05-10T02:27:29.705+0000][161][gc,phases   ] GC(52)   Pre Evacuate Collection Set: 0.1ms
[2022-05-10T02:27:29.707+0000][161][gc,phases   ] GC(52)   Merge Heap Roots: 0.7ms
[2022-05-10T02:27:29.707+0000][161][gc,phases   ] GC(52)   Evacuate Collection Set: 2.4ms
[2022-05-10T02:27:29.708+0000][161][gc,phases   ] GC(52)   Post Evacuate Collection Set: 0.8ms
[2022-05-10T02:27:29.709+0000][161][gc,phases   ] GC(52)   Other: 10.2ms
[2022-05-10T02:27:29.710+0000][161][gc,heap     ] GC(52) Eden regions: 49->0(2)
[2022-05-10T02:27:29.711+0000][161][gc,heap     ] GC(52) Survivor regions: 4->4(7)
[2022-05-10T02:27:29.711+0000][161][gc,heap     ] GC(52) Old regions: 37->37
[2022-05-10T02:27:29.712+0000][161][gc,heap     ] GC(52) Archive regions: 2->2
[2022-05-10T02:27:29.713+0000][161][gc,heap     ] GC(52) Humongous regions: 8->8
[2022-05-10T02:27:29.714+0000][161][gc,metaspace] GC(52) Metaspace: 104632K(106240K)->104632K(106240K) NonClass: 90262K(91200K)->90262K(91200K) Class: 14369K(15040K)->14369K(15040K)
[2022-05-10T02:27:29.714+0000][161][gc          ] GC(52) Pause Young (Prepare Mixed) (G1 Evacuation Pause) 393M->197M(512M) 23.086ms
[2022-05-10T02:27:29.715+0000][161][gc,cpu      ] GC(52) User=0.01s Sys=0.00s Real=0.02s
[2022-05-10T02:27:29.716+0000][161][safepoint   ] Safepoint "G1CollectForAllocation", Time since last: 632456458 ns, Reaching safepoint: 247792 ns, At safepoint: 24551750 ns, Total: 24799542 ns
[2022-05-10T02:27:29.719+0000][161][gc,start    ] GC(53) Pause Young (Mixed) (G1 Evacuation Pause)
[2022-05-10T02:27:29.721+0000][161][gc,task     ] GC(53) Using 5 workers of 5 for evacuation
[2022-05-10T02:27:29.722+0000][161][gc,age      ] GC(53) Desired survivor size 2097152 bytes, new threshold 2 (max threshold 15)
[2022-05-10T02:27:29.726+0000][161][gc,age      ] GC(53) Age table with threshold 2 (max threshold 15)
[2022-05-10T02:27:29.727+0000][161][gc,age      ] GC(53) - age   1:       8536 bytes,       8536 total
[2022-05-10T02:27:29.728+0000][161][gc,age      ] GC(53) - age   2:    1595312 bytes,    1603848 total
[2022-05-10T02:27:29.729+0000][161][gc,phases   ] GC(53)   Pre Evacuate Collection Set: 0.4ms
[2022-05-10T02:27:29.730+0000][161][gc,phases   ] GC(53)   Merge Heap Roots: 0.2ms
[2022-05-10T02:27:29.730+0000][161][gc,phases   ] GC(53)   Evacuate Collection Set: 1.8ms
[2022-05-10T02:27:29.731+0000][161][gc,phases   ] GC(53)   Post Evacuate Collection Set: 0.9ms
[2022-05-10T02:27:29.732+0000][161][gc,phases   ] GC(53)   Other: 6.5ms
[2022-05-10T02:27:29.732+0000][161][gc,heap     ] GC(53) Eden regions: 2->0(52)
[2022-05-10T02:27:29.733+0000][161][gc,heap     ] GC(53) Survivor regions: 4->1(1)
[2022-05-10T02:27:29.734+0000][161][gc,heap     ] GC(53) Old regions: 37->39
[2022-05-10T02:27:29.734+0000][161][gc,heap     ] GC(53) Archive regions: 2->2
[2022-05-10T02:27:29.735+0000][161][gc,heap     ] GC(53) Humongous regions: 8->8
[2022-05-10T02:27:29.737+0000][161][gc,metaspace] GC(53) Metaspace: 104632K(106240K)->104632K(106240K) NonClass: 90262K(91200K)->90262K(91200K) Class: 14369K(15040K)->14369K(15040K)
[2022-05-10T02:27:29.738+0000][161][gc          ] GC(53) Pause Young (Mixed) (G1 Evacuation Pause) 205M->193M(512M) 18.752ms
[2022-05-10T02:27:29.739+0000][161][gc,cpu      ] GC(53) User=0.01s Sys=0.00s Real=0.02s
[2022-05-10T02:27:29.740+0000][161][safepoint   ] Safepoint "G1CollectForAllocation", Time since last: 3044208 ns, Reaching safepoint: 102292 ns, At safepoint: 20758458 ns, Total: 20860750 ns
[2022-05-10T02:27:30.741+0000][161][safepoint   ] Safepoint "Cleanup", Time since last: 1001488626 ns, Reaching safepoint: 168083 ns, At safepoint: 3750 ns, Total: 171833 ns
[2022-05-10T02:27:31.746+0000][161][safepoint   ] Safepoint "Cleanup", Time since last: 1001860542 ns, Reaching safepoint: 2393209 ns, At safepoint: 26166 ns, Total: 2419375 ns
[2022-05-10T02:27:32.747+0000][161][safepoint   ] Safepoint "Cleanup", Time since last: 1000929168 ns, Reaching safepoint: 141291 ns, At safepoint: 4417 ns, Total: 145708 ns
[2022-05-10T02:27:33.905+0000][161][safepoint   ] Safepoint "Cleanup", Time since last: 1157814542 ns, Reaching safepoint: 152208 ns, At safepoint: 7709 ns, Total: 159917 ns
[2022-05-10T02:27:34.911+0000][161][safepoint   ] Safepoint "Cleanup", Time since last: 1006069834 ns, Reaching safepoint: 156583 ns, At safepoint: 5042 ns, Total: 161625 ns
[2022-05-10T02:27:35.916+0000][161][safepoint   ] Safepoint "Cleanup", Time since last: 1002716208 ns, Reaching safepoint: 398833 ns, At safepoint: 12250 ns, Total: 411083 ns
[2022-05-10T02:27:36.927+0000][161][safepoint   ] Safepoint "Cleanup", Time since last: 1010487751 ns, Reaching safepoint: 246042 ns, At safepoint: 11083 ns, Total: 257125 ns
[2022-05-10T02:27:38.938+0000][161][safepoint   ] Safepoint "Cleanup", Time since last: 2010516292 ns, Reaching safepoint: 316959 ns, At safepoint: 10083 ns, Total: 327042 ns
[2022-05-10T02:27:39.945+0000][161][safepoint   ] Safepoint "Cleanup", Time since last: 1007391084 ns, Reaching safepoint: 81875 ns, At safepoint: 2833 ns, Total: 84708 ns
[2022-05-10T02:27:42.955+0000][161][safepoint   ] Safepoint "Cleanup", Time since last: 3009860877 ns, Reaching safepoint: 351000 ns, At safepoint: 7250 ns, Total: 358250 ns
[2022-05-10T02:27:43.962+0000][161][safepoint   ] Safepoint "Cleanup", Time since last: 1006198542 ns, Reaching safepoint: 285000 ns, At safepoint: 24875 ns, Total: 309875 ns
[2022-05-10T02:27:46.979+0000][161][safepoint   ] Safepoint "Cleanup", Time since last: 3016543626 ns, Reaching safepoint: 284417 ns, At safepoint: 12542 ns, Total: 296959 ns
[2022-05-10T02:27:52.001+0000][161][safepoint   ] Safepoint "Cleanup", Time since last: 5021554669 ns, Reaching safepoint: 464750 ns, At safepoint: 10708 ns, Total: 475458 ns
[2022-05-10T02:27:55.014+0000][161][safepoint   ] Safepoint "Cleanup", Time since last: 3012876085 ns, Reaching safepoint: 570541 ns, At safepoint: 11125 ns, Total: 581666 ns
[2022-05-10T02:28:14.066+0000][161][safepoint   ] Safepoint "Cleanup", Time since last: 19053370217 ns, Reaching safepoint: 263292 ns, At safepoint: 9958 ns, Total: 273250 ns
[2022-05-10T02:28:19.083+0000][161][safepoint   ] Safepoint "Cleanup", Time since last: 5016668419 ns, Reaching safepoint: 308334 ns, At safepoint: 25000 ns, Total: 333334 ns
[2022-05-10T02:28:28.105+0000][161][safepoint   ] Safepoint "Cleanup", Time since last: 9021122129 ns, Reaching safepoint: 638917 ns, At safepoint: 14833 ns, Total: 653750 ns
[2022-05-10T02:28:43.153+0000][161][safepoint   ] Safepoint "Cleanup", Time since last: 15047359256 ns, Reaching safepoint: 157542 ns, At safepoint: 6208 ns, Total: 163750 ns
[2022-05-10T02:28:44.171+0000][161][safepoint   ] Safepoint "Cleanup", Time since last: 1018137251 ns, Reaching safepoint: 189750 ns, At safepoint: 11125 ns, Total: 200875 ns
[2022-05-10T02:28:50.189+0000][161][safepoint   ] Safepoint "Cleanup", Time since last: 6017310753 ns, Reaching safepoint: 579792 ns, At safepoint: 13666 ns, Total: 593458 ns
[2022-05-10T02:28:51.201+0000][161][safepoint   ] Safepoint "Cleanup", Time since last: 1011885417 ns, Reaching safepoint: 321125 ns, At safepoint: 17709 ns, Total: 338834 ns
[2022-05-10T02:29:00.232+0000][161][safepoint   ] Safepoint "Cleanup", Time since last: 9030687254 ns, Reaching safepoint: 185958 ns, At safepoint: 6417 ns, Total: 192375 ns
[2022-05-10T02:29:14.269+0000][161][safepoint   ] Safepoint "Cleanup", Time since last: 14033532256 ns, Reaching safepoint: 2845750 ns, At safepoint: 19125 ns, Total: 2864875 ns
[2022-05-10T02:29:20.294+0000][161][safepoint   ] Safepoint "Cleanup", Time since last: 6022988503 ns, Reaching safepoint: 2579708 ns, At safepoint: 62500 ns, Total: 2642208 ns
[2022-05-10T02:29:39.357+0000][161][safepoint   ] Safepoint "Cleanup", Time since last: 19058852384 ns, Reaching safepoint: 287708 ns, At safepoint: 9708 ns, Total: 297416 ns
[2022-05-10T02:29:41.365+0000][161][safepoint   ] Safepoint "Cleanup", Time since last: 2007687085 ns, Reaching safepoint: 211583 ns, At safepoint: 5542 ns, Total: 217125 ns
[2022-05-10T02:29:42.370+0000][161][safepoint   ] Safepoint "Cleanup", Time since last: 1004309167 ns, Reaching safepoint: 436375 ns, At safepoint: 12666 ns, Total: 449041 ns
[2022-05-10T02:29:44.380+0000][161][safepoint   ] Safepoint "Cleanup", Time since last: 2009520668 ns, Reaching safepoint: 361333 ns, At safepoint: 11542 ns, Total: 372875 ns
[2022-05-10T02:29:49.391+0000][161][safepoint   ] Safepoint "Cleanup", Time since last: 5011113711 ns, Reaching safepoint: 229291 ns, At safepoint: 5959 ns, Total: 235250 ns
[2022-05-10T02:30:01.427+0000][161][safepoint   ] Safepoint "Cleanup", Time since last: 12034721297 ns, Reaching safepoint: 1138167 ns, At safepoint: 22250 ns, Total: 1160417 ns
[2022-05-10T02:30:02.443+0000][161][safepoint   ] Safepoint "Cleanup", Time since last: 1014265417 ns, Reaching safepoint: 1833417 ns, At safepoint: 12708 ns, Total: 1846125 ns
[2022-05-10T02:30:04.456+0000][161][safepoint   ] Safepoint "Cleanup", Time since last: 2012711793 ns, Reaching safepoint: 391750 ns, At safepoint: 10833 ns, Total: 402583 ns
[2022-05-10T02:30:09.469+0000][161][safepoint   ] Safepoint "Cleanup", Time since last: 5016811626 ns, Reaching safepoint: 359167 ns, At safepoint: 14708 ns, Total: 373875 ns
[2022-05-10T02:30:14.487+0000][161][safepoint   ] Safepoint "Cleanup", Time since last: 5015898044 ns, Reaching safepoint: 1927709 ns, At safepoint: 72291 ns, Total: 2000000 ns
[2022-05-10T02:30:21.518+0000][161][safepoint   ] Safepoint "Cleanup", Time since last: 7030060795 ns, Reaching safepoint: 553959 ns, At safepoint: 45000 ns, Total: 598959 ns
[2022-05-10T02:30:49.614+0000][161][safepoint   ] Safepoint "Cleanup", Time since last: 28095420012 ns, Reaching safepoint: 569792 ns, At safepoint: 7958 ns, Total: 577750 ns
[2022-05-10T02:31:24.707+0000][161][safepoint   ] Safepoint "Cleanup", Time since last: 35093549267 ns, Reaching safepoint: 406083 ns, At safepoint: 14833 ns, Total: 420916 ns
[2022-05-10T02:31:26.716+0000][161][safepoint   ] Safepoint "Cleanup", Time since last: 2009169835 ns, Reaching safepoint: 465916 ns, At safepoint: 16250 ns, Total: 482166 ns
[2022-05-10T02:31:44.776+0000][161][safepoint   ] Safepoint "Cleanup", Time since last: 18057891175 ns, Reaching safepoint: 784333 ns, At safepoint: 14209 ns, Total: 798542 ns
[2022-05-10T02:31:45.788+0000][161][safepoint   ] Safepoint "Cleanup", Time since last: 1011529500 ns, Reaching safepoint: 265458 ns, At safepoint: 19167 ns, Total: 284625 ns
[2022-05-10T02:31:46.800+0000][161][safepoint   ] Safepoint "Cleanup", Time since last: 1011100042 ns, Reaching safepoint: 282792 ns, At safepoint: 14542 ns, Total: 297334 ns
[2022-05-10T02:31:49.573+0000][161][safepoint   ] Safepoint "Cleanup", Time since last: 2772484084 ns, Reaching safepoint: 408084 ns, At safepoint: 20250 ns, Total: 428334 ns
[2022-05-10T02:31:50.576+0000][161][safepoint   ] Safepoint "Cleanup", Time since last: 1003549833 ns, Reaching safepoint: 218209 ns, At safepoint: 6416 ns, Total: 224625 ns
[2022-05-10T02:32:14.678+0000][161][safepoint   ] Safepoint "Cleanup", Time since last: 24098656678 ns, Reaching safepoint: 291958 ns, At safepoint: 23084 ns, Total: 315042 ns
[2022-05-10T02:32:17.713+0000][161][safepoint   ] Safepoint "Cleanup", Time since last: 3034740709 ns, Reaching safepoint: 499250 ns, At safepoint: 13917 ns, Total: 513167 ns
[2022-05-10T02:32:21.735+0000][161][safepoint   ] Safepoint "Cleanup", Time since last: 4020499044 ns, Reaching safepoint: 1419750 ns, At safepoint: 16375 ns, Total: 1436125 ns
[2022-05-10T02:32:23.745+0000][161][safepoint   ] Safepoint "Cleanup", Time since last: 2009043500 ns, Reaching safepoint: 93542 ns, At safepoint: 2875 ns, Total: 96417 ns
[2022-05-10T02:32:24.750+0000][161][safepoint   ] Safepoint "Cleanup", Time since last: 1005229126 ns, Reaching safepoint: 524458 ns, At safepoint: 17542 ns, Total: 542000 ns
[2022-05-10T02:32:31.787+0000][161][safepoint   ] Safepoint "Cleanup", Time since last: 7036389586 ns, Reaching safepoint: 195875 ns, At safepoint: 9709 ns, Total: 205584 ns
[2022-05-10T02:32:43.838+0000][161][safepoint   ] Safepoint "Cleanup", Time since last: 12047805463 ns, Reaching safepoint: 164666 ns, At safepoint: 4125 ns, Total: 168791 ns
[2022-05-10T02:32:45.847+0000][161][safepoint   ] Safepoint "Cleanup", Time since last: 2009044668 ns, Reaching safepoint: 240042 ns, At safepoint: 10250 ns, Total: 250292 ns
[2022-05-10T02:32:54.871+0000][161][safepoint   ] Safepoint "Cleanup", Time since last: 9022590129 ns, Reaching safepoint: 546542 ns, At safepoint: 17083 ns, Total: 563625 ns
[2022-05-10T02:32:59.889+0000][161][safepoint   ] Safepoint "Cleanup", Time since last: 5017626877 ns, Reaching safepoint: 432959 ns, At safepoint: 20666 ns, Total: 453625 ns
[2022-05-10T02:33:13.925+0000][161][safepoint   ] Safepoint "Cleanup", Time since last: 14043201839 ns, Reaching safepoint: 442917 ns, At safepoint: 11292 ns, Total: 454209 ns
[2022-05-10T02:33:14.932+0000][161][safepoint   ] Safepoint "Cleanup", Time since last: 1006947042 ns, Reaching safepoint: 560125 ns, At safepoint: 13792 ns, Total: 573917 ns
[2022-05-10T02:33:15.946+0000][161][safepoint   ] Safepoint "Cleanup", Time since last: 1009785625 ns, Reaching safepoint: 3991125 ns, At safepoint: 22167 ns, Total: 4013292 ns
[2022-05-10T02:33:24.994+0000][161][safepoint   ] Safepoint "Cleanup", Time since last: 9047205337 ns, Reaching safepoint: 645292 ns, At safepoint: 19375 ns, Total: 664667 ns
[2022-05-10T02:33:44.057+0000][161][safepoint   ] Safepoint "Cleanup", Time since last: 19061713384 ns, Reaching safepoint: 553500 ns, At safepoint: 15000 ns, Total: 568500 ns
[2022-05-10T02:33:48.082+0000][161][safepoint   ] Safepoint "Cleanup", Time since last: 4024529918 ns, Reaching safepoint: 510875 ns, At safepoint: 21792 ns, Total: 532667 ns
[2022-05-10T02:34:00.133+0000][161][safepoint   ] Safepoint "Cleanup", Time since last: 12044353464 ns, Reaching safepoint: 6911708 ns, At safepoint: 21000 ns, Total: 6932708 ns
[2022-05-10T02:34:12.155+0000][161][safepoint   ] Safepoint "Cleanup", Time since last: 12026643089 ns, Reaching safepoint: 683625 ns, At safepoint: 12208 ns, Total: 695833 ns
[2022-05-10T02:34:14.159+0000][161][safepoint   ] Safepoint "Cleanup", Time since last: 2003647251 ns, Reaching safepoint: 357417 ns, At safepoint: 20292 ns, Total: 377709 ns
[2022-05-10T02:34:16.170+0000][161][safepoint   ] Safepoint "Cleanup", Time since last: 2010840876 ns, Reaching safepoint: 438375 ns, At safepoint: 11708 ns, Total: 450083 ns
[2022-05-10T02:34:21.198+0000][161][safepoint   ] Safepoint "Cleanup", Time since last: 5027310086 ns, Reaching safepoint: 211583 ns, At safepoint: 5542 ns, Total: 217125 ns
[2022-05-10T02:34:40.004+0000][161][gc,start    ] GC(54) Pause Young (Normal) (G1 Evacuation Pause)
[2022-05-10T02:34:40.009+0000][161][gc,task     ] GC(54) Using 5 workers of 5 for evacuation
[2022-05-10T02:34:40.014+0000][161][gc,age      ] GC(54) Desired survivor size 14680064 bytes, new threshold 15 (max threshold 15)
[2022-05-10T02:34:40.030+0000][161][gc,age      ] GC(54) Age table with threshold 15 (max threshold 15)
[2022-05-10T02:34:40.032+0000][161][gc,age      ] GC(54) - age   1:     787176 bytes,     787176 total
[2022-05-10T02:34:40.036+0000][161][gc,age      ] GC(54) - age   3:     657776 bytes,    1444952 total
[2022-05-10T02:34:40.038+0000][161][gc,phases   ] GC(54)   Pre Evacuate Collection Set: 0.3ms
[2022-05-10T02:34:40.039+0000][161][gc,phases   ] GC(54)   Merge Heap Roots: 0.5ms
[2022-05-10T02:34:40.042+0000][161][gc,phases   ] GC(54)   Evacuate Collection Set: 12.0ms
[2022-05-10T02:34:40.043+0000][161][gc,phases   ] GC(54)   Post Evacuate Collection Set: 1.3ms
[2022-05-10T02:34:40.044+0000][161][gc,phases   ] GC(54)   Other: 19.3ms
[2022-05-10T02:34:40.045+0000][161][gc,heap     ] GC(54) Eden regions: 52->0(53)
[2022-05-10T02:34:40.047+0000][161][gc,heap     ] GC(54) Survivor regions: 1->1(7)
[2022-05-10T02:34:40.048+0000][161][gc,heap     ] GC(54) Old regions: 39->39
[2022-05-10T02:34:40.049+0000][161][gc,heap     ] GC(54) Archive regions: 2->2
[2022-05-10T02:34:40.050+0000][161][gc,heap     ] GC(54) Humongous regions: 8->8
[2022-05-10T02:34:40.052+0000][161][gc,metaspace] GC(54) Metaspace: 104947K(106560K)->104947K(106560K) NonClass: 90575K(91520K)->90575K(91520K) Class: 14372K(15040K)->14372K(15040K)
[2022-05-10T02:34:40.053+0000][161][gc          ] GC(54) Pause Young (Normal) (G1 Evacuation Pause) 401M->193M(512M) 48.391ms
[2022-05-10T02:34:40.054+0000][161][gc,cpu      ] GC(54) User=0.04s Sys=0.01s Real=0.05s
[2022-05-10T02:34:40.055+0000][161][safepoint   ] Safepoint "G1CollectForAllocation", Time since last: 18806525633 ns, Reaching safepoint: 166250 ns, At safepoint: 50423791 ns, Total: 50590041 ns
[2022-05-10T02:34:45.076+0000][161][safepoint   ] Safepoint "Cleanup", Time since last: 5020362294 ns, Reaching safepoint: 522209 ns, At safepoint: 10458 ns, Total: 532667 ns
[2022-05-10T02:34:46.082+0000][161][safepoint   ] Safepoint "Cleanup", Time since last: 1006215625 ns, Reaching safepoint: 183625 ns, At safepoint: 12584 ns, Total: 196209 ns
[2022-05-10T02:34:52.109+0000][161][safepoint   ] Safepoint "Cleanup", Time since last: 6026374836 ns, Reaching safepoint: 268625 ns, At safepoint: 13000 ns, Total: 281625 ns
[2022-05-10T02:35:42.241+0000][161][safepoint   ] Safepoint "Cleanup", Time since last: 50134799815 ns, Reaching safepoint: 608000 ns, At safepoint: 23333 ns, Total: 631333 ns
[2022-05-10T02:35:44.261+0000][161][safepoint   ] Safepoint "Cleanup", Time since last: 2020141293 ns, Reaching safepoint: 382750 ns, At safepoint: 13541 ns, Total: 396291 ns
[2022-05-10T02:36:10.338+0000][161][safepoint   ] Safepoint "Cleanup", Time since last: 26077438929 ns, Reaching safepoint: 793292 ns, At safepoint: 19083 ns, Total: 812375 ns
[2022-05-10T02:36:14.352+0000][161][safepoint   ] Safepoint "Cleanup", Time since last: 4012772919 ns, Reaching safepoint: 1580833 ns, At safepoint: 16958 ns, Total: 1597791 ns
[2022-05-10T02:36:15.356+0000][161][safepoint   ] Safepoint "Cleanup", Time since last: 1003647626 ns, Reaching safepoint: 101625 ns, At safepoint: 4333 ns, Total: 105958 ns
[2022-05-10T02:36:42.437+0000][161][safepoint   ] Safepoint "Cleanup", Time since last: 27083694637 ns, Reaching safepoint: 78834 ns, At safepoint: 3875 ns, Total: 82709 ns
[2022-05-10T02:36:44.450+0000][161][safepoint   ] Safepoint "Cleanup", Time since last: 2012031876 ns, Reaching safepoint: 304625 ns, At safepoint: 10916 ns, Total: 315541 ns
[2022-05-10T02:37:14.544+0000][161][safepoint   ] Safepoint "Cleanup", Time since last: 30093529806 ns, Reaching safepoint: 204417 ns, At safepoint: 5208 ns, Total: 209625 ns
[2022-05-10T02:37:31.603+0000][161][safepoint   ] Safepoint "Cleanup", Time since last: 17057950175 ns, Reaching safepoint: 670667 ns, At safepoint: 40208 ns, Total: 710875 ns
[2022-05-10T02:37:54.674+0000][161][safepoint   ] Safepoint "Cleanup", Time since last: 23067975427 ns, Reaching safepoint: 357667 ns, At safepoint: 12375 ns, Total: 370042 ns
[2022-05-10T02:38:00.703+0000][161][safepoint   ] Safepoint "Cleanup", Time since last: 6028665794 ns, Reaching safepoint: 506917 ns, At safepoint: 18417 ns, Total: 525334 ns
[2022-05-10T02:38:15.753+0000][161][safepoint   ] Safepoint "Cleanup", Time since last: 15051801339 ns, Reaching safepoint: 868667 ns, At safepoint: 15917 ns, Total: 884584 ns
[2022-05-10T02:38:56.890+0000][161][safepoint   ] Safepoint "Cleanup", Time since last: 41137719727 ns, Reaching safepoint: 355875 ns, At safepoint: 7584 ns, Total: 363459 ns
[2022-05-10T02:39:09.934+0000][161][safepoint   ] Safepoint "Cleanup", Time since last: 13043054172 ns, Reaching safepoint: 760334 ns, At safepoint: 40708 ns, Total: 801042 ns
[2022-05-10T02:39:21.964+0000][161][safepoint   ] Safepoint "Cleanup", Time since last: 12029523006 ns, Reaching safepoint: 361958 ns, At safepoint: 12542 ns, Total: 374500 ns
[2022-05-10T02:39:43.030+0000][161][safepoint   ] Safepoint "Cleanup", Time since last: 21066263634 ns, Reaching safepoint: 497042 ns, At safepoint: 26125 ns, Total: 523167 ns
[2022-05-10T02:40:00.085+0000][161][safepoint   ] Safepoint "Cleanup", Time since last: 17053462050 ns, Reaching safepoint: 1208625 ns, At safepoint: 30250 ns, Total: 1238875 ns
[2022-05-10T02:40:02.096+0000][161][safepoint   ] Safepoint "Cleanup", Time since last: 2010549084 ns, Reaching safepoint: 832792 ns, At safepoint: 15708 ns, Total: 848500 ns
[2022-05-10T02:40:16.156+0000][161][safepoint   ] Safepoint "Cleanup", Time since last: 14057425256 ns, Reaching safepoint: 1067125 ns, At safepoint: 23291 ns, Total: 1090416 ns
[2022-05-10T02:40:25.190+0000][161][safepoint   ] Safepoint "Cleanup", Time since last: 9033445630 ns, Reaching safepoint: 281791 ns, At safepoint: 10834 ns, Total: 292625 ns
[2022-05-10T02:41:44.414+0000][161][safepoint   ] Safepoint "Cleanup", Time since last: 79225702827 ns, Reaching safepoint: 331500 ns, At safepoint: 19250 ns, Total: 350750 ns
[2022-05-10T02:42:13.494+0000][161][safepoint   ] Safepoint "Cleanup", Time since last: 29079656513 ns, Reaching safepoint: 157291 ns, At safepoint: 204042 ns, Total: 361333 ns
[2022-05-10T02:42:14.513+0000][161][safepoint   ] Safepoint "Cleanup", Time since last: 1018681251 ns, Reaching safepoint: 284500 ns, At safepoint: 11416 ns, Total: 295916 ns
[2022-05-10T02:42:44.621+0000][161][safepoint   ] Safepoint "Cleanup", Time since last: 30103912889 ns, Reaching safepoint: 333459 ns, At safepoint: 20416 ns, Total: 353875 ns
[2022-05-10T02:43:14.679+0000][161][safepoint   ] Safepoint "Cleanup", Time since last: 30061146972 ns, Reaching safepoint: 412917 ns, At safepoint: 10917 ns, Total: 423834 ns
[2022-05-10T02:43:44.748+0000][161][safepoint   ] Safepoint "Cleanup", Time since last: 30068949972 ns, Reaching safepoint: 813292 ns, At safepoint: 24250 ns, Total: 837542 ns
[2022-05-10T02:43:56.783+0000][161][safepoint   ] Safepoint "Cleanup", Time since last: 12035032589 ns, Reaching safepoint: 265208 ns, At safepoint: 9583 ns, Total: 274791 ns
[2022-05-10T02:44:14.832+0000][161][safepoint   ] Safepoint "Cleanup", Time since last: 18047307175 ns, Reaching safepoint: 714292 ns, At safepoint: 60000 ns, Total: 774292 ns
[2022-05-10T02:44:47.920+0000][161][safepoint   ] Safepoint "Cleanup", Time since last: 33085378473 ns, Reaching safepoint: 557542 ns, At safepoint: 37417 ns, Total: 594959 ns
[2022-05-10T02:45:11.983+0000][161][safepoint   ] Safepoint "Cleanup", Time since last: 24073266844 ns, Reaching safepoint: 380250 ns, At safepoint: 11625 ns, Total: 391875 ns
[2022-05-10T02:45:18.010+0000][161][safepoint   ] Safepoint "Cleanup", Time since last: 6027004836 ns, Reaching safepoint: 687208 ns, At safepoint: 14750 ns, Total: 701958 ns
[2022-05-10T02:45:25.043+0000][161][safepoint   ] Safepoint "Cleanup", Time since last: 7032151254 ns, Reaching safepoint: 340125 ns, At safepoint: 13416 ns, Total: 353541 ns
[2022-05-10T02:46:22.225+0000][161][safepoint   ] Safepoint "Cleanup", Time since last: 57173276192 ns, Reaching safepoint: 504875 ns, At safepoint: 15334 ns, Total: 520209 ns
[2022-05-10T02:46:44.270+0000][161][safepoint   ] Safepoint "Cleanup", Time since last: 22044400968 ns, Reaching safepoint: 916916 ns, At safepoint: 20459 ns, Total: 937375 ns
[2022-05-10T02:47:18.389+0000][161][safepoint   ] Safepoint "Cleanup", Time since last: 34116046474 ns, Reaching safepoint: 2061750 ns, At safepoint: 24958 ns, Total: 2086708 ns
[2022-05-10T02:47:44.463+0000][161][safepoint   ] Safepoint "Cleanup", Time since last: 26072535263 ns, Reaching safepoint: 318000 ns, At safepoint: 15916 ns, Total: 333916 ns
[2022-05-10T02:48:15.557+0000][161][safepoint   ] Safepoint "Cleanup", Time since last: 31092783515 ns, Reaching safepoint: 238250 ns, At safepoint: 11625 ns, Total: 249875 ns
[2022-05-10T02:52:17.214+0000][161][safepoint   ] Safepoint "Cleanup", Time since last: 241661268319 ns, Reaching safepoint: 558583 ns, At safepoint: 16708 ns, Total: 575291 ns
[2022-05-10T02:52:45.299+0000][161][safepoint   ] Safepoint "Cleanup", Time since last: 28091811305 ns, Reaching safepoint: 744000 ns, At safepoint: 243875 ns, Total: 987875 ns
[2022-05-10T02:53:17.398+0000][161][safepoint   ] Safepoint "Cleanup", Time since last: 32090755973 ns, Reaching safepoint: 539875 ns, At safepoint: 11583 ns, Total: 551458 ns
[2022-05-10T02:53:45.466+0000][161][safepoint   ] Safepoint "Cleanup", Time since last: 28064896055 ns, Reaching safepoint: 419541 ns, At safepoint: 20334 ns, Total: 439875 ns
[2022-05-10T02:54:15.568+0000][161][safepoint   ] Safepoint "Cleanup", Time since last: 30101426472 ns, Reaching safepoint: 390458 ns, At safepoint: 19875 ns, Total: 410333 ns
[2022-05-10T02:55:07.726+0000][161][safepoint   ] Safepoint "Cleanup", Time since last: 52159115523 ns, Reaching safepoint: 584959 ns, At safepoint: 21208 ns, Total: 606167 ns
[2022-05-10T02:56:15.925+0000][161][safepoint   ] Safepoint "Cleanup", Time since last: 68201092531 ns, Reaching safepoint: 407459 ns, At safepoint: 237583 ns, Total: 645042 ns
[2022-05-10T02:56:37.973+0000][161][safepoint   ] Safepoint "Cleanup", Time since last: 22051169260 ns, Reaching safepoint: 1489833 ns, At safepoint: 20917 ns, Total: 1510750 ns
[2022-05-10T02:56:44.003+0000][161][safepoint   ] Safepoint "Cleanup", Time since last: 6028908086 ns, Reaching safepoint: 1025292 ns, At safepoint: 22875 ns, Total: 1048167 ns
[2022-05-10T02:57:16.096+0000][161][safepoint   ] Safepoint "Cleanup", Time since last: 32087038890 ns, Reaching safepoint: 620291 ns, At safepoint: 17625 ns, Total: 637916 ns
[2022-05-10T02:57:23.127+0000][161][safepoint   ] Safepoint "Cleanup", Time since last: 7030562629 ns, Reaching safepoint: 524833 ns, At safepoint: 21042 ns, Total: 545875 ns
[2022-05-10T02:57:45.186+0000][161][safepoint   ] Safepoint "Cleanup", Time since last: 22059108051 ns, Reaching safepoint: 158417 ns, At safepoint: 6958 ns, Total: 165375 ns
[2022-05-10T02:58:37.330+0000][161][safepoint   ] Safepoint "Cleanup", Time since last: 52150382857 ns, Reaching safepoint: 452542 ns, At safepoint: 16875 ns, Total: 469417 ns
[2022-05-10T02:59:25.509+0000][161][safepoint   ] Safepoint "Cleanup", Time since last: 48172124855 ns, Reaching safepoint: 168667 ns, At safepoint: 5167 ns, Total: 173834 ns
[2022-05-10T03:00:30.686+0000][161][safepoint   ] Safepoint "Cleanup", Time since last: 65180134320 ns, Reaching safepoint: 440750 ns, At safepoint: 23084 ns, Total: 463834 ns
[2022-05-10T03:00:45.735+0000][161][safepoint   ] Safepoint "Cleanup", Time since last: 15049633548 ns, Reaching safepoint: 1087459 ns, At safepoint: 149291 ns, Total: 1236750 ns
[2022-05-10T03:02:16.009+0000][161][safepoint   ] Safepoint "Cleanup", Time since last: 90270249709 ns, Reaching safepoint: 673291 ns, At safepoint: 190959 ns, Total: 864250 ns
[2022-05-10T03:03:05.152+0000][161][safepoint   ] Safepoint "Cleanup", Time since last: 49142023814 ns, Reaching safepoint: 335875 ns, At safepoint: 7959 ns, Total: 343834 ns
[2022-05-10T03:03:23.219+0000][161][safepoint   ] Safepoint "Cleanup", Time since last: 18061182883 ns, Reaching safepoint: 2621875 ns, At safepoint: 52875 ns, Total: 2674750 ns
[2022-05-10T03:04:18.339+0000][161][safepoint   ] Safepoint "Cleanup", Time since last: 55122246275 ns, Reaching safepoint: 325375 ns, At safepoint: 9334 ns, Total: 334709 ns
[2022-05-10T03:04:53.440+0000][161][safepoint   ] Safepoint "Cleanup", Time since last: 35110859766 ns, Reaching safepoint: 565291 ns, At safepoint: 22417 ns, Total: 587708 ns
[2022-05-10T03:06:15.686+0000][161][safepoint   ] Safepoint "Cleanup", Time since last: 82235839621 ns, Reaching safepoint: 352792 ns, At safepoint: 12000 ns, Total: 364792 ns
[2022-05-10T03:07:45.927+0000][161][safepoint   ] Safepoint "Cleanup", Time since last: 90241879958 ns, Reaching safepoint: 536792 ns, At safepoint: 13167 ns, Total: 549959 ns
[2022-05-10T03:08:30.036+0000][161][safepoint   ] Safepoint "Cleanup", Time since last: 44108011228 ns, Reaching safepoint: 1109959 ns, At safepoint: 60375 ns, Total: 1170334 ns
[2022-05-10T03:08:31.047+0000][161][safepoint   ] Safepoint "Cleanup", Time since last: 1010193417 ns, Reaching safepoint: 171667 ns, At safepoint: 5541 ns, Total: 177208 ns
[2022-05-10T03:08:46.085+0000][161][safepoint   ] Safepoint "Cleanup", Time since last: 15043686965 ns, Reaching safepoint: 268708 ns, At safepoint: 10209 ns, Total: 278917 ns
[2022-05-10T03:08:49.100+0000][161][safepoint   ] Safepoint "Cleanup", Time since last: 3015318793 ns, Reaching safepoint: 148875 ns, At safepoint: 5833 ns, Total: 154708 ns
