[2022-05-19T09:57:37.781+0000][83][gc] Using G1
[2022-05-19T09:57:37.825+0000][83][gc,init] Version: 17.0.2+8 (release)
[2022-05-19T09:57:37.826+0000][83][gc,init] CPUs: 12 total, 12 available
[2022-05-19T09:57:37.826+0000][83][gc,init] Memory: 25532M
[2022-05-19T09:57:37.826+0000][83][gc,init] Large Page Support: Disabled
[2022-05-19T09:57:37.826+0000][83][gc,init] NUMA Support: Disabled
[2022-05-19T09:57:37.826+0000][83][gc,init] Compressed Oops: Enabled (32-bit)
[2022-05-19T09:57:37.827+0000][83][gc,init] Heap Region Size: 4M
[2022-05-19T09:57:37.827+0000][83][gc,init] Heap Min Capacity: 512M
[2022-05-19T09:57:37.827+0000][83][gc,init] Heap Initial Capacity: 512M
[2022-05-19T09:57:37.828+0000][83][gc,init] Heap Max Capacity: 512M
[2022-05-19T09:57:37.828+0000][83][gc,init] Pre-touch: Enabled
[2022-05-19T09:57:37.828+0000][83][gc,init] Parallel Workers: 10
[2022-05-19T09:57:37.828+0000][83][gc,init] Concurrent Workers: 3
[2022-05-19T09:57:37.828+0000][83][gc,init] Concurrent Refinement Workers: 10
[2022-05-19T09:57:37.828+0000][83][gc,init] Periodic GC: Disabled
[2022-05-19T09:57:37.829+0000][83][gc,metaspace] CDS archive(s) mapped at: [0x0000000800000000-0x0000000800bd2000-0x0000000800bd2000), size 12394496, SharedBaseAddress: 0x0000000800000000, ArchiveRelocationMode: 0.
[2022-05-19T09:57:37.829+0000][83][gc,metaspace] Compressed class space mapped at: 0x0000000800c00000-0x0000000840c00000, reserved size: 1073741824
[2022-05-19T09:57:37.829+0000][83][gc,metaspace] Narrow klass base: 0x0000000800000000, Narrow klass shift: 0, Narrow klass range: 0x100000000
[2022-05-19T09:57:38.109+0000][83][safepoint   ] Safepoint "ICBufferFull", Time since last: 274197600 ns, Reaching safepoint: 125700 ns, At safepoint: 5200 ns, Total: 130900 ns
[2022-05-19T09:57:38.381+0000][83][gc,start    ] GC(0) Pause Young (Normal) (G1 Evacuation Pause)
[2022-05-19T09:57:38.381+0000][83][gc,task     ] GC(0) Using 10 workers of 10 for evacuation
[2022-05-19T09:57:38.381+0000][83][gc,age      ] GC(0) Desired survivor size 2097152 bytes, new threshold 15 (max threshold 15)
[2022-05-19T09:57:38.384+0000][83][gc,age      ] GC(0) Age table with threshold 15 (max threshold 15)
[2022-05-19T09:57:38.384+0000][83][gc,age      ] GC(0) - age   1:    4190000 bytes,    4190000 total
[2022-05-19T09:57:38.384+0000][83][gc,phases   ] GC(0)   Pre Evacuate Collection Set: 0.2ms
[2022-05-19T09:57:38.385+0000][83][gc,phases   ] GC(0)   Merge Heap Roots: 0.2ms
[2022-05-19T09:57:38.385+0000][83][gc,phases   ] GC(0)   Evacuate Collection Set: 1.8ms
[2022-05-19T09:57:38.385+0000][83][gc,phases   ] GC(0)   Post Evacuate Collection Set: 0.8ms
[2022-05-19T09:57:38.385+0000][83][gc,phases   ] GC(0)   Other: 1.0ms
[2022-05-19T09:57:38.385+0000][83][gc,heap     ] GC(0) Eden regions: 6->0(5)
[2022-05-19T09:57:38.386+0000][83][gc,heap     ] GC(0) Survivor regions: 0->1(1)
[2022-05-19T09:57:38.386+0000][83][gc,heap     ] GC(0) Old regions: 0->1
[2022-05-19T09:57:38.386+0000][83][gc,heap     ] GC(0) Archive regions: 2->2
[2022-05-19T09:57:38.386+0000][83][gc,heap     ] GC(0) Humongous regions: 0->0
[2022-05-19T09:57:38.386+0000][83][gc,metaspace] GC(0) Metaspace: 9244K(9408K)->9244K(9408K) NonClass: 8183K(8320K)->8183K(8320K) Class: 1061K(1088K)->1061K(1088K)
[2022-05-19T09:57:38.386+0000][83][gc          ] GC(0) Pause Young (Normal) (G1 Evacuation Pause) 27M->8M(512M) 5.756ms
[2022-05-19T09:57:38.386+0000][83][gc,cpu      ] GC(0) User=0.02s Sys=0.01s Real=0.00s
[2022-05-19T09:57:38.387+0000][83][safepoint   ] Safepoint "G1CollectForAllocation", Time since last: 271242700 ns, Reaching safepoint: 164200 ns, At safepoint: 6187500 ns, Total: 6351700 ns
[2022-05-19T09:57:38.680+0000][83][gc,start    ] GC(1) Pause Young (Normal) (G1 Evacuation Pause)
[2022-05-19T09:57:38.680+0000][83][gc,task     ] GC(1) Using 10 workers of 10 for evacuation
[2022-05-19T09:57:38.680+0000][83][gc,age      ] GC(1) Desired survivor size 2097152 bytes, new threshold 1 (max threshold 15)
[2022-05-19T09:57:38.683+0000][83][gc,age      ] GC(1) Age table with threshold 1 (max threshold 15)
[2022-05-19T09:57:38.683+0000][83][gc,age      ] GC(1) - age   1:    1836360 bytes,    1836360 total
[2022-05-19T09:57:38.684+0000][83][gc,phases   ] GC(1)   Pre Evacuate Collection Set: 0.2ms
[2022-05-19T09:57:38.684+0000][83][gc,phases   ] GC(1)   Merge Heap Roots: 0.2ms
[2022-05-19T09:57:38.684+0000][83][gc,phases   ] GC(1)   Evacuate Collection Set: 1.9ms
[2022-05-19T09:57:38.684+0000][83][gc,phases   ] GC(1)   Post Evacuate Collection Set: 0.7ms
[2022-05-19T09:57:38.684+0000][83][gc,phases   ] GC(1)   Other: 1.1ms
[2022-05-19T09:57:38.684+0000][83][gc,heap     ] GC(1) Eden regions: 5->0(11)
[2022-05-19T09:57:38.684+0000][83][gc,heap     ] GC(1) Survivor regions: 1->1(1)
[2022-05-19T09:57:38.684+0000][83][gc,heap     ] GC(1) Old regions: 1->2
[2022-05-19T09:57:38.685+0000][83][gc,heap     ] GC(1) Archive regions: 2->2
[2022-05-19T09:57:38.685+0000][83][gc,heap     ] GC(1) Humongous regions: 0->0
[2022-05-19T09:57:38.685+0000][83][gc,metaspace] GC(1) Metaspace: 12356K(12544K)->12356K(12544K) NonClass: 10840K(10944K)->10840K(10944K) Class: 1515K(1600K)->1515K(1600K)
[2022-05-19T09:57:38.685+0000][83][gc          ] GC(1) Pause Young (Normal) (G1 Evacuation Pause) 28M->10M(512M) 5.539ms
[2022-05-19T09:57:38.685+0000][83][gc,cpu      ] GC(1) User=0.02s Sys=0.00s Real=0.00s
[2022-05-19T09:57:38.685+0000][83][safepoint   ] Safepoint "G1CollectForAllocation", Time since last: 292711700 ns, Reaching safepoint: 170600 ns, At safepoint: 5914800 ns, Total: 6085400 ns
[2022-05-19T09:57:38.976+0000][83][safepoint   ] Safepoint "ICBufferFull", Time since last: 289717400 ns, Reaching safepoint: 317400 ns, At safepoint: 20100 ns, Total: 337500 ns
[2022-05-19T09:57:39.181+0000][83][gc,start    ] GC(2) Pause Young (Normal) (G1 Evacuation Pause)
[2022-05-19T09:57:39.181+0000][83][gc,task     ] GC(2) Using 10 workers of 10 for evacuation
[2022-05-19T09:57:39.181+0000][83][gc,age      ] GC(2) Desired survivor size 4194304 bytes, new threshold 15 (max threshold 15)
[2022-05-19T09:57:39.184+0000][83][gc,age      ] GC(2) Age table with threshold 15 (max threshold 15)
[2022-05-19T09:57:39.184+0000][83][gc,age      ] GC(2) - age   1:    1262448 bytes,    1262448 total
[2022-05-19T09:57:39.185+0000][83][gc,age      ] GC(2) - age   2:    1812344 bytes,    3074792 total
[2022-05-19T09:57:39.185+0000][83][gc,phases   ] GC(2)   Pre Evacuate Collection Set: 0.2ms
[2022-05-19T09:57:39.185+0000][83][gc,phases   ] GC(2)   Merge Heap Roots: 0.1ms
[2022-05-19T09:57:39.185+0000][83][gc,phases   ] GC(2)   Evacuate Collection Set: 1.4ms
[2022-05-19T09:57:39.185+0000][83][gc,phases   ] GC(2)   Post Evacuate Collection Set: 1.1ms
[2022-05-19T09:57:39.185+0000][83][gc,phases   ] GC(2)   Other: 1.1ms
[2022-05-19T09:57:39.185+0000][83][gc,heap     ] GC(2) Eden regions: 11->0(59)
[2022-05-19T09:57:39.185+0000][83][gc,heap     ] GC(2) Survivor regions: 1->1(2)
[2022-05-19T09:57:39.186+0000][83][gc,heap     ] GC(2) Old regions: 2->2
[2022-05-19T09:57:39.186+0000][83][gc,heap     ] GC(2) Archive regions: 2->2
[2022-05-19T09:57:39.186+0000][83][gc,heap     ] GC(2) Humongous regions: 0->0
[2022-05-19T09:57:39.186+0000][83][gc,metaspace] GC(2) Metaspace: 14963K(15232K)->14963K(15232K) NonClass: 13196K(13376K)->13196K(13376K) Class: 1766K(1856K)->1766K(1856K)
[2022-05-19T09:57:39.186+0000][83][gc          ] GC(2) Pause Young (Normal) (G1 Evacuation Pause) 54M->11M(512M) 5.209ms
[2022-05-19T09:57:39.186+0000][83][gc,cpu      ] GC(2) User=0.02s Sys=0.01s Real=0.00s
[2022-05-19T09:57:39.186+0000][83][safepoint   ] Safepoint "G1CollectForAllocation", Time since last: 205056500 ns, Reaching safepoint: 190300 ns, At safepoint: 5550200 ns, Total: 5740500 ns
[2022-05-19T09:57:39.421+0000][83][safepoint   ] Safepoint "ICBufferFull", Time since last: 234792000 ns, Reaching safepoint: 281200 ns, At safepoint: 21800 ns, Total: 303000 ns
[2022-05-19T09:57:39.423+0000][83][safepoint   ] Safepoint "ICBufferFull", Time since last: 985800 ns, Reaching safepoint: 227300 ns, At safepoint: 17500 ns, Total: 244800 ns
[2022-05-19T09:57:39.424+0000][83][safepoint   ] Safepoint "ICBufferFull", Time since last: 1516900 ns, Reaching safepoint: 209800 ns, At safepoint: 4500 ns, Total: 214300 ns
[2022-05-19T09:57:39.425+0000][83][safepoint   ] Safepoint "ICBufferFull", Time since last: 843200 ns, Reaching safepoint: 241300 ns, At safepoint: 5400 ns, Total: 246700 ns
[2022-05-19T09:57:39.427+0000][83][safepoint   ] Safepoint "ICBufferFull", Time since last: 1324000 ns, Reaching safepoint: 315500 ns, At safepoint: 30400 ns, Total: 345900 ns
[2022-05-19T09:57:39.579+0000][83][safepoint   ] Safepoint "ICBufferFull", Time since last: 152003800 ns, Reaching safepoint: 244200 ns, At safepoint: 17200 ns, Total: 261400 ns
[2022-05-19T09:57:39.717+0000][83][gc,start    ] GC(3) Pause Young (Normal) (G1 Evacuation Pause)
[2022-05-19T09:57:39.717+0000][83][gc,task     ] GC(3) Using 10 workers of 10 for evacuation
[2022-05-19T09:57:39.717+0000][83][gc,age      ] GC(3) Desired survivor size 16777216 bytes, new threshold 15 (max threshold 15)
[2022-05-19T09:57:39.721+0000][83][gc,age      ] GC(3) Age table with threshold 15 (max threshold 15)
[2022-05-19T09:57:39.721+0000][83][gc,age      ] GC(3) - age   1:    5094144 bytes,    5094144 total
[2022-05-19T09:57:39.721+0000][83][gc,age      ] GC(3) - age   2:    1240168 bytes,    6334312 total
[2022-05-19T09:57:39.721+0000][83][gc,age      ] GC(3) - age   3:    1810888 bytes,    8145200 total
[2022-05-19T09:57:39.721+0000][83][gc,phases   ] GC(3)   Pre Evacuate Collection Set: 0.2ms
[2022-05-19T09:57:39.721+0000][83][gc,phases   ] GC(3)   Merge Heap Roots: 0.2ms
[2022-05-19T09:57:39.722+0000][83][gc,phases   ] GC(3)   Evacuate Collection Set: 2.4ms
[2022-05-19T09:57:39.722+0000][83][gc,phases   ] GC(3)   Post Evacuate Collection Set: 0.7ms
[2022-05-19T09:57:39.722+0000][83][gc,phases   ] GC(3)   Other: 1.3ms
[2022-05-19T09:57:39.722+0000][83][gc,heap     ] GC(3) Eden regions: 59->0(74)
[2022-05-19T09:57:39.722+0000][83][gc,heap     ] GC(3) Survivor regions: 1->2(8)
[2022-05-19T09:57:39.722+0000][83][gc,heap     ] GC(3) Old regions: 2->2
[2022-05-19T09:57:39.722+0000][83][gc,heap     ] GC(3) Archive regions: 2->2
[2022-05-19T09:57:39.723+0000][83][gc,heap     ] GC(3) Humongous regions: 0->0
[2022-05-19T09:57:39.723+0000][83][gc,metaspace] GC(3) Metaspace: 17783K(18112K)->17783K(18112K) NonClass: 15630K(15744K)->15630K(15744K) Class: 2152K(2368K)->2152K(2368K)
[2022-05-19T09:57:39.723+0000][83][gc          ] GC(3) Pause Young (Normal) (G1 Evacuation Pause) 247M->16M(512M) 6.189ms
[2022-05-19T09:57:39.723+0000][83][gc,cpu      ] GC(3) User=0.05s Sys=0.00s Real=0.01s
[2022-05-19T09:57:39.723+0000][83][safepoint   ] Safepoint "G1CollectForAllocation", Time since last: 136925600 ns, Reaching safepoint: 215500 ns, At safepoint: 6529500 ns, Total: 6745000 ns
[2022-05-19T09:57:40.170+0000][83][gc,start    ] GC(4) Pause Young (Normal) (G1 Evacuation Pause)
[2022-05-19T09:57:40.170+0000][83][gc,task     ] GC(4) Using 10 workers of 10 for evacuation
[2022-05-19T09:57:40.170+0000][83][gc,age      ] GC(4) Desired survivor size 20971520 bytes, new threshold 15 (max threshold 15)
[2022-05-19T09:57:40.174+0000][83][gc,age      ] GC(4) Age table with threshold 15 (max threshold 15)
[2022-05-19T09:57:40.174+0000][83][gc,age      ] GC(4) - age   1:    5304744 bytes,    5304744 total
[2022-05-19T09:57:40.174+0000][83][gc,age      ] GC(4) - age   2:    3732952 bytes,    9037696 total
[2022-05-19T09:57:40.175+0000][83][gc,age      ] GC(4) - age   3:    1239992 bytes,   10277688 total
[2022-05-19T09:57:40.175+0000][83][gc,age      ] GC(4) - age   4:    1810888 bytes,   12088576 total
[2022-05-19T09:57:40.175+0000][83][gc,phases   ] GC(4)   Pre Evacuate Collection Set: 0.2ms
[2022-05-19T09:57:40.175+0000][83][gc,phases   ] GC(4)   Merge Heap Roots: 0.2ms
[2022-05-19T09:57:40.175+0000][83][gc,phases   ] GC(4)   Evacuate Collection Set: 2.3ms
[2022-05-19T09:57:40.175+0000][83][gc,phases   ] GC(4)   Post Evacuate Collection Set: 0.7ms
[2022-05-19T09:57:40.175+0000][83][gc,phases   ] GC(4)   Other: 1.4ms
[2022-05-19T09:57:40.175+0000][83][gc,heap     ] GC(4) Eden regions: 74->0(72)
[2022-05-19T09:57:40.176+0000][83][gc,heap     ] GC(4) Survivor regions: 2->4(10)
[2022-05-19T09:57:40.176+0000][83][gc,heap     ] GC(4) Old regions: 2->2
[2022-05-19T09:57:40.176+0000][83][gc,heap     ] GC(4) Archive regions: 2->2
[2022-05-19T09:57:40.176+0000][83][gc,heap     ] GC(4) Humongous regions: 0->0
[2022-05-19T09:57:40.176+0000][83][gc,metaspace] GC(4) Metaspace: 19149K(19648K)->19149K(19648K) NonClass: 16809K(17088K)->16809K(17088K) Class: 2340K(2560K)->2340K(2560K)
[2022-05-19T09:57:40.176+0000][83][gc          ] GC(4) Pause Young (Normal) (G1 Evacuation Pause) 312M->20M(512M) 6.172ms
[2022-05-19T09:57:40.176+0000][83][gc,cpu      ] GC(4) User=0.02s Sys=0.00s Real=0.00s
[2022-05-19T09:57:40.176+0000][83][safepoint   ] Safepoint "G1CollectForAllocation", Time since last: 446709300 ns, Reaching safepoint: 200100 ns, At safepoint: 6463300 ns, Total: 6663400 ns
[2022-05-19T09:57:40.466+0000][83][gc,start    ] GC(5) Pause Young (Normal) (G1 Evacuation Pause)
[2022-05-19T09:57:40.466+0000][83][gc,task     ] GC(5) Using 10 workers of 10 for evacuation
[2022-05-19T09:57:40.466+0000][83][gc,age      ] GC(5) Desired survivor size 20971520 bytes, new threshold 15 (max threshold 15)
[2022-05-19T09:57:40.471+0000][83][gc,age      ] GC(5) Age table with threshold 15 (max threshold 15)
[2022-05-19T09:57:40.471+0000][83][gc,age      ] GC(5) - age   1:    2375800 bytes,    2375800 total
[2022-05-19T09:57:40.472+0000][83][gc,age      ] GC(5) - age   2:    4143344 bytes,    6519144 total
[2022-05-19T09:57:40.472+0000][83][gc,age      ] GC(5) - age   3:    3732472 bytes,   10251616 total
[2022-05-19T09:57:40.472+0000][83][gc,age      ] GC(5) - age   4:    1239928 bytes,   11491544 total
[2022-05-19T09:57:40.472+0000][83][gc,age      ] GC(5) - age   5:    1810824 bytes,   13302368 total
[2022-05-19T09:57:40.472+0000][83][gc,phases   ] GC(5)   Pre Evacuate Collection Set: 0.2ms
[2022-05-19T09:57:40.472+0000][83][gc,phases   ] GC(5)   Merge Heap Roots: 0.1ms
[2022-05-19T09:57:40.473+0000][83][gc,phases   ] GC(5)   Evacuate Collection Set: 2.9ms
[2022-05-19T09:57:40.473+0000][83][gc,phases   ] GC(5)   Post Evacuate Collection Set: 1.0ms
[2022-05-19T09:57:40.473+0000][83][gc,phases   ] GC(5)   Other: 2.1ms
[2022-05-19T09:57:40.473+0000][83][gc,heap     ] GC(5) Eden regions: 72->0(72)
[2022-05-19T09:57:40.473+0000][83][gc,heap     ] GC(5) Survivor regions: 4->4(10)
[2022-05-19T09:57:40.473+0000][83][gc,heap     ] GC(5) Old regions: 2->2
[2022-05-19T09:57:40.473+0000][83][gc,heap     ] GC(5) Archive regions: 2->2
[2022-05-19T09:57:40.474+0000][83][gc,heap     ] GC(5) Humongous regions: 0->0
[2022-05-19T09:57:40.474+0000][83][gc,metaspace] GC(5) Metaspace: 19658K(20096K)->19658K(20096K) NonClass: 17230K(17472K)->17230K(17472K) Class: 2427K(2624K)->2427K(2624K)
[2022-05-19T09:57:40.474+0000][83][gc          ] GC(5) Pause Young (Normal) (G1 Evacuation Pause) 308M->21M(512M) 7.854ms
[2022-05-19T09:57:40.474+0000][83][gc,cpu      ] GC(5) User=0.06s Sys=0.00s Real=0.01s
[2022-05-19T09:57:40.474+0000][83][safepoint   ] Safepoint "G1CollectForAllocation", Time since last: 289217600 ns, Reaching safepoint: 221800 ns, At safepoint: 8156500 ns, Total: 8378300 ns
[2022-05-19T09:57:40.844+0000][83][gc,start    ] GC(6) Pause Young (Normal) (G1 Evacuation Pause)
[2022-05-19T09:57:40.844+0000][83][gc,task     ] GC(6) Using 10 workers of 10 for evacuation
[2022-05-19T09:57:40.844+0000][83][gc,age      ] GC(6) Desired survivor size 20971520 bytes, new threshold 15 (max threshold 15)
[2022-05-19T09:57:40.848+0000][83][gc,age      ] GC(6) Age table with threshold 15 (max threshold 15)
[2022-05-19T09:57:40.849+0000][83][gc,age      ] GC(6) - age   1:    2285928 bytes,    2285928 total
[2022-05-19T09:57:40.849+0000][83][gc,age      ] GC(6) - age   2:     662576 bytes,    2948504 total
[2022-05-19T09:57:40.849+0000][83][gc,age      ] GC(6) - age   3:    4138960 bytes,    7087464 total
[2022-05-19T09:57:40.849+0000][83][gc,age      ] GC(6) - age   4:    3729792 bytes,   10817256 total
[2022-05-19T09:57:40.849+0000][83][gc,age      ] GC(6) - age   5:    1239824 bytes,   12057080 total
[2022-05-19T09:57:40.849+0000][83][gc,age      ] GC(6) - age   6:    1810824 bytes,   13867904 total
[2022-05-19T09:57:40.849+0000][83][gc,phases   ] GC(6)   Pre Evacuate Collection Set: 0.2ms
[2022-05-19T09:57:40.850+0000][83][gc,phases   ] GC(6)   Merge Heap Roots: 0.1ms
[2022-05-19T09:57:40.850+0000][83][gc,phases   ] GC(6)   Evacuate Collection Set: 3.0ms
[2022-05-19T09:57:40.850+0000][83][gc,phases   ] GC(6)   Post Evacuate Collection Set: 0.8ms
[2022-05-19T09:57:40.850+0000][83][gc,phases   ] GC(6)   Other: 1.6ms
[2022-05-19T09:57:40.850+0000][83][gc,heap     ] GC(6) Eden regions: 72->0(72)
[2022-05-19T09:57:40.850+0000][83][gc,heap     ] GC(6) Survivor regions: 4->4(10)
[2022-05-19T09:57:40.850+0000][83][gc,heap     ] GC(6) Old regions: 2->2
[2022-05-19T09:57:40.851+0000][83][gc,heap     ] GC(6) Archive regions: 2->2
[2022-05-19T09:57:40.851+0000][83][gc,heap     ] GC(6) Humongous regions: 0->0
[2022-05-19T09:57:40.851+0000][83][gc,metaspace] GC(6) Metaspace: 20818K(21376K)->20818K(21376K) NonClass: 18239K(18560K)->18239K(18560K) Class: 2579K(2816K)->2579K(2816K)
[2022-05-19T09:57:40.851+0000][83][gc          ] GC(6) Pause Young (Normal) (G1 Evacuation Pause) 309M->22M(512M) 7.207ms
[2022-05-19T09:57:40.851+0000][83][gc,cpu      ] GC(6) User=0.03s Sys=0.00s Real=0.01s
[2022-05-19T09:57:40.851+0000][83][safepoint   ] Safepoint "G1CollectForAllocation", Time since last: 369519800 ns, Reaching safepoint: 182700 ns, At safepoint: 7504200 ns, Total: 7686900 ns
[2022-05-19T09:57:40.994+0000][83][gc,start    ] GC(7) Pause Young (Concurrent Start) (Metadata GC Threshold)
[2022-05-19T09:57:40.994+0000][83][gc,task     ] GC(7) Using 10 workers of 10 for evacuation
[2022-05-19T09:57:40.994+0000][83][gc,age      ] GC(7) Desired survivor size 20971520 bytes, new threshold 15 (max threshold 15)
[2022-05-19T09:57:40.998+0000][83][gc,age      ] GC(7) Age table with threshold 15 (max threshold 15)
[2022-05-19T09:57:40.999+0000][83][gc,age      ] GC(7) - age   1:     737664 bytes,     737664 total
[2022-05-19T09:57:40.999+0000][83][gc,age      ] GC(7) - age   2:    2068744 bytes,    2806408 total
[2022-05-19T09:57:40.999+0000][83][gc,age      ] GC(7) - age   3:     662472 bytes,    3468880 total
[2022-05-19T09:57:40.999+0000][83][gc,age      ] GC(7) - age   4:    4138112 bytes,    7606992 total
[2022-05-19T09:57:40.999+0000][83][gc,age      ] GC(7) - age   5:    3729160 bytes,   11336152 total
[2022-05-19T09:57:40.999+0000][83][gc,age      ] GC(7) - age   6:    1239824 bytes,   12575976 total
[2022-05-19T09:57:41.000+0000][83][gc,age      ] GC(7) - age   7:    1810824 bytes,   14386800 total
[2022-05-19T09:57:41.000+0000][83][gc,phases   ] GC(7)   Pre Evacuate Collection Set: 0.2ms
[2022-05-19T09:57:41.000+0000][83][gc,phases   ] GC(7)   Merge Heap Roots: 0.1ms
[2022-05-19T09:57:41.000+0000][83][gc,phases   ] GC(7)   Evacuate Collection Set: 2.9ms
[2022-05-19T09:57:41.000+0000][83][gc,phases   ] GC(7)   Post Evacuate Collection Set: 0.7ms
[2022-05-19T09:57:41.001+0000][83][gc,phases   ] GC(7)   Other: 2.4ms
[2022-05-19T09:57:41.001+0000][83][gc,heap     ] GC(7) Eden regions: 33->0(72)
[2022-05-19T09:57:41.001+0000][83][gc,heap     ] GC(7) Survivor regions: 4->4(10)
[2022-05-19T09:57:41.001+0000][83][gc,heap     ] GC(7) Old regions: 2->2
[2022-05-19T09:57:41.001+0000][83][gc,heap     ] GC(7) Archive regions: 2->2
[2022-05-19T09:57:41.001+0000][83][gc,heap     ] GC(7) Humongous regions: 0->0
[2022-05-19T09:57:41.001+0000][83][gc,metaspace] GC(7) Metaspace: 20984K(21504K)->20984K(21504K) NonClass: 18371K(18688K)->18371K(18688K) Class: 2612K(2816K)->2612K(2816K)
[2022-05-19T09:57:41.001+0000][83][gc          ] GC(7) Pause Young (Concurrent Start) (Metadata GC Threshold) 152M->22M(512M) 7.794ms
[2022-05-19T09:57:41.002+0000][83][gc,cpu      ] GC(7) User=0.03s Sys=0.00s Real=0.01s
[2022-05-19T09:57:41.002+0000][83][gc          ] GC(8) Concurrent Mark Cycle
[2022-05-19T09:57:41.002+0000][83][safepoint   ] Safepoint "CollectForMetadataAllocation", Time since last: 142100000 ns, Reaching safepoint: 267600 ns, At safepoint: 8217100 ns, Total: 8484700 ns
[2022-05-19T09:57:41.002+0000][83][gc,marking  ] GC(8) Concurrent Clear Claimed Marks
[2022-05-19T09:57:41.002+0000][83][gc,marking  ] GC(8) Concurrent Clear Claimed Marks 0.516ms
[2022-05-19T09:57:41.003+0000][83][gc,marking  ] GC(8) Concurrent Scan Root Regions
[2022-05-19T09:57:41.005+0000][83][gc,marking  ] GC(8) Concurrent Scan Root Regions 2.230ms
[2022-05-19T09:57:41.005+0000][83][gc,marking  ] GC(8) Concurrent Mark
[2022-05-19T09:57:41.005+0000][83][gc,marking  ] GC(8) Concurrent Mark From Roots
[2022-05-19T09:57:41.006+0000][83][gc,task     ] GC(8) Using 3 workers of 3 for marking
[2022-05-19T09:57:41.010+0000][83][gc,marking  ] GC(8) Concurrent Mark From Roots 4.451ms
[2022-05-19T09:57:41.010+0000][83][gc,marking  ] GC(8) Concurrent Preclean
[2022-05-19T09:57:41.011+0000][83][gc,marking  ] GC(8) Concurrent Preclean 0.532ms
[2022-05-19T09:57:41.011+0000][83][gc,start    ] GC(8) Pause Remark
[2022-05-19T09:57:41.013+0000][83][gc          ] GC(8) Pause Remark 24M->24M(512M) 2.134ms
[2022-05-19T09:57:41.014+0000][83][gc,cpu      ] GC(8) User=0.01s Sys=0.00s Real=0.00s
[2022-05-19T09:57:41.014+0000][83][safepoint   ] Safepoint "G1Concurrent", Time since last: 9092300 ns, Reaching safepoint: 255500 ns, At safepoint: 2561200 ns, Total: 2816700 ns
[2022-05-19T09:57:41.014+0000][83][gc,marking  ] GC(8) Concurrent Mark 8.676ms
[2022-05-19T09:57:41.014+0000][83][gc,marking  ] GC(8) Concurrent Rebuild Remembered Sets
[2022-05-19T09:57:41.017+0000][83][gc,marking  ] GC(8) Concurrent Rebuild Remembered Sets 2.765ms
[2022-05-19T09:57:41.017+0000][83][gc,start    ] GC(8) Pause Cleanup
[2022-05-19T09:57:41.018+0000][83][gc          ] GC(8) Pause Cleanup 24M->24M(512M) 0.455ms
[2022-05-19T09:57:41.018+0000][83][gc,cpu      ] GC(8) User=0.00s Sys=0.00s Real=0.00s
[2022-05-19T09:57:41.018+0000][83][safepoint   ] Safepoint "G1Concurrent", Time since last: 3323000 ns, Reaching safepoint: 320700 ns, At safepoint: 848100 ns, Total: 1168800 ns
[2022-05-19T09:57:41.019+0000][83][gc,marking  ] GC(8) Concurrent Cleanup for Next Mark
[2022-05-19T09:57:41.020+0000][83][gc,marking  ] GC(8) Concurrent Cleanup for Next Mark 0.974ms
[2022-05-19T09:57:41.020+0000][83][gc          ] GC(8) Concurrent Mark Cycle 18.264ms
[2022-05-19T09:57:41.649+0000][83][safepoint   ] Safepoint "ICBufferFull", Time since last: 630121100 ns, Reaching safepoint: 175900 ns, At safepoint: 5400 ns, Total: 181300 ns
[2022-05-19T09:57:41.649+0000][83][safepoint   ] Safepoint "ICBufferFull", Time since last: 755900 ns, Reaching safepoint: 157500 ns, At safepoint: 4800 ns, Total: 162300 ns
[2022-05-19T09:57:41.650+0000][83][safepoint   ] Safepoint "ICBufferFull", Time since last: 667400 ns, Reaching safepoint: 192700 ns, At safepoint: 4400 ns, Total: 197100 ns
[2022-05-19T09:57:41.651+0000][83][safepoint   ] Safepoint "ICBufferFull", Time since last: 663200 ns, Reaching safepoint: 157000 ns, At safepoint: 4300 ns, Total: 161300 ns
[2022-05-19T09:57:41.664+0000][83][safepoint   ] Safepoint "ICBufferFull", Time since last: 12537200 ns, Reaching safepoint: 258400 ns, At safepoint: 18100 ns, Total: 276500 ns
[2022-05-19T09:57:41.665+0000][83][safepoint   ] Safepoint "ICBufferFull", Time since last: 682500 ns, Reaching safepoint: 144900 ns, At safepoint: 4300 ns, Total: 149200 ns
[2022-05-19T09:57:41.699+0000][83][safepoint   ] Safepoint "ICBufferFull", Time since last: 33454600 ns, Reaching safepoint: 266700 ns, At safepoint: 39200 ns, Total: 305900 ns
[2022-05-19T09:57:41.703+0000][83][safepoint   ] Safepoint "ICBufferFull", Time since last: 3991400 ns, Reaching safepoint: 287600 ns, At safepoint: 26700 ns, Total: 314300 ns
[2022-05-19T09:57:41.775+0000][83][safepoint   ] Safepoint "ICBufferFull", Time since last: 71690900 ns, Reaching safepoint: 173200 ns, At safepoint: 5000 ns, Total: 178200 ns
[2022-05-19T09:57:42.775+0000][83][safepoint   ] Safepoint "ICBufferFull", Time since last: 999905900 ns, Reaching safepoint: 193200 ns, At safepoint: 4600 ns, Total: 197800 ns
[2022-05-19T09:57:43.729+0000][83][safepoint   ] Safepoint "ICBufferFull", Time since last: 954239100 ns, Reaching safepoint: 171700 ns, At safepoint: 30400 ns, Total: 202100 ns
[2022-05-19T09:57:43.773+0000][83][gc,start    ] GC(9) Pause Young (Concurrent Start) (Metadata GC Threshold)
[2022-05-19T09:57:43.774+0000][83][gc,task     ] GC(9) Using 10 workers of 10 for evacuation
[2022-05-19T09:57:43.774+0000][83][gc,age      ] GC(9) Desired survivor size 20971520 bytes, new threshold 15 (max threshold 15)
[2022-05-19T09:57:43.786+0000][83][gc,age      ] GC(9) Age table with threshold 15 (max threshold 15)
[2022-05-19T09:57:43.786+0000][83][gc,age      ] GC(9) - age   1:   27290600 bytes,   27290600 total
[2022-05-19T09:57:43.786+0000][83][gc,age      ] GC(9) - age   2:     723064 bytes,   28013664 total
[2022-05-19T09:57:43.786+0000][83][gc,age      ] GC(9) - age   3:    2035976 bytes,   30049640 total
[2022-05-19T09:57:43.787+0000][83][gc,age      ] GC(9) - age   4:     646064 bytes,   30695704 total
[2022-05-19T09:57:43.787+0000][83][gc,age      ] GC(9) - age   5:    4115744 bytes,   34811448 total
[2022-05-19T09:57:43.787+0000][83][gc,age      ] GC(9) - age   6:    3647064 bytes,   38458512 total
[2022-05-19T09:57:43.787+0000][83][gc,age      ] GC(9) - age   7:    1185920 bytes,   39644432 total
[2022-05-19T09:57:43.787+0000][83][gc,age      ] GC(9) - age   8:    1803112 bytes,   41447544 total
[2022-05-19T09:57:43.787+0000][83][gc,phases   ] GC(9)   Pre Evacuate Collection Set: 0.2ms
[2022-05-19T09:57:43.788+0000][83][gc,phases   ] GC(9)   Merge Heap Roots: 0.2ms
[2022-05-19T09:57:43.788+0000][83][gc,phases   ] GC(9)   Evacuate Collection Set: 10.4ms
[2022-05-19T09:57:43.788+0000][83][gc,phases   ] GC(9)   Post Evacuate Collection Set: 1.3ms
[2022-05-19T09:57:43.788+0000][83][gc,phases   ] GC(9)   Other: 1.9ms
[2022-05-19T09:57:43.788+0000][83][gc,heap     ] GC(9) Eden regions: 70->0(66)
[2022-05-19T09:57:43.788+0000][83][gc,heap     ] GC(9) Survivor regions: 4->10(10)
[2022-05-19T09:57:43.789+0000][83][gc,heap     ] GC(9) Old regions: 2->2
[2022-05-19T09:57:43.789+0000][83][gc,heap     ] GC(9) Archive regions: 2->2
[2022-05-19T09:57:43.789+0000][83][gc,heap     ] GC(9) Humongous regions: 0->0
[2022-05-19T09:57:43.789+0000][83][gc,metaspace] GC(9) Metaspace: 35132K(36096K)->35132K(36096K) NonClass: 30478K(31040K)->30478K(31040K) Class: 4654K(5056K)->4654K(5056K)
[2022-05-19T09:57:43.789+0000][83][gc          ] GC(9) Pause Young (Concurrent Start) (Metadata GC Threshold) 302M->48M(512M) 15.804ms
[2022-05-19T09:57:43.789+0000][83][gc,cpu      ] GC(9) User=0.13s Sys=0.00s Real=0.02s
[2022-05-19T09:57:43.789+0000][83][gc          ] GC(10) Concurrent Mark Cycle
[2022-05-19T09:57:43.790+0000][83][gc,marking  ] GC(10) Concurrent Clear Claimed Marks
[2022-05-19T09:57:43.790+0000][83][safepoint   ] Safepoint "CollectForMetadataAllocation", Time since last: 43788300 ns, Reaching safepoint: 262800 ns, At safepoint: 16231700 ns, Total: 16494500 ns
[2022-05-19T09:57:43.790+0000][83][gc,marking  ] GC(10) Concurrent Clear Claimed Marks 0.214ms
[2022-05-19T09:57:43.790+0000][83][gc,marking  ] GC(10) Concurrent Scan Root Regions
[2022-05-19T09:57:43.799+0000][83][gc,marking  ] GC(10) Concurrent Scan Root Regions 8.486ms
[2022-05-19T09:57:43.799+0000][83][gc,marking  ] GC(10) Concurrent Mark
[2022-05-19T09:57:43.799+0000][83][gc,marking  ] GC(10) Concurrent Mark From Roots
[2022-05-19T09:57:43.799+0000][83][gc,task     ] GC(10) Using 3 workers of 3 for marking
[2022-05-19T09:57:43.802+0000][83][gc,marking  ] GC(10) Concurrent Mark From Roots 3.094ms
[2022-05-19T09:57:43.802+0000][83][gc,marking  ] GC(10) Concurrent Preclean
[2022-05-19T09:57:43.803+0000][83][gc,marking  ] GC(10) Concurrent Preclean 0.520ms
[2022-05-19T09:57:43.804+0000][83][gc,start    ] GC(10) Pause Remark
[2022-05-19T09:57:43.806+0000][83][gc          ] GC(10) Pause Remark 50M->50M(512M) 2.785ms
[2022-05-19T09:57:43.807+0000][83][gc,cpu      ] GC(10) User=0.02s Sys=0.00s Real=0.00s
[2022-05-19T09:57:43.807+0000][83][safepoint   ] Safepoint "G1Concurrent", Time since last: 13612900 ns, Reaching safepoint: 309100 ns, At safepoint: 3399700 ns, Total: 3708800 ns
[2022-05-19T09:57:43.807+0000][83][gc,marking  ] GC(10) Concurrent Mark 8.274ms
[2022-05-19T09:57:43.807+0000][83][gc,marking  ] GC(10) Concurrent Rebuild Remembered Sets
[2022-05-19T09:57:43.810+0000][83][gc,marking  ] GC(10) Concurrent Rebuild Remembered Sets 2.322ms
[2022-05-19T09:57:43.810+0000][83][gc,start    ] GC(10) Pause Cleanup
[2022-05-19T09:57:43.811+0000][83][gc          ] GC(10) Pause Cleanup 50M->50M(512M) 0.348ms
[2022-05-19T09:57:43.811+0000][83][gc,cpu      ] GC(10) User=0.00s Sys=0.00s Real=0.00s
[2022-05-19T09:57:43.811+0000][83][safepoint   ] Safepoint "G1Concurrent", Time since last: 3057800 ns, Reaching safepoint: 264700 ns, At safepoint: 669600 ns, Total: 934300 ns
[2022-05-19T09:57:43.811+0000][83][gc,marking  ] GC(10) Concurrent Cleanup for Next Mark
[2022-05-19T09:57:43.811+0000][83][gc,marking  ] GC(10) Concurrent Cleanup for Next Mark 0.342ms
[2022-05-19T09:57:43.812+0000][83][gc          ] GC(10) Concurrent Mark Cycle 22.107ms
[2022-05-19T09:57:44.701+0000][83][safepoint   ] Safepoint "ICBufferFull", Time since last: 889579800 ns, Reaching safepoint: 201300 ns, At safepoint: 6800 ns, Total: 208100 ns
[2022-05-19T09:57:45.310+0000][83][gc,start    ] GC(11) Pause Young (Normal) (G1 Evacuation Pause)
[2022-05-19T09:57:45.311+0000][83][gc,task     ] GC(11) Using 10 workers of 10 for evacuation
[2022-05-19T09:57:45.311+0000][83][gc,age      ] GC(11) Desired survivor size 20971520 bytes, new threshold 1 (max threshold 15)
[2022-05-19T09:57:45.328+0000][83][gc,age      ] GC(11) Age table with threshold 1 (max threshold 15)
[2022-05-19T09:57:45.329+0000][83][gc,age      ] GC(11) - age   1:    6094544 bytes,    6094544 total
[2022-05-19T09:57:45.329+0000][83][gc,phases   ] GC(11)   Pre Evacuate Collection Set: 0.3ms
[2022-05-19T09:57:45.329+0000][83][gc,phases   ] GC(11)   Merge Heap Roots: 0.2ms
[2022-05-19T09:57:45.329+0000][83][gc,phases   ] GC(11)   Evacuate Collection Set: 14.3ms
[2022-05-19T09:57:45.329+0000][83][gc,phases   ] GC(11)   Post Evacuate Collection Set: 2.1ms
[2022-05-19T09:57:45.330+0000][83][gc,phases   ] GC(11)   Other: 1.9ms
[2022-05-19T09:57:45.330+0000][83][gc,heap     ] GC(11) Eden regions: 66->0(73)
[2022-05-19T09:57:45.330+0000][83][gc,heap     ] GC(11) Survivor regions: 10->3(10)
[2022-05-19T09:57:45.330+0000][83][gc,heap     ] GC(11) Old regions: 2->12
[2022-05-19T09:57:45.330+0000][83][gc,heap     ] GC(11) Archive regions: 2->2
[2022-05-19T09:57:45.330+0000][83][gc,heap     ] GC(11) Humongous regions: 0->0
[2022-05-19T09:57:45.331+0000][83][gc,metaspace] GC(11) Metaspace: 52177K(53376K)->52177K(53376K) NonClass: 45095K(45824K)->45095K(45824K) Class: 7081K(7552K)->7081K(7552K)
[2022-05-19T09:57:45.331+0000][83][gc          ] GC(11) Pause Young (Normal) (G1 Evacuation Pause) 312M->57M(512M) 20.651ms
[2022-05-19T09:57:45.331+0000][83][gc,cpu      ] GC(11) User=0.17s Sys=0.01s Real=0.02s
[2022-05-19T09:57:45.331+0000][83][safepoint   ] Safepoint "G1CollectForAllocation", Time since last: 609183100 ns, Reaching safepoint: 249100 ns, At safepoint: 21051200 ns, Total: 21300300 ns
[2022-05-19T09:57:45.912+0000][83][safepoint   ] Safepoint "ICBufferFull", Time since last: 580278600 ns, Reaching safepoint: 232700 ns, At safepoint: 31500 ns, Total: 264200 ns
[2022-05-19T09:57:46.182+0000][83][gc,start    ] GC(12) Pause Young (Concurrent Start) (Metadata GC Threshold)
[2022-05-19T09:57:46.182+0000][83][gc,task     ] GC(12) Using 10 workers of 10 for evacuation
[2022-05-19T09:57:46.183+0000][83][gc,age      ] GC(12) Desired survivor size 20971520 bytes, new threshold 15 (max threshold 15)
[2022-05-19T09:57:46.188+0000][83][gc,age      ] GC(12) Age table with threshold 15 (max threshold 15)
[2022-05-19T09:57:46.188+0000][83][gc,age      ] GC(12) - age   1:    3841712 bytes,    3841712 total
[2022-05-19T09:57:46.189+0000][83][gc,age      ] GC(12) - age   2:    5935072 bytes,    9776784 total
[2022-05-19T09:57:46.189+0000][83][gc,phases   ] GC(12)   Pre Evacuate Collection Set: 0.2ms
[2022-05-19T09:57:46.189+0000][83][gc,phases   ] GC(12)   Merge Heap Roots: 0.1ms
[2022-05-19T09:57:46.189+0000][83][gc,phases   ] GC(12)   Evacuate Collection Set: 3.4ms
[2022-05-19T09:57:46.190+0000][83][gc,phases   ] GC(12)   Post Evacuate Collection Set: 1.5ms
[2022-05-19T09:57:46.190+0000][83][gc,phases   ] GC(12)   Other: 1.4ms
[2022-05-19T09:57:46.190+0000][83][gc,heap     ] GC(12) Eden regions: 28->0(73)
[2022-05-19T09:57:46.190+0000][83][gc,heap     ] GC(12) Survivor regions: 3->3(10)
[2022-05-19T09:57:46.190+0000][83][gc,heap     ] GC(12) Old regions: 12->12
[2022-05-19T09:57:46.190+0000][83][gc,heap     ] GC(12) Archive regions: 2->2
[2022-05-19T09:57:46.191+0000][83][gc,heap     ] GC(12) Humongous regions: 0->0
[2022-05-19T09:57:46.191+0000][83][gc,metaspace] GC(12) Metaspace: 59366K(60608K)->59366K(60608K) NonClass: 51295K(52032K)->51295K(52032K) Class: 8070K(8576K)->8070K(8576K)
[2022-05-19T09:57:46.191+0000][83][gc          ] GC(12) Pause Young (Concurrent Start) (Metadata GC Threshold) 169M->58M(512M) 8.909ms
[2022-05-19T09:57:46.191+0000][83][gc,cpu      ] GC(12) User=0.03s Sys=0.00s Real=0.01s
[2022-05-19T09:57:46.192+0000][83][gc          ] GC(13) Concurrent Mark Cycle
[2022-05-19T09:57:46.192+0000][83][gc,marking  ] GC(13) Concurrent Clear Claimed Marks
[2022-05-19T09:57:46.192+0000][83][safepoint   ] Safepoint "CollectForMetadataAllocation", Time since last: 269845900 ns, Reaching safepoint: 656200 ns, At safepoint: 9431800 ns, Total: 10088000 ns
[2022-05-19T09:57:46.192+0000][83][gc,marking  ] GC(13) Concurrent Clear Claimed Marks 0.320ms
[2022-05-19T09:57:46.192+0000][83][gc,marking  ] GC(13) Concurrent Scan Root Regions
[2022-05-19T09:57:46.196+0000][83][gc,marking  ] GC(13) Concurrent Scan Root Regions 3.492ms
[2022-05-19T09:57:46.196+0000][83][gc,marking  ] GC(13) Concurrent Mark
[2022-05-19T09:57:46.196+0000][83][gc,marking  ] GC(13) Concurrent Mark From Roots
[2022-05-19T09:57:46.196+0000][83][gc,task     ] GC(13) Using 3 workers of 3 for marking
[2022-05-19T09:57:46.221+0000][83][safepoint   ] Safepoint "CollectForMetadataAllocation", Time since last: 28603600 ns, Reaching safepoint: 279300 ns, At safepoint: 143500 ns, Total: 422800 ns
[2022-05-19T09:57:46.233+0000][83][gc,marking  ] GC(13) Concurrent Mark From Roots 36.616ms
[2022-05-19T09:57:46.233+0000][83][gc,marking  ] GC(13) Concurrent Preclean
[2022-05-19T09:57:46.234+0000][83][gc,marking  ] GC(13) Concurrent Preclean 0.841ms
[2022-05-19T09:57:46.235+0000][83][gc,start    ] GC(13) Pause Remark
[2022-05-19T09:57:46.237+0000][83][gc          ] GC(13) Pause Remark 62M->62M(512M) 2.769ms
[2022-05-19T09:57:46.238+0000][83][gc,cpu      ] GC(13) User=0.02s Sys=0.00s Real=0.00s
[2022-05-19T09:57:46.238+0000][83][safepoint   ] Safepoint "G1Concurrent", Time since last: 13664200 ns, Reaching safepoint: 223600 ns, At safepoint: 3340900 ns, Total: 3564500 ns
[2022-05-19T09:57:46.238+0000][83][gc,marking  ] GC(13) Concurrent Mark 41.943ms
[2022-05-19T09:57:46.238+0000][83][gc,marking  ] GC(13) Concurrent Rebuild Remembered Sets
[2022-05-19T09:57:46.258+0000][83][gc,marking  ] GC(13) Concurrent Rebuild Remembered Sets 19.581ms
[2022-05-19T09:57:46.258+0000][83][gc,start    ] GC(13) Pause Cleanup
[2022-05-19T09:57:46.259+0000][83][gc          ] GC(13) Pause Cleanup 62M->62M(512M) 0.487ms
[2022-05-19T09:57:46.259+0000][83][gc,cpu      ] GC(13) User=0.02s Sys=0.01s Real=0.01s
[2022-05-19T09:57:46.259+0000][83][safepoint   ] Safepoint "G1Concurrent", Time since last: 20254400 ns, Reaching safepoint: 210000 ns, At safepoint: 903800 ns, Total: 1113800 ns
[2022-05-19T09:57:46.259+0000][83][gc,marking  ] GC(13) Concurrent Cleanup for Next Mark
[2022-05-19T09:57:46.260+0000][83][gc,marking  ] GC(13) Concurrent Cleanup for Next Mark 0.496ms
[2022-05-19T09:57:46.260+0000][83][gc          ] GC(13) Concurrent Mark Cycle 68.639ms
[2022-05-19T09:57:47.071+0000][83][safepoint   ] Safepoint "ICBufferFull", Time since last: 811004700 ns, Reaching safepoint: 251000 ns, At safepoint: 18500 ns, Total: 269500 ns
[2022-05-19T09:57:47.953+0000][83][safepoint   ] Safepoint "ICBufferFull", Time since last: 882478800 ns, Reaching safepoint: 365500 ns, At safepoint: 20200 ns, Total: 385700 ns
[2022-05-19T09:57:48.586+0000][83][safepoint   ] Safepoint "ICBufferFull", Time since last: 632512600 ns, Reaching safepoint: 174200 ns, At safepoint: 5200 ns, Total: 179400 ns
[2022-05-19T09:57:49.078+0000][83][safepoint   ] Safepoint "ICBufferFull", Time since last: 492135800 ns, Reaching safepoint: 174500 ns, At safepoint: 18300 ns, Total: 192800 ns
[2022-05-19T09:57:49.533+0000][83][gc,start    ] GC(14) Pause Young (Concurrent Start) (G1 Evacuation Pause)
[2022-05-19T09:57:49.534+0000][83][gc,task     ] GC(14) Using 10 workers of 10 for evacuation
[2022-05-19T09:57:49.534+0000][83][gc,age      ] GC(14) Desired survivor size 20971520 bytes, new threshold 15 (max threshold 15)
[2022-05-19T09:57:49.546+0000][83][gc,age      ] GC(14) Age table with threshold 15 (max threshold 15)
[2022-05-19T09:57:49.546+0000][83][gc,age      ] GC(14) - age   1:   13122656 bytes,   13122656 total
[2022-05-19T09:57:49.546+0000][83][gc,age      ] GC(14) - age   2:    3717872 bytes,   16840528 total
[2022-05-19T09:57:49.546+0000][83][gc,age      ] GC(14) - age   3:    5861136 bytes,   22701664 total
[2022-05-19T09:57:49.546+0000][83][gc,phases   ] GC(14)   Pre Evacuate Collection Set: 0.4ms
[2022-05-19T09:57:49.547+0000][83][gc,phases   ] GC(14)   Merge Heap Roots: 0.2ms
[2022-05-19T09:57:49.547+0000][83][gc,phases   ] GC(14)   Evacuate Collection Set: 9.0ms
[2022-05-19T09:57:49.547+0000][83][gc,phases   ] GC(14)   Post Evacuate Collection Set: 1.7ms
[2022-05-19T09:57:49.547+0000][83][gc,phases   ] GC(14)   Other: 1.8ms
[2022-05-19T09:57:49.547+0000][83][gc,heap     ] GC(14) Eden regions: 73->0(70)
[2022-05-19T09:57:49.547+0000][83][gc,heap     ] GC(14) Survivor regions: 3->6(10)
[2022-05-19T09:57:49.547+0000][83][gc,heap     ] GC(14) Old regions: 12->12
[2022-05-19T09:57:49.547+0000][83][gc,heap     ] GC(14) Archive regions: 2->2
[2022-05-19T09:57:49.547+0000][83][gc,heap     ] GC(14) Humongous regions: 0->0
[2022-05-19T09:57:49.548+0000][83][gc,metaspace] GC(14) Metaspace: 91950K(93504K)->91950K(93504K) NonClass: 79051K(80000K)->79051K(80000K) Class: 12898K(13504K)->12898K(13504K)
[2022-05-19T09:57:49.548+0000][83][gc          ] GC(14) Pause Young (Concurrent Start) (G1 Evacuation Pause) 350M->70M(512M) 14.265ms
[2022-05-19T09:57:49.548+0000][83][gc,cpu      ] GC(14) User=0.08s Sys=0.00s Real=0.01s
[2022-05-19T09:57:49.548+0000][83][gc          ] GC(15) Concurrent Mark Cycle
[2022-05-19T09:57:49.548+0000][83][gc,marking  ] GC(15) Concurrent Clear Claimed Marks
[2022-05-19T09:57:49.548+0000][83][safepoint   ] Safepoint "G1CollectForAllocation", Time since last: 454631000 ns, Reaching safepoint: 375600 ns, At safepoint: 14653000 ns, Total: 15028600 ns
[2022-05-19T09:57:49.548+0000][83][gc,marking  ] GC(15) Concurrent Clear Claimed Marks 0.206ms
[2022-05-19T09:57:49.549+0000][83][gc,marking  ] GC(15) Concurrent Scan Root Regions
[2022-05-19T09:57:49.556+0000][83][gc,marking  ] GC(15) Concurrent Scan Root Regions 7.097ms
[2022-05-19T09:57:49.556+0000][83][gc,marking  ] GC(15) Concurrent Mark
[2022-05-19T09:57:49.556+0000][83][gc,marking  ] GC(15) Concurrent Mark From Roots
[2022-05-19T09:57:49.556+0000][83][gc,task     ] GC(15) Using 3 workers of 3 for marking
[2022-05-19T09:57:49.586+0000][83][gc,marking  ] GC(15) Concurrent Mark From Roots 30.072ms
[2022-05-19T09:57:49.586+0000][83][gc,marking  ] GC(15) Concurrent Preclean
[2022-05-19T09:57:49.587+0000][83][gc,marking  ] GC(15) Concurrent Preclean 0.579ms
[2022-05-19T09:57:49.587+0000][83][gc,start    ] GC(15) Pause Remark
[2022-05-19T09:57:49.590+0000][83][gc          ] GC(15) Pause Remark 121M->121M(512M) 2.466ms
[2022-05-19T09:57:49.590+0000][83][gc,cpu      ] GC(15) User=0.04s Sys=0.00s Real=0.01s
[2022-05-19T09:57:49.590+0000][83][safepoint   ] Safepoint "G1Concurrent", Time since last: 38958400 ns, Reaching safepoint: 256300 ns, At safepoint: 2858100 ns, Total: 3114400 ns
[2022-05-19T09:57:49.590+0000][83][gc,marking  ] GC(15) Concurrent Mark 34.417ms
[2022-05-19T09:57:49.590+0000][83][gc,marking  ] GC(15) Concurrent Rebuild Remembered Sets
[2022-05-19T09:57:49.606+0000][83][gc,marking  ] GC(15) Concurrent Rebuild Remembered Sets 16.063ms
[2022-05-19T09:57:49.607+0000][83][gc,start    ] GC(15) Pause Cleanup
[2022-05-19T09:57:49.607+0000][83][gc          ] GC(15) Pause Cleanup 129M->129M(512M) 0.390ms
[2022-05-19T09:57:49.608+0000][83][gc,cpu      ] GC(15) User=0.00s Sys=0.00s Real=0.00s
[2022-05-19T09:57:49.608+0000][83][safepoint   ] Safepoint "G1Concurrent", Time since last: 16625100 ns, Reaching safepoint: 257300 ns, At safepoint: 728400 ns, Total: 985700 ns
[2022-05-19T09:57:49.608+0000][83][gc,marking  ] GC(15) Concurrent Cleanup for Next Mark
[2022-05-19T09:57:49.608+0000][83][gc,marking  ] GC(15) Concurrent Cleanup for Next Mark 0.429ms
[2022-05-19T09:57:49.609+0000][83][gc          ] GC(15) Concurrent Mark Cycle 60.579ms
[2022-05-19T09:57:50.169+0000][83][safepoint   ] Safepoint "ICBufferFull", Time since last: 561126900 ns, Reaching safepoint: 275700 ns, At safepoint: 43100 ns, Total: 318800 ns
[2022-05-19T09:57:50.267+0000][83][gc,start    ] GC(16) Pause Young (Normal) (G1 Evacuation Pause)
[2022-05-19T09:57:50.267+0000][83][gc,task     ] GC(16) Using 10 workers of 10 for evacuation
[2022-05-19T09:57:50.268+0000][83][gc,age      ] GC(16) Desired survivor size 20971520 bytes, new threshold 3 (max threshold 15)
[2022-05-19T09:57:50.278+0000][83][gc,age      ] GC(16) Age table with threshold 3 (max threshold 15)
[2022-05-19T09:57:50.278+0000][83][gc,age      ] GC(16) - age   1:    3266960 bytes,    3266960 total
[2022-05-19T09:57:50.278+0000][83][gc,age      ] GC(16) - age   2:   12019440 bytes,   15286400 total
[2022-05-19T09:57:50.279+0000][83][gc,age      ] GC(16) - age   3:    3714000 bytes,   19000400 total
[2022-05-19T09:57:50.279+0000][83][gc,phases   ] GC(16)   Pre Evacuate Collection Set: 0.2ms
[2022-05-19T09:57:50.279+0000][83][gc,phases   ] GC(16)   Merge Heap Roots: 0.2ms
[2022-05-19T09:57:50.279+0000][83][gc,phases   ] GC(16)   Evacuate Collection Set: 8.1ms
[2022-05-19T09:57:50.279+0000][83][gc,phases   ] GC(16)   Post Evacuate Collection Set: 1.6ms
[2022-05-19T09:57:50.279+0000][83][gc,phases   ] GC(16)   Other: 1.3ms
[2022-05-19T09:57:50.279+0000][83][gc,heap     ] GC(16) Eden regions: 70->0(71)
[2022-05-19T09:57:50.280+0000][83][gc,heap     ] GC(16) Survivor regions: 6->5(10)
[2022-05-19T09:57:50.280+0000][83][gc,heap     ] GC(16) Old regions: 12->13
[2022-05-19T09:57:50.280+0000][83][gc,heap     ] GC(16) Archive regions: 2->2
[2022-05-19T09:57:50.280+0000][83][gc,heap     ] GC(16) Humongous regions: 6->6
[2022-05-19T09:57:50.280+0000][83][gc,metaspace] GC(16) Metaspace: 93092K(94592K)->93092K(94592K) NonClass: 80032K(80960K)->80032K(80960K) Class: 13059K(13632K)->13059K(13632K)
[2022-05-19T09:57:50.280+0000][83][gc          ] GC(16) Pause Young (Normal) (G1 Evacuation Pause) 374M->97M(512M) 13.048ms
[2022-05-19T09:57:50.280+0000][83][gc,cpu      ] GC(16) User=0.13s Sys=0.00s Real=0.02s
[2022-05-19T09:57:50.281+0000][83][safepoint   ] Safepoint "G1CollectForAllocation", Time since last: 97770200 ns, Reaching safepoint: 217500 ns, At safepoint: 13459700 ns, Total: 13677200 ns
[2022-05-19T09:57:51.199+0000][83][safepoint   ] Safepoint "ICBufferFull", Time since last: 918051700 ns, Reaching safepoint: 264200 ns, At safepoint: 42600 ns, Total: 306800 ns
[2022-05-19T09:57:51.675+0000][83][safepoint   ] Safepoint "ICBufferFull", Time since last: 475548400 ns, Reaching safepoint: 294100 ns, At safepoint: 46700 ns, Total: 340800 ns
[2022-05-19T09:57:52.271+0000][83][safepoint   ] Safepoint "ICBufferFull", Time since last: 595365200 ns, Reaching safepoint: 291100 ns, At safepoint: 44500 ns, Total: 335600 ns
[2022-05-19T09:57:52.902+0000][83][gc,start    ] GC(17) Pause Young (Normal) (G1 Evacuation Pause)
[2022-05-19T09:57:52.903+0000][83][gc,task     ] GC(17) Using 10 workers of 10 for evacuation
[2022-05-19T09:57:52.903+0000][83][gc,age      ] GC(17) Desired survivor size 20971520 bytes, new threshold 15 (max threshold 15)
[2022-05-19T09:57:52.912+0000][83][gc,age      ] GC(17) Age table with threshold 15 (max threshold 15)
[2022-05-19T09:57:52.912+0000][83][gc,age      ] GC(17) - age   1:    8810600 bytes,    8810600 total
[2022-05-19T09:57:52.912+0000][83][gc,age      ] GC(17) - age   2:    2328520 bytes,   11139120 total
[2022-05-19T09:57:52.913+0000][83][gc,age      ] GC(17) - age   3:   11919200 bytes,   23058320 total
[2022-05-19T09:57:52.913+0000][83][gc,age      ] GC(17) - age   4:    3713688 bytes,   26772008 total
[2022-05-19T09:57:52.913+0000][83][gc,phases   ] GC(17)   Pre Evacuate Collection Set: 0.2ms
[2022-05-19T09:57:52.913+0000][83][gc,phases   ] GC(17)   Merge Heap Roots: 0.2ms
[2022-05-19T09:57:52.913+0000][83][gc,phases   ] GC(17)   Evacuate Collection Set: 7.1ms
[2022-05-19T09:57:52.914+0000][83][gc,phases   ] GC(17)   Post Evacuate Collection Set: 1.4ms
[2022-05-19T09:57:52.914+0000][83][gc,phases   ] GC(17)   Other: 1.9ms
[2022-05-19T09:57:52.914+0000][83][gc,heap     ] GC(17) Eden regions: 71->0(69)
[2022-05-19T09:57:52.914+0000][83][gc,heap     ] GC(17) Survivor regions: 5->7(10)
[2022-05-19T09:57:52.914+0000][83][gc,heap     ] GC(17) Old regions: 13->13
[2022-05-19T09:57:52.915+0000][83][gc,heap     ] GC(17) Archive regions: 2->2
[2022-05-19T09:57:52.915+0000][83][gc,heap     ] GC(17) Humongous regions: 6->6
[2022-05-19T09:57:52.915+0000][83][gc,metaspace] GC(17) Metaspace: 95486K(97024K)->95486K(97024K) NonClass: 82129K(83072K)->82129K(83072K) Class: 13356K(13952K)->13356K(13952K)
[2022-05-19T09:57:52.915+0000][83][gc          ] GC(17) Pause Young (Normal) (G1 Evacuation Pause) 381M->104M(512M) 12.975ms
[2022-05-19T09:57:52.916+0000][83][gc,cpu      ] GC(17) User=0.08s Sys=0.00s Real=0.01s
[2022-05-19T09:57:52.916+0000][83][safepoint   ] Safepoint "G1CollectForAllocation", Time since last: 631525600 ns, Reaching safepoint: 221700 ns, At safepoint: 13386700 ns, Total: 13608400 ns
[2022-05-19T09:57:53.916+0000][83][safepoint   ] Safepoint "Cleanup", Time since last: 1000362100 ns, Reaching safepoint: 291600 ns, At safepoint: 22300 ns, Total: 313900 ns
[2022-05-19T09:57:54.917+0000][83][safepoint   ] Safepoint "Cleanup", Time since last: 1000419800 ns, Reaching safepoint: 304400 ns, At safepoint: 21900 ns, Total: 326300 ns
[2022-05-19T09:57:55.037+0000][83][gc,start    ] GC(18) Pause Young (Normal) (G1 Evacuation Pause)
[2022-05-19T09:57:55.037+0000][83][gc,task     ] GC(18) Using 10 workers of 10 for evacuation
[2022-05-19T09:57:55.037+0000][83][gc,age      ] GC(18) Desired survivor size 20971520 bytes, new threshold 3 (max threshold 15)
[2022-05-19T09:57:55.046+0000][83][gc,age      ] GC(18) Age table with threshold 3 (max threshold 15)
[2022-05-19T09:57:55.047+0000][83][gc,age      ] GC(18) - age   1:   12536392 bytes,   12536392 total
[2022-05-19T09:57:55.047+0000][83][gc,age      ] GC(18) - age   2:    5794328 bytes,   18330720 total
[2022-05-19T09:57:55.047+0000][83][gc,age      ] GC(18) - age   3:    2328520 bytes,   20659240 total
[2022-05-19T09:57:55.048+0000][83][gc,phases   ] GC(18)   Pre Evacuate Collection Set: 0.2ms
[2022-05-19T09:57:55.048+0000][83][gc,phases   ] GC(18)   Merge Heap Roots: 0.2ms
[2022-05-19T09:57:55.048+0000][83][gc,phases   ] GC(18)   Evacuate Collection Set: 7.1ms
[2022-05-19T09:57:55.048+0000][83][gc,phases   ] GC(18)   Post Evacuate Collection Set: 1.2ms
[2022-05-19T09:57:55.049+0000][83][gc,phases   ] GC(18)   Other: 2.2ms
[2022-05-19T09:57:55.049+0000][83][gc,heap     ] GC(18) Eden regions: 69->0(65)
[2022-05-19T09:57:55.049+0000][83][gc,heap     ] GC(18) Survivor regions: 7->6(10)
[2022-05-19T09:57:55.049+0000][83][gc,heap     ] GC(18) Old regions: 13->17
[2022-05-19T09:57:55.049+0000][83][gc,heap     ] GC(18) Archive regions: 2->2
[2022-05-19T09:57:55.049+0000][83][gc,heap     ] GC(18) Humongous regions: 14->10
[2022-05-19T09:57:55.050+0000][83][gc,metaspace] GC(18) Metaspace: 95684K(97216K)->95684K(97216K) NonClass: 82327K(83264K)->82327K(83264K) Class: 13356K(13952K)->13356K(13952K)
[2022-05-19T09:57:55.050+0000][83][gc          ] GC(18) Pause Young (Normal) (G1 Evacuation Pause) 412M->131M(512M) 13.060ms
[2022-05-19T09:57:55.050+0000][83][gc,cpu      ] GC(18) User=0.07s Sys=0.00s Real=0.02s
[2022-05-19T09:57:55.050+0000][83][safepoint   ] Safepoint "G1CollectForAllocation", Time since last: 119384000 ns, Reaching safepoint: 170400 ns, At safepoint: 13415100 ns, Total: 13585500 ns
[2022-05-19T09:57:56.703+0000][83][gc,start    ] GC(19) Pause Young (Normal) (G1 Evacuation Pause)
[2022-05-19T09:57:56.703+0000][83][gc,task     ] GC(19) Using 10 workers of 10 for evacuation
[2022-05-19T09:57:56.704+0000][83][gc,age      ] GC(19) Desired survivor size 18874368 bytes, new threshold 3 (max threshold 15)
[2022-05-19T09:57:56.708+0000][83][gc,age      ] GC(19) Age table with threshold 3 (max threshold 15)
[2022-05-19T09:57:56.709+0000][83][gc,age      ] GC(19) - age   1:    6818096 bytes,    6818096 total
[2022-05-19T09:57:56.709+0000][83][gc,age      ] GC(19) - age   2:    9169920 bytes,   15988016 total
[2022-05-19T09:57:56.709+0000][83][gc,age      ] GC(19) - age   3:    5790960 bytes,   21778976 total
[2022-05-19T09:57:56.710+0000][83][gc,phases   ] GC(19)   Pre Evacuate Collection Set: 0.2ms
[2022-05-19T09:57:56.710+0000][83][gc,phases   ] GC(19)   Merge Heap Roots: 0.1ms
[2022-05-19T09:57:56.710+0000][83][gc,phases   ] GC(19)   Evacuate Collection Set: 3.3ms
[2022-05-19T09:57:56.710+0000][83][gc,phases   ] GC(19)   Post Evacuate Collection Set: 0.9ms
[2022-05-19T09:57:56.710+0000][83][gc,phases   ] GC(19)   Other: 2.2ms
[2022-05-19T09:57:56.711+0000][83][gc,heap     ] GC(19) Eden regions: 65->0(64)
[2022-05-19T09:57:56.711+0000][83][gc,heap     ] GC(19) Survivor regions: 6->6(9)
[2022-05-19T09:57:56.711+0000][83][gc,heap     ] GC(19) Old regions: 17->18
[2022-05-19T09:57:56.711+0000][83][gc,heap     ] GC(19) Archive regions: 2->2
[2022-05-19T09:57:56.711+0000][83][gc,heap     ] GC(19) Humongous regions: 10->10
[2022-05-19T09:57:56.711+0000][83][gc,metaspace] GC(19) Metaspace: 95690K(97216K)->95690K(97216K) NonClass: 82334K(83264K)->82334K(83264K) Class: 13356K(13952K)->13356K(13952K)
[2022-05-19T09:57:56.711+0000][83][gc          ] GC(19) Pause Young (Normal) (G1 Evacuation Pause) 391M->135M(512M) 8.399ms
[2022-05-19T09:57:56.712+0000][83][gc,cpu      ] GC(19) User=0.03s Sys=0.00s Real=0.01s
[2022-05-19T09:57:56.712+0000][83][safepoint   ] Safepoint "G1CollectForAllocation", Time since last: 1652687400 ns, Reaching safepoint: 181900 ns, At safepoint: 8683900 ns, Total: 8865800 ns
[2022-05-19T09:57:57.712+0000][83][safepoint   ] Safepoint "Cleanup", Time since last: 1000293600 ns, Reaching safepoint: 292500 ns, At safepoint: 21800 ns, Total: 314300 ns
[2022-05-19T09:57:58.516+0000][83][gc,start    ] GC(20) Pause Young (Normal) (G1 Evacuation Pause)
[2022-05-19T09:57:58.516+0000][83][gc,task     ] GC(20) Using 10 workers of 10 for evacuation
[2022-05-19T09:57:58.516+0000][83][gc,age      ] GC(20) Desired survivor size 18874368 bytes, new threshold 3 (max threshold 15)
[2022-05-19T09:57:58.522+0000][83][gc,age      ] GC(20) Age table with threshold 3 (max threshold 15)
[2022-05-19T09:57:58.522+0000][83][gc,age      ] GC(20) - age   1:   14434608 bytes,   14434608 total
[2022-05-19T09:57:58.522+0000][83][gc,age      ] GC(20) - age   2:    3022480 bytes,   17457088 total
[2022-05-19T09:57:58.522+0000][83][gc,age      ] GC(20) - age   3:    7683464 bytes,   25140552 total
[2022-05-19T09:57:58.523+0000][83][gc,phases   ] GC(20)   Pre Evacuate Collection Set: 0.2ms
[2022-05-19T09:57:58.523+0000][83][gc,phases   ] GC(20)   Merge Heap Roots: 0.2ms
[2022-05-19T09:57:58.523+0000][83][gc,phases   ] GC(20)   Evacuate Collection Set: 4.1ms
[2022-05-19T09:57:58.523+0000][83][gc,phases   ] GC(20)   Post Evacuate Collection Set: 1.0ms
[2022-05-19T09:57:58.523+0000][83][gc,phases   ] GC(20)   Other: 1.6ms
[2022-05-19T09:57:58.523+0000][83][gc,heap     ] GC(20) Eden regions: 64->0(64)
[2022-05-19T09:57:58.524+0000][83][gc,heap     ] GC(20) Survivor regions: 6->7(9)
[2022-05-19T09:57:58.524+0000][83][gc,heap     ] GC(20) Old regions: 18->19
[2022-05-19T09:57:58.524+0000][83][gc,heap     ] GC(20) Archive regions: 2->2
[2022-05-19T09:57:58.524+0000][83][gc,heap     ] GC(20) Humongous regions: 12->7
[2022-05-19T09:57:58.524+0000][83][gc,metaspace] GC(20) Metaspace: 96974K(98496K)->96974K(98496K) NonClass: 83458K(84352K)->83458K(84352K) Class: 13516K(14144K)->13516K(14144K)
[2022-05-19T09:57:58.524+0000][83][gc          ] GC(20) Pause Young (Normal) (G1 Evacuation Pause) 399M->132M(512M) 8.606ms
[2022-05-19T09:57:58.524+0000][83][gc,cpu      ] GC(20) User=0.04s Sys=0.00s Real=0.01s
[2022-05-19T09:57:58.525+0000][83][safepoint   ] Safepoint "G1CollectForAllocation", Time since last: 803036200 ns, Reaching safepoint: 210900 ns, At safepoint: 8988000 ns, Total: 9198900 ns
[2022-05-19T09:57:59.526+0000][83][safepoint   ] Safepoint "Cleanup", Time since last: 1000324400 ns, Reaching safepoint: 393800 ns, At safepoint: 22200 ns, Total: 416000 ns
[2022-05-19T09:58:00.526+0000][83][safepoint   ] Safepoint "Cleanup", Time since last: 1000456500 ns, Reaching safepoint: 360200 ns, At safepoint: 39200 ns, Total: 399400 ns
[2022-05-19T09:58:00.594+0000][83][gc,start    ] GC(21) Pause Young (Normal) (G1 Evacuation Pause)
[2022-05-19T09:58:00.594+0000][83][gc,task     ] GC(21) Using 10 workers of 10 for evacuation
[2022-05-19T09:58:00.595+0000][83][gc,age      ] GC(21) Desired survivor size 18874368 bytes, new threshold 3 (max threshold 15)
[2022-05-19T09:58:00.599+0000][83][gc,age      ] GC(21) Age table with threshold 3 (max threshold 15)
[2022-05-19T09:58:00.600+0000][83][gc,age      ] GC(21) - age   1:   12798280 bytes,   12798280 total
[2022-05-19T09:58:00.600+0000][83][gc,age      ] GC(21) - age   2:    5783520 bytes,   18581800 total
[2022-05-19T09:58:00.600+0000][83][gc,age      ] GC(21) - age   3:    3018976 bytes,   21600776 total
[2022-05-19T09:58:00.601+0000][83][gc,phases   ] GC(21)   Pre Evacuate Collection Set: 0.2ms
[2022-05-19T09:58:00.601+0000][83][gc,phases   ] GC(21)   Merge Heap Roots: 0.1ms
[2022-05-19T09:58:00.601+0000][83][gc,phases   ] GC(21)   Evacuate Collection Set: 3.4ms
[2022-05-19T09:58:00.601+0000][83][gc,phases   ] GC(21)   Post Evacuate Collection Set: 0.9ms
[2022-05-19T09:58:00.602+0000][83][gc,phases   ] GC(21)   Other: 2.2ms
[2022-05-19T09:58:00.602+0000][83][gc,heap     ] GC(21) Eden regions: 64->0(62)
[2022-05-19T09:58:00.602+0000][83][gc,heap     ] GC(21) Survivor regions: 7->6(9)
[2022-05-19T09:58:00.602+0000][83][gc,heap     ] GC(21) Old regions: 19->21
[2022-05-19T09:58:00.602+0000][83][gc,heap     ] GC(21) Archive regions: 2->2
[2022-05-19T09:58:00.602+0000][83][gc,heap     ] GC(21) Humongous regions: 7->7
[2022-05-19T09:58:00.602+0000][83][gc,metaspace] GC(21) Metaspace: 97058K(98560K)->97058K(98560K) NonClass: 83541K(84416K)->83541K(84416K) Class: 13516K(14144K)->13516K(14144K)
[2022-05-19T09:58:00.603+0000][83][gc          ] GC(21) Pause Young (Normal) (G1 Evacuation Pause) 388M->137M(512M) 8.684ms
[2022-05-19T09:58:00.603+0000][83][gc,cpu      ] GC(21) User=0.03s Sys=0.01s Real=0.01s
[2022-05-19T09:58:00.603+0000][83][safepoint   ] Safepoint "G1CollectForAllocation", Time since last: 67207500 ns, Reaching safepoint: 248100 ns, At safepoint: 9079500 ns, Total: 9327600 ns
[2022-05-19T09:58:01.603+0000][83][safepoint   ] Safepoint "ICBufferFull", Time since last: 999228900 ns, Reaching safepoint: 374200 ns, At safepoint: 66900 ns, Total: 441100 ns
[2022-05-19T09:58:02.561+0000][83][gc,start    ] GC(22) Pause Young (Normal) (G1 Evacuation Pause)
[2022-05-19T09:58:02.561+0000][83][gc,task     ] GC(22) Using 10 workers of 10 for evacuation
[2022-05-19T09:58:02.562+0000][83][gc,age      ] GC(22) Desired survivor size 18874368 bytes, new threshold 3 (max threshold 15)
[2022-05-19T09:58:02.567+0000][83][gc,age      ] GC(22) Age table with threshold 3 (max threshold 15)
[2022-05-19T09:58:02.568+0000][83][gc,age      ] GC(22) - age   1:   14862560 bytes,   14862560 total
[2022-05-19T09:58:02.568+0000][83][gc,age      ] GC(22) - age   2:    5710688 bytes,   20573248 total
[2022-05-19T09:58:02.568+0000][83][gc,age      ] GC(22) - age   3:    5766408 bytes,   26339656 total
[2022-05-19T09:58:02.568+0000][83][gc,phases   ] GC(22)   Pre Evacuate Collection Set: 0.2ms
[2022-05-19T09:58:02.569+0000][83][gc,phases   ] GC(22)   Merge Heap Roots: 0.2ms
[2022-05-19T09:58:02.569+0000][83][gc,phases   ] GC(22)   Evacuate Collection Set: 4.1ms
[2022-05-19T09:58:02.569+0000][83][gc,phases   ] GC(22)   Post Evacuate Collection Set: 0.8ms
[2022-05-19T09:58:02.569+0000][83][gc,phases   ] GC(22)   Other: 2.0ms
[2022-05-19T09:58:02.569+0000][83][gc,heap     ] GC(22) Eden regions: 62->0(58)
[2022-05-19T09:58:02.569+0000][83][gc,heap     ] GC(22) Survivor regions: 6->7(9)
[2022-05-19T09:58:02.569+0000][83][gc,heap     ] GC(22) Old regions: 21->22
[2022-05-19T09:58:02.569+0000][83][gc,heap     ] GC(22) Archive regions: 2->2
[2022-05-19T09:58:02.570+0000][83][gc,heap     ] GC(22) Humongous regions: 9->8
[2022-05-19T09:58:02.570+0000][83][gc,metaspace] GC(22) Metaspace: 98830K(100288K)->98830K(100288K) NonClass: 85025K(85888K)->85025K(85888K) Class: 13805K(14400K)->13805K(14400K)
[2022-05-19T09:58:02.570+0000][83][gc          ] GC(22) Pause Young (Normal) (G1 Evacuation Pause) 393M->148M(512M) 8.636ms
[2022-05-19T09:58:02.570+0000][83][gc,cpu      ] GC(22) User=0.03s Sys=0.00s Real=0.01s
[2022-05-19T09:58:02.570+0000][83][safepoint   ] Safepoint "G1CollectForAllocation", Time since last: 958342600 ns, Reaching safepoint: 245200 ns, At safepoint: 8936700 ns, Total: 9181900 ns
[2022-05-19T09:58:03.571+0000][83][safepoint   ] Safepoint "Cleanup", Time since last: 1000262600 ns, Reaching safepoint: 280500 ns, At safepoint: 24000 ns, Total: 304500 ns
[2022-05-19T09:58:04.355+0000][83][gc,start    ] GC(23) Pause Young (Normal) (G1 Evacuation Pause)
[2022-05-19T09:58:04.355+0000][83][gc,task     ] GC(23) Using 10 workers of 10 for evacuation
[2022-05-19T09:58:04.355+0000][83][gc,age      ] GC(23) Desired survivor size 18874368 bytes, new threshold 2 (max threshold 15)
[2022-05-19T09:58:04.361+0000][83][gc,age      ] GC(23) Age table with threshold 2 (max threshold 15)
[2022-05-19T09:58:04.362+0000][83][gc,age      ] GC(23) - age   1:   14375072 bytes,   14375072 total
[2022-05-19T09:58:04.362+0000][83][gc,age      ] GC(23) - age   2:    5168928 bytes,   19544000 total
[2022-05-19T09:58:04.362+0000][83][gc,phases   ] GC(23)   Pre Evacuate Collection Set: 0.2ms
[2022-05-19T09:58:04.362+0000][83][gc,phases   ] GC(23)   Merge Heap Roots: 0.2ms
[2022-05-19T09:58:04.363+0000][83][gc,phases   ] GC(23)   Evacuate Collection Set: 4.0ms
[2022-05-19T09:58:04.363+0000][83][gc,phases   ] GC(23)   Post Evacuate Collection Set: 1.0ms
[2022-05-19T09:58:04.363+0000][83][gc,phases   ] GC(23)   Other: 1.8ms
[2022-05-19T09:58:04.363+0000][83][gc,heap     ] GC(23) Eden regions: 58->0(58)
[2022-05-19T09:58:04.363+0000][83][gc,heap     ] GC(23) Survivor regions: 7->5(9)
[2022-05-19T09:58:04.363+0000][83][gc,heap     ] GC(23) Old regions: 22->24
[2022-05-19T09:58:04.363+0000][83][gc,heap     ] GC(23) Archive regions: 2->2
[2022-05-19T09:58:04.363+0000][83][gc,heap     ] GC(23) Humongous regions: 8->8
[2022-05-19T09:58:04.364+0000][83][gc,metaspace] GC(23) Metaspace: 98894K(100416K)->98894K(100416K) NonClass: 85089K(86016K)->85089K(86016K) Class: 13805K(14400K)->13805K(14400K)
[2022-05-19T09:58:04.364+0000][83][gc          ] GC(23) Pause Young (Normal) (G1 Evacuation Pause) 380M->151M(512M) 8.950ms
[2022-05-19T09:58:04.364+0000][83][gc,cpu      ] GC(23) User=0.04s Sys=0.00s Real=0.01s
[2022-05-19T09:58:04.364+0000][83][safepoint   ] Safepoint "G1CollectForAllocation", Time since last: 783821300 ns, Reaching safepoint: 275100 ns, At safepoint: 9253500 ns, Total: 9528600 ns
[2022-05-19T09:58:05.747+0000][83][gc,start    ] GC(24) Pause Young (Concurrent Start) (G1 Humongous Allocation)
[2022-05-19T09:58:05.747+0000][83][gc,task     ] GC(24) Using 10 workers of 10 for evacuation
[2022-05-19T09:58:05.747+0000][83][gc,age      ] GC(24) Desired survivor size 16777216 bytes, new threshold 2 (max threshold 15)
[2022-05-19T09:58:05.752+0000][83][gc,age      ] GC(24) Age table with threshold 2 (max threshold 15)
[2022-05-19T09:58:05.752+0000][83][gc,age      ] GC(24) - age   1:   15430496 bytes,   15430496 total
[2022-05-19T09:58:05.752+0000][83][gc,age      ] GC(24) - age   2:    4513952 bytes,   19944448 total
[2022-05-19T09:58:05.752+0000][83][gc,phases   ] GC(24)   Pre Evacuate Collection Set: 0.3ms
[2022-05-19T09:58:05.753+0000][83][gc,phases   ] GC(24)   Merge Heap Roots: 0.2ms
[2022-05-19T09:58:05.753+0000][83][gc,phases   ] GC(24)   Evacuate Collection Set: 3.5ms
[2022-05-19T09:58:05.753+0000][83][gc,phases   ] GC(24)   Post Evacuate Collection Set: 0.7ms
[2022-05-19T09:58:05.753+0000][83][gc,phases   ] GC(24)   Other: 1.2ms
[2022-05-19T09:58:05.753+0000][83][gc,heap     ] GC(24) Eden regions: 44->0(54)
[2022-05-19T09:58:05.753+0000][83][gc,heap     ] GC(24) Survivor regions: 5->6(8)
[2022-05-19T09:58:05.754+0000][83][gc,heap     ] GC(24) Old regions: 24->26
[2022-05-19T09:58:05.754+0000][83][gc,heap     ] GC(24) Archive regions: 2->2
[2022-05-19T09:58:05.754+0000][83][gc,heap     ] GC(24) Humongous regions: 8->8
[2022-05-19T09:58:05.754+0000][83][gc,metaspace] GC(24) Metaspace: 98919K(100416K)->98919K(100416K) NonClass: 85114K(86016K)->85114K(86016K) Class: 13805K(14400K)->13805K(14400K)
[2022-05-19T09:58:05.755+0000][83][gc          ] GC(24) Pause Young (Concurrent Start) (G1 Humongous Allocation) 327M->158M(512M) 8.011ms
[2022-05-19T09:58:05.755+0000][83][gc,cpu      ] GC(24) User=0.04s Sys=0.00s Real=0.01s
[2022-05-19T09:58:05.755+0000][83][gc          ] GC(25) Concurrent Undo Cycle
[2022-05-19T09:58:05.755+0000][83][gc,marking  ] GC(25) Concurrent Cleanup for Next Mark
[2022-05-19T09:58:05.755+0000][83][safepoint   ] Safepoint "G1TryInitiateConcMark", Time since last: 1382219500 ns, Reaching safepoint: 219200 ns, At safepoint: 8376100 ns, Total: 8595300 ns
[2022-05-19T09:58:05.755+0000][83][gc,marking  ] GC(25) Concurrent Cleanup for Next Mark 0.386ms
[2022-05-19T09:58:05.756+0000][83][gc          ] GC(25) Concurrent Undo Cycle 0.709ms
[2022-05-19T09:58:06.012+0000][83][gc,start    ] GC(26) Pause Young (Concurrent Start) (G1 Humongous Allocation)
[2022-05-19T09:58:06.012+0000][83][gc,task     ] GC(26) Using 10 workers of 10 for evacuation
[2022-05-19T09:58:06.013+0000][83][gc,age      ] GC(26) Desired survivor size 16777216 bytes, new threshold 2 (max threshold 15)
[2022-05-19T09:58:06.017+0000][83][gc,age      ] GC(26) Age table with threshold 2 (max threshold 15)
[2022-05-19T09:58:06.018+0000][83][gc,age      ] GC(26) - age   1:       1608 bytes,       1608 total
[2022-05-19T09:58:06.018+0000][83][gc,age      ] GC(26) - age   2:   14992032 bytes,   14993640 total
[2022-05-19T09:58:06.018+0000][83][gc,phases   ] GC(26)   Pre Evacuate Collection Set: 0.4ms
[2022-05-19T09:58:06.019+0000][83][gc,phases   ] GC(26)   Merge Heap Roots: 0.2ms
[2022-05-19T09:58:06.019+0000][83][gc,phases   ] GC(26)   Evacuate Collection Set: 3.1ms
[2022-05-19T09:58:06.019+0000][83][gc,phases   ] GC(26)   Post Evacuate Collection Set: 0.7ms
[2022-05-19T09:58:06.019+0000][83][gc,phases   ] GC(26)   Other: 2.0ms
[2022-05-19T09:58:06.020+0000][83][gc,heap     ] GC(26) Eden regions: 1->0(48)
[2022-05-19T09:58:06.020+0000][83][gc,heap     ] GC(26) Survivor regions: 6->5(8)
[2022-05-19T09:58:06.020+0000][83][gc,heap     ] GC(26) Old regions: 26->27
[2022-05-19T09:58:06.020+0000][83][gc,heap     ] GC(26) Archive regions: 2->2
[2022-05-19T09:58:06.021+0000][83][gc,heap     ] GC(26) Humongous regions: 17->17
[2022-05-19T09:58:06.021+0000][83][gc,metaspace] GC(26) Metaspace: 98922K(100416K)->98922K(100416K) NonClass: 85117K(86016K)->85117K(86016K) Class: 13805K(14400K)->13805K(14400K)
[2022-05-19T09:58:06.021+0000][83][gc          ] GC(26) Pause Young (Concurrent Start) (G1 Humongous Allocation) 196M->193M(512M) 9.141ms
[2022-05-19T09:58:06.021+0000][83][gc,cpu      ] GC(26) User=0.03s Sys=0.00s Real=0.01s
[2022-05-19T09:58:06.021+0000][83][safepoint   ] Safepoint "G1TryInitiateConcMark", Time since last: 256563400 ns, Reaching safepoint: 322400 ns, At safepoint: 9608400 ns, Total: 9930800 ns
[2022-05-19T09:58:06.021+0000][83][gc          ] GC(27) Concurrent Mark Cycle
[2022-05-19T09:58:06.025+0000][83][gc,marking  ] GC(27) Concurrent Clear Claimed Marks
[2022-05-19T09:58:06.026+0000][83][gc,marking  ] GC(27) Concurrent Clear Claimed Marks 0.821ms
[2022-05-19T09:58:06.026+0000][83][gc,marking  ] GC(27) Concurrent Scan Root Regions
[2022-05-19T09:58:06.028+0000][83][gc,marking  ] GC(27) Concurrent Scan Root Regions 1.831ms
[2022-05-19T09:58:06.029+0000][83][gc,marking  ] GC(27) Concurrent Mark
[2022-05-19T09:58:06.029+0000][83][gc,marking  ] GC(27) Concurrent Mark From Roots
[2022-05-19T09:58:06.029+0000][83][gc,task     ] GC(27) Using 3 workers of 3 for marking
[2022-05-19T09:58:06.080+0000][83][gc,marking  ] GC(27) Concurrent Mark From Roots 51.706ms
[2022-05-19T09:58:06.081+0000][83][gc,marking  ] GC(27) Concurrent Preclean
[2022-05-19T09:58:06.081+0000][83][gc,marking  ] GC(27) Concurrent Preclean 0.569ms
[2022-05-19T09:58:06.082+0000][83][gc,start    ] GC(27) Pause Remark
[2022-05-19T09:58:06.088+0000][83][gc          ] GC(27) Pause Remark 273M->273M(512M) 6.372ms
[2022-05-19T09:58:06.089+0000][83][gc,cpu      ] GC(27) User=0.05s Sys=0.00s Real=0.00s
[2022-05-19T09:58:06.089+0000][83][safepoint   ] Safepoint "G1Concurrent", Time since last: 60363800 ns, Reaching safepoint: 258000 ns, At safepoint: 7188700 ns, Total: 7446700 ns
[2022-05-19T09:58:06.089+0000][83][gc,marking  ] GC(27) Concurrent Mark 60.912ms
[2022-05-19T09:58:06.090+0000][83][gc,marking  ] GC(27) Concurrent Rebuild Remembered Sets
[2022-05-19T09:58:06.111+0000][83][gc,marking  ] GC(27) Concurrent Rebuild Remembered Sets 21.601ms
[2022-05-19T09:58:06.112+0000][83][gc,start    ] GC(27) Pause Cleanup
[2022-05-19T09:58:06.113+0000][83][gc          ] GC(27) Pause Cleanup 293M->293M(512M) 0.478ms
[2022-05-19T09:58:06.113+0000][83][gc,cpu      ] GC(27) User=0.00s Sys=0.00s Real=0.00s
[2022-05-19T09:58:06.113+0000][83][safepoint   ] Safepoint "G1Concurrent", Time since last: 22662100 ns, Reaching safepoint: 379000 ns, At safepoint: 959900 ns, Total: 1338900 ns
[2022-05-19T09:58:06.113+0000][83][gc,marking  ] GC(27) Concurrent Cleanup for Next Mark
[2022-05-19T09:58:06.114+0000][83][gc,marking  ] GC(27) Concurrent Cleanup for Next Mark 0.414ms
[2022-05-19T09:58:06.114+0000][83][gc          ] GC(27) Concurrent Mark Cycle 92.763ms
[2022-05-19T09:58:06.163+0000][83][gc,start    ] GC(28) Pause Young (Prepare Mixed) (G1 Humongous Allocation)
[2022-05-19T09:58:06.164+0000][83][gc,task     ] GC(28) Using 10 workers of 10 for evacuation
[2022-05-19T09:58:06.164+0000][83][gc,age      ] GC(28) Desired survivor size 14680064 bytes, new threshold 2 (max threshold 15)
[2022-05-19T09:58:06.173+0000][83][gc,age      ] GC(28) Age table with threshold 2 (max threshold 15)
[2022-05-19T09:58:06.173+0000][83][gc,age      ] GC(28) - age   1:   28451080 bytes,   28451080 total
[2022-05-19T09:58:06.173+0000][83][gc,age      ] GC(28) - age   2:       1368 bytes,   28452448 total
[2022-05-19T09:58:06.173+0000][83][gc          ] GC(28) To-space exhausted
[2022-05-19T09:58:06.174+0000][83][gc,phases   ] GC(28)   Pre Evacuate Collection Set: 0.2ms
[2022-05-19T09:58:06.174+0000][83][gc,phases   ] GC(28)   Merge Heap Roots: 0.2ms
[2022-05-19T09:58:06.174+0000][83][gc,phases   ] GC(28)   Evacuate Collection Set: 7.6ms
[2022-05-19T09:58:06.174+0000][83][gc,phases   ] GC(28)   Post Evacuate Collection Set: 0.8ms
[2022-05-19T09:58:06.175+0000][83][gc,phases   ] GC(28)   Other: 1.5ms
[2022-05-19T09:58:06.175+0000][83][gc,heap     ] GC(28) Eden regions: 17->0(1)
[2022-05-19T09:58:06.175+0000][83][gc,heap     ] GC(28) Survivor regions: 5->7(7)
[2022-05-19T09:58:06.175+0000][83][gc,heap     ] GC(28) Old regions: 27->46
[2022-05-19T09:58:06.175+0000][83][gc,heap     ] GC(28) Archive regions: 2->2
[2022-05-19T09:58:06.176+0000][83][gc,heap     ] GC(28) Humongous regions: 61->43
[2022-05-19T09:58:06.176+0000][83][gc,metaspace] GC(28) Metaspace: 98921K(100416K)->98921K(100416K) NonClass: 85116K(86016K)->85116K(86016K) Class: 13804K(14400K)->13804K(14400K)
[2022-05-19T09:58:06.176+0000][83][gc          ] GC(28) Pause Young (Prepare Mixed) (G1 Humongous Allocation) 436M->387M(512M) 12.490ms
[2022-05-19T09:58:06.176+0000][83][gc,cpu      ] GC(28) User=0.08s Sys=0.00s Real=0.01s
[2022-05-19T09:58:06.176+0000][83][gc,ergo     ] Attempting full compaction
[2022-05-19T09:58:06.176+0000][83][gc,task     ] GC(29) Using 10 workers of 10 for full compaction
[2022-05-19T09:58:06.186+0000][83][gc,start    ] GC(29) Pause Full (G1 Compaction Pause)
[2022-05-19T09:58:06.187+0000][83][gc,phases,start] GC(29) Phase 1: Mark live objects
[2022-05-19T09:58:06.214+0000][83][gc,phases      ] GC(29) Phase 1: Mark live objects 27.133ms
[2022-05-19T09:58:06.214+0000][83][gc,phases,start] GC(29) Phase 2: Prepare for compaction
[2022-05-19T09:58:06.216+0000][83][gc,phases      ] GC(29) Phase 2: Prepare for compaction 1.678ms
[2022-05-19T09:58:06.216+0000][83][gc,phases,start] GC(29) Phase 3: Adjust pointers
[2022-05-19T09:58:06.225+0000][83][gc,phases      ] GC(29) Phase 3: Adjust pointers 9.167ms
[2022-05-19T09:58:06.225+0000][83][gc,phases,start] GC(29) Phase 4: Compact heap
[2022-05-19T09:58:06.229+0000][83][gc,phases      ] GC(29) Phase 4: Compact heap 3.904ms
[2022-05-19T09:58:06.235+0000][83][gc,heap        ] GC(29) Eden regions: 0->0(7)
[2022-05-19T09:58:06.235+0000][83][gc,heap        ] GC(29) Survivor regions: 7->0(7)
[2022-05-19T09:58:06.235+0000][83][gc,heap        ] GC(29) Old regions: 46->49
[2022-05-19T09:58:06.235+0000][83][gc,heap        ] GC(29) Archive regions: 2->2
[2022-05-19T09:58:06.235+0000][83][gc,heap        ] GC(29) Humongous regions: 43->43
[2022-05-19T09:58:06.236+0000][83][gc,metaspace   ] GC(29) Metaspace: 98921K(100416K)->98921K(100416K) NonClass: 85116K(86016K)->85116K(86016K) Class: 13804K(14400K)->13804K(14400K)
[2022-05-19T09:58:06.236+0000][83][gc             ] GC(29) Pause Full (G1 Compaction Pause) 387M->360M(512M) 49.464ms
[2022-05-19T09:58:06.236+0000][83][gc,cpu         ] GC(29) User=0.27s Sys=0.04s Real=0.06s
[2022-05-19T09:58:06.236+0000][83][safepoint      ] Safepoint "G1CollectForAllocation", Time since last: 50022600 ns, Reaching safepoint: 227700 ns, At safepoint: 72691400 ns, Total: 72919100 ns
[2022-05-19T09:58:06.257+0000][83][gc,start       ] GC(30) Pause Young (Concurrent Start) (G1 Evacuation Pause)
[2022-05-19T09:58:06.258+0000][83][gc,task        ] GC(30) Using 10 workers of 10 for evacuation
[2022-05-19T09:58:06.258+0000][83][gc,age         ] GC(30) Desired survivor size 2097152 bytes, new threshold 1 (max threshold 15)
[2022-05-19T09:58:06.262+0000][83][gc,age         ] GC(30) Age table with threshold 1 (max threshold 15)
[2022-05-19T09:58:06.262+0000][83][gc,age         ] GC(30) - age   1:    4070248 bytes,    4070248 total
[2022-05-19T09:58:06.262+0000][83][gc,phases      ] GC(30)   Pre Evacuate Collection Set: 0.3ms
[2022-05-19T09:58:06.263+0000][83][gc,phases      ] GC(30)   Merge Heap Roots: 0.2ms
[2022-05-19T09:58:06.263+0000][83][gc,phases      ] GC(30)   Evacuate Collection Set: 2.4ms
[2022-05-19T09:58:06.263+0000][83][gc,phases      ] GC(30)   Post Evacuate Collection Set: 0.6ms
[2022-05-19T09:58:06.263+0000][83][gc,phases      ] GC(30)   Other: 1.7ms
[2022-05-19T09:58:06.263+0000][83][gc,heap        ] GC(30) Eden regions: 7->0(5)
[2022-05-19T09:58:06.263+0000][83][gc,heap        ] GC(30) Survivor regions: 0->1(1)
[2022-05-19T09:58:06.264+0000][83][gc,heap        ] GC(30) Old regions: 49->52
[2022-05-19T09:58:06.264+0000][83][gc,heap        ] GC(30) Archive regions: 2->2
[2022-05-19T09:58:06.264+0000][83][gc,heap        ] GC(30) Humongous regions: 60->60
[2022-05-19T09:58:06.264+0000][83][gc,metaspace   ] GC(30) Metaspace: 98925K(100416K)->98925K(100416K) NonClass: 85120K(86016K)->85120K(86016K) Class: 13804K(14400K)->13804K(14400K)
[2022-05-19T09:58:06.264+0000][83][gc             ] GC(30) Pause Young (Concurrent Start) (G1 Evacuation Pause) 455M->441M(512M) 6.883ms
[2022-05-19T09:58:06.264+0000][83][gc,cpu         ] GC(30) User=0.02s Sys=0.00s Real=0.01s
[2022-05-19T09:58:06.264+0000][83][gc             ] GC(31) Concurrent Mark Cycle
[2022-05-19T09:58:06.264+0000][83][safepoint      ] Safepoint "G1CollectForAllocation", Time since last: 20839400 ns, Reaching safepoint: 242400 ns, At safepoint: 7222600 ns, Total: 7465000 ns
[2022-05-19T09:58:06.265+0000][83][gc,marking     ] GC(31) Concurrent Clear Claimed Marks
[2022-05-19T09:58:06.265+0000][83][gc,marking     ] GC(31) Concurrent Clear Claimed Marks 0.365ms
[2022-05-19T09:58:06.265+0000][83][gc,marking     ] GC(31) Concurrent Scan Root Regions
[2022-05-19T09:58:06.266+0000][83][gc,marking     ] GC(31) Concurrent Scan Root Regions 1.329ms
[2022-05-19T09:58:06.267+0000][83][gc,marking     ] GC(31) Concurrent Mark
[2022-05-19T09:58:06.267+0000][83][gc,marking     ] GC(31) Concurrent Mark From Roots
[2022-05-19T09:58:06.267+0000][83][gc,task        ] GC(31) Using 3 workers of 3 for marking
[2022-05-19T09:58:06.268+0000][83][gc,start       ] GC(32) Pause Young (Normal) (G1 Evacuation Pause)
[2022-05-19T09:58:06.268+0000][83][gc,task        ] GC(32) Using 10 workers of 10 for evacuation
[2022-05-19T09:58:06.269+0000][83][gc,age         ] GC(32) Desired survivor size 2097152 bytes, new threshold 1 (max threshold 15)
[2022-05-19T09:58:06.273+0000][83][gc,age         ] GC(32) Age table with threshold 1 (max threshold 15)
[2022-05-19T09:58:06.273+0000][83][gc,age         ] GC(32) - age   1:    3936392 bytes,    3936392 total
[2022-05-19T09:58:06.273+0000][83][gc,phases      ] GC(32)   Pre Evacuate Collection Set: 0.2ms
[2022-05-19T09:58:06.273+0000][83][gc,phases      ] GC(32)   Merge Heap Roots: 0.2ms
[2022-05-19T09:58:06.273+0000][83][gc,phases      ] GC(32)   Evacuate Collection Set: 2.8ms
[2022-05-19T09:58:06.274+0000][83][gc,phases      ] GC(32)   Post Evacuate Collection Set: 0.8ms
[2022-05-19T09:58:06.274+0000][83][gc,phases      ] GC(32)   Other: 0.9ms
[2022-05-19T09:58:06.274+0000][83][gc,heap        ] GC(32) Eden regions: 5->0(5)
[2022-05-19T09:58:06.274+0000][83][gc,heap        ] GC(32) Survivor regions: 1->1(1)
[2022-05-19T09:58:06.274+0000][83][gc,heap        ] GC(32) Old regions: 52->56
[2022-05-19T09:58:06.274+0000][83][gc,heap        ] GC(32) Archive regions: 2->2
[2022-05-19T09:58:06.275+0000][83][gc,heap        ] GC(32) Humongous regions: 60->60
[2022-05-19T09:58:06.275+0000][83][gc,metaspace   ] GC(32) Metaspace: 98925K(100416K)->98925K(100416K) NonClass: 85120K(86016K)->85120K(86016K) Class: 13804K(14400K)->13804K(14400K)
[2022-05-19T09:58:06.275+0000][83][gc             ] GC(32) Pause Young (Normal) (G1 Evacuation Pause) 460M->458M(512M) 6.529ms
[2022-05-19T09:58:06.275+0000][83][gc,cpu         ] GC(32) User=0.02s Sys=0.01s Real=0.01s
[2022-05-19T09:58:06.275+0000][83][safepoint      ] Safepoint "G1CollectForAllocation", Time since last: 3583500 ns, Reaching safepoint: 253900 ns, At safepoint: 6948000 ns, Total: 7201900 ns
[2022-05-19T09:58:06.278+0000][83][gc,start       ] GC(33) Pause Young (Normal) (G1 Preventive Collection)
[2022-05-19T09:58:06.279+0000][83][gc,task        ] GC(33) Using 10 workers of 10 for evacuation
[2022-05-19T09:58:06.279+0000][83][gc,age         ] GC(33) Desired survivor size 2097152 bytes, new threshold 1 (max threshold 15)
[2022-05-19T09:58:06.282+0000][83][gc,age         ] GC(33) Age table with threshold 1 (max threshold 15)
[2022-05-19T09:58:06.282+0000][83][gc,age         ] GC(33) - age   1:    3671632 bytes,    3671632 total
[2022-05-19T09:58:06.283+0000][83][gc,phases      ] GC(33)   Pre Evacuate Collection Set: 0.2ms
[2022-05-19T09:58:06.283+0000][83][gc,phases      ] GC(33)   Merge Heap Roots: 0.2ms
[2022-05-19T09:58:06.283+0000][83][gc,phases      ] GC(33)   Evacuate Collection Set: 2.1ms
[2022-05-19T09:58:06.283+0000][83][gc,phases      ] GC(33)   Post Evacuate Collection Set: 0.7ms
[2022-05-19T09:58:06.283+0000][83][gc,phases      ] GC(33)   Other: 1.2ms
[2022-05-19T09:58:06.284+0000][83][gc,heap        ] GC(33) Eden regions: 4->0(5)
[2022-05-19T09:58:06.284+0000][83][gc,heap        ] GC(33) Survivor regions: 1->1(1)
[2022-05-19T09:58:06.284+0000][83][gc,heap        ] GC(33) Old regions: 56->59
[2022-05-19T09:58:06.284+0000][83][gc,heap        ] GC(33) Archive regions: 2->2
[2022-05-19T09:58:06.284+0000][83][gc,heap        ] GC(33) Humongous regions: 60->60
[2022-05-19T09:58:06.284+0000][83][gc,metaspace   ] GC(33) Metaspace: 98925K(100416K)->98925K(100416K) NonClass: 85120K(86016K)->85120K(86016K) Class: 13804K(14400K)->13804K(14400K)
[2022-05-19T09:58:06.284+0000][83][gc             ] GC(33) Pause Young (Normal) (G1 Preventive Collection) 473M->471M(512M) 6.104ms
[2022-05-19T09:58:06.285+0000][83][gc,cpu         ] GC(33) User=0.02s Sys=0.00s Real=0.01s
[2022-05-19T09:58:06.285+0000][83][safepoint      ] Safepoint "G1CollectForAllocation", Time since last: 2818500 ns, Reaching safepoint: 251000 ns, At safepoint: 6474400 ns, Total: 6725400 ns
[2022-05-19T09:58:06.286+0000][83][gc,start       ] GC(34) Pause Young (Normal) (G1 Preventive Collection)
[2022-05-19T09:58:06.286+0000][83][gc,task        ] GC(34) Using 10 workers of 10 for evacuation
[2022-05-19T09:58:06.287+0000][83][gc,age         ] GC(34) Desired survivor size 2097152 bytes, new threshold 1 (max threshold 15)
[2022-05-19T09:58:06.289+0000][83][gc,age         ] GC(34) Age table with threshold 1 (max threshold 15)
[2022-05-19T09:58:06.289+0000][83][gc,age         ] GC(34) - age   1:    3671112 bytes,    3671112 total
[2022-05-19T09:58:06.289+0000][83][gc,phases      ] GC(34)   Pre Evacuate Collection Set: 0.2ms
[2022-05-19T09:58:06.290+0000][83][gc,phases      ] GC(34)   Merge Heap Roots: 0.2ms
[2022-05-19T09:58:06.290+0000][83][gc,phases      ] GC(34)   Evacuate Collection Set: 1.4ms
[2022-05-19T09:58:06.290+0000][83][gc,phases      ] GC(34)   Post Evacuate Collection Set: 0.6ms
[2022-05-19T09:58:06.290+0000][83][gc,phases      ] GC(34)   Other: 0.8ms
[2022-05-19T09:58:06.290+0000][83][gc,heap        ] GC(34) Eden regions: 2->0(5)
[2022-05-19T09:58:06.290+0000][83][gc,heap        ] GC(34) Survivor regions: 1->1(1)
[2022-05-19T09:58:06.290+0000][83][gc,heap        ] GC(34) Old regions: 59->61
[2022-05-19T09:58:06.290+0000][83][gc,heap        ] GC(34) Archive regions: 2->2
[2022-05-19T09:58:06.291+0000][83][gc,heap        ] GC(34) Humongous regions: 60->60
[2022-05-19T09:58:06.291+0000][83][gc,metaspace   ] GC(34) Metaspace: 98925K(100416K)->98925K(100416K) NonClass: 85120K(86016K)->85120K(86016K) Class: 13804K(14400K)->13804K(14400K)
[2022-05-19T09:58:06.291+0000][83][gc             ] GC(34) Pause Young (Normal) (G1 Preventive Collection) 478M->479M(512M) 4.466ms
[2022-05-19T09:58:06.291+0000][83][gc,cpu         ] GC(34) User=0.01s Sys=0.01s Real=0.01s
[2022-05-19T09:58:06.291+0000][83][safepoint      ] Safepoint "G1CollectForAllocation", Time since last: 1298300 ns, Reaching safepoint: 256800 ns, At safepoint: 4813500 ns, Total: 5070300 ns
[2022-05-19T09:58:06.292+0000][83][gc,start       ] GC(35) Pause Young (Normal) (G1 Preventive Collection)
[2022-05-19T09:58:06.292+0000][83][gc,task        ] GC(35) Using 10 workers of 10 for evacuation
[2022-05-19T09:58:06.292+0000][83][gc,age         ] GC(35) Desired survivor size 2097152 bytes, new threshold 1 (max threshold 15)
[2022-05-19T09:58:06.294+0000][83][gc,age         ] GC(35) Age table with threshold 1 (max threshold 15)
[2022-05-19T09:58:06.294+0000][83][gc,age         ] GC(35) - age   1:    3670520 bytes,    3670520 total
[2022-05-19T09:58:06.295+0000][83][gc,phases      ] GC(35)   Pre Evacuate Collection Set: 0.2ms
[2022-05-19T09:58:06.295+0000][83][gc,phases      ] GC(35)   Merge Heap Roots: 0.1ms
[2022-05-19T09:58:06.295+0000][83][gc,phases      ] GC(35)   Evacuate Collection Set: 1.0ms
[2022-05-19T09:58:06.295+0000][83][gc,phases      ] GC(35)   Post Evacuate Collection Set: 0.6ms
[2022-05-19T09:58:06.295+0000][83][gc,phases      ] GC(35)   Other: 0.7ms
[2022-05-19T09:58:06.295+0000][83][gc,heap        ] GC(35) Eden regions: 1->0(5)
[2022-05-19T09:58:06.295+0000][83][gc,heap        ] GC(35) Survivor regions: 1->1(1)
[2022-05-19T09:58:06.295+0000][83][gc,heap        ] GC(35) Old regions: 61->62
[2022-05-19T09:58:06.295+0000][83][gc,heap        ] GC(35) Archive regions: 2->2
[2022-05-19T09:58:06.296+0000][83][gc,heap        ] GC(35) Humongous regions: 60->60
[2022-05-19T09:58:06.296+0000][83][gc,metaspace   ] GC(35) Metaspace: 98925K(100416K)->98925K(100416K) NonClass: 85120K(86016K)->85120K(86016K) Class: 13804K(14400K)->13804K(14400K)
[2022-05-19T09:58:06.296+0000][83][gc             ] GC(35) Pause Young (Normal) (G1 Preventive Collection) 483M->483M(512M) 3.840ms
[2022-05-19T09:58:06.296+0000][83][gc,cpu         ] GC(35) User=0.01s Sys=0.00s Real=0.00s
[2022-05-19T09:58:06.296+0000][83][safepoint      ] Safepoint "G1CollectForAllocation", Time since last: 685100 ns, Reaching safepoint: 207800 ns, At safepoint: 4174500 ns, Total: 4382300 ns
[2022-05-19T09:58:06.297+0000][83][gc,start       ] GC(36) Pause Young (Normal) (G1 Preventive Collection)
[2022-05-19T09:58:06.297+0000][83][gc,task        ] GC(36) Using 10 workers of 10 for evacuation
[2022-05-19T09:58:06.297+0000][83][gc,age         ] GC(36) Desired survivor size 2097152 bytes, new threshold 1 (max threshold 15)
[2022-05-19T09:58:06.299+0000][83][gc,age         ] GC(36) Age table with threshold 1 (max threshold 15)
[2022-05-19T09:58:06.299+0000][83][gc,age         ] GC(36) - age   1:    3670520 bytes,    3670520 total
[2022-05-19T09:58:06.300+0000][83][gc,phases      ] GC(36)   Pre Evacuate Collection Set: 0.2ms
[2022-05-19T09:58:06.300+0000][83][gc,phases      ] GC(36)   Merge Heap Roots: 0.2ms
[2022-05-19T09:58:06.300+0000][83][gc,phases      ] GC(36)   Evacuate Collection Set: 0.9ms
[2022-05-19T09:58:06.300+0000][83][gc,phases      ] GC(36)   Post Evacuate Collection Set: 0.6ms
[2022-05-19T09:58:06.300+0000][83][gc,phases      ] GC(36)   Other: 0.7ms
[2022-05-19T09:58:06.300+0000][83][gc,heap        ] GC(36) Eden regions: 1->0(5)
[2022-05-19T09:58:06.300+0000][83][gc,heap        ] GC(36) Survivor regions: 1->1(1)
[2022-05-19T09:58:06.300+0000][83][gc,heap        ] GC(36) Old regions: 62->63
[2022-05-19T09:58:06.301+0000][83][gc,heap        ] GC(36) Archive regions: 2->2
[2022-05-19T09:58:06.301+0000][83][gc,heap        ] GC(36) Humongous regions: 60->60
[2022-05-19T09:58:06.301+0000][83][gc,metaspace   ] GC(36) Metaspace: 98925K(100416K)->98925K(100416K) NonClass: 85120K(86016K)->85120K(86016K) Class: 13804K(14400K)->13804K(14400K)
[2022-05-19T09:58:06.301+0000][83][gc             ] GC(36) Pause Young (Normal) (G1 Preventive Collection) 486M->487M(512M) 3.858ms
[2022-05-19T09:58:06.301+0000][83][gc,cpu         ] GC(36) User=0.00s Sys=0.01s Real=0.01s
[2022-05-19T09:58:06.301+0000][83][safepoint      ] Safepoint "G1CollectForAllocation", Time since last: 657900 ns, Reaching safepoint: 211500 ns, At safepoint: 4268200 ns, Total: 4479700 ns
[2022-05-19T09:58:06.302+0000][83][gc,start       ] GC(37) Pause Young (Normal) (G1 Preventive Collection)
[2022-05-19T09:58:06.302+0000][83][gc,task        ] GC(37) Using 10 workers of 10 for evacuation
[2022-05-19T09:58:06.302+0000][83][gc,age         ] GC(37) Desired survivor size 2097152 bytes, new threshold 1 (max threshold 15)
[2022-05-19T09:58:06.304+0000][83][gc,age         ] GC(37) Age table with threshold 1 (max threshold 15)
[2022-05-19T09:58:06.304+0000][83][gc,age         ] GC(37) - age   1:    3670792 bytes,    3670792 total
[2022-05-19T09:58:06.304+0000][83][gc             ] GC(37) To-space exhausted
[2022-05-19T09:58:06.304+0000][83][gc,phases      ] GC(37)   Pre Evacuate Collection Set: 0.2ms
[2022-05-19T09:58:06.304+0000][83][gc,phases      ] GC(37)   Merge Heap Roots: 0.1ms
[2022-05-19T09:58:06.305+0000][83][gc,phases      ] GC(37)   Evacuate Collection Set: 0.5ms
[2022-05-19T09:58:06.305+0000][83][gc,phases      ] GC(37)   Post Evacuate Collection Set: 0.5ms
[2022-05-19T09:58:06.305+0000][83][gc,phases      ] GC(37)   Other: 0.8ms
[2022-05-19T09:58:06.305+0000][83][gc,heap        ] GC(37) Eden regions: 1->0(5)
[2022-05-19T09:58:06.305+0000][83][gc,heap        ] GC(37) Survivor regions: 1->1(1)
[2022-05-19T09:58:06.305+0000][83][gc,heap        ] GC(37) Old regions: 63->64
[2022-05-19T09:58:06.305+0000][83][gc,heap        ] GC(37) Archive regions: 2->2
[2022-05-19T09:58:06.305+0000][83][gc,heap        ] GC(37) Humongous regions: 60->60
[2022-05-19T09:58:06.305+0000][83][gc,metaspace   ] GC(37) Metaspace: 98925K(100416K)->98925K(100416K) NonClass: 85120K(86016K)->85120K(86016K) Class: 13804K(14400K)->13804K(14400K)
[2022-05-19T09:58:06.306+0000][83][gc             ] GC(37) Pause Young (Normal) (G1 Preventive Collection) 491M->491M(512M) 3.401ms
[2022-05-19T09:58:06.306+0000][83][gc,cpu         ] GC(37) User=0.00s Sys=0.01s Real=0.00s
[2022-05-19T09:58:06.306+0000][83][safepoint      ] Safepoint "G1CollectForAllocation", Time since last: 621900 ns, Reaching safepoint: 239300 ns, At safepoint: 3738100 ns, Total: 3977400 ns
[2022-05-19T09:58:06.337+0000][83][gc,start       ] GC(38) Pause Young (Normal) (G1 Evacuation Pause)
[2022-05-19T09:58:06.338+0000][83][gc,task        ] GC(38) Using 10 workers of 10 for evacuation
[2022-05-19T09:58:06.338+0000][83][gc,age         ] GC(38) Desired survivor size 2097152 bytes, new threshold 1 (max threshold 15)
[2022-05-19T09:58:06.340+0000][83][gc,age         ] GC(38) Age table with threshold 1 (max threshold 15)
[2022-05-19T09:58:06.340+0000][83][gc             ] GC(38) To-space exhausted
[2022-05-19T09:58:06.340+0000][83][gc,phases      ] GC(38)   Pre Evacuate Collection Set: 0.2ms
[2022-05-19T09:58:06.341+0000][83][gc,phases      ] GC(38)   Merge Heap Roots: 0.1ms
[2022-05-19T09:58:06.341+0000][83][gc,phases      ] GC(38)   Evacuate Collection Set: 0.6ms
[2022-05-19T09:58:06.341+0000][83][gc,phases      ] GC(38)   Post Evacuate Collection Set: 1.3ms
[2022-05-19T09:58:06.341+0000][83][gc,phases      ] GC(38)   Other: 0.9ms
[2022-05-19T09:58:06.341+0000][83][gc,heap        ] GC(38) Eden regions: 1->0(6)
[2022-05-19T09:58:06.341+0000][83][gc,heap        ] GC(38) Survivor regions: 1->0(0)
[2022-05-19T09:58:06.341+0000][83][gc,heap        ] GC(38) Old regions: 64->66
[2022-05-19T09:58:06.341+0000][83][gc,heap        ] GC(38) Archive regions: 2->2
[2022-05-19T09:58:06.342+0000][83][gc,heap        ] GC(38) Humongous regions: 60->60
[2022-05-19T09:58:06.342+0000][83][gc,metaspace   ] GC(38) Metaspace: 98925K(100416K)->98925K(100416K) NonClass: 85120K(86016K)->85120K(86016K) Class: 13804K(14400K)->13804K(14400K)
[2022-05-19T09:58:06.342+0000][83][gc             ] GC(38) Pause Young (Normal) (G1 Evacuation Pause) 495M->495M(512M) 4.559ms
[2022-05-19T09:58:06.342+0000][83][gc,cpu         ] GC(38) User=0.00s Sys=0.00s Real=0.01s
[2022-05-19T09:58:06.342+0000][83][gc,ergo        ] Attempting full compaction
[2022-05-19T09:58:06.342+0000][83][gc,task        ] GC(39) Using 10 workers of 10 for full compaction
[2022-05-19T09:58:06.343+0000][83][gc,start       ] GC(39) Pause Full (G1 Compaction Pause)
[2022-05-19T09:58:06.343+0000][83][gc,phases,start] GC(39) Phase 1: Mark live objects
[2022-05-19T09:58:06.366+0000][83][gc,phases      ] GC(39) Phase 1: Mark live objects 23.408ms
[2022-05-19T09:58:06.367+0000][83][gc,phases,start] GC(39) Phase 2: Prepare for compaction
[2022-05-19T09:58:06.369+0000][83][gc,phases      ] GC(39) Phase 2: Prepare for compaction 2.329ms
[2022-05-19T09:58:06.369+0000][83][gc,phases,start] GC(39) Phase 3: Adjust pointers
[2022-05-19T09:58:06.377+0000][83][gc,phases      ] GC(39) Phase 3: Adjust pointers 8.420ms
[2022-05-19T09:58:06.378+0000][83][gc,phases,start] GC(39) Phase 4: Compact heap
[2022-05-19T09:58:06.385+0000][83][gc,phases      ] GC(39) Phase 4: Compact heap 7.114ms
[2022-05-19T09:58:06.389+0000][83][gc,heap        ] GC(39) Eden regions: 0->0(8)
[2022-05-19T09:58:06.389+0000][83][gc,heap        ] GC(39) Survivor regions: 0->0(0)
[2022-05-19T09:58:06.389+0000][83][gc,heap        ] GC(39) Old regions: 66->41
[2022-05-19T09:58:06.389+0000][83][gc,heap        ] GC(39) Archive regions: 2->2
[2022-05-19T09:58:06.390+0000][83][gc,heap        ] GC(39) Humongous regions: 60->43
[2022-05-19T09:58:06.390+0000][83][gc,metaspace   ] GC(39) Metaspace: 98925K(100416K)->98844K(100416K) NonClass: 85120K(86016K)->85057K(86016K) Class: 13804K(14400K)->13786K(14400K)
[2022-05-19T09:58:06.390+0000][83][gc             ] GC(39) Pause Full (G1 Compaction Pause) 495M->320M(512M) 47.281ms
[2022-05-19T09:58:06.390+0000][83][gc,cpu         ] GC(39) User=0.35s Sys=0.00s Real=0.05s
[2022-05-19T09:58:06.390+0000][83][safepoint      ] Safepoint "G1CollectForAllocation", Time since last: 31185900 ns, Reaching safepoint: 222300 ns, At safepoint: 52897100 ns, Total: 53119400 ns
[2022-05-19T09:58:06.390+0000][83][gc,marking     ] GC(31) Concurrent Mark From Roots 123.460ms
[2022-05-19T09:58:06.390+0000][83][gc,marking     ] GC(31) Concurrent Mark Abort
[2022-05-19T09:58:06.391+0000][83][gc             ] GC(31) Concurrent Mark Cycle 126.221ms
[2022-05-19T09:58:06.637+0000][83][gc,start       ] GC(40) Pause Young (Normal) (G1 Evacuation Pause)
[2022-05-19T09:58:06.637+0000][83][gc,task        ] GC(40) Using 10 workers of 10 for evacuation
[2022-05-19T09:58:06.637+0000][83][gc,age         ] GC(40) Desired survivor size 2097152 bytes, new threshold 15 (max threshold 15)
[2022-05-19T09:58:06.639+0000][83][gc,age         ] GC(40) Age table with threshold 15 (max threshold 15)
[2022-05-19T09:58:06.639+0000][83][gc,age         ] GC(40) - age   1:     460664 bytes,     460664 total
[2022-05-19T09:58:06.640+0000][83][gc,phases      ] GC(40)   Pre Evacuate Collection Set: 0.2ms
[2022-05-19T09:58:06.640+0000][83][gc,phases      ] GC(40)   Merge Heap Roots: 0.2ms
[2022-05-19T09:58:06.640+0000][83][gc,phases      ] GC(40)   Evacuate Collection Set: 0.6ms
[2022-05-19T09:58:06.640+0000][83][gc,phases      ] GC(40)   Post Evacuate Collection Set: 0.6ms
[2022-05-19T09:58:06.640+0000][83][gc,phases      ] GC(40)   Other: 1.3ms
[2022-05-19T09:58:06.640+0000][83][gc,heap        ] GC(40) Eden regions: 8->0(9)
[2022-05-19T09:58:06.641+0000][83][gc,heap        ] GC(40) Survivor regions: 0->1(1)
[2022-05-19T09:58:06.641+0000][83][gc,heap        ] GC(40) Old regions: 41->41
[2022-05-19T09:58:06.641+0000][83][gc,heap        ] GC(40) Archive regions: 2->2
[2022-05-19T09:58:06.641+0000][83][gc,heap        ] GC(40) Humongous regions: 43->43
[2022-05-19T09:58:06.641+0000][83][gc,metaspace   ] GC(40) Metaspace: 98844K(100416K)->98844K(100416K) NonClass: 85058K(86016K)->85058K(86016K) Class: 13786K(14400K)->13786K(14400K)
[2022-05-19T09:58:06.641+0000][83][gc             ] GC(40) Pause Young (Normal) (G1 Evacuation Pause) 352M->320M(512M) 4.444ms
[2022-05-19T09:58:06.641+0000][83][gc,cpu         ] GC(40) User=0.00s Sys=0.01s Real=0.01s
[2022-05-19T09:58:06.641+0000][83][safepoint      ] Safepoint "G1CollectForAllocation", Time since last: 246367700 ns, Reaching safepoint: 180900 ns, At safepoint: 4720100 ns, Total: 4901000 ns
[2022-05-19T09:58:06.928+0000][83][gc,start       ] GC(41) Pause Young (Concurrent Start) (G1 Evacuation Pause)
[2022-05-19T09:58:06.928+0000][83][gc,task        ] GC(41) Using 10 workers of 10 for evacuation
[2022-05-19T09:58:06.928+0000][83][gc,age         ] GC(41) Desired survivor size 4194304 bytes, new threshold 15 (max threshold 15)
[2022-05-19T09:58:06.930+0000][83][gc,age         ] GC(41) Age table with threshold 15 (max threshold 15)
[2022-05-19T09:58:06.930+0000][83][gc,age         ] GC(41) - age   1:     531376 bytes,     531376 total
[2022-05-19T09:58:06.931+0000][83][gc,age         ] GC(41) - age   2:     460288 bytes,     991664 total
[2022-05-19T09:58:06.931+0000][83][gc,phases      ] GC(41)   Pre Evacuate Collection Set: 0.2ms
[2022-05-19T09:58:06.931+0000][83][gc,phases      ] GC(41)   Merge Heap Roots: 0.1ms
[2022-05-19T09:58:06.931+0000][83][gc,phases      ] GC(41)   Evacuate Collection Set: 1.1ms
[2022-05-19T09:58:06.931+0000][83][gc,phases      ] GC(41)   Post Evacuate Collection Set: 0.5ms
[2022-05-19T09:58:06.931+0000][83][gc,phases      ] GC(41)   Other: 1.0ms
[2022-05-19T09:58:06.931+0000][83][gc,heap        ] GC(41) Eden regions: 9->0(11)
[2022-05-19T09:58:06.931+0000][83][gc,heap        ] GC(41) Survivor regions: 1->1(2)
[2022-05-19T09:58:06.932+0000][83][gc,heap        ] GC(41) Old regions: 41->41
[2022-05-19T09:58:06.932+0000][83][gc,heap        ] GC(41) Archive regions: 2->2
[2022-05-19T09:58:06.932+0000][83][gc,heap        ] GC(41) Humongous regions: 43->43
[2022-05-19T09:58:06.932+0000][83][gc,metaspace   ] GC(41) Metaspace: 98849K(100416K)->98849K(100416K) NonClass: 85060K(86016K)->85060K(86016K) Class: 13788K(14400K)->13788K(14400K)
[2022-05-19T09:58:06.932+0000][83][gc             ] GC(41) Pause Young (Concurrent Start) (G1 Evacuation Pause) 356M->321M(512M) 4.307ms
[2022-05-19T09:58:06.932+0000][83][gc,cpu         ] GC(41) User=0.01s Sys=0.00s Real=0.01s
[2022-05-19T09:58:06.932+0000][83][safepoint      ] Safepoint "G1CollectForAllocation", Time since last: 285991200 ns, Reaching safepoint: 224500 ns, At safepoint: 4608100 ns, Total: 4832600 ns
[2022-05-19T09:58:06.932+0000][83][gc             ] GC(42) Concurrent Mark Cycle
[2022-05-19T09:58:06.933+0000][83][gc,marking     ] GC(42) Concurrent Clear Claimed Marks
[2022-05-19T09:58:06.933+0000][83][gc,marking     ] GC(42) Concurrent Clear Claimed Marks 0.203ms
[2022-05-19T09:58:06.933+0000][83][gc,marking     ] GC(42) Concurrent Scan Root Regions
[2022-05-19T09:58:06.935+0000][83][gc,marking     ] GC(42) Concurrent Scan Root Regions 1.422ms
[2022-05-19T09:58:06.935+0000][83][gc,marking     ] GC(42) Concurrent Mark
[2022-05-19T09:58:06.935+0000][83][gc,marking     ] GC(42) Concurrent Mark From Roots
[2022-05-19T09:58:06.935+0000][83][gc,task        ] GC(42) Using 3 workers of 3 for marking
[2022-05-19T09:58:06.982+0000][83][gc,marking     ] GC(42) Concurrent Mark From Roots 47.501ms
[2022-05-19T09:58:06.983+0000][83][gc,marking     ] GC(42) Concurrent Preclean
[2022-05-19T09:58:06.983+0000][83][gc,marking     ] GC(42) Concurrent Preclean 0.582ms
[2022-05-19T09:58:06.984+0000][83][gc,start       ] GC(42) Pause Remark
[2022-05-19T09:58:06.986+0000][83][gc             ] GC(42) Pause Remark 326M->326M(512M) 2.716ms
[2022-05-19T09:58:06.987+0000][83][gc,cpu         ] GC(42) User=0.02s Sys=0.00s Real=0.00s
[2022-05-19T09:58:06.987+0000][83][safepoint      ] Safepoint "G1Concurrent", Time since last: 51112700 ns, Reaching safepoint: 297400 ns, At safepoint: 3324900 ns, Total: 3622300 ns
[2022-05-19T09:58:06.987+0000][83][gc,marking     ] GC(42) Concurrent Mark 52.630ms
[2022-05-19T09:58:06.988+0000][83][gc,marking     ] GC(42) Concurrent Rebuild Remembered Sets
[2022-05-19T09:58:07.015+0000][83][gc,marking     ] GC(42) Concurrent Rebuild Remembered Sets 27.762ms
[2022-05-19T09:58:07.016+0000][83][gc,start       ] GC(42) Pause Cleanup
[2022-05-19T09:58:07.016+0000][83][gc             ] GC(42) Pause Cleanup 329M->329M(512M) 0.361ms
[2022-05-19T09:58:07.016+0000][83][gc,cpu         ] GC(42) User=0.00s Sys=0.00s Real=0.00s
[2022-05-19T09:58:07.017+0000][83][safepoint      ] Safepoint "G1Concurrent", Time since last: 28554000 ns, Reaching safepoint: 295500 ns, At safepoint: 822000 ns, Total: 1117500 ns
[2022-05-19T09:58:07.017+0000][83][gc,marking     ] GC(42) Concurrent Cleanup for Next Mark
[2022-05-19T09:58:07.017+0000][83][gc,marking     ] GC(42) Concurrent Cleanup for Next Mark 0.410ms
[2022-05-19T09:58:07.018+0000][83][gc             ] GC(42) Concurrent Mark Cycle 85.251ms
[2022-05-19T09:58:07.291+0000][83][gc,start       ] GC(43) Pause Young (Normal) (G1 Evacuation Pause)
[2022-05-19T09:58:07.291+0000][83][gc,task        ] GC(43) Using 10 workers of 10 for evacuation
[2022-05-19T09:58:07.292+0000][83][gc,age         ] GC(43) Desired survivor size 4194304 bytes, new threshold 15 (max threshold 15)
[2022-05-19T09:58:07.294+0000][83][gc,age         ] GC(43) Age table with threshold 15 (max threshold 15)
[2022-05-19T09:58:07.294+0000][83][gc,age         ] GC(43) - age   1:     624080 bytes,     624080 total
[2022-05-19T09:58:07.294+0000][83][gc,age         ] GC(43) - age   2:     530768 bytes,    1154848 total
[2022-05-19T09:58:07.294+0000][83][gc,age         ] GC(43) - age   3:     460216 bytes,    1615064 total
[2022-05-19T09:58:07.295+0000][83][gc,phases      ] GC(43)   Pre Evacuate Collection Set: 0.2ms
[2022-05-19T09:58:07.295+0000][83][gc,phases      ] GC(43)   Merge Heap Roots: 0.1ms
[2022-05-19T09:58:07.295+0000][83][gc,phases      ] GC(43)   Evacuate Collection Set: 0.7ms
[2022-05-19T09:58:07.295+0000][83][gc,phases      ] GC(43)   Post Evacuate Collection Set: 0.6ms
[2022-05-19T09:58:07.296+0000][83][gc,phases      ] GC(43)   Other: 2.1ms
[2022-05-19T09:58:07.296+0000][83][gc,heap        ] GC(43) Eden regions: 11->0(12)
[2022-05-19T09:58:07.296+0000][83][gc,heap        ] GC(43) Survivor regions: 1->1(2)
[2022-05-19T09:58:07.296+0000][83][gc,heap        ] GC(43) Old regions: 41->41
[2022-05-19T09:58:07.296+0000][83][gc,heap        ] GC(43) Archive regions: 2->2
[2022-05-19T09:58:07.296+0000][83][gc,heap        ] GC(43) Humongous regions: 43->43
[2022-05-19T09:58:07.296+0000][83][gc,metaspace   ] GC(43) Metaspace: 98849K(100416K)->98849K(100416K) NonClass: 85060K(86016K)->85060K(86016K) Class: 13788K(14400K)->13788K(14400K)
[2022-05-19T09:58:07.297+0000][83][gc             ] GC(43) Pause Young (Normal) (G1 Evacuation Pause) 365M->321M(512M) 5.589ms
[2022-05-19T09:58:07.297+0000][83][gc,cpu         ] GC(43) User=0.01s Sys=0.00s Real=0.00s
[2022-05-19T09:58:07.297+0000][83][safepoint      ] Safepoint "G1CollectForAllocation", Time since last: 274057100 ns, Reaching safepoint: 184900 ns, At safepoint: 5859800 ns, Total: 6044700 ns
[2022-05-19T09:58:07.652+0000][83][gc,start       ] GC(44) Pause Young (Concurrent Start) (G1 Evacuation Pause)
[2022-05-19T09:58:07.652+0000][83][gc,task        ] GC(44) Using 10 workers of 10 for evacuation
[2022-05-19T09:58:07.652+0000][83][gc,age         ] GC(44) Desired survivor size 4194304 bytes, new threshold 15 (max threshold 15)
[2022-05-19T09:58:07.655+0000][83][gc,age         ] GC(44) Age table with threshold 15 (max threshold 15)
[2022-05-19T09:58:07.655+0000][83][gc,age         ] GC(44) - age   1:     689824 bytes,     689824 total
[2022-05-19T09:58:07.655+0000][83][gc,age         ] GC(44) - age   2:     623696 bytes,    1313520 total
[2022-05-19T09:58:07.655+0000][83][gc,age         ] GC(44) - age   3:     530768 bytes,    1844288 total
[2022-05-19T09:58:07.656+0000][83][gc,age         ] GC(44) - age   4:     459528 bytes,    2303816 total
[2022-05-19T09:58:07.656+0000][83][gc,phases      ] GC(44)   Pre Evacuate Collection Set: 0.2ms
[2022-05-19T09:58:07.656+0000][83][gc,phases      ] GC(44)   Merge Heap Roots: 0.2ms
[2022-05-19T09:58:07.656+0000][83][gc,phases      ] GC(44)   Evacuate Collection Set: 1.3ms
[2022-05-19T09:58:07.656+0000][83][gc,phases      ] GC(44)   Post Evacuate Collection Set: 0.6ms
[2022-05-19T09:58:07.657+0000][83][gc,phases      ] GC(44)   Other: 1.9ms
[2022-05-19T09:58:07.657+0000][83][gc,heap        ] GC(44) Eden regions: 12->0(13)
[2022-05-19T09:58:07.657+0000][83][gc,heap        ] GC(44) Survivor regions: 1->1(2)
[2022-05-19T09:58:07.657+0000][83][gc,heap        ] GC(44) Old regions: 41->41
[2022-05-19T09:58:07.657+0000][83][gc,heap        ] GC(44) Archive regions: 2->2
[2022-05-19T09:58:07.657+0000][83][gc,heap        ] GC(44) Humongous regions: 43->43
[2022-05-19T09:58:07.657+0000][83][gc,metaspace   ] GC(44) Metaspace: 98853K(100416K)->98853K(100416K) NonClass: 85065K(86016K)->85065K(86016K) Class: 13788K(14400K)->13788K(14400K)
[2022-05-19T09:58:07.657+0000][83][gc             ] GC(44) Pause Young (Concurrent Start) (G1 Evacuation Pause) 369M->322M(512M) 5.819ms
[2022-05-19T09:58:07.658+0000][83][gc,cpu         ] GC(44) User=0.01s Sys=0.00s Real=0.00s
[2022-05-19T09:58:07.658+0000][83][gc             ] GC(45) Concurrent Mark Cycle
[2022-05-19T09:58:07.658+0000][83][gc,marking     ] GC(45) Concurrent Clear Claimed Marks
[2022-05-19T09:58:07.658+0000][83][safepoint      ] Safepoint "G1CollectForAllocation", Time since last: 354531500 ns, Reaching safepoint: 193600 ns, At safepoint: 6157000 ns, Total: 6350600 ns
[2022-05-19T09:58:07.658+0000][83][gc,marking     ] GC(45) Concurrent Clear Claimed Marks 0.220ms
[2022-05-19T09:58:07.658+0000][83][gc,marking     ] GC(45) Concurrent Scan Root Regions
[2022-05-19T09:58:07.659+0000][83][gc,marking     ] GC(45) Concurrent Scan Root Regions 1.154ms
[2022-05-19T09:58:07.660+0000][83][gc,marking     ] GC(45) Concurrent Mark
[2022-05-19T09:58:07.660+0000][83][gc,marking     ] GC(45) Concurrent Mark From Roots
[2022-05-19T09:58:07.660+0000][83][gc,task        ] GC(45) Using 3 workers of 3 for marking
[2022-05-19T09:58:07.707+0000][83][gc,marking     ] GC(45) Concurrent Mark From Roots 47.674ms
[2022-05-19T09:58:07.708+0000][83][gc,marking     ] GC(45) Concurrent Preclean
[2022-05-19T09:58:07.708+0000][83][gc,marking     ] GC(45) Concurrent Preclean 0.608ms
[2022-05-19T09:58:07.709+0000][83][gc,start       ] GC(45) Pause Remark
[2022-05-19T09:58:07.712+0000][83][gc             ] GC(45) Pause Remark 328M->328M(512M) 2.662ms
[2022-05-19T09:58:07.712+0000][83][gc,cpu         ] GC(45) User=0.01s Sys=0.00s Real=0.01s
[2022-05-19T09:58:07.712+0000][83][safepoint      ] Safepoint "G1Concurrent", Time since last: 50906200 ns, Reaching safepoint: 306700 ns, At safepoint: 3376600 ns, Total: 3683300 ns
[2022-05-19T09:58:07.713+0000][83][gc,marking     ] GC(45) Concurrent Mark 53.122ms
[2022-05-19T09:58:07.713+0000][83][gc,marking     ] GC(45) Concurrent Rebuild Remembered Sets
[2022-05-19T09:58:07.733+0000][83][gc,marking     ] GC(45) Concurrent Rebuild Remembered Sets 20.305ms
[2022-05-19T09:58:07.734+0000][83][gc,start       ] GC(45) Pause Cleanup
[2022-05-19T09:58:07.734+0000][83][gc             ] GC(45) Pause Cleanup 330M->330M(512M) 0.447ms
[2022-05-19T09:58:07.735+0000][83][gc,cpu         ] GC(45) User=0.00s Sys=0.00s Real=0.00s
[2022-05-19T09:58:07.735+0000][83][safepoint      ] Safepoint "G1Concurrent", Time since last: 21339600 ns, Reaching safepoint: 294800 ns, At safepoint: 859200 ns, Total: 1154000 ns
[2022-05-19T09:58:07.735+0000][83][gc,marking     ] GC(45) Concurrent Cleanup for Next Mark
[2022-05-19T09:58:07.735+0000][83][gc,marking     ] GC(45) Concurrent Cleanup for Next Mark 0.329ms
[2022-05-19T09:58:07.735+0000][83][gc             ] GC(45) Concurrent Mark Cycle 77.737ms
[2022-05-19T09:58:08.073+0000][83][gc,start       ] GC(46) Pause Young (Normal) (G1 Evacuation Pause)
[2022-05-19T09:58:08.073+0000][83][gc,task        ] GC(46) Using 10 workers of 10 for evacuation
[2022-05-19T09:58:08.073+0000][83][gc,age         ] GC(46) Desired survivor size 4194304 bytes, new threshold 15 (max threshold 15)
[2022-05-19T09:58:08.076+0000][83][gc,age         ] GC(46) Age table with threshold 15 (max threshold 15)
[2022-05-19T09:58:08.076+0000][83][gc,age         ] GC(46) - age   1:     755552 bytes,     755552 total
[2022-05-19T09:58:08.076+0000][83][gc,age         ] GC(46) - age   2:     689472 bytes,    1445024 total
[2022-05-19T09:58:08.076+0000][83][gc,age         ] GC(46) - age   3:     623696 bytes,    2068720 total
[2022-05-19T09:58:08.077+0000][83][gc,age         ] GC(46) - age   4:     529888 bytes,    2598608 total
[2022-05-19T09:58:08.077+0000][83][gc,age         ] GC(46) - age   5:     459496 bytes,    3058104 total
[2022-05-19T09:58:08.077+0000][83][gc,phases      ] GC(46)   Pre Evacuate Collection Set: 0.2ms
[2022-05-19T09:58:08.077+0000][83][gc,phases      ] GC(46)   Merge Heap Roots: 0.2ms
[2022-05-19T09:58:08.078+0000][83][gc,phases      ] GC(46)   Evacuate Collection Set: 1.1ms
[2022-05-19T09:58:08.078+0000][83][gc,phases      ] GC(46)   Post Evacuate Collection Set: 0.8ms
[2022-05-19T09:58:08.078+0000][83][gc,phases      ] GC(46)   Other: 2.4ms
[2022-05-19T09:58:08.078+0000][83][gc,heap        ] GC(46) Eden regions: 13->0(15)
[2022-05-19T09:58:08.078+0000][83][gc,heap        ] GC(46) Survivor regions: 1->1(2)
[2022-05-19T09:58:08.078+0000][83][gc,heap        ] GC(46) Old regions: 41->41
[2022-05-19T09:58:08.078+0000][83][gc,heap        ] GC(46) Archive regions: 2->2
[2022-05-19T09:58:08.079+0000][83][gc,heap        ] GC(46) Humongous regions: 43->43
[2022-05-19T09:58:08.079+0000][83][gc,metaspace   ] GC(46) Metaspace: 98854K(100416K)->98854K(100416K) NonClass: 85065K(86016K)->85065K(86016K) Class: 13788K(14400K)->13788K(14400K)
[2022-05-19T09:58:08.079+0000][83][gc             ] GC(46) Pause Young (Normal) (G1 Evacuation Pause) 374M->322M(512M) 6.323ms
[2022-05-19T09:58:08.079+0000][83][gc,cpu         ] GC(46) User=0.02s Sys=0.00s Real=0.01s
[2022-05-19T09:58:08.079+0000][83][safepoint      ] Safepoint "G1CollectForAllocation", Time since last: 337485000 ns, Reaching safepoint: 242400 ns, At safepoint: 6704900 ns, Total: 6947300 ns
[2022-05-19T09:58:08.564+0000][83][gc,start       ] GC(47) Pause Young (Concurrent Start) (G1 Evacuation Pause)
[2022-05-19T09:58:08.564+0000][83][gc,task        ] GC(47) Using 10 workers of 10 for evacuation
[2022-05-19T09:58:08.564+0000][83][gc,age         ] GC(47) Desired survivor size 4194304 bytes, new threshold 15 (max threshold 15)
[2022-05-19T09:58:08.567+0000][83][gc,age         ] GC(47) Age table with threshold 15 (max threshold 15)
[2022-05-19T09:58:08.567+0000][83][gc,age         ] GC(47) - age   1:     855424 bytes,     855424 total
[2022-05-19T09:58:08.567+0000][83][gc,age         ] GC(47) - age   2:     755152 bytes,    1610576 total
[2022-05-19T09:58:08.567+0000][83][gc,age         ] GC(47) - age   3:     688528 bytes,    2299104 total
[2022-05-19T09:58:08.567+0000][83][gc,age         ] GC(47) - age   4:     622896 bytes,    2922000 total
[2022-05-19T09:58:08.568+0000][83][gc,age         ] GC(47) - age   5:     529888 bytes,    3451888 total
[2022-05-19T09:58:08.568+0000][83][gc,age         ] GC(47) - age   6:     459464 bytes,    3911352 total
[2022-05-19T09:58:08.568+0000][83][gc,phases      ] GC(47)   Pre Evacuate Collection Set: 0.3ms
[2022-05-19T09:58:08.568+0000][83][gc,phases      ] GC(47)   Merge Heap Roots: 0.2ms
[2022-05-19T09:58:08.569+0000][83][gc,phases      ] GC(47)   Evacuate Collection Set: 1.4ms
[2022-05-19T09:58:08.569+0000][83][gc,phases      ] GC(47)   Post Evacuate Collection Set: 0.6ms
[2022-05-19T09:58:08.570+0000][83][gc,phases      ] GC(47)   Other: 2.0ms
[2022-05-19T09:58:08.570+0000][83][gc,heap        ] GC(47) Eden regions: 15->0(15)
[2022-05-19T09:58:08.570+0000][83][gc,heap        ] GC(47) Survivor regions: 1->1(2)
[2022-05-19T09:58:08.570+0000][83][gc,heap        ] GC(47) Old regions: 41->41
[2022-05-19T09:58:08.570+0000][83][gc,heap        ] GC(47) Archive regions: 2->2
[2022-05-19T09:58:08.570+0000][83][gc,heap        ] GC(47) Humongous regions: 43->43
[2022-05-19T09:58:08.570+0000][83][gc,metaspace   ] GC(47) Metaspace: 98855K(100416K)->98855K(100416K) NonClass: 85067K(86016K)->85067K(86016K) Class: 13788K(14400K)->13788K(14400K)
[2022-05-19T09:58:08.571+0000][83][gc             ] GC(47) Pause Young (Concurrent Start) (G1 Evacuation Pause) 382M->323M(512M) 7.120ms
[2022-05-19T09:58:08.571+0000][83][gc,cpu         ] GC(47) User=0.01s Sys=0.00s Real=0.01s
[2022-05-19T09:58:08.571+0000][83][safepoint      ] Safepoint "G1CollectForAllocation", Time since last: 483927300 ns, Reaching safepoint: 329900 ns, At safepoint: 7498600 ns, Total: 7828500 ns
[2022-05-19T09:58:08.571+0000][83][gc             ] GC(48) Concurrent Mark Cycle
[2022-05-19T09:58:08.571+0000][83][gc,marking     ] GC(48) Concurrent Clear Claimed Marks
[2022-05-19T09:58:08.572+0000][83][gc,marking     ] GC(48) Concurrent Clear Claimed Marks 0.230ms
[2022-05-19T09:58:08.572+0000][83][gc,marking     ] GC(48) Concurrent Scan Root Regions
[2022-05-19T09:58:08.573+0000][83][gc,marking     ] GC(48) Concurrent Scan Root Regions 1.129ms
[2022-05-19T09:58:08.573+0000][83][gc,marking     ] GC(48) Concurrent Mark
[2022-05-19T09:58:08.573+0000][83][gc,marking     ] GC(48) Concurrent Mark From Roots
[2022-05-19T09:58:08.573+0000][83][gc,task        ] GC(48) Using 3 workers of 3 for marking
[2022-05-19T09:58:08.620+0000][83][gc,marking     ] GC(48) Concurrent Mark From Roots 46.493ms
[2022-05-19T09:58:08.620+0000][83][gc,marking     ] GC(48) Concurrent Preclean
[2022-05-19T09:58:08.621+0000][83][gc,marking     ] GC(48) Concurrent Preclean 0.565ms
[2022-05-19T09:58:08.621+0000][83][gc,start       ] GC(48) Pause Remark
[2022-05-19T09:58:08.624+0000][83][gc             ] GC(48) Pause Remark 327M->327M(512M) 2.495ms
[2022-05-19T09:58:08.624+0000][83][gc,cpu         ] GC(48) User=0.01s Sys=0.00s Real=0.00s
[2022-05-19T09:58:08.624+0000][83][safepoint      ] Safepoint "G1Concurrent", Time since last: 49788700 ns, Reaching safepoint: 253200 ns, At safepoint: 2842100 ns, Total: 3095300 ns
[2022-05-19T09:58:08.624+0000][83][gc,marking     ] GC(48) Concurrent Mark 51.042ms
[2022-05-19T09:58:08.624+0000][83][gc,marking     ] GC(48) Concurrent Rebuild Remembered Sets
[2022-05-19T09:58:08.644+0000][83][gc,marking     ] GC(48) Concurrent Rebuild Remembered Sets 20.044ms
[2022-05-19T09:58:08.645+0000][83][gc,start       ] GC(48) Pause Cleanup
[2022-05-19T09:58:08.645+0000][83][gc             ] GC(48) Pause Cleanup 330M->330M(512M) 0.351ms
[2022-05-19T09:58:08.645+0000][83][gc,cpu         ] GC(48) User=0.00s Sys=0.00s Real=0.00s
[2022-05-19T09:58:08.645+0000][83][safepoint      ] Safepoint "G1Concurrent", Time since last: 20599100 ns, Reaching safepoint: 256200 ns, At safepoint: 733500 ns, Total: 989700 ns
[2022-05-19T09:58:08.646+0000][83][gc,marking     ] GC(48) Concurrent Cleanup for Next Mark
[2022-05-19T09:58:08.646+0000][83][gc,marking     ] GC(48) Concurrent Cleanup for Next Mark 0.433ms
[2022-05-19T09:58:08.646+0000][83][gc             ] GC(48) Concurrent Mark Cycle 75.409ms
[2022-05-19T09:58:09.061+0000][83][gc,start       ] GC(49) Pause Young (Normal) (G1 Evacuation Pause)
[2022-05-19T09:58:09.061+0000][83][gc,task        ] GC(49) Using 10 workers of 10 for evacuation
[2022-05-19T09:58:09.062+0000][83][gc,age         ] GC(49) Desired survivor size 4194304 bytes, new threshold 15 (max threshold 15)
[2022-05-19T09:58:09.064+0000][83][gc,age         ] GC(49) Age table with threshold 15 (max threshold 15)
[2022-05-19T09:58:09.064+0000][83][gc,age         ] GC(49) - age   1:     891136 bytes,     891136 total
[2022-05-19T09:58:09.065+0000][83][gc,age         ] GC(49) - age   2:     855008 bytes,    1746144 total
[2022-05-19T09:58:09.065+0000][83][gc,age         ] GC(49) - age   3:     754248 bytes,    2500392 total
[2022-05-19T09:58:09.065+0000][83][gc,age         ] GC(49) - age   4:     688528 bytes,    3188920 total
[2022-05-19T09:58:09.065+0000][83][gc,age         ] GC(49) - age   5:     622896 bytes,    3811816 total
[2022-05-19T09:58:09.066+0000][83][gc,age         ] GC(49) - age   6:     525784 bytes,    4337600 total
[2022-05-19T09:58:09.066+0000][83][gc,age         ] GC(49) - age   7:     459464 bytes,    4797064 total
[2022-05-19T09:58:09.066+0000][83][gc,phases      ] GC(49)   Pre Evacuate Collection Set: 0.2ms
[2022-05-19T09:58:09.066+0000][83][gc,phases      ] GC(49)   Merge Heap Roots: 0.2ms
[2022-05-19T09:58:09.066+0000][83][gc,phases      ] GC(49)   Evacuate Collection Set: 1.0ms
[2022-05-19T09:58:09.067+0000][83][gc,phases      ] GC(49)   Post Evacuate Collection Set: 0.6ms
[2022-05-19T09:58:09.067+0000][83][gc,phases      ] GC(49)   Other: 3.0ms
[2022-05-19T09:58:09.067+0000][83][gc,heap        ] GC(49) Eden regions: 15->0(15)
[2022-05-19T09:58:09.067+0000][83][gc,heap        ] GC(49) Survivor regions: 1->2(2)
[2022-05-19T09:58:09.067+0000][83][gc,heap        ] GC(49) Old regions: 41->41
[2022-05-19T09:58:09.068+0000][83][gc,heap        ] GC(49) Archive regions: 2->2
[2022-05-19T09:58:09.068+0000][83][gc,heap        ] GC(49) Humongous regions: 43->43
[2022-05-19T09:58:09.068+0000][83][gc,metaspace   ] GC(49) Metaspace: 98855K(100416K)->98855K(100416K) NonClass: 85067K(86016K)->85067K(86016K) Class: 13788K(14400K)->13788K(14400K)
[2022-05-19T09:58:09.068+0000][83][gc             ] GC(49) Pause Young (Normal) (G1 Evacuation Pause) 383M->324M(512M) 7.002ms
[2022-05-19T09:58:09.068+0000][83][gc,cpu         ] GC(49) User=0.02s Sys=0.00s Real=0.00s
[2022-05-19T09:58:09.069+0000][83][safepoint      ] Safepoint "G1CollectForAllocation", Time since last: 415452100 ns, Reaching safepoint: 184100 ns, At safepoint: 7436200 ns, Total: 7620300 ns
[2022-05-19T09:58:09.528+0000][83][gc,start       ] GC(50) Pause Young (Concurrent Start) (G1 Evacuation Pause)
[2022-05-19T09:58:09.528+0000][83][gc,task        ] GC(50) Using 10 workers of 10 for evacuation
[2022-05-19T09:58:09.529+0000][83][gc,age         ] GC(50) Desired survivor size 6291456 bytes, new threshold 15 (max threshold 15)
[2022-05-19T09:58:09.532+0000][83][gc,age         ] GC(50) Age table with threshold 15 (max threshold 15)
[2022-05-19T09:58:09.532+0000][83][gc,age         ] GC(50) - age   1:     854544 bytes,     854544 total
[2022-05-19T09:58:09.533+0000][83][gc,age         ] GC(50) - age   2:     890664 bytes,    1745208 total
[2022-05-19T09:58:09.533+0000][83][gc,age         ] GC(50) - age   3:     853232 bytes,    2598440 total
[2022-05-19T09:58:09.533+0000][83][gc,age         ] GC(50) - age   4:     754248 bytes,    3352688 total
[2022-05-19T09:58:09.533+0000][83][gc,age         ] GC(50) - age   5:     688496 bytes,    4041184 total
[2022-05-19T09:58:09.534+0000][83][gc,age         ] GC(50) - age   6:     622896 bytes,    4664080 total
[2022-05-19T09:58:09.534+0000][83][gc,age         ] GC(50) - age   7:     525784 bytes,    5189864 total
[2022-05-19T09:58:09.534+0000][83][gc,age         ] GC(50) - age   8:     459464 bytes,    5649328 total
[2022-05-19T09:58:09.534+0000][83][gc,phases      ] GC(50)   Pre Evacuate Collection Set: 0.3ms
[2022-05-19T09:58:09.534+0000][83][gc,phases      ] GC(50)   Merge Heap Roots: 0.1ms
[2022-05-19T09:58:09.534+0000][83][gc,phases      ] GC(50)   Evacuate Collection Set: 1.5ms
[2022-05-19T09:58:09.535+0000][83][gc,phases      ] GC(50)   Post Evacuate Collection Set: 1.0ms
[2022-05-19T09:58:09.535+0000][83][gc,phases      ] GC(50)   Other: 3.3ms
[2022-05-19T09:58:09.535+0000][83][gc,heap        ] GC(50) Eden regions: 15->0(16)
[2022-05-19T09:58:09.535+0000][83][gc,heap        ] GC(50) Survivor regions: 2->2(3)
[2022-05-19T09:58:09.535+0000][83][gc,heap        ] GC(50) Old regions: 41->41
[2022-05-19T09:58:09.535+0000][83][gc,heap        ] GC(50) Archive regions: 2->2
[2022-05-19T09:58:09.535+0000][83][gc,heap        ] GC(50) Humongous regions: 43->43
[2022-05-19T09:58:09.535+0000][83][gc,metaspace   ] GC(50) Metaspace: 98859K(100416K)->98859K(100416K) NonClass: 85071K(86016K)->85071K(86016K) Class: 13788K(14400K)->13788K(14400K)
[2022-05-19T09:58:09.536+0000][83][gc             ] GC(50) Pause Young (Concurrent Start) (G1 Evacuation Pause) 384M->325M(512M) 7.598ms
[2022-05-19T09:58:09.536+0000][83][gc,cpu         ] GC(50) User=0.01s Sys=0.01s Real=0.01s
[2022-05-19T09:58:09.536+0000][83][gc             ] GC(51) Concurrent Mark Cycle
[2022-05-19T09:58:09.536+0000][83][gc,marking     ] GC(51) Concurrent Clear Claimed Marks
[2022-05-19T09:58:09.536+0000][83][safepoint      ] Safepoint "G1CollectForAllocation", Time since last: 459220400 ns, Reaching safepoint: 185100 ns, At safepoint: 7908600 ns, Total: 8093700 ns
[2022-05-19T09:58:09.536+0000][83][gc,marking     ] GC(51) Concurrent Clear Claimed Marks 0.199ms
[2022-05-19T09:58:09.536+0000][83][gc,marking     ] GC(51) Concurrent Scan Root Regions
[2022-05-19T09:58:09.537+0000][83][gc,marking     ] GC(51) Concurrent Scan Root Regions 1.031ms
[2022-05-19T09:58:09.537+0000][83][gc,marking     ] GC(51) Concurrent Mark
[2022-05-19T09:58:09.538+0000][83][gc,marking     ] GC(51) Concurrent Mark From Roots
[2022-05-19T09:58:09.538+0000][83][gc,task        ] GC(51) Using 3 workers of 3 for marking
[2022-05-19T09:58:09.576+0000][83][gc,marking     ] GC(51) Concurrent Mark From Roots 38.871ms
[2022-05-19T09:58:09.577+0000][83][gc,marking     ] GC(51) Concurrent Preclean
[2022-05-19T09:58:09.577+0000][83][gc,marking     ] GC(51) Concurrent Preclean 0.542ms
[2022-05-19T09:58:09.578+0000][83][gc,start       ] GC(51) Pause Remark
[2022-05-19T09:58:09.580+0000][83][gc             ] GC(51) Pause Remark 330M->330M(512M) 2.512ms
[2022-05-19T09:58:09.581+0000][83][gc,cpu         ] GC(51) User=0.01s Sys=0.00s Real=0.01s
[2022-05-19T09:58:09.581+0000][83][safepoint      ] Safepoint "G1Concurrent", Time since last: 41750000 ns, Reaching safepoint: 282300 ns, At safepoint: 2936000 ns, Total: 3218300 ns
[2022-05-19T09:58:09.581+0000][83][gc,marking     ] GC(51) Concurrent Mark 43.574ms
[2022-05-19T09:58:09.581+0000][83][gc,marking     ] GC(51) Concurrent Rebuild Remembered Sets
[2022-05-19T09:58:09.601+0000][83][gc,marking     ] GC(51) Concurrent Rebuild Remembered Sets 19.890ms
[2022-05-19T09:58:09.602+0000][83][gc,start       ] GC(51) Pause Cleanup
[2022-05-19T09:58:09.602+0000][83][gc             ] GC(51) Pause Cleanup 333M->333M(512M) 0.458ms
[2022-05-19T09:58:09.603+0000][83][gc,cpu         ] GC(51) User=0.00s Sys=0.00s Real=0.00s
[2022-05-19T09:58:09.603+0000][83][safepoint      ] Safepoint "G1Concurrent", Time since last: 20888600 ns, Reaching safepoint: 309900 ns, At safepoint: 914500 ns, Total: 1224400 ns
[2022-05-19T09:58:09.603+0000][83][gc,marking     ] GC(51) Concurrent Cleanup for Next Mark
[2022-05-19T09:58:09.603+0000][83][gc,marking     ] GC(51) Concurrent Cleanup for Next Mark 0.369ms
[2022-05-19T09:58:09.604+0000][83][gc             ] GC(51) Concurrent Mark Cycle 67.880ms
[2022-05-19T09:58:10.065+0000][83][gc,start       ] GC(52) Pause Young (Normal) (G1 Evacuation Pause)
[2022-05-19T09:58:10.065+0000][83][gc,task        ] GC(52) Using 10 workers of 10 for evacuation
[2022-05-19T09:58:10.065+0000][83][gc,age         ] GC(52) Desired survivor size 6291456 bytes, new threshold 15 (max threshold 15)
[2022-05-19T09:58:10.068+0000][83][gc,age         ] GC(52) Age table with threshold 15 (max threshold 15)
[2022-05-19T09:58:10.068+0000][83][gc,age         ] GC(52) - age   1:     919376 bytes,     919376 total
[2022-05-19T09:58:10.068+0000][83][gc,age         ] GC(52) - age   2:     854224 bytes,    1773600 total
[2022-05-19T09:58:10.068+0000][83][gc,age         ] GC(52) - age   3:     889784 bytes,    2663384 total
[2022-05-19T09:58:10.069+0000][83][gc,age         ] GC(52) - age   4:     853232 bytes,    3516616 total
[2022-05-19T09:58:10.069+0000][83][gc,age         ] GC(52) - age   5:     754248 bytes,    4270864 total
[2022-05-19T09:58:10.069+0000][83][gc,age         ] GC(52) - age   6:     688496 bytes,    4959360 total
[2022-05-19T09:58:10.069+0000][83][gc,age         ] GC(52) - age   7:     622896 bytes,    5582256 total
[2022-05-19T09:58:10.070+0000][83][gc,age         ] GC(52) - age   8:     525784 bytes,    6108040 total
[2022-05-19T09:58:10.070+0000][83][gc,age         ] GC(52) - age   9:     459464 bytes,    6567504 total
[2022-05-19T09:58:10.070+0000][83][gc,phases      ] GC(52)   Pre Evacuate Collection Set: 0.2ms
[2022-05-19T09:58:10.070+0000][83][gc,phases      ] GC(52)   Merge Heap Roots: 0.2ms
[2022-05-19T09:58:10.070+0000][83][gc,phases      ] GC(52)   Evacuate Collection Set: 1.1ms
[2022-05-19T09:58:10.071+0000][83][gc,phases      ] GC(52)   Post Evacuate Collection Set: 0.6ms
[2022-05-19T09:58:10.071+0000][83][gc,phases      ] GC(52)   Other: 3.4ms
[2022-05-19T09:58:10.071+0000][83][gc,heap        ] GC(52) Eden regions: 16->0(16)
[2022-05-19T09:58:10.071+0000][83][gc,heap        ] GC(52) Survivor regions: 2->2(3)
[2022-05-19T09:58:10.071+0000][83][gc,heap        ] GC(52) Old regions: 41->41
[2022-05-19T09:58:10.071+0000][83][gc,heap        ] GC(52) Archive regions: 2->2
[2022-05-19T09:58:10.071+0000][83][gc,heap        ] GC(52) Humongous regions: 43->43
[2022-05-19T09:58:10.072+0000][83][gc,metaspace   ] GC(52) Metaspace: 98860K(100416K)->98860K(100416K) NonClass: 85071K(86016K)->85071K(86016K) Class: 13788K(14400K)->13788K(14400K)
[2022-05-19T09:58:10.072+0000][83][gc             ] GC(52) Pause Young (Normal) (G1 Evacuation Pause) 389M->326M(512M) 7.153ms
[2022-05-19T09:58:10.072+0000][83][gc,cpu         ] GC(52) User=0.01s Sys=0.00s Real=0.01s
[2022-05-19T09:58:10.072+0000][83][safepoint      ] Safepoint "G1CollectForAllocation", Time since last: 461346500 ns, Reaching safepoint: 288600 ns, At safepoint: 7431700 ns, Total: 7720300 ns
[2022-05-19T09:58:10.554+0000][83][gc,start       ] GC(53) Pause Young (Concurrent Start) (G1 Evacuation Pause)
[2022-05-19T09:58:10.555+0000][83][gc,task        ] GC(53) Using 10 workers of 10 for evacuation
[2022-05-19T09:58:10.555+0000][83][gc,age         ] GC(53) Desired survivor size 6291456 bytes, new threshold 9 (max threshold 15)
[2022-05-19T09:58:10.559+0000][83][gc,age         ] GC(53) Age table with threshold 9 (max threshold 15)
[2022-05-19T09:58:10.559+0000][83][gc,age         ] GC(53) - age   1:     920136 bytes,     920136 total
[2022-05-19T09:58:10.559+0000][83][gc,age         ] GC(53) - age   2:     918832 bytes,    1838968 total
[2022-05-19T09:58:10.559+0000][83][gc,age         ] GC(53) - age   3:     852448 bytes,    2691416 total
[2022-05-19T09:58:10.560+0000][83][gc,age         ] GC(53) - age   4:     889784 bytes,    3581200 total
[2022-05-19T09:58:10.560+0000][83][gc,age         ] GC(53) - age   5:     853200 bytes,    4434400 total
[2022-05-19T09:58:10.560+0000][83][gc,age         ] GC(53) - age   6:     754248 bytes,    5188648 total
[2022-05-19T09:58:10.561+0000][83][gc,age         ] GC(53) - age   7:     688496 bytes,    5877144 total
[2022-05-19T09:58:10.561+0000][83][gc,age         ] GC(53) - age   8:     622896 bytes,    6500040 total
[2022-05-19T09:58:10.561+0000][83][gc,age         ] GC(53) - age   9:     525784 bytes,    7025824 total
[2022-05-19T09:58:10.561+0000][83][gc,phases      ] GC(53)   Pre Evacuate Collection Set: 0.4ms
[2022-05-19T09:58:10.561+0000][83][gc,phases      ] GC(53)   Merge Heap Roots: 0.3ms
[2022-05-19T09:58:10.561+0000][83][gc,phases      ] GC(53)   Evacuate Collection Set: 2.0ms
[2022-05-19T09:58:10.561+0000][83][gc,phases      ] GC(53)   Post Evacuate Collection Set: 0.7ms
[2022-05-19T09:58:10.561+0000][83][gc,phases      ] GC(53)   Other: 3.3ms
[2022-05-19T09:58:10.562+0000][83][gc,heap        ] GC(53) Eden regions: 16->0(16)
[2022-05-19T09:58:10.562+0000][83][gc,heap        ] GC(53) Survivor regions: 2->2(3)
[2022-05-19T09:58:10.562+0000][83][gc,heap        ] GC(53) Old regions: 41->42
[2022-05-19T09:58:10.562+0000][83][gc,heap        ] GC(53) Archive regions: 2->2
[2022-05-19T09:58:10.562+0000][83][gc,heap        ] GC(53) Humongous regions: 43->43
[2022-05-19T09:58:10.562+0000][83][gc,metaspace   ] GC(53) Metaspace: 98864K(100416K)->98864K(100416K) NonClass: 85076K(86016K)->85076K(86016K) Class: 13788K(14400K)->13788K(14400K)
[2022-05-19T09:58:10.562+0000][83][gc             ] GC(53) Pause Young (Concurrent Start) (G1 Evacuation Pause) 390M->327M(512M) 7.874ms
[2022-05-19T09:58:10.562+0000][83][gc,cpu         ] GC(53) User=0.02s Sys=0.00s Real=0.01s
[2022-05-19T09:58:10.562+0000][83][gc             ] GC(54) Concurrent Mark Cycle
[2022-05-19T09:58:10.563+0000][83][gc,marking     ] GC(54) Concurrent Clear Claimed Marks
[2022-05-19T09:58:10.562+0000][83][safepoint      ] Safepoint "G1CollectForAllocation", Time since last: 482059300 ns, Reaching safepoint: 249300 ns, At safepoint: 8179500 ns, Total: 8428800 ns
[2022-05-19T09:58:10.563+0000][83][gc,marking     ] GC(54) Concurrent Clear Claimed Marks 0.179ms
[2022-05-19T09:58:10.563+0000][83][gc,marking     ] GC(54) Concurrent Scan Root Regions
[2022-05-19T09:58:10.564+0000][83][gc,marking     ] GC(54) Concurrent Scan Root Regions 0.974ms
[2022-05-19T09:58:10.564+0000][83][gc,marking     ] GC(54) Concurrent Mark
[2022-05-19T09:58:10.564+0000][83][gc,marking     ] GC(54) Concurrent Mark From Roots
[2022-05-19T09:58:10.564+0000][83][gc,task        ] GC(54) Using 3 workers of 3 for marking
[2022-05-19T09:58:10.610+0000][83][gc,marking     ] GC(54) Concurrent Mark From Roots 45.841ms
[2022-05-19T09:58:10.610+0000][83][gc,marking     ] GC(54) Concurrent Preclean
[2022-05-19T09:58:10.611+0000][83][gc,marking     ] GC(54) Concurrent Preclean 0.854ms
[2022-05-19T09:58:10.612+0000][83][gc,start       ] GC(54) Pause Remark
[2022-05-19T09:58:10.615+0000][83][gc             ] GC(54) Pause Remark 333M->333M(512M) 2.860ms
[2022-05-19T09:58:10.615+0000][83][gc,cpu         ] GC(54) User=0.01s Sys=0.00s Real=0.00s
[2022-05-19T09:58:10.615+0000][83][safepoint      ] Safepoint "G1Concurrent", Time since last: 49108800 ns, Reaching safepoint: 279300 ns, At safepoint: 3335300 ns, Total: 3614600 ns
[2022-05-19T09:58:10.615+0000][83][gc,marking     ] GC(54) Concurrent Mark 51.385ms
[2022-05-19T09:58:10.616+0000][83][gc,marking     ] GC(54) Concurrent Rebuild Remembered Sets
[2022-05-19T09:58:10.635+0000][83][gc,marking     ] GC(54) Concurrent Rebuild Remembered Sets 19.272ms
[2022-05-19T09:58:10.636+0000][83][gc,start       ] GC(54) Pause Cleanup
[2022-05-19T09:58:10.636+0000][83][gc             ] GC(54) Pause Cleanup 335M->335M(512M) 0.609ms
[2022-05-19T09:58:10.637+0000][83][gc,cpu         ] GC(54) User=0.00s Sys=0.00s Real=0.00s
[2022-05-19T09:58:10.637+0000][83][safepoint      ] Safepoint "G1Concurrent", Time since last: 20173100 ns, Reaching safepoint: 341900 ns, At safepoint: 1105400 ns, Total: 1447300 ns
[2022-05-19T09:58:10.637+0000][83][gc,marking     ] GC(54) Concurrent Cleanup for Next Mark
[2022-05-19T09:58:10.638+0000][83][gc,marking     ] GC(54) Concurrent Cleanup for Next Mark 0.606ms
[2022-05-19T09:58:10.638+0000][83][gc             ] GC(54) Concurrent Mark Cycle 75.513ms
[2022-05-19T09:58:11.057+0000][83][gc,start       ] GC(55) Pause Young (Normal) (G1 Evacuation Pause)
[2022-05-19T09:58:11.057+0000][83][gc,task        ] GC(55) Using 10 workers of 10 for evacuation
[2022-05-19T09:58:11.058+0000][83][gc,age         ] GC(55) Desired survivor size 6291456 bytes, new threshold 8 (max threshold 15)
[2022-05-19T09:58:11.060+0000][83][gc,age         ] GC(55) Age table with threshold 8 (max threshold 15)
[2022-05-19T09:58:11.061+0000][83][gc,age         ] GC(55) - age   1:     919456 bytes,     919456 total
[2022-05-19T09:58:11.061+0000][83][gc,age         ] GC(55) - age   2:     919792 bytes,    1839248 total
[2022-05-19T09:58:11.061+0000][83][gc,age         ] GC(55) - age   3:     917952 bytes,    2757200 total
[2022-05-19T09:58:11.061+0000][83][gc,age         ] GC(55) - age   4:     852448 bytes,    3609648 total
[2022-05-19T09:58:11.062+0000][83][gc,age         ] GC(55) - age   5:     889784 bytes,    4499432 total
[2022-05-19T09:58:11.062+0000][83][gc,age         ] GC(55) - age   6:     853200 bytes,    5352632 total
[2022-05-19T09:58:11.062+0000][83][gc,age         ] GC(55) - age   7:     754248 bytes,    6106880 total
[2022-05-19T09:58:11.062+0000][83][gc,age         ] GC(55) - age   8:     688496 bytes,    6795376 total
[2022-05-19T09:58:11.062+0000][83][gc,phases      ] GC(55)   Pre Evacuate Collection Set: 0.2ms
[2022-05-19T09:58:11.063+0000][83][gc,phases      ] GC(55)   Merge Heap Roots: 0.2ms
[2022-05-19T09:58:11.063+0000][83][gc,phases      ] GC(55)   Evacuate Collection Set: 1.5ms
[2022-05-19T09:58:11.063+0000][83][gc,phases      ] GC(55)   Post Evacuate Collection Set: 0.6ms
[2022-05-19T09:58:11.063+0000][83][gc,phases      ] GC(55)   Other: 2.9ms
[2022-05-19T09:58:11.063+0000][83][gc,heap        ] GC(55) Eden regions: 16->0(16)
[2022-05-19T09:58:11.063+0000][83][gc,heap        ] GC(55) Survivor regions: 2->2(3)
[2022-05-19T09:58:11.063+0000][83][gc,heap        ] GC(55) Old regions: 42->42
[2022-05-19T09:58:11.064+0000][83][gc,heap        ] GC(55) Archive regions: 2->2
[2022-05-19T09:58:11.064+0000][83][gc,heap        ] GC(55) Humongous regions: 43->43
[2022-05-19T09:58:11.064+0000][83][gc,metaspace   ] GC(55) Metaspace: 98865K(100416K)->98865K(100416K) NonClass: 85077K(86016K)->85077K(86016K) Class: 13788K(14400K)->13788K(14400K)
[2022-05-19T09:58:11.064+0000][83][gc             ] GC(55) Pause Young (Normal) (G1 Evacuation Pause) 391M->328M(512M) 6.864ms
[2022-05-19T09:58:11.064+0000][83][gc,cpu         ] GC(55) User=0.01s Sys=0.00s Real=0.01s
[2022-05-19T09:58:11.064+0000][83][safepoint      ] Safepoint "G1CollectForAllocation", Time since last: 420090700 ns, Reaching safepoint: 180000 ns, At safepoint: 7147900 ns, Total: 7327900 ns
[2022-05-19T09:58:11.598+0000][83][gc,start       ] GC(56) Pause Young (Concurrent Start) (G1 Evacuation Pause)
[2022-05-19T09:58:11.598+0000][83][gc,task        ] GC(56) Using 10 workers of 10 for evacuation
[2022-05-19T09:58:11.599+0000][83][gc,age         ] GC(56) Desired survivor size 6291456 bytes, new threshold 8 (max threshold 15)
[2022-05-19T09:58:11.602+0000][83][gc,age         ] GC(56) Age table with threshold 8 (max threshold 15)
[2022-05-19T09:58:11.602+0000][83][gc,age         ] GC(56) - age   1:     926064 bytes,     926064 total
[2022-05-19T09:58:11.603+0000][83][gc,age         ] GC(56) - age   2:     919040 bytes,    1845104 total
[2022-05-19T09:58:11.603+0000][83][gc,age         ] GC(56) - age   3:     918016 bytes,    2763120 total
[2022-05-19T09:58:11.603+0000][83][gc,age         ] GC(56) - age   4:     917952 bytes,    3681072 total
[2022-05-19T09:58:11.603+0000][83][gc,age         ] GC(56) - age   5:     852416 bytes,    4533488 total
[2022-05-19T09:58:11.604+0000][83][gc,age         ] GC(56) - age   6:     885168 bytes,    5418656 total
[2022-05-19T09:58:11.604+0000][83][gc,age         ] GC(56) - age   7:     853200 bytes,    6271856 total
[2022-05-19T09:58:11.604+0000][83][gc,age         ] GC(56) - age   8:     754248 bytes,    7026104 total
[2022-05-19T09:58:11.604+0000][83][gc,phases      ] GC(56)   Pre Evacuate Collection Set: 0.3ms
[2022-05-19T09:58:11.604+0000][83][gc,phases      ] GC(56)   Merge Heap Roots: 0.2ms
[2022-05-19T09:58:11.604+0000][83][gc,phases      ] GC(56)   Evacuate Collection Set: 1.7ms
[2022-05-19T09:58:11.604+0000][83][gc,phases      ] GC(56)   Post Evacuate Collection Set: 0.7ms
[2022-05-19T09:58:11.605+0000][83][gc,phases      ] GC(56)   Other: 3.1ms
[2022-05-19T09:58:11.605+0000][83][gc,heap        ] GC(56) Eden regions: 16->0(17)
[2022-05-19T09:58:11.605+0000][83][gc,heap        ] GC(56) Survivor regions: 2->2(3)
[2022-05-19T09:58:11.605+0000][83][gc,heap        ] GC(56) Old regions: 42->42
[2022-05-19T09:58:11.605+0000][83][gc,heap        ] GC(56) Archive regions: 2->2
[2022-05-19T09:58:11.605+0000][83][gc,heap        ] GC(56) Humongous regions: 43->43
[2022-05-19T09:58:11.605+0000][83][gc,metaspace   ] GC(56) Metaspace: 98870K(100416K)->98870K(100416K) NonClass: 85081K(86016K)->85081K(86016K) Class: 13788K(14400K)->13788K(14400K)
[2022-05-19T09:58:11.605+0000][83][gc             ] GC(56) Pause Young (Concurrent Start) (G1 Evacuation Pause) 392M->328M(512M) 7.331ms
[2022-05-19T09:58:11.606+0000][83][gc,cpu         ] GC(56) User=0.02s Sys=0.00s Real=0.01s
[2022-05-19T09:58:11.606+0000][83][safepoint      ] Safepoint "G1CollectForAllocation", Time since last: 533594200 ns, Reaching safepoint: 212400 ns, At safepoint: 7750100 ns, Total: 7962500 ns
[2022-05-19T09:58:11.606+0000][83][gc             ] GC(57) Concurrent Mark Cycle
[2022-05-19T09:58:11.606+0000][83][gc,marking     ] GC(57) Concurrent Clear Claimed Marks
[2022-05-19T09:58:11.606+0000][83][gc,marking     ] GC(57) Concurrent Clear Claimed Marks 0.223ms
[2022-05-19T09:58:11.606+0000][83][gc,marking     ] GC(57) Concurrent Scan Root Regions
[2022-05-19T09:58:11.608+0000][83][gc,marking     ] GC(57) Concurrent Scan Root Regions 1.052ms
[2022-05-19T09:58:11.608+0000][83][gc,marking     ] GC(57) Concurrent Mark
[2022-05-19T09:58:11.608+0000][83][gc,marking     ] GC(57) Concurrent Mark From Roots
[2022-05-19T09:58:11.608+0000][83][gc,task        ] GC(57) Using 3 workers of 3 for marking
[2022-05-19T09:58:11.653+0000][83][gc,marking     ] GC(57) Concurrent Mark From Roots 44.676ms
[2022-05-19T09:58:11.653+0000][83][gc,marking     ] GC(57) Concurrent Preclean
[2022-05-19T09:58:11.654+0000][83][gc,marking     ] GC(57) Concurrent Preclean 0.559ms
[2022-05-19T09:58:11.654+0000][83][gc,start       ] GC(57) Pause Remark
[2022-05-19T09:58:11.657+0000][83][gc             ] GC(57) Pause Remark 334M->334M(512M) 2.542ms
[2022-05-19T09:58:11.657+0000][83][gc,cpu         ] GC(57) User=0.01s Sys=0.00s Real=0.00s
[2022-05-19T09:58:11.657+0000][83][safepoint      ] Safepoint "G1Concurrent", Time since last: 47977300 ns, Reaching safepoint: 264500 ns, At safepoint: 3052300 ns, Total: 3316800 ns
[2022-05-19T09:58:11.657+0000][83][gc,marking     ] GC(57) Concurrent Mark 49.642ms
[2022-05-19T09:58:11.658+0000][83][gc,marking     ] GC(57) Concurrent Rebuild Remembered Sets
[2022-05-19T09:58:11.680+0000][83][gc,marking     ] GC(57) Concurrent Rebuild Remembered Sets 22.146ms
[2022-05-19T09:58:11.680+0000][83][gc,start       ] GC(57) Pause Cleanup
[2022-05-19T09:58:11.681+0000][83][gc             ] GC(57) Pause Cleanup 336M->336M(512M) 0.376ms
[2022-05-19T09:58:11.681+0000][83][gc,cpu         ] GC(57) User=0.00s Sys=0.00s Real=0.00s
[2022-05-19T09:58:11.681+0000][83][safepoint      ] Safepoint "G1Concurrent", Time since last: 22993900 ns, Reaching safepoint: 268400 ns, At safepoint: 812100 ns, Total: 1080500 ns
[2022-05-19T09:58:11.681+0000][83][gc,marking     ] GC(57) Concurrent Cleanup for Next Mark
[2022-05-19T09:58:11.682+0000][83][gc,marking     ] GC(57) Concurrent Cleanup for Next Mark 0.436ms
[2022-05-19T09:58:11.682+0000][83][gc             ] GC(57) Concurrent Mark Cycle 76.243ms
[2022-05-19T09:58:12.142+0000][83][gc,start       ] GC(58) Pause Young (Normal) (G1 Evacuation Pause)
[2022-05-19T09:58:12.142+0000][83][gc,task        ] GC(58) Using 10 workers of 10 for evacuation
[2022-05-19T09:58:12.143+0000][83][gc,age         ] GC(58) Desired survivor size 6291456 bytes, new threshold 8 (max threshold 15)
[2022-05-19T09:58:12.146+0000][83][gc,age         ] GC(58) Age table with threshold 8 (max threshold 15)
[2022-05-19T09:58:12.146+0000][83][gc,age         ] GC(58) - age   1:     984952 bytes,     984952 total
[2022-05-19T09:58:12.146+0000][83][gc,age         ] GC(58) - age   2:     925440 bytes,    1910392 total
[2022-05-19T09:58:12.147+0000][83][gc,age         ] GC(58) - age   3:     918136 bytes,    2828528 total
[2022-05-19T09:58:12.147+0000][83][gc,age         ] GC(58) - age   4:     918016 bytes,    3746544 total
[2022-05-19T09:58:12.147+0000][83][gc,age         ] GC(58) - age   5:     917952 bytes,    4664496 total
[2022-05-19T09:58:12.147+0000][83][gc,age         ] GC(58) - age   6:     852416 bytes,    5516912 total
[2022-05-19T09:58:12.148+0000][83][gc,age         ] GC(58) - age   7:     885168 bytes,    6402080 total
[2022-05-19T09:58:12.148+0000][83][gc,age         ] GC(58) - age   8:     853200 bytes,    7255280 total
[2022-05-19T09:58:12.148+0000][83][gc,phases      ] GC(58)   Pre Evacuate Collection Set: 0.2ms
[2022-05-19T09:58:12.148+0000][83][gc,phases      ] GC(58)   Merge Heap Roots: 0.3ms
[2022-05-19T09:58:12.148+0000][83][gc,phases      ] GC(58)   Evacuate Collection Set: 1.4ms
[2022-05-19T09:58:12.149+0000][83][gc,phases      ] GC(58)   Post Evacuate Collection Set: 0.9ms
[2022-05-19T09:58:12.149+0000][83][gc,phases      ] GC(58)   Other: 3.6ms
[2022-05-19T09:58:12.149+0000][83][gc,heap        ] GC(58) Eden regions: 17->0(17)
[2022-05-19T09:58:12.149+0000][83][gc,heap        ] GC(58) Survivor regions: 2->2(3)
[2022-05-19T09:58:12.149+0000][83][gc,heap        ] GC(58) Old regions: 42->42
[2022-05-19T09:58:12.149+0000][83][gc,heap        ] GC(58) Archive regions: 2->2
[2022-05-19T09:58:12.150+0000][83][gc,heap        ] GC(58) Humongous regions: 43->43
[2022-05-19T09:58:12.150+0000][83][gc,metaspace   ] GC(58) Metaspace: 98875K(100416K)->98875K(100416K) NonClass: 85087K(86016K)->85087K(86016K) Class: 13788K(14400K)->13788K(14400K)
[2022-05-19T09:58:12.150+0000][83][gc             ] GC(58) Pause Young (Normal) (G1 Evacuation Pause) 396M->329M(512M) 8.104ms
[2022-05-19T09:58:12.150+0000][83][gc,cpu         ] GC(58) User=0.02s Sys=0.00s Real=0.01s
[2022-05-19T09:58:12.150+0000][83][safepoint      ] Safepoint "G1CollectForAllocation", Time since last: 460456000 ns, Reaching safepoint: 274500 ns, At safepoint: 8625400 ns, Total: 8899900 ns
[2022-05-19T09:58:12.682+0000][83][gc,start       ] GC(59) Pause Young (Concurrent Start) (G1 Evacuation Pause)
[2022-05-19T09:58:12.682+0000][83][gc,task        ] GC(59) Using 10 workers of 10 for evacuation
[2022-05-19T09:58:12.682+0000][83][gc,age         ] GC(59) Desired survivor size 6291456 bytes, new threshold 7 (max threshold 15)
[2022-05-19T09:58:12.685+0000][83][gc,age         ] GC(59) Age table with threshold 7 (max threshold 15)
[2022-05-19T09:58:12.686+0000][83][gc,age         ] GC(59) - age   1:     985512 bytes,     985512 total
[2022-05-19T09:58:12.686+0000][83][gc,age         ] GC(59) - age   2:     984592 bytes,    1970104 total
[2022-05-19T09:58:12.687+0000][83][gc,age         ] GC(59) - age   3:     923888 bytes,    2893992 total
[2022-05-19T09:58:12.687+0000][83][gc,age         ] GC(59) - age   4:     918136 bytes,    3812128 total
[2022-05-19T09:58:12.687+0000][83][gc,age         ] GC(59) - age   5:     917984 bytes,    4730112 total
[2022-05-19T09:58:12.687+0000][83][gc,age         ] GC(59) - age   6:     917952 bytes,    5648064 total
[2022-05-19T09:58:12.688+0000][83][gc,age         ] GC(59) - age   7:     852416 bytes,    6500480 total
[2022-05-19T09:58:12.688+0000][83][gc,phases      ] GC(59)   Pre Evacuate Collection Set: 0.3ms
[2022-05-19T09:58:12.688+0000][83][gc,phases      ] GC(59)   Merge Heap Roots: 0.2ms
[2022-05-19T09:58:12.688+0000][83][gc,phases      ] GC(59)   Evacuate Collection Set: 1.8ms
[2022-05-19T09:58:12.689+0000][83][gc,phases      ] GC(59)   Post Evacuate Collection Set: 0.8ms
[2022-05-19T09:58:12.689+0000][83][gc,phases      ] GC(59)   Other: 3.4ms
[2022-05-19T09:58:12.689+0000][83][gc,heap        ] GC(59) Eden regions: 17->0(16)
[2022-05-19T09:58:12.689+0000][83][gc,heap        ] GC(59) Survivor regions: 2->2(3)
[2022-05-19T09:58:12.690+0000][83][gc,heap        ] GC(59) Old regions: 42->43
[2022-05-19T09:58:12.690+0000][83][gc,heap        ] GC(59) Archive regions: 2->2
[2022-05-19T09:58:12.690+0000][83][gc,heap        ] GC(59) Humongous regions: 43->43
[2022-05-19T09:58:12.690+0000][83][gc,metaspace   ] GC(59) Metaspace: 98879K(100416K)->98879K(100416K) NonClass: 85091K(86016K)->85091K(86016K) Class: 13788K(14400K)->13788K(14400K)
[2022-05-19T09:58:12.690+0000][83][gc             ] GC(59) Pause Young (Concurrent Start) (G1 Evacuation Pause) 397M->330M(512M) 8.830ms
[2022-05-19T09:58:12.691+0000][83][gc,cpu         ] GC(59) User=0.02s Sys=0.00s Real=0.01s
[2022-05-19T09:58:12.691+0000][83][gc             ] GC(60) Concurrent Mark Cycle
[2022-05-19T09:58:12.691+0000][83][safepoint      ] Safepoint "G1CollectForAllocation", Time since last: 530789800 ns, Reaching safepoint: 235200 ns, At safepoint: 9346000 ns, Total: 9581200 ns
[2022-05-19T09:58:12.691+0000][83][gc,marking     ] GC(60) Concurrent Clear Claimed Marks
[2022-05-19T09:58:12.691+0000][83][gc,marking     ] GC(60) Concurrent Clear Claimed Marks 0.377ms
[2022-05-19T09:58:12.692+0000][83][gc,marking     ] GC(60) Concurrent Scan Root Regions
[2022-05-19T09:58:12.693+0000][83][gc,marking     ] GC(60) Concurrent Scan Root Regions 1.090ms
[2022-05-19T09:58:12.693+0000][83][gc,marking     ] GC(60) Concurrent Mark
[2022-05-19T09:58:12.693+0000][83][gc,marking     ] GC(60) Concurrent Mark From Roots
[2022-05-19T09:58:12.693+0000][83][gc,task        ] GC(60) Using 3 workers of 3 for marking
[2022-05-19T09:58:12.742+0000][83][gc,marking     ] GC(60) Concurrent Mark From Roots 48.883ms
[2022-05-19T09:58:12.742+0000][83][gc,marking     ] GC(60) Concurrent Preclean
[2022-05-19T09:58:12.743+0000][83][gc,marking     ] GC(60) Concurrent Preclean 0.629ms
[2022-05-19T09:58:12.744+0000][83][gc,start       ] GC(60) Pause Remark
[2022-05-19T09:58:12.746+0000][83][gc             ] GC(60) Pause Remark 336M->336M(512M) 2.766ms
[2022-05-19T09:58:12.747+0000][83][gc,cpu         ] GC(60) User=0.02s Sys=0.00s Real=0.00s
[2022-05-19T09:58:12.747+0000][83][safepoint      ] Safepoint "G1Concurrent", Time since last: 52256800 ns, Reaching safepoint: 363800 ns, At safepoint: 3308900 ns, Total: 3672700 ns
[2022-05-19T09:58:12.747+0000][83][gc,marking     ] GC(60) Concurrent Mark 54.195ms
[2022-05-19T09:58:12.747+0000][83][gc,marking     ] GC(60) Concurrent Rebuild Remembered Sets
[2022-05-19T09:58:12.769+0000][83][gc,marking     ] GC(60) Concurrent Rebuild Remembered Sets 22.014ms
[2022-05-19T09:58:12.770+0000][83][gc,start       ] GC(60) Pause Cleanup
[2022-05-19T09:58:12.770+0000][83][gc             ] GC(60) Pause Cleanup 338M->338M(512M) 0.388ms
[2022-05-19T09:58:12.771+0000][83][gc,cpu         ] GC(60) User=0.01s Sys=0.00s Real=0.00s
[2022-05-19T09:58:12.771+0000][83][safepoint      ] Safepoint "G1Concurrent", Time since last: 22867300 ns, Reaching safepoint: 290800 ns, At safepoint: 927300 ns, Total: 1218100 ns
[2022-05-19T09:58:12.771+0000][83][gc,marking     ] GC(60) Concurrent Cleanup for Next Mark
[2022-05-19T09:58:12.772+0000][83][gc,marking     ] GC(60) Concurrent Cleanup for Next Mark 0.462ms
[2022-05-19T09:58:12.772+0000][83][gc             ] GC(60) Concurrent Mark Cycle 80.951ms
[2022-05-19T09:58:13.209+0000][83][gc,start       ] GC(61) Pause Young (Normal) (G1 Evacuation Pause)
[2022-05-19T09:58:13.209+0000][83][gc,task        ] GC(61) Using 10 workers of 10 for evacuation
[2022-05-19T09:58:13.210+0000][83][gc,age         ] GC(61) Desired survivor size 6291456 bytes, new threshold 7 (max threshold 15)
[2022-05-19T09:58:13.212+0000][83][gc,age         ] GC(61) Age table with threshold 7 (max threshold 15)
[2022-05-19T09:58:13.212+0000][83][gc,age         ] GC(61) - age   1:     919400 bytes,     919400 total
[2022-05-19T09:58:13.213+0000][83][gc,age         ] GC(61) - age   2:     985136 bytes,    1904536 total
[2022-05-19T09:58:13.213+0000][83][gc,age         ] GC(61) - age   3:     983520 bytes,    2888056 total
[2022-05-19T09:58:13.213+0000][83][gc,age         ] GC(61) - age   4:     923888 bytes,    3811944 total
[2022-05-19T09:58:13.213+0000][83][gc,age         ] GC(61) - age   5:     918136 bytes,    4730080 total
[2022-05-19T09:58:13.214+0000][83][gc,age         ] GC(61) - age   6:     917984 bytes,    5648064 total
[2022-05-19T09:58:13.214+0000][83][gc,age         ] GC(61) - age   7:     917952 bytes,    6566016 total
[2022-05-19T09:58:13.214+0000][83][gc,phases      ] GC(61)   Pre Evacuate Collection Set: 0.2ms
[2022-05-19T09:58:13.214+0000][83][gc,phases      ] GC(61)   Merge Heap Roots: 0.2ms
[2022-05-19T09:58:13.214+0000][83][gc,phases      ] GC(61)   Evacuate Collection Set: 1.3ms
[2022-05-19T09:58:13.214+0000][83][gc,phases      ] GC(61)   Post Evacuate Collection Set: 0.6ms
[2022-05-19T09:58:13.214+0000][83][gc,phases      ] GC(61)   Other: 3.0ms
[2022-05-19T09:58:13.215+0000][83][gc,heap        ] GC(61) Eden regions: 16->0(16)
[2022-05-19T09:58:13.215+0000][83][gc,heap        ] GC(61) Survivor regions: 2->2(3)
[2022-05-19T09:58:13.215+0000][83][gc,heap        ] GC(61) Old regions: 43->43
[2022-05-19T09:58:13.215+0000][83][gc,heap        ] GC(61) Archive regions: 2->2
[2022-05-19T09:58:13.215+0000][83][gc,heap        ] GC(61) Humongous regions: 43->43
[2022-05-19T09:58:13.215+0000][83][gc,metaspace   ] GC(61) Metaspace: 98890K(100416K)->98890K(100416K) NonClass: 85102K(86016K)->85102K(86016K) Class: 13788K(14400K)->13788K(14400K)
[2022-05-19T09:58:13.215+0000][83][gc             ] GC(61) Pause Young (Normal) (G1 Evacuation Pause) 394M->331M(512M) 6.501ms
[2022-05-19T09:58:13.215+0000][83][gc,cpu         ] GC(61) User=0.01s Sys=0.00s Real=0.01s
[2022-05-19T09:58:13.216+0000][83][safepoint      ] Safepoint "G1CollectForAllocation", Time since last: 437708500 ns, Reaching safepoint: 185200 ns, At safepoint: 6786400 ns, Total: 6971600 ns
[2022-05-19T09:58:13.699+0000][83][gc,start       ] GC(62) Pause Young (Concurrent Start) (G1 Evacuation Pause)
[2022-05-19T09:58:13.700+0000][83][gc,task        ] GC(62) Using 10 workers of 10 for evacuation
[2022-05-19T09:58:13.700+0000][83][gc,age         ] GC(62) Desired survivor size 6291456 bytes, new threshold 7 (max threshold 15)
[2022-05-19T09:58:13.703+0000][83][gc,age         ] GC(62) Age table with threshold 7 (max threshold 15)
[2022-05-19T09:58:13.704+0000][83][gc,age         ] GC(62) - age   1:     919976 bytes,     919976 total
[2022-05-19T09:58:13.704+0000][83][gc,age         ] GC(62) - age   2:     919024 bytes,    1839000 total
[2022-05-19T09:58:13.704+0000][83][gc,age         ] GC(62) - age   3:     983584 bytes,    2822584 total
[2022-05-19T09:58:13.704+0000][83][gc,age         ] GC(62) - age   4:     983520 bytes,    3806104 total
[2022-05-19T09:58:13.704+0000][83][gc,age         ] GC(62) - age   5:     923856 bytes,    4729960 total
[2022-05-19T09:58:13.705+0000][83][gc,age         ] GC(62) - age   6:     918136 bytes,    5648096 total
[2022-05-19T09:58:13.705+0000][83][gc,age         ] GC(62) - age   7:     917984 bytes,    6566080 total
[2022-05-19T09:58:13.705+0000][83][gc,phases      ] GC(62)   Pre Evacuate Collection Set: 0.3ms
[2022-05-19T09:58:13.705+0000][83][gc,phases      ] GC(62)   Merge Heap Roots: 0.2ms
[2022-05-19T09:58:13.705+0000][83][gc,phases      ] GC(62)   Evacuate Collection Set: 1.8ms
[2022-05-19T09:58:13.705+0000][83][gc,phases      ] GC(62)   Post Evacuate Collection Set: 0.8ms
[2022-05-19T09:58:13.706+0000][83][gc,phases      ] GC(62)   Other: 2.6ms
[2022-05-19T09:58:13.706+0000][83][gc,heap        ] GC(62) Eden regions: 16->0(16)
[2022-05-19T09:58:13.706+0000][83][gc,heap        ] GC(62) Survivor regions: 2->2(3)
[2022-05-19T09:58:13.706+0000][83][gc,heap        ] GC(62) Old regions: 43->43
[2022-05-19T09:58:13.706+0000][83][gc,heap        ] GC(62) Archive regions: 2->2
[2022-05-19T09:58:13.706+0000][83][gc,heap        ] GC(62) Humongous regions: 43->43
[2022-05-19T09:58:13.707+0000][83][gc,metaspace   ] GC(62) Metaspace: 98896K(100416K)->98896K(100416K) NonClass: 85108K(86016K)->85108K(86016K) Class: 13788K(14400K)->13788K(14400K)
[2022-05-19T09:58:13.707+0000][83][gc             ] GC(62) Pause Young (Concurrent Start) (G1 Evacuation Pause) 395M->332M(512M) 7.446ms
[2022-05-19T09:58:13.707+0000][83][gc,cpu         ] GC(62) User=0.01s Sys=0.00s Real=0.00s
[2022-05-19T09:58:13.707+0000][83][safepoint      ] Safepoint "G1CollectForAllocation", Time since last: 483372800 ns, Reaching safepoint: 256300 ns, At safepoint: 7826000 ns, Total: 8082300 ns
[2022-05-19T09:58:13.707+0000][83][gc             ] GC(63) Concurrent Mark Cycle
[2022-05-19T09:58:13.707+0000][83][gc,marking     ] GC(63) Concurrent Clear Claimed Marks
[2022-05-19T09:58:13.708+0000][83][gc,marking     ] GC(63) Concurrent Clear Claimed Marks 0.185ms
[2022-05-19T09:58:13.708+0000][83][gc,marking     ] GC(63) Concurrent Scan Root Regions
[2022-05-19T09:58:13.709+0000][83][gc,marking     ] GC(63) Concurrent Scan Root Regions 0.992ms
[2022-05-19T09:58:13.709+0000][83][gc,marking     ] GC(63) Concurrent Mark
[2022-05-19T09:58:13.709+0000][83][gc,marking     ] GC(63) Concurrent Mark From Roots
[2022-05-19T09:58:13.709+0000][83][gc,task        ] GC(63) Using 3 workers of 3 for marking
[2022-05-19T09:58:13.753+0000][83][gc,marking     ] GC(63) Concurrent Mark From Roots 44.099ms
[2022-05-19T09:58:13.753+0000][83][gc,marking     ] GC(63) Concurrent Preclean
[2022-05-19T09:58:13.754+0000][83][gc,marking     ] GC(63) Concurrent Preclean 0.624ms
[2022-05-19T09:58:13.755+0000][83][gc,start       ] GC(63) Pause Remark
[2022-05-19T09:58:13.757+0000][83][gc             ] GC(63) Pause Remark 339M->339M(512M) 2.695ms
[2022-05-19T09:58:13.758+0000][83][gc,cpu         ] GC(63) User=0.02s Sys=0.00s Real=0.00s
[2022-05-19T09:58:13.758+0000][83][safepoint      ] Safepoint "G1Concurrent", Time since last: 47219100 ns, Reaching safepoint: 354800 ns, At safepoint: 3294600 ns, Total: 3649400 ns
[2022-05-19T09:58:13.758+0000][83][gc,marking     ] GC(63) Concurrent Mark 49.312ms
[2022-05-19T09:58:13.758+0000][83][gc,marking     ] GC(63) Concurrent Rebuild Remembered Sets
[2022-05-19T09:58:13.778+0000][83][gc,marking     ] GC(63) Concurrent Rebuild Remembered Sets 20.093ms
[2022-05-19T09:58:13.779+0000][83][gc,start       ] GC(63) Pause Cleanup
[2022-05-19T09:58:13.779+0000][83][gc             ] GC(63) Pause Cleanup 340M->340M(512M) 0.403ms
[2022-05-19T09:58:13.780+0000][83][gc,cpu         ] GC(63) User=0.00s Sys=0.00s Real=0.00s
[2022-05-19T09:58:13.780+0000][83][safepoint      ] Safepoint "G1Concurrent", Time since last: 20868100 ns, Reaching safepoint: 305200 ns, At safepoint: 856200 ns, Total: 1161400 ns
[2022-05-19T09:58:13.780+0000][83][gc,marking     ] GC(63) Concurrent Cleanup for Next Mark
[2022-05-19T09:58:13.781+0000][83][gc,marking     ] GC(63) Concurrent Cleanup for Next Mark 0.423ms
[2022-05-19T09:58:13.781+0000][83][gc             ] GC(63) Concurrent Mark Cycle 73.816ms
[2022-05-19T09:58:14.216+0000][83][gc,start       ] GC(64) Pause Young (Normal) (G1 Evacuation Pause)
[2022-05-19T09:58:14.216+0000][83][gc,task        ] GC(64) Using 10 workers of 10 for evacuation
[2022-05-19T09:58:14.217+0000][83][gc,age         ] GC(64) Desired survivor size 6291456 bytes, new threshold 7 (max threshold 15)
[2022-05-19T09:58:14.219+0000][83][gc,age         ] GC(64) Age table with threshold 7 (max threshold 15)
[2022-05-19T09:58:14.220+0000][83][gc,age         ] GC(64) - age   1:     925312 bytes,     925312 total
[2022-05-19T09:58:14.220+0000][83][gc,age         ] GC(64) - age   2:     919600 bytes,    1844912 total
[2022-05-19T09:58:14.220+0000][83][gc,age         ] GC(64) - age   3:     917952 bytes,    2762864 total
[2022-05-19T09:58:14.221+0000][83][gc,age         ] GC(64) - age   4:     983584 bytes,    3746448 total
[2022-05-19T09:58:14.221+0000][83][gc,age         ] GC(64) - age   5:     983520 bytes,    4729968 total
[2022-05-19T09:58:14.221+0000][83][gc,age         ] GC(64) - age   6:     918664 bytes,    5648632 total
[2022-05-19T09:58:14.221+0000][83][gc,age         ] GC(64) - age   7:     918136 bytes,    6566768 total
[2022-05-19T09:58:14.221+0000][83][gc,phases      ] GC(64)   Pre Evacuate Collection Set: 0.2ms
[2022-05-19T09:58:14.221+0000][83][gc,phases      ] GC(64)   Merge Heap Roots: 0.1ms
[2022-05-19T09:58:14.222+0000][83][gc,phases      ] GC(64)   Evacuate Collection Set: 1.3ms
[2022-05-19T09:58:14.222+0000][83][gc,phases      ] GC(64)   Post Evacuate Collection Set: 0.9ms
[2022-05-19T09:58:14.222+0000][83][gc,phases      ] GC(64)   Other: 2.9ms
[2022-05-19T09:58:14.222+0000][83][gc,heap        ] GC(64) Eden regions: 16->0(16)
[2022-05-19T09:58:14.222+0000][83][gc,heap        ] GC(64) Survivor regions: 2->2(3)
[2022-05-19T09:58:14.222+0000][83][gc,heap        ] GC(64) Old regions: 43->43
[2022-05-19T09:58:14.222+0000][83][gc,heap        ] GC(64) Archive regions: 2->2
[2022-05-19T09:58:14.222+0000][83][gc,heap        ] GC(64) Humongous regions: 43->43
[2022-05-19T09:58:14.223+0000][83][gc,metaspace   ] GC(64) Metaspace: 98896K(100416K)->98896K(100416K) NonClass: 85108K(86016K)->85108K(86016K) Class: 13788K(14400K)->13788K(14400K)
[2022-05-19T09:58:14.223+0000][83][gc             ] GC(64) Pause Young (Normal) (G1 Evacuation Pause) 396M->333M(512M) 6.696ms
[2022-05-19T09:58:14.223+0000][83][gc,cpu         ] GC(64) User=0.00s Sys=0.01s Real=0.01s
[2022-05-19T09:58:14.223+0000][83][safepoint      ] Safepoint "G1CollectForAllocation", Time since last: 435752500 ns, Reaching safepoint: 268300 ns, At safepoint: 6999400 ns, Total: 7267700 ns
[2022-05-19T09:58:14.718+0000][83][gc,start       ] GC(65) Pause Young (Concurrent Start) (G1 Evacuation Pause)
[2022-05-19T09:58:14.718+0000][83][gc,task        ] GC(65) Using 10 workers of 10 for evacuation
[2022-05-19T09:58:14.719+0000][83][gc,age         ] GC(65) Desired survivor size 6291456 bytes, new threshold 7 (max threshold 15)
[2022-05-19T09:58:14.722+0000][83][gc,age         ] GC(65) Age table with threshold 7 (max threshold 15)
[2022-05-19T09:58:14.722+0000][83][gc,age         ] GC(65) - age   1:     952752 bytes,     952752 total
[2022-05-19T09:58:14.722+0000][83][gc,age         ] GC(65) - age   2:     924864 bytes,    1877616 total
[2022-05-19T09:58:14.722+0000][83][gc,age         ] GC(65) - age   3:     918016 bytes,    2795632 total
[2022-05-19T09:58:14.723+0000][83][gc,age         ] GC(65) - age   4:     917952 bytes,    3713584 total
[2022-05-19T09:58:14.723+0000][83][gc,age         ] GC(65) - age   5:     983552 bytes,    4697136 total
[2022-05-19T09:58:14.723+0000][83][gc,age         ] GC(65) - age   6:     983520 bytes,    5680656 total
[2022-05-19T09:58:14.723+0000][83][gc,age         ] GC(65) - age   7:     918664 bytes,    6599320 total
[2022-05-19T09:58:14.724+0000][83][gc,phases      ] GC(65)   Pre Evacuate Collection Set: 0.3ms
[2022-05-19T09:58:14.724+0000][83][gc,phases      ] GC(65)   Merge Heap Roots: 0.2ms
[2022-05-19T09:58:14.724+0000][83][gc,phases      ] GC(65)   Evacuate Collection Set: 1.6ms
[2022-05-19T09:58:14.724+0000][83][gc,phases      ] GC(65)   Post Evacuate Collection Set: 0.7ms
[2022-05-19T09:58:14.724+0000][83][gc,phases      ] GC(65)   Other: 3.0ms
[2022-05-19T09:58:14.724+0000][83][gc,heap        ] GC(65) Eden regions: 16->0(15)
[2022-05-19T09:58:14.725+0000][83][gc,heap        ] GC(65) Survivor regions: 2->2(3)
[2022-05-19T09:58:14.725+0000][83][gc,heap        ] GC(65) Old regions: 43->44
[2022-05-19T09:58:14.725+0000][83][gc,heap        ] GC(65) Archive regions: 2->2
[2022-05-19T09:58:14.725+0000][83][gc,heap        ] GC(65) Humongous regions: 43->43
[2022-05-19T09:58:14.725+0000][83][gc,metaspace   ] GC(65) Metaspace: 98898K(100416K)->98898K(100416K) NonClass: 85110K(86016K)->85110K(86016K) Class: 13788K(14400K)->13788K(14400K)
[2022-05-19T09:58:14.725+0000][83][gc             ] GC(65) Pause Young (Concurrent Start) (G1 Evacuation Pause) 397M->334M(512M) 7.323ms
[2022-05-19T09:58:14.725+0000][83][gc,cpu         ] GC(65) User=0.01s Sys=0.01s Real=0.01s
[2022-05-19T09:58:14.725+0000][83][safepoint      ] Safepoint "G1CollectForAllocation", Time since last: 494571800 ns, Reaching safepoint: 249000 ns, At safepoint: 7627200 ns, Total: 7876200 ns
[2022-05-19T09:58:14.725+0000][83][gc             ] GC(66) Concurrent Mark Cycle
[2022-05-19T09:58:14.726+0000][83][gc,marking     ] GC(66) Concurrent Clear Claimed Marks
[2022-05-19T09:58:14.726+0000][83][gc,marking     ] GC(66) Concurrent Clear Claimed Marks 0.163ms
[2022-05-19T09:58:14.726+0000][83][gc,marking     ] GC(66) Concurrent Scan Root Regions
[2022-05-19T09:58:14.727+0000][83][gc,marking     ] GC(66) Concurrent Scan Root Regions 0.834ms
[2022-05-19T09:58:14.727+0000][83][gc,marking     ] GC(66) Concurrent Mark
[2022-05-19T09:58:14.727+0000][83][gc,marking     ] GC(66) Concurrent Mark From Roots
[2022-05-19T09:58:14.727+0000][83][gc,task        ] GC(66) Using 3 workers of 3 for marking
[2022-05-19T09:58:14.771+0000][83][gc,marking     ] GC(66) Concurrent Mark From Roots 43.868ms
[2022-05-19T09:58:14.771+0000][83][gc,marking     ] GC(66) Concurrent Preclean
[2022-05-19T09:58:14.772+0000][83][gc,marking     ] GC(66) Concurrent Preclean 0.642ms
[2022-05-19T09:58:14.773+0000][83][gc,start       ] GC(66) Pause Remark
[2022-05-19T09:58:14.775+0000][83][gc             ] GC(66) Pause Remark 340M->340M(512M) 2.626ms
[2022-05-19T09:58:14.775+0000][83][gc,cpu         ] GC(66) User=0.02s Sys=0.00s Real=0.00s
[2022-05-19T09:58:14.776+0000][83][safepoint      ] Safepoint "G1Concurrent", Time since last: 46856600 ns, Reaching safepoint: 266100 ns, At safepoint: 3123800 ns, Total: 3389900 ns
[2022-05-19T09:58:14.776+0000][83][gc,marking     ] GC(66) Concurrent Mark 48.997ms
[2022-05-19T09:58:14.776+0000][83][gc,marking     ] GC(66) Concurrent Rebuild Remembered Sets
[2022-05-19T09:58:14.799+0000][83][gc,marking     ] GC(66) Concurrent Rebuild Remembered Sets 23.407ms
[2022-05-19T09:58:14.800+0000][83][gc,start       ] GC(66) Pause Cleanup
[2022-05-19T09:58:14.800+0000][83][gc             ] GC(66) Pause Cleanup 343M->343M(512M) 0.348ms
[2022-05-19T09:58:14.801+0000][83][gc,cpu         ] GC(66) User=0.00s Sys=0.00s Real=0.00s
[2022-05-19T09:58:14.801+0000][83][safepoint      ] Safepoint "G1Concurrent", Time since last: 24188700 ns, Reaching safepoint: 314400 ns, At safepoint: 658400 ns, Total: 972800 ns
[2022-05-19T09:58:14.801+0000][83][gc,marking     ] GC(66) Concurrent Cleanup for Next Mark
[2022-05-19T09:58:14.801+0000][83][gc,marking     ] GC(66) Concurrent Cleanup for Next Mark 0.412ms
[2022-05-19T09:58:14.802+0000][83][gc             ] GC(66) Concurrent Mark Cycle 76.218ms
[2022-05-19T09:58:15.173+0000][83][gc,start       ] GC(67) Pause Young (Normal) (G1 Evacuation Pause)
[2022-05-19T09:58:15.174+0000][83][gc,task        ] GC(67) Using 10 workers of 10 for evacuation
[2022-05-19T09:58:15.174+0000][83][gc,age         ] GC(67) Desired survivor size 6291456 bytes, new threshold 7 (max threshold 15)
[2022-05-19T09:58:15.176+0000][83][gc,age         ] GC(67) Age table with threshold 7 (max threshold 15)
[2022-05-19T09:58:15.177+0000][83][gc,age         ] GC(67) - age   1:     853784 bytes,     853784 total
[2022-05-19T09:58:15.177+0000][83][gc,age         ] GC(67) - age   2:     952384 bytes,    1806168 total
[2022-05-19T09:58:15.177+0000][83][gc,age         ] GC(67) - age   3:     923792 bytes,    2729960 total
[2022-05-19T09:58:15.177+0000][83][gc,age         ] GC(67) - age   4:     918016 bytes,    3647976 total
[2022-05-19T09:58:15.178+0000][83][gc,age         ] GC(67) - age   5:     917952 bytes,    4565928 total
[2022-05-19T09:58:15.178+0000][83][gc,age         ] GC(67) - age   6:     983552 bytes,    5549480 total
[2022-05-19T09:58:15.178+0000][83][gc,age         ] GC(67) - age   7:     983520 bytes,    6533000 total
[2022-05-19T09:58:15.178+0000][83][gc,phases      ] GC(67)   Pre Evacuate Collection Set: 0.2ms
[2022-05-19T09:58:15.178+0000][83][gc,phases      ] GC(67)   Merge Heap Roots: 0.1ms
[2022-05-19T09:58:15.179+0000][83][gc,phases      ] GC(67)   Evacuate Collection Set: 1.1ms
[2022-05-19T09:58:15.179+0000][83][gc,phases      ] GC(67)   Post Evacuate Collection Set: 0.7ms
[2022-05-19T09:58:15.179+0000][83][gc,phases      ] GC(67)   Other: 2.8ms
[2022-05-19T09:58:15.179+0000][83][gc,heap        ] GC(67) Eden regions: 15->0(15)
[2022-05-19T09:58:15.179+0000][83][gc,heap        ] GC(67) Survivor regions: 2->2(3)
[2022-05-19T09:58:15.179+0000][83][gc,heap        ] GC(67) Old regions: 44->44
[2022-05-19T09:58:15.180+0000][83][gc,heap        ] GC(67) Archive regions: 2->2
[2022-05-19T09:58:15.180+0000][83][gc,heap        ] GC(67) Humongous regions: 43->43
[2022-05-19T09:58:15.180+0000][83][gc,metaspace   ] GC(67) Metaspace: 98898K(100416K)->98898K(100416K) NonClass: 85110K(86016K)->85110K(86016K) Class: 13788K(14400K)->13788K(14400K)
[2022-05-19T09:58:15.180+0000][83][gc             ] GC(67) Pause Young (Normal) (G1 Evacuation Pause) 394M->335M(512M) 6.755ms
[2022-05-19T09:58:15.180+0000][83][gc,cpu         ] GC(67) User=0.01s Sys=0.00s Real=0.01s
[2022-05-19T09:58:15.180+0000][83][safepoint      ] Safepoint "G1CollectForAllocation", Time since last: 372341800 ns, Reaching safepoint: 183800 ns, At safepoint: 7093500 ns, Total: 7277300 ns
[2022-05-19T09:58:15.658+0000][83][gc,start       ] GC(68) Pause Young (Concurrent Start) (G1 Evacuation Pause)
[2022-05-19T09:58:15.658+0000][83][gc,task        ] GC(68) Using 10 workers of 10 for evacuation
[2022-05-19T09:58:15.658+0000][83][gc,age         ] GC(68) Desired survivor size 6291456 bytes, new threshold 7 (max threshold 15)
[2022-05-19T09:58:15.661+0000][83][gc,age         ] GC(68) Age table with threshold 7 (max threshold 15)
[2022-05-19T09:58:15.662+0000][83][gc,age         ] GC(68) - age   1:     854576 bytes,     854576 total
[2022-05-19T09:58:15.662+0000][83][gc,age         ] GC(68) - age   2:     853456 bytes,    1708032 total
[2022-05-19T09:58:15.662+0000][83][gc,age         ] GC(68) - age   3:     950800 bytes,    2658832 total
[2022-05-19T09:58:15.662+0000][83][gc,age         ] GC(68) - age   4:     923792 bytes,    3582624 total
[2022-05-19T09:58:15.662+0000][83][gc,age         ] GC(68) - age   5:     917984 bytes,    4500608 total
[2022-05-19T09:58:15.663+0000][83][gc,age         ] GC(68) - age   6:     917952 bytes,    5418560 total
[2022-05-19T09:58:15.663+0000][83][gc,age         ] GC(68) - age   7:     983552 bytes,    6402112 total
[2022-05-19T09:58:15.663+0000][83][gc,phases      ] GC(68)   Pre Evacuate Collection Set: 0.3ms
[2022-05-19T09:58:15.663+0000][83][gc,phases      ] GC(68)   Merge Heap Roots: 0.2ms
[2022-05-19T09:58:15.664+0000][83][gc,phases      ] GC(68)   Evacuate Collection Set: 1.7ms
[2022-05-19T09:58:15.664+0000][83][gc,phases      ] GC(68)   Post Evacuate Collection Set: 0.7ms
[2022-05-19T09:58:15.664+0000][83][gc,phases      ] GC(68)   Other: 2.5ms
[2022-05-19T09:58:15.664+0000][83][gc,heap        ] GC(68) Eden regions: 15->0(15)
[2022-05-19T09:58:15.664+0000][83][gc,heap        ] GC(68) Survivor regions: 2->2(3)
[2022-05-19T09:58:15.665+0000][83][gc,heap        ] GC(68) Old regions: 44->44
[2022-05-19T09:58:15.665+0000][83][gc,heap        ] GC(68) Archive regions: 2->2
[2022-05-19T09:58:15.665+0000][83][gc,heap        ] GC(68) Humongous regions: 43->43
[2022-05-19T09:58:15.665+0000][83][gc,metaspace   ] GC(68) Metaspace: 98898K(100416K)->98898K(100416K) NonClass: 85110K(86016K)->85110K(86016K) Class: 13788K(14400K)->13788K(14400K)
[2022-05-19T09:58:15.666+0000][83][gc             ] GC(68) Pause Young (Concurrent Start) (G1 Evacuation Pause) 395M->336M(512M) 7.882ms
[2022-05-19T09:58:15.666+0000][83][gc,cpu         ] GC(68) User=0.01s Sys=0.01s Real=0.01s
[2022-05-19T09:58:15.666+0000][83][safepoint      ] Safepoint "G1CollectForAllocation", Time since last: 476968000 ns, Reaching safepoint: 230500 ns, At safepoint: 8500800 ns, Total: 8731300 ns
[2022-05-19T09:58:15.666+0000][83][gc             ] GC(69) Concurrent Mark Cycle
[2022-05-19T09:58:15.667+0000][83][gc,marking     ] GC(69) Concurrent Clear Claimed Marks
[2022-05-19T09:58:15.667+0000][83][gc,marking     ] GC(69) Concurrent Clear Claimed Marks 0.323ms
[2022-05-19T09:58:15.667+0000][83][gc,marking     ] GC(69) Concurrent Scan Root Regions
[2022-05-19T09:58:15.668+0000][83][gc,marking     ] GC(69) Concurrent Scan Root Regions 1.235ms
[2022-05-19T09:58:15.669+0000][83][gc,marking     ] GC(69) Concurrent Mark
[2022-05-19T09:58:15.669+0000][83][gc,marking     ] GC(69) Concurrent Mark From Roots
[2022-05-19T09:58:15.669+0000][83][gc,task        ] GC(69) Using 3 workers of 3 for marking
[2022-05-19T09:58:15.724+0000][83][gc,marking     ] GC(69) Concurrent Mark From Roots 54.869ms
[2022-05-19T09:58:15.724+0000][83][gc,marking     ] GC(69) Concurrent Preclean
[2022-05-19T09:58:15.725+0000][83][gc,marking     ] GC(69) Concurrent Preclean 0.664ms
[2022-05-19T09:58:15.725+0000][83][gc,start       ] GC(69) Pause Remark
[2022-05-19T09:58:15.728+0000][83][gc             ] GC(69) Pause Remark 341M->341M(512M) 2.685ms
[2022-05-19T09:58:15.728+0000][83][gc,cpu         ] GC(69) User=0.02s Sys=0.00s Real=0.00s
[2022-05-19T09:58:15.728+0000][83][safepoint      ] Safepoint "G1Concurrent", Time since last: 58768300 ns, Reaching safepoint: 307200 ns, At safepoint: 3125100 ns, Total: 3432300 ns
[2022-05-19T09:58:15.728+0000][83][gc,marking     ] GC(69) Concurrent Mark 59.870ms
[2022-05-19T09:58:15.729+0000][83][gc,marking     ] GC(69) Concurrent Rebuild Remembered Sets
[2022-05-19T09:58:15.747+0000][83][gc,marking     ] GC(69) Concurrent Rebuild Remembered Sets 18.554ms
[2022-05-19T09:58:15.748+0000][83][gc,start       ] GC(69) Pause Cleanup
[2022-05-19T09:58:15.748+0000][83][gc             ] GC(69) Pause Cleanup 343M->343M(512M) 0.377ms
[2022-05-19T09:58:15.748+0000][83][gc,cpu         ] GC(69) User=0.00s Sys=0.00s Real=0.00s
[2022-05-19T09:58:15.749+0000][83][safepoint      ] Safepoint "G1Concurrent", Time since last: 19180200 ns, Reaching safepoint: 259600 ns, At safepoint: 776300 ns, Total: 1035900 ns
[2022-05-19T09:58:15.749+0000][83][gc,marking     ] GC(69) Concurrent Cleanup for Next Mark
[2022-05-19T09:58:15.749+0000][83][gc,marking     ] GC(69) Concurrent Cleanup for Next Mark 0.321ms
[2022-05-19T09:58:15.749+0000][83][gc             ] GC(69) Concurrent Mark Cycle 83.037ms
[2022-05-19T09:58:16.157+0000][83][gc,start       ] GC(70) Pause Young (Normal) (G1 Evacuation Pause)
[2022-05-19T09:58:16.158+0000][83][gc,task        ] GC(70) Using 10 workers of 10 for evacuation
[2022-05-19T09:58:16.158+0000][83][gc,age         ] GC(70) Desired survivor size 6291456 bytes, new threshold 7 (max threshold 15)
[2022-05-19T09:58:16.161+0000][83][gc,age         ] GC(70) Age table with threshold 7 (max threshold 15)
[2022-05-19T09:58:16.161+0000][83][gc,age         ] GC(70) - age   1:     854080 bytes,     854080 total
[2022-05-19T09:58:16.161+0000][83][gc,age         ] GC(70) - age   2:     854032 bytes,    1708112 total
[2022-05-19T09:58:16.161+0000][83][gc,age         ] GC(70) - age   3:     852384 bytes,    2560496 total
[2022-05-19T09:58:16.161+0000][83][gc,age         ] GC(70) - age   4:     950800 bytes,    3511296 total
[2022-05-19T09:58:16.161+0000][83][gc,age         ] GC(70) - age   5:     923792 bytes,    4435088 total
[2022-05-19T09:58:16.162+0000][83][gc,age         ] GC(70) - age   6:     917984 bytes,    5353072 total
[2022-05-19T09:58:16.162+0000][83][gc,age         ] GC(70) - age   7:     917952 bytes,    6271024 total
[2022-05-19T09:58:16.162+0000][83][gc,phases      ] GC(70)   Pre Evacuate Collection Set: 0.3ms
[2022-05-19T09:58:16.162+0000][83][gc,phases      ] GC(70)   Merge Heap Roots: 0.2ms
[2022-05-19T09:58:16.162+0000][83][gc,phases      ] GC(70)   Evacuate Collection Set: 1.2ms
[2022-05-19T09:58:16.162+0000][83][gc,phases      ] GC(70)   Post Evacuate Collection Set: 0.7ms
[2022-05-19T09:58:16.163+0000][83][gc,phases      ] GC(70)   Other: 2.3ms
[2022-05-19T09:58:16.163+0000][83][gc,heap        ] GC(70) Eden regions: 15->0(15)
[2022-05-19T09:58:16.163+0000][83][gc,heap        ] GC(70) Survivor regions: 2->2(3)
[2022-05-19T09:58:16.163+0000][83][gc,heap        ] GC(70) Old regions: 44->44
[2022-05-19T09:58:16.163+0000][83][gc,heap        ] GC(70) Archive regions: 2->2
[2022-05-19T09:58:16.163+0000][83][gc,heap        ] GC(70) Humongous regions: 43->43
[2022-05-19T09:58:16.163+0000][83][gc,metaspace   ] GC(70) Metaspace: 98901K(100416K)->98901K(100416K) NonClass: 85112K(86016K)->85112K(86016K) Class: 13788K(14400K)->13788K(14400K)
[2022-05-19T09:58:16.164+0000][83][gc             ] GC(70) Pause Young (Normal) (G1 Evacuation Pause) 396M->336M(512M) 6.250ms
[2022-05-19T09:58:16.164+0000][83][gc,cpu         ] GC(70) User=0.01s Sys=0.00s Real=0.01s
[2022-05-19T09:58:16.164+0000][83][safepoint      ] Safepoint "G1CollectForAllocation", Time since last: 408529100 ns, Reaching safepoint: 200800 ns, At safepoint: 6557900 ns, Total: 6758700 ns
[2022-05-19T09:58:16.617+0000][83][gc,start       ] GC(71) Pause Young (Concurrent Start) (G1 Evacuation Pause)
[2022-05-19T09:58:16.617+0000][83][gc,task        ] GC(71) Using 10 workers of 10 for evacuation
[2022-05-19T09:58:16.617+0000][83][gc,age         ] GC(71) Desired survivor size 6291456 bytes, new threshold 15 (max threshold 15)
[2022-05-19T09:58:16.620+0000][83][gc,age         ] GC(71) Age table with threshold 15 (max threshold 15)
[2022-05-19T09:58:16.621+0000][83][gc,age         ] GC(71) - age   1:     854872 bytes,     854872 total
[2022-05-19T09:58:16.621+0000][83][gc,age         ] GC(71) - age   2:     853664 bytes,    1708536 total
[2022-05-19T09:58:16.621+0000][83][gc,age         ] GC(71) - age   3:     852448 bytes,    2560984 total
[2022-05-19T09:58:16.621+0000][83][gc,age         ] GC(71) - age   4:     852384 bytes,    3413368 total
[2022-05-19T09:58:16.622+0000][83][gc,age         ] GC(71) - age   5:     950768 bytes,    4364136 total
[2022-05-19T09:58:16.622+0000][83][gc,age         ] GC(71) - age   6:     923792 bytes,    5287928 total
[2022-05-19T09:58:16.622+0000][83][gc,age         ] GC(71) - age   7:     917984 bytes,    6205912 total
[2022-05-19T09:58:16.622+0000][83][gc,age         ] GC(71) - age   8:     917952 bytes,    7123864 total
[2022-05-19T09:58:16.622+0000][83][gc,phases      ] GC(71)   Pre Evacuate Collection Set: 0.2ms
[2022-05-19T09:58:16.623+0000][83][gc,phases      ] GC(71)   Merge Heap Roots: 0.1ms
[2022-05-19T09:58:16.623+0000][83][gc,phases      ] GC(71)   Evacuate Collection Set: 1.7ms
[2022-05-19T09:58:16.623+0000][83][gc,phases      ] GC(71)   Post Evacuate Collection Set: 0.7ms
[2022-05-19T09:58:16.623+0000][83][gc,phases      ] GC(71)   Other: 3.1ms
[2022-05-19T09:58:16.623+0000][83][gc,heap        ] GC(71) Eden regions: 15->0(15)
[2022-05-19T09:58:16.624+0000][83][gc,heap        ] GC(71) Survivor regions: 2->2(3)
[2022-05-19T09:58:16.624+0000][83][gc,heap        ] GC(71) Old regions: 44->44
[2022-05-19T09:58:16.624+0000][83][gc,heap        ] GC(71) Archive regions: 2->2
[2022-05-19T09:58:16.624+0000][83][gc,heap        ] GC(71) Humongous regions: 43->43
[2022-05-19T09:58:16.624+0000][83][gc,metaspace   ] GC(71) Metaspace: 98901K(100416K)->98901K(100416K) NonClass: 85112K(86016K)->85112K(86016K) Class: 13788K(14400K)->13788K(14400K)
[2022-05-19T09:58:16.624+0000][83][gc             ] GC(71) Pause Young (Concurrent Start) (G1 Evacuation Pause) 396M->337M(512M) 7.671ms
[2022-05-19T09:58:16.624+0000][83][gc,cpu         ] GC(71) User=0.00s Sys=0.01s Real=0.01s
[2022-05-19T09:58:16.625+0000][83][safepoint      ] Safepoint "G1CollectForAllocation", Time since last: 452656700 ns, Reaching safepoint: 175800 ns, At safepoint: 8011700 ns, Total: 8187500 ns
[2022-05-19T09:58:16.625+0000][83][gc             ] GC(72) Concurrent Mark Cycle
[2022-05-19T09:58:16.625+0000][83][gc,marking     ] GC(72) Concurrent Clear Claimed Marks
[2022-05-19T09:58:16.625+0000][83][gc,marking     ] GC(72) Concurrent Clear Claimed Marks 0.167ms
[2022-05-19T09:58:16.625+0000][83][gc,marking     ] GC(72) Concurrent Scan Root Regions
[2022-05-19T09:58:16.626+0000][83][gc,marking     ] GC(72) Concurrent Scan Root Regions 0.930ms
[2022-05-19T09:58:16.626+0000][83][gc,marking     ] GC(72) Concurrent Mark
[2022-05-19T09:58:16.626+0000][83][gc,marking     ] GC(72) Concurrent Mark From Roots
[2022-05-19T09:58:16.627+0000][83][gc,task        ] GC(72) Using 3 workers of 3 for marking
[2022-05-19T09:58:16.666+0000][83][gc,marking     ] GC(72) Concurrent Mark From Roots 39.651ms
[2022-05-19T09:58:16.666+0000][83][gc,marking     ] GC(72) Concurrent Preclean
[2022-05-19T09:58:16.667+0000][83][gc,marking     ] GC(72) Concurrent Preclean 0.662ms
[2022-05-19T09:58:16.668+0000][83][gc,start       ] GC(72) Pause Remark
[2022-05-19T09:58:16.671+0000][83][gc             ] GC(72) Pause Remark 342M->342M(512M) 3.184ms
[2022-05-19T09:58:16.671+0000][83][gc,cpu         ] GC(72) User=0.02s Sys=0.00s Real=0.01s
[2022-05-19T09:58:16.672+0000][83][safepoint      ] Safepoint "G1Concurrent", Time since last: 42738200 ns, Reaching safepoint: 319000 ns, At safepoint: 3788400 ns, Total: 4107400 ns
[2022-05-19T09:58:16.672+0000][83][gc,marking     ] GC(72) Concurrent Mark 45.466ms
[2022-05-19T09:58:16.672+0000][83][gc,marking     ] GC(72) Concurrent Rebuild Remembered Sets
[2022-05-19T09:58:16.696+0000][83][gc,marking     ] GC(72) Concurrent Rebuild Remembered Sets 24.400ms
[2022-05-19T09:58:16.697+0000][83][gc,start       ] GC(72) Pause Cleanup
[2022-05-19T09:58:16.697+0000][83][gc             ] GC(72) Pause Cleanup 345M->345M(512M) 0.419ms
[2022-05-19T09:58:16.698+0000][83][gc,cpu         ] GC(72) User=0.00s Sys=0.00s Real=0.00s
[2022-05-19T09:58:16.698+0000][83][safepoint      ] Safepoint "G1Concurrent", Time since last: 25198200 ns, Reaching safepoint: 322900 ns, At safepoint: 836300 ns, Total: 1159200 ns
[2022-05-19T09:58:16.698+0000][83][gc,marking     ] GC(72) Concurrent Cleanup for Next Mark
[2022-05-19T09:58:16.699+0000][83][gc,marking     ] GC(72) Concurrent Cleanup for Next Mark 0.569ms
[2022-05-19T09:58:16.699+0000][83][gc             ] GC(72) Concurrent Mark Cycle 74.396ms
[2022-05-19T09:58:17.147+0000][83][gc,start       ] GC(73) Pause Young (Normal) (G1 Evacuation Pause)
[2022-05-19T09:58:17.147+0000][83][gc,task        ] GC(73) Using 10 workers of 10 for evacuation
[2022-05-19T09:58:17.148+0000][83][gc,age         ] GC(73) Desired survivor size 6291456 bytes, new threshold 8 (max threshold 15)
[2022-05-19T09:58:17.150+0000][83][gc,age         ] GC(73) Age table with threshold 8 (max threshold 15)
[2022-05-19T09:58:17.151+0000][83][gc,age         ] GC(73) - age   1:     961072 bytes,     961072 total
[2022-05-19T09:58:17.151+0000][83][gc,age         ] GC(73) - age   2:     854472 bytes,    1815544 total
[2022-05-19T09:58:17.151+0000][83][gc,age         ] GC(73) - age   3:     852568 bytes,    2668112 total
[2022-05-19T09:58:17.151+0000][83][gc,age         ] GC(73) - age   4:     852448 bytes,    3520560 total
[2022-05-19T09:58:17.151+0000][83][gc,age         ] GC(73) - age   5:     852384 bytes,    4372944 total
[2022-05-19T09:58:17.152+0000][83][gc,age         ] GC(73) - age   6:     950768 bytes,    5323712 total
[2022-05-19T09:58:17.152+0000][83][gc,age         ] GC(73) - age   7:     917952 bytes,    6241664 total
[2022-05-19T09:58:17.152+0000][83][gc,age         ] GC(73) - age   8:     917984 bytes,    7159648 total
[2022-05-19T09:58:17.152+0000][83][gc,phases      ] GC(73)   Pre Evacuate Collection Set: 0.2ms
[2022-05-19T09:58:17.152+0000][83][gc,phases      ] GC(73)   Merge Heap Roots: 0.2ms
[2022-05-19T09:58:17.153+0000][83][gc,phases      ] GC(73)   Evacuate Collection Set: 1.5ms
[2022-05-19T09:58:17.153+0000][83][gc,phases      ] GC(73)   Post Evacuate Collection Set: 0.8ms
[2022-05-19T09:58:17.153+0000][83][gc,phases      ] GC(73)   Other: 2.6ms
[2022-05-19T09:58:17.153+0000][83][gc,heap        ] GC(73) Eden regions: 15->0(15)
[2022-05-19T09:58:17.153+0000][83][gc,heap        ] GC(73) Survivor regions: 2->2(3)
[2022-05-19T09:58:17.153+0000][83][gc,heap        ] GC(73) Old regions: 44->44
[2022-05-19T09:58:17.153+0000][83][gc,heap        ] GC(73) Archive regions: 2->2
[2022-05-19T09:58:17.153+0000][83][gc,heap        ] GC(73) Humongous regions: 43->43
[2022-05-19T09:58:17.154+0000][83][gc,metaspace   ] GC(73) Metaspace: 99092K(100544K)->99092K(100544K) NonClass: 85273K(86144K)->85273K(86144K) Class: 13819K(14400K)->13819K(14400K)
[2022-05-19T09:58:17.154+0000][83][gc             ] GC(73) Pause Young (Normal) (G1 Evacuation Pause) 397M->338M(512M) 6.647ms
[2022-05-19T09:58:17.154+0000][83][gc,cpu         ] GC(73) User=0.01s Sys=0.00s Real=0.01s
[2022-05-19T09:58:17.154+0000][83][safepoint      ] Safepoint "G1CollectForAllocation", Time since last: 449009800 ns, Reaching safepoint: 186700 ns, At safepoint: 7083000 ns, Total: 7269700 ns
[2022-05-19T09:58:17.612+0000][83][gc,start       ] GC(74) Pause Young (Concurrent Start) (G1 Evacuation Pause)
[2022-05-19T09:58:17.612+0000][83][gc,task        ] GC(74) Using 10 workers of 10 for evacuation
[2022-05-19T09:58:17.612+0000][83][gc,age         ] GC(74) Desired survivor size 6291456 bytes, new threshold 8 (max threshold 15)
[2022-05-19T09:58:17.615+0000][83][gc,age         ] GC(74) Age table with threshold 8 (max threshold 15)
[2022-05-19T09:58:17.616+0000][83][gc,age         ] GC(74) - age   1:     821608 bytes,     821608 total
[2022-05-19T09:58:17.616+0000][83][gc,age         ] GC(74) - age   2:     960000 bytes,    1781608 total
[2022-05-19T09:58:17.616+0000][83][gc,age         ] GC(74) - age   3:     852888 bytes,    2634496 total
[2022-05-19T09:58:17.616+0000][83][gc,age         ] GC(74) - age   4:     852568 bytes,    3487064 total
[2022-05-19T09:58:17.616+0000][83][gc,age         ] GC(74) - age   5:     852416 bytes,    4339480 total
[2022-05-19T09:58:17.617+0000][83][gc,age         ] GC(74) - age   6:     852384 bytes,    5191864 total
[2022-05-19T09:58:17.617+0000][83][gc,age         ] GC(74) - age   7:     950768 bytes,    6142632 total
[2022-05-19T09:58:17.617+0000][83][gc,age         ] GC(74) - age   8:     917952 bytes,    7060584 total
[2022-05-19T09:58:17.617+0000][83][gc,phases      ] GC(74)   Pre Evacuate Collection Set: 0.2ms
[2022-05-19T09:58:17.617+0000][83][gc,phases      ] GC(74)   Merge Heap Roots: 0.2ms
[2022-05-19T09:58:17.618+0000][83][gc,phases      ] GC(74)   Evacuate Collection Set: 1.6ms
[2022-05-19T09:58:17.618+0000][83][gc,phases      ] GC(74)   Post Evacuate Collection Set: 0.7ms
[2022-05-19T09:58:17.618+0000][83][gc,phases      ] GC(74)   Other: 2.9ms
[2022-05-19T09:58:17.618+0000][83][gc,heap        ] GC(74) Eden regions: 15->0(14)
[2022-05-19T09:58:17.618+0000][83][gc,heap        ] GC(74) Survivor regions: 2->2(3)
[2022-05-19T09:58:17.618+0000][83][gc,heap        ] GC(74) Old regions: 44->45
[2022-05-19T09:58:17.618+0000][83][gc,heap        ] GC(74) Archive regions: 2->2
[2022-05-19T09:58:17.618+0000][83][gc,heap        ] GC(74) Humongous regions: 43->43
[2022-05-19T09:58:17.619+0000][83][gc,metaspace   ] GC(74) Metaspace: 99092K(100544K)->99092K(100544K) NonClass: 85273K(86144K)->85273K(86144K) Class: 13819K(14400K)->13819K(14400K)
[2022-05-19T09:58:17.619+0000][83][gc             ] GC(74) Pause Young (Concurrent Start) (G1 Evacuation Pause) 398M->339M(512M) 7.120ms
[2022-05-19T09:58:17.619+0000][83][gc,cpu         ] GC(74) User=0.02s Sys=0.00s Real=0.00s
[2022-05-19T09:58:17.619+0000][83][safepoint      ] Safepoint "G1CollectForAllocation", Time since last: 457187200 ns, Reaching safepoint: 256600 ns, At safepoint: 7487000 ns, Total: 7743600 ns
[2022-05-19T09:58:17.619+0000][83][gc             ] GC(75) Concurrent Mark Cycle
[2022-05-19T09:58:17.619+0000][83][gc,marking     ] GC(75) Concurrent Clear Claimed Marks
[2022-05-19T09:58:17.619+0000][83][gc,marking     ] GC(75) Concurrent Clear Claimed Marks 0.160ms
[2022-05-19T09:58:17.620+0000][83][gc,marking     ] GC(75) Concurrent Scan Root Regions
[2022-05-19T09:58:17.621+0000][83][gc,marking     ] GC(75) Concurrent Scan Root Regions 0.982ms
[2022-05-19T09:58:17.621+0000][83][gc,marking     ] GC(75) Concurrent Mark
[2022-05-19T09:58:17.621+0000][83][gc,marking     ] GC(75) Concurrent Mark From Roots
[2022-05-19T09:58:17.621+0000][83][gc,task        ] GC(75) Using 3 workers of 3 for marking
[2022-05-19T09:58:17.666+0000][83][gc,marking     ] GC(75) Concurrent Mark From Roots 45.089ms
[2022-05-19T09:58:17.666+0000][83][gc,marking     ] GC(75) Concurrent Preclean
[2022-05-19T09:58:17.667+0000][83][gc,marking     ] GC(75) Concurrent Preclean 0.668ms
[2022-05-19T09:58:17.667+0000][83][gc,start       ] GC(75) Pause Remark
[2022-05-19T09:58:17.670+0000][83][gc             ] GC(75) Pause Remark 345M->345M(512M) 2.747ms
[2022-05-19T09:58:17.670+0000][83][gc,cpu         ] GC(75) User=0.01s Sys=0.00s Real=0.01s
[2022-05-19T09:58:17.671+0000][83][safepoint      ] Safepoint "G1Concurrent", Time since last: 48025700 ns, Reaching safepoint: 307300 ns, At safepoint: 3142500 ns, Total: 3449800 ns
[2022-05-19T09:58:17.671+0000][83][gc,marking     ] GC(75) Concurrent Mark 50.010ms
[2022-05-19T09:58:17.671+0000][83][gc,marking     ] GC(75) Concurrent Rebuild Remembered Sets
[2022-05-19T09:58:17.695+0000][83][gc,marking     ] GC(75) Concurrent Rebuild Remembered Sets 23.761ms
[2022-05-19T09:58:17.695+0000][83][gc,start       ] GC(75) Pause Cleanup
[2022-05-19T09:58:17.696+0000][83][gc             ] GC(75) Pause Cleanup 348M->348M(512M) 0.432ms
[2022-05-19T09:58:17.696+0000][83][gc,cpu         ] GC(75) User=0.00s Sys=0.00s Real=0.00s
[2022-05-19T09:58:17.696+0000][83][safepoint      ] Safepoint "G1Concurrent", Time since last: 24411200 ns, Reaching safepoint: 298300 ns, At safepoint: 926600 ns, Total: 1224900 ns
[2022-05-19T09:58:17.696+0000][83][gc,marking     ] GC(75) Concurrent Cleanup for Next Mark
[2022-05-19T09:58:17.697+0000][83][gc,marking     ] GC(75) Concurrent Cleanup for Next Mark 0.440ms
[2022-05-19T09:58:17.697+0000][83][gc             ] GC(75) Concurrent Mark Cycle 77.953ms
[2022-05-19T09:58:18.065+0000][83][gc,start       ] GC(76) Pause Young (Normal) (G1 Evacuation Pause)
[2022-05-19T09:58:18.066+0000][83][gc,task        ] GC(76) Using 10 workers of 10 for evacuation
[2022-05-19T09:58:18.066+0000][83][gc,age         ] GC(76) Desired survivor size 4194304 bytes, new threshold 5 (max threshold 15)
[2022-05-19T09:58:18.069+0000][83][gc,age         ] GC(76) Age table with threshold 5 (max threshold 15)
[2022-05-19T09:58:18.069+0000][83][gc,age         ] GC(76) - age   1:     788312 bytes,     788312 total
[2022-05-19T09:58:18.070+0000][83][gc,age         ] GC(76) - age   2:     821280 bytes,    1609592 total
[2022-05-19T09:58:18.070+0000][83][gc,age         ] GC(76) - age   3:     959120 bytes,    2568712 total
[2022-05-19T09:58:18.070+0000][83][gc,age         ] GC(76) - age   4:     852888 bytes,    3421600 total
[2022-05-19T09:58:18.070+0000][83][gc,age         ] GC(76) - age   5:     852568 bytes,    4274168 total
[2022-05-19T09:58:18.071+0000][83][gc,phases      ] GC(76)   Pre Evacuate Collection Set: 0.2ms
[2022-05-19T09:58:18.071+0000][83][gc,phases      ] GC(76)   Merge Heap Roots: 0.2ms
[2022-05-19T09:58:18.071+0000][83][gc,phases      ] GC(76)   Evacuate Collection Set: 1.5ms
[2022-05-19T09:58:18.071+0000][83][gc,phases      ] GC(76)   Post Evacuate Collection Set: 0.7ms
[2022-05-19T09:58:18.071+0000][83][gc,phases      ] GC(76)   Other: 2.6ms
[2022-05-19T09:58:18.071+0000][83][gc,heap        ] GC(76) Eden regions: 14->0(13)
[2022-05-19T09:58:18.071+0000][83][gc,heap        ] GC(76) Survivor regions: 2->2(2)
[2022-05-19T09:58:18.072+0000][83][gc,heap        ] GC(76) Old regions: 45->46
[2022-05-19T09:58:18.072+0000][83][gc,heap        ] GC(76) Archive regions: 2->2
[2022-05-19T09:58:18.072+0000][83][gc,heap        ] GC(76) Humongous regions: 43->43
[2022-05-19T09:58:18.072+0000][83][gc,metaspace   ] GC(76) Metaspace: 99094K(100544K)->99094K(100544K) NonClass: 85275K(86144K)->85275K(86144K) Class: 13819K(14400K)->13819K(14400K)
[2022-05-19T09:58:18.072+0000][83][gc             ] GC(76) Pause Young (Normal) (G1 Evacuation Pause) 395M->340M(512M) 6.683ms
[2022-05-19T09:58:18.072+0000][83][gc,cpu         ] GC(76) User=0.01s Sys=0.01s Real=0.01s
[2022-05-19T09:58:18.072+0000][83][safepoint      ] Safepoint "G1CollectForAllocation", Time since last: 368916600 ns, Reaching safepoint: 287500 ns, At safepoint: 7037900 ns, Total: 7325400 ns
[2022-05-19T09:58:18.481+0000][83][gc,start       ] GC(77) Pause Young (Concurrent Start) (G1 Evacuation Pause)
[2022-05-19T09:58:18.481+0000][83][gc,task        ] GC(77) Using 10 workers of 10 for evacuation
[2022-05-19T09:58:18.481+0000][83][gc,age         ] GC(77) Desired survivor size 4194304 bytes, new threshold 5 (max threshold 15)
[2022-05-19T09:58:18.484+0000][83][gc,age         ] GC(77) Age table with threshold 5 (max threshold 15)
[2022-05-19T09:58:18.484+0000][83][gc,age         ] GC(77) - age   1:     723184 bytes,     723184 total
[2022-05-19T09:58:18.485+0000][83][gc,age         ] GC(77) - age   2:     787936 bytes,    1511120 total
[2022-05-19T09:58:18.485+0000][83][gc,age         ] GC(77) - age   3:     820064 bytes,    2331184 total
[2022-05-19T09:58:18.485+0000][83][gc,age         ] GC(77) - age   4:     958928 bytes,    3290112 total
[2022-05-19T09:58:18.485+0000][83][gc,age         ] GC(77) - age   5:     852888 bytes,    4143000 total
[2022-05-19T09:58:18.485+0000][83][gc,phases      ] GC(77)   Pre Evacuate Collection Set: 0.3ms
[2022-05-19T09:58:18.485+0000][83][gc,phases      ] GC(77)   Merge Heap Roots: 0.2ms
[2022-05-19T09:58:18.485+0000][83][gc,phases      ] GC(77)   Evacuate Collection Set: 1.5ms
[2022-05-19T09:58:18.486+0000][83][gc,phases      ] GC(77)   Post Evacuate Collection Set: 0.6ms
[2022-05-19T09:58:18.486+0000][83][gc,phases      ] GC(77)   Other: 1.9ms
[2022-05-19T09:58:18.486+0000][83][gc,heap        ] GC(77) Eden regions: 13->0(15)
[2022-05-19T09:58:18.486+0000][83][gc,heap        ] GC(77) Survivor regions: 2->1(2)
[2022-05-19T09:58:18.486+0000][83][gc,heap        ] GC(77) Old regions: 46->46
[2022-05-19T09:58:18.486+0000][83][gc,heap        ] GC(77) Archive regions: 2->2
[2022-05-19T09:58:18.486+0000][83][gc,heap        ] GC(77) Humongous regions: 43->43
[2022-05-19T09:58:18.487+0000][83][gc,metaspace   ] GC(77) Metaspace: 99095K(100544K)->99095K(100544K) NonClass: 85276K(86144K)->85276K(86144K) Class: 13819K(14400K)->13819K(14400K)
[2022-05-19T09:58:18.487+0000][83][gc             ] GC(77) Pause Young (Concurrent Start) (G1 Evacuation Pause) 392M->340M(512M) 6.079ms
[2022-05-19T09:58:18.487+0000][83][gc,cpu         ] GC(77) User=0.01s Sys=0.00s Real=0.00s
[2022-05-19T09:58:18.487+0000][83][gc             ] GC(78) Concurrent Mark Cycle
[2022-05-19T09:58:18.487+0000][83][gc,marking     ] GC(78) Concurrent Clear Claimed Marks
[2022-05-19T09:58:18.487+0000][83][safepoint      ] Safepoint "G1CollectForAllocation", Time since last: 407989600 ns, Reaching safepoint: 183900 ns, At safepoint: 6392300 ns, Total: 6576200 ns
[2022-05-19T09:58:18.487+0000][83][gc,marking     ] GC(78) Concurrent Clear Claimed Marks 0.205ms
[2022-05-19T09:58:18.488+0000][83][gc,marking     ] GC(78) Concurrent Scan Root Regions
[2022-05-19T09:58:18.488+0000][83][gc,marking     ] GC(78) Concurrent Scan Root Regions 0.836ms
[2022-05-19T09:58:18.488+0000][83][gc,marking     ] GC(78) Concurrent Mark
[2022-05-19T09:58:18.489+0000][83][gc,marking     ] GC(78) Concurrent Mark From Roots
[2022-05-19T09:58:18.489+0000][83][gc,task        ] GC(78) Using 3 workers of 3 for marking
[2022-05-19T09:58:18.534+0000][83][gc,marking     ] GC(78) Concurrent Mark From Roots 45.732ms
[2022-05-19T09:58:18.535+0000][83][gc,marking     ] GC(78) Concurrent Preclean
[2022-05-19T09:58:18.535+0000][83][gc,marking     ] GC(78) Concurrent Preclean 0.607ms
[2022-05-19T09:58:18.536+0000][83][gc,start       ] GC(78) Pause Remark
[2022-05-19T09:58:18.539+0000][83][gc             ] GC(78) Pause Remark 344M->344M(512M) 2.878ms
[2022-05-19T09:58:18.539+0000][83][gc,cpu         ] GC(78) User=0.02s Sys=0.00s Real=0.00s
[2022-05-19T09:58:18.539+0000][83][safepoint      ] Safepoint "G1Concurrent", Time since last: 48528900 ns, Reaching safepoint: 272600 ns, At safepoint: 3402200 ns, Total: 3674800 ns
[2022-05-19T09:58:18.539+0000][83][gc,marking     ] GC(78) Concurrent Mark 50.914ms
[2022-05-19T09:58:18.540+0000][83][gc,marking     ] GC(78) Concurrent Rebuild Remembered Sets
[2022-05-19T09:58:18.563+0000][83][gc,marking     ] GC(78) Concurrent Rebuild Remembered Sets 23.102ms
[2022-05-19T09:58:18.563+0000][83][gc,start       ] GC(78) Pause Cleanup
[2022-05-19T09:58:18.564+0000][83][gc             ] GC(78) Pause Cleanup 347M->347M(512M) 0.400ms
[2022-05-19T09:58:18.564+0000][83][gc,cpu         ] GC(78) User=0.00s Sys=0.00s Real=0.00s
[2022-05-19T09:58:18.564+0000][83][safepoint      ] Safepoint "G1Concurrent", Time since last: 23857800 ns, Reaching safepoint: 272400 ns, At safepoint: 829100 ns, Total: 1101500 ns
[2022-05-19T09:58:18.564+0000][83][gc,marking     ] GC(78) Concurrent Cleanup for Next Mark
[2022-05-19T09:58:18.565+0000][83][gc,marking     ] GC(78) Concurrent Cleanup for Next Mark 0.446ms
[2022-05-19T09:58:18.565+0000][83][gc             ] GC(78) Concurrent Mark Cycle 78.227ms
[2022-05-19T09:58:18.975+0000][83][gc,start       ] GC(79) Pause Young (Normal) (G1 Evacuation Pause)
[2022-05-19T09:58:18.975+0000][83][gc,task        ] GC(79) Using 10 workers of 10 for evacuation
[2022-05-19T09:58:18.976+0000][83][gc,age         ] GC(79) Desired survivor size 4194304 bytes, new threshold 15 (max threshold 15)
[2022-05-19T09:58:18.978+0000][83][gc,age         ] GC(79) Age table with threshold 15 (max threshold 15)
[2022-05-19T09:58:18.978+0000][83][gc,age         ] GC(79) - age   1:     844120 bytes,     844120 total
[2022-05-19T09:58:18.978+0000][83][gc,age         ] GC(79) - age   2:     722656 bytes,    1566776 total
[2022-05-19T09:58:18.978+0000][83][gc,age         ] GC(79) - age   3:     787032 bytes,    2353808 total
[2022-05-19T09:58:18.978+0000][83][gc,age         ] GC(79) - age   4:     819696 bytes,    3173504 total
[2022-05-19T09:58:18.978+0000][83][gc,age         ] GC(79) - age   5:     958704 bytes,    4132208 total
[2022-05-19T09:58:18.978+0000][83][gc,age         ] GC(79) - age   6:     852856 bytes,    4985064 total
[2022-05-19T09:58:18.979+0000][83][gc,phases      ] GC(79)   Pre Evacuate Collection Set: 0.2ms
[2022-05-19T09:58:18.979+0000][83][gc,phases      ] GC(79)   Merge Heap Roots: 0.1ms
[2022-05-19T09:58:18.979+0000][83][gc,phases      ] GC(79)   Evacuate Collection Set: 1.1ms
[2022-05-19T09:58:18.979+0000][83][gc,phases      ] GC(79)   Post Evacuate Collection Set: 0.7ms
[2022-05-19T09:58:18.979+0000][83][gc,phases      ] GC(79)   Other: 1.4ms
[2022-05-19T09:58:18.979+0000][83][gc,heap        ] GC(79) Eden regions: 15->0(13)
[2022-05-19T09:58:18.979+0000][83][gc,heap        ] GC(79) Survivor regions: 1->2(2)
[2022-05-19T09:58:18.979+0000][83][gc,heap        ] GC(79) Old regions: 46->46
[2022-05-19T09:58:18.979+0000][83][gc,heap        ] GC(79) Archive regions: 2->2
[2022-05-19T09:58:18.980+0000][83][gc,heap        ] GC(79) Humongous regions: 43->43
[2022-05-19T09:58:18.980+0000][83][gc,metaspace   ] GC(79) Metaspace: 99206K(100736K)->99206K(100736K) NonClass: 85365K(86272K)->85365K(86272K) Class: 13840K(14464K)->13840K(14464K)
[2022-05-19T09:58:18.980+0000][83][gc             ] GC(79) Pause Young (Normal) (G1 Evacuation Pause) 400M->341M(512M) 4.577ms
[2022-05-19T09:58:18.980+0000][83][gc,cpu         ] GC(79) User=0.03s Sys=0.00s Real=0.01s
[2022-05-19T09:58:18.980+0000][83][safepoint      ] Safepoint "G1CollectForAllocation", Time since last: 410796600 ns, Reaching safepoint: 186900 ns, At safepoint: 4825600 ns, Total: 5012500 ns
[2022-05-19T09:58:19.395+0000][83][gc,start       ] GC(80) Pause Young (Concurrent Start) (G1 Evacuation Pause)
[2022-05-19T09:58:19.396+0000][83][gc,task        ] GC(80) Using 10 workers of 10 for evacuation
[2022-05-19T09:58:19.396+0000][83][gc,age         ] GC(80) Desired survivor size 4194304 bytes, new threshold 6 (max threshold 15)
[2022-05-19T09:58:19.399+0000][83][gc,age         ] GC(80) Age table with threshold 6 (max threshold 15)
[2022-05-19T09:58:19.399+0000][83][gc,age         ] GC(80) - age   1:     880904 bytes,     880904 total
[2022-05-19T09:58:19.399+0000][83][gc,age         ] GC(80) - age   2:     842416 bytes,    1723320 total
[2022-05-19T09:58:19.399+0000][83][gc,age         ] GC(80) - age   3:     721304 bytes,    2444624 total
[2022-05-19T09:58:19.399+0000][83][gc,age         ] GC(80) - age   4:     787032 bytes,    3231656 total
[2022-05-19T09:58:19.400+0000][83][gc,age         ] GC(80) - age   5:     819696 bytes,    4051352 total
[2022-05-19T09:58:19.400+0000][83][gc,age         ] GC(80) - age   6:     958704 bytes,    5010056 total
[2022-05-19T09:58:19.400+0000][83][gc,phases      ] GC(80)   Pre Evacuate Collection Set: 0.2ms
[2022-05-19T09:58:19.400+0000][83][gc,phases      ] GC(80)   Merge Heap Roots: 0.2ms
[2022-05-19T09:58:19.400+0000][83][gc,phases      ] GC(80)   Evacuate Collection Set: 1.5ms
[2022-05-19T09:58:19.400+0000][83][gc,phases      ] GC(80)   Post Evacuate Collection Set: 0.7ms
[2022-05-19T09:58:19.401+0000][83][gc,phases      ] GC(80)   Other: 2.0ms
[2022-05-19T09:58:19.401+0000][83][gc,heap        ] GC(80) Eden regions: 13->0(13)
[2022-05-19T09:58:19.401+0000][83][gc,heap        ] GC(80) Survivor regions: 2->2(2)
[2022-05-19T09:58:19.401+0000][83][gc,heap        ] GC(80) Old regions: 46->46
[2022-05-19T09:58:19.401+0000][83][gc,heap        ] GC(80) Archive regions: 2->2
[2022-05-19T09:58:19.401+0000][83][gc,heap        ] GC(80) Humongous regions: 43->43
[2022-05-19T09:58:19.402+0000][83][gc,metaspace   ] GC(80) Metaspace: 99474K(100928K)->99474K(100928K) NonClass: 85598K(86464K)->85598K(86464K) Class: 13876K(14464K)->13876K(14464K)
[2022-05-19T09:58:19.402+0000][83][gc             ] GC(80) Pause Young (Concurrent Start) (G1 Evacuation Pause) 393M->342M(512M) 6.508ms
[2022-05-19T09:58:19.402+0000][83][gc,cpu         ] GC(80) User=0.02s Sys=0.01s Real=0.01s
[2022-05-19T09:58:19.402+0000][83][gc             ] GC(81) Concurrent Mark Cycle
[2022-05-19T09:58:19.402+0000][83][gc,marking     ] GC(81) Concurrent Clear Claimed Marks
[2022-05-19T09:58:19.402+0000][83][safepoint      ] Safepoint "G1CollectForAllocation", Time since last: 415013700 ns, Reaching safepoint: 268200 ns, At safepoint: 6939400 ns, Total: 7207600 ns
[2022-05-19T09:58:19.403+0000][83][gc,marking     ] GC(81) Concurrent Clear Claimed Marks 0.231ms
[2022-05-19T09:58:19.403+0000][83][gc,marking     ] GC(81) Concurrent Scan Root Regions
[2022-05-19T09:58:19.404+0000][83][gc,marking     ] GC(81) Concurrent Scan Root Regions 1.072ms
[2022-05-19T09:58:19.404+0000][83][gc,marking     ] GC(81) Concurrent Mark
[2022-05-19T09:58:19.404+0000][83][gc,marking     ] GC(81) Concurrent Mark From Roots
[2022-05-19T09:58:19.404+0000][83][gc,task        ] GC(81) Using 3 workers of 3 for marking
[2022-05-19T09:58:19.449+0000][83][gc,marking     ] GC(81) Concurrent Mark From Roots 44.834ms
[2022-05-19T09:58:19.449+0000][83][gc,marking     ] GC(81) Concurrent Preclean
[2022-05-19T09:58:19.450+0000][83][gc,marking     ] GC(81) Concurrent Preclean 0.564ms
[2022-05-19T09:58:19.450+0000][83][gc,start       ] GC(81) Pause Remark
[2022-05-19T09:58:19.453+0000][83][gc             ] GC(81) Pause Remark 347M->347M(512M) 2.546ms
[2022-05-19T09:58:19.453+0000][83][gc,cpu         ] GC(81) User=0.02s Sys=0.00s Real=0.00s
[2022-05-19T09:58:19.453+0000][83][safepoint      ] Safepoint "G1Concurrent", Time since last: 47945100 ns, Reaching safepoint: 290500 ns, At safepoint: 2910700 ns, Total: 3201200 ns
[2022-05-19T09:58:19.454+0000][83][gc,marking     ] GC(81) Concurrent Mark 49.427ms
[2022-05-19T09:58:19.454+0000][83][gc,marking     ] GC(81) Concurrent Rebuild Remembered Sets
[2022-05-19T09:58:19.474+0000][83][gc,marking     ] GC(81) Concurrent Rebuild Remembered Sets 20.763ms
[2022-05-19T09:58:19.475+0000][83][gc,start       ] GC(81) Pause Cleanup
[2022-05-19T09:58:19.475+0000][83][gc             ] GC(81) Pause Cleanup 349M->349M(512M) 0.431ms
[2022-05-19T09:58:19.476+0000][83][gc,cpu         ] GC(81) User=0.00s Sys=0.00s Real=0.00s
[2022-05-19T09:58:19.476+0000][83][safepoint      ] Safepoint "G1Concurrent", Time since last: 21361800 ns, Reaching safepoint: 316000 ns, At safepoint: 890200 ns, Total: 1206200 ns
[2022-05-19T09:58:19.476+0000][83][gc,marking     ] GC(81) Concurrent Cleanup for Next Mark
[2022-05-19T09:58:19.476+0000][83][gc,marking     ] GC(81) Concurrent Cleanup for Next Mark 0.338ms
[2022-05-19T09:58:19.477+0000][83][gc             ] GC(81) Concurrent Mark Cycle 74.531ms
[2022-05-19T09:58:19.831+0000][83][gc,start       ] GC(82) Pause Young (Normal) (G1 Evacuation Pause)
[2022-05-19T09:58:19.831+0000][83][gc,task        ] GC(82) Using 10 workers of 10 for evacuation
[2022-05-19T09:58:19.832+0000][83][gc,age         ] GC(82) Desired survivor size 4194304 bytes, new threshold 6 (max threshold 15)
[2022-05-19T09:58:19.834+0000][83][gc,age         ] GC(82) Age table with threshold 6 (max threshold 15)
[2022-05-19T09:58:19.835+0000][83][gc,age         ] GC(82) - age   1:     723144 bytes,     723144 total
[2022-05-19T09:58:19.835+0000][83][gc,age         ] GC(82) - age   2:     878336 bytes,    1601480 total
[2022-05-19T09:58:19.835+0000][83][gc,age         ] GC(82) - age   3:     841168 bytes,    2442648 total
[2022-05-19T09:58:19.835+0000][83][gc,age         ] GC(82) - age   4:     721248 bytes,    3163896 total
[2022-05-19T09:58:19.835+0000][83][gc,age         ] GC(82) - age   5:     787032 bytes,    3950928 total
[2022-05-19T09:58:19.835+0000][83][gc,age         ] GC(82) - age   6:     819664 bytes,    4770592 total
[2022-05-19T09:58:19.836+0000][83][gc,phases      ] GC(82)   Pre Evacuate Collection Set: 0.2ms
[2022-05-19T09:58:19.836+0000][83][gc,phases      ] GC(82)   Merge Heap Roots: 0.2ms
[2022-05-19T09:58:19.836+0000][83][gc,phases      ] GC(82)   Evacuate Collection Set: 1.2ms
[2022-05-19T09:58:19.836+0000][83][gc,phases      ] GC(82)   Post Evacuate Collection Set: 0.8ms
[2022-05-19T09:58:19.836+0000][83][gc,phases      ] GC(82)   Other: 2.2ms
[2022-05-19T09:58:19.836+0000][83][gc,heap        ] GC(82) Eden regions: 13->0(13)
[2022-05-19T09:58:19.836+0000][83][gc,heap        ] GC(82) Survivor regions: 2->2(2)
[2022-05-19T09:58:19.837+0000][83][gc,heap        ] GC(82) Old regions: 46->46
[2022-05-19T09:58:19.837+0000][83][gc,heap        ] GC(82) Archive regions: 2->2
[2022-05-19T09:58:19.837+0000][83][gc,heap        ] GC(82) Humongous regions: 43->43
[2022-05-19T09:58:19.837+0000][83][gc,metaspace   ] GC(82) Metaspace: 99474K(100928K)->99474K(100928K) NonClass: 85598K(86464K)->85598K(86464K) Class: 13876K(14464K)->13876K(14464K)
[2022-05-19T09:58:19.837+0000][83][gc             ] GC(82) Pause Young (Normal) (G1 Evacuation Pause) 394M->343M(512M) 6.141ms
[2022-05-19T09:58:19.837+0000][83][gc,cpu         ] GC(82) User=0.01s Sys=0.00s Real=0.00s
[2022-05-19T09:58:19.837+0000][83][safepoint      ] Safepoint "G1CollectForAllocation", Time since last: 354887500 ns, Reaching safepoint: 194700 ns, At safepoint: 6456100 ns, Total: 6650800 ns
[2022-05-19T09:58:20.227+0000][83][gc,start       ] GC(83) Pause Young (Concurrent Start) (G1 Evacuation Pause)
[2022-05-19T09:58:20.227+0000][83][gc,task        ] GC(83) Using 10 workers of 10 for evacuation
[2022-05-19T09:58:20.227+0000][83][gc,age         ] GC(83) Desired survivor size 4194304 bytes, new threshold 6 (max threshold 15)
[2022-05-19T09:58:20.230+0000][83][gc,age         ] GC(83) Age table with threshold 6 (max threshold 15)
[2022-05-19T09:58:20.231+0000][83][gc,age         ] GC(83) - age   1:     806024 bytes,     806024 total
[2022-05-19T09:58:20.231+0000][83][gc,age         ] GC(83) - age   2:     722760 bytes,    1528784 total
[2022-05-19T09:58:20.231+0000][83][gc,age         ] GC(83) - age   3:     876232 bytes,    2405016 total
[2022-05-19T09:58:20.231+0000][83][gc,age         ] GC(83) - age   4:     841136 bytes,    3246152 total
[2022-05-19T09:58:20.231+0000][83][gc,age         ] GC(83) - age   5:     721248 bytes,    3967400 total
[2022-05-19T09:58:20.232+0000][83][gc,age         ] GC(83) - age   6:     787000 bytes,    4754400 total
[2022-05-19T09:58:20.232+0000][83][gc,phases      ] GC(83)   Pre Evacuate Collection Set: 0.4ms
[2022-05-19T09:58:20.232+0000][83][gc,phases      ] GC(83)   Merge Heap Roots: 0.2ms
[2022-05-19T09:58:20.232+0000][83][gc,phases      ] GC(83)   Evacuate Collection Set: 1.5ms
[2022-05-19T09:58:20.232+0000][83][gc,phases      ] GC(83)   Post Evacuate Collection Set: 0.8ms
[2022-05-19T09:58:20.233+0000][83][gc,phases      ] GC(83)   Other: 2.5ms
[2022-05-19T09:58:20.233+0000][83][gc,heap        ] GC(83) Eden regions: 13->0(13)
[2022-05-19T09:58:20.233+0000][83][gc,heap        ] GC(83) Survivor regions: 2->2(2)
[2022-05-19T09:58:20.233+0000][83][gc,heap        ] GC(83) Old regions: 46->46
[2022-05-19T09:58:20.233+0000][83][gc,heap        ] GC(83) Archive regions: 2->2
[2022-05-19T09:58:20.233+0000][83][gc,heap        ] GC(83) Humongous regions: 43->43
[2022-05-19T09:58:20.233+0000][83][gc,metaspace   ] GC(83) Metaspace: 99672K(101184K)->99672K(101184K) NonClass: 85760K(86656K)->85760K(86656K) Class: 13912K(14528K)->13912K(14528K)
[2022-05-19T09:58:20.233+0000][83][gc             ] GC(83) Pause Young (Concurrent Start) (G1 Evacuation Pause) 395M->344M(512M) 6.870ms
[2022-05-19T09:58:20.234+0000][83][gc,cpu         ] GC(83) User=0.01s Sys=0.00s Real=0.01s
[2022-05-19T09:58:20.234+0000][83][gc             ] GC(84) Concurrent Mark Cycle
[2022-05-19T09:58:20.234+0000][83][gc,marking     ] GC(84) Concurrent Clear Claimed Marks
[2022-05-19T09:58:20.234+0000][83][safepoint      ] Safepoint "G1CollectForAllocation", Time since last: 388792200 ns, Reaching safepoint: 253600 ns, At safepoint: 7192300 ns, Total: 7445900 ns
[2022-05-19T09:58:20.234+0000][83][gc,marking     ] GC(84) Concurrent Clear Claimed Marks 0.187ms
[2022-05-19T09:58:20.234+0000][83][gc,marking     ] GC(84) Concurrent Scan Root Regions
[2022-05-19T09:58:20.235+0000][83][gc,marking     ] GC(84) Concurrent Scan Root Regions 0.830ms
[2022-05-19T09:58:20.235+0000][83][gc,marking     ] GC(84) Concurrent Mark
[2022-05-19T09:58:20.235+0000][83][gc,marking     ] GC(84) Concurrent Mark From Roots
[2022-05-19T09:58:20.235+0000][83][gc,task        ] GC(84) Using 3 workers of 3 for marking
[2022-05-19T09:58:20.278+0000][83][gc,marking     ] GC(84) Concurrent Mark From Roots 42.617ms
[2022-05-19T09:58:20.278+0000][83][gc,marking     ] GC(84) Concurrent Preclean
[2022-05-19T09:58:20.279+0000][83][gc,marking     ] GC(84) Concurrent Preclean 0.511ms
[2022-05-19T09:58:20.279+0000][83][gc,start       ] GC(84) Pause Remark
[2022-05-19T09:58:20.282+0000][83][gc             ] GC(84) Pause Remark 349M->349M(512M) 2.731ms
[2022-05-19T09:58:20.282+0000][83][gc,cpu         ] GC(84) User=0.01s Sys=0.00s Real=0.00s
[2022-05-19T09:58:20.282+0000][83][safepoint      ] Safepoint "G1Concurrent", Time since last: 45233300 ns, Reaching safepoint: 279300 ns, At safepoint: 3263700 ns, Total: 3543000 ns
[2022-05-19T09:58:20.283+0000][83][gc,marking     ] GC(84) Concurrent Mark 47.535ms
[2022-05-19T09:58:20.283+0000][83][gc,marking     ] GC(84) Concurrent Rebuild Remembered Sets
[2022-05-19T09:58:20.304+0000][83][gc,marking     ] GC(84) Concurrent Rebuild Remembered Sets 20.628ms
[2022-05-19T09:58:20.304+0000][83][gc,start       ] GC(84) Pause Cleanup
[2022-05-19T09:58:20.304+0000][83][gc             ] GC(84) Pause Cleanup 352M->352M(512M) 0.405ms
[2022-05-19T09:58:20.305+0000][83][gc,cpu         ] GC(84) User=0.00s Sys=0.00s Real=0.00s
[2022-05-19T09:58:20.305+0000][83][safepoint      ] Safepoint "G1Concurrent", Time since last: 21351900 ns, Reaching safepoint: 253400 ns, At safepoint: 916500 ns, Total: 1169900 ns
[2022-05-19T09:58:20.305+0000][83][gc,marking     ] GC(84) Concurrent Cleanup for Next Mark
[2022-05-19T09:58:20.306+0000][83][gc,marking     ] GC(84) Concurrent Cleanup for Next Mark 0.389ms
[2022-05-19T09:58:20.306+0000][83][gc             ] GC(84) Concurrent Mark Cycle 72.077ms
[2022-05-19T09:58:20.655+0000][83][gc,start       ] GC(85) Pause Young (Normal) (G1 Evacuation Pause)
[2022-05-19T09:58:20.655+0000][83][gc,task        ] GC(85) Using 10 workers of 10 for evacuation
[2022-05-19T09:58:20.655+0000][83][gc,age         ] GC(85) Desired survivor size 4194304 bytes, new threshold 6 (max threshold 15)
[2022-05-19T09:58:20.658+0000][83][gc,age         ] GC(85) Age table with threshold 6 (max threshold 15)
[2022-05-19T09:58:20.658+0000][83][gc,age         ] GC(85) - age   1:     733520 bytes,     733520 total
[2022-05-19T09:58:20.658+0000][83][gc,age         ] GC(85) - age   2:     790144 bytes,    1523664 total
[2022-05-19T09:58:20.658+0000][83][gc,age         ] GC(85) - age   3:     722160 bytes,    2245824 total
[2022-05-19T09:58:20.659+0000][83][gc,age         ] GC(85) - age   4:     875184 bytes,    3121008 total
[2022-05-19T09:58:20.659+0000][83][gc,age         ] GC(85) - age   5:     841040 bytes,    3962048 total
[2022-05-19T09:58:20.659+0000][83][gc,age         ] GC(85) - age   6:     721248 bytes,    4683296 total
[2022-05-19T09:58:20.659+0000][83][gc,phases      ] GC(85)   Pre Evacuate Collection Set: 0.2ms
[2022-05-19T09:58:20.660+0000][83][gc,phases      ] GC(85)   Merge Heap Roots: 0.1ms
[2022-05-19T09:58:20.660+0000][83][gc,phases      ] GC(85)   Evacuate Collection Set: 1.1ms
[2022-05-19T09:58:20.660+0000][83][gc,phases      ] GC(85)   Post Evacuate Collection Set: 0.8ms
[2022-05-19T09:58:20.660+0000][83][gc,phases      ] GC(85)   Other: 2.6ms
[2022-05-19T09:58:20.660+0000][83][gc,heap        ] GC(85) Eden regions: 13->0(12)
[2022-05-19T09:58:20.660+0000][83][gc,heap        ] GC(85) Survivor regions: 2->2(2)
[2022-05-19T09:58:20.661+0000][83][gc,heap        ] GC(85) Old regions: 46->47
[2022-05-19T09:58:20.661+0000][83][gc,heap        ] GC(85) Archive regions: 2->2
[2022-05-19T09:58:20.661+0000][83][gc,heap        ] GC(85) Humongous regions: 43->43
[2022-05-19T09:58:20.661+0000][83][gc,metaspace   ] GC(85) Metaspace: 99685K(101184K)->99685K(101184K) NonClass: 85773K(86656K)->85773K(86656K) Class: 13912K(14528K)->13912K(14528K)
[2022-05-19T09:58:20.661+0000][83][gc             ] GC(85) Pause Young (Normal) (G1 Evacuation Pause) 396M->344M(512M) 6.301ms
[2022-05-19T09:58:20.661+0000][83][gc,cpu         ] GC(85) User=0.01s Sys=0.00s Real=0.01s
[2022-05-19T09:58:20.661+0000][83][safepoint      ] Safepoint "G1CollectForAllocation", Time since last: 349496200 ns, Reaching safepoint: 193800 ns, At safepoint: 6592900 ns, Total: 6786700 ns
[2022-05-19T09:58:21.027+0000][83][gc,start       ] GC(86) Pause Young (Concurrent Start) (G1 Evacuation Pause)
[2022-05-19T09:58:21.028+0000][83][gc,task        ] GC(86) Using 10 workers of 10 for evacuation
[2022-05-19T09:58:21.028+0000][83][gc,age         ] GC(86) Desired survivor size 4194304 bytes, new threshold 6 (max threshold 15)
[2022-05-19T09:58:21.032+0000][83][gc,age         ] GC(86) Age table with threshold 6 (max threshold 15)
[2022-05-19T09:58:21.032+0000][83][gc,age         ] GC(86) - age   1:     689896 bytes,     689896 total
[2022-05-19T09:58:21.033+0000][83][gc,age         ] GC(86) - age   2:     733160 bytes,    1423056 total
[2022-05-19T09:58:21.033+0000][83][gc,age         ] GC(86) - age   3:     790144 bytes,    2213200 total
[2022-05-19T09:58:21.033+0000][83][gc,age         ] GC(86) - age   4:     721280 bytes,    2934480 total
[2022-05-19T09:58:21.033+0000][83][gc,age         ] GC(86) - age   5:     875184 bytes,    3809664 total
[2022-05-19T09:58:21.034+0000][83][gc,age         ] GC(86) - age   6:     841040 bytes,    4650704 total
[2022-05-19T09:58:21.034+0000][83][gc,phases      ] GC(86)   Pre Evacuate Collection Set: 0.3ms
[2022-05-19T09:58:21.034+0000][83][gc,phases      ] GC(86)   Merge Heap Roots: 0.2ms
[2022-05-19T09:58:21.034+0000][83][gc,phases      ] GC(86)   Evacuate Collection Set: 1.8ms
[2022-05-19T09:58:21.035+0000][83][gc,phases      ] GC(86)   Post Evacuate Collection Set: 1.2ms
[2022-05-19T09:58:21.035+0000][83][gc,phases      ] GC(86)   Other: 3.0ms
[2022-05-19T09:58:21.035+0000][83][gc,heap        ] GC(86) Eden regions: 12->0(12)
[2022-05-19T09:58:21.035+0000][83][gc,heap        ] GC(86) Survivor regions: 2->2(2)
[2022-05-19T09:58:21.035+0000][83][gc,heap        ] GC(86) Old regions: 47->47
[2022-05-19T09:58:21.035+0000][83][gc,heap        ] GC(86) Archive regions: 2->2
[2022-05-19T09:58:21.035+0000][83][gc,heap        ] GC(86) Humongous regions: 43->43
[2022-05-19T09:58:21.036+0000][83][gc,metaspace   ] GC(86) Metaspace: 99685K(101184K)->99685K(101184K) NonClass: 85773K(86656K)->85773K(86656K) Class: 13912K(14528K)->13912K(14528K)
[2022-05-19T09:58:21.036+0000][83][gc             ] GC(86) Pause Young (Concurrent Start) (G1 Evacuation Pause) 392M->345M(512M) 8.352ms
[2022-05-19T09:58:21.036+0000][83][gc,cpu         ] GC(86) User=0.00s Sys=0.01s Real=0.01s
[2022-05-19T09:58:21.036+0000][83][gc             ] GC(87) Concurrent Mark Cycle
[2022-05-19T09:58:21.036+0000][83][gc,marking     ] GC(87) Concurrent Clear Claimed Marks
[2022-05-19T09:58:21.036+0000][83][safepoint      ] Safepoint "G1CollectForAllocation", Time since last: 365756500 ns, Reaching safepoint: 388900 ns, At safepoint: 8671500 ns, Total: 9060400 ns
[2022-05-19T09:58:21.036+0000][83][gc,marking     ] GC(87) Concurrent Clear Claimed Marks 0.201ms
[2022-05-19T09:58:21.037+0000][83][gc,marking     ] GC(87) Concurrent Scan Root Regions
[2022-05-19T09:58:21.038+0000][83][gc,marking     ] GC(87) Concurrent Scan Root Regions 0.987ms
[2022-05-19T09:58:21.038+0000][83][gc,marking     ] GC(87) Concurrent Mark
[2022-05-19T09:58:21.038+0000][83][gc,marking     ] GC(87) Concurrent Mark From Roots
[2022-05-19T09:58:21.038+0000][83][gc,task        ] GC(87) Using 3 workers of 3 for marking
[2022-05-19T09:58:21.085+0000][83][gc,marking     ] GC(87) Concurrent Mark From Roots 47.147ms
[2022-05-19T09:58:21.085+0000][83][gc,marking     ] GC(87) Concurrent Preclean
[2022-05-19T09:58:21.086+0000][83][gc,marking     ] GC(87) Concurrent Preclean 0.472ms
[2022-05-19T09:58:21.086+0000][83][gc,start       ] GC(87) Pause Remark
[2022-05-19T09:58:21.089+0000][83][gc             ] GC(87) Pause Remark 350M->350M(512M) 2.878ms
[2022-05-19T09:58:21.089+0000][83][gc,cpu         ] GC(87) User=0.01s Sys=0.01s Real=0.01s
[2022-05-19T09:58:21.089+0000][83][safepoint      ] Safepoint "G1Concurrent", Time since last: 49804600 ns, Reaching safepoint: 258900 ns, At safepoint: 3340000 ns, Total: 3598900 ns
[2022-05-19T09:58:21.090+0000][83][gc,marking     ] GC(87) Concurrent Mark 51.936ms
[2022-05-19T09:58:21.090+0000][83][gc,marking     ] GC(87) Concurrent Rebuild Remembered Sets
[2022-05-19T09:58:21.112+0000][83][gc,marking     ] GC(87) Concurrent Rebuild Remembered Sets 22.577ms
[2022-05-19T09:58:21.113+0000][83][gc,start       ] GC(87) Pause Cleanup
[2022-05-19T09:58:21.114+0000][83][gc             ] GC(87) Pause Cleanup 352M->352M(512M) 0.485ms
[2022-05-19T09:58:21.114+0000][83][gc,cpu         ] GC(87) User=0.00s Sys=0.00s Real=0.00s
[2022-05-19T09:58:21.114+0000][83][safepoint      ] Safepoint "G1Concurrent", Time since last: 23373700 ns, Reaching safepoint: 344900 ns, At safepoint: 948700 ns, Total: 1293600 ns
[2022-05-19T09:58:21.114+0000][83][gc,marking     ] GC(87) Concurrent Cleanup for Next Mark
[2022-05-19T09:58:21.115+0000][83][gc,marking     ] GC(87) Concurrent Cleanup for Next Mark 0.402ms
[2022-05-19T09:58:21.115+0000][83][gc             ] GC(87) Concurrent Mark Cycle 78.898ms
[2022-05-19T09:58:21.445+0000][83][gc,start       ] GC(88) Pause Young (Normal) (G1 Evacuation Pause)
[2022-05-19T09:58:21.445+0000][83][gc,task        ] GC(88) Using 10 workers of 10 for evacuation
[2022-05-19T09:58:21.445+0000][83][gc,age         ] GC(88) Desired survivor size 4194304 bytes, new threshold 6 (max threshold 15)
[2022-05-19T09:58:21.447+0000][83][gc,age         ] GC(88) Age table with threshold 6 (max threshold 15)
[2022-05-19T09:58:21.448+0000][83][gc,age         ] GC(88) - age   1:     723376 bytes,     723376 total
[2022-05-19T09:58:21.448+0000][83][gc,age         ] GC(88) - age   2:     689528 bytes,    1412904 total
[2022-05-19T09:58:21.448+0000][83][gc,age         ] GC(88) - age   3:     731912 bytes,    2144816 total
[2022-05-19T09:58:21.448+0000][83][gc,age         ] GC(88) - age   4:     789952 bytes,    2934768 total
[2022-05-19T09:58:21.448+0000][83][gc,age         ] GC(88) - age   5:     721280 bytes,    3656048 total
[2022-05-19T09:58:21.448+0000][83][gc,age         ] GC(88) - age   6:     875184 bytes,    4531232 total
[2022-05-19T09:58:21.449+0000][83][gc,phases      ] GC(88)   Pre Evacuate Collection Set: 0.2ms
[2022-05-19T09:58:21.449+0000][83][gc,phases      ] GC(88)   Merge Heap Roots: 0.1ms
[2022-05-19T09:58:21.449+0000][83][gc,phases      ] GC(88)   Evacuate Collection Set: 1.2ms
[2022-05-19T09:58:21.449+0000][83][gc,phases      ] GC(88)   Post Evacuate Collection Set: 0.6ms
[2022-05-19T09:58:21.449+0000][83][gc,phases      ] GC(88)   Other: 1.9ms
[2022-05-19T09:58:21.449+0000][83][gc,heap        ] GC(88) Eden regions: 12->0(12)
[2022-05-19T09:58:21.449+0000][83][gc,heap        ] GC(88) Survivor regions: 2->2(2)
[2022-05-19T09:58:21.450+0000][83][gc,heap        ] GC(88) Old regions: 47->47
[2022-05-19T09:58:21.450+0000][83][gc,heap        ] GC(88) Archive regions: 2->2
[2022-05-19T09:58:21.450+0000][83][gc,heap        ] GC(88) Humongous regions: 43->43
[2022-05-19T09:58:21.450+0000][83][gc,metaspace   ] GC(88) Metaspace: 99688K(101184K)->99688K(101184K) NonClass: 85775K(86656K)->85775K(86656K) Class: 13912K(14528K)->13912K(14528K)
[2022-05-19T09:58:21.450+0000][83][gc             ] GC(88) Pause Young (Normal) (G1 Evacuation Pause) 393M->346M(512M) 5.400ms
[2022-05-19T09:58:21.450+0000][83][gc,cpu         ] GC(88) User=0.02s Sys=0.00s Real=0.01s
[2022-05-19T09:58:21.450+0000][83][safepoint      ] Safepoint "G1CollectForAllocation", Time since last: 330237300 ns, Reaching safepoint: 189200 ns, At safepoint: 5703100 ns, Total: 5892300 ns
[2022-05-19T09:58:21.804+0000][83][gc,start       ] GC(89) Pause Young (Concurrent Start) (G1 Evacuation Pause)
[2022-05-19T09:58:21.804+0000][83][gc,task        ] GC(89) Using 10 workers of 10 for evacuation
[2022-05-19T09:58:21.805+0000][83][gc,age         ] GC(89) Desired survivor size 4194304 bytes, new threshold 6 (max threshold 15)
[2022-05-19T09:58:21.807+0000][83][gc,age         ] GC(89) Age table with threshold 6 (max threshold 15)
[2022-05-19T09:58:21.808+0000][83][gc,age         ] GC(89) - age   1:     656752 bytes,     656752 total
[2022-05-19T09:58:21.808+0000][83][gc,age         ] GC(89) - age   2:     723056 bytes,    1379808 total
[2022-05-19T09:58:21.808+0000][83][gc,age         ] GC(89) - age   3:     689528 bytes,    2069336 total
[2022-05-19T09:58:21.808+0000][83][gc,age         ] GC(89) - age   4:     731544 bytes,    2800880 total
[2022-05-19T09:58:21.808+0000][83][gc,age         ] GC(89) - age   5:     789920 bytes,    3590800 total
[2022-05-19T09:58:21.809+0000][83][gc,age         ] GC(89) - age   6:     721248 bytes,    4312048 total
[2022-05-19T09:58:21.809+0000][83][gc,phases      ] GC(89)   Pre Evacuate Collection Set: 0.3ms
[2022-05-19T09:58:21.809+0000][83][gc,phases      ] GC(89)   Merge Heap Roots: 0.2ms
[2022-05-19T09:58:21.809+0000][83][gc,phases      ] GC(89)   Evacuate Collection Set: 1.3ms
[2022-05-19T09:58:21.809+0000][83][gc,phases      ] GC(89)   Post Evacuate Collection Set: 0.7ms
[2022-05-19T09:58:21.809+0000][83][gc,phases      ] GC(89)   Other: 2.2ms
[2022-05-19T09:58:21.809+0000][83][gc,heap        ] GC(89) Eden regions: 12->0(12)
[2022-05-19T09:58:21.810+0000][83][gc,heap        ] GC(89) Survivor regions: 2->2(2)
[2022-05-19T09:58:21.810+0000][83][gc,heap        ] GC(89) Old regions: 47->47
[2022-05-19T09:58:21.810+0000][83][gc,heap        ] GC(89) Archive regions: 2->2
[2022-05-19T09:58:21.810+0000][83][gc,heap        ] GC(89) Humongous regions: 43->43
[2022-05-19T09:58:21.810+0000][83][gc,metaspace   ] GC(89) Metaspace: 99688K(101184K)->99688K(101184K) NonClass: 85775K(86656K)->85775K(86656K) Class: 13912K(14528K)->13912K(14528K)
[2022-05-19T09:58:21.810+0000][83][gc             ] GC(89) Pause Young (Concurrent Start) (G1 Evacuation Pause) 394M->346M(512M) 6.301ms
[2022-05-19T09:58:21.811+0000][83][gc,cpu         ] GC(89) User=0.01s Sys=0.00s Real=0.01s
[2022-05-19T09:58:21.811+0000][83][safepoint      ] Safepoint "G1CollectForAllocation", Time since last: 353525900 ns, Reaching safepoint: 242500 ns, At safepoint: 6624200 ns, Total: 6866700 ns
[2022-05-19T09:58:21.811+0000][83][gc             ] GC(90) Concurrent Mark Cycle
[2022-05-19T09:58:21.811+0000][83][gc,marking     ] GC(90) Concurrent Clear Claimed Marks
[2022-05-19T09:58:21.811+0000][83][gc,marking     ] GC(90) Concurrent Clear Claimed Marks 0.183ms
[2022-05-19T09:58:21.811+0000][83][gc,marking     ] GC(90) Concurrent Scan Root Regions
[2022-05-19T09:58:21.812+0000][83][gc,marking     ] GC(90) Concurrent Scan Root Regions 1.006ms
[2022-05-19T09:58:21.812+0000][83][gc,marking     ] GC(90) Concurrent Mark
[2022-05-19T09:58:21.812+0000][83][gc,marking     ] GC(90) Concurrent Mark From Roots
[2022-05-19T09:58:21.813+0000][83][gc,task        ] GC(90) Using 3 workers of 3 for marking
[2022-05-19T09:58:21.851+0000][83][gc,marking     ] GC(90) Concurrent Mark From Roots 38.726ms
[2022-05-19T09:58:21.852+0000][83][gc,marking     ] GC(90) Concurrent Preclean
[2022-05-19T09:58:21.852+0000][83][gc,marking     ] GC(90) Concurrent Preclean 0.542ms
[2022-05-19T09:58:21.853+0000][83][gc,start       ] GC(90) Pause Remark
[2022-05-19T09:58:21.855+0000][83][gc             ] GC(90) Pause Remark 351M->351M(512M) 2.676ms
[2022-05-19T09:58:21.855+0000][83][gc,cpu         ] GC(90) User=0.02s Sys=0.00s Real=0.00s
[2022-05-19T09:58:21.856+0000][83][safepoint      ] Safepoint "G1Concurrent", Time since last: 41641400 ns, Reaching safepoint: 253900 ns, At safepoint: 3201900 ns, Total: 3455800 ns
[2022-05-19T09:58:21.856+0000][83][gc,marking     ] GC(90) Concurrent Mark 43.669ms
[2022-05-19T09:58:21.856+0000][83][gc,marking     ] GC(90) Concurrent Rebuild Remembered Sets
[2022-05-19T09:58:21.880+0000][83][gc,marking     ] GC(90) Concurrent Rebuild Remembered Sets 23.694ms
[2022-05-19T09:58:21.881+0000][83][gc,start       ] GC(90) Pause Cleanup
[2022-05-19T09:58:21.881+0000][83][gc             ] GC(90) Pause Cleanup 355M->355M(512M) 0.334ms
[2022-05-19T09:58:21.881+0000][83][gc,cpu         ] GC(90) User=0.00s Sys=0.00s Real=0.00s
[2022-05-19T09:58:21.881+0000][83][safepoint      ] Safepoint "G1Concurrent", Time since last: 24459900 ns, Reaching safepoint: 289100 ns, At safepoint: 697600 ns, Total: 986700 ns
[2022-05-19T09:58:21.881+0000][83][gc,marking     ] GC(90) Concurrent Cleanup for Next Mark
[2022-05-19T09:58:21.882+0000][83][gc,marking     ] GC(90) Concurrent Cleanup for Next Mark 0.316ms
[2022-05-19T09:58:21.882+0000][83][gc             ] GC(90) Concurrent Mark Cycle 71.221ms
[2022-05-19T09:58:22.184+0000][83][gc,start       ] GC(91) Pause Young (Normal) (G1 Evacuation Pause)
[2022-05-19T09:58:22.184+0000][83][gc,task        ] GC(91) Using 10 workers of 10 for evacuation
[2022-05-19T09:58:22.184+0000][83][gc,age         ] GC(91) Desired survivor size 4194304 bytes, new threshold 6 (max threshold 15)
[2022-05-19T09:58:22.186+0000][83][gc,age         ] GC(91) Age table with threshold 6 (max threshold 15)
[2022-05-19T09:58:22.187+0000][83][gc,age         ] GC(91) - age   1:     716584 bytes,     716584 total
[2022-05-19T09:58:22.187+0000][83][gc,age         ] GC(91) - age   2:     656296 bytes,    1372880 total
[2022-05-19T09:58:22.187+0000][83][gc,age         ] GC(91) - age   3:     722832 bytes,    2095712 total
[2022-05-19T09:58:22.187+0000][83][gc,age         ] GC(91) - age   4:     688648 bytes,    2784360 total
[2022-05-19T09:58:22.187+0000][83][gc,age         ] GC(91) - age   5:     731416 bytes,    3515776 total
[2022-05-19T09:58:22.187+0000][83][gc,age         ] GC(91) - age   6:     789888 bytes,    4305664 total
[2022-05-19T09:58:22.187+0000][83][gc,phases      ] GC(91)   Pre Evacuate Collection Set: 0.2ms
[2022-05-19T09:58:22.188+0000][83][gc,phases      ] GC(91)   Merge Heap Roots: 0.1ms
[2022-05-19T09:58:22.188+0000][83][gc,phases      ] GC(91)   Evacuate Collection Set: 1.1ms
[2022-05-19T09:58:22.188+0000][83][gc,phases      ] GC(91)   Post Evacuate Collection Set: 0.7ms
[2022-05-19T09:58:22.188+0000][83][gc,phases      ] GC(91)   Other: 1.7ms
[2022-05-19T09:58:22.188+0000][83][gc,heap        ] GC(91) Eden regions: 12->0(12)
[2022-05-19T09:58:22.189+0000][83][gc,heap        ] GC(91) Survivor regions: 2->2(2)
[2022-05-19T09:58:22.189+0000][83][gc,heap        ] GC(91) Old regions: 47->47
[2022-05-19T09:58:22.189+0000][83][gc,heap        ] GC(91) Archive regions: 2->2
[2022-05-19T09:58:22.189+0000][83][gc,heap        ] GC(91) Humongous regions: 43->43
[2022-05-19T09:58:22.189+0000][83][gc,metaspace   ] GC(91) Metaspace: 99688K(101184K)->99688K(101184K) NonClass: 85776K(86656K)->85776K(86656K) Class: 13912K(14528K)->13912K(14528K)
[2022-05-19T09:58:22.189+0000][83][gc             ] GC(91) Pause Young (Normal) (G1 Evacuation Pause) 394M->347M(512M) 5.735ms
[2022-05-19T09:58:22.190+0000][83][gc,cpu         ] GC(91) User=0.01s Sys=0.00s Real=0.01s
[2022-05-19T09:58:22.190+0000][83][safepoint      ] Safepoint "G1CollectForAllocation", Time since last: 302060100 ns, Reaching safepoint: 291400 ns, At safepoint: 6167600 ns, Total: 6459000 ns
[2022-05-19T09:58:22.560+0000][83][gc,start       ] GC(92) Pause Young (Concurrent Start) (G1 Evacuation Pause)
[2022-05-19T09:58:22.561+0000][83][gc,task        ] GC(92) Using 10 workers of 10 for evacuation
[2022-05-19T09:58:22.561+0000][83][gc,age         ] GC(92) Desired survivor size 4194304 bytes, new threshold 6 (max threshold 15)
[2022-05-19T09:58:22.564+0000][83][gc,age         ] GC(92) Age table with threshold 6 (max threshold 15)
[2022-05-19T09:58:22.564+0000][83][gc,age         ] GC(92) - age   1:     705344 bytes,     705344 total
[2022-05-19T09:58:22.564+0000][83][gc,age         ] GC(92) - age   2:     700984 bytes,    1406328 total
[2022-05-19T09:58:22.565+0000][83][gc,age         ] GC(92) - age   3:     655928 bytes,    2062256 total
[2022-05-19T09:58:22.565+0000][83][gc,age         ] GC(92) - age   4:     721648 bytes,    2783904 total
[2022-05-19T09:58:22.565+0000][83][gc,age         ] GC(92) - age   5:     688648 bytes,    3472552 total
[2022-05-19T09:58:22.565+0000][83][gc,age         ] GC(92) - age   6:     731352 bytes,    4203904 total
[2022-05-19T09:58:22.566+0000][83][gc,phases      ] GC(92)   Pre Evacuate Collection Set: 0.3ms
[2022-05-19T09:58:22.566+0000][83][gc,phases      ] GC(92)   Merge Heap Roots: 0.2ms
[2022-05-19T09:58:22.566+0000][83][gc,phases      ] GC(92)   Evacuate Collection Set: 1.5ms
[2022-05-19T09:58:22.566+0000][83][gc,phases      ] GC(92)   Post Evacuate Collection Set: 0.7ms
[2022-05-19T09:58:22.566+0000][83][gc,phases      ] GC(92)   Other: 3.0ms
[2022-05-19T09:58:22.567+0000][83][gc,heap        ] GC(92) Eden regions: 12->0(12)
[2022-05-19T09:58:22.567+0000][83][gc,heap        ] GC(92) Survivor regions: 2->2(2)
[2022-05-19T09:58:22.567+0000][83][gc,heap        ] GC(92) Old regions: 47->47
[2022-05-19T09:58:22.567+0000][83][gc,heap        ] GC(92) Archive regions: 2->2
[2022-05-19T09:58:22.567+0000][83][gc,heap        ] GC(92) Humongous regions: 43->43
[2022-05-19T09:58:22.567+0000][83][gc,metaspace   ] GC(92) Metaspace: 99688K(101184K)->99688K(101184K) NonClass: 85776K(86656K)->85776K(86656K) Class: 13912K(14528K)->13912K(14528K)
[2022-05-19T09:58:22.567+0000][83][gc             ] GC(92) Pause Young (Concurrent Start) (G1 Evacuation Pause) 395M->348M(512M) 7.070ms
[2022-05-19T09:58:22.567+0000][83][gc,cpu         ] GC(92) User=0.02s Sys=0.00s Real=0.00s
[2022-05-19T09:58:22.568+0000][83][gc             ] GC(93) Concurrent Mark Cycle
[2022-05-19T09:58:22.568+0000][83][gc,marking     ] GC(93) Concurrent Clear Claimed Marks
[2022-05-19T09:58:22.568+0000][83][safepoint      ] Safepoint "G1CollectForAllocation", Time since last: 370245100 ns, Reaching safepoint: 224100 ns, At safepoint: 7534000 ns, Total: 7758100 ns
[2022-05-19T09:58:22.568+0000][83][gc,marking     ] GC(93) Concurrent Clear Claimed Marks 0.269ms
[2022-05-19T09:58:22.568+0000][83][gc,marking     ] GC(93) Concurrent Scan Root Regions
[2022-05-19T09:58:22.570+0000][83][gc,marking     ] GC(93) Concurrent Scan Root Regions 1.599ms
[2022-05-19T09:58:22.570+0000][83][gc,marking     ] GC(93) Concurrent Mark
[2022-05-19T09:58:22.570+0000][83][gc,marking     ] GC(93) Concurrent Mark From Roots
[2022-05-19T09:58:22.570+0000][83][gc,task        ] GC(93) Using 3 workers of 3 for marking
[2022-05-19T09:58:22.620+0000][83][gc,marking     ] GC(93) Concurrent Mark From Roots 49.525ms
[2022-05-19T09:58:22.620+0000][83][gc,marking     ] GC(93) Concurrent Preclean
[2022-05-19T09:58:22.621+0000][83][gc,marking     ] GC(93) Concurrent Preclean 0.565ms
[2022-05-19T09:58:22.621+0000][83][gc,start       ] GC(93) Pause Remark
[2022-05-19T09:58:22.624+0000][83][gc             ] GC(93) Pause Remark 351M->351M(512M) 3.073ms
[2022-05-19T09:58:22.625+0000][83][gc,cpu         ] GC(93) User=0.02s Sys=0.00s Real=0.00s
[2022-05-19T09:58:22.625+0000][83][safepoint      ] Safepoint "G1Concurrent", Time since last: 53312900 ns, Reaching safepoint: 243400 ns, At safepoint: 3660000 ns, Total: 3903400 ns
[2022-05-19T09:58:22.625+0000][83][gc,marking     ] GC(93) Concurrent Mark 55.070ms
[2022-05-19T09:58:22.625+0000][83][gc,marking     ] GC(93) Concurrent Rebuild Remembered Sets
[2022-05-19T09:58:22.646+0000][83][gc,marking     ] GC(93) Concurrent Rebuild Remembered Sets 20.698ms
[2022-05-19T09:58:22.647+0000][83][gc,start       ] GC(93) Pause Cleanup
[2022-05-19T09:58:22.647+0000][83][gc             ] GC(93) Pause Cleanup 354M->354M(512M) 0.513ms
[2022-05-19T09:58:22.648+0000][83][gc,cpu         ] GC(93) User=0.00s Sys=0.00s Real=0.00s
[2022-05-19T09:58:22.648+0000][83][safepoint      ] Safepoint "G1Concurrent", Time since last: 21528500 ns, Reaching safepoint: 335300 ns, At safepoint: 1045400 ns, Total: 1380700 ns
[2022-05-19T09:58:22.648+0000][83][gc,marking     ] GC(93) Concurrent Cleanup for Next Mark
[2022-05-19T09:58:22.649+0000][83][gc,marking     ] GC(93) Concurrent Cleanup for Next Mark 0.653ms
[2022-05-19T09:58:22.649+0000][83][gc             ] GC(93) Concurrent Mark Cycle 81.409ms
[2022-05-19T09:58:22.988+0000][83][gc,start       ] GC(94) Pause Young (Normal) (G1 Evacuation Pause)
[2022-05-19T09:58:22.989+0000][83][gc,task        ] GC(94) Using 10 workers of 10 for evacuation
[2022-05-19T09:58:22.989+0000][83][gc,age         ] GC(94) Desired survivor size 4194304 bytes, new threshold 6 (max threshold 15)
[2022-05-19T09:58:22.991+0000][83][gc,age         ] GC(94) Age table with threshold 6 (max threshold 15)
[2022-05-19T09:58:22.991+0000][83][gc,age         ] GC(94) - age   1:     656888 bytes,     656888 total
[2022-05-19T09:58:22.991+0000][83][gc,age         ] GC(94) - age   2:     704864 bytes,    1361752 total
[2022-05-19T09:58:22.992+0000][83][gc,age         ] GC(94) - age   3:     700104 bytes,    2061856 total
[2022-05-19T09:58:22.992+0000][83][gc,age         ] GC(94) - age   4:     655928 bytes,    2717784 total
[2022-05-19T09:58:22.992+0000][83][gc,age         ] GC(94) - age   5:     721648 bytes,    3439432 total
[2022-05-19T09:58:22.992+0000][83][gc,age         ] GC(94) - age   6:     688648 bytes,    4128080 total
[2022-05-19T09:58:22.992+0000][83][gc,phases      ] GC(94)   Pre Evacuate Collection Set: 0.2ms
[2022-05-19T09:58:22.992+0000][83][gc,phases      ] GC(94)   Merge Heap Roots: 0.1ms
[2022-05-19T09:58:22.992+0000][83][gc,phases      ] GC(94)   Evacuate Collection Set: 1.0ms
[2022-05-19T09:58:22.993+0000][83][gc,phases      ] GC(94)   Post Evacuate Collection Set: 0.7ms
[2022-05-19T09:58:22.993+0000][83][gc,phases      ] GC(94)   Other: 1.8ms
[2022-05-19T09:58:22.993+0000][83][gc,heap        ] GC(94) Eden regions: 12->0(13)
[2022-05-19T09:58:22.993+0000][83][gc,heap        ] GC(94) Survivor regions: 2->1(2)
[2022-05-19T09:58:22.993+0000][83][gc,heap        ] GC(94) Old regions: 47->48
[2022-05-19T09:58:22.993+0000][83][gc,heap        ] GC(94) Archive regions: 2->2
[2022-05-19T09:58:22.993+0000][83][gc,heap        ] GC(94) Humongous regions: 43->43
[2022-05-19T09:58:22.994+0000][83][gc,metaspace   ] GC(94) Metaspace: 99690K(101184K)->99690K(101184K) NonClass: 85777K(86656K)->85777K(86656K) Class: 13912K(14528K)->13912K(14528K)
[2022-05-19T09:58:22.994+0000][83][gc             ] GC(94) Pause Young (Normal) (G1 Evacuation Pause) 396M->348M(512M) 5.365ms
[2022-05-19T09:58:22.994+0000][83][gc,cpu         ] GC(94) User=0.01s Sys=0.00s Real=0.01s
[2022-05-19T09:58:22.994+0000][83][safepoint      ] Safepoint "G1CollectForAllocation", Time since last: 340272900 ns, Reaching safepoint: 186300 ns, At safepoint: 5774200 ns, Total: 5960500 ns
[2022-05-19T09:58:23.489+0000][83][gc,start       ] GC(95) Pause Young (Concurrent Start) (G1 Evacuation Pause)
[2022-05-19T09:58:23.489+0000][83][gc,task        ] GC(95) Using 10 workers of 10 for evacuation
[2022-05-19T09:58:23.489+0000][83][gc,age         ] GC(95) Desired survivor size 4194304 bytes, new threshold 15 (max threshold 15)
[2022-05-19T09:58:23.493+0000][83][gc,age         ] GC(95) Age table with threshold 15 (max threshold 15)
[2022-05-19T09:58:23.493+0000][83][gc,age         ] GC(95) - age   1:     723104 bytes,     723104 total
[2022-05-19T09:58:23.494+0000][83][gc,age         ] GC(95) - age   2:     656560 bytes,    1379664 total
[2022-05-19T09:58:23.495+0000][83][gc,age         ] GC(95) - age   3:     703408 bytes,    2083072 total
[2022-05-19T09:58:23.496+0000][83][gc,age         ] GC(95) - age   4:     699912 bytes,    2782984 total
[2022-05-19T09:58:23.496+0000][83][gc,age         ] GC(95) - age   5:     655928 bytes,    3438912 total
[2022-05-19T09:58:23.496+0000][83][gc,age         ] GC(95) - age   6:     721616 bytes,    4160528 total
[2022-05-19T09:58:23.496+0000][83][gc,age         ] GC(95) - age   7:     688648 bytes,    4849176 total
[2022-05-19T09:58:23.497+0000][83][gc,phases      ] GC(95)   Pre Evacuate Collection Set: 0.3ms
[2022-05-19T09:58:23.497+0000][83][gc,phases      ] GC(95)   Merge Heap Roots: 0.2ms
[2022-05-19T09:58:23.497+0000][83][gc,phases      ] GC(95)   Evacuate Collection Set: 1.7ms
[2022-05-19T09:58:23.497+0000][83][gc,phases      ] GC(95)   Post Evacuate Collection Set: 0.8ms
[2022-05-19T09:58:23.497+0000][83][gc,phases      ] GC(95)   Other: 4.6ms
[2022-05-19T09:58:23.497+0000][83][gc,heap        ] GC(95) Eden regions: 13->0(11)
[2022-05-19T09:58:23.498+0000][83][gc,heap        ] GC(95) Survivor regions: 1->2(2)
[2022-05-19T09:58:23.498+0000][83][gc,heap        ] GC(95) Old regions: 48->48
[2022-05-19T09:58:23.498+0000][83][gc,heap        ] GC(95) Archive regions: 2->2
[2022-05-19T09:58:23.498+0000][83][gc,heap        ] GC(95) Humongous regions: 43->43
[2022-05-19T09:58:23.498+0000][83][gc,metaspace   ] GC(95) Metaspace: 99692K(101184K)->99692K(101184K) NonClass: 85780K(86656K)->85780K(86656K) Class: 13912K(14528K)->13912K(14528K)
[2022-05-19T09:58:23.499+0000][83][gc             ] GC(95) Pause Young (Concurrent Start) (G1 Evacuation Pause) 400M->349M(512M) 9.612ms
[2022-05-19T09:58:23.499+0000][83][gc,cpu         ] GC(95) User=0.00s Sys=0.01s Real=0.01s
[2022-05-19T09:58:23.499+0000][83][gc             ] GC(96) Concurrent Mark Cycle
[2022-05-19T09:58:23.499+0000][83][safepoint      ] Safepoint "G1CollectForAllocation", Time since last: 494468500 ns, Reaching safepoint: 356700 ns, At safepoint: 10251100 ns, Total: 10607800 ns
[2022-05-19T09:58:23.499+0000][83][gc,marking     ] GC(96) Concurrent Clear Claimed Marks
[2022-05-19T09:58:23.500+0000][83][gc,marking     ] GC(96) Concurrent Clear Claimed Marks 0.492ms
[2022-05-19T09:58:23.500+0000][83][gc,marking     ] GC(96) Concurrent Scan Root Regions
[2022-05-19T09:58:23.502+0000][83][gc,marking     ] GC(96) Concurrent Scan Root Regions 1.691ms
[2022-05-19T09:58:23.502+0000][83][gc,marking     ] GC(96) Concurrent Mark
[2022-05-19T09:58:23.502+0000][83][gc,marking     ] GC(96) Concurrent Mark From Roots
[2022-05-19T09:58:23.502+0000][83][gc,task        ] GC(96) Using 3 workers of 3 for marking
[2022-05-19T09:58:23.563+0000][83][gc,marking     ] GC(96) Concurrent Mark From Roots 60.412ms
[2022-05-19T09:58:23.563+0000][83][gc,marking     ] GC(96) Concurrent Preclean
[2022-05-19T09:58:23.564+0000][83][gc,marking     ] GC(96) Concurrent Preclean 0.752ms
[2022-05-19T09:58:23.565+0000][83][gc,start       ] GC(96) Pause Remark
[2022-05-19T09:58:23.568+0000][83][gc             ] GC(96) Pause Remark 354M->354M(512M) 3.418ms
[2022-05-19T09:58:23.569+0000][83][gc,cpu         ] GC(96) User=0.02s Sys=0.00s Real=0.00s
[2022-05-19T09:58:23.569+0000][83][safepoint      ] Safepoint "G1Concurrent", Time since last: 65320500 ns, Reaching safepoint: 449000 ns, At safepoint: 4017300 ns, Total: 4466300 ns
[2022-05-19T09:58:23.569+0000][83][gc,marking     ] GC(96) Concurrent Mark 67.175ms
[2022-05-19T09:58:23.569+0000][83][gc,marking     ] GC(96) Concurrent Rebuild Remembered Sets
[2022-05-19T09:58:23.601+0000][83][gc,marking     ] GC(96) Concurrent Rebuild Remembered Sets 31.633ms
[2022-05-19T09:58:23.602+0000][83][gc,start       ] GC(96) Pause Cleanup
[2022-05-19T09:58:23.602+0000][83][gc             ] GC(96) Pause Cleanup 356M->356M(512M) 0.388ms
[2022-05-19T09:58:23.602+0000][83][gc,cpu         ] GC(96) User=0.00s Sys=0.00s Real=0.00s
[2022-05-19T09:58:23.602+0000][83][safepoint      ] Safepoint "G1Concurrent", Time since last: 32356600 ns, Reaching safepoint: 301300 ns, At safepoint: 865900 ns, Total: 1167200 ns
[2022-05-19T09:58:23.603+0000][83][gc,marking     ] GC(96) Concurrent Cleanup for Next Mark
[2022-05-19T09:58:23.604+0000][83][gc,marking     ] GC(96) Concurrent Cleanup for Next Mark 0.805ms
[2022-05-19T09:58:23.604+0000][83][gc             ] GC(96) Concurrent Mark Cycle 104.772ms
[2022-05-19T09:58:23.982+0000][83][gc,start       ] GC(97) Pause Young (Normal) (G1 Evacuation Pause)
[2022-05-19T09:58:23.982+0000][83][gc,task        ] GC(97) Using 10 workers of 10 for evacuation
[2022-05-19T09:58:23.983+0000][83][gc,age         ] GC(97) Desired survivor size 4194304 bytes, new threshold 7 (max threshold 15)
[2022-05-19T09:58:23.985+0000][83][gc,age         ] GC(97) Age table with threshold 7 (max threshold 15)
[2022-05-19T09:58:23.985+0000][83][gc,age         ] GC(97) - age   1:     657352 bytes,     657352 total
[2022-05-19T09:58:23.985+0000][83][gc,age         ] GC(97) - age   2:     722688 bytes,    1380040 total
[2022-05-19T09:58:23.985+0000][83][gc,age         ] GC(97) - age   3:     655680 bytes,    2035720 total
[2022-05-19T09:58:23.985+0000][83][gc,age         ] GC(97) - age   4:     703280 bytes,    2739000 total
[2022-05-19T09:58:23.985+0000][83][gc,age         ] GC(97) - age   5:     699912 bytes,    3438912 total
[2022-05-19T09:58:23.985+0000][83][gc,age         ] GC(97) - age   6:     655896 bytes,    4094808 total
[2022-05-19T09:58:23.985+0000][83][gc,age         ] GC(97) - age   7:     721616 bytes,    4816424 total
[2022-05-19T09:58:23.986+0000][83][gc,phases      ] GC(97)   Pre Evacuate Collection Set: 0.2ms
[2022-05-19T09:58:23.986+0000][83][gc,phases      ] GC(97)   Merge Heap Roots: 0.2ms
[2022-05-19T09:58:23.986+0000][83][gc,phases      ] GC(97)   Evacuate Collection Set: 1.0ms
[2022-05-19T09:58:23.986+0000][83][gc,phases      ] GC(97)   Post Evacuate Collection Set: 0.6ms
[2022-05-19T09:58:23.986+0000][83][gc,phases      ] GC(97)   Other: 1.6ms
[2022-05-19T09:58:23.986+0000][83][gc,heap        ] GC(97) Eden regions: 11->0(11)
[2022-05-19T09:58:23.986+0000][83][gc,heap        ] GC(97) Survivor regions: 2->2(2)
[2022-05-19T09:58:23.987+0000][83][gc,heap        ] GC(97) Old regions: 48->48
[2022-05-19T09:58:23.987+0000][83][gc,heap        ] GC(97) Archive regions: 2->2
[2022-05-19T09:58:23.987+0000][83][gc,heap        ] GC(97) Humongous regions: 43->43
[2022-05-19T09:58:23.987+0000][83][gc,metaspace   ] GC(97) Metaspace: 99692K(101184K)->99692K(101184K) NonClass: 85780K(86656K)->85780K(86656K) Class: 13912K(14528K)->13912K(14528K)
[2022-05-19T09:58:23.987+0000][83][gc             ] GC(97) Pause Young (Normal) (G1 Evacuation Pause) 393M->350M(512M) 4.872ms
[2022-05-19T09:58:23.987+0000][83][gc,cpu         ] GC(97) User=0.01s Sys=0.00s Real=0.00s
[2022-05-19T09:58:23.987+0000][83][safepoint      ] Safepoint "G1CollectForAllocation", Time since last: 379438800 ns, Reaching safepoint: 248200 ns, At safepoint: 5206700 ns, Total: 5454900 ns
[2022-05-19T09:58:24.377+0000][83][gc,start       ] GC(98) Pause Young (Concurrent Start) (G1 Evacuation Pause)
[2022-05-19T09:58:24.377+0000][83][gc,task        ] GC(98) Using 10 workers of 10 for evacuation
[2022-05-19T09:58:24.378+0000][83][gc,age         ] GC(98) Desired survivor size 4194304 bytes, new threshold 7 (max threshold 15)
[2022-05-19T09:58:24.382+0000][83][gc,age         ] GC(98) Age table with threshold 7 (max threshold 15)
[2022-05-19T09:58:24.382+0000][83][gc,age         ] GC(98) - age   1:     632640 bytes,     632640 total
[2022-05-19T09:58:24.382+0000][83][gc,age         ] GC(98) - age   2:     656992 bytes,    1289632 total
[2022-05-19T09:58:24.382+0000][83][gc,age         ] GC(98) - age   3:     721600 bytes,    2011232 total
[2022-05-19T09:58:24.383+0000][83][gc,age         ] GC(98) - age   4:     655680 bytes,    2666912 total
[2022-05-19T09:58:24.383+0000][83][gc,age         ] GC(98) - age   5:     703280 bytes,    3370192 total
[2022-05-19T09:58:24.383+0000][83][gc,age         ] GC(98) - age   6:     699912 bytes,    4070104 total
[2022-05-19T09:58:24.383+0000][83][gc,age         ] GC(98) - age   7:     655896 bytes,    4726000 total
[2022-05-19T09:58:24.383+0000][83][gc,phases      ] GC(98)   Pre Evacuate Collection Set: 0.3ms
[2022-05-19T09:58:24.383+0000][83][gc,phases      ] GC(98)   Merge Heap Roots: 0.2ms
[2022-05-19T09:58:24.383+0000][83][gc,phases      ] GC(98)   Evacuate Collection Set: 2.3ms
[2022-05-19T09:58:24.383+0000][83][gc,phases      ] GC(98)   Post Evacuate Collection Set: 1.0ms
[2022-05-19T09:58:24.384+0000][83][gc,phases      ] GC(98)   Other: 2.2ms
[2022-05-19T09:58:24.384+0000][83][gc,heap        ] GC(98) Eden regions: 11->0(11)
[2022-05-19T09:58:24.384+0000][83][gc,heap        ] GC(98) Survivor regions: 2->2(2)
[2022-05-19T09:58:24.384+0000][83][gc,heap        ] GC(98) Old regions: 48->48
[2022-05-19T09:58:24.384+0000][83][gc,heap        ] GC(98) Archive regions: 2->2
[2022-05-19T09:58:24.384+0000][83][gc,heap        ] GC(98) Humongous regions: 43->43
[2022-05-19T09:58:24.384+0000][83][gc,metaspace   ] GC(98) Metaspace: 99692K(101184K)->99692K(101184K) NonClass: 85780K(86656K)->85780K(86656K) Class: 13912K(14528K)->13912K(14528K)
[2022-05-19T09:58:24.384+0000][83][gc             ] GC(98) Pause Young (Concurrent Start) (G1 Evacuation Pause) 394M->350M(512M) 7.228ms
[2022-05-19T09:58:24.384+0000][83][gc,cpu         ] GC(98) User=0.02s Sys=0.00s Real=0.01s
[2022-05-19T09:58:24.385+0000][83][gc             ] GC(99) Concurrent Mark Cycle
[2022-05-19T09:58:24.385+0000][83][safepoint      ] Safepoint "G1CollectForAllocation", Time since last: 389437800 ns, Reaching safepoint: 247300 ns, At safepoint: 7582000 ns, Total: 7829300 ns
[2022-05-19T09:58:24.385+0000][83][gc,marking     ] GC(99) Concurrent Clear Claimed Marks
[2022-05-19T09:58:24.385+0000][83][gc,marking     ] GC(99) Concurrent Clear Claimed Marks 0.336ms
[2022-05-19T09:58:24.385+0000][83][gc,marking     ] GC(99) Concurrent Scan Root Regions
[2022-05-19T09:58:24.386+0000][83][gc,marking     ] GC(99) Concurrent Scan Root Regions 1.140ms
[2022-05-19T09:58:24.387+0000][83][gc,marking     ] GC(99) Concurrent Mark
[2022-05-19T09:58:24.387+0000][83][gc,marking     ] GC(99) Concurrent Mark From Roots
[2022-05-19T09:58:24.387+0000][83][gc,task        ] GC(99) Using 3 workers of 3 for marking
[2022-05-19T09:58:24.434+0000][83][gc,marking     ] GC(99) Concurrent Mark From Roots 46.955ms
[2022-05-19T09:58:24.434+0000][83][gc,marking     ] GC(99) Concurrent Preclean
[2022-05-19T09:58:24.435+0000][83][gc,marking     ] GC(99) Concurrent Preclean 0.570ms
[2022-05-19T09:58:24.435+0000][83][gc,start       ] GC(99) Pause Remark
[2022-05-19T09:58:24.438+0000][83][gc             ] GC(99) Pause Remark 354M->354M(512M) 2.937ms
[2022-05-19T09:58:24.438+0000][83][gc,cpu         ] GC(99) User=0.02s Sys=0.00s Real=0.00s
[2022-05-19T09:58:24.438+0000][83][safepoint      ] Safepoint "G1Concurrent", Time since last: 50220600 ns, Reaching safepoint: 193000 ns, At safepoint: 3443100 ns, Total: 3636100 ns
[2022-05-19T09:58:24.439+0000][83][gc,marking     ] GC(99) Concurrent Mark 52.127ms
[2022-05-19T09:58:24.439+0000][83][gc,marking     ] GC(99) Concurrent Rebuild Remembered Sets
[2022-05-19T09:58:24.467+0000][83][gc,marking     ] GC(99) Concurrent Rebuild Remembered Sets 28.041ms
[2022-05-19T09:58:24.468+0000][83][gc,start       ] GC(99) Pause Cleanup
[2022-05-19T09:58:24.468+0000][83][gc             ] GC(99) Pause Cleanup 357M->357M(512M) 0.352ms
[2022-05-19T09:58:24.468+0000][83][gc,cpu         ] GC(99) User=0.00s Sys=0.00s Real=0.00s
[2022-05-19T09:58:24.468+0000][83][safepoint      ] Safepoint "G1Concurrent", Time since last: 28691300 ns, Reaching safepoint: 314000 ns, At safepoint: 756300 ns, Total: 1070300 ns
[2022-05-19T09:58:24.468+0000][83][gc,marking     ] GC(99) Concurrent Cleanup for Next Mark
[2022-05-19T09:58:24.469+0000][83][gc,marking     ] GC(99) Concurrent Cleanup for Next Mark 0.453ms
[2022-05-19T09:58:24.469+0000][83][gc             ] GC(99) Concurrent Mark Cycle 84.500ms
[2022-05-19T09:58:24.762+0000][83][gc,start       ] GC(100) Pause Young (Normal) (G1 Evacuation Pause)
[2022-05-19T09:58:24.762+0000][83][gc,task        ] GC(100) Using 10 workers of 10 for evacuation
[2022-05-19T09:58:24.763+0000][83][gc,age         ] GC(100) Desired survivor size 4194304 bytes, new threshold 7 (max threshold 15)
[2022-05-19T09:58:24.765+0000][83][gc,age         ] GC(100) Age table with threshold 7 (max threshold 15)
[2022-05-19T09:58:24.766+0000][83][gc,age         ] GC(100) - age   1:     624008 bytes,     624008 total
[2022-05-19T09:58:24.766+0000][83][gc,age         ] GC(100) - age   2:     632280 bytes,    1256288 total
[2022-05-19T09:58:24.766+0000][83][gc,age         ] GC(100) - age   3:     656624 bytes,    1912912 total
[2022-05-19T09:58:24.766+0000][83][gc,age         ] GC(100) - age   4:     721280 bytes,    2634192 total
[2022-05-19T09:58:24.766+0000][83][gc,age         ] GC(100) - age   5:     655680 bytes,    3289872 total
[2022-05-19T09:58:24.767+0000][83][gc,age         ] GC(100) - age   6:     703248 bytes,    3993120 total
[2022-05-19T09:58:24.767+0000][83][gc,age         ] GC(100) - age   7:     699912 bytes,    4693032 total
[2022-05-19T09:58:24.767+0000][83][gc,phases      ] GC(100)   Pre Evacuate Collection Set: 0.3ms
[2022-05-19T09:58:24.767+0000][83][gc,phases      ] GC(100)   Merge Heap Roots: 0.2ms
[2022-05-19T09:58:24.767+0000][83][gc,phases      ] GC(100)   Evacuate Collection Set: 1.2ms
[2022-05-19T09:58:24.768+0000][83][gc,phases      ] GC(100)   Post Evacuate Collection Set: 0.8ms
[2022-05-19T09:58:24.768+0000][83][gc,phases      ] GC(100)   Other: 2.8ms
[2022-05-19T09:58:24.768+0000][83][gc,heap        ] GC(100) Eden regions: 11->0(11)
[2022-05-19T09:58:24.768+0000][83][gc,heap        ] GC(100) Survivor regions: 2->2(2)
[2022-05-19T09:58:24.768+0000][83][gc,heap        ] GC(100) Old regions: 48->48
[2022-05-19T09:58:24.768+0000][83][gc,heap        ] GC(100) Archive regions: 2->2
[2022-05-19T09:58:24.768+0000][83][gc,heap        ] GC(100) Humongous regions: 43->43
[2022-05-19T09:58:24.768+0000][83][gc,metaspace   ] GC(100) Metaspace: 99692K(101184K)->99692K(101184K) NonClass: 85780K(86656K)->85780K(86656K) Class: 13912K(14528K)->13912K(14528K)
[2022-05-19T09:58:24.769+0000][83][gc             ] GC(100) Pause Young (Normal) (G1 Evacuation Pause) 394M->351M(512M) 6.660ms
[2022-05-19T09:58:24.769+0000][83][gc,cpu         ] GC(100) User=0.01s Sys=0.00s Real=0.00s
[2022-05-19T09:58:24.769+0000][83][safepoint      ] Safepoint "G1CollectForAllocation", Time since last: 293288500 ns, Reaching safepoint: 296000 ns, At safepoint: 6946600 ns, Total: 7242600 ns
[2022-05-19T09:58:25.108+0000][83][gc,start       ] GC(101) Pause Young (Concurrent Start) (G1 Evacuation Pause)
[2022-05-19T09:58:25.108+0000][83][gc,task        ] GC(101) Using 10 workers of 10 for evacuation
[2022-05-19T09:58:25.109+0000][83][gc,age         ] GC(101) Desired survivor size 4194304 bytes, new threshold 7 (max threshold 15)
[2022-05-19T09:58:25.112+0000][83][gc,age         ] GC(101) Age table with threshold 7 (max threshold 15)
[2022-05-19T09:58:25.112+0000][83][gc,age         ] GC(101) - age   1:     624120 bytes,     624120 total
[2022-05-19T09:58:25.112+0000][83][gc,age         ] GC(101) - age   2:     623680 bytes,    1247800 total
[2022-05-19T09:58:25.112+0000][83][gc,age         ] GC(101) - age   3:     632280 bytes,    1880080 total
[2022-05-19T09:58:25.113+0000][83][gc,age         ] GC(101) - age   4:     655744 bytes,    2535824 total
[2022-05-19T09:58:25.113+0000][83][gc,age         ] GC(101) - age   5:     721280 bytes,    3257104 total
[2022-05-19T09:58:25.113+0000][83][gc,age         ] GC(101) - age   6:     655680 bytes,    3912784 total
[2022-05-19T09:58:25.113+0000][83][gc,age         ] GC(101) - age   7:     703248 bytes,    4616032 total
[2022-05-19T09:58:25.113+0000][83][gc,phases      ] GC(101)   Pre Evacuate Collection Set: 0.2ms
[2022-05-19T09:58:25.114+0000][83][gc,phases      ] GC(101)   Merge Heap Roots: 0.1ms
[2022-05-19T09:58:25.114+0000][83][gc,phases      ] GC(101)   Evacuate Collection Set: 1.4ms
[2022-05-19T09:58:25.114+0000][83][gc,phases      ] GC(101)   Post Evacuate Collection Set: 0.9ms
[2022-05-19T09:58:25.114+0000][83][gc,phases      ] GC(101)   Other: 2.7ms
[2022-05-19T09:58:25.114+0000][83][gc,heap        ] GC(101) Eden regions: 11->0(11)
[2022-05-19T09:58:25.115+0000][83][gc,heap        ] GC(101) Survivor regions: 2->2(2)
[2022-05-19T09:58:25.115+0000][83][gc,heap        ] GC(101) Old regions: 48->48
[2022-05-19T09:58:25.115+0000][83][gc,heap        ] GC(101) Archive regions: 2->2
[2022-05-19T09:58:25.115+0000][83][gc,heap        ] GC(101) Humongous regions: 43->43
[2022-05-19T09:58:25.115+0000][83][gc,metaspace   ] GC(101) Metaspace: 99692K(101184K)->99692K(101184K) NonClass: 85780K(86656K)->85780K(86656K) Class: 13912K(14528K)->13912K(14528K)
[2022-05-19T09:58:25.115+0000][83][gc             ] GC(101) Pause Young (Concurrent Start) (G1 Evacuation Pause) 395M->351M(512M) 7.385ms
[2022-05-19T09:58:25.116+0000][83][gc,cpu         ] GC(101) User=0.02s Sys=0.00s Real=0.01s
[2022-05-19T09:58:25.116+0000][83][gc             ] GC(102) Concurrent Mark Cycle
[2022-05-19T09:58:25.116+0000][83][gc,marking     ] GC(102) Concurrent Clear Claimed Marks
[2022-05-19T09:58:25.116+0000][83][safepoint      ] Safepoint "G1CollectForAllocation", Time since last: 339065300 ns, Reaching safepoint: 182900 ns, At safepoint: 7814600 ns, Total: 7997500 ns
[2022-05-19T09:58:25.116+0000][83][gc,marking     ] GC(102) Concurrent Clear Claimed Marks 0.193ms
[2022-05-19T09:58:25.116+0000][83][gc,marking     ] GC(102) Concurrent Scan Root Regions
[2022-05-19T09:58:25.117+0000][83][gc,marking     ] GC(102) Concurrent Scan Root Regions 0.839ms
[2022-05-19T09:58:25.117+0000][83][gc,marking     ] GC(102) Concurrent Mark
[2022-05-19T09:58:25.118+0000][83][gc,marking     ] GC(102) Concurrent Mark From Roots
[2022-05-19T09:58:25.118+0000][83][gc,task        ] GC(102) Using 3 workers of 3 for marking
[2022-05-19T09:58:25.157+0000][83][gc,marking     ] GC(102) Concurrent Mark From Roots 39.828ms
[2022-05-19T09:58:25.158+0000][83][gc,marking     ] GC(102) Concurrent Preclean
[2022-05-19T09:58:25.158+0000][83][gc,marking     ] GC(102) Concurrent Preclean 0.555ms
[2022-05-19T09:58:25.159+0000][83][gc,start       ] GC(102) Pause Remark
[2022-05-19T09:58:25.161+0000][83][gc             ] GC(102) Pause Remark 356M->356M(512M) 2.550ms
[2022-05-19T09:58:25.162+0000][83][gc,cpu         ] GC(102) User=0.02s Sys=0.00s Real=0.01s
[2022-05-19T09:58:25.162+0000][83][safepoint      ] Safepoint "G1Concurrent", Time since last: 42699800 ns, Reaching safepoint: 296000 ns, At safepoint: 2976400 ns, Total: 3272400 ns
[2022-05-19T09:58:25.162+0000][83][gc,marking     ] GC(102) Concurrent Mark 44.617ms
[2022-05-19T09:58:25.162+0000][83][gc,marking     ] GC(102) Concurrent Rebuild Remembered Sets
[2022-05-19T09:58:25.186+0000][83][gc,marking     ] GC(102) Concurrent Rebuild Remembered Sets 23.828ms
[2022-05-19T09:58:25.187+0000][83][gc,start       ] GC(102) Pause Cleanup
[2022-05-19T09:58:25.187+0000][83][gc             ] GC(102) Pause Cleanup 359M->359M(512M) 0.423ms
[2022-05-19T09:58:25.187+0000][83][gc,cpu         ] GC(102) User=0.00s Sys=0.00s Real=0.00s
[2022-05-19T09:58:25.188+0000][83][safepoint      ] Safepoint "G1Concurrent", Time since last: 24556200 ns, Reaching safepoint: 374300 ns, At safepoint: 1038000 ns, Total: 1412300 ns
[2022-05-19T09:58:25.188+0000][83][gc,marking     ] GC(102) Concurrent Cleanup for Next Mark
[2022-05-19T09:58:25.188+0000][83][gc,marking     ] GC(102) Concurrent Cleanup for Next Mark 0.368ms
[2022-05-19T09:58:25.189+0000][83][gc             ] GC(102) Concurrent Mark Cycle 72.706ms
[2022-05-19T09:58:25.465+0000][83][gc,start       ] GC(103) Pause Young (Normal) (G1 Evacuation Pause)
[2022-05-19T09:58:25.466+0000][83][gc,task        ] GC(103) Using 10 workers of 10 for evacuation
[2022-05-19T09:58:25.466+0000][83][gc,age         ] GC(103) Desired survivor size 4194304 bytes, new threshold 7 (max threshold 15)
[2022-05-19T09:58:25.468+0000][83][gc,age         ] GC(103) Age table with threshold 7 (max threshold 15)
[2022-05-19T09:58:25.468+0000][83][gc,age         ] GC(103) - age   1:     624720 bytes,     624720 total
[2022-05-19T09:58:25.469+0000][83][gc,age         ] GC(103) - age   2:     623776 bytes,    1248496 total
[2022-05-19T09:58:25.469+0000][83][gc,age         ] GC(103) - age   3:     623328 bytes,    1871824 total
[2022-05-19T09:58:25.469+0000][83][gc,age         ] GC(103) - age   4:     631224 bytes,    2503048 total
[2022-05-19T09:58:25.470+0000][83][gc,age         ] GC(103) - age   5:     655744 bytes,    3158792 total
[2022-05-19T09:58:25.470+0000][83][gc,age         ] GC(103) - age   6:     721248 bytes,    3880040 total
[2022-05-19T09:58:25.470+0000][83][gc,age         ] GC(103) - age   7:     655680 bytes,    4535720 total
[2022-05-19T09:58:25.470+0000][83][gc,phases      ] GC(103)   Pre Evacuate Collection Set: 0.2ms
[2022-05-19T09:58:25.471+0000][83][gc,phases      ] GC(103)   Merge Heap Roots: 0.1ms
[2022-05-19T09:58:25.471+0000][83][gc,phases      ] GC(103)   Evacuate Collection Set: 0.9ms
[2022-05-19T09:58:25.471+0000][83][gc,phases      ] GC(103)   Post Evacuate Collection Set: 0.7ms
[2022-05-19T09:58:25.471+0000][83][gc,phases      ] GC(103)   Other: 3.1ms
[2022-05-19T09:58:25.471+0000][83][gc,heap        ] GC(103) Eden regions: 11->0(10)
[2022-05-19T09:58:25.472+0000][83][gc,heap        ] GC(103) Survivor regions: 2->2(2)
[2022-05-19T09:58:25.472+0000][83][gc,heap        ] GC(103) Old regions: 48->49
[2022-05-19T09:58:25.472+0000][83][gc,heap        ] GC(103) Archive regions: 2->2
[2022-05-19T09:58:25.472+0000][83][gc,heap        ] GC(103) Humongous regions: 43->43
[2022-05-19T09:58:25.472+0000][83][gc,metaspace   ] GC(103) Metaspace: 99692K(101184K)->99692K(101184K) NonClass: 85780K(86656K)->85780K(86656K) Class: 13912K(14528K)->13912K(14528K)
[2022-05-19T09:58:25.472+0000][83][gc             ] GC(103) Pause Young (Normal) (G1 Evacuation Pause) 395M->352M(512M) 7.244ms
[2022-05-19T09:58:25.473+0000][83][gc,cpu         ] GC(103) User=0.02s Sys=0.00s Real=0.01s
[2022-05-19T09:58:25.473+0000][83][safepoint      ] Safepoint "G1CollectForAllocation", Time since last: 277236700 ns, Reaching safepoint: 193500 ns, At safepoint: 7652900 ns, Total: 7846400 ns
[2022-05-19T09:58:25.790+0000][83][gc,start       ] GC(104) Pause Young (Concurrent Start) (G1 Evacuation Pause)
[2022-05-19T09:58:25.791+0000][83][gc,task        ] GC(104) Using 10 workers of 10 for evacuation
[2022-05-19T09:58:25.791+0000][83][gc,age         ] GC(104) Desired survivor size 4194304 bytes, new threshold 7 (max threshold 15)
[2022-05-19T09:58:25.794+0000][83][gc,age         ] GC(104) Age table with threshold 7 (max threshold 15)
[2022-05-19T09:58:25.794+0000][83][gc,age         ] GC(104) - age   1:     591176 bytes,     591176 total
[2022-05-19T09:58:25.794+0000][83][gc,age         ] GC(104) - age   2:     624304 bytes,    1215480 total
[2022-05-19T09:58:25.794+0000][83][gc,age         ] GC(104) - age   3:     623776 bytes,    1839256 total
[2022-05-19T09:58:25.794+0000][83][gc,age         ] GC(104) - age   4:     622960 bytes,    2462216 total
[2022-05-19T09:58:25.795+0000][83][gc,age         ] GC(104) - age   5:     631224 bytes,    3093440 total
[2022-05-19T09:58:25.795+0000][83][gc,age         ] GC(104) - age   6:     655712 bytes,    3749152 total
[2022-05-19T09:58:25.795+0000][83][gc,age         ] GC(104) - age   7:     721248 bytes,    4470400 total
[2022-05-19T09:58:25.795+0000][83][gc,phases      ] GC(104)   Pre Evacuate Collection Set: 0.3ms
[2022-05-19T09:58:25.795+0000][83][gc,phases      ] GC(104)   Merge Heap Roots: 0.2ms
[2022-05-19T09:58:25.796+0000][83][gc,phases      ] GC(104)   Evacuate Collection Set: 1.4ms
[2022-05-19T09:58:25.796+0000][83][gc,phases      ] GC(104)   Post Evacuate Collection Set: 0.6ms
[2022-05-19T09:58:25.796+0000][83][gc,phases      ] GC(104)   Other: 2.5ms
[2022-05-19T09:58:25.796+0000][83][gc,heap        ] GC(104) Eden regions: 10->0(10)
[2022-05-19T09:58:25.796+0000][83][gc,heap        ] GC(104) Survivor regions: 2->2(2)
[2022-05-19T09:58:25.796+0000][83][gc,heap        ] GC(104) Old regions: 49->49
[2022-05-19T09:58:25.796+0000][83][gc,heap        ] GC(104) Archive regions: 2->2
[2022-05-19T09:58:25.797+0000][83][gc,heap        ] GC(104) Humongous regions: 43->43
[2022-05-19T09:58:25.797+0000][83][gc,metaspace   ] GC(104) Metaspace: 99692K(101184K)->99692K(101184K) NonClass: 85780K(86656K)->85780K(86656K) Class: 13912K(14528K)->13912K(14528K)
[2022-05-19T09:58:25.797+0000][83][gc             ] GC(104) Pause Young (Concurrent Start) (G1 Evacuation Pause) 392M->353M(512M) 6.468ms
[2022-05-19T09:58:25.797+0000][83][gc,cpu         ] GC(104) User=0.01s Sys=0.00s Real=0.00s
[2022-05-19T09:58:25.797+0000][83][gc             ] GC(105) Concurrent Mark Cycle
[2022-05-19T09:58:25.797+0000][83][safepoint      ] Safepoint "G1CollectForAllocation", Time since last: 317280000 ns, Reaching safepoint: 214500 ns, At safepoint: 6911400 ns, Total: 7125900 ns
[2022-05-19T09:58:25.797+0000][83][gc,marking     ] GC(105) Concurrent Clear Claimed Marks
[2022-05-19T09:58:25.798+0000][83][gc,marking     ] GC(105) Concurrent Clear Claimed Marks 0.499ms
[2022-05-19T09:58:25.798+0000][83][gc,marking     ] GC(105) Concurrent Scan Root Regions
[2022-05-19T09:58:25.799+0000][83][gc,marking     ] GC(105) Concurrent Scan Root Regions 1.291ms
[2022-05-19T09:58:25.800+0000][83][gc,marking     ] GC(105) Concurrent Mark
[2022-05-19T09:58:25.800+0000][83][gc,marking     ] GC(105) Concurrent Mark From Roots
[2022-05-19T09:58:25.800+0000][83][gc,task        ] GC(105) Using 3 workers of 3 for marking
[2022-05-19T09:58:25.849+0000][83][gc,marking     ] GC(105) Concurrent Mark From Roots 48.967ms
[2022-05-19T09:58:25.849+0000][83][gc,marking     ] GC(105) Concurrent Preclean
[2022-05-19T09:58:25.850+0000][83][gc,marking     ] GC(105) Concurrent Preclean 0.665ms
[2022-05-19T09:58:25.850+0000][83][gc,start       ] GC(105) Pause Remark
[2022-05-19T09:58:25.854+0000][83][gc             ] GC(105) Pause Remark 357M->357M(512M) 3.414ms
[2022-05-19T09:58:25.854+0000][83][gc,cpu         ] GC(105) User=0.02s Sys=0.01s Real=0.00s
[2022-05-19T09:58:25.855+0000][83][safepoint      ] Safepoint "G1Concurrent", Time since last: 52751000 ns, Reaching safepoint: 343300 ns, At safepoint: 4195400 ns, Total: 4538700 ns
[2022-05-19T09:58:25.855+0000][83][gc,marking     ] GC(105) Concurrent Mark 55.285ms
[2022-05-19T09:58:25.855+0000][83][gc,marking     ] GC(105) Concurrent Rebuild Remembered Sets
[2022-05-19T09:58:25.878+0000][83][gc,marking     ] GC(105) Concurrent Rebuild Remembered Sets 23.130ms
[2022-05-19T09:58:25.879+0000][83][gc,start       ] GC(105) Pause Cleanup
[2022-05-19T09:58:25.879+0000][83][gc             ] GC(105) Pause Cleanup 360M->360M(512M) 0.365ms
[2022-05-19T09:58:25.879+0000][83][gc,cpu         ] GC(105) User=0.00s Sys=0.00s Real=0.01s
[2022-05-19T09:58:25.879+0000][83][safepoint      ] Safepoint "G1Concurrent", Time since last: 23841500 ns, Reaching safepoint: 262200 ns, At safepoint: 706900 ns, Total: 969100 ns
[2022-05-19T09:58:25.880+0000][83][gc,marking     ] GC(105) Concurrent Cleanup for Next Mark
[2022-05-19T09:58:25.880+0000][83][gc,marking     ] GC(105) Concurrent Cleanup for Next Mark 0.501ms
[2022-05-19T09:58:25.881+0000][83][gc             ] GC(105) Concurrent Mark Cycle 83.229ms
[2022-05-19T09:58:26.134+0000][83][gc,start       ] GC(106) Pause Young (Normal) (G1 Evacuation Pause)
[2022-05-19T09:58:26.134+0000][83][gc,task        ] GC(106) Using 10 workers of 10 for evacuation
[2022-05-19T09:58:26.134+0000][83][gc,age         ] GC(106) Desired survivor size 4194304 bytes, new threshold 7 (max threshold 15)
[2022-05-19T09:58:26.137+0000][83][gc,age         ] GC(106) Age table with threshold 7 (max threshold 15)
[2022-05-19T09:58:26.137+0000][83][gc,age         ] GC(106) - age   1:     558824 bytes,     558824 total
[2022-05-19T09:58:26.137+0000][83][gc,age         ] GC(106) - age   2:     590760 bytes,    1149584 total
[2022-05-19T09:58:26.137+0000][83][gc,age         ] GC(106) - age   3:     624080 bytes,    1773664 total
[2022-05-19T09:58:26.137+0000][83][gc,age         ] GC(106) - age   4:     622896 bytes,    2396560 total
[2022-05-19T09:58:26.138+0000][83][gc,age         ] GC(106) - age   5:     622960 bytes,    3019520 total
[2022-05-19T09:58:26.138+0000][83][gc,age         ] GC(106) - age   6:     631224 bytes,    3650744 total
[2022-05-19T09:58:26.138+0000][83][gc,age         ] GC(106) - age   7:     655712 bytes,    4306456 total
[2022-05-19T09:58:26.138+0000][83][gc,phases      ] GC(106)   Pre Evacuate Collection Set: 0.2ms
[2022-05-19T09:58:26.138+0000][83][gc,phases      ] GC(106)   Merge Heap Roots: 0.1ms
[2022-05-19T09:58:26.138+0000][83][gc,phases      ] GC(106)   Evacuate Collection Set: 0.9ms
[2022-05-19T09:58:26.139+0000][83][gc,phases      ] GC(106)   Post Evacuate Collection Set: 0.6ms
[2022-05-19T09:58:26.139+0000][83][gc,phases      ] GC(106)   Other: 2.7ms
[2022-05-19T09:58:26.139+0000][83][gc,heap        ] GC(106) Eden regions: 10->0(10)
[2022-05-19T09:58:26.139+0000][83][gc,heap        ] GC(106) Survivor regions: 2->2(2)
[2022-05-19T09:58:26.139+0000][83][gc,heap        ] GC(106) Old regions: 49->49
[2022-05-19T09:58:26.139+0000][83][gc,heap        ] GC(106) Archive regions: 2->2
[2022-05-19T09:58:26.139+0000][83][gc,heap        ] GC(106) Humongous regions: 43->43
[2022-05-19T09:58:26.139+0000][83][gc,metaspace   ] GC(106) Metaspace: 99693K(101184K)->99693K(101184K) NonClass: 85780K(86656K)->85780K(86656K) Class: 13912K(14528K)->13912K(14528K)
[2022-05-19T09:58:26.139+0000][83][gc             ] GC(106) Pause Young (Normal) (G1 Evacuation Pause) 393M->353M(512M) 5.824ms
[2022-05-19T09:58:26.140+0000][83][gc,cpu         ] GC(106) User=0.01s Sys=0.00s Real=0.01s
[2022-05-19T09:58:26.140+0000][83][safepoint      ] Safepoint "G1CollectForAllocation", Time since last: 254011700 ns, Reaching safepoint: 225700 ns, At safepoint: 6147600 ns, Total: 6373300 ns
[2022-05-19T09:58:26.449+0000][83][gc,start       ] GC(107) Pause Young (Concurrent Start) (G1 Evacuation Pause)
[2022-05-19T09:58:26.449+0000][83][gc,task        ] GC(107) Using 10 workers of 10 for evacuation
[2022-05-19T09:58:26.450+0000][83][gc,age         ] GC(107) Desired survivor size 4194304 bytes, new threshold 7 (max threshold 15)
[2022-05-19T09:58:26.453+0000][83][gc,age         ] GC(107) Age table with threshold 7 (max threshold 15)
[2022-05-19T09:58:26.453+0000][83][gc,age         ] GC(107) - age   1:     559136 bytes,     559136 total
[2022-05-19T09:58:26.453+0000][83][gc,age         ] GC(107) - age   2:     558400 bytes,    1117536 total
[2022-05-19T09:58:26.453+0000][83][gc,age         ] GC(107) - age   3:     590728 bytes,    1708264 total
[2022-05-19T09:58:26.453+0000][83][gc,age         ] GC(107) - age   4:     622896 bytes,    2331160 total
[2022-05-19T09:58:26.454+0000][83][gc,age         ] GC(107) - age   5:     622896 bytes,    2954056 total
[2022-05-19T09:58:26.454+0000][83][gc,age         ] GC(107) - age   6:     622960 bytes,    3577016 total
[2022-05-19T09:58:26.454+0000][83][gc,age         ] GC(107) - age   7:     631224 bytes,    4208240 total
[2022-05-19T09:58:26.454+0000][83][gc,phases      ] GC(107)   Pre Evacuate Collection Set: 0.3ms
[2022-05-19T09:58:26.454+0000][83][gc,phases      ] GC(107)   Merge Heap Roots: 0.2ms
[2022-05-19T09:58:26.454+0000][83][gc,phases      ] GC(107)   Evacuate Collection Set: 1.7ms
[2022-05-19T09:58:26.455+0000][83][gc,phases      ] GC(107)   Post Evacuate Collection Set: 0.7ms
[2022-05-19T09:58:26.455+0000][83][gc,phases      ] GC(107)   Other: 2.2ms
[2022-05-19T09:58:26.455+0000][83][gc,heap        ] GC(107) Eden regions: 10->0(10)
[2022-05-19T09:58:26.455+0000][83][gc,heap        ] GC(107) Survivor regions: 2->2(2)
[2022-05-19T09:58:26.455+0000][83][gc,heap        ] GC(107) Old regions: 49->49
[2022-05-19T09:58:26.456+0000][83][gc,heap        ] GC(107) Archive regions: 2->2
[2022-05-19T09:58:26.456+0000][83][gc,heap        ] GC(107) Humongous regions: 43->43
[2022-05-19T09:58:26.456+0000][83][gc,metaspace   ] GC(107) Metaspace: 99693K(101184K)->99693K(101184K) NonClass: 85780K(86656K)->85780K(86656K) Class: 13912K(14528K)->13912K(14528K)
[2022-05-19T09:58:26.456+0000][83][gc             ] GC(107) Pause Young (Concurrent Start) (G1 Evacuation Pause) 393M->354M(512M) 7.007ms
[2022-05-19T09:58:26.456+0000][83][gc,cpu         ] GC(107) User=0.02s Sys=0.00s Real=0.00s
[2022-05-19T09:58:26.456+0000][83][gc             ] GC(108) Concurrent Mark Cycle
[2022-05-19T09:58:26.456+0000][83][safepoint      ] Safepoint "G1CollectForAllocation", Time since last: 308945200 ns, Reaching safepoint: 274000 ns, At safepoint: 7378200 ns, Total: 7652200 ns
[2022-05-19T09:58:26.456+0000][83][gc,marking     ] GC(108) Concurrent Clear Claimed Marks
[2022-05-19T09:58:26.457+0000][83][gc,marking     ] GC(108) Concurrent Clear Claimed Marks 0.384ms
[2022-05-19T09:58:26.457+0000][83][gc,marking     ] GC(108) Concurrent Scan Root Regions
[2022-05-19T09:58:26.459+0000][83][gc,marking     ] GC(108) Concurrent Scan Root Regions 1.738ms
[2022-05-19T09:58:26.459+0000][83][gc,marking     ] GC(108) Concurrent Mark
[2022-05-19T09:58:26.459+0000][83][gc,marking     ] GC(108) Concurrent Mark From Roots
[2022-05-19T09:58:26.459+0000][83][gc,task        ] GC(108) Using 3 workers of 3 for marking
[2022-05-19T09:58:26.500+0000][83][gc,marking     ] GC(108) Concurrent Mark From Roots 40.451ms
[2022-05-19T09:58:26.500+0000][83][gc,marking     ] GC(108) Concurrent Preclean
[2022-05-19T09:58:26.501+0000][83][gc,marking     ] GC(108) Concurrent Preclean 0.663ms
[2022-05-19T09:58:26.501+0000][83][gc,start       ] GC(108) Pause Remark
[2022-05-19T09:58:26.504+0000][83][gc             ] GC(108) Pause Remark 358M->358M(512M) 2.690ms
[2022-05-19T09:58:26.504+0000][83][gc,cpu         ] GC(108) User=0.01s Sys=0.00s Real=0.00s
[2022-05-19T09:58:26.504+0000][83][safepoint      ] Safepoint "G1Concurrent", Time since last: 44555100 ns, Reaching safepoint: 251900 ns, At safepoint: 3208400 ns, Total: 3460300 ns
[2022-05-19T09:58:26.505+0000][83][gc,marking     ] GC(108) Concurrent Mark 45.662ms
[2022-05-19T09:58:26.505+0000][83][gc,marking     ] GC(108) Concurrent Rebuild Remembered Sets
[2022-05-19T09:58:26.524+0000][83][gc,marking     ] GC(108) Concurrent Rebuild Remembered Sets 19.320ms
[2022-05-19T09:58:26.525+0000][83][gc,start       ] GC(108) Pause Cleanup
[2022-05-19T09:58:26.525+0000][83][gc             ] GC(108) Pause Cleanup 362M->362M(512M) 0.342ms
[2022-05-19T09:58:26.525+0000][83][gc,cpu         ] GC(108) User=0.00s Sys=0.00s Real=0.00s
[2022-05-19T09:58:26.525+0000][83][safepoint      ] Safepoint "G1Concurrent", Time since last: 19919100 ns, Reaching safepoint: 256500 ns, At safepoint: 688500 ns, Total: 945000 ns
[2022-05-19T09:58:26.525+0000][83][gc,marking     ] GC(108) Concurrent Cleanup for Next Mark
[2022-05-19T09:58:26.526+0000][83][gc,marking     ] GC(108) Concurrent Cleanup for Next Mark 0.312ms
[2022-05-19T09:58:26.526+0000][83][gc             ] GC(108) Concurrent Mark Cycle 69.620ms
[2022-05-19T09:58:26.787+0000][83][gc,start       ] GC(109) Pause Young (Normal) (G1 Evacuation Pause)
[2022-05-19T09:58:26.787+0000][83][gc,task        ] GC(109) Using 10 workers of 10 for evacuation
[2022-05-19T09:58:26.787+0000][83][gc,age         ] GC(109) Desired survivor size 4194304 bytes, new threshold 7 (max threshold 15)
[2022-05-19T09:58:26.790+0000][83][gc,age         ] GC(109) Age table with threshold 7 (max threshold 15)
[2022-05-19T09:58:26.790+0000][83][gc,age         ] GC(109) - age   1:     591128 bytes,     591128 total
[2022-05-19T09:58:26.790+0000][83][gc,age         ] GC(109) - age   2:     558832 bytes,    1149960 total
[2022-05-19T09:58:26.790+0000][83][gc,age         ] GC(109) - age   3:     558400 bytes,    1708360 total
[2022-05-19T09:58:26.791+0000][83][gc,age         ] GC(109) - age   4:     590360 bytes,    2298720 total
[2022-05-19T09:58:26.791+0000][83][gc,age         ] GC(109) - age   5:     622896 bytes,    2921616 total
[2022-05-19T09:58:26.791+0000][83][gc,age         ] GC(109) - age   6:     622896 bytes,    3544512 total
[2022-05-19T09:58:26.791+0000][83][gc,age         ] GC(109) - age   7:     622928 bytes,    4167440 total
[2022-05-19T09:58:26.791+0000][83][gc,phases      ] GC(109)   Pre Evacuate Collection Set: 0.2ms
[2022-05-19T09:58:26.791+0000][83][gc,phases      ] GC(109)   Merge Heap Roots: 0.1ms
[2022-05-19T09:58:26.791+0000][83][gc,phases      ] GC(109)   Evacuate Collection Set: 1.1ms
[2022-05-19T09:58:26.792+0000][83][gc,phases      ] GC(109)   Post Evacuate Collection Set: 0.8ms
[2022-05-19T09:58:26.792+0000][83][gc,phases      ] GC(109)   Other: 2.3ms
[2022-05-19T09:58:26.792+0000][83][gc,heap        ] GC(109) Eden regions: 10->0(12)
[2022-05-19T09:58:26.792+0000][83][gc,heap        ] GC(109) Survivor regions: 2->1(2)
[2022-05-19T09:58:26.792+0000][83][gc,heap        ] GC(109) Old regions: 49->49
[2022-05-19T09:58:26.792+0000][83][gc,heap        ] GC(109) Archive regions: 2->2
[2022-05-19T09:58:26.792+0000][83][gc,heap        ] GC(109) Humongous regions: 43->43
[2022-05-19T09:58:26.792+0000][83][gc,metaspace   ] GC(109) Metaspace: 99693K(101184K)->99693K(101184K) NonClass: 85780K(86656K)->85780K(86656K) Class: 13912K(14528K)->13912K(14528K)
[2022-05-19T09:58:26.793+0000][83][gc             ] GC(109) Pause Young (Normal) (G1 Evacuation Pause) 394M->354M(512M) 5.707ms
[2022-05-19T09:58:26.793+0000][83][gc,cpu         ] GC(109) User=0.01s Sys=0.01s Real=0.01s
[2022-05-19T09:58:26.793+0000][83][safepoint      ] Safepoint "G1CollectForAllocation", Time since last: 261340000 ns, Reaching safepoint: 185500 ns, At safepoint: 5986700 ns, Total: 6172200 ns
[2022-05-19T09:58:27.187+0000][83][gc,start       ] GC(110) Pause Young (Concurrent Start) (G1 Evacuation Pause)
[2022-05-19T09:58:27.187+0000][83][gc,task        ] GC(110) Using 10 workers of 10 for evacuation
[2022-05-19T09:58:27.188+0000][83][gc,age         ] GC(110) Desired survivor size 4194304 bytes, new threshold 15 (max threshold 15)
[2022-05-19T09:58:27.190+0000][83][gc,age         ] GC(110) Age table with threshold 15 (max threshold 15)
[2022-05-19T09:58:27.191+0000][83][gc,age         ] GC(110) - age   1:     722728 bytes,     722728 total
[2022-05-19T09:58:27.191+0000][83][gc,age         ] GC(110) - age   2:     590752 bytes,    1313480 total
[2022-05-19T09:58:27.191+0000][83][gc,age         ] GC(110) - age   3:     558800 bytes,    1872280 total
[2022-05-19T09:58:27.191+0000][83][gc,age         ] GC(110) - age   4:     557328 bytes,    2429608 total
[2022-05-19T09:58:27.191+0000][83][gc,age         ] GC(110) - age   5:     590360 bytes,    3019968 total
[2022-05-19T09:58:27.191+0000][83][gc,age         ] GC(110) - age   6:     622896 bytes,    3642864 total
[2022-05-19T09:58:27.192+0000][83][gc,age         ] GC(110) - age   7:     622896 bytes,    4265760 total
[2022-05-19T09:58:27.192+0000][83][gc,age         ] GC(110) - age   8:     622928 bytes,    4888688 total
[2022-05-19T09:58:27.192+0000][83][gc,phases      ] GC(110)   Pre Evacuate Collection Set: 0.3ms
[2022-05-19T09:58:27.192+0000][83][gc,phases      ] GC(110)   Merge Heap Roots: 0.2ms
[2022-05-19T09:58:27.192+0000][83][gc,phases      ] GC(110)   Evacuate Collection Set: 1.4ms
[2022-05-19T09:58:27.192+0000][83][gc,phases      ] GC(110)   Post Evacuate Collection Set: 0.6ms
[2022-05-19T09:58:27.192+0000][83][gc,phases      ] GC(110)   Other: 2.4ms
[2022-05-19T09:58:27.192+0000][83][gc,heap        ] GC(110) Eden regions: 12->0(10)
[2022-05-19T09:58:27.193+0000][83][gc,heap        ] GC(110) Survivor regions: 1->2(2)
[2022-05-19T09:58:27.193+0000][83][gc,heap        ] GC(110) Old regions: 49->49
[2022-05-19T09:58:27.193+0000][83][gc,heap        ] GC(110) Archive regions: 2->2
[2022-05-19T09:58:27.193+0000][83][gc,heap        ] GC(110) Humongous regions: 43->43
[2022-05-19T09:58:27.193+0000][83][gc,metaspace   ] GC(110) Metaspace: 99693K(101184K)->99693K(101184K) NonClass: 85781K(86656K)->85781K(86656K) Class: 13912K(14528K)->13912K(14528K)
[2022-05-19T09:58:27.193+0000][83][gc             ] GC(110) Pause Young (Concurrent Start) (G1 Evacuation Pause) 402M->355M(512M) 6.101ms
[2022-05-19T09:58:27.193+0000][83][gc,cpu         ] GC(110) User=0.01s Sys=0.00s Real=0.01s
[2022-05-19T09:58:27.193+0000][83][gc             ] GC(111) Concurrent Mark Cycle
[2022-05-19T09:58:27.194+0000][83][gc,marking     ] GC(111) Concurrent Clear Claimed Marks
[2022-05-19T09:58:27.193+0000][83][safepoint      ] Safepoint "G1CollectForAllocation", Time since last: 394092700 ns, Reaching safepoint: 204800 ns, At safepoint: 6420400 ns, Total: 6625200 ns
[2022-05-19T09:58:27.194+0000][83][gc,marking     ] GC(111) Concurrent Clear Claimed Marks 0.207ms
[2022-05-19T09:58:27.194+0000][83][gc,marking     ] GC(111) Concurrent Scan Root Regions
[2022-05-19T09:58:27.195+0000][83][gc,marking     ] GC(111) Concurrent Scan Root Regions 1.034ms
[2022-05-19T09:58:27.195+0000][83][gc,marking     ] GC(111) Concurrent Mark
[2022-05-19T09:58:27.196+0000][83][gc,marking     ] GC(111) Concurrent Mark From Roots
[2022-05-19T09:58:27.196+0000][83][gc,task        ] GC(111) Using 3 workers of 3 for marking
[2022-05-19T09:58:27.240+0000][83][gc,marking     ] GC(111) Concurrent Mark From Roots 44.095ms
[2022-05-19T09:58:27.240+0000][83][gc,marking     ] GC(111) Concurrent Preclean
[2022-05-19T09:58:27.240+0000][83][gc,marking     ] GC(111) Concurrent Preclean 0.496ms
[2022-05-19T09:58:27.241+0000][83][gc,start       ] GC(111) Pause Remark
[2022-05-19T09:58:27.243+0000][83][gc             ] GC(111) Pause Remark 360M->360M(512M) 2.571ms
[2022-05-19T09:58:27.244+0000][83][gc,cpu         ] GC(111) User=0.02s Sys=0.00s Real=0.00s
[2022-05-19T09:58:27.244+0000][83][safepoint      ] Safepoint "G1Concurrent", Time since last: 47165400 ns, Reaching safepoint: 256500 ns, At safepoint: 2951000 ns, Total: 3207500 ns
[2022-05-19T09:58:27.244+0000][83][gc,marking     ] GC(111) Concurrent Mark 48.621ms
[2022-05-19T09:58:27.244+0000][83][gc,marking     ] GC(111) Concurrent Rebuild Remembered Sets
[2022-05-19T09:58:27.268+0000][83][gc,marking     ] GC(111) Concurrent Rebuild Remembered Sets 23.687ms
[2022-05-19T09:58:27.268+0000][83][gc,start       ] GC(111) Pause Cleanup
[2022-05-19T09:58:27.269+0000][83][gc             ] GC(111) Pause Cleanup 363M->363M(512M) 0.312ms
[2022-05-19T09:58:27.269+0000][83][gc,cpu         ] GC(111) User=0.00s Sys=0.00s Real=0.00s
[2022-05-19T09:58:27.269+0000][83][safepoint      ] Safepoint "G1Concurrent", Time since last: 24300100 ns, Reaching safepoint: 261800 ns, At safepoint: 658100 ns, Total: 919900 ns
[2022-05-19T09:58:27.269+0000][83][gc,marking     ] GC(111) Concurrent Cleanup for Next Mark
[2022-05-19T09:58:27.270+0000][83][gc,marking     ] GC(111) Concurrent Cleanup for Next Mark 0.343ms
[2022-05-19T09:58:27.270+0000][83][gc             ] GC(111) Concurrent Mark Cycle 76.262ms
[2022-05-19T09:58:27.513+0000][83][gc,start       ] GC(112) Pause Young (Normal) (G1 Evacuation Pause)
[2022-05-19T09:58:27.514+0000][83][gc,task        ] GC(112) Using 10 workers of 10 for evacuation
[2022-05-19T09:58:27.514+0000][83][gc,age         ] GC(112) Desired survivor size 4194304 bytes, new threshold 7 (max threshold 15)
[2022-05-19T09:58:27.516+0000][83][gc,age         ] GC(112) Age table with threshold 7 (max threshold 15)
[2022-05-19T09:58:27.516+0000][83][gc,age         ] GC(112) - age   1:     559496 bytes,     559496 total
[2022-05-19T09:58:27.516+0000][83][gc,age         ] GC(112) - age   2:     722320 bytes,    1281816 total
[2022-05-19T09:58:27.517+0000][83][gc,age         ] GC(112) - age   3:     590360 bytes,    1872176 total
[2022-05-19T09:58:27.517+0000][83][gc,age         ] GC(112) - age   4:     557616 bytes,    2429792 total
[2022-05-19T09:58:27.517+0000][83][gc,age         ] GC(112) - age   5:     557328 bytes,    2987120 total
[2022-05-19T09:58:27.517+0000][83][gc,age         ] GC(112) - age   6:     590328 bytes,    3577448 total
[2022-05-19T09:58:27.517+0000][83][gc,age         ] GC(112) - age   7:     622896 bytes,    4200344 total
[2022-05-19T09:58:27.518+0000][83][gc,phases      ] GC(112)   Pre Evacuate Collection Set: 0.2ms
[2022-05-19T09:58:27.518+0000][83][gc,phases      ] GC(112)   Merge Heap Roots: 0.1ms
[2022-05-19T09:58:27.518+0000][83][gc,phases      ] GC(112)   Evacuate Collection Set: 1.1ms
[2022-05-19T09:58:27.518+0000][83][gc,phases      ] GC(112)   Post Evacuate Collection Set: 0.6ms
[2022-05-19T09:58:27.518+0000][83][gc,phases      ] GC(112)   Other: 2.3ms
[2022-05-19T09:58:27.518+0000][83][gc,heap        ] GC(112) Eden regions: 10->0(10)
[2022-05-19T09:58:27.519+0000][83][gc,heap        ] GC(112) Survivor regions: 2->2(2)
[2022-05-19T09:58:27.519+0000][83][gc,heap        ] GC(112) Old regions: 49->49
[2022-05-19T09:58:27.519+0000][83][gc,heap        ] GC(112) Archive regions: 2->2
[2022-05-19T09:58:27.519+0000][83][gc,heap        ] GC(112) Humongous regions: 43->43
[2022-05-19T09:58:27.519+0000][83][gc,metaspace   ] GC(112) Metaspace: 99694K(101184K)->99694K(101184K) NonClass: 85781K(86656K)->85781K(86656K) Class: 13912K(14528K)->13912K(14528K)
[2022-05-19T09:58:27.519+0000][83][gc             ] GC(112) Pause Young (Normal) (G1 Evacuation Pause) 395M->355M(512M) 5.951ms
[2022-05-19T09:58:27.519+0000][83][gc,cpu         ] GC(112) User=0.01s Sys=0.00s Real=0.01s
[2022-05-19T09:58:27.520+0000][83][safepoint      ] Safepoint "G1CollectForAllocation", Time since last: 244074800 ns, Reaching safepoint: 180700 ns, At safepoint: 6219800 ns, Total: 6400500 ns
[2022-05-19T09:58:27.821+0000][83][gc,start       ] GC(113) Pause Young (Concurrent Start) (G1 Evacuation Pause)
[2022-05-19T09:58:27.821+0000][83][gc,task        ] GC(113) Using 10 workers of 10 for evacuation
[2022-05-19T09:58:27.821+0000][83][gc,age         ] GC(113) Desired survivor size 4194304 bytes, new threshold 7 (max threshold 15)
[2022-05-19T09:58:27.824+0000][83][gc,age         ] GC(113) Age table with threshold 7 (max threshold 15)
[2022-05-19T09:58:27.824+0000][83][gc,age         ] GC(113) - age   1:     557888 bytes,     557888 total
[2022-05-19T09:58:27.824+0000][83][gc,age         ] GC(113) - age   2:     558976 bytes,    1116864 total
[2022-05-19T09:58:27.825+0000][83][gc,age         ] GC(113) - age   3:     722320 bytes,    1839184 total
[2022-05-19T09:58:27.825+0000][83][gc,age         ] GC(113) - age   4:     590360 bytes,    2429544 total
[2022-05-19T09:58:27.825+0000][83][gc,age         ] GC(113) - age   5:     557616 bytes,    2987160 total
[2022-05-19T09:58:27.825+0000][83][gc,age         ] GC(113) - age   6:     557328 bytes,    3544488 total
[2022-05-19T09:58:27.825+0000][83][gc,age         ] GC(113) - age   7:     590328 bytes,    4134816 total
[2022-05-19T09:58:27.826+0000][83][gc,phases      ] GC(113)   Pre Evacuate Collection Set: 0.3ms
[2022-05-19T09:58:27.826+0000][83][gc,phases      ] GC(113)   Merge Heap Roots: 0.2ms
[2022-05-19T09:58:27.826+0000][83][gc,phases      ] GC(113)   Evacuate Collection Set: 1.3ms
[2022-05-19T09:58:27.826+0000][83][gc,phases      ] GC(113)   Post Evacuate Collection Set: 0.6ms
[2022-05-19T09:58:27.826+0000][83][gc,phases      ] GC(113)   Other: 2.7ms
[2022-05-19T09:58:27.827+0000][83][gc,heap        ] GC(113) Eden regions: 10->0(11)
[2022-05-19T09:58:27.827+0000][83][gc,heap        ] GC(113) Survivor regions: 2->1(2)
[2022-05-19T09:58:27.827+0000][83][gc,heap        ] GC(113) Old regions: 49->50
[2022-05-19T09:58:27.827+0000][83][gc,heap        ] GC(113) Archive regions: 2->2
[2022-05-19T09:58:27.827+0000][83][gc,heap        ] GC(113) Humongous regions: 43->43
[2022-05-19T09:58:27.828+0000][83][gc,metaspace   ] GC(113) Metaspace: 99694K(101184K)->99694K(101184K) NonClass: 85781K(86656K)->85781K(86656K) Class: 13912K(14528K)->13912K(14528K)
[2022-05-19T09:58:27.828+0000][83][gc             ] GC(113) Pause Young (Concurrent Start) (G1 Evacuation Pause) 395M->356M(512M) 7.109ms
[2022-05-19T09:58:27.828+0000][83][gc,cpu         ] GC(113) User=0.01s Sys=0.00s Real=0.00s
[2022-05-19T09:58:27.828+0000][83][gc             ] GC(114) Concurrent Mark Cycle
[2022-05-19T09:58:27.828+0000][83][gc,marking     ] GC(114) Concurrent Clear Claimed Marks
[2022-05-19T09:58:27.828+0000][83][safepoint      ] Safepoint "G1CollectForAllocation", Time since last: 300843400 ns, Reaching safepoint: 184300 ns, At safepoint: 7470800 ns, Total: 7655100 ns
[2022-05-19T09:58:27.828+0000][83][gc,marking     ] GC(114) Concurrent Clear Claimed Marks 0.176ms
[2022-05-19T09:58:27.829+0000][83][gc,marking     ] GC(114) Concurrent Scan Root Regions
[2022-05-19T09:58:27.829+0000][83][gc,marking     ] GC(114) Concurrent Scan Root Regions 0.920ms
[2022-05-19T09:58:27.830+0000][83][gc,marking     ] GC(114) Concurrent Mark
[2022-05-19T09:58:27.830+0000][83][gc,marking     ] GC(114) Concurrent Mark From Roots
[2022-05-19T09:58:27.830+0000][83][gc,task        ] GC(114) Using 3 workers of 3 for marking
[2022-05-19T09:58:27.872+0000][83][gc,marking     ] GC(114) Concurrent Mark From Roots 42.443ms
[2022-05-19T09:58:27.873+0000][83][gc,marking     ] GC(114) Concurrent Preclean
[2022-05-19T09:58:27.873+0000][83][gc,marking     ] GC(114) Concurrent Preclean 0.616ms
[2022-05-19T09:58:27.874+0000][83][gc,start       ] GC(114) Pause Remark
[2022-05-19T09:58:27.877+0000][83][gc             ] GC(114) Pause Remark 362M->362M(512M) 2.892ms
[2022-05-19T09:58:27.877+0000][83][gc,cpu         ] GC(114) User=0.02s Sys=0.01s Real=0.00s
[2022-05-19T09:58:27.877+0000][83][safepoint      ] Safepoint "G1Concurrent", Time since last: 45394700 ns, Reaching safepoint: 266800 ns, At safepoint: 3329300 ns, Total: 3596100 ns
[2022-05-19T09:58:27.877+0000][83][gc,marking     ] GC(114) Concurrent Mark 47.611ms
[2022-05-19T09:58:27.877+0000][83][gc,marking     ] GC(114) Concurrent Rebuild Remembered Sets
[2022-05-19T09:58:27.901+0000][83][gc,marking     ] GC(114) Concurrent Rebuild Remembered Sets 23.902ms
[2022-05-19T09:58:27.902+0000][83][gc,start       ] GC(114) Pause Cleanup
[2022-05-19T09:58:27.902+0000][83][gc             ] GC(114) Pause Cleanup 365M->365M(512M) 0.350ms
[2022-05-19T09:58:27.903+0000][83][gc,cpu         ] GC(114) User=0.00s Sys=0.00s Real=0.00s
[2022-05-19T09:58:27.903+0000][83][safepoint      ] Safepoint "G1Concurrent", Time since last: 24679400 ns, Reaching safepoint: 306700 ns, At safepoint: 753400 ns, Total: 1060100 ns
[2022-05-19T09:58:27.903+0000][83][gc,marking     ] GC(114) Concurrent Cleanup for Next Mark
[2022-05-19T09:58:27.904+0000][83][gc,marking     ] GC(114) Concurrent Cleanup for Next Mark 0.488ms
[2022-05-19T09:58:27.904+0000][83][gc             ] GC(114) Concurrent Mark Cycle 75.949ms
[2022-05-19T09:58:28.173+0000][83][gc,start       ] GC(115) Pause Young (Normal) (G1 Evacuation Pause)
[2022-05-19T09:58:28.173+0000][83][gc,task        ] GC(115) Using 10 workers of 10 for evacuation
[2022-05-19T09:58:28.173+0000][83][gc,age         ] GC(115) Desired survivor size 4194304 bytes, new threshold 15 (max threshold 15)
[2022-05-19T09:58:28.175+0000][83][gc,age         ] GC(115) Age table with threshold 15 (max threshold 15)
[2022-05-19T09:58:28.176+0000][83][gc,age         ] GC(115) - age   1:     624400 bytes,     624400 total
[2022-05-19T09:58:28.176+0000][83][gc,age         ] GC(115) - age   2:     557544 bytes,    1181944 total
[2022-05-19T09:58:28.176+0000][83][gc,age         ] GC(115) - age   3:     558944 bytes,    1740888 total
[2022-05-19T09:58:28.177+0000][83][gc,age         ] GC(115) - age   4:     721248 bytes,    2462136 total
[2022-05-19T09:58:28.177+0000][83][gc,age         ] GC(115) - age   5:     590360 bytes,    3052496 total
[2022-05-19T09:58:28.177+0000][83][gc,age         ] GC(115) - age   6:     557616 bytes,    3610112 total
[2022-05-19T09:58:28.177+0000][83][gc,age         ] GC(115) - age   7:     557328 bytes,    4167440 total
[2022-05-19T09:58:28.177+0000][83][gc,age         ] GC(115) - age   8:     590328 bytes,    4757768 total
[2022-05-19T09:58:28.178+0000][83][gc,phases      ] GC(115)   Pre Evacuate Collection Set: 0.2ms
[2022-05-19T09:58:28.178+0000][83][gc,phases      ] GC(115)   Merge Heap Roots: 0.1ms
[2022-05-19T09:58:28.178+0000][83][gc,phases      ] GC(115)   Evacuate Collection Set: 0.8ms
[2022-05-19T09:58:28.178+0000][83][gc,phases      ] GC(115)   Post Evacuate Collection Set: 0.7ms
[2022-05-19T09:58:28.178+0000][83][gc,phases      ] GC(115)   Other: 3.1ms
[2022-05-19T09:58:28.179+0000][83][gc,heap        ] GC(115) Eden regions: 11->0(9)
[2022-05-19T09:58:28.179+0000][83][gc,heap        ] GC(115) Survivor regions: 1->2(2)
[2022-05-19T09:58:28.179+0000][83][gc,heap        ] GC(115) Old regions: 50->50
[2022-05-19T09:58:28.179+0000][83][gc,heap        ] GC(115) Archive regions: 2->2
[2022-05-19T09:58:28.179+0000][83][gc,heap        ] GC(115) Humongous regions: 43->43
[2022-05-19T09:58:28.180+0000][83][gc,metaspace   ] GC(115) Metaspace: 99694K(101184K)->99694K(101184K) NonClass: 85781K(86656K)->85781K(86656K) Class: 13912K(14528K)->13912K(14528K)
[2022-05-19T09:58:28.180+0000][83][gc             ] GC(115) Pause Young (Normal) (G1 Evacuation Pause) 400M->357M(512M) 6.927ms
[2022-05-19T09:58:28.180+0000][83][gc,cpu         ] GC(115) User=0.01s Sys=0.00s Real=0.01s
[2022-05-19T09:58:28.180+0000][83][safepoint      ] Safepoint "G1CollectForAllocation", Time since last: 269815600 ns, Reaching safepoint: 181400 ns, At safepoint: 7292400 ns, Total: 7473800 ns
[2022-05-19T09:58:28.449+0000][83][gc,start       ] GC(116) Pause Young (Concurrent Start) (G1 Evacuation Pause)
[2022-05-19T09:58:28.449+0000][83][gc,task        ] GC(116) Using 10 workers of 10 for evacuation
[2022-05-19T09:58:28.449+0000][83][gc,age         ] GC(116) Desired survivor size 4194304 bytes, new threshold 8 (max threshold 15)
[2022-05-19T09:58:28.452+0000][83][gc,age         ] GC(116) Age table with threshold 8 (max threshold 15)
[2022-05-19T09:58:28.453+0000][83][gc,age         ] GC(116) - age   1:     558992 bytes,     558992 total
[2022-05-19T09:58:28.453+0000][83][gc,age         ] GC(116) - age   2:     623968 bytes,    1182960 total
[2022-05-19T09:58:28.453+0000][83][gc,age         ] GC(116) - age   3:     557544 bytes,    1740504 total
[2022-05-19T09:58:28.453+0000][83][gc,age         ] GC(116) - age   4:     557760 bytes,    2298264 total
[2022-05-19T09:58:28.454+0000][83][gc,age         ] GC(116) - age   5:     721248 bytes,    3019512 total
[2022-05-19T09:58:28.454+0000][83][gc,age         ] GC(116) - age   6:     590360 bytes,    3609872 total
[2022-05-19T09:58:28.454+0000][83][gc,age         ] GC(116) - age   7:     557616 bytes,    4167488 total
[2022-05-19T09:58:28.454+0000][83][gc,age         ] GC(116) - age   8:     557328 bytes,    4724816 total
[2022-05-19T09:58:28.454+0000][83][gc,phases      ] GC(116)   Pre Evacuate Collection Set: 0.3ms
[2022-05-19T09:58:28.454+0000][83][gc,phases      ] GC(116)   Merge Heap Roots: 0.2ms
[2022-05-19T09:58:28.455+0000][83][gc,phases      ] GC(116)   Evacuate Collection Set: 1.8ms
[2022-05-19T09:58:28.455+0000][83][gc,phases      ] GC(116)   Post Evacuate Collection Set: 0.7ms
[2022-05-19T09:58:28.455+0000][83][gc,phases      ] GC(116)   Other: 2.5ms
[2022-05-19T09:58:28.455+0000][83][gc,heap        ] GC(116) Eden regions: 9->0(9)
[2022-05-19T09:58:28.455+0000][83][gc,heap        ] GC(116) Survivor regions: 2->2(2)
[2022-05-19T09:58:28.455+0000][83][gc,heap        ] GC(116) Old regions: 50->50
[2022-05-19T09:58:28.455+0000][83][gc,heap        ] GC(116) Archive regions: 2->2
[2022-05-19T09:58:28.456+0000][83][gc,heap        ] GC(116) Humongous regions: 43->43
[2022-05-19T09:58:28.456+0000][83][gc,metaspace   ] GC(116) Metaspace: 99697K(101184K)->99697K(101184K) NonClass: 85784K(86656K)->85784K(86656K) Class: 13912K(14528K)->13912K(14528K)
[2022-05-19T09:58:28.456+0000][83][gc             ] GC(116) Pause Young (Concurrent Start) (G1 Evacuation Pause) 393M->357M(512M) 6.852ms
[2022-05-19T09:58:28.456+0000][83][gc,cpu         ] GC(116) User=0.01s Sys=0.00s Real=0.00s
[2022-05-19T09:58:28.456+0000][83][safepoint      ] Safepoint "G1CollectForAllocation", Time since last: 268682900 ns, Reaching safepoint: 209800 ns, At safepoint: 7285400 ns, Total: 7495200 ns
[2022-05-19T09:58:28.456+0000][83][gc             ] GC(117) Concurrent Mark Cycle
[2022-05-19T09:58:28.457+0000][83][gc,marking     ] GC(117) Concurrent Clear Claimed Marks
[2022-05-19T09:58:28.457+0000][83][gc,marking     ] GC(117) Concurrent Clear Claimed Marks 0.323ms
[2022-05-19T09:58:28.457+0000][83][gc,marking     ] GC(117) Concurrent Scan Root Regions
[2022-05-19T09:58:28.458+0000][83][gc,marking     ] GC(117) Concurrent Scan Root Regions 1.404ms
[2022-05-19T09:58:28.459+0000][83][gc,marking     ] GC(117) Concurrent Mark
[2022-05-19T09:58:28.459+0000][83][gc,marking     ] GC(117) Concurrent Mark From Roots
[2022-05-19T09:58:28.459+0000][83][gc,task        ] GC(117) Using 3 workers of 3 for marking
[2022-05-19T09:58:28.504+0000][83][gc,marking     ] GC(117) Concurrent Mark From Roots 45.713ms
[2022-05-19T09:58:28.505+0000][83][gc,marking     ] GC(117) Concurrent Preclean
[2022-05-19T09:58:28.505+0000][83][gc,marking     ] GC(117) Concurrent Preclean 0.595ms
[2022-05-19T09:58:28.506+0000][83][gc,start       ] GC(117) Pause Remark
[2022-05-19T09:58:28.509+0000][83][gc             ] GC(117) Pause Remark 362M->362M(512M) 2.566ms
[2022-05-19T09:58:28.509+0000][83][gc,cpu         ] GC(117) User=0.01s Sys=0.00s Real=0.00s
[2022-05-19T09:58:28.509+0000][83][safepoint      ] Safepoint "G1Concurrent", Time since last: 49513200 ns, Reaching safepoint: 259800 ns, At safepoint: 2977500 ns, Total: 3237300 ns
[2022-05-19T09:58:28.509+0000][83][gc,marking     ] GC(117) Concurrent Mark 50.527ms
[2022-05-19T09:58:28.509+0000][83][gc,marking     ] GC(117) Concurrent Rebuild Remembered Sets
[2022-05-19T09:58:28.530+0000][83][gc,marking     ] GC(117) Concurrent Rebuild Remembered Sets 20.393ms
[2022-05-19T09:58:28.530+0000][83][gc,start       ] GC(117) Pause Cleanup
[2022-05-19T09:58:28.531+0000][83][gc             ] GC(117) Pause Cleanup 364M->364M(512M) 0.358ms
[2022-05-19T09:58:28.531+0000][83][gc,cpu         ] GC(117) User=0.00s Sys=0.00s Real=0.00s
[2022-05-19T09:58:28.531+0000][83][safepoint      ] Safepoint "G1Concurrent", Time since last: 21086000 ns, Reaching safepoint: 256100 ns, At safepoint: 726700 ns, Total: 982800 ns
[2022-05-19T09:58:28.531+0000][83][gc,marking     ] GC(117) Concurrent Cleanup for Next Mark
[2022-05-19T09:58:28.532+0000][83][gc,marking     ] GC(117) Concurrent Cleanup for Next Mark 0.361ms
[2022-05-19T09:58:28.532+0000][83][gc             ] GC(117) Concurrent Mark Cycle 75.674ms
[2022-05-19T09:58:28.774+0000][83][gc,start       ] GC(118) Pause Young (Normal) (G1 Evacuation Pause)
[2022-05-19T09:58:28.774+0000][83][gc,task        ] GC(118) Using 10 workers of 10 for evacuation
[2022-05-19T09:58:28.774+0000][83][gc,age         ] GC(118) Desired survivor size 4194304 bytes, new threshold 8 (max threshold 15)
[2022-05-19T09:58:28.776+0000][83][gc,age         ] GC(118) Age table with threshold 8 (max threshold 15)
[2022-05-19T09:58:28.777+0000][83][gc,age         ] GC(118) - age   1:     534744 bytes,     534744 total
[2022-05-19T09:58:28.777+0000][83][gc,age         ] GC(118) - age   2:     558672 bytes,    1093416 total
[2022-05-19T09:58:28.777+0000][83][gc,age         ] GC(118) - age   3:     623968 bytes,    1717384 total
[2022-05-19T09:58:28.777+0000][83][gc,age         ] GC(118) - age   4:     557544 bytes,    2274928 total
[2022-05-19T09:58:28.777+0000][83][gc,age         ] GC(118) - age   5:     557392 bytes,    2832320 total
[2022-05-19T09:58:28.777+0000][83][gc,age         ] GC(118) - age   6:     721248 bytes,    3553568 total
[2022-05-19T09:58:28.777+0000][83][gc,age         ] GC(118) - age   7:     590328 bytes,    4143896 total
[2022-05-19T09:58:28.778+0000][83][gc,age         ] GC(118) - age   8:     557616 bytes,    4701512 total
[2022-05-19T09:58:28.778+0000][83][gc,phases      ] GC(118)   Pre Evacuate Collection Set: 0.2ms
[2022-05-19T09:58:28.778+0000][83][gc,phases      ] GC(118)   Merge Heap Roots: 0.1ms
[2022-05-19T09:58:28.778+0000][83][gc,phases      ] GC(118)   Evacuate Collection Set: 1.0ms
[2022-05-19T09:58:28.778+0000][83][gc,phases      ] GC(118)   Post Evacuate Collection Set: 0.6ms
[2022-05-19T09:58:28.778+0000][83][gc,phases      ] GC(118)   Other: 2.0ms
[2022-05-19T09:58:28.778+0000][83][gc,heap        ] GC(118) Eden regions: 9->0(9)
[2022-05-19T09:58:28.779+0000][83][gc,heap        ] GC(118) Survivor regions: 2->2(2)
[2022-05-19T09:58:28.779+0000][83][gc,heap        ] GC(118) Old regions: 50->50
[2022-05-19T09:58:28.779+0000][83][gc,heap        ] GC(118) Archive regions: 2->2
[2022-05-19T09:58:28.779+0000][83][gc,heap        ] GC(118) Humongous regions: 43->43
[2022-05-19T09:58:28.779+0000][83][gc,metaspace   ] GC(118) Metaspace: 99697K(101184K)->99697K(101184K) NonClass: 85784K(86656K)->85784K(86656K) Class: 13912K(14528K)->13912K(14528K)
[2022-05-19T09:58:28.779+0000][83][gc             ] GC(118) Pause Young (Normal) (G1 Evacuation Pause) 393M->358M(512M) 5.531ms
[2022-05-19T09:58:28.779+0000][83][gc,cpu         ] GC(118) User=0.01s Sys=0.00s Real=0.01s
[2022-05-19T09:58:28.780+0000][83][safepoint      ] Safepoint "G1CollectForAllocation", Time since last: 242409500 ns, Reaching safepoint: 200800 ns, At safepoint: 5904200 ns, Total: 6105000 ns
[2022-05-19T09:58:29.067+0000][83][gc,start       ] GC(119) Pause Young (Concurrent Start) (G1 Evacuation Pause)
[2022-05-19T09:58:29.067+0000][83][gc,task        ] GC(119) Using 10 workers of 10 for evacuation
[2022-05-19T09:58:29.068+0000][83][gc,age         ] GC(119) Desired survivor size 4194304 bytes, new threshold 8 (max threshold 15)
[2022-05-19T09:58:29.071+0000][83][gc,age         ] GC(119) Age table with threshold 8 (max threshold 15)
[2022-05-19T09:58:29.071+0000][83][gc,age         ] GC(119) - age   1:     558576 bytes,     558576 total
[2022-05-19T09:58:29.072+0000][83][gc,age         ] GC(119) - age   2:     534344 bytes,    1092920 total
[2022-05-19T09:58:29.072+0000][83][gc,age         ] GC(119) - age   3:     558672 bytes,    1651592 total
[2022-05-19T09:58:29.072+0000][83][gc,age         ] GC(119) - age   4:     623088 bytes,    2274680 total
[2022-05-19T09:58:29.072+0000][83][gc,age         ] GC(119) - age   5:     557544 bytes,    2832224 total
[2022-05-19T09:58:29.072+0000][83][gc,age         ] GC(119) - age   6:     557392 bytes,    3389616 total
[2022-05-19T09:58:29.073+0000][83][gc,age         ] GC(119) - age   7:     721248 bytes,    4110864 total
[2022-05-19T09:58:29.073+0000][83][gc,age         ] GC(119) - age   8:     590328 bytes,    4701192 total
[2022-05-19T09:58:29.073+0000][83][gc,phases      ] GC(119)   Pre Evacuate Collection Set: 0.3ms
[2022-05-19T09:58:29.073+0000][83][gc,phases      ] GC(119)   Merge Heap Roots: 0.2ms
[2022-05-19T09:58:29.073+0000][83][gc,phases      ] GC(119)   Evacuate Collection Set: 1.7ms
[2022-05-19T09:58:29.073+0000][83][gc,phases      ] GC(119)   Post Evacuate Collection Set: 0.9ms
[2022-05-19T09:58:29.074+0000][83][gc,phases      ] GC(119)   Other: 2.7ms
[2022-05-19T09:58:29.074+0000][83][gc,heap        ] GC(119) Eden regions: 9->0(9)
[2022-05-19T09:58:29.074+0000][83][gc,heap        ] GC(119) Survivor regions: 2->2(2)
[2022-05-19T09:58:29.074+0000][83][gc,heap        ] GC(119) Old regions: 50->50
[2022-05-19T09:58:29.074+0000][83][gc,heap        ] GC(119) Archive regions: 2->2
[2022-05-19T09:58:29.074+0000][83][gc,heap        ] GC(119) Humongous regions: 43->43
[2022-05-19T09:58:29.074+0000][83][gc,metaspace   ] GC(119) Metaspace: 99697K(101184K)->99697K(101184K) NonClass: 85784K(86656K)->85784K(86656K) Class: 13912K(14528K)->13912K(14528K)
[2022-05-19T09:58:29.075+0000][83][gc             ] GC(119) Pause Young (Concurrent Start) (G1 Evacuation Pause) 394M->358M(512M) 7.480ms
[2022-05-19T09:58:29.075+0000][83][gc,cpu         ] GC(119) User=0.02s Sys=0.00s Real=0.01s
[2022-05-19T09:58:29.075+0000][83][gc             ] GC(120) Concurrent Mark Cycle
[2022-05-19T09:58:29.075+0000][83][gc,marking     ] GC(120) Concurrent Clear Claimed Marks
[2022-05-19T09:58:29.075+0000][83][safepoint      ] Safepoint "G1CollectForAllocation", Time since last: 287264800 ns, Reaching safepoint: 294800 ns, At safepoint: 8018700 ns, Total: 8313500 ns
[2022-05-19T09:58:29.076+0000][83][gc,marking     ] GC(120) Concurrent Clear Claimed Marks 0.343ms
[2022-05-19T09:58:29.076+0000][83][gc,marking     ] GC(120) Concurrent Scan Root Regions
[2022-05-19T09:58:29.077+0000][83][gc,marking     ] GC(120) Concurrent Scan Root Regions 1.061ms
[2022-05-19T09:58:29.077+0000][83][gc,marking     ] GC(120) Concurrent Mark
[2022-05-19T09:58:29.077+0000][83][gc,marking     ] GC(120) Concurrent Mark From Roots
[2022-05-19T09:58:29.078+0000][83][gc,task        ] GC(120) Using 3 workers of 3 for marking
[2022-05-19T09:58:29.125+0000][83][gc,marking     ] GC(120) Concurrent Mark From Roots 48.116ms
[2022-05-19T09:58:29.126+0000][83][gc,marking     ] GC(120) Concurrent Preclean
[2022-05-19T09:58:29.127+0000][83][gc,marking     ] GC(120) Concurrent Preclean 0.957ms
[2022-05-19T09:58:29.127+0000][83][gc,start       ] GC(120) Pause Remark
[2022-05-19T09:58:29.131+0000][83][gc             ] GC(120) Pause Remark 364M->364M(512M) 3.269ms
[2022-05-19T09:58:29.131+0000][83][gc,cpu         ] GC(120) User=0.01s Sys=0.01s Real=0.01s
[2022-05-19T09:58:29.131+0000][83][safepoint      ] Safepoint "G1Concurrent", Time since last: 51988100 ns, Reaching safepoint: 418800 ns, At safepoint: 3973100 ns, Total: 4391900 ns
[2022-05-19T09:58:29.132+0000][83][gc,marking     ] GC(120) Concurrent Mark 54.514ms
[2022-05-19T09:58:29.132+0000][83][gc,marking     ] GC(120) Concurrent Rebuild Remembered Sets
[2022-05-19T09:58:29.154+0000][83][gc,marking     ] GC(120) Concurrent Rebuild Remembered Sets 22.170ms
[2022-05-19T09:58:29.155+0000][83][gc,start       ] GC(120) Pause Cleanup
[2022-05-19T09:58:29.155+0000][83][gc             ] GC(120) Pause Cleanup 366M->366M(512M) 0.416ms
[2022-05-19T09:58:29.155+0000][83][gc,cpu         ] GC(120) User=0.01s Sys=0.00s Real=0.00s
[2022-05-19T09:58:29.156+0000][83][safepoint      ] Safepoint "G1Concurrent", Time since last: 22966500 ns, Reaching safepoint: 297900 ns, At safepoint: 837700 ns, Total: 1135600 ns
[2022-05-19T09:58:29.156+0000][83][gc,marking     ] GC(120) Concurrent Cleanup for Next Mark
[2022-05-19T09:58:29.156+0000][83][gc,marking     ] GC(120) Concurrent Cleanup for Next Mark 0.400ms
[2022-05-19T09:58:29.156+0000][83][gc             ] GC(120) Concurrent Mark Cycle 81.330ms
[2022-05-19T09:58:29.379+0000][83][gc,start       ] GC(121) Pause Young (Normal) (G1 Evacuation Pause)
[2022-05-19T09:58:29.380+0000][83][gc,task        ] GC(121) Using 10 workers of 10 for evacuation
[2022-05-19T09:58:29.380+0000][83][gc,age         ] GC(121) Desired survivor size 4194304 bytes, new threshold 8 (max threshold 15)
[2022-05-19T09:58:29.382+0000][83][gc,age         ] GC(121) Age table with threshold 8 (max threshold 15)
[2022-05-19T09:58:29.383+0000][83][gc,age         ] GC(121) - age   1:     493176 bytes,     493176 total
[2022-05-19T09:58:29.383+0000][83][gc,age         ] GC(121) - age   2:     558208 bytes,    1051384 total
[2022-05-19T09:58:29.383+0000][83][gc,age         ] GC(121) - age   3:     534344 bytes,    1585728 total
[2022-05-19T09:58:29.383+0000][83][gc,age         ] GC(121) - age   4:     557776 bytes,    2143504 total
[2022-05-19T09:58:29.384+0000][83][gc,age         ] GC(121) - age   5:     622896 bytes,    2766400 total
[2022-05-19T09:58:29.384+0000][83][gc,age         ] GC(121) - age   6:     557544 bytes,    3323944 total
[2022-05-19T09:58:29.384+0000][83][gc,age         ] GC(121) - age   7:     557392 bytes,    3881336 total
[2022-05-19T09:58:29.384+0000][83][gc,age         ] GC(121) - age   8:     721248 bytes,    4602584 total
[2022-05-19T09:58:29.384+0000][83][gc,phases      ] GC(121)   Pre Evacuate Collection Set: 0.2ms
[2022-05-19T09:58:29.385+0000][83][gc,phases      ] GC(121)   Merge Heap Roots: 0.2ms
[2022-05-19T09:58:29.385+0000][83][gc,phases      ] GC(121)   Evacuate Collection Set: 1.2ms
[2022-05-19T09:58:29.385+0000][83][gc,phases      ] GC(121)   Post Evacuate Collection Set: 0.7ms
[2022-05-19T09:58:29.386+0000][83][gc,phases      ] GC(121)   Other: 2.9ms
[2022-05-19T09:58:29.386+0000][83][gc,heap        ] GC(121) Eden regions: 9->0(9)
[2022-05-19T09:58:29.386+0000][83][gc,heap        ] GC(121) Survivor regions: 2->2(2)
[2022-05-19T09:58:29.386+0000][83][gc,heap        ] GC(121) Old regions: 50->50
[2022-05-19T09:58:29.386+0000][83][gc,heap        ] GC(121) Archive regions: 2->2
[2022-05-19T09:58:29.387+0000][83][gc,heap        ] GC(121) Humongous regions: 43->43
[2022-05-19T09:58:29.387+0000][83][gc,metaspace   ] GC(121) Metaspace: 99697K(101184K)->99697K(101184K) NonClass: 85784K(86656K)->85784K(86656K) Class: 13912K(14528K)->13912K(14528K)
[2022-05-19T09:58:29.387+0000][83][gc             ] GC(121) Pause Young (Normal) (G1 Evacuation Pause) 394M->359M(512M) 7.752ms
[2022-05-19T09:58:29.387+0000][83][gc,cpu         ] GC(121) User=0.02s Sys=0.00s Real=0.00s
[2022-05-19T09:58:29.387+0000][83][safepoint      ] Safepoint "G1CollectForAllocation", Time since last: 223507900 ns, Reaching safepoint: 223400 ns, At safepoint: 8187300 ns, Total: 8410700 ns
[2022-05-19T09:58:29.675+0000][83][gc,start       ] GC(122) Pause Young (Concurrent Start) (G1 Evacuation Pause)
[2022-05-19T09:58:29.675+0000][83][gc,task        ] GC(122) Using 10 workers of 10 for evacuation
[2022-05-19T09:58:29.675+0000][83][gc,age         ] GC(122) Desired survivor size 4194304 bytes, new threshold 8 (max threshold 15)
[2022-05-19T09:58:29.678+0000][83][gc,age         ] GC(122) Age table with threshold 8 (max threshold 15)
[2022-05-19T09:58:29.678+0000][83][gc,age         ] GC(122) - age   1:     525712 bytes,     525712 total
[2022-05-19T09:58:29.678+0000][83][gc,age         ] GC(122) - age   2:     492848 bytes,    1018560 total
[2022-05-19T09:58:29.678+0000][83][gc,age         ] GC(122) - age   3:     558208 bytes,    1576768 total
[2022-05-19T09:58:29.679+0000][83][gc,age         ] GC(122) - age   4:     533976 bytes,    2110744 total
[2022-05-19T09:58:29.679+0000][83][gc,age         ] GC(122) - age   5:     557456 bytes,    2668200 total
[2022-05-19T09:58:29.679+0000][83][gc,age         ] GC(122) - age   6:     622896 bytes,    3291096 total
[2022-05-19T09:58:29.679+0000][83][gc,age         ] GC(122) - age   7:     557544 bytes,    3848640 total
[2022-05-19T09:58:29.679+0000][83][gc,age         ] GC(122) - age   8:     557360 bytes,    4406000 total
[2022-05-19T09:58:29.679+0000][83][gc,phases      ] GC(122)   Pre Evacuate Collection Set: 0.3ms
[2022-05-19T09:58:29.680+0000][83][gc,phases      ] GC(122)   Merge Heap Roots: 0.2ms
[2022-05-19T09:58:29.680+0000][83][gc,phases      ] GC(122)   Evacuate Collection Set: 1.3ms
[2022-05-19T09:58:29.680+0000][83][gc,phases      ] GC(122)   Post Evacuate Collection Set: 0.6ms
[2022-05-19T09:58:29.680+0000][83][gc,phases      ] GC(122)   Other: 2.2ms
[2022-05-19T09:58:29.680+0000][83][gc,heap        ] GC(122) Eden regions: 9->0(9)
[2022-05-19T09:58:29.680+0000][83][gc,heap        ] GC(122) Survivor regions: 2->2(2)
[2022-05-19T09:58:29.681+0000][83][gc,heap        ] GC(122) Old regions: 50->50
[2022-05-19T09:58:29.681+0000][83][gc,heap        ] GC(122) Archive regions: 2->2
[2022-05-19T09:58:29.681+0000][83][gc,heap        ] GC(122) Humongous regions: 43->43
[2022-05-19T09:58:29.681+0000][83][gc,metaspace   ] GC(122) Metaspace: 99698K(101184K)->99698K(101184K) NonClass: 85785K(86656K)->85785K(86656K) Class: 13912K(14528K)->13912K(14528K)
[2022-05-19T09:58:29.681+0000][83][gc             ] GC(122) Pause Young (Concurrent Start) (G1 Evacuation Pause) 395M->359M(512M) 6.253ms
[2022-05-19T09:58:29.681+0000][83][gc,cpu         ] GC(122) User=0.01s Sys=0.00s Real=0.01s
[2022-05-19T09:58:29.681+0000][83][safepoint      ] Safepoint "G1CollectForAllocation", Time since last: 287103600 ns, Reaching safepoint: 257300 ns, At safepoint: 6606200 ns, Total: 6863500 ns
[2022-05-19T09:58:29.681+0000][83][gc             ] GC(123) Concurrent Mark Cycle
[2022-05-19T09:58:29.682+0000][83][gc,marking     ] GC(123) Concurrent Clear Claimed Marks
[2022-05-19T09:58:29.682+0000][83][gc,marking     ] GC(123) Concurrent Clear Claimed Marks 0.184ms
[2022-05-19T09:58:29.682+0000][83][gc,marking     ] GC(123) Concurrent Scan Root Regions
[2022-05-19T09:58:29.683+0000][83][gc,marking     ] GC(123) Concurrent Scan Root Regions 1.148ms
[2022-05-19T09:58:29.683+0000][83][gc,marking     ] GC(123) Concurrent Mark
[2022-05-19T09:58:29.683+0000][83][gc,marking     ] GC(123) Concurrent Mark From Roots
[2022-05-19T09:58:29.684+0000][83][gc,task        ] GC(123) Using 3 workers of 3 for marking
[2022-05-19T09:58:29.730+0000][83][gc,marking     ] GC(123) Concurrent Mark From Roots 46.177ms
[2022-05-19T09:58:29.730+0000][83][gc,marking     ] GC(123) Concurrent Preclean
[2022-05-19T09:58:29.730+0000][83][gc,marking     ] GC(123) Concurrent Preclean 0.531ms
[2022-05-19T09:58:29.731+0000][83][gc,start       ] GC(123) Pause Remark
[2022-05-19T09:58:29.734+0000][83][gc             ] GC(123) Pause Remark 364M->364M(512M) 2.968ms
[2022-05-19T09:58:29.734+0000][83][gc,cpu         ] GC(123) User=0.02s Sys=0.01s Real=0.00s
[2022-05-19T09:58:29.735+0000][83][safepoint      ] Safepoint "G1Concurrent", Time since last: 49302300 ns, Reaching safepoint: 291600 ns, At safepoint: 3566300 ns, Total: 3857900 ns
[2022-05-19T09:58:29.735+0000][83][gc,marking     ] GC(123) Concurrent Mark 51.478ms
[2022-05-19T09:58:29.735+0000][83][gc,marking     ] GC(123) Concurrent Rebuild Remembered Sets
[2022-05-19T09:58:29.755+0000][83][gc,marking     ] GC(123) Concurrent Rebuild Remembered Sets 19.529ms
[2022-05-19T09:58:29.755+0000][83][gc,start       ] GC(123) Pause Cleanup
[2022-05-19T09:58:29.756+0000][83][gc             ] GC(123) Pause Cleanup 367M->367M(512M) 0.384ms
[2022-05-19T09:58:29.756+0000][83][gc,cpu         ] GC(123) User=0.00s Sys=0.00s Real=0.00s
[2022-05-19T09:58:29.756+0000][83][safepoint      ] Safepoint "G1Concurrent", Time since last: 20281900 ns, Reaching safepoint: 290200 ns, At safepoint: 800400 ns, Total: 1090600 ns
[2022-05-19T09:58:29.756+0000][83][gc,marking     ] GC(123) Concurrent Cleanup for Next Mark
[2022-05-19T09:58:29.757+0000][83][gc,marking     ] GC(123) Concurrent Cleanup for Next Mark 0.403ms
[2022-05-19T09:58:29.757+0000][83][gc             ] GC(123) Concurrent Mark Cycle 75.485ms
[2022-05-19T09:58:29.986+0000][83][gc,start       ] GC(124) Pause Young (Normal) (G1 Evacuation Pause)
[2022-05-19T09:58:29.986+0000][83][gc,task        ] GC(124) Using 10 workers of 10 for evacuation
[2022-05-19T09:58:29.987+0000][83][gc,age         ] GC(124) Desired survivor size 4194304 bytes, new threshold 8 (max threshold 15)
[2022-05-19T09:58:29.989+0000][83][gc,age         ] GC(124) Age table with threshold 8 (max threshold 15)
[2022-05-19T09:58:29.989+0000][83][gc,age         ] GC(124) - age   1:     525880 bytes,     525880 total
[2022-05-19T09:58:29.989+0000][83][gc,age         ] GC(124) - age   2:     525328 bytes,    1051208 total
[2022-05-19T09:58:29.989+0000][83][gc,age         ] GC(124) - age   3:     492848 bytes,    1544056 total
[2022-05-19T09:58:29.989+0000][83][gc,age         ] GC(124) - age   4:     557328 bytes,    2101384 total
[2022-05-19T09:58:29.990+0000][83][gc,age         ] GC(124) - age   5:     533976 bytes,    2635360 total
[2022-05-19T09:58:29.990+0000][83][gc,age         ] GC(124) - age   6:     557456 bytes,    3192816 total
[2022-05-19T09:58:29.990+0000][83][gc,age         ] GC(124) - age   7:     622896 bytes,    3815712 total
[2022-05-19T09:58:29.990+0000][83][gc,age         ] GC(124) - age   8:     557544 bytes,    4373256 total
[2022-05-19T09:58:29.990+0000][83][gc,phases      ] GC(124)   Pre Evacuate Collection Set: 0.2ms
[2022-05-19T09:58:29.990+0000][83][gc,phases      ] GC(124)   Merge Heap Roots: 0.2ms
[2022-05-19T09:58:29.990+0000][83][gc,phases      ] GC(124)   Evacuate Collection Set: 1.0ms
[2022-05-19T09:58:29.991+0000][83][gc,phases      ] GC(124)   Post Evacuate Collection Set: 0.6ms
[2022-05-19T09:58:29.991+0000][83][gc,phases      ] GC(124)   Other: 2.3ms
[2022-05-19T09:58:29.991+0000][83][gc,heap        ] GC(124) Eden regions: 9->0(9)
[2022-05-19T09:58:29.991+0000][83][gc,heap        ] GC(124) Survivor regions: 2->2(2)
[2022-05-19T09:58:29.991+0000][83][gc,heap        ] GC(124) Old regions: 50->50
[2022-05-19T09:58:29.991+0000][83][gc,heap        ] GC(124) Archive regions: 2->2
[2022-05-19T09:58:29.991+0000][83][gc,heap        ] GC(124) Humongous regions: 43->43
[2022-05-19T09:58:29.991+0000][83][gc,metaspace   ] GC(124) Metaspace: 99698K(101184K)->99698K(101184K) NonClass: 85785K(86656K)->85785K(86656K) Class: 13912K(14528K)->13912K(14528K)
[2022-05-19T09:58:29.992+0000][83][gc             ] GC(124) Pause Young (Normal) (G1 Evacuation Pause) 395M->360M(512M) 5.537ms
[2022-05-19T09:58:29.992+0000][83][gc,cpu         ] GC(124) User=0.01s Sys=0.00s Real=0.01s
[2022-05-19T09:58:29.992+0000][83][safepoint      ] Safepoint "G1CollectForAllocation", Time since last: 229846000 ns, Reaching safepoint: 192600 ns, At safepoint: 5842600 ns, Total: 6035200 ns
[2022-05-19T09:58:30.285+0000][83][gc,start       ] GC(125) Pause Young (Concurrent Start) (G1 Evacuation Pause)
[2022-05-19T09:58:30.286+0000][83][gc,task        ] GC(125) Using 10 workers of 10 for evacuation
[2022-05-19T09:58:30.286+0000][83][gc,age         ] GC(125) Desired survivor size 4194304 bytes, new threshold 8 (max threshold 15)
[2022-05-19T09:58:30.289+0000][83][gc,age         ] GC(125) Age table with threshold 8 (max threshold 15)
[2022-05-19T09:58:30.289+0000][83][gc,age         ] GC(125) - age   1:     493224 bytes,     493224 total
[2022-05-19T09:58:30.289+0000][83][gc,age         ] GC(125) - age   2:     525424 bytes,    1018648 total
[2022-05-19T09:58:30.290+0000][83][gc,age         ] GC(125) - age   3:     525296 bytes,    1543944 total
[2022-05-19T09:58:30.290+0000][83][gc,age         ] GC(125) - age   4:     491952 bytes,    2035896 total
[2022-05-19T09:58:30.290+0000][83][gc,age         ] GC(125) - age   5:     557328 bytes,    2593224 total
[2022-05-19T09:58:30.290+0000][83][gc,age         ] GC(125) - age   6:     533976 bytes,    3127200 total
[2022-05-19T09:58:30.290+0000][83][gc,age         ] GC(125) - age   7:     557456 bytes,    3684656 total
[2022-05-19T09:58:30.291+0000][83][gc,age         ] GC(125) - age   8:     622896 bytes,    4307552 total
[2022-05-19T09:58:30.291+0000][83][gc,phases      ] GC(125)   Pre Evacuate Collection Set: 0.3ms
[2022-05-19T09:58:30.291+0000][83][gc,phases      ] GC(125)   Merge Heap Roots: 0.2ms
[2022-05-19T09:58:30.291+0000][83][gc,phases      ] GC(125)   Evacuate Collection Set: 1.5ms
[2022-05-19T09:58:30.291+0000][83][gc,phases      ] GC(125)   Post Evacuate Collection Set: 0.6ms
[2022-05-19T09:58:30.291+0000][83][gc,phases      ] GC(125)   Other: 2.6ms
[2022-05-19T09:58:30.291+0000][83][gc,heap        ] GC(125) Eden regions: 9->0(8)
[2022-05-19T09:58:30.292+0000][83][gc,heap        ] GC(125) Survivor regions: 2->2(2)
[2022-05-19T09:58:30.292+0000][83][gc,heap        ] GC(125) Old regions: 50->51
[2022-05-19T09:58:30.292+0000][83][gc,heap        ] GC(125) Archive regions: 2->2
[2022-05-19T09:58:30.292+0000][83][gc,heap        ] GC(125) Humongous regions: 43->43
[2022-05-19T09:58:30.292+0000][83][gc,metaspace   ] GC(125) Metaspace: 99698K(101184K)->99698K(101184K) NonClass: 85785K(86656K)->85785K(86656K) Class: 13912K(14528K)->13912K(14528K)
[2022-05-19T09:58:30.292+0000][83][gc             ] GC(125) Pause Young (Concurrent Start) (G1 Evacuation Pause) 396M->360M(512M) 6.606ms
[2022-05-19T09:58:30.292+0000][83][gc,cpu         ] GC(125) User=0.02s Sys=0.00s Real=0.01s
[2022-05-19T09:58:30.292+0000][83][gc             ] GC(126) Concurrent Mark Cycle
[2022-05-19T09:58:30.292+0000][83][safepoint      ] Safepoint "G1CollectForAllocation", Time since last: 293409100 ns, Reaching safepoint: 227700 ns, At safepoint: 6923900 ns, Total: 7151600 ns
[2022-05-19T09:58:30.292+0000][83][gc,marking     ] GC(126) Concurrent Clear Claimed Marks
[2022-05-19T09:58:30.293+0000][83][gc,marking     ] GC(126) Concurrent Clear Claimed Marks 0.331ms
[2022-05-19T09:58:30.293+0000][83][gc,marking     ] GC(126) Concurrent Scan Root Regions
[2022-05-19T09:58:30.294+0000][83][gc,marking     ] GC(126) Concurrent Scan Root Regions 1.023ms
[2022-05-19T09:58:30.294+0000][83][gc,marking     ] GC(126) Concurrent Mark
[2022-05-19T09:58:30.294+0000][83][gc,marking     ] GC(126) Concurrent Mark From Roots
[2022-05-19T09:58:30.294+0000][83][gc,task        ] GC(126) Using 3 workers of 3 for marking
[2022-05-19T09:58:30.335+0000][83][gc,marking     ] GC(126) Concurrent Mark From Roots 40.855ms
[2022-05-19T09:58:30.335+0000][83][gc,marking     ] GC(126) Concurrent Preclean
[2022-05-19T09:58:30.336+0000][83][gc,marking     ] GC(126) Concurrent Preclean 0.636ms
[2022-05-19T09:58:30.337+0000][83][gc,start       ] GC(126) Pause Remark
[2022-05-19T09:58:30.339+0000][83][gc             ] GC(126) Pause Remark 365M->365M(512M) 2.792ms
[2022-05-19T09:58:30.340+0000][83][gc,cpu         ] GC(126) User=0.02s Sys=0.00s Real=0.01s
[2022-05-19T09:58:30.340+0000][83][safepoint      ] Safepoint "G1Concurrent", Time since last: 44012100 ns, Reaching safepoint: 268500 ns, At safepoint: 3191700 ns, Total: 3460200 ns
[2022-05-19T09:58:30.340+0000][83][gc,marking     ] GC(126) Concurrent Mark 45.886ms
[2022-05-19T09:58:30.340+0000][83][gc,marking     ] GC(126) Concurrent Rebuild Remembered Sets
[2022-05-19T09:58:30.359+0000][83][gc,marking     ] GC(126) Concurrent Rebuild Remembered Sets 18.707ms
[2022-05-19T09:58:30.360+0000][83][gc,start       ] GC(126) Pause Cleanup
[2022-05-19T09:58:30.360+0000][83][gc             ] GC(126) Pause Cleanup 368M->368M(512M) 0.466ms
[2022-05-19T09:58:30.360+0000][83][gc,cpu         ] GC(126) User=0.00s Sys=0.00s Real=0.00s
[2022-05-19T09:58:30.361+0000][83][safepoint      ] Safepoint "G1Concurrent", Time since last: 19518700 ns, Reaching safepoint: 302900 ns, At safepoint: 1056100 ns, Total: 1359000 ns
[2022-05-19T09:58:30.361+0000][83][gc,marking     ] GC(126) Concurrent Cleanup for Next Mark
[2022-05-19T09:58:30.361+0000][83][gc,marking     ] GC(126) Concurrent Cleanup for Next Mark 0.465ms
[2022-05-19T09:58:30.362+0000][83][gc             ] GC(126) Concurrent Mark Cycle 69.302ms
[2022-05-19T09:58:30.452+0000][83][gc,start       ] GC(127) Pause Young (Concurrent Start) (G1 Humongous Allocation)
[2022-05-19T09:58:30.453+0000][83][gc,task        ] GC(127) Using 10 workers of 10 for evacuation
[2022-05-19T09:58:30.453+0000][83][gc,age         ] GC(127) Desired survivor size 4194304 bytes, new threshold 8 (max threshold 15)
[2022-05-19T09:58:30.456+0000][83][gc,age         ] GC(127) Age table with threshold 8 (max threshold 15)
[2022-05-19T09:58:30.456+0000][83][gc,age         ] GC(127) - age   1:     296368 bytes,     296368 total
[2022-05-19T09:58:30.457+0000][83][gc,age         ] GC(127) - age   2:     492624 bytes,     788992 total
[2022-05-19T09:58:30.457+0000][83][gc,age         ] GC(127) - age   3:     525424 bytes,    1314416 total
[2022-05-19T09:58:30.457+0000][83][gc,age         ] GC(127) - age   4:     524976 bytes,    1839392 total
[2022-05-19T09:58:30.458+0000][83][gc,age         ] GC(127) - age   5:     491760 bytes,    2331152 total
[2022-05-19T09:58:30.458+0000][83][gc,age         ] GC(127) - age   6:     557328 bytes,    2888480 total
[2022-05-19T09:58:30.458+0000][83][gc,age         ] GC(127) - age   7:     533976 bytes,    3422456 total
[2022-05-19T09:58:30.458+0000][83][gc,age         ] GC(127) - age   8:     557456 bytes,    3979912 total
[2022-05-19T09:58:30.458+0000][83][gc,phases      ] GC(127)   Pre Evacuate Collection Set: 0.4ms
[2022-05-19T09:58:30.458+0000][83][gc,phases      ] GC(127)   Merge Heap Roots: 0.2ms
[2022-05-19T09:58:30.458+0000][83][gc,phases      ] GC(127)   Evacuate Collection Set: 1.6ms
[2022-05-19T09:58:30.459+0000][83][gc,phases      ] GC(127)   Post Evacuate Collection Set: 0.9ms
[2022-05-19T09:58:30.459+0000][83][gc,phases      ] GC(127)   Other: 3.1ms
[2022-05-19T09:58:30.459+0000][83][gc,heap        ] GC(127) Eden regions: 5->0(10)
[2022-05-19T09:58:30.459+0000][83][gc,heap        ] GC(127) Survivor regions: 2->1(2)
[2022-05-19T09:58:30.459+0000][83][gc,heap        ] GC(127) Old regions: 51->51
[2022-05-19T09:58:30.459+0000][83][gc,heap        ] GC(127) Archive regions: 2->2
[2022-05-19T09:58:30.460+0000][83][gc,heap        ] GC(127) Humongous regions: 43->43
[2022-05-19T09:58:30.460+0000][83][gc,metaspace   ] GC(127) Metaspace: 99698K(101184K)->99698K(101184K) NonClass: 85785K(86656K)->85785K(86656K) Class: 13912K(14528K)->13912K(14528K)
[2022-05-19T09:58:30.460+0000][83][gc             ] GC(127) Pause Young (Concurrent Start) (G1 Humongous Allocation) 380M->360M(512M) 7.602ms
[2022-05-19T09:58:30.460+0000][83][gc,cpu         ] GC(127) User=0.02s Sys=0.00s Real=0.01s
[2022-05-19T09:58:30.460+0000][83][gc             ] GC(128) Concurrent Mark Cycle
[2022-05-19T09:58:30.460+0000][83][gc,marking     ] GC(128) Concurrent Clear Claimed Marks
[2022-05-19T09:58:30.460+0000][83][safepoint      ] Safepoint "G1TryInitiateConcMark", Time since last: 91183800 ns, Reaching safepoint: 222400 ns, At safepoint: 7951800 ns, Total: 8174200 ns
[2022-05-19T09:58:30.460+0000][83][gc,marking     ] GC(128) Concurrent Clear Claimed Marks 0.178ms
[2022-05-19T09:58:30.461+0000][83][gc,marking     ] GC(128) Concurrent Scan Root Regions
[2022-05-19T09:58:30.462+0000][83][gc,marking     ] GC(128) Concurrent Scan Root Regions 1.764ms
[2022-05-19T09:58:30.463+0000][83][gc,marking     ] GC(128) Concurrent Mark
[2022-05-19T09:58:30.463+0000][83][gc,marking     ] GC(128) Concurrent Mark From Roots
[2022-05-19T09:58:30.463+0000][83][gc,task        ] GC(128) Using 3 workers of 3 for marking
[2022-05-19T09:58:30.507+0000][83][gc,marking     ] GC(128) Concurrent Mark From Roots 43.961ms
[2022-05-19T09:58:30.507+0000][83][gc,marking     ] GC(128) Concurrent Preclean
[2022-05-19T09:58:30.508+0000][83][gc,marking     ] GC(128) Concurrent Preclean 0.683ms
[2022-05-19T09:58:30.508+0000][83][gc,start       ] GC(128) Pause Remark
[2022-05-19T09:58:30.511+0000][83][gc             ] GC(128) Pause Remark 397M->397M(512M) 2.671ms
[2022-05-19T09:58:30.511+0000][83][gc,cpu         ] GC(128) User=0.01s Sys=0.01s Real=0.01s
[2022-05-19T09:58:30.511+0000][83][safepoint      ] Safepoint "G1Concurrent", Time since last: 47728000 ns, Reaching safepoint: 286800 ns, At safepoint: 3094000 ns, Total: 3380800 ns
[2022-05-19T09:58:30.511+0000][83][gc,marking     ] GC(128) Concurrent Mark 48.727ms
[2022-05-19T09:58:30.512+0000][83][gc,marking     ] GC(128) Concurrent Rebuild Remembered Sets
[2022-05-19T09:58:30.533+0000][83][gc,marking     ] GC(128) Concurrent Rebuild Remembered Sets 21.230ms
[2022-05-19T09:58:30.534+0000][83][gc,start       ] GC(128) Pause Cleanup
[2022-05-19T09:58:30.534+0000][83][gc             ] GC(128) Pause Cleanup 397M->397M(512M) 0.418ms
[2022-05-19T09:58:30.534+0000][83][gc,cpu         ] GC(128) User=0.00s Sys=0.00s Real=0.00s
[2022-05-19T09:58:30.534+0000][83][safepoint      ] Safepoint "G1Concurrent", Time since last: 21958100 ns, Reaching safepoint: 359700 ns, At safepoint: 804800 ns, Total: 1164500 ns
[2022-05-19T09:58:30.535+0000][83][gc,marking     ] GC(128) Concurrent Cleanup for Next Mark
[2022-05-19T09:58:30.535+0000][83][gc,marking     ] GC(128) Concurrent Cleanup for Next Mark 0.491ms
[2022-05-19T09:58:30.535+0000][83][gc             ] GC(128) Concurrent Mark Cycle 75.301ms
[2022-05-19T09:58:31.502+0000][83][gc,start       ] GC(129) Pause Young (Normal) (G1 Evacuation Pause)
[2022-05-19T09:58:31.502+0000][83][gc,task        ] GC(129) Using 10 workers of 10 for evacuation
[2022-05-19T09:58:31.502+0000][83][gc,age         ] GC(129) Desired survivor size 4194304 bytes, new threshold 15 (max threshold 15)
[2022-05-19T09:58:31.505+0000][83][gc,age         ] GC(129) Age table with threshold 15 (max threshold 15)
[2022-05-19T09:58:31.505+0000][83][gc,age         ] GC(129) - age   1:     415464 bytes,     415464 total
[2022-05-19T09:58:31.505+0000][83][gc,age         ] GC(129) - age   2:     295544 bytes,     711008 total
[2022-05-19T09:58:31.505+0000][83][gc,age         ] GC(129) - age   3:     491760 bytes,    1202768 total
[2022-05-19T09:58:31.506+0000][83][gc,age         ] GC(129) - age   4:     524544 bytes,    1727312 total
[2022-05-19T09:58:31.506+0000][83][gc,age         ] GC(129) - age   5:     524608 bytes,    2251920 total
[2022-05-19T09:58:31.506+0000][83][gc,age         ] GC(129) - age   6:     491760 bytes,    2743680 total
[2022-05-19T09:58:31.506+0000][83][gc,age         ] GC(129) - age   7:     557328 bytes,    3301008 total
[2022-05-19T09:58:31.506+0000][83][gc,age         ] GC(129) - age   8:     533944 bytes,    3834952 total
[2022-05-19T09:58:31.506+0000][83][gc,age         ] GC(129) - age   9:     557456 bytes,    4392408 total
[2022-05-19T09:58:31.507+0000][83][gc,phases      ] GC(129)   Pre Evacuate Collection Set: 0.2ms
[2022-05-19T09:58:31.507+0000][83][gc,phases      ] GC(129)   Merge Heap Roots: 0.2ms
[2022-05-19T09:58:31.507+0000][83][gc,phases      ] GC(129)   Evacuate Collection Set: 1.1ms
[2022-05-19T09:58:31.507+0000][83][gc,phases      ] GC(129)   Post Evacuate Collection Set: 0.7ms
[2022-05-19T09:58:31.507+0000][83][gc,phases      ] GC(129)   Other: 2.4ms
[2022-05-19T09:58:31.507+0000][83][gc,heap        ] GC(129) Eden regions: 10->0(8)
[2022-05-19T09:58:31.507+0000][83][gc,heap        ] GC(129) Survivor regions: 1->2(2)
[2022-05-19T09:58:31.507+0000][83][gc,heap        ] GC(129) Old regions: 51->51
[2022-05-19T09:58:31.508+0000][83][gc,heap        ] GC(129) Archive regions: 2->2
[2022-05-19T09:58:31.508+0000][83][gc,heap        ] GC(129) Humongous regions: 52->43
[2022-05-19T09:58:31.508+0000][83][gc,metaspace   ] GC(129) Metaspace: 100093K(101632K)->100093K(101632K) NonClass: 86152K(87104K)->86152K(87104K) Class: 13940K(14528K)->13940K(14528K)
[2022-05-19T09:58:31.508+0000][83][gc             ] GC(129) Pause Young (Normal) (G1 Evacuation Pause) 436M->361M(512M) 5.994ms
[2022-05-19T09:58:31.508+0000][83][gc,cpu         ] GC(129) User=0.02s Sys=0.00s Real=0.00s
[2022-05-19T09:58:31.508+0000][83][safepoint      ] Safepoint "G1CollectForAllocation", Time since last: 967352800 ns, Reaching safepoint: 306900 ns, At safepoint: 6375400 ns, Total: 6682300 ns
[2022-05-19T09:58:31.713+0000][83][gc,start       ] GC(130) Pause Young (Concurrent Start) (G1 Evacuation Pause)
[2022-05-19T09:58:31.713+0000][83][gc,task        ] GC(130) Using 10 workers of 10 for evacuation
[2022-05-19T09:58:31.713+0000][83][gc,age         ] GC(130) Desired survivor size 4194304 bytes, new threshold 9 (max threshold 15)
[2022-05-19T09:58:31.716+0000][83][gc,age         ] GC(130) Age table with threshold 9 (max threshold 15)
[2022-05-19T09:58:31.716+0000][83][gc,age         ] GC(130) - age   1:      30288 bytes,      30288 total
[2022-05-19T09:58:31.716+0000][83][gc,age         ] GC(130) - age   2:     389000 bytes,     419288 total
[2022-05-19T09:58:31.716+0000][83][gc,age         ] GC(130) - age   3:     295544 bytes,     714832 total
[2022-05-19T09:58:31.717+0000][83][gc,age         ] GC(130) - age   4:     491760 bytes,    1206592 total
[2022-05-19T09:58:31.717+0000][83][gc,age         ] GC(130) - age   5:     524544 bytes,    1731136 total
[2022-05-19T09:58:31.717+0000][83][gc,age         ] GC(130) - age   6:     524576 bytes,    2255712 total
[2022-05-19T09:58:31.717+0000][83][gc,age         ] GC(130) - age   7:     491760 bytes,    2747472 total
[2022-05-19T09:58:31.717+0000][83][gc,age         ] GC(130) - age   8:     557328 bytes,    3304800 total
[2022-05-19T09:58:31.718+0000][83][gc,age         ] GC(130) - age   9:     533944 bytes,    3838744 total
[2022-05-19T09:58:31.718+0000][83][gc,phases      ] GC(130)   Pre Evacuate Collection Set: 0.3ms
[2022-05-19T09:58:31.718+0000][83][gc,phases      ] GC(130)   Merge Heap Roots: 0.2ms
[2022-05-19T09:58:31.718+0000][83][gc,phases      ] GC(130)   Evacuate Collection Set: 1.6ms
[2022-05-19T09:58:31.718+0000][83][gc,phases      ] GC(130)   Post Evacuate Collection Set: 0.8ms
[2022-05-19T09:58:31.719+0000][83][gc,phases      ] GC(130)   Other: 2.4ms
[2022-05-19T09:58:31.719+0000][83][gc,heap        ] GC(130) Eden regions: 8->0(10)
[2022-05-19T09:58:31.719+0000][83][gc,heap        ] GC(130) Survivor regions: 2->1(2)
[2022-05-19T09:58:31.719+0000][83][gc,heap        ] GC(130) Old regions: 51->51
[2022-05-19T09:58:31.719+0000][83][gc,heap        ] GC(130) Archive regions: 2->2
[2022-05-19T09:58:31.720+0000][83][gc,heap        ] GC(130) Humongous regions: 43->43
[2022-05-19T09:58:31.720+0000][83][gc,metaspace   ] GC(130) Metaspace: 100095K(101632K)->100095K(101632K) NonClass: 86155K(87104K)->86155K(87104K) Class: 13940K(14528K)->13940K(14528K)
[2022-05-19T09:58:31.720+0000][83][gc             ] GC(130) Pause Young (Concurrent Start) (G1 Evacuation Pause) 393M->361M(512M) 7.501ms
[2022-05-19T09:58:31.720+0000][83][gc,cpu         ] GC(130) User=0.04s Sys=0.00s Real=0.01s
[2022-05-19T09:58:31.720+0000][83][gc             ] GC(131) Concurrent Mark Cycle
[2022-05-19T09:58:31.721+0000][83][gc,marking     ] GC(131) Concurrent Clear Claimed Marks
[2022-05-19T09:58:31.720+0000][83][safepoint      ] Safepoint "G1CollectForAllocation", Time since last: 203964900 ns, Reaching safepoint: 180200 ns, At safepoint: 7949100 ns, Total: 8129300 ns
[2022-05-19T09:58:31.721+0000][83][gc,marking     ] GC(131) Concurrent Clear Claimed Marks 0.293ms
[2022-05-19T09:58:31.721+0000][83][gc,marking     ] GC(131) Concurrent Scan Root Regions
[2022-05-19T09:58:31.723+0000][83][gc,marking     ] GC(131) Concurrent Scan Root Regions 2.056ms
[2022-05-19T09:58:31.724+0000][83][gc,marking     ] GC(131) Concurrent Mark
[2022-05-19T09:58:31.724+0000][83][gc,marking     ] GC(131) Concurrent Mark From Roots
[2022-05-19T09:58:31.724+0000][83][gc,task        ] GC(131) Using 3 workers of 3 for marking
[2022-05-19T09:58:31.780+0000][83][gc,marking     ] GC(131) Concurrent Mark From Roots 56.298ms
[2022-05-19T09:58:31.780+0000][83][gc,marking     ] GC(131) Concurrent Preclean
[2022-05-19T09:58:31.781+0000][83][gc,marking     ] GC(131) Concurrent Preclean 0.531ms
[2022-05-19T09:58:31.781+0000][83][gc,start       ] GC(131) Pause Remark
[2022-05-19T09:58:31.784+0000][83][gc             ] GC(131) Pause Remark 374M->374M(512M) 2.652ms
[2022-05-19T09:58:31.784+0000][83][gc,cpu         ] GC(131) User=0.03s Sys=0.01s Real=0.00s
[2022-05-19T09:58:31.784+0000][83][safepoint      ] Safepoint "G1Concurrent", Time since last: 60423000 ns, Reaching safepoint: 265500 ns, At safepoint: 3105900 ns, Total: 3371400 ns
[2022-05-19T09:58:31.784+0000][83][gc,marking     ] GC(131) Concurrent Mark 60.907ms
[2022-05-19T09:58:31.785+0000][83][gc,marking     ] GC(131) Concurrent Rebuild Remembered Sets
[2022-05-19T09:58:31.808+0000][83][gc,marking     ] GC(131) Concurrent Rebuild Remembered Sets 23.557ms
[2022-05-19T09:58:31.809+0000][83][gc,start       ] GC(131) Pause Cleanup
[2022-05-19T09:58:31.809+0000][83][gc             ] GC(131) Pause Cleanup 377M->377M(512M) 0.309ms
[2022-05-19T09:58:31.809+0000][83][gc,cpu         ] GC(131) User=0.01s Sys=0.01s Real=0.01s
[2022-05-19T09:58:31.809+0000][83][safepoint      ] Safepoint "G1Concurrent", Time since last: 24088400 ns, Reaching safepoint: 207000 ns, At safepoint: 652500 ns, Total: 859500 ns
[2022-05-19T09:58:31.809+0000][83][gc,marking     ] GC(131) Concurrent Cleanup for Next Mark
[2022-05-19T09:58:31.810+0000][83][gc,marking     ] GC(131) Concurrent Cleanup for Next Mark 0.384ms
[2022-05-19T09:58:31.810+0000][83][gc             ] GC(131) Concurrent Mark Cycle 89.489ms
[2022-05-19T09:58:31.898+0000][83][gc,start       ] GC(132) Pause Young (Normal) (G1 Evacuation Pause)
[2022-05-19T09:58:31.899+0000][83][gc,task        ] GC(132) Using 10 workers of 10 for evacuation
[2022-05-19T09:58:31.899+0000][83][gc,age         ] GC(132) Desired survivor size 4194304 bytes, new threshold 15 (max threshold 15)
[2022-05-19T09:58:31.901+0000][83][gc,age         ] GC(132) Age table with threshold 15 (max threshold 15)
[2022-05-19T09:58:31.901+0000][83][gc,age         ] GC(132) - age   1:      17712 bytes,      17712 total
[2022-05-19T09:58:31.901+0000][83][gc,age         ] GC(132) - age   2:      10120 bytes,      27832 total
[2022-05-19T09:58:31.901+0000][83][gc,age         ] GC(132) - age   3:     382784 bytes,     410616 total
[2022-05-19T09:58:31.901+0000][83][gc,age         ] GC(132) - age   4:     295544 bytes,     706160 total
[2022-05-19T09:58:31.901+0000][83][gc,age         ] GC(132) - age   5:     491760 bytes,    1197920 total
[2022-05-19T09:58:31.902+0000][83][gc,age         ] GC(132) - age   6:     524544 bytes,    1722464 total
[2022-05-19T09:58:31.902+0000][83][gc,age         ] GC(132) - age   7:     524576 bytes,    2247040 total
[2022-05-19T09:58:31.902+0000][83][gc,age         ] GC(132) - age   8:     491760 bytes,    2738800 total
[2022-05-19T09:58:31.902+0000][83][gc,age         ] GC(132) - age   9:     557328 bytes,    3296128 total
[2022-05-19T09:58:31.902+0000][83][gc,age         ] GC(132) - age  10:     533944 bytes,    3830072 total
[2022-05-19T09:58:31.902+0000][83][gc,phases      ] GC(132)   Pre Evacuate Collection Set: 0.2ms
[2022-05-19T09:58:31.902+0000][83][gc,phases      ] GC(132)   Merge Heap Roots: 0.1ms
[2022-05-19T09:58:31.903+0000][83][gc,phases      ] GC(132)   Evacuate Collection Set: 0.9ms
[2022-05-19T09:58:31.903+0000][83][gc,phases      ] GC(132)   Post Evacuate Collection Set: 0.7ms
[2022-05-19T09:58:31.903+0000][83][gc,phases      ] GC(132)   Other: 2.0ms
[2022-05-19T09:58:31.903+0000][83][gc,heap        ] GC(132) Eden regions: 10->0(10)
[2022-05-19T09:58:31.903+0000][83][gc,heap        ] GC(132) Survivor regions: 1->1(2)
[2022-05-19T09:58:31.903+0000][83][gc,heap        ] GC(132) Old regions: 51->51
[2022-05-19T09:58:31.903+0000][83][gc,heap        ] GC(132) Archive regions: 2->2
[2022-05-19T09:58:31.903+0000][83][gc,heap        ] GC(132) Humongous regions: 43->43
[2022-05-19T09:58:31.904+0000][83][gc,metaspace   ] GC(132) Metaspace: 100103K(101632K)->100103K(101632K) NonClass: 86162K(87104K)->86162K(87104K) Class: 13940K(14528K)->13940K(14528K)
[2022-05-19T09:58:31.904+0000][83][gc             ] GC(132) Pause Young (Normal) (G1 Evacuation Pause) 401M->361M(512M) 5.366ms
[2022-05-19T09:58:31.904+0000][83][gc,cpu         ] GC(132) User=0.03s Sys=0.01s Real=0.01s
[2022-05-19T09:58:31.904+0000][83][safepoint      ] Safepoint "G1CollectForAllocation", Time since last: 88947800 ns, Reaching safepoint: 196700 ns, At safepoint: 5692200 ns, Total: 5888900 ns
[2022-05-19T09:58:32.105+0000][83][gc,start       ] GC(133) Pause Young (Concurrent Start) (G1 Evacuation Pause)
[2022-05-19T09:58:32.106+0000][83][gc,task        ] GC(133) Using 10 workers of 10 for evacuation
[2022-05-19T09:58:32.106+0000][83][gc,age         ] GC(133) Desired survivor size 4194304 bytes, new threshold 15 (max threshold 15)
[2022-05-19T09:58:32.109+0000][83][gc,age         ] GC(133) Age table with threshold 15 (max threshold 15)
[2022-05-19T09:58:32.109+0000][83][gc,age         ] GC(133) - age   1:      29176 bytes,      29176 total
[2022-05-19T09:58:32.110+0000][83][gc,age         ] GC(133) - age   2:      16800 bytes,      45976 total
[2022-05-19T09:58:32.110+0000][83][gc,age         ] GC(133) - age   3:      10120 bytes,      56096 total
[2022-05-19T09:58:32.110+0000][83][gc,age         ] GC(133) - age   4:     382784 bytes,     438880 total
[2022-05-19T09:58:32.110+0000][83][gc,age         ] GC(133) - age   5:     295544 bytes,     734424 total
[2022-05-19T09:58:32.111+0000][83][gc,age         ] GC(133) - age   6:     491760 bytes,    1226184 total
[2022-05-19T09:58:32.111+0000][83][gc,age         ] GC(133) - age   7:     524544 bytes,    1750728 total
[2022-05-19T09:58:32.111+0000][83][gc,age         ] GC(133) - age   8:     524576 bytes,    2275304 total
[2022-05-19T09:58:32.111+0000][83][gc,age         ] GC(133) - age   9:     491760 bytes,    2767064 total
[2022-05-19T09:58:32.111+0000][83][gc,age         ] GC(133) - age  10:     557328 bytes,    3324392 total
[2022-05-19T09:58:32.112+0000][83][gc,age         ] GC(133) - age  11:     533944 bytes,    3858336 total
[2022-05-19T09:58:32.112+0000][83][gc,phases      ] GC(133)   Pre Evacuate Collection Set: 0.4ms
[2022-05-19T09:58:32.112+0000][83][gc,phases      ] GC(133)   Merge Heap Roots: 0.2ms
[2022-05-19T09:58:32.112+0000][83][gc,phases      ] GC(133)   Evacuate Collection Set: 1.4ms
[2022-05-19T09:58:32.112+0000][83][gc,phases      ] GC(133)   Post Evacuate Collection Set: 0.8ms
[2022-05-19T09:58:32.112+0000][83][gc,phases      ] GC(133)   Other: 3.6ms
[2022-05-19T09:58:32.113+0000][83][gc,heap        ] GC(133) Eden regions: 10->0(10)
[2022-05-19T09:58:32.113+0000][83][gc,heap        ] GC(133) Survivor regions: 1->1(2)
[2022-05-19T09:58:32.113+0000][83][gc,heap        ] GC(133) Old regions: 51->51
[2022-05-19T09:58:32.113+0000][83][gc,heap        ] GC(133) Archive regions: 2->2
[2022-05-19T09:58:32.113+0000][83][gc,heap        ] GC(133) Humongous regions: 43->43
[2022-05-19T09:58:32.113+0000][83][gc,metaspace   ] GC(133) Metaspace: 100108K(101632K)->100108K(101632K) NonClass: 86167K(87104K)->86167K(87104K) Class: 13940K(14528K)->13940K(14528K)
[2022-05-19T09:58:32.113+0000][83][gc             ] GC(133) Pause Young (Concurrent Start) (G1 Evacuation Pause) 401M->361M(512M) 7.740ms
[2022-05-19T09:58:32.113+0000][83][gc,cpu         ] GC(133) User=0.02s Sys=0.01s Real=0.01s
[2022-05-19T09:58:32.113+0000][83][gc             ] GC(134) Concurrent Mark Cycle
[2022-05-19T09:58:32.114+0000][83][gc,marking     ] GC(134) Concurrent Clear Claimed Marks
[2022-05-19T09:58:32.114+0000][83][safepoint      ] Safepoint "G1CollectForAllocation", Time since last: 201217800 ns, Reaching safepoint: 182900 ns, At safepoint: 8089500 ns, Total: 8272400 ns
[2022-05-19T09:58:32.114+0000][83][gc,marking     ] GC(134) Concurrent Clear Claimed Marks 0.201ms
[2022-05-19T09:58:32.114+0000][83][gc,marking     ] GC(134) Concurrent Scan Root Regions
[2022-05-19T09:58:32.115+0000][83][gc,marking     ] GC(134) Concurrent Scan Root Regions 1.290ms
[2022-05-19T09:58:32.115+0000][83][gc,marking     ] GC(134) Concurrent Mark
[2022-05-19T09:58:32.116+0000][83][gc,marking     ] GC(134) Concurrent Mark From Roots
[2022-05-19T09:58:32.116+0000][83][gc,task        ] GC(134) Using 3 workers of 3 for marking
[2022-05-19T09:58:32.167+0000][83][gc,marking     ] GC(134) Concurrent Mark From Roots 50.977ms
[2022-05-19T09:58:32.167+0000][83][gc,marking     ] GC(134) Concurrent Preclean
[2022-05-19T09:58:32.167+0000][83][gc,marking     ] GC(134) Concurrent Preclean 0.608ms
[2022-05-19T09:58:32.168+0000][83][gc,start       ] GC(134) Pause Remark
[2022-05-19T09:58:32.171+0000][83][gc             ] GC(134) Pause Remark 372M->372M(512M) 3.387ms
[2022-05-19T09:58:32.172+0000][83][gc,cpu         ] GC(134) User=0.03s Sys=0.00s Real=0.01s
[2022-05-19T09:58:32.172+0000][83][safepoint      ] Safepoint "G1Concurrent", Time since last: 54202300 ns, Reaching safepoint: 332900 ns, At safepoint: 3896500 ns, Total: 4229400 ns
[2022-05-19T09:58:32.172+0000][83][gc,marking     ] GC(134) Concurrent Mark 56.631ms
[2022-05-19T09:58:32.172+0000][83][gc,marking     ] GC(134) Concurrent Rebuild Remembered Sets
[2022-05-19T09:58:32.196+0000][83][gc,marking     ] GC(134) Concurrent Rebuild Remembered Sets 23.233ms
[2022-05-19T09:58:32.196+0000][83][gc,start       ] GC(134) Pause Cleanup
[2022-05-19T09:58:32.196+0000][83][gc             ] GC(134) Pause Cleanup 379M->379M(512M) 0.310ms
[2022-05-19T09:58:32.196+0000][83][gc,cpu         ] GC(134) User=0.00s Sys=0.00s Real=0.00s
[2022-05-19T09:58:32.197+0000][83][safepoint      ] Safepoint "G1Concurrent", Time since last: 23834100 ns, Reaching safepoint: 269000 ns, At safepoint: 598900 ns, Total: 867900 ns
[2022-05-19T09:58:32.197+0000][83][gc,marking     ] GC(134) Concurrent Cleanup for Next Mark
[2022-05-19T09:58:32.197+0000][83][gc,marking     ] GC(134) Concurrent Cleanup for Next Mark 0.425ms
[2022-05-19T09:58:32.197+0000][83][gc             ] GC(134) Concurrent Mark Cycle 83.929ms
[2022-05-19T09:58:32.269+0000][83][gc,start       ] GC(135) Pause Young (Normal) (G1 Evacuation Pause)
[2022-05-19T09:58:32.269+0000][83][gc,task        ] GC(135) Using 10 workers of 10 for evacuation
[2022-05-19T09:58:32.270+0000][83][gc,age         ] GC(135) Desired survivor size 4194304 bytes, new threshold 15 (max threshold 15)
[2022-05-19T09:58:32.271+0000][83][gc,age         ] GC(135) Age table with threshold 15 (max threshold 15)
[2022-05-19T09:58:32.272+0000][83][gc,age         ] GC(135) - age   1:      22432 bytes,      22432 total
[2022-05-19T09:58:32.272+0000][83][gc,age         ] GC(135) - age   2:       9480 bytes,      31912 total
[2022-05-19T09:58:32.272+0000][83][gc,age         ] GC(135) - age   3:      16768 bytes,      48680 total
[2022-05-19T09:58:32.272+0000][83][gc,age         ] GC(135) - age   4:      10120 bytes,      58800 total
[2022-05-19T09:58:32.272+0000][83][gc,age         ] GC(135) - age   5:     381552 bytes,     440352 total
[2022-05-19T09:58:32.272+0000][83][gc,age         ] GC(135) - age   6:     295544 bytes,     735896 total
[2022-05-19T09:58:32.272+0000][83][gc,age         ] GC(135) - age   7:     491760 bytes,    1227656 total
[2022-05-19T09:58:32.272+0000][83][gc,age         ] GC(135) - age   8:     524544 bytes,    1752200 total
[2022-05-19T09:58:32.273+0000][83][gc,age         ] GC(135) - age   9:     524576 bytes,    2276776 total
[2022-05-19T09:58:32.273+0000][83][gc,age         ] GC(135) - age  10:     491760 bytes,    2768536 total
[2022-05-19T09:58:32.273+0000][83][gc,age         ] GC(135) - age  11:     557328 bytes,    3325864 total
[2022-05-19T09:58:32.273+0000][83][gc,age         ] GC(135) - age  12:     533944 bytes,    3859808 total
[2022-05-19T09:58:32.273+0000][83][gc,phases      ] GC(135)   Pre Evacuate Collection Set: 0.2ms
[2022-05-19T09:58:32.273+0000][83][gc,phases      ] GC(135)   Merge Heap Roots: 0.1ms
[2022-05-19T09:58:32.273+0000][83][gc,phases      ] GC(135)   Evacuate Collection Set: 0.9ms
[2022-05-19T09:58:32.273+0000][83][gc,phases      ] GC(135)   Post Evacuate Collection Set: 0.6ms
[2022-05-19T09:58:32.273+0000][83][gc,phases      ] GC(135)   Other: 2.0ms
[2022-05-19T09:58:32.274+0000][83][gc,heap        ] GC(135) Eden regions: 10->0(10)
[2022-05-19T09:58:32.274+0000][83][gc,heap        ] GC(135) Survivor regions: 1->1(2)
[2022-05-19T09:58:32.274+0000][83][gc,heap        ] GC(135) Old regions: 51->51
[2022-05-19T09:58:32.274+0000][83][gc,heap        ] GC(135) Archive regions: 2->2
[2022-05-19T09:58:32.274+0000][83][gc,heap        ] GC(135) Humongous regions: 43->43
[2022-05-19T09:58:32.274+0000][83][gc,metaspace   ] GC(135) Metaspace: 100110K(101632K)->100110K(101632K) NonClass: 86170K(87104K)->86170K(87104K) Class: 13940K(14528K)->13940K(14528K)
[2022-05-19T09:58:32.274+0000][83][gc             ] GC(135) Pause Young (Normal) (G1 Evacuation Pause) 401M->361M(512M) 5.133ms
[2022-05-19T09:58:32.275+0000][83][gc,cpu         ] GC(135) User=0.01s Sys=0.00s Real=0.00s
[2022-05-19T09:58:32.275+0000][83][safepoint      ] Safepoint "G1CollectForAllocation", Time since last: 72414700 ns, Reaching safepoint: 171700 ns, At safepoint: 5477000 ns, Total: 5648700 ns
[2022-05-19T09:58:32.470+0000][83][gc,start       ] GC(136) Pause Young (Concurrent Start) (G1 Evacuation Pause)
[2022-05-19T09:58:32.470+0000][83][gc,task        ] GC(136) Using 10 workers of 10 for evacuation
[2022-05-19T09:58:32.470+0000][83][gc,age         ] GC(136) Desired survivor size 4194304 bytes, new threshold 15 (max threshold 15)
[2022-05-19T09:58:32.473+0000][83][gc,age         ] GC(136) Age table with threshold 15 (max threshold 15)
[2022-05-19T09:58:32.473+0000][83][gc,age         ] GC(136) - age   1:      38880 bytes,      38880 total
[2022-05-19T09:58:32.473+0000][83][gc,age         ] GC(136) - age   2:      15200 bytes,      54080 total
[2022-05-19T09:58:32.473+0000][83][gc,age         ] GC(136) - age   3:       9480 bytes,      63560 total
[2022-05-19T09:58:32.474+0000][83][gc,age         ] GC(136) - age   4:      16768 bytes,      80328 total
[2022-05-19T09:58:32.474+0000][83][gc,age         ] GC(136) - age   5:      10120 bytes,      90448 total
[2022-05-19T09:58:32.474+0000][83][gc,age         ] GC(136) - age   6:     380960 bytes,     471408 total
[2022-05-19T09:58:32.474+0000][83][gc,age         ] GC(136) - age   7:     295544 bytes,     766952 total
[2022-05-19T09:58:32.474+0000][83][gc,age         ] GC(136) - age   8:     491760 bytes,    1258712 total
[2022-05-19T09:58:32.474+0000][83][gc,age         ] GC(136) - age   9:     524544 bytes,    1783256 total
[2022-05-19T09:58:32.474+0000][83][gc,age         ] GC(136) - age  10:     524576 bytes,    2307832 total
[2022-05-19T09:58:32.474+0000][83][gc,age         ] GC(136) - age  11:     491760 bytes,    2799592 total
[2022-05-19T09:58:32.475+0000][83][gc,age         ] GC(136) - age  12:     557328 bytes,    3356920 total
[2022-05-19T09:58:32.475+0000][83][gc,age         ] GC(136) - age  13:     533944 bytes,    3890864 total
[2022-05-19T09:58:32.475+0000][83][gc,phases      ] GC(136)   Pre Evacuate Collection Set: 0.2ms
[2022-05-19T09:58:32.475+0000][83][gc,phases      ] GC(136)   Merge Heap Roots: 0.1ms
[2022-05-19T09:58:32.475+0000][83][gc,phases      ] GC(136)   Evacuate Collection Set: 1.3ms
[2022-05-19T09:58:32.475+0000][83][gc,phases      ] GC(136)   Post Evacuate Collection Set: 0.7ms
[2022-05-19T09:58:32.475+0000][83][gc,phases      ] GC(136)   Other: 2.5ms
[2022-05-19T09:58:32.475+0000][83][gc,heap        ] GC(136) Eden regions: 10->0(10)
[2022-05-19T09:58:32.475+0000][83][gc,heap        ] GC(136) Survivor regions: 1->1(2)
[2022-05-19T09:58:32.476+0000][83][gc,heap        ] GC(136) Old regions: 51->51
[2022-05-19T09:58:32.476+0000][83][gc,heap        ] GC(136) Archive regions: 2->2
[2022-05-19T09:58:32.476+0000][83][gc,heap        ] GC(136) Humongous regions: 43->43
[2022-05-19T09:58:32.476+0000][83][gc,metaspace   ] GC(136) Metaspace: 100111K(101632K)->100111K(101632K) NonClass: 86170K(87104K)->86170K(87104K) Class: 13940K(14528K)->13940K(14528K)
[2022-05-19T09:58:32.476+0000][83][gc             ] GC(136) Pause Young (Concurrent Start) (G1 Evacuation Pause) 401M->361M(512M) 6.082ms
[2022-05-19T09:58:32.476+0000][83][gc,cpu         ] GC(136) User=0.01s Sys=0.00s Real=0.00s
[2022-05-19T09:58:32.476+0000][83][gc             ] GC(137) Concurrent Mark Cycle
[2022-05-19T09:58:32.476+0000][83][gc,marking     ] GC(137) Concurrent Clear Claimed Marks
[2022-05-19T09:58:32.476+0000][83][safepoint      ] Safepoint "G1CollectForAllocation", Time since last: 195065500 ns, Reaching safepoint: 169700 ns, At safepoint: 6413800 ns, Total: 6583500 ns
[2022-05-19T09:58:32.477+0000][83][gc,marking     ] GC(137) Concurrent Clear Claimed Marks 0.182ms
[2022-05-19T09:58:32.477+0000][83][gc,marking     ] GC(137) Concurrent Scan Root Regions
[2022-05-19T09:58:32.478+0000][83][gc,marking     ] GC(137) Concurrent Scan Root Regions 1.156ms
[2022-05-19T09:58:32.478+0000][83][gc,marking     ] GC(137) Concurrent Mark
[2022-05-19T09:58:32.478+0000][83][gc,marking     ] GC(137) Concurrent Mark From Roots
[2022-05-19T09:58:32.478+0000][83][gc,task        ] GC(137) Using 3 workers of 3 for marking
[2022-05-19T09:58:32.522+0000][83][gc,marking     ] GC(137) Concurrent Mark From Roots 43.525ms
[2022-05-19T09:58:32.522+0000][83][gc,marking     ] GC(137) Concurrent Preclean
[2022-05-19T09:58:32.523+0000][83][gc,marking     ] GC(137) Concurrent Preclean 0.503ms
[2022-05-19T09:58:32.523+0000][83][gc,start       ] GC(137) Pause Remark
[2022-05-19T09:58:32.526+0000][83][gc             ] GC(137) Pause Remark 366M->366M(512M) 2.966ms
[2022-05-19T09:58:32.526+0000][83][gc,cpu         ] GC(137) User=0.02s Sys=0.00s Real=0.00s
[2022-05-19T09:58:32.527+0000][83][safepoint      ] Safepoint "G1Concurrent", Time since last: 46435800 ns, Reaching safepoint: 253100 ns, At safepoint: 3625900 ns, Total: 3879000 ns
[2022-05-19T09:58:32.527+0000][83][gc,marking     ] GC(137) Concurrent Mark 48.668ms
[2022-05-19T09:58:32.527+0000][83][gc,marking     ] GC(137) Concurrent Rebuild Remembered Sets
[2022-05-19T09:58:32.550+0000][83][gc,marking     ] GC(137) Concurrent Rebuild Remembered Sets 22.559ms
[2022-05-19T09:58:32.550+0000][83][gc,start       ] GC(137) Pause Cleanup
[2022-05-19T09:58:32.550+0000][83][gc             ] GC(137) Pause Cleanup 368M->368M(512M) 0.357ms
[2022-05-19T09:58:32.551+0000][83][gc,cpu         ] GC(137) User=0.00s Sys=0.00s Real=0.00s
[2022-05-19T09:58:32.551+0000][83][safepoint      ] Safepoint "G1Concurrent", Time since last: 23165500 ns, Reaching safepoint: 258900 ns, At safepoint: 731100 ns, Total: 990000 ns
[2022-05-19T09:58:32.551+0000][83][gc,marking     ] GC(137) Concurrent Cleanup for Next Mark
[2022-05-19T09:58:32.551+0000][83][gc,marking     ] GC(137) Concurrent Cleanup for Next Mark 0.427ms
[2022-05-19T09:58:32.552+0000][83][gc             ] GC(137) Concurrent Mark Cycle 75.232ms
[2022-05-19T09:58:32.754+0000][83][gc,start       ] GC(138) Pause Young (Normal) (G1 Evacuation Pause)
[2022-05-19T09:58:32.754+0000][83][gc,task        ] GC(138) Using 10 workers of 10 for evacuation
[2022-05-19T09:58:32.754+0000][83][gc,age         ] GC(138) Desired survivor size 4194304 bytes, new threshold 15 (max threshold 15)
[2022-05-19T09:58:32.757+0000][83][gc,age         ] GC(138) Age table with threshold 15 (max threshold 15)
[2022-05-19T09:58:32.757+0000][83][gc,age         ] GC(138) - age   1:      29024 bytes,      29024 total
[2022-05-19T09:58:32.757+0000][83][gc,age         ] GC(138) - age   2:       7776 bytes,      36800 total
[2022-05-19T09:58:32.757+0000][83][gc,age         ] GC(138) - age   3:      15200 bytes,      52000 total
[2022-05-19T09:58:32.757+0000][83][gc,age         ] GC(138) - age   4:       9480 bytes,      61480 total
[2022-05-19T09:58:32.758+0000][83][gc,age         ] GC(138) - age   5:      16768 bytes,      78248 total
[2022-05-19T09:58:32.758+0000][83][gc,age         ] GC(138) - age   6:       9752 bytes,      88000 total
[2022-05-19T09:58:32.758+0000][83][gc,age         ] GC(138) - age   7:     380928 bytes,     468928 total
[2022-05-19T09:58:32.758+0000][83][gc,age         ] GC(138) - age   8:     295544 bytes,     764472 total
[2022-05-19T09:58:32.758+0000][83][gc,age         ] GC(138) - age   9:     491760 bytes,    1256232 total
[2022-05-19T09:58:32.758+0000][83][gc,age         ] GC(138) - age  10:     524544 bytes,    1780776 total
[2022-05-19T09:58:32.758+0000][83][gc,age         ] GC(138) - age  11:     524576 bytes,    2305352 total
[2022-05-19T09:58:32.758+0000][83][gc,age         ] GC(138) - age  12:     491760 bytes,    2797112 total
[2022-05-19T09:58:32.759+0000][83][gc,age         ] GC(138) - age  13:     557328 bytes,    3354440 total
[2022-05-19T09:58:32.759+0000][83][gc,age         ] GC(138) - age  14:     533944 bytes,    3888384 total
[2022-05-19T09:58:32.759+0000][83][gc,phases      ] GC(138)   Pre Evacuate Collection Set: 0.2ms
[2022-05-19T09:58:32.759+0000][83][gc,phases      ] GC(138)   Merge Heap Roots: 0.2ms
[2022-05-19T09:58:32.759+0000][83][gc,phases      ] GC(138)   Evacuate Collection Set: 1.0ms
[2022-05-19T09:58:32.759+0000][83][gc,phases      ] GC(138)   Post Evacuate Collection Set: 0.7ms
[2022-05-19T09:58:32.759+0000][83][gc,phases      ] GC(138)   Other: 3.0ms
[2022-05-19T09:58:32.759+0000][83][gc,heap        ] GC(138) Eden regions: 10->0(10)
[2022-05-19T09:58:32.760+0000][83][gc,heap        ] GC(138) Survivor regions: 1->1(2)
[2022-05-19T09:58:32.760+0000][83][gc,heap        ] GC(138) Old regions: 51->51
[2022-05-19T09:58:32.760+0000][83][gc,heap        ] GC(138) Archive regions: 2->2
[2022-05-19T09:58:32.760+0000][83][gc,heap        ] GC(138) Humongous regions: 43->43
[2022-05-19T09:58:32.760+0000][83][gc,metaspace   ] GC(138) Metaspace: 100114K(101632K)->100114K(101632K) NonClass: 86173K(87104K)->86173K(87104K) Class: 13940K(14528K)->13940K(14528K)
[2022-05-19T09:58:32.760+0000][83][gc             ] GC(138) Pause Young (Normal) (G1 Evacuation Pause) 401M->361M(512M) 6.461ms
[2022-05-19T09:58:32.760+0000][83][gc,cpu         ] GC(138) User=0.03s Sys=0.00s Real=0.01s
[2022-05-19T09:58:32.761+0000][83][safepoint      ] Safepoint "G1CollectForAllocation", Time since last: 202785600 ns, Reaching safepoint: 190300 ns, At safepoint: 6806800 ns, Total: 6997100 ns
[2022-05-19T09:58:32.979+0000][83][gc,start       ] GC(139) Pause Young (Concurrent Start) (G1 Evacuation Pause)
[2022-05-19T09:58:32.979+0000][83][gc,task        ] GC(139) Using 10 workers of 10 for evacuation
[2022-05-19T09:58:32.979+0000][83][gc,age         ] GC(139) Desired survivor size 4194304 bytes, new threshold 15 (max threshold 15)
[2022-05-19T09:58:32.982+0000][83][gc,age         ] GC(139) Age table with threshold 15 (max threshold 15)
[2022-05-19T09:58:32.982+0000][83][gc,age         ] GC(139) - age   1:      26040 bytes,      26040 total
[2022-05-19T09:58:32.982+0000][83][gc,age         ] GC(139) - age   2:      12048 bytes,      38088 total
[2022-05-19T09:58:32.982+0000][83][gc,age         ] GC(139) - age   3:       7776 bytes,      45864 total
[2022-05-19T09:58:32.982+0000][83][gc,age         ] GC(139) - age   4:      15200 bytes,      61064 total
[2022-05-19T09:58:32.983+0000][83][gc,age         ] GC(139) - age   5:       9480 bytes,      70544 total
[2022-05-19T09:58:32.983+0000][83][gc,age         ] GC(139) - age   6:      15888 bytes,      86432 total
[2022-05-19T09:58:32.983+0000][83][gc,age         ] GC(139) - age   7:       9752 bytes,      96184 total
[2022-05-19T09:58:32.983+0000][83][gc,age         ] GC(139) - age   8:     379744 bytes,     475928 total
[2022-05-19T09:58:32.983+0000][83][gc,age         ] GC(139) - age   9:     295544 bytes,     771472 total
[2022-05-19T09:58:32.983+0000][83][gc,age         ] GC(139) - age  10:     491760 bytes,    1263232 total
[2022-05-19T09:58:32.984+0000][83][gc,age         ] GC(139) - age  11:     524544 bytes,    1787776 total
[2022-05-19T09:58:32.984+0000][83][gc,age         ] GC(139) - age  12:     524576 bytes,    2312352 total
[2022-05-19T09:58:32.984+0000][83][gc,age         ] GC(139) - age  13:     491760 bytes,    2804112 total
[2022-05-19T09:58:32.984+0000][83][gc,age         ] GC(139) - age  14:     557328 bytes,    3361440 total
[2022-05-19T09:58:32.984+0000][83][gc,age         ] GC(139) - age  15:     533944 bytes,    3895384 total
[2022-05-19T09:58:32.984+0000][83][gc,phases      ] GC(139)   Pre Evacuate Collection Set: 0.2ms
[2022-05-19T09:58:32.985+0000][83][gc,phases      ] GC(139)   Merge Heap Roots: 0.2ms
[2022-05-19T09:58:32.985+0000][83][gc,phases      ] GC(139)   Evacuate Collection Set: 1.5ms
[2022-05-19T09:58:32.985+0000][83][gc,phases      ] GC(139)   Post Evacuate Collection Set: 0.6ms
[2022-05-19T09:58:32.985+0000][83][gc,phases      ] GC(139)   Other: 3.0ms
[2022-05-19T09:58:32.985+0000][83][gc,heap        ] GC(139) Eden regions: 10->0(10)
[2022-05-19T09:58:32.986+0000][83][gc,heap        ] GC(139) Survivor regions: 1->1(2)
[2022-05-19T09:58:32.986+0000][83][gc,heap        ] GC(139) Old regions: 51->51
[2022-05-19T09:58:32.986+0000][83][gc,heap        ] GC(139) Archive regions: 2->2
[2022-05-19T09:58:32.986+0000][83][gc,heap        ] GC(139) Humongous regions: 43->43
[2022-05-19T09:58:32.986+0000][83][gc,metaspace   ] GC(139) Metaspace: 100121K(101632K)->100121K(101632K) NonClass: 86180K(87104K)->86180K(87104K) Class: 13940K(14528K)->13940K(14528K)
[2022-05-19T09:58:32.987+0000][83][gc             ] GC(139) Pause Young (Concurrent Start) (G1 Evacuation Pause) 401M->361M(512M) 7.847ms
[2022-05-19T09:58:32.987+0000][83][gc,cpu         ] GC(139) User=0.02s Sys=0.00s Real=0.01s
[2022-05-19T09:58:32.987+0000][83][gc             ] GC(140) Concurrent Mark Cycle
[2022-05-19T09:58:32.987+0000][83][safepoint      ] Safepoint "G1CollectForAllocation", Time since last: 217917400 ns, Reaching safepoint: 233500 ns, At safepoint: 8258800 ns, Total: 8492300 ns
[2022-05-19T09:58:32.987+0000][83][gc,marking     ] GC(140) Concurrent Clear Claimed Marks
[2022-05-19T09:58:32.988+0000][83][gc,marking     ] GC(140) Concurrent Clear Claimed Marks 0.457ms
[2022-05-19T09:58:32.988+0000][83][gc,marking     ] GC(140) Concurrent Scan Root Regions
[2022-05-19T09:58:32.989+0000][83][gc,marking     ] GC(140) Concurrent Scan Root Regions 1.325ms
[2022-05-19T09:58:32.989+0000][83][gc,marking     ] GC(140) Concurrent Mark
[2022-05-19T09:58:32.990+0000][83][gc,marking     ] GC(140) Concurrent Mark From Roots
[2022-05-19T09:58:32.990+0000][83][gc,task        ] GC(140) Using 3 workers of 3 for marking
[2022-05-19T09:58:33.039+0000][83][gc,marking     ] GC(140) Concurrent Mark From Roots 49.773ms
[2022-05-19T09:58:33.039+0000][83][gc,marking     ] GC(140) Concurrent Preclean
[2022-05-19T09:58:33.040+0000][83][gc,marking     ] GC(140) Concurrent Preclean 0.544ms
[2022-05-19T09:58:33.040+0000][83][gc,start       ] GC(140) Pause Remark
[2022-05-19T09:58:33.043+0000][83][gc             ] GC(140) Pause Remark 369M->369M(512M) 2.831ms
[2022-05-19T09:58:33.044+0000][83][gc,cpu         ] GC(140) User=0.01s Sys=0.00s Real=0.00s
[2022-05-19T09:58:33.044+0000][83][safepoint      ] Safepoint "G1Concurrent", Time since last: 53172300 ns, Reaching safepoint: 249800 ns, At safepoint: 3258300 ns, Total: 3508100 ns
[2022-05-19T09:58:33.044+0000][83][gc,marking     ] GC(140) Concurrent Mark 54.504ms
[2022-05-19T09:58:33.044+0000][83][gc,marking     ] GC(140) Concurrent Rebuild Remembered Sets
[2022-05-19T09:58:33.069+0000][83][gc,marking     ] GC(140) Concurrent Rebuild Remembered Sets 24.487ms
[2022-05-19T09:58:33.069+0000][83][gc,start       ] GC(140) Pause Cleanup
[2022-05-19T09:58:33.069+0000][83][gc             ] GC(140) Pause Cleanup 375M->375M(512M) 0.365ms
[2022-05-19T09:58:33.070+0000][83][gc,cpu         ] GC(140) User=0.00s Sys=0.00s Real=0.00s
[2022-05-19T09:58:33.070+0000][83][safepoint      ] Safepoint "G1Concurrent", Time since last: 25006700 ns, Reaching safepoint: 311400 ns, At safepoint: 759000 ns, Total: 1070400 ns
[2022-05-19T09:58:33.070+0000][83][gc,marking     ] GC(140) Concurrent Cleanup for Next Mark
[2022-05-19T09:58:33.070+0000][83][gc,marking     ] GC(140) Concurrent Cleanup for Next Mark 0.511ms
[2022-05-19T09:58:33.071+0000][83][gc             ] GC(140) Concurrent Mark Cycle 83.857ms
[2022-05-19T09:58:33.159+0000][83][gc,start       ] GC(141) Pause Young (Normal) (G1 Evacuation Pause)
[2022-05-19T09:58:33.159+0000][83][gc,task        ] GC(141) Using 10 workers of 10 for evacuation
[2022-05-19T09:58:33.160+0000][83][gc,age         ] GC(141) Desired survivor size 4194304 bytes, new threshold 15 (max threshold 15)
[2022-05-19T09:58:33.162+0000][83][gc,age         ] GC(141) Age table with threshold 15 (max threshold 15)
[2022-05-19T09:58:33.162+0000][83][gc,age         ] GC(141) - age   1:      42448 bytes,      42448 total
[2022-05-19T09:58:33.162+0000][83][gc,age         ] GC(141) - age   2:      12952 bytes,      55400 total
[2022-05-19T09:58:33.162+0000][83][gc,age         ] GC(141) - age   3:      12048 bytes,      67448 total
[2022-05-19T09:58:33.162+0000][83][gc,age         ] GC(141) - age   4:       7632 bytes,      75080 total
[2022-05-19T09:58:33.162+0000][83][gc,age         ] GC(141) - age   5:      14976 bytes,      90056 total
[2022-05-19T09:58:33.162+0000][83][gc,age         ] GC(141) - age   6:       9480 bytes,      99536 total
[2022-05-19T09:58:33.163+0000][83][gc,age         ] GC(141) - age   7:      15888 bytes,     115424 total
[2022-05-19T09:58:33.163+0000][83][gc,age         ] GC(141) - age   8:       7344 bytes,     122768 total
[2022-05-19T09:58:33.163+0000][83][gc,age         ] GC(141) - age   9:     379744 bytes,     502512 total
[2022-05-19T09:58:33.163+0000][83][gc,age         ] GC(141) - age  10:     295544 bytes,     798056 total
[2022-05-19T09:58:33.163+0000][83][gc,age         ] GC(141) - age  11:     491760 bytes,    1289816 total
[2022-05-19T09:58:33.163+0000][83][gc,age         ] GC(141) - age  12:     524544 bytes,    1814360 total
[2022-05-19T09:58:33.163+0000][83][gc,age         ] GC(141) - age  13:     524576 bytes,    2338936 total
[2022-05-19T09:58:33.163+0000][83][gc,age         ] GC(141) - age  14:     491760 bytes,    2830696 total
[2022-05-19T09:58:33.164+0000][83][gc,age         ] GC(141) - age  15:     557328 bytes,    3388024 total
[2022-05-19T09:58:33.164+0000][83][gc,phases      ] GC(141)   Pre Evacuate Collection Set: 0.2ms
[2022-05-19T09:58:33.164+0000][83][gc,phases      ] GC(141)   Merge Heap Roots: 0.1ms
[2022-05-19T09:58:33.164+0000][83][gc,phases      ] GC(141)   Evacuate Collection Set: 0.9ms
[2022-05-19T09:58:33.164+0000][83][gc,phases      ] GC(141)   Post Evacuate Collection Set: 0.6ms
[2022-05-19T09:58:33.164+0000][83][gc,phases      ] GC(141)   Other: 2.9ms
[2022-05-19T09:58:33.165+0000][83][gc,heap        ] GC(141) Eden regions: 10->0(10)
[2022-05-19T09:58:33.165+0000][83][gc,heap        ] GC(141) Survivor regions: 1->1(2)
[2022-05-19T09:58:33.165+0000][83][gc,heap        ] GC(141) Old regions: 51->51
[2022-05-19T09:58:33.165+0000][83][gc,heap        ] GC(141) Archive regions: 2->2
[2022-05-19T09:58:33.165+0000][83][gc,heap        ] GC(141) Humongous regions: 43->43
[2022-05-19T09:58:33.165+0000][83][gc,metaspace   ] GC(141) Metaspace: 100122K(101632K)->100122K(101632K) NonClass: 86181K(87104K)->86181K(87104K) Class: 13940K(14528K)->13940K(14528K)
[2022-05-19T09:58:33.165+0000][83][gc             ] GC(141) Pause Young (Normal) (G1 Evacuation Pause) 401M->361M(512M) 6.174ms
[2022-05-19T09:58:33.165+0000][83][gc,cpu         ] GC(141) User=0.01s Sys=0.00s Real=0.00s
[2022-05-19T09:58:33.166+0000][83][safepoint      ] Safepoint "G1CollectForAllocation", Time since last: 89153900 ns, Reaching safepoint: 169700 ns, At safepoint: 6486300 ns, Total: 6656000 ns
[2022-05-19T09:58:33.346+0000][83][gc,start       ] GC(142) Pause Young (Concurrent Start) (G1 Evacuation Pause)
[2022-05-19T09:58:33.346+0000][83][gc,task        ] GC(142) Using 10 workers of 10 for evacuation
[2022-05-19T09:58:33.346+0000][83][gc,age         ] GC(142) Desired survivor size 4194304 bytes, new threshold 15 (max threshold 15)
[2022-05-19T09:58:33.349+0000][83][gc,age         ] GC(142) Age table with threshold 15 (max threshold 15)
[2022-05-19T09:58:33.349+0000][83][gc,age         ] GC(142) - age   1:      32544 bytes,      32544 total
[2022-05-19T09:58:33.349+0000][83][gc,age         ] GC(142) - age   2:      18984 bytes,      51528 total
[2022-05-19T09:58:33.349+0000][83][gc,age         ] GC(142) - age   3:      12952 bytes,      64480 total
[2022-05-19T09:58:33.350+0000][83][gc,age         ] GC(142) - age   4:      12048 bytes,      76528 total
[2022-05-19T09:58:33.350+0000][83][gc,age         ] GC(142) - age   5:       7376 bytes,      83904 total
[2022-05-19T09:58:33.350+0000][83][gc,age         ] GC(142) - age   6:      14368 bytes,      98272 total
[2022-05-19T09:58:33.350+0000][83][gc,age         ] GC(142) - age   7:       9480 bytes,     107752 total
[2022-05-19T09:58:33.350+0000][83][gc,age         ] GC(142) - age   8:      15888 bytes,     123640 total
[2022-05-19T09:58:33.350+0000][83][gc,age         ] GC(142) - age   9:       7344 bytes,     130984 total
[2022-05-19T09:58:33.350+0000][83][gc,age         ] GC(142) - age  10:     379744 bytes,     510728 total
[2022-05-19T09:58:33.351+0000][83][gc,age         ] GC(142) - age  11:     295544 bytes,     806272 total
[2022-05-19T09:58:33.351+0000][83][gc,age         ] GC(142) - age  12:     491760 bytes,    1298032 total
[2022-05-19T09:58:33.351+0000][83][gc,age         ] GC(142) - age  13:     524544 bytes,    1822576 total
[2022-05-19T09:58:33.351+0000][83][gc,age         ] GC(142) - age  14:     524576 bytes,    2347152 total
[2022-05-19T09:58:33.351+0000][83][gc,age         ] GC(142) - age  15:     491760 bytes,    2838912 total
[2022-05-19T09:58:33.351+0000][83][gc,phases      ] GC(142)   Pre Evacuate Collection Set: 0.3ms
[2022-05-19T09:58:33.351+0000][83][gc,phases      ] GC(142)   Merge Heap Roots: 0.2ms
[2022-05-19T09:58:33.351+0000][83][gc,phases      ] GC(142)   Evacuate Collection Set: 1.3ms
[2022-05-19T09:58:33.351+0000][83][gc,phases      ] GC(142)   Post Evacuate Collection Set: 0.7ms
[2022-05-19T09:58:33.352+0000][83][gc,phases      ] GC(142)   Other: 3.0ms
[2022-05-19T09:58:33.352+0000][83][gc,heap        ] GC(142) Eden regions: 10->0(10)
[2022-05-19T09:58:33.352+0000][83][gc,heap        ] GC(142) Survivor regions: 1->1(2)
[2022-05-19T09:58:33.352+0000][83][gc,heap        ] GC(142) Old regions: 51->51
[2022-05-19T09:58:33.352+0000][83][gc,heap        ] GC(142) Archive regions: 2->2
[2022-05-19T09:58:33.352+0000][83][gc,heap        ] GC(142) Humongous regions: 43->43
[2022-05-19T09:58:33.352+0000][83][gc,metaspace   ] GC(142) Metaspace: 100124K(101632K)->100124K(101632K) NonClass: 86184K(87104K)->86184K(87104K) Class: 13940K(14528K)->13940K(14528K)
[2022-05-19T09:58:33.352+0000][83][gc             ] GC(142) Pause Young (Concurrent Start) (G1 Evacuation Pause) 401M->361M(512M) 6.671ms
[2022-05-19T09:58:33.353+0000][83][gc,cpu         ] GC(142) User=0.01s Sys=0.00s Real=0.01s
[2022-05-19T09:58:33.353+0000][83][gc             ] GC(143) Concurrent Mark Cycle
[2022-05-19T09:58:33.353+0000][83][gc,marking     ] GC(143) Concurrent Clear Claimed Marks
[2022-05-19T09:58:33.353+0000][83][safepoint      ] Safepoint "G1CollectForAllocation", Time since last: 179903500 ns, Reaching safepoint: 173800 ns, At safepoint: 7050800 ns, Total: 7224600 ns
[2022-05-19T09:58:33.353+0000][83][gc,marking     ] GC(143) Concurrent Clear Claimed Marks 0.171ms
[2022-05-19T09:58:33.353+0000][83][gc,marking     ] GC(143) Concurrent Scan Root Regions
[2022-05-19T09:58:33.354+0000][83][gc,marking     ] GC(143) Concurrent Scan Root Regions 0.959ms
[2022-05-19T09:58:33.354+0000][83][gc,marking     ] GC(143) Concurrent Mark
[2022-05-19T09:58:33.355+0000][83][gc,marking     ] GC(143) Concurrent Mark From Roots
[2022-05-19T09:58:33.355+0000][83][gc,task        ] GC(143) Using 3 workers of 3 for marking
[2022-05-19T09:58:33.398+0000][83][gc,marking     ] GC(143) Concurrent Mark From Roots 42.941ms
[2022-05-19T09:58:33.398+0000][83][gc,marking     ] GC(143) Concurrent Preclean
[2022-05-19T09:58:33.398+0000][83][gc,marking     ] GC(143) Concurrent Preclean 0.597ms
[2022-05-19T09:58:33.399+0000][83][gc,start       ] GC(143) Pause Remark
[2022-05-19T09:58:33.401+0000][83][gc             ] GC(143) Pause Remark 379M->379M(512M) 2.565ms
[2022-05-19T09:58:33.402+0000][83][gc,cpu         ] GC(143) User=0.00s Sys=0.02s Real=0.00s
[2022-05-19T09:58:33.402+0000][83][safepoint      ] Safepoint "G1Concurrent", Time since last: 45858400 ns, Reaching safepoint: 273700 ns, At safepoint: 3020000 ns, Total: 3293700 ns
[2022-05-19T09:58:33.402+0000][83][gc,marking     ] GC(143) Concurrent Mark 47.653ms
[2022-05-19T09:58:33.402+0000][83][gc,marking     ] GC(143) Concurrent Rebuild Remembered Sets
[2022-05-19T09:58:33.422+0000][83][gc,marking     ] GC(143) Concurrent Rebuild Remembered Sets 19.593ms
[2022-05-19T09:58:33.422+0000][83][gc,start       ] GC(143) Pause Cleanup
[2022-05-19T09:58:33.423+0000][83][gc             ] GC(143) Pause Cleanup 387M->387M(512M) 0.337ms
[2022-05-19T09:58:33.423+0000][83][gc,cpu         ] GC(143) User=0.00s Sys=0.00s Real=0.00s
[2022-05-19T09:58:33.423+0000][83][safepoint      ] Safepoint "G1Concurrent", Time since last: 20345900 ns, Reaching safepoint: 252800 ns, At safepoint: 748800 ns, Total: 1001600 ns
[2022-05-19T09:58:33.423+0000][83][gc,marking     ] GC(143) Concurrent Cleanup for Next Mark
[2022-05-19T09:58:33.424+0000][83][gc,marking     ] GC(143) Concurrent Cleanup for Next Mark 0.381ms
[2022-05-19T09:58:33.424+0000][83][gc             ] GC(143) Concurrent Mark Cycle 71.314ms
[2022-05-19T09:58:33.463+0000][83][gc,start       ] GC(144) Pause Young (Normal) (G1 Evacuation Pause)
[2022-05-19T09:58:33.463+0000][83][gc,task        ] GC(144) Using 10 workers of 10 for evacuation
[2022-05-19T09:58:33.464+0000][83][gc,age         ] GC(144) Desired survivor size 4194304 bytes, new threshold 15 (max threshold 15)
[2022-05-19T09:58:33.466+0000][83][gc,age         ] GC(144) Age table with threshold 15 (max threshold 15)
[2022-05-19T09:58:33.466+0000][83][gc,age         ] GC(144) - age   1:      71384 bytes,      71384 total
[2022-05-19T09:58:33.466+0000][83][gc,age         ] GC(144) - age   2:      23704 bytes,      95088 total
[2022-05-19T09:58:33.466+0000][83][gc,age         ] GC(144) - age   3:      18984 bytes,     114072 total
[2022-05-19T09:58:33.466+0000][83][gc,age         ] GC(144) - age   4:      12952 bytes,     127024 total
[2022-05-19T09:58:33.466+0000][83][gc,age         ] GC(144) - age   5:      12048 bytes,     139072 total
[2022-05-19T09:58:33.466+0000][83][gc,age         ] GC(144) - age   6:       7056 bytes,     146128 total
[2022-05-19T09:58:33.467+0000][83][gc,age         ] GC(144) - age   7:      14368 bytes,     160496 total
[2022-05-19T09:58:33.467+0000][83][gc,age         ] GC(144) - age   8:       9480 bytes,     169976 total
[2022-05-19T09:58:33.467+0000][83][gc,age         ] GC(144) - age   9:      15888 bytes,     185864 total
[2022-05-19T09:58:33.467+0000][83][gc,age         ] GC(144) - age  10:       7344 bytes,     193208 total
[2022-05-19T09:58:33.467+0000][83][gc,age         ] GC(144) - age  11:     379744 bytes,     572952 total
[2022-05-19T09:58:33.467+0000][83][gc,age         ] GC(144) - age  12:     295544 bytes,     868496 total
[2022-05-19T09:58:33.467+0000][83][gc,age         ] GC(144) - age  13:     491760 bytes,    1360256 total
[2022-05-19T09:58:33.467+0000][83][gc,age         ] GC(144) - age  14:     524544 bytes,    1884800 total
[2022-05-19T09:58:33.467+0000][83][gc,age         ] GC(144) - age  15:     524576 bytes,    2409376 total
[2022-05-19T09:58:33.468+0000][83][gc,phases      ] GC(144)   Pre Evacuate Collection Set: 0.2ms
[2022-05-19T09:58:33.468+0000][83][gc,phases      ] GC(144)   Merge Heap Roots: 0.1ms
[2022-05-19T09:58:33.468+0000][83][gc,phases      ] GC(144)   Evacuate Collection Set: 0.9ms
[2022-05-19T09:58:33.468+0000][83][gc,phases      ] GC(144)   Post Evacuate Collection Set: 0.6ms
[2022-05-19T09:58:33.468+0000][83][gc,phases      ] GC(144)   Other: 2.6ms
[2022-05-19T09:58:33.468+0000][83][gc,heap        ] GC(144) Eden regions: 10->0(10)
[2022-05-19T09:58:33.468+0000][83][gc,heap        ] GC(144) Survivor regions: 1->1(2)
[2022-05-19T09:58:33.468+0000][83][gc,heap        ] GC(144) Old regions: 51->51
[2022-05-19T09:58:33.468+0000][83][gc,heap        ] GC(144) Archive regions: 2->2
[2022-05-19T09:58:33.469+0000][83][gc,heap        ] GC(144) Humongous regions: 43->43
[2022-05-19T09:58:33.469+0000][83][gc,metaspace   ] GC(144) Metaspace: 100125K(101632K)->100125K(101632K) NonClass: 86184K(87104K)->86184K(87104K) Class: 13940K(14528K)->13940K(14528K)
[2022-05-19T09:58:33.469+0000][83][gc             ] GC(144) Pause Young (Normal) (G1 Evacuation Pause) 401M->361M(512M) 5.550ms
[2022-05-19T09:58:33.469+0000][83][gc,cpu         ] GC(144) User=0.01s Sys=0.00s Real=0.01s
[2022-05-19T09:58:33.469+0000][83][safepoint      ] Safepoint "G1CollectForAllocation", Time since last: 39853100 ns, Reaching safepoint: 170000 ns, At safepoint: 5870800 ns, Total: 6040800 ns
[2022-05-19T09:58:33.585+0000][83][gc,start       ] GC(145) Pause Young (Concurrent Start) (G1 Evacuation Pause)
[2022-05-19T09:58:33.585+0000][83][gc,task        ] GC(145) Using 10 workers of 10 for evacuation
[2022-05-19T09:58:33.585+0000][83][gc,age         ] GC(145) Desired survivor size 4194304 bytes, new threshold 15 (max threshold 15)
[2022-05-19T09:58:33.588+0000][83][gc,age         ] GC(145) Age table with threshold 15 (max threshold 15)
[2022-05-19T09:58:33.588+0000][83][gc,age         ] GC(145) - age   1:      81616 bytes,      81616 total
[2022-05-19T09:58:33.588+0000][83][gc,age         ] GC(145) - age   2:      19816 bytes,     101432 total
[2022-05-19T09:58:33.588+0000][83][gc,age         ] GC(145) - age   3:      23704 bytes,     125136 total
[2022-05-19T09:58:33.588+0000][83][gc,age         ] GC(145) - age   4:      18984 bytes,     144120 total
[2022-05-19T09:58:33.588+0000][83][gc,age         ] GC(145) - age   5:      12952 bytes,     157072 total
[2022-05-19T09:58:33.589+0000][83][gc,age         ] GC(145) - age   6:      11680 bytes,     168752 total
[2022-05-19T09:58:33.589+0000][83][gc,age         ] GC(145) - age   7:       7056 bytes,     175808 total
[2022-05-19T09:58:33.589+0000][83][gc,age         ] GC(145) - age   8:      14368 bytes,     190176 total
[2022-05-19T09:58:33.589+0000][83][gc,age         ] GC(145) - age   9:       9480 bytes,     199656 total
[2022-05-19T09:58:33.589+0000][83][gc,age         ] GC(145) - age  10:      15888 bytes,     215544 total
[2022-05-19T09:58:33.589+0000][83][gc,age         ] GC(145) - age  11:       7312 bytes,     222856 total
[2022-05-19T09:58:33.589+0000][83][gc,age         ] GC(145) - age  12:     379744 bytes,     602600 total
[2022-05-19T09:58:33.589+0000][83][gc,age         ] GC(145) - age  13:     295544 bytes,     898144 total
[2022-05-19T09:58:33.590+0000][83][gc,age         ] GC(145) - age  14:     491760 bytes,    1389904 total
[2022-05-19T09:58:33.590+0000][83][gc,age         ] GC(145) - age  15:     524544 bytes,    1914448 total
[2022-05-19T09:58:33.590+0000][83][gc,phases      ] GC(145)   Pre Evacuate Collection Set: 0.3ms
[2022-05-19T09:58:33.590+0000][83][gc,phases      ] GC(145)   Merge Heap Roots: 0.2ms
[2022-05-19T09:58:33.590+0000][83][gc,phases      ] GC(145)   Evacuate Collection Set: 1.3ms
[2022-05-19T09:58:33.590+0000][83][gc,phases      ] GC(145)   Post Evacuate Collection Set: 0.6ms
[2022-05-19T09:58:33.590+0000][83][gc,phases      ] GC(145)   Other: 2.8ms
[2022-05-19T09:58:33.591+0000][83][gc,heap        ] GC(145) Eden regions: 10->0(10)
[2022-05-19T09:58:33.591+0000][83][gc,heap        ] GC(145) Survivor regions: 1->1(2)
[2022-05-19T09:58:33.591+0000][83][gc,heap        ] GC(145) Old regions: 51->51
[2022-05-19T09:58:33.591+0000][83][gc,heap        ] GC(145) Archive regions: 2->2
[2022-05-19T09:58:33.591+0000][83][gc,heap        ] GC(145) Humongous regions: 43->43
[2022-05-19T09:58:33.591+0000][83][gc,metaspace   ] GC(145) Metaspace: 100127K(101632K)->100127K(101632K) NonClass: 86186K(87104K)->86186K(87104K) Class: 13940K(14528K)->13940K(14528K)
[2022-05-19T09:58:33.591+0000][83][gc             ] GC(145) Pause Young (Concurrent Start) (G1 Evacuation Pause) 401M->361M(512M) 6.501ms
[2022-05-19T09:58:33.591+0000][83][gc,cpu         ] GC(145) User=0.02s Sys=0.00s Real=0.01s
[2022-05-19T09:58:33.592+0000][83][gc             ] GC(146) Concurrent Mark Cycle
[2022-05-19T09:58:33.592+0000][83][safepoint      ] Safepoint "G1CollectForAllocation", Time since last: 115469200 ns, Reaching safepoint: 194300 ns, At safepoint: 6852600 ns, Total: 7046900 ns
[2022-05-19T09:58:33.592+0000][83][gc,marking     ] GC(146) Concurrent Clear Claimed Marks
[2022-05-19T09:58:33.592+0000][83][gc,marking     ] GC(146) Concurrent Clear Claimed Marks 0.395ms
[2022-05-19T09:58:33.592+0000][83][gc,marking     ] GC(146) Concurrent Scan Root Regions
[2022-05-19T09:58:33.594+0000][83][gc,marking     ] GC(146) Concurrent Scan Root Regions 1.239ms
[2022-05-19T09:58:33.594+0000][83][gc,marking     ] GC(146) Concurrent Mark
[2022-05-19T09:58:33.594+0000][83][gc,marking     ] GC(146) Concurrent Mark From Roots
[2022-05-19T09:58:33.594+0000][83][gc,task        ] GC(146) Using 3 workers of 3 for marking
[2022-05-19T09:58:33.640+0000][83][gc,marking     ] GC(146) Concurrent Mark From Roots 46.344ms
[2022-05-19T09:58:33.640+0000][83][gc,marking     ] GC(146) Concurrent Preclean
[2022-05-19T09:58:33.641+0000][83][gc,marking     ] GC(146) Concurrent Preclean 0.502ms
[2022-05-19T09:58:33.641+0000][83][gc,start       ] GC(146) Pause Remark
[2022-05-19T09:58:33.644+0000][83][gc             ] GC(146) Pause Remark 375M->375M(512M) 3.070ms
[2022-05-19T09:58:33.645+0000][83][gc,cpu         ] GC(146) User=0.02s Sys=0.00s Real=0.00s
[2022-05-19T09:58:33.645+0000][83][safepoint      ] Safepoint "G1Concurrent", Time since last: 49490500 ns, Reaching safepoint: 270900 ns, At safepoint: 3620800 ns, Total: 3891700 ns
[2022-05-19T09:58:33.645+0000][83][gc,marking     ] GC(146) Concurrent Mark 51.557ms
[2022-05-19T09:58:33.645+0000][83][gc,marking     ] GC(146) Concurrent Rebuild Remembered Sets
[2022-05-19T09:58:33.670+0000][83][gc,marking     ] GC(146) Concurrent Rebuild Remembered Sets 24.936ms
[2022-05-19T09:58:33.671+0000][83][gc,start       ] GC(146) Pause Cleanup
[2022-05-19T09:58:33.672+0000][83][gc             ] GC(146) Pause Cleanup 376M->376M(512M) 0.648ms
[2022-05-19T09:58:33.672+0000][83][gc,cpu         ] GC(146) User=0.00s Sys=0.00s Real=0.00s
[2022-05-19T09:58:33.672+0000][83][safepoint      ] Safepoint "G1Concurrent", Time since last: 25649400 ns, Reaching safepoint: 204100 ns, At safepoint: 1619000 ns, Total: 1823100 ns
[2022-05-19T09:58:33.673+0000][83][gc,marking     ] GC(146) Concurrent Cleanup for Next Mark
[2022-05-19T09:58:33.673+0000][83][gc,marking     ] GC(146) Concurrent Cleanup for Next Mark 0.476ms
[2022-05-19T09:58:33.674+0000][83][gc             ] GC(146) Concurrent Mark Cycle 82.003ms
[2022-05-19T09:58:34.677+0000][83][safepoint      ] Safepoint "Cleanup", Time since last: 1000486300 ns, Reaching safepoint: 4400600 ns, At safepoint: 31700 ns, Total: 4432300 ns
[2022-05-19T09:58:34.895+0000][83][gc,start       ] GC(147) Pause Young (Normal) (G1 Evacuation Pause)
[2022-05-19T09:58:34.895+0000][83][gc,task        ] GC(147) Using 10 workers of 10 for evacuation
[2022-05-19T09:58:34.896+0000][83][gc,age         ] GC(147) Desired survivor size 4194304 bytes, new threshold 15 (max threshold 15)
[2022-05-19T09:58:34.898+0000][83][gc,age         ] GC(147) Age table with threshold 15 (max threshold 15)
[2022-05-19T09:58:34.898+0000][83][gc,age         ] GC(147) - age   1:    2989144 bytes,    2989144 total
[2022-05-19T09:58:34.898+0000][83][gc,age         ] GC(147) - age   2:        192 bytes,    2989336 total
[2022-05-19T09:58:34.899+0000][83][gc,age         ] GC(147) - age   4:        152 bytes,    2989488 total
[2022-05-19T09:58:34.899+0000][83][gc,age         ] GC(147) - age   6:         80 bytes,    2989568 total
[2022-05-19T09:58:34.899+0000][83][gc,age         ] GC(147) - age   7:        544 bytes,    2990112 total
[2022-05-19T09:58:34.899+0000][83][gc,age         ] GC(147) - age   8:        104 bytes,    2990216 total
[2022-05-19T09:58:34.899+0000][83][gc,age         ] GC(147) - age   9:       1400 bytes,    2991616 total
[2022-05-19T09:58:34.899+0000][83][gc,age         ] GC(147) - age  11:        184 bytes,    2991800 total
[2022-05-19T09:58:34.900+0000][83][gc,age         ] GC(147) - age  12:        504 bytes,    2992304 total
[2022-05-19T09:58:34.900+0000][83][gc,age         ] GC(147) - age  13:      30152 bytes,    3022456 total
[2022-05-19T09:58:34.900+0000][83][gc,age         ] GC(147) - age  14:     295056 bytes,    3317512 total
[2022-05-19T09:58:34.900+0000][83][gc,age         ] GC(147) - age  15:     491760 bytes,    3809272 total
[2022-05-19T09:58:34.900+0000][83][gc,phases      ] GC(147)   Pre Evacuate Collection Set: 0.2ms
[2022-05-19T09:58:34.900+0000][83][gc,phases      ] GC(147)   Merge Heap Roots: 0.2ms
[2022-05-19T09:58:34.900+0000][83][gc,phases      ] GC(147)   Evacuate Collection Set: 1.1ms
[2022-05-19T09:58:34.900+0000][83][gc,phases      ] GC(147)   Post Evacuate Collection Set: 0.7ms
[2022-05-19T09:58:34.901+0000][83][gc,phases      ] GC(147)   Other: 3.0ms
[2022-05-19T09:58:34.901+0000][83][gc,heap        ] GC(147) Eden regions: 10->0(9)
[2022-05-19T09:58:34.901+0000][83][gc,heap        ] GC(147) Survivor regions: 1->1(2)
[2022-05-19T09:58:34.901+0000][83][gc,heap        ] GC(147) Old regions: 51->52
[2022-05-19T09:58:34.901+0000][83][gc,heap        ] GC(147) Archive regions: 2->2
[2022-05-19T09:58:34.901+0000][83][gc,heap        ] GC(147) Humongous regions: 43->43
[2022-05-19T09:58:34.901+0000][83][gc,metaspace   ] GC(147) Metaspace: 100255K(101760K)->100255K(101760K) NonClass: 86298K(87232K)->86298K(87232K) Class: 13956K(14528K)->13956K(14528K)
[2022-05-19T09:58:34.901+0000][83][gc             ] GC(147) Pause Young (Normal) (G1 Evacuation Pause) 401M->363M(512M) 6.402ms
[2022-05-19T09:58:34.902+0000][83][gc,cpu         ] GC(147) User=0.01s Sys=0.00s Real=0.01s
[2022-05-19T09:58:34.902+0000][83][safepoint      ] Safepoint "G1CollectForAllocation", Time since last: 217390600 ns, Reaching safepoint: 181900 ns, At safepoint: 6702200 ns, Total: 6884100 ns
[2022-05-19T09:58:35.165+0000][83][gc,start       ] GC(148) Pause Young (Concurrent Start) (G1 Evacuation Pause)
[2022-05-19T09:58:35.165+0000][83][gc,task        ] GC(148) Using 10 workers of 10 for evacuation
[2022-05-19T09:58:35.165+0000][83][gc,age         ] GC(148) Desired survivor size 4194304 bytes, new threshold 15 (max threshold 15)
[2022-05-19T09:58:35.168+0000][83][gc,age         ] GC(148) Age table with threshold 15 (max threshold 15)
[2022-05-19T09:58:35.168+0000][83][gc,age         ] GC(148) - age   1:    2504296 bytes,    2504296 total
[2022-05-19T09:58:35.169+0000][83][gc,age         ] GC(148) - age   2:    1115656 bytes,    3619952 total
[2022-05-19T09:58:35.169+0000][83][gc,age         ] GC(148) - age   3:        192 bytes,    3620144 total
[2022-05-19T09:58:35.169+0000][83][gc,age         ] GC(148) - age   5:        152 bytes,    3620296 total
[2022-05-19T09:58:35.169+0000][83][gc,age         ] GC(148) - age   7:         80 bytes,    3620376 total
[2022-05-19T09:58:35.169+0000][83][gc,age         ] GC(148) - age   8:        544 bytes,    3620920 total
[2022-05-19T09:58:35.169+0000][83][gc,age         ] GC(148) - age   9:        104 bytes,    3621024 total
[2022-05-19T09:58:35.170+0000][83][gc,age         ] GC(148) - age  10:       1400 bytes,    3622424 total
[2022-05-19T09:58:35.170+0000][83][gc,age         ] GC(148) - age  12:        184 bytes,    3622608 total
[2022-05-19T09:58:35.170+0000][83][gc,age         ] GC(148) - age  13:        504 bytes,    3623112 total
[2022-05-19T09:58:35.170+0000][83][gc,age         ] GC(148) - age  14:      30152 bytes,    3653264 total
[2022-05-19T09:58:35.170+0000][83][gc,age         ] GC(148) - age  15:     295056 bytes,    3948320 total
[2022-05-19T09:58:35.170+0000][83][gc,phases      ] GC(148)   Pre Evacuate Collection Set: 0.2ms
[2022-05-19T09:58:35.170+0000][83][gc,phases      ] GC(148)   Merge Heap Roots: 0.2ms
[2022-05-19T09:58:35.171+0000][83][gc,phases      ] GC(148)   Evacuate Collection Set: 1.4ms
[2022-05-19T09:58:35.171+0000][83][gc,phases      ] GC(148)   Post Evacuate Collection Set: 0.7ms
[2022-05-19T09:58:35.171+0000][83][gc,phases      ] GC(148)   Other: 3.1ms
[2022-05-19T09:58:35.171+0000][83][gc,heap        ] GC(148) Eden regions: 9->0(8)
[2022-05-19T09:58:35.171+0000][83][gc,heap        ] GC(148) Survivor regions: 1->1(2)
[2022-05-19T09:58:35.171+0000][83][gc,heap        ] GC(148) Old regions: 52->52
[2022-05-19T09:58:35.171+0000][83][gc,heap        ] GC(148) Archive regions: 2->2
[2022-05-19T09:58:35.171+0000][83][gc,heap        ] GC(148) Humongous regions: 43->43
[2022-05-19T09:58:35.172+0000][83][gc,metaspace   ] GC(148) Metaspace: 100255K(101760K)->100255K(101760K) NonClass: 86298K(87232K)->86298K(87232K) Class: 13956K(14528K)->13956K(14528K)
[2022-05-19T09:58:35.172+0000][83][gc             ] GC(148) Pause Young (Concurrent Start) (G1 Evacuation Pause) 399M->364M(512M) 6.967ms
[2022-05-19T09:58:35.172+0000][83][gc,cpu         ] GC(148) User=0.02s Sys=0.00s Real=0.01s
[2022-05-19T09:58:35.172+0000][83][gc             ] GC(149) Concurrent Mark Cycle
[2022-05-19T09:58:35.172+0000][83][gc,marking     ] GC(149) Concurrent Clear Claimed Marks
[2022-05-19T09:58:35.172+0000][83][safepoint      ] Safepoint "G1CollectForAllocation", Time since last: 262937400 ns, Reaching safepoint: 186600 ns, At safepoint: 7364400 ns, Total: 7551000 ns
[2022-05-19T09:58:35.173+0000][83][gc,marking     ] GC(149) Concurrent Clear Claimed Marks 0.238ms
[2022-05-19T09:58:35.173+0000][83][gc,marking     ] GC(149) Concurrent Scan Root Regions
[2022-05-19T09:58:35.174+0000][83][gc,marking     ] GC(149) Concurrent Scan Root Regions 1.679ms
[2022-05-19T09:58:35.175+0000][83][gc,marking     ] GC(149) Concurrent Mark
[2022-05-19T09:58:35.175+0000][83][gc,marking     ] GC(149) Concurrent Mark From Roots
[2022-05-19T09:58:35.175+0000][83][gc,task        ] GC(149) Using 3 workers of 3 for marking
[2022-05-19T09:58:35.217+0000][83][gc,marking     ] GC(149) Concurrent Mark From Roots 42.091ms
[2022-05-19T09:58:35.217+0000][83][gc,marking     ] GC(149) Concurrent Preclean
[2022-05-19T09:58:35.218+0000][83][gc,marking     ] GC(149) Concurrent Preclean 0.570ms
[2022-05-19T09:58:35.218+0000][83][gc,start       ] GC(149) Pause Remark
[2022-05-19T09:58:35.221+0000][83][gc             ] GC(149) Pause Remark 368M->179M(512M) 2.977ms
[2022-05-19T09:58:35.222+0000][83][gc,cpu         ] GC(149) User=0.02s Sys=0.01s Real=0.01s
[2022-05-19T09:58:35.222+0000][83][safepoint      ] Safepoint "G1Concurrent", Time since last: 45985700 ns, Reaching safepoint: 266500 ns, At safepoint: 3504200 ns, Total: 3770700 ns
[2022-05-19T09:58:35.222+0000][83][gc,marking     ] GC(149) Concurrent Mark 47.460ms
[2022-05-19T09:58:35.222+0000][83][gc,marking     ] GC(149) Concurrent Rebuild Remembered Sets
[2022-05-19T09:58:35.245+0000][83][gc,marking     ] GC(149) Concurrent Rebuild Remembered Sets 23.018ms
[2022-05-19T09:58:35.246+0000][83][gc,start       ] GC(149) Pause Cleanup
[2022-05-19T09:58:35.246+0000][83][gc             ] GC(149) Pause Cleanup 183M->183M(512M) 0.411ms
[2022-05-19T09:58:35.247+0000][83][gc,cpu         ] GC(149) User=0.00s Sys=0.00s Real=0.00s
[2022-05-19T09:58:35.247+0000][83][safepoint      ] Safepoint "G1Concurrent", Time since last: 23782300 ns, Reaching safepoint: 275800 ns, At safepoint: 857100 ns, Total: 1132900 ns
[2022-05-19T09:58:35.247+0000][83][gc,marking     ] GC(149) Concurrent Cleanup for Next Mark
[2022-05-19T09:58:35.248+0000][83][gc,marking     ] GC(149) Concurrent Cleanup for Next Mark 0.498ms
[2022-05-19T09:58:35.248+0000][83][gc             ] GC(149) Concurrent Mark Cycle 75.720ms
[2022-05-19T09:58:35.398+0000][83][gc,start       ] GC(150) Pause Young (Prepare Mixed) (G1 Evacuation Pause)
[2022-05-19T09:58:35.398+0000][83][gc,task        ] GC(150) Using 10 workers of 10 for evacuation
[2022-05-19T09:58:35.398+0000][83][gc,age         ] GC(150) Desired survivor size 4194304 bytes, new threshold 15 (max threshold 15)
[2022-05-19T09:58:35.401+0000][83][gc,age         ] GC(150) Age table with threshold 15 (max threshold 15)
[2022-05-19T09:58:35.401+0000][83][gc,age         ] GC(150) - age   1:    3648024 bytes,    3648024 total
[2022-05-19T09:58:35.401+0000][83][gc,age         ] GC(150) - age   2:    1004576 bytes,    4652600 total
[2022-05-19T09:58:35.402+0000][83][gc,age         ] GC(150) - age   3:    1101152 bytes,    5753752 total
[2022-05-19T09:58:35.402+0000][83][gc,age         ] GC(150) - age   4:        192 bytes,    5753944 total
[2022-05-19T09:58:35.402+0000][83][gc,age         ] GC(150) - age   6:        152 bytes,    5754096 total
[2022-05-19T09:58:35.402+0000][83][gc,age         ] GC(150) - age   8:         80 bytes,    5754176 total
[2022-05-19T09:58:35.403+0000][83][gc,age         ] GC(150) - age   9:        544 bytes,    5754720 total
[2022-05-19T09:58:35.403+0000][83][gc,age         ] GC(150) - age  10:        104 bytes,    5754824 total
[2022-05-19T09:58:35.403+0000][83][gc,age         ] GC(150) - age  11:       1400 bytes,    5756224 total
[2022-05-19T09:58:35.403+0000][83][gc,age         ] GC(150) - age  13:        184 bytes,    5756408 total
[2022-05-19T09:58:35.403+0000][83][gc,age         ] GC(150) - age  14:        504 bytes,    5756912 total
[2022-05-19T09:58:35.403+0000][83][gc,age         ] GC(150) - age  15:      29336 bytes,    5786248 total
[2022-05-19T09:58:35.404+0000][83][gc,phases      ] GC(150)   Pre Evacuate Collection Set: 0.2ms
[2022-05-19T09:58:35.404+0000][83][gc,phases      ] GC(150)   Merge Heap Roots: 0.2ms
[2022-05-19T09:58:35.404+0000][83][gc,phases      ] GC(150)   Evacuate Collection Set: 1.2ms
[2022-05-19T09:58:35.404+0000][83][gc,phases      ] GC(150)   Post Evacuate Collection Set: 0.8ms
[2022-05-19T09:58:35.404+0000][83][gc,phases      ] GC(150)   Other: 3.8ms
[2022-05-19T09:58:35.404+0000][83][gc,heap        ] GC(150) Eden regions: 8->0(4)
[2022-05-19T09:58:35.405+0000][83][gc,heap        ] GC(150) Survivor regions: 1->2(2)
[2022-05-19T09:58:35.405+0000][83][gc,heap        ] GC(150) Old regions: 39->39
[2022-05-19T09:58:35.405+0000][83][gc,heap        ] GC(150) Archive regions: 2->2
[2022-05-19T09:58:35.405+0000][83][gc,heap        ] GC(150) Humongous regions: 6->6
[2022-05-19T09:58:35.405+0000][83][gc,metaspace   ] GC(150) Metaspace: 100267K(101760K)->100267K(101760K) NonClass: 86310K(87232K)->86310K(87232K) Class: 13956K(14528K)->13956K(14528K)
[2022-05-19T09:58:35.405+0000][83][gc             ] GC(150) Pause Young (Prepare Mixed) (G1 Evacuation Pause) 207M->177M(512M) 7.725ms
[2022-05-19T09:58:35.406+0000][83][gc,cpu         ] GC(150) User=0.02s Sys=0.01s Real=0.01s
[2022-05-19T09:58:35.406+0000][83][safepoint      ] Safepoint "G1CollectForAllocation", Time since last: 150569800 ns, Reaching safepoint: 178900 ns, At safepoint: 8170900 ns, Total: 8349800 ns
[2022-05-19T09:58:35.538+0000][83][gc,start       ] GC(151) Pause Young (Mixed) (G1 Evacuation Pause)
[2022-05-19T09:58:35.538+0000][83][gc,task        ] GC(151) Using 10 workers of 10 for evacuation
[2022-05-19T09:58:35.538+0000][83][gc,age         ] GC(151) Desired survivor size 2097152 bytes, new threshold 1 (max threshold 15)
[2022-05-19T09:58:35.541+0000][83][gc,age         ] GC(151) Age table with threshold 1 (max threshold 15)
[2022-05-19T09:58:35.542+0000][83][gc,age         ] GC(151) - age   1:    2052952 bytes,    2052952 total
[2022-05-19T09:58:35.542+0000][83][gc,phases      ] GC(151)   Pre Evacuate Collection Set: 0.2ms
[2022-05-19T09:58:35.542+0000][83][gc,phases      ] GC(151)   Merge Heap Roots: 0.2ms
[2022-05-19T09:58:35.542+0000][83][gc,phases      ] GC(151)   Evacuate Collection Set: 1.6ms
[2022-05-19T09:58:35.542+0000][83][gc,phases      ] GC(151)   Post Evacuate Collection Set: 0.7ms
[2022-05-19T09:58:35.542+0000][83][gc,phases      ] GC(151)   Other: 1.3ms
[2022-05-19T09:58:35.543+0000][83][gc,heap        ] GC(151) Eden regions: 4->0(5)
[2022-05-19T09:58:35.543+0000][83][gc,heap        ] GC(151) Survivor regions: 2->1(1)
[2022-05-19T09:58:35.543+0000][83][gc,heap        ] GC(151) Old regions: 39->27
[2022-05-19T09:58:35.543+0000][83][gc,heap        ] GC(151) Archive regions: 2->2
[2022-05-19T09:58:35.543+0000][83][gc,heap        ] GC(151) Humongous regions: 6->6
[2022-05-19T09:58:35.543+0000][83][gc,metaspace   ] GC(151) Metaspace: 100294K(101760K)->100294K(101760K) NonClass: 86337K(87232K)->86337K(87232K) Class: 13956K(14528K)->13956K(14528K)
[2022-05-19T09:58:35.543+0000][83][gc             ] GC(151) Pause Young (Mixed) (G1 Evacuation Pause) 193M->126M(512M) 5.485ms
[2022-05-19T09:58:35.544+0000][83][gc,cpu         ] GC(151) User=0.00s Sys=0.02s Real=0.01s
[2022-05-19T09:58:35.544+0000][83][safepoint      ] Safepoint "G1CollectForAllocation", Time since last: 131939200 ns, Reaching safepoint: 192400 ns, At safepoint: 5766700 ns, Total: 5959100 ns
[2022-05-19T09:58:35.700+0000][83][gc,start       ] GC(152) Pause Young (Mixed) (G1 Evacuation Pause)
[2022-05-19T09:58:35.701+0000][83][gc,task        ] GC(152) Using 10 workers of 10 for evacuation
[2022-05-19T09:58:35.701+0000][83][gc,age         ] GC(152) Desired survivor size 2097152 bytes, new threshold 15 (max threshold 15)
[2022-05-19T09:58:35.703+0000][83][gc,age         ] GC(152) Age table with threshold 15 (max threshold 15)
[2022-05-19T09:58:35.703+0000][83][gc,age         ] GC(152) - age   1:    2487704 bytes,    2487704 total
[2022-05-19T09:58:35.703+0000][83][gc,age         ] GC(152) - age   2:     544864 bytes,    3032568 total
[2022-05-19T09:58:35.704+0000][83][gc,phases      ] GC(152)   Pre Evacuate Collection Set: 0.2ms
[2022-05-19T09:58:35.704+0000][83][gc,phases      ] GC(152)   Merge Heap Roots: 0.1ms
[2022-05-19T09:58:35.704+0000][83][gc,phases      ] GC(152)   Evacuate Collection Set: 1.3ms
[2022-05-19T09:58:35.704+0000][83][gc,phases      ] GC(152)   Post Evacuate Collection Set: 0.6ms
[2022-05-19T09:58:35.704+0000][83][gc,phases      ] GC(152)   Other: 1.1ms
[2022-05-19T09:58:35.705+0000][83][gc,heap        ] GC(152) Eden regions: 5->0(69)
[2022-05-19T09:58:35.705+0000][83][gc,heap        ] GC(152) Survivor regions: 1->1(1)
[2022-05-19T09:58:35.705+0000][83][gc,heap        ] GC(152) Old regions: 27->25
[2022-05-19T09:58:35.705+0000][83][gc,heap        ] GC(152) Archive regions: 2->2
[2022-05-19T09:58:35.705+0000][83][gc,heap        ] GC(152) Humongous regions: 6->6
[2022-05-19T09:58:35.705+0000][83][gc,metaspace   ] GC(152) Metaspace: 100294K(101760K)->100294K(101760K) NonClass: 86337K(87232K)->86337K(87232K) Class: 13956K(14528K)->13956K(14528K)
[2022-05-19T09:58:35.706+0000][83][gc             ] GC(152) Pause Young (Mixed) (G1 Evacuation Pause) 146M->119M(512M) 5.423ms
[2022-05-19T09:58:35.706+0000][83][gc,cpu         ] GC(152) User=0.02s Sys=0.00s Real=0.00s
[2022-05-19T09:58:35.706+0000][83][safepoint      ] Safepoint "G1CollectForAllocation", Time since last: 156485800 ns, Reaching safepoint: 185500 ns, At safepoint: 6181800 ns, Total: 6367300 ns
[2022-05-19T09:58:36.707+0000][83][safepoint      ] Safepoint "Cleanup", Time since last: 1000347800 ns, Reaching safepoint: 308700 ns, At safepoint: 22900 ns, Total: 331600 ns
[2022-05-19T09:58:37.153+0000][83][gc,start       ] GC(153) Pause Young (Concurrent Start) (G1 Humongous Allocation)
[2022-05-19T09:58:37.153+0000][83][gc,task        ] GC(153) Using 10 workers of 10 for evacuation
[2022-05-19T09:58:37.153+0000][83][gc,age         ] GC(153) Desired survivor size 18874368 bytes, new threshold 15 (max threshold 15)
[2022-05-19T09:58:37.157+0000][83][gc,age         ] GC(153) Age table with threshold 15 (max threshold 15)
[2022-05-19T09:58:37.157+0000][83][gc,age         ] GC(153) - age   1:   11847728 bytes,   11847728 total
[2022-05-19T09:58:37.157+0000][83][gc,age         ] GC(153) - age   2:     511696 bytes,   12359424 total
[2022-05-19T09:58:37.157+0000][83][gc,age         ] GC(153) - age   3:     540032 bytes,   12899456 total
[2022-05-19T09:58:37.157+0000][83][gc,phases      ] GC(153)   Pre Evacuate Collection Set: 0.2ms
[2022-05-19T09:58:37.158+0000][83][gc,phases      ] GC(153)   Merge Heap Roots: 0.1ms
[2022-05-19T09:58:37.158+0000][83][gc,phases      ] GC(153)   Evacuate Collection Set: 2.0ms
[2022-05-19T09:58:37.158+0000][83][gc,phases      ] GC(153)   Post Evacuate Collection Set: 0.6ms
[2022-05-19T09:58:37.158+0000][83][gc,phases      ] GC(153)   Other: 1.5ms
[2022-05-19T09:58:37.158+0000][83][gc,heap        ] GC(153) Eden regions: 42->0(60)
[2022-05-19T09:58:37.158+0000][83][gc,heap        ] GC(153) Survivor regions: 1->4(9)
[2022-05-19T09:58:37.159+0000][83][gc,heap        ] GC(153) Old regions: 25->25
[2022-05-19T09:58:37.159+0000][83][gc,heap        ] GC(153) Archive regions: 2->2
[2022-05-19T09:58:37.159+0000][83][gc,heap        ] GC(153) Humongous regions: 11->10
[2022-05-19T09:58:37.159+0000][83][gc,metaspace   ] GC(153) Metaspace: 100346K(101824K)->100346K(101824K) NonClass: 86389K(87296K)->86389K(87296K) Class: 13956K(14528K)->13956K(14528K)
[2022-05-19T09:58:37.159+0000][83][gc             ] GC(153) Pause Young (Concurrent Start) (G1 Humongous Allocation) 305M->145M(512M) 6.505ms
[2022-05-19T09:58:37.159+0000][83][gc,cpu         ] GC(153) User=0.02s Sys=0.00s Real=0.01s
[2022-05-19T09:58:37.160+0000][83][safepoint      ] Safepoint "G1TryInitiateConcMark", Time since last: 445401500 ns, Reaching safepoint: 191500 ns, At safepoint: 6887600 ns, Total: 7079100 ns
[2022-05-19T09:58:37.160+0000][83][gc             ] GC(154) Concurrent Undo Cycle
[2022-05-19T09:58:37.160+0000][83][gc,marking     ] GC(154) Concurrent Cleanup for Next Mark
[2022-05-19T09:58:37.160+0000][83][gc,marking     ] GC(154) Concurrent Cleanup for Next Mark 0.493ms
[2022-05-19T09:58:37.161+0000][83][gc             ] GC(154) Concurrent Undo Cycle 0.978ms
[2022-05-19T09:58:38.160+0000][83][safepoint      ] Safepoint "Cleanup", Time since last: 1000301700 ns, Reaching safepoint: 289200 ns, At safepoint: 26400 ns, Total: 315600 ns
[2022-05-19T09:58:38.915+0000][83][gc,start       ] GC(155) Pause Young (Normal) (G1 Evacuation Pause)
[2022-05-19T09:58:38.915+0000][83][gc,task        ] GC(155) Using 10 workers of 10 for evacuation
[2022-05-19T09:58:38.916+0000][83][gc,age         ] GC(155) Desired survivor size 16777216 bytes, new threshold 15 (max threshold 15)
[2022-05-19T09:58:38.919+0000][83][gc,age         ] GC(155) Age table with threshold 15 (max threshold 15)
[2022-05-19T09:58:38.919+0000][83][gc,age         ] GC(155) - age   1:    8597320 bytes,    8597320 total
[2022-05-19T09:58:38.919+0000][83][gc,age         ] GC(155) - age   2:    4514848 bytes,   13112168 total
[2022-05-19T09:58:38.919+0000][83][gc,age         ] GC(155) - age   3:     510520 bytes,   13622688 total
[2022-05-19T09:58:38.920+0000][83][gc,age         ] GC(155) - age   4:     536472 bytes,   14159160 total
[2022-05-19T09:58:38.920+0000][83][gc,phases      ] GC(155)   Pre Evacuate Collection Set: 0.2ms
[2022-05-19T09:58:38.920+0000][83][gc,phases      ] GC(155)   Merge Heap Roots: 0.1ms
[2022-05-19T09:58:38.920+0000][83][gc,phases      ] GC(155)   Evacuate Collection Set: 1.9ms
[2022-05-19T09:58:38.920+0000][83][gc,phases      ] GC(155)   Post Evacuate Collection Set: 0.6ms
[2022-05-19T09:58:38.920+0000][83][gc,phases      ] GC(155)   Other: 1.7ms
[2022-05-19T09:58:38.920+0000][83][gc,heap        ] GC(155) Eden regions: 60->0(59)
[2022-05-19T09:58:38.921+0000][83][gc,heap        ] GC(155) Survivor regions: 4->4(8)
[2022-05-19T09:58:38.921+0000][83][gc,heap        ] GC(155) Old regions: 25->25
[2022-05-19T09:58:38.921+0000][83][gc,heap        ] GC(155) Archive regions: 2->2
[2022-05-19T09:58:38.921+0000][83][gc,heap        ] GC(155) Humongous regions: 13->10
[2022-05-19T09:58:38.921+0000][83][gc,metaspace   ] GC(155) Metaspace: 100348K(101824K)->100348K(101824K) NonClass: 86391K(87296K)->86391K(87296K) Class: 13956K(14528K)->13956K(14528K)
[2022-05-19T09:58:38.921+0000][83][gc             ] GC(155) Pause Young (Normal) (G1 Evacuation Pause) 397M->146M(512M) 5.989ms
[2022-05-19T09:58:38.921+0000][83][gc,cpu         ] GC(155) User=0.01s Sys=0.01s Real=0.01s
[2022-05-19T09:58:38.921+0000][83][safepoint      ] Safepoint "G1CollectForAllocation", Time since last: 754703400 ns, Reaching safepoint: 185400 ns, At safepoint: 6312500 ns, Total: 6497900 ns
[2022-05-19T09:58:40.756+0000][83][gc,start       ] GC(156) Pause Young (Normal) (G1 Evacuation Pause)
[2022-05-19T09:58:40.756+0000][83][gc,task        ] GC(156) Using 10 workers of 10 for evacuation
[2022-05-19T09:58:40.757+0000][83][gc,age         ] GC(156) Desired survivor size 16777216 bytes, new threshold 15 (max threshold 15)
[2022-05-19T09:58:40.761+0000][83][gc,age         ] GC(156) Age table with threshold 15 (max threshold 15)
[2022-05-19T09:58:40.761+0000][83][gc,age         ] GC(156) - age   1:    8859856 bytes,    8859856 total
[2022-05-19T09:58:40.762+0000][83][gc,age         ] GC(156) - age   2:    5608568 bytes,   14468424 total
[2022-05-19T09:58:40.762+0000][83][gc,age         ] GC(156) - age   3:    4332320 bytes,   18800744 total
[2022-05-19T09:58:40.762+0000][83][gc,age         ] GC(156) - age   4:     495232 bytes,   19295976 total
[2022-05-19T09:58:40.763+0000][83][gc,age         ] GC(156) - age   5:     516480 bytes,   19812456 total
[2022-05-19T09:58:40.763+0000][83][gc,phases      ] GC(156)   Pre Evacuate Collection Set: 0.2ms
[2022-05-19T09:58:40.763+0000][83][gc,phases      ] GC(156)   Merge Heap Roots: 0.3ms
[2022-05-19T09:58:40.763+0000][83][gc,phases      ] GC(156)   Evacuate Collection Set: 2.5ms
[2022-05-19T09:58:40.764+0000][83][gc,phases      ] GC(156)   Post Evacuate Collection Set: 1.1ms
[2022-05-19T09:58:40.764+0000][83][gc,phases      ] GC(156)   Other: 2.8ms
[2022-05-19T09:58:40.764+0000][83][gc,heap        ] GC(156) Eden regions: 59->0(62)
[2022-05-19T09:58:40.764+0000][83][gc,heap        ] GC(156) Survivor regions: 4->5(8)
[2022-05-19T09:58:40.764+0000][83][gc,heap        ] GC(156) Old regions: 25->25
[2022-05-19T09:58:40.765+0000][83][gc,heap        ] GC(156) Archive regions: 2->2
[2022-05-19T09:58:40.765+0000][83][gc,heap        ] GC(156) Humongous regions: 11->6
[2022-05-19T09:58:40.765+0000][83][gc,metaspace   ] GC(156) Metaspace: 100402K(101888K)->100402K(101888K) NonClass: 86445K(87360K)->86445K(87360K) Class: 13956K(14528K)->13956K(14528K)
[2022-05-19T09:58:40.765+0000][83][gc             ] GC(156) Pause Young (Normal) (G1 Evacuation Pause) 386M->135M(512M) 9.044ms
[2022-05-19T09:58:40.765+0000][83][gc,cpu         ] GC(156) User=0.03s Sys=0.00s Real=0.01s
[2022-05-19T09:58:40.765+0000][83][safepoint      ] Safepoint "G1CollectForAllocation", Time since last: 1834299400 ns, Reaching safepoint: 244200 ns, At safepoint: 9403100 ns, Total: 9647300 ns
[2022-05-19T09:58:40.906+0000][83][gc,start       ] GC(157) Pause Young (Concurrent Start) (G1 Humongous Allocation)
[2022-05-19T09:58:40.907+0000][83][gc,task        ] GC(157) Using 10 workers of 10 for evacuation
[2022-05-19T09:58:40.907+0000][83][gc,age         ] GC(157) Desired survivor size 18874368 bytes, new threshold 4 (max threshold 15)
[2022-05-19T09:58:40.912+0000][83][gc,age         ] GC(157) Age table with threshold 4 (max threshold 15)
[2022-05-19T09:58:40.912+0000][83][gc,age         ] GC(157) - age   1:    5344952 bytes,    5344952 total
[2022-05-19T09:58:40.913+0000][83][gc,age         ] GC(157) - age   2:    8245976 bytes,   13590928 total
[2022-05-19T09:58:40.913+0000][83][gc,age         ] GC(157) - age   3:    5607224 bytes,   19198152 total
[2022-05-19T09:58:40.913+0000][83][gc,age         ] GC(157) - age   4:    4325152 bytes,   23523304 total
[2022-05-19T09:58:40.913+0000][83][gc,phases      ] GC(157)   Pre Evacuate Collection Set: 0.3ms
[2022-05-19T09:58:40.914+0000][83][gc,phases      ] GC(157)   Merge Heap Roots: 0.2ms
[2022-05-19T09:58:40.914+0000][83][gc,phases      ] GC(157)   Evacuate Collection Set: 3.2ms
[2022-05-19T09:58:40.914+0000][83][gc,phases      ] GC(157)   Post Evacuate Collection Set: 0.9ms
[2022-05-19T09:58:40.914+0000][83][gc,phases      ] GC(157)   Other: 2.5ms
[2022-05-19T09:58:40.914+0000][83][gc,heap        ] GC(157) Eden regions: 5->0(57)
[2022-05-19T09:58:40.915+0000][83][gc,heap        ] GC(157) Survivor regions: 5->6(9)
[2022-05-19T09:58:40.915+0000][83][gc,heap        ] GC(157) Old regions: 25->25
[2022-05-19T09:58:40.915+0000][83][gc,heap        ] GC(157) Archive regions: 2->2
[2022-05-19T09:58:40.915+0000][83][gc,heap        ] GC(157) Humongous regions: 11->10
[2022-05-19T09:58:40.915+0000][83][gc,metaspace   ] GC(157) Metaspace: 100402K(101888K)->100402K(101888K) NonClass: 86445K(87360K)->86445K(87360K) Class: 13956K(14528K)->13956K(14528K)
[2022-05-19T09:58:40.915+0000][83][gc             ] GC(157) Pause Young (Concurrent Start) (G1 Humongous Allocation) 172M->156M(512M) 8.974ms
[2022-05-19T09:58:40.916+0000][83][gc,cpu         ] GC(157) User=0.03s Sys=0.00s Real=0.01s
[2022-05-19T09:58:40.916+0000][83][gc             ] GC(158) Concurrent Undo Cycle
[2022-05-19T09:58:40.916+0000][83][gc,marking     ] GC(158) Concurrent Cleanup for Next Mark
[2022-05-19T09:58:40.916+0000][83][safepoint      ] Safepoint "G1TryInitiateConcMark", Time since last: 140631200 ns, Reaching safepoint: 318400 ns, At safepoint: 9332500 ns, Total: 9650900 ns
[2022-05-19T09:58:40.916+0000][83][gc,marking     ] GC(158) Concurrent Cleanup for Next Mark 0.343ms
[2022-05-19T09:58:40.916+0000][83][gc             ] GC(158) Concurrent Undo Cycle 0.651ms
[2022-05-19T09:58:41.917+0000][83][safepoint      ] Safepoint "Cleanup", Time since last: 1000546300 ns, Reaching safepoint: 284300 ns, At safepoint: 35500 ns, Total: 319800 ns
[2022-05-19T09:58:42.605+0000][83][gc,start       ] GC(159) Pause Young (Normal) (G1 Evacuation Pause)
[2022-05-19T09:58:42.605+0000][83][gc,task        ] GC(159) Using 10 workers of 10 for evacuation
[2022-05-19T09:58:42.605+0000][83][gc,age         ] GC(159) Desired survivor size 16777216 bytes, new threshold 3 (max threshold 15)
[2022-05-19T09:58:42.609+0000][83][gc,age         ] GC(159) Age table with threshold 3 (max threshold 15)
[2022-05-19T09:58:42.609+0000][83][gc,age         ] GC(159) - age   1:    2437160 bytes,    2437160 total
[2022-05-19T09:58:42.609+0000][83][gc,age         ] GC(159) - age   2:     490088 bytes,    2927248 total
[2022-05-19T09:58:42.609+0000][83][gc,age         ] GC(159) - age   3:    8113016 bytes,   11040264 total
[2022-05-19T09:58:42.610+0000][83][gc,phases      ] GC(159)   Pre Evacuate Collection Set: 0.2ms
[2022-05-19T09:58:42.610+0000][83][gc,phases      ] GC(159)   Merge Heap Roots: 0.1ms
[2022-05-19T09:58:42.610+0000][83][gc,phases      ] GC(159)   Evacuate Collection Set: 2.4ms
[2022-05-19T09:58:42.610+0000][83][gc,phases      ] GC(159)   Post Evacuate Collection Set: 0.6ms
[2022-05-19T09:58:42.610+0000][83][gc,phases      ] GC(159)   Other: 1.5ms
[2022-05-19T09:58:42.610+0000][83][gc,heap        ] GC(159) Eden regions: 57->0(58)
[2022-05-19T09:58:42.611+0000][83][gc,heap        ] GC(159) Survivor regions: 6->3(8)
[2022-05-19T09:58:42.611+0000][83][gc,heap        ] GC(159) Old regions: 25->28
[2022-05-19T09:58:42.611+0000][83][gc,heap        ] GC(159) Archive regions: 2->2
[2022-05-19T09:58:42.611+0000][83][gc,heap        ] GC(159) Humongous regions: 13->10
[2022-05-19T09:58:42.611+0000][83][gc,metaspace   ] GC(159) Metaspace: 100406K(101888K)->100406K(101888K) NonClass: 86449K(87360K)->86449K(87360K) Class: 13956K(14528K)->13956K(14528K)
[2022-05-19T09:58:42.611+0000][83][gc             ] GC(159) Pause Young (Normal) (G1 Evacuation Pause) 396M->154M(512M) 6.595ms
[2022-05-19T09:58:42.611+0000][83][gc,cpu         ] GC(159) User=0.03s Sys=0.00s Real=0.01s
[2022-05-19T09:58:42.612+0000][83][safepoint      ] Safepoint "G1CollectForAllocation", Time since last: 687945800 ns, Reaching safepoint: 183500 ns, At safepoint: 6869100 ns, Total: 7052600 ns
[2022-05-19T09:58:43.612+0000][83][safepoint      ] Safepoint "Cleanup", Time since last: 1000308500 ns, Reaching safepoint: 309600 ns, At safepoint: 25900 ns, Total: 335500 ns
[2022-05-19T09:58:43.866+0000][83][gc,start       ] GC(160) Pause Young (Concurrent Start) (G1 Humongous Allocation)
[2022-05-19T09:58:43.867+0000][83][gc,task        ] GC(160) Using 10 workers of 10 for evacuation
[2022-05-19T09:58:43.867+0000][83][gc,age         ] GC(160) Desired survivor size 16777216 bytes, new threshold 15 (max threshold 15)
[2022-05-19T09:58:43.870+0000][83][gc,age         ] GC(160) Age table with threshold 15 (max threshold 15)
[2022-05-19T09:58:43.871+0000][83][gc,age         ] GC(160) - age   1:    1808464 bytes,    1808464 total
[2022-05-19T09:58:43.871+0000][83][gc,age         ] GC(160) - age   2:    2428128 bytes,    4236592 total
[2022-05-19T09:58:43.871+0000][83][gc,age         ] GC(160) - age   3:     489888 bytes,    4726480 total
[2022-05-19T09:58:43.871+0000][83][gc,age         ] GC(160) - age   4:    8113016 bytes,   12839496 total
[2022-05-19T09:58:43.871+0000][83][gc,phases      ] GC(160)   Pre Evacuate Collection Set: 0.2ms
[2022-05-19T09:58:43.872+0000][83][gc,phases      ] GC(160)   Merge Heap Roots: 0.2ms
[2022-05-19T09:58:43.872+0000][83][gc,phases      ] GC(160)   Evacuate Collection Set: 2.0ms
[2022-05-19T09:58:43.872+0000][83][gc,phases      ] GC(160)   Post Evacuate Collection Set: 0.8ms
[2022-05-19T09:58:43.872+0000][83][gc,phases      ] GC(160)   Other: 1.8ms
[2022-05-19T09:58:43.872+0000][83][gc,heap        ] GC(160) Eden regions: 43->0(58)
[2022-05-19T09:58:43.872+0000][83][gc,heap        ] GC(160) Survivor regions: 3->4(8)
[2022-05-19T09:58:43.872+0000][83][gc,heap        ] GC(160) Old regions: 28->28
[2022-05-19T09:58:43.873+0000][83][gc,heap        ] GC(160) Archive regions: 2->2
[2022-05-19T09:58:43.873+0000][83][gc,heap        ] GC(160) Humongous regions: 10->10
[2022-05-19T09:58:43.873+0000][83][gc,metaspace   ] GC(160) Metaspace: 100412K(101888K)->100412K(101888K) NonClass: 86455K(87360K)->86455K(87360K) Class: 13956K(14528K)->13956K(14528K)
[2022-05-19T09:58:43.873+0000][83][gc             ] GC(160) Pause Young (Concurrent Start) (G1 Humongous Allocation) 324M->155M(512M) 6.484ms
[2022-05-19T09:58:43.873+0000][83][gc,cpu         ] GC(160) User=0.02s Sys=0.01s Real=0.01s
[2022-05-19T09:58:43.873+0000][83][gc             ] GC(161) Concurrent Mark Cycle
[2022-05-19T09:58:43.873+0000][83][gc,marking     ] GC(161) Concurrent Clear Claimed Marks
[2022-05-19T09:58:43.873+0000][83][safepoint      ] Safepoint "G1TryInitiateConcMark", Time since last: 253987900 ns, Reaching safepoint: 209700 ns, At safepoint: 6807500 ns, Total: 7017200 ns
[2022-05-19T09:58:43.874+0000][83][gc,marking     ] GC(161) Concurrent Clear Claimed Marks 0.204ms
[2022-05-19T09:58:43.874+0000][83][gc,marking     ] GC(161) Concurrent Scan Root Regions
[2022-05-19T09:58:43.875+0000][83][gc,marking     ] GC(161) Concurrent Scan Root Regions 1.228ms
[2022-05-19T09:58:43.875+0000][83][gc,marking     ] GC(161) Concurrent Mark
[2022-05-19T09:58:43.875+0000][83][gc,marking     ] GC(161) Concurrent Mark From Roots
[2022-05-19T09:58:43.875+0000][83][gc,task        ] GC(161) Using 3 workers of 3 for marking
[2022-05-19T09:58:43.921+0000][83][gc,marking     ] GC(161) Concurrent Mark From Roots 45.442ms
[2022-05-19T09:58:43.921+0000][83][gc,marking     ] GC(161) Concurrent Preclean
[2022-05-19T09:58:43.922+0000][83][gc,marking     ] GC(161) Concurrent Preclean 0.684ms
[2022-05-19T09:58:43.923+0000][83][gc,start       ] GC(161) Pause Remark
[2022-05-19T09:58:43.925+0000][83][gc             ] GC(161) Pause Remark 161M->161M(512M) 2.911ms
[2022-05-19T09:58:43.926+0000][83][gc,cpu         ] GC(161) User=0.02s Sys=0.00s Real=0.00s
[2022-05-19T09:58:43.926+0000][83][safepoint      ] Safepoint "G1Concurrent", Time since last: 48898000 ns, Reaching safepoint: 388800 ns, At safepoint: 3362200 ns, Total: 3751000 ns
[2022-05-19T09:58:43.926+0000][83][gc,marking     ] GC(161) Concurrent Mark 50.949ms
[2022-05-19T09:58:43.926+0000][83][gc,marking     ] GC(161) Concurrent Rebuild Remembered Sets
[2022-05-19T09:58:43.953+0000][83][gc,marking     ] GC(161) Concurrent Rebuild Remembered Sets 27.016ms
[2022-05-19T09:58:43.954+0000][83][gc,start       ] GC(161) Pause Cleanup
[2022-05-19T09:58:43.954+0000][83][gc             ] GC(161) Pause Cleanup 161M->161M(512M) 0.395ms
[2022-05-19T09:58:43.955+0000][83][gc,cpu         ] GC(161) User=0.00s Sys=0.00s Real=0.00s
[2022-05-19T09:58:43.955+0000][83][safepoint      ] Safepoint "G1Concurrent", Time since last: 27838000 ns, Reaching safepoint: 279000 ns, At safepoint: 947600 ns, Total: 1226600 ns
[2022-05-19T09:58:43.955+0000][83][gc,marking     ] GC(161) Concurrent Cleanup for Next Mark
[2022-05-19T09:58:43.956+0000][83][gc,marking     ] GC(161) Concurrent Cleanup for Next Mark 0.386ms
[2022-05-19T09:58:43.956+0000][83][gc             ] GC(161) Concurrent Mark Cycle 82.548ms
[2022-05-19T09:58:44.956+0000][83][safepoint      ] Safepoint "Cleanup", Time since last: 1000289500 ns, Reaching safepoint: 500500 ns, At safepoint: 25700 ns, Total: 526200 ns
[2022-05-19T09:58:45.686+0000][83][gc,start       ] GC(162) Pause Young (Prepare Mixed) (G1 Evacuation Pause)
[2022-05-19T09:58:45.686+0000][83][gc,task        ] GC(162) Using 10 workers of 10 for evacuation
[2022-05-19T09:58:45.686+0000][83][gc,age         ] GC(162) Desired survivor size 16777216 bytes, new threshold 15 (max threshold 15)
[2022-05-19T09:58:45.690+0000][83][gc,age         ] GC(162) Age table with threshold 15 (max threshold 15)
[2022-05-19T09:58:45.690+0000][83][gc,age         ] GC(162) - age   1:    7306264 bytes,    7306264 total
[2022-05-19T09:58:45.691+0000][83][gc,age         ] GC(162) - age   2:    1803232 bytes,    9109496 total
[2022-05-19T09:58:45.691+0000][83][gc,age         ] GC(162) - age   3:    2427152 bytes,   11536648 total
[2022-05-19T09:58:45.691+0000][83][gc,age         ] GC(162) - age   4:     347136 bytes,   11883784 total
[2022-05-19T09:58:45.691+0000][83][gc,age         ] GC(162) - age   5:    4293776 bytes,   16177560 total
[2022-05-19T09:58:45.692+0000][83][gc,phases      ] GC(162)   Pre Evacuate Collection Set: 0.2ms
[2022-05-19T09:58:45.692+0000][83][gc,phases      ] GC(162)   Merge Heap Roots: 0.2ms
[2022-05-19T09:58:45.692+0000][83][gc,phases      ] GC(162)   Evacuate Collection Set: 2.3ms
[2022-05-19T09:58:45.692+0000][83][gc,phases      ] GC(162)   Post Evacuate Collection Set: 0.8ms
[2022-05-19T09:58:45.692+0000][83][gc,phases      ] GC(162)   Other: 2.2ms
[2022-05-19T09:58:45.693+0000][83][gc,heap        ] GC(162) Eden regions: 58->0(2)
[2022-05-19T09:58:45.693+0000][83][gc,heap        ] GC(162) Survivor regions: 4->4(8)
[2022-05-19T09:58:45.693+0000][83][gc,heap        ] GC(162) Old regions: 28->28
[2022-05-19T09:58:45.693+0000][83][gc,heap        ] GC(162) Archive regions: 2->2
[2022-05-19T09:58:45.693+0000][83][gc,heap        ] GC(162) Humongous regions: 20->11
[2022-05-19T09:58:45.693+0000][83][gc,metaspace   ] GC(162) Metaspace: 100418K(101888K)->100418K(101888K) NonClass: 86462K(87360K)->86462K(87360K) Class: 13956K(14528K)->13956K(14528K)
[2022-05-19T09:58:45.693+0000][83][gc             ] GC(162) Pause Young (Prepare Mixed) (G1 Evacuation Pause) 427M->162M(512M) 7.582ms
[2022-05-19T09:58:45.694+0000][83][gc,cpu         ] GC(162) User=0.03s Sys=0.00s Real=0.01s
[2022-05-19T09:58:45.694+0000][83][safepoint      ] Safepoint "G1CollectForAllocation", Time since last: 729740800 ns, Reaching safepoint: 368500 ns, At safepoint: 7857300 ns, Total: 8225800 ns
[2022-05-19T09:58:45.752+0000][83][gc,start       ] GC(163) Pause Young (Mixed) (G1 Evacuation Pause)
[2022-05-19T09:58:45.752+0000][83][gc,task        ] GC(163) Using 10 workers of 10 for evacuation
[2022-05-19T09:58:45.752+0000][83][gc,age         ] GC(163) Desired survivor size 2097152 bytes, new threshold 1 (max threshold 15)
[2022-05-19T09:58:45.756+0000][83][gc,age         ] GC(163) Age table with threshold 1 (max threshold 15)
[2022-05-19T09:58:45.757+0000][83][gc,age         ] GC(163) - age   1:      98864 bytes,      98864 total
[2022-05-19T09:58:45.757+0000][83][gc,phases      ] GC(163)   Pre Evacuate Collection Set: 0.2ms
[2022-05-19T09:58:45.757+0000][83][gc,phases      ] GC(163)   Merge Heap Roots: 0.3ms
[2022-05-19T09:58:45.757+0000][83][gc,phases      ] GC(163)   Evacuate Collection Set: 2.3ms
[2022-05-19T09:58:45.757+0000][83][gc,phases      ] GC(163)   Post Evacuate Collection Set: 0.8ms
[2022-05-19T09:58:45.758+0000][83][gc,phases      ] GC(163)   Other: 1.3ms
[2022-05-19T09:58:45.758+0000][83][gc,heap        ] GC(163) Eden regions: 2->0(57)
[2022-05-19T09:58:45.758+0000][83][gc,heap        ] GC(163) Survivor regions: 4->1(1)
[2022-05-19T09:58:45.758+0000][83][gc,heap        ] GC(163) Old regions: 28->31
[2022-05-19T09:58:45.759+0000][83][gc,heap        ] GC(163) Archive regions: 2->2
[2022-05-19T09:58:45.759+0000][83][gc,heap        ] GC(163) Humongous regions: 11->11
[2022-05-19T09:58:45.759+0000][83][gc,metaspace   ] GC(163) Metaspace: 100418K(101888K)->100418K(101888K) NonClass: 86462K(87360K)->86462K(87360K) Class: 13956K(14528K)->13956K(14528K)
[2022-05-19T09:58:45.759+0000][83][gc             ] GC(163) Pause Young (Mixed) (G1 Evacuation Pause) 170M->160M(512M) 7.263ms
[2022-05-19T09:58:45.759+0000][83][gc,cpu         ] GC(163) User=0.02s Sys=0.00s Real=0.01s
[2022-05-19T09:58:45.759+0000][83][safepoint      ] Safepoint "G1CollectForAllocation", Time since last: 57679200 ns, Reaching safepoint: 398500 ns, At safepoint: 7661200 ns, Total: 8059700 ns
[2022-05-19T09:58:46.760+0000][83][safepoint      ] Safepoint "Cleanup", Time since last: 1000324200 ns, Reaching safepoint: 390700 ns, At safepoint: 40900 ns, Total: 431600 ns
[2022-05-19T09:58:47.088+0000][83][gc,start       ] GC(164) Pause Young (Concurrent Start) (G1 Humongous Allocation)
[2022-05-19T09:58:47.088+0000][83][gc,task        ] GC(164) Using 10 workers of 10 for evacuation
[2022-05-19T09:58:47.088+0000][83][gc,age         ] GC(164) Desired survivor size 16777216 bytes, new threshold 15 (max threshold 15)
[2022-05-19T09:58:47.091+0000][83][gc,age         ] GC(164) Age table with threshold 15 (max threshold 15)
[2022-05-19T09:58:47.092+0000][83][gc,age         ] GC(164) - age   1:    1974384 bytes,    1974384 total
[2022-05-19T09:58:47.092+0000][83][gc,age         ] GC(164) - age   2:      98352 bytes,    2072736 total
[2022-05-19T09:58:47.092+0000][83][gc,phases      ] GC(164)   Pre Evacuate Collection Set: 0.3ms
[2022-05-19T09:58:47.093+0000][83][gc,phases      ] GC(164)   Merge Heap Roots: 0.3ms
[2022-05-19T09:58:47.093+0000][83][gc,phases      ] GC(164)   Evacuate Collection Set: 1.2ms
[2022-05-19T09:58:47.093+0000][83][gc,phases      ] GC(164)   Post Evacuate Collection Set: 0.9ms
[2022-05-19T09:58:47.093+0000][83][gc,phases      ] GC(164)   Other: 2.0ms
[2022-05-19T09:58:47.094+0000][83][gc,heap        ] GC(164) Eden regions: 47->0(58)
[2022-05-19T09:58:47.094+0000][83][gc,heap        ] GC(164) Survivor regions: 1->1(8)
[2022-05-19T09:58:47.094+0000][83][gc,heap        ] GC(164) Old regions: 31->31
[2022-05-19T09:58:47.094+0000][83][gc,heap        ] GC(164) Archive regions: 2->2
[2022-05-19T09:58:47.094+0000][83][gc,heap        ] GC(164) Humongous regions: 11->11
[2022-05-19T09:58:47.094+0000][83][gc,metaspace   ] GC(164) Metaspace: 100419K(101888K)->100419K(101888K) NonClass: 86462K(87360K)->86462K(87360K) Class: 13956K(14528K)->13956K(14528K)
[2022-05-19T09:58:47.095+0000][83][gc             ] GC(164) Pause Young (Concurrent Start) (G1 Humongous Allocation) 346M->161M(512M) 6.812ms
[2022-05-19T09:58:47.095+0000][83][gc,cpu         ] GC(164) User=0.01s Sys=0.01s Real=0.01s
[2022-05-19T09:58:47.095+0000][83][safepoint      ] Safepoint "G1TryInitiateConcMark", Time since last: 327231300 ns, Reaching safepoint: 239300 ns, At safepoint: 7203000 ns, Total: 7442300 ns
[2022-05-19T09:58:47.095+0000][83][gc             ] GC(165) Concurrent Mark Cycle
[2022-05-19T09:58:47.095+0000][83][gc,marking     ] GC(165) Concurrent Clear Claimed Marks
[2022-05-19T09:58:47.096+0000][83][gc,marking     ] GC(165) Concurrent Clear Claimed Marks 0.269ms
[2022-05-19T09:58:47.096+0000][83][gc,marking     ] GC(165) Concurrent Scan Root Regions
[2022-05-19T09:58:47.097+0000][83][gc,marking     ] GC(165) Concurrent Scan Root Regions 1.010ms
[2022-05-19T09:58:47.097+0000][83][gc,marking     ] GC(165) Concurrent Mark
[2022-05-19T09:58:47.097+0000][83][gc,marking     ] GC(165) Concurrent Mark From Roots
[2022-05-19T09:58:47.097+0000][83][gc,task        ] GC(165) Using 3 workers of 3 for marking
[2022-05-19T09:58:47.141+0000][83][gc,marking     ] GC(165) Concurrent Mark From Roots 43.488ms
[2022-05-19T09:58:47.141+0000][83][gc,marking     ] GC(165) Concurrent Preclean
[2022-05-19T09:58:47.141+0000][83][gc,marking     ] GC(165) Concurrent Preclean 0.709ms
[2022-05-19T09:58:47.144+0000][83][gc,start       ] GC(165) Pause Remark
[2022-05-19T09:58:47.148+0000][83][gc             ] GC(165) Pause Remark 167M->167M(512M) 3.290ms
[2022-05-19T09:58:47.148+0000][83][gc,cpu         ] GC(165) User=0.02s Sys=0.00s Real=0.00s
[2022-05-19T09:58:47.148+0000][83][safepoint      ] Safepoint "G1Concurrent", Time since last: 49122700 ns, Reaching safepoint: 240100 ns, At safepoint: 3963800 ns, Total: 4203900 ns
[2022-05-19T09:58:47.149+0000][83][gc,marking     ] GC(165) Concurrent Mark 51.793ms
[2022-05-19T09:58:47.149+0000][83][gc,marking     ] GC(165) Concurrent Rebuild Remembered Sets
[2022-05-19T09:58:47.169+0000][83][gc,marking     ] GC(165) Concurrent Rebuild Remembered Sets 20.268ms
[2022-05-19T09:58:47.170+0000][83][gc,start       ] GC(165) Pause Cleanup
[2022-05-19T09:58:47.170+0000][83][gc             ] GC(165) Pause Cleanup 172M->172M(512M) 0.467ms
[2022-05-19T09:58:47.171+0000][83][gc,cpu         ] GC(165) User=0.00s Sys=0.00s Real=0.00s
[2022-05-19T09:58:47.171+0000][83][safepoint      ] Safepoint "G1Concurrent", Time since last: 21364900 ns, Reaching safepoint: 251400 ns, At safepoint: 979200 ns, Total: 1230600 ns
[2022-05-19T09:58:47.171+0000][83][gc,marking     ] GC(165) Concurrent Cleanup for Next Mark
[2022-05-19T09:58:47.171+0000][83][gc,marking     ] GC(165) Concurrent Cleanup for Next Mark 0.359ms
[2022-05-19T09:58:47.172+0000][83][gc             ] GC(165) Concurrent Mark Cycle 76.672ms
[2022-05-19T09:58:48.171+0000][83][safepoint      ] Safepoint "Cleanup", Time since last: 1000362500 ns, Reaching safepoint: 240200 ns, At safepoint: 19200 ns, Total: 259400 ns
[2022-05-19T09:58:48.900+0000][83][gc,start       ] GC(166) Pause Young (Prepare Mixed) (G1 Evacuation Pause)
[2022-05-19T09:58:48.900+0000][83][gc,task        ] GC(166) Using 10 workers of 10 for evacuation
[2022-05-19T09:58:48.900+0000][83][gc,age         ] GC(166) Desired survivor size 16777216 bytes, new threshold 15 (max threshold 15)
[2022-05-19T09:58:48.904+0000][83][gc,age         ] GC(166) Age table with threshold 15 (max threshold 15)
[2022-05-19T09:58:48.904+0000][83][gc,age         ] GC(166) - age   1:   14413272 bytes,   14413272 total
[2022-05-19T09:58:48.904+0000][83][gc,age         ] GC(166) - age   2:    1968104 bytes,   16381376 total
[2022-05-19T09:58:48.904+0000][83][gc,age         ] GC(166) - age   3:      98352 bytes,   16479728 total
[2022-05-19T09:58:48.905+0000][83][gc,phases      ] GC(166)   Pre Evacuate Collection Set: 0.2ms
[2022-05-19T09:58:48.905+0000][83][gc,phases      ] GC(166)   Merge Heap Roots: 0.1ms
[2022-05-19T09:58:48.905+0000][83][gc,phases      ] GC(166)   Evacuate Collection Set: 2.3ms
[2022-05-19T09:58:48.905+0000][83][gc,phases      ] GC(166)   Post Evacuate Collection Set: 0.6ms
[2022-05-19T09:58:48.905+0000][83][gc,phases      ] GC(166)   Other: 1.5ms
[2022-05-19T09:58:48.906+0000][83][gc,heap        ] GC(166) Eden regions: 58->0(1)
[2022-05-19T09:58:48.906+0000][83][gc,heap        ] GC(166) Survivor regions: 1->5(8)
[2022-05-19T09:58:48.906+0000][83][gc,heap        ] GC(166) Old regions: 31->31
[2022-05-19T09:58:48.906+0000][83][gc,heap        ] GC(166) Archive regions: 2->2
[2022-05-19T09:58:48.906+0000][83][gc,heap        ] GC(166) Humongous regions: 12->11
[2022-05-19T09:58:48.906+0000][83][gc,metaspace   ] GC(166) Metaspace: 100427K(101888K)->100427K(101888K) NonClass: 86470K(87360K)->86470K(87360K) Class: 13956K(14528K)->13956K(14528K)
[2022-05-19T09:58:48.906+0000][83][gc             ] GC(166) Pause Young (Prepare Mixed) (G1 Evacuation Pause) 397M->176M(512M) 6.535ms
[2022-05-19T09:58:48.907+0000][83][gc,cpu         ] GC(166) User=0.02s Sys=0.00s Real=0.00s
[2022-05-19T09:58:48.907+0000][83][safepoint      ] Safepoint "G1CollectForAllocation", Time since last: 728294100 ns, Reaching safepoint: 191700 ns, At safepoint: 6919500 ns, Total: 7111200 ns
[2022-05-19T09:58:48.938+0000][83][gc,start       ] GC(167) Pause Young (Mixed) (G1 Evacuation Pause)
[2022-05-19T09:58:48.938+0000][83][gc,task        ] GC(167) Using 10 workers of 10 for evacuation
[2022-05-19T09:58:48.938+0000][83][gc,age         ] GC(167) Desired survivor size 2097152 bytes, new threshold 1 (max threshold 15)
[2022-05-19T09:58:48.942+0000][83][gc,age         ] GC(167) Age table with threshold 1 (max threshold 15)
[2022-05-19T09:58:48.942+0000][83][gc,age         ] GC(167) - age   1:     102776 bytes,     102776 total
[2022-05-19T09:58:48.942+0000][83][gc,phases      ] GC(167)   Pre Evacuate Collection Set: 0.2ms
[2022-05-19T09:58:48.942+0000][83][gc,phases      ] GC(167)   Merge Heap Roots: 0.2ms
[2022-05-19T09:58:48.943+0000][83][gc,phases      ] GC(167)   Evacuate Collection Set: 2.4ms
[2022-05-19T09:58:48.943+0000][83][gc,phases      ] GC(167)   Post Evacuate Collection Set: 0.6ms
[2022-05-19T09:58:48.943+0000][83][gc,phases      ] GC(167)   Other: 1.2ms
[2022-05-19T09:58:48.943+0000][83][gc,heap        ] GC(167) Eden regions: 1->0(53)
[2022-05-19T09:58:48.943+0000][83][gc,heap        ] GC(167) Survivor regions: 5->1(1)
[2022-05-19T09:58:48.944+0000][83][gc,heap        ] GC(167) Old regions: 31->34
[2022-05-19T09:58:48.944+0000][83][gc,heap        ] GC(167) Archive regions: 2->2
[2022-05-19T09:58:48.944+0000][83][gc,heap        ] GC(167) Humongous regions: 11->11
[2022-05-19T09:58:48.944+0000][83][gc,metaspace   ] GC(167) Metaspace: 100427K(101888K)->100427K(101888K) NonClass: 86470K(87360K)->86470K(87360K) Class: 13956K(14528K)->13956K(14528K)
[2022-05-19T09:58:48.944+0000][83][gc             ] GC(167) Pause Young (Mixed) (G1 Evacuation Pause) 180M->173M(512M) 6.823ms
[2022-05-19T09:58:48.945+0000][83][gc,cpu         ] GC(167) User=0.02s Sys=0.01s Real=0.01s
[2022-05-19T09:58:48.945+0000][83][safepoint      ] Safepoint "G1CollectForAllocation", Time since last: 30478300 ns, Reaching safepoint: 193100 ns, At safepoint: 7206300 ns, Total: 7399400 ns
[2022-05-19T09:58:49.945+0000][83][safepoint      ] Safepoint "Cleanup", Time since last: 1000285400 ns, Reaching safepoint: 380700 ns, At safepoint: 75300 ns, Total: 456000 ns
[2022-05-19T09:58:50.862+0000][83][gc,start       ] GC(168) Pause Young (Concurrent Start) (G1 Evacuation Pause)
[2022-05-19T09:58:50.863+0000][83][gc,task        ] GC(168) Using 10 workers of 10 for evacuation
[2022-05-19T09:58:50.863+0000][83][gc,age         ] GC(168) Desired survivor size 14680064 bytes, new threshold 15 (max threshold 15)
[2022-05-19T09:58:50.866+0000][83][gc,age         ] GC(168) Age table with threshold 15 (max threshold 15)
[2022-05-19T09:58:50.867+0000][83][gc,age         ] GC(168) - age   1:   11198072 bytes,   11198072 total
[2022-05-19T09:58:50.867+0000][83][gc,age         ] GC(168) - age   2:     102360 bytes,   11300432 total
[2022-05-19T09:58:50.867+0000][83][gc,phases      ] GC(168)   Pre Evacuate Collection Set: 0.3ms
[2022-05-19T09:58:50.867+0000][83][gc,phases      ] GC(168)   Merge Heap Roots: 0.1ms
[2022-05-19T09:58:50.868+0000][83][gc,phases      ] GC(168)   Evacuate Collection Set: 1.7ms
[2022-05-19T09:58:50.868+0000][83][gc,phases      ] GC(168)   Post Evacuate Collection Set: 0.7ms
[2022-05-19T09:58:50.868+0000][83][gc,phases      ] GC(168)   Other: 1.9ms
[2022-05-19T09:58:50.868+0000][83][gc,heap        ] GC(168) Eden regions: 53->0(51)
[2022-05-19T09:58:50.869+0000][83][gc,heap        ] GC(168) Survivor regions: 1->3(7)
[2022-05-19T09:58:50.869+0000][83][gc,heap        ] GC(168) Old regions: 34->34
[2022-05-19T09:58:50.869+0000][83][gc,heap        ] GC(168) Archive regions: 2->2
[2022-05-19T09:58:50.869+0000][83][gc,heap        ] GC(168) Humongous regions: 11->11
[2022-05-19T09:58:50.869+0000][83][gc,metaspace   ] GC(168) Metaspace: 100507K(101952K)->100507K(101952K) NonClass: 86549K(87424K)->86549K(87424K) Class: 13957K(14528K)->13957K(14528K)
[2022-05-19T09:58:50.870+0000][83][gc             ] GC(168) Pause Young (Concurrent Start) (G1 Evacuation Pause) 385M->184M(512M) 7.224ms
[2022-05-19T09:58:50.870+0000][83][gc,cpu         ] GC(168) User=0.02s Sys=0.00s Real=0.01s
[2022-05-19T09:58:50.870+0000][83][gc             ] GC(169) Concurrent Mark Cycle
[2022-05-19T09:58:50.870+0000][83][gc,marking     ] GC(169) Concurrent Clear Claimed Marks
[2022-05-19T09:58:50.870+0000][83][safepoint      ] Safepoint "G1CollectForAllocation", Time since last: 916795900 ns, Reaching safepoint: 176400 ns, At safepoint: 7718600 ns, Total: 7895000 ns
[2022-05-19T09:58:50.871+0000][83][gc,marking     ] GC(169) Concurrent Clear Claimed Marks 0.178ms
[2022-05-19T09:58:50.879+0000][83][gc,marking     ] GC(169) Concurrent Scan Root Regions
[2022-05-19T09:58:50.880+0000][83][gc,marking     ] GC(169) Concurrent Scan Root Regions 1.133ms
[2022-05-19T09:58:50.880+0000][83][gc,marking     ] GC(169) Concurrent Mark
[2022-05-19T09:58:50.881+0000][83][gc,marking     ] GC(169) Concurrent Mark From Roots
[2022-05-19T09:58:50.881+0000][83][gc,task        ] GC(169) Using 3 workers of 3 for marking
[2022-05-19T09:58:50.923+0000][83][gc,marking     ] GC(169) Concurrent Mark From Roots 42.700ms
[2022-05-19T09:58:50.924+0000][83][gc,marking     ] GC(169) Concurrent Preclean
[2022-05-19T09:58:50.924+0000][83][gc,marking     ] GC(169) Concurrent Preclean 0.623ms
[2022-05-19T09:58:50.925+0000][83][gc,start       ] GC(169) Pause Remark
[2022-05-19T09:58:50.928+0000][83][gc             ] GC(169) Pause Remark 190M->173M(512M) 2.909ms
[2022-05-19T09:58:50.928+0000][83][gc,cpu         ] GC(169) User=0.02s Sys=0.00s Real=0.00s
[2022-05-19T09:58:50.928+0000][83][safepoint      ] Safepoint "G1Concurrent", Time since last: 54415500 ns, Reaching safepoint: 255700 ns, At safepoint: 3484800 ns, Total: 3740500 ns
[2022-05-19T09:58:50.929+0000][83][gc,marking     ] GC(169) Concurrent Mark 48.182ms
[2022-05-19T09:58:50.929+0000][83][gc,marking     ] GC(169) Concurrent Rebuild Remembered Sets
[2022-05-19T09:58:50.948+0000][83][gc,marking     ] GC(169) Concurrent Rebuild Remembered Sets 19.678ms
[2022-05-19T09:58:50.949+0000][83][gc,start       ] GC(169) Pause Cleanup
[2022-05-19T09:58:50.949+0000][83][gc             ] GC(169) Pause Cleanup 175M->175M(512M) 0.401ms
[2022-05-19T09:58:50.950+0000][83][gc,cpu         ] GC(169) User=0.00s Sys=0.00s Real=0.00s
[2022-05-19T09:58:50.950+0000][83][safepoint      ] Safepoint "G1Concurrent", Time since last: 20483200 ns, Reaching safepoint: 263800 ns, At safepoint: 861700 ns, Total: 1125500 ns
[2022-05-19T09:58:50.950+0000][83][gc,marking     ] GC(169) Concurrent Cleanup for Next Mark
[2022-05-19T09:58:50.951+0000][83][gc,marking     ] GC(169) Concurrent Cleanup for Next Mark 0.403ms
[2022-05-19T09:58:50.951+0000][83][gc             ] GC(169) Concurrent Mark Cycle 80.597ms
[2022-05-19T09:58:51.951+0000][83][safepoint      ] Safepoint "Cleanup", Time since last: 1000295400 ns, Reaching safepoint: 285400 ns, At safepoint: 35400 ns, Total: 320800 ns
[2022-05-19T09:58:52.668+0000][83][gc,start       ] GC(170) Pause Young (Prepare Mixed) (G1 Evacuation Pause)
[2022-05-19T09:58:52.668+0000][83][gc,task        ] GC(170) Using 10 workers of 10 for evacuation
[2022-05-19T09:58:52.668+0000][83][gc,age         ] GC(170) Desired survivor size 14680064 bytes, new threshold 15 (max threshold 15)
[2022-05-19T09:58:52.673+0000][83][gc,age         ] GC(170) Age table with threshold 15 (max threshold 15)
[2022-05-19T09:58:52.673+0000][83][gc,age         ] GC(170) - age   1:   12189016 bytes,   12189016 total
[2022-05-19T09:58:52.673+0000][83][gc,age         ] GC(170) - age   2:    4013288 bytes,   16202304 total
[2022-05-19T09:58:52.674+0000][83][gc,age         ] GC(170) - age   3:     102328 bytes,   16304632 total
[2022-05-19T09:58:52.674+0000][83][gc,phases      ] GC(170)   Pre Evacuate Collection Set: 0.4ms
[2022-05-19T09:58:52.674+0000][83][gc,phases      ] GC(170)   Merge Heap Roots: 0.3ms
[2022-05-19T09:58:52.674+0000][83][gc,phases      ] GC(170)   Evacuate Collection Set: 2.4ms
[2022-05-19T09:58:52.675+0000][83][gc,phases      ] GC(170)   Post Evacuate Collection Set: 1.0ms
[2022-05-19T09:58:52.675+0000][83][gc,phases      ] GC(170)   Other: 2.2ms
[2022-05-19T09:58:52.675+0000][83][gc,heap        ] GC(170) Eden regions: 51->0(1)
[2022-05-19T09:58:52.675+0000][83][gc,heap        ] GC(170) Survivor regions: 3->5(7)
[2022-05-19T09:58:52.675+0000][83][gc,heap        ] GC(170) Old regions: 33->33
[2022-05-19T09:58:52.676+0000][83][gc,heap        ] GC(170) Archive regions: 2->2
[2022-05-19T09:58:52.676+0000][83][gc,heap        ] GC(170) Humongous regions: 9->8
[2022-05-19T09:58:52.676+0000][83][gc,metaspace   ] GC(170) Metaspace: 100529K(102016K)->100529K(102016K) NonClass: 86572K(87488K)->86572K(87488K) Class: 13957K(14528K)->13957K(14528K)
[2022-05-19T09:58:52.676+0000][83][gc             ] GC(170) Pause Young (Prepare Mixed) (G1 Evacuation Pause) 379M->176M(512M) 8.304ms
[2022-05-19T09:58:52.676+0000][83][gc,cpu         ] GC(170) User=0.02s Sys=0.01s Real=0.01s
[2022-05-19T09:58:52.676+0000][83][safepoint      ] Safepoint "G1CollectForAllocation", Time since last: 716827200 ns, Reaching safepoint: 360300 ns, At safepoint: 8743700 ns, Total: 9104000 ns
[2022-05-19T09:58:52.708+0000][83][gc,start       ] GC(171) Pause Young (Mixed) (G1 Evacuation Pause)
[2022-05-19T09:58:52.708+0000][83][gc,task        ] GC(171) Using 10 workers of 10 for evacuation
[2022-05-19T09:58:52.709+0000][83][gc,age         ] GC(171) Desired survivor size 2097152 bytes, new threshold 1 (max threshold 15)
[2022-05-19T09:58:52.713+0000][83][gc,age         ] GC(171) Age table with threshold 1 (max threshold 15)
[2022-05-19T09:58:52.713+0000][83][gc,age         ] GC(171) - age   1:     310656 bytes,     310656 total
[2022-05-19T09:58:52.714+0000][83][gc,phases      ] GC(171)   Pre Evacuate Collection Set: 0.2ms
[2022-05-19T09:58:52.714+0000][83][gc,phases      ] GC(171)   Merge Heap Roots: 0.2ms
[2022-05-19T09:58:52.714+0000][83][gc,phases      ] GC(171)   Evacuate Collection Set: 2.9ms
[2022-05-19T09:58:52.715+0000][83][gc,phases      ] GC(171)   Post Evacuate Collection Set: 0.9ms
[2022-05-19T09:58:52.715+0000][83][gc,phases      ] GC(171)   Other: 1.6ms
[2022-05-19T09:58:52.715+0000][83][gc,heap        ] GC(171) Eden regions: 1->0(52)
[2022-05-19T09:58:52.715+0000][83][gc,heap        ] GC(171) Survivor regions: 5->1(1)
[2022-05-19T09:58:52.715+0000][83][gc,heap        ] GC(171) Old regions: 33->36
[2022-05-19T09:58:52.715+0000][83][gc,heap        ] GC(171) Archive regions: 2->2
[2022-05-19T09:58:52.715+0000][83][gc,heap        ] GC(171) Humongous regions: 8->8
[2022-05-19T09:58:52.716+0000][83][gc,metaspace   ] GC(171) Metaspace: 100529K(102016K)->100529K(102016K) NonClass: 86572K(87488K)->86572K(87488K) Class: 13957K(14528K)->13957K(14528K)
[2022-05-19T09:58:52.716+0000][83][gc             ] GC(171) Pause Young (Mixed) (G1 Evacuation Pause) 180M->172M(512M) 7.631ms
[2022-05-19T09:58:52.716+0000][83][gc,cpu         ] GC(171) User=0.01s Sys=0.01s Real=0.01s
[2022-05-19T09:58:52.716+0000][83][safepoint      ] Safepoint "G1CollectForAllocation", Time since last: 31265400 ns, Reaching safepoint: 230200 ns, At safepoint: 7912400 ns, Total: 8142600 ns
[2022-05-19T09:58:54.394+0000][83][gc,start       ] GC(172) Pause Young (Normal) (G1 Evacuation Pause)
[2022-05-19T09:58:54.394+0000][83][gc,task        ] GC(172) Using 10 workers of 10 for evacuation
[2022-05-19T09:58:54.395+0000][83][gc,age         ] GC(172) Desired survivor size 14680064 bytes, new threshold 15 (max threshold 15)
[2022-05-19T09:58:54.397+0000][83][gc,age         ] GC(172) Age table with threshold 15 (max threshold 15)
[2022-05-19T09:58:54.397+0000][83][gc,age         ] GC(172) - age   1:    2814720 bytes,    2814720 total
[2022-05-19T09:58:54.397+0000][83][gc,age         ] GC(172) - age   2:      32784 bytes,    2847504 total
[2022-05-19T09:58:54.397+0000][83][gc,phases      ] GC(172)   Pre Evacuate Collection Set: 0.2ms
[2022-05-19T09:58:54.397+0000][83][gc,phases      ] GC(172)   Merge Heap Roots: 0.2ms
[2022-05-19T09:58:54.398+0000][83][gc,phases      ] GC(172)   Evacuate Collection Set: 0.9ms
[2022-05-19T09:58:54.398+0000][83][gc,phases      ] GC(172)   Post Evacuate Collection Set: 0.7ms
[2022-05-19T09:58:54.398+0000][83][gc,phases      ] GC(172)   Other: 1.3ms
[2022-05-19T09:58:54.398+0000][83][gc,heap        ] GC(172) Eden regions: 52->0(50)
[2022-05-19T09:58:54.398+0000][83][gc,heap        ] GC(172) Survivor regions: 1->1(7)
[2022-05-19T09:58:54.398+0000][83][gc,heap        ] GC(172) Old regions: 36->36
[2022-05-19T09:58:54.398+0000][83][gc,heap        ] GC(172) Archive regions: 2->2
[2022-05-19T09:58:54.399+0000][83][gc,heap        ] GC(172) Humongous regions: 16->12
[2022-05-19T09:58:54.399+0000][83][gc,metaspace   ] GC(172) Metaspace: 100531K(102016K)->100531K(102016K) NonClass: 86573K(87488K)->86573K(87488K) Class: 13957K(14528K)->13957K(14528K)
[2022-05-19T09:58:54.399+0000][83][gc             ] GC(172) Pause Young (Normal) (G1 Evacuation Pause) 412M->191M(512M) 4.959ms
[2022-05-19T09:58:54.399+0000][83][gc,cpu         ] GC(172) User=0.01s Sys=0.00s Real=0.01s
[2022-05-19T09:58:54.399+0000][83][safepoint      ] Safepoint "G1CollectForAllocation", Time since last: 1677841100 ns, Reaching safepoint: 259500 ns, At safepoint: 5353400 ns, Total: 5612900 ns
[2022-05-19T09:58:55.893+0000][83][gc,start       ] GC(173) Pause Young (Normal) (G1 Evacuation Pause)
[2022-05-19T09:58:55.893+0000][83][gc,task        ] GC(173) Using 10 workers of 10 for evacuation
[2022-05-19T09:58:55.893+0000][83][gc,age         ] GC(173) Desired survivor size 14680064 bytes, new threshold 15 (max threshold 15)
[2022-05-19T09:58:55.895+0000][83][gc,age         ] GC(173) Age table with threshold 15 (max threshold 15)
[2022-05-19T09:58:55.895+0000][83][gc,age         ] GC(173) - age   1:    2036328 bytes,    2036328 total
[2022-05-19T09:58:55.895+0000][83][gc,age         ] GC(173) - age   2:    2811704 bytes,    4848032 total
[2022-05-19T09:58:55.895+0000][83][gc,age         ] GC(173) - age   3:      32784 bytes,    4880816 total
[2022-05-19T09:58:55.896+0000][83][gc,phases      ] GC(173)   Pre Evacuate Collection Set: 0.2ms
[2022-05-19T09:58:55.896+0000][83][gc,phases      ] GC(173)   Merge Heap Roots: 0.1ms
[2022-05-19T09:58:55.896+0000][83][gc,phases      ] GC(173)   Evacuate Collection Set: 0.9ms
[2022-05-19T09:58:55.896+0000][83][gc,phases      ] GC(173)   Post Evacuate Collection Set: 0.5ms
[2022-05-19T09:58:55.896+0000][83][gc,phases      ] GC(173)   Other: 1.2ms
[2022-05-19T09:58:55.896+0000][83][gc,heap        ] GC(173) Eden regions: 50->0(50)
[2022-05-19T09:58:55.896+0000][83][gc,heap        ] GC(173) Survivor regions: 1->2(7)
[2022-05-19T09:58:55.897+0000][83][gc,heap        ] GC(173) Old regions: 36->36
[2022-05-19T09:58:55.897+0000][83][gc,heap        ] GC(173) Archive regions: 2->2
[2022-05-19T09:58:55.897+0000][83][gc,heap        ] GC(173) Humongous regions: 12->12
[2022-05-19T09:58:55.897+0000][83][gc,metaspace   ] GC(173) Metaspace: 100531K(102016K)->100531K(102016K) NonClass: 86573K(87488K)->86573K(87488K) Class: 13957K(14528K)->13957K(14528K)
[2022-05-19T09:58:55.897+0000][83][gc             ] GC(173) Pause Young (Normal) (G1 Evacuation Pause) 391M->193M(512M) 4.334ms
[2022-05-19T09:58:55.897+0000][83][gc,cpu         ] GC(173) User=0.01s Sys=0.00s Real=0.00s
[2022-05-19T09:58:55.897+0000][83][safepoint      ] Safepoint "G1CollectForAllocation", Time since last: 1493165300 ns, Reaching safepoint: 183700 ns, At safepoint: 4635800 ns, Total: 4819500 ns
[2022-05-19T09:58:57.018+0000][83][gc,start       ] GC(174) Pause Young (Concurrent Start) (G1 Humongous Allocation)
[2022-05-19T09:58:57.018+0000][83][gc,task        ] GC(174) Using 10 workers of 10 for evacuation
[2022-05-19T09:58:57.018+0000][83][gc,age         ] GC(174) Desired survivor size 14680064 bytes, new threshold 15 (max threshold 15)
[2022-05-19T09:58:57.021+0000][83][gc,age         ] GC(174) Age table with threshold 15 (max threshold 15)
[2022-05-19T09:58:57.021+0000][83][gc,age         ] GC(174) - age   1:    1478976 bytes,    1478976 total
[2022-05-19T09:58:57.021+0000][83][gc,age         ] GC(174) - age   2:    2032912 bytes,    3511888 total
[2022-05-19T09:58:57.021+0000][83][gc,age         ] GC(174) - age   3:    2807744 bytes,    6319632 total
[2022-05-19T09:58:57.021+0000][83][gc,age         ] GC(174) - age   4:      32784 bytes,    6352416 total
[2022-05-19T09:58:57.022+0000][83][gc,phases      ] GC(174)   Pre Evacuate Collection Set: 0.3ms
[2022-05-19T09:58:57.022+0000][83][gc,phases      ] GC(174)   Merge Heap Roots: 0.1ms
[2022-05-19T09:58:57.022+0000][83][gc,phases      ] GC(174)   Evacuate Collection Set: 1.6ms
[2022-05-19T09:58:57.022+0000][83][gc,phases      ] GC(174)   Post Evacuate Collection Set: 0.6ms
[2022-05-19T09:58:57.022+0000][83][gc,phases      ] GC(174)   Other: 1.2ms
[2022-05-19T09:58:57.022+0000][83][gc,heap        ] GC(174) Eden regions: 35->0(51)
[2022-05-19T09:58:57.022+0000][83][gc,heap        ] GC(174) Survivor regions: 2->2(7)
[2022-05-19T09:58:57.022+0000][83][gc,heap        ] GC(174) Old regions: 36->36
[2022-05-19T09:58:57.023+0000][83][gc,heap        ] GC(174) Archive regions: 2->2
[2022-05-19T09:58:57.023+0000][83][gc,heap        ] GC(174) Humongous regions: 12->12
[2022-05-19T09:58:57.023+0000][83][gc,metaspace   ] GC(174) Metaspace: 100531K(102016K)->100531K(102016K) NonClass: 86573K(87488K)->86573K(87488K) Class: 13957K(14528K)->13957K(14528K)
[2022-05-19T09:58:57.023+0000][83][gc             ] GC(174) Pause Young (Concurrent Start) (G1 Humongous Allocation) 331M->194M(512M) 5.279ms
[2022-05-19T09:58:57.023+0000][83][gc,cpu         ] GC(174) User=0.01s Sys=0.00s Real=0.01s
[2022-05-19T09:58:57.023+0000][83][safepoint      ] Safepoint "G1TryInitiateConcMark", Time since last: 1120181500 ns, Reaching safepoint: 194500 ns, At safepoint: 5588400 ns, Total: 5782900 ns
[2022-05-19T09:58:57.023+0000][83][gc             ] GC(175) Concurrent Mark Cycle
[2022-05-19T09:58:57.024+0000][83][gc,marking     ] GC(175) Concurrent Clear Claimed Marks
[2022-05-19T09:58:57.024+0000][83][gc,marking     ] GC(175) Concurrent Clear Claimed Marks 0.220ms
[2022-05-19T09:58:57.024+0000][83][gc,marking     ] GC(175) Concurrent Scan Root Regions
[2022-05-19T09:58:57.025+0000][83][gc,marking     ] GC(175) Concurrent Scan Root Regions 1.031ms
[2022-05-19T09:58:57.025+0000][83][gc,marking     ] GC(175) Concurrent Mark
[2022-05-19T09:58:57.025+0000][83][gc,marking     ] GC(175) Concurrent Mark From Roots
[2022-05-19T09:58:57.026+0000][83][gc,task        ] GC(175) Using 3 workers of 3 for marking
[2022-05-19T09:58:57.069+0000][83][gc,marking     ] GC(175) Concurrent Mark From Roots 43.846ms
[2022-05-19T09:58:57.069+0000][83][gc,marking     ] GC(175) Concurrent Preclean
[2022-05-19T09:58:57.070+0000][83][gc,marking     ] GC(175) Concurrent Preclean 0.592ms
[2022-05-19T09:58:57.071+0000][83][gc,start       ] GC(175) Pause Remark
[2022-05-19T09:58:57.073+0000][83][gc             ] GC(175) Pause Remark 200M->200M(512M) 2.888ms
[2022-05-19T09:58:57.074+0000][83][gc,cpu         ] GC(175) User=0.01s Sys=0.00s Real=0.00s
[2022-05-19T09:58:57.074+0000][83][safepoint      ] Safepoint "G1Concurrent", Time since last: 47073000 ns, Reaching safepoint: 254300 ns, At safepoint: 3278300 ns, Total: 3532600 ns
[2022-05-19T09:58:57.074+0000][83][gc,marking     ] GC(175) Concurrent Mark 48.905ms
[2022-05-19T09:58:57.074+0000][83][gc,marking     ] GC(175) Concurrent Rebuild Remembered Sets
[2022-05-19T09:58:57.097+0000][83][gc,marking     ] GC(175) Concurrent Rebuild Remembered Sets 23.209ms
[2022-05-19T09:58:57.098+0000][83][gc,start       ] GC(175) Pause Cleanup
[2022-05-19T09:58:57.098+0000][83][gc             ] GC(175) Pause Cleanup 202M->202M(512M) 0.479ms
[2022-05-19T09:58:57.099+0000][83][gc,cpu         ] GC(175) User=0.00s Sys=0.00s Real=0.00s
[2022-05-19T09:58:57.099+0000][83][safepoint      ] Safepoint "G1Concurrent", Time since last: 23821000 ns, Reaching safepoint: 304400 ns, At safepoint: 943400 ns, Total: 1247800 ns
[2022-05-19T09:58:57.099+0000][83][gc,marking     ] GC(175) Concurrent Cleanup for Next Mark
[2022-05-19T09:58:57.100+0000][83][gc,marking     ] GC(175) Concurrent Cleanup for Next Mark 0.521ms
[2022-05-19T09:58:57.100+0000][83][gc             ] GC(175) Concurrent Mark Cycle 76.645ms
[2022-05-19T09:58:58.100+0000][83][safepoint      ] Safepoint "Cleanup", Time since last: 1000331400 ns, Reaching safepoint: 390200 ns, At safepoint: 28500 ns, Total: 418700 ns
[2022-05-19T09:58:58.826+0000][83][gc,start       ] GC(176) Pause Young (Prepare Mixed) (G1 Evacuation Pause)
[2022-05-19T09:58:58.827+0000][83][gc,task        ] GC(176) Using 10 workers of 10 for evacuation
[2022-05-19T09:58:58.827+0000][83][gc,age         ] GC(176) Desired survivor size 14680064 bytes, new threshold 15 (max threshold 15)
[2022-05-19T09:58:58.830+0000][83][gc,age         ] GC(176) Age table with threshold 15 (max threshold 15)
[2022-05-19T09:58:58.830+0000][83][gc,age         ] GC(176) - age   1:    4757608 bytes,    4757608 total
[2022-05-19T09:58:58.831+0000][83][gc,age         ] GC(176) - age   2:    1475752 bytes,    6233360 total
[2022-05-19T09:58:58.831+0000][83][gc,age         ] GC(176) - age   3:    2032824 bytes,    8266184 total
[2022-05-19T09:58:58.831+0000][83][gc,age         ] GC(176) - age   4:    2656712 bytes,   10922896 total
[2022-05-19T09:58:58.831+0000][83][gc,age         ] GC(176) - age   5:      32784 bytes,   10955680 total
[2022-05-19T09:58:58.831+0000][83][gc,phases      ] GC(176)   Pre Evacuate Collection Set: 0.2ms
[2022-05-19T09:58:58.832+0000][83][gc,phases      ] GC(176)   Merge Heap Roots: 0.1ms
[2022-05-19T09:58:58.832+0000][83][gc,phases      ] GC(176)   Evacuate Collection Set: 1.8ms
[2022-05-19T09:58:58.832+0000][83][gc,phases      ] GC(176)   Post Evacuate Collection Set: 0.7ms
[2022-05-19T09:58:58.832+0000][83][gc,phases      ] GC(176)   Other: 2.1ms
[2022-05-19T09:58:58.832+0000][83][gc,heap        ] GC(176) Eden regions: 51->0(3)
[2022-05-19T09:58:58.833+0000][83][gc,heap        ] GC(176) Survivor regions: 2->3(7)
[2022-05-19T09:58:58.833+0000][83][gc,heap        ] GC(176) Old regions: 36->36
[2022-05-19T09:58:58.833+0000][83][gc,heap        ] GC(176) Archive regions: 2->2
[2022-05-19T09:58:58.833+0000][83][gc,heap        ] GC(176) Humongous regions: 21->12
[2022-05-19T09:58:58.833+0000][83][gc,metaspace   ] GC(176) Metaspace: 100756K(102272K)->100756K(102272K) NonClass: 86771K(87680K)->86771K(87680K) Class: 13985K(14592K)->13985K(14592K)
[2022-05-19T09:58:58.834+0000][83][gc             ] GC(176) Pause Young (Prepare Mixed) (G1 Evacuation Pause) 434M->199M(512M) 7.096ms
[2022-05-19T09:58:58.834+0000][83][gc,cpu         ] GC(176) User=0.02s Sys=0.00s Real=0.01s
[2022-05-19T09:58:58.834+0000][83][safepoint      ] Safepoint "G1CollectForAllocation", Time since last: 726527300 ns, Reaching safepoint: 187600 ns, At safepoint: 7488500 ns, Total: 7676100 ns
[2022-05-19T09:58:58.930+0000][83][gc,start       ] GC(177) Pause Young (Mixed) (G1 Evacuation Pause)
[2022-05-19T09:58:58.930+0000][83][gc,task        ] GC(177) Using 10 workers of 10 for evacuation
[2022-05-19T09:58:58.930+0000][83][gc,age         ] GC(177) Desired survivor size 2097152 bytes, new threshold 1 (max threshold 15)
[2022-05-19T09:58:58.933+0000][83][gc,age         ] GC(177) Age table with threshold 1 (max threshold 15)
[2022-05-19T09:58:58.933+0000][83][gc,age         ] GC(177) - age   1:     132496 bytes,     132496 total
[2022-05-19T09:58:58.933+0000][83][gc,phases      ] GC(177)   Pre Evacuate Collection Set: 0.2ms
[2022-05-19T09:58:58.934+0000][83][gc,phases      ] GC(177)   Merge Heap Roots: 0.2ms
[2022-05-19T09:58:58.934+0000][83][gc,phases      ] GC(177)   Evacuate Collection Set: 1.8ms
[2022-05-19T09:58:58.934+0000][83][gc,phases      ] GC(177)   Post Evacuate Collection Set: 0.6ms
[2022-05-19T09:58:58.934+0000][83][gc,phases      ] GC(177)   Other: 1.1ms
[2022-05-19T09:58:58.935+0000][83][gc,heap        ] GC(177) Eden regions: 3->0(50)
[2022-05-19T09:58:58.935+0000][83][gc,heap        ] GC(177) Survivor regions: 3->1(1)
[2022-05-19T09:58:58.935+0000][83][gc,heap        ] GC(177) Old regions: 36->38
[2022-05-19T09:58:58.935+0000][83][gc,heap        ] GC(177) Archive regions: 2->2
[2022-05-19T09:58:58.935+0000][83][gc,heap        ] GC(177) Humongous regions: 12->12
[2022-05-19T09:58:58.935+0000][83][gc,metaspace   ] GC(177) Metaspace: 100756K(102272K)->100756K(102272K) NonClass: 86771K(87680K)->86771K(87680K) Class: 13985K(14592K)->13985K(14592K)
[2022-05-19T09:58:58.936+0000][83][gc             ] GC(177) Pause Young (Mixed) (G1 Evacuation Pause) 211M->196M(512M) 5.951ms
[2022-05-19T09:58:58.936+0000][83][gc,cpu         ] GC(177) User=0.02s Sys=0.00s Real=0.00s
[2022-05-19T09:58:58.936+0000][83][safepoint      ] Safepoint "G1CollectForAllocation", Time since last: 95546500 ns, Reaching safepoint: 182800 ns, At safepoint: 6340400 ns, Total: 6523200 ns
[2022-05-19T09:59:00.395+0000][83][gc,start       ] GC(178) Pause Young (Normal) (G1 Evacuation Pause)
[2022-05-19T09:59:00.395+0000][83][gc,task        ] GC(178) Using 10 workers of 10 for evacuation
[2022-05-19T09:59:00.395+0000][83][gc,age         ] GC(178) Desired survivor size 14680064 bytes, new threshold 15 (max threshold 15)
[2022-05-19T09:59:00.397+0000][83][gc,age         ] GC(178) Age table with threshold 15 (max threshold 15)
[2022-05-19T09:59:00.397+0000][83][gc,age         ] GC(178) - age   1:    2167152 bytes,    2167152 total
[2022-05-19T09:59:00.398+0000][83][gc,age         ] GC(178) - age   2:     131136 bytes,    2298288 total
[2022-05-19T09:59:00.398+0000][83][gc,phases      ] GC(178)   Pre Evacuate Collection Set: 0.2ms
[2022-05-19T09:59:00.398+0000][83][gc,phases      ] GC(178)   Merge Heap Roots: 0.1ms
[2022-05-19T09:59:00.398+0000][83][gc,phases      ] GC(178)   Evacuate Collection Set: 0.7ms
[2022-05-19T09:59:00.398+0000][83][gc,phases      ] GC(178)   Post Evacuate Collection Set: 0.7ms
[2022-05-19T09:59:00.398+0000][83][gc,phases      ] GC(178)   Other: 1.5ms
[2022-05-19T09:59:00.398+0000][83][gc,heap        ] GC(178) Eden regions: 50->0(51)
[2022-05-19T09:59:00.398+0000][83][gc,heap        ] GC(178) Survivor regions: 1->1(7)
[2022-05-19T09:59:00.399+0000][83][gc,heap        ] GC(178) Old regions: 38->38
[2022-05-19T09:59:00.399+0000][83][gc,heap        ] GC(178) Archive regions: 2->2
[2022-05-19T09:59:00.399+0000][83][gc,heap        ] GC(178) Humongous regions: 12->12
[2022-05-19T09:59:00.399+0000][83][gc,metaspace   ] GC(178) Metaspace: 100756K(102272K)->100756K(102272K) NonClass: 86771K(87680K)->86771K(87680K) Class: 13985K(14592K)->13985K(14592K)
[2022-05-19T09:59:00.399+0000][83][gc             ] GC(178) Pause Young (Normal) (G1 Evacuation Pause) 396M->198M(512M) 4.827ms
[2022-05-19T09:59:00.400+0000][83][gc,cpu         ] GC(178) User=0.01s Sys=0.00s Real=0.01s
[2022-05-19T09:59:00.400+0000][83][safepoint      ] Safepoint "G1CollectForAllocation", Time since last: 1458102200 ns, Reaching safepoint: 199400 ns, At safepoint: 5201200 ns, Total: 5400600 ns
[2022-05-19T09:59:00.821+0000][83][gc,start       ] GC(179) Pause Young (Concurrent Start) (G1 Humongous Allocation)
[2022-05-19T09:59:00.821+0000][83][gc,task        ] GC(179) Using 10 workers of 10 for evacuation
[2022-05-19T09:59:00.821+0000][83][gc,age         ] GC(179) Desired survivor size 14680064 bytes, new threshold 15 (max threshold 15)
[2022-05-19T09:59:00.824+0000][83][gc,age         ] GC(179) Age table with threshold 15 (max threshold 15)
[2022-05-19T09:59:00.824+0000][83][gc,age         ] GC(179) - age   1:     597704 bytes,     597704 total
[2022-05-19T09:59:00.824+0000][83][gc,age         ] GC(179) - age   2:    2165912 bytes,    2763616 total
[2022-05-19T09:59:00.824+0000][83][gc,age         ] GC(179) - age   3:     131136 bytes,    2894752 total
[2022-05-19T09:59:00.824+0000][83][gc,phases      ] GC(179)   Pre Evacuate Collection Set: 0.2ms
[2022-05-19T09:59:00.824+0000][83][gc,phases      ] GC(179)   Merge Heap Roots: 0.2ms
[2022-05-19T09:59:00.825+0000][83][gc,phases      ] GC(179)   Evacuate Collection Set: 1.2ms
[2022-05-19T09:59:00.825+0000][83][gc,phases      ] GC(179)   Post Evacuate Collection Set: 0.5ms
[2022-05-19T09:59:00.825+0000][83][gc,phases      ] GC(179)   Other: 1.4ms
[2022-05-19T09:59:00.825+0000][83][gc,heap        ] GC(179) Eden regions: 14->0(51)
[2022-05-19T09:59:00.825+0000][83][gc,heap        ] GC(179) Survivor regions: 1->1(7)
[2022-05-19T09:59:00.825+0000][83][gc,heap        ] GC(179) Old regions: 38->38
[2022-05-19T09:59:00.825+0000][83][gc,heap        ] GC(179) Archive regions: 2->2
[2022-05-19T09:59:00.825+0000][83][gc,heap        ] GC(179) Humongous regions: 12->12
[2022-05-19T09:59:00.826+0000][83][gc,metaspace   ] GC(179) Metaspace: 100756K(102272K)->100756K(102272K) NonClass: 86771K(87680K)->86771K(87680K) Class: 13985K(14592K)->13985K(14592K)
[2022-05-19T09:59:00.826+0000][83][gc             ] GC(179) Pause Young (Concurrent Start) (G1 Humongous Allocation) 254M->199M(512M) 4.873ms
[2022-05-19T09:59:00.826+0000][83][gc,cpu         ] GC(179) User=0.01s Sys=0.00s Real=0.00s
[2022-05-19T09:59:00.826+0000][83][safepoint      ] Safepoint "G1TryInitiateConcMark", Time since last: 420862500 ns, Reaching safepoint: 187300 ns, At safepoint: 5175300 ns, Total: 5362600 ns
[2022-05-19T09:59:00.826+0000][83][gc             ] GC(180) Concurrent Mark Cycle
[2022-05-19T09:59:00.826+0000][83][gc,marking     ] GC(180) Concurrent Clear Claimed Marks
[2022-05-19T09:59:00.826+0000][83][gc,marking     ] GC(180) Concurrent Clear Claimed Marks 0.227ms
[2022-05-19T09:59:00.827+0000][83][gc,marking     ] GC(180) Concurrent Scan Root Regions
[2022-05-19T09:59:00.828+0000][83][gc,marking     ] GC(180) Concurrent Scan Root Regions 1.495ms
[2022-05-19T09:59:00.828+0000][83][gc,marking     ] GC(180) Concurrent Mark
[2022-05-19T09:59:00.828+0000][83][gc,marking     ] GC(180) Concurrent Mark From Roots
[2022-05-19T09:59:00.828+0000][83][gc,task        ] GC(180) Using 3 workers of 3 for marking
[2022-05-19T09:59:00.871+0000][83][gc,marking     ] GC(180) Concurrent Mark From Roots 42.662ms
[2022-05-19T09:59:00.871+0000][83][gc,marking     ] GC(180) Concurrent Preclean
[2022-05-19T09:59:00.872+0000][83][gc,marking     ] GC(180) Concurrent Preclean 0.571ms
[2022-05-19T09:59:00.872+0000][83][gc,start       ] GC(180) Pause Remark
[2022-05-19T09:59:00.875+0000][83][gc             ] GC(180) Pause Remark 205M->205M(512M) 2.830ms
[2022-05-19T09:59:00.875+0000][83][gc,cpu         ] GC(180) User=0.02s Sys=0.00s Real=0.00s
[2022-05-19T09:59:00.875+0000][83][safepoint      ] Safepoint "G1Concurrent", Time since last: 46057200 ns, Reaching safepoint: 178100 ns, At safepoint: 3284000 ns, Total: 3462100 ns
[2022-05-19T09:59:00.876+0000][83][gc,marking     ] GC(180) Concurrent Mark 47.488ms
[2022-05-19T09:59:00.876+0000][83][gc,marking     ] GC(180) Concurrent Rebuild Remembered Sets
[2022-05-19T09:59:00.901+0000][83][gc,marking     ] GC(180) Concurrent Rebuild Remembered Sets 25.658ms
[2022-05-19T09:59:00.902+0000][83][gc,start       ] GC(180) Pause Cleanup
[2022-05-19T09:59:00.902+0000][83][gc             ] GC(180) Pause Cleanup 205M->205M(512M) 0.327ms
[2022-05-19T09:59:00.902+0000][83][gc,cpu         ] GC(180) User=0.00s Sys=0.00s Real=0.00s
[2022-05-19T09:59:00.903+0000][83][safepoint      ] Safepoint "G1Concurrent", Time since last: 26282100 ns, Reaching safepoint: 208900 ns, At safepoint: 756800 ns, Total: 965700 ns
[2022-05-19T09:59:00.903+0000][83][gc,marking     ] GC(180) Concurrent Cleanup for Next Mark
[2022-05-19T09:59:00.903+0000][83][gc,marking     ] GC(180) Concurrent Cleanup for Next Mark 0.371ms
[2022-05-19T09:59:00.903+0000][83][gc             ] GC(180) Concurrent Mark Cycle 77.498ms
[2022-05-19T09:59:01.903+0000][83][safepoint      ] Safepoint "Cleanup", Time since last: 1000249400 ns, Reaching safepoint: 220900 ns, At safepoint: 22500 ns, Total: 243400 ns
[2022-05-19T09:59:02.686+0000][83][gc,start       ] GC(181) Pause Young (Prepare Mixed) (G1 Evacuation Pause)
[2022-05-19T09:59:02.686+0000][83][gc,task        ] GC(181) Using 10 workers of 10 for evacuation
[2022-05-19T09:59:02.686+0000][83][gc,age         ] GC(181) Desired survivor size 14680064 bytes, new threshold 15 (max threshold 15)
[2022-05-19T09:59:02.688+0000][83][gc,age         ] GC(181) Age table with threshold 15 (max threshold 15)
[2022-05-19T09:59:02.689+0000][83][gc,age         ] GC(181) - age   1:     958528 bytes,     958528 total
[2022-05-19T09:59:02.689+0000][83][gc,age         ] GC(181) - age   2:     596664 bytes,    1555192 total
[2022-05-19T09:59:02.689+0000][83][gc,age         ] GC(181) - age   3:    2163776 bytes,    3718968 total
[2022-05-19T09:59:02.689+0000][83][gc,age         ] GC(181) - age   4:     131136 bytes,    3850104 total
[2022-05-19T09:59:02.689+0000][83][gc,phases      ] GC(181)   Pre Evacuate Collection Set: 0.2ms
[2022-05-19T09:59:02.689+0000][83][gc,phases      ] GC(181)   Merge Heap Roots: 0.1ms
[2022-05-19T09:59:02.689+0000][83][gc,phases      ] GC(181)   Evacuate Collection Set: 0.9ms
[2022-05-19T09:59:02.690+0000][83][gc,phases      ] GC(181)   Post Evacuate Collection Set: 0.6ms
[2022-05-19T09:59:02.690+0000][83][gc,phases      ] GC(181)   Other: 1.4ms
[2022-05-19T09:59:02.690+0000][83][gc,heap        ] GC(181) Eden regions: 51->0(5)
[2022-05-19T09:59:02.690+0000][83][gc,heap        ] GC(181) Survivor regions: 1->1(7)
[2022-05-19T09:59:02.690+0000][83][gc,heap        ] GC(181) Old regions: 38->38
[2022-05-19T09:59:02.690+0000][83][gc,heap        ] GC(181) Archive regions: 2->2
[2022-05-19T09:59:02.690+0000][83][gc,heap        ] GC(181) Humongous regions: 13->12
[2022-05-19T09:59:02.691+0000][83][gc,metaspace   ] GC(181) Metaspace: 100932K(102400K)->100932K(102400K) NonClass: 86918K(87808K)->86918K(87808K) Class: 14014K(14592K)->14014K(14592K)
[2022-05-19T09:59:02.691+0000][83][gc             ] GC(181) Pause Young (Prepare Mixed) (G1 Evacuation Pause) 407M->200M(512M) 4.880ms
[2022-05-19T09:59:02.691+0000][83][gc,cpu         ] GC(181) User=0.01s Sys=0.00s Real=0.01s
[2022-05-19T09:59:02.691+0000][83][safepoint      ] Safepoint "G1CollectForAllocation", Time since last: 782473200 ns, Reaching safepoint: 206100 ns, At safepoint: 5214300 ns, Total: 5420400 ns
[2022-05-19T09:59:02.757+0000][83][gc,start       ] GC(182) Pause Young (Mixed) (G1 Evacuation Pause)
[2022-05-19T09:59:02.757+0000][83][gc,task        ] GC(182) Using 10 workers of 10 for evacuation
[2022-05-19T09:59:02.757+0000][83][gc,age         ] GC(182) Desired survivor size 2097152 bytes, new threshold 3 (max threshold 15)
[2022-05-19T09:59:02.760+0000][83][gc,age         ] GC(182) Age table with threshold 3 (max threshold 15)
[2022-05-19T09:59:02.760+0000][83][gc,age         ] GC(182) - age   1:      24720 bytes,      24720 total
[2022-05-19T09:59:02.760+0000][83][gc,age         ] GC(182) - age   2:     932232 bytes,     956952 total
[2022-05-19T09:59:02.760+0000][83][gc,age         ] GC(182) - age   3:     596664 bytes,    1553616 total
[2022-05-19T09:59:02.761+0000][83][gc,phases      ] GC(182)   Pre Evacuate Collection Set: 0.2ms
[2022-05-19T09:59:02.761+0000][83][gc,phases      ] GC(182)   Merge Heap Roots: 0.2ms
[2022-05-19T09:59:02.761+0000][83][gc,phases      ] GC(182)   Evacuate Collection Set: 1.3ms
[2022-05-19T09:59:02.761+0000][83][gc,phases      ] GC(182)   Post Evacuate Collection Set: 0.7ms
[2022-05-19T09:59:02.761+0000][83][gc,phases      ] GC(182)   Other: 1.5ms
[2022-05-19T09:59:02.761+0000][83][gc,heap        ] GC(182) Eden regions: 5->0(52)
[2022-05-19T09:59:02.761+0000][83][gc,heap        ] GC(182) Survivor regions: 1->1(1)
[2022-05-19T09:59:02.762+0000][83][gc,heap        ] GC(182) Old regions: 38->38
[2022-05-19T09:59:02.762+0000][83][gc,heap        ] GC(182) Archive regions: 2->2
[2022-05-19T09:59:02.762+0000][83][gc,heap        ] GC(182) Humongous regions: 12->12
[2022-05-19T09:59:02.762+0000][83][gc,metaspace   ] GC(182) Metaspace: 100932K(102400K)->100932K(102400K) NonClass: 86918K(87808K)->86918K(87808K) Class: 14014K(14592K)->14014K(14592K)
[2022-05-19T09:59:02.762+0000][83][gc             ] GC(182) Pause Young (Mixed) (G1 Evacuation Pause) 220M->197M(512M) 5.240ms
[2022-05-19T09:59:02.762+0000][83][gc,cpu         ] GC(182) User=0.00s Sys=0.01s Real=0.01s
[2022-05-19T09:59:02.762+0000][83][safepoint      ] Safepoint "G1CollectForAllocation", Time since last: 65485200 ns, Reaching safepoint: 232100 ns, At safepoint: 5577000 ns, Total: 5809100 ns
[2022-05-19T09:59:03.765+0000][83][safepoint      ] Safepoint "Cleanup", Time since last: 1000264000 ns, Reaching safepoint: 2289700 ns, At safepoint: 43700 ns, Total: 2333400 ns
[2022-05-19T09:59:04.766+0000][83][safepoint      ] Safepoint "Cleanup", Time since last: 1000313600 ns, Reaching safepoint: 313400 ns, At safepoint: 28600 ns, Total: 342000 ns
[2022-05-19T09:59:05.162+0000][83][gc,start       ] GC(183) Pause Young (Normal) (G1 Evacuation Pause)
[2022-05-19T09:59:05.162+0000][83][gc,task        ] GC(183) Using 10 workers of 10 for evacuation
[2022-05-19T09:59:05.163+0000][83][gc,age         ] GC(183) Desired survivor size 14680064 bytes, new threshold 15 (max threshold 15)
[2022-05-19T09:59:05.165+0000][83][gc,age         ] GC(183) Age table with threshold 15 (max threshold 15)
[2022-05-19T09:59:05.166+0000][83][gc,age         ] GC(183) - age   1:    5075176 bytes,    5075176 total
[2022-05-19T09:59:05.166+0000][83][gc,age         ] GC(183) - age   3:     506760 bytes,    5581936 total
[2022-05-19T09:59:05.166+0000][83][gc,age         ] GC(183) - age   4:     596168 bytes,    6178104 total
[2022-05-19T09:59:05.166+0000][83][gc,phases      ] GC(183)   Pre Evacuate Collection Set: 0.2ms
[2022-05-19T09:59:05.167+0000][83][gc,phases      ] GC(183)   Merge Heap Roots: 0.2ms
[2022-05-19T09:59:05.167+0000][83][gc,phases      ] GC(183)   Evacuate Collection Set: 1.3ms
[2022-05-19T09:59:05.167+0000][83][gc,phases      ] GC(183)   Post Evacuate Collection Set: 0.8ms
[2022-05-19T09:59:05.167+0000][83][gc,phases      ] GC(183)   Other: 1.8ms
[2022-05-19T09:59:05.167+0000][83][gc,heap        ] GC(183) Eden regions: 52->0(46)
[2022-05-19T09:59:05.168+0000][83][gc,heap        ] GC(183) Survivor regions: 1->2(7)
[2022-05-19T09:59:05.168+0000][83][gc,heap        ] GC(183) Old regions: 38->38
[2022-05-19T09:59:05.168+0000][83][gc,heap        ] GC(183) Archive regions: 2->2
[2022-05-19T09:59:05.168+0000][83][gc,heap        ] GC(183) Humongous regions: 20->16
[2022-05-19T09:59:05.168+0000][83][gc,metaspace   ] GC(183) Metaspace: 100969K(102464K)->100969K(102464K) NonClass: 86955K(87872K)->86955K(87872K) Class: 14014K(14592K)->14014K(14592K)
[2022-05-19T09:59:05.168+0000][83][gc             ] GC(183) Pause Young (Normal) (G1 Evacuation Pause) 437M->217M(512M) 6.273ms
[2022-05-19T09:59:05.168+0000][83][gc,cpu         ] GC(183) User=0.01s Sys=0.00s Real=0.00s
[2022-05-19T09:59:05.169+0000][83][safepoint      ] Safepoint "G1CollectForAllocation", Time since last: 396171100 ns, Reaching safepoint: 223600 ns, At safepoint: 6561500 ns, Total: 6785100 ns
[2022-05-19T09:59:06.169+0000][83][safepoint      ] Safepoint "Cleanup", Time since last: 1000257000 ns, Reaching safepoint: 317900 ns, At safepoint: 25000 ns, Total: 342900 ns
[2022-05-19T09:59:06.500+0000][83][gc,start       ] GC(184) Pause Young (Normal) (G1 Evacuation Pause)
[2022-05-19T09:59:06.500+0000][83][gc,task        ] GC(184) Using 10 workers of 10 for evacuation
[2022-05-19T09:59:06.500+0000][83][gc,age         ] GC(184) Desired survivor size 12582912 bytes, new threshold 15 (max threshold 15)
[2022-05-19T09:59:06.503+0000][83][gc,age         ] GC(184) Age table with threshold 15 (max threshold 15)
[2022-05-19T09:59:06.503+0000][83][gc,age         ] GC(184) - age   1:    3129600 bytes,    3129600 total
[2022-05-19T09:59:06.504+0000][83][gc,age         ] GC(184) - age   2:    4429184 bytes,    7558784 total
[2022-05-19T09:59:06.504+0000][83][gc,age         ] GC(184) - age   4:     506504 bytes,    8065288 total
[2022-05-19T09:59:06.504+0000][83][gc,age         ] GC(184) - age   5:     595952 bytes,    8661240 total
[2022-05-19T09:59:06.504+0000][83][gc,phases      ] GC(184)   Pre Evacuate Collection Set: 0.2ms
[2022-05-19T09:59:06.504+0000][83][gc,phases      ] GC(184)   Merge Heap Roots: 0.2ms
[2022-05-19T09:59:06.505+0000][83][gc,phases      ] GC(184)   Evacuate Collection Set: 1.4ms
[2022-05-19T09:59:06.505+0000][83][gc,phases      ] GC(184)   Post Evacuate Collection Set: 0.7ms
[2022-05-19T09:59:06.505+0000][83][gc,phases      ] GC(184)   Other: 2.0ms
[2022-05-19T09:59:06.505+0000][83][gc,heap        ] GC(184) Eden regions: 46->0(45)
[2022-05-19T09:59:06.505+0000][83][gc,heap        ] GC(184) Survivor regions: 2->3(6)
[2022-05-19T09:59:06.505+0000][83][gc,heap        ] GC(184) Old regions: 38->38
[2022-05-19T09:59:06.505+0000][83][gc,heap        ] GC(184) Archive regions: 2->2
[2022-05-19T09:59:06.505+0000][83][gc,heap        ] GC(184) Humongous regions: 16->16
[2022-05-19T09:59:06.505+0000][83][gc,metaspace   ] GC(184) Metaspace: 100982K(102464K)->100982K(102464K) NonClass: 86968K(87872K)->86968K(87872K) Class: 14014K(14592K)->14014K(14592K)
[2022-05-19T09:59:06.506+0000][83][gc             ] GC(184) Pause Young (Normal) (G1 Evacuation Pause) 401M->220M(512M) 5.799ms
[2022-05-19T09:59:06.506+0000][83][gc,cpu         ] GC(184) User=0.01s Sys=0.00s Real=0.00s
[2022-05-19T09:59:06.506+0000][83][safepoint      ] Safepoint "G1CollectForAllocation", Time since last: 330305400 ns, Reaching safepoint: 188900 ns, At safepoint: 6083300 ns, Total: 6272200 ns
[2022-05-19T09:59:07.762+0000][83][gc,start       ] GC(185) Pause Young (Concurrent Start) (G1 Evacuation Pause)
[2022-05-19T09:59:07.762+0000][83][gc,task        ] GC(185) Using 10 workers of 10 for evacuation
[2022-05-19T09:59:07.763+0000][83][gc,age         ] GC(185) Desired survivor size 12582912 bytes, new threshold 15 (max threshold 15)
[2022-05-19T09:59:07.766+0000][83][gc,age         ] GC(185) Age table with threshold 15 (max threshold 15)
[2022-05-19T09:59:07.766+0000][83][gc,age         ] GC(185) - age   1:    3783920 bytes,    3783920 total
[2022-05-19T09:59:07.767+0000][83][gc,age         ] GC(185) - age   2:    2211248 bytes,    5995168 total
[2022-05-19T09:59:07.767+0000][83][gc,age         ] GC(185) - age   3:    4166944 bytes,   10162112 total
[2022-05-19T09:59:07.767+0000][83][gc,age         ] GC(185) - age   5:     506256 bytes,   10668368 total
[2022-05-19T09:59:07.767+0000][83][gc,age         ] GC(185) - age   6:     595952 bytes,   11264320 total
[2022-05-19T09:59:07.768+0000][83][gc,phases      ] GC(185)   Pre Evacuate Collection Set: 0.2ms
[2022-05-19T09:59:07.768+0000][83][gc,phases      ] GC(185)   Merge Heap Roots: 0.1ms
[2022-05-19T09:59:07.768+0000][83][gc,phases      ] GC(185)   Evacuate Collection Set: 1.9ms
[2022-05-19T09:59:07.768+0000][83][gc,phases      ] GC(185)   Post Evacuate Collection Set: 0.8ms
[2022-05-19T09:59:07.768+0000][83][gc,phases      ] GC(185)   Other: 2.8ms
[2022-05-19T09:59:07.769+0000][83][gc,heap        ] GC(185) Eden regions: 45->0(45)
[2022-05-19T09:59:07.769+0000][83][gc,heap        ] GC(185) Survivor regions: 3->3(6)
[2022-05-19T09:59:07.769+0000][83][gc,heap        ] GC(185) Old regions: 38->38
[2022-05-19T09:59:07.769+0000][83][gc,heap        ] GC(185) Archive regions: 2->2
[2022-05-19T09:59:07.769+0000][83][gc,heap        ] GC(185) Humongous regions: 16->16
[2022-05-19T09:59:07.770+0000][83][gc,metaspace   ] GC(185) Metaspace: 100982K(102464K)->100982K(102464K) NonClass: 86968K(87872K)->86968K(87872K) Class: 14014K(14592K)->14014K(14592K)
[2022-05-19T09:59:07.770+0000][83][gc             ] GC(185) Pause Young (Concurrent Start) (G1 Evacuation Pause) 400M->222M(512M) 7.804ms
[2022-05-19T09:59:07.770+0000][83][gc,cpu         ] GC(185) User=0.02s Sys=0.00s Real=0.01s
[2022-05-19T09:59:07.770+0000][83][safepoint      ] Safepoint "G1CollectForAllocation", Time since last: 1255933400 ns, Reaching safepoint: 186600 ns, At safepoint: 8233900 ns, Total: 8420500 ns
[2022-05-19T09:59:07.770+0000][83][gc             ] GC(186) Concurrent Mark Cycle
[2022-05-19T09:59:07.770+0000][83][gc,marking     ] GC(186) Concurrent Clear Claimed Marks
[2022-05-19T09:59:07.771+0000][83][gc,marking     ] GC(186) Concurrent Clear Claimed Marks 0.172ms
[2022-05-19T09:59:07.771+0000][83][gc,marking     ] GC(186) Concurrent Scan Root Regions
[2022-05-19T09:59:07.772+0000][83][gc,marking     ] GC(186) Concurrent Scan Root Regions 1.334ms
[2022-05-19T09:59:07.772+0000][83][gc,marking     ] GC(186) Concurrent Mark
[2022-05-19T09:59:07.772+0000][83][gc,marking     ] GC(186) Concurrent Mark From Roots
[2022-05-19T09:59:07.772+0000][83][gc,task        ] GC(186) Using 3 workers of 3 for marking
[2022-05-19T09:59:07.814+0000][83][gc,marking     ] GC(186) Concurrent Mark From Roots 41.733ms
[2022-05-19T09:59:07.814+0000][83][gc,marking     ] GC(186) Concurrent Preclean
[2022-05-19T09:59:07.815+0000][83][gc,marking     ] GC(186) Concurrent Preclean 0.614ms
[2022-05-19T09:59:07.816+0000][83][gc,start       ] GC(186) Pause Remark
[2022-05-19T09:59:07.819+0000][83][gc             ] GC(186) Pause Remark 228M->204M(512M) 3.027ms
[2022-05-19T09:59:07.819+0000][83][gc,cpu         ] GC(186) User=0.02s Sys=0.00s Real=0.00s
[2022-05-19T09:59:07.819+0000][83][safepoint      ] Safepoint "G1Concurrent", Time since last: 45177900 ns, Reaching safepoint: 350000 ns, At safepoint: 3654100 ns, Total: 4004100 ns
[2022-05-19T09:59:07.820+0000][83][gc,marking     ] GC(186) Concurrent Mark 47.305ms
[2022-05-19T09:59:07.820+0000][83][gc,marking     ] GC(186) Concurrent Rebuild Remembered Sets
[2022-05-19T09:59:07.845+0000][83][gc,marking     ] GC(186) Concurrent Rebuild Remembered Sets 24.776ms
[2022-05-19T09:59:07.845+0000][83][gc,start       ] GC(186) Pause Cleanup
[2022-05-19T09:59:07.845+0000][83][gc             ] GC(186) Pause Cleanup 208M->208M(512M) 0.373ms
[2022-05-19T09:59:07.846+0000][83][gc,cpu         ] GC(186) User=0.01s Sys=0.00s Real=0.00s
[2022-05-19T09:59:07.846+0000][83][safepoint      ] Safepoint "G1Concurrent", Time since last: 25534700 ns, Reaching safepoint: 267000 ns, At safepoint: 818000 ns, Total: 1085000 ns
[2022-05-19T09:59:07.846+0000][83][gc,marking     ] GC(186) Concurrent Cleanup for Next Mark
[2022-05-19T09:59:07.847+0000][83][gc,marking     ] GC(186) Concurrent Cleanup for Next Mark 0.387ms
[2022-05-19T09:59:07.847+0000][83][gc             ] GC(186) Concurrent Mark Cycle 76.620ms
[2022-05-19T09:59:08.847+0000][83][safepoint      ] Safepoint "Cleanup", Time since last: 1000316900 ns, Reaching safepoint: 328700 ns, At safepoint: 30000 ns, Total: 358700 ns
[2022-05-19T09:59:09.208+0000][83][gc,start       ] GC(187) Pause Young (Prepare Mixed) (G1 Evacuation Pause)
[2022-05-19T09:59:09.208+0000][83][gc,task        ] GC(187) Using 10 workers of 10 for evacuation
[2022-05-19T09:59:09.208+0000][83][gc,age         ] GC(187) Desired survivor size 12582912 bytes, new threshold 15 (max threshold 15)
[2022-05-19T09:59:09.212+0000][83][gc,age         ] GC(187) Age table with threshold 15 (max threshold 15)
[2022-05-19T09:59:09.213+0000][83][gc,age         ] GC(187) - age   1:    7380128 bytes,    7380128 total
[2022-05-19T09:59:09.213+0000][83][gc,age         ] GC(187) - age   2:    2098456 bytes,    9478584 total
[2022-05-19T09:59:09.213+0000][83][gc,age         ] GC(187) - age   3:    2211136 bytes,   11689720 total
[2022-05-19T09:59:09.213+0000][83][gc,age         ] GC(187) - age   4:    4025920 bytes,   15715640 total
[2022-05-19T09:59:09.214+0000][83][gc,age         ] GC(187) - age   6:     503312 bytes,   16218952 total
[2022-05-19T09:59:09.214+0000][83][gc,phases      ] GC(187)   Pre Evacuate Collection Set: 0.2ms
[2022-05-19T09:59:09.214+0000][83][gc,phases      ] GC(187)   Merge Heap Roots: 0.2ms
[2022-05-19T09:59:09.214+0000][83][gc,phases      ] GC(187)   Evacuate Collection Set: 2.5ms
[2022-05-19T09:59:09.214+0000][83][gc,phases      ] GC(187)   Post Evacuate Collection Set: 0.9ms
[2022-05-19T09:59:09.214+0000][83][gc,phases      ] GC(187)   Other: 2.3ms
[2022-05-19T09:59:09.215+0000][83][gc,heap        ] GC(187) Eden regions: 45->0(1)
[2022-05-19T09:59:09.215+0000][83][gc,heap        ] GC(187) Survivor regions: 3->5(6)
[2022-05-19T09:59:09.215+0000][83][gc,heap        ] GC(187) Old regions: 38->38
[2022-05-19T09:59:09.215+0000][83][gc,heap        ] GC(187) Archive regions: 2->2
[2022-05-19T09:59:09.215+0000][83][gc,heap        ] GC(187) Humongous regions: 11->6
[2022-05-19T09:59:09.215+0000][83][gc,metaspace   ] GC(187) Metaspace: 100986K(102464K)->100986K(102464K) NonClass: 86972K(87872K)->86972K(87872K) Class: 14014K(14592K)->14014K(14592K)
[2022-05-19T09:59:09.215+0000][83][gc             ] GC(187) Pause Young (Prepare Mixed) (G1 Evacuation Pause) 382M->187M(512M) 7.569ms
[2022-05-19T09:59:09.215+0000][83][gc,cpu         ] GC(187) User=0.01s Sys=0.01s Real=0.01s
[2022-05-19T09:59:09.216+0000][83][safepoint      ] Safepoint "G1CollectForAllocation", Time since last: 360725900 ns, Reaching safepoint: 358400 ns, At safepoint: 7840700 ns, Total: 8199100 ns
[2022-05-19T09:59:09.252+0000][83][gc,start       ] GC(188) Pause Young (Mixed) (G1 Evacuation Pause)
[2022-05-19T09:59:09.252+0000][83][gc,task        ] GC(188) Using 10 workers of 10 for evacuation
[2022-05-19T09:59:09.252+0000][83][gc,age         ] GC(188) Desired survivor size 2097152 bytes, new threshold 1 (max threshold 15)
[2022-05-19T09:59:09.256+0000][83][gc,age         ] GC(188) Age table with threshold 1 (max threshold 15)
[2022-05-19T09:59:09.257+0000][83][gc,age         ] GC(188) - age   1:     672280 bytes,     672280 total
[2022-05-19T09:59:09.257+0000][83][gc,phases      ] GC(188)   Pre Evacuate Collection Set: 0.2ms
[2022-05-19T09:59:09.257+0000][83][gc,phases      ] GC(188)   Merge Heap Roots: 0.2ms
[2022-05-19T09:59:09.257+0000][83][gc,phases      ] GC(188)   Evacuate Collection Set: 2.4ms
[2022-05-19T09:59:09.258+0000][83][gc,phases      ] GC(188)   Post Evacuate Collection Set: 0.9ms
[2022-05-19T09:59:09.258+0000][83][gc,phases      ] GC(188)   Other: 1.4ms
[2022-05-19T09:59:09.258+0000][83][gc,heap        ] GC(188) Eden regions: 1->0(55)
[2022-05-19T09:59:09.258+0000][83][gc,heap        ] GC(188) Survivor regions: 5->1(1)
[2022-05-19T09:59:09.259+0000][83][gc,heap        ] GC(188) Old regions: 38->39
[2022-05-19T09:59:09.259+0000][83][gc,heap        ] GC(188) Archive regions: 2->2
[2022-05-19T09:59:09.259+0000][83][gc,heap        ] GC(188) Humongous regions: 6->6
[2022-05-19T09:59:09.259+0000][83][gc,metaspace   ] GC(188) Metaspace: 100986K(102464K)->100986K(102464K) NonClass: 86972K(87872K)->86972K(87872K) Class: 14014K(14592K)->14014K(14592K)
[2022-05-19T09:59:09.259+0000][83][gc             ] GC(188) Pause Young (Mixed) (G1 Evacuation Pause) 191M->176M(512M) 7.345ms
[2022-05-19T09:59:09.259+0000][83][gc,cpu         ] GC(188) User=0.02s Sys=0.00s Real=0.01s
[2022-05-19T09:59:09.260+0000][83][safepoint      ] Safepoint "G1CollectForAllocation", Time since last: 36044000 ns, Reaching safepoint: 242400 ns, At safepoint: 7733700 ns, Total: 7976100 ns
[2022-05-19T09:59:10.855+0000][83][safepoint      ] Safepoint "Cleanup", Time since last: 1595382300 ns, Reaching safepoint: 269600 ns, At safepoint: 24300 ns, Total: 293900 ns
[2022-05-19T09:59:11.179+0000][83][gc,start       ] GC(189) Pause Young (Normal) (G1 Evacuation Pause)
[2022-05-19T09:59:11.179+0000][83][gc,task        ] GC(189) Using 10 workers of 10 for evacuation
[2022-05-19T09:59:11.180+0000][83][gc,age         ] GC(189) Desired survivor size 14680064 bytes, new threshold 15 (max threshold 15)
[2022-05-19T09:59:11.183+0000][83][gc,age         ] GC(189) Age table with threshold 15 (max threshold 15)
[2022-05-19T09:59:11.183+0000][83][gc,age         ] GC(189) - age   1:    8655848 bytes,    8655848 total
[2022-05-19T09:59:11.183+0000][83][gc,age         ] GC(189) - age   2:      65568 bytes,    8721416 total
[2022-05-19T09:59:11.184+0000][83][gc,phases      ] GC(189)   Pre Evacuate Collection Set: 0.3ms
[2022-05-19T09:59:11.184+0000][83][gc,phases      ] GC(189)   Merge Heap Roots: 0.2ms
[2022-05-19T09:59:11.184+0000][83][gc,phases      ] GC(189)   Evacuate Collection Set: 1.5ms
[2022-05-19T09:59:11.184+0000][83][gc,phases      ] GC(189)   Post Evacuate Collection Set: 0.9ms
[2022-05-19T09:59:11.184+0000][83][gc,phases      ] GC(189)   Other: 1.8ms
[2022-05-19T09:59:11.185+0000][83][gc,heap        ] GC(189) Eden regions: 55->0(51)
[2022-05-19T09:59:11.185+0000][83][gc,heap        ] GC(189) Survivor regions: 1->3(7)
[2022-05-19T09:59:11.185+0000][83][gc,heap        ] GC(189) Old regions: 39->39
[2022-05-19T09:59:11.185+0000][83][gc,heap        ] GC(189) Archive regions: 2->2
[2022-05-19T09:59:11.185+0000][83][gc,heap        ] GC(189) Humongous regions: 7->7
[2022-05-19T09:59:11.186+0000][83][gc,metaspace   ] GC(189) Metaspace: 100993K(102464K)->100993K(102464K) NonClass: 86979K(87872K)->86979K(87872K) Class: 14014K(14592K)->14014K(14592K)
[2022-05-19T09:59:11.186+0000][83][gc             ] GC(189) Pause Young (Normal) (G1 Evacuation Pause) 400M->188M(512M) 6.850ms
[2022-05-19T09:59:11.186+0000][83][gc,cpu         ] GC(189) User=0.02s Sys=0.00s Real=0.01s
[2022-05-19T09:59:11.186+0000][83][safepoint      ] Safepoint "G1CollectForAllocation", Time since last: 323399500 ns, Reaching safepoint: 231300 ns, At safepoint: 7313700 ns, Total: 7545000 ns
[2022-05-19T09:59:12.187+0000][83][safepoint      ] Safepoint "Cleanup", Time since last: 1000315200 ns, Reaching safepoint: 361700 ns, At safepoint: 28100 ns, Total: 389800 ns
[2022-05-19T09:59:12.979+0000][83][gc,start       ] GC(190) Pause Young (Normal) (G1 Evacuation Pause)
[2022-05-19T09:59:12.979+0000][83][gc,task        ] GC(190) Using 10 workers of 10 for evacuation
[2022-05-19T09:59:12.979+0000][83][gc,age         ] GC(190) Desired survivor size 14680064 bytes, new threshold 15 (max threshold 15)
[2022-05-19T09:59:12.984+0000][83][gc,age         ] GC(190) Age table with threshold 15 (max threshold 15)
[2022-05-19T09:59:12.984+0000][83][gc,age         ] GC(190) - age   1:   10453816 bytes,   10453816 total
[2022-05-19T09:59:12.984+0000][83][gc,age         ] GC(190) - age   2:    4075496 bytes,   14529312 total
[2022-05-19T09:59:12.984+0000][83][gc,age         ] GC(190) - age   3:      65568 bytes,   14594880 total
[2022-05-19T09:59:12.985+0000][83][gc,phases      ] GC(190)   Pre Evacuate Collection Set: 0.3ms
[2022-05-19T09:59:12.985+0000][83][gc,phases      ] GC(190)   Merge Heap Roots: 0.2ms
[2022-05-19T09:59:12.985+0000][83][gc,phases      ] GC(190)   Evacuate Collection Set: 3.2ms
[2022-05-19T09:59:12.985+0000][83][gc,phases      ] GC(190)   Post Evacuate Collection Set: 0.7ms
[2022-05-19T09:59:12.985+0000][83][gc,phases      ] GC(190)   Other: 1.6ms
[2022-05-19T09:59:12.985+0000][83][gc,heap        ] GC(190) Eden regions: 51->0(49)
[2022-05-19T09:59:12.985+0000][83][gc,heap        ] GC(190) Survivor regions: 3->4(7)
[2022-05-19T09:59:12.986+0000][83][gc,heap        ] GC(190) Old regions: 39->39
[2022-05-19T09:59:12.986+0000][83][gc,heap        ] GC(190) Archive regions: 2->2
[2022-05-19T09:59:12.986+0000][83][gc,heap        ] GC(190) Humongous regions: 7->7
[2022-05-19T09:59:12.986+0000][83][gc,metaspace   ] GC(190) Metaspace: 100996K(102464K)->100996K(102464K) NonClass: 86982K(87872K)->86982K(87872K) Class: 14014K(14592K)->14014K(14592K)
[2022-05-19T09:59:12.986+0000][83][gc             ] GC(190) Pause Young (Normal) (G1 Evacuation Pause) 392M->194M(512M) 7.353ms
[2022-05-19T09:59:12.986+0000][83][gc,cpu         ] GC(190) User=0.02s Sys=0.00s Real=0.01s
[2022-05-19T09:59:12.986+0000][83][safepoint      ] Safepoint "G1CollectForAllocation", Time since last: 791630700 ns, Reaching safepoint: 198900 ns, At safepoint: 7727900 ns, Total: 7926800 ns
[2022-05-19T09:59:14.332+0000][83][gc,start       ] GC(191) Pause Young (Concurrent Start) (G1 Humongous Allocation)
[2022-05-19T09:59:14.332+0000][83][gc,task        ] GC(191) Using 10 workers of 10 for evacuation
[2022-05-19T09:59:14.333+0000][83][gc,age         ] GC(191) Desired survivor size 14680064 bytes, new threshold 15 (max threshold 15)
[2022-05-19T09:59:14.337+0000][83][gc,age         ] GC(191) Age table with threshold 15 (max threshold 15)
[2022-05-19T09:59:14.337+0000][83][gc,age         ] GC(191) - age   1:   12732792 bytes,   12732792 total
[2022-05-19T09:59:14.337+0000][83][gc,age         ] GC(191) - age   2:    4236592 bytes,   16969384 total
[2022-05-19T09:59:14.338+0000][83][gc,age         ] GC(191) - age   3:    4058856 bytes,   21028240 total
[2022-05-19T09:59:14.338+0000][83][gc,age         ] GC(191) - age   4:      65568 bytes,   21093808 total
[2022-05-19T09:59:14.338+0000][83][gc,phases      ] GC(191)   Pre Evacuate Collection Set: 0.3ms
[2022-05-19T09:59:14.339+0000][83][gc,phases      ] GC(191)   Merge Heap Roots: 0.2ms
[2022-05-19T09:59:14.339+0000][83][gc,phases      ] GC(191)   Evacuate Collection Set: 2.9ms
[2022-05-19T09:59:14.339+0000][83][gc,phases      ] GC(191)   Post Evacuate Collection Set: 0.6ms
[2022-05-19T09:59:14.339+0000][83][gc,phases      ] GC(191)   Other: 2.2ms
[2022-05-19T09:59:14.339+0000][83][gc,heap        ] GC(191) Eden regions: 46->0(46)
[2022-05-19T09:59:14.340+0000][83][gc,heap        ] GC(191) Survivor regions: 4->6(7)
[2022-05-19T09:59:14.340+0000][83][gc,heap        ] GC(191) Old regions: 39->39
[2022-05-19T09:59:14.340+0000][83][gc,heap        ] GC(191) Archive regions: 2->2
[2022-05-19T09:59:14.340+0000][83][gc,heap        ] GC(191) Humongous regions: 7->7
[2022-05-19T09:59:14.340+0000][83][gc,metaspace   ] GC(191) Metaspace: 100996K(102464K)->100996K(102464K) NonClass: 86982K(87872K)->86982K(87872K) Class: 14014K(14592K)->14014K(14592K)
[2022-05-19T09:59:14.340+0000][83][gc             ] GC(191) Pause Young (Concurrent Start) (G1 Humongous Allocation) 374M->200M(512M) 8.365ms
[2022-05-19T09:59:14.340+0000][83][gc,cpu         ] GC(191) User=0.03s Sys=0.00s Real=0.01s
[2022-05-19T09:59:14.341+0000][83][safepoint      ] Safepoint "G1TryInitiateConcMark", Time since last: 1345354900 ns, Reaching safepoint: 191000 ns, At safepoint: 8691500 ns, Total: 8882500 ns
[2022-05-19T09:59:14.341+0000][83][gc             ] GC(192) Concurrent Mark Cycle
[2022-05-19T09:59:14.341+0000][83][gc,marking     ] GC(192) Concurrent Clear Claimed Marks
[2022-05-19T09:59:14.341+0000][83][gc,marking     ] GC(192) Concurrent Clear Claimed Marks 0.225ms
[2022-05-19T09:59:14.341+0000][83][gc,marking     ] GC(192) Concurrent Scan Root Regions
[2022-05-19T09:59:14.342+0000][83][gc,marking     ] GC(192) Concurrent Scan Root Regions 0.934ms
[2022-05-19T09:59:14.342+0000][83][gc,marking     ] GC(192) Concurrent Mark
[2022-05-19T09:59:14.343+0000][83][gc,marking     ] GC(192) Concurrent Mark From Roots
[2022-05-19T09:59:14.343+0000][83][gc,task        ] GC(192) Using 3 workers of 3 for marking
[2022-05-19T09:59:14.388+0000][83][gc,marking     ] GC(192) Concurrent Mark From Roots 45.300ms
[2022-05-19T09:59:14.388+0000][83][gc,marking     ] GC(192) Concurrent Preclean
[2022-05-19T09:59:14.389+0000][83][gc,marking     ] GC(192) Concurrent Preclean 0.498ms
[2022-05-19T09:59:14.389+0000][83][gc,start       ] GC(192) Pause Remark
[2022-05-19T09:59:14.392+0000][83][gc             ] GC(192) Pause Remark 210M->206M(512M) 2.907ms
[2022-05-19T09:59:14.392+0000][83][gc,cpu         ] GC(192) User=0.02s Sys=0.00s Real=0.00s
[2022-05-19T09:59:14.393+0000][83][safepoint      ] Safepoint "G1Concurrent", Time since last: 48151200 ns, Reaching safepoint: 271200 ns, At safepoint: 3456200 ns, Total: 3727400 ns
[2022-05-19T09:59:14.393+0000][83][gc,marking     ] GC(192) Concurrent Mark 50.356ms
[2022-05-19T09:59:14.393+0000][83][gc,marking     ] GC(192) Concurrent Rebuild Remembered Sets
[2022-05-19T09:59:14.414+0000][83][gc,marking     ] GC(192) Concurrent Rebuild Remembered Sets 21.395ms
[2022-05-19T09:59:14.415+0000][83][gc,start       ] GC(192) Pause Cleanup
[2022-05-19T09:59:14.416+0000][83][gc             ] GC(192) Pause Cleanup 208M->208M(512M) 0.421ms
[2022-05-19T09:59:14.416+0000][83][gc,cpu         ] GC(192) User=0.00s Sys=0.00s Real=0.00s
[2022-05-19T09:59:14.416+0000][83][safepoint      ] Safepoint "G1Concurrent", Time since last: 22321900 ns, Reaching safepoint: 265700 ns, At safepoint: 893400 ns, Total: 1159100 ns
[2022-05-19T09:59:14.416+0000][83][gc,marking     ] GC(192) Concurrent Cleanup for Next Mark
[2022-05-19T09:59:14.417+0000][83][gc,marking     ] GC(192) Concurrent Cleanup for Next Mark 0.456ms
[2022-05-19T09:59:14.417+0000][83][gc             ] GC(192) Concurrent Mark Cycle 76.247ms
[2022-05-19T09:59:15.773+0000][83][gc,start       ] GC(193) Pause Young (Prepare Mixed) (G1 Evacuation Pause)
[2022-05-19T09:59:15.773+0000][83][gc,task        ] GC(193) Using 10 workers of 10 for evacuation
[2022-05-19T09:59:15.774+0000][83][gc,age         ] GC(193) Desired survivor size 14680064 bytes, new threshold 2 (max threshold 15)
[2022-05-19T09:59:15.779+0000][83][gc,age         ] GC(193) Age table with threshold 2 (max threshold 15)
[2022-05-19T09:59:15.779+0000][83][gc,age         ] GC(193) - age   1:   14780320 bytes,   14780320 total
[2022-05-19T09:59:15.779+0000][83][gc,age         ] GC(193) - age   2:    3964200 bytes,   18744520 total
[2022-05-19T09:59:15.780+0000][83][gc,phases      ] GC(193)   Pre Evacuate Collection Set: 0.4ms
[2022-05-19T09:59:15.780+0000][83][gc,phases      ] GC(193)   Merge Heap Roots: 0.2ms
[2022-05-19T09:59:15.780+0000][83][gc,phases      ] GC(193)   Evacuate Collection Set: 3.2ms
[2022-05-19T09:59:15.781+0000][83][gc,phases      ] GC(193)   Post Evacuate Collection Set: 0.9ms
[2022-05-19T09:59:15.781+0000][83][gc,phases      ] GC(193)   Other: 2.0ms
[2022-05-19T09:59:15.781+0000][83][gc,heap        ] GC(193) Eden regions: 46->0(1)
[2022-05-19T09:59:15.781+0000][83][gc,heap        ] GC(193) Survivor regions: 6->5(7)
[2022-05-19T09:59:15.782+0000][83][gc,heap        ] GC(193) Old regions: 38->40
[2022-05-19T09:59:15.782+0000][83][gc,heap        ] GC(193) Archive regions: 2->2
[2022-05-19T09:59:15.782+0000][83][gc,heap        ] GC(193) Humongous regions: 9->8
[2022-05-19T09:59:15.782+0000][83][gc,metaspace   ] GC(193) Metaspace: 101000K(102464K)->101000K(102464K) NonClass: 86986K(87872K)->86986K(87872K) Class: 14014K(14592K)->14014K(14592K)
[2022-05-19T09:59:15.782+0000][83][gc             ] GC(193) Pause Young (Prepare Mixed) (G1 Evacuation Pause) 388M->206M(512M) 9.195ms
[2022-05-19T09:59:15.782+0000][83][gc,cpu         ] GC(193) User=0.03s Sys=0.00s Real=0.01s
[2022-05-19T09:59:15.783+0000][83][safepoint      ] Safepoint "G1CollectForAllocation", Time since last: 1356593500 ns, Reaching safepoint: 382700 ns, At safepoint: 9716800 ns, Total: 10099500 ns
[2022-05-19T09:59:15.816+0000][83][gc,start       ] GC(194) Pause Young (Mixed) (G1 Evacuation Pause)
[2022-05-19T09:59:15.816+0000][83][gc,task        ] GC(194) Using 10 workers of 10 for evacuation
[2022-05-19T09:59:15.816+0000][83][gc,age         ] GC(194) Desired survivor size 2097152 bytes, new threshold 1 (max threshold 15)
[2022-05-19T09:59:15.820+0000][83][gc,age         ] GC(194) Age table with threshold 1 (max threshold 15)
[2022-05-19T09:59:15.820+0000][83][gc,age         ] GC(194) - age   1:     496024 bytes,     496024 total
[2022-05-19T09:59:15.821+0000][83][gc,phases      ] GC(194)   Pre Evacuate Collection Set: 0.2ms
[2022-05-19T09:59:15.821+0000][83][gc,phases      ] GC(194)   Merge Heap Roots: 0.1ms
[2022-05-19T09:59:15.821+0000][83][gc,phases      ] GC(194)   Evacuate Collection Set: 3.2ms
[2022-05-19T09:59:15.821+0000][83][gc,phases      ] GC(194)   Post Evacuate Collection Set: 0.7ms
[2022-05-19T09:59:15.821+0000][83][gc,phases      ] GC(194)   Other: 0.9ms
[2022-05-19T09:59:15.821+0000][83][gc,heap        ] GC(194) Eden regions: 1->0(52)
[2022-05-19T09:59:15.821+0000][83][gc,heap        ] GC(194) Survivor regions: 5->1(1)
[2022-05-19T09:59:15.822+0000][83][gc,heap        ] GC(194) Old regions: 40->35
[2022-05-19T09:59:15.822+0000][83][gc,heap        ] GC(194) Archive regions: 2->2
[2022-05-19T09:59:15.822+0000][83][gc,heap        ] GC(194) Humongous regions: 8->8
[2022-05-19T09:59:15.822+0000][83][gc,metaspace   ] GC(194) Metaspace: 101000K(102464K)->101000K(102464K) NonClass: 86986K(87872K)->86986K(87872K) Class: 14014K(14592K)->14014K(14592K)
[2022-05-19T09:59:15.822+0000][83][gc             ] GC(194) Pause Young (Mixed) (G1 Evacuation Pause) 210M->168M(512M) 6.315ms
[2022-05-19T09:59:15.822+0000][83][gc,cpu         ] GC(194) User=0.00s Sys=0.02s Real=0.01s
[2022-05-19T09:59:15.822+0000][83][safepoint      ] Safepoint "G1CollectForAllocation", Time since last: 32693100 ns, Reaching safepoint: 209700 ns, At safepoint: 6624200 ns, Total: 6833900 ns
[2022-05-19T09:59:16.823+0000][83][safepoint      ] Safepoint "Cleanup", Time since last: 1000232300 ns, Reaching safepoint: 319600 ns, At safepoint: 33300 ns, Total: 352900 ns
[2022-05-19T09:59:17.403+0000][83][gc,start       ] GC(195) Pause Young (Normal) (G1 Evacuation Pause)
[2022-05-19T09:59:17.404+0000][83][gc,task        ] GC(195) Using 10 workers of 10 for evacuation
[2022-05-19T09:59:17.404+0000][83][gc,age         ] GC(195) Desired survivor size 14680064 bytes, new threshold 15 (max threshold 15)
[2022-05-19T09:59:17.411+0000][83][gc,age         ] GC(195) Age table with threshold 15 (max threshold 15)
[2022-05-19T09:59:17.412+0000][83][gc,age         ] GC(195) - age   1:   28104264 bytes,   28104264 total
[2022-05-19T09:59:17.412+0000][83][gc,age         ] GC(195) - age   2:      65752 bytes,   28170016 total
[2022-05-19T09:59:17.412+0000][83][gc             ] GC(195) To-space exhausted
[2022-05-19T09:59:17.412+0000][83][gc,phases      ] GC(195)   Pre Evacuate Collection Set: 0.2ms
[2022-05-19T09:59:17.413+0000][83][gc,phases      ] GC(195)   Merge Heap Roots: 0.2ms
[2022-05-19T09:59:17.413+0000][83][gc,phases      ] GC(195)   Evacuate Collection Set: 6.0ms
[2022-05-19T09:59:17.413+0000][83][gc,phases      ] GC(195)   Post Evacuate Collection Set: 0.9ms
[2022-05-19T09:59:17.413+0000][83][gc,phases      ] GC(195)   Other: 1.8ms
[2022-05-19T09:59:17.413+0000][83][gc,heap        ] GC(195) Eden regions: 52->0(10)
[2022-05-19T09:59:17.413+0000][83][gc,heap        ] GC(195) Survivor regions: 1->7(7)
[2022-05-19T09:59:17.414+0000][83][gc,heap        ] GC(195) Old regions: 35->50
[2022-05-19T09:59:17.414+0000][83][gc,heap        ] GC(195) Archive regions: 2->2
[2022-05-19T09:59:17.414+0000][83][gc,heap        ] GC(195) Humongous regions: 26->26
[2022-05-19T09:59:17.414+0000][83][gc,metaspace   ] GC(195) Metaspace: 101001K(102464K)->101001K(102464K) NonClass: 86987K(87872K)->86987K(87872K) Class: 14014K(14592K)->14014K(14592K)
[2022-05-19T09:59:17.414+0000][83][gc             ] GC(195) Pause Young (Normal) (G1 Evacuation Pause) 447M->330M(512M) 10.976ms
[2022-05-19T09:59:17.414+0000][83][gc,cpu         ] GC(195) User=0.06s Sys=0.00s Real=0.01s
[2022-05-19T09:59:17.415+0000][83][safepoint      ] Safepoint "G1CollectForAllocation", Time since last: 580316600 ns, Reaching safepoint: 191900 ns, At safepoint: 11298500 ns, Total: 11490400 ns
[2022-05-19T09:59:17.435+0000][83][gc,start       ] GC(196) Pause Young (Concurrent Start) (G1 Humongous Allocation)
[2022-05-19T09:59:17.436+0000][83][gc,task        ] GC(196) Using 10 workers of 10 for evacuation
[2022-05-19T09:59:17.436+0000][83][gc,age         ] GC(196) Desired survivor size 6291456 bytes, new threshold 1 (max threshold 15)
[2022-05-19T09:59:17.443+0000][83][gc,age         ] GC(196) Age table with threshold 1 (max threshold 15)
[2022-05-19T09:59:17.443+0000][83][gc,age         ] GC(196) - age   1:   12191592 bytes,   12191592 total
[2022-05-19T09:59:17.444+0000][83][gc,phases      ] GC(196)   Pre Evacuate Collection Set: 0.3ms
[2022-05-19T09:59:17.444+0000][83][gc,phases      ] GC(196)   Merge Heap Roots: 0.2ms
[2022-05-19T09:59:17.444+0000][83][gc,phases      ] GC(196)   Evacuate Collection Set: 5.4ms
[2022-05-19T09:59:17.444+0000][83][gc,phases      ] GC(196)   Post Evacuate Collection Set: 0.8ms
[2022-05-19T09:59:17.444+0000][83][gc,phases      ] GC(196)   Other: 1.6ms
[2022-05-19T09:59:17.444+0000][83][gc,heap        ] GC(196) Eden regions: 5->0(6)
[2022-05-19T09:59:17.445+0000][83][gc,heap        ] GC(196) Survivor regions: 7->3(3)
[2022-05-19T09:59:17.445+0000][83][gc,heap        ] GC(196) Old regions: 50->59
[2022-05-19T09:59:17.445+0000][83][gc,heap        ] GC(196) Archive regions: 2->2
[2022-05-19T09:59:17.445+0000][83][gc,heap        ] GC(196) Humongous regions: 26->26
[2022-05-19T09:59:17.445+0000][83][gc,metaspace   ] GC(196) Metaspace: 101001K(102464K)->101001K(102464K) NonClass: 86987K(87872K)->86987K(87872K) Class: 14014K(14592K)->14014K(14592K)
[2022-05-19T09:59:17.445+0000][83][gc             ] GC(196) Pause Young (Concurrent Start) (G1 Humongous Allocation) 349M->348M(512M) 10.035ms
[2022-05-19T09:59:17.446+0000][83][gc,cpu         ] GC(196) User=0.06s Sys=0.00s Real=0.01s
[2022-05-19T09:59:17.446+0000][83][safepoint      ] Safepoint "G1TryInitiateConcMark", Time since last: 20495000 ns, Reaching safepoint: 199600 ns, At safepoint: 10364900 ns, Total: 10564500 ns
[2022-05-19T09:59:17.446+0000][83][gc             ] GC(197) Concurrent Mark Cycle
[2022-05-19T09:59:17.446+0000][83][gc,marking     ] GC(197) Concurrent Clear Claimed Marks
[2022-05-19T09:59:17.446+0000][83][gc,marking     ] GC(197) Concurrent Clear Claimed Marks 0.257ms
[2022-05-19T09:59:17.446+0000][83][gc,marking     ] GC(197) Concurrent Scan Root Regions
[2022-05-19T09:59:17.448+0000][83][gc,marking     ] GC(197) Concurrent Scan Root Regions 1.700ms
[2022-05-19T09:59:17.448+0000][83][gc,marking     ] GC(197) Concurrent Mark
[2022-05-19T09:59:17.449+0000][83][gc,marking     ] GC(197) Concurrent Mark From Roots
[2022-05-19T09:59:17.449+0000][83][gc,task        ] GC(197) Using 3 workers of 3 for marking
[2022-05-19T09:59:17.448+0000][83][gc,start       ] GC(198) Pause Young (Normal) (G1 Humongous Allocation)
[2022-05-19T09:59:17.449+0000][83][gc,task        ] GC(198) Using 10 workers of 10 for evacuation
[2022-05-19T09:59:17.449+0000][83][gc,age         ] GC(198) Desired survivor size 4194304 bytes, new threshold 1 (max threshold 15)
[2022-05-19T09:59:17.452+0000][83][gc,age         ] GC(198) Age table with threshold 1 (max threshold 15)
[2022-05-19T09:59:17.452+0000][83][gc,phases      ] GC(198)   Pre Evacuate Collection Set: 0.3ms
[2022-05-19T09:59:17.453+0000][83][gc,phases      ] GC(198)   Merge Heap Roots: 0.2ms
[2022-05-19T09:59:17.453+0000][83][gc,phases      ] GC(198)   Evacuate Collection Set: 1.7ms
[2022-05-19T09:59:17.453+0000][83][gc,phases      ] GC(198)   Post Evacuate Collection Set: 0.7ms
[2022-05-19T09:59:17.453+0000][83][gc,phases      ] GC(198)   Other: 1.6ms
[2022-05-19T09:59:17.454+0000][83][gc,heap        ] GC(198) Eden regions: 0->0(6)
[2022-05-19T09:59:17.454+0000][83][gc,heap        ] GC(198) Survivor regions: 3->0(2)
[2022-05-19T09:59:17.454+0000][83][gc,heap        ] GC(198) Old regions: 59->62
[2022-05-19T09:59:17.454+0000][83][gc,heap        ] GC(198) Archive regions: 2->2
[2022-05-19T09:59:17.454+0000][83][gc,heap        ] GC(198) Humongous regions: 35->35
[2022-05-19T09:59:17.455+0000][83][gc,metaspace   ] GC(198) Metaspace: 101001K(102464K)->101001K(102464K) NonClass: 86987K(87872K)->86987K(87872K) Class: 14014K(14592K)->14014K(14592K)
[2022-05-19T09:59:17.455+0000][83][gc             ] GC(198) Pause Young (Normal) (G1 Humongous Allocation) 384M->384M(512M) 6.995ms
[2022-05-19T09:59:17.455+0000][83][gc,cpu         ] GC(198) User=0.02s Sys=0.00s Real=0.01s
[2022-05-19T09:59:17.456+0000][83][gc,ergo        ] Attempting full compaction
[2022-05-19T09:59:17.456+0000][83][gc,task        ] GC(199) Using 10 workers of 10 for full compaction
[2022-05-19T09:59:17.456+0000][83][gc,start       ] GC(199) Pause Full (G1 Compaction Pause)
[2022-05-19T09:59:17.457+0000][83][gc,phases,start] GC(199) Phase 1: Mark live objects
[2022-05-19T09:59:17.480+0000][83][gc,phases      ] GC(199) Phase 1: Mark live objects 23.442ms
[2022-05-19T09:59:17.480+0000][83][gc,phases,start] GC(199) Phase 2: Prepare for compaction
[2022-05-19T09:59:17.483+0000][83][gc,phases      ] GC(199) Phase 2: Prepare for compaction 2.878ms
[2022-05-19T09:59:17.483+0000][83][gc,phases,start] GC(199) Phase 3: Adjust pointers
[2022-05-19T09:59:17.494+0000][83][gc,phases      ] GC(199) Phase 3: Adjust pointers 10.116ms
[2022-05-19T09:59:17.494+0000][83][gc,phases,start] GC(199) Phase 4: Compact heap
[2022-05-19T09:59:17.501+0000][83][gc,phases      ] GC(199) Phase 4: Compact heap 7.385ms
[2022-05-19T09:59:17.507+0000][83][gc,heap        ] GC(199) Eden regions: 0->0(7)
[2022-05-19T09:59:17.508+0000][83][gc,heap        ] GC(199) Survivor regions: 0->0(2)
[2022-05-19T09:59:17.508+0000][83][gc,heap        ] GC(199) Old regions: 62->50
[2022-05-19T09:59:17.508+0000][83][gc,heap        ] GC(199) Archive regions: 2->2
[2022-05-19T09:59:17.508+0000][83][gc,heap        ] GC(199) Humongous regions: 35->35
[2022-05-19T09:59:17.508+0000][83][gc,metaspace   ] GC(199) Metaspace: 101001K(102464K)->101001K(102464K) NonClass: 86987K(87872K)->86987K(87872K) Class: 14014K(14592K)->14014K(14592K)
[2022-05-19T09:59:17.509+0000][83][gc             ] GC(199) Pause Full (G1 Compaction Pause) 384M->325M(512M) 52.413ms
[2022-05-19T09:59:17.509+0000][83][gc,cpu         ] GC(199) User=0.36s Sys=0.02s Real=0.05s
[2022-05-19T09:59:17.509+0000][83][safepoint      ] Safepoint "G1CollectForAllocation", Time since last: 2039200 ns, Reaching safepoint: 239100 ns, At safepoint: 61231300 ns, Total: 61470400 ns
[2022-05-19T09:59:17.509+0000][83][gc,marking     ] GC(197) Concurrent Mark From Roots 60.722ms
[2022-05-19T09:59:17.510+0000][83][gc,marking     ] GC(197) Concurrent Mark Abort
[2022-05-19T09:59:17.510+0000][83][gc             ] GC(197) Concurrent Mark Cycle 64.114ms
[2022-05-19T09:59:17.555+0000][83][gc,start       ] GC(200) Pause Young (Concurrent Start) (G1 Humongous Allocation)
[2022-05-19T09:59:17.556+0000][83][gc,task        ] GC(200) Using 10 workers of 10 for evacuation
[2022-05-19T09:59:17.556+0000][83][gc,age         ] GC(200) Desired survivor size 2097152 bytes, new threshold 15 (max threshold 15)
[2022-05-19T09:59:17.558+0000][83][gc,age         ] GC(200) Age table with threshold 15 (max threshold 15)
[2022-05-19T09:59:17.558+0000][83][gc,age         ] GC(200) - age   1:        512 bytes,        512 total
[2022-05-19T09:59:17.558+0000][83][gc,phases      ] GC(200)   Pre Evacuate Collection Set: 0.2ms
[2022-05-19T09:59:17.558+0000][83][gc,phases      ] GC(200)   Merge Heap Roots: 0.2ms
[2022-05-19T09:59:17.558+0000][83][gc,phases      ] GC(200)   Evacuate Collection Set: 0.9ms
[2022-05-19T09:59:17.558+0000][83][gc,phases      ] GC(200)   Post Evacuate Collection Set: 0.5ms
[2022-05-19T09:59:17.558+0000][83][gc,phases      ] GC(200)   Other: 0.8ms
[2022-05-19T09:59:17.559+0000][83][gc,heap        ] GC(200) Eden regions: 1->0(5)
[2022-05-19T09:59:17.559+0000][83][gc,heap        ] GC(200) Survivor regions: 0->1(1)
[2022-05-19T09:59:17.559+0000][83][gc,heap        ] GC(200) Old regions: 50->50
[2022-05-19T09:59:17.559+0000][83][gc,heap        ] GC(200) Archive regions: 2->2
[2022-05-19T09:59:17.559+0000][83][gc,heap        ] GC(200) Humongous regions: 52->52
[2022-05-19T09:59:17.559+0000][83][gc,metaspace   ] GC(200) Metaspace: 101001K(102464K)->101001K(102464K) NonClass: 86987K(87872K)->86987K(87872K) Class: 14014K(14592K)->14014K(14592K)
[2022-05-19T09:59:17.559+0000][83][gc             ] GC(200) Pause Young (Concurrent Start) (G1 Humongous Allocation) 393M->393M(512M) 3.926ms
[2022-05-19T09:59:17.559+0000][83][gc,cpu         ] GC(200) User=0.01s Sys=0.00s Real=0.01s
[2022-05-19T09:59:17.560+0000][83][safepoint      ] Safepoint "G1TryInitiateConcMark", Time since last: 45906100 ns, Reaching safepoint: 191700 ns, At safepoint: 4235600 ns, Total: 4427300 ns
[2022-05-19T09:59:17.560+0000][83][gc             ] GC(201) Concurrent Mark Cycle
[2022-05-19T09:59:17.560+0000][83][gc,marking     ] GC(201) Concurrent Clear Claimed Marks
[2022-05-19T09:59:17.560+0000][83][gc,marking     ] GC(201) Concurrent Clear Claimed Marks 0.186ms
[2022-05-19T09:59:17.560+0000][83][gc,marking     ] GC(201) Concurrent Scan Root Regions
[2022-05-19T09:59:17.561+0000][83][gc,marking     ] GC(201) Concurrent Scan Root Regions 0.858ms
[2022-05-19T09:59:17.561+0000][83][gc,marking     ] GC(201) Concurrent Mark
[2022-05-19T09:59:17.561+0000][83][gc,marking     ] GC(201) Concurrent Mark From Roots
[2022-05-19T09:59:17.561+0000][83][gc,task        ] GC(201) Using 3 workers of 3 for marking
[2022-05-19T09:59:17.561+0000][83][gc,start       ] GC(202) Pause Young (Normal) (G1 Humongous Allocation)
[2022-05-19T09:59:17.562+0000][83][gc,task        ] GC(202) Using 10 workers of 10 for evacuation
[2022-05-19T09:59:17.562+0000][83][gc,age         ] GC(202) Desired survivor size 2097152 bytes, new threshold 15 (max threshold 15)
[2022-05-19T09:59:17.563+0000][83][gc,age         ] GC(202) Age table with threshold 15 (max threshold 15)
[2022-05-19T09:59:17.563+0000][83][gc,age         ] GC(202) - age   2:        512 bytes,        512 total
[2022-05-19T09:59:17.563+0000][83][gc,phases      ] GC(202)   Pre Evacuate Collection Set: 1.2ms
[2022-05-19T09:59:17.563+0000][83][gc,phases      ] GC(202)   Merge Heap Roots: 0.1ms
[2022-05-19T09:59:17.563+0000][83][gc,phases      ] GC(202)   Evacuate Collection Set: 0.3ms
[2022-05-19T09:59:17.564+0000][83][gc,phases      ] GC(202)   Post Evacuate Collection Set: 0.5ms
[2022-05-19T09:59:17.564+0000][83][gc,phases      ] GC(202)   Other: 1.1ms
[2022-05-19T09:59:17.564+0000][83][gc,heap        ] GC(202) Eden regions: 0->0(5)
[2022-05-19T09:59:17.564+0000][83][gc,heap        ] GC(202) Survivor regions: 1->1(1)
[2022-05-19T09:59:17.564+0000][83][gc,heap        ] GC(202) Old regions: 50->50
[2022-05-19T09:59:17.564+0000][83][gc,heap        ] GC(202) Archive regions: 2->2
[2022-05-19T09:59:17.564+0000][83][gc,heap        ] GC(202) Humongous regions: 52->52
[2022-05-19T09:59:17.564+0000][83][gc,metaspace   ] GC(202) Metaspace: 101001K(102464K)->101001K(102464K) NonClass: 86987K(87872K)->86987K(87872K) Class: 14014K(14592K)->14014K(14592K)
[2022-05-19T09:59:17.564+0000][83][gc             ] GC(202) Pause Young (Normal) (G1 Humongous Allocation) 393M->393M(512M) 3.440ms
[2022-05-19T09:59:17.565+0000][83][gc,cpu         ] GC(202) User=0.01s Sys=0.00s Real=0.00s
[2022-05-19T09:59:17.565+0000][83][gc,ergo        ] Attempting full compaction
[2022-05-19T09:59:17.565+0000][83][gc,task        ] GC(203) Using 10 workers of 10 for full compaction
[2022-05-19T09:59:17.565+0000][83][gc,start       ] GC(203) Pause Full (G1 Compaction Pause)
[2022-05-19T09:59:17.566+0000][83][gc,phases,start] GC(203) Phase 1: Mark live objects
[2022-05-19T09:59:17.586+0000][83][gc,phases      ] GC(203) Phase 1: Mark live objects 20.222ms
[2022-05-19T09:59:17.586+0000][83][gc,phases,start] GC(203) Phase 2: Prepare for compaction
[2022-05-19T09:59:17.588+0000][83][gc,phases      ] GC(203) Phase 2: Prepare for compaction 1.679ms
[2022-05-19T09:59:17.588+0000][83][gc,phases,start] GC(203) Phase 3: Adjust pointers
[2022-05-19T09:59:17.595+0000][83][gc,phases      ] GC(203) Phase 3: Adjust pointers 7.271ms
[2022-05-19T09:59:17.595+0000][83][gc,phases,start] GC(203) Phase 4: Compact heap
[2022-05-19T09:59:17.597+0000][83][gc,phases      ] GC(203) Phase 4: Compact heap 1.429ms
[2022-05-19T09:59:17.601+0000][83][gc,heap        ] GC(203) Eden regions: 0->0(6)
[2022-05-19T09:59:17.601+0000][83][gc,heap        ] GC(203) Survivor regions: 1->0(1)
[2022-05-19T09:59:17.601+0000][83][gc,heap        ] GC(203) Old regions: 50->49
[2022-05-19T09:59:17.602+0000][83][gc,heap        ] GC(203) Archive regions: 2->2
[2022-05-19T09:59:17.602+0000][83][gc,heap        ] GC(203) Humongous regions: 52->43
[2022-05-19T09:59:17.602+0000][83][gc,metaspace   ] GC(203) Metaspace: 101001K(102464K)->101001K(102464K) NonClass: 86987K(87872K)->86987K(87872K) Class: 14014K(14592K)->14014K(14592K)
[2022-05-19T09:59:17.602+0000][83][gc             ] GC(203) Pause Full (G1 Compaction Pause) 393M->357M(512M) 36.809ms
[2022-05-19T09:59:17.602+0000][83][gc,cpu         ] GC(203) User=0.21s Sys=0.03s Real=0.04s
[2022-05-19T09:59:17.602+0000][83][safepoint      ] Safepoint "G1CollectForAllocation", Time since last: 196400 ns, Reaching safepoint: 156400 ns, At safepoint: 42457600 ns, Total: 42614000 ns
[2022-05-19T09:59:17.602+0000][83][gc,marking     ] GC(201) Concurrent Mark From Roots 41.191ms
[2022-05-19T09:59:17.603+0000][83][gc,marking     ] GC(201) Concurrent Mark Abort
[2022-05-19T09:59:17.603+0000][83][gc             ] GC(201) Concurrent Mark Cycle 43.229ms
[2022-05-19T09:59:17.604+0000][83][gc,start       ] GC(204) Pause Young (Concurrent Start) (G1 Humongous Allocation)
[2022-05-19T09:59:17.604+0000][83][gc,task        ] GC(204) Using 10 workers of 10 for evacuation
[2022-05-19T09:59:17.604+0000][83][gc,age         ] GC(204) Desired survivor size 2097152 bytes, new threshold 15 (max threshold 15)
[2022-05-19T09:59:17.606+0000][83][gc,age         ] GC(204) Age table with threshold 15 (max threshold 15)
[2022-05-19T09:59:17.606+0000][83][gc,age         ] GC(204) - age   1:         24 bytes,         24 total
[2022-05-19T09:59:17.607+0000][83][gc,phases      ] GC(204)   Pre Evacuate Collection Set: 0.2ms
[2022-05-19T09:59:17.607+0000][83][gc,phases      ] GC(204)   Merge Heap Roots: 0.2ms
[2022-05-19T09:59:17.607+0000][83][gc,phases      ] GC(204)   Evacuate Collection Set: 0.9ms
[2022-05-19T09:59:17.607+0000][83][gc,phases      ] GC(204)   Post Evacuate Collection Set: 0.5ms
[2022-05-19T09:59:17.607+0000][83][gc,phases      ] GC(204)   Other: 0.7ms
[2022-05-19T09:59:17.607+0000][83][gc,heap        ] GC(204) Eden regions: 1->0(6)
[2022-05-19T09:59:17.607+0000][83][gc,heap        ] GC(204) Survivor regions: 0->1(1)
[2022-05-19T09:59:17.607+0000][83][gc,heap        ] GC(204) Old regions: 49->49
[2022-05-19T09:59:17.607+0000][83][gc,heap        ] GC(204) Archive regions: 2->2
[2022-05-19T09:59:17.608+0000][83][gc,heap        ] GC(204) Humongous regions: 52->43
[2022-05-19T09:59:17.608+0000][83][gc,metaspace   ] GC(204) Metaspace: 101001K(102464K)->101001K(102464K) NonClass: 86987K(87872K)->86987K(87872K) Class: 14014K(14592K)->14014K(14592K)
[2022-05-19T09:59:17.608+0000][83][gc             ] GC(204) Pause Young (Concurrent Start) (G1 Humongous Allocation) 394M->357M(512M) 3.715ms
[2022-05-19T09:59:17.608+0000][83][gc,cpu         ] GC(204) User=0.01s Sys=0.00s Real=0.00s
[2022-05-19T09:59:17.608+0000][83][safepoint      ] Safepoint "G1TryInitiateConcMark", Time since last: 1476000 ns, Reaching safepoint: 198800 ns, At safepoint: 4003000 ns, Total: 4201800 ns
[2022-05-19T09:59:17.608+0000][83][gc             ] GC(205) Concurrent Mark Cycle
[2022-05-19T09:59:17.608+0000][83][gc,marking     ] GC(205) Concurrent Clear Claimed Marks
[2022-05-19T09:59:17.608+0000][83][gc,marking     ] GC(205) Concurrent Clear Claimed Marks 0.159ms
[2022-05-19T09:59:17.609+0000][83][gc,marking     ] GC(205) Concurrent Scan Root Regions
[2022-05-19T09:59:17.609+0000][83][gc,marking     ] GC(205) Concurrent Scan Root Regions 0.223ms
[2022-05-19T09:59:17.609+0000][83][gc,marking     ] GC(205) Concurrent Mark
[2022-05-19T09:59:17.609+0000][83][gc,start       ] GC(206) Pause Young (Normal) (G1 Humongous Allocation)
[2022-05-19T09:59:17.609+0000][83][gc,task        ] GC(206) Using 10 workers of 10 for evacuation
[2022-05-19T09:59:17.609+0000][83][gc,marking     ] GC(205) Concurrent Mark From Roots
[2022-05-19T09:59:17.609+0000][83][gc,task        ] GC(205) Using 3 workers of 3 for marking
[2022-05-19T09:59:17.609+0000][83][gc,age         ] GC(206) Desired survivor size 2097152 bytes, new threshold 15 (max threshold 15)
[2022-05-19T09:59:17.611+0000][83][gc,age         ] GC(206) Age table with threshold 15 (max threshold 15)
[2022-05-19T09:59:17.611+0000][83][gc,age         ] GC(206) - age   2:         24 bytes,         24 total
[2022-05-19T09:59:17.611+0000][83][gc,phases      ] GC(206)   Pre Evacuate Collection Set: 0.6ms
[2022-05-19T09:59:17.611+0000][83][gc,phases      ] GC(206)   Merge Heap Roots: 0.1ms
[2022-05-19T09:59:17.611+0000][83][gc,phases      ] GC(206)   Evacuate Collection Set: 0.4ms
[2022-05-19T09:59:17.611+0000][83][gc,phases      ] GC(206)   Post Evacuate Collection Set: 0.5ms
[2022-05-19T09:59:17.611+0000][83][gc,phases      ] GC(206)   Other: 1.1ms
[2022-05-19T09:59:17.612+0000][83][gc,heap        ] GC(206) Eden regions: 0->0(5)
[2022-05-19T09:59:17.612+0000][83][gc,heap        ] GC(206) Survivor regions: 1->1(1)
[2022-05-19T09:59:17.612+0000][83][gc,heap        ] GC(206) Old regions: 49->49
[2022-05-19T09:59:17.612+0000][83][gc,heap        ] GC(206) Archive regions: 2->2
[2022-05-19T09:59:17.612+0000][83][gc,heap        ] GC(206) Humongous regions: 43->43
[2022-05-19T09:59:17.612+0000][83][gc,metaspace   ] GC(206) Metaspace: 101001K(102464K)->101001K(102464K) NonClass: 86987K(87872K)->86987K(87872K) Class: 14014K(14592K)->14014K(14592K)
[2022-05-19T09:59:17.612+0000][83][gc             ] GC(206) Pause Young (Normal) (G1 Humongous Allocation) 357M->357M(512M) 3.458ms
[2022-05-19T09:59:17.612+0000][83][gc,cpu         ] GC(206) User=0.00s Sys=0.00s Real=0.01s
[2022-05-19T09:59:17.612+0000][83][gc,ergo        ] Attempting full compaction
[2022-05-19T09:59:17.613+0000][83][gc,task        ] GC(207) Using 10 workers of 10 for full compaction
[2022-05-19T09:59:17.613+0000][83][gc,start       ] GC(207) Pause Full (G1 Compaction Pause)
[2022-05-19T09:59:17.613+0000][83][gc,phases,start] GC(207) Phase 1: Mark live objects
[2022-05-19T09:59:17.633+0000][83][gc,phases      ] GC(207) Phase 1: Mark live objects 19.449ms
[2022-05-19T09:59:17.633+0000][83][gc,phases,start] GC(207) Phase 2: Prepare for compaction
[2022-05-19T09:59:17.634+0000][83][gc,phases      ] GC(207) Phase 2: Prepare for compaction 1.488ms
[2022-05-19T09:59:17.634+0000][83][gc,phases,start] GC(207) Phase 3: Adjust pointers
[2022-05-19T09:59:17.642+0000][83][gc,phases      ] GC(207) Phase 3: Adjust pointers 7.277ms
[2022-05-19T09:59:17.642+0000][83][gc,phases,start] GC(207) Phase 4: Compact heap
[2022-05-19T09:59:17.643+0000][83][gc,phases      ] GC(207) Phase 4: Compact heap 1.160ms
[2022-05-19T09:59:17.647+0000][83][gc,heap        ] GC(207) Eden regions: 0->0(6)
[2022-05-19T09:59:17.647+0000][83][gc,heap        ] GC(207) Survivor regions: 1->0(1)
[2022-05-19T09:59:17.648+0000][83][gc,heap        ] GC(207) Old regions: 49->49
[2022-05-19T09:59:17.648+0000][83][gc,heap        ] GC(207) Archive regions: 2->2
[2022-05-19T09:59:17.648+0000][83][gc,heap        ] GC(207) Humongous regions: 43->43
[2022-05-19T09:59:17.648+0000][83][gc,metaspace   ] GC(207) Metaspace: 101001K(102464K)->101001K(102464K) NonClass: 86987K(87872K)->86987K(87872K) Class: 14014K(14592K)->14014K(14592K)
[2022-05-19T09:59:17.648+0000][83][gc             ] GC(207) Pause Full (G1 Compaction Pause) 357M->357M(512M) 35.330ms
[2022-05-19T09:59:17.648+0000][83][gc,cpu         ] GC(207) User=0.23s Sys=0.01s Real=0.03s
[2022-05-19T09:59:17.648+0000][83][gc,ergo        ] Attempting maximum full compaction clearing soft references
[2022-05-19T09:59:17.649+0000][83][gc,task        ] GC(208) Using 10 workers of 10 for full compaction
[2022-05-19T09:59:17.649+0000][83][gc,start       ] GC(208) Pause Full (G1 Compaction Pause)
[2022-05-19T09:59:17.649+0000][83][gc,phases,start] GC(208) Phase 1: Mark live objects
[2022-05-19T09:59:17.669+0000][83][gc,phases      ] GC(208) Phase 1: Mark live objects 19.879ms
[2022-05-19T09:59:17.669+0000][83][gc,phases,start] GC(208) Phase 2: Prepare for compaction
[2022-05-19T09:59:17.673+0000][83][gc,phases      ] GC(208) Phase 2: Prepare for compaction 4.459ms
[2022-05-19T09:59:17.674+0000][83][gc,phases,start] GC(208) Phase 3: Adjust pointers
[2022-05-19T09:59:17.682+0000][83][gc,phases      ] GC(208) Phase 3: Adjust pointers 8.615ms
[2022-05-19T09:59:17.682+0000][83][gc,phases,start] GC(208) Phase 4: Compact heap
[2022-05-19T09:59:17.695+0000][83][gc,phases      ] GC(208) Phase 4: Compact heap 12.971ms
[2022-05-19T09:59:17.700+0000][83][gc,heap        ] GC(208) Eden regions: 0->0(6)
[2022-05-19T09:59:17.700+0000][83][gc,heap        ] GC(208) Survivor regions: 0->0(1)
[2022-05-19T09:59:17.700+0000][83][gc,heap        ] GC(208) Old regions: 49->47
[2022-05-19T09:59:17.700+0000][83][gc,heap        ] GC(208) Archive regions: 2->2
[2022-05-19T09:59:17.700+0000][83][gc,heap        ] GC(208) Humongous regions: 43->43
[2022-05-19T09:59:17.701+0000][83][gc,metaspace   ] GC(208) Metaspace: 101001K(102464K)->101001K(102464K) NonClass: 86987K(87872K)->86987K(87872K) Class: 14014K(14592K)->14014K(14592K)
[2022-05-19T09:59:17.701+0000][83][gc             ] GC(208) Pause Full (G1 Compaction Pause) 357M->355M(512M) 51.987ms
[2022-05-19T09:59:17.701+0000][83][gc,cpu         ] GC(208) User=0.30s Sys=0.07s Real=0.06s
[2022-05-19T09:59:17.701+0000][83][safepoint      ] Safepoint "G1CollectForAllocation", Time since last: 193100 ns, Reaching safepoint: 155100 ns, At safepoint: 92666800 ns, Total: 92821900 ns
[2022-05-19T09:59:17.701+0000][83][gc,marking     ] GC(205) Concurrent Mark From Roots 92.064ms
[2022-05-19T09:59:17.701+0000][83][gc,marking     ] GC(205) Concurrent Mark Abort
[2022-05-19T09:59:17.701+0000][83][gc             ] GC(205) Concurrent Mark Cycle 93.411ms
[2022-05-19T09:59:17.713+0000][83][gc,start       ] GC(209) Pause Young (Normal) (G1 Evacuation Pause)
[2022-05-19T09:59:17.713+0000][83][gc,task        ] GC(209) Using 10 workers of 10 for evacuation
[2022-05-19T09:59:17.713+0000][83][gc,age         ] GC(209) Desired survivor size 2097152 bytes, new threshold 15 (max threshold 15)
[2022-05-19T09:59:17.716+0000][83][gc,age         ] GC(209) Age table with threshold 15 (max threshold 15)
[2022-05-19T09:59:17.716+0000][83][gc,age         ] GC(209) - age   1:    4069480 bytes,    4069480 total
[2022-05-19T09:59:17.716+0000][83][gc,phases      ] GC(209)   Pre Evacuate Collection Set: 0.2ms
[2022-05-19T09:59:17.716+0000][83][gc,phases      ] GC(209)   Merge Heap Roots: 0.1ms
[2022-05-19T09:59:17.716+0000][83][gc,phases      ] GC(209)   Evacuate Collection Set: 1.6ms
[2022-05-19T09:59:17.716+0000][83][gc,phases      ] GC(209)   Post Evacuate Collection Set: 0.5ms
[2022-05-19T09:59:17.716+0000][83][gc,phases      ] GC(209)   Other: 0.7ms
[2022-05-19T09:59:17.716+0000][83][gc,heap        ] GC(209) Eden regions: 6->0(5)
[2022-05-19T09:59:17.716+0000][83][gc,heap        ] GC(209) Survivor regions: 0->1(1)
[2022-05-19T09:59:17.717+0000][83][gc,heap        ] GC(209) Old regions: 47->50
[2022-05-19T09:59:17.717+0000][83][gc,heap        ] GC(209) Archive regions: 2->2
[2022-05-19T09:59:17.717+0000][83][gc,heap        ] GC(209) Humongous regions: 60->60
[2022-05-19T09:59:17.717+0000][83][gc,metaspace   ] GC(209) Metaspace: 101001K(102464K)->101001K(102464K) NonClass: 86987K(87872K)->86987K(87872K) Class: 14014K(14592K)->14014K(14592K)
[2022-05-19T09:59:17.717+0000][83][gc             ] GC(209) Pause Young (Normal) (G1 Evacuation Pause) 446M->435M(512M) 4.324ms
[2022-05-19T09:59:17.717+0000][83][gc,cpu         ] GC(209) User=0.02s Sys=0.00s Real=0.00s
[2022-05-19T09:59:17.717+0000][83][safepoint      ] Safepoint "G1CollectForAllocation", Time since last: 11442200 ns, Reaching safepoint: 190600 ns, At safepoint: 4598300 ns, Total: 4788900 ns
[2022-05-19T09:59:17.720+0000][83][gc,start       ] GC(210) Pause Young (Concurrent Start) (G1 Evacuation Pause)
[2022-05-19T09:59:17.720+0000][83][gc,task        ] GC(210) Using 10 workers of 10 for evacuation
[2022-05-19T09:59:17.720+0000][83][gc,age         ] GC(210) Desired survivor size 2097152 bytes, new threshold 1 (max threshold 15)
[2022-05-19T09:59:17.724+0000][83][gc,age         ] GC(210) Age table with threshold 1 (max threshold 15)
[2022-05-19T09:59:17.724+0000][83][gc,age         ] GC(210) - age   1:    3936600 bytes,    3936600 total
[2022-05-19T09:59:17.724+0000][83][gc,phases      ] GC(210)   Pre Evacuate Collection Set: 0.3ms
[2022-05-19T09:59:17.724+0000][83][gc,phases      ] GC(210)   Merge Heap Roots: 0.2ms
[2022-05-19T09:59:17.725+0000][83][gc,phases      ] GC(210)   Evacuate Collection Set: 2.7ms
[2022-05-19T09:59:17.725+0000][83][gc,phases      ] GC(210)   Post Evacuate Collection Set: 0.5ms
[2022-05-19T09:59:17.725+0000][83][gc,phases      ] GC(210)   Other: 0.8ms
[2022-05-19T09:59:17.725+0000][83][gc,heap        ] GC(210) Eden regions: 5->0(5)
[2022-05-19T09:59:17.725+0000][83][gc,heap        ] GC(210) Survivor regions: 1->1(1)
[2022-05-19T09:59:17.725+0000][83][gc,heap        ] GC(210) Old regions: 50->54
[2022-05-19T09:59:17.725+0000][83][gc,heap        ] GC(210) Archive regions: 2->2
[2022-05-19T09:59:17.725+0000][83][gc,heap        ] GC(210) Humongous regions: 60->60
[2022-05-19T09:59:17.725+0000][83][gc,metaspace   ] GC(210) Metaspace: 101001K(102464K)->101001K(102464K) NonClass: 86987K(87872K)->86987K(87872K) Class: 14014K(14592K)->14014K(14592K)
[2022-05-19T09:59:17.726+0000][83][gc             ] GC(210) Pause Young (Concurrent Start) (G1 Evacuation Pause) 455M->452M(512M) 5.620ms
[2022-05-19T09:59:17.726+0000][83][gc,cpu         ] GC(210) User=0.02s Sys=0.00s Real=0.00s
[2022-05-19T09:59:17.726+0000][83][gc             ] GC(211) Concurrent Mark Cycle
[2022-05-19T09:59:17.726+0000][83][safepoint      ] Safepoint "G1CollectForAllocation", Time since last: 2480200 ns, Reaching safepoint: 182100 ns, At safepoint: 5913600 ns, Total: 6095700 ns
[2022-05-19T09:59:17.726+0000][83][gc,marking     ] GC(211) Concurrent Clear Claimed Marks
[2022-05-19T09:59:17.726+0000][83][gc,marking     ] GC(211) Concurrent Clear Claimed Marks 0.303ms
[2022-05-19T09:59:17.726+0000][83][gc,marking     ] GC(211) Concurrent Scan Root Regions
[2022-05-19T09:59:17.727+0000][83][gc,marking     ] GC(211) Concurrent Scan Root Regions 0.910ms
[2022-05-19T09:59:17.728+0000][83][gc,marking     ] GC(211) Concurrent Mark
[2022-05-19T09:59:17.728+0000][83][gc,marking     ] GC(211) Concurrent Mark From Roots
[2022-05-19T09:59:17.728+0000][83][gc,task        ] GC(211) Using 3 workers of 3 for marking
[2022-05-19T09:59:17.729+0000][83][gc,start       ] GC(212) Pause Young (Normal) (G1 Preventive Collection)
[2022-05-19T09:59:17.729+0000][83][gc,task        ] GC(212) Using 10 workers of 10 for evacuation
[2022-05-19T09:59:17.729+0000][83][gc,age         ] GC(212) Desired survivor size 2097152 bytes, new threshold 1 (max threshold 15)
[2022-05-19T09:59:17.732+0000][83][gc,age         ] GC(212) Age table with threshold 1 (max threshold 15)
[2022-05-19T09:59:17.732+0000][83][gc,age         ] GC(212) - age   1:    3934512 bytes,    3934512 total
[2022-05-19T09:59:17.732+0000][83][gc,phases      ] GC(212)   Pre Evacuate Collection Set: 0.2ms
[2022-05-19T09:59:17.732+0000][83][gc,phases      ] GC(212)   Merge Heap Roots: 0.1ms
[2022-05-19T09:59:17.733+0000][83][gc,phases      ] GC(212)   Evacuate Collection Set: 2.1ms
[2022-05-19T09:59:17.733+0000][83][gc,phases      ] GC(212)   Post Evacuate Collection Set: 0.5ms
[2022-05-19T09:59:17.733+0000][83][gc,phases      ] GC(212)   Other: 0.8ms
[2022-05-19T09:59:17.733+0000][83][gc,heap        ] GC(212) Eden regions: 5->0(5)
[2022-05-19T09:59:17.733+0000][83][gc,heap        ] GC(212) Survivor regions: 1->1(1)
[2022-05-19T09:59:17.733+0000][83][gc,heap        ] GC(212) Old regions: 54->58
[2022-05-19T09:59:17.733+0000][83][gc,heap        ] GC(212) Archive regions: 2->2
[2022-05-19T09:59:17.733+0000][83][gc,heap        ] GC(212) Humongous regions: 60->60
[2022-05-19T09:59:17.734+0000][83][gc,metaspace   ] GC(212) Metaspace: 101001K(102464K)->101001K(102464K) NonClass: 86987K(87872K)->86987K(87872K) Class: 14014K(14592K)->14014K(14592K)
[2022-05-19T09:59:17.734+0000][83][gc             ] GC(212) Pause Young (Normal) (G1 Preventive Collection) 471M->468M(512M) 5.003ms
[2022-05-19T09:59:17.734+0000][83][gc,cpu         ] GC(212) User=0.02s Sys=0.00s Real=0.01s
[2022-05-19T09:59:17.734+0000][83][safepoint      ] Safepoint "G1CollectForAllocation", Time since last: 2491500 ns, Reaching safepoint: 272100 ns, At safepoint: 5331700 ns, Total: 5603800 ns
[2022-05-19T09:59:17.736+0000][83][gc,start       ] GC(213) Pause Young (Normal) (G1 Preventive Collection)
[2022-05-19T09:59:17.736+0000][83][gc,task        ] GC(213) Using 10 workers of 10 for evacuation
[2022-05-19T09:59:17.736+0000][83][gc,age         ] GC(213) Desired survivor size 2097152 bytes, new threshold 1 (max threshold 15)
[2022-05-19T09:59:17.739+0000][83][gc,age         ] GC(213) Age table with threshold 1 (max threshold 15)
[2022-05-19T09:59:17.739+0000][83][gc,age         ] GC(213) - age   1:    3671080 bytes,    3671080 total
[2022-05-19T09:59:17.739+0000][83][gc,phases      ] GC(213)   Pre Evacuate Collection Set: 0.2ms
[2022-05-19T09:59:17.739+0000][83][gc,phases      ] GC(213)   Merge Heap Roots: 0.1ms
[2022-05-19T09:59:17.739+0000][83][gc,phases      ] GC(213)   Evacuate Collection Set: 1.7ms
[2022-05-19T09:59:17.739+0000][83][gc,phases      ] GC(213)   Post Evacuate Collection Set: 0.5ms
[2022-05-19T09:59:17.739+0000][83][gc,phases      ] GC(213)   Other: 0.8ms
[2022-05-19T09:59:17.740+0000][83][gc,heap        ] GC(213) Eden regions: 3->0(5)
[2022-05-19T09:59:17.740+0000][83][gc,heap        ] GC(213) Survivor regions: 1->1(1)
[2022-05-19T09:59:17.740+0000][83][gc,heap        ] GC(213) Old regions: 58->61
[2022-05-19T09:59:17.740+0000][83][gc,heap        ] GC(213) Archive regions: 2->2
[2022-05-19T09:59:17.740+0000][83][gc,heap        ] GC(213) Humongous regions: 60->60
[2022-05-19T09:59:17.740+0000][83][gc,metaspace   ] GC(213) Metaspace: 101001K(102464K)->101001K(102464K) NonClass: 86987K(87872K)->86987K(87872K) Class: 14014K(14592K)->14014K(14592K)
[2022-05-19T09:59:17.740+0000][83][gc             ] GC(213) Pause Young (Normal) (G1 Preventive Collection) 479M->479M(512M) 4.590ms
[2022-05-19T09:59:17.740+0000][83][gc,cpu         ] GC(213) User=0.01s Sys=0.00s Real=0.01s
[2022-05-19T09:59:17.741+0000][83][safepoint      ] Safepoint "G1CollectForAllocation", Time since last: 1501100 ns, Reaching safepoint: 256700 ns, At safepoint: 4944400 ns, Total: 5201100 ns
[2022-05-19T09:59:17.741+0000][83][gc,start       ] GC(214) Pause Young (Normal) (G1 Preventive Collection)
[2022-05-19T09:59:17.742+0000][83][gc,task        ] GC(214) Using 10 workers of 10 for evacuation
[2022-05-19T09:59:17.742+0000][83][gc,age         ] GC(214) Desired survivor size 2097152 bytes, new threshold 1 (max threshold 15)
[2022-05-19T09:59:17.744+0000][83][gc,age         ] GC(214) Age table with threshold 1 (max threshold 15)
[2022-05-19T09:59:17.744+0000][83][gc,age         ] GC(214) - age   1:    3670520 bytes,    3670520 total
[2022-05-19T09:59:17.744+0000][83][gc,phases      ] GC(214)   Pre Evacuate Collection Set: 0.2ms
[2022-05-19T09:59:17.744+0000][83][gc,phases      ] GC(214)   Merge Heap Roots: 0.1ms
[2022-05-19T09:59:17.744+0000][83][gc,phases      ] GC(214)   Evacuate Collection Set: 0.9ms
[2022-05-19T09:59:17.744+0000][83][gc,phases      ] GC(214)   Post Evacuate Collection Set: 0.5ms
[2022-05-19T09:59:17.744+0000][83][gc,phases      ] GC(214)   Other: 0.7ms
[2022-05-19T09:59:17.744+0000][83][gc,heap        ] GC(214) Eden regions: 1->0(5)
[2022-05-19T09:59:17.745+0000][83][gc,heap        ] GC(214) Survivor regions: 1->1(1)
[2022-05-19T09:59:17.745+0000][83][gc,heap        ] GC(214) Old regions: 61->62
[2022-05-19T09:59:17.745+0000][83][gc,heap        ] GC(214) Archive regions: 2->2
[2022-05-19T09:59:17.745+0000][83][gc,heap        ] GC(214) Humongous regions: 60->60
[2022-05-19T09:59:17.745+0000][83][gc,metaspace   ] GC(214) Metaspace: 101001K(102464K)->101001K(102464K) NonClass: 86987K(87872K)->86987K(87872K) Class: 14014K(14592K)->14014K(14592K)
[2022-05-19T09:59:17.745+0000][83][gc             ] GC(214) Pause Young (Normal) (G1 Preventive Collection) 483M->483M(512M) 3.659ms
[2022-05-19T09:59:17.745+0000][83][gc,cpu         ] GC(214) User=0.01s Sys=0.00s Real=0.00s
[2022-05-19T09:59:17.745+0000][83][safepoint      ] Safepoint "G1CollectForAllocation", Time since last: 594100 ns, Reaching safepoint: 197400 ns, At safepoint: 3974400 ns, Total: 4171800 ns
[2022-05-19T09:59:17.746+0000][83][gc,start       ] GC(215) Pause Young (Normal) (G1 Preventive Collection)
[2022-05-19T09:59:17.746+0000][83][gc,task        ] GC(215) Using 10 workers of 10 for evacuation
[2022-05-19T09:59:17.746+0000][83][gc,age         ] GC(215) Desired survivor size 2097152 bytes, new threshold 1 (max threshold 15)
[2022-05-19T09:59:17.748+0000][83][gc,age         ] GC(215) Age table with threshold 1 (max threshold 15)
[2022-05-19T09:59:17.748+0000][83][gc,age         ] GC(215) - age   1:    3670520 bytes,    3670520 total
[2022-05-19T09:59:17.749+0000][83][gc,phases      ] GC(215)   Pre Evacuate Collection Set: 0.2ms
[2022-05-19T09:59:17.749+0000][83][gc,phases      ] GC(215)   Merge Heap Roots: 0.1ms
[2022-05-19T09:59:17.749+0000][83][gc,phases      ] GC(215)   Evacuate Collection Set: 0.9ms
[2022-05-19T09:59:17.749+0000][83][gc,phases      ] GC(215)   Post Evacuate Collection Set: 0.5ms
[2022-05-19T09:59:17.749+0000][83][gc,phases      ] GC(215)   Other: 0.7ms
[2022-05-19T09:59:17.749+0000][83][gc,heap        ] GC(215) Eden regions: 1->0(5)
[2022-05-19T09:59:17.749+0000][83][gc,heap        ] GC(215) Survivor regions: 1->1(1)
[2022-05-19T09:59:17.749+0000][83][gc,heap        ] GC(215) Old regions: 62->63
[2022-05-19T09:59:17.750+0000][83][gc,heap        ] GC(215) Archive regions: 2->2
[2022-05-19T09:59:17.750+0000][83][gc,heap        ] GC(215) Humongous regions: 60->60
[2022-05-19T09:59:17.750+0000][83][gc,metaspace   ] GC(215) Metaspace: 101001K(102464K)->101001K(102464K) NonClass: 86987K(87872K)->86987K(87872K) Class: 14014K(14592K)->14014K(14592K)
[2022-05-19T09:59:17.750+0000][83][gc             ] GC(215) Pause Young (Normal) (G1 Preventive Collection) 486M->487M(512M) 3.649ms
[2022-05-19T09:59:17.750+0000][83][gc,cpu         ] GC(215) User=0.01s Sys=0.00s Real=0.01s
[2022-05-19T09:59:17.750+0000][83][safepoint      ] Safepoint "G1CollectForAllocation", Time since last: 615600 ns, Reaching safepoint: 199000 ns, At safepoint: 3971400 ns, Total: 4170400 ns
[2022-05-19T09:59:17.787+0000][83][gc,start       ] GC(216) Pause Young (Normal) (G1 Preventive Collection)
[2022-05-19T09:59:17.787+0000][83][gc,task        ] GC(216) Using 10 workers of 10 for evacuation
[2022-05-19T09:59:17.788+0000][83][gc,age         ] GC(216) Desired survivor size 2097152 bytes, new threshold 1 (max threshold 15)
[2022-05-19T09:59:17.789+0000][83][gc,age         ] GC(216) Age table with threshold 1 (max threshold 15)
[2022-05-19T09:59:17.790+0000][83][gc,age         ] GC(216) - age   1:     593984 bytes,     593984 total
[2022-05-19T09:59:17.790+0000][83][gc             ] GC(216) To-space exhausted
[2022-05-19T09:59:17.790+0000][83][gc,phases      ] GC(216)   Pre Evacuate Collection Set: 0.2ms
[2022-05-19T09:59:17.790+0000][83][gc,phases      ] GC(216)   Merge Heap Roots: 0.1ms
[2022-05-19T09:59:17.790+0000][83][gc,phases      ] GC(216)   Evacuate Collection Set: 0.8ms
[2022-05-19T09:59:17.790+0000][83][gc,phases      ] GC(216)   Post Evacuate Collection Set: 0.6ms
[2022-05-19T09:59:17.790+0000][83][gc,phases      ] GC(216)   Other: 0.9ms
[2022-05-19T09:59:17.790+0000][83][gc,heap        ] GC(216) Eden regions: 1->0(5)
[2022-05-19T09:59:17.790+0000][83][gc,heap        ] GC(216) Survivor regions: 1->1(1)
[2022-05-19T09:59:17.791+0000][83][gc,heap        ] GC(216) Old regions: 63->64
[2022-05-19T09:59:17.791+0000][83][gc,heap        ] GC(216) Archive regions: 2->2
[2022-05-19T09:59:17.791+0000][83][gc,heap        ] GC(216) Humongous regions: 60->60
[2022-05-19T09:59:17.791+0000][83][gc,metaspace   ] GC(216) Metaspace: 101001K(102464K)->101001K(102464K) NonClass: 86987K(87872K)->86987K(87872K) Class: 14014K(14592K)->14014K(14592K)
[2022-05-19T09:59:17.791+0000][83][gc             ] GC(216) Pause Young (Normal) (G1 Preventive Collection) 491M->491M(512M) 3.843ms
[2022-05-19T09:59:17.791+0000][83][gc,cpu         ] GC(216) User=0.00s Sys=0.01s Real=0.01s
[2022-05-19T09:59:17.791+0000][83][safepoint      ] Safepoint "G1CollectForAllocation", Time since last: 36720800 ns, Reaching safepoint: 279500 ns, At safepoint: 4175300 ns, Total: 4454800 ns
[2022-05-19T09:59:17.797+0000][83][gc,marking     ] GC(211) Concurrent Mark From Roots 69.041ms
[2022-05-19T09:59:17.797+0000][83][gc,marking     ] GC(211) Concurrent Preclean
[2022-05-19T09:59:17.797+0000][83][gc,marking     ] GC(211) Concurrent Preclean 0.506ms
[2022-05-19T09:59:17.798+0000][83][gc,start       ] GC(211) Pause Remark
[2022-05-19T09:59:17.800+0000][83][gc             ] GC(211) Pause Remark 491M->408M(512M) 2.560ms
[2022-05-19T09:59:17.801+0000][83][gc,cpu         ] GC(211) User=0.01s Sys=0.00s Real=0.01s
[2022-05-19T09:59:17.801+0000][83][safepoint      ] Safepoint "G1Concurrent", Time since last: 6205100 ns, Reaching safepoint: 253700 ns, At safepoint: 2890100 ns, Total: 3143800 ns
[2022-05-19T09:59:17.801+0000][83][gc,marking     ] GC(211) Concurrent Mark 73.342ms
[2022-05-19T09:59:17.801+0000][83][gc,marking     ] GC(211) Concurrent Rebuild Remembered Sets
[2022-05-19T09:59:17.821+0000][83][gc,marking     ] GC(211) Concurrent Rebuild Remembered Sets 19.732ms
[2022-05-19T09:59:17.821+0000][83][gc,start       ] GC(211) Pause Cleanup
[2022-05-19T09:59:17.822+0000][83][gc             ] GC(211) Pause Cleanup 411M->411M(512M) 0.332ms
[2022-05-19T09:59:17.822+0000][83][gc,cpu         ] GC(211) User=0.00s Sys=0.00s Real=0.00s
[2022-05-19T09:59:17.822+0000][83][safepoint      ] Safepoint "G1Concurrent", Time since last: 20234600 ns, Reaching safepoint: 251600 ns, At safepoint: 621700 ns, Total: 873300 ns
[2022-05-19T09:59:17.822+0000][83][gc,marking     ] GC(211) Concurrent Cleanup for Next Mark
[2022-05-19T09:59:17.822+0000][83][gc,marking     ] GC(211) Concurrent Cleanup for Next Mark 0.303ms
[2022-05-19T09:59:17.822+0000][83][gc             ] GC(211) Concurrent Mark Cycle 96.586ms
[2022-05-19T09:59:17.952+0000][83][gc,start       ] GC(217) Pause Young (Prepare Mixed) (G1 Evacuation Pause)
[2022-05-19T09:59:17.953+0000][83][gc,task        ] GC(217) Using 10 workers of 10 for evacuation
[2022-05-19T09:59:17.953+0000][83][gc,age         ] GC(217) Desired survivor size 2097152 bytes, new threshold 15 (max threshold 15)
[2022-05-19T09:59:17.955+0000][83][gc,age         ] GC(217) Age table with threshold 15 (max threshold 15)
[2022-05-19T09:59:17.956+0000][83][gc,age         ] GC(217) - age   1:     329360 bytes,     329360 total
[2022-05-19T09:59:17.956+0000][83][gc,age         ] GC(217) - age   2:     593616 bytes,     922976 total
[2022-05-19T09:59:17.956+0000][83][gc,phases      ] GC(217)   Pre Evacuate Collection Set: 0.2ms
[2022-05-19T09:59:17.956+0000][83][gc,phases      ] GC(217)   Merge Heap Roots: 0.3ms
[2022-05-19T09:59:17.956+0000][83][gc,phases      ] GC(217)   Evacuate Collection Set: 0.8ms
[2022-05-19T09:59:17.957+0000][83][gc,phases      ] GC(217)   Post Evacuate Collection Set: 0.9ms
[2022-05-19T09:59:17.957+0000][83][gc,phases      ] GC(217)   Other: 1.5ms
[2022-05-19T09:59:17.957+0000][83][gc,heap        ] GC(217) Eden regions: 5->0(5)
[2022-05-19T09:59:17.957+0000][83][gc,heap        ] GC(217) Survivor regions: 1->1(1)
[2022-05-19T09:59:17.957+0000][83][gc,heap        ] GC(217) Old regions: 60->60
[2022-05-19T09:59:17.957+0000][83][gc,heap        ] GC(217) Archive regions: 2->2
[2022-05-19T09:59:17.957+0000][83][gc,heap        ] GC(217) Humongous regions: 43->43
[2022-05-19T09:59:17.957+0000][83][gc,metaspace   ] GC(217) Metaspace: 101001K(102464K)->101001K(102464K) NonClass: 86987K(87872K)->86987K(87872K) Class: 14014K(14592K)->14014K(14592K)
[2022-05-19T09:59:17.958+0000][83][gc             ] GC(217) Pause Young (Prepare Mixed) (G1 Evacuation Pause) 427M->408M(512M) 5.076ms
[2022-05-19T09:59:17.958+0000][83][gc,cpu         ] GC(217) User=0.01s Sys=0.00s Real=0.00s
[2022-05-19T09:59:17.958+0000][83][safepoint      ] Safepoint "G1CollectForAllocation", Time since last: 130296600 ns, Reaching safepoint: 276700 ns, At safepoint: 5382100 ns, Total: 5658800 ns
[2022-05-19T09:59:18.111+0000][83][gc,start       ] GC(218) Pause Young (Mixed) (G1 Evacuation Pause)
[2022-05-19T09:59:18.112+0000][83][gc,task        ] GC(218) Using 10 workers of 10 for evacuation
[2022-05-19T09:59:18.112+0000][83][gc,age         ] GC(218) Desired survivor size 2097152 bytes, new threshold 15 (max threshold 15)
[2022-05-19T09:59:18.115+0000][83][gc,age         ] GC(218) Age table with threshold 15 (max threshold 15)
[2022-05-19T09:59:18.115+0000][83][gc,age         ] GC(218) - age   1:     295392 bytes,     295392 total
[2022-05-19T09:59:18.115+0000][83][gc,age         ] GC(218) - age   2:     329016 bytes,     624408 total
[2022-05-19T09:59:18.116+0000][83][gc,age         ] GC(218) - age   3:     593616 bytes,    1218024 total
[2022-05-19T09:59:18.116+0000][83][gc,phases      ] GC(218)   Pre Evacuate Collection Set: 0.2ms
[2022-05-19T09:59:18.116+0000][83][gc,phases      ] GC(218)   Merge Heap Roots: 0.2ms
[2022-05-19T09:59:18.116+0000][83][gc,phases      ] GC(218)   Evacuate Collection Set: 1.1ms
[2022-05-19T09:59:18.117+0000][83][gc,phases      ] GC(218)   Post Evacuate Collection Set: 0.8ms
[2022-05-19T09:59:18.117+0000][83][gc,phases      ] GC(218)   Other: 2.1ms
[2022-05-19T09:59:18.117+0000][83][gc,heap        ] GC(218) Eden regions: 5->0(5)
[2022-05-19T09:59:18.117+0000][83][gc,heap        ] GC(218) Survivor regions: 1->1(1)
[2022-05-19T09:59:18.117+0000][83][gc,heap        ] GC(218) Old regions: 60->59
[2022-05-19T09:59:18.117+0000][83][gc,heap        ] GC(218) Archive regions: 2->2
[2022-05-19T09:59:18.118+0000][83][gc,heap        ] GC(218) Humongous regions: 43->43
[2022-05-19T09:59:18.118+0000][83][gc,metaspace   ] GC(218) Metaspace: 101001K(102464K)->101001K(102464K) NonClass: 86987K(87872K)->86987K(87872K) Class: 14014K(14592K)->14014K(14592K)
[2022-05-19T09:59:18.118+0000][83][gc             ] GC(218) Pause Young (Mixed) (G1 Evacuation Pause) 428M->400M(512M) 6.552ms
[2022-05-19T09:59:18.118+0000][83][gc,cpu         ] GC(218) User=0.01s Sys=0.00s Real=0.00s
[2022-05-19T09:59:18.118+0000][83][safepoint      ] Safepoint "G1CollectForAllocation", Time since last: 153252900 ns, Reaching safepoint: 285700 ns, At safepoint: 6926900 ns, Total: 7212600 ns
[2022-05-19T09:59:18.272+0000][83][gc,start       ] GC(219) Pause Young (Mixed) (G1 Evacuation Pause)
[2022-05-19T09:59:18.272+0000][83][gc,task        ] GC(219) Using 10 workers of 10 for evacuation
[2022-05-19T09:59:18.272+0000][83][gc,age         ] GC(219) Desired survivor size 2097152 bytes, new threshold 15 (max threshold 15)
[2022-05-19T09:59:18.275+0000][83][gc,age         ] GC(219) Age table with threshold 15 (max threshold 15)
[2022-05-19T09:59:18.275+0000][83][gc,age         ] GC(219) - age   1:     300152 bytes,     300152 total
[2022-05-19T09:59:18.275+0000][83][gc,age         ] GC(219) - age   2:     295056 bytes,     595208 total
[2022-05-19T09:59:18.276+0000][83][gc,age         ] GC(219) - age   3:     328984 bytes,     924192 total
[2022-05-19T09:59:18.276+0000][83][gc,age         ] GC(219) - age   4:     593616 bytes,    1517808 total
[2022-05-19T09:59:18.276+0000][83][gc,phases      ] GC(219)   Pre Evacuate Collection Set: 0.2ms
[2022-05-19T09:59:18.277+0000][83][gc,phases      ] GC(219)   Merge Heap Roots: 0.2ms
[2022-05-19T09:59:18.277+0000][83][gc,phases      ] GC(219)   Evacuate Collection Set: 1.4ms
[2022-05-19T09:59:18.277+0000][83][gc,phases      ] GC(219)   Post Evacuate Collection Set: 0.6ms
[2022-05-19T09:59:18.277+0000][83][gc,phases      ] GC(219)   Other: 2.3ms
[2022-05-19T09:59:18.277+0000][83][gc,heap        ] GC(219) Eden regions: 5->0(5)
[2022-05-19T09:59:18.278+0000][83][gc,heap        ] GC(219) Survivor regions: 1->1(1)
[2022-05-19T09:59:18.278+0000][83][gc,heap        ] GC(219) Old regions: 59->54
[2022-05-19T09:59:18.278+0000][83][gc,heap        ] GC(219) Archive regions: 2->2
[2022-05-19T09:59:18.278+0000][83][gc,heap        ] GC(219) Humongous regions: 43->43
[2022-05-19T09:59:18.278+0000][83][gc,metaspace   ] GC(219) Metaspace: 101001K(102464K)->101001K(102464K) NonClass: 86987K(87872K)->86987K(87872K) Class: 14014K(14592K)->14014K(14592K)
[2022-05-19T09:59:18.278+0000][83][gc             ] GC(219) Pause Young (Mixed) (G1 Evacuation Pause) 420M->383M(512M) 6.677ms
[2022-05-19T09:59:18.278+0000][83][gc,cpu         ] GC(219) User=0.01s Sys=0.00s Real=0.00s
[2022-05-19T09:59:18.279+0000][83][safepoint      ] Safepoint "G1CollectForAllocation", Time since last: 153083000 ns, Reaching safepoint: 240100 ns, At safepoint: 7094900 ns, Total: 7335000 ns
[2022-05-19T09:59:18.437+0000][83][gc,start       ] GC(220) Pause Young (Mixed) (G1 Evacuation Pause)
[2022-05-19T09:59:18.438+0000][83][gc,task        ] GC(220) Using 10 workers of 10 for evacuation
[2022-05-19T09:59:18.438+0000][83][gc,age         ] GC(220) Desired survivor size 2097152 bytes, new threshold 15 (max threshold 15)
[2022-05-19T09:59:18.442+0000][83][gc,age         ] GC(220) Age table with threshold 15 (max threshold 15)
[2022-05-19T09:59:18.442+0000][83][gc,age         ] GC(220) - age   1:     296008 bytes,     296008 total
[2022-05-19T09:59:18.442+0000][83][gc,age         ] GC(220) - age   2:     299632 bytes,     595640 total
[2022-05-19T09:59:18.443+0000][83][gc,age         ] GC(220) - age   3:     295056 bytes,     890696 total
[2022-05-19T09:59:18.443+0000][83][gc,age         ] GC(220) - age   4:     328984 bytes,    1219680 total
[2022-05-19T09:59:18.443+0000][83][gc,age         ] GC(220) - age   5:     593616 bytes,    1813296 total
[2022-05-19T09:59:18.443+0000][83][gc,phases      ] GC(220)   Pre Evacuate Collection Set: 0.2ms
[2022-05-19T09:59:18.443+0000][83][gc,phases      ] GC(220)   Merge Heap Roots: 0.1ms
[2022-05-19T09:59:18.444+0000][83][gc,phases      ] GC(220)   Evacuate Collection Set: 1.6ms
[2022-05-19T09:59:18.444+0000][83][gc,phases      ] GC(220)   Merge Optional Heap Roots: 0.1ms
[2022-05-19T09:59:18.444+0000][83][gc,phases      ] GC(220)   Evacuate Optional Collection Set: 0.6ms
[2022-05-19T09:59:18.444+0000][83][gc,phases      ] GC(220)   Post Evacuate Collection Set: 0.8ms
[2022-05-19T09:59:18.444+0000][83][gc,phases      ] GC(220)   Other: 2.4ms
[2022-05-19T09:59:18.445+0000][83][gc,heap        ] GC(220) Eden regions: 5->0(6)
[2022-05-19T09:59:18.445+0000][83][gc,heap        ] GC(220) Survivor regions: 1->1(1)
[2022-05-19T09:59:18.445+0000][83][gc,heap        ] GC(220) Old regions: 54->50
[2022-05-19T09:59:18.445+0000][83][gc,heap        ] GC(220) Archive regions: 2->2
[2022-05-19T09:59:18.445+0000][83][gc,heap        ] GC(220) Humongous regions: 43->43
[2022-05-19T09:59:18.445+0000][83][gc,metaspace   ] GC(220) Metaspace: 101001K(102464K)->101001K(102464K) NonClass: 86987K(87872K)->86987K(87872K) Class: 14014K(14592K)->14014K(14592K)
[2022-05-19T09:59:18.445+0000][83][gc             ] GC(220) Pause Young (Mixed) (G1 Evacuation Pause) 403M->367M(512M) 7.909ms
[2022-05-19T09:59:18.445+0000][83][gc,cpu         ] GC(220) User=0.01s Sys=0.01s Real=0.01s
[2022-05-19T09:59:18.446+0000][83][safepoint      ] Safepoint "G1CollectForAllocation", Time since last: 158546200 ns, Reaching safepoint: 189400 ns, At safepoint: 8215200 ns, Total: 8404600 ns
[2022-05-19T09:59:18.635+0000][83][gc,start       ] GC(221) Pause Young (Concurrent Start) (G1 Evacuation Pause)
[2022-05-19T09:59:18.636+0000][83][gc,task        ] GC(221) Using 10 workers of 10 for evacuation
[2022-05-19T09:59:18.636+0000][83][gc,age         ] GC(221) Desired survivor size 2097152 bytes, new threshold 15 (max threshold 15)
[2022-05-19T09:59:18.638+0000][83][gc,age         ] GC(221) Age table with threshold 15 (max threshold 15)
[2022-05-19T09:59:18.638+0000][83][gc,age         ] GC(221) - age   1:     328640 bytes,     328640 total
[2022-05-19T09:59:18.638+0000][83][gc,age         ] GC(221) - age   2:     295632 bytes,     624272 total
[2022-05-19T09:59:18.638+0000][83][gc,age         ] GC(221) - age   3:     299632 bytes,     923904 total
[2022-05-19T09:59:18.639+0000][83][gc,age         ] GC(221) - age   4:     295056 bytes,    1218960 total
[2022-05-19T09:59:18.639+0000][83][gc,age         ] GC(221) - age   5:     328984 bytes,    1547944 total
[2022-05-19T09:59:18.639+0000][83][gc,age         ] GC(221) - age   6:     593616 bytes,    2141560 total
[2022-05-19T09:59:18.639+0000][83][gc,phases      ] GC(221)   Pre Evacuate Collection Set: 0.3ms
[2022-05-19T09:59:18.639+0000][83][gc,phases      ] GC(221)   Merge Heap Roots: 0.1ms
[2022-05-19T09:59:18.639+0000][83][gc,phases      ] GC(221)   Evacuate Collection Set: 1.1ms
[2022-05-19T09:59:18.639+0000][83][gc,phases      ] GC(221)   Post Evacuate Collection Set: 0.5ms
[2022-05-19T09:59:18.639+0000][83][gc,phases      ] GC(221)   Other: 1.5ms
[2022-05-19T09:59:18.640+0000][83][gc,heap        ] GC(221) Eden regions: 6->0(6)
[2022-05-19T09:59:18.640+0000][83][gc,heap        ] GC(221) Survivor regions: 1->1(1)
[2022-05-19T09:59:18.640+0000][83][gc,heap        ] GC(221) Old regions: 50->50
[2022-05-19T09:59:18.640+0000][83][gc,heap        ] GC(221) Archive regions: 2->2
[2022-05-19T09:59:18.640+0000][83][gc,heap        ] GC(221) Humongous regions: 43->43
[2022-05-19T09:59:18.640+0000][83][gc,metaspace   ] GC(221) Metaspace: 101001K(102464K)->101001K(102464K) NonClass: 86987K(87872K)->86987K(87872K) Class: 14014K(14592K)->14014K(14592K)
[2022-05-19T09:59:18.640+0000][83][gc             ] GC(221) Pause Young (Concurrent Start) (G1 Evacuation Pause) 391M->367M(512M) 4.684ms
[2022-05-19T09:59:18.640+0000][83][gc,cpu         ] GC(221) User=0.01s Sys=0.00s Real=0.01s
[2022-05-19T09:59:18.640+0000][83][safepoint      ] Safepoint "G1CollectForAllocation", Time since last: 189670900 ns, Reaching safepoint: 187300 ns, At safepoint: 4969900 ns, Total: 5157200 ns
[2022-05-19T09:59:18.640+0000][83][gc             ] GC(222) Concurrent Mark Cycle
[2022-05-19T09:59:18.641+0000][83][gc,marking     ] GC(222) Concurrent Clear Claimed Marks
[2022-05-19T09:59:18.641+0000][83][gc,marking     ] GC(222) Concurrent Clear Claimed Marks 0.152ms
[2022-05-19T09:59:18.641+0000][83][gc,marking     ] GC(222) Concurrent Scan Root Regions
[2022-05-19T09:59:18.642+0000][83][gc,marking     ] GC(222) Concurrent Scan Root Regions 0.904ms
[2022-05-19T09:59:18.642+0000][83][gc,marking     ] GC(222) Concurrent Mark
[2022-05-19T09:59:18.642+0000][83][gc,marking     ] GC(222) Concurrent Mark From Roots
[2022-05-19T09:59:18.642+0000][83][gc,task        ] GC(222) Using 3 workers of 3 for marking
[2022-05-19T09:59:18.687+0000][83][gc,marking     ] GC(222) Concurrent Mark From Roots 44.564ms
[2022-05-19T09:59:18.687+0000][83][gc,marking     ] GC(222) Concurrent Preclean
[2022-05-19T09:59:18.688+0000][83][gc,marking     ] GC(222) Concurrent Preclean 0.584ms
[2022-05-19T09:59:18.688+0000][83][gc,start       ] GC(222) Pause Remark
[2022-05-19T09:59:18.691+0000][83][gc             ] GC(222) Pause Remark 372M->360M(512M) 2.926ms
[2022-05-19T09:59:18.691+0000][83][gc,cpu         ] GC(222) User=0.00s Sys=0.02s Real=0.01s
[2022-05-19T09:59:18.692+0000][83][safepoint      ] Safepoint "G1Concurrent", Time since last: 47443900 ns, Reaching safepoint: 307700 ns, At safepoint: 3499900 ns, Total: 3807600 ns
[2022-05-19T09:59:18.692+0000][83][gc,marking     ] GC(222) Concurrent Mark 50.134ms
[2022-05-19T09:59:18.692+0000][83][gc,marking     ] GC(222) Concurrent Rebuild Remembered Sets
[2022-05-19T09:59:18.716+0000][83][gc,marking     ] GC(222) Concurrent Rebuild Remembered Sets 23.367ms
[2022-05-19T09:59:18.717+0000][83][gc,start       ] GC(222) Pause Cleanup
[2022-05-19T09:59:18.717+0000][83][gc             ] GC(222) Pause Cleanup 362M->362M(512M) 0.567ms
[2022-05-19T09:59:18.718+0000][83][gc,cpu         ] GC(222) User=0.00s Sys=0.00s Real=0.00s
[2022-05-19T09:59:18.718+0000][83][safepoint      ] Safepoint "G1Concurrent", Time since last: 24599400 ns, Reaching safepoint: 408200 ns, At safepoint: 1109500 ns, Total: 1517700 ns
[2022-05-19T09:59:18.718+0000][83][gc,marking     ] GC(222) Concurrent Cleanup for Next Mark
[2022-05-19T09:59:18.719+0000][83][gc,marking     ] GC(222) Concurrent Cleanup for Next Mark 0.645ms
[2022-05-19T09:59:18.719+0000][83][gc             ] GC(222) Concurrent Mark Cycle 78.825ms
[2022-05-19T09:59:18.860+0000][83][gc,start       ] GC(223) Pause Young (Prepare Mixed) (G1 Evacuation Pause)
[2022-05-19T09:59:18.860+0000][83][gc,task        ] GC(223) Using 10 workers of 10 for evacuation
[2022-05-19T09:59:18.860+0000][83][gc,age         ] GC(223) Desired survivor size 2097152 bytes, new threshold 6 (max threshold 15)
[2022-05-19T09:59:18.862+0000][83][gc,age         ] GC(223) Age table with threshold 6 (max threshold 15)
[2022-05-19T09:59:18.863+0000][83][gc,age         ] GC(223) - age   1:     363720 bytes,     363720 total
[2022-05-19T09:59:18.863+0000][83][gc,age         ] GC(223) - age   2:     328272 bytes,     691992 total
[2022-05-19T09:59:18.863+0000][83][gc,age         ] GC(223) - age   3:     295632 bytes,     987624 total
[2022-05-19T09:59:18.863+0000][83][gc,age         ] GC(223) - age   4:     299600 bytes,    1287224 total
[2022-05-19T09:59:18.863+0000][83][gc,age         ] GC(223) - age   5:     295056 bytes,    1582280 total
[2022-05-19T09:59:18.863+0000][83][gc,age         ] GC(223) - age   6:     328056 bytes,    1910336 total
[2022-05-19T09:59:18.863+0000][83][gc,phases      ] GC(223)   Pre Evacuate Collection Set: 0.2ms
[2022-05-19T09:59:18.864+0000][83][gc,phases      ] GC(223)   Merge Heap Roots: 0.1ms
[2022-05-19T09:59:18.864+0000][83][gc,phases      ] GC(223)   Evacuate Collection Set: 0.8ms
[2022-05-19T09:59:18.864+0000][83][gc,phases      ] GC(223)   Post Evacuate Collection Set: 0.6ms
[2022-05-19T09:59:18.864+0000][83][gc,phases      ] GC(223)   Other: 1.9ms
[2022-05-19T09:59:18.864+0000][83][gc,heap        ] GC(223) Eden regions: 6->0(5)
[2022-05-19T09:59:18.864+0000][83][gc,heap        ] GC(223) Survivor regions: 1->1(1)
[2022-05-19T09:59:18.864+0000][83][gc,heap        ] GC(223) Old regions: 47->47
[2022-05-19T09:59:18.865+0000][83][gc,heap        ] GC(223) Archive regions: 2->2
[2022-05-19T09:59:18.865+0000][83][gc,heap        ] GC(223) Humongous regions: 43->43
[2022-05-19T09:59:18.865+0000][83][gc,metaspace   ] GC(223) Metaspace: 101001K(102464K)->101001K(102464K) NonClass: 86987K(87872K)->86987K(87872K) Class: 14014K(14592K)->14014K(14592K)
[2022-05-19T09:59:18.865+0000][83][gc             ] GC(223) Pause Young (Prepare Mixed) (G1 Evacuation Pause) 379M->356M(512M) 5.165ms
[2022-05-19T09:59:18.865+0000][83][gc,cpu         ] GC(223) User=0.01s Sys=0.00s Real=0.00s
[2022-05-19T09:59:18.865+0000][83][safepoint      ] Safepoint "G1CollectForAllocation", Time since last: 141761700 ns, Reaching safepoint: 219300 ns, At safepoint: 5467500 ns, Total: 5686800 ns
[2022-05-19T09:59:19.040+0000][83][gc,start       ] GC(224) Pause Young (Mixed) (G1 Evacuation Pause)
[2022-05-19T09:59:19.040+0000][83][gc,task        ] GC(224) Using 10 workers of 10 for evacuation
[2022-05-19T09:59:19.040+0000][83][gc,age         ] GC(224) Desired survivor size 2097152 bytes, new threshold 15 (max threshold 15)
[2022-05-19T09:59:19.043+0000][83][gc,age         ] GC(224) Age table with threshold 15 (max threshold 15)
[2022-05-19T09:59:19.043+0000][83][gc,age         ] GC(224) - age   1:     266184 bytes,     266184 total
[2022-05-19T09:59:19.043+0000][83][gc,age         ] GC(224) - age   2:     363360 bytes,     629544 total
[2022-05-19T09:59:19.043+0000][83][gc,age         ] GC(224) - age   3:     328272 bytes,     957816 total
[2022-05-19T09:59:19.044+0000][83][gc,age         ] GC(224) - age   4:     295632 bytes,    1253448 total
[2022-05-19T09:59:19.044+0000][83][gc,age         ] GC(224) - age   5:     299600 bytes,    1553048 total
[2022-05-19T09:59:19.044+0000][83][gc,age         ] GC(224) - age   6:     295056 bytes,    1848104 total
[2022-05-19T09:59:19.044+0000][83][gc,age         ] GC(224) - age   7:     328056 bytes,    2176160 total
[2022-05-19T09:59:19.044+0000][83][gc,phases      ] GC(224)   Pre Evacuate Collection Set: 0.2ms
[2022-05-19T09:59:19.044+0000][83][gc,phases      ] GC(224)   Merge Heap Roots: 0.1ms
[2022-05-19T09:59:19.044+0000][83][gc,phases      ] GC(224)   Evacuate Collection Set: 1.3ms
[2022-05-19T09:59:19.045+0000][83][gc,phases      ] GC(224)   Post Evacuate Collection Set: 0.7ms
[2022-05-19T09:59:19.045+0000][83][gc,phases      ] GC(224)   Other: 2.3ms
[2022-05-19T09:59:19.045+0000][83][gc,heap        ] GC(224) Eden regions: 5->0(11)
[2022-05-19T09:59:19.045+0000][83][gc,heap        ] GC(224) Survivor regions: 1->1(1)
[2022-05-19T09:59:19.045+0000][83][gc,heap        ] GC(224) Old regions: 47->44
[2022-05-19T09:59:19.045+0000][83][gc,heap        ] GC(224) Archive regions: 2->2
[2022-05-19T09:59:19.045+0000][83][gc,heap        ] GC(224) Humongous regions: 43->43
[2022-05-19T09:59:19.045+0000][83][gc,metaspace   ] GC(224) Metaspace: 101007K(102528K)->101007K(102528K) NonClass: 86993K(87936K)->86993K(87936K) Class: 14014K(14592K)->14014K(14592K)
[2022-05-19T09:59:19.046+0000][83][gc             ] GC(224) Pause Young (Mixed) (G1 Evacuation Pause) 376M->346M(512M) 5.751ms
[2022-05-19T09:59:19.046+0000][83][gc,cpu         ] GC(224) User=0.01s Sys=0.00s Real=0.00s
[2022-05-19T09:59:19.046+0000][83][safepoint      ] Safepoint "G1CollectForAllocation", Time since last: 174286000 ns, Reaching safepoint: 187700 ns, At safepoint: 6037600 ns, Total: 6225300 ns
[2022-05-19T09:59:19.425+0000][83][gc,start       ] GC(225) Pause Young (Concurrent Start) (G1 Evacuation Pause)
[2022-05-19T09:59:19.425+0000][83][gc,task        ] GC(225) Using 10 workers of 10 for evacuation
[2022-05-19T09:59:19.425+0000][83][gc,age         ] GC(225) Desired survivor size 4194304 bytes, new threshold 15 (max threshold 15)
[2022-05-19T09:59:19.428+0000][83][gc,age         ] GC(225) Age table with threshold 15 (max threshold 15)
[2022-05-19T09:59:19.428+0000][83][gc,age         ] GC(225) - age   1:     624712 bytes,     624712 total
[2022-05-19T09:59:19.428+0000][83][gc,age         ] GC(225) - age   2:     265880 bytes,     890592 total
[2022-05-19T09:59:19.428+0000][83][gc,age         ] GC(225) - age   3:     363360 bytes,    1253952 total
[2022-05-19T09:59:19.428+0000][83][gc,age         ] GC(225) - age   4:     328272 bytes,    1582224 total
[2022-05-19T09:59:19.428+0000][83][gc,age         ] GC(225) - age   5:     295056 bytes,    1877280 total
[2022-05-19T09:59:19.429+0000][83][gc,age         ] GC(225) - age   6:     298736 bytes,    2176016 total
[2022-05-19T09:59:19.429+0000][83][gc,age         ] GC(225) - age   7:     295056 bytes,    2471072 total
[2022-05-19T09:59:19.429+0000][83][gc,age         ] GC(225) - age   8:     328056 bytes,    2799128 total
[2022-05-19T09:59:19.429+0000][83][gc,phases      ] GC(225)   Pre Evacuate Collection Set: 0.2ms
[2022-05-19T09:59:19.429+0000][83][gc,phases      ] GC(225)   Merge Heap Roots: 0.2ms
[2022-05-19T09:59:19.429+0000][83][gc,phases      ] GC(225)   Evacuate Collection Set: 1.2ms
[2022-05-19T09:59:19.429+0000][83][gc,phases      ] GC(225)   Post Evacuate Collection Set: 0.5ms
[2022-05-19T09:59:19.430+0000][83][gc,phases      ] GC(225)   Other: 2.3ms
[2022-05-19T09:59:19.430+0000][83][gc,heap        ] GC(225) Eden regions: 11->0(12)
[2022-05-19T09:59:19.430+0000][83][gc,heap        ] GC(225) Survivor regions: 1->1(2)
[2022-05-19T09:59:19.430+0000][83][gc,heap        ] GC(225) Old regions: 44->44
[2022-05-19T09:59:19.430+0000][83][gc,heap        ] GC(225) Archive regions: 2->2
[2022-05-19T09:59:19.430+0000][83][gc,heap        ] GC(225) Humongous regions: 43->43
[2022-05-19T09:59:19.430+0000][83][gc,metaspace   ] GC(225) Metaspace: 101007K(102528K)->101007K(102528K) NonClass: 86993K(87936K)->86993K(87936K) Class: 14014K(14592K)->14014K(14592K)
[2022-05-19T09:59:19.430+0000][83][gc             ] GC(225) Pause Young (Concurrent Start) (G1 Evacuation Pause) 390M->347M(512M) 5.570ms
[2022-05-19T09:59:19.431+0000][83][gc,cpu         ] GC(225) User=0.01s Sys=0.00s Real=0.01s
[2022-05-19T09:59:19.431+0000][83][gc             ] GC(226) Concurrent Mark Cycle
[2022-05-19T09:59:19.431+0000][83][safepoint      ] Safepoint "G1CollectForAllocation", Time since last: 378851200 ns, Reaching safepoint: 194300 ns, At safepoint: 5911100 ns, Total: 6105400 ns
[2022-05-19T09:59:19.431+0000][83][gc,marking     ] GC(226) Concurrent Clear Claimed Marks
[2022-05-19T09:59:19.431+0000][83][gc,marking     ] GC(226) Concurrent Clear Claimed Marks 0.333ms
[2022-05-19T09:59:19.431+0000][83][gc,marking     ] GC(226) Concurrent Scan Root Regions
[2022-05-19T09:59:19.433+0000][83][gc,marking     ] GC(226) Concurrent Scan Root Regions 1.679ms
[2022-05-19T09:59:19.433+0000][83][gc,marking     ] GC(226) Concurrent Mark
[2022-05-19T09:59:19.434+0000][83][gc,marking     ] GC(226) Concurrent Mark From Roots
[2022-05-19T09:59:19.434+0000][83][gc,task        ] GC(226) Using 3 workers of 3 for marking
[2022-05-19T09:59:19.486+0000][83][gc,marking     ] GC(226) Concurrent Mark From Roots 52.143ms
[2022-05-19T09:59:19.486+0000][83][gc,marking     ] GC(226) Concurrent Preclean
[2022-05-19T09:59:19.487+0000][83][gc,marking     ] GC(226) Concurrent Preclean 0.756ms
[2022-05-19T09:59:19.487+0000][83][gc,start       ] GC(226) Pause Remark
[2022-05-19T09:59:19.491+0000][83][gc             ] GC(226) Pause Remark 352M->352M(512M) 3.303ms
[2022-05-19T09:59:19.491+0000][83][gc,cpu         ] GC(226) User=0.02s Sys=0.00s Real=0.01s
[2022-05-19T09:59:19.491+0000][83][safepoint      ] Safepoint "G1Concurrent", Time since last: 56357700 ns, Reaching safepoint: 233800 ns, At safepoint: 3862600 ns, Total: 4096400 ns
[2022-05-19T09:59:19.491+0000][83][gc,marking     ] GC(226) Concurrent Mark 58.080ms
[2022-05-19T09:59:19.492+0000][83][gc,marking     ] GC(226) Concurrent Rebuild Remembered Sets
[2022-05-19T09:59:19.515+0000][83][gc,marking     ] GC(226) Concurrent Rebuild Remembered Sets 23.291ms
[2022-05-19T09:59:19.516+0000][83][gc,start       ] GC(226) Pause Cleanup
[2022-05-19T09:59:19.516+0000][83][gc             ] GC(226) Pause Cleanup 354M->354M(512M) 0.383ms
[2022-05-19T09:59:19.516+0000][83][gc,cpu         ] GC(226) User=0.00s Sys=0.00s Real=0.00s
[2022-05-19T09:59:19.516+0000][83][safepoint      ] Safepoint "G1Concurrent", Time since last: 24106500 ns, Reaching safepoint: 269800 ns, At safepoint: 720200 ns, Total: 990000 ns
[2022-05-19T09:59:19.516+0000][83][gc,marking     ] GC(226) Concurrent Cleanup for Next Mark
[2022-05-19T09:59:19.517+0000][83][gc,marking     ] GC(226) Concurrent Cleanup for Next Mark 0.439ms
[2022-05-19T09:59:19.517+0000][83][gc             ] GC(226) Concurrent Mark Cycle 86.449ms
[2022-05-19T09:59:19.822+0000][83][gc,start       ] GC(227) Pause Young (Prepare Mixed) (G1 Evacuation Pause)
[2022-05-19T09:59:19.823+0000][83][gc,task        ] GC(227) Using 10 workers of 10 for evacuation
[2022-05-19T09:59:19.823+0000][83][gc,age         ] GC(227) Desired survivor size 4194304 bytes, new threshold 15 (max threshold 15)
[2022-05-19T09:59:19.825+0000][83][gc,age         ] GC(227) Age table with threshold 15 (max threshold 15)
[2022-05-19T09:59:19.826+0000][83][gc,age         ] GC(227) - age   1:     721976 bytes,     721976 total
[2022-05-19T09:59:19.826+0000][83][gc,age         ] GC(227) - age   2:     624336 bytes,    1346312 total
[2022-05-19T09:59:19.826+0000][83][gc,age         ] GC(227) - age   3:     265880 bytes,    1612192 total
[2022-05-19T09:59:19.826+0000][83][gc,age         ] GC(227) - age   4:     363360 bytes,    1975552 total
[2022-05-19T09:59:19.826+0000][83][gc,age         ] GC(227) - age   5:     327904 bytes,    2303456 total
[2022-05-19T09:59:19.827+0000][83][gc,age         ] GC(227) - age   6:     295056 bytes,    2598512 total
[2022-05-19T09:59:19.827+0000][83][gc,age         ] GC(227) - age   7:     298736 bytes,    2897248 total
[2022-05-19T09:59:19.827+0000][83][gc,age         ] GC(227) - age   8:     295056 bytes,    3192304 total
[2022-05-19T09:59:19.827+0000][83][gc,age         ] GC(227) - age   9:     328056 bytes,    3520360 total
[2022-05-19T09:59:19.828+0000][83][gc,phases      ] GC(227)   Pre Evacuate Collection Set: 0.2ms
[2022-05-19T09:59:19.828+0000][83][gc,phases      ] GC(227)   Merge Heap Roots: 0.2ms
[2022-05-19T09:59:19.828+0000][83][gc,phases      ] GC(227)   Evacuate Collection Set: 0.9ms
[2022-05-19T09:59:19.828+0000][83][gc,phases      ] GC(227)   Post Evacuate Collection Set: 0.9ms
[2022-05-19T09:59:19.828+0000][83][gc,phases      ] GC(227)   Other: 3.1ms
[2022-05-19T09:59:19.828+0000][83][gc,heap        ] GC(227) Eden regions: 12->0(5)
[2022-05-19T09:59:19.828+0000][83][gc,heap        ] GC(227) Survivor regions: 1->1(2)
[2022-05-19T09:59:19.828+0000][83][gc,heap        ] GC(227) Old regions: 44->44
[2022-05-19T09:59:19.829+0000][83][gc,heap        ] GC(227) Archive regions: 2->2
[2022-05-19T09:59:19.829+0000][83][gc,heap        ] GC(227) Humongous regions: 43->43
[2022-05-19T09:59:19.829+0000][83][gc,metaspace   ] GC(227) Metaspace: 101007K(102528K)->101007K(102528K) NonClass: 86993K(87936K)->86993K(87936K) Class: 14014K(14592K)->14014K(14592K)
[2022-05-19T09:59:19.829+0000][83][gc             ] GC(227) Pause Young (Prepare Mixed) (G1 Evacuation Pause) 395M->347M(512M) 6.605ms
[2022-05-19T09:59:19.829+0000][83][gc,cpu         ] GC(227) User=0.01s Sys=0.00s Real=0.00s
[2022-05-19T09:59:19.829+0000][83][safepoint      ] Safepoint "G1CollectForAllocation", Time since last: 305778900 ns, Reaching safepoint: 258300 ns, At safepoint: 6908300 ns, Total: 7166600 ns
[2022-05-19T09:59:19.986+0000][83][gc,start       ] GC(228) Pause Young (Mixed) (G1 Evacuation Pause)
[2022-05-19T09:59:19.987+0000][83][gc,task        ] GC(228) Using 10 workers of 10 for evacuation
[2022-05-19T09:59:19.987+0000][83][gc,age         ] GC(228) Desired survivor size 2097152 bytes, new threshold 5 (max threshold 15)
[2022-05-19T09:59:19.990+0000][83][gc,age         ] GC(228) Age table with threshold 5 (max threshold 15)
[2022-05-19T09:59:19.991+0000][83][gc,age         ] GC(228) - age   1:     296392 bytes,     296392 total
[2022-05-19T09:59:19.991+0000][83][gc,age         ] GC(228) - age   2:     721680 bytes,    1018072 total
[2022-05-19T09:59:19.991+0000][83][gc,age         ] GC(228) - age   3:     624336 bytes,    1642408 total
[2022-05-19T09:59:19.991+0000][83][gc,age         ] GC(228) - age   4:     265880 bytes,    1908288 total
[2022-05-19T09:59:19.992+0000][83][gc,age         ] GC(228) - age   5:     362480 bytes,    2270768 total
[2022-05-19T09:59:19.992+0000][83][gc,phases      ] GC(228)   Pre Evacuate Collection Set: 0.2ms
[2022-05-19T09:59:19.992+0000][83][gc,phases      ] GC(228)   Merge Heap Roots: 0.3ms
[2022-05-19T09:59:19.992+0000][83][gc,phases      ] GC(228)   Evacuate Collection Set: 1.6ms
[2022-05-19T09:59:19.993+0000][83][gc,phases      ] GC(228)   Post Evacuate Collection Set: 0.7ms
[2022-05-19T09:59:19.993+0000][83][gc,phases      ] GC(228)   Other: 2.7ms
[2022-05-19T09:59:19.993+0000][83][gc,heap        ] GC(228) Eden regions: 5->0(13)
[2022-05-19T09:59:19.993+0000][83][gc,heap        ] GC(228) Survivor regions: 1->1(1)
[2022-05-19T09:59:19.993+0000][83][gc,heap        ] GC(228) Old regions: 44->44
[2022-05-19T09:59:19.994+0000][83][gc,heap        ] GC(228) Archive regions: 2->2
[2022-05-19T09:59:19.994+0000][83][gc,heap        ] GC(228) Humongous regions: 43->43
[2022-05-19T09:59:19.994+0000][83][gc,metaspace   ] GC(228) Metaspace: 101007K(102528K)->101007K(102528K) NonClass: 86993K(87936K)->86993K(87936K) Class: 14014K(14592K)->14014K(14592K)
[2022-05-19T09:59:19.994+0000][83][gc             ] GC(228) Pause Young (Mixed) (G1 Evacuation Pause) 367M->344M(512M) 7.751ms
[2022-05-19T09:59:19.994+0000][83][gc,cpu         ] GC(228) User=0.00s Sys=0.02s Real=0.01s
[2022-05-19T09:59:19.994+0000][83][safepoint      ] Safepoint "G1CollectForAllocation", Time since last: 156832000 ns, Reaching safepoint: 243600 ns, At safepoint: 8085900 ns, Total: 8329500 ns
[2022-05-19T09:59:20.398+0000][83][gc,start       ] GC(229) Pause Young (Concurrent Start) (G1 Evacuation Pause)
[2022-05-19T09:59:20.399+0000][83][gc,task        ] GC(229) Using 10 workers of 10 for evacuation
[2022-05-19T09:59:20.399+0000][83][gc,age         ] GC(229) Desired survivor size 4194304 bytes, new threshold 15 (max threshold 15)
[2022-05-19T09:59:20.402+0000][83][gc,age         ] GC(229) Age table with threshold 15 (max threshold 15)
[2022-05-19T09:59:20.402+0000][83][gc,age         ] GC(229) - age   1:     728736 bytes,     728736 total
[2022-05-19T09:59:20.402+0000][83][gc,age         ] GC(229) - age   2:     295936 bytes,    1024672 total
[2022-05-19T09:59:20.403+0000][83][gc,age         ] GC(229) - age   3:     721680 bytes,    1746352 total
[2022-05-19T09:59:20.403+0000][83][gc,age         ] GC(229) - age   4:     623216 bytes,    2369568 total
[2022-05-19T09:59:20.403+0000][83][gc,age         ] GC(229) - age   5:     265816 bytes,    2635384 total
[2022-05-19T09:59:20.403+0000][83][gc,age         ] GC(229) - age   6:     362480 bytes,    2997864 total
[2022-05-19T09:59:20.404+0000][83][gc,phases      ] GC(229)   Pre Evacuate Collection Set: 0.3ms
[2022-05-19T09:59:20.404+0000][83][gc,phases      ] GC(229)   Merge Heap Roots: 0.2ms
[2022-05-19T09:59:20.404+0000][83][gc,phases      ] GC(229)   Evacuate Collection Set: 1.4ms
[2022-05-19T09:59:20.404+0000][83][gc,phases      ] GC(229)   Post Evacuate Collection Set: 0.8ms
[2022-05-19T09:59:20.404+0000][83][gc,phases      ] GC(229)   Other: 2.5ms
[2022-05-19T09:59:20.404+0000][83][gc,heap        ] GC(229) Eden regions: 13->0(13)
[2022-05-19T09:59:20.404+0000][83][gc,heap        ] GC(229) Survivor regions: 1->1(2)
[2022-05-19T09:59:20.405+0000][83][gc,heap        ] GC(229) Old regions: 44->44
[2022-05-19T09:59:20.405+0000][83][gc,heap        ] GC(229) Archive regions: 2->2
[2022-05-19T09:59:20.405+0000][83][gc,heap        ] GC(229) Humongous regions: 43->43
[2022-05-19T09:59:20.405+0000][83][gc,metaspace   ] GC(229) Metaspace: 101007K(102528K)->101007K(102528K) NonClass: 86993K(87936K)->86993K(87936K) Class: 14014K(14592K)->14014K(14592K)
[2022-05-19T09:59:20.405+0000][83][gc             ] GC(229) Pause Young (Concurrent Start) (G1 Evacuation Pause) 396M->345M(512M) 6.534ms
[2022-05-19T09:59:20.405+0000][83][gc,cpu         ] GC(229) User=0.00s Sys=0.01s Real=0.01s
[2022-05-19T09:59:20.405+0000][83][gc             ] GC(230) Concurrent Mark Cycle
[2022-05-19T09:59:20.405+0000][83][gc,marking     ] GC(230) Concurrent Clear Claimed Marks
[2022-05-19T09:59:20.405+0000][83][safepoint      ] Safepoint "G1CollectForAllocation", Time since last: 403817800 ns, Reaching safepoint: 215900 ns, At safepoint: 6870800 ns, Total: 7086700 ns
[2022-05-19T09:59:20.406+0000][83][gc,marking     ] GC(230) Concurrent Clear Claimed Marks 0.192ms
[2022-05-19T09:59:20.406+0000][83][gc,marking     ] GC(230) Concurrent Scan Root Regions
[2022-05-19T09:59:20.407+0000][83][gc,marking     ] GC(230) Concurrent Scan Root Regions 0.994ms
[2022-05-19T09:59:20.407+0000][83][gc,marking     ] GC(230) Concurrent Mark
[2022-05-19T09:59:20.407+0000][83][gc,marking     ] GC(230) Concurrent Mark From Roots
[2022-05-19T09:59:20.407+0000][83][gc,task        ] GC(230) Using 3 workers of 3 for marking
[2022-05-19T09:59:20.456+0000][83][gc,marking     ] GC(230) Concurrent Mark From Roots 49.301ms
[2022-05-19T09:59:20.457+0000][83][gc,marking     ] GC(230) Concurrent Preclean
[2022-05-19T09:59:20.457+0000][83][gc,marking     ] GC(230) Concurrent Preclean 0.617ms
[2022-05-19T09:59:20.458+0000][83][gc,start       ] GC(230) Pause Remark
[2022-05-19T09:59:20.461+0000][83][gc             ] GC(230) Pause Remark 350M->350M(512M) 3.218ms
[2022-05-19T09:59:20.461+0000][83][gc,cpu         ] GC(230) User=0.01s Sys=0.01s Real=0.01s
[2022-05-19T09:59:20.461+0000][83][safepoint      ] Safepoint "G1Concurrent", Time since last: 52211800 ns, Reaching safepoint: 331100 ns, At safepoint: 3642800 ns, Total: 3973900 ns
[2022-05-19T09:59:20.462+0000][83][gc,marking     ] GC(230) Concurrent Mark 54.774ms
[2022-05-19T09:59:20.462+0000][83][gc,marking     ] GC(230) Concurrent Rebuild Remembered Sets
[2022-05-19T09:59:20.487+0000][83][gc,marking     ] GC(230) Concurrent Rebuild Remembered Sets 25.315ms
[2022-05-19T09:59:20.488+0000][83][gc,start       ] GC(230) Pause Cleanup
[2022-05-19T09:59:20.488+0000][83][gc             ] GC(230) Pause Cleanup 353M->353M(512M) 0.421ms
[2022-05-19T09:59:20.489+0000][83][gc,cpu         ] GC(230) User=0.00s Sys=0.00s Real=0.00s
[2022-05-19T09:59:20.489+0000][83][safepoint      ] Safepoint "G1Concurrent", Time since last: 26156200 ns, Reaching safepoint: 319700 ns, At safepoint: 982300 ns, Total: 1302000 ns
[2022-05-19T09:59:20.489+0000][83][gc,marking     ] GC(230) Concurrent Cleanup for Next Mark
[2022-05-19T09:59:20.490+0000][83][gc,marking     ] GC(230) Concurrent Cleanup for Next Mark 0.674ms
[2022-05-19T09:59:20.490+0000][83][gc             ] GC(230) Concurrent Mark Cycle 84.837ms
[2022-05-19T09:59:20.839+0000][83][gc,start       ] GC(231) Pause Young (Prepare Mixed) (G1 Evacuation Pause)
[2022-05-19T09:59:20.839+0000][83][gc,task        ] GC(231) Using 10 workers of 10 for evacuation
[2022-05-19T09:59:20.839+0000][83][gc,age         ] GC(231) Desired survivor size 4194304 bytes, new threshold 15 (max threshold 15)
[2022-05-19T09:59:20.842+0000][83][gc,age         ] GC(231) Age table with threshold 15 (max threshold 15)
[2022-05-19T09:59:20.842+0000][83][gc,age         ] GC(231) - age   1:     755496 bytes,     755496 total
[2022-05-19T09:59:20.842+0000][83][gc,age         ] GC(231) - age   2:     728264 bytes,    1483760 total
[2022-05-19T09:59:20.843+0000][83][gc,age         ] GC(231) - age   3:     295936 bytes,    1779696 total
[2022-05-19T09:59:20.843+0000][83][gc,age         ] GC(231) - age   4:     721280 bytes,    2500976 total
[2022-05-19T09:59:20.843+0000][83][gc,age         ] GC(231) - age   5:     622896 bytes,    3123872 total
[2022-05-19T09:59:20.843+0000][83][gc,age         ] GC(231) - age   6:     265784 bytes,    3389656 total
[2022-05-19T09:59:20.843+0000][83][gc,age         ] GC(231) - age   7:     362480 bytes,    3752136 total
[2022-05-19T09:59:20.843+0000][83][gc,phases      ] GC(231)   Pre Evacuate Collection Set: 0.2ms
[2022-05-19T09:59:20.844+0000][83][gc,phases      ] GC(231)   Merge Heap Roots: 0.2ms
[2022-05-19T09:59:20.844+0000][83][gc,phases      ] GC(231)   Evacuate Collection Set: 1.0ms
[2022-05-19T09:59:20.844+0000][83][gc,phases      ] GC(231)   Post Evacuate Collection Set: 0.9ms
[2022-05-19T09:59:20.844+0000][83][gc,phases      ] GC(231)   Other: 2.3ms
[2022-05-19T09:59:20.844+0000][83][gc,heap        ] GC(231) Eden regions: 13->0(5)
[2022-05-19T09:59:20.844+0000][83][gc,heap        ] GC(231) Survivor regions: 1->1(2)
[2022-05-19T09:59:20.844+0000][83][gc,heap        ] GC(231) Old regions: 44->44
[2022-05-19T09:59:20.844+0000][83][gc,heap        ] GC(231) Archive regions: 2->2
[2022-05-19T09:59:20.845+0000][83][gc,heap        ] GC(231) Humongous regions: 43->43
[2022-05-19T09:59:20.845+0000][83][gc,metaspace   ] GC(231) Metaspace: 101007K(102528K)->101007K(102528K) NonClass: 86993K(87936K)->86993K(87936K) Class: 14014K(14592K)->14014K(14592K)
[2022-05-19T09:59:20.845+0000][83][gc             ] GC(231) Pause Young (Prepare Mixed) (G1 Evacuation Pause) 397M->346M(512M) 5.860ms
[2022-05-19T09:59:20.845+0000][83][gc,cpu         ] GC(231) User=0.01s Sys=0.00s Real=0.01s
[2022-05-19T09:59:20.845+0000][83][safepoint      ] Safepoint "G1CollectForAllocation", Time since last: 349633900 ns, Reaching safepoint: 228500 ns, At safepoint: 6165100 ns, Total: 6393600 ns
[2022-05-19T09:59:20.996+0000][83][gc,start       ] GC(232) Pause Young (Mixed) (G1 Evacuation Pause)
[2022-05-19T09:59:20.996+0000][83][gc,task        ] GC(232) Using 10 workers of 10 for evacuation
[2022-05-19T09:59:20.996+0000][83][gc,age         ] GC(232) Desired survivor size 2097152 bytes, new threshold 4 (max threshold 15)
[2022-05-19T09:59:20.999+0000][83][gc,age         ] GC(232) Age table with threshold 4 (max threshold 15)
[2022-05-19T09:59:21.000+0000][83][gc,age         ] GC(232) - age   1:     296240 bytes,     296240 total
[2022-05-19T09:59:21.000+0000][83][gc,age         ] GC(232) - age   2:     755024 bytes,    1051264 total
[2022-05-19T09:59:21.000+0000][83][gc,age         ] GC(232) - age   3:     728264 bytes,    1779528 total
[2022-05-19T09:59:21.001+0000][83][gc,age         ] GC(232) - age   4:     295056 bytes,    2074584 total
[2022-05-19T09:59:21.001+0000][83][gc,phases      ] GC(232)   Pre Evacuate Collection Set: 0.2ms
[2022-05-19T09:59:21.001+0000][83][gc,phases      ] GC(232)   Merge Heap Roots: 0.2ms
[2022-05-19T09:59:21.001+0000][83][gc,phases      ] GC(232)   Evacuate Collection Set: 1.6ms
[2022-05-19T09:59:21.001+0000][83][gc,phases      ] GC(232)   Post Evacuate Collection Set: 1.1ms
[2022-05-19T09:59:21.002+0000][83][gc,phases      ] GC(232)   Other: 2.4ms
[2022-05-19T09:59:21.002+0000][83][gc,heap        ] GC(232) Eden regions: 5->0(14)
[2022-05-19T09:59:21.002+0000][83][gc,heap        ] GC(232) Survivor regions: 1->1(1)
[2022-05-19T09:59:21.002+0000][83][gc,heap        ] GC(232) Old regions: 44->44
[2022-05-19T09:59:21.002+0000][83][gc,heap        ] GC(232) Archive regions: 2->2
[2022-05-19T09:59:21.002+0000][83][gc,heap        ] GC(232) Humongous regions: 43->43
[2022-05-19T09:59:21.003+0000][83][gc,metaspace   ] GC(232) Metaspace: 101007K(102528K)->101007K(102528K) NonClass: 86993K(87936K)->86993K(87936K) Class: 14014K(14592K)->14014K(14592K)
[2022-05-19T09:59:21.003+0000][83][gc             ] GC(232) Pause Young (Mixed) (G1 Evacuation Pause) 366M->344M(512M) 7.245ms
[2022-05-19T09:59:21.003+0000][83][gc,cpu         ] GC(232) User=0.01s Sys=0.01s Real=0.01s
[2022-05-19T09:59:21.003+0000][83][safepoint      ] Safepoint "G1CollectForAllocation", Time since last: 150290000 ns, Reaching safepoint: 206200 ns, At safepoint: 7719000 ns, Total: 7925200 ns
[2022-05-19T09:59:21.440+0000][83][gc,start       ] GC(233) Pause Young (Concurrent Start) (G1 Evacuation Pause)
[2022-05-19T09:59:21.440+0000][83][gc,task        ] GC(233) Using 10 workers of 10 for evacuation
[2022-05-19T09:59:21.441+0000][83][gc,age         ] GC(233) Desired survivor size 4194304 bytes, new threshold 15 (max threshold 15)
[2022-05-19T09:59:21.443+0000][83][gc,age         ] GC(233) Age table with threshold 15 (max threshold 15)
[2022-05-19T09:59:21.443+0000][83][gc,age         ] GC(233) - age   1:     788816 bytes,     788816 total
[2022-05-19T09:59:21.443+0000][83][gc,age         ] GC(233) - age   2:     295936 bytes,    1084752 total
[2022-05-19T09:59:21.444+0000][83][gc,age         ] GC(233) - age   3:     754672 bytes,    1839424 total
[2022-05-19T09:59:21.444+0000][83][gc,age         ] GC(233) - age   4:     727176 bytes,    2566600 total
[2022-05-19T09:59:21.444+0000][83][gc,age         ] GC(233) - age   5:     295056 bytes,    2861656 total
[2022-05-19T09:59:21.444+0000][83][gc,phases      ] GC(233)   Pre Evacuate Collection Set: 0.3ms
[2022-05-19T09:59:21.444+0000][83][gc,phases      ] GC(233)   Merge Heap Roots: 0.2ms
[2022-05-19T09:59:21.444+0000][83][gc,phases      ] GC(233)   Evacuate Collection Set: 1.3ms
[2022-05-19T09:59:21.444+0000][83][gc,phases      ] GC(233)   Post Evacuate Collection Set: 0.5ms
[2022-05-19T09:59:21.445+0000][83][gc,phases      ] GC(233)   Other: 1.7ms
[2022-05-19T09:59:21.445+0000][83][gc,heap        ] GC(233) Eden regions: 14->0(14)
[2022-05-19T09:59:21.445+0000][83][gc,heap        ] GC(233) Survivor regions: 1->1(2)
[2022-05-19T09:59:21.445+0000][83][gc,heap        ] GC(233) Old regions: 44->44
[2022-05-19T09:59:21.445+0000][83][gc,heap        ] GC(233) Archive regions: 2->2
[2022-05-19T09:59:21.445+0000][83][gc,heap        ] GC(233) Humongous regions: 43->43
[2022-05-19T09:59:21.445+0000][83][gc,metaspace   ] GC(233) Metaspace: 101007K(102528K)->101007K(102528K) NonClass: 86993K(87936K)->86993K(87936K) Class: 14014K(14592K)->14014K(14592K)
[2022-05-19T09:59:21.445+0000][83][gc             ] GC(233) Pause Young (Concurrent Start) (G1 Evacuation Pause) 400M->345M(512M) 5.224ms
[2022-05-19T09:59:21.446+0000][83][gc,cpu         ] GC(233) User=0.01s Sys=0.00s Real=0.00s
[2022-05-19T09:59:21.446+0000][83][gc             ] GC(234) Concurrent Mark Cycle
[2022-05-19T09:59:21.446+0000][83][gc,marking     ] GC(234) Concurrent Clear Claimed Marks
[2022-05-19T09:59:21.446+0000][83][safepoint      ] Safepoint "G1CollectForAllocation", Time since last: 436771200 ns, Reaching safepoint: 197100 ns, At safepoint: 5583600 ns, Total: 5780700 ns
[2022-05-19T09:59:21.446+0000][83][gc,marking     ] GC(234) Concurrent Clear Claimed Marks 0.231ms
[2022-05-19T09:59:21.446+0000][83][gc,marking     ] GC(234) Concurrent Scan Root Regions
[2022-05-19T09:59:21.447+0000][83][gc,marking     ] GC(234) Concurrent Scan Root Regions 1.127ms
[2022-05-19T09:59:21.448+0000][83][gc,marking     ] GC(234) Concurrent Mark
[2022-05-19T09:59:21.448+0000][83][gc,marking     ] GC(234) Concurrent Mark From Roots
[2022-05-19T09:59:21.448+0000][83][gc,task        ] GC(234) Using 3 workers of 3 for marking
[2022-05-19T09:59:21.493+0000][83][gc,marking     ] GC(234) Concurrent Mark From Roots 45.139ms
[2022-05-19T09:59:21.493+0000][83][gc,marking     ] GC(234) Concurrent Preclean
[2022-05-19T09:59:21.494+0000][83][gc,marking     ] GC(234) Concurrent Preclean 0.555ms
[2022-05-19T09:59:21.494+0000][83][gc,start       ] GC(234) Pause Remark
[2022-05-19T09:59:21.498+0000][83][gc             ] GC(234) Pause Remark 350M->350M(512M) 3.369ms
[2022-05-19T09:59:21.498+0000][83][gc,cpu         ] GC(234) User=0.02s Sys=0.00s Real=0.00s
[2022-05-19T09:59:21.498+0000][83][safepoint      ] Safepoint "G1Concurrent", Time since last: 48426600 ns, Reaching safepoint: 287700 ns, At safepoint: 3972200 ns, Total: 4259900 ns
[2022-05-19T09:59:21.499+0000][83][gc,marking     ] GC(234) Concurrent Mark 51.027ms
[2022-05-19T09:59:21.499+0000][83][gc,marking     ] GC(234) Concurrent Rebuild Remembered Sets
[2022-05-19T09:59:21.519+0000][83][gc,marking     ] GC(234) Concurrent Rebuild Remembered Sets 20.282ms
[2022-05-19T09:59:21.520+0000][83][gc,start       ] GC(234) Pause Cleanup
[2022-05-19T09:59:21.520+0000][83][gc             ] GC(234) Pause Cleanup 351M->351M(512M) 0.455ms
[2022-05-19T09:59:21.521+0000][83][gc,cpu         ] GC(234) User=0.00s Sys=0.00s Real=0.00s
[2022-05-19T09:59:21.521+0000][83][safepoint      ] Safepoint "G1Concurrent", Time since last: 21124300 ns, Reaching safepoint: 297200 ns, At safepoint: 882300 ns, Total: 1179500 ns
[2022-05-19T09:59:21.521+0000][83][gc,marking     ] GC(234) Concurrent Cleanup for Next Mark
[2022-05-19T09:59:21.521+0000][83][gc,marking     ] GC(234) Concurrent Cleanup for Next Mark 0.374ms
[2022-05-19T09:59:21.521+0000][83][gc             ] GC(234) Concurrent Mark Cycle 75.772ms
[2022-05-19T09:59:21.917+0000][83][gc,start       ] GC(235) Pause Young (Prepare Mixed) (G1 Evacuation Pause)
[2022-05-19T09:59:21.918+0000][83][gc,task        ] GC(235) Using 10 workers of 10 for evacuation
[2022-05-19T09:59:21.918+0000][83][gc,age         ] GC(235) Desired survivor size 4194304 bytes, new threshold 15 (max threshold 15)
[2022-05-19T09:59:21.920+0000][83][gc,age         ] GC(235) Age table with threshold 15 (max threshold 15)
[2022-05-19T09:59:21.921+0000][83][gc,age         ] GC(235) - age   1:     821496 bytes,     821496 total
[2022-05-19T09:59:21.921+0000][83][gc,age         ] GC(235) - age   2:     788512 bytes,    1610008 total
[2022-05-19T09:59:21.921+0000][83][gc,age         ] GC(235) - age   3:     295056 bytes,    1905064 total
[2022-05-19T09:59:21.921+0000][83][gc,age         ] GC(235) - age   4:     754280 bytes,    2659344 total
[2022-05-19T09:59:21.921+0000][83][gc,age         ] GC(235) - age   5:     727144 bytes,    3386488 total
[2022-05-19T09:59:21.921+0000][83][gc,age         ] GC(235) - age   6:     295056 bytes,    3681544 total
[2022-05-19T09:59:21.922+0000][83][gc,phases      ] GC(235)   Pre Evacuate Collection Set: 0.2ms
[2022-05-19T09:59:21.922+0000][83][gc,phases      ] GC(235)   Merge Heap Roots: 0.2ms
[2022-05-19T09:59:21.922+0000][83][gc,phases      ] GC(235)   Evacuate Collection Set: 1.2ms
[2022-05-19T09:59:21.922+0000][83][gc,phases      ] GC(235)   Post Evacuate Collection Set: 0.7ms
[2022-05-19T09:59:21.922+0000][83][gc,phases      ] GC(235)   Other: 2.0ms
[2022-05-19T09:59:21.923+0000][83][gc,heap        ] GC(235) Eden regions: 14->0(5)
[2022-05-19T09:59:21.923+0000][83][gc,heap        ] GC(235) Survivor regions: 1->1(2)
[2022-05-19T09:59:21.923+0000][83][gc,heap        ] GC(235) Old regions: 44->44
[2022-05-19T09:59:21.923+0000][83][gc,heap        ] GC(235) Archive regions: 2->2
[2022-05-19T09:59:21.923+0000][83][gc,heap        ] GC(235) Humongous regions: 43->43
[2022-05-19T09:59:21.923+0000][83][gc,metaspace   ] GC(235) Metaspace: 101007K(102528K)->101007K(102528K) NonClass: 86993K(87936K)->86993K(87936K) Class: 14014K(14592K)->14014K(14592K)
[2022-05-19T09:59:21.924+0000][83][gc             ] GC(235) Pause Young (Prepare Mixed) (G1 Evacuation Pause) 401M->345M(512M) 6.196ms
[2022-05-19T09:59:21.924+0000][83][gc,cpu         ] GC(235) User=0.01s Sys=0.00s Real=0.01s
[2022-05-19T09:59:21.924+0000][83][safepoint      ] Safepoint "G1CollectForAllocation", Time since last: 396366600 ns, Reaching safepoint: 234000 ns, At safepoint: 6600400 ns, Total: 6834400 ns
[2022-05-19T09:59:22.094+0000][83][gc,start       ] GC(236) Pause Young (Mixed) (G1 Evacuation Pause)
[2022-05-19T09:59:22.095+0000][83][gc,task        ] GC(236) Using 10 workers of 10 for evacuation
[2022-05-19T09:59:22.095+0000][83][gc,age         ] GC(236) Desired survivor size 2097152 bytes, new threshold 4 (max threshold 15)
[2022-05-19T09:59:22.098+0000][83][gc,age         ] GC(236) Age table with threshold 4 (max threshold 15)
[2022-05-19T09:59:22.098+0000][83][gc,age         ] GC(236) - age   1:     295624 bytes,     295624 total
[2022-05-19T09:59:22.098+0000][83][gc,age         ] GC(236) - age   2:     821152 bytes,    1116776 total
[2022-05-19T09:59:22.098+0000][83][gc,age         ] GC(236) - age   3:     788512 bytes,    1905288 total
[2022-05-19T09:59:22.099+0000][83][gc,age         ] GC(236) - age   4:     295056 bytes,    2200344 total
[2022-05-19T09:59:22.099+0000][83][gc,phases      ] GC(236)   Pre Evacuate Collection Set: 0.2ms
[2022-05-19T09:59:22.099+0000][83][gc,phases      ] GC(236)   Merge Heap Roots: 0.2ms
[2022-05-19T09:59:22.099+0000][83][gc,phases      ] GC(236)   Evacuate Collection Set: 1.4ms
[2022-05-19T09:59:22.099+0000][83][gc,phases      ] GC(236)   Post Evacuate Collection Set: 0.6ms
[2022-05-19T09:59:22.099+0000][83][gc,phases      ] GC(236)   Other: 2.0ms
[2022-05-19T09:59:22.100+0000][83][gc,heap        ] GC(236) Eden regions: 5->0(15)
[2022-05-19T09:59:22.100+0000][83][gc,heap        ] GC(236) Survivor regions: 1->1(1)
[2022-05-19T09:59:22.100+0000][83][gc,heap        ] GC(236) Old regions: 44->44
[2022-05-19T09:59:22.100+0000][83][gc,heap        ] GC(236) Archive regions: 2->2
[2022-05-19T09:59:22.100+0000][83][gc,heap        ] GC(236) Humongous regions: 43->43
[2022-05-19T09:59:22.100+0000][83][gc,metaspace   ] GC(236) Metaspace: 101007K(102528K)->101007K(102528K) NonClass: 86993K(87936K)->86993K(87936K) Class: 14014K(14592K)->14014K(14592K)
[2022-05-19T09:59:22.100+0000][83][gc             ] GC(236) Pause Young (Mixed) (G1 Evacuation Pause) 365M->344M(512M) 6.082ms
[2022-05-19T09:59:22.101+0000][83][gc,cpu         ] GC(236) User=0.01s Sys=0.00s Real=0.01s
[2022-05-19T09:59:22.101+0000][83][safepoint      ] Safepoint "G1CollectForAllocation", Time since last: 170246700 ns, Reaching safepoint: 202200 ns, At safepoint: 6445300 ns, Total: 6647500 ns
[2022-05-19T09:59:22.601+0000][83][gc,start       ] GC(237) Pause Young (Concurrent Start) (G1 Evacuation Pause)
[2022-05-19T09:59:22.601+0000][83][gc,task        ] GC(237) Using 10 workers of 10 for evacuation
[2022-05-19T09:59:22.601+0000][83][gc,age         ] GC(237) Desired survivor size 4194304 bytes, new threshold 15 (max threshold 15)
[2022-05-19T09:59:22.603+0000][83][gc,age         ] GC(237) Age table with threshold 15 (max threshold 15)
[2022-05-19T09:59:22.604+0000][83][gc,age         ] GC(237) - age   1:     871432 bytes,     871432 total
[2022-05-19T09:59:22.604+0000][83][gc,age         ] GC(237) - age   2:     295056 bytes,    1166488 total
[2022-05-19T09:59:22.604+0000][83][gc,age         ] GC(237) - age   3:     820752 bytes,    1987240 total
[2022-05-19T09:59:22.604+0000][83][gc,age         ] GC(237) - age   4:     787072 bytes,    2774312 total
[2022-05-19T09:59:22.605+0000][83][gc,age         ] GC(237) - age   5:     295056 bytes,    3069368 total
[2022-05-19T09:59:22.605+0000][83][gc,phases      ] GC(237)   Pre Evacuate Collection Set: 0.2ms
[2022-05-19T09:59:22.605+0000][83][gc,phases      ] GC(237)   Merge Heap Roots: 0.2ms
[2022-05-19T09:59:22.605+0000][83][gc,phases      ] GC(237)   Evacuate Collection Set: 1.2ms
[2022-05-19T09:59:22.605+0000][83][gc,phases      ] GC(237)   Post Evacuate Collection Set: 0.7ms
[2022-05-19T09:59:22.605+0000][83][gc,phases      ] GC(237)   Other: 1.9ms
[2022-05-19T09:59:22.605+0000][83][gc,heap        ] GC(237) Eden regions: 15->0(15)
[2022-05-19T09:59:22.605+0000][83][gc,heap        ] GC(237) Survivor regions: 1->1(2)
[2022-05-19T09:59:22.606+0000][83][gc,heap        ] GC(237) Old regions: 44->44
[2022-05-19T09:59:22.606+0000][83][gc,heap        ] GC(237) Archive regions: 2->2
[2022-05-19T09:59:22.606+0000][83][gc,heap        ] GC(237) Humongous regions: 43->43
[2022-05-19T09:59:22.606+0000][83][gc,metaspace   ] GC(237) Metaspace: 101010K(102528K)->101010K(102528K) NonClass: 86996K(87936K)->86996K(87936K) Class: 14014K(14592K)->14014K(14592K)
[2022-05-19T09:59:22.606+0000][83][gc             ] GC(237) Pause Young (Concurrent Start) (G1 Evacuation Pause) 404M->344M(512M) 5.702ms
[2022-05-19T09:59:22.607+0000][83][gc,cpu         ] GC(237) User=0.01s Sys=0.00s Real=0.00s
[2022-05-19T09:59:22.607+0000][83][safepoint      ] Safepoint "G1CollectForAllocation", Time since last: 499567500 ns, Reaching safepoint: 193400 ns, At safepoint: 6136400 ns, Total: 6329800 ns
[2022-05-19T09:59:22.607+0000][83][gc             ] GC(238) Concurrent Mark Cycle
[2022-05-19T09:59:22.607+0000][83][gc,marking     ] GC(238) Concurrent Clear Claimed Marks
[2022-05-19T09:59:22.607+0000][83][gc,marking     ] GC(238) Concurrent Clear Claimed Marks 0.181ms
[2022-05-19T09:59:22.607+0000][83][gc,marking     ] GC(238) Concurrent Scan Root Regions
[2022-05-19T09:59:22.608+0000][83][gc,marking     ] GC(238) Concurrent Scan Root Regions 1.012ms
[2022-05-19T09:59:22.608+0000][83][gc,marking     ] GC(238) Concurrent Mark
[2022-05-19T09:59:22.609+0000][83][gc,marking     ] GC(238) Concurrent Mark From Roots
[2022-05-19T09:59:22.609+0000][83][gc,task        ] GC(238) Using 3 workers of 3 for marking
[2022-05-19T09:59:22.651+0000][83][gc,marking     ] GC(238) Concurrent Mark From Roots 42.867ms
[2022-05-19T09:59:22.652+0000][83][gc,marking     ] GC(238) Concurrent Preclean
[2022-05-19T09:59:22.652+0000][83][gc,marking     ] GC(238) Concurrent Preclean 0.531ms
[2022-05-19T09:59:22.653+0000][83][gc,start       ] GC(238) Pause Remark
[2022-05-19T09:59:22.656+0000][83][gc             ] GC(238) Pause Remark 350M->350M(512M) 2.939ms
[2022-05-19T09:59:22.656+0000][83][gc,cpu         ] GC(238) User=0.02s Sys=0.00s Real=0.00s
[2022-05-19T09:59:22.656+0000][83][safepoint      ] Safepoint "G1Concurrent", Time since last: 45781800 ns, Reaching safepoint: 198900 ns, At safepoint: 3434900 ns, Total: 3633800 ns
[2022-05-19T09:59:22.656+0000][83][gc,marking     ] GC(238) Concurrent Mark 47.889ms
[2022-05-19T09:59:22.657+0000][83][gc,marking     ] GC(238) Concurrent Rebuild Remembered Sets
[2022-05-19T09:59:22.676+0000][83][gc,marking     ] GC(238) Concurrent Rebuild Remembered Sets 18.981ms
[2022-05-19T09:59:22.676+0000][83][gc,start       ] GC(238) Pause Cleanup
[2022-05-19T09:59:22.677+0000][83][gc             ] GC(238) Pause Cleanup 352M->352M(512M) 0.403ms
[2022-05-19T09:59:22.677+0000][83][gc,cpu         ] GC(238) User=0.00s Sys=0.00s Real=0.00s
[2022-05-19T09:59:22.677+0000][83][safepoint      ] Safepoint "G1Concurrent", Time since last: 19716100 ns, Reaching safepoint: 272100 ns, At safepoint: 828200 ns, Total: 1100300 ns
[2022-05-19T09:59:22.677+0000][83][gc,marking     ] GC(238) Concurrent Cleanup for Next Mark
[2022-05-19T09:59:22.678+0000][83][gc,marking     ] GC(238) Concurrent Cleanup for Next Mark 0.391ms
[2022-05-19T09:59:22.678+0000][83][gc             ] GC(238) Concurrent Mark Cycle 70.994ms
[2022-05-19T09:59:23.093+0000][83][gc,start       ] GC(239) Pause Young (Prepare Mixed) (G1 Evacuation Pause)
[2022-05-19T09:59:23.093+0000][83][gc,task        ] GC(239) Using 10 workers of 10 for evacuation
[2022-05-19T09:59:23.094+0000][83][gc,age         ] GC(239) Desired survivor size 4194304 bytes, new threshold 15 (max threshold 15)
[2022-05-19T09:59:23.096+0000][83][gc,age         ] GC(239) Age table with threshold 15 (max threshold 15)
[2022-05-19T09:59:23.096+0000][83][gc,age         ] GC(239) - age   1:     853552 bytes,     853552 total
[2022-05-19T09:59:23.096+0000][83][gc,age         ] GC(239) - age   2:     870808 bytes,    1724360 total
[2022-05-19T09:59:23.096+0000][83][gc,age         ] GC(239) - age   3:     295056 bytes,    2019416 total
[2022-05-19T09:59:23.097+0000][83][gc,age         ] GC(239) - age   4:     819848 bytes,    2839264 total
[2022-05-19T09:59:23.097+0000][83][gc,age         ] GC(239) - age   5:     787072 bytes,    3626336 total
[2022-05-19T09:59:23.097+0000][83][gc,age         ] GC(239) - age   6:     295056 bytes,    3921392 total
[2022-05-19T09:59:23.097+0000][83][gc,phases      ] GC(239)   Pre Evacuate Collection Set: 0.2ms
[2022-05-19T09:59:23.097+0000][83][gc,phases      ] GC(239)   Merge Heap Roots: 0.1ms
[2022-05-19T09:59:23.097+0000][83][gc,phases      ] GC(239)   Evacuate Collection Set: 0.8ms
[2022-05-19T09:59:23.097+0000][83][gc,phases      ] GC(239)   Post Evacuate Collection Set: 0.7ms
[2022-05-19T09:59:23.098+0000][83][gc,phases      ] GC(239)   Other: 2.2ms
[2022-05-19T09:59:23.098+0000][83][gc,heap        ] GC(239) Eden regions: 15->0(5)
[2022-05-19T09:59:23.098+0000][83][gc,heap        ] GC(239) Survivor regions: 1->1(2)
[2022-05-19T09:59:23.098+0000][83][gc,heap        ] GC(239) Old regions: 44->44
[2022-05-19T09:59:23.098+0000][83][gc,heap        ] GC(239) Archive regions: 2->2
[2022-05-19T09:59:23.098+0000][83][gc,heap        ] GC(239) Humongous regions: 43->43
[2022-05-19T09:59:23.098+0000][83][gc,metaspace   ] GC(239) Metaspace: 101010K(102528K)->101010K(102528K) NonClass: 86996K(87936K)->86996K(87936K) Class: 14014K(14592K)->14014K(14592K)
[2022-05-19T09:59:23.098+0000][83][gc             ] GC(239) Pause Young (Prepare Mixed) (G1 Evacuation Pause) 404M->345M(512M) 5.265ms
[2022-05-19T09:59:23.098+0000][83][gc,cpu         ] GC(239) User=0.01s Sys=0.00s Real=0.00s
[2022-05-19T09:59:23.099+0000][83][safepoint      ] Safepoint "G1CollectForAllocation", Time since last: 415857200 ns, Reaching safepoint: 186500 ns, At safepoint: 5555200 ns, Total: 5741700 ns
[2022-05-19T09:59:23.254+0000][83][gc,start       ] GC(240) Pause Young (Mixed) (G1 Evacuation Pause)
[2022-05-19T09:59:23.255+0000][83][gc,task        ] GC(240) Using 10 workers of 10 for evacuation
[2022-05-19T09:59:23.255+0000][83][gc,age         ] GC(240) Desired survivor size 2097152 bytes, new threshold 4 (max threshold 15)
[2022-05-19T09:59:23.258+0000][83][gc,age         ] GC(240) Age table with threshold 4 (max threshold 15)
[2022-05-19T09:59:23.258+0000][83][gc,age         ] GC(240) - age   1:     295600 bytes,     295600 total
[2022-05-19T09:59:23.258+0000][83][gc,age         ] GC(240) - age   2:     853264 bytes,    1148864 total
[2022-05-19T09:59:23.258+0000][83][gc,age         ] GC(240) - age   3:     870584 bytes,    2019448 total
[2022-05-19T09:59:23.258+0000][83][gc,age         ] GC(240) - age   4:     295056 bytes,    2314504 total
[2022-05-19T09:59:23.259+0000][83][gc,phases      ] GC(240)   Pre Evacuate Collection Set: 0.2ms
[2022-05-19T09:59:23.259+0000][83][gc,phases      ] GC(240)   Merge Heap Roots: 0.1ms
[2022-05-19T09:59:23.259+0000][83][gc,phases      ] GC(240)   Evacuate Collection Set: 1.4ms
[2022-05-19T09:59:23.259+0000][83][gc,phases      ] GC(240)   Post Evacuate Collection Set: 0.6ms
[2022-05-19T09:59:23.259+0000][83][gc,phases      ] GC(240)   Other: 2.3ms
[2022-05-19T09:59:23.260+0000][83][gc,heap        ] GC(240) Eden regions: 5->0(16)
[2022-05-19T09:59:23.260+0000][83][gc,heap        ] GC(240) Survivor regions: 1->1(1)
[2022-05-19T09:59:23.260+0000][83][gc,heap        ] GC(240) Old regions: 44->44
[2022-05-19T09:59:23.260+0000][83][gc,heap        ] GC(240) Archive regions: 2->2
[2022-05-19T09:59:23.260+0000][83][gc,heap        ] GC(240) Humongous regions: 43->43
[2022-05-19T09:59:23.260+0000][83][gc,metaspace   ] GC(240) Metaspace: 101010K(102528K)->101010K(102528K) NonClass: 86996K(87936K)->86996K(87936K) Class: 14014K(14592K)->14014K(14592K)
[2022-05-19T09:59:23.260+0000][83][gc             ] GC(240) Pause Young (Mixed) (G1 Evacuation Pause) 365M->344M(512M) 6.099ms
[2022-05-19T09:59:23.260+0000][83][gc,cpu         ] GC(240) User=0.02s Sys=0.00s Real=0.01s
[2022-05-19T09:59:23.261+0000][83][safepoint      ] Safepoint "G1CollectForAllocation", Time since last: 155258400 ns, Reaching safepoint: 318500 ns, At safepoint: 6510300 ns, Total: 6828800 ns
[2022-05-19T09:59:23.823+0000][83][gc,start       ] GC(241) Pause Young (Concurrent Start) (G1 Evacuation Pause)
[2022-05-19T09:59:23.823+0000][83][gc,task        ] GC(241) Using 10 workers of 10 for evacuation
[2022-05-19T09:59:23.824+0000][83][gc,age         ] GC(241) Desired survivor size 6291456 bytes, new threshold 15 (max threshold 15)
[2022-05-19T09:59:23.827+0000][83][gc,age         ] GC(241) Age table with threshold 15 (max threshold 15)
[2022-05-19T09:59:23.828+0000][83][gc,age         ] GC(241) - age   1:     919984 bytes,     919984 total
[2022-05-19T09:59:23.828+0000][83][gc,age         ] GC(241) - age   2:     295248 bytes,    1215232 total
[2022-05-19T09:59:23.828+0000][83][gc,age         ] GC(241) - age   3:     853264 bytes,    2068496 total
[2022-05-19T09:59:23.828+0000][83][gc,age         ] GC(241) - age   4:     869000 bytes,    2937496 total
[2022-05-19T09:59:23.828+0000][83][gc,age         ] GC(241) - age   5:     295056 bytes,    3232552 total
[2022-05-19T09:59:23.829+0000][83][gc,phases      ] GC(241)   Pre Evacuate Collection Set: 0.4ms
[2022-05-19T09:59:23.829+0000][83][gc,phases      ] GC(241)   Merge Heap Roots: 0.2ms
[2022-05-19T09:59:23.829+0000][83][gc,phases      ] GC(241)   Evacuate Collection Set: 1.8ms
[2022-05-19T09:59:23.829+0000][83][gc,phases      ] GC(241)   Post Evacuate Collection Set: 0.9ms
[2022-05-19T09:59:23.829+0000][83][gc,phases      ] GC(241)   Other: 2.5ms
[2022-05-19T09:59:23.829+0000][83][gc,heap        ] GC(241) Eden regions: 16->0(16)
[2022-05-19T09:59:23.830+0000][83][gc,heap        ] GC(241) Survivor regions: 1->1(3)
[2022-05-19T09:59:23.830+0000][83][gc,heap        ] GC(241) Old regions: 44->44
[2022-05-19T09:59:23.830+0000][83][gc,heap        ] GC(241) Archive regions: 2->2
[2022-05-19T09:59:23.830+0000][83][gc,heap        ] GC(241) Humongous regions: 43->43
[2022-05-19T09:59:23.830+0000][83][gc,metaspace   ] GC(241) Metaspace: 101010K(102528K)->101010K(102528K) NonClass: 86996K(87936K)->86996K(87936K) Class: 14014K(14592K)->14014K(14592K)
[2022-05-19T09:59:23.831+0000][83][gc             ] GC(241) Pause Young (Concurrent Start) (G1 Evacuation Pause) 408M->345M(512M) 7.663ms
[2022-05-19T09:59:23.831+0000][83][gc,cpu         ] GC(241) User=0.02s Sys=0.00s Real=0.01s
[2022-05-19T09:59:23.831+0000][83][safepoint      ] Safepoint "G1CollectForAllocation", Time since last: 561796900 ns, Reaching safepoint: 417100 ns, At safepoint: 8032400 ns, Total: 8449500 ns
[2022-05-19T09:59:23.831+0000][83][gc             ] GC(242) Concurrent Mark Cycle
[2022-05-19T09:59:23.831+0000][83][gc,marking     ] GC(242) Concurrent Clear Claimed Marks
[2022-05-19T09:59:23.831+0000][83][gc,marking     ] GC(242) Concurrent Clear Claimed Marks 0.185ms
[2022-05-19T09:59:23.831+0000][83][gc,marking     ] GC(242) Concurrent Scan Root Regions
[2022-05-19T09:59:23.832+0000][83][gc,marking     ] GC(242) Concurrent Scan Root Regions 1.035ms
[2022-05-19T09:59:23.833+0000][83][gc,marking     ] GC(242) Concurrent Mark
[2022-05-19T09:59:23.833+0000][83][gc,marking     ] GC(242) Concurrent Mark From Roots
[2022-05-19T09:59:23.833+0000][83][gc,task        ] GC(242) Using 3 workers of 3 for marking
[2022-05-19T09:59:23.883+0000][83][gc,marking     ] GC(242) Concurrent Mark From Roots 50.681ms
[2022-05-19T09:59:23.884+0000][83][gc,marking     ] GC(242) Concurrent Preclean
[2022-05-19T09:59:23.884+0000][83][gc,marking     ] GC(242) Concurrent Preclean 0.544ms
[2022-05-19T09:59:23.885+0000][83][gc,start       ] GC(242) Pause Remark
[2022-05-19T09:59:23.888+0000][83][gc             ] GC(242) Pause Remark 351M->351M(512M) 2.800ms
[2022-05-19T09:59:23.888+0000][83][gc,cpu         ] GC(242) User=0.01s Sys=0.00s Real=0.00s
[2022-05-19T09:59:23.888+0000][83][safepoint      ] Safepoint "G1Concurrent", Time since last: 53595800 ns, Reaching safepoint: 254000 ns, At safepoint: 3402900 ns, Total: 3656900 ns
[2022-05-19T09:59:23.888+0000][83][gc,marking     ] GC(242) Concurrent Mark 55.847ms
[2022-05-19T09:59:23.889+0000][83][gc,marking     ] GC(242) Concurrent Rebuild Remembered Sets
[2022-05-19T09:59:23.913+0000][83][gc,marking     ] GC(242) Concurrent Rebuild Remembered Sets 23.934ms
[2022-05-19T09:59:23.913+0000][83][gc,start       ] GC(242) Pause Cleanup
[2022-05-19T09:59:23.914+0000][83][gc             ] GC(242) Pause Cleanup 354M->354M(512M) 0.464ms
[2022-05-19T09:59:23.914+0000][83][gc,cpu         ] GC(242) User=0.00s Sys=0.00s Real=0.00s
[2022-05-19T09:59:23.914+0000][83][safepoint      ] Safepoint "G1Concurrent", Time since last: 24883200 ns, Reaching safepoint: 332600 ns, At safepoint: 827500 ns, Total: 1160100 ns
[2022-05-19T09:59:23.914+0000][83][gc,marking     ] GC(242) Concurrent Cleanup for Next Mark
[2022-05-19T09:59:23.915+0000][83][gc,marking     ] GC(242) Concurrent Cleanup for Next Mark 0.327ms
[2022-05-19T09:59:23.915+0000][83][gc             ] GC(242) Concurrent Mark Cycle 83.897ms
[2022-05-19T09:59:24.355+0000][83][gc,start       ] GC(243) Pause Young (Prepare Mixed) (G1 Evacuation Pause)
[2022-05-19T09:59:24.355+0000][83][gc,task        ] GC(243) Using 10 workers of 10 for evacuation
[2022-05-19T09:59:24.356+0000][83][gc,age         ] GC(243) Desired survivor size 6291456 bytes, new threshold 15 (max threshold 15)
[2022-05-19T09:59:24.358+0000][83][gc,age         ] GC(243) Age table with threshold 15 (max threshold 15)
[2022-05-19T09:59:24.358+0000][83][gc,age         ] GC(243) - age   1:     920312 bytes,     920312 total
[2022-05-19T09:59:24.359+0000][83][gc,age         ] GC(243) - age   2:     918704 bytes,    1839016 total
[2022-05-19T09:59:24.359+0000][83][gc,age         ] GC(243) - age   3:     295056 bytes,    2134072 total
[2022-05-19T09:59:24.359+0000][83][gc,age         ] GC(243) - age   4:     852384 bytes,    2986456 total
[2022-05-19T09:59:24.359+0000][83][gc,age         ] GC(243) - age   5:     869000 bytes,    3855456 total
[2022-05-19T09:59:24.360+0000][83][gc,age         ] GC(243) - age   6:     295056 bytes,    4150512 total
[2022-05-19T09:59:24.360+0000][83][gc,phases      ] GC(243)   Pre Evacuate Collection Set: 0.2ms
[2022-05-19T09:59:24.360+0000][83][gc,phases      ] GC(243)   Merge Heap Roots: 0.3ms
[2022-05-19T09:59:24.360+0000][83][gc,phases      ] GC(243)   Evacuate Collection Set: 1.0ms
[2022-05-19T09:59:24.360+0000][83][gc,phases      ] GC(243)   Post Evacuate Collection Set: 0.7ms
[2022-05-19T09:59:24.360+0000][83][gc,phases      ] GC(243)   Other: 2.9ms
[2022-05-19T09:59:24.360+0000][83][gc,heap        ] GC(243) Eden regions: 16->0(5)
[2022-05-19T09:59:24.361+0000][83][gc,heap        ] GC(243) Survivor regions: 1->1(3)
[2022-05-19T09:59:24.361+0000][83][gc,heap        ] GC(243) Old regions: 44->44
[2022-05-19T09:59:24.361+0000][83][gc,heap        ] GC(243) Archive regions: 2->2
[2022-05-19T09:59:24.361+0000][83][gc,heap        ] GC(243) Humongous regions: 43->43
[2022-05-19T09:59:24.361+0000][83][gc,metaspace   ] GC(243) Metaspace: 101010K(102528K)->101010K(102528K) NonClass: 86996K(87936K)->86996K(87936K) Class: 14014K(14592K)->14014K(14592K)
[2022-05-19T09:59:24.361+0000][83][gc             ] GC(243) Pause Young (Prepare Mixed) (G1 Evacuation Pause) 409M->346M(512M) 6.502ms
[2022-05-19T09:59:24.361+0000][83][gc,cpu         ] GC(243) User=0.01s Sys=0.00s Real=0.01s
[2022-05-19T09:59:24.362+0000][83][safepoint      ] Safepoint "G1CollectForAllocation", Time since last: 440290700 ns, Reaching safepoint: 262800 ns, At safepoint: 6843900 ns, Total: 7106700 ns
[2022-05-19T09:59:24.529+0000][83][gc,start       ] GC(244) Pause Young (Mixed) (G1 Evacuation Pause)
[2022-05-19T09:59:24.529+0000][83][gc,task        ] GC(244) Using 10 workers of 10 for evacuation
[2022-05-19T09:59:24.529+0000][83][gc,age         ] GC(244) Desired survivor size 2097152 bytes, new threshold 3 (max threshold 15)
[2022-05-19T09:59:24.533+0000][83][gc,age         ] GC(244) Age table with threshold 3 (max threshold 15)
[2022-05-19T09:59:24.533+0000][83][gc,age         ] GC(244) - age   1:     263400 bytes,     263400 total
[2022-05-19T09:59:24.533+0000][83][gc,age         ] GC(244) - age   2:     919920 bytes,    1183320 total
[2022-05-19T09:59:24.533+0000][83][gc,age         ] GC(244) - age   3:     918016 bytes,    2101336 total
[2022-05-19T09:59:24.534+0000][83][gc,phases      ] GC(244)   Pre Evacuate Collection Set: 0.2ms
[2022-05-19T09:59:24.534+0000][83][gc,phases      ] GC(244)   Merge Heap Roots: 0.1ms
[2022-05-19T09:59:24.534+0000][83][gc,phases      ] GC(244)   Evacuate Collection Set: 2.0ms
[2022-05-19T09:59:24.534+0000][83][gc,phases      ] GC(244)   Post Evacuate Collection Set: 0.6ms
[2022-05-19T09:59:24.534+0000][83][gc,phases      ] GC(244)   Other: 1.9ms
[2022-05-19T09:59:24.535+0000][83][gc,heap        ] GC(244) Eden regions: 5->0(16)
[2022-05-19T09:59:24.535+0000][83][gc,heap        ] GC(244) Survivor regions: 1->1(1)
[2022-05-19T09:59:24.535+0000][83][gc,heap        ] GC(244) Old regions: 44->44
[2022-05-19T09:59:24.535+0000][83][gc,heap        ] GC(244) Archive regions: 2->2
[2022-05-19T09:59:24.535+0000][83][gc,heap        ] GC(244) Humongous regions: 43->43
[2022-05-19T09:59:24.536+0000][83][gc,metaspace   ] GC(244) Metaspace: 101010K(102528K)->101010K(102528K) NonClass: 86996K(87936K)->86996K(87936K) Class: 14014K(14592K)->14014K(14592K)
[2022-05-19T09:59:24.536+0000][83][gc             ] GC(244) Pause Young (Mixed) (G1 Evacuation Pause) 366M->346M(512M) 7.045ms
[2022-05-19T09:59:24.536+0000][83][gc,cpu         ] GC(244) User=0.02s Sys=0.00s Real=0.01s
[2022-05-19T09:59:24.536+0000][83][safepoint      ] Safepoint "G1CollectForAllocation", Time since last: 166908200 ns, Reaching safepoint: 216900 ns, At safepoint: 7401300 ns, Total: 7618200 ns
[2022-05-19T09:59:25.033+0000][83][gc,start       ] GC(245) Pause Young (Concurrent Start) (G1 Evacuation Pause)
[2022-05-19T09:59:25.033+0000][83][gc,task        ] GC(245) Using 10 workers of 10 for evacuation
[2022-05-19T09:59:25.034+0000][83][gc,age         ] GC(245) Desired survivor size 6291456 bytes, new threshold 15 (max threshold 15)
[2022-05-19T09:59:25.036+0000][83][gc,age         ] GC(245) Age table with threshold 15 (max threshold 15)
[2022-05-19T09:59:25.036+0000][83][gc,age         ] GC(245) - age   1:     957128 bytes,     957128 total
[2022-05-19T09:59:25.037+0000][83][gc,age         ] GC(245) - age   2:     263056 bytes,    1220184 total
[2022-05-19T09:59:25.037+0000][83][gc,age         ] GC(245) - age   3:     919040 bytes,    2139224 total
[2022-05-19T09:59:25.037+0000][83][gc,age         ] GC(245) - age   4:     918016 bytes,    3057240 total
[2022-05-19T09:59:25.037+0000][83][gc,phases      ] GC(245)   Pre Evacuate Collection Set: 0.3ms
[2022-05-19T09:59:25.038+0000][83][gc,phases      ] GC(245)   Merge Heap Roots: 0.2ms
[2022-05-19T09:59:25.038+0000][83][gc,phases      ] GC(245)   Evacuate Collection Set: 1.2ms
[2022-05-19T09:59:25.038+0000][83][gc,phases      ] GC(245)   Post Evacuate Collection Set: 0.6ms
[2022-05-19T09:59:25.038+0000][83][gc,phases      ] GC(245)   Other: 2.2ms
[2022-05-19T09:59:25.038+0000][83][gc,heap        ] GC(245) Eden regions: 16->0(16)
[2022-05-19T09:59:25.039+0000][83][gc,heap        ] GC(245) Survivor regions: 1->1(3)
[2022-05-19T09:59:25.039+0000][83][gc,heap        ] GC(245) Old regions: 44->44
[2022-05-19T09:59:25.039+0000][83][gc,heap        ] GC(245) Archive regions: 2->2
[2022-05-19T09:59:25.039+0000][83][gc,heap        ] GC(245) Humongous regions: 43->43
[2022-05-19T09:59:25.039+0000][83][gc,metaspace   ] GC(245) Metaspace: 101010K(102528K)->101010K(102528K) NonClass: 86996K(87936K)->86996K(87936K) Class: 14014K(14592K)->14014K(14592K)
[2022-05-19T09:59:25.039+0000][83][gc             ] GC(245) Pause Young (Concurrent Start) (G1 Evacuation Pause) 410M->347M(512M) 6.287ms
[2022-05-19T09:59:25.039+0000][83][gc,cpu         ] GC(245) User=0.01s Sys=0.00s Real=0.01s
[2022-05-19T09:59:25.040+0000][83][gc             ] GC(246) Concurrent Mark Cycle
[2022-05-19T09:59:25.040+0000][83][gc,marking     ] GC(246) Concurrent Clear Claimed Marks
[2022-05-19T09:59:25.040+0000][83][safepoint      ] Safepoint "G1CollectForAllocation", Time since last: 496668100 ns, Reaching safepoint: 186500 ns, At safepoint: 6612600 ns, Total: 6799100 ns
[2022-05-19T09:59:25.040+0000][83][gc,marking     ] GC(246) Concurrent Clear Claimed Marks 0.188ms
[2022-05-19T09:59:25.040+0000][83][gc,marking     ] GC(246) Concurrent Scan Root Regions
[2022-05-19T09:59:25.041+0000][83][gc,marking     ] GC(246) Concurrent Scan Root Regions 1.018ms
[2022-05-19T09:59:25.041+0000][83][gc,marking     ] GC(246) Concurrent Mark
[2022-05-19T09:59:25.041+0000][83][gc,marking     ] GC(246) Concurrent Mark From Roots
[2022-05-19T09:59:25.041+0000][83][gc,task        ] GC(246) Using 3 workers of 3 for marking
[2022-05-19T09:59:25.087+0000][83][gc,marking     ] GC(246) Concurrent Mark From Roots 45.684ms
[2022-05-19T09:59:25.087+0000][83][gc,marking     ] GC(246) Concurrent Preclean
[2022-05-19T09:59:25.088+0000][83][gc,marking     ] GC(246) Concurrent Preclean 0.567ms
[2022-05-19T09:59:25.089+0000][83][gc,start       ] GC(246) Pause Remark
[2022-05-19T09:59:25.091+0000][83][gc             ] GC(246) Pause Remark 352M->352M(512M) 2.962ms
[2022-05-19T09:59:25.092+0000][83][gc,cpu         ] GC(246) User=0.01s Sys=0.01s Real=0.01s
[2022-05-19T09:59:25.092+0000][83][safepoint      ] Safepoint "G1Concurrent", Time since last: 48612200 ns, Reaching safepoint: 336100 ns, At safepoint: 3496100 ns, Total: 3832200 ns
[2022-05-19T09:59:25.092+0000][83][gc,marking     ] GC(246) Concurrent Mark 50.984ms
[2022-05-19T09:59:25.092+0000][83][gc,marking     ] GC(246) Concurrent Rebuild Remembered Sets
[2022-05-19T09:59:25.116+0000][83][gc,marking     ] GC(246) Concurrent Rebuild Remembered Sets 23.211ms
[2022-05-19T09:59:25.116+0000][83][gc,start       ] GC(246) Pause Cleanup
[2022-05-19T09:59:25.117+0000][83][gc             ] GC(246) Pause Cleanup 355M->355M(512M) 0.388ms
[2022-05-19T09:59:25.117+0000][83][gc,cpu         ] GC(246) User=0.00s Sys=0.00s Real=0.00s
[2022-05-19T09:59:25.117+0000][83][safepoint      ] Safepoint "G1Concurrent", Time since last: 23876300 ns, Reaching safepoint: 260400 ns, At safepoint: 836300 ns, Total: 1096700 ns
[2022-05-19T09:59:25.117+0000][83][gc,marking     ] GC(246) Concurrent Cleanup for Next Mark
[2022-05-19T09:59:25.118+0000][83][gc,marking     ] GC(246) Concurrent Cleanup for Next Mark 0.307ms
[2022-05-19T09:59:25.118+0000][83][gc             ] GC(246) Concurrent Mark Cycle 78.097ms
[2022-05-19T09:59:25.574+0000][83][gc,start       ] GC(247) Pause Young (Prepare Mixed) (G1 Evacuation Pause)
[2022-05-19T09:59:25.575+0000][83][gc,task        ] GC(247) Using 10 workers of 10 for evacuation
[2022-05-19T09:59:25.575+0000][83][gc,age         ] GC(247) Desired survivor size 6291456 bytes, new threshold 15 (max threshold 15)
[2022-05-19T09:59:25.577+0000][83][gc,age         ] GC(247) Age table with threshold 15 (max threshold 15)
[2022-05-19T09:59:25.577+0000][83][gc,age         ] GC(247) - age   1:     887480 bytes,     887480 total
[2022-05-19T09:59:25.577+0000][83][gc,age         ] GC(247) - age   2:     956808 bytes,    1844288 total
[2022-05-19T09:59:25.578+0000][83][gc,age         ] GC(247) - age   3:     262336 bytes,    2106624 total
[2022-05-19T09:59:25.578+0000][83][gc,age         ] GC(247) - age   4:     917952 bytes,    3024576 total
[2022-05-19T09:59:25.578+0000][83][gc,age         ] GC(247) - age   5:     917984 bytes,    3942560 total
[2022-05-19T09:59:25.578+0000][83][gc,phases      ] GC(247)   Pre Evacuate Collection Set: 0.2ms
[2022-05-19T09:59:25.578+0000][83][gc,phases      ] GC(247)   Merge Heap Roots: 0.1ms
[2022-05-19T09:59:25.578+0000][83][gc,phases      ] GC(247)   Evacuate Collection Set: 0.9ms
[2022-05-19T09:59:25.578+0000][83][gc,phases      ] GC(247)   Post Evacuate Collection Set: 0.6ms
[2022-05-19T09:59:25.579+0000][83][gc,phases      ] GC(247)   Other: 1.8ms
[2022-05-19T09:59:25.579+0000][83][gc,heap        ] GC(247) Eden regions: 16->0(5)
[2022-05-19T09:59:25.579+0000][83][gc,heap        ] GC(247) Survivor regions: 1->1(3)
[2022-05-19T09:59:25.579+0000][83][gc,heap        ] GC(247) Old regions: 44->44
[2022-05-19T09:59:25.579+0000][83][gc,heap        ] GC(247) Archive regions: 2->2
[2022-05-19T09:59:25.579+0000][83][gc,heap        ] GC(247) Humongous regions: 43->43
[2022-05-19T09:59:25.579+0000][83][gc,metaspace   ] GC(247) Metaspace: 101010K(102528K)->101010K(102528K) NonClass: 86996K(87936K)->86996K(87936K) Class: 14014K(14592K)->14014K(14592K)
[2022-05-19T09:59:25.580+0000][83][gc             ] GC(247) Pause Young (Prepare Mixed) (G1 Evacuation Pause) 411M->348M(512M) 5.027ms
[2022-05-19T09:59:25.580+0000][83][gc,cpu         ] GC(247) User=0.01s Sys=0.00s Real=0.01s
[2022-05-19T09:59:25.580+0000][83][safepoint      ] Safepoint "G1CollectForAllocation", Time since last: 457232000 ns, Reaching safepoint: 231700 ns, At safepoint: 5347100 ns, Total: 5578800 ns
[2022-05-19T09:59:25.737+0000][83][gc,start       ] GC(248) Pause Young (Mixed) (G1 Evacuation Pause)
[2022-05-19T09:59:25.737+0000][83][gc,task        ] GC(248) Using 10 workers of 10 for evacuation
[2022-05-19T09:59:25.737+0000][83][gc,age         ] GC(248) Desired survivor size 2097152 bytes, new threshold 3 (max threshold 15)
[2022-05-19T09:59:25.740+0000][83][gc,age         ] GC(248) Age table with threshold 3 (max threshold 15)
[2022-05-19T09:59:25.740+0000][83][gc,age         ] GC(248) - age   1:     295552 bytes,     295552 total
[2022-05-19T09:59:25.740+0000][83][gc,age         ] GC(248) - age   2:     887072 bytes,    1182624 total
[2022-05-19T09:59:25.740+0000][83][gc,age         ] GC(248) - age   3:     956808 bytes,    2139432 total
[2022-05-19T09:59:25.741+0000][83][gc,phases      ] GC(248)   Pre Evacuate Collection Set: 0.2ms
[2022-05-19T09:59:25.741+0000][83][gc,phases      ] GC(248)   Merge Heap Roots: 0.1ms
[2022-05-19T09:59:25.741+0000][83][gc,phases      ] GC(248)   Evacuate Collection Set: 1.2ms
[2022-05-19T09:59:25.741+0000][83][gc,phases      ] GC(248)   Post Evacuate Collection Set: 0.6ms
[2022-05-19T09:59:25.741+0000][83][gc,phases      ] GC(248)   Other: 1.6ms
[2022-05-19T09:59:25.742+0000][83][gc,heap        ] GC(248) Eden regions: 5->0(16)
[2022-05-19T09:59:25.742+0000][83][gc,heap        ] GC(248) Survivor regions: 1->1(1)
[2022-05-19T09:59:25.742+0000][83][gc,heap        ] GC(248) Old regions: 44->44
[2022-05-19T09:59:25.742+0000][83][gc,heap        ] GC(248) Archive regions: 2->2
[2022-05-19T09:59:25.742+0000][83][gc,heap        ] GC(248) Humongous regions: 43->43
[2022-05-19T09:59:25.742+0000][83][gc,metaspace   ] GC(248) Metaspace: 101010K(102528K)->101010K(102528K) NonClass: 86996K(87936K)->86996K(87936K) Class: 14014K(14592K)->14014K(14592K)
[2022-05-19T09:59:25.742+0000][83][gc             ] GC(248) Pause Young (Mixed) (G1 Evacuation Pause) 368M->346M(512M) 5.614ms
[2022-05-19T09:59:25.742+0000][83][gc,cpu         ] GC(248) User=0.01s Sys=0.00s Real=0.01s
[2022-05-19T09:59:25.743+0000][83][safepoint      ] Safepoint "G1CollectForAllocation", Time since last: 156759100 ns, Reaching safepoint: 179200 ns, At safepoint: 5890200 ns, Total: 6069400 ns
[2022-05-19T09:59:26.225+0000][83][gc,start       ] GC(249) Pause Young (Concurrent Start) (G1 Evacuation Pause)
[2022-05-19T09:59:26.225+0000][83][gc,task        ] GC(249) Using 10 workers of 10 for evacuation
[2022-05-19T09:59:26.226+0000][83][gc,age         ] GC(249) Desired survivor size 6291456 bytes, new threshold 15 (max threshold 15)
[2022-05-19T09:59:26.229+0000][83][gc,age         ] GC(249) Age table with threshold 15 (max threshold 15)
[2022-05-19T09:59:26.229+0000][83][gc,age         ] GC(249) - age   1:     919672 bytes,     919672 total
[2022-05-19T09:59:26.229+0000][83][gc,age         ] GC(249) - age   2:     295056 bytes,    1214728 total
[2022-05-19T09:59:26.229+0000][83][gc,age         ] GC(249) - age   3:     886816 bytes,    2101544 total
[2022-05-19T09:59:26.229+0000][83][gc,age         ] GC(249) - age   4:     955928 bytes,    3057472 total
[2022-05-19T09:59:26.230+0000][83][gc,phases      ] GC(249)   Pre Evacuate Collection Set: 0.5ms
[2022-05-19T09:59:26.230+0000][83][gc,phases      ] GC(249)   Merge Heap Roots: 0.2ms
[2022-05-19T09:59:26.230+0000][83][gc,phases      ] GC(249)   Evacuate Collection Set: 1.3ms
[2022-05-19T09:59:26.230+0000][83][gc,phases      ] GC(249)   Post Evacuate Collection Set: 0.6ms
[2022-05-19T09:59:26.230+0000][83][gc,phases      ] GC(249)   Other: 1.9ms
[2022-05-19T09:59:26.230+0000][83][gc,heap        ] GC(249) Eden regions: 16->0(16)
[2022-05-19T09:59:26.231+0000][83][gc,heap        ] GC(249) Survivor regions: 1->1(3)
[2022-05-19T09:59:26.231+0000][83][gc,heap        ] GC(249) Old regions: 44->44
[2022-05-19T09:59:26.231+0000][83][gc,heap        ] GC(249) Archive regions: 2->2
[2022-05-19T09:59:26.231+0000][83][gc,heap        ] GC(249) Humongous regions: 43->43
[2022-05-19T09:59:26.231+0000][83][gc,metaspace   ] GC(249) Metaspace: 101010K(102528K)->101010K(102528K) NonClass: 86996K(87936K)->86996K(87936K) Class: 14014K(14592K)->14014K(14592K)
[2022-05-19T09:59:26.231+0000][83][gc             ] GC(249) Pause Young (Concurrent Start) (G1 Evacuation Pause) 410M->347M(512M) 5.990ms
[2022-05-19T09:59:26.231+0000][83][gc,cpu         ] GC(249) User=0.00s Sys=0.01s Real=0.01s
[2022-05-19T09:59:26.231+0000][83][gc             ] GC(250) Concurrent Mark Cycle
[2022-05-19T09:59:26.231+0000][83][safepoint      ] Safepoint "G1CollectForAllocation", Time since last: 482105600 ns, Reaching safepoint: 353500 ns, At safepoint: 6295000 ns, Total: 6648500 ns
[2022-05-19T09:59:26.232+0000][83][gc,marking     ] GC(250) Concurrent Clear Claimed Marks
[2022-05-19T09:59:26.232+0000][83][gc,marking     ] GC(250) Concurrent Clear Claimed Marks 0.300ms
[2022-05-19T09:59:26.232+0000][83][gc,marking     ] GC(250) Concurrent Scan Root Regions
[2022-05-19T09:59:26.233+0000][83][gc,marking     ] GC(250) Concurrent Scan Root Regions 1.056ms
[2022-05-19T09:59:26.233+0000][83][gc,marking     ] GC(250) Concurrent Mark
[2022-05-19T09:59:26.233+0000][83][gc,marking     ] GC(250) Concurrent Mark From Roots
[2022-05-19T09:59:26.233+0000][83][gc,task        ] GC(250) Using 3 workers of 3 for marking
[2022-05-19T09:59:26.280+0000][83][gc,marking     ] GC(250) Concurrent Mark From Roots 46.464ms
[2022-05-19T09:59:26.280+0000][83][gc,marking     ] GC(250) Concurrent Preclean
[2022-05-19T09:59:26.281+0000][83][gc,marking     ] GC(250) Concurrent Preclean 0.862ms
[2022-05-19T09:59:26.282+0000][83][gc,start       ] GC(250) Pause Remark
[2022-05-19T09:59:26.285+0000][83][gc             ] GC(250) Pause Remark 353M->353M(512M) 3.409ms
[2022-05-19T09:59:26.285+0000][83][gc,cpu         ] GC(250) User=0.03s Sys=0.00s Real=0.00s
[2022-05-19T09:59:26.286+0000][83][safepoint      ] Safepoint "G1Concurrent", Time since last: 49878200 ns, Reaching safepoint: 327500 ns, At safepoint: 4085900 ns, Total: 4413400 ns
[2022-05-19T09:59:26.286+0000][83][gc,marking     ] GC(250) Concurrent Mark 52.850ms
[2022-05-19T09:59:26.286+0000][83][gc,marking     ] GC(250) Concurrent Rebuild Remembered Sets
[2022-05-19T09:59:26.308+0000][83][gc,marking     ] GC(250) Concurrent Rebuild Remembered Sets 21.379ms
[2022-05-19T09:59:26.309+0000][83][gc,start       ] GC(250) Pause Cleanup
[2022-05-19T09:59:26.310+0000][83][gc             ] GC(250) Pause Cleanup 355M->355M(512M) 0.705ms
[2022-05-19T09:59:26.310+0000][83][gc,cpu         ] GC(250) User=0.00s Sys=0.00s Real=0.01s
[2022-05-19T09:59:26.310+0000][83][safepoint      ] Safepoint "G1Concurrent", Time since last: 22545800 ns, Reaching safepoint: 626900 ns, At safepoint: 1271100 ns, Total: 1898000 ns
[2022-05-19T09:59:26.310+0000][83][gc,marking     ] GC(250) Concurrent Cleanup for Next Mark
[2022-05-19T09:59:26.311+0000][83][gc,marking     ] GC(250) Concurrent Cleanup for Next Mark 0.727ms
[2022-05-19T09:59:26.312+0000][83][gc             ] GC(250) Concurrent Mark Cycle 80.265ms
[2022-05-19T09:59:26.804+0000][83][gc,start       ] GC(251) Pause Young (Prepare Mixed) (G1 Evacuation Pause)
[2022-05-19T09:59:26.804+0000][83][gc,task        ] GC(251) Using 10 workers of 10 for evacuation
[2022-05-19T09:59:26.804+0000][83][gc,age         ] GC(251) Desired survivor size 6291456 bytes, new threshold 15 (max threshold 15)
[2022-05-19T09:59:26.806+0000][83][gc,age         ] GC(251) Age table with threshold 15 (max threshold 15)
[2022-05-19T09:59:26.806+0000][83][gc,age         ] GC(251) - age   1:     985992 bytes,     985992 total
[2022-05-19T09:59:26.807+0000][83][gc,age         ] GC(251) - age   2:     919208 bytes,    1905200 total
[2022-05-19T09:59:26.807+0000][83][gc,age         ] GC(251) - age   3:     295056 bytes,    2200256 total
[2022-05-19T09:59:26.807+0000][83][gc,age         ] GC(251) - age   4:     885232 bytes,    3085488 total
[2022-05-19T09:59:26.807+0000][83][gc,age         ] GC(251) - age   5:     955928 bytes,    4041416 total
[2022-05-19T09:59:26.807+0000][83][gc,phases      ] GC(251)   Pre Evacuate Collection Set: 0.2ms
[2022-05-19T09:59:26.807+0000][83][gc,phases      ] GC(251)   Merge Heap Roots: 0.2ms
[2022-05-19T09:59:26.808+0000][83][gc,phases      ] GC(251)   Evacuate Collection Set: 0.9ms
[2022-05-19T09:59:26.808+0000][83][gc,phases      ] GC(251)   Post Evacuate Collection Set: 0.7ms
[2022-05-19T09:59:26.808+0000][83][gc,phases      ] GC(251)   Other: 1.7ms
[2022-05-19T09:59:26.808+0000][83][gc,heap        ] GC(251) Eden regions: 16->0(5)
[2022-05-19T09:59:26.808+0000][83][gc,heap        ] GC(251) Survivor regions: 1->1(3)
[2022-05-19T09:59:26.808+0000][83][gc,heap        ] GC(251) Old regions: 44->44
[2022-05-19T09:59:26.808+0000][83][gc,heap        ] GC(251) Archive regions: 2->2
[2022-05-19T09:59:26.808+0000][83][gc,heap        ] GC(251) Humongous regions: 43->43
[2022-05-19T09:59:26.809+0000][83][gc,metaspace   ] GC(251) Metaspace: 101010K(102528K)->101010K(102528K) NonClass: 86996K(87936K)->86996K(87936K) Class: 14014K(14592K)->14014K(14592K)
[2022-05-19T09:59:26.809+0000][83][gc             ] GC(251) Pause Young (Prepare Mixed) (G1 Evacuation Pause) 411M->348M(512M) 5.147ms
[2022-05-19T09:59:26.809+0000][83][gc,cpu         ] GC(251) User=0.01s Sys=0.00s Real=0.00s
[2022-05-19T09:59:26.809+0000][83][safepoint      ] Safepoint "G1CollectForAllocation", Time since last: 493295000 ns, Reaching safepoint: 186300 ns, At safepoint: 5465300 ns, Total: 5651600 ns
[2022-05-19T09:59:26.973+0000][83][gc,start       ] GC(252) Pause Young (Mixed) (G1 Evacuation Pause)
[2022-05-19T09:59:26.974+0000][83][gc,task        ] GC(252) Using 10 workers of 10 for evacuation
[2022-05-19T09:59:26.974+0000][83][gc,age         ] GC(252) Desired survivor size 2097152 bytes, new threshold 3 (max threshold 15)
[2022-05-19T09:59:26.978+0000][83][gc,age         ] GC(252) Age table with threshold 3 (max threshold 15)
[2022-05-19T09:59:26.978+0000][83][gc,age         ] GC(252) - age   1:     263472 bytes,     263472 total
[2022-05-19T09:59:26.979+0000][83][gc,age         ] GC(252) - age   2:     985696 bytes,    1249168 total
[2022-05-19T09:59:26.979+0000][83][gc,age         ] GC(252) - age   3:     918328 bytes,    2167496 total
[2022-05-19T09:59:26.979+0000][83][gc,phases      ] GC(252)   Pre Evacuate Collection Set: 0.2ms
[2022-05-19T09:59:26.979+0000][83][gc,phases      ] GC(252)   Merge Heap Roots: 0.2ms
[2022-05-19T09:59:26.979+0000][83][gc,phases      ] GC(252)   Evacuate Collection Set: 2.5ms
[2022-05-19T09:59:26.980+0000][83][gc,phases      ] GC(252)   Post Evacuate Collection Set: 1.1ms
[2022-05-19T09:59:26.980+0000][83][gc,phases      ] GC(252)   Other: 1.9ms
[2022-05-19T09:59:26.980+0000][83][gc,heap        ] GC(252) Eden regions: 5->0(16)
[2022-05-19T09:59:26.980+0000][83][gc,heap        ] GC(252) Survivor regions: 1->1(1)
[2022-05-19T09:59:26.980+0000][83][gc,heap        ] GC(252) Old regions: 44->44
[2022-05-19T09:59:26.980+0000][83][gc,heap        ] GC(252) Archive regions: 2->2
[2022-05-19T09:59:26.980+0000][83][gc,heap        ] GC(252) Humongous regions: 43->43
[2022-05-19T09:59:26.981+0000][83][gc,metaspace   ] GC(252) Metaspace: 101012K(102528K)->101012K(102528K) NonClass: 86997K(87936K)->86997K(87936K) Class: 14014K(14592K)->14014K(14592K)
[2022-05-19T09:59:26.981+0000][83][gc             ] GC(252) Pause Young (Mixed) (G1 Evacuation Pause) 368M->347M(512M) 7.563ms
[2022-05-19T09:59:26.981+0000][83][gc,cpu         ] GC(252) User=0.02s Sys=0.00s Real=0.01s
[2022-05-19T09:59:26.981+0000][83][safepoint      ] Safepoint "G1CollectForAllocation", Time since last: 163903800 ns, Reaching safepoint: 219000 ns, At safepoint: 7855600 ns, Total: 8074600 ns
[2022-05-19T09:59:27.489+0000][83][gc,start       ] GC(253) Pause Young (Concurrent Start) (G1 Evacuation Pause)
[2022-05-19T09:59:27.490+0000][83][gc,task        ] GC(253) Using 10 workers of 10 for evacuation
[2022-05-19T09:59:27.490+0000][83][gc,age         ] GC(253) Desired survivor size 6291456 bytes, new threshold 15 (max threshold 15)
[2022-05-19T09:59:27.493+0000][83][gc,age         ] GC(253) Age table with threshold 15 (max threshold 15)
[2022-05-19T09:59:27.493+0000][83][gc,age         ] GC(253) - age   1:     925608 bytes,     925608 total
[2022-05-19T09:59:27.493+0000][83][gc,age         ] GC(253) - age   2:     263152 bytes,    1188760 total
[2022-05-19T09:59:27.493+0000][83][gc,age         ] GC(253) - age   3:     984448 bytes,    2173208 total
[2022-05-19T09:59:27.493+0000][83][gc,age         ] GC(253) - age   4:     918136 bytes,    3091344 total
[2022-05-19T09:59:27.494+0000][83][gc,phases      ] GC(253)   Pre Evacuate Collection Set: 0.3ms
[2022-05-19T09:59:27.494+0000][83][gc,phases      ] GC(253)   Merge Heap Roots: 0.2ms
[2022-05-19T09:59:27.494+0000][83][gc,phases      ] GC(253)   Evacuate Collection Set: 1.3ms
[2022-05-19T09:59:27.494+0000][83][gc,phases      ] GC(253)   Post Evacuate Collection Set: 0.6ms
[2022-05-19T09:59:27.494+0000][83][gc,phases      ] GC(253)   Other: 1.9ms
[2022-05-19T09:59:27.494+0000][83][gc,heap        ] GC(253) Eden regions: 16->0(17)
[2022-05-19T09:59:27.494+0000][83][gc,heap        ] GC(253) Survivor regions: 1->1(3)
[2022-05-19T09:59:27.494+0000][83][gc,heap        ] GC(253) Old regions: 44->44
[2022-05-19T09:59:27.494+0000][83][gc,heap        ] GC(253) Archive regions: 2->2
[2022-05-19T09:59:27.495+0000][83][gc,heap        ] GC(253) Humongous regions: 43->43
[2022-05-19T09:59:27.495+0000][83][gc,metaspace   ] GC(253) Metaspace: 101012K(102528K)->101012K(102528K) NonClass: 86997K(87936K)->86997K(87936K) Class: 14014K(14592K)->14014K(14592K)
[2022-05-19T09:59:27.495+0000][83][gc             ] GC(253) Pause Young (Concurrent Start) (G1 Evacuation Pause) 411M->348M(512M) 5.482ms
[2022-05-19T09:59:27.495+0000][83][gc,cpu         ] GC(253) User=0.01s Sys=0.00s Real=0.00s
[2022-05-19T09:59:27.495+0000][83][gc             ] GC(254) Concurrent Mark Cycle
[2022-05-19T09:59:27.495+0000][83][gc,marking     ] GC(254) Concurrent Clear Claimed Marks
[2022-05-19T09:59:27.495+0000][83][safepoint      ] Safepoint "G1CollectForAllocation", Time since last: 508089600 ns, Reaching safepoint: 201300 ns, At safepoint: 5790100 ns, Total: 5991400 ns
[2022-05-19T09:59:27.495+0000][83][gc,marking     ] GC(254) Concurrent Clear Claimed Marks 0.191ms
[2022-05-19T09:59:27.496+0000][83][gc,marking     ] GC(254) Concurrent Scan Root Regions
[2022-05-19T09:59:27.497+0000][83][gc,marking     ] GC(254) Concurrent Scan Root Regions 1.053ms
[2022-05-19T09:59:27.497+0000][83][gc,marking     ] GC(254) Concurrent Mark
[2022-05-19T09:59:27.497+0000][83][gc,marking     ] GC(254) Concurrent Mark From Roots
[2022-05-19T09:59:27.497+0000][83][gc,task        ] GC(254) Using 3 workers of 3 for marking
[2022-05-19T09:59:27.545+0000][83][gc,marking     ] GC(254) Concurrent Mark From Roots 48.291ms
[2022-05-19T09:59:27.546+0000][83][gc,marking     ] GC(254) Concurrent Preclean
[2022-05-19T09:59:27.546+0000][83][gc,marking     ] GC(254) Concurrent Preclean 0.691ms
[2022-05-19T09:59:27.547+0000][83][gc,start       ] GC(254) Pause Remark
[2022-05-19T09:59:27.550+0000][83][gc             ] GC(254) Pause Remark 353M->353M(512M) 3.356ms
[2022-05-19T09:59:27.551+0000][83][gc,cpu         ] GC(254) User=0.02s Sys=0.00s Real=0.01s
[2022-05-19T09:59:27.551+0000][83][safepoint      ] Safepoint "G1Concurrent", Time since last: 51639000 ns, Reaching safepoint: 296000 ns, At safepoint: 3879500 ns, Total: 4175500 ns
[2022-05-19T09:59:27.551+0000][83][gc,marking     ] GC(254) Concurrent Mark 54.359ms
[2022-05-19T09:59:27.552+0000][83][gc,marking     ] GC(254) Concurrent Rebuild Remembered Sets
[2022-05-19T09:59:27.572+0000][83][gc,marking     ] GC(254) Concurrent Rebuild Remembered Sets 20.201ms
[2022-05-19T09:59:27.572+0000][83][gc,start       ] GC(254) Pause Cleanup
[2022-05-19T09:59:27.573+0000][83][gc             ] GC(254) Pause Cleanup 356M->356M(512M) 0.336ms
[2022-05-19T09:59:27.573+0000][83][gc,cpu         ] GC(254) User=0.00s Sys=0.00s Real=0.00s
[2022-05-19T09:59:27.573+0000][83][safepoint      ] Safepoint "G1Concurrent", Time since last: 21062100 ns, Reaching safepoint: 251200 ns, At safepoint: 723300 ns, Total: 974500 ns
[2022-05-19T09:59:27.573+0000][83][gc,marking     ] GC(254) Concurrent Cleanup for Next Mark
[2022-05-19T09:59:27.574+0000][83][gc,marking     ] GC(254) Concurrent Cleanup for Next Mark 0.653ms
[2022-05-19T09:59:27.574+0000][83][gc             ] GC(254) Concurrent Mark Cycle 79.050ms
[2022-05-19T09:59:28.112+0000][83][gc,start       ] GC(255) Pause Young (Prepare Mixed) (G1 Evacuation Pause)
[2022-05-19T09:59:28.112+0000][83][gc,task        ] GC(255) Using 10 workers of 10 for evacuation
[2022-05-19T09:59:28.112+0000][83][gc,age         ] GC(255) Desired survivor size 6291456 bytes, new threshold 15 (max threshold 15)
[2022-05-19T09:59:28.115+0000][83][gc,age         ] GC(255) Age table with threshold 15 (max threshold 15)
[2022-05-19T09:59:28.115+0000][83][gc,age         ] GC(255) - age   1:     985384 bytes,     985384 total
[2022-05-19T09:59:28.115+0000][83][gc,age         ] GC(255) - age   2:     925232 bytes,    1910616 total
[2022-05-19T09:59:28.115+0000][83][gc,age         ] GC(255) - age   3:     262272 bytes,    2172888 total
[2022-05-19T09:59:28.115+0000][83][gc,age         ] GC(255) - age   4:     984056 bytes,    3156944 total
[2022-05-19T09:59:28.116+0000][83][gc,age         ] GC(255) - age   5:     918136 bytes,    4075080 total
[2022-05-19T09:59:28.116+0000][83][gc,phases      ] GC(255)   Pre Evacuate Collection Set: 0.2ms
[2022-05-19T09:59:28.116+0000][83][gc,phases      ] GC(255)   Merge Heap Roots: 0.2ms
[2022-05-19T09:59:28.116+0000][83][gc,phases      ] GC(255)   Evacuate Collection Set: 1.0ms
[2022-05-19T09:59:28.116+0000][83][gc,phases      ] GC(255)   Post Evacuate Collection Set: 0.7ms
[2022-05-19T09:59:28.116+0000][83][gc,phases      ] GC(255)   Other: 1.7ms
[2022-05-19T09:59:28.116+0000][83][gc,heap        ] GC(255) Eden regions: 17->0(5)
[2022-05-19T09:59:28.116+0000][83][gc,heap        ] GC(255) Survivor regions: 1->1(3)
[2022-05-19T09:59:28.117+0000][83][gc,heap        ] GC(255) Old regions: 44->44
[2022-05-19T09:59:28.117+0000][83][gc,heap        ] GC(255) Archive regions: 2->2
[2022-05-19T09:59:28.117+0000][83][gc,heap        ] GC(255) Humongous regions: 43->43
[2022-05-19T09:59:28.117+0000][83][gc,metaspace   ] GC(255) Metaspace: 101012K(102528K)->101012K(102528K) NonClass: 86997K(87936K)->86997K(87936K) Class: 14014K(14592K)->14014K(14592K)
[2022-05-19T09:59:28.117+0000][83][gc             ] GC(255) Pause Young (Prepare Mixed) (G1 Evacuation Pause) 416M->349M(512M) 5.078ms
[2022-05-19T09:59:28.117+0000][83][gc,cpu         ] GC(255) User=0.01s Sys=0.00s Real=0.00s
[2022-05-19T09:59:28.117+0000][83][safepoint      ] Safepoint "G1CollectForAllocation", Time since last: 538822100 ns, Reaching safepoint: 190400 ns, At safepoint: 5383000 ns, Total: 5573400 ns
[2022-05-19T09:59:28.281+0000][83][gc,start       ] GC(256) Pause Young (Mixed) (G1 Evacuation Pause)
[2022-05-19T09:59:28.281+0000][83][gc,task        ] GC(256) Using 10 workers of 10 for evacuation
[2022-05-19T09:59:28.282+0000][83][gc,age         ] GC(256) Desired survivor size 2097152 bytes, new threshold 3 (max threshold 15)
[2022-05-19T09:59:28.284+0000][83][gc,age         ] GC(256) Age table with threshold 3 (max threshold 15)
[2022-05-19T09:59:28.284+0000][83][gc,age         ] GC(256) - age   1:     296384 bytes,     296384 total
[2022-05-19T09:59:28.284+0000][83][gc,age         ] GC(256) - age   2:     985072 bytes,    1281456 total
[2022-05-19T09:59:28.285+0000][83][gc,age         ] GC(256) - age   3:     924304 bytes,    2205760 total
[2022-05-19T09:59:28.285+0000][83][gc,phases      ] GC(256)   Pre Evacuate Collection Set: 0.2ms
[2022-05-19T09:59:28.285+0000][83][gc,phases      ] GC(256)   Merge Heap Roots: 0.2ms
[2022-05-19T09:59:28.285+0000][83][gc,phases      ] GC(256)   Evacuate Collection Set: 1.3ms
[2022-05-19T09:59:28.285+0000][83][gc,phases      ] GC(256)   Post Evacuate Collection Set: 0.5ms
[2022-05-19T09:59:28.286+0000][83][gc,phases      ] GC(256)   Other: 1.8ms
[2022-05-19T09:59:28.286+0000][83][gc,heap        ] GC(256) Eden regions: 5->0(17)
[2022-05-19T09:59:28.286+0000][83][gc,heap        ] GC(256) Survivor regions: 1->1(1)
[2022-05-19T09:59:28.286+0000][83][gc,heap        ] GC(256) Old regions: 44->44
[2022-05-19T09:59:28.286+0000][83][gc,heap        ] GC(256) Archive regions: 2->2
[2022-05-19T09:59:28.286+0000][83][gc,heap        ] GC(256) Humongous regions: 43->43
[2022-05-19T09:59:28.286+0000][83][gc,metaspace   ] GC(256) Metaspace: 101012K(102528K)->101012K(102528K) NonClass: 86997K(87936K)->86997K(87936K) Class: 14014K(14592K)->14014K(14592K)
[2022-05-19T09:59:28.286+0000][83][gc             ] GC(256) Pause Young (Mixed) (G1 Evacuation Pause) 369M->348M(512M) 5.542ms
[2022-05-19T09:59:28.287+0000][83][gc,cpu         ] GC(256) User=0.01s Sys=0.00s Real=0.00s
[2022-05-19T09:59:28.287+0000][83][safepoint      ] Safepoint "G1CollectForAllocation", Time since last: 163339900 ns, Reaching safepoint: 189300 ns, At safepoint: 5817500 ns, Total: 6006800 ns
[2022-05-19T09:59:28.836+0000][83][gc,start       ] GC(257) Pause Young (Concurrent Start) (G1 Evacuation Pause)
[2022-05-19T09:59:28.837+0000][83][gc,task        ] GC(257) Using 10 workers of 10 for evacuation
[2022-05-19T09:59:28.837+0000][83][gc,age         ] GC(257) Desired survivor size 6291456 bytes, new threshold 15 (max threshold 15)
[2022-05-19T09:59:28.840+0000][83][gc,age         ] GC(257) Age table with threshold 15 (max threshold 15)
[2022-05-19T09:59:28.840+0000][83][gc,age         ] GC(257) - age   1:     952088 bytes,     952088 total
[2022-05-19T09:59:28.840+0000][83][gc,age         ] GC(257) - age   2:     295920 bytes,    1248008 total
[2022-05-19T09:59:28.840+0000][83][gc,age         ] GC(257) - age   3:     984704 bytes,    2232712 total
[2022-05-19T09:59:28.841+0000][83][gc,age         ] GC(257) - age   4:     923792 bytes,    3156504 total
[2022-05-19T09:59:28.841+0000][83][gc,phases      ] GC(257)   Pre Evacuate Collection Set: 0.2ms
[2022-05-19T09:59:28.841+0000][83][gc,phases      ] GC(257)   Merge Heap Roots: 0.2ms
[2022-05-19T09:59:28.841+0000][83][gc,phases      ] GC(257)   Evacuate Collection Set: 1.1ms
[2022-05-19T09:59:28.841+0000][83][gc,phases      ] GC(257)   Post Evacuate Collection Set: 0.6ms
[2022-05-19T09:59:28.841+0000][83][gc,phases      ] GC(257)   Other: 2.1ms
[2022-05-19T09:59:28.842+0000][83][gc,heap        ] GC(257) Eden regions: 17->0(17)
[2022-05-19T09:59:28.842+0000][83][gc,heap        ] GC(257) Survivor regions: 1->1(3)
[2022-05-19T09:59:28.842+0000][83][gc,heap        ] GC(257) Old regions: 44->44
[2022-05-19T09:59:28.842+0000][83][gc,heap        ] GC(257) Archive regions: 2->2
[2022-05-19T09:59:28.842+0000][83][gc,heap        ] GC(257) Humongous regions: 43->43
[2022-05-19T09:59:28.842+0000][83][gc,metaspace   ] GC(257) Metaspace: 101012K(102528K)->101012K(102528K) NonClass: 86997K(87936K)->86997K(87936K) Class: 14014K(14592K)->14014K(14592K)
[2022-05-19T09:59:28.842+0000][83][gc             ] GC(257) Pause Young (Concurrent Start) (G1 Evacuation Pause) 416M->349M(512M) 5.949ms
[2022-05-19T09:59:28.843+0000][83][gc,cpu         ] GC(257) User=0.01s Sys=0.01s Real=0.01s
[2022-05-19T09:59:28.843+0000][83][safepoint      ] Safepoint "G1CollectForAllocation", Time since last: 549501400 ns, Reaching safepoint: 266200 ns, At safepoint: 6312300 ns, Total: 6578500 ns
[2022-05-19T09:59:28.843+0000][83][gc             ] GC(258) Concurrent Mark Cycle
[2022-05-19T09:59:28.843+0000][83][gc,marking     ] GC(258) Concurrent Clear Claimed Marks
[2022-05-19T09:59:28.843+0000][83][gc,marking     ] GC(258) Concurrent Clear Claimed Marks 0.173ms
[2022-05-19T09:59:28.843+0000][83][gc,marking     ] GC(258) Concurrent Scan Root Regions
[2022-05-19T09:59:28.844+0000][83][gc,marking     ] GC(258) Concurrent Scan Root Regions 1.006ms
[2022-05-19T09:59:28.845+0000][83][gc,marking     ] GC(258) Concurrent Mark
[2022-05-19T09:59:28.845+0000][83][gc,marking     ] GC(258) Concurrent Mark From Roots
[2022-05-19T09:59:28.845+0000][83][gc,task        ] GC(258) Using 3 workers of 3 for marking
[2022-05-19T09:59:28.888+0000][83][gc,marking     ] GC(258) Concurrent Mark From Roots 42.902ms
[2022-05-19T09:59:28.888+0000][83][gc,marking     ] GC(258) Concurrent Preclean
[2022-05-19T09:59:28.888+0000][83][gc,marking     ] GC(258) Concurrent Preclean 0.527ms
[2022-05-19T09:59:28.889+0000][83][gc,start       ] GC(258) Pause Remark
[2022-05-19T09:59:28.892+0000][83][gc             ] GC(258) Pause Remark 354M->354M(512M) 2.806ms
[2022-05-19T09:59:28.892+0000][83][gc,cpu         ] GC(258) User=0.01s Sys=0.01s Real=0.01s
[2022-05-19T09:59:28.892+0000][83][safepoint      ] Safepoint "G1Concurrent", Time since last: 45789500 ns, Reaching safepoint: 262800 ns, At safepoint: 3300800 ns, Total: 3563600 ns
[2022-05-19T09:59:28.892+0000][83][gc,marking     ] GC(258) Concurrent Mark 47.837ms
[2022-05-19T09:59:28.893+0000][83][gc,marking     ] GC(258) Concurrent Rebuild Remembered Sets
[2022-05-19T09:59:28.915+0000][83][gc,marking     ] GC(258) Concurrent Rebuild Remembered Sets 22.129ms
[2022-05-19T09:59:28.915+0000][83][gc,start       ] GC(258) Pause Cleanup
[2022-05-19T09:59:28.916+0000][83][gc             ] GC(258) Pause Cleanup 357M->357M(512M) 0.565ms
[2022-05-19T09:59:28.916+0000][83][gc,cpu         ] GC(258) User=0.00s Sys=0.00s Real=0.00s
[2022-05-19T09:59:28.916+0000][83][safepoint      ] Safepoint "G1Concurrent", Time since last: 22818800 ns, Reaching safepoint: 323600 ns, At safepoint: 1107200 ns, Total: 1430800 ns
[2022-05-19T09:59:28.917+0000][83][gc,marking     ] GC(258) Concurrent Cleanup for Next Mark
[2022-05-19T09:59:28.917+0000][83][gc,marking     ] GC(258) Concurrent Cleanup for Next Mark 0.331ms
[2022-05-19T09:59:28.917+0000][83][gc             ] GC(258) Concurrent Mark Cycle 74.357ms
[2022-05-19T09:59:29.397+0000][83][gc,start       ] GC(259) Pause Young (Prepare Mixed) (G1 Evacuation Pause)
[2022-05-19T09:59:29.398+0000][83][gc,task        ] GC(259) Using 10 workers of 10 for evacuation
[2022-05-19T09:59:29.398+0000][83][gc,age         ] GC(259) Desired survivor size 6291456 bytes, new threshold 15 (max threshold 15)
[2022-05-19T09:59:29.401+0000][83][gc,age         ] GC(259) Age table with threshold 15 (max threshold 15)
[2022-05-19T09:59:29.401+0000][83][gc,age         ] GC(259) - age   1:     985840 bytes,     985840 total
[2022-05-19T09:59:29.401+0000][83][gc,age         ] GC(259) - age   2:     951488 bytes,    1937328 total
[2022-05-19T09:59:29.401+0000][83][gc,age         ] GC(259) - age   3:     295056 bytes,    2232384 total
[2022-05-19T09:59:29.402+0000][83][gc,age         ] GC(259) - age   4:     983800 bytes,    3216184 total
[2022-05-19T09:59:29.402+0000][83][gc,age         ] GC(259) - age   5:     923792 bytes,    4139976 total
[2022-05-19T09:59:29.402+0000][83][gc,phases      ] GC(259)   Pre Evacuate Collection Set: 0.2ms
[2022-05-19T09:59:29.402+0000][83][gc,phases      ] GC(259)   Merge Heap Roots: 0.2ms
[2022-05-19T09:59:29.402+0000][83][gc,phases      ] GC(259)   Evacuate Collection Set: 1.2ms
[2022-05-19T09:59:29.403+0000][83][gc,phases      ] GC(259)   Post Evacuate Collection Set: 0.8ms
[2022-05-19T09:59:29.403+0000][83][gc,phases      ] GC(259)   Other: 2.5ms
[2022-05-19T09:59:29.403+0000][83][gc,heap        ] GC(259) Eden regions: 17->0(5)
[2022-05-19T09:59:29.403+0000][83][gc,heap        ] GC(259) Survivor regions: 1->1(3)
[2022-05-19T09:59:29.403+0000][83][gc,heap        ] GC(259) Old regions: 44->44
[2022-05-19T09:59:29.403+0000][83][gc,heap        ] GC(259) Archive regions: 2->2
[2022-05-19T09:59:29.403+0000][83][gc,heap        ] GC(259) Humongous regions: 43->43
[2022-05-19T09:59:29.404+0000][83][gc,metaspace   ] GC(259) Metaspace: 101012K(102528K)->101012K(102528K) NonClass: 86997K(87936K)->86997K(87936K) Class: 14014K(14592K)->14014K(14592K)
[2022-05-19T09:59:29.404+0000][83][gc             ] GC(259) Pause Young (Prepare Mixed) (G1 Evacuation Pause) 417M->350M(512M) 6.532ms
[2022-05-19T09:59:29.404+0000][83][gc,cpu         ] GC(259) User=0.01s Sys=0.00s Real=0.01s
[2022-05-19T09:59:29.404+0000][83][safepoint      ] Safepoint "G1CollectForAllocation", Time since last: 480503600 ns, Reaching safepoint: 333900 ns, At safepoint: 7028700 ns, Total: 7362600 ns
[2022-05-19T09:59:29.573+0000][83][gc,start       ] GC(260) Pause Young (Mixed) (G1 Evacuation Pause)
[2022-05-19T09:59:29.574+0000][83][gc,task        ] GC(260) Using 10 workers of 10 for evacuation
[2022-05-19T09:59:29.574+0000][83][gc,age         ] GC(260) Desired survivor size 2097152 bytes, new threshold 3 (max threshold 15)
[2022-05-19T09:59:29.577+0000][83][gc,age         ] GC(260) Age table with threshold 3 (max threshold 15)
[2022-05-19T09:59:29.578+0000][83][gc,age         ] GC(260) - age   1:     296248 bytes,     296248 total
[2022-05-19T09:59:29.578+0000][83][gc,age         ] GC(260) - age   2:     985488 bytes,    1281736 total
[2022-05-19T09:59:29.578+0000][83][gc,age         ] GC(260) - age   3:     950800 bytes,    2232536 total
[2022-05-19T09:59:29.578+0000][83][gc,phases      ] GC(260)   Pre Evacuate Collection Set: 0.2ms
[2022-05-19T09:59:29.578+0000][83][gc,phases      ] GC(260)   Merge Heap Roots: 0.2ms
[2022-05-19T09:59:29.579+0000][83][gc,phases      ] GC(260)   Evacuate Collection Set: 2.3ms
[2022-05-19T09:59:29.579+0000][83][gc,phases      ] GC(260)   Post Evacuate Collection Set: 0.6ms
[2022-05-19T09:59:29.579+0000][83][gc,phases      ] GC(260)   Other: 1.9ms
[2022-05-19T09:59:29.579+0000][83][gc,heap        ] GC(260) Eden regions: 5->0(17)
[2022-05-19T09:59:29.579+0000][83][gc,heap        ] GC(260) Survivor regions: 1->1(1)
[2022-05-19T09:59:29.579+0000][83][gc,heap        ] GC(260) Old regions: 44->44
[2022-05-19T09:59:29.579+0000][83][gc,heap        ] GC(260) Archive regions: 2->2
[2022-05-19T09:59:29.580+0000][83][gc,heap        ] GC(260) Humongous regions: 43->43
[2022-05-19T09:59:29.580+0000][83][gc,metaspace   ] GC(260) Metaspace: 101012K(102528K)->101012K(102528K) NonClass: 86997K(87936K)->86997K(87936K) Class: 14014K(14592K)->14014K(14592K)
[2022-05-19T09:59:29.580+0000][83][gc             ] GC(260) Pause Young (Mixed) (G1 Evacuation Pause) 370M->349M(512M) 6.779ms
[2022-05-19T09:59:29.580+0000][83][gc,cpu         ] GC(260) User=0.03s Sys=0.00s Real=0.01s
[2022-05-19T09:59:29.580+0000][83][safepoint      ] Safepoint "G1CollectForAllocation", Time since last: 168570800 ns, Reaching safepoint: 215200 ns, At safepoint: 7169200 ns, Total: 7384400 ns
[2022-05-19T09:59:30.101+0000][83][gc,start       ] GC(261) Pause Young (Concurrent Start) (G1 Evacuation Pause)
[2022-05-19T09:59:30.101+0000][83][gc,task        ] GC(261) Using 10 workers of 10 for evacuation
[2022-05-19T09:59:30.102+0000][83][gc,age         ] GC(261) Desired survivor size 6291456 bytes, new threshold 15 (max threshold 15)
[2022-05-19T09:59:30.105+0000][83][gc,age         ] GC(261) Age table with threshold 15 (max threshold 15)
[2022-05-19T09:59:30.105+0000][83][gc,age         ] GC(261) - age   1:     952056 bytes,     952056 total
[2022-05-19T09:59:30.105+0000][83][gc,age         ] GC(261) - age   2:     295840 bytes,    1247896 total
[2022-05-19T09:59:30.105+0000][83][gc,age         ] GC(261) - age   3:     984608 bytes,    2232504 total
[2022-05-19T09:59:30.106+0000][83][gc,age         ] GC(261) - age   4:     950800 bytes,    3183304 total
[2022-05-19T09:59:30.106+0000][83][gc,phases      ] GC(261)   Pre Evacuate Collection Set: 0.3ms
[2022-05-19T09:59:30.106+0000][83][gc,phases      ] GC(261)   Merge Heap Roots: 0.3ms
[2022-05-19T09:59:30.106+0000][83][gc,phases      ] GC(261)   Evacuate Collection Set: 1.4ms
[2022-05-19T09:59:30.106+0000][83][gc,phases      ] GC(261)   Post Evacuate Collection Set: 0.7ms
[2022-05-19T09:59:30.107+0000][83][gc,phases      ] GC(261)   Other: 2.3ms
[2022-05-19T09:59:30.107+0000][83][gc,heap        ] GC(261) Eden regions: 17->0(17)
[2022-05-19T09:59:30.107+0000][83][gc,heap        ] GC(261) Survivor regions: 1->1(3)
[2022-05-19T09:59:30.107+0000][83][gc,heap        ] GC(261) Old regions: 44->44
[2022-05-19T09:59:30.107+0000][83][gc,heap        ] GC(261) Archive regions: 2->2
[2022-05-19T09:59:30.108+0000][83][gc,heap        ] GC(261) Humongous regions: 43->43
[2022-05-19T09:59:30.108+0000][83][gc,metaspace   ] GC(261) Metaspace: 101012K(102528K)->101012K(102528K) NonClass: 86997K(87936K)->86997K(87936K) Class: 14014K(14592K)->14014K(14592K)
[2022-05-19T09:59:30.108+0000][83][gc             ] GC(261) Pause Young (Concurrent Start) (G1 Evacuation Pause) 417M->350M(512M) 7.095ms
[2022-05-19T09:59:30.108+0000][83][gc,cpu         ] GC(261) User=0.01s Sys=0.00s Real=0.00s
[2022-05-19T09:59:30.108+0000][83][safepoint      ] Safepoint "G1CollectForAllocation", Time since last: 520250800 ns, Reaching safepoint: 365600 ns, At safepoint: 7515000 ns, Total: 7880600 ns
[2022-05-19T09:59:30.108+0000][83][gc             ] GC(262) Concurrent Mark Cycle
[2022-05-19T09:59:30.109+0000][83][gc,marking     ] GC(262) Concurrent Clear Claimed Marks
[2022-05-19T09:59:30.109+0000][83][gc,marking     ] GC(262) Concurrent Clear Claimed Marks 0.160ms
[2022-05-19T09:59:30.109+0000][83][gc,marking     ] GC(262) Concurrent Scan Root Regions
[2022-05-19T09:59:30.110+0000][83][gc,marking     ] GC(262) Concurrent Scan Root Regions 0.928ms
[2022-05-19T09:59:30.110+0000][83][gc,marking     ] GC(262) Concurrent Mark
[2022-05-19T09:59:30.110+0000][83][gc,marking     ] GC(262) Concurrent Mark From Roots
[2022-05-19T09:59:30.110+0000][83][gc,task        ] GC(262) Using 3 workers of 3 for marking
[2022-05-19T09:59:30.151+0000][83][gc,marking     ] GC(262) Concurrent Mark From Roots 40.833ms
[2022-05-19T09:59:30.151+0000][83][gc,marking     ] GC(262) Concurrent Preclean
[2022-05-19T09:59:30.152+0000][83][gc,marking     ] GC(262) Concurrent Preclean 0.584ms
[2022-05-19T09:59:30.153+0000][83][gc,start       ] GC(262) Pause Remark
[2022-05-19T09:59:30.155+0000][83][gc             ] GC(262) Pause Remark 355M->355M(512M) 2.740ms
[2022-05-19T09:59:30.156+0000][83][gc,cpu         ] GC(262) User=0.02s Sys=0.00s Real=0.00s
[2022-05-19T09:59:30.156+0000][83][safepoint      ] Safepoint "G1Concurrent", Time since last: 43925400 ns, Reaching safepoint: 292800 ns, At safepoint: 3288500 ns, Total: 3581300 ns
[2022-05-19T09:59:30.156+0000][83][gc,marking     ] GC(262) Concurrent Mark 46.059ms
[2022-05-19T09:59:30.156+0000][83][gc,marking     ] GC(262) Concurrent Rebuild Remembered Sets
[2022-05-19T09:59:30.182+0000][83][gc,marking     ] GC(262) Concurrent Rebuild Remembered Sets 25.166ms
[2022-05-19T09:59:30.182+0000][83][gc,start       ] GC(262) Pause Cleanup
[2022-05-19T09:59:30.183+0000][83][gc             ] GC(262) Pause Cleanup 358M->358M(512M) 0.420ms
[2022-05-19T09:59:30.183+0000][83][gc,cpu         ] GC(262) User=0.00s Sys=0.00s Real=0.00s
[2022-05-19T09:59:30.183+0000][83][safepoint      ] Safepoint "G1Concurrent", Time since last: 26147700 ns, Reaching safepoint: 329000 ns, At safepoint: 925600 ns, Total: 1254600 ns
[2022-05-19T09:59:30.184+0000][83][gc,marking     ] GC(262) Concurrent Cleanup for Next Mark
[2022-05-19T09:59:30.184+0000][83][gc,marking     ] GC(262) Concurrent Cleanup for Next Mark 0.355ms
[2022-05-19T09:59:30.184+0000][83][gc             ] GC(262) Concurrent Mark Cycle 75.654ms
[2022-05-19T09:59:30.664+0000][83][gc,start       ] GC(263) Pause Young (Normal) (G1 Evacuation Pause)
[2022-05-19T09:59:30.665+0000][83][gc,task        ] GC(263) Using 10 workers of 10 for evacuation
[2022-05-19T09:59:30.665+0000][83][gc,age         ] GC(263) Desired survivor size 6291456 bytes, new threshold 15 (max threshold 15)
[2022-05-19T09:59:30.667+0000][83][gc,age         ] GC(263) Age table with threshold 15 (max threshold 15)
[2022-05-19T09:59:30.667+0000][83][gc,age         ] GC(263) - age   1:     959536 bytes,     959536 total
[2022-05-19T09:59:30.668+0000][83][gc,age         ] GC(263) - age   2:     951616 bytes,    1911152 total
[2022-05-19T09:59:30.668+0000][83][gc,age         ] GC(263) - age   3:     295120 bytes,    2206272 total
[2022-05-19T09:59:30.668+0000][83][gc,age         ] GC(263) - age   4:     983520 bytes,    3189792 total
[2022-05-19T09:59:30.668+0000][83][gc,age         ] GC(263) - age   5:     950768 bytes,    4140560 total
[2022-05-19T09:59:30.668+0000][83][gc,phases      ] GC(263)   Pre Evacuate Collection Set: 0.2ms
[2022-05-19T09:59:30.669+0000][83][gc,phases      ] GC(263)   Merge Heap Roots: 0.1ms
[2022-05-19T09:59:30.669+0000][83][gc,phases      ] GC(263)   Evacuate Collection Set: 0.8ms
[2022-05-19T09:59:30.669+0000][83][gc,phases      ] GC(263)   Post Evacuate Collection Set: 0.6ms
[2022-05-19T09:59:30.669+0000][83][gc,phases      ] GC(263)   Other: 2.4ms
[2022-05-19T09:59:30.669+0000][83][gc,heap        ] GC(263) Eden regions: 17->0(15)
[2022-05-19T09:59:30.670+0000][83][gc,heap        ] GC(263) Survivor regions: 1->2(3)
[2022-05-19T09:59:30.670+0000][83][gc,heap        ] GC(263) Old regions: 44->44
[2022-05-19T09:59:30.670+0000][83][gc,heap        ] GC(263) Archive regions: 2->2
[2022-05-19T09:59:30.670+0000][83][gc,heap        ] GC(263) Humongous regions: 43->43
[2022-05-19T09:59:30.670+0000][83][gc,metaspace   ] GC(263) Metaspace: 101012K(102528K)->101012K(102528K) NonClass: 86997K(87936K)->86997K(87936K) Class: 14014K(14592K)->14014K(14592K)
[2022-05-19T09:59:30.670+0000][83][gc             ] GC(263) Pause Young (Normal) (G1 Evacuation Pause) 418M->351M(512M) 6.075ms
[2022-05-19T09:59:30.671+0000][83][gc,cpu         ] GC(263) User=0.02s Sys=0.00s Real=0.01s
[2022-05-19T09:59:30.671+0000][83][safepoint      ] Safepoint "G1CollectForAllocation", Time since last: 480785500 ns, Reaching safepoint: 264400 ns, At safepoint: 6434300 ns, Total: 6698700 ns
[2022-05-19T09:59:31.143+0000][83][gc,start       ] GC(264) Pause Young (Concurrent Start) (G1 Evacuation Pause)
[2022-05-19T09:59:31.143+0000][83][gc,task        ] GC(264) Using 10 workers of 10 for evacuation
[2022-05-19T09:59:31.143+0000][83][gc,age         ] GC(264) Desired survivor size 6291456 bytes, new threshold 15 (max threshold 15)
[2022-05-19T09:59:31.147+0000][83][gc,age         ] GC(264) Age table with threshold 15 (max threshold 15)
[2022-05-19T09:59:31.147+0000][83][gc,age         ] GC(264) - age   1:     853832 bytes,     853832 total
[2022-05-19T09:59:31.147+0000][83][gc,age         ] GC(264) - age   2:     959184 bytes,    1813016 total
[2022-05-19T09:59:31.147+0000][83][gc,age         ] GC(264) - age   3:     950736 bytes,    2763752 total
[2022-05-19T09:59:31.148+0000][83][gc,age         ] GC(264) - age   4:     295120 bytes,    3058872 total
[2022-05-19T09:59:31.148+0000][83][gc,age         ] GC(264) - age   5:     983520 bytes,    4042392 total
[2022-05-19T09:59:31.148+0000][83][gc,age         ] GC(264) - age   6:     950768 bytes,    4993160 total
[2022-05-19T09:59:31.148+0000][83][gc,phases      ] GC(264)   Pre Evacuate Collection Set: 0.3ms
[2022-05-19T09:59:31.148+0000][83][gc,phases      ] GC(264)   Merge Heap Roots: 0.2ms
[2022-05-19T09:59:31.148+0000][83][gc,phases      ] GC(264)   Evacuate Collection Set: 1.6ms
[2022-05-19T09:59:31.148+0000][83][gc,phases      ] GC(264)   Post Evacuate Collection Set: 0.9ms
[2022-05-19T09:59:31.148+0000][83][gc,phases      ] GC(264)   Other: 2.2ms
[2022-05-19T09:59:31.149+0000][83][gc,heap        ] GC(264) Eden regions: 15->0(15)
[2022-05-19T09:59:31.149+0000][83][gc,heap        ] GC(264) Survivor regions: 2->2(3)
[2022-05-19T09:59:31.149+0000][83][gc,heap        ] GC(264) Old regions: 44->44
[2022-05-19T09:59:31.149+0000][83][gc,heap        ] GC(264) Archive regions: 2->2
[2022-05-19T09:59:31.149+0000][83][gc,heap        ] GC(264) Humongous regions: 43->43
[2022-05-19T09:59:31.149+0000][83][gc,metaspace   ] GC(264) Metaspace: 101012K(102528K)->101012K(102528K) NonClass: 86997K(87936K)->86997K(87936K) Class: 14014K(14592K)->14014K(14592K)
[2022-05-19T09:59:31.149+0000][83][gc             ] GC(264) Pause Young (Concurrent Start) (G1 Evacuation Pause) 411M->352M(512M) 6.454ms
[2022-05-19T09:59:31.149+0000][83][gc,cpu         ] GC(264) User=0.01s Sys=0.00s Real=0.01s
[2022-05-19T09:59:31.150+0000][83][gc             ] GC(265) Concurrent Mark Cycle
[2022-05-19T09:59:31.150+0000][83][gc,marking     ] GC(265) Concurrent Clear Claimed Marks
[2022-05-19T09:59:31.150+0000][83][safepoint      ] Safepoint "G1CollectForAllocation", Time since last: 471667300 ns, Reaching safepoint: 307700 ns, At safepoint: 6791900 ns, Total: 7099600 ns
[2022-05-19T09:59:31.150+0000][83][gc,marking     ] GC(265) Concurrent Clear Claimed Marks 0.182ms
[2022-05-19T09:59:31.150+0000][83][gc,marking     ] GC(265) Concurrent Scan Root Regions
[2022-05-19T09:59:31.151+0000][83][gc,marking     ] GC(265) Concurrent Scan Root Regions 1.074ms
[2022-05-19T09:59:31.151+0000][83][gc,marking     ] GC(265) Concurrent Mark
[2022-05-19T09:59:31.151+0000][83][gc,marking     ] GC(265) Concurrent Mark From Roots
[2022-05-19T09:59:31.151+0000][83][gc,task        ] GC(265) Using 3 workers of 3 for marking
[2022-05-19T09:59:31.191+0000][83][gc,marking     ] GC(265) Concurrent Mark From Roots 39.669ms
[2022-05-19T09:59:31.191+0000][83][gc,marking     ] GC(265) Concurrent Preclean
[2022-05-19T09:59:31.192+0000][83][gc,marking     ] GC(265) Concurrent Preclean 0.660ms
[2022-05-19T09:59:31.193+0000][83][gc,start       ] GC(265) Pause Remark
[2022-05-19T09:59:31.196+0000][83][gc             ] GC(265) Pause Remark 357M->357M(512M) 3.366ms
[2022-05-19T09:59:31.197+0000][83][gc,cpu         ] GC(265) User=0.02s Sys=0.00s Real=0.00s
[2022-05-19T09:59:31.197+0000][83][safepoint      ] Safepoint "G1Concurrent", Time since last: 42903100 ns, Reaching safepoint: 328600 ns, At safepoint: 4072600 ns, Total: 4401200 ns
[2022-05-19T09:59:31.197+0000][83][gc,marking     ] GC(265) Concurrent Mark 45.920ms
[2022-05-19T09:59:31.197+0000][83][gc,marking     ] GC(265) Concurrent Rebuild Remembered Sets
[2022-05-19T09:59:31.217+0000][83][gc,marking     ] GC(265) Concurrent Rebuild Remembered Sets 19.790ms
[2022-05-19T09:59:31.218+0000][83][gc,start       ] GC(265) Pause Cleanup
[2022-05-19T09:59:31.218+0000][83][gc             ] GC(265) Pause Cleanup 359M->359M(512M) 0.419ms
[2022-05-19T09:59:31.219+0000][83][gc,cpu         ] GC(265) User=0.00s Sys=0.00s Real=0.00s
[2022-05-19T09:59:31.219+0000][83][safepoint      ] Safepoint "G1Concurrent", Time since last: 20781500 ns, Reaching safepoint: 364000 ns, At safepoint: 916100 ns, Total: 1280100 ns
[2022-05-19T09:59:31.219+0000][83][gc,marking     ] GC(265) Concurrent Cleanup for Next Mark
[2022-05-19T09:59:31.220+0000][83][gc,marking     ] GC(265) Concurrent Cleanup for Next Mark 0.414ms
[2022-05-19T09:59:31.220+0000][83][gc             ] GC(265) Concurrent Mark Cycle 70.314ms
[2022-05-19T09:59:31.635+0000][83][gc,start       ] GC(266) Pause Young (Normal) (G1 Evacuation Pause)
[2022-05-19T09:59:31.635+0000][83][gc,task        ] GC(266) Using 10 workers of 10 for evacuation
[2022-05-19T09:59:31.636+0000][83][gc,age         ] GC(266) Desired survivor size 6291456 bytes, new threshold 15 (max threshold 15)
[2022-05-19T09:59:31.638+0000][83][gc,age         ] GC(266) Age table with threshold 15 (max threshold 15)
[2022-05-19T09:59:31.638+0000][83][gc,age         ] GC(266) - age   1:     855040 bytes,     855040 total
[2022-05-19T09:59:31.638+0000][83][gc,age         ] GC(266) - age   2:     853448 bytes,    1708488 total
[2022-05-19T09:59:31.638+0000][83][gc,age         ] GC(266) - age   3:     957376 bytes,    2665864 total
[2022-05-19T09:59:31.639+0000][83][gc,age         ] GC(266) - age   4:     950736 bytes,    3616600 total
[2022-05-19T09:59:31.639+0000][83][gc,age         ] GC(266) - age   5:     295088 bytes,    3911688 total
[2022-05-19T09:59:31.639+0000][83][gc,age         ] GC(266) - age   6:     983520 bytes,    4895208 total
[2022-05-19T09:59:31.639+0000][83][gc,age         ] GC(266) - age   7:     950768 bytes,    5845976 total
[2022-05-19T09:59:31.639+0000][83][gc,phases      ] GC(266)   Pre Evacuate Collection Set: 0.2ms
[2022-05-19T09:59:31.639+0000][83][gc,phases      ] GC(266)   Merge Heap Roots: 0.1ms
[2022-05-19T09:59:31.639+0000][83][gc,phases      ] GC(266)   Evacuate Collection Set: 1.1ms
[2022-05-19T09:59:31.640+0000][83][gc,phases      ] GC(266)   Post Evacuate Collection Set: 0.6ms
[2022-05-19T09:59:31.640+0000][83][gc,phases      ] GC(266)   Other: 2.1ms
[2022-05-19T09:59:31.640+0000][83][gc,heap        ] GC(266) Eden regions: 15->0(15)
[2022-05-19T09:59:31.640+0000][83][gc,heap        ] GC(266) Survivor regions: 2->2(3)
[2022-05-19T09:59:31.640+0000][83][gc,heap        ] GC(266) Old regions: 44->44
[2022-05-19T09:59:31.640+0000][83][gc,heap        ] GC(266) Archive regions: 2->2
[2022-05-19T09:59:31.640+0000][83][gc,heap        ] GC(266) Humongous regions: 43->43
[2022-05-19T09:59:31.640+0000][83][gc,metaspace   ] GC(266) Metaspace: 101012K(102528K)->101012K(102528K) NonClass: 86997K(87936K)->86997K(87936K) Class: 14014K(14592K)->14014K(14592K)
[2022-05-19T09:59:31.641+0000][83][gc             ] GC(266) Pause Young (Normal) (G1 Evacuation Pause) 412M->352M(512M) 5.529ms
[2022-05-19T09:59:31.641+0000][83][gc,cpu         ] GC(266) User=0.01s Sys=0.00s Real=0.01s
[2022-05-19T09:59:31.641+0000][83][safepoint      ] Safepoint "G1CollectForAllocation", Time since last: 415929200 ns, Reaching safepoint: 186300 ns, At safepoint: 5797200 ns, Total: 5983500 ns
[2022-05-19T09:59:32.101+0000][83][gc,start       ] GC(267) Pause Young (Concurrent Start) (G1 Evacuation Pause)
[2022-05-19T09:59:32.102+0000][83][gc,task        ] GC(267) Using 10 workers of 10 for evacuation
[2022-05-19T09:59:32.102+0000][83][gc,age         ] GC(267) Desired survivor size 6291456 bytes, new threshold 15 (max threshold 15)
[2022-05-19T09:59:32.105+0000][83][gc,age         ] GC(267) Age table with threshold 15 (max threshold 15)
[2022-05-19T09:59:32.106+0000][83][gc,age         ] GC(267) - age   1:     853584 bytes,     853584 total
[2022-05-19T09:59:32.106+0000][83][gc,age         ] GC(267) - age   2:     854720 bytes,    1708304 total
[2022-05-19T09:59:32.106+0000][83][gc,age         ] GC(267) - age   3:     852568 bytes,    2560872 total
[2022-05-19T09:59:32.106+0000][83][gc,age         ] GC(267) - age   4:     957376 bytes,    3518248 total
[2022-05-19T09:59:32.106+0000][83][gc,age         ] GC(267) - age   5:     950736 bytes,    4468984 total
[2022-05-19T09:59:32.107+0000][83][gc,age         ] GC(267) - age   6:     295088 bytes,    4764072 total
[2022-05-19T09:59:32.107+0000][83][gc,age         ] GC(267) - age   7:     983520 bytes,    5747592 total
[2022-05-19T09:59:32.107+0000][83][gc,age         ] GC(267) - age   8:     950768 bytes,    6698360 total
[2022-05-19T09:59:32.107+0000][83][gc,phases      ] GC(267)   Pre Evacuate Collection Set: 0.3ms
[2022-05-19T09:59:32.107+0000][83][gc,phases      ] GC(267)   Merge Heap Roots: 0.3ms
[2022-05-19T09:59:32.108+0000][83][gc,phases      ] GC(267)   Evacuate Collection Set: 1.7ms
[2022-05-19T09:59:32.108+0000][83][gc,phases      ] GC(267)   Post Evacuate Collection Set: 0.9ms
[2022-05-19T09:59:32.108+0000][83][gc,phases      ] GC(267)   Other: 2.8ms
[2022-05-19T09:59:32.108+0000][83][gc,heap        ] GC(267) Eden regions: 15->0(15)
[2022-05-19T09:59:32.108+0000][83][gc,heap        ] GC(267) Survivor regions: 2->2(3)
[2022-05-19T09:59:32.108+0000][83][gc,heap        ] GC(267) Old regions: 44->44
[2022-05-19T09:59:32.109+0000][83][gc,heap        ] GC(267) Archive regions: 2->2
[2022-05-19T09:59:32.109+0000][83][gc,heap        ] GC(267) Humongous regions: 43->43
[2022-05-19T09:59:32.109+0000][83][gc,metaspace   ] GC(267) Metaspace: 101012K(102528K)->101012K(102528K) NonClass: 86997K(87936K)->86997K(87936K) Class: 14014K(14592K)->14014K(14592K)
[2022-05-19T09:59:32.109+0000][83][gc             ] GC(267) Pause Young (Concurrent Start) (G1 Evacuation Pause) 412M->353M(512M) 7.852ms
[2022-05-19T09:59:32.109+0000][83][gc,cpu         ] GC(267) User=0.02s Sys=0.00s Real=0.01s
[2022-05-19T09:59:32.109+0000][83][safepoint      ] Safepoint "G1CollectForAllocation", Time since last: 460045100 ns, Reaching safepoint: 323000 ns, At safepoint: 8258400 ns, Total: 8581400 ns
[2022-05-19T09:59:32.109+0000][83][gc             ] GC(268) Concurrent Mark Cycle
[2022-05-19T09:59:32.110+0000][83][gc,marking     ] GC(268) Concurrent Clear Claimed Marks
[2022-05-19T09:59:32.110+0000][83][gc,marking     ] GC(268) Concurrent Clear Claimed Marks 0.235ms
[2022-05-19T09:59:32.110+0000][83][gc,marking     ] GC(268) Concurrent Scan Root Regions
[2022-05-19T09:59:32.111+0000][83][gc,marking     ] GC(268) Concurrent Scan Root Regions 0.952ms
[2022-05-19T09:59:32.111+0000][83][gc,marking     ] GC(268) Concurrent Mark
[2022-05-19T09:59:32.111+0000][83][gc,marking     ] GC(268) Concurrent Mark From Roots
[2022-05-19T09:59:32.111+0000][83][gc,task        ] GC(268) Using 3 workers of 3 for marking
[2022-05-19T09:59:32.155+0000][83][gc,marking     ] GC(268) Concurrent Mark From Roots 43.816ms
[2022-05-19T09:59:32.155+0000][83][gc,marking     ] GC(268) Concurrent Preclean
[2022-05-19T09:59:32.156+0000][83][gc,marking     ] GC(268) Concurrent Preclean 0.583ms
[2022-05-19T09:59:32.157+0000][83][gc,start       ] GC(268) Pause Remark
[2022-05-19T09:59:32.160+0000][83][gc             ] GC(268) Pause Remark 358M->358M(512M) 2.914ms
[2022-05-19T09:59:32.160+0000][83][gc,cpu         ] GC(268) User=0.01s Sys=0.01s Real=0.01s
[2022-05-19T09:59:32.160+0000][83][safepoint      ] Safepoint "G1Concurrent", Time since last: 46782600 ns, Reaching safepoint: 369600 ns, At safepoint: 3440300 ns, Total: 3809900 ns
[2022-05-19T09:59:32.160+0000][83][gc,marking     ] GC(268) Concurrent Mark 49.055ms
[2022-05-19T09:59:32.160+0000][83][gc,marking     ] GC(268) Concurrent Rebuild Remembered Sets
[2022-05-19T09:59:32.185+0000][83][gc,marking     ] GC(268) Concurrent Rebuild Remembered Sets 24.905ms
[2022-05-19T09:59:32.186+0000][83][gc,start       ] GC(268) Pause Cleanup
[2022-05-19T09:59:32.186+0000][83][gc             ] GC(268) Pause Cleanup 361M->361M(512M) 0.377ms
[2022-05-19T09:59:32.186+0000][83][gc,cpu         ] GC(268) User=0.00s Sys=0.00s Real=0.00s
[2022-05-19T09:59:32.187+0000][83][safepoint      ] Safepoint "G1Concurrent", Time since last: 25576400 ns, Reaching safepoint: 294400 ns, At safepoint: 844000 ns, Total: 1138400 ns
[2022-05-19T09:59:32.187+0000][83][gc,marking     ] GC(268) Concurrent Cleanup for Next Mark
[2022-05-19T09:59:32.187+0000][83][gc,marking     ] GC(268) Concurrent Cleanup for Next Mark 0.332ms
[2022-05-19T09:59:32.187+0000][83][gc             ] GC(268) Concurrent Mark Cycle 78.005ms
[2022-05-19T09:59:32.616+0000][83][gc,start       ] GC(269) Pause Young (Normal) (G1 Evacuation Pause)
[2022-05-19T09:59:32.616+0000][83][gc,task        ] GC(269) Using 10 workers of 10 for evacuation
[2022-05-19T09:59:32.616+0000][83][gc,age         ] GC(269) Desired survivor size 6291456 bytes, new threshold 8 (max threshold 15)
[2022-05-19T09:59:32.619+0000][83][gc,age         ] GC(269) Age table with threshold 8 (max threshold 15)
[2022-05-19T09:59:32.619+0000][83][gc,age         ] GC(269) - age   1:     821840 bytes,     821840 total
[2022-05-19T09:59:32.619+0000][83][gc,age         ] GC(269) - age   2:     853264 bytes,    1675104 total
[2022-05-19T09:59:32.620+0000][83][gc,age         ] GC(269) - age   3:     852888 bytes,    2527992 total
[2022-05-19T09:59:32.620+0000][83][gc,age         ] GC(269) - age   4:     852568 bytes,    3380560 total
[2022-05-19T09:59:32.620+0000][83][gc,age         ] GC(269) - age   5:     957344 bytes,    4337904 total
[2022-05-19T09:59:32.620+0000][83][gc,age         ] GC(269) - age   6:     950736 bytes,    5288640 total
[2022-05-19T09:59:32.620+0000][83][gc,age         ] GC(269) - age   7:     295088 bytes,    5583728 total
[2022-05-19T09:59:32.621+0000][83][gc,age         ] GC(269) - age   8:     983520 bytes,    6567248 total
[2022-05-19T09:59:32.621+0000][83][gc,phases      ] GC(269)   Pre Evacuate Collection Set: 0.2ms
[2022-05-19T09:59:32.621+0000][83][gc,phases      ] GC(269)   Merge Heap Roots: 0.1ms
[2022-05-19T09:59:32.621+0000][83][gc,phases      ] GC(269)   Evacuate Collection Set: 1.4ms
[2022-05-19T09:59:32.621+0000][83][gc,phases      ] GC(269)   Post Evacuate Collection Set: 0.6ms
[2022-05-19T09:59:32.621+0000][83][gc,phases      ] GC(269)   Other: 2.7ms
[2022-05-19T09:59:32.622+0000][83][gc,heap        ] GC(269) Eden regions: 15->0(15)
[2022-05-19T09:59:32.622+0000][83][gc,heap        ] GC(269) Survivor regions: 2->2(3)
[2022-05-19T09:59:32.622+0000][83][gc,heap        ] GC(269) Old regions: 44->44
[2022-05-19T09:59:32.622+0000][83][gc,heap        ] GC(269) Archive regions: 2->2
[2022-05-19T09:59:32.622+0000][83][gc,heap        ] GC(269) Humongous regions: 43->43
[2022-05-19T09:59:32.622+0000][83][gc,metaspace   ] GC(269) Metaspace: 101012K(102528K)->101012K(102528K) NonClass: 86997K(87936K)->86997K(87936K) Class: 14014K(14592K)->14014K(14592K)
[2022-05-19T09:59:32.622+0000][83][gc             ] GC(269) Pause Young (Normal) (G1 Evacuation Pause) 413M->354M(512M) 6.492ms
[2022-05-19T09:59:32.623+0000][83][gc,cpu         ] GC(269) User=0.02s Sys=0.00s Real=0.01s
[2022-05-19T09:59:32.623+0000][83][safepoint      ] Safepoint "G1CollectForAllocation", Time since last: 428883800 ns, Reaching safepoint: 206800 ns, At safepoint: 6796400 ns, Total: 7003200 ns
[2022-05-19T09:59:33.085+0000][83][gc,start       ] GC(270) Pause Young (Concurrent Start) (G1 Evacuation Pause)
[2022-05-19T09:59:33.086+0000][83][gc,task        ] GC(270) Using 10 workers of 10 for evacuation
[2022-05-19T09:59:33.086+0000][83][gc,age         ] GC(270) Desired survivor size 6291456 bytes, new threshold 8 (max threshold 15)
[2022-05-19T09:59:33.089+0000][83][gc,age         ] GC(270) Age table with threshold 8 (max threshold 15)
[2022-05-19T09:59:33.089+0000][83][gc,age         ] GC(270) - age   1:     886536 bytes,     886536 total
[2022-05-19T09:59:33.089+0000][83][gc,age         ] GC(270) - age   2:     821504 bytes,    1708040 total
[2022-05-19T09:59:33.090+0000][83][gc,age         ] GC(270) - age   3:     852384 bytes,    2560424 total
[2022-05-19T09:59:33.090+0000][83][gc,age         ] GC(270) - age   4:     852888 bytes,    3413312 total
[2022-05-19T09:59:33.090+0000][83][gc,age         ] GC(270) - age   5:     852568 bytes,    4265880 total
[2022-05-19T09:59:33.090+0000][83][gc,age         ] GC(270) - age   6:     957344 bytes,    5223224 total
[2022-05-19T09:59:33.091+0000][83][gc,age         ] GC(270) - age   7:     950736 bytes,    6173960 total
[2022-05-19T09:59:33.091+0000][83][gc,age         ] GC(270) - age   8:     295088 bytes,    6469048 total
[2022-05-19T09:59:33.091+0000][83][gc,phases      ] GC(270)   Pre Evacuate Collection Set: 0.3ms
[2022-05-19T09:59:33.091+0000][83][gc,phases      ] GC(270)   Merge Heap Roots: 0.2ms
[2022-05-19T09:59:33.092+0000][83][gc,phases      ] GC(270)   Evacuate Collection Set: 1.6ms
[2022-05-19T09:59:33.092+0000][83][gc,phases      ] GC(270)   Post Evacuate Collection Set: 0.7ms
[2022-05-19T09:59:33.092+0000][83][gc,phases      ] GC(270)   Other: 3.2ms
[2022-05-19T09:59:33.092+0000][83][gc,heap        ] GC(270) Eden regions: 15->0(14)
[2022-05-19T09:59:33.092+0000][83][gc,heap        ] GC(270) Survivor regions: 2->2(3)
[2022-05-19T09:59:33.092+0000][83][gc,heap        ] GC(270) Old regions: 44->45
[2022-05-19T09:59:33.092+0000][83][gc,heap        ] GC(270) Archive regions: 2->2
[2022-05-19T09:59:33.093+0000][83][gc,heap        ] GC(270) Humongous regions: 43->43
[2022-05-19T09:59:33.093+0000][83][gc,metaspace   ] GC(270) Metaspace: 101012K(102528K)->101012K(102528K) NonClass: 86997K(87936K)->86997K(87936K) Class: 14014K(14592K)->14014K(14592K)
[2022-05-19T09:59:33.093+0000][83][gc             ] GC(270) Pause Young (Concurrent Start) (G1 Evacuation Pause) 414M->355M(512M) 7.554ms
[2022-05-19T09:59:33.093+0000][83][gc,cpu         ] GC(270) User=0.02s Sys=0.00s Real=0.01s
[2022-05-19T09:59:33.093+0000][83][gc             ] GC(271) Concurrent Mark Cycle
[2022-05-19T09:59:33.093+0000][83][gc,marking     ] GC(271) Concurrent Clear Claimed Marks
[2022-05-19T09:59:33.093+0000][83][safepoint      ] Safepoint "G1CollectForAllocation", Time since last: 462438900 ns, Reaching safepoint: 191800 ns, At safepoint: 7964500 ns, Total: 8156300 ns
[2022-05-19T09:59:33.094+0000][83][gc,marking     ] GC(271) Concurrent Clear Claimed Marks 0.231ms
[2022-05-19T09:59:33.094+0000][83][gc,marking     ] GC(271) Concurrent Scan Root Regions
[2022-05-19T09:59:33.095+0000][83][gc,marking     ] GC(271) Concurrent Scan Root Regions 1.213ms
[2022-05-19T09:59:33.095+0000][83][gc,marking     ] GC(271) Concurrent Mark
[2022-05-19T09:59:33.095+0000][83][gc,marking     ] GC(271) Concurrent Mark From Roots
[2022-05-19T09:59:33.095+0000][83][gc,task        ] GC(271) Using 3 workers of 3 for marking
[2022-05-19T09:59:33.140+0000][83][gc,marking     ] GC(271) Concurrent Mark From Roots 44.346ms
[2022-05-19T09:59:33.140+0000][83][gc,marking     ] GC(271) Concurrent Preclean
[2022-05-19T09:59:33.140+0000][83][gc,marking     ] GC(271) Concurrent Preclean 0.513ms
[2022-05-19T09:59:33.141+0000][83][gc,start       ] GC(271) Pause Remark
[2022-05-19T09:59:33.144+0000][83][gc             ] GC(271) Pause Remark 360M->360M(512M) 2.941ms
[2022-05-19T09:59:33.144+0000][83][gc,cpu         ] GC(271) User=0.02s Sys=0.00s Real=0.00s
[2022-05-19T09:59:33.144+0000][83][safepoint      ] Safepoint "G1Concurrent", Time since last: 47560800 ns, Reaching safepoint: 257600 ns, At safepoint: 3375500 ns, Total: 3633100 ns
[2022-05-19T09:59:33.145+0000][83][gc,marking     ] GC(271) Concurrent Mark 49.495ms
[2022-05-19T09:59:33.145+0000][83][gc,marking     ] GC(271) Concurrent Rebuild Remembered Sets
[2022-05-19T09:59:33.163+0000][83][gc,marking     ] GC(271) Concurrent Rebuild Remembered Sets 18.474ms
[2022-05-19T09:59:33.164+0000][83][gc,start       ] GC(271) Pause Cleanup
[2022-05-19T09:59:33.165+0000][83][gc             ] GC(271) Pause Cleanup 362M->362M(512M) 0.444ms
[2022-05-19T09:59:33.165+0000][83][gc,cpu         ] GC(271) User=0.00s Sys=0.00s Real=0.00s
[2022-05-19T09:59:33.165+0000][83][safepoint      ] Safepoint "G1Concurrent", Time since last: 19307600 ns, Reaching safepoint: 407900 ns, At safepoint: 798200 ns, Total: 1206100 ns
[2022-05-19T09:59:33.165+0000][83][gc,marking     ] GC(271) Concurrent Cleanup for Next Mark
[2022-05-19T09:59:33.165+0000][83][gc,marking     ] GC(271) Concurrent Cleanup for Next Mark 0.372ms
[2022-05-19T09:59:33.166+0000][83][gc             ] GC(271) Concurrent Mark Cycle 72.442ms
[2022-05-19T09:59:33.552+0000][83][gc,start       ] GC(272) Pause Young (Normal) (G1 Evacuation Pause)
[2022-05-19T09:59:33.552+0000][83][gc,task        ] GC(272) Using 10 workers of 10 for evacuation
[2022-05-19T09:59:33.552+0000][83][gc,age         ] GC(272) Desired survivor size 4194304 bytes, new threshold 5 (max threshold 15)
[2022-05-19T09:59:33.555+0000][83][gc,age         ] GC(272) Age table with threshold 5 (max threshold 15)
[2022-05-19T09:59:33.555+0000][83][gc,age         ] GC(272) - age   1:     789064 bytes,     789064 total
[2022-05-19T09:59:33.555+0000][83][gc,age         ] GC(272) - age   2:     886048 bytes,    1675112 total
[2022-05-19T09:59:33.555+0000][83][gc,age         ] GC(272) - age   3:     819696 bytes,    2494808 total
[2022-05-19T09:59:33.555+0000][83][gc,age         ] GC(272) - age   4:     852384 bytes,    3347192 total
[2022-05-19T09:59:33.555+0000][83][gc,age         ] GC(272) - age   5:     852856 bytes,    4200048 total
[2022-05-19T09:59:33.556+0000][83][gc,phases      ] GC(272)   Pre Evacuate Collection Set: 0.2ms
[2022-05-19T09:59:33.556+0000][83][gc,phases      ] GC(272)   Merge Heap Roots: 0.2ms
[2022-05-19T09:59:33.556+0000][83][gc,phases      ] GC(272)   Evacuate Collection Set: 1.3ms
[2022-05-19T09:59:33.556+0000][83][gc,phases      ] GC(272)   Post Evacuate Collection Set: 0.6ms
[2022-05-19T09:59:33.556+0000][83][gc,phases      ] GC(272)   Other: 1.8ms
[2022-05-19T09:59:33.557+0000][83][gc,heap        ] GC(272) Eden regions: 14->0(14)
[2022-05-19T09:59:33.557+0000][83][gc,heap        ] GC(272) Survivor regions: 2->2(2)
[2022-05-19T09:59:33.557+0000][83][gc,heap        ] GC(272) Old regions: 45->45
[2022-05-19T09:59:33.557+0000][83][gc,heap        ] GC(272) Archive regions: 2->2
[2022-05-19T09:59:33.557+0000][83][gc,heap        ] GC(272) Humongous regions: 43->43
[2022-05-19T09:59:33.557+0000][83][gc,metaspace   ] GC(272) Metaspace: 101012K(102528K)->101012K(102528K) NonClass: 86997K(87936K)->86997K(87936K) Class: 14014K(14592K)->14014K(14592K)
[2022-05-19T09:59:33.558+0000][83][gc             ] GC(272) Pause Young (Normal) (G1 Evacuation Pause) 411M->355M(512M) 6.024ms
[2022-05-19T09:59:33.558+0000][83][gc,cpu         ] GC(272) User=0.02s Sys=0.00s Real=0.00s
[2022-05-19T09:59:33.558+0000][83][safepoint      ] Safepoint "G1CollectForAllocation", Time since last: 386435100 ns, Reaching safepoint: 213900 ns, At safepoint: 6369100 ns, Total: 6583000 ns
[2022-05-19T09:59:33.998+0000][83][gc,start       ] GC(273) Pause Young (Concurrent Start) (G1 Evacuation Pause)
[2022-05-19T09:59:33.998+0000][83][gc,task        ] GC(273) Using 10 workers of 10 for evacuation
[2022-05-19T09:59:33.998+0000][83][gc,age         ] GC(273) Desired survivor size 4194304 bytes, new threshold 5 (max threshold 15)
[2022-05-19T09:59:34.002+0000][83][gc,age         ] GC(273) Age table with threshold 5 (max threshold 15)
[2022-05-19T09:59:34.002+0000][83][gc,age         ] GC(273) - age   1:     788112 bytes,     788112 total
[2022-05-19T09:59:34.002+0000][83][gc,age         ] GC(273) - age   2:     788688 bytes,    1576800 total
[2022-05-19T09:59:34.002+0000][83][gc,age         ] GC(273) - age   3:     885168 bytes,    2461968 total
[2022-05-19T09:59:34.003+0000][83][gc,age         ] GC(273) - age   4:     819696 bytes,    3281664 total
[2022-05-19T09:59:34.003+0000][83][gc,age         ] GC(273) - age   5:     852384 bytes,    4134048 total
[2022-05-19T09:59:34.003+0000][83][gc,phases      ] GC(273)   Pre Evacuate Collection Set: 0.4ms
[2022-05-19T09:59:34.003+0000][83][gc,phases      ] GC(273)   Merge Heap Roots: 0.2ms
[2022-05-19T09:59:34.003+0000][83][gc,phases      ] GC(273)   Evacuate Collection Set: 1.5ms
[2022-05-19T09:59:34.003+0000][83][gc,phases      ] GC(273)   Post Evacuate Collection Set: 1.0ms
[2022-05-19T09:59:34.004+0000][83][gc,phases      ] GC(273)   Other: 2.4ms
[2022-05-19T09:59:34.004+0000][83][gc,heap        ] GC(273) Eden regions: 14->0(15)
[2022-05-19T09:59:34.004+0000][83][gc,heap        ] GC(273) Survivor regions: 2->1(2)
[2022-05-19T09:59:34.004+0000][83][gc,heap        ] GC(273) Old regions: 45->46
[2022-05-19T09:59:34.004+0000][83][gc,heap        ] GC(273) Archive regions: 2->2
[2022-05-19T09:59:34.004+0000][83][gc,heap        ] GC(273) Humongous regions: 43->43
[2022-05-19T09:59:34.004+0000][83][gc,metaspace   ] GC(273) Metaspace: 101012K(102528K)->101012K(102528K) NonClass: 86997K(87936K)->86997K(87936K) Class: 14014K(14592K)->14014K(14592K)
[2022-05-19T09:59:34.004+0000][83][gc             ] GC(273) Pause Young (Concurrent Start) (G1 Evacuation Pause) 411M->356M(512M) 6.831ms
[2022-05-19T09:59:34.005+0000][83][gc,cpu         ] GC(273) User=0.01s Sys=0.00s Real=0.01s
[2022-05-19T09:59:34.005+0000][83][gc             ] GC(274) Concurrent Mark Cycle
[2022-05-19T09:59:34.005+0000][83][safepoint      ] Safepoint "G1CollectForAllocation", Time since last: 439371700 ns, Reaching safepoint: 224900 ns, At safepoint: 7142400 ns, Total: 7367300 ns
[2022-05-19T09:59:34.005+0000][83][gc,marking     ] GC(274) Concurrent Clear Claimed Marks
[2022-05-19T09:59:34.005+0000][83][gc,marking     ] GC(274) Concurrent Clear Claimed Marks 0.314ms
[2022-05-19T09:59:34.005+0000][83][gc,marking     ] GC(274) Concurrent Scan Root Regions
[2022-05-19T09:59:34.006+0000][83][gc,marking     ] GC(274) Concurrent Scan Root Regions 0.867ms
[2022-05-19T09:59:34.006+0000][83][gc,marking     ] GC(274) Concurrent Mark
[2022-05-19T09:59:34.006+0000][83][gc,marking     ] GC(274) Concurrent Mark From Roots
[2022-05-19T09:59:34.006+0000][83][gc,task        ] GC(274) Using 3 workers of 3 for marking
[2022-05-19T09:59:34.050+0000][83][gc,marking     ] GC(274) Concurrent Mark From Roots 43.492ms
[2022-05-19T09:59:34.050+0000][83][gc,marking     ] GC(274) Concurrent Preclean
[2022-05-19T09:59:34.051+0000][83][gc,marking     ] GC(274) Concurrent Preclean 0.540ms
[2022-05-19T09:59:34.051+0000][83][gc,start       ] GC(274) Pause Remark
[2022-05-19T09:59:34.054+0000][83][gc             ] GC(274) Pause Remark 361M->361M(512M) 2.946ms
[2022-05-19T09:59:34.055+0000][83][gc,cpu         ] GC(274) User=0.01s Sys=0.00s Real=0.00s
[2022-05-19T09:59:34.055+0000][83][safepoint      ] Safepoint "G1Concurrent", Time since last: 46501000 ns, Reaching safepoint: 266400 ns, At safepoint: 3557300 ns, Total: 3823700 ns
[2022-05-19T09:59:34.055+0000][83][gc,marking     ] GC(274) Concurrent Mark 49.022ms
[2022-05-19T09:59:34.056+0000][83][gc,marking     ] GC(274) Concurrent Rebuild Remembered Sets
[2022-05-19T09:59:34.075+0000][83][gc,marking     ] GC(274) Concurrent Rebuild Remembered Sets 19.165ms
[2022-05-19T09:59:34.075+0000][83][gc,start       ] GC(274) Pause Cleanup
[2022-05-19T09:59:34.076+0000][83][gc             ] GC(274) Pause Cleanup 364M->364M(512M) 0.385ms
[2022-05-19T09:59:34.076+0000][83][gc,cpu         ] GC(274) User=0.00s Sys=0.00s Real=0.00s
[2022-05-19T09:59:34.076+0000][83][safepoint      ] Safepoint "G1Concurrent", Time since last: 20024900 ns, Reaching safepoint: 328000 ns, At safepoint: 852600 ns, Total: 1180600 ns
[2022-05-19T09:59:34.076+0000][83][gc,marking     ] GC(274) Concurrent Cleanup for Next Mark
[2022-05-19T09:59:34.077+0000][83][gc,marking     ] GC(274) Concurrent Cleanup for Next Mark 0.317ms
[2022-05-19T09:59:34.077+0000][83][gc             ] GC(274) Concurrent Mark Cycle 72.164ms
[2022-05-19T09:59:34.491+0000][83][gc,start       ] GC(275) Pause Young (Normal) (G1 Evacuation Pause)
[2022-05-19T09:59:34.491+0000][83][gc,task        ] GC(275) Using 10 workers of 10 for evacuation
[2022-05-19T09:59:34.491+0000][83][gc,age         ] GC(275) Desired survivor size 4194304 bytes, new threshold 15 (max threshold 15)
[2022-05-19T09:59:34.493+0000][83][gc,age         ] GC(275) Age table with threshold 15 (max threshold 15)
[2022-05-19T09:59:34.494+0000][83][gc,age         ] GC(275) - age   1:     861608 bytes,     861608 total
[2022-05-19T09:59:34.494+0000][83][gc,age         ] GC(275) - age   2:     787696 bytes,    1649304 total
[2022-05-19T09:59:34.494+0000][83][gc,age         ] GC(275) - age   3:     787248 bytes,    2436552 total
[2022-05-19T09:59:34.494+0000][83][gc,age         ] GC(275) - age   4:     885168 bytes,    3321720 total
[2022-05-19T09:59:34.494+0000][83][gc,age         ] GC(275) - age   5:     819696 bytes,    4141416 total
[2022-05-19T09:59:34.494+0000][83][gc,age         ] GC(275) - age   6:     852384 bytes,    4993800 total
[2022-05-19T09:59:34.494+0000][83][gc,phases      ] GC(275)   Pre Evacuate Collection Set: 0.2ms
[2022-05-19T09:59:34.495+0000][83][gc,phases      ] GC(275)   Merge Heap Roots: 0.1ms
[2022-05-19T09:59:34.495+0000][83][gc,phases      ] GC(275)   Evacuate Collection Set: 1.0ms
[2022-05-19T09:59:34.495+0000][83][gc,phases      ] GC(275)   Post Evacuate Collection Set: 0.6ms
[2022-05-19T09:59:34.495+0000][83][gc,phases      ] GC(275)   Other: 1.6ms
[2022-05-19T09:59:34.495+0000][83][gc,heap        ] GC(275) Eden regions: 15->0(13)
[2022-05-19T09:59:34.495+0000][83][gc,heap        ] GC(275) Survivor regions: 1->2(2)
[2022-05-19T09:59:34.495+0000][83][gc,heap        ] GC(275) Old regions: 46->46
[2022-05-19T09:59:34.495+0000][83][gc,heap        ] GC(275) Archive regions: 2->2
[2022-05-19T09:59:34.496+0000][83][gc,heap        ] GC(275) Humongous regions: 43->43
[2022-05-19T09:59:34.496+0000][83][gc,metaspace   ] GC(275) Metaspace: 101012K(102528K)->101012K(102528K) NonClass: 86997K(87936K)->86997K(87936K) Class: 14014K(14592K)->14014K(14592K)
[2022-05-19T09:59:34.496+0000][83][gc             ] GC(275) Pause Young (Normal) (G1 Evacuation Pause) 416M->357M(512M) 4.963ms
[2022-05-19T09:59:34.496+0000][83][gc,cpu         ] GC(275) User=0.02s Sys=0.00s Real=0.00s
[2022-05-19T09:59:34.496+0000][83][safepoint      ] Safepoint "G1CollectForAllocation", Time since last: 414420200 ns, Reaching safepoint: 205300 ns, At safepoint: 5318800 ns, Total: 5524100 ns
[2022-05-19T09:59:34.955+0000][83][gc,start       ] GC(276) Pause Young (Concurrent Start) (G1 Evacuation Pause)
[2022-05-19T09:59:34.956+0000][83][gc,task        ] GC(276) Using 10 workers of 10 for evacuation
[2022-05-19T09:59:34.956+0000][83][gc,age         ] GC(276) Desired survivor size 4194304 bytes, new threshold 6 (max threshold 15)
[2022-05-19T09:59:34.959+0000][83][gc,age         ] GC(276) Age table with threshold 6 (max threshold 15)
[2022-05-19T09:59:34.959+0000][83][gc,age         ] GC(276) - age   1:     723144 bytes,     723144 total
[2022-05-19T09:59:34.959+0000][83][gc,age         ] GC(276) - age   2:     861224 bytes,    1584368 total
[2022-05-19T09:59:34.960+0000][83][gc,age         ] GC(276) - age   3:     786816 bytes,    2371184 total
[2022-05-19T09:59:34.960+0000][83][gc,age         ] GC(276) - age   4:     786880 bytes,    3158064 total
[2022-05-19T09:59:34.960+0000][83][gc,age         ] GC(276) - age   5:     885168 bytes,    4043232 total
[2022-05-19T09:59:34.960+0000][83][gc,age         ] GC(276) - age   6:     819664 bytes,    4862896 total
[2022-05-19T09:59:34.960+0000][83][gc,phases      ] GC(276)   Pre Evacuate Collection Set: 0.3ms
[2022-05-19T09:59:34.961+0000][83][gc,phases      ] GC(276)   Merge Heap Roots: 0.2ms
[2022-05-19T09:59:34.961+0000][83][gc,phases      ] GC(276)   Evacuate Collection Set: 1.6ms
[2022-05-19T09:59:34.961+0000][83][gc,phases      ] GC(276)   Post Evacuate Collection Set: 0.7ms
[2022-05-19T09:59:34.961+0000][83][gc,phases      ] GC(276)   Other: 2.6ms
[2022-05-19T09:59:34.961+0000][83][gc,heap        ] GC(276) Eden regions: 13->0(13)
[2022-05-19T09:59:34.961+0000][83][gc,heap        ] GC(276) Survivor regions: 2->2(2)
[2022-05-19T09:59:34.962+0000][83][gc,heap        ] GC(276) Old regions: 46->46
[2022-05-19T09:59:34.962+0000][83][gc,heap        ] GC(276) Archive regions: 2->2
[2022-05-19T09:59:34.962+0000][83][gc,heap        ] GC(276) Humongous regions: 43->43
[2022-05-19T09:59:34.962+0000][83][gc,metaspace   ] GC(276) Metaspace: 101012K(102528K)->101012K(102528K) NonClass: 86998K(87936K)->86998K(87936K) Class: 14014K(14592K)->14014K(14592K)
[2022-05-19T09:59:34.962+0000][83][gc             ] GC(276) Pause Young (Concurrent Start) (G1 Evacuation Pause) 409M->358M(512M) 7.023ms
[2022-05-19T09:59:34.962+0000][83][gc,cpu         ] GC(276) User=0.02s Sys=0.00s Real=0.01s
[2022-05-19T09:59:34.963+0000][83][gc             ] GC(277) Concurrent Mark Cycle
[2022-05-19T09:59:34.963+0000][83][gc,marking     ] GC(277) Concurrent Clear Claimed Marks
[2022-05-19T09:59:34.963+0000][83][safepoint      ] Safepoint "G1CollectForAllocation", Time since last: 458536600 ns, Reaching safepoint: 307700 ns, At safepoint: 7509800 ns, Total: 7817500 ns
[2022-05-19T09:59:34.963+0000][83][gc,marking     ] GC(277) Concurrent Clear Claimed Marks 0.263ms
[2022-05-19T09:59:34.963+0000][83][gc,marking     ] GC(277) Concurrent Scan Root Regions
[2022-05-19T09:59:34.965+0000][83][gc,marking     ] GC(277) Concurrent Scan Root Regions 1.151ms
[2022-05-19T09:59:34.965+0000][83][gc,marking     ] GC(277) Concurrent Mark
[2022-05-19T09:59:34.965+0000][83][gc,marking     ] GC(277) Concurrent Mark From Roots
[2022-05-19T09:59:34.965+0000][83][gc,task        ] GC(277) Using 3 workers of 3 for marking
[2022-05-19T09:59:35.023+0000][83][gc,marking     ] GC(277) Concurrent Mark From Roots 58.316ms
[2022-05-19T09:59:35.024+0000][83][gc,marking     ] GC(277) Concurrent Preclean
[2022-05-19T09:59:35.024+0000][83][gc,marking     ] GC(277) Concurrent Preclean 0.689ms
[2022-05-19T09:59:35.025+0000][83][gc,start       ] GC(277) Pause Remark
[2022-05-19T09:59:35.028+0000][83][gc             ] GC(277) Pause Remark 363M->363M(512M) 3.399ms
[2022-05-19T09:59:35.029+0000][83][gc,cpu         ] GC(277) User=0.02s Sys=0.00s Real=0.00s
[2022-05-19T09:59:35.029+0000][83][safepoint      ] Safepoint "G1Concurrent", Time since last: 61925300 ns, Reaching safepoint: 363300 ns, At safepoint: 3916500 ns, Total: 4279800 ns
[2022-05-19T09:59:35.029+0000][83][gc,marking     ] GC(277) Concurrent Mark 64.180ms
[2022-05-19T09:59:35.029+0000][83][gc,marking     ] GC(277) Concurrent Rebuild Remembered Sets
[2022-05-19T09:59:35.055+0000][83][gc,marking     ] GC(277) Concurrent Rebuild Remembered Sets 25.912ms
[2022-05-19T09:59:35.056+0000][83][gc,start       ] GC(277) Pause Cleanup
[2022-05-19T09:59:35.056+0000][83][gc             ] GC(277) Pause Cleanup 365M->365M(512M) 0.324ms
[2022-05-19T09:59:35.056+0000][83][gc,cpu         ] GC(277) User=0.00s Sys=0.00s Real=0.00s
[2022-05-19T09:59:35.056+0000][83][safepoint      ] Safepoint "G1Concurrent", Time since last: 26551300 ns, Reaching safepoint: 273900 ns, At safepoint: 653600 ns, Total: 927500 ns
[2022-05-19T09:59:35.056+0000][83][gc,marking     ] GC(277) Concurrent Cleanup for Next Mark
[2022-05-19T09:59:35.057+0000][83][gc,marking     ] GC(277) Concurrent Cleanup for Next Mark 0.379ms
[2022-05-19T09:59:35.057+0000][83][gc             ] GC(277) Concurrent Mark Cycle 94.463ms
[2022-05-19T09:59:35.462+0000][83][gc,start       ] GC(278) Pause Young (Normal) (G1 Evacuation Pause)
[2022-05-19T09:59:35.463+0000][83][gc,task        ] GC(278) Using 10 workers of 10 for evacuation
[2022-05-19T09:59:35.463+0000][83][gc,age         ] GC(278) Desired survivor size 4194304 bytes, new threshold 6 (max threshold 15)
[2022-05-19T09:59:35.465+0000][83][gc,age         ] GC(278) Age table with threshold 6 (max threshold 15)
[2022-05-19T09:59:35.465+0000][83][gc,age         ] GC(278) - age   1:     755792 bytes,     755792 total
[2022-05-19T09:59:35.466+0000][83][gc,age         ] GC(278) - age   2:     722560 bytes,    1478352 total
[2022-05-19T09:59:35.466+0000][83][gc,age         ] GC(278) - age   3:     859784 bytes,    2338136 total
[2022-05-19T09:59:35.466+0000][83][gc,age         ] GC(278) - age   4:     786816 bytes,    3124952 total
[2022-05-19T09:59:35.466+0000][83][gc,age         ] GC(278) - age   5:     786880 bytes,    3911832 total
[2022-05-19T09:59:35.467+0000][83][gc,age         ] GC(278) - age   6:     885168 bytes,    4797000 total
[2022-05-19T09:59:35.467+0000][83][gc,phases      ] GC(278)   Pre Evacuate Collection Set: 0.2ms
[2022-05-19T09:59:35.467+0000][83][gc,phases      ] GC(278)   Merge Heap Roots: 0.2ms
[2022-05-19T09:59:35.467+0000][83][gc,phases      ] GC(278)   Evacuate Collection Set: 1.2ms
[2022-05-19T09:59:35.467+0000][83][gc,phases      ] GC(278)   Post Evacuate Collection Set: 0.6ms
[2022-05-19T09:59:35.467+0000][83][gc,phases      ] GC(278)   Other: 2.3ms
[2022-05-19T09:59:35.467+0000][83][gc,heap        ] GC(278) Eden regions: 13->0(13)
[2022-05-19T09:59:35.467+0000][83][gc,heap        ] GC(278) Survivor regions: 2->2(2)
[2022-05-19T09:59:35.468+0000][83][gc,heap        ] GC(278) Old regions: 46->46
[2022-05-19T09:59:35.468+0000][83][gc,heap        ] GC(278) Archive regions: 2->2
[2022-05-19T09:59:35.468+0000][83][gc,heap        ] GC(278) Humongous regions: 43->43
[2022-05-19T09:59:35.468+0000][83][gc,metaspace   ] GC(278) Metaspace: 101012K(102528K)->101012K(102528K) NonClass: 86998K(87936K)->86998K(87936K) Class: 14014K(14592K)->14014K(14592K)
[2022-05-19T09:59:35.468+0000][83][gc             ] GC(278) Pause Young (Normal) (G1 Evacuation Pause) 410M->358M(512M) 5.937ms
[2022-05-19T09:59:35.468+0000][83][gc,cpu         ] GC(278) User=0.01s Sys=0.00s Real=0.00s
[2022-05-19T09:59:35.468+0000][83][safepoint      ] Safepoint "G1CollectForAllocation", Time since last: 405717300 ns, Reaching safepoint: 223000 ns, At safepoint: 6269200 ns, Total: 6492200 ns
[2022-05-19T09:59:35.895+0000][83][gc,start       ] GC(279) Pause Young (Concurrent Start) (G1 Evacuation Pause)
[2022-05-19T09:59:35.895+0000][83][gc,task        ] GC(279) Using 10 workers of 10 for evacuation
[2022-05-19T09:59:35.896+0000][83][gc,age         ] GC(279) Desired survivor size 4194304 bytes, new threshold 6 (max threshold 15)
[2022-05-19T09:59:35.899+0000][83][gc,age         ] GC(279) Age table with threshold 6 (max threshold 15)
[2022-05-19T09:59:35.899+0000][83][gc,age         ] GC(279) - age   1:     755896 bytes,     755896 total
[2022-05-19T09:59:35.899+0000][83][gc,age         ] GC(279) - age   2:     755472 bytes,    1511368 total
[2022-05-19T09:59:35.900+0000][83][gc,age         ] GC(279) - age   3:     721312 bytes,    2232680 total
[2022-05-19T09:59:35.900+0000][83][gc,age         ] GC(279) - age   4:     859784 bytes,    3092464 total
[2022-05-19T09:59:35.900+0000][83][gc,age         ] GC(279) - age   5:     786816 bytes,    3879280 total
[2022-05-19T09:59:35.900+0000][83][gc,age         ] GC(279) - age   6:     786848 bytes,    4666128 total
[2022-05-19T09:59:35.900+0000][83][gc,phases      ] GC(279)   Pre Evacuate Collection Set: 0.3ms
[2022-05-19T09:59:35.900+0000][83][gc,phases      ] GC(279)   Merge Heap Roots: 0.3ms
[2022-05-19T09:59:35.901+0000][83][gc,phases      ] GC(279)   Evacuate Collection Set: 1.6ms
[2022-05-19T09:59:35.901+0000][83][gc,phases      ] GC(279)   Post Evacuate Collection Set: 0.6ms
[2022-05-19T09:59:35.901+0000][83][gc,phases      ] GC(279)   Other: 2.6ms
[2022-05-19T09:59:35.901+0000][83][gc,heap        ] GC(279) Eden regions: 13->0(13)
[2022-05-19T09:59:35.901+0000][83][gc,heap        ] GC(279) Survivor regions: 2->2(2)
[2022-05-19T09:59:35.901+0000][83][gc,heap        ] GC(279) Old regions: 46->46
[2022-05-19T09:59:35.901+0000][83][gc,heap        ] GC(279) Archive regions: 2->2
[2022-05-19T09:59:35.901+0000][83][gc,heap        ] GC(279) Humongous regions: 43->43
[2022-05-19T09:59:35.901+0000][83][gc,metaspace   ] GC(279) Metaspace: 101012K(102528K)->101012K(102528K) NonClass: 86998K(87936K)->86998K(87936K) Class: 14014K(14592K)->14014K(14592K)
[2022-05-19T09:59:35.902+0000][83][gc             ] GC(279) Pause Young (Concurrent Start) (G1 Evacuation Pause) 410M->359M(512M) 6.696ms
[2022-05-19T09:59:35.902+0000][83][gc,cpu         ] GC(279) User=0.01s Sys=0.00s Real=0.01s
[2022-05-19T09:59:35.902+0000][83][gc             ] GC(280) Concurrent Mark Cycle
[2022-05-19T09:59:35.902+0000][83][gc,marking     ] GC(280) Concurrent Clear Claimed Marks
[2022-05-19T09:59:35.902+0000][83][safepoint      ] Safepoint "G1CollectForAllocation", Time since last: 426157700 ns, Reaching safepoint: 308100 ns, At safepoint: 6997500 ns, Total: 7305600 ns
[2022-05-19T09:59:35.902+0000][83][gc,marking     ] GC(280) Concurrent Clear Claimed Marks 0.187ms
[2022-05-19T09:59:35.902+0000][83][gc,marking     ] GC(280) Concurrent Scan Root Regions
[2022-05-19T09:59:35.903+0000][83][gc,marking     ] GC(280) Concurrent Scan Root Regions 0.997ms
[2022-05-19T09:59:35.904+0000][83][gc,marking     ] GC(280) Concurrent Mark
[2022-05-19T09:59:35.904+0000][83][gc,marking     ] GC(280) Concurrent Mark From Roots
[2022-05-19T09:59:35.904+0000][83][gc,task        ] GC(280) Using 3 workers of 3 for marking
[2022-05-19T09:59:35.946+0000][83][gc,marking     ] GC(280) Concurrent Mark From Roots 42.465ms
[2022-05-19T09:59:35.946+0000][83][gc,marking     ] GC(280) Concurrent Preclean
[2022-05-19T09:59:35.947+0000][83][gc,marking     ] GC(280) Concurrent Preclean 0.575ms
[2022-05-19T09:59:35.948+0000][83][gc,start       ] GC(280) Pause Remark
[2022-05-19T09:59:35.951+0000][83][gc             ] GC(280) Pause Remark 363M->363M(512M) 3.103ms
[2022-05-19T09:59:35.951+0000][83][gc,cpu         ] GC(280) User=0.02s Sys=0.00s Real=0.01s
[2022-05-19T09:59:35.951+0000][83][safepoint      ] Safepoint "G1Concurrent", Time since last: 45400800 ns, Reaching safepoint: 333900 ns, At safepoint: 3787300 ns, Total: 4121200 ns
[2022-05-19T09:59:35.952+0000][83][gc,marking     ] GC(280) Concurrent Mark 48.262ms
[2022-05-19T09:59:35.952+0000][83][gc,marking     ] GC(280) Concurrent Rebuild Remembered Sets
[2022-05-19T09:59:35.972+0000][83][gc,marking     ] GC(280) Concurrent Rebuild Remembered Sets 20.282ms
[2022-05-19T09:59:35.973+0000][83][gc,start       ] GC(280) Pause Cleanup
[2022-05-19T09:59:35.974+0000][83][gc             ] GC(280) Pause Cleanup 365M->365M(512M) 0.486ms
[2022-05-19T09:59:35.974+0000][83][gc,cpu         ] GC(280) User=0.00s Sys=0.00s Real=0.00s
[2022-05-19T09:59:35.974+0000][83][safepoint      ] Safepoint "G1Concurrent", Time since last: 21391600 ns, Reaching safepoint: 363600 ns, At safepoint: 1044600 ns, Total: 1408200 ns
[2022-05-19T09:59:35.975+0000][83][gc,marking     ] GC(280) Concurrent Cleanup for Next Mark
[2022-05-19T09:59:35.975+0000][83][gc,marking     ] GC(280) Concurrent Cleanup for Next Mark 0.493ms
[2022-05-19T09:59:35.975+0000][83][gc             ] GC(280) Concurrent Mark Cycle 73.356ms
[2022-05-19T09:59:36.324+0000][83][gc,start       ] GC(281) Pause Young (Normal) (G1 Evacuation Pause)
[2022-05-19T09:59:36.324+0000][83][gc,task        ] GC(281) Using 10 workers of 10 for evacuation
[2022-05-19T09:59:36.324+0000][83][gc,age         ] GC(281) Desired survivor size 4194304 bytes, new threshold 6 (max threshold 15)
[2022-05-19T09:59:36.327+0000][83][gc,age         ] GC(281) Age table with threshold 6 (max threshold 15)
[2022-05-19T09:59:36.327+0000][83][gc,age         ] GC(281) - age   1:     755288 bytes,     755288 total
[2022-05-19T09:59:36.327+0000][83][gc,age         ] GC(281) - age   2:     755528 bytes,    1510816 total
[2022-05-19T09:59:36.327+0000][83][gc,age         ] GC(281) - age   3:     754544 bytes,    2265360 total
[2022-05-19T09:59:36.328+0000][83][gc,age         ] GC(281) - age   4:     721312 bytes,    2986672 total
[2022-05-19T09:59:36.328+0000][83][gc,age         ] GC(281) - age   5:     859784 bytes,    3846456 total
[2022-05-19T09:59:36.328+0000][83][gc,age         ] GC(281) - age   6:     786816 bytes,    4633272 total
[2022-05-19T09:59:36.328+0000][83][gc,phases      ] GC(281)   Pre Evacuate Collection Set: 0.2ms
[2022-05-19T09:59:36.328+0000][83][gc,phases      ] GC(281)   Merge Heap Roots: 0.2ms
[2022-05-19T09:59:36.329+0000][83][gc,phases      ] GC(281)   Evacuate Collection Set: 1.3ms
[2022-05-19T09:59:36.329+0000][83][gc,phases      ] GC(281)   Post Evacuate Collection Set: 0.7ms
[2022-05-19T09:59:36.329+0000][83][gc,phases      ] GC(281)   Other: 2.3ms
[2022-05-19T09:59:36.329+0000][83][gc,heap        ] GC(281) Eden regions: 13->0(13)
[2022-05-19T09:59:36.329+0000][83][gc,heap        ] GC(281) Survivor regions: 2->2(2)
[2022-05-19T09:59:36.330+0000][83][gc,heap        ] GC(281) Old regions: 46->46
[2022-05-19T09:59:36.330+0000][83][gc,heap        ] GC(281) Archive regions: 2->2
[2022-05-19T09:59:36.330+0000][83][gc,heap        ] GC(281) Humongous regions: 43->43
[2022-05-19T09:59:36.330+0000][83][gc,metaspace   ] GC(281) Metaspace: 101012K(102528K)->101012K(102528K) NonClass: 86998K(87936K)->86998K(87936K) Class: 14014K(14592K)->14014K(14592K)
[2022-05-19T09:59:36.330+0000][83][gc             ] GC(281) Pause Young (Normal) (G1 Evacuation Pause) 411M->360M(512M) 6.357ms
[2022-05-19T09:59:36.330+0000][83][gc,cpu         ] GC(281) User=0.01s Sys=0.00s Real=0.01s
[2022-05-19T09:59:36.330+0000][83][safepoint      ] Safepoint "G1CollectForAllocation", Time since last: 349148700 ns, Reaching safepoint: 256000 ns, At safepoint: 6649600 ns, Total: 6905600 ns
[2022-05-19T09:59:36.753+0000][83][gc,start       ] GC(282) Pause Young (Concurrent Start) (G1 Evacuation Pause)
[2022-05-19T09:59:36.753+0000][83][gc,task        ] GC(282) Using 10 workers of 10 for evacuation
[2022-05-19T09:59:36.754+0000][83][gc,age         ] GC(282) Desired survivor size 4194304 bytes, new threshold 6 (max threshold 15)
[2022-05-19T09:59:36.756+0000][83][gc,age         ] GC(282) Age table with threshold 6 (max threshold 15)
[2022-05-19T09:59:36.757+0000][83][gc,age         ] GC(282) - age   1:     723096 bytes,     723096 total
[2022-05-19T09:59:36.757+0000][83][gc,age         ] GC(282) - age   2:     754896 bytes,    1477992 total
[2022-05-19T09:59:36.757+0000][83][gc,age         ] GC(282) - age   3:     755160 bytes,    2233152 total
[2022-05-19T09:59:36.757+0000][83][gc,age         ] GC(282) - age   4:     754032 bytes,    2987184 total
[2022-05-19T09:59:36.757+0000][83][gc,age         ] GC(282) - age   5:     721280 bytes,    3708464 total
[2022-05-19T09:59:36.758+0000][83][gc,age         ] GC(282) - age   6:     859784 bytes,    4568248 total
[2022-05-19T09:59:36.758+0000][83][gc,phases      ] GC(282)   Pre Evacuate Collection Set: 0.2ms
[2022-05-19T09:59:36.758+0000][83][gc,phases      ] GC(282)   Merge Heap Roots: 0.2ms
[2022-05-19T09:59:36.758+0000][83][gc,phases      ] GC(282)   Evacuate Collection Set: 1.5ms
[2022-05-19T09:59:36.758+0000][83][gc,phases      ] GC(282)   Post Evacuate Collection Set: 0.6ms
[2022-05-19T09:59:36.758+0000][83][gc,phases      ] GC(282)   Other: 2.1ms
[2022-05-19T09:59:36.759+0000][83][gc,heap        ] GC(282) Eden regions: 13->0(12)
[2022-05-19T09:59:36.759+0000][83][gc,heap        ] GC(282) Survivor regions: 2->2(2)
[2022-05-19T09:59:36.759+0000][83][gc,heap        ] GC(282) Old regions: 46->47
[2022-05-19T09:59:36.759+0000][83][gc,heap        ] GC(282) Archive regions: 2->2
[2022-05-19T09:59:36.759+0000][83][gc,heap        ] GC(282) Humongous regions: 43->43
[2022-05-19T09:59:36.759+0000][83][gc,metaspace   ] GC(282) Metaspace: 101012K(102528K)->101012K(102528K) NonClass: 86998K(87936K)->86998K(87936K) Class: 14014K(14592K)->14014K(14592K)
[2022-05-19T09:59:36.759+0000][83][gc             ] GC(282) Pause Young (Concurrent Start) (G1 Evacuation Pause) 412M->361M(512M) 6.138ms
[2022-05-19T09:59:36.760+0000][83][gc,cpu         ] GC(282) User=0.01s Sys=0.00s Real=0.01s
[2022-05-19T09:59:36.760+0000][83][gc             ] GC(283) Concurrent Mark Cycle
[2022-05-19T09:59:36.760+0000][83][safepoint      ] Safepoint "G1CollectForAllocation", Time since last: 422716400 ns, Reaching safepoint: 197300 ns, At safepoint: 6577700 ns, Total: 6775000 ns
[2022-05-19T09:59:36.760+0000][83][gc,marking     ] GC(283) Concurrent Clear Claimed Marks
[2022-05-19T09:59:36.760+0000][83][gc,marking     ] GC(283) Concurrent Clear Claimed Marks 0.321ms
[2022-05-19T09:59:36.760+0000][83][gc,marking     ] GC(283) Concurrent Scan Root Regions
[2022-05-19T09:59:36.761+0000][83][gc,marking     ] GC(283) Concurrent Scan Root Regions 1.094ms
[2022-05-19T09:59:36.762+0000][83][gc,marking     ] GC(283) Concurrent Mark
[2022-05-19T09:59:36.762+0000][83][gc,marking     ] GC(283) Concurrent Mark From Roots
[2022-05-19T09:59:36.762+0000][83][gc,task        ] GC(283) Using 3 workers of 3 for marking
[2022-05-19T09:59:36.811+0000][83][gc,marking     ] GC(283) Concurrent Mark From Roots 49.295ms
[2022-05-19T09:59:36.811+0000][83][gc,marking     ] GC(283) Concurrent Preclean
[2022-05-19T09:59:36.812+0000][83][gc,marking     ] GC(283) Concurrent Preclean 0.600ms
[2022-05-19T09:59:36.813+0000][83][gc,start       ] GC(283) Pause Remark
[2022-05-19T09:59:36.816+0000][83][gc             ] GC(283) Pause Remark 366M->366M(512M) 3.071ms
[2022-05-19T09:59:36.816+0000][83][gc,cpu         ] GC(283) User=0.02s Sys=0.00s Real=0.00s
[2022-05-19T09:59:36.816+0000][83][safepoint      ] Safepoint "G1Concurrent", Time since last: 52567100 ns, Reaching safepoint: 256700 ns, At safepoint: 3474900 ns, Total: 3731600 ns
[2022-05-19T09:59:36.816+0000][83][gc,marking     ] GC(283) Concurrent Mark 54.654ms
[2022-05-19T09:59:36.816+0000][83][gc,marking     ] GC(283) Concurrent Rebuild Remembered Sets
[2022-05-19T09:59:36.841+0000][83][gc,marking     ] GC(283) Concurrent Rebuild Remembered Sets 24.069ms
[2022-05-19T09:59:36.841+0000][83][gc,start       ] GC(283) Pause Cleanup
[2022-05-19T09:59:36.841+0000][83][gc             ] GC(283) Pause Cleanup 367M->367M(512M) 0.365ms
[2022-05-19T09:59:36.842+0000][83][gc,cpu         ] GC(283) User=0.00s Sys=0.00s Real=0.00s
[2022-05-19T09:59:36.842+0000][83][safepoint      ] Safepoint "G1Concurrent", Time since last: 24760300 ns, Reaching safepoint: 270100 ns, At safepoint: 736700 ns, Total: 1006800 ns
[2022-05-19T09:59:36.842+0000][83][gc,marking     ] GC(283) Concurrent Cleanup for Next Mark
[2022-05-19T09:59:36.842+0000][83][gc,marking     ] GC(283) Concurrent Cleanup for Next Mark 0.372ms
[2022-05-19T09:59:36.843+0000][83][gc             ] GC(283) Concurrent Mark Cycle 82.870ms
[2022-05-19T09:59:37.172+0000][83][gc,start       ] GC(284) Pause Young (Normal) (G1 Evacuation Pause)
[2022-05-19T09:59:37.172+0000][83][gc,task        ] GC(284) Using 10 workers of 10 for evacuation
[2022-05-19T09:59:37.172+0000][83][gc,age         ] GC(284) Desired survivor size 4194304 bytes, new threshold 6 (max threshold 15)
[2022-05-19T09:59:37.175+0000][83][gc,age         ] GC(284) Age table with threshold 6 (max threshold 15)
[2022-05-19T09:59:37.175+0000][83][gc,age         ] GC(284) - age   1:     689960 bytes,     689960 total
[2022-05-19T09:59:37.175+0000][83][gc,age         ] GC(284) - age   2:     722696 bytes,    1412656 total
[2022-05-19T09:59:37.175+0000][83][gc,age         ] GC(284) - age   3:     754672 bytes,    2167328 total
[2022-05-19T09:59:37.176+0000][83][gc,age         ] GC(284) - age   4:     754280 bytes,    2921608 total
[2022-05-19T09:59:37.176+0000][83][gc,age         ] GC(284) - age   5:     754032 bytes,    3675640 total
[2022-05-19T09:59:37.176+0000][83][gc,age         ] GC(284) - age   6:     721280 bytes,    4396920 total
[2022-05-19T09:59:37.176+0000][83][gc,phases      ] GC(284)   Pre Evacuate Collection Set: 0.2ms
[2022-05-19T09:59:37.176+0000][83][gc,phases      ] GC(284)   Merge Heap Roots: 0.1ms
[2022-05-19T09:59:37.176+0000][83][gc,phases      ] GC(284)   Evacuate Collection Set: 1.1ms
[2022-05-19T09:59:37.176+0000][83][gc,phases      ] GC(284)   Post Evacuate Collection Set: 0.5ms
[2022-05-19T09:59:37.176+0000][83][gc,phases      ] GC(284)   Other: 2.2ms
[2022-05-19T09:59:37.177+0000][83][gc,heap        ] GC(284) Eden regions: 12->0(12)
[2022-05-19T09:59:37.177+0000][83][gc,heap        ] GC(284) Survivor regions: 2->2(2)
[2022-05-19T09:59:37.177+0000][83][gc,heap        ] GC(284) Old regions: 47->47
[2022-05-19T09:59:37.177+0000][83][gc,heap        ] GC(284) Archive regions: 2->2
[2022-05-19T09:59:37.177+0000][83][gc,heap        ] GC(284) Humongous regions: 43->43
[2022-05-19T09:59:37.177+0000][83][gc,metaspace   ] GC(284) Metaspace: 101012K(102528K)->101012K(102528K) NonClass: 86998K(87936K)->86998K(87936K) Class: 14014K(14592K)->14014K(14592K)
[2022-05-19T09:59:37.177+0000][83][gc             ] GC(284) Pause Young (Normal) (G1 Evacuation Pause) 409M->361M(512M) 5.382ms
[2022-05-19T09:59:37.177+0000][83][gc,cpu         ] GC(284) User=0.02s Sys=0.00s Real=0.00s
[2022-05-19T09:59:37.178+0000][83][safepoint      ] Safepoint "G1CollectForAllocation", Time since last: 329870000 ns, Reaching safepoint: 184300 ns, At safepoint: 5667900 ns, Total: 5852200 ns
[2022-05-19T09:59:37.554+0000][83][gc,start       ] GC(285) Pause Young (Concurrent Start) (G1 Evacuation Pause)
[2022-05-19T09:59:37.554+0000][83][gc,task        ] GC(285) Using 10 workers of 10 for evacuation
[2022-05-19T09:59:37.555+0000][83][gc,age         ] GC(285) Desired survivor size 4194304 bytes, new threshold 6 (max threshold 15)
[2022-05-19T09:59:37.558+0000][83][gc,age         ] GC(285) Age table with threshold 6 (max threshold 15)
[2022-05-19T09:59:37.558+0000][83][gc,age         ] GC(285) - age   1:     690784 bytes,     690784 total
[2022-05-19T09:59:37.558+0000][83][gc,age         ] GC(285) - age   2:     689536 bytes,    1380320 total
[2022-05-19T09:59:37.559+0000][83][gc,age         ] GC(285) - age   3:     721752 bytes,    2102072 total
[2022-05-19T09:59:37.559+0000][83][gc,age         ] GC(285) - age   4:     754032 bytes,    2856104 total
[2022-05-19T09:59:37.559+0000][83][gc,age         ] GC(285) - age   5:     754248 bytes,    3610352 total
[2022-05-19T09:59:37.559+0000][83][gc,age         ] GC(285) - age   6:     754032 bytes,    4364384 total
[2022-05-19T09:59:37.560+0000][83][gc,phases      ] GC(285)   Pre Evacuate Collection Set: 0.3ms
[2022-05-19T09:59:37.560+0000][83][gc,phases      ] GC(285)   Merge Heap Roots: 0.2ms
[2022-05-19T09:59:37.560+0000][83][gc,phases      ] GC(285)   Evacuate Collection Set: 1.7ms
[2022-05-19T09:59:37.560+0000][83][gc,phases      ] GC(285)   Post Evacuate Collection Set: 0.8ms
[2022-05-19T09:59:37.560+0000][83][gc,phases      ] GC(285)   Other: 2.8ms
[2022-05-19T09:59:37.560+0000][83][gc,heap        ] GC(285) Eden regions: 12->0(12)
[2022-05-19T09:59:37.561+0000][83][gc,heap        ] GC(285) Survivor regions: 2->2(2)
[2022-05-19T09:59:37.561+0000][83][gc,heap        ] GC(285) Old regions: 47->47
[2022-05-19T09:59:37.561+0000][83][gc,heap        ] GC(285) Archive regions: 2->2
[2022-05-19T09:59:37.561+0000][83][gc,heap        ] GC(285) Humongous regions: 43->43
[2022-05-19T09:59:37.562+0000][83][gc,metaspace   ] GC(285) Metaspace: 101013K(102528K)->101013K(102528K) NonClass: 86998K(87936K)->86998K(87936K) Class: 14014K(14592K)->14014K(14592K)
[2022-05-19T09:59:37.562+0000][83][gc             ] GC(285) Pause Young (Concurrent Start) (G1 Evacuation Pause) 409M->362M(512M) 7.876ms
[2022-05-19T09:59:37.562+0000][83][gc,cpu         ] GC(285) User=0.01s Sys=0.00s Real=0.01s
[2022-05-19T09:59:37.562+0000][83][safepoint      ] Safepoint "G1CollectForAllocation", Time since last: 375983200 ns, Reaching safepoint: 235600 ns, At safepoint: 8202000 ns, Total: 8437600 ns
[2022-05-19T09:59:37.562+0000][83][gc             ] GC(286) Concurrent Mark Cycle
[2022-05-19T09:59:37.562+0000][83][gc,marking     ] GC(286) Concurrent Clear Claimed Marks
[2022-05-19T09:59:37.562+0000][83][gc,marking     ] GC(286) Concurrent Clear Claimed Marks 0.164ms
[2022-05-19T09:59:37.562+0000][83][gc,marking     ] GC(286) Concurrent Scan Root Regions
[2022-05-19T09:59:37.563+0000][83][gc,marking     ] GC(286) Concurrent Scan Root Regions 0.880ms
[2022-05-19T09:59:37.563+0000][83][gc,marking     ] GC(286) Concurrent Mark
[2022-05-19T09:59:37.564+0000][83][gc,marking     ] GC(286) Concurrent Mark From Roots
[2022-05-19T09:59:37.564+0000][83][gc,task        ] GC(286) Using 3 workers of 3 for marking
[2022-05-19T09:59:37.608+0000][83][gc,marking     ] GC(286) Concurrent Mark From Roots 44.474ms
[2022-05-19T09:59:37.608+0000][83][gc,marking     ] GC(286) Concurrent Preclean
[2022-05-19T09:59:37.609+0000][83][gc,marking     ] GC(286) Concurrent Preclean 0.787ms
[2022-05-19T09:59:37.610+0000][83][gc,start       ] GC(286) Pause Remark
[2022-05-19T09:59:37.613+0000][83][gc             ] GC(286) Pause Remark 368M->368M(512M) 3.524ms
[2022-05-19T09:59:37.614+0000][83][gc,cpu         ] GC(286) User=0.02s Sys=0.00s Real=0.00s
[2022-05-19T09:59:37.614+0000][83][safepoint      ] Safepoint "G1Concurrent", Time since last: 47423100 ns, Reaching safepoint: 317600 ns, At safepoint: 4211800 ns, Total: 4529400 ns
[2022-05-19T09:59:37.614+0000][83][gc,marking     ] GC(286) Concurrent Mark 50.694ms
[2022-05-19T09:59:37.614+0000][83][gc,marking     ] GC(286) Concurrent Rebuild Remembered Sets
[2022-05-19T09:59:37.637+0000][83][gc,marking     ] GC(286) Concurrent Rebuild Remembered Sets 23.145ms
[2022-05-19T09:59:37.638+0000][83][gc,start       ] GC(286) Pause Cleanup
[2022-05-19T09:59:37.639+0000][83][gc             ] GC(286) Pause Cleanup 369M->369M(512M) 0.478ms
[2022-05-19T09:59:37.639+0000][83][gc,cpu         ] GC(286) User=0.00s Sys=0.00s Real=0.00s
[2022-05-19T09:59:37.639+0000][83][safepoint      ] Safepoint "G1Concurrent", Time since last: 24006500 ns, Reaching safepoint: 447500 ns, At safepoint: 1015100 ns, Total: 1462600 ns
[2022-05-19T09:59:37.640+0000][83][gc,marking     ] GC(286) Concurrent Cleanup for Next Mark
[2022-05-19T09:59:37.640+0000][83][gc,marking     ] GC(286) Concurrent Cleanup for Next Mark 0.476ms
[2022-05-19T09:59:37.640+0000][83][gc             ] GC(286) Concurrent Mark Cycle 78.444ms
[2022-05-19T09:59:37.968+0000][83][gc,start       ] GC(287) Pause Young (Normal) (G1 Evacuation Pause)
[2022-05-19T09:59:37.969+0000][83][gc,task        ] GC(287) Using 10 workers of 10 for evacuation
[2022-05-19T09:59:37.969+0000][83][gc,age         ] GC(287) Desired survivor size 4194304 bytes, new threshold 6 (max threshold 15)
[2022-05-19T09:59:37.971+0000][83][gc,age         ] GC(287) Age table with threshold 6 (max threshold 15)
[2022-05-19T09:59:37.971+0000][83][gc,age         ] GC(287) - age   1:     689888 bytes,     689888 total
[2022-05-19T09:59:37.971+0000][83][gc,age         ] GC(287) - age   2:     690144 bytes,    1380032 total
[2022-05-19T09:59:37.971+0000][83][gc,age         ] GC(287) - age   3:     688656 bytes,    2068688 total
[2022-05-19T09:59:37.971+0000][83][gc,age         ] GC(287) - age   4:     721752 bytes,    2790440 total
[2022-05-19T09:59:37.972+0000][83][gc,age         ] GC(287) - age   5:     754032 bytes,    3544472 total
[2022-05-19T09:59:37.972+0000][83][gc,age         ] GC(287) - age   6:     754248 bytes,    4298720 total
[2022-05-19T09:59:37.972+0000][83][gc,phases      ] GC(287)   Pre Evacuate Collection Set: 0.2ms
[2022-05-19T09:59:37.972+0000][83][gc,phases      ] GC(287)   Merge Heap Roots: 0.2ms
[2022-05-19T09:59:37.972+0000][83][gc,phases      ] GC(287)   Evacuate Collection Set: 1.0ms
[2022-05-19T09:59:37.973+0000][83][gc,phases      ] GC(287)   Post Evacuate Collection Set: 0.6ms
[2022-05-19T09:59:37.973+0000][83][gc,phases      ] GC(287)   Other: 2.0ms
[2022-05-19T09:59:37.973+0000][83][gc,heap        ] GC(287) Eden regions: 12->0(12)
[2022-05-19T09:59:37.973+0000][83][gc,heap        ] GC(287) Survivor regions: 2->2(2)
[2022-05-19T09:59:37.973+0000][83][gc,heap        ] GC(287) Old regions: 47->47
[2022-05-19T09:59:37.973+0000][83][gc,heap        ] GC(287) Archive regions: 2->2
[2022-05-19T09:59:37.973+0000][83][gc,heap        ] GC(287) Humongous regions: 43->43
[2022-05-19T09:59:37.973+0000][83][gc,metaspace   ] GC(287) Metaspace: 101013K(102528K)->101013K(102528K) NonClass: 86999K(87936K)->86999K(87936K) Class: 14014K(14592K)->14014K(14592K)
[2022-05-19T09:59:37.974+0000][83][gc             ] GC(287) Pause Young (Normal) (G1 Evacuation Pause) 410M->363M(512M) 5.329ms
[2022-05-19T09:59:37.974+0000][83][gc,cpu         ] GC(287) User=0.01s Sys=0.01s Real=0.01s
[2022-05-19T09:59:37.974+0000][83][safepoint      ] Safepoint "G1CollectForAllocation", Time since last: 328628100 ns, Reaching safepoint: 198300 ns, At safepoint: 5645000 ns, Total: 5843300 ns
[2022-05-19T09:59:38.357+0000][83][gc,start       ] GC(288) Pause Young (Concurrent Start) (G1 Evacuation Pause)
[2022-05-19T09:59:38.357+0000][83][gc,task        ] GC(288) Using 10 workers of 10 for evacuation
[2022-05-19T09:59:38.358+0000][83][gc,age         ] GC(288) Desired survivor size 4194304 bytes, new threshold 6 (max threshold 15)
[2022-05-19T09:59:38.361+0000][83][gc,age         ] GC(288) Age table with threshold 6 (max threshold 15)
[2022-05-19T09:59:38.361+0000][83][gc,age         ] GC(288) - age   1:     698288 bytes,     698288 total
[2022-05-19T09:59:38.361+0000][83][gc,age         ] GC(288) - age   2:     689584 bytes,    1387872 total
[2022-05-19T09:59:38.361+0000][83][gc,age         ] GC(288) - age   3:     689216 bytes,    2077088 total
[2022-05-19T09:59:38.361+0000][83][gc,age         ] GC(288) - age   4:     688464 bytes,    2765552 total
[2022-05-19T09:59:38.362+0000][83][gc,age         ] GC(288) - age   5:     721752 bytes,    3487304 total
[2022-05-19T09:59:38.362+0000][83][gc,age         ] GC(288) - age   6:     754032 bytes,    4241336 total
[2022-05-19T09:59:38.362+0000][83][gc,phases      ] GC(288)   Pre Evacuate Collection Set: 0.2ms
[2022-05-19T09:59:38.362+0000][83][gc,phases      ] GC(288)   Merge Heap Roots: 0.1ms
[2022-05-19T09:59:38.362+0000][83][gc,phases      ] GC(288)   Evacuate Collection Set: 1.4ms
[2022-05-19T09:59:38.362+0000][83][gc,phases      ] GC(288)   Post Evacuate Collection Set: 0.7ms
[2022-05-19T09:59:38.362+0000][83][gc,phases      ] GC(288)   Other: 2.3ms
[2022-05-19T09:59:38.363+0000][83][gc,heap        ] GC(288) Eden regions: 12->0(12)
[2022-05-19T09:59:38.363+0000][83][gc,heap        ] GC(288) Survivor regions: 2->2(2)
[2022-05-19T09:59:38.363+0000][83][gc,heap        ] GC(288) Old regions: 47->47
[2022-05-19T09:59:38.363+0000][83][gc,heap        ] GC(288) Archive regions: 2->2
[2022-05-19T09:59:38.363+0000][83][gc,heap        ] GC(288) Humongous regions: 43->43
[2022-05-19T09:59:38.363+0000][83][gc,metaspace   ] GC(288) Metaspace: 101013K(102528K)->101013K(102528K) NonClass: 86999K(87936K)->86999K(87936K) Class: 14014K(14592K)->14014K(14592K)
[2022-05-19T09:59:38.363+0000][83][gc             ] GC(288) Pause Young (Concurrent Start) (G1 Evacuation Pause) 411M->363M(512M) 6.312ms
[2022-05-19T09:59:38.363+0000][83][gc,cpu         ] GC(288) User=0.01s Sys=0.00s Real=0.01s
[2022-05-19T09:59:38.364+0000][83][safepoint      ] Safepoint "G1CollectForAllocation", Time since last: 382985200 ns, Reaching safepoint: 183700 ns, At safepoint: 6615000 ns, Total: 6798700 ns
[2022-05-19T09:59:38.364+0000][83][gc             ] GC(289) Concurrent Mark Cycle
[2022-05-19T09:59:38.364+0000][83][gc,marking     ] GC(289) Concurrent Clear Claimed Marks
[2022-05-19T09:59:38.364+0000][83][gc,marking     ] GC(289) Concurrent Clear Claimed Marks 0.201ms
[2022-05-19T09:59:38.364+0000][83][gc,marking     ] GC(289) Concurrent Scan Root Regions
[2022-05-19T09:59:38.365+0000][83][gc,marking     ] GC(289) Concurrent Scan Root Regions 0.886ms
[2022-05-19T09:59:38.365+0000][83][gc,marking     ] GC(289) Concurrent Mark
[2022-05-19T09:59:38.365+0000][83][gc,marking     ] GC(289) Concurrent Mark From Roots
[2022-05-19T09:59:38.366+0000][83][gc,task        ] GC(289) Using 3 workers of 3 for marking
[2022-05-19T09:59:38.408+0000][83][gc,marking     ] GC(289) Concurrent Mark From Roots 42.100ms
[2022-05-19T09:59:38.408+0000][83][gc,marking     ] GC(289) Concurrent Preclean
[2022-05-19T09:59:38.408+0000][83][gc,marking     ] GC(289) Concurrent Preclean 0.534ms
[2022-05-19T09:59:38.409+0000][83][gc,start       ] GC(289) Pause Remark
[2022-05-19T09:59:38.412+0000][83][gc             ] GC(289) Pause Remark 368M->368M(512M) 2.711ms
[2022-05-19T09:59:38.412+0000][83][gc,cpu         ] GC(289) User=0.01s Sys=0.01s Real=0.01s
[2022-05-19T09:59:38.412+0000][83][safepoint      ] Safepoint "G1Concurrent", Time since last: 45009000 ns, Reaching safepoint: 254800 ns, At safepoint: 3220700 ns, Total: 3475500 ns
[2022-05-19T09:59:38.412+0000][83][gc,marking     ] GC(289) Concurrent Mark 46.996ms
[2022-05-19T09:59:38.412+0000][83][gc,marking     ] GC(289) Concurrent Rebuild Remembered Sets
[2022-05-19T09:59:38.431+0000][83][gc,marking     ] GC(289) Concurrent Rebuild Remembered Sets 18.341ms
[2022-05-19T09:59:38.431+0000][83][gc,start       ] GC(289) Pause Cleanup
[2022-05-19T09:59:38.432+0000][83][gc             ] GC(289) Pause Cleanup 370M->370M(512M) 0.315ms
[2022-05-19T09:59:38.432+0000][83][gc,cpu         ] GC(289) User=0.00s Sys=0.00s Real=0.00s
[2022-05-19T09:59:38.432+0000][83][safepoint      ] Safepoint "G1Concurrent", Time since last: 19066400 ns, Reaching safepoint: 268600 ns, At safepoint: 704000 ns, Total: 972600 ns
[2022-05-19T09:59:38.432+0000][83][gc,marking     ] GC(289) Concurrent Cleanup for Next Mark
[2022-05-19T09:59:38.433+0000][83][gc,marking     ] GC(289) Concurrent Cleanup for Next Mark 0.430ms
[2022-05-19T09:59:38.433+0000][83][gc             ] GC(289) Concurrent Mark Cycle 69.413ms
[2022-05-19T09:59:38.753+0000][83][gc,start       ] GC(290) Pause Young (Normal) (G1 Evacuation Pause)
[2022-05-19T09:59:38.753+0000][83][gc,task        ] GC(290) Using 10 workers of 10 for evacuation
[2022-05-19T09:59:38.753+0000][83][gc,age         ] GC(290) Desired survivor size 4194304 bytes, new threshold 6 (max threshold 15)
[2022-05-19T09:59:38.756+0000][83][gc,age         ] GC(290) Age table with threshold 6 (max threshold 15)
[2022-05-19T09:59:38.756+0000][83][gc,age         ] GC(290) - age   1:     689608 bytes,     689608 total
[2022-05-19T09:59:38.757+0000][83][gc,age         ] GC(290) - age   2:     697880 bytes,    1387488 total
[2022-05-19T09:59:38.757+0000][83][gc,age         ] GC(290) - age   3:     689560 bytes,    2077048 total
[2022-05-19T09:59:38.757+0000][83][gc,age         ] GC(290) - age   4:     688528 bytes,    2765576 total
[2022-05-19T09:59:38.757+0000][83][gc,age         ] GC(290) - age   5:     688464 bytes,    3454040 total
[2022-05-19T09:59:38.758+0000][83][gc,age         ] GC(290) - age   6:     721720 bytes,    4175760 total
[2022-05-19T09:59:38.758+0000][83][gc,phases      ] GC(290)   Pre Evacuate Collection Set: 0.2ms
[2022-05-19T09:59:38.758+0000][83][gc,phases      ] GC(290)   Merge Heap Roots: 0.2ms
[2022-05-19T09:59:38.758+0000][83][gc,phases      ] GC(290)   Evacuate Collection Set: 1.0ms
[2022-05-19T09:59:38.758+0000][83][gc,phases      ] GC(290)   Post Evacuate Collection Set: 0.9ms
[2022-05-19T09:59:38.759+0000][83][gc,phases      ] GC(290)   Other: 2.8ms
[2022-05-19T09:59:38.759+0000][83][gc,heap        ] GC(290) Eden regions: 12->0(13)
[2022-05-19T09:59:38.759+0000][83][gc,heap        ] GC(290) Survivor regions: 2->1(2)
[2022-05-19T09:59:38.759+0000][83][gc,heap        ] GC(290) Old regions: 47->48
[2022-05-19T09:59:38.759+0000][83][gc,heap        ] GC(290) Archive regions: 2->2
[2022-05-19T09:59:38.759+0000][83][gc,heap        ] GC(290) Humongous regions: 43->43
[2022-05-19T09:59:38.760+0000][83][gc,metaspace   ] GC(290) Metaspace: 101013K(102528K)->101013K(102528K) NonClass: 86999K(87936K)->86999K(87936K) Class: 14014K(14592K)->14014K(14592K)
[2022-05-19T09:59:38.760+0000][83][gc             ] GC(290) Pause Young (Normal) (G1 Evacuation Pause) 411M->364M(512M) 7.128ms
[2022-05-19T09:59:38.760+0000][83][gc,cpu         ] GC(290) User=0.01s Sys=0.00s Real=0.01s
[2022-05-19T09:59:38.760+0000][83][safepoint      ] Safepoint "G1CollectForAllocation", Time since last: 320320600 ns, Reaching safepoint: 245200 ns, At safepoint: 7533300 ns, Total: 7778500 ns
[2022-05-19T09:59:39.185+0000][83][gc,start       ] GC(291) Pause Young (Concurrent Start) (G1 Evacuation Pause)
[2022-05-19T09:59:39.186+0000][83][gc,task        ] GC(291) Using 10 workers of 10 for evacuation
[2022-05-19T09:59:39.186+0000][83][gc,age         ] GC(291) Desired survivor size 4194304 bytes, new threshold 15 (max threshold 15)
[2022-05-19T09:59:39.189+0000][83][gc,age         ] GC(291) Age table with threshold 15 (max threshold 15)
[2022-05-19T09:59:39.189+0000][83][gc,age         ] GC(291) - age   1:     755480 bytes,     755480 total
[2022-05-19T09:59:39.189+0000][83][gc,age         ] GC(291) - age   2:     689248 bytes,    1444728 total
[2022-05-19T09:59:39.189+0000][83][gc,age         ] GC(291) - age   3:     697656 bytes,    2142384 total
[2022-05-19T09:59:39.189+0000][83][gc,age         ] GC(291) - age   4:     688680 bytes,    2831064 total
[2022-05-19T09:59:39.190+0000][83][gc,age         ] GC(291) - age   5:     688528 bytes,    3519592 total
[2022-05-19T09:59:39.190+0000][83][gc,age         ] GC(291) - age   6:     688464 bytes,    4208056 total
[2022-05-19T09:59:39.190+0000][83][gc,age         ] GC(291) - age   7:     721720 bytes,    4929776 total
[2022-05-19T09:59:39.190+0000][83][gc,phases      ] GC(291)   Pre Evacuate Collection Set: 0.3ms
[2022-05-19T09:59:39.190+0000][83][gc,phases      ] GC(291)   Merge Heap Roots: 0.2ms
[2022-05-19T09:59:39.190+0000][83][gc,phases      ] GC(291)   Evacuate Collection Set: 1.4ms
[2022-05-19T09:59:39.191+0000][83][gc,phases      ] GC(291)   Post Evacuate Collection Set: 0.6ms
[2022-05-19T09:59:39.191+0000][83][gc,phases      ] GC(291)   Other: 2.3ms
[2022-05-19T09:59:39.191+0000][83][gc,heap        ] GC(291) Eden regions: 13->0(11)
[2022-05-19T09:59:39.191+0000][83][gc,heap        ] GC(291) Survivor regions: 1->2(2)
[2022-05-19T09:59:39.191+0000][83][gc,heap        ] GC(291) Old regions: 48->48
[2022-05-19T09:59:39.191+0000][83][gc,heap        ] GC(291) Archive regions: 2->2
[2022-05-19T09:59:39.192+0000][83][gc,heap        ] GC(291) Humongous regions: 43->43
[2022-05-19T09:59:39.192+0000][83][gc,metaspace   ] GC(291) Metaspace: 101013K(102528K)->101013K(102528K) NonClass: 86999K(87936K)->86999K(87936K) Class: 14014K(14592K)->14014K(14592K)
[2022-05-19T09:59:39.192+0000][83][gc             ] GC(291) Pause Young (Concurrent Start) (G1 Evacuation Pause) 416M->365M(512M) 6.464ms
[2022-05-19T09:59:39.192+0000][83][gc,cpu         ] GC(291) User=0.01s Sys=0.00s Real=0.01s
[2022-05-19T09:59:39.192+0000][83][safepoint      ] Safepoint "G1CollectForAllocation", Time since last: 424904800 ns, Reaching safepoint: 183500 ns, At safepoint: 6782800 ns, Total: 6966300 ns
[2022-05-19T09:59:39.192+0000][83][gc             ] GC(292) Concurrent Mark Cycle
[2022-05-19T09:59:39.192+0000][83][gc,marking     ] GC(292) Concurrent Clear Claimed Marks
[2022-05-19T09:59:39.193+0000][83][gc,marking     ] GC(292) Concurrent Clear Claimed Marks 0.163ms
[2022-05-19T09:59:39.193+0000][83][gc,marking     ] GC(292) Concurrent Scan Root Regions
[2022-05-19T09:59:39.194+0000][83][gc,marking     ] GC(292) Concurrent Scan Root Regions 1.033ms
[2022-05-19T09:59:39.194+0000][83][gc,marking     ] GC(292) Concurrent Mark
[2022-05-19T09:59:39.194+0000][83][gc,marking     ] GC(292) Concurrent Mark From Roots
[2022-05-19T09:59:39.194+0000][83][gc,task        ] GC(292) Using 3 workers of 3 for marking
[2022-05-19T09:59:39.236+0000][83][gc,marking     ] GC(292) Concurrent Mark From Roots 41.663ms
[2022-05-19T09:59:39.236+0000][83][gc,marking     ] GC(292) Concurrent Preclean
[2022-05-19T09:59:39.236+0000][83][gc,marking     ] GC(292) Concurrent Preclean 0.558ms
[2022-05-19T09:59:39.237+0000][83][gc,start       ] GC(292) Pause Remark
[2022-05-19T09:59:39.240+0000][83][gc             ] GC(292) Pause Remark 370M->370M(512M) 2.770ms
[2022-05-19T09:59:39.240+0000][83][gc,cpu         ] GC(292) User=0.02s Sys=0.00s Real=0.01s
[2022-05-19T09:59:39.240+0000][83][safepoint      ] Safepoint "G1Concurrent", Time since last: 44630400 ns, Reaching safepoint: 260100 ns, At safepoint: 3201300 ns, Total: 3461400 ns
[2022-05-19T09:59:39.240+0000][83][gc,marking     ] GC(292) Concurrent Mark 46.649ms
[2022-05-19T09:59:39.241+0000][83][gc,marking     ] GC(292) Concurrent Rebuild Remembered Sets
[2022-05-19T09:59:39.263+0000][83][gc,marking     ] GC(292) Concurrent Rebuild Remembered Sets 21.872ms
[2022-05-19T09:59:39.263+0000][83][gc,start       ] GC(292) Pause Cleanup
[2022-05-19T09:59:39.264+0000][83][gc             ] GC(292) Pause Cleanup 373M->373M(512M) 0.441ms
[2022-05-19T09:59:39.264+0000][83][gc,cpu         ] GC(292) User=0.00s Sys=0.00s Real=0.00s
[2022-05-19T09:59:39.264+0000][83][safepoint      ] Safepoint "G1Concurrent", Time since last: 22780000 ns, Reaching safepoint: 408700 ns, At safepoint: 979400 ns, Total: 1388100 ns
[2022-05-19T09:59:39.265+0000][83][gc,marking     ] GC(292) Concurrent Cleanup for Next Mark
[2022-05-19T09:59:39.265+0000][83][gc,marking     ] GC(292) Concurrent Cleanup for Next Mark 0.483ms
[2022-05-19T09:59:39.265+0000][83][gc             ] GC(292) Concurrent Mark Cycle 73.242ms
[2022-05-19T09:59:39.547+0000][83][gc,start       ] GC(293) Pause Young (Normal) (G1 Evacuation Pause)
[2022-05-19T09:59:39.548+0000][83][gc,task        ] GC(293) Using 10 workers of 10 for evacuation
[2022-05-19T09:59:39.548+0000][83][gc,age         ] GC(293) Desired survivor size 4194304 bytes, new threshold 6 (max threshold 15)
[2022-05-19T09:59:39.551+0000][83][gc,age         ] GC(293) Age table with threshold 6 (max threshold 15)
[2022-05-19T09:59:39.551+0000][83][gc,age         ] GC(293) - age   1:     624880 bytes,     624880 total
[2022-05-19T09:59:39.551+0000][83][gc,age         ] GC(293) - age   2:     755104 bytes,    1379984 total
[2022-05-19T09:59:39.552+0000][83][gc,age         ] GC(293) - age   3:     688528 bytes,    2068512 total
[2022-05-19T09:59:39.552+0000][83][gc,age         ] GC(293) - age   4:     696792 bytes,    2765304 total
[2022-05-19T09:59:39.552+0000][83][gc,age         ] GC(293) - age   5:     688680 bytes,    3453984 total
[2022-05-19T09:59:39.552+0000][83][gc,age         ] GC(293) - age   6:     688496 bytes,    4142480 total
[2022-05-19T09:59:39.553+0000][83][gc,phases      ] GC(293)   Pre Evacuate Collection Set: 0.3ms
[2022-05-19T09:59:39.553+0000][83][gc,phases      ] GC(293)   Merge Heap Roots: 0.2ms
[2022-05-19T09:59:39.553+0000][83][gc,phases      ] GC(293)   Evacuate Collection Set: 1.2ms
[2022-05-19T09:59:39.553+0000][83][gc,phases      ] GC(293)   Post Evacuate Collection Set: 0.8ms
[2022-05-19T09:59:39.553+0000][83][gc,phases      ] GC(293)   Other: 3.0ms
[2022-05-19T09:59:39.554+0000][83][gc,heap        ] GC(293) Eden regions: 11->0(13)
[2022-05-19T09:59:39.554+0000][83][gc,heap        ] GC(293) Survivor regions: 2->1(2)
[2022-05-19T09:59:39.554+0000][83][gc,heap        ] GC(293) Old regions: 48->48
[2022-05-19T09:59:39.554+0000][83][gc,heap        ] GC(293) Archive regions: 2->2
[2022-05-19T09:59:39.554+0000][83][gc,heap        ] GC(293) Humongous regions: 43->43
[2022-05-19T09:59:39.554+0000][83][gc,metaspace   ] GC(293) Metaspace: 101013K(102528K)->101013K(102528K) NonClass: 86999K(87936K)->86999K(87936K) Class: 14014K(14592K)->14014K(14592K)
[2022-05-19T09:59:39.555+0000][83][gc             ] GC(293) Pause Young (Normal) (G1 Evacuation Pause) 409M->365M(512M) 7.219ms
[2022-05-19T09:59:39.555+0000][83][gc,cpu         ] GC(293) User=0.02s Sys=0.00s Real=0.01s
[2022-05-19T09:59:39.555+0000][83][safepoint      ] Safepoint "G1CollectForAllocation", Time since last: 282659600 ns, Reaching safepoint: 308300 ns, At safepoint: 7604900 ns, Total: 7913200 ns
[2022-05-19T09:59:39.969+0000][83][gc,start       ] GC(294) Pause Young (Concurrent Start) (G1 Evacuation Pause)
[2022-05-19T09:59:39.970+0000][83][gc,task        ] GC(294) Using 10 workers of 10 for evacuation
[2022-05-19T09:59:39.970+0000][83][gc,age         ] GC(294) Desired survivor size 4194304 bytes, new threshold 15 (max threshold 15)
[2022-05-19T09:59:39.973+0000][83][gc,age         ] GC(294) Age table with threshold 15 (max threshold 15)
[2022-05-19T09:59:39.973+0000][83][gc,age         ] GC(294) - age   1:     755240 bytes,     755240 total
[2022-05-19T09:59:39.973+0000][83][gc,age         ] GC(294) - age   2:     624576 bytes,    1379816 total
[2022-05-19T09:59:39.974+0000][83][gc,age         ] GC(294) - age   3:     754224 bytes,    2134040 total
[2022-05-19T09:59:39.974+0000][83][gc,age         ] GC(294) - age   4:     688528 bytes,    2822568 total
[2022-05-19T09:59:39.974+0000][83][gc,age         ] GC(294) - age   5:     696792 bytes,    3519360 total
[2022-05-19T09:59:39.974+0000][83][gc,age         ] GC(294) - age   6:     688680 bytes,    4208040 total
[2022-05-19T09:59:39.974+0000][83][gc,age         ] GC(294) - age   7:     688496 bytes,    4896536 total
[2022-05-19T09:59:39.974+0000][83][gc,phases      ] GC(294)   Pre Evacuate Collection Set: 0.3ms
[2022-05-19T09:59:39.975+0000][83][gc,phases      ] GC(294)   Merge Heap Roots: 0.2ms
[2022-05-19T09:59:39.975+0000][83][gc,phases      ] GC(294)   Evacuate Collection Set: 1.6ms
[2022-05-19T09:59:39.975+0000][83][gc,phases      ] GC(294)   Post Evacuate Collection Set: 0.6ms
[2022-05-19T09:59:39.975+0000][83][gc,phases      ] GC(294)   Other: 2.5ms
[2022-05-19T09:59:39.975+0000][83][gc,heap        ] GC(294) Eden regions: 13->0(11)
[2022-05-19T09:59:39.975+0000][83][gc,heap        ] GC(294) Survivor regions: 1->2(2)
[2022-05-19T09:59:39.975+0000][83][gc,heap        ] GC(294) Old regions: 48->48
[2022-05-19T09:59:39.975+0000][83][gc,heap        ] GC(294) Archive regions: 2->2
[2022-05-19T09:59:39.976+0000][83][gc,heap        ] GC(294) Humongous regions: 43->43
[2022-05-19T09:59:39.976+0000][83][gc,metaspace   ] GC(294) Metaspace: 101013K(102528K)->101013K(102528K) NonClass: 86999K(87936K)->86999K(87936K) Class: 14014K(14592K)->14014K(14592K)
[2022-05-19T09:59:39.976+0000][83][gc             ] GC(294) Pause Young (Concurrent Start) (G1 Evacuation Pause) 417M->366M(512M) 6.573ms
[2022-05-19T09:59:39.976+0000][83][gc,cpu         ] GC(294) User=0.01s Sys=0.00s Real=0.00s
[2022-05-19T09:59:39.976+0000][83][gc             ] GC(295) Concurrent Mark Cycle
[2022-05-19T09:59:39.976+0000][83][safepoint      ] Safepoint "G1CollectForAllocation", Time since last: 413957700 ns, Reaching safepoint: 277000 ns, At safepoint: 6904400 ns, Total: 7181400 ns
[2022-05-19T09:59:39.976+0000][83][gc,marking     ] GC(295) Concurrent Clear Claimed Marks
[2022-05-19T09:59:39.977+0000][83][gc,marking     ] GC(295) Concurrent Clear Claimed Marks 0.329ms
[2022-05-19T09:59:39.977+0000][83][gc,marking     ] GC(295) Concurrent Scan Root Regions
[2022-05-19T09:59:39.978+0000][83][gc,marking     ] GC(295) Concurrent Scan Root Regions 1.514ms
[2022-05-19T09:59:39.978+0000][83][gc,marking     ] GC(295) Concurrent Mark
[2022-05-19T09:59:39.978+0000][83][gc,marking     ] GC(295) Concurrent Mark From Roots
[2022-05-19T09:59:39.979+0000][83][gc,task        ] GC(295) Using 3 workers of 3 for marking
[2022-05-19T09:59:40.029+0000][83][gc,marking     ] GC(295) Concurrent Mark From Roots 50.560ms
[2022-05-19T09:59:40.029+0000][83][gc,marking     ] GC(295) Concurrent Preclean
[2022-05-19T09:59:40.030+0000][83][gc,marking     ] GC(295) Concurrent Preclean 0.563ms
[2022-05-19T09:59:40.030+0000][83][gc,start       ] GC(295) Pause Remark
[2022-05-19T09:59:40.034+0000][83][gc             ] GC(295) Pause Remark 371M->371M(512M) 3.143ms
[2022-05-19T09:59:40.034+0000][83][gc,cpu         ] GC(295) User=0.02s Sys=0.00s Real=0.00s
[2022-05-19T09:59:40.034+0000][83][safepoint      ] Safepoint "G1Concurrent", Time since last: 53996500 ns, Reaching safepoint: 327300 ns, At safepoint: 3689900 ns, Total: 4017200 ns
[2022-05-19T09:59:40.034+0000][83][gc,marking     ] GC(295) Concurrent Mark 55.949ms
[2022-05-19T09:59:40.034+0000][83][gc,marking     ] GC(295) Concurrent Rebuild Remembered Sets
[2022-05-19T09:59:40.055+0000][83][gc,marking     ] GC(295) Concurrent Rebuild Remembered Sets 20.910ms
[2022-05-19T09:59:40.056+0000][83][gc,start       ] GC(295) Pause Cleanup
[2022-05-19T09:59:40.056+0000][83][gc             ] GC(295) Pause Cleanup 373M->373M(512M) 0.357ms
[2022-05-19T09:59:40.057+0000][83][gc,cpu         ] GC(295) User=0.00s Sys=0.00s Real=0.00s
[2022-05-19T09:59:40.057+0000][83][safepoint      ] Safepoint "G1Concurrent", Time since last: 21606500 ns, Reaching safepoint: 259400 ns, At safepoint: 678100 ns, Total: 937500 ns
[2022-05-19T09:59:40.057+0000][83][gc,marking     ] GC(295) Concurrent Cleanup for Next Mark
[2022-05-19T09:59:40.057+0000][83][gc,marking     ] GC(295) Concurrent Cleanup for Next Mark 0.299ms
[2022-05-19T09:59:40.057+0000][83][gc             ] GC(295) Concurrent Mark Cycle 81.216ms
[2022-05-19T09:59:40.351+0000][83][gc,start       ] GC(296) Pause Young (Normal) (G1 Evacuation Pause)
[2022-05-19T09:59:40.351+0000][83][gc,task        ] GC(296) Using 10 workers of 10 for evacuation
[2022-05-19T09:59:40.351+0000][83][gc,age         ] GC(296) Desired survivor size 4194304 bytes, new threshold 6 (max threshold 15)
[2022-05-19T09:59:40.354+0000][83][gc,age         ] GC(296) Age table with threshold 6 (max threshold 15)
[2022-05-19T09:59:40.354+0000][83][gc,age         ] GC(296) - age   1:     657184 bytes,     657184 total
[2022-05-19T09:59:40.355+0000][83][gc,age         ] GC(296) - age   2:     754912 bytes,    1412096 total
[2022-05-19T09:59:40.355+0000][83][gc,age         ] GC(296) - age   3:     623648 bytes,    2035744 total
[2022-05-19T09:59:40.355+0000][83][gc,age         ] GC(296) - age   4:     754032 bytes,    2789776 total
[2022-05-19T09:59:40.355+0000][83][gc,age         ] GC(296) - age   5:     688528 bytes,    3478304 total
[2022-05-19T09:59:40.355+0000][83][gc,age         ] GC(296) - age   6:     696792 bytes,    4175096 total
[2022-05-19T09:59:40.356+0000][83][gc,phases      ] GC(296)   Pre Evacuate Collection Set: 0.3ms
[2022-05-19T09:59:40.356+0000][83][gc,phases      ] GC(296)   Merge Heap Roots: 0.3ms
[2022-05-19T09:59:40.356+0000][83][gc,phases      ] GC(296)   Evacuate Collection Set: 1.1ms
[2022-05-19T09:59:40.356+0000][83][gc,phases      ] GC(296)   Post Evacuate Collection Set: 0.8ms
[2022-05-19T09:59:40.356+0000][83][gc,phases      ] GC(296)   Other: 2.4ms
[2022-05-19T09:59:40.356+0000][83][gc,heap        ] GC(296) Eden regions: 11->0(13)
[2022-05-19T09:59:40.357+0000][83][gc,heap        ] GC(296) Survivor regions: 2->1(2)
[2022-05-19T09:59:40.357+0000][83][gc,heap        ] GC(296) Old regions: 48->48
[2022-05-19T09:59:40.357+0000][83][gc,heap        ] GC(296) Archive regions: 2->2
[2022-05-19T09:59:40.357+0000][83][gc,heap        ] GC(296) Humongous regions: 43->43
[2022-05-19T09:59:40.357+0000][83][gc,metaspace   ] GC(296) Metaspace: 101013K(102528K)->101013K(102528K) NonClass: 86999K(87936K)->86999K(87936K) Class: 14014K(14592K)->14014K(14592K)
[2022-05-19T09:59:40.358+0000][83][gc             ] GC(296) Pause Young (Normal) (G1 Evacuation Pause) 410M->367M(512M) 6.832ms
[2022-05-19T09:59:40.358+0000][83][gc,cpu         ] GC(296) User=0.02s Sys=0.00s Real=0.00s
[2022-05-19T09:59:40.358+0000][83][safepoint      ] Safepoint "G1CollectForAllocation", Time since last: 293677000 ns, Reaching safepoint: 325700 ns, At safepoint: 7202200 ns, Total: 7527900 ns
[2022-05-19T09:59:40.785+0000][83][gc,start       ] GC(297) Pause Young (Concurrent Start) (G1 Evacuation Pause)
[2022-05-19T09:59:40.785+0000][83][gc,task        ] GC(297) Using 10 workers of 10 for evacuation
[2022-05-19T09:59:40.785+0000][83][gc,age         ] GC(297) Desired survivor size 4194304 bytes, new threshold 15 (max threshold 15)
[2022-05-19T09:59:40.788+0000][83][gc,age         ] GC(297) Age table with threshold 15 (max threshold 15)
[2022-05-19T09:59:40.788+0000][83][gc,age         ] GC(297) - age   1:     755688 bytes,     755688 total
[2022-05-19T09:59:40.789+0000][83][gc,age         ] GC(297) - age   2:     656800 bytes,    1412488 total
[2022-05-19T09:59:40.789+0000][83][gc,age         ] GC(297) - age   3:     754912 bytes,    2167400 total
[2022-05-19T09:59:40.789+0000][83][gc,age         ] GC(297) - age   4:     622960 bytes,    2790360 total
[2022-05-19T09:59:40.789+0000][83][gc,age         ] GC(297) - age   5:     754032 bytes,    3544392 total
[2022-05-19T09:59:40.790+0000][83][gc,age         ] GC(297) - age   6:     688496 bytes,    4232888 total
[2022-05-19T09:59:40.790+0000][83][gc,age         ] GC(297) - age   7:     696792 bytes,    4929680 total
[2022-05-19T09:59:40.790+0000][83][gc,phases      ] GC(297)   Pre Evacuate Collection Set: 0.2ms
[2022-05-19T09:59:40.790+0000][83][gc,phases      ] GC(297)   Merge Heap Roots: 0.2ms
[2022-05-19T09:59:40.791+0000][83][gc,phases      ] GC(297)   Evacuate Collection Set: 1.3ms
[2022-05-19T09:59:40.791+0000][83][gc,phases      ] GC(297)   Post Evacuate Collection Set: 0.7ms
[2022-05-19T09:59:40.791+0000][83][gc,phases      ] GC(297)   Other: 2.9ms
[2022-05-19T09:59:40.791+0000][83][gc,heap        ] GC(297) Eden regions: 13->0(11)
[2022-05-19T09:59:40.792+0000][83][gc,heap        ] GC(297) Survivor regions: 1->2(2)
[2022-05-19T09:59:40.792+0000][83][gc,heap        ] GC(297) Old regions: 48->48
[2022-05-19T09:59:40.792+0000][83][gc,heap        ] GC(297) Archive regions: 2->2
[2022-05-19T09:59:40.792+0000][83][gc,heap        ] GC(297) Humongous regions: 43->43
[2022-05-19T09:59:40.792+0000][83][gc,metaspace   ] GC(297) Metaspace: 101013K(102528K)->101013K(102528K) NonClass: 86999K(87936K)->86999K(87936K) Class: 14014K(14592K)->14014K(14592K)
[2022-05-19T09:59:40.792+0000][83][gc             ] GC(297) Pause Young (Concurrent Start) (G1 Evacuation Pause) 419M->367M(512M) 7.632ms
[2022-05-19T09:59:40.793+0000][83][gc,cpu         ] GC(297) User=0.01s Sys=0.00s Real=0.01s
[2022-05-19T09:59:40.793+0000][83][gc             ] GC(298) Concurrent Mark Cycle
[2022-05-19T09:59:40.793+0000][83][gc,marking     ] GC(298) Concurrent Clear Claimed Marks
[2022-05-19T09:59:40.793+0000][83][safepoint      ] Safepoint "G1CollectForAllocation", Time since last: 426655900 ns, Reaching safepoint: 183100 ns, At safepoint: 8026200 ns, Total: 8209300 ns
[2022-05-19T09:59:40.793+0000][83][gc,marking     ] GC(298) Concurrent Clear Claimed Marks 0.255ms
[2022-05-19T09:59:40.793+0000][83][gc,marking     ] GC(298) Concurrent Scan Root Regions
[2022-05-19T09:59:40.795+0000][83][gc,marking     ] GC(298) Concurrent Scan Root Regions 1.154ms
[2022-05-19T09:59:40.795+0000][83][gc,marking     ] GC(298) Concurrent Mark
[2022-05-19T09:59:40.795+0000][83][gc,marking     ] GC(298) Concurrent Mark From Roots
[2022-05-19T09:59:40.795+0000][83][gc,task        ] GC(298) Using 3 workers of 3 for marking
[2022-05-19T09:59:40.839+0000][83][gc,marking     ] GC(298) Concurrent Mark From Roots 44.381ms
[2022-05-19T09:59:40.840+0000][83][gc,marking     ] GC(298) Concurrent Preclean
[2022-05-19T09:59:40.840+0000][83][gc,marking     ] GC(298) Concurrent Preclean 0.545ms
[2022-05-19T09:59:40.841+0000][83][gc,start       ] GC(298) Pause Remark
[2022-05-19T09:59:40.844+0000][83][gc             ] GC(298) Pause Remark 372M->372M(512M) 2.907ms
[2022-05-19T09:59:40.844+0000][83][gc,cpu         ] GC(298) User=0.02s Sys=0.00s Real=0.00s
[2022-05-19T09:59:40.844+0000][83][safepoint      ] Safepoint "G1Concurrent", Time since last: 47585100 ns, Reaching safepoint: 337800 ns, At safepoint: 3505800 ns, Total: 3843600 ns
[2022-05-19T09:59:40.845+0000][83][gc,marking     ] GC(298) Concurrent Mark 49.889ms
[2022-05-19T09:59:40.845+0000][83][gc,marking     ] GC(298) Concurrent Rebuild Remembered Sets
[2022-05-19T09:59:40.864+0000][83][gc,marking     ] GC(298) Concurrent Rebuild Remembered Sets 19.606ms
[2022-05-19T09:59:40.865+0000][83][gc,start       ] GC(298) Pause Cleanup
[2022-05-19T09:59:40.865+0000][83][gc             ] GC(298) Pause Cleanup 375M->375M(512M) 0.408ms
[2022-05-19T09:59:40.866+0000][83][gc,cpu         ] GC(298) User=0.00s Sys=0.00s Real=0.00s
[2022-05-19T09:59:40.866+0000][83][safepoint      ] Safepoint "G1Concurrent", Time since last: 20635100 ns, Reaching safepoint: 252700 ns, At safepoint: 893900 ns, Total: 1146600 ns
[2022-05-19T09:59:40.866+0000][83][gc,marking     ] GC(298) Concurrent Cleanup for Next Mark
[2022-05-19T09:59:40.867+0000][83][gc,marking     ] GC(298) Concurrent Cleanup for Next Mark 0.512ms
[2022-05-19T09:59:40.867+0000][83][gc             ] GC(298) Concurrent Mark Cycle 74.203ms
[2022-05-19T09:59:41.160+0000][83][gc,start       ] GC(299) Pause Young (Normal) (G1 Evacuation Pause)
[2022-05-19T09:59:41.161+0000][83][gc,task        ] GC(299) Using 10 workers of 10 for evacuation
[2022-05-19T09:59:41.161+0000][83][gc,age         ] GC(299) Desired survivor size 4194304 bytes, new threshold 6 (max threshold 15)
[2022-05-19T09:59:41.163+0000][83][gc,age         ] GC(299) Age table with threshold 6 (max threshold 15)
[2022-05-19T09:59:41.163+0000][83][gc,age         ] GC(299) - age   1:     624560 bytes,     624560 total
[2022-05-19T09:59:41.164+0000][83][gc,age         ] GC(299) - age   2:     754840 bytes,    1379400 total
[2022-05-19T09:59:41.164+0000][83][gc,age         ] GC(299) - age   3:     656576 bytes,    2035976 total
[2022-05-19T09:59:41.164+0000][83][gc,age         ] GC(299) - age   4:     754032 bytes,    2790008 total
[2022-05-19T09:59:41.164+0000][83][gc,age         ] GC(299) - age   5:     622960 bytes,    3412968 total
[2022-05-19T09:59:41.164+0000][83][gc,age         ] GC(299) - age   6:     754032 bytes,    4167000 total
[2022-05-19T09:59:41.165+0000][83][gc,phases      ] GC(299)   Pre Evacuate Collection Set: 0.2ms
[2022-05-19T09:59:41.165+0000][83][gc,phases      ] GC(299)   Merge Heap Roots: 0.2ms
[2022-05-19T09:59:41.165+0000][83][gc,phases      ] GC(299)   Evacuate Collection Set: 1.1ms
[2022-05-19T09:59:41.165+0000][83][gc,phases      ] GC(299)   Post Evacuate Collection Set: 0.6ms
[2022-05-19T09:59:41.165+0000][83][gc,phases      ] GC(299)   Other: 2.2ms
[2022-05-19T09:59:41.165+0000][83][gc,heap        ] GC(299) Eden regions: 11->0(12)
[2022-05-19T09:59:41.165+0000][83][gc,heap        ] GC(299) Survivor regions: 2->1(2)
[2022-05-19T09:59:41.166+0000][83][gc,heap        ] GC(299) Old regions: 48->49
[2022-05-19T09:59:41.166+0000][83][gc,heap        ] GC(299) Archive regions: 2->2
[2022-05-19T09:59:41.166+0000][83][gc,heap        ] GC(299) Humongous regions: 43->43
[2022-05-19T09:59:41.166+0000][83][gc,metaspace   ] GC(299) Metaspace: 101013K(102528K)->101013K(102528K) NonClass: 86999K(87936K)->86999K(87936K) Class: 14014K(14592K)->14014K(14592K)
[2022-05-19T09:59:41.166+0000][83][gc             ] GC(299) Pause Young (Normal) (G1 Evacuation Pause) 411M->368M(512M) 5.876ms
[2022-05-19T09:59:41.166+0000][83][gc,cpu         ] GC(299) User=0.02s Sys=0.00s Real=0.00s
[2022-05-19T09:59:41.166+0000][83][safepoint      ] Safepoint "G1CollectForAllocation", Time since last: 294104100 ns, Reaching safepoint: 187300 ns, At safepoint: 6215700 ns, Total: 6403000 ns
[2022-05-19T09:59:41.546+0000][83][gc,start       ] GC(300) Pause Young (Concurrent Start) (G1 Evacuation Pause)
[2022-05-19T09:59:41.547+0000][83][gc,task        ] GC(300) Using 10 workers of 10 for evacuation
[2022-05-19T09:59:41.547+0000][83][gc,age         ] GC(300) Desired survivor size 4194304 bytes, new threshold 15 (max threshold 15)
[2022-05-19T09:59:41.550+0000][83][gc,age         ] GC(300) Age table with threshold 15 (max threshold 15)
[2022-05-19T09:59:41.550+0000][83][gc,age         ] GC(300) - age   1:     691272 bytes,     691272 total
[2022-05-19T09:59:41.550+0000][83][gc,age         ] GC(300) - age   2:     624152 bytes,    1315424 total
[2022-05-19T09:59:41.550+0000][83][gc,age         ] GC(300) - age   3:     754120 bytes,    2069544 total
[2022-05-19T09:59:41.551+0000][83][gc,age         ] GC(300) - age   4:     655712 bytes,    2725256 total
[2022-05-19T09:59:41.551+0000][83][gc,age         ] GC(300) - age   5:     754032 bytes,    3479288 total
[2022-05-19T09:59:41.551+0000][83][gc,age         ] GC(300) - age   6:     622928 bytes,    4102216 total
[2022-05-19T09:59:41.551+0000][83][gc,age         ] GC(300) - age   7:     754032 bytes,    4856248 total
[2022-05-19T09:59:41.552+0000][83][gc,phases      ] GC(300)   Pre Evacuate Collection Set: 0.4ms
[2022-05-19T09:59:41.552+0000][83][gc,phases      ] GC(300)   Merge Heap Roots: 0.2ms
[2022-05-19T09:59:41.552+0000][83][gc,phases      ] GC(300)   Evacuate Collection Set: 1.4ms
[2022-05-19T09:59:41.552+0000][83][gc,phases      ] GC(300)   Post Evacuate Collection Set: 0.6ms
[2022-05-19T09:59:41.552+0000][83][gc,phases      ] GC(300)   Other: 2.9ms
[2022-05-19T09:59:41.552+0000][83][gc,heap        ] GC(300) Eden regions: 12->0(10)
[2022-05-19T09:59:41.553+0000][83][gc,heap        ] GC(300) Survivor regions: 1->2(2)
[2022-05-19T09:59:41.553+0000][83][gc,heap        ] GC(300) Old regions: 49->49
[2022-05-19T09:59:41.553+0000][83][gc,heap        ] GC(300) Archive regions: 2->2
[2022-05-19T09:59:41.553+0000][83][gc,heap        ] GC(300) Humongous regions: 43->43
[2022-05-19T09:59:41.553+0000][83][gc,metaspace   ] GC(300) Metaspace: 101013K(102528K)->101013K(102528K) NonClass: 86999K(87936K)->86999K(87936K) Class: 14014K(14592K)->14014K(14592K)
[2022-05-19T09:59:41.553+0000][83][gc             ] GC(300) Pause Young (Concurrent Start) (G1 Evacuation Pause) 416M->369M(512M) 6.875ms
[2022-05-19T09:59:41.553+0000][83][gc,cpu         ] GC(300) User=0.00s Sys=0.01s Real=0.01s
[2022-05-19T09:59:41.553+0000][83][gc             ] GC(301) Concurrent Mark Cycle
[2022-05-19T09:59:41.554+0000][83][gc,marking     ] GC(301) Concurrent Clear Claimed Marks
[2022-05-19T09:59:41.554+0000][83][safepoint      ] Safepoint "G1CollectForAllocation", Time since last: 379507600 ns, Reaching safepoint: 269100 ns, At safepoint: 7291800 ns, Total: 7560900 ns
[2022-05-19T09:59:41.554+0000][83][gc,marking     ] GC(301) Concurrent Clear Claimed Marks 0.228ms
[2022-05-19T09:59:41.554+0000][83][gc,marking     ] GC(301) Concurrent Scan Root Regions
[2022-05-19T09:59:41.555+0000][83][gc,marking     ] GC(301) Concurrent Scan Root Regions 0.959ms
[2022-05-19T09:59:41.555+0000][83][gc,marking     ] GC(301) Concurrent Mark
[2022-05-19T09:59:41.555+0000][83][gc,marking     ] GC(301) Concurrent Mark From Roots
[2022-05-19T09:59:41.555+0000][83][gc,task        ] GC(301) Using 3 workers of 3 for marking
[2022-05-19T09:59:41.595+0000][83][gc,marking     ] GC(301) Concurrent Mark From Roots 39.934ms
[2022-05-19T09:59:41.596+0000][83][gc,marking     ] GC(301) Concurrent Preclean
[2022-05-19T09:59:41.596+0000][83][gc,marking     ] GC(301) Concurrent Preclean 0.551ms
[2022-05-19T09:59:41.597+0000][83][gc,start       ] GC(301) Pause Remark
[2022-05-19T09:59:41.599+0000][83][gc             ] GC(301) Pause Remark 373M->373M(512M) 2.858ms
[2022-05-19T09:59:41.600+0000][83][gc,cpu         ] GC(301) User=0.01s Sys=0.01s Real=0.01s
[2022-05-19T09:59:41.600+0000][83][safepoint      ] Safepoint "G1Concurrent", Time since last: 42805000 ns, Reaching safepoint: 270300 ns, At safepoint: 3288300 ns, Total: 3558600 ns
[2022-05-19T09:59:41.600+0000][83][gc,marking     ] GC(301) Concurrent Mark 44.880ms
[2022-05-19T09:59:41.600+0000][83][gc,marking     ] GC(301) Concurrent Rebuild Remembered Sets
[2022-05-19T09:59:41.623+0000][83][gc,marking     ] GC(301) Concurrent Rebuild Remembered Sets 22.359ms
[2022-05-19T09:59:41.623+0000][83][gc,start       ] GC(301) Pause Cleanup
[2022-05-19T09:59:41.624+0000][83][gc             ] GC(301) Pause Cleanup 377M->377M(512M) 0.498ms
[2022-05-19T09:59:41.624+0000][83][gc,cpu         ] GC(301) User=0.00s Sys=0.00s Real=0.00s
[2022-05-19T09:59:41.624+0000][83][safepoint      ] Safepoint "G1Concurrent", Time since last: 23268500 ns, Reaching safepoint: 267900 ns, At safepoint: 991700 ns, Total: 1259600 ns
[2022-05-19T09:59:41.625+0000][83][gc,marking     ] GC(301) Concurrent Cleanup for Next Mark
[2022-05-19T09:59:41.625+0000][83][gc,marking     ] GC(301) Concurrent Cleanup for Next Mark 0.345ms
[2022-05-19T09:59:41.625+0000][83][gc             ] GC(301) Concurrent Mark Cycle 71.740ms
[2022-05-19T09:59:41.877+0000][83][gc,start       ] GC(302) Pause Young (Normal) (G1 Evacuation Pause)
[2022-05-19T09:59:41.877+0000][83][gc,task        ] GC(302) Using 10 workers of 10 for evacuation
[2022-05-19T09:59:41.877+0000][83][gc,age         ] GC(302) Desired survivor size 4194304 bytes, new threshold 7 (max threshold 15)
[2022-05-19T09:59:41.880+0000][83][gc,age         ] GC(302) Age table with threshold 7 (max threshold 15)
[2022-05-19T09:59:41.880+0000][83][gc,age         ] GC(302) - age   1:     558760 bytes,     558760 total
[2022-05-19T09:59:41.880+0000][83][gc,age         ] GC(302) - age   2:     690768 bytes,    1249528 total
[2022-05-19T09:59:41.881+0000][83][gc,age         ] GC(302) - age   3:     623272 bytes,    1872800 total
[2022-05-19T09:59:41.881+0000][83][gc,age         ] GC(302) - age   4:     754096 bytes,    2626896 total
[2022-05-19T09:59:41.881+0000][83][gc,age         ] GC(302) - age   5:     655712 bytes,    3282608 total
[2022-05-19T09:59:41.881+0000][83][gc,age         ] GC(302) - age   6:     754032 bytes,    4036640 total
[2022-05-19T09:59:41.882+0000][83][gc,age         ] GC(302) - age   7:     622928 bytes,    4659568 total
[2022-05-19T09:59:41.882+0000][83][gc,phases      ] GC(302)   Pre Evacuate Collection Set: 0.2ms
[2022-05-19T09:59:41.882+0000][83][gc,phases      ] GC(302)   Merge Heap Roots: 0.2ms
[2022-05-19T09:59:41.882+0000][83][gc,phases      ] GC(302)   Evacuate Collection Set: 1.0ms
[2022-05-19T09:59:41.882+0000][83][gc,phases      ] GC(302)   Post Evacuate Collection Set: 0.8ms
[2022-05-19T09:59:41.882+0000][83][gc,phases      ] GC(302)   Other: 2.9ms
[2022-05-19T09:59:41.882+0000][83][gc,heap        ] GC(302) Eden regions: 10->0(10)
[2022-05-19T09:59:41.882+0000][83][gc,heap        ] GC(302) Survivor regions: 2->2(2)
[2022-05-19T09:59:41.882+0000][83][gc,heap        ] GC(302) Old regions: 49->49
[2022-05-19T09:59:41.883+0000][83][gc,heap        ] GC(302) Archive regions: 2->2
[2022-05-19T09:59:41.883+0000][83][gc,heap        ] GC(302) Humongous regions: 43->43
[2022-05-19T09:59:41.883+0000][83][gc,metaspace   ] GC(302) Metaspace: 101013K(102528K)->101013K(102528K) NonClass: 86999K(87936K)->86999K(87936K) Class: 14014K(14592K)->14014K(14592K)
[2022-05-19T09:59:41.883+0000][83][gc             ] GC(302) Pause Young (Normal) (G1 Evacuation Pause) 409M->369M(512M) 6.402ms
[2022-05-19T09:59:41.883+0000][83][gc,cpu         ] GC(302) User=0.00s Sys=0.01s Real=0.01s
[2022-05-19T09:59:41.883+0000][83][safepoint      ] Safepoint "G1CollectForAllocation", Time since last: 251794400 ns, Reaching safepoint: 307500 ns, At safepoint: 6880600 ns, Total: 7188100 ns
[2022-05-19T09:59:42.196+0000][83][gc,start       ] GC(303) Pause Young (Concurrent Start) (G1 Humongous Allocation)
[2022-05-19T09:59:42.196+0000][83][gc,task        ] GC(303) Using 10 workers of 10 for evacuation
[2022-05-19T09:59:42.196+0000][83][gc,age         ] GC(303) Desired survivor size 4194304 bytes, new threshold 7 (max threshold 15)
[2022-05-19T09:59:42.199+0000][83][gc,age         ] GC(303) Age table with threshold 7 (max threshold 15)
[2022-05-19T09:59:42.199+0000][83][gc,age         ] GC(303) - age   1:     558288 bytes,     558288 total
[2022-05-19T09:59:42.200+0000][83][gc,age         ] GC(303) - age   2:     558416 bytes,    1116704 total
[2022-05-19T09:59:42.200+0000][83][gc,age         ] GC(303) - age   3:     690736 bytes,    1807440 total
[2022-05-19T09:59:42.200+0000][83][gc,age         ] GC(303) - age   4:     623080 bytes,    2430520 total
[2022-05-19T09:59:42.200+0000][83][gc,age         ] GC(303) - age   5:     754096 bytes,    3184616 total
[2022-05-19T09:59:42.200+0000][83][gc,age         ] GC(303) - age   6:     655712 bytes,    3840328 total
[2022-05-19T09:59:42.201+0000][83][gc,age         ] GC(303) - age   7:     754032 bytes,    4594360 total
[2022-05-19T09:59:42.201+0000][83][gc,phases      ] GC(303)   Pre Evacuate Collection Set: 0.2ms
[2022-05-19T09:59:42.201+0000][83][gc,phases      ] GC(303)   Merge Heap Roots: 0.2ms
[2022-05-19T09:59:42.201+0000][83][gc,phases      ] GC(303)   Evacuate Collection Set: 1.3ms
[2022-05-19T09:59:42.201+0000][83][gc,phases      ] GC(303)   Post Evacuate Collection Set: 0.6ms
[2022-05-19T09:59:42.202+0000][83][gc,phases      ] GC(303)   Other: 2.9ms
[2022-05-19T09:59:42.202+0000][83][gc,heap        ] GC(303) Eden regions: 10->0(10)
[2022-05-19T09:59:42.202+0000][83][gc,heap        ] GC(303) Survivor regions: 2->2(2)
[2022-05-19T09:59:42.202+0000][83][gc,heap        ] GC(303) Old regions: 49->49
[2022-05-19T09:59:42.202+0000][83][gc,heap        ] GC(303) Archive regions: 2->2
[2022-05-19T09:59:42.202+0000][83][gc,heap        ] GC(303) Humongous regions: 43->43
[2022-05-19T09:59:42.202+0000][83][gc,metaspace   ] GC(303) Metaspace: 101013K(102528K)->101013K(102528K) NonClass: 86999K(87936K)->86999K(87936K) Class: 14014K(14592K)->14014K(14592K)
[2022-05-19T09:59:42.203+0000][83][gc             ] GC(303) Pause Young (Concurrent Start) (G1 Humongous Allocation) 408M->370M(512M) 6.997ms
[2022-05-19T09:59:42.203+0000][83][gc,cpu         ] GC(303) User=0.01s Sys=0.00s Real=0.01s
[2022-05-19T09:59:42.203+0000][83][safepoint      ] Safepoint "G1TryInitiateConcMark", Time since last: 312018900 ns, Reaching safepoint: 178500 ns, At safepoint: 7364900 ns, Total: 7543400 ns
[2022-05-19T09:59:42.203+0000][83][gc             ] GC(304) Concurrent Mark Cycle
[2022-05-19T09:59:42.203+0000][83][gc,marking     ] GC(304) Concurrent Clear Claimed Marks
[2022-05-19T09:59:42.203+0000][83][gc,marking     ] GC(304) Concurrent Clear Claimed Marks 0.182ms
[2022-05-19T09:59:42.204+0000][83][gc,marking     ] GC(304) Concurrent Scan Root Regions
[2022-05-19T09:59:42.205+0000][83][gc,marking     ] GC(304) Concurrent Scan Root Regions 1.330ms
[2022-05-19T09:59:42.205+0000][83][gc,marking     ] GC(304) Concurrent Mark
[2022-05-19T09:59:42.205+0000][83][gc,marking     ] GC(304) Concurrent Mark From Roots
[2022-05-19T09:59:42.205+0000][83][gc,task        ] GC(304) Using 3 workers of 3 for marking
[2022-05-19T09:59:42.247+0000][83][gc,marking     ] GC(304) Concurrent Mark From Roots 41.245ms
[2022-05-19T09:59:42.247+0000][83][gc,marking     ] GC(304) Concurrent Preclean
[2022-05-19T09:59:42.247+0000][83][gc,marking     ] GC(304) Concurrent Preclean 0.541ms
[2022-05-19T09:59:42.248+0000][83][gc,start       ] GC(304) Pause Remark
[2022-05-19T09:59:42.250+0000][83][gc             ] GC(304) Pause Remark 406M->406M(512M) 2.671ms
[2022-05-19T09:59:42.251+0000][83][gc,cpu         ] GC(304) User=0.02s Sys=0.00s Real=0.01s
[2022-05-19T09:59:42.251+0000][83][safepoint      ] Safepoint "G1Concurrent", Time since last: 44555900 ns, Reaching safepoint: 256100 ns, At safepoint: 3203000 ns, Total: 3459100 ns
[2022-05-19T09:59:42.251+0000][83][gc,marking     ] GC(304) Concurrent Mark 46.019ms
[2022-05-19T09:59:42.251+0000][83][gc,marking     ] GC(304) Concurrent Rebuild Remembered Sets
[2022-05-19T09:59:42.271+0000][83][gc,marking     ] GC(304) Concurrent Rebuild Remembered Sets 19.817ms
[2022-05-19T09:59:42.272+0000][83][gc,start       ] GC(304) Pause Cleanup
[2022-05-19T09:59:42.272+0000][83][gc             ] GC(304) Pause Cleanup 406M->406M(512M) 0.426ms
[2022-05-19T09:59:42.272+0000][83][gc,cpu         ] GC(304) User=0.00s Sys=0.00s Real=0.00s
[2022-05-19T09:59:42.273+0000][83][safepoint      ] Safepoint "G1Concurrent", Time since last: 20429800 ns, Reaching safepoint: 184900 ns, At safepoint: 941400 ns, Total: 1126300 ns
[2022-05-19T09:59:42.273+0000][83][gc,marking     ] GC(304) Concurrent Cleanup for Next Mark
[2022-05-19T09:59:42.273+0000][83][gc,marking     ] GC(304) Concurrent Cleanup for Next Mark 0.407ms
[2022-05-19T09:59:42.273+0000][83][gc             ] GC(304) Concurrent Mark Cycle 70.488ms
[2022-05-19T09:59:42.883+0000][83][gc,start       ] GC(305) Pause Young (Normal) (G1 Evacuation Pause)
[2022-05-19T09:59:42.883+0000][83][gc,task        ] GC(305) Using 10 workers of 10 for evacuation
[2022-05-19T09:59:42.883+0000][83][gc,age         ] GC(305) Desired survivor size 4194304 bytes, new threshold 7 (max threshold 15)
[2022-05-19T09:59:42.885+0000][83][gc,age         ] GC(305) Age table with threshold 7 (max threshold 15)
[2022-05-19T09:59:42.886+0000][83][gc,age         ] GC(305) - age   1:     384440 bytes,     384440 total
[2022-05-19T09:59:42.886+0000][83][gc,age         ] GC(305) - age   2:     558008 bytes,     942448 total
[2022-05-19T09:59:42.886+0000][83][gc,age         ] GC(305) - age   3:     557512 bytes,    1499960 total
[2022-05-19T09:59:42.886+0000][83][gc,age         ] GC(305) - age   4:     689152 bytes,    2189112 total
[2022-05-19T09:59:42.886+0000][83][gc,age         ] GC(305) - age   5:     623080 bytes,    2812192 total
[2022-05-19T09:59:42.887+0000][83][gc,age         ] GC(305) - age   6:     754064 bytes,    3566256 total
[2022-05-19T09:59:42.887+0000][83][gc,age         ] GC(305) - age   7:     655712 bytes,    4221968 total
[2022-05-19T09:59:42.887+0000][83][gc,phases      ] GC(305)   Pre Evacuate Collection Set: 0.2ms
[2022-05-19T09:59:42.887+0000][83][gc,phases      ] GC(305)   Merge Heap Roots: 0.1ms
[2022-05-19T09:59:42.887+0000][83][gc,phases      ] GC(305)   Evacuate Collection Set: 0.9ms
[2022-05-19T09:59:42.887+0000][83][gc,phases      ] GC(305)   Post Evacuate Collection Set: 0.6ms
[2022-05-19T09:59:42.887+0000][83][gc,phases      ] GC(305)   Other: 1.9ms
[2022-05-19T09:59:42.887+0000][83][gc,heap        ] GC(305) Eden regions: 10->0(10)
[2022-05-19T09:59:42.888+0000][83][gc,heap        ] GC(305) Survivor regions: 2->2(2)
[2022-05-19T09:59:42.888+0000][83][gc,heap        ] GC(305) Old regions: 49->49
[2022-05-19T09:59:42.888+0000][83][gc,heap        ] GC(305) Archive regions: 2->2
[2022-05-19T09:59:42.888+0000][83][gc,heap        ] GC(305) Humongous regions: 52->43
[2022-05-19T09:59:42.888+0000][83][gc,metaspace   ] GC(305) Metaspace: 101015K(102528K)->101015K(102528K) NonClass: 87001K(87936K)->87001K(87936K) Class: 14014K(14592K)->14014K(14592K)
[2022-05-19T09:59:42.888+0000][83][gc             ] GC(305) Pause Young (Normal) (G1 Evacuation Pause) 446M->370M(512M) 5.267ms
[2022-05-19T09:59:42.889+0000][83][gc,cpu         ] GC(305) User=0.01s Sys=0.00s Real=0.00s
[2022-05-19T09:59:42.889+0000][83][safepoint      ] Safepoint "G1CollectForAllocation", Time since last: 610406600 ns, Reaching safepoint: 220100 ns, At safepoint: 5565500 ns, Total: 5785600 ns
[2022-05-19T09:59:43.043+0000][83][gc,start       ] GC(306) Pause Young (Concurrent Start) (G1 Evacuation Pause)
[2022-05-19T09:59:43.044+0000][83][gc,task        ] GC(306) Using 10 workers of 10 for evacuation
[2022-05-19T09:59:43.044+0000][83][gc,age         ] GC(306) Desired survivor size 4194304 bytes, new threshold 7 (max threshold 15)
[2022-05-19T09:59:43.047+0000][83][gc,age         ] GC(306) Age table with threshold 7 (max threshold 15)
[2022-05-19T09:59:43.047+0000][83][gc,age         ] GC(306) - age   1:      35136 bytes,      35136 total
[2022-05-19T09:59:43.048+0000][83][gc,age         ] GC(306) - age   2:     361232 bytes,     396368 total
[2022-05-19T09:59:43.048+0000][83][gc,age         ] GC(306) - age   3:     558008 bytes,     954376 total
[2022-05-19T09:59:43.048+0000][83][gc,age         ] GC(306) - age   4:     557512 bytes,    1511888 total
[2022-05-19T09:59:43.048+0000][83][gc,age         ] GC(306) - age   5:     689152 bytes,    2201040 total
[2022-05-19T09:59:43.048+0000][83][gc,age         ] GC(306) - age   6:     623080 bytes,    2824120 total
[2022-05-19T09:59:43.048+0000][83][gc,age         ] GC(306) - age   7:     754064 bytes,    3578184 total
[2022-05-19T09:59:43.049+0000][83][gc,phases      ] GC(306)   Pre Evacuate Collection Set: 0.4ms
[2022-05-19T09:59:43.049+0000][83][gc,phases      ] GC(306)   Merge Heap Roots: 0.2ms
[2022-05-19T09:59:43.049+0000][83][gc,phases      ] GC(306)   Evacuate Collection Set: 1.7ms
[2022-05-19T09:59:43.049+0000][83][gc,phases      ] GC(306)   Post Evacuate Collection Set: 0.9ms
[2022-05-19T09:59:43.049+0000][83][gc,phases      ] GC(306)   Other: 2.3ms
[2022-05-19T09:59:43.050+0000][83][gc,heap        ] GC(306) Eden regions: 10->0(12)
[2022-05-19T09:59:43.050+0000][83][gc,heap        ] GC(306) Survivor regions: 2->1(2)
[2022-05-19T09:59:43.050+0000][83][gc,heap        ] GC(306) Old regions: 49->49
[2022-05-19T09:59:43.050+0000][83][gc,heap        ] GC(306) Archive regions: 2->2
[2022-05-19T09:59:43.050+0000][83][gc,heap        ] GC(306) Humongous regions: 43->43
[2022-05-19T09:59:43.050+0000][83][gc,metaspace   ] GC(306) Metaspace: 101015K(102528K)->101015K(102528K) NonClass: 87001K(87936K)->87001K(87936K) Class: 14014K(14592K)->14014K(14592K)
[2022-05-19T09:59:43.051+0000][83][gc             ] GC(306) Pause Young (Concurrent Start) (G1 Evacuation Pause) 410M->370M(512M) 7.227ms
[2022-05-19T09:59:43.051+0000][83][gc,cpu         ] GC(306) User=0.01s Sys=0.00s Real=0.01s
[2022-05-19T09:59:43.051+0000][83][gc             ] GC(307) Concurrent Mark Cycle
[2022-05-19T09:59:43.051+0000][83][gc,marking     ] GC(307) Concurrent Clear Claimed Marks
[2022-05-19T09:59:43.051+0000][83][safepoint      ] Safepoint "G1CollectForAllocation", Time since last: 154289500 ns, Reaching safepoint: 225300 ns, At safepoint: 7682000 ns, Total: 7907300 ns
[2022-05-19T09:59:43.051+0000][83][gc,marking     ] GC(307) Concurrent Clear Claimed Marks 0.335ms
[2022-05-19T09:59:43.052+0000][83][gc,marking     ] GC(307) Concurrent Scan Root Regions
[2022-05-19T09:59:43.053+0000][83][gc,marking     ] GC(307) Concurrent Scan Root Regions 1.328ms
[2022-05-19T09:59:43.053+0000][83][gc,marking     ] GC(307) Concurrent Mark
[2022-05-19T09:59:43.053+0000][83][gc,marking     ] GC(307) Concurrent Mark From Roots
[2022-05-19T09:59:43.054+0000][83][gc,task        ] GC(307) Using 3 workers of 3 for marking
[2022-05-19T09:59:43.100+0000][83][gc,marking     ] GC(307) Concurrent Mark From Roots 46.919ms
[2022-05-19T09:59:43.101+0000][83][gc,marking     ] GC(307) Concurrent Preclean
[2022-05-19T09:59:43.101+0000][83][gc,marking     ] GC(307) Concurrent Preclean 0.602ms
[2022-05-19T09:59:43.102+0000][83][gc,start       ] GC(307) Pause Remark
[2022-05-19T09:59:43.105+0000][83][gc             ] GC(307) Pause Remark 378M->378M(512M) 2.743ms
[2022-05-19T09:59:43.105+0000][83][gc,cpu         ] GC(307) User=0.01s Sys=0.00s Real=0.00s
[2022-05-19T09:59:43.105+0000][83][safepoint      ] Safepoint "G1Concurrent", Time since last: 50480200 ns, Reaching safepoint: 358600 ns, At safepoint: 3181000 ns, Total: 3539600 ns
[2022-05-19T09:59:43.105+0000][83][gc,marking     ] GC(307) Concurrent Mark 51.955ms
[2022-05-19T09:59:43.105+0000][83][gc,marking     ] GC(307) Concurrent Rebuild Remembered Sets
[2022-05-19T09:59:43.126+0000][83][gc,marking     ] GC(307) Concurrent Rebuild Remembered Sets 20.325ms
[2022-05-19T09:59:43.126+0000][83][gc,start       ] GC(307) Pause Cleanup
[2022-05-19T09:59:43.127+0000][83][gc             ] GC(307) Pause Cleanup 385M->385M(512M) 0.301ms
[2022-05-19T09:59:43.127+0000][83][gc,cpu         ] GC(307) User=0.00s Sys=0.00s Real=0.00s
[2022-05-19T09:59:43.127+0000][83][safepoint      ] Safepoint "G1Concurrent", Time since last: 21025500 ns, Reaching safepoint: 288100 ns, At safepoint: 581900 ns, Total: 870000 ns
[2022-05-19T09:59:43.127+0000][83][gc,marking     ] GC(307) Concurrent Cleanup for Next Mark
[2022-05-19T09:59:43.127+0000][83][gc,marking     ] GC(307) Concurrent Cleanup for Next Mark 0.321ms
[2022-05-19T09:59:43.127+0000][83][gc             ] GC(307) Concurrent Mark Cycle 76.566ms
[2022-05-19T09:59:43.242+0000][83][gc,start       ] GC(308) Pause Young (Normal) (G1 Evacuation Pause)
[2022-05-19T09:59:43.243+0000][83][gc,task        ] GC(308) Using 10 workers of 10 for evacuation
[2022-05-19T09:59:43.243+0000][83][gc,age         ] GC(308) Desired survivor size 4194304 bytes, new threshold 15 (max threshold 15)
[2022-05-19T09:59:43.245+0000][83][gc,age         ] GC(308) Age table with threshold 15 (max threshold 15)
[2022-05-19T09:59:43.245+0000][83][gc,age         ] GC(308) - age   1:      43632 bytes,      43632 total
[2022-05-19T09:59:43.245+0000][83][gc,age         ] GC(308) - age   2:       9264 bytes,      52896 total
[2022-05-19T09:59:43.245+0000][83][gc,age         ] GC(308) - age   3:     356928 bytes,     409824 total
[2022-05-19T09:59:43.245+0000][83][gc,age         ] GC(308) - age   4:     557816 bytes,     967640 total
[2022-05-19T09:59:43.245+0000][83][gc,age         ] GC(308) - age   5:     557512 bytes,    1525152 total
[2022-05-19T09:59:43.246+0000][83][gc,age         ] GC(308) - age   6:     689152 bytes,    2214304 total
[2022-05-19T09:59:43.246+0000][83][gc,age         ] GC(308) - age   7:     623080 bytes,    2837384 total
[2022-05-19T09:59:43.246+0000][83][gc,age         ] GC(308) - age   8:     754064 bytes,    3591448 total
[2022-05-19T09:59:43.246+0000][83][gc,phases      ] GC(308)   Pre Evacuate Collection Set: 0.2ms
[2022-05-19T09:59:43.246+0000][83][gc,phases      ] GC(308)   Merge Heap Roots: 0.1ms
[2022-05-19T09:59:43.246+0000][83][gc,phases      ] GC(308)   Evacuate Collection Set: 0.8ms
[2022-05-19T09:59:43.246+0000][83][gc,phases      ] GC(308)   Post Evacuate Collection Set: 0.6ms
[2022-05-19T09:59:43.246+0000][83][gc,phases      ] GC(308)   Other: 2.0ms
[2022-05-19T09:59:43.247+0000][83][gc,heap        ] GC(308) Eden regions: 12->0(12)
[2022-05-19T09:59:43.247+0000][83][gc,heap        ] GC(308) Survivor regions: 1->1(2)
[2022-05-19T09:59:43.247+0000][83][gc,heap        ] GC(308) Old regions: 49->49
[2022-05-19T09:59:43.247+0000][83][gc,heap        ] GC(308) Archive regions: 2->2
[2022-05-19T09:59:43.247+0000][83][gc,heap        ] GC(308) Humongous regions: 43->43
[2022-05-19T09:59:43.247+0000][83][gc,metaspace   ] GC(308) Metaspace: 101015K(102528K)->101015K(102528K) NonClass: 87001K(87936K)->87001K(87936K) Class: 14014K(14592K)->14014K(14592K)
[2022-05-19T09:59:43.247+0000][83][gc             ] GC(308) Pause Young (Normal) (G1 Evacuation Pause) 418M->370M(512M) 4.972ms
[2022-05-19T09:59:43.247+0000][83][gc,cpu         ] GC(308) User=0.01s Sys=0.00s Real=0.00s
[2022-05-19T09:59:43.248+0000][83][safepoint      ] Safepoint "G1CollectForAllocation", Time since last: 115270900 ns, Reaching safepoint: 177300 ns, At safepoint: 5255100 ns, Total: 5432400 ns
[2022-05-19T09:59:43.426+0000][83][gc,start       ] GC(309) Pause Young (Concurrent Start) (G1 Evacuation Pause)
[2022-05-19T09:59:43.426+0000][83][gc,task        ] GC(309) Using 10 workers of 10 for evacuation
[2022-05-19T09:59:43.426+0000][83][gc,age         ] GC(309) Desired survivor size 4194304 bytes, new threshold 15 (max threshold 15)
[2022-05-19T09:59:43.428+0000][83][gc,age         ] GC(309) Age table with threshold 15 (max threshold 15)
[2022-05-19T09:59:43.429+0000][83][gc,age         ] GC(309) - age   1:      32912 bytes,      32912 total
[2022-05-19T09:59:43.429+0000][83][gc,age         ] GC(309) - age   2:      15848 bytes,      48760 total
[2022-05-19T09:59:43.429+0000][83][gc,age         ] GC(309) - age   3:       9264 bytes,      58024 total
[2022-05-19T09:59:43.429+0000][83][gc,age         ] GC(309) - age   4:     355904 bytes,     413928 total
[2022-05-19T09:59:43.429+0000][83][gc,age         ] GC(309) - age   5:     557816 bytes,     971744 total
[2022-05-19T09:59:43.429+0000][83][gc,age         ] GC(309) - age   6:     557512 bytes,    1529256 total
[2022-05-19T09:59:43.429+0000][83][gc,age         ] GC(309) - age   7:     689152 bytes,    2218408 total
[2022-05-19T09:59:43.429+0000][83][gc,age         ] GC(309) - age   8:     623080 bytes,    2841488 total
[2022-05-19T09:59:43.430+0000][83][gc,age         ] GC(309) - age   9:     754064 bytes,    3595552 total
[2022-05-19T09:59:43.430+0000][83][gc,phases      ] GC(309)   Pre Evacuate Collection Set: 0.3ms
[2022-05-19T09:59:43.430+0000][83][gc,phases      ] GC(309)   Merge Heap Roots: 0.2ms
[2022-05-19T09:59:43.430+0000][83][gc,phases      ] GC(309)   Evacuate Collection Set: 1.2ms
[2022-05-19T09:59:43.430+0000][83][gc,phases      ] GC(309)   Post Evacuate Collection Set: 0.6ms
[2022-05-19T09:59:43.430+0000][83][gc,phases      ] GC(309)   Other: 1.9ms
[2022-05-19T09:59:43.430+0000][83][gc,heap        ] GC(309) Eden regions: 12->0(12)
[2022-05-19T09:59:43.430+0000][83][gc,heap        ] GC(309) Survivor regions: 1->1(2)
[2022-05-19T09:59:43.430+0000][83][gc,heap        ] GC(309) Old regions: 49->49
[2022-05-19T09:59:43.431+0000][83][gc,heap        ] GC(309) Archive regions: 2->2
[2022-05-19T09:59:43.431+0000][83][gc,heap        ] GC(309) Humongous regions: 43->43
[2022-05-19T09:59:43.431+0000][83][gc,metaspace   ] GC(309) Metaspace: 101015K(102528K)->101015K(102528K) NonClass: 87001K(87936K)->87001K(87936K) Class: 14014K(14592K)->14014K(14592K)
[2022-05-19T09:59:43.431+0000][83][gc             ] GC(309) Pause Young (Concurrent Start) (G1 Evacuation Pause) 418M->370M(512M) 5.306ms
[2022-05-19T09:59:43.431+0000][83][gc,cpu         ] GC(309) User=0.01s Sys=0.00s Real=0.01s
[2022-05-19T09:59:43.431+0000][83][gc             ] GC(310) Concurrent Mark Cycle
[2022-05-19T09:59:43.431+0000][83][gc,marking     ] GC(310) Concurrent Clear Claimed Marks
[2022-05-19T09:59:43.431+0000][83][safepoint      ] Safepoint "G1CollectForAllocation", Time since last: 177858500 ns, Reaching safepoint: 210500 ns, At safepoint: 5613100 ns, Total: 5823600 ns
[2022-05-19T09:59:43.432+0000][83][gc,marking     ] GC(310) Concurrent Clear Claimed Marks 0.187ms
[2022-05-19T09:59:43.432+0000][83][gc,marking     ] GC(310) Concurrent Scan Root Regions
[2022-05-19T09:59:43.433+0000][83][gc,marking     ] GC(310) Concurrent Scan Root Regions 0.998ms
[2022-05-19T09:59:43.433+0000][83][gc,marking     ] GC(310) Concurrent Mark
[2022-05-19T09:59:43.433+0000][83][gc,marking     ] GC(310) Concurrent Mark From Roots
[2022-05-19T09:59:43.433+0000][83][gc,task        ] GC(310) Using 3 workers of 3 for marking
[2022-05-19T09:59:43.478+0000][83][gc,marking     ] GC(310) Concurrent Mark From Roots 44.973ms
[2022-05-19T09:59:43.478+0000][83][gc,marking     ] GC(310) Concurrent Preclean
[2022-05-19T09:59:43.479+0000][83][gc,marking     ] GC(310) Concurrent Preclean 0.560ms
[2022-05-19T09:59:43.479+0000][83][gc,start       ] GC(310) Pause Remark
[2022-05-19T09:59:43.482+0000][83][gc             ] GC(310) Pause Remark 386M->386M(512M) 2.702ms
[2022-05-19T09:59:43.482+0000][83][gc,cpu         ] GC(310) User=0.02s Sys=0.00s Real=0.00s
[2022-05-19T09:59:43.483+0000][83][safepoint      ] Safepoint "G1Concurrent", Time since last: 48016300 ns, Reaching safepoint: 175900 ns, At safepoint: 3238400 ns, Total: 3414300 ns
[2022-05-19T09:59:43.483+0000][83][gc,marking     ] GC(310) Concurrent Mark 49.887ms
[2022-05-19T09:59:43.483+0000][83][gc,marking     ] GC(310) Concurrent Rebuild Remembered Sets
[2022-05-19T09:59:43.504+0000][83][gc,marking     ] GC(310) Concurrent Rebuild Remembered Sets 21.198ms
[2022-05-19T09:59:43.505+0000][83][gc,start       ] GC(310) Pause Cleanup
[2022-05-19T09:59:43.505+0000][83][gc             ] GC(310) Pause Cleanup 393M->393M(512M) 0.379ms
[2022-05-19T09:59:43.505+0000][83][gc,cpu         ] GC(310) User=0.00s Sys=0.00s Real=0.00s
[2022-05-19T09:59:43.506+0000][83][safepoint      ] Safepoint "G1Concurrent", Time since last: 21984300 ns, Reaching safepoint: 252700 ns, At safepoint: 774800 ns, Total: 1027500 ns
[2022-05-19T09:59:43.506+0000][83][gc,marking     ] GC(310) Concurrent Cleanup for Next Mark
[2022-05-19T09:59:43.506+0000][83][gc,marking     ] GC(310) Concurrent Cleanup for Next Mark 0.384ms
[2022-05-19T09:59:43.506+0000][83][gc             ] GC(310) Concurrent Mark Cycle 75.223ms
[2022-05-19T09:59:43.587+0000][83][gc,start       ] GC(311) Pause Young (Normal) (G1 Evacuation Pause)
[2022-05-19T09:59:43.588+0000][83][gc,task        ] GC(311) Using 10 workers of 10 for evacuation
[2022-05-19T09:59:43.588+0000][83][gc,age         ] GC(311) Desired survivor size 4194304 bytes, new threshold 15 (max threshold 15)
[2022-05-19T09:59:43.590+0000][83][gc,age         ] GC(311) Age table with threshold 15 (max threshold 15)
[2022-05-19T09:59:43.590+0000][83][gc,age         ] GC(311) - age   1:      31984 bytes,      31984 total
[2022-05-19T09:59:43.590+0000][83][gc,age         ] GC(311) - age   2:      16808 bytes,      48792 total
[2022-05-19T09:59:43.590+0000][83][gc,age         ] GC(311) - age   3:      15848 bytes,      64640 total
[2022-05-19T09:59:43.591+0000][83][gc,age         ] GC(311) - age   4:       9264 bytes,      73904 total
[2022-05-19T09:59:43.591+0000][83][gc,age         ] GC(311) - age   5:     354928 bytes,     428832 total
[2022-05-19T09:59:43.591+0000][83][gc,age         ] GC(311) - age   6:     557816 bytes,     986648 total
[2022-05-19T09:59:43.591+0000][83][gc,age         ] GC(311) - age   7:     557512 bytes,    1544160 total
[2022-05-19T09:59:43.591+0000][83][gc,age         ] GC(311) - age   8:     689120 bytes,    2233280 total
[2022-05-19T09:59:43.591+0000][83][gc,age         ] GC(311) - age   9:     623080 bytes,    2856360 total
[2022-05-19T09:59:43.592+0000][83][gc,age         ] GC(311) - age  10:     754064 bytes,    3610424 total
[2022-05-19T09:59:43.592+0000][83][gc,phases      ] GC(311)   Pre Evacuate Collection Set: 0.2ms
[2022-05-19T09:59:43.592+0000][83][gc,phases      ] GC(311)   Merge Heap Roots: 0.1ms
[2022-05-19T09:59:43.592+0000][83][gc,phases      ] GC(311)   Evacuate Collection Set: 0.9ms
[2022-05-19T09:59:43.592+0000][83][gc,phases      ] GC(311)   Post Evacuate Collection Set: 0.6ms
[2022-05-19T09:59:43.592+0000][83][gc,phases      ] GC(311)   Other: 2.7ms
[2022-05-19T09:59:43.593+0000][83][gc,heap        ] GC(311) Eden regions: 12->0(12)
[2022-05-19T09:59:43.593+0000][83][gc,heap        ] GC(311) Survivor regions: 1->1(2)
[2022-05-19T09:59:43.593+0000][83][gc,heap        ] GC(311) Old regions: 49->49
[2022-05-19T09:59:43.593+0000][83][gc,heap        ] GC(311) Archive regions: 2->2
[2022-05-19T09:59:43.593+0000][83][gc,heap        ] GC(311) Humongous regions: 43->43
[2022-05-19T09:59:43.593+0000][83][gc,metaspace   ] GC(311) Metaspace: 101015K(102528K)->101015K(102528K) NonClass: 87001K(87936K)->87001K(87936K) Class: 14014K(14592K)->14014K(14592K)
[2022-05-19T09:59:43.593+0000][83][gc             ] GC(311) Pause Young (Normal) (G1 Evacuation Pause) 418M->370M(512M) 5.739ms
[2022-05-19T09:59:43.593+0000][83][gc,cpu         ] GC(311) User=0.00s Sys=0.01s Real=0.01s
[2022-05-19T09:59:43.593+0000][83][safepoint      ] Safepoint "G1CollectForAllocation", Time since last: 81561700 ns, Reaching safepoint: 180500 ns, At safepoint: 6004300 ns, Total: 6184800 ns
[2022-05-19T09:59:43.862+0000][83][gc,start       ] GC(312) Pause Young (Concurrent Start) (G1 Evacuation Pause)
[2022-05-19T09:59:43.862+0000][83][gc,task        ] GC(312) Using 10 workers of 10 for evacuation
[2022-05-19T09:59:43.862+0000][83][gc,age         ] GC(312) Desired survivor size 4194304 bytes, new threshold 15 (max threshold 15)
[2022-05-19T09:59:43.865+0000][83][gc,age         ] GC(312) Age table with threshold 15 (max threshold 15)
[2022-05-19T09:59:43.865+0000][83][gc,age         ] GC(312) - age   1:      34368 bytes,      34368 total
[2022-05-19T09:59:43.865+0000][83][gc,age         ] GC(312) - age   2:      14392 bytes,      48760 total
[2022-05-19T09:59:43.865+0000][83][gc,age         ] GC(312) - age   3:      16808 bytes,      65568 total
[2022-05-19T09:59:43.866+0000][83][gc,age         ] GC(312) - age   4:      15848 bytes,      81416 total
[2022-05-19T09:59:43.866+0000][83][gc,age         ] GC(312) - age   5:       9264 bytes,      90680 total
[2022-05-19T09:59:43.866+0000][83][gc,age         ] GC(312) - age   6:     354928 bytes,     445608 total
[2022-05-19T09:59:43.866+0000][83][gc,age         ] GC(312) - age   7:     557816 bytes,    1003424 total
[2022-05-19T09:59:43.866+0000][83][gc,age         ] GC(312) - age   8:     557512 bytes,    1560936 total
[2022-05-19T09:59:43.866+0000][83][gc,age         ] GC(312) - age   9:     689120 bytes,    2250056 total
[2022-05-19T09:59:43.866+0000][83][gc,age         ] GC(312) - age  10:     623080 bytes,    2873136 total
[2022-05-19T09:59:43.866+0000][83][gc,age         ] GC(312) - age  11:     754064 bytes,    3627200 total
[2022-05-19T09:59:43.867+0000][83][gc,phases      ] GC(312)   Pre Evacuate Collection Set: 0.2ms
[2022-05-19T09:59:43.867+0000][83][gc,phases      ] GC(312)   Merge Heap Roots: 0.2ms
[2022-05-19T09:59:43.867+0000][83][gc,phases      ] GC(312)   Evacuate Collection Set: 1.3ms
[2022-05-19T09:59:43.867+0000][83][gc,phases      ] GC(312)   Post Evacuate Collection Set: 0.6ms
[2022-05-19T09:59:43.867+0000][83][gc,phases      ] GC(312)   Other: 2.3ms
[2022-05-19T09:59:43.867+0000][83][gc,heap        ] GC(312) Eden regions: 12->0(12)
[2022-05-19T09:59:43.867+0000][83][gc,heap        ] GC(312) Survivor regions: 1->1(2)
[2022-05-19T09:59:43.867+0000][83][gc,heap        ] GC(312) Old regions: 49->49
[2022-05-19T09:59:43.868+0000][83][gc,heap        ] GC(312) Archive regions: 2->2
[2022-05-19T09:59:43.868+0000][83][gc,heap        ] GC(312) Humongous regions: 43->43
[2022-05-19T09:59:43.868+0000][83][gc,metaspace   ] GC(312) Metaspace: 101015K(102528K)->101015K(102528K) NonClass: 87001K(87936K)->87001K(87936K) Class: 14014K(14592K)->14014K(14592K)
[2022-05-19T09:59:43.868+0000][83][gc             ] GC(312) Pause Young (Concurrent Start) (G1 Evacuation Pause) 418M->370M(512M) 5.843ms
[2022-05-19T09:59:43.868+0000][83][gc,cpu         ] GC(312) User=0.01s Sys=0.00s Real=0.00s
[2022-05-19T09:59:43.868+0000][83][gc             ] GC(313) Concurrent Mark Cycle
[2022-05-19T09:59:43.868+0000][83][gc,marking     ] GC(313) Concurrent Clear Claimed Marks
[2022-05-19T09:59:43.868+0000][83][safepoint      ] Safepoint "G1CollectForAllocation", Time since last: 268392600 ns, Reaching safepoint: 180600 ns, At safepoint: 6150700 ns, Total: 6331300 ns
[2022-05-19T09:59:43.868+0000][83][gc,marking     ] GC(313) Concurrent Clear Claimed Marks 0.186ms
[2022-05-19T09:59:43.869+0000][83][gc,marking     ] GC(313) Concurrent Scan Root Regions
[2022-05-19T09:59:43.870+0000][83][gc,marking     ] GC(313) Concurrent Scan Root Regions 0.973ms
[2022-05-19T09:59:43.870+0000][83][gc,marking     ] GC(313) Concurrent Mark
[2022-05-19T09:59:43.870+0000][83][gc,marking     ] GC(313) Concurrent Mark From Roots
[2022-05-19T09:59:43.870+0000][83][gc,task        ] GC(313) Using 3 workers of 3 for marking
[2022-05-19T09:59:43.913+0000][83][gc,marking     ] GC(313) Concurrent Mark From Roots 42.987ms
[2022-05-19T09:59:43.913+0000][83][gc,marking     ] GC(313) Concurrent Preclean
[2022-05-19T09:59:43.914+0000][83][gc,marking     ] GC(313) Concurrent Preclean 0.508ms
[2022-05-19T09:59:43.914+0000][83][gc,start       ] GC(313) Pause Remark
[2022-05-19T09:59:43.917+0000][83][gc             ] GC(313) Pause Remark 384M->384M(512M) 2.939ms
[2022-05-19T09:59:43.917+0000][83][gc,cpu         ] GC(313) User=0.02s Sys=0.00s Real=0.00s
[2022-05-19T09:59:43.918+0000][83][safepoint      ] Safepoint "G1Concurrent", Time since last: 45753000 ns, Reaching safepoint: 262600 ns, At safepoint: 3519300 ns, Total: 3781900 ns
[2022-05-19T09:59:43.918+0000][83][gc,marking     ] GC(313) Concurrent Mark 48.063ms
[2022-05-19T09:59:43.918+0000][83][gc,marking     ] GC(313) Concurrent Rebuild Remembered Sets
[2022-05-19T09:59:43.941+0000][83][gc,marking     ] GC(313) Concurrent Rebuild Remembered Sets 22.881ms
[2022-05-19T09:59:43.941+0000][83][gc,start       ] GC(313) Pause Cleanup
[2022-05-19T09:59:43.942+0000][83][gc             ] GC(313) Pause Cleanup 391M->391M(512M) 0.379ms
[2022-05-19T09:59:43.942+0000][83][gc,cpu         ] GC(313) User=0.00s Sys=0.00s Real=0.00s
[2022-05-19T09:59:43.942+0000][83][safepoint      ] Safepoint "G1Concurrent", Time since last: 23542000 ns, Reaching safepoint: 271100 ns, At safepoint: 777200 ns, Total: 1048300 ns
[2022-05-19T09:59:43.942+0000][83][gc,marking     ] GC(313) Concurrent Cleanup for Next Mark
[2022-05-19T09:59:43.943+0000][83][gc,marking     ] GC(313) Concurrent Cleanup for Next Mark 0.426ms
[2022-05-19T09:59:43.943+0000][83][gc             ] GC(313) Concurrent Mark Cycle 74.950ms
[2022-05-19T09:59:44.062+0000][83][gc,start       ] GC(314) Pause Young (Normal) (G1 Evacuation Pause)
[2022-05-19T09:59:44.063+0000][83][gc,task        ] GC(314) Using 10 workers of 10 for evacuation
[2022-05-19T09:59:44.063+0000][83][gc,age         ] GC(314) Desired survivor size 4194304 bytes, new threshold 15 (max threshold 15)
[2022-05-19T09:59:44.065+0000][83][gc,age         ] GC(314) Age table with threshold 15 (max threshold 15)
[2022-05-19T09:59:44.065+0000][83][gc,age         ] GC(314) - age   1:      38296 bytes,      38296 total
[2022-05-19T09:59:44.065+0000][83][gc,age         ] GC(314) - age   2:      11216 bytes,      49512 total
[2022-05-19T09:59:44.065+0000][83][gc,age         ] GC(314) - age   3:      14216 bytes,      63728 total
[2022-05-19T09:59:44.065+0000][83][gc,age         ] GC(314) - age   4:      16808 bytes,      80536 total
[2022-05-19T09:59:44.066+0000][83][gc,age         ] GC(314) - age   5:      15848 bytes,      96384 total
[2022-05-19T09:59:44.066+0000][83][gc,age         ] GC(314) - age   6:       9264 bytes,     105648 total
[2022-05-19T09:59:44.066+0000][83][gc,age         ] GC(314) - age   7:     352864 bytes,     458512 total
[2022-05-19T09:59:44.066+0000][83][gc,age         ] GC(314) - age   8:     557816 bytes,    1016328 total
[2022-05-19T09:59:44.066+0000][83][gc,age         ] GC(314) - age   9:     557512 bytes,    1573840 total
[2022-05-19T09:59:44.066+0000][83][gc,age         ] GC(314) - age  10:     689120 bytes,    2262960 total
[2022-05-19T09:59:44.066+0000][83][gc,age         ] GC(314) - age  11:     623080 bytes,    2886040 total
[2022-05-19T09:59:44.067+0000][83][gc,age         ] GC(314) - age  12:     754064 bytes,    3640104 total
[2022-05-19T09:59:44.067+0000][83][gc,phases      ] GC(314)   Pre Evacuate Collection Set: 0.2ms
[2022-05-19T09:59:44.067+0000][83][gc,phases      ] GC(314)   Merge Heap Roots: 0.1ms
[2022-05-19T09:59:44.067+0000][83][gc,phases      ] GC(314)   Evacuate Collection Set: 0.8ms
[2022-05-19T09:59:44.067+0000][83][gc,phases      ] GC(314)   Post Evacuate Collection Set: 0.7ms
[2022-05-19T09:59:44.067+0000][83][gc,phases      ] GC(314)   Other: 2.4ms
[2022-05-19T09:59:44.067+0000][83][gc,heap        ] GC(314) Eden regions: 12->0(12)
[2022-05-19T09:59:44.068+0000][83][gc,heap        ] GC(314) Survivor regions: 1->1(2)
[2022-05-19T09:59:44.068+0000][83][gc,heap        ] GC(314) Old regions: 49->49
[2022-05-19T09:59:44.068+0000][83][gc,heap        ] GC(314) Archive regions: 2->2
[2022-05-19T09:59:44.068+0000][83][gc,heap        ] GC(314) Humongous regions: 43->43
[2022-05-19T09:59:44.068+0000][83][gc,metaspace   ] GC(314) Metaspace: 101015K(102528K)->101015K(102528K) NonClass: 87001K(87936K)->87001K(87936K) Class: 14014K(14592K)->14014K(14592K)
[2022-05-19T09:59:44.068+0000][83][gc             ] GC(314) Pause Young (Normal) (G1 Evacuation Pause) 418M->370M(512M) 5.719ms
[2022-05-19T09:59:44.068+0000][83][gc,cpu         ] GC(314) User=0.01s Sys=0.00s Real=0.00s
[2022-05-19T09:59:44.068+0000][83][safepoint      ] Safepoint "G1CollectForAllocation", Time since last: 119968500 ns, Reaching safepoint: 189600 ns, At safepoint: 6034300 ns, Total: 6223900 ns
[2022-05-19T09:59:44.208+0000][83][gc,start       ] GC(315) Pause Young (Concurrent Start) (G1 Evacuation Pause)
[2022-05-19T09:59:44.209+0000][83][gc,task        ] GC(315) Using 10 workers of 10 for evacuation
[2022-05-19T09:59:44.209+0000][83][gc,age         ] GC(315) Desired survivor size 4194304 bytes, new threshold 15 (max threshold 15)
[2022-05-19T09:59:44.211+0000][83][gc,age         ] GC(315) Age table with threshold 15 (max threshold 15)
[2022-05-19T09:59:44.212+0000][83][gc,age         ] GC(315) - age   1:      48112 bytes,      48112 total
[2022-05-19T09:59:44.212+0000][83][gc,age         ] GC(315) - age   2:      16064 bytes,      64176 total
[2022-05-19T09:59:44.212+0000][83][gc,age         ] GC(315) - age   3:      11216 bytes,      75392 total
[2022-05-19T09:59:44.212+0000][83][gc,age         ] GC(315) - age   4:      14216 bytes,      89608 total
[2022-05-19T09:59:44.212+0000][83][gc,age         ] GC(315) - age   5:      16776 bytes,     106384 total
[2022-05-19T09:59:44.212+0000][83][gc,age         ] GC(315) - age   6:      15656 bytes,     122040 total
[2022-05-19T09:59:44.212+0000][83][gc,age         ] GC(315) - age   7:       6856 bytes,     128896 total
[2022-05-19T09:59:44.213+0000][83][gc,age         ] GC(315) - age   8:     352864 bytes,     481760 total
[2022-05-19T09:59:44.213+0000][83][gc,age         ] GC(315) - age   9:     557816 bytes,    1039576 total
[2022-05-19T09:59:44.213+0000][83][gc,age         ] GC(315) - age  10:     557512 bytes,    1597088 total
[2022-05-19T09:59:44.213+0000][83][gc,age         ] GC(315) - age  11:     689120 bytes,    2286208 total
[2022-05-19T09:59:44.213+0000][83][gc,age         ] GC(315) - age  12:     623080 bytes,    2909288 total
[2022-05-19T09:59:44.213+0000][83][gc,age         ] GC(315) - age  13:     754064 bytes,    3663352 total
[2022-05-19T09:59:44.213+0000][83][gc,phases      ] GC(315)   Pre Evacuate Collection Set: 0.2ms
[2022-05-19T09:59:44.213+0000][83][gc,phases      ] GC(315)   Merge Heap Roots: 0.1ms
[2022-05-19T09:59:44.213+0000][83][gc,phases      ] GC(315)   Evacuate Collection Set: 1.2ms
[2022-05-19T09:59:44.214+0000][83][gc,phases      ] GC(315)   Post Evacuate Collection Set: 0.6ms
[2022-05-19T09:59:44.214+0000][83][gc,phases      ] GC(315)   Other: 2.6ms
[2022-05-19T09:59:44.214+0000][83][gc,heap        ] GC(315) Eden regions: 12->0(12)
[2022-05-19T09:59:44.214+0000][83][gc,heap        ] GC(315) Survivor regions: 1->1(2)
[2022-05-19T09:59:44.214+0000][83][gc,heap        ] GC(315) Old regions: 49->49
[2022-05-19T09:59:44.214+0000][83][gc,heap        ] GC(315) Archive regions: 2->2
[2022-05-19T09:59:44.214+0000][83][gc,heap        ] GC(315) Humongous regions: 43->43
[2022-05-19T09:59:44.214+0000][83][gc,metaspace   ] GC(315) Metaspace: 101015K(102528K)->101015K(102528K) NonClass: 87001K(87936K)->87001K(87936K) Class: 14014K(14592K)->14014K(14592K)
[2022-05-19T09:59:44.214+0000][83][gc             ] GC(315) Pause Young (Concurrent Start) (G1 Evacuation Pause) 418M->370M(512M) 6.029ms
[2022-05-19T09:59:44.215+0000][83][gc,cpu         ] GC(315) User=0.01s Sys=0.00s Real=0.01s
[2022-05-19T09:59:44.215+0000][83][safepoint      ] Safepoint "G1CollectForAllocation", Time since last: 139812000 ns, Reaching safepoint: 179600 ns, At safepoint: 6330400 ns, Total: 6510000 ns
[2022-05-19T09:59:44.215+0000][83][gc             ] GC(316) Concurrent Mark Cycle
[2022-05-19T09:59:44.215+0000][83][gc,marking     ] GC(316) Concurrent Clear Claimed Marks
[2022-05-19T09:59:44.215+0000][83][gc,marking     ] GC(316) Concurrent Clear Claimed Marks 0.195ms
[2022-05-19T09:59:44.215+0000][83][gc,marking     ] GC(316) Concurrent Scan Root Regions
[2022-05-19T09:59:44.216+0000][83][gc,marking     ] GC(316) Concurrent Scan Root Regions 0.960ms
[2022-05-19T09:59:44.216+0000][83][gc,marking     ] GC(316) Concurrent Mark
[2022-05-19T09:59:44.217+0000][83][gc,marking     ] GC(316) Concurrent Mark From Roots
[2022-05-19T09:59:44.217+0000][83][gc,task        ] GC(316) Using 3 workers of 3 for marking
[2022-05-19T09:59:44.265+0000][83][gc,marking     ] GC(316) Concurrent Mark From Roots 48.122ms
[2022-05-19T09:59:44.265+0000][83][gc,marking     ] GC(316) Concurrent Preclean
[2022-05-19T09:59:44.265+0000][83][gc,marking     ] GC(316) Concurrent Preclean 0.530ms
[2022-05-19T09:59:44.266+0000][83][gc,start       ] GC(316) Pause Remark
[2022-05-19T09:59:44.269+0000][83][gc             ] GC(316) Pause Remark 386M->386M(512M) 2.642ms
[2022-05-19T09:59:44.269+0000][83][gc,cpu         ] GC(316) User=0.02s Sys=0.00s Real=0.00s
[2022-05-19T09:59:44.269+0000][83][safepoint      ] Safepoint "G1Concurrent", Time since last: 50802000 ns, Reaching safepoint: 301200 ns, At safepoint: 3128500 ns, Total: 3429700 ns
[2022-05-19T09:59:44.269+0000][83][gc,marking     ] GC(316) Concurrent Mark 52.798ms
[2022-05-19T09:59:44.269+0000][83][gc,marking     ] GC(316) Concurrent Rebuild Remembered Sets
[2022-05-19T09:59:44.289+0000][83][gc,marking     ] GC(316) Concurrent Rebuild Remembered Sets 19.436ms
[2022-05-19T09:59:44.289+0000][83][gc,start       ] GC(316) Pause Cleanup
[2022-05-19T09:59:44.290+0000][83][gc             ] GC(316) Pause Cleanup 394M->394M(512M) 0.391ms
[2022-05-19T09:59:44.290+0000][83][gc,cpu         ] GC(316) User=0.01s Sys=0.00s Real=0.00s
[2022-05-19T09:59:44.290+0000][83][safepoint      ] Safepoint "G1Concurrent", Time since last: 20040500 ns, Reaching safepoint: 263400 ns, At safepoint: 720200 ns, Total: 983600 ns
[2022-05-19T09:59:44.290+0000][83][gc,marking     ] GC(316) Concurrent Cleanup for Next Mark
[2022-05-19T09:59:44.291+0000][83][gc,marking     ] GC(316) Concurrent Cleanup for Next Mark 0.354ms
[2022-05-19T09:59:44.291+0000][83][gc             ] GC(316) Concurrent Mark Cycle 75.902ms
[2022-05-19T09:59:44.343+0000][83][gc,start       ] GC(317) Pause Young (Normal) (G1 Evacuation Pause)
[2022-05-19T09:59:44.344+0000][83][gc,task        ] GC(317) Using 10 workers of 10 for evacuation
[2022-05-19T09:59:44.344+0000][83][gc,age         ] GC(317) Desired survivor size 4194304 bytes, new threshold 15 (max threshold 15)
[2022-05-19T09:59:44.346+0000][83][gc,age         ] GC(317) Age table with threshold 15 (max threshold 15)
[2022-05-19T09:59:44.346+0000][83][gc,age         ] GC(317) - age   1:      70488 bytes,      70488 total
[2022-05-19T09:59:44.346+0000][83][gc,age         ] GC(317) - age   2:      18440 bytes,      88928 total
[2022-05-19T09:59:44.346+0000][83][gc,age         ] GC(317) - age   3:      16064 bytes,     104992 total
[2022-05-19T09:59:44.346+0000][83][gc,age         ] GC(317) - age   4:      11216 bytes,     116208 total
[2022-05-19T09:59:44.347+0000][83][gc,age         ] GC(317) - age   5:      14184 bytes,     130392 total
[2022-05-19T09:59:44.347+0000][83][gc,age         ] GC(317) - age   6:      15912 bytes,     146304 total
[2022-05-19T09:59:44.347+0000][83][gc,age         ] GC(317) - age   7:      15656 bytes,     161960 total
[2022-05-19T09:59:44.347+0000][83][gc,age         ] GC(317) - age   8:       6856 bytes,     168816 total
[2022-05-19T09:59:44.347+0000][83][gc,age         ] GC(317) - age   9:     352864 bytes,     521680 total
[2022-05-19T09:59:44.347+0000][83][gc,age         ] GC(317) - age  10:     557816 bytes,    1079496 total
[2022-05-19T09:59:44.347+0000][83][gc,age         ] GC(317) - age  11:     557512 bytes,    1637008 total
[2022-05-19T09:59:44.347+0000][83][gc,age         ] GC(317) - age  12:     689120 bytes,    2326128 total
[2022-05-19T09:59:44.347+0000][83][gc,age         ] GC(317) - age  13:     623080 bytes,    2949208 total
[2022-05-19T09:59:44.348+0000][83][gc,age         ] GC(317) - age  14:     754064 bytes,    3703272 total
[2022-05-19T09:59:44.348+0000][83][gc,phases      ] GC(317)   Pre Evacuate Collection Set: 0.2ms
[2022-05-19T09:59:44.348+0000][83][gc,phases      ] GC(317)   Merge Heap Roots: 0.2ms
[2022-05-19T09:59:44.348+0000][83][gc,phases      ] GC(317)   Evacuate Collection Set: 0.8ms
[2022-05-19T09:59:44.348+0000][83][gc,phases      ] GC(317)   Post Evacuate Collection Set: 0.6ms
[2022-05-19T09:59:44.348+0000][83][gc,phases      ] GC(317)   Other: 2.6ms
[2022-05-19T09:59:44.348+0000][83][gc,heap        ] GC(317) Eden regions: 12->0(12)
[2022-05-19T09:59:44.348+0000][83][gc,heap        ] GC(317) Survivor regions: 1->1(2)
[2022-05-19T09:59:44.349+0000][83][gc,heap        ] GC(317) Old regions: 49->49
[2022-05-19T09:59:44.349+0000][83][gc,heap        ] GC(317) Archive regions: 2->2
[2022-05-19T09:59:44.349+0000][83][gc,heap        ] GC(317) Humongous regions: 43->43
[2022-05-19T09:59:44.349+0000][83][gc,metaspace   ] GC(317) Metaspace: 101015K(102528K)->101015K(102528K) NonClass: 87001K(87936K)->87001K(87936K) Class: 14014K(14592K)->14014K(14592K)
[2022-05-19T09:59:44.349+0000][83][gc             ] GC(317) Pause Young (Normal) (G1 Evacuation Pause) 418M->370M(512M) 5.601ms
[2022-05-19T09:59:44.349+0000][83][gc,cpu         ] GC(317) User=0.01s Sys=0.00s Real=0.01s
[2022-05-19T09:59:44.349+0000][83][safepoint      ] Safepoint "G1CollectForAllocation", Time since last: 53203900 ns, Reaching safepoint: 187500 ns, At safepoint: 5917400 ns, Total: 6104900 ns
[2022-05-19T09:59:44.472+0000][83][gc,start       ] GC(318) Pause Young (Concurrent Start) (G1 Evacuation Pause)
[2022-05-19T09:59:44.472+0000][83][gc,task        ] GC(318) Using 10 workers of 10 for evacuation
[2022-05-19T09:59:44.472+0000][83][gc,age         ] GC(318) Desired survivor size 4194304 bytes, new threshold 15 (max threshold 15)
[2022-05-19T09:59:44.475+0000][83][gc,age         ] GC(318) Age table with threshold 15 (max threshold 15)
[2022-05-19T09:59:44.475+0000][83][gc,age         ] GC(318) - age   1:      49584 bytes,      49584 total
[2022-05-19T09:59:44.475+0000][83][gc,age         ] GC(318) - age   2:      39984 bytes,      89568 total
[2022-05-19T09:59:44.476+0000][83][gc,age         ] GC(318) - age   3:      18440 bytes,     108008 total
[2022-05-19T09:59:44.476+0000][83][gc,age         ] GC(318) - age   4:      16064 bytes,     124072 total
[2022-05-19T09:59:44.476+0000][83][gc,age         ] GC(318) - age   5:      11216 bytes,     135288 total
[2022-05-19T09:59:44.476+0000][83][gc,age         ] GC(318) - age   6:      13992 bytes,     149280 total
[2022-05-19T09:59:44.476+0000][83][gc,age         ] GC(318) - age   7:      15784 bytes,     165064 total
[2022-05-19T09:59:44.476+0000][83][gc,age         ] GC(318) - age   8:      15656 bytes,     180720 total
[2022-05-19T09:59:44.477+0000][83][gc,age         ] GC(318) - age   9:       6856 bytes,     187576 total
[2022-05-19T09:59:44.477+0000][83][gc,age         ] GC(318) - age  10:     352864 bytes,     540440 total
[2022-05-19T09:59:44.477+0000][83][gc,age         ] GC(318) - age  11:     557816 bytes,    1098256 total
[2022-05-19T09:59:44.477+0000][83][gc,age         ] GC(318) - age  12:     557512 bytes,    1655768 total
[2022-05-19T09:59:44.477+0000][83][gc,age         ] GC(318) - age  13:     689120 bytes,    2344888 total
[2022-05-19T09:59:44.477+0000][83][gc,age         ] GC(318) - age  14:     623080 bytes,    2967968 total
[2022-05-19T09:59:44.477+0000][83][gc,age         ] GC(318) - age  15:     754064 bytes,    3722032 total
[2022-05-19T09:59:44.478+0000][83][gc,phases      ] GC(318)   Pre Evacuate Collection Set: 0.3ms
[2022-05-19T09:59:44.478+0000][83][gc,phases      ] GC(318)   Merge Heap Roots: 0.2ms
[2022-05-19T09:59:44.478+0000][83][gc,phases      ] GC(318)   Evacuate Collection Set: 1.3ms
[2022-05-19T09:59:44.478+0000][83][gc,phases      ] GC(318)   Post Evacuate Collection Set: 0.8ms
[2022-05-19T09:59:44.478+0000][83][gc,phases      ] GC(318)   Other: 3.2ms
[2022-05-19T09:59:44.478+0000][83][gc,heap        ] GC(318) Eden regions: 12->0(12)
[2022-05-19T09:59:44.478+0000][83][gc,heap        ] GC(318) Survivor regions: 1->1(2)
[2022-05-19T09:59:44.479+0000][83][gc,heap        ] GC(318) Old regions: 49->49
[2022-05-19T09:59:44.479+0000][83][gc,heap        ] GC(318) Archive regions: 2->2
[2022-05-19T09:59:44.479+0000][83][gc,heap        ] GC(318) Humongous regions: 43->43
[2022-05-19T09:59:44.479+0000][83][gc,metaspace   ] GC(318) Metaspace: 101015K(102528K)->101015K(102528K) NonClass: 87001K(87936K)->87001K(87936K) Class: 14014K(14592K)->14014K(14592K)
[2022-05-19T09:59:44.479+0000][83][gc             ] GC(318) Pause Young (Concurrent Start) (G1 Evacuation Pause) 418M->370M(512M) 7.055ms
[2022-05-19T09:59:44.479+0000][83][gc,cpu         ] GC(318) User=0.01s Sys=0.00s Real=0.00s
[2022-05-19T09:59:44.479+0000][83][gc             ] GC(319) Concurrent Mark Cycle
[2022-05-19T09:59:44.479+0000][83][safepoint      ] Safepoint "G1CollectForAllocation", Time since last: 122322800 ns, Reaching safepoint: 232000 ns, At safepoint: 7360400 ns, Total: 7592400 ns
[2022-05-19T09:59:44.479+0000][83][gc,marking     ] GC(319) Concurrent Clear Claimed Marks
[2022-05-19T09:59:44.480+0000][83][gc,marking     ] GC(319) Concurrent Clear Claimed Marks 0.311ms
[2022-05-19T09:59:44.480+0000][83][gc,marking     ] GC(319) Concurrent Scan Root Regions
[2022-05-19T09:59:44.481+0000][83][gc,marking     ] GC(319) Concurrent Scan Root Regions 1.115ms
[2022-05-19T09:59:44.481+0000][83][gc,marking     ] GC(319) Concurrent Mark
[2022-05-19T09:59:44.481+0000][83][gc,marking     ] GC(319) Concurrent Mark From Roots
[2022-05-19T09:59:44.481+0000][83][gc,task        ] GC(319) Using 3 workers of 3 for marking
[2022-05-19T09:59:44.525+0000][83][gc,marking     ] GC(319) Concurrent Mark From Roots 43.560ms
[2022-05-19T09:59:44.525+0000][83][gc,marking     ] GC(319) Concurrent Preclean
[2022-05-19T09:59:44.526+0000][83][gc,marking     ] GC(319) Concurrent Preclean 0.588ms
[2022-05-19T09:59:44.526+0000][83][gc,start       ] GC(319) Pause Remark
[2022-05-19T09:59:44.529+0000][83][gc             ] GC(319) Pause Remark 390M->390M(512M) 2.762ms
[2022-05-19T09:59:44.529+0000][83][gc,cpu         ] GC(319) User=0.02s Sys=0.00s Real=0.01s
[2022-05-19T09:59:44.529+0000][83][safepoint      ] Safepoint "G1Concurrent", Time since last: 46599200 ns, Reaching safepoint: 260700 ns, At safepoint: 3305400 ns, Total: 3566100 ns
[2022-05-19T09:59:44.530+0000][83][gc,marking     ] GC(319) Concurrent Mark 48.586ms
[2022-05-19T09:59:44.530+0000][83][gc,marking     ] GC(319) Concurrent Rebuild Remembered Sets
[2022-05-19T09:59:44.549+0000][83][gc,marking     ] GC(319) Concurrent Rebuild Remembered Sets 19.657ms
[2022-05-19T09:59:44.550+0000][83][gc,start       ] GC(319) Pause Cleanup
[2022-05-19T09:59:44.550+0000][83][gc             ] GC(319) Pause Cleanup 395M->395M(512M) 0.414ms
[2022-05-19T09:59:44.551+0000][83][gc,cpu         ] GC(319) User=0.00s Sys=0.00s Real=0.00s
[2022-05-19T09:59:44.551+0000][83][safepoint      ] Safepoint "G1Concurrent", Time since last: 20334300 ns, Reaching safepoint: 257200 ns, At safepoint: 866700 ns, Total: 1123900 ns
[2022-05-19T09:59:44.551+0000][83][gc,marking     ] GC(319) Concurrent Cleanup for Next Mark
[2022-05-19T09:59:44.551+0000][83][gc,marking     ] GC(319) Concurrent Cleanup for Next Mark 0.365ms
[2022-05-19T09:59:44.552+0000][83][gc             ] GC(319) Concurrent Mark Cycle 72.363ms
[2022-05-19T09:59:45.551+0000][83][safepoint      ] Safepoint "Cleanup", Time since last: 1000289700 ns, Reaching safepoint: 262800 ns, At safepoint: 22800 ns, Total: 285600 ns
[2022-05-19T09:59:45.625+0000][83][gc,start       ] GC(320) Pause Young (Normal) (G1 Evacuation Pause)
[2022-05-19T09:59:45.625+0000][83][gc,task        ] GC(320) Using 10 workers of 10 for evacuation
[2022-05-19T09:59:45.626+0000][83][gc,age         ] GC(320) Desired survivor size 4194304 bytes, new threshold 15 (max threshold 15)
[2022-05-19T09:59:45.628+0000][83][gc,age         ] GC(320) Age table with threshold 15 (max threshold 15)
[2022-05-19T09:59:45.628+0000][83][gc,age         ] GC(320) - age   1:    2886072 bytes,    2886072 total
[2022-05-19T09:59:45.628+0000][83][gc,age         ] GC(320) - age   3:         32 bytes,    2886104 total
[2022-05-19T09:59:45.629+0000][83][gc,age         ] GC(320) - age   7:         32 bytes,    2886136 total
[2022-05-19T09:59:45.629+0000][83][gc,age         ] GC(320) - age  11:       3952 bytes,    2890088 total
[2022-05-19T09:59:45.629+0000][83][gc,age         ] GC(320) - age  12:     557328 bytes,    3447416 total
[2022-05-19T09:59:45.629+0000][83][gc,age         ] GC(320) - age  13:     557512 bytes,    4004928 total
[2022-05-19T09:59:45.629+0000][83][gc,age         ] GC(320) - age  14:     689120 bytes,    4694048 total
[2022-05-19T09:59:45.629+0000][83][gc,age         ] GC(320) - age  15:     623080 bytes,    5317128 total
[2022-05-19T09:59:45.630+0000][83][gc,phases      ] GC(320)   Pre Evacuate Collection Set: 0.2ms
[2022-05-19T09:59:45.630+0000][83][gc,phases      ] GC(320)   Merge Heap Roots: 0.2ms
[2022-05-19T09:59:45.630+0000][83][gc,phases      ] GC(320)   Evacuate Collection Set: 1.1ms
[2022-05-19T09:59:45.630+0000][83][gc,phases      ] GC(320)   Post Evacuate Collection Set: 0.7ms
[2022-05-19T09:59:45.630+0000][83][gc,phases      ] GC(320)   Other: 2.5ms
[2022-05-19T09:59:45.630+0000][83][gc,heap        ] GC(320) Eden regions: 12->0(10)
[2022-05-19T09:59:45.631+0000][83][gc,heap        ] GC(320) Survivor regions: 1->2(2)
[2022-05-19T09:59:45.631+0000][83][gc,heap        ] GC(320) Old regions: 49->49
[2022-05-19T09:59:45.631+0000][83][gc,heap        ] GC(320) Archive regions: 2->2
[2022-05-19T09:59:45.631+0000][83][gc,heap        ] GC(320) Humongous regions: 43->43
[2022-05-19T09:59:45.631+0000][83][gc,metaspace   ] GC(320) Metaspace: 101021K(102528K)->101021K(102528K) NonClass: 87006K(87936K)->87006K(87936K) Class: 14015K(14592K)->14015K(14592K)
[2022-05-19T09:59:45.631+0000][83][gc             ] GC(320) Pause Young (Normal) (G1 Evacuation Pause) 418M->372M(512M) 6.400ms
[2022-05-19T09:59:45.632+0000][83][gc,cpu         ] GC(320) User=0.01s Sys=0.00s Real=0.01s
[2022-05-19T09:59:45.632+0000][83][safepoint      ] Safepoint "G1CollectForAllocation", Time since last: 73320200 ns, Reaching safepoint: 186200 ns, At safepoint: 6736000 ns, Total: 6922200 ns
[2022-05-19T09:59:45.918+0000][83][gc,start       ] GC(321) Pause Young (Concurrent Start) (G1 Evacuation Pause)
[2022-05-19T09:59:45.918+0000][83][gc,task        ] GC(321) Using 10 workers of 10 for evacuation
[2022-05-19T09:59:45.918+0000][83][gc,age         ] GC(321) Desired survivor size 4194304 bytes, new threshold 14 (max threshold 15)
[2022-05-19T09:59:45.922+0000][83][gc,age         ] GC(321) Age table with threshold 14 (max threshold 15)
[2022-05-19T09:59:45.922+0000][83][gc,age         ] GC(321) - age   1:    2518496 bytes,    2518496 total
[2022-05-19T09:59:45.922+0000][83][gc,age         ] GC(321) - age   2:    1014400 bytes,    3532896 total
[2022-05-19T09:59:45.923+0000][83][gc,age         ] GC(321) - age   4:         32 bytes,    3532928 total
[2022-05-19T09:59:45.923+0000][83][gc,age         ] GC(321) - age   8:         32 bytes,    3532960 total
[2022-05-19T09:59:45.923+0000][83][gc,age         ] GC(321) - age  12:       3952 bytes,    3536912 total
[2022-05-19T09:59:45.923+0000][83][gc,age         ] GC(321) - age  13:     557328 bytes,    4094240 total
[2022-05-19T09:59:45.923+0000][83][gc,age         ] GC(321) - age  14:     557512 bytes,    4651752 total
[2022-05-19T09:59:45.924+0000][83][gc,phases      ] GC(321)   Pre Evacuate Collection Set: 0.3ms
[2022-05-19T09:59:45.924+0000][83][gc,phases      ] GC(321)   Merge Heap Roots: 0.2ms
[2022-05-19T09:59:45.924+0000][83][gc,phases      ] GC(321)   Evacuate Collection Set: 1.9ms
[2022-05-19T09:59:45.924+0000][83][gc,phases      ] GC(321)   Post Evacuate Collection Set: 0.8ms
[2022-05-19T09:59:45.924+0000][83][gc,phases      ] GC(321)   Other: 2.9ms
[2022-05-19T09:59:45.925+0000][83][gc,heap        ] GC(321) Eden regions: 10->0(9)
[2022-05-19T09:59:45.925+0000][83][gc,heap        ] GC(321) Survivor regions: 2->2(2)
[2022-05-19T09:59:45.925+0000][83][gc,heap        ] GC(321) Old regions: 49->50
[2022-05-19T09:59:45.925+0000][83][gc,heap        ] GC(321) Archive regions: 2->2
[2022-05-19T09:59:45.925+0000][83][gc,heap        ] GC(321) Humongous regions: 43->43
[2022-05-19T09:59:45.925+0000][83][gc,metaspace   ] GC(321) Metaspace: 101021K(102528K)->101021K(102528K) NonClass: 87006K(87936K)->87006K(87936K) Class: 14015K(14592K)->14015K(14592K)
[2022-05-19T09:59:45.925+0000][83][gc             ] GC(321) Pause Young (Concurrent Start) (G1 Evacuation Pause) 412M->373M(512M) 7.696ms
[2022-05-19T09:59:45.926+0000][83][gc,cpu         ] GC(321) User=0.00s Sys=0.01s Real=0.01s
[2022-05-19T09:59:45.926+0000][83][gc             ] GC(322) Concurrent Mark Cycle
[2022-05-19T09:59:45.926+0000][83][gc,marking     ] GC(322) Concurrent Clear Claimed Marks
[2022-05-19T09:59:45.926+0000][83][safepoint      ] Safepoint "G1CollectForAllocation", Time since last: 285823800 ns, Reaching safepoint: 254300 ns, At safepoint: 8076200 ns, Total: 8330500 ns
[2022-05-19T09:59:45.926+0000][83][gc,marking     ] GC(322) Concurrent Clear Claimed Marks 0.247ms
[2022-05-19T09:59:45.926+0000][83][gc,marking     ] GC(322) Concurrent Scan Root Regions
[2022-05-19T09:59:45.928+0000][83][gc,marking     ] GC(322) Concurrent Scan Root Regions 1.221ms
[2022-05-19T09:59:45.928+0000][83][gc,marking     ] GC(322) Concurrent Mark
[2022-05-19T09:59:45.928+0000][83][gc,marking     ] GC(322) Concurrent Mark From Roots
[2022-05-19T09:59:45.928+0000][83][gc,task        ] GC(322) Using 3 workers of 3 for marking
[2022-05-19T09:59:45.971+0000][83][gc,marking     ] GC(322) Concurrent Mark From Roots 43.113ms
[2022-05-19T09:59:45.971+0000][83][gc,marking     ] GC(322) Concurrent Preclean
[2022-05-19T09:59:45.972+0000][83][gc,marking     ] GC(322) Concurrent Preclean 0.607ms
[2022-05-19T09:59:45.973+0000][83][gc,start       ] GC(322) Pause Remark
[2022-05-19T09:59:45.976+0000][83][gc             ] GC(322) Pause Remark 379M->163M(512M) 3.127ms
[2022-05-19T09:59:45.976+0000][83][gc,cpu         ] GC(322) User=0.02s Sys=0.00s Real=0.00s
[2022-05-19T09:59:45.976+0000][83][safepoint      ] Safepoint "G1Concurrent", Time since last: 46419800 ns, Reaching safepoint: 298500 ns, At safepoint: 3789100 ns, Total: 4087600 ns
[2022-05-19T09:59:45.977+0000][83][gc,marking     ] GC(322) Concurrent Mark 48.645ms
[2022-05-19T09:59:45.977+0000][83][gc,marking     ] GC(322) Concurrent Rebuild Remembered Sets
[2022-05-19T09:59:46.003+0000][83][gc,marking     ] GC(322) Concurrent Rebuild Remembered Sets 26.138ms
[2022-05-19T09:59:46.003+0000][83][gc,start       ] GC(322) Pause Cleanup
[2022-05-19T09:59:46.004+0000][83][gc             ] GC(322) Pause Cleanup 167M->167M(512M) 0.360ms
[2022-05-19T09:59:46.004+0000][83][gc,cpu         ] GC(322) User=0.00s Sys=0.00s Real=0.00s
[2022-05-19T09:59:46.004+0000][83][safepoint      ] Safepoint "G1Concurrent", Time since last: 26800700 ns, Reaching safepoint: 272800 ns, At safepoint: 669700 ns, Total: 942500 ns
[2022-05-19T09:59:46.004+0000][83][gc,marking     ] GC(322) Concurrent Cleanup for Next Mark
[2022-05-19T09:59:46.005+0000][83][gc,marking     ] GC(322) Concurrent Cleanup for Next Mark 0.478ms
[2022-05-19T09:59:46.005+0000][83][gc             ] GC(322) Concurrent Mark Cycle 79.163ms
[2022-05-19T09:59:46.208+0000][83][gc,start       ] GC(323) Pause Young (Prepare Mixed) (G1 Evacuation Pause)
[2022-05-19T09:59:46.208+0000][83][gc,task        ] GC(323) Using 10 workers of 10 for evacuation
[2022-05-19T09:59:46.209+0000][83][gc,age         ] GC(323) Desired survivor size 4194304 bytes, new threshold 14 (max threshold 15)
[2022-05-19T09:59:46.211+0000][83][gc,age         ] GC(323) Age table with threshold 14 (max threshold 15)
[2022-05-19T09:59:46.211+0000][83][gc,age         ] GC(323) - age   1:    3137264 bytes,    3137264 total
[2022-05-19T09:59:46.211+0000][83][gc,age         ] GC(323) - age   2:    1064952 bytes,    4202216 total
[2022-05-19T09:59:46.211+0000][83][gc,age         ] GC(323) - age   3:    1013784 bytes,    5216000 total
[2022-05-19T09:59:46.212+0000][83][gc,age         ] GC(323) - age   5:         32 bytes,    5216032 total
[2022-05-19T09:59:46.212+0000][83][gc,age         ] GC(323) - age   9:         32 bytes,    5216064 total
[2022-05-19T09:59:46.212+0000][83][gc,age         ] GC(323) - age  13:       3664 bytes,    5219728 total
[2022-05-19T09:59:46.212+0000][83][gc,phases      ] GC(323)   Pre Evacuate Collection Set: 0.2ms
[2022-05-19T09:59:46.212+0000][83][gc,phases      ] GC(323)   Merge Heap Roots: 0.1ms
[2022-05-19T09:59:46.213+0000][83][gc,phases      ] GC(323)   Evacuate Collection Set: 1.1ms
[2022-05-19T09:59:46.213+0000][83][gc,phases      ] GC(323)   Post Evacuate Collection Set: 0.6ms
[2022-05-19T09:59:46.213+0000][83][gc,phases      ] GC(323)   Other: 2.3ms
[2022-05-19T09:59:46.213+0000][83][gc,heap        ] GC(323) Eden regions: 9->0(4)
[2022-05-19T09:59:46.213+0000][83][gc,heap        ] GC(323) Survivor regions: 2->2(2)
[2022-05-19T09:59:46.213+0000][83][gc,heap        ] GC(323) Old regions: 33->33
[2022-05-19T09:59:46.214+0000][83][gc,heap        ] GC(323) Archive regions: 2->2
[2022-05-19T09:59:46.214+0000][83][gc,heap        ] GC(323) Humongous regions: 6->6
[2022-05-19T09:59:46.214+0000][83][gc,metaspace   ] GC(323) Metaspace: 101021K(102528K)->101021K(102528K) NonClass: 87006K(87936K)->87006K(87936K) Class: 14015K(14592K)->14015K(14592K)
[2022-05-19T09:59:46.214+0000][83][gc             ] GC(323) Pause Young (Prepare Mixed) (G1 Evacuation Pause) 193M->158M(512M) 6.089ms
[2022-05-19T09:59:46.214+0000][83][gc,cpu         ] GC(323) User=0.00s Sys=0.01s Real=0.01s
[2022-05-19T09:59:46.214+0000][83][safepoint      ] Safepoint "G1CollectForAllocation", Time since last: 203648800 ns, Reaching safepoint: 189700 ns, At safepoint: 6452800 ns, Total: 6642500 ns
[2022-05-19T09:59:46.321+0000][83][gc,start       ] GC(324) Pause Young (Mixed) (G1 Evacuation Pause)
[2022-05-19T09:59:46.322+0000][83][gc,task        ] GC(324) Using 10 workers of 10 for evacuation
[2022-05-19T09:59:46.322+0000][83][gc,age         ] GC(324) Desired survivor size 2097152 bytes, new threshold 1 (max threshold 15)
[2022-05-19T09:59:46.325+0000][83][gc,age         ] GC(324) Age table with threshold 1 (max threshold 15)
[2022-05-19T09:59:46.325+0000][83][gc,age         ] GC(324) - age   1:    3335856 bytes,    3335856 total
[2022-05-19T09:59:46.325+0000][83][gc,phases      ] GC(324)   Pre Evacuate Collection Set: 0.3ms
[2022-05-19T09:59:46.326+0000][83][gc,phases      ] GC(324)   Merge Heap Roots: 0.2ms
[2022-05-19T09:59:46.326+0000][83][gc,phases      ] GC(324)   Evacuate Collection Set: 1.6ms
[2022-05-19T09:59:46.326+0000][83][gc,phases      ] GC(324)   Post Evacuate Collection Set: 0.6ms
[2022-05-19T09:59:46.326+0000][83][gc,phases      ] GC(324)   Other: 1.5ms
[2022-05-19T09:59:46.326+0000][83][gc,heap        ] GC(324) Eden regions: 4->0(67)
[2022-05-19T09:59:46.327+0000][83][gc,heap        ] GC(324) Survivor regions: 2->1(1)
[2022-05-19T09:59:46.327+0000][83][gc,heap        ] GC(324) Old regions: 33->26
[2022-05-19T09:59:46.327+0000][83][gc,heap        ] GC(324) Archive regions: 2->2
[2022-05-19T09:59:46.327+0000][83][gc,heap        ] GC(324) Humongous regions: 6->6
[2022-05-19T09:59:46.327+0000][83][gc,metaspace   ] GC(324) Metaspace: 101021K(102528K)->101021K(102528K) NonClass: 87006K(87936K)->87006K(87936K) Class: 14015K(14592K)->14015K(14592K)
[2022-05-19T09:59:46.327+0000][83][gc             ] GC(324) Pause Young (Mixed) (G1 Evacuation Pause) 174M->129M(512M) 6.130ms
[2022-05-19T09:59:46.328+0000][83][gc,cpu         ] GC(324) User=0.02s Sys=0.00s Real=0.00s
[2022-05-19T09:59:46.328+0000][83][safepoint      ] Safepoint "G1CollectForAllocation", Time since last: 106712100 ns, Reaching safepoint: 183100 ns, At safepoint: 6495000 ns, Total: 6678100 ns
[2022-05-19T09:59:47.328+0000][83][safepoint      ] Safepoint "Cleanup", Time since last: 1000306900 ns, Reaching safepoint: 257600 ns, At safepoint: 20900 ns, Total: 278500 ns
[2022-05-19T09:59:48.329+0000][83][safepoint      ] Safepoint "Cleanup", Time since last: 1000449500 ns, Reaching safepoint: 304600 ns, At safepoint: 58000 ns, Total: 362600 ns
[2022-05-19T09:59:48.365+0000][83][gc,start       ] GC(325) Pause Young (Normal) (G1 Evacuation Pause)
[2022-05-19T09:59:48.365+0000][83][gc,task        ] GC(325) Using 10 workers of 10 for evacuation
[2022-05-19T09:59:48.365+0000][83][gc,age         ] GC(325) Desired survivor size 18874368 bytes, new threshold 15 (max threshold 15)
[2022-05-19T09:59:48.369+0000][83][gc,age         ] GC(325) Age table with threshold 15 (max threshold 15)
[2022-05-19T09:59:48.369+0000][83][gc,age         ] GC(325) - age   1:   11055792 bytes,   11055792 total
[2022-05-19T09:59:48.370+0000][83][gc,age         ] GC(325) - age   2:     393408 bytes,   11449200 total
[2022-05-19T09:59:48.370+0000][83][gc,phases      ] GC(325)   Pre Evacuate Collection Set: 0.3ms
[2022-05-19T09:59:48.370+0000][83][gc,phases      ] GC(325)   Merge Heap Roots: 0.3ms
[2022-05-19T09:59:48.370+0000][83][gc,phases      ] GC(325)   Evacuate Collection Set: 2.1ms
[2022-05-19T09:59:48.371+0000][83][gc,phases      ] GC(325)   Post Evacuate Collection Set: 0.8ms
[2022-05-19T09:59:48.371+0000][83][gc,phases      ] GC(325)   Other: 1.8ms
[2022-05-19T09:59:48.371+0000][83][gc,heap        ] GC(325) Eden regions: 67->0(60)
[2022-05-19T09:59:48.371+0000][83][gc,heap        ] GC(325) Survivor regions: 1->3(9)
[2022-05-19T09:59:48.371+0000][83][gc,heap        ] GC(325) Old regions: 26->26
[2022-05-19T09:59:48.372+0000][83][gc,heap        ] GC(325) Archive regions: 2->2
[2022-05-19T09:59:48.372+0000][83][gc,heap        ] GC(325) Humongous regions: 14->10
[2022-05-19T09:59:48.372+0000][83][gc,metaspace   ] GC(325) Metaspace: 101024K(102528K)->101024K(102528K) NonClass: 87009K(87936K)->87009K(87936K) Class: 14015K(14592K)->14015K(14592K)
[2022-05-19T09:59:48.372+0000][83][gc             ] GC(325) Pause Young (Normal) (G1 Evacuation Pause) 429M->153M(512M) 7.488ms
[2022-05-19T09:59:48.372+0000][83][gc,cpu         ] GC(325) User=0.03s Sys=0.00s Real=0.01s
[2022-05-19T09:59:48.373+0000][83][safepoint      ] Safepoint "G1CollectForAllocation", Time since last: 35214600 ns, Reaching safepoint: 308000 ns, At safepoint: 7939400 ns, Total: 8247400 ns
[2022-05-19T09:59:50.212+0000][83][gc,start       ] GC(326) Pause Young (Normal) (G1 Evacuation Pause)
[2022-05-19T09:59:50.213+0000][83][gc,task        ] GC(326) Using 10 workers of 10 for evacuation
[2022-05-19T09:59:50.213+0000][83][gc,age         ] GC(326) Desired survivor size 16777216 bytes, new threshold 15 (max threshold 15)
[2022-05-19T09:59:50.216+0000][83][gc,age         ] GC(326) Age table with threshold 15 (max threshold 15)
[2022-05-19T09:59:50.217+0000][83][gc,age         ] GC(326) - age   1:    5797360 bytes,    5797360 total
[2022-05-19T09:59:50.217+0000][83][gc,age         ] GC(326) - age   2:    8412224 bytes,   14209584 total
[2022-05-19T09:59:50.217+0000][83][gc,age         ] GC(326) - age   3:     393408 bytes,   14602992 total
[2022-05-19T09:59:50.217+0000][83][gc,phases      ] GC(326)   Pre Evacuate Collection Set: 0.3ms
[2022-05-19T09:59:50.218+0000][83][gc,phases      ] GC(326)   Merge Heap Roots: 0.2ms
[2022-05-19T09:59:50.218+0000][83][gc,phases      ] GC(326)   Evacuate Collection Set: 1.8ms
[2022-05-19T09:59:50.218+0000][83][gc,phases      ] GC(326)   Post Evacuate Collection Set: 0.7ms
[2022-05-19T09:59:50.218+0000][83][gc,phases      ] GC(326)   Other: 1.9ms
[2022-05-19T09:59:50.218+0000][83][gc,heap        ] GC(326) Eden regions: 60->0(60)
[2022-05-19T09:59:50.219+0000][83][gc,heap        ] GC(326) Survivor regions: 3->4(8)
[2022-05-19T09:59:50.219+0000][83][gc,heap        ] GC(326) Old regions: 26->26
[2022-05-19T09:59:50.219+0000][83][gc,heap        ] GC(326) Archive regions: 2->2
[2022-05-19T09:59:50.219+0000][83][gc,heap        ] GC(326) Humongous regions: 10->10
[2022-05-19T09:59:50.219+0000][83][gc,metaspace   ] GC(326) Metaspace: 101025K(102528K)->101025K(102528K) NonClass: 87010K(87936K)->87010K(87936K) Class: 14015K(14592K)->14015K(14592K)
[2022-05-19T09:59:50.220+0000][83][gc             ] GC(326) Pause Young (Normal) (G1 Evacuation Pause) 393M->156M(512M) 7.168ms
[2022-05-19T09:59:50.220+0000][83][gc,cpu         ] GC(326) User=0.03s Sys=0.00s Real=0.01s
[2022-05-19T09:59:50.220+0000][83][safepoint      ] Safepoint "G1CollectForAllocation", Time since last: 1839465100 ns, Reaching safepoint: 301700 ns, At safepoint: 7619700 ns, Total: 7921400 ns
[2022-05-19T09:59:50.752+0000][83][gc,start       ] GC(327) Pause Young (Concurrent Start) (G1 Humongous Allocation)
[2022-05-19T09:59:50.752+0000][83][gc,task        ] GC(327) Using 10 workers of 10 for evacuation
[2022-05-19T09:59:50.753+0000][83][gc,age         ] GC(327) Desired survivor size 16777216 bytes, new threshold 15 (max threshold 15)
[2022-05-19T09:59:50.756+0000][83][gc,age         ] GC(327) Age table with threshold 15 (max threshold 15)
[2022-05-19T09:59:50.757+0000][83][gc,age         ] GC(327) - age   1:     888800 bytes,     888800 total
[2022-05-19T09:59:50.757+0000][83][gc,age         ] GC(327) - age   2:    5795088 bytes,    6683888 total
[2022-05-19T09:59:50.757+0000][83][gc,age         ] GC(327) - age   3:    8408192 bytes,   15092080 total
[2022-05-19T09:59:50.757+0000][83][gc,age         ] GC(327) - age   4:     393408 bytes,   15485488 total
[2022-05-19T09:59:50.758+0000][83][gc,phases      ] GC(327)   Pre Evacuate Collection Set: 0.2ms
[2022-05-19T09:59:50.758+0000][83][gc,phases      ] GC(327)   Merge Heap Roots: 0.2ms
[2022-05-19T09:59:50.758+0000][83][gc,phases      ] GC(327)   Evacuate Collection Set: 2.3ms
[2022-05-19T09:59:50.758+0000][83][gc,phases      ] GC(327)   Post Evacuate Collection Set: 0.6ms
[2022-05-19T09:59:50.758+0000][83][gc,phases      ] GC(327)   Other: 2.3ms
[2022-05-19T09:59:50.759+0000][83][gc,heap        ] GC(327) Eden regions: 19->0(29)
[2022-05-19T09:59:50.759+0000][83][gc,heap        ] GC(327) Survivor regions: 4->4(8)
[2022-05-19T09:59:50.759+0000][83][gc,heap        ] GC(327) Old regions: 26->26
[2022-05-19T09:59:50.759+0000][83][gc,heap        ] GC(327) Archive regions: 2->2
[2022-05-19T09:59:50.759+0000][83][gc,heap        ] GC(327) Humongous regions: 10->10
[2022-05-19T09:59:50.759+0000][83][gc,metaspace   ] GC(327) Metaspace: 101026K(102528K)->101026K(102528K) NonClass: 87010K(87936K)->87010K(87936K) Class: 14015K(14592K)->14015K(14592K)
[2022-05-19T09:59:50.760+0000][83][gc             ] GC(327) Pause Young (Concurrent Start) (G1 Humongous Allocation) 232M->157M(512M) 7.462ms
[2022-05-19T09:59:50.760+0000][83][gc,cpu         ] GC(327) User=0.03s Sys=0.00s Real=0.01s
[2022-05-19T09:59:50.760+0000][83][safepoint      ] Safepoint "G1TryInitiateConcMark", Time since last: 531920400 ns, Reaching safepoint: 187200 ns, At safepoint: 7886200 ns, Total: 8073400 ns
[2022-05-19T09:59:50.760+0000][83][gc             ] GC(328) Concurrent Mark Cycle
[2022-05-19T09:59:50.760+0000][83][gc,marking     ] GC(328) Concurrent Clear Claimed Marks
[2022-05-19T09:59:50.761+0000][83][gc,marking     ] GC(328) Concurrent Clear Claimed Marks 0.191ms
[2022-05-19T09:59:50.761+0000][83][gc,marking     ] GC(328) Concurrent Scan Root Regions
[2022-05-19T09:59:50.762+0000][83][gc,marking     ] GC(328) Concurrent Scan Root Regions 0.940ms
[2022-05-19T09:59:50.762+0000][83][gc,marking     ] GC(328) Concurrent Mark
[2022-05-19T09:59:50.762+0000][83][gc,marking     ] GC(328) Concurrent Mark From Roots
[2022-05-19T09:59:50.762+0000][83][gc,task        ] GC(328) Using 3 workers of 3 for marking
[2022-05-19T09:59:50.807+0000][83][gc,marking     ] GC(328) Concurrent Mark From Roots 45.021ms
[2022-05-19T09:59:50.807+0000][83][gc,marking     ] GC(328) Concurrent Preclean
[2022-05-19T09:59:50.808+0000][83][gc,marking     ] GC(328) Concurrent Preclean 0.589ms
[2022-05-19T09:59:50.809+0000][83][gc,start       ] GC(328) Pause Remark
[2022-05-19T09:59:50.811+0000][83][gc             ] GC(328) Pause Remark 163M->163M(512M) 2.921ms
[2022-05-19T09:59:50.812+0000][83][gc,cpu         ] GC(328) User=0.01s Sys=0.01s Real=0.01s
[2022-05-19T09:59:50.812+0000][83][safepoint      ] Safepoint "G1Concurrent", Time since last: 48203400 ns, Reaching safepoint: 296000 ns, At safepoint: 3537400 ns, Total: 3833400 ns
[2022-05-19T09:59:50.812+0000][83][gc,marking     ] GC(328) Concurrent Mark 50.564ms
[2022-05-19T09:59:50.813+0000][83][gc,marking     ] GC(328) Concurrent Rebuild Remembered Sets
[2022-05-19T09:59:50.833+0000][83][gc,marking     ] GC(328) Concurrent Rebuild Remembered Sets 20.101ms
[2022-05-19T09:59:50.833+0000][83][gc,start       ] GC(328) Pause Cleanup
[2022-05-19T09:59:50.834+0000][83][gc             ] GC(328) Pause Cleanup 169M->169M(512M) 0.424ms
[2022-05-19T09:59:50.834+0000][83][gc,cpu         ] GC(328) User=0.01s Sys=0.00s Real=0.00s
[2022-05-19T09:59:50.834+0000][83][safepoint      ] Safepoint "G1Concurrent", Time since last: 20959100 ns, Reaching safepoint: 327800 ns, At safepoint: 952600 ns, Total: 1280400 ns
[2022-05-19T09:59:50.834+0000][83][gc,marking     ] GC(328) Concurrent Cleanup for Next Mark
[2022-05-19T09:59:50.835+0000][83][gc,marking     ] GC(328) Concurrent Cleanup for Next Mark 0.405ms
[2022-05-19T09:59:50.835+0000][83][gc             ] GC(328) Concurrent Mark Cycle 75.031ms
[2022-05-19T09:59:52.683+0000][83][gc,start       ] GC(329) Pause Young (Prepare Mixed) (G1 Evacuation Pause)
[2022-05-19T09:59:52.684+0000][83][gc,task        ] GC(329) Using 10 workers of 10 for evacuation
[2022-05-19T09:59:52.684+0000][83][gc,age         ] GC(329) Desired survivor size 18874368 bytes, new threshold 15 (max threshold 15)
[2022-05-19T09:59:52.688+0000][83][gc,age         ] GC(329) Age table with threshold 15 (max threshold 15)
[2022-05-19T09:59:52.688+0000][83][gc,age         ] GC(329) - age   1:    7257952 bytes,    7257952 total
[2022-05-19T09:59:52.688+0000][83][gc,age         ] GC(329) - age   2:     886384 bytes,    8144336 total
[2022-05-19T09:59:52.688+0000][83][gc,age         ] GC(329) - age   3:    2823608 bytes,   10967944 total
[2022-05-19T09:59:52.688+0000][83][gc,age         ] GC(329) - age   4:    8249848 bytes,   19217792 total
[2022-05-19T09:59:52.689+0000][83][gc,age         ] GC(329) - age   5:     393408 bytes,   19611200 total
[2022-05-19T09:59:52.689+0000][83][gc,phases      ] GC(329)   Pre Evacuate Collection Set: 0.2ms
[2022-05-19T09:59:52.689+0000][83][gc,phases      ] GC(329)   Merge Heap Roots: 0.1ms
[2022-05-19T09:59:52.689+0000][83][gc,phases      ] GC(329)   Evacuate Collection Set: 2.6ms
[2022-05-19T09:59:52.689+0000][83][gc,phases      ] GC(329)   Post Evacuate Collection Set: 0.8ms
[2022-05-19T09:59:52.689+0000][83][gc,phases      ] GC(329)   Other: 1.8ms
[2022-05-19T09:59:52.689+0000][83][gc,heap        ] GC(329) Eden regions: 61->0(1)
[2022-05-19T09:59:52.690+0000][83][gc,heap        ] GC(329) Survivor regions: 4->5(9)
[2022-05-19T09:59:52.690+0000][83][gc,heap        ] GC(329) Old regions: 26->26
[2022-05-19T09:59:52.690+0000][83][gc,heap        ] GC(329) Archive regions: 2->2
[2022-05-19T09:59:52.690+0000][83][gc,heap        ] GC(329) Humongous regions: 19->10
[2022-05-19T09:59:52.690+0000][83][gc,metaspace   ] GC(329) Metaspace: 101027K(102528K)->101027K(102528K) NonClass: 87012K(87936K)->87012K(87936K) Class: 14015K(14592K)->14015K(14592K)
[2022-05-19T09:59:52.690+0000][83][gc             ] GC(329) Pause Young (Prepare Mixed) (G1 Evacuation Pause) 437M->161M(512M) 6.932ms
[2022-05-19T09:59:52.690+0000][83][gc,cpu         ] GC(329) User=0.03s Sys=0.00s Real=0.01s
[2022-05-19T09:59:52.691+0000][83][safepoint      ] Safepoint "G1CollectForAllocation", Time since last: 1848828800 ns, Reaching safepoint: 189000 ns, At safepoint: 7280400 ns, Total: 7469400 ns
[2022-05-19T09:59:52.720+0000][83][gc,start       ] GC(330) Pause Young (Mixed) (G1 Evacuation Pause)
[2022-05-19T09:59:52.721+0000][83][gc,task        ] GC(330) Using 10 workers of 10 for evacuation
[2022-05-19T09:59:52.721+0000][83][gc,age         ] GC(330) Desired survivor size 2097152 bytes, new threshold 1 (max threshold 15)
[2022-05-19T09:59:52.725+0000][83][gc,age         ] GC(330) Age table with threshold 1 (max threshold 15)
[2022-05-19T09:59:52.725+0000][83][gc,age         ] GC(330) - age   1:      33120 bytes,      33120 total
[2022-05-19T09:59:52.725+0000][83][gc,phases      ] GC(330)   Pre Evacuate Collection Set: 0.2ms
[2022-05-19T09:59:52.726+0000][83][gc,phases      ] GC(330)   Merge Heap Roots: 0.1ms
[2022-05-19T09:59:52.726+0000][83][gc,phases      ] GC(330)   Evacuate Collection Set: 2.6ms
[2022-05-19T09:59:52.726+0000][83][gc,phases      ] GC(330)   Post Evacuate Collection Set: 0.6ms
[2022-05-19T09:59:52.726+0000][83][gc,phases      ] GC(330)   Other: 1.6ms
[2022-05-19T09:59:52.727+0000][83][gc,heap        ] GC(330) Eden regions: 1->0(59)
[2022-05-19T09:59:52.727+0000][83][gc,heap        ] GC(330) Survivor regions: 5->1(1)
[2022-05-19T09:59:52.727+0000][83][gc,heap        ] GC(330) Old regions: 26->30
[2022-05-19T09:59:52.727+0000][83][gc,heap        ] GC(330) Archive regions: 2->2
[2022-05-19T09:59:52.727+0000][83][gc,heap        ] GC(330) Humongous regions: 10->10
[2022-05-19T09:59:52.728+0000][83][gc,metaspace   ] GC(330) Metaspace: 101027K(102528K)->101027K(102528K) NonClass: 87012K(87936K)->87012K(87936K) Class: 14015K(14592K)->14015K(14592K)
[2022-05-19T09:59:52.728+0000][83][gc             ] GC(330) Pause Young (Mixed) (G1 Evacuation Pause) 165M->158M(512M) 7.580ms
[2022-05-19T09:59:52.728+0000][83][gc,cpu         ] GC(330) User=0.02s Sys=0.00s Real=0.00s
[2022-05-19T09:59:52.728+0000][83][safepoint      ] Safepoint "G1CollectForAllocation", Time since last: 29318000 ns, Reaching safepoint: 261100 ns, At safepoint: 7914700 ns, Total: 8175800 ns
[2022-05-19T09:59:53.729+0000][83][safepoint      ] Safepoint "Cleanup", Time since last: 1000297700 ns, Reaching safepoint: 315600 ns, At safepoint: 54600 ns, Total: 370200 ns
[2022-05-19T09:59:54.533+0000][83][gc,start       ] GC(331) Pause Young (Normal) (G1 Evacuation Pause)
[2022-05-19T09:59:54.533+0000][83][gc,task        ] GC(331) Using 10 workers of 10 for evacuation
[2022-05-19T09:59:54.533+0000][83][gc,age         ] GC(331) Desired survivor size 16777216 bytes, new threshold 15 (max threshold 15)
[2022-05-19T09:59:54.536+0000][83][gc,age         ] GC(331) Age table with threshold 15 (max threshold 15)
[2022-05-19T09:59:54.536+0000][83][gc,age         ] GC(331) - age   1:    2705768 bytes,    2705768 total
[2022-05-19T09:59:54.536+0000][83][gc,age         ] GC(331) - age   2:      32784 bytes,    2738552 total
[2022-05-19T09:59:54.536+0000][83][gc,phases      ] GC(331)   Pre Evacuate Collection Set: 0.2ms
[2022-05-19T09:59:54.536+0000][83][gc,phases      ] GC(331)   Merge Heap Roots: 0.2ms
[2022-05-19T09:59:54.537+0000][83][gc,phases      ] GC(331)   Evacuate Collection Set: 0.8ms
[2022-05-19T09:59:54.537+0000][83][gc,phases      ] GC(331)   Post Evacuate Collection Set: 0.6ms
[2022-05-19T09:59:54.537+0000][83][gc,phases      ] GC(331)   Other: 1.7ms
[2022-05-19T09:59:54.537+0000][83][gc,heap        ] GC(331) Eden regions: 59->0(59)
[2022-05-19T09:59:54.537+0000][83][gc,heap        ] GC(331) Survivor regions: 1->1(8)
[2022-05-19T09:59:54.537+0000][83][gc,heap        ] GC(331) Old regions: 30->30
[2022-05-19T09:59:54.537+0000][83][gc,heap        ] GC(331) Archive regions: 2->2
[2022-05-19T09:59:54.537+0000][83][gc,heap        ] GC(331) Humongous regions: 12->11
[2022-05-19T09:59:54.538+0000][83][gc,metaspace   ] GC(331) Metaspace: 101031K(102528K)->101031K(102528K) NonClass: 87015K(87936K)->87015K(87936K) Class: 14015K(14592K)->14015K(14592K)
[2022-05-19T09:59:54.538+0000][83][gc             ] GC(331) Pause Young (Normal) (G1 Evacuation Pause) 402M->165M(512M) 5.071ms
[2022-05-19T09:59:54.538+0000][83][gc,cpu         ] GC(331) User=0.01s Sys=0.00s Real=0.00s
[2022-05-19T09:59:54.538+0000][83][safepoint      ] Safepoint "G1CollectForAllocation", Time since last: 803650700 ns, Reaching safepoint: 271100 ns, At safepoint: 5387400 ns, Total: 5658500 ns
[2022-05-19T09:59:55.538+0000][83][safepoint      ] Safepoint "Cleanup", Time since last: 1000219600 ns, Reaching safepoint: 190400 ns, At safepoint: 31700 ns, Total: 222100 ns
[2022-05-19T09:59:56.744+0000][83][gc,start       ] GC(332) Pause Young (Normal) (G1 Evacuation Pause)
[2022-05-19T09:59:56.744+0000][83][gc,task        ] GC(332) Using 10 workers of 10 for evacuation
[2022-05-19T09:59:56.744+0000][83][gc,age         ] GC(332) Desired survivor size 16777216 bytes, new threshold 15 (max threshold 15)
[2022-05-19T09:59:56.747+0000][83][gc,age         ] GC(332) Age table with threshold 15 (max threshold 15)
[2022-05-19T09:59:56.747+0000][83][gc,age         ] GC(332) - age   1:    4114184 bytes,    4114184 total
[2022-05-19T09:59:56.747+0000][83][gc,age         ] GC(332) - age   2:    2630888 bytes,    6745072 total
[2022-05-19T09:59:56.748+0000][83][gc,age         ] GC(332) - age   3:      32784 bytes,    6777856 total
[2022-05-19T09:59:56.748+0000][83][gc,phases      ] GC(332)   Pre Evacuate Collection Set: 0.2ms
[2022-05-19T09:59:56.748+0000][83][gc,phases      ] GC(332)   Merge Heap Roots: 0.1ms
[2022-05-19T09:59:56.748+0000][83][gc,phases      ] GC(332)   Evacuate Collection Set: 1.3ms
[2022-05-19T09:59:56.748+0000][83][gc,phases      ] GC(332)   Post Evacuate Collection Set: 0.7ms
[2022-05-19T09:59:56.748+0000][83][gc,phases      ] GC(332)   Other: 1.6ms
[2022-05-19T09:59:56.748+0000][83][gc,heap        ] GC(332) Eden regions: 59->0(58)
[2022-05-19T09:59:56.748+0000][83][gc,heap        ] GC(332) Survivor regions: 1->2(8)
[2022-05-19T09:59:56.749+0000][83][gc,heap        ] GC(332) Old regions: 30->30
[2022-05-19T09:59:56.749+0000][83][gc,heap        ] GC(332) Archive regions: 2->2
[2022-05-19T09:59:56.749+0000][83][gc,heap        ] GC(332) Humongous regions: 11->11
[2022-05-19T09:59:56.749+0000][83][gc,metaspace   ] GC(332) Metaspace: 101198K(102720K)->101198K(102720K) NonClass: 87163K(88064K)->87163K(88064K) Class: 14035K(14656K)->14035K(14656K)
[2022-05-19T09:59:56.749+0000][83][gc             ] GC(332) Pause Young (Normal) (G1 Evacuation Pause) 401M->169M(512M) 5.206ms
[2022-05-19T09:59:56.749+0000][83][gc,cpu         ] GC(332) User=0.02s Sys=0.00s Real=0.01s
[2022-05-19T09:59:56.749+0000][83][safepoint      ] Safepoint "G1CollectForAllocation", Time since last: 1204132100 ns, Reaching safepoint: 1165300 ns, At safepoint: 5565600 ns, Total: 6730900 ns
[2022-05-19T09:59:57.142+0000][83][gc,start       ] GC(333) Pause Young (Concurrent Start) (G1 Humongous Allocation)
[2022-05-19T09:59:57.142+0000][83][gc,task        ] GC(333) Using 10 workers of 10 for evacuation
[2022-05-19T09:59:57.142+0000][83][gc,age         ] GC(333) Desired survivor size 16777216 bytes, new threshold 15 (max threshold 15)
[2022-05-19T09:59:57.145+0000][83][gc,age         ] GC(333) Age table with threshold 15 (max threshold 15)
[2022-05-19T09:59:57.146+0000][83][gc,age         ] GC(333) - age   1:    5402584 bytes,    5402584 total
[2022-05-19T09:59:57.146+0000][83][gc,age         ] GC(333) - age   2:    3134400 bytes,    8536984 total
[2022-05-19T09:59:57.146+0000][83][gc,age         ] GC(333) - age   3:    2630888 bytes,   11167872 total
[2022-05-19T09:59:57.146+0000][83][gc,age         ] GC(333) - age   4:      32784 bytes,   11200656 total
[2022-05-19T09:59:57.146+0000][83][gc,phases      ] GC(333)   Pre Evacuate Collection Set: 0.3ms
[2022-05-19T09:59:57.146+0000][83][gc,phases      ] GC(333)   Merge Heap Roots: 0.2ms
[2022-05-19T09:59:57.147+0000][83][gc,phases      ] GC(333)   Evacuate Collection Set: 1.9ms
[2022-05-19T09:59:57.147+0000][83][gc,phases      ] GC(333)   Post Evacuate Collection Set: 0.8ms
[2022-05-19T09:59:57.147+0000][83][gc,phases      ] GC(333)   Other: 1.6ms
[2022-05-19T09:59:57.147+0000][83][gc,heap        ] GC(333) Eden regions: 18->0(57)
[2022-05-19T09:59:57.147+0000][83][gc,heap        ] GC(333) Survivor regions: 2->3(8)
[2022-05-19T09:59:57.147+0000][83][gc,heap        ] GC(333) Old regions: 30->30
[2022-05-19T09:59:57.147+0000][83][gc,heap        ] GC(333) Archive regions: 2->2
[2022-05-19T09:59:57.147+0000][83][gc,heap        ] GC(333) Humongous regions: 11->11
[2022-05-19T09:59:57.148+0000][83][gc,metaspace   ] GC(333) Metaspace: 101213K(102720K)->101213K(102720K) NonClass: 87177K(88064K)->87177K(88064K) Class: 14035K(14656K)->14035K(14656K)
[2022-05-19T09:59:57.148+0000][83][gc             ] GC(333) Pause Young (Concurrent Start) (G1 Humongous Allocation) 240M->173M(512M) 6.208ms
[2022-05-19T09:59:57.148+0000][83][gc,cpu         ] GC(333) User=0.02s Sys=0.00s Real=0.00s
[2022-05-19T09:59:57.148+0000][83][gc             ] GC(334) Concurrent Mark Cycle
[2022-05-19T09:59:57.148+0000][83][gc,marking     ] GC(334) Concurrent Clear Claimed Marks
[2022-05-19T09:59:57.148+0000][83][safepoint      ] Safepoint "G1TryInitiateConcMark", Time since last: 391830100 ns, Reaching safepoint: 313400 ns, At safepoint: 6587900 ns, Total: 6901300 ns
[2022-05-19T09:59:57.148+0000][83][gc,marking     ] GC(334) Concurrent Clear Claimed Marks 0.249ms
[2022-05-19T09:59:57.149+0000][83][gc,marking     ] GC(334) Concurrent Scan Root Regions
[2022-05-19T09:59:57.150+0000][83][gc,marking     ] GC(334) Concurrent Scan Root Regions 1.323ms
[2022-05-19T09:59:57.150+0000][83][gc,marking     ] GC(334) Concurrent Mark
[2022-05-19T09:59:57.150+0000][83][gc,marking     ] GC(334) Concurrent Mark From Roots
[2022-05-19T09:59:57.150+0000][83][gc,task        ] GC(334) Using 3 workers of 3 for marking
[2022-05-19T09:59:57.203+0000][83][gc,marking     ] GC(334) Concurrent Mark From Roots 53.102ms
[2022-05-19T09:59:57.204+0000][83][gc,marking     ] GC(334) Concurrent Preclean
[2022-05-19T09:59:57.204+0000][83][gc,marking     ] GC(334) Concurrent Preclean 0.510ms
[2022-05-19T09:59:57.205+0000][83][gc,start       ] GC(334) Pause Remark
[2022-05-19T09:59:57.207+0000][83][gc             ] GC(334) Pause Remark 200M->180M(512M) 2.740ms
[2022-05-19T09:59:57.207+0000][83][gc,cpu         ] GC(334) User=0.02s Sys=0.00s Real=0.00s
[2022-05-19T09:59:57.208+0000][83][safepoint      ] Safepoint "G1Concurrent", Time since last: 56151100 ns, Reaching safepoint: 283700 ns, At safepoint: 3132700 ns, Total: 3416400 ns
[2022-05-19T09:59:57.208+0000][83][gc,marking     ] GC(334) Concurrent Mark 57.706ms
[2022-05-19T09:59:57.208+0000][83][gc,marking     ] GC(334) Concurrent Rebuild Remembered Sets
[2022-05-19T09:59:57.234+0000][83][gc,marking     ] GC(334) Concurrent Rebuild Remembered Sets 26.243ms
[2022-05-19T09:59:57.235+0000][83][gc,start       ] GC(334) Pause Cleanup
[2022-05-19T09:59:57.235+0000][83][gc             ] GC(334) Pause Cleanup 183M->183M(512M) 0.399ms
[2022-05-19T09:59:57.235+0000][83][gc,cpu         ] GC(334) User=0.00s Sys=0.00s Real=0.00s
[2022-05-19T09:59:57.236+0000][83][safepoint      ] Safepoint "G1Concurrent", Time since last: 26970800 ns, Reaching safepoint: 297000 ns, At safepoint: 745700 ns, Total: 1042700 ns
[2022-05-19T09:59:57.236+0000][83][gc,marking     ] GC(334) Concurrent Cleanup for Next Mark
[2022-05-19T09:59:57.236+0000][83][gc,marking     ] GC(334) Concurrent Cleanup for Next Mark 0.421ms
[2022-05-19T09:59:57.237+0000][83][gc             ] GC(334) Concurrent Mark Cycle 88.443ms
[2022-05-19T09:59:57.563+0000][83][gc,start       ] GC(335) Pause Young (Prepare Mixed) (G1 Preventive Collection)
[2022-05-19T09:59:57.563+0000][83][gc,task        ] GC(335) Using 10 workers of 10 for evacuation
[2022-05-19T09:59:57.563+0000][83][gc,age         ] GC(335) Desired survivor size 16777216 bytes, new threshold 15 (max threshold 15)
[2022-05-19T09:59:57.566+0000][83][gc,age         ] GC(335) Age table with threshold 15 (max threshold 15)
[2022-05-19T09:59:57.566+0000][83][gc,age         ] GC(335) - age   1:    5957528 bytes,    5957528 total
[2022-05-19T09:59:57.566+0000][83][gc,age         ] GC(335) - age   2:    1910704 bytes,    7868232 total
[2022-05-19T09:59:57.566+0000][83][gc,age         ] GC(335) - age   3:    2819984 bytes,   10688216 total
[2022-05-19T09:59:57.566+0000][83][gc,age         ] GC(335) - age   4:         96 bytes,   10688312 total
[2022-05-19T09:59:57.567+0000][83][gc,phases      ] GC(335)   Pre Evacuate Collection Set: 0.2ms
[2022-05-19T09:59:57.567+0000][83][gc,phases      ] GC(335)   Merge Heap Roots: 0.1ms
[2022-05-19T09:59:57.567+0000][83][gc,phases      ] GC(335)   Evacuate Collection Set: 1.6ms
[2022-05-19T09:59:57.567+0000][83][gc,phases      ] GC(335)   Post Evacuate Collection Set: 0.6ms
[2022-05-19T09:59:57.567+0000][83][gc,phases      ] GC(335)   Other: 1.2ms
[2022-05-19T09:59:57.567+0000][83][gc,heap        ] GC(335) Eden regions: 20->0(3)
[2022-05-19T09:59:57.567+0000][83][gc,heap        ] GC(335) Survivor regions: 3->3(8)
[2022-05-19T09:59:57.567+0000][83][gc,heap        ] GC(335) Old regions: 30->30
[2022-05-19T09:59:57.567+0000][83][gc,heap        ] GC(335) Archive regions: 2->2
[2022-05-19T09:59:57.568+0000][83][gc,heap        ] GC(335) Humongous regions: 63->13
[2022-05-19T09:59:57.568+0000][83][gc,metaspace   ] GC(335) Metaspace: 101241K(102784K)->101241K(102784K) NonClass: 87205K(88128K)->87205K(88128K) Class: 14035K(14656K)->14035K(14656K)
[2022-05-19T09:59:57.568+0000][83][gc             ] GC(335) Pause Young (Prepare Mixed) (G1 Preventive Collection) 461M->180M(512M) 4.990ms
[2022-05-19T09:59:57.568+0000][83][gc,cpu         ] GC(335) User=0.01s Sys=0.00s Real=0.00s
[2022-05-19T09:59:57.568+0000][83][safepoint      ] Safepoint "G1CollectForAllocation", Time since last: 326872700 ns, Reaching safepoint: 290600 ns, At safepoint: 5298200 ns, Total: 5588800 ns
[2022-05-19T09:59:57.594+0000][83][gc,start       ] GC(336) Pause Young (Mixed) (G1 Evacuation Pause)
[2022-05-19T09:59:57.594+0000][83][gc,task        ] GC(336) Using 10 workers of 10 for evacuation
[2022-05-19T09:59:57.595+0000][83][gc,age         ] GC(336) Desired survivor size 2097152 bytes, new threshold 1 (max threshold 15)
[2022-05-19T09:59:57.598+0000][83][gc,age         ] GC(336) Age table with threshold 1 (max threshold 15)
[2022-05-19T09:59:57.598+0000][83][gc,age         ] GC(336) - age   1:    4100600 bytes,    4100600 total
[2022-05-19T09:59:57.598+0000][83][gc,phases      ] GC(336)   Pre Evacuate Collection Set: 0.2ms
[2022-05-19T09:59:57.599+0000][83][gc,phases      ] GC(336)   Merge Heap Roots: 0.2ms
[2022-05-19T09:59:57.599+0000][83][gc,phases      ] GC(336)   Evacuate Collection Set: 2.1ms
[2022-05-19T09:59:57.599+0000][83][gc,phases      ] GC(336)   Post Evacuate Collection Set: 0.7ms
[2022-05-19T09:59:57.599+0000][83][gc,phases      ] GC(336)   Other: 1.0ms
[2022-05-19T09:59:57.599+0000][83][gc,heap        ] GC(336) Eden regions: 3->0(46)
[2022-05-19T09:59:57.599+0000][83][gc,heap        ] GC(336) Survivor regions: 3->1(1)
[2022-05-19T09:59:57.600+0000][83][gc,heap        ] GC(336) Old regions: 30->31
[2022-05-19T09:59:57.600+0000][83][gc,heap        ] GC(336) Archive regions: 2->2
[2022-05-19T09:59:57.600+0000][83][gc,heap        ] GC(336) Humongous regions: 44->16
[2022-05-19T09:59:57.600+0000][83][gc,metaspace   ] GC(336) Metaspace: 101243K(102784K)->101243K(102784K) NonClass: 87207K(88128K)->87207K(88128K) Class: 14035K(14656K)->14035K(14656K)
[2022-05-19T09:59:57.600+0000][83][gc             ] GC(336) Pause Young (Mixed) (G1 Evacuation Pause) 316M->189M(512M) 5.830ms
[2022-05-19T09:59:57.600+0000][83][gc,cpu         ] GC(336) User=0.03s Sys=0.00s Real=0.01s
[2022-05-19T09:59:57.600+0000][83][safepoint      ] Safepoint "G1CollectForAllocation", Time since last: 25702900 ns, Reaching safepoint: 281800 ns, At safepoint: 6140200 ns, Total: 6422000 ns
[2022-05-19T09:59:58.604+0000][83][safepoint      ] Safepoint "Cleanup", Time since last: 1000242200 ns, Reaching safepoint: 3384500 ns, At safepoint: 32600 ns, Total: 3417100 ns
[2022-05-19T10:00:00.605+0000][83][safepoint      ] Safepoint "Cleanup", Time since last: 2000373100 ns, Reaching safepoint: 232800 ns, At safepoint: 27900 ns, Total: 260700 ns
[2022-05-19T10:00:01.423+0000][83][gc,start       ] GC(337) Pause Young (Normal) (G1 Evacuation Pause)
[2022-05-19T10:00:01.423+0000][83][gc,task        ] GC(337) Using 10 workers of 10 for evacuation
[2022-05-19T10:00:01.423+0000][83][gc,age         ] GC(337) Desired survivor size 12582912 bytes, new threshold 15 (max threshold 15)
[2022-05-19T10:00:01.429+0000][83][gc,age         ] GC(337) Age table with threshold 15 (max threshold 15)
[2022-05-19T10:00:01.429+0000][83][gc,age         ] GC(337) - age   1:   22723824 bytes,   22723824 total
[2022-05-19T10:00:01.429+0000][83][gc,age         ] GC(337) - age   2:      70200 bytes,   22794024 total
[2022-05-19T10:00:01.429+0000][83][gc,phases      ] GC(337)   Pre Evacuate Collection Set: 0.3ms
[2022-05-19T10:00:01.430+0000][83][gc,phases      ] GC(337)   Merge Heap Roots: 0.2ms
[2022-05-19T10:00:01.430+0000][83][gc,phases      ] GC(337)   Evacuate Collection Set: 4.4ms
[2022-05-19T10:00:01.430+0000][83][gc,phases      ] GC(337)   Post Evacuate Collection Set: 0.8ms
[2022-05-19T10:00:01.430+0000][83][gc,phases      ] GC(337)   Other: 1.2ms
[2022-05-19T10:00:01.430+0000][83][gc,heap        ] GC(337) Eden regions: 46->0(35)
[2022-05-19T10:00:01.430+0000][83][gc,heap        ] GC(337) Survivor regions: 1->6(6)
[2022-05-19T10:00:01.430+0000][83][gc,heap        ] GC(337) Old regions: 31->34
[2022-05-19T10:00:01.431+0000][83][gc,heap        ] GC(337) Archive regions: 2->2
[2022-05-19T10:00:01.431+0000][83][gc,heap        ] GC(337) Humongous regions: 25->16
[2022-05-19T10:00:01.431+0000][83][gc,metaspace   ] GC(337) Metaspace: 101366K(102848K)->101366K(102848K) NonClass: 87324K(88192K)->87324K(88192K) Class: 14041K(14656K)->14041K(14656K)
[2022-05-19T10:00:01.431+0000][83][gc             ] GC(337) Pause Young (Normal) (G1 Evacuation Pause) 409M->222M(512M) 8.479ms
[2022-05-19T10:00:01.431+0000][83][gc,cpu         ] GC(337) User=0.05s Sys=0.00s Real=0.01s
[2022-05-19T10:00:01.431+0000][83][safepoint      ] Safepoint "G1CollectForAllocation", Time since last: 817491700 ns, Reaching safepoint: 298400 ns, At safepoint: 8883000 ns, Total: 9181400 ns
[2022-05-19T10:00:01.981+0000][83][gc,start       ] GC(338) Pause Young (Normal) (G1 Evacuation Pause)
[2022-05-19T10:00:01.981+0000][83][gc,task        ] GC(338) Using 10 workers of 10 for evacuation
[2022-05-19T10:00:01.982+0000][83][gc,age         ] GC(338) Desired survivor size 12582912 bytes, new threshold 1 (max threshold 15)
[2022-05-19T10:00:01.986+0000][83][gc,age         ] GC(338) Age table with threshold 1 (max threshold 15)
[2022-05-19T10:00:01.986+0000][83][gc,age         ] GC(338) - age   1:      72616 bytes,      72616 total
[2022-05-19T10:00:01.986+0000][83][gc,phases      ] GC(338)   Pre Evacuate Collection Set: 0.2ms
[2022-05-19T10:00:01.986+0000][83][gc,phases      ] GC(338)   Merge Heap Roots: 0.1ms
[2022-05-19T10:00:01.987+0000][83][gc,phases      ] GC(338)   Evacuate Collection Set: 2.7ms
[2022-05-19T10:00:01.987+0000][83][gc,phases      ] GC(338)   Post Evacuate Collection Set: 0.7ms
[2022-05-19T10:00:01.987+0000][83][gc,phases      ] GC(338)   Other: 1.2ms
[2022-05-19T10:00:01.987+0000][83][gc,heap        ] GC(338) Eden regions: 35->0(36)
[2022-05-19T10:00:01.987+0000][83][gc,heap        ] GC(338) Survivor regions: 6->1(6)
[2022-05-19T10:00:01.988+0000][83][gc,heap        ] GC(338) Old regions: 34->40
[2022-05-19T10:00:01.988+0000][83][gc,heap        ] GC(338) Archive regions: 2->2
[2022-05-19T10:00:01.988+0000][83][gc,heap        ] GC(338) Humongous regions: 16->16
[2022-05-19T10:00:01.988+0000][83][gc,metaspace   ] GC(338) Metaspace: 101370K(102848K)->101370K(102848K) NonClass: 87328K(88192K)->87328K(88192K) Class: 14041K(14656K)->14041K(14656K)
[2022-05-19T10:00:01.988+0000][83][gc             ] GC(338) Pause Young (Normal) (G1 Evacuation Pause) 362M->223M(512M) 6.875ms
[2022-05-19T10:00:01.988+0000][83][gc,cpu         ] GC(338) User=0.03s Sys=0.00s Real=0.00s
[2022-05-19T10:00:01.988+0000][83][safepoint      ] Safepoint "G1CollectForAllocation", Time since last: 549617300 ns, Reaching safepoint: 180400 ns, At safepoint: 7181800 ns, Total: 7362200 ns
[2022-05-19T10:00:02.800+0000][83][gc,start       ] GC(339) Pause Young (Concurrent Start) (G1 Evacuation Pause)
[2022-05-19T10:00:02.800+0000][83][gc,task        ] GC(339) Using 10 workers of 10 for evacuation
[2022-05-19T10:00:02.800+0000][83][gc,age         ] GC(339) Desired survivor size 10485760 bytes, new threshold 15 (max threshold 15)
[2022-05-19T10:00:02.802+0000][83][gc,age         ] GC(339) Age table with threshold 15 (max threshold 15)
[2022-05-19T10:00:02.803+0000][83][gc,age         ] GC(339) - age   1:      92144 bytes,      92144 total
[2022-05-19T10:00:02.803+0000][83][gc,age         ] GC(339) - age   2:      39000 bytes,     131144 total
[2022-05-19T10:00:02.803+0000][83][gc,phases      ] GC(339)   Pre Evacuate Collection Set: 0.3ms
[2022-05-19T10:00:02.803+0000][83][gc,phases      ] GC(339)   Merge Heap Roots: 0.2ms
[2022-05-19T10:00:02.804+0000][83][gc,phases      ] GC(339)   Evacuate Collection Set: 0.9ms
[2022-05-19T10:00:02.804+0000][83][gc,phases      ] GC(339)   Post Evacuate Collection Set: 0.6ms
[2022-05-19T10:00:02.804+0000][83][gc,phases      ] GC(339)   Other: 1.4ms
[2022-05-19T10:00:02.804+0000][83][gc,heap        ] GC(339) Eden regions: 36->0(39)
[2022-05-19T10:00:02.804+0000][83][gc,heap        ] GC(339) Survivor regions: 1->1(5)
[2022-05-19T10:00:02.805+0000][83][gc,heap        ] GC(339) Old regions: 40->40
[2022-05-19T10:00:02.805+0000][83][gc,heap        ] GC(339) Archive regions: 2->2
[2022-05-19T10:00:02.805+0000][83][gc,heap        ] GC(339) Humongous regions: 16->16
[2022-05-19T10:00:02.805+0000][83][gc,metaspace   ] GC(339) Metaspace: 101370K(102848K)->101370K(102848K) NonClass: 87328K(88192K)->87328K(88192K) Class: 14041K(14656K)->14041K(14656K)
[2022-05-19T10:00:02.805+0000][83][gc             ] GC(339) Pause Young (Concurrent Start) (G1 Evacuation Pause) 367M->223M(512M) 5.632ms
[2022-05-19T10:00:02.806+0000][83][gc,cpu         ] GC(339) User=0.01s Sys=0.00s Real=0.00s
[2022-05-19T10:00:02.806+0000][83][safepoint      ] Safepoint "G1CollectForAllocation", Time since last: 811098300 ns, Reaching safepoint: 196400 ns, At safepoint: 6041600 ns, Total: 6238000 ns
[2022-05-19T10:00:02.806+0000][83][gc             ] GC(340) Concurrent Mark Cycle
[2022-05-19T10:00:02.806+0000][83][gc,marking     ] GC(340) Concurrent Clear Claimed Marks
[2022-05-19T10:00:02.806+0000][83][gc,marking     ] GC(340) Concurrent Clear Claimed Marks 0.251ms
[2022-05-19T10:00:02.807+0000][83][gc,marking     ] GC(340) Concurrent Scan Root Regions
[2022-05-19T10:00:02.807+0000][83][gc,marking     ] GC(340) Concurrent Scan Root Regions 0.908ms
[2022-05-19T10:00:02.808+0000][83][gc,marking     ] GC(340) Concurrent Mark
[2022-05-19T10:00:02.808+0000][83][gc,marking     ] GC(340) Concurrent Mark From Roots
[2022-05-19T10:00:02.808+0000][83][gc,task        ] GC(340) Using 3 workers of 3 for marking
[2022-05-19T10:00:02.849+0000][83][gc,marking     ] GC(340) Concurrent Mark From Roots 40.873ms
[2022-05-19T10:00:02.849+0000][83][gc,marking     ] GC(340) Concurrent Preclean
[2022-05-19T10:00:02.849+0000][83][gc,marking     ] GC(340) Concurrent Preclean 0.554ms
[2022-05-19T10:00:02.850+0000][83][gc,start       ] GC(340) Pause Remark
[2022-05-19T10:00:02.853+0000][83][gc             ] GC(340) Pause Remark 231M->197M(512M) 2.785ms
[2022-05-19T10:00:02.853+0000][83][gc,cpu         ] GC(340) User=0.02s Sys=0.00s Real=0.00s
[2022-05-19T10:00:02.853+0000][83][safepoint      ] Safepoint "G1Concurrent", Time since last: 43886200 ns, Reaching safepoint: 255100 ns, At safepoint: 3309500 ns, Total: 3564600 ns
[2022-05-19T10:00:02.853+0000][83][gc,marking     ] GC(340) Concurrent Mark 45.900ms
[2022-05-19T10:00:02.854+0000][83][gc,marking     ] GC(340) Concurrent Rebuild Remembered Sets
[2022-05-19T10:00:02.873+0000][83][gc,marking     ] GC(340) Concurrent Rebuild Remembered Sets 19.436ms
[2022-05-19T10:00:02.874+0000][83][gc,start       ] GC(340) Pause Cleanup
[2022-05-19T10:00:02.874+0000][83][gc             ] GC(340) Pause Cleanup 201M->201M(512M) 0.321ms
[2022-05-19T10:00:02.874+0000][83][gc,cpu         ] GC(340) User=0.00s Sys=0.00s Real=0.00s
[2022-05-19T10:00:02.874+0000][83][safepoint      ] Safepoint "G1Concurrent", Time since last: 20258700 ns, Reaching safepoint: 253800 ns, At safepoint: 708400 ns, Total: 962200 ns
[2022-05-19T10:00:02.875+0000][83][gc,marking     ] GC(340) Concurrent Cleanup for Next Mark
[2022-05-19T10:00:02.875+0000][83][gc,marking     ] GC(340) Concurrent Cleanup for Next Mark 0.465ms
[2022-05-19T10:00:02.875+0000][83][gc             ] GC(340) Concurrent Mark Cycle 69.636ms
[2022-05-19T10:00:03.380+0000][83][gc,start       ] GC(341) Pause Young (Prepare Mixed) (G1 Evacuation Pause)
[2022-05-19T10:00:03.380+0000][83][gc,task        ] GC(341) Using 10 workers of 10 for evacuation
[2022-05-19T10:00:03.381+0000][83][gc,age         ] GC(341) Desired survivor size 10485760 bytes, new threshold 15 (max threshold 15)
[2022-05-19T10:00:03.382+0000][83][gc,age         ] GC(341) Age table with threshold 15 (max threshold 15)
[2022-05-19T10:00:03.382+0000][83][gc,age         ] GC(341) - age   1:     154376 bytes,     154376 total
[2022-05-19T10:00:03.383+0000][83][gc,age         ] GC(341) - age   2:      59360 bytes,     213736 total
[2022-05-19T10:00:03.383+0000][83][gc,age         ] GC(341) - age   3:      37656 bytes,     251392 total
[2022-05-19T10:00:03.383+0000][83][gc,phases      ] GC(341)   Pre Evacuate Collection Set: 0.2ms
[2022-05-19T10:00:03.383+0000][83][gc,phases      ] GC(341)   Merge Heap Roots: 0.1ms
[2022-05-19T10:00:03.383+0000][83][gc,phases      ] GC(341)   Evacuate Collection Set: 0.5ms
[2022-05-19T10:00:03.383+0000][83][gc,phases      ] GC(341)   Post Evacuate Collection Set: 0.6ms
[2022-05-19T10:00:03.383+0000][83][gc,phases      ] GC(341)   Other: 1.2ms
[2022-05-19T10:00:03.383+0000][83][gc,heap        ] GC(341) Eden regions: 39->0(5)
[2022-05-19T10:00:03.384+0000][83][gc,heap        ] GC(341) Survivor regions: 1->1(5)
[2022-05-19T10:00:03.384+0000][83][gc,heap        ] GC(341) Old regions: 31->31
[2022-05-19T10:00:03.384+0000][83][gc,heap        ] GC(341) Archive regions: 2->2
[2022-05-19T10:00:03.384+0000][83][gc,heap        ] GC(341) Humongous regions: 16->16
[2022-05-19T10:00:03.384+0000][83][gc,metaspace   ] GC(341) Metaspace: 101370K(102848K)->101370K(102848K) NonClass: 87328K(88192K)->87328K(88192K) Class: 14041K(14656K)->14041K(14656K)
[2022-05-19T10:00:03.384+0000][83][gc             ] GC(341) Pause Young (Prepare Mixed) (G1 Evacuation Pause) 345M->189M(512M) 3.960ms
[2022-05-19T10:00:03.384+0000][83][gc,cpu         ] GC(341) User=0.01s Sys=0.00s Real=0.00s
[2022-05-19T10:00:03.384+0000][83][safepoint      ] Safepoint "G1CollectForAllocation", Time since last: 505534200 ns, Reaching safepoint: 180300 ns, At safepoint: 4268800 ns, Total: 4449100 ns
[2022-05-19T10:00:03.443+0000][83][gc,start       ] GC(342) Pause Young (Mixed) (G1 Evacuation Pause)
[2022-05-19T10:00:03.443+0000][83][gc,task        ] GC(342) Using 10 workers of 10 for evacuation
[2022-05-19T10:00:03.443+0000][83][gc,age         ] GC(342) Desired survivor size 2097152 bytes, new threshold 15 (max threshold 15)
[2022-05-19T10:00:03.446+0000][83][gc,age         ] GC(342) Age table with threshold 15 (max threshold 15)
[2022-05-19T10:00:03.446+0000][83][gc,age         ] GC(342) - age   1:      53688 bytes,      53688 total
[2022-05-19T10:00:03.446+0000][83][gc,age         ] GC(342) - age   2:     101288 bytes,     154976 total
[2022-05-19T10:00:03.446+0000][83][gc,age         ] GC(342) - age   3:      59040 bytes,     214016 total
[2022-05-19T10:00:03.446+0000][83][gc,age         ] GC(342) - age   4:      37552 bytes,     251568 total
[2022-05-19T10:00:03.446+0000][83][gc,phases      ] GC(342)   Pre Evacuate Collection Set: 0.2ms
[2022-05-19T10:00:03.447+0000][83][gc,phases      ] GC(342)   Merge Heap Roots: 0.2ms
[2022-05-19T10:00:03.447+0000][83][gc,phases      ] GC(342)   Evacuate Collection Set: 1.0ms
[2022-05-19T10:00:03.447+0000][83][gc,phases      ] GC(342)   Post Evacuate Collection Set: 0.6ms
[2022-05-19T10:00:03.447+0000][83][gc,phases      ] GC(342)   Other: 1.3ms
[2022-05-19T10:00:03.447+0000][83][gc,heap        ] GC(342) Eden regions: 5->0(52)
[2022-05-19T10:00:03.447+0000][83][gc,heap        ] GC(342) Survivor regions: 1->1(1)
[2022-05-19T10:00:03.447+0000][83][gc,heap        ] GC(342) Old regions: 31->27
[2022-05-19T10:00:03.448+0000][83][gc,heap        ] GC(342) Archive regions: 2->2
[2022-05-19T10:00:03.448+0000][83][gc,heap        ] GC(342) Humongous regions: 16->16
[2022-05-19T10:00:03.448+0000][83][gc,metaspace   ] GC(342) Metaspace: 101370K(102848K)->101370K(102848K) NonClass: 87328K(88192K)->87328K(88192K) Class: 14041K(14656K)->14041K(14656K)
[2022-05-19T10:00:03.448+0000][83][gc             ] GC(342) Pause Young (Mixed) (G1 Evacuation Pause) 209M->170M(512M) 4.942ms
[2022-05-19T10:00:03.448+0000][83][gc,cpu         ] GC(342) User=0.01s Sys=0.00s Real=0.00s
[2022-05-19T10:00:03.448+0000][83][safepoint      ] Safepoint "G1CollectForAllocation", Time since last: 58413600 ns, Reaching safepoint: 227800 ns, At safepoint: 5285400 ns, Total: 5513200 ns
[2022-05-19T10:00:04.449+0000][83][safepoint      ] Safepoint "Cleanup", Time since last: 1000275800 ns, Reaching safepoint: 226800 ns, At safepoint: 21100 ns, Total: 247900 ns
