[2022-04-25T23:43:46.946+0000][8][gc] Using G1
[2022-04-25T23:43:47.392+0000][8][gc,init] Version: 17.0.2+8 (release)
[2022-04-25T23:43:47.410+0000][8][gc,init] CPUs: 5 total, 5 available
[2022-04-25T23:43:47.445+0000][8][gc,init] Memory: 7851M
[2022-04-25T23:43:47.451+0000][8][gc,init] Large Page Support: Disabled
[2022-04-25T23:43:47.453+0000][8][gc,init] NUMA Support: Disabled
[2022-04-25T23:43:47.456+0000][8][gc,init] Compressed Oops: Enabled (32-bit)
[2022-04-25T23:43:47.459+0000][8][gc,init] Heap Region Size: 4M
[2022-04-25T23:43:47.469+0000][8][gc,init] Heap Min Capacity: 512M
[2022-04-25T23:43:47.496+0000][8][gc,init] Heap Initial Capacity: 512M
[2022-04-25T23:43:47.509+0000][8][gc,init] Heap Max Capacity: 512M
[2022-04-25T23:43:47.513+0000][8][gc,init] Pre-touch: Enabled
[2022-04-25T23:43:47.519+0000][8][gc,init] Parallel Workers: 5
[2022-04-25T23:43:47.522+0000][8][gc,init] Concurrent Workers: 1
[2022-04-25T23:43:47.544+0000][8][gc,init] Concurrent Refinement Workers: 5
[2022-04-25T23:43:47.552+0000][8][gc,init] Periodic GC: Disabled
[2022-04-25T23:43:47.556+0000][8][gc,metaspace] CDS archive(s) mapped at: [0x0000000800000000-0x0000000800bd2000-0x0000000800bd2000), size 12394496, SharedBaseAddress: 0x0000000800000000, ArchiveRelocationMode: 0.
[2022-04-25T23:43:47.564+0000][8][gc,metaspace] Compressed class space mapped at: 0x0000000800c00000-0x0000000840c00000, reserved size: 1073741824
[2022-04-25T23:43:47.569+0000][8][gc,metaspace] Narrow klass base: 0x0000000800000000, Narrow klass shift: 0, Narrow klass range: 0x100000000
[2022-04-25T23:43:48.531+0000][8][safepoint   ] Safepoint "ICBufferFull", Time since last: 906915459 ns, Reaching safepoint: 40267625 ns, At safepoint: 603458 ns, Total: 40871083 ns
[2022-04-25T23:43:48.826+0000][8][safepoint   ] Safepoint "ICBufferFull", Time since last: 293992292 ns, Reaching safepoint: 704500 ns, At safepoint: 11708 ns, Total: 716208 ns
[2022-04-25T23:43:49.340+0000][8][gc,start    ] GC(0) Pause Young (Normal) (G1 Evacuation Pause)
[2022-04-25T23:43:49.378+0000][8][gc,task     ] GC(0) Using 5 workers of 5 for evacuation
[2022-04-25T23:43:49.405+0000][8][gc,age      ] GC(0) Desired survivor size 2097152 bytes, new threshold 15 (max threshold 15)
[2022-04-25T23:43:49.474+0000][8][gc,age      ] GC(0) Age table with threshold 15 (max threshold 15)
[2022-04-25T23:43:49.524+0000][8][gc,age      ] GC(0) - age   1:    4159184 bytes,    4159184 total
[2022-04-25T23:43:49.563+0000][8][gc,phases   ] GC(0)   Pre Evacuate Collection Set: 0.1ms
[2022-04-25T23:43:49.618+0000][8][gc,phases   ] GC(0)   Merge Heap Roots: 0.1ms
[2022-04-25T23:43:49.662+0000][8][gc,phases   ] GC(0)   Evacuate Collection Set: 53.2ms
[2022-04-25T23:43:49.676+0000][8][gc,phases   ] GC(0)   Post Evacuate Collection Set: 13.3ms
[2022-04-25T23:43:49.680+0000][8][gc,phases   ] GC(0)   Other: 155.8ms
[2022-04-25T23:43:49.689+0000][8][gc,heap     ] GC(0) Eden regions: 6->0(5)
[2022-04-25T23:43:49.697+0000][8][gc,heap     ] GC(0) Survivor regions: 0->1(1)
[2022-04-25T23:43:49.731+0000][8][gc,heap     ] GC(0) Old regions: 0->1
[2022-04-25T23:43:49.785+0000][8][gc,heap     ] GC(0) Archive regions: 2->2
[2022-04-25T23:43:49.859+0000][8][gc,heap     ] GC(0) Humongous regions: 0->0
[2022-04-25T23:43:49.901+0000][8][gc,metaspace] GC(0) Metaspace: 8850K(9024K)->8850K(9024K) NonClass: 7791K(7872K)->7791K(7872K) Class: 1058K(1152K)->1058K(1152K)
[2022-04-25T23:43:49.922+0000][8][gc          ] GC(0) Pause Young (Normal) (G1 Evacuation Pause) 27M->8M(512M) 581.555ms
[2022-04-25T23:43:49.966+0000][8][gc,cpu      ] GC(0) User=0.02s Sys=0.02s Real=0.62s
[2022-04-25T23:43:50.080+0000][8][safepoint   ] Safepoint "G1CollectForAllocation", Time since last: 512454126 ns, Reaching safepoint: 1674250 ns, At safepoint: 739495625 ns, Total: 741169875 ns
[2022-04-25T23:43:51.097+0000][8][safepoint   ] Safepoint "Cleanup", Time since last: 1017532417 ns, Reaching safepoint: 85083 ns, At safepoint: 1500 ns, Total: 86583 ns
[2022-04-25T23:43:52.458+0000][8][safepoint   ] Safepoint "Cleanup", Time since last: 1348589834 ns, Reaching safepoint: 11613417 ns, At safepoint: 424083 ns, Total: 12037500 ns
[2022-04-25T23:43:52.898+0000][8][gc,start    ] GC(1) Pause Young (Normal) (G1 Evacuation Pause)
[2022-04-25T23:43:52.977+0000][8][gc,task     ] GC(1) Using 5 workers of 5 for evacuation
[2022-04-25T23:43:53.078+0000][8][gc,age      ] GC(1) Desired survivor size 2097152 bytes, new threshold 1 (max threshold 15)
[2022-04-25T23:43:53.192+0000][8][gc,age      ] GC(1) Age table with threshold 1 (max threshold 15)
[2022-04-25T23:43:53.240+0000][8][gc,age      ] GC(1) - age   1:    1900704 bytes,    1900704 total
[2022-04-25T23:43:53.286+0000][8][gc,mmu      ] GC(1) MMU target violated: 201.0ms (200.0ms/201.0ms)
[2022-04-25T23:43:53.470+0000][8][gc,phases   ] GC(1)   Pre Evacuate Collection Set: 0.1ms
[2022-04-25T23:43:53.575+0000][8][gc,phases   ] GC(1)   Merge Heap Roots: 0.0ms
[2022-04-25T23:43:53.579+0000][8][gc,phases   ] GC(1)   Evacuate Collection Set: 51.9ms
[2022-04-25T23:43:53.581+0000][8][gc,phases   ] GC(1)   Post Evacuate Collection Set: 34.5ms
[2022-04-25T23:43:53.590+0000][8][gc,phases   ] GC(1)   Other: 486.4ms
[2022-04-25T23:43:53.598+0000][8][gc,heap     ] GC(1) Eden regions: 5->0(5)
[2022-04-25T23:43:53.603+0000][8][gc,heap     ] GC(1) Survivor regions: 1->1(1)
[2022-04-25T23:43:53.617+0000][8][gc,heap     ] GC(1) Old regions: 1->2
[2022-04-25T23:43:53.693+0000][8][gc,heap     ] GC(1) Archive regions: 2->2
[2022-04-25T23:43:53.760+0000][8][gc,heap     ] GC(1) Humongous regions: 0->0
[2022-04-25T23:43:53.779+0000][8][gc,metaspace] GC(1) Metaspace: 12150K(12416K)->12150K(12416K) NonClass: 10648K(10752K)->10648K(10752K) Class: 1502K(1664K)->1502K(1664K)
[2022-04-25T23:43:53.818+0000][8][gc          ] GC(1) Pause Young (Normal) (G1 Evacuation Pause) 28M->10M(512M) 920.592ms
[2022-04-25T23:43:53.861+0000][8][gc,cpu      ] GC(1) User=0.05s Sys=0.03s Real=0.96s
[2022-04-25T23:43:53.931+0000][8][safepoint   ] Safepoint "G1CollectForAllocation", Time since last: 439586084 ns, Reaching safepoint: 74750 ns, At safepoint: 1033029709 ns, Total: 1033104459 ns
[2022-04-25T23:43:57.058+0000][8][safepoint   ] Safepoint "Cleanup", Time since last: 3111859085 ns, Reaching safepoint: 9006458 ns, At safepoint: 6619500 ns, Total: 15625958 ns
[2022-04-25T23:43:58.210+0000][8][safepoint   ] Safepoint "Cleanup", Time since last: 1149348084 ns, Reaching safepoint: 2570042 ns, At safepoint: 14083 ns, Total: 2584125 ns
[2022-04-25T23:43:58.533+0000][8][gc,start    ] GC(2) Pause Young (Normal) (G1 Evacuation Pause)
[2022-04-25T23:43:58.535+0000][8][gc,task     ] GC(2) Using 5 workers of 5 for evacuation
[2022-04-25T23:43:58.536+0000][8][gc,age      ] GC(2) Desired survivor size 2097152 bytes, new threshold 15 (max threshold 15)
[2022-04-25T23:43:58.545+0000][8][gc,age      ] GC(2) Age table with threshold 15 (max threshold 15)
[2022-04-25T23:43:58.547+0000][8][gc,age      ] GC(2) - age   1:     856432 bytes,     856432 total
[2022-04-25T23:43:58.548+0000][8][gc,age      ] GC(2) - age   2:    1882792 bytes,    2739224 total
[2022-04-25T23:43:58.549+0000][8][gc,phases   ] GC(2)   Pre Evacuate Collection Set: 0.0ms
[2022-04-25T23:43:58.550+0000][8][gc,phases   ] GC(2)   Merge Heap Roots: 0.0ms
[2022-04-25T23:43:58.551+0000][8][gc,phases   ] GC(2)   Evacuate Collection Set: 6.1ms
[2022-04-25T23:43:58.552+0000][8][gc,phases   ] GC(2)   Post Evacuate Collection Set: 1.0ms
[2022-04-25T23:43:58.555+0000][8][gc,phases   ] GC(2)   Other: 8.5ms
[2022-04-25T23:43:58.556+0000][8][gc,heap     ] GC(2) Eden regions: 5->0(7)
[2022-04-25T23:43:58.557+0000][8][gc,heap     ] GC(2) Survivor regions: 1->1(1)
[2022-04-25T23:43:58.559+0000][8][gc,heap     ] GC(2) Old regions: 2->2
[2022-04-25T23:43:58.561+0000][8][gc,heap     ] GC(2) Archive regions: 2->2
[2022-04-25T23:43:58.564+0000][8][gc,heap     ] GC(2) Humongous regions: 0->0
[2022-04-25T23:43:58.567+0000][8][gc,metaspace] GC(2) Metaspace: 14361K(14656K)->14361K(14656K) NonClass: 12612K(12736K)->12612K(12736K) Class: 1748K(1920K)->1748K(1920K)
[2022-04-25T23:43:58.570+0000][8][gc          ] GC(2) Pause Young (Normal) (G1 Evacuation Pause) 30M->10M(512M) 37.034ms
[2022-04-25T23:43:58.573+0000][8][gc,cpu      ] GC(2) User=0.03s Sys=0.00s Real=0.04s
[2022-04-25T23:43:58.575+0000][8][safepoint   ] Safepoint "G1CollectForAllocation", Time since last: 323140750 ns, Reaching safepoint: 33708 ns, At safepoint: 41685250 ns, Total: 41718958 ns
[2022-04-25T23:43:59.569+0000][8][gc,start    ] GC(3) Pause Young (Normal) (G1 Evacuation Pause)
[2022-04-25T23:43:59.630+0000][8][gc,task     ] GC(3) Using 5 workers of 5 for evacuation
[2022-04-25T23:43:59.791+0000][8][gc,age      ] GC(3) Desired survivor size 2097152 bytes, new threshold 2 (max threshold 15)
[2022-04-25T23:43:59.953+0000][8][gc,age      ] GC(3) Age table with threshold 2 (max threshold 15)
[2022-04-25T23:44:00.005+0000][8][gc,age      ] GC(3) - age   1:     616928 bytes,     616928 total
[2022-04-25T23:44:00.059+0000][8][gc,age      ] GC(3) - age   2:     809400 bytes,    1426328 total
[2022-04-25T23:44:00.087+0000][8][gc,mmu      ] GC(3) MMU target violated: 201.0ms (200.0ms/201.0ms)
[2022-04-25T23:44:00.127+0000][8][gc,phases   ] GC(3)   Pre Evacuate Collection Set: 1.2ms
[2022-04-25T23:44:00.174+0000][8][gc,phases   ] GC(3)   Merge Heap Roots: 0.1ms
[2022-04-25T23:44:00.289+0000][8][gc,phases   ] GC(3)   Evacuate Collection Set: 83.6ms
[2022-04-25T23:44:00.362+0000][8][gc,phases   ] GC(3)   Post Evacuate Collection Set: 31.4ms
[2022-04-25T23:44:00.398+0000][8][gc,phases   ] GC(3)   Other: 442.0ms
[2022-04-25T23:44:00.412+0000][8][gc,heap     ] GC(3) Eden regions: 7->0(36)
[2022-04-25T23:44:00.414+0000][8][gc,heap     ] GC(3) Survivor regions: 1->1(1)
[2022-04-25T23:44:00.415+0000][8][gc,heap     ] GC(3) Old regions: 2->2
[2022-04-25T23:44:00.416+0000][8][gc,heap     ] GC(3) Archive regions: 2->2
[2022-04-25T23:44:00.417+0000][8][gc,heap     ] GC(3) Humongous regions: 0->0
[2022-04-25T23:44:00.418+0000][8][gc,metaspace] GC(3) Metaspace: 14912K(15168K)->14912K(15168K) NonClass: 13134K(13248K)->13134K(13248K) Class: 1777K(1920K)->1777K(1920K)
[2022-04-25T23:44:00.419+0000][8][gc          ] GC(3) Pause Young (Normal) (G1 Evacuation Pause) 38M->11M(512M) 850.451ms
[2022-04-25T23:44:00.421+0000][8][gc,cpu      ] GC(3) User=0.34s Sys=0.06s Real=0.85s
[2022-04-25T23:44:00.422+0000][8][safepoint   ] Safepoint "G1CollectForAllocation", Time since last: 993540042 ns, Reaching safepoint: 190750 ns, At safepoint: 853636418 ns, Total: 853827168 ns
[2022-04-25T23:44:01.426+0000][8][safepoint   ] Safepoint "Cleanup", Time since last: 1002834750 ns, Reaching safepoint: 679042 ns, At safepoint: 6166 ns, Total: 685208 ns
[2022-04-25T23:44:02.435+0000][8][safepoint   ] Safepoint "Cleanup", Time since last: 1008324459 ns, Reaching safepoint: 840084 ns, At safepoint: 21916 ns, Total: 862000 ns
[2022-04-25T23:44:02.551+0000][8][safepoint   ] Safepoint "ICBufferFull", Time since last: 116059375 ns, Reaching safepoint: 76042 ns, At safepoint: 2375 ns, Total: 78417 ns
[2022-04-25T23:44:02.562+0000][8][safepoint   ] Safepoint "ICBufferFull", Time since last: 10930792 ns, Reaching safepoint: 487500 ns, At safepoint: 7791 ns, Total: 495291 ns
[2022-04-25T23:44:02.570+0000][8][safepoint   ] Safepoint "ICBufferFull", Time since last: 7879792 ns, Reaching safepoint: 39875 ns, At safepoint: 2375 ns, Total: 42250 ns
[2022-04-25T23:44:02.576+0000][8][safepoint   ] Safepoint "ICBufferFull", Time since last: 5289458 ns, Reaching safepoint: 61500 ns, At safepoint: 3209 ns, Total: 64709 ns
[2022-04-25T23:44:02.580+0000][8][safepoint   ] Safepoint "ICBufferFull", Time since last: 4448958 ns, Reaching safepoint: 246667 ns, At safepoint: 4833 ns, Total: 251500 ns
[2022-04-25T23:44:02.637+0000][8][safepoint   ] Safepoint "ICBufferFull", Time since last: 56082917 ns, Reaching safepoint: 51375 ns, At safepoint: 4833 ns, Total: 56208 ns
[2022-04-25T23:44:02.739+0000][8][safepoint   ] Safepoint "ICBufferFull", Time since last: 102170000 ns, Reaching safepoint: 30583 ns, At safepoint: 2542 ns, Total: 33125 ns
[2022-04-25T23:44:02.778+0000][8][safepoint   ] Safepoint "ICBufferFull", Time since last: 38715417 ns, Reaching safepoint: 30833 ns, At safepoint: 2500 ns, Total: 33333 ns
[2022-04-25T23:44:02.835+0000][8][safepoint   ] Safepoint "ICBufferFull", Time since last: 57029458 ns, Reaching safepoint: 27167 ns, At safepoint: 2708 ns, Total: 29875 ns
[2022-04-25T23:44:02.866+0000][8][safepoint   ] Safepoint "ICBufferFull", Time since last: 31413500 ns, Reaching safepoint: 24625 ns, At safepoint: 2084 ns, Total: 26709 ns
[2022-04-25T23:44:02.931+0000][8][safepoint   ] Safepoint "ICBufferFull", Time since last: 64525291 ns, Reaching safepoint: 36459 ns, At safepoint: 2291 ns, Total: 38750 ns
[2022-04-25T23:44:04.031+0000][8][safepoint   ] Safepoint "Cleanup", Time since last: 1100075001 ns, Reaching safepoint: 138917 ns, At safepoint: 5166 ns, Total: 144083 ns
[2022-04-25T23:44:04.944+0000][8][safepoint   ] Safepoint "ICBufferFull", Time since last: 859730792 ns, Reaching safepoint: 52998792 ns, At safepoint: 18458 ns, Total: 53017250 ns
[2022-04-25T23:44:05.260+0000][8][gc,start    ] GC(4) Pause Young (Normal) (G1 Evacuation Pause)
[2022-04-25T23:44:05.328+0000][8][gc,task     ] GC(4) Using 5 workers of 5 for evacuation
[2022-04-25T23:44:05.354+0000][8][gc,age      ] GC(4) Desired survivor size 10485760 bytes, new threshold 15 (max threshold 15)
[2022-04-25T23:44:05.369+0000][8][gc,age      ] GC(4) Age table with threshold 15 (max threshold 15)
[2022-04-25T23:44:05.381+0000][8][gc,age      ] GC(4) - age   1:    4117288 bytes,    4117288 total
[2022-04-25T23:44:05.440+0000][8][gc,age      ] GC(4) - age   2:     600968 bytes,    4718256 total
[2022-04-25T23:44:05.514+0000][8][gc,age      ] GC(4) - age   3:     808656 bytes,    5526912 total
[2022-04-25T23:44:05.579+0000][8][gc,mmu      ] GC(4) MMU target violated: 201.0ms (200.0ms/201.0ms)
[2022-04-25T23:44:05.669+0000][8][gc,phases   ] GC(4)   Pre Evacuate Collection Set: 0.2ms
[2022-04-25T23:44:05.794+0000][8][gc,phases   ] GC(4)   Merge Heap Roots: 0.0ms
[2022-04-25T23:44:05.930+0000][8][gc,phases   ] GC(4)   Evacuate Collection Set: 12.9ms
[2022-04-25T23:44:05.939+0000][8][gc,phases   ] GC(4)   Post Evacuate Collection Set: 0.5ms
[2022-04-25T23:44:05.965+0000][8][gc,phases   ] GC(4)   Other: 396.2ms
[2022-04-25T23:44:06.024+0000][8][gc,heap     ] GC(4) Eden regions: 36->0(4)
[2022-04-25T23:44:06.073+0000][8][gc,heap     ] GC(4) Survivor regions: 1->2(5)
[2022-04-25T23:44:06.100+0000][8][gc,heap     ] GC(4) Old regions: 2->2
[2022-04-25T23:44:06.101+0000][8][gc,heap     ] GC(4) Archive regions: 2->2
[2022-04-25T23:44:06.102+0000][8][gc,heap     ] GC(4) Humongous regions: 0->0
[2022-04-25T23:44:06.104+0000][8][gc,metaspace] GC(4) Metaspace: 17670K(17984K)->17670K(17984K) NonClass: 15520K(15680K)->15520K(15680K) Class: 2149K(2304K)->2149K(2304K)
[2022-04-25T23:44:06.105+0000][8][gc          ] GC(4) Pause Young (Normal) (G1 Evacuation Pause) 155M->15M(512M) 845.707ms
[2022-04-25T23:44:06.107+0000][8][gc,cpu      ] GC(4) User=0.04s Sys=0.01s Real=0.85s
[2022-04-25T23:44:06.109+0000][8][safepoint   ] Safepoint "G1CollectForAllocation", Time since last: 315816667 ns, Reaching safepoint: 99584 ns, At safepoint: 849066417 ns, Total: 849166001 ns
[2022-04-25T23:44:06.140+0000][8][gc,start    ] GC(5) Pause Young (Normal) (G1 Evacuation Pause)
[2022-04-25T23:44:06.141+0000][8][gc,task     ] GC(5) Using 5 workers of 5 for evacuation
[2022-04-25T23:44:06.142+0000][8][gc,age      ] GC(5) Desired survivor size 2097152 bytes, new threshold 1 (max threshold 15)
[2022-04-25T23:44:06.147+0000][8][gc,age      ] GC(5) Age table with threshold 1 (max threshold 15)
[2022-04-25T23:44:06.148+0000][8][gc,age      ] GC(5) - age   1:     701360 bytes,     701360 total
[2022-04-25T23:44:06.149+0000][8][gc,phases   ] GC(5)   Pre Evacuate Collection Set: 0.0ms
[2022-04-25T23:44:06.151+0000][8][gc,phases   ] GC(5)   Merge Heap Roots: 0.1ms
[2022-04-25T23:44:06.152+0000][8][gc,phases   ] GC(5)   Evacuate Collection Set: 3.1ms
[2022-04-25T23:44:06.153+0000][8][gc,phases   ] GC(5)   Post Evacuate Collection Set: 1.2ms
[2022-04-25T23:44:06.154+0000][8][gc,phases   ] GC(5)   Other: 4.9ms
[2022-04-25T23:44:06.156+0000][8][gc,heap     ] GC(5) Eden regions: 4->0(75)
[2022-04-25T23:44:06.158+0000][8][gc,heap     ] GC(5) Survivor regions: 2->1(1)
[2022-04-25T23:44:06.180+0000][8][gc,heap     ] GC(5) Old regions: 2->3
[2022-04-25T23:44:06.193+0000][8][gc,heap     ] GC(5) Archive regions: 2->2
[2022-04-25T23:44:06.196+0000][8][gc,heap     ] GC(5) Humongous regions: 0->0
[2022-04-25T23:44:06.197+0000][8][gc,metaspace] GC(5) Metaspace: 17679K(17984K)->17679K(17984K) NonClass: 15528K(15680K)->15528K(15680K) Class: 2151K(2304K)->2151K(2304K)
[2022-04-25T23:44:06.199+0000][8][gc          ] GC(5) Pause Young (Normal) (G1 Evacuation Pause) 31M->15M(512M) 58.889ms
[2022-04-25T23:44:06.200+0000][8][gc,cpu      ] GC(5) User=0.01s Sys=0.01s Real=0.06s
[2022-04-25T23:44:06.202+0000][8][safepoint   ] Safepoint "G1CollectForAllocation", Time since last: 31374250 ns, Reaching safepoint: 99166 ns, At safepoint: 61931125 ns, Total: 62030291 ns
[2022-04-25T23:44:07.235+0000][8][safepoint   ] Safepoint "Cleanup", Time since last: 1028532001 ns, Reaching safepoint: 4421500 ns, At safepoint: 9041 ns, Total: 4430541 ns
[2022-04-25T23:44:08.412+0000][8][safepoint   ] Safepoint "Cleanup", Time since last: 1069379293 ns, Reaching safepoint: 107498291 ns, At safepoint: 22917 ns, Total: 107521208 ns
[2022-04-25T23:44:09.454+0000][8][safepoint   ] Safepoint "Cleanup", Time since last: 1041933376 ns, Reaching safepoint: 111500 ns, At safepoint: 5416 ns, Total: 116916 ns
[2022-04-25T23:44:10.573+0000][8][safepoint   ] Safepoint "Cleanup", Time since last: 1113581209 ns, Reaching safepoint: 5236583 ns, At safepoint: 15042 ns, Total: 5251625 ns
[2022-04-25T23:44:11.632+0000][8][safepoint   ] Safepoint "Cleanup", Time since last: 1059093084 ns, Reaching safepoint: 557167 ns, At safepoint: 61333 ns, Total: 618500 ns
[2022-04-25T23:44:11.681+0000][8][gc,start    ] GC(6) Pause Young (Normal) (G1 Evacuation Pause)
[2022-04-25T23:44:11.682+0000][8][gc,task     ] GC(6) Using 5 workers of 5 for evacuation
[2022-04-25T23:44:11.685+0000][8][gc,age      ] GC(6) Desired survivor size 20971520 bytes, new threshold 15 (max threshold 15)
[2022-04-25T23:44:11.692+0000][8][gc,age      ] GC(6) Age table with threshold 15 (max threshold 15)
[2022-04-25T23:44:11.692+0000][8][gc,age      ] GC(6) - age   1:    4711960 bytes,    4711960 total
[2022-04-25T23:44:11.693+0000][8][gc,age      ] GC(6) - age   2:      18800 bytes,    4730760 total
[2022-04-25T23:44:11.694+0000][8][gc,phases   ] GC(6)   Pre Evacuate Collection Set: 0.0ms
[2022-04-25T23:44:11.695+0000][8][gc,phases   ] GC(6)   Merge Heap Roots: 0.1ms
[2022-04-25T23:44:11.696+0000][8][gc,phases   ] GC(6)   Evacuate Collection Set: 4.4ms
[2022-04-25T23:44:11.697+0000][8][gc,phases   ] GC(6)   Post Evacuate Collection Set: 0.6ms
[2022-04-25T23:44:11.698+0000][8][gc,phases   ] GC(6)   Other: 8.3ms
[2022-04-25T23:44:11.700+0000][8][gc,heap     ] GC(6) Eden regions: 75->0(74)
[2022-04-25T23:44:11.701+0000][8][gc,heap     ] GC(6) Survivor regions: 1->2(10)
[2022-04-25T23:44:11.701+0000][8][gc,heap     ] GC(6) Old regions: 3->3
[2022-04-25T23:44:11.702+0000][8][gc,heap     ] GC(6) Archive regions: 2->2
[2022-04-25T23:44:11.704+0000][8][gc,heap     ] GC(6) Humongous regions: 0->0
[2022-04-25T23:44:11.705+0000][8][gc,metaspace] GC(6) Metaspace: 19124K(19456K)->19124K(19456K) NonClass: 16779K(16960K)->16779K(16960K) Class: 2344K(2496K)->2344K(2496K)
[2022-04-25T23:44:11.705+0000][8][gc          ] GC(6) Pause Young (Normal) (G1 Evacuation Pause) 315M->19M(512M) 24.637ms
[2022-04-25T23:44:11.708+0000][8][gc,cpu      ] GC(6) User=0.01s Sys=0.01s Real=0.03s
[2022-04-25T23:44:11.709+0000][8][safepoint   ] Safepoint "G1CollectForAllocation", Time since last: 48296208 ns, Reaching safepoint: 60417 ns, At safepoint: 28304042 ns, Total: 28364459 ns
[2022-04-25T23:44:12.714+0000][8][safepoint   ] Safepoint "Cleanup", Time since last: 1004642250 ns, Reaching safepoint: 91333 ns, At safepoint: 3292 ns, Total: 94625 ns
[2022-04-25T23:44:13.804+0000][8][safepoint   ] Safepoint "Cleanup", Time since last: 1089679751 ns, Reaching safepoint: 109541 ns, At safepoint: 4709 ns, Total: 114250 ns
[2022-04-25T23:44:14.662+0000][8][gc,start    ] GC(7) Pause Young (Normal) (G1 Evacuation Pause)
[2022-04-25T23:44:14.775+0000][8][gc,task     ] GC(7) Using 5 workers of 5 for evacuation
[2022-04-25T23:44:14.863+0000][8][gc,age      ] GC(7) Desired survivor size 20971520 bytes, new threshold 15 (max threshold 15)
[2022-04-25T23:44:14.950+0000][8][gc,age      ] GC(7) Age table with threshold 15 (max threshold 15)
[2022-04-25T23:44:14.991+0000][8][gc,age      ] GC(7) - age   1:    1079176 bytes,    1079176 total
[2022-04-25T23:44:15.017+0000][8][gc,age      ] GC(7) - age   2:    4352256 bytes,    5431432 total
[2022-04-25T23:44:15.024+0000][8][gc,age      ] GC(7) - age   3:      18800 bytes,    5450232 total
[2022-04-25T23:44:15.107+0000][8][gc,mmu      ] GC(7) MMU target violated: 201.0ms (200.0ms/201.0ms)
[2022-04-25T23:44:15.215+0000][8][gc,phases   ] GC(7)   Pre Evacuate Collection Set: 5.3ms
[2022-04-25T23:44:15.217+0000][8][gc,phases   ] GC(7)   Merge Heap Roots: 4.3ms
[2022-04-25T23:44:15.219+0000][8][gc,phases   ] GC(7)   Evacuate Collection Set: 18.8ms
[2022-04-25T23:44:15.220+0000][8][gc,phases   ] GC(7)   Post Evacuate Collection Set: 0.5ms
[2022-04-25T23:44:15.222+0000][8][gc,phases   ] GC(7)   Other: 523.9ms
[2022-04-25T23:44:15.224+0000][8][gc,heap     ] GC(7) Eden regions: 74->0(59)
[2022-04-25T23:44:15.226+0000][8][gc,heap     ] GC(7) Survivor regions: 2->2(10)
[2022-04-25T23:44:15.230+0000][8][gc,heap     ] GC(7) Old regions: 3->3
[2022-04-25T23:44:15.232+0000][8][gc,heap     ] GC(7) Archive regions: 2->2
[2022-04-25T23:44:15.233+0000][8][gc,heap     ] GC(7) Humongous regions: 0->0
[2022-04-25T23:44:15.235+0000][8][gc,metaspace] GC(7) Metaspace: 19635K(20160K)->19635K(20160K) NonClass: 17201K(17472K)->17201K(17472K) Class: 2433K(2688K)->2433K(2688K)
[2022-04-25T23:44:15.237+0000][8][gc          ] GC(7) Pause Young (Normal) (G1 Evacuation Pause) 315M->19M(512M) 574.933ms
[2022-04-25T23:44:15.240+0000][8][gc,cpu      ] GC(7) User=0.06s Sys=0.02s Real=0.58s
[2022-04-25T23:44:15.241+0000][8][safepoint   ] Safepoint "G1CollectForAllocation", Time since last: 858380542 ns, Reaching safepoint: 302916 ns, At safepoint: 579229334 ns, Total: 579532250 ns
[2022-04-25T23:44:16.278+0000][8][safepoint   ] Safepoint "Cleanup", Time since last: 1054389083 ns, Reaching safepoint: 1469875 ns, At safepoint: 8292 ns, Total: 1478167 ns
[2022-04-25T23:44:18.038+0000][8][safepoint   ] Safepoint "Cleanup", Time since last: 1745995834 ns, Reaching safepoint: 14831750 ns, At safepoint: 8167 ns, Total: 14839917 ns
[2022-04-25T23:44:18.686+0000][8][gc,start    ] GC(8) Pause Young (Normal) (G1 Evacuation Pause)
[2022-04-25T23:44:18.687+0000][8][gc,task     ] GC(8) Using 5 workers of 5 for evacuation
[2022-04-25T23:44:18.688+0000][8][gc,age      ] GC(8) Desired survivor size 16777216 bytes, new threshold 15 (max threshold 15)
[2022-04-25T23:44:18.692+0000][8][gc,age      ] GC(8) Age table with threshold 15 (max threshold 15)
[2022-04-25T23:44:18.693+0000][8][gc,age      ] GC(8) - age   1:    2374616 bytes,    2374616 total
[2022-04-25T23:44:18.694+0000][8][gc,age      ] GC(8) - age   2:     477448 bytes,    2852064 total
[2022-04-25T23:44:18.696+0000][8][gc,age      ] GC(8) - age   3:    4350392 bytes,    7202456 total
[2022-04-25T23:44:18.698+0000][8][gc,age      ] GC(8) - age   4:      18800 bytes,    7221256 total
[2022-04-25T23:44:18.699+0000][8][gc,phases   ] GC(8)   Pre Evacuate Collection Set: 0.1ms
[2022-04-25T23:44:18.701+0000][8][gc,phases   ] GC(8)   Merge Heap Roots: 0.1ms
[2022-04-25T23:44:18.701+0000][8][gc,phases   ] GC(8)   Evacuate Collection Set: 1.8ms
[2022-04-25T23:44:18.703+0000][8][gc,phases   ] GC(8)   Post Evacuate Collection Set: 1.3ms
[2022-04-25T23:44:18.706+0000][8][gc,phases   ] GC(8)   Other: 10.2ms
[2022-04-25T23:44:18.708+0000][8][gc,heap     ] GC(8) Eden regions: 59->0(74)
[2022-04-25T23:44:18.709+0000][8][gc,heap     ] GC(8) Survivor regions: 2->2(8)
[2022-04-25T23:44:18.710+0000][8][gc,heap     ] GC(8) Old regions: 3->3
[2022-04-25T23:44:18.710+0000][8][gc,heap     ] GC(8) Archive regions: 2->2
[2022-04-25T23:44:18.711+0000][8][gc,heap     ] GC(8) Humongous regions: 0->0
[2022-04-25T23:44:18.714+0000][8][gc,metaspace] GC(8) Metaspace: 20774K(21312K)->20774K(21312K) NonClass: 18187K(18496K)->18187K(18496K) Class: 2586K(2816K)->2586K(2816K)
[2022-04-25T23:44:18.715+0000][8][gc          ] GC(8) Pause Young (Normal) (G1 Evacuation Pause) 255M->21M(512M) 29.246ms
[2022-04-25T23:44:18.717+0000][8][gc,cpu      ] GC(8) User=0.00s Sys=0.01s Real=0.04s
[2022-04-25T23:44:18.718+0000][8][safepoint   ] Safepoint "G1CollectForAllocation", Time since last: 647465625 ns, Reaching safepoint: 102875 ns, At safepoint: 32133917 ns, Total: 32236792 ns
[2022-04-25T23:44:19.732+0000][8][safepoint   ] Safepoint "Cleanup", Time since last: 1014222625 ns, Reaching safepoint: 78333 ns, At safepoint: 8334 ns, Total: 86667 ns
[2022-04-25T23:44:20.109+0000][8][gc,start    ] GC(9) Pause Young (Concurrent Start) (Metadata GC Threshold)
[2022-04-25T23:44:20.217+0000][8][gc,task     ] GC(9) Using 5 workers of 5 for evacuation
[2022-04-25T23:44:20.331+0000][8][gc,age      ] GC(9) Desired survivor size 20971520 bytes, new threshold 15 (max threshold 15)
[2022-04-25T23:44:20.421+0000][8][gc,age      ] GC(9) Age table with threshold 15 (max threshold 15)
[2022-04-25T23:44:20.460+0000][8][gc,age      ] GC(9) - age   1:     817128 bytes,     817128 total
[2022-04-25T23:44:20.474+0000][8][gc,age      ] GC(9) - age   2:    2122632 bytes,    2939760 total
[2022-04-25T23:44:20.475+0000][8][gc,age      ] GC(9) - age   3:     477128 bytes,    3416888 total
[2022-04-25T23:44:20.477+0000][8][gc,age      ] GC(9) - age   4:    4349576 bytes,    7766464 total
[2022-04-25T23:44:20.478+0000][8][gc,age      ] GC(9) - age   5:      18704 bytes,    7785168 total
[2022-04-25T23:44:20.479+0000][8][gc,phases   ] GC(9)   Pre Evacuate Collection Set: 0.2ms
[2022-04-25T23:44:20.481+0000][8][gc,phases   ] GC(9)   Merge Heap Roots: 0.1ms
[2022-04-25T23:44:20.482+0000][8][gc,phases   ] GC(9)   Evacuate Collection Set: 48.2ms
[2022-04-25T23:44:20.484+0000][8][gc,phases   ] GC(9)   Post Evacuate Collection Set: 15.9ms
[2022-04-25T23:44:20.484+0000][8][gc,phases   ] GC(9)   Other: 305.9ms
[2022-04-25T23:44:20.489+0000][8][gc,heap     ] GC(9) Eden regions: 53->0(74)
[2022-04-25T23:44:20.490+0000][8][gc,heap     ] GC(9) Survivor regions: 2->2(10)
[2022-04-25T23:44:20.491+0000][8][gc,heap     ] GC(9) Old regions: 3->3
[2022-04-25T23:44:20.492+0000][8][gc,heap     ] GC(9) Archive regions: 2->2
[2022-04-25T23:44:20.494+0000][8][gc,heap     ] GC(9) Humongous regions: 0->0
[2022-04-25T23:44:20.494+0000][8][gc,metaspace] GC(9) Metaspace: 20934K(21504K)->20934K(21504K) NonClass: 18317K(18624K)->18317K(18624K) Class: 2616K(2880K)->2616K(2880K)
[2022-04-25T23:44:20.495+0000][8][gc          ] GC(9) Pause Young (Concurrent Start) (Metadata GC Threshold) 233M->22M(512M) 385.912ms
[2022-04-25T23:44:20.496+0000][8][gc,cpu      ] GC(9) User=0.10s Sys=0.02s Real=0.39s
[2022-04-25T23:44:20.497+0000][8][gc          ] GC(10) Concurrent Mark Cycle
[2022-04-25T23:44:20.499+0000][8][gc,marking  ] GC(10) Concurrent Clear Claimed Marks
[2022-04-25T23:44:20.499+0000][8][safepoint   ] Safepoint "CollectForMetadataAllocation", Time since last: 376565500 ns, Reaching safepoint: 36500 ns, At safepoint: 389848375 ns, Total: 389884875 ns
[2022-04-25T23:44:20.501+0000][8][gc,marking  ] GC(10) Concurrent Clear Claimed Marks 1.552ms
[2022-04-25T23:44:20.507+0000][8][gc,marking  ] GC(10) Concurrent Scan Root Regions
[2022-04-25T23:44:20.509+0000][8][gc,marking  ] GC(10) Concurrent Scan Root Regions 2.352ms
[2022-04-25T23:44:20.510+0000][8][gc,marking  ] GC(10) Concurrent Mark
[2022-04-25T23:44:20.511+0000][8][gc,marking  ] GC(10) Concurrent Mark From Roots
[2022-04-25T23:44:20.512+0000][8][gc,task     ] GC(10) Using 1 workers of 1 for marking
[2022-04-25T23:44:20.523+0000][8][gc,marking  ] GC(10) Concurrent Mark From Roots 11.790ms
[2022-04-25T23:44:20.524+0000][8][gc,marking  ] GC(10) Concurrent Preclean
[2022-04-25T23:44:20.525+0000][8][gc,marking  ] GC(10) Concurrent Preclean 1.433ms
[2022-04-25T23:44:20.527+0000][8][gc,start    ] GC(10) Pause Remark
[2022-04-25T23:44:20.533+0000][8][gc          ] GC(10) Pause Remark 24M->24M(512M) 5.966ms
[2022-04-25T23:44:20.534+0000][8][gc,cpu      ] GC(10) User=0.01s Sys=0.01s Real=0.00s
[2022-04-25T23:44:20.535+0000][8][safepoint   ] Safepoint "G1Concurrent", Time since last: 27895625 ns, Reaching safepoint: 353125 ns, At safepoint: 7871000 ns, Total: 8224125 ns
[2022-04-25T23:44:20.536+0000][8][gc,marking  ] GC(10) Concurrent Mark 26.005ms
[2022-04-25T23:44:20.537+0000][8][gc,marking  ] GC(10) Concurrent Rebuild Remembered Sets
[2022-04-25T23:44:20.546+0000][8][gc,marking  ] GC(10) Concurrent Rebuild Remembered Sets 8.767ms
[2022-04-25T23:44:20.553+0000][8][gc,start    ] GC(10) Pause Cleanup
[2022-04-25T23:44:20.555+0000][8][gc          ] GC(10) Pause Cleanup 24M->24M(512M) 2.571ms
[2022-04-25T23:44:20.558+0000][8][gc,cpu      ] GC(10) User=0.00s Sys=0.00s Real=0.01s
[2022-04-25T23:44:20.559+0000][8][safepoint   ] Safepoint "G1Concurrent", Time since last: 17083000 ns, Reaching safepoint: 567875 ns, At safepoint: 6417417 ns, Total: 6985292 ns
[2022-04-25T23:44:20.574+0000][8][gc,marking  ] GC(10) Concurrent Cleanup for Next Mark
[2022-04-25T23:44:20.586+0000][8][gc,marking  ] GC(10) Concurrent Cleanup for Next Mark 11.552ms
[2022-04-25T23:44:20.588+0000][8][gc          ] GC(10) Concurrent Mark Cycle 90.682ms
[2022-04-25T23:44:21.624+0000][8][safepoint   ] Safepoint "Cleanup", Time since last: 1065257667 ns, Reaching safepoint: 172417 ns, At safepoint: 4958 ns, Total: 177375 ns
[2022-04-25T23:44:27.862+0000][8][safepoint   ] Safepoint "Cleanup", Time since last: 6237062795 ns, Reaching safepoint: 33333 ns, At safepoint: 1958 ns, Total: 35291 ns
[2022-04-25T23:44:29.603+0000][8][safepoint   ] Safepoint "Cleanup", Time since last: 1741405126 ns, Reaching safepoint: 102750 ns, At safepoint: 2750 ns, Total: 105500 ns
[2022-04-25T23:44:31.564+0000][8][safepoint   ] Safepoint "Cleanup", Time since last: 1934326084 ns, Reaching safepoint: 26797709 ns, At safepoint: 12708 ns, Total: 26810417 ns
[2022-04-25T23:44:31.767+0000][8][safepoint   ] Safepoint "ICBufferFull", Time since last: 201999375 ns, Reaching safepoint: 1058334 ns, At safepoint: 12041 ns, Total: 1070375 ns
[2022-04-25T23:44:31.801+0000][8][safepoint   ] Safepoint "ICBufferFull", Time since last: 33565959 ns, Reaching safepoint: 26916 ns, At safepoint: 1834 ns, Total: 28750 ns
[2022-04-25T23:44:31.885+0000][8][safepoint   ] Safepoint "ICBufferFull", Time since last: 71399333 ns, Reaching safepoint: 12699375 ns, At safepoint: 14833 ns, Total: 12714208 ns
[2022-04-25T23:44:31.939+0000][8][safepoint   ] Safepoint "ICBufferFull", Time since last: 53360875 ns, Reaching safepoint: 574584 ns, At safepoint: 8500 ns, Total: 583084 ns
[2022-04-25T23:44:31.981+0000][8][safepoint   ] Safepoint "ICBufferFull", Time since last: 42126666 ns, Reaching safepoint: 42167 ns, At safepoint: 2667 ns, Total: 44834 ns
[2022-04-25T23:44:32.076+0000][8][safepoint   ] Safepoint "ICBufferFull", Time since last: 94927583 ns, Reaching safepoint: 45875 ns, At safepoint: 2625 ns, Total: 48500 ns
[2022-04-25T23:44:32.139+0000][8][safepoint   ] Safepoint "ICBufferFull", Time since last: 62448042 ns, Reaching safepoint: 36000 ns, At safepoint: 2250 ns, Total: 38250 ns
[2022-04-25T23:44:32.366+0000][8][safepoint   ] Safepoint "ICBufferFull", Time since last: 226751250 ns, Reaching safepoint: 151625 ns, At safepoint: 8458 ns, Total: 160083 ns
[2022-04-25T23:44:32.445+0000][8][safepoint   ] Safepoint "ICBufferFull", Time since last: 79774125 ns, Reaching safepoint: 59584 ns, At safepoint: 5166 ns, Total: 64750 ns
[2022-04-25T23:44:32.510+0000][8][safepoint   ] Safepoint "ICBufferFull", Time since last: 64239209 ns, Reaching safepoint: 30750 ns, At safepoint: 2708 ns, Total: 33458 ns
[2022-04-25T23:44:33.037+0000][8][safepoint   ] Safepoint "ICBufferFull", Time since last: 526965000 ns, Reaching safepoint: 74042 ns, At safepoint: 2833 ns, Total: 76875 ns
[2022-04-25T23:44:33.208+0000][8][safepoint   ] Safepoint "ICBufferFull", Time since last: 171297000 ns, Reaching safepoint: 96584 ns, At safepoint: 9541 ns, Total: 106125 ns
[2022-04-25T23:44:33.224+0000][8][safepoint   ] Safepoint "ICBufferFull", Time since last: 11964542 ns, Reaching safepoint: 949042 ns, At safepoint: 2759666 ns, Total: 3708708 ns
[2022-04-25T23:44:33.232+0000][8][safepoint   ] Safepoint "ICBufferFull", Time since last: 2147209 ns, Reaching safepoint: 5929666 ns, At safepoint: 23500 ns, Total: 5953166 ns
[2022-04-25T23:44:33.234+0000][8][safepoint   ] Safepoint "ICBufferFull", Time since last: 2157959 ns, Reaching safepoint: 31791 ns, At safepoint: 2250 ns, Total: 34041 ns
[2022-04-25T23:44:33.243+0000][8][safepoint   ] Safepoint "ICBufferFull", Time since last: 8823834 ns, Reaching safepoint: 55416 ns, At safepoint: 2917 ns, Total: 58333 ns
[2022-04-25T23:44:34.251+0000][8][safepoint   ] Safepoint "Cleanup", Time since last: 1007392667 ns, Reaching safepoint: 238750 ns, At safepoint: 4167 ns, Total: 242917 ns
[2022-04-25T23:44:35.840+0000][8][safepoint   ] Safepoint "ICBufferFull", Time since last: 1589692000 ns, Reaching safepoint: 127417 ns, At safepoint: 3917 ns, Total: 131334 ns
[2022-04-25T23:44:37.037+0000][8][safepoint   ] Safepoint "Cleanup", Time since last: 1173925709 ns, Reaching safepoint: 22931000 ns, At safepoint: 30750 ns, Total: 22961750 ns
[2022-04-25T23:44:38.096+0000][8][safepoint   ] Safepoint "Cleanup", Time since last: 1053423375 ns, Reaching safepoint: 5209375 ns, At safepoint: 7959 ns, Total: 5217334 ns
[2022-04-25T23:44:39.131+0000][8][safepoint   ] Safepoint "Cleanup", Time since last: 1035489833 ns, Reaching safepoint: 111667 ns, At safepoint: 3208 ns, Total: 114875 ns
[2022-04-25T23:44:40.776+0000][8][gc,start    ] GC(11) Pause Young (Concurrent Start) (Metadata GC Threshold)
[2022-04-25T23:44:40.783+0000][8][gc,task     ] GC(11) Using 5 workers of 5 for evacuation
[2022-04-25T23:44:40.805+0000][8][gc,age      ] GC(11) Desired survivor size 20971520 bytes, new threshold 15 (max threshold 15)
[2022-04-25T23:44:40.914+0000][8][gc,age      ] GC(11) Age table with threshold 15 (max threshold 15)
[2022-04-25T23:44:40.915+0000][8][gc,age      ] GC(11) - age   1:   27393272 bytes,   27393272 total
[2022-04-25T23:44:40.916+0000][8][gc,age      ] GC(11) - age   2:     802552 bytes,   28195824 total
[2022-04-25T23:44:40.917+0000][8][gc,age      ] GC(11) - age   3:    2105520 bytes,   30301344 total
[2022-04-25T23:44:40.918+0000][8][gc,age      ] GC(11) - age   4:     474160 bytes,   30775504 total
[2022-04-25T23:44:40.919+0000][8][gc,age      ] GC(11) - age   5:    4338640 bytes,   35114144 total
[2022-04-25T23:44:40.920+0000][8][gc,age      ] GC(11) - age   6:      18344 bytes,   35132488 total
[2022-04-25T23:44:40.922+0000][8][gc,phases   ] GC(11)   Pre Evacuate Collection Set: 2.3ms
[2022-04-25T23:44:40.924+0000][8][gc,phases   ] GC(11)   Merge Heap Roots: 0.7ms
[2022-04-25T23:44:40.924+0000][8][gc,phases   ] GC(11)   Evacuate Collection Set: 39.0ms
[2022-04-25T23:44:40.925+0000][8][gc,phases   ] GC(11)   Post Evacuate Collection Set: 1.1ms
[2022-04-25T23:44:40.927+0000][8][gc,phases   ] GC(11)   Other: 103.2ms
[2022-04-25T23:44:40.928+0000][8][gc,heap     ] GC(11) Eden regions: 71->0(67)
[2022-04-25T23:44:40.929+0000][8][gc,heap     ] GC(11) Survivor regions: 2->9(10)
[2022-04-25T23:44:40.930+0000][8][gc,heap     ] GC(11) Old regions: 3->3
[2022-04-25T23:44:40.931+0000][8][gc,heap     ] GC(11) Archive regions: 2->2
[2022-04-25T23:44:40.932+0000][8][gc,heap     ] GC(11) Humongous regions: 0->0
[2022-04-25T23:44:40.932+0000][8][gc,metaspace] GC(11) Metaspace: 35194K(36096K)->35194K(36096K) NonClass: 30524K(31040K)->30524K(31040K) Class: 4670K(5056K)->4670K(5056K)
[2022-04-25T23:44:40.933+0000][8][gc          ] GC(11) Pause Young (Concurrent Start) (Metadata GC Threshold) 306M->48M(512M) 156.932ms
[2022-04-25T23:44:40.934+0000][8][gc,cpu      ] GC(11) User=0.08s Sys=0.00s Real=0.16s
[2022-04-25T23:44:40.935+0000][8][gc          ] GC(12) Concurrent Mark Cycle
[2022-04-25T23:44:40.935+0000][8][gc,marking  ] GC(12) Concurrent Clear Claimed Marks
[2022-04-25T23:44:40.936+0000][8][gc,marking  ] GC(12) Concurrent Clear Claimed Marks 0.973ms
[2022-04-25T23:44:40.938+0000][8][gc,marking  ] GC(12) Concurrent Scan Root Regions
[2022-04-25T23:44:40.938+0000][8][safepoint   ] Safepoint "CollectForMetadataAllocation", Time since last: 1644567668 ns, Reaching safepoint: 101750 ns, At safepoint: 162238375 ns, Total: 162340125 ns
[2022-04-25T23:44:40.955+0000][8][gc,marking  ] GC(12) Concurrent Scan Root Regions 16.875ms
[2022-04-25T23:44:40.956+0000][8][gc,marking  ] GC(12) Concurrent Mark
[2022-04-25T23:44:40.956+0000][8][gc,marking  ] GC(12) Concurrent Mark From Roots
[2022-04-25T23:44:40.957+0000][8][gc,task     ] GC(12) Using 1 workers of 1 for marking
[2022-04-25T23:44:40.966+0000][8][safepoint   ] Safepoint "CollectForMetadataAllocation", Time since last: 27870000 ns, Reaching safepoint: 114875 ns, At safepoint: 42458 ns, Total: 157333 ns
[2022-04-25T23:44:40.972+0000][8][gc,marking  ] GC(12) Concurrent Mark From Roots 15.742ms
[2022-04-25T23:44:40.973+0000][8][gc,marking  ] GC(12) Concurrent Preclean
[2022-04-25T23:44:40.986+0000][8][gc,marking  ] GC(12) Concurrent Preclean 12.373ms
[2022-04-25T23:44:40.988+0000][8][gc,start    ] GC(12) Pause Remark
[2022-04-25T23:44:40.993+0000][8][gc          ] GC(12) Pause Remark 50M->50M(512M) 4.575ms
[2022-04-25T23:44:40.994+0000][8][gc,cpu      ] GC(12) User=0.01s Sys=0.00s Real=0.00s
[2022-04-25T23:44:40.996+0000][8][safepoint   ] Safepoint "G1Concurrent", Time since last: 21351542 ns, Reaching safepoint: 379083 ns, At safepoint: 8207209 ns, Total: 8586292 ns
[2022-04-25T23:44:40.998+0000][8][gc,marking  ] GC(12) Concurrent Mark 41.963ms
[2022-04-25T23:44:40.999+0000][8][gc,marking  ] GC(12) Concurrent Rebuild Remembered Sets
[2022-04-25T23:44:41.025+0000][8][gc,marking  ] GC(12) Concurrent Rebuild Remembered Sets 25.742ms
[2022-04-25T23:44:41.127+0000][8][gc,start    ] GC(12) Pause Cleanup
[2022-04-25T23:44:41.253+0000][8][gc          ] GC(12) Pause Cleanup 52M->52M(512M) 126.257ms
[2022-04-25T23:44:41.320+0000][8][gc,cpu      ] GC(12) User=0.05s Sys=0.02s Real=0.19s
[2022-04-25T23:44:41.334+0000][8][safepoint   ] Safepoint "G1Concurrent", Time since last: 122937958 ns, Reaching safepoint: 7872375 ns, At safepoint: 207121125 ns, Total: 214993500 ns
[2022-04-25T23:44:41.359+0000][8][gc,marking  ] GC(12) Concurrent Cleanup for Next Mark
[2022-04-25T23:44:41.418+0000][8][gc,marking  ] GC(12) Concurrent Cleanup for Next Mark 58.484ms
[2022-04-25T23:44:41.468+0000][8][gc          ] GC(12) Concurrent Mark Cycle 533.551ms
[2022-04-25T23:44:42.641+0000][8][safepoint   ] Safepoint "ICBufferFull", Time since last: 1306582126 ns, Reaching safepoint: 329875 ns, At safepoint: 4333 ns, Total: 334208 ns
[2022-04-25T23:44:43.782+0000][8][safepoint   ] Safepoint "Cleanup", Time since last: 1133516584 ns, Reaching safepoint: 6802458 ns, At safepoint: 19959 ns, Total: 6822417 ns
[2022-04-25T23:44:44.791+0000][8][safepoint   ] Safepoint "Cleanup", Time since last: 1009564833 ns, Reaching safepoint: 164625 ns, At safepoint: 3834 ns, Total: 168459 ns
[2022-04-25T23:44:45.830+0000][8][safepoint   ] Safepoint "Cleanup", Time since last: 1022941625 ns, Reaching safepoint: 62791 ns, At safepoint: 3959 ns, Total: 66750 ns
[2022-04-25T23:44:46.981+0000][8][safepoint   ] Safepoint "Cleanup", Time since last: 1150406708 ns, Reaching safepoint: 149084 ns, At safepoint: 12750 ns, Total: 161834 ns
[2022-04-25T23:44:48.645+0000][8][safepoint   ] Safepoint "Cleanup", Time since last: 1659267876 ns, Reaching safepoint: 5112291 ns, At safepoint: 6459 ns, Total: 5118750 ns
[2022-04-25T23:44:48.978+0000][8][gc,start    ] GC(13) Pause Young (Concurrent Start) (G1 Evacuation Pause)
[2022-04-25T23:44:48.991+0000][8][gc,task     ] GC(13) Using 5 workers of 5 for evacuation
[2022-04-25T23:44:49.031+0000][8][gc,age      ] GC(13) Desired survivor size 20971520 bytes, new threshold 1 (max threshold 15)
[2022-04-25T23:44:49.142+0000][8][gc,age      ] GC(13) Age table with threshold 1 (max threshold 15)
[2022-04-25T23:44:49.185+0000][8][gc,age      ] GC(13) - age   1:    6095600 bytes,    6095600 total
[2022-04-25T23:44:49.208+0000][8][gc,phases   ] GC(13)   Pre Evacuate Collection Set: 0.2ms
[2022-04-25T23:44:49.231+0000][8][gc,phases   ] GC(13)   Merge Heap Roots: 0.4ms
[2022-04-25T23:44:49.237+0000][8][gc,phases   ] GC(13)   Evacuate Collection Set: 66.4ms
[2022-04-25T23:44:49.259+0000][8][gc,phases   ] GC(13)   Post Evacuate Collection Set: 20.3ms
[2022-04-25T23:44:49.298+0000][8][gc,phases   ] GC(13)   Other: 142.3ms
[2022-04-25T23:44:49.378+0000][8][gc,heap     ] GC(13) Eden regions: 67->0(74)
[2022-04-25T23:44:49.395+0000][8][gc,heap     ] GC(13) Survivor regions: 9->2(10)
[2022-04-25T23:44:49.423+0000][8][gc,heap     ] GC(13) Old regions: 3->12
[2022-04-25T23:44:49.425+0000][8][gc,heap     ] GC(13) Archive regions: 2->2
[2022-04-25T23:44:49.452+0000][8][gc,heap     ] GC(13) Humongous regions: 0->0
[2022-04-25T23:44:49.484+0000][8][gc,metaspace] GC(13) Metaspace: 52160K(53312K)->52160K(53312K) NonClass: 45065K(45760K)->45065K(45760K) Class: 7094K(7552K)->7094K(7552K)
[2022-04-25T23:44:49.621+0000][8][gc          ] GC(13) Pause Young (Concurrent Start) (G1 Evacuation Pause) 316M->56M(512M) 642.334ms
[2022-04-25T23:44:49.684+0000][8][gc,cpu      ] GC(13) User=0.25s Sys=0.02s Real=0.71s
[2022-04-25T23:44:49.723+0000][8][gc          ] GC(14) Concurrent Mark Cycle
[2022-04-25T23:44:49.780+0000][8][gc,marking  ] GC(14) Concurrent Clear Claimed Marks
[2022-04-25T23:44:49.723+0000][8][safepoint   ] Safepoint "G1CollectForAllocation", Time since last: 332781583 ns, Reaching safepoint: 60583 ns, At safepoint: 745052542 ns, Total: 745113125 ns
[2022-04-25T23:44:49.803+0000][8][gc,marking  ] GC(14) Concurrent Clear Claimed Marks 13.275ms
[2022-04-25T23:44:49.928+0000][8][gc,marking  ] GC(14) Concurrent Scan Root Regions
[2022-04-25T23:44:50.043+0000][8][gc,marking  ] GC(14) Concurrent Scan Root Regions 115.794ms
[2022-04-25T23:44:50.066+0000][8][gc,marking  ] GC(14) Concurrent Mark
[2022-04-25T23:44:50.136+0000][8][gc,marking  ] GC(14) Concurrent Mark From Roots
[2022-04-25T23:44:50.139+0000][8][gc,task     ] GC(14) Using 1 workers of 1 for marking
[2022-04-25T23:44:50.153+0000][8][gc,marking  ] GC(14) Concurrent Mark From Roots 17.368ms
[2022-04-25T23:44:50.155+0000][8][gc,marking  ] GC(14) Concurrent Preclean
[2022-04-25T23:44:50.156+0000][8][gc,marking  ] GC(14) Concurrent Preclean 1.549ms
[2022-04-25T23:44:50.158+0000][8][gc,start    ] GC(14) Pause Remark
[2022-04-25T23:44:50.164+0000][8][gc          ] GC(14) Pause Remark 90M->90M(512M) 5.538ms
[2022-04-25T23:44:50.165+0000][8][gc,cpu      ] GC(14) User=0.01s Sys=0.00s Real=0.01s
[2022-04-25T23:44:50.166+0000][8][safepoint   ] Safepoint "G1Concurrent", Time since last: 434061209 ns, Reaching safepoint: 655125 ns, At safepoint: 8351500 ns, Total: 9006625 ns
[2022-04-25T23:44:50.168+0000][8][gc,marking  ] GC(14) Concurrent Mark 101.297ms
[2022-04-25T23:44:50.169+0000][8][gc,marking  ] GC(14) Concurrent Rebuild Remembered Sets
[2022-04-25T23:44:50.191+0000][8][gc,marking  ] GC(14) Concurrent Rebuild Remembered Sets 22.292ms
[2022-04-25T23:44:50.193+0000][8][gc,start    ] GC(14) Pause Cleanup
[2022-04-25T23:44:50.194+0000][8][gc          ] GC(14) Pause Cleanup 104M->104M(512M) 1.550ms
[2022-04-25T23:44:50.195+0000][8][gc,cpu      ] GC(14) User=0.01s Sys=0.00s Real=0.00s
[2022-04-25T23:44:50.196+0000][8][safepoint   ] Safepoint "G1Concurrent", Time since last: 26151250 ns, Reaching safepoint: 287708 ns, At safepoint: 3599834 ns, Total: 3887542 ns
[2022-04-25T23:44:50.197+0000][8][gc,marking  ] GC(14) Concurrent Cleanup for Next Mark
[2022-04-25T23:44:50.199+0000][8][gc,marking  ] GC(14) Concurrent Cleanup for Next Mark 1.275ms
[2022-04-25T23:44:50.199+0000][8][gc          ] GC(14) Concurrent Mark Cycle 476.275ms
[2022-04-25T23:44:51.612+0000][8][safepoint   ] Safepoint "Cleanup", Time since last: 1382708209 ns, Reaching safepoint: 32814416 ns, At safepoint: 37875 ns, Total: 32852291 ns
[2022-04-25T23:44:52.982+0000][8][safepoint   ] Safepoint "Cleanup", Time since last: 1344561459 ns, Reaching safepoint: 25160042 ns, At safepoint: 11667 ns, Total: 25171709 ns
[2022-04-25T23:44:54.713+0000][8][safepoint   ] Safepoint "Cleanup", Time since last: 1730552417 ns, Reaching safepoint: 482833 ns, At safepoint: 3750 ns, Total: 486583 ns
[2022-04-25T23:44:55.772+0000][8][safepoint   ] Safepoint "Cleanup", Time since last: 1055642084 ns, Reaching safepoint: 3633292 ns, At safepoint: 5958 ns, Total: 3639250 ns
[2022-04-25T23:44:56.977+0000][8][safepoint   ] Safepoint "Cleanup", Time since last: 1173970584 ns, Reaching safepoint: 30803125 ns, At safepoint: 33459 ns, Total: 30836584 ns
[2022-04-25T23:44:57.142+0000][8][gc,heap,exit] Heap
[2022-04-25T23:44:57.144+0000][8][gc,heap,exit]  garbage-first heap   total 524288K, used 233514K [0x00000000e0000000, 0x0000000100000000)
[2022-04-25T23:44:57.145+0000][8][gc,heap,exit]   region size 4096K, 45 young (184320K), 2 survivors (8192K)
[2022-04-25T23:44:57.146+0000][8][gc,heap,exit]  Metaspace       used 67295K, committed 68608K, reserved 1114112K
[2022-04-25T23:44:57.148+0000][8][gc,heap,exit]   class space    used 9381K, committed 9920K, reserved 1048576K
