[2022-04-22T05:31:21.195+0000][8][gc] Using G1
[2022-04-22T05:31:21.297+0000][8][gc,init] Version: 17.0.2+8 (release)
[2022-04-22T05:31:21.298+0000][8][gc,init] CPUs: 5 total, 5 available
[2022-04-22T05:31:21.299+0000][8][gc,init] Memory: 7851M
[2022-04-22T05:31:21.300+0000][8][gc,init] Large Page Support: Disabled
[2022-04-22T05:31:21.301+0000][8][gc,init] NUMA Support: Disabled
[2022-04-22T05:31:21.302+0000][8][gc,init] Compressed Oops: Enabled (32-bit)
[2022-04-22T05:31:21.303+0000][8][gc,init] Heap Region Size: 4M
[2022-04-22T05:31:21.304+0000][8][gc,init] Heap Min Capacity: 512M
[2022-04-22T05:31:21.305+0000][8][gc,init] Heap Initial Capacity: 512M
[2022-04-22T05:31:21.307+0000][8][gc,init] Heap Max Capacity: 512M
[2022-04-22T05:31:21.309+0000][8][gc,init] Pre-touch: Enabled
[2022-04-22T05:31:21.311+0000][8][gc,init] Parallel Workers: 5
[2022-04-22T05:31:21.312+0000][8][gc,init] Concurrent Workers: 1
[2022-04-22T05:31:21.313+0000][8][gc,init] Concurrent Refinement Workers: 5
[2022-04-22T05:31:21.314+0000][8][gc,init] Periodic GC: Disabled
[2022-04-22T05:31:21.316+0000][8][gc,metaspace] CDS archive(s) mapped at: [0x0000000800000000-0x0000000800bd2000-0x0000000800bd2000), size 12394496, SharedBaseAddress: 0x0000000800000000, ArchiveRelocationMode: 0.
[2022-04-22T05:31:21.318+0000][8][gc,metaspace] Compressed class space mapped at: 0x0000000800c00000-0x0000000840c00000, reserved size: 1073741824
[2022-04-22T05:31:21.319+0000][8][gc,metaspace] Narrow klass base: 0x0000000800000000, Narrow klass shift: 0, Narrow klass range: 0x100000000
[2022-04-22T05:31:21.598+0000][8][safepoint   ] Safepoint "ICBufferFull", Time since last: 265682500 ns, Reaching safepoint: 294667 ns, At safepoint: 13916 ns, Total: 308583 ns
[2022-04-22T05:31:21.692+0000][8][safepoint   ] Safepoint "ICBufferFull", Time since last: 93569667 ns, Reaching safepoint: 213625 ns, At safepoint: 24542 ns, Total: 238167 ns
[2022-04-22T05:31:21.816+0000][8][safepoint   ] Safepoint "ICBufferFull", Time since last: 123951125 ns, Reaching safepoint: 558083 ns, At safepoint: 286250 ns, Total: 844333 ns
[2022-04-22T05:31:21.935+0000][8][gc,start    ] GC(0) Pause Young (Normal) (G1 Evacuation Pause)
[2022-04-22T05:31:21.937+0000][8][gc,task     ] GC(0) Using 5 workers of 5 for evacuation
[2022-04-22T05:31:21.939+0000][8][gc,age      ] GC(0) Desired survivor size 2097152 bytes, new threshold 15 (max threshold 15)
[2022-04-22T05:31:21.945+0000][8][gc,age      ] GC(0) Age table with threshold 15 (max threshold 15)
[2022-04-22T05:31:21.946+0000][8][gc,age      ] GC(0) - age   1:    4187160 bytes,    4187160 total
[2022-04-22T05:31:21.947+0000][8][gc,phases   ] GC(0)   Pre Evacuate Collection Set: 0.3ms
[2022-04-22T05:31:21.949+0000][8][gc,phases   ] GC(0)   Merge Heap Roots: 0.2ms
[2022-04-22T05:31:21.950+0000][8][gc,phases   ] GC(0)   Evacuate Collection Set: 2.1ms
[2022-04-22T05:31:21.952+0000][8][gc,phases   ] GC(0)   Post Evacuate Collection Set: 0.8ms
[2022-04-22T05:31:21.953+0000][8][gc,phases   ] GC(0)   Other: 8.6ms
[2022-04-22T05:31:21.954+0000][8][gc,heap     ] GC(0) Eden regions: 6->0(5)
[2022-04-22T05:31:21.956+0000][8][gc,heap     ] GC(0) Survivor regions: 0->1(1)
[2022-04-22T05:31:21.957+0000][8][gc,heap     ] GC(0) Old regions: 0->1
[2022-04-22T05:31:21.959+0000][8][gc,heap     ] GC(0) Archive regions: 2->2
[2022-04-22T05:31:21.961+0000][8][gc,heap     ] GC(0) Humongous regions: 0->0
[2022-04-22T05:31:21.962+0000][8][gc,metaspace] GC(0) Metaspace: 8849K(9024K)->8849K(9024K) NonClass: 7789K(7872K)->7789K(7872K) Class: 1060K(1152K)->1060K(1152K)
[2022-04-22T05:31:21.963+0000][8][gc          ] GC(0) Pause Young (Normal) (G1 Evacuation Pause) 27M->8M(512M) 27.686ms
[2022-04-22T05:31:21.964+0000][8][gc,cpu      ] GC(0) User=0.01s Sys=0.00s Real=0.03s
[2022-04-22T05:31:21.966+0000][8][safepoint   ] Safepoint "G1CollectForAllocation", Time since last: 118090375 ns, Reaching safepoint: 239250 ns, At safepoint: 30726959 ns, Total: 30966209 ns
[2022-04-22T05:31:22.266+0000][8][safepoint   ] Safepoint "ICBufferFull", Time since last: 299275875 ns, Reaching safepoint: 703208 ns, At safepoint: 35042 ns, Total: 738250 ns
[2022-04-22T05:31:22.375+0000][8][gc,start    ] GC(1) Pause Young (Normal) (G1 Evacuation Pause)
[2022-04-22T05:31:22.376+0000][8][gc,task     ] GC(1) Using 5 workers of 5 for evacuation
[2022-04-22T05:31:22.378+0000][8][gc,age      ] GC(1) Desired survivor size 2097152 bytes, new threshold 1 (max threshold 15)
[2022-04-22T05:31:22.385+0000][8][gc,age      ] GC(1) Age table with threshold 1 (max threshold 15)
[2022-04-22T05:31:22.386+0000][8][gc,age      ] GC(1) - age   1:    1919208 bytes,    1919208 total
[2022-04-22T05:31:22.387+0000][8][gc,phases   ] GC(1)   Pre Evacuate Collection Set: 0.1ms
[2022-04-22T05:31:22.389+0000][8][gc,phases   ] GC(1)   Merge Heap Roots: 0.1ms
[2022-04-22T05:31:22.390+0000][8][gc,phases   ] GC(1)   Evacuate Collection Set: 4.5ms
[2022-04-22T05:31:22.392+0000][8][gc,phases   ] GC(1)   Post Evacuate Collection Set: 1.1ms
[2022-04-22T05:31:22.393+0000][8][gc,phases   ] GC(1)   Other: 6.8ms
[2022-04-22T05:31:22.395+0000][8][gc,heap     ] GC(1) Eden regions: 5->0(7)
[2022-04-22T05:31:22.396+0000][8][gc,heap     ] GC(1) Survivor regions: 1->1(1)
[2022-04-22T05:31:22.398+0000][8][gc,heap     ] GC(1) Old regions: 1->2
[2022-04-22T05:31:22.400+0000][8][gc,heap     ] GC(1) Archive regions: 2->2
[2022-04-22T05:31:22.401+0000][8][gc,heap     ] GC(1) Humongous regions: 0->0
[2022-04-22T05:31:22.403+0000][8][gc,metaspace] GC(1) Metaspace: 12167K(12416K)->12167K(12416K) NonClass: 10669K(10816K)->10669K(10816K) Class: 1497K(1600K)->1497K(1600K)
[2022-04-22T05:31:22.404+0000][8][gc          ] GC(1) Pause Young (Normal) (G1 Evacuation Pause) 28M->10M(512M) 29.442ms
[2022-04-22T05:31:22.406+0000][8][gc,cpu      ] GC(1) User=0.00s Sys=0.00s Real=0.03s
[2022-04-22T05:31:22.408+0000][8][safepoint   ] Safepoint "G1CollectForAllocation", Time since last: 108877625 ns, Reaching safepoint: 67208 ns, At safepoint: 33122042 ns, Total: 33189250 ns
[2022-04-22T05:31:22.692+0000][8][safepoint   ] Safepoint "ICBufferFull", Time since last: 284518042 ns, Reaching safepoint: 275000 ns, At safepoint: 4041 ns, Total: 279041 ns
[2022-04-22T05:31:22.887+0000][8][gc,start    ] GC(2) Pause Young (Normal) (G1 Evacuation Pause)
[2022-04-22T05:31:22.916+0000][8][gc,task     ] GC(2) Using 5 workers of 5 for evacuation
[2022-04-22T05:31:22.935+0000][8][gc,age      ] GC(2) Desired survivor size 2097152 bytes, new threshold 15 (max threshold 15)
[2022-04-22T05:31:22.945+0000][8][gc,age      ] GC(2) Age table with threshold 15 (max threshold 15)
[2022-04-22T05:31:22.946+0000][8][gc,age      ] GC(2) - age   1:     840360 bytes,     840360 total
[2022-04-22T05:31:22.947+0000][8][gc,age      ] GC(2) - age   2:    1902496 bytes,    2742856 total
[2022-04-22T05:31:22.949+0000][8][gc,phases   ] GC(2)   Pre Evacuate Collection Set: 0.1ms
[2022-04-22T05:31:22.951+0000][8][gc,phases   ] GC(2)   Merge Heap Roots: 0.3ms
[2022-04-22T05:31:22.954+0000][8][gc,phases   ] GC(2)   Evacuate Collection Set: 3.1ms
[2022-04-22T05:31:22.955+0000][8][gc,phases   ] GC(2)   Post Evacuate Collection Set: 2.6ms
[2022-04-22T05:31:22.957+0000][8][gc,phases   ] GC(2)   Other: 56.0ms
[2022-04-22T05:31:22.958+0000][8][gc,heap     ] GC(2) Eden regions: 7->0(28)
[2022-04-22T05:31:22.959+0000][8][gc,heap     ] GC(2) Survivor regions: 1->1(1)
[2022-04-22T05:31:22.961+0000][8][gc,heap     ] GC(2) Old regions: 2->2
[2022-04-22T05:31:22.962+0000][8][gc,heap     ] GC(2) Archive regions: 2->2
[2022-04-22T05:31:22.964+0000][8][gc,heap     ] GC(2) Humongous regions: 0->0
[2022-04-22T05:31:22.966+0000][8][gc,metaspace] GC(2) Metaspace: 14549K(14784K)->14549K(14784K) NonClass: 12812K(12928K)->12812K(12928K) Class: 1737K(1856K)->1737K(1856K)
[2022-04-22T05:31:22.968+0000][8][gc          ] GC(2) Pause Young (Normal) (G1 Evacuation Pause) 38M->10M(512M) 81.279ms
[2022-04-22T05:31:22.969+0000][8][gc,cpu      ] GC(2) User=0.02s Sys=0.00s Real=0.08s
[2022-04-22T05:31:22.970+0000][8][safepoint   ] Safepoint "G1CollectForAllocation", Time since last: 194411917 ns, Reaching safepoint: 90667 ns, At safepoint: 83472125 ns, Total: 83562792 ns
[2022-04-22T05:31:23.283+0000][8][safepoint   ] Safepoint "ICBufferFull", Time since last: 312595833 ns, Reaching safepoint: 359709 ns, At safepoint: 3666 ns, Total: 363375 ns
[2022-04-22T05:31:23.484+0000][8][safepoint   ] Safepoint "ICBufferFull", Time since last: 198930834 ns, Reaching safepoint: 690791 ns, At safepoint: 22292 ns, Total: 713083 ns
[2022-04-22T05:31:23.502+0000][8][safepoint   ] Safepoint "ICBufferFull", Time since last: 18578167 ns, Reaching safepoint: 327666 ns, At safepoint: 6250 ns, Total: 333916 ns
[2022-04-22T05:31:23.506+0000][8][safepoint   ] Safepoint "ICBufferFull", Time since last: 4449500 ns, Reaching safepoint: 36625 ns, At safepoint: 2084 ns, Total: 38709 ns
[2022-04-22T05:31:23.509+0000][8][safepoint   ] Safepoint "ICBufferFull", Time since last: 2088458 ns, Reaching safepoint: 514917 ns, At safepoint: 6791 ns, Total: 521708 ns
[2022-04-22T05:31:23.512+0000][8][safepoint   ] Safepoint "ICBufferFull", Time since last: 3325250 ns, Reaching safepoint: 116459 ns, At safepoint: 2916 ns, Total: 119375 ns
[2022-04-22T05:31:23.525+0000][8][safepoint   ] Safepoint "ICBufferFull", Time since last: 12190792 ns, Reaching safepoint: 241917 ns, At safepoint: 4333 ns, Total: 246250 ns
[2022-04-22T05:31:23.529+0000][8][safepoint   ] Safepoint "ICBufferFull", Time since last: 2921208 ns, Reaching safepoint: 801792 ns, At safepoint: 7417 ns, Total: 809209 ns
[2022-04-22T05:31:23.535+0000][8][safepoint   ] Safepoint "ICBufferFull", Time since last: 5916416 ns, Reaching safepoint: 57875 ns, At safepoint: 3959 ns, Total: 61834 ns
[2022-04-22T05:31:23.542+0000][8][safepoint   ] Safepoint "ICBufferFull", Time since last: 7854041 ns, Reaching safepoint: 48417 ns, At safepoint: 2083 ns, Total: 50500 ns
[2022-04-22T05:31:23.545+0000][8][safepoint   ] Safepoint "ICBufferFull", Time since last: 2012292 ns, Reaching safepoint: 150458 ns, At safepoint: 7875 ns, Total: 158333 ns
[2022-04-22T05:31:23.548+0000][8][safepoint   ] Safepoint "ICBufferFull", Time since last: 3666834 ns, Reaching safepoint: 63500 ns, At safepoint: 6333 ns, Total: 69833 ns
[2022-04-22T05:31:23.989+0000][8][gc,start    ] GC(3) Pause Young (Normal) (G1 Evacuation Pause)
[2022-04-22T05:31:23.991+0000][8][gc,task     ] GC(3) Using 5 workers of 5 for evacuation
[2022-04-22T05:31:23.993+0000][8][gc,age      ] GC(3) Desired survivor size 8388608 bytes, new threshold 15 (max threshold 15)
[2022-04-22T05:31:24.002+0000][8][gc,age      ] GC(3) Age table with threshold 15 (max threshold 15)
[2022-04-22T05:31:24.003+0000][8][gc,age      ] GC(3) - age   1:    3782872 bytes,    3782872 total
[2022-04-22T05:31:24.007+0000][8][gc,age      ] GC(3) - age   2:     803232 bytes,    4586104 total
[2022-04-22T05:31:24.017+0000][8][gc,age      ] GC(3) - age   3:    1900960 bytes,    6487064 total
[2022-04-22T05:31:24.029+0000][8][gc,phases   ] GC(3)   Pre Evacuate Collection Set: 0.7ms
[2022-04-22T05:31:24.036+0000][8][gc,phases   ] GC(3)   Merge Heap Roots: 0.2ms
[2022-04-22T05:31:24.042+0000][8][gc,phases   ] GC(3)   Evacuate Collection Set: 4.6ms
[2022-04-22T05:31:24.044+0000][8][gc,phases   ] GC(3)   Post Evacuate Collection Set: 2.1ms
[2022-04-22T05:31:24.054+0000][8][gc,phases   ] GC(3)   Other: 33.2ms
[2022-04-22T05:31:24.060+0000][8][gc,heap     ] GC(3) Eden regions: 28->0(74)
[2022-04-22T05:31:24.064+0000][8][gc,heap     ] GC(3) Survivor regions: 1->2(4)
[2022-04-22T05:31:24.068+0000][8][gc,heap     ] GC(3) Old regions: 2->2
[2022-04-22T05:31:24.073+0000][8][gc,heap     ] GC(3) Archive regions: 2->2
[2022-04-22T05:31:24.078+0000][8][gc,heap     ] GC(3) Humongous regions: 0->0
[2022-04-22T05:31:24.081+0000][8][gc,metaspace] GC(3) Metaspace: 17008K(17280K)->17008K(17280K) NonClass: 14985K(15104K)->14985K(15104K) Class: 2023K(2176K)->2023K(2176K)
[2022-04-22T05:31:24.085+0000][8][gc          ] GC(3) Pause Young (Normal) (G1 Evacuation Pause) 122M->14M(512M) 96.879ms
[2022-04-22T05:31:24.087+0000][8][gc,cpu      ] GC(3) User=0.02s Sys=0.01s Real=0.10s
[2022-04-22T05:31:24.092+0000][8][safepoint   ] Safepoint "G1CollectForAllocation", Time since last: 417023000 ns, Reaching safepoint: 23069167 ns, At safepoint: 103475542 ns, Total: 126544709 ns
[2022-04-22T05:31:24.548+0000][8][safepoint   ] Safepoint "ICBufferFull", Time since last: 454689417 ns, Reaching safepoint: 1057375 ns, At safepoint: 10083 ns, Total: 1067458 ns
[2022-04-22T05:31:25.186+0000][8][gc,start    ] GC(4) Pause Young (Normal) (G1 Evacuation Pause)
[2022-04-22T05:31:25.189+0000][8][gc,task     ] GC(4) Using 5 workers of 5 for evacuation
[2022-04-22T05:31:25.190+0000][8][gc,age      ] GC(4) Desired survivor size 20971520 bytes, new threshold 15 (max threshold 15)
[2022-04-22T05:31:25.196+0000][8][gc,age      ] GC(4) Age table with threshold 15 (max threshold 15)
[2022-04-22T05:31:25.198+0000][8][gc,age      ] GC(4) - age   1:    5136064 bytes,    5136064 total
[2022-04-22T05:31:25.202+0000][8][gc,age      ] GC(4) - age   2:    2310376 bytes,    7446440 total
[2022-04-22T05:31:25.203+0000][8][gc,age      ] GC(4) - age   3:     802968 bytes,    8249408 total
[2022-04-22T05:31:25.204+0000][8][gc,age      ] GC(4) - age   4:    1900080 bytes,   10149488 total
[2022-04-22T05:31:25.206+0000][8][gc,phases   ] GC(4)   Pre Evacuate Collection Set: 0.0ms
[2022-04-22T05:31:25.208+0000][8][gc,phases   ] GC(4)   Merge Heap Roots: 0.1ms
[2022-04-22T05:31:25.208+0000][8][gc,phases   ] GC(4)   Evacuate Collection Set: 3.7ms
[2022-04-22T05:31:25.209+0000][8][gc,phases   ] GC(4)   Post Evacuate Collection Set: 1.4ms
[2022-04-22T05:31:25.211+0000][8][gc,phases   ] GC(4)   Other: 14.7ms
[2022-04-22T05:31:25.212+0000][8][gc,heap     ] GC(4) Eden regions: 74->0(73)
[2022-04-22T05:31:25.214+0000][8][gc,heap     ] GC(4) Survivor regions: 2->3(10)
[2022-04-22T05:31:25.215+0000][8][gc,heap     ] GC(4) Old regions: 2->2
[2022-04-22T05:31:25.215+0000][8][gc,heap     ] GC(4) Archive regions: 2->2
[2022-04-22T05:31:25.217+0000][8][gc,heap     ] GC(4) Humongous regions: 0->0
[2022-04-22T05:31:25.218+0000][8][gc,metaspace] GC(4) Metaspace: 18583K(19008K)->18583K(19008K) NonClass: 16313K(16576K)->16313K(16576K) Class: 2270K(2432K)->2270K(2432K)
[2022-04-22T05:31:25.220+0000][8][gc          ] GC(4) Pause Young (Normal) (G1 Evacuation Pause) 310M->17M(512M) 33.871ms
[2022-04-22T05:31:25.221+0000][8][gc,cpu      ] GC(4) User=0.02s Sys=0.00s Real=0.03s
[2022-04-22T05:31:25.223+0000][8][safepoint   ] Safepoint "G1CollectForAllocation", Time since last: 638469792 ns, Reaching safepoint: 128375 ns, At safepoint: 36567167 ns, Total: 36695542 ns
[2022-04-22T05:31:25.563+0000][8][gc,start    ] GC(5) Pause Young (Normal) (G1 Evacuation Pause)
[2022-04-22T05:31:25.564+0000][8][gc,task     ] GC(5) Using 5 workers of 5 for evacuation
[2022-04-22T05:31:25.565+0000][8][gc,age      ] GC(5) Desired survivor size 20971520 bytes, new threshold 15 (max threshold 15)
[2022-04-22T05:31:25.573+0000][8][gc,age      ] GC(5) Age table with threshold 15 (max threshold 15)
[2022-04-22T05:31:25.575+0000][8][gc,age      ] GC(5) - age   1:    3087160 bytes,    3087160 total
[2022-04-22T05:31:25.575+0000][8][gc,age      ] GC(5) - age   2:    5121584 bytes,    8208744 total
[2022-04-22T05:31:25.576+0000][8][gc,age      ] GC(5) - age   3:    2309912 bytes,   10518656 total
[2022-04-22T05:31:25.578+0000][8][gc,age      ] GC(5) - age   4:     802696 bytes,   11321352 total
[2022-04-22T05:31:25.578+0000][8][gc,age      ] GC(5) - age   5:    1900016 bytes,   13221368 total
[2022-04-22T05:31:25.580+0000][8][gc,phases   ] GC(5)   Pre Evacuate Collection Set: 0.3ms
[2022-04-22T05:31:25.581+0000][8][gc,phases   ] GC(5)   Merge Heap Roots: 0.4ms
[2022-04-22T05:31:25.582+0000][8][gc,phases   ] GC(5)   Evacuate Collection Set: 4.7ms
[2022-04-22T05:31:25.584+0000][8][gc,phases   ] GC(5)   Post Evacuate Collection Set: 1.3ms
[2022-04-22T05:31:25.585+0000][8][gc,phases   ] GC(5)   Other: 10.5ms
[2022-04-22T05:31:25.586+0000][8][gc,heap     ] GC(5) Eden regions: 73->0(72)
[2022-04-22T05:31:25.587+0000][8][gc,heap     ] GC(5) Survivor regions: 3->4(10)
[2022-04-22T05:31:25.588+0000][8][gc,heap     ] GC(5) Old regions: 2->2
[2022-04-22T05:31:25.589+0000][8][gc,heap     ] GC(5) Archive regions: 2->2
[2022-04-22T05:31:25.592+0000][8][gc,heap     ] GC(5) Humongous regions: 0->0
[2022-04-22T05:31:25.593+0000][8][gc,metaspace] GC(5) Metaspace: 19534K(20032K)->19534K(20032K) NonClass: 17126K(17408K)->17126K(17408K) Class: 2408K(2624K)->2408K(2624K)
[2022-04-22T05:31:25.594+0000][8][gc          ] GC(5) Pause Young (Normal) (G1 Evacuation Pause) 309M->21M(512M) 31.080ms
[2022-04-22T05:31:25.595+0000][8][gc,cpu      ] GC(5) User=0.02s Sys=0.01s Real=0.03s
[2022-04-22T05:31:25.597+0000][8][safepoint   ] Safepoint "G1CollectForAllocation", Time since last: 339795250 ns, Reaching safepoint: 301625 ns, At safepoint: 33652541 ns, Total: 33954166 ns
[2022-04-22T05:31:26.058+0000][8][gc,start    ] GC(6) Pause Young (Normal) (G1 Evacuation Pause)
[2022-04-22T05:31:26.062+0000][8][gc,task     ] GC(6) Using 5 workers of 5 for evacuation
[2022-04-22T05:31:26.071+0000][8][gc,age      ] GC(6) Desired survivor size 20971520 bytes, new threshold 15 (max threshold 15)
[2022-04-22T05:31:26.086+0000][8][gc,age      ] GC(6) Age table with threshold 15 (max threshold 15)
[2022-04-22T05:31:26.087+0000][8][gc,age      ] GC(6) - age   1:    4079600 bytes,    4079600 total
[2022-04-22T05:31:26.090+0000][8][gc,age      ] GC(6) - age   2:    1323960 bytes,    5403560 total
[2022-04-22T05:31:26.092+0000][8][gc,age      ] GC(6) - age   3:    5116488 bytes,   10520048 total
[2022-04-22T05:31:26.094+0000][8][gc,age      ] GC(6) - age   4:    2308488 bytes,   12828536 total
[2022-04-22T05:31:26.096+0000][8][gc,age      ] GC(6) - age   5:     802016 bytes,   13630552 total
[2022-04-22T05:31:26.099+0000][8][gc,age      ] GC(6) - age   6:    1899712 bytes,   15530264 total
[2022-04-22T05:31:26.101+0000][8][gc,phases   ] GC(6)   Pre Evacuate Collection Set: 0.2ms
[2022-04-22T05:31:26.102+0000][8][gc,phases   ] GC(6)   Merge Heap Roots: 0.5ms
[2022-04-22T05:31:26.104+0000][8][gc,phases   ] GC(6)   Evacuate Collection Set: 8.4ms
[2022-04-22T05:31:26.113+0000][8][gc,phases   ] GC(6)   Post Evacuate Collection Set: 3.2ms
[2022-04-22T05:31:26.123+0000][8][gc,phases   ] GC(6)   Other: 30.1ms
[2022-04-22T05:31:26.131+0000][8][gc,heap     ] GC(6) Eden regions: 72->0(72)
[2022-04-22T05:31:26.137+0000][8][gc,heap     ] GC(6) Survivor regions: 4->4(10)
[2022-04-22T05:31:26.138+0000][8][gc,heap     ] GC(6) Old regions: 2->2
[2022-04-22T05:31:26.139+0000][8][gc,heap     ] GC(6) Archive regions: 2->2
[2022-04-22T05:31:26.140+0000][8][gc,heap     ] GC(6) Humongous regions: 0->0
[2022-04-22T05:31:26.144+0000][8][gc,metaspace] GC(6) Metaspace: 20695K(21248K)->20695K(21248K) NonClass: 18128K(18496K)->18128K(18496K) Class: 2567K(2752K)->2567K(2752K)
[2022-04-22T05:31:26.146+0000][8][gc          ] GC(6) Pause Young (Normal) (G1 Evacuation Pause) 309M->24M(512M) 87.395ms
[2022-04-22T05:31:26.148+0000][8][gc,cpu      ] GC(6) User=0.03s Sys=0.01s Real=0.09s
[2022-04-22T05:31:26.149+0000][8][safepoint   ] Safepoint "G1CollectForAllocation", Time since last: 461251501 ns, Reaching safepoint: 352250 ns, At safepoint: 90779125 ns, Total: 91131375 ns
[2022-04-22T05:31:26.918+0000][8][gc,start    ] GC(7) Pause Young (Concurrent Start) (Metadata GC Threshold)
[2022-04-22T05:31:26.919+0000][8][gc,task     ] GC(7) Using 5 workers of 5 for evacuation
[2022-04-22T05:31:26.921+0000][8][gc,age      ] GC(7) Desired survivor size 20971520 bytes, new threshold 15 (max threshold 15)
[2022-04-22T05:31:26.928+0000][8][gc,age      ] GC(7) Age table with threshold 15 (max threshold 15)
[2022-04-22T05:31:26.930+0000][8][gc,age      ] GC(7) - age   1:     966528 bytes,     966528 total
[2022-04-22T05:31:26.931+0000][8][gc,age      ] GC(7) - age   2:    2160672 bytes,    3127200 total
[2022-04-22T05:31:26.932+0000][8][gc,age      ] GC(7) - age   3:    1310496 bytes,    4437696 total
[2022-04-22T05:31:26.933+0000][8][gc,age      ] GC(7) - age   4:    5103640 bytes,    9541336 total
[2022-04-22T05:31:26.934+0000][8][gc,age      ] GC(7) - age   5:    2304384 bytes,   11845720 total
[2022-04-22T05:31:26.936+0000][8][gc,age      ] GC(7) - age   6:     802016 bytes,   12647736 total
[2022-04-22T05:31:26.937+0000][8][gc,age      ] GC(7) - age   7:    1899712 bytes,   14547448 total
[2022-04-22T05:31:26.939+0000][8][gc,phases   ] GC(7)   Pre Evacuate Collection Set: 0.1ms
[2022-04-22T05:31:26.940+0000][8][gc,phases   ] GC(7)   Merge Heap Roots: 0.1ms
[2022-04-22T05:31:26.941+0000][8][gc,phases   ] GC(7)   Evacuate Collection Set: 3.0ms
[2022-04-22T05:31:26.942+0000][8][gc,phases   ] GC(7)   Post Evacuate Collection Set: 2.4ms
[2022-04-22T05:31:26.944+0000][8][gc,phases   ] GC(7)   Other: 15.5ms
[2022-04-22T05:31:26.945+0000][8][gc,heap     ] GC(7) Eden regions: 59->0(72)
[2022-04-22T05:31:26.945+0000][8][gc,heap     ] GC(7) Survivor regions: 4->4(10)
[2022-04-22T05:31:26.947+0000][8][gc,heap     ] GC(7) Old regions: 2->2
[2022-04-22T05:31:26.947+0000][8][gc,heap     ] GC(7) Archive regions: 2->2
[2022-04-22T05:31:26.948+0000][8][gc,heap     ] GC(7) Humongous regions: 0->0
[2022-04-22T05:31:26.949+0000][8][gc,metaspace] GC(7) Metaspace: 20994K(21504K)->20994K(21504K) NonClass: 18369K(18688K)->18369K(18688K) Class: 2624K(2816K)->2624K(2816K)
[2022-04-22T05:31:26.951+0000][8][gc          ] GC(7) Pause Young (Concurrent Start) (Metadata GC Threshold) 260M->22M(512M) 32.517ms
[2022-04-22T05:31:26.952+0000][8][gc,cpu      ] GC(7) User=0.02s Sys=0.01s Real=0.03s
[2022-04-22T05:31:26.953+0000][8][safepoint   ] Safepoint "CollectForMetadataAllocation", Time since last: 768656792 ns, Reaching safepoint: 274541 ns, At safepoint: 35219417 ns, Total: 35493958 ns
[2022-04-22T05:31:26.953+0000][8][gc          ] GC(8) Concurrent Mark Cycle
[2022-04-22T05:31:26.955+0000][8][gc,marking  ] GC(8) Concurrent Clear Claimed Marks
[2022-04-22T05:31:26.956+0000][8][gc,marking  ] GC(8) Concurrent Clear Claimed Marks 1.057ms
[2022-04-22T05:31:26.958+0000][8][gc,marking  ] GC(8) Concurrent Scan Root Regions
[2022-04-22T05:31:26.963+0000][8][gc,marking  ] GC(8) Concurrent Scan Root Regions 4.882ms
[2022-04-22T05:31:26.965+0000][8][gc,marking  ] GC(8) Concurrent Mark
[2022-04-22T05:31:26.970+0000][8][gc,marking  ] GC(8) Concurrent Mark From Roots
[2022-04-22T05:31:26.972+0000][8][gc,task     ] GC(8) Using 1 workers of 1 for marking
[2022-04-22T05:31:26.984+0000][8][gc,marking  ] GC(8) Concurrent Mark From Roots 13.540ms
[2022-04-22T05:31:26.997+0000][8][gc,marking  ] GC(8) Concurrent Preclean
[2022-04-22T05:31:26.996+0000][8][safepoint   ] Safepoint "CollectForMetadataAllocation", Time since last: 42152167 ns, Reaching safepoint: 673458 ns, At safepoint: 190583 ns, Total: 864041 ns
[2022-04-22T05:31:26.999+0000][8][gc,marking  ] GC(8) Concurrent Preclean 2.552ms
[2022-04-22T05:31:27.002+0000][8][gc,start    ] GC(8) Pause Remark
[2022-04-22T05:31:27.007+0000][8][gc          ] GC(8) Pause Remark 25M->25M(512M) 5.240ms
[2022-04-22T05:31:27.009+0000][8][gc,cpu      ] GC(8) User=0.01s Sys=0.00s Real=0.00s
[2022-04-22T05:31:27.010+0000][8][safepoint   ] Safepoint "G1Concurrent", Time since last: 5639084 ns, Reaching safepoint: 328833 ns, At safepoint: 7884375 ns, Total: 8213208 ns
[2022-04-22T05:31:27.012+0000][8][gc,marking  ] GC(8) Concurrent Mark 46.819ms
[2022-04-22T05:31:27.013+0000][8][gc,marking  ] GC(8) Concurrent Rebuild Remembered Sets
[2022-04-22T05:31:27.019+0000][8][gc,marking  ] GC(8) Concurrent Rebuild Remembered Sets 6.057ms
[2022-04-22T05:31:27.021+0000][8][gc,start    ] GC(8) Pause Cleanup
[2022-04-22T05:31:27.022+0000][8][gc          ] GC(8) Pause Cleanup 26M->26M(512M) 1.674ms
[2022-04-22T05:31:27.024+0000][8][gc,cpu      ] GC(8) User=0.00s Sys=0.00s Real=0.01s
[2022-04-22T05:31:27.024+0000][8][safepoint   ] Safepoint "G1Concurrent", Time since last: 10445208 ns, Reaching safepoint: 256542 ns, At safepoint: 3691917 ns, Total: 3948459 ns
[2022-04-22T05:31:27.026+0000][8][gc,marking  ] GC(8) Concurrent Cleanup for Next Mark
[2022-04-22T05:31:27.028+0000][8][gc,marking  ] GC(8) Concurrent Cleanup for Next Mark 1.686ms
[2022-04-22T05:31:27.029+0000][8][gc          ] GC(8) Concurrent Mark Cycle 76.076ms
[2022-04-22T05:31:27.390+0000][8][safepoint   ] Safepoint "ICBufferFull", Time since last: 364597333 ns, Reaching safepoint: 237833 ns, At safepoint: 19375 ns, Total: 257208 ns
[2022-04-22T05:31:27.401+0000][8][safepoint   ] Safepoint "ICBufferFull", Time since last: 10674625 ns, Reaching safepoint: 262333 ns, At safepoint: 4084 ns, Total: 266417 ns
[2022-04-22T05:31:27.402+0000][8][safepoint   ] Safepoint "ICBufferFull", Time since last: 1865500 ns, Reaching safepoint: 94708 ns, At safepoint: 2750 ns, Total: 97458 ns
[2022-04-22T05:31:27.403+0000][8][safepoint   ] Safepoint "ICBufferFull", Time since last: 949792 ns, Reaching safepoint: 30000 ns, At safepoint: 1125 ns, Total: 31125 ns
[2022-04-22T05:31:27.405+0000][8][safepoint   ] Safepoint "ICBufferFull", Time since last: 1179541 ns, Reaching safepoint: 75875 ns, At safepoint: 2584 ns, Total: 78459 ns
[2022-04-22T05:31:27.406+0000][8][safepoint   ] Safepoint "ICBufferFull", Time since last: 1025000 ns, Reaching safepoint: 113958 ns, At safepoint: 2542 ns, Total: 116500 ns
[2022-04-22T05:31:27.407+0000][8][safepoint   ] Safepoint "ICBufferFull", Time since last: 1097458 ns, Reaching safepoint: 19500 ns, At safepoint: 1042 ns, Total: 20542 ns
[2022-04-22T05:31:27.408+0000][8][safepoint   ] Safepoint "ICBufferFull", Time since last: 1155375 ns, Reaching safepoint: 56583 ns, At safepoint: 2000 ns, Total: 58583 ns
[2022-04-22T05:31:27.418+0000][8][safepoint   ] Safepoint "ICBufferFull", Time since last: 9606875 ns, Reaching safepoint: 116792 ns, At safepoint: 2875 ns, Total: 119667 ns
[2022-04-22T05:31:27.420+0000][8][safepoint   ] Safepoint "ICBufferFull", Time since last: 1439333 ns, Reaching safepoint: 164958 ns, At safepoint: 3750 ns, Total: 168708 ns
[2022-04-22T05:31:27.421+0000][8][safepoint   ] Safepoint "ICBufferFull", Time since last: 1371417 ns, Reaching safepoint: 99417 ns, At safepoint: 2583 ns, Total: 102000 ns
[2022-04-22T05:31:27.434+0000][8][safepoint   ] Safepoint "ICBufferFull", Time since last: 12592875 ns, Reaching safepoint: 49542 ns, At safepoint: 1666 ns, Total: 51208 ns
[2022-04-22T05:31:27.440+0000][8][safepoint   ] Safepoint "ICBufferFull", Time since last: 5758167 ns, Reaching safepoint: 121042 ns, At safepoint: 2916 ns, Total: 123958 ns
[2022-04-22T05:31:27.443+0000][8][safepoint   ] Safepoint "ICBufferFull", Time since last: 3669959 ns, Reaching safepoint: 115500 ns, At safepoint: 2875 ns, Total: 118375 ns
[2022-04-22T05:31:27.445+0000][8][safepoint   ] Safepoint "ICBufferFull", Time since last: 1315625 ns, Reaching safepoint: 197458 ns, At safepoint: 2500 ns, Total: 199958 ns
[2022-04-22T05:31:27.448+0000][8][safepoint   ] Safepoint "ICBufferFull", Time since last: 3045542 ns, Reaching safepoint: 171875 ns, At safepoint: 9500 ns, Total: 181375 ns
[2022-04-22T05:31:27.454+0000][8][safepoint   ] Safepoint "ICBufferFull", Time since last: 5753416 ns, Reaching safepoint: 82334 ns, At safepoint: 4125 ns, Total: 86459 ns
[2022-04-22T05:31:27.468+0000][8][safepoint   ] Safepoint "ICBufferFull", Time since last: 14361791 ns, Reaching safepoint: 99459 ns, At safepoint: 3708 ns, Total: 103167 ns
[2022-04-22T05:31:27.537+0000][8][safepoint   ] Safepoint "ICBufferFull", Time since last: 68543500 ns, Reaching safepoint: 142375 ns, At safepoint: 3375 ns, Total: 145750 ns
[2022-04-22T05:31:27.757+0000][8][safepoint   ] Safepoint "ICBufferFull", Time since last: 219474792 ns, Reaching safepoint: 259125 ns, At safepoint: 17083 ns, Total: 276208 ns
[2022-04-22T05:31:28.103+0000][8][safepoint   ] Safepoint "ICBufferFull", Time since last: 345752959 ns, Reaching safepoint: 175625 ns, At safepoint: 27916 ns, Total: 203541 ns
[2022-04-22T05:31:28.310+0000][8][safepoint   ] Safepoint "ICBufferFull", Time since last: 206727542 ns, Reaching safepoint: 249417 ns, At safepoint: 14500 ns, Total: 263917 ns
[2022-04-22T05:31:28.509+0000][8][gc,start    ] GC(9) Pause Young (Concurrent Start) (Metadata GC Threshold)
[2022-04-22T05:31:28.510+0000][8][gc,task     ] GC(9) Using 5 workers of 5 for evacuation
[2022-04-22T05:31:28.512+0000][8][gc,age      ] GC(9) Desired survivor size 20971520 bytes, new threshold 15 (max threshold 15)
[2022-04-22T05:31:28.530+0000][8][gc,age      ] GC(9) Age table with threshold 15 (max threshold 15)
[2022-04-22T05:31:28.532+0000][8][gc,age      ] GC(9) - age   1:   26997496 bytes,   26997496 total
[2022-04-22T05:31:28.533+0000][8][gc,age      ] GC(9) - age   2:     956952 bytes,   27954448 total
[2022-04-22T05:31:28.534+0000][8][gc,age      ] GC(9) - age   3:    2141520 bytes,   30095968 total
[2022-04-22T05:31:28.535+0000][8][gc,age      ] GC(9) - age   4:    1307888 bytes,   31403856 total
[2022-04-22T05:31:28.536+0000][8][gc,age      ] GC(9) - age   5:    5075008 bytes,   36478864 total
[2022-04-22T05:31:28.537+0000][8][gc,age      ] GC(9) - age   6:    2231800 bytes,   38710664 total
[2022-04-22T05:31:28.538+0000][8][gc,age      ] GC(9) - age   7:     769400 bytes,   39480064 total
[2022-04-22T05:31:28.539+0000][8][gc,age      ] GC(9) - age   8:    1892424 bytes,   41372488 total
[2022-04-22T05:31:28.539+0000][8][gc,phases   ] GC(9)   Pre Evacuate Collection Set: 0.3ms
[2022-04-22T05:31:28.540+0000][8][gc,phases   ] GC(9)   Merge Heap Roots: 0.2ms
[2022-04-22T05:31:28.541+0000][8][gc,phases   ] GC(9)   Evacuate Collection Set: 14.8ms
[2022-04-22T05:31:28.541+0000][8][gc,phases   ] GC(9)   Post Evacuate Collection Set: 1.6ms
[2022-04-22T05:31:28.542+0000][8][gc,phases   ] GC(9)   Other: 13.3ms
[2022-04-22T05:31:28.543+0000][8][gc,heap     ] GC(9) Eden regions: 70->0(66)
[2022-04-22T05:31:28.544+0000][8][gc,heap     ] GC(9) Survivor regions: 4->10(10)
[2022-04-22T05:31:28.545+0000][8][gc,heap     ] GC(9) Old regions: 2->2
[2022-04-22T05:31:28.545+0000][8][gc,heap     ] GC(9) Archive regions: 2->2
[2022-04-22T05:31:28.546+0000][8][gc,heap     ] GC(9) Humongous regions: 0->0
[2022-04-22T05:31:28.547+0000][8][gc,metaspace] GC(9) Metaspace: 35605K(36480K)->35605K(36480K) NonClass: 30899K(31424K)->30899K(31424K) Class: 4706K(5056K)->4706K(5056K)
[2022-04-22T05:31:28.548+0000][8][gc          ] GC(9) Pause Young (Concurrent Start) (Metadata GC Threshold) 300M->48M(512M) 38.911ms
[2022-04-22T05:31:28.550+0000][8][gc,cpu      ] GC(9) User=0.08s Sys=0.00s Real=0.04s
[2022-04-22T05:31:28.550+0000][8][gc          ] GC(10) Concurrent Mark Cycle
[2022-04-22T05:31:28.552+0000][8][gc,marking  ] GC(10) Concurrent Clear Claimed Marks
[2022-04-22T05:31:28.550+0000][8][safepoint   ] Safepoint "CollectForMetadataAllocation", Time since last: 199287458 ns, Reaching safepoint: 146167 ns, At safepoint: 41113666 ns, Total: 41259833 ns
[2022-04-22T05:31:28.553+0000][8][gc,marking  ] GC(10) Concurrent Clear Claimed Marks 1.169ms
[2022-04-22T05:31:28.555+0000][8][gc,marking  ] GC(10) Concurrent Scan Root Regions
[2022-04-22T05:31:28.565+0000][8][safepoint   ] Safepoint "CollectForMetadataAllocation", Time since last: 14638250 ns, Reaching safepoint: 74167 ns, At safepoint: 31208 ns, Total: 105375 ns
[2022-04-22T05:31:28.571+0000][8][gc,marking  ] GC(10) Concurrent Scan Root Regions 15.897ms
[2022-04-22T05:31:28.574+0000][8][gc,marking  ] GC(10) Concurrent Mark
[2022-04-22T05:31:28.575+0000][8][gc,marking  ] GC(10) Concurrent Mark From Roots
[2022-04-22T05:31:28.576+0000][8][gc,task     ] GC(10) Using 1 workers of 1 for marking
[2022-04-22T05:31:28.580+0000][8][gc,marking  ] GC(10) Concurrent Mark From Roots 5.217ms
[2022-04-22T05:31:28.581+0000][8][gc,marking  ] GC(10) Concurrent Preclean
[2022-04-22T05:31:28.581+0000][8][safepoint   ] Safepoint "CollectForMetadataAllocation", Time since last: 16244375 ns, Reaching safepoint: 43417 ns, At safepoint: 143792 ns, Total: 187209 ns
[2022-04-22T05:31:28.582+0000][8][gc,marking  ] GC(10) Concurrent Preclean 1.146ms
[2022-04-22T05:31:28.584+0000][8][gc,start    ] GC(10) Pause Remark
[2022-04-22T05:31:28.588+0000][8][gc          ] GC(10) Pause Remark 52M->52M(512M) 3.674ms
[2022-04-22T05:31:28.589+0000][8][gc,cpu      ] GC(10) User=0.01s Sys=0.00s Real=0.00s
[2022-04-22T05:31:28.590+0000][8][safepoint   ] Safepoint "G1Concurrent", Time since last: 2800833 ns, Reaching safepoint: 25583 ns, At safepoint: 5651875 ns, Total: 5677458 ns
[2022-04-22T05:31:28.592+0000][8][gc,marking  ] GC(10) Concurrent Mark 17.875ms
[2022-04-22T05:31:28.593+0000][8][gc,marking  ] GC(10) Concurrent Rebuild Remembered Sets
[2022-04-22T05:31:28.597+0000][8][gc,marking  ] GC(10) Concurrent Rebuild Remembered Sets 3.938ms
[2022-04-22T05:31:28.598+0000][8][gc,start    ] GC(10) Pause Cleanup
[2022-04-22T05:31:28.598+0000][8][gc          ] GC(10) Pause Cleanup 52M->52M(512M) 0.671ms
[2022-04-22T05:31:28.599+0000][8][gc,cpu      ] GC(10) User=0.00s Sys=0.00s Real=0.00s
[2022-04-22T05:31:28.600+0000][8][safepoint   ] Safepoint "G1Concurrent", Time since last: 7565250 ns, Reaching safepoint: 225667 ns, At safepoint: 1890083 ns, Total: 2115750 ns
[2022-04-22T05:31:28.600+0000][8][gc,marking  ] GC(10) Concurrent Cleanup for Next Mark
[2022-04-22T05:31:28.607+0000][8][gc,marking  ] GC(10) Concurrent Cleanup for Next Mark 6.632ms
[2022-04-22T05:31:28.608+0000][8][gc          ] GC(10) Concurrent Mark Cycle 57.707ms
[2022-04-22T05:31:28.706+0000][8][safepoint   ] Safepoint "ICBufferFull", Time since last: 105594959 ns, Reaching safepoint: 304250 ns, At safepoint: 10417 ns, Total: 314667 ns
[2022-04-22T05:31:29.140+0000][8][safepoint   ] Safepoint "ICBufferFull", Time since last: 434612875 ns, Reaching safepoint: 147125 ns, At safepoint: 9541 ns, Total: 156666 ns
[2022-04-22T05:31:29.422+0000][8][gc,start    ] GC(11) Pause Young (Concurrent Start) (G1 Evacuation Pause)
[2022-04-22T05:31:29.424+0000][8][gc,task     ] GC(11) Using 5 workers of 5 for evacuation
[2022-04-22T05:31:29.425+0000][8][gc,age      ] GC(11) Desired survivor size 20971520 bytes, new threshold 1 (max threshold 15)
[2022-04-22T05:31:29.446+0000][8][gc,age      ] GC(11) Age table with threshold 1 (max threshold 15)
[2022-04-22T05:31:29.447+0000][8][gc,age      ] GC(11) - age   1:    5988800 bytes,    5988800 total
[2022-04-22T05:31:29.448+0000][8][gc,phases   ] GC(11)   Pre Evacuate Collection Set: 0.3ms
[2022-04-22T05:31:29.449+0000][8][gc,phases   ] GC(11)   Merge Heap Roots: 0.2ms
[2022-04-22T05:31:29.450+0000][8][gc,phases   ] GC(11)   Evacuate Collection Set: 18.0ms
[2022-04-22T05:31:29.451+0000][8][gc,phases   ] GC(11)   Post Evacuate Collection Set: 1.3ms
[2022-04-22T05:31:29.452+0000][8][gc,phases   ] GC(11)   Other: 6.4ms
[2022-04-22T05:31:29.454+0000][8][gc,heap     ] GC(11) Eden regions: 66->0(73)
[2022-04-22T05:31:29.455+0000][8][gc,heap     ] GC(11) Survivor regions: 10->3(10)
[2022-04-22T05:31:29.456+0000][8][gc,heap     ] GC(11) Old regions: 2->11
[2022-04-22T05:31:29.457+0000][8][gc,heap     ] GC(11) Archive regions: 2->2
[2022-04-22T05:31:29.458+0000][8][gc,heap     ] GC(11) Humongous regions: 0->0
[2022-04-22T05:31:29.459+0000][8][gc,metaspace] GC(11) Metaspace: 52077K(53312K)->52077K(53312K) NonClass: 45005K(45760K)->45005K(45760K) Class: 7072K(7552K)->7072K(7552K)
[2022-04-22T05:31:29.459+0000][8][gc          ] GC(11) Pause Young (Concurrent Start) (G1 Evacuation Pause) 312M->56M(512M) 36.959ms
[2022-04-22T05:31:29.461+0000][8][gc,cpu      ] GC(11) User=0.07s Sys=0.01s Real=0.04s
[2022-04-22T05:31:29.462+0000][8][safepoint   ] Safepoint "G1CollectForAllocation", Time since last: 281862584 ns, Reaching safepoint: 137875 ns, At safepoint: 39231292 ns, Total: 39369167 ns
[2022-04-22T05:31:29.462+0000][8][gc          ] GC(12) Concurrent Mark Cycle
[2022-04-22T05:31:29.467+0000][8][gc,marking  ] GC(12) Concurrent Clear Claimed Marks
[2022-04-22T05:31:29.468+0000][8][gc,marking  ] GC(12) Concurrent Clear Claimed Marks 0.942ms
[2022-04-22T05:31:29.469+0000][8][gc,marking  ] GC(12) Concurrent Scan Root Regions
[2022-04-22T05:31:29.487+0000][8][gc,marking  ] GC(12) Concurrent Scan Root Regions 18.840ms
[2022-04-22T05:31:29.489+0000][8][gc,marking  ] GC(12) Concurrent Mark
[2022-04-22T05:31:29.490+0000][8][gc,marking  ] GC(12) Concurrent Mark From Roots
[2022-04-22T05:31:29.491+0000][8][gc,task     ] GC(12) Using 1 workers of 1 for marking
[2022-04-22T05:31:29.497+0000][8][gc,marking  ] GC(12) Concurrent Mark From Roots 6.396ms
[2022-04-22T05:31:29.498+0000][8][gc,marking  ] GC(12) Concurrent Preclean
[2022-04-22T05:31:29.499+0000][8][gc,marking  ] GC(12) Concurrent Preclean 0.788ms
[2022-04-22T05:31:29.500+0000][8][gc,start    ] GC(12) Pause Remark
[2022-04-22T05:31:29.506+0000][8][gc          ] GC(12) Pause Remark 74M->74M(512M) 5.822ms
[2022-04-22T05:31:29.510+0000][8][gc,cpu      ] GC(12) User=0.02s Sys=0.00s Real=0.01s
[2022-04-22T05:31:29.511+0000][8][safepoint   ] Safepoint "G1Concurrent", Time since last: 38140375 ns, Reaching safepoint: 140291 ns, At safepoint: 11079500 ns, Total: 11219791 ns
[2022-04-22T05:31:29.512+0000][8][gc,marking  ] GC(12) Concurrent Mark 22.913ms
[2022-04-22T05:31:29.513+0000][8][gc,marking  ] GC(12) Concurrent Rebuild Remembered Sets
[2022-04-22T05:31:29.514+0000][8][gc,marking  ] GC(12) Concurrent Rebuild Remembered Sets 0.771ms
[2022-04-22T05:31:29.515+0000][8][gc,start    ] GC(12) Pause Cleanup
[2022-04-22T05:31:29.516+0000][8][gc          ] GC(12) Pause Cleanup 76M->76M(512M) 0.741ms
[2022-04-22T05:31:29.517+0000][8][gc,cpu      ] GC(12) User=0.00s Sys=0.01s Real=0.00s
[2022-04-22T05:31:29.518+0000][8][safepoint   ] Safepoint "G1Concurrent", Time since last: 4016500 ns, Reaching safepoint: 208709 ns, At safepoint: 3022750 ns, Total: 3231459 ns
[2022-04-22T05:31:29.520+0000][8][gc,marking  ] GC(12) Concurrent Cleanup for Next Mark
[2022-04-22T05:31:29.521+0000][8][gc,marking  ] GC(12) Concurrent Cleanup for Next Mark 1.215ms
[2022-04-22T05:31:29.522+0000][8][gc          ] GC(12) Concurrent Mark Cycle 60.120ms
[2022-04-22T05:31:29.748+0000][8][safepoint   ] Safepoint "ICBufferFull", Time since last: 228874458 ns, Reaching safepoint: 464667 ns, At safepoint: 99583 ns, Total: 564250 ns
[2022-04-22T05:31:29.779+0000][8][safepoint   ] Safepoint "ICBufferFull", Time since last: 31602292 ns, Reaching safepoint: 237791 ns, At safepoint: 3667 ns, Total: 241458 ns
[2022-04-22T05:31:30.030+0000][8][safepoint   ] Safepoint "ICBufferFull", Time since last: 250159042 ns, Reaching safepoint: 535708 ns, At safepoint: 4042 ns, Total: 539750 ns
[2022-04-22T05:31:30.427+0000][8][safepoint   ] Safepoint "ICBufferFull", Time since last: 396114667 ns, Reaching safepoint: 403208 ns, At safepoint: 15833 ns, Total: 419041 ns
[2022-04-22T05:31:30.510+0000][8][safepoint   ] Safepoint "ICBufferFull", Time since last: 83216584 ns, Reaching safepoint: 245208 ns, At safepoint: 8958 ns, Total: 254166 ns
[2022-04-22T05:31:30.790+0000][8][safepoint   ] Safepoint "ICBufferFull", Time since last: 280117792 ns, Reaching safepoint: 236459 ns, At safepoint: 3333 ns, Total: 239792 ns
[2022-04-22T05:31:30.985+0000][8][safepoint   ] Safepoint "ICBufferFull", Time since last: 193850875 ns, Reaching safepoint: 619417 ns, At safepoint: 69083 ns, Total: 688500 ns
[2022-04-22T05:31:31.131+0000][8][safepoint   ] Safepoint "ICBufferFull", Time since last: 145514208 ns, Reaching safepoint: 167667 ns, At safepoint: 3833 ns, Total: 171500 ns
[2022-04-22T05:31:31.392+0000][8][gc,start    ] GC(13) Pause Young (Normal) (G1 Evacuation Pause)
[2022-04-22T05:31:31.394+0000][8][gc,task     ] GC(13) Using 5 workers of 5 for evacuation
[2022-04-22T05:31:31.395+0000][8][gc,age      ] GC(13) Desired survivor size 20971520 bytes, new threshold 15 (max threshold 15)
[2022-04-22T05:31:31.406+0000][8][gc,age      ] GC(13) Age table with threshold 15 (max threshold 15)
[2022-04-22T05:31:31.407+0000][8][gc,age      ] GC(13) - age   1:   14010104 bytes,   14010104 total
[2022-04-22T05:31:31.408+0000][8][gc,age      ] GC(13) - age   2:    5802704 bytes,   19812808 total
[2022-04-22T05:31:31.409+0000][8][gc,phases   ] GC(13)   Pre Evacuate Collection Set: 0.1ms
[2022-04-22T05:31:31.410+0000][8][gc,phases   ] GC(13)   Merge Heap Roots: 0.3ms
[2022-04-22T05:31:31.411+0000][8][gc,phases   ] GC(13)   Evacuate Collection Set: 7.9ms
[2022-04-22T05:31:31.412+0000][8][gc,phases   ] GC(13)   Post Evacuate Collection Set: 1.5ms
[2022-04-22T05:31:31.413+0000][8][gc,phases   ] GC(13)   Other: 6.7ms
[2022-04-22T05:31:31.414+0000][8][gc,heap     ] GC(13) Eden regions: 73->0(71)
[2022-04-22T05:31:31.415+0000][8][gc,heap     ] GC(13) Survivor regions: 3->5(10)
[2022-04-22T05:31:31.416+0000][8][gc,heap     ] GC(13) Old regions: 11->11
[2022-04-22T05:31:31.416+0000][8][gc,heap     ] GC(13) Archive regions: 2->2
[2022-04-22T05:31:31.417+0000][8][gc,heap     ] GC(13) Humongous regions: 0->0
[2022-04-22T05:31:31.418+0000][8][gc,metaspace] GC(13) Metaspace: 86838K(88320K)->86838K(88320K) NonClass: 74762K(75584K)->74762K(75584K) Class: 12075K(12736K)->12075K(12736K)
[2022-04-22T05:31:31.419+0000][8][gc          ] GC(13) Pause Young (Normal) (G1 Evacuation Pause) 348M->67M(512M) 26.574ms
[2022-04-22T05:31:31.420+0000][8][gc,cpu      ] GC(13) User=0.04s Sys=0.00s Real=0.02s
[2022-04-22T05:31:31.421+0000][8][safepoint   ] Safepoint "G1CollectForAllocation", Time since last: 261443084 ns, Reaching safepoint: 221416 ns, At safepoint: 29056084 ns, Total: 29277500 ns
[2022-04-22T05:31:31.680+0000][8][gc,start    ] GC(14) Pause Young (Concurrent Start) (Metadata GC Threshold)
[2022-04-22T05:31:31.681+0000][8][gc,task     ] GC(14) Using 5 workers of 5 for evacuation
[2022-04-22T05:31:31.681+0000][8][gc,age      ] GC(14) Desired survivor size 20971520 bytes, new threshold 15 (max threshold 15)
[2022-04-22T05:31:31.690+0000][8][gc,age      ] GC(14) Age table with threshold 15 (max threshold 15)
[2022-04-22T05:31:31.691+0000][8][gc,age      ] GC(14) - age   1:     367736 bytes,     367736 total
[2022-04-22T05:31:31.692+0000][8][gc,age      ] GC(14) - age   2:   13740712 bytes,   14108448 total
[2022-04-22T05:31:31.693+0000][8][gc,age      ] GC(14) - age   3:    5777592 bytes,   19886040 total
[2022-04-22T05:31:31.694+0000][8][gc,phases   ] GC(14)   Pre Evacuate Collection Set: 0.2ms
[2022-04-22T05:31:31.695+0000][8][gc,phases   ] GC(14)   Merge Heap Roots: 0.2ms
[2022-04-22T05:31:31.695+0000][8][gc,phases   ] GC(14)   Evacuate Collection Set: 7.2ms
[2022-04-22T05:31:31.696+0000][8][gc,phases   ] GC(14)   Post Evacuate Collection Set: 1.0ms
[2022-04-22T05:31:31.696+0000][8][gc,phases   ] GC(14)   Other: 5.2ms
[2022-04-22T05:31:31.697+0000][8][gc,heap     ] GC(14) Eden regions: 3->0(71)
[2022-04-22T05:31:31.698+0000][8][gc,heap     ] GC(14) Survivor regions: 5->5(10)
[2022-04-22T05:31:31.698+0000][8][gc,heap     ] GC(14) Old regions: 11->11
[2022-04-22T05:31:31.699+0000][8][gc,heap     ] GC(14) Archive regions: 2->2
[2022-04-22T05:31:31.700+0000][8][gc,heap     ] GC(14) Humongous regions: 0->0
[2022-04-22T05:31:31.701+0000][8][gc,metaspace] GC(14) Metaspace: 87521K(88896K)->87521K(88896K) NonClass: 75337K(76096K)->75337K(76096K) Class: 12183K(12800K)->12183K(12800K)
[2022-04-22T05:31:31.702+0000][8][gc          ] GC(14) Pause Young (Concurrent Start) (Metadata GC Threshold) 76M->67M(512M) 21.906ms
[2022-04-22T05:31:31.702+0000][8][gc,cpu      ] GC(14) User=0.03s Sys=0.00s Real=0.03s
[2022-04-22T05:31:31.703+0000][8][gc          ] GC(15) Concurrent Mark Cycle
[2022-04-22T05:31:31.704+0000][8][gc,marking  ] GC(15) Concurrent Clear Claimed Marks
[2022-04-22T05:31:31.703+0000][8][safepoint   ] Safepoint "CollectForMetadataAllocation", Time since last: 258155583 ns, Reaching safepoint: 154375 ns, At safepoint: 23452000 ns, Total: 23606375 ns
[2022-04-22T05:31:31.705+0000][8][gc,marking  ] GC(15) Concurrent Clear Claimed Marks 0.656ms
[2022-04-22T05:31:31.706+0000][8][gc,marking  ] GC(15) Concurrent Scan Root Regions
[2022-04-22T05:31:31.718+0000][8][gc,marking  ] GC(15) Concurrent Scan Root Regions 11.483ms
[2022-04-22T05:31:31.719+0000][8][gc,marking  ] GC(15) Concurrent Mark
[2022-04-22T05:31:31.720+0000][8][gc,marking  ] GC(15) Concurrent Mark From Roots
[2022-04-22T05:31:31.721+0000][8][gc,task     ] GC(15) Using 1 workers of 1 for marking
[2022-04-22T05:31:31.722+0000][8][safepoint   ] Safepoint "CollectForMetadataAllocation", Time since last: 18048584 ns, Reaching safepoint: 637083 ns, At safepoint: 67167 ns, Total: 704250 ns
[2022-04-22T05:31:31.748+0000][8][safepoint   ] Safepoint "CollectForMetadataAllocation", Time since last: 25220083 ns, Reaching safepoint: 158000 ns, At safepoint: 200375 ns, Total: 358375 ns
[2022-04-22T05:31:31.761+0000][8][gc,marking  ] GC(15) Concurrent Mark From Roots 41.275ms
[2022-04-22T05:31:31.763+0000][8][gc,marking  ] GC(15) Concurrent Preclean
[2022-04-22T05:31:31.764+0000][8][gc,marking  ] GC(15) Concurrent Preclean 1.505ms
[2022-04-22T05:31:31.766+0000][8][gc,start    ] GC(15) Pause Remark
[2022-04-22T05:31:31.771+0000][8][gc          ] GC(15) Pause Remark 79M->79M(512M) 5.200ms
[2022-04-22T05:31:31.772+0000][8][gc,cpu      ] GC(15) User=0.01s Sys=0.00s Real=0.00s
[2022-04-22T05:31:31.773+0000][8][safepoint   ] Safepoint "G1Concurrent", Time since last: 17635833 ns, Reaching safepoint: 378292 ns, At safepoint: 7399417 ns, Total: 7777709 ns
[2022-04-22T05:31:31.775+0000][8][gc,marking  ] GC(15) Concurrent Mark 55.940ms
[2022-04-22T05:31:31.776+0000][8][gc,marking  ] GC(15) Concurrent Rebuild Remembered Sets
[2022-04-22T05:31:31.777+0000][8][gc,marking  ] GC(15) Concurrent Rebuild Remembered Sets 0.910ms
[2022-04-22T05:31:31.778+0000][8][gc,start    ] GC(15) Pause Cleanup
[2022-04-22T05:31:31.779+0000][8][gc          ] GC(15) Pause Cleanup 81M->81M(512M) 0.893ms
[2022-04-22T05:31:31.780+0000][8][gc,cpu      ] GC(15) User=0.00s Sys=0.00s Real=0.00s
[2022-04-22T05:31:31.781+0000][8][safepoint   ] Safepoint "G1Concurrent", Time since last: 4881666 ns, Reaching safepoint: 105500 ns, At safepoint: 2566709 ns, Total: 2672209 ns
[2022-04-22T05:31:31.782+0000][8][gc,marking  ] GC(15) Concurrent Cleanup for Next Mark
[2022-04-22T05:31:31.783+0000][8][gc,marking  ] GC(15) Concurrent Cleanup for Next Mark 1.151ms
[2022-04-22T05:31:31.784+0000][8][gc          ] GC(15) Concurrent Mark Cycle 80.716ms
[2022-04-22T05:31:31.950+0000][8][safepoint   ] Safepoint "ICBufferFull", Time since last: 169618833 ns, Reaching safepoint: 154750 ns, At safepoint: 3750 ns, Total: 158500 ns
[2022-04-22T05:31:32.304+0000][8][safepoint   ] Safepoint "ICBufferFull", Time since last: 353756292 ns, Reaching safepoint: 287667 ns, At safepoint: 13750 ns, Total: 301417 ns
[2022-04-22T05:31:32.457+0000][8][safepoint   ] Safepoint "ICBufferFull", Time since last: 151803416 ns, Reaching safepoint: 403167 ns, At safepoint: 75083 ns, Total: 478250 ns
[2022-04-22T05:31:32.734+0000][8][safepoint   ] Safepoint "ICBufferFull", Time since last: 277538875 ns, Reaching safepoint: 221042 ns, At safepoint: 16542 ns, Total: 237584 ns
[2022-04-22T05:31:33.303+0000][8][safepoint   ] Safepoint "ICBufferFull", Time since last: 567852250 ns, Reaching safepoint: 252042 ns, At safepoint: 28166 ns, Total: 280208 ns
[2022-04-22T05:31:34.307+0000][8][safepoint   ] Safepoint "Cleanup", Time since last: 1004633418 ns, Reaching safepoint: 173625 ns, At safepoint: 4000 ns, Total: 177625 ns
[2022-04-22T05:31:34.801+0000][8][safepoint   ] Safepoint "ICBufferFull", Time since last: 493208666 ns, Reaching safepoint: 197042 ns, At safepoint: 19500 ns, Total: 216542 ns
[2022-04-22T05:31:35.434+0000][8][safepoint   ] Safepoint "ICBufferFull", Time since last: 633053750 ns, Reaching safepoint: 162750 ns, At safepoint: 9959 ns, Total: 172709 ns
[2022-04-22T05:31:36.436+0000][8][safepoint   ] Safepoint "Cleanup", Time since last: 1001241125 ns, Reaching safepoint: 273459 ns, At safepoint: 11916 ns, Total: 285375 ns
[2022-04-22T05:31:37.912+0000][8][safepoint   ] Safepoint "ICBufferFull", Time since last: 1476187543 ns, Reaching safepoint: 181125 ns, At safepoint: 5208 ns, Total: 186333 ns
[2022-04-22T05:31:38.919+0000][8][safepoint   ] Safepoint "Cleanup", Time since last: 1006338167 ns, Reaching safepoint: 491500 ns, At safepoint: 10417 ns, Total: 501917 ns
[2022-04-22T05:31:44.941+0000][8][safepoint   ] Safepoint "Cleanup", Time since last: 6021419169 ns, Reaching safepoint: 414834 ns, At safepoint: 47791 ns, Total: 462625 ns
[2022-04-22T05:31:49.969+0000][8][safepoint   ] Safepoint "Cleanup", Time since last: 5028067211 ns, Reaching safepoint: 211125 ns, At safepoint: 7167 ns, Total: 218292 ns
[2022-04-22T05:31:56.997+0000][8][safepoint   ] Safepoint "Cleanup", Time since last: 7027934878 ns, Reaching safepoint: 211833 ns, At safepoint: 6334 ns, Total: 218167 ns
[2022-04-22T05:31:59.010+0000][8][safepoint   ] Safepoint "Cleanup", Time since last: 2012281375 ns, Reaching safepoint: 554167 ns, At safepoint: 20083 ns, Total: 574250 ns
[2022-04-22T05:32:00.028+0000][8][safepoint   ] Safepoint "Cleanup", Time since last: 1017254417 ns, Reaching safepoint: 514917 ns, At safepoint: 34208 ns, Total: 549125 ns
[2022-04-22T05:32:01.050+0000][8][safepoint   ] Safepoint "Cleanup", Time since last: 1021849876 ns, Reaching safepoint: 888166 ns, At safepoint: 15084 ns, Total: 903250 ns
[2022-04-22T05:32:02.058+0000][8][safepoint   ] Safepoint "Cleanup", Time since last: 1006711958 ns, Reaching safepoint: 379792 ns, At safepoint: 10333 ns, Total: 390125 ns
[2022-04-22T05:32:03.063+0000][8][safepoint   ] Safepoint "Cleanup", Time since last: 1005164084 ns, Reaching safepoint: 151584 ns, At safepoint: 21000 ns, Total: 172584 ns
[2022-04-22T05:32:04.065+0000][8][safepoint   ] Safepoint "Cleanup", Time since last: 1002031542 ns, Reaching safepoint: 256416 ns, At safepoint: 9167 ns, Total: 265583 ns
[2022-04-22T05:32:05.070+0000][8][safepoint   ] Safepoint "Cleanup", Time since last: 1004329834 ns, Reaching safepoint: 178625 ns, At safepoint: 7875 ns, Total: 186500 ns
[2022-04-22T05:32:10.097+0000][8][safepoint   ] Safepoint "Cleanup", Time since last: 5019438877 ns, Reaching safepoint: 7434625 ns, At safepoint: 22625 ns, Total: 7457250 ns
[2022-04-22T05:32:12.117+0000][8][safepoint   ] Safepoint "Cleanup", Time since last: 2019579751 ns, Reaching safepoint: 1088667 ns, At safepoint: 15625 ns, Total: 1104292 ns
[2022-04-22T05:32:20.139+0000][8][safepoint   ] Safepoint "Cleanup", Time since last: 8020970379 ns, Reaching safepoint: 652083 ns, At safepoint: 21250 ns, Total: 673333 ns
[2022-04-22T05:32:25.160+0000][8][safepoint   ] Safepoint "Cleanup", Time since last: 5020663127 ns, Reaching safepoint: 214667 ns, At safepoint: 8542 ns, Total: 223209 ns
[2022-04-22T05:32:26.165+0000][8][safepoint   ] Safepoint "Cleanup", Time since last: 1004939125 ns, Reaching safepoint: 404292 ns, At safepoint: 13417 ns, Total: 417709 ns
[2022-04-22T05:32:27.175+0000][8][safepoint   ] Safepoint "Cleanup", Time since last: 1009534792 ns, Reaching safepoint: 259166 ns, At safepoint: 7667 ns, Total: 266833 ns
[2022-04-22T05:32:30.190+0000][8][safepoint   ] Safepoint "Cleanup", Time since last: 3015125293 ns, Reaching safepoint: 279750 ns, At safepoint: 8041 ns, Total: 287791 ns
[2022-04-22T05:32:32.202+0000][8][safepoint   ] Safepoint "Cleanup", Time since last: 2011400376 ns, Reaching safepoint: 422584 ns, At safepoint: 14083 ns, Total: 436667 ns
[2022-04-22T05:32:42.228+0000][8][safepoint   ] Safepoint "Cleanup", Time since last: 10025458255 ns, Reaching safepoint: 429375 ns, At safepoint: 18750 ns, Total: 448125 ns
[2022-04-22T05:32:44.242+0000][8][safepoint   ] Safepoint "Cleanup", Time since last: 2011669542 ns, Reaching safepoint: 516375 ns, At safepoint: 1427959 ns, Total: 1944334 ns
[2022-04-22T05:32:46.258+0000][8][safepoint   ] Safepoint "Cleanup", Time since last: 2015697126 ns, Reaching safepoint: 466541 ns, At safepoint: 23834 ns, Total: 490375 ns
[2022-04-22T05:32:48.271+0000][8][safepoint   ] Safepoint "Cleanup", Time since last: 2013016251 ns, Reaching safepoint: 291208 ns, At safepoint: 13458 ns, Total: 304666 ns
[2022-04-22T05:32:50.282+0000][8][safepoint   ] Safepoint "Cleanup", Time since last: 2010260209 ns, Reaching safepoint: 272459 ns, At safepoint: 9875 ns, Total: 282334 ns
[2022-04-22T05:32:51.290+0000][8][safepoint   ] Safepoint "Cleanup", Time since last: 1007448667 ns, Reaching safepoint: 491667 ns, At safepoint: 12333 ns, Total: 504000 ns
[2022-04-22T05:32:57.316+0000][8][safepoint   ] Safepoint "Cleanup", Time since last: 6023005836 ns, Reaching safepoint: 582625 ns, At safepoint: 145917 ns, Total: 728542 ns
[2022-04-22T05:32:59.331+0000][8][safepoint   ] Safepoint "Cleanup", Time since last: 2014215209 ns, Reaching safepoint: 349333 ns, At safepoint: 16625 ns, Total: 365958 ns
[2022-04-22T05:33:02.352+0000][8][safepoint   ] Safepoint "Cleanup", Time since last: 3020485127 ns, Reaching safepoint: 561833 ns, At safepoint: 10917 ns, Total: 572750 ns
[2022-04-22T05:33:04.361+0000][8][safepoint   ] Safepoint "Cleanup", Time since last: 2008528292 ns, Reaching safepoint: 329625 ns, At safepoint: 13750 ns, Total: 343375 ns
[2022-04-22T05:33:22.209+0000][8][gc,heap,exit] Heap
[2022-04-22T05:33:22.212+0000][8][gc,heap,exit]  garbage-first heap   total 524288K, used 348779K [0x00000000e0000000, 0x0000000100000000)
[2022-04-22T05:33:22.213+0000][8][gc,heap,exit]   region size 4096K, 72 young (294912K), 5 survivors (20480K)
[2022-04-22T05:33:22.214+0000][8][gc,heap,exit]  Metaspace       used 98727K, committed 100224K, reserved 1138688K
[2022-04-22T05:33:22.215+0000][8][gc,heap,exit]   class space    used 13868K, committed 14528K, reserved 1048576K
