[2022-04-18T08:59:23.901+0000][7][gc] Using G1
[2022-04-18T08:59:23.991+0000][7][gc,init] Version: 17.0.2+8 (release)
[2022-04-18T08:59:23.992+0000][7][gc,init] CPUs: 5 total, 5 available
[2022-04-18T08:59:23.993+0000][7][gc,init] Memory: 7851M
[2022-04-18T08:59:23.994+0000][7][gc,init] Large Page Support: Disabled
[2022-04-18T08:59:23.994+0000][7][gc,init] NUMA Support: Disabled
[2022-04-18T08:59:23.995+0000][7][gc,init] Compressed Oops: Enabled (32-bit)
[2022-04-18T08:59:23.996+0000][7][gc,init] Heap Region Size: 4M
[2022-04-18T08:59:23.997+0000][7][gc,init] Heap Min Capacity: 512M
[2022-04-18T08:59:23.997+0000][7][gc,init] Heap Initial Capacity: 512M
[2022-04-18T08:59:23.998+0000][7][gc,init] Heap Max Capacity: 512M
[2022-04-18T08:59:23.999+0000][7][gc,init] Pre-touch: Enabled
[2022-04-18T08:59:24.000+0000][7][gc,init] Parallel Workers: 5
[2022-04-18T08:59:24.001+0000][7][gc,init] Concurrent Workers: 1
[2022-04-18T08:59:24.002+0000][7][gc,init] Concurrent Refinement Workers: 5
[2022-04-18T08:59:24.003+0000][7][gc,init] Periodic GC: Disabled
[2022-04-18T08:59:24.004+0000][7][gc,metaspace] CDS archive(s) mapped at: [0x0000000800000000-0x0000000800bd2000-0x0000000800bd2000), size 12394496, SharedBaseAddress: 0x0000000800000000, ArchiveRelocationMode: 0.
[2022-04-18T08:59:24.004+0000][7][gc,metaspace] Compressed class space mapped at: 0x0000000800c00000-0x0000000840c00000, reserved size: 1073741824
[2022-04-18T08:59:24.006+0000][7][gc,metaspace] Narrow klass base: 0x0000000800000000, Narrow klass shift: 0, Narrow klass range: 0x100000000
[2022-04-18T08:59:24.318+0000][7][safepoint   ] Safepoint "ICBufferFull", Time since last: 306989750 ns, Reaching safepoint: 479417 ns, At safepoint: 13500 ns, Total: 492917 ns
[2022-04-18T08:59:24.321+0000][7][safepoint   ] Safepoint "ICBufferFull", Time since last: 2362500 ns, Reaching safepoint: 194292 ns, At safepoint: 2583 ns, Total: 196875 ns
[2022-04-18T08:59:24.324+0000][7][safepoint   ] Safepoint "ICBufferFull", Time since last: 2736708 ns, Reaching safepoint: 66917 ns, At safepoint: 3333 ns, Total: 70250 ns
[2022-04-18T08:59:24.325+0000][7][safepoint   ] Safepoint "ICBufferFull", Time since last: 1192584 ns, Reaching safepoint: 464041 ns, At safepoint: 2667 ns, Total: 466708 ns
[2022-04-18T08:59:24.328+0000][7][safepoint   ] Safepoint "ICBufferFull", Time since last: 2529167 ns, Reaching safepoint: 351958 ns, At safepoint: 2292 ns, Total: 354250 ns
[2022-04-18T08:59:24.362+0000][7][safepoint   ] Safepoint "ICBufferFull", Time since last: 34071166 ns, Reaching safepoint: 112917 ns, At safepoint: 26375 ns, Total: 139292 ns
[2022-04-18T08:59:24.468+0000][7][safepoint   ] Safepoint "ICBufferFull", Time since last: 105364083 ns, Reaching safepoint: 45875 ns, At safepoint: 1459 ns, Total: 47334 ns
[2022-04-18T08:59:24.692+0000][7][safepoint   ] Safepoint "ICBufferFull", Time since last: 224301291 ns, Reaching safepoint: 97417 ns, At safepoint: 3583 ns, Total: 101000 ns
[2022-04-18T08:59:24.825+0000][7][gc,start    ] GC(0) Pause Young (Normal) (G1 Evacuation Pause)
[2022-04-18T08:59:24.827+0000][7][gc,task     ] GC(0) Using 5 workers of 5 for evacuation
[2022-04-18T08:59:24.828+0000][7][gc,age      ] GC(0) Desired survivor size 2097152 bytes, new threshold 15 (max threshold 15)
[2022-04-18T08:59:24.832+0000][7][gc,age      ] GC(0) Age table with threshold 15 (max threshold 15)
[2022-04-18T08:59:24.832+0000][7][gc,age      ] GC(0) - age   1:    4159776 bytes,    4159776 total
[2022-04-18T08:59:24.833+0000][7][gc,phases   ] GC(0)   Pre Evacuate Collection Set: 0.1ms
[2022-04-18T08:59:24.834+0000][7][gc,phases   ] GC(0)   Merge Heap Roots: 0.0ms
[2022-04-18T08:59:24.835+0000][7][gc,phases   ] GC(0)   Evacuate Collection Set: 2.3ms
[2022-04-18T08:59:24.836+0000][7][gc,phases   ] GC(0)   Post Evacuate Collection Set: 0.4ms
[2022-04-18T08:59:24.837+0000][7][gc,phases   ] GC(0)   Other: 5.2ms
[2022-04-18T08:59:24.838+0000][7][gc,heap     ] GC(0) Eden regions: 6->0(5)
[2022-04-18T08:59:24.838+0000][7][gc,heap     ] GC(0) Survivor regions: 0->1(1)
[2022-04-18T08:59:24.839+0000][7][gc,heap     ] GC(0) Old regions: 0->1
[2022-04-18T08:59:24.840+0000][7][gc,heap     ] GC(0) Archive regions: 2->2
[2022-04-18T08:59:24.841+0000][7][gc,heap     ] GC(0) Humongous regions: 0->0
[2022-04-18T08:59:24.842+0000][7][gc,metaspace] GC(0) Metaspace: 9299K(9536K)->9299K(9536K) NonClass: 8180K(8320K)->8180K(8320K) Class: 1119K(1216K)->1119K(1216K)
[2022-04-18T08:59:24.843+0000][7][gc          ] GC(0) Pause Young (Normal) (G1 Evacuation Pause) 27M->8M(512M) 18.077ms
[2022-04-18T08:59:24.845+0000][7][gc,cpu      ] GC(0) User=0.01s Sys=0.00s Real=0.02s
[2022-04-18T08:59:24.846+0000][7][safepoint   ] Safepoint "G1CollectForAllocation", Time since last: 132422667 ns, Reaching safepoint: 228958 ns, At safepoint: 21208959 ns, Total: 21437917 ns
[2022-04-18T08:59:25.101+0000][7][safepoint   ] Safepoint "ICBufferFull", Time since last: 255260542 ns, Reaching safepoint: 117333 ns, At safepoint: 1542 ns, Total: 118875 ns
[2022-04-18T08:59:25.334+0000][7][safepoint   ] Safepoint "ICBufferFull", Time since last: 232325208 ns, Reaching safepoint: 74042 ns, At safepoint: 88166 ns, Total: 162208 ns
[2022-04-18T08:59:25.340+0000][7][gc,start    ] GC(1) Pause Young (Normal) (G1 Evacuation Pause)
[2022-04-18T08:59:25.341+0000][7][gc,task     ] GC(1) Using 5 workers of 5 for evacuation
[2022-04-18T08:59:25.342+0000][7][gc,age      ] GC(1) Desired survivor size 2097152 bytes, new threshold 1 (max threshold 15)
[2022-04-18T08:59:25.348+0000][7][gc,age      ] GC(1) Age table with threshold 1 (max threshold 15)
[2022-04-18T08:59:25.350+0000][7][gc,age      ] GC(1) - age   1:    1829872 bytes,    1829872 total
[2022-04-18T08:59:25.351+0000][7][gc,phases   ] GC(1)   Pre Evacuate Collection Set: 0.0ms
[2022-04-18T08:59:25.351+0000][7][gc,phases   ] GC(1)   Merge Heap Roots: 0.0ms
[2022-04-18T08:59:25.352+0000][7][gc,phases   ] GC(1)   Evacuate Collection Set: 3.6ms
[2022-04-18T08:59:25.354+0000][7][gc,phases   ] GC(1)   Post Evacuate Collection Set: 1.0ms
[2022-04-18T08:59:25.356+0000][7][gc,phases   ] GC(1)   Other: 6.3ms
[2022-04-18T08:59:25.356+0000][7][gc,heap     ] GC(1) Eden regions: 5->0(7)
[2022-04-18T08:59:25.357+0000][7][gc,heap     ] GC(1) Survivor regions: 1->1(1)
[2022-04-18T08:59:25.358+0000][7][gc,heap     ] GC(1) Old regions: 1->2
[2022-04-18T08:59:25.359+0000][7][gc,heap     ] GC(1) Archive regions: 2->2
[2022-04-18T08:59:25.360+0000][7][gc,heap     ] GC(1) Humongous regions: 0->0
[2022-04-18T08:59:25.361+0000][7][gc,metaspace] GC(1) Metaspace: 12905K(13184K)->12905K(13184K) NonClass: 11322K(11456K)->11322K(11456K) Class: 1582K(1728K)->1582K(1728K)
[2022-04-18T08:59:25.361+0000][7][gc          ] GC(1) Pause Young (Normal) (G1 Evacuation Pause) 28M->10M(512M) 21.952ms
[2022-04-18T08:59:25.362+0000][7][gc,cpu      ] GC(1) User=0.01s Sys=0.00s Real=0.02s
[2022-04-18T08:59:25.363+0000][7][safepoint   ] Safepoint "G1CollectForAllocation", Time since last: 5548792 ns, Reaching safepoint: 33292 ns, At safepoint: 23813375 ns, Total: 23846667 ns
[2022-04-18T08:59:25.714+0000][7][safepoint   ] Safepoint "ICBufferFull", Time since last: 350100083 ns, Reaching safepoint: 105500 ns, At safepoint: 1542 ns, Total: 107042 ns
[2022-04-18T08:59:25.772+0000][7][gc,start    ] GC(2) Pause Young (Normal) (G1 Evacuation Pause)
[2022-04-18T08:59:25.773+0000][7][gc,task     ] GC(2) Using 5 workers of 5 for evacuation
[2022-04-18T08:59:25.774+0000][7][gc,age      ] GC(2) Desired survivor size 2097152 bytes, new threshold 15 (max threshold 15)
[2022-04-18T08:59:25.777+0000][7][gc,age      ] GC(2) Age table with threshold 15 (max threshold 15)
[2022-04-18T08:59:25.778+0000][7][gc,age      ] GC(2) - age   1:     670520 bytes,     670520 total
[2022-04-18T08:59:25.779+0000][7][gc,age      ] GC(2) - age   2:    1815952 bytes,    2486472 total
[2022-04-18T08:59:25.780+0000][7][gc,phases   ] GC(2)   Pre Evacuate Collection Set: 0.1ms
[2022-04-18T08:59:25.781+0000][7][gc,phases   ] GC(2)   Merge Heap Roots: 0.0ms
[2022-04-18T08:59:25.782+0000][7][gc,phases   ] GC(2)   Evacuate Collection Set: 2.3ms
[2022-04-18T08:59:25.782+0000][7][gc,phases   ] GC(2)   Post Evacuate Collection Set: 0.2ms
[2022-04-18T08:59:25.784+0000][7][gc,phases   ] GC(2)   Other: 5.9ms
[2022-04-18T08:59:25.784+0000][7][gc,heap     ] GC(2) Eden regions: 7->0(52)
[2022-04-18T08:59:25.785+0000][7][gc,heap     ] GC(2) Survivor regions: 1->1(1)
[2022-04-18T08:59:25.785+0000][7][gc,heap     ] GC(2) Old regions: 2->2
[2022-04-18T08:59:25.786+0000][7][gc,heap     ] GC(2) Archive regions: 2->2
[2022-04-18T08:59:25.787+0000][7][gc,heap     ] GC(2) Humongous regions: 0->0
[2022-04-18T08:59:25.788+0000][7][gc,metaspace] GC(2) Metaspace: 14799K(15104K)->14799K(15104K) NonClass: 13024K(13184K)->13024K(13184K) Class: 1775K(1920K)->1775K(1920K)
[2022-04-18T08:59:25.788+0000][7][gc          ] GC(2) Pause Young (Normal) (G1 Evacuation Pause) 38M->10M(512M) 16.805ms
[2022-04-18T08:59:25.789+0000][7][gc,cpu      ] GC(2) User=0.00s Sys=0.00s Real=0.02s
[2022-04-18T08:59:25.790+0000][7][safepoint   ] Safepoint "G1CollectForAllocation", Time since last: 58009000 ns, Reaching safepoint: 49792 ns, At safepoint: 18665958 ns, Total: 18715750 ns
[2022-04-18T08:59:26.046+0000][7][safepoint   ] Safepoint "ICBufferFull", Time since last: 255346125 ns, Reaching safepoint: 118833 ns, At safepoint: 8667 ns, Total: 127500 ns
[2022-04-18T08:59:26.112+0000][7][safepoint   ] Safepoint "ICBufferFull", Time since last: 65851917 ns, Reaching safepoint: 197041 ns, At safepoint: 12709 ns, Total: 209750 ns
[2022-04-18T08:59:26.310+0000][7][safepoint   ] Safepoint "ICBufferFull", Time since last: 198524375 ns, Reaching safepoint: 134791 ns, At safepoint: 3459 ns, Total: 138250 ns
[2022-04-18T08:59:26.361+0000][7][gc,start    ] GC(3) Pause Young (Normal) (G1 Evacuation Pause)
[2022-04-18T08:59:26.362+0000][7][gc,task     ] GC(3) Using 5 workers of 5 for evacuation
[2022-04-18T08:59:26.362+0000][7][gc,age      ] GC(3) Desired survivor size 14680064 bytes, new threshold 15 (max threshold 15)
[2022-04-18T08:59:26.369+0000][7][gc,age      ] GC(3) Age table with threshold 15 (max threshold 15)
[2022-04-18T08:59:26.370+0000][7][gc,age      ] GC(3) - age   1:    5775408 bytes,    5775408 total
[2022-04-18T08:59:26.370+0000][7][gc,age      ] GC(3) - age   2:     570992 bytes,    6346400 total
[2022-04-18T08:59:26.371+0000][7][gc,age      ] GC(3) - age   3:    1813208 bytes,    8159608 total
[2022-04-18T08:59:26.372+0000][7][gc,phases   ] GC(3)   Pre Evacuate Collection Set: 0.0ms
[2022-04-18T08:59:26.372+0000][7][gc,phases   ] GC(3)   Merge Heap Roots: 0.0ms
[2022-04-18T08:59:26.373+0000][7][gc,phases   ] GC(3)   Evacuate Collection Set: 5.4ms
[2022-04-18T08:59:26.374+0000][7][gc,phases   ] GC(3)   Post Evacuate Collection Set: 0.4ms
[2022-04-18T08:59:26.374+0000][7][gc,phases   ] GC(3)   Other: 5.5ms
[2022-04-18T08:59:26.375+0000][7][gc,heap     ] GC(3) Eden regions: 52->0(74)
[2022-04-18T08:59:26.375+0000][7][gc,heap     ] GC(3) Survivor regions: 1->2(7)
[2022-04-18T08:59:26.376+0000][7][gc,heap     ] GC(3) Old regions: 2->2
[2022-04-18T08:59:26.377+0000][7][gc,heap     ] GC(3) Archive regions: 2->2
[2022-04-18T08:59:26.377+0000][7][gc,heap     ] GC(3) Humongous regions: 0->0
[2022-04-18T08:59:26.378+0000][7][gc,metaspace] GC(3) Metaspace: 20867K(21248K)->20867K(21248K) NonClass: 18371K(18560K)->18371K(18560K) Class: 2495K(2688K)->2495K(2688K)
[2022-04-18T08:59:26.378+0000][7][gc          ] GC(3) Pause Young (Normal) (G1 Evacuation Pause) 218M->16M(512M) 17.658ms
[2022-04-18T08:59:26.379+0000][7][gc,cpu      ] GC(3) User=0.01s Sys=0.00s Real=0.02s
[2022-04-18T08:59:26.379+0000][7][safepoint   ] Safepoint "G1CollectForAllocation", Time since last: 50071000 ns, Reaching safepoint: 80875 ns, At safepoint: 18669333 ns, Total: 18750208 ns
[2022-04-18T08:59:26.444+0000][7][gc,start    ] GC(4) Pause Young (Concurrent Start) (Metadata GC Threshold)
[2022-04-18T08:59:26.445+0000][7][gc,task     ] GC(4) Using 5 workers of 5 for evacuation
[2022-04-18T08:59:26.445+0000][7][gc,age      ] GC(4) Desired survivor size 20971520 bytes, new threshold 15 (max threshold 15)
[2022-04-18T08:59:26.451+0000][7][gc,age      ] GC(4) Age table with threshold 15 (max threshold 15)
[2022-04-18T08:59:26.452+0000][7][gc,age      ] GC(4) - age   1:     716336 bytes,     716336 total
[2022-04-18T08:59:26.454+0000][7][gc,age      ] GC(4) - age   2:    4903248 bytes,    5619584 total
[2022-04-18T08:59:26.454+0000][7][gc,age      ] GC(4) - age   3:     570888 bytes,    6190472 total
[2022-04-18T08:59:26.455+0000][7][gc,age      ] GC(4) - age   4:    1813208 bytes,    8003680 total
[2022-04-18T08:59:26.456+0000][7][gc,phases   ] GC(4)   Pre Evacuate Collection Set: 0.1ms
[2022-04-18T08:59:26.456+0000][7][gc,phases   ] GC(4)   Merge Heap Roots: 0.1ms
[2022-04-18T08:59:26.457+0000][7][gc,phases   ] GC(4)   Evacuate Collection Set: 4.2ms
[2022-04-18T08:59:26.458+0000][7][gc,phases   ] GC(4)   Post Evacuate Collection Set: 0.3ms
[2022-04-18T08:59:26.458+0000][7][gc,phases   ] GC(4)   Other: 7.6ms
[2022-04-18T08:59:26.459+0000][7][gc,heap     ] GC(4) Eden regions: 16->0(73)
[2022-04-18T08:59:26.461+0000][7][gc,heap     ] GC(4) Survivor regions: 2->3(10)
[2022-04-18T08:59:26.461+0000][7][gc,heap     ] GC(4) Old regions: 2->2
[2022-04-18T08:59:26.462+0000][7][gc,heap     ] GC(4) Archive regions: 2->2
[2022-04-18T08:59:26.462+0000][7][gc,heap     ] GC(4) Humongous regions: 0->0
[2022-04-18T08:59:26.463+0000][7][gc,metaspace] GC(4) Metaspace: 21151K(21504K)->21151K(21504K) NonClass: 18606K(18816K)->18606K(18816K) Class: 2544K(2688K)->2544K(2688K)
[2022-04-18T08:59:26.464+0000][7][gc          ] GC(4) Pause Young (Concurrent Start) (Metadata GC Threshold) 80M->16M(512M) 20.184ms
[2022-04-18T08:59:26.464+0000][7][gc,cpu      ] GC(4) User=0.03s Sys=0.00s Real=0.03s
[2022-04-18T08:59:26.465+0000][7][safepoint   ] Safepoint "CollectForMetadataAllocation", Time since last: 64205292 ns, Reaching safepoint: 56417 ns, At safepoint: 21470083 ns, Total: 21526500 ns
[2022-04-18T08:59:26.465+0000][7][gc          ] GC(5) Concurrent Mark Cycle
[2022-04-18T08:59:26.466+0000][7][gc,marking  ] GC(5) Concurrent Clear Claimed Marks
[2022-04-18T08:59:26.467+0000][7][gc,marking  ] GC(5) Concurrent Clear Claimed Marks 1.113ms
[2022-04-18T08:59:26.469+0000][7][gc,marking  ] GC(5) Concurrent Scan Root Regions
[2022-04-18T08:59:26.472+0000][7][gc,marking  ] GC(5) Concurrent Scan Root Regions 3.389ms
[2022-04-18T08:59:26.473+0000][7][gc,marking  ] GC(5) Concurrent Mark
[2022-04-18T08:59:26.473+0000][7][gc,marking  ] GC(5) Concurrent Mark From Roots
[2022-04-18T08:59:26.474+0000][7][gc,task     ] GC(5) Using 1 workers of 1 for marking
[2022-04-18T08:59:26.479+0000][7][gc,marking  ] GC(5) Concurrent Mark From Roots 5.363ms
[2022-04-18T08:59:26.480+0000][7][gc,marking  ] GC(5) Concurrent Preclean
[2022-04-18T08:59:26.480+0000][7][gc,marking  ] GC(5) Concurrent Preclean 0.738ms
[2022-04-18T08:59:26.481+0000][7][gc,start    ] GC(5) Pause Remark
[2022-04-18T08:59:26.484+0000][7][gc          ] GC(5) Pause Remark 18M->18M(512M) 2.576ms
[2022-04-18T08:59:26.484+0000][7][gc,cpu      ] GC(5) User=0.01s Sys=0.00s Real=0.01s
[2022-04-18T08:59:26.485+0000][7][safepoint   ] Safepoint "G1Concurrent", Time since last: 15891042 ns, Reaching safepoint: 305875 ns, At safepoint: 3791166 ns, Total: 4097041 ns
[2022-04-18T08:59:26.487+0000][7][gc,marking  ] GC(5) Concurrent Mark 14.152ms
[2022-04-18T08:59:26.488+0000][7][gc,marking  ] GC(5) Concurrent Rebuild Remembered Sets
[2022-04-18T08:59:26.490+0000][7][gc,marking  ] GC(5) Concurrent Rebuild Remembered Sets 2.472ms
[2022-04-18T08:59:26.491+0000][7][gc,start    ] GC(5) Pause Cleanup
[2022-04-18T08:59:26.492+0000][7][gc          ] GC(5) Pause Cleanup 18M->18M(512M) 0.670ms
[2022-04-18T08:59:26.492+0000][7][gc,cpu      ] GC(5) User=0.00s Sys=0.00s Real=0.00s
[2022-04-18T08:59:26.493+0000][7][safepoint   ] Safepoint "G1Concurrent", Time since last: 5915375 ns, Reaching safepoint: 400500 ns, At safepoint: 2141625 ns, Total: 2542125 ns
[2022-04-18T08:59:26.494+0000][7][gc,marking  ] GC(5) Concurrent Cleanup for Next Mark
[2022-04-18T08:59:26.495+0000][7][gc,marking  ] GC(5) Concurrent Cleanup for Next Mark 0.930ms
[2022-04-18T08:59:26.496+0000][7][gc          ] GC(5) Concurrent Mark Cycle 30.355ms
[2022-04-18T08:59:26.522+0000][7][safepoint   ] Safepoint "ICBufferFull", Time since last: 28551834 ns, Reaching safepoint: 150166 ns, At safepoint: 3542 ns, Total: 153708 ns
[2022-04-18T08:59:26.526+0000][7][safepoint   ] Safepoint "ICBufferFull", Time since last: 3493708 ns, Reaching safepoint: 99750 ns, At safepoint: 7709 ns, Total: 107459 ns
[2022-04-18T08:59:26.528+0000][7][safepoint   ] Safepoint "ICBufferFull", Time since last: 2276833 ns, Reaching safepoint: 273583 ns, At safepoint: 3250 ns, Total: 276833 ns
[2022-04-18T08:59:26.531+0000][7][safepoint   ] Safepoint "ICBufferFull", Time since last: 2371167 ns, Reaching safepoint: 50917 ns, At safepoint: 1708 ns, Total: 52625 ns
[2022-04-18T08:59:26.532+0000][7][safepoint   ] Safepoint "ICBufferFull", Time since last: 816875 ns, Reaching safepoint: 44000 ns, At safepoint: 1250 ns, Total: 45250 ns
[2022-04-18T08:59:26.533+0000][7][safepoint   ] Safepoint "ICBufferFull", Time since last: 1772875 ns, Reaching safepoint: 39708 ns, At safepoint: 1167 ns, Total: 40875 ns
[2022-04-18T08:59:26.535+0000][7][safepoint   ] Safepoint "ICBufferFull", Time since last: 1154042 ns, Reaching safepoint: 137916 ns, At safepoint: 2209 ns, Total: 140125 ns
[2022-04-18T08:59:26.535+0000][7][safepoint   ] Safepoint "ICBufferFull", Time since last: 757166 ns, Reaching safepoint: 22667 ns, At safepoint: 1208 ns, Total: 23875 ns
[2022-04-18T08:59:26.536+0000][7][safepoint   ] Safepoint "ICBufferFull", Time since last: 759167 ns, Reaching safepoint: 15125 ns, At safepoint: 750 ns, Total: 15875 ns
[2022-04-18T08:59:26.537+0000][7][safepoint   ] Safepoint "ICBufferFull", Time since last: 788875 ns, Reaching safepoint: 49292 ns, At safepoint: 958 ns, Total: 50250 ns
[2022-04-18T08:59:26.605+0000][7][safepoint   ] Safepoint "ICBufferFull", Time since last: 67933708 ns, Reaching safepoint: 186000 ns, At safepoint: 2417 ns, Total: 188417 ns
[2022-04-18T08:59:26.774+0000][7][safepoint   ] Safepoint "ICBufferFull", Time since last: 168340042 ns, Reaching safepoint: 177041 ns, At safepoint: 3042 ns, Total: 180083 ns
[2022-04-18T08:59:26.806+0000][7][gc,start    ] GC(6) Pause Young (Normal) (G1 Evacuation Pause)
[2022-04-18T08:59:26.807+0000][7][gc,task     ] GC(6) Using 5 workers of 5 for evacuation
[2022-04-18T08:59:26.808+0000][7][gc,age      ] GC(6) Desired survivor size 20971520 bytes, new threshold 15 (max threshold 15)
[2022-04-18T08:59:26.813+0000][7][gc,age      ] GC(6) Age table with threshold 15 (max threshold 15)
[2022-04-18T08:59:26.814+0000][7][gc,age      ] GC(6) - age   1:    3179912 bytes,    3179912 total
[2022-04-18T08:59:26.815+0000][7][gc,age      ] GC(6) - age   2:     707088 bytes,    3887000 total
[2022-04-18T08:59:26.816+0000][7][gc,age      ] GC(6) - age   3:    4900552 bytes,    8787552 total
[2022-04-18T08:59:26.817+0000][7][gc,age      ] GC(6) - age   4:     568184 bytes,    9355736 total
[2022-04-18T08:59:26.818+0000][7][gc,age      ] GC(6) - age   5:    1812128 bytes,   11167864 total
[2022-04-18T08:59:26.819+0000][7][gc,phases   ] GC(6)   Pre Evacuate Collection Set: 0.0ms
[2022-04-18T08:59:26.819+0000][7][gc,phases   ] GC(6)   Merge Heap Roots: 0.0ms
[2022-04-18T08:59:26.820+0000][7][gc,phases   ] GC(6)   Evacuate Collection Set: 3.6ms
[2022-04-18T08:59:26.821+0000][7][gc,phases   ] GC(6)   Post Evacuate Collection Set: 0.8ms
[2022-04-18T08:59:26.822+0000][7][gc,phases   ] GC(6)   Other: 8.2ms
[2022-04-18T08:59:26.822+0000][7][gc,heap     ] GC(6) Eden regions: 73->0(73)
[2022-04-18T08:59:26.823+0000][7][gc,heap     ] GC(6) Survivor regions: 3->3(10)
[2022-04-18T08:59:26.823+0000][7][gc,heap     ] GC(6) Old regions: 2->2
[2022-04-18T08:59:26.824+0000][7][gc,heap     ] GC(6) Archive regions: 2->2
[2022-04-18T08:59:26.825+0000][7][gc,heap     ] GC(6) Humongous regions: 0->0
[2022-04-18T08:59:26.826+0000][7][gc,metaspace] GC(6) Metaspace: 23261K(23744K)->23261K(23744K) NonClass: 20434K(20672K)->20434K(20672K) Class: 2826K(3072K)->2826K(3072K)
[2022-04-18T08:59:26.827+0000][7][gc          ] GC(6) Pause Young (Normal) (G1 Evacuation Pause) 308M->19M(512M) 21.087ms
[2022-04-18T08:59:26.828+0000][7][gc,cpu      ] GC(6) User=0.01s Sys=0.00s Real=0.02s
[2022-04-18T08:59:26.829+0000][7][safepoint   ] Safepoint "G1CollectForAllocation", Time since last: 32124417 ns, Reaching safepoint: 56166 ns, At safepoint: 23228084 ns, Total: 23284250 ns
[2022-04-18T08:59:26.921+0000][7][safepoint   ] Safepoint "ICBufferFull", Time since last: 91669291 ns, Reaching safepoint: 111834 ns, At safepoint: 2583 ns, Total: 114417 ns
[2022-04-18T08:59:27.040+0000][7][safepoint   ] Safepoint "ICBufferFull", Time since last: 119425708 ns, Reaching safepoint: 108084 ns, At safepoint: 13083 ns, Total: 121167 ns
[2022-04-18T08:59:27.172+0000][7][safepoint   ] Safepoint "ICBufferFull", Time since last: 131317500 ns, Reaching safepoint: 54459 ns, At safepoint: 1541 ns, Total: 56000 ns
[2022-04-18T08:59:27.189+0000][7][gc,start    ] GC(7) Pause Young (Normal) (G1 Evacuation Pause)
[2022-04-18T08:59:27.190+0000][7][gc,task     ] GC(7) Using 5 workers of 5 for evacuation
[2022-04-18T08:59:27.191+0000][7][gc,age      ] GC(7) Desired survivor size 20971520 bytes, new threshold 15 (max threshold 15)
[2022-04-18T08:59:27.197+0000][7][gc,age      ] GC(7) Age table with threshold 15 (max threshold 15)
[2022-04-18T08:59:27.198+0000][7][gc,age      ] GC(7) - age   1:    4160760 bytes,    4160760 total
[2022-04-18T08:59:27.199+0000][7][gc,age      ] GC(7) - age   2:    3153744 bytes,    7314504 total
[2022-04-18T08:59:27.199+0000][7][gc,age      ] GC(7) - age   3:     704224 bytes,    8018728 total
[2022-04-18T08:59:27.200+0000][7][gc,age      ] GC(7) - age   4:    4896888 bytes,   12915616 total
[2022-04-18T08:59:27.201+0000][7][gc,age      ] GC(7) - age   5:     567432 bytes,   13483048 total
[2022-04-18T08:59:27.202+0000][7][gc,age      ] GC(7) - age   6:    1791800 bytes,   15274848 total
[2022-04-18T08:59:27.203+0000][7][gc,phases   ] GC(7)   Pre Evacuate Collection Set: 0.2ms
[2022-04-18T08:59:27.203+0000][7][gc,phases   ] GC(7)   Merge Heap Roots: 0.1ms
[2022-04-18T08:59:27.204+0000][7][gc,phases   ] GC(7)   Evacuate Collection Set: 4.2ms
[2022-04-18T08:59:27.205+0000][7][gc,phases   ] GC(7)   Post Evacuate Collection Set: 0.5ms
[2022-04-18T08:59:27.206+0000][7][gc,phases   ] GC(7)   Other: 8.8ms
[2022-04-18T08:59:27.206+0000][7][gc,heap     ] GC(7) Eden regions: 73->0(72)
[2022-04-18T08:59:27.207+0000][7][gc,heap     ] GC(7) Survivor regions: 3->4(10)
[2022-04-18T08:59:27.208+0000][7][gc,heap     ] GC(7) Old regions: 2->2
[2022-04-18T08:59:27.208+0000][7][gc,heap     ] GC(7) Archive regions: 2->2
[2022-04-18T08:59:27.209+0000][7][gc,heap     ] GC(7) Humongous regions: 0->0
[2022-04-18T08:59:27.209+0000][7][gc,metaspace] GC(7) Metaspace: 28300K(28864K)->28300K(28864K) NonClass: 24873K(25216K)->24873K(25216K) Class: 3426K(3648K)->3426K(3648K)
[2022-04-18T08:59:27.210+0000][7][gc          ] GC(7) Pause Young (Normal) (G1 Evacuation Pause) 311M->23M(512M) 21.165ms
[2022-04-18T08:59:27.210+0000][7][gc,cpu      ] GC(7) User=0.01s Sys=0.01s Real=0.02s
[2022-04-18T08:59:27.211+0000][7][safepoint   ] Safepoint "G1CollectForAllocation", Time since last: 16858542 ns, Reaching safepoint: 35542 ns, At safepoint: 22312416 ns, Total: 22347958 ns
[2022-04-18T08:59:27.467+0000][7][gc,start    ] GC(8) Pause Young (Normal) (G1 Evacuation Pause)
[2022-04-18T08:59:27.469+0000][7][gc,task     ] GC(8) Using 5 workers of 5 for evacuation
[2022-04-18T08:59:27.469+0000][7][gc,age      ] GC(8) Desired survivor size 20971520 bytes, new threshold 15 (max threshold 15)
[2022-04-18T08:59:27.475+0000][7][gc,age      ] GC(8) Age table with threshold 15 (max threshold 15)
[2022-04-18T08:59:27.476+0000][7][gc,age      ] GC(8) - age   1:    3304320 bytes,    3304320 total
[2022-04-18T08:59:27.478+0000][7][gc,age      ] GC(8) - age   2:    3281072 bytes,    6585392 total
[2022-04-18T08:59:27.478+0000][7][gc,age      ] GC(8) - age   3:    3151184 bytes,    9736576 total
[2022-04-18T08:59:27.479+0000][7][gc,age      ] GC(8) - age   4:     704040 bytes,   10440616 total
[2022-04-18T08:59:27.480+0000][7][gc,age      ] GC(8) - age   5:    4875256 bytes,   15315872 total
[2022-04-18T08:59:27.481+0000][7][gc,age      ] GC(8) - age   6:     559056 bytes,   15874928 total
[2022-04-18T08:59:27.482+0000][7][gc,age      ] GC(8) - age   7:    1790104 bytes,   17665032 total
[2022-04-18T08:59:27.482+0000][7][gc,phases   ] GC(8)   Pre Evacuate Collection Set: 0.1ms
[2022-04-18T08:59:27.483+0000][7][gc,phases   ] GC(8)   Merge Heap Roots: 0.0ms
[2022-04-18T08:59:27.483+0000][7][gc,phases   ] GC(8)   Evacuate Collection Set: 4.5ms
[2022-04-18T08:59:27.484+0000][7][gc,phases   ] GC(8)   Post Evacuate Collection Set: 0.6ms
[2022-04-18T08:59:27.485+0000][7][gc,phases   ] GC(8)   Other: 10.1ms
[2022-04-18T08:59:27.486+0000][7][gc,heap     ] GC(8) Eden regions: 72->0(71)
[2022-04-18T08:59:27.487+0000][7][gc,heap     ] GC(8) Survivor regions: 4->5(10)
[2022-04-18T08:59:27.488+0000][7][gc,heap     ] GC(8) Old regions: 2->2
[2022-04-18T08:59:27.488+0000][7][gc,heap     ] GC(8) Archive regions: 2->2
[2022-04-18T08:59:27.489+0000][7][gc,heap     ] GC(8) Humongous regions: 0->0
[2022-04-18T08:59:27.490+0000][7][gc,metaspace] GC(8) Metaspace: 29828K(30464K)->29828K(30464K) NonClass: 26187K(26560K)->26187K(26560K) Class: 3641K(3904K)->3641K(3904K)
[2022-04-18T08:59:27.491+0000][7][gc          ] GC(8) Pause Young (Normal) (G1 Evacuation Pause) 311M->26M(512M) 24.141ms
[2022-04-18T08:59:27.492+0000][7][gc,cpu      ] GC(8) User=0.02s Sys=0.01s Real=0.02s
[2022-04-18T08:59:27.493+0000][7][safepoint   ] Safepoint "G1CollectForAllocation", Time since last: 255904959 ns, Reaching safepoint: 73416 ns, At safepoint: 25521167 ns, Total: 25594583 ns
[2022-04-18T08:59:27.732+0000][7][gc,heap,exit] Heap
[2022-04-18T08:59:27.733+0000][7][gc,heap,exit]  garbage-first heap   total 524288K, used 151677K [0x00000000e0000000, 0x0000000100000000)
[2022-04-18T08:59:27.733+0000][7][gc,heap,exit]   region size 4096K, 36 young (147456K), 5 survivors (20480K)
[2022-04-18T08:59:27.734+0000][7][gc,heap,exit]  Metaspace       used 31743K, committed 32448K, reserved 1081344K
[2022-04-18T08:59:27.735+0000][7][gc,heap,exit]   class space    used 3887K, committed 4160K, reserved 1048576K
