[2022-05-02T23:40:54.495+0000][162][gc] Using G1
[2022-05-02T23:40:54.527+0000][162][gc,init] Version: 17.0.2+8 (release)
[2022-05-02T23:40:54.527+0000][162][gc,init] CPUs: 12 total, 12 available
[2022-05-02T23:40:54.527+0000][162][gc,init] Memory: 25532M
[2022-05-02T23:40:54.528+0000][162][gc,init] Large Page Support: Disabled
[2022-05-02T23:40:54.528+0000][162][gc,init] NUMA Support: Disabled
[2022-05-02T23:40:54.528+0000][162][gc,init] Compressed Oops: Enabled (32-bit)
[2022-05-02T23:40:54.528+0000][162][gc,init] Heap Region Size: 4M
[2022-05-02T23:40:54.529+0000][162][gc,init] Heap Min Capacity: 512M
[2022-05-02T23:40:54.529+0000][162][gc,init] Heap Initial Capacity: 512M
[2022-05-02T23:40:54.529+0000][162][gc,init] Heap Max Capacity: 512M
[2022-05-02T23:40:54.529+0000][162][gc,init] Pre-touch: Enabled
[2022-05-02T23:40:54.529+0000][162][gc,init] Parallel Workers: 10
[2022-05-02T23:40:54.530+0000][162][gc,init] Concurrent Workers: 3
[2022-05-02T23:40:54.530+0000][162][gc,init] Concurrent Refinement Workers: 10
[2022-05-02T23:40:54.530+0000][162][gc,init] Periodic GC: Disabled
[2022-05-02T23:40:54.530+0000][162][gc,metaspace] CDS archive(s) mapped at: [0x0000000800000000-0x0000000800bd2000-0x0000000800bd2000), size 12394496, SharedBaseAddress: 0x0000000800000000, ArchiveRelocationMode: 0.
[2022-05-02T23:40:54.530+0000][162][gc,metaspace] Compressed class space mapped at: 0x0000000800c00000-0x0000000840c00000, reserved size: 1073741824
[2022-05-02T23:40:54.530+0000][162][gc,metaspace] Narrow klass base: 0x0000000800000000, Narrow klass shift: 0, Narrow klass range: 0x100000000
[2022-05-02T23:40:54.821+0000][162][safepoint   ] Safepoint "ICBufferFull", Time since last: 285916200 ns, Reaching safepoint: 93400 ns, At safepoint: 4500 ns, Total: 97900 ns
[2022-05-02T23:40:55.051+0000][162][gc,start    ] GC(0) Pause Young (Normal) (G1 Evacuation Pause)
[2022-05-02T23:40:55.051+0000][162][gc,task     ] GC(0) Using 10 workers of 10 for evacuation
[2022-05-02T23:40:55.051+0000][162][gc,age      ] GC(0) Desired survivor size 2097152 bytes, new threshold 15 (max threshold 15)
[2022-05-02T23:40:55.053+0000][162][gc,age      ] GC(0) Age table with threshold 15 (max threshold 15)
[2022-05-02T23:40:55.054+0000][162][gc,age      ] GC(0) - age   1:    4153680 bytes,    4153680 total
[2022-05-02T23:40:55.054+0000][162][gc,phases   ] GC(0)   Pre Evacuate Collection Set: 0.2ms
[2022-05-02T23:40:55.054+0000][162][gc,phases   ] GC(0)   Merge Heap Roots: 0.1ms
[2022-05-02T23:40:55.054+0000][162][gc,phases   ] GC(0)   Evacuate Collection Set: 1.4ms
[2022-05-02T23:40:55.054+0000][162][gc,phases   ] GC(0)   Post Evacuate Collection Set: 0.6ms
[2022-05-02T23:40:55.054+0000][162][gc,phases   ] GC(0)   Other: 0.9ms
[2022-05-02T23:40:55.054+0000][162][gc,heap     ] GC(0) Eden regions: 6->0(6)
[2022-05-02T23:40:55.055+0000][162][gc,heap     ] GC(0) Survivor regions: 0->1(1)
[2022-05-02T23:40:55.055+0000][162][gc,heap     ] GC(0) Old regions: 0->1
[2022-05-02T23:40:55.055+0000][162][gc,heap     ] GC(0) Archive regions: 2->2
[2022-05-02T23:40:55.055+0000][162][gc,heap     ] GC(0) Humongous regions: 0->0
[2022-05-02T23:40:55.055+0000][162][gc,metaspace] GC(0) Metaspace: 8722K(8960K)->8722K(8960K) NonClass: 7690K(7808K)->7690K(7808K) Class: 1032K(1152K)->1032K(1152K)
[2022-05-02T23:40:55.055+0000][162][gc          ] GC(0) Pause Young (Normal) (G1 Evacuation Pause) 27M->8M(512M) 4.601ms
[2022-05-02T23:40:55.055+0000][162][gc,cpu      ] GC(0) User=0.01s Sys=0.01s Real=0.00s
[2022-05-02T23:40:55.055+0000][162][safepoint   ] Safepoint "G1CollectForAllocation", Time since last: 229232500 ns, Reaching safepoint: 122300 ns, At safepoint: 4969100 ns, Total: 5091400 ns
[2022-05-02T23:40:55.719+0000][162][safepoint   ] Safepoint "ICBufferFull", Time since last: 663151800 ns, Reaching safepoint: 235600 ns, At safepoint: 20800 ns, Total: 256400 ns
[2022-05-02T23:40:55.761+0000][162][gc,start    ] GC(1) Pause Young (Normal) (G1 Evacuation Pause)
[2022-05-02T23:40:55.761+0000][162][gc,task     ] GC(1) Using 10 workers of 10 for evacuation
[2022-05-02T23:40:55.762+0000][162][gc,age      ] GC(1) Desired survivor size 2097152 bytes, new threshold 1 (max threshold 15)
[2022-05-02T23:40:55.766+0000][162][gc,age      ] GC(1) Age table with threshold 1 (max threshold 15)
[2022-05-02T23:40:55.766+0000][162][gc,age      ] GC(1) - age   1:    2730704 bytes,    2730704 total
[2022-05-02T23:40:55.766+0000][162][gc,phases   ] GC(1)   Pre Evacuate Collection Set: 0.2ms
[2022-05-02T23:40:55.766+0000][162][gc,phases   ] GC(1)   Merge Heap Roots: 0.2ms
[2022-05-02T23:40:55.766+0000][162][gc,phases   ] GC(1)   Evacuate Collection Set: 2.2ms
[2022-05-02T23:40:55.767+0000][162][gc,phases   ] GC(1)   Post Evacuate Collection Set: 1.0ms
[2022-05-02T23:40:55.767+0000][162][gc,phases   ] GC(1)   Other: 1.3ms
[2022-05-02T23:40:55.767+0000][162][gc,heap     ] GC(1) Eden regions: 6->0(11)
[2022-05-02T23:40:55.768+0000][162][gc,heap     ] GC(1) Survivor regions: 1->1(1)
[2022-05-02T23:40:55.768+0000][162][gc,heap     ] GC(1) Old regions: 1->2
[2022-05-02T23:40:55.768+0000][162][gc,heap     ] GC(1) Archive regions: 2->2
[2022-05-02T23:40:55.768+0000][162][gc,heap     ] GC(1) Humongous regions: 0->0
[2022-05-02T23:40:55.768+0000][162][gc,metaspace] GC(1) Metaspace: 13089K(13376K)->13089K(13376K) NonClass: 11494K(11648K)->11494K(11648K) Class: 1594K(1728K)->1594K(1728K)
[2022-05-02T23:40:55.768+0000][162][gc          ] GC(1) Pause Young (Normal) (G1 Evacuation Pause) 32M->10M(512M) 7.158ms
[2022-05-02T23:40:55.769+0000][162][gc,cpu      ] GC(1) User=0.02s Sys=0.00s Real=0.00s
[2022-05-02T23:40:55.769+0000][162][safepoint   ] Safepoint "G1CollectForAllocation", Time since last: 42195000 ns, Reaching safepoint: 193000 ns, At safepoint: 7472300 ns, Total: 7665300 ns
[2022-05-02T23:40:56.160+0000][162][gc,start    ] GC(2) Pause Young (Normal) (G1 Evacuation Pause)
[2022-05-02T23:40:56.160+0000][162][gc,task     ] GC(2) Using 10 workers of 10 for evacuation
[2022-05-02T23:40:56.160+0000][162][gc,age      ] GC(2) Desired survivor size 4194304 bytes, new threshold 15 (max threshold 15)
[2022-05-02T23:40:56.163+0000][162][gc,age      ] GC(2) Age table with threshold 15 (max threshold 15)
[2022-05-02T23:40:56.163+0000][162][gc,age      ] GC(2) - age   1:    1112472 bytes,    1112472 total
[2022-05-02T23:40:56.163+0000][162][gc,age      ] GC(2) - age   2:    2236768 bytes,    3349240 total
[2022-05-02T23:40:56.164+0000][162][gc,phases   ] GC(2)   Pre Evacuate Collection Set: 0.2ms
[2022-05-02T23:40:56.164+0000][162][gc,phases   ] GC(2)   Merge Heap Roots: 0.2ms
[2022-05-02T23:40:56.164+0000][162][gc,phases   ] GC(2)   Evacuate Collection Set: 1.6ms
[2022-05-02T23:40:56.164+0000][162][gc,phases   ] GC(2)   Post Evacuate Collection Set: 0.6ms
[2022-05-02T23:40:56.164+0000][162][gc,phases   ] GC(2)   Other: 1.0ms
[2022-05-02T23:40:56.164+0000][162][gc,heap     ] GC(2) Eden regions: 11->0(75)
[2022-05-02T23:40:56.164+0000][162][gc,heap     ] GC(2) Survivor regions: 1->1(2)
[2022-05-02T23:40:56.165+0000][162][gc,heap     ] GC(2) Old regions: 2->2
[2022-05-02T23:40:56.165+0000][162][gc,heap     ] GC(2) Archive regions: 2->2
[2022-05-02T23:40:56.165+0000][162][gc,heap     ] GC(2) Humongous regions: 0->0
[2022-05-02T23:40:56.165+0000][162][gc,metaspace] GC(2) Metaspace: 15094K(15296K)->15094K(15296K) NonClass: 13320K(13440K)->13320K(13440K) Class: 1774K(1856K)->1774K(1856K)
[2022-05-02T23:40:56.165+0000][162][gc          ] GC(2) Pause Young (Normal) (G1 Evacuation Pause) 54M->11M(512M) 5.066ms
[2022-05-02T23:40:56.165+0000][162][gc,cpu      ] GC(2) User=0.03s Sys=0.00s Real=0.01s
[2022-05-02T23:40:56.165+0000][162][safepoint   ] Safepoint "G1CollectForAllocation", Time since last: 390991400 ns, Reaching safepoint: 292200 ns, At safepoint: 5383800 ns, Total: 5676000 ns
[2022-05-02T23:40:56.406+0000][162][safepoint   ] Safepoint "ICBufferFull", Time since last: 240545500 ns, Reaching safepoint: 187300 ns, At safepoint: 5300 ns, Total: 192600 ns
[2022-05-02T23:40:56.408+0000][162][safepoint   ] Safepoint "ICBufferFull", Time since last: 1142700 ns, Reaching safepoint: 328300 ns, At safepoint: 18500 ns, Total: 346800 ns
[2022-05-02T23:40:56.410+0000][162][safepoint   ] Safepoint "ICBufferFull", Time since last: 1971200 ns, Reaching safepoint: 164300 ns, At safepoint: 17100 ns, Total: 181400 ns
[2022-05-02T23:40:56.411+0000][162][safepoint   ] Safepoint "ICBufferFull", Time since last: 1000200 ns, Reaching safepoint: 177200 ns, At safepoint: 5100 ns, Total: 182300 ns
[2022-05-02T23:40:56.412+0000][162][safepoint   ] Safepoint "ICBufferFull", Time since last: 941800 ns, Reaching safepoint: 187700 ns, At safepoint: 4800 ns, Total: 192500 ns
[2022-05-02T23:40:56.512+0000][162][safepoint   ] Safepoint "ICBufferFull", Time since last: 99666900 ns, Reaching safepoint: 265300 ns, At safepoint: 42300 ns, Total: 307600 ns
[2022-05-02T23:40:56.925+0000][162][gc,start    ] GC(3) Pause Young (Normal) (G1 Evacuation Pause)
[2022-05-02T23:40:56.925+0000][162][gc,task     ] GC(3) Using 10 workers of 10 for evacuation
[2022-05-02T23:40:56.925+0000][162][gc,age      ] GC(3) Desired survivor size 20971520 bytes, new threshold 15 (max threshold 15)
[2022-05-02T23:40:56.929+0000][162][gc,age      ] GC(3) Age table with threshold 15 (max threshold 15)
[2022-05-02T23:40:56.930+0000][162][gc,age      ] GC(3) - age   1:    5876280 bytes,    5876280 total
[2022-05-02T23:40:56.930+0000][162][gc,age      ] GC(3) - age   2:    1086416 bytes,    6962696 total
[2022-05-02T23:40:56.930+0000][162][gc,age      ] GC(3) - age   3:    2235128 bytes,    9197824 total
[2022-05-02T23:40:56.930+0000][162][gc,phases   ] GC(3)   Pre Evacuate Collection Set: 0.2ms
[2022-05-02T23:40:56.930+0000][162][gc,phases   ] GC(3)   Merge Heap Roots: 0.2ms
[2022-05-02T23:40:56.930+0000][162][gc,phases   ] GC(3)   Evacuate Collection Set: 2.6ms
[2022-05-02T23:40:56.931+0000][162][gc,phases   ] GC(3)   Post Evacuate Collection Set: 0.8ms
[2022-05-02T23:40:56.931+0000][162][gc,phases   ] GC(3)   Other: 1.4ms
[2022-05-02T23:40:56.931+0000][162][gc,heap     ] GC(3) Eden regions: 75->0(73)
[2022-05-02T23:40:56.931+0000][162][gc,heap     ] GC(3) Survivor regions: 1->3(10)
[2022-05-02T23:40:56.931+0000][162][gc,heap     ] GC(3) Old regions: 2->2
[2022-05-02T23:40:56.931+0000][162][gc,heap     ] GC(3) Archive regions: 2->2
[2022-05-02T23:40:56.931+0000][162][gc,heap     ] GC(3) Humongous regions: 0->0
[2022-05-02T23:40:56.932+0000][162][gc,metaspace] GC(3) Metaspace: 18542K(18944K)->18542K(18944K) NonClass: 16282K(16512K)->16282K(16512K) Class: 2259K(2432K)->2259K(2432K)
[2022-05-02T23:40:56.932+0000][162][gc          ] GC(3) Pause Young (Normal) (G1 Evacuation Pause) 311M->17M(512M) 6.820ms
[2022-05-02T23:40:56.932+0000][162][gc,cpu      ] GC(3) User=0.04s Sys=0.00s Real=0.01s
[2022-05-02T23:40:56.932+0000][162][safepoint   ] Safepoint "G1CollectForAllocation", Time since last: 412735800 ns, Reaching safepoint: 165600 ns, At safepoint: 7174000 ns, Total: 7339600 ns
[2022-05-02T23:40:57.313+0000][162][gc,start    ] GC(4) Pause Young (Normal) (G1 Evacuation Pause)
[2022-05-02T23:40:57.313+0000][162][gc,task     ] GC(4) Using 10 workers of 10 for evacuation
[2022-05-02T23:40:57.313+0000][162][gc,age      ] GC(4) Desired survivor size 20971520 bytes, new threshold 15 (max threshold 15)
[2022-05-02T23:40:57.317+0000][162][gc,age      ] GC(4) Age table with threshold 15 (max threshold 15)
[2022-05-02T23:40:57.317+0000][162][gc,age      ] GC(4) - age   1:    3482232 bytes,    3482232 total
[2022-05-02T23:40:57.317+0000][162][gc,age      ] GC(4) - age   2:    5444912 bytes,    8927144 total
[2022-05-02T23:40:57.318+0000][162][gc,age      ] GC(4) - age   3:    1086384 bytes,   10013528 total
[2022-05-02T23:40:57.318+0000][162][gc,age      ] GC(4) - age   4:    2234984 bytes,   12248512 total
[2022-05-02T23:40:57.318+0000][162][gc,phases   ] GC(4)   Pre Evacuate Collection Set: 0.2ms
[2022-05-02T23:40:57.318+0000][162][gc,phases   ] GC(4)   Merge Heap Roots: 0.2ms
[2022-05-02T23:40:57.318+0000][162][gc,phases   ] GC(4)   Evacuate Collection Set: 2.5ms
[2022-05-02T23:40:57.319+0000][162][gc,phases   ] GC(4)   Post Evacuate Collection Set: 0.7ms
[2022-05-02T23:40:57.319+0000][162][gc,phases   ] GC(4)   Other: 1.8ms
[2022-05-02T23:40:57.319+0000][162][gc,heap     ] GC(4) Eden regions: 73->0(72)
[2022-05-02T23:40:57.319+0000][162][gc,heap     ] GC(4) Survivor regions: 3->4(10)
[2022-05-02T23:40:57.319+0000][162][gc,heap     ] GC(4) Old regions: 2->2
[2022-05-02T23:40:57.319+0000][162][gc,heap     ] GC(4) Archive regions: 2->2
[2022-05-02T23:40:57.320+0000][162][gc,heap     ] GC(4) Humongous regions: 0->0
[2022-05-02T23:40:57.320+0000][162][gc,metaspace] GC(4) Metaspace: 19432K(19904K)->19432K(19904K) NonClass: 17056K(17344K)->17056K(17344K) Class: 2375K(2560K)->2375K(2560K)
[2022-05-02T23:40:57.320+0000][162][gc          ] GC(4) Pause Young (Normal) (G1 Evacuation Pause) 309M->20M(512M) 7.234ms
[2022-05-02T23:40:57.320+0000][162][gc,cpu      ] GC(4) User=0.03s Sys=0.01s Real=0.00s
[2022-05-02T23:40:57.320+0000][162][safepoint   ] Safepoint "G1CollectForAllocation", Time since last: 380360600 ns, Reaching safepoint: 162100 ns, At safepoint: 7597600 ns, Total: 7759700 ns
[2022-05-02T23:40:57.690+0000][162][gc,start    ] GC(5) Pause Young (Normal) (G1 Evacuation Pause)
[2022-05-02T23:40:57.690+0000][162][gc,task     ] GC(5) Using 10 workers of 10 for evacuation
[2022-05-02T23:40:57.691+0000][162][gc,age      ] GC(5) Desired survivor size 20971520 bytes, new threshold 15 (max threshold 15)
[2022-05-02T23:40:57.695+0000][162][gc,age      ] GC(5) Age table with threshold 15 (max threshold 15)
[2022-05-02T23:40:57.695+0000][162][gc,age      ] GC(5) - age   1:    2724896 bytes,    2724896 total
[2022-05-02T23:40:57.695+0000][162][gc,age      ] GC(5) - age   2:    2565384 bytes,    5290280 total
[2022-05-02T23:40:57.695+0000][162][gc,age      ] GC(5) - age   3:    5438168 bytes,   10728448 total
[2022-05-02T23:40:57.696+0000][162][gc,age      ] GC(5) - age   4:    1085576 bytes,   11814024 total
[2022-05-02T23:40:57.696+0000][162][gc,age      ] GC(5) - age   5:    2234552 bytes,   14048576 total
[2022-05-02T23:40:57.696+0000][162][gc,phases   ] GC(5)   Pre Evacuate Collection Set: 0.2ms
[2022-05-02T23:40:57.696+0000][162][gc,phases   ] GC(5)   Merge Heap Roots: 0.2ms
[2022-05-02T23:40:57.696+0000][162][gc,phases   ] GC(5)   Evacuate Collection Set: 2.6ms
[2022-05-02T23:40:57.696+0000][162][gc,phases   ] GC(5)   Post Evacuate Collection Set: 0.9ms
[2022-05-02T23:40:57.697+0000][162][gc,phases   ] GC(5)   Other: 1.9ms
[2022-05-02T23:40:57.697+0000][162][gc,heap     ] GC(5) Eden regions: 72->0(72)
[2022-05-02T23:40:57.697+0000][162][gc,heap     ] GC(5) Survivor regions: 4->4(10)
[2022-05-02T23:40:57.697+0000][162][gc,heap     ] GC(5) Old regions: 2->2
[2022-05-02T23:40:57.697+0000][162][gc,heap     ] GC(5) Archive regions: 2->2
[2022-05-02T23:40:57.697+0000][162][gc,heap     ] GC(5) Humongous regions: 0->0
[2022-05-02T23:40:57.697+0000][162][gc,metaspace] GC(5) Metaspace: 20667K(21184K)->20667K(21184K) NonClass: 18119K(18432K)->18119K(18432K) Class: 2547K(2752K)->2547K(2752K)
[2022-05-02T23:40:57.698+0000][162][gc          ] GC(5) Pause Young (Normal) (G1 Evacuation Pause) 308M->22M(512M) 7.415ms
[2022-05-02T23:40:57.698+0000][162][gc,cpu      ] GC(5) User=0.04s Sys=0.00s Real=0.01s
[2022-05-02T23:40:57.698+0000][162][safepoint   ] Safepoint "G1CollectForAllocation", Time since last: 369667400 ns, Reaching safepoint: 164900 ns, At safepoint: 7724700 ns, Total: 7889600 ns
[2022-05-02T23:40:57.982+0000][162][gc,start    ] GC(6) Pause Young (Normal) (G1 Evacuation Pause)
[2022-05-02T23:40:57.982+0000][162][gc,task     ] GC(6) Using 10 workers of 10 for evacuation
[2022-05-02T23:40:57.982+0000][162][gc,age      ] GC(6) Desired survivor size 20971520 bytes, new threshold 15 (max threshold 15)
[2022-05-02T23:40:57.987+0000][162][gc,age      ] GC(6) Age table with threshold 15 (max threshold 15)
[2022-05-02T23:40:57.987+0000][162][gc,age      ] GC(6) - age   1:    1444376 bytes,    1444376 total
[2022-05-02T23:40:57.988+0000][162][gc,age      ] GC(6) - age   2:    2190880 bytes,    3635256 total
[2022-05-02T23:40:57.988+0000][162][gc,age      ] GC(6) - age   3:    2564840 bytes,    6200096 total
[2022-05-02T23:40:57.988+0000][162][gc,age      ] GC(6) - age   4:    5437816 bytes,   11637912 total
[2022-05-02T23:40:57.989+0000][162][gc,age      ] GC(6) - age   5:    1085576 bytes,   12723488 total
[2022-05-02T23:40:57.989+0000][162][gc,age      ] GC(6) - age   6:    2234552 bytes,   14958040 total
[2022-05-02T23:40:57.989+0000][162][gc,phases   ] GC(6)   Pre Evacuate Collection Set: 0.2ms
[2022-05-02T23:40:57.990+0000][162][gc,phases   ] GC(6)   Merge Heap Roots: 0.2ms
[2022-05-02T23:40:57.990+0000][162][gc,phases   ] GC(6)   Evacuate Collection Set: 3.1ms
[2022-05-02T23:40:57.990+0000][162][gc,phases   ] GC(6)   Post Evacuate Collection Set: 0.9ms
[2022-05-02T23:40:57.990+0000][162][gc,phases   ] GC(6)   Other: 3.3ms
[2022-05-02T23:40:57.991+0000][162][gc,heap     ] GC(6) Eden regions: 72->0(72)
[2022-05-02T23:40:57.991+0000][162][gc,heap     ] GC(6) Survivor regions: 4->4(10)
[2022-05-02T23:40:57.991+0000][162][gc,heap     ] GC(6) Old regions: 2->2
[2022-05-02T23:40:57.991+0000][162][gc,heap     ] GC(6) Archive regions: 2->2
[2022-05-02T23:40:57.992+0000][162][gc,heap     ] GC(6) Humongous regions: 0->0
[2022-05-02T23:40:57.992+0000][162][gc,metaspace] GC(6) Metaspace: 20926K(21504K)->20926K(21504K) NonClass: 18333K(18688K)->18333K(18688K) Class: 2592K(2816K)->2592K(2816K)
[2022-05-02T23:40:57.992+0000][162][gc          ] GC(6) Pause Young (Normal) (G1 Evacuation Pause) 310M->23M(512M) 10.409ms
[2022-05-02T23:40:57.992+0000][162][gc,cpu      ] GC(6) User=0.03s Sys=0.01s Real=0.01s
[2022-05-02T23:40:57.992+0000][162][safepoint   ] Safepoint "G1CollectForAllocation", Time since last: 283597900 ns, Reaching safepoint: 169700 ns, At safepoint: 10687200 ns, Total: 10856900 ns
[2022-05-02T23:40:58.049+0000][162][gc,start    ] GC(7) Pause Young (Concurrent Start) (Metadata GC Threshold)
[2022-05-02T23:40:58.049+0000][162][gc,task     ] GC(7) Using 10 workers of 10 for evacuation
[2022-05-02T23:40:58.050+0000][162][gc,age      ] GC(7) Desired survivor size 20971520 bytes, new threshold 15 (max threshold 15)
[2022-05-02T23:40:58.054+0000][162][gc,age      ] GC(7) Age table with threshold 15 (max threshold 15)
[2022-05-02T23:40:58.055+0000][162][gc,age      ] GC(7) - age   1:     232760 bytes,     232760 total
[2022-05-02T23:40:58.055+0000][162][gc,age      ] GC(7) - age   2:     749136 bytes,     981896 total
[2022-05-02T23:40:58.055+0000][162][gc,age      ] GC(7) - age   3:    2190776 bytes,    3172672 total
[2022-05-02T23:40:58.056+0000][162][gc,age      ] GC(7) - age   4:    2564496 bytes,    5737168 total
[2022-05-02T23:40:58.056+0000][162][gc,age      ] GC(7) - age   5:    5437384 bytes,   11174552 total
[2022-05-02T23:40:58.056+0000][162][gc,age      ] GC(7) - age   6:    1085576 bytes,   12260128 total
[2022-05-02T23:40:58.056+0000][162][gc,age      ] GC(7) - age   7:    2234552 bytes,   14494680 total
[2022-05-02T23:40:58.057+0000][162][gc,phases   ] GC(7)   Pre Evacuate Collection Set: 0.3ms
[2022-05-02T23:40:58.057+0000][162][gc,phases   ] GC(7)   Merge Heap Roots: 0.2ms
[2022-05-02T23:40:58.057+0000][162][gc,phases   ] GC(7)   Evacuate Collection Set: 2.9ms
[2022-05-02T23:40:58.057+0000][162][gc,phases   ] GC(7)   Post Evacuate Collection Set: 1.0ms
[2022-05-02T23:40:58.057+0000][162][gc,phases   ] GC(7)   Other: 3.3ms
[2022-05-02T23:40:58.058+0000][162][gc,heap     ] GC(7) Eden regions: 13->0(72)
[2022-05-02T23:40:58.058+0000][162][gc,heap     ] GC(7) Survivor regions: 4->4(10)
[2022-05-02T23:40:58.058+0000][162][gc,heap     ] GC(7) Old regions: 2->2
[2022-05-02T23:40:58.058+0000][162][gc,heap     ] GC(7) Archive regions: 2->2
[2022-05-02T23:40:58.058+0000][162][gc,heap     ] GC(7) Humongous regions: 0->0
[2022-05-02T23:40:58.058+0000][162][gc,metaspace] GC(7) Metaspace: 20993K(21504K)->20993K(21504K) NonClass: 18387K(18688K)->18387K(18688K) Class: 2606K(2816K)->2606K(2816K)
[2022-05-02T23:40:58.058+0000][162][gc          ] GC(7) Pause Young (Concurrent Start) (Metadata GC Threshold) 75M->22M(512M) 9.163ms
[2022-05-02T23:40:58.058+0000][162][gc,cpu      ] GC(7) User=0.02s Sys=0.01s Real=0.01s
[2022-05-02T23:40:58.059+0000][162][gc          ] GC(8) Concurrent Mark Cycle
[2022-05-02T23:40:58.059+0000][162][gc,marking  ] GC(8) Concurrent Clear Claimed Marks
[2022-05-02T23:40:58.059+0000][162][safepoint   ] Safepoint "CollectForMetadataAllocation", Time since last: 56452000 ns, Reaching safepoint: 376400 ns, At safepoint: 9509300 ns, Total: 9885700 ns
[2022-05-02T23:40:58.059+0000][162][gc,marking  ] GC(8) Concurrent Clear Claimed Marks 0.166ms
[2022-05-02T23:40:58.059+0000][162][gc,marking  ] GC(8) Concurrent Scan Root Regions
[2022-05-02T23:40:58.062+0000][162][gc,marking  ] GC(8) Concurrent Scan Root Regions 2.490ms
[2022-05-02T23:40:58.062+0000][162][gc,marking  ] GC(8) Concurrent Mark
[2022-05-02T23:40:58.062+0000][162][gc,marking  ] GC(8) Concurrent Mark From Roots
[2022-05-02T23:40:58.062+0000][162][gc,task     ] GC(8) Using 3 workers of 3 for marking
[2022-05-02T23:40:58.067+0000][162][gc,marking  ] GC(8) Concurrent Mark From Roots 4.687ms
[2022-05-02T23:40:58.067+0000][162][gc,marking  ] GC(8) Concurrent Preclean
[2022-05-02T23:40:58.068+0000][162][gc,marking  ] GC(8) Concurrent Preclean 0.485ms
[2022-05-02T23:40:58.068+0000][162][gc,start    ] GC(8) Pause Remark
[2022-05-02T23:40:58.070+0000][162][gc          ] GC(8) Pause Remark 24M->24M(512M) 2.239ms
[2022-05-02T23:40:58.071+0000][162][gc,cpu      ] GC(8) User=0.01s Sys=0.00s Real=0.01s
[2022-05-02T23:40:58.071+0000][162][safepoint   ] Safepoint "G1Concurrent", Time since last: 9179200 ns, Reaching safepoint: 258400 ns, At safepoint: 2952400 ns, Total: 3210800 ns
[2022-05-02T23:40:58.071+0000][162][gc,marking  ] GC(8) Concurrent Mark 9.310ms
[2022-05-02T23:40:58.071+0000][162][gc,marking  ] GC(8) Concurrent Rebuild Remembered Sets
[2022-05-02T23:40:58.074+0000][162][gc,marking  ] GC(8) Concurrent Rebuild Remembered Sets 2.553ms
[2022-05-02T23:40:58.075+0000][162][gc,start    ] GC(8) Pause Cleanup
[2022-05-02T23:40:58.075+0000][162][gc          ] GC(8) Pause Cleanup 24M->24M(512M) 0.508ms
[2022-05-02T23:40:58.075+0000][162][gc,cpu      ] GC(8) User=0.00s Sys=0.00s Real=0.00s
[2022-05-02T23:40:58.076+0000][162][safepoint   ] Safepoint "G1Concurrent", Time since last: 3353200 ns, Reaching safepoint: 246800 ns, At safepoint: 1163300 ns, Total: 1410100 ns
[2022-05-02T23:40:58.076+0000][162][gc,marking  ] GC(8) Concurrent Cleanup for Next Mark
[2022-05-02T23:40:58.077+0000][162][gc,marking  ] GC(8) Concurrent Cleanup for Next Mark 0.610ms
[2022-05-02T23:40:58.077+0000][162][gc          ] GC(8) Concurrent Mark Cycle 18.513ms
[2022-05-02T23:40:59.084+0000][162][safepoint   ] Safepoint "ICBufferFull", Time since last: 1008446700 ns, Reaching safepoint: 191500 ns, At safepoint: 5200 ns, Total: 196700 ns
[2022-05-02T23:40:59.086+0000][162][safepoint   ] Safepoint "ICBufferFull", Time since last: 1250900 ns, Reaching safepoint: 176600 ns, At safepoint: 4900 ns, Total: 181500 ns
[2022-05-02T23:40:59.087+0000][162][safepoint   ] Safepoint "ICBufferFull", Time since last: 745100 ns, Reaching safepoint: 161000 ns, At safepoint: 4600 ns, Total: 165600 ns
[2022-05-02T23:40:59.088+0000][162][safepoint   ] Safepoint "ICBufferFull", Time since last: 687100 ns, Reaching safepoint: 167200 ns, At safepoint: 4400 ns, Total: 171600 ns
[2022-05-02T23:40:59.115+0000][162][safepoint   ] Safepoint "ICBufferFull", Time since last: 27575000 ns, Reaching safepoint: 171900 ns, At safepoint: 4600 ns, Total: 176500 ns
[2022-05-02T23:40:59.116+0000][162][safepoint   ] Safepoint "ICBufferFull", Time since last: 658500 ns, Reaching safepoint: 172400 ns, At safepoint: 4600 ns, Total: 177000 ns
[2022-05-02T23:40:59.153+0000][162][safepoint   ] Safepoint "ICBufferFull", Time since last: 36636400 ns, Reaching safepoint: 173800 ns, At safepoint: 23000 ns, Total: 196800 ns
[2022-05-02T23:40:59.154+0000][162][safepoint   ] Safepoint "ICBufferFull", Time since last: 1036100 ns, Reaching safepoint: 174800 ns, At safepoint: 4500 ns, Total: 179300 ns
[2022-05-02T23:40:59.170+0000][162][safepoint   ] Safepoint "ICBufferFull", Time since last: 15028400 ns, Reaching safepoint: 315300 ns, At safepoint: 33000 ns, Total: 348300 ns
[2022-05-02T23:41:00.009+0000][162][safepoint   ] Safepoint "ICBufferFull", Time since last: 839308200 ns, Reaching safepoint: 280800 ns, At safepoint: 18700 ns, Total: 299500 ns
[2022-05-02T23:41:01.010+0000][162][safepoint   ] Safepoint "Cleanup", Time since last: 1000473500 ns, Reaching safepoint: 222300 ns, At safepoint: 8400 ns, Total: 230700 ns
[2022-05-02T23:41:01.367+0000][162][gc,start    ] GC(9) Pause Young (Concurrent Start) (Metadata GC Threshold)
[2022-05-02T23:41:01.367+0000][162][gc,task     ] GC(9) Using 10 workers of 10 for evacuation
[2022-05-02T23:41:01.367+0000][162][gc,age      ] GC(9) Desired survivor size 20971520 bytes, new threshold 15 (max threshold 15)
[2022-05-02T23:41:01.381+0000][162][gc,age      ] GC(9) Age table with threshold 15 (max threshold 15)
[2022-05-02T23:41:01.381+0000][162][gc,age      ] GC(9) - age   1:   27128840 bytes,   27128840 total
[2022-05-02T23:41:01.381+0000][162][gc,age      ] GC(9) - age   2:     223984 bytes,   27352824 total
[2022-05-02T23:41:01.381+0000][162][gc,age      ] GC(9) - age   3:     729392 bytes,   28082216 total
[2022-05-02T23:41:01.381+0000][162][gc,age      ] GC(9) - age   4:    2159032 bytes,   30241248 total
[2022-05-02T23:41:01.381+0000][162][gc,age      ] GC(9) - age   5:    2547176 bytes,   32788424 total
[2022-05-02T23:41:01.381+0000][162][gc,age      ] GC(9) - age   6:    5361552 bytes,   38149976 total
[2022-05-02T23:41:01.382+0000][162][gc,age      ] GC(9) - age   7:    1048152 bytes,   39198128 total
[2022-05-02T23:41:01.382+0000][162][gc,age      ] GC(9) - age   8:    2196672 bytes,   41394800 total
[2022-05-02T23:41:01.382+0000][162][gc,phases   ] GC(9)   Pre Evacuate Collection Set: 0.2ms
[2022-05-02T23:41:01.382+0000][162][gc,phases   ] GC(9)   Merge Heap Roots: 0.2ms
[2022-05-02T23:41:01.382+0000][162][gc,phases   ] GC(9)   Evacuate Collection Set: 11.6ms
[2022-05-02T23:41:01.382+0000][162][gc,phases   ] GC(9)   Post Evacuate Collection Set: 1.4ms
[2022-05-02T23:41:01.382+0000][162][gc,phases   ] GC(9)   Other: 1.6ms
[2022-05-02T23:41:01.382+0000][162][gc,heap     ] GC(9) Eden regions: 71->0(66)
[2022-05-02T23:41:01.382+0000][162][gc,heap     ] GC(9) Survivor regions: 4->10(10)
[2022-05-02T23:41:01.382+0000][162][gc,heap     ] GC(9) Old regions: 2->2
[2022-05-02T23:41:01.383+0000][162][gc,heap     ] GC(9) Archive regions: 2->2
[2022-05-02T23:41:01.383+0000][162][gc,heap     ] GC(9) Humongous regions: 0->0
[2022-05-02T23:41:01.383+0000][162][gc,metaspace] GC(9) Metaspace: 35191K(36096K)->35191K(36096K) NonClass: 30525K(31104K)->30525K(31104K) Class: 4666K(4992K)->4666K(4992K)
[2022-05-02T23:41:01.383+0000][162][gc          ] GC(9) Pause Young (Concurrent Start) (Metadata GC Threshold) 304M->48M(512M) 15.915ms
[2022-05-02T23:41:01.383+0000][162][gc,cpu      ] GC(9) User=0.13s Sys=0.00s Real=0.02s
[2022-05-02T23:41:01.383+0000][162][gc          ] GC(10) Concurrent Mark Cycle
[2022-05-02T23:41:01.383+0000][162][gc,marking  ] GC(10) Concurrent Clear Claimed Marks
[2022-05-02T23:41:01.383+0000][162][safepoint   ] Safepoint "CollectForMetadataAllocation", Time since last: 356714000 ns, Reaching safepoint: 268400 ns, At safepoint: 16239000 ns, Total: 16507400 ns
[2022-05-02T23:41:01.383+0000][162][gc,marking  ] GC(10) Concurrent Clear Claimed Marks 0.207ms
[2022-05-02T23:41:01.384+0000][162][gc,marking  ] GC(10) Concurrent Scan Root Regions
[2022-05-02T23:41:01.394+0000][162][gc,marking  ] GC(10) Concurrent Scan Root Regions 9.747ms
[2022-05-02T23:41:01.394+0000][162][gc,marking  ] GC(10) Concurrent Mark
[2022-05-02T23:41:01.394+0000][162][gc,marking  ] GC(10) Concurrent Mark From Roots
[2022-05-02T23:41:01.394+0000][162][gc,task     ] GC(10) Using 3 workers of 3 for marking
[2022-05-02T23:41:01.397+0000][162][gc,marking  ] GC(10) Concurrent Mark From Roots 3.192ms
[2022-05-02T23:41:01.398+0000][162][gc,marking  ] GC(10) Concurrent Preclean
[2022-05-02T23:41:01.398+0000][162][gc,marking  ] GC(10) Concurrent Preclean 0.419ms
[2022-05-02T23:41:01.398+0000][162][gc,start    ] GC(10) Pause Remark
[2022-05-02T23:41:01.401+0000][162][gc          ] GC(10) Pause Remark 50M->50M(512M) 2.298ms
[2022-05-02T23:41:01.401+0000][162][gc,cpu      ] GC(10) User=0.02s Sys=0.00s Real=0.01s
[2022-05-02T23:41:01.401+0000][162][safepoint   ] Safepoint "G1Concurrent", Time since last: 15083000 ns, Reaching safepoint: 254700 ns, At safepoint: 2731000 ns, Total: 2985700 ns
[2022-05-02T23:41:01.401+0000][162][gc,marking  ] GC(10) Concurrent Mark 7.283ms
[2022-05-02T23:41:01.402+0000][162][gc,marking  ] GC(10) Concurrent Rebuild Remembered Sets
[2022-05-02T23:41:01.404+0000][162][gc,marking  ] GC(10) Concurrent Rebuild Remembered Sets 2.132ms
[2022-05-02T23:41:01.404+0000][162][gc,start    ] GC(10) Pause Cleanup
[2022-05-02T23:41:01.405+0000][162][gc          ] GC(10) Pause Cleanup 50M->50M(512M) 0.298ms
[2022-05-02T23:41:01.405+0000][162][gc,cpu      ] GC(10) User=0.00s Sys=0.00s Real=0.00s
[2022-05-02T23:41:01.405+0000][162][safepoint   ] Safepoint "G1Concurrent", Time since last: 2727500 ns, Reaching safepoint: 448300 ns, At safepoint: 589200 ns, Total: 1037500 ns
[2022-05-02T23:41:01.405+0000][162][gc,marking  ] GC(10) Concurrent Cleanup for Next Mark
[2022-05-02T23:41:01.405+0000][162][gc,marking  ] GC(10) Concurrent Cleanup for Next Mark 0.366ms
[2022-05-02T23:41:01.406+0000][162][gc          ] GC(10) Concurrent Mark Cycle 22.631ms
[2022-05-02T23:41:02.288+0000][162][safepoint   ] Safepoint "ICBufferFull", Time since last: 882435100 ns, Reaching safepoint: 214300 ns, At safepoint: 16700 ns, Total: 231000 ns
[2022-05-02T23:41:02.578+0000][162][safepoint   ] Safepoint "ICBufferFull", Time since last: 290319100 ns, Reaching safepoint: 312200 ns, At safepoint: 20200 ns, Total: 332400 ns
[2022-05-02T23:41:02.811+0000][162][gc,start    ] GC(11) Pause Young (Normal) (G1 Evacuation Pause)
[2022-05-02T23:41:02.812+0000][162][gc,task     ] GC(11) Using 10 workers of 10 for evacuation
[2022-05-02T23:41:02.812+0000][162][gc,age      ] GC(11) Desired survivor size 20971520 bytes, new threshold 1 (max threshold 15)
[2022-05-02T23:41:02.826+0000][162][gc,age      ] GC(11) Age table with threshold 1 (max threshold 15)
[2022-05-02T23:41:02.826+0000][162][gc,age      ] GC(11) - age   1:    6107680 bytes,    6107680 total
[2022-05-02T23:41:02.827+0000][162][gc,phases   ] GC(11)   Pre Evacuate Collection Set: 0.2ms
[2022-05-02T23:41:02.827+0000][162][gc,phases   ] GC(11)   Merge Heap Roots: 0.2ms
[2022-05-02T23:41:02.827+0000][162][gc,phases   ] GC(11)   Evacuate Collection Set: 12.3ms
[2022-05-02T23:41:02.827+0000][162][gc,phases   ] GC(11)   Post Evacuate Collection Set: 1.3ms
[2022-05-02T23:41:02.828+0000][162][gc,phases   ] GC(11)   Other: 1.5ms
[2022-05-02T23:41:02.828+0000][162][gc,heap     ] GC(11) Eden regions: 66->0(73)
[2022-05-02T23:41:02.828+0000][162][gc,heap     ] GC(11) Survivor regions: 10->3(10)
[2022-05-02T23:41:02.828+0000][162][gc,heap     ] GC(11) Old regions: 2->11
[2022-05-02T23:41:02.828+0000][162][gc,heap     ] GC(11) Archive regions: 2->2
[2022-05-02T23:41:02.828+0000][162][gc,heap     ] GC(11) Humongous regions: 0->0
[2022-05-02T23:41:02.829+0000][162][gc,metaspace] GC(11) Metaspace: 52217K(53376K)->52217K(53376K) NonClass: 45125K(45824K)->45125K(45824K) Class: 7091K(7552K)->7091K(7552K)
[2022-05-02T23:41:02.829+0000][162][gc          ] GC(11) Pause Young (Normal) (G1 Evacuation Pause) 312M->57M(512M) 17.620ms
[2022-05-02T23:41:02.829+0000][162][gc,cpu      ] GC(11) User=0.15s Sys=0.00s Real=0.01s
[2022-05-02T23:41:02.829+0000][162][safepoint   ] Safepoint "G1CollectForAllocation", Time since last: 232649100 ns, Reaching safepoint: 246300 ns, At safepoint: 17997600 ns, Total: 18243900 ns
[2022-05-02T23:41:03.191+0000][162][safepoint   ] Safepoint "ICBufferFull", Time since last: 360625600 ns, Reaching safepoint: 681300 ns, At safepoint: 21800 ns, Total: 703100 ns
[2022-05-02T23:41:03.460+0000][162][gc,start    ] GC(12) Pause Young (Concurrent Start) (Metadata GC Threshold)
[2022-05-02T23:41:03.460+0000][162][gc,task     ] GC(12) Using 10 workers of 10 for evacuation
[2022-05-02T23:41:03.461+0000][162][gc,age      ] GC(12) Desired survivor size 20971520 bytes, new threshold 15 (max threshold 15)
[2022-05-02T23:41:03.466+0000][162][gc,age      ] GC(12) Age table with threshold 15 (max threshold 15)
[2022-05-02T23:41:03.467+0000][162][gc,age      ] GC(12) - age   1:    3839784 bytes,    3839784 total
[2022-05-02T23:41:03.467+0000][162][gc,age      ] GC(12) - age   2:    5936504 bytes,    9776288 total
[2022-05-02T23:41:03.467+0000][162][gc,phases   ] GC(12)   Pre Evacuate Collection Set: 0.2ms
[2022-05-02T23:41:03.467+0000][162][gc,phases   ] GC(12)   Merge Heap Roots: 0.2ms
[2022-05-02T23:41:03.468+0000][162][gc,phases   ] GC(12)   Evacuate Collection Set: 3.4ms
[2022-05-02T23:41:03.468+0000][162][gc,phases   ] GC(12)   Post Evacuate Collection Set: 1.4ms
[2022-05-02T23:41:03.468+0000][162][gc,phases   ] GC(12)   Other: 1.9ms
[2022-05-02T23:41:03.468+0000][162][gc,heap     ] GC(12) Eden regions: 28->0(73)
[2022-05-02T23:41:03.468+0000][162][gc,heap     ] GC(12) Survivor regions: 3->3(10)
[2022-05-02T23:41:03.469+0000][162][gc,heap     ] GC(12) Old regions: 11->11
[2022-05-02T23:41:03.469+0000][162][gc,heap     ] GC(12) Archive regions: 2->2
[2022-05-02T23:41:03.469+0000][162][gc,heap     ] GC(12) Humongous regions: 0->0
[2022-05-02T23:41:03.469+0000][162][gc,metaspace] GC(12) Metaspace: 59382K(60608K)->59382K(60608K) NonClass: 51302K(52032K)->51302K(52032K) Class: 8079K(8576K)->8079K(8576K)
[2022-05-02T23:41:03.469+0000][162][gc          ] GC(12) Pause Young (Concurrent Start) (Metadata GC Threshold) 167M->57M(512M) 9.499ms
[2022-05-02T23:41:03.470+0000][162][gc,cpu      ] GC(12) User=0.03s Sys=0.01s Real=0.01s
[2022-05-02T23:41:03.470+0000][162][gc          ] GC(13) Concurrent Mark Cycle
[2022-05-02T23:41:03.470+0000][162][gc,marking  ] GC(13) Concurrent Clear Claimed Marks
[2022-05-02T23:41:03.470+0000][162][safepoint   ] Safepoint "CollectForMetadataAllocation", Time since last: 269075700 ns, Reaching safepoint: 331200 ns, At safepoint: 9968400 ns, Total: 10299600 ns
[2022-05-02T23:41:03.470+0000][162][gc,marking  ] GC(13) Concurrent Clear Claimed Marks 0.211ms
[2022-05-02T23:41:03.470+0000][162][gc,marking  ] GC(13) Concurrent Scan Root Regions
[2022-05-02T23:41:03.474+0000][162][gc,marking  ] GC(13) Concurrent Scan Root Regions 3.829ms
[2022-05-02T23:41:03.475+0000][162][gc,marking  ] GC(13) Concurrent Mark
[2022-05-02T23:41:03.475+0000][162][gc,marking  ] GC(13) Concurrent Mark From Roots
[2022-05-02T23:41:03.475+0000][162][gc,task     ] GC(13) Using 3 workers of 3 for marking
[2022-05-02T23:41:03.500+0000][162][gc,marking  ] GC(13) Concurrent Mark From Roots 25.487ms
[2022-05-02T23:41:03.501+0000][162][gc,marking  ] GC(13) Concurrent Preclean
[2022-05-02T23:41:03.501+0000][162][safepoint   ] Safepoint "CollectForMetadataAllocation", Time since last: 30712500 ns, Reaching safepoint: 178800 ns, At safepoint: 52800 ns, Total: 231600 ns
[2022-05-02T23:41:03.501+0000][162][gc,marking  ] GC(13) Concurrent Preclean 0.683ms
[2022-05-02T23:41:03.502+0000][162][gc,start    ] GC(13) Pause Remark
[2022-05-02T23:41:03.504+0000][162][gc          ] GC(13) Pause Remark 61M->61M(512M) 2.578ms
[2022-05-02T23:41:03.505+0000][162][gc,cpu      ] GC(13) User=0.01s Sys=0.00s Real=0.00s
[2022-05-02T23:41:03.505+0000][162][safepoint   ] Safepoint "G1Concurrent", Time since last: 778800 ns, Reaching safepoint: 157100 ns, At safepoint: 3176000 ns, Total: 3333100 ns
[2022-05-02T23:41:03.505+0000][162][gc,marking  ] GC(13) Concurrent Mark 30.703ms
[2022-05-02T23:41:03.505+0000][162][gc,marking  ] GC(13) Concurrent Rebuild Remembered Sets
[2022-05-02T23:41:03.506+0000][162][gc,marking  ] GC(13) Concurrent Rebuild Remembered Sets 0.253ms
[2022-05-02T23:41:03.506+0000][162][gc,start    ] GC(13) Pause Cleanup
[2022-05-02T23:41:03.506+0000][162][gc          ] GC(13) Pause Cleanup 61M->61M(512M) 0.201ms
[2022-05-02T23:41:03.507+0000][162][gc,cpu      ] GC(13) User=0.00s Sys=0.00s Real=0.00s
[2022-05-02T23:41:03.507+0000][162][safepoint   ] Safepoint "G1Concurrent", Time since last: 1072400 ns, Reaching safepoint: 259100 ns, At safepoint: 618900 ns, Total: 878000 ns
[2022-05-02T23:41:03.507+0000][162][gc,marking  ] GC(13) Concurrent Cleanup for Next Mark
[2022-05-02T23:41:03.508+0000][162][gc,marking  ] GC(13) Concurrent Cleanup for Next Mark 0.409ms
[2022-05-02T23:41:03.508+0000][162][gc          ] GC(13) Concurrent Mark Cycle 37.928ms
[2022-05-02T23:41:04.352+0000][162][safepoint   ] Safepoint "ICBufferFull", Time since last: 844999900 ns, Reaching safepoint: 477200 ns, At safepoint: 32100 ns, Total: 509300 ns
[2022-05-02T23:41:05.199+0000][162][safepoint   ] Safepoint "ICBufferFull", Time since last: 845882200 ns, Reaching safepoint: 456200 ns, At safepoint: 21300 ns, Total: 477500 ns
[2022-05-02T23:41:05.386+0000][162][safepoint   ] Safepoint "ICBufferFull", Time since last: 186735700 ns, Reaching safepoint: 174900 ns, At safepoint: 17500 ns, Total: 192400 ns
[2022-05-02T23:41:05.802+0000][162][safepoint   ] Safepoint "ICBufferFull", Time since last: 415924800 ns, Reaching safepoint: 279300 ns, At safepoint: 21500 ns, Total: 300800 ns
[2022-05-02T23:41:06.170+0000][162][safepoint   ] Safepoint "ICBufferFull", Time since last: 367962700 ns, Reaching safepoint: 170800 ns, At safepoint: 6800 ns, Total: 177600 ns
[2022-05-02T23:41:06.613+0000][162][safepoint   ] Safepoint "ICBufferFull", Time since last: 442800900 ns, Reaching safepoint: 181600 ns, At safepoint: 5400 ns, Total: 187000 ns
[2022-05-02T23:41:07.484+0000][162][gc,start    ] GC(14) Pause Young (Concurrent Start) (G1 Evacuation Pause)
[2022-05-02T23:41:07.484+0000][162][gc,task     ] GC(14) Using 10 workers of 10 for evacuation
[2022-05-02T23:41:07.484+0000][162][gc,age      ] GC(14) Desired survivor size 20971520 bytes, new threshold 15 (max threshold 15)
[2022-05-02T23:41:07.496+0000][162][gc,age      ] GC(14) Age table with threshold 15 (max threshold 15)
[2022-05-02T23:41:07.497+0000][162][gc,age      ] GC(14) - age   1:   15737936 bytes,   15737936 total
[2022-05-02T23:41:07.497+0000][162][gc,age      ] GC(14) - age   2:    3702920 bytes,   19440856 total
[2022-05-02T23:41:07.497+0000][162][gc,age      ] GC(14) - age   3:    5777296 bytes,   25218152 total
[2022-05-02T23:41:07.497+0000][162][gc,phases   ] GC(14)   Pre Evacuate Collection Set: 0.3ms
[2022-05-02T23:41:07.497+0000][162][gc,phases   ] GC(14)   Merge Heap Roots: 0.2ms
[2022-05-02T23:41:07.498+0000][162][gc,phases   ] GC(14)   Evacuate Collection Set: 9.9ms
[2022-05-02T23:41:07.498+0000][162][gc,phases   ] GC(14)   Post Evacuate Collection Set: 1.6ms
[2022-05-02T23:41:07.498+0000][162][gc,phases   ] GC(14)   Other: 1.4ms
[2022-05-02T23:41:07.498+0000][162][gc,heap     ] GC(14) Eden regions: 73->0(69)
[2022-05-02T23:41:07.498+0000][162][gc,heap     ] GC(14) Survivor regions: 3->7(10)
[2022-05-02T23:41:07.499+0000][162][gc,heap     ] GC(14) Old regions: 11->11
[2022-05-02T23:41:07.499+0000][162][gc,heap     ] GC(14) Archive regions: 2->2
[2022-05-02T23:41:07.499+0000][162][gc,heap     ] GC(14) Humongous regions: 6->6
[2022-05-02T23:41:07.499+0000][162][gc,metaspace] GC(14) Metaspace: 95390K(96896K)->95390K(96896K) NonClass: 82031K(82880K)->82031K(82880K) Class: 13358K(14016K)->13358K(14016K)
[2022-05-02T23:41:07.500+0000][162][gc          ] GC(14) Pause Young (Concurrent Start) (G1 Evacuation Pause) 373M->96M(512M) 15.626ms
[2022-05-02T23:41:07.500+0000][162][gc,cpu      ] GC(14) User=0.11s Sys=0.00s Real=0.01s
[2022-05-02T23:41:07.500+0000][162][gc          ] GC(15) Concurrent Mark Cycle
[2022-05-02T23:41:07.500+0000][162][safepoint   ] Safepoint "G1CollectForAllocation", Time since last: 870527100 ns, Reaching safepoint: 310500 ns, At safepoint: 16088400 ns, Total: 16398900 ns
[2022-05-02T23:41:07.500+0000][162][gc,marking  ] GC(15) Concurrent Clear Claimed Marks
[2022-05-02T23:41:07.501+0000][162][gc,marking  ] GC(15) Concurrent Clear Claimed Marks 0.753ms
[2022-05-02T23:41:07.501+0000][162][gc,marking  ] GC(15) Concurrent Scan Root Regions
[2022-05-02T23:41:07.510+0000][162][gc,marking  ] GC(15) Concurrent Scan Root Regions 8.524ms
[2022-05-02T23:41:07.510+0000][162][gc,marking  ] GC(15) Concurrent Mark
[2022-05-02T23:41:07.510+0000][162][gc,marking  ] GC(15) Concurrent Mark From Roots
[2022-05-02T23:41:07.510+0000][162][gc,task     ] GC(15) Using 3 workers of 3 for marking
[2022-05-02T23:41:07.547+0000][162][gc,marking  ] GC(15) Concurrent Mark From Roots 37.110ms
[2022-05-02T23:41:07.548+0000][162][gc,marking  ] GC(15) Concurrent Preclean
[2022-05-02T23:41:07.548+0000][162][gc,marking  ] GC(15) Concurrent Preclean 0.753ms
[2022-05-02T23:41:07.549+0000][162][gc,start    ] GC(15) Pause Remark
[2022-05-02T23:41:07.552+0000][162][gc          ] GC(15) Pause Remark 104M->104M(512M) 2.621ms
[2022-05-02T23:41:07.552+0000][162][gc,cpu      ] GC(15) User=0.02s Sys=0.01s Real=0.01s
[2022-05-02T23:41:07.552+0000][162][safepoint   ] Safepoint "G1Concurrent", Time since last: 48811900 ns, Reaching safepoint: 175800 ns, At safepoint: 3099100 ns, Total: 3274900 ns
[2022-05-02T23:41:07.552+0000][162][gc,marking  ] GC(15) Concurrent Mark 42.550ms
[2022-05-02T23:41:07.553+0000][162][gc,marking  ] GC(15) Concurrent Rebuild Remembered Sets
[2022-05-02T23:41:07.553+0000][162][gc,marking  ] GC(15) Concurrent Rebuild Remembered Sets 0.243ms
[2022-05-02T23:41:07.553+0000][162][gc,start    ] GC(15) Pause Cleanup
[2022-05-02T23:41:07.554+0000][162][gc          ] GC(15) Pause Cleanup 104M->104M(512M) 0.165ms
[2022-05-02T23:41:07.554+0000][162][gc,cpu      ] GC(15) User=0.00s Sys=0.00s Real=0.00s
[2022-05-02T23:41:07.554+0000][162][safepoint   ] Safepoint "G1Concurrent", Time since last: 1187700 ns, Reaching safepoint: 230400 ns, At safepoint: 531600 ns, Total: 762000 ns
[2022-05-02T23:41:07.554+0000][162][gc,marking  ] GC(15) Concurrent Cleanup for Next Mark
[2022-05-02T23:41:07.555+0000][162][gc,marking  ] GC(15) Concurrent Cleanup for Next Mark 0.485ms
[2022-05-02T23:41:07.555+0000][162][gc          ] GC(15) Concurrent Mark Cycle 55.157ms
[2022-05-02T23:41:07.940+0000][162][safepoint   ] Safepoint "ICBufferFull", Time since last: 385488800 ns, Reaching safepoint: 310300 ns, At safepoint: 62800 ns, Total: 373100 ns
[2022-05-02T23:41:08.119+0000][162][safepoint   ] Safepoint "ICBufferFull", Time since last: 178749100 ns, Reaching safepoint: 205200 ns, At safepoint: 66100 ns, Total: 271300 ns
[2022-05-02T23:41:08.410+0000][162][safepoint   ] Safepoint "ICBufferFull", Time since last: 290882500 ns, Reaching safepoint: 307400 ns, At safepoint: 62500 ns, Total: 369900 ns
[2022-05-02T23:41:08.618+0000][162][safepoint   ] Safepoint "ICBufferFull", Time since last: 207523700 ns, Reaching safepoint: 255600 ns, At safepoint: 31400 ns, Total: 287000 ns
[2022-05-02T23:41:09.186+0000][162][safepoint   ] Safepoint "ICBufferFull", Time since last: 567572200 ns, Reaching safepoint: 220600 ns, At safepoint: 33100 ns, Total: 253700 ns
[2022-05-02T23:41:09.464+0000][162][safepoint   ] Safepoint "ICBufferFull", Time since last: 278178800 ns, Reaching safepoint: 174400 ns, At safepoint: 20500 ns, Total: 194900 ns
[2022-05-02T23:41:09.698+0000][162][safepoint   ] Safepoint "ICBufferFull", Time since last: 233499100 ns, Reaching safepoint: 292900 ns, At safepoint: 48800 ns, Total: 341700 ns
[2022-05-02T23:41:10.225+0000][162][gc,start    ] GC(16) Pause Young (Normal) (G1 Evacuation Pause)
[2022-05-02T23:41:10.225+0000][162][gc,task     ] GC(16) Using 10 workers of 10 for evacuation
[2022-05-02T23:41:10.225+0000][162][gc,age      ] GC(16) Desired survivor size 20971520 bytes, new threshold 3 (max threshold 15)
[2022-05-02T23:41:10.236+0000][162][gc,age      ] GC(16) Age table with threshold 3 (max threshold 15)
[2022-05-02T23:41:10.236+0000][162][gc,age      ] GC(16) - age   1:    6209696 bytes,    6209696 total
[2022-05-02T23:41:10.236+0000][162][gc,age      ] GC(16) - age   2:   15131688 bytes,   21341384 total
[2022-05-02T23:41:10.237+0000][162][gc,age      ] GC(16) - age   3:    3697032 bytes,   25038416 total
[2022-05-02T23:41:10.237+0000][162][gc,phases   ] GC(16)   Pre Evacuate Collection Set: 0.2ms
[2022-05-02T23:41:10.237+0000][162][gc,phases   ] GC(16)   Merge Heap Roots: 0.2ms
[2022-05-02T23:41:10.237+0000][162][gc,phases   ] GC(16)   Evacuate Collection Set: 9.1ms
[2022-05-02T23:41:10.237+0000][162][gc,phases   ] GC(16)   Post Evacuate Collection Set: 1.2ms
[2022-05-02T23:41:10.237+0000][162][gc,phases   ] GC(16)   Other: 1.1ms
[2022-05-02T23:41:10.237+0000][162][gc,heap     ] GC(16) Eden regions: 69->0(69)
[2022-05-02T23:41:10.237+0000][162][gc,heap     ] GC(16) Survivor regions: 7->7(10)
[2022-05-02T23:41:10.238+0000][162][gc,heap     ] GC(16) Old regions: 11->13
[2022-05-02T23:41:10.238+0000][162][gc,heap     ] GC(16) Archive regions: 2->2
[2022-05-02T23:41:10.238+0000][162][gc,heap     ] GC(16) Humongous regions: 6->6
[2022-05-02T23:41:10.238+0000][162][gc,metaspace] GC(16) Metaspace: 102780K(104448K)->102780K(104448K) NonClass: 88456K(89408K)->88456K(89408K) Class: 14323K(15040K)->14323K(15040K)
[2022-05-02T23:41:10.238+0000][162][gc          ] GC(16) Pause Young (Normal) (G1 Evacuation Pause) 372M->102M(512M) 13.107ms
[2022-05-02T23:41:10.238+0000][162][gc,cpu      ] GC(16) User=0.11s Sys=0.00s Real=0.01s
[2022-05-02T23:41:10.238+0000][162][safepoint   ] Safepoint "G1CollectForAllocation", Time since last: 526686700 ns, Reaching safepoint: 202900 ns, At safepoint: 13502200 ns, Total: 13705100 ns
[2022-05-02T23:41:10.671+0000][162][safepoint   ] Safepoint "ICBufferFull", Time since last: 427859100 ns, Reaching safepoint: 4443600 ns, At safepoint: 132300 ns, Total: 4575900 ns
[2022-05-02T23:41:10.958+0000][162][safepoint   ] Safepoint "ICBufferFull", Time since last: 286703100 ns, Reaching safepoint: 397800 ns, At safepoint: 79300 ns, Total: 477100 ns
[2022-05-02T23:41:11.959+0000][162][safepoint   ] Safepoint "Cleanup", Time since last: 1000404300 ns, Reaching safepoint: 166300 ns, At safepoint: 20300 ns, Total: 186600 ns
[2022-05-02T23:41:12.959+0000][162][safepoint   ] Safepoint "Cleanup", Time since last: 1000313800 ns, Reaching safepoint: 198700 ns, At safepoint: 18500 ns, Total: 217200 ns
[2022-05-02T23:41:13.540+0000][162][safepoint   ] Safepoint "ICBufferFull", Time since last: 580473400 ns, Reaching safepoint: 181300 ns, At safepoint: 44200 ns, Total: 225500 ns
[2022-05-02T23:41:13.622+0000][162][gc,start    ] GC(17) Pause Young (Normal) (G1 Evacuation Pause)
[2022-05-02T23:41:13.623+0000][162][gc,task     ] GC(17) Using 10 workers of 10 for evacuation
[2022-05-02T23:41:13.623+0000][162][gc,age      ] GC(17) Desired survivor size 20971520 bytes, new threshold 2 (max threshold 15)
[2022-05-02T23:41:13.633+0000][162][gc,age      ] GC(17) Age table with threshold 2 (max threshold 15)
[2022-05-02T23:41:13.633+0000][162][gc,age      ] GC(17) - age   1:    6858280 bytes,    6858280 total
[2022-05-02T23:41:13.634+0000][162][gc,age      ] GC(17) - age   2:    3785520 bytes,   10643800 total
[2022-05-02T23:41:13.634+0000][162][gc,phases   ] GC(17)   Pre Evacuate Collection Set: 0.3ms
[2022-05-02T23:41:13.634+0000][162][gc,phases   ] GC(17)   Merge Heap Roots: 0.2ms
[2022-05-02T23:41:13.635+0000][162][gc,phases   ] GC(17)   Evacuate Collection Set: 7.8ms
[2022-05-02T23:41:13.635+0000][162][gc,phases   ] GC(17)   Post Evacuate Collection Set: 1.6ms
[2022-05-02T23:41:13.635+0000][162][gc,phases   ] GC(17)   Other: 1.6ms
[2022-05-02T23:41:13.635+0000][162][gc,heap     ] GC(17) Eden regions: 69->0(71)
[2022-05-02T23:41:13.636+0000][162][gc,heap     ] GC(17) Survivor regions: 7->4(10)
[2022-05-02T23:41:13.636+0000][162][gc,heap     ] GC(17) Old regions: 13->17
[2022-05-02T23:41:13.636+0000][162][gc,heap     ] GC(17) Archive regions: 2->2
[2022-05-02T23:41:13.636+0000][162][gc,heap     ] GC(17) Humongous regions: 6->6
[2022-05-02T23:41:13.637+0000][162][gc,metaspace] GC(17) Metaspace: 105422K(106944K)->105422K(106944K) NonClass: 90779K(91648K)->90779K(91648K) Class: 14642K(15296K)->14642K(15296K)
[2022-05-02T23:41:13.637+0000][162][gc          ] GC(17) Pause Young (Normal) (G1 Evacuation Pause) 378M->108M(512M) 14.470ms
[2022-05-02T23:41:13.637+0000][162][gc,cpu      ] GC(17) User=0.06s Sys=0.02s Real=0.01s
[2022-05-02T23:41:13.637+0000][162][safepoint   ] Safepoint "G1CollectForAllocation", Time since last: 82317300 ns, Reaching safepoint: 326100 ns, At safepoint: 14998500 ns, Total: 15324600 ns
[2022-05-02T23:41:14.466+0000][162][safepoint   ] Safepoint "ICBufferFull", Time since last: 828364300 ns, Reaching safepoint: 196600 ns, At safepoint: 29800 ns, Total: 226400 ns
[2022-05-02T23:41:15.467+0000][162][safepoint   ] Safepoint "Cleanup", Time since last: 1000438600 ns, Reaching safepoint: 174100 ns, At safepoint: 18200 ns, Total: 192300 ns
[2022-05-02T23:41:16.605+0000][162][safepoint   ] Safepoint "ICBufferFull", Time since last: 1138424800 ns, Reaching safepoint: 199600 ns, At safepoint: 20600 ns, Total: 220200 ns
[2022-05-02T23:41:16.804+0000][162][safepoint   ] Safepoint "ICBufferFull", Time since last: 198493600 ns, Reaching safepoint: 181500 ns, At safepoint: 6800 ns, Total: 188300 ns
[2022-05-02T23:41:17.805+0000][162][safepoint   ] Safepoint "Cleanup", Time since last: 1000528300 ns, Reaching safepoint: 783700 ns, At safepoint: 27100 ns, Total: 810800 ns
[2022-05-02T23:41:18.807+0000][162][safepoint   ] Safepoint "Cleanup", Time since last: 1001241800 ns, Reaching safepoint: 214400 ns, At safepoint: 7200 ns, Total: 221600 ns
[2022-05-02T23:41:19.808+0000][162][safepoint   ] Safepoint "Cleanup", Time since last: 1000700700 ns, Reaching safepoint: 898600 ns, At safepoint: 72500 ns, Total: 971100 ns
[2022-05-02T23:41:20.810+0000][162][safepoint   ] Safepoint "Cleanup", Time since last: 1001414900 ns, Reaching safepoint: 377800 ns, At safepoint: 16200 ns, Total: 394000 ns
[2022-05-02T23:41:21.811+0000][162][safepoint   ] Safepoint "Cleanup", Time since last: 1000816400 ns, Reaching safepoint: 192400 ns, At safepoint: 7400 ns, Total: 199800 ns
[2022-05-02T23:41:22.682+0000][162][safepoint   ] Safepoint "ICBufferFull", Time since last: 870499100 ns, Reaching safepoint: 195400 ns, At safepoint: 7600 ns, Total: 203000 ns
[2022-05-02T23:41:23.684+0000][162][safepoint   ] Safepoint "Cleanup", Time since last: 1000700700 ns, Reaching safepoint: 805300 ns, At safepoint: 29000 ns, Total: 834300 ns
[2022-05-02T23:41:24.685+0000][162][safepoint   ] Safepoint "Cleanup", Time since last: 1001457500 ns, Reaching safepoint: 397800 ns, At safepoint: 14300 ns, Total: 412100 ns
[2022-05-02T23:41:25.687+0000][162][safepoint   ] Safepoint "Cleanup", Time since last: 1000900300 ns, Reaching safepoint: 891800 ns, At safepoint: 87500 ns, Total: 979300 ns
[2022-05-02T23:41:26.689+0000][162][safepoint   ] Safepoint "Cleanup", Time since last: 1001051500 ns, Reaching safepoint: 400600 ns, At safepoint: 17000 ns, Total: 417600 ns
[2022-05-02T23:41:28.690+0000][162][safepoint   ] Safepoint "Cleanup", Time since last: 2000853800 ns, Reaching safepoint: 381400 ns, At safepoint: 7600 ns, Total: 389000 ns
[2022-05-02T23:41:29.691+0000][162][safepoint   ] Safepoint "Cleanup", Time since last: 1000488500 ns, Reaching safepoint: 189800 ns, At safepoint: 7400 ns, Total: 197200 ns
[2022-05-02T23:41:30.692+0000][162][safepoint   ] Safepoint "Cleanup", Time since last: 1000695500 ns, Reaching safepoint: 272300 ns, At safepoint: 16300 ns, Total: 288600 ns
[2022-05-02T23:41:31.693+0000][162][safepoint   ] Safepoint "Cleanup", Time since last: 1000582500 ns, Reaching safepoint: 406000 ns, At safepoint: 24000 ns, Total: 430000 ns
[2022-05-02T23:41:32.694+0000][162][safepoint   ] Safepoint "Cleanup", Time since last: 1000507500 ns, Reaching safepoint: 317000 ns, At safepoint: 12000 ns, Total: 329000 ns
[2022-05-02T23:41:33.695+0000][162][safepoint   ] Safepoint "Cleanup", Time since last: 1000668200 ns, Reaching safepoint: 356000 ns, At safepoint: 13300 ns, Total: 369300 ns
[2022-05-02T23:41:34.696+0000][162][safepoint   ] Safepoint "Cleanup", Time since last: 1001009900 ns, Reaching safepoint: 456300 ns, At safepoint: 19400 ns, Total: 475700 ns
[2022-05-02T23:41:35.697+0000][162][safepoint   ] Safepoint "Cleanup", Time since last: 1000873000 ns, Reaching safepoint: 211300 ns, At safepoint: 6400 ns, Total: 217700 ns
[2022-05-02T23:41:36.255+0000][162][gc,start    ] GC(18) Pause Young (Normal) (G1 Evacuation Pause)
[2022-05-02T23:41:36.255+0000][162][gc,task     ] GC(18) Using 10 workers of 10 for evacuation
[2022-05-02T23:41:36.255+0000][162][gc,age      ] GC(18) Desired survivor size 20971520 bytes, new threshold 15 (max threshold 15)
[2022-05-02T23:41:36.263+0000][162][gc,age      ] GC(18) Age table with threshold 15 (max threshold 15)
[2022-05-02T23:41:36.263+0000][162][gc,age      ] GC(18) - age   1:    4104320 bytes,    4104320 total
[2022-05-02T23:41:36.264+0000][162][gc,age      ] GC(18) - age   2:    4905560 bytes,    9009880 total
[2022-05-02T23:41:36.264+0000][162][gc,age      ] GC(18) - age   3:    3781264 bytes,   12791144 total
[2022-05-02T23:41:36.264+0000][162][gc,phases   ] GC(18)   Pre Evacuate Collection Set: 0.2ms
[2022-05-02T23:41:36.264+0000][162][gc,phases   ] GC(18)   Merge Heap Roots: 0.2ms
[2022-05-02T23:41:36.265+0000][162][gc,phases   ] GC(18)   Evacuate Collection Set: 5.1ms
[2022-05-02T23:41:36.265+0000][162][gc,phases   ] GC(18)   Post Evacuate Collection Set: 1.7ms
[2022-05-02T23:41:36.265+0000][162][gc,phases   ] GC(18)   Other: 2.3ms
[2022-05-02T23:41:36.265+0000][162][gc,heap     ] GC(18) Eden regions: 71->0(72)
[2022-05-02T23:41:36.265+0000][162][gc,heap     ] GC(18) Survivor regions: 4->4(10)
[2022-05-02T23:41:36.265+0000][162][gc,heap     ] GC(18) Old regions: 17->17
[2022-05-02T23:41:36.265+0000][162][gc,heap     ] GC(18) Archive regions: 2->2
[2022-05-02T23:41:36.266+0000][162][gc,heap     ] GC(18) Humongous regions: 6->6
[2022-05-02T23:41:36.266+0000][162][gc,metaspace] GC(18) Metaspace: 108956K(110656K)->108956K(110656K) NonClass: 93907K(94912K)->93907K(94912K) Class: 15049K(15744K)->15049K(15744K)
[2022-05-02T23:41:36.266+0000][162][gc          ] GC(18) Pause Young (Normal) (G1 Evacuation Pause) 392M->109M(512M) 11.203ms
[2022-05-02T23:41:36.266+0000][162][gc,cpu      ] GC(18) User=0.07s Sys=0.00s Real=0.01s
[2022-05-02T23:41:36.266+0000][162][safepoint   ] Safepoint "G1CollectForAllocation", Time since last: 557195100 ns, Reaching safepoint: 263100 ns, At safepoint: 11502900 ns, Total: 11766000 ns
[2022-05-02T23:41:38.082+0000][162][safepoint   ] Safepoint "Cleanup", Time since last: 1815158200 ns, Reaching safepoint: 365600 ns, At safepoint: 15200 ns, Total: 380800 ns
[2022-05-02T23:41:39.083+0000][162][safepoint   ] Safepoint "Cleanup", Time since last: 1000638000 ns, Reaching safepoint: 834700 ns, At safepoint: 30000 ns, Total: 864700 ns
[2022-05-02T23:41:41.085+0000][162][safepoint   ] Safepoint "Cleanup", Time since last: 2001265700 ns, Reaching safepoint: 273100 ns, At safepoint: 6900 ns, Total: 280000 ns
[2022-05-02T23:41:44.086+0000][162][safepoint   ] Safepoint "Cleanup", Time since last: 3000747900 ns, Reaching safepoint: 350500 ns, At safepoint: 8800 ns, Total: 359300 ns
[2022-05-02T23:41:45.087+0000][162][safepoint   ] Safepoint "Cleanup", Time since last: 1000677600 ns, Reaching safepoint: 214400 ns, At safepoint: 10500 ns, Total: 224900 ns
[2022-05-02T23:41:46.088+0000][162][safepoint   ] Safepoint "Cleanup", Time since last: 1000558300 ns, Reaching safepoint: 405600 ns, At safepoint: 10500 ns, Total: 416100 ns
[2022-05-02T23:41:49.089+0000][162][safepoint   ] Safepoint "Cleanup", Time since last: 3001017900 ns, Reaching safepoint: 620000 ns, At safepoint: 23200 ns, Total: 643200 ns
[2022-05-02T23:41:50.092+0000][162][safepoint   ] Safepoint "Cleanup", Time since last: 1001251200 ns, Reaching safepoint: 928400 ns, At safepoint: 31800 ns, Total: 960200 ns
[2022-05-02T23:41:52.093+0000][162][safepoint   ] Safepoint "Cleanup", Time since last: 2001418700 ns, Reaching safepoint: 190500 ns, At safepoint: 7100 ns, Total: 197600 ns
[2022-05-02T23:41:54.095+0000][162][safepoint   ] Safepoint "Cleanup", Time since last: 2000996900 ns, Reaching safepoint: 590200 ns, At safepoint: 21700 ns, Total: 611900 ns
[2022-05-02T23:41:55.096+0000][162][safepoint   ] Safepoint "Cleanup", Time since last: 1001220900 ns, Reaching safepoint: 198500 ns, At safepoint: 8100 ns, Total: 206600 ns
[2022-05-02T23:41:56.098+0000][162][safepoint   ] Safepoint "Cleanup", Time since last: 1000723200 ns, Reaching safepoint: 1165900 ns, At safepoint: 52300 ns, Total: 1218200 ns
[2022-05-02T23:41:59.101+0000][162][safepoint   ] Safepoint "Cleanup", Time since last: 3002215200 ns, Reaching safepoint: 615300 ns, At safepoint: 21900 ns, Total: 637200 ns
[2022-05-02T23:42:01.103+0000][162][safepoint   ] Safepoint "Cleanup", Time since last: 2001383300 ns, Reaching safepoint: 224500 ns, At safepoint: 7600 ns, Total: 232100 ns
[2022-05-02T23:42:04.104+0000][162][safepoint   ] Safepoint "Cleanup", Time since last: 3001201100 ns, Reaching safepoint: 377200 ns, At safepoint: 8900 ns, Total: 386100 ns
[2022-05-02T23:42:05.105+0000][162][safepoint   ] Safepoint "Cleanup", Time since last: 1000582400 ns, Reaching safepoint: 409200 ns, At safepoint: 14200 ns, Total: 423400 ns
[2022-05-02T23:42:07.107+0000][162][safepoint   ] Safepoint "Cleanup", Time since last: 2001107600 ns, Reaching safepoint: 193300 ns, At safepoint: 6500 ns, Total: 199800 ns
[2022-05-02T23:42:08.109+0000][162][safepoint   ] Safepoint "Cleanup", Time since last: 1000949200 ns, Reaching safepoint: 1030400 ns, At safepoint: 83900 ns, Total: 1114300 ns
[2022-05-02T23:42:09.110+0000][162][safepoint   ] Safepoint "Cleanup", Time since last: 1001390500 ns, Reaching safepoint: 228900 ns, At safepoint: 7600 ns, Total: 236500 ns
[2022-05-02T23:42:10.111+0000][162][safepoint   ] Safepoint "Cleanup", Time since last: 1000801900 ns, Reaching safepoint: 265800 ns, At safepoint: 10100 ns, Total: 275900 ns
[2022-05-02T23:42:11.113+0000][162][safepoint   ] Safepoint "Cleanup", Time since last: 1000786300 ns, Reaching safepoint: 978900 ns, At safepoint: 36000 ns, Total: 1014900 ns
[2022-05-02T23:42:12.115+0000][162][safepoint   ] Safepoint "Cleanup", Time since last: 1001250300 ns, Reaching safepoint: 643100 ns, At safepoint: 26900 ns, Total: 670000 ns
[2022-05-02T23:42:13.116+0000][162][safepoint   ] Safepoint "Cleanup", Time since last: 1000862300 ns, Reaching safepoint: 289600 ns, At safepoint: 36000 ns, Total: 325600 ns
[2022-05-02T23:42:14.117+0000][162][safepoint   ] Safepoint "Cleanup", Time since last: 1000744900 ns, Reaching safepoint: 371200 ns, At safepoint: 13800 ns, Total: 385000 ns
[2022-05-02T23:42:15.119+0000][162][safepoint   ] Safepoint "Cleanup", Time since last: 1000924700 ns, Reaching safepoint: 973800 ns, At safepoint: 31600 ns, Total: 1005400 ns
[2022-05-02T23:42:16.122+0000][162][safepoint   ] Safepoint "Cleanup", Time since last: 1001568100 ns, Reaching safepoint: 961600 ns, At safepoint: 31600 ns, Total: 993200 ns
[2022-05-02T23:42:19.124+0000][162][safepoint   ] Safepoint "Cleanup", Time since last: 3002100600 ns, Reaching safepoint: 331800 ns, At safepoint: 7300 ns, Total: 339100 ns
[2022-05-02T23:42:20.125+0000][162][safepoint   ] Safepoint "Cleanup", Time since last: 1000858100 ns, Reaching safepoint: 331300 ns, At safepoint: 12300 ns, Total: 343600 ns
[2022-05-02T23:42:21.127+0000][162][safepoint   ] Safepoint "Cleanup", Time since last: 1000860300 ns, Reaching safepoint: 253900 ns, At safepoint: 10000 ns, Total: 263900 ns
[2022-05-02T23:42:24.129+0000][162][safepoint   ] Safepoint "Cleanup", Time since last: 3001180500 ns, Reaching safepoint: 863800 ns, At safepoint: 31400 ns, Total: 895200 ns
[2022-05-02T23:42:25.130+0000][162][safepoint   ] Safepoint "Cleanup", Time since last: 1001374400 ns, Reaching safepoint: 287300 ns, At safepoint: 10700 ns, Total: 298000 ns
[2022-05-02T23:42:26.131+0000][162][safepoint   ] Safepoint "Cleanup", Time since last: 1000619500 ns, Reaching safepoint: 178600 ns, At safepoint: 6200 ns, Total: 184800 ns
[2022-05-02T23:42:29.132+0000][162][safepoint   ] Safepoint "Cleanup", Time since last: 3000957400 ns, Reaching safepoint: 242500 ns, At safepoint: 13500 ns, Total: 256000 ns
[2022-05-02T23:42:34.134+0000][162][safepoint   ] Safepoint "Cleanup", Time since last: 5001355000 ns, Reaching safepoint: 187400 ns, At safepoint: 6400 ns, Total: 193800 ns
[2022-05-02T23:42:37.135+0000][162][safepoint   ] Safepoint "Cleanup", Time since last: 3000928000 ns, Reaching safepoint: 204700 ns, At safepoint: 7200 ns, Total: 211900 ns
[2022-05-02T23:42:39.136+0000][162][safepoint   ] Safepoint "Cleanup", Time since last: 2000612400 ns, Reaching safepoint: 201400 ns, At safepoint: 8200 ns, Total: 209600 ns
[2022-05-02T23:42:40.137+0000][162][safepoint   ] Safepoint "Cleanup", Time since last: 1000499500 ns, Reaching safepoint: 277500 ns, At safepoint: 30600 ns, Total: 308100 ns
[2022-05-02T23:42:41.137+0000][162][safepoint   ] Safepoint "Cleanup", Time since last: 1000441000 ns, Reaching safepoint: 249700 ns, At safepoint: 10200 ns, Total: 259900 ns
[2022-05-02T23:42:42.138+0000][162][safepoint   ] Safepoint "Cleanup", Time since last: 1000433000 ns, Reaching safepoint: 188300 ns, At safepoint: 8000 ns, Total: 196300 ns
[2022-05-02T23:42:44.139+0000][162][safepoint   ] Safepoint "Cleanup", Time since last: 2000498500 ns, Reaching safepoint: 275600 ns, At safepoint: 7700 ns, Total: 283300 ns
[2022-05-02T23:42:46.140+0000][162][safepoint   ] Safepoint "Cleanup", Time since last: 2000745800 ns, Reaching safepoint: 238000 ns, At safepoint: 10500 ns, Total: 248500 ns
[2022-05-02T23:42:49.141+0000][162][safepoint   ] Safepoint "Cleanup", Time since last: 3000749800 ns, Reaching safepoint: 245500 ns, At safepoint: 22000 ns, Total: 267500 ns
[2022-05-02T23:42:50.142+0000][162][safepoint   ] Safepoint "Cleanup", Time since last: 1000545900 ns, Reaching safepoint: 367000 ns, At safepoint: 13900 ns, Total: 380900 ns
[2022-05-02T23:42:51.143+0000][162][safepoint   ] Safepoint "Cleanup", Time since last: 1000955600 ns, Reaching safepoint: 223700 ns, At safepoint: 8200 ns, Total: 231900 ns
[2022-05-02T23:42:54.145+0000][162][safepoint   ] Safepoint "Cleanup", Time since last: 3001132000 ns, Reaching safepoint: 618000 ns, At safepoint: 22400 ns, Total: 640400 ns
[2022-05-02T23:42:56.146+0000][162][safepoint   ] Safepoint "Cleanup", Time since last: 2001233100 ns, Reaching safepoint: 221400 ns, At safepoint: 6300 ns, Total: 227700 ns
[2022-05-02T23:43:01.148+0000][162][safepoint   ] Safepoint "Cleanup", Time since last: 5001389500 ns, Reaching safepoint: 917300 ns, At safepoint: 32700 ns, Total: 950000 ns
[2022-05-02T23:43:04.150+0000][162][safepoint   ] Safepoint "Cleanup", Time since last: 3001650300 ns, Reaching safepoint: 230900 ns, At safepoint: 6900 ns, Total: 237800 ns
[2022-05-02T23:43:07.151+0000][162][safepoint   ] Safepoint "Cleanup", Time since last: 3000738400 ns, Reaching safepoint: 192900 ns, At safepoint: 8300 ns, Total: 201200 ns
[2022-05-02T23:43:09.152+0000][162][safepoint   ] Safepoint "Cleanup", Time since last: 2000677400 ns, Reaching safepoint: 239800 ns, At safepoint: 6900 ns, Total: 246700 ns
[2022-05-02T23:43:10.153+0000][162][safepoint   ] Safepoint "Cleanup", Time since last: 1000549100 ns, Reaching safepoint: 197000 ns, At safepoint: 7600 ns, Total: 204600 ns
[2022-05-02T23:43:11.154+0000][162][safepoint   ] Safepoint "Cleanup", Time since last: 1000579000 ns, Reaching safepoint: 448100 ns, At safepoint: 69000 ns, Total: 517100 ns
[2022-05-02T23:43:12.155+0000][162][safepoint   ] Safepoint "Cleanup", Time since last: 1000596600 ns, Reaching safepoint: 302400 ns, At safepoint: 7300 ns, Total: 309700 ns
[2022-05-02T23:43:14.156+0000][162][safepoint   ] Safepoint "Cleanup", Time since last: 2000641400 ns, Reaching safepoint: 367600 ns, At safepoint: 10400 ns, Total: 378000 ns
[2022-05-02T23:43:16.157+0000][162][safepoint   ] Safepoint "Cleanup", Time since last: 2000621200 ns, Reaching safepoint: 268200 ns, At safepoint: 9500 ns, Total: 277700 ns
[2022-05-02T23:43:19.158+0000][162][safepoint   ] Safepoint "Cleanup", Time since last: 3001191700 ns, Reaching safepoint: 375200 ns, At safepoint: 13900 ns, Total: 389100 ns
[2022-05-02T23:43:21.161+0000][162][safepoint   ] Safepoint "Cleanup", Time since last: 2000951500 ns, Reaching safepoint: 1077800 ns, At safepoint: 30600 ns, Total: 1108400 ns
[2022-05-02T23:43:24.163+0000][162][safepoint   ] Safepoint "Cleanup", Time since last: 3001744100 ns, Reaching safepoint: 300500 ns, At safepoint: 10400 ns, Total: 310900 ns
[2022-05-02T23:43:26.164+0000][162][safepoint   ] Safepoint "Cleanup", Time since last: 2001013100 ns, Reaching safepoint: 265100 ns, At safepoint: 9700 ns, Total: 274800 ns
[2022-05-02T23:43:29.166+0000][162][safepoint   ] Safepoint "Cleanup", Time since last: 3001307200 ns, Reaching safepoint: 911400 ns, At safepoint: 29300 ns, Total: 940700 ns
[2022-05-02T23:43:34.169+0000][162][safepoint   ] Safepoint "Cleanup", Time since last: 5002359100 ns, Reaching safepoint: 407900 ns, At safepoint: 18000 ns, Total: 425900 ns
[2022-05-02T23:43:36.170+0000][162][safepoint   ] Safepoint "Cleanup", Time since last: 2000807700 ns, Reaching safepoint: 308400 ns, At safepoint: 27800 ns, Total: 336200 ns
[2022-05-02T23:43:37.171+0000][162][safepoint   ] Safepoint "Cleanup", Time since last: 1000609600 ns, Reaching safepoint: 187900 ns, At safepoint: 6500 ns, Total: 194400 ns
[2022-05-02T23:43:38.172+0000][162][safepoint   ] Safepoint "Cleanup", Time since last: 1000712400 ns, Reaching safepoint: 200900 ns, At safepoint: 7600 ns, Total: 208500 ns
[2022-05-02T23:43:39.173+0000][162][safepoint   ] Safepoint "Cleanup", Time since last: 1000721000 ns, Reaching safepoint: 209000 ns, At safepoint: 7400 ns, Total: 216400 ns
[2022-05-02T23:43:40.174+0000][162][safepoint   ] Safepoint "Cleanup", Time since last: 1000641500 ns, Reaching safepoint: 201900 ns, At safepoint: 7600 ns, Total: 209500 ns
[2022-05-02T23:43:41.174+0000][162][safepoint   ] Safepoint "Cleanup", Time since last: 1000495000 ns, Reaching safepoint: 185300 ns, At safepoint: 6600 ns, Total: 191900 ns
[2022-05-02T23:43:42.175+0000][162][safepoint   ] Safepoint "Cleanup", Time since last: 1000547700 ns, Reaching safepoint: 255400 ns, At safepoint: 21100 ns, Total: 276500 ns
[2022-05-02T23:43:44.177+0000][162][safepoint   ] Safepoint "Cleanup", Time since last: 2000929300 ns, Reaching safepoint: 834200 ns, At safepoint: 32000 ns, Total: 866200 ns
[2022-05-02T23:43:46.179+0000][162][safepoint   ] Safepoint "Cleanup", Time since last: 2001717800 ns, Reaching safepoint: 353500 ns, At safepoint: 11900 ns, Total: 365400 ns
[2022-05-02T23:43:49.181+0000][162][safepoint   ] Safepoint "Cleanup", Time since last: 3001533000 ns, Reaching safepoint: 895300 ns, At safepoint: 31300 ns, Total: 926600 ns
[2022-05-02T23:43:51.184+0000][162][safepoint   ] Safepoint "Cleanup", Time since last: 2002053000 ns, Reaching safepoint: 832400 ns, At safepoint: 28600 ns, Total: 861000 ns
[2022-05-02T23:43:54.187+0000][162][safepoint   ] Safepoint "Cleanup", Time since last: 3002094800 ns, Reaching safepoint: 552600 ns, At safepoint: 19500 ns, Total: 572100 ns
[2022-05-02T23:43:56.189+0000][162][safepoint   ] Safepoint "Cleanup", Time since last: 2001334800 ns, Reaching safepoint: 781500 ns, At safepoint: 30100 ns, Total: 811600 ns
[2022-05-02T23:43:57.191+0000][162][safepoint   ] Safepoint "Cleanup", Time since last: 1001378400 ns, Reaching safepoint: 775800 ns, At safepoint: 26400 ns, Total: 802200 ns
[2022-05-02T23:43:58.194+0000][162][safepoint   ] Safepoint "Cleanup", Time since last: 1001496600 ns, Reaching safepoint: 895900 ns, At safepoint: 35400 ns, Total: 931300 ns
[2022-05-02T23:44:01.196+0000][162][safepoint   ] Safepoint "Cleanup", Time since last: 3002018800 ns, Reaching safepoint: 255600 ns, At safepoint: 7600 ns, Total: 263200 ns
[2022-05-02T23:44:02.197+0000][162][safepoint   ] Safepoint "Cleanup", Time since last: 1000726800 ns, Reaching safepoint: 274000 ns, At safepoint: 11000 ns, Total: 285000 ns
[2022-05-02T23:44:04.199+0000][162][safepoint   ] Safepoint "Cleanup", Time since last: 2001134600 ns, Reaching safepoint: 790400 ns, At safepoint: 28500 ns, Total: 818900 ns
[2022-05-02T23:44:06.202+0000][162][safepoint   ] Safepoint "Cleanup", Time since last: 2001639500 ns, Reaching safepoint: 923600 ns, At safepoint: 32200 ns, Total: 955800 ns
[2022-05-02T23:44:07.203+0000][162][safepoint   ] Safepoint "Cleanup", Time since last: 1001347200 ns, Reaching safepoint: 473600 ns, At safepoint: 17800 ns, Total: 491400 ns
[2022-05-02T23:44:09.205+0000][162][safepoint   ] Safepoint "Cleanup", Time since last: 2000936400 ns, Reaching safepoint: 181600 ns, At safepoint: 5800 ns, Total: 187400 ns
[2022-05-02T23:44:10.206+0000][162][safepoint   ] Safepoint "Cleanup", Time since last: 1000702200 ns, Reaching safepoint: 360100 ns, At safepoint: 13100 ns, Total: 373200 ns
[2022-05-02T23:44:11.207+0000][162][safepoint   ] Safepoint "Cleanup", Time since last: 1000884800 ns, Reaching safepoint: 371400 ns, At safepoint: 13100 ns, Total: 384500 ns
[2022-05-02T23:44:13.208+0000][162][safepoint   ] Safepoint "Cleanup", Time since last: 2001124900 ns, Reaching safepoint: 353100 ns, At safepoint: 12000 ns, Total: 365100 ns
[2022-05-02T23:44:14.210+0000][162][safepoint   ] Safepoint "Cleanup", Time since last: 1000872900 ns, Reaching safepoint: 781100 ns, At safepoint: 27000 ns, Total: 808100 ns
[2022-05-02T23:44:16.212+0000][162][safepoint   ] Safepoint "Cleanup", Time since last: 2001642800 ns, Reaching safepoint: 221600 ns, At safepoint: 8700 ns, Total: 230300 ns
[2022-05-02T23:44:18.214+0000][162][safepoint   ] Safepoint "Cleanup", Time since last: 2000993000 ns, Reaching safepoint: 804300 ns, At safepoint: 28500 ns, Total: 832800 ns
[2022-05-02T23:44:19.216+0000][162][safepoint   ] Safepoint "Cleanup", Time since last: 1001466000 ns, Reaching safepoint: 793200 ns, At safepoint: 27300 ns, Total: 820500 ns
[2022-05-02T23:44:21.218+0000][162][safepoint   ] Safepoint "Cleanup", Time since last: 2001508000 ns, Reaching safepoint: 575000 ns, At safepoint: 20900 ns, Total: 595900 ns
[2022-05-02T23:44:24.220+0000][162][safepoint   ] Safepoint "Cleanup", Time since last: 3001627900 ns, Reaching safepoint: 201400 ns, At safepoint: 7300 ns, Total: 208700 ns
[2022-05-02T23:44:26.222+0000][162][safepoint   ] Safepoint "Cleanup", Time since last: 2001002600 ns, Reaching safepoint: 813800 ns, At safepoint: 28500 ns, Total: 842300 ns
[2022-05-02T23:44:29.225+0000][162][safepoint   ] Safepoint "Cleanup", Time since last: 3002011200 ns, Reaching safepoint: 789900 ns, At safepoint: 28900 ns, Total: 818800 ns
[2022-05-02T23:44:34.228+0000][162][safepoint   ] Safepoint "Cleanup", Time since last: 5002779300 ns, Reaching safepoint: 975400 ns, At safepoint: 33700 ns, Total: 1009100 ns
[2022-05-02T23:44:36.230+0000][162][safepoint   ] Safepoint "Cleanup", Time since last: 2001689900 ns, Reaching safepoint: 218000 ns, At safepoint: 8500 ns, Total: 226500 ns
[2022-05-02T23:44:37.231+0000][162][safepoint   ] Safepoint "Cleanup", Time since last: 1000576100 ns, Reaching safepoint: 193400 ns, At safepoint: 5900 ns, Total: 199300 ns
[2022-05-02T23:44:39.233+0000][162][safepoint   ] Safepoint "Cleanup", Time since last: 2001081400 ns, Reaching safepoint: 507500 ns, At safepoint: 21000 ns, Total: 528500 ns
[2022-05-02T23:44:40.235+0000][162][safepoint   ] Safepoint "Cleanup", Time since last: 1001251100 ns, Reaching safepoint: 798500 ns, At safepoint: 29500 ns, Total: 828000 ns
[2022-05-02T23:44:41.236+0000][162][safepoint   ] Safepoint "Cleanup", Time since last: 1001370200 ns, Reaching safepoint: 191200 ns, At safepoint: 7400 ns, Total: 198600 ns
[2022-05-02T23:44:42.237+0000][162][safepoint   ] Safepoint "Cleanup", Time since last: 1000676300 ns, Reaching safepoint: 204500 ns, At safepoint: 6000 ns, Total: 210500 ns
[2022-05-02T23:44:44.238+0000][162][safepoint   ] Safepoint "Cleanup", Time since last: 2000837700 ns, Reaching safepoint: 198900 ns, At safepoint: 6300 ns, Total: 205200 ns
[2022-05-02T23:44:45.239+0000][162][safepoint   ] Safepoint "Cleanup", Time since last: 1000573900 ns, Reaching safepoint: 359000 ns, At safepoint: 11700 ns, Total: 370700 ns
[2022-05-02T23:44:46.240+0000][162][safepoint   ] Safepoint "Cleanup", Time since last: 1000590800 ns, Reaching safepoint: 253900 ns, At safepoint: 9500 ns, Total: 263400 ns
[2022-05-02T23:44:49.242+0000][162][safepoint   ] Safepoint "Cleanup", Time since last: 3001313600 ns, Reaching safepoint: 840800 ns, At safepoint: 28100 ns, Total: 868900 ns
[2022-05-02T23:44:51.244+0000][162][safepoint   ] Safepoint "Cleanup", Time since last: 2001647800 ns, Reaching safepoint: 219400 ns, At safepoint: 7400 ns, Total: 226800 ns
[2022-05-02T23:44:54.247+0000][162][safepoint   ] Safepoint "Cleanup", Time since last: 3001276300 ns, Reaching safepoint: 1153100 ns, At safepoint: 51900 ns, Total: 1205000 ns
[2022-05-02T23:44:56.249+0000][162][safepoint   ] Safepoint "Cleanup", Time since last: 2001558200 ns, Reaching safepoint: 1104200 ns, At safepoint: 41000 ns, Total: 1145200 ns
[2022-05-02T23:45:04.254+0000][162][safepoint   ] Safepoint "Cleanup", Time since last: 8003498300 ns, Reaching safepoint: 820800 ns, At safepoint: 85400 ns, Total: 906200 ns
[2022-05-02T23:45:06.255+0000][162][safepoint   ] Safepoint "Cleanup", Time since last: 2001406000 ns, Reaching safepoint: 276300 ns, At safepoint: 10700 ns, Total: 287000 ns
[2022-05-02T23:45:08.257+0000][162][safepoint   ] Safepoint "Cleanup", Time since last: 2000721400 ns, Reaching safepoint: 342200 ns, At safepoint: 12900 ns, Total: 355100 ns
[2022-05-02T23:45:09.258+0000][162][safepoint   ] Safepoint "Cleanup", Time since last: 1000849300 ns, Reaching safepoint: 912400 ns, At safepoint: 29700 ns, Total: 942100 ns
[2022-05-02T23:45:10.261+0000][162][safepoint   ] Safepoint "Cleanup", Time since last: 1001512700 ns, Reaching safepoint: 967700 ns, At safepoint: 35100 ns, Total: 1002800 ns
[2022-05-02T23:45:11.263+0000][162][safepoint   ] Safepoint "Cleanup", Time since last: 1001266800 ns, Reaching safepoint: 826900 ns, At safepoint: 66800 ns, Total: 893700 ns
[2022-05-02T23:45:12.264+0000][162][safepoint   ] Safepoint "Cleanup", Time since last: 1001206700 ns, Reaching safepoint: 203100 ns, At safepoint: 9000 ns, Total: 212100 ns
[2022-05-02T23:45:13.266+0000][162][safepoint   ] Safepoint "Cleanup", Time since last: 1000752800 ns, Reaching safepoint: 394800 ns, At safepoint: 17700 ns, Total: 412500 ns
[2022-05-02T23:45:14.267+0000][162][safepoint   ] Safepoint "Cleanup", Time since last: 1000883300 ns, Reaching safepoint: 267100 ns, At safepoint: 10000 ns, Total: 277100 ns
[2022-05-02T23:45:15.269+0000][162][safepoint   ] Safepoint "Cleanup", Time since last: 1000956500 ns, Reaching safepoint: 896300 ns, At safepoint: 97200 ns, Total: 993500 ns
[2022-05-02T23:45:16.270+0000][162][safepoint   ] Safepoint "Cleanup", Time since last: 1001347100 ns, Reaching safepoint: 220700 ns, At safepoint: 23800 ns, Total: 244500 ns
[2022-05-02T23:45:19.271+0000][162][safepoint   ] Safepoint "Cleanup", Time since last: 3000828000 ns, Reaching safepoint: 182400 ns, At safepoint: 7200 ns, Total: 189600 ns
[2022-05-02T23:45:21.272+0000][162][safepoint   ] Safepoint "Cleanup", Time since last: 2000602900 ns, Reaching safepoint: 220500 ns, At safepoint: 6100 ns, Total: 226600 ns
[2022-05-02T23:45:23.274+0000][162][safepoint   ] Safepoint "Cleanup", Time since last: 2000658600 ns, Reaching safepoint: 897000 ns, At safepoint: 32400 ns, Total: 929400 ns
[2022-05-02T23:45:24.275+0000][162][safepoint   ] Safepoint "Cleanup", Time since last: 1001046100 ns, Reaching safepoint: 309900 ns, At safepoint: 10600 ns, Total: 320500 ns
[2022-05-02T23:45:26.277+0000][162][safepoint   ] Safepoint "Cleanup", Time since last: 2001136500 ns, Reaching safepoint: 309300 ns, At safepoint: 11300 ns, Total: 320600 ns
[2022-05-02T23:45:34.280+0000][162][safepoint   ] Safepoint "Cleanup", Time since last: 8002566500 ns, Reaching safepoint: 815300 ns, At safepoint: 27900 ns, Total: 843200 ns
[2022-05-02T23:45:36.282+0000][162][safepoint   ] Safepoint "Cleanup", Time since last: 2001378100 ns, Reaching safepoint: 855400 ns, At safepoint: 31000 ns, Total: 886400 ns
[2022-05-02T23:45:37.285+0000][162][safepoint   ] Safepoint "Cleanup", Time since last: 1001378700 ns, Reaching safepoint: 873700 ns, At safepoint: 26800 ns, Total: 900500 ns
[2022-05-02T23:45:39.286+0000][162][safepoint   ] Safepoint "Cleanup", Time since last: 2001368400 ns, Reaching safepoint: 199200 ns, At safepoint: 7500 ns, Total: 206700 ns
[2022-05-02T23:45:40.288+0000][162][safepoint   ] Safepoint "Cleanup", Time since last: 1000843500 ns, Reaching safepoint: 795100 ns, At safepoint: 30200 ns, Total: 825300 ns
[2022-05-02T23:45:41.290+0000][162][safepoint   ] Safepoint "Cleanup", Time since last: 1001481000 ns, Reaching safepoint: 786000 ns, At safepoint: 27900 ns, Total: 813900 ns
[2022-05-02T23:45:44.293+0000][162][safepoint   ] Safepoint "Cleanup", Time since last: 3002257800 ns, Reaching safepoint: 198600 ns, At safepoint: 7700 ns, Total: 206300 ns
[2022-05-02T23:45:46.295+0000][162][safepoint   ] Safepoint "Cleanup", Time since last: 2001156500 ns, Reaching safepoint: 982700 ns, At safepoint: 45200 ns, Total: 1027900 ns
[2022-05-02T23:45:49.297+0000][162][safepoint   ] Safepoint "Cleanup", Time since last: 3002443700 ns, Reaching safepoint: 288900 ns, At safepoint: 10800 ns, Total: 299700 ns
[2022-05-02T23:45:51.299+0000][162][safepoint   ] Safepoint "Cleanup", Time since last: 2001332100 ns, Reaching safepoint: 592000 ns, At safepoint: 21400 ns, Total: 613400 ns
[2022-05-02T23:45:54.301+0000][162][safepoint   ] Safepoint "Cleanup", Time since last: 3001713400 ns, Reaching safepoint: 251200 ns, At safepoint: 9600 ns, Total: 260800 ns
[2022-05-02T23:45:56.303+0000][162][safepoint   ] Safepoint "Cleanup", Time since last: 2001117900 ns, Reaching safepoint: 219100 ns, At safepoint: 7700 ns, Total: 226800 ns
[2022-05-02T23:45:59.585+0000][162][safepoint   ] Safepoint "Cleanup", Time since last: 3281914300 ns, Reaching safepoint: 335400 ns, At safepoint: 50400 ns, Total: 385800 ns
[2022-05-02T23:46:00.586+0000][162][safepoint   ] Safepoint "Cleanup", Time since last: 1000662400 ns, Reaching safepoint: 781000 ns, At safepoint: 26500 ns, Total: 807500 ns
[2022-05-02T23:46:01.589+0000][162][safepoint   ] Safepoint "Cleanup", Time since last: 1001289500 ns, Reaching safepoint: 1159800 ns, At safepoint: 43200 ns, Total: 1203000 ns
[2022-05-02T23:46:04.592+0000][162][safepoint   ] Safepoint "Cleanup", Time since last: 3002065000 ns, Reaching safepoint: 778900 ns, At safepoint: 27000 ns, Total: 805900 ns
[2022-05-02T23:46:06.594+0000][162][safepoint   ] Safepoint "Cleanup", Time since last: 2001541700 ns, Reaching safepoint: 363600 ns, At safepoint: 12600 ns, Total: 376200 ns
[2022-05-02T23:46:08.596+0000][162][safepoint   ] Safepoint "Cleanup", Time since last: 2001322400 ns, Reaching safepoint: 793600 ns, At safepoint: 26400 ns, Total: 820000 ns
[2022-05-02T23:46:09.598+0000][162][safepoint   ] Safepoint "Cleanup", Time since last: 1001529300 ns, Reaching safepoint: 747400 ns, At safepoint: 26300 ns, Total: 773700 ns
[2022-05-02T23:46:10.600+0000][162][safepoint   ] Safepoint "Cleanup", Time since last: 1001445300 ns, Reaching safepoint: 315600 ns, At safepoint: 32100 ns, Total: 347700 ns
[2022-05-02T23:46:11.601+0000][162][safepoint   ] Safepoint "Cleanup", Time since last: 1000638600 ns, Reaching safepoint: 302500 ns, At safepoint: 11400 ns, Total: 313900 ns
[2022-05-02T23:46:12.602+0000][162][safepoint   ] Safepoint "Cleanup", Time since last: 1000951800 ns, Reaching safepoint: 199900 ns, At safepoint: 7700 ns, Total: 207600 ns
[2022-05-02T23:46:13.528+0000][162][safepoint   ] Safepoint "ICBufferFull", Time since last: 918003900 ns, Reaching safepoint: 7881700 ns, At safepoint: 176400 ns, Total: 8058100 ns
[2022-05-02T23:46:13.969+0000][162][safepoint   ] Safepoint "ICBufferFull", Time since last: 440394400 ns, Reaching safepoint: 184100 ns, At safepoint: 18400 ns, Total: 202500 ns
[2022-05-02T23:46:14.970+0000][162][safepoint   ] Safepoint "Cleanup", Time since last: 1000564500 ns, Reaching safepoint: 254500 ns, At safepoint: 10000 ns, Total: 264500 ns
[2022-05-02T23:46:15.971+0000][162][safepoint   ] Safepoint "Cleanup", Time since last: 1000869900 ns, Reaching safepoint: 805400 ns, At safepoint: 120100 ns, Total: 925500 ns
[2022-05-02T23:46:16.974+0000][162][safepoint   ] Safepoint "Cleanup", Time since last: 1001467600 ns, Reaching safepoint: 634400 ns, At safepoint: 31200 ns, Total: 665600 ns
[2022-05-02T23:46:18.975+0000][162][safepoint   ] Safepoint "Cleanup", Time since last: 2001328300 ns, Reaching safepoint: 279800 ns, At safepoint: 9900 ns, Total: 289700 ns
[2022-05-02T23:46:19.977+0000][162][safepoint   ] Safepoint "Cleanup", Time since last: 1000941200 ns, Reaching safepoint: 816600 ns, At safepoint: 27600 ns, Total: 844200 ns
[2022-05-02T23:46:20.980+0000][162][safepoint   ] Safepoint "Cleanup", Time since last: 1001609500 ns, Reaching safepoint: 986700 ns, At safepoint: 31900 ns, Total: 1018600 ns
[2022-05-02T23:46:22.982+0000][162][safepoint   ] Safepoint "Cleanup", Time since last: 2001911000 ns, Reaching safepoint: 866800 ns, At safepoint: 30100 ns, Total: 896900 ns
[2022-05-02T23:46:24.984+0000][162][safepoint   ] Safepoint "Cleanup", Time since last: 2001633200 ns, Reaching safepoint: 179900 ns, At safepoint: 6500 ns, Total: 186400 ns
[2022-05-02T23:46:25.985+0000][162][safepoint   ] Safepoint "Cleanup", Time since last: 1000575700 ns, Reaching safepoint: 260300 ns, At safepoint: 7200 ns, Total: 267500 ns
[2022-05-02T23:46:30.987+0000][162][safepoint   ] Safepoint "Cleanup", Time since last: 5001669300 ns, Reaching safepoint: 208800 ns, At safepoint: 7600 ns, Total: 216400 ns
[2022-05-02T23:46:34.989+0000][162][safepoint   ] Safepoint "Cleanup", Time since last: 4001573500 ns, Reaching safepoint: 757000 ns, At safepoint: 28400 ns, Total: 785400 ns
[2022-05-02T23:46:36.991+0000][162][safepoint   ] Safepoint "Cleanup", Time since last: 2001315600 ns, Reaching safepoint: 233300 ns, At safepoint: 11200 ns, Total: 244500 ns
[2022-05-02T23:46:37.992+0000][162][safepoint   ] Safepoint "Cleanup", Time since last: 1000627300 ns, Reaching safepoint: 232400 ns, At safepoint: 10400 ns, Total: 242800 ns
[2022-05-02T23:46:38.993+0000][162][safepoint   ] Safepoint "Cleanup", Time since last: 1000610300 ns, Reaching safepoint: 222400 ns, At safepoint: 8300 ns, Total: 230700 ns
[2022-05-02T23:46:39.994+0000][162][safepoint   ] Safepoint "Cleanup", Time since last: 1000623400 ns, Reaching safepoint: 357200 ns, At safepoint: 7600 ns, Total: 364800 ns
[2022-05-02T23:46:40.994+0000][162][safepoint   ] Safepoint "Cleanup", Time since last: 1000580200 ns, Reaching safepoint: 189300 ns, At safepoint: 6300 ns, Total: 195600 ns
[2022-05-02T23:46:41.996+0000][162][safepoint   ] Safepoint "Cleanup", Time since last: 1000712200 ns, Reaching safepoint: 914000 ns, At safepoint: 34900 ns, Total: 948900 ns
[2022-05-02T23:46:43.998+0000][162][safepoint   ] Safepoint "Cleanup", Time since last: 2001534700 ns, Reaching safepoint: 790800 ns, At safepoint: 28500 ns, Total: 819300 ns
[2022-05-02T23:46:46.000+0000][162][safepoint   ] Safepoint "Cleanup", Time since last: 2001691200 ns, Reaching safepoint: 298500 ns, At safepoint: 30700 ns, Total: 329200 ns
[2022-05-02T23:46:49.002+0000][162][safepoint   ] Safepoint "Cleanup", Time since last: 3001443900 ns, Reaching safepoint: 254700 ns, At safepoint: 13000 ns, Total: 267700 ns
[2022-05-02T23:46:50.004+0000][162][safepoint   ] Safepoint "Cleanup", Time since last: 1000757600 ns, Reaching safepoint: 866000 ns, At safepoint: 31200 ns, Total: 897200 ns
[2022-05-02T23:46:51.006+0000][162][safepoint   ] Safepoint "Cleanup", Time since last: 1001477600 ns, Reaching safepoint: 509700 ns, At safepoint: 30400 ns, Total: 540100 ns
[2022-05-02T23:46:54.008+0000][162][safepoint   ] Safepoint "Cleanup", Time since last: 3001389400 ns, Reaching safepoint: 380900 ns, At safepoint: 14000 ns, Total: 394900 ns
[2022-05-02T23:46:55.009+0000][162][safepoint   ] Safepoint "Cleanup", Time since last: 1001026800 ns, Reaching safepoint: 432100 ns, At safepoint: 16300 ns, Total: 448400 ns
[2022-05-02T23:46:56.011+0000][162][safepoint   ] Safepoint "Cleanup", Time since last: 1001077200 ns, Reaching safepoint: 991300 ns, At safepoint: 36800 ns, Total: 1028100 ns
[2022-05-02T23:46:59.013+0000][162][safepoint   ] Safepoint "Cleanup", Time since last: 3001831600 ns, Reaching safepoint: 316500 ns, At safepoint: 15400 ns, Total: 331900 ns
[2022-05-02T23:47:05.017+0000][162][safepoint   ] Safepoint "Cleanup", Time since last: 6002940100 ns, Reaching safepoint: 948800 ns, At safepoint: 106000 ns, Total: 1054800 ns
[2022-05-02T23:47:07.019+0000][162][safepoint   ] Safepoint "Cleanup", Time since last: 2001657700 ns, Reaching safepoint: 391900 ns, At safepoint: 15800 ns, Total: 407700 ns
[2022-05-02T23:47:08.020+0000][162][safepoint   ] Safepoint "Cleanup", Time since last: 1000813400 ns, Reaching safepoint: 249600 ns, At safepoint: 9300 ns, Total: 258900 ns
[2022-05-02T23:47:09.022+0000][162][safepoint   ] Safepoint "Cleanup", Time since last: 1000807800 ns, Reaching safepoint: 421300 ns, At safepoint: 15100 ns, Total: 436400 ns
[2022-05-02T23:47:10.024+0000][162][safepoint   ] Safepoint "Cleanup", Time since last: 1001062200 ns, Reaching safepoint: 812100 ns, At safepoint: 28700 ns, Total: 840800 ns
[2022-05-02T23:47:11.026+0000][162][safepoint   ] Safepoint "Cleanup", Time since last: 1001460700 ns, Reaching safepoint: 797600 ns, At safepoint: 29300 ns, Total: 826900 ns
[2022-05-02T23:47:12.028+0000][162][safepoint   ] Safepoint "Cleanup", Time since last: 1001525300 ns, Reaching safepoint: 794400 ns, At safepoint: 28200 ns, Total: 822600 ns
[2022-05-02T23:47:14.031+0000][162][safepoint   ] Safepoint "Cleanup", Time since last: 2001974800 ns, Reaching safepoint: 885200 ns, At safepoint: 28800 ns, Total: 914000 ns
[2022-05-02T23:47:16.034+0000][162][safepoint   ] Safepoint "Cleanup", Time since last: 2001884100 ns, Reaching safepoint: 571800 ns, At safepoint: 21200 ns, Total: 593000 ns
[2022-05-02T23:47:19.036+0000][162][safepoint   ] Safepoint "Cleanup", Time since last: 3001777800 ns, Reaching safepoint: 337800 ns, At safepoint: 18300 ns, Total: 356100 ns
[2022-05-02T23:47:20.037+0000][162][safepoint   ] Safepoint "Cleanup", Time since last: 1000841700 ns, Reaching safepoint: 810600 ns, At safepoint: 28100 ns, Total: 838700 ns
[2022-05-02T23:47:21.040+0000][162][safepoint   ] Safepoint "Cleanup", Time since last: 1001587100 ns, Reaching safepoint: 785500 ns, At safepoint: 28200 ns, Total: 813700 ns
[2022-05-02T23:47:25.042+0000][162][safepoint   ] Safepoint "Cleanup", Time since last: 4002355100 ns, Reaching safepoint: 194500 ns, At safepoint: 7500 ns, Total: 202000 ns
[2022-05-02T23:47:26.044+0000][162][safepoint   ] Safepoint "Cleanup", Time since last: 1000786200 ns, Reaching safepoint: 1017000 ns, At safepoint: 82000 ns, Total: 1099000 ns
[2022-05-02T23:47:31.048+0000][162][safepoint   ] Safepoint "Cleanup", Time since last: 5002608300 ns, Reaching safepoint: 800600 ns, At safepoint: 28000 ns, Total: 828600 ns
[2022-05-02T23:47:35.051+0000][162][safepoint   ] Safepoint "Cleanup", Time since last: 4002848400 ns, Reaching safepoint: 799900 ns, At safepoint: 28500 ns, Total: 828400 ns
[2022-05-02T23:47:36.054+0000][162][safepoint   ] Safepoint "Cleanup", Time since last: 1001475800 ns, Reaching safepoint: 882600 ns, At safepoint: 32900 ns, Total: 915500 ns
[2022-05-02T23:47:37.056+0000][162][safepoint   ] Safepoint "Cleanup", Time since last: 1001302600 ns, Reaching safepoint: 800700 ns, At safepoint: 28200 ns, Total: 828900 ns
[2022-05-02T23:47:38.058+0000][162][safepoint   ] Safepoint "Cleanup", Time since last: 1001448700 ns, Reaching safepoint: 516700 ns, At safepoint: 56600 ns, Total: 573300 ns
[2022-05-02T23:47:39.060+0000][162][safepoint   ] Safepoint "Cleanup", Time since last: 1000968800 ns, Reaching safepoint: 799000 ns, At safepoint: 28300 ns, Total: 827300 ns
[2022-05-02T23:47:40.062+0000][162][safepoint   ] Safepoint "Cleanup", Time since last: 1001713700 ns, Reaching safepoint: 792200 ns, At safepoint: 28000 ns, Total: 820200 ns
[2022-05-02T23:47:41.065+0000][162][safepoint   ] Safepoint "Cleanup", Time since last: 1001608100 ns, Reaching safepoint: 797100 ns, At safepoint: 68100 ns, Total: 865200 ns
[2022-05-02T23:47:44.068+0000][162][safepoint   ] Safepoint "Cleanup", Time since last: 3002088700 ns, Reaching safepoint: 1022300 ns, At safepoint: 37600 ns, Total: 1059900 ns
[2022-05-02T23:47:45.070+0000][162][safepoint   ] Safepoint "Cleanup", Time since last: 1001439200 ns, Reaching safepoint: 488300 ns, At safepoint: 17400 ns, Total: 505700 ns
[2022-05-02T23:47:46.071+0000][162][safepoint   ] Safepoint "Cleanup", Time since last: 1000808600 ns, Reaching safepoint: 201100 ns, At safepoint: 7800 ns, Total: 208900 ns
[2022-05-02T23:47:49.072+0000][162][safepoint   ] Safepoint "Cleanup", Time since last: 3000637000 ns, Reaching safepoint: 239900 ns, At safepoint: 34200 ns, Total: 274100 ns
[2022-05-02T23:47:50.072+0000][162][safepoint   ] Safepoint "Cleanup", Time since last: 1000540600 ns, Reaching safepoint: 237500 ns, At safepoint: 6200 ns, Total: 243700 ns
[2022-05-02T23:47:51.073+0000][162][safepoint   ] Safepoint "Cleanup", Time since last: 1000476900 ns, Reaching safepoint: 188700 ns, At safepoint: 7000 ns, Total: 195700 ns
[2022-05-02T23:47:55.074+0000][162][safepoint   ] Safepoint "Cleanup", Time since last: 4000631700 ns, Reaching safepoint: 186200 ns, At safepoint: 7600 ns, Total: 193800 ns
[2022-05-02T23:47:56.074+0000][162][safepoint   ] Safepoint "Cleanup", Time since last: 1000291100 ns, Reaching safepoint: 188500 ns, At safepoint: 7500 ns, Total: 196000 ns
[2022-05-02T23:48:01.076+0000][162][safepoint   ] Safepoint "Cleanup", Time since last: 5000880400 ns, Reaching safepoint: 242800 ns, At safepoint: 8900 ns, Total: 251700 ns
[2022-05-02T23:48:04.077+0000][162][safepoint   ] Safepoint "Cleanup", Time since last: 3000818800 ns, Reaching safepoint: 331400 ns, At safepoint: 8900 ns, Total: 340300 ns
[2022-05-02T23:48:05.078+0000][162][safepoint   ] Safepoint "Cleanup", Time since last: 1000543900 ns, Reaching safepoint: 341700 ns, At safepoint: 9000 ns, Total: 350700 ns
[2022-05-02T23:48:07.079+0000][162][safepoint   ] Safepoint "Cleanup", Time since last: 2000639000 ns, Reaching safepoint: 217800 ns, At safepoint: 6500 ns, Total: 224300 ns
[2022-05-02T23:48:09.079+0000][162][safepoint   ] Safepoint "Cleanup", Time since last: 2000668600 ns, Reaching safepoint: 232900 ns, At safepoint: 30400 ns, Total: 263300 ns
[2022-05-02T23:48:10.080+0000][162][safepoint   ] Safepoint "Cleanup", Time since last: 1000569100 ns, Reaching safepoint: 323500 ns, At safepoint: 8600 ns, Total: 332100 ns
[2022-05-02T23:48:11.081+0000][162][safepoint   ] Safepoint "Cleanup", Time since last: 1000485900 ns, Reaching safepoint: 237700 ns, At safepoint: 6500 ns, Total: 244200 ns
[2022-05-02T23:48:14.082+0000][162][safepoint   ] Safepoint "Cleanup", Time since last: 3001066700 ns, Reaching safepoint: 315700 ns, At safepoint: 12600 ns, Total: 328300 ns
[2022-05-02T23:48:15.084+0000][162][safepoint   ] Safepoint "Cleanup", Time since last: 1000786300 ns, Reaching safepoint: 247200 ns, At safepoint: 9900 ns, Total: 257100 ns
[2022-05-02T23:48:16.085+0000][162][safepoint   ] Safepoint "Cleanup", Time since last: 1000821100 ns, Reaching safepoint: 308400 ns, At safepoint: 11700 ns, Total: 320100 ns
[2022-05-02T23:48:19.087+0000][162][safepoint   ] Safepoint "Cleanup", Time since last: 3001577800 ns, Reaching safepoint: 903000 ns, At safepoint: 29400 ns, Total: 932400 ns
[2022-05-02T23:48:20.090+0000][162][safepoint   ] Safepoint "Cleanup", Time since last: 1001458400 ns, Reaching safepoint: 812800 ns, At safepoint: 29400 ns, Total: 842200 ns
[2022-05-02T23:48:21.092+0000][162][safepoint   ] Safepoint "Cleanup", Time since last: 1001354800 ns, Reaching safepoint: 850600 ns, At safepoint: 26900 ns, Total: 877500 ns
[2022-05-02T23:48:23.094+0000][162][safepoint   ] Safepoint "Cleanup", Time since last: 2001882900 ns, Reaching safepoint: 814800 ns, At safepoint: 28900 ns, Total: 843700 ns
[2022-05-02T23:48:25.097+0000][162][safepoint   ] Safepoint "Cleanup", Time since last: 2001682100 ns, Reaching safepoint: 851100 ns, At safepoint: 28200 ns, Total: 879300 ns
[2022-05-02T23:48:26.099+0000][162][safepoint   ] Safepoint "Cleanup", Time since last: 1001420300 ns, Reaching safepoint: 855900 ns, At safepoint: 28700 ns, Total: 884600 ns
[2022-05-02T23:48:35.104+0000][162][safepoint   ] Safepoint "Cleanup", Time since last: 9004391300 ns, Reaching safepoint: 210800 ns, At safepoint: 8100 ns, Total: 218900 ns
[2022-05-02T23:48:37.106+0000][162][safepoint   ] Safepoint "Cleanup", Time since last: 2001230200 ns, Reaching safepoint: 810300 ns, At safepoint: 29300 ns, Total: 839600 ns
[2022-05-02T23:48:39.109+0000][162][safepoint   ] Safepoint "Cleanup", Time since last: 2001915400 ns, Reaching safepoint: 903100 ns, At safepoint: 32700 ns, Total: 935800 ns
[2022-05-02T23:48:40.111+0000][162][safepoint   ] Safepoint "Cleanup", Time since last: 1001451300 ns, Reaching safepoint: 808300 ns, At safepoint: 28300 ns, Total: 836600 ns
[2022-05-02T23:48:41.114+0000][162][safepoint   ] Safepoint "Cleanup", Time since last: 1001532700 ns, Reaching safepoint: 815600 ns, At safepoint: 28800 ns, Total: 844400 ns
[2022-05-02T23:48:44.116+0000][162][safepoint   ] Safepoint "Cleanup", Time since last: 3001958800 ns, Reaching safepoint: 838500 ns, At safepoint: 28900 ns, Total: 867400 ns
[2022-05-02T23:48:45.119+0000][162][safepoint   ] Safepoint "Cleanup", Time since last: 1001522900 ns, Reaching safepoint: 771400 ns, At safepoint: 29000 ns, Total: 800400 ns
[2022-05-02T23:48:46.121+0000][162][safepoint   ] Safepoint "Cleanup", Time since last: 1001441400 ns, Reaching safepoint: 858500 ns, At safepoint: 29400 ns, Total: 887900 ns
[2022-05-02T23:48:47.123+0000][162][safepoint   ] Safepoint "Cleanup", Time since last: 1001480500 ns, Reaching safepoint: 822500 ns, At safepoint: 86000 ns, Total: 908500 ns
[2022-05-02T23:48:49.126+0000][162][safepoint   ] Safepoint "Cleanup", Time since last: 2001934500 ns, Reaching safepoint: 852500 ns, At safepoint: 96200 ns, Total: 948700 ns
[2022-05-02T23:48:50.128+0000][162][safepoint   ] Safepoint "Cleanup", Time since last: 1001408100 ns, Reaching safepoint: 814600 ns, At safepoint: 28800 ns, Total: 843400 ns
[2022-05-02T23:48:51.131+0000][162][safepoint   ] Safepoint "Cleanup", Time since last: 1001711800 ns, Reaching safepoint: 809700 ns, At safepoint: 81400 ns, Total: 891100 ns
[2022-05-02T23:48:55.134+0000][162][safepoint   ] Safepoint "Cleanup", Time since last: 4002462400 ns, Reaching safepoint: 220400 ns, At safepoint: 8300 ns, Total: 228700 ns
[2022-05-02T23:48:56.135+0000][162][safepoint   ] Safepoint "Cleanup", Time since last: 1000584400 ns, Reaching safepoint: 514600 ns, At safepoint: 18800 ns, Total: 533400 ns
[2022-05-02T23:49:05.139+0000][162][safepoint   ] Safepoint "Cleanup", Time since last: 9003430200 ns, Reaching safepoint: 203900 ns, At safepoint: 8700 ns, Total: 212600 ns
[2022-05-02T23:49:07.141+0000][162][safepoint   ] Safepoint "Cleanup", Time since last: 2001266500 ns, Reaching safepoint: 904800 ns, At safepoint: 29200 ns, Total: 934000 ns
[2022-05-02T23:49:09.143+0000][162][safepoint   ] Safepoint "Cleanup", Time since last: 2001844900 ns, Reaching safepoint: 816900 ns, At safepoint: 85100 ns, Total: 902000 ns
[2022-05-02T23:49:10.145+0000][162][safepoint   ] Safepoint "Cleanup", Time since last: 1001528200 ns, Reaching safepoint: 374500 ns, At safepoint: 13800 ns, Total: 388300 ns
[2022-05-02T23:49:11.147+0000][162][safepoint   ] Safepoint "Cleanup", Time since last: 1000910500 ns, Reaching safepoint: 214500 ns, At safepoint: 7800 ns, Total: 222300 ns
[2022-05-02T23:49:14.148+0000][162][safepoint   ] Safepoint "Cleanup", Time since last: 3001066700 ns, Reaching safepoint: 451600 ns, At safepoint: 16100 ns, Total: 467700 ns
[2022-05-02T23:49:15.150+0000][162][safepoint   ] Safepoint "Cleanup", Time since last: 1001172100 ns, Reaching safepoint: 799700 ns, At safepoint: 29000 ns, Total: 828700 ns
[2022-05-02T23:49:16.152+0000][162][safepoint   ] Safepoint "Cleanup", Time since last: 1001472100 ns, Reaching safepoint: 746000 ns, At safepoint: 26800 ns, Total: 772800 ns
[2022-05-02T23:49:19.155+0000][162][safepoint   ] Safepoint "Cleanup", Time since last: 3002228200 ns, Reaching safepoint: 864100 ns, At safepoint: 26800 ns, Total: 890900 ns
[2022-05-02T23:49:20.157+0000][162][safepoint   ] Safepoint "Cleanup", Time since last: 1001408200 ns, Reaching safepoint: 557600 ns, At safepoint: 20700 ns, Total: 578300 ns
[2022-05-02T23:49:21.159+0000][162][safepoint   ] Safepoint "Cleanup", Time since last: 1001106200 ns, Reaching safepoint: 211100 ns, At safepoint: 8400 ns, Total: 219500 ns
[2022-05-02T23:49:24.161+0000][162][safepoint   ] Safepoint "Cleanup", Time since last: 3001429500 ns, Reaching safepoint: 415200 ns, At safepoint: 15700 ns, Total: 430900 ns
[2022-05-02T23:49:26.163+0000][162][safepoint   ] Safepoint "Cleanup", Time since last: 2001438500 ns, Reaching safepoint: 736900 ns, At safepoint: 25100 ns, Total: 762000 ns
[2022-05-02T23:49:31.166+0000][162][safepoint   ] Safepoint "Cleanup", Time since last: 5002301700 ns, Reaching safepoint: 821800 ns, At safepoint: 27300 ns, Total: 849100 ns
[2022-05-02T23:49:34.168+0000][162][safepoint   ] Safepoint "Cleanup", Time since last: 3001847500 ns, Reaching safepoint: 330600 ns, At safepoint: 11800 ns, Total: 342400 ns
[2022-05-02T23:49:37.170+0000][162][safepoint   ] Safepoint "Cleanup", Time since last: 3001552600 ns, Reaching safepoint: 248800 ns, At safepoint: 12100 ns, Total: 260900 ns
[2022-05-02T23:49:39.172+0000][162][safepoint   ] Safepoint "Cleanup", Time since last: 2001156800 ns, Reaching safepoint: 813900 ns, At safepoint: 28300 ns, Total: 842200 ns
[2022-05-02T23:49:40.174+0000][162][safepoint   ] Safepoint "Cleanup", Time since last: 1001442300 ns, Reaching safepoint: 828800 ns, At safepoint: 29200 ns, Total: 858000 ns
[2022-05-02T23:49:40.387+0000][162][gc,start    ] GC(19) Pause Young (Normal) (G1 Evacuation Pause)
[2022-05-02T23:49:40.388+0000][162][gc,task     ] GC(19) Using 10 workers of 10 for evacuation
[2022-05-02T23:49:40.388+0000][162][gc,age      ] GC(19) Desired survivor size 20971520 bytes, new threshold 15 (max threshold 15)
[2022-05-02T23:49:40.394+0000][162][gc,age      ] GC(19) Age table with threshold 15 (max threshold 15)
[2022-05-02T23:49:40.395+0000][162][gc,age      ] GC(19) - age   1:    2637296 bytes,    2637296 total
[2022-05-02T23:49:40.395+0000][162][gc,age      ] GC(19) - age   2:    2179344 bytes,    4816640 total
[2022-05-02T23:49:40.395+0000][162][gc,age      ] GC(19) - age   3:    4659912 bytes,    9476552 total
[2022-05-02T23:49:40.396+0000][162][gc,age      ] GC(19) - age   4:    3611272 bytes,   13087824 total
[2022-05-02T23:49:40.396+0000][162][gc,phases   ] GC(19)   Pre Evacuate Collection Set: 0.2ms
[2022-05-02T23:49:40.396+0000][162][gc,phases   ] GC(19)   Merge Heap Roots: 0.2ms
[2022-05-02T23:49:40.397+0000][162][gc,phases   ] GC(19)   Evacuate Collection Set: 4.5ms
[2022-05-02T23:49:40.397+0000][162][gc,phases   ] GC(19)   Post Evacuate Collection Set: 1.2ms
[2022-05-02T23:49:40.397+0000][162][gc,phases   ] GC(19)   Other: 2.6ms
[2022-05-02T23:49:40.397+0000][162][gc,heap     ] GC(19) Eden regions: 72->0(72)
[2022-05-02T23:49:40.398+0000][162][gc,heap     ] GC(19) Survivor regions: 4->4(10)
[2022-05-02T23:49:40.398+0000][162][gc,heap     ] GC(19) Old regions: 17->17
[2022-05-02T23:49:40.398+0000][162][gc,heap     ] GC(19) Archive regions: 2->2
[2022-05-02T23:49:40.399+0000][162][gc,heap     ] GC(19) Humongous regions: 6->6
[2022-05-02T23:49:40.399+0000][162][gc,metaspace] GC(19) Metaspace: 112463K(114176K)->112463K(114176K) NonClass: 97063K(98048K)->97063K(98048K) Class: 15399K(16128K)->15399K(16128K)
[2022-05-02T23:49:40.399+0000][162][gc          ] GC(19) Pause Young (Normal) (G1 Evacuation Pause) 397M->109M(512M) 11.782ms
[2022-05-02T23:49:40.399+0000][162][gc,cpu      ] GC(19) User=0.04s Sys=0.00s Real=0.01s
[2022-05-02T23:49:40.399+0000][162][safepoint   ] Safepoint "G1CollectForAllocation", Time since last: 212676000 ns, Reaching safepoint: 195600 ns, At safepoint: 12247800 ns, Total: 12443400 ns
[2022-05-02T23:49:41.401+0000][162][safepoint   ] Safepoint "Cleanup", Time since last: 1000569300 ns, Reaching safepoint: 890800 ns, At safepoint: 28900 ns, Total: 919700 ns
[2022-05-02T23:49:43.403+0000][162][safepoint   ] Safepoint "Cleanup", Time since last: 2001586200 ns, Reaching safepoint: 366700 ns, At safepoint: 13600 ns, Total: 380300 ns
[2022-05-02T23:49:44.404+0000][162][safepoint   ] Safepoint "Cleanup", Time since last: 1000881900 ns, Reaching safepoint: 532200 ns, At safepoint: 19000 ns, Total: 551200 ns
[2022-05-02T23:49:46.406+0000][162][safepoint   ] Safepoint "Cleanup", Time since last: 2001558600 ns, Reaching safepoint: 504900 ns, At safepoint: 25100 ns, Total: 530000 ns
[2022-05-02T23:49:48.408+0000][162][safepoint   ] Safepoint "Cleanup", Time since last: 2001432100 ns, Reaching safepoint: 439500 ns, At safepoint: 19800 ns, Total: 459300 ns
[2022-05-02T23:49:49.410+0000][162][safepoint   ] Safepoint "Cleanup", Time since last: 1001097300 ns, Reaching safepoint: 837700 ns, At safepoint: 28300 ns, Total: 866000 ns
[2022-05-02T23:49:51.412+0000][162][safepoint   ] Safepoint "Cleanup", Time since last: 2001804700 ns, Reaching safepoint: 249000 ns, At safepoint: 6200 ns, Total: 255200 ns
[2022-05-02T23:49:54.414+0000][162][safepoint   ] Safepoint "Cleanup", Time since last: 3001347400 ns, Reaching safepoint: 307500 ns, At safepoint: 19000 ns, Total: 326500 ns
[2022-05-02T23:49:56.416+0000][162][safepoint   ] Safepoint "Cleanup", Time since last: 2000981200 ns, Reaching safepoint: 1061000 ns, At safepoint: 50000 ns, Total: 1111000 ns
[2022-05-02T23:50:01.420+0000][162][safepoint   ] Safepoint "Cleanup", Time since last: 5002611300 ns, Reaching safepoint: 886700 ns, At safepoint: 28700 ns, Total: 915400 ns
[2022-05-02T23:50:04.423+0000][162][safepoint   ] Safepoint "Cleanup", Time since last: 3002056200 ns, Reaching safepoint: 903000 ns, At safepoint: 31900 ns, Total: 934900 ns
[2022-05-02T23:50:06.425+0000][162][safepoint   ] Safepoint "Cleanup", Time since last: 2001834100 ns, Reaching safepoint: 799900 ns, At safepoint: 27300 ns, Total: 827200 ns
[2022-05-02T23:50:08.427+0000][162][safepoint   ] Safepoint "Cleanup", Time since last: 2001455200 ns, Reaching safepoint: 207600 ns, At safepoint: 7700 ns, Total: 215300 ns
[2022-05-02T23:50:10.428+0000][162][safepoint   ] Safepoint "Cleanup", Time since last: 2001053200 ns, Reaching safepoint: 226700 ns, At safepoint: 8600 ns, Total: 235300 ns
[2022-05-02T23:50:11.429+0000][162][safepoint   ] Safepoint "Cleanup", Time since last: 1000627900 ns, Reaching safepoint: 264300 ns, At safepoint: 9800 ns, Total: 274100 ns
[2022-05-02T23:50:13.430+0000][162][safepoint   ] Safepoint "Cleanup", Time since last: 2000945800 ns, Reaching safepoint: 190100 ns, At safepoint: 7900 ns, Total: 198000 ns
[2022-05-02T23:50:14.432+0000][162][safepoint   ] Safepoint "Cleanup", Time since last: 1000809400 ns, Reaching safepoint: 1127600 ns, At safepoint: 39900 ns, Total: 1167500 ns
[2022-05-02T23:50:16.435+0000][162][safepoint   ] Safepoint "Cleanup", Time since last: 2001762500 ns, Reaching safepoint: 796400 ns, At safepoint: 27300 ns, Total: 823700 ns
[2022-05-02T23:50:18.436+0000][162][safepoint   ] Safepoint "Cleanup", Time since last: 2001248300 ns, Reaching safepoint: 285100 ns, At safepoint: 18600 ns, Total: 303700 ns
[2022-05-02T23:50:19.438+0000][162][safepoint   ] Safepoint "Cleanup", Time since last: 1000845800 ns, Reaching safepoint: 877500 ns, At safepoint: 30700 ns, Total: 908200 ns
[2022-05-02T23:50:21.441+0000][162][safepoint   ] Safepoint "Cleanup", Time since last: 2001861600 ns, Reaching safepoint: 1021000 ns, At safepoint: 31700 ns, Total: 1052700 ns
[2022-05-02T23:50:24.444+0000][162][safepoint   ] Safepoint "Cleanup", Time since last: 3002081300 ns, Reaching safepoint: 869300 ns, At safepoint: 29200 ns, Total: 898500 ns
[2022-05-02T23:50:26.446+0000][162][safepoint   ] Safepoint "Cleanup", Time since last: 2001812200 ns, Reaching safepoint: 569200 ns, At safepoint: 22500 ns, Total: 591700 ns
[2022-05-02T23:50:34.449+0000][162][safepoint   ] Safepoint "Cleanup", Time since last: 8002459000 ns, Reaching safepoint: 191200 ns, At safepoint: 6700 ns, Total: 197900 ns
[2022-05-02T23:50:36.450+0000][162][safepoint   ] Safepoint "Cleanup", Time since last: 2001172400 ns, Reaching safepoint: 198600 ns, At safepoint: 7900 ns, Total: 206500 ns
[2022-05-02T23:50:38.452+0000][162][safepoint   ] Safepoint "Cleanup", Time since last: 2000881900 ns, Reaching safepoint: 313100 ns, At safepoint: 6300 ns, Total: 319400 ns
[2022-05-02T23:50:39.453+0000][162][safepoint   ] Safepoint "Cleanup", Time since last: 1000830000 ns, Reaching safepoint: 788500 ns, At safepoint: 29100 ns, Total: 817600 ns
[2022-05-02T23:50:40.456+0000][162][safepoint   ] Safepoint "Cleanup", Time since last: 1001558100 ns, Reaching safepoint: 895000 ns, At safepoint: 35000 ns, Total: 930000 ns
[2022-05-02T23:50:41.458+0000][162][safepoint   ] Safepoint "Cleanup", Time since last: 1001409500 ns, Reaching safepoint: 839800 ns, At safepoint: 28600 ns, Total: 868400 ns
[2022-05-02T23:50:43.460+0000][162][safepoint   ] Safepoint "Cleanup", Time since last: 2001684900 ns, Reaching safepoint: 407100 ns, At safepoint: 7100 ns, Total: 414200 ns
[2022-05-02T23:50:44.462+0000][162][safepoint   ] Safepoint "Cleanup", Time since last: 1000844200 ns, Reaching safepoint: 967200 ns, At safepoint: 51400 ns, Total: 1018600 ns
[2022-05-02T23:50:46.465+0000][162][safepoint   ] Safepoint "Cleanup", Time since last: 2001679000 ns, Reaching safepoint: 830500 ns, At safepoint: 25900 ns, Total: 856400 ns
[2022-05-02T23:50:48.466+0000][162][safepoint   ] Safepoint "Cleanup", Time since last: 2001663600 ns, Reaching safepoint: 211100 ns, At safepoint: 7900 ns, Total: 219000 ns
[2022-05-02T23:50:49.468+0000][162][safepoint   ] Safepoint "Cleanup", Time since last: 1000691800 ns, Reaching safepoint: 455100 ns, At safepoint: 9300 ns, Total: 464400 ns
[2022-05-02T23:50:51.469+0000][162][safepoint   ] Safepoint "Cleanup", Time since last: 2000946700 ns, Reaching safepoint: 634200 ns, At safepoint: 21400 ns, Total: 655600 ns
[2022-05-02T23:50:54.471+0000][162][safepoint   ] Safepoint "Cleanup", Time since last: 3001243800 ns, Reaching safepoint: 199300 ns, At safepoint: 6000 ns, Total: 205300 ns
[2022-05-02T23:50:56.472+0000][162][safepoint   ] Safepoint "Cleanup", Time since last: 2000776300 ns, Reaching safepoint: 831100 ns, At safepoint: 27000 ns, Total: 858100 ns
[2022-05-02T23:51:04.475+0000][162][safepoint   ] Safepoint "Cleanup", Time since last: 8002570300 ns, Reaching safepoint: 270400 ns, At safepoint: 7800 ns, Total: 278200 ns
[2022-05-02T23:51:06.476+0000][162][safepoint   ] Safepoint "Cleanup", Time since last: 2000661300 ns, Reaching safepoint: 247900 ns, At safepoint: 11600 ns, Total: 259500 ns
[2022-05-02T23:51:07.477+0000][162][safepoint   ] Safepoint "Cleanup", Time since last: 1000281400 ns, Reaching safepoint: 229400 ns, At safepoint: 30300 ns, Total: 259700 ns
[2022-05-02T23:51:08.477+0000][162][safepoint   ] Safepoint "Cleanup", Time since last: 1000533000 ns, Reaching safepoint: 285400 ns, At safepoint: 10000 ns, Total: 295400 ns
[2022-05-02T23:51:09.478+0000][162][safepoint   ] Safepoint "Cleanup", Time since last: 1000366400 ns, Reaching safepoint: 253300 ns, At safepoint: 6800 ns, Total: 260100 ns
[2022-05-02T23:51:10.479+0000][162][safepoint   ] Safepoint "Cleanup", Time since last: 1000436700 ns, Reaching safepoint: 226300 ns, At safepoint: 24900 ns, Total: 251200 ns
[2022-05-02T23:51:11.479+0000][162][safepoint   ] Safepoint "Cleanup", Time since last: 1000466100 ns, Reaching safepoint: 266400 ns, At safepoint: 21900 ns, Total: 288300 ns
[2022-05-02T23:51:13.481+0000][162][safepoint   ] Safepoint "Cleanup", Time since last: 2000735400 ns, Reaching safepoint: 319400 ns, At safepoint: 9600 ns, Total: 329000 ns
[2022-05-02T23:51:14.481+0000][162][safepoint   ] Safepoint "Cleanup", Time since last: 1000526700 ns, Reaching safepoint: 337200 ns, At safepoint: 6900 ns, Total: 344100 ns
[2022-05-02T23:51:16.482+0000][162][safepoint   ] Safepoint "Cleanup", Time since last: 2000675000 ns, Reaching safepoint: 322200 ns, At safepoint: 9000 ns, Total: 331200 ns
[2022-05-02T23:51:18.483+0000][162][safepoint   ] Safepoint "Cleanup", Time since last: 2000695700 ns, Reaching safepoint: 223800 ns, At safepoint: 6400 ns, Total: 230200 ns
[2022-05-02T23:51:19.484+0000][162][safepoint   ] Safepoint "Cleanup", Time since last: 1000534100 ns, Reaching safepoint: 256100 ns, At safepoint: 26200 ns, Total: 282300 ns
[2022-05-02T23:51:21.485+0000][162][safepoint   ] Safepoint "Cleanup", Time since last: 2000696100 ns, Reaching safepoint: 240300 ns, At safepoint: 6700 ns, Total: 247000 ns
[2022-05-02T23:51:24.486+0000][162][safepoint   ] Safepoint "Cleanup", Time since last: 3000754300 ns, Reaching safepoint: 242400 ns, At safepoint: 6800 ns, Total: 249200 ns
[2022-05-02T23:51:26.487+0000][162][safepoint   ] Safepoint "Cleanup", Time since last: 2000607200 ns, Reaching safepoint: 303400 ns, At safepoint: 6800 ns, Total: 310200 ns
[2022-05-02T23:51:28.437+0000][162][safepoint   ] Safepoint "Cleanup", Time since last: 1949175100 ns, Reaching safepoint: 281900 ns, At safepoint: 36300 ns, Total: 318200 ns
[2022-05-02T23:51:29.437+0000][162][safepoint   ] Safepoint "Cleanup", Time since last: 1000518000 ns, Reaching safepoint: 267500 ns, At safepoint: 6700 ns, Total: 274200 ns
[2022-05-02T23:51:34.593+0000][162][safepoint   ] Safepoint "Cleanup", Time since last: 5155283200 ns, Reaching safepoint: 287100 ns, At safepoint: 8300 ns, Total: 295400 ns
[2022-05-02T23:51:36.594+0000][162][safepoint   ] Safepoint "Cleanup", Time since last: 2000669100 ns, Reaching safepoint: 240200 ns, At safepoint: 7100 ns, Total: 247300 ns
[2022-05-02T23:51:38.595+0000][162][safepoint   ] Safepoint "Cleanup", Time since last: 2000638800 ns, Reaching safepoint: 257600 ns, At safepoint: 6300 ns, Total: 263900 ns
[2022-05-02T23:51:39.596+0000][162][safepoint   ] Safepoint "Cleanup", Time since last: 1000560600 ns, Reaching safepoint: 341900 ns, At safepoint: 7000 ns, Total: 348900 ns
[2022-05-02T23:51:40.596+0000][162][safepoint   ] Safepoint "Cleanup", Time since last: 1000616800 ns, Reaching safepoint: 210700 ns, At safepoint: 6200 ns, Total: 216900 ns
[2022-05-02T23:51:41.597+0000][162][safepoint   ] Safepoint "Cleanup", Time since last: 1000519900 ns, Reaching safepoint: 220600 ns, At safepoint: 5700 ns, Total: 226300 ns
[2022-05-02T23:51:42.598+0000][162][safepoint   ] Safepoint "Cleanup", Time since last: 1000596900 ns, Reaching safepoint: 327900 ns, At safepoint: 29500 ns, Total: 357400 ns
[2022-05-02T23:51:43.599+0000][162][safepoint   ] Safepoint "Cleanup", Time since last: 1000497700 ns, Reaching safepoint: 324200 ns, At safepoint: 7900 ns, Total: 332100 ns
[2022-05-02T23:51:44.600+0000][162][safepoint   ] Safepoint "Cleanup", Time since last: 1000507800 ns, Reaching safepoint: 270200 ns, At safepoint: 6500 ns, Total: 276700 ns
[2022-05-02T23:51:46.601+0000][162][safepoint   ] Safepoint "Cleanup", Time since last: 2000712500 ns, Reaching safepoint: 248900 ns, At safepoint: 7000 ns, Total: 255900 ns
[2022-05-02T23:51:48.602+0000][162][safepoint   ] Safepoint "Cleanup", Time since last: 2000802500 ns, Reaching safepoint: 354100 ns, At safepoint: 9500 ns, Total: 363600 ns
[2022-05-02T23:51:49.603+0000][162][safepoint   ] Safepoint "Cleanup", Time since last: 1000525700 ns, Reaching safepoint: 373900 ns, At safepoint: 12800 ns, Total: 386700 ns
[2022-05-02T23:51:51.604+0000][162][safepoint   ] Safepoint "Cleanup", Time since last: 2000657100 ns, Reaching safepoint: 212600 ns, At safepoint: 6800 ns, Total: 219400 ns
[2022-05-02T23:51:54.605+0000][162][safepoint   ] Safepoint "Cleanup", Time since last: 3000716600 ns, Reaching safepoint: 300400 ns, At safepoint: 6600 ns, Total: 307000 ns
[2022-05-02T23:51:56.606+0000][162][safepoint   ] Safepoint "Cleanup", Time since last: 2000685800 ns, Reaching safepoint: 234000 ns, At safepoint: 6300 ns, Total: 240300 ns
[2022-05-02T23:52:00.607+0000][162][safepoint   ] Safepoint "Cleanup", Time since last: 4000857900 ns, Reaching safepoint: 222600 ns, At safepoint: 6400 ns, Total: 229000 ns
[2022-05-02T23:52:04.608+0000][162][safepoint   ] Safepoint "Cleanup", Time since last: 4000972200 ns, Reaching safepoint: 274500 ns, At safepoint: 7000 ns, Total: 281500 ns
[2022-05-02T23:52:05.609+0000][162][safepoint   ] Safepoint "Cleanup", Time since last: 1000536600 ns, Reaching safepoint: 294500 ns, At safepoint: 27500 ns, Total: 322000 ns
[2022-05-02T23:52:06.610+0000][162][safepoint   ] Safepoint "Cleanup", Time since last: 1000589900 ns, Reaching safepoint: 350300 ns, At safepoint: 22900 ns, Total: 373200 ns
[2022-05-02T23:52:07.611+0000][162][safepoint   ] Safepoint "Cleanup", Time since last: 1000528500 ns, Reaching safepoint: 363600 ns, At safepoint: 9700 ns, Total: 373300 ns
[2022-05-02T23:52:08.612+0000][162][safepoint   ] Safepoint "Cleanup", Time since last: 1000528600 ns, Reaching safepoint: 283100 ns, At safepoint: 21100 ns, Total: 304200 ns
[2022-05-02T23:52:09.613+0000][162][safepoint   ] Safepoint "Cleanup", Time since last: 1000562000 ns, Reaching safepoint: 405100 ns, At safepoint: 23100 ns, Total: 428200 ns
[2022-05-02T23:52:10.613+0000][162][safepoint   ] Safepoint "Cleanup", Time since last: 1000485900 ns, Reaching safepoint: 305900 ns, At safepoint: 6400 ns, Total: 312300 ns
[2022-05-02T23:52:11.614+0000][162][safepoint   ] Safepoint "Cleanup", Time since last: 1000548300 ns, Reaching safepoint: 266600 ns, At safepoint: 6900 ns, Total: 273500 ns
[2022-05-02T23:52:13.615+0000][162][safepoint   ] Safepoint "Cleanup", Time since last: 2000548400 ns, Reaching safepoint: 296300 ns, At safepoint: 6300 ns, Total: 302600 ns
[2022-05-02T23:52:14.616+0000][162][safepoint   ] Safepoint "Cleanup", Time since last: 1000580000 ns, Reaching safepoint: 297100 ns, At safepoint: 6300 ns, Total: 303400 ns
[2022-05-02T23:52:16.617+0000][162][safepoint   ] Safepoint "Cleanup", Time since last: 2000641600 ns, Reaching safepoint: 243500 ns, At safepoint: 7000 ns, Total: 250500 ns
[2022-05-02T23:52:18.618+0000][162][safepoint   ] Safepoint "Cleanup", Time since last: 2000675400 ns, Reaching safepoint: 313800 ns, At safepoint: 5800 ns, Total: 319600 ns
[2022-05-02T23:52:19.619+0000][162][safepoint   ] Safepoint "Cleanup", Time since last: 1000535900 ns, Reaching safepoint: 314700 ns, At safepoint: 9200 ns, Total: 323900 ns
[2022-05-02T23:52:21.620+0000][162][safepoint   ] Safepoint "Cleanup", Time since last: 2000666800 ns, Reaching safepoint: 375600 ns, At safepoint: 24900 ns, Total: 400500 ns
[2022-05-02T23:52:24.621+0000][162][safepoint   ] Safepoint "Cleanup", Time since last: 3000802100 ns, Reaching safepoint: 318700 ns, At safepoint: 8500 ns, Total: 327200 ns
[2022-05-02T23:52:26.622+0000][162][safepoint   ] Safepoint "Cleanup", Time since last: 2000636500 ns, Reaching safepoint: 255800 ns, At safepoint: 22200 ns, Total: 278000 ns
[2022-05-02T23:52:34.624+0000][162][safepoint   ] Safepoint "Cleanup", Time since last: 8001435700 ns, Reaching safepoint: 337800 ns, At safepoint: 8800 ns, Total: 346600 ns
[2022-05-02T23:52:36.625+0000][162][safepoint   ] Safepoint "Cleanup", Time since last: 2000774500 ns, Reaching safepoint: 347000 ns, At safepoint: 9000 ns, Total: 356000 ns
[2022-05-02T23:52:38.626+0000][162][safepoint   ] Safepoint "Cleanup", Time since last: 2000657400 ns, Reaching safepoint: 271100 ns, At safepoint: 6200 ns, Total: 277300 ns
[2022-05-02T23:52:39.626+0000][162][safepoint   ] Safepoint "Cleanup", Time since last: 1000517700 ns, Reaching safepoint: 299900 ns, At safepoint: 30200 ns, Total: 330100 ns
[2022-05-02T23:52:40.627+0000][162][safepoint   ] Safepoint "Cleanup", Time since last: 1000571600 ns, Reaching safepoint: 235400 ns, At safepoint: 6400 ns, Total: 241800 ns
[2022-05-02T23:52:41.628+0000][162][safepoint   ] Safepoint "Cleanup", Time since last: 1000559000 ns, Reaching safepoint: 211800 ns, At safepoint: 6300 ns, Total: 218100 ns
[2022-05-02T23:52:43.629+0000][162][safepoint   ] Safepoint "Cleanup", Time since last: 2000631400 ns, Reaching safepoint: 271100 ns, At safepoint: 6500 ns, Total: 277600 ns
[2022-05-02T23:52:44.630+0000][162][safepoint   ] Safepoint "Cleanup", Time since last: 1000596300 ns, Reaching safepoint: 307200 ns, At safepoint: 9600 ns, Total: 316800 ns
[2022-05-02T23:52:46.631+0000][162][safepoint   ] Safepoint "Cleanup", Time since last: 2000625600 ns, Reaching safepoint: 356800 ns, At safepoint: 6900 ns, Total: 363700 ns
[2022-05-02T23:52:48.632+0000][162][safepoint   ] Safepoint "Cleanup", Time since last: 2000681800 ns, Reaching safepoint: 263400 ns, At safepoint: 30700 ns, Total: 294100 ns
[2022-05-02T23:52:49.633+0000][162][safepoint   ] Safepoint "Cleanup", Time since last: 1000541200 ns, Reaching safepoint: 270400 ns, At safepoint: 32000 ns, Total: 302400 ns
[2022-05-02T23:52:51.634+0000][162][safepoint   ] Safepoint "Cleanup", Time since last: 2000691000 ns, Reaching safepoint: 256700 ns, At safepoint: 6500 ns, Total: 263200 ns
[2022-05-02T23:52:54.635+0000][162][safepoint   ] Safepoint "Cleanup", Time since last: 3000744900 ns, Reaching safepoint: 270200 ns, At safepoint: 6000 ns, Total: 276200 ns
[2022-05-02T23:52:56.635+0000][162][safepoint   ] Safepoint "Cleanup", Time since last: 2000613600 ns, Reaching safepoint: 202800 ns, At safepoint: 6300 ns, Total: 209100 ns
[2022-05-02T23:53:04.637+0000][162][safepoint   ] Safepoint "Cleanup", Time since last: 8001389900 ns, Reaching safepoint: 234100 ns, At safepoint: 6400 ns, Total: 240500 ns
[2022-05-02T23:53:05.638+0000][162][safepoint   ] Safepoint "Cleanup", Time since last: 1000545400 ns, Reaching safepoint: 214400 ns, At safepoint: 6600 ns, Total: 221000 ns
[2022-05-02T23:53:06.639+0000][162][safepoint   ] Safepoint "Cleanup", Time since last: 1000540800 ns, Reaching safepoint: 254100 ns, At safepoint: 6000 ns, Total: 260100 ns
[2022-05-02T23:53:08.640+0000][162][safepoint   ] Safepoint "Cleanup", Time since last: 2000789800 ns, Reaching safepoint: 208200 ns, At safepoint: 6200 ns, Total: 214400 ns
[2022-05-02T23:53:09.640+0000][162][safepoint   ] Safepoint "Cleanup", Time since last: 1000495200 ns, Reaching safepoint: 316300 ns, At safepoint: 9700 ns, Total: 326000 ns
[2022-05-02T23:53:10.641+0000][162][safepoint   ] Safepoint "Cleanup", Time since last: 1000567200 ns, Reaching safepoint: 300700 ns, At safepoint: 26500 ns, Total: 327200 ns
[2022-05-02T23:53:11.642+0000][162][safepoint   ] Safepoint "Cleanup", Time since last: 1000500000 ns, Reaching safepoint: 261300 ns, At safepoint: 5900 ns, Total: 267200 ns
[2022-05-02T23:53:13.643+0000][162][safepoint   ] Safepoint "Cleanup", Time since last: 2000707400 ns, Reaching safepoint: 213300 ns, At safepoint: 6000 ns, Total: 219300 ns
[2022-05-02T23:53:14.644+0000][162][safepoint   ] Safepoint "Cleanup", Time since last: 1000529600 ns, Reaching safepoint: 295100 ns, At safepoint: 13300 ns, Total: 308400 ns
[2022-05-02T23:53:16.645+0000][162][safepoint   ] Safepoint "Cleanup", Time since last: 2000686600 ns, Reaching safepoint: 294700 ns, At safepoint: 14800 ns, Total: 309500 ns
[2022-05-02T23:53:18.646+0000][162][safepoint   ] Safepoint "Cleanup", Time since last: 2000680600 ns, Reaching safepoint: 209400 ns, At safepoint: 6400 ns, Total: 215800 ns
[2022-05-02T23:53:19.647+0000][162][safepoint   ] Safepoint "Cleanup", Time since last: 1000471700 ns, Reaching safepoint: 221000 ns, At safepoint: 24800 ns, Total: 245800 ns
[2022-05-02T23:53:21.647+0000][162][safepoint   ] Safepoint "Cleanup", Time since last: 2000618900 ns, Reaching safepoint: 230900 ns, At safepoint: 8900 ns, Total: 239800 ns
[2022-05-02T23:53:24.648+0000][162][safepoint   ] Safepoint "Cleanup", Time since last: 3000771400 ns, Reaching safepoint: 285800 ns, At safepoint: 9100 ns, Total: 294900 ns
[2022-05-02T23:53:26.649+0000][162][safepoint   ] Safepoint "Cleanup", Time since last: 2000650500 ns, Reaching safepoint: 330900 ns, At safepoint: 9200 ns, Total: 340100 ns
[2022-05-02T23:53:32.004+0000][162][safepoint   ] Safepoint "Cleanup", Time since last: 5354477700 ns, Reaching safepoint: 222500 ns, At safepoint: 6100 ns, Total: 228600 ns
[2022-05-02T23:53:35.005+0000][162][safepoint   ] Safepoint "Cleanup", Time since last: 3000791300 ns, Reaching safepoint: 321500 ns, At safepoint: 6700 ns, Total: 328200 ns
[2022-05-02T23:53:37.006+0000][162][safepoint   ] Safepoint "Cleanup", Time since last: 2000616400 ns, Reaching safepoint: 230400 ns, At safepoint: 7600 ns, Total: 238000 ns
[2022-05-02T23:53:39.007+0000][162][safepoint   ] Safepoint "Cleanup", Time since last: 2000641800 ns, Reaching safepoint: 242900 ns, At safepoint: 19900 ns, Total: 262800 ns
[2022-05-02T23:53:40.008+0000][162][safepoint   ] Safepoint "Cleanup", Time since last: 1000463800 ns, Reaching safepoint: 292300 ns, At safepoint: 9200 ns, Total: 301500 ns
[2022-05-02T23:53:41.009+0000][162][safepoint   ] Safepoint "Cleanup", Time since last: 1000523800 ns, Reaching safepoint: 243700 ns, At safepoint: 22500 ns, Total: 266200 ns
[2022-05-02T23:53:44.010+0000][162][safepoint   ] Safepoint "Cleanup", Time since last: 3000693900 ns, Reaching safepoint: 268300 ns, At safepoint: 27200 ns, Total: 295500 ns
[2022-05-02T23:53:46.011+0000][162][safepoint   ] Safepoint "Cleanup", Time since last: 2000652900 ns, Reaching safepoint: 277100 ns, At safepoint: 6000 ns, Total: 283100 ns
[2022-05-02T23:53:47.011+0000][162][safepoint   ] Safepoint "Cleanup", Time since last: 1000491500 ns, Reaching safepoint: 209000 ns, At safepoint: 6600 ns, Total: 215600 ns
[2022-05-02T23:53:49.012+0000][162][safepoint   ] Safepoint "Cleanup", Time since last: 2000650400 ns, Reaching safepoint: 207700 ns, At safepoint: 6500 ns, Total: 214200 ns
[2022-05-02T23:53:50.013+0000][162][safepoint   ] Safepoint "Cleanup", Time since last: 1000459800 ns, Reaching safepoint: 244600 ns, At safepoint: 23800 ns, Total: 268400 ns
[2022-05-02T23:53:51.014+0000][162][safepoint   ] Safepoint "Cleanup", Time since last: 1000503000 ns, Reaching safepoint: 367300 ns, At safepoint: 26800 ns, Total: 394100 ns
[2022-05-02T23:53:55.015+0000][162][safepoint   ] Safepoint "Cleanup", Time since last: 4000884500 ns, Reaching safepoint: 310900 ns, At safepoint: 8400 ns, Total: 319300 ns
[2022-05-02T23:53:56.016+0000][162][safepoint   ] Safepoint "Cleanup", Time since last: 1000534000 ns, Reaching safepoint: 240900 ns, At safepoint: 6800 ns, Total: 247700 ns
[2022-05-02T23:53:59.017+0000][162][safepoint   ] Safepoint "Cleanup", Time since last: 3000796400 ns, Reaching safepoint: 317700 ns, At safepoint: 25500 ns, Total: 343200 ns
[2022-05-02T23:54:04.018+0000][162][safepoint   ] Safepoint "Cleanup", Time since last: 5001065000 ns, Reaching safepoint: 311600 ns, At safepoint: 10200 ns, Total: 321800 ns
[2022-05-02T23:54:05.019+0000][162][safepoint   ] Safepoint "Cleanup", Time since last: 1000498000 ns, Reaching safepoint: 279400 ns, At safepoint: 6300 ns, Total: 285700 ns
[2022-05-02T23:54:07.020+0000][162][safepoint   ] Safepoint "Cleanup", Time since last: 2000674000 ns, Reaching safepoint: 215500 ns, At safepoint: 6800 ns, Total: 222300 ns
[2022-05-02T23:54:09.021+0000][162][safepoint   ] Safepoint "Cleanup", Time since last: 2000620300 ns, Reaching safepoint: 251900 ns, At safepoint: 6000 ns, Total: 257900 ns
[2022-05-02T23:54:10.022+0000][162][safepoint   ] Safepoint "Cleanup", Time since last: 1000562300 ns, Reaching safepoint: 303100 ns, At safepoint: 23400 ns, Total: 326500 ns
[2022-05-02T23:54:11.022+0000][162][safepoint   ] Safepoint "Cleanup", Time since last: 1000527700 ns, Reaching safepoint: 217800 ns, At safepoint: 23900 ns, Total: 241700 ns
[2022-05-02T23:54:14.023+0000][162][safepoint   ] Safepoint "Cleanup", Time since last: 3000758300 ns, Reaching safepoint: 278300 ns, At safepoint: 6600 ns, Total: 284900 ns
[2022-05-02T23:54:16.024+0000][162][safepoint   ] Safepoint "Cleanup", Time since last: 2000642900 ns, Reaching safepoint: 243800 ns, At safepoint: 6100 ns, Total: 249900 ns
[2022-05-02T23:54:19.025+0000][162][safepoint   ] Safepoint "Cleanup", Time since last: 3000769200 ns, Reaching safepoint: 214200 ns, At safepoint: 30400 ns, Total: 244600 ns
[2022-05-02T23:54:20.026+0000][162][safepoint   ] Safepoint "Cleanup", Time since last: 1000543800 ns, Reaching safepoint: 208500 ns, At safepoint: 6700 ns, Total: 215200 ns
[2022-05-02T23:54:21.027+0000][162][safepoint   ] Safepoint "Cleanup", Time since last: 1000531800 ns, Reaching safepoint: 222000 ns, At safepoint: 29300 ns, Total: 251300 ns
[2022-05-02T23:54:24.028+0000][162][safepoint   ] Safepoint "Cleanup", Time since last: 3000786100 ns, Reaching safepoint: 255300 ns, At safepoint: 21600 ns, Total: 276900 ns
[2022-05-02T23:54:25.029+0000][162][safepoint   ] Safepoint "Cleanup", Time since last: 1000518800 ns, Reaching safepoint: 316300 ns, At safepoint: 23400 ns, Total: 339700 ns
[2022-05-02T23:54:26.030+0000][162][safepoint   ] Safepoint "Cleanup", Time since last: 1000539800 ns, Reaching safepoint: 241600 ns, At safepoint: 6600 ns, Total: 248200 ns
[2022-05-02T23:54:35.031+0000][162][safepoint   ] Safepoint "Cleanup", Time since last: 9001582400 ns, Reaching safepoint: 286200 ns, At safepoint: 9300 ns, Total: 295500 ns
[2022-05-02T23:54:37.032+0000][162][safepoint   ] Safepoint "Cleanup", Time since last: 2000685800 ns, Reaching safepoint: 304900 ns, At safepoint: 9800 ns, Total: 314700 ns
[2022-05-02T23:54:39.033+0000][162][safepoint   ] Safepoint "Cleanup", Time since last: 2000668400 ns, Reaching safepoint: 250100 ns, At safepoint: 6600 ns, Total: 256700 ns
[2022-05-02T23:54:40.034+0000][162][safepoint   ] Safepoint "Cleanup", Time since last: 1000448000 ns, Reaching safepoint: 208400 ns, At safepoint: 6600 ns, Total: 215000 ns
[2022-05-02T23:54:41.035+0000][162][safepoint   ] Safepoint "Cleanup", Time since last: 1000542500 ns, Reaching safepoint: 219900 ns, At safepoint: 5400 ns, Total: 225300 ns
[2022-05-02T23:54:44.036+0000][162][safepoint   ] Safepoint "Cleanup", Time since last: 3000814800 ns, Reaching safepoint: 216900 ns, At safepoint: 7100 ns, Total: 224000 ns
[2022-05-02T23:54:46.037+0000][162][safepoint   ] Safepoint "Cleanup", Time since last: 2000604000 ns, Reaching safepoint: 212900 ns, At safepoint: 6700 ns, Total: 219600 ns
[2022-05-02T23:54:49.038+0000][162][safepoint   ] Safepoint "Cleanup", Time since last: 3000739100 ns, Reaching safepoint: 232200 ns, At safepoint: 6300 ns, Total: 238500 ns
[2022-05-02T23:54:50.038+0000][162][safepoint   ] Safepoint "Cleanup", Time since last: 1000525700 ns, Reaching safepoint: 209300 ns, At safepoint: 31100 ns, Total: 240400 ns
[2022-05-02T23:54:51.039+0000][162][safepoint   ] Safepoint "Cleanup", Time since last: 1000510400 ns, Reaching safepoint: 248800 ns, At safepoint: 22400 ns, Total: 271200 ns
[2022-05-02T23:54:54.040+0000][162][safepoint   ] Safepoint "Cleanup", Time since last: 3000648800 ns, Reaching safepoint: 278900 ns, At safepoint: 6600 ns, Total: 285500 ns
[2022-05-02T23:54:55.041+0000][162][safepoint   ] Safepoint "Cleanup", Time since last: 1000441500 ns, Reaching safepoint: 208900 ns, At safepoint: 6300 ns, Total: 215200 ns
[2022-05-02T23:54:56.042+0000][162][safepoint   ] Safepoint "Cleanup", Time since last: 1000493200 ns, Reaching safepoint: 291400 ns, At safepoint: 9700 ns, Total: 301100 ns
[2022-05-02T23:55:05.043+0000][162][safepoint   ] Safepoint "Cleanup", Time since last: 9001382700 ns, Reaching safepoint: 209800 ns, At safepoint: 6400 ns, Total: 216200 ns
[2022-05-02T23:55:07.044+0000][162][safepoint   ] Safepoint "Cleanup", Time since last: 2000603200 ns, Reaching safepoint: 251700 ns, At safepoint: 6600 ns, Total: 258300 ns
[2022-05-02T23:55:09.045+0000][162][safepoint   ] Safepoint "Cleanup", Time since last: 2000635000 ns, Reaching safepoint: 273000 ns, At safepoint: 6600 ns, Total: 279600 ns
[2022-05-02T23:55:10.046+0000][162][safepoint   ] Safepoint "Cleanup", Time since last: 1000509600 ns, Reaching safepoint: 245000 ns, At safepoint: 6300 ns, Total: 251300 ns
[2022-05-02T23:55:11.047+0000][162][safepoint   ] Safepoint "Cleanup", Time since last: 1000499700 ns, Reaching safepoint: 263200 ns, At safepoint: 21900 ns, Total: 285100 ns
[2022-05-02T23:55:14.048+0000][162][safepoint   ] Safepoint "Cleanup", Time since last: 3000759400 ns, Reaching safepoint: 199900 ns, At safepoint: 10100 ns, Total: 210000 ns
[2022-05-02T23:55:16.049+0000][162][safepoint   ] Safepoint "Cleanup", Time since last: 2000937300 ns, Reaching safepoint: 904400 ns, At safepoint: 30200 ns, Total: 934600 ns
[2022-05-02T23:55:19.052+0000][162][safepoint   ] Safepoint "Cleanup", Time since last: 3002057600 ns, Reaching safepoint: 190000 ns, At safepoint: 5900 ns, Total: 195900 ns
[2022-05-02T23:55:20.053+0000][162][safepoint   ] Safepoint "Cleanup", Time since last: 1000652800 ns, Reaching safepoint: 271300 ns, At safepoint: 10000 ns, Total: 281300 ns
[2022-05-02T23:55:21.054+0000][162][safepoint   ] Safepoint "Cleanup", Time since last: 1000666100 ns, Reaching safepoint: 561300 ns, At safepoint: 28500 ns, Total: 589800 ns
[2022-05-02T23:55:25.056+0000][162][safepoint   ] Safepoint "Cleanup", Time since last: 4001399000 ns, Reaching safepoint: 294000 ns, At safepoint: 9600 ns, Total: 303600 ns
[2022-05-02T23:55:26.057+0000][162][safepoint   ] Safepoint "Cleanup", Time since last: 1000636000 ns, Reaching safepoint: 814600 ns, At safepoint: 27200 ns, Total: 841800 ns
[2022-05-02T23:55:31.059+0000][162][safepoint   ] Safepoint "Cleanup", Time since last: 5001864900 ns, Reaching safepoint: 346200 ns, At safepoint: 13400 ns, Total: 359600 ns
[2022-05-02T23:55:35.062+0000][162][safepoint   ] Safepoint "Cleanup", Time since last: 4001708500 ns, Reaching safepoint: 910800 ns, At safepoint: 32100 ns, Total: 942900 ns
[2022-05-02T23:55:37.064+0000][162][safepoint   ] Safepoint "Cleanup", Time since last: 2001707100 ns, Reaching safepoint: 311100 ns, At safepoint: 11600 ns, Total: 322700 ns
[2022-05-02T23:55:39.066+0000][162][safepoint   ] Safepoint "Cleanup", Time since last: 2001391100 ns, Reaching safepoint: 905800 ns, At safepoint: 30600 ns, Total: 936400 ns
[2022-05-02T23:55:40.068+0000][162][safepoint   ] Safepoint "Cleanup", Time since last: 1001566100 ns, Reaching safepoint: 220500 ns, At safepoint: 8100 ns, Total: 228600 ns
[2022-05-02T23:55:41.069+0000][162][safepoint   ] Safepoint "Cleanup", Time since last: 1000654600 ns, Reaching safepoint: 288300 ns, At safepoint: 8100 ns, Total: 296400 ns
[2022-05-02T23:55:44.070+0000][162][safepoint   ] Safepoint "Cleanup", Time since last: 3001007100 ns, Reaching safepoint: 265400 ns, At safepoint: 21700 ns, Total: 287100 ns
[2022-05-02T23:55:46.072+0000][162][safepoint   ] Safepoint "Cleanup", Time since last: 2000786400 ns, Reaching safepoint: 893000 ns, At safepoint: 30500 ns, Total: 923500 ns
[2022-05-02T23:55:49.074+0000][162][safepoint   ] Safepoint "Cleanup", Time since last: 3001886100 ns, Reaching safepoint: 224800 ns, At safepoint: 7000 ns, Total: 231800 ns
[2022-05-02T23:55:50.076+0000][162][safepoint   ] Safepoint "Cleanup", Time since last: 1000820000 ns, Reaching safepoint: 893100 ns, At safepoint: 28500 ns, Total: 921600 ns
[2022-05-02T23:55:51.078+0000][162][safepoint   ] Safepoint "Cleanup", Time since last: 1001187400 ns, Reaching safepoint: 443000 ns, At safepoint: 68600 ns, Total: 511600 ns
[2022-05-02T23:55:55.079+0000][162][safepoint   ] Safepoint "Cleanup", Time since last: 4000993200 ns, Reaching safepoint: 251300 ns, At safepoint: 15000 ns, Total: 266300 ns
[2022-05-02T23:55:56.080+0000][162][safepoint   ] Safepoint "Cleanup", Time since last: 1000429500 ns, Reaching safepoint: 387400 ns, At safepoint: 12100 ns, Total: 399500 ns
[2022-05-02T23:56:05.083+0000][162][safepoint   ] Safepoint "Cleanup", Time since last: 9003011500 ns, Reaching safepoint: 799800 ns, At safepoint: 27200 ns, Total: 827000 ns
[2022-05-02T23:56:06.085+0000][162][safepoint   ] Safepoint "Cleanup", Time since last: 1001436000 ns, Reaching safepoint: 329700 ns, At safepoint: 11700 ns, Total: 341400 ns
[2022-05-02T23:56:07.087+0000][162][safepoint   ] Safepoint "Cleanup", Time since last: 1000767200 ns, Reaching safepoint: 622900 ns, At safepoint: 22500 ns, Total: 645400 ns
[2022-05-02T23:56:08.088+0000][162][safepoint   ] Safepoint "Cleanup", Time since last: 1001264400 ns, Reaching safepoint: 493800 ns, At safepoint: 17900 ns, Total: 511700 ns
[2022-05-02T23:56:09.090+0000][162][safepoint   ] Safepoint "Cleanup", Time since last: 1001143300 ns, Reaching safepoint: 863000 ns, At safepoint: 28200 ns, Total: 891200 ns
[2022-05-02T23:56:10.092+0000][162][safepoint   ] Safepoint "Cleanup", Time since last: 1001298500 ns, Reaching safepoint: 577700 ns, At safepoint: 18800 ns, Total: 596500 ns
[2022-05-02T23:56:11.094+0000][162][safepoint   ] Safepoint "Cleanup", Time since last: 1001097200 ns, Reaching safepoint: 193400 ns, At safepoint: 8200 ns, Total: 201600 ns
[2022-05-02T23:56:14.096+0000][162][safepoint   ] Safepoint "Cleanup", Time since last: 3001312900 ns, Reaching safepoint: 874400 ns, At safepoint: 28300 ns, Total: 902700 ns
[2022-05-02T23:56:16.098+0000][162][safepoint   ] Safepoint "Cleanup", Time since last: 2001733000 ns, Reaching safepoint: 465500 ns, At safepoint: 16600 ns, Total: 482100 ns
[2022-05-02T23:56:19.100+0000][162][safepoint   ] Safepoint "Cleanup", Time since last: 3001755100 ns, Reaching safepoint: 524100 ns, At safepoint: 15700 ns, Total: 539800 ns
[2022-05-02T23:56:20.102+0000][162][safepoint   ] Safepoint "Cleanup", Time since last: 1000980800 ns, Reaching safepoint: 207900 ns, At safepoint: 7700 ns, Total: 215600 ns
[2022-05-02T23:56:21.103+0000][162][safepoint   ] Safepoint "Cleanup", Time since last: 1000802600 ns, Reaching safepoint: 263400 ns, At safepoint: 10600 ns, Total: 274000 ns
[2022-05-02T23:56:25.105+0000][162][safepoint   ] Safepoint "Cleanup", Time since last: 4001405300 ns, Reaching safepoint: 981700 ns, At safepoint: 30200 ns, Total: 1011900 ns
[2022-05-02T23:56:26.108+0000][162][safepoint   ] Safepoint "Cleanup", Time since last: 1001672700 ns, Reaching safepoint: 894600 ns, At safepoint: 30100 ns, Total: 924700 ns
[2022-05-02T23:56:35.111+0000][162][safepoint   ] Safepoint "Cleanup", Time since last: 9003123400 ns, Reaching safepoint: 281700 ns, At safepoint: 7900 ns, Total: 289600 ns
[2022-05-02T23:56:37.113+0000][162][safepoint   ] Safepoint "Cleanup", Time since last: 2001323300 ns, Reaching safepoint: 802900 ns, At safepoint: 28700 ns, Total: 831600 ns
[2022-05-02T23:56:39.116+0000][162][safepoint   ] Safepoint "Cleanup", Time since last: 2001738500 ns, Reaching safepoint: 843700 ns, At safepoint: 27500 ns, Total: 871200 ns
[2022-05-02T23:56:40.117+0000][162][safepoint   ] Safepoint "Cleanup", Time since last: 1001192000 ns, Reaching safepoint: 260000 ns, At safepoint: 20700 ns, Total: 280700 ns
[2022-05-02T23:56:41.118+0000][162][safepoint   ] Safepoint "Cleanup", Time since last: 1000510400 ns, Reaching safepoint: 292100 ns, At safepoint: 21700 ns, Total: 313800 ns
[2022-05-02T23:56:44.121+0000][162][safepoint   ] Safepoint "Cleanup", Time since last: 3001291200 ns, Reaching safepoint: 1182500 ns, At safepoint: 40600 ns, Total: 1223100 ns
[2022-05-02T23:56:46.122+0000][162][safepoint   ] Safepoint "Cleanup", Time since last: 2001526100 ns, Reaching safepoint: 193000 ns, At safepoint: 6500 ns, Total: 199500 ns
[2022-05-02T23:56:49.124+0000][162][safepoint   ] Safepoint "Cleanup", Time since last: 3001311400 ns, Reaching safepoint: 354800 ns, At safepoint: 12400 ns, Total: 367200 ns
[2022-05-02T23:56:50.125+0000][162][safepoint   ] Safepoint "Cleanup", Time since last: 1000714800 ns, Reaching safepoint: 303900 ns, At safepoint: 9700 ns, Total: 313600 ns
[2022-05-02T23:56:51.126+0000][162][safepoint   ] Safepoint "Cleanup", Time since last: 1000718000 ns, Reaching safepoint: 200300 ns, At safepoint: 7600 ns, Total: 207900 ns
[2022-05-02T23:56:55.128+0000][162][safepoint   ] Safepoint "Cleanup", Time since last: 4001552200 ns, Reaching safepoint: 878000 ns, At safepoint: 27900 ns, Total: 905900 ns
[2022-05-02T23:56:56.131+0000][162][safepoint   ] Safepoint "Cleanup", Time since last: 1001388400 ns, Reaching safepoint: 960500 ns, At safepoint: 30900 ns, Total: 991400 ns
[2022-05-02T23:56:59.134+0000][162][safepoint   ] Safepoint "Cleanup", Time since last: 3002125100 ns, Reaching safepoint: 860900 ns, At safepoint: 31300 ns, Total: 892200 ns
[2022-05-02T23:57:05.137+0000][162][safepoint   ] Safepoint "Cleanup", Time since last: 6002671500 ns, Reaching safepoint: 798300 ns, At safepoint: 87900 ns, Total: 886200 ns
[2022-05-02T23:57:07.140+0000][162][safepoint   ] Safepoint "Cleanup", Time since last: 2001414600 ns, Reaching safepoint: 798100 ns, At safepoint: 83800 ns, Total: 881900 ns
[2022-05-02T23:57:08.142+0000][162][safepoint   ] Safepoint "Cleanup", Time since last: 1001305300 ns, Reaching safepoint: 808000 ns, At safepoint: 26400 ns, Total: 834400 ns
[2022-05-02T23:57:09.144+0000][162][safepoint   ] Safepoint "Cleanup", Time since last: 1001476600 ns, Reaching safepoint: 800200 ns, At safepoint: 27900 ns, Total: 828100 ns
[2022-05-02T23:57:10.147+0000][162][safepoint   ] Safepoint "Cleanup", Time since last: 1001656900 ns, Reaching safepoint: 790300 ns, At safepoint: 28100 ns, Total: 818400 ns
[2022-05-02T23:57:11.149+0000][162][safepoint   ] Safepoint "Cleanup", Time since last: 1001440300 ns, Reaching safepoint: 801200 ns, At safepoint: 28200 ns, Total: 829400 ns
[2022-05-02T23:57:14.151+0000][162][safepoint   ] Safepoint "Cleanup", Time since last: 3001732000 ns, Reaching safepoint: 772700 ns, At safepoint: 26300 ns, Total: 799000 ns
[2022-05-02T23:57:16.153+0000][162][safepoint   ] Safepoint "Cleanup", Time since last: 2001703300 ns, Reaching safepoint: 217200 ns, At safepoint: 23500 ns, Total: 240700 ns
[2022-05-02T23:57:19.156+0000][162][safepoint   ] Safepoint "Cleanup", Time since last: 3001586800 ns, Reaching safepoint: 808000 ns, At safepoint: 66200 ns, Total: 874200 ns
[2022-05-02T23:57:20.158+0000][162][safepoint   ] Safepoint "Cleanup", Time since last: 1001402000 ns, Reaching safepoint: 801900 ns, At safepoint: 27900 ns, Total: 829800 ns
[2022-05-02T23:57:21.161+0000][162][safepoint   ] Safepoint "Cleanup", Time since last: 1001554600 ns, Reaching safepoint: 910800 ns, At safepoint: 28600 ns, Total: 939400 ns
[2022-05-02T23:57:25.164+0000][162][safepoint   ] Safepoint "Cleanup", Time since last: 4002186200 ns, Reaching safepoint: 915900 ns, At safepoint: 27200 ns, Total: 943100 ns
[2022-05-02T23:57:26.166+0000][162][safepoint   ] Safepoint "Cleanup", Time since last: 1001535300 ns, Reaching safepoint: 810300 ns, At safepoint: 28200 ns, Total: 838500 ns
[2022-05-02T23:57:34.170+0000][162][safepoint   ] Safepoint "Cleanup", Time since last: 8004129500 ns, Reaching safepoint: 215700 ns, At safepoint: 8300 ns, Total: 224000 ns
[2022-05-02T23:57:37.172+0000][162][safepoint   ] Safepoint "Cleanup", Time since last: 3001564400 ns, Reaching safepoint: 217400 ns, At safepoint: 7600 ns, Total: 225000 ns
[2022-05-02T23:57:39.174+0000][162][safepoint   ] Safepoint "Cleanup", Time since last: 2001195200 ns, Reaching safepoint: 517200 ns, At safepoint: 28000 ns, Total: 545200 ns
[2022-05-02T23:57:40.176+0000][162][safepoint   ] Safepoint "Cleanup", Time since last: 1001058500 ns, Reaching safepoint: 829800 ns, At safepoint: 85700 ns, Total: 915500 ns
[2022-05-02T23:57:41.178+0000][162][safepoint   ] Safepoint "Cleanup", Time since last: 1001349000 ns, Reaching safepoint: 308900 ns, At safepoint: 10100 ns, Total: 319000 ns
[2022-05-02T23:57:44.179+0000][162][safepoint   ] Safepoint "Cleanup", Time since last: 3001563700 ns, Reaching safepoint: 243800 ns, At safepoint: 11200 ns, Total: 255000 ns
[2022-05-02T23:57:46.180+0000][162][safepoint   ] Safepoint "Cleanup", Time since last: 2000789800 ns, Reaching safepoint: 197500 ns, At safepoint: 6100 ns, Total: 203600 ns
[2022-05-02T23:57:49.182+0000][162][safepoint   ] Safepoint "Cleanup", Time since last: 3001021100 ns, Reaching safepoint: 305900 ns, At safepoint: 16400 ns, Total: 322300 ns
[2022-05-02T23:57:50.184+0000][162][safepoint   ] Safepoint "Cleanup", Time since last: 1000857200 ns, Reaching safepoint: 847900 ns, At safepoint: 29000 ns, Total: 876900 ns
[2022-05-02T23:57:51.185+0000][162][safepoint   ] Safepoint "Cleanup", Time since last: 1001241400 ns, Reaching safepoint: 207600 ns, At safepoint: 7300 ns, Total: 214900 ns
[2022-05-02T23:57:54.187+0000][162][safepoint   ] Safepoint "Cleanup", Time since last: 3001436100 ns, Reaching safepoint: 249000 ns, At safepoint: 12200 ns, Total: 261200 ns
[2022-05-02T23:57:56.189+0000][162][safepoint   ] Safepoint "Cleanup", Time since last: 2001170300 ns, Reaching safepoint: 822500 ns, At safepoint: 30000 ns, Total: 852500 ns
[2022-05-02T23:58:04.193+0000][162][safepoint   ] Safepoint "Cleanup", Time since last: 8003695000 ns, Reaching safepoint: 263800 ns, At safepoint: 9300 ns, Total: 273100 ns
[2022-05-02T23:58:07.195+0000][162][safepoint   ] Safepoint "Cleanup", Time since last: 3001432300 ns, Reaching safepoint: 826000 ns, At safepoint: 29200 ns, Total: 855200 ns
[2022-05-02T23:58:09.198+0000][162][safepoint   ] Safepoint "Cleanup", Time since last: 2001984800 ns, Reaching safepoint: 958400 ns, At safepoint: 35400 ns, Total: 993800 ns
[2022-05-02T23:58:10.199+0000][162][safepoint   ] Safepoint "Cleanup", Time since last: 1001151500 ns, Reaching safepoint: 299200 ns, At safepoint: 11900 ns, Total: 311100 ns
[2022-05-02T23:58:11.200+0000][162][safepoint   ] Safepoint "Cleanup", Time since last: 1000634100 ns, Reaching safepoint: 228700 ns, At safepoint: 8000 ns, Total: 236700 ns
[2022-05-02T23:58:14.202+0000][162][safepoint   ] Safepoint "Cleanup", Time since last: 3001217700 ns, Reaching safepoint: 297600 ns, At safepoint: 8700 ns, Total: 306300 ns
[2022-05-02T23:58:16.204+0000][162][safepoint   ] Safepoint "Cleanup", Time since last: 2001152500 ns, Reaching safepoint: 798100 ns, At safepoint: 28700 ns, Total: 826800 ns
[2022-05-02T23:58:19.206+0000][162][safepoint   ] Safepoint "Cleanup", Time since last: 3002088800 ns, Reaching safepoint: 228400 ns, At safepoint: 8200 ns, Total: 236600 ns
[2022-05-02T23:58:20.207+0000][162][safepoint   ] Safepoint "Cleanup", Time since last: 1000749400 ns, Reaching safepoint: 200400 ns, At safepoint: 7500 ns, Total: 207900 ns
[2022-05-02T23:58:21.209+0000][162][safepoint   ] Safepoint "Cleanup", Time since last: 1000871600 ns, Reaching safepoint: 812700 ns, At safepoint: 88700 ns, Total: 901400 ns
[2022-05-02T23:58:24.211+0000][162][safepoint   ] Safepoint "Cleanup", Time since last: 3001824800 ns, Reaching safepoint: 504000 ns, At safepoint: 50300 ns, Total: 554300 ns
[2022-05-02T23:58:26.214+0000][162][safepoint   ] Safepoint "Cleanup", Time since last: 2001288400 ns, Reaching safepoint: 903200 ns, At safepoint: 113400 ns, Total: 1016600 ns
[2022-05-02T23:58:34.217+0000][162][safepoint   ] Safepoint "Cleanup", Time since last: 8003114700 ns, Reaching safepoint: 298800 ns, At safepoint: 10900 ns, Total: 309700 ns
[2022-05-02T23:58:37.219+0000][162][safepoint   ] Safepoint "Cleanup", Time since last: 3001658200 ns, Reaching safepoint: 575700 ns, At safepoint: 20100 ns, Total: 595800 ns
[2022-05-02T23:58:39.221+0000][162][safepoint   ] Safepoint "Cleanup", Time since last: 2001258300 ns, Reaching safepoint: 267900 ns, At safepoint: 10500 ns, Total: 278400 ns
[2022-05-02T23:58:40.223+0000][162][safepoint   ] Safepoint "Cleanup", Time since last: 1000953600 ns, Reaching safepoint: 807700 ns, At safepoint: 27600 ns, Total: 835300 ns
[2022-05-02T23:58:41.225+0000][162][safepoint   ] Safepoint "Cleanup", Time since last: 1001514300 ns, Reaching safepoint: 1005700 ns, At safepoint: 36400 ns, Total: 1042100 ns
[2022-05-02T23:58:44.228+0000][162][safepoint   ] Safepoint "Cleanup", Time since last: 3002215800 ns, Reaching safepoint: 345600 ns, At safepoint: 12200 ns, Total: 357800 ns
[2022-05-02T23:58:46.230+0000][162][safepoint   ] Safepoint "Cleanup", Time since last: 2001366700 ns, Reaching safepoint: 836700 ns, At safepoint: 28300 ns, Total: 865000 ns
[2022-05-02T23:58:49.232+0000][162][safepoint   ] Safepoint "Cleanup", Time since last: 3001738600 ns, Reaching safepoint: 345200 ns, At safepoint: 6800 ns, Total: 352000 ns
[2022-05-02T23:58:50.233+0000][162][safepoint   ] Safepoint "Cleanup", Time since last: 1000450700 ns, Reaching safepoint: 239900 ns, At safepoint: 6000 ns, Total: 245900 ns
[2022-05-02T23:58:51.233+0000][162][safepoint   ] Safepoint "Cleanup", Time since last: 1000514400 ns, Reaching safepoint: 276800 ns, At safepoint: 21200 ns, Total: 298000 ns
[2022-05-02T23:58:54.235+0000][162][safepoint   ] Safepoint "Cleanup", Time since last: 3001193600 ns, Reaching safepoint: 296000 ns, At safepoint: 8800 ns, Total: 304800 ns
[2022-05-02T23:58:56.237+0000][162][safepoint   ] Safepoint "Cleanup", Time since last: 2001087600 ns, Reaching safepoint: 1023200 ns, At safepoint: 37200 ns, Total: 1060400 ns
[2022-05-02T23:59:04.241+0000][162][safepoint   ] Safepoint "Cleanup", Time since last: 8003586400 ns, Reaching safepoint: 244400 ns, At safepoint: 8900 ns, Total: 253300 ns
[2022-05-02T23:59:07.243+0000][162][safepoint   ] Safepoint "Cleanup", Time since last: 3001458900 ns, Reaching safepoint: 836400 ns, At safepoint: 25800 ns, Total: 862200 ns
[2022-05-02T23:59:09.245+0000][162][safepoint   ] Safepoint "Cleanup", Time since last: 2001329300 ns, Reaching safepoint: 278100 ns, At safepoint: 9400 ns, Total: 287500 ns
[2022-05-02T23:59:10.247+0000][162][safepoint   ] Safepoint "Cleanup", Time since last: 1001280500 ns, Reaching safepoint: 807400 ns, At safepoint: 26000 ns, Total: 833400 ns
[2022-05-02T23:59:11.249+0000][162][safepoint   ] Safepoint "Cleanup", Time since last: 1001464100 ns, Reaching safepoint: 958600 ns, At safepoint: 30700 ns, Total: 989300 ns
[2022-05-02T23:59:14.251+0000][162][safepoint   ] Safepoint "Cleanup", Time since last: 3001796700 ns, Reaching safepoint: 184200 ns, At safepoint: 6400 ns, Total: 190600 ns
[2022-05-02T23:59:16.252+0000][162][safepoint   ] Safepoint "Cleanup", Time since last: 2000777100 ns, Reaching safepoint: 218200 ns, At safepoint: 9100 ns, Total: 227300 ns
[2022-05-02T23:59:19.254+0000][162][safepoint   ] Safepoint "Cleanup", Time since last: 3000994100 ns, Reaching safepoint: 198600 ns, At safepoint: 7300 ns, Total: 205900 ns
[2022-05-02T23:59:21.256+0000][162][safepoint   ] Safepoint "Cleanup", Time since last: 2001054000 ns, Reaching safepoint: 879200 ns, At safepoint: 27600 ns, Total: 906800 ns
[2022-05-02T23:59:24.257+0000][162][safepoint   ] Safepoint "Cleanup", Time since last: 3001375200 ns, Reaching safepoint: 231400 ns, At safepoint: 7000 ns, Total: 238400 ns
[2022-05-02T23:59:26.258+0000][162][safepoint   ] Safepoint "Cleanup", Time since last: 2000692800 ns, Reaching safepoint: 252700 ns, At safepoint: 20300 ns, Total: 273000 ns
[2022-05-02T23:59:29.259+0000][162][safepoint   ] Safepoint "Cleanup", Time since last: 3000670700 ns, Reaching safepoint: 181300 ns, At safepoint: 5800 ns, Total: 187100 ns
[2022-05-02T23:59:34.261+0000][162][safepoint   ] Safepoint "Cleanup", Time since last: 5001438900 ns, Reaching safepoint: 201100 ns, At safepoint: 7300 ns, Total: 208400 ns
[2022-05-02T23:59:37.262+0000][162][safepoint   ] Safepoint "Cleanup", Time since last: 3001404700 ns, Reaching safepoint: 228000 ns, At safepoint: 9000 ns, Total: 237000 ns
[2022-05-02T23:59:39.264+0000][162][safepoint   ] Safepoint "Cleanup", Time since last: 2000973800 ns, Reaching safepoint: 203300 ns, At safepoint: 8400 ns, Total: 211700 ns
[2022-05-02T23:59:40.265+0000][162][safepoint   ] Safepoint "Cleanup", Time since last: 1000645100 ns, Reaching safepoint: 1036100 ns, At safepoint: 36800 ns, Total: 1072900 ns
[2022-05-02T23:59:41.267+0000][162][safepoint   ] Safepoint "Cleanup", Time since last: 1001124400 ns, Reaching safepoint: 897600 ns, At safepoint: 29500 ns, Total: 927100 ns
[2022-05-02T23:59:44.270+0000][162][safepoint   ] Safepoint "Cleanup", Time since last: 3001878700 ns, Reaching safepoint: 1178700 ns, At safepoint: 35800 ns, Total: 1214500 ns
[2022-05-02T23:59:46.273+0000][162][safepoint   ] Safepoint "Cleanup", Time since last: 2001675600 ns, Reaching safepoint: 890300 ns, At safepoint: 31500 ns, Total: 921800 ns
[2022-05-02T23:59:49.275+0000][162][safepoint   ] Safepoint "Cleanup", Time since last: 3002093300 ns, Reaching safepoint: 197600 ns, At safepoint: 7400 ns, Total: 205000 ns
[2022-05-02T23:59:51.276+0000][162][safepoint   ] Safepoint "Cleanup", Time since last: 2000806300 ns, Reaching safepoint: 193000 ns, At safepoint: 7300 ns, Total: 200300 ns
[2022-05-02T23:59:54.278+0000][162][safepoint   ] Safepoint "Cleanup", Time since last: 3001090800 ns, Reaching safepoint: 517800 ns, At safepoint: 16800 ns, Total: 534600 ns
[2022-05-02T23:59:56.279+0000][162][safepoint   ] Safepoint "Cleanup", Time since last: 2001198500 ns, Reaching safepoint: 230900 ns, At safepoint: 7900 ns, Total: 238800 ns
[2022-05-03T00:00:00.281+0000][162][safepoint   ] Safepoint "Cleanup", Time since last: 4001727000 ns, Reaching safepoint: 324300 ns, At safepoint: 10600 ns, Total: 334900 ns
[2022-05-03T00:00:01.282+0000][162][safepoint   ] Safepoint "Cleanup", Time since last: 1000697100 ns, Reaching safepoint: 200200 ns, At safepoint: 6100 ns, Total: 206300 ns
[2022-05-03T00:00:04.284+0000][162][safepoint   ] Safepoint "Cleanup", Time since last: 3001170700 ns, Reaching safepoint: 263400 ns, At safepoint: 9500 ns, Total: 272900 ns
[2022-05-03T00:00:07.285+0000][162][safepoint   ] Safepoint "Cleanup", Time since last: 3001093400 ns, Reaching safepoint: 197600 ns, At safepoint: 10100 ns, Total: 207700 ns
[2022-05-03T00:00:09.286+0000][162][safepoint   ] Safepoint "Cleanup", Time since last: 2000688100 ns, Reaching safepoint: 291100 ns, At safepoint: 9400 ns, Total: 300500 ns
[2022-05-03T00:00:10.287+0000][162][safepoint   ] Safepoint "Cleanup", Time since last: 1000651900 ns, Reaching safepoint: 231900 ns, At safepoint: 7900 ns, Total: 239800 ns
[2022-05-03T00:00:11.288+0000][162][safepoint   ] Safepoint "Cleanup", Time since last: 1000814300 ns, Reaching safepoint: 490300 ns, At safepoint: 17400 ns, Total: 507700 ns
[2022-05-03T00:00:14.291+0000][162][safepoint   ] Safepoint "Cleanup", Time since last: 3001548600 ns, Reaching safepoint: 984400 ns, At safepoint: 28800 ns, Total: 1013200 ns
[2022-05-03T00:00:16.293+0000][162][safepoint   ] Safepoint "Cleanup", Time since last: 2001629700 ns, Reaching safepoint: 938300 ns, At safepoint: 36700 ns, Total: 975000 ns
[2022-05-03T00:00:19.295+0000][162][safepoint   ] Safepoint "Cleanup", Time since last: 3001585000 ns, Reaching safepoint: 279100 ns, At safepoint: 9800 ns, Total: 288900 ns
[2022-05-03T00:00:21.296+0000][162][safepoint   ] Safepoint "Cleanup", Time since last: 2000774400 ns, Reaching safepoint: 196100 ns, At safepoint: 7400 ns, Total: 203500 ns
[2022-05-03T00:00:24.298+0000][162][safepoint   ] Safepoint "Cleanup", Time since last: 3000916400 ns, Reaching safepoint: 921900 ns, At safepoint: 29100 ns, Total: 951000 ns
[2022-05-03T00:00:26.300+0000][162][safepoint   ] Safepoint "Cleanup", Time since last: 2001445100 ns, Reaching safepoint: 317000 ns, At safepoint: 13200 ns, Total: 330200 ns
[2022-05-03T00:00:34.303+0000][162][safepoint   ] Safepoint "Cleanup", Time since last: 8002255600 ns, Reaching safepoint: 804500 ns, At safepoint: 26200 ns, Total: 830700 ns
[2022-05-03T00:00:37.305+0000][162][safepoint   ] Safepoint "Cleanup", Time since last: 3001615100 ns, Reaching safepoint: 220500 ns, At safepoint: 8600 ns, Total: 229100 ns
[2022-05-03T00:00:38.306+0000][162][safepoint   ] Safepoint "Cleanup", Time since last: 1000790400 ns, Reaching safepoint: 468600 ns, At safepoint: 18100 ns, Total: 486700 ns
[2022-05-03T00:00:39.307+0000][162][safepoint   ] Safepoint "Cleanup", Time since last: 1000727100 ns, Reaching safepoint: 190100 ns, At safepoint: 6900 ns, Total: 197000 ns
[2022-05-03T00:00:40.308+0000][162][safepoint   ] Safepoint "Cleanup", Time since last: 1000588700 ns, Reaching safepoint: 358500 ns, At safepoint: 12700 ns, Total: 371200 ns
[2022-05-03T00:00:41.309+0000][162][safepoint   ] Safepoint "Cleanup", Time since last: 1000576900 ns, Reaching safepoint: 385900 ns, At safepoint: 20900 ns, Total: 406800 ns
[2022-05-03T00:00:44.310+0000][162][safepoint   ] Safepoint "Cleanup", Time since last: 3000865700 ns, Reaching safepoint: 191500 ns, At safepoint: 7400 ns, Total: 198900 ns
[2022-05-03T00:00:46.311+0000][162][safepoint   ] Safepoint "Cleanup", Time since last: 2000898200 ns, Reaching safepoint: 502000 ns, At safepoint: 17400 ns, Total: 519400 ns
[2022-05-03T00:00:49.313+0000][162][safepoint   ] Safepoint "Cleanup", Time since last: 3001503900 ns, Reaching safepoint: 345100 ns, At safepoint: 11500 ns, Total: 356600 ns
[2022-05-03T00:00:51.315+0000][162][safepoint   ] Safepoint "Cleanup", Time since last: 2001156600 ns, Reaching safepoint: 839800 ns, At safepoint: 29300 ns, Total: 869100 ns
[2022-05-03T00:00:54.318+0000][162][safepoint   ] Safepoint "Cleanup", Time since last: 3001963400 ns, Reaching safepoint: 884400 ns, At safepoint: 41700 ns, Total: 926100 ns
[2022-05-03T00:00:56.321+0000][162][safepoint   ] Safepoint "Cleanup", Time since last: 2001650700 ns, Reaching safepoint: 919600 ns, At safepoint: 29300 ns, Total: 948900 ns
[2022-05-03T00:01:04.178+0000][162][safepoint   ] Safepoint "Cleanup", Time since last: 7856712800 ns, Reaching safepoint: 354500 ns, At safepoint: 9300 ns, Total: 363800 ns
[2022-05-03T00:01:07.179+0000][162][safepoint   ] Safepoint "Cleanup", Time since last: 3000906400 ns, Reaching safepoint: 393800 ns, At safepoint: 15600 ns, Total: 409400 ns
[2022-05-03T00:01:09.180+0000][162][safepoint   ] Safepoint "Cleanup", Time since last: 2000811700 ns, Reaching safepoint: 254100 ns, At safepoint: 6000 ns, Total: 260100 ns
[2022-05-03T00:01:10.182+0000][162][safepoint   ] Safepoint "Cleanup", Time since last: 1000861100 ns, Reaching safepoint: 875100 ns, At safepoint: 30700 ns, Total: 905800 ns
[2022-05-03T00:01:10.454+0000][162][gc,start    ] GC(20) Pause Young (Normal) (G1 Evacuation Pause)
[2022-05-03T00:01:10.454+0000][162][gc,task     ] GC(20) Using 10 workers of 10 for evacuation
[2022-05-03T00:01:10.455+0000][162][gc,age      ] GC(20) Desired survivor size 20971520 bytes, new threshold 15 (max threshold 15)
[2022-05-03T00:01:10.462+0000][162][gc,age      ] GC(20) Age table with threshold 15 (max threshold 15)
[2022-05-03T00:01:10.463+0000][162][gc,age      ] GC(20) - age   1:     818752 bytes,     818752 total
[2022-05-03T00:01:10.463+0000][162][gc,age      ] GC(20) - age   2:    1961720 bytes,    2780472 total
[2022-05-03T00:01:10.463+0000][162][gc,age      ] GC(20) - age   3:    2007792 bytes,    4788264 total
[2022-05-03T00:01:10.463+0000][162][gc,age      ] GC(20) - age   4:    4461296 bytes,    9249560 total
[2022-05-03T00:01:10.464+0000][162][gc,age      ] GC(20) - age   5:    3490856 bytes,   12740416 total
[2022-05-03T00:01:10.464+0000][162][gc,phases   ] GC(20)   Pre Evacuate Collection Set: 0.2ms
[2022-05-03T00:01:10.464+0000][162][gc,phases   ] GC(20)   Merge Heap Roots: 0.3ms
[2022-05-03T00:01:10.465+0000][162][gc,phases   ] GC(20)   Evacuate Collection Set: 4.6ms
[2022-05-03T00:01:10.465+0000][162][gc,phases   ] GC(20)   Post Evacuate Collection Set: 2.2ms
[2022-05-03T00:01:10.465+0000][162][gc,phases   ] GC(20)   Other: 2.9ms
[2022-05-03T00:01:10.465+0000][162][gc,heap     ] GC(20) Eden regions: 72->0(72)
[2022-05-03T00:01:10.466+0000][162][gc,heap     ] GC(20) Survivor regions: 4->4(10)
[2022-05-03T00:01:10.466+0000][162][gc,heap     ] GC(20) Old regions: 17->17
[2022-05-03T00:01:10.466+0000][162][gc,heap     ] GC(20) Archive regions: 2->2
[2022-05-03T00:01:10.466+0000][162][gc,heap     ] GC(20) Humongous regions: 6->6
[2022-05-03T00:01:10.466+0000][162][gc,metaspace] GC(20) Metaspace: 113559K(115328K)->113559K(115328K) NonClass: 98123K(99136K)->98123K(99136K) Class: 15435K(16192K)->15435K(16192K)
[2022-05-03T00:01:10.467+0000][162][gc          ] GC(20) Pause Young (Normal) (G1 Evacuation Pause) 397M->109M(512M) 12.730ms
[2022-05-03T00:01:10.467+0000][162][gc,cpu      ] GC(20) User=0.03s Sys=0.01s Real=0.01s
[2022-05-03T00:01:10.467+0000][162][safepoint   ] Safepoint "G1CollectForAllocation", Time since last: 271446800 ns, Reaching safepoint: 252200 ns, At safepoint: 13163600 ns, Total: 13415800 ns
[2022-05-03T00:01:11.468+0000][162][safepoint   ] Safepoint "Cleanup", Time since last: 1000388500 ns, Reaching safepoint: 378600 ns, At safepoint: 13200 ns, Total: 391800 ns
[2022-05-03T00:01:13.469+0000][162][safepoint   ] Safepoint "Cleanup", Time since last: 2001146200 ns, Reaching safepoint: 314900 ns, At safepoint: 11300 ns, Total: 326200 ns
[2022-05-03T00:01:14.470+0000][162][safepoint   ] Safepoint "Cleanup", Time since last: 1000945000 ns, Reaching safepoint: 311000 ns, At safepoint: 11700 ns, Total: 322700 ns
[2022-05-03T00:01:16.472+0000][162][safepoint   ] Safepoint "Cleanup", Time since last: 2001041900 ns, Reaching safepoint: 214400 ns, At safepoint: 7400 ns, Total: 221800 ns
[2022-05-03T00:01:18.473+0000][162][safepoint   ] Safepoint "Cleanup", Time since last: 2000708000 ns, Reaching safepoint: 246400 ns, At safepoint: 9000 ns, Total: 255400 ns
[2022-05-03T00:01:19.474+0000][162][safepoint   ] Safepoint "Cleanup", Time since last: 1000584700 ns, Reaching safepoint: 231300 ns, At safepoint: 6600 ns, Total: 237900 ns
[2022-05-03T00:01:21.475+0000][162][safepoint   ] Safepoint "Cleanup", Time since last: 2000882000 ns, Reaching safepoint: 911000 ns, At safepoint: 41000 ns, Total: 952000 ns
[2022-05-03T00:01:24.478+0000][162][safepoint   ] Safepoint "Cleanup", Time since last: 3001970400 ns, Reaching safepoint: 338700 ns, At safepoint: 16100 ns, Total: 354800 ns
[2022-05-03T00:01:26.480+0000][162][safepoint   ] Safepoint "Cleanup", Time since last: 2000859700 ns, Reaching safepoint: 1028200 ns, At safepoint: 29700 ns, Total: 1057900 ns
[2022-05-03T00:01:34.483+0000][162][safepoint   ] Safepoint "Cleanup", Time since last: 8002827400 ns, Reaching safepoint: 311600 ns, At safepoint: 12100 ns, Total: 323700 ns
[2022-05-03T00:01:37.484+0000][162][safepoint   ] Safepoint "Cleanup", Time since last: 3001098900 ns, Reaching safepoint: 306200 ns, At safepoint: 12900 ns, Total: 319100 ns
[2022-05-03T00:01:38.486+0000][162][safepoint   ] Safepoint "Cleanup", Time since last: 1000710600 ns, Reaching safepoint: 789800 ns, At safepoint: 27400 ns, Total: 817200 ns
[2022-05-03T00:01:40.488+0000][162][safepoint   ] Safepoint "Cleanup", Time since last: 2001780700 ns, Reaching safepoint: 279600 ns, At safepoint: 10100 ns, Total: 289700 ns
[2022-05-03T00:01:41.490+0000][162][safepoint   ] Safepoint "Cleanup", Time since last: 1000957100 ns, Reaching safepoint: 1097200 ns, At safepoint: 50800 ns, Total: 1148000 ns
[2022-05-03T00:01:43.492+0000][162][safepoint   ] Safepoint "Cleanup", Time since last: 2001612600 ns, Reaching safepoint: 226500 ns, At safepoint: 8100 ns, Total: 234600 ns
[2022-05-03T00:01:44.492+0000][162][safepoint   ] Safepoint "Cleanup", Time since last: 1000521900 ns, Reaching safepoint: 219300 ns, At safepoint: 8400 ns, Total: 227700 ns
[2022-05-03T00:01:46.494+0000][162][safepoint   ] Safepoint "Cleanup", Time since last: 2000871100 ns, Reaching safepoint: 202100 ns, At safepoint: 7300 ns, Total: 209400 ns
[2022-05-03T00:01:48.495+0000][162][safepoint   ] Safepoint "Cleanup", Time since last: 2001047500 ns, Reaching safepoint: 744500 ns, At safepoint: 30400 ns, Total: 774900 ns
[2022-05-03T00:01:49.497+0000][162][safepoint   ] Safepoint "Cleanup", Time since last: 1001382000 ns, Reaching safepoint: 454200 ns, At safepoint: 16300 ns, Total: 470500 ns
[2022-05-03T00:01:51.499+0000][162][safepoint   ] Safepoint "Cleanup", Time since last: 2001066200 ns, Reaching safepoint: 534300 ns, At safepoint: 17200 ns, Total: 551500 ns
[2022-05-03T00:01:54.501+0000][162][safepoint   ] Safepoint "Cleanup", Time since last: 3001540500 ns, Reaching safepoint: 330900 ns, At safepoint: 16400 ns, Total: 347300 ns
[2022-05-03T00:01:56.502+0000][162][safepoint   ] Safepoint "Cleanup", Time since last: 2001067300 ns, Reaching safepoint: 229900 ns, At safepoint: 8500 ns, Total: 238400 ns
[2022-05-03T00:02:04.506+0000][162][safepoint   ] Safepoint "Cleanup", Time since last: 8002712800 ns, Reaching safepoint: 838400 ns, At safepoint: 28800 ns, Total: 867200 ns
[2022-05-03T00:02:07.508+0000][162][safepoint   ] Safepoint "Cleanup", Time since last: 3002209800 ns, Reaching safepoint: 290300 ns, At safepoint: 10100 ns, Total: 300400 ns
[2022-05-03T00:02:08.509+0000][162][safepoint   ] Safepoint "Cleanup", Time since last: 1000793600 ns, Reaching safepoint: 206000 ns, At safepoint: 7400 ns, Total: 213400 ns
[2022-05-03T00:02:09.511+0000][162][safepoint   ] Safepoint "Cleanup", Time since last: 1000657500 ns, Reaching safepoint: 910600 ns, At safepoint: 25900 ns, Total: 936500 ns
[2022-05-03T00:02:10.512+0000][162][safepoint   ] Safepoint "Cleanup", Time since last: 1001169900 ns, Reaching safepoint: 195300 ns, At safepoint: 7100 ns, Total: 202400 ns
[2022-05-03T00:02:11.514+0000][162][safepoint   ] Safepoint "Cleanup", Time since last: 1000674100 ns, Reaching safepoint: 798100 ns, At safepoint: 28300 ns, Total: 826400 ns
[2022-05-03T00:02:13.516+0000][162][safepoint   ] Safepoint "Cleanup", Time since last: 2001887400 ns, Reaching safepoint: 796300 ns, At safepoint: 27400 ns, Total: 823700 ns
[2022-05-03T00:02:14.519+0000][162][safepoint   ] Safepoint "Cleanup", Time since last: 1001520600 ns, Reaching safepoint: 809100 ns, At safepoint: 28900 ns, Total: 838000 ns
[2022-05-03T00:02:16.521+0000][162][safepoint   ] Safepoint "Cleanup", Time since last: 2001558700 ns, Reaching safepoint: 359200 ns, At safepoint: 16300 ns, Total: 375500 ns
[2022-05-03T00:02:18.523+0000][162][safepoint   ] Safepoint "Cleanup", Time since last: 2001193700 ns, Reaching safepoint: 811400 ns, At safepoint: 29400 ns, Total: 840800 ns
[2022-05-03T00:02:19.525+0000][162][safepoint   ] Safepoint "Cleanup", Time since last: 1001379400 ns, Reaching safepoint: 797700 ns, At safepoint: 27900 ns, Total: 825600 ns
[2022-05-03T00:02:21.527+0000][162][safepoint   ] Safepoint "Cleanup", Time since last: 2001775300 ns, Reaching safepoint: 790800 ns, At safepoint: 27900 ns, Total: 818700 ns
[2022-05-03T00:02:23.529+0000][162][safepoint   ] Safepoint "Cleanup", Time since last: 2001605300 ns, Reaching safepoint: 257700 ns, At safepoint: 9400 ns, Total: 267100 ns
[2022-05-03T00:02:24.531+0000][162][safepoint   ] Safepoint "Cleanup", Time since last: 1000851000 ns, Reaching safepoint: 599900 ns, At safepoint: 29800 ns, Total: 629700 ns
[2022-05-03T00:02:26.532+0000][162][safepoint   ] Safepoint "Cleanup", Time since last: 2001352500 ns, Reaching safepoint: 203800 ns, At safepoint: 7400 ns, Total: 211200 ns
[2022-05-03T00:02:28.534+0000][162][safepoint   ] Safepoint "Cleanup", Time since last: 2001008000 ns, Reaching safepoint: 835000 ns, At safepoint: 28300 ns, Total: 863300 ns
[2022-05-03T00:02:34.537+0000][162][safepoint   ] Safepoint "Cleanup", Time since last: 6002373500 ns, Reaching safepoint: 326900 ns, At safepoint: 10200 ns, Total: 337100 ns
[2022-05-03T00:02:36.539+0000][162][safepoint   ] Safepoint "Cleanup", Time since last: 2001124700 ns, Reaching safepoint: 862500 ns, At safepoint: 28900 ns, Total: 891400 ns
[2022-05-03T00:02:38.541+0000][162][safepoint   ] Safepoint "Cleanup", Time since last: 2001447100 ns, Reaching safepoint: 507900 ns, At safepoint: 18800 ns, Total: 526700 ns
[2022-05-03T00:02:40.542+0000][162][safepoint   ] Safepoint "Cleanup", Time since last: 2001336400 ns, Reaching safepoint: 236000 ns, At safepoint: 8900 ns, Total: 244900 ns
[2022-05-03T00:02:41.544+0000][162][safepoint   ] Safepoint "Cleanup", Time since last: 1000848300 ns, Reaching safepoint: 244700 ns, At safepoint: 9400 ns, Total: 254100 ns
[2022-05-03T00:02:43.545+0000][162][safepoint   ] Safepoint "Cleanup", Time since last: 2000894400 ns, Reaching safepoint: 815600 ns, At safepoint: 26800 ns, Total: 842400 ns
[2022-05-03T00:02:44.547+0000][162][safepoint   ] Safepoint "Cleanup", Time since last: 1001192400 ns, Reaching safepoint: 419000 ns, At safepoint: 15600 ns, Total: 434600 ns
[2022-05-03T00:02:46.549+0000][162][safepoint   ] Safepoint "Cleanup", Time since last: 2001217300 ns, Reaching safepoint: 769000 ns, At safepoint: 24000 ns, Total: 793000 ns
[2022-05-03T00:02:48.551+0000][162][safepoint   ] Safepoint "Cleanup", Time since last: 2001663000 ns, Reaching safepoint: 217900 ns, At safepoint: 8000 ns, Total: 225900 ns
[2022-05-03T00:02:49.553+0000][162][safepoint   ] Safepoint "Cleanup", Time since last: 1000828500 ns, Reaching safepoint: 828400 ns, At safepoint: 134600 ns, Total: 963000 ns
[2022-05-03T00:02:51.555+0000][162][safepoint   ] Safepoint "Cleanup", Time since last: 2001947700 ns, Reaching safepoint: 801500 ns, At safepoint: 29200 ns, Total: 830700 ns
[2022-05-03T00:02:54.558+0000][162][safepoint   ] Safepoint "Cleanup", Time since last: 3001889700 ns, Reaching safepoint: 838800 ns, At safepoint: 100500 ns, Total: 939300 ns
[2022-05-03T00:02:56.560+0000][162][safepoint   ] Safepoint "Cleanup", Time since last: 2001707100 ns, Reaching safepoint: 300400 ns, At safepoint: 10200 ns, Total: 310600 ns
[2022-05-03T00:03:04.564+0000][162][safepoint   ] Safepoint "Cleanup", Time since last: 8003239500 ns, Reaching safepoint: 257200 ns, At safepoint: 9500 ns, Total: 266700 ns
[2022-05-03T00:03:06.565+0000][162][safepoint   ] Safepoint "Cleanup", Time since last: 2000977600 ns, Reaching safepoint: 267100 ns, At safepoint: 9200 ns, Total: 276300 ns
[2022-05-03T00:03:08.567+0000][162][safepoint   ] Safepoint "Cleanup", Time since last: 2000765700 ns, Reaching safepoint: 935400 ns, At safepoint: 27100 ns, Total: 962500 ns
[2022-05-03T00:03:10.568+0000][162][safepoint   ] Safepoint "Cleanup", Time since last: 2001342200 ns, Reaching safepoint: 211600 ns, At safepoint: 6800 ns, Total: 218400 ns
[2022-05-03T00:03:11.569+0000][162][safepoint   ] Safepoint "Cleanup", Time since last: 1000716300 ns, Reaching safepoint: 285400 ns, At safepoint: 9600 ns, Total: 295000 ns
[2022-05-03T00:03:13.571+0000][162][safepoint   ] Safepoint "Cleanup", Time since last: 2001052500 ns, Reaching safepoint: 363800 ns, At safepoint: 14200 ns, Total: 378000 ns
[2022-05-03T00:03:14.573+0000][162][safepoint   ] Safepoint "Cleanup", Time since last: 1000947300 ns, Reaching safepoint: 1034500 ns, At safepoint: 30400 ns, Total: 1064900 ns
[2022-05-03T00:03:16.576+0000][162][safepoint   ] Safepoint "Cleanup", Time since last: 2001979900 ns, Reaching safepoint: 791200 ns, At safepoint: 27800 ns, Total: 819000 ns
[2022-05-03T00:03:18.578+0000][162][safepoint   ] Safepoint "Cleanup", Time since last: 2002073100 ns, Reaching safepoint: 787200 ns, At safepoint: 28400 ns, Total: 815600 ns
[2022-05-03T00:03:19.581+0000][162][safepoint   ] Safepoint "Cleanup", Time since last: 1001635000 ns, Reaching safepoint: 820200 ns, At safepoint: 28100 ns, Total: 848300 ns
[2022-05-03T00:03:21.584+0000][162][safepoint   ] Safepoint "Cleanup", Time since last: 2001831700 ns, Reaching safepoint: 780700 ns, At safepoint: 28100 ns, Total: 808800 ns
[2022-05-03T00:03:24.586+0000][162][safepoint   ] Safepoint "Cleanup", Time since last: 3002092800 ns, Reaching safepoint: 445500 ns, At safepoint: 19700 ns, Total: 465200 ns
[2022-05-03T00:03:26.588+0000][162][safepoint   ] Safepoint "Cleanup", Time since last: 2001154400 ns, Reaching safepoint: 197000 ns, At safepoint: 8600 ns, Total: 205600 ns
[2022-05-03T00:03:34.593+0000][162][safepoint   ] Safepoint "Cleanup", Time since last: 8004177700 ns, Reaching safepoint: 802300 ns, At safepoint: 26800 ns, Total: 829100 ns
[2022-05-03T00:03:36.595+0000][162][safepoint   ] Safepoint "Cleanup", Time since last: 2001856100 ns, Reaching safepoint: 204900 ns, At safepoint: 7400 ns, Total: 212300 ns
[2022-05-03T00:03:38.596+0000][162][safepoint   ] Safepoint "Cleanup", Time since last: 2001019100 ns, Reaching safepoint: 222400 ns, At safepoint: 12000 ns, Total: 234400 ns
[2022-05-03T00:03:40.597+0000][162][safepoint   ] Safepoint "Cleanup", Time since last: 2001153100 ns, Reaching safepoint: 349800 ns, At safepoint: 13000 ns, Total: 362800 ns
[2022-05-03T00:03:41.599+0000][162][safepoint   ] Safepoint "Cleanup", Time since last: 1000938100 ns, Reaching safepoint: 239500 ns, At safepoint: 8900 ns, Total: 248400 ns
[2022-05-03T00:03:43.600+0000][162][safepoint   ] Safepoint "Cleanup", Time since last: 2001105600 ns, Reaching safepoint: 201600 ns, At safepoint: 7400 ns, Total: 209000 ns
[2022-05-03T00:03:44.601+0000][162][safepoint   ] Safepoint "Cleanup", Time since last: 1000555300 ns, Reaching safepoint: 181000 ns, At safepoint: 6100 ns, Total: 187100 ns
[2022-05-03T00:03:46.603+0000][162][safepoint   ] Safepoint "Cleanup", Time since last: 2001117900 ns, Reaching safepoint: 792300 ns, At safepoint: 28900 ns, Total: 821200 ns
[2022-05-03T00:03:48.605+0000][162][safepoint   ] Safepoint "Cleanup", Time since last: 2001742100 ns, Reaching safepoint: 804800 ns, At safepoint: 28400 ns, Total: 833200 ns
[2022-05-03T00:03:49.607+0000][162][safepoint   ] Safepoint "Cleanup", Time since last: 1001549200 ns, Reaching safepoint: 795400 ns, At safepoint: 28700 ns, Total: 824100 ns
[2022-05-03T00:03:51.610+0000][162][safepoint   ] Safepoint "Cleanup", Time since last: 2001896400 ns, Reaching safepoint: 220500 ns, At safepoint: 8300 ns, Total: 228800 ns
[2022-05-03T00:03:54.612+0000][162][safepoint   ] Safepoint "Cleanup", Time since last: 3001528800 ns, Reaching safepoint: 794500 ns, At safepoint: 28200 ns, Total: 822700 ns
[2022-05-03T00:03:56.615+0000][162][safepoint   ] Safepoint "Cleanup", Time since last: 2001891500 ns, Reaching safepoint: 841300 ns, At safepoint: 166900 ns, Total: 1008200 ns
[2022-05-03T00:04:04.619+0000][162][safepoint   ] Safepoint "Cleanup", Time since last: 8003492900 ns, Reaching safepoint: 197300 ns, At safepoint: 7000 ns, Total: 204300 ns
[2022-05-03T00:04:06.620+0000][162][safepoint   ] Safepoint "Cleanup", Time since last: 2001011200 ns, Reaching safepoint: 193400 ns, At safepoint: 6400 ns, Total: 199800 ns
[2022-05-03T00:04:08.622+0000][162][safepoint   ] Safepoint "Cleanup", Time since last: 2000954200 ns, Reaching safepoint: 815500 ns, At safepoint: 28300 ns, Total: 843800 ns
[2022-05-03T00:04:10.624+0000][162][safepoint   ] Safepoint "Cleanup", Time since last: 2001838900 ns, Reaching safepoint: 792600 ns, At safepoint: 27700 ns, Total: 820300 ns
[2022-05-03T00:04:11.626+0000][162][safepoint   ] Safepoint "Cleanup", Time since last: 1001479900 ns, Reaching safepoint: 212800 ns, At safepoint: 8000 ns, Total: 220800 ns
[2022-05-03T00:04:13.628+0000][162][safepoint   ] Safepoint "Cleanup", Time since last: 2000997700 ns, Reaching safepoint: 793600 ns, At safepoint: 87200 ns, Total: 880800 ns
[2022-05-03T00:04:14.629+0000][162][safepoint   ] Safepoint "Cleanup", Time since last: 1001098400 ns, Reaching safepoint: 285700 ns, At safepoint: 11800 ns, Total: 297500 ns
[2022-05-03T00:04:16.631+0000][162][safepoint   ] Safepoint "Cleanup", Time since last: 2001191300 ns, Reaching safepoint: 796900 ns, At safepoint: 28200 ns, Total: 825100 ns
[2022-05-03T00:04:18.634+0000][162][safepoint   ] Safepoint "Cleanup", Time since last: 2001858200 ns, Reaching safepoint: 789300 ns, At safepoint: 27800 ns, Total: 817100 ns
[2022-05-03T00:04:19.636+0000][162][safepoint   ] Safepoint "Cleanup", Time since last: 1001545300 ns, Reaching safepoint: 792700 ns, At safepoint: 27400 ns, Total: 820100 ns
[2022-05-03T00:04:21.638+0000][162][safepoint   ] Safepoint "Cleanup", Time since last: 2001656600 ns, Reaching safepoint: 427200 ns, At safepoint: 18000 ns, Total: 445200 ns
[2022-05-03T00:04:24.641+0000][162][safepoint   ] Safepoint "Cleanup", Time since last: 3001284300 ns, Reaching safepoint: 929000 ns, At safepoint: 26900 ns, Total: 955900 ns
[2022-05-03T00:04:26.643+0000][162][safepoint   ] Safepoint "Cleanup", Time since last: 2001706300 ns, Reaching safepoint: 840800 ns, At safepoint: 83700 ns, Total: 924500 ns
[2022-05-03T00:04:34.647+0000][162][safepoint   ] Safepoint "Cleanup", Time since last: 8003362200 ns, Reaching safepoint: 827000 ns, At safepoint: 26600 ns, Total: 853600 ns
[2022-05-03T00:04:36.649+0000][162][safepoint   ] Safepoint "Cleanup", Time since last: 2001648000 ns, Reaching safepoint: 312500 ns, At safepoint: 11200 ns, Total: 323700 ns
[2022-05-03T00:04:38.651+0000][162][safepoint   ] Safepoint "Cleanup", Time since last: 2001010000 ns, Reaching safepoint: 314000 ns, At safepoint: 10200 ns, Total: 324200 ns
[2022-05-03T00:04:40.653+0000][162][safepoint   ] Safepoint "Cleanup", Time since last: 2001779000 ns, Reaching safepoint: 825900 ns, At safepoint: 68600 ns, Total: 894500 ns
[2022-05-03T00:04:41.655+0000][162][safepoint   ] Safepoint "Cleanup", Time since last: 1001357600 ns, Reaching safepoint: 269300 ns, At safepoint: 9400 ns, Total: 278700 ns
[2022-05-03T00:04:43.657+0000][162][safepoint   ] Safepoint "Cleanup", Time since last: 2001282700 ns, Reaching safepoint: 803200 ns, At safepoint: 30100 ns, Total: 833300 ns
[2022-05-03T00:04:44.660+0000][162][safepoint   ] Safepoint "Cleanup", Time since last: 1001514700 ns, Reaching safepoint: 799500 ns, At safepoint: 28300 ns, Total: 827800 ns
[2022-05-03T00:04:46.662+0000][162][safepoint   ] Safepoint "Cleanup", Time since last: 2001914700 ns, Reaching safepoint: 227200 ns, At safepoint: 8700 ns, Total: 235900 ns
[2022-05-03T00:04:48.664+0000][162][safepoint   ] Safepoint "Cleanup", Time since last: 2000921900 ns, Reaching safepoint: 871400 ns, At safepoint: 34300 ns, Total: 905700 ns
[2022-05-03T00:04:49.666+0000][162][safepoint   ] Safepoint "Cleanup", Time since last: 1001511200 ns, Reaching safepoint: 897600 ns, At safepoint: 35100 ns, Total: 932700 ns
[2022-05-03T00:04:51.668+0000][162][safepoint   ] Safepoint "Cleanup", Time since last: 2001543600 ns, Reaching safepoint: 318000 ns, At safepoint: 10400 ns, Total: 328400 ns
[2022-05-03T00:04:54.669+0000][162][safepoint   ] Safepoint "Cleanup", Time since last: 3001056900 ns, Reaching safepoint: 351700 ns, At safepoint: 12600 ns, Total: 364300 ns
[2022-05-03T00:04:56.671+0000][162][safepoint   ] Safepoint "Cleanup", Time since last: 2001009700 ns, Reaching safepoint: 865200 ns, At safepoint: 39000 ns, Total: 904200 ns
[2022-05-03T00:05:04.675+0000][162][safepoint   ] Safepoint "Cleanup", Time since last: 8003145200 ns, Reaching safepoint: 247900 ns, At safepoint: 9100 ns, Total: 257000 ns
[2022-05-03T00:05:06.676+0000][162][safepoint   ] Safepoint "Cleanup", Time since last: 2000988600 ns, Reaching safepoint: 215200 ns, At safepoint: 7700 ns, Total: 222900 ns
[2022-05-03T00:05:08.677+0000][162][safepoint   ] Safepoint "Cleanup", Time since last: 2000774400 ns, Reaching safepoint: 199500 ns, At safepoint: 6500 ns, Total: 206000 ns
[2022-05-03T00:05:09.678+0000][162][safepoint   ] Safepoint "Cleanup", Time since last: 1000670800 ns, Reaching safepoint: 213700 ns, At safepoint: 7600 ns, Total: 221300 ns
[2022-05-03T00:05:10.679+0000][162][safepoint   ] Safepoint "Cleanup", Time since last: 1000839800 ns, Reaching safepoint: 209300 ns, At safepoint: 8100 ns, Total: 217400 ns
[2022-05-03T00:05:11.680+0000][162][safepoint   ] Safepoint "Cleanup", Time since last: 1000758500 ns, Reaching safepoint: 211200 ns, At safepoint: 7800 ns, Total: 219000 ns
[2022-05-03T00:05:13.682+0000][162][safepoint   ] Safepoint "Cleanup", Time since last: 2001314000 ns, Reaching safepoint: 786800 ns, At safepoint: 28300 ns, Total: 815100 ns
[2022-05-03T00:05:14.683+0000][162][safepoint   ] Safepoint "Cleanup", Time since last: 1001270600 ns, Reaching safepoint: 343700 ns, At safepoint: 10700 ns, Total: 354400 ns
[2022-05-03T00:05:16.684+0000][162][safepoint   ] Safepoint "Cleanup", Time since last: 2000640400 ns, Reaching safepoint: 261200 ns, At safepoint: 6300 ns, Total: 267500 ns
[2022-05-03T00:05:18.685+0000][162][safepoint   ] Safepoint "Cleanup", Time since last: 2000738900 ns, Reaching safepoint: 282000 ns, At safepoint: 6300 ns, Total: 288300 ns
[2022-05-03T00:05:19.686+0000][162][safepoint   ] Safepoint "Cleanup", Time since last: 1000500700 ns, Reaching safepoint: 249000 ns, At safepoint: 6200 ns, Total: 255200 ns
[2022-05-03T00:05:21.687+0000][162][safepoint   ] Safepoint "Cleanup", Time since last: 2000699300 ns, Reaching safepoint: 220200 ns, At safepoint: 6300 ns, Total: 226500 ns
[2022-05-03T00:05:24.688+0000][162][safepoint   ] Safepoint "Cleanup", Time since last: 3000780300 ns, Reaching safepoint: 311900 ns, At safepoint: 7600 ns, Total: 319500 ns
[2022-05-03T00:05:26.689+0000][162][safepoint   ] Safepoint "Cleanup", Time since last: 2000741000 ns, Reaching safepoint: 294500 ns, At safepoint: 30100 ns, Total: 324600 ns
[2022-05-03T00:05:34.691+0000][162][safepoint   ] Safepoint "Cleanup", Time since last: 8001557100 ns, Reaching safepoint: 311000 ns, At safepoint: 6600 ns, Total: 317600 ns
[2022-05-03T00:05:36.692+0000][162][safepoint   ] Safepoint "Cleanup", Time since last: 2000584500 ns, Reaching safepoint: 222100 ns, At safepoint: 25200 ns, Total: 247300 ns
[2022-05-03T00:05:38.693+0000][162][safepoint   ] Safepoint "Cleanup", Time since last: 2000652800 ns, Reaching safepoint: 386400 ns, At safepoint: 8400 ns, Total: 394800 ns
[2022-05-03T00:05:39.694+0000][162][safepoint   ] Safepoint "Cleanup", Time since last: 1000504100 ns, Reaching safepoint: 283400 ns, At safepoint: 33800 ns, Total: 317200 ns
[2022-05-03T00:05:40.695+0000][162][safepoint   ] Safepoint "Cleanup", Time since last: 1000585100 ns, Reaching safepoint: 290500 ns, At safepoint: 20800 ns, Total: 311300 ns
[2022-05-03T00:05:41.696+0000][162][safepoint   ] Safepoint "Cleanup", Time since last: 1000525900 ns, Reaching safepoint: 270900 ns, At safepoint: 6100 ns, Total: 277000 ns
[2022-05-03T00:05:42.696+0000][162][safepoint   ] Safepoint "Cleanup", Time since last: 1000558200 ns, Reaching safepoint: 281400 ns, At safepoint: 8300 ns, Total: 289700 ns
[2022-05-03T00:05:43.697+0000][162][safepoint   ] Safepoint "Cleanup", Time since last: 1000477100 ns, Reaching safepoint: 262700 ns, At safepoint: 7000 ns, Total: 269700 ns
[2022-05-03T00:05:44.698+0000][162][safepoint   ] Safepoint "Cleanup", Time since last: 1000575400 ns, Reaching safepoint: 267000 ns, At safepoint: 6000 ns, Total: 273000 ns
[2022-05-03T00:05:46.699+0000][162][safepoint   ] Safepoint "Cleanup", Time since last: 2000574600 ns, Reaching safepoint: 308800 ns, At safepoint: 6200 ns, Total: 315000 ns
[2022-05-03T00:05:49.700+0000][162][safepoint   ] Safepoint "Cleanup", Time since last: 3000785300 ns, Reaching safepoint: 344800 ns, At safepoint: 6700 ns, Total: 351500 ns
[2022-05-03T00:06:00.702+0000][162][safepoint   ] Safepoint "Cleanup", Time since last: 11001885200 ns, Reaching safepoint: 341900 ns, At safepoint: 7000 ns, Total: 348900 ns
[2022-05-03T00:06:10.704+0000][162][safepoint   ] Safepoint "Cleanup", Time since last: 10001731200 ns, Reaching safepoint: 276100 ns, At safepoint: 8600 ns, Total: 284700 ns
[2022-05-03T00:06:13.705+0000][162][safepoint   ] Safepoint "Cleanup", Time since last: 3000685900 ns, Reaching safepoint: 281600 ns, At safepoint: 8100 ns, Total: 289700 ns
[2022-05-03T00:06:16.706+0000][162][safepoint   ] Safepoint "Cleanup", Time since last: 3000744300 ns, Reaching safepoint: 288100 ns, At safepoint: 6100 ns, Total: 294200 ns
[2022-05-03T00:06:28.709+0000][162][safepoint   ] Safepoint "Cleanup", Time since last: 12002014600 ns, Reaching safepoint: 270700 ns, At safepoint: 31700 ns, Total: 302400 ns
[2022-05-03T00:06:30.710+0000][162][safepoint   ] Safepoint "Cleanup", Time since last: 2000647400 ns, Reaching safepoint: 326900 ns, At safepoint: 26600 ns, Total: 353500 ns
[2022-05-03T00:06:34.711+0000][162][safepoint   ] Safepoint "Cleanup", Time since last: 4001072200 ns, Reaching safepoint: 238900 ns, At safepoint: 6200 ns, Total: 245100 ns
[2022-05-03T00:06:40.712+0000][162][safepoint   ] Safepoint "Cleanup", Time since last: 6001199000 ns, Reaching safepoint: 216700 ns, At safepoint: 26000 ns, Total: 242700 ns
[2022-05-03T00:06:44.713+0000][162][safepoint   ] Safepoint "Cleanup", Time since last: 4000915400 ns, Reaching safepoint: 205400 ns, At safepoint: 25500 ns, Total: 230900 ns
[2022-05-03T00:06:53.715+0000][162][safepoint   ] Safepoint "Cleanup", Time since last: 9001685000 ns, Reaching safepoint: 271800 ns, At safepoint: 5900 ns, Total: 277700 ns
[2022-05-03T00:07:06.718+0000][162][safepoint   ] Safepoint "Cleanup", Time since last: 13002226900 ns, Reaching safepoint: 232100 ns, At safepoint: 31200 ns, Total: 263300 ns
[2022-05-03T00:07:07.719+0000][162][safepoint   ] Safepoint "Cleanup", Time since last: 1000557300 ns, Reaching safepoint: 362100 ns, At safepoint: 11100 ns, Total: 373200 ns
[2022-05-03T00:07:10.720+0000][162][safepoint   ] Safepoint "Cleanup", Time since last: 3000793000 ns, Reaching safepoint: 278400 ns, At safepoint: 22700 ns, Total: 301100 ns
[2022-05-03T00:07:13.721+0000][162][safepoint   ] Safepoint "Cleanup", Time since last: 3000781400 ns, Reaching safepoint: 366800 ns, At safepoint: 8400 ns, Total: 375200 ns
[2022-05-03T00:07:36.725+0000][162][safepoint   ] Safepoint "Cleanup", Time since last: 23003560600 ns, Reaching safepoint: 329200 ns, At safepoint: 11200 ns, Total: 340400 ns
[2022-05-03T00:07:40.726+0000][162][safepoint   ] Safepoint "Cleanup", Time since last: 4000981800 ns, Reaching safepoint: 388900 ns, At safepoint: 8000 ns, Total: 396900 ns
[2022-05-03T00:07:44.728+0000][162][safepoint   ] Safepoint "Cleanup", Time since last: 4000987700 ns, Reaching safepoint: 316300 ns, At safepoint: 28300 ns, Total: 344600 ns
[2022-05-03T00:08:06.734+0000][162][safepoint   ] Safepoint "Cleanup", Time since last: 22004828100 ns, Reaching safepoint: 1088200 ns, At safepoint: 28000 ns, Total: 1116200 ns
[2022-05-03T00:08:10.737+0000][162][safepoint   ] Safepoint "Cleanup", Time since last: 4002783300 ns, Reaching safepoint: 818500 ns, At safepoint: 28700 ns, Total: 847200 ns
[2022-05-03T00:08:13.739+0000][162][safepoint   ] Safepoint "Cleanup", Time since last: 3001700700 ns, Reaching safepoint: 200900 ns, At safepoint: 7500 ns, Total: 208400 ns
[2022-05-03T00:08:39.749+0000][162][safepoint   ] Safepoint "Cleanup", Time since last: 26009257900 ns, Reaching safepoint: 978000 ns, At safepoint: 36900 ns, Total: 1014900 ns
[2022-05-03T00:08:40.752+0000][162][safepoint   ] Safepoint "Cleanup", Time since last: 1001355000 ns, Reaching safepoint: 824200 ns, At safepoint: 29200 ns, Total: 853400 ns
[2022-05-03T00:08:44.755+0000][162][safepoint   ] Safepoint "Cleanup", Time since last: 4002870900 ns, Reaching safepoint: 809000 ns, At safepoint: 28100 ns, Total: 837100 ns
[2022-05-03T00:09:10.764+0000][162][safepoint   ] Safepoint "Cleanup", Time since last: 26008340500 ns, Reaching safepoint: 177800 ns, At safepoint: 6200 ns, Total: 184000 ns
[2022-05-03T00:09:13.765+0000][162][safepoint   ] Safepoint "Cleanup", Time since last: 3000656900 ns, Reaching safepoint: 227900 ns, At safepoint: 11700 ns, Total: 239600 ns
[2022-05-03T00:09:14.765+0000][162][safepoint   ] Safepoint "Cleanup", Time since last: 1000393400 ns, Reaching safepoint: 246400 ns, At safepoint: 21800 ns, Total: 268200 ns
[2022-05-03T00:09:16.766+0000][162][safepoint   ] Safepoint "Cleanup", Time since last: 2000641400 ns, Reaching safepoint: 259300 ns, At safepoint: 9500 ns, Total: 268800 ns
[2022-05-03T00:09:23.769+0000][162][safepoint   ] Safepoint "Cleanup", Time since last: 7001497200 ns, Reaching safepoint: 870100 ns, At safepoint: 33000 ns, Total: 903100 ns
[2022-05-03T00:09:40.776+0000][162][safepoint   ] Safepoint "Cleanup", Time since last: 17006403300 ns, Reaching safepoint: 880600 ns, At safepoint: 28000 ns, Total: 908600 ns
[2022-05-03T00:09:44.780+0000][162][safepoint   ] Safepoint "Cleanup", Time since last: 4002656300 ns, Reaching safepoint: 931200 ns, At safepoint: 33600 ns, Total: 964800 ns
[2022-05-03T00:10:06.789+0000][162][safepoint   ] Safepoint "Cleanup", Time since last: 22008265100 ns, Reaching safepoint: 833200 ns, At safepoint: 28700 ns, Total: 861900 ns
[2022-05-03T00:10:13.792+0000][162][safepoint   ] Safepoint "Cleanup", Time since last: 7002832100 ns, Reaching safepoint: 280800 ns, At safepoint: 10000 ns, Total: 290800 ns
[2022-05-03T00:10:23.796+0000][162][safepoint   ] Safepoint "Cleanup", Time since last: 10004275800 ns, Reaching safepoint: 218000 ns, At safepoint: 8900 ns, Total: 226900 ns
[2022-05-03T00:10:40.803+0000][162][safepoint   ] Safepoint "Cleanup", Time since last: 17005411200 ns, Reaching safepoint: 841900 ns, At safepoint: 32100 ns, Total: 874000 ns
[2022-05-03T00:10:41.805+0000][162][safepoint   ] Safepoint "Cleanup", Time since last: 1001505600 ns, Reaching safepoint: 799200 ns, At safepoint: 28900 ns, Total: 828100 ns
[2022-05-03T00:10:44.808+0000][162][safepoint   ] Safepoint "Cleanup", Time since last: 3002019300 ns, Reaching safepoint: 890800 ns, At safepoint: 33500 ns, Total: 924300 ns
[2022-05-03T00:10:54.813+0000][162][safepoint   ] Safepoint "Cleanup", Time since last: 10004272200 ns, Reaching safepoint: 317500 ns, At safepoint: 21000 ns, Total: 338500 ns
[2022-05-03T00:11:06.446+0000][162][safepoint   ] Safepoint "Cleanup", Time since last: 11633243800 ns, Reaching safepoint: 313300 ns, At safepoint: 44200 ns, Total: 357500 ns
[2022-05-03T00:11:07.448+0000][162][safepoint   ] Safepoint "Cleanup", Time since last: 1000653900 ns, Reaching safepoint: 786000 ns, At safepoint: 28400 ns, Total: 814400 ns
[2022-05-03T00:11:09.450+0000][162][safepoint   ] Safepoint "Cleanup", Time since last: 2001671100 ns, Reaching safepoint: 844100 ns, At safepoint: 81600 ns, Total: 925700 ns
[2022-05-03T00:11:10.452+0000][162][safepoint   ] Safepoint "Cleanup", Time since last: 1001371900 ns, Reaching safepoint: 808400 ns, At safepoint: 27000 ns, Total: 835400 ns
[2022-05-03T00:11:12.455+0000][162][safepoint   ] Safepoint "Cleanup", Time since last: 2001760400 ns, Reaching safepoint: 801100 ns, At safepoint: 28100 ns, Total: 829200 ns
[2022-05-03T00:11:13.458+0000][162][safepoint   ] Safepoint "Cleanup", Time since last: 1001618200 ns, Reaching safepoint: 837200 ns, At safepoint: 29200 ns, Total: 866400 ns
[2022-05-03T00:11:14.460+0000][162][safepoint   ] Safepoint "Cleanup", Time since last: 1001631400 ns, Reaching safepoint: 805200 ns, At safepoint: 85300 ns, Total: 890500 ns
[2022-05-03T00:11:29.466+0000][162][safepoint   ] Safepoint "Cleanup", Time since last: 15005502100 ns, Reaching safepoint: 404900 ns, At safepoint: 21600 ns, Total: 426500 ns
[2022-05-03T00:11:39.470+0000][162][safepoint   ] Safepoint "Cleanup", Time since last: 10003248900 ns, Reaching safepoint: 944800 ns, At safepoint: 33200 ns, Total: 978000 ns
[2022-05-03T00:11:41.473+0000][162][safepoint   ] Safepoint "Cleanup", Time since last: 2001785500 ns, Reaching safepoint: 936400 ns, At safepoint: 29300 ns, Total: 965700 ns
[2022-05-03T00:12:05.481+0000][162][safepoint   ] Safepoint "Cleanup", Time since last: 24007393100 ns, Reaching safepoint: 333100 ns, At safepoint: 6100 ns, Total: 339200 ns
[2022-05-03T00:12:06.482+0000][162][safepoint   ] Safepoint "Cleanup", Time since last: 1000519300 ns, Reaching safepoint: 288400 ns, At safepoint: 9800 ns, Total: 298200 ns
[2022-05-03T00:12:07.482+0000][162][safepoint   ] Safepoint "Cleanup", Time since last: 1000566800 ns, Reaching safepoint: 251600 ns, At safepoint: 30300 ns, Total: 281900 ns
[2022-05-03T00:12:11.484+0000][162][safepoint   ] Safepoint "Cleanup", Time since last: 4001024700 ns, Reaching safepoint: 234000 ns, At safepoint: 6600 ns, Total: 240600 ns
[2022-05-03T00:12:13.485+0000][162][safepoint   ] Safepoint "Cleanup", Time since last: 2000628300 ns, Reaching safepoint: 340600 ns, At safepoint: 9100 ns, Total: 349700 ns
[2022-05-03T00:12:14.485+0000][162][safepoint   ] Safepoint "Cleanup", Time since last: 1000599300 ns, Reaching safepoint: 244300 ns, At safepoint: 22300 ns, Total: 266600 ns
[2022-05-03T00:12:41.490+0000][162][safepoint   ] Safepoint "Cleanup", Time since last: 27004029000 ns, Reaching safepoint: 355900 ns, At safepoint: 7800 ns, Total: 363700 ns
[2022-05-03T00:12:54.492+0000][162][safepoint   ] Safepoint "Cleanup", Time since last: 13002172000 ns, Reaching safepoint: 286400 ns, At safepoint: 19300 ns, Total: 305700 ns
[2022-05-03T00:13:11.032+0000][162][gc,start    ] GC(21) Pause Young (Normal) (G1 Evacuation Pause)
[2022-05-03T00:13:11.032+0000][162][gc,task     ] GC(21) Using 10 workers of 10 for evacuation
[2022-05-03T00:13:11.032+0000][162][gc,age      ] GC(21) Desired survivor size 20971520 bytes, new threshold 15 (max threshold 15)
[2022-05-03T00:13:11.042+0000][162][gc,age      ] GC(21) Age table with threshold 15 (max threshold 15)
[2022-05-03T00:13:11.042+0000][162][gc,age      ] GC(21) - age   1:     916616 bytes,     916616 total
[2022-05-03T00:13:11.043+0000][162][gc,age      ] GC(21) - age   2:     295744 bytes,    1212360 total
[2022-05-03T00:13:11.043+0000][162][gc,age      ] GC(21) - age   3:    1960296 bytes,    3172656 total
[2022-05-03T00:13:11.043+0000][162][gc,age      ] GC(21) - age   4:    2006464 bytes,    5179120 total
[2022-05-03T00:13:11.044+0000][162][gc,age      ] GC(21) - age   5:    4460784 bytes,    9639904 total
[2022-05-03T00:13:11.044+0000][162][gc,age      ] GC(21) - age   6:    3490560 bytes,   13130464 total
[2022-05-03T00:13:11.044+0000][162][gc,phases   ] GC(21)   Pre Evacuate Collection Set: 0.3ms
[2022-05-03T00:13:11.045+0000][162][gc,phases   ] GC(21)   Merge Heap Roots: 0.2ms
[2022-05-03T00:13:11.045+0000][162][gc,phases   ] GC(21)   Evacuate Collection Set: 5.9ms
[2022-05-03T00:13:11.046+0000][162][gc,phases   ] GC(21)   Post Evacuate Collection Set: 2.7ms
[2022-05-03T00:13:11.046+0000][162][gc,phases   ] GC(21)   Other: 3.9ms
[2022-05-03T00:13:11.046+0000][162][gc,heap     ] GC(21) Eden regions: 72->0(72)
[2022-05-03T00:13:11.047+0000][162][gc,heap     ] GC(21) Survivor regions: 4->4(10)
[2022-05-03T00:13:11.047+0000][162][gc,heap     ] GC(21) Old regions: 17->17
[2022-05-03T00:13:11.047+0000][162][gc,heap     ] GC(21) Archive regions: 2->2
[2022-05-03T00:13:11.048+0000][162][gc,heap     ] GC(21) Humongous regions: 6->6
[2022-05-03T00:13:11.048+0000][162][gc,metaspace] GC(21) Metaspace: 114112K(115904K)->114112K(115904K) NonClass: 98674K(99712K)->98674K(99712K) Class: 15437K(16192K)->15437K(16192K)
[2022-05-03T00:13:11.048+0000][162][gc          ] GC(21) Pause Young (Normal) (G1 Evacuation Pause) 397M->109M(512M) 16.724ms
[2022-05-03T00:13:11.049+0000][162][gc,cpu      ] GC(21) User=0.04s Sys=0.01s Real=0.01s
[2022-05-03T00:13:11.049+0000][162][safepoint   ] Safepoint "G1CollectForAllocation", Time since last: 16538903500 ns, Reaching safepoint: 272100 ns, At safepoint: 17522800 ns, Total: 17794900 ns
[2022-05-03T00:13:14.050+0000][162][safepoint   ] Safepoint "Cleanup", Time since last: 3000750900 ns, Reaching safepoint: 262600 ns, At safepoint: 6600 ns, Total: 269200 ns
[2022-05-03T00:13:24.052+0000][162][safepoint   ] Safepoint "Cleanup", Time since last: 10001707100 ns, Reaching safepoint: 274400 ns, At safepoint: 5900 ns, Total: 280300 ns
[2022-05-03T00:13:41.055+0000][162][safepoint   ] Safepoint "Cleanup", Time since last: 17002624900 ns, Reaching safepoint: 247400 ns, At safepoint: 24700 ns, Total: 272100 ns
[2022-05-03T00:13:44.056+0000][162][safepoint   ] Safepoint "Cleanup", Time since last: 3000755200 ns, Reaching safepoint: 341600 ns, At safepoint: 8400 ns, Total: 350000 ns
[2022-05-03T00:13:55.058+0000][162][safepoint   ] Safepoint "Cleanup", Time since last: 11001731100 ns, Reaching safepoint: 259400 ns, At safepoint: 6800 ns, Total: 266200 ns
[2022-05-03T00:14:10.061+0000][162][safepoint   ] Safepoint "Cleanup", Time since last: 15002574900 ns, Reaching safepoint: 396000 ns, At safepoint: 22100 ns, Total: 418100 ns
[2022-05-03T00:14:11.062+0000][162][safepoint   ] Safepoint "Cleanup", Time since last: 1000560300 ns, Reaching safepoint: 263100 ns, At safepoint: 6500 ns, Total: 269600 ns
[2022-05-03T00:14:14.063+0000][162][safepoint   ] Safepoint "Cleanup", Time since last: 3000811700 ns, Reaching safepoint: 347600 ns, At safepoint: 6000 ns, Total: 353600 ns
[2022-05-03T00:14:27.066+0000][162][safepoint   ] Safepoint "Cleanup", Time since last: 13002143600 ns, Reaching safepoint: 331600 ns, At safepoint: 7400 ns, Total: 339000 ns
[2022-05-03T00:14:35.067+0000][162][safepoint   ] Safepoint "Cleanup", Time since last: 8001426000 ns, Reaching safepoint: 338800 ns, At safepoint: 8600 ns, Total: 347400 ns
[2022-05-03T00:14:39.069+0000][162][safepoint   ] Safepoint "Cleanup", Time since last: 4001001400 ns, Reaching safepoint: 297300 ns, At safepoint: 7900 ns, Total: 305200 ns
[2022-05-03T00:14:40.070+0000][162][safepoint   ] Safepoint "Cleanup", Time since last: 1000637600 ns, Reaching safepoint: 282000 ns, At safepoint: 7000 ns, Total: 289000 ns
[2022-05-03T00:14:41.070+0000][162][safepoint   ] Safepoint "Cleanup", Time since last: 1000546200 ns, Reaching safepoint: 329000 ns, At safepoint: 22700 ns, Total: 351700 ns
[2022-05-03T00:15:09.079+0000][162][safepoint   ] Safepoint "Cleanup", Time since last: 28007649100 ns, Reaching safepoint: 917300 ns, At safepoint: 34700 ns, Total: 952000 ns
[2022-05-03T00:15:10.081+0000][162][safepoint   ] Safepoint "Cleanup", Time since last: 1001604600 ns, Reaching safepoint: 786400 ns, At safepoint: 28300 ns, Total: 814700 ns
[2022-05-03T00:15:11.083+0000][162][safepoint   ] Safepoint "Cleanup", Time since last: 1001501600 ns, Reaching safepoint: 243900 ns, At safepoint: 8700 ns, Total: 252600 ns
[2022-05-03T00:15:14.086+0000][162][safepoint   ] Safepoint "Cleanup", Time since last: 3001747600 ns, Reaching safepoint: 801100 ns, At safepoint: 28300 ns, Total: 829400 ns
[2022-05-03T00:15:37.095+0000][162][safepoint   ] Safepoint "Cleanup", Time since last: 23008164200 ns, Reaching safepoint: 978600 ns, At safepoint: 42800 ns, Total: 1021400 ns
[2022-05-03T00:15:42.098+0000][162][safepoint   ] Safepoint "Cleanup", Time since last: 5002524300 ns, Reaching safepoint: 267600 ns, At safepoint: 9200 ns, Total: 276800 ns
[2022-05-03T00:16:14.106+0000][162][safepoint   ] Safepoint "Cleanup", Time since last: 32008272300 ns, Reaching safepoint: 254800 ns, At safepoint: 6200 ns, Total: 261000 ns
[2022-05-03T00:16:23.826+0000][162][safepoint   ] Safepoint "Cleanup", Time since last: 9718963500 ns, Reaching safepoint: 306000 ns, At safepoint: 17000 ns, Total: 323000 ns
[2022-05-03T00:16:24.837+0000][162][safepoint   ] Safepoint "Cleanup", Time since last: 1011035200 ns, Reaching safepoint: 343600 ns, At safepoint: 6500 ns, Total: 350100 ns
[2022-05-03T00:16:28.838+0000][162][safepoint   ] Safepoint "Cleanup", Time since last: 4000907100 ns, Reaching safepoint: 291800 ns, At safepoint: 6700 ns, Total: 298500 ns
[2022-05-03T00:16:34.840+0000][162][safepoint   ] Safepoint "Cleanup", Time since last: 6001121600 ns, Reaching safepoint: 299500 ns, At safepoint: 6600 ns, Total: 306100 ns
[2022-05-03T00:16:40.841+0000][162][safepoint   ] Safepoint "Cleanup", Time since last: 6001210500 ns, Reaching safepoint: 394600 ns, At safepoint: 8000 ns, Total: 402600 ns
[2022-05-03T00:16:41.842+0000][162][safepoint   ] Safepoint "Cleanup", Time since last: 1000468500 ns, Reaching safepoint: 323700 ns, At safepoint: 8500 ns, Total: 332200 ns
[2022-05-03T00:16:43.843+0000][162][safepoint   ] Safepoint "Cleanup", Time since last: 2000649900 ns, Reaching safepoint: 206900 ns, At safepoint: 6000 ns, Total: 212900 ns
[2022-05-03T00:16:44.844+0000][162][safepoint   ] Safepoint "Cleanup", Time since last: 1000517600 ns, Reaching safepoint: 308100 ns, At safepoint: 8500 ns, Total: 316600 ns
[2022-05-03T00:16:45.844+0000][162][safepoint   ] Safepoint "Cleanup", Time since last: 1000500300 ns, Reaching safepoint: 234700 ns, At safepoint: 6200 ns, Total: 240900 ns
[2022-05-03T00:16:49.846+0000][162][safepoint   ] Safepoint "Cleanup", Time since last: 4000873400 ns, Reaching safepoint: 290300 ns, At safepoint: 22400 ns, Total: 312700 ns
[2022-05-03T00:16:51.847+0000][162][safepoint   ] Safepoint "Cleanup", Time since last: 2000677300 ns, Reaching safepoint: 380200 ns, At safepoint: 9000 ns, Total: 389200 ns
[2022-05-03T00:17:00.849+0000][162][safepoint   ] Safepoint "Cleanup", Time since last: 9001540900 ns, Reaching safepoint: 359200 ns, At safepoint: 8300 ns, Total: 367500 ns
[2022-05-03T00:17:06.850+0000][162][safepoint   ] Safepoint "Cleanup", Time since last: 6001139300 ns, Reaching safepoint: 224100 ns, At safepoint: 31600 ns, Total: 255700 ns
[2022-05-03T00:17:10.851+0000][162][safepoint   ] Safepoint "Cleanup", Time since last: 4000875800 ns, Reaching safepoint: 279200 ns, At safepoint: 31800 ns, Total: 311000 ns
[2022-05-03T00:17:13.852+0000][162][safepoint   ] Safepoint "Cleanup", Time since last: 3000788800 ns, Reaching safepoint: 316700 ns, At safepoint: 22700 ns, Total: 339400 ns
[2022-05-03T00:17:14.853+0000][162][safepoint   ] Safepoint "Cleanup", Time since last: 1000510600 ns, Reaching safepoint: 270100 ns, At safepoint: 22100 ns, Total: 292200 ns
[2022-05-03T00:17:19.855+0000][162][safepoint   ] Safepoint "Cleanup", Time since last: 5001119600 ns, Reaching safepoint: 359800 ns, At safepoint: 7900 ns, Total: 367700 ns
[2022-05-03T00:17:20.855+0000][162][safepoint   ] Safepoint "Cleanup", Time since last: 1000458500 ns, Reaching safepoint: 257200 ns, At safepoint: 6700 ns, Total: 263900 ns
[2022-05-03T00:17:21.856+0000][162][safepoint   ] Safepoint "Cleanup", Time since last: 1000500400 ns, Reaching safepoint: 265000 ns, At safepoint: 5700 ns, Total: 270700 ns
[2022-05-03T00:17:26.857+0000][162][safepoint   ] Safepoint "Cleanup", Time since last: 5001016900 ns, Reaching safepoint: 287700 ns, At safepoint: 9700 ns, Total: 297400 ns
[2022-05-03T00:17:28.853+0000][162][safepoint   ] Safepoint "Cleanup", Time since last: 1995662500 ns, Reaching safepoint: 272800 ns, At safepoint: 28500 ns, Total: 301300 ns
[2022-05-03T00:17:32.855+0000][162][safepoint   ] Safepoint "Cleanup", Time since last: 4000973600 ns, Reaching safepoint: 235000 ns, At safepoint: 27600 ns, Total: 262600 ns
[2022-05-03T00:17:33.855+0000][162][safepoint   ] Safepoint "Cleanup", Time since last: 1000495100 ns, Reaching safepoint: 231300 ns, At safepoint: 7800 ns, Total: 239100 ns
[2022-05-03T00:17:34.856+0000][162][safepoint   ] Safepoint "Cleanup", Time since last: 1000555500 ns, Reaching safepoint: 263100 ns, At safepoint: 6900 ns, Total: 270000 ns
[2022-05-03T00:17:40.858+0000][162][safepoint   ] Safepoint "Cleanup", Time since last: 6001204000 ns, Reaching safepoint: 247200 ns, At safepoint: 7600 ns, Total: 254800 ns
[2022-05-03T00:17:41.858+0000][162][safepoint   ] Safepoint "Cleanup", Time since last: 1000528600 ns, Reaching safepoint: 215200 ns, At safepoint: 28700 ns, Total: 243900 ns
[2022-05-03T00:17:54.861+0000][162][safepoint   ] Safepoint "Cleanup", Time since last: 13002074500 ns, Reaching safepoint: 355400 ns, At safepoint: 7100 ns, Total: 362500 ns
[2022-05-03T00:18:10.864+0000][162][safepoint   ] Safepoint "Cleanup", Time since last: 16002546700 ns, Reaching safepoint: 256200 ns, At safepoint: 7100 ns, Total: 263300 ns
[2022-05-03T00:18:33.867+0000][162][safepoint   ] Safepoint "Cleanup", Time since last: 23003452500 ns, Reaching safepoint: 343400 ns, At safepoint: 14800 ns, Total: 358200 ns
[2022-05-03T00:18:43.870+0000][162][safepoint   ] Safepoint "Cleanup", Time since last: 10001731300 ns, Reaching safepoint: 346100 ns, At safepoint: 7800 ns, Total: 353900 ns
[2022-05-03T00:18:45.871+0000][162][safepoint   ] Safepoint "Cleanup", Time since last: 2000767700 ns, Reaching safepoint: 400400 ns, At safepoint: 9700 ns, Total: 410100 ns
[2022-05-03T00:19:04.874+0000][162][safepoint   ] Safepoint "Cleanup", Time since last: 19002977300 ns, Reaching safepoint: 306800 ns, At safepoint: 9100 ns, Total: 315900 ns
[2022-05-03T00:19:05.875+0000][162][safepoint   ] Safepoint "Cleanup", Time since last: 1000596900 ns, Reaching safepoint: 240800 ns, At safepoint: 6600 ns, Total: 247400 ns
[2022-05-03T00:19:06.876+0000][162][safepoint   ] Safepoint "Cleanup", Time since last: 1000470600 ns, Reaching safepoint: 297300 ns, At safepoint: 8600 ns, Total: 305900 ns
[2022-05-03T00:19:10.877+0000][162][safepoint   ] Safepoint "Cleanup", Time since last: 4000905100 ns, Reaching safepoint: 246600 ns, At safepoint: 6500 ns, Total: 253100 ns
[2022-05-03T00:19:13.878+0000][162][safepoint   ] Safepoint "Cleanup", Time since last: 3000816900 ns, Reaching safepoint: 268000 ns, At safepoint: 32400 ns, Total: 300400 ns
[2022-05-03T00:19:21.880+0000][162][safepoint   ] Safepoint "Cleanup", Time since last: 8001457900 ns, Reaching safepoint: 316400 ns, At safepoint: 7400 ns, Total: 323800 ns
[2022-05-03T00:19:36.883+0000][162][safepoint   ] Safepoint "Cleanup", Time since last: 15002447400 ns, Reaching safepoint: 314400 ns, At safepoint: 22500 ns, Total: 336900 ns
[2022-05-03T00:19:40.884+0000][162][safepoint   ] Safepoint "Cleanup", Time since last: 4001018700 ns, Reaching safepoint: 258400 ns, At safepoint: 6200 ns, Total: 264600 ns
[2022-05-03T00:20:10.888+0000][162][safepoint   ] Safepoint "Cleanup", Time since last: 30004388100 ns, Reaching safepoint: 249100 ns, At safepoint: 6600 ns, Total: 255700 ns
[2022-05-03T00:20:13.343+0000][162][safepoint   ] Safepoint "Cleanup", Time since last: 2454058100 ns, Reaching safepoint: 378500 ns, At safepoint: 70900 ns, Total: 449400 ns
[2022-05-03T00:20:14.344+0000][162][safepoint   ] Safepoint "Cleanup", Time since last: 1000454100 ns, Reaching safepoint: 294900 ns, At safepoint: 6400 ns, Total: 301300 ns
[2022-05-03T00:20:35.064+0000][162][safepoint   ] Safepoint "Cleanup", Time since last: 20719754200 ns, Reaching safepoint: 313300 ns, At safepoint: 8600 ns, Total: 321900 ns
[2022-05-03T00:20:41.065+0000][162][safepoint   ] Safepoint "Cleanup", Time since last: 6001252300 ns, Reaching safepoint: 237400 ns, At safepoint: 8900 ns, Total: 246300 ns
[2022-05-03T00:20:44.066+0000][162][safepoint   ] Safepoint "Cleanup", Time since last: 3000663900 ns, Reaching safepoint: 260300 ns, At safepoint: 9600 ns, Total: 269900 ns
[2022-05-03T00:21:07.070+0000][162][safepoint   ] Safepoint "Cleanup", Time since last: 23003305100 ns, Reaching safepoint: 532700 ns, At safepoint: 9200 ns, Total: 541900 ns
[2022-05-03T00:21:10.071+0000][162][safepoint   ] Safepoint "Cleanup", Time since last: 3000765000 ns, Reaching safepoint: 347800 ns, At safepoint: 7500 ns, Total: 355300 ns
[2022-05-03T00:21:14.072+0000][162][safepoint   ] Safepoint "Cleanup", Time since last: 4000872600 ns, Reaching safepoint: 400900 ns, At safepoint: 9900 ns, Total: 410800 ns
[2022-05-03T00:22:05.079+0000][162][safepoint   ] Safepoint "Cleanup", Time since last: 51006631000 ns, Reaching safepoint: 326600 ns, At safepoint: 9100 ns, Total: 335700 ns
[2022-05-03T00:22:14.081+0000][162][safepoint   ] Safepoint "Cleanup", Time since last: 9001282100 ns, Reaching safepoint: 228900 ns, At safepoint: 8000 ns, Total: 236900 ns
[2022-05-03T00:22:25.083+0000][162][safepoint   ] Safepoint "Cleanup", Time since last: 11001429700 ns, Reaching safepoint: 398700 ns, At safepoint: 11400 ns, Total: 410100 ns
[2022-05-03T00:22:40.085+0000][162][safepoint   ] Safepoint "Cleanup", Time since last: 15001692200 ns, Reaching safepoint: 274600 ns, At safepoint: 10100 ns, Total: 284700 ns
[2022-05-03T00:22:41.085+0000][162][safepoint   ] Safepoint "Cleanup", Time since last: 1000344700 ns, Reaching safepoint: 217000 ns, At safepoint: 9500 ns, Total: 226500 ns
[2022-05-03T00:22:44.086+0000][162][safepoint   ] Safepoint "Cleanup", Time since last: 3000519400 ns, Reaching safepoint: 239500 ns, At safepoint: 12200 ns, Total: 251700 ns
[2022-05-03T00:22:55.088+0000][162][safepoint   ] Safepoint "Cleanup", Time since last: 11001407500 ns, Reaching safepoint: 201700 ns, At safepoint: 10300 ns, Total: 212000 ns
[2022-05-03T00:23:11.090+0000][162][safepoint   ] Safepoint "Cleanup", Time since last: 16002081700 ns, Reaching safepoint: 202800 ns, At safepoint: 7700 ns, Total: 210500 ns
[2022-05-03T00:23:14.091+0000][162][safepoint   ] Safepoint "Cleanup", Time since last: 3000691700 ns, Reaching safepoint: 205700 ns, At safepoint: 8700 ns, Total: 214400 ns
[2022-05-03T00:23:41.095+0000][162][safepoint   ] Safepoint "Cleanup", Time since last: 27003445500 ns, Reaching safepoint: 275000 ns, At safepoint: 9500 ns, Total: 284500 ns
[2022-05-03T00:23:55.097+0000][162][safepoint   ] Safepoint "Cleanup", Time since last: 14002315600 ns, Reaching safepoint: 186400 ns, At safepoint: 6500 ns, Total: 192900 ns
[2022-05-03T00:24:05.099+0000][162][safepoint   ] Safepoint "Cleanup", Time since last: 10001665800 ns, Reaching safepoint: 521100 ns, At safepoint: 34500 ns, Total: 555600 ns
[2022-05-03T00:24:07.100+0000][162][safepoint   ] Safepoint "Cleanup", Time since last: 2000669200 ns, Reaching safepoint: 210300 ns, At safepoint: 8300 ns, Total: 218600 ns
[2022-05-03T00:24:11.101+0000][162][safepoint   ] Safepoint "Cleanup", Time since last: 4000887600 ns, Reaching safepoint: 205600 ns, At safepoint: 7100 ns, Total: 212700 ns
[2022-05-03T00:24:16.072+0000][162][gc,start    ] GC(22) Pause Young (Normal) (G1 Evacuation Pause)
[2022-05-03T00:24:16.072+0000][162][gc,task     ] GC(22) Using 10 workers of 10 for evacuation
[2022-05-03T00:24:16.073+0000][162][gc,age      ] GC(22) Desired survivor size 20971520 bytes, new threshold 15 (max threshold 15)
[2022-05-03T00:24:16.100+0000][162][gc,age      ] GC(22) Age table with threshold 15 (max threshold 15)
[2022-05-03T00:24:16.100+0000][162][gc,age      ] GC(22) - age   1:    2172800 bytes,    2172800 total
[2022-05-03T00:24:16.101+0000][162][gc,age      ] GC(22) - age   2:      85880 bytes,    2258680 total
[2022-05-03T00:24:16.101+0000][162][gc,age      ] GC(22) - age   3:     284552 bytes,    2543232 total
[2022-05-03T00:24:16.101+0000][162][gc,age      ] GC(22) - age   4:    1852736 bytes,    4395968 total
[2022-05-03T00:24:16.102+0000][162][gc,age      ] GC(22) - age   5:    2005528 bytes,    6401496 total
[2022-05-03T00:24:16.102+0000][162][gc,age      ] GC(22) - age   6:    4459776 bytes,   10861272 total
[2022-05-03T00:24:16.102+0000][162][gc,age      ] GC(22) - age   7:    3489952 bytes,   14351224 total
[2022-05-03T00:24:16.102+0000][162][gc,phases   ] GC(22)   Pre Evacuate Collection Set: 0.9ms
[2022-05-03T00:24:16.102+0000][162][gc,phases   ] GC(22)   Merge Heap Roots: 0.4ms
[2022-05-03T00:24:16.102+0000][162][gc,phases   ] GC(22)   Evacuate Collection Set: 21.9ms
[2022-05-03T00:24:16.102+0000][162][gc,phases   ] GC(22)   Post Evacuate Collection Set: 3.6ms
[2022-05-03T00:24:16.103+0000][162][gc,phases   ] GC(22)   Other: 3.5ms
[2022-05-03T00:24:16.103+0000][162][gc,heap     ] GC(22) Eden regions: 72->0(72)
[2022-05-03T00:24:16.103+0000][162][gc,heap     ] GC(22) Survivor regions: 4->4(10)
[2022-05-03T00:24:16.103+0000][162][gc,heap     ] GC(22) Old regions: 17->17
[2022-05-03T00:24:16.103+0000][162][gc,heap     ] GC(22) Archive regions: 2->2
[2022-05-03T00:24:16.103+0000][162][gc,heap     ] GC(22) Humongous regions: 6->6
[2022-05-03T00:24:16.103+0000][162][gc,metaspace] GC(22) Metaspace: 115230K(116928K)->115230K(116928K) NonClass: 99682K(100672K)->99682K(100672K) Class: 15548K(16256K)->15548K(16256K)
[2022-05-03T00:24:16.103+0000][162][gc          ] GC(22) Pause Young (Normal) (G1 Evacuation Pause) 397M->110M(512M) 31.372ms
[2022-05-03T00:24:16.104+0000][162][gc,cpu      ] GC(22) User=0.23s Sys=0.00s Real=0.03s
[2022-05-03T00:24:16.104+0000][162][safepoint   ] Safepoint "G1CollectForAllocation", Time since last: 4970266800 ns, Reaching safepoint: 268000 ns, At safepoint: 31751400 ns, Total: 32019400 ns
[2022-05-03T00:24:35.107+0000][162][safepoint   ] Safepoint "Cleanup", Time since last: 19002677900 ns, Reaching safepoint: 382600 ns, At safepoint: 14400 ns, Total: 397000 ns
[2022-05-03T00:24:46.109+0000][162][safepoint   ] Safepoint "Cleanup", Time since last: 11001847900 ns, Reaching safepoint: 298500 ns, At safepoint: 8400 ns, Total: 306900 ns
[2022-05-03T00:25:14.113+0000][162][safepoint   ] Safepoint "Cleanup", Time since last: 28003884300 ns, Reaching safepoint: 325100 ns, At safepoint: 16800 ns, Total: 341900 ns
[2022-05-03T00:25:19.114+0000][162][safepoint   ] Safepoint "Cleanup", Time since last: 5001084300 ns, Reaching safepoint: 210400 ns, At safepoint: 8600 ns, Total: 219000 ns
[2022-05-03T00:25:34.117+0000][162][safepoint   ] Safepoint "Cleanup", Time since last: 15002329200 ns, Reaching safepoint: 256700 ns, At safepoint: 22800 ns, Total: 279500 ns
[2022-05-03T00:25:41.119+0000][162][safepoint   ] Safepoint "Cleanup", Time since last: 7001355600 ns, Reaching safepoint: 314100 ns, At safepoint: 6900 ns, Total: 321000 ns
[2022-05-03T00:25:44.120+0000][162][safepoint   ] Safepoint "Cleanup", Time since last: 3000654300 ns, Reaching safepoint: 252700 ns, At safepoint: 12100 ns, Total: 264800 ns
[2022-05-03T00:25:45.120+0000][162][safepoint   ] Safepoint "Cleanup", Time since last: 1000463300 ns, Reaching safepoint: 270200 ns, At safepoint: 8700 ns, Total: 278900 ns
[2022-05-03T00:25:51.122+0000][162][safepoint   ] Safepoint "Cleanup", Time since last: 6001115800 ns, Reaching safepoint: 364300 ns, At safepoint: 26600 ns, Total: 390900 ns
[2022-05-03T00:25:53.469+0000][162][safepoint   ] Safepoint "Cleanup", Time since last: 2347370900 ns, Reaching safepoint: 210900 ns, At safepoint: 9800 ns, Total: 220700 ns
[2022-05-03T00:25:54.470+0000][162][safepoint   ] Safepoint "Cleanup", Time since last: 1000402500 ns, Reaching safepoint: 205300 ns, At safepoint: 8400 ns, Total: 213700 ns
[2022-05-03T00:25:56.471+0000][162][safepoint   ] Safepoint "Cleanup", Time since last: 2000595600 ns, Reaching safepoint: 263500 ns, At safepoint: 14200 ns, Total: 277700 ns
[2022-05-03T00:25:59.472+0000][162][safepoint   ] Safepoint "Cleanup", Time since last: 3000726900 ns, Reaching safepoint: 259100 ns, At safepoint: 6600 ns, Total: 265700 ns
[2022-05-03T00:26:13.474+0000][162][safepoint   ] Safepoint "Cleanup", Time since last: 14002079100 ns, Reaching safepoint: 238400 ns, At safepoint: 14700 ns, Total: 253100 ns
[2022-05-03T00:26:21.476+0000][162][safepoint   ] Safepoint "Cleanup", Time since last: 8001194800 ns, Reaching safepoint: 233500 ns, At safepoint: 11600 ns, Total: 245100 ns
[2022-05-03T00:26:41.479+0000][162][safepoint   ] Safepoint "Cleanup", Time since last: 20002847800 ns, Reaching safepoint: 295100 ns, At safepoint: 28000 ns, Total: 323100 ns
[2022-05-03T00:26:44.480+0000][162][safepoint   ] Safepoint "Cleanup", Time since last: 3000647700 ns, Reaching safepoint: 440700 ns, At safepoint: 36100 ns, Total: 476800 ns
[2022-05-03T00:27:00.483+0000][162][safepoint   ] Safepoint "Cleanup", Time since last: 16002557500 ns, Reaching safepoint: 425900 ns, At safepoint: 13400 ns, Total: 439300 ns
[2022-05-03T00:27:04.484+0000][162][safepoint   ] Safepoint "Cleanup", Time since last: 4000986600 ns, Reaching safepoint: 294200 ns, At safepoint: 6400 ns, Total: 300600 ns
[2022-05-03T00:27:31.489+0000][162][safepoint   ] Safepoint "Cleanup", Time since last: 27003928700 ns, Reaching safepoint: 463000 ns, At safepoint: 27400 ns, Total: 490400 ns
[2022-05-03T00:27:40.491+0000][162][safepoint   ] Safepoint "Cleanup", Time since last: 9001640800 ns, Reaching safepoint: 324700 ns, At safepoint: 31700 ns, Total: 356400 ns
[2022-05-03T00:27:41.491+0000][162][safepoint   ] Safepoint "Cleanup", Time since last: 1000444200 ns, Reaching safepoint: 201600 ns, At safepoint: 11600 ns, Total: 213200 ns
[2022-05-03T00:28:03.495+0000][162][safepoint   ] Safepoint "Cleanup", Time since last: 22003408700 ns, Reaching safepoint: 364600 ns, At safepoint: 19800 ns, Total: 384400 ns
[2022-05-03T00:28:07.497+0000][162][safepoint   ] Safepoint "Cleanup", Time since last: 4001029900 ns, Reaching safepoint: 297100 ns, At safepoint: 24400 ns, Total: 321500 ns
[2022-05-03T00:28:10.497+0000][162][safepoint   ] Safepoint "Cleanup", Time since last: 3000727100 ns, Reaching safepoint: 246400 ns, At safepoint: 7400 ns, Total: 253800 ns
[2022-05-03T00:28:11.498+0000][162][safepoint   ] Safepoint "Cleanup", Time since last: 1000588100 ns, Reaching safepoint: 261900 ns, At safepoint: 9400 ns, Total: 271300 ns
[2022-05-03T00:28:13.499+0000][162][safepoint   ] Safepoint "Cleanup", Time since last: 2000765300 ns, Reaching safepoint: 265800 ns, At safepoint: 7900 ns, Total: 273700 ns
[2022-05-03T00:28:24.501+0000][162][safepoint   ] Safepoint "Cleanup", Time since last: 11001807900 ns, Reaching safepoint: 276500 ns, At safepoint: 8800 ns, Total: 285300 ns
[2022-05-03T00:28:30.503+0000][162][safepoint   ] Safepoint "Cleanup", Time since last: 6001221700 ns, Reaching safepoint: 282000 ns, At safepoint: 7500 ns, Total: 289500 ns
[2022-05-03T00:28:31.504+0000][162][safepoint   ] Safepoint "Cleanup", Time since last: 1000529000 ns, Reaching safepoint: 209500 ns, At safepoint: 10100 ns, Total: 219600 ns
[2022-05-03T00:28:36.505+0000][162][safepoint   ] Safepoint "Cleanup", Time since last: 5001141100 ns, Reaching safepoint: 216200 ns, At safepoint: 39400 ns, Total: 255600 ns
[2022-05-03T00:28:37.506+0000][162][safepoint   ] Safepoint "Cleanup", Time since last: 1000615900 ns, Reaching safepoint: 408100 ns, At safepoint: 12200 ns, Total: 420300 ns
[2022-05-03T00:29:11.512+0000][162][safepoint   ] Safepoint "Cleanup", Time since last: 34005076000 ns, Reaching safepoint: 316400 ns, At safepoint: 32700 ns, Total: 349100 ns
[2022-05-03T00:29:29.515+0000][162][safepoint   ] Safepoint "Cleanup", Time since last: 18002844000 ns, Reaching safepoint: 237000 ns, At safepoint: 8400 ns, Total: 245400 ns
[2022-05-03T00:29:30.515+0000][162][safepoint   ] Safepoint "Cleanup", Time since last: 1000519700 ns, Reaching safepoint: 224100 ns, At safepoint: 9100 ns, Total: 233200 ns
[2022-05-03T00:29:34.517+0000][162][safepoint   ] Safepoint "Cleanup", Time since last: 4000886900 ns, Reaching safepoint: 269600 ns, At safepoint: 8200 ns, Total: 277800 ns
[2022-05-03T00:29:41.518+0000][162][safepoint   ] Safepoint "Cleanup", Time since last: 7001463200 ns, Reaching safepoint: 215800 ns, At safepoint: 6900 ns, Total: 222700 ns
[2022-05-03T00:29:44.519+0000][162][safepoint   ] Safepoint "Cleanup", Time since last: 3000915300 ns, Reaching safepoint: 221300 ns, At safepoint: 7700 ns, Total: 229000 ns
[2022-05-03T00:30:10.524+0000][162][safepoint   ] Safepoint "Cleanup", Time since last: 26003766600 ns, Reaching safepoint: 316200 ns, At safepoint: 8500 ns, Total: 324700 ns
[2022-05-03T00:30:11.524+0000][162][safepoint   ] Safepoint "Cleanup", Time since last: 1000488600 ns, Reaching safepoint: 254700 ns, At safepoint: 8200 ns, Total: 262900 ns
[2022-05-03T00:30:13.525+0000][162][safepoint   ] Safepoint "Cleanup", Time since last: 2000754400 ns, Reaching safepoint: 264600 ns, At safepoint: 10300 ns, Total: 274900 ns
[2022-05-03T00:30:14.526+0000][162][safepoint   ] Safepoint "Cleanup", Time since last: 1000588900 ns, Reaching safepoint: 311200 ns, At safepoint: 24800 ns, Total: 336000 ns
[2022-05-03T00:30:41.531+0000][162][safepoint   ] Safepoint "Cleanup", Time since last: 27004160500 ns, Reaching safepoint: 279300 ns, At safepoint: 11700 ns, Total: 291000 ns
[2022-05-03T00:31:06.535+0000][162][safepoint   ] Safepoint "Cleanup", Time since last: 25003672500 ns, Reaching safepoint: 191800 ns, At safepoint: 8900 ns, Total: 200700 ns
[2022-05-03T00:31:07.535+0000][162][safepoint   ] Safepoint "Cleanup", Time since last: 1000443300 ns, Reaching safepoint: 190700 ns, At safepoint: 7500 ns, Total: 198200 ns
[2022-05-03T00:31:09.536+0000][162][safepoint   ] Safepoint "Cleanup", Time since last: 2000632900 ns, Reaching safepoint: 238800 ns, At safepoint: 10800 ns, Total: 249600 ns
[2022-05-03T00:31:10.537+0000][162][safepoint   ] Safepoint "Cleanup", Time since last: 1000504000 ns, Reaching safepoint: 278100 ns, At safepoint: 9000 ns, Total: 287100 ns
[2022-05-03T00:31:11.538+0000][162][safepoint   ] Safepoint "Cleanup", Time since last: 1000538700 ns, Reaching safepoint: 251800 ns, At safepoint: 7300 ns, Total: 259100 ns
[2022-05-03T00:31:13.539+0000][162][safepoint   ] Safepoint "Cleanup", Time since last: 2000635400 ns, Reaching safepoint: 335500 ns, At safepoint: 15100 ns, Total: 350600 ns
[2022-05-03T00:31:44.543+0000][162][safepoint   ] Safepoint "Cleanup", Time since last: 31004455700 ns, Reaching safepoint: 225400 ns, At safepoint: 8300 ns, Total: 233700 ns
[2022-05-03T00:32:04.547+0000][162][safepoint   ] Safepoint "Cleanup", Time since last: 20003242600 ns, Reaching safepoint: 290100 ns, At safepoint: 60200 ns, Total: 350300 ns
[2022-05-03T00:32:07.548+0000][162][safepoint   ] Safepoint "Cleanup", Time since last: 3001015600 ns, Reaching safepoint: 274900 ns, At safepoint: 11500 ns, Total: 286400 ns
[2022-05-03T00:32:13.550+0000][162][safepoint   ] Safepoint "Cleanup", Time since last: 6001296500 ns, Reaching safepoint: 282500 ns, At safepoint: 43400 ns, Total: 325900 ns
[2022-05-03T00:32:14.551+0000][162][safepoint   ] Safepoint "Cleanup", Time since last: 1000559000 ns, Reaching safepoint: 279200 ns, At safepoint: 8800 ns, Total: 288000 ns
[2022-05-03T00:32:41.555+0000][162][safepoint   ] Safepoint "Cleanup", Time since last: 27003845500 ns, Reaching safepoint: 303600 ns, At safepoint: 25900 ns, Total: 329500 ns
[2022-05-03T00:32:49.557+0000][162][safepoint   ] Safepoint "Cleanup", Time since last: 8001395100 ns, Reaching safepoint: 239200 ns, At safepoint: 6600 ns, Total: 245800 ns
[2022-05-03T00:33:11.560+0000][162][safepoint   ] Safepoint "Cleanup", Time since last: 22002896600 ns, Reaching safepoint: 314000 ns, At safepoint: 11000 ns, Total: 325000 ns
[2022-05-03T00:33:13.561+0000][162][safepoint   ] Safepoint "Cleanup", Time since last: 2000657100 ns, Reaching safepoint: 268900 ns, At safepoint: 36100 ns, Total: 305000 ns
[2022-05-03T00:33:14.561+0000][162][safepoint   ] Safepoint "Cleanup", Time since last: 1000461300 ns, Reaching safepoint: 302200 ns, At safepoint: 9200 ns, Total: 311400 ns
[2022-05-03T00:33:41.565+0000][162][safepoint   ] Safepoint "Cleanup", Time since last: 27003482700 ns, Reaching safepoint: 263300 ns, At safepoint: 7200 ns, Total: 270500 ns
[2022-05-03T00:34:11.570+0000][162][safepoint   ] Safepoint "Cleanup", Time since last: 30004122900 ns, Reaching safepoint: 275000 ns, At safepoint: 8400 ns, Total: 283400 ns
[2022-05-03T00:34:13.570+0000][162][safepoint   ] Safepoint "Cleanup", Time since last: 2000540300 ns, Reaching safepoint: 193900 ns, At safepoint: 8000 ns, Total: 201900 ns
[2022-05-03T00:35:13.579+0000][162][safepoint   ] Safepoint "Cleanup", Time since last: 60007964500 ns, Reaching safepoint: 252100 ns, At safepoint: 8100 ns, Total: 260200 ns
[2022-05-03T00:35:41.583+0000][162][safepoint   ] Safepoint "Cleanup", Time since last: 28003636700 ns, Reaching safepoint: 254000 ns, At safepoint: 22300 ns, Total: 276300 ns
[2022-05-03T00:35:44.583+0000][162][safepoint   ] Safepoint "Cleanup", Time since last: 3000577700 ns, Reaching safepoint: 207700 ns, At safepoint: 8600 ns, Total: 216300 ns
[2022-05-03T00:36:09.587+0000][162][safepoint   ] Safepoint "Cleanup", Time since last: 25003396000 ns, Reaching safepoint: 251000 ns, At safepoint: 11900 ns, Total: 262900 ns
[2022-05-03T00:36:13.588+0000][162][safepoint   ] Safepoint "Cleanup", Time since last: 4000775700 ns, Reaching safepoint: 378100 ns, At safepoint: 12900 ns, Total: 391000 ns
[2022-05-03T00:36:21.590+0000][162][safepoint   ] Safepoint "Cleanup", Time since last: 8001221500 ns, Reaching safepoint: 236900 ns, At safepoint: 10300 ns, Total: 247200 ns
[2022-05-03T00:36:36.592+0000][162][safepoint   ] Safepoint "Cleanup", Time since last: 15002131100 ns, Reaching safepoint: 266700 ns, At safepoint: 10400 ns, Total: 277100 ns
[2022-05-03T00:36:38.593+0000][162][safepoint   ] Safepoint "Cleanup", Time since last: 2000677400 ns, Reaching safepoint: 250900 ns, At safepoint: 9100 ns, Total: 260000 ns
[2022-05-03T00:36:40.662+0000][162][gc,start    ] GC(23) Pause Young (Normal) (G1 Evacuation Pause)
[2022-05-03T00:36:40.662+0000][162][gc,task     ] GC(23) Using 10 workers of 10 for evacuation
[2022-05-03T00:36:40.662+0000][162][gc,age      ] GC(23) Desired survivor size 20971520 bytes, new threshold 15 (max threshold 15)
[2022-05-03T00:36:40.676+0000][162][gc,age      ] GC(23) Age table with threshold 15 (max threshold 15)
[2022-05-03T00:36:40.676+0000][162][gc,age      ] GC(23) - age   1:     746896 bytes,     746896 total
[2022-05-03T00:36:40.676+0000][162][gc,age      ] GC(23) - age   2:     958080 bytes,    1704976 total
[2022-05-03T00:36:40.677+0000][162][gc,age      ] GC(23) - age   3:      77920 bytes,    1782896 total
[2022-05-03T00:36:40.677+0000][162][gc,age      ] GC(23) - age   4:     284048 bytes,    2066944 total
[2022-05-03T00:36:40.677+0000][162][gc,age      ] GC(23) - age   5:    1852696 bytes,    3919640 total
[2022-05-03T00:36:40.677+0000][162][gc,age      ] GC(23) - age   6:    2005528 bytes,    5925168 total
[2022-05-03T00:36:40.677+0000][162][gc,age      ] GC(23) - age   7:    4459752 bytes,   10384920 total
[2022-05-03T00:36:40.678+0000][162][gc,age      ] GC(23) - age   8:    3489320 bytes,   13874240 total
[2022-05-03T00:36:40.678+0000][162][gc,phases   ] GC(23)   Pre Evacuate Collection Set: 0.3ms
[2022-05-03T00:36:40.678+0000][162][gc,phases   ] GC(23)   Merge Heap Roots: 0.2ms
[2022-05-03T00:36:40.678+0000][162][gc,phases   ] GC(23)   Evacuate Collection Set: 10.2ms
[2022-05-03T00:36:40.678+0000][162][gc,phases   ] GC(23)   Post Evacuate Collection Set: 2.7ms
[2022-05-03T00:36:40.678+0000][162][gc,phases   ] GC(23)   Other: 3.1ms
[2022-05-03T00:36:40.678+0000][162][gc,heap     ] GC(23) Eden regions: 72->0(72)
[2022-05-03T00:36:40.679+0000][162][gc,heap     ] GC(23) Survivor regions: 4->4(10)
[2022-05-03T00:36:40.679+0000][162][gc,heap     ] GC(23) Old regions: 17->17
[2022-05-03T00:36:40.679+0000][162][gc,heap     ] GC(23) Archive regions: 2->2
[2022-05-03T00:36:40.679+0000][162][gc,heap     ] GC(23) Humongous regions: 6->6
[2022-05-03T00:36:40.679+0000][162][gc,metaspace] GC(23) Metaspace: 115397K(117120K)->115397K(117120K) NonClass: 99847K(100864K)->99847K(100864K) Class: 15550K(16256K)->15550K(16256K)
[2022-05-03T00:36:40.679+0000][162][gc          ] GC(23) Pause Young (Normal) (G1 Evacuation Pause) 398M->110M(512M) 17.596ms
[2022-05-03T00:36:40.679+0000][162][gc,cpu      ] GC(23) User=0.10s Sys=0.00s Real=0.01s
[2022-05-03T00:36:40.680+0000][162][safepoint   ] Safepoint "G1CollectForAllocation", Time since last: 2068091300 ns, Reaching safepoint: 191400 ns, At safepoint: 18270500 ns, Total: 18461900 ns
[2022-05-03T00:36:44.681+0000][162][safepoint   ] Safepoint "Cleanup", Time since last: 4000716100 ns, Reaching safepoint: 465000 ns, At safepoint: 10300 ns, Total: 475300 ns
[2022-05-03T00:37:07.685+0000][162][safepoint   ] Safepoint "Cleanup", Time since last: 23003800800 ns, Reaching safepoint: 322900 ns, At safepoint: 10300 ns, Total: 333200 ns
[2022-05-03T00:37:10.686+0000][162][safepoint   ] Safepoint "Cleanup", Time since last: 3000796500 ns, Reaching safepoint: 435700 ns, At safepoint: 85800 ns, Total: 521500 ns
[2022-05-03T00:37:11.687+0000][162][safepoint   ] Safepoint "Cleanup", Time since last: 1000441600 ns, Reaching safepoint: 307200 ns, At safepoint: 10800 ns, Total: 318000 ns
[2022-05-03T00:37:13.688+0000][162][safepoint   ] Safepoint "Cleanup", Time since last: 2000780200 ns, Reaching safepoint: 354100 ns, At safepoint: 29800 ns, Total: 383900 ns
[2022-05-03T00:37:38.692+0000][162][safepoint   ] Safepoint "Cleanup", Time since last: 25003722400 ns, Reaching safepoint: 306500 ns, At safepoint: 16200 ns, Total: 322700 ns
[2022-05-03T00:37:40.693+0000][162][safepoint   ] Safepoint "Cleanup", Time since last: 2000695900 ns, Reaching safepoint: 220700 ns, At safepoint: 27900 ns, Total: 248600 ns
[2022-05-03T00:37:41.694+0000][162][safepoint   ] Safepoint "Cleanup", Time since last: 1000339400 ns, Reaching safepoint: 313500 ns, At safepoint: 14300 ns, Total: 327800 ns
[2022-05-03T00:38:10.698+0000][162][safepoint   ] Safepoint "Cleanup", Time since last: 29004103700 ns, Reaching safepoint: 259900 ns, At safepoint: 26400 ns, Total: 286300 ns
[2022-05-03T00:38:13.699+0000][162][safepoint   ] Safepoint "Cleanup", Time since last: 3000943900 ns, Reaching safepoint: 267400 ns, At safepoint: 10600 ns, Total: 278000 ns
[2022-05-03T00:38:14.700+0000][162][safepoint   ] Safepoint "Cleanup", Time since last: 1000469400 ns, Reaching safepoint: 222800 ns, At safepoint: 27600 ns, Total: 250400 ns
[2022-05-03T00:38:24.702+0000][162][safepoint   ] Safepoint "Cleanup", Time since last: 10001639400 ns, Reaching safepoint: 194100 ns, At safepoint: 8100 ns, Total: 202200 ns
[2022-05-03T00:38:34.704+0000][162][safepoint   ] Safepoint "Cleanup", Time since last: 10001688900 ns, Reaching safepoint: 212700 ns, At safepoint: 8700 ns, Total: 221400 ns
[2022-05-03T00:38:40.705+0000][162][safepoint   ] Safepoint "Cleanup", Time since last: 6000994200 ns, Reaching safepoint: 252400 ns, At safepoint: 10700 ns, Total: 263100 ns
[2022-05-03T00:38:41.706+0000][162][safepoint   ] Safepoint "Cleanup", Time since last: 1000498500 ns, Reaching safepoint: 227900 ns, At safepoint: 8700 ns, Total: 236600 ns
[2022-05-03T00:38:42.706+0000][162][safepoint   ] Safepoint "Cleanup", Time since last: 1000422500 ns, Reaching safepoint: 197900 ns, At safepoint: 8500 ns, Total: 206400 ns
[2022-05-03T00:38:43.707+0000][162][safepoint   ] Safepoint "Cleanup", Time since last: 1000423500 ns, Reaching safepoint: 264300 ns, At safepoint: 7200 ns, Total: 271500 ns
[2022-05-03T00:39:10.712+0000][162][safepoint   ] Safepoint "Cleanup", Time since last: 27004157500 ns, Reaching safepoint: 202200 ns, At safepoint: 9500 ns, Total: 211700 ns
[2022-05-03T00:39:13.713+0000][162][safepoint   ] Safepoint "Cleanup", Time since last: 3000734600 ns, Reaching safepoint: 268500 ns, At safepoint: 8500 ns, Total: 277000 ns
[2022-05-03T00:39:25.715+0000][162][safepoint   ] Safepoint "Cleanup", Time since last: 12001884100 ns, Reaching safepoint: 244900 ns, At safepoint: 7100 ns, Total: 252000 ns
[2022-05-03T00:39:40.717+0000][162][safepoint   ] Safepoint "Cleanup", Time since last: 15002244600 ns, Reaching safepoint: 284200 ns, At safepoint: 25900 ns, Total: 310100 ns
[2022-05-03T00:39:44.718+0000][162][safepoint   ] Safepoint "Cleanup", Time since last: 4000939600 ns, Reaching safepoint: 295100 ns, At safepoint: 10300 ns, Total: 305400 ns
[2022-05-03T00:39:48.720+0000][162][safepoint   ] Safepoint "Cleanup", Time since last: 4001054800 ns, Reaching safepoint: 211000 ns, At safepoint: 11900 ns, Total: 222900 ns
[2022-05-03T00:40:13.724+0000][162][safepoint   ] Safepoint "Cleanup", Time since last: 25003610000 ns, Reaching safepoint: 275200 ns, At safepoint: 9600 ns, Total: 284800 ns
[2022-05-03T00:41:06.731+0000][162][safepoint   ] Safepoint "Cleanup", Time since last: 53007022900 ns, Reaching safepoint: 223200 ns, At safepoint: 20400 ns, Total: 243600 ns
[2022-05-03T00:41:40.736+0000][162][safepoint   ] Safepoint "Cleanup", Time since last: 34004632700 ns, Reaching safepoint: 248100 ns, At safepoint: 14700 ns, Total: 262800 ns
[2022-05-03T00:41:44.737+0000][162][safepoint   ] Safepoint "Cleanup", Time since last: 4000758400 ns, Reaching safepoint: 222900 ns, At safepoint: 10100 ns, Total: 233000 ns
[2022-05-03T00:42:07.740+0000][162][safepoint   ] Safepoint "Cleanup", Time since last: 23003224500 ns, Reaching safepoint: 205000 ns, At safepoint: 7900 ns, Total: 212900 ns
[2022-05-03T00:42:10.741+0000][162][safepoint   ] Safepoint "Cleanup", Time since last: 3000648500 ns, Reaching safepoint: 307600 ns, At safepoint: 13700 ns, Total: 321300 ns
[2022-05-03T00:42:11.742+0000][162][safepoint   ] Safepoint "Cleanup", Time since last: 1000503300 ns, Reaching safepoint: 203500 ns, At safepoint: 8900 ns, Total: 212400 ns
[2022-05-03T00:42:13.743+0000][162][safepoint   ] Safepoint "Cleanup", Time since last: 2000545900 ns, Reaching safepoint: 238000 ns, At safepoint: 11300 ns, Total: 249300 ns
[2022-05-03T00:42:14.743+0000][162][safepoint   ] Safepoint "Cleanup", Time since last: 1000500400 ns, Reaching safepoint: 223300 ns, At safepoint: 7900 ns, Total: 231200 ns
[2022-05-03T00:42:40.747+0000][162][safepoint   ] Safepoint "Cleanup", Time since last: 26003441900 ns, Reaching safepoint: 302500 ns, At safepoint: 9400 ns, Total: 311900 ns
[2022-05-03T00:43:07.751+0000][162][safepoint   ] Safepoint "Cleanup", Time since last: 27003691400 ns, Reaching safepoint: 296800 ns, At safepoint: 11400 ns, Total: 308200 ns
[2022-05-03T00:43:10.752+0000][162][safepoint   ] Safepoint "Cleanup", Time since last: 3000790300 ns, Reaching safepoint: 201700 ns, At safepoint: 15000 ns, Total: 216700 ns
[2022-05-03T00:43:13.753+0000][162][safepoint   ] Safepoint "Cleanup", Time since last: 3000549000 ns, Reaching safepoint: 230700 ns, At safepoint: 11700 ns, Total: 242400 ns
[2022-05-03T00:43:14.754+0000][162][safepoint   ] Safepoint "Cleanup", Time since last: 1000411600 ns, Reaching safepoint: 267100 ns, At safepoint: 21800 ns, Total: 288900 ns
[2022-05-03T00:43:37.757+0000][162][safepoint   ] Safepoint "Cleanup", Time since last: 23003306500 ns, Reaching safepoint: 261300 ns, At safepoint: 7200 ns, Total: 268500 ns
[2022-05-03T00:43:43.759+0000][162][safepoint   ] Safepoint "Cleanup", Time since last: 6001107000 ns, Reaching safepoint: 251300 ns, At safepoint: 15200 ns, Total: 266500 ns
[2022-05-03T00:44:07.762+0000][162][safepoint   ] Safepoint "Cleanup", Time since last: 24003148500 ns, Reaching safepoint: 249900 ns, At safepoint: 7800 ns, Total: 257700 ns
[2022-05-03T00:44:10.763+0000][162][safepoint   ] Safepoint "Cleanup", Time since last: 3000823800 ns, Reaching safepoint: 249500 ns, At safepoint: 12400 ns, Total: 261900 ns
[2022-05-03T00:44:11.764+0000][162][safepoint   ] Safepoint "Cleanup", Time since last: 1000473700 ns, Reaching safepoint: 260400 ns, At safepoint: 7500 ns, Total: 267900 ns
[2022-05-03T00:44:13.765+0000][162][safepoint   ] Safepoint "Cleanup", Time since last: 2000696100 ns, Reaching safepoint: 230300 ns, At safepoint: 9100 ns, Total: 239400 ns
[2022-05-03T00:44:14.766+0000][162][safepoint   ] Safepoint "Cleanup", Time since last: 1000583600 ns, Reaching safepoint: 283600 ns, At safepoint: 28400 ns, Total: 312000 ns
[2022-05-03T00:44:40.770+0000][162][safepoint   ] Safepoint "Cleanup", Time since last: 26004393600 ns, Reaching safepoint: 247000 ns, At safepoint: 9400 ns, Total: 256400 ns
[2022-05-03T00:45:07.778+0000][162][safepoint   ] Safepoint "Cleanup", Time since last: 27007051100 ns, Reaching safepoint: 239000 ns, At safepoint: 7800 ns, Total: 246800 ns
[2022-05-03T00:45:11.779+0000][162][safepoint   ] Safepoint "Cleanup", Time since last: 4001333400 ns, Reaching safepoint: 281800 ns, At safepoint: 9100 ns, Total: 290900 ns
[2022-05-03T00:45:13.781+0000][162][safepoint   ] Safepoint "Cleanup", Time since last: 2001114400 ns, Reaching safepoint: 194600 ns, At safepoint: 7600 ns, Total: 202200 ns
[2022-05-03T00:45:40.787+0000][162][safepoint   ] Safepoint "Cleanup", Time since last: 27006657000 ns, Reaching safepoint: 218800 ns, At safepoint: 7700 ns, Total: 226500 ns
[2022-05-03T00:45:41.788+0000][162][safepoint   ] Safepoint "Cleanup", Time since last: 1000717000 ns, Reaching safepoint: 285000 ns, At safepoint: 14800 ns, Total: 299800 ns
[2022-05-03T00:46:00.795+0000][162][safepoint   ] Safepoint "Cleanup", Time since last: 19006273500 ns, Reaching safepoint: 389000 ns, At safepoint: 20600 ns, Total: 409600 ns
[2022-05-03T00:46:07.799+0000][162][safepoint   ] Safepoint "Cleanup", Time since last: 7002721600 ns, Reaching safepoint: 962900 ns, At safepoint: 33900 ns, Total: 996800 ns
[2022-05-03T00:46:08.801+0000][162][safepoint   ] Safepoint "Cleanup", Time since last: 1001462000 ns, Reaching safepoint: 826200 ns, At safepoint: 29600 ns, Total: 855800 ns
[2022-05-03T00:46:10.803+0000][162][safepoint   ] Safepoint "Cleanup", Time since last: 2001545900 ns, Reaching safepoint: 205800 ns, At safepoint: 23200 ns, Total: 229000 ns
[2022-05-03T00:46:11.804+0000][162][safepoint   ] Safepoint "Cleanup", Time since last: 1000788300 ns, Reaching safepoint: 204900 ns, At safepoint: 7400 ns, Total: 212300 ns
[2022-05-03T00:46:13.805+0000][162][safepoint   ] Safepoint "Cleanup", Time since last: 2001063100 ns, Reaching safepoint: 234100 ns, At safepoint: 10900 ns, Total: 245000 ns
[2022-05-03T00:46:37.812+0000][162][safepoint   ] Safepoint "Cleanup", Time since last: 24006502700 ns, Reaching safepoint: 334400 ns, At safepoint: 13700 ns, Total: 348100 ns
[2022-05-03T00:46:40.813+0000][162][safepoint   ] Safepoint "Cleanup", Time since last: 3001011600 ns, Reaching safepoint: 192100 ns, At safepoint: 7600 ns, Total: 199700 ns
[2022-05-03T00:46:44.815+0000][162][safepoint   ] Safepoint "Cleanup", Time since last: 4001275600 ns, Reaching safepoint: 495900 ns, At safepoint: 19000 ns, Total: 514900 ns
[2022-05-03T00:47:07.821+0000][162][safepoint   ] Safepoint "Cleanup", Time since last: 23005568700 ns, Reaching safepoint: 245900 ns, At safepoint: 11200 ns, Total: 257100 ns
[2022-05-03T00:47:10.823+0000][162][safepoint   ] Safepoint "Cleanup", Time since last: 3001234700 ns, Reaching safepoint: 964000 ns, At safepoint: 31800 ns, Total: 995800 ns
[2022-05-03T00:47:13.825+0000][162][safepoint   ] Safepoint "Cleanup", Time since last: 3001864400 ns, Reaching safepoint: 348200 ns, At safepoint: 12200 ns, Total: 360400 ns
[2022-05-03T00:47:45.835+0000][162][safepoint   ] Safepoint "Cleanup", Time since last: 32008831600 ns, Reaching safepoint: 984000 ns, At safepoint: 32000 ns, Total: 1016000 ns
[2022-05-03T00:47:48.839+0000][162][safepoint   ] Safepoint "Cleanup", Time since last: 3002248400 ns, Reaching safepoint: 1063600 ns, At safepoint: 41100 ns, Total: 1104700 ns
[2022-05-03T00:48:10.847+0000][162][safepoint   ] Safepoint "Cleanup", Time since last: 22007449600 ns, Reaching safepoint: 425100 ns, At safepoint: 16100 ns, Total: 441200 ns
[2022-05-03T00:48:13.849+0000][162][safepoint   ] Safepoint "Cleanup", Time since last: 3001817600 ns, Reaching safepoint: 817200 ns, At safepoint: 28900 ns, Total: 846100 ns
[2022-05-03T00:48:14.852+0000][162][safepoint   ] Safepoint "Cleanup", Time since last: 1001662000 ns, Reaching safepoint: 899500 ns, At safepoint: 34400 ns, Total: 933900 ns
[2022-05-03T00:48:40.862+0000][162][safepoint   ] Safepoint "Cleanup", Time since last: 26009658800 ns, Reaching safepoint: 279800 ns, At safepoint: 13500 ns, Total: 293300 ns
[2022-05-03T00:48:44.863+0000][162][safepoint   ] Safepoint "Cleanup", Time since last: 4000989000 ns, Reaching safepoint: 456900 ns, At safepoint: 29900 ns, Total: 486800 ns
[2022-05-03T00:48:56.168+0000][162][gc,start    ] GC(24) Pause Young (Normal) (G1 Evacuation Pause)
[2022-05-03T00:48:56.169+0000][162][gc,task     ] GC(24) Using 10 workers of 10 for evacuation
[2022-05-03T00:48:56.170+0000][162][gc,age      ] GC(24) Desired survivor size 20971520 bytes, new threshold 15 (max threshold 15)
[2022-05-03T00:48:56.184+0000][162][gc,age      ] GC(24) Age table with threshold 15 (max threshold 15)
[2022-05-03T00:48:56.184+0000][162][gc,age      ] GC(24) - age   1:     923632 bytes,     923632 total
[2022-05-03T00:48:56.184+0000][162][gc,age      ] GC(24) - age   2:      79528 bytes,    1003160 total
[2022-05-03T00:48:56.185+0000][162][gc,age      ] GC(24) - age   3:     943440 bytes,    1946600 total
[2022-05-03T00:48:56.185+0000][162][gc,age      ] GC(24) - age   4:      77488 bytes,    2024088 total
[2022-05-03T00:48:56.185+0000][162][gc,age      ] GC(24) - age   5:     284048 bytes,    2308136 total
[2022-05-03T00:48:56.185+0000][162][gc,age      ] GC(24) - age   6:    1852696 bytes,    4160832 total
[2022-05-03T00:48:56.186+0000][162][gc,age      ] GC(24) - age   7:    2005528 bytes,    6166360 total
[2022-05-03T00:48:56.186+0000][162][gc,age      ] GC(24) - age   8:    4459712 bytes,   10626072 total
[2022-05-03T00:48:56.186+0000][162][gc,age      ] GC(24) - age   9:    3489320 bytes,   14115392 total
[2022-05-03T00:48:56.186+0000][162][gc,phases   ] GC(24)   Pre Evacuate Collection Set: 1.1ms
[2022-05-03T00:48:56.187+0000][162][gc,phases   ] GC(24)   Merge Heap Roots: 0.8ms
[2022-05-03T00:48:56.187+0000][162][gc,phases   ] GC(24)   Evacuate Collection Set: 8.6ms
[2022-05-03T00:48:56.187+0000][162][gc,phases   ] GC(24)   Post Evacuate Collection Set: 2.0ms
[2022-05-03T00:48:56.187+0000][162][gc,phases   ] GC(24)   Other: 7.8ms
[2022-05-03T00:48:56.188+0000][162][gc,heap     ] GC(24) Eden regions: 72->0(72)
[2022-05-03T00:48:56.188+0000][162][gc,heap     ] GC(24) Survivor regions: 4->4(10)
[2022-05-03T00:48:56.188+0000][162][gc,heap     ] GC(24) Old regions: 17->17
[2022-05-03T00:48:56.188+0000][162][gc,heap     ] GC(24) Archive regions: 2->2
[2022-05-03T00:48:56.188+0000][162][gc,heap     ] GC(24) Humongous regions: 6->6
[2022-05-03T00:48:56.188+0000][162][gc,metaspace] GC(24) Metaspace: 115620K(117376K)->115620K(117376K) NonClass: 100069K(101120K)->100069K(101120K) Class: 15551K(16256K)->15551K(16256K)
[2022-05-03T00:48:56.189+0000][162][gc          ] GC(24) Pause Young (Normal) (G1 Evacuation Pause) 398M->110M(512M) 21.101ms
[2022-05-03T00:48:56.189+0000][162][gc,cpu      ] GC(24) User=0.08s Sys=0.00s Real=0.02s
[2022-05-03T00:48:56.189+0000][162][safepoint   ] Safepoint "G1CollectForAllocation", Time since last: 11302003200 ns, Reaching safepoint: 882600 ns, At safepoint: 23049800 ns, Total: 23932400 ns
[2022-05-03T00:49:41.200+0000][162][safepoint   ] Safepoint "Cleanup", Time since last: 45010999600 ns, Reaching safepoint: 227000 ns, At safepoint: 8600 ns, Total: 235600 ns
[2022-05-03T00:50:07.209+0000][162][safepoint   ] Safepoint "Cleanup", Time since last: 26007661900 ns, Reaching safepoint: 508700 ns, At safepoint: 22600 ns, Total: 531300 ns
[2022-05-03T00:50:11.210+0000][162][safepoint   ] Safepoint "Cleanup", Time since last: 4001229100 ns, Reaching safepoint: 345900 ns, At safepoint: 25500 ns, Total: 371400 ns
[2022-05-03T00:51:07.224+0000][162][safepoint   ] Safepoint "Cleanup", Time since last: 56013003900 ns, Reaching safepoint: 976300 ns, At safepoint: 30900 ns, Total: 1007200 ns
[2022-05-03T00:51:09.227+0000][162][safepoint   ] Safepoint "Cleanup", Time since last: 2001605500 ns, Reaching safepoint: 922500 ns, At safepoint: 31800 ns, Total: 954300 ns
[2022-05-03T00:51:10.229+0000][162][safepoint   ] Safepoint "Cleanup", Time since last: 1001703000 ns, Reaching safepoint: 983100 ns, At safepoint: 37000 ns, Total: 1020100 ns
[2022-05-03T00:52:11.245+0000][162][safepoint   ] Safepoint "Cleanup", Time since last: 61014982900 ns, Reaching safepoint: 230400 ns, At safepoint: 8700 ns, Total: 239100 ns
[2022-05-03T00:52:40.253+0000][162][safepoint   ] Safepoint "Cleanup", Time since last: 29007814900 ns, Reaching safepoint: 219900 ns, At safepoint: 8500 ns, Total: 228400 ns
[2022-05-03T00:53:10.260+0000][162][safepoint   ] Safepoint "Cleanup", Time since last: 30007376100 ns, Reaching safepoint: 258000 ns, At safepoint: 7700 ns, Total: 265700 ns
[2022-05-03T00:53:37.267+0000][162][safepoint   ] Safepoint "Cleanup", Time since last: 27006745000 ns, Reaching safepoint: 333600 ns, At safepoint: 17900 ns, Total: 351500 ns
[2022-05-03T00:53:41.977+0000][162][safepoint   ] Safepoint "Cleanup", Time since last: 4708094500 ns, Reaching safepoint: 907500 ns, At safepoint: 30900 ns, Total: 938400 ns
[2022-05-03T00:54:13.987+0000][162][safepoint   ] Safepoint "Cleanup", Time since last: 32010479100 ns, Reaching safepoint: 367400 ns, At safepoint: 17100 ns, Total: 384500 ns
[2022-05-03T00:55:14.007+0000][162][safepoint   ] Safepoint "Cleanup", Time since last: 60019306100 ns, Reaching safepoint: 269200 ns, At safepoint: 10200 ns, Total: 279400 ns
[2022-05-03T00:55:19.010+0000][162][safepoint   ] Safepoint "Cleanup", Time since last: 5001987300 ns, Reaching safepoint: 884800 ns, At safepoint: 31600 ns, Total: 916400 ns
[2022-05-03T00:55:41.019+0000][162][safepoint   ] Safepoint "Cleanup", Time since last: 22008519900 ns, Reaching safepoint: 216500 ns, At safepoint: 9200 ns, Total: 225700 ns
[2022-05-03T00:56:41.037+0000][162][safepoint   ] Safepoint "Cleanup", Time since last: 60017855000 ns, Reaching safepoint: 308500 ns, At safepoint: 14400 ns, Total: 322900 ns
[2022-05-03T00:57:14.047+0000][162][safepoint   ] Safepoint "Cleanup", Time since last: 33009122300 ns, Reaching safepoint: 905700 ns, At safepoint: 32800 ns, Total: 938500 ns
[2022-05-03T00:58:07.056+0000][162][safepoint   ] Safepoint "Cleanup", Time since last: 53008943200 ns, Reaching safepoint: 420900 ns, At safepoint: 11600 ns, Total: 432500 ns
[2022-05-03T00:58:11.057+0000][162][safepoint   ] Safepoint "Cleanup", Time since last: 4000907300 ns, Reaching safepoint: 328400 ns, At safepoint: 11200 ns, Total: 339600 ns
[2022-05-03T00:58:15.058+0000][162][safepoint   ] Safepoint "Cleanup", Time since last: 4000792400 ns, Reaching safepoint: 197500 ns, At safepoint: 7800 ns, Total: 205300 ns
[2022-05-03T00:58:25.063+0000][162][safepoint   ] Safepoint "Cleanup", Time since last: 10003176800 ns, Reaching safepoint: 911400 ns, At safepoint: 44500 ns, Total: 955900 ns
[2022-05-03T00:58:41.067+0000][162][safepoint   ] Safepoint "Cleanup", Time since last: 16004240200 ns, Reaching safepoint: 234000 ns, At safepoint: 8500 ns, Total: 242500 ns
[2022-05-03T00:59:05.075+0000][162][safepoint   ] Safepoint "Cleanup", Time since last: 24007248500 ns, Reaching safepoint: 901500 ns, At safepoint: 160400 ns, Total: 1061900 ns
[2022-05-03T00:59:14.079+0000][162][safepoint   ] Safepoint "Cleanup", Time since last: 9002429300 ns, Reaching safepoint: 860700 ns, At safepoint: 29100 ns, Total: 889800 ns
[2022-05-03T01:00:14.095+0000][162][safepoint   ] Safepoint "Cleanup", Time since last: 60015623200 ns, Reaching safepoint: 271800 ns, At safepoint: 9900 ns, Total: 281700 ns
[2022-05-03T01:00:38.102+0000][162][safepoint   ] Safepoint "Cleanup", Time since last: 24007400300 ns, Reaching safepoint: 242500 ns, At safepoint: 11800 ns, Total: 254300 ns
[2022-05-03T01:00:41.105+0000][162][safepoint   ] Safepoint "Cleanup", Time since last: 3001636900 ns, Reaching safepoint: 606000 ns, At safepoint: 21800 ns, Total: 627800 ns
[2022-05-03T01:01:06.442+0000][162][gc,start    ] GC(25) Pause Young (Normal) (G1 Evacuation Pause)
[2022-05-03T01:01:06.442+0000][162][gc,task     ] GC(25) Using 10 workers of 10 for evacuation
[2022-05-03T01:01:06.442+0000][162][gc,age      ] GC(25) Desired survivor size 20971520 bytes, new threshold 15 (max threshold 15)
[2022-05-03T01:01:06.450+0000][162][gc,age      ] GC(25) Age table with threshold 15 (max threshold 15)
[2022-05-03T01:01:06.450+0000][162][gc,age      ] GC(25) - age   1:     894584 bytes,     894584 total
[2022-05-03T01:01:06.451+0000][162][gc,age      ] GC(25) - age   2:      91384 bytes,     985968 total
[2022-05-03T01:01:06.451+0000][162][gc,age      ] GC(25) - age   3:      72064 bytes,    1058032 total
[2022-05-03T01:01:06.451+0000][162][gc,age      ] GC(25) - age   4:     943208 bytes,    2001240 total
[2022-05-03T01:01:06.451+0000][162][gc,age      ] GC(25) - age   5:      77432 bytes,    2078672 total
[2022-05-03T01:01:06.452+0000][162][gc,age      ] GC(25) - age   6:     284048 bytes,    2362720 total
[2022-05-03T01:01:06.452+0000][162][gc,age      ] GC(25) - age   7:    1852696 bytes,    4215416 total
[2022-05-03T01:01:06.452+0000][162][gc,age      ] GC(25) - age   8:    2005528 bytes,    6220944 total
[2022-05-03T01:01:06.453+0000][162][gc,age      ] GC(25) - age   9:    4459672 bytes,   10680616 total
[2022-05-03T01:01:06.453+0000][162][gc,age      ] GC(25) - age  10:    3489320 bytes,   14169936 total
[2022-05-03T01:01:06.453+0000][162][gc,phases   ] GC(25)   Pre Evacuate Collection Set: 0.2ms
[2022-05-03T01:01:06.453+0000][162][gc,phases   ] GC(25)   Merge Heap Roots: 0.1ms
[2022-05-03T01:01:06.453+0000][162][gc,phases   ] GC(25)   Evacuate Collection Set: 5.1ms
[2022-05-03T01:01:06.454+0000][162][gc,phases   ] GC(25)   Post Evacuate Collection Set: 1.8ms
[2022-05-03T01:01:06.454+0000][162][gc,phases   ] GC(25)   Other: 3.8ms
[2022-05-03T01:01:06.454+0000][162][gc,heap     ] GC(25) Eden regions: 72->0(72)
[2022-05-03T01:01:06.454+0000][162][gc,heap     ] GC(25) Survivor regions: 4->4(10)
[2022-05-03T01:01:06.454+0000][162][gc,heap     ] GC(25) Old regions: 17->17
[2022-05-03T01:01:06.454+0000][162][gc,heap     ] GC(25) Archive regions: 2->2
[2022-05-03T01:01:06.455+0000][162][gc,heap     ] GC(25) Humongous regions: 6->6
[2022-05-03T01:01:06.455+0000][162][gc,metaspace] GC(25) Metaspace: 115710K(117440K)->115710K(117440K) NonClass: 100157K(101184K)->100157K(101184K) Class: 15553K(16256K)->15553K(16256K)
[2022-05-03T01:01:06.455+0000][162][gc          ] GC(25) Pause Young (Normal) (G1 Evacuation Pause) 398M->110M(512M) 12.990ms
[2022-05-03T01:01:06.455+0000][162][gc,cpu      ] GC(25) User=0.05s Sys=0.01s Real=0.01s
[2022-05-03T01:01:06.455+0000][162][safepoint   ] Safepoint "G1CollectForAllocation", Time since last: 25337226200 ns, Reaching safepoint: 191000 ns, At safepoint: 13441900 ns, Total: 13632900 ns
[2022-05-03T01:01:07.456+0000][162][safepoint   ] Safepoint "Cleanup", Time since last: 1000337500 ns, Reaching safepoint: 208300 ns, At safepoint: 6900 ns, Total: 215200 ns
[2022-05-03T01:02:16.471+0000][162][safepoint   ] Safepoint "Cleanup", Time since last: 69015196300 ns, Reaching safepoint: 288700 ns, At safepoint: 8500 ns, Total: 297200 ns
[2022-05-03T01:04:11.499+0000][162][safepoint   ] Safepoint "Cleanup", Time since last: 115027198700 ns, Reaching safepoint: 305400 ns, At safepoint: 15700 ns, Total: 321100 ns
[2022-05-03T01:04:13.500+0000][162][safepoint   ] Safepoint "Cleanup", Time since last: 2000607300 ns, Reaching safepoint: 372000 ns, At safepoint: 7900 ns, Total: 379900 ns
[2022-05-03T01:04:14.501+0000][162][safepoint   ] Safepoint "Cleanup", Time since last: 1000550000 ns, Reaching safepoint: 235200 ns, At safepoint: 7300 ns, Total: 242500 ns
[2022-05-03T01:05:11.514+0000][162][safepoint   ] Safepoint "Cleanup", Time since last: 57013143500 ns, Reaching safepoint: 249000 ns, At safepoint: 10200 ns, Total: 259200 ns
[2022-05-03T01:05:13.515+0000][162][safepoint   ] Safepoint "Cleanup", Time since last: 2000851700 ns, Reaching safepoint: 265400 ns, At safepoint: 8400 ns, Total: 273800 ns
[2022-05-03T01:05:41.524+0000][162][safepoint   ] Safepoint "Cleanup", Time since last: 28007681600 ns, Reaching safepoint: 806900 ns, At safepoint: 42400 ns, Total: 849300 ns
[2022-05-03T01:06:11.534+0000][162][safepoint   ] Safepoint "Cleanup", Time since last: 30009590900 ns, Reaching safepoint: 950000 ns, At safepoint: 31600 ns, Total: 981600 ns
[2022-05-03T01:06:37.542+0000][162][safepoint   ] Safepoint "Cleanup", Time since last: 26007822000 ns, Reaching safepoint: 298400 ns, At safepoint: 12900 ns, Total: 311300 ns
[2022-05-03T01:06:40.544+0000][162][safepoint   ] Safepoint "Cleanup", Time since last: 3000707600 ns, Reaching safepoint: 287700 ns, At safepoint: 22000 ns, Total: 309700 ns
[2022-05-03T01:06:41.544+0000][162][safepoint   ] Safepoint "Cleanup", Time since last: 1000564100 ns, Reaching safepoint: 276500 ns, At safepoint: 14700 ns, Total: 291200 ns
[2022-05-03T01:06:51.546+0000][162][safepoint   ] Safepoint "Cleanup", Time since last: 10001615400 ns, Reaching safepoint: 285200 ns, At safepoint: 21500 ns, Total: 306700 ns
[2022-05-03T01:07:11.550+0000][162][safepoint   ] Safepoint "Cleanup", Time since last: 20003816700 ns, Reaching safepoint: 281800 ns, At safepoint: 10400 ns, Total: 292200 ns
[2022-05-03T01:08:11.569+0000][162][safepoint   ] Safepoint "Cleanup", Time since last: 60017989100 ns, Reaching safepoint: 406600 ns, At safepoint: 14100 ns, Total: 420700 ns
[2022-05-03T01:08:13.571+0000][162][safepoint   ] Safepoint "Cleanup", Time since last: 2001386500 ns, Reaching safepoint: 843200 ns, At safepoint: 28500 ns, Total: 871700 ns
[2022-05-03T01:09:13.589+0000][162][safepoint   ] Safepoint "Cleanup", Time since last: 60018026200 ns, Reaching safepoint: 215800 ns, At safepoint: 7700 ns, Total: 223500 ns
[2022-05-03T01:09:41.595+0000][162][safepoint   ] Safepoint "Cleanup", Time since last: 28005347300 ns, Reaching safepoint: 272700 ns, At safepoint: 13100 ns, Total: 285800 ns
[2022-05-03T01:09:44.596+0000][162][safepoint   ] Safepoint "Cleanup", Time since last: 3000828800 ns, Reaching safepoint: 328200 ns, At safepoint: 11400 ns, Total: 339600 ns
[2022-05-03T01:10:09.602+0000][162][safepoint   ] Safepoint "Cleanup", Time since last: 25005355500 ns, Reaching safepoint: 285500 ns, At safepoint: 14100 ns, Total: 299600 ns
[2022-05-03T01:10:14.604+0000][162][safepoint   ] Safepoint "Cleanup", Time since last: 5002210800 ns, Reaching safepoint: 276600 ns, At safepoint: 9300 ns, Total: 285900 ns
[2022-05-03T01:10:19.607+0000][162][safepoint   ] Safepoint "Cleanup", Time since last: 5002269500 ns, Reaching safepoint: 282800 ns, At safepoint: 11000 ns, Total: 293800 ns
[2022-05-03T01:10:54.619+0000][162][safepoint   ] Safepoint "Cleanup", Time since last: 35011940500 ns, Reaching safepoint: 225800 ns, At safepoint: 7000 ns, Total: 232800 ns
[2022-05-03T01:11:06.624+0000][162][safepoint   ] Safepoint "Cleanup", Time since last: 12004423800 ns, Reaching safepoint: 236200 ns, At safepoint: 21200 ns, Total: 257400 ns
[2022-05-03T01:11:13.626+0000][162][safepoint   ] Safepoint "Cleanup", Time since last: 7002432000 ns, Reaching safepoint: 227300 ns, At safepoint: 8800 ns, Total: 236100 ns
[2022-05-03T01:11:38.635+0000][162][safepoint   ] Safepoint "Cleanup", Time since last: 25008045900 ns, Reaching safepoint: 436400 ns, At safepoint: 35200 ns, Total: 471600 ns
[2022-05-03T01:12:14.645+0000][162][safepoint   ] Safepoint "Cleanup", Time since last: 36009720900 ns, Reaching safepoint: 469600 ns, At safepoint: 16000 ns, Total: 485600 ns
[2022-05-03T01:12:40.915+0000][162][gc,start    ] GC(26) Pause Young (Normal) (G1 Evacuation Pause)
[2022-05-03T01:12:40.915+0000][162][gc,task     ] GC(26) Using 10 workers of 10 for evacuation
[2022-05-03T01:12:40.915+0000][162][gc,age      ] GC(26) Desired survivor size 20971520 bytes, new threshold 15 (max threshold 15)
[2022-05-03T01:12:40.923+0000][162][gc,age      ] GC(26) Age table with threshold 15 (max threshold 15)
[2022-05-03T01:12:40.924+0000][162][gc,age      ] GC(26) - age   1:     948032 bytes,     948032 total
[2022-05-03T01:12:40.924+0000][162][gc,age      ] GC(26) - age   2:      52096 bytes,    1000128 total
[2022-05-03T01:12:40.924+0000][162][gc,age      ] GC(26) - age   3:      87904 bytes,    1088032 total
[2022-05-03T01:12:40.924+0000][162][gc,age      ] GC(26) - age   4:      71760 bytes,    1159792 total
[2022-05-03T01:12:40.925+0000][162][gc,age      ] GC(26) - age   5:     942936 bytes,    2102728 total
[2022-05-03T01:12:40.925+0000][162][gc,age      ] GC(26) - age   6:      77432 bytes,    2180160 total
[2022-05-03T01:12:40.925+0000][162][gc,age      ] GC(26) - age   7:     283816 bytes,    2463976 total
[2022-05-03T01:12:40.925+0000][162][gc,age      ] GC(26) - age   8:    1852696 bytes,    4316672 total
[2022-05-03T01:12:40.925+0000][162][gc,age      ] GC(26) - age   9:    2005528 bytes,    6322200 total
[2022-05-03T01:12:40.926+0000][162][gc,age      ] GC(26) - age  10:    4459632 bytes,   10781832 total
[2022-05-03T01:12:40.926+0000][162][gc,age      ] GC(26) - age  11:    3489320 bytes,   14271152 total
[2022-05-03T01:12:40.926+0000][162][gc,phases   ] GC(26)   Pre Evacuate Collection Set: 0.2ms
[2022-05-03T01:12:40.926+0000][162][gc,phases   ] GC(26)   Merge Heap Roots: 0.1ms
[2022-05-03T01:12:40.926+0000][162][gc,phases   ] GC(26)   Evacuate Collection Set: 5.3ms
[2022-05-03T01:12:40.927+0000][162][gc,phases   ] GC(26)   Post Evacuate Collection Set: 2.0ms
[2022-05-03T01:12:40.927+0000][162][gc,phases   ] GC(26)   Other: 3.4ms
[2022-05-03T01:12:40.927+0000][162][gc,heap     ] GC(26) Eden regions: 72->0(72)
[2022-05-03T01:12:40.927+0000][162][gc,heap     ] GC(26) Survivor regions: 4->4(10)
[2022-05-03T01:12:40.927+0000][162][gc,heap     ] GC(26) Old regions: 17->17
[2022-05-03T01:12:40.927+0000][162][gc,heap     ] GC(26) Archive regions: 2->2
[2022-05-03T01:12:40.928+0000][162][gc,heap     ] GC(26) Humongous regions: 6->6
[2022-05-03T01:12:40.928+0000][162][gc,metaspace] GC(26) Metaspace: 115817K(117568K)->115817K(117568K) NonClass: 100264K(101312K)->100264K(101312K) Class: 15553K(16256K)->15553K(16256K)
[2022-05-03T01:12:40.928+0000][162][gc          ] GC(26) Pause Young (Normal) (G1 Evacuation Pause) 398M->110M(512M) 13.034ms
[2022-05-03T01:12:40.928+0000][162][gc,cpu      ] GC(26) User=0.05s Sys=0.00s Real=0.01s
[2022-05-03T01:12:40.928+0000][162][safepoint   ] Safepoint "G1CollectForAllocation", Time since last: 26269662200 ns, Reaching safepoint: 193700 ns, At safepoint: 13514900 ns, Total: 13708600 ns
[2022-05-03T01:13:13.940+0000][162][safepoint   ] Safepoint "Cleanup", Time since last: 33010218900 ns, Reaching safepoint: 933000 ns, At safepoint: 31500 ns, Total: 964500 ns
[2022-05-03T01:13:40.947+0000][162][safepoint   ] Safepoint "Cleanup", Time since last: 27007386900 ns, Reaching safepoint: 391300 ns, At safepoint: 12900 ns, Total: 404200 ns
[2022-05-03T01:14:37.960+0000][162][safepoint   ] Safepoint "Cleanup", Time since last: 57011823900 ns, Reaching safepoint: 937900 ns, At safepoint: 32300 ns, Total: 970200 ns
[2022-05-03T01:15:07.971+0000][162][safepoint   ] Safepoint "Cleanup", Time since last: 30010115700 ns, Reaching safepoint: 925700 ns, At safepoint: 45100 ns, Total: 970800 ns
[2022-05-03T01:16:00.991+0000][162][safepoint   ] Safepoint "Cleanup", Time since last: 53018563400 ns, Reaching safepoint: 1288200 ns, At safepoint: 53600 ns, Total: 1341800 ns
[2022-05-03T01:16:06.996+0000][162][safepoint   ] Safepoint "Cleanup", Time since last: 6003773400 ns, Reaching safepoint: 817500 ns, At safepoint: 85500 ns, Total: 903000 ns
[2022-05-03T01:16:12.999+0000][162][safepoint   ] Safepoint "Cleanup", Time since last: 6003362500 ns, Reaching safepoint: 228100 ns, At safepoint: 7700 ns, Total: 235800 ns
[2022-05-03T01:16:14.000+0000][162][safepoint   ] Safepoint "Cleanup", Time since last: 1000574600 ns, Reaching safepoint: 213900 ns, At safepoint: 9200 ns, Total: 223100 ns
[2022-05-03T01:16:31.006+0000][162][safepoint   ] Safepoint "Cleanup", Time since last: 17004927700 ns, Reaching safepoint: 979800 ns, At safepoint: 29500 ns, Total: 1009300 ns
[2022-05-03T01:16:44.012+0000][162][safepoint   ] Safepoint "Cleanup", Time since last: 13004886300 ns, Reaching safepoint: 950500 ns, At safepoint: 31400 ns, Total: 981900 ns
[2022-05-03T01:16:55.017+0000][162][safepoint   ] Safepoint "Cleanup", Time since last: 11004509300 ns, Reaching safepoint: 201300 ns, At safepoint: 7300 ns, Total: 208600 ns
[2022-05-03T01:17:14.020+0000][162][safepoint   ] Safepoint "Cleanup", Time since last: 19002996700 ns, Reaching safepoint: 260000 ns, At safepoint: 7700 ns, Total: 267700 ns
[2022-05-03T01:17:22.022+0000][162][safepoint   ] Safepoint "Cleanup", Time since last: 8001384100 ns, Reaching safepoint: 270700 ns, At safepoint: 8200 ns, Total: 278900 ns
[2022-05-03T01:17:25.023+0000][162][safepoint   ] Safepoint "Cleanup", Time since last: 3000765600 ns, Reaching safepoint: 198900 ns, At safepoint: 8200 ns, Total: 207100 ns
[2022-05-03T01:17:27.024+0000][162][safepoint   ] Safepoint "Cleanup", Time since last: 2000664700 ns, Reaching safepoint: 280400 ns, At safepoint: 12100 ns, Total: 292500 ns
[2022-05-03T01:17:41.028+0000][162][safepoint   ] Safepoint "Cleanup", Time since last: 14004053500 ns, Reaching safepoint: 285600 ns, At safepoint: 16000 ns, Total: 301600 ns
[2022-05-03T01:18:11.036+0000][162][safepoint   ] Safepoint "Cleanup", Time since last: 30007705300 ns, Reaching safepoint: 396500 ns, At safepoint: 16600 ns, Total: 413100 ns
[2022-05-03T01:18:14.039+0000][162][safepoint   ] Safepoint "Cleanup", Time since last: 3001701000 ns, Reaching safepoint: 1204000 ns, At safepoint: 61200 ns, Total: 1265200 ns
[2022-05-03T01:18:41.048+0000][162][safepoint   ] Safepoint "Cleanup", Time since last: 27009004500 ns, Reaching safepoint: 244900 ns, At safepoint: 12700 ns, Total: 257600 ns
[2022-05-03T01:18:45.050+0000][162][safepoint   ] Safepoint "Cleanup", Time since last: 4001124300 ns, Reaching safepoint: 373200 ns, At safepoint: 16400 ns, Total: 389600 ns
[2022-05-03T01:19:14.058+0000][162][safepoint   ] Safepoint "Cleanup", Time since last: 29007892100 ns, Reaching safepoint: 237800 ns, At safepoint: 8800 ns, Total: 246600 ns
[2022-05-03T01:19:34.065+0000][162][safepoint   ] Safepoint "Cleanup", Time since last: 20006503700 ns, Reaching safepoint: 318400 ns, At safepoint: 38200 ns, Total: 356600 ns
[2022-05-03T01:19:41.067+0000][162][safepoint   ] Safepoint "Cleanup", Time since last: 7001445900 ns, Reaching safepoint: 197700 ns, At safepoint: 9500 ns, Total: 207200 ns
[2022-05-03T01:19:44.068+0000][162][safepoint   ] Safepoint "Cleanup", Time since last: 3000617800 ns, Reaching safepoint: 383800 ns, At safepoint: 14200 ns, Total: 398000 ns
[2022-05-03T01:19:45.068+0000][162][safepoint   ] Safepoint "Cleanup", Time since last: 1000514200 ns, Reaching safepoint: 215000 ns, At safepoint: 50800 ns, Total: 265800 ns
[2022-05-03T01:19:54.070+0000][162][safepoint   ] Safepoint "Cleanup", Time since last: 9001396400 ns, Reaching safepoint: 247300 ns, At safepoint: 7600 ns, Total: 254900 ns
[2022-05-03T01:19:55.071+0000][162][safepoint   ] Safepoint "Cleanup", Time since last: 1000444900 ns, Reaching safepoint: 253300 ns, At safepoint: 7600 ns, Total: 260900 ns
[2022-05-03T01:19:59.072+0000][162][safepoint   ] Safepoint "Cleanup", Time since last: 4000973500 ns, Reaching safepoint: 269900 ns, At safepoint: 22900 ns, Total: 292800 ns
[2022-05-03T01:20:01.073+0000][162][safepoint   ] Safepoint "Cleanup", Time since last: 2000727800 ns, Reaching safepoint: 198100 ns, At safepoint: 9500 ns, Total: 207600 ns
[2022-05-03T01:20:11.076+0000][162][safepoint   ] Safepoint "Cleanup", Time since last: 10002146600 ns, Reaching safepoint: 917500 ns, At safepoint: 31800 ns, Total: 949300 ns
[2022-05-03T01:20:14.079+0000][162][safepoint   ] Safepoint "Cleanup", Time since last: 3002254100 ns, Reaching safepoint: 914100 ns, At safepoint: 33100 ns, Total: 947200 ns
[2022-05-03T01:21:04.093+0000][162][safepoint   ] Safepoint "Cleanup", Time since last: 50013280800 ns, Reaching safepoint: 291600 ns, At safepoint: 15300 ns, Total: 306900 ns
[2022-05-03T01:21:07.094+0000][162][safepoint   ] Safepoint "Cleanup", Time since last: 3001126400 ns, Reaching safepoint: 206800 ns, At safepoint: 7100 ns, Total: 213900 ns
[2022-05-03T01:21:08.095+0000][162][safepoint   ] Safepoint "Cleanup", Time since last: 1000574500 ns, Reaching safepoint: 219700 ns, At safepoint: 8800 ns, Total: 228500 ns
[2022-05-03T01:21:38.102+0000][162][safepoint   ] Safepoint "Cleanup", Time since last: 30006711600 ns, Reaching safepoint: 224300 ns, At safepoint: 10600 ns, Total: 234900 ns
[2022-05-03T01:21:42.103+0000][162][safepoint   ] Safepoint "Cleanup", Time since last: 4001154000 ns, Reaching safepoint: 302300 ns, At safepoint: 19900 ns, Total: 322200 ns
[2022-05-03T01:22:11.112+0000][162][safepoint   ] Safepoint "Cleanup", Time since last: 29008626700 ns, Reaching safepoint: 268800 ns, At safepoint: 10200 ns, Total: 279000 ns
[2022-05-03T01:22:45.118+0000][162][safepoint   ] Safepoint "Cleanup", Time since last: 34005557600 ns, Reaching safepoint: 287200 ns, At safepoint: 14400 ns, Total: 301600 ns
[2022-05-03T01:23:11.125+0000][162][safepoint   ] Safepoint "Cleanup", Time since last: 26006269200 ns, Reaching safepoint: 269300 ns, At safepoint: 37700 ns, Total: 307000 ns
[2022-05-03T01:23:14.126+0000][162][safepoint   ] Safepoint "Cleanup", Time since last: 3001445500 ns, Reaching safepoint: 292300 ns, At safepoint: 8000 ns, Total: 300300 ns
[2022-05-03T01:23:15.127+0000][162][safepoint   ] Safepoint "Cleanup", Time since last: 1000557200 ns, Reaching safepoint: 213800 ns, At safepoint: 21300 ns, Total: 235100 ns
[2022-05-03T01:25:04.153+0000][162][safepoint   ] Safepoint "Cleanup", Time since last: 109025056000 ns, Reaching safepoint: 443600 ns, At safepoint: 29700 ns, Total: 473300 ns
[2022-05-03T01:25:04.284+0000][162][gc,start    ] GC(27) Pause Young (Normal) (G1 Evacuation Pause)
[2022-05-03T01:25:04.285+0000][162][gc,task     ] GC(27) Using 10 workers of 10 for evacuation
[2022-05-03T01:25:04.285+0000][162][gc,age      ] GC(27) Desired survivor size 20971520 bytes, new threshold 15 (max threshold 15)
[2022-05-03T01:25:04.295+0000][162][gc,age      ] GC(27) Age table with threshold 15 (max threshold 15)
[2022-05-03T01:25:04.295+0000][162][gc,age      ] GC(27) - age   1:     852752 bytes,     852752 total
[2022-05-03T01:25:04.296+0000][162][gc,age      ] GC(27) - age   2:      55440 bytes,     908192 total
[2022-05-03T01:25:04.296+0000][162][gc,age      ] GC(27) - age   3:      46656 bytes,     954848 total
[2022-05-03T01:25:04.296+0000][162][gc,age      ] GC(27) - age   4:      87152 bytes,    1042000 total
[2022-05-03T01:25:04.296+0000][162][gc,age      ] GC(27) - age   5:      71592 bytes,    1113592 total
[2022-05-03T01:25:04.297+0000][162][gc,age      ] GC(27) - age   6:     942912 bytes,    2056504 total
[2022-05-03T01:25:04.297+0000][162][gc,age      ] GC(27) - age   7:      77408 bytes,    2133912 total
[2022-05-03T01:25:04.297+0000][162][gc,age      ] GC(27) - age   8:     283816 bytes,    2417728 total
[2022-05-03T01:25:04.297+0000][162][gc,age      ] GC(27) - age   9:    1852496 bytes,    4270224 total
[2022-05-03T01:25:04.297+0000][162][gc,age      ] GC(27) - age  10:    2005528 bytes,    6275752 total
[2022-05-03T01:25:04.297+0000][162][gc,age      ] GC(27) - age  11:    4459632 bytes,   10735384 total
[2022-05-03T01:25:04.297+0000][162][gc,age      ] GC(27) - age  12:    3489320 bytes,   14224704 total
[2022-05-03T01:25:04.298+0000][162][gc,phases   ] GC(27)   Pre Evacuate Collection Set: 0.3ms
[2022-05-03T01:25:04.298+0000][162][gc,phases   ] GC(27)   Merge Heap Roots: 0.2ms
[2022-05-03T01:25:04.298+0000][162][gc,phases   ] GC(27)   Evacuate Collection Set: 6.9ms
[2022-05-03T01:25:04.298+0000][162][gc,phases   ] GC(27)   Post Evacuate Collection Set: 1.8ms
[2022-05-03T01:25:04.298+0000][162][gc,phases   ] GC(27)   Other: 4.3ms
[2022-05-03T01:25:04.298+0000][162][gc,heap     ] GC(27) Eden regions: 72->0(72)
[2022-05-03T01:25:04.298+0000][162][gc,heap     ] GC(27) Survivor regions: 4->4(10)
[2022-05-03T01:25:04.299+0000][162][gc,heap     ] GC(27) Old regions: 17->17
[2022-05-03T01:25:04.299+0000][162][gc,heap     ] GC(27) Archive regions: 2->2
[2022-05-03T01:25:04.299+0000][162][gc,heap     ] GC(27) Humongous regions: 6->6
[2022-05-03T01:25:04.299+0000][162][gc,metaspace] GC(27) Metaspace: 115954K(117696K)->115954K(117696K) NonClass: 100399K(101440K)->100399K(101440K) Class: 15554K(16256K)->15554K(16256K)
[2022-05-03T01:25:04.299+0000][162][gc          ] GC(27) Pause Young (Normal) (G1 Evacuation Pause) 398M->110M(512M) 14.832ms
[2022-05-03T01:25:04.299+0000][162][gc,cpu      ] GC(27) User=0.06s Sys=0.00s Real=0.01s
[2022-05-03T01:25:04.299+0000][162][safepoint   ] Safepoint "G1CollectForAllocation", Time since last: 131108600 ns, Reaching safepoint: 291700 ns, At safepoint: 15215400 ns, Total: 15507100 ns
[2022-05-03T01:26:06.311+0000][162][safepoint   ] Safepoint "Cleanup", Time since last: 62011202400 ns, Reaching safepoint: 528400 ns, At safepoint: 49800 ns, Total: 578200 ns
[2022-05-03T01:26:11.314+0000][162][safepoint   ] Safepoint "Cleanup", Time since last: 5002350300 ns, Reaching safepoint: 203600 ns, At safepoint: 7700 ns, Total: 211300 ns
[2022-05-03T01:26:14.316+0000][162][safepoint   ] Safepoint "Cleanup", Time since last: 3001602300 ns, Reaching safepoint: 944100 ns, At safepoint: 33200 ns, Total: 977300 ns
[2022-05-03T01:27:12.333+0000][162][safepoint   ] Safepoint "Cleanup", Time since last: 58015479600 ns, Reaching safepoint: 1035200 ns, At safepoint: 31300 ns, Total: 1066500 ns
[2022-05-03T01:27:14.336+0000][162][safepoint   ] Safepoint "Cleanup", Time since last: 2002105700 ns, Reaching safepoint: 834400 ns, At safepoint: 82300 ns, Total: 916700 ns
[2022-05-03T01:27:24.339+0000][162][safepoint   ] Safepoint "Cleanup", Time since last: 10002485600 ns, Reaching safepoint: 332900 ns, At safepoint: 29300 ns, Total: 362200 ns
[2022-05-03T01:27:41.341+0000][162][safepoint   ] Safepoint "Cleanup", Time since last: 17002331900 ns, Reaching safepoint: 297700 ns, At safepoint: 25200 ns, Total: 322900 ns
[2022-05-03T01:28:11.348+0000][162][safepoint   ] Safepoint "Cleanup", Time since last: 30005966900 ns, Reaching safepoint: 452900 ns, At safepoint: 20100 ns, Total: 473000 ns
[2022-05-03T01:29:13.364+0000][162][safepoint   ] Safepoint "Cleanup", Time since last: 62015602800 ns, Reaching safepoint: 305400 ns, At safepoint: 26800 ns, Total: 332200 ns
[2022-05-03T01:29:39.371+0000][162][safepoint   ] Safepoint "Cleanup", Time since last: 26007059300 ns, Reaching safepoint: 212200 ns, At safepoint: 7000 ns, Total: 219200 ns
[2022-05-03T01:29:42.373+0000][162][safepoint   ] Safepoint "Cleanup", Time since last: 3001439400 ns, Reaching safepoint: 187900 ns, At safepoint: 7700 ns, Total: 195600 ns
[2022-05-03T01:29:44.374+0000][162][safepoint   ] Safepoint "Cleanup", Time since last: 2000645800 ns, Reaching safepoint: 213600 ns, At safepoint: 10800 ns, Total: 224400 ns
[2022-05-03T01:30:00.376+0000][162][safepoint   ] Safepoint "Cleanup", Time since last: 16002211700 ns, Reaching safepoint: 226300 ns, At safepoint: 7100 ns, Total: 233400 ns
[2022-05-03T01:30:13.380+0000][162][safepoint   ] Safepoint "Cleanup", Time since last: 13002572000 ns, Reaching safepoint: 940500 ns, At safepoint: 99300 ns, Total: 1039800 ns
[2022-05-03T01:30:24.383+0000][162][safepoint   ] Safepoint "Cleanup", Time since last: 11002882400 ns, Reaching safepoint: 300500 ns, At safepoint: 12300 ns, Total: 312800 ns
[2022-05-03T01:31:06.392+0000][162][safepoint   ] Safepoint "Cleanup", Time since last: 42009510100 ns, Reaching safepoint: 187600 ns, At safepoint: 7500 ns, Total: 195100 ns
[2022-05-03T01:31:07.393+0000][162][safepoint   ] Safepoint "Cleanup", Time since last: 1000285300 ns, Reaching safepoint: 210800 ns, At safepoint: 8600 ns, Total: 219400 ns
[2022-05-03T01:31:13.395+0000][162][safepoint   ] Safepoint "Cleanup", Time since last: 6001305800 ns, Reaching safepoint: 227400 ns, At safepoint: 9700 ns, Total: 237100 ns
[2022-05-03T01:31:14.396+0000][162][safepoint   ] Safepoint "Cleanup", Time since last: 1000920600 ns, Reaching safepoint: 358800 ns, At safepoint: 13300 ns, Total: 372100 ns
[2022-05-03T01:32:11.407+0000][162][safepoint   ] Safepoint "Cleanup", Time since last: 57011424600 ns, Reaching safepoint: 222000 ns, At safepoint: 11900 ns, Total: 233900 ns
[2022-05-03T01:32:13.408+0000][162][safepoint   ] Safepoint "Cleanup", Time since last: 2000609400 ns, Reaching safepoint: 304300 ns, At safepoint: 21600 ns, Total: 325900 ns
[2022-05-03T01:34:19.434+0000][162][safepoint   ] Safepoint "Cleanup", Time since last: 126025038600 ns, Reaching safepoint: 199000 ns, At safepoint: 7500 ns, Total: 206500 ns
[2022-05-03T01:35:11.451+0000][162][safepoint   ] Safepoint "Cleanup", Time since last: 52016851500 ns, Reaching safepoint: 273800 ns, At safepoint: 11300 ns, Total: 285100 ns
[2022-05-03T01:35:14.453+0000][162][safepoint   ] Safepoint "Cleanup", Time since last: 3001426900 ns, Reaching safepoint: 649200 ns, At safepoint: 24400 ns, Total: 673600 ns
[2022-05-03T01:35:16.455+0000][162][safepoint   ] Safepoint "Cleanup", Time since last: 2001674000 ns, Reaching safepoint: 291600 ns, At safepoint: 15000 ns, Total: 306600 ns
[2022-05-03T01:35:26.459+0000][162][safepoint   ] Safepoint "Cleanup", Time since last: 10003371000 ns, Reaching safepoint: 957100 ns, At safepoint: 32900 ns, Total: 990000 ns
[2022-05-03T01:35:49.469+0000][162][safepoint   ] Safepoint "Cleanup", Time since last: 23008882600 ns, Reaching safepoint: 886300 ns, At safepoint: 29500 ns, Total: 915800 ns
[2022-05-03T01:36:13.477+0000][162][safepoint   ] Safepoint "Cleanup", Time since last: 24007417100 ns, Reaching safepoint: 394900 ns, At safepoint: 10200 ns, Total: 405100 ns
[2022-05-03T01:36:14.478+0000][162][safepoint   ] Safepoint "Cleanup", Time since last: 1000668100 ns, Reaching safepoint: 308900 ns, At safepoint: 10300 ns, Total: 319200 ns
[2022-05-03T01:37:11.118+0000][162][gc,start    ] GC(28) Pause Young (Normal) (G1 Evacuation Pause)
[2022-05-03T01:37:11.118+0000][162][gc,task     ] GC(28) Using 10 workers of 10 for evacuation
[2022-05-03T01:37:11.118+0000][162][gc,age      ] GC(28) Desired survivor size 20971520 bytes, new threshold 15 (max threshold 15)
[2022-05-03T01:37:11.127+0000][162][gc,age      ] GC(28) Age table with threshold 15 (max threshold 15)
[2022-05-03T01:37:11.127+0000][162][gc,age      ] GC(28) - age   1:     954896 bytes,     954896 total
[2022-05-03T01:37:11.128+0000][162][gc,age      ] GC(28) - age   2:      59064 bytes,    1013960 total
[2022-05-03T01:37:11.128+0000][162][gc,age      ] GC(28) - age   3:      47128 bytes,    1061088 total
[2022-05-03T01:37:11.128+0000][162][gc,age      ] GC(28) - age   4:      46560 bytes,    1107648 total
[2022-05-03T01:37:11.128+0000][162][gc,age      ] GC(28) - age   5:      87152 bytes,    1194800 total
[2022-05-03T01:37:11.129+0000][162][gc,age      ] GC(28) - age   6:      71528 bytes,    1266328 total
[2022-05-03T01:37:11.129+0000][162][gc,age      ] GC(28) - age   7:     942912 bytes,    2209240 total
[2022-05-03T01:37:11.129+0000][162][gc,age      ] GC(28) - age   8:      77408 bytes,    2286648 total
[2022-05-03T01:37:11.130+0000][162][gc,age      ] GC(28) - age   9:     283584 bytes,    2570232 total
[2022-05-03T01:37:11.130+0000][162][gc,age      ] GC(28) - age  10:    1852496 bytes,    4422728 total
[2022-05-03T01:37:11.130+0000][162][gc,age      ] GC(28) - age  11:    2005528 bytes,    6428256 total
[2022-05-03T01:37:11.130+0000][162][gc,age      ] GC(28) - age  12:    4459632 bytes,   10887888 total
[2022-05-03T01:37:11.130+0000][162][gc,age      ] GC(28) - age  13:    3489280 bytes,   14377168 total
[2022-05-03T01:37:11.131+0000][162][gc,phases   ] GC(28)   Pre Evacuate Collection Set: 0.3ms
[2022-05-03T01:37:11.131+0000][162][gc,phases   ] GC(28)   Merge Heap Roots: 0.3ms
[2022-05-03T01:37:11.131+0000][162][gc,phases   ] GC(28)   Evacuate Collection Set: 5.7ms
[2022-05-03T01:37:11.131+0000][162][gc,phases   ] GC(28)   Post Evacuate Collection Set: 2.1ms
[2022-05-03T01:37:11.132+0000][162][gc,phases   ] GC(28)   Other: 4.7ms
[2022-05-03T01:37:11.132+0000][162][gc,heap     ] GC(28) Eden regions: 72->0(72)
[2022-05-03T01:37:11.132+0000][162][gc,heap     ] GC(28) Survivor regions: 4->4(10)
[2022-05-03T01:37:11.132+0000][162][gc,heap     ] GC(28) Old regions: 17->17
[2022-05-03T01:37:11.132+0000][162][gc,heap     ] GC(28) Archive regions: 2->2
[2022-05-03T01:37:11.133+0000][162][gc,heap     ] GC(28) Humongous regions: 6->6
[2022-05-03T01:37:11.133+0000][162][gc,metaspace] GC(28) Metaspace: 116042K(117760K)->116042K(117760K) NonClass: 100484K(101504K)->100484K(101504K) Class: 15557K(16256K)->15557K(16256K)
[2022-05-03T01:37:11.133+0000][162][gc          ] GC(28) Pause Young (Normal) (G1 Evacuation Pause) 398M->110M(512M) 15.406ms
[2022-05-03T01:37:11.133+0000][162][gc,cpu      ] GC(28) User=0.05s Sys=0.00s Real=0.02s
[2022-05-03T01:37:11.134+0000][162][safepoint   ] Safepoint "G1CollectForAllocation", Time since last: 56639463500 ns, Reaching safepoint: 300000 ns, At safepoint: 15957800 ns, Total: 16257800 ns
[2022-05-03T01:38:00.038+0000][162][safepoint   ] Safepoint "Cleanup", Time since last: 48904492500 ns, Reaching safepoint: 201200 ns, At safepoint: 40300 ns, Total: 241500 ns
[2022-05-03T01:38:01.040+0000][162][safepoint   ] Safepoint "Cleanup", Time since last: 1001786800 ns, Reaching safepoint: 318500 ns, At safepoint: 15500 ns, Total: 334000 ns
[2022-05-03T01:38:08.044+0000][162][safepoint   ] Safepoint "Cleanup", Time since last: 7002517200 ns, Reaching safepoint: 865900 ns, At safepoint: 31900 ns, Total: 897800 ns
[2022-05-03T01:38:14.047+0000][162][safepoint   ] Safepoint "Cleanup", Time since last: 6002587100 ns, Reaching safepoint: 272900 ns, At safepoint: 35100 ns, Total: 308000 ns
[2022-05-03T01:38:38.053+0000][162][safepoint   ] Safepoint "Cleanup", Time since last: 24005601400 ns, Reaching safepoint: 316400 ns, At safepoint: 38500 ns, Total: 354900 ns
[2022-05-03T01:39:17.062+0000][162][safepoint   ] Safepoint "Cleanup", Time since last: 39008883000 ns, Reaching safepoint: 244400 ns, At safepoint: 9300 ns, Total: 253700 ns
[2022-05-03T01:40:08.072+0000][162][safepoint   ] Safepoint "Cleanup", Time since last: 51009458300 ns, Reaching safepoint: 960300 ns, At safepoint: 43800 ns, Total: 1004100 ns
[2022-05-03T01:40:14.076+0000][162][safepoint   ] Safepoint "Cleanup", Time since last: 6002796900 ns, Reaching safepoint: 957900 ns, At safepoint: 38700 ns, Total: 996600 ns
[2022-05-03T01:40:38.085+0000][162][safepoint   ] Safepoint "Cleanup", Time since last: 24007747400 ns, Reaching safepoint: 955500 ns, At safepoint: 36000 ns, Total: 991500 ns
[2022-05-03T01:41:07.094+0000][162][safepoint   ] Safepoint "Cleanup", Time since last: 29008451200 ns, Reaching safepoint: 233700 ns, At safepoint: 11600 ns, Total: 245300 ns
[2022-05-03T01:41:12.095+0000][162][safepoint   ] Safepoint "Cleanup", Time since last: 5001282500 ns, Reaching safepoint: 242900 ns, At safepoint: 41400 ns, Total: 284300 ns
[2022-05-03T01:41:45.104+0000][162][safepoint   ] Safepoint "Cleanup", Time since last: 33008168100 ns, Reaching safepoint: 287600 ns, At safepoint: 10900 ns, Total: 298500 ns
[2022-05-03T01:42:12.118+0000][162][safepoint   ] Safepoint "Cleanup", Time since last: 27014310600 ns, Reaching safepoint: 274900 ns, At safepoint: 11500 ns, Total: 286400 ns
[2022-05-03T01:42:14.119+0000][162][safepoint   ] Safepoint "Cleanup", Time since last: 2000650800 ns, Reaching safepoint: 256700 ns, At safepoint: 21700 ns, Total: 278400 ns
[2022-05-03T01:43:08.135+0000][162][safepoint   ] Safepoint "Cleanup", Time since last: 54014967800 ns, Reaching safepoint: 1020000 ns, At safepoint: 62300 ns, Total: 1082300 ns
[2022-05-03T01:43:12.495+0000][162][safepoint   ] Safepoint "Cleanup", Time since last: 4359105900 ns, Reaching safepoint: 270300 ns, At safepoint: 20100 ns, Total: 290400 ns
[2022-05-03T01:44:11.510+0000][162][safepoint   ] Safepoint "Cleanup", Time since last: 59015144400 ns, Reaching safepoint: 251900 ns, At safepoint: 8300 ns, Total: 260200 ns
[2022-05-03T01:44:13.511+0000][162][safepoint   ] Safepoint "Cleanup", Time since last: 2000681700 ns, Reaching safepoint: 227600 ns, At safepoint: 7400 ns, Total: 235000 ns
[2022-05-03T01:46:12.536+0000][162][safepoint   ] Safepoint "Cleanup", Time since last: 119024428300 ns, Reaching safepoint: 243400 ns, At safepoint: 8600 ns, Total: 252000 ns
[2022-05-03T01:46:13.536+0000][162][safepoint   ] Safepoint "Cleanup", Time since last: 1000522700 ns, Reaching safepoint: 207600 ns, At safepoint: 7600 ns, Total: 215200 ns
[2022-05-03T01:46:41.547+0000][162][safepoint   ] Safepoint "Cleanup", Time since last: 28009462700 ns, Reaching safepoint: 917200 ns, At safepoint: 28900 ns, Total: 946100 ns
[2022-05-03T01:46:44.549+0000][162][safepoint   ] Safepoint "Cleanup", Time since last: 3001976900 ns, Reaching safepoint: 390300 ns, At safepoint: 18200 ns, Total: 408500 ns
[2022-05-03T01:47:07.557+0000][162][safepoint   ] Safepoint "Cleanup", Time since last: 23007426500 ns, Reaching safepoint: 456000 ns, At safepoint: 21500 ns, Total: 477500 ns
[2022-05-03T01:47:11.561+0000][162][safepoint   ] Safepoint "Cleanup", Time since last: 4001494100 ns, Reaching safepoint: 2276900 ns, At safepoint: 40800 ns, Total: 2317700 ns
[2022-05-03T01:47:12.561+0000][162][safepoint   ] Safepoint "Cleanup", Time since last: 1000442900 ns, Reaching safepoint: 241700 ns, At safepoint: 10200 ns, Total: 251900 ns
[2022-05-03T01:47:14.563+0000][162][safepoint   ] Safepoint "Cleanup", Time since last: 2001042100 ns, Reaching safepoint: 339600 ns, At safepoint: 11400 ns, Total: 351000 ns
[2022-05-03T01:47:37.569+0000][162][safepoint   ] Safepoint "Cleanup", Time since last: 23005592900 ns, Reaching safepoint: 199800 ns, At safepoint: 7600 ns, Total: 207400 ns
[2022-05-03T01:47:41.570+0000][162][safepoint   ] Safepoint "Cleanup", Time since last: 4000953400 ns, Reaching safepoint: 234600 ns, At safepoint: 7300 ns, Total: 241900 ns
[2022-05-03T01:48:13.577+0000][162][safepoint   ] Safepoint "Cleanup", Time since last: 32006454600 ns, Reaching safepoint: 885800 ns, At safepoint: 30200 ns, Total: 916000 ns
[2022-05-03T01:48:30.583+0000][162][safepoint   ] Safepoint "Cleanup", Time since last: 17005132700 ns, Reaching safepoint: 330200 ns, At safepoint: 16900 ns, Total: 347100 ns
[2022-05-03T01:48:37.585+0000][162][safepoint   ] Safepoint "Cleanup", Time since last: 7002239500 ns, Reaching safepoint: 200600 ns, At safepoint: 7300 ns, Total: 207900 ns
[2022-05-03T01:49:11.594+0000][162][safepoint   ] Safepoint "Cleanup", Time since last: 34007898400 ns, Reaching safepoint: 925900 ns, At safepoint: 34500 ns, Total: 960400 ns
[2022-05-03T01:49:13.400+0000][162][gc,start    ] GC(29) Pause Young (Normal) (G1 Evacuation Pause)
[2022-05-03T01:49:13.400+0000][162][gc,task     ] GC(29) Using 10 workers of 10 for evacuation
[2022-05-03T01:49:13.401+0000][162][gc,age      ] GC(29) Desired survivor size 20971520 bytes, new threshold 15 (max threshold 15)
[2022-05-03T01:49:13.411+0000][162][gc,age      ] GC(29) Age table with threshold 15 (max threshold 15)
[2022-05-03T01:49:13.412+0000][162][gc,age      ] GC(29) - age   1:    1025472 bytes,    1025472 total
[2022-05-03T01:49:13.412+0000][162][gc,age      ] GC(29) - age   2:      74328 bytes,    1099800 total
[2022-05-03T01:49:13.412+0000][162][gc,age      ] GC(29) - age   3:      47920 bytes,    1147720 total
[2022-05-03T01:49:13.413+0000][162][gc,age      ] GC(29) - age   4:      46600 bytes,    1194320 total
[2022-05-03T01:49:13.413+0000][162][gc,age      ] GC(29) - age   5:      46128 bytes,    1240448 total
[2022-05-03T01:49:13.413+0000][162][gc,age      ] GC(29) - age   6:      86848 bytes,    1327296 total
[2022-05-03T01:49:13.414+0000][162][gc,age      ] GC(29) - age   7:      71528 bytes,    1398824 total
[2022-05-03T01:49:13.414+0000][162][gc,age      ] GC(29) - age   8:     942040 bytes,    2340864 total
[2022-05-03T01:49:13.414+0000][162][gc,age      ] GC(29) - age   9:      77408 bytes,    2418272 total
[2022-05-03T01:49:13.414+0000][162][gc,age      ] GC(29) - age  10:     283584 bytes,    2701856 total
[2022-05-03T01:49:13.414+0000][162][gc,age      ] GC(29) - age  11:    1852112 bytes,    4553968 total
[2022-05-03T01:49:13.415+0000][162][gc,age      ] GC(29) - age  12:    2005408 bytes,    6559376 total
[2022-05-03T01:49:13.415+0000][162][gc,age      ] GC(29) - age  13:    4459632 bytes,   11019008 total
[2022-05-03T01:49:13.415+0000][162][gc,age      ] GC(29) - age  14:    3489280 bytes,   14508288 total
[2022-05-03T01:49:13.415+0000][162][gc,phases   ] GC(29)   Pre Evacuate Collection Set: 0.3ms
[2022-05-03T01:49:13.415+0000][162][gc,phases   ] GC(29)   Merge Heap Roots: 0.3ms
[2022-05-03T01:49:13.415+0000][162][gc,phases   ] GC(29)   Evacuate Collection Set: 7.0ms
[2022-05-03T01:49:13.415+0000][162][gc,phases   ] GC(29)   Post Evacuate Collection Set: 2.4ms
[2022-05-03T01:49:13.416+0000][162][gc,phases   ] GC(29)   Other: 5.1ms
[2022-05-03T01:49:13.416+0000][162][gc,heap     ] GC(29) Eden regions: 72->0(72)
[2022-05-03T01:49:13.416+0000][162][gc,heap     ] GC(29) Survivor regions: 4->4(10)
[2022-05-03T01:49:13.416+0000][162][gc,heap     ] GC(29) Old regions: 17->17
[2022-05-03T01:49:13.416+0000][162][gc,heap     ] GC(29) Archive regions: 2->2
[2022-05-03T01:49:13.416+0000][162][gc,heap     ] GC(29) Humongous regions: 6->6
[2022-05-03T01:49:13.416+0000][162][gc,metaspace] GC(29) Metaspace: 116485K(118272K)->116485K(118272K) NonClass: 100873K(101952K)->100873K(101952K) Class: 15611K(16320K)->15611K(16320K)
[2022-05-03T01:49:13.417+0000][162][gc          ] GC(29) Pause Young (Normal) (G1 Evacuation Pause) 398M->111M(512M) 16.655ms
[2022-05-03T01:49:13.417+0000][162][gc,cpu      ] GC(29) User=0.05s Sys=0.02s Real=0.02s
[2022-05-03T01:49:13.417+0000][162][safepoint   ] Safepoint "G1CollectForAllocation", Time since last: 1805569500 ns, Reaching safepoint: 305300 ns, At safepoint: 17042000 ns, Total: 17347300 ns
[2022-05-03T01:49:40.424+0000][162][safepoint   ] Safepoint "Cleanup", Time since last: 27006628600 ns, Reaching safepoint: 230900 ns, At safepoint: 15400 ns, Total: 246300 ns
[2022-05-03T01:49:41.425+0000][162][safepoint   ] Safepoint "Cleanup", Time since last: 1000469300 ns, Reaching safepoint: 288900 ns, At safepoint: 17300 ns, Total: 306200 ns
[2022-05-03T01:50:11.431+0000][162][safepoint   ] Safepoint "Cleanup", Time since last: 30005949700 ns, Reaching safepoint: 902900 ns, At safepoint: 28700 ns, Total: 931600 ns
[2022-05-03T01:50:34.439+0000][162][safepoint   ] Safepoint "Cleanup", Time since last: 23006500400 ns, Reaching safepoint: 1216700 ns, At safepoint: 50000 ns, Total: 1266700 ns
[2022-05-03T01:50:41.443+0000][162][safepoint   ] Safepoint "Cleanup", Time since last: 7002820300 ns, Reaching safepoint: 766300 ns, At safepoint: 26500 ns, Total: 792800 ns
[2022-05-03T01:51:06.451+0000][162][safepoint   ] Safepoint "Cleanup", Time since last: 25008436200 ns, Reaching safepoint: 204200 ns, At safepoint: 21200 ns, Total: 225400 ns
[2022-05-03T01:51:07.452+0000][162][safepoint   ] Safepoint "Cleanup", Time since last: 1000501800 ns, Reaching safepoint: 231600 ns, At safepoint: 7500 ns, Total: 239100 ns
[2022-05-03T01:51:08.453+0000][162][safepoint   ] Safepoint "Cleanup", Time since last: 1000598100 ns, Reaching safepoint: 213800 ns, At safepoint: 7200 ns, Total: 221000 ns
[2022-05-03T01:52:11.468+0000][162][safepoint   ] Safepoint "Cleanup", Time since last: 63015212600 ns, Reaching safepoint: 208200 ns, At safepoint: 9000 ns, Total: 217200 ns
[2022-05-03T01:52:13.469+0000][162][safepoint   ] Safepoint "Cleanup", Time since last: 2000634200 ns, Reaching safepoint: 233500 ns, At safepoint: 18600 ns, Total: 252100 ns
[2022-05-03T01:53:38.582+0000][162][safepoint   ] Safepoint "Cleanup", Time since last: 85111926600 ns, Reaching safepoint: 294700 ns, At safepoint: 11000 ns, Total: 305700 ns
[2022-05-03T01:54:13.591+0000][162][safepoint   ] Safepoint "Cleanup", Time since last: 35009118100 ns, Reaching safepoint: 219000 ns, At safepoint: 32400 ns, Total: 251400 ns
[2022-05-03T01:54:37.597+0000][162][safepoint   ] Safepoint "Cleanup", Time since last: 24005321200 ns, Reaching safepoint: 229400 ns, At safepoint: 10200 ns, Total: 239600 ns
[2022-05-03T01:55:01.601+0000][162][safepoint   ] Safepoint "Cleanup", Time since last: 24003944400 ns, Reaching safepoint: 910400 ns, At safepoint: 31700 ns, Total: 942100 ns
[2022-05-03T01:55:02.603+0000][162][safepoint   ] Safepoint "Cleanup", Time since last: 1001312700 ns, Reaching safepoint: 203800 ns, At safepoint: 8000 ns, Total: 211800 ns
[2022-05-03T01:55:11.605+0000][162][safepoint   ] Safepoint "Cleanup", Time since last: 9001901300 ns, Reaching safepoint: 195300 ns, At safepoint: 7700 ns, Total: 203000 ns
[2022-05-03T01:55:13.607+0000][162][safepoint   ] Safepoint "Cleanup", Time since last: 2000882800 ns, Reaching safepoint: 988000 ns, At safepoint: 36600 ns, Total: 1024600 ns
[2022-05-03T01:57:41.639+0000][162][safepoint   ] Safepoint "Cleanup", Time since last: 148031387900 ns, Reaching safepoint: 346600 ns, At safepoint: 12500 ns, Total: 359100 ns
[2022-05-03T01:59:08.662+0000][162][safepoint   ] Safepoint "Cleanup", Time since last: 87022753500 ns, Reaching safepoint: 207400 ns, At safepoint: 21000 ns, Total: 228400 ns
[2022-05-03T01:59:13.663+0000][162][safepoint   ] Safepoint "Cleanup", Time since last: 5000927200 ns, Reaching safepoint: 271400 ns, At safepoint: 8900 ns, Total: 280300 ns
[2022-05-03T02:01:06.667+0000][162][gc,start    ] GC(30) Pause Young (Normal) (G1 Evacuation Pause)
[2022-05-03T02:01:06.667+0000][162][gc,task     ] GC(30) Using 10 workers of 10 for evacuation
[2022-05-03T02:01:06.667+0000][162][gc,age      ] GC(30) Desired survivor size 20971520 bytes, new threshold 15 (max threshold 15)
[2022-05-03T02:01:06.674+0000][162][gc,age      ] GC(30) Age table with threshold 15 (max threshold 15)
[2022-05-03T02:01:06.675+0000][162][gc,age      ] GC(30) - age   1:     900528 bytes,     900528 total
[2022-05-03T02:01:06.675+0000][162][gc,age      ] GC(30) - age   2:     156264 bytes,    1056792 total
[2022-05-03T02:01:06.675+0000][162][gc,age      ] GC(30) - age   3:      66976 bytes,    1123768 total
[2022-05-03T02:01:06.675+0000][162][gc,age      ] GC(30) - age   4:      46920 bytes,    1170688 total
[2022-05-03T02:01:06.676+0000][162][gc,age      ] GC(30) - age   5:      46528 bytes,    1217216 total
[2022-05-03T02:01:06.676+0000][162][gc,age      ] GC(30) - age   6:      46128 bytes,    1263344 total
[2022-05-03T02:01:06.676+0000][162][gc,age      ] GC(30) - age   7:      86848 bytes,    1350192 total
[2022-05-03T02:01:06.677+0000][162][gc,age      ] GC(30) - age   8:      71528 bytes,    1421720 total
[2022-05-03T02:01:06.677+0000][162][gc,age      ] GC(30) - age   9:     941664 bytes,    2363384 total
[2022-05-03T02:01:06.677+0000][162][gc,age      ] GC(30) - age  10:      77408 bytes,    2440792 total
[2022-05-03T02:01:06.678+0000][162][gc,age      ] GC(30) - age  11:     283584 bytes,    2724376 total
[2022-05-03T02:01:06.678+0000][162][gc,age      ] GC(30) - age  12:    1852112 bytes,    4576488 total
[2022-05-03T02:01:06.678+0000][162][gc,age      ] GC(30) - age  13:    2005280 bytes,    6581768 total
[2022-05-03T02:01:06.678+0000][162][gc,age      ] GC(30) - age  14:    4459632 bytes,   11041400 total
[2022-05-03T02:01:06.679+0000][162][gc,age      ] GC(30) - age  15:    3489280 bytes,   14530680 total
[2022-05-03T02:01:06.679+0000][162][gc,phases   ] GC(30)   Pre Evacuate Collection Set: 0.2ms
[2022-05-03T02:01:06.679+0000][162][gc,phases   ] GC(30)   Merge Heap Roots: 0.1ms
[2022-05-03T02:01:06.679+0000][162][gc,phases   ] GC(30)   Evacuate Collection Set: 5.0ms
[2022-05-03T02:01:06.679+0000][162][gc,phases   ] GC(30)   Post Evacuate Collection Set: 1.9ms
[2022-05-03T02:01:06.680+0000][162][gc,phases   ] GC(30)   Other: 5.2ms
[2022-05-03T02:01:06.680+0000][162][gc,heap     ] GC(30) Eden regions: 72->0(72)
[2022-05-03T02:01:06.680+0000][162][gc,heap     ] GC(30) Survivor regions: 4->4(10)
[2022-05-03T02:01:06.680+0000][162][gc,heap     ] GC(30) Old regions: 17->17
[2022-05-03T02:01:06.681+0000][162][gc,heap     ] GC(30) Archive regions: 2->2
[2022-05-03T02:01:06.681+0000][162][gc,heap     ] GC(30) Humongous regions: 6->6
[2022-05-03T02:01:06.681+0000][162][gc,metaspace] GC(30) Metaspace: 116519K(118272K)->116519K(118272K) NonClass: 100908K(101952K)->100908K(101952K) Class: 15611K(16320K)->15611K(16320K)
[2022-05-03T02:01:06.681+0000][162][gc          ] GC(30) Pause Young (Normal) (G1 Evacuation Pause) 399M->110M(512M) 14.673ms
[2022-05-03T02:01:06.681+0000][162][gc,cpu      ] GC(30) User=0.05s Sys=0.00s Real=0.02s
[2022-05-03T02:01:06.682+0000][162][safepoint   ] Safepoint "G1CollectForAllocation", Time since last: 113003402500 ns, Reaching safepoint: 193900 ns, At safepoint: 15126400 ns, Total: 15320300 ns
[2022-05-03T02:01:11.684+0000][162][safepoint   ] Safepoint "Cleanup", Time since last: 5001892600 ns, Reaching safepoint: 376700 ns, At safepoint: 14300 ns, Total: 391000 ns
[2022-05-03T02:01:13.685+0000][162][safepoint   ] Safepoint "Cleanup", Time since last: 2001157500 ns, Reaching safepoint: 216900 ns, At safepoint: 10100 ns, Total: 227000 ns
[2022-05-03T02:02:13.699+0000][162][safepoint   ] Safepoint "Cleanup", Time since last: 60013183400 ns, Reaching safepoint: 221600 ns, At safepoint: 8100 ns, Total: 229700 ns
[2022-05-03T02:02:41.703+0000][162][safepoint   ] Safepoint "Cleanup", Time since last: 28003653100 ns, Reaching safepoint: 301300 ns, At safepoint: 9600 ns, Total: 310900 ns
