[2022-04-22T06:01:21.385+0000][171][gc] Using G1
[2022-04-22T06:01:21.394+0000][171][gc,init] Version: 17.0.2+8 (release)
[2022-04-22T06:01:21.397+0000][171][gc,init] CPUs: 5 total, 5 available
[2022-04-22T06:01:21.398+0000][171][gc,init] Memory: 7851M
[2022-04-22T06:01:21.400+0000][171][gc,init] Large Page Support: Disabled
[2022-04-22T06:01:21.401+0000][171][gc,init] NUMA Support: Disabled
[2022-04-22T06:01:21.403+0000][171][gc,init] Compressed Oops: Enabled (32-bit)
[2022-04-22T06:01:21.404+0000][171][gc,init] Heap Region Size: 1M
[2022-04-22T06:01:21.405+0000][171][gc,init] Heap Min Capacity: 512M
[2022-04-22T06:01:21.406+0000][171][gc,init] Heap Initial Capacity: 512M
[2022-04-22T06:01:21.407+0000][171][gc,init] Heap Max Capacity: 512M
[2022-04-22T06:01:21.409+0000][171][gc,init] Pre-touch: Disabled
[2022-04-22T06:01:21.410+0000][171][gc,init] Parallel Workers: 5
[2022-04-22T06:01:21.411+0000][171][gc,init] Concurrent Workers: 1
[2022-04-22T06:01:21.412+0000][171][gc,init] Concurrent Refinement Workers: 5
[2022-04-22T06:01:21.413+0000][171][gc,init] Periodic GC: Disabled
[2022-04-22T06:01:21.414+0000][171][gc,metaspace] CDS archive(s) not mapped
[2022-04-22T06:01:21.414+0000][171][gc,metaspace] Compressed class space mapped at: 0x0000000100000000-0x0000000140000000, reserved size: 1073741824
[2022-04-22T06:01:21.416+0000][171][gc,metaspace] Narrow klass base: 0x0000000000000000, Narrow klass shift: 3, Narrow klass range: 0x140000000
[2022-04-22T06:01:21.531+0000][171][gc,heap,exit] Heap
[2022-04-22T06:01:21.532+0000][171][gc,heap,exit]  garbage-first heap   total 524288K, used 2048K [0x00000000e0000000, 0x0000000100000000)
[2022-04-22T06:01:21.533+0000][171][gc,heap,exit]   region size 1024K, 2 young (2048K), 0 survivors (0K)
[2022-04-22T06:01:21.534+0000][171][gc,heap,exit]  Metaspace       used 3482K, committed 3584K, reserved 1056768K
[2022-04-22T06:01:21.537+0000][171][gc,heap,exit]   class space    used 278K, committed 320K, reserved 1048576K
