[2022-04-22T08:03:45.639+0000][8][gc] Using G1
[2022-04-22T08:03:45.681+0000][8][gc,init] Version: 17.0.2+8 (release)
[2022-04-22T08:03:45.682+0000][8][gc,init] CPUs: 5 total, 5 available
[2022-04-22T08:03:45.683+0000][8][gc,init] Memory: 7851M
[2022-04-22T08:03:45.684+0000][8][gc,init] Large Page Support: Disabled
[2022-04-22T08:03:45.685+0000][8][gc,init] NUMA Support: Disabled
[2022-04-22T08:03:45.687+0000][8][gc,init] Compressed Oops: Enabled (32-bit)
[2022-04-22T08:03:45.688+0000][8][gc,init] Heap Region Size: 4M
[2022-04-22T08:03:45.689+0000][8][gc,init] Heap Min Capacity: 512M
[2022-04-22T08:03:45.690+0000][8][gc,init] Heap Initial Capacity: 512M
[2022-04-22T08:03:45.691+0000][8][gc,init] Heap Max Capacity: 512M
[2022-04-22T08:03:45.692+0000][8][gc,init] Pre-touch: Enabled
[2022-04-22T08:03:45.693+0000][8][gc,init] Parallel Workers: 5
[2022-04-22T08:03:45.694+0000][8][gc,init] Concurrent Workers: 1
[2022-04-22T08:03:45.695+0000][8][gc,init] Concurrent Refinement Workers: 5
[2022-04-22T08:03:45.696+0000][8][gc,init] Periodic GC: Disabled
[2022-04-22T08:03:45.697+0000][8][gc,metaspace] CDS archive(s) mapped at: [0x0000000800000000-0x0000000800bd2000-0x0000000800bd2000), size 12394496, SharedBaseAddress: 0x0000000800000000, ArchiveRelocationMode: 0.
[2022-04-22T08:03:45.698+0000][8][gc,metaspace] Compressed class space mapped at: 0x0000000800c00000-0x0000000840c00000, reserved size: 1073741824
[2022-04-22T08:03:45.699+0000][8][gc,metaspace] Narrow klass base: 0x0000000800000000, Narrow klass shift: 0, Narrow klass range: 0x100000000
[2022-04-22T08:03:45.822+0000][8][safepoint   ] Safepoint "ICBufferFull", Time since last: 118938250 ns, Reaching safepoint: 128042 ns, At safepoint: 2708 ns, Total: 130750 ns
[2022-04-22T08:03:45.871+0000][8][safepoint   ] Safepoint "ICBufferFull", Time since last: 49582167 ns, Reaching safepoint: 87958 ns, At safepoint: 4833 ns, Total: 92791 ns
[2022-04-22T08:03:45.961+0000][8][safepoint   ] Safepoint "ICBufferFull", Time since last: 89509334 ns, Reaching safepoint: 111083 ns, At safepoint: 10792 ns, Total: 121875 ns
[2022-04-22T08:03:46.001+0000][8][gc,start    ] GC(0) Pause Young (Normal) (G1 Evacuation Pause)
[2022-04-22T08:03:46.003+0000][8][gc,task     ] GC(0) Using 5 workers of 5 for evacuation
[2022-04-22T08:03:46.004+0000][8][gc,age      ] GC(0) Desired survivor size 2097152 bytes, new threshold 15 (max threshold 15)
[2022-04-22T08:03:46.008+0000][8][gc,age      ] GC(0) Age table with threshold 15 (max threshold 15)
[2022-04-22T08:03:46.009+0000][8][gc,age      ] GC(0) - age   1:    4167608 bytes,    4167608 total
[2022-04-22T08:03:46.010+0000][8][gc,phases   ] GC(0)   Pre Evacuate Collection Set: 0.1ms
[2022-04-22T08:03:46.011+0000][8][gc,phases   ] GC(0)   Merge Heap Roots: 0.1ms
[2022-04-22T08:03:46.012+0000][8][gc,phases   ] GC(0)   Evacuate Collection Set: 1.6ms
[2022-04-22T08:03:46.012+0000][8][gc,phases   ] GC(0)   Post Evacuate Collection Set: 0.8ms
[2022-04-22T08:03:46.013+0000][8][gc,phases   ] GC(0)   Other: 5.9ms
[2022-04-22T08:03:46.014+0000][8][gc,heap     ] GC(0) Eden regions: 6->0(5)
[2022-04-22T08:03:46.014+0000][8][gc,heap     ] GC(0) Survivor regions: 0->1(1)
[2022-04-22T08:03:46.015+0000][8][gc,heap     ] GC(0) Old regions: 0->1
[2022-04-22T08:03:46.016+0000][8][gc,heap     ] GC(0) Archive regions: 2->2
[2022-04-22T08:03:46.016+0000][8][gc,heap     ] GC(0) Humongous regions: 0->0
[2022-04-22T08:03:46.017+0000][8][gc,metaspace] GC(0) Metaspace: 8866K(9088K)->8866K(9088K) NonClass: 7807K(7936K)->7807K(7936K) Class: 1058K(1152K)->1058K(1152K)
[2022-04-22T08:03:46.018+0000][8][gc          ] GC(0) Pause Young (Normal) (G1 Evacuation Pause) 27M->8M(512M) 16.200ms
[2022-04-22T08:03:46.018+0000][8][gc,cpu      ] GC(0) User=0.01s Sys=0.00s Real=0.02s
[2022-04-22T08:03:46.019+0000][8][safepoint   ] Safepoint "G1CollectForAllocation", Time since last: 40017875 ns, Reaching safepoint: 183500 ns, At safepoint: 17896125 ns, Total: 18079625 ns
[2022-04-22T08:03:46.135+0000][8][safepoint   ] Safepoint "ICBufferFull", Time since last: 116140500 ns, Reaching safepoint: 128833 ns, At safepoint: 12292 ns, Total: 141125 ns
[2022-04-22T08:03:46.264+0000][8][gc,start    ] GC(1) Pause Young (Normal) (G1 Evacuation Pause)
[2022-04-22T08:03:46.266+0000][8][gc,task     ] GC(1) Using 5 workers of 5 for evacuation
[2022-04-22T08:03:46.267+0000][8][gc,age      ] GC(1) Desired survivor size 2097152 bytes, new threshold 1 (max threshold 15)
[2022-04-22T08:03:46.272+0000][8][gc,age      ] GC(1) Age table with threshold 1 (max threshold 15)
[2022-04-22T08:03:46.273+0000][8][gc,age      ] GC(1) - age   1:    1993320 bytes,    1993320 total
[2022-04-22T08:03:46.274+0000][8][gc,phases   ] GC(1)   Pre Evacuate Collection Set: 0.0ms
[2022-04-22T08:03:46.275+0000][8][gc,phases   ] GC(1)   Merge Heap Roots: 0.0ms
[2022-04-22T08:03:46.276+0000][8][gc,phases   ] GC(1)   Evacuate Collection Set: 2.6ms
[2022-04-22T08:03:46.277+0000][8][gc,phases   ] GC(1)   Post Evacuate Collection Set: 0.9ms
[2022-04-22T08:03:46.277+0000][8][gc,phases   ] GC(1)   Other: 6.2ms
[2022-04-22T08:03:46.278+0000][8][gc,heap     ] GC(1) Eden regions: 5->0(7)
[2022-04-22T08:03:46.279+0000][8][gc,heap     ] GC(1) Survivor regions: 1->1(1)
[2022-04-22T08:03:46.280+0000][8][gc,heap     ] GC(1) Old regions: 1->2
[2022-04-22T08:03:46.281+0000][8][gc,heap     ] GC(1) Archive regions: 2->2
[2022-04-22T08:03:46.281+0000][8][gc,heap     ] GC(1) Humongous regions: 0->0
[2022-04-22T08:03:46.282+0000][8][gc,metaspace] GC(1) Metaspace: 12515K(12672K)->12515K(12672K) NonClass: 10983K(11072K)->10983K(11072K) Class: 1531K(1600K)->1531K(1600K)
[2022-04-22T08:03:46.282+0000][8][gc          ] GC(1) Pause Young (Normal) (G1 Evacuation Pause) 28M->10M(512M) 18.290ms
[2022-04-22T08:03:46.283+0000][8][gc,cpu      ] GC(1) User=0.01s Sys=0.00s Real=0.02s
[2022-04-22T08:03:46.284+0000][8][safepoint   ] Safepoint "G1CollectForAllocation", Time since last: 128500125 ns, Reaching safepoint: 139541 ns, At safepoint: 19720542 ns, Total: 19860083 ns
[2022-04-22T08:03:46.410+0000][8][safepoint   ] Safepoint "ICBufferFull", Time since last: 125693542 ns, Reaching safepoint: 223208 ns, At safepoint: 3750 ns, Total: 226958 ns
[2022-04-22T08:03:46.443+0000][8][gc,start    ] GC(2) Pause Young (Normal) (G1 Evacuation Pause)
[2022-04-22T08:03:46.444+0000][8][gc,task     ] GC(2) Using 5 workers of 5 for evacuation
[2022-04-22T08:03:46.445+0000][8][gc,age      ] GC(2) Desired survivor size 2097152 bytes, new threshold 15 (max threshold 15)
[2022-04-22T08:03:46.449+0000][8][gc,age      ] GC(2) Age table with threshold 15 (max threshold 15)
[2022-04-22T08:03:46.450+0000][8][gc,age      ] GC(2) - age   1:     952184 bytes,     952184 total
[2022-04-22T08:03:46.451+0000][8][gc,age      ] GC(2) - age   2:    1975016 bytes,    2927200 total
[2022-04-22T08:03:46.451+0000][8][gc,phases   ] GC(2)   Pre Evacuate Collection Set: 0.1ms
[2022-04-22T08:03:46.452+0000][8][gc,phases   ] GC(2)   Merge Heap Roots: 0.1ms
[2022-04-22T08:03:46.453+0000][8][gc,phases   ] GC(2)   Evacuate Collection Set: 2.5ms
[2022-04-22T08:03:46.453+0000][8][gc,phases   ] GC(2)   Post Evacuate Collection Set: 0.5ms
[2022-04-22T08:03:46.454+0000][8][gc,phases   ] GC(2)   Other: 5.5ms
[2022-04-22T08:03:46.455+0000][8][gc,heap     ] GC(2) Eden regions: 7->0(35)
[2022-04-22T08:03:46.456+0000][8][gc,heap     ] GC(2) Survivor regions: 1->1(1)
[2022-04-22T08:03:46.456+0000][8][gc,heap     ] GC(2) Old regions: 2->2
[2022-04-22T08:03:46.457+0000][8][gc,heap     ] GC(2) Archive regions: 2->2
[2022-04-22T08:03:46.458+0000][8][gc,heap     ] GC(2) Humongous regions: 0->0
[2022-04-22T08:03:46.458+0000][8][gc,metaspace] GC(2) Metaspace: 14666K(14912K)->14666K(14912K) NonClass: 12926K(13056K)->12926K(13056K) Class: 1739K(1856K)->1739K(1856K)
[2022-04-22T08:03:46.459+0000][8][gc          ] GC(2) Pause Young (Normal) (G1 Evacuation Pause) 38M->10M(512M) 16.151ms
[2022-04-22T08:03:46.460+0000][8][gc,cpu      ] GC(2) User=0.02s Sys=0.00s Real=0.01s
[2022-04-22T08:03:46.461+0000][8][safepoint   ] Safepoint "G1CollectForAllocation", Time since last: 32990000 ns, Reaching safepoint: 56625 ns, At safepoint: 18006875 ns, Total: 18063500 ns
[2022-04-22T08:03:46.618+0000][8][safepoint   ] Safepoint "ICBufferFull", Time since last: 157405167 ns, Reaching safepoint: 236583 ns, At safepoint: 17875 ns, Total: 254458 ns
[2022-04-22T08:03:46.645+0000][8][safepoint   ] Safepoint "ICBufferFull", Time since last: 26769042 ns, Reaching safepoint: 167750 ns, At safepoint: 6958 ns, Total: 174708 ns
[2022-04-22T08:03:46.662+0000][8][safepoint   ] Safepoint "ICBufferFull", Time since last: 16588584 ns, Reaching safepoint: 64583 ns, At safepoint: 9458 ns, Total: 74041 ns
[2022-04-22T08:03:46.664+0000][8][safepoint   ] Safepoint "ICBufferFull", Time since last: 1679250 ns, Reaching safepoint: 53375 ns, At safepoint: 1417 ns, Total: 54792 ns
[2022-04-22T08:03:46.665+0000][8][safepoint   ] Safepoint "ICBufferFull", Time since last: 1036375 ns, Reaching safepoint: 76208 ns, At safepoint: 3625 ns, Total: 79833 ns
[2022-04-22T08:03:46.666+0000][8][safepoint   ] Safepoint "ICBufferFull", Time since last: 1194709 ns, Reaching safepoint: 69750 ns, At safepoint: 2083 ns, Total: 71833 ns
[2022-04-22T08:03:46.668+0000][8][safepoint   ] Safepoint "ICBufferFull", Time since last: 1620333 ns, Reaching safepoint: 29042 ns, At safepoint: 1208 ns, Total: 30250 ns
[2022-04-22T08:03:46.669+0000][8][safepoint   ] Safepoint "ICBufferFull", Time since last: 1230875 ns, Reaching safepoint: 28042 ns, At safepoint: 1125 ns, Total: 29167 ns
[2022-04-22T08:03:46.670+0000][8][safepoint   ] Safepoint "ICBufferFull", Time since last: 940667 ns, Reaching safepoint: 112458 ns, At safepoint: 3625 ns, Total: 116083 ns
[2022-04-22T08:03:46.671+0000][8][safepoint   ] Safepoint "ICBufferFull", Time since last: 1064250 ns, Reaching safepoint: 118917 ns, At safepoint: 7708 ns, Total: 126625 ns
[2022-04-22T08:03:46.672+0000][8][safepoint   ] Safepoint "ICBufferFull", Time since last: 1037042 ns, Reaching safepoint: 98208 ns, At safepoint: 10458 ns, Total: 108666 ns
[2022-04-22T08:03:46.674+0000][8][safepoint   ] Safepoint "ICBufferFull", Time since last: 1604500 ns, Reaching safepoint: 212000 ns, At safepoint: 2292 ns, Total: 214292 ns
[2022-04-22T08:03:46.725+0000][8][safepoint   ] Safepoint "ICBufferFull", Time since last: 50881958 ns, Reaching safepoint: 90959 ns, At safepoint: 4000 ns, Total: 94959 ns
[2022-04-22T08:03:46.748+0000][8][gc,start    ] GC(3) Pause Young (Normal) (G1 Evacuation Pause)
[2022-04-22T08:03:46.750+0000][8][gc,task     ] GC(3) Using 5 workers of 5 for evacuation
[2022-04-22T08:03:46.751+0000][8][gc,age      ] GC(3) Desired survivor size 10485760 bytes, new threshold 15 (max threshold 15)
[2022-04-22T08:03:46.755+0000][8][gc,age      ] GC(3) Age table with threshold 15 (max threshold 15)
[2022-04-22T08:03:46.756+0000][8][gc,age      ] GC(3) - age   1:    3182776 bytes,    3182776 total
[2022-04-22T08:03:46.757+0000][8][gc,age      ] GC(3) - age   2:     866824 bytes,    4049600 total
[2022-04-22T08:03:46.758+0000][8][gc,age      ] GC(3) - age   3:    1972616 bytes,    6022216 total
[2022-04-22T08:03:46.759+0000][8][gc,phases   ] GC(3)   Pre Evacuate Collection Set: 0.1ms
[2022-04-22T08:03:46.759+0000][8][gc,phases   ] GC(3)   Merge Heap Roots: 0.1ms
[2022-04-22T08:03:46.760+0000][8][gc,phases   ] GC(3)   Evacuate Collection Set: 2.3ms
[2022-04-22T08:03:46.760+0000][8][gc,phases   ] GC(3)   Post Evacuate Collection Set: 0.6ms
[2022-04-22T08:03:46.761+0000][8][gc,phases   ] GC(3)   Other: 7.1ms
[2022-04-22T08:03:46.762+0000][8][gc,heap     ] GC(3) Eden regions: 35->0(74)
[2022-04-22T08:03:46.763+0000][8][gc,heap     ] GC(3) Survivor regions: 1->2(5)
[2022-04-22T08:03:46.764+0000][8][gc,heap     ] GC(3) Old regions: 2->2
[2022-04-22T08:03:46.764+0000][8][gc,heap     ] GC(3) Archive regions: 2->2
[2022-04-22T08:03:46.765+0000][8][gc,heap     ] GC(3) Humongous regions: 0->0
[2022-04-22T08:03:46.766+0000][8][gc,metaspace] GC(3) Metaspace: 17351K(17728K)->17351K(17728K) NonClass: 15301K(15488K)->15301K(15488K) Class: 2050K(2240K)->2050K(2240K)
[2022-04-22T08:03:46.766+0000][8][gc          ] GC(3) Pause Young (Normal) (G1 Evacuation Pause) 150M->14M(512M) 17.874ms
[2022-04-22T08:03:46.767+0000][8][gc,cpu      ] GC(3) User=0.01s Sys=0.00s Real=0.02s
[2022-04-22T08:03:46.768+0000][8][safepoint   ] Safepoint "G1CollectForAllocation", Time since last: 23115666 ns, Reaching safepoint: 77625 ns, At safepoint: 19963875 ns, Total: 20041500 ns
[2022-04-22T08:03:47.063+0000][8][gc,start    ] GC(4) Pause Young (Normal) (G1 Evacuation Pause)
[2022-04-22T08:03:47.065+0000][8][gc,task     ] GC(4) Using 5 workers of 5 for evacuation
[2022-04-22T08:03:47.066+0000][8][gc,age      ] GC(4) Desired survivor size 20971520 bytes, new threshold 15 (max threshold 15)
[2022-04-22T08:03:47.071+0000][8][gc,age      ] GC(4) Age table with threshold 15 (max threshold 15)
[2022-04-22T08:03:47.073+0000][8][gc,age      ] GC(4) - age   1:    6474960 bytes,    6474960 total
[2022-04-22T08:03:47.074+0000][8][gc,age      ] GC(4) - age   2:    3160192 bytes,    9635152 total
[2022-04-22T08:03:47.075+0000][8][gc,age      ] GC(4) - age   3:     866624 bytes,   10501776 total
[2022-04-22T08:03:47.075+0000][8][gc,age      ] GC(4) - age   4:    1972408 bytes,   12474184 total
[2022-04-22T08:03:47.076+0000][8][gc,phases   ] GC(4)   Pre Evacuate Collection Set: 0.0ms
[2022-04-22T08:03:47.077+0000][8][gc,phases   ] GC(4)   Merge Heap Roots: 0.0ms
[2022-04-22T08:03:47.078+0000][8][gc,phases   ] GC(4)   Evacuate Collection Set: 3.7ms
[2022-04-22T08:03:47.078+0000][8][gc,phases   ] GC(4)   Post Evacuate Collection Set: 1.0ms
[2022-04-22T08:03:47.079+0000][8][gc,phases   ] GC(4)   Other: 8.5ms
[2022-04-22T08:03:47.079+0000][8][gc,heap     ] GC(4) Eden regions: 74->0(72)
[2022-04-22T08:03:47.080+0000][8][gc,heap     ] GC(4) Survivor regions: 2->4(10)
[2022-04-22T08:03:47.081+0000][8][gc,heap     ] GC(4) Old regions: 2->2
[2022-04-22T08:03:47.082+0000][8][gc,heap     ] GC(4) Archive regions: 2->2
[2022-04-22T08:03:47.082+0000][8][gc,heap     ] GC(4) Humongous regions: 0->0
[2022-04-22T08:03:47.083+0000][8][gc,metaspace] GC(4) Metaspace: 18720K(19072K)->18720K(19072K) NonClass: 16446K(16640K)->16446K(16640K) Class: 2274K(2432K)->2274K(2432K)
[2022-04-22T08:03:47.084+0000][8][gc          ] GC(4) Pause Young (Normal) (G1 Evacuation Pause) 310M->20M(512M) 20.439ms
[2022-04-22T08:03:47.084+0000][8][gc,cpu      ] GC(4) User=0.01s Sys=0.00s Real=0.02s
[2022-04-22T08:03:47.085+0000][8][safepoint   ] Safepoint "G1CollectForAllocation", Time since last: 294464751 ns, Reaching safepoint: 166750 ns, At safepoint: 21843750 ns, Total: 22010500 ns
[2022-04-22T08:03:47.264+0000][8][safepoint   ] Safepoint "ICBufferFull", Time since last: 178534916 ns, Reaching safepoint: 288625 ns, At safepoint: 3042 ns, Total: 291667 ns
[2022-04-22T08:03:47.302+0000][8][gc,start    ] GC(5) Pause Young (Normal) (G1 Evacuation Pause)
[2022-04-22T08:03:47.303+0000][8][gc,task     ] GC(5) Using 5 workers of 5 for evacuation
[2022-04-22T08:03:47.304+0000][8][gc,age      ] GC(5) Desired survivor size 20971520 bytes, new threshold 15 (max threshold 15)
[2022-04-22T08:03:47.310+0000][8][gc,age      ] GC(5) Age table with threshold 15 (max threshold 15)
[2022-04-22T08:03:47.311+0000][8][gc,age      ] GC(5) - age   1:    3107416 bytes,    3107416 total
[2022-04-22T08:03:47.313+0000][8][gc,age      ] GC(5) - age   2:    4160448 bytes,    7267864 total
[2022-04-22T08:03:47.313+0000][8][gc,age      ] GC(5) - age   3:    3159640 bytes,   10427504 total
[2022-04-22T08:03:47.315+0000][8][gc,age      ] GC(5) - age   4:     866352 bytes,   11293856 total
[2022-04-22T08:03:47.315+0000][8][gc,age      ] GC(5) - age   5:    1972344 bytes,   13266200 total
[2022-04-22T08:03:47.316+0000][8][gc,phases   ] GC(5)   Pre Evacuate Collection Set: 0.0ms
[2022-04-22T08:03:47.316+0000][8][gc,phases   ] GC(5)   Merge Heap Roots: 0.1ms
[2022-04-22T08:03:47.317+0000][8][gc,phases   ] GC(5)   Evacuate Collection Set: 4.1ms
[2022-04-22T08:03:47.318+0000][8][gc,phases   ] GC(5)   Post Evacuate Collection Set: 0.8ms
[2022-04-22T08:03:47.318+0000][8][gc,phases   ] GC(5)   Other: 8.5ms
[2022-04-22T08:03:47.319+0000][8][gc,heap     ] GC(5) Eden regions: 72->0(72)
[2022-04-22T08:03:47.320+0000][8][gc,heap     ] GC(5) Survivor regions: 4->4(10)
[2022-04-22T08:03:47.321+0000][8][gc,heap     ] GC(5) Old regions: 2->2
[2022-04-22T08:03:47.321+0000][8][gc,heap     ] GC(5) Archive regions: 2->2
[2022-04-22T08:03:47.322+0000][8][gc,heap     ] GC(5) Humongous regions: 0->0
[2022-04-22T08:03:47.323+0000][8][gc,metaspace] GC(5) Metaspace: 19610K(20096K)->19610K(20096K) NonClass: 17202K(17472K)->17202K(17472K) Class: 2407K(2624K)->2407K(2624K)
[2022-04-22T08:03:47.323+0000][8][gc          ] GC(5) Pause Young (Normal) (G1 Evacuation Pause) 308M->21M(512M) 20.957ms
[2022-04-22T08:03:47.324+0000][8][gc,cpu      ] GC(5) User=0.02s Sys=0.00s Real=0.02s
[2022-04-22T08:03:47.324+0000][8][safepoint   ] Safepoint "G1CollectForAllocation", Time since last: 38338458 ns, Reaching safepoint: 96292 ns, At safepoint: 22289500 ns, Total: 22385792 ns
[2022-04-22T08:03:47.559+0000][8][gc,start    ] GC(6) Pause Young (Normal) (G1 Evacuation Pause)
[2022-04-22T08:03:47.560+0000][8][gc,task     ] GC(6) Using 5 workers of 5 for evacuation
[2022-04-22T08:03:47.561+0000][8][gc,age      ] GC(6) Desired survivor size 20971520 bytes, new threshold 15 (max threshold 15)
[2022-04-22T08:03:47.566+0000][8][gc,age      ] GC(6) Age table with threshold 15 (max threshold 15)
[2022-04-22T08:03:47.568+0000][8][gc,age      ] GC(6) - age   1:    4068064 bytes,    4068064 total
[2022-04-22T08:03:47.569+0000][8][gc,age      ] GC(6) - age   2:    1319584 bytes,    5387648 total
[2022-04-22T08:03:47.569+0000][8][gc,age      ] GC(6) - age   3:    4156328 bytes,    9543976 total
[2022-04-22T08:03:47.570+0000][8][gc,age      ] GC(6) - age   4:    3157240 bytes,   12701216 total
[2022-04-22T08:03:47.571+0000][8][gc,age      ] GC(6) - age   5:     865672 bytes,   13566888 total
[2022-04-22T08:03:47.571+0000][8][gc,age      ] GC(6) - age   6:    1972008 bytes,   15538896 total
[2022-04-22T08:03:47.572+0000][8][gc,phases   ] GC(6)   Pre Evacuate Collection Set: 0.1ms
[2022-04-22T08:03:47.573+0000][8][gc,phases   ] GC(6)   Merge Heap Roots: 0.1ms
[2022-04-22T08:03:47.573+0000][8][gc,phases   ] GC(6)   Evacuate Collection Set: 3.3ms
[2022-04-22T08:03:47.574+0000][8][gc,phases   ] GC(6)   Post Evacuate Collection Set: 0.7ms
[2022-04-22T08:03:47.575+0000][8][gc,phases   ] GC(6)   Other: 8.8ms
[2022-04-22T08:03:47.575+0000][8][gc,heap     ] GC(6) Eden regions: 72->0(72)
[2022-04-22T08:03:47.576+0000][8][gc,heap     ] GC(6) Survivor regions: 4->4(10)
[2022-04-22T08:03:47.577+0000][8][gc,heap     ] GC(6) Old regions: 2->2
[2022-04-22T08:03:47.578+0000][8][gc,heap     ] GC(6) Archive regions: 2->2
[2022-04-22T08:03:47.579+0000][8][gc,heap     ] GC(6) Humongous regions: 0->0
[2022-04-22T08:03:47.579+0000][8][gc,metaspace] GC(6) Metaspace: 20804K(21312K)->20804K(21312K) NonClass: 18235K(18560K)->18235K(18560K) Class: 2569K(2752K)->2569K(2752K)
[2022-04-22T08:03:47.580+0000][8][gc          ] GC(6) Pause Young (Normal) (G1 Evacuation Pause) 309M->23M(512M) 20.881ms
[2022-04-22T08:03:47.580+0000][8][gc,cpu      ] GC(6) User=0.02s Sys=0.00s Real=0.02s
[2022-04-22T08:03:47.581+0000][8][safepoint   ] Safepoint "G1CollectForAllocation", Time since last: 234225167 ns, Reaching safepoint: 198000 ns, At safepoint: 21975916 ns, Total: 22173916 ns
[2022-04-22T08:03:47.732+0000][8][gc,start    ] GC(7) Pause Young (Concurrent Start) (Metadata GC Threshold)
[2022-04-22T08:03:47.734+0000][8][gc,task     ] GC(7) Using 5 workers of 5 for evacuation
[2022-04-22T08:03:47.735+0000][8][gc,age      ] GC(7) Desired survivor size 20971520 bytes, new threshold 15 (max threshold 15)
[2022-04-22T08:03:47.741+0000][8][gc,age      ] GC(7) Age table with threshold 15 (max threshold 15)
[2022-04-22T08:03:47.742+0000][8][gc,age      ] GC(7) - age   1:     829928 bytes,     829928 total
[2022-04-22T08:03:47.743+0000][8][gc,age      ] GC(7) - age   2:    2177232 bytes,    3007160 total
[2022-04-22T08:03:47.743+0000][8][gc,age      ] GC(7) - age   3:    1318992 bytes,    4326152 total
[2022-04-22T08:03:47.744+0000][8][gc,age      ] GC(7) - age   4:    4155312 bytes,    8481464 total
[2022-04-22T08:03:47.745+0000][8][gc,age      ] GC(7) - age   5:    3157160 bytes,   11638624 total
[2022-04-22T08:03:47.746+0000][8][gc,age      ] GC(7) - age   6:     865672 bytes,   12504296 total
[2022-04-22T08:03:47.747+0000][8][gc,age      ] GC(7) - age   7:    1972008 bytes,   14476304 total
[2022-04-22T08:03:47.747+0000][8][gc,phases   ] GC(7)   Pre Evacuate Collection Set: 0.1ms
[2022-04-22T08:03:47.748+0000][8][gc,phases   ] GC(7)   Merge Heap Roots: 0.2ms
[2022-04-22T08:03:47.749+0000][8][gc,phases   ] GC(7)   Evacuate Collection Set: 2.8ms
[2022-04-22T08:03:47.750+0000][8][gc,phases   ] GC(7)   Post Evacuate Collection Set: 0.8ms
[2022-04-22T08:03:47.751+0000][8][gc,phases   ] GC(7)   Other: 11.1ms
[2022-04-22T08:03:47.752+0000][8][gc,heap     ] GC(7) Eden regions: 57->0(72)
[2022-04-22T08:03:47.752+0000][8][gc,heap     ] GC(7) Survivor regions: 4->4(10)
[2022-04-22T08:03:47.753+0000][8][gc,heap     ] GC(7) Old regions: 2->2
[2022-04-22T08:03:47.754+0000][8][gc,heap     ] GC(7) Archive regions: 2->2
[2022-04-22T08:03:47.754+0000][8][gc,heap     ] GC(7) Humongous regions: 0->0
[2022-04-22T08:03:47.755+0000][8][gc,metaspace] GC(7) Metaspace: 20958K(21504K)->20958K(21504K) NonClass: 18358K(18688K)->18358K(18688K) Class: 2599K(2816K)->2599K(2816K)
[2022-04-22T08:03:47.756+0000][8][gc          ] GC(7) Pause Young (Concurrent Start) (Metadata GC Threshold) 249M->22M(512M) 23.272ms
[2022-04-22T08:03:47.756+0000][8][gc,cpu      ] GC(7) User=0.01s Sys=0.01s Real=0.02s
[2022-04-22T08:03:47.757+0000][8][gc          ] GC(8) Concurrent Mark Cycle
[2022-04-22T08:03:47.758+0000][8][gc,marking  ] GC(8) Concurrent Clear Claimed Marks
[2022-04-22T08:03:47.758+0000][8][gc,marking  ] GC(8) Concurrent Clear Claimed Marks 0.530ms
[2022-04-22T08:03:47.759+0000][8][gc,marking  ] GC(8) Concurrent Scan Root Regions
[2022-04-22T08:03:47.757+0000][8][safepoint   ] Safepoint "CollectForMetadataAllocation", Time since last: 151359167 ns, Reaching safepoint: 222583 ns, At safepoint: 24572584 ns, Total: 24795167 ns
[2022-04-22T08:03:47.763+0000][8][gc,marking  ] GC(8) Concurrent Scan Root Regions 3.889ms
[2022-04-22T08:03:47.763+0000][8][gc,marking  ] GC(8) Concurrent Mark
[2022-04-22T08:03:47.764+0000][8][gc,marking  ] GC(8) Concurrent Mark From Roots
[2022-04-22T08:03:47.765+0000][8][gc,task     ] GC(8) Using 1 workers of 1 for marking
[2022-04-22T08:03:47.770+0000][8][gc,marking  ] GC(8) Concurrent Mark From Roots 5.498ms
[2022-04-22T08:03:47.771+0000][8][gc,marking  ] GC(8) Concurrent Preclean
[2022-04-22T08:03:47.771+0000][8][gc,marking  ] GC(8) Concurrent Preclean 0.551ms
[2022-04-22T08:03:47.772+0000][8][gc,start    ] GC(8) Pause Remark
[2022-04-22T08:03:47.775+0000][8][gc          ] GC(8) Pause Remark 26M->26M(512M) 2.503ms
[2022-04-22T08:03:47.776+0000][8][gc,cpu      ] GC(8) User=0.00s Sys=0.00s Real=0.00s
[2022-04-22T08:03:47.777+0000][8][safepoint   ] Safepoint "G1Concurrent", Time since last: 15119083 ns, Reaching safepoint: 294084 ns, At safepoint: 4171333 ns, Total: 4465417 ns
[2022-04-22T08:03:47.777+0000][8][gc,marking  ] GC(8) Concurrent Mark 13.624ms
[2022-04-22T08:03:47.778+0000][8][gc,marking  ] GC(8) Concurrent Rebuild Remembered Sets
[2022-04-22T08:03:47.780+0000][8][gc,marking  ] GC(8) Concurrent Rebuild Remembered Sets 2.503ms
[2022-04-22T08:03:47.782+0000][8][gc,start    ] GC(8) Pause Cleanup
[2022-04-22T08:03:47.783+0000][8][gc          ] GC(8) Pause Cleanup 26M->26M(512M) 0.777ms
[2022-04-22T08:03:47.783+0000][8][gc,cpu      ] GC(8) User=0.01s Sys=0.00s Real=0.00s
[2022-04-22T08:03:47.784+0000][8][safepoint   ] Safepoint "G1Concurrent", Time since last: 4635458 ns, Reaching safepoint: 492750 ns, At safepoint: 2125875 ns, Total: 2618625 ns
[2022-04-22T08:03:47.785+0000][8][gc,marking  ] GC(8) Concurrent Cleanup for Next Mark
[2022-04-22T08:03:47.787+0000][8][gc,marking  ] GC(8) Concurrent Cleanup for Next Mark 1.751ms
[2022-04-22T08:03:47.788+0000][8][gc          ] GC(8) Concurrent Mark Cycle 31.343ms
[2022-04-22T08:03:48.061+0000][8][safepoint   ] Safepoint "ICBufferFull", Time since last: 276560834 ns, Reaching safepoint: 216291 ns, At safepoint: 9625 ns, Total: 225916 ns
[2022-04-22T08:03:48.114+0000][8][safepoint   ] Safepoint "ICBufferFull", Time since last: 52793250 ns, Reaching safepoint: 253292 ns, At safepoint: 3167 ns, Total: 256459 ns
[2022-04-22T08:03:48.116+0000][8][safepoint   ] Safepoint "ICBufferFull", Time since last: 2481208 ns, Reaching safepoint: 105542 ns, At safepoint: 2375 ns, Total: 107917 ns
[2022-04-22T08:03:48.117+0000][8][safepoint   ] Safepoint "ICBufferFull", Time since last: 1191000 ns, Reaching safepoint: 39833 ns, At safepoint: 2083 ns, Total: 41916 ns
[2022-04-22T08:03:48.119+0000][8][safepoint   ] Safepoint "ICBufferFull", Time since last: 1368917 ns, Reaching safepoint: 189417 ns, At safepoint: 2750 ns, Total: 192167 ns
[2022-04-22T08:03:48.120+0000][8][safepoint   ] Safepoint "ICBufferFull", Time since last: 1079083 ns, Reaching safepoint: 177333 ns, At safepoint: 2375 ns, Total: 179708 ns
[2022-04-22T08:03:48.121+0000][8][safepoint   ] Safepoint "ICBufferFull", Time since last: 1021417 ns, Reaching safepoint: 121042 ns, At safepoint: 2875 ns, Total: 123917 ns
[2022-04-22T08:03:48.123+0000][8][safepoint   ] Safepoint "ICBufferFull", Time since last: 1001791 ns, Reaching safepoint: 248334 ns, At safepoint: 2416 ns, Total: 250750 ns
[2022-04-22T08:03:48.130+0000][8][safepoint   ] Safepoint "ICBufferFull", Time since last: 7344042 ns, Reaching safepoint: 194458 ns, At safepoint: 7792 ns, Total: 202250 ns
[2022-04-22T08:03:48.131+0000][8][safepoint   ] Safepoint "ICBufferFull", Time since last: 849792 ns, Reaching safepoint: 317208 ns, At safepoint: 5125 ns, Total: 322333 ns
[2022-04-22T08:03:48.133+0000][8][safepoint   ] Safepoint "ICBufferFull", Time since last: 1071625 ns, Reaching safepoint: 88875 ns, At safepoint: 2458 ns, Total: 91333 ns
[2022-04-22T08:03:48.134+0000][8][safepoint   ] Safepoint "ICBufferFull", Time since last: 792417 ns, Reaching safepoint: 238958 ns, At safepoint: 2209 ns, Total: 241167 ns
[2022-04-22T08:03:48.147+0000][8][safepoint   ] Safepoint "ICBufferFull", Time since last: 12928000 ns, Reaching safepoint: 51083 ns, At safepoint: 1417 ns, Total: 52500 ns
[2022-04-22T08:03:48.151+0000][8][safepoint   ] Safepoint "ICBufferFull", Time since last: 4126000 ns, Reaching safepoint: 130291 ns, At safepoint: 2542 ns, Total: 132833 ns
[2022-04-22T08:03:48.152+0000][8][safepoint   ] Safepoint "ICBufferFull", Time since last: 1220375 ns, Reaching safepoint: 68208 ns, At safepoint: 1334 ns, Total: 69542 ns
[2022-04-22T08:03:48.153+0000][8][safepoint   ] Safepoint "ICBufferFull", Time since last: 1266291 ns, Reaching safepoint: 46417 ns, At safepoint: 1667 ns, Total: 48084 ns
[2022-04-22T08:03:48.157+0000][8][safepoint   ] Safepoint "ICBufferFull", Time since last: 3432125 ns, Reaching safepoint: 220916 ns, At safepoint: 29625 ns, Total: 250541 ns
[2022-04-22T08:03:48.168+0000][8][safepoint   ] Safepoint "ICBufferFull", Time since last: 10279584 ns, Reaching safepoint: 153125 ns, At safepoint: 2666 ns, Total: 155791 ns
[2022-04-22T08:03:48.189+0000][8][safepoint   ] Safepoint "ICBufferFull", Time since last: 20836542 ns, Reaching safepoint: 219792 ns, At safepoint: 2500 ns, Total: 222292 ns
[2022-04-22T08:03:48.193+0000][8][safepoint   ] Safepoint "ICBufferFull", Time since last: 4026750 ns, Reaching safepoint: 126416 ns, At safepoint: 2292 ns, Total: 128708 ns
[2022-04-22T08:03:48.194+0000][8][safepoint   ] Safepoint "ICBufferFull", Time since last: 1181375 ns, Reaching safepoint: 126333 ns, At safepoint: 9542 ns, Total: 135875 ns
[2022-04-22T08:03:48.195+0000][8][safepoint   ] Safepoint "ICBufferFull", Time since last: 997375 ns, Reaching safepoint: 336750 ns, At safepoint: 10500 ns, Total: 347250 ns
[2022-04-22T08:03:48.196+0000][8][safepoint   ] Safepoint "ICBufferFull", Time since last: 934875 ns, Reaching safepoint: 39958 ns, At safepoint: 1084 ns, Total: 41042 ns
[2022-04-22T08:03:48.425+0000][8][safepoint   ] Safepoint "ICBufferFull", Time since last: 227934375 ns, Reaching safepoint: 225916 ns, At safepoint: 14125 ns, Total: 240041 ns
[2022-04-22T08:03:48.735+0000][8][safepoint   ] Safepoint "ICBufferFull", Time since last: 310073834 ns, Reaching safepoint: 141500 ns, At safepoint: 3000 ns, Total: 144500 ns
[2022-04-22T08:03:48.881+0000][8][safepoint   ] Safepoint "ICBufferFull", Time since last: 145827083 ns, Reaching safepoint: 164834 ns, At safepoint: 13416 ns, Total: 178250 ns
[2022-04-22T08:03:48.986+0000][8][safepoint   ] Safepoint "ICBufferFull", Time since last: 105248417 ns, Reaching safepoint: 139000 ns, At safepoint: 9000 ns, Total: 148000 ns
[2022-04-22T08:03:49.032+0000][8][gc,start    ] GC(9) Pause Young (Concurrent Start) (Metadata GC Threshold)
[2022-04-22T08:03:49.034+0000][8][gc,task     ] GC(9) Using 5 workers of 5 for evacuation
[2022-04-22T08:03:49.035+0000][8][gc,age      ] GC(9) Desired survivor size 20971520 bytes, new threshold 15 (max threshold 15)
[2022-04-22T08:03:49.053+0000][8][gc,age      ] GC(9) Age table with threshold 15 (max threshold 15)
[2022-04-22T08:03:49.055+0000][8][gc,age      ] GC(9) - age   1:   27168440 bytes,   27168440 total
[2022-04-22T08:03:49.056+0000][8][gc,age      ] GC(9) - age   2:     803944 bytes,   27972384 total
[2022-04-22T08:03:49.057+0000][8][gc,age      ] GC(9) - age   3:    2143544 bytes,   30115928 total
[2022-04-22T08:03:49.057+0000][8][gc,age      ] GC(9) - age   4:    1303448 bytes,   31419376 total
[2022-04-22T08:03:49.058+0000][8][gc,age      ] GC(9) - age   5:    4128776 bytes,   35548152 total
[2022-04-22T08:03:49.060+0000][8][gc,age      ] GC(9) - age   6:    3064696 bytes,   38612848 total
[2022-04-22T08:03:49.060+0000][8][gc,age      ] GC(9) - age   7:     833456 bytes,   39446304 total
[2022-04-22T08:03:49.061+0000][8][gc,age      ] GC(9) - age   8:    1964384 bytes,   41410688 total
[2022-04-22T08:03:49.062+0000][8][gc,phases   ] GC(9)   Pre Evacuate Collection Set: 0.3ms
[2022-04-22T08:03:49.062+0000][8][gc,phases   ] GC(9)   Merge Heap Roots: 0.1ms
[2022-04-22T08:03:49.063+0000][8][gc,phases   ] GC(9)   Evacuate Collection Set: 15.6ms
[2022-04-22T08:03:49.064+0000][8][gc,phases   ] GC(9)   Post Evacuate Collection Set: 1.5ms
[2022-04-22T08:03:49.065+0000][8][gc,phases   ] GC(9)   Other: 11.9ms
[2022-04-22T08:03:49.066+0000][8][gc,heap     ] GC(9) Eden regions: 71->0(66)
[2022-04-22T08:03:49.066+0000][8][gc,heap     ] GC(9) Survivor regions: 4->10(10)
[2022-04-22T08:03:49.067+0000][8][gc,heap     ] GC(9) Old regions: 2->2
[2022-04-22T08:03:49.067+0000][8][gc,heap     ] GC(9) Archive regions: 2->2
[2022-04-22T08:03:49.068+0000][8][gc,heap     ] GC(9) Humongous regions: 0->0
[2022-04-22T08:03:49.068+0000][8][gc,metaspace] GC(9) Metaspace: 35068K(35968K)->35068K(35968K) NonClass: 30416K(30976K)->30416K(30976K) Class: 4651K(4992K)->4651K(4992K)
[2022-04-22T08:03:49.069+0000][8][gc          ] GC(9) Pause Young (Concurrent Start) (Metadata GC Threshold) 304M->48M(512M) 36.872ms
[2022-04-22T08:03:49.070+0000][8][gc,cpu      ] GC(9) User=0.09s Sys=0.01s Real=0.03s
[2022-04-22T08:03:49.071+0000][8][gc          ] GC(10) Concurrent Mark Cycle
[2022-04-22T08:03:49.071+0000][8][gc,marking  ] GC(10) Concurrent Clear Claimed Marks
[2022-04-22T08:03:49.072+0000][8][gc,marking  ] GC(10) Concurrent Clear Claimed Marks 0.622ms
[2022-04-22T08:03:49.071+0000][8][safepoint   ] Safepoint "CollectForMetadataAllocation", Time since last: 46018333 ns, Reaching safepoint: 73875 ns, At safepoint: 38363667 ns, Total: 38437542 ns
[2022-04-22T08:03:49.073+0000][8][gc,marking  ] GC(10) Concurrent Scan Root Regions
[2022-04-22T08:03:49.083+0000][8][safepoint   ] Safepoint "CollectForMetadataAllocation", Time since last: 11798000 ns, Reaching safepoint: 237708 ns, At safepoint: 37417 ns, Total: 275125 ns
[2022-04-22T08:03:49.088+0000][8][gc,marking  ] GC(10) Concurrent Scan Root Regions 15.765ms
[2022-04-22T08:03:49.089+0000][8][gc,marking  ] GC(10) Concurrent Mark
[2022-04-22T08:03:49.091+0000][8][gc,marking  ] GC(10) Concurrent Mark From Roots
[2022-04-22T08:03:49.091+0000][8][gc,task     ] GC(10) Using 1 workers of 1 for marking
[2022-04-22T08:03:49.095+0000][8][gc,marking  ] GC(10) Concurrent Mark From Roots 4.585ms
[2022-04-22T08:03:49.096+0000][8][gc,marking  ] GC(10) Concurrent Preclean
[2022-04-22T08:03:49.097+0000][8][gc,marking  ] GC(10) Concurrent Preclean 0.751ms
[2022-04-22T08:03:49.099+0000][8][safepoint   ] Safepoint "CollectForMetadataAllocation", Time since last: 15668000 ns, Reaching safepoint: 345500 ns, At safepoint: 78125 ns, Total: 423625 ns
[2022-04-22T08:03:49.100+0000][8][gc,start    ] GC(10) Pause Remark
[2022-04-22T08:03:49.103+0000][8][gc          ] GC(10) Pause Remark 52M->52M(512M) 2.885ms
[2022-04-22T08:03:49.104+0000][8][gc,cpu      ] GC(10) User=0.00s Sys=0.00s Real=0.01s
[2022-04-22T08:03:49.104+0000][8][safepoint   ] Safepoint "G1Concurrent", Time since last: 1154042 ns, Reaching safepoint: 183291 ns, At safepoint: 4250209 ns, Total: 4433500 ns
[2022-04-22T08:03:49.105+0000][8][gc,marking  ] GC(10) Concurrent Mark 15.912ms
[2022-04-22T08:03:49.106+0000][8][gc,marking  ] GC(10) Concurrent Rebuild Remembered Sets
[2022-04-22T08:03:49.108+0000][8][gc,marking  ] GC(10) Concurrent Rebuild Remembered Sets 2.513ms
[2022-04-22T08:03:49.110+0000][8][gc,start    ] GC(10) Pause Cleanup
[2022-04-22T08:03:49.111+0000][8][gc          ] GC(10) Pause Cleanup 52M->52M(512M) 1.038ms
[2022-04-22T08:03:49.112+0000][8][gc,cpu      ] GC(10) User=0.00s Sys=0.00s Real=0.00s
[2022-04-22T08:03:49.112+0000][8][safepoint   ] Safepoint "G1Concurrent", Time since last: 4728458 ns, Reaching safepoint: 472083 ns, At safepoint: 2752792 ns, Total: 3224875 ns
[2022-04-22T08:03:49.113+0000][8][gc,marking  ] GC(10) Concurrent Cleanup for Next Mark
[2022-04-22T08:03:49.114+0000][8][gc,marking  ] GC(10) Concurrent Cleanup for Next Mark 0.927ms
[2022-04-22T08:03:49.115+0000][8][gc          ] GC(10) Concurrent Mark Cycle 44.155ms
[2022-04-22T08:03:49.229+0000][8][safepoint   ] Safepoint "ICBufferFull", Time since last: 116380792 ns, Reaching safepoint: 160333 ns, At safepoint: 3167 ns, Total: 163500 ns
[2022-04-22T08:03:49.688+0000][8][safepoint   ] Safepoint "ICBufferFull", Time since last: 458801583 ns, Reaching safepoint: 123750 ns, At safepoint: 10125 ns, Total: 133875 ns
[2022-04-22T08:03:49.785+0000][8][safepoint   ] Safepoint "ICBufferFull", Time since last: 97320250 ns, Reaching safepoint: 160834 ns, At safepoint: 2875 ns, Total: 163709 ns
[2022-04-22T08:03:49.798+0000][8][safepoint   ] Safepoint "ICBufferFull", Time since last: 12592041 ns, Reaching safepoint: 167459 ns, At safepoint: 2833 ns, Total: 170292 ns
[2022-04-22T08:03:49.925+0000][8][gc,start    ] GC(11) Pause Young (Concurrent Start) (G1 Evacuation Pause)
[2022-04-22T08:03:49.926+0000][8][gc,task     ] GC(11) Using 5 workers of 5 for evacuation
[2022-04-22T08:03:49.927+0000][8][gc,age      ] GC(11) Desired survivor size 20971520 bytes, new threshold 1 (max threshold 15)
[2022-04-22T08:03:49.945+0000][8][gc,age      ] GC(11) Age table with threshold 1 (max threshold 15)
[2022-04-22T08:03:49.946+0000][8][gc,age      ] GC(11) - age   1:    6118856 bytes,    6118856 total
[2022-04-22T08:03:49.947+0000][8][gc,phases   ] GC(11)   Pre Evacuate Collection Set: 0.3ms
[2022-04-22T08:03:49.949+0000][8][gc,phases   ] GC(11)   Merge Heap Roots: 0.2ms
[2022-04-22T08:03:49.949+0000][8][gc,phases   ] GC(11)   Evacuate Collection Set: 15.3ms
[2022-04-22T08:03:49.950+0000][8][gc,phases   ] GC(11)   Post Evacuate Collection Set: 1.3ms
[2022-04-22T08:03:49.951+0000][8][gc,phases   ] GC(11)   Other: 5.1ms
[2022-04-22T08:03:49.951+0000][8][gc,heap     ] GC(11) Eden regions: 66->0(73)
[2022-04-22T08:03:49.952+0000][8][gc,heap     ] GC(11) Survivor regions: 10->3(10)
[2022-04-22T08:03:49.953+0000][8][gc,heap     ] GC(11) Old regions: 2->11
[2022-04-22T08:03:49.954+0000][8][gc,heap     ] GC(11) Archive regions: 2->2
[2022-04-22T08:03:49.954+0000][8][gc,heap     ] GC(11) Humongous regions: 0->0
[2022-04-22T08:03:49.955+0000][8][gc,metaspace] GC(11) Metaspace: 52163K(53376K)->52163K(53376K) NonClass: 45082K(45824K)->45082K(45824K) Class: 7081K(7552K)->7081K(7552K)
[2022-04-22T08:03:49.956+0000][8][gc          ] GC(11) Pause Young (Concurrent Start) (G1 Evacuation Pause) 312M->56M(512M) 31.154ms
[2022-04-22T08:03:49.957+0000][8][gc,cpu      ] GC(11) User=0.08s Sys=0.01s Real=0.03s
[2022-04-22T08:03:49.958+0000][8][gc          ] GC(12) Concurrent Mark Cycle
[2022-04-22T08:03:49.960+0000][8][gc,marking  ] GC(12) Concurrent Clear Claimed Marks
[2022-04-22T08:03:49.958+0000][8][safepoint   ] Safepoint "G1CollectForAllocation", Time since last: 126693000 ns, Reaching safepoint: 79375 ns, At safepoint: 33105209 ns, Total: 33184584 ns
[2022-04-22T08:03:49.960+0000][8][gc,marking  ] GC(12) Concurrent Clear Claimed Marks 0.747ms
[2022-04-22T08:03:49.962+0000][8][gc,marking  ] GC(12) Concurrent Scan Root Regions
[2022-04-22T08:03:49.981+0000][8][gc,marking  ] GC(12) Concurrent Scan Root Regions 18.274ms
[2022-04-22T08:03:49.982+0000][8][gc,marking  ] GC(12) Concurrent Mark
[2022-04-22T08:03:49.983+0000][8][gc,marking  ] GC(12) Concurrent Mark From Roots
[2022-04-22T08:03:49.983+0000][8][gc,task     ] GC(12) Using 1 workers of 1 for marking
[2022-04-22T08:03:49.988+0000][8][gc,marking  ] GC(12) Concurrent Mark From Roots 5.084ms
[2022-04-22T08:03:49.989+0000][8][gc,marking  ] GC(12) Concurrent Preclean
[2022-04-22T08:03:49.990+0000][8][gc,marking  ] GC(12) Concurrent Preclean 0.839ms
[2022-04-22T08:03:49.991+0000][8][gc,start    ] GC(12) Pause Remark
[2022-04-22T08:03:49.995+0000][8][gc          ] GC(12) Pause Remark 72M->72M(512M) 4.177ms
[2022-04-22T08:03:49.996+0000][8][gc,cpu      ] GC(12) User=0.02s Sys=0.01s Real=0.01s
[2022-04-22T08:03:49.996+0000][8][safepoint   ] Safepoint "G1Concurrent", Time since last: 32452291 ns, Reaching safepoint: 214959 ns, At safepoint: 5782166 ns, Total: 5997125 ns
[2022-04-22T08:03:49.998+0000][8][gc,marking  ] GC(12) Concurrent Mark 15.923ms
[2022-04-22T08:03:49.998+0000][8][gc,marking  ] GC(12) Concurrent Rebuild Remembered Sets
[2022-04-22T08:03:49.999+0000][8][gc,marking  ] GC(12) Concurrent Rebuild Remembered Sets 0.561ms
[2022-04-22T08:03:50.000+0000][8][gc,start    ] GC(12) Pause Cleanup
[2022-04-22T08:03:50.000+0000][8][gc          ] GC(12) Pause Cleanup 74M->74M(512M) 0.583ms
[2022-04-22T08:03:50.002+0000][8][gc,cpu      ] GC(12) User=0.01s Sys=0.00s Real=0.01s
[2022-04-22T08:03:50.003+0000][8][safepoint   ] Safepoint "G1Concurrent", Time since last: 2985500 ns, Reaching safepoint: 415250 ns, At safepoint: 2820375 ns, Total: 3235625 ns
[2022-04-22T08:03:50.003+0000][8][gc,marking  ] GC(12) Concurrent Cleanup for Next Mark
[2022-04-22T08:03:50.004+0000][8][gc,marking  ] GC(12) Concurrent Cleanup for Next Mark 1.150ms
[2022-04-22T08:03:50.005+0000][8][gc          ] GC(12) Concurrent Mark Cycle 46.887ms
[2022-04-22T08:03:50.249+0000][8][safepoint   ] Safepoint "ICBufferFull", Time since last: 245950667 ns, Reaching safepoint: 162333 ns, At safepoint: 12959 ns, Total: 175292 ns
[2022-04-22T08:03:50.444+0000][8][safepoint   ] Safepoint "ICBufferFull", Time since last: 194642000 ns, Reaching safepoint: 593333 ns, At safepoint: 15708 ns, Total: 609041 ns
[2022-04-22T08:03:50.772+0000][8][safepoint   ] Safepoint "ICBufferFull", Time since last: 327958126 ns, Reaching safepoint: 226000 ns, At safepoint: 8333 ns, Total: 234333 ns
[2022-04-22T08:03:50.896+0000][8][safepoint   ] Safepoint "ICBufferFull", Time since last: 123933583 ns, Reaching safepoint: 216875 ns, At safepoint: 17500 ns, Total: 234375 ns
[2022-04-22T08:03:51.128+0000][8][safepoint   ] Safepoint "ICBufferFull", Time since last: 231657959 ns, Reaching safepoint: 212416 ns, At safepoint: 6167 ns, Total: 218583 ns
[2022-04-22T08:03:51.362+0000][8][safepoint   ] Safepoint "ICBufferFull", Time since last: 233334584 ns, Reaching safepoint: 254166 ns, At safepoint: 3084 ns, Total: 257250 ns
[2022-04-22T08:03:51.467+0000][8][safepoint   ] Safepoint "ICBufferFull", Time since last: 104509333 ns, Reaching safepoint: 218542 ns, At safepoint: 11000 ns, Total: 229542 ns
[2022-04-22T08:03:51.720+0000][8][safepoint   ] Safepoint "ICBufferFull", Time since last: 252708958 ns, Reaching safepoint: 409042 ns, At safepoint: 3916 ns, Total: 412958 ns
[2022-04-22T08:03:51.730+0000][8][gc,start    ] GC(13) Pause Young (Normal) (G1 Evacuation Pause)
[2022-04-22T08:03:51.731+0000][8][gc,task     ] GC(13) Using 5 workers of 5 for evacuation
[2022-04-22T08:03:51.732+0000][8][gc,age      ] GC(13) Desired survivor size 20971520 bytes, new threshold 15 (max threshold 15)
[2022-04-22T08:03:51.747+0000][8][gc,age      ] GC(13) Age table with threshold 15 (max threshold 15)
[2022-04-22T08:03:51.749+0000][8][gc,age      ] GC(13) - age   1:   13982528 bytes,   13982528 total
[2022-04-22T08:03:51.750+0000][8][gc,age      ] GC(13) - age   2:    5900760 bytes,   19883288 total
[2022-04-22T08:03:51.751+0000][8][gc,phases   ] GC(13)   Pre Evacuate Collection Set: 0.1ms
[2022-04-22T08:03:51.752+0000][8][gc,phases   ] GC(13)   Merge Heap Roots: 0.2ms
[2022-04-22T08:03:51.753+0000][8][gc,phases   ] GC(13)   Evacuate Collection Set: 10.3ms
[2022-04-22T08:03:51.754+0000][8][gc,phases   ] GC(13)   Post Evacuate Collection Set: 2.4ms
[2022-04-22T08:03:51.755+0000][8][gc,phases   ] GC(13)   Other: 8.3ms
[2022-04-22T08:03:51.756+0000][8][gc,heap     ] GC(13) Eden regions: 73->0(71)
[2022-04-22T08:03:51.757+0000][8][gc,heap     ] GC(13) Survivor regions: 3->5(10)
[2022-04-22T08:03:51.758+0000][8][gc,heap     ] GC(13) Old regions: 11->11
[2022-04-22T08:03:51.759+0000][8][gc,heap     ] GC(13) Archive regions: 2->2
[2022-04-22T08:03:51.760+0000][8][gc,heap     ] GC(13) Humongous regions: 0->0
[2022-04-22T08:03:51.760+0000][8][gc,metaspace] GC(13) Metaspace: 86858K(88320K)->86858K(88320K) NonClass: 74782K(75648K)->74782K(75648K) Class: 12075K(12672K)->12075K(12672K)
[2022-04-22T08:03:51.761+0000][8][gc          ] GC(13) Pause Young (Normal) (G1 Evacuation Pause) 348M->67M(512M) 31.236ms
[2022-04-22T08:03:51.762+0000][8][gc,cpu      ] GC(13) User=0.05s Sys=0.00s Real=0.04s
[2022-04-22T08:03:51.762+0000][8][safepoint   ] Safepoint "G1CollectForAllocation", Time since last: 9692917 ns, Reaching safepoint: 343333 ns, At safepoint: 32564084 ns, Total: 32907417 ns
[2022-04-22T08:03:51.810+0000][8][gc,start    ] GC(14) Pause Young (Concurrent Start) (Metadata GC Threshold)
[2022-04-22T08:03:51.811+0000][8][gc,task     ] GC(14) Using 5 workers of 5 for evacuation
[2022-04-22T08:03:51.813+0000][8][gc,age      ] GC(14) Desired survivor size 20971520 bytes, new threshold 15 (max threshold 15)
[2022-04-22T08:03:51.823+0000][8][gc,age      ] GC(14) Age table with threshold 15 (max threshold 15)
[2022-04-22T08:03:51.824+0000][8][gc,age      ] GC(14) - age   1:     311272 bytes,     311272 total
[2022-04-22T08:03:51.826+0000][8][gc,age      ] GC(14) - age   2:   13727920 bytes,   14039192 total
[2022-04-22T08:03:51.827+0000][8][gc,age      ] GC(14) - age   3:    5875648 bytes,   19914840 total
[2022-04-22T08:03:51.828+0000][8][gc,phases   ] GC(14)   Pre Evacuate Collection Set: 0.3ms
[2022-04-22T08:03:51.829+0000][8][gc,phases   ] GC(14)   Merge Heap Roots: 0.2ms
[2022-04-22T08:03:51.830+0000][8][gc,phases   ] GC(14)   Evacuate Collection Set: 8.3ms
[2022-04-22T08:03:51.831+0000][8][gc,phases   ] GC(14)   Post Evacuate Collection Set: 1.2ms
[2022-04-22T08:03:51.832+0000][8][gc,phases   ] GC(14)   Other: 7.5ms
[2022-04-22T08:03:51.833+0000][8][gc,heap     ] GC(14) Eden regions: 3->0(70)
[2022-04-22T08:03:51.834+0000][8][gc,heap     ] GC(14) Survivor regions: 5->6(10)
[2022-04-22T08:03:51.835+0000][8][gc,heap     ] GC(14) Old regions: 11->11
[2022-04-22T08:03:51.836+0000][8][gc,heap     ] GC(14) Archive regions: 2->2
[2022-04-22T08:03:51.836+0000][8][gc,heap     ] GC(14) Humongous regions: 0->0
[2022-04-22T08:03:51.837+0000][8][gc,metaspace] GC(14) Metaspace: 87494K(88960K)->87494K(88960K) NonClass: 75309K(76160K)->75309K(76160K) Class: 12184K(12800K)->12184K(12800K)
[2022-04-22T08:03:51.838+0000][8][gc          ] GC(14) Pause Young (Concurrent Start) (Metadata GC Threshold) 76M->68M(512M) 27.643ms
[2022-04-22T08:03:51.839+0000][8][gc,cpu      ] GC(14) User=0.03s Sys=0.00s Real=0.03s
[2022-04-22T08:03:51.840+0000][8][safepoint   ] Safepoint "CollectForMetadataAllocation", Time since last: 47926166 ns, Reaching safepoint: 178584 ns, At safepoint: 29519875 ns, Total: 29698459 ns
[2022-04-22T08:03:51.840+0000][8][gc          ] GC(15) Concurrent Mark Cycle
[2022-04-22T08:03:51.842+0000][8][gc,marking  ] GC(15) Concurrent Clear Claimed Marks
[2022-04-22T08:03:51.845+0000][8][gc,marking  ] GC(15) Concurrent Clear Claimed Marks 2.425ms
[2022-04-22T08:03:51.846+0000][8][gc,marking  ] GC(15) Concurrent Scan Root Regions
[2022-04-22T08:03:51.857+0000][8][gc,marking  ] GC(15) Concurrent Scan Root Regions 11.027ms
[2022-04-22T08:03:51.878+0000][8][gc,marking  ] GC(15) Concurrent Mark
[2022-04-22T08:03:51.879+0000][8][gc,marking  ] GC(15) Concurrent Mark From Roots
[2022-04-22T08:03:51.880+0000][8][gc,task     ] GC(15) Using 1 workers of 1 for marking
[2022-04-22T08:03:51.889+0000][8][safepoint   ] Safepoint "ICBufferFull", Time since last: 48334625 ns, Reaching safepoint: 391375 ns, At safepoint: 23375 ns, Total: 414750 ns
[2022-04-22T08:03:51.969+0000][8][gc,marking  ] GC(15) Concurrent Mark From Roots 89.982ms
[2022-04-22T08:03:51.970+0000][8][gc,marking  ] GC(15) Concurrent Preclean
[2022-04-22T08:03:51.971+0000][8][gc,marking  ] GC(15) Concurrent Preclean 1.382ms
[2022-04-22T08:03:51.973+0000][8][gc,start    ] GC(15) Pause Remark
[2022-04-22T08:03:51.977+0000][8][gc          ] GC(15) Pause Remark 70M->70M(512M) 3.939ms
[2022-04-22T08:03:51.978+0000][8][gc,cpu      ] GC(15) User=0.01s Sys=0.00s Real=0.00s
[2022-04-22T08:03:51.979+0000][8][safepoint   ] Safepoint "G1Concurrent", Time since last: 83425875 ns, Reaching safepoint: 577750 ns, At safepoint: 5798833 ns, Total: 6376583 ns
[2022-04-22T08:03:51.980+0000][8][gc,marking  ] GC(15) Concurrent Mark 101.615ms
[2022-04-22T08:03:51.980+0000][8][gc,marking  ] GC(15) Concurrent Rebuild Remembered Sets
[2022-04-22T08:03:51.981+0000][8][gc,marking  ] GC(15) Concurrent Rebuild Remembered Sets 0.678ms
[2022-04-22T08:03:51.982+0000][8][gc,start    ] GC(15) Pause Cleanup
[2022-04-22T08:03:51.982+0000][8][gc          ] GC(15) Pause Cleanup 70M->70M(512M) 0.394ms
[2022-04-22T08:03:51.983+0000][8][gc,cpu      ] GC(15) User=0.00s Sys=0.00s Real=0.00s
[2022-04-22T08:03:51.983+0000][8][safepoint   ] Safepoint "G1Concurrent", Time since last: 3323959 ns, Reaching safepoint: 45375 ns, At safepoint: 1516666 ns, Total: 1562041 ns
[2022-04-22T08:03:51.984+0000][8][gc,marking  ] GC(15) Concurrent Cleanup for Next Mark
[2022-04-22T08:03:51.986+0000][8][gc,marking  ] GC(15) Concurrent Cleanup for Next Mark 1.473ms
[2022-04-22T08:03:51.986+0000][8][gc          ] GC(15) Concurrent Mark Cycle 146.195ms
[2022-04-22T08:03:52.214+0000][8][safepoint   ] Safepoint "ICBufferFull", Time since last: 230423292 ns, Reaching safepoint: 177375 ns, At safepoint: 8792 ns, Total: 186167 ns
[2022-04-22T08:03:52.455+0000][8][safepoint   ] Safepoint "ICBufferFull", Time since last: 241006500 ns, Reaching safepoint: 233125 ns, At safepoint: 10083 ns, Total: 243208 ns
[2022-04-22T08:03:52.764+0000][8][safepoint   ] Safepoint "ICBufferFull", Time since last: 308829250 ns, Reaching safepoint: 102750 ns, At safepoint: 11917 ns, Total: 114667 ns
[2022-04-22T08:03:52.859+0000][8][safepoint   ] Safepoint "ICBufferFull", Time since last: 94118417 ns, Reaching safepoint: 195125 ns, At safepoint: 3541 ns, Total: 198666 ns
[2022-04-22T08:03:53.128+0000][8][safepoint   ] Safepoint "ICBufferFull", Time since last: 269502375 ns, Reaching safepoint: 127500 ns, At safepoint: 9375 ns, Total: 136875 ns
[2022-04-22T08:03:53.129+0000][8][safepoint   ] Safepoint "ICBufferFull", Time since last: 1116209 ns, Reaching safepoint: 68000 ns, At safepoint: 3208 ns, Total: 71208 ns
[2022-04-22T08:03:53.302+0000][8][safepoint   ] Safepoint "ICBufferFull", Time since last: 171755708 ns, Reaching safepoint: 1349667 ns, At safepoint: 18417 ns, Total: 1368084 ns
[2022-04-22T08:03:53.753+0000][8][safepoint   ] Safepoint "ICBufferFull", Time since last: 450346958 ns, Reaching safepoint: 278959 ns, At safepoint: 6875 ns, Total: 285834 ns
[2022-04-22T08:03:53.761+0000][8][safepoint   ] Safepoint "ICBufferFull", Time since last: 6980041 ns, Reaching safepoint: 882250 ns, At safepoint: 17334 ns, Total: 899584 ns
[2022-04-22T08:03:54.042+0000][8][safepoint   ] Safepoint "ICBufferFull", Time since last: 280477042 ns, Reaching safepoint: 402416 ns, At safepoint: 18917 ns, Total: 421333 ns
[2022-04-22T08:03:54.372+0000][8][safepoint   ] Safepoint "ICBufferFull", Time since last: 329979958 ns, Reaching safepoint: 278875 ns, At safepoint: 3250 ns, Total: 282125 ns
[2022-04-22T08:03:54.760+0000][8][gc,start    ] GC(16) Pause Young (Normal) (G1 Evacuation Pause)
[2022-04-22T08:03:54.762+0000][8][gc,task     ] GC(16) Using 5 workers of 5 for evacuation
[2022-04-22T08:03:54.764+0000][8][gc,age      ] GC(16) Desired survivor size 20971520 bytes, new threshold 15 (max threshold 15)
[2022-04-22T08:03:54.780+0000][8][gc,age      ] GC(16) Age table with threshold 15 (max threshold 15)
[2022-04-22T08:03:54.782+0000][8][gc,age      ] GC(16) - age   1:    7578008 bytes,    7578008 total
[2022-04-22T08:03:54.783+0000][8][gc,age      ] GC(16) - age   2:     222656 bytes,    7800664 total
[2022-04-22T08:03:54.783+0000][8][gc,age      ] GC(16) - age   3:   13521456 bytes,   21322120 total
[2022-04-22T08:03:54.784+0000][8][gc,age      ] GC(16) - age   4:    5694632 bytes,   27016752 total
[2022-04-22T08:03:54.785+0000][8][gc,phases   ] GC(16)   Pre Evacuate Collection Set: 0.6ms
[2022-04-22T08:03:54.786+0000][8][gc,phases   ] GC(16)   Merge Heap Roots: 0.3ms
[2022-04-22T08:03:54.786+0000][8][gc,phases   ] GC(16)   Evacuate Collection Set: 11.5ms
[2022-04-22T08:03:54.787+0000][8][gc,phases   ] GC(16)   Post Evacuate Collection Set: 2.7ms
[2022-04-22T08:03:54.788+0000][8][gc,phases   ] GC(16)   Other: 10.4ms
[2022-04-22T08:03:54.788+0000][8][gc,heap     ] GC(16) Eden regions: 70->0(69)
[2022-04-22T08:03:54.789+0000][8][gc,heap     ] GC(16) Survivor regions: 6->7(10)
[2022-04-22T08:03:54.790+0000][8][gc,heap     ] GC(16) Old regions: 11->11
[2022-04-22T08:03:54.791+0000][8][gc,heap     ] GC(16) Archive regions: 2->2
[2022-04-22T08:03:54.791+0000][8][gc,heap     ] GC(16) Humongous regions: 6->6
[2022-04-22T08:03:54.792+0000][8][gc,metaspace] GC(16) Metaspace: 98034K(99584K)->98034K(99584K) NonClass: 84228K(85120K)->84228K(85120K) Class: 13805K(14464K)->13805K(14464K)
[2022-04-22T08:03:54.793+0000][8][gc          ] GC(16) Pause Young (Normal) (G1 Evacuation Pause) 371M->99M(512M) 33.093ms
[2022-04-22T08:03:54.794+0000][8][gc,cpu      ] GC(16) User=0.04s Sys=0.01s Real=0.04s
[2022-04-22T08:03:54.795+0000][8][safepoint   ] Safepoint "G1CollectForAllocation", Time since last: 387130459 ns, Reaching safepoint: 78458 ns, At safepoint: 35283334 ns, Total: 35361792 ns
[2022-04-22T08:03:55.372+0000][8][safepoint   ] Safepoint "ICBufferFull", Time since last: 576921250 ns, Reaching safepoint: 245333 ns, At safepoint: 15000 ns, Total: 260333 ns
[2022-04-22T08:03:56.374+0000][8][safepoint   ] Safepoint "Cleanup", Time since last: 1001528792 ns, Reaching safepoint: 190500 ns, At safepoint: 4334 ns, Total: 194834 ns
[2022-04-22T08:03:57.381+0000][8][safepoint   ] Safepoint "Cleanup", Time since last: 1007352208 ns, Reaching safepoint: 524292 ns, At safepoint: 13333 ns, Total: 537625 ns
[2022-04-22T08:03:58.401+0000][8][safepoint   ] Safepoint "Cleanup", Time since last: 1019696543 ns, Reaching safepoint: 349375 ns, At safepoint: 9708 ns, Total: 359083 ns
[2022-04-22T08:03:59.408+0000][8][safepoint   ] Safepoint "Cleanup", Time since last: 1005994459 ns, Reaching safepoint: 956375 ns, At safepoint: 12666 ns, Total: 969041 ns
[2022-04-22T08:04:04.441+0000][8][safepoint   ] Safepoint "Cleanup", Time since last: 5033272252 ns, Reaching safepoint: 311958 ns, At safepoint: 12875 ns, Total: 324833 ns
[2022-04-22T08:04:08.462+0000][8][safepoint   ] Safepoint "Cleanup", Time since last: 4018143085 ns, Reaching safepoint: 2949334 ns, At safepoint: 17583 ns, Total: 2966917 ns
[2022-04-22T08:04:09.472+0000][8][safepoint   ] Safepoint "Cleanup", Time since last: 1010217126 ns, Reaching safepoint: 564916 ns, At safepoint: 11500 ns, Total: 576416 ns
[2022-04-22T08:04:16.494+0000][8][safepoint   ] Safepoint "Cleanup", Time since last: 7020712129 ns, Reaching safepoint: 552750 ns, At safepoint: 15666 ns, Total: 568416 ns
[2022-04-22T08:04:17.511+0000][8][safepoint   ] Safepoint "Cleanup", Time since last: 1016043876 ns, Reaching safepoint: 723791 ns, At safepoint: 16292 ns, Total: 740083 ns
[2022-04-22T08:04:19.528+0000][8][safepoint   ] Safepoint "Cleanup", Time since last: 2016885918 ns, Reaching safepoint: 425125 ns, At safepoint: 12875 ns, Total: 438000 ns
[2022-04-22T08:04:21.549+0000][8][safepoint   ] Safepoint "Cleanup", Time since last: 2021055251 ns, Reaching safepoint: 399791 ns, At safepoint: 9500 ns, Total: 409291 ns
[2022-04-22T08:04:22.561+0000][8][safepoint   ] Safepoint "Cleanup", Time since last: 1011704042 ns, Reaching safepoint: 459459 ns, At safepoint: 9416 ns, Total: 468875 ns
[2022-04-22T08:04:23.572+0000][8][safepoint   ] Safepoint "Cleanup", Time since last: 1010799793 ns, Reaching safepoint: 116250 ns, At safepoint: 4083 ns, Total: 120333 ns
[2022-04-22T08:04:25.582+0000][8][safepoint   ] Safepoint "Cleanup", Time since last: 2008917543 ns, Reaching safepoint: 323125 ns, At safepoint: 7666 ns, Total: 330791 ns
[2022-04-22T08:04:29.592+0000][8][safepoint   ] Safepoint "Cleanup", Time since last: 4010446252 ns, Reaching safepoint: 263042 ns, At safepoint: 7625 ns, Total: 270667 ns
[2022-04-22T08:04:30.614+0000][8][safepoint   ] Safepoint "Cleanup", Time since last: 1005078249 ns, Reaching safepoint: 14421292 ns, At safepoint: 18542 ns, Total: 14439834 ns
[2022-04-22T08:04:31.621+0000][8][safepoint   ] Safepoint "Cleanup", Time since last: 1007322750 ns, Reaching safepoint: 575500 ns, At safepoint: 33000 ns, Total: 608500 ns
[2022-04-22T08:04:32.632+0000][8][safepoint   ] Safepoint "Cleanup", Time since last: 1010446917 ns, Reaching safepoint: 213000 ns, At safepoint: 8334 ns, Total: 221334 ns
[2022-04-22T08:04:34.642+0000][8][safepoint   ] Safepoint "Cleanup", Time since last: 2008229917 ns, Reaching safepoint: 1687709 ns, At safepoint: 35125 ns, Total: 1722834 ns
[2022-04-22T08:04:35.650+0000][8][safepoint   ] Safepoint "Cleanup", Time since last: 1007517917 ns, Reaching safepoint: 654125 ns, At safepoint: 23208 ns, Total: 677333 ns
[2022-04-22T08:04:40.670+0000][8][safepoint   ] Safepoint "Cleanup", Time since last: 5018734336 ns, Reaching safepoint: 759750 ns, At safepoint: 19125 ns, Total: 778875 ns
[2022-04-22T08:04:44.683+0000][8][safepoint   ] Safepoint "Cleanup", Time since last: 4012367793 ns, Reaching safepoint: 427667 ns, At safepoint: 15542 ns, Total: 443209 ns
[2022-04-22T08:04:45.697+0000][8][safepoint   ] Safepoint "Cleanup", Time since last: 1013884167 ns, Reaching safepoint: 384833 ns, At safepoint: 7292 ns, Total: 392125 ns
[2022-04-22T08:04:46.711+0000][8][safepoint   ] Safepoint "Cleanup", Time since last: 1013050292 ns, Reaching safepoint: 1464792 ns, At safepoint: 13250 ns, Total: 1478042 ns
[2022-04-22T08:04:49.729+0000][8][safepoint   ] Safepoint "Cleanup", Time since last: 3017700584 ns, Reaching safepoint: 336417 ns, At safepoint: 7458 ns, Total: 343875 ns
[2022-04-22T08:04:50.738+0000][8][safepoint   ] Safepoint "Cleanup", Time since last: 1007830501 ns, Reaching safepoint: 332167 ns, At safepoint: 7791 ns, Total: 339958 ns
[2022-04-22T08:04:52.745+0000][8][safepoint   ] Safepoint "Cleanup", Time since last: 2007408126 ns, Reaching safepoint: 349584 ns, At safepoint: 16500 ns, Total: 366084 ns
[2022-04-22T08:04:53.760+0000][8][safepoint   ] Safepoint "Cleanup", Time since last: 1014265625 ns, Reaching safepoint: 454917 ns, At safepoint: 16000 ns, Total: 470917 ns
[2022-04-22T08:04:57.772+0000][8][safepoint   ] Safepoint "Cleanup", Time since last: 4011181793 ns, Reaching safepoint: 625792 ns, At safepoint: 11292 ns, Total: 637084 ns
[2022-04-22T08:04:59.783+0000][8][safepoint   ] Safepoint "Cleanup", Time since last: 2011246542 ns, Reaching safepoint: 208500 ns, At safepoint: 6750 ns, Total: 215250 ns
[2022-04-22T08:05:00.798+0000][8][safepoint   ] Safepoint "Cleanup", Time since last: 1013033625 ns, Reaching safepoint: 2533417 ns, At safepoint: 16000 ns, Total: 2549417 ns
[2022-04-22T08:05:01.809+0000][8][safepoint   ] Safepoint "Cleanup", Time since last: 1010799209 ns, Reaching safepoint: 513791 ns, At safepoint: 13334 ns, Total: 527125 ns
[2022-04-22T08:05:22.885+0000][8][safepoint   ] Safepoint "Cleanup", Time since last: 21075529593 ns, Reaching safepoint: 435833 ns, At safepoint: 9959 ns, Total: 445792 ns
[2022-04-22T08:05:35.930+0000][8][safepoint   ] Safepoint "Cleanup", Time since last: 13042696630 ns, Reaching safepoint: 420917 ns, At safepoint: 13375 ns, Total: 434292 ns
[2022-04-22T08:05:38.936+0000][8][safepoint   ] Safepoint "Cleanup", Time since last: 3006176334 ns, Reaching safepoint: 529959 ns, At safepoint: 15750 ns, Total: 545709 ns
[2022-04-22T08:05:56.002+0000][8][safepoint   ] Safepoint "Cleanup", Time since last: 17065621591 ns, Reaching safepoint: 255417 ns, At safepoint: 9791 ns, Total: 265208 ns
[2022-04-22T08:05:58.016+0000][8][safepoint   ] Safepoint "Cleanup", Time since last: 2013418793 ns, Reaching safepoint: 685000 ns, At safepoint: 16375 ns, Total: 701375 ns
[2022-04-22T08:05:59.036+0000][8][safepoint   ] Safepoint "Cleanup", Time since last: 1019172876 ns, Reaching safepoint: 327666 ns, At safepoint: 15167 ns, Total: 342833 ns
[2022-04-22T08:06:06.078+0000][8][safepoint   ] Safepoint "Cleanup", Time since last: 7023571545 ns, Reaching safepoint: 17734291 ns, At safepoint: 15917 ns, Total: 17750208 ns
[2022-04-22T08:06:14.117+0000][8][safepoint   ] Safepoint "Cleanup", Time since last: 8038301295 ns, Reaching safepoint: 522542 ns, At safepoint: 15625 ns, Total: 538167 ns
[2022-04-22T08:06:16.133+0000][8][safepoint   ] Safepoint "Cleanup", Time since last: 2015313584 ns, Reaching safepoint: 266167 ns, At safepoint: 11042 ns, Total: 277209 ns
[2022-04-22T08:06:23.157+0000][8][safepoint   ] Safepoint "Cleanup", Time since last: 7023937878 ns, Reaching safepoint: 251625 ns, At safepoint: 8208 ns, Total: 259833 ns
[2022-04-22T08:06:24.176+0000][8][safepoint   ] Safepoint "Cleanup", Time since last: 1005814459 ns, Reaching safepoint: 13205875 ns, At safepoint: 14417 ns, Total: 13220292 ns
[2022-04-22T08:06:29.200+0000][8][safepoint   ] Safepoint "Cleanup", Time since last: 5022898586 ns, Reaching safepoint: 659250 ns, At safepoint: 17125 ns, Total: 676375 ns
[2022-04-22T08:06:51.260+0000][8][safepoint   ] Safepoint "Cleanup", Time since last: 22060100718 ns, Reaching safepoint: 725458 ns, At safepoint: 13167 ns, Total: 738625 ns
[2022-04-22T08:06:52.275+0000][8][safepoint   ] Safepoint "Cleanup", Time since last: 1015230834 ns, Reaching safepoint: 195541 ns, At safepoint: 5000 ns, Total: 200541 ns
[2022-04-22T08:06:53.289+0000][8][safepoint   ] Safepoint "Cleanup", Time since last: 1013706542 ns, Reaching safepoint: 242542 ns, At safepoint: 10875 ns, Total: 253417 ns
[2022-04-22T08:06:54.304+0000][8][safepoint   ] Safepoint "Cleanup", Time since last: 1014469042 ns, Reaching safepoint: 305084 ns, At safepoint: 9583 ns, Total: 314667 ns
[2022-04-22T08:06:56.333+0000][8][safepoint   ] Safepoint "Cleanup", Time since last: 2029128084 ns, Reaching safepoint: 226417 ns, At safepoint: 11292 ns, Total: 237709 ns
[2022-04-22T08:07:00.351+0000][8][safepoint   ] Safepoint "Cleanup", Time since last: 4014177001 ns, Reaching safepoint: 325916 ns, At safepoint: 27875 ns, Total: 353791 ns
[2022-04-22T08:07:02.364+0000][8][safepoint   ] Safepoint "Cleanup", Time since last: 2011987376 ns, Reaching safepoint: 1216208 ns, At safepoint: 6917 ns, Total: 1223125 ns
[2022-04-22T08:07:03.375+0000][8][safepoint   ] Safepoint "Cleanup", Time since last: 1009876084 ns, Reaching safepoint: 613083 ns, At safepoint: 20917 ns, Total: 634000 ns
[2022-04-22T08:07:05.390+0000][8][safepoint   ] Safepoint "Cleanup", Time since last: 2015197251 ns, Reaching safepoint: 381125 ns, At safepoint: 17833 ns, Total: 398958 ns
[2022-04-22T08:07:22.458+0000][8][safepoint   ] Safepoint "Cleanup", Time since last: 17067830842 ns, Reaching safepoint: 207583 ns, At safepoint: 8208 ns, Total: 215791 ns
[2022-04-22T08:08:22.629+0000][8][safepoint   ] Safepoint "Cleanup", Time since last: 60173244194 ns, Reaching safepoint: 286375 ns, At safepoint: 5750 ns, Total: 292125 ns
[2022-04-22T08:08:41.673+0000][8][safepoint   ] Safepoint "Cleanup", Time since last: 19042349801 ns, Reaching safepoint: 551958 ns, At safepoint: 11250 ns, Total: 563208 ns
[2022-04-22T08:08:52.713+0000][8][safepoint   ] Safepoint "Cleanup", Time since last: 11039032672 ns, Reaching safepoint: 720958 ns, At safepoint: 16709 ns, Total: 737667 ns
[2022-04-22T08:09:00.768+0000][8][safepoint   ] Safepoint "Cleanup", Time since last: 8055309461 ns, Reaching safepoint: 255042 ns, At safepoint: 30500 ns, Total: 285542 ns
[2022-04-22T08:09:01.780+0000][8][safepoint   ] Safepoint "Cleanup", Time since last: 1011690459 ns, Reaching safepoint: 346375 ns, At safepoint: 10916 ns, Total: 357291 ns
[2022-04-22T08:09:12.833+0000][8][safepoint   ] Safepoint "Cleanup", Time since last: 11052273047 ns, Reaching safepoint: 548083 ns, At safepoint: 11459 ns, Total: 559542 ns
[2022-04-22T08:09:16.847+0000][8][safepoint   ] Safepoint "Cleanup", Time since last: 4013068252 ns, Reaching safepoint: 641000 ns, At safepoint: 20416 ns, Total: 661416 ns
[2022-04-22T08:09:22.867+0000][8][safepoint   ] Safepoint "Cleanup", Time since last: 6018938837 ns, Reaching safepoint: 638416 ns, At safepoint: 13167 ns, Total: 651583 ns
[2022-04-22T08:10:02.001+0000][8][safepoint   ] Safepoint "Cleanup", Time since last: 39129852059 ns, Reaching safepoint: 2066708 ns, At safepoint: 15209 ns, Total: 2081917 ns
[2022-04-22T08:10:18.101+0000][8][safepoint   ] Safepoint "Cleanup", Time since last: 16100535174 ns, Reaching safepoint: 59292 ns, At safepoint: 1250 ns, Total: 60542 ns
[2022-04-22T08:10:19.369+0000][8][safepoint   ] Safepoint "Cleanup", Time since last: 1266156292 ns, Reaching safepoint: 1066375 ns, At safepoint: 19333 ns, Total: 1085708 ns
[2022-04-22T08:10:22.384+0000][8][safepoint   ] Safepoint "Cleanup", Time since last: 3015399085 ns, Reaching safepoint: 205625 ns, At safepoint: 6000 ns, Total: 211625 ns
[2022-04-22T08:10:28.408+0000][8][safepoint   ] Safepoint "Cleanup", Time since last: 6023735586 ns, Reaching safepoint: 346167 ns, At safepoint: 7500 ns, Total: 353667 ns
[2022-04-22T08:10:31.418+0000][8][safepoint   ] Safepoint "Cleanup", Time since last: 3010812792 ns, Reaching safepoint: 231042 ns, At safepoint: 10750 ns, Total: 241792 ns
[2022-04-22T08:10:34.432+0000][8][safepoint   ] Safepoint "Cleanup", Time since last: 3013909626 ns, Reaching safepoint: 489084 ns, At safepoint: 12541 ns, Total: 501625 ns
[2022-04-22T08:10:35.442+0000][8][safepoint   ] Safepoint "Cleanup", Time since last: 1009934584 ns, Reaching safepoint: 186709 ns, At safepoint: 5208 ns, Total: 191917 ns
[2022-04-22T08:10:39.463+0000][8][safepoint   ] Safepoint "Cleanup", Time since last: 4020410168 ns, Reaching safepoint: 111292 ns, At safepoint: 2917 ns, Total: 114209 ns
[2022-04-22T08:10:53.520+0000][8][safepoint   ] Safepoint "Cleanup", Time since last: 14056977882 ns, Reaching safepoint: 176583 ns, At safepoint: 10167 ns, Total: 186750 ns
[2022-04-22T08:11:04.697+0000][8][gc,start    ] GC(17) Pause Young (Normal) (G1 Evacuation Pause)
[2022-04-22T08:11:04.699+0000][8][gc,task     ] GC(17) Using 5 workers of 5 for evacuation
[2022-04-22T08:11:04.700+0000][8][gc,age      ] GC(17) Desired survivor size 20971520 bytes, new threshold 3 (max threshold 15)
[2022-04-22T08:11:04.715+0000][8][gc,age      ] GC(17) Age table with threshold 3 (max threshold 15)
[2022-04-22T08:11:04.717+0000][8][gc,age      ] GC(17) - age   1:    1932752 bytes,    1932752 total
[2022-04-22T08:11:04.718+0000][8][gc,age      ] GC(17) - age   2:    5722936 bytes,    7655688 total
[2022-04-22T08:11:04.719+0000][8][gc,age      ] GC(17) - age   3:     222464 bytes,    7878152 total
[2022-04-22T08:11:04.720+0000][8][gc,phases   ] GC(17)   Pre Evacuate Collection Set: 0.3ms
[2022-04-22T08:11:04.721+0000][8][gc,phases   ] GC(17)   Merge Heap Roots: 0.3ms
[2022-04-22T08:11:04.722+0000][8][gc,phases   ] GC(17)   Evacuate Collection Set: 11.7ms
[2022-04-22T08:11:04.723+0000][8][gc,phases   ] GC(17)   Post Evacuate Collection Set: 1.5ms
[2022-04-22T08:11:04.725+0000][8][gc,phases   ] GC(17)   Other: 9.2ms
[2022-04-22T08:11:04.726+0000][8][gc,heap     ] GC(17) Eden regions: 69->0(73)
[2022-04-22T08:11:04.727+0000][8][gc,heap     ] GC(17) Survivor regions: 7->3(10)
[2022-04-22T08:11:04.728+0000][8][gc,heap     ] GC(17) Old regions: 11->16
[2022-04-22T08:11:04.729+0000][8][gc,heap     ] GC(17) Archive regions: 2->2
[2022-04-22T08:11:04.730+0000][8][gc,heap     ] GC(17) Humongous regions: 6->6
[2022-04-22T08:11:04.730+0000][8][gc,metaspace] GC(17) Metaspace: 101131K(102720K)->101131K(102720K) NonClass: 86954K(87872K)->86954K(87872K) Class: 14177K(14848K)->14177K(14848K)
[2022-04-22T08:11:04.731+0000][8][gc          ] GC(17) Pause Young (Normal) (G1 Evacuation Pause) 375M->100M(512M) 33.342ms
[2022-04-22T08:11:04.731+0000][8][gc,cpu      ] GC(17) User=0.05s Sys=0.01s Real=0.03s
[2022-04-22T08:11:04.732+0000][8][safepoint   ] Safepoint "G1CollectForAllocation", Time since last: 11177829921 ns, Reaching safepoint: 89875 ns, At safepoint: 34740208 ns, Total: 34830083 ns
[2022-04-22T08:11:05.737+0000][8][safepoint   ] Safepoint "Cleanup", Time since last: 1004196001 ns, Reaching safepoint: 420875 ns, At safepoint: 9291 ns, Total: 430166 ns
[2022-04-22T08:11:12.755+0000][8][safepoint   ] Safepoint "Cleanup", Time since last: 7018485712 ns, Reaching safepoint: 165833 ns, At safepoint: 2667 ns, Total: 168500 ns
[2022-04-22T08:11:18.774+0000][8][safepoint   ] Safepoint "Cleanup", Time since last: 6017753378 ns, Reaching safepoint: 688500 ns, At safepoint: 121542 ns, Total: 810042 ns
[2022-04-22T08:11:52.906+0000][8][safepoint   ] Safepoint "Cleanup", Time since last: 34129429724 ns, Reaching safepoint: 221125 ns, At safepoint: 13833 ns, Total: 234958 ns
[2022-04-22T08:11:53.913+0000][8][safepoint   ] Safepoint "Cleanup", Time since last: 1006439792 ns, Reaching safepoint: 159584 ns, At safepoint: 5208 ns, Total: 164792 ns
[2022-04-22T08:12:35.024+0000][8][safepoint   ] Safepoint "Cleanup", Time since last: 41112164476 ns, Reaching safepoint: 851459 ns, At safepoint: 13416 ns, Total: 864875 ns
[2022-04-22T08:12:47.980+0000][8][gc,start    ] GC(18) Pause Young (Normal) (G1 Evacuation Pause)
[2022-04-22T08:12:47.982+0000][8][gc,task     ] GC(18) Using 5 workers of 5 for evacuation
[2022-04-22T08:12:47.983+0000][8][gc,age      ] GC(18) Desired survivor size 20971520 bytes, new threshold 15 (max threshold 15)
[2022-04-22T08:12:47.992+0000][8][gc,age      ] GC(18) Age table with threshold 15 (max threshold 15)
[2022-04-22T08:12:47.993+0000][8][gc,age      ] GC(18) - age   1:     977096 bytes,     977096 total
[2022-04-22T08:12:47.994+0000][8][gc,age      ] GC(18) - age   2:     919784 bytes,    1896880 total
[2022-04-22T08:12:47.995+0000][8][gc,age      ] GC(18) - age   3:    5319328 bytes,    7216208 total
[2022-04-22T08:12:47.996+0000][8][gc,age      ] GC(18) - age   4:     203320 bytes,    7419528 total
[2022-04-22T08:12:47.997+0000][8][gc,phases   ] GC(18)   Pre Evacuate Collection Set: 0.1ms
[2022-04-22T08:12:47.998+0000][8][gc,phases   ] GC(18)   Merge Heap Roots: 0.4ms
[2022-04-22T08:12:47.998+0000][8][gc,phases   ] GC(18)   Evacuate Collection Set: 6.3ms
[2022-04-22T08:12:47.999+0000][8][gc,phases   ] GC(18)   Post Evacuate Collection Set: 1.4ms
[2022-04-22T08:12:48.000+0000][8][gc,phases   ] GC(18)   Other: 8.6ms
[2022-04-22T08:12:48.001+0000][8][gc,heap     ] GC(18) Eden regions: 73->0(74)
[2022-04-22T08:12:48.001+0000][8][gc,heap     ] GC(18) Survivor regions: 3->2(10)
[2022-04-22T08:12:48.002+0000][8][gc,heap     ] GC(18) Old regions: 16->16
[2022-04-22T08:12:48.002+0000][8][gc,heap     ] GC(18) Archive regions: 2->2
[2022-04-22T08:12:48.003+0000][8][gc,heap     ] GC(18) Humongous regions: 6->6
[2022-04-22T08:12:48.004+0000][8][gc,metaspace] GC(18) Metaspace: 101180K(102784K)->101180K(102784K) NonClass: 87002K(87936K)->87002K(87936K) Class: 14177K(14848K)->14177K(14848K)
[2022-04-22T08:12:48.005+0000][8][gc          ] GC(18) Pause Young (Normal) (G1 Evacuation Pause) 392M->97M(512M) 24.637ms
[2022-04-22T08:12:48.006+0000][8][gc,cpu      ] GC(18) User=0.02s Sys=0.00s Real=0.03s
[2022-04-22T08:12:48.009+0000][8][safepoint   ] Safepoint "G1CollectForAllocation", Time since last: 12955851632 ns, Reaching safepoint: 133916 ns, At safepoint: 29070792 ns, Total: 29204708 ns
[2022-04-22T08:12:49.011+0000][8][safepoint   ] Safepoint "Cleanup", Time since last: 1001260917 ns, Reaching safepoint: 610458 ns, At safepoint: 14542 ns, Total: 625000 ns
[2022-04-22T08:13:03.063+0000][8][safepoint   ] Safepoint "Cleanup", Time since last: 14053015298 ns, Reaching safepoint: 1207333 ns, At safepoint: 29667 ns, Total: 1237000 ns
[2022-04-22T08:13:13.296+0000][8][gc,start    ] GC(19) Pause Young (Normal) (G1 Evacuation Pause)
[2022-04-22T08:13:13.297+0000][8][gc,task     ] GC(19) Using 5 workers of 5 for evacuation
[2022-04-22T08:13:13.298+0000][8][gc,age      ] GC(19) Desired survivor size 20971520 bytes, new threshold 15 (max threshold 15)
[2022-04-22T08:13:13.303+0000][8][gc,age      ] GC(19) Age table with threshold 15 (max threshold 15)
[2022-04-22T08:13:13.305+0000][8][gc,age      ] GC(19) - age   1:    1117640 bytes,    1117640 total
[2022-04-22T08:13:13.305+0000][8][gc,age      ] GC(19) - age   2:     121352 bytes,    1238992 total
[2022-04-22T08:13:13.306+0000][8][gc,age      ] GC(19) - age   3:     898752 bytes,    2137744 total
[2022-04-22T08:13:13.307+0000][8][gc,age      ] GC(19) - age   4:    5319024 bytes,    7456768 total
[2022-04-22T08:13:13.307+0000][8][gc,age      ] GC(19) - age   5:     203280 bytes,    7660048 total
[2022-04-22T08:13:13.308+0000][8][gc,phases   ] GC(19)   Pre Evacuate Collection Set: 0.1ms
[2022-04-22T08:13:13.308+0000][8][gc,phases   ] GC(19)   Merge Heap Roots: 0.3ms
[2022-04-22T08:13:13.309+0000][8][gc,phases   ] GC(19)   Evacuate Collection Set: 3.3ms
[2022-04-22T08:13:13.310+0000][8][gc,phases   ] GC(19)   Post Evacuate Collection Set: 1.4ms
[2022-04-22T08:13:13.310+0000][8][gc,phases   ] GC(19)   Other: 6.9ms
[2022-04-22T08:13:13.311+0000][8][gc,heap     ] GC(19) Eden regions: 74->0(74)
[2022-04-22T08:13:13.312+0000][8][gc,heap     ] GC(19) Survivor regions: 2->2(10)
[2022-04-22T08:13:13.312+0000][8][gc,heap     ] GC(19) Old regions: 16->16
[2022-04-22T08:13:13.313+0000][8][gc,heap     ] GC(19) Archive regions: 2->2
[2022-04-22T08:13:13.313+0000][8][gc,heap     ] GC(19) Humongous regions: 6->6
[2022-04-22T08:13:13.314+0000][8][gc,metaspace] GC(19) Metaspace: 101280K(102912K)->101280K(102912K) NonClass: 87094K(88064K)->87094K(88064K) Class: 14186K(14848K)->14186K(14848K)
[2022-04-22T08:13:13.315+0000][8][gc          ] GC(19) Pause Young (Normal) (G1 Evacuation Pause) 393M->97M(512M) 18.840ms
[2022-04-22T08:13:13.315+0000][8][gc,cpu      ] GC(19) User=0.02s Sys=0.00s Real=0.02s
[2022-04-22T08:13:13.317+0000][8][safepoint   ] Safepoint "G1CollectForAllocation", Time since last: 10233000672 ns, Reaching safepoint: 133208 ns, At safepoint: 21343833 ns, Total: 21477041 ns
[2022-04-22T08:13:14.323+0000][8][safepoint   ] Safepoint "Cleanup", Time since last: 1005480292 ns, Reaching safepoint: 262000 ns, At safepoint: 7292 ns, Total: 269292 ns
[2022-04-22T08:13:16.336+0000][8][safepoint   ] Safepoint "Cleanup", Time since last: 2013153918 ns, Reaching safepoint: 347833 ns, At safepoint: 14667 ns, Total: 362500 ns
[2022-04-22T08:13:20.896+0000][8][safepoint   ] Safepoint "ICBufferFull", Time since last: 4559455002 ns, Reaching safepoint: 204250 ns, At safepoint: 198708 ns, Total: 402958 ns
[2022-04-22T08:13:21.021+0000][8][safepoint   ] Safepoint "ICBufferFull", Time since last: 124863042 ns, Reaching safepoint: 337625 ns, At safepoint: 5625 ns, Total: 343250 ns
[2022-04-22T08:13:21.228+0000][8][safepoint   ] Safepoint "ICBufferFull", Time since last: 205712125 ns, Reaching safepoint: 569625 ns, At safepoint: 13000 ns, Total: 582625 ns
[2022-04-22T08:13:21.472+0000][8][safepoint   ] Safepoint "ICBufferFull", Time since last: 242871084 ns, Reaching safepoint: 626958 ns, At safepoint: 917208 ns, Total: 1544166 ns
[2022-04-22T08:13:21.535+0000][8][safepoint   ] Safepoint "ICBufferFull", Time since last: 62876792 ns, Reaching safepoint: 363333 ns, At safepoint: 12750 ns, Total: 376083 ns
[2022-04-22T08:13:21.836+0000][8][safepoint   ] Safepoint "ICBufferFull", Time since last: 300005125 ns, Reaching safepoint: 162292 ns, At safepoint: 9625 ns, Total: 171917 ns
[2022-04-22T08:13:22.022+0000][8][safepoint   ] Safepoint "ICBufferFull", Time since last: 186203458 ns, Reaching safepoint: 528834 ns, At safepoint: 26708 ns, Total: 555542 ns
[2022-04-22T08:13:22.445+0000][8][safepoint   ] Safepoint "ICBufferFull", Time since last: 422487000 ns, Reaching safepoint: 295042 ns, At safepoint: 3625 ns, Total: 298667 ns
[2022-04-22T08:13:22.708+0000][8][safepoint   ] Safepoint "ICBufferFull", Time since last: 262298125 ns, Reaching safepoint: 140458 ns, At safepoint: 42209 ns, Total: 182667 ns
[2022-04-22T08:13:22.926+0000][8][safepoint   ] Safepoint "ICBufferFull", Time since last: 217628750 ns, Reaching safepoint: 399167 ns, At safepoint: 8958 ns, Total: 408125 ns
[2022-04-22T08:13:23.335+0000][8][safepoint   ] Safepoint "ICBufferFull", Time since last: 409589583 ns, Reaching safepoint: 188167 ns, At safepoint: 4917 ns, Total: 193084 ns
[2022-04-22T08:13:23.807+0000][8][safepoint   ] Safepoint "ICBufferFull", Time since last: 471200083 ns, Reaching safepoint: 372417 ns, At safepoint: 5208 ns, Total: 377625 ns
[2022-04-22T08:13:24.269+0000][8][safepoint   ] Safepoint "ICBufferFull", Time since last: 461416001 ns, Reaching safepoint: 229291 ns, At safepoint: 23667 ns, Total: 252958 ns
[2022-04-22T08:13:24.605+0000][8][safepoint   ] Safepoint "ICBufferFull", Time since last: 336257625 ns, Reaching safepoint: 265625 ns, At safepoint: 21958 ns, Total: 287583 ns
[2022-04-22T08:13:24.796+0000][8][safepoint   ] Safepoint "ICBufferFull", Time since last: 190453625 ns, Reaching safepoint: 252167 ns, At safepoint: 32625 ns, Total: 284792 ns
[2022-04-22T08:13:25.069+0000][8][safepoint   ] Safepoint "ICBufferFull", Time since last: 272794125 ns, Reaching safepoint: 282625 ns, At safepoint: 39459 ns, Total: 322084 ns
[2022-04-22T08:13:25.503+0000][8][safepoint   ] Safepoint "ICBufferFull", Time since last: 433669208 ns, Reaching safepoint: 223625 ns, At safepoint: 7750 ns, Total: 231375 ns
[2022-04-22T08:13:25.553+0000][8][gc,start    ] GC(20) Pause Young (Normal) (G1 Evacuation Pause)
[2022-04-22T08:13:25.554+0000][8][gc,task     ] GC(20) Using 5 workers of 5 for evacuation
[2022-04-22T08:13:25.555+0000][8][gc,age      ] GC(20) Desired survivor size 20971520 bytes, new threshold 15 (max threshold 15)
[2022-04-22T08:13:25.563+0000][8][gc,age      ] GC(20) Age table with threshold 15 (max threshold 15)
[2022-04-22T08:13:25.564+0000][8][gc,age      ] GC(20) - age   1:    3508896 bytes,    3508896 total
[2022-04-22T08:13:25.566+0000][8][gc,age      ] GC(20) - age   2:     248864 bytes,    3757760 total
[2022-04-22T08:13:25.567+0000][8][gc,age      ] GC(20) - age   3:     121264 bytes,    3879024 total
[2022-04-22T08:13:25.568+0000][8][gc,age      ] GC(20) - age   4:     889560 bytes,    4768584 total
[2022-04-22T08:13:25.569+0000][8][gc,age      ] GC(20) - age   5:    5313312 bytes,   10081896 total
[2022-04-22T08:13:25.569+0000][8][gc,age      ] GC(20) - age   6:     203280 bytes,   10285176 total
[2022-04-22T08:13:25.570+0000][8][gc,phases   ] GC(20)   Pre Evacuate Collection Set: 0.3ms
[2022-04-22T08:13:25.571+0000][8][gc,phases   ] GC(20)   Merge Heap Roots: 0.2ms
[2022-04-22T08:13:25.572+0000][8][gc,phases   ] GC(20)   Evacuate Collection Set: 4.6ms
[2022-04-22T08:13:25.573+0000][8][gc,phases   ] GC(20)   Post Evacuate Collection Set: 1.8ms
[2022-04-22T08:13:25.574+0000][8][gc,phases   ] GC(20)   Other: 10.7ms
[2022-04-22T08:13:25.575+0000][8][gc,heap     ] GC(20) Eden regions: 74->0(73)
[2022-04-22T08:13:25.576+0000][8][gc,heap     ] GC(20) Survivor regions: 2->3(10)
[2022-04-22T08:13:25.577+0000][8][gc,heap     ] GC(20) Old regions: 16->16
[2022-04-22T08:13:25.578+0000][8][gc,heap     ] GC(20) Archive regions: 2->2
[2022-04-22T08:13:25.579+0000][8][gc,heap     ] GC(20) Humongous regions: 6->6
[2022-04-22T08:13:25.580+0000][8][gc,metaspace] GC(20) Metaspace: 103872K(105408K)->103872K(105408K) NonClass: 89617K(90560K)->89617K(90560K) Class: 14255K(14848K)->14255K(14848K)
[2022-04-22T08:13:25.581+0000][8][gc          ] GC(20) Pause Young (Normal) (G1 Evacuation Pause) 393M->100M(512M) 27.940ms
[2022-04-22T08:13:25.582+0000][8][gc,cpu      ] GC(20) User=0.02s Sys=0.00s Real=0.02s
[2022-04-22T08:13:25.583+0000][8][safepoint   ] Safepoint "G1CollectForAllocation", Time since last: 49578042 ns, Reaching safepoint: 54333 ns, At safepoint: 30516375 ns, Total: 30570708 ns
[2022-04-22T08:13:25.771+0000][8][safepoint   ] Safepoint "ICBufferFull", Time since last: 187626625 ns, Reaching safepoint: 198167 ns, At safepoint: 10833 ns, Total: 209000 ns
[2022-04-22T08:13:26.305+0000][8][safepoint   ] Safepoint "ICBufferFull", Time since last: 533846750 ns, Reaching safepoint: 303834 ns, At safepoint: 3583 ns, Total: 307417 ns
[2022-04-22T08:13:27.112+0000][8][safepoint   ] Safepoint "ICBufferFull", Time since last: 806561292 ns, Reaching safepoint: 162750 ns, At safepoint: 8459 ns, Total: 171209 ns
[2022-04-22T08:13:27.847+0000][8][safepoint   ] Safepoint "ICBufferFull", Time since last: 734518542 ns, Reaching safepoint: 263583 ns, At safepoint: 15292 ns, Total: 278875 ns
[2022-04-22T08:13:28.775+0000][8][safepoint   ] Safepoint "ICBufferFull", Time since last: 928177625 ns, Reaching safepoint: 321875 ns, At safepoint: 4042 ns, Total: 325917 ns
[2022-04-22T08:13:29.587+0000][8][safepoint   ] Safepoint "ICBufferFull", Time since last: 811888167 ns, Reaching safepoint: 185125 ns, At safepoint: 5000 ns, Total: 190125 ns
[2022-04-22T08:13:29.930+0000][8][safepoint   ] Safepoint "ICBufferFull", Time since last: 342610417 ns, Reaching safepoint: 359500 ns, At safepoint: 19500 ns, Total: 379000 ns
[2022-04-22T08:13:30.623+0000][8][safepoint   ] Safepoint "ICBufferFull", Time since last: 689937208 ns, Reaching safepoint: 318292 ns, At safepoint: 4416 ns, Total: 322708 ns
[2022-04-22T08:13:31.626+0000][8][safepoint   ] Safepoint "Cleanup", Time since last: 1001520167 ns, Reaching safepoint: 1627042 ns, At safepoint: 12125 ns, Total: 1639167 ns
[2022-04-22T08:13:31.768+0000][8][gc,start    ] GC(21) Pause Young (Normal) (G1 Evacuation Pause)
[2022-04-22T08:13:31.769+0000][8][gc,task     ] GC(21) Using 5 workers of 5 for evacuation
[2022-04-22T08:13:31.770+0000][8][gc,age      ] GC(21) Desired survivor size 20971520 bytes, new threshold 15 (max threshold 15)
[2022-04-22T08:13:31.778+0000][8][gc,age      ] GC(21) Age table with threshold 15 (max threshold 15)
[2022-04-22T08:13:31.779+0000][8][gc,age      ] GC(21) - age   1:    5201864 bytes,    5201864 total
[2022-04-22T08:13:31.780+0000][8][gc,age      ] GC(21) - age   2:    1397344 bytes,    6599208 total
[2022-04-22T08:13:31.781+0000][8][gc,age      ] GC(21) - age   3:     248864 bytes,    6848072 total
[2022-04-22T08:13:31.782+0000][8][gc,age      ] GC(21) - age   4:     121264 bytes,    6969336 total
[2022-04-22T08:13:31.782+0000][8][gc,age      ] GC(21) - age   5:     889232 bytes,    7858568 total
[2022-04-22T08:13:31.783+0000][8][gc,age      ] GC(21) - age   6:    5313312 bytes,   13171880 total
[2022-04-22T08:13:31.783+0000][8][gc,age      ] GC(21) - age   7:     203280 bytes,   13375160 total
[2022-04-22T08:13:31.784+0000][8][gc,phases   ] GC(21)   Pre Evacuate Collection Set: 0.1ms
[2022-04-22T08:13:31.785+0000][8][gc,phases   ] GC(21)   Merge Heap Roots: 0.1ms
[2022-04-22T08:13:31.785+0000][8][gc,phases   ] GC(21)   Evacuate Collection Set: 5.7ms
[2022-04-22T08:13:31.786+0000][8][gc,phases   ] GC(21)   Post Evacuate Collection Set: 1.2ms
[2022-04-22T08:13:31.787+0000][8][gc,phases   ] GC(21)   Other: 8.7ms
[2022-04-22T08:13:31.787+0000][8][gc,heap     ] GC(21) Eden regions: 73->0(72)
[2022-04-22T08:13:31.788+0000][8][gc,heap     ] GC(21) Survivor regions: 3->4(10)
[2022-04-22T08:13:31.789+0000][8][gc,heap     ] GC(21) Old regions: 16->16
[2022-04-22T08:13:31.789+0000][8][gc,heap     ] GC(21) Archive regions: 2->2
[2022-04-22T08:13:31.790+0000][8][gc,heap     ] GC(21) Humongous regions: 6->6
[2022-04-22T08:13:31.791+0000][8][gc,metaspace] GC(21) Metaspace: 104302K(105856K)->104302K(105856K) NonClass: 90041K(90944K)->90041K(90944K) Class: 14261K(14912K)->14261K(14912K)
[2022-04-22T08:13:31.791+0000][8][gc          ] GC(21) Pause Young (Normal) (G1 Evacuation Pause) 392M->103M(512M) 22.860ms
[2022-04-22T08:13:31.792+0000][8][gc,cpu      ] GC(21) User=0.02s Sys=0.00s Real=0.02s
[2022-04-22T08:13:31.793+0000][8][safepoint   ] Safepoint "G1CollectForAllocation", Time since last: 142043375 ns, Reaching safepoint: 195125 ns, At safepoint: 24863250 ns, Total: 25058375 ns
[2022-04-22T08:13:32.796+0000][8][safepoint   ] Safepoint "Cleanup", Time since last: 1002016001 ns, Reaching safepoint: 313375 ns, At safepoint: 6166 ns, Total: 319541 ns
[2022-04-22T08:13:33.797+0000][8][safepoint   ] Safepoint "Cleanup", Time since last: 1001294626 ns, Reaching safepoint: 274125 ns, At safepoint: 17375 ns, Total: 291500 ns
[2022-04-22T08:13:34.806+0000][8][safepoint   ] Safepoint "Cleanup", Time since last: 1009064917 ns, Reaching safepoint: 140125 ns, At safepoint: 4167 ns, Total: 144292 ns
[2022-04-22T08:13:35.808+0000][8][safepoint   ] Safepoint "Cleanup", Time since last: 1001252708 ns, Reaching safepoint: 380875 ns, At safepoint: 15750 ns, Total: 396625 ns
[2022-04-22T08:13:36.810+0000][8][safepoint   ] Safepoint "Cleanup", Time since last: 1001408584 ns, Reaching safepoint: 314917 ns, At safepoint: 142958 ns, Total: 457875 ns
[2022-04-22T08:13:37.290+0000][8][gc,start    ] GC(22) Pause Young (Normal) (G1 Evacuation Pause)
[2022-04-22T08:13:37.291+0000][8][gc,task     ] GC(22) Using 5 workers of 5 for evacuation
[2022-04-22T08:13:37.291+0000][8][gc,age      ] GC(22) Desired survivor size 20971520 bytes, new threshold 15 (max threshold 15)
[2022-04-22T08:13:37.298+0000][8][gc,age      ] GC(22) Age table with threshold 15 (max threshold 15)
[2022-04-22T08:13:37.299+0000][8][gc,age      ] GC(22) - age   1:    4992832 bytes,    4992832 total
[2022-04-22T08:13:37.300+0000][8][gc,age      ] GC(22) - age   2:     784992 bytes,    5777824 total
[2022-04-22T08:13:37.301+0000][8][gc,age      ] GC(22) - age   3:    1335544 bytes,    7113368 total
[2022-04-22T08:13:37.302+0000][8][gc,age      ] GC(22) - age   4:     248864 bytes,    7362232 total
[2022-04-22T08:13:37.303+0000][8][gc,age      ] GC(22) - age   5:     121264 bytes,    7483496 total
[2022-04-22T08:13:37.304+0000][8][gc,age      ] GC(22) - age   6:     889232 bytes,    8372728 total
[2022-04-22T08:13:37.304+0000][8][gc,age      ] GC(22) - age   7:    5313312 bytes,   13686040 total
[2022-04-22T08:13:37.305+0000][8][gc,age      ] GC(22) - age   8:     203280 bytes,   13889320 total
[2022-04-22T08:13:37.306+0000][8][gc,phases   ] GC(22)   Pre Evacuate Collection Set: 0.1ms
[2022-04-22T08:13:37.306+0000][8][gc,phases   ] GC(22)   Merge Heap Roots: 0.0ms
[2022-04-22T08:13:37.307+0000][8][gc,phases   ] GC(22)   Evacuate Collection Set: 5.0ms
[2022-04-22T08:13:37.308+0000][8][gc,phases   ] GC(22)   Post Evacuate Collection Set: 1.3ms
[2022-04-22T08:13:37.308+0000][8][gc,phases   ] GC(22)   Other: 9.7ms
[2022-04-22T08:13:37.309+0000][8][gc,heap     ] GC(22) Eden regions: 72->0(72)
[2022-04-22T08:13:37.310+0000][8][gc,heap     ] GC(22) Survivor regions: 4->4(10)
[2022-04-22T08:13:37.310+0000][8][gc,heap     ] GC(22) Old regions: 16->16
[2022-04-22T08:13:37.311+0000][8][gc,heap     ] GC(22) Archive regions: 2->2
[2022-04-22T08:13:37.312+0000][8][gc,heap     ] GC(22) Humongous regions: 6->6
[2022-04-22T08:13:37.313+0000][8][gc,metaspace] GC(22) Metaspace: 104602K(106176K)->104602K(106176K) NonClass: 90341K(91264K)->90341K(91264K) Class: 14261K(14912K)->14261K(14912K)
[2022-04-22T08:13:37.313+0000][8][gc          ] GC(22) Pause Young (Normal) (G1 Evacuation Pause) 391M->104M(512M) 23.497ms
[2022-04-22T08:13:37.314+0000][8][gc,cpu      ] GC(22) User=0.02s Sys=0.01s Real=0.02s
[2022-04-22T08:13:37.318+0000][8][safepoint   ] Safepoint "G1CollectForAllocation", Time since last: 472284000 ns, Reaching safepoint: 7584709 ns, At safepoint: 28508083 ns, Total: 36092792 ns
[2022-04-22T08:13:38.320+0000][8][safepoint   ] Safepoint "Cleanup", Time since last: 1001219667 ns, Reaching safepoint: 502584 ns, At safepoint: 9708 ns, Total: 512292 ns
[2022-04-22T08:13:39.322+0000][8][safepoint   ] Safepoint "Cleanup", Time since last: 1002008417 ns, Reaching safepoint: 216750 ns, At safepoint: 8458 ns, Total: 225208 ns
[2022-04-22T08:13:39.966+0000][8][safepoint   ] Safepoint "ICBufferFull", Time since last: 643817459 ns, Reaching safepoint: 229333 ns, At safepoint: 13125 ns, Total: 242458 ns
[2022-04-22T08:13:40.814+0000][8][safepoint   ] Safepoint "ICBufferFull", Time since last: 847659292 ns, Reaching safepoint: 243375 ns, At safepoint: 4209 ns, Total: 247584 ns
[2022-04-22T08:13:41.142+0000][8][gc,start    ] GC(23) Pause Young (Normal) (G1 Evacuation Pause)
[2022-04-22T08:13:41.144+0000][8][gc,task     ] GC(23) Using 5 workers of 5 for evacuation
[2022-04-22T08:13:41.145+0000][8][gc,age      ] GC(23) Desired survivor size 20971520 bytes, new threshold 15 (max threshold 15)
[2022-04-22T08:13:41.155+0000][8][gc,age      ] GC(23) Age table with threshold 15 (max threshold 15)
[2022-04-22T08:13:41.156+0000][8][gc,age      ] GC(23) - age   1:    6193184 bytes,    6193184 total
[2022-04-22T08:13:41.156+0000][8][gc,age      ] GC(23) - age   2:     830440 bytes,    7023624 total
[2022-04-22T08:13:41.157+0000][8][gc,age      ] GC(23) - age   3:     733880 bytes,    7757504 total
[2022-04-22T08:13:41.158+0000][8][gc,age      ] GC(23) - age   4:    1311040 bytes,    9068544 total
[2022-04-22T08:13:41.159+0000][8][gc,age      ] GC(23) - age   5:     248864 bytes,    9317408 total
[2022-04-22T08:13:41.160+0000][8][gc,age      ] GC(23) - age   6:     121264 bytes,    9438672 total
[2022-04-22T08:13:41.161+0000][8][gc,age      ] GC(23) - age   7:     889176 bytes,   10327848 total
[2022-04-22T08:13:41.162+0000][8][gc,age      ] GC(23) - age   8:    5313248 bytes,   15641096 total
[2022-04-22T08:13:41.163+0000][8][gc,age      ] GC(23) - age   9:     203280 bytes,   15844376 total
[2022-04-22T08:13:41.164+0000][8][gc,phases   ] GC(23)   Pre Evacuate Collection Set: 0.2ms
[2022-04-22T08:13:41.165+0000][8][gc,phases   ] GC(23)   Merge Heap Roots: 0.2ms
[2022-04-22T08:13:41.166+0000][8][gc,phases   ] GC(23)   Evacuate Collection Set: 6.7ms
[2022-04-22T08:13:41.167+0000][8][gc,phases   ] GC(23)   Post Evacuate Collection Set: 1.6ms
[2022-04-22T08:13:41.167+0000][8][gc,phases   ] GC(23)   Other: 13.0ms
[2022-04-22T08:13:41.168+0000][8][gc,heap     ] GC(23) Eden regions: 72->0(72)
[2022-04-22T08:13:41.169+0000][8][gc,heap     ] GC(23) Survivor regions: 4->4(10)
[2022-04-22T08:13:41.170+0000][8][gc,heap     ] GC(23) Old regions: 16->16
[2022-04-22T08:13:41.171+0000][8][gc,heap     ] GC(23) Archive regions: 2->2
[2022-04-22T08:13:41.172+0000][8][gc,heap     ] GC(23) Humongous regions: 6->6
[2022-04-22T08:13:41.173+0000][8][gc,metaspace] GC(23) Metaspace: 105064K(106560K)->105064K(106560K) NonClass: 90758K(91648K)->90758K(91648K) Class: 14306K(14912K)->14306K(14912K)
[2022-04-22T08:13:41.174+0000][8][gc          ] GC(23) Pause Young (Normal) (G1 Evacuation Pause) 392M->106M(512M) 31.242ms
[2022-04-22T08:13:41.174+0000][8][gc,cpu      ] GC(23) User=0.03s Sys=0.01s Real=0.03s
[2022-04-22T08:13:41.177+0000][8][safepoint   ] Safepoint "G1CollectForAllocation", Time since last: 328194083 ns, Reaching safepoint: 43834 ns, At safepoint: 34496666 ns, Total: 34540500 ns
[2022-04-22T08:13:42.179+0000][8][safepoint   ] Safepoint "Cleanup", Time since last: 1001503626 ns, Reaching safepoint: 362666 ns, At safepoint: 4334 ns, Total: 367000 ns
[2022-04-22T08:13:43.180+0000][8][safepoint   ] Safepoint "Cleanup", Time since last: 1001161667 ns, Reaching safepoint: 186125 ns, At safepoint: 4250 ns, Total: 190375 ns
[2022-04-22T08:13:43.447+0000][8][safepoint   ] Safepoint "ICBufferFull", Time since last: 266633208 ns, Reaching safepoint: 194542 ns, At safepoint: 3542 ns, Total: 198084 ns
[2022-04-22T08:13:44.448+0000][8][safepoint   ] Safepoint "Cleanup", Time since last: 1001131750 ns, Reaching safepoint: 261458 ns, At safepoint: 10042 ns, Total: 271500 ns
[2022-04-22T08:13:46.001+0000][8][safepoint   ] Safepoint "ICBufferFull", Time since last: 1552062459 ns, Reaching safepoint: 291209 ns, At safepoint: 4000 ns, Total: 295209 ns
[2022-04-22T08:13:47.239+0000][8][safepoint   ] Safepoint "Cleanup", Time since last: 1238190417 ns, Reaching safepoint: 135416 ns, At safepoint: 10250 ns, Total: 145666 ns
[2022-04-22T08:13:47.978+0000][8][gc,start    ] GC(24) Pause Young (Normal) (G1 Evacuation Pause)
[2022-04-22T08:13:47.979+0000][8][gc,task     ] GC(24) Using 5 workers of 5 for evacuation
[2022-04-22T08:13:47.980+0000][8][gc,age      ] GC(24) Desired survivor size 20971520 bytes, new threshold 15 (max threshold 15)
[2022-04-22T08:13:47.989+0000][8][gc,age      ] GC(24) Age table with threshold 15 (max threshold 15)
[2022-04-22T08:13:47.990+0000][8][gc,age      ] GC(24) - age   1:    7464368 bytes,    7464368 total
[2022-04-22T08:13:47.991+0000][8][gc,age      ] GC(24) - age   2:     448704 bytes,    7913072 total
[2022-04-22T08:13:47.992+0000][8][gc,age      ] GC(24) - age   3:     666608 bytes,    8579680 total
[2022-04-22T08:13:47.993+0000][8][gc,age      ] GC(24) - age   4:     575912 bytes,    9155592 total
[2022-04-22T08:13:47.995+0000][8][gc,age      ] GC(24) - age   5:    1191256 bytes,   10346848 total
[2022-04-22T08:13:47.996+0000][8][gc,age      ] GC(24) - age   6:     248864 bytes,   10595712 total
[2022-04-22T08:13:47.997+0000][8][gc,age      ] GC(24) - age   7:     121176 bytes,   10716888 total
[2022-04-22T08:13:47.998+0000][8][gc,age      ] GC(24) - age   8:     889144 bytes,   11606032 total
[2022-04-22T08:13:47.998+0000][8][gc,age      ] GC(24) - age   9:    5313216 bytes,   16919248 total
[2022-04-22T08:13:47.999+0000][8][gc,age      ] GC(24) - age  10:     203280 bytes,   17122528 total
[2022-04-22T08:13:48.000+0000][8][gc,phases   ] GC(24)   Pre Evacuate Collection Set: 0.1ms
[2022-04-22T08:13:48.000+0000][8][gc,phases   ] GC(24)   Merge Heap Roots: 0.0ms
[2022-04-22T08:13:48.001+0000][8][gc,phases   ] GC(24)   Evacuate Collection Set: 6.5ms
[2022-04-22T08:13:48.002+0000][8][gc,phases   ] GC(24)   Post Evacuate Collection Set: 1.7ms
[2022-04-22T08:13:48.003+0000][8][gc,phases   ] GC(24)   Other: 13.5ms
[2022-04-22T08:13:48.003+0000][8][gc,heap     ] GC(24) Eden regions: 72->0(71)
[2022-04-22T08:13:48.004+0000][8][gc,heap     ] GC(24) Survivor regions: 4->5(10)
[2022-04-22T08:13:48.005+0000][8][gc,heap     ] GC(24) Old regions: 16->16
[2022-04-22T08:13:48.005+0000][8][gc,heap     ] GC(24) Archive regions: 2->2
[2022-04-22T08:13:48.006+0000][8][gc,heap     ] GC(24) Humongous regions: 6->6
[2022-04-22T08:13:48.007+0000][8][gc,metaspace] GC(24) Metaspace: 105189K(106688K)->105189K(106688K) NonClass: 90868K(91776K)->90868K(91776K) Class: 14321K(14912K)->14321K(14912K)
[2022-04-22T08:13:48.008+0000][8][gc          ] GC(24) Pause Young (Normal) (G1 Evacuation Pause) 394M->107M(512M) 29.403ms
[2022-04-22T08:13:48.008+0000][8][gc,cpu      ] GC(24) User=0.02s Sys=0.01s Real=0.03s
[2022-04-22T08:13:48.009+0000][8][safepoint   ] Safepoint "G1CollectForAllocation", Time since last: 738854876 ns, Reaching safepoint: 172125 ns, At safepoint: 30751708 ns, Total: 30923833 ns
[2022-04-22T08:13:49.011+0000][8][safepoint   ] Safepoint "Cleanup", Time since last: 1001503376 ns, Reaching safepoint: 366000 ns, At safepoint: 14416 ns, Total: 380416 ns
[2022-04-22T08:13:50.013+0000][8][safepoint   ] Safepoint "Cleanup", Time since last: 1001931459 ns, Reaching safepoint: 84042 ns, At safepoint: 3500 ns, Total: 87542 ns
[2022-04-22T08:13:51.015+0000][8][safepoint   ] Safepoint "Cleanup", Time since last: 1001649584 ns, Reaching safepoint: 128375 ns, At safepoint: 60625 ns, Total: 189000 ns
[2022-04-22T08:13:52.017+0000][8][safepoint   ] Safepoint "Cleanup", Time since last: 1002115417 ns, Reaching safepoint: 246958 ns, At safepoint: 14458 ns, Total: 261416 ns
[2022-04-22T08:13:53.018+0000][8][safepoint   ] Safepoint "Cleanup", Time since last: 1001090043 ns, Reaching safepoint: 254083 ns, At safepoint: 18375 ns, Total: 272458 ns
[2022-04-22T08:13:54.020+0000][8][safepoint   ] Safepoint "Cleanup", Time since last: 1001865834 ns, Reaching safepoint: 183041 ns, At safepoint: 5125 ns, Total: 188166 ns
[2022-04-22T08:13:55.021+0000][8][safepoint   ] Safepoint "Cleanup", Time since last: 1000775376 ns, Reaching safepoint: 132333 ns, At safepoint: 4167 ns, Total: 136500 ns
[2022-04-22T08:13:56.023+0000][8][safepoint   ] Safepoint "Cleanup", Time since last: 1001069167 ns, Reaching safepoint: 274542 ns, At safepoint: 13000 ns, Total: 287542 ns
[2022-04-22T08:13:57.024+0000][8][safepoint   ] Safepoint "Cleanup", Time since last: 1001689042 ns, Reaching safepoint: 135000 ns, At safepoint: 8583 ns, Total: 143583 ns
[2022-04-22T08:13:57.253+0000][8][gc,start    ] GC(25) Pause Young (Normal) (G1 Evacuation Pause)
[2022-04-22T08:13:57.254+0000][8][gc,task     ] GC(25) Using 5 workers of 5 for evacuation
[2022-04-22T08:13:57.255+0000][8][gc,age      ] GC(25) Desired survivor size 20971520 bytes, new threshold 15 (max threshold 15)
[2022-04-22T08:13:57.264+0000][8][gc,age      ] GC(25) Age table with threshold 15 (max threshold 15)
[2022-04-22T08:13:57.265+0000][8][gc,age      ] GC(25) - age   1:   11213352 bytes,   11213352 total
[2022-04-22T08:13:57.266+0000][8][gc,age      ] GC(25) - age   2:    4527616 bytes,   15740968 total
[2022-04-22T08:13:57.267+0000][8][gc,age      ] GC(25) - age   3:     404496 bytes,   16145464 total
[2022-04-22T08:13:57.268+0000][8][gc,age      ] GC(25) - age   4:     578832 bytes,   16724296 total
[2022-04-22T08:13:57.269+0000][8][gc,age      ] GC(25) - age   5:     546456 bytes,   17270752 total
[2022-04-22T08:13:57.269+0000][8][gc,age      ] GC(25) - age   6:    1166832 bytes,   18437584 total
[2022-04-22T08:13:57.270+0000][8][gc,age      ] GC(25) - age   7:     247936 bytes,   18685520 total
[2022-04-22T08:13:57.271+0000][8][gc,age      ] GC(25) - age   8:     120992 bytes,   18806512 total
[2022-04-22T08:13:57.272+0000][8][gc,age      ] GC(25) - age   9:     888200 bytes,   19694712 total
[2022-04-22T08:13:57.272+0000][8][gc,age      ] GC(25) - age  10:    5312136 bytes,   25006848 total
[2022-04-22T08:13:57.273+0000][8][gc,age      ] GC(25) - age  11:     203280 bytes,   25210128 total
[2022-04-22T08:13:57.273+0000][8][gc,phases   ] GC(25)   Pre Evacuate Collection Set: 0.1ms
[2022-04-22T08:13:57.274+0000][8][gc,phases   ] GC(25)   Merge Heap Roots: 0.1ms
[2022-04-22T08:13:57.275+0000][8][gc,phases   ] GC(25)   Evacuate Collection Set: 6.3ms
[2022-04-22T08:13:57.275+0000][8][gc,phases   ] GC(25)   Post Evacuate Collection Set: 2.1ms
[2022-04-22T08:13:57.276+0000][8][gc,phases   ] GC(25)   Other: 11.7ms
[2022-04-22T08:13:57.277+0000][8][gc,heap     ] GC(25) Eden regions: 71->0(69)
[2022-04-22T08:13:57.277+0000][8][gc,heap     ] GC(25) Survivor regions: 5->7(10)
[2022-04-22T08:13:57.278+0000][8][gc,heap     ] GC(25) Old regions: 16->16
[2022-04-22T08:13:57.279+0000][8][gc,heap     ] GC(25) Archive regions: 2->2
[2022-04-22T08:13:57.279+0000][8][gc,heap     ] GC(25) Humongous regions: 7->7
[2022-04-22T08:13:57.280+0000][8][gc,metaspace] GC(25) Metaspace: 105313K(106880K)->105313K(106880K) NonClass: 90958K(91904K)->90958K(91904K) Class: 14354K(14976K)->14354K(14976K)
[2022-04-22T08:13:57.281+0000][8][gc          ] GC(25) Pause Young (Normal) (G1 Evacuation Pause) 395M->119M(512M) 27.585ms
[2022-04-22T08:13:57.281+0000][8][gc,cpu      ] GC(25) User=0.02s Sys=0.00s Real=0.03s
[2022-04-22T08:13:57.284+0000][8][safepoint   ] Safepoint "G1CollectForAllocation", Time since last: 228547667 ns, Reaching safepoint: 188750 ns, At safepoint: 30559875 ns, Total: 30748625 ns
[2022-04-22T08:13:58.285+0000][8][safepoint   ] Safepoint "Cleanup", Time since last: 1001260709 ns, Reaching safepoint: 104208 ns, At safepoint: 3042 ns, Total: 107250 ns
[2022-04-22T08:13:59.286+0000][8][safepoint   ] Safepoint "Cleanup", Time since last: 1000842875 ns, Reaching safepoint: 303917 ns, At safepoint: 9750 ns, Total: 313667 ns
[2022-04-22T08:14:00.288+0000][8][safepoint   ] Safepoint "Cleanup", Time since last: 1001149750 ns, Reaching safepoint: 228084 ns, At safepoint: 3458 ns, Total: 231542 ns
[2022-04-22T08:14:01.290+0000][8][safepoint   ] Safepoint "Cleanup", Time since last: 1001088000 ns, Reaching safepoint: 460666 ns, At safepoint: 10125 ns, Total: 470791 ns
[2022-04-22T08:14:02.292+0000][8][safepoint   ] Safepoint "Cleanup", Time since last: 1001369334 ns, Reaching safepoint: 131042 ns, At safepoint: 5250 ns, Total: 136292 ns
[2022-04-22T08:14:03.938+0000][8][safepoint   ] Safepoint "Cleanup", Time since last: 1645396917 ns, Reaching safepoint: 651750 ns, At safepoint: 6917 ns, Total: 658667 ns
[2022-04-22T08:14:04.940+0000][8][safepoint   ] Safepoint "Cleanup", Time since last: 1002126375 ns, Reaching safepoint: 70125 ns, At safepoint: 3042 ns, Total: 73167 ns
[2022-04-22T08:14:05.941+0000][8][safepoint   ] Safepoint "Cleanup", Time since last: 1000780500 ns, Reaching safepoint: 62709 ns, At safepoint: 2166 ns, Total: 64875 ns
[2022-04-22T08:14:06.552+0000][8][gc,start    ] GC(26) Pause Young (Normal) (G1 Evacuation Pause)
[2022-04-22T08:14:06.552+0000][8][gc,task     ] GC(26) Using 5 workers of 5 for evacuation
[2022-04-22T08:14:06.553+0000][8][gc,age      ] GC(26) Desired survivor size 20971520 bytes, new threshold 10 (max threshold 15)
[2022-04-22T08:14:06.562+0000][8][gc,age      ] GC(26) Age table with threshold 10 (max threshold 15)
[2022-04-22T08:14:06.563+0000][8][gc,age      ] GC(26) - age   1:   12124176 bytes,   12124176 total
[2022-04-22T08:14:06.564+0000][8][gc,age      ] GC(26) - age   2:    6027760 bytes,   18151936 total
[2022-04-22T08:14:06.565+0000][8][gc,age      ] GC(26) - age   3:    4493288 bytes,   22645224 total
[2022-04-22T08:14:06.566+0000][8][gc,age      ] GC(26) - age   4:     357080 bytes,   23002304 total
[2022-04-22T08:14:06.567+0000][8][gc,age      ] GC(26) - age   5:     548144 bytes,   23550448 total
[2022-04-22T08:14:06.567+0000][8][gc,age      ] GC(26) - age   6:     526392 bytes,   24076840 total
[2022-04-22T08:14:06.568+0000][8][gc,age      ] GC(26) - age   7:    1146280 bytes,   25223120 total
[2022-04-22T08:14:06.568+0000][8][gc,age      ] GC(26) - age   8:     247936 bytes,   25471056 total
[2022-04-22T08:14:06.569+0000][8][gc,age      ] GC(26) - age   9:     120992 bytes,   25592048 total
[2022-04-22T08:14:06.569+0000][8][gc,age      ] GC(26) - age  10:     888200 bytes,   26480248 total
[2022-04-22T08:14:06.570+0000][8][gc,phases   ] GC(26)   Pre Evacuate Collection Set: 0.1ms
[2022-04-22T08:14:06.571+0000][8][gc,phases   ] GC(26)   Merge Heap Roots: 0.4ms
[2022-04-22T08:14:06.572+0000][8][gc,phases   ] GC(26)   Evacuate Collection Set: 6.0ms
[2022-04-22T08:14:06.572+0000][8][gc,phases   ] GC(26)   Post Evacuate Collection Set: 1.4ms
[2022-04-22T08:14:06.573+0000][8][gc,phases   ] GC(26)   Other: 10.6ms
[2022-04-22T08:14:06.573+0000][8][gc,heap     ] GC(26) Eden regions: 69->0(67)
[2022-04-22T08:14:06.574+0000][8][gc,heap     ] GC(26) Survivor regions: 7->7(10)
[2022-04-22T08:14:06.575+0000][8][gc,heap     ] GC(26) Old regions: 16->17
[2022-04-22T08:14:06.576+0000][8][gc,heap     ] GC(26) Archive regions: 2->2
[2022-04-22T08:14:06.577+0000][8][gc,heap     ] GC(26) Humongous regions: 7->7
[2022-04-22T08:14:06.577+0000][8][gc,metaspace] GC(26) Metaspace: 105315K(106880K)->105315K(106880K) NonClass: 90960K(91904K)->90960K(91904K) Class: 14354K(14976K)->14354K(14976K)
[2022-04-22T08:14:06.578+0000][8][gc          ] GC(26) Pause Young (Normal) (G1 Evacuation Pause) 395M->126M(512M) 26.123ms
[2022-04-22T08:14:06.578+0000][8][gc,cpu      ] GC(26) User=0.03s Sys=0.00s Real=0.03s
[2022-04-22T08:14:06.579+0000][8][safepoint   ] Safepoint "G1CollectForAllocation", Time since last: 610721001 ns, Reaching safepoint: 115666 ns, At safepoint: 27199292 ns, Total: 27314958 ns
[2022-04-22T08:14:08.580+0000][8][safepoint   ] Safepoint "Cleanup", Time since last: 2000921751 ns, Reaching safepoint: 106625 ns, At safepoint: 3792 ns, Total: 110417 ns
[2022-04-22T08:14:09.581+0000][8][safepoint   ] Safepoint "Cleanup", Time since last: 1001167667 ns, Reaching safepoint: 281958 ns, At safepoint: 4375 ns, Total: 286333 ns
[2022-04-22T08:14:10.583+0000][8][safepoint   ] Safepoint "Cleanup", Time since last: 1001374751 ns, Reaching safepoint: 73541 ns, At safepoint: 2917 ns, Total: 76458 ns
[2022-04-22T08:14:11.601+0000][8][safepoint   ] Safepoint "Cleanup", Time since last: 1018030917 ns, Reaching safepoint: 58417 ns, At safepoint: 2416 ns, Total: 60833 ns
[2022-04-22T08:14:12.602+0000][8][safepoint   ] Safepoint "Cleanup", Time since last: 1000924376 ns, Reaching safepoint: 124542 ns, At safepoint: 10583 ns, Total: 135125 ns
[2022-04-22T08:14:13.604+0000][8][safepoint   ] Safepoint "Cleanup", Time since last: 1002206667 ns, Reaching safepoint: 83250 ns, At safepoint: 85625 ns, Total: 168875 ns
[2022-04-22T08:14:15.480+0000][8][gc,start    ] GC(27) Pause Young (Normal) (G1 Evacuation Pause)
[2022-04-22T08:14:15.480+0000][8][gc,task     ] GC(27) Using 5 workers of 5 for evacuation
[2022-04-22T08:14:15.481+0000][8][gc,age      ] GC(27) Desired survivor size 20971520 bytes, new threshold 3 (max threshold 15)
[2022-04-22T08:14:15.489+0000][8][gc,age      ] GC(27) Age table with threshold 3 (max threshold 15)
[2022-04-22T08:14:15.490+0000][8][gc,age      ] GC(27) - age   1:   14023720 bytes,   14023720 total
[2022-04-22T08:14:15.491+0000][8][gc,age      ] GC(27) - age   2:    4974928 bytes,   18998648 total
[2022-04-22T08:14:15.492+0000][8][gc,age      ] GC(27) - age   3:    5686384 bytes,   24685032 total
[2022-04-22T08:14:15.493+0000][8][gc,phases   ] GC(27)   Pre Evacuate Collection Set: 0.1ms
[2022-04-22T08:14:15.493+0000][8][gc,phases   ] GC(27)   Merge Heap Roots: 0.2ms
[2022-04-22T08:14:15.494+0000][8][gc,phases   ] GC(27)   Evacuate Collection Set: 6.0ms
[2022-04-22T08:14:15.495+0000][8][gc,phases   ] GC(27)   Post Evacuate Collection Set: 0.7ms
[2022-04-22T08:14:15.495+0000][8][gc,phases   ] GC(27)   Other: 6.1ms
[2022-04-22T08:14:15.496+0000][8][gc,heap     ] GC(27) Eden regions: 67->0(64)
[2022-04-22T08:14:15.497+0000][8][gc,heap     ] GC(27) Survivor regions: 7->7(10)
[2022-04-22T08:14:15.497+0000][8][gc,heap     ] GC(27) Old regions: 17->19
[2022-04-22T08:14:15.498+0000][8][gc,heap     ] GC(27) Archive regions: 2->2
[2022-04-22T08:14:15.498+0000][8][gc,heap     ] GC(27) Humongous regions: 7->7
[2022-04-22T08:14:15.499+0000][8][gc,metaspace] GC(27) Metaspace: 105315K(106880K)->105315K(106880K) NonClass: 90960K(91904K)->90960K(91904K) Class: 14354K(14976K)->14354K(14976K)
[2022-04-22T08:14:15.500+0000][8][gc          ] GC(27) Pause Young (Normal) (G1 Evacuation Pause) 394M->133M(512M) 20.221ms
[2022-04-22T08:14:15.501+0000][8][gc,cpu      ] GC(27) User=0.02s Sys=0.00s Real=0.02s
[2022-04-22T08:14:15.501+0000][8][safepoint   ] Safepoint "G1CollectForAllocation", Time since last: 1875127209 ns, Reaching safepoint: 210459 ns, At safepoint: 21476416 ns, Total: 21686875 ns
[2022-04-22T08:14:16.502+0000][8][safepoint   ] Safepoint "Cleanup", Time since last: 1001022501 ns, Reaching safepoint: 272083 ns, At safepoint: 4542 ns, Total: 276625 ns
[2022-04-22T08:14:17.504+0000][8][safepoint   ] Safepoint "Cleanup", Time since last: 1001193542 ns, Reaching safepoint: 120917 ns, At safepoint: 9500 ns, Total: 130417 ns
[2022-04-22T08:14:18.505+0000][8][safepoint   ] Safepoint "Cleanup", Time since last: 1001528083 ns, Reaching safepoint: 58834 ns, At safepoint: 1833 ns, Total: 60667 ns
[2022-04-22T08:14:19.506+0000][8][safepoint   ] Safepoint "Cleanup", Time since last: 1000833626 ns, Reaching safepoint: 69875 ns, At safepoint: 3958 ns, Total: 73833 ns
[2022-04-22T08:14:20.507+0000][8][safepoint   ] Safepoint "Cleanup", Time since last: 1000712459 ns, Reaching safepoint: 150416 ns, At safepoint: 9625 ns, Total: 160041 ns
[2022-04-22T08:14:21.508+0000][8][safepoint   ] Safepoint "Cleanup", Time since last: 1000712584 ns, Reaching safepoint: 110959 ns, At safepoint: 4375 ns, Total: 115334 ns
[2022-04-22T08:14:22.510+0000][8][safepoint   ] Safepoint "Cleanup", Time since last: 1001721375 ns, Reaching safepoint: 58417 ns, At safepoint: 4291 ns, Total: 62708 ns
[2022-04-22T08:14:23.511+0000][8][safepoint   ] Safepoint "Cleanup", Time since last: 1001240001 ns, Reaching safepoint: 133875 ns, At safepoint: 4083 ns, Total: 137958 ns
[2022-04-22T08:14:23.959+0000][8][gc,start    ] GC(28) Pause Young (Normal) (G1 Evacuation Pause)
[2022-04-22T08:14:23.960+0000][8][gc,task     ] GC(28) Using 5 workers of 5 for evacuation
[2022-04-22T08:14:23.962+0000][8][gc,age      ] GC(28) Desired survivor size 18874368 bytes, new threshold 2 (max threshold 15)
[2022-04-22T08:14:23.967+0000][8][gc,age      ] GC(28) Age table with threshold 2 (max threshold 15)
[2022-04-22T08:14:23.969+0000][8][gc,age      ] GC(28) - age   1:   15576856 bytes,   15576856 total
[2022-04-22T08:14:23.970+0000][8][gc,age      ] GC(28) - age   2:    4979384 bytes,   20556240 total
[2022-04-22T08:14:23.971+0000][8][gc,phases   ] GC(28)   Pre Evacuate Collection Set: 0.1ms
[2022-04-22T08:14:23.971+0000][8][gc,phases   ] GC(28)   Merge Heap Roots: 0.2ms
[2022-04-22T08:14:23.972+0000][8][gc,phases   ] GC(28)   Evacuate Collection Set: 3.3ms
[2022-04-22T08:14:23.973+0000][8][gc,phases   ] GC(28)   Post Evacuate Collection Set: 0.6ms
[2022-04-22T08:14:23.973+0000][8][gc,phases   ] GC(28)   Other: 7.2ms
[2022-04-22T08:14:23.974+0000][8][gc,heap     ] GC(28) Eden regions: 64->0(60)
[2022-04-22T08:14:23.975+0000][8][gc,heap     ] GC(28) Survivor regions: 7->6(9)
[2022-04-22T08:14:23.975+0000][8][gc,heap     ] GC(28) Old regions: 19->22
[2022-04-22T08:14:23.976+0000][8][gc,heap     ] GC(28) Archive regions: 2->2
[2022-04-22T08:14:23.976+0000][8][gc,heap     ] GC(28) Humongous regions: 9->8
[2022-04-22T08:14:23.977+0000][8][gc,metaspace] GC(28) Metaspace: 105333K(106880K)->105333K(106880K) NonClass: 90976K(91904K)->90976K(91904K) Class: 14356K(14976K)->14356K(14976K)
[2022-04-22T08:14:23.978+0000][8][gc          ] GC(28) Pause Young (Normal) (G1 Evacuation Pause) 397M->143M(512M) 18.575ms
[2022-04-22T08:14:23.979+0000][8][gc,cpu      ] GC(28) User=0.01s Sys=0.00s Real=0.02s
[2022-04-22T08:14:23.979+0000][8][safepoint   ] Safepoint "G1CollectForAllocation", Time since last: 448096834 ns, Reaching safepoint: 60958 ns, At safepoint: 20145292 ns, Total: 20206250 ns
[2022-04-22T08:14:24.981+0000][8][safepoint   ] Safepoint "Cleanup", Time since last: 1001144792 ns, Reaching safepoint: 62875 ns, At safepoint: 2750 ns, Total: 65625 ns
[2022-04-22T08:14:26.982+0000][8][safepoint   ] Safepoint "Cleanup", Time since last: 2000955751 ns, Reaching safepoint: 45333 ns, At safepoint: 3458 ns, Total: 48791 ns
[2022-04-22T08:14:27.982+0000][8][safepoint   ] Safepoint "Cleanup", Time since last: 1000770501 ns, Reaching safepoint: 71083 ns, At safepoint: 2167 ns, Total: 73250 ns
[2022-04-22T08:14:28.984+0000][8][safepoint   ] Safepoint "Cleanup", Time since last: 1001419625 ns, Reaching safepoint: 212834 ns, At safepoint: 4083 ns, Total: 216917 ns
[2022-04-22T08:14:29.986+0000][8][safepoint   ] Safepoint "Cleanup", Time since last: 1001068917 ns, Reaching safepoint: 310125 ns, At safepoint: 5084 ns, Total: 315209 ns
[2022-04-22T08:14:30.946+0000][8][gc,start    ] GC(29) Pause Young (Normal) (G1 Evacuation Pause)
[2022-04-22T08:14:30.947+0000][8][gc,task     ] GC(29) Using 5 workers of 5 for evacuation
[2022-04-22T08:14:30.949+0000][8][gc,age      ] GC(29) Desired survivor size 18874368 bytes, new threshold 2 (max threshold 15)
[2022-04-22T08:14:30.954+0000][8][gc,age      ] GC(29) Age table with threshold 2 (max threshold 15)
[2022-04-22T08:14:30.956+0000][8][gc,age      ] GC(29) - age   1:   18508840 bytes,   18508840 total
[2022-04-22T08:14:30.958+0000][8][gc,age      ] GC(29) - age   2:    5332888 bytes,   23841728 total
[2022-04-22T08:14:30.962+0000][8][gc,phases   ] GC(29)   Pre Evacuate Collection Set: 0.3ms
[2022-04-22T08:14:30.963+0000][8][gc,phases   ] GC(29)   Merge Heap Roots: 0.5ms
[2022-04-22T08:14:30.964+0000][8][gc,phases   ] GC(29)   Evacuate Collection Set: 2.8ms
[2022-04-22T08:14:30.965+0000][8][gc,phases   ] GC(29)   Post Evacuate Collection Set: 1.1ms
[2022-04-22T08:14:30.966+0000][8][gc,phases   ] GC(29)   Other: 10.8ms
[2022-04-22T08:14:30.967+0000][8][gc,heap     ] GC(29) Eden regions: 60->0(56)
[2022-04-22T08:14:30.968+0000][8][gc,heap     ] GC(29) Survivor regions: 6->7(9)
[2022-04-22T08:14:30.969+0000][8][gc,heap     ] GC(29) Old regions: 22->23
[2022-04-22T08:14:30.971+0000][8][gc,heap     ] GC(29) Archive regions: 2->2
[2022-04-22T08:14:30.971+0000][8][gc,heap     ] GC(29) Humongous regions: 8->8
[2022-04-22T08:14:30.973+0000][8][gc,metaspace] GC(29) Metaspace: 105338K(106944K)->105338K(106944K) NonClass: 90979K(91968K)->90979K(91968K) Class: 14358K(14976K)->14358K(14976K)
[2022-04-22T08:14:30.975+0000][8][gc          ] GC(29) Pause Young (Normal) (G1 Evacuation Pause) 383M->154M(512M) 29.199ms
[2022-04-22T08:14:30.977+0000][8][gc,cpu      ] GC(29) User=0.02s Sys=0.00s Real=0.03s
[2022-04-22T08:14:30.978+0000][8][safepoint   ] Safepoint "G1CollectForAllocation", Time since last: 960424999 ns, Reaching safepoint: 63042 ns, At safepoint: 31916500 ns, Total: 31979542 ns
[2022-04-22T08:14:31.979+0000][8][safepoint   ] Safepoint "Cleanup", Time since last: 1001245167 ns, Reaching safepoint: 233834 ns, At safepoint: 6666 ns, Total: 240500 ns
[2022-04-22T08:14:33.982+0000][8][safepoint   ] Safepoint "Cleanup", Time since last: 2002081001 ns, Reaching safepoint: 212625 ns, At safepoint: 4167 ns, Total: 216792 ns
[2022-04-22T08:14:34.983+0000][8][safepoint   ] Safepoint "Cleanup", Time since last: 1001638584 ns, Reaching safepoint: 47250 ns, At safepoint: 2250 ns, Total: 49500 ns
[2022-04-22T08:14:36.712+0000][8][safepoint   ] Safepoint "Cleanup", Time since last: 1727869042 ns, Reaching safepoint: 481542 ns, At safepoint: 55750 ns, Total: 537292 ns
[2022-04-22T08:14:37.522+0000][8][gc,start    ] GC(30) Pause Young (Normal) (G1 Evacuation Pause)
[2022-04-22T08:14:37.523+0000][8][gc,task     ] GC(30) Using 5 workers of 5 for evacuation
[2022-04-22T08:14:37.524+0000][8][gc,age      ] GC(30) Desired survivor size 16777216 bytes, new threshold 1 (max threshold 15)
[2022-04-22T08:14:37.528+0000][8][gc,age      ] GC(30) Age table with threshold 1 (max threshold 15)
[2022-04-22T08:14:37.529+0000][8][gc,age      ] GC(30) - age   1:   19878800 bytes,   19878800 total
[2022-04-22T08:14:37.530+0000][8][gc,phases   ] GC(30)   Pre Evacuate Collection Set: 0.2ms
[2022-04-22T08:14:37.531+0000][8][gc,phases   ] GC(30)   Merge Heap Roots: 0.1ms
[2022-04-22T08:14:37.532+0000][8][gc,phases   ] GC(30)   Evacuate Collection Set: 2.3ms
[2022-04-22T08:14:37.532+0000][8][gc,phases   ] GC(30)   Post Evacuate Collection Set: 0.8ms
[2022-04-22T08:14:37.533+0000][8][gc,phases   ] GC(30)   Other: 4.3ms
[2022-04-22T08:14:37.533+0000][8][gc,heap     ] GC(30) Eden regions: 56->0(52)
[2022-04-22T08:14:37.534+0000][8][gc,heap     ] GC(30) Survivor regions: 7->6(8)
[2022-04-22T08:14:37.535+0000][8][gc,heap     ] GC(30) Old regions: 23->26
[2022-04-22T08:14:37.535+0000][8][gc,heap     ] GC(30) Archive regions: 2->2
[2022-04-22T08:14:37.536+0000][8][gc,heap     ] GC(30) Humongous regions: 8->8
[2022-04-22T08:14:37.537+0000][8][gc,metaspace] GC(30) Metaspace: 105339K(106944K)->105339K(106944K) NonClass: 90981K(91968K)->90981K(91968K) Class: 14358K(14976K)->14358K(14976K)
[2022-04-22T08:14:37.537+0000][8][gc          ] GC(30) Pause Young (Normal) (G1 Evacuation Pause) 378M->159M(512M) 15.205ms
[2022-04-22T08:14:37.538+0000][8][gc,cpu      ] GC(30) User=0.01s Sys=0.00s Real=0.02s
[2022-04-22T08:14:37.539+0000][8][safepoint   ] Safepoint "G1CollectForAllocation", Time since last: 810217667 ns, Reaching safepoint: 162625 ns, At safepoint: 16624417 ns, Total: 16787042 ns
[2022-04-22T08:14:38.540+0000][8][safepoint   ] Safepoint "Cleanup", Time since last: 1000871583 ns, Reaching safepoint: 121334 ns, At safepoint: 5750 ns, Total: 127084 ns
[2022-04-22T08:14:39.985+0000][8][safepoint   ] Safepoint "Cleanup", Time since last: 1445400917 ns, Reaching safepoint: 66167 ns, At safepoint: 3875 ns, Total: 70042 ns
[2022-04-22T08:14:40.986+0000][8][safepoint   ] Safepoint "Cleanup", Time since last: 1000815000 ns, Reaching safepoint: 57959 ns, At safepoint: 3125 ns, Total: 61084 ns
[2022-04-22T08:14:41.987+0000][8][safepoint   ] Safepoint "Cleanup", Time since last: 1000619917 ns, Reaching safepoint: 251625 ns, At safepoint: 14333 ns, Total: 265958 ns
[2022-04-22T08:14:42.638+0000][8][gc,start    ] GC(31) Pause Young (Normal) (G1 Evacuation Pause)
[2022-04-22T08:14:42.638+0000][8][gc,task     ] GC(31) Using 5 workers of 5 for evacuation
[2022-04-22T08:14:42.639+0000][8][gc,age      ] GC(31) Desired survivor size 16777216 bytes, new threshold 1 (max threshold 15)
[2022-04-22T08:14:42.643+0000][8][gc,age      ] GC(31) Age table with threshold 1 (max threshold 15)
[2022-04-22T08:14:42.645+0000][8][gc,age      ] GC(31) - age   1:   19443896 bytes,   19443896 total
[2022-04-22T08:14:42.646+0000][8][gc,phases   ] GC(31)   Pre Evacuate Collection Set: 0.1ms
[2022-04-22T08:14:42.647+0000][8][gc,phases   ] GC(31)   Merge Heap Roots: 0.1ms
[2022-04-22T08:14:42.647+0000][8][gc,phases   ] GC(31)   Evacuate Collection Set: 1.8ms
[2022-04-22T08:14:42.648+0000][8][gc,phases   ] GC(31)   Post Evacuate Collection Set: 1.0ms
[2022-04-22T08:14:42.648+0000][8][gc,phases   ] GC(31)   Other: 5.0ms
[2022-04-22T08:14:42.649+0000][8][gc,heap     ] GC(31) Eden regions: 52->0(49)
[2022-04-22T08:14:42.649+0000][8][gc,heap     ] GC(31) Survivor regions: 6->6(8)
[2022-04-22T08:14:42.650+0000][8][gc,heap     ] GC(31) Old regions: 26->28
[2022-04-22T08:14:42.650+0000][8][gc,heap     ] GC(31) Archive regions: 2->2
[2022-04-22T08:14:42.651+0000][8][gc,heap     ] GC(31) Humongous regions: 8->8
[2022-04-22T08:14:42.652+0000][8][gc,metaspace] GC(31) Metaspace: 105371K(106944K)->105371K(106944K) NonClass: 91011K(91968K)->91011K(91968K) Class: 14359K(14976K)->14359K(14976K)
[2022-04-22T08:14:42.654+0000][8][gc          ] GC(31) Pause Young (Normal) (G1 Evacuation Pause) 367M->166M(512M) 15.802ms
[2022-04-22T08:14:42.654+0000][8][gc,cpu      ] GC(31) User=0.01s Sys=0.00s Real=0.01s
[2022-04-22T08:14:42.655+0000][8][safepoint   ] Safepoint "G1CollectForAllocation", Time since last: 650535125 ns, Reaching safepoint: 71209 ns, At safepoint: 17116458 ns, Total: 17187667 ns
[2022-04-22T08:14:43.656+0000][8][safepoint   ] Safepoint "Cleanup", Time since last: 1000716917 ns, Reaching safepoint: 103208 ns, At safepoint: 3417 ns, Total: 106625 ns
[2022-04-22T08:14:44.657+0000][8][safepoint   ] Safepoint "Cleanup", Time since last: 1000999167 ns, Reaching safepoint: 117209 ns, At safepoint: 8541 ns, Total: 125750 ns
[2022-04-22T08:14:44.848+0000][8][gc,start    ] GC(32) Pause Young (Normal) (G1 Evacuation Pause)
[2022-04-22T08:14:44.849+0000][8][gc,task     ] GC(32) Using 5 workers of 5 for evacuation
[2022-04-22T08:14:44.849+0000][8][gc,age      ] GC(32) Desired survivor size 14680064 bytes, new threshold 1 (max threshold 15)
[2022-04-22T08:14:44.853+0000][8][gc,age      ] GC(32) Age table with threshold 1 (max threshold 15)
[2022-04-22T08:14:44.854+0000][8][gc,age      ] GC(32) - age   1:     135272 bytes,     135272 total
[2022-04-22T08:14:44.854+0000][8][gc,phases   ] GC(32)   Pre Evacuate Collection Set: 0.1ms
[2022-04-22T08:14:44.855+0000][8][gc,phases   ] GC(32)   Merge Heap Roots: 0.2ms
[2022-04-22T08:14:44.856+0000][8][gc,phases   ] GC(32)   Evacuate Collection Set: 1.6ms
[2022-04-22T08:14:44.856+0000][8][gc,phases   ] GC(32)   Post Evacuate Collection Set: 0.8ms
[2022-04-22T08:14:44.857+0000][8][gc,phases   ] GC(32)   Other: 3.7ms
[2022-04-22T08:14:44.858+0000][8][gc,heap     ] GC(32) Eden regions: 49->0(52)
[2022-04-22T08:14:44.858+0000][8][gc,heap     ] GC(32) Survivor regions: 6->1(7)
[2022-04-22T08:14:44.859+0000][8][gc,heap     ] GC(32) Old regions: 28->33
[2022-04-22T08:14:44.859+0000][8][gc,heap     ] GC(32) Archive regions: 2->2
[2022-04-22T08:14:44.860+0000][8][gc,heap     ] GC(32) Humongous regions: 8->8
[2022-04-22T08:14:44.860+0000][8][gc,metaspace] GC(32) Metaspace: 105371K(106944K)->105371K(106944K) NonClass: 91012K(91968K)->91012K(91968K) Class: 14359K(14976K)->14359K(14976K)
[2022-04-22T08:14:44.861+0000][8][gc          ] GC(32) Pause Young (Normal) (G1 Evacuation Pause) 362M->166M(512M) 12.774ms
[2022-04-22T08:14:44.861+0000][8][gc,cpu      ] GC(32) User=0.01s Sys=0.00s Real=0.01s
[2022-04-22T08:14:44.862+0000][8][safepoint   ] Safepoint "G1CollectForAllocation", Time since last: 191149875 ns, Reaching safepoint: 46750 ns, At safepoint: 14132334 ns, Total: 14179084 ns
[2022-04-22T08:14:46.477+0000][8][gc,start    ] GC(33) Pause Young (Concurrent Start) (G1 Evacuation Pause)
[2022-04-22T08:14:46.478+0000][8][gc,task     ] GC(33) Using 5 workers of 5 for evacuation
[2022-04-22T08:14:46.479+0000][8][gc,age      ] GC(33) Desired survivor size 14680064 bytes, new threshold 15 (max threshold 15)
[2022-04-22T08:14:46.483+0000][8][gc,age      ] GC(33) Age table with threshold 15 (max threshold 15)
[2022-04-22T08:14:46.483+0000][8][gc,age      ] GC(33) - age   1:     386528 bytes,     386528 total
[2022-04-22T08:14:46.484+0000][8][gc,age      ] GC(33) - age   2:     104640 bytes,     491168 total
[2022-04-22T08:14:46.485+0000][8][gc,phases   ] GC(33)   Pre Evacuate Collection Set: 0.3ms
[2022-04-22T08:14:46.486+0000][8][gc,phases   ] GC(33)   Merge Heap Roots: 0.3ms
[2022-04-22T08:14:46.486+0000][8][gc,phases   ] GC(33)   Evacuate Collection Set: 1.0ms
[2022-04-22T08:14:46.487+0000][8][gc,phases   ] GC(33)   Post Evacuate Collection Set: 0.8ms
[2022-04-22T08:14:46.488+0000][8][gc,phases   ] GC(33)   Other: 5.7ms
[2022-04-22T08:14:46.489+0000][8][gc,heap     ] GC(33) Eden regions: 52->0(54)
[2022-04-22T08:14:46.490+0000][8][gc,heap     ] GC(33) Survivor regions: 1->1(7)
[2022-04-22T08:14:46.490+0000][8][gc,heap     ] GC(33) Old regions: 33->33
[2022-04-22T08:14:46.491+0000][8][gc,heap     ] GC(33) Archive regions: 2->2
[2022-04-22T08:14:46.492+0000][8][gc,heap     ] GC(33) Humongous regions: 8->8
[2022-04-22T08:14:46.492+0000][8][gc,metaspace] GC(33) Metaspace: 105371K(106944K)->105371K(106944K) NonClass: 91012K(91968K)->91012K(91968K) Class: 14359K(14976K)->14359K(14976K)
[2022-04-22T08:14:46.493+0000][8][gc          ] GC(33) Pause Young (Concurrent Start) (G1 Evacuation Pause) 374M->166M(512M) 16.383ms
[2022-04-22T08:14:46.494+0000][8][gc,cpu      ] GC(33) User=0.00s Sys=0.00s Real=0.01s
[2022-04-22T08:14:46.495+0000][8][safepoint   ] Safepoint "G1CollectForAllocation", Time since last: 1614695292 ns, Reaching safepoint: 115125 ns, At safepoint: 18243167 ns, Total: 18358292 ns
[2022-04-22T08:14:46.495+0000][8][gc          ] GC(34) Concurrent Mark Cycle
[2022-04-22T08:14:46.498+0000][8][gc,marking  ] GC(34) Concurrent Clear Claimed Marks
[2022-04-22T08:14:46.500+0000][8][gc,marking  ] GC(34) Concurrent Clear Claimed Marks 1.538ms
[2022-04-22T08:14:46.501+0000][8][gc,marking  ] GC(34) Concurrent Scan Root Regions
[2022-04-22T08:14:46.517+0000][8][gc,marking  ] GC(34) Concurrent Scan Root Regions 15.890ms
[2022-04-22T08:14:46.518+0000][8][gc,marking  ] GC(34) Concurrent Mark
[2022-04-22T08:14:46.519+0000][8][gc,marking  ] GC(34) Concurrent Mark From Roots
[2022-04-22T08:14:46.520+0000][8][gc,task     ] GC(34) Using 1 workers of 1 for marking
[2022-04-22T08:14:46.591+0000][8][gc,marking  ] GC(34) Concurrent Mark From Roots 72.152ms
[2022-04-22T08:14:46.592+0000][8][gc,marking  ] GC(34) Concurrent Preclean
[2022-04-22T08:14:46.597+0000][8][gc,marking  ] GC(34) Concurrent Preclean 4.713ms
[2022-04-22T08:14:46.598+0000][8][gc,start    ] GC(34) Pause Remark
[2022-04-22T08:14:46.612+0000][8][gc          ] GC(34) Pause Remark 174M->174M(512M) 13.309ms
[2022-04-22T08:14:46.613+0000][8][gc,cpu      ] GC(34) User=0.04s Sys=0.00s Real=0.01s
[2022-04-22T08:14:46.614+0000][8][safepoint   ] Safepoint "G1Concurrent", Time since last: 103036292 ns, Reaching safepoint: 213375 ns, At safepoint: 15384791 ns, Total: 15598166 ns
[2022-04-22T08:14:46.620+0000][8][gc,marking  ] GC(34) Concurrent Mark 101.775ms
[2022-04-22T08:14:46.629+0000][8][gc,marking  ] GC(34) Concurrent Rebuild Remembered Sets
[2022-04-22T08:14:46.670+0000][8][gc,marking  ] GC(34) Concurrent Rebuild Remembered Sets 41.036ms
[2022-04-22T08:14:46.675+0000][8][gc,start    ] GC(34) Pause Cleanup
[2022-04-22T08:14:46.676+0000][8][gc          ] GC(34) Pause Cleanup 180M->180M(512M) 0.883ms
[2022-04-22T08:14:46.677+0000][8][gc,cpu      ] GC(34) User=0.00s Sys=0.00s Real=0.01s
[2022-04-22T08:14:46.678+0000][8][safepoint   ] Safepoint "G1Concurrent", Time since last: 56917625 ns, Reaching safepoint: 4392875 ns, At safepoint: 2450125 ns, Total: 6843000 ns
[2022-04-22T08:14:46.678+0000][8][gc,marking  ] GC(34) Concurrent Cleanup for Next Mark
[2022-04-22T08:14:46.679+0000][8][gc,marking  ] GC(34) Concurrent Cleanup for Next Mark 0.935ms
[2022-04-22T08:14:46.680+0000][8][gc          ] GC(34) Concurrent Mark Cycle 184.575ms
[2022-04-22T08:14:47.678+0000][8][safepoint   ] Safepoint "Cleanup", Time since last: 1000785876 ns, Reaching safepoint: 80791 ns, At safepoint: 3584 ns, Total: 84375 ns
[2022-04-22T08:14:48.681+0000][8][safepoint   ] Safepoint "Cleanup", Time since last: 1002447292 ns, Reaching safepoint: 216292 ns, At safepoint: 5083 ns, Total: 221375 ns
[2022-04-22T08:14:49.686+0000][8][safepoint   ] Safepoint "Cleanup", Time since last: 1004412417 ns, Reaching safepoint: 97083 ns, At safepoint: 4375 ns, Total: 101458 ns
[2022-04-22T08:14:50.687+0000][8][safepoint   ] Safepoint "Cleanup", Time since last: 1001118376 ns, Reaching safepoint: 51875 ns, At safepoint: 2625 ns, Total: 54500 ns
[2022-04-22T08:14:52.690+0000][8][safepoint   ] Safepoint "Cleanup", Time since last: 2003016667 ns, Reaching safepoint: 310375 ns, At safepoint: 351792 ns, Total: 662167 ns
[2022-04-22T08:14:55.528+0000][8][gc,start    ] GC(35) Pause Young (Normal) (G1 Evacuation Pause)
[2022-04-22T08:14:55.529+0000][8][gc,task     ] GC(35) Using 5 workers of 5 for evacuation
[2022-04-22T08:14:55.529+0000][8][gc,age      ] GC(35) Desired survivor size 14680064 bytes, new threshold 15 (max threshold 15)
[2022-04-22T08:14:55.533+0000][8][gc,age      ] GC(35) Age table with threshold 15 (max threshold 15)
[2022-04-22T08:14:55.534+0000][8][gc,age      ] GC(35) - age   1:    9821992 bytes,    9821992 total
[2022-04-22T08:14:55.535+0000][8][gc,age      ] GC(35) - age   2:     136536 bytes,    9958528 total
[2022-04-22T08:14:55.535+0000][8][gc,age      ] GC(35) - age   3:       9992 bytes,    9968520 total
[2022-04-22T08:14:55.536+0000][8][gc,phases   ] GC(35)   Pre Evacuate Collection Set: 0.2ms
[2022-04-22T08:14:55.537+0000][8][gc,phases   ] GC(35)   Merge Heap Roots: 0.1ms
[2022-04-22T08:14:55.538+0000][8][gc,phases   ] GC(35)   Evacuate Collection Set: 1.6ms
[2022-04-22T08:14:55.538+0000][8][gc,phases   ] GC(35)   Post Evacuate Collection Set: 0.8ms
[2022-04-22T08:14:55.540+0000][8][gc,phases   ] GC(35)   Other: 5.8ms
[2022-04-22T08:14:55.540+0000][8][gc,heap     ] GC(35) Eden regions: 54->0(52)
[2022-04-22T08:14:55.541+0000][8][gc,heap     ] GC(35) Survivor regions: 1->3(7)
[2022-04-22T08:14:55.542+0000][8][gc,heap     ] GC(35) Old regions: 33->33
[2022-04-22T08:14:55.542+0000][8][gc,heap     ] GC(35) Archive regions: 2->2
[2022-04-22T08:14:55.543+0000][8][gc,heap     ] GC(35) Humongous regions: 8->8
[2022-04-22T08:14:55.543+0000][8][gc,metaspace] GC(35) Metaspace: 105295K(106944K)->105295K(106944K) NonClass: 90956K(91968K)->90956K(91968K) Class: 14338K(14976K)->14338K(14976K)
[2022-04-22T08:14:55.544+0000][8][gc          ] GC(35) Pause Young (Normal) (G1 Evacuation Pause) 382M->175M(512M) 16.001ms
[2022-04-22T08:14:55.545+0000][8][gc,cpu      ] GC(35) User=0.01s Sys=0.00s Real=0.01s
[2022-04-22T08:14:55.545+0000][8][safepoint   ] Safepoint "G1CollectForAllocation", Time since last: 2837272835 ns, Reaching safepoint: 148708 ns, At safepoint: 17655125 ns, Total: 17803833 ns
[2022-04-22T08:14:56.546+0000][8][safepoint   ] Safepoint "Cleanup", Time since last: 1000620334 ns, Reaching safepoint: 187042 ns, At safepoint: 29750 ns, Total: 216792 ns
[2022-04-22T08:14:57.548+0000][8][safepoint   ] Safepoint "Cleanup", Time since last: 1001117417 ns, Reaching safepoint: 90291 ns, At safepoint: 4084 ns, Total: 94375 ns
[2022-04-22T08:14:57.850+0000][8][gc,start    ] GC(36) Pause Young (Concurrent Start) (G1 Humongous Allocation)
[2022-04-22T08:14:57.851+0000][8][gc,task     ] GC(36) Using 5 workers of 5 for evacuation
[2022-04-22T08:14:57.851+0000][8][gc,age      ] GC(36) Desired survivor size 14680064 bytes, new threshold 15 (max threshold 15)
[2022-04-22T08:14:57.855+0000][8][gc,age      ] GC(36) Age table with threshold 15 (max threshold 15)
[2022-04-22T08:14:57.856+0000][8][gc,age      ] GC(36) - age   1:    7160096 bytes,    7160096 total
[2022-04-22T08:14:57.857+0000][8][gc,age      ] GC(36) - age   2:    6864032 bytes,   14024128 total
[2022-04-22T08:14:57.858+0000][8][gc,age      ] GC(36) - age   3:     136536 bytes,   14160664 total
[2022-04-22T08:14:57.858+0000][8][gc,age      ] GC(36) - age   4:       9992 bytes,   14170656 total
[2022-04-22T08:14:57.860+0000][8][gc,phases   ] GC(36)   Pre Evacuate Collection Set: 0.5ms
[2022-04-22T08:14:57.861+0000][8][gc,phases   ] GC(36)   Merge Heap Roots: 0.1ms
[2022-04-22T08:14:57.861+0000][8][gc,phases   ] GC(36)   Evacuate Collection Set: 1.3ms
[2022-04-22T08:14:57.862+0000][8][gc,phases   ] GC(36)   Post Evacuate Collection Set: 0.7ms
[2022-04-22T08:14:57.863+0000][8][gc,phases   ] GC(36)   Other: 7.5ms
[2022-04-22T08:14:57.864+0000][8][gc,heap     ] GC(36) Eden regions: 24->0(51)
[2022-04-22T08:14:57.865+0000][8][gc,heap     ] GC(36) Survivor regions: 3->4(7)
[2022-04-22T08:14:57.865+0000][8][gc,heap     ] GC(36) Old regions: 33->33
[2022-04-22T08:14:57.866+0000][8][gc,heap     ] GC(36) Archive regions: 2->2
[2022-04-22T08:14:57.867+0000][8][gc,heap     ] GC(36) Humongous regions: 8->8
[2022-04-22T08:14:57.868+0000][8][gc,metaspace] GC(36) Metaspace: 105298K(106944K)->105298K(106944K) NonClass: 90959K(91968K)->90959K(91968K) Class: 14338K(14976K)->14338K(14976K)
[2022-04-22T08:14:57.869+0000][8][gc          ] GC(36) Pause Young (Concurrent Start) (G1 Humongous Allocation) 268M->179M(512M) 18.831ms
[2022-04-22T08:14:57.869+0000][8][gc,cpu      ] GC(36) User=0.00s Sys=0.00s Real=0.02s
[2022-04-22T08:14:57.870+0000][8][safepoint   ] Safepoint "G1TryInitiateConcMark", Time since last: 302117083 ns, Reaching safepoint: 52917 ns, At safepoint: 20437583 ns, Total: 20490500 ns
[2022-04-22T08:14:57.870+0000][8][gc          ] GC(37) Concurrent Mark Cycle
[2022-04-22T08:14:57.872+0000][8][gc,marking  ] GC(37) Concurrent Clear Claimed Marks
[2022-04-22T08:14:57.873+0000][8][gc,marking  ] GC(37) Concurrent Clear Claimed Marks 0.722ms
[2022-04-22T08:14:57.873+0000][8][gc,marking  ] GC(37) Concurrent Scan Root Regions
[2022-04-22T08:14:57.875+0000][8][gc,marking  ] GC(37) Concurrent Scan Root Regions 1.861ms
[2022-04-22T08:14:57.878+0000][8][gc,marking  ] GC(37) Concurrent Mark
[2022-04-22T08:14:57.879+0000][8][gc,marking  ] GC(37) Concurrent Mark From Roots
[2022-04-22T08:14:57.881+0000][8][gc,task     ] GC(37) Using 1 workers of 1 for marking
[2022-04-22T08:14:57.946+0000][8][gc,marking  ] GC(37) Concurrent Mark From Roots 66.531ms
[2022-04-22T08:14:57.947+0000][8][gc,marking  ] GC(37) Concurrent Preclean
[2022-04-22T08:14:57.948+0000][8][gc,marking  ] GC(37) Concurrent Preclean 1.170ms
[2022-04-22T08:14:57.950+0000][8][gc,start    ] GC(37) Pause Remark
[2022-04-22T08:14:57.954+0000][8][gc          ] GC(37) Pause Remark 188M->170M(512M) 4.493ms
[2022-04-22T08:14:57.955+0000][8][gc,cpu      ] GC(37) User=0.01s Sys=0.00s Real=0.00s
[2022-04-22T08:14:57.956+0000][8][safepoint   ] Safepoint "G1Concurrent", Time since last: 79242959 ns, Reaching safepoint: 137291 ns, At safepoint: 6520334 ns, Total: 6657625 ns
[2022-04-22T08:14:57.957+0000][8][gc,marking  ] GC(37) Concurrent Mark 79.004ms
[2022-04-22T08:14:57.958+0000][8][gc,marking  ] GC(37) Concurrent Rebuild Remembered Sets
[2022-04-22T08:14:57.997+0000][8][gc,marking  ] GC(37) Concurrent Rebuild Remembered Sets 39.376ms
[2022-04-22T08:14:57.999+0000][8][gc,start    ] GC(37) Pause Cleanup
[2022-04-22T08:14:58.000+0000][8][gc          ] GC(37) Pause Cleanup 172M->172M(512M) 0.949ms
[2022-04-22T08:14:58.000+0000][8][gc,cpu      ] GC(37) User=0.00s Sys=0.00s Real=0.00s
[2022-04-22T08:14:58.001+0000][8][safepoint   ] Safepoint "G1Concurrent", Time since last: 42466916 ns, Reaching safepoint: 221917 ns, At safepoint: 2250500 ns, Total: 2472417 ns
[2022-04-22T08:14:58.002+0000][8][gc,marking  ] GC(37) Concurrent Cleanup for Next Mark
[2022-04-22T08:14:58.004+0000][8][gc,marking  ] GC(37) Concurrent Cleanup for Next Mark 1.544ms
[2022-04-22T08:14:58.004+0000][8][gc          ] GC(37) Concurrent Mark Cycle 134.326ms
[2022-04-22T08:14:59.003+0000][8][safepoint   ] Safepoint "Cleanup", Time since last: 1001297209 ns, Reaching safepoint: 188375 ns, At safepoint: 25208 ns, Total: 213583 ns
[2022-04-22T08:15:01.004+0000][8][safepoint   ] Safepoint "Cleanup", Time since last: 2001169167 ns, Reaching safepoint: 260584 ns, At safepoint: 3708 ns, Total: 264292 ns
[2022-04-22T08:15:02.972+0000][8][gc,start    ] GC(38) Pause Young (Normal) (G1 Evacuation Pause)
[2022-04-22T08:15:02.973+0000][8][gc,task     ] GC(38) Using 5 workers of 5 for evacuation
[2022-04-22T08:15:02.975+0000][8][gc,age      ] GC(38) Desired survivor size 14680064 bytes, new threshold 15 (max threshold 15)
[2022-04-22T08:15:02.979+0000][8][gc,age      ] GC(38) Age table with threshold 15 (max threshold 15)
[2022-04-22T08:15:02.980+0000][8][gc,age      ] GC(38) - age   1:   13141920 bytes,   13141920 total
[2022-04-22T08:15:02.981+0000][8][gc,age      ] GC(38) - age   2:    2826376 bytes,   15968296 total
[2022-04-22T08:15:02.982+0000][8][gc,age      ] GC(38) - age   3:    5543912 bytes,   21512208 total
[2022-04-22T08:15:02.983+0000][8][gc,age      ] GC(38) - age   5:       1072 bytes,   21513280 total
[2022-04-22T08:15:02.984+0000][8][gc,phases   ] GC(38)   Pre Evacuate Collection Set: 0.1ms
[2022-04-22T08:15:02.984+0000][8][gc,phases   ] GC(38)   Merge Heap Roots: 0.1ms
[2022-04-22T08:15:02.985+0000][8][gc,phases   ] GC(38)   Evacuate Collection Set: 2.7ms
[2022-04-22T08:15:02.986+0000][8][gc,phases   ] GC(38)   Post Evacuate Collection Set: 0.9ms
[2022-04-22T08:15:02.986+0000][8][gc,phases   ] GC(38)   Other: 8.0ms
[2022-04-22T08:15:02.987+0000][8][gc,heap     ] GC(38) Eden regions: 51->0(52)
[2022-04-22T08:15:02.988+0000][8][gc,heap     ] GC(38) Survivor regions: 4->6(7)
[2022-04-22T08:15:02.988+0000][8][gc,heap     ] GC(38) Old regions: 30->30
[2022-04-22T08:15:02.989+0000][8][gc,heap     ] GC(38) Archive regions: 2->2
[2022-04-22T08:15:02.989+0000][8][gc,heap     ] GC(38) Humongous regions: 7->7
[2022-04-22T08:15:02.990+0000][8][gc,metaspace] GC(38) Metaspace: 105299K(106944K)->105299K(106944K) NonClass: 90961K(91968K)->90961K(91968K) Class: 14338K(14976K)->14338K(14976K)
[2022-04-22T08:15:02.991+0000][8][gc          ] GC(38) Pause Young (Normal) (G1 Evacuation Pause) 369M->172M(512M) 18.625ms
[2022-04-22T08:15:02.991+0000][8][gc,cpu      ] GC(38) User=0.01s Sys=0.00s Real=0.02s
[2022-04-22T08:15:02.992+0000][8][safepoint   ] Safepoint "G1CollectForAllocation", Time since last: 1967348959 ns, Reaching safepoint: 308542 ns, At safepoint: 19671625 ns, Total: 19980167 ns
[2022-04-22T08:15:03.993+0000][8][safepoint   ] Safepoint "Cleanup", Time since last: 1001353251 ns, Reaching safepoint: 41750 ns, At safepoint: 2375 ns, Total: 44125 ns
[2022-04-22T08:15:04.994+0000][8][safepoint   ] Safepoint "Cleanup", Time since last: 1001203625 ns, Reaching safepoint: 56708 ns, At safepoint: 2209 ns, Total: 58917 ns
[2022-04-22T08:15:05.995+0000][8][safepoint   ] Safepoint "Cleanup", Time since last: 1000620083 ns, Reaching safepoint: 139500 ns, At safepoint: 9584 ns, Total: 149084 ns
[2022-04-22T08:15:06.996+0000][8][safepoint   ] Safepoint "Cleanup", Time since last: 1000808125 ns, Reaching safepoint: 245584 ns, At safepoint: 18375 ns, Total: 263959 ns
[2022-04-22T08:15:07.322+0000][8][gc,start    ] GC(39) Pause Young (Concurrent Start) (G1 Humongous Allocation)
[2022-04-22T08:15:07.322+0000][8][gc,task     ] GC(39) Using 5 workers of 5 for evacuation
[2022-04-22T08:15:07.324+0000][8][gc,age      ] GC(39) Desired survivor size 16777216 bytes, new threshold 3 (max threshold 15)
[2022-04-22T08:15:07.328+0000][8][gc,age      ] GC(39) Age table with threshold 3 (max threshold 15)
[2022-04-22T08:15:07.329+0000][8][gc,age      ] GC(39) - age   1:   12902912 bytes,   12902912 total
[2022-04-22T08:15:07.329+0000][8][gc,age      ] GC(39) - age   2:    6531456 bytes,   19434368 total
[2022-04-22T08:15:07.330+0000][8][gc,age      ] GC(39) - age   3:    2824408 bytes,   22258776 total
[2022-04-22T08:15:07.331+0000][8][gc,phases   ] GC(39)   Pre Evacuate Collection Set: 0.3ms
[2022-04-22T08:15:07.332+0000][8][gc,phases   ] GC(39)   Merge Heap Roots: 0.2ms
[2022-04-22T08:15:07.332+0000][8][gc,phases   ] GC(39)   Evacuate Collection Set: 2.1ms
[2022-04-22T08:15:07.333+0000][8][gc,phases   ] GC(39)   Post Evacuate Collection Set: 0.5ms
[2022-04-22T08:15:07.334+0000][8][gc,phases   ] GC(39)   Other: 6.1ms
[2022-04-22T08:15:07.334+0000][8][gc,heap     ] GC(39) Eden regions: 41->0(50)
[2022-04-22T08:15:07.335+0000][8][gc,heap     ] GC(39) Survivor regions: 6->6(8)
[2022-04-22T08:15:07.336+0000][8][gc,heap     ] GC(39) Old regions: 30->32
[2022-04-22T08:15:07.337+0000][8][gc,heap     ] GC(39) Archive regions: 2->2
[2022-04-22T08:15:07.337+0000][8][gc,heap     ] GC(39) Humongous regions: 7->7
[2022-04-22T08:15:07.338+0000][8][gc,metaspace] GC(39) Metaspace: 105301K(106944K)->105301K(106944K) NonClass: 90963K(91968K)->90963K(91968K) Class: 14338K(14976K)->14338K(14976K)
[2022-04-22T08:15:07.338+0000][8][gc          ] GC(39) Pause Young (Concurrent Start) (G1 Humongous Allocation) 333M->179M(512M) 16.779ms
[2022-04-22T08:15:07.339+0000][8][gc,cpu      ] GC(39) User=0.01s Sys=0.00s Real=0.02s
[2022-04-22T08:15:07.339+0000][8][safepoint   ] Safepoint "G1TryInitiateConcMark", Time since last: 325345708 ns, Reaching safepoint: 133167 ns, At safepoint: 17998083 ns, Total: 18131250 ns
[2022-04-22T08:15:07.340+0000][8][gc          ] GC(40) Concurrent Mark Cycle
[2022-04-22T08:15:07.341+0000][8][gc,marking  ] GC(40) Concurrent Clear Claimed Marks
[2022-04-22T08:15:07.342+0000][8][gc,marking  ] GC(40) Concurrent Clear Claimed Marks 0.665ms
[2022-04-22T08:15:07.342+0000][8][gc,marking  ] GC(40) Concurrent Scan Root Regions
[2022-04-22T08:15:07.345+0000][8][gc,marking  ] GC(40) Concurrent Scan Root Regions 2.645ms
[2022-04-22T08:15:07.346+0000][8][gc,marking  ] GC(40) Concurrent Mark
[2022-04-22T08:15:07.346+0000][8][gc,marking  ] GC(40) Concurrent Mark From Roots
[2022-04-22T08:15:07.347+0000][8][gc,task     ] GC(40) Using 1 workers of 1 for marking
[2022-04-22T08:15:07.410+0000][8][gc,marking  ] GC(40) Concurrent Mark From Roots 63.726ms
[2022-04-22T08:15:07.411+0000][8][gc,marking  ] GC(40) Concurrent Preclean
[2022-04-22T08:15:07.413+0000][8][gc,marking  ] GC(40) Concurrent Preclean 2.186ms
[2022-04-22T08:15:07.415+0000][8][gc,start    ] GC(40) Pause Remark
[2022-04-22T08:15:07.420+0000][8][gc          ] GC(40) Pause Remark 191M->191M(512M) 4.968ms
[2022-04-22T08:15:07.421+0000][8][gc,cpu      ] GC(40) User=0.01s Sys=0.00s Real=0.01s
[2022-04-22T08:15:07.422+0000][8][safepoint   ] Safepoint "G1Concurrent", Time since last: 74956917 ns, Reaching safepoint: 76333 ns, At safepoint: 7299083 ns, Total: 7375416 ns
[2022-04-22T08:15:07.423+0000][8][gc,marking  ] GC(40) Concurrent Mark 76.897ms
[2022-04-22T08:15:07.423+0000][8][gc,marking  ] GC(40) Concurrent Rebuild Remembered Sets
[2022-04-22T08:15:07.464+0000][8][gc,marking  ] GC(40) Concurrent Rebuild Remembered Sets 40.255ms
[2022-04-22T08:15:07.465+0000][8][gc,start    ] GC(40) Pause Cleanup
[2022-04-22T08:15:07.466+0000][8][gc          ] GC(40) Pause Cleanup 193M->193M(512M) 1.417ms
[2022-04-22T08:15:07.467+0000][8][gc,cpu      ] GC(40) User=0.00s Sys=0.00s Real=0.01s
[2022-04-22T08:15:07.468+0000][8][safepoint   ] Safepoint "G1Concurrent", Time since last: 42943750 ns, Reaching safepoint: 136834 ns, At safepoint: 2644333 ns, Total: 2781167 ns
[2022-04-22T08:15:07.468+0000][8][gc,marking  ] GC(40) Concurrent Cleanup for Next Mark
[2022-04-22T08:15:07.469+0000][8][gc,marking  ] GC(40) Concurrent Cleanup for Next Mark 1.024ms
[2022-04-22T08:15:07.470+0000][8][gc          ] GC(40) Concurrent Mark Cycle 130.687ms
[2022-04-22T08:15:08.469+0000][8][safepoint   ] Safepoint "Cleanup", Time since last: 1000933876 ns, Reaching safepoint: 85125 ns, At safepoint: 2833 ns, Total: 87958 ns
[2022-04-22T08:15:09.470+0000][8][safepoint   ] Safepoint "Cleanup", Time since last: 1001223125 ns, Reaching safepoint: 242792 ns, At safepoint: 22292 ns, Total: 265084 ns
[2022-04-22T08:15:11.832+0000][8][gc,start    ] GC(41) Pause Young (Prepare Mixed) (G1 Evacuation Pause)
[2022-04-22T08:15:11.833+0000][8][gc,task     ] GC(41) Using 5 workers of 5 for evacuation
[2022-04-22T08:15:11.834+0000][8][gc,age      ] GC(41) Desired survivor size 14680064 bytes, new threshold 2 (max threshold 15)
[2022-04-22T08:15:11.837+0000][8][gc,age      ] GC(41) Age table with threshold 2 (max threshold 15)
[2022-04-22T08:15:11.838+0000][8][gc,age      ] GC(41) - age   1:   15930512 bytes,   15930512 total
[2022-04-22T08:15:11.840+0000][8][gc,age      ] GC(41) - age   2:    4475000 bytes,   20405512 total
[2022-04-22T08:15:11.841+0000][8][gc,phases   ] GC(41)   Pre Evacuate Collection Set: 0.1ms
[2022-04-22T08:15:11.842+0000][8][gc,phases   ] GC(41)   Merge Heap Roots: 0.1ms
[2022-04-22T08:15:11.843+0000][8][gc,phases   ] GC(41)   Evacuate Collection Set: 1.9ms
[2022-04-22T08:15:11.844+0000][8][gc,phases   ] GC(41)   Post Evacuate Collection Set: 0.8ms
[2022-04-22T08:15:11.845+0000][8][gc,phases   ] GC(41)   Other: 5.6ms
[2022-04-22T08:15:11.846+0000][8][gc,heap     ] GC(41) Eden regions: 50->0(1)
[2022-04-22T08:15:11.847+0000][8][gc,heap     ] GC(41) Survivor regions: 6->6(7)
[2022-04-22T08:15:11.848+0000][8][gc,heap     ] GC(41) Old regions: 32->34
[2022-04-22T08:15:11.849+0000][8][gc,heap     ] GC(41) Archive regions: 2->2
[2022-04-22T08:15:11.849+0000][8][gc,heap     ] GC(41) Humongous regions: 9->8
[2022-04-22T08:15:11.850+0000][8][gc,metaspace] GC(41) Metaspace: 105304K(106944K)->105304K(106944K) NonClass: 90965K(91968K)->90965K(91968K) Class: 14338K(14976K)->14338K(14976K)
[2022-04-22T08:15:11.851+0000][8][gc          ] GC(41) Pause Young (Prepare Mixed) (G1 Evacuation Pause) 387M->191M(512M) 18.822ms
[2022-04-22T08:15:11.852+0000][8][gc,cpu      ] GC(41) User=0.01s Sys=0.00s Real=0.02s
[2022-04-22T08:15:11.852+0000][8][safepoint   ] Safepoint "G1CollectForAllocation", Time since last: 2362002126 ns, Reaching safepoint: 75708 ns, At safepoint: 20161750 ns, Total: 20237458 ns
[2022-04-22T08:15:11.930+0000][8][gc,start    ] GC(42) Pause Young (Mixed) (G1 Evacuation Pause)
[2022-04-22T08:15:11.931+0000][8][gc,task     ] GC(42) Using 5 workers of 5 for evacuation
[2022-04-22T08:15:11.932+0000][8][gc,age      ] GC(42) Desired survivor size 2097152 bytes, new threshold 1 (max threshold 15)
[2022-04-22T08:15:11.936+0000][8][gc,age      ] GC(42) Age table with threshold 1 (max threshold 15)
[2022-04-22T08:15:11.937+0000][8][gc,age      ] GC(42) - age   1:     236840 bytes,     236840 total
[2022-04-22T08:15:11.938+0000][8][gc,phases   ] GC(42)   Pre Evacuate Collection Set: 0.1ms
[2022-04-22T08:15:11.939+0000][8][gc,phases   ] GC(42)   Merge Heap Roots: 0.0ms
[2022-04-22T08:15:11.940+0000][8][gc,phases   ] GC(42)   Evacuate Collection Set: 1.7ms
[2022-04-22T08:15:11.941+0000][8][gc,phases   ] GC(42)   Post Evacuate Collection Set: 1.0ms
[2022-04-22T08:15:11.942+0000][8][gc,phases   ] GC(42)   Other: 4.9ms
[2022-04-22T08:15:11.943+0000][8][gc,heap     ] GC(42) Eden regions: 1->0(51)
[2022-04-22T08:15:11.944+0000][8][gc,heap     ] GC(42) Survivor regions: 6->1(1)
[2022-04-22T08:15:11.945+0000][8][gc,heap     ] GC(42) Old regions: 34->34
[2022-04-22T08:15:11.946+0000][8][gc,heap     ] GC(42) Archive regions: 2->2
[2022-04-22T08:15:11.946+0000][8][gc,heap     ] GC(42) Humongous regions: 8->8
[2022-04-22T08:15:11.947+0000][8][gc,metaspace] GC(42) Metaspace: 105304K(106944K)->105304K(106944K) NonClass: 90965K(91968K)->90965K(91968K) Class: 14338K(14976K)->14338K(14976K)
[2022-04-22T08:15:11.948+0000][8][gc          ] GC(42) Pause Young (Mixed) (G1 Evacuation Pause) 195M->172M(512M) 18.029ms
[2022-04-22T08:15:11.949+0000][8][gc,cpu      ] GC(42) User=0.01s Sys=0.01s Real=0.02s
[2022-04-22T08:15:11.950+0000][8][safepoint   ] Safepoint "G1CollectForAllocation", Time since last: 77476917 ns, Reaching safepoint: 198167 ns, At safepoint: 19583750 ns, Total: 19781917 ns
[2022-04-22T08:15:43.052+0000][8][safepoint   ] Safepoint "Cleanup", Time since last: 31104045889 ns, Reaching safepoint: 2380375 ns, At safepoint: 17542 ns, Total: 2397917 ns
[2022-04-22T08:15:44.601+0000][8][safepoint   ] Safepoint "Cleanup", Time since last: 1548456626 ns, Reaching safepoint: 215375 ns, At safepoint: 2666 ns, Total: 218041 ns
[2022-04-22T08:15:45.603+0000][8][safepoint   ] Safepoint "Cleanup", Time since last: 1001393959 ns, Reaching safepoint: 74250 ns, At safepoint: 3833 ns, Total: 78083 ns
[2022-04-22T08:15:45.993+0000][8][gc,start    ] GC(43) Pause Young (Concurrent Start) (G1 Evacuation Pause)
[2022-04-22T08:15:45.994+0000][8][gc,task     ] GC(43) Using 5 workers of 5 for evacuation
[2022-04-22T08:15:45.995+0000][8][gc,age      ] GC(43) Desired survivor size 14680064 bytes, new threshold 15 (max threshold 15)
[2022-04-22T08:15:45.998+0000][8][gc,age      ] GC(43) Age table with threshold 15 (max threshold 15)
[2022-04-22T08:15:45.999+0000][8][gc,age      ] GC(43) - age   1:    3262040 bytes,    3262040 total
[2022-04-22T08:15:46.000+0000][8][gc,age      ] GC(43) - age   2:     107184 bytes,    3369224 total
[2022-04-22T08:15:46.001+0000][8][gc,phases   ] GC(43)   Pre Evacuate Collection Set: 0.2ms
[2022-04-22T08:15:46.002+0000][8][gc,phases   ] GC(43)   Merge Heap Roots: 0.2ms
[2022-04-22T08:15:46.003+0000][8][gc,phases   ] GC(43)   Evacuate Collection Set: 1.7ms
[2022-04-22T08:15:46.003+0000][8][gc,phases   ] GC(43)   Post Evacuate Collection Set: 0.7ms
[2022-04-22T08:15:46.004+0000][8][gc,phases   ] GC(43)   Other: 5.6ms
[2022-04-22T08:15:46.005+0000][8][gc,heap     ] GC(43) Eden regions: 51->0(52)
[2022-04-22T08:15:46.005+0000][8][gc,heap     ] GC(43) Survivor regions: 1->1(7)
[2022-04-22T08:15:46.006+0000][8][gc,heap     ] GC(43) Old regions: 34->34
[2022-04-22T08:15:46.006+0000][8][gc,heap     ] GC(43) Archive regions: 2->2
[2022-04-22T08:15:46.007+0000][8][gc,heap     ] GC(43) Humongous regions: 8->8
[2022-04-22T08:15:46.008+0000][8][gc,metaspace] GC(43) Metaspace: 105402K(107008K)->105402K(107008K) NonClass: 91050K(92032K)->91050K(92032K) Class: 14352K(14976K)->14352K(14976K)
[2022-04-22T08:15:46.008+0000][8][gc          ] GC(43) Pause Young (Concurrent Start) (G1 Evacuation Pause) 376M->175M(512M) 15.451ms
[2022-04-22T08:15:46.009+0000][8][gc,cpu      ] GC(43) User=0.01s Sys=0.00s Real=0.01s
[2022-04-22T08:15:46.009+0000][8][safepoint   ] Safepoint "G1CollectForAllocation", Time since last: 390089584 ns, Reaching safepoint: 85333 ns, At safepoint: 16582917 ns, Total: 16668250 ns
[2022-04-22T08:15:46.009+0000][8][gc          ] GC(44) Concurrent Mark Cycle
[2022-04-22T08:15:46.011+0000][8][gc,marking  ] GC(44) Concurrent Clear Claimed Marks
[2022-04-22T08:15:46.011+0000][8][gc,marking  ] GC(44) Concurrent Clear Claimed Marks 0.713ms
[2022-04-22T08:15:46.012+0000][8][gc,marking  ] GC(44) Concurrent Scan Root Regions
[2022-04-22T08:15:46.014+0000][8][gc,marking  ] GC(44) Concurrent Scan Root Regions 1.929ms
[2022-04-22T08:15:46.015+0000][8][gc,marking  ] GC(44) Concurrent Mark
[2022-04-22T08:15:46.017+0000][8][gc,marking  ] GC(44) Concurrent Mark From Roots
[2022-04-22T08:15:46.018+0000][8][gc,task     ] GC(44) Using 1 workers of 1 for marking
[2022-04-22T08:15:46.087+0000][8][gc,marking  ] GC(44) Concurrent Mark From Roots 70.167ms
[2022-04-22T08:15:46.088+0000][8][gc,marking  ] GC(44) Concurrent Preclean
[2022-04-22T08:15:46.090+0000][8][gc,marking  ] GC(44) Concurrent Preclean 2.067ms
[2022-04-22T08:15:46.092+0000][8][gc,start    ] GC(44) Pause Remark
[2022-04-22T08:15:46.097+0000][8][gc          ] GC(44) Pause Remark 184M->184M(512M) 5.010ms
[2022-04-22T08:15:46.098+0000][8][gc,cpu      ] GC(44) User=0.01s Sys=0.00s Real=0.01s
[2022-04-22T08:15:46.099+0000][8][safepoint   ] Safepoint "G1Concurrent", Time since last: 81643708 ns, Reaching safepoint: 553375 ns, At safepoint: 7023042 ns, Total: 7576417 ns
[2022-04-22T08:15:46.100+0000][8][gc,marking  ] GC(44) Concurrent Mark 84.598ms
[2022-04-22T08:15:46.101+0000][8][gc,marking  ] GC(44) Concurrent Rebuild Remembered Sets
[2022-04-22T08:15:46.143+0000][8][gc,marking  ] GC(44) Concurrent Rebuild Remembered Sets 41.484ms
[2022-04-22T08:15:46.144+0000][8][gc,start    ] GC(44) Pause Cleanup
[2022-04-22T08:15:46.145+0000][8][gc          ] GC(44) Pause Cleanup 188M->188M(512M) 0.742ms
[2022-04-22T08:15:46.145+0000][8][gc,cpu      ] GC(44) User=0.00s Sys=0.00s Real=0.00s
[2022-04-22T08:15:46.146+0000][8][safepoint   ] Safepoint "G1Concurrent", Time since last: 45052083 ns, Reaching safepoint: 189042 ns, At safepoint: 2059000 ns, Total: 2248042 ns
[2022-04-22T08:15:46.147+0000][8][gc,marking  ] GC(44) Concurrent Cleanup for Next Mark
[2022-04-22T08:15:46.148+0000][8][gc,marking  ] GC(44) Concurrent Cleanup for Next Mark 1.147ms
[2022-04-22T08:15:46.149+0000][8][gc          ] GC(44) Concurrent Mark Cycle 139.861ms
[2022-04-22T08:15:47.615+0000][8][gc,start    ] GC(45) Pause Young (Prepare Mixed) (G1 Evacuation Pause)
[2022-04-22T08:15:47.616+0000][8][gc,task     ] GC(45) Using 5 workers of 5 for evacuation
[2022-04-22T08:15:47.617+0000][8][gc,age      ] GC(45) Desired survivor size 14680064 bytes, new threshold 15 (max threshold 15)
[2022-04-22T08:15:47.620+0000][8][gc,age      ] GC(45) Age table with threshold 15 (max threshold 15)
[2022-04-22T08:15:47.621+0000][8][gc,age      ] GC(45) - age   1:     337624 bytes,     337624 total
[2022-04-22T08:15:47.621+0000][8][gc,age      ] GC(45) - age   2:    2847760 bytes,    3185384 total
[2022-04-22T08:15:47.622+0000][8][gc,age      ] GC(45) - age   3:     107184 bytes,    3292568 total
[2022-04-22T08:15:47.623+0000][8][gc,phases   ] GC(45)   Pre Evacuate Collection Set: 0.1ms
[2022-04-22T08:15:47.624+0000][8][gc,phases   ] GC(45)   Merge Heap Roots: 0.1ms
[2022-04-22T08:15:47.624+0000][8][gc,phases   ] GC(45)   Evacuate Collection Set: 1.0ms
[2022-04-22T08:15:47.625+0000][8][gc,phases   ] GC(45)   Post Evacuate Collection Set: 0.8ms
[2022-04-22T08:15:47.625+0000][8][gc,phases   ] GC(45)   Other: 5.5ms
[2022-04-22T08:15:47.626+0000][8][gc,heap     ] GC(45) Eden regions: 52->0(5)
[2022-04-22T08:15:47.627+0000][8][gc,heap     ] GC(45) Survivor regions: 1->1(7)
[2022-04-22T08:15:47.627+0000][8][gc,heap     ] GC(45) Old regions: 34->34
[2022-04-22T08:15:47.628+0000][8][gc,heap     ] GC(45) Archive regions: 2->2
[2022-04-22T08:15:47.629+0000][8][gc,heap     ] GC(45) Humongous regions: 8->8
[2022-04-22T08:15:47.629+0000][8][gc,metaspace] GC(45) Metaspace: 105402K(107008K)->105402K(107008K) NonClass: 91050K(92032K)->91050K(92032K) Class: 14352K(14976K)->14352K(14976K)
[2022-04-22T08:15:47.630+0000][8][gc          ] GC(45) Pause Young (Prepare Mixed) (G1 Evacuation Pause) 383M->175M(512M) 14.670ms
[2022-04-22T08:15:47.631+0000][8][gc,cpu      ] GC(45) User=0.01s Sys=0.01s Real=0.01s
[2022-04-22T08:15:47.632+0000][8][safepoint   ] Safepoint "G1CollectForAllocation", Time since last: 1469202001 ns, Reaching safepoint: 148875 ns, At safepoint: 16542583 ns, Total: 16691458 ns
[2022-04-22T08:15:47.739+0000][8][gc,start    ] GC(46) Pause Young (Mixed) (G1 Evacuation Pause)
[2022-04-22T08:15:47.740+0000][8][gc,task     ] GC(46) Using 5 workers of 5 for evacuation
[2022-04-22T08:15:47.740+0000][8][gc,age      ] GC(46) Desired survivor size 2097152 bytes, new threshold 2 (max threshold 15)
[2022-04-22T08:15:47.743+0000][8][gc,age      ] GC(46) Age table with threshold 2 (max threshold 15)
[2022-04-22T08:15:47.744+0000][8][gc,age      ] GC(46) - age   1:      73672 bytes,      73672 total
[2022-04-22T08:15:47.745+0000][8][gc,age      ] GC(46) - age   2:     329176 bytes,     402848 total
[2022-04-22T08:15:47.746+0000][8][gc,phases   ] GC(46)   Pre Evacuate Collection Set: 0.3ms
[2022-04-22T08:15:47.746+0000][8][gc,phases   ] GC(46)   Merge Heap Roots: 0.1ms
[2022-04-22T08:15:47.747+0000][8][gc,phases   ] GC(46)   Evacuate Collection Set: 1.3ms
[2022-04-22T08:15:47.748+0000][8][gc,phases   ] GC(46)   Post Evacuate Collection Set: 0.6ms
[2022-04-22T08:15:47.749+0000][8][gc,phases   ] GC(46)   Other: 4.1ms
[2022-04-22T08:15:47.749+0000][8][gc,heap     ] GC(46) Eden regions: 5->0(55)
[2022-04-22T08:15:47.750+0000][8][gc,heap     ] GC(46) Survivor regions: 1->1(1)
[2022-04-22T08:15:47.751+0000][8][gc,heap     ] GC(46) Old regions: 34->34
[2022-04-22T08:15:47.751+0000][8][gc,heap     ] GC(46) Archive regions: 2->2
[2022-04-22T08:15:47.752+0000][8][gc,heap     ] GC(46) Humongous regions: 8->8
[2022-04-22T08:15:47.753+0000][8][gc,metaspace] GC(46) Metaspace: 105402K(107008K)->105402K(107008K) NonClass: 91050K(92032K)->91050K(92032K) Class: 14352K(14976K)->14352K(14976K)
[2022-04-22T08:15:47.754+0000][8][gc          ] GC(46) Pause Young (Mixed) (G1 Evacuation Pause) 195M->171M(512M) 14.481ms
[2022-04-22T08:15:47.754+0000][8][gc,cpu      ] GC(46) User=0.00s Sys=0.00s Real=0.02s
[2022-04-22T08:15:47.756+0000][8][safepoint   ] Safepoint "G1CollectForAllocation", Time since last: 107206833 ns, Reaching safepoint: 129667 ns, At safepoint: 16412875 ns, Total: 16542542 ns
[2022-04-22T08:15:51.757+0000][8][safepoint   ] Safepoint "Cleanup", Time since last: 4001359669 ns, Reaching safepoint: 243833 ns, At safepoint: 3708 ns, Total: 247541 ns
[2022-04-22T08:15:53.381+0000][8][safepoint   ] Safepoint "Cleanup", Time since last: 1623917293 ns, Reaching safepoint: 61500 ns, At safepoint: 3500 ns, Total: 65000 ns
[2022-04-22T08:15:53.435+0000][8][safepoint   ] Safepoint "ICBufferFull", Time since last: 53660166 ns, Reaching safepoint: 162209 ns, At safepoint: 10958 ns, Total: 173167 ns
[2022-04-22T08:15:54.437+0000][8][safepoint   ] Safepoint "Cleanup", Time since last: 1001435959 ns, Reaching safepoint: 474792 ns, At safepoint: 36625 ns, Total: 511417 ns
[2022-04-22T08:16:13.502+0000][8][safepoint   ] Safepoint "Cleanup", Time since last: 19055717508 ns, Reaching safepoint: 132542 ns, At safepoint: 4333 ns, Total: 136875 ns
[2022-04-22T08:18:41.896+0000][8][safepoint   ] Safepoint "Cleanup", Time since last: 148398749151 ns, Reaching safepoint: 131958 ns, At safepoint: 4208 ns, Total: 136166 ns
[2022-04-22T08:18:42.898+0000][8][safepoint   ] Safepoint "Cleanup", Time since last: 1001843334 ns, Reaching safepoint: 258333 ns, At safepoint: 5584 ns, Total: 263917 ns
[2022-04-22T08:18:52.926+0000][8][safepoint   ] Safepoint "Cleanup", Time since last: 10028148546 ns, Reaching safepoint: 119250 ns, At safepoint: 4917 ns, Total: 124167 ns
[2022-04-22T08:18:57.940+0000][8][safepoint   ] Safepoint "Cleanup", Time since last: 5013656877 ns, Reaching safepoint: 275709 ns, At safepoint: 15125 ns, Total: 290834 ns
[2022-04-22T08:18:57.955+0000][8][gc,start    ] GC(47) Pause Young (Concurrent Start) (G1 Evacuation Pause)
[2022-04-22T08:18:57.957+0000][8][gc,task     ] GC(47) Using 5 workers of 5 for evacuation
[2022-04-22T08:18:57.958+0000][8][gc,age      ] GC(47) Desired survivor size 14680064 bytes, new threshold 15 (max threshold 15)
[2022-04-22T08:18:57.961+0000][8][gc,age      ] GC(47) Age table with threshold 15 (max threshold 15)
[2022-04-22T08:18:57.962+0000][8][gc,age      ] GC(47) - age   1:    1231560 bytes,    1231560 total
[2022-04-22T08:18:57.963+0000][8][gc,age      ] GC(47) - age   2:         88 bytes,    1231648 total
[2022-04-22T08:18:57.963+0000][8][gc,age      ] GC(47) - age   3:       1840 bytes,    1233488 total
[2022-04-22T08:18:57.964+0000][8][gc,phases   ] GC(47)   Pre Evacuate Collection Set: 0.3ms
[2022-04-22T08:18:57.965+0000][8][gc,phases   ] GC(47)   Merge Heap Roots: 0.2ms
[2022-04-22T08:18:57.966+0000][8][gc,phases   ] GC(47)   Evacuate Collection Set: 1.2ms
[2022-04-22T08:18:57.967+0000][8][gc,phases   ] GC(47)   Post Evacuate Collection Set: 0.7ms
[2022-04-22T08:18:57.968+0000][8][gc,phases   ] GC(47)   Other: 6.5ms
[2022-04-22T08:18:57.968+0000][8][gc,heap     ] GC(47) Eden regions: 55->0(56)
[2022-04-22T08:18:57.969+0000][8][gc,heap     ] GC(47) Survivor regions: 1->1(7)
[2022-04-22T08:18:57.969+0000][8][gc,heap     ] GC(47) Old regions: 34->34
[2022-04-22T08:18:57.971+0000][8][gc,heap     ] GC(47) Archive regions: 2->2
[2022-04-22T08:18:57.971+0000][8][gc,heap     ] GC(47) Humongous regions: 8->8
[2022-04-22T08:18:57.972+0000][8][gc,metaspace] GC(47) Metaspace: 106186K(107712K)->106186K(107712K) NonClass: 91739K(92672K)->91739K(92672K) Class: 14446K(15040K)->14446K(15040K)
[2022-04-22T08:18:57.972+0000][8][gc          ] GC(47) Pause Young (Concurrent Start) (G1 Evacuation Pause) 391M->172M(512M) 17.058ms
[2022-04-22T08:18:57.973+0000][8][gc,cpu      ] GC(47) User=0.00s Sys=0.01s Real=0.02s
[2022-04-22T08:18:57.974+0000][8][safepoint   ] Safepoint "G1CollectForAllocation", Time since last: 14799250 ns, Reaching safepoint: 57458 ns, At safepoint: 18467500 ns, Total: 18524958 ns
[2022-04-22T08:18:57.974+0000][8][gc          ] GC(48) Concurrent Mark Cycle
[2022-04-22T08:18:57.975+0000][8][gc,marking  ] GC(48) Concurrent Clear Claimed Marks
[2022-04-22T08:18:57.976+0000][8][gc,marking  ] GC(48) Concurrent Clear Claimed Marks 0.846ms
[2022-04-22T08:18:57.977+0000][8][gc,marking  ] GC(48) Concurrent Scan Root Regions
[2022-04-22T08:18:57.979+0000][8][gc,marking  ] GC(48) Concurrent Scan Root Regions 2.225ms
[2022-04-22T08:18:57.981+0000][8][gc,marking  ] GC(48) Concurrent Mark
[2022-04-22T08:18:57.981+0000][8][gc,marking  ] GC(48) Concurrent Mark From Roots
[2022-04-22T08:18:57.982+0000][8][gc,task     ] GC(48) Using 1 workers of 1 for marking
[2022-04-22T08:18:58.120+0000][8][gc,marking  ] GC(48) Concurrent Mark From Roots 139.026ms
[2022-04-22T08:18:58.121+0000][8][gc,marking  ] GC(48) Concurrent Preclean
[2022-04-22T08:18:58.122+0000][8][gc,marking  ] GC(48) Concurrent Preclean 1.209ms
[2022-04-22T08:18:58.124+0000][8][gc,start    ] GC(48) Pause Remark
[2022-04-22T08:18:58.129+0000][8][gc          ] GC(48) Pause Remark 192M->184M(512M) 5.599ms
[2022-04-22T08:18:58.130+0000][8][gc,cpu      ] GC(48) User=0.02s Sys=0.00s Real=0.01s
[2022-04-22T08:18:58.131+0000][8][safepoint   ] Safepoint "G1Concurrent", Time since last: 149820667 ns, Reaching safepoint: 88083 ns, At safepoint: 7164958 ns, Total: 7253041 ns
[2022-04-22T08:18:58.132+0000][8][gc,marking  ] GC(48) Concurrent Mark 151.149ms
[2022-04-22T08:18:58.133+0000][8][gc,marking  ] GC(48) Concurrent Rebuild Remembered Sets
[2022-04-22T08:18:58.173+0000][8][gc,marking  ] GC(48) Concurrent Rebuild Remembered Sets 40.708ms
[2022-04-22T08:18:58.174+0000][8][gc,start    ] GC(48) Pause Cleanup
[2022-04-22T08:18:58.175+0000][8][gc          ] GC(48) Pause Cleanup 184M->184M(512M) 1.047ms
[2022-04-22T08:18:58.176+0000][8][gc,cpu      ] GC(48) User=0.00s Sys=0.00s Real=0.00s
[2022-04-22T08:18:58.177+0000][8][safepoint   ] Safepoint "G1Concurrent", Time since last: 43180792 ns, Reaching safepoint: 85500 ns, At safepoint: 2712417 ns, Total: 2797917 ns
[2022-04-22T08:18:58.177+0000][8][gc,marking  ] GC(48) Concurrent Cleanup for Next Mark
[2022-04-22T08:18:58.178+0000][8][gc,marking  ] GC(48) Concurrent Cleanup for Next Mark 1.030ms
[2022-04-22T08:18:58.179+0000][8][gc          ] GC(48) Concurrent Mark Cycle 205.367ms
[2022-04-22T08:18:59.179+0000][8][safepoint   ] Safepoint "Cleanup", Time since last: 1001175917 ns, Reaching safepoint: 1472291 ns, At safepoint: 71959 ns, Total: 1544250 ns
[2022-04-22T08:19:05.125+0000][8][safepoint   ] Safepoint "ICBufferFull", Time since last: 5943866294 ns, Reaching safepoint: 407542 ns, At safepoint: 7958 ns, Total: 415500 ns
[2022-04-22T08:19:06.126+0000][8][safepoint   ] Safepoint "Cleanup", Time since last: 1001101417 ns, Reaching safepoint: 326625 ns, At safepoint: 5292 ns, Total: 331917 ns
[2022-04-22T08:19:07.678+0000][8][safepoint   ] Safepoint "Cleanup", Time since last: 1551386667 ns, Reaching safepoint: 75500 ns, At safepoint: 2375 ns, Total: 77875 ns
[2022-04-22T08:19:08.395+0000][8][gc,start    ] GC(49) Pause Young (Prepare Mixed) (G1 Evacuation Pause)
[2022-04-22T08:19:08.396+0000][8][gc,task     ] GC(49) Using 5 workers of 5 for evacuation
[2022-04-22T08:19:08.397+0000][8][gc,age      ] GC(49) Desired survivor size 16777216 bytes, new threshold 15 (max threshold 15)
[2022-04-22T08:19:08.401+0000][8][gc,age      ] GC(49) Age table with threshold 15 (max threshold 15)
[2022-04-22T08:19:08.402+0000][8][gc,age      ] GC(49) - age   1:    4672160 bytes,    4672160 total
[2022-04-22T08:19:08.403+0000][8][gc,age      ] GC(49) - age   2:     240160 bytes,    4912320 total
[2022-04-22T08:19:08.404+0000][8][gc,age      ] GC(49) - age   4:        352 bytes,    4912672 total
[2022-04-22T08:19:08.405+0000][8][gc,phases   ] GC(49)   Pre Evacuate Collection Set: 0.1ms
[2022-04-22T08:19:08.406+0000][8][gc,phases   ] GC(49)   Merge Heap Roots: 0.1ms
[2022-04-22T08:19:08.407+0000][8][gc,phases   ] GC(49)   Evacuate Collection Set: 1.9ms
[2022-04-22T08:19:08.408+0000][8][gc,phases   ] GC(49)   Post Evacuate Collection Set: 0.9ms
[2022-04-22T08:19:08.409+0000][8][gc,phases   ] GC(49)   Other: 6.7ms
[2022-04-22T08:19:08.410+0000][8][gc,heap     ] GC(49) Eden regions: 56->0(4)
[2022-04-22T08:19:08.411+0000][8][gc,heap     ] GC(49) Survivor regions: 1->2(8)
[2022-04-22T08:19:08.413+0000][8][gc,heap     ] GC(49) Old regions: 34->34
[2022-04-22T08:19:08.413+0000][8][gc,heap     ] GC(49) Archive regions: 2->2
[2022-04-22T08:19:08.414+0000][8][gc,heap     ] GC(49) Humongous regions: 6->6
[2022-04-22T08:19:08.414+0000][8][gc,metaspace] GC(49) Metaspace: 106229K(107712K)->106229K(107712K) NonClass: 91782K(92672K)->91782K(92672K) Class: 14446K(15040K)->14446K(15040K)
[2022-04-22T08:19:08.415+0000][8][gc          ] GC(49) Pause Young (Prepare Mixed) (G1 Evacuation Pause) 388M->167M(512M) 19.497ms
[2022-04-22T08:19:08.415+0000][8][gc,cpu      ] GC(49) User=0.01s Sys=0.00s Real=0.02s
[2022-04-22T08:19:08.416+0000][8][safepoint   ] Safepoint "G1CollectForAllocation", Time since last: 717197084 ns, Reaching safepoint: 231458 ns, At safepoint: 20818000 ns, Total: 21049458 ns
[2022-04-22T08:19:08.944+0000][8][gc,start    ] GC(50) Pause Young (Mixed) (G1 Evacuation Pause)
[2022-04-22T08:19:08.945+0000][8][gc,task     ] GC(50) Using 5 workers of 5 for evacuation
[2022-04-22T08:19:08.946+0000][8][gc,age      ] GC(50) Desired survivor size 2097152 bytes, new threshold 1 (max threshold 15)
[2022-04-22T08:19:08.949+0000][8][gc,age      ] GC(50) Age table with threshold 1 (max threshold 15)
[2022-04-22T08:19:08.951+0000][8][gc,age      ] GC(50) - age   1:    1328768 bytes,    1328768 total
[2022-04-22T08:19:08.951+0000][8][gc,phases   ] GC(50)   Pre Evacuate Collection Set: 0.1ms
[2022-04-22T08:19:08.952+0000][8][gc,phases   ] GC(50)   Merge Heap Roots: 0.2ms
[2022-04-22T08:19:08.952+0000][8][gc,phases   ] GC(50)   Evacuate Collection Set: 1.6ms
[2022-04-22T08:19:08.953+0000][8][gc,phases   ] GC(50)   Post Evacuate Collection Set: 0.8ms
[2022-04-22T08:19:08.954+0000][8][gc,phases   ] GC(50)   Other: 4.9ms
[2022-04-22T08:19:08.955+0000][8][gc,heap     ] GC(50) Eden regions: 4->0(60)
[2022-04-22T08:19:08.956+0000][8][gc,heap     ] GC(50) Survivor regions: 2->1(1)
[2022-04-22T08:19:08.956+0000][8][gc,heap     ] GC(50) Old regions: 34->32
[2022-04-22T08:19:08.957+0000][8][gc,heap     ] GC(50) Archive regions: 2->2
[2022-04-22T08:19:08.958+0000][8][gc,heap     ] GC(50) Humongous regions: 6->6
[2022-04-22T08:19:08.959+0000][8][gc,metaspace] GC(50) Metaspace: 106233K(107712K)->106233K(107712K) NonClass: 91786K(92672K)->91786K(92672K) Class: 14446K(15040K)->14446K(15040K)
[2022-04-22T08:19:08.959+0000][8][gc          ] GC(50) Pause Young (Mixed) (G1 Evacuation Pause) 183M->154M(512M) 15.546ms
[2022-04-22T08:19:08.960+0000][8][gc,cpu      ] GC(50) User=0.01s Sys=0.00s Real=0.02s
[2022-04-22T08:19:08.961+0000][8][safepoint   ] Safepoint "G1CollectForAllocation", Time since last: 527581459 ns, Reaching safepoint: 148750 ns, At safepoint: 16988125 ns, Total: 17136875 ns
[2022-04-22T08:19:09.963+0000][8][safepoint   ] Safepoint "Cleanup", Time since last: 1001251334 ns, Reaching safepoint: 487125 ns, At safepoint: 5041 ns, Total: 492166 ns
[2022-04-22T08:19:10.964+0000][8][safepoint   ] Safepoint "Cleanup", Time since last: 1001371042 ns, Reaching safepoint: 170792 ns, At safepoint: 4333 ns, Total: 175125 ns
[2022-04-22T08:19:12.504+0000][8][safepoint   ] Safepoint "Cleanup", Time since last: 1540073918 ns, Reaching safepoint: 74125 ns, At safepoint: 2792 ns, Total: 76917 ns
[2022-04-22T08:19:13.506+0000][8][safepoint   ] Safepoint "Cleanup", Time since last: 1001422292 ns, Reaching safepoint: 119416 ns, At safepoint: 4167 ns, Total: 123583 ns
[2022-04-22T08:19:13.518+0000][8][gc,start    ] GC(51) Pause Young (Concurrent Start) (G1 Evacuation Pause)
[2022-04-22T08:19:13.519+0000][8][gc,task     ] GC(51) Using 5 workers of 5 for evacuation
[2022-04-22T08:19:13.520+0000][8][gc,age      ] GC(51) Desired survivor size 16777216 bytes, new threshold 15 (max threshold 15)
[2022-04-22T08:19:13.524+0000][8][gc,age      ] GC(51) Age table with threshold 15 (max threshold 15)
[2022-04-22T08:19:13.525+0000][8][gc,age      ] GC(51) - age   1:    6220504 bytes,    6220504 total
[2022-04-22T08:19:13.525+0000][8][gc,age      ] GC(51) - age   2:     535496 bytes,    6756000 total
[2022-04-22T08:19:13.527+0000][8][gc,phases   ] GC(51)   Pre Evacuate Collection Set: 0.4ms
[2022-04-22T08:19:13.528+0000][8][gc,phases   ] GC(51)   Merge Heap Roots: 0.2ms
[2022-04-22T08:19:13.529+0000][8][gc,phases   ] GC(51)   Evacuate Collection Set: 1.3ms
[2022-04-22T08:19:13.529+0000][8][gc,phases   ] GC(51)   Post Evacuate Collection Set: 0.9ms
[2022-04-22T08:19:13.530+0000][8][gc,phases   ] GC(51)   Other: 5.5ms
[2022-04-22T08:19:13.531+0000][8][gc,heap     ] GC(51) Eden regions: 60->0(59)
[2022-04-22T08:19:13.531+0000][8][gc,heap     ] GC(51) Survivor regions: 1->2(8)
[2022-04-22T08:19:13.532+0000][8][gc,heap     ] GC(51) Old regions: 32->32
[2022-04-22T08:19:13.533+0000][8][gc,heap     ] GC(51) Archive regions: 2->2
[2022-04-22T08:19:13.534+0000][8][gc,heap     ] GC(51) Humongous regions: 6->6
[2022-04-22T08:19:13.534+0000][8][gc,metaspace] GC(51) Metaspace: 106275K(107776K)->106275K(107776K) NonClass: 91827K(92736K)->91827K(92736K) Class: 14447K(15040K)->14447K(15040K)
[2022-04-22T08:19:13.535+0000][8][gc          ] GC(51) Pause Young (Concurrent Start) (G1 Evacuation Pause) 394M->159M(512M) 16.410ms
[2022-04-22T08:19:13.536+0000][8][gc,cpu      ] GC(51) User=0.00s Sys=0.00s Real=0.01s
[2022-04-22T08:19:13.537+0000][8][safepoint   ] Safepoint "G1CollectForAllocation", Time since last: 12560208 ns, Reaching safepoint: 54042 ns, At safepoint: 18333875 ns, Total: 18387917 ns
[2022-04-22T08:19:13.537+0000][8][gc          ] GC(52) Concurrent Mark Cycle
[2022-04-22T08:19:13.538+0000][8][gc,marking  ] GC(52) Concurrent Clear Claimed Marks
[2022-04-22T08:19:13.539+0000][8][gc,marking  ] GC(52) Concurrent Clear Claimed Marks 1.261ms
[2022-04-22T08:19:13.543+0000][8][gc,marking  ] GC(52) Concurrent Scan Root Regions
[2022-04-22T08:19:13.549+0000][8][gc,marking  ] GC(52) Concurrent Scan Root Regions 6.527ms
[2022-04-22T08:19:13.551+0000][8][gc,marking  ] GC(52) Concurrent Mark
[2022-04-22T08:19:13.552+0000][8][gc,marking  ] GC(52) Concurrent Mark From Roots
[2022-04-22T08:19:13.553+0000][8][gc,task     ] GC(52) Using 1 workers of 1 for marking
[2022-04-22T08:19:13.619+0000][8][gc,marking  ] GC(52) Concurrent Mark From Roots 67.413ms
[2022-04-22T08:19:13.621+0000][8][gc,marking  ] GC(52) Concurrent Preclean
[2022-04-22T08:19:13.622+0000][8][gc,marking  ] GC(52) Concurrent Preclean 1.150ms
[2022-04-22T08:19:13.624+0000][8][gc,start    ] GC(52) Pause Remark
[2022-04-22T08:19:13.632+0000][8][gc          ] GC(52) Pause Remark 164M->160M(512M) 7.995ms
[2022-04-22T08:19:13.633+0000][8][gc,cpu      ] GC(52) User=0.02s Sys=0.00s Real=0.01s
[2022-04-22T08:19:13.634+0000][8][safepoint   ] Safepoint "G1Concurrent", Time since last: 86918625 ns, Reaching safepoint: 62292 ns, At safepoint: 10475541 ns, Total: 10537833 ns
[2022-04-22T08:19:13.635+0000][8][gc,marking  ] GC(52) Concurrent Mark 84.757ms
[2022-04-22T08:19:13.636+0000][8][gc,marking  ] GC(52) Concurrent Rebuild Remembered Sets
[2022-04-22T08:19:13.679+0000][8][gc,marking  ] GC(52) Concurrent Rebuild Remembered Sets 42.639ms
[2022-04-22T08:19:13.681+0000][8][gc,start    ] GC(52) Pause Cleanup
[2022-04-22T08:19:13.682+0000][8][gc          ] GC(52) Pause Cleanup 161M->161M(512M) 1.443ms
[2022-04-22T08:19:13.683+0000][8][gc,cpu      ] GC(52) User=0.00s Sys=0.00s Real=0.00s
[2022-04-22T08:19:13.683+0000][8][safepoint   ] Safepoint "G1Concurrent", Time since last: 46286417 ns, Reaching safepoint: 51458 ns, At safepoint: 2761750 ns, Total: 2813208 ns
[2022-04-22T08:19:13.684+0000][8][gc,marking  ] GC(52) Concurrent Cleanup for Next Mark
[2022-04-22T08:19:13.686+0000][8][gc,marking  ] GC(52) Concurrent Cleanup for Next Mark 1.579ms
[2022-04-22T08:19:13.687+0000][8][gc          ] GC(52) Concurrent Mark Cycle 149.847ms
[2022-04-22T08:19:14.684+0000][8][safepoint   ] Safepoint "Cleanup", Time since last: 1000889584 ns, Reaching safepoint: 277459 ns, At safepoint: 4375 ns, Total: 281834 ns
[2022-04-22T08:19:15.686+0000][8][safepoint   ] Safepoint "Cleanup", Time since last: 1001691750 ns, Reaching safepoint: 58250 ns, At safepoint: 2333 ns, Total: 60583 ns
[2022-04-22T08:19:16.688+0000][8][safepoint   ] Safepoint "Cleanup", Time since last: 1001519043 ns, Reaching safepoint: 387541 ns, At safepoint: 39417 ns, Total: 426958 ns
[2022-04-22T08:19:17.690+0000][8][safepoint   ] Safepoint "Cleanup", Time since last: 1002232959 ns, Reaching safepoint: 62541 ns, At safepoint: 5292 ns, Total: 67833 ns
[2022-04-22T08:19:17.850+0000][8][gc,start    ] GC(53) Pause Young (Prepare Mixed) (G1 Evacuation Pause)
[2022-04-22T08:19:17.851+0000][8][gc,task     ] GC(53) Using 5 workers of 5 for evacuation
[2022-04-22T08:19:17.852+0000][8][gc,age      ] GC(53) Desired survivor size 16777216 bytes, new threshold 15 (max threshold 15)
[2022-04-22T08:19:17.856+0000][8][gc,age      ] GC(53) Age table with threshold 15 (max threshold 15)
[2022-04-22T08:19:17.857+0000][8][gc,age      ] GC(53) - age   1:    3278456 bytes,    3278456 total
[2022-04-22T08:19:17.858+0000][8][gc,age      ] GC(53) - age   2:     552712 bytes,    3831168 total
[2022-04-22T08:19:17.859+0000][8][gc,age      ] GC(53) - age   3:      83864 bytes,    3915032 total
[2022-04-22T08:19:17.860+0000][8][gc,phases   ] GC(53)   Pre Evacuate Collection Set: 0.2ms
[2022-04-22T08:19:17.861+0000][8][gc,phases   ] GC(53)   Merge Heap Roots: 0.2ms
[2022-04-22T08:19:17.863+0000][8][gc,phases   ] GC(53)   Evacuate Collection Set: 1.5ms
[2022-04-22T08:19:17.864+0000][8][gc,phases   ] GC(53)   Post Evacuate Collection Set: 0.6ms
[2022-04-22T08:19:17.865+0000][8][gc,phases   ] GC(53)   Other: 7.9ms
[2022-04-22T08:19:17.866+0000][8][gc,heap     ] GC(53) Eden regions: 59->0(5)
[2022-04-22T08:19:17.867+0000][8][gc,heap     ] GC(53) Survivor regions: 2->1(8)
[2022-04-22T08:19:17.868+0000][8][gc,heap     ] GC(53) Old regions: 31->31
[2022-04-22T08:19:17.868+0000][8][gc,heap     ] GC(53) Archive regions: 2->2
[2022-04-22T08:19:17.869+0000][8][gc,heap     ] GC(53) Humongous regions: 6->6
[2022-04-22T08:19:17.870+0000][8][gc,metaspace] GC(53) Metaspace: 106317K(107840K)->106317K(107840K) NonClass: 91869K(92800K)->91869K(92800K) Class: 14447K(15040K)->14447K(15040K)
[2022-04-22T08:19:17.871+0000][8][gc          ] GC(53) Pause Young (Prepare Mixed) (G1 Evacuation Pause) 391M->153M(512M) 21.584ms
[2022-04-22T08:19:17.872+0000][8][gc,cpu      ] GC(53) User=0.01s Sys=0.01s Real=0.02s
[2022-04-22T08:19:17.874+0000][8][safepoint   ] Safepoint "G1CollectForAllocation", Time since last: 159220875 ns, Reaching safepoint: 46333 ns, At safepoint: 23814834 ns, Total: 23861167 ns
[2022-04-22T08:19:18.482+0000][8][gc,start    ] GC(54) Pause Young (Mixed) (G1 Evacuation Pause)
[2022-04-22T08:19:18.484+0000][8][gc,task     ] GC(54) Using 5 workers of 5 for evacuation
[2022-04-22T08:19:18.485+0000][8][gc,age      ] GC(54) Desired survivor size 2097152 bytes, new threshold 1 (max threshold 15)
[2022-04-22T08:19:18.490+0000][8][gc,age      ] GC(54) Age table with threshold 1 (max threshold 15)
[2022-04-22T08:19:18.491+0000][8][gc,age      ] GC(54) - age   1:    1578176 bytes,    1578176 total
[2022-04-22T08:19:18.491+0000][8][gc,phases   ] GC(54)   Pre Evacuate Collection Set: 0.1ms
[2022-04-22T08:19:18.492+0000][8][gc,phases   ] GC(54)   Merge Heap Roots: 0.2ms
[2022-04-22T08:19:18.493+0000][8][gc,phases   ] GC(54)   Evacuate Collection Set: 1.9ms
[2022-04-22T08:19:18.494+0000][8][gc,phases   ] GC(54)   Post Evacuate Collection Set: 0.9ms
[2022-04-22T08:19:18.495+0000][8][gc,phases   ] GC(54)   Other: 5.9ms
[2022-04-22T08:19:18.496+0000][8][gc,heap     ] GC(54) Eden regions: 5->0(67)
[2022-04-22T08:19:18.496+0000][8][gc,heap     ] GC(54) Survivor regions: 1->1(1)
[2022-04-22T08:19:18.497+0000][8][gc,heap     ] GC(54) Old regions: 31->26
[2022-04-22T08:19:18.498+0000][8][gc,heap     ] GC(54) Archive regions: 2->2
[2022-04-22T08:19:18.498+0000][8][gc,heap     ] GC(54) Humongous regions: 6->6
[2022-04-22T08:19:18.499+0000][8][gc,metaspace] GC(54) Metaspace: 106317K(107840K)->106317K(107840K) NonClass: 91869K(92800K)->91869K(92800K) Class: 14447K(15040K)->14447K(15040K)
[2022-04-22T08:19:18.500+0000][8][gc          ] GC(54) Pause Young (Mixed) (G1 Evacuation Pause) 173M->131M(512M) 17.155ms
[2022-04-22T08:19:18.501+0000][8][gc,cpu      ] GC(54) User=0.01s Sys=0.00s Real=0.02s
[2022-04-22T08:19:18.502+0000][8][safepoint   ] Safepoint "G1CollectForAllocation", Time since last: 608808417 ns, Reaching safepoint: 81083 ns, At safepoint: 19364708 ns, Total: 19445791 ns
[2022-04-22T08:19:19.503+0000][8][safepoint   ] Safepoint "Cleanup", Time since last: 1000943209 ns, Reaching safepoint: 94875 ns, At safepoint: 3042 ns, Total: 97917 ns
[2022-04-22T08:19:20.505+0000][8][safepoint   ] Safepoint "Cleanup", Time since last: 1001880709 ns, Reaching safepoint: 662333 ns, At safepoint: 16458 ns, Total: 678791 ns
[2022-04-22T08:19:21.510+0000][8][safepoint   ] Safepoint "Cleanup", Time since last: 1004114292 ns, Reaching safepoint: 171292 ns, At safepoint: 21458 ns, Total: 192750 ns
[2022-04-22T08:19:23.513+0000][8][safepoint   ] Safepoint "Cleanup", Time since last: 2002707543 ns, Reaching safepoint: 355083 ns, At safepoint: 34459 ns, Total: 389542 ns
[2022-04-22T08:19:23.748+0000][8][gc,start    ] GC(55) Pause Young (Normal) (G1 Evacuation Pause)
[2022-04-22T08:19:23.749+0000][8][gc,task     ] GC(55) Using 5 workers of 5 for evacuation
[2022-04-22T08:19:23.750+0000][8][gc,age      ] GC(55) Desired survivor size 18874368 bytes, new threshold 15 (max threshold 15)
[2022-04-22T08:19:23.754+0000][8][gc,age      ] GC(55) Age table with threshold 15 (max threshold 15)
[2022-04-22T08:19:23.755+0000][8][gc,age      ] GC(55) - age   1:    4743640 bytes,    4743640 total
[2022-04-22T08:19:23.756+0000][8][gc,age      ] GC(55) - age   2:    1397088 bytes,    6140728 total
[2022-04-22T08:19:23.757+0000][8][gc,phases   ] GC(55)   Pre Evacuate Collection Set: 0.1ms
[2022-04-22T08:19:23.758+0000][8][gc,phases   ] GC(55)   Merge Heap Roots: 0.3ms
[2022-04-22T08:19:23.759+0000][8][gc,phases   ] GC(55)   Evacuate Collection Set: 2.1ms
[2022-04-22T08:19:23.759+0000][8][gc,phases   ] GC(55)   Post Evacuate Collection Set: 0.9ms
[2022-04-22T08:19:23.760+0000][8][gc,phases   ] GC(55)   Other: 5.4ms
[2022-04-22T08:19:23.761+0000][8][gc,heap     ] GC(55) Eden regions: 67->0(66)
[2022-04-22T08:19:23.761+0000][8][gc,heap     ] GC(55) Survivor regions: 1->2(9)
[2022-04-22T08:19:23.762+0000][8][gc,heap     ] GC(55) Old regions: 26->26
[2022-04-22T08:19:23.763+0000][8][gc,heap     ] GC(55) Archive regions: 2->2
[2022-04-22T08:19:23.763+0000][8][gc,heap     ] GC(55) Humongous regions: 6->6
[2022-04-22T08:19:23.764+0000][8][gc,metaspace] GC(55) Metaspace: 106345K(107904K)->106345K(107904K) NonClass: 91897K(92864K)->91897K(92864K) Class: 14448K(15040K)->14448K(15040K)
[2022-04-22T08:19:23.765+0000][8][gc          ] GC(55) Pause Young (Normal) (G1 Evacuation Pause) 399M->136M(512M) 16.256ms
[2022-04-22T08:19:23.765+0000][8][gc,cpu      ] GC(55) User=0.01s Sys=0.00s Real=0.01s
[2022-04-22T08:19:23.766+0000][8][safepoint   ] Safepoint "G1CollectForAllocation", Time since last: 234911542 ns, Reaching safepoint: 554583 ns, At safepoint: 18167125 ns, Total: 18721708 ns
[2022-04-22T08:19:24.768+0000][8][safepoint   ] Safepoint "Cleanup", Time since last: 1001260667 ns, Reaching safepoint: 310417 ns, At safepoint: 4625 ns, Total: 315042 ns
[2022-04-22T08:19:25.770+0000][8][safepoint   ] Safepoint "Cleanup", Time since last: 1001801875 ns, Reaching safepoint: 307625 ns, At safepoint: 8833 ns, Total: 316458 ns
[2022-04-22T08:19:25.809+0000][8][gc,start    ] GC(56) Pause Young (Normal) (G1 Evacuation Pause)
[2022-04-22T08:19:25.809+0000][8][gc,task     ] GC(56) Using 5 workers of 5 for evacuation
[2022-04-22T08:19:25.810+0000][8][gc,age      ] GC(56) Desired survivor size 18874368 bytes, new threshold 15 (max threshold 15)
[2022-04-22T08:19:25.813+0000][8][gc,age      ] GC(56) Age table with threshold 15 (max threshold 15)
[2022-04-22T08:19:25.814+0000][8][gc,age      ] GC(56) - age   1:    4078048 bytes,    4078048 total
[2022-04-22T08:19:25.815+0000][8][gc,age      ] GC(56) - age   2:     815808 bytes,    4893856 total
[2022-04-22T08:19:25.815+0000][8][gc,age      ] GC(56) - age   3:    1391376 bytes,    6285232 total
[2022-04-22T08:19:25.816+0000][8][gc,phases   ] GC(56)   Pre Evacuate Collection Set: 0.3ms
[2022-04-22T08:19:25.818+0000][8][gc,phases   ] GC(56)   Merge Heap Roots: 0.0ms
[2022-04-22T08:19:25.819+0000][8][gc,phases   ] GC(56)   Evacuate Collection Set: 1.1ms
[2022-04-22T08:19:25.820+0000][8][gc,phases   ] GC(56)   Post Evacuate Collection Set: 0.8ms
[2022-04-22T08:19:25.821+0000][8][gc,phases   ] GC(56)   Other: 5.4ms
[2022-04-22T08:19:25.822+0000][8][gc,heap     ] GC(56) Eden regions: 66->0(67)
[2022-04-22T08:19:25.822+0000][8][gc,heap     ] GC(56) Survivor regions: 2->2(9)
[2022-04-22T08:19:25.823+0000][8][gc,heap     ] GC(56) Old regions: 26->26
[2022-04-22T08:19:25.824+0000][8][gc,heap     ] GC(56) Archive regions: 2->2
[2022-04-22T08:19:25.825+0000][8][gc,heap     ] GC(56) Humongous regions: 6->6
[2022-04-22T08:19:25.826+0000][8][gc,metaspace] GC(56) Metaspace: 106373K(107904K)->106373K(107904K) NonClass: 91924K(92864K)->91924K(92864K) Class: 14448K(15040K)->14448K(15040K)
[2022-04-22T08:19:25.826+0000][8][gc          ] GC(56) Pause Young (Normal) (G1 Evacuation Pause) 400M->136M(512M) 17.633ms
[2022-04-22T08:19:25.827+0000][8][gc,cpu      ] GC(56) User=0.01s Sys=0.00s Real=0.01s
[2022-04-22T08:19:25.828+0000][8][safepoint   ] Safepoint "G1CollectForAllocation", Time since last: 38291667 ns, Reaching safepoint: 92167 ns, At safepoint: 19942583 ns, Total: 20034750 ns
[2022-04-22T08:19:26.830+0000][8][safepoint   ] Safepoint "Cleanup", Time since last: 1001332292 ns, Reaching safepoint: 292834 ns, At safepoint: 8416 ns, Total: 301250 ns
[2022-04-22T08:19:27.832+0000][8][safepoint   ] Safepoint "Cleanup", Time since last: 1001655792 ns, Reaching safepoint: 68834 ns, At safepoint: 4125 ns, Total: 72959 ns
[2022-04-22T08:19:28.833+0000][8][safepoint   ] Safepoint "Cleanup", Time since last: 1001181750 ns, Reaching safepoint: 373667 ns, At safepoint: 24292 ns, Total: 397959 ns
[2022-04-22T08:19:29.836+0000][8][safepoint   ] Safepoint "Cleanup", Time since last: 1002343583 ns, Reaching safepoint: 81042 ns, At safepoint: 5417 ns, Total: 86459 ns
[2022-04-22T08:19:31.838+0000][8][safepoint   ] Safepoint "Cleanup", Time since last: 2002050333 ns, Reaching safepoint: 61834 ns, At safepoint: 2500 ns, Total: 64334 ns
[2022-04-22T08:19:32.168+0000][8][gc,start    ] GC(57) Pause Young (Concurrent Start) (G1 Evacuation Pause)
[2022-04-22T08:19:32.169+0000][8][gc,task     ] GC(57) Using 5 workers of 5 for evacuation
[2022-04-22T08:19:32.171+0000][8][gc,age      ] GC(57) Desired survivor size 18874368 bytes, new threshold 15 (max threshold 15)
[2022-04-22T08:19:32.175+0000][8][gc,age      ] GC(57) Age table with threshold 15 (max threshold 15)
[2022-04-22T08:19:32.177+0000][8][gc,age      ] GC(57) - age   1:    7190176 bytes,    7190176 total
[2022-04-22T08:19:32.178+0000][8][gc,age      ] GC(57) - age   2:     219904 bytes,    7410080 total
[2022-04-22T08:19:32.179+0000][8][gc,age      ] GC(57) - age   3:     665352 bytes,    8075432 total
[2022-04-22T08:19:32.180+0000][8][gc,age      ] GC(57) - age   4:    1381072 bytes,    9456504 total
[2022-04-22T08:19:32.181+0000][8][gc,phases   ] GC(57)   Pre Evacuate Collection Set: 0.5ms
[2022-04-22T08:19:32.182+0000][8][gc,phases   ] GC(57)   Merge Heap Roots: 0.1ms
[2022-04-22T08:19:32.183+0000][8][gc,phases   ] GC(57)   Evacuate Collection Set: 1.8ms
[2022-04-22T08:19:32.184+0000][8][gc,phases   ] GC(57)   Post Evacuate Collection Set: 0.8ms
[2022-04-22T08:19:32.185+0000][8][gc,phases   ] GC(57)   Other: 9.8ms
[2022-04-22T08:19:32.185+0000][8][gc,heap     ] GC(57) Eden regions: 67->0(65)
[2022-04-22T08:19:32.186+0000][8][gc,heap     ] GC(57) Survivor regions: 2->3(9)
[2022-04-22T08:19:32.187+0000][8][gc,heap     ] GC(57) Old regions: 26->26
[2022-04-22T08:19:32.187+0000][8][gc,heap     ] GC(57) Archive regions: 2->2
[2022-04-22T08:19:32.188+0000][8][gc,heap     ] GC(57) Humongous regions: 6->6
[2022-04-22T08:19:32.189+0000][8][gc,metaspace] GC(57) Metaspace: 106402K(107904K)->106402K(107904K) NonClass: 91954K(92864K)->91954K(92864K) Class: 14448K(15040K)->14448K(15040K)
[2022-04-22T08:19:32.190+0000][8][gc          ] GC(57) Pause Young (Concurrent Start) (G1 Evacuation Pause) 404M->139M(512M) 21.672ms
[2022-04-22T08:19:32.191+0000][8][gc,cpu      ] GC(57) User=0.01s Sys=0.00s Real=0.02s
[2022-04-22T08:19:32.192+0000][8][safepoint   ] Safepoint "G1CollectForAllocation", Time since last: 329898917 ns, Reaching safepoint: 98666 ns, At safepoint: 24265042 ns, Total: 24363708 ns
[2022-04-22T08:19:32.192+0000][8][gc          ] GC(58) Concurrent Mark Cycle
[2022-04-22T08:19:32.194+0000][8][gc,marking  ] GC(58) Concurrent Clear Claimed Marks
[2022-04-22T08:19:32.196+0000][8][gc,marking  ] GC(58) Concurrent Clear Claimed Marks 2.289ms
[2022-04-22T08:19:32.197+0000][8][gc,marking  ] GC(58) Concurrent Scan Root Regions
[2022-04-22T08:19:32.200+0000][8][gc,marking  ] GC(58) Concurrent Scan Root Regions 2.886ms
[2022-04-22T08:19:32.202+0000][8][gc,marking  ] GC(58) Concurrent Mark
[2022-04-22T08:19:32.203+0000][8][gc,marking  ] GC(58) Concurrent Mark From Roots
[2022-04-22T08:19:32.204+0000][8][gc,task     ] GC(58) Using 1 workers of 1 for marking
[2022-04-22T08:19:32.272+0000][8][gc,marking  ] GC(58) Concurrent Mark From Roots 68.431ms
[2022-04-22T08:19:32.273+0000][8][gc,marking  ] GC(58) Concurrent Preclean
[2022-04-22T08:19:32.276+0000][8][gc,marking  ] GC(58) Concurrent Preclean 2.761ms
[2022-04-22T08:19:32.277+0000][8][gc,start    ] GC(58) Pause Remark
[2022-04-22T08:19:32.284+0000][8][gc          ] GC(58) Pause Remark 143M->143M(512M) 7.074ms
[2022-04-22T08:19:32.285+0000][8][gc,cpu      ] GC(58) User=0.02s Sys=0.00s Real=0.01s
[2022-04-22T08:19:32.286+0000][8][safepoint   ] Safepoint "G1Concurrent", Time since last: 84326792 ns, Reaching safepoint: 105583 ns, At safepoint: 9457542 ns, Total: 9563125 ns
[2022-04-22T08:19:32.287+0000][8][gc,marking  ] GC(58) Concurrent Mark 85.162ms
[2022-04-22T08:19:32.288+0000][8][gc,marking  ] GC(58) Concurrent Rebuild Remembered Sets
[2022-04-22T08:19:32.351+0000][8][gc,marking  ] GC(58) Concurrent Rebuild Remembered Sets 63.036ms
[2022-04-22T08:19:32.352+0000][8][gc,start    ] GC(58) Pause Cleanup
[2022-04-22T08:19:32.353+0000][8][gc          ] GC(58) Pause Cleanup 147M->147M(512M) 1.174ms
[2022-04-22T08:19:32.354+0000][8][gc,cpu      ] GC(58) User=0.00s Sys=0.00s Real=0.00s
[2022-04-22T08:19:32.355+0000][8][safepoint   ] Safepoint "G1Concurrent", Time since last: 65802375 ns, Reaching safepoint: 138958 ns, At safepoint: 2625625 ns, Total: 2764583 ns
[2022-04-22T08:19:32.355+0000][8][gc,marking  ] GC(58) Concurrent Cleanup for Next Mark
[2022-04-22T08:19:32.356+0000][8][gc,marking  ] GC(58) Concurrent Cleanup for Next Mark 1.061ms
[2022-04-22T08:19:32.357+0000][8][gc          ] GC(58) Concurrent Mark Cycle 164.947ms
[2022-04-22T08:19:34.356+0000][8][safepoint   ] Safepoint "Cleanup", Time since last: 2000981959 ns, Reaching safepoint: 200834 ns, At safepoint: 178000 ns, Total: 378834 ns
[2022-04-22T08:19:36.358+0000][8][safepoint   ] Safepoint "Cleanup", Time since last: 2001213834 ns, Reaching safepoint: 285042 ns, At safepoint: 13375 ns, Total: 298417 ns
[2022-04-22T08:19:37.359+0000][8][safepoint   ] Safepoint "Cleanup", Time since last: 1000948000 ns, Reaching safepoint: 45917 ns, At safepoint: 1833 ns, Total: 47750 ns
[2022-04-22T08:19:40.583+0000][8][gc,start    ] GC(59) Pause Young (Normal) (G1 Evacuation Pause)
[2022-04-22T08:19:40.584+0000][8][gc,task     ] GC(59) Using 5 workers of 5 for evacuation
[2022-04-22T08:19:40.585+0000][8][gc,age      ] GC(59) Desired survivor size 18874368 bytes, new threshold 15 (max threshold 15)
[2022-04-22T08:19:40.589+0000][8][gc,age      ] GC(59) Age table with threshold 15 (max threshold 15)
[2022-04-22T08:19:40.590+0000][8][gc,age      ] GC(59) - age   1:   11060600 bytes,   11060600 total
[2022-04-22T08:19:40.591+0000][8][gc,age      ] GC(59) - age   2:    4327248 bytes,   15387848 total
[2022-04-22T08:19:40.592+0000][8][gc,age      ] GC(59) - age   3:     210552 bytes,   15598400 total
[2022-04-22T08:19:40.592+0000][8][gc,age      ] GC(59) - age   4:     415352 bytes,   16013752 total
[2022-04-22T08:19:40.593+0000][8][gc,age      ] GC(59) - age   5:      50264 bytes,   16064016 total
[2022-04-22T08:19:40.595+0000][8][gc,phases   ] GC(59)   Pre Evacuate Collection Set: 0.1ms
[2022-04-22T08:19:40.596+0000][8][gc,phases   ] GC(59)   Merge Heap Roots: 0.2ms
[2022-04-22T08:19:40.597+0000][8][gc,phases   ] GC(59)   Evacuate Collection Set: 2.1ms
[2022-04-22T08:19:40.598+0000][8][gc,phases   ] GC(59)   Post Evacuate Collection Set: 1.1ms
[2022-04-22T08:19:40.599+0000][8][gc,phases   ] GC(59)   Other: 9.3ms
[2022-04-22T08:19:40.600+0000][8][gc,heap     ] GC(59) Eden regions: 65->0(63)
[2022-04-22T08:19:40.601+0000][8][gc,heap     ] GC(59) Survivor regions: 3->4(9)
[2022-04-22T08:19:40.601+0000][8][gc,heap     ] GC(59) Old regions: 26->26
[2022-04-22T08:19:40.602+0000][8][gc,heap     ] GC(59) Archive regions: 2->2
[2022-04-22T08:19:40.603+0000][8][gc,heap     ] GC(59) Humongous regions: 6->6
[2022-04-22T08:19:40.603+0000][8][gc,metaspace] GC(59) Metaspace: 106415K(107968K)->106415K(107968K) NonClass: 91966K(92928K)->91966K(92928K) Class: 14448K(15040K)->14448K(15040K)
[2022-04-22T08:19:40.604+0000][8][gc          ] GC(59) Pause Young (Normal) (G1 Evacuation Pause) 399M->145M(512M) 21.224ms
[2022-04-22T08:19:40.605+0000][8][gc,cpu      ] GC(59) User=0.01s Sys=0.00s Real=0.02s
[2022-04-22T08:19:40.606+0000][8][safepoint   ] Safepoint "G1CollectForAllocation", Time since last: 3223982293 ns, Reaching safepoint: 36167 ns, At safepoint: 23006167 ns, Total: 23042334 ns
[2022-04-22T08:19:41.272+0000][8][gc,start    ] GC(60) Pause Young (Concurrent Start) (G1 Humongous Allocation)
[2022-04-22T08:19:41.273+0000][8][gc,task     ] GC(60) Using 5 workers of 5 for evacuation
[2022-04-22T08:19:41.273+0000][8][gc,age      ] GC(60) Desired survivor size 18874368 bytes, new threshold 15 (max threshold 15)
[2022-04-22T08:19:41.277+0000][8][gc,age      ] GC(60) Age table with threshold 15 (max threshold 15)
[2022-04-22T08:19:41.277+0000][8][gc,age      ] GC(60) - age   1:     391456 bytes,     391456 total
[2022-04-22T08:19:41.278+0000][8][gc,age      ] GC(60) - age   2:   11011408 bytes,   11402864 total
[2022-04-22T08:19:41.279+0000][8][gc,age      ] GC(60) - age   3:    4321872 bytes,   15724736 total
[2022-04-22T08:19:41.279+0000][8][gc,age      ] GC(60) - age   4:     210552 bytes,   15935288 total
[2022-04-22T08:19:41.280+0000][8][gc,age      ] GC(60) - age   5:     412328 bytes,   16347616 total
[2022-04-22T08:19:41.281+0000][8][gc,age      ] GC(60) - age   6:      50264 bytes,   16397880 total
[2022-04-22T08:19:41.281+0000][8][gc,phases   ] GC(60)   Pre Evacuate Collection Set: 0.3ms
[2022-04-22T08:19:41.282+0000][8][gc,phases   ] GC(60)   Merge Heap Roots: 0.1ms
[2022-04-22T08:19:41.282+0000][8][gc,phases   ] GC(60)   Evacuate Collection Set: 1.7ms
[2022-04-22T08:19:41.283+0000][8][gc,phases   ] GC(60)   Post Evacuate Collection Set: 0.7ms
[2022-04-22T08:19:41.283+0000][8][gc,phases   ] GC(60)   Other: 6.6ms
[2022-04-22T08:19:41.284+0000][8][gc,heap     ] GC(60) Eden regions: 6->0(64)
[2022-04-22T08:19:41.285+0000][8][gc,heap     ] GC(60) Survivor regions: 4->4(9)
[2022-04-22T08:19:41.285+0000][8][gc,heap     ] GC(60) Old regions: 26->26
[2022-04-22T08:19:41.286+0000][8][gc,heap     ] GC(60) Archive regions: 2->2
[2022-04-22T08:19:41.286+0000][8][gc,heap     ] GC(60) Humongous regions: 6->6
[2022-04-22T08:19:41.287+0000][8][gc,metaspace] GC(60) Metaspace: 106415K(107968K)->106415K(107968K) NonClass: 91966K(92928K)->91966K(92928K) Class: 14448K(15040K)->14448K(15040K)
[2022-04-22T08:19:41.288+0000][8][gc          ] GC(60) Pause Young (Concurrent Start) (G1 Humongous Allocation) 167M->145M(512M) 15.635ms
[2022-04-22T08:19:41.289+0000][8][gc,cpu      ] GC(60) User=0.01s Sys=0.01s Real=0.02s
[2022-04-22T08:19:41.289+0000][8][safepoint   ] Safepoint "G1TryInitiateConcMark", Time since last: 666227292 ns, Reaching safepoint: 240916 ns, At safepoint: 17337917 ns, Total: 17578833 ns
[2022-04-22T08:19:41.289+0000][8][gc          ] GC(61) Concurrent Mark Cycle
[2022-04-22T08:19:41.291+0000][8][gc,marking  ] GC(61) Concurrent Clear Claimed Marks
[2022-04-22T08:19:41.291+0000][8][gc,marking  ] GC(61) Concurrent Clear Claimed Marks 0.640ms
[2022-04-22T08:19:41.292+0000][8][gc,marking  ] GC(61) Concurrent Scan Root Regions
[2022-04-22T08:19:41.294+0000][8][gc,marking  ] GC(61) Concurrent Scan Root Regions 2.153ms
[2022-04-22T08:19:41.313+0000][8][gc,marking  ] GC(61) Concurrent Mark
[2022-04-22T08:19:41.313+0000][8][gc,marking  ] GC(61) Concurrent Mark From Roots
[2022-04-22T08:19:41.314+0000][8][gc,task     ] GC(61) Using 1 workers of 1 for marking
[2022-04-22T08:19:41.401+0000][8][gc,marking  ] GC(61) Concurrent Mark From Roots 87.577ms
[2022-04-22T08:19:41.402+0000][8][gc,marking  ] GC(61) Concurrent Preclean
[2022-04-22T08:19:41.403+0000][8][gc,marking  ] GC(61) Concurrent Preclean 1.052ms
[2022-04-22T08:19:41.404+0000][8][gc,start    ] GC(61) Pause Remark
[2022-04-22T08:19:41.410+0000][8][gc          ] GC(61) Pause Remark 153M->153M(512M) 6.551ms
[2022-04-22T08:19:41.411+0000][8][gc,cpu      ] GC(61) User=0.02s Sys=0.00s Real=0.01s
[2022-04-22T08:19:41.412+0000][8][safepoint   ] Safepoint "G1Concurrent", Time since last: 114142417 ns, Reaching safepoint: 309166 ns, At safepoint: 7862875 ns, Total: 8172041 ns
[2022-04-22T08:19:41.413+0000][8][gc,marking  ] GC(61) Concurrent Mark 100.027ms
[2022-04-22T08:19:41.413+0000][8][gc,marking  ] GC(61) Concurrent Rebuild Remembered Sets
[2022-04-22T08:19:41.450+0000][8][gc,marking  ] GC(61) Concurrent Rebuild Remembered Sets 36.098ms
[2022-04-22T08:19:41.451+0000][8][gc,start    ] GC(61) Pause Cleanup
[2022-04-22T08:19:41.452+0000][8][gc          ] GC(61) Pause Cleanup 154M->154M(512M) 1.241ms
[2022-04-22T08:19:41.453+0000][8][gc,cpu      ] GC(61) User=0.00s Sys=0.00s Real=0.00s
[2022-04-22T08:19:41.454+0000][8][safepoint   ] Safepoint "G1Concurrent", Time since last: 39393459 ns, Reaching safepoint: 37333 ns, At safepoint: 2889667 ns, Total: 2927000 ns
[2022-04-22T08:19:41.455+0000][8][gc,marking  ] GC(61) Concurrent Cleanup for Next Mark
[2022-04-22T08:19:41.457+0000][8][gc,marking  ] GC(61) Concurrent Cleanup for Next Mark 1.739ms
[2022-04-22T08:19:41.458+0000][8][gc          ] GC(61) Concurrent Mark Cycle 168.314ms
[2022-04-22T08:19:43.456+0000][8][safepoint   ] Safepoint "Cleanup", Time since last: 2001497376 ns, Reaching safepoint: 51375 ns, At safepoint: 2083 ns, Total: 53458 ns
[2022-04-22T08:19:50.115+0000][8][gc,start    ] GC(62) Pause Young (Prepare Mixed) (G1 Evacuation Pause)
[2022-04-22T08:19:50.116+0000][8][gc,task     ] GC(62) Using 5 workers of 5 for evacuation
[2022-04-22T08:19:50.117+0000][8][gc,age      ] GC(62) Desired survivor size 18874368 bytes, new threshold 15 (max threshold 15)
[2022-04-22T08:19:50.121+0000][8][gc,age      ] GC(62) Age table with threshold 15 (max threshold 15)
[2022-04-22T08:19:50.122+0000][8][gc,age      ] GC(62) - age   1:   11952984 bytes,   11952984 total
[2022-04-22T08:19:50.124+0000][8][gc,age      ] GC(62) - age   2:     325400 bytes,   12278384 total
[2022-04-22T08:19:50.125+0000][8][gc,age      ] GC(62) - age   3:    5354288 bytes,   17632672 total
[2022-04-22T08:19:50.126+0000][8][gc,age      ] GC(62) - age   4:    4255912 bytes,   21888584 total
[2022-04-22T08:19:50.126+0000][8][gc,age      ] GC(62) - age   5:     209544 bytes,   22098128 total
[2022-04-22T08:19:50.128+0000][8][gc,age      ] GC(62) - age   6:     384472 bytes,   22482600 total
[2022-04-22T08:19:50.128+0000][8][gc,age      ] GC(62) - age   7:      48232 bytes,   22530832 total
[2022-04-22T08:19:50.129+0000][8][gc,phases   ] GC(62)   Pre Evacuate Collection Set: 0.2ms
[2022-04-22T08:19:50.130+0000][8][gc,phases   ] GC(62)   Merge Heap Roots: 0.1ms
[2022-04-22T08:19:50.131+0000][8][gc,phases   ] GC(62)   Evacuate Collection Set: 2.3ms
[2022-04-22T08:19:50.131+0000][8][gc,phases   ] GC(62)   Post Evacuate Collection Set: 0.9ms
[2022-04-22T08:19:50.132+0000][8][gc,phases   ] GC(62)   Other: 10.8ms
[2022-04-22T08:19:50.133+0000][8][gc,heap     ] GC(62) Eden regions: 64->0(1)
[2022-04-22T08:19:50.133+0000][8][gc,heap     ] GC(62) Survivor regions: 4->6(9)
[2022-04-22T08:19:50.134+0000][8][gc,heap     ] GC(62) Old regions: 26->26
[2022-04-22T08:19:50.135+0000][8][gc,heap     ] GC(62) Archive regions: 2->2
[2022-04-22T08:19:50.136+0000][8][gc,heap     ] GC(62) Humongous regions: 7->7
[2022-04-22T08:19:50.137+0000][8][gc,metaspace] GC(62) Metaspace: 106415K(107968K)->106415K(107968K) NonClass: 91966K(92928K)->91966K(92928K) Class: 14448K(15040K)->14448K(15040K)
[2022-04-22T08:19:50.138+0000][8][gc          ] GC(62) Pause Young (Prepare Mixed) (G1 Evacuation Pause) 405M->156M(512M) 22.707ms
[2022-04-22T08:19:50.138+0000][8][gc,cpu      ] GC(62) User=0.01s Sys=0.01s Real=0.03s
[2022-04-22T08:19:50.139+0000][8][safepoint   ] Safepoint "G1CollectForAllocation", Time since last: 6659020420 ns, Reaching safepoint: 148750 ns, At safepoint: 23906291 ns, Total: 24055041 ns
[2022-04-22T08:19:50.284+0000][8][gc,start    ] GC(63) Pause Young (Mixed) (G1 Evacuation Pause)
[2022-04-22T08:19:50.284+0000][8][gc,task     ] GC(63) Using 5 workers of 5 for evacuation
[2022-04-22T08:19:50.285+0000][8][gc,age      ] GC(63) Desired survivor size 2097152 bytes, new threshold 1 (max threshold 15)
[2022-04-22T08:19:50.290+0000][8][gc,age      ] GC(63) Age table with threshold 1 (max threshold 15)
[2022-04-22T08:19:50.291+0000][8][gc,age      ] GC(63) - age   1:     117408 bytes,     117408 total
[2022-04-22T08:19:50.292+0000][8][gc,phases   ] GC(63)   Pre Evacuate Collection Set: 0.1ms
[2022-04-22T08:19:50.292+0000][8][gc,phases   ] GC(63)   Merge Heap Roots: 0.1ms
[2022-04-22T08:19:50.293+0000][8][gc,phases   ] GC(63)   Evacuate Collection Set: 2.1ms
[2022-04-22T08:19:50.293+0000][8][gc,phases   ] GC(63)   Post Evacuate Collection Set: 0.8ms
[2022-04-22T08:19:50.294+0000][8][gc,phases   ] GC(63)   Other: 4.9ms
[2022-04-22T08:19:50.295+0000][8][gc,heap     ] GC(63) Eden regions: 1->0(60)
[2022-04-22T08:19:50.295+0000][8][gc,heap     ] GC(63) Survivor regions: 6->1(1)
[2022-04-22T08:19:50.297+0000][8][gc,heap     ] GC(63) Old regions: 26->31
[2022-04-22T08:19:50.298+0000][8][gc,heap     ] GC(63) Archive regions: 2->2
[2022-04-22T08:19:50.299+0000][8][gc,heap     ] GC(63) Humongous regions: 7->7
[2022-04-22T08:19:50.299+0000][8][gc,metaspace] GC(63) Metaspace: 106415K(107968K)->106415K(107968K) NonClass: 91966K(92928K)->91966K(92928K) Class: 14448K(15040K)->14448K(15040K)
[2022-04-22T08:19:50.300+0000][8][gc          ] GC(63) Pause Young (Mixed) (G1 Evacuation Pause) 160M->153M(512M) 16.464ms
[2022-04-22T08:19:50.301+0000][8][gc,cpu      ] GC(63) User=0.01s Sys=0.00s Real=0.02s
[2022-04-22T08:19:50.301+0000][8][safepoint   ] Safepoint "G1CollectForAllocation", Time since last: 144835917 ns, Reaching safepoint: 117875 ns, At safepoint: 17572459 ns, Total: 17690334 ns
[2022-04-22T08:19:51.302+0000][8][safepoint   ] Safepoint "Cleanup", Time since last: 1000779875 ns, Reaching safepoint: 245542 ns, At safepoint: 4208 ns, Total: 249750 ns
[2022-04-22T08:19:58.872+0000][8][gc,start    ] GC(64) Pause Young (Normal) (G1 Evacuation Pause)
[2022-04-22T08:19:58.873+0000][8][gc,task     ] GC(64) Using 5 workers of 5 for evacuation
[2022-04-22T08:19:58.874+0000][8][gc,age      ] GC(64) Desired survivor size 16777216 bytes, new threshold 15 (max threshold 15)
[2022-04-22T08:19:58.878+0000][8][gc,age      ] GC(64) Age table with threshold 15 (max threshold 15)
[2022-04-22T08:19:58.879+0000][8][gc,age      ] GC(64) - age   1:   12632824 bytes,   12632824 total
[2022-04-22T08:19:58.880+0000][8][gc,age      ] GC(64) - age   2:      86032 bytes,   12718856 total
[2022-04-22T08:19:58.881+0000][8][gc,phases   ] GC(64)   Pre Evacuate Collection Set: 0.2ms
[2022-04-22T08:19:58.881+0000][8][gc,phases   ] GC(64)   Merge Heap Roots: 0.1ms
[2022-04-22T08:19:58.882+0000][8][gc,phases   ] GC(64)   Evacuate Collection Set: 2.6ms
[2022-04-22T08:19:58.882+0000][8][gc,phases   ] GC(64)   Post Evacuate Collection Set: 0.7ms
[2022-04-22T08:19:58.883+0000][8][gc,phases   ] GC(64)   Other: 5.1ms
[2022-04-22T08:19:58.883+0000][8][gc,heap     ] GC(64) Eden regions: 60->0(56)
[2022-04-22T08:19:58.884+0000][8][gc,heap     ] GC(64) Survivor regions: 1->4(8)
[2022-04-22T08:19:58.884+0000][8][gc,heap     ] GC(64) Old regions: 31->31
[2022-04-22T08:19:58.885+0000][8][gc,heap     ] GC(64) Archive regions: 2->2
[2022-04-22T08:19:58.886+0000][8][gc,heap     ] GC(64) Humongous regions: 7->7
[2022-04-22T08:19:58.887+0000][8][gc,metaspace] GC(64) Metaspace: 106416K(107968K)->106416K(107968K) NonClass: 91968K(92928K)->91968K(92928K) Class: 14448K(15040K)->14448K(15040K)
[2022-04-22T08:19:58.888+0000][8][gc          ] GC(64) Pause Young (Normal) (G1 Evacuation Pause) 393M->165M(512M) 15.810ms
[2022-04-22T08:19:58.888+0000][8][gc,cpu      ] GC(64) User=0.01s Sys=0.01s Real=0.02s
[2022-04-22T08:19:58.890+0000][8][safepoint   ] Safepoint "G1CollectForAllocation", Time since last: 7569475504 ns, Reaching safepoint: 74208 ns, At safepoint: 17828667 ns, Total: 17902875 ns
[2022-04-22T08:20:00.897+0000][8][safepoint   ] Safepoint "Cleanup", Time since last: 2001066834 ns, Reaching safepoint: 205166 ns, At safepoint: 7750 ns, Total: 212916 ns
[2022-04-22T08:20:01.910+0000][8][safepoint   ] Safepoint "Cleanup", Time since last: 1013496792 ns, Reaching safepoint: 120750 ns, At safepoint: 4625 ns, Total: 125375 ns
[2022-04-22T08:20:03.195+0000][8][gc,start    ] GC(65) Pause Young (Concurrent Start) (G1 Humongous Allocation)
[2022-04-22T08:20:03.196+0000][8][gc,task     ] GC(65) Using 5 workers of 5 for evacuation
[2022-04-22T08:20:03.197+0000][8][gc,age      ] GC(65) Desired survivor size 16777216 bytes, new threshold 15 (max threshold 15)
[2022-04-22T08:20:03.200+0000][8][gc,age      ] GC(65) Age table with threshold 15 (max threshold 15)
[2022-04-22T08:20:03.201+0000][8][gc,age      ] GC(65) - age   1:   11883184 bytes,   11883184 total
[2022-04-22T08:20:03.202+0000][8][gc,age      ] GC(65) - age   2:    4523208 bytes,   16406392 total
[2022-04-22T08:20:03.203+0000][8][gc,age      ] GC(65) - age   3:      84768 bytes,   16491160 total
[2022-04-22T08:20:03.203+0000][8][gc,phases   ] GC(65)   Pre Evacuate Collection Set: 0.2ms
[2022-04-22T08:20:03.204+0000][8][gc,phases   ] GC(65)   Merge Heap Roots: 0.1ms
[2022-04-22T08:20:03.205+0000][8][gc,phases   ] GC(65)   Evacuate Collection Set: 1.8ms
[2022-04-22T08:20:03.205+0000][8][gc,phases   ] GC(65)   Post Evacuate Collection Set: 0.9ms
[2022-04-22T08:20:03.206+0000][8][gc,phases   ] GC(65)   Other: 5.3ms
[2022-04-22T08:20:03.207+0000][8][gc,heap     ] GC(65) Eden regions: 34->0(54)
[2022-04-22T08:20:03.208+0000][8][gc,heap     ] GC(65) Survivor regions: 4->5(8)
[2022-04-22T08:20:03.209+0000][8][gc,heap     ] GC(65) Old regions: 31->31
[2022-04-22T08:20:03.210+0000][8][gc,heap     ] GC(65) Archive regions: 2->2
[2022-04-22T08:20:03.211+0000][8][gc,heap     ] GC(65) Humongous regions: 7->7
[2022-04-22T08:20:03.211+0000][8][gc,metaspace] GC(65) Metaspace: 106416K(107968K)->106416K(107968K) NonClass: 91968K(92928K)->91968K(92928K) Class: 14448K(15040K)->14448K(15040K)
[2022-04-22T08:20:03.212+0000][8][gc          ] GC(65) Pause Young (Concurrent Start) (G1 Humongous Allocation) 301M->170M(512M) 16.967ms
[2022-04-22T08:20:03.213+0000][8][gc,cpu      ] GC(65) User=0.01s Sys=0.00s Real=0.01s
[2022-04-22T08:20:03.213+0000][8][safepoint   ] Safepoint "G1TryInitiateConcMark", Time since last: 1284361584 ns, Reaching safepoint: 273959 ns, At safepoint: 18315750 ns, Total: 18589709 ns
[2022-04-22T08:20:03.213+0000][8][gc          ] GC(66) Concurrent Mark Cycle
[2022-04-22T08:20:03.214+0000][8][gc,marking  ] GC(66) Concurrent Clear Claimed Marks
[2022-04-22T08:20:03.215+0000][8][gc,marking  ] GC(66) Concurrent Clear Claimed Marks 0.626ms
[2022-04-22T08:20:03.216+0000][8][gc,marking  ] GC(66) Concurrent Scan Root Regions
[2022-04-22T08:20:03.218+0000][8][gc,marking  ] GC(66) Concurrent Scan Root Regions 1.888ms
[2022-04-22T08:20:03.220+0000][8][gc,marking  ] GC(66) Concurrent Mark
[2022-04-22T08:20:03.220+0000][8][gc,marking  ] GC(66) Concurrent Mark From Roots
[2022-04-22T08:20:03.221+0000][8][gc,task     ] GC(66) Using 1 workers of 1 for marking
[2022-04-22T08:20:03.285+0000][8][gc,marking  ] GC(66) Concurrent Mark From Roots 64.529ms
[2022-04-22T08:20:03.286+0000][8][gc,marking  ] GC(66) Concurrent Preclean
[2022-04-22T08:20:03.287+0000][8][gc,marking  ] GC(66) Concurrent Preclean 1.503ms
[2022-04-22T08:20:03.289+0000][8][gc,start    ] GC(66) Pause Remark
[2022-04-22T08:20:03.298+0000][8][gc          ] GC(66) Pause Remark 181M->181M(512M) 8.160ms
[2022-04-22T08:20:03.299+0000][8][gc,cpu      ] GC(66) User=0.02s Sys=0.00s Real=0.01s
[2022-04-22T08:20:03.300+0000][8][safepoint   ] Safepoint "G1Concurrent", Time since last: 75869041 ns, Reaching safepoint: 138542 ns, At safepoint: 10321875 ns, Total: 10460417 ns
[2022-04-22T08:20:03.301+0000][8][gc,marking  ] GC(66) Concurrent Mark 81.040ms
[2022-04-22T08:20:03.301+0000][8][gc,marking  ] GC(66) Concurrent Rebuild Remembered Sets
[2022-04-22T08:20:03.342+0000][8][gc,marking  ] GC(66) Concurrent Rebuild Remembered Sets 40.562ms
[2022-04-22T08:20:03.343+0000][8][gc,start    ] GC(66) Pause Cleanup
[2022-04-22T08:20:03.344+0000][8][gc          ] GC(66) Pause Cleanup 182M->182M(512M) 1.027ms
[2022-04-22T08:20:03.345+0000][8][gc,cpu      ] GC(66) User=0.00s Sys=0.00s Real=0.01s
[2022-04-22T08:20:03.346+0000][8][safepoint   ] Safepoint "G1Concurrent", Time since last: 43283500 ns, Reaching safepoint: 35958 ns, At safepoint: 2746625 ns, Total: 2782583 ns
[2022-04-22T08:20:03.346+0000][8][gc,marking  ] GC(66) Concurrent Cleanup for Next Mark
[2022-04-22T08:20:03.348+0000][8][gc,marking  ] GC(66) Concurrent Cleanup for Next Mark 1.231ms
[2022-04-22T08:20:03.348+0000][8][gc          ] GC(66) Concurrent Mark Cycle 135.040ms
[2022-04-22T08:20:04.347+0000][8][safepoint   ] Safepoint "Cleanup", Time since last: 1000853043 ns, Reaching safepoint: 66500 ns, At safepoint: 3708 ns, Total: 70208 ns
[2022-04-22T08:20:09.327+0000][8][gc,start    ] GC(67) Pause Young (Prepare Mixed) (G1 Evacuation Pause)
[2022-04-22T08:20:09.328+0000][8][gc,task     ] GC(67) Using 5 workers of 5 for evacuation
[2022-04-22T08:20:09.329+0000][8][gc,age      ] GC(67) Desired survivor size 16777216 bytes, new threshold 15 (max threshold 15)
[2022-04-22T08:20:09.333+0000][8][gc,age      ] GC(67) Age table with threshold 15 (max threshold 15)
[2022-04-22T08:20:09.334+0000][8][gc,age      ] GC(67) - age   1:   16505640 bytes,   16505640 total
[2022-04-22T08:20:09.334+0000][8][gc,age      ] GC(67) - age   2:    2811368 bytes,   19317008 total
[2022-04-22T08:20:09.335+0000][8][gc,age      ] GC(67) - age   3:    4441048 bytes,   23758056 total
[2022-04-22T08:20:09.336+0000][8][gc,age      ] GC(67) - age   4:      82496 bytes,   23840552 total
[2022-04-22T08:20:09.337+0000][8][gc,phases   ] GC(67)   Pre Evacuate Collection Set: 0.1ms
[2022-04-22T08:20:09.338+0000][8][gc,phases   ] GC(67)   Merge Heap Roots: 0.1ms
[2022-04-22T08:20:09.338+0000][8][gc,phases   ] GC(67)   Evacuate Collection Set: 2.1ms
[2022-04-22T08:20:09.339+0000][8][gc,phases   ] GC(67)   Post Evacuate Collection Set: 0.9ms
[2022-04-22T08:20:09.340+0000][8][gc,phases   ] GC(67)   Other: 6.9ms
[2022-04-22T08:20:09.340+0000][8][gc,heap     ] GC(67) Eden regions: 54->0(1)
[2022-04-22T08:20:09.341+0000][8][gc,heap     ] GC(67) Survivor regions: 5->7(8)
[2022-04-22T08:20:09.342+0000][8][gc,heap     ] GC(67) Old regions: 31->31
[2022-04-22T08:20:09.342+0000][8][gc,heap     ] GC(67) Archive regions: 2->2
[2022-04-22T08:20:09.343+0000][8][gc,heap     ] GC(67) Humongous regions: 9->8
[2022-04-22T08:20:09.343+0000][8][gc,metaspace] GC(67) Metaspace: 106417K(107968K)->106417K(107968K) NonClass: 91968K(92928K)->91968K(92928K) Class: 14448K(15040K)->14448K(15040K)
[2022-04-22T08:20:09.344+0000][8][gc          ] GC(67) Pause Young (Prepare Mixed) (G1 Evacuation Pause) 394M->183M(512M) 16.907ms
[2022-04-22T08:20:09.345+0000][8][gc,cpu      ] GC(67) User=0.01s Sys=0.00s Real=0.02s
[2022-04-22T08:20:09.345+0000][8][safepoint   ] Safepoint "G1CollectForAllocation", Time since last: 4980325044 ns, Reaching safepoint: 44875 ns, At safepoint: 18034375 ns, Total: 18079250 ns
[2022-04-22T08:20:09.455+0000][8][gc,start    ] GC(68) Pause Young (Mixed) (G1 Evacuation Pause)
[2022-04-22T08:20:09.456+0000][8][gc,task     ] GC(68) Using 5 workers of 5 for evacuation
[2022-04-22T08:20:09.456+0000][8][gc,age      ] GC(68) Desired survivor size 2097152 bytes, new threshold 1 (max threshold 15)
[2022-04-22T08:20:09.461+0000][8][gc,age      ] GC(68) Age table with threshold 1 (max threshold 15)
[2022-04-22T08:20:09.462+0000][8][gc,age      ] GC(68) - age   1:     112872 bytes,     112872 total
[2022-04-22T08:20:09.463+0000][8][gc,phases   ] GC(68)   Pre Evacuate Collection Set: 0.2ms
[2022-04-22T08:20:09.464+0000][8][gc,phases   ] GC(68)   Merge Heap Roots: 0.2ms
[2022-04-22T08:20:09.464+0000][8][gc,phases   ] GC(68)   Evacuate Collection Set: 2.0ms
[2022-04-22T08:20:09.465+0000][8][gc,phases   ] GC(68)   Post Evacuate Collection Set: 0.7ms
[2022-04-22T08:20:09.466+0000][8][gc,phases   ] GC(68)   Other: 4.9ms
[2022-04-22T08:20:09.467+0000][8][gc,heap     ] GC(68) Eden regions: 1->0(51)
[2022-04-22T08:20:09.467+0000][8][gc,heap     ] GC(68) Survivor regions: 7->1(1)
[2022-04-22T08:20:09.468+0000][8][gc,heap     ] GC(68) Old regions: 31->35
[2022-04-22T08:20:09.469+0000][8][gc,heap     ] GC(68) Archive regions: 2->2
[2022-04-22T08:20:09.469+0000][8][gc,heap     ] GC(68) Humongous regions: 8->8
[2022-04-22T08:20:09.470+0000][8][gc,metaspace] GC(68) Metaspace: 106417K(107968K)->106417K(107968K) NonClass: 91968K(92928K)->91968K(92928K) Class: 14448K(15040K)->14448K(15040K)
[2022-04-22T08:20:09.470+0000][8][gc          ] GC(68) Pause Young (Mixed) (G1 Evacuation Pause) 187M->173M(512M) 15.278ms
[2022-04-22T08:20:09.471+0000][8][gc,cpu      ] GC(68) User=0.01s Sys=0.00s Real=0.01s
[2022-04-22T08:20:09.472+0000][8][safepoint   ] Safepoint "G1CollectForAllocation", Time since last: 110017625 ns, Reaching safepoint: 98125 ns, At safepoint: 16871375 ns, Total: 16969500 ns
[2022-04-22T08:20:10.474+0000][8][safepoint   ] Safepoint "Cleanup", Time since last: 1001763792 ns, Reaching safepoint: 282209 ns, At safepoint: 6333 ns, Total: 288542 ns
[2022-04-22T08:20:11.475+0000][8][safepoint   ] Safepoint "Cleanup", Time since last: 1001131500 ns, Reaching safepoint: 51834 ns, At safepoint: 2583 ns, Total: 54417 ns
[2022-04-22T08:20:14.479+0000][8][safepoint   ] Safepoint "Cleanup", Time since last: 3003629751 ns, Reaching safepoint: 52667 ns, At safepoint: 2375 ns, Total: 55042 ns
[2022-04-22T08:20:15.480+0000][8][safepoint   ] Safepoint "Cleanup", Time since last: 1001045917 ns, Reaching safepoint: 255875 ns, At safepoint: 11084 ns, Total: 266959 ns
[2022-04-22T08:20:15.777+0000][8][gc,start    ] GC(69) Pause Young (Normal) (G1 Evacuation Pause)
[2022-04-22T08:20:15.778+0000][8][gc,task     ] GC(69) Using 5 workers of 5 for evacuation
[2022-04-22T08:20:15.778+0000][8][gc,age      ] GC(69) Desired survivor size 14680064 bytes, new threshold 15 (max threshold 15)
[2022-04-22T08:20:15.782+0000][8][gc,age      ] GC(69) Age table with threshold 15 (max threshold 15)
[2022-04-22T08:20:15.783+0000][8][gc,age      ] GC(69) - age   1:   17106712 bytes,   17106712 total
[2022-04-22T08:20:15.784+0000][8][gc,age      ] GC(69) - age   2:     104936 bytes,   17211648 total
[2022-04-22T08:20:15.785+0000][8][gc,phases   ] GC(69)   Pre Evacuate Collection Set: 0.2ms
[2022-04-22T08:20:15.786+0000][8][gc,phases   ] GC(69)   Merge Heap Roots: 0.1ms
[2022-04-22T08:20:15.787+0000][8][gc,phases   ] GC(69)   Evacuate Collection Set: 1.5ms
[2022-04-22T08:20:15.787+0000][8][gc,phases   ] GC(69)   Post Evacuate Collection Set: 0.7ms
[2022-04-22T08:20:15.788+0000][8][gc,phases   ] GC(69)   Other: 6.3ms
[2022-04-22T08:20:15.789+0000][8][gc,heap     ] GC(69) Eden regions: 51->0(46)
[2022-04-22T08:20:15.789+0000][8][gc,heap     ] GC(69) Survivor regions: 1->5(7)
[2022-04-22T08:20:15.790+0000][8][gc,heap     ] GC(69) Old regions: 35->35
[2022-04-22T08:20:15.791+0000][8][gc,heap     ] GC(69) Archive regions: 2->2
[2022-04-22T08:20:15.791+0000][8][gc,heap     ] GC(69) Humongous regions: 8->8
[2022-04-22T08:20:15.792+0000][8][gc,metaspace] GC(69) Metaspace: 106418K(107968K)->106418K(107968K) NonClass: 91970K(92928K)->91970K(92928K) Class: 14448K(15040K)->14448K(15040K)
[2022-04-22T08:20:15.793+0000][8][gc          ] GC(69) Pause Young (Normal) (G1 Evacuation Pause) 377M->192M(512M) 16.179ms
[2022-04-22T08:20:15.794+0000][8][gc,cpu      ] GC(69) User=0.01s Sys=0.00s Real=0.01s
[2022-04-22T08:20:15.796+0000][8][safepoint   ] Safepoint "G1CollectForAllocation", Time since last: 296094166 ns, Reaching safepoint: 137250 ns, At safepoint: 19063500 ns, Total: 19200750 ns
[2022-04-22T08:20:19.797+0000][8][safepoint   ] Safepoint "Cleanup", Time since last: 4001633836 ns, Reaching safepoint: 67375 ns, At safepoint: 5458 ns, Total: 72833 ns
[2022-04-22T08:20:20.350+0000][8][gc,start    ] GC(70) Pause Young (Normal) (G1 Evacuation Pause)
[2022-04-22T08:20:20.351+0000][8][gc,task     ] GC(70) Using 5 workers of 5 for evacuation
[2022-04-22T08:20:20.352+0000][8][gc,age      ] GC(70) Desired survivor size 14680064 bytes, new threshold 1 (max threshold 15)
[2022-04-22T08:20:20.356+0000][8][gc,age      ] GC(70) Age table with threshold 1 (max threshold 15)
[2022-04-22T08:20:20.357+0000][8][gc,age      ] GC(70) - age   1:   18769000 bytes,   18769000 total
[2022-04-22T08:20:20.358+0000][8][gc,phases   ] GC(70)   Pre Evacuate Collection Set: 0.1ms
[2022-04-22T08:20:20.358+0000][8][gc,phases   ] GC(70)   Merge Heap Roots: 0.1ms
[2022-04-22T08:20:20.359+0000][8][gc,phases   ] GC(70)   Evacuate Collection Set: 2.3ms
[2022-04-22T08:20:20.359+0000][8][gc,phases   ] GC(70)   Post Evacuate Collection Set: 0.8ms
[2022-04-22T08:20:20.361+0000][8][gc,phases   ] GC(70)   Other: 4.8ms
[2022-04-22T08:20:20.361+0000][8][gc,heap     ] GC(70) Eden regions: 46->0(44)
[2022-04-22T08:20:20.362+0000][8][gc,heap     ] GC(70) Survivor regions: 5->6(7)
[2022-04-22T08:20:20.363+0000][8][gc,heap     ] GC(70) Old regions: 35->36
[2022-04-22T08:20:20.364+0000][8][gc,heap     ] GC(70) Archive regions: 2->2
[2022-04-22T08:20:20.364+0000][8][gc,heap     ] GC(70) Humongous regions: 8->8
[2022-04-22T08:20:20.365+0000][8][gc,metaspace] GC(70) Metaspace: 106428K(107968K)->106428K(107968K) NonClass: 91979K(92928K)->91979K(92928K) Class: 14448K(15040K)->14448K(15040K)
[2022-04-22T08:20:20.365+0000][8][gc          ] GC(70) Pause Young (Normal) (G1 Evacuation Pause) 376M->199M(512M) 15.471ms
[2022-04-22T08:20:20.366+0000][8][gc,cpu      ] GC(70) User=0.01s Sys=0.00s Real=0.02s
[2022-04-22T08:20:20.367+0000][8][safepoint   ] Safepoint "G1CollectForAllocation", Time since last: 552277709 ns, Reaching safepoint: 182708 ns, At safepoint: 16760542 ns, Total: 16943250 ns
[2022-04-22T08:20:21.368+0000][8][safepoint   ] Safepoint "Cleanup", Time since last: 1000873917 ns, Reaching safepoint: 168000 ns, At safepoint: 4041 ns, Total: 172041 ns
[2022-04-22T08:20:22.369+0000][8][safepoint   ] Safepoint "Cleanup", Time since last: 1000946168 ns, Reaching safepoint: 129666 ns, At safepoint: 3917 ns, Total: 133583 ns
[2022-04-22T08:20:23.370+0000][8][safepoint   ] Safepoint "Cleanup", Time since last: 1000792334 ns, Reaching safepoint: 68916 ns, At safepoint: 56792 ns, Total: 125708 ns
[2022-04-22T08:20:24.865+0000][8][gc,start    ] GC(71) Pause Young (Normal) (G1 Evacuation Pause)
[2022-04-22T08:20:24.865+0000][8][gc,task     ] GC(71) Using 5 workers of 5 for evacuation
[2022-04-22T08:20:24.866+0000][8][gc,age      ] GC(71) Desired survivor size 14680064 bytes, new threshold 1 (max threshold 15)
[2022-04-22T08:20:24.870+0000][8][gc,age      ] GC(71) Age table with threshold 1 (max threshold 15)
[2022-04-22T08:20:24.871+0000][8][gc,age      ] GC(71) - age   1:   20110248 bytes,   20110248 total
[2022-04-22T08:20:24.872+0000][8][gc,phases   ] GC(71)   Pre Evacuate Collection Set: 0.1ms
[2022-04-22T08:20:24.873+0000][8][gc,phases   ] GC(71)   Merge Heap Roots: 0.0ms
[2022-04-22T08:20:24.873+0000][8][gc,phases   ] GC(71)   Evacuate Collection Set: 2.0ms
[2022-04-22T08:20:24.874+0000][8][gc,phases   ] GC(71)   Post Evacuate Collection Set: 0.9ms
[2022-04-22T08:20:24.875+0000][8][gc,phases   ] GC(71)   Other: 4.0ms
[2022-04-22T08:20:24.876+0000][8][gc,heap     ] GC(71) Eden regions: 44->0(41)
[2022-04-22T08:20:24.877+0000][8][gc,heap     ] GC(71) Survivor regions: 6->6(7)
[2022-04-22T08:20:24.878+0000][8][gc,heap     ] GC(71) Old regions: 36->38
[2022-04-22T08:20:24.879+0000][8][gc,heap     ] GC(71) Archive regions: 2->2
[2022-04-22T08:20:24.880+0000][8][gc,heap     ] GC(71) Humongous regions: 8->8
[2022-04-22T08:20:24.881+0000][8][gc,metaspace] GC(71) Metaspace: 106433K(107968K)->106433K(107968K) NonClass: 91984K(92928K)->91984K(92928K) Class: 14448K(15040K)->14448K(15040K)
[2022-04-22T08:20:24.882+0000][8][gc          ] GC(71) Pause Young (Normal) (G1 Evacuation Pause) 375M->206M(512M) 16.704ms
[2022-04-22T08:20:24.882+0000][8][gc,cpu      ] GC(71) User=0.00s Sys=0.00s Real=0.01s
[2022-04-22T08:20:24.883+0000][8][safepoint   ] Safepoint "G1CollectForAllocation", Time since last: 1494955084 ns, Reaching safepoint: 233083 ns, At safepoint: 18003792 ns, Total: 18236875 ns
[2022-04-22T08:20:26.704+0000][8][gc,start    ] GC(72) Pause Young (Normal) (G1 Evacuation Pause)
[2022-04-22T08:20:26.704+0000][8][gc,task     ] GC(72) Using 5 workers of 5 for evacuation
[2022-04-22T08:20:26.705+0000][8][gc,age      ] GC(72) Desired survivor size 12582912 bytes, new threshold 1 (max threshold 15)
[2022-04-22T08:20:26.708+0000][8][gc,age      ] GC(72) Age table with threshold 1 (max threshold 15)
[2022-04-22T08:20:26.709+0000][8][gc,age      ] GC(72) - age   1:     102440 bytes,     102440 total
[2022-04-22T08:20:26.710+0000][8][gc,phases   ] GC(72)   Pre Evacuate Collection Set: 0.1ms
[2022-04-22T08:20:26.710+0000][8][gc,phases   ] GC(72)   Merge Heap Roots: 0.0ms
[2022-04-22T08:20:26.711+0000][8][gc,phases   ] GC(72)   Evacuate Collection Set: 1.1ms
[2022-04-22T08:20:26.712+0000][8][gc,phases   ] GC(72)   Post Evacuate Collection Set: 0.7ms
[2022-04-22T08:20:26.712+0000][8][gc,phases   ] GC(72)   Other: 4.2ms
[2022-04-22T08:20:26.713+0000][8][gc,heap     ] GC(72) Eden regions: 41->0(43)
[2022-04-22T08:20:26.714+0000][8][gc,heap     ] GC(72) Survivor regions: 6->1(6)
[2022-04-22T08:20:26.714+0000][8][gc,heap     ] GC(72) Old regions: 38->43
[2022-04-22T08:20:26.715+0000][8][gc,heap     ] GC(72) Archive regions: 2->2
[2022-04-22T08:20:26.715+0000][8][gc,heap     ] GC(72) Humongous regions: 8->8
[2022-04-22T08:20:26.716+0000][8][gc,metaspace] GC(72) Metaspace: 106433K(107968K)->106433K(107968K) NonClass: 91984K(92928K)->91984K(92928K) Class: 14448K(15040K)->14448K(15040K)
[2022-04-22T08:20:26.716+0000][8][gc          ] GC(72) Pause Young (Normal) (G1 Evacuation Pause) 370M->205M(512M) 12.789ms
[2022-04-22T08:20:26.717+0000][8][gc,cpu      ] GC(72) User=0.01s Sys=0.00s Real=0.02s
[2022-04-22T08:20:26.718+0000][8][safepoint   ] Safepoint "G1CollectForAllocation", Time since last: 1820672959 ns, Reaching safepoint: 141542 ns, At safepoint: 14357083 ns, Total: 14498625 ns
[2022-04-22T08:20:28.309+0000][8][gc,start    ] GC(73) Pause Young (Concurrent Start) (G1 Evacuation Pause)
[2022-04-22T08:20:28.310+0000][8][gc,task     ] GC(73) Using 5 workers of 5 for evacuation
[2022-04-22T08:20:28.310+0000][8][gc,age      ] GC(73) Desired survivor size 12582912 bytes, new threshold 15 (max threshold 15)
[2022-04-22T08:20:28.315+0000][8][gc,age      ] GC(73) Age table with threshold 15 (max threshold 15)
[2022-04-22T08:20:28.316+0000][8][gc,age      ] GC(73) - age   1:     209664 bytes,     209664 total
[2022-04-22T08:20:28.316+0000][8][gc,age      ] GC(73) - age   2:      90240 bytes,     299904 total
[2022-04-22T08:20:28.317+0000][8][gc,phases   ] GC(73)   Pre Evacuate Collection Set: 0.2ms
[2022-04-22T08:20:28.318+0000][8][gc,phases   ] GC(73)   Merge Heap Roots: 0.0ms
[2022-04-22T08:20:28.319+0000][8][gc,phases   ] GC(73)   Evacuate Collection Set: 2.5ms
[2022-04-22T08:20:28.319+0000][8][gc,phases   ] GC(73)   Post Evacuate Collection Set: 0.7ms
[2022-04-22T08:20:28.320+0000][8][gc,phases   ] GC(73)   Other: 4.9ms
[2022-04-22T08:20:28.321+0000][8][gc,heap     ] GC(73) Eden regions: 43->0(45)
[2022-04-22T08:20:28.322+0000][8][gc,heap     ] GC(73) Survivor regions: 1->1(6)
[2022-04-22T08:20:28.323+0000][8][gc,heap     ] GC(73) Old regions: 43->43
[2022-04-22T08:20:28.323+0000][8][gc,heap     ] GC(73) Archive regions: 2->2
[2022-04-22T08:20:28.324+0000][8][gc,heap     ] GC(73) Humongous regions: 8->8
[2022-04-22T08:20:28.325+0000][8][gc,metaspace] GC(73) Metaspace: 106433K(107968K)->106433K(107968K) NonClass: 91985K(92928K)->91985K(92928K) Class: 14448K(15040K)->14448K(15040K)
[2022-04-22T08:20:28.326+0000][8][gc          ] GC(73) Pause Young (Concurrent Start) (G1 Evacuation Pause) 377M->206M(512M) 17.232ms
[2022-04-22T08:20:28.327+0000][8][gc,cpu      ] GC(73) User=0.01s Sys=0.00s Real=0.02s
[2022-04-22T08:20:28.328+0000][8][safepoint   ] Safepoint "G1CollectForAllocation", Time since last: 1590856084 ns, Reaching safepoint: 128917 ns, At safepoint: 18822500 ns, Total: 18951417 ns
[2022-04-22T08:20:28.328+0000][8][gc          ] GC(74) Concurrent Mark Cycle
[2022-04-22T08:20:28.330+0000][8][gc,marking  ] GC(74) Concurrent Clear Claimed Marks
[2022-04-22T08:20:28.331+0000][8][gc,marking  ] GC(74) Concurrent Clear Claimed Marks 1.031ms
[2022-04-22T08:20:28.331+0000][8][gc,marking  ] GC(74) Concurrent Scan Root Regions
[2022-04-22T08:20:28.333+0000][8][gc,marking  ] GC(74) Concurrent Scan Root Regions 1.435ms
[2022-04-22T08:20:28.334+0000][8][gc,marking  ] GC(74) Concurrent Mark
[2022-04-22T08:20:28.334+0000][8][gc,marking  ] GC(74) Concurrent Mark From Roots
[2022-04-22T08:20:28.335+0000][8][gc,task     ] GC(74) Using 1 workers of 1 for marking
[2022-04-22T08:20:28.406+0000][8][gc,marking  ] GC(74) Concurrent Mark From Roots 71.454ms
[2022-04-22T08:20:28.407+0000][8][gc,marking  ] GC(74) Concurrent Preclean
[2022-04-22T08:20:28.408+0000][8][gc,marking  ] GC(74) Concurrent Preclean 1.044ms
[2022-04-22T08:20:28.410+0000][8][gc,start    ] GC(74) Pause Remark
[2022-04-22T08:20:28.416+0000][8][gc          ] GC(74) Pause Remark 216M->216M(512M) 6.323ms
[2022-04-22T08:20:28.417+0000][8][gc,cpu      ] GC(74) User=0.01s Sys=0.00s Real=0.01s
[2022-04-22T08:20:28.418+0000][8][safepoint   ] Safepoint "G1Concurrent", Time since last: 81595000 ns, Reaching safepoint: 345792 ns, At safepoint: 8068875 ns, Total: 8414667 ns
[2022-04-22T08:20:28.418+0000][8][gc,marking  ] GC(74) Concurrent Mark 84.951ms
[2022-04-22T08:20:28.420+0000][8][gc,marking  ] GC(74) Concurrent Rebuild Remembered Sets
[2022-04-22T08:20:28.462+0000][8][gc,marking  ] GC(74) Concurrent Rebuild Remembered Sets 42.874ms
[2022-04-22T08:20:28.463+0000][8][gc,start    ] GC(74) Pause Cleanup
[2022-04-22T08:20:28.464+0000][8][gc          ] GC(74) Pause Cleanup 220M->220M(512M) 0.943ms
[2022-04-22T08:20:28.465+0000][8][gc,cpu      ] GC(74) User=0.00s Sys=0.01s Real=0.01s
[2022-04-22T08:20:28.466+0000][8][safepoint   ] Safepoint "G1Concurrent", Time since last: 45507750 ns, Reaching safepoint: 185875 ns, At safepoint: 2435125 ns, Total: 2621000 ns
[2022-04-22T08:20:28.467+0000][8][gc,marking  ] GC(74) Concurrent Cleanup for Next Mark
[2022-04-22T08:20:28.468+0000][8][gc,marking  ] GC(74) Concurrent Cleanup for Next Mark 1.150ms
[2022-04-22T08:20:28.468+0000][8][gc          ] GC(74) Concurrent Mark Cycle 140.502ms
[2022-04-22T08:20:30.467+0000][8][safepoint   ] Safepoint "Cleanup", Time since last: 2000898376 ns, Reaching safepoint: 286625 ns, At safepoint: 9333 ns, Total: 295958 ns
[2022-04-22T08:20:35.464+0000][8][safepoint   ] Safepoint "Cleanup", Time since last: 5001905419 ns, Reaching safepoint: 115250 ns, At safepoint: 4541 ns, Total: 119791 ns
[2022-04-22T08:20:35.835+0000][8][gc,start    ] GC(75) Pause Young (Prepare Mixed) (G1 Evacuation Pause)
[2022-04-22T08:20:35.836+0000][8][gc,task     ] GC(75) Using 5 workers of 5 for evacuation
[2022-04-22T08:20:35.838+0000][8][gc,age      ] GC(75) Desired survivor size 12582912 bytes, new threshold 15 (max threshold 15)
[2022-04-22T08:20:35.842+0000][8][gc,age      ] GC(75) Age table with threshold 15 (max threshold 15)
[2022-04-22T08:20:35.843+0000][8][gc,age      ] GC(75) - age   1:    3108776 bytes,    3108776 total
[2022-04-22T08:20:35.844+0000][8][gc,age      ] GC(75) - age   2:      14832 bytes,    3123608 total
[2022-04-22T08:20:35.845+0000][8][gc,age      ] GC(75) - age   3:      10336 bytes,    3133944 total
[2022-04-22T08:20:35.846+0000][8][gc,phases   ] GC(75)   Pre Evacuate Collection Set: 0.6ms
[2022-04-22T08:20:35.848+0000][8][gc,phases   ] GC(75)   Merge Heap Roots: 0.2ms
[2022-04-22T08:20:35.849+0000][8][gc,phases   ] GC(75)   Evacuate Collection Set: 2.1ms
[2022-04-22T08:20:35.850+0000][8][gc,phases   ] GC(75)   Post Evacuate Collection Set: 0.8ms
[2022-04-22T08:20:35.851+0000][8][gc,phases   ] GC(75)   Other: 7.8ms
[2022-04-22T08:20:35.852+0000][8][gc,heap     ] GC(75) Eden regions: 45->0(5)
[2022-04-22T08:20:35.853+0000][8][gc,heap     ] GC(75) Survivor regions: 1->1(6)
[2022-04-22T08:20:35.854+0000][8][gc,heap     ] GC(75) Old regions: 43->43
[2022-04-22T08:20:35.855+0000][8][gc,heap     ] GC(75) Archive regions: 2->2
[2022-04-22T08:20:35.856+0000][8][gc,heap     ] GC(75) Humongous regions: 8->8
[2022-04-22T08:20:35.857+0000][8][gc,metaspace] GC(75) Metaspace: 106436K(107968K)->106436K(107968K) NonClass: 91988K(92928K)->91988K(92928K) Class: 14448K(15040K)->14448K(15040K)
[2022-04-22T08:20:35.858+0000][8][gc          ] GC(75) Pause Young (Prepare Mixed) (G1 Evacuation Pause) 386M->208M(512M) 23.026ms
[2022-04-22T08:20:35.859+0000][8][gc,cpu      ] GC(75) User=0.01s Sys=0.01s Real=0.03s
[2022-04-22T08:20:35.859+0000][8][safepoint   ] Safepoint "G1CollectForAllocation", Time since last: 370785084 ns, Reaching safepoint: 198667 ns, At safepoint: 24461708 ns, Total: 24660375 ns
[2022-04-22T08:20:36.351+0000][8][gc,start    ] GC(76) Pause Young (Mixed) (G1 Evacuation Pause)
[2022-04-22T08:20:36.351+0000][8][gc,task     ] GC(76) Using 5 workers of 5 for evacuation
[2022-04-22T08:20:36.352+0000][8][gc,age      ] GC(76) Desired survivor size 2097152 bytes, new threshold 1 (max threshold 15)
[2022-04-22T08:20:36.358+0000][8][gc,age      ] GC(76) Age table with threshold 1 (max threshold 15)
[2022-04-22T08:20:36.359+0000][8][gc,age      ] GC(76) - age   1:    2398208 bytes,    2398208 total
[2022-04-22T08:20:36.360+0000][8][gc,phases   ] GC(76)   Pre Evacuate Collection Set: 0.2ms
[2022-04-22T08:20:36.361+0000][8][gc,phases   ] GC(76)   Merge Heap Roots: 0.3ms
[2022-04-22T08:20:36.362+0000][8][gc,phases   ] GC(76)   Evacuate Collection Set: 3.9ms
[2022-04-22T08:20:36.362+0000][8][gc,phases   ] GC(76)   Post Evacuate Collection Set: 0.7ms
[2022-04-22T08:20:36.363+0000][8][gc,phases   ] GC(76)   Other: 4.1ms
[2022-04-22T08:20:36.364+0000][8][gc,heap     ] GC(76) Eden regions: 5->0(50)
[2022-04-22T08:20:36.365+0000][8][gc,heap     ] GC(76) Survivor regions: 1->1(1)
[2022-04-22T08:20:36.366+0000][8][gc,heap     ] GC(76) Old regions: 43->39
[2022-04-22T08:20:36.367+0000][8][gc,heap     ] GC(76) Archive regions: 2->2
[2022-04-22T08:20:36.368+0000][8][gc,heap     ] GC(76) Humongous regions: 8->8
[2022-04-22T08:20:36.368+0000][8][gc,metaspace] GC(76) Metaspace: 106436K(107968K)->106436K(107968K) NonClass: 91988K(92928K)->91988K(92928K) Class: 14448K(15040K)->14448K(15040K)
[2022-04-22T08:20:36.369+0000][8][gc          ] GC(76) Pause Young (Mixed) (G1 Evacuation Pause) 228M->192M(512M) 18.243ms
[2022-04-22T08:20:36.370+0000][8][gc,cpu      ] GC(76) User=0.01s Sys=0.00s Real=0.02s
[2022-04-22T08:20:36.370+0000][8][safepoint   ] Safepoint "G1CollectForAllocation", Time since last: 491214584 ns, Reaching safepoint: 172541 ns, At safepoint: 19601375 ns, Total: 19773916 ns
[2022-04-22T08:20:41.519+0000][8][gc,start    ] GC(77) Pause Young (Normal) (G1 Evacuation Pause)
[2022-04-22T08:20:41.520+0000][8][gc,task     ] GC(77) Using 5 workers of 5 for evacuation
[2022-04-22T08:20:41.521+0000][8][gc,age      ] GC(77) Desired survivor size 14680064 bytes, new threshold 15 (max threshold 15)
[2022-04-22T08:20:41.524+0000][8][gc,age      ] GC(77) Age table with threshold 15 (max threshold 15)
[2022-04-22T08:20:41.524+0000][8][gc,age      ] GC(77) - age   1:   10367304 bytes,   10367304 total
[2022-04-22T08:20:41.525+0000][8][gc,age      ] GC(77) - age   2:     569856 bytes,   10937160 total
[2022-04-22T08:20:41.526+0000][8][gc,phases   ] GC(77)   Pre Evacuate Collection Set: 0.2ms
[2022-04-22T08:20:41.527+0000][8][gc,phases   ] GC(77)   Merge Heap Roots: 0.2ms
[2022-04-22T08:20:41.527+0000][8][gc,phases   ] GC(77)   Evacuate Collection Set: 1.5ms
[2022-04-22T08:20:41.528+0000][8][gc,phases   ] GC(77)   Post Evacuate Collection Set: 0.7ms
[2022-04-22T08:20:41.529+0000][8][gc,phases   ] GC(77)   Other: 4.1ms
[2022-04-22T08:20:41.529+0000][8][gc,heap     ] GC(77) Eden regions: 50->0(47)
[2022-04-22T08:20:41.530+0000][8][gc,heap     ] GC(77) Survivor regions: 1->3(7)
[2022-04-22T08:20:41.531+0000][8][gc,heap     ] GC(77) Old regions: 39->39
[2022-04-22T08:20:41.531+0000][8][gc,heap     ] GC(77) Archive regions: 2->2
[2022-04-22T08:20:41.532+0000][8][gc,heap     ] GC(77) Humongous regions: 9->9
[2022-04-22T08:20:41.533+0000][8][gc,metaspace] GC(77) Metaspace: 106436K(107968K)->106436K(107968K) NonClass: 91988K(92928K)->91988K(92928K) Class: 14448K(15040K)->14448K(15040K)
[2022-04-22T08:20:41.533+0000][8][gc          ] GC(77) Pause Young (Normal) (G1 Evacuation Pause) 396M->205M(512M) 13.928ms
[2022-04-22T08:20:41.534+0000][8][gc,cpu      ] GC(77) User=0.01s Sys=0.00s Real=0.01s
[2022-04-22T08:20:41.534+0000][8][safepoint   ] Safepoint "G1CollectForAllocation", Time since last: 5148785086 ns, Reaching safepoint: 126458 ns, At safepoint: 15196084 ns, Total: 15322542 ns
[2022-04-22T08:20:44.535+0000][8][safepoint   ] Safepoint "Cleanup", Time since last: 3000833001 ns, Reaching safepoint: 115125 ns, At safepoint: 36708 ns, Total: 151833 ns
[2022-04-22T08:20:46.161+0000][8][gc,start    ] GC(78) Pause Young (Normal) (G1 Evacuation Pause)
[2022-04-22T08:20:46.161+0000][8][gc,task     ] GC(78) Using 5 workers of 5 for evacuation
[2022-04-22T08:20:46.162+0000][8][gc,age      ] GC(78) Desired survivor size 14680064 bytes, new threshold 15 (max threshold 15)
[2022-04-22T08:20:46.166+0000][8][gc,age      ] GC(78) Age table with threshold 15 (max threshold 15)
[2022-04-22T08:20:46.167+0000][8][gc,age      ] GC(78) - age   1:   12451784 bytes,   12451784 total
[2022-04-22T08:20:46.167+0000][8][gc,age      ] GC(78) - age   2:    6074664 bytes,   18526448 total
[2022-04-22T08:20:46.168+0000][8][gc,age      ] GC(78) - age   3:     568848 bytes,   19095296 total
[2022-04-22T08:20:46.169+0000][8][gc,phases   ] GC(78)   Pre Evacuate Collection Set: 0.3ms
[2022-04-22T08:20:46.169+0000][8][gc,phases   ] GC(78)   Merge Heap Roots: 0.1ms
[2022-04-22T08:20:46.170+0000][8][gc,phases   ] GC(78)   Evacuate Collection Set: 1.7ms
[2022-04-22T08:20:46.170+0000][8][gc,phases   ] GC(78)   Post Evacuate Collection Set: 0.6ms
[2022-04-22T08:20:46.171+0000][8][gc,phases   ] GC(78)   Other: 5.4ms
[2022-04-22T08:20:46.172+0000][8][gc,heap     ] GC(78) Eden regions: 47->0(44)
[2022-04-22T08:20:46.172+0000][8][gc,heap     ] GC(78) Survivor regions: 3->5(7)
[2022-04-22T08:20:46.173+0000][8][gc,heap     ] GC(78) Old regions: 39->39
[2022-04-22T08:20:46.174+0000][8][gc,heap     ] GC(78) Archive regions: 2->2
[2022-04-22T08:20:46.174+0000][8][gc,heap     ] GC(78) Humongous regions: 9->9
[2022-04-22T08:20:46.175+0000][8][gc,metaspace] GC(78) Metaspace: 106436K(107968K)->106436K(107968K) NonClass: 91988K(92928K)->91988K(92928K) Class: 14448K(15040K)->14448K(15040K)
[2022-04-22T08:20:46.175+0000][8][gc          ] GC(78) Pause Young (Normal) (G1 Evacuation Pause) 393M->212M(512M) 14.757ms
[2022-04-22T08:20:46.176+0000][8][gc,cpu      ] GC(78) User=0.01s Sys=0.00s Real=0.01s
[2022-04-22T08:20:46.177+0000][8][safepoint   ] Safepoint "G1CollectForAllocation", Time since last: 1624928876 ns, Reaching safepoint: 162000 ns, At safepoint: 16027084 ns, Total: 16189084 ns
[2022-04-22T08:20:50.579+0000][8][gc,start    ] GC(79) Pause Young (Concurrent Start) (G1 Humongous Allocation)
[2022-04-22T08:20:50.580+0000][8][gc,task     ] GC(79) Using 5 workers of 5 for evacuation
[2022-04-22T08:20:50.581+0000][8][gc,age      ] GC(79) Desired survivor size 14680064 bytes, new threshold 2 (max threshold 15)
[2022-04-22T08:20:50.585+0000][8][gc,age      ] GC(79) Age table with threshold 2 (max threshold 15)
[2022-04-22T08:20:50.587+0000][8][gc,age      ] GC(79) - age   1:   13236832 bytes,   13236832 total
[2022-04-22T08:20:50.605+0000][8][gc,age      ] GC(79) - age   2:    5837088 bytes,   19073920 total
[2022-04-22T08:20:50.606+0000][8][gc,phases   ] GC(79)   Pre Evacuate Collection Set: 0.2ms
[2022-04-22T08:20:50.612+0000][8][gc,phases   ] GC(79)   Merge Heap Roots: 0.1ms
[2022-04-22T08:20:50.613+0000][8][gc,phases   ] GC(79)   Evacuate Collection Set: 2.4ms
[2022-04-22T08:20:50.613+0000][8][gc,phases   ] GC(79)   Post Evacuate Collection Set: 0.8ms
[2022-04-22T08:20:50.614+0000][8][gc,phases   ] GC(79)   Other: 23.7ms
[2022-04-22T08:20:50.615+0000][8][gc,heap     ] GC(79) Eden regions: 43->0(41)
[2022-04-22T08:20:50.616+0000][8][gc,heap     ] GC(79) Survivor regions: 5->5(7)
[2022-04-22T08:20:50.616+0000][8][gc,heap     ] GC(79) Old regions: 39->41
[2022-04-22T08:20:50.617+0000][8][gc,heap     ] GC(79) Archive regions: 2->2
[2022-04-22T08:20:50.618+0000][8][gc,heap     ] GC(79) Humongous regions: 9->9
[2022-04-22T08:20:50.619+0000][8][gc,metaspace] GC(79) Metaspace: 106436K(107968K)->106436K(107968K) NonClass: 91988K(92928K)->91988K(92928K) Class: 14448K(15040K)->14448K(15040K)
[2022-04-22T08:20:50.620+0000][8][gc          ] GC(79) Pause Young (Concurrent Start) (G1 Humongous Allocation) 382M->220M(512M) 40.496ms
[2022-04-22T08:20:50.620+0000][8][gc,cpu      ] GC(79) User=0.01s Sys=0.01s Real=0.04s
[2022-04-22T08:20:50.621+0000][8][safepoint   ] Safepoint "G1TryInitiateConcMark", Time since last: 4402293543 ns, Reaching safepoint: 193959 ns, At safepoint: 41924416 ns, Total: 42118375 ns
[2022-04-22T08:20:50.621+0000][8][gc          ] GC(80) Concurrent Mark Cycle
[2022-04-22T08:20:50.622+0000][8][gc,marking  ] GC(80) Concurrent Clear Claimed Marks
[2022-04-22T08:20:50.623+0000][8][gc,marking  ] GC(80) Concurrent Clear Claimed Marks 0.777ms
[2022-04-22T08:20:50.623+0000][8][gc,marking  ] GC(80) Concurrent Scan Root Regions
[2022-04-22T08:20:50.627+0000][8][gc,marking  ] GC(80) Concurrent Scan Root Regions 3.482ms
[2022-04-22T08:20:50.628+0000][8][gc,marking  ] GC(80) Concurrent Mark
[2022-04-22T08:20:50.629+0000][8][gc,marking  ] GC(80) Concurrent Mark From Roots
[2022-04-22T08:20:50.630+0000][8][gc,task     ] GC(80) Using 1 workers of 1 for marking
[2022-04-22T08:20:50.703+0000][8][gc,marking  ] GC(80) Concurrent Mark From Roots 73.751ms
[2022-04-22T08:20:50.704+0000][8][gc,marking  ] GC(80) Concurrent Preclean
[2022-04-22T08:20:50.705+0000][8][gc,marking  ] GC(80) Concurrent Preclean 1.100ms
[2022-04-22T08:20:50.706+0000][8][gc,start    ] GC(80) Pause Remark
[2022-04-22T08:20:50.713+0000][8][gc          ] GC(80) Pause Remark 233M->217M(512M) 6.607ms
[2022-04-22T08:20:50.714+0000][8][gc,cpu      ] GC(80) User=0.02s Sys=0.00s Real=0.01s
[2022-04-22T08:20:50.714+0000][8][safepoint   ] Safepoint "G1Concurrent", Time since last: 84846042 ns, Reaching safepoint: 229417 ns, At safepoint: 8376750 ns, Total: 8606167 ns
[2022-04-22T08:20:50.715+0000][8][gc,marking  ] GC(80) Concurrent Mark 87.383ms
[2022-04-22T08:20:50.716+0000][8][gc,marking  ] GC(80) Concurrent Rebuild Remembered Sets
[2022-04-22T08:20:50.756+0000][8][gc,marking  ] GC(80) Concurrent Rebuild Remembered Sets 39.274ms
[2022-04-22T08:20:50.757+0000][8][gc,start    ] GC(80) Pause Cleanup
[2022-04-22T08:20:50.758+0000][8][gc          ] GC(80) Pause Cleanup 218M->218M(512M) 1.119ms
[2022-04-22T08:20:50.759+0000][8][gc,cpu      ] GC(80) User=0.00s Sys=0.00s Real=0.01s
[2022-04-22T08:20:50.759+0000][8][safepoint   ] Safepoint "G1Concurrent", Time since last: 42227083 ns, Reaching safepoint: 220667 ns, At safepoint: 2648833 ns, Total: 2869500 ns
[2022-04-22T08:20:50.760+0000][8][gc,marking  ] GC(80) Concurrent Cleanup for Next Mark
[2022-04-22T08:20:50.761+0000][8][gc,marking  ] GC(80) Concurrent Cleanup for Next Mark 1.156ms
[2022-04-22T08:20:50.762+0000][8][gc          ] GC(80) Concurrent Mark Cycle 140.955ms
[2022-04-22T08:20:53.761+0000][8][safepoint   ] Safepoint "Cleanup", Time since last: 3000998960 ns, Reaching safepoint: 466750 ns, At safepoint: 4375 ns, Total: 471125 ns
[2022-04-22T08:20:54.907+0000][8][gc,start    ] GC(81) Pause Young (Prepare Mixed) (G1 Evacuation Pause)
[2022-04-22T08:20:54.908+0000][8][gc,task     ] GC(81) Using 5 workers of 5 for evacuation
[2022-04-22T08:20:54.909+0000][8][gc,age      ] GC(81) Desired survivor size 12582912 bytes, new threshold 1 (max threshold 15)
[2022-04-22T08:20:54.914+0000][8][gc,age      ] GC(81) Age table with threshold 1 (max threshold 15)
[2022-04-22T08:20:54.915+0000][8][gc,age      ] GC(81) - age   1:   14767600 bytes,   14767600 total
[2022-04-22T08:20:54.916+0000][8][gc,phases   ] GC(81)   Pre Evacuate Collection Set: 0.2ms
[2022-04-22T08:20:54.916+0000][8][gc,phases   ] GC(81)   Merge Heap Roots: 0.2ms
[2022-04-22T08:20:54.917+0000][8][gc,phases   ] GC(81)   Evacuate Collection Set: 2.9ms
[2022-04-22T08:20:54.918+0000][8][gc,phases   ] GC(81)   Post Evacuate Collection Set: 0.7ms
[2022-04-22T08:20:54.918+0000][8][gc,phases   ] GC(81)   Other: 4.7ms
[2022-04-22T08:20:54.919+0000][8][gc,heap     ] GC(81) Eden regions: 41->0(2)
[2022-04-22T08:20:54.919+0000][8][gc,heap     ] GC(81) Survivor regions: 5->4(6)
[2022-04-22T08:20:54.920+0000][8][gc,heap     ] GC(81) Old regions: 39->41
[2022-04-22T08:20:54.921+0000][8][gc,heap     ] GC(81) Archive regions: 2->2
[2022-04-22T08:20:54.922+0000][8][gc,heap     ] GC(81) Humongous regions: 9->8
[2022-04-22T08:20:54.922+0000][8][gc,metaspace] GC(81) Metaspace: 106444K(107968K)->106444K(107968K) NonClass: 91995K(92928K)->91995K(92928K) Class: 14448K(15040K)->14448K(15040K)
[2022-04-22T08:20:54.923+0000][8][gc          ] GC(81) Pause Young (Prepare Mixed) (G1 Evacuation Pause) 376M->213M(512M) 15.753ms
[2022-04-22T08:20:54.924+0000][8][gc,cpu      ] GC(81) User=0.01s Sys=0.00s Real=0.02s
[2022-04-22T08:20:54.924+0000][8][safepoint   ] Safepoint "G1CollectForAllocation", Time since last: 1146076292 ns, Reaching safepoint: 36417 ns, At safepoint: 16957333 ns, Total: 16993750 ns
[2022-04-22T08:20:55.192+0000][8][gc,start    ] GC(82) Pause Young (Mixed) (G1 Evacuation Pause)
[2022-04-22T08:20:55.192+0000][8][gc,task     ] GC(82) Using 5 workers of 5 for evacuation
[2022-04-22T08:20:55.193+0000][8][gc,age      ] GC(82) Desired survivor size 2097152 bytes, new threshold 1 (max threshold 15)
[2022-04-22T08:20:55.198+0000][8][gc,age      ] GC(82) Age table with threshold 1 (max threshold 15)
[2022-04-22T08:20:55.199+0000][8][gc,age      ] GC(82) - age   1:     269112 bytes,     269112 total
[2022-04-22T08:20:55.200+0000][8][gc,phases   ] GC(82)   Pre Evacuate Collection Set: 0.1ms
[2022-04-22T08:20:55.200+0000][8][gc,phases   ] GC(82)   Merge Heap Roots: 0.1ms
[2022-04-22T08:20:55.201+0000][8][gc,phases   ] GC(82)   Evacuate Collection Set: 2.6ms
[2022-04-22T08:20:55.202+0000][8][gc,phases   ] GC(82)   Post Evacuate Collection Set: 0.5ms
[2022-04-22T08:20:55.202+0000][8][gc,phases   ] GC(82)   Other: 4.7ms
[2022-04-22T08:20:55.203+0000][8][gc,heap     ] GC(82) Eden regions: 2->0(51)
[2022-04-22T08:20:55.204+0000][8][gc,heap     ] GC(82) Survivor regions: 4->1(1)
[2022-04-22T08:20:55.205+0000][8][gc,heap     ] GC(82) Old regions: 41->35
[2022-04-22T08:20:55.205+0000][8][gc,heap     ] GC(82) Archive regions: 2->2
[2022-04-22T08:20:55.206+0000][8][gc,heap     ] GC(82) Humongous regions: 8->8
[2022-04-22T08:20:55.206+0000][8][gc,metaspace] GC(82) Metaspace: 106444K(107968K)->106444K(107968K) NonClass: 91995K(92928K)->91995K(92928K) Class: 14448K(15040K)->14448K(15040K)
[2022-04-22T08:20:55.207+0000][8][gc          ] GC(82) Pause Young (Mixed) (G1 Evacuation Pause) 221M->175M(512M) 15.238ms
[2022-04-22T08:20:55.208+0000][8][gc,cpu      ] GC(82) User=0.01s Sys=0.00s Real=0.01s
[2022-04-22T08:20:55.208+0000][8][safepoint   ] Safepoint "G1CollectForAllocation", Time since last: 267593584 ns, Reaching safepoint: 57541 ns, At safepoint: 16699792 ns, Total: 16757333 ns
[2022-04-22T08:21:18.262+0000][8][safepoint   ] Safepoint "Cleanup", Time since last: 23050630219 ns, Reaching safepoint: 818416 ns, At safepoint: 19542 ns, Total: 837958 ns
[2022-04-22T08:21:23.296+0000][8][safepoint   ] Safepoint "Cleanup", Time since last: 5033373544 ns, Reaching safepoint: 325167 ns, At safepoint: 10208 ns, Total: 335375 ns
[2022-04-22T08:21:28.322+0000][8][safepoint   ] Safepoint "Cleanup", Time since last: 5025751086 ns, Reaching safepoint: 535625 ns, At safepoint: 19625 ns, Total: 555250 ns
[2022-04-22T08:21:45.405+0000][8][safepoint   ] Safepoint "Cleanup", Time since last: 17081967633 ns, Reaching safepoint: 619625 ns, At safepoint: 7541 ns, Total: 627166 ns
[2022-04-22T08:21:53.435+0000][8][safepoint   ] Safepoint "Cleanup", Time since last: 8030261837 ns, Reaching safepoint: 369375 ns, At safepoint: 6834 ns, Total: 376209 ns
[2022-04-22T08:22:18.524+0000][8][safepoint   ] Safepoint "Cleanup", Time since last: 25084329594 ns, Reaching safepoint: 1423042 ns, At safepoint: 18458 ns, Total: 1441500 ns
[2022-04-22T08:22:23.558+0000][8][safepoint   ] Safepoint "Cleanup", Time since last: 5033582294 ns, Reaching safepoint: 483917 ns, At safepoint: 14625 ns, Total: 498542 ns
[2022-04-22T08:23:08.677+0000][8][safepoint   ] Safepoint "Cleanup", Time since last: 45123758228 ns, Reaching safepoint: 176208 ns, At safepoint: 4750 ns, Total: 180958 ns
[2022-04-22T08:23:09.679+0000][8][safepoint   ] Safepoint "Cleanup", Time since last: 1001377792 ns, Reaching safepoint: 195917 ns, At safepoint: 4833 ns, Total: 200750 ns
[2022-04-22T08:23:10.132+0000][8][gc,start    ] GC(83) Pause Young (Normal) (G1 Evacuation Pause)
[2022-04-22T08:23:10.133+0000][8][gc,task     ] GC(83) Using 5 workers of 5 for evacuation
[2022-04-22T08:23:10.134+0000][8][gc,age      ] GC(83) Desired survivor size 14680064 bytes, new threshold 15 (max threshold 15)
[2022-04-22T08:23:10.136+0000][8][gc,age      ] GC(83) Age table with threshold 15 (max threshold 15)
[2022-04-22T08:23:10.137+0000][8][gc,age      ] GC(83) - age   1:    1846704 bytes,    1846704 total
[2022-04-22T08:23:10.138+0000][8][gc,age      ] GC(83) - age   2:     260664 bytes,    2107368 total
[2022-04-22T08:23:10.139+0000][8][gc,phases   ] GC(83)   Pre Evacuate Collection Set: 0.1ms
[2022-04-22T08:23:10.139+0000][8][gc,phases   ] GC(83)   Merge Heap Roots: 0.0ms
[2022-04-22T08:23:10.140+0000][8][gc,phases   ] GC(83)   Evacuate Collection Set: 1.1ms
[2022-04-22T08:23:10.140+0000][8][gc,phases   ] GC(83)   Post Evacuate Collection Set: 0.7ms
[2022-04-22T08:23:10.141+0000][8][gc,phases   ] GC(83)   Other: 4.2ms
[2022-04-22T08:23:10.141+0000][8][gc,heap     ] GC(83) Eden regions: 51->0(53)
[2022-04-22T08:23:10.142+0000][8][gc,heap     ] GC(83) Survivor regions: 1->1(7)
[2022-04-22T08:23:10.142+0000][8][gc,heap     ] GC(83) Old regions: 35->35
[2022-04-22T08:23:10.143+0000][8][gc,heap     ] GC(83) Archive regions: 2->2
[2022-04-22T08:23:10.143+0000][8][gc,heap     ] GC(83) Humongous regions: 8->8
[2022-04-22T08:23:10.144+0000][8][gc,metaspace] GC(83) Metaspace: 106468K(107968K)->106468K(107968K) NonClass: 92019K(92928K)->92019K(92928K) Class: 14448K(15040K)->14448K(15040K)
[2022-04-22T08:23:10.145+0000][8][gc          ] GC(83) Pause Young (Normal) (G1 Evacuation Pause) 379M->177M(512M) 12.305ms
[2022-04-22T08:23:10.145+0000][8][gc,cpu      ] GC(83) User=0.00s Sys=0.01s Real=0.01s
[2022-04-22T08:23:10.146+0000][8][safepoint   ] Safepoint "G1CollectForAllocation", Time since last: 453764292 ns, Reaching safepoint: 46500 ns, At safepoint: 13471584 ns, Total: 13518084 ns
[2022-04-22T08:23:15.147+0000][8][safepoint   ] Safepoint "Cleanup", Time since last: 5001192210 ns, Reaching safepoint: 259375 ns, At safepoint: 19834 ns, Total: 279209 ns
[2022-04-22T08:23:16.150+0000][8][safepoint   ] Safepoint "Cleanup", Time since last: 1002461959 ns, Reaching safepoint: 344375 ns, At safepoint: 13416 ns, Total: 357791 ns
[2022-04-22T08:23:21.173+0000][8][safepoint   ] Safepoint "Cleanup", Time since last: 5022018003 ns, Reaching safepoint: 1128541 ns, At safepoint: 20959 ns, Total: 1149500 ns
[2022-04-22T08:23:23.199+0000][8][safepoint   ] Safepoint "Cleanup", Time since last: 2024963792 ns, Reaching safepoint: 272459 ns, At safepoint: 4458 ns, Total: 276917 ns
[2022-04-22T08:23:38.233+0000][8][safepoint   ] Safepoint "Cleanup", Time since last: 15032269548 ns, Reaching safepoint: 223334 ns, At safepoint: 7250 ns, Total: 230584 ns
[2022-04-22T08:23:53.262+0000][8][safepoint   ] Safepoint "Cleanup", Time since last: 15029080424 ns, Reaching safepoint: 537333 ns, At safepoint: 13292 ns, Total: 550625 ns
[2022-04-22T08:24:16.801+0000][8][gc,start    ] GC(84) Pause Young (Normal) (G1 Evacuation Pause)
[2022-04-22T08:24:16.803+0000][8][gc,task     ] GC(84) Using 5 workers of 5 for evacuation
[2022-04-22T08:24:16.804+0000][8][gc,age      ] GC(84) Desired survivor size 14680064 bytes, new threshold 15 (max threshold 15)
[2022-04-22T08:24:16.808+0000][8][gc,age      ] GC(84) Age table with threshold 15 (max threshold 15)
[2022-04-22T08:24:16.809+0000][8][gc,age      ] GC(84) - age   1:     502672 bytes,     502672 total
[2022-04-22T08:24:16.810+0000][8][gc,age      ] GC(84) - age   2:    1374648 bytes,    1877320 total
[2022-04-22T08:24:16.810+0000][8][gc,age      ] GC(84) - age   3:     260664 bytes,    2137984 total
[2022-04-22T08:24:16.811+0000][8][gc,phases   ] GC(84)   Pre Evacuate Collection Set: 0.4ms
[2022-04-22T08:24:16.812+0000][8][gc,phases   ] GC(84)   Merge Heap Roots: 0.2ms
[2022-04-22T08:24:16.813+0000][8][gc,phases   ] GC(84)   Evacuate Collection Set: 0.9ms
[2022-04-22T08:24:16.813+0000][8][gc,phases   ] GC(84)   Post Evacuate Collection Set: 0.9ms
[2022-04-22T08:24:16.814+0000][8][gc,phases   ] GC(84)   Other: 7.7ms
[2022-04-22T08:24:16.815+0000][8][gc,heap     ] GC(84) Eden regions: 53->0(54)
[2022-04-22T08:24:16.815+0000][8][gc,heap     ] GC(84) Survivor regions: 1->1(7)
[2022-04-22T08:24:16.816+0000][8][gc,heap     ] GC(84) Old regions: 35->35
[2022-04-22T08:24:16.817+0000][8][gc,heap     ] GC(84) Archive regions: 2->2
[2022-04-22T08:24:16.818+0000][8][gc,heap     ] GC(84) Humongous regions: 8->8
[2022-04-22T08:24:16.819+0000][8][gc,metaspace] GC(84) Metaspace: 106518K(108032K)->106518K(108032K) NonClass: 92070K(92992K)->92070K(92992K) Class: 14448K(15040K)->14448K(15040K)
[2022-04-22T08:24:16.820+0000][8][gc          ] GC(84) Pause Young (Normal) (G1 Evacuation Pause) 389M->177M(512M) 19.173ms
[2022-04-22T08:24:16.822+0000][8][gc,cpu      ] GC(84) User=0.01s Sys=0.00s Real=0.02s
[2022-04-22T08:24:16.823+0000][8][safepoint   ] Safepoint "G1CollectForAllocation", Time since last: 23538703344 ns, Reaching safepoint: 75042 ns, At safepoint: 22029083 ns, Total: 22104125 ns
[2022-04-22T08:24:17.825+0000][8][safepoint   ] Safepoint "Cleanup", Time since last: 1001714084 ns, Reaching safepoint: 215708 ns, At safepoint: 5000 ns, Total: 220708 ns
[2022-04-22T08:24:20.097+0000][8][gc,start    ] GC(85) Pause Young (Normal) (G1 Evacuation Pause)
[2022-04-22T08:24:20.098+0000][8][gc,task     ] GC(85) Using 5 workers of 5 for evacuation
[2022-04-22T08:24:20.099+0000][8][gc,age      ] GC(85) Desired survivor size 14680064 bytes, new threshold 15 (max threshold 15)
[2022-04-22T08:24:20.102+0000][8][gc,age      ] GC(85) Age table with threshold 15 (max threshold 15)
[2022-04-22T08:24:20.103+0000][8][gc,age      ] GC(85) - age   1:     649752 bytes,     649752 total
[2022-04-22T08:24:20.104+0000][8][gc,age      ] GC(85) - age   2:     269728 bytes,     919480 total
[2022-04-22T08:24:20.104+0000][8][gc,age      ] GC(85) - age   3:    1374504 bytes,    2293984 total
[2022-04-22T08:24:20.105+0000][8][gc,age      ] GC(85) - age   4:     260664 bytes,    2554648 total
[2022-04-22T08:24:20.105+0000][8][gc,phases   ] GC(85)   Pre Evacuate Collection Set: 0.1ms
[2022-04-22T08:24:20.106+0000][8][gc,phases   ] GC(85)   Merge Heap Roots: 0.1ms
[2022-04-22T08:24:20.107+0000][8][gc,phases   ] GC(85)   Evacuate Collection Set: 1.2ms
[2022-04-22T08:24:20.108+0000][8][gc,phases   ] GC(85)   Post Evacuate Collection Set: 0.7ms
[2022-04-22T08:24:20.109+0000][8][gc,phases   ] GC(85)   Other: 6.4ms
[2022-04-22T08:24:20.109+0000][8][gc,heap     ] GC(85) Eden regions: 54->0(56)
[2022-04-22T08:24:20.110+0000][8][gc,heap     ] GC(85) Survivor regions: 1->1(7)
[2022-04-22T08:24:20.111+0000][8][gc,heap     ] GC(85) Old regions: 35->35
[2022-04-22T08:24:20.111+0000][8][gc,heap     ] GC(85) Archive regions: 2->2
[2022-04-22T08:24:20.112+0000][8][gc,heap     ] GC(85) Humongous regions: 8->8
[2022-04-22T08:24:20.112+0000][8][gc,metaspace] GC(85) Metaspace: 106545K(108032K)->106545K(108032K) NonClass: 92095K(92992K)->92095K(92992K) Class: 14449K(15040K)->14449K(15040K)
[2022-04-22T08:24:20.114+0000][8][gc          ] GC(85) Pause Young (Normal) (G1 Evacuation Pause) 393M->177M(512M) 17.084ms
[2022-04-22T08:24:20.115+0000][8][gc,cpu      ] GC(85) User=0.01s Sys=0.00s Real=0.02s
[2022-04-22T08:24:20.115+0000][8][safepoint   ] Safepoint "G1CollectForAllocation", Time since last: 2271651043 ns, Reaching safepoint: 126708 ns, At safepoint: 18367375 ns, Total: 18494083 ns
[2022-04-22T08:24:21.117+0000][8][safepoint   ] Safepoint "Cleanup", Time since last: 1000711126 ns, Reaching safepoint: 865291 ns, At safepoint: 18959 ns, Total: 884250 ns
[2022-04-22T08:24:23.131+0000][8][safepoint   ] Safepoint "Cleanup", Time since last: 2014409667 ns, Reaching safepoint: 190959 ns, At safepoint: 4875 ns, Total: 195834 ns
[2022-04-22T08:24:24.133+0000][8][safepoint   ] Safepoint "Cleanup", Time since last: 1000839917 ns, Reaching safepoint: 255750 ns, At safepoint: 15625 ns, Total: 271375 ns
[2022-04-22T08:24:25.135+0000][8][safepoint   ] Safepoint "Cleanup", Time since last: 1002054875 ns, Reaching safepoint: 384792 ns, At safepoint: 20791 ns, Total: 405583 ns
[2022-04-22T08:24:26.137+0000][8][safepoint   ] Safepoint "Cleanup", Time since last: 1001462293 ns, Reaching safepoint: 61000 ns, At safepoint: 3750 ns, Total: 64750 ns
[2022-04-22T08:24:27.048+0000][8][gc,start    ] GC(86) Pause Young (Normal) (G1 Evacuation Pause)
[2022-04-22T08:24:27.049+0000][8][gc,task     ] GC(86) Using 5 workers of 5 for evacuation
[2022-04-22T08:24:27.049+0000][8][gc,age      ] GC(86) Desired survivor size 16777216 bytes, new threshold 15 (max threshold 15)
[2022-04-22T08:24:27.053+0000][8][gc,age      ] GC(86) Age table with threshold 15 (max threshold 15)
[2022-04-22T08:24:27.055+0000][8][gc,age      ] GC(86) - age   1:    2946520 bytes,    2946520 total
[2022-04-22T08:24:27.056+0000][8][gc,age      ] GC(86) - age   2:     127408 bytes,    3073928 total
[2022-04-22T08:24:27.057+0000][8][gc,age      ] GC(86) - age   3:     261072 bytes,    3335000 total
[2022-04-22T08:24:27.058+0000][8][gc,age      ] GC(86) - age   4:    1374024 bytes,    4709024 total
[2022-04-22T08:24:27.059+0000][8][gc,age      ] GC(86) - age   5:     260664 bytes,    4969688 total
[2022-04-22T08:24:27.060+0000][8][gc,phases   ] GC(86)   Pre Evacuate Collection Set: 0.3ms
[2022-04-22T08:24:27.061+0000][8][gc,phases   ] GC(86)   Merge Heap Roots: 0.0ms
[2022-04-22T08:24:27.063+0000][8][gc,phases   ] GC(86)   Evacuate Collection Set: 1.8ms
[2022-04-22T08:24:27.064+0000][8][gc,phases   ] GC(86)   Post Evacuate Collection Set: 0.7ms
[2022-04-22T08:24:27.065+0000][8][gc,phases   ] GC(86)   Other: 8.9ms
[2022-04-22T08:24:27.066+0000][8][gc,heap     ] GC(86) Eden regions: 56->0(55)
[2022-04-22T08:24:27.067+0000][8][gc,heap     ] GC(86) Survivor regions: 1->2(8)
[2022-04-22T08:24:27.068+0000][8][gc,heap     ] GC(86) Old regions: 35->35
[2022-04-22T08:24:27.069+0000][8][gc,heap     ] GC(86) Archive regions: 2->2
[2022-04-22T08:24:27.070+0000][8][gc,heap     ] GC(86) Humongous regions: 8->8
[2022-04-22T08:24:27.070+0000][8][gc,metaspace] GC(86) Metaspace: 106584K(108096K)->106584K(108096K) NonClass: 92134K(93056K)->92134K(93056K) Class: 14449K(15040K)->14449K(15040K)
[2022-04-22T08:24:27.071+0000][8][gc          ] GC(86) Pause Young (Normal) (G1 Evacuation Pause) 401M->179M(512M) 22.640ms
[2022-04-22T08:24:27.071+0000][8][gc,cpu      ] GC(86) User=0.01s Sys=0.00s Real=0.03s
[2022-04-22T08:24:27.072+0000][8][safepoint   ] Safepoint "G1CollectForAllocation", Time since last: 911368000 ns, Reaching safepoint: 148667 ns, At safepoint: 24059625 ns, Total: 24208292 ns
[2022-04-22T08:24:29.074+0000][8][safepoint   ] Safepoint "Cleanup", Time since last: 2001334709 ns, Reaching safepoint: 51208 ns, At safepoint: 2250 ns, Total: 53458 ns
[2022-04-22T08:24:30.075+0000][8][safepoint   ] Safepoint "Cleanup", Time since last: 1001033709 ns, Reaching safepoint: 232959 ns, At safepoint: 4833 ns, Total: 237792 ns
[2022-04-22T08:24:31.175+0000][8][gc,start    ] GC(87) Pause Young (Concurrent Start) (G1 Evacuation Pause)
[2022-04-22T08:24:31.176+0000][8][gc,task     ] GC(87) Using 5 workers of 5 for evacuation
[2022-04-22T08:24:31.178+0000][8][gc,age      ] GC(87) Desired survivor size 16777216 bytes, new threshold 15 (max threshold 15)
[2022-04-22T08:24:31.181+0000][8][gc,age      ] GC(87) Age table with threshold 15 (max threshold 15)
[2022-04-22T08:24:31.182+0000][8][gc,age      ] GC(87) - age   1:    4682128 bytes,    4682128 total
[2022-04-22T08:24:31.183+0000][8][gc,age      ] GC(87) - age   2:     977272 bytes,    5659400 total
[2022-04-22T08:24:31.184+0000][8][gc,age      ] GC(87) - age   3:     127408 bytes,    5786808 total
[2022-04-22T08:24:31.185+0000][8][gc,age      ] GC(87) - age   4:     260792 bytes,    6047600 total
[2022-04-22T08:24:31.186+0000][8][gc,age      ] GC(87) - age   5:    1374024 bytes,    7421624 total
[2022-04-22T08:24:31.187+0000][8][gc,age      ] GC(87) - age   6:     260664 bytes,    7682288 total
[2022-04-22T08:24:31.188+0000][8][gc,phases   ] GC(87)   Pre Evacuate Collection Set: 0.2ms
[2022-04-22T08:24:31.188+0000][8][gc,phases   ] GC(87)   Merge Heap Roots: 0.1ms
[2022-04-22T08:24:31.189+0000][8][gc,phases   ] GC(87)   Evacuate Collection Set: 2.1ms
[2022-04-22T08:24:31.190+0000][8][gc,phases   ] GC(87)   Post Evacuate Collection Set: 0.6ms
[2022-04-22T08:24:31.190+0000][8][gc,phases   ] GC(87)   Other: 9.7ms
[2022-04-22T08:24:31.191+0000][8][gc,heap     ] GC(87) Eden regions: 55->0(56)
[2022-04-22T08:24:31.191+0000][8][gc,heap     ] GC(87) Survivor regions: 2->2(8)
[2022-04-22T08:24:31.192+0000][8][gc,heap     ] GC(87) Old regions: 35->35
[2022-04-22T08:24:31.193+0000][8][gc,heap     ] GC(87) Archive regions: 2->2
[2022-04-22T08:24:31.193+0000][8][gc,heap     ] GC(87) Humongous regions: 8->8
[2022-04-22T08:24:31.194+0000][8][gc,metaspace] GC(87) Metaspace: 106612K(108096K)->106612K(108096K) NonClass: 92163K(93056K)->92163K(93056K) Class: 14449K(15040K)->14449K(15040K)
[2022-04-22T08:24:31.194+0000][8][gc          ] GC(87) Pause Young (Concurrent Start) (G1 Evacuation Pause) 399M->182M(512M) 19.525ms
[2022-04-22T08:24:31.195+0000][8][gc,cpu      ] GC(87) User=0.01s Sys=0.01s Real=0.02s
[2022-04-22T08:24:31.196+0000][8][gc          ] GC(88) Concurrent Mark Cycle
[2022-04-22T08:24:31.196+0000][8][gc,marking  ] GC(88) Concurrent Clear Claimed Marks
[2022-04-22T08:24:31.196+0000][8][safepoint   ] Safepoint "G1CollectForAllocation", Time since last: 1099639958 ns, Reaching safepoint: 252000 ns, At safepoint: 20947084 ns, Total: 21199084 ns
[2022-04-22T08:24:31.197+0000][8][gc,marking  ] GC(88) Concurrent Clear Claimed Marks 0.966ms
[2022-04-22T08:24:31.199+0000][8][gc,marking  ] GC(88) Concurrent Scan Root Regions
[2022-04-22T08:24:31.201+0000][8][gc,marking  ] GC(88) Concurrent Scan Root Regions 2.611ms
[2022-04-22T08:24:31.202+0000][8][gc,marking  ] GC(88) Concurrent Mark
[2022-04-22T08:24:31.203+0000][8][gc,marking  ] GC(88) Concurrent Mark From Roots
[2022-04-22T08:24:31.204+0000][8][gc,task     ] GC(88) Using 1 workers of 1 for marking
[2022-04-22T08:24:31.380+0000][8][gc,marking  ] GC(88) Concurrent Mark From Roots 176.974ms
[2022-04-22T08:24:31.381+0000][8][gc,marking  ] GC(88) Concurrent Preclean
[2022-04-22T08:24:31.383+0000][8][gc,marking  ] GC(88) Concurrent Preclean 2.554ms
[2022-04-22T08:24:31.385+0000][8][gc,start    ] GC(88) Pause Remark
[2022-04-22T08:24:31.394+0000][8][gc          ] GC(88) Pause Remark 219M->207M(512M) 9.279ms
[2022-04-22T08:24:31.395+0000][8][gc,cpu      ] GC(88) User=0.02s Sys=0.00s Real=0.01s
[2022-04-22T08:24:31.396+0000][8][safepoint   ] Safepoint "G1Concurrent", Time since last: 188990708 ns, Reaching safepoint: 42750 ns, At safepoint: 10959542 ns, Total: 11002292 ns
[2022-04-22T08:24:31.396+0000][8][gc,marking  ] GC(88) Concurrent Mark 194.562ms
[2022-04-22T08:24:31.397+0000][8][gc,marking  ] GC(88) Concurrent Rebuild Remembered Sets
[2022-04-22T08:24:31.501+0000][8][gc,marking  ] GC(88) Concurrent Rebuild Remembered Sets 103.337ms
[2022-04-22T08:24:31.502+0000][8][gc,start    ] GC(88) Pause Cleanup
[2022-04-22T08:24:31.503+0000][8][gc          ] GC(88) Pause Cleanup 210M->210M(512M) 0.850ms
[2022-04-22T08:24:31.504+0000][8][gc,cpu      ] GC(88) User=0.00s Sys=0.00s Real=0.00s
[2022-04-22T08:24:31.505+0000][8][safepoint   ] Safepoint "G1Concurrent", Time since last: 106050833 ns, Reaching safepoint: 365709 ns, At safepoint: 3145208 ns, Total: 3510917 ns
[2022-04-22T08:24:31.506+0000][8][gc,marking  ] GC(88) Concurrent Cleanup for Next Mark
[2022-04-22T08:24:31.508+0000][8][gc,marking  ] GC(88) Concurrent Cleanup for Next Mark 1.593ms
[2022-04-22T08:24:31.508+0000][8][gc          ] GC(88) Concurrent Mark Cycle 312.836ms
[2022-04-22T08:24:33.466+0000][8][safepoint   ] Safepoint "Cleanup", Time since last: 1961021792 ns, Reaching safepoint: 99500 ns, At safepoint: 3459 ns, Total: 102959 ns
[2022-04-22T08:24:34.468+0000][8][safepoint   ] Safepoint "Cleanup", Time since last: 1001248542 ns, Reaching safepoint: 52417 ns, At safepoint: 2583 ns, Total: 55000 ns
[2022-04-22T08:24:34.834+0000][8][gc,start    ] GC(89) Pause Young (Prepare Mixed) (G1 Evacuation Pause)
[2022-04-22T08:24:34.835+0000][8][gc,task     ] GC(89) Using 5 workers of 5 for evacuation
[2022-04-22T08:24:34.835+0000][8][gc,age      ] GC(89) Desired survivor size 16777216 bytes, new threshold 15 (max threshold 15)
[2022-04-22T08:24:34.840+0000][8][gc,age      ] GC(89) Age table with threshold 15 (max threshold 15)
[2022-04-22T08:24:34.841+0000][8][gc,age      ] GC(89) - age   1:    5642008 bytes,    5642008 total
[2022-04-22T08:24:34.842+0000][8][gc,age      ] GC(89) - age   2:     533552 bytes,    6175560 total
[2022-04-22T08:24:34.842+0000][8][gc,age      ] GC(89) - age   3:     933760 bytes,    7109320 total
[2022-04-22T08:24:34.843+0000][8][gc,age      ] GC(89) - age   4:     126448 bytes,    7235768 total
[2022-04-22T08:24:34.844+0000][8][gc,age      ] GC(89) - age   5:     129312 bytes,    7365080 total
[2022-04-22T08:24:34.845+0000][8][gc,age      ] GC(89) - age   6:      69416 bytes,    7434496 total
[2022-04-22T08:24:34.845+0000][8][gc,age      ] GC(89) - age   7:       8432 bytes,    7442928 total
[2022-04-22T08:24:34.846+0000][8][gc,phases   ] GC(89)   Pre Evacuate Collection Set: 0.2ms
[2022-04-22T08:24:34.847+0000][8][gc,phases   ] GC(89)   Merge Heap Roots: 0.2ms
[2022-04-22T08:24:34.847+0000][8][gc,phases   ] GC(89)   Evacuate Collection Set: 2.4ms
[2022-04-22T08:24:34.848+0000][8][gc,phases   ] GC(89)   Post Evacuate Collection Set: 0.9ms
[2022-04-22T08:24:34.848+0000][8][gc,phases   ] GC(89)   Other: 8.5ms
[2022-04-22T08:24:34.849+0000][8][gc,heap     ] GC(89) Eden regions: 56->0(4)
[2022-04-22T08:24:34.850+0000][8][gc,heap     ] GC(89) Survivor regions: 2->2(8)
[2022-04-22T08:24:34.850+0000][8][gc,heap     ] GC(89) Old regions: 34->34
[2022-04-22T08:24:34.851+0000][8][gc,heap     ] GC(89) Archive regions: 2->2
[2022-04-22T08:24:34.851+0000][8][gc,heap     ] GC(89) Humongous regions: 6->6
[2022-04-22T08:24:34.852+0000][8][gc,metaspace] GC(89) Metaspace: 106627K(108096K)->106627K(108096K) NonClass: 92178K(93056K)->92178K(93056K) Class: 14449K(15040K)->14449K(15040K)
[2022-04-22T08:24:34.852+0000][8][gc          ] GC(89) Pause Young (Prepare Mixed) (G1 Evacuation Pause) 394M->170M(512M) 18.513ms
[2022-04-22T08:24:34.853+0000][8][gc,cpu      ] GC(89) User=0.01s Sys=0.00s Real=0.02s
[2022-04-22T08:24:34.853+0000][8][safepoint   ] Safepoint "G1CollectForAllocation", Time since last: 366012708 ns, Reaching safepoint: 66292 ns, At safepoint: 19727917 ns, Total: 19794209 ns
[2022-04-22T08:24:34.931+0000][8][gc,start    ] GC(90) Pause Young (Mixed) (G1 Evacuation Pause)
[2022-04-22T08:24:34.932+0000][8][gc,task     ] GC(90) Using 5 workers of 5 for evacuation
[2022-04-22T08:24:34.934+0000][8][gc,age      ] GC(90) Desired survivor size 2097152 bytes, new threshold 1 (max threshold 15)
[2022-04-22T08:24:34.937+0000][8][gc,age      ] GC(90) Age table with threshold 1 (max threshold 15)
[2022-04-22T08:24:34.938+0000][8][gc,age      ] GC(90) - age   1:     387056 bytes,     387056 total
[2022-04-22T08:24:34.939+0000][8][gc,phases   ] GC(90)   Pre Evacuate Collection Set: 0.1ms
[2022-04-22T08:24:34.940+0000][8][gc,phases   ] GC(90)   Merge Heap Roots: 0.0ms
[2022-04-22T08:24:34.940+0000][8][gc,phases   ] GC(90)   Evacuate Collection Set: 2.0ms
[2022-04-22T08:24:34.942+0000][8][gc,phases   ] GC(90)   Post Evacuate Collection Set: 0.6ms
[2022-04-22T08:24:34.942+0000][8][gc,phases   ] GC(90)   Other: 4.7ms
[2022-04-22T08:24:34.943+0000][8][gc,heap     ] GC(90) Eden regions: 4->0(63)
[2022-04-22T08:24:34.943+0000][8][gc,heap     ] GC(90) Survivor regions: 2->1(1)
[2022-04-22T08:24:34.945+0000][8][gc,heap     ] GC(90) Old regions: 34->31
[2022-04-22T08:24:34.946+0000][8][gc,heap     ] GC(90) Archive regions: 2->2
[2022-04-22T08:24:34.946+0000][8][gc,heap     ] GC(90) Humongous regions: 6->6
[2022-04-22T08:24:34.947+0000][8][gc,metaspace] GC(90) Metaspace: 106627K(108096K)->106627K(108096K) NonClass: 92178K(93056K)->92178K(93056K) Class: 14449K(15040K)->14449K(15040K)
[2022-04-22T08:24:34.947+0000][8][gc          ] GC(90) Pause Young (Mixed) (G1 Evacuation Pause) 186M->152M(512M) 15.751ms
[2022-04-22T08:24:34.948+0000][8][gc,cpu      ] GC(90) User=0.01s Sys=0.00s Real=0.01s
[2022-04-22T08:24:34.948+0000][8][safepoint   ] Safepoint "G1CollectForAllocation", Time since last: 77811542 ns, Reaching safepoint: 92833 ns, At safepoint: 17005750 ns, Total: 17098583 ns
[2022-04-22T08:24:35.949+0000][8][safepoint   ] Safepoint "Cleanup", Time since last: 1000715417 ns, Reaching safepoint: 51583 ns, At safepoint: 2084 ns, Total: 53667 ns
[2022-04-22T08:24:36.950+0000][8][safepoint   ] Safepoint "Cleanup", Time since last: 1001045875 ns, Reaching safepoint: 74542 ns, At safepoint: 3541 ns, Total: 78083 ns
[2022-04-22T08:24:39.279+0000][8][gc,start    ] GC(91) Pause Young (Normal) (G1 Evacuation Pause)
[2022-04-22T08:24:39.280+0000][8][gc,task     ] GC(91) Using 5 workers of 5 for evacuation
[2022-04-22T08:24:39.280+0000][8][gc,age      ] GC(91) Desired survivor size 16777216 bytes, new threshold 15 (max threshold 15)
[2022-04-22T08:24:39.284+0000][8][gc,age      ] GC(91) Age table with threshold 15 (max threshold 15)
[2022-04-22T08:24:39.286+0000][8][gc,age      ] GC(91) - age   1:    5820848 bytes,    5820848 total
[2022-04-22T08:24:39.286+0000][8][gc,age      ] GC(91) - age   2:      93392 bytes,    5914240 total
[2022-04-22T08:24:39.287+0000][8][gc,phases   ] GC(91)   Pre Evacuate Collection Set: 0.4ms
[2022-04-22T08:24:39.289+0000][8][gc,phases   ] GC(91)   Merge Heap Roots: 0.1ms
[2022-04-22T08:24:39.290+0000][8][gc,phases   ] GC(91)   Evacuate Collection Set: 1.5ms
[2022-04-22T08:24:39.290+0000][8][gc,phases   ] GC(91)   Post Evacuate Collection Set: 1.2ms
[2022-04-22T08:24:39.291+0000][8][gc,phases   ] GC(91)   Other: 5.8ms
[2022-04-22T08:24:39.291+0000][8][gc,heap     ] GC(91) Eden regions: 63->0(62)
[2022-04-22T08:24:39.292+0000][8][gc,heap     ] GC(91) Survivor regions: 1->2(8)
[2022-04-22T08:24:39.293+0000][8][gc,heap     ] GC(91) Old regions: 31->31
[2022-04-22T08:24:39.293+0000][8][gc,heap     ] GC(91) Archive regions: 2->2
[2022-04-22T08:24:39.294+0000][8][gc,heap     ] GC(91) Humongous regions: 6->6
[2022-04-22T08:24:39.295+0000][8][gc,metaspace] GC(91) Metaspace: 106655K(108096K)->106655K(108096K) NonClass: 92206K(93056K)->92206K(93056K) Class: 14449K(15040K)->14449K(15040K)
[2022-04-22T08:24:39.295+0000][8][gc          ] GC(91) Pause Young (Normal) (G1 Evacuation Pause) 404M->157M(512M) 16.711ms
[2022-04-22T08:24:39.296+0000][8][gc,cpu      ] GC(91) User=0.01s Sys=0.00s Real=0.02s
[2022-04-22T08:24:39.297+0000][8][safepoint   ] Safepoint "G1CollectForAllocation", Time since last: 2328313168 ns, Reaching safepoint: 66959 ns, At safepoint: 18554041 ns, Total: 18621000 ns
[2022-04-22T08:24:40.298+0000][8][safepoint   ] Safepoint "Cleanup", Time since last: 1000644126 ns, Reaching safepoint: 207291 ns, At safepoint: 10750 ns, Total: 218041 ns
[2022-04-22T08:24:41.312+0000][8][safepoint   ] Safepoint "Cleanup", Time since last: 1001134626 ns, Reaching safepoint: 12536625 ns, At safepoint: 36375 ns, Total: 12573000 ns
[2022-04-22T08:24:42.117+0000][8][gc,start    ] GC(92) Pause Young (Normal) (G1 Evacuation Pause)
[2022-04-22T08:24:42.118+0000][8][gc,task     ] GC(92) Using 5 workers of 5 for evacuation
[2022-04-22T08:24:42.119+0000][8][gc,age      ] GC(92) Desired survivor size 16777216 bytes, new threshold 15 (max threshold 15)
[2022-04-22T08:24:42.122+0000][8][gc,age      ] GC(92) Age table with threshold 15 (max threshold 15)
[2022-04-22T08:24:42.123+0000][8][gc,age      ] GC(92) - age   1:    6427872 bytes,    6427872 total
[2022-04-22T08:24:42.124+0000][8][gc,age      ] GC(92) - age   2:    3322872 bytes,    9750744 total
[2022-04-22T08:24:42.125+0000][8][gc,age      ] GC(92) - age   3:      91040 bytes,    9841784 total
[2022-04-22T08:24:42.125+0000][8][gc,phases   ] GC(92)   Pre Evacuate Collection Set: 0.2ms
[2022-04-22T08:24:42.126+0000][8][gc,phases   ] GC(92)   Merge Heap Roots: 0.1ms
[2022-04-22T08:24:42.127+0000][8][gc,phases   ] GC(92)   Evacuate Collection Set: 1.6ms
[2022-04-22T08:24:42.128+0000][8][gc,phases   ] GC(92)   Post Evacuate Collection Set: 0.7ms
[2022-04-22T08:24:42.129+0000][8][gc,phases   ] GC(92)   Other: 5.4ms
[2022-04-22T08:24:42.130+0000][8][gc,heap     ] GC(92) Eden regions: 62->0(60)
[2022-04-22T08:24:42.131+0000][8][gc,heap     ] GC(92) Survivor regions: 2->3(8)
[2022-04-22T08:24:42.132+0000][8][gc,heap     ] GC(92) Old regions: 31->31
[2022-04-22T08:24:42.132+0000][8][gc,heap     ] GC(92) Archive regions: 2->2
[2022-04-22T08:24:42.133+0000][8][gc,heap     ] GC(92) Humongous regions: 6->6
[2022-04-22T08:24:42.134+0000][8][gc,metaspace] GC(92) Metaspace: 106666K(108160K)->106666K(108160K) NonClass: 92217K(93120K)->92217K(93120K) Class: 14449K(15040K)->14449K(15040K)
[2022-04-22T08:24:42.135+0000][8][gc          ] GC(92) Pause Young (Normal) (G1 Evacuation Pause) 405M->161M(512M) 17.603ms
[2022-04-22T08:24:42.135+0000][8][gc,cpu      ] GC(92) User=0.00s Sys=0.00s Real=0.02s
[2022-04-22T08:24:42.136+0000][8][safepoint   ] Safepoint "G1CollectForAllocation", Time since last: 805281334 ns, Reaching safepoint: 61083 ns, At safepoint: 19094333 ns, Total: 19155416 ns
[2022-04-22T08:24:43.137+0000][8][safepoint   ] Safepoint "Cleanup", Time since last: 1000989876 ns, Reaching safepoint: 136250 ns, At safepoint: 7625 ns, Total: 143875 ns
[2022-04-22T08:24:44.139+0000][8][safepoint   ] Safepoint "Cleanup", Time since last: 1000783292 ns, Reaching safepoint: 625833 ns, At safepoint: 21792 ns, Total: 647625 ns
[2022-04-22T08:24:44.842+0000][8][gc,start    ] GC(93) Pause Young (Concurrent Start) (G1 Evacuation Pause)
[2022-04-22T08:24:44.843+0000][8][gc,task     ] GC(93) Using 5 workers of 5 for evacuation
[2022-04-22T08:24:44.844+0000][8][gc,age      ] GC(93) Desired survivor size 16777216 bytes, new threshold 15 (max threshold 15)
[2022-04-22T08:24:44.849+0000][8][gc,age      ] GC(93) Age table with threshold 15 (max threshold 15)
[2022-04-22T08:24:44.850+0000][8][gc,age      ] GC(93) - age   1:    2316032 bytes,    2316032 total
[2022-04-22T08:24:44.851+0000][8][gc,age      ] GC(93) - age   2:     311288 bytes,    2627320 total
[2022-04-22T08:24:44.852+0000][8][gc,age      ] GC(93) - age   3:    3233440 bytes,    5860760 total
[2022-04-22T08:24:44.853+0000][8][gc,age      ] GC(93) - age   4:      90368 bytes,    5951128 total
[2022-04-22T08:24:44.853+0000][8][gc,phases   ] GC(93)   Pre Evacuate Collection Set: 0.3ms
[2022-04-22T08:24:44.854+0000][8][gc,phases   ] GC(93)   Merge Heap Roots: 0.2ms
[2022-04-22T08:24:44.855+0000][8][gc,phases   ] GC(93)   Evacuate Collection Set: 3.6ms
[2022-04-22T08:24:44.855+0000][8][gc,phases   ] GC(93)   Post Evacuate Collection Set: 0.6ms
[2022-04-22T08:24:44.856+0000][8][gc,phases   ] GC(93)   Other: 6.8ms
[2022-04-22T08:24:44.857+0000][8][gc,heap     ] GC(93) Eden regions: 60->0(62)
[2022-04-22T08:24:44.857+0000][8][gc,heap     ] GC(93) Survivor regions: 3->2(8)
[2022-04-22T08:24:44.858+0000][8][gc,heap     ] GC(93) Old regions: 31->31
[2022-04-22T08:24:44.859+0000][8][gc,heap     ] GC(93) Archive regions: 2->2
[2022-04-22T08:24:44.860+0000][8][gc,heap     ] GC(93) Humongous regions: 6->6
[2022-04-22T08:24:44.860+0000][8][gc,metaspace] GC(93) Metaspace: 106673K(108224K)->106673K(108224K) NonClass: 92224K(93184K)->92224K(93184K) Class: 14449K(15040K)->14449K(15040K)
[2022-04-22T08:24:44.861+0000][8][gc          ] GC(93) Pause Young (Concurrent Start) (G1 Evacuation Pause) 401M->157M(512M) 19.216ms
[2022-04-22T08:24:44.862+0000][8][gc,cpu      ] GC(93) User=0.01s Sys=0.00s Real=0.02s
[2022-04-22T08:24:44.863+0000][8][safepoint   ] Safepoint "G1CollectForAllocation", Time since last: 703135250 ns, Reaching safepoint: 81125 ns, At safepoint: 20546667 ns, Total: 20627792 ns
[2022-04-22T08:24:44.863+0000][8][gc          ] GC(94) Concurrent Mark Cycle
[2022-04-22T08:24:44.870+0000][8][gc,marking  ] GC(94) Concurrent Clear Claimed Marks
[2022-04-22T08:24:44.871+0000][8][gc,marking  ] GC(94) Concurrent Clear Claimed Marks 1.202ms
[2022-04-22T08:24:44.872+0000][8][gc,marking  ] GC(94) Concurrent Scan Root Regions
[2022-04-22T08:24:44.874+0000][8][gc,marking  ] GC(94) Concurrent Scan Root Regions 1.924ms
[2022-04-22T08:24:44.875+0000][8][gc,marking  ] GC(94) Concurrent Mark
[2022-04-22T08:24:44.875+0000][8][gc,marking  ] GC(94) Concurrent Mark From Roots
[2022-04-22T08:24:44.876+0000][8][gc,task     ] GC(94) Using 1 workers of 1 for marking
[2022-04-22T08:24:44.941+0000][8][gc,marking  ] GC(94) Concurrent Mark From Roots 65.720ms
[2022-04-22T08:24:44.942+0000][8][gc,marking  ] GC(94) Concurrent Preclean
[2022-04-22T08:24:44.943+0000][8][gc,marking  ] GC(94) Concurrent Preclean 1.336ms
[2022-04-22T08:24:44.944+0000][8][gc,start    ] GC(94) Pause Remark
[2022-04-22T08:24:44.950+0000][8][gc          ] GC(94) Pause Remark 161M->157M(512M) 5.710ms
[2022-04-22T08:24:44.951+0000][8][gc,cpu      ] GC(94) User=0.02s Sys=0.00s Real=0.01s
[2022-04-22T08:24:44.952+0000][8][safepoint   ] Safepoint "G1Concurrent", Time since last: 81527542 ns, Reaching safepoint: 91375 ns, At safepoint: 7567416 ns, Total: 7658791 ns
[2022-04-22T08:24:44.953+0000][8][gc,marking  ] GC(94) Concurrent Mark 78.654ms
[2022-04-22T08:24:44.954+0000][8][gc,marking  ] GC(94) Concurrent Rebuild Remembered Sets
[2022-04-22T08:24:44.995+0000][8][gc,marking  ] GC(94) Concurrent Rebuild Remembered Sets 40.855ms
[2022-04-22T08:24:44.997+0000][8][gc,start    ] GC(94) Pause Cleanup
[2022-04-22T08:24:44.998+0000][8][gc          ] GC(94) Pause Cleanup 159M->159M(512M) 1.236ms
[2022-04-22T08:24:45.000+0000][8][gc,cpu      ] GC(94) User=0.00s Sys=0.00s Real=0.00s
[2022-04-22T08:24:45.001+0000][8][safepoint   ] Safepoint "G1Concurrent", Time since last: 45065125 ns, Reaching safepoint: 331834 ns, At safepoint: 3841291 ns, Total: 4173125 ns
[2022-04-22T08:24:45.002+0000][8][gc,marking  ] GC(94) Concurrent Cleanup for Next Mark
[2022-04-22T08:24:45.004+0000][8][gc,marking  ] GC(94) Concurrent Cleanup for Next Mark 1.556ms
[2022-04-22T08:24:45.005+0000][8][gc          ] GC(94) Concurrent Mark Cycle 141.987ms
[2022-04-22T08:24:47.002+0000][8][safepoint   ] Safepoint "Cleanup", Time since last: 2000981251 ns, Reaching safepoint: 125084 ns, At safepoint: 4958 ns, Total: 130042 ns
[2022-04-22T08:24:48.003+0000][8][safepoint   ] Safepoint "Cleanup", Time since last: 1001146042 ns, Reaching safepoint: 274125 ns, At safepoint: 5833 ns, Total: 279958 ns
[2022-04-22T08:24:49.105+0000][8][gc,start    ] GC(95) Pause Young (Prepare Mixed) (G1 Evacuation Pause)
[2022-04-22T08:24:49.107+0000][8][gc,task     ] GC(95) Using 5 workers of 5 for evacuation
[2022-04-22T08:24:49.108+0000][8][gc,age      ] GC(95) Desired survivor size 16777216 bytes, new threshold 15 (max threshold 15)
[2022-04-22T08:24:49.112+0000][8][gc,age      ] GC(95) Age table with threshold 15 (max threshold 15)
[2022-04-22T08:24:49.113+0000][8][gc,age      ] GC(95) - age   1:    4877624 bytes,    4877624 total
[2022-04-22T08:24:49.114+0000][8][gc,age      ] GC(95) - age   2:     273312 bytes,    5150936 total
[2022-04-22T08:24:49.115+0000][8][gc,age      ] GC(95) - age   3:     297720 bytes,    5448656 total
[2022-04-22T08:24:49.116+0000][8][gc,age      ] GC(95) - age   4:     429480 bytes,    5878136 total
[2022-04-22T08:24:49.118+0000][8][gc,age      ] GC(95) - age   5:       8048 bytes,    5886184 total
[2022-04-22T08:24:49.120+0000][8][gc,phases   ] GC(95)   Pre Evacuate Collection Set: 0.1ms
[2022-04-22T08:24:49.121+0000][8][gc,phases   ] GC(95)   Merge Heap Roots: 0.1ms
[2022-04-22T08:24:49.122+0000][8][gc,phases   ] GC(95)   Evacuate Collection Set: 2.0ms
[2022-04-22T08:24:49.123+0000][8][gc,phases   ] GC(95)   Post Evacuate Collection Set: 0.9ms
[2022-04-22T08:24:49.124+0000][8][gc,phases   ] GC(95)   Other: 11.2ms
[2022-04-22T08:24:49.125+0000][8][gc,heap     ] GC(95) Eden regions: 62->0(4)
[2022-04-22T08:24:49.125+0000][8][gc,heap     ] GC(95) Survivor regions: 2->2(8)
[2022-04-22T08:24:49.126+0000][8][gc,heap     ] GC(95) Old regions: 30->30
[2022-04-22T08:24:49.127+0000][8][gc,heap     ] GC(95) Archive regions: 2->2
[2022-04-22T08:24:49.128+0000][8][gc,heap     ] GC(95) Humongous regions: 6->6
[2022-04-22T08:24:49.129+0000][8][gc,metaspace] GC(95) Metaspace: 106698K(108224K)->106698K(108224K) NonClass: 92249K(93184K)->92249K(93184K) Class: 14449K(15040K)->14449K(15040K)
[2022-04-22T08:24:49.130+0000][8][gc          ] GC(95) Pause Young (Prepare Mixed) (G1 Evacuation Pause) 401M->153M(512M) 24.053ms
[2022-04-22T08:24:49.131+0000][8][gc,cpu      ] GC(95) User=0.01s Sys=0.01s Real=0.03s
[2022-04-22T08:24:49.132+0000][8][safepoint   ] Safepoint "G1CollectForAllocation", Time since last: 1101800876 ns, Reaching safepoint: 182500 ns, At safepoint: 26236167 ns, Total: 26418667 ns
[2022-04-22T08:24:49.195+0000][8][gc,start    ] GC(96) Pause Young (Mixed) (G1 Evacuation Pause)
[2022-04-22T08:24:49.196+0000][8][gc,task     ] GC(96) Using 5 workers of 5 for evacuation
[2022-04-22T08:24:49.197+0000][8][gc,age      ] GC(96) Desired survivor size 2097152 bytes, new threshold 1 (max threshold 15)
[2022-04-22T08:24:49.201+0000][8][gc,age      ] GC(96) Age table with threshold 1 (max threshold 15)
[2022-04-22T08:24:49.202+0000][8][gc,age      ] GC(96) - age   1:     353584 bytes,     353584 total
[2022-04-22T08:24:49.202+0000][8][gc,phases   ] GC(96)   Pre Evacuate Collection Set: 0.4ms
[2022-04-22T08:24:49.203+0000][8][gc,phases   ] GC(96)   Merge Heap Roots: 0.1ms
[2022-04-22T08:24:49.204+0000][8][gc,phases   ] GC(96)   Evacuate Collection Set: 2.1ms
[2022-04-22T08:24:49.205+0000][8][gc,phases   ] GC(96)   Post Evacuate Collection Set: 0.8ms
[2022-04-22T08:24:49.205+0000][8][gc,phases   ] GC(96)   Other: 4.2ms
[2022-04-22T08:24:49.206+0000][8][gc,heap     ] GC(96) Eden regions: 4->0(66)
[2022-04-22T08:24:49.207+0000][8][gc,heap     ] GC(96) Survivor regions: 2->1(1)
[2022-04-22T08:24:49.207+0000][8][gc,heap     ] GC(96) Old regions: 30->28
[2022-04-22T08:24:49.208+0000][8][gc,heap     ] GC(96) Archive regions: 2->2
[2022-04-22T08:24:49.209+0000][8][gc,heap     ] GC(96) Humongous regions: 6->6
[2022-04-22T08:24:49.209+0000][8][gc,metaspace] GC(96) Metaspace: 106698K(108224K)->106698K(108224K) NonClass: 92249K(93184K)->92249K(93184K) Class: 14449K(15040K)->14449K(15040K)
[2022-04-22T08:24:49.211+0000][8][gc          ] GC(96) Pause Young (Mixed) (G1 Evacuation Pause) 169M->138M(512M) 15.986ms
[2022-04-22T08:24:49.211+0000][8][gc,cpu      ] GC(96) User=0.00s Sys=0.00s Real=0.02s
[2022-04-22T08:24:49.212+0000][8][safepoint   ] Safepoint "G1CollectForAllocation", Time since last: 62770833 ns, Reaching safepoint: 150292 ns, At safepoint: 17374166 ns, Total: 17524458 ns
[2022-04-22T08:24:50.213+0000][8][safepoint   ] Safepoint "Cleanup", Time since last: 1000822459 ns, Reaching safepoint: 74833 ns, At safepoint: 13959 ns, Total: 88792 ns
[2022-04-22T08:24:56.820+0000][8][gc,start    ] GC(97) Pause Young (Normal) (G1 Evacuation Pause)
[2022-04-22T08:24:56.821+0000][8][gc,task     ] GC(97) Using 5 workers of 5 for evacuation
[2022-04-22T08:24:56.823+0000][8][gc,age      ] GC(97) Desired survivor size 18874368 bytes, new threshold 15 (max threshold 15)
[2022-04-22T08:24:56.828+0000][8][gc,age      ] GC(97) Age table with threshold 15 (max threshold 15)
[2022-04-22T08:24:56.829+0000][8][gc,age      ] GC(97) - age   1:   10328616 bytes,   10328616 total
[2022-04-22T08:24:56.830+0000][8][gc,age      ] GC(97) - age   2:      47152 bytes,   10375768 total
[2022-04-22T08:24:56.831+0000][8][gc,phases   ] GC(97)   Pre Evacuate Collection Set: 0.1ms
[2022-04-22T08:24:56.832+0000][8][gc,phases   ] GC(97)   Merge Heap Roots: 0.1ms
[2022-04-22T08:24:56.833+0000][8][gc,phases   ] GC(97)   Evacuate Collection Set: 2.1ms
[2022-04-22T08:24:56.834+0000][8][gc,phases   ] GC(97)   Post Evacuate Collection Set: 1.3ms
[2022-04-22T08:24:56.835+0000][8][gc,phases   ] GC(97)   Other: 7.0ms
[2022-04-22T08:24:56.835+0000][8][gc,heap     ] GC(97) Eden regions: 66->0(63)
[2022-04-22T08:24:56.836+0000][8][gc,heap     ] GC(97) Survivor regions: 1->3(9)
[2022-04-22T08:24:56.837+0000][8][gc,heap     ] GC(97) Old regions: 28->28
[2022-04-22T08:24:56.837+0000][8][gc,heap     ] GC(97) Archive regions: 2->2
[2022-04-22T08:24:56.838+0000][8][gc,heap     ] GC(97) Humongous regions: 6->6
[2022-04-22T08:24:56.839+0000][8][gc,metaspace] GC(97) Metaspace: 106706K(108224K)->106706K(108224K) NonClass: 92257K(93184K)->92257K(93184K) Class: 14449K(15040K)->14449K(15040K)
[2022-04-22T08:24:56.840+0000][8][gc          ] GC(97) Pause Young (Normal) (G1 Evacuation Pause) 402M->147M(512M) 19.392ms
[2022-04-22T08:24:56.841+0000][8][gc,cpu      ] GC(97) User=0.01s Sys=0.00s Real=0.03s
[2022-04-22T08:24:56.841+0000][8][safepoint   ] Safepoint "G1CollectForAllocation", Time since last: 6607334753 ns, Reaching safepoint: 79125 ns, At safepoint: 20855625 ns, Total: 20934750 ns
[2022-04-22T08:25:00.939+0000][8][gc,start    ] GC(98) Pause Young (Concurrent Start) (G1 Humongous Allocation)
[2022-04-22T08:25:00.939+0000][8][gc,task     ] GC(98) Using 5 workers of 5 for evacuation
[2022-04-22T08:25:00.940+0000][8][gc,age      ] GC(98) Desired survivor size 18874368 bytes, new threshold 15 (max threshold 15)
[2022-04-22T08:25:00.944+0000][8][gc,age      ] GC(98) Age table with threshold 15 (max threshold 15)
[2022-04-22T08:25:00.944+0000][8][gc,age      ] GC(98) - age   1:    7499424 bytes,    7499424 total
[2022-04-22T08:25:00.945+0000][8][gc,age      ] GC(98) - age   2:    7019712 bytes,   14519136 total
[2022-04-22T08:25:00.946+0000][8][gc,age      ] GC(98) - age   3:      47152 bytes,   14566288 total
[2022-04-22T08:25:00.947+0000][8][gc,phases   ] GC(98)   Pre Evacuate Collection Set: 0.3ms
[2022-04-22T08:25:00.948+0000][8][gc,phases   ] GC(98)   Merge Heap Roots: 0.2ms
[2022-04-22T08:25:00.948+0000][8][gc,phases   ] GC(98)   Evacuate Collection Set: 1.3ms
[2022-04-22T08:25:00.950+0000][8][gc,phases   ] GC(98)   Post Evacuate Collection Set: 1.0ms
[2022-04-22T08:25:00.951+0000][8][gc,phases   ] GC(98)   Other: 5.5ms
[2022-04-22T08:25:00.952+0000][8][gc,heap     ] GC(98) Eden regions: 36->0(62)
[2022-04-22T08:25:00.952+0000][8][gc,heap     ] GC(98) Survivor regions: 3->4(9)
[2022-04-22T08:25:00.953+0000][8][gc,heap     ] GC(98) Old regions: 28->28
[2022-04-22T08:25:00.954+0000][8][gc,heap     ] GC(98) Archive regions: 2->2
[2022-04-22T08:25:00.954+0000][8][gc,heap     ] GC(98) Humongous regions: 6->6
[2022-04-22T08:25:00.955+0000][8][gc,metaspace] GC(98) Metaspace: 106706K(108224K)->106706K(108224K) NonClass: 92257K(93184K)->92257K(93184K) Class: 14449K(15040K)->14449K(15040K)
[2022-04-22T08:25:00.956+0000][8][gc          ] GC(98) Pause Young (Concurrent Start) (G1 Humongous Allocation) 287M->151M(512M) 17.449ms
[2022-04-22T08:25:00.957+0000][8][gc,cpu      ] GC(98) User=0.01s Sys=0.00s Real=0.02s
[2022-04-22T08:25:00.958+0000][8][safepoint   ] Safepoint "G1TryInitiateConcMark", Time since last: 4096939043 ns, Reaching safepoint: 57833 ns, At safepoint: 19624500 ns, Total: 19682333 ns
[2022-04-22T08:25:00.958+0000][8][gc          ] GC(99) Concurrent Mark Cycle
[2022-04-22T08:25:00.959+0000][8][gc,marking  ] GC(99) Concurrent Clear Claimed Marks
[2022-04-22T08:25:00.965+0000][8][gc,marking  ] GC(99) Concurrent Clear Claimed Marks 5.409ms
[2022-04-22T08:25:00.965+0000][8][gc,marking  ] GC(99) Concurrent Scan Root Regions
[2022-04-22T08:25:00.967+0000][8][gc,marking  ] GC(99) Concurrent Scan Root Regions 1.836ms
[2022-04-22T08:25:00.968+0000][8][gc,marking  ] GC(99) Concurrent Mark
[2022-04-22T08:25:00.969+0000][8][gc,marking  ] GC(99) Concurrent Mark From Roots
[2022-04-22T08:25:00.970+0000][8][gc,task     ] GC(99) Using 1 workers of 1 for marking
[2022-04-22T08:25:01.031+0000][8][gc,marking  ] GC(99) Concurrent Mark From Roots 62.181ms
[2022-04-22T08:25:01.033+0000][8][gc,marking  ] GC(99) Concurrent Preclean
[2022-04-22T08:25:01.034+0000][8][gc,marking  ] GC(99) Concurrent Preclean 0.967ms
[2022-04-22T08:25:01.035+0000][8][gc,start    ] GC(99) Pause Remark
[2022-04-22T08:25:01.041+0000][8][gc          ] GC(99) Pause Remark 158M->158M(512M) 6.148ms
[2022-04-22T08:25:01.042+0000][8][gc,cpu      ] GC(99) User=0.01s Sys=0.00s Real=0.01s
[2022-04-22T08:25:01.043+0000][8][safepoint   ] Safepoint "G1Concurrent", Time since last: 76892833 ns, Reaching safepoint: 274334 ns, At safepoint: 7824916 ns, Total: 8099250 ns
[2022-04-22T08:25:01.044+0000][8][gc,marking  ] GC(99) Concurrent Mark 75.757ms
[2022-04-22T08:25:01.045+0000][8][gc,marking  ] GC(99) Concurrent Rebuild Remembered Sets
[2022-04-22T08:25:01.086+0000][8][gc,marking  ] GC(99) Concurrent Rebuild Remembered Sets 40.788ms
[2022-04-22T08:25:01.086+0000][8][gc,start    ] GC(99) Pause Cleanup
[2022-04-22T08:25:01.087+0000][8][gc          ] GC(99) Pause Cleanup 159M->159M(512M) 0.970ms
[2022-04-22T08:25:01.088+0000][8][gc,cpu      ] GC(99) User=0.00s Sys=0.00s Real=0.00s
[2022-04-22T08:25:01.089+0000][8][safepoint   ] Safepoint "G1Concurrent", Time since last: 43197959 ns, Reaching safepoint: 150791 ns, At safepoint: 2577709 ns, Total: 2728500 ns
[2022-04-22T08:25:01.090+0000][8][gc,marking  ] GC(99) Concurrent Cleanup for Next Mark
[2022-04-22T08:25:01.091+0000][8][gc,marking  ] GC(99) Concurrent Cleanup for Next Mark 0.946ms
[2022-04-22T08:25:01.091+0000][8][gc          ] GC(99) Concurrent Mark Cycle 133.059ms
[2022-04-22T08:25:08.880+0000][8][gc,start    ] GC(100) Pause Young (Prepare Mixed) (G1 Evacuation Pause)
[2022-04-22T08:25:08.881+0000][8][gc,task     ] GC(100) Using 5 workers of 5 for evacuation
[2022-04-22T08:25:08.882+0000][8][gc,age      ] GC(100) Desired survivor size 18874368 bytes, new threshold 15 (max threshold 15)
[2022-04-22T08:25:08.886+0000][8][gc,age      ] GC(100) Age table with threshold 15 (max threshold 15)
[2022-04-22T08:25:08.887+0000][8][gc,age      ] GC(100) - age   1:   10965328 bytes,   10965328 total
[2022-04-22T08:25:08.888+0000][8][gc,age      ] GC(100) - age   2:    3030680 bytes,   13996008 total
[2022-04-22T08:25:08.888+0000][8][gc,age      ] GC(100) - age   3:    5879976 bytes,   19875984 total
[2022-04-22T08:25:08.889+0000][8][gc,age      ] GC(100) - age   4:      46728 bytes,   19922712 total
[2022-04-22T08:25:08.890+0000][8][gc,phases   ] GC(100)   Pre Evacuate Collection Set: 0.2ms
[2022-04-22T08:25:08.890+0000][8][gc,phases   ] GC(100)   Merge Heap Roots: 0.1ms
[2022-04-22T08:25:08.891+0000][8][gc,phases   ] GC(100)   Evacuate Collection Set: 2.4ms
[2022-04-22T08:25:08.891+0000][8][gc,phases   ] GC(100)   Post Evacuate Collection Set: 1.0ms
[2022-04-22T08:25:08.892+0000][8][gc,phases   ] GC(100)   Other: 6.1ms
[2022-04-22T08:25:08.893+0000][8][gc,heap     ] GC(100) Eden regions: 62->0(1)
[2022-04-22T08:25:08.893+0000][8][gc,heap     ] GC(100) Survivor regions: 4->5(9)
[2022-04-22T08:25:08.894+0000][8][gc,heap     ] GC(100) Old regions: 28->28
[2022-04-22T08:25:08.895+0000][8][gc,heap     ] GC(100) Archive regions: 2->2
[2022-04-22T08:25:08.895+0000][8][gc,heap     ] GC(100) Humongous regions: 7->7
[2022-04-22T08:25:08.896+0000][8][gc,metaspace] GC(100) Metaspace: 106708K(108224K)->106708K(108224K) NonClass: 92259K(93184K)->92259K(93184K) Class: 14449K(15040K)->14449K(15040K)
[2022-04-22T08:25:08.897+0000][8][gc          ] GC(100) Pause Young (Prepare Mixed) (G1 Evacuation Pause) 403M->161M(512M) 16.987ms
[2022-04-22T08:25:08.898+0000][8][gc,cpu      ] GC(100) User=0.00s Sys=0.00s Real=0.02s
[2022-04-22T08:25:08.898+0000][8][safepoint   ] Safepoint "G1CollectForAllocation", Time since last: 7790525795 ns, Reaching safepoint: 219875 ns, At safepoint: 18667333 ns, Total: 18887208 ns
[2022-04-22T08:25:09.026+0000][8][gc,start    ] GC(101) Pause Young (Mixed) (G1 Evacuation Pause)
[2022-04-22T08:25:09.027+0000][8][gc,task     ] GC(101) Using 5 workers of 5 for evacuation
[2022-04-22T08:25:09.029+0000][8][gc,age      ] GC(101) Desired survivor size 2097152 bytes, new threshold 1 (max threshold 15)
[2022-04-22T08:25:09.033+0000][8][gc,age      ] GC(101) Age table with threshold 1 (max threshold 15)
[2022-04-22T08:25:09.034+0000][8][gc,age      ] GC(101) - age   1:     129296 bytes,     129296 total
[2022-04-22T08:25:09.035+0000][8][gc,phases   ] GC(101)   Pre Evacuate Collection Set: 0.2ms
[2022-04-22T08:25:09.035+0000][8][gc,phases   ] GC(101)   Merge Heap Roots: 0.2ms
[2022-04-22T08:25:09.036+0000][8][gc,phases   ] GC(101)   Evacuate Collection Set: 2.2ms
[2022-04-22T08:25:09.036+0000][8][gc,phases   ] GC(101)   Post Evacuate Collection Set: 0.6ms
[2022-04-22T08:25:09.037+0000][8][gc,phases   ] GC(101)   Other: 5.1ms
[2022-04-22T08:25:09.038+0000][8][gc,heap     ] GC(101) Eden regions: 1->0(60)
[2022-04-22T08:25:09.038+0000][8][gc,heap     ] GC(101) Survivor regions: 5->1(1)
[2022-04-22T08:25:09.039+0000][8][gc,heap     ] GC(101) Old regions: 28->31
[2022-04-22T08:25:09.040+0000][8][gc,heap     ] GC(101) Archive regions: 2->2
[2022-04-22T08:25:09.041+0000][8][gc,heap     ] GC(101) Humongous regions: 7->7
[2022-04-22T08:25:09.041+0000][8][gc,metaspace] GC(101) Metaspace: 106708K(108224K)->106708K(108224K) NonClass: 92259K(93184K)->92259K(93184K) Class: 14449K(15040K)->14449K(15040K)
[2022-04-22T08:25:09.042+0000][8][gc          ] GC(101) Pause Young (Mixed) (G1 Evacuation Pause) 165M->153M(512M) 15.544ms
[2022-04-22T08:25:09.043+0000][8][gc,cpu      ] GC(101) User=0.01s Sys=0.00s Real=0.02s
[2022-04-22T08:25:09.043+0000][8][safepoint   ] Safepoint "G1CollectForAllocation", Time since last: 127763542 ns, Reaching safepoint: 102333 ns, At safepoint: 17026209 ns, Total: 17128542 ns
[2022-04-22T08:25:15.045+0000][8][safepoint   ] Safepoint "Cleanup", Time since last: 6001899544 ns, Reaching safepoint: 114625 ns, At safepoint: 4375 ns, Total: 119000 ns
[2022-04-22T08:25:16.179+0000][8][gc,start    ] GC(102) Pause Young (Normal) (G1 Evacuation Pause)
[2022-04-22T08:25:16.180+0000][8][gc,task     ] GC(102) Using 5 workers of 5 for evacuation
[2022-04-22T08:25:16.181+0000][8][gc,age      ] GC(102) Desired survivor size 16777216 bytes, new threshold 15 (max threshold 15)
[2022-04-22T08:25:16.184+0000][8][gc,age      ] GC(102) Age table with threshold 15 (max threshold 15)
[2022-04-22T08:25:16.185+0000][8][gc,age      ] GC(102) - age   1:   13746384 bytes,   13746384 total
[2022-04-22T08:25:16.185+0000][8][gc,age      ] GC(102) - age   2:     110864 bytes,   13857248 total
[2022-04-22T08:25:16.186+0000][8][gc,phases   ] GC(102)   Pre Evacuate Collection Set: 0.1ms
[2022-04-22T08:25:16.187+0000][8][gc,phases   ] GC(102)   Merge Heap Roots: 0.1ms
[2022-04-22T08:25:16.187+0000][8][gc,phases   ] GC(102)   Evacuate Collection Set: 1.6ms
[2022-04-22T08:25:16.188+0000][8][gc,phases   ] GC(102)   Post Evacuate Collection Set: 0.5ms
[2022-04-22T08:25:16.189+0000][8][gc,phases   ] GC(102)   Other: 4.4ms
[2022-04-22T08:25:16.189+0000][8][gc,heap     ] GC(102) Eden regions: 60->0(55)
[2022-04-22T08:25:16.190+0000][8][gc,heap     ] GC(102) Survivor regions: 1->4(8)
[2022-04-22T08:25:16.191+0000][8][gc,heap     ] GC(102) Old regions: 31->31
[2022-04-22T08:25:16.192+0000][8][gc,heap     ] GC(102) Archive regions: 2->2
[2022-04-22T08:25:16.193+0000][8][gc,heap     ] GC(102) Humongous regions: 7->7
[2022-04-22T08:25:16.193+0000][8][gc,metaspace] GC(102) Metaspace: 106709K(108224K)->106709K(108224K) NonClass: 92259K(93184K)->92259K(93184K) Class: 14449K(15040K)->14449K(15040K)
[2022-04-22T08:25:16.194+0000][8][gc          ] GC(102) Pause Young (Normal) (G1 Evacuation Pause) 393M->167M(512M) 14.566ms
[2022-04-22T08:25:16.194+0000][8][gc,cpu      ] GC(102) User=0.01s Sys=0.00s Real=0.02s
[2022-04-22T08:25:16.195+0000][8][safepoint   ] Safepoint "G1CollectForAllocation", Time since last: 1133831668 ns, Reaching safepoint: 36583 ns, At safepoint: 15917708 ns, Total: 15954291 ns
[2022-04-22T08:25:22.012+0000][8][gc,start    ] GC(103) Pause Young (Normal) (G1 Evacuation Pause)
[2022-04-22T08:25:22.014+0000][8][gc,task     ] GC(103) Using 5 workers of 5 for evacuation
[2022-04-22T08:25:22.015+0000][8][gc,age      ] GC(103) Desired survivor size 16777216 bytes, new threshold 15 (max threshold 15)
[2022-04-22T08:25:22.019+0000][8][gc,age      ] GC(103) Age table with threshold 15 (max threshold 15)
[2022-04-22T08:25:22.020+0000][8][gc,age      ] GC(103) - age   1:   15375416 bytes,   15375416 total
[2022-04-22T08:25:22.021+0000][8][gc,age      ] GC(103) - age   2:    5529440 bytes,   20904856 total
[2022-04-22T08:25:22.022+0000][8][gc,age      ] GC(103) - age   3:     110832 bytes,   21015688 total
[2022-04-22T08:25:22.023+0000][8][gc,phases   ] GC(103)   Pre Evacuate Collection Set: 0.1ms
[2022-04-22T08:25:22.024+0000][8][gc,phases   ] GC(103)   Merge Heap Roots: 0.0ms
[2022-04-22T08:25:22.024+0000][8][gc,phases   ] GC(103)   Evacuate Collection Set: 2.0ms
[2022-04-22T08:25:22.025+0000][8][gc,phases   ] GC(103)   Post Evacuate Collection Set: 0.8ms
[2022-04-22T08:25:22.026+0000][8][gc,phases   ] GC(103)   Other: 7.7ms
[2022-04-22T08:25:22.026+0000][8][gc,heap     ] GC(103) Eden regions: 55->0(51)
[2022-04-22T08:25:22.027+0000][8][gc,heap     ] GC(103) Survivor regions: 4->6(8)
[2022-04-22T08:25:22.027+0000][8][gc,heap     ] GC(103) Old regions: 31->31
[2022-04-22T08:25:22.028+0000][8][gc,heap     ] GC(103) Archive regions: 2->2
[2022-04-22T08:25:22.028+0000][8][gc,heap     ] GC(103) Humongous regions: 9->8
[2022-04-22T08:25:22.029+0000][8][gc,metaspace] GC(103) Metaspace: 106709K(108224K)->106709K(108224K) NonClass: 92259K(93184K)->92259K(93184K) Class: 14449K(15040K)->14449K(15040K)
[2022-04-22T08:25:22.029+0000][8][gc          ] GC(103) Pause Young (Normal) (G1 Evacuation Pause) 395M->178M(512M) 17.336ms
[2022-04-22T08:25:22.030+0000][8][gc,cpu      ] GC(103) User=0.01s Sys=0.00s Real=0.01s
[2022-04-22T08:25:22.031+0000][8][safepoint   ] Safepoint "G1CollectForAllocation", Time since last: 5816769545 ns, Reaching safepoint: 107041 ns, At safepoint: 19098125 ns, Total: 19205166 ns
[2022-04-22T08:25:27.428+0000][8][gc,start    ] GC(104) Pause Young (Normal) (G1 Evacuation Pause)
[2022-04-22T08:25:27.429+0000][8][gc,task     ] GC(104) Using 5 workers of 5 for evacuation
[2022-04-22T08:25:27.429+0000][8][gc,age      ] GC(104) Desired survivor size 16777216 bytes, new threshold 2 (max threshold 15)
[2022-04-22T08:25:27.433+0000][8][gc,age      ] GC(104) Age table with threshold 2 (max threshold 15)
[2022-04-22T08:25:27.434+0000][8][gc,age      ] GC(104) - age   1:   17220040 bytes,   17220040 total
[2022-04-22T08:25:27.435+0000][8][gc,age      ] GC(104) - age   2:    5251176 bytes,   22471216 total
[2022-04-22T08:25:27.436+0000][8][gc,phases   ] GC(104)   Pre Evacuate Collection Set: 0.1ms
[2022-04-22T08:25:27.436+0000][8][gc,phases   ] GC(104)   Merge Heap Roots: 0.1ms
[2022-04-22T08:25:27.437+0000][8][gc,phases   ] GC(104)   Evacuate Collection Set: 2.0ms
[2022-04-22T08:25:27.438+0000][8][gc,phases   ] GC(104)   Post Evacuate Collection Set: 1.0ms
[2022-04-22T08:25:27.438+0000][8][gc,phases   ] GC(104)   Other: 5.2ms
[2022-04-22T08:25:27.439+0000][8][gc,heap     ] GC(104) Eden regions: 51->0(49)
[2022-04-22T08:25:27.440+0000][8][gc,heap     ] GC(104) Survivor regions: 6->6(8)
[2022-04-22T08:25:27.441+0000][8][gc,heap     ] GC(104) Old regions: 31->32
[2022-04-22T08:25:27.441+0000][8][gc,heap     ] GC(104) Archive regions: 2->2
[2022-04-22T08:25:27.442+0000][8][gc,heap     ] GC(104) Humongous regions: 8->8
[2022-04-22T08:25:27.443+0000][8][gc,metaspace] GC(104) Metaspace: 106709K(108224K)->106709K(108224K) NonClass: 92260K(93184K)->92260K(93184K) Class: 14449K(15040K)->14449K(15040K)
[2022-04-22T08:25:27.443+0000][8][gc          ] GC(104) Pause Young (Normal) (G1 Evacuation Pause) 382M->185M(512M) 15.568ms
[2022-04-22T08:25:27.444+0000][8][gc,cpu      ] GC(104) User=0.01s Sys=0.01s Real=0.02s
[2022-04-22T08:25:27.445+0000][8][safepoint   ] Safepoint "G1CollectForAllocation", Time since last: 5396337461 ns, Reaching safepoint: 200042 ns, At safepoint: 17396917 ns, Total: 17596959 ns
[2022-04-22T08:25:29.447+0000][8][safepoint   ] Safepoint "Cleanup", Time since last: 2001399751 ns, Reaching safepoint: 191458 ns, At safepoint: 9750 ns, Total: 201208 ns
[2022-04-22T08:25:31.448+0000][8][safepoint   ] Safepoint "Cleanup", Time since last: 2001175584 ns, Reaching safepoint: 65041 ns, At safepoint: 4792 ns, Total: 69833 ns
[2022-04-22T08:25:31.947+0000][8][gc,start    ] GC(105) Pause Young (Normal) (G1 Evacuation Pause)
[2022-04-22T08:25:31.948+0000][8][gc,task     ] GC(105) Using 5 workers of 5 for evacuation
[2022-04-22T08:25:31.948+0000][8][gc,age      ] GC(105) Desired survivor size 14680064 bytes, new threshold 1 (max threshold 15)
[2022-04-22T08:25:31.952+0000][8][gc,age      ] GC(105) Age table with threshold 1 (max threshold 15)
[2022-04-22T08:25:31.952+0000][8][gc,age      ] GC(105) - age   1:   19764320 bytes,   19764320 total
[2022-04-22T08:25:31.953+0000][8][gc,phases   ] GC(105)   Pre Evacuate Collection Set: 0.1ms
[2022-04-22T08:25:31.954+0000][8][gc,phases   ] GC(105)   Merge Heap Roots: 0.1ms
[2022-04-22T08:25:31.955+0000][8][gc,phases   ] GC(105)   Evacuate Collection Set: 1.8ms
[2022-04-22T08:25:31.956+0000][8][gc,phases   ] GC(105)   Post Evacuate Collection Set: 0.7ms
[2022-04-22T08:25:31.956+0000][8][gc,phases   ] GC(105)   Other: 3.3ms
[2022-04-22T08:25:31.957+0000][8][gc,heap     ] GC(105) Eden regions: 49->0(44)
[2022-04-22T08:25:31.958+0000][8][gc,heap     ] GC(105) Survivor regions: 6->6(7)
[2022-04-22T08:25:31.958+0000][8][gc,heap     ] GC(105) Old regions: 32->35
[2022-04-22T08:25:31.959+0000][8][gc,heap     ] GC(105) Archive regions: 2->2
[2022-04-22T08:25:31.959+0000][8][gc,heap     ] GC(105) Humongous regions: 8->8
[2022-04-22T08:25:31.960+0000][8][gc,metaspace] GC(105) Metaspace: 106709K(108224K)->106709K(108224K) NonClass: 92260K(93184K)->92260K(93184K) Class: 14449K(15040K)->14449K(15040K)
[2022-04-22T08:25:31.961+0000][8][gc          ] GC(105) Pause Young (Normal) (G1 Evacuation Pause) 381M->192M(512M) 13.671ms
[2022-04-22T08:25:31.962+0000][8][gc,cpu      ] GC(105) User=0.01s Sys=0.01s Real=0.02s
[2022-04-22T08:25:31.962+0000][8][safepoint   ] Safepoint "G1CollectForAllocation", Time since last: 498933833 ns, Reaching safepoint: 126334 ns, At safepoint: 15048666 ns, Total: 15175000 ns
[2022-04-22T08:25:32.963+0000][8][safepoint   ] Safepoint "Cleanup", Time since last: 1000772959 ns, Reaching safepoint: 146542 ns, At safepoint: 4417 ns, Total: 150959 ns
[2022-04-22T08:25:36.242+0000][8][gc,start    ] GC(106) Pause Young (Normal) (G1 Evacuation Pause)
[2022-04-22T08:25:36.243+0000][8][gc,task     ] GC(106) Using 5 workers of 5 for evacuation
[2022-04-22T08:25:36.244+0000][8][gc,age      ] GC(106) Desired survivor size 14680064 bytes, new threshold 1 (max threshold 15)
[2022-04-22T08:25:36.248+0000][8][gc,age      ] GC(106) Age table with threshold 1 (max threshold 15)
[2022-04-22T08:25:36.248+0000][8][gc,age      ] GC(106) - age   1:   20219616 bytes,   20219616 total
[2022-04-22T08:25:36.249+0000][8][gc,phases   ] GC(106)   Pre Evacuate Collection Set: 0.1ms
[2022-04-22T08:25:36.250+0000][8][gc,phases   ] GC(106)   Merge Heap Roots: 0.1ms
[2022-04-22T08:25:36.251+0000][8][gc,phases   ] GC(106)   Evacuate Collection Set: 1.9ms
[2022-04-22T08:25:36.251+0000][8][gc,phases   ] GC(106)   Post Evacuate Collection Set: 0.8ms
[2022-04-22T08:25:36.252+0000][8][gc,phases   ] GC(106)   Other: 3.8ms
[2022-04-22T08:25:36.253+0000][8][gc,heap     ] GC(106) Eden regions: 44->0(42)
[2022-04-22T08:25:36.253+0000][8][gc,heap     ] GC(106) Survivor regions: 6->6(7)
[2022-04-22T08:25:36.254+0000][8][gc,heap     ] GC(106) Old regions: 35->36
[2022-04-22T08:25:36.255+0000][8][gc,heap     ] GC(106) Archive regions: 2->2
[2022-04-22T08:25:36.255+0000][8][gc,heap     ] GC(106) Humongous regions: 8->8
[2022-04-22T08:25:36.256+0000][8][gc,metaspace] GC(106) Metaspace: 106709K(108224K)->106709K(108224K) NonClass: 92260K(93184K)->92260K(93184K) Class: 14449K(15040K)->14449K(15040K)
[2022-04-22T08:25:36.256+0000][8][gc          ] GC(106) Pause Young (Normal) (G1 Evacuation Pause) 368M->201M(512M) 13.864ms
[2022-04-22T08:25:36.258+0000][8][gc,cpu      ] GC(106) User=0.01s Sys=0.00s Real=0.01s
[2022-04-22T08:25:36.259+0000][8][safepoint   ] Safepoint "G1CollectForAllocation", Time since last: 3279135376 ns, Reaching safepoint: 55958 ns, At safepoint: 16256667 ns, Total: 16312625 ns
[2022-04-22T08:25:37.260+0000][8][safepoint   ] Safepoint "Cleanup", Time since last: 1000958001 ns, Reaching safepoint: 51333 ns, At safepoint: 3333 ns, Total: 54666 ns
[2022-04-22T08:25:38.774+0000][8][gc,start    ] GC(107) Pause Young (Normal) (G1 Evacuation Pause)
[2022-04-22T08:25:38.775+0000][8][gc,task     ] GC(107) Using 5 workers of 5 for evacuation
[2022-04-22T08:25:38.776+0000][8][gc,age      ] GC(107) Desired survivor size 12582912 bytes, new threshold 1 (max threshold 15)
[2022-04-22T08:25:38.780+0000][8][gc,age      ] GC(107) Age table with threshold 1 (max threshold 15)
[2022-04-22T08:25:38.781+0000][8][gc,age      ] GC(107) - age   1:    1569160 bytes,    1569160 total
[2022-04-22T08:25:38.782+0000][8][gc,phases   ] GC(107)   Pre Evacuate Collection Set: 0.2ms
[2022-04-22T08:25:38.783+0000][8][gc,phases   ] GC(107)   Merge Heap Roots: 0.3ms
[2022-04-22T08:25:38.783+0000][8][gc,phases   ] GC(107)   Evacuate Collection Set: 2.5ms
[2022-04-22T08:25:38.784+0000][8][gc,phases   ] GC(107)   Post Evacuate Collection Set: 0.8ms
[2022-04-22T08:25:38.785+0000][8][gc,phases   ] GC(107)   Other: 4.2ms
[2022-04-22T08:25:38.786+0000][8][gc,heap     ] GC(107) Eden regions: 42->0(44)
[2022-04-22T08:25:38.786+0000][8][gc,heap     ] GC(107) Survivor regions: 6->1(6)
[2022-04-22T08:25:38.787+0000][8][gc,heap     ] GC(107) Old regions: 36->41
[2022-04-22T08:25:38.787+0000][8][gc,heap     ] GC(107) Archive regions: 2->2
[2022-04-22T08:25:38.788+0000][8][gc,heap     ] GC(107) Humongous regions: 8->8
[2022-04-22T08:25:38.789+0000][8][gc,metaspace] GC(107) Metaspace: 106714K(108224K)->106714K(108224K) NonClass: 92265K(93184K)->92265K(93184K) Class: 14449K(15040K)->14449K(15040K)
[2022-04-22T08:25:38.790+0000][8][gc          ] GC(107) Pause Young (Normal) (G1 Evacuation Pause) 369M->199M(512M) 16.025ms
[2022-04-22T08:25:38.791+0000][8][gc,cpu      ] GC(107) User=0.00s Sys=0.01s Real=0.01s
[2022-04-22T08:25:38.791+0000][8][safepoint   ] Safepoint "G1CollectForAllocation", Time since last: 1514316334 ns, Reaching safepoint: 76292 ns, At safepoint: 17445792 ns, Total: 17522084 ns
[2022-04-22T08:25:40.200+0000][8][gc,start    ] GC(108) Pause Young (Normal) (G1 Evacuation Pause)
[2022-04-22T08:25:40.200+0000][8][gc,task     ] GC(108) Using 5 workers of 5 for evacuation
[2022-04-22T08:25:40.201+0000][8][gc,age      ] GC(108) Desired survivor size 12582912 bytes, new threshold 15 (max threshold 15)
[2022-04-22T08:25:40.203+0000][8][gc,age      ] GC(108) Age table with threshold 15 (max threshold 15)
[2022-04-22T08:25:40.204+0000][8][gc,age      ] GC(108) - age   1:     144488 bytes,     144488 total
[2022-04-22T08:25:40.204+0000][8][gc,age      ] GC(108) - age   2:    1545232 bytes,    1689720 total
[2022-04-22T08:25:40.205+0000][8][gc,phases   ] GC(108)   Pre Evacuate Collection Set: 0.0ms
[2022-04-22T08:25:40.206+0000][8][gc,phases   ] GC(108)   Merge Heap Roots: 0.2ms
[2022-04-22T08:25:40.207+0000][8][gc,phases   ] GC(108)   Evacuate Collection Set: 0.6ms
[2022-04-22T08:25:40.208+0000][8][gc,phases   ] GC(108)   Post Evacuate Collection Set: 0.7ms
[2022-04-22T08:25:40.208+0000][8][gc,phases   ] GC(108)   Other: 3.9ms
[2022-04-22T08:25:40.209+0000][8][gc,heap     ] GC(108) Eden regions: 44->0(47)
[2022-04-22T08:25:40.210+0000][8][gc,heap     ] GC(108) Survivor regions: 1->1(6)
[2022-04-22T08:25:40.211+0000][8][gc,heap     ] GC(108) Old regions: 41->41
[2022-04-22T08:25:40.211+0000][8][gc,heap     ] GC(108) Archive regions: 2->2
[2022-04-22T08:25:40.212+0000][8][gc,heap     ] GC(108) Humongous regions: 8->8
[2022-04-22T08:25:40.212+0000][8][gc,metaspace] GC(108) Metaspace: 106714K(108224K)->106714K(108224K) NonClass: 92265K(93184K)->92265K(93184K) Class: 14449K(15040K)->14449K(15040K)
[2022-04-22T08:25:40.213+0000][8][gc          ] GC(108) Pause Young (Normal) (G1 Evacuation Pause) 375M->199M(512M) 13.511ms
[2022-04-22T08:25:40.215+0000][8][gc,cpu      ] GC(108) User=0.00s Sys=0.00s Real=0.02s
[2022-04-22T08:25:40.215+0000][8][safepoint   ] Safepoint "G1CollectForAllocation", Time since last: 1408103792 ns, Reaching safepoint: 127750 ns, At safepoint: 15497083 ns, Total: 15624833 ns
[2022-04-22T08:25:46.642+0000][8][gc,start    ] GC(109) Pause Young (Normal) (G1 Evacuation Pause)
[2022-04-22T08:25:46.644+0000][8][gc,task     ] GC(109) Using 5 workers of 5 for evacuation
[2022-04-22T08:25:46.645+0000][8][gc,age      ] GC(109) Desired survivor size 12582912 bytes, new threshold 15 (max threshold 15)
[2022-04-22T08:25:46.648+0000][8][gc,age      ] GC(109) Age table with threshold 15 (max threshold 15)
[2022-04-22T08:25:46.648+0000][8][gc,age      ] GC(109) - age   1:     296856 bytes,     296856 total
[2022-04-22T08:25:46.649+0000][8][gc,age      ] GC(109) - age   3:     961016 bytes,    1257872 total
[2022-04-22T08:25:46.650+0000][8][gc,phases   ] GC(109)   Pre Evacuate Collection Set: 0.1ms
[2022-04-22T08:25:46.651+0000][8][gc,phases   ] GC(109)   Merge Heap Roots: 0.1ms
[2022-04-22T08:25:46.651+0000][8][gc,phases   ] GC(109)   Evacuate Collection Set: 1.1ms
[2022-04-22T08:25:46.652+0000][8][gc,phases   ] GC(109)   Post Evacuate Collection Set: 0.6ms
[2022-04-22T08:25:46.653+0000][8][gc,phases   ] GC(109)   Other: 5.7ms
[2022-04-22T08:25:46.654+0000][8][gc,heap     ] GC(109) Eden regions: 47->0(48)
[2022-04-22T08:25:46.654+0000][8][gc,heap     ] GC(109) Survivor regions: 1->1(6)
[2022-04-22T08:25:46.655+0000][8][gc,heap     ] GC(109) Old regions: 41->41
[2022-04-22T08:25:46.656+0000][8][gc,heap     ] GC(109) Archive regions: 2->2
[2022-04-22T08:25:46.656+0000][8][gc,heap     ] GC(109) Humongous regions: 8->8
[2022-04-22T08:25:46.657+0000][8][gc,metaspace] GC(109) Metaspace: 106718K(108224K)->106718K(108224K) NonClass: 92269K(93184K)->92269K(93184K) Class: 14449K(15040K)->14449K(15040K)
[2022-04-22T08:25:46.658+0000][8][gc          ] GC(109) Pause Young (Normal) (G1 Evacuation Pause) 387M->199M(512M) 15.300ms
[2022-04-22T08:25:46.658+0000][8][gc,cpu      ] GC(109) User=0.00s Sys=0.00s Real=0.01s
[2022-04-22T08:25:46.659+0000][8][safepoint   ] Safepoint "G1CollectForAllocation", Time since last: 6426987462 ns, Reaching safepoint: 190458 ns, At safepoint: 16617583 ns, Total: 16808041 ns
[2022-04-22T08:25:50.661+0000][8][safepoint   ] Safepoint "Cleanup", Time since last: 4001469627 ns, Reaching safepoint: 64500 ns, At safepoint: 2500 ns, Total: 67000 ns
[2022-04-22T08:25:51.028+0000][8][gc,start    ] GC(110) Pause Young (Normal) (G1 Evacuation Pause)
[2022-04-22T08:25:51.029+0000][8][gc,task     ] GC(110) Using 5 workers of 5 for evacuation
[2022-04-22T08:25:51.029+0000][8][gc,age      ] GC(110) Desired survivor size 14680064 bytes, new threshold 15 (max threshold 15)
[2022-04-22T08:25:51.033+0000][8][gc,age      ] GC(110) Age table with threshold 15 (max threshold 15)
[2022-04-22T08:25:51.034+0000][8][gc,age      ] GC(110) - age   1:   11122000 bytes,   11122000 total
[2022-04-22T08:25:51.034+0000][8][gc,age      ] GC(110) - age   2:     219792 bytes,   11341792 total
[2022-04-22T08:25:51.035+0000][8][gc,age      ] GC(110) - age   4:     958904 bytes,   12300696 total
[2022-04-22T08:25:51.036+0000][8][gc,phases   ] GC(110)   Pre Evacuate Collection Set: 0.1ms
[2022-04-22T08:25:51.037+0000][8][gc,phases   ] GC(110)   Merge Heap Roots: 0.1ms
[2022-04-22T08:25:51.038+0000][8][gc,phases   ] GC(110)   Evacuate Collection Set: 1.5ms
[2022-04-22T08:25:51.038+0000][8][gc,phases   ] GC(110)   Post Evacuate Collection Set: 0.8ms
[2022-04-22T08:25:51.039+0000][8][gc,phases   ] GC(110)   Other: 5.6ms
[2022-04-22T08:25:51.040+0000][8][gc,heap     ] GC(110) Eden regions: 48->0(46)
[2022-04-22T08:25:51.040+0000][8][gc,heap     ] GC(110) Survivor regions: 1->3(7)
[2022-04-22T08:25:51.041+0000][8][gc,heap     ] GC(110) Old regions: 41->41
[2022-04-22T08:25:51.042+0000][8][gc,heap     ] GC(110) Archive regions: 2->2
[2022-04-22T08:25:51.042+0000][8][gc,heap     ] GC(110) Humongous regions: 8->8
[2022-04-22T08:25:51.044+0000][8][gc,metaspace] GC(110) Metaspace: 106718K(108224K)->106718K(108224K) NonClass: 92269K(93184K)->92269K(93184K) Class: 14449K(15040K)->14449K(15040K)
[2022-04-22T08:25:51.044+0000][8][gc          ] GC(110) Pause Young (Normal) (G1 Evacuation Pause) 391M->210M(512M) 16.420ms
[2022-04-22T08:25:51.045+0000][8][gc,cpu      ] GC(110) User=0.01s Sys=0.01s Real=0.02s
[2022-04-22T08:25:51.046+0000][8][safepoint   ] Safepoint "G1CollectForAllocation", Time since last: 367038792 ns, Reaching safepoint: 191167 ns, At safepoint: 17896875 ns, Total: 18088042 ns
[2022-04-22T08:25:52.047+0000][8][safepoint   ] Safepoint "Cleanup", Time since last: 1000784167 ns, Reaching safepoint: 138167 ns, At safepoint: 56125 ns, Total: 194292 ns
[2022-04-22T08:25:53.048+0000][8][safepoint   ] Safepoint "Cleanup", Time since last: 1001134083 ns, Reaching safepoint: 91417 ns, At safepoint: 4333 ns, Total: 95750 ns
[2022-04-22T08:25:55.191+0000][8][gc,start    ] GC(111) Pause Young (Normal) (G1 Evacuation Pause)
[2022-04-22T08:25:55.192+0000][8][gc,task     ] GC(111) Using 5 workers of 5 for evacuation
[2022-04-22T08:25:55.192+0000][8][gc,age      ] GC(111) Desired survivor size 14680064 bytes, new threshold 15 (max threshold 15)
[2022-04-22T08:25:55.196+0000][8][gc,age      ] GC(111) Age table with threshold 15 (max threshold 15)
[2022-04-22T08:25:55.197+0000][8][gc,age      ] GC(111) - age   1:   11443736 bytes,   11443736 total
[2022-04-22T08:25:55.198+0000][8][gc,age      ] GC(111) - age   2:    6471752 bytes,   17915488 total
[2022-04-22T08:25:55.198+0000][8][gc,age      ] GC(111) - age   3:     219288 bytes,   18134776 total
[2022-04-22T08:25:55.199+0000][8][gc,age      ] GC(111) - age   5:     956832 bytes,   19091608 total
[2022-04-22T08:25:55.200+0000][8][gc,phases   ] GC(111)   Pre Evacuate Collection Set: 0.1ms
[2022-04-22T08:25:55.201+0000][8][gc,phases   ] GC(111)   Merge Heap Roots: 0.1ms
[2022-04-22T08:25:55.201+0000][8][gc,phases   ] GC(111)   Evacuate Collection Set: 1.8ms
[2022-04-22T08:25:55.202+0000][8][gc,phases   ] GC(111)   Post Evacuate Collection Set: 0.8ms
[2022-04-22T08:25:55.203+0000][8][gc,phases   ] GC(111)   Other: 6.2ms
[2022-04-22T08:25:55.204+0000][8][gc,heap     ] GC(111) Eden regions: 46->0(42)
[2022-04-22T08:25:55.204+0000][8][gc,heap     ] GC(111) Survivor regions: 3->5(7)
[2022-04-22T08:25:55.205+0000][8][gc,heap     ] GC(111) Old regions: 41->41
[2022-04-22T08:25:55.206+0000][8][gc,heap     ] GC(111) Archive regions: 2->2
[2022-04-22T08:25:55.206+0000][8][gc,heap     ] GC(111) Humongous regions: 9->9
[2022-04-22T08:25:55.207+0000][8][gc,metaspace] GC(111) Metaspace: 106720K(108224K)->106720K(108224K) NonClass: 92271K(93184K)->92271K(93184K) Class: 14449K(15040K)->14449K(15040K)
[2022-04-22T08:25:55.207+0000][8][gc          ] GC(111) Pause Young (Normal) (G1 Evacuation Pause) 398M->220M(512M) 16.443ms
[2022-04-22T08:25:55.208+0000][8][gc,cpu      ] GC(111) User=0.01s Sys=0.01s Real=0.02s
[2022-04-22T08:25:55.209+0000][8][safepoint   ] Safepoint "G1CollectForAllocation", Time since last: 2142954418 ns, Reaching safepoint: 49792 ns, At safepoint: 18159917 ns, Total: 18209709 ns
[2022-04-22T08:25:59.296+0000][8][gc,start    ] GC(112) Pause Young (Normal) (G1 Evacuation Pause)
[2022-04-22T08:25:59.297+0000][8][gc,task     ] GC(112) Using 5 workers of 5 for evacuation
[2022-04-22T08:25:59.298+0000][8][gc,age      ] GC(112) Desired survivor size 12582912 bytes, new threshold 2 (max threshold 15)
[2022-04-22T08:25:59.302+0000][8][gc,age      ] GC(112) Age table with threshold 2 (max threshold 15)
[2022-04-22T08:25:59.303+0000][8][gc,age      ] GC(112) - age   1:   12372512 bytes,   12372512 total
[2022-04-22T08:25:59.304+0000][8][gc,age      ] GC(112) - age   2:    5626960 bytes,   17999472 total
[2022-04-22T08:25:59.305+0000][8][gc,phases   ] GC(112)   Pre Evacuate Collection Set: 0.1ms
[2022-04-22T08:25:59.305+0000][8][gc,phases   ] GC(112)   Merge Heap Roots: 0.0ms
[2022-04-22T08:25:59.306+0000][8][gc,phases   ] GC(112)   Evacuate Collection Set: 2.2ms
[2022-04-22T08:25:59.307+0000][8][gc,phases   ] GC(112)   Post Evacuate Collection Set: 0.7ms
[2022-04-22T08:25:59.309+0000][8][gc,phases   ] GC(112)   Other: 5.1ms
[2022-04-22T08:25:59.310+0000][8][gc,heap     ] GC(112) Eden regions: 42->0(40)
[2022-04-22T08:25:59.310+0000][8][gc,heap     ] GC(112) Survivor regions: 5->5(6)
[2022-04-22T08:25:59.311+0000][8][gc,heap     ] GC(112) Old regions: 41->43
[2022-04-22T08:25:59.312+0000][8][gc,heap     ] GC(112) Archive regions: 2->2
[2022-04-22T08:25:59.312+0000][8][gc,heap     ] GC(112) Humongous regions: 9->9
[2022-04-22T08:25:59.313+0000][8][gc,metaspace] GC(112) Metaspace: 106720K(108224K)->106720K(108224K) NonClass: 92271K(93184K)->92271K(93184K) Class: 14449K(15040K)->14449K(15040K)
[2022-04-22T08:25:59.314+0000][8][gc          ] GC(112) Pause Young (Normal) (G1 Evacuation Pause) 388M->226M(512M) 17.217ms
[2022-04-22T08:25:59.314+0000][8][gc,cpu      ] GC(112) User=0.01s Sys=0.01s Real=0.02s
[2022-04-22T08:25:59.315+0000][8][safepoint   ] Safepoint "G1CollectForAllocation", Time since last: 4087337710 ns, Reaching safepoint: 51916 ns, At safepoint: 18505667 ns, Total: 18557583 ns
[2022-04-22T08:26:03.013+0000][8][gc,start    ] GC(113) Pause Young (Normal) (G1 Evacuation Pause)
[2022-04-22T08:26:03.014+0000][8][gc,task     ] GC(113) Using 5 workers of 5 for evacuation
[2022-04-22T08:26:03.015+0000][8][gc,age      ] GC(113) Desired survivor size 12582912 bytes, new threshold 2 (max threshold 15)
[2022-04-22T08:26:03.019+0000][8][gc,age      ] GC(113) Age table with threshold 2 (max threshold 15)
[2022-04-22T08:26:03.020+0000][8][gc,age      ] GC(113) - age   1:   13557504 bytes,   13557504 total
[2022-04-22T08:26:03.021+0000][8][gc,age      ] GC(113) - age   2:    4953584 bytes,   18511088 total
[2022-04-22T08:26:03.021+0000][8][gc,phases   ] GC(113)   Pre Evacuate Collection Set: 0.0ms
[2022-04-22T08:26:03.022+0000][8][gc,phases   ] GC(113)   Merge Heap Roots: 0.1ms
[2022-04-22T08:26:03.022+0000][8][gc,phases   ] GC(113)   Evacuate Collection Set: 1.9ms
[2022-04-22T08:26:03.023+0000][8][gc,phases   ] GC(113)   Post Evacuate Collection Set: 0.7ms
[2022-04-22T08:26:03.023+0000][8][gc,phases   ] GC(113)   Other: 5.1ms
[2022-04-22T08:26:03.024+0000][8][gc,heap     ] GC(113) Eden regions: 40->0(37)
[2022-04-22T08:26:03.025+0000][8][gc,heap     ] GC(113) Survivor regions: 5->5(6)
[2022-04-22T08:26:03.025+0000][8][gc,heap     ] GC(113) Old regions: 43->44
[2022-04-22T08:26:03.026+0000][8][gc,heap     ] GC(113) Archive regions: 2->2
[2022-04-22T08:26:03.027+0000][8][gc,heap     ] GC(113) Humongous regions: 11->10
[2022-04-22T08:26:03.027+0000][8][gc,metaspace] GC(113) Metaspace: 106720K(108224K)->106720K(108224K) NonClass: 92271K(93184K)->92271K(93184K) Class: 14449K(15040K)->14449K(15040K)
[2022-04-22T08:26:03.028+0000][8][gc          ] GC(113) Pause Young (Normal) (G1 Evacuation Pause) 394M->237M(512M) 14.633ms
[2022-04-22T08:26:03.029+0000][8][gc,cpu      ] GC(113) User=0.01s Sys=0.00s Real=0.01s
[2022-04-22T08:26:03.029+0000][8][safepoint   ] Safepoint "G1CollectForAllocation", Time since last: 3697891960 ns, Reaching safepoint: 272833 ns, At safepoint: 16044125 ns, Total: 16316958 ns
[2022-04-22T08:26:11.056+0000][8][safepoint   ] Safepoint "Cleanup", Time since last: 8026792420 ns, Reaching safepoint: 160167 ns, At safepoint: 4042 ns, Total: 164209 ns
[2022-04-22T08:26:12.022+0000][8][gc,start    ] GC(114) Pause Young (Normal) (G1 Evacuation Pause)
[2022-04-22T08:26:12.023+0000][8][gc,task     ] GC(114) Using 5 workers of 5 for evacuation
[2022-04-22T08:26:12.023+0000][8][gc,age      ] GC(114) Desired survivor size 12582912 bytes, new threshold 1 (max threshold 15)
[2022-04-22T08:26:12.026+0000][8][gc,age      ] GC(114) Age table with threshold 1 (max threshold 15)
[2022-04-22T08:26:12.027+0000][8][gc,age      ] GC(114) - age   1:    1033856 bytes,    1033856 total
[2022-04-22T08:26:12.028+0000][8][gc,phases   ] GC(114)   Pre Evacuate Collection Set: 0.2ms
[2022-04-22T08:26:12.028+0000][8][gc,phases   ] GC(114)   Merge Heap Roots: 0.1ms
[2022-04-22T08:26:12.029+0000][8][gc,phases   ] GC(114)   Evacuate Collection Set: 1.6ms
[2022-04-22T08:26:12.031+0000][8][gc,phases   ] GC(114)   Post Evacuate Collection Set: 0.6ms
[2022-04-22T08:26:12.031+0000][8][gc,phases   ] GC(114)   Other: 3.4ms
[2022-04-22T08:26:12.032+0000][8][gc,heap     ] GC(114) Eden regions: 37->0(38)
[2022-04-22T08:26:12.032+0000][8][gc,heap     ] GC(114) Survivor regions: 5->1(6)
[2022-04-22T08:26:12.033+0000][8][gc,heap     ] GC(114) Old regions: 44->49
[2022-04-22T08:26:12.034+0000][8][gc,heap     ] GC(114) Archive regions: 2->2
[2022-04-22T08:26:12.035+0000][8][gc,heap     ] GC(114) Humongous regions: 10->10
[2022-04-22T08:26:12.035+0000][8][gc,metaspace] GC(114) Metaspace: 106721K(108224K)->106721K(108224K) NonClass: 92272K(93184K)->92272K(93184K) Class: 14449K(15040K)->14449K(15040K)
[2022-04-22T08:26:12.036+0000][8][gc          ] GC(114) Pause Young (Normal) (G1 Evacuation Pause) 385M->238M(512M) 14.346ms
[2022-04-22T08:26:12.037+0000][8][gc,cpu      ] GC(114) User=0.01s Sys=0.00s Real=0.01s
[2022-04-22T08:26:12.038+0000][8][safepoint   ] Safepoint "G1CollectForAllocation", Time since last: 965521292 ns, Reaching safepoint: 65333 ns, At safepoint: 15687709 ns, Total: 15753042 ns
[2022-04-22T08:26:13.136+0000][8][gc,start    ] GC(115) Pause Young (Concurrent Start) (G1 Evacuation Pause)
[2022-04-22T08:26:13.137+0000][8][gc,task     ] GC(115) Using 5 workers of 5 for evacuation
[2022-04-22T08:26:13.137+0000][8][gc,age      ] GC(115) Desired survivor size 10485760 bytes, new threshold 15 (max threshold 15)
[2022-04-22T08:26:13.140+0000][8][gc,age      ] GC(115) Age table with threshold 15 (max threshold 15)
[2022-04-22T08:26:13.141+0000][8][gc,age      ] GC(115) - age   1:      88440 bytes,      88440 total
[2022-04-22T08:26:13.141+0000][8][gc,age      ] GC(115) - age   2:    1020760 bytes,    1109200 total
[2022-04-22T08:26:13.142+0000][8][gc,phases   ] GC(115)   Pre Evacuate Collection Set: 0.2ms
[2022-04-22T08:26:13.143+0000][8][gc,phases   ] GC(115)   Merge Heap Roots: 0.1ms
[2022-04-22T08:26:13.143+0000][8][gc,phases   ] GC(115)   Evacuate Collection Set: 0.8ms
[2022-04-22T08:26:13.144+0000][8][gc,phases   ] GC(115)   Post Evacuate Collection Set: 0.7ms
[2022-04-22T08:26:13.144+0000][8][gc,phases   ] GC(115)   Other: 4.2ms
[2022-04-22T08:26:13.145+0000][8][gc,heap     ] GC(115) Eden regions: 38->0(39)
[2022-04-22T08:26:13.146+0000][8][gc,heap     ] GC(115) Survivor regions: 1->1(5)
[2022-04-22T08:26:13.146+0000][8][gc,heap     ] GC(115) Old regions: 49->49
[2022-04-22T08:26:13.147+0000][8][gc,heap     ] GC(115) Archive regions: 2->2
[2022-04-22T08:26:13.147+0000][8][gc,heap     ] GC(115) Humongous regions: 10->10
[2022-04-22T08:26:13.148+0000][8][gc,metaspace] GC(115) Metaspace: 106721K(108224K)->106721K(108224K) NonClass: 92272K(93184K)->92272K(93184K) Class: 14449K(15040K)->14449K(15040K)
[2022-04-22T08:26:13.149+0000][8][gc          ] GC(115) Pause Young (Concurrent Start) (G1 Evacuation Pause) 390M->238M(512M) 12.770ms
[2022-04-22T08:26:13.149+0000][8][gc,cpu      ] GC(115) User=0.01s Sys=0.01s Real=0.01s
[2022-04-22T08:26:13.150+0000][8][safepoint   ] Safepoint "G1CollectForAllocation", Time since last: 1098118708 ns, Reaching safepoint: 81584 ns, At safepoint: 14096416 ns, Total: 14178000 ns
[2022-04-22T08:26:13.150+0000][8][gc          ] GC(116) Concurrent Mark Cycle
[2022-04-22T08:26:13.152+0000][8][gc,marking  ] GC(116) Concurrent Clear Claimed Marks
[2022-04-22T08:26:13.153+0000][8][gc,marking  ] GC(116) Concurrent Clear Claimed Marks 1.245ms
[2022-04-22T08:26:13.154+0000][8][gc,marking  ] GC(116) Concurrent Scan Root Regions
[2022-04-22T08:26:13.157+0000][8][gc,marking  ] GC(116) Concurrent Scan Root Regions 2.524ms
[2022-04-22T08:26:13.157+0000][8][gc,marking  ] GC(116) Concurrent Mark
[2022-04-22T08:26:13.158+0000][8][gc,marking  ] GC(116) Concurrent Mark From Roots
[2022-04-22T08:26:13.159+0000][8][gc,task     ] GC(116) Using 1 workers of 1 for marking
[2022-04-22T08:26:13.280+0000][8][gc,marking  ] GC(116) Concurrent Mark From Roots 121.609ms
[2022-04-22T08:26:13.281+0000][8][gc,marking  ] GC(116) Concurrent Preclean
[2022-04-22T08:26:13.282+0000][8][gc,marking  ] GC(116) Concurrent Preclean 0.942ms
[2022-04-22T08:26:13.283+0000][8][gc,start    ] GC(116) Pause Remark
[2022-04-22T08:26:13.289+0000][8][gc          ] GC(116) Pause Remark 254M->238M(512M) 6.050ms
[2022-04-22T08:26:13.290+0000][8][gc,cpu      ] GC(116) User=0.02s Sys=0.00s Real=0.00s
[2022-04-22T08:26:13.291+0000][8][safepoint   ] Safepoint "G1Concurrent", Time since last: 132880667 ns, Reaching safepoint: 111625 ns, At safepoint: 7595667 ns, Total: 7707292 ns
[2022-04-22T08:26:13.292+0000][8][gc,marking  ] GC(116) Concurrent Mark 134.326ms
[2022-04-22T08:26:13.293+0000][8][gc,marking  ] GC(116) Concurrent Rebuild Remembered Sets
[2022-04-22T08:26:13.334+0000][8][gc,marking  ] GC(116) Concurrent Rebuild Remembered Sets 41.482ms
[2022-04-22T08:26:13.335+0000][8][gc,start    ] GC(116) Pause Cleanup
[2022-04-22T08:26:13.336+0000][8][gc          ] GC(116) Pause Cleanup 249M->249M(512M) 0.802ms
[2022-04-22T08:26:13.337+0000][8][gc,cpu      ] GC(116) User=0.00s Sys=0.00s Real=0.00s
[2022-04-22T08:26:13.337+0000][8][safepoint   ] Safepoint "G1Concurrent", Time since last: 44452583 ns, Reaching safepoint: 209667 ns, At safepoint: 2142625 ns, Total: 2352292 ns
[2022-04-22T08:26:13.338+0000][8][gc,marking  ] GC(116) Concurrent Cleanup for Next Mark
[2022-04-22T08:26:13.340+0000][8][gc,marking  ] GC(116) Concurrent Cleanup for Next Mark 1.779ms
[2022-04-22T08:26:13.341+0000][8][gc          ] GC(116) Concurrent Mark Cycle 190.730ms
[2022-04-22T08:26:17.341+0000][8][safepoint   ] Safepoint "Cleanup", Time since last: 4003224627 ns, Reaching safepoint: 504666 ns, At safepoint: 8417 ns, Total: 513083 ns
[2022-04-22T08:26:23.383+0000][8][safepoint   ] Safepoint "Cleanup", Time since last: 6041748961 ns, Reaching safepoint: 320750 ns, At safepoint: 6792 ns, Total: 327542 ns
[2022-04-22T08:26:35.420+0000][8][safepoint   ] Safepoint "Cleanup", Time since last: 12041430130 ns, Reaching safepoint: 1276041 ns, At safepoint: 7584 ns, Total: 1283625 ns
[2022-04-22T08:26:36.430+0000][8][safepoint   ] Safepoint "Cleanup", Time since last: 1008875334 ns, Reaching safepoint: 308833 ns, At safepoint: 11333 ns, Total: 320166 ns
[2022-04-22T08:27:02.514+0000][8][safepoint   ] Safepoint "Cleanup", Time since last: 26072855387 ns, Reaching safepoint: 381583 ns, At safepoint: 8083 ns, Total: 389666 ns
[2022-04-22T08:27:21.574+0000][8][safepoint   ] Safepoint "Cleanup", Time since last: 19060359176 ns, Reaching safepoint: 96000 ns, At safepoint: 3125 ns, Total: 99125 ns
[2022-04-22T08:27:22.577+0000][8][safepoint   ] Safepoint "Cleanup", Time since last: 1002571709 ns, Reaching safepoint: 390375 ns, At safepoint: 18958 ns, Total: 409333 ns
[2022-04-22T08:27:24.834+0000][8][gc,start    ] GC(117) Pause Young (Prepare Mixed) (G1 Evacuation Pause)
[2022-04-22T08:27:24.836+0000][8][gc,task     ] GC(117) Using 5 workers of 5 for evacuation
[2022-04-22T08:27:24.837+0000][8][gc,age      ] GC(117) Desired survivor size 10485760 bytes, new threshold 15 (max threshold 15)
[2022-04-22T08:27:24.842+0000][8][gc,age      ] GC(117) Age table with threshold 15 (max threshold 15)
[2022-04-22T08:27:24.843+0000][8][gc,age      ] GC(117) - age   1:     975608 bytes,     975608 total
[2022-04-22T08:27:24.845+0000][8][gc,age      ] GC(117) - age   3:     538008 bytes,    1513616 total
[2022-04-22T08:27:24.846+0000][8][gc,phases   ] GC(117)   Pre Evacuate Collection Set: 0.1ms
[2022-04-22T08:27:24.847+0000][8][gc,phases   ] GC(117)   Merge Heap Roots: 0.4ms
[2022-04-22T08:27:24.848+0000][8][gc,phases   ] GC(117)   Evacuate Collection Set: 1.6ms
[2022-04-22T08:27:24.849+0000][8][gc,phases   ] GC(117)   Post Evacuate Collection Set: 0.9ms
[2022-04-22T08:27:24.850+0000][8][gc,phases   ] GC(117)   Other: 8.6ms
[2022-04-22T08:27:24.850+0000][8][gc,heap     ] GC(117) Eden regions: 39->0(5)
[2022-04-22T08:27:24.851+0000][8][gc,heap     ] GC(117) Survivor regions: 1->1(5)
[2022-04-22T08:27:24.853+0000][8][gc,heap     ] GC(117) Old regions: 47->47
[2022-04-22T08:27:24.853+0000][8][gc,heap     ] GC(117) Archive regions: 2->2
[2022-04-22T08:27:24.854+0000][8][gc,heap     ] GC(117) Humongous regions: 8->8
[2022-04-22T08:27:24.857+0000][8][gc,metaspace] GC(117) Metaspace: 106748K(108288K)->106748K(108288K) NonClass: 92299K(93248K)->92299K(93248K) Class: 14449K(15040K)->14449K(15040K)
[2022-04-22T08:27:24.858+0000][8][gc          ] GC(117) Pause Young (Prepare Mixed) (G1 Evacuation Pause) 378M->222M(512M) 23.646ms
[2022-04-22T08:27:24.858+0000][8][gc,cpu      ] GC(117) User=0.01s Sys=0.00s Real=0.03s
[2022-04-22T08:27:24.860+0000][8][safepoint   ] Safepoint "G1CollectForAllocation", Time since last: 2256670001 ns, Reaching safepoint: 81959 ns, At safepoint: 25442333 ns, Total: 25524292 ns
[2022-04-22T08:27:25.011+0000][8][gc,start    ] GC(118) Pause Young (Mixed) (G1 Evacuation Pause)
[2022-04-22T08:27:25.013+0000][8][gc,task     ] GC(118) Using 5 workers of 5 for evacuation
[2022-04-22T08:27:25.013+0000][8][gc,age      ] GC(118) Desired survivor size 2097152 bytes, new threshold 15 (max threshold 15)
[2022-04-22T08:27:25.016+0000][8][gc,age      ] GC(118) Age table with threshold 15 (max threshold 15)
[2022-04-22T08:27:25.017+0000][8][gc,age      ] GC(118) - age   1:     446584 bytes,     446584 total
[2022-04-22T08:27:25.017+0000][8][gc,age      ] GC(118) - age   2:     238952 bytes,     685536 total
[2022-04-22T08:27:25.018+0000][8][gc,age      ] GC(118) - age   4:     538008 bytes,    1223544 total
[2022-04-22T08:27:25.019+0000][8][gc,phases   ] GC(118)   Pre Evacuate Collection Set: 0.2ms
[2022-04-22T08:27:25.020+0000][8][gc,phases   ] GC(118)   Merge Heap Roots: 0.1ms
[2022-04-22T08:27:25.020+0000][8][gc,phases   ] GC(118)   Evacuate Collection Set: 1.2ms
[2022-04-22T08:27:25.021+0000][8][gc,phases   ] GC(118)   Post Evacuate Collection Set: 0.9ms
[2022-04-22T08:27:25.022+0000][8][gc,phases   ] GC(118)   Other: 5.2ms
[2022-04-22T08:27:25.022+0000][8][gc,heap     ] GC(118) Eden regions: 5->0(5)
[2022-04-22T08:27:25.023+0000][8][gc,heap     ] GC(118) Survivor regions: 1->1(1)
[2022-04-22T08:27:25.023+0000][8][gc,heap     ] GC(118) Old regions: 47->34
[2022-04-22T08:27:25.024+0000][8][gc,heap     ] GC(118) Archive regions: 2->2
[2022-04-22T08:27:25.024+0000][8][gc,heap     ] GC(118) Humongous regions: 8->8
[2022-04-22T08:27:25.025+0000][8][gc,metaspace] GC(118) Metaspace: 106758K(108288K)->106758K(108288K) NonClass: 92309K(93248K)->92309K(93248K) Class: 14449K(15040K)->14449K(15040K)
[2022-04-22T08:27:25.025+0000][8][gc          ] GC(118) Pause Young (Mixed) (G1 Evacuation Pause) 242M->172M(512M) 14.074ms
[2022-04-22T08:27:25.026+0000][8][gc,cpu      ] GC(118) User=0.01s Sys=0.00s Real=0.01s
[2022-04-22T08:27:25.027+0000][8][safepoint   ] Safepoint "G1CollectForAllocation", Time since last: 151685333 ns, Reaching safepoint: 185042 ns, At safepoint: 15542292 ns, Total: 15727334 ns
[2022-04-22T08:27:25.031+0000][8][gc,start    ] GC(119) Pause Young (Mixed) (G1 Evacuation Pause)
[2022-04-22T08:27:25.032+0000][8][gc,task     ] GC(119) Using 5 workers of 5 for evacuation
[2022-04-22T08:27:25.033+0000][8][gc,age      ] GC(119) Desired survivor size 2097152 bytes, new threshold 15 (max threshold 15)
[2022-04-22T08:27:25.036+0000][8][gc,age      ] GC(119) Age table with threshold 15 (max threshold 15)
[2022-04-22T08:27:25.037+0000][8][gc,age      ] GC(119) - age   1:       4520 bytes,       4520 total
[2022-04-22T08:27:25.038+0000][8][gc,age      ] GC(119) - age   2:     444288 bytes,     448808 total
[2022-04-22T08:27:25.038+0000][8][gc,age      ] GC(119) - age   3:     197952 bytes,     646760 total
[2022-04-22T08:27:25.039+0000][8][gc,age      ] GC(119) - age   5:     538008 bytes,    1184768 total
[2022-04-22T08:27:25.040+0000][8][gc,phases   ] GC(119)   Pre Evacuate Collection Set: 0.1ms
[2022-04-22T08:27:25.040+0000][8][gc,phases   ] GC(119)   Merge Heap Roots: 0.0ms
[2022-04-22T08:27:25.041+0000][8][gc,phases   ] GC(119)   Evacuate Collection Set: 1.1ms
[2022-04-22T08:27:25.042+0000][8][gc,phases   ] GC(119)   Post Evacuate Collection Set: 0.8ms
[2022-04-22T08:27:25.042+0000][8][gc,phases   ] GC(119)   Other: 6.2ms
[2022-04-22T08:27:25.043+0000][8][gc,heap     ] GC(119) Eden regions: 5->0(58)
[2022-04-22T08:27:25.045+0000][8][gc,heap     ] GC(119) Survivor regions: 1->1(1)
[2022-04-22T08:27:25.045+0000][8][gc,heap     ] GC(119) Old regions: 34->33
[2022-04-22T08:27:25.046+0000][8][gc,heap     ] GC(119) Archive regions: 2->2
[2022-04-22T08:27:25.047+0000][8][gc,heap     ] GC(119) Humongous regions: 8->8
[2022-04-22T08:27:25.047+0000][8][gc,metaspace] GC(119) Metaspace: 106758K(108288K)->106758K(108288K) NonClass: 92309K(93248K)->92309K(93248K) Class: 14449K(15040K)->14449K(15040K)
[2022-04-22T08:27:25.048+0000][8][gc          ] GC(119) Pause Young (Mixed) (G1 Evacuation Pause) 192M->168M(512M) 16.661ms
[2022-04-22T08:27:25.049+0000][8][gc,cpu      ] GC(119) User=0.01s Sys=0.00s Real=0.02s
[2022-04-22T08:27:25.050+0000][8][safepoint   ] Safepoint "G1CollectForAllocation", Time since last: 4369375 ns, Reaching safepoint: 84541 ns, At safepoint: 18160459 ns, Total: 18245000 ns
[2022-04-22T08:27:26.056+0000][8][safepoint   ] Safepoint "Cleanup", Time since last: 1005479709 ns, Reaching safepoint: 550083 ns, At safepoint: 13542 ns, Total: 563625 ns
[2022-04-22T08:27:30.063+0000][8][safepoint   ] Safepoint "Cleanup", Time since last: 4007405043 ns, Reaching safepoint: 148542 ns, At safepoint: 5416 ns, Total: 153958 ns
[2022-04-22T08:27:31.059+0000][8][safepoint   ] Safepoint "Cleanup", Time since last: 1000989251 ns, Reaching safepoint: 165583 ns, At safepoint: 3708 ns, Total: 169291 ns
[2022-04-22T08:27:33.822+0000][8][gc,start    ] GC(120) Pause Young (Normal) (G1 Evacuation Pause)
[2022-04-22T08:27:33.824+0000][8][gc,task     ] GC(120) Using 5 workers of 5 for evacuation
[2022-04-22T08:27:33.824+0000][8][gc,age      ] GC(120) Desired survivor size 16777216 bytes, new threshold 15 (max threshold 15)
[2022-04-22T08:27:33.828+0000][8][gc,age      ] GC(120) Age table with threshold 15 (max threshold 15)
[2022-04-22T08:27:33.829+0000][8][gc,age      ] GC(120) - age   1:    1704864 bytes,    1704864 total
[2022-04-22T08:27:33.830+0000][8][gc,age      ] GC(120) - age   3:      24336 bytes,    1729200 total
[2022-04-22T08:27:33.831+0000][8][gc,age      ] GC(120) - age   4:     159776 bytes,    1888976 total
[2022-04-22T08:27:33.832+0000][8][gc,age      ] GC(120) - age   6:     537816 bytes,    2426792 total
[2022-04-22T08:27:33.832+0000][8][gc,phases   ] GC(120)   Pre Evacuate Collection Set: 0.1ms
[2022-04-22T08:27:33.833+0000][8][gc,phases   ] GC(120)   Merge Heap Roots: 0.1ms
[2022-04-22T08:27:33.833+0000][8][gc,phases   ] GC(120)   Evacuate Collection Set: 1.7ms
[2022-04-22T08:27:33.834+0000][8][gc,phases   ] GC(120)   Post Evacuate Collection Set: 1.0ms
[2022-04-22T08:27:33.835+0000][8][gc,phases   ] GC(120)   Other: 7.1ms
[2022-04-22T08:27:33.836+0000][8][gc,heap     ] GC(120) Eden regions: 58->0(59)
[2022-04-22T08:27:33.836+0000][8][gc,heap     ] GC(120) Survivor regions: 1->1(8)
[2022-04-22T08:27:33.837+0000][8][gc,heap     ] GC(120) Old regions: 33->33
[2022-04-22T08:27:33.838+0000][8][gc,heap     ] GC(120) Archive regions: 2->2
[2022-04-22T08:27:33.839+0000][8][gc,heap     ] GC(120) Humongous regions: 8->8
[2022-04-22T08:27:33.839+0000][8][gc,metaspace] GC(120) Metaspace: 106798K(108288K)->106798K(108288K) NonClass: 92349K(93248K)->92349K(93248K) Class: 14449K(15040K)->14449K(15040K)
[2022-04-22T08:27:33.840+0000][8][gc          ] GC(120) Pause Young (Normal) (G1 Evacuation Pause) 400M->170M(512M) 17.779ms
[2022-04-22T08:27:33.841+0000][8][gc,cpu      ] GC(120) User=0.01s Sys=0.01s Real=0.01s
[2022-04-22T08:27:33.842+0000][8][safepoint   ] Safepoint "G1CollectForAllocation", Time since last: 2762717127 ns, Reaching safepoint: 64750 ns, At safepoint: 19334500 ns, Total: 19399250 ns
[2022-04-22T08:27:37.844+0000][8][safepoint   ] Safepoint "Cleanup", Time since last: 4001800168 ns, Reaching safepoint: 200542 ns, At safepoint: 4708 ns, Total: 205250 ns
[2022-04-22T08:27:38.846+0000][8][safepoint   ] Safepoint "Cleanup", Time since last: 1001802542 ns, Reaching safepoint: 131334 ns, At safepoint: 4333 ns, Total: 135667 ns
[2022-04-22T08:27:40.809+0000][8][gc,start    ] GC(121) Pause Young (Normal) (G1 Evacuation Pause)
[2022-04-22T08:27:40.812+0000][8][gc,task     ] GC(121) Using 5 workers of 5 for evacuation
[2022-04-22T08:27:40.813+0000][8][gc,age      ] GC(121) Desired survivor size 16777216 bytes, new threshold 15 (max threshold 15)
[2022-04-22T08:27:40.817+0000][8][gc,age      ] GC(121) Age table with threshold 15 (max threshold 15)
[2022-04-22T08:27:40.818+0000][8][gc,age      ] GC(121) - age   1:    1538624 bytes,    1538624 total
[2022-04-22T08:27:40.819+0000][8][gc,age      ] GC(121) - age   2:     743280 bytes,    2281904 total
[2022-04-22T08:27:40.821+0000][8][gc,age      ] GC(121) - age   4:      24336 bytes,    2306240 total
[2022-04-22T08:27:40.822+0000][8][gc,age      ] GC(121) - age   5:     159744 bytes,    2465984 total
[2022-04-22T08:27:40.823+0000][8][gc,age      ] GC(121) - age   7:     537816 bytes,    3003800 total
[2022-04-22T08:27:40.825+0000][8][gc,phases   ] GC(121)   Pre Evacuate Collection Set: 0.5ms
[2022-04-22T08:27:40.826+0000][8][gc,phases   ] GC(121)   Merge Heap Roots: 0.2ms
[2022-04-22T08:27:40.826+0000][8][gc,phases   ] GC(121)   Evacuate Collection Set: 1.3ms
[2022-04-22T08:27:40.827+0000][8][gc,phases   ] GC(121)   Post Evacuate Collection Set: 0.8ms
[2022-04-22T08:27:40.828+0000][8][gc,phases   ] GC(121)   Other: 12.8ms
[2022-04-22T08:27:40.829+0000][8][gc,heap     ] GC(121) Eden regions: 59->0(59)
[2022-04-22T08:27:40.830+0000][8][gc,heap     ] GC(121) Survivor regions: 1->1(8)
[2022-04-22T08:27:40.831+0000][8][gc,heap     ] GC(121) Old regions: 33->33
[2022-04-22T08:27:40.832+0000][8][gc,heap     ] GC(121) Archive regions: 2->2
[2022-04-22T08:27:40.833+0000][8][gc,heap     ] GC(121) Humongous regions: 8->8
[2022-04-22T08:27:40.834+0000][8][gc,metaspace] GC(121) Metaspace: 106809K(108352K)->106809K(108352K) NonClass: 92360K(93312K)->92360K(93312K) Class: 14449K(15040K)->14449K(15040K)
[2022-04-22T08:27:40.835+0000][8][gc          ] GC(121) Pause Young (Normal) (G1 Evacuation Pause) 406M->170M(512M) 26.202ms
[2022-04-22T08:27:40.836+0000][8][gc,cpu      ] GC(121) User=0.01s Sys=0.01s Real=0.03s
[2022-04-22T08:27:40.837+0000][8][safepoint   ] Safepoint "G1CollectForAllocation", Time since last: 1963532959 ns, Reaching safepoint: 67167 ns, At safepoint: 28109833 ns, Total: 28177000 ns
[2022-04-22T08:27:42.839+0000][8][safepoint   ] Safepoint "Cleanup", Time since last: 2001699460 ns, Reaching safepoint: 212791 ns, At safepoint: 4167 ns, Total: 216958 ns
[2022-04-22T08:27:44.841+0000][8][safepoint   ] Safepoint "Cleanup", Time since last: 2001469959 ns, Reaching safepoint: 146042 ns, At safepoint: 5292 ns, Total: 151334 ns
[2022-04-22T08:27:45.845+0000][8][safepoint   ] Safepoint "Cleanup", Time since last: 1000829375 ns, Reaching safepoint: 3760583 ns, At safepoint: 42667 ns, Total: 3803250 ns
[2022-04-22T08:27:46.847+0000][8][safepoint   ] Safepoint "Cleanup", Time since last: 1000886834 ns, Reaching safepoint: 526833 ns, At safepoint: 5167 ns, Total: 532000 ns
[2022-04-22T08:27:46.963+0000][8][safepoint   ] Safepoint "G1CollectForAllocation", Time since last: 116498000 ns, Reaching safepoint: 45208 ns, At safepoint: 14917 ns, Total: 60125 ns
[2022-04-22T08:27:46.965+0000][8][gc,start    ] GC(122) Pause Young (Concurrent Start) (GCLocker Initiated GC)
[2022-04-22T08:27:46.966+0000][8][gc,task     ] GC(122) Using 5 workers of 5 for evacuation
[2022-04-22T08:27:46.968+0000][8][gc,age      ] GC(122) Desired survivor size 16777216 bytes, new threshold 15 (max threshold 15)
[2022-04-22T08:27:46.971+0000][8][gc,age      ] GC(122) Age table with threshold 15 (max threshold 15)
[2022-04-22T08:27:46.972+0000][8][gc,age      ] GC(122) - age   1:    1552632 bytes,    1552632 total
[2022-04-22T08:27:46.974+0000][8][gc,age      ] GC(122) - age   2:     338560 bytes,    1891192 total
[2022-04-22T08:27:46.974+0000][8][gc,age      ] GC(122) - age   3:     635328 bytes,    2526520 total
[2022-04-22T08:27:46.975+0000][8][gc,age      ] GC(122) - age   5:      24336 bytes,    2550856 total
[2022-04-22T08:27:46.975+0000][8][gc,age      ] GC(122) - age   6:     159712 bytes,    2710568 total
[2022-04-22T08:27:46.977+0000][8][gc,age      ] GC(122) - age   8:     537816 bytes,    3248384 total
[2022-04-22T08:27:46.978+0000][8][gc,phases   ] GC(122)   Pre Evacuate Collection Set: 0.2ms
[2022-04-22T08:27:46.978+0000][8][gc,phases   ] GC(122)   Merge Heap Roots: 0.3ms
[2022-04-22T08:27:46.979+0000][8][gc,phases   ] GC(122)   Evacuate Collection Set: 1.4ms
[2022-04-22T08:27:46.980+0000][8][gc,phases   ] GC(122)   Post Evacuate Collection Set: 1.1ms
[2022-04-22T08:27:46.980+0000][8][gc,phases   ] GC(122)   Other: 9.5ms
[2022-04-22T08:27:46.981+0000][8][gc,heap     ] GC(122) Eden regions: 59->0(60)
[2022-04-22T08:27:46.982+0000][8][gc,heap     ] GC(122) Survivor regions: 1->1(8)
[2022-04-22T08:27:46.983+0000][8][gc,heap     ] GC(122) Old regions: 33->33
[2022-04-22T08:27:46.983+0000][8][gc,heap     ] GC(122) Archive regions: 2->2
[2022-04-22T08:27:46.984+0000][8][gc,heap     ] GC(122) Humongous regions: 8->8
[2022-04-22T08:27:46.985+0000][8][gc,metaspace] GC(122) Metaspace: 106826K(108352K)->106826K(108352K) NonClass: 92377K(93312K)->92377K(93312K) Class: 14449K(15040K)->14449K(15040K)
[2022-04-22T08:27:46.986+0000][8][gc          ] GC(122) Pause Young (Concurrent Start) (GCLocker Initiated GC) 406M->171M(512M) 20.469ms
[2022-04-22T08:27:46.987+0000][8][gc,cpu      ] GC(122) User=0.00s Sys=0.01s Real=0.02s
[2022-04-22T08:27:46.987+0000][8][safepoint   ] Safepoint "G1CollectForAllocation", Time since last: 1438167 ns, Reaching safepoint: 422750 ns, At safepoint: 22172666 ns, Total: 22595416 ns
[2022-04-22T08:27:46.988+0000][8][gc          ] GC(123) Concurrent Mark Cycle
[2022-04-22T08:27:46.990+0000][8][gc,marking  ] GC(123) Concurrent Clear Claimed Marks
[2022-04-22T08:27:46.991+0000][8][gc,marking  ] GC(123) Concurrent Clear Claimed Marks 1.876ms
[2022-04-22T08:27:46.992+0000][8][gc,marking  ] GC(123) Concurrent Scan Root Regions
[2022-04-22T08:27:46.997+0000][8][gc,marking  ] GC(123) Concurrent Scan Root Regions 4.577ms
[2022-04-22T08:27:46.998+0000][8][gc,marking  ] GC(123) Concurrent Mark
[2022-04-22T08:27:46.999+0000][8][gc,marking  ] GC(123) Concurrent Mark From Roots
[2022-04-22T08:27:47.000+0000][8][gc,task     ] GC(123) Using 1 workers of 1 for marking
[2022-04-22T08:27:47.189+0000][8][gc,marking  ] GC(123) Concurrent Mark From Roots 190.581ms
[2022-04-22T08:27:47.190+0000][8][gc,marking  ] GC(123) Concurrent Preclean
[2022-04-22T08:27:47.191+0000][8][gc,marking  ] GC(123) Concurrent Preclean 1.049ms
[2022-04-22T08:27:47.193+0000][8][gc,start    ] GC(123) Pause Remark
[2022-04-22T08:27:47.200+0000][8][gc          ] GC(123) Pause Remark 184M->176M(512M) 7.079ms
[2022-04-22T08:27:47.201+0000][8][gc,cpu      ] GC(123) User=0.02s Sys=0.00s Real=0.00s
[2022-04-22T08:27:47.202+0000][8][safepoint   ] Safepoint "G1Concurrent", Time since last: 204924667 ns, Reaching safepoint: 212083 ns, At safepoint: 9410834 ns, Total: 9622917 ns
[2022-04-22T08:27:47.203+0000][8][gc,marking  ] GC(123) Concurrent Mark 205.454ms
[2022-04-22T08:27:47.205+0000][8][gc,marking  ] GC(123) Concurrent Rebuild Remembered Sets
[2022-04-22T08:27:47.250+0000][8][gc,marking  ] GC(123) Concurrent Rebuild Remembered Sets 45.363ms
[2022-04-22T08:27:47.252+0000][8][gc,start    ] GC(123) Pause Cleanup
[2022-04-22T08:27:47.253+0000][8][gc          ] GC(123) Pause Cleanup 177M->177M(512M) 1.216ms
[2022-04-22T08:27:47.254+0000][8][gc,cpu      ] GC(123) User=0.00s Sys=0.00s Real=0.01s
[2022-04-22T08:27:47.254+0000][8][safepoint   ] Safepoint "G1Concurrent", Time since last: 49805916 ns, Reaching safepoint: 30625 ns, At safepoint: 2636500 ns, Total: 2667125 ns
[2022-04-22T08:27:47.255+0000][8][gc,marking  ] GC(123) Concurrent Cleanup for Next Mark
[2022-04-22T08:27:47.256+0000][8][gc,marking  ] GC(123) Concurrent Cleanup for Next Mark 1.100ms
[2022-04-22T08:27:47.257+0000][8][gc          ] GC(123) Concurrent Mark Cycle 269.803ms
[2022-04-22T08:27:48.255+0000][8][safepoint   ] Safepoint "Cleanup", Time since last: 1000700293 ns, Reaching safepoint: 132500 ns, At safepoint: 35125 ns, Total: 167625 ns
[2022-04-22T08:27:49.257+0000][8][safepoint   ] Safepoint "Cleanup", Time since last: 1001574375 ns, Reaching safepoint: 62208 ns, At safepoint: 2167 ns, Total: 64375 ns
[2022-04-22T08:27:51.261+0000][8][safepoint   ] Safepoint "Cleanup", Time since last: 2004220084 ns, Reaching safepoint: 47000 ns, At safepoint: 2125 ns, Total: 49125 ns
[2022-04-22T08:27:52.263+0000][8][safepoint   ] Safepoint "Cleanup", Time since last: 1001224501 ns, Reaching safepoint: 193250 ns, At safepoint: 15958 ns, Total: 209208 ns
[2022-04-22T08:27:53.264+0000][8][safepoint   ] Safepoint "Cleanup", Time since last: 1001660167 ns, Reaching safepoint: 55792 ns, At safepoint: 2083 ns, Total: 57875 ns
[2022-04-22T08:27:54.266+0000][8][safepoint   ] Safepoint "Cleanup", Time since last: 1001147167 ns, Reaching safepoint: 572667 ns, At safepoint: 5458 ns, Total: 578125 ns
[2022-04-22T08:27:54.354+0000][8][gc,start    ] GC(124) Pause Young (Prepare Mixed) (G1 Evacuation Pause)
[2022-04-22T08:27:54.355+0000][8][gc,task     ] GC(124) Using 5 workers of 5 for evacuation
[2022-04-22T08:27:54.356+0000][8][gc,age      ] GC(124) Desired survivor size 16777216 bytes, new threshold 15 (max threshold 15)
[2022-04-22T08:27:54.360+0000][8][gc,age      ] GC(124) Age table with threshold 15 (max threshold 15)
[2022-04-22T08:27:54.361+0000][8][gc,age      ] GC(124) - age   1:    1156104 bytes,    1156104 total
[2022-04-22T08:27:54.362+0000][8][gc,age      ] GC(124) - age   2:     318296 bytes,    1474400 total
[2022-04-22T08:27:54.362+0000][8][gc,age      ] GC(124) - age   3:     337144 bytes,    1811544 total
[2022-04-22T08:27:54.363+0000][8][gc,age      ] GC(124) - age   4:     634920 bytes,    2446464 total
[2022-04-22T08:27:54.364+0000][8][gc,age      ] GC(124) - age   6:      24336 bytes,    2470800 total
[2022-04-22T08:27:54.365+0000][8][gc,age      ] GC(124) - age   7:     111408 bytes,    2582208 total
[2022-04-22T08:27:54.365+0000][8][gc,age      ] GC(124) - age   9:      24032 bytes,    2606240 total
[2022-04-22T08:27:54.366+0000][8][gc,phases   ] GC(124)   Pre Evacuate Collection Set: 0.2ms
[2022-04-22T08:27:54.366+0000][8][gc,phases   ] GC(124)   Merge Heap Roots: 0.1ms
[2022-04-22T08:27:54.367+0000][8][gc,phases   ] GC(124)   Evacuate Collection Set: 2.5ms
[2022-04-22T08:27:54.368+0000][8][gc,phases   ] GC(124)   Post Evacuate Collection Set: 0.7ms
[2022-04-22T08:27:54.368+0000][8][gc,phases   ] GC(124)   Other: 8.2ms
[2022-04-22T08:27:54.369+0000][8][gc,heap     ] GC(124) Eden regions: 60->0(5)
[2022-04-22T08:27:54.370+0000][8][gc,heap     ] GC(124) Survivor regions: 1->1(8)
[2022-04-22T08:27:54.370+0000][8][gc,heap     ] GC(124) Old regions: 33->33
[2022-04-22T08:27:54.371+0000][8][gc,heap     ] GC(124) Archive regions: 2->2
[2022-04-22T08:27:54.372+0000][8][gc,heap     ] GC(124) Humongous regions: 6->6
[2022-04-22T08:27:54.372+0000][8][gc,metaspace] GC(124) Metaspace: 106853K(108352K)->106853K(108352K) NonClass: 92403K(93312K)->92403K(93312K) Class: 14449K(15040K)->14449K(15040K)
[2022-04-22T08:27:54.373+0000][8][gc          ] GC(124) Pause Young (Prepare Mixed) (G1 Evacuation Pause) 403M->162M(512M) 19.076ms
[2022-04-22T08:27:54.374+0000][8][gc,cpu      ] GC(124) User=0.01s Sys=0.00s Real=0.02s
[2022-04-22T08:27:54.375+0000][8][safepoint   ] Safepoint "G1CollectForAllocation", Time since last: 87774667 ns, Reaching safepoint: 172750 ns, At safepoint: 20524583 ns, Total: 20697333 ns
[2022-04-22T08:27:55.112+0000][8][gc,start    ] GC(125) Pause Young (Mixed) (G1 Evacuation Pause)
[2022-04-22T08:27:55.113+0000][8][gc,task     ] GC(125) Using 5 workers of 5 for evacuation
[2022-04-22T08:27:55.114+0000][8][gc,age      ] GC(125) Desired survivor size 2097152 bytes, new threshold 4 (max threshold 15)
[2022-04-22T08:27:55.118+0000][8][gc,age      ] GC(125) Age table with threshold 4 (max threshold 15)
[2022-04-22T08:27:55.119+0000][8][gc,age      ] GC(125) - age   1:     697488 bytes,     697488 total
[2022-04-22T08:27:55.119+0000][8][gc,age      ] GC(125) - age   2:    1030208 bytes,    1727696 total
[2022-04-22T08:27:55.120+0000][8][gc,age      ] GC(125) - age   3:     318232 bytes,    2045928 total
[2022-04-22T08:27:55.121+0000][8][gc,age      ] GC(125) - age   4:     337144 bytes,    2383072 total
[2022-04-22T08:27:55.122+0000][8][gc,phases   ] GC(125)   Pre Evacuate Collection Set: 0.1ms
[2022-04-22T08:27:55.122+0000][8][gc,phases   ] GC(125)   Merge Heap Roots: 0.1ms
[2022-04-22T08:27:55.123+0000][8][gc,phases   ] GC(125)   Evacuate Collection Set: 2.2ms
[2022-04-22T08:27:55.124+0000][8][gc,phases   ] GC(125)   Post Evacuate Collection Set: 0.8ms
[2022-04-22T08:27:55.125+0000][8][gc,phases   ] GC(125)   Other: 6.2ms
[2022-04-22T08:27:55.125+0000][8][gc,heap     ] GC(125) Eden regions: 5->0(65)
[2022-04-22T08:27:55.126+0000][8][gc,heap     ] GC(125) Survivor regions: 1->1(1)
[2022-04-22T08:27:55.126+0000][8][gc,heap     ] GC(125) Old regions: 33->30
[2022-04-22T08:27:55.127+0000][8][gc,heap     ] GC(125) Archive regions: 2->2
[2022-04-22T08:27:55.128+0000][8][gc,heap     ] GC(125) Humongous regions: 6->6
[2022-04-22T08:27:55.128+0000][8][gc,metaspace] GC(125) Metaspace: 106854K(108352K)->106854K(108352K) NonClass: 92405K(93312K)->92405K(93312K) Class: 14449K(15040K)->14449K(15040K)
[2022-04-22T08:27:55.129+0000][8][gc          ] GC(125) Pause Young (Mixed) (G1 Evacuation Pause) 182M->147M(512M) 16.617ms
[2022-04-22T08:27:55.130+0000][8][gc,cpu      ] GC(125) User=0.01s Sys=0.00s Real=0.01s
[2022-04-22T08:27:55.130+0000][8][safepoint   ] Safepoint "G1CollectForAllocation", Time since last: 737535167 ns, Reaching safepoint: 112959 ns, At safepoint: 17936791 ns, Total: 18049750 ns
[2022-04-22T08:27:58.131+0000][8][safepoint   ] Safepoint "Cleanup", Time since last: 3001063210 ns, Reaching safepoint: 93917 ns, At safepoint: 2833 ns, Total: 96750 ns
[2022-04-22T08:28:00.134+0000][8][safepoint   ] Safepoint "Cleanup", Time since last: 2002228543 ns, Reaching safepoint: 80792 ns, At safepoint: 8541 ns, Total: 89333 ns
[2022-04-22T08:28:01.136+0000][8][safepoint   ] Safepoint "Cleanup", Time since last: 1002198666 ns, Reaching safepoint: 78625 ns, At safepoint: 2459 ns, Total: 81084 ns
[2022-04-22T08:28:01.499+0000][8][safepoint   ] Safepoint "G1CollectForAllocation", Time since last: 362857583 ns, Reaching safepoint: 69209 ns, At safepoint: 5750 ns, Total: 74959 ns
[2022-04-22T08:28:01.500+0000][8][gc,start    ] GC(126) Pause Young (Normal) (GCLocker Initiated GC)
[2022-04-22T08:28:01.500+0000][8][gc,task     ] GC(126) Using 5 workers of 5 for evacuation
[2022-04-22T08:28:01.501+0000][8][gc,age      ] GC(126) Desired survivor size 18874368 bytes, new threshold 15 (max threshold 15)
[2022-04-22T08:28:01.504+0000][8][gc,age      ] GC(126) Age table with threshold 15 (max threshold 15)
[2022-04-22T08:28:01.505+0000][8][gc,age      ] GC(126) - age   1:    1338408 bytes,    1338408 total
[2022-04-22T08:28:01.507+0000][8][gc,age      ] GC(126) - age   2:      31984 bytes,    1370392 total
[2022-04-22T08:28:01.508+0000][8][gc,age      ] GC(126) - age   3:     310288 bytes,    1680680 total
[2022-04-22T08:28:01.510+0000][8][gc,age      ] GC(126) - age   4:     276616 bytes,    1957296 total
[2022-04-22T08:28:01.511+0000][8][gc,age      ] GC(126) - age   5:     306640 bytes,    2263936 total
[2022-04-22T08:28:01.512+0000][8][gc,phases   ] GC(126)   Pre Evacuate Collection Set: 0.2ms
[2022-04-22T08:28:01.513+0000][8][gc,phases   ] GC(126)   Merge Heap Roots: 0.2ms
[2022-04-22T08:28:01.513+0000][8][gc,phases   ] GC(126)   Evacuate Collection Set: 1.8ms
[2022-04-22T08:28:01.514+0000][8][gc,phases   ] GC(126)   Post Evacuate Collection Set: 0.8ms
[2022-04-22T08:28:01.515+0000][8][gc,phases   ] GC(126)   Other: 9.1ms
[2022-04-22T08:28:01.515+0000][8][gc,heap     ] GC(126) Eden regions: 65->0(66)
[2022-04-22T08:28:01.516+0000][8][gc,heap     ] GC(126) Survivor regions: 1->1(9)
[2022-04-22T08:28:01.517+0000][8][gc,heap     ] GC(126) Old regions: 30->30
[2022-04-22T08:28:01.517+0000][8][gc,heap     ] GC(126) Archive regions: 2->2
[2022-04-22T08:28:01.518+0000][8][gc,heap     ] GC(126) Humongous regions: 6->6
[2022-04-22T08:28:01.518+0000][8][gc,metaspace] GC(126) Metaspace: 106883K(108416K)->106883K(108416K) NonClass: 92434K(93376K)->92434K(93376K) Class: 14449K(15040K)->14449K(15040K)
[2022-04-22T08:28:01.520+0000][8][gc          ] GC(126) Pause Young (Normal) (GCLocker Initiated GC) 407M->147M(512M) 19.927ms
[2022-04-22T08:28:01.520+0000][8][gc,cpu      ] GC(126) User=0.01s Sys=0.00s Real=0.02s
[2022-04-22T08:28:01.521+0000][8][safepoint   ] Safepoint "G1CollectForAllocation", Time since last: 811166 ns, Reaching safepoint: 56375 ns, At safepoint: 21201709 ns, Total: 21258084 ns
[2022-04-22T08:28:02.522+0000][8][safepoint   ] Safepoint "Cleanup", Time since last: 1000878167 ns, Reaching safepoint: 99083 ns, At safepoint: 11125 ns, Total: 110208 ns
[2022-04-22T08:28:04.523+0000][8][safepoint   ] Safepoint "Cleanup", Time since last: 2001458459 ns, Reaching safepoint: 51292 ns, At safepoint: 2667 ns, Total: 53959 ns
[2022-04-22T08:28:09.110+0000][8][gc,start    ] GC(127) Pause Young (Normal) (G1 Evacuation Pause)
[2022-04-22T08:28:09.110+0000][8][gc,task     ] GC(127) Using 5 workers of 5 for evacuation
[2022-04-22T08:28:09.111+0000][8][gc,age      ] GC(127) Desired survivor size 18874368 bytes, new threshold 15 (max threshold 15)
[2022-04-22T08:28:09.115+0000][8][gc,age      ] GC(127) Age table with threshold 15 (max threshold 15)
[2022-04-22T08:28:09.115+0000][8][gc,age      ] GC(127) - age   1:    1951752 bytes,    1951752 total
[2022-04-22T08:28:09.117+0000][8][gc,age      ] GC(127) - age   2:     374248 bytes,    2326000 total
[2022-04-22T08:28:09.118+0000][8][gc,age      ] GC(127) - age   3:      31824 bytes,    2357824 total
[2022-04-22T08:28:09.118+0000][8][gc,age      ] GC(127) - age   4:     308488 bytes,    2666312 total
[2022-04-22T08:28:09.119+0000][8][gc,age      ] GC(127) - age   5:     276192 bytes,    2942504 total
[2022-04-22T08:28:09.120+0000][8][gc,age      ] GC(127) - age   6:     306544 bytes,    3249048 total
[2022-04-22T08:28:09.120+0000][8][gc,phases   ] GC(127)   Pre Evacuate Collection Set: 0.2ms
[2022-04-22T08:28:09.121+0000][8][gc,phases   ] GC(127)   Merge Heap Roots: 0.1ms
[2022-04-22T08:28:09.122+0000][8][gc,phases   ] GC(127)   Evacuate Collection Set: 1.9ms
[2022-04-22T08:28:09.122+0000][8][gc,phases   ] GC(127)   Post Evacuate Collection Set: 0.9ms
[2022-04-22T08:28:09.123+0000][8][gc,phases   ] GC(127)   Other: 7.8ms
[2022-04-22T08:28:09.124+0000][8][gc,heap     ] GC(127) Eden regions: 66->0(66)
[2022-04-22T08:28:09.124+0000][8][gc,heap     ] GC(127) Survivor regions: 1->1(9)
[2022-04-22T08:28:09.125+0000][8][gc,heap     ] GC(127) Old regions: 30->30
[2022-04-22T08:28:09.125+0000][8][gc,heap     ] GC(127) Archive regions: 2->2
[2022-04-22T08:28:09.126+0000][8][gc,heap     ] GC(127) Humongous regions: 6->6
[2022-04-22T08:28:09.127+0000][8][gc,metaspace] GC(127) Metaspace: 106908K(108416K)->106908K(108416K) NonClass: 92459K(93376K)->92459K(93376K) Class: 14449K(15040K)->14449K(15040K)
[2022-04-22T08:28:09.127+0000][8][gc          ] GC(127) Pause Young (Normal) (G1 Evacuation Pause) 411M->148M(512M) 17.682ms
[2022-04-22T08:28:09.128+0000][8][gc,cpu      ] GC(127) User=0.01s Sys=0.00s Real=0.02s
[2022-04-22T08:28:09.129+0000][8][safepoint   ] Safepoint "G1CollectForAllocation", Time since last: 4586110418 ns, Reaching safepoint: 90500 ns, At safepoint: 19029417 ns, Total: 19119917 ns
[2022-04-22T08:28:10.130+0000][8][safepoint   ] Safepoint "Cleanup", Time since last: 1001067751 ns, Reaching safepoint: 204083 ns, At safepoint: 21417 ns, Total: 225500 ns
[2022-04-22T08:28:11.131+0000][8][safepoint   ] Safepoint "Cleanup", Time since last: 1001124792 ns, Reaching safepoint: 196250 ns, At safepoint: 4000 ns, Total: 200250 ns
[2022-04-22T08:28:12.133+0000][8][safepoint   ] Safepoint "Cleanup", Time since last: 1001480042 ns, Reaching safepoint: 100542 ns, At safepoint: 8041 ns, Total: 108583 ns
[2022-04-22T08:28:13.136+0000][8][safepoint   ] Safepoint "Cleanup", Time since last: 1001107792 ns, Reaching safepoint: 2518125 ns, At safepoint: 21417 ns, Total: 2539542 ns
[2022-04-22T08:28:14.679+0000][8][safepoint   ] Safepoint "Cleanup", Time since last: 1542597167 ns, Reaching safepoint: 190792 ns, At safepoint: 4250 ns, Total: 195042 ns
[2022-04-22T08:28:14.877+0000][8][gc,start    ] GC(128) Pause Young (Concurrent Start) (G1 Evacuation Pause)
[2022-04-22T08:28:14.879+0000][8][gc,task     ] GC(128) Using 5 workers of 5 for evacuation
[2022-04-22T08:28:14.880+0000][8][gc,age      ] GC(128) Desired survivor size 18874368 bytes, new threshold 15 (max threshold 15)
[2022-04-22T08:28:14.885+0000][8][gc,age      ] GC(128) Age table with threshold 15 (max threshold 15)
[2022-04-22T08:28:14.886+0000][8][gc,age      ] GC(128) - age   1:    1977128 bytes,    1977128 total
[2022-04-22T08:28:14.887+0000][8][gc,age      ] GC(128) - age   2:     601392 bytes,    2578520 total
[2022-04-22T08:28:14.888+0000][8][gc,age      ] GC(128) - age   3:     365536 bytes,    2944056 total
[2022-04-22T08:28:14.889+0000][8][gc,age      ] GC(128) - age   4:      31824 bytes,    2975880 total
[2022-04-22T08:28:14.890+0000][8][gc,age      ] GC(128) - age   5:     307928 bytes,    3283808 total
[2022-04-22T08:28:14.891+0000][8][gc,age      ] GC(128) - age   6:     275032 bytes,    3558840 total
[2022-04-22T08:28:14.892+0000][8][gc,age      ] GC(128) - age   7:     306480 bytes,    3865320 total
[2022-04-22T08:28:14.893+0000][8][gc,phases   ] GC(128)   Pre Evacuate Collection Set: 0.4ms
[2022-04-22T08:28:14.893+0000][8][gc,phases   ] GC(128)   Merge Heap Roots: 0.2ms
[2022-04-22T08:28:14.895+0000][8][gc,phases   ] GC(128)   Evacuate Collection Set: 2.5ms
[2022-04-22T08:28:14.896+0000][8][gc,phases   ] GC(128)   Post Evacuate Collection Set: 1.2ms
[2022-04-22T08:28:14.897+0000][8][gc,phases   ] GC(128)   Other: 11.0ms
[2022-04-22T08:28:14.897+0000][8][gc,heap     ] GC(128) Eden regions: 66->0(66)
[2022-04-22T08:28:14.898+0000][8][gc,heap     ] GC(128) Survivor regions: 1->1(9)
[2022-04-22T08:28:14.900+0000][8][gc,heap     ] GC(128) Old regions: 30->30
[2022-04-22T08:28:14.901+0000][8][gc,heap     ] GC(128) Archive regions: 2->2
[2022-04-22T08:28:14.901+0000][8][gc,heap     ] GC(128) Humongous regions: 6->6
[2022-04-22T08:28:14.902+0000][8][gc,metaspace] GC(128) Metaspace: 106953K(108416K)->106953K(108416K) NonClass: 92502K(93376K)->92502K(93376K) Class: 14450K(15040K)->14450K(15040K)
[2022-04-22T08:28:14.903+0000][8][gc          ] GC(128) Pause Young (Concurrent Start) (G1 Evacuation Pause) 412M->149M(512M) 25.492ms
[2022-04-22T08:28:14.904+0000][8][gc,cpu      ] GC(128) User=0.01s Sys=0.01s Real=0.03s
[2022-04-22T08:28:14.904+0000][8][safepoint   ] Safepoint "G1CollectForAllocation", Time since last: 197931084 ns, Reaching safepoint: 122875 ns, At safepoint: 26909458 ns, Total: 27032333 ns
[2022-04-22T08:28:14.904+0000][8][gc          ] GC(129) Concurrent Mark Cycle
[2022-04-22T08:28:14.906+0000][8][gc,marking  ] GC(129) Concurrent Clear Claimed Marks
[2022-04-22T08:28:14.907+0000][8][gc,marking  ] GC(129) Concurrent Clear Claimed Marks 0.999ms
[2022-04-22T08:28:14.908+0000][8][gc,marking  ] GC(129) Concurrent Scan Root Regions
[2022-04-22T08:28:14.910+0000][8][gc,marking  ] GC(129) Concurrent Scan Root Regions 2.266ms
[2022-04-22T08:28:14.911+0000][8][gc,marking  ] GC(129) Concurrent Mark
[2022-04-22T08:28:14.912+0000][8][gc,marking  ] GC(129) Concurrent Mark From Roots
[2022-04-22T08:28:14.913+0000][8][gc,task     ] GC(129) Using 1 workers of 1 for marking
[2022-04-22T08:28:14.986+0000][8][gc,marking  ] GC(129) Concurrent Mark From Roots 73.396ms
[2022-04-22T08:28:14.987+0000][8][gc,marking  ] GC(129) Concurrent Preclean
[2022-04-22T08:28:14.988+0000][8][gc,marking  ] GC(129) Concurrent Preclean 1.783ms
[2022-04-22T08:28:14.993+0000][8][gc,start    ] GC(129) Pause Remark
[2022-04-22T08:28:15.003+0000][8][gc          ] GC(129) Pause Remark 153M->153M(512M) 9.699ms
[2022-04-22T08:28:15.005+0000][8][gc,cpu      ] GC(129) User=0.02s Sys=0.01s Real=0.01s
[2022-04-22T08:28:15.006+0000][8][safepoint   ] Safepoint "G1Concurrent", Time since last: 88580875 ns, Reaching safepoint: 321417 ns, At safepoint: 12550583 ns, Total: 12872000 ns
[2022-04-22T08:28:15.007+0000][8][gc,marking  ] GC(129) Concurrent Mark 95.283ms
[2022-04-22T08:28:15.008+0000][8][gc,marking  ] GC(129) Concurrent Rebuild Remembered Sets
[2022-04-22T08:28:15.050+0000][8][gc,marking  ] GC(129) Concurrent Rebuild Remembered Sets 42.174ms
[2022-04-22T08:28:15.051+0000][8][gc,start    ] GC(129) Pause Cleanup
[2022-04-22T08:28:15.052+0000][8][gc          ] GC(129) Pause Cleanup 153M->153M(512M) 0.908ms
[2022-04-22T08:28:15.053+0000][8][gc,cpu      ] GC(129) User=0.00s Sys=0.00s Real=0.01s
[2022-04-22T08:28:15.054+0000][8][safepoint   ] Safepoint "G1Concurrent", Time since last: 45740875 ns, Reaching safepoint: 42750 ns, At safepoint: 2136708 ns, Total: 2179458 ns
[2022-04-22T08:28:15.055+0000][8][gc,marking  ] GC(129) Concurrent Cleanup for Next Mark
[2022-04-22T08:28:15.057+0000][8][gc,marking  ] GC(129) Concurrent Cleanup for Next Mark 1.689ms
[2022-04-22T08:28:15.060+0000][8][gc          ] GC(129) Concurrent Mark Cycle 155.877ms
[2022-04-22T08:28:16.055+0000][8][safepoint   ] Safepoint "Cleanup", Time since last: 1001737709 ns, Reaching safepoint: 154000 ns, At safepoint: 5375 ns, Total: 159375 ns
[2022-04-22T08:28:18.058+0000][8][safepoint   ] Safepoint "Cleanup", Time since last: 2001959793 ns, Reaching safepoint: 93333 ns, At safepoint: 75083 ns, Total: 168416 ns
[2022-04-22T08:28:19.059+0000][8][safepoint   ] Safepoint "Cleanup", Time since last: 1000870168 ns, Reaching safepoint: 90541 ns, At safepoint: 4750 ns, Total: 95291 ns
[2022-04-22T08:28:20.059+0000][8][safepoint   ] Safepoint "Cleanup", Time since last: 1000718126 ns, Reaching safepoint: 51166 ns, At safepoint: 42917 ns, Total: 94083 ns
[2022-04-22T08:28:21.061+0000][8][safepoint   ] Safepoint "Cleanup", Time since last: 1000909209 ns, Reaching safepoint: 383333 ns, At safepoint: 7500 ns, Total: 390833 ns
[2022-04-22T08:28:22.062+0000][8][safepoint   ] Safepoint "Cleanup", Time since last: 1001439292 ns, Reaching safepoint: 54167 ns, At safepoint: 2333 ns, Total: 56500 ns
[2022-04-22T08:28:22.809+0000][8][gc,start    ] GC(130) Pause Young (Prepare Mixed) (G1 Evacuation Pause)
[2022-04-22T08:28:22.810+0000][8][gc,task     ] GC(130) Using 5 workers of 5 for evacuation
[2022-04-22T08:28:22.811+0000][8][gc,age      ] GC(130) Desired survivor size 18874368 bytes, new threshold 15 (max threshold 15)
[2022-04-22T08:28:22.815+0000][8][gc,age      ] GC(130) Age table with threshold 15 (max threshold 15)
[2022-04-22T08:28:22.817+0000][8][gc,age      ] GC(130) - age   1:    2480168 bytes,    2480168 total
[2022-04-22T08:28:22.818+0000][8][gc,age      ] GC(130) - age   2:     300384 bytes,    2780552 total
[2022-04-22T08:28:22.819+0000][8][gc,age      ] GC(130) - age   3:     401888 bytes,    3182440 total
[2022-04-22T08:28:22.820+0000][8][gc,age      ] GC(130) - age   4:     314952 bytes,    3497392 total
[2022-04-22T08:28:22.821+0000][8][gc,age      ] GC(130) - age   5:      31824 bytes,    3529216 total
[2022-04-22T08:28:22.822+0000][8][gc,age      ] GC(130) - age   6:     307416 bytes,    3836632 total
[2022-04-22T08:28:22.822+0000][8][gc,age      ] GC(130) - age   7:     243992 bytes,    4080624 total
[2022-04-22T08:28:22.823+0000][8][gc,age      ] GC(130) - age   8:     306480 bytes,    4387104 total
[2022-04-22T08:28:22.824+0000][8][gc,phases   ] GC(130)   Pre Evacuate Collection Set: 0.1ms
[2022-04-22T08:28:22.824+0000][8][gc,phases   ] GC(130)   Merge Heap Roots: 0.1ms
[2022-04-22T08:28:22.825+0000][8][gc,phases   ] GC(130)   Evacuate Collection Set: 2.7ms
[2022-04-22T08:28:22.825+0000][8][gc,phases   ] GC(130)   Post Evacuate Collection Set: 0.7ms
[2022-04-22T08:28:22.826+0000][8][gc,phases   ] GC(130)   Other: 10.8ms
[2022-04-22T08:28:22.827+0000][8][gc,heap     ] GC(130) Eden regions: 66->0(4)
[2022-04-22T08:28:22.828+0000][8][gc,heap     ] GC(130) Survivor regions: 1->2(9)
[2022-04-22T08:28:22.828+0000][8][gc,heap     ] GC(130) Old regions: 30->30
[2022-04-22T08:28:22.829+0000][8][gc,heap     ] GC(130) Archive regions: 2->2
[2022-04-22T08:28:22.830+0000][8][gc,heap     ] GC(130) Humongous regions: 6->6
[2022-04-22T08:28:22.830+0000][8][gc,metaspace] GC(130) Metaspace: 106998K(108480K)->106998K(108480K) NonClass: 92547K(93440K)->92547K(93440K) Class: 14450K(15040K)->14450K(15040K)
[2022-04-22T08:28:22.832+0000][8][gc          ] GC(130) Pause Young (Prepare Mixed) (G1 Evacuation Pause) 413M->150M(512M) 22.134ms
[2022-04-22T08:28:22.832+0000][8][gc,cpu      ] GC(130) User=0.02s Sys=0.00s Real=0.03s
[2022-04-22T08:28:22.833+0000][8][safepoint   ] Safepoint "G1CollectForAllocation", Time since last: 747091792 ns, Reaching safepoint: 115292 ns, At safepoint: 23788708 ns, Total: 23904000 ns
[2022-04-22T08:28:23.406+0000][8][gc,start    ] GC(131) Pause Young (Mixed) (G1 Evacuation Pause)
[2022-04-22T08:28:23.407+0000][8][gc,task     ] GC(131) Using 5 workers of 5 for evacuation
[2022-04-22T08:28:23.408+0000][8][gc,age      ] GC(131) Desired survivor size 2097152 bytes, new threshold 1 (max threshold 15)
[2022-04-22T08:28:23.412+0000][8][gc,age      ] GC(131) Age table with threshold 1 (max threshold 15)
[2022-04-22T08:28:23.413+0000][8][gc,age      ] GC(131) - age   1:     791504 bytes,     791504 total
[2022-04-22T08:28:23.414+0000][8][gc,phases   ] GC(131)   Pre Evacuate Collection Set: 0.2ms
[2022-04-22T08:28:23.415+0000][8][gc,phases   ] GC(131)   Merge Heap Roots: 0.2ms
[2022-04-22T08:28:23.416+0000][8][gc,phases   ] GC(131)   Evacuate Collection Set: 2.1ms
[2022-04-22T08:28:23.416+0000][8][gc,phases   ] GC(131)   Post Evacuate Collection Set: 0.7ms
[2022-04-22T08:28:23.417+0000][8][gc,phases   ] GC(131)   Other: 5.1ms
[2022-04-22T08:28:23.417+0000][8][gc,heap     ] GC(131) Eden regions: 4->0(70)
[2022-04-22T08:28:23.419+0000][8][gc,heap     ] GC(131) Survivor regions: 2->1(1)
[2022-04-22T08:28:23.420+0000][8][gc,heap     ] GC(131) Old regions: 30->26
[2022-04-22T08:28:23.421+0000][8][gc,heap     ] GC(131) Archive regions: 2->2
[2022-04-22T08:28:23.422+0000][8][gc,heap     ] GC(131) Humongous regions: 6->6
[2022-04-22T08:28:23.423+0000][8][gc,metaspace] GC(131) Metaspace: 107001K(108480K)->107001K(108480K) NonClass: 92551K(93440K)->92551K(93440K) Class: 14450K(15040K)->14450K(15040K)
[2022-04-22T08:28:23.424+0000][8][gc          ] GC(131) Pause Young (Mixed) (G1 Evacuation Pause) 166M->130M(512M) 18.069ms
[2022-04-22T08:28:23.425+0000][8][gc,cpu      ] GC(131) User=0.01s Sys=0.00s Real=0.02s
[2022-04-22T08:28:23.425+0000][8][safepoint   ] Safepoint "G1CollectForAllocation", Time since last: 572027959 ns, Reaching safepoint: 679375 ns, At safepoint: 19541458 ns, Total: 20220833 ns
[2022-04-22T08:28:24.427+0000][8][safepoint   ] Safepoint "Cleanup", Time since last: 1001126334 ns, Reaching safepoint: 84083 ns, At safepoint: 4625 ns, Total: 88708 ns
[2022-04-22T08:28:25.428+0000][8][safepoint   ] Safepoint "Cleanup", Time since last: 1001770543 ns, Reaching safepoint: 54833 ns, At safepoint: 2000 ns, Total: 56833 ns
[2022-04-22T08:28:26.431+0000][8][safepoint   ] Safepoint "Cleanup", Time since last: 1001922417 ns, Reaching safepoint: 171083 ns, At safepoint: 15750 ns, Total: 186833 ns
[2022-04-22T08:28:27.432+0000][8][safepoint   ] Safepoint "Cleanup", Time since last: 1001212043 ns, Reaching safepoint: 393000 ns, At safepoint: 4416 ns, Total: 397416 ns
[2022-04-22T08:28:28.434+0000][8][safepoint   ] Safepoint "Cleanup", Time since last: 1001716876 ns, Reaching safepoint: 255291 ns, At safepoint: 30584 ns, Total: 285875 ns
[2022-04-22T08:28:28.954+0000][8][gc,start    ] GC(132) Pause Young (Normal) (G1 Evacuation Pause)
[2022-04-22T08:28:28.955+0000][8][gc,task     ] GC(132) Using 5 workers of 5 for evacuation
[2022-04-22T08:28:28.956+0000][8][gc,age      ] GC(132) Desired survivor size 18874368 bytes, new threshold 15 (max threshold 15)
[2022-04-22T08:28:28.961+0000][8][gc,age      ] GC(132) Age table with threshold 15 (max threshold 15)
[2022-04-22T08:28:28.962+0000][8][gc,age      ] GC(132) - age   1:    3147752 bytes,    3147752 total
[2022-04-22T08:28:28.963+0000][8][gc,age      ] GC(132) - age   2:     194528 bytes,    3342280 total
[2022-04-22T08:28:28.964+0000][8][gc,phases   ] GC(132)   Pre Evacuate Collection Set: 0.1ms
[2022-04-22T08:28:28.964+0000][8][gc,phases   ] GC(132)   Merge Heap Roots: 0.1ms
[2022-04-22T08:28:28.965+0000][8][gc,phases   ] GC(132)   Evacuate Collection Set: 3.5ms
[2022-04-22T08:28:28.967+0000][8][gc,phases   ] GC(132)   Post Evacuate Collection Set: 1.3ms
[2022-04-22T08:28:28.968+0000][8][gc,phases   ] GC(132)   Other: 4.6ms
[2022-04-22T08:28:28.968+0000][8][gc,heap     ] GC(132) Eden regions: 70->0(70)
[2022-04-22T08:28:28.969+0000][8][gc,heap     ] GC(132) Survivor regions: 1->1(9)
[2022-04-22T08:28:28.970+0000][8][gc,heap     ] GC(132) Old regions: 26->26
[2022-04-22T08:28:28.971+0000][8][gc,heap     ] GC(132) Archive regions: 2->2
[2022-04-22T08:28:28.971+0000][8][gc,heap     ] GC(132) Humongous regions: 6->6
[2022-04-22T08:28:28.972+0000][8][gc,metaspace] GC(132) Metaspace: 107021K(108480K)->107021K(108480K) NonClass: 92570K(93440K)->92570K(93440K) Class: 14450K(15040K)->14450K(15040K)
[2022-04-22T08:28:28.973+0000][8][gc          ] GC(132) Pause Young (Normal) (G1 Evacuation Pause) 410M->132M(512M) 18.576ms
[2022-04-22T08:28:28.973+0000][8][gc,cpu      ] GC(132) User=0.01s Sys=0.00s Real=0.02s
[2022-04-22T08:28:28.974+0000][8][safepoint   ] Safepoint "G1CollectForAllocation", Time since last: 519697500 ns, Reaching safepoint: 205333 ns, At safepoint: 20041542 ns, Total: 20246875 ns
[2022-04-22T08:28:29.975+0000][8][safepoint   ] Safepoint "Cleanup", Time since last: 1000835709 ns, Reaching safepoint: 129083 ns, At safepoint: 3958 ns, Total: 133041 ns
[2022-04-22T08:28:32.977+0000][8][safepoint   ] Safepoint "Cleanup", Time since last: 3001580127 ns, Reaching safepoint: 106041 ns, At safepoint: 12834 ns, Total: 118875 ns
[2022-04-22T08:28:33.980+0000][8][safepoint   ] Safepoint "Cleanup", Time since last: 1002536375 ns, Reaching safepoint: 52125 ns, At safepoint: 2250 ns, Total: 54375 ns
[2022-04-22T08:28:34.982+0000][8][safepoint   ] Safepoint "Cleanup", Time since last: 1001673209 ns, Reaching safepoint: 68167 ns, At safepoint: 34666 ns, Total: 102833 ns
[2022-04-22T08:28:35.983+0000][8][safepoint   ] Safepoint "Cleanup", Time since last: 1001088751 ns, Reaching safepoint: 48375 ns, At safepoint: 1916 ns, Total: 50291 ns
[2022-04-22T08:28:36.892+0000][8][gc,start    ] GC(133) Pause Young (Normal) (G1 Evacuation Pause)
[2022-04-22T08:28:36.893+0000][8][gc,task     ] GC(133) Using 5 workers of 5 for evacuation
[2022-04-22T08:28:36.894+0000][8][gc,age      ] GC(133) Desired survivor size 18874368 bytes, new threshold 15 (max threshold 15)
[2022-04-22T08:28:36.899+0000][8][gc,age      ] GC(133) Age table with threshold 15 (max threshold 15)
[2022-04-22T08:28:36.900+0000][8][gc,age      ] GC(133) - age   1:    2711664 bytes,    2711664 total
[2022-04-22T08:28:36.901+0000][8][gc,age      ] GC(133) - age   2:     959696 bytes,    3671360 total
[2022-04-22T08:28:36.902+0000][8][gc,age      ] GC(133) - age   3:     165904 bytes,    3837264 total
[2022-04-22T08:28:36.903+0000][8][gc,phases   ] GC(133)   Pre Evacuate Collection Set: 0.3ms
[2022-04-22T08:28:36.904+0000][8][gc,phases   ] GC(133)   Merge Heap Roots: 0.0ms
[2022-04-22T08:28:36.906+0000][8][gc,phases   ] GC(133)   Evacuate Collection Set: 2.0ms
[2022-04-22T08:28:36.907+0000][8][gc,phases   ] GC(133)   Post Evacuate Collection Set: 1.1ms
[2022-04-22T08:28:36.909+0000][8][gc,phases   ] GC(133)   Other: 7.7ms
[2022-04-22T08:28:36.910+0000][8][gc,heap     ] GC(133) Eden regions: 70->0(70)
[2022-04-22T08:28:36.911+0000][8][gc,heap     ] GC(133) Survivor regions: 1->1(9)
[2022-04-22T08:28:36.912+0000][8][gc,heap     ] GC(133) Old regions: 26->26
[2022-04-22T08:28:36.913+0000][8][gc,heap     ] GC(133) Archive regions: 2->2
[2022-04-22T08:28:36.914+0000][8][gc,heap     ] GC(133) Humongous regions: 6->6
[2022-04-22T08:28:36.915+0000][8][gc,metaspace] GC(133) Metaspace: 107029K(108480K)->107029K(108480K) NonClass: 92578K(93440K)->92578K(93440K) Class: 14450K(15040K)->14450K(15040K)
[2022-04-22T08:28:36.916+0000][8][gc          ] GC(133) Pause Young (Normal) (G1 Evacuation Pause) 412M->132M(512M) 24.250ms
[2022-04-22T08:28:36.917+0000][8][gc,cpu      ] GC(133) User=0.01s Sys=0.00s Real=0.03s
[2022-04-22T08:28:36.918+0000][8][safepoint   ] Safepoint "G1CollectForAllocation", Time since last: 908965251 ns, Reaching safepoint: 39500 ns, At safepoint: 26177333 ns, Total: 26216833 ns
[2022-04-22T08:28:37.922+0000][8][safepoint   ] Safepoint "Cleanup", Time since last: 1003581084 ns, Reaching safepoint: 53083 ns, At safepoint: 2334 ns, Total: 55417 ns
[2022-04-22T08:28:42.925+0000][8][safepoint   ] Safepoint "Cleanup", Time since last: 5002630752 ns, Reaching safepoint: 666000 ns, At safepoint: 7292 ns, Total: 673292 ns
[2022-04-22T08:28:43.269+0000][8][gc,start    ] GC(134) Pause Young (Concurrent Start) (G1 Evacuation Pause)
[2022-04-22T08:28:43.271+0000][8][gc,task     ] GC(134) Using 5 workers of 5 for evacuation
[2022-04-22T08:28:43.271+0000][8][gc,age      ] GC(134) Desired survivor size 18874368 bytes, new threshold 15 (max threshold 15)
[2022-04-22T08:28:43.275+0000][8][gc,age      ] GC(134) Age table with threshold 15 (max threshold 15)
[2022-04-22T08:28:43.276+0000][8][gc,age      ] GC(134) - age   1:    4029048 bytes,    4029048 total
[2022-04-22T08:28:43.277+0000][8][gc,age      ] GC(134) - age   2:     812424 bytes,    4841472 total
[2022-04-22T08:28:43.278+0000][8][gc,age      ] GC(134) - age   3:     959272 bytes,    5800744 total
[2022-04-22T08:28:43.279+0000][8][gc,age      ] GC(134) - age   4:     165904 bytes,    5966648 total
[2022-04-22T08:28:43.280+0000][8][gc,phases   ] GC(134)   Pre Evacuate Collection Set: 0.2ms
[2022-04-22T08:28:43.280+0000][8][gc,phases   ] GC(134)   Merge Heap Roots: 0.1ms
[2022-04-22T08:28:43.281+0000][8][gc,phases   ] GC(134)   Evacuate Collection Set: 2.1ms
[2022-04-22T08:28:43.282+0000][8][gc,phases   ] GC(134)   Post Evacuate Collection Set: 0.6ms
[2022-04-22T08:28:43.283+0000][8][gc,phases   ] GC(134)   Other: 7.2ms
[2022-04-22T08:28:43.284+0000][8][gc,heap     ] GC(134) Eden regions: 70->0(69)
[2022-04-22T08:28:43.284+0000][8][gc,heap     ] GC(134) Survivor regions: 1->2(9)
[2022-04-22T08:28:43.285+0000][8][gc,heap     ] GC(134) Old regions: 26->26
[2022-04-22T08:28:43.286+0000][8][gc,heap     ] GC(134) Archive regions: 2->2
[2022-04-22T08:28:43.287+0000][8][gc,heap     ] GC(134) Humongous regions: 6->6
[2022-04-22T08:28:43.287+0000][8][gc,metaspace] GC(134) Metaspace: 107046K(108544K)->107046K(108544K) NonClass: 92595K(93504K)->92595K(93504K) Class: 14450K(15040K)->14450K(15040K)
[2022-04-22T08:28:43.288+0000][8][gc          ] GC(134) Pause Young (Concurrent Start) (G1 Evacuation Pause) 412M->134M(512M) 18.691ms
[2022-04-22T08:28:43.289+0000][8][gc,cpu      ] GC(134) User=0.02s Sys=0.01s Real=0.02s
[2022-04-22T08:28:43.290+0000][8][safepoint   ] Safepoint "G1CollectForAllocation", Time since last: 343991500 ns, Reaching safepoint: 74958 ns, At safepoint: 20331667 ns, Total: 20406625 ns
[2022-04-22T08:28:43.290+0000][8][gc          ] GC(135) Concurrent Mark Cycle
[2022-04-22T08:28:43.292+0000][8][gc,marking  ] GC(135) Concurrent Clear Claimed Marks
[2022-04-22T08:28:43.296+0000][8][gc,marking  ] GC(135) Concurrent Clear Claimed Marks 4.028ms
[2022-04-22T08:28:43.297+0000][8][gc,marking  ] GC(135) Concurrent Scan Root Regions
[2022-04-22T08:28:43.301+0000][8][gc,marking  ] GC(135) Concurrent Scan Root Regions 3.316ms
[2022-04-22T08:28:43.302+0000][8][gc,marking  ] GC(135) Concurrent Mark
[2022-04-22T08:28:43.303+0000][8][gc,marking  ] GC(135) Concurrent Mark From Roots
[2022-04-22T08:28:43.304+0000][8][gc,task     ] GC(135) Using 1 workers of 1 for marking
[2022-04-22T08:28:43.375+0000][8][gc,marking  ] GC(135) Concurrent Mark From Roots 72.305ms
[2022-04-22T08:28:43.376+0000][8][gc,marking  ] GC(135) Concurrent Preclean
[2022-04-22T08:28:43.378+0000][8][gc,marking  ] GC(135) Concurrent Preclean 1.853ms
[2022-04-22T08:28:43.381+0000][8][gc,start    ] GC(135) Pause Remark
[2022-04-22T08:28:43.389+0000][8][gc          ] GC(135) Pause Remark 161M->161M(512M) 7.681ms
[2022-04-22T08:28:43.390+0000][8][gc,cpu      ] GC(135) User=0.02s Sys=0.00s Real=0.01s
[2022-04-22T08:28:43.391+0000][8][safepoint   ] Safepoint "G1Concurrent", Time since last: 91008542 ns, Reaching safepoint: 292791 ns, At safepoint: 10109834 ns, Total: 10402625 ns
[2022-04-22T08:28:43.392+0000][8][gc,marking  ] GC(135) Concurrent Mark 90.568ms
[2022-04-22T08:28:43.395+0000][8][gc,marking  ] GC(135) Concurrent Rebuild Remembered Sets
[2022-04-22T08:28:43.457+0000][8][gc,marking  ] GC(135) Concurrent Rebuild Remembered Sets 61.903ms
[2022-04-22T08:28:43.458+0000][8][gc,start    ] GC(135) Pause Cleanup
[2022-04-22T08:28:43.460+0000][8][gc          ] GC(135) Pause Cleanup 170M->170M(512M) 1.692ms
[2022-04-22T08:28:43.461+0000][8][gc,cpu      ] GC(135) User=0.00s Sys=0.00s Real=0.00s
[2022-04-22T08:28:43.462+0000][8][safepoint   ] Safepoint "G1Concurrent", Time since last: 67377875 ns, Reaching safepoint: 53000 ns, At safepoint: 3374375 ns, Total: 3427375 ns
[2022-04-22T08:28:43.465+0000][8][gc,marking  ] GC(135) Concurrent Cleanup for Next Mark
[2022-04-22T08:28:43.469+0000][8][gc,marking  ] GC(135) Concurrent Cleanup for Next Mark 4.304ms
[2022-04-22T08:28:43.470+0000][8][gc          ] GC(135) Concurrent Mark Cycle 180.782ms
[2022-04-22T08:28:45.465+0000][8][safepoint   ] Safepoint "Cleanup", Time since last: 2003125876 ns, Reaching safepoint: 118833 ns, At safepoint: 45167 ns, Total: 164000 ns
[2022-04-22T08:28:50.072+0000][8][gc,start    ] GC(136) Pause Young (Prepare Mixed) (G1 Evacuation Pause)
[2022-04-22T08:28:50.073+0000][8][gc,task     ] GC(136) Using 5 workers of 5 for evacuation
[2022-04-22T08:28:50.074+0000][8][gc,age      ] GC(136) Desired survivor size 18874368 bytes, new threshold 15 (max threshold 15)
[2022-04-22T08:28:50.078+0000][8][gc,age      ] GC(136) Age table with threshold 15 (max threshold 15)
[2022-04-22T08:28:50.079+0000][8][gc,age      ] GC(136) - age   1:    2296184 bytes,    2296184 total
[2022-04-22T08:28:50.080+0000][8][gc,age      ] GC(136) - age   2:     396312 bytes,    2692496 total
[2022-04-22T08:28:50.080+0000][8][gc,age      ] GC(136) - age   3:     490184 bytes,    3182680 total
[2022-04-22T08:28:50.081+0000][8][gc,age      ] GC(136) - age   4:     307624 bytes,    3490304 total
[2022-04-22T08:28:50.082+0000][8][gc,age      ] GC(136) - age   5:      24352 bytes,    3514656 total
[2022-04-22T08:28:50.082+0000][8][gc,phases   ] GC(136)   Pre Evacuate Collection Set: 0.2ms
[2022-04-22T08:28:50.083+0000][8][gc,phases   ] GC(136)   Merge Heap Roots: 0.2ms
[2022-04-22T08:28:50.084+0000][8][gc,phases   ] GC(136)   Evacuate Collection Set: 2.0ms
[2022-04-22T08:28:50.085+0000][8][gc,phases   ] GC(136)   Post Evacuate Collection Set: 1.0ms
[2022-04-22T08:28:50.086+0000][8][gc,phases   ] GC(136)   Other: 7.0ms
[2022-04-22T08:28:50.086+0000][8][gc,heap     ] GC(136) Eden regions: 69->0(5)
[2022-04-22T08:28:50.087+0000][8][gc,heap     ] GC(136) Survivor regions: 2->1(9)
[2022-04-22T08:28:50.087+0000][8][gc,heap     ] GC(136) Old regions: 26->26
[2022-04-22T08:28:50.088+0000][8][gc,heap     ] GC(136) Archive regions: 2->2
[2022-04-22T08:28:50.089+0000][8][gc,heap     ] GC(136) Humongous regions: 6->6
[2022-04-22T08:28:50.090+0000][8][gc,metaspace] GC(136) Metaspace: 107051K(108544K)->107051K(108544K) NonClass: 92600K(93504K)->92600K(93504K) Class: 14450K(15040K)->14450K(15040K)
[2022-04-22T08:28:50.090+0000][8][gc          ] GC(136) Pause Young (Prepare Mixed) (G1 Evacuation Pause) 410M->132M(512M) 18.476ms
[2022-04-22T08:28:50.091+0000][8][gc,cpu      ] GC(136) User=0.01s Sys=0.01s Real=0.02s
[2022-04-22T08:28:50.092+0000][8][safepoint   ] Safepoint "G1CollectForAllocation", Time since last: 4606875627 ns, Reaching safepoint: 64666 ns, At safepoint: 19973625 ns, Total: 20038291 ns
[2022-04-22T08:28:50.575+0000][8][gc,start    ] GC(137) Pause Young (Mixed) (G1 Evacuation Pause)
[2022-04-22T08:28:50.576+0000][8][gc,task     ] GC(137) Using 5 workers of 5 for evacuation
[2022-04-22T08:28:50.577+0000][8][gc,age      ] GC(137) Desired survivor size 2097152 bytes, new threshold 1 (max threshold 15)
[2022-04-22T08:28:50.582+0000][8][gc,age      ] GC(137) Age table with threshold 1 (max threshold 15)
[2022-04-22T08:28:50.583+0000][8][gc,age      ] GC(137) - age   1:     779528 bytes,     779528 total
[2022-04-22T08:28:50.584+0000][8][gc,phases   ] GC(137)   Pre Evacuate Collection Set: 0.2ms
[2022-04-22T08:28:50.585+0000][8][gc,phases   ] GC(137)   Merge Heap Roots: 0.1ms
[2022-04-22T08:28:50.587+0000][8][gc,phases   ] GC(137)   Evacuate Collection Set: 1.8ms
[2022-04-22T08:28:50.588+0000][8][gc,phases   ] GC(137)   Post Evacuate Collection Set: 0.9ms
[2022-04-22T08:28:50.589+0000][8][gc,phases   ] GC(137)   Other: 5.8ms
[2022-04-22T08:28:50.590+0000][8][gc,heap     ] GC(137) Eden regions: 5->0(71)
[2022-04-22T08:28:50.590+0000][8][gc,heap     ] GC(137) Survivor regions: 1->1(1)
[2022-04-22T08:28:50.591+0000][8][gc,heap     ] GC(137) Old regions: 26->25
[2022-04-22T08:28:50.591+0000][8][gc,heap     ] GC(137) Archive regions: 2->2
[2022-04-22T08:28:50.593+0000][8][gc,heap     ] GC(137) Humongous regions: 6->6
[2022-04-22T08:28:50.593+0000][8][gc,metaspace] GC(137) Metaspace: 107052K(108544K)->107052K(108544K) NonClass: 92601K(93504K)->92601K(93504K) Class: 14450K(15040K)->14450K(15040K)
[2022-04-22T08:28:50.594+0000][8][gc          ] GC(137) Pause Young (Mixed) (G1 Evacuation Pause) 152M->128M(512M) 19.111ms
[2022-04-22T08:28:50.595+0000][8][gc,cpu      ] GC(137) User=0.01s Sys=0.00s Real=0.02s
[2022-04-22T08:28:50.596+0000][8][safepoint   ] Safepoint "G1CollectForAllocation", Time since last: 483033126 ns, Reaching safepoint: 52125 ns, At safepoint: 20877958 ns, Total: 20930083 ns
[2022-04-22T08:28:53.599+0000][8][safepoint   ] Safepoint "Cleanup", Time since last: 3001350793 ns, Reaching safepoint: 2208583 ns, At safepoint: 28875 ns, Total: 2237458 ns
[2022-04-22T08:28:55.601+0000][8][safepoint   ] Safepoint "Cleanup", Time since last: 2001257668 ns, Reaching safepoint: 177250 ns, At safepoint: 4000 ns, Total: 181250 ns
[2022-04-22T08:28:56.602+0000][8][safepoint   ] Safepoint "Cleanup", Time since last: 1000772334 ns, Reaching safepoint: 231875 ns, At safepoint: 9208 ns, Total: 241083 ns
[2022-04-22T08:28:57.606+0000][8][safepoint   ] Safepoint "Cleanup", Time since last: 1003984667 ns, Reaching safepoint: 151709 ns, At safepoint: 53833 ns, Total: 205542 ns
[2022-04-22T08:29:21.053+0000][8][gc,start    ] GC(138) Pause Young (Normal) (G1 Evacuation Pause)
[2022-04-22T08:29:21.055+0000][8][gc,task     ] GC(138) Using 5 workers of 5 for evacuation
[2022-04-22T08:29:21.056+0000][8][gc,age      ] GC(138) Desired survivor size 18874368 bytes, new threshold 15 (max threshold 15)
[2022-04-22T08:29:21.059+0000][8][gc,age      ] GC(138) Age table with threshold 15 (max threshold 15)
[2022-04-22T08:29:21.060+0000][8][gc,age      ] GC(138) - age   1:    1306280 bytes,    1306280 total
[2022-04-22T08:29:21.061+0000][8][gc,age      ] GC(138) - age   2:     242024 bytes,    1548304 total
[2022-04-22T08:29:21.063+0000][8][gc,phases   ] GC(138)   Pre Evacuate Collection Set: 0.1ms
[2022-04-22T08:29:21.063+0000][8][gc,phases   ] GC(138)   Merge Heap Roots: 0.0ms
[2022-04-22T08:29:21.064+0000][8][gc,phases   ] GC(138)   Evacuate Collection Set: 1.1ms
[2022-04-22T08:29:21.065+0000][8][gc,phases   ] GC(138)   Post Evacuate Collection Set: 1.0ms
[2022-04-22T08:29:21.065+0000][8][gc,phases   ] GC(138)   Other: 7.2ms
[2022-04-22T08:29:21.066+0000][8][gc,heap     ] GC(138) Eden regions: 71->0(71)
[2022-04-22T08:29:21.067+0000][8][gc,heap     ] GC(138) Survivor regions: 1->1(9)
[2022-04-22T08:29:21.067+0000][8][gc,heap     ] GC(138) Old regions: 25->25
[2022-04-22T08:29:21.068+0000][8][gc,heap     ] GC(138) Archive regions: 2->2
[2022-04-22T08:29:21.068+0000][8][gc,heap     ] GC(138) Humongous regions: 6->6
[2022-04-22T08:29:21.069+0000][8][gc,metaspace] GC(138) Metaspace: 107060K(108544K)->107060K(108544K) NonClass: 92609K(93504K)->92609K(93504K) Class: 14450K(15040K)->14450K(15040K)
[2022-04-22T08:29:21.070+0000][8][gc          ] GC(138) Pause Young (Normal) (G1 Evacuation Pause) 412M->128M(512M) 16.120ms
[2022-04-22T08:29:21.070+0000][8][gc,cpu      ] GC(138) User=0.01s Sys=0.00s Real=0.02s
[2022-04-22T08:29:21.071+0000][8][safepoint   ] Safepoint "G1CollectForAllocation", Time since last: 23443143052 ns, Reaching safepoint: 96833 ns, At safepoint: 17356292 ns, Total: 17453125 ns
[2022-04-22T08:30:25.234+0000][8][safepoint   ] Safepoint "Cleanup", Time since last: 64165601613 ns, Reaching safepoint: 618667 ns, At safepoint: 19083 ns, Total: 637750 ns
[2022-04-22T08:30:54.319+0000][8][safepoint   ] Safepoint "Cleanup", Time since last: 29085440930 ns, Reaching safepoint: 464666 ns, At safepoint: 7959 ns, Total: 472625 ns
[2022-04-22T08:32:24.549+0000][8][safepoint   ] Safepoint "Cleanup", Time since last: 90224046873 ns, Reaching safepoint: 610917 ns, At safepoint: 25375 ns, Total: 636292 ns
[2022-04-22T08:33:24.692+0000][8][safepoint   ] Safepoint "Cleanup", Time since last: 60147356944 ns, Reaching safepoint: 302375 ns, At safepoint: 15167 ns, Total: 317542 ns
[2022-04-22T08:33:56.787+0000][8][safepoint   ] Safepoint "Cleanup", Time since last: 32091688431 ns, Reaching safepoint: 260375 ns, At safepoint: 5625 ns, Total: 266000 ns
[2022-04-22T08:34:23.851+0000][8][safepoint   ] Safepoint "Cleanup", Time since last: 27063672513 ns, Reaching safepoint: 185083 ns, At safepoint: 110250 ns, Total: 295333 ns
[2022-04-22T08:34:30.878+0000][8][safepoint   ] Safepoint "Cleanup", Time since last: 7026554045 ns, Reaching safepoint: 713750 ns, At safepoint: 15750 ns, Total: 729500 ns
[2022-04-22T08:35:54.128+0000][8][safepoint   ] Safepoint "Cleanup", Time since last: 83250261872 ns, Reaching safepoint: 582000 ns, At safepoint: 20500 ns, Total: 602500 ns
[2022-04-22T08:37:24.346+0000][8][safepoint   ] Safepoint "Cleanup", Time since last: 90253568375 ns, Reaching safepoint: 629333 ns, At safepoint: 22417 ns, Total: 651750 ns
[2022-04-22T08:38:29.520+0000][8][safepoint   ] Safepoint "Cleanup", Time since last: 65178854321 ns, Reaching safepoint: 1067250 ns, At safepoint: 9750 ns, Total: 1077000 ns
[2022-04-22T08:38:29.766+0000][8][gc,heap,exit] Heap
[2022-04-22T08:38:29.767+0000][8][gc,heap,exit]  garbage-first heap   total 524288K, used 168237K [0x00000000e0000000, 0x0000000100000000)
[2022-04-22T08:38:29.768+0000][8][gc,heap,exit]   region size 4096K, 10 young (40960K), 1 survivors (4096K)
[2022-04-22T08:38:29.769+0000][8][gc,heap,exit]  Metaspace       used 107258K, committed 108800K, reserved 1146880K
[2022-04-22T08:38:29.770+0000][8][gc,heap,exit]   class space    used 14480K, committed 15104K, reserved 1048576K
