[2022-05-06T05:00:33.253+0000][160][gc] Using G1
[2022-05-06T05:00:33.295+0000][160][gc,init] Version: 17.0.2+8 (release)
[2022-05-06T05:00:33.297+0000][160][gc,init] CPUs: 5 total, 5 available
[2022-05-06T05:00:33.298+0000][160][gc,init] Memory: 7851M
[2022-05-06T05:00:33.299+0000][160][gc,init] Large Page Support: Disabled
[2022-05-06T05:00:33.300+0000][160][gc,init] NUMA Support: Disabled
[2022-05-06T05:00:33.301+0000][160][gc,init] Compressed Oops: Enabled (32-bit)
[2022-05-06T05:00:33.302+0000][160][gc,init] Heap Region Size: 4M
[2022-05-06T05:00:33.302+0000][160][gc,init] Heap Min Capacity: 512M
[2022-05-06T05:00:33.303+0000][160][gc,init] Heap Initial Capacity: 512M
[2022-05-06T05:00:33.303+0000][160][gc,init] Heap Max Capacity: 512M
[2022-05-06T05:00:33.304+0000][160][gc,init] Pre-touch: Enabled
[2022-05-06T05:00:33.305+0000][160][gc,init] Parallel Workers: 5
[2022-05-06T05:00:33.306+0000][160][gc,init] Concurrent Workers: 1
[2022-05-06T05:00:33.306+0000][160][gc,init] Concurrent Refinement Workers: 5
[2022-05-06T05:00:33.307+0000][160][gc,init] Periodic GC: Disabled
[2022-05-06T05:00:33.308+0000][160][gc,metaspace] CDS archive(s) mapped at: [0x0000000800000000-0x0000000800bd2000-0x0000000800bd2000), size 12394496, SharedBaseAddress: 0x0000000800000000, ArchiveRelocationMode: 0.
[2022-05-06T05:00:33.309+0000][160][gc,metaspace] Compressed class space mapped at: 0x0000000800c00000-0x0000000840c00000, reserved size: 1073741824
[2022-05-06T05:00:33.310+0000][160][gc,metaspace] Narrow klass base: 0x0000000800000000, Narrow klass shift: 0, Narrow klass range: 0x100000000
[2022-05-06T05:00:33.439+0000][160][safepoint   ] Safepoint "ICBufferFull", Time since last: 120573042 ns, Reaching safepoint: 4484916 ns, At safepoint: 13250 ns, Total: 4498166 ns
[2022-05-06T05:00:33.497+0000][160][safepoint   ] Safepoint "ICBufferFull", Time since last: 58653084 ns, Reaching safepoint: 104625 ns, At safepoint: 2666 ns, Total: 107291 ns
[2022-05-06T05:00:33.567+0000][160][safepoint   ] Safepoint "ICBufferFull", Time since last: 69246375 ns, Reaching safepoint: 196542 ns, At safepoint: 7958 ns, Total: 204500 ns
[2022-05-06T05:00:33.638+0000][160][gc,start    ] GC(0) Pause Young (Normal) (G1 Evacuation Pause)
[2022-05-06T05:00:33.639+0000][160][gc,task     ] GC(0) Using 5 workers of 5 for evacuation
[2022-05-06T05:00:33.640+0000][160][gc,age      ] GC(0) Desired survivor size 2097152 bytes, new threshold 15 (max threshold 15)
[2022-05-06T05:00:33.644+0000][160][gc,age      ] GC(0) Age table with threshold 15 (max threshold 15)
[2022-05-06T05:00:33.645+0000][160][gc,age      ] GC(0) - age   1:    4180296 bytes,    4180296 total
[2022-05-06T05:00:33.646+0000][160][gc,phases   ] GC(0)   Pre Evacuate Collection Set: 0.0ms
[2022-05-06T05:00:33.647+0000][160][gc,phases   ] GC(0)   Merge Heap Roots: 0.1ms
[2022-05-06T05:00:33.648+0000][160][gc,phases   ] GC(0)   Evacuate Collection Set: 2.2ms
[2022-05-06T05:00:33.649+0000][160][gc,phases   ] GC(0)   Post Evacuate Collection Set: 0.5ms
[2022-05-06T05:00:33.650+0000][160][gc,phases   ] GC(0)   Other: 5.2ms
[2022-05-06T05:00:33.650+0000][160][gc,heap     ] GC(0) Eden regions: 6->0(5)
[2022-05-06T05:00:33.651+0000][160][gc,heap     ] GC(0) Survivor regions: 0->1(1)
[2022-05-06T05:00:33.652+0000][160][gc,heap     ] GC(0) Old regions: 0->1
[2022-05-06T05:00:33.653+0000][160][gc,heap     ] GC(0) Archive regions: 2->2
[2022-05-06T05:00:33.654+0000][160][gc,heap     ] GC(0) Humongous regions: 0->0
[2022-05-06T05:00:33.655+0000][160][gc,metaspace] GC(0) Metaspace: 8934K(9088K)->8934K(9088K) NonClass: 7874K(7936K)->7874K(7936K) Class: 1060K(1152K)->1060K(1152K)
[2022-05-06T05:00:33.655+0000][160][gc          ] GC(0) Pause Young (Normal) (G1 Evacuation Pause) 27M->8M(512M) 17.086ms
[2022-05-06T05:00:33.656+0000][160][gc,cpu      ] GC(0) User=0.01s Sys=0.00s Real=0.02s
[2022-05-06T05:00:33.656+0000][160][safepoint   ] Safepoint "G1CollectForAllocation", Time since last: 70959917 ns, Reaching safepoint: 102459 ns, At safepoint: 18439916 ns, Total: 18542375 ns
[2022-05-06T05:00:33.776+0000][160][safepoint   ] Safepoint "ICBufferFull", Time since last: 119728709 ns, Reaching safepoint: 173291 ns, At safepoint: 15375 ns, Total: 188666 ns
[2022-05-06T05:00:33.834+0000][160][gc,start    ] GC(1) Pause Young (Normal) (G1 Evacuation Pause)
[2022-05-06T05:00:33.835+0000][160][gc,task     ] GC(1) Using 5 workers of 5 for evacuation
[2022-05-06T05:00:33.837+0000][160][gc,age      ] GC(1) Desired survivor size 2097152 bytes, new threshold 1 (max threshold 15)
[2022-05-06T05:00:33.841+0000][160][gc,age      ] GC(1) Age table with threshold 1 (max threshold 15)
[2022-05-06T05:00:33.842+0000][160][gc,age      ] GC(1) - age   1:    1924736 bytes,    1924736 total
[2022-05-06T05:00:33.843+0000][160][gc,phases   ] GC(1)   Pre Evacuate Collection Set: 0.0ms
[2022-05-06T05:00:33.843+0000][160][gc,phases   ] GC(1)   Merge Heap Roots: 0.0ms
[2022-05-06T05:00:33.844+0000][160][gc,phases   ] GC(1)   Evacuate Collection Set: 2.6ms
[2022-05-06T05:00:33.845+0000][160][gc,phases   ] GC(1)   Post Evacuate Collection Set: 1.0ms
[2022-05-06T05:00:33.846+0000][160][gc,phases   ] GC(1)   Other: 5.4ms
[2022-05-06T05:00:33.847+0000][160][gc,heap     ] GC(1) Eden regions: 5->0(7)
[2022-05-06T05:00:33.847+0000][160][gc,heap     ] GC(1) Survivor regions: 1->1(1)
[2022-05-06T05:00:33.848+0000][160][gc,heap     ] GC(1) Old regions: 1->2
[2022-05-06T05:00:33.849+0000][160][gc,heap     ] GC(1) Archive regions: 2->2
[2022-05-06T05:00:33.849+0000][160][gc,heap     ] GC(1) Humongous regions: 0->0
[2022-05-06T05:00:33.850+0000][160][gc,metaspace] GC(1) Metaspace: 12332K(12480K)->12332K(12480K) NonClass: 10826K(10880K)->10826K(10880K) Class: 1506K(1600K)->1506K(1600K)
[2022-05-06T05:00:33.851+0000][160][gc          ] GC(1) Pause Young (Normal) (G1 Evacuation Pause) 28M->10M(512M) 16.961ms
[2022-05-06T05:00:33.851+0000][160][gc,cpu      ] GC(1) User=0.01s Sys=0.01s Real=0.02s
[2022-05-06T05:00:33.852+0000][160][safepoint   ] Safepoint "G1CollectForAllocation", Time since last: 57161084 ns, Reaching safepoint: 150041 ns, At safepoint: 18464167 ns, Total: 18614208 ns
[2022-05-06T05:00:34.072+0000][160][safepoint   ] Safepoint "ICBufferFull", Time since last: 219644292 ns, Reaching safepoint: 231291 ns, At safepoint: 12792 ns, Total: 244083 ns
[2022-05-06T05:00:34.095+0000][160][gc,start    ] GC(2) Pause Young (Normal) (G1 Evacuation Pause)
[2022-05-06T05:00:34.097+0000][160][gc,task     ] GC(2) Using 5 workers of 5 for evacuation
[2022-05-06T05:00:34.099+0000][160][gc,age      ] GC(2) Desired survivor size 2097152 bytes, new threshold 15 (max threshold 15)
[2022-05-06T05:00:34.102+0000][160][gc,age      ] GC(2) Age table with threshold 15 (max threshold 15)
[2022-05-06T05:00:34.103+0000][160][gc,age      ] GC(2) - age   1:     862192 bytes,     862192 total
[2022-05-06T05:00:34.104+0000][160][gc,age      ] GC(2) - age   2:    1898288 bytes,    2760480 total
[2022-05-06T05:00:34.105+0000][160][gc,phases   ] GC(2)   Pre Evacuate Collection Set: 0.1ms
[2022-05-06T05:00:34.106+0000][160][gc,phases   ] GC(2)   Merge Heap Roots: 0.1ms
[2022-05-06T05:00:34.106+0000][160][gc,phases   ] GC(2)   Evacuate Collection Set: 1.7ms
[2022-05-06T05:00:34.107+0000][160][gc,phases   ] GC(2)   Post Evacuate Collection Set: 0.9ms
[2022-05-06T05:00:34.109+0000][160][gc,phases   ] GC(2)   Other: 6.6ms
[2022-05-06T05:00:34.110+0000][160][gc,heap     ] GC(2) Eden regions: 7->0(27)
[2022-05-06T05:00:34.110+0000][160][gc,heap     ] GC(2) Survivor regions: 1->1(1)
[2022-05-06T05:00:34.111+0000][160][gc,heap     ] GC(2) Old regions: 2->2
[2022-05-06T05:00:34.111+0000][160][gc,heap     ] GC(2) Archive regions: 2->2
[2022-05-06T05:00:34.112+0000][160][gc,heap     ] GC(2) Humongous regions: 0->0
[2022-05-06T05:00:34.113+0000][160][gc,metaspace] GC(2) Metaspace: 14766K(15040K)->14766K(15040K) NonClass: 13014K(13184K)->13014K(13184K) Class: 1752K(1856K)->1752K(1856K)
[2022-05-06T05:00:34.113+0000][160][gc          ] GC(2) Pause Young (Normal) (G1 Evacuation Pause) 38M->10M(512M) 17.959ms
[2022-05-06T05:00:34.114+0000][160][gc,cpu      ] GC(2) User=0.01s Sys=0.00s Real=0.02s
[2022-05-06T05:00:34.115+0000][160][safepoint   ] Safepoint "G1CollectForAllocation", Time since last: 23465500 ns, Reaching safepoint: 47000 ns, At safepoint: 19404542 ns, Total: 19451542 ns
[2022-05-06T05:00:34.263+0000][160][safepoint   ] Safepoint "ICBufferFull", Time since last: 147522791 ns, Reaching safepoint: 252875 ns, At safepoint: 18209 ns, Total: 271084 ns
[2022-05-06T05:00:34.304+0000][160][safepoint   ] Safepoint "ICBufferFull", Time since last: 41422875 ns, Reaching safepoint: 278000 ns, At safepoint: 20166 ns, Total: 298166 ns
[2022-05-06T05:00:34.326+0000][160][safepoint   ] Safepoint "ICBufferFull", Time since last: 21908209 ns, Reaching safepoint: 59583 ns, At safepoint: 1209 ns, Total: 60792 ns
[2022-05-06T05:00:34.328+0000][160][safepoint   ] Safepoint "ICBufferFull", Time since last: 1765083 ns, Reaching safepoint: 110667 ns, At safepoint: 3291 ns, Total: 113958 ns
[2022-05-06T05:00:34.329+0000][160][safepoint   ] Safepoint "ICBufferFull", Time since last: 1199667 ns, Reaching safepoint: 30250 ns, At safepoint: 1500 ns, Total: 31750 ns
[2022-05-06T05:00:34.331+0000][160][safepoint   ] Safepoint "ICBufferFull", Time since last: 1117125 ns, Reaching safepoint: 40708 ns, At safepoint: 1542 ns, Total: 42250 ns
[2022-05-06T05:00:34.332+0000][160][safepoint   ] Safepoint "ICBufferFull", Time since last: 1786292 ns, Reaching safepoint: 67166 ns, At safepoint: 2625 ns, Total: 69791 ns
[2022-05-06T05:00:34.334+0000][160][safepoint   ] Safepoint "ICBufferFull", Time since last: 1491167 ns, Reaching safepoint: 162208 ns, At safepoint: 17959 ns, Total: 180167 ns
[2022-05-06T05:00:34.335+0000][160][safepoint   ] Safepoint "ICBufferFull", Time since last: 915250 ns, Reaching safepoint: 24458 ns, At safepoint: 1042 ns, Total: 25500 ns
[2022-05-06T05:00:34.336+0000][160][safepoint   ] Safepoint "ICBufferFull", Time since last: 1081625 ns, Reaching safepoint: 91458 ns, At safepoint: 2708 ns, Total: 94166 ns
[2022-05-06T05:00:34.337+0000][160][safepoint   ] Safepoint "ICBufferFull", Time since last: 1051625 ns, Reaching safepoint: 116542 ns, At safepoint: 13792 ns, Total: 130334 ns
[2022-05-06T05:00:34.338+0000][160][safepoint   ] Safepoint "ICBufferFull", Time since last: 919125 ns, Reaching safepoint: 135125 ns, At safepoint: 11375 ns, Total: 146500 ns
[2022-05-06T05:00:34.350+0000][160][safepoint   ] Safepoint "ICBufferFull", Time since last: 11714416 ns, Reaching safepoint: 36375 ns, At safepoint: 1709 ns, Total: 38084 ns
[2022-05-06T05:00:34.376+0000][160][gc,start    ] GC(3) Pause Young (Normal) (G1 Evacuation Pause)
[2022-05-06T05:00:34.378+0000][160][gc,task     ] GC(3) Using 5 workers of 5 for evacuation
[2022-05-06T05:00:34.379+0000][160][gc,age      ] GC(3) Desired survivor size 8388608 bytes, new threshold 15 (max threshold 15)
[2022-05-06T05:00:34.384+0000][160][gc,age      ] GC(3) Age table with threshold 15 (max threshold 15)
[2022-05-06T05:00:34.385+0000][160][gc,age      ] GC(3) - age   1:    3163376 bytes,    3163376 total
[2022-05-06T05:00:34.386+0000][160][gc,age      ] GC(3) - age   2:     820808 bytes,    3984184 total
[2022-05-06T05:00:34.387+0000][160][gc,age      ] GC(3) - age   3:    1896752 bytes,    5880936 total
[2022-05-06T05:00:34.388+0000][160][gc,phases   ] GC(3)   Pre Evacuate Collection Set: 0.2ms
[2022-05-06T05:00:34.389+0000][160][gc,phases   ] GC(3)   Merge Heap Roots: 0.2ms
[2022-05-06T05:00:34.390+0000][160][gc,phases   ] GC(3)   Evacuate Collection Set: 3.1ms
[2022-05-06T05:00:34.390+0000][160][gc,phases   ] GC(3)   Post Evacuate Collection Set: 0.7ms
[2022-05-06T05:00:34.391+0000][160][gc,phases   ] GC(3)   Other: 7.7ms
[2022-05-06T05:00:34.391+0000][160][gc,heap     ] GC(3) Eden regions: 27->0(74)
[2022-05-06T05:00:34.392+0000][160][gc,heap     ] GC(3) Survivor regions: 1->2(4)
[2022-05-06T05:00:34.393+0000][160][gc,heap     ] GC(3) Old regions: 2->2
[2022-05-06T05:00:34.394+0000][160][gc,heap     ] GC(3) Archive regions: 2->2
[2022-05-06T05:00:34.394+0000][160][gc,heap     ] GC(3) Humongous regions: 0->0
[2022-05-06T05:00:34.395+0000][160][gc,metaspace] GC(3) Metaspace: 17252K(17536K)->17252K(17536K) NonClass: 15214K(15360K)->15214K(15360K) Class: 2038K(2176K)->2038K(2176K)
[2022-05-06T05:00:34.396+0000][160][gc          ] GC(3) Pause Young (Normal) (G1 Evacuation Pause) 118M->13M(512M) 20.045ms
[2022-05-06T05:00:34.397+0000][160][gc,cpu      ] GC(3) User=0.01s Sys=0.01s Real=0.02s
[2022-05-06T05:00:34.397+0000][160][safepoint   ] Safepoint "G1CollectForAllocation", Time since last: 25292166 ns, Reaching safepoint: 292584 ns, At safepoint: 21413375 ns, Total: 21705959 ns
[2022-05-06T05:00:34.639+0000][160][safepoint   ] Safepoint "ICBufferFull", Time since last: 241444958 ns, Reaching safepoint: 162708 ns, At safepoint: 21709 ns, Total: 184417 ns
[2022-05-06T05:00:34.706+0000][160][gc,start    ] GC(4) Pause Young (Normal) (G1 Evacuation Pause)
[2022-05-06T05:00:34.708+0000][160][gc,task     ] GC(4) Using 5 workers of 5 for evacuation
[2022-05-06T05:00:34.709+0000][160][gc,age      ] GC(4) Desired survivor size 20971520 bytes, new threshold 15 (max threshold 15)
[2022-05-06T05:00:34.714+0000][160][gc,age      ] GC(4) Age table with threshold 15 (max threshold 15)
[2022-05-06T05:00:34.715+0000][160][gc,age      ] GC(4) - age   1:    5748112 bytes,    5748112 total
[2022-05-06T05:00:34.716+0000][160][gc,age      ] GC(4) - age   2:    2312600 bytes,    8060712 total
[2022-05-06T05:00:34.717+0000][160][gc,age      ] GC(4) - age   3:     820512 bytes,    8881224 total
[2022-05-06T05:00:34.718+0000][160][gc,age      ] GC(4) - age   4:    1895840 bytes,   10777064 total
[2022-05-06T05:00:34.719+0000][160][gc,phases   ] GC(4)   Pre Evacuate Collection Set: 0.1ms
[2022-05-06T05:00:34.719+0000][160][gc,phases   ] GC(4)   Merge Heap Roots: 0.0ms
[2022-05-06T05:00:34.720+0000][160][gc,phases   ] GC(4)   Evacuate Collection Set: 2.9ms
[2022-05-06T05:00:34.721+0000][160][gc,phases   ] GC(4)   Post Evacuate Collection Set: 0.8ms
[2022-05-06T05:00:34.722+0000][160][gc,phases   ] GC(4)   Other: 8.6ms
[2022-05-06T05:00:34.722+0000][160][gc,heap     ] GC(4) Eden regions: 74->0(73)
[2022-05-06T05:00:34.723+0000][160][gc,heap     ] GC(4) Survivor regions: 2->3(10)
[2022-05-06T05:00:34.723+0000][160][gc,heap     ] GC(4) Old regions: 2->2
[2022-05-06T05:00:34.724+0000][160][gc,heap     ] GC(4) Archive regions: 2->2
[2022-05-06T05:00:34.724+0000][160][gc,heap     ] GC(4) Humongous regions: 0->0
[2022-05-06T05:00:34.725+0000][160][gc,metaspace] GC(4) Metaspace: 18830K(19200K)->18830K(19200K) NonClass: 16547K(16768K)->16547K(16768K) Class: 2283K(2432K)->2283K(2432K)
[2022-05-06T05:00:34.726+0000][160][gc          ] GC(4) Pause Young (Normal) (G1 Evacuation Pause) 309M->19M(512M) 19.308ms
[2022-05-06T05:00:34.726+0000][160][gc,cpu      ] GC(4) User=0.02s Sys=0.00s Real=0.02s
[2022-05-06T05:00:34.727+0000][160][safepoint   ] Safepoint "G1CollectForAllocation", Time since last: 67395583 ns, Reaching safepoint: 103458 ns, At safepoint: 20783917 ns, Total: 20887375 ns
[2022-05-06T05:00:34.963+0000][160][gc,start    ] GC(5) Pause Young (Normal) (G1 Evacuation Pause)
[2022-05-06T05:00:34.964+0000][160][gc,task     ] GC(5) Using 5 workers of 5 for evacuation
[2022-05-06T05:00:34.965+0000][160][gc,age      ] GC(5) Desired survivor size 20971520 bytes, new threshold 15 (max threshold 15)
[2022-05-06T05:00:34.970+0000][160][gc,age      ] GC(5) Age table with threshold 15 (max threshold 15)
[2022-05-06T05:00:34.971+0000][160][gc,age      ] GC(5) - age   1:    1327984 bytes,    1327984 total
[2022-05-06T05:00:34.972+0000][160][gc,age      ] GC(5) - age   2:    5114424 bytes,    6442408 total
[2022-05-06T05:00:34.973+0000][160][gc,age      ] GC(5) - age   3:    2312136 bytes,    8754544 total
[2022-05-06T05:00:34.974+0000][160][gc,age      ] GC(5) - age   4:     820240 bytes,    9574784 total
[2022-05-06T05:00:34.974+0000][160][gc,age      ] GC(5) - age   5:    1895776 bytes,   11470560 total
[2022-05-06T05:00:34.975+0000][160][gc,phases   ] GC(5)   Pre Evacuate Collection Set: 0.2ms
[2022-05-06T05:00:34.976+0000][160][gc,phases   ] GC(5)   Merge Heap Roots: 0.1ms
[2022-05-06T05:00:34.976+0000][160][gc,phases   ] GC(5)   Evacuate Collection Set: 2.8ms
[2022-05-06T05:00:34.977+0000][160][gc,phases   ] GC(5)   Post Evacuate Collection Set: 0.9ms
[2022-05-06T05:00:34.979+0000][160][gc,phases   ] GC(5)   Other: 8.4ms
[2022-05-06T05:00:34.979+0000][160][gc,heap     ] GC(5) Eden regions: 73->0(73)
[2022-05-06T05:00:34.980+0000][160][gc,heap     ] GC(5) Survivor regions: 3->3(10)
[2022-05-06T05:00:34.981+0000][160][gc,heap     ] GC(5) Old regions: 2->2
[2022-05-06T05:00:34.981+0000][160][gc,heap     ] GC(5) Archive regions: 2->2
[2022-05-06T05:00:34.982+0000][160][gc,heap     ] GC(5) Humongous regions: 0->0
[2022-05-06T05:00:34.982+0000][160][gc,metaspace] GC(5) Metaspace: 19718K(20224K)->19718K(20224K) NonClass: 17301K(17600K)->17301K(17600K) Class: 2417K(2624K)->2417K(2624K)
[2022-05-06T05:00:34.983+0000][160][gc          ] GC(5) Pause Young (Normal) (G1 Evacuation Pause) 311M->19M(512M) 20.537ms
[2022-05-06T05:00:34.984+0000][160][gc,cpu      ] GC(5) User=0.01s Sys=0.00s Real=0.02s
[2022-05-06T05:00:34.985+0000][160][safepoint   ] Safepoint "G1CollectForAllocation", Time since last: 235487542 ns, Reaching safepoint: 102000 ns, At safepoint: 21937625 ns, Total: 22039625 ns
[2022-05-06T05:00:35.216+0000][160][gc,start    ] GC(6) Pause Young (Normal) (G1 Evacuation Pause)
[2022-05-06T05:00:35.217+0000][160][gc,task     ] GC(6) Using 5 workers of 5 for evacuation
[2022-05-06T05:00:35.218+0000][160][gc,age      ] GC(6) Desired survivor size 20971520 bytes, new threshold 15 (max threshold 15)
[2022-05-06T05:00:35.223+0000][160][gc,age      ] GC(6) Age table with threshold 15 (max threshold 15)
[2022-05-06T05:00:35.225+0000][160][gc,age      ] GC(6) - age   1:    3110952 bytes,    3110952 total
[2022-05-06T05:00:35.226+0000][160][gc,age      ] GC(6) - age   2:    1316208 bytes,    4427160 total
[2022-05-06T05:00:35.227+0000][160][gc,age      ] GC(6) - age   3:    5109328 bytes,    9536488 total
[2022-05-06T05:00:35.228+0000][160][gc,age      ] GC(6) - age   4:    2310680 bytes,   11847168 total
[2022-05-06T05:00:35.229+0000][160][gc,age      ] GC(6) - age   5:     819560 bytes,   12666728 total
[2022-05-06T05:00:35.229+0000][160][gc,age      ] GC(6) - age   6:    1895472 bytes,   14562200 total
[2022-05-06T05:00:35.230+0000][160][gc,phases   ] GC(6)   Pre Evacuate Collection Set: 0.0ms
[2022-05-06T05:00:35.231+0000][160][gc,phases   ] GC(6)   Merge Heap Roots: 0.1ms
[2022-05-06T05:00:35.231+0000][160][gc,phases   ] GC(6)   Evacuate Collection Set: 3.0ms
[2022-05-06T05:00:35.232+0000][160][gc,phases   ] GC(6)   Post Evacuate Collection Set: 1.0ms
[2022-05-06T05:00:35.232+0000][160][gc,phases   ] GC(6)   Other: 10.3ms
[2022-05-06T05:00:35.233+0000][160][gc,heap     ] GC(6) Eden regions: 73->0(72)
[2022-05-06T05:00:35.234+0000][160][gc,heap     ] GC(6) Survivor regions: 3->4(10)
[2022-05-06T05:00:35.234+0000][160][gc,heap     ] GC(6) Old regions: 2->2
[2022-05-06T05:00:35.235+0000][160][gc,heap     ] GC(6) Archive regions: 2->2
[2022-05-06T05:00:35.236+0000][160][gc,heap     ] GC(6) Humongous regions: 0->0
[2022-05-06T05:00:35.236+0000][160][gc,metaspace] GC(6) Metaspace: 20882K(21376K)->20882K(21376K) NonClass: 18308K(18624K)->18308K(18624K) Class: 2574K(2752K)->2574K(2752K)
[2022-05-06T05:00:35.237+0000][160][gc          ] GC(6) Pause Young (Normal) (G1 Evacuation Pause) 311M->22M(512M) 21.437ms
[2022-05-06T05:00:35.238+0000][160][gc,cpu      ] GC(6) User=0.01s Sys=0.01s Real=0.02s
[2022-05-06T05:00:35.239+0000][160][safepoint   ] Safepoint "G1CollectForAllocation", Time since last: 230765292 ns, Reaching safepoint: 237875 ns, At safepoint: 23658208 ns, Total: 23896083 ns
[2022-05-06T05:00:35.313+0000][160][gc,start    ] GC(7) Pause Young (Concurrent Start) (Metadata GC Threshold)
[2022-05-06T05:00:35.314+0000][160][gc,task     ] GC(7) Using 5 workers of 5 for evacuation
[2022-05-06T05:00:35.315+0000][160][gc,age      ] GC(7) Desired survivor size 20971520 bytes, new threshold 15 (max threshold 15)
[2022-05-06T05:00:35.321+0000][160][gc,age      ] GC(7) Age table with threshold 15 (max threshold 15)
[2022-05-06T05:00:35.322+0000][160][gc,age      ] GC(7) - age   1:     348800 bytes,     348800 total
[2022-05-06T05:00:35.324+0000][160][gc,age      ] GC(7) - age   2:    2179088 bytes,    2527888 total
[2022-05-06T05:00:35.324+0000][160][gc,age      ] GC(7) - age   3:    1315664 bytes,    3843552 total
[2022-05-06T05:00:35.325+0000][160][gc,age      ] GC(7) - age   4:    5109328 bytes,    8952880 total
[2022-05-06T05:00:35.326+0000][160][gc,age      ] GC(7) - age   5:    2310680 bytes,   11263560 total
[2022-05-06T05:00:35.326+0000][160][gc,age      ] GC(7) - age   6:     819560 bytes,   12083120 total
[2022-05-06T05:00:35.327+0000][160][gc,age      ] GC(7) - age   7:    1895472 bytes,   13978592 total
[2022-05-06T05:00:35.328+0000][160][gc,phases   ] GC(7)   Pre Evacuate Collection Set: 0.4ms
[2022-05-06T05:00:35.328+0000][160][gc,phases   ] GC(7)   Merge Heap Roots: 0.2ms
[2022-05-06T05:00:35.329+0000][160][gc,phases   ] GC(7)   Evacuate Collection Set: 3.6ms
[2022-05-06T05:00:35.330+0000][160][gc,phases   ] GC(7)   Post Evacuate Collection Set: 0.9ms
[2022-05-06T05:00:35.330+0000][160][gc,phases   ] GC(7)   Other: 10.0ms
[2022-05-06T05:00:35.331+0000][160][gc,heap     ] GC(7) Eden regions: 28->0(72)
[2022-05-06T05:00:35.331+0000][160][gc,heap     ] GC(7) Survivor regions: 4->4(10)
[2022-05-06T05:00:35.332+0000][160][gc,heap     ] GC(7) Old regions: 2->2
[2022-05-06T05:00:35.333+0000][160][gc,heap     ] GC(7) Archive regions: 2->2
[2022-05-06T05:00:35.334+0000][160][gc,heap     ] GC(7) Humongous regions: 0->0
[2022-05-06T05:00:35.334+0000][160][gc,metaspace] GC(7) Metaspace: 20958K(21504K)->20958K(21504K) NonClass: 18372K(18688K)->18372K(18688K) Class: 2586K(2816K)->2586K(2816K)
[2022-05-06T05:00:35.335+0000][160][gc          ] GC(7) Pause Young (Concurrent Start) (Metadata GC Threshold) 134M->22M(512M) 21.888ms
[2022-05-06T05:00:35.335+0000][160][gc,cpu      ] GC(7) User=0.02s Sys=0.01s Real=0.02s
[2022-05-06T05:00:35.336+0000][160][safepoint   ] Safepoint "CollectForMetadataAllocation", Time since last: 73184625 ns, Reaching safepoint: 125375 ns, At safepoint: 23114625 ns, Total: 23240000 ns
[2022-05-06T05:00:35.336+0000][160][gc          ] GC(8) Concurrent Mark Cycle
[2022-05-06T05:00:35.337+0000][160][gc,marking  ] GC(8) Concurrent Clear Claimed Marks
[2022-05-06T05:00:35.337+0000][160][gc,marking  ] GC(8) Concurrent Clear Claimed Marks 0.481ms
[2022-05-06T05:00:35.338+0000][160][gc,marking  ] GC(8) Concurrent Scan Root Regions
[2022-05-06T05:00:35.342+0000][160][gc,marking  ] GC(8) Concurrent Scan Root Regions 3.618ms
[2022-05-06T05:00:35.342+0000][160][gc,marking  ] GC(8) Concurrent Mark
[2022-05-06T05:00:35.343+0000][160][gc,marking  ] GC(8) Concurrent Mark From Roots
[2022-05-06T05:00:35.344+0000][160][gc,task     ] GC(8) Using 1 workers of 1 for marking
[2022-05-06T05:00:35.348+0000][160][gc,marking  ] GC(8) Concurrent Mark From Roots 4.320ms
[2022-05-06T05:00:35.349+0000][160][gc,marking  ] GC(8) Concurrent Preclean
[2022-05-06T05:00:35.350+0000][160][gc,marking  ] GC(8) Concurrent Preclean 0.917ms
[2022-05-06T05:00:35.351+0000][160][gc,start    ] GC(8) Pause Remark
[2022-05-06T05:00:35.354+0000][160][gc          ] GC(8) Pause Remark 46M->46M(512M) 2.680ms
[2022-05-06T05:00:35.355+0000][160][gc,cpu      ] GC(8) User=0.01s Sys=0.00s Real=0.00s
[2022-05-06T05:00:35.356+0000][160][safepoint   ] Safepoint "G1Concurrent", Time since last: 14959750 ns, Reaching safepoint: 366542 ns, At safepoint: 4613666 ns, Total: 4980208 ns
[2022-05-06T05:00:35.357+0000][160][gc,marking  ] GC(8) Concurrent Mark 14.146ms
[2022-05-06T05:00:35.357+0000][160][gc,marking  ] GC(8) Concurrent Rebuild Remembered Sets
[2022-05-06T05:00:35.360+0000][160][gc,marking  ] GC(8) Concurrent Rebuild Remembered Sets 2.936ms
[2022-05-06T05:00:35.361+0000][160][gc,start    ] GC(8) Pause Cleanup
[2022-05-06T05:00:35.362+0000][160][gc          ] GC(8) Pause Cleanup 52M->52M(512M) 0.762ms
[2022-05-06T05:00:35.363+0000][160][gc,cpu      ] GC(8) User=0.00s Sys=0.00s Real=0.00s
[2022-05-06T05:00:35.364+0000][160][safepoint   ] Safepoint "G1Concurrent", Time since last: 5231584 ns, Reaching safepoint: 455250 ns, At safepoint: 2548458 ns, Total: 3003708 ns
[2022-05-06T05:00:35.365+0000][160][gc,marking  ] GC(8) Concurrent Cleanup for Next Mark
[2022-05-06T05:00:35.367+0000][160][gc,marking  ] GC(8) Concurrent Cleanup for Next Mark 1.225ms
[2022-05-06T05:00:35.367+0000][160][gc          ] GC(8) Concurrent Mark Cycle 31.479ms
[2022-05-06T05:00:35.952+0000][160][safepoint   ] Safepoint "ICBufferFull", Time since last: 588125542 ns, Reaching safepoint: 116333 ns, At safepoint: 2834 ns, Total: 119167 ns
[2022-05-06T05:00:36.112+0000][160][safepoint   ] Safepoint "ICBufferFull", Time since last: 159147208 ns, Reaching safepoint: 165458 ns, At safepoint: 19000 ns, Total: 184458 ns
[2022-05-06T05:00:36.120+0000][160][safepoint   ] Safepoint "ICBufferFull", Time since last: 8387584 ns, Reaching safepoint: 100500 ns, At safepoint: 3083 ns, Total: 103583 ns
[2022-05-06T05:00:36.121+0000][160][safepoint   ] Safepoint "ICBufferFull", Time since last: 1373375 ns, Reaching safepoint: 59625 ns, At safepoint: 19792 ns, Total: 79417 ns
[2022-05-06T05:00:36.123+0000][160][safepoint   ] Safepoint "ICBufferFull", Time since last: 1372208 ns, Reaching safepoint: 111667 ns, At safepoint: 2625 ns, Total: 114292 ns
[2022-05-06T05:00:36.124+0000][160][safepoint   ] Safepoint "ICBufferFull", Time since last: 946875 ns, Reaching safepoint: 125291 ns, At safepoint: 9000 ns, Total: 134291 ns
[2022-05-06T05:00:36.125+0000][160][safepoint   ] Safepoint "ICBufferFull", Time since last: 1047000 ns, Reaching safepoint: 83750 ns, At safepoint: 2584 ns, Total: 86334 ns
[2022-05-06T05:00:36.126+0000][160][safepoint   ] Safepoint "ICBufferFull", Time since last: 917583 ns, Reaching safepoint: 111333 ns, At safepoint: 2584 ns, Total: 113917 ns
[2022-05-06T05:00:36.127+0000][160][safepoint   ] Safepoint "ICBufferFull", Time since last: 817666 ns, Reaching safepoint: 80250 ns, At safepoint: 9709 ns, Total: 89959 ns
[2022-05-06T05:00:36.139+0000][160][safepoint   ] Safepoint "ICBufferFull", Time since last: 11319291 ns, Reaching safepoint: 224625 ns, At safepoint: 10917 ns, Total: 235542 ns
[2022-05-06T05:00:36.140+0000][160][safepoint   ] Safepoint "ICBufferFull", Time since last: 1586792 ns, Reaching safepoint: 96708 ns, At safepoint: 33583 ns, Total: 130291 ns
[2022-05-06T05:00:36.141+0000][160][safepoint   ] Safepoint "ICBufferFull", Time since last: 947459 ns, Reaching safepoint: 67125 ns, At safepoint: 1791 ns, Total: 68916 ns
[2022-05-06T05:00:36.145+0000][160][safepoint   ] Safepoint "ICBufferFull", Time since last: 3240667 ns, Reaching safepoint: 28333 ns, At safepoint: 1292 ns, Total: 29625 ns
[2022-05-06T05:00:36.158+0000][160][safepoint   ] Safepoint "ICBufferFull", Time since last: 13274042 ns, Reaching safepoint: 158708 ns, At safepoint: 2958 ns, Total: 161666 ns
[2022-05-06T05:00:36.162+0000][160][safepoint   ] Safepoint "ICBufferFull", Time since last: 3541209 ns, Reaching safepoint: 121625 ns, At safepoint: 2583 ns, Total: 124208 ns
[2022-05-06T05:00:36.163+0000][160][safepoint   ] Safepoint "ICBufferFull", Time since last: 1187458 ns, Reaching safepoint: 228209 ns, At safepoint: 3291 ns, Total: 231500 ns
[2022-05-06T05:00:36.165+0000][160][safepoint   ] Safepoint "ICBufferFull", Time since last: 1300917 ns, Reaching safepoint: 192083 ns, At safepoint: 3334 ns, Total: 195417 ns
[2022-05-06T05:00:36.168+0000][160][safepoint   ] Safepoint "ICBufferFull", Time since last: 3525291 ns, Reaching safepoint: 50625 ns, At safepoint: 4167 ns, Total: 54792 ns
[2022-05-06T05:00:36.178+0000][160][safepoint   ] Safepoint "ICBufferFull", Time since last: 9602708 ns, Reaching safepoint: 229584 ns, At safepoint: 2583 ns, Total: 232167 ns
[2022-05-06T05:00:36.200+0000][160][safepoint   ] Safepoint "ICBufferFull", Time since last: 21390250 ns, Reaching safepoint: 190125 ns, At safepoint: 5958 ns, Total: 196083 ns
[2022-05-06T05:00:36.203+0000][160][safepoint   ] Safepoint "ICBufferFull", Time since last: 3662125 ns, Reaching safepoint: 117500 ns, At safepoint: 3334 ns, Total: 120834 ns
[2022-05-06T05:00:36.205+0000][160][safepoint   ] Safepoint "ICBufferFull", Time since last: 1391125 ns, Reaching safepoint: 308833 ns, At safepoint: 8917 ns, Total: 317750 ns
[2022-05-06T05:00:36.207+0000][160][safepoint   ] Safepoint "ICBufferFull", Time since last: 1858208 ns, Reaching safepoint: 155875 ns, At safepoint: 2333 ns, Total: 158208 ns
[2022-05-06T05:00:36.208+0000][160][safepoint   ] Safepoint "ICBufferFull", Time since last: 877375 ns, Reaching safepoint: 82667 ns, At safepoint: 2500 ns, Total: 85167 ns
[2022-05-06T05:00:36.209+0000][160][safepoint   ] Safepoint "ICBufferFull", Time since last: 1011542 ns, Reaching safepoint: 235333 ns, At safepoint: 6875 ns, Total: 242208 ns
[2022-05-06T05:00:36.216+0000][160][safepoint   ] Safepoint "ICBufferFull", Time since last: 6616667 ns, Reaching safepoint: 129958 ns, At safepoint: 2417 ns, Total: 132375 ns
[2022-05-06T05:00:36.217+0000][160][safepoint   ] Safepoint "ICBufferFull", Time since last: 1151416 ns, Reaching safepoint: 58917 ns, At safepoint: 2208 ns, Total: 61125 ns
[2022-05-06T05:00:36.219+0000][160][safepoint   ] Safepoint "ICBufferFull", Time since last: 1074334 ns, Reaching safepoint: 147916 ns, At safepoint: 21625 ns, Total: 169541 ns
[2022-05-06T05:00:36.509+0000][160][safepoint   ] Safepoint "ICBufferFull", Time since last: 289944209 ns, Reaching safepoint: 272417 ns, At safepoint: 12166 ns, Total: 284583 ns
[2022-05-06T05:00:36.721+0000][160][gc,start    ] GC(9) Pause Young (Normal) (G1 Evacuation Pause)
[2022-05-06T05:00:36.723+0000][160][gc,task     ] GC(9) Using 5 workers of 5 for evacuation
[2022-05-06T05:00:36.724+0000][160][gc,age      ] GC(9) Desired survivor size 20971520 bytes, new threshold 15 (max threshold 15)
[2022-05-06T05:00:36.735+0000][160][gc,age      ] GC(9) Age table with threshold 15 (max threshold 15)
[2022-05-06T05:00:36.736+0000][160][gc,age      ] GC(9) - age   1:   15525928 bytes,   15525928 total
[2022-05-06T05:00:36.738+0000][160][gc,age      ] GC(9) - age   2:     334592 bytes,   15860520 total
[2022-05-06T05:00:36.739+0000][160][gc,age      ] GC(9) - age   3:    2145360 bytes,   18005880 total
[2022-05-06T05:00:36.740+0000][160][gc,age      ] GC(9) - age   4:    1300016 bytes,   19305896 total
[2022-05-06T05:00:36.741+0000][160][gc,age      ] GC(9) - age   5:    5072920 bytes,   24378816 total
[2022-05-06T05:00:36.741+0000][160][gc,age      ] GC(9) - age   6:    2233960 bytes,   26612776 total
[2022-05-06T05:00:36.742+0000][160][gc,age      ] GC(9) - age   7:     786976 bytes,   27399752 total
[2022-05-06T05:00:36.743+0000][160][gc,age      ] GC(9) - age   8:    1888488 bytes,   29288240 total
[2022-05-06T05:00:36.743+0000][160][gc,phases   ] GC(9)   Pre Evacuate Collection Set: 0.0ms
[2022-05-06T05:00:36.744+0000][160][gc,phases   ] GC(9)   Merge Heap Roots: 0.3ms
[2022-05-06T05:00:36.745+0000][160][gc,phases   ] GC(9)   Evacuate Collection Set: 8.5ms
[2022-05-06T05:00:36.745+0000][160][gc,phases   ] GC(9)   Post Evacuate Collection Set: 1.6ms
[2022-05-06T05:00:36.746+0000][160][gc,phases   ] GC(9)   Other: 11.9ms
[2022-05-06T05:00:36.747+0000][160][gc,heap     ] GC(9) Eden regions: 72->0(68)
[2022-05-06T05:00:36.747+0000][160][gc,heap     ] GC(9) Survivor regions: 4->8(10)
[2022-05-06T05:00:36.748+0000][160][gc,heap     ] GC(9) Old regions: 2->2
[2022-05-06T05:00:36.748+0000][160][gc,heap     ] GC(9) Archive regions: 2->2
[2022-05-06T05:00:36.750+0000][160][gc,heap     ] GC(9) Humongous regions: 0->0
[2022-05-06T05:00:36.750+0000][160][gc,metaspace] GC(9) Metaspace: 30610K(31552K)->30610K(31552K) NonClass: 26692K(27328K)->26692K(27328K) Class: 3918K(4224K)->3918K(4224K)
[2022-05-06T05:00:36.751+0000][160][gc          ] GC(9) Pause Young (Normal) (G1 Evacuation Pause) 310M->36M(512M) 30.127ms
[2022-05-06T05:00:36.752+0000][160][gc,cpu      ] GC(9) User=0.06s Sys=0.01s Real=0.03s
[2022-05-06T05:00:36.753+0000][160][safepoint   ] Safepoint "G1CollectForAllocation", Time since last: 212039250 ns, Reaching safepoint: 134500 ns, At safepoint: 31664167 ns, Total: 31798667 ns
[2022-05-06T05:00:36.870+0000][160][safepoint   ] Safepoint "ICBufferFull", Time since last: 116678625 ns, Reaching safepoint: 269583 ns, At safepoint: 23792 ns, Total: 293375 ns
[2022-05-06T05:00:37.072+0000][160][safepoint   ] Safepoint "ICBufferFull", Time since last: 202368708 ns, Reaching safepoint: 159625 ns, At safepoint: 3042 ns, Total: 162667 ns
[2022-05-06T05:00:37.124+0000][160][gc,start    ] GC(10) Pause Young (Concurrent Start) (Metadata GC Threshold)
[2022-05-06T05:00:37.126+0000][160][gc,task     ] GC(10) Using 5 workers of 5 for evacuation
[2022-05-06T05:00:37.127+0000][160][gc,age      ] GC(10) Desired survivor size 20971520 bytes, new threshold 5 (max threshold 15)
[2022-05-06T05:00:37.143+0000][160][gc,age      ] GC(10) Age table with threshold 5 (max threshold 15)
[2022-05-06T05:00:37.144+0000][160][gc,age      ] GC(10) - age   1:   12690808 bytes,   12690808 total
[2022-05-06T05:00:37.145+0000][160][gc,age      ] GC(10) - age   2:   15174224 bytes,   27865032 total
[2022-05-06T05:00:37.146+0000][160][gc,age      ] GC(10) - age   3:     334560 bytes,   28199592 total
[2022-05-06T05:00:37.147+0000][160][gc,age      ] GC(10) - age   4:    2144408 bytes,   30344000 total
[2022-05-06T05:00:37.148+0000][160][gc,age      ] GC(10) - age   5:    1300016 bytes,   31644016 total
[2022-05-06T05:00:37.148+0000][160][gc,phases   ] GC(10)   Pre Evacuate Collection Set: 0.3ms
[2022-05-06T05:00:37.149+0000][160][gc,phases   ] GC(10)   Merge Heap Roots: 0.5ms
[2022-05-06T05:00:37.150+0000][160][gc,phases   ] GC(10)   Evacuate Collection Set: 12.9ms
[2022-05-06T05:00:37.151+0000][160][gc,phases   ] GC(10)   Post Evacuate Collection Set: 1.1ms
[2022-05-06T05:00:37.151+0000][160][gc,phases   ] GC(10)   Other: 9.1ms
[2022-05-06T05:00:37.152+0000][160][gc,heap     ] GC(10) Eden regions: 34->0(68)
[2022-05-06T05:00:37.153+0000][160][gc,heap     ] GC(10) Survivor regions: 8->8(10)
[2022-05-06T05:00:37.153+0000][160][gc,heap     ] GC(10) Old regions: 2->4
[2022-05-06T05:00:37.154+0000][160][gc,heap     ] GC(10) Archive regions: 2->2
[2022-05-06T05:00:37.155+0000][160][gc,heap     ] GC(10) Humongous regions: 0->0
[2022-05-06T05:00:37.156+0000][160][gc,metaspace] GC(10) Metaspace: 35003K(35968K)->35003K(35968K) NonClass: 30364K(30976K)->30364K(30976K) Class: 4639K(4992K)->4639K(4992K)
[2022-05-06T05:00:37.156+0000][160][gc          ] GC(10) Pause Young (Concurrent Start) (Metadata GC Threshold) 170M->49M(512M) 32.052ms
[2022-05-06T05:00:37.157+0000][160][gc,cpu      ] GC(10) User=0.06s Sys=0.01s Real=0.03s
[2022-05-06T05:00:37.158+0000][160][gc          ] GC(11) Concurrent Mark Cycle
[2022-05-06T05:00:37.159+0000][160][gc,marking  ] GC(11) Concurrent Clear Claimed Marks
[2022-05-06T05:00:37.158+0000][160][safepoint   ] Safepoint "CollectForMetadataAllocation", Time since last: 52053917 ns, Reaching safepoint: 110292 ns, At safepoint: 33860291 ns, Total: 33970583 ns
[2022-05-06T05:00:37.160+0000][160][gc,marking  ] GC(11) Concurrent Clear Claimed Marks 0.778ms
[2022-05-06T05:00:37.162+0000][160][gc,marking  ] GC(11) Concurrent Scan Root Regions
[2022-05-06T05:00:37.169+0000][160][safepoint   ] Safepoint "CollectForMetadataAllocation", Time since last: 11165792 ns, Reaching safepoint: 43458 ns, At safepoint: 26084 ns, Total: 69542 ns
[2022-05-06T05:00:37.177+0000][160][gc,marking  ] GC(11) Concurrent Scan Root Regions 15.514ms
[2022-05-06T05:00:37.178+0000][160][gc,marking  ] GC(11) Concurrent Mark
[2022-05-06T05:00:37.179+0000][160][gc,marking  ] GC(11) Concurrent Mark From Roots
[2022-05-06T05:00:37.179+0000][160][gc,task     ] GC(11) Using 1 workers of 1 for marking
[2022-05-06T05:00:37.182+0000][160][safepoint   ] Safepoint "CollectForMetadataAllocation", Time since last: 12708791 ns, Reaching safepoint: 82542 ns, At safepoint: 42792 ns, Total: 125334 ns
[2022-05-06T05:00:37.183+0000][160][gc,marking  ] GC(11) Concurrent Mark From Roots 4.608ms
[2022-05-06T05:00:37.184+0000][160][gc,marking  ] GC(11) Concurrent Preclean
[2022-05-06T05:00:37.185+0000][160][gc,marking  ] GC(11) Concurrent Preclean 0.598ms
[2022-05-06T05:00:37.186+0000][160][gc,start    ] GC(11) Pause Remark
[2022-05-06T05:00:37.189+0000][160][gc          ] GC(11) Pause Remark 53M->53M(512M) 3.191ms
[2022-05-06T05:00:37.190+0000][160][gc,cpu      ] GC(11) User=0.01s Sys=0.00s Real=0.00s
[2022-05-06T05:00:37.191+0000][160][safepoint   ] Safepoint "G1Concurrent", Time since last: 3011291 ns, Reaching safepoint: 383792 ns, At safepoint: 5552167 ns, Total: 5935959 ns
[2022-05-06T05:00:37.192+0000][160][gc,marking  ] GC(11) Concurrent Mark 13.672ms
[2022-05-06T05:00:37.193+0000][160][gc,marking  ] GC(11) Concurrent Rebuild Remembered Sets
[2022-05-06T05:00:37.198+0000][160][gc,marking  ] GC(11) Concurrent Rebuild Remembered Sets 5.492ms
[2022-05-06T05:00:37.200+0000][160][gc,start    ] GC(11) Pause Cleanup
[2022-05-06T05:00:37.201+0000][160][gc          ] GC(11) Pause Cleanup 53M->53M(512M) 1.112ms
[2022-05-06T05:00:37.201+0000][160][gc,cpu      ] GC(11) User=0.00s Sys=0.00s Real=0.01s
[2022-05-06T05:00:37.202+0000][160][safepoint   ] Safepoint "G1Concurrent", Time since last: 8034625 ns, Reaching safepoint: 334791 ns, At safepoint: 2662375 ns, Total: 2997166 ns
[2022-05-06T05:00:37.203+0000][160][gc,marking  ] GC(11) Concurrent Cleanup for Next Mark
[2022-05-06T05:00:37.204+0000][160][gc,marking  ] GC(11) Concurrent Cleanup for Next Mark 1.357ms
[2022-05-06T05:00:37.205+0000][160][gc          ] GC(11) Concurrent Mark Cycle 46.891ms
[2022-05-06T05:00:37.336+0000][160][safepoint   ] Safepoint "ICBufferFull", Time since last: 133167875 ns, Reaching safepoint: 193667 ns, At safepoint: 7333 ns, Total: 201000 ns
[2022-05-06T05:00:37.778+0000][160][safepoint   ] Safepoint "ICBufferFull", Time since last: 442526584 ns, Reaching safepoint: 155958 ns, At safepoint: 10500 ns, Total: 166458 ns
[2022-05-06T05:00:37.880+0000][160][safepoint   ] Safepoint "ICBufferFull", Time since last: 101207500 ns, Reaching safepoint: 209292 ns, At safepoint: 11375 ns, Total: 220667 ns
[2022-05-06T05:00:38.025+0000][160][gc,start    ] GC(12) Pause Young (Concurrent Start) (G1 Evacuation Pause)
[2022-05-06T05:00:38.027+0000][160][gc,task     ] GC(12) Using 5 workers of 5 for evacuation
[2022-05-06T05:00:38.027+0000][160][gc,age      ] GC(12) Desired survivor size 20971520 bytes, new threshold 2 (max threshold 15)
[2022-05-06T05:00:38.046+0000][160][gc,age      ] GC(12) Age table with threshold 2 (max threshold 15)
[2022-05-06T05:00:38.048+0000][160][gc,age      ] GC(12) - age   1:    6101968 bytes,    6101968 total
[2022-05-06T05:00:38.049+0000][160][gc,age      ] GC(12) - age   2:   12539272 bytes,   18641240 total
[2022-05-06T05:00:38.050+0000][160][gc,phases   ] GC(12)   Pre Evacuate Collection Set: 0.7ms
[2022-05-06T05:00:38.050+0000][160][gc,phases   ] GC(12)   Merge Heap Roots: 0.2ms
[2022-05-06T05:00:38.051+0000][160][gc,phases   ] GC(12)   Evacuate Collection Set: 15.8ms
[2022-05-06T05:00:38.052+0000][160][gc,phases   ] GC(12)   Post Evacuate Collection Set: 1.1ms
[2022-05-06T05:00:38.052+0000][160][gc,phases   ] GC(12)   Other: 6.5ms
[2022-05-06T05:00:38.053+0000][160][gc,heap     ] GC(12) Eden regions: 68->0(70)
[2022-05-06T05:00:38.054+0000][160][gc,heap     ] GC(12) Survivor regions: 8->6(10)
[2022-05-06T05:00:38.055+0000][160][gc,heap     ] GC(12) Old regions: 4->8
[2022-05-06T05:00:38.056+0000][160][gc,heap     ] GC(12) Archive regions: 2->2
[2022-05-06T05:00:38.057+0000][160][gc,heap     ] GC(12) Humongous regions: 0->0
[2022-05-06T05:00:38.058+0000][160][gc,metaspace] GC(12) Metaspace: 52283K(53504K)->52283K(53504K) NonClass: 45198K(45952K)->45198K(45952K) Class: 7085K(7552K)->7085K(7552K)
[2022-05-06T05:00:38.059+0000][160][gc          ] GC(12) Pause Young (Concurrent Start) (G1 Evacuation Pause) 321M->57M(512M) 33.213ms
[2022-05-06T05:00:38.059+0000][160][gc,cpu      ] GC(12) User=0.09s Sys=0.00s Real=0.03s
[2022-05-06T05:00:38.060+0000][160][safepoint   ] Safepoint "G1CollectForAllocation", Time since last: 145494292 ns, Reaching safepoint: 152208 ns, At safepoint: 34372708 ns, Total: 34524916 ns
[2022-05-06T05:00:38.060+0000][160][gc          ] GC(13) Concurrent Mark Cycle
[2022-05-06T05:00:38.062+0000][160][gc,marking  ] GC(13) Concurrent Clear Claimed Marks
[2022-05-06T05:00:38.062+0000][160][gc,marking  ] GC(13) Concurrent Clear Claimed Marks 0.647ms
[2022-05-06T05:00:38.064+0000][160][gc,marking  ] GC(13) Concurrent Scan Root Regions
[2022-05-06T05:00:38.083+0000][160][gc,marking  ] GC(13) Concurrent Scan Root Regions 19.393ms
[2022-05-06T05:00:38.084+0000][160][gc,marking  ] GC(13) Concurrent Mark
[2022-05-06T05:00:38.085+0000][160][gc,marking  ] GC(13) Concurrent Mark From Roots
[2022-05-06T05:00:38.086+0000][160][gc,task     ] GC(13) Using 1 workers of 1 for marking
[2022-05-06T05:00:38.097+0000][160][gc,marking  ] GC(13) Concurrent Mark From Roots 11.550ms
[2022-05-06T05:00:38.098+0000][160][gc,marking  ] GC(13) Concurrent Preclean
[2022-05-06T05:00:38.099+0000][160][gc,marking  ] GC(13) Concurrent Preclean 1.142ms
[2022-05-06T05:00:38.101+0000][160][gc,start    ] GC(13) Pause Remark
[2022-05-06T05:00:38.104+0000][160][gc          ] GC(13) Pause Remark 83M->83M(512M) 3.027ms
[2022-05-06T05:00:38.105+0000][160][gc,cpu      ] GC(13) User=0.00s Sys=0.00s Real=0.00s
[2022-05-06T05:00:38.106+0000][160][safepoint   ] Safepoint "G1Concurrent", Time since last: 40620834 ns, Reaching safepoint: 873375 ns, At safepoint: 4709500 ns, Total: 5582875 ns
[2022-05-06T05:00:38.107+0000][160][gc,marking  ] GC(13) Concurrent Mark 22.373ms
[2022-05-06T05:00:38.108+0000][160][gc,marking  ] GC(13) Concurrent Rebuild Remembered Sets
[2022-05-06T05:00:38.108+0000][160][gc,marking  ] GC(13) Concurrent Rebuild Remembered Sets 0.558ms
[2022-05-06T05:00:38.109+0000][160][gc,start    ] GC(13) Pause Cleanup
[2022-05-06T05:00:38.110+0000][160][gc          ] GC(13) Pause Cleanup 85M->85M(512M) 0.453ms
[2022-05-06T05:00:38.110+0000][160][gc,cpu      ] GC(13) User=0.01s Sys=0.00s Real=0.00s
[2022-05-06T05:00:38.112+0000][160][safepoint   ] Safepoint "G1Concurrent", Time since last: 3011083 ns, Reaching safepoint: 379292 ns, At safepoint: 2257958 ns, Total: 2637250 ns
[2022-05-06T05:00:38.112+0000][160][gc,marking  ] GC(13) Concurrent Cleanup for Next Mark
[2022-05-06T05:00:38.113+0000][160][gc,marking  ] GC(13) Concurrent Cleanup for Next Mark 1.036ms
[2022-05-06T05:00:38.114+0000][160][gc          ] GC(13) Concurrent Mark Cycle 54.078ms
[2022-05-06T05:00:38.442+0000][160][safepoint   ] Safepoint "ICBufferFull", Time since last: 329500875 ns, Reaching safepoint: 582792 ns, At safepoint: 12958 ns, Total: 595750 ns
[2022-05-06T05:00:38.802+0000][160][safepoint   ] Safepoint "ICBufferFull", Time since last: 359723334 ns, Reaching safepoint: 255375 ns, At safepoint: 4000 ns, Total: 259375 ns
[2022-05-06T05:00:39.003+0000][160][safepoint   ] Safepoint "ICBufferFull", Time since last: 201264375 ns, Reaching safepoint: 150083 ns, At safepoint: 3500 ns, Total: 153583 ns
[2022-05-06T05:00:39.246+0000][160][safepoint   ] Safepoint "ICBufferFull", Time since last: 181321958 ns, Reaching safepoint: 209916 ns, At safepoint: 3459 ns, Total: 213375 ns
[2022-05-06T05:00:39.554+0000][160][safepoint   ] Safepoint "ICBufferFull", Time since last: 307455500 ns, Reaching safepoint: 211208 ns, At safepoint: 3167 ns, Total: 214375 ns
[2022-05-06T05:00:39.633+0000][160][safepoint   ] Safepoint "ICBufferFull", Time since last: 78413000 ns, Reaching safepoint: 505583 ns, At safepoint: 81667 ns, Total: 587250 ns
[2022-05-06T05:00:39.699+0000][160][gc,start    ] GC(14) Pause Young (Normal) (G1 Evacuation Pause)
[2022-05-06T05:00:39.701+0000][160][gc,task     ] GC(14) Using 5 workers of 5 for evacuation
[2022-05-06T05:00:39.702+0000][160][gc,age      ] GC(14) Desired survivor size 20971520 bytes, new threshold 15 (max threshold 15)
[2022-05-06T05:00:39.718+0000][160][gc,age      ] GC(14) Age table with threshold 15 (max threshold 15)
[2022-05-06T05:00:39.720+0000][160][gc,age      ] GC(14) - age   1:   13425416 bytes,   13425416 total
[2022-05-06T05:00:39.721+0000][160][gc,age      ] GC(14) - age   2:    5852664 bytes,   19278080 total
[2022-05-06T05:00:39.722+0000][160][gc,age      ] GC(14) - age   3:   12519496 bytes,   31797576 total
[2022-05-06T05:00:39.723+0000][160][gc,phases   ] GC(14)   Pre Evacuate Collection Set: 0.2ms
[2022-05-06T05:00:39.724+0000][160][gc,phases   ] GC(14)   Merge Heap Roots: 0.2ms
[2022-05-06T05:00:39.729+0000][160][gc,phases   ] GC(14)   Evacuate Collection Set: 13.0ms
[2022-05-06T05:00:39.732+0000][160][gc,phases   ] GC(14)   Post Evacuate Collection Set: 2.3ms
[2022-05-06T05:00:39.733+0000][160][gc,phases   ] GC(14)   Other: 7.7ms
[2022-05-06T05:00:39.734+0000][160][gc,heap     ] GC(14) Eden regions: 70->0(67)
[2022-05-06T05:00:39.735+0000][160][gc,heap     ] GC(14) Survivor regions: 6->9(10)
[2022-05-06T05:00:39.737+0000][160][gc,heap     ] GC(14) Old regions: 8->8
[2022-05-06T05:00:39.738+0000][160][gc,heap     ] GC(14) Archive regions: 2->2
[2022-05-06T05:00:39.739+0000][160][gc,heap     ] GC(14) Humongous regions: 0->0
[2022-05-06T05:00:39.739+0000][160][gc,metaspace] GC(14) Metaspace: 84004K(85504K)->84004K(85504K) NonClass: 72357K(73216K)->72357K(73216K) Class: 11646K(12288K)->11646K(12288K)
[2022-05-06T05:00:39.740+0000][160][gc          ] GC(14) Pause Young (Normal) (G1 Evacuation Pause) 337M->68M(512M) 40.824ms
[2022-05-06T05:00:39.741+0000][160][gc,cpu      ] GC(14) User=0.06s Sys=0.00s Real=0.04s
[2022-05-06T05:00:39.742+0000][160][safepoint   ] Safepoint "G1CollectForAllocation", Time since last: 65991333 ns, Reaching safepoint: 68500 ns, At safepoint: 42503667 ns, Total: 42572167 ns
[2022-05-06T05:00:39.833+0000][160][safepoint   ] Safepoint "ICBufferFull", Time since last: 91405708 ns, Reaching safepoint: 171500 ns, At safepoint: 15083 ns, Total: 186583 ns
[2022-05-06T05:00:39.860+0000][160][safepoint   ] Safepoint "ICBufferFull", Time since last: 26909000 ns, Reaching safepoint: 299125 ns, At safepoint: 17584 ns, Total: 316709 ns
[2022-05-06T05:00:39.880+0000][160][safepoint   ] Safepoint "ICBufferFull", Time since last: 19043625 ns, Reaching safepoint: 151708 ns, At safepoint: 11792 ns, Total: 163500 ns
[2022-05-06T05:00:39.973+0000][160][safepoint   ] Safepoint "ICBufferFull", Time since last: 92794625 ns, Reaching safepoint: 290250 ns, At safepoint: 16417 ns, Total: 306667 ns
[2022-05-06T05:00:40.367+0000][160][gc,start    ] GC(15) Pause Young (Concurrent Start) (Metadata GC Threshold)
[2022-05-06T05:00:40.369+0000][160][gc,task     ] GC(15) Using 5 workers of 5 for evacuation
[2022-05-06T05:00:40.369+0000][160][gc,age      ] GC(15) Desired survivor size 20971520 bytes, new threshold 3 (max threshold 15)
[2022-05-06T05:00:40.381+0000][160][gc,age      ] GC(15) Age table with threshold 3 (max threshold 15)
[2022-05-06T05:00:40.382+0000][160][gc,age      ] GC(15) - age   1:    1217776 bytes,    1217776 total
[2022-05-06T05:00:40.383+0000][160][gc,age      ] GC(15) - age   2:   12924024 bytes,   14141800 total
[2022-05-06T05:00:40.384+0000][160][gc,age      ] GC(15) - age   3:    5821488 bytes,   19963288 total
[2022-05-06T05:00:40.385+0000][160][gc,phases   ] GC(15)   Pre Evacuate Collection Set: 0.2ms
[2022-05-06T05:00:40.386+0000][160][gc,phases   ] GC(15)   Merge Heap Roots: 0.2ms
[2022-05-06T05:00:40.387+0000][160][gc,phases   ] GC(15)   Evacuate Collection Set: 9.4ms
[2022-05-06T05:00:40.388+0000][160][gc,phases   ] GC(15)   Post Evacuate Collection Set: 1.1ms
[2022-05-06T05:00:40.388+0000][160][gc,phases   ] GC(15)   Other: 6.9ms
[2022-05-06T05:00:40.389+0000][160][gc,heap     ] GC(15) Eden regions: 10->0(70)
[2022-05-06T05:00:40.390+0000][160][gc,heap     ] GC(15) Survivor regions: 9->6(10)
[2022-05-06T05:00:40.390+0000][160][gc,heap     ] GC(15) Old regions: 8->12
[2022-05-06T05:00:40.391+0000][160][gc,heap     ] GC(15) Archive regions: 2->2
[2022-05-06T05:00:40.392+0000][160][gc,heap     ] GC(15) Humongous regions: 0->0
[2022-05-06T05:00:40.392+0000][160][gc,metaspace] GC(15) Metaspace: 87728K(89216K)->87728K(89216K) NonClass: 75549K(76416K)->75549K(76416K) Class: 12178K(12800K)->12178K(12800K)
[2022-05-06T05:00:40.393+0000][160][gc          ] GC(15) Pause Young (Concurrent Start) (Metadata GC Threshold) 106M->70M(512M) 25.642ms
[2022-05-06T05:00:40.394+0000][160][gc,cpu      ] GC(15) User=0.04s Sys=0.00s Real=0.03s
[2022-05-06T05:00:40.394+0000][160][gc          ] GC(16) Concurrent Mark Cycle
[2022-05-06T05:00:40.395+0000][160][gc,marking  ] GC(16) Concurrent Clear Claimed Marks
[2022-05-06T05:00:40.394+0000][160][safepoint   ] Safepoint "CollectForMetadataAllocation", Time since last: 394519833 ns, Reaching safepoint: 148333 ns, At safepoint: 26821875 ns, Total: 26970208 ns
[2022-05-06T05:00:40.396+0000][160][gc,marking  ] GC(16) Concurrent Clear Claimed Marks 1.485ms
[2022-05-06T05:00:40.398+0000][160][gc,marking  ] GC(16) Concurrent Scan Root Regions
[2022-05-06T05:00:40.414+0000][160][gc,marking  ] GC(16) Concurrent Scan Root Regions 16.548ms
[2022-05-06T05:00:40.416+0000][160][gc,marking  ] GC(16) Concurrent Mark
[2022-05-06T05:00:40.417+0000][160][gc,marking  ] GC(16) Concurrent Mark From Roots
[2022-05-06T05:00:40.417+0000][160][gc,task     ] GC(16) Using 1 workers of 1 for marking
[2022-05-06T05:00:40.443+0000][160][gc,marking  ] GC(16) Concurrent Mark From Roots 26.388ms
[2022-05-06T05:00:40.444+0000][160][gc,marking  ] GC(16) Concurrent Preclean
[2022-05-06T05:00:40.445+0000][160][gc,marking  ] GC(16) Concurrent Preclean 1.156ms
[2022-05-06T05:00:40.446+0000][160][gc,start    ] GC(16) Pause Remark
[2022-05-06T05:00:40.450+0000][160][gc          ] GC(16) Pause Remark 73M->73M(512M) 3.905ms
[2022-05-06T05:00:40.451+0000][160][gc,cpu      ] GC(16) User=0.01s Sys=0.00s Real=0.00s
[2022-05-06T05:00:40.452+0000][160][safepoint   ] Safepoint "G1Concurrent", Time since last: 51786500 ns, Reaching safepoint: 170709 ns, At safepoint: 5508958 ns, Total: 5679667 ns
[2022-05-06T05:00:40.453+0000][160][gc,marking  ] GC(16) Concurrent Mark 36.855ms
[2022-05-06T05:00:40.454+0000][160][gc,marking  ] GC(16) Concurrent Rebuild Remembered Sets
[2022-05-06T05:00:40.479+0000][160][gc,marking  ] GC(16) Concurrent Rebuild Remembered Sets 25.282ms
[2022-05-06T05:00:40.480+0000][160][gc,start    ] GC(16) Pause Cleanup
[2022-05-06T05:00:40.481+0000][160][gc          ] GC(16) Pause Cleanup 73M->73M(512M) 0.679ms
[2022-05-06T05:00:40.482+0000][160][gc,cpu      ] GC(16) User=0.01s Sys=0.00s Real=0.00s
[2022-05-06T05:00:40.483+0000][160][safepoint   ] Safepoint "G1Concurrent", Time since last: 28121042 ns, Reaching safepoint: 107541 ns, At safepoint: 2581209 ns, Total: 2688750 ns
[2022-05-06T05:00:40.483+0000][160][gc,marking  ] GC(16) Concurrent Cleanup for Next Mark
[2022-05-06T05:00:40.484+0000][160][gc,marking  ] GC(16) Concurrent Cleanup for Next Mark 1.111ms
[2022-05-06T05:00:40.485+0000][160][gc          ] GC(16) Concurrent Mark Cycle 90.749ms
[2022-05-06T05:00:40.857+0000][160][safepoint   ] Safepoint "ICBufferFull", Time since last: 374088000 ns, Reaching safepoint: 172583 ns, At safepoint: 21542 ns, Total: 194125 ns
[2022-05-06T05:00:40.923+0000][160][safepoint   ] Safepoint "ICBufferFull", Time since last: 65845750 ns, Reaching safepoint: 194667 ns, At safepoint: 15833 ns, Total: 210500 ns
[2022-05-06T05:00:41.355+0000][160][safepoint   ] Safepoint "ICBufferFull", Time since last: 431866792 ns, Reaching safepoint: 169125 ns, At safepoint: 24583 ns, Total: 193708 ns
[2022-05-06T05:00:41.642+0000][160][safepoint   ] Safepoint "ICBufferFull", Time since last: 286666334 ns, Reaching safepoint: 274541 ns, At safepoint: 3750 ns, Total: 278291 ns
[2022-05-06T05:00:41.878+0000][160][safepoint   ] Safepoint "ICBufferFull", Time since last: 235958750 ns, Reaching safepoint: 211292 ns, At safepoint: 7583 ns, Total: 218875 ns
[2022-05-06T05:00:42.248+0000][160][safepoint   ] Safepoint "ICBufferFull", Time since last: 369814834 ns, Reaching safepoint: 109542 ns, At safepoint: 131041 ns, Total: 240583 ns
[2022-05-06T05:00:42.480+0000][160][safepoint   ] Safepoint "ICBufferFull", Time since last: 231142375 ns, Reaching safepoint: 306542 ns, At safepoint: 18583 ns, Total: 325125 ns
[2022-05-06T05:00:42.992+0000][160][safepoint   ] Safepoint "ICBufferFull", Time since last: 511574292 ns, Reaching safepoint: 439500 ns, At safepoint: 25792 ns, Total: 465292 ns
[2022-05-06T05:00:43.043+0000][160][gc,start    ] GC(17) Pause Young (Normal) (G1 Evacuation Pause)
[2022-05-06T05:00:43.044+0000][160][gc,task     ] GC(17) Using 5 workers of 5 for evacuation
[2022-05-06T05:00:43.045+0000][160][gc,age      ] GC(17) Desired survivor size 20971520 bytes, new threshold 15 (max threshold 15)
[2022-05-06T05:00:43.065+0000][160][gc,age      ] GC(17) Age table with threshold 15 (max threshold 15)
[2022-05-06T05:00:43.066+0000][160][gc,age      ] GC(17) - age   1:    9092992 bytes,    9092992 total
[2022-05-06T05:00:43.068+0000][160][gc,age      ] GC(17) - age   2:    1047992 bytes,   10140984 total
[2022-05-06T05:00:43.069+0000][160][gc,age      ] GC(17) - age   3:   12784312 bytes,   22925296 total
[2022-05-06T05:00:43.070+0000][160][gc,age      ] GC(17) - age   4:    5641752 bytes,   28567048 total
[2022-05-06T05:00:43.071+0000][160][gc,phases   ] GC(17)   Pre Evacuate Collection Set: 0.1ms
[2022-05-06T05:00:43.072+0000][160][gc,phases   ] GC(17)   Merge Heap Roots: 0.2ms
[2022-05-06T05:00:43.073+0000][160][gc,phases   ] GC(17)   Evacuate Collection Set: 16.5ms
[2022-05-06T05:00:43.074+0000][160][gc,phases   ] GC(17)   Post Evacuate Collection Set: 1.5ms
[2022-05-06T05:00:43.076+0000][160][gc,phases   ] GC(17)   Other: 9.5ms
[2022-05-06T05:00:43.077+0000][160][gc,heap     ] GC(17) Eden regions: 70->0(68)
[2022-05-06T05:00:43.079+0000][160][gc,heap     ] GC(17) Survivor regions: 6->8(10)
[2022-05-06T05:00:43.080+0000][160][gc,heap     ] GC(17) Old regions: 12->12
[2022-05-06T05:00:43.082+0000][160][gc,heap     ] GC(17) Archive regions: 2->2
[2022-05-06T05:00:43.083+0000][160][gc,heap     ] GC(17) Humongous regions: 6->6
[2022-05-06T05:00:43.083+0000][160][gc,metaspace] GC(17) Metaspace: 98769K(100288K)->98769K(100288K) NonClass: 84975K(85824K)->84975K(85824K) Class: 13793K(14464K)->13793K(14464K)
[2022-05-06T05:00:43.085+0000][160][gc          ] GC(17) Pause Young (Normal) (G1 Evacuation Pause) 374M->101M(512M) 41.345ms
[2022-05-06T05:00:43.085+0000][160][gc,cpu      ] GC(17) User=0.09s Sys=0.00s Real=0.04s
[2022-05-06T05:00:43.086+0000][160][safepoint   ] Safepoint "G1CollectForAllocation", Time since last: 51064917 ns, Reaching safepoint: 441250 ns, At safepoint: 43230416 ns, Total: 43671666 ns
[2022-05-06T05:00:43.247+0000][160][safepoint   ] Safepoint "ICBufferFull", Time since last: 160638750 ns, Reaching safepoint: 196875 ns, At safepoint: 23209 ns, Total: 220084 ns
[2022-05-06T05:00:43.404+0000][160][safepoint   ] Safepoint "ICBufferFull", Time since last: 155961125 ns, Reaching safepoint: 367208 ns, At safepoint: 7708 ns, Total: 374916 ns
[2022-05-06T05:00:43.436+0000][160][safepoint   ] Safepoint "ICBufferFull", Time since last: 32009042 ns, Reaching safepoint: 292209 ns, At safepoint: 24291 ns, Total: 316500 ns
[2022-05-06T05:00:43.501+0000][160][safepoint   ] Safepoint "ICBufferFull", Time since last: 65023542 ns, Reaching safepoint: 197833 ns, At safepoint: 15917 ns, Total: 213750 ns
[2022-05-06T05:00:43.702+0000][160][safepoint   ] Safepoint "ICBufferFull", Time since last: 200006875 ns, Reaching safepoint: 1112667 ns, At safepoint: 109375 ns, Total: 1222042 ns
[2022-05-06T05:00:43.867+0000][160][safepoint   ] Safepoint "ICBufferFull", Time since last: 163758500 ns, Reaching safepoint: 821250 ns, At safepoint: 51500 ns, Total: 872750 ns
[2022-05-06T05:00:44.228+0000][160][safepoint   ] Safepoint "ICBufferFull", Time since last: 356918333 ns, Reaching safepoint: 4072959 ns, At safepoint: 51708 ns, Total: 4124667 ns
[2022-05-06T05:00:44.444+0000][160][safepoint   ] Safepoint "ICBufferFull", Time since last: 215022792 ns, Reaching safepoint: 1349625 ns, At safepoint: 88291 ns, Total: 1437916 ns
[2022-05-06T05:00:44.523+0000][160][safepoint   ] Safepoint "ICBufferFull", Time since last: 76437042 ns, Reaching safepoint: 1740833 ns, At safepoint: 14584 ns, Total: 1755417 ns
[2022-05-06T05:00:44.539+0000][160][safepoint   ] Safepoint "ICBufferFull", Time since last: 16385208 ns, Reaching safepoint: 303125 ns, At safepoint: 16542 ns, Total: 319667 ns
[2022-05-06T05:00:44.719+0000][160][safepoint   ] Safepoint "ICBufferFull", Time since last: 179047625 ns, Reaching safepoint: 333583 ns, At safepoint: 16917 ns, Total: 350500 ns
[2022-05-06T05:00:44.875+0000][160][safepoint   ] Safepoint "ICBufferFull", Time since last: 156105167 ns, Reaching safepoint: 229666 ns, At safepoint: 19000 ns, Total: 248666 ns
[2022-05-06T05:00:45.016+0000][160][safepoint   ] Safepoint "ICBufferFull", Time since last: 140493584 ns, Reaching safepoint: 280375 ns, At safepoint: 4625 ns, Total: 285000 ns
[2022-05-06T05:00:45.090+0000][160][gc,start    ] GC(18) Pause Young (Normal) (G1 Evacuation Pause)
[2022-05-06T05:00:45.093+0000][160][gc,task     ] GC(18) Using 5 workers of 5 for evacuation
[2022-05-06T05:00:45.094+0000][160][gc,age      ] GC(18) Desired survivor size 20971520 bytes, new threshold 3 (max threshold 15)
[2022-05-06T05:00:45.108+0000][160][gc,age      ] GC(18) Age table with threshold 3 (max threshold 15)
[2022-05-06T05:00:45.109+0000][160][gc,age      ] GC(18) - age   1:   12324176 bytes,   12324176 total
[2022-05-06T05:00:45.110+0000][160][gc,age      ] GC(18) - age   2:    8040168 bytes,   20364344 total
[2022-05-06T05:00:45.111+0000][160][gc,age      ] GC(18) - age   3:    1043448 bytes,   21407792 total
[2022-05-06T05:00:45.112+0000][160][gc,phases   ] GC(18)   Pre Evacuate Collection Set: 0.1ms
[2022-05-06T05:00:45.113+0000][160][gc,phases   ] GC(18)   Merge Heap Roots: 0.4ms
[2022-05-06T05:00:45.114+0000][160][gc,phases   ] GC(18)   Evacuate Collection Set: 11.5ms
[2022-05-06T05:00:45.115+0000][160][gc,phases   ] GC(18)   Post Evacuate Collection Set: 1.3ms
[2022-05-06T05:00:45.116+0000][160][gc,phases   ] GC(18)   Other: 8.6ms
[2022-05-06T05:00:45.117+0000][160][gc,heap     ] GC(18) Eden regions: 68->0(68)
[2022-05-06T05:00:45.118+0000][160][gc,heap     ] GC(18) Survivor regions: 8->6(10)
[2022-05-06T05:00:45.119+0000][160][gc,heap     ] GC(18) Old regions: 12->16
[2022-05-06T05:00:45.119+0000][160][gc,heap     ] GC(18) Archive regions: 2->2
[2022-05-06T05:00:45.120+0000][160][gc,heap     ] GC(18) Humongous regions: 6->6
[2022-05-06T05:00:45.120+0000][160][gc,metaspace] GC(18) Metaspace: 101703K(103296K)->101703K(103296K) NonClass: 87572K(88512K)->87572K(88512K) Class: 14131K(14784K)->14131K(14784K)
[2022-05-06T05:00:45.121+0000][160][gc          ] GC(18) Pause Young (Normal) (G1 Evacuation Pause) 373M->113M(512M) 30.891ms
[2022-05-06T05:00:45.122+0000][160][gc,cpu      ] GC(18) User=0.07s Sys=0.00s Real=0.03s
[2022-05-06T05:00:45.123+0000][160][safepoint   ] Safepoint "G1CollectForAllocation", Time since last: 74218583 ns, Reaching safepoint: 240000 ns, At safepoint: 32741792 ns, Total: 32981792 ns
[2022-05-06T05:00:45.399+0000][160][safepoint   ] Safepoint "ICBufferFull", Time since last: 275031166 ns, Reaching safepoint: 509625 ns, At safepoint: 81000 ns, Total: 590625 ns
[2022-05-06T05:00:45.540+0000][160][safepoint   ] Safepoint "ICBufferFull", Time since last: 140172292 ns, Reaching safepoint: 686542 ns, At safepoint: 59708 ns, Total: 746250 ns
[2022-05-06T05:00:46.037+0000][160][safepoint   ] Safepoint "ICBufferFull", Time since last: 497365042 ns, Reaching safepoint: 301625 ns, At safepoint: 32625 ns, Total: 334250 ns
[2022-05-06T05:00:46.334+0000][160][safepoint   ] Safepoint "ICBufferFull", Time since last: 296146959 ns, Reaching safepoint: 655041 ns, At safepoint: 101334 ns, Total: 756375 ns
[2022-05-06T05:00:46.617+0000][160][safepoint   ] Safepoint "ICBufferFull", Time since last: 281945625 ns, Reaching safepoint: 957750 ns, At safepoint: 10458 ns, Total: 968208 ns
[2022-05-06T05:00:46.621+0000][160][safepoint   ] Safepoint "ICBufferFull", Time since last: 3397167 ns, Reaching safepoint: 389750 ns, At safepoint: 37750 ns, Total: 427500 ns
[2022-05-06T05:00:46.897+0000][160][gc,start    ] GC(19) Pause Young (Normal) (G1 Evacuation Pause)
[2022-05-06T05:00:46.934+0000][160][gc,task     ] GC(19) Using 5 workers of 5 for evacuation
[2022-05-06T05:00:46.935+0000][160][gc,age      ] GC(19) Desired survivor size 20971520 bytes, new threshold 3 (max threshold 15)
[2022-05-06T05:00:46.943+0000][160][gc,age      ] GC(19) Age table with threshold 3 (max threshold 15)
[2022-05-06T05:00:46.944+0000][160][gc,age      ] GC(19) - age   1:   19333432 bytes,   19333432 total
[2022-05-06T05:00:46.945+0000][160][gc,age      ] GC(19) - age   2:    6952928 bytes,   26286360 total
[2022-05-06T05:00:46.966+0000][160][gc,age      ] GC(19) - age   3:    7959424 bytes,   34245784 total
[2022-05-06T05:00:46.968+0000][160][gc,phases   ] GC(19)   Pre Evacuate Collection Set: 0.3ms
[2022-05-06T05:00:46.969+0000][160][gc,phases   ] GC(19)   Merge Heap Roots: 0.1ms
[2022-05-06T05:00:46.970+0000][160][gc,phases   ] GC(19)   Evacuate Collection Set: 6.2ms
[2022-05-06T05:00:46.971+0000][160][gc,phases   ] GC(19)   Post Evacuate Collection Set: 0.9ms
[2022-05-06T05:00:46.972+0000][160][gc,phases   ] GC(19)   Other: 63.3ms
[2022-05-06T05:00:46.972+0000][160][gc,heap     ] GC(19) Eden regions: 68->0(63)
[2022-05-06T05:00:46.973+0000][160][gc,heap     ] GC(19) Survivor regions: 6->9(10)
[2022-05-06T05:00:46.973+0000][160][gc,heap     ] GC(19) Old regions: 16->17
[2022-05-06T05:00:46.974+0000][160][gc,heap     ] GC(19) Archive regions: 2->2
[2022-05-06T05:00:46.974+0000][160][gc,heap     ] GC(19) Humongous regions: 6->6
[2022-05-06T05:00:46.975+0000][160][gc,metaspace] GC(19) Metaspace: 102099K(103680K)->102099K(103680K) NonClass: 87926K(88832K)->87926K(88832K) Class: 14172K(14848K)->14172K(14848K)
[2022-05-06T05:00:46.976+0000][160][gc          ] GC(19) Pause Young (Normal) (G1 Evacuation Pause) 385M->127M(512M) 78.692ms
[2022-05-06T05:00:46.976+0000][160][gc,cpu      ] GC(19) User=0.02s Sys=0.01s Real=0.08s
[2022-05-06T05:00:46.977+0000][160][safepoint   ] Safepoint "G1CollectForAllocation", Time since last: 275592291 ns, Reaching safepoint: 419417 ns, At safepoint: 80391625 ns, Total: 80811042 ns
[2022-05-06T05:00:47.483+0000][160][safepoint   ] Safepoint "ICBufferFull", Time since last: 505381500 ns, Reaching safepoint: 391084 ns, At safepoint: 8791 ns, Total: 399875 ns
[2022-05-06T05:00:47.714+0000][160][safepoint   ] Safepoint "ICBufferFull", Time since last: 230378167 ns, Reaching safepoint: 526292 ns, At safepoint: 28250 ns, Total: 554542 ns
[2022-05-06T05:00:48.017+0000][160][safepoint   ] Safepoint "ICBufferFull", Time since last: 302702667 ns, Reaching safepoint: 366416 ns, At safepoint: 77292 ns, Total: 443708 ns
[2022-05-06T05:00:48.139+0000][160][safepoint   ] Safepoint "ICBufferFull", Time since last: 121433583 ns, Reaching safepoint: 158917 ns, At safepoint: 9792 ns, Total: 168709 ns
[2022-05-06T05:00:48.485+0000][160][gc,start    ] GC(20) Pause Young (Normal) (G1 Evacuation Pause)
[2022-05-06T05:00:48.485+0000][160][gc,task     ] GC(20) Using 5 workers of 5 for evacuation
[2022-05-06T05:00:48.486+0000][160][gc,age      ] GC(20) Desired survivor size 18874368 bytes, new threshold 1 (max threshold 15)
[2022-05-06T05:00:48.495+0000][160][gc,age      ] GC(20) Age table with threshold 1 (max threshold 15)
[2022-05-06T05:00:48.496+0000][160][gc,age      ] GC(20) - age   1:   18653776 bytes,   18653776 total
[2022-05-06T05:00:48.497+0000][160][gc,phases   ] GC(20)   Pre Evacuate Collection Set: 0.2ms
[2022-05-06T05:00:48.498+0000][160][gc,phases   ] GC(20)   Merge Heap Roots: 0.2ms
[2022-05-06T05:00:48.499+0000][160][gc,phases   ] GC(20)   Evacuate Collection Set: 6.6ms
[2022-05-06T05:00:48.500+0000][160][gc,phases   ] GC(20)   Post Evacuate Collection Set: 1.0ms
[2022-05-06T05:00:48.501+0000][160][gc,phases   ] GC(20)   Other: 4.3ms
[2022-05-06T05:00:48.502+0000][160][gc,heap     ] GC(20) Eden regions: 63->0(58)
[2022-05-06T05:00:48.502+0000][160][gc,heap     ] GC(20) Survivor regions: 9->6(9)
[2022-05-06T05:00:48.503+0000][160][gc,heap     ] GC(20) Old regions: 17->23
[2022-05-06T05:00:48.504+0000][160][gc,heap     ] GC(20) Archive regions: 2->2
[2022-05-06T05:00:48.504+0000][160][gc,heap     ] GC(20) Humongous regions: 7->7
[2022-05-06T05:00:48.505+0000][160][gc,metaspace] GC(20) Metaspace: 102704K(104320K)->102704K(104320K) NonClass: 88494K(89408K)->88494K(89408K) Class: 14210K(14912K)->14210K(14912K)
[2022-05-06T05:00:48.506+0000][160][gc          ] GC(20) Pause Young (Normal) (G1 Evacuation Pause) 383M->141M(512M) 21.066ms
[2022-05-06T05:00:48.506+0000][160][gc,cpu      ] GC(20) User=0.03s Sys=0.00s Real=0.02s
[2022-05-06T05:00:48.508+0000][160][safepoint   ] Safepoint "G1CollectForAllocation", Time since last: 345231125 ns, Reaching safepoint: 401667 ns, At safepoint: 23102708 ns, Total: 23504375 ns
[2022-05-06T05:00:48.862+0000][160][safepoint   ] Safepoint "ICBufferFull", Time since last: 354342333 ns, Reaching safepoint: 256125 ns, At safepoint: 25375 ns, Total: 281500 ns
[2022-05-06T05:00:49.864+0000][160][safepoint   ] Safepoint "Cleanup", Time since last: 1001554293 ns, Reaching safepoint: 381333 ns, At safepoint: 73042 ns, Total: 454375 ns
[2022-05-06T05:00:50.187+0000][160][gc,start    ] GC(21) Pause Young (Normal) (G1 Evacuation Pause)
[2022-05-06T05:00:50.189+0000][160][gc,task     ] GC(21) Using 5 workers of 5 for evacuation
[2022-05-06T05:00:50.189+0000][160][gc,age      ] GC(21) Desired survivor size 16777216 bytes, new threshold 1 (max threshold 15)
[2022-05-06T05:00:50.195+0000][160][gc,age      ] GC(21) Age table with threshold 1 (max threshold 15)
[2022-05-06T05:00:50.195+0000][160][gc,age      ] GC(21) - age   1:   14355784 bytes,   14355784 total
[2022-05-06T05:00:50.196+0000][160][gc,phases   ] GC(21)   Pre Evacuate Collection Set: 0.2ms
[2022-05-06T05:00:50.197+0000][160][gc,phases   ] GC(21)   Merge Heap Roots: 0.2ms
[2022-05-06T05:00:50.197+0000][160][gc,phases   ] GC(21)   Evacuate Collection Set: 3.5ms
[2022-05-06T05:00:50.198+0000][160][gc,phases   ] GC(21)   Post Evacuate Collection Set: 0.8ms
[2022-05-06T05:00:50.199+0000][160][gc,phases   ] GC(21)   Other: 4.2ms
[2022-05-06T05:00:50.200+0000][160][gc,heap     ] GC(21) Eden regions: 58->0(57)
[2022-05-06T05:00:50.200+0000][160][gc,heap     ] GC(21) Survivor regions: 6->4(8)
[2022-05-06T05:00:50.201+0000][160][gc,heap     ] GC(21) Old regions: 23->26
[2022-05-06T05:00:50.201+0000][160][gc,heap     ] GC(21) Archive regions: 2->2
[2022-05-06T05:00:50.202+0000][160][gc,heap     ] GC(21) Humongous regions: 7->7
[2022-05-06T05:00:50.203+0000][160][gc,metaspace] GC(21) Metaspace: 103050K(104640K)->103050K(104640K) NonClass: 88793K(89728K)->88793K(89728K) Class: 14256K(14912K)->14256K(14912K)
[2022-05-06T05:00:50.203+0000][160][gc          ] GC(21) Pause Young (Normal) (G1 Evacuation Pause) 373M->148M(512M) 16.081ms
[2022-05-06T05:00:50.204+0000][160][gc,cpu      ] GC(21) User=0.01s Sys=0.01s Real=0.02s
[2022-05-06T05:00:50.205+0000][160][safepoint   ] Safepoint "G1CollectForAllocation", Time since last: 322814750 ns, Reaching safepoint: 194916 ns, At safepoint: 17487334 ns, Total: 17682250 ns
[2022-05-06T05:00:51.206+0000][160][safepoint   ] Safepoint "Cleanup", Time since last: 1000952500 ns, Reaching safepoint: 76625 ns, At safepoint: 2792 ns, Total: 79417 ns
[2022-05-06T05:00:51.487+0000][160][safepoint   ] Safepoint "ICBufferFull", Time since last: 280934958 ns, Reaching safepoint: 232542 ns, At safepoint: 8250 ns, Total: 240792 ns
[2022-05-06T05:00:52.068+0000][160][gc,start    ] GC(22) Pause Young (Normal) (G1 Evacuation Pause)
[2022-05-06T05:00:52.069+0000][160][gc,task     ] GC(22) Using 5 workers of 5 for evacuation
[2022-05-06T05:00:52.070+0000][160][gc,age      ] GC(22) Desired survivor size 16777216 bytes, new threshold 15 (max threshold 15)
[2022-05-06T05:00:52.075+0000][160][gc,age      ] GC(22) Age table with threshold 15 (max threshold 15)
[2022-05-06T05:00:52.076+0000][160][gc,age      ] GC(22) - age   1:   20465976 bytes,   20465976 total
[2022-05-06T05:00:52.077+0000][160][gc,age      ] GC(22) - age   2:    5028664 bytes,   25494640 total
[2022-05-06T05:00:52.078+0000][160][gc,phases   ] GC(22)   Pre Evacuate Collection Set: 0.6ms
[2022-05-06T05:00:52.079+0000][160][gc,phases   ] GC(22)   Merge Heap Roots: 0.0ms
[2022-05-06T05:00:52.079+0000][160][gc,phases   ] GC(22)   Evacuate Collection Set: 3.0ms
[2022-05-06T05:00:52.080+0000][160][gc,phases   ] GC(22)   Post Evacuate Collection Set: 0.8ms
[2022-05-06T05:00:52.081+0000][160][gc,phases   ] GC(22)   Other: 5.5ms
[2022-05-06T05:00:52.083+0000][160][gc,heap     ] GC(22) Eden regions: 57->0(52)
[2022-05-06T05:00:52.083+0000][160][gc,heap     ] GC(22) Survivor regions: 4->7(8)
[2022-05-06T05:00:52.084+0000][160][gc,heap     ] GC(22) Old regions: 26->26
[2022-05-06T05:00:52.085+0000][160][gc,heap     ] GC(22) Archive regions: 2->2
[2022-05-06T05:00:52.087+0000][160][gc,heap     ] GC(22) Humongous regions: 9->8
[2022-05-06T05:00:52.088+0000][160][gc,metaspace] GC(22) Metaspace: 103878K(105472K)->103878K(105472K) NonClass: 89511K(90432K)->89511K(90432K) Class: 14366K(15040K)->14366K(15040K)
[2022-05-06T05:00:52.088+0000][160][gc          ] GC(22) Pause Young (Normal) (G1 Evacuation Pause) 384M->161M(512M) 20.697ms
[2022-05-06T05:00:52.089+0000][160][gc,cpu      ] GC(22) User=0.01s Sys=0.00s Real=0.02s
[2022-05-06T05:00:52.090+0000][160][safepoint   ] Safepoint "G1CollectForAllocation", Time since last: 580560084 ns, Reaching safepoint: 202916 ns, At safepoint: 22432459 ns, Total: 22635375 ns
[2022-05-06T05:00:52.896+0000][160][safepoint   ] Safepoint "ICBufferFull", Time since last: 806033583 ns, Reaching safepoint: 189875 ns, At safepoint: 18209 ns, Total: 208084 ns
[2022-05-06T05:00:52.938+0000][160][gc,start    ] GC(23) Pause Young (Normal) (G1 Evacuation Pause)
[2022-05-06T05:00:52.940+0000][160][gc,task     ] GC(23) Using 5 workers of 5 for evacuation
[2022-05-06T05:00:52.941+0000][160][gc,age      ] GC(23) Desired survivor size 16777216 bytes, new threshold 1 (max threshold 15)
[2022-05-06T05:00:52.945+0000][160][gc,age      ] GC(23) Age table with threshold 1 (max threshold 15)
[2022-05-06T05:00:52.946+0000][160][gc,age      ] GC(23) - age   1:   14589344 bytes,   14589344 total
[2022-05-06T05:00:52.947+0000][160][gc,phases   ] GC(23)   Pre Evacuate Collection Set: 0.1ms
[2022-05-06T05:00:52.948+0000][160][gc,phases   ] GC(23)   Merge Heap Roots: 0.2ms
[2022-05-06T05:00:52.949+0000][160][gc,phases   ] GC(23)   Evacuate Collection Set: 2.8ms
[2022-05-06T05:00:52.950+0000][160][gc,phases   ] GC(23)   Post Evacuate Collection Set: 0.7ms
[2022-05-06T05:00:52.950+0000][160][gc,phases   ] GC(23)   Other: 5.0ms
[2022-05-06T05:00:52.951+0000][160][gc,heap     ] GC(23) Eden regions: 52->0(52)
[2022-05-06T05:00:52.951+0000][160][gc,heap     ] GC(23) Survivor regions: 7->4(8)
[2022-05-06T05:00:52.952+0000][160][gc,heap     ] GC(23) Old regions: 26->27
[2022-05-06T05:00:52.953+0000][160][gc,heap     ] GC(23) Archive regions: 2->2
[2022-05-06T05:00:52.953+0000][160][gc,heap     ] GC(23) Humongous regions: 8->8
[2022-05-06T05:00:52.954+0000][160][gc,metaspace] GC(23) Metaspace: 104287K(105856K)->104287K(105856K) NonClass: 89859K(90752K)->89859K(90752K) Class: 14428K(15104K)->14428K(15104K)
[2022-05-06T05:00:52.954+0000][160][gc          ] GC(23) Pause Young (Normal) (G1 Evacuation Pause) 369M->157M(512M) 15.831ms
[2022-05-06T05:00:52.956+0000][160][gc,cpu      ] GC(23) User=0.01s Sys=0.00s Real=0.02s
[2022-05-06T05:00:52.957+0000][160][safepoint   ] Safepoint "G1CollectForAllocation", Time since last: 41823541 ns, Reaching safepoint: 254459 ns, At safepoint: 18654375 ns, Total: 18908834 ns
[2022-05-06T05:00:53.959+0000][160][safepoint   ] Safepoint "Cleanup", Time since last: 1002095334 ns, Reaching safepoint: 265541 ns, At safepoint: 10834 ns, Total: 276375 ns
[2022-05-06T05:00:55.961+0000][160][safepoint   ] Safepoint "Cleanup", Time since last: 2001358209 ns, Reaching safepoint: 100875 ns, At safepoint: 3833 ns, Total: 104708 ns
[2022-05-06T05:00:56.626+0000][160][gc,start    ] GC(24) Pause Young (Normal) (G1 Evacuation Pause)
[2022-05-06T05:00:56.627+0000][160][gc,task     ] GC(24) Using 5 workers of 5 for evacuation
[2022-05-06T05:00:56.627+0000][160][gc,age      ] GC(24) Desired survivor size 14680064 bytes, new threshold 15 (max threshold 15)
[2022-05-06T05:00:56.631+0000][160][gc,age      ] GC(24) Age table with threshold 15 (max threshold 15)
[2022-05-06T05:00:56.632+0000][160][gc,age      ] GC(24) - age   1:    4987720 bytes,    4987720 total
[2022-05-06T05:00:56.633+0000][160][gc,age      ] GC(24) - age   2:   13601992 bytes,   18589712 total
[2022-05-06T05:00:56.634+0000][160][gc,phases   ] GC(24)   Pre Evacuate Collection Set: 0.2ms
[2022-05-06T05:00:56.635+0000][160][gc,phases   ] GC(24)   Merge Heap Roots: 0.1ms
[2022-05-06T05:00:56.636+0000][160][gc,phases   ] GC(24)   Evacuate Collection Set: 1.8ms
[2022-05-06T05:00:56.637+0000][160][gc,phases   ] GC(24)   Post Evacuate Collection Set: 0.8ms
[2022-05-06T05:00:56.638+0000][160][gc,phases   ] GC(24)   Other: 5.2ms
[2022-05-06T05:00:56.638+0000][160][gc,heap     ] GC(24) Eden regions: 52->0(52)
[2022-05-06T05:00:56.639+0000][160][gc,heap     ] GC(24) Survivor regions: 4->6(7)
[2022-05-06T05:00:56.639+0000][160][gc,heap     ] GC(24) Old regions: 27->27
[2022-05-06T05:00:56.640+0000][160][gc,heap     ] GC(24) Archive regions: 2->2
[2022-05-06T05:00:56.641+0000][160][gc,heap     ] GC(24) Humongous regions: 8->8
[2022-05-06T05:00:56.641+0000][160][gc,metaspace] GC(24) Metaspace: 104638K(106176K)->104638K(106176K) NonClass: 90182K(91072K)->90182K(91072K) Class: 14455K(15104K)->14455K(15104K)
[2022-05-06T05:00:56.642+0000][160][gc          ] GC(24) Pause Young (Normal) (G1 Evacuation Pause) 365M->163M(512M) 16.132ms
[2022-05-06T05:00:56.643+0000][160][gc,cpu      ] GC(24) User=0.00s Sys=0.01s Real=0.02s
[2022-05-06T05:00:56.643+0000][160][safepoint   ] Safepoint "G1CollectForAllocation", Time since last: 664818500 ns, Reaching safepoint: 159542 ns, At safepoint: 17568208 ns, Total: 17727750 ns
[2022-05-06T05:00:57.233+0000][160][safepoint   ] Safepoint "ICBufferFull", Time since last: 588974459 ns, Reaching safepoint: 129333 ns, At safepoint: 50667 ns, Total: 180000 ns
[2022-05-06T05:00:57.564+0000][160][gc,start    ] GC(25) Pause Young (Normal) (G1 Evacuation Pause)
[2022-05-06T05:00:57.566+0000][160][gc,task     ] GC(25) Using 5 workers of 5 for evacuation
[2022-05-06T05:00:57.566+0000][160][gc,age      ] GC(25) Desired survivor size 16777216 bytes, new threshold 2 (max threshold 15)
[2022-05-06T05:00:57.571+0000][160][gc,age      ] GC(25) Age table with threshold 2 (max threshold 15)
[2022-05-06T05:00:57.572+0000][160][gc,age      ] GC(25) - age   1:   15784896 bytes,   15784896 total
[2022-05-06T05:00:57.573+0000][160][gc,age      ] GC(25) - age   2:    2672272 bytes,   18457168 total
[2022-05-06T05:00:57.574+0000][160][gc,phases   ] GC(25)   Pre Evacuate Collection Set: 0.1ms
[2022-05-06T05:00:57.574+0000][160][gc,phases   ] GC(25)   Merge Heap Roots: 0.1ms
[2022-05-06T05:00:57.575+0000][160][gc,phases   ] GC(25)   Evacuate Collection Set: 2.9ms
[2022-05-06T05:00:57.576+0000][160][gc,phases   ] GC(25)   Post Evacuate Collection Set: 0.9ms
[2022-05-06T05:00:57.577+0000][160][gc,phases   ] GC(25)   Other: 5.2ms
[2022-05-06T05:00:57.577+0000][160][gc,heap     ] GC(25) Eden regions: 52->0(51)
[2022-05-06T05:00:57.578+0000][160][gc,heap     ] GC(25) Survivor regions: 6->5(8)
[2022-05-06T05:00:57.579+0000][160][gc,heap     ] GC(25) Old regions: 27->30
[2022-05-06T05:00:57.579+0000][160][gc,heap     ] GC(25) Archive regions: 2->2
[2022-05-06T05:00:57.580+0000][160][gc,heap     ] GC(25) Humongous regions: 8->8
[2022-05-06T05:00:57.581+0000][160][gc,metaspace] GC(25) Metaspace: 104796K(106368K)->104796K(106368K) NonClass: 90340K(91264K)->90340K(91264K) Class: 14455K(15104K)->14455K(15104K)
[2022-05-06T05:00:57.581+0000][160][gc          ] GC(25) Pause Young (Normal) (G1 Evacuation Pause) 371M->173M(512M) 16.861ms
[2022-05-06T05:00:57.582+0000][160][gc,cpu      ] GC(25) User=0.01s Sys=0.01s Real=0.02s
[2022-05-06T05:00:57.583+0000][160][safepoint   ] Safepoint "G1CollectForAllocation", Time since last: 331324250 ns, Reaching safepoint: 448500 ns, At safepoint: 18538625 ns, Total: 18987125 ns
[2022-05-06T05:00:58.445+0000][160][safepoint   ] Safepoint "ICBufferFull", Time since last: 861305251 ns, Reaching safepoint: 288416 ns, At safepoint: 73209 ns, Total: 361625 ns
[2022-05-06T05:00:58.537+0000][160][gc,start    ] GC(26) Pause Young (Concurrent Start) (G1 Evacuation Pause)
[2022-05-06T05:00:58.539+0000][160][gc,task     ] GC(26) Using 5 workers of 5 for evacuation
[2022-05-06T05:00:58.540+0000][160][gc,age      ] GC(26) Desired survivor size 14680064 bytes, new threshold 1 (max threshold 15)
[2022-05-06T05:00:58.546+0000][160][gc,age      ] GC(26) Age table with threshold 1 (max threshold 15)
[2022-05-06T05:00:58.547+0000][160][gc,age      ] GC(26) - age   1:   11060856 bytes,   11060856 total
[2022-05-06T05:00:58.549+0000][160][gc,phases   ] GC(26)   Pre Evacuate Collection Set: 0.5ms
[2022-05-06T05:00:58.550+0000][160][gc,phases   ] GC(26)   Merge Heap Roots: 0.1ms
[2022-05-06T05:00:58.551+0000][160][gc,phases   ] GC(26)   Evacuate Collection Set: 2.6ms
[2022-05-06T05:00:58.551+0000][160][gc,phases   ] GC(26)   Post Evacuate Collection Set: 0.8ms
[2022-05-06T05:00:58.552+0000][160][gc,phases   ] GC(26)   Other: 8.1ms
[2022-05-06T05:00:58.553+0000][160][gc,heap     ] GC(26) Eden regions: 51->0(50)
[2022-05-06T05:00:58.553+0000][160][gc,heap     ] GC(26) Survivor regions: 5->3(7)
[2022-05-06T05:00:58.554+0000][160][gc,heap     ] GC(26) Old regions: 30->34
[2022-05-06T05:00:58.554+0000][160][gc,heap     ] GC(26) Archive regions: 2->2
[2022-05-06T05:00:58.555+0000][160][gc,heap     ] GC(26) Humongous regions: 8->8
[2022-05-06T05:00:58.555+0000][160][gc,metaspace] GC(26) Metaspace: 104863K(106368K)->104863K(106368K) NonClass: 90407K(91264K)->90407K(91264K) Class: 14455K(15104K)->14455K(15104K)
[2022-05-06T05:00:58.556+0000][160][gc          ] GC(26) Pause Young (Concurrent Start) (G1 Evacuation Pause) 377M->181M(512M) 19.288ms
[2022-05-06T05:00:58.557+0000][160][gc,cpu      ] GC(26) User=0.01s Sys=0.00s Real=0.02s
[2022-05-06T05:00:58.558+0000][160][safepoint   ] Safepoint "G1CollectForAllocation", Time since last: 92337375 ns, Reaching safepoint: 135291 ns, At safepoint: 20968000 ns, Total: 21103291 ns
[2022-05-06T05:00:58.558+0000][160][gc          ] GC(27) Concurrent Mark Cycle
[2022-05-06T05:00:58.559+0000][160][gc,marking  ] GC(27) Concurrent Clear Claimed Marks
[2022-05-06T05:00:58.560+0000][160][gc,marking  ] GC(27) Concurrent Clear Claimed Marks 0.673ms
[2022-05-06T05:00:58.561+0000][160][gc,marking  ] GC(27) Concurrent Scan Root Regions
[2022-05-06T05:00:58.563+0000][160][gc,marking  ] GC(27) Concurrent Scan Root Regions 2.755ms
[2022-05-06T05:00:58.564+0000][160][gc,marking  ] GC(27) Concurrent Mark
[2022-05-06T05:00:58.565+0000][160][gc,marking  ] GC(27) Concurrent Mark From Roots
[2022-05-06T05:00:58.566+0000][160][gc,task     ] GC(27) Using 1 workers of 1 for marking
[2022-05-06T05:00:58.636+0000][160][gc,marking  ] GC(27) Concurrent Mark From Roots 71.089ms
[2022-05-06T05:00:58.640+0000][160][gc,marking  ] GC(27) Concurrent Preclean
[2022-05-06T05:00:58.641+0000][160][gc,marking  ] GC(27) Concurrent Preclean 1.558ms
[2022-05-06T05:00:58.642+0000][160][gc,start    ] GC(27) Pause Remark
[2022-05-06T05:00:58.652+0000][160][gc          ] GC(27) Pause Remark 195M->179M(512M) 9.688ms
[2022-05-06T05:00:58.653+0000][160][gc,cpu      ] GC(27) User=0.03s Sys=0.00s Real=0.01s
[2022-05-06T05:00:58.654+0000][160][safepoint   ] Safepoint "G1Concurrent", Time since last: 84302375 ns, Reaching safepoint: 65542 ns, At safepoint: 11677042 ns, Total: 11742584 ns
[2022-05-06T05:00:58.655+0000][160][gc,marking  ] GC(27) Concurrent Mark 90.899ms
[2022-05-06T05:00:58.656+0000][160][gc,marking  ] GC(27) Concurrent Rebuild Remembered Sets
[2022-05-06T05:00:58.705+0000][160][gc,marking  ] GC(27) Concurrent Rebuild Remembered Sets 49.248ms
[2022-05-06T05:00:58.710+0000][160][gc,start    ] GC(27) Pause Cleanup
[2022-05-06T05:00:58.711+0000][160][gc          ] GC(27) Pause Cleanup 186M->186M(512M) 0.819ms
[2022-05-06T05:00:58.712+0000][160][gc,cpu      ] GC(27) User=0.00s Sys=0.00s Real=0.00s
[2022-05-06T05:00:58.712+0000][160][safepoint   ] Safepoint "G1Concurrent", Time since last: 53105958 ns, Reaching safepoint: 3247000 ns, At safepoint: 1943292 ns, Total: 5190292 ns
[2022-05-06T05:00:58.713+0000][160][gc,marking  ] GC(27) Concurrent Cleanup for Next Mark
[2022-05-06T05:00:58.715+0000][160][gc,marking  ] GC(27) Concurrent Cleanup for Next Mark 1.561ms
[2022-05-06T05:00:58.715+0000][160][gc          ] GC(27) Concurrent Mark Cycle 157.322ms
[2022-05-06T05:00:59.409+0000][160][safepoint   ] Safepoint "ICBufferFull", Time since last: 696289375 ns, Reaching safepoint: 257542 ns, At safepoint: 15541 ns, Total: 273083 ns
[2022-05-06T05:00:59.766+0000][160][gc,start    ] GC(28) Pause Young (Prepare Mixed) (G1 Evacuation Pause)
[2022-05-06T05:00:59.768+0000][160][gc,task     ] GC(28) Using 5 workers of 5 for evacuation
[2022-05-06T05:00:59.769+0000][160][gc,age      ] GC(28) Desired survivor size 14680064 bytes, new threshold 15 (max threshold 15)
[2022-05-06T05:00:59.774+0000][160][gc,age      ] GC(28) Age table with threshold 15 (max threshold 15)
[2022-05-06T05:00:59.775+0000][160][gc,age      ] GC(28) - age   1:   15798736 bytes,   15798736 total
[2022-05-06T05:00:59.776+0000][160][gc,age      ] GC(28) - age   2:    4801032 bytes,   20599768 total
[2022-05-06T05:00:59.776+0000][160][gc,phases   ] GC(28)   Pre Evacuate Collection Set: 0.4ms
[2022-05-06T05:00:59.777+0000][160][gc,phases   ] GC(28)   Merge Heap Roots: 0.1ms
[2022-05-06T05:00:59.778+0000][160][gc,phases   ] GC(28)   Evacuate Collection Set: 2.2ms
[2022-05-06T05:00:59.778+0000][160][gc,phases   ] GC(28)   Post Evacuate Collection Set: 1.0ms
[2022-05-06T05:00:59.779+0000][160][gc,phases   ] GC(28)   Other: 6.7ms
[2022-05-06T05:00:59.779+0000][160][gc,heap     ] GC(28) Eden regions: 50->0(1)
[2022-05-06T05:00:59.780+0000][160][gc,heap     ] GC(28) Survivor regions: 3->5(7)
[2022-05-06T05:00:59.781+0000][160][gc,heap     ] GC(28) Old regions: 32->32
[2022-05-06T05:00:59.781+0000][160][gc,heap     ] GC(28) Archive regions: 2->2
[2022-05-06T05:00:59.782+0000][160][gc,heap     ] GC(28) Humongous regions: 7->7
[2022-05-06T05:00:59.782+0000][160][gc,metaspace] GC(28) Metaspace: 104947K(106496K)->104947K(106496K) NonClass: 90495K(91392K)->90495K(91392K) Class: 14452K(15104K)->14452K(15104K)
[2022-05-06T05:00:59.783+0000][160][gc          ] GC(28) Pause Young (Prepare Mixed) (G1 Evacuation Pause) 369M->178M(512M) 17.017ms
[2022-05-06T05:00:59.784+0000][160][gc,cpu      ] GC(28) User=0.01s Sys=0.00s Real=0.02s
[2022-05-06T05:00:59.784+0000][160][safepoint   ] Safepoint "G1CollectForAllocation", Time since last: 356874459 ns, Reaching safepoint: 75250 ns, At safepoint: 18249292 ns, Total: 18324542 ns
[2022-05-06T05:00:59.855+0000][160][gc,start    ] GC(29) Pause Young (Mixed) (G1 Evacuation Pause)
[2022-05-06T05:00:59.856+0000][160][gc,task     ] GC(29) Using 5 workers of 5 for evacuation
[2022-05-06T05:00:59.856+0000][160][gc,age      ] GC(29) Desired survivor size 2097152 bytes, new threshold 1 (max threshold 15)
[2022-05-06T05:00:59.859+0000][160][gc,age      ] GC(29) Age table with threshold 1 (max threshold 15)
[2022-05-06T05:00:59.860+0000][160][gc,age      ] GC(29) - age   1:    1494088 bytes,    1494088 total
[2022-05-06T05:00:59.861+0000][160][gc,phases   ] GC(29)   Pre Evacuate Collection Set: 0.1ms
[2022-05-06T05:00:59.862+0000][160][gc,phases   ] GC(29)   Merge Heap Roots: 0.1ms
[2022-05-06T05:00:59.863+0000][160][gc,phases   ] GC(29)   Evacuate Collection Set: 1.6ms
[2022-05-06T05:00:59.863+0000][160][gc,phases   ] GC(29)   Post Evacuate Collection Set: 0.6ms
[2022-05-06T05:00:59.864+0000][160][gc,phases   ] GC(29)   Other: 4.0ms
[2022-05-06T05:00:59.864+0000][160][gc,heap     ] GC(29) Eden regions: 1->0(51)
[2022-05-06T05:00:59.865+0000][160][gc,heap     ] GC(29) Survivor regions: 5->1(1)
[2022-05-06T05:00:59.866+0000][160][gc,heap     ] GC(29) Old regions: 32->34
[2022-05-06T05:00:59.866+0000][160][gc,heap     ] GC(29) Archive regions: 2->2
[2022-05-06T05:00:59.867+0000][160][gc,heap     ] GC(29) Humongous regions: 7->7
[2022-05-06T05:00:59.867+0000][160][gc,metaspace] GC(29) Metaspace: 104950K(106496K)->104950K(106496K) NonClass: 90497K(91392K)->90497K(91392K) Class: 14452K(15104K)->14452K(15104K)
[2022-05-06T05:00:59.868+0000][160][gc          ] GC(29) Pause Young (Mixed) (G1 Evacuation Pause) 182M->167M(512M) 13.266ms
[2022-05-06T05:00:59.869+0000][160][gc,cpu      ] GC(29) User=0.01s Sys=0.00s Real=0.01s
[2022-05-06T05:00:59.869+0000][160][safepoint   ] Safepoint "G1CollectForAllocation", Time since last: 70372625 ns, Reaching safepoint: 105708 ns, At safepoint: 14624208 ns, Total: 14729916 ns
[2022-05-06T05:01:00.831+0000][160][gc,start    ] GC(30) Pause Young (Concurrent Start) (G1 Evacuation Pause)
[2022-05-06T05:01:00.832+0000][160][gc,task     ] GC(30) Using 5 workers of 5 for evacuation
[2022-05-06T05:01:00.833+0000][160][gc,age      ] GC(30) Desired survivor size 14680064 bytes, new threshold 15 (max threshold 15)
[2022-05-06T05:01:00.836+0000][160][gc,age      ] GC(30) Age table with threshold 15 (max threshold 15)
[2022-05-06T05:01:00.837+0000][160][gc,age      ] GC(30) - age   1:   11764344 bytes,   11764344 total
[2022-05-06T05:01:00.838+0000][160][gc,age      ] GC(30) - age   2:     153872 bytes,   11918216 total
[2022-05-06T05:01:00.839+0000][160][gc,phases   ] GC(30)   Pre Evacuate Collection Set: 0.3ms
[2022-05-06T05:01:00.839+0000][160][gc,phases   ] GC(30)   Merge Heap Roots: 0.1ms
[2022-05-06T05:01:00.839+0000][160][gc,phases   ] GC(30)   Evacuate Collection Set: 1.5ms
[2022-05-06T05:01:00.840+0000][160][gc,phases   ] GC(30)   Post Evacuate Collection Set: 0.8ms
[2022-05-06T05:01:00.841+0000][160][gc,phases   ] GC(30)   Other: 4.9ms
[2022-05-06T05:01:00.842+0000][160][gc,heap     ] GC(30) Eden regions: 51->0(50)
[2022-05-06T05:01:00.843+0000][160][gc,heap     ] GC(30) Survivor regions: 1->3(7)
[2022-05-06T05:01:00.843+0000][160][gc,heap     ] GC(30) Old regions: 34->34
[2022-05-06T05:01:00.844+0000][160][gc,heap     ] GC(30) Archive regions: 2->2
[2022-05-06T05:01:00.845+0000][160][gc,heap     ] GC(30) Humongous regions: 7->7
[2022-05-06T05:01:00.845+0000][160][gc,metaspace] GC(30) Metaspace: 104973K(106560K)->104973K(106560K) NonClass: 90520K(91456K)->90520K(91456K) Class: 14452K(15104K)->14452K(15104K)
[2022-05-06T05:01:00.846+0000][160][gc          ] GC(30) Pause Young (Concurrent Start) (G1 Evacuation Pause) 371M->177M(512M) 14.795ms
[2022-05-06T05:01:00.846+0000][160][gc,cpu      ] GC(30) User=0.01s Sys=0.00s Real=0.02s
[2022-05-06T05:01:00.847+0000][160][safepoint   ] Safepoint "G1CollectForAllocation", Time since last: 961547209 ns, Reaching safepoint: 141958 ns, At safepoint: 16144250 ns, Total: 16286208 ns
[2022-05-06T05:01:00.847+0000][160][gc          ] GC(31) Concurrent Mark Cycle
[2022-05-06T05:01:00.849+0000][160][gc,marking  ] GC(31) Concurrent Clear Claimed Marks
[2022-05-06T05:01:00.849+0000][160][gc,marking  ] GC(31) Concurrent Clear Claimed Marks 0.819ms
[2022-05-06T05:01:00.850+0000][160][gc,marking  ] GC(31) Concurrent Scan Root Regions
[2022-05-06T05:01:00.853+0000][160][gc,marking  ] GC(31) Concurrent Scan Root Regions 2.310ms
[2022-05-06T05:01:00.854+0000][160][gc,marking  ] GC(31) Concurrent Mark
[2022-05-06T05:01:00.855+0000][160][gc,marking  ] GC(31) Concurrent Mark From Roots
[2022-05-06T05:01:00.856+0000][160][gc,task     ] GC(31) Using 1 workers of 1 for marking
[2022-05-06T05:01:00.928+0000][160][gc,marking  ] GC(31) Concurrent Mark From Roots 72.392ms
[2022-05-06T05:01:00.929+0000][160][gc,marking  ] GC(31) Concurrent Preclean
[2022-05-06T05:01:00.930+0000][160][gc,marking  ] GC(31) Concurrent Preclean 1.657ms
[2022-05-06T05:01:00.932+0000][160][gc,start    ] GC(31) Pause Remark
[2022-05-06T05:01:00.937+0000][160][gc          ] GC(31) Pause Remark 203M->203M(512M) 4.904ms
[2022-05-06T05:01:00.938+0000][160][gc,cpu      ] GC(31) User=0.02s Sys=0.00s Real=0.01s
[2022-05-06T05:01:00.939+0000][160][safepoint   ] Safepoint "G1Concurrent", Time since last: 84440084 ns, Reaching safepoint: 252542 ns, At safepoint: 6773416 ns, Total: 7025958 ns
[2022-05-06T05:01:00.939+0000][160][gc,marking  ] GC(31) Concurrent Mark 85.617ms
[2022-05-06T05:01:00.940+0000][160][gc,marking  ] GC(31) Concurrent Rebuild Remembered Sets
[2022-05-06T05:01:00.984+0000][160][gc,marking  ] GC(31) Concurrent Rebuild Remembered Sets 44.359ms
[2022-05-06T05:01:00.987+0000][160][gc,start    ] GC(31) Pause Cleanup
[2022-05-06T05:01:00.988+0000][160][gc          ] GC(31) Pause Cleanup 220M->220M(512M) 1.471ms
[2022-05-06T05:01:00.989+0000][160][gc,cpu      ] GC(31) User=0.00s Sys=0.00s Real=0.00s
[2022-05-06T05:01:00.990+0000][160][safepoint   ] Safepoint "G1Concurrent", Time since last: 47607500 ns, Reaching safepoint: 546417 ns, At safepoint: 3172292 ns, Total: 3718709 ns
[2022-05-06T05:01:00.991+0000][160][gc,marking  ] GC(31) Concurrent Cleanup for Next Mark
[2022-05-06T05:01:00.992+0000][160][gc,marking  ] GC(31) Concurrent Cleanup for Next Mark 1.733ms
[2022-05-06T05:01:00.993+0000][160][gc          ] GC(31) Concurrent Mark Cycle 146.339ms
[2022-05-06T05:01:01.474+0000][160][gc,start    ] GC(32) Pause Young (Prepare Mixed) (G1 Evacuation Pause)
[2022-05-06T05:01:01.474+0000][160][gc,task     ] GC(32) Using 5 workers of 5 for evacuation
[2022-05-06T05:01:01.475+0000][160][gc,age      ] GC(32) Desired survivor size 14680064 bytes, new threshold 15 (max threshold 15)
[2022-05-06T05:01:01.478+0000][160][gc,age      ] GC(32) Age table with threshold 15 (max threshold 15)
[2022-05-06T05:01:01.479+0000][160][gc,age      ] GC(32) - age   1:    7933232 bytes,    7933232 total
[2022-05-06T05:01:01.480+0000][160][gc,age      ] GC(32) - age   2:    9012400 bytes,   16945632 total
[2022-05-06T05:01:01.480+0000][160][gc,age      ] GC(32) - age   3:     153872 bytes,   17099504 total
[2022-05-06T05:01:01.481+0000][160][gc,phases   ] GC(32)   Pre Evacuate Collection Set: 0.1ms
[2022-05-06T05:01:01.481+0000][160][gc,phases   ] GC(32)   Merge Heap Roots: 0.0ms
[2022-05-06T05:01:01.482+0000][160][gc,phases   ] GC(32)   Evacuate Collection Set: 1.5ms
[2022-05-06T05:01:01.483+0000][160][gc,phases   ] GC(32)   Post Evacuate Collection Set: 0.9ms
[2022-05-06T05:01:01.483+0000][160][gc,phases   ] GC(32)   Other: 4.5ms
[2022-05-06T05:01:01.484+0000][160][gc,heap     ] GC(32) Eden regions: 50->0(1)
[2022-05-06T05:01:01.484+0000][160][gc,heap     ] GC(32) Survivor regions: 3->5(7)
[2022-05-06T05:01:01.485+0000][160][gc,heap     ] GC(32) Old regions: 34->34
[2022-05-06T05:01:01.486+0000][160][gc,heap     ] GC(32) Archive regions: 2->2
[2022-05-06T05:01:01.486+0000][160][gc,heap     ] GC(32) Humongous regions: 7->7
[2022-05-06T05:01:01.487+0000][160][gc,metaspace] GC(32) Metaspace: 104980K(106560K)->104980K(106560K) NonClass: 90527K(91456K)->90527K(91456K) Class: 14452K(15104K)->14452K(15104K)
[2022-05-06T05:01:01.488+0000][160][gc          ] GC(32) Pause Young (Prepare Mixed) (G1 Evacuation Pause) 377M->183M(512M) 14.040ms
[2022-05-06T05:01:01.488+0000][160][gc,cpu      ] GC(32) User=0.02s Sys=0.00s Real=0.01s
[2022-05-06T05:01:01.489+0000][160][safepoint   ] Safepoint "G1CollectForAllocation", Time since last: 483539000 ns, Reaching safepoint: 55958 ns, At safepoint: 15338083 ns, Total: 15394041 ns
[2022-05-06T05:01:01.507+0000][160][gc,start    ] GC(33) Pause Young (Mixed) (G1 Evacuation Pause)
[2022-05-06T05:01:01.508+0000][160][gc,task     ] GC(33) Using 5 workers of 5 for evacuation
[2022-05-06T05:01:01.508+0000][160][gc,age      ] GC(33) Desired survivor size 2097152 bytes, new threshold 1 (max threshold 15)
[2022-05-06T05:01:01.513+0000][160][gc,age      ] GC(33) Age table with threshold 1 (max threshold 15)
[2022-05-06T05:01:01.513+0000][160][gc,age      ] GC(33) - age   1:     106424 bytes,     106424 total
[2022-05-06T05:01:01.514+0000][160][gc,phases   ] GC(33)   Pre Evacuate Collection Set: 0.3ms
[2022-05-06T05:01:01.515+0000][160][gc,phases   ] GC(33)   Merge Heap Roots: 0.2ms
[2022-05-06T05:01:01.516+0000][160][gc,phases   ] GC(33)   Evacuate Collection Set: 2.2ms
[2022-05-06T05:01:01.516+0000][160][gc,phases   ] GC(33)   Post Evacuate Collection Set: 0.7ms
[2022-05-06T05:01:01.516+0000][160][gc,phases   ] GC(33)   Other: 4.0ms
[2022-05-06T05:01:01.517+0000][160][gc,heap     ] GC(33) Eden regions: 1->0(51)
[2022-05-06T05:01:01.518+0000][160][gc,heap     ] GC(33) Survivor regions: 5->1(1)
[2022-05-06T05:01:01.519+0000][160][gc,heap     ] GC(33) Old regions: 34->36
[2022-05-06T05:01:01.519+0000][160][gc,heap     ] GC(33) Archive regions: 2->2
[2022-05-06T05:01:01.520+0000][160][gc,heap     ] GC(33) Humongous regions: 7->7
[2022-05-06T05:01:01.520+0000][160][gc,metaspace] GC(33) Metaspace: 104980K(106560K)->104980K(106560K) NonClass: 90527K(91456K)->90527K(91456K) Class: 14452K(15104K)->14452K(15104K)
[2022-05-06T05:01:01.521+0000][160][gc          ] GC(33) Pause Young (Mixed) (G1 Evacuation Pause) 187M->172M(512M) 14.223ms
[2022-05-06T05:01:01.522+0000][160][gc,cpu      ] GC(33) User=0.01s Sys=0.00s Real=0.01s
[2022-05-06T05:01:01.523+0000][160][safepoint   ] Safepoint "G1CollectForAllocation", Time since last: 17850375 ns, Reaching safepoint: 151292 ns, At safepoint: 16571625 ns, Total: 16722917 ns
[2022-05-06T05:01:01.775+0000][160][gc,start    ] GC(34) Pause Young (Concurrent Start) (G1 Humongous Allocation)
[2022-05-06T05:01:01.776+0000][160][gc,task     ] GC(34) Using 5 workers of 5 for evacuation
[2022-05-06T05:01:01.777+0000][160][gc,age      ] GC(34) Desired survivor size 14680064 bytes, new threshold 15 (max threshold 15)
[2022-05-06T05:01:01.780+0000][160][gc,age      ] GC(34) Age table with threshold 15 (max threshold 15)
[2022-05-06T05:01:01.781+0000][160][gc,age      ] GC(34) - age   1:    7842600 bytes,    7842600 total
[2022-05-06T05:01:01.781+0000][160][gc,age      ] GC(34) - age   2:      79752 bytes,    7922352 total
[2022-05-06T05:01:01.782+0000][160][gc,phases   ] GC(34)   Pre Evacuate Collection Set: 0.2ms
[2022-05-06T05:01:01.782+0000][160][gc,phases   ] GC(34)   Merge Heap Roots: 0.2ms
[2022-05-06T05:01:01.783+0000][160][gc,phases   ] GC(34)   Evacuate Collection Set: 1.2ms
[2022-05-06T05:01:01.784+0000][160][gc,phases   ] GC(34)   Post Evacuate Collection Set: 0.6ms
[2022-05-06T05:01:01.784+0000][160][gc,phases   ] GC(34)   Other: 4.8ms
[2022-05-06T05:01:01.785+0000][160][gc,heap     ] GC(34) Eden regions: 18->0(50)
[2022-05-06T05:01:01.786+0000][160][gc,heap     ] GC(34) Survivor regions: 1->3(7)
[2022-05-06T05:01:01.786+0000][160][gc,heap     ] GC(34) Old regions: 36->36
[2022-05-06T05:01:01.787+0000][160][gc,heap     ] GC(34) Archive regions: 2->2
[2022-05-06T05:01:01.787+0000][160][gc,heap     ] GC(34) Humongous regions: 7->7
[2022-05-06T05:01:01.788+0000][160][gc,metaspace] GC(34) Metaspace: 104985K(106560K)->104985K(106560K) NonClass: 90533K(91456K)->90533K(91456K) Class: 14452K(15104K)->14452K(15104K)
[2022-05-06T05:01:01.788+0000][160][gc          ] GC(34) Pause Young (Concurrent Start) (G1 Humongous Allocation) 242M->181M(512M) 13.443ms
[2022-05-06T05:01:01.789+0000][160][gc,cpu      ] GC(34) User=0.00s Sys=0.00s Real=0.01s
[2022-05-06T05:01:01.790+0000][160][gc          ] GC(35) Concurrent Mark Cycle
[2022-05-06T05:01:01.790+0000][160][gc,marking  ] GC(35) Concurrent Clear Claimed Marks
[2022-05-06T05:01:01.791+0000][160][gc,marking  ] GC(35) Concurrent Clear Claimed Marks 0.811ms
[2022-05-06T05:01:01.792+0000][160][gc,marking  ] GC(35) Concurrent Scan Root Regions
[2022-05-06T05:01:01.790+0000][160][safepoint   ] Safepoint "G1TryInitiateConcMark", Time since last: 251235167 ns, Reaching safepoint: 176625 ns, At safepoint: 14760833 ns, Total: 14937458 ns
[2022-05-06T05:01:01.793+0000][160][gc,marking  ] GC(35) Concurrent Scan Root Regions 1.761ms
[2022-05-06T05:01:01.795+0000][160][gc,marking  ] GC(35) Concurrent Mark
[2022-05-06T05:01:01.796+0000][160][gc,marking  ] GC(35) Concurrent Mark From Roots
[2022-05-06T05:01:01.797+0000][160][gc,task     ] GC(35) Using 1 workers of 1 for marking
[2022-05-06T05:01:01.872+0000][160][gc,marking  ] GC(35) Concurrent Mark From Roots 75.900ms
[2022-05-06T05:01:01.872+0000][160][gc,marking  ] GC(35) Concurrent Preclean
[2022-05-06T05:01:01.873+0000][160][gc,marking  ] GC(35) Concurrent Preclean 0.689ms
[2022-05-06T05:01:01.874+0000][160][gc,start    ] GC(35) Pause Remark
[2022-05-06T05:01:01.881+0000][160][gc          ] GC(35) Pause Remark 214M->214M(512M) 7.006ms
[2022-05-06T05:01:01.882+0000][160][gc,cpu      ] GC(35) User=0.02s Sys=0.00s Real=0.00s
[2022-05-06T05:01:01.882+0000][160][safepoint   ] Safepoint "G1Concurrent", Time since last: 84036417 ns, Reaching safepoint: 166917 ns, At safepoint: 8676041 ns, Total: 8842958 ns
[2022-05-06T05:01:01.883+0000][160][gc,marking  ] GC(35) Concurrent Mark 88.231ms
[2022-05-06T05:01:01.884+0000][160][gc,marking  ] GC(35) Concurrent Rebuild Remembered Sets
[2022-05-06T05:01:01.930+0000][160][gc,marking  ] GC(35) Concurrent Rebuild Remembered Sets 45.572ms
[2022-05-06T05:01:01.931+0000][160][gc,start    ] GC(35) Pause Cleanup
[2022-05-06T05:01:01.932+0000][160][gc          ] GC(35) Pause Cleanup 230M->230M(512M) 1.182ms
[2022-05-06T05:01:01.933+0000][160][gc,cpu      ] GC(35) User=0.00s Sys=0.00s Real=0.01s
[2022-05-06T05:01:01.934+0000][160][safepoint   ] Safepoint "G1Concurrent", Time since last: 48157125 ns, Reaching safepoint: 224834 ns, At safepoint: 2761708 ns, Total: 2986542 ns
[2022-05-06T05:01:01.934+0000][160][gc,marking  ] GC(35) Concurrent Cleanup for Next Mark
[2022-05-06T05:01:01.936+0000][160][gc,marking  ] GC(35) Concurrent Cleanup for Next Mark 1.257ms
[2022-05-06T05:01:01.937+0000][160][gc          ] GC(35) Concurrent Mark Cycle 147.120ms
[2022-05-06T05:01:02.935+0000][160][safepoint   ] Safepoint "Cleanup", Time since last: 1000742167 ns, Reaching safepoint: 218792 ns, At safepoint: 11541 ns, Total: 230333 ns
[2022-05-06T05:01:03.064+0000][160][gc,start    ] GC(36) Pause Young (Prepare Mixed) (G1 Evacuation Pause)
[2022-05-06T05:01:03.065+0000][160][gc,task     ] GC(36) Using 5 workers of 5 for evacuation
[2022-05-06T05:01:03.065+0000][160][gc,age      ] GC(36) Desired survivor size 14680064 bytes, new threshold 15 (max threshold 15)
[2022-05-06T05:01:03.069+0000][160][gc,age      ] GC(36) Age table with threshold 15 (max threshold 15)
[2022-05-06T05:01:03.070+0000][160][gc,age      ] GC(36) - age   1:   17787632 bytes,   17787632 total
[2022-05-06T05:01:03.070+0000][160][gc,age      ] GC(36) - age   2:    1325880 bytes,   19113512 total
[2022-05-06T05:01:03.071+0000][160][gc,age      ] GC(36) - age   3:      79752 bytes,   19193264 total
[2022-05-06T05:01:03.072+0000][160][gc,phases   ] GC(36)   Pre Evacuate Collection Set: 0.2ms
[2022-05-06T05:01:03.072+0000][160][gc,phases   ] GC(36)   Merge Heap Roots: 0.0ms
[2022-05-06T05:01:03.073+0000][160][gc,phases   ] GC(36)   Evacuate Collection Set: 1.9ms
[2022-05-06T05:01:03.074+0000][160][gc,phases   ] GC(36)   Post Evacuate Collection Set: 0.7ms
[2022-05-06T05:01:03.074+0000][160][gc,phases   ] GC(36)   Other: 4.7ms
[2022-05-06T05:01:03.075+0000][160][gc,heap     ] GC(36) Eden regions: 50->0(1)
[2022-05-06T05:01:03.076+0000][160][gc,heap     ] GC(36) Survivor regions: 3->5(7)
[2022-05-06T05:01:03.076+0000][160][gc,heap     ] GC(36) Old regions: 36->36
[2022-05-06T05:01:03.077+0000][160][gc,heap     ] GC(36) Archive regions: 2->2
[2022-05-06T05:01:03.078+0000][160][gc,heap     ] GC(36) Humongous regions: 8->8
[2022-05-06T05:01:03.078+0000][160][gc,metaspace] GC(36) Metaspace: 104994K(106560K)->104994K(106560K) NonClass: 90541K(91456K)->90541K(91456K) Class: 14452K(15104K)->14452K(15104K)
[2022-05-06T05:01:03.079+0000][160][gc          ] GC(36) Pause Young (Prepare Mixed) (G1 Evacuation Pause) 384M->196M(512M) 14.500ms
[2022-05-06T05:01:03.079+0000][160][gc,cpu      ] GC(36) User=0.01s Sys=0.00s Real=0.01s
[2022-05-06T05:01:03.080+0000][160][safepoint   ] Safepoint "G1CollectForAllocation", Time since last: 129509334 ns, Reaching safepoint: 79292 ns, At safepoint: 15862375 ns, Total: 15941667 ns
[2022-05-06T05:01:03.095+0000][160][gc,start    ] GC(37) Pause Young (Mixed) (G1 Evacuation Pause)
[2022-05-06T05:01:03.095+0000][160][gc,task     ] GC(37) Using 5 workers of 5 for evacuation
[2022-05-06T05:01:03.096+0000][160][gc,age      ] GC(37) Desired survivor size 2097152 bytes, new threshold 1 (max threshold 15)
[2022-05-06T05:01:03.099+0000][160][gc,age      ] GC(37) Age table with threshold 1 (max threshold 15)
[2022-05-06T05:01:03.100+0000][160][gc,age      ] GC(37) - age   1:    1815952 bytes,    1815952 total
[2022-05-06T05:01:03.101+0000][160][gc,phases   ] GC(37)   Pre Evacuate Collection Set: 0.2ms
[2022-05-06T05:01:03.102+0000][160][gc,phases   ] GC(37)   Merge Heap Roots: 0.1ms
[2022-05-06T05:01:03.102+0000][160][gc,phases   ] GC(37)   Evacuate Collection Set: 1.8ms
[2022-05-06T05:01:03.103+0000][160][gc,phases   ] GC(37)   Post Evacuate Collection Set: 0.7ms
[2022-05-06T05:01:03.104+0000][160][gc,phases   ] GC(37)   Other: 3.7ms
[2022-05-06T05:01:03.104+0000][160][gc,heap     ] GC(37) Eden regions: 1->0(48)
[2022-05-06T05:01:03.105+0000][160][gc,heap     ] GC(37) Survivor regions: 5->1(1)
[2022-05-06T05:01:03.105+0000][160][gc,heap     ] GC(37) Old regions: 36->38
[2022-05-06T05:01:03.107+0000][160][gc,heap     ] GC(37) Archive regions: 2->2
[2022-05-06T05:01:03.107+0000][160][gc,heap     ] GC(37) Humongous regions: 8->8
[2022-05-06T05:01:03.108+0000][160][gc,metaspace] GC(37) Metaspace: 104994K(106560K)->104994K(106560K) NonClass: 90541K(91456K)->90541K(91456K) Class: 14452K(15104K)->14452K(15104K)
[2022-05-06T05:01:03.108+0000][160][gc          ] GC(37) Pause Young (Mixed) (G1 Evacuation Pause) 200M->188M(512M) 13.841ms
[2022-05-06T05:01:03.109+0000][160][gc,cpu      ] GC(37) User=0.01s Sys=0.01s Real=0.01s
[2022-05-06T05:01:03.110+0000][160][safepoint   ] Safepoint "G1CollectForAllocation", Time since last: 14444291 ns, Reaching safepoint: 151334 ns, At safepoint: 15012125 ns, Total: 15163459 ns
[2022-05-06T05:01:04.111+0000][160][safepoint   ] Safepoint "Cleanup", Time since last: 1000788458 ns, Reaching safepoint: 143959 ns, At safepoint: 12708 ns, Total: 156667 ns
[2022-05-06T05:01:04.621+0000][160][gc,start    ] GC(38) Pause Young (Concurrent Start) (G1 Evacuation Pause)
[2022-05-06T05:01:04.623+0000][160][gc,task     ] GC(38) Using 5 workers of 5 for evacuation
[2022-05-06T05:01:04.624+0000][160][gc,age      ] GC(38) Desired survivor size 14680064 bytes, new threshold 15 (max threshold 15)
[2022-05-06T05:01:04.628+0000][160][gc,age      ] GC(38) Age table with threshold 15 (max threshold 15)
[2022-05-06T05:01:04.630+0000][160][gc,age      ] GC(38) - age   1:   16845272 bytes,   16845272 total
[2022-05-06T05:01:04.631+0000][160][gc,age      ] GC(38) - age   2:    1799032 bytes,   18644304 total
[2022-05-06T05:01:04.632+0000][160][gc,phases   ] GC(38)   Pre Evacuate Collection Set: 0.6ms
[2022-05-06T05:01:04.633+0000][160][gc,phases   ] GC(38)   Merge Heap Roots: 0.3ms
[2022-05-06T05:01:04.634+0000][160][gc,phases   ] GC(38)   Evacuate Collection Set: 1.7ms
[2022-05-06T05:01:04.635+0000][160][gc,phases   ] GC(38)   Post Evacuate Collection Set: 0.7ms
[2022-05-06T05:01:04.636+0000][160][gc,phases   ] GC(38)   Other: 7.2ms
[2022-05-06T05:01:04.637+0000][160][gc,heap     ] GC(38) Eden regions: 48->0(44)
[2022-05-06T05:01:04.638+0000][160][gc,heap     ] GC(38) Survivor regions: 1->5(7)
[2022-05-06T05:01:04.639+0000][160][gc,heap     ] GC(38) Old regions: 38->38
[2022-05-06T05:01:04.640+0000][160][gc,heap     ] GC(38) Archive regions: 2->2
[2022-05-06T05:01:04.640+0000][160][gc,heap     ] GC(38) Humongous regions: 8->8
[2022-05-06T05:01:04.641+0000][160][gc,metaspace] GC(38) Metaspace: 105036K(106560K)->105036K(106560K) NonClass: 90582K(91456K)->90582K(91456K) Class: 14453K(15104K)->14453K(15104K)
[2022-05-06T05:01:04.642+0000][160][gc          ] GC(38) Pause Young (Concurrent Start) (G1 Evacuation Pause) 380M->206M(512M) 20.717ms
[2022-05-06T05:01:04.643+0000][160][gc,cpu      ] GC(38) User=0.01s Sys=0.01s Real=0.03s
[2022-05-06T05:01:04.644+0000][160][safepoint   ] Safepoint "G1CollectForAllocation", Time since last: 510505375 ns, Reaching safepoint: 179375 ns, At safepoint: 22969584 ns, Total: 23148959 ns
[2022-05-06T05:01:04.644+0000][160][gc          ] GC(39) Concurrent Mark Cycle
[2022-05-06T05:01:04.646+0000][160][gc,marking  ] GC(39) Concurrent Clear Claimed Marks
[2022-05-06T05:01:04.647+0000][160][gc,marking  ] GC(39) Concurrent Clear Claimed Marks 0.904ms
[2022-05-06T05:01:04.648+0000][160][gc,marking  ] GC(39) Concurrent Scan Root Regions
[2022-05-06T05:01:04.650+0000][160][gc,marking  ] GC(39) Concurrent Scan Root Regions 2.113ms
[2022-05-06T05:01:04.651+0000][160][gc,marking  ] GC(39) Concurrent Mark
[2022-05-06T05:01:04.652+0000][160][gc,marking  ] GC(39) Concurrent Mark From Roots
[2022-05-06T05:01:04.653+0000][160][gc,task     ] GC(39) Using 1 workers of 1 for marking
[2022-05-06T05:01:04.720+0000][160][gc,marking  ] GC(39) Concurrent Mark From Roots 68.796ms
[2022-05-06T05:01:04.721+0000][160][gc,marking  ] GC(39) Concurrent Preclean
[2022-05-06T05:01:04.722+0000][160][gc,marking  ] GC(39) Concurrent Preclean 0.711ms
[2022-05-06T05:01:04.723+0000][160][gc,start    ] GC(39) Pause Remark
[2022-05-06T05:01:04.727+0000][160][gc          ] GC(39) Pause Remark 220M->216M(512M) 4.408ms
[2022-05-06T05:01:04.729+0000][160][gc,cpu      ] GC(39) User=0.01s Sys=0.00s Real=0.00s
[2022-05-06T05:01:04.730+0000][160][safepoint   ] Safepoint "G1Concurrent", Time since last: 78279916 ns, Reaching safepoint: 240042 ns, At safepoint: 6871542 ns, Total: 7111584 ns
[2022-05-06T05:01:04.730+0000][160][gc,marking  ] GC(39) Concurrent Mark 79.633ms
[2022-05-06T05:01:04.731+0000][160][gc,marking  ] GC(39) Concurrent Rebuild Remembered Sets
[2022-05-06T05:01:04.771+0000][160][gc,marking  ] GC(39) Concurrent Rebuild Remembered Sets 40.196ms
[2022-05-06T05:01:04.773+0000][160][gc,start    ] GC(39) Pause Cleanup
[2022-05-06T05:01:04.774+0000][160][gc          ] GC(39) Pause Cleanup 224M->224M(512M) 1.043ms
[2022-05-06T05:01:04.774+0000][160][gc,cpu      ] GC(39) User=0.00s Sys=0.00s Real=0.00s
[2022-05-06T05:01:04.775+0000][160][safepoint   ] Safepoint "G1Concurrent", Time since last: 42788333 ns, Reaching safepoint: 264875 ns, At safepoint: 2455500 ns, Total: 2720375 ns
[2022-05-06T05:01:04.776+0000][160][gc,marking  ] GC(39) Concurrent Cleanup for Next Mark
[2022-05-06T05:01:04.777+0000][160][gc,marking  ] GC(39) Concurrent Cleanup for Next Mark 1.220ms
[2022-05-06T05:01:04.778+0000][160][gc          ] GC(39) Concurrent Mark Cycle 133.786ms
[2022-05-06T05:01:05.471+0000][160][safepoint   ] Safepoint "ICBufferFull", Time since last: 695786917 ns, Reaching safepoint: 268667 ns, At safepoint: 26458 ns, Total: 295125 ns
[2022-05-06T05:01:05.497+0000][160][gc,start    ] GC(40) Pause Young (Prepare Mixed) (G1 Evacuation Pause)
[2022-05-06T05:01:05.499+0000][160][gc,task     ] GC(40) Using 5 workers of 5 for evacuation
[2022-05-06T05:01:05.500+0000][160][gc,age      ] GC(40) Desired survivor size 14680064 bytes, new threshold 1 (max threshold 15)
[2022-05-06T05:01:05.504+0000][160][gc,age      ] GC(40) Age table with threshold 1 (max threshold 15)
[2022-05-06T05:01:05.505+0000][160][gc,age      ] GC(40) - age   1:   15779712 bytes,   15779712 total
[2022-05-06T05:01:05.506+0000][160][gc,phases   ] GC(40)   Pre Evacuate Collection Set: 0.2ms
[2022-05-06T05:01:05.507+0000][160][gc,phases   ] GC(40)   Merge Heap Roots: 0.1ms
[2022-05-06T05:01:05.508+0000][160][gc,phases   ] GC(40)   Evacuate Collection Set: 1.9ms
[2022-05-06T05:01:05.509+0000][160][gc,phases   ] GC(40)   Post Evacuate Collection Set: 0.8ms
[2022-05-06T05:01:05.510+0000][160][gc,phases   ] GC(40)   Other: 5.6ms
[2022-05-06T05:01:05.510+0000][160][gc,heap     ] GC(40) Eden regions: 44->0(1)
[2022-05-06T05:01:05.511+0000][160][gc,heap     ] GC(40) Survivor regions: 5->5(7)
[2022-05-06T05:01:05.512+0000][160][gc,heap     ] GC(40) Old regions: 38->40
[2022-05-06T05:01:05.513+0000][160][gc,heap     ] GC(40) Archive regions: 2->2
[2022-05-06T05:01:05.514+0000][160][gc,heap     ] GC(40) Humongous regions: 9->8
[2022-05-06T05:01:05.514+0000][160][gc,metaspace] GC(40) Metaspace: 105080K(106624K)->105080K(106624K) NonClass: 90627K(91520K)->90627K(91520K) Class: 14453K(15104K)->14453K(15104K)
[2022-05-06T05:01:05.515+0000][160][gc          ] GC(40) Pause Young (Prepare Mixed) (G1 Evacuation Pause) 386M->210M(512M) 17.669ms
[2022-05-06T05:01:05.516+0000][160][gc,cpu      ] GC(40) User=0.01s Sys=0.00s Real=0.02s
[2022-05-06T05:01:05.516+0000][160][safepoint   ] Safepoint "G1CollectForAllocation", Time since last: 25945083 ns, Reaching safepoint: 78125 ns, At safepoint: 19111542 ns, Total: 19189667 ns
[2022-05-06T05:01:05.519+0000][160][gc,start    ] GC(41) Pause Young (Mixed) (G1 Evacuation Pause)
[2022-05-06T05:01:05.520+0000][160][gc,task     ] GC(41) Using 5 workers of 5 for evacuation
[2022-05-06T05:01:05.521+0000][160][gc,age      ] GC(41) Desired survivor size 2097152 bytes, new threshold 1 (max threshold 15)
[2022-05-06T05:01:05.529+0000][160][gc,age      ] GC(41) Age table with threshold 1 (max threshold 15)
[2022-05-06T05:01:05.530+0000][160][gc,age      ] GC(41) - age   1:      12560 bytes,      12560 total
[2022-05-06T05:01:05.531+0000][160][gc,phases   ] GC(41)   Pre Evacuate Collection Set: 0.1ms
[2022-05-06T05:01:05.532+0000][160][gc,phases   ] GC(41)   Merge Heap Roots: 0.1ms
[2022-05-06T05:01:05.534+0000][160][gc,phases   ] GC(41)   Evacuate Collection Set: 5.3ms
[2022-05-06T05:01:05.536+0000][160][gc,phases   ] GC(41)   Post Evacuate Collection Set: 0.6ms
[2022-05-06T05:01:05.537+0000][160][gc,phases   ] GC(41)   Other: 6.4ms
[2022-05-06T05:01:05.539+0000][160][gc,heap     ] GC(41) Eden regions: 1->0(47)
[2022-05-06T05:01:05.539+0000][160][gc,heap     ] GC(41) Survivor regions: 5->1(1)
[2022-05-06T05:01:05.540+0000][160][gc,heap     ] GC(41) Old regions: 40->37
[2022-05-06T05:01:05.541+0000][160][gc,heap     ] GC(41) Archive regions: 2->2
[2022-05-06T05:01:05.541+0000][160][gc,heap     ] GC(41) Humongous regions: 8->8
[2022-05-06T05:01:05.542+0000][160][gc,metaspace] GC(41) Metaspace: 105080K(106624K)->105080K(106624K) NonClass: 90627K(91520K)->90627K(91520K) Class: 14453K(15104K)->14453K(15104K)
[2022-05-06T05:01:05.543+0000][160][gc          ] GC(41) Pause Young (Mixed) (G1 Evacuation Pause) 214M->180M(512M) 24.299ms
[2022-05-06T05:01:05.543+0000][160][gc,cpu      ] GC(41) User=0.02s Sys=0.00s Real=0.03s
[2022-05-06T05:01:05.544+0000][160][safepoint   ] Safepoint "G1CollectForAllocation", Time since last: 2100333 ns, Reaching safepoint: 122875 ns, At safepoint: 25518917 ns, Total: 25641792 ns
[2022-05-06T05:01:05.895+0000][160][gc,start    ] GC(42) Pause Young (Normal) (G1 Evacuation Pause)
[2022-05-06T05:01:05.895+0000][160][gc,task     ] GC(42) Using 5 workers of 5 for evacuation
[2022-05-06T05:01:05.896+0000][160][gc,age      ] GC(42) Desired survivor size 12582912 bytes, new threshold 15 (max threshold 15)
[2022-05-06T05:01:05.898+0000][160][gc,age      ] GC(42) Age table with threshold 15 (max threshold 15)
[2022-05-06T05:01:05.899+0000][160][gc,age      ] GC(42) - age   1:     674216 bytes,     674216 total
[2022-05-06T05:01:05.900+0000][160][gc,age      ] GC(42) - age   2:        512 bytes,     674728 total
[2022-05-06T05:01:05.901+0000][160][gc,phases   ] GC(42)   Pre Evacuate Collection Set: 0.1ms
[2022-05-06T05:01:05.902+0000][160][gc,phases   ] GC(42)   Merge Heap Roots: 0.0ms
[2022-05-06T05:01:05.903+0000][160][gc,phases   ] GC(42)   Evacuate Collection Set: 1.0ms
[2022-05-06T05:01:05.903+0000][160][gc,phases   ] GC(42)   Post Evacuate Collection Set: 0.7ms
[2022-05-06T05:01:05.904+0000][160][gc,phases   ] GC(42)   Other: 4.7ms
[2022-05-06T05:01:05.904+0000][160][gc,heap     ] GC(42) Eden regions: 47->0(50)
[2022-05-06T05:01:05.905+0000][160][gc,heap     ] GC(42) Survivor regions: 1->1(6)
[2022-05-06T05:01:05.906+0000][160][gc,heap     ] GC(42) Old regions: 37->37
[2022-05-06T05:01:05.906+0000][160][gc,heap     ] GC(42) Archive regions: 2->2
[2022-05-06T05:01:05.907+0000][160][gc,heap     ] GC(42) Humongous regions: 8->8
[2022-05-06T05:01:05.908+0000][160][gc,metaspace] GC(42) Metaspace: 105127K(106688K)->105127K(106688K) NonClass: 90674K(91584K)->90674K(91584K) Class: 14453K(15104K)->14453K(15104K)
[2022-05-06T05:01:05.909+0000][160][gc          ] GC(42) Pause Young (Normal) (G1 Evacuation Pause) 368M->180M(512M) 14.188ms
[2022-05-06T05:01:05.909+0000][160][gc,cpu      ] GC(42) User=0.01s Sys=0.01s Real=0.01s
[2022-05-06T05:01:05.910+0000][160][safepoint   ] Safepoint "G1CollectForAllocation", Time since last: 350179250 ns, Reaching safepoint: 278959 ns, At safepoint: 15302416 ns, Total: 15581375 ns
[2022-05-06T05:01:06.911+0000][160][safepoint   ] Safepoint "Cleanup", Time since last: 1001125917 ns, Reaching safepoint: 476584 ns, At safepoint: 9041 ns, Total: 485625 ns
[2022-05-06T05:01:07.372+0000][160][gc,start    ] GC(43) Pause Young (Normal) (G1 Evacuation Pause)
[2022-05-06T05:01:07.373+0000][160][gc,task     ] GC(43) Using 5 workers of 5 for evacuation
[2022-05-06T05:01:07.375+0000][160][gc,age      ] GC(43) Desired survivor size 14680064 bytes, new threshold 15 (max threshold 15)
[2022-05-06T05:01:07.377+0000][160][gc,age      ] GC(43) Age table with threshold 15 (max threshold 15)
[2022-05-06T05:01:07.378+0000][160][gc,age      ] GC(43) - age   1:    1560512 bytes,    1560512 total
[2022-05-06T05:01:07.379+0000][160][gc,age      ] GC(43) - age   2:     586536 bytes,    2147048 total
[2022-05-06T05:01:07.380+0000][160][gc,age      ] GC(43) - age   3:        512 bytes,    2147560 total
[2022-05-06T05:01:07.381+0000][160][gc,phases   ] GC(43)   Pre Evacuate Collection Set: 0.1ms
[2022-05-06T05:01:07.381+0000][160][gc,phases   ] GC(43)   Merge Heap Roots: 0.0ms
[2022-05-06T05:01:07.382+0000][160][gc,phases   ] GC(43)   Evacuate Collection Set: 1.3ms
[2022-05-06T05:01:07.383+0000][160][gc,phases   ] GC(43)   Post Evacuate Collection Set: 0.7ms
[2022-05-06T05:01:07.383+0000][160][gc,phases   ] GC(43)   Other: 6.1ms
[2022-05-06T05:01:07.384+0000][160][gc,heap     ] GC(43) Eden regions: 50->0(51)
[2022-05-06T05:01:07.384+0000][160][gc,heap     ] GC(43) Survivor regions: 1->1(7)
[2022-05-06T05:01:07.385+0000][160][gc,heap     ] GC(43) Old regions: 37->37
[2022-05-06T05:01:07.386+0000][160][gc,heap     ] GC(43) Archive regions: 2->2
[2022-05-06T05:01:07.386+0000][160][gc,heap     ] GC(43) Humongous regions: 8->8
[2022-05-06T05:01:07.387+0000][160][gc,metaspace] GC(43) Metaspace: 105237K(106816K)->105237K(106816K) NonClass: 90768K(91712K)->90768K(91712K) Class: 14468K(15104K)->14468K(15104K)
[2022-05-06T05:01:07.387+0000][160][gc          ] GC(43) Pause Young (Normal) (G1 Evacuation Pause) 380M->182M(512M) 14.952ms
[2022-05-06T05:01:07.388+0000][160][gc,cpu      ] GC(43) User=0.01s Sys=0.00s Real=0.01s
[2022-05-06T05:01:07.389+0000][160][safepoint   ] Safepoint "G1CollectForAllocation", Time since last: 460837876 ns, Reaching safepoint: 154916 ns, At safepoint: 16065042 ns, Total: 16219958 ns
[2022-05-06T05:01:07.940+0000][160][safepoint   ] Safepoint "ICBufferFull", Time since last: 551583125 ns, Reaching safepoint: 386917 ns, At safepoint: 18333 ns, Total: 405250 ns
[2022-05-06T05:01:08.250+0000][160][gc,start    ] GC(44) Pause Young (Normal) (G1 Evacuation Pause)
[2022-05-06T05:01:08.254+0000][160][gc,task     ] GC(44) Using 5 workers of 5 for evacuation
[2022-05-06T05:01:08.255+0000][160][gc,age      ] GC(44) Desired survivor size 14680064 bytes, new threshold 15 (max threshold 15)
[2022-05-06T05:01:08.258+0000][160][gc,age      ] GC(44) Age table with threshold 15 (max threshold 15)
[2022-05-06T05:01:08.259+0000][160][gc,age      ] GC(44) - age   1:    4337256 bytes,    4337256 total
[2022-05-06T05:01:08.260+0000][160][gc,age      ] GC(44) - age   2:     128256 bytes,    4465512 total
[2022-05-06T05:01:08.261+0000][160][gc,age      ] GC(44) - age   3:     577512 bytes,    5043024 total
[2022-05-06T05:01:08.262+0000][160][gc,age      ] GC(44) - age   4:        512 bytes,    5043536 total
[2022-05-06T05:01:08.263+0000][160][gc,phases   ] GC(44)   Pre Evacuate Collection Set: 0.2ms
[2022-05-06T05:01:08.263+0000][160][gc,phases   ] GC(44)   Merge Heap Roots: 0.2ms
[2022-05-06T05:01:08.264+0000][160][gc,phases   ] GC(44)   Evacuate Collection Set: 1.5ms
[2022-05-06T05:01:08.265+0000][160][gc,phases   ] GC(44)   Post Evacuate Collection Set: 0.8ms
[2022-05-06T05:01:08.265+0000][160][gc,phases   ] GC(44)   Other: 10.1ms
[2022-05-06T05:01:08.266+0000][160][gc,heap     ] GC(44) Eden regions: 51->0(51)
[2022-05-06T05:01:08.266+0000][160][gc,heap     ] GC(44) Survivor regions: 1->2(7)
[2022-05-06T05:01:08.267+0000][160][gc,heap     ] GC(44) Old regions: 37->37
[2022-05-06T05:01:08.268+0000][160][gc,heap     ] GC(44) Archive regions: 2->2
[2022-05-06T05:01:08.268+0000][160][gc,heap     ] GC(44) Humongous regions: 8->8
[2022-05-06T05:01:08.269+0000][160][gc,metaspace] GC(44) Metaspace: 105330K(106880K)->105330K(106880K) NonClass: 90858K(91776K)->90858K(91776K) Class: 14472K(15104K)->14472K(15104K)
[2022-05-06T05:01:08.269+0000][160][gc          ] GC(44) Pause Young (Normal) (G1 Evacuation Pause) 386M->185M(512M) 19.281ms
[2022-05-06T05:01:08.270+0000][160][gc,cpu      ] GC(44) User=0.01s Sys=0.00s Real=0.02s
[2022-05-06T05:01:08.271+0000][160][safepoint   ] Safepoint "G1CollectForAllocation", Time since last: 309193459 ns, Reaching safepoint: 313875 ns, At safepoint: 20665916 ns, Total: 20979791 ns
[2022-05-06T05:01:09.212+0000][160][safepoint   ] Safepoint "ICBufferFull", Time since last: 940735667 ns, Reaching safepoint: 383834 ns, At safepoint: 23208 ns, Total: 407042 ns
[2022-05-06T05:01:09.811+0000][160][gc,start    ] GC(45) Pause Young (Normal) (G1 Evacuation Pause)
[2022-05-06T05:01:09.813+0000][160][gc,task     ] GC(45) Using 5 workers of 5 for evacuation
[2022-05-06T05:01:09.814+0000][160][gc,age      ] GC(45) Desired survivor size 14680064 bytes, new threshold 15 (max threshold 15)
[2022-05-06T05:01:09.817+0000][160][gc,age      ] GC(45) Age table with threshold 15 (max threshold 15)
[2022-05-06T05:01:09.819+0000][160][gc,age      ] GC(45) - age   1:   11964312 bytes,   11964312 total
[2022-05-06T05:01:09.819+0000][160][gc,age      ] GC(45) - age   2:    1394840 bytes,   13359152 total
[2022-05-06T05:01:09.820+0000][160][gc,age      ] GC(45) - age   3:      61216 bytes,   13420368 total
[2022-05-06T05:01:09.821+0000][160][gc,age      ] GC(45) - age   4:     568376 bytes,   13988744 total
[2022-05-06T05:01:09.821+0000][160][gc,age      ] GC(45) - age   5:        512 bytes,   13989256 total
[2022-05-06T05:01:09.822+0000][160][gc,phases   ] GC(45)   Pre Evacuate Collection Set: 0.1ms
[2022-05-06T05:01:09.823+0000][160][gc,phases   ] GC(45)   Merge Heap Roots: 0.1ms
[2022-05-06T05:01:09.824+0000][160][gc,phases   ] GC(45)   Evacuate Collection Set: 2.2ms
[2022-05-06T05:01:09.824+0000][160][gc,phases   ] GC(45)   Post Evacuate Collection Set: 0.7ms
[2022-05-06T05:01:09.825+0000][160][gc,phases   ] GC(45)   Other: 7.9ms
[2022-05-06T05:01:09.825+0000][160][gc,heap     ] GC(45) Eden regions: 51->0(49)
[2022-05-06T05:01:09.826+0000][160][gc,heap     ] GC(45) Survivor regions: 2->4(7)
[2022-05-06T05:01:09.827+0000][160][gc,heap     ] GC(45) Old regions: 37->37
[2022-05-06T05:01:09.827+0000][160][gc,heap     ] GC(45) Archive regions: 2->2
[2022-05-06T05:01:09.828+0000][160][gc,heap     ] GC(45) Humongous regions: 8->8
[2022-05-06T05:01:09.828+0000][160][gc,metaspace] GC(45) Metaspace: 105419K(106944K)->105419K(106944K) NonClass: 90946K(91840K)->90946K(91840K) Class: 14472K(15104K)->14472K(15104K)
[2022-05-06T05:01:09.829+0000][160][gc          ] GC(45) Pause Young (Normal) (G1 Evacuation Pause) 389M->193M(512M) 17.483ms
[2022-05-06T05:01:09.830+0000][160][gc,cpu      ] GC(45) User=0.01s Sys=0.00s Real=0.02s
[2022-05-06T05:01:09.830+0000][160][safepoint   ] Safepoint "G1CollectForAllocation", Time since last: 599367291 ns, Reaching safepoint: 343083 ns, At safepoint: 18854250 ns, Total: 19197333 ns
[2022-05-06T05:01:10.157+0000][160][gc,start    ] GC(46) Pause Young (Normal) (G1 Evacuation Pause)
[2022-05-06T05:01:10.158+0000][160][gc,task     ] GC(46) Using 5 workers of 5 for evacuation
[2022-05-06T05:01:10.160+0000][160][gc,age      ] GC(46) Desired survivor size 14680064 bytes, new threshold 15 (max threshold 15)
[2022-05-06T05:01:10.163+0000][160][gc,age      ] GC(46) Age table with threshold 15 (max threshold 15)
[2022-05-06T05:01:10.164+0000][160][gc,age      ] GC(46) - age   1:    1220656 bytes,    1220656 total
[2022-05-06T05:01:10.165+0000][160][gc,age      ] GC(46) - age   2:   10830624 bytes,   12051280 total
[2022-05-06T05:01:10.166+0000][160][gc,age      ] GC(46) - age   3:    1385552 bytes,   13436832 total
[2022-05-06T05:01:10.167+0000][160][gc,age      ] GC(46) - age   4:      60944 bytes,   13497776 total
[2022-05-06T05:01:10.168+0000][160][gc,age      ] GC(46) - age   5:     568128 bytes,   14065904 total
[2022-05-06T05:01:10.169+0000][160][gc,age      ] GC(46) - age   6:        512 bytes,   14066416 total
[2022-05-06T05:01:10.169+0000][160][gc,phases   ] GC(46)   Pre Evacuate Collection Set: 0.2ms
[2022-05-06T05:01:10.170+0000][160][gc,phases   ] GC(46)   Merge Heap Roots: 0.2ms
[2022-05-06T05:01:10.171+0000][160][gc,phases   ] GC(46)   Evacuate Collection Set: 1.7ms
[2022-05-06T05:01:10.171+0000][160][gc,phases   ] GC(46)   Post Evacuate Collection Set: 0.8ms
[2022-05-06T05:01:10.172+0000][160][gc,phases   ] GC(46)   Other: 9.3ms
[2022-05-06T05:01:10.173+0000][160][gc,heap     ] GC(46) Eden regions: 49->0(50)
[2022-05-06T05:01:10.173+0000][160][gc,heap     ] GC(46) Survivor regions: 4->4(7)
[2022-05-06T05:01:10.175+0000][160][gc,heap     ] GC(46) Old regions: 37->37
[2022-05-06T05:01:10.176+0000][160][gc,heap     ] GC(46) Archive regions: 2->2
[2022-05-06T05:01:10.177+0000][160][gc,heap     ] GC(46) Humongous regions: 8->8
[2022-05-06T05:01:10.177+0000][160][gc,metaspace] GC(46) Metaspace: 105425K(106944K)->105425K(106944K) NonClass: 90952K(91840K)->90952K(91840K) Class: 14472K(15104K)->14472K(15104K)
[2022-05-06T05:01:10.178+0000][160][gc          ] GC(46) Pause Young (Normal) (G1 Evacuation Pause) 389M->193M(512M) 20.915ms
[2022-05-06T05:01:10.179+0000][160][gc,cpu      ] GC(46) User=0.01s Sys=0.00s Real=0.02s
[2022-05-06T05:01:10.180+0000][160][safepoint   ] Safepoint "G1CollectForAllocation", Time since last: 326949209 ns, Reaching safepoint: 112625 ns, At safepoint: 22632208 ns, Total: 22744833 ns
[2022-05-06T05:01:11.300+0000][160][safepoint   ] Safepoint "ICBufferFull", Time since last: 1120162834 ns, Reaching safepoint: 135625 ns, At safepoint: 4542 ns, Total: 140167 ns
[2022-05-06T05:01:12.301+0000][160][safepoint   ] Safepoint "Cleanup", Time since last: 1000964542 ns, Reaching safepoint: 130708 ns, At safepoint: 2875 ns, Total: 133583 ns
[2022-05-06T05:01:13.775+0000][160][safepoint   ] Safepoint "Cleanup", Time since last: 1473593834 ns, Reaching safepoint: 328959 ns, At safepoint: 5166 ns, Total: 334125 ns
[2022-05-06T05:01:14.780+0000][160][safepoint   ] Safepoint "Cleanup", Time since last: 1001429751 ns, Reaching safepoint: 3563000 ns, At safepoint: 31333 ns, Total: 3594333 ns
[2022-05-06T05:01:15.785+0000][160][safepoint   ] Safepoint "Cleanup", Time since last: 1004381626 ns, Reaching safepoint: 325250 ns, At safepoint: 7666 ns, Total: 332916 ns
[2022-05-06T05:01:16.801+0000][160][safepoint   ] Safepoint "Cleanup", Time since last: 1014937626 ns, Reaching safepoint: 667083 ns, At safepoint: 12625 ns, Total: 679708 ns
[2022-05-06T05:01:17.809+0000][160][safepoint   ] Safepoint "Cleanup", Time since last: 1007926042 ns, Reaching safepoint: 305042 ns, At safepoint: 7250 ns, Total: 312292 ns
[2022-05-06T05:01:18.814+0000][160][safepoint   ] Safepoint "Cleanup", Time since last: 1004415834 ns, Reaching safepoint: 490458 ns, At safepoint: 16833 ns, Total: 507291 ns
[2022-05-06T05:01:20.823+0000][160][safepoint   ] Safepoint "Cleanup", Time since last: 2008842876 ns, Reaching safepoint: 428250 ns, At safepoint: 15292 ns, Total: 443542 ns
[2022-05-06T05:01:22.835+0000][160][safepoint   ] Safepoint "Cleanup", Time since last: 2010772751 ns, Reaching safepoint: 1561000 ns, At safepoint: 23583 ns, Total: 1584583 ns
[2022-05-06T05:01:26.865+0000][160][safepoint   ] Safepoint "Cleanup", Time since last: 4028032877 ns, Reaching safepoint: 1490959 ns, At safepoint: 19208 ns, Total: 1510167 ns
[2022-05-06T05:01:33.891+0000][160][safepoint   ] Safepoint "Cleanup", Time since last: 7025429878 ns, Reaching safepoint: 233542 ns, At safepoint: 9083 ns, Total: 242625 ns
[2022-05-06T05:01:34.895+0000][160][safepoint   ] Safepoint "Cleanup", Time since last: 1003677042 ns, Reaching safepoint: 416875 ns, At safepoint: 7959 ns, Total: 424834 ns
[2022-05-06T05:01:35.906+0000][160][safepoint   ] Safepoint "Cleanup", Time since last: 1011218334 ns, Reaching safepoint: 257125 ns, At safepoint: 6208 ns, Total: 263333 ns
[2022-05-06T05:01:40.919+0000][160][safepoint   ] Safepoint "Cleanup", Time since last: 5009126585 ns, Reaching safepoint: 1447417 ns, At safepoint: 56542 ns, Total: 1503959 ns
[2022-05-06T05:01:41.926+0000][160][safepoint   ] Safepoint "Cleanup", Time since last: 1005739833 ns, Reaching safepoint: 512584 ns, At safepoint: 17458 ns, Total: 530042 ns
[2022-05-06T05:01:42.932+0000][160][safepoint   ] Safepoint "Cleanup", Time since last: 1005444334 ns, Reaching safepoint: 834125 ns, At safepoint: 22625 ns, Total: 856750 ns
[2022-05-06T05:02:06.990+0000][160][safepoint   ] Safepoint "Cleanup", Time since last: 24057765428 ns, Reaching safepoint: 220125 ns, At safepoint: 6458 ns, Total: 226583 ns
[2022-05-06T05:02:09.009+0000][160][safepoint   ] Safepoint "Cleanup", Time since last: 2019209585 ns, Reaching safepoint: 181666 ns, At safepoint: 9500 ns, Total: 191166 ns
[2022-05-06T05:02:12.020+0000][160][safepoint   ] Safepoint "Cleanup", Time since last: 3011523001 ns, Reaching safepoint: 562667 ns, At safepoint: 16875 ns, Total: 579542 ns
