[2022-04-22T06:54:19.073+0000][8][gc] Using G1
[2022-04-22T06:54:19.117+0000][8][gc,init] Version: 17.0.2+8 (release)
[2022-04-22T06:54:19.119+0000][8][gc,init] CPUs: 5 total, 5 available
[2022-04-22T06:54:19.120+0000][8][gc,init] Memory: 7851M
[2022-04-22T06:54:19.121+0000][8][gc,init] Large Page Support: Disabled
[2022-04-22T06:54:19.122+0000][8][gc,init] NUMA Support: Disabled
[2022-04-22T06:54:19.123+0000][8][gc,init] Compressed Oops: Enabled (32-bit)
[2022-04-22T06:54:19.124+0000][8][gc,init] Heap Region Size: 4M
[2022-04-22T06:54:19.124+0000][8][gc,init] Heap Min Capacity: 512M
[2022-04-22T06:54:19.125+0000][8][gc,init] Heap Initial Capacity: 512M
[2022-04-22T06:54:19.126+0000][8][gc,init] Heap Max Capacity: 512M
[2022-04-22T06:54:19.127+0000][8][gc,init] Pre-touch: Enabled
[2022-04-22T06:54:19.127+0000][8][gc,init] Parallel Workers: 5
[2022-04-22T06:54:19.128+0000][8][gc,init] Concurrent Workers: 1
[2022-04-22T06:54:19.128+0000][8][gc,init] Concurrent Refinement Workers: 5
[2022-04-22T06:54:19.129+0000][8][gc,init] Periodic GC: Disabled
[2022-04-22T06:54:19.130+0000][8][gc,metaspace] CDS archive(s) mapped at: [0x0000000800000000-0x0000000800bd2000-0x0000000800bd2000), size 12394496, SharedBaseAddress: 0x0000000800000000, ArchiveRelocationMode: 0.
[2022-04-22T06:54:19.130+0000][8][gc,metaspace] Compressed class space mapped at: 0x0000000800c00000-0x0000000840c00000, reserved size: 1073741824
[2022-04-22T06:54:19.131+0000][8][gc,metaspace] Narrow klass base: 0x0000000800000000, Narrow klass shift: 0, Narrow klass range: 0x100000000
[2022-04-22T06:54:19.251+0000][8][safepoint   ] Safepoint "ICBufferFull", Time since last: 115384416 ns, Reaching safepoint: 132125 ns, At safepoint: 7167 ns, Total: 139292 ns
[2022-04-22T06:54:19.308+0000][8][safepoint   ] Safepoint "ICBufferFull", Time since last: 56457125 ns, Reaching safepoint: 149542 ns, At safepoint: 2916 ns, Total: 152458 ns
[2022-04-22T06:54:19.410+0000][8][safepoint   ] Safepoint "ICBufferFull", Time since last: 102791375 ns, Reaching safepoint: 119875 ns, At safepoint: 16959 ns, Total: 136834 ns
[2022-04-22T06:54:19.448+0000][8][gc,start    ] GC(0) Pause Young (Normal) (G1 Evacuation Pause)
[2022-04-22T06:54:19.449+0000][8][gc,task     ] GC(0) Using 5 workers of 5 for evacuation
[2022-04-22T06:54:19.450+0000][8][gc,age      ] GC(0) Desired survivor size 2097152 bytes, new threshold 15 (max threshold 15)
[2022-04-22T06:54:19.459+0000][8][gc,age      ] GC(0) Age table with threshold 15 (max threshold 15)
[2022-04-22T06:54:19.460+0000][8][gc,age      ] GC(0) - age   1:    4146224 bytes,    4146224 total
[2022-04-22T06:54:19.461+0000][8][gc,phases   ] GC(0)   Pre Evacuate Collection Set: 0.1ms
[2022-04-22T06:54:19.462+0000][8][gc,phases   ] GC(0)   Merge Heap Roots: 0.0ms
[2022-04-22T06:54:19.462+0000][8][gc,phases   ] GC(0)   Evacuate Collection Set: 7.5ms
[2022-04-22T06:54:19.463+0000][8][gc,phases   ] GC(0)   Post Evacuate Collection Set: 0.4ms
[2022-04-22T06:54:19.464+0000][8][gc,phases   ] GC(0)   Other: 5.1ms
[2022-04-22T06:54:19.465+0000][8][gc,heap     ] GC(0) Eden regions: 6->0(5)
[2022-04-22T06:54:19.466+0000][8][gc,heap     ] GC(0) Survivor regions: 0->1(1)
[2022-04-22T06:54:19.466+0000][8][gc,heap     ] GC(0) Old regions: 0->1
[2022-04-22T06:54:19.467+0000][8][gc,heap     ] GC(0) Archive regions: 2->2
[2022-04-22T06:54:19.469+0000][8][gc,heap     ] GC(0) Humongous regions: 0->0
[2022-04-22T06:54:19.470+0000][8][gc,metaspace] GC(0) Metaspace: 8869K(9088K)->8869K(9088K) NonClass: 7810K(7936K)->7810K(7936K) Class: 1058K(1152K)->1058K(1152K)
[2022-04-22T06:54:19.471+0000][8][gc          ] GC(0) Pause Young (Normal) (G1 Evacuation Pause) 27M->8M(512M) 23.014ms
[2022-04-22T06:54:19.472+0000][8][gc,cpu      ] GC(0) User=0.01s Sys=0.00s Real=0.02s
[2022-04-22T06:54:19.472+0000][8][safepoint   ] Safepoint "G1CollectForAllocation", Time since last: 37240500 ns, Reaching safepoint: 110500 ns, At safepoint: 24602833 ns, Total: 24713333 ns
[2022-04-22T06:54:19.582+0000][8][safepoint   ] Safepoint "ICBufferFull", Time since last: 108966208 ns, Reaching safepoint: 216625 ns, At safepoint: 93625 ns, Total: 310250 ns
[2022-04-22T06:54:19.739+0000][8][gc,start    ] GC(1) Pause Young (Normal) (G1 Evacuation Pause)
[2022-04-22T06:54:19.740+0000][8][gc,task     ] GC(1) Using 5 workers of 5 for evacuation
[2022-04-22T06:54:19.742+0000][8][gc,age      ] GC(1) Desired survivor size 2097152 bytes, new threshold 1 (max threshold 15)
[2022-04-22T06:54:19.746+0000][8][gc,age      ] GC(1) Age table with threshold 1 (max threshold 15)
[2022-04-22T06:54:19.748+0000][8][gc,age      ] GC(1) - age   1:    1957752 bytes,    1957752 total
[2022-04-22T06:54:19.748+0000][8][gc,phases   ] GC(1)   Pre Evacuate Collection Set: 0.1ms
[2022-04-22T06:54:19.749+0000][8][gc,phases   ] GC(1)   Merge Heap Roots: 0.3ms
[2022-04-22T06:54:19.750+0000][8][gc,phases   ] GC(1)   Evacuate Collection Set: 2.6ms
[2022-04-22T06:54:19.751+0000][8][gc,phases   ] GC(1)   Post Evacuate Collection Set: 1.0ms
[2022-04-22T06:54:19.751+0000][8][gc,phases   ] GC(1)   Other: 5.3ms
[2022-04-22T06:54:19.752+0000][8][gc,heap     ] GC(1) Eden regions: 5->0(7)
[2022-04-22T06:54:19.753+0000][8][gc,heap     ] GC(1) Survivor regions: 1->1(1)
[2022-04-22T06:54:19.754+0000][8][gc,heap     ] GC(1) Old regions: 1->2
[2022-04-22T06:54:19.755+0000][8][gc,heap     ] GC(1) Archive regions: 2->2
[2022-04-22T06:54:19.756+0000][8][gc,heap     ] GC(1) Humongous regions: 0->0
[2022-04-22T06:54:19.757+0000][8][gc,metaspace] GC(1) Metaspace: 12279K(12480K)->12279K(12480K) NonClass: 10776K(10880K)->10776K(10880K) Class: 1502K(1600K)->1502K(1600K)
[2022-04-22T06:54:19.757+0000][8][gc          ] GC(1) Pause Young (Normal) (G1 Evacuation Pause) 28M->10M(512M) 18.296ms
[2022-04-22T06:54:19.758+0000][8][gc,cpu      ] GC(1) User=0.01s Sys=0.00s Real=0.02s
[2022-04-22T06:54:19.759+0000][8][safepoint   ] Safepoint "G1CollectForAllocation", Time since last: 157296667 ns, Reaching safepoint: 97584 ns, At safepoint: 20010583 ns, Total: 20108167 ns
[2022-04-22T06:54:19.884+0000][8][safepoint   ] Safepoint "ICBufferFull", Time since last: 124886250 ns, Reaching safepoint: 153458 ns, At safepoint: 20000 ns, Total: 173458 ns
[2022-04-22T06:54:19.929+0000][8][gc,start    ] GC(2) Pause Young (Normal) (G1 Evacuation Pause)
[2022-04-22T06:54:19.930+0000][8][gc,task     ] GC(2) Using 5 workers of 5 for evacuation
[2022-04-22T06:54:19.932+0000][8][gc,age      ] GC(2) Desired survivor size 2097152 bytes, new threshold 15 (max threshold 15)
[2022-04-22T06:54:19.935+0000][8][gc,age      ] GC(2) Age table with threshold 15 (max threshold 15)
[2022-04-22T06:54:19.936+0000][8][gc,age      ] GC(2) - age   1:     923184 bytes,     923184 total
[2022-04-22T06:54:19.937+0000][8][gc,age      ] GC(2) - age   2:    1941464 bytes,    2864648 total
[2022-04-22T06:54:19.937+0000][8][gc,phases   ] GC(2)   Pre Evacuate Collection Set: 0.1ms
[2022-04-22T06:54:19.938+0000][8][gc,phases   ] GC(2)   Merge Heap Roots: 0.0ms
[2022-04-22T06:54:19.939+0000][8][gc,phases   ] GC(2)   Evacuate Collection Set: 1.4ms
[2022-04-22T06:54:19.939+0000][8][gc,phases   ] GC(2)   Post Evacuate Collection Set: 0.3ms
[2022-04-22T06:54:19.939+0000][8][gc,phases   ] GC(2)   Other: 6.4ms
[2022-04-22T06:54:19.940+0000][8][gc,heap     ] GC(2) Eden regions: 7->0(31)
[2022-04-22T06:54:19.941+0000][8][gc,heap     ] GC(2) Survivor regions: 1->1(1)
[2022-04-22T06:54:19.942+0000][8][gc,heap     ] GC(2) Old regions: 2->2
[2022-04-22T06:54:19.942+0000][8][gc,heap     ] GC(2) Archive regions: 2->2
[2022-04-22T06:54:19.943+0000][8][gc,heap     ] GC(2) Humongous regions: 0->0
[2022-04-22T06:54:19.944+0000][8][gc,metaspace] GC(2) Metaspace: 14643K(14912K)->14643K(14912K) NonClass: 12903K(13056K)->12903K(13056K) Class: 1739K(1856K)->1739K(1856K)
[2022-04-22T06:54:19.944+0000][8][gc          ] GC(2) Pause Young (Normal) (G1 Evacuation Pause) 38M->10M(512M) 15.277ms
[2022-04-22T06:54:19.945+0000][8][gc,cpu      ] GC(2) User=0.00s Sys=0.00s Real=0.01s
[2022-04-22T06:54:19.947+0000][8][safepoint   ] Safepoint "G1CollectForAllocation", Time since last: 44836250 ns, Reaching safepoint: 63375 ns, At safepoint: 17708584 ns, Total: 17771959 ns
[2022-04-22T06:54:20.128+0000][8][safepoint   ] Safepoint "ICBufferFull", Time since last: 181320500 ns, Reaching safepoint: 162375 ns, At safepoint: 16083 ns, Total: 178458 ns
[2022-04-22T06:54:20.160+0000][8][safepoint   ] Safepoint "ICBufferFull", Time since last: 31270333 ns, Reaching safepoint: 204959 ns, At safepoint: 8875 ns, Total: 213834 ns
[2022-04-22T06:54:20.175+0000][8][safepoint   ] Safepoint "ICBufferFull", Time since last: 15398125 ns, Reaching safepoint: 44333 ns, At safepoint: 1792 ns, Total: 46125 ns
[2022-04-22T06:54:20.177+0000][8][safepoint   ] Safepoint "ICBufferFull", Time since last: 1225208 ns, Reaching safepoint: 50250 ns, At safepoint: 1708 ns, Total: 51958 ns
[2022-04-22T06:54:20.177+0000][8][safepoint   ] Safepoint "ICBufferFull", Time since last: 778125 ns, Reaching safepoint: 17667 ns, At safepoint: 917 ns, Total: 18584 ns
[2022-04-22T06:54:20.179+0000][8][safepoint   ] Safepoint "ICBufferFull", Time since last: 1729041 ns, Reaching safepoint: 130084 ns, At safepoint: 8583 ns, Total: 138667 ns
[2022-04-22T06:54:20.181+0000][8][safepoint   ] Safepoint "ICBufferFull", Time since last: 1814292 ns, Reaching safepoint: 30875 ns, At safepoint: 1250 ns, Total: 32125 ns
[2022-04-22T06:54:20.183+0000][8][safepoint   ] Safepoint "ICBufferFull", Time since last: 1341125 ns, Reaching safepoint: 150500 ns, At safepoint: 3625 ns, Total: 154125 ns
[2022-04-22T06:54:20.184+0000][8][safepoint   ] Safepoint "ICBufferFull", Time since last: 1017250 ns, Reaching safepoint: 49833 ns, At safepoint: 1542 ns, Total: 51375 ns
[2022-04-22T06:54:20.185+0000][8][safepoint   ] Safepoint "ICBufferFull", Time since last: 1349250 ns, Reaching safepoint: 47875 ns, At safepoint: 1583 ns, Total: 49458 ns
[2022-04-22T06:54:20.186+0000][8][safepoint   ] Safepoint "ICBufferFull", Time since last: 1121375 ns, Reaching safepoint: 37375 ns, At safepoint: 1333 ns, Total: 38708 ns
[2022-04-22T06:54:20.187+0000][8][safepoint   ] Safepoint "ICBufferFull", Time since last: 1041000 ns, Reaching safepoint: 56500 ns, At safepoint: 1167 ns, Total: 57667 ns
[2022-04-22T06:54:20.235+0000][8][gc,start    ] GC(3) Pause Young (Normal) (G1 Evacuation Pause)
[2022-04-22T06:54:20.236+0000][8][gc,task     ] GC(3) Using 5 workers of 5 for evacuation
[2022-04-22T06:54:20.237+0000][8][gc,age      ] GC(3) Desired survivor size 8388608 bytes, new threshold 15 (max threshold 15)
[2022-04-22T06:54:20.241+0000][8][gc,age      ] GC(3) Age table with threshold 15 (max threshold 15)
[2022-04-22T06:54:20.242+0000][8][gc,age      ] GC(3) - age   1:    3581040 bytes,    3581040 total
[2022-04-22T06:54:20.244+0000][8][gc,age      ] GC(3) - age   2:     874720 bytes,    4455760 total
[2022-04-22T06:54:20.245+0000][8][gc,age      ] GC(3) - age   3:    1939960 bytes,    6395720 total
[2022-04-22T06:54:20.245+0000][8][gc,phases   ] GC(3)   Pre Evacuate Collection Set: 0.0ms
[2022-04-22T06:54:20.246+0000][8][gc,phases   ] GC(3)   Merge Heap Roots: 0.0ms
[2022-04-22T06:54:20.247+0000][8][gc,phases   ] GC(3)   Evacuate Collection Set: 2.9ms
[2022-04-22T06:54:20.247+0000][8][gc,phases   ] GC(3)   Post Evacuate Collection Set: 0.4ms
[2022-04-22T06:54:20.249+0000][8][gc,phases   ] GC(3)   Other: 7.1ms
[2022-04-22T06:54:20.250+0000][8][gc,heap     ] GC(3) Eden regions: 31->0(74)
[2022-04-22T06:54:20.250+0000][8][gc,heap     ] GC(3) Survivor regions: 1->2(4)
[2022-04-22T06:54:20.251+0000][8][gc,heap     ] GC(3) Old regions: 2->2
[2022-04-22T06:54:20.252+0000][8][gc,heap     ] GC(3) Archive regions: 2->2
[2022-04-22T06:54:20.254+0000][8][gc,heap     ] GC(3) Humongous regions: 0->0
[2022-04-22T06:54:20.255+0000][8][gc,metaspace] GC(3) Metaspace: 17239K(17536K)->17239K(17536K) NonClass: 15206K(15360K)->15206K(15360K) Class: 2032K(2176K)->2032K(2176K)
[2022-04-22T06:54:20.256+0000][8][gc          ] GC(3) Pause Young (Normal) (G1 Evacuation Pause) 134M->14M(512M) 20.740ms
[2022-04-22T06:54:20.257+0000][8][gc,cpu      ] GC(3) User=0.01s Sys=0.01s Real=0.03s
[2022-04-22T06:54:20.258+0000][8][safepoint   ] Safepoint "G1CollectForAllocation", Time since last: 47666750 ns, Reaching safepoint: 88958 ns, At safepoint: 23003375 ns, Total: 23092333 ns
[2022-04-22T06:54:20.488+0000][8][safepoint   ] Safepoint "ICBufferFull", Time since last: 230084459 ns, Reaching safepoint: 228667 ns, At safepoint: 32083 ns, Total: 260750 ns
[2022-04-22T06:54:20.570+0000][8][gc,start    ] GC(4) Pause Young (Normal) (G1 Evacuation Pause)
[2022-04-22T06:54:20.571+0000][8][gc,task     ] GC(4) Using 5 workers of 5 for evacuation
[2022-04-22T06:54:20.572+0000][8][gc,age      ] GC(4) Desired survivor size 20971520 bytes, new threshold 15 (max threshold 15)
[2022-04-22T06:54:20.578+0000][8][gc,age      ] GC(4) Age table with threshold 15 (max threshold 15)
[2022-04-22T06:54:20.579+0000][8][gc,age      ] GC(4) - age   1:    6305736 bytes,    6305736 total
[2022-04-22T06:54:20.580+0000][8][gc,age      ] GC(4) - age   2:    2262424 bytes,    8568160 total
[2022-04-22T06:54:20.581+0000][8][gc,age      ] GC(4) - age   3:     874424 bytes,    9442584 total
[2022-04-22T06:54:20.581+0000][8][gc,age      ] GC(4) - age   4:    1938984 bytes,   11381568 total
[2022-04-22T06:54:20.582+0000][8][gc,phases   ] GC(4)   Pre Evacuate Collection Set: 0.2ms
[2022-04-22T06:54:20.583+0000][8][gc,phases   ] GC(4)   Merge Heap Roots: 0.1ms
[2022-04-22T06:54:20.583+0000][8][gc,phases   ] GC(4)   Evacuate Collection Set: 3.7ms
[2022-04-22T06:54:20.584+0000][8][gc,phases   ] GC(4)   Post Evacuate Collection Set: 0.7ms
[2022-04-22T06:54:20.585+0000][8][gc,phases   ] GC(4)   Other: 7.5ms
[2022-04-22T06:54:20.585+0000][8][gc,heap     ] GC(4) Eden regions: 74->0(73)
[2022-04-22T06:54:20.586+0000][8][gc,heap     ] GC(4) Survivor regions: 2->3(10)
[2022-04-22T06:54:20.587+0000][8][gc,heap     ] GC(4) Old regions: 2->2
[2022-04-22T06:54:20.587+0000][8][gc,heap     ] GC(4) Archive regions: 2->2
[2022-04-22T06:54:20.588+0000][8][gc,heap     ] GC(4) Humongous regions: 0->0
[2022-04-22T06:54:20.589+0000][8][gc,metaspace] GC(4) Metaspace: 18725K(19072K)->18725K(19072K) NonClass: 16451K(16640K)->16451K(16640K) Class: 2274K(2432K)->2274K(2432K)
[2022-04-22T06:54:20.589+0000][8][gc          ] GC(4) Pause Young (Normal) (G1 Evacuation Pause) 310M->19M(512M) 18.962ms
[2022-04-22T06:54:20.590+0000][8][gc,cpu      ] GC(4) User=0.01s Sys=0.00s Real=0.02s
[2022-04-22T06:54:20.590+0000][8][safepoint   ] Safepoint "G1CollectForAllocation", Time since last: 81600583 ns, Reaching safepoint: 57209 ns, At safepoint: 20003291 ns, Total: 20060500 ns
[2022-04-22T06:54:20.823+0000][8][gc,start    ] GC(5) Pause Young (Normal) (G1 Evacuation Pause)
[2022-04-22T06:54:20.825+0000][8][gc,task     ] GC(5) Using 5 workers of 5 for evacuation
[2022-04-22T06:54:20.826+0000][8][gc,age      ] GC(5) Desired survivor size 20971520 bytes, new threshold 15 (max threshold 15)
[2022-04-22T06:54:20.832+0000][8][gc,age      ] GC(5) Age table with threshold 15 (max threshold 15)
[2022-04-22T06:54:20.834+0000][8][gc,age      ] GC(5) - age   1:    2325680 bytes,    2325680 total
[2022-04-22T06:54:20.834+0000][8][gc,age      ] GC(5) - age   2:    5082736 bytes,    7408416 total
[2022-04-22T06:54:20.835+0000][8][gc,age      ] GC(5) - age   3:    2261960 bytes,    9670376 total
[2022-04-22T06:54:20.835+0000][8][gc,age      ] GC(5) - age   4:     874152 bytes,   10544528 total
[2022-04-22T06:54:20.836+0000][8][gc,age      ] GC(5) - age   5:    1938920 bytes,   12483448 total
[2022-04-22T06:54:20.837+0000][8][gc,phases   ] GC(5)   Pre Evacuate Collection Set: 0.0ms
[2022-04-22T06:54:20.837+0000][8][gc,phases   ] GC(5)   Merge Heap Roots: 0.3ms
[2022-04-22T06:54:20.838+0000][8][gc,phases   ] GC(5)   Evacuate Collection Set: 4.7ms
[2022-04-22T06:54:20.838+0000][8][gc,phases   ] GC(5)   Post Evacuate Collection Set: 0.9ms
[2022-04-22T06:54:20.839+0000][8][gc,phases   ] GC(5)   Other: 7.4ms
[2022-04-22T06:54:20.840+0000][8][gc,heap     ] GC(5) Eden regions: 73->0(72)
[2022-04-22T06:54:20.840+0000][8][gc,heap     ] GC(5) Survivor regions: 3->4(10)
[2022-04-22T06:54:20.841+0000][8][gc,heap     ] GC(5) Old regions: 2->2
[2022-04-22T06:54:20.842+0000][8][gc,heap     ] GC(5) Archive regions: 2->2
[2022-04-22T06:54:20.842+0000][8][gc,heap     ] GC(5) Humongous regions: 0->0
[2022-04-22T06:54:20.844+0000][8][gc,metaspace] GC(5) Metaspace: 19617K(20096K)->19617K(20096K) NonClass: 17209K(17472K)->17209K(17472K) Class: 2407K(2624K)->2407K(2624K)
[2022-04-22T06:54:20.844+0000][8][gc          ] GC(5) Pause Young (Normal) (G1 Evacuation Pause) 311M->20M(512M) 20.923ms
[2022-04-22T06:54:20.845+0000][8][gc,cpu      ] GC(5) User=0.02s Sys=0.00s Real=0.02s
[2022-04-22T06:54:20.845+0000][8][safepoint   ] Safepoint "G1CollectForAllocation", Time since last: 233296959 ns, Reaching safepoint: 111750 ns, At safepoint: 22071208 ns, Total: 22182958 ns
[2022-04-22T06:54:21.050+0000][8][safepoint   ] Safepoint "ICBufferFull", Time since last: 203868458 ns, Reaching safepoint: 233000 ns, At safepoint: 2959 ns, Total: 235959 ns
[2022-04-22T06:54:21.082+0000][8][gc,start    ] GC(6) Pause Young (Normal) (G1 Evacuation Pause)
[2022-04-22T06:54:21.084+0000][8][gc,task     ] GC(6) Using 5 workers of 5 for evacuation
[2022-04-22T06:54:21.085+0000][8][gc,age      ] GC(6) Desired survivor size 20971520 bytes, new threshold 15 (max threshold 15)
[2022-04-22T06:54:21.090+0000][8][gc,age      ] GC(6) Age table with threshold 15 (max threshold 15)
[2022-04-22T06:54:21.091+0000][8][gc,age      ] GC(6) - age   1:    2329768 bytes,    2329768 total
[2022-04-22T06:54:21.092+0000][8][gc,age      ] GC(6) - age   2:    1319624 bytes,    3649392 total
[2022-04-22T06:54:21.093+0000][8][gc,age      ] GC(6) - age   3:    5077704 bytes,    8727096 total
[2022-04-22T06:54:21.094+0000][8][gc,age      ] GC(6) - age   4:    2260472 bytes,   10987568 total
[2022-04-22T06:54:21.094+0000][8][gc,age      ] GC(6) - age   5:     873472 bytes,   11861040 total
[2022-04-22T06:54:21.095+0000][8][gc,age      ] GC(6) - age   6:    1938584 bytes,   13799624 total
[2022-04-22T06:54:21.096+0000][8][gc,phases   ] GC(6)   Pre Evacuate Collection Set: 0.3ms
[2022-04-22T06:54:21.096+0000][8][gc,phases   ] GC(6)   Merge Heap Roots: 0.2ms
[2022-04-22T06:54:21.097+0000][8][gc,phases   ] GC(6)   Evacuate Collection Set: 2.9ms
[2022-04-22T06:54:21.098+0000][8][gc,phases   ] GC(6)   Post Evacuate Collection Set: 0.9ms
[2022-04-22T06:54:21.098+0000][8][gc,phases   ] GC(6)   Other: 9.1ms
[2022-04-22T06:54:21.098+0000][8][gc,heap     ] GC(6) Eden regions: 72->0(72)
[2022-04-22T06:54:21.099+0000][8][gc,heap     ] GC(6) Survivor regions: 4->4(10)
[2022-04-22T06:54:21.099+0000][8][gc,heap     ] GC(6) Old regions: 2->2
[2022-04-22T06:54:21.100+0000][8][gc,heap     ] GC(6) Archive regions: 2->2
[2022-04-22T06:54:21.100+0000][8][gc,heap     ] GC(6) Humongous regions: 0->0
[2022-04-22T06:54:21.101+0000][8][gc,metaspace] GC(6) Metaspace: 20809K(21312K)->20809K(21312K) NonClass: 18240K(18560K)->18240K(18560K) Class: 2569K(2752K)->2569K(2752K)
[2022-04-22T06:54:21.102+0000][8][gc          ] GC(6) Pause Young (Normal) (G1 Evacuation Pause) 308M->21M(512M) 19.773ms
[2022-04-22T06:54:21.103+0000][8][gc,cpu      ] GC(6) User=0.01s Sys=0.00s Real=0.02s
[2022-04-22T06:54:21.103+0000][8][safepoint   ] Safepoint "G1CollectForAllocation", Time since last: 32452292 ns, Reaching safepoint: 163375 ns, At safepoint: 20998750 ns, Total: 21162125 ns
[2022-04-22T06:54:21.283+0000][8][gc,start    ] GC(7) Pause Young (Concurrent Start) (Metadata GC Threshold)
[2022-04-22T06:54:21.285+0000][8][gc,task     ] GC(7) Using 5 workers of 5 for evacuation
[2022-04-22T06:54:21.286+0000][8][gc,age      ] GC(7) Desired survivor size 20971520 bytes, new threshold 15 (max threshold 15)
[2022-04-22T06:54:21.291+0000][8][gc,age      ] GC(7) Age table with threshold 15 (max threshold 15)
[2022-04-22T06:54:21.292+0000][8][gc,age      ] GC(7) - age   1:     910936 bytes,     910936 total
[2022-04-22T06:54:21.293+0000][8][gc,age      ] GC(7) - age   2:    2177560 bytes,    3088496 total
[2022-04-22T06:54:21.294+0000][8][gc,age      ] GC(7) - age   3:    1319032 bytes,    4407528 total
[2022-04-22T06:54:21.294+0000][8][gc,age      ] GC(7) - age   4:    5076688 bytes,    9484216 total
[2022-04-22T06:54:21.295+0000][8][gc,age      ] GC(7) - age   5:    2260392 bytes,   11744608 total
[2022-04-22T06:54:21.296+0000][8][gc,age      ] GC(7) - age   6:     873472 bytes,   12618080 total
[2022-04-22T06:54:21.297+0000][8][gc,age      ] GC(7) - age   7:    1938584 bytes,   14556664 total
[2022-04-22T06:54:21.297+0000][8][gc,phases   ] GC(7)   Pre Evacuate Collection Set: 0.1ms
[2022-04-22T06:54:21.298+0000][8][gc,phases   ] GC(7)   Merge Heap Roots: 0.0ms
[2022-04-22T06:54:21.298+0000][8][gc,phases   ] GC(7)   Evacuate Collection Set: 3.4ms
[2022-04-22T06:54:21.299+0000][8][gc,phases   ] GC(7)   Post Evacuate Collection Set: 0.8ms
[2022-04-22T06:54:21.300+0000][8][gc,phases   ] GC(7)   Other: 9.9ms
[2022-04-22T06:54:21.301+0000][8][gc,heap     ] GC(7) Eden regions: 59->0(72)
[2022-04-22T06:54:21.302+0000][8][gc,heap     ] GC(7) Survivor regions: 4->4(10)
[2022-04-22T06:54:21.302+0000][8][gc,heap     ] GC(7) Old regions: 2->2
[2022-04-22T06:54:21.303+0000][8][gc,heap     ] GC(7) Archive regions: 2->2
[2022-04-22T06:54:21.303+0000][8][gc,heap     ] GC(7) Humongous regions: 0->0
[2022-04-22T06:54:21.304+0000][8][gc,metaspace] GC(7) Metaspace: 20973K(21504K)->20973K(21504K) NonClass: 18371K(18688K)->18371K(18688K) Class: 2601K(2816K)->2601K(2816K)
[2022-04-22T06:54:21.304+0000][8][gc          ] GC(7) Pause Young (Concurrent Start) (Metadata GC Threshold) 255M->22M(512M) 21.189ms
[2022-04-22T06:54:21.305+0000][8][gc,cpu      ] GC(7) User=0.01s Sys=0.01s Real=0.02s
[2022-04-22T06:54:21.306+0000][8][gc          ] GC(8) Concurrent Mark Cycle
[2022-04-22T06:54:21.307+0000][8][gc,marking  ] GC(8) Concurrent Clear Claimed Marks
[2022-04-22T06:54:21.306+0000][8][safepoint   ] Safepoint "CollectForMetadataAllocation", Time since last: 179797833 ns, Reaching safepoint: 127542 ns, At safepoint: 22688916 ns, Total: 22816458 ns
[2022-04-22T06:54:21.308+0000][8][gc,marking  ] GC(8) Concurrent Clear Claimed Marks 0.887ms
[2022-04-22T06:54:21.309+0000][8][gc,marking  ] GC(8) Concurrent Scan Root Regions
[2022-04-22T06:54:21.313+0000][8][gc,marking  ] GC(8) Concurrent Scan Root Regions 3.857ms
[2022-04-22T06:54:21.314+0000][8][gc,marking  ] GC(8) Concurrent Mark
[2022-04-22T06:54:21.315+0000][8][gc,marking  ] GC(8) Concurrent Mark From Roots
[2022-04-22T06:54:21.315+0000][8][gc,task     ] GC(8) Using 1 workers of 1 for marking
[2022-04-22T06:54:21.319+0000][8][gc,marking  ] GC(8) Concurrent Mark From Roots 4.262ms
[2022-04-22T06:54:21.321+0000][8][gc,marking  ] GC(8) Concurrent Preclean
[2022-04-22T06:54:21.322+0000][8][gc,marking  ] GC(8) Concurrent Preclean 1.080ms
[2022-04-22T06:54:21.323+0000][8][gc,start    ] GC(8) Pause Remark
[2022-04-22T06:54:21.327+0000][8][gc          ] GC(8) Pause Remark 24M->24M(512M) 3.669ms
[2022-04-22T06:54:21.328+0000][8][gc,cpu      ] GC(8) User=0.01s Sys=0.00s Real=0.01s
[2022-04-22T06:54:21.329+0000][8][safepoint   ] Safepoint "G1Concurrent", Time since last: 17293750 ns, Reaching safepoint: 326917 ns, At safepoint: 5576458 ns, Total: 5903375 ns
[2022-04-22T06:54:21.330+0000][8][gc,marking  ] GC(8) Concurrent Mark 15.746ms
[2022-04-22T06:54:21.331+0000][8][gc,marking  ] GC(8) Concurrent Rebuild Remembered Sets
[2022-04-22T06:54:21.334+0000][8][gc,marking  ] GC(8) Concurrent Rebuild Remembered Sets 3.538ms
[2022-04-22T06:54:21.336+0000][8][gc,start    ] GC(8) Pause Cleanup
[2022-04-22T06:54:21.337+0000][8][gc          ] GC(8) Pause Cleanup 24M->24M(512M) 1.014ms
[2022-04-22T06:54:21.338+0000][8][gc,cpu      ] GC(8) User=0.00s Sys=0.00s Real=0.01s
[2022-04-22T06:54:21.339+0000][8][safepoint   ] Safepoint "G1Concurrent", Time since last: 6511167 ns, Reaching safepoint: 463542 ns, At safepoint: 2926875 ns, Total: 3390417 ns
[2022-04-22T06:54:21.340+0000][8][gc,marking  ] GC(8) Concurrent Cleanup for Next Mark
[2022-04-22T06:54:21.342+0000][8][gc,marking  ] GC(8) Concurrent Cleanup for Next Mark 1.924ms
[2022-04-22T06:54:21.344+0000][8][gc          ] GC(8) Concurrent Mark Cycle 37.909ms
[2022-04-22T06:54:21.583+0000][8][safepoint   ] Safepoint "ICBufferFull", Time since last: 244362166 ns, Reaching safepoint: 165334 ns, At safepoint: 3000 ns, Total: 168334 ns
[2022-04-22T06:54:21.626+0000][8][safepoint   ] Safepoint "ICBufferFull", Time since last: 42019916 ns, Reaching safepoint: 84917 ns, At safepoint: 8500 ns, Total: 93417 ns
[2022-04-22T06:54:21.628+0000][8][safepoint   ] Safepoint "ICBufferFull", Time since last: 2770500 ns, Reaching safepoint: 65500 ns, At safepoint: 1667 ns, Total: 67167 ns
[2022-04-22T06:54:21.629+0000][8][safepoint   ] Safepoint "ICBufferFull", Time since last: 914500 ns, Reaching safepoint: 80583 ns, At safepoint: 3500 ns, Total: 84083 ns
[2022-04-22T06:54:21.630+0000][8][safepoint   ] Safepoint "ICBufferFull", Time since last: 853250 ns, Reaching safepoint: 227042 ns, At safepoint: 4916 ns, Total: 231958 ns
[2022-04-22T06:54:21.632+0000][8][safepoint   ] Safepoint "ICBufferFull", Time since last: 1095250 ns, Reaching safepoint: 27250 ns, At safepoint: 1167 ns, Total: 28417 ns
[2022-04-22T06:54:21.633+0000][8][safepoint   ] Safepoint "ICBufferFull", Time since last: 978125 ns, Reaching safepoint: 23083 ns, At safepoint: 1084 ns, Total: 24167 ns
[2022-04-22T06:54:21.634+0000][8][safepoint   ] Safepoint "ICBufferFull", Time since last: 1266208 ns, Reaching safepoint: 52458 ns, At safepoint: 2209 ns, Total: 54667 ns
[2022-04-22T06:54:21.643+0000][8][safepoint   ] Safepoint "ICBufferFull", Time since last: 8669875 ns, Reaching safepoint: 145250 ns, At safepoint: 11583 ns, Total: 156833 ns
[2022-04-22T06:54:21.644+0000][8][safepoint   ] Safepoint "ICBufferFull", Time since last: 1486792 ns, Reaching safepoint: 33666 ns, At safepoint: 1250 ns, Total: 34916 ns
[2022-04-22T06:54:21.646+0000][8][safepoint   ] Safepoint "ICBufferFull", Time since last: 1246375 ns, Reaching safepoint: 115292 ns, At safepoint: 2417 ns, Total: 117709 ns
[2022-04-22T06:54:21.647+0000][8][safepoint   ] Safepoint "ICBufferFull", Time since last: 1141875 ns, Reaching safepoint: 95166 ns, At safepoint: 3125 ns, Total: 98291 ns
[2022-04-22T06:54:21.662+0000][8][safepoint   ] Safepoint "ICBufferFull", Time since last: 15022792 ns, Reaching safepoint: 210875 ns, At safepoint: 21583 ns, Total: 232458 ns
[2022-04-22T06:54:21.667+0000][8][safepoint   ] Safepoint "ICBufferFull", Time since last: 4335459 ns, Reaching safepoint: 189375 ns, At safepoint: 36166 ns, Total: 225541 ns
[2022-04-22T06:54:21.668+0000][8][safepoint   ] Safepoint "ICBufferFull", Time since last: 948042 ns, Reaching safepoint: 108042 ns, At safepoint: 1750 ns, Total: 109792 ns
[2022-04-22T06:54:21.669+0000][8][safepoint   ] Safepoint "ICBufferFull", Time since last: 1156083 ns, Reaching safepoint: 106125 ns, At safepoint: 3458 ns, Total: 109583 ns
[2022-04-22T06:54:21.673+0000][8][safepoint   ] Safepoint "ICBufferFull", Time since last: 4016375 ns, Reaching safepoint: 37917 ns, At safepoint: 2875 ns, Total: 40792 ns
[2022-04-22T06:54:21.684+0000][8][safepoint   ] Safepoint "ICBufferFull", Time since last: 10918125 ns, Reaching safepoint: 126667 ns, At safepoint: 3333 ns, Total: 130000 ns
[2022-04-22T06:54:21.708+0000][8][safepoint   ] Safepoint "ICBufferFull", Time since last: 23418625 ns, Reaching safepoint: 206667 ns, At safepoint: 3041 ns, Total: 209708 ns
[2022-04-22T06:54:21.712+0000][8][safepoint   ] Safepoint "ICBufferFull", Time since last: 4382042 ns, Reaching safepoint: 212625 ns, At safepoint: 2833 ns, Total: 215458 ns
[2022-04-22T06:54:21.720+0000][8][safepoint   ] Safepoint "ICBufferFull", Time since last: 7940167 ns, Reaching safepoint: 37375 ns, At safepoint: 1750 ns, Total: 39125 ns
[2022-04-22T06:54:21.723+0000][8][safepoint   ] Safepoint "ICBufferFull", Time since last: 2612833 ns, Reaching safepoint: 327792 ns, At safepoint: 3542 ns, Total: 331334 ns
[2022-04-22T06:54:21.729+0000][8][safepoint   ] Safepoint "ICBufferFull", Time since last: 5172583 ns, Reaching safepoint: 194542 ns, At safepoint: 202458 ns, Total: 397000 ns
[2022-04-22T06:54:21.731+0000][8][safepoint   ] Safepoint "ICBufferFull", Time since last: 1484708 ns, Reaching safepoint: 199084 ns, At safepoint: 14833 ns, Total: 213917 ns
[2022-04-22T06:54:21.803+0000][8][safepoint   ] Safepoint "ICBufferFull", Time since last: 72657125 ns, Reaching safepoint: 213334 ns, At safepoint: 11291 ns, Total: 224625 ns
[2022-04-22T06:54:22.042+0000][8][safepoint   ] Safepoint "ICBufferFull", Time since last: 238121459 ns, Reaching safepoint: 360583 ns, At safepoint: 56625 ns, Total: 417208 ns
[2022-04-22T06:54:22.373+0000][8][safepoint   ] Safepoint "ICBufferFull", Time since last: 330861250 ns, Reaching safepoint: 171208 ns, At safepoint: 3917 ns, Total: 175125 ns
[2022-04-22T06:54:22.517+0000][8][safepoint   ] Safepoint "ICBufferFull", Time since last: 143909209 ns, Reaching safepoint: 184916 ns, At safepoint: 11125 ns, Total: 196041 ns
[2022-04-22T06:54:22.639+0000][8][gc,start    ] GC(9) Pause Young (Concurrent Start) (Metadata GC Threshold)
[2022-04-22T06:54:22.640+0000][8][gc,task     ] GC(9) Using 5 workers of 5 for evacuation
[2022-04-22T06:54:22.641+0000][8][gc,age      ] GC(9) Desired survivor size 20971520 bytes, new threshold 15 (max threshold 15)
[2022-04-22T06:54:22.661+0000][8][gc,age      ] GC(9) Age table with threshold 15 (max threshold 15)
[2022-04-22T06:54:22.662+0000][8][gc,age      ] GC(9) - age   1:   27138112 bytes,   27138112 total
[2022-04-22T06:54:22.664+0000][8][gc,age      ] GC(9) - age   2:     880448 bytes,   28018560 total
[2022-04-22T06:54:22.665+0000][8][gc,age      ] GC(9) - age   3:    2143928 bytes,   30162488 total
[2022-04-22T06:54:22.666+0000][8][gc,age      ] GC(9) - age   4:    1302288 bytes,   31464776 total
[2022-04-22T06:54:22.667+0000][8][gc,age      ] GC(9) - age   5:    5036296 bytes,   36501072 total
[2022-04-22T06:54:22.668+0000][8][gc,age      ] GC(9) - age   6:    2132720 bytes,   38633792 total
[2022-04-22T06:54:22.668+0000][8][gc,age      ] GC(9) - age   7:     817496 bytes,   39451288 total
[2022-04-22T06:54:22.669+0000][8][gc,age      ] GC(9) - age   8:    1854744 bytes,   41306032 total
[2022-04-22T06:54:22.670+0000][8][gc,phases   ] GC(9)   Pre Evacuate Collection Set: 0.2ms
[2022-04-22T06:54:22.671+0000][8][gc,phases   ] GC(9)   Merge Heap Roots: 0.2ms
[2022-04-22T06:54:22.671+0000][8][gc,phases   ] GC(9)   Evacuate Collection Set: 17.3ms
[2022-04-22T06:54:22.672+0000][8][gc,phases   ] GC(9)   Post Evacuate Collection Set: 1.1ms
[2022-04-22T06:54:22.672+0000][8][gc,phases   ] GC(9)   Other: 12.3ms
[2022-04-22T06:54:22.673+0000][8][gc,heap     ] GC(9) Eden regions: 71->0(66)
[2022-04-22T06:54:22.674+0000][8][gc,heap     ] GC(9) Survivor regions: 4->10(10)
[2022-04-22T06:54:22.675+0000][8][gc,heap     ] GC(9) Old regions: 2->2
[2022-04-22T06:54:22.676+0000][8][gc,heap     ] GC(9) Archive regions: 2->2
[2022-04-22T06:54:22.676+0000][8][gc,heap     ] GC(9) Humongous regions: 0->0
[2022-04-22T06:54:22.677+0000][8][gc,metaspace] GC(9) Metaspace: 35224K(36096K)->35224K(36096K) NonClass: 30565K(31104K)->30565K(31104K) Class: 4659K(4992K)->4659K(4992K)
[2022-04-22T06:54:22.678+0000][8][gc          ] GC(9) Pause Young (Concurrent Start) (Metadata GC Threshold) 304M->48M(512M) 39.031ms
[2022-04-22T06:54:22.678+0000][8][gc,cpu      ] GC(9) User=0.08s Sys=0.00s Real=0.04s
[2022-04-22T06:54:22.679+0000][8][gc          ] GC(10) Concurrent Mark Cycle
[2022-04-22T06:54:22.680+0000][8][gc,marking  ] GC(10) Concurrent Clear Claimed Marks
[2022-04-22T06:54:22.681+0000][8][gc,marking  ] GC(10) Concurrent Clear Claimed Marks 0.624ms
[2022-04-22T06:54:22.681+0000][8][gc,marking  ] GC(10) Concurrent Scan Root Regions
[2022-04-22T06:54:22.679+0000][8][safepoint   ] Safepoint "CollectForMetadataAllocation", Time since last: 121519042 ns, Reaching safepoint: 233792 ns, At safepoint: 40565333 ns, Total: 40799125 ns
[2022-04-22T06:54:22.697+0000][8][gc,marking  ] GC(10) Concurrent Scan Root Regions 15.397ms
[2022-04-22T06:54:22.698+0000][8][gc,marking  ] GC(10) Concurrent Mark
[2022-04-22T06:54:22.699+0000][8][gc,marking  ] GC(10) Concurrent Mark From Roots
[2022-04-22T06:54:22.700+0000][8][gc,task     ] GC(10) Using 1 workers of 1 for marking
[2022-04-22T06:54:22.708+0000][8][safepoint   ] Safepoint "CollectForMetadataAllocation", Time since last: 28513167 ns, Reaching safepoint: 114625 ns, At safepoint: 33416 ns, Total: 148041 ns
[2022-04-22T06:54:22.715+0000][8][gc,marking  ] GC(10) Concurrent Mark From Roots 16.299ms
[2022-04-22T06:54:22.717+0000][8][gc,marking  ] GC(10) Concurrent Preclean
[2022-04-22T06:54:22.717+0000][8][gc,marking  ] GC(10) Concurrent Preclean 0.620ms
[2022-04-22T06:54:22.719+0000][8][gc,start    ] GC(10) Pause Remark
[2022-04-22T06:54:22.723+0000][8][gc          ] GC(10) Pause Remark 50M->50M(512M) 3.592ms
[2022-04-22T06:54:22.723+0000][8][gc,cpu      ] GC(10) User=0.01s Sys=0.00s Real=0.00s
[2022-04-22T06:54:22.724+0000][8][safepoint   ] Safepoint "G1Concurrent", Time since last: 10348167 ns, Reaching safepoint: 475542 ns, At safepoint: 5537208 ns, Total: 6012750 ns
[2022-04-22T06:54:22.726+0000][8][gc,marking  ] GC(10) Concurrent Mark 28.514ms
[2022-04-22T06:54:22.727+0000][8][gc,marking  ] GC(10) Concurrent Rebuild Remembered Sets
[2022-04-22T06:54:22.730+0000][8][gc,marking  ] GC(10) Concurrent Rebuild Remembered Sets 2.985ms
[2022-04-22T06:54:22.734+0000][8][gc,start    ] GC(10) Pause Cleanup
[2022-04-22T06:54:22.735+0000][8][gc          ] GC(10) Pause Cleanup 52M->52M(512M) 1.092ms
[2022-04-22T06:54:22.736+0000][8][gc,cpu      ] GC(10) User=0.01s Sys=0.00s Real=0.00s
[2022-04-22T06:54:22.737+0000][8][safepoint   ] Safepoint "G1Concurrent", Time since last: 6895792 ns, Reaching safepoint: 2252958 ns, At safepoint: 2987042 ns, Total: 5240000 ns
[2022-04-22T06:54:22.737+0000][8][gc,marking  ] GC(10) Concurrent Cleanup for Next Mark
[2022-04-22T06:54:22.738+0000][8][gc,marking  ] GC(10) Concurrent Cleanup for Next Mark 0.916ms
[2022-04-22T06:54:22.739+0000][8][gc          ] GC(10) Concurrent Mark Cycle 59.720ms
[2022-04-22T06:54:22.859+0000][8][safepoint   ] Safepoint "ICBufferFull", Time since last: 122257750 ns, Reaching safepoint: 108416 ns, At safepoint: 5250 ns, Total: 113666 ns
[2022-04-22T06:54:23.293+0000][8][safepoint   ] Safepoint "ICBufferFull", Time since last: 433917417 ns, Reaching safepoint: 127334 ns, At safepoint: 8291 ns, Total: 135625 ns
[2022-04-22T06:54:23.403+0000][8][safepoint   ] Safepoint "ICBufferFull", Time since last: 109503334 ns, Reaching safepoint: 170208 ns, At safepoint: 10333 ns, Total: 180541 ns
[2022-04-22T06:54:23.425+0000][8][safepoint   ] Safepoint "ICBufferFull", Time since last: 22275375 ns, Reaching safepoint: 156209 ns, At safepoint: 3000 ns, Total: 159209 ns
[2022-04-22T06:54:23.553+0000][8][gc,start    ] GC(11) Pause Young (Concurrent Start) (G1 Evacuation Pause)
[2022-04-22T06:54:23.554+0000][8][gc,task     ] GC(11) Using 5 workers of 5 for evacuation
[2022-04-22T06:54:23.555+0000][8][gc,age      ] GC(11) Desired survivor size 20971520 bytes, new threshold 1 (max threshold 15)
[2022-04-22T06:54:23.581+0000][8][gc,age      ] GC(11) Age table with threshold 1 (max threshold 15)
[2022-04-22T06:54:23.582+0000][8][gc,age      ] GC(11) - age   1:    6108080 bytes,    6108080 total
[2022-04-22T06:54:23.583+0000][8][gc,phases   ] GC(11)   Pre Evacuate Collection Set: 0.1ms
[2022-04-22T06:54:23.584+0000][8][gc,phases   ] GC(11)   Merge Heap Roots: 0.1ms
[2022-04-22T06:54:23.585+0000][8][gc,phases   ] GC(11)   Evacuate Collection Set: 22.5ms
[2022-04-22T06:54:23.586+0000][8][gc,phases   ] GC(11)   Post Evacuate Collection Set: 1.4ms
[2022-04-22T06:54:23.587+0000][8][gc,phases   ] GC(11)   Other: 6.0ms
[2022-04-22T06:54:23.587+0000][8][gc,heap     ] GC(11) Eden regions: 66->0(74)
[2022-04-22T06:54:23.588+0000][8][gc,heap     ] GC(11) Survivor regions: 10->2(10)
[2022-04-22T06:54:23.589+0000][8][gc,heap     ] GC(11) Old regions: 2->11
[2022-04-22T06:54:23.590+0000][8][gc,heap     ] GC(11) Archive regions: 2->2
[2022-04-22T06:54:23.591+0000][8][gc,heap     ] GC(11) Humongous regions: 0->0
[2022-04-22T06:54:23.592+0000][8][gc,metaspace] GC(11) Metaspace: 52152K(53376K)->52152K(53376K) NonClass: 45070K(45824K)->45070K(45824K) Class: 7081K(7552K)->7081K(7552K)
[2022-04-22T06:54:23.593+0000][8][gc          ] GC(11) Pause Young (Concurrent Start) (G1 Evacuation Pause) 312M->55M(512M) 39.775ms
[2022-04-22T06:54:23.594+0000][8][gc,cpu      ] GC(11) User=0.11s Sys=0.01s Real=0.04s
[2022-04-22T06:54:23.595+0000][8][gc          ] GC(12) Concurrent Mark Cycle
[2022-04-22T06:54:23.597+0000][8][gc,marking  ] GC(12) Concurrent Clear Claimed Marks
[2022-04-22T06:54:23.598+0000][8][gc,marking  ] GC(12) Concurrent Clear Claimed Marks 0.815ms
[2022-04-22T06:54:23.599+0000][8][gc,marking  ] GC(12) Concurrent Scan Root Regions
[2022-04-22T06:54:23.596+0000][8][safepoint   ] Safepoint "G1CollectForAllocation", Time since last: 128015208 ns, Reaching safepoint: 85125 ns, At safepoint: 41591208 ns, Total: 41676333 ns
[2022-04-22T06:54:23.619+0000][8][gc,marking  ] GC(12) Concurrent Scan Root Regions 20.333ms
[2022-04-22T06:54:23.620+0000][8][gc,marking  ] GC(12) Concurrent Mark
[2022-04-22T06:54:23.621+0000][8][gc,marking  ] GC(12) Concurrent Mark From Roots
[2022-04-22T06:54:23.622+0000][8][gc,task     ] GC(12) Using 1 workers of 1 for marking
[2022-04-22T06:54:23.632+0000][8][gc,marking  ] GC(12) Concurrent Mark From Roots 11.713ms
[2022-04-22T06:54:23.634+0000][8][gc,marking  ] GC(12) Concurrent Preclean
[2022-04-22T06:54:23.635+0000][8][gc,marking  ] GC(12) Concurrent Preclean 0.931ms
[2022-04-22T06:54:23.637+0000][8][gc,start    ] GC(12) Pause Remark
[2022-04-22T06:54:23.641+0000][8][gc          ] GC(12) Pause Remark 65M->65M(512M) 3.330ms
[2022-04-22T06:54:23.642+0000][8][gc,cpu      ] GC(12) User=0.01s Sys=0.00s Real=0.00s
[2022-04-22T06:54:23.642+0000][8][safepoint   ] Safepoint "G1Concurrent", Time since last: 42217459 ns, Reaching safepoint: 397750 ns, At safepoint: 4886833 ns, Total: 5284583 ns
[2022-04-22T06:54:23.643+0000][8][gc,marking  ] GC(12) Concurrent Mark 23.314ms
[2022-04-22T06:54:23.644+0000][8][gc,marking  ] GC(12) Concurrent Rebuild Remembered Sets
[2022-04-22T06:54:23.645+0000][8][gc,marking  ] GC(12) Concurrent Rebuild Remembered Sets 0.801ms
[2022-04-22T06:54:23.646+0000][8][gc,start    ] GC(12) Pause Cleanup
[2022-04-22T06:54:23.647+0000][8][gc          ] GC(12) Pause Cleanup 65M->65M(512M) 0.847ms
[2022-04-22T06:54:23.648+0000][8][gc,cpu      ] GC(12) User=0.00s Sys=0.00s Real=0.01s
[2022-04-22T06:54:23.648+0000][8][safepoint   ] Safepoint "G1Concurrent", Time since last: 3545750 ns, Reaching safepoint: 208500 ns, At safepoint: 2163917 ns, Total: 2372417 ns
[2022-04-22T06:54:23.649+0000][8][gc,marking  ] GC(12) Concurrent Cleanup for Next Mark
[2022-04-22T06:54:23.650+0000][8][gc,marking  ] GC(12) Concurrent Cleanup for Next Mark 1.005ms
[2022-04-22T06:54:23.651+0000][8][gc          ] GC(12) Concurrent Mark Cycle 56.445ms
[2022-04-22T06:54:23.926+0000][8][safepoint   ] Safepoint "ICBufferFull", Time since last: 277599833 ns, Reaching safepoint: 197792 ns, At safepoint: 11708 ns, Total: 209500 ns
[2022-04-22T06:54:24.178+0000][8][safepoint   ] Safepoint "ICBufferFull", Time since last: 251947125 ns, Reaching safepoint: 479417 ns, At safepoint: 2208 ns, Total: 481625 ns
[2022-04-22T06:54:24.542+0000][8][safepoint   ] Safepoint "ICBufferFull", Time since last: 362990667 ns, Reaching safepoint: 175708 ns, At safepoint: 98542 ns, Total: 274250 ns
[2022-04-22T06:54:24.714+0000][8][safepoint   ] Safepoint "ICBufferFull", Time since last: 171784167 ns, Reaching safepoint: 120458 ns, At safepoint: 38584 ns, Total: 159042 ns
[2022-04-22T06:54:24.940+0000][8][safepoint   ] Safepoint "ICBufferFull", Time since last: 225707958 ns, Reaching safepoint: 189833 ns, At safepoint: 3167 ns, Total: 193000 ns
[2022-04-22T06:54:25.065+0000][8][safepoint   ] Safepoint "ICBufferFull", Time since last: 125005375 ns, Reaching safepoint: 584292 ns, At safepoint: 29958 ns, Total: 614250 ns
[2022-04-22T06:54:25.118+0000][8][safepoint   ] Safepoint "ICBufferFull", Time since last: 52716125 ns, Reaching safepoint: 170292 ns, At safepoint: 11208 ns, Total: 181500 ns
[2022-04-22T06:54:25.223+0000][8][safepoint   ] Safepoint "ICBufferFull", Time since last: 104869083 ns, Reaching safepoint: 128542 ns, At safepoint: 3417 ns, Total: 131959 ns
[2022-04-22T06:54:25.459+0000][8][gc,start    ] GC(13) Pause Young (Normal) (G1 Evacuation Pause)
[2022-04-22T06:54:25.461+0000][8][gc,task     ] GC(13) Using 5 workers of 5 for evacuation
[2022-04-22T06:54:25.462+0000][8][gc,age      ] GC(13) Desired survivor size 20971520 bytes, new threshold 15 (max threshold 15)
[2022-04-22T06:54:25.488+0000][8][gc,age      ] GC(13) Age table with threshold 15 (max threshold 15)
[2022-04-22T06:54:25.493+0000][8][gc,age      ] GC(13) - age   1:   13982528 bytes,   13982528 total
[2022-04-22T06:54:25.495+0000][8][gc,age      ] GC(13) - age   2:    5890136 bytes,   19872664 total
[2022-04-22T06:54:25.497+0000][8][gc,phases   ] GC(13)   Pre Evacuate Collection Set: 0.3ms
[2022-04-22T06:54:25.498+0000][8][gc,phases   ] GC(13)   Merge Heap Roots: 0.1ms
[2022-04-22T06:54:25.500+0000][8][gc,phases   ] GC(13)   Evacuate Collection Set: 14.5ms
[2022-04-22T06:54:25.503+0000][8][gc,phases   ] GC(13)   Post Evacuate Collection Set: 8.3ms
[2022-04-22T06:54:25.504+0000][8][gc,phases   ] GC(13)   Other: 14.5ms
[2022-04-22T06:54:25.505+0000][8][gc,heap     ] GC(13) Eden regions: 74->0(71)
[2022-04-22T06:54:25.506+0000][8][gc,heap     ] GC(13) Survivor regions: 2->5(10)
[2022-04-22T06:54:25.507+0000][8][gc,heap     ] GC(13) Old regions: 11->11
[2022-04-22T06:54:25.507+0000][8][gc,heap     ] GC(13) Archive regions: 2->2
[2022-04-22T06:54:25.508+0000][8][gc,heap     ] GC(13) Humongous regions: 0->0
[2022-04-22T06:54:25.509+0000][8][gc,metaspace] GC(13) Metaspace: 86915K(88448K)->86915K(88448K) NonClass: 74827K(75712K)->74827K(75712K) Class: 12088K(12736K)->12088K(12736K)
[2022-04-22T06:54:25.510+0000][8][gc          ] GC(13) Pause Young (Normal) (G1 Evacuation Pause) 351M->67M(512M) 50.588ms
[2022-04-22T06:54:25.511+0000][8][gc,cpu      ] GC(13) User=0.05s Sys=0.00s Real=0.05s
[2022-04-22T06:54:25.512+0000][8][safepoint   ] Safepoint "G1CollectForAllocation", Time since last: 236181917 ns, Reaching safepoint: 105875 ns, At safepoint: 52325500 ns, Total: 52431375 ns
[2022-04-22T06:54:25.565+0000][8][gc,start    ] GC(14) Pause Young (Concurrent Start) (Metadata GC Threshold)
[2022-04-22T06:54:25.566+0000][8][gc,task     ] GC(14) Using 5 workers of 5 for evacuation
[2022-04-22T06:54:25.567+0000][8][gc,age      ] GC(14) Desired survivor size 20971520 bytes, new threshold 15 (max threshold 15)
[2022-04-22T06:54:25.576+0000][8][gc,age      ] GC(14) Age table with threshold 15 (max threshold 15)
[2022-04-22T06:54:25.578+0000][8][gc,age      ] GC(14) - age   1:     314056 bytes,     314056 total
[2022-04-22T06:54:25.578+0000][8][gc,age      ] GC(14) - age   2:   13728928 bytes,   14042984 total
[2022-04-22T06:54:25.579+0000][8][gc,age      ] GC(14) - age   3:    5865024 bytes,   19908008 total
[2022-04-22T06:54:25.580+0000][8][gc,phases   ] GC(14)   Pre Evacuate Collection Set: 0.4ms
[2022-04-22T06:54:25.581+0000][8][gc,phases   ] GC(14)   Merge Heap Roots: 0.1ms
[2022-04-22T06:54:25.582+0000][8][gc,phases   ] GC(14)   Evacuate Collection Set: 6.7ms
[2022-04-22T06:54:25.582+0000][8][gc,phases   ] GC(14)   Post Evacuate Collection Set: 1.2ms
[2022-04-22T06:54:25.583+0000][8][gc,phases   ] GC(14)   Other: 6.9ms
[2022-04-22T06:54:25.584+0000][8][gc,heap     ] GC(14) Eden regions: 2->0(70)
[2022-04-22T06:54:25.585+0000][8][gc,heap     ] GC(14) Survivor regions: 5->6(10)
[2022-04-22T06:54:25.586+0000][8][gc,heap     ] GC(14) Old regions: 11->11
[2022-04-22T06:54:25.586+0000][8][gc,heap     ] GC(14) Archive regions: 2->2
[2022-04-22T06:54:25.587+0000][8][gc,heap     ] GC(14) Humongous regions: 0->0
[2022-04-22T06:54:25.588+0000][8][gc,metaspace] GC(14) Metaspace: 87489K(88960K)->87489K(88960K) NonClass: 75302K(76160K)->75302K(76160K) Class: 12187K(12800K)->12187K(12800K)
[2022-04-22T06:54:25.589+0000][8][gc          ] GC(14) Pause Young (Concurrent Start) (Metadata GC Threshold) 73M->68M(512M) 23.733ms
[2022-04-22T06:54:25.590+0000][8][gc,cpu      ] GC(14) User=0.04s Sys=0.01s Real=0.03s
[2022-04-22T06:54:25.591+0000][8][safepoint   ] Safepoint "CollectForMetadataAllocation", Time since last: 53283166 ns, Reaching safepoint: 102959 ns, At safepoint: 25485625 ns, Total: 25588584 ns
[2022-04-22T06:54:25.591+0000][8][gc          ] GC(15) Concurrent Mark Cycle
[2022-04-22T06:54:25.592+0000][8][gc,marking  ] GC(15) Concurrent Clear Claimed Marks
[2022-04-22T06:54:25.594+0000][8][gc,marking  ] GC(15) Concurrent Clear Claimed Marks 1.537ms
[2022-04-22T06:54:25.594+0000][8][gc,marking  ] GC(15) Concurrent Scan Root Regions
[2022-04-22T06:54:25.609+0000][8][gc,marking  ] GC(15) Concurrent Scan Root Regions 14.281ms
[2022-04-22T06:54:25.609+0000][8][gc,marking  ] GC(15) Concurrent Mark
[2022-04-22T06:54:25.610+0000][8][gc,marking  ] GC(15) Concurrent Mark From Roots
[2022-04-22T06:54:25.611+0000][8][gc,task     ] GC(15) Using 1 workers of 1 for marking
[2022-04-22T06:54:25.657+0000][8][gc,marking  ] GC(15) Concurrent Mark From Roots 47.175ms
[2022-04-22T06:54:25.658+0000][8][gc,marking  ] GC(15) Concurrent Preclean
[2022-04-22T06:54:25.659+0000][8][gc,marking  ] GC(15) Concurrent Preclean 1.086ms
[2022-04-22T06:54:25.660+0000][8][gc,start    ] GC(15) Pause Remark
[2022-04-22T06:54:25.664+0000][8][gc          ] GC(15) Pause Remark 70M->70M(512M) 3.897ms
[2022-04-22T06:54:25.665+0000][8][gc,cpu      ] GC(15) User=0.01s Sys=0.00s Real=0.00s
[2022-04-22T06:54:25.666+0000][8][safepoint   ] Safepoint "G1Concurrent", Time since last: 69398500 ns, Reaching safepoint: 96791 ns, At safepoint: 5559667 ns, Total: 5656458 ns
[2022-04-22T06:54:25.667+0000][8][gc,marking  ] GC(15) Concurrent Mark 57.180ms
[2022-04-22T06:54:25.667+0000][8][gc,marking  ] GC(15) Concurrent Rebuild Remembered Sets
[2022-04-22T06:54:25.668+0000][8][gc,marking  ] GC(15) Concurrent Rebuild Remembered Sets 0.936ms
[2022-04-22T06:54:25.669+0000][8][gc,start    ] GC(15) Pause Cleanup
[2022-04-22T06:54:25.670+0000][8][gc          ] GC(15) Pause Cleanup 71M->71M(512M) 0.961ms
[2022-04-22T06:54:25.670+0000][8][gc,cpu      ] GC(15) User=0.00s Sys=0.00s Real=0.00s
[2022-04-22T06:54:25.671+0000][8][safepoint   ] Safepoint "G1Concurrent", Time since last: 3200458 ns, Reaching safepoint: 98917 ns, At safepoint: 2062042 ns, Total: 2160959 ns
[2022-04-22T06:54:25.672+0000][8][gc,marking  ] GC(15) Concurrent Cleanup for Next Mark
[2022-04-22T06:54:25.674+0000][8][gc,marking  ] GC(15) Concurrent Cleanup for Next Mark 1.565ms
[2022-04-22T06:54:25.675+0000][8][gc          ] GC(15) Concurrent Mark Cycle 83.786ms
[2022-04-22T06:54:25.973+0000][8][safepoint   ] Safepoint "ICBufferFull", Time since last: 302152000 ns, Reaching safepoint: 303917 ns, At safepoint: 19958 ns, Total: 323875 ns
[2022-04-22T06:54:26.352+0000][8][safepoint   ] Safepoint "ICBufferFull", Time since last: 378425833 ns, Reaching safepoint: 162959 ns, At safepoint: 3541 ns, Total: 166500 ns
[2022-04-22T06:54:26.627+0000][8][safepoint   ] Safepoint "ICBufferFull", Time since last: 274763875 ns, Reaching safepoint: 192334 ns, At safepoint: 92625 ns, Total: 284959 ns
[2022-04-22T06:54:26.935+0000][8][safepoint   ] Safepoint "ICBufferFull", Time since last: 307923250 ns, Reaching safepoint: 413333 ns, At safepoint: 10500 ns, Total: 423833 ns
[2022-04-22T06:54:27.291+0000][8][safepoint   ] Safepoint "ICBufferFull", Time since last: 355695792 ns, Reaching safepoint: 220875 ns, At safepoint: 15292 ns, Total: 236167 ns
[2022-04-22T06:54:27.659+0000][8][safepoint   ] Safepoint "ICBufferFull", Time since last: 367591833 ns, Reaching safepoint: 233917 ns, At safepoint: 9958 ns, Total: 243875 ns
[2022-04-22T06:54:27.928+0000][8][safepoint   ] Safepoint "ICBufferFull", Time since last: 268673042 ns, Reaching safepoint: 342833 ns, At safepoint: 20084 ns, Total: 362917 ns
[2022-04-22T06:54:28.934+0000][8][safepoint   ] Safepoint "Cleanup", Time since last: 1005327875 ns, Reaching safepoint: 337333 ns, At safepoint: 12834 ns, Total: 350167 ns
[2022-04-22T06:54:29.941+0000][8][safepoint   ] Safepoint "Cleanup", Time since last: 1006038917 ns, Reaching safepoint: 198041 ns, At safepoint: 4167 ns, Total: 202208 ns
[2022-04-22T06:54:30.947+0000][8][safepoint   ] Safepoint "Cleanup", Time since last: 1006532126 ns, Reaching safepoint: 72083 ns, At safepoint: 1708 ns, Total: 73791 ns
[2022-04-22T06:54:32.951+0000][8][safepoint   ] Safepoint "Cleanup", Time since last: 2004002418 ns, Reaching safepoint: 215708 ns, At safepoint: 8959 ns, Total: 224667 ns
[2022-04-22T06:54:35.963+0000][8][safepoint   ] Safepoint "Cleanup", Time since last: 3011446209 ns, Reaching safepoint: 134292 ns, At safepoint: 3375 ns, Total: 137667 ns
[2022-04-22T06:54:44.994+0000][8][safepoint   ] Safepoint "Cleanup", Time since last: 9030733754 ns, Reaching safepoint: 63167 ns, At safepoint: 2208 ns, Total: 65375 ns
[2022-04-22T06:54:45.999+0000][8][safepoint   ] Safepoint "Cleanup", Time since last: 1004679709 ns, Reaching safepoint: 184375 ns, At safepoint: 4125 ns, Total: 188500 ns
[2022-04-22T06:54:48.664+0000][8][safepoint   ] Safepoint "Cleanup", Time since last: 2665331126 ns, Reaching safepoint: 162000 ns, At safepoint: 14625 ns, Total: 176625 ns
[2022-04-22T06:54:49.698+0000][8][safepoint   ] Safepoint "Cleanup", Time since last: 1034143501 ns, Reaching safepoint: 183208 ns, At safepoint: 12125 ns, Total: 195333 ns
[2022-04-22T06:54:52.707+0000][8][safepoint   ] Safepoint "Cleanup", Time since last: 3008679710 ns, Reaching safepoint: 131625 ns, At safepoint: 2917 ns, Total: 134542 ns
[2022-04-22T06:54:53.711+0000][8][safepoint   ] Safepoint "Cleanup", Time since last: 1003797458 ns, Reaching safepoint: 49709 ns, At safepoint: 2541 ns, Total: 52250 ns
[2022-04-22T06:54:55.718+0000][8][safepoint   ] Safepoint "Cleanup", Time since last: 2006238835 ns, Reaching safepoint: 103166 ns, At safepoint: 4042 ns, Total: 107208 ns
[2022-04-22T06:54:56.719+0000][8][safepoint   ] Safepoint "Cleanup", Time since last: 1001121834 ns, Reaching safepoint: 100917 ns, At safepoint: 4208 ns, Total: 105125 ns
[2022-04-22T06:54:57.721+0000][8][safepoint   ] Safepoint "Cleanup", Time since last: 1002071292 ns, Reaching safepoint: 175250 ns, At safepoint: 4333 ns, Total: 179583 ns
[2022-04-22T06:54:58.725+0000][8][safepoint   ] Safepoint "Cleanup", Time since last: 1004487792 ns, Reaching safepoint: 46500 ns, At safepoint: 3500 ns, Total: 50000 ns
[2022-04-22T06:55:01.733+0000][8][safepoint   ] Safepoint "Cleanup", Time since last: 3007455960 ns, Reaching safepoint: 183500 ns, At safepoint: 3416 ns, Total: 186916 ns
[2022-04-22T06:55:02.735+0000][8][safepoint   ] Safepoint "Cleanup", Time since last: 1002535751 ns, Reaching safepoint: 130250 ns, At safepoint: 3291 ns, Total: 133541 ns
[2022-04-22T06:55:04.742+0000][8][safepoint   ] Safepoint "Cleanup", Time since last: 2006390585 ns, Reaching safepoint: 48083 ns, At safepoint: 1792 ns, Total: 49875 ns
[2022-04-22T06:55:05.743+0000][8][safepoint   ] Safepoint "Cleanup", Time since last: 1001281834 ns, Reaching safepoint: 229583 ns, At safepoint: 5375 ns, Total: 234958 ns
[2022-04-22T06:55:08.052+0000][8][gc,start    ] GC(16) Pause Young (Normal) (G1 Evacuation Pause)
[2022-04-22T06:55:08.053+0000][8][gc,task     ] GC(16) Using 5 workers of 5 for evacuation
[2022-04-22T06:55:08.055+0000][8][gc,age      ] GC(16) Desired survivor size 20971520 bytes, new threshold 15 (max threshold 15)
[2022-04-22T06:55:08.073+0000][8][gc,age      ] GC(16) Age table with threshold 15 (max threshold 15)
[2022-04-22T06:55:08.074+0000][8][gc,age      ] GC(16) - age   1:    7200416 bytes,    7200416 total
[2022-04-22T06:55:08.075+0000][8][gc,age      ] GC(16) - age   2:     209696 bytes,    7410112 total
[2022-04-22T06:55:08.076+0000][8][gc,age      ] GC(16) - age   3:   13510792 bytes,   20920904 total
[2022-04-22T06:55:08.077+0000][8][gc,age      ] GC(16) - age   4:    5684392 bytes,   26605296 total
[2022-04-22T06:55:08.078+0000][8][gc,phases   ] GC(16)   Pre Evacuate Collection Set: 0.2ms
[2022-04-22T06:55:08.078+0000][8][gc,phases   ] GC(16)   Merge Heap Roots: 0.1ms
[2022-04-22T06:55:08.079+0000][8][gc,phases   ] GC(16)   Evacuate Collection Set: 15.3ms
[2022-04-22T06:55:08.080+0000][8][gc,phases   ] GC(16)   Post Evacuate Collection Set: 1.7ms
[2022-04-22T06:55:08.081+0000][8][gc,phases   ] GC(16)   Other: 8.3ms
[2022-04-22T06:55:08.081+0000][8][gc,heap     ] GC(16) Eden regions: 70->0(69)
[2022-04-22T06:55:08.082+0000][8][gc,heap     ] GC(16) Survivor regions: 6->7(10)
[2022-04-22T06:55:08.083+0000][8][gc,heap     ] GC(16) Old regions: 11->11
[2022-04-22T06:55:08.084+0000][8][gc,heap     ] GC(16) Archive regions: 2->2
[2022-04-22T06:55:08.085+0000][8][gc,heap     ] GC(16) Humongous regions: 6->6
[2022-04-22T06:55:08.086+0000][8][gc,metaspace] GC(16) Metaspace: 99859K(101376K)->99859K(101376K) NonClass: 85822K(86720K)->85822K(86720K) Class: 14037K(14656K)->14037K(14656K)
[2022-04-22T06:55:08.086+0000][8][gc          ] GC(16) Pause Young (Normal) (G1 Evacuation Pause) 372M->98M(512M) 34.222ms
[2022-04-22T06:55:08.087+0000][8][gc,cpu      ] GC(16) User=0.05s Sys=0.00s Real=0.04s
[2022-04-22T06:55:08.088+0000][8][safepoint   ] Safepoint "G1CollectForAllocation", Time since last: 2308602834 ns, Reaching safepoint: 105709 ns, At safepoint: 35804583 ns, Total: 35910292 ns
[2022-04-22T06:55:08.140+0000][8][safepoint   ] Safepoint "ICBufferFull", Time since last: 52401750 ns, Reaching safepoint: 131458 ns, At safepoint: 6209 ns, Total: 137667 ns
[2022-04-22T06:55:08.389+0000][8][safepoint   ] Safepoint "ICBufferFull", Time since last: 248378208 ns, Reaching safepoint: 98333 ns, At safepoint: 10417 ns, Total: 108750 ns
[2022-04-22T06:55:09.391+0000][8][safepoint   ] Safepoint "Cleanup", Time since last: 1001825042 ns, Reaching safepoint: 269292 ns, At safepoint: 4042 ns, Total: 273334 ns
[2022-04-22T06:55:11.399+0000][8][safepoint   ] Safepoint "Cleanup", Time since last: 2007963667 ns, Reaching safepoint: 132584 ns, At safepoint: 2666 ns, Total: 135250 ns
[2022-04-22T06:55:13.401+0000][8][safepoint   ] Safepoint "Cleanup", Time since last: 2002163126 ns, Reaching safepoint: 50584 ns, At safepoint: 2125 ns, Total: 52709 ns
[2022-04-22T06:55:14.402+0000][8][safepoint   ] Safepoint "Cleanup", Time since last: 1000839333 ns, Reaching safepoint: 89417 ns, At safepoint: 3583 ns, Total: 93000 ns
[2022-04-22T06:55:17.491+0000][8][safepoint   ] Safepoint "ICBufferFull", Time since last: 3088824543 ns, Reaching safepoint: 209084 ns, At safepoint: 14541 ns, Total: 223625 ns
[2022-04-22T06:55:17.615+0000][8][safepoint   ] Safepoint "ICBufferFull", Time since last: 123958709 ns, Reaching safepoint: 179083 ns, At safepoint: 13959 ns, Total: 193042 ns
[2022-04-22T06:55:17.778+0000][8][safepoint   ] Safepoint "ICBufferFull", Time since last: 162490875 ns, Reaching safepoint: 208833 ns, At safepoint: 6792 ns, Total: 215625 ns
[2022-04-22T06:55:18.135+0000][8][safepoint   ] Safepoint "ICBufferFull", Time since last: 357139500 ns, Reaching safepoint: 144833 ns, At safepoint: 15792 ns, Total: 160625 ns
[2022-04-22T06:55:18.364+0000][8][safepoint   ] Safepoint "ICBufferFull", Time since last: 228359667 ns, Reaching safepoint: 219916 ns, At safepoint: 4375 ns, Total: 224291 ns
[2022-04-22T06:55:18.543+0000][8][safepoint   ] Safepoint "ICBufferFull", Time since last: 179088750 ns, Reaching safepoint: 286542 ns, At safepoint: 14583 ns, Total: 301125 ns
[2022-04-22T06:55:18.809+0000][8][safepoint   ] Safepoint "ICBufferFull", Time since last: 265772917 ns, Reaching safepoint: 260583 ns, At safepoint: 36625 ns, Total: 297208 ns
[2022-04-22T06:55:19.147+0000][8][safepoint   ] Safepoint "ICBufferFull", Time since last: 336922001 ns, Reaching safepoint: 173208 ns, At safepoint: 40042 ns, Total: 213250 ns
[2022-04-22T06:55:19.496+0000][8][safepoint   ] Safepoint "ICBufferFull", Time since last: 349573500 ns, Reaching safepoint: 282458 ns, At safepoint: 21750 ns, Total: 304208 ns
[2022-04-22T06:55:19.632+0000][8][safepoint   ] Safepoint "ICBufferFull", Time since last: 135550792 ns, Reaching safepoint: 157750 ns, At safepoint: 19166 ns, Total: 176916 ns
[2022-04-22T06:55:20.039+0000][8][safepoint   ] Safepoint "ICBufferFull", Time since last: 406251584 ns, Reaching safepoint: 396625 ns, At safepoint: 12333 ns, Total: 408958 ns
[2022-04-22T06:55:20.655+0000][8][safepoint   ] Safepoint "ICBufferFull", Time since last: 616426792 ns, Reaching safepoint: 162584 ns, At safepoint: 11416 ns, Total: 174000 ns
[2022-04-22T06:55:20.698+0000][8][gc,start    ] GC(17) Pause Young (Normal) (G1 Evacuation Pause)
[2022-04-22T06:55:20.699+0000][8][gc,task     ] GC(17) Using 5 workers of 5 for evacuation
[2022-04-22T06:55:20.699+0000][8][gc,age      ] GC(17) Desired survivor size 20971520 bytes, new threshold 4 (max threshold 15)
[2022-04-22T06:55:20.713+0000][8][gc,age      ] GC(17) Age table with threshold 4 (max threshold 15)
[2022-04-22T06:55:20.714+0000][8][gc,age      ] GC(17) - age   1:    3185688 bytes,    3185688 total
[2022-04-22T06:55:20.715+0000][8][gc,age      ] GC(17) - age   2:    6126032 bytes,    9311720 total
[2022-04-22T06:55:20.716+0000][8][gc,age      ] GC(17) - age   3:     209536 bytes,    9521256 total
[2022-04-22T06:55:20.717+0000][8][gc,age      ] GC(17) - age   4:   13509592 bytes,   23030848 total
[2022-04-22T06:55:20.718+0000][8][gc,phases   ] GC(17)   Pre Evacuate Collection Set: 0.1ms
[2022-04-22T06:55:20.718+0000][8][gc,phases   ] GC(17)   Merge Heap Roots: 0.2ms
[2022-04-22T06:55:20.719+0000][8][gc,phases   ] GC(17)   Evacuate Collection Set: 10.3ms
[2022-04-22T06:55:20.720+0000][8][gc,phases   ] GC(17)   Post Evacuate Collection Set: 1.2ms
[2022-04-22T06:55:20.721+0000][8][gc,phases   ] GC(17)   Other: 8.2ms
[2022-04-22T06:55:20.721+0000][8][gc,heap     ] GC(17) Eden regions: 69->0(70)
[2022-04-22T06:55:20.722+0000][8][gc,heap     ] GC(17) Survivor regions: 7->6(10)
[2022-04-22T06:55:20.723+0000][8][gc,heap     ] GC(17) Old regions: 11->13
[2022-04-22T06:55:20.723+0000][8][gc,heap     ] GC(17) Archive regions: 2->2
[2022-04-22T06:55:20.724+0000][8][gc,heap     ] GC(17) Humongous regions: 6->6
[2022-04-22T06:55:20.724+0000][8][gc,metaspace] GC(17) Metaspace: 102892K(104384K)->102892K(104384K) NonClass: 88671K(89536K)->88671K(89536K) Class: 14220K(14848K)->14220K(14848K)
[2022-04-22T06:55:20.725+0000][8][gc          ] GC(17) Pause Young (Normal) (G1 Evacuation Pause) 374M->99M(512M) 27.590ms
[2022-04-22T06:55:20.726+0000][8][gc,cpu      ] GC(17) User=0.05s Sys=0.00s Real=0.02s
[2022-04-22T06:55:20.727+0000][8][safepoint   ] Safepoint "G1CollectForAllocation", Time since last: 42254542 ns, Reaching safepoint: 49417 ns, At safepoint: 29020166 ns, Total: 29069583 ns
[2022-04-22T06:55:21.331+0000][8][safepoint   ] Safepoint "ICBufferFull", Time since last: 604086334 ns, Reaching safepoint: 138583 ns, At safepoint: 16542 ns, Total: 155125 ns
[2022-04-22T06:55:21.863+0000][8][safepoint   ] Safepoint "ICBufferFull", Time since last: 531341709 ns, Reaching safepoint: 335291 ns, At safepoint: 40417 ns, Total: 375708 ns
[2022-04-22T06:55:22.555+0000][8][safepoint   ] Safepoint "ICBufferFull", Time since last: 692398959 ns, Reaching safepoint: 163041 ns, At safepoint: 3875 ns, Total: 166916 ns
[2022-04-22T06:55:22.984+0000][8][safepoint   ] Safepoint "ICBufferFull", Time since last: 428492875 ns, Reaching safepoint: 105209 ns, At safepoint: 2250 ns, Total: 107459 ns
[2022-04-22T06:55:23.377+0000][8][safepoint   ] Safepoint "ICBufferFull", Time since last: 392454125 ns, Reaching safepoint: 433750 ns, At safepoint: 4000 ns, Total: 437750 ns
[2022-04-22T06:55:24.165+0000][8][safepoint   ] Safepoint "ICBufferFull", Time since last: 787642542 ns, Reaching safepoint: 228125 ns, At safepoint: 3917 ns, Total: 232042 ns
[2022-04-22T06:55:25.166+0000][8][safepoint   ] Safepoint "Cleanup", Time since last: 1001101417 ns, Reaching safepoint: 236791 ns, At safepoint: 3542 ns, Total: 240333 ns
[2022-04-22T06:55:25.829+0000][8][safepoint   ] Safepoint "ICBufferFull", Time since last: 662719417 ns, Reaching safepoint: 298875 ns, At safepoint: 3875 ns, Total: 302750 ns
[2022-04-22T06:55:26.176+0000][8][safepoint   ] Safepoint "ICBufferFull", Time since last: 346794750 ns, Reaching safepoint: 171625 ns, At safepoint: 5375 ns, Total: 177000 ns
[2022-04-22T06:55:26.707+0000][8][safepoint   ] Safepoint "ICBufferFull", Time since last: 530688751 ns, Reaching safepoint: 232041 ns, At safepoint: 6917 ns, Total: 238958 ns
[2022-04-22T06:55:27.197+0000][8][gc,start    ] GC(18) Pause Young (Normal) (G1 Evacuation Pause)
[2022-04-22T06:55:27.198+0000][8][gc,task     ] GC(18) Using 5 workers of 5 for evacuation
[2022-04-22T06:55:27.199+0000][8][gc,age      ] GC(18) Desired survivor size 20971520 bytes, new threshold 4 (max threshold 15)
[2022-04-22T06:55:27.219+0000][8][gc,age      ] GC(18) Age table with threshold 4 (max threshold 15)
[2022-04-22T06:55:27.221+0000][8][gc,age      ] GC(18) - age   1:    2757656 bytes,    2757656 total
[2022-04-22T06:55:27.221+0000][8][gc,age      ] GC(18) - age   2:    1951872 bytes,    4709528 total
[2022-04-22T06:55:27.223+0000][8][gc,age      ] GC(18) - age   3:    6121312 bytes,   10830840 total
[2022-04-22T06:55:27.224+0000][8][gc,age      ] GC(18) - age   4:     209536 bytes,   11040376 total
[2022-04-22T06:55:27.225+0000][8][gc,phases   ] GC(18)   Pre Evacuate Collection Set: 0.3ms
[2022-04-22T06:55:27.225+0000][8][gc,phases   ] GC(18)   Merge Heap Roots: 0.0ms
[2022-04-22T06:55:27.226+0000][8][gc,phases   ] GC(18)   Evacuate Collection Set: 17.5ms
[2022-04-22T06:55:27.227+0000][8][gc,phases   ] GC(18)   Post Evacuate Collection Set: 1.3ms
[2022-04-22T06:55:27.228+0000][8][gc,phases   ] GC(18)   Other: 8.5ms
[2022-04-22T06:55:27.228+0000][8][gc,heap     ] GC(18) Eden regions: 70->0(72)
[2022-04-22T06:55:27.229+0000][8][gc,heap     ] GC(18) Survivor regions: 6->4(10)
[2022-04-22T06:55:27.229+0000][8][gc,heap     ] GC(18) Old regions: 13->16
[2022-04-22T06:55:27.230+0000][8][gc,heap     ] GC(18) Archive regions: 2->2
[2022-04-22T06:55:27.231+0000][8][gc,heap     ] GC(18) Humongous regions: 6->6
[2022-04-22T06:55:27.231+0000][8][gc,metaspace] GC(18) Metaspace: 103866K(105408K)->103866K(105408K) NonClass: 89636K(90560K)->89636K(90560K) Class: 14229K(14848K)->14229K(14848K)
[2022-04-22T06:55:27.232+0000][8][gc          ] GC(18) Pause Young (Normal) (G1 Evacuation Pause) 379M->104M(512M) 34.991ms
[2022-04-22T06:55:27.233+0000][8][gc,cpu      ] GC(18) User=0.04s Sys=0.01s Real=0.03s
[2022-04-22T06:55:27.233+0000][8][safepoint   ] Safepoint "G1CollectForAllocation", Time since last: 489834833 ns, Reaching safepoint: 164959 ns, At safepoint: 36373000 ns, Total: 36537959 ns
[2022-04-22T06:55:28.234+0000][8][safepoint   ] Safepoint "Cleanup", Time since last: 1000665750 ns, Reaching safepoint: 324834 ns, At safepoint: 10750 ns, Total: 335584 ns
[2022-04-22T06:55:29.235+0000][8][safepoint   ] Safepoint "Cleanup", Time since last: 1000890249 ns, Reaching safepoint: 129334 ns, At safepoint: 4166 ns, Total: 133500 ns
[2022-04-22T06:55:30.077+0000][8][safepoint   ] Safepoint "ICBufferFull", Time since last: 841201834 ns, Reaching safepoint: 480667 ns, At safepoint: 47625 ns, Total: 528292 ns
[2022-04-22T06:55:30.696+0000][8][safepoint   ] Safepoint "ICBufferFull", Time since last: 619622333 ns, Reaching safepoint: 157875 ns, At safepoint: 2834 ns, Total: 160709 ns
[2022-04-22T06:55:31.720+0000][8][safepoint   ] Safepoint "Cleanup", Time since last: 1022018542 ns, Reaching safepoint: 1119875 ns, At safepoint: 16375 ns, Total: 1136250 ns
[2022-04-22T06:55:32.721+0000][8][safepoint   ] Safepoint "Cleanup", Time since last: 1001078750 ns, Reaching safepoint: 212625 ns, At safepoint: 24584 ns, Total: 237209 ns
[2022-04-22T06:55:32.930+0000][8][gc,start    ] GC(19) Pause Young (Normal) (G1 Evacuation Pause)
[2022-04-22T06:55:32.931+0000][8][gc,task     ] GC(19) Using 5 workers of 5 for evacuation
[2022-04-22T06:55:32.932+0000][8][gc,age      ] GC(19) Desired survivor size 20971520 bytes, new threshold 15 (max threshold 15)
[2022-04-22T06:55:32.941+0000][8][gc,age      ] GC(19) Age table with threshold 15 (max threshold 15)
[2022-04-22T06:55:32.942+0000][8][gc,age      ] GC(19) - age   1:    4318376 bytes,    4318376 total
[2022-04-22T06:55:32.942+0000][8][gc,age      ] GC(19) - age   2:     798584 bytes,    5116960 total
[2022-04-22T06:55:32.943+0000][8][gc,age      ] GC(19) - age   3:    1912672 bytes,    7029632 total
[2022-04-22T06:55:32.945+0000][8][gc,age      ] GC(19) - age   4:    6121232 bytes,   13150864 total
[2022-04-22T06:55:32.946+0000][8][gc,age      ] GC(19) - age   5:     209536 bytes,   13360400 total
[2022-04-22T06:55:32.946+0000][8][gc,phases   ] GC(19)   Pre Evacuate Collection Set: 0.1ms
[2022-04-22T06:55:32.947+0000][8][gc,phases   ] GC(19)   Merge Heap Roots: 0.2ms
[2022-04-22T06:55:32.948+0000][8][gc,phases   ] GC(19)   Evacuate Collection Set: 6.9ms
[2022-04-22T06:55:32.949+0000][8][gc,phases   ] GC(19)   Post Evacuate Collection Set: 0.7ms
[2022-04-22T06:55:32.951+0000][8][gc,phases   ] GC(19)   Other: 8.3ms
[2022-04-22T06:55:32.952+0000][8][gc,heap     ] GC(19) Eden regions: 72->0(72)
[2022-04-22T06:55:32.953+0000][8][gc,heap     ] GC(19) Survivor regions: 4->4(10)
[2022-04-22T06:55:32.954+0000][8][gc,heap     ] GC(19) Old regions: 16->16
[2022-04-22T06:55:32.955+0000][8][gc,heap     ] GC(19) Archive regions: 2->2
[2022-04-22T06:55:32.955+0000][8][gc,heap     ] GC(19) Humongous regions: 6->6
[2022-04-22T06:55:32.956+0000][8][gc,metaspace] GC(19) Metaspace: 104186K(105728K)->104186K(105728K) NonClass: 89952K(90880K)->89952K(90880K) Class: 14233K(14848K)->14233K(14848K)
[2022-04-22T06:55:32.956+0000][8][gc          ] GC(19) Pause Young (Normal) (G1 Evacuation Pause) 392M->103M(512M) 25.792ms
[2022-04-22T06:55:32.957+0000][8][gc,cpu      ] GC(19) User=0.02s Sys=0.01s Real=0.03s
[2022-04-22T06:55:32.957+0000][8][safepoint   ] Safepoint "G1CollectForAllocation", Time since last: 209098458 ns, Reaching safepoint: 177375 ns, At safepoint: 27338834 ns, Total: 27516209 ns
[2022-04-22T06:55:33.959+0000][8][safepoint   ] Safepoint "Cleanup", Time since last: 1001029000 ns, Reaching safepoint: 296917 ns, At safepoint: 5625 ns, Total: 302542 ns
[2022-04-22T06:55:34.960+0000][8][safepoint   ] Safepoint "Cleanup", Time since last: 1001556458 ns, Reaching safepoint: 133709 ns, At safepoint: 3291 ns, Total: 137000 ns
[2022-04-22T06:55:35.787+0000][8][safepoint   ] Safepoint "ICBufferFull", Time since last: 826285501 ns, Reaching safepoint: 120292 ns, At safepoint: 67666 ns, Total: 187958 ns
[2022-04-22T06:55:36.605+0000][8][safepoint   ] Safepoint "ICBufferFull", Time since last: 814182376 ns, Reaching safepoint: 3337750 ns, At safepoint: 34458 ns, Total: 3372208 ns
[2022-04-22T06:55:36.760+0000][8][gc,start    ] GC(20) Pause Young (Normal) (G1 Evacuation Pause)
[2022-04-22T06:55:36.761+0000][8][gc,task     ] GC(20) Using 5 workers of 5 for evacuation
[2022-04-22T06:55:36.762+0000][8][gc,age      ] GC(20) Desired survivor size 20971520 bytes, new threshold 15 (max threshold 15)
[2022-04-22T06:55:36.770+0000][8][gc,age      ] GC(20) Age table with threshold 15 (max threshold 15)
[2022-04-22T06:55:36.771+0000][8][gc,age      ] GC(20) - age   1:    5288584 bytes,    5288584 total
[2022-04-22T06:55:36.772+0000][8][gc,age      ] GC(20) - age   2:     972584 bytes,    6261168 total
[2022-04-22T06:55:36.773+0000][8][gc,age      ] GC(20) - age   3:     757808 bytes,    7018976 total
[2022-04-22T06:55:36.774+0000][8][gc,age      ] GC(20) - age   4:    1901016 bytes,    8919992 total
[2022-04-22T06:55:36.774+0000][8][gc,age      ] GC(20) - age   5:    6121088 bytes,   15041080 total
[2022-04-22T06:55:36.775+0000][8][gc,age      ] GC(20) - age   6:     209536 bytes,   15250616 total
[2022-04-22T06:55:36.776+0000][8][gc,phases   ] GC(20)   Pre Evacuate Collection Set: 0.1ms
[2022-04-22T06:55:36.777+0000][8][gc,phases   ] GC(20)   Merge Heap Roots: 0.2ms
[2022-04-22T06:55:36.777+0000][8][gc,phases   ] GC(20)   Evacuate Collection Set: 5.8ms
[2022-04-22T06:55:36.778+0000][8][gc,phases   ] GC(20)   Post Evacuate Collection Set: 1.1ms
[2022-04-22T06:55:36.778+0000][8][gc,phases   ] GC(20)   Other: 9.0ms
[2022-04-22T06:55:36.779+0000][8][gc,heap     ] GC(20) Eden regions: 72->0(72)
[2022-04-22T06:55:36.779+0000][8][gc,heap     ] GC(20) Survivor regions: 4->4(10)
[2022-04-22T06:55:36.780+0000][8][gc,heap     ] GC(20) Old regions: 16->16
[2022-04-22T06:55:36.780+0000][8][gc,heap     ] GC(20) Archive regions: 2->2
[2022-04-22T06:55:36.781+0000][8][gc,heap     ] GC(20) Humongous regions: 6->6
[2022-04-22T06:55:36.781+0000][8][gc,metaspace] GC(20) Metaspace: 104730K(106304K)->104730K(106304K) NonClass: 90451K(91392K)->90451K(91392K) Class: 14278K(14912K)->14278K(14912K)
[2022-04-22T06:55:36.782+0000][8][gc          ] GC(20) Pause Young (Normal) (G1 Evacuation Pause) 391M->106M(512M) 22.765ms
[2022-04-22T06:55:36.783+0000][8][gc,cpu      ] GC(20) User=0.02s Sys=0.00s Real=0.02s
[2022-04-22T06:55:36.783+0000][8][safepoint   ] Safepoint "G1CollectForAllocation", Time since last: 154934417 ns, Reaching safepoint: 56958 ns, At safepoint: 23849292 ns, Total: 23906250 ns
[2022-04-22T06:55:37.348+0000][8][safepoint   ] Safepoint "ICBufferFull", Time since last: 563688375 ns, Reaching safepoint: 572417 ns, At safepoint: 57375 ns, Total: 629792 ns
[2022-04-22T06:55:38.294+0000][8][safepoint   ] Safepoint "ICBufferFull", Time since last: 945725875 ns, Reaching safepoint: 92500 ns, At safepoint: 1792 ns, Total: 94292 ns
[2022-04-22T06:55:38.844+0000][8][safepoint   ] Safepoint "ICBufferFull", Time since last: 549886792 ns, Reaching safepoint: 139833 ns, At safepoint: 4917 ns, Total: 144750 ns
[2022-04-22T06:55:39.845+0000][8][safepoint   ] Safepoint "Cleanup", Time since last: 1001368083 ns, Reaching safepoint: 149917 ns, At safepoint: 8083 ns, Total: 158000 ns
[2022-04-22T06:55:40.846+0000][8][safepoint   ] Safepoint "Cleanup", Time since last: 1001084376 ns, Reaching safepoint: 96417 ns, At safepoint: 4250 ns, Total: 100667 ns
[2022-04-22T06:55:41.849+0000][8][safepoint   ] Safepoint "Cleanup", Time since last: 1002560000 ns, Reaching safepoint: 142792 ns, At safepoint: 3875 ns, Total: 146667 ns
[2022-04-22T06:55:42.851+0000][8][safepoint   ] Safepoint "Cleanup", Time since last: 1002377500 ns, Reaching safepoint: 86750 ns, At safepoint: 10417 ns, Total: 97167 ns
[2022-04-22T06:55:43.173+0000][8][gc,start    ] GC(21) Pause Young (Normal) (G1 Evacuation Pause)
[2022-04-22T06:55:43.175+0000][8][gc,task     ] GC(21) Using 5 workers of 5 for evacuation
[2022-04-22T06:55:43.175+0000][8][gc,age      ] GC(21) Desired survivor size 20971520 bytes, new threshold 15 (max threshold 15)
[2022-04-22T06:55:43.183+0000][8][gc,age      ] GC(21) Age table with threshold 15 (max threshold 15)
[2022-04-22T06:55:43.184+0000][8][gc,age      ] GC(21) - age   1:    6349944 bytes,    6349944 total
[2022-04-22T06:55:43.185+0000][8][gc,age      ] GC(21) - age   2:     524712 bytes,    6874656 total
[2022-04-22T06:55:43.186+0000][8][gc,age      ] GC(21) - age   3:     791256 bytes,    7665912 total
[2022-04-22T06:55:43.187+0000][8][gc,age      ] GC(21) - age   4:     593920 bytes,    8259832 total
[2022-04-22T06:55:43.187+0000][8][gc,age      ] GC(21) - age   5:    1817544 bytes,   10077376 total
[2022-04-22T06:55:43.188+0000][8][gc,age      ] GC(21) - age   6:    6120312 bytes,   16197688 total
[2022-04-22T06:55:43.189+0000][8][gc,age      ] GC(21) - age   7:     209536 bytes,   16407224 total
[2022-04-22T06:55:43.190+0000][8][gc,phases   ] GC(21)   Pre Evacuate Collection Set: 0.2ms
[2022-04-22T06:55:43.191+0000][8][gc,phases   ] GC(21)   Merge Heap Roots: 0.2ms
[2022-04-22T06:55:43.192+0000][8][gc,phases   ] GC(21)   Evacuate Collection Set: 5.4ms
[2022-04-22T06:55:43.193+0000][8][gc,phases   ] GC(21)   Post Evacuate Collection Set: 1.2ms
[2022-04-22T06:55:43.194+0000][8][gc,phases   ] GC(21)   Other: 10.1ms
[2022-04-22T06:55:43.195+0000][8][gc,heap     ] GC(21) Eden regions: 72->0(71)
[2022-04-22T06:55:43.196+0000][8][gc,heap     ] GC(21) Survivor regions: 4->5(10)
[2022-04-22T06:55:43.196+0000][8][gc,heap     ] GC(21) Old regions: 16->16
[2022-04-22T06:55:43.197+0000][8][gc,heap     ] GC(21) Archive regions: 2->2
[2022-04-22T06:55:43.198+0000][8][gc,heap     ] GC(21) Humongous regions: 6->6
[2022-04-22T06:55:43.198+0000][8][gc,metaspace] GC(21) Metaspace: 104870K(106368K)->104870K(106368K) NonClass: 90577K(91456K)->90577K(91456K) Class: 14293K(14912K)->14293K(14912K)
[2022-04-22T06:55:43.199+0000][8][gc          ] GC(21) Pause Young (Normal) (G1 Evacuation Pause) 394M->107M(512M) 26.039ms
[2022-04-22T06:55:43.200+0000][8][gc,cpu      ] GC(21) User=0.02s Sys=0.01s Real=0.03s
[2022-04-22T06:55:43.201+0000][8][safepoint   ] Safepoint "G1CollectForAllocation", Time since last: 321782875 ns, Reaching safepoint: 56333 ns, At safepoint: 27310750 ns, Total: 27367083 ns
[2022-04-22T06:55:44.202+0000][8][safepoint   ] Safepoint "Cleanup", Time since last: 1000819876 ns, Reaching safepoint: 311042 ns, At safepoint: 20541 ns, Total: 331583 ns
[2022-04-22T06:55:45.203+0000][8][safepoint   ] Safepoint "Cleanup", Time since last: 1000828626 ns, Reaching safepoint: 111958 ns, At safepoint: 3792 ns, Total: 115750 ns
[2022-04-22T06:55:46.205+0000][8][safepoint   ] Safepoint "Cleanup", Time since last: 1001878875 ns, Reaching safepoint: 62042 ns, At safepoint: 2000 ns, Total: 64042 ns
[2022-04-22T06:55:47.206+0000][8][safepoint   ] Safepoint "Cleanup", Time since last: 1001032875 ns, Reaching safepoint: 225292 ns, At safepoint: 42000 ns, Total: 267292 ns
[2022-04-22T06:55:48.207+0000][8][safepoint   ] Safepoint "Cleanup", Time since last: 1000872667 ns, Reaching safepoint: 257792 ns, At safepoint: 4333 ns, Total: 262125 ns
[2022-04-22T06:55:49.268+0000][8][safepoint   ] Safepoint "Cleanup", Time since last: 1061119626 ns, Reaching safepoint: 144416 ns, At safepoint: 2667 ns, Total: 147083 ns
[2022-04-22T06:55:50.764+0000][8][safepoint   ] Safepoint "Cleanup", Time since last: 1495057001 ns, Reaching safepoint: 213000 ns, At safepoint: 4166 ns, Total: 217166 ns
[2022-04-22T06:55:51.765+0000][8][safepoint   ] Safepoint "Cleanup", Time since last: 1001281709 ns, Reaching safepoint: 166792 ns, At safepoint: 349041 ns, Total: 515833 ns
[2022-04-22T06:55:52.767+0000][8][safepoint   ] Safepoint "Cleanup", Time since last: 1001086001 ns, Reaching safepoint: 94708 ns, At safepoint: 4000 ns, Total: 98708 ns
[2022-04-22T06:55:52.918+0000][8][gc,start    ] GC(22) Pause Young (Normal) (G1 Evacuation Pause)
[2022-04-22T06:55:52.920+0000][8][gc,task     ] GC(22) Using 5 workers of 5 for evacuation
[2022-04-22T06:55:52.921+0000][8][gc,age      ] GC(22) Desired survivor size 20971520 bytes, new threshold 15 (max threshold 15)
[2022-04-22T06:55:52.934+0000][8][gc,age      ] GC(22) Age table with threshold 15 (max threshold 15)
[2022-04-22T06:55:52.936+0000][8][gc,age      ] GC(22) - age   1:   11035152 bytes,   11035152 total
[2022-04-22T06:55:52.937+0000][8][gc,age      ] GC(22) - age   2:    3717000 bytes,   14752152 total
[2022-04-22T06:55:52.938+0000][8][gc,age      ] GC(22) - age   3:     477744 bytes,   15229896 total
[2022-04-22T06:55:52.938+0000][8][gc,age      ] GC(22) - age   4:     698408 bytes,   15928304 total
[2022-04-22T06:55:52.940+0000][8][gc,age      ] GC(22) - age   5:     569208 bytes,   16497512 total
[2022-04-22T06:55:52.941+0000][8][gc,age      ] GC(22) - age   6:    1800232 bytes,   18297744 total
[2022-04-22T06:55:52.941+0000][8][gc,age      ] GC(22) - age   7:    6120312 bytes,   24418056 total
[2022-04-22T06:55:52.942+0000][8][gc,age      ] GC(22) - age   8:     209536 bytes,   24627592 total
[2022-04-22T06:55:52.943+0000][8][gc,phases   ] GC(22)   Pre Evacuate Collection Set: 0.2ms
[2022-04-22T06:55:52.944+0000][8][gc,phases   ] GC(22)   Merge Heap Roots: 0.2ms
[2022-04-22T06:55:52.945+0000][8][gc,phases   ] GC(22)   Evacuate Collection Set: 10.6ms
[2022-04-22T06:55:52.945+0000][8][gc,phases   ] GC(22)   Post Evacuate Collection Set: 1.5ms
[2022-04-22T06:55:52.946+0000][8][gc,phases   ] GC(22)   Other: 12.0ms
[2022-04-22T06:55:52.946+0000][8][gc,heap     ] GC(22) Eden regions: 71->0(69)
[2022-04-22T06:55:52.947+0000][8][gc,heap     ] GC(22) Survivor regions: 5->7(10)
[2022-04-22T06:55:52.948+0000][8][gc,heap     ] GC(22) Old regions: 16->16
[2022-04-22T06:55:52.949+0000][8][gc,heap     ] GC(22) Archive regions: 2->2
[2022-04-22T06:55:52.949+0000][8][gc,heap     ] GC(22) Humongous regions: 6->6
[2022-04-22T06:55:52.950+0000][8][gc,metaspace] GC(22) Metaspace: 104891K(106432K)->104891K(106432K) NonClass: 90596K(91520K)->90596K(91520K) Class: 14294K(14912K)->14294K(14912K)
[2022-04-22T06:55:52.951+0000][8][gc          ] GC(22) Pause Young (Normal) (G1 Evacuation Pause) 391M->116M(512M) 32.940ms
[2022-04-22T06:55:52.952+0000][8][gc,cpu      ] GC(22) User=0.02s Sys=0.01s Real=0.03s
[2022-04-22T06:55:52.953+0000][8][safepoint   ] Safepoint "G1CollectForAllocation", Time since last: 151661917 ns, Reaching safepoint: 109000 ns, At safepoint: 34973958 ns, Total: 35082958 ns
[2022-04-22T06:55:53.954+0000][8][safepoint   ] Safepoint "Cleanup", Time since last: 1001113251 ns, Reaching safepoint: 54375 ns, At safepoint: 3458 ns, Total: 57833 ns
[2022-04-22T06:55:54.956+0000][8][safepoint   ] Safepoint "Cleanup", Time since last: 1001696251 ns, Reaching safepoint: 118041 ns, At safepoint: 7000 ns, Total: 125041 ns
[2022-04-22T06:55:55.957+0000][8][safepoint   ] Safepoint "Cleanup", Time since last: 1001050876 ns, Reaching safepoint: 108333 ns, At safepoint: 4000 ns, Total: 112333 ns
[2022-04-22T06:55:56.958+0000][8][safepoint   ] Safepoint "Cleanup", Time since last: 1000924084 ns, Reaching safepoint: 63042 ns, At safepoint: 2250 ns, Total: 65292 ns
[2022-04-22T06:55:57.960+0000][8][safepoint   ] Safepoint "Cleanup", Time since last: 1001250583 ns, Reaching safepoint: 226125 ns, At safepoint: 8375 ns, Total: 234500 ns
[2022-04-22T06:55:58.961+0000][8][safepoint   ] Safepoint "Cleanup", Time since last: 1000940667 ns, Reaching safepoint: 385375 ns, At safepoint: 9375 ns, Total: 394750 ns
[2022-04-22T06:55:59.963+0000][8][safepoint   ] Safepoint "Cleanup", Time since last: 1001583500 ns, Reaching safepoint: 192584 ns, At safepoint: 10166 ns, Total: 202750 ns
[2022-04-22T06:56:00.892+0000][8][gc,start    ] GC(23) Pause Young (Normal) (G1 Evacuation Pause)
[2022-04-22T06:56:00.892+0000][8][gc,task     ] GC(23) Using 5 workers of 5 for evacuation
[2022-04-22T06:56:00.893+0000][8][gc,age      ] GC(23) Desired survivor size 20971520 bytes, new threshold 7 (max threshold 15)
[2022-04-22T06:56:00.903+0000][8][gc,age      ] GC(23) Age table with threshold 7 (max threshold 15)
[2022-04-22T06:56:00.904+0000][8][gc,age      ] GC(23) - age   1:   10841432 bytes,   10841432 total
[2022-04-22T06:56:00.905+0000][8][gc,age      ] GC(23) - age   2:    5348696 bytes,   16190128 total
[2022-04-22T06:56:00.905+0000][8][gc,age      ] GC(23) - age   3:    3685776 bytes,   19875904 total
[2022-04-22T06:56:00.906+0000][8][gc,age      ] GC(23) - age   4:     430104 bytes,   20306008 total
[2022-04-22T06:56:00.906+0000][8][gc,age      ] GC(23) - age   5:     666880 bytes,   20972888 total
[2022-04-22T06:56:00.907+0000][8][gc,age      ] GC(23) - age   6:     541816 bytes,   21514704 total
[2022-04-22T06:56:00.908+0000][8][gc,age      ] GC(23) - age   7:    1787800 bytes,   23302504 total
[2022-04-22T06:56:00.908+0000][8][gc,phases   ] GC(23)   Pre Evacuate Collection Set: 0.1ms
[2022-04-22T06:56:00.909+0000][8][gc,phases   ] GC(23)   Merge Heap Roots: 0.2ms
[2022-04-22T06:56:00.909+0000][8][gc,phases   ] GC(23)   Evacuate Collection Set: 7.6ms
[2022-04-22T06:56:00.910+0000][8][gc,phases   ] GC(23)   Post Evacuate Collection Set: 0.9ms
[2022-04-22T06:56:00.910+0000][8][gc,phases   ] GC(23)   Other: 7.8ms
[2022-04-22T06:56:00.911+0000][8][gc,heap     ] GC(23) Eden regions: 69->0(67)
[2022-04-22T06:56:00.912+0000][8][gc,heap     ] GC(23) Survivor regions: 7->6(10)
[2022-04-22T06:56:00.912+0000][8][gc,heap     ] GC(23) Old regions: 16->18
[2022-04-22T06:56:00.913+0000][8][gc,heap     ] GC(23) Archive regions: 2->2
[2022-04-22T06:56:00.914+0000][8][gc,heap     ] GC(23) Humongous regions: 7->7
[2022-04-22T06:56:00.914+0000][8][gc,metaspace] GC(23) Metaspace: 104897K(106432K)->104897K(106432K) NonClass: 90602K(91520K)->90602K(91520K) Class: 14294K(14912K)->14294K(14912K)
[2022-04-22T06:56:00.915+0000][8][gc          ] GC(23) Pause Young (Normal) (G1 Evacuation Pause) 396M->124M(512M) 23.127ms
[2022-04-22T06:56:00.915+0000][8][gc,cpu      ] GC(23) User=0.03s Sys=0.01s Real=0.02s
[2022-04-22T06:56:00.916+0000][8][safepoint   ] Safepoint "G1CollectForAllocation", Time since last: 928426709 ns, Reaching safepoint: 47167 ns, At safepoint: 24333458 ns, Total: 24380625 ns
[2022-04-22T06:56:01.917+0000][8][safepoint   ] Safepoint "Cleanup", Time since last: 1000845876 ns, Reaching safepoint: 270541 ns, At safepoint: 18542 ns, Total: 289083 ns
[2022-04-22T06:56:02.919+0000][8][safepoint   ] Safepoint "Cleanup", Time since last: 1001833167 ns, Reaching safepoint: 52625 ns, At safepoint: 1834 ns, Total: 54459 ns
[2022-04-22T06:56:03.920+0000][8][safepoint   ] Safepoint "Cleanup", Time since last: 1001092375 ns, Reaching safepoint: 372625 ns, At safepoint: 46958 ns, Total: 419583 ns
[2022-04-22T06:56:04.923+0000][8][safepoint   ] Safepoint "Cleanup", Time since last: 1002773834 ns, Reaching safepoint: 68458 ns, At safepoint: 3542 ns, Total: 72000 ns
[2022-04-22T06:56:05.925+0000][8][safepoint   ] Safepoint "Cleanup", Time since last: 1001419792 ns, Reaching safepoint: 119042 ns, At safepoint: 3208 ns, Total: 122250 ns
[2022-04-22T06:56:06.926+0000][8][safepoint   ] Safepoint "Cleanup", Time since last: 1000817251 ns, Reaching safepoint: 125583 ns, At safepoint: 4167 ns, Total: 129750 ns
[2022-04-22T06:56:07.927+0000][8][safepoint   ] Safepoint "Cleanup", Time since last: 1001129500 ns, Reaching safepoint: 611834 ns, At safepoint: 23208 ns, Total: 635042 ns
[2022-04-22T06:56:08.302+0000][8][gc,start    ] GC(24) Pause Young (Normal) (G1 Evacuation Pause)
[2022-04-22T06:56:08.304+0000][8][gc,task     ] GC(24) Using 5 workers of 5 for evacuation
[2022-04-22T06:56:08.305+0000][8][gc,age      ] GC(24) Desired survivor size 20971520 bytes, new threshold 5 (max threshold 15)
[2022-04-22T06:56:08.312+0000][8][gc,age      ] GC(24) Age table with threshold 5 (max threshold 15)
[2022-04-22T06:56:08.313+0000][8][gc,age      ] GC(24) - age   1:   13507368 bytes,   13507368 total
[2022-04-22T06:56:08.313+0000][8][gc,age      ] GC(24) - age   2:    4475592 bytes,   17982960 total
[2022-04-22T06:56:08.314+0000][8][gc,age      ] GC(24) - age   3:    4992024 bytes,   22974984 total
[2022-04-22T06:56:08.315+0000][8][gc,age      ] GC(24) - age   4:    3649984 bytes,   26624968 total
[2022-04-22T06:56:08.316+0000][8][gc,age      ] GC(24) - age   5:     420464 bytes,   27045432 total
[2022-04-22T06:56:08.317+0000][8][gc,phases   ] GC(24)   Pre Evacuate Collection Set: 0.1ms
[2022-04-22T06:56:08.318+0000][8][gc,phases   ] GC(24)   Merge Heap Roots: 0.0ms
[2022-04-22T06:56:08.319+0000][8][gc,phases   ] GC(24)   Evacuate Collection Set: 4.5ms
[2022-04-22T06:56:08.321+0000][8][gc,phases   ] GC(24)   Post Evacuate Collection Set: 0.8ms
[2022-04-22T06:56:08.322+0000][8][gc,phases   ] GC(24)   Other: 9.4ms
[2022-04-22T06:56:08.324+0000][8][gc,heap     ] GC(24) Eden regions: 67->0(65)
[2022-04-22T06:56:08.325+0000][8][gc,heap     ] GC(24) Survivor regions: 6->7(10)
[2022-04-22T06:56:08.326+0000][8][gc,heap     ] GC(24) Old regions: 18->18
[2022-04-22T06:56:08.327+0000][8][gc,heap     ] GC(24) Archive regions: 2->2
[2022-04-22T06:56:08.329+0000][8][gc,heap     ] GC(24) Humongous regions: 7->7
[2022-04-22T06:56:08.330+0000][8][gc,metaspace] GC(24) Metaspace: 104899K(106432K)->104899K(106432K) NonClass: 90604K(91520K)->90604K(91520K) Class: 14294K(14912K)->14294K(14912K)
[2022-04-22T06:56:08.331+0000][8][gc          ] GC(24) Pause Young (Normal) (G1 Evacuation Pause) 392M->131M(512M) 28.587ms
[2022-04-22T06:56:08.332+0000][8][gc,cpu      ] GC(24) User=0.02s Sys=0.00s Real=0.03s
[2022-04-22T06:56:08.334+0000][8][safepoint   ] Safepoint "G1CollectForAllocation", Time since last: 374828417 ns, Reaching safepoint: 42000 ns, At safepoint: 31411291 ns, Total: 31453291 ns
[2022-04-22T06:56:09.335+0000][8][safepoint   ] Safepoint "Cleanup", Time since last: 1001494668 ns, Reaching safepoint: 75625 ns, At safepoint: 2166 ns, Total: 77791 ns
[2022-04-22T06:56:10.338+0000][8][safepoint   ] Safepoint "Cleanup", Time since last: 1002993959 ns, Reaching safepoint: 152000 ns, At safepoint: 15125 ns, Total: 167125 ns
[2022-04-22T06:56:11.586+0000][8][safepoint   ] Safepoint "Cleanup", Time since last: 1247253584 ns, Reaching safepoint: 250417 ns, At safepoint: 41541 ns, Total: 291958 ns
[2022-04-22T06:56:12.588+0000][8][safepoint   ] Safepoint "Cleanup", Time since last: 1001868292 ns, Reaching safepoint: 61959 ns, At safepoint: 2083 ns, Total: 64042 ns
[2022-04-22T06:56:13.589+0000][8][safepoint   ] Safepoint "Cleanup", Time since last: 1001005667 ns, Reaching safepoint: 230084 ns, At safepoint: 4375 ns, Total: 234459 ns
[2022-04-22T06:56:14.591+0000][8][safepoint   ] Safepoint "Cleanup", Time since last: 1000994083 ns, Reaching safepoint: 329375 ns, At safepoint: 4917 ns, Total: 334292 ns
[2022-04-22T06:56:15.592+0000][8][safepoint   ] Safepoint "Cleanup", Time since last: 1001684959 ns, Reaching safepoint: 70000 ns, At safepoint: 2417 ns, Total: 72417 ns
[2022-04-22T06:56:15.965+0000][8][gc,start    ] GC(25) Pause Young (Normal) (G1 Evacuation Pause)
[2022-04-22T06:56:15.966+0000][8][gc,task     ] GC(25) Using 5 workers of 5 for evacuation
[2022-04-22T06:56:15.968+0000][8][gc,age      ] GC(25) Desired survivor size 18874368 bytes, new threshold 3 (max threshold 15)
[2022-04-22T06:56:15.972+0000][8][gc,age      ] GC(25) Age table with threshold 3 (max threshold 15)
[2022-04-22T06:56:15.973+0000][8][gc,age      ] GC(25) - age   1:   21732528 bytes,   21732528 total
[2022-04-22T06:56:15.975+0000][8][gc,age      ] GC(25) - age   2:    4452320 bytes,   26184848 total
[2022-04-22T06:56:15.975+0000][8][gc,age      ] GC(25) - age   3:    4394344 bytes,   30579192 total
[2022-04-22T06:56:15.976+0000][8][gc,phases   ] GC(25)   Pre Evacuate Collection Set: 0.1ms
[2022-04-22T06:56:15.977+0000][8][gc,phases   ] GC(25)   Merge Heap Roots: 0.1ms
[2022-04-22T06:56:15.977+0000][8][gc,phases   ] GC(25)   Evacuate Collection Set: 3.2ms
[2022-04-22T06:56:15.978+0000][8][gc,phases   ] GC(25)   Post Evacuate Collection Set: 0.7ms
[2022-04-22T06:56:15.979+0000][8][gc,phases   ] GC(25)   Other: 6.6ms
[2022-04-22T06:56:15.979+0000][8][gc,heap     ] GC(25) Eden regions: 65->0(57)
[2022-04-22T06:56:15.980+0000][8][gc,heap     ] GC(25) Survivor regions: 7->8(9)
[2022-04-22T06:56:15.980+0000][8][gc,heap     ] GC(25) Old regions: 18->21
[2022-04-22T06:56:15.981+0000][8][gc,heap     ] GC(25) Archive regions: 2->2
[2022-04-22T06:56:15.982+0000][8][gc,heap     ] GC(25) Humongous regions: 9->8
[2022-04-22T06:56:15.982+0000][8][gc,metaspace] GC(25) Metaspace: 104909K(106432K)->104909K(106432K) NonClass: 90611K(91520K)->90611K(91520K) Class: 14298K(14912K)->14298K(14912K)
[2022-04-22T06:56:15.983+0000][8][gc          ] GC(25) Pause Young (Normal) (G1 Evacuation Pause) 398M->148M(512M) 17.540ms
[2022-04-22T06:56:15.984+0000][8][gc,cpu      ] GC(25) User=0.01s Sys=0.01s Real=0.02s
[2022-04-22T06:56:15.985+0000][8][safepoint   ] Safepoint "G1CollectForAllocation", Time since last: 372735708 ns, Reaching safepoint: 251417 ns, At safepoint: 19258708 ns, Total: 19510125 ns
[2022-04-22T06:56:16.986+0000][8][safepoint   ] Safepoint "Cleanup", Time since last: 1001107251 ns, Reaching safepoint: 98291 ns, At safepoint: 2750 ns, Total: 101041 ns
[2022-04-22T06:56:17.987+0000][8][safepoint   ] Safepoint "Cleanup", Time since last: 1001371792 ns, Reaching safepoint: 39667 ns, At safepoint: 2208 ns, Total: 41875 ns
[2022-04-22T06:56:18.988+0000][8][safepoint   ] Safepoint "Cleanup", Time since last: 1000711001 ns, Reaching safepoint: 102458 ns, At safepoint: 4084 ns, Total: 106542 ns
[2022-04-22T06:56:19.989+0000][8][safepoint   ] Safepoint "Cleanup", Time since last: 1001208542 ns, Reaching safepoint: 51666 ns, At safepoint: 2459 ns, Total: 54125 ns
[2022-04-22T06:56:20.990+0000][8][safepoint   ] Safepoint "Cleanup", Time since last: 1000961375 ns, Reaching safepoint: 52542 ns, At safepoint: 2541 ns, Total: 55083 ns
[2022-04-22T06:56:22.390+0000][8][gc,start    ] GC(26) Pause Young (Normal) (G1 Evacuation Pause)
[2022-04-22T06:56:22.391+0000][8][gc,task     ] GC(26) Using 5 workers of 5 for evacuation
[2022-04-22T06:56:22.392+0000][8][gc,age      ] GC(26) Desired survivor size 18874368 bytes, new threshold 1 (max threshold 15)
[2022-04-22T06:56:22.398+0000][8][gc,age      ] GC(26) Age table with threshold 1 (max threshold 15)
[2022-04-22T06:56:22.399+0000][8][gc,age      ] GC(26) - age   1:   17215408 bytes,   17215408 total
[2022-04-22T06:56:22.399+0000][8][gc,phases   ] GC(26)   Pre Evacuate Collection Set: 0.1ms
[2022-04-22T06:56:22.400+0000][8][gc,phases   ] GC(26)   Merge Heap Roots: 0.0ms
[2022-04-22T06:56:22.401+0000][8][gc,phases   ] GC(26)   Evacuate Collection Set: 4.4ms
[2022-04-22T06:56:22.402+0000][8][gc,phases   ] GC(26)   Post Evacuate Collection Set: 0.6ms
[2022-04-22T06:56:22.402+0000][8][gc,phases   ] GC(26)   Other: 4.8ms
[2022-04-22T06:56:22.403+0000][8][gc,heap     ] GC(26) Eden regions: 57->0(55)
[2022-04-22T06:56:22.405+0000][8][gc,heap     ] GC(26) Survivor regions: 8->6(9)
[2022-04-22T06:56:22.405+0000][8][gc,heap     ] GC(26) Old regions: 21->24
[2022-04-22T06:56:22.406+0000][8][gc,heap     ] GC(26) Archive regions: 2->2
[2022-04-22T06:56:22.407+0000][8][gc,heap     ] GC(26) Humongous regions: 8->8
[2022-04-22T06:56:22.408+0000][8][gc,metaspace] GC(26) Metaspace: 104910K(106432K)->104910K(106432K) NonClass: 90611K(91520K)->90611K(91520K) Class: 14298K(14912K)->14298K(14912K)
[2022-04-22T06:56:22.409+0000][8][gc          ] GC(26) Pause Young (Normal) (G1 Evacuation Pause) 376M->150M(512M) 19.334ms
[2022-04-22T06:56:22.410+0000][8][gc,cpu      ] GC(26) User=0.01s Sys=0.00s Real=0.02s
[2022-04-22T06:56:22.410+0000][8][safepoint   ] Safepoint "G1CollectForAllocation", Time since last: 1399206543 ns, Reaching safepoint: 54208 ns, At safepoint: 20857792 ns, Total: 20912000 ns
[2022-04-22T06:56:23.411+0000][8][safepoint   ] Safepoint "Cleanup", Time since last: 1000910667 ns, Reaching safepoint: 46583 ns, At safepoint: 28167 ns, Total: 74750 ns
[2022-04-22T06:56:25.414+0000][8][safepoint   ] Safepoint "Cleanup", Time since last: 2002285918 ns, Reaching safepoint: 155375 ns, At safepoint: 8791 ns, Total: 164166 ns
[2022-04-22T06:56:26.416+0000][8][safepoint   ] Safepoint "Cleanup", Time since last: 1001848626 ns, Reaching safepoint: 44000 ns, At safepoint: 129291 ns, Total: 173291 ns
[2022-04-22T06:56:27.417+0000][8][safepoint   ] Safepoint "Cleanup", Time since last: 1000862626 ns, Reaching safepoint: 283250 ns, At safepoint: 6208 ns, Total: 289458 ns
[2022-04-22T06:56:28.247+0000][8][gc,start    ] GC(27) Pause Young (Normal) (G1 Evacuation Pause)
[2022-04-22T06:56:28.249+0000][8][gc,task     ] GC(27) Using 5 workers of 5 for evacuation
[2022-04-22T06:56:28.250+0000][8][gc,age      ] GC(27) Desired survivor size 16777216 bytes, new threshold 1 (max threshold 15)
[2022-04-22T06:56:28.253+0000][8][gc,age      ] GC(27) Age table with threshold 1 (max threshold 15)
[2022-04-22T06:56:28.255+0000][8][gc,age      ] GC(27) - age   1:   17859264 bytes,   17859264 total
[2022-04-22T06:56:28.256+0000][8][gc,phases   ] GC(27)   Pre Evacuate Collection Set: 0.2ms
[2022-04-22T06:56:28.257+0000][8][gc,phases   ] GC(27)   Merge Heap Roots: 0.2ms
[2022-04-22T06:56:28.258+0000][8][gc,phases   ] GC(27)   Evacuate Collection Set: 1.9ms
[2022-04-22T06:56:28.258+0000][8][gc,phases   ] GC(27)   Post Evacuate Collection Set: 0.5ms
[2022-04-22T06:56:28.259+0000][8][gc,phases   ] GC(27)   Other: 5.6ms
[2022-04-22T06:56:28.260+0000][8][gc,heap     ] GC(27) Eden regions: 55->0(54)
[2022-04-22T06:56:28.261+0000][8][gc,heap     ] GC(27) Survivor regions: 6->5(8)
[2022-04-22T06:56:28.263+0000][8][gc,heap     ] GC(27) Old regions: 24->25
[2022-04-22T06:56:28.264+0000][8][gc,heap     ] GC(27) Archive regions: 2->2
[2022-04-22T06:56:28.265+0000][8][gc,heap     ] GC(27) Humongous regions: 8->8
[2022-04-22T06:56:28.266+0000][8][gc,metaspace] GC(27) Metaspace: 104916K(106432K)->104916K(106432K) NonClass: 90618K(91520K)->90618K(91520K) Class: 14298K(14912K)->14298K(14912K)
[2022-04-22T06:56:28.267+0000][8][gc          ] GC(27) Pause Young (Normal) (G1 Evacuation Pause) 370M->154M(512M) 19.483ms
[2022-04-22T06:56:28.268+0000][8][gc,cpu      ] GC(27) User=0.01s Sys=0.00s Real=0.02s
[2022-04-22T06:56:28.268+0000][8][safepoint   ] Safepoint "G1CollectForAllocation", Time since last: 830018792 ns, Reaching safepoint: 200084 ns, At safepoint: 20991458 ns, Total: 21191542 ns
[2022-04-22T06:56:29.269+0000][8][safepoint   ] Safepoint "Cleanup", Time since last: 1001009666 ns, Reaching safepoint: 278542 ns, At safepoint: 3750 ns, Total: 282292 ns
[2022-04-22T06:56:30.271+0000][8][safepoint   ] Safepoint "Cleanup", Time since last: 1000988209 ns, Reaching safepoint: 156500 ns, At safepoint: 16958 ns, Total: 173458 ns
[2022-04-22T06:56:31.272+0000][8][safepoint   ] Safepoint "Cleanup", Time since last: 1001666000 ns, Reaching safepoint: 155250 ns, At safepoint: 9042 ns, Total: 164292 ns
[2022-04-22T06:56:32.198+0000][8][gc,start    ] GC(28) Pause Young (Concurrent Start) (G1 Humongous Allocation)
[2022-04-22T06:56:32.200+0000][8][gc,task     ] GC(28) Using 5 workers of 5 for evacuation
[2022-04-22T06:56:32.201+0000][8][gc,age      ] GC(28) Desired survivor size 16777216 bytes, new threshold 1 (max threshold 15)
[2022-04-22T06:56:32.205+0000][8][gc,age      ] GC(28) Age table with threshold 1 (max threshold 15)
[2022-04-22T06:56:32.206+0000][8][gc,age      ] GC(28) - age   1:   20471928 bytes,   20471928 total
[2022-04-22T06:56:32.207+0000][8][gc,phases   ] GC(28)   Pre Evacuate Collection Set: 0.4ms
[2022-04-22T06:56:32.208+0000][8][gc,phases   ] GC(28)   Merge Heap Roots: 0.1ms
[2022-04-22T06:56:32.208+0000][8][gc,phases   ] GC(28)   Evacuate Collection Set: 1.7ms
[2022-04-22T06:56:32.209+0000][8][gc,phases   ] GC(28)   Post Evacuate Collection Set: 0.5ms
[2022-04-22T06:56:32.210+0000][8][gc,phases   ] GC(28)   Other: 6.0ms
[2022-04-22T06:56:32.210+0000][8][gc,heap     ] GC(28) Eden regions: 46->0(46)
[2022-04-22T06:56:32.211+0000][8][gc,heap     ] GC(28) Survivor regions: 5->6(8)
[2022-04-22T06:56:32.211+0000][8][gc,heap     ] GC(28) Old regions: 25->26
[2022-04-22T06:56:32.212+0000][8][gc,heap     ] GC(28) Archive regions: 2->2
[2022-04-22T06:56:32.213+0000][8][gc,heap     ] GC(28) Humongous regions: 11->11
[2022-04-22T06:56:32.213+0000][8][gc,metaspace] GC(28) Metaspace: 104925K(106496K)->104925K(106496K) NonClass: 90627K(91584K)->90627K(91584K) Class: 14298K(14912K)->14298K(14912K)
[2022-04-22T06:56:32.214+0000][8][gc          ] GC(28) Pause Young (Concurrent Start) (G1 Humongous Allocation) 350M->172M(512M) 15.492ms
[2022-04-22T06:56:32.214+0000][8][gc,cpu      ] GC(28) User=0.01s Sys=0.00s Real=0.01s
[2022-04-22T06:56:32.215+0000][8][safepoint   ] Safepoint "G1TryInitiateConcMark", Time since last: 925551000 ns, Reaching safepoint: 136500 ns, At safepoint: 16657376 ns, Total: 16793876 ns
[2022-04-22T06:56:32.215+0000][8][gc          ] GC(29) Concurrent Mark Cycle
[2022-04-22T06:56:32.216+0000][8][gc,marking  ] GC(29) Concurrent Clear Claimed Marks
[2022-04-22T06:56:32.219+0000][8][gc,marking  ] GC(29) Concurrent Clear Claimed Marks 2.184ms
[2022-04-22T06:56:32.220+0000][8][gc,marking  ] GC(29) Concurrent Scan Root Regions
[2022-04-22T06:56:32.223+0000][8][gc,marking  ] GC(29) Concurrent Scan Root Regions 2.638ms
[2022-04-22T06:56:32.224+0000][8][gc,marking  ] GC(29) Concurrent Mark
[2022-04-22T06:56:32.225+0000][8][gc,marking  ] GC(29) Concurrent Mark From Roots
[2022-04-22T06:56:32.226+0000][8][gc,task     ] GC(29) Using 1 workers of 1 for marking
[2022-04-22T06:56:32.297+0000][8][gc,marking  ] GC(29) Concurrent Mark From Roots 72.200ms
[2022-04-22T06:56:32.298+0000][8][gc,marking  ] GC(29) Concurrent Preclean
[2022-04-22T06:56:32.299+0000][8][gc,marking  ] GC(29) Concurrent Preclean 1.351ms
[2022-04-22T06:56:32.300+0000][8][gc,start    ] GC(29) Pause Remark
[2022-04-22T06:56:32.315+0000][8][gc          ] GC(29) Pause Remark 192M->192M(512M) 14.815ms
[2022-04-22T06:56:32.316+0000][8][gc,cpu      ] GC(29) User=0.04s Sys=0.00s Real=0.02s
[2022-04-22T06:56:32.317+0000][8][safepoint   ] Safepoint "G1Concurrent", Time since last: 85150041 ns, Reaching safepoint: 234542 ns, At safepoint: 17138500 ns, Total: 17373042 ns
[2022-04-22T06:56:32.319+0000][8][gc,marking  ] GC(29) Concurrent Mark 95.050ms
[2022-04-22T06:56:32.319+0000][8][gc,marking  ] GC(29) Concurrent Rebuild Remembered Sets
[2022-04-22T06:56:32.361+0000][8][gc,marking  ] GC(29) Concurrent Rebuild Remembered Sets 41.573ms
[2022-04-22T06:56:32.371+0000][8][gc,start    ] GC(29) Pause Cleanup
[2022-04-22T06:56:32.372+0000][8][gc          ] GC(29) Pause Cleanup 194M->194M(512M) 1.361ms
[2022-04-22T06:56:32.373+0000][8][gc,cpu      ] GC(29) User=0.00s Sys=0.00s Real=0.00s
[2022-04-22T06:56:32.374+0000][8][safepoint   ] Safepoint "G1Concurrent", Time since last: 44838333 ns, Reaching safepoint: 8743042 ns, At safepoint: 2906250 ns, Total: 11649292 ns
[2022-04-22T06:56:32.375+0000][8][gc,marking  ] GC(29) Concurrent Cleanup for Next Mark
[2022-04-22T06:56:32.377+0000][8][gc,marking  ] GC(29) Concurrent Cleanup for Next Mark 2.197ms
[2022-04-22T06:56:32.378+0000][8][gc          ] GC(29) Concurrent Mark Cycle 163.030ms
[2022-04-22T06:56:33.375+0000][8][safepoint   ] Safepoint "Cleanup", Time since last: 1000829042 ns, Reaching safepoint: 122958 ns, At safepoint: 2834 ns, Total: 125792 ns
[2022-04-22T06:56:34.376+0000][8][safepoint   ] Safepoint "Cleanup", Time since last: 1001062042 ns, Reaching safepoint: 101042 ns, At safepoint: 12000 ns, Total: 113042 ns
[2022-04-22T06:56:35.377+0000][8][safepoint   ] Safepoint "Cleanup", Time since last: 1001175875 ns, Reaching safepoint: 197042 ns, At safepoint: 9750 ns, Total: 206792 ns
[2022-04-22T06:56:36.056+0000][8][gc,start    ] GC(30) Pause Young (Prepare Mixed) (G1 Evacuation Pause)
[2022-04-22T06:56:36.057+0000][8][gc,task     ] GC(30) Using 5 workers of 5 for evacuation
[2022-04-22T06:56:36.058+0000][8][gc,age      ] GC(30) Desired survivor size 14680064 bytes, new threshold 1 (max threshold 15)
[2022-04-22T06:56:36.062+0000][8][gc,age      ] GC(30) Age table with threshold 1 (max threshold 15)
[2022-04-22T06:56:36.063+0000][8][gc,age      ] GC(30) - age   1:    3363960 bytes,    3363960 total
[2022-04-22T06:56:36.063+0000][8][gc,phases   ] GC(30)   Pre Evacuate Collection Set: 0.1ms
[2022-04-22T06:56:36.064+0000][8][gc,phases   ] GC(30)   Merge Heap Roots: 0.1ms
[2022-04-22T06:56:36.065+0000][8][gc,phases   ] GC(30)   Evacuate Collection Set: 2.5ms
[2022-04-22T06:56:36.065+0000][8][gc,phases   ] GC(30)   Post Evacuate Collection Set: 0.8ms
[2022-04-22T06:56:36.066+0000][8][gc,phases   ] GC(30)   Other: 4.2ms
[2022-04-22T06:56:36.067+0000][8][gc,heap     ] GC(30) Eden regions: 46->0(5)
[2022-04-22T06:56:36.067+0000][8][gc,heap     ] GC(30) Survivor regions: 6->1(7)
[2022-04-22T06:56:36.068+0000][8][gc,heap     ] GC(30) Old regions: 26->32
[2022-04-22T06:56:36.068+0000][8][gc,heap     ] GC(30) Archive regions: 2->2
[2022-04-22T06:56:36.069+0000][8][gc,heap     ] GC(30) Humongous regions: 18->16
[2022-04-22T06:56:36.069+0000][8][gc,metaspace] GC(30) Metaspace: 104935K(106496K)->104935K(106496K) NonClass: 90639K(91584K)->90639K(91584K) Class: 14296K(14912K)->14296K(14912K)
[2022-04-22T06:56:36.070+0000][8][gc          ] GC(30) Pause Young (Prepare Mixed) (G1 Evacuation Pause) 384M->197M(512M) 13.603ms
[2022-04-22T06:56:36.070+0000][8][gc,cpu      ] GC(30) User=0.00s Sys=0.00s Real=0.02s
[2022-04-22T06:56:36.071+0000][8][safepoint   ] Safepoint "G1CollectForAllocation", Time since last: 678375292 ns, Reaching safepoint: 94750 ns, At safepoint: 15288000 ns, Total: 15382750 ns
[2022-04-22T06:56:36.219+0000][8][gc,start    ] GC(31) Pause Young (Mixed) (G1 Evacuation Pause)
[2022-04-22T06:56:36.220+0000][8][gc,task     ] GC(31) Using 5 workers of 5 for evacuation
[2022-04-22T06:56:36.220+0000][8][gc,age      ] GC(31) Desired survivor size 2097152 bytes, new threshold 1 (max threshold 15)
[2022-04-22T06:56:36.223+0000][8][gc,age      ] GC(31) Age table with threshold 1 (max threshold 15)
[2022-04-22T06:56:36.224+0000][8][gc,age      ] GC(31) - age   1:      34456 bytes,      34456 total
[2022-04-22T06:56:36.224+0000][8][gc,phases   ] GC(31)   Pre Evacuate Collection Set: 0.1ms
[2022-04-22T06:56:36.225+0000][8][gc,phases   ] GC(31)   Merge Heap Roots: 0.1ms
[2022-04-22T06:56:36.226+0000][8][gc,phases   ] GC(31)   Evacuate Collection Set: 1.2ms
[2022-04-22T06:56:36.226+0000][8][gc,phases   ] GC(31)   Post Evacuate Collection Set: 0.6ms
[2022-04-22T06:56:36.227+0000][8][gc,phases   ] GC(31)   Other: 3.4ms
[2022-04-22T06:56:36.228+0000][8][gc,heap     ] GC(31) Eden regions: 5->0(44)
[2022-04-22T06:56:36.229+0000][8][gc,heap     ] GC(31) Survivor regions: 1->1(1)
[2022-04-22T06:56:36.229+0000][8][gc,heap     ] GC(31) Old regions: 32->32
[2022-04-22T06:56:36.230+0000][8][gc,heap     ] GC(31) Archive regions: 2->2
[2022-04-22T06:56:36.231+0000][8][gc,heap     ] GC(31) Humongous regions: 16->16
[2022-04-22T06:56:36.232+0000][8][gc,metaspace] GC(31) Metaspace: 104935K(106496K)->104935K(106496K) NonClass: 90639K(91584K)->90639K(91584K) Class: 14296K(14912K)->14296K(14912K)
[2022-04-22T06:56:36.233+0000][8][gc          ] GC(31) Pause Young (Mixed) (G1 Evacuation Pause) 217M->195M(512M) 13.742ms
[2022-04-22T06:56:36.234+0000][8][gc,cpu      ] GC(31) User=0.00s Sys=0.00s Real=0.01s
[2022-04-22T06:56:36.235+0000][8][safepoint   ] Safepoint "G1CollectForAllocation", Time since last: 147777083 ns, Reaching safepoint: 43083 ns, At safepoint: 15713209 ns, Total: 15756292 ns
[2022-04-22T06:56:37.236+0000][8][safepoint   ] Safepoint "Cleanup", Time since last: 1000768500 ns, Reaching safepoint: 164834 ns, At safepoint: 9708 ns, Total: 174542 ns
[2022-04-22T06:56:37.455+0000][8][gc,start    ] GC(32) Pause Young (Concurrent Start) (G1 Evacuation Pause)
[2022-04-22T06:56:37.455+0000][8][gc,task     ] GC(32) Using 5 workers of 5 for evacuation
[2022-04-22T06:56:37.456+0000][8][gc,age      ] GC(32) Desired survivor size 12582912 bytes, new threshold 15 (max threshold 15)
[2022-04-22T06:56:37.458+0000][8][gc,age      ] GC(32) Age table with threshold 15 (max threshold 15)
[2022-04-22T06:56:37.459+0000][8][gc,age      ] GC(32) - age   1:     126544 bytes,     126544 total
[2022-04-22T06:56:37.459+0000][8][gc,age      ] GC(32) - age   2:       7584 bytes,     134128 total
[2022-04-22T06:56:37.460+0000][8][gc,phases   ] GC(32)   Pre Evacuate Collection Set: 0.4ms
[2022-04-22T06:56:37.461+0000][8][gc,phases   ] GC(32)   Merge Heap Roots: 0.1ms
[2022-04-22T06:56:37.461+0000][8][gc,phases   ] GC(32)   Evacuate Collection Set: 0.8ms
[2022-04-22T06:56:37.462+0000][8][gc,phases   ] GC(32)   Post Evacuate Collection Set: 0.6ms
[2022-04-22T06:56:37.462+0000][8][gc,phases   ] GC(32)   Other: 3.7ms
[2022-04-22T06:56:37.463+0000][8][gc,heap     ] GC(32) Eden regions: 44->0(46)
[2022-04-22T06:56:37.464+0000][8][gc,heap     ] GC(32) Survivor regions: 1->1(6)
[2022-04-22T06:56:37.464+0000][8][gc,heap     ] GC(32) Old regions: 32->32
[2022-04-22T06:56:37.465+0000][8][gc,heap     ] GC(32) Archive regions: 2->2
[2022-04-22T06:56:37.465+0000][8][gc,heap     ] GC(32) Humongous regions: 16->16
[2022-04-22T06:56:37.466+0000][8][gc,metaspace] GC(32) Metaspace: 104935K(106496K)->104935K(106496K) NonClass: 90639K(91584K)->90639K(91584K) Class: 14296K(14912K)->14296K(14912K)
[2022-04-22T06:56:37.467+0000][8][gc          ] GC(32) Pause Young (Concurrent Start) (G1 Evacuation Pause) 371M->196M(512M) 12.084ms
[2022-04-22T06:56:37.467+0000][8][gc,cpu      ] GC(32) User=0.00s Sys=0.00s Real=0.02s
[2022-04-22T06:56:37.468+0000][8][safepoint   ] Safepoint "G1CollectForAllocation", Time since last: 218820958 ns, Reaching safepoint: 68834 ns, At safepoint: 13458625 ns, Total: 13527459 ns
[2022-04-22T06:56:37.468+0000][8][gc          ] GC(33) Concurrent Mark Cycle
[2022-04-22T06:56:37.469+0000][8][gc,marking  ] GC(33) Concurrent Clear Claimed Marks
[2022-04-22T06:56:37.470+0000][8][gc,marking  ] GC(33) Concurrent Clear Claimed Marks 0.541ms
[2022-04-22T06:56:37.470+0000][8][gc,marking  ] GC(33) Concurrent Scan Root Regions
[2022-04-22T06:56:37.472+0000][8][gc,marking  ] GC(33) Concurrent Scan Root Regions 1.383ms
[2022-04-22T06:56:37.473+0000][8][gc,marking  ] GC(33) Concurrent Mark
[2022-04-22T06:56:37.473+0000][8][gc,marking  ] GC(33) Concurrent Mark From Roots
[2022-04-22T06:56:37.474+0000][8][gc,task     ] GC(33) Using 1 workers of 1 for marking
[2022-04-22T06:56:37.544+0000][8][gc,marking  ] GC(33) Concurrent Mark From Roots 70.231ms
[2022-04-22T06:56:37.544+0000][8][gc,marking  ] GC(33) Concurrent Preclean
[2022-04-22T06:56:37.545+0000][8][gc,marking  ] GC(33) Concurrent Preclean 0.856ms
[2022-04-22T06:56:37.546+0000][8][gc,start    ] GC(33) Pause Remark
[2022-04-22T06:56:37.552+0000][8][gc          ] GC(33) Pause Remark 210M->210M(512M) 6.178ms
[2022-04-22T06:56:37.553+0000][8][gc,cpu      ] GC(33) User=0.01s Sys=0.01s Real=0.01s
[2022-04-22T06:56:37.554+0000][8][safepoint   ] Safepoint "G1Concurrent", Time since last: 77802125 ns, Reaching safepoint: 95083 ns, At safepoint: 8046542 ns, Total: 8141625 ns
[2022-04-22T06:56:37.555+0000][8][gc,marking  ] GC(33) Concurrent Mark 82.045ms
[2022-04-22T06:56:37.555+0000][8][gc,marking  ] GC(33) Concurrent Rebuild Remembered Sets
[2022-04-22T06:56:37.635+0000][8][gc,marking  ] GC(33) Concurrent Rebuild Remembered Sets 80.102ms
[2022-04-22T06:56:37.637+0000][8][gc,start    ] GC(33) Pause Cleanup
[2022-04-22T06:56:37.638+0000][8][gc          ] GC(33) Pause Cleanup 224M->224M(512M) 0.977ms
[2022-04-22T06:56:37.638+0000][8][gc,cpu      ] GC(33) User=0.00s Sys=0.00s Real=0.00s
[2022-04-22T06:56:37.639+0000][8][safepoint   ] Safepoint "G1Concurrent", Time since last: 82675875 ns, Reaching safepoint: 35250 ns, At safepoint: 2039666 ns, Total: 2074916 ns
[2022-04-22T06:56:37.639+0000][8][gc,marking  ] GC(33) Concurrent Cleanup for Next Mark
[2022-04-22T06:56:37.642+0000][8][gc,marking  ] GC(33) Concurrent Cleanup for Next Mark 2.592ms
[2022-04-22T06:56:37.643+0000][8][gc          ] GC(33) Concurrent Mark Cycle 174.676ms
[2022-04-22T06:56:38.585+0000][8][gc,start    ] GC(34) Pause Young (Normal) (G1 Evacuation Pause)
[2022-04-22T06:56:38.586+0000][8][gc,task     ] GC(34) Using 5 workers of 5 for evacuation
[2022-04-22T06:56:38.587+0000][8][gc,age      ] GC(34) Desired survivor size 12582912 bytes, new threshold 15 (max threshold 15)
[2022-04-22T06:56:38.590+0000][8][gc,age      ] GC(34) Age table with threshold 15 (max threshold 15)
[2022-04-22T06:56:38.591+0000][8][gc,age      ] GC(34) - age   1:     197256 bytes,     197256 total
[2022-04-22T06:56:38.592+0000][8][gc,age      ] GC(34) - age   2:     104888 bytes,     302144 total
[2022-04-22T06:56:38.592+0000][8][gc,age      ] GC(34) - age   3:       7584 bytes,     309728 total
[2022-04-22T06:56:38.593+0000][8][gc,phases   ] GC(34)   Pre Evacuate Collection Set: 0.1ms
[2022-04-22T06:56:38.594+0000][8][gc,phases   ] GC(34)   Merge Heap Roots: 0.1ms
[2022-04-22T06:56:38.594+0000][8][gc,phases   ] GC(34)   Evacuate Collection Set: 1.0ms
[2022-04-22T06:56:38.595+0000][8][gc,phases   ] GC(34)   Post Evacuate Collection Set: 0.7ms
[2022-04-22T06:56:38.596+0000][8][gc,phases   ] GC(34)   Other: 5.6ms
[2022-04-22T06:56:38.596+0000][8][gc,heap     ] GC(34) Eden regions: 46->0(47)
[2022-04-22T06:56:38.597+0000][8][gc,heap     ] GC(34) Survivor regions: 1->1(6)
[2022-04-22T06:56:38.597+0000][8][gc,heap     ] GC(34) Old regions: 32->32
[2022-04-22T06:56:38.598+0000][8][gc,heap     ] GC(34) Archive regions: 2->2
[2022-04-22T06:56:38.599+0000][8][gc,heap     ] GC(34) Humongous regions: 16->16
[2022-04-22T06:56:38.600+0000][8][gc,metaspace] GC(34) Metaspace: 104935K(106496K)->104935K(106496K) NonClass: 90639K(91584K)->90639K(91584K) Class: 14296K(14912K)->14296K(14912K)
[2022-04-22T06:56:38.600+0000][8][gc          ] GC(34) Pause Young (Normal) (G1 Evacuation Pause) 380M->196M(512M) 15.013ms
[2022-04-22T06:56:38.601+0000][8][gc,cpu      ] GC(34) User=0.01s Sys=0.00s Real=0.02s
[2022-04-22T06:56:38.602+0000][8][safepoint   ] Safepoint "G1CollectForAllocation", Time since last: 946638376 ns, Reaching safepoint: 140958 ns, At safepoint: 16585959 ns, Total: 16726917 ns
[2022-04-22T06:56:39.993+0000][8][safepoint   ] Safepoint "Cleanup", Time since last: 1391096209 ns, Reaching safepoint: 308041 ns, At safepoint: 4500 ns, Total: 312541 ns
[2022-04-22T06:56:40.994+0000][8][safepoint   ] Safepoint "Cleanup", Time since last: 1001048084 ns, Reaching safepoint: 65375 ns, At safepoint: 2833 ns, Total: 68208 ns
[2022-04-22T06:56:41.996+0000][8][safepoint   ] Safepoint "Cleanup", Time since last: 1001145459 ns, Reaching safepoint: 52167 ns, At safepoint: 2375 ns, Total: 54542 ns
[2022-04-22T06:56:45.000+0000][8][safepoint   ] Safepoint "Cleanup", Time since last: 3004124585 ns, Reaching safepoint: 58416 ns, At safepoint: 2542 ns, Total: 60958 ns
[2022-04-22T06:56:45.369+0000][8][gc,start    ] GC(35) Pause Young (Concurrent Start) (G1 Evacuation Pause)
[2022-04-22T06:56:45.370+0000][8][gc,task     ] GC(35) Using 5 workers of 5 for evacuation
[2022-04-22T06:56:45.371+0000][8][gc,age      ] GC(35) Desired survivor size 12582912 bytes, new threshold 15 (max threshold 15)
[2022-04-22T06:56:45.375+0000][8][gc,age      ] GC(35) Age table with threshold 15 (max threshold 15)
[2022-04-22T06:56:45.376+0000][8][gc,age      ] GC(35) - age   1:    3987600 bytes,    3987600 total
[2022-04-22T06:56:45.377+0000][8][gc,age      ] GC(35) - age   2:      83248 bytes,    4070848 total
[2022-04-22T06:56:45.378+0000][8][gc,age      ] GC(35) - age   3:     104704 bytes,    4175552 total
[2022-04-22T06:56:45.379+0000][8][gc,age      ] GC(35) - age   4:       7584 bytes,    4183136 total
[2022-04-22T06:56:45.380+0000][8][gc,phases   ] GC(35)   Pre Evacuate Collection Set: 0.3ms
[2022-04-22T06:56:45.381+0000][8][gc,phases   ] GC(35)   Merge Heap Roots: 0.1ms
[2022-04-22T06:56:45.381+0000][8][gc,phases   ] GC(35)   Evacuate Collection Set: 1.7ms
[2022-04-22T06:56:45.382+0000][8][gc,phases   ] GC(35)   Post Evacuate Collection Set: 0.6ms
[2022-04-22T06:56:45.383+0000][8][gc,phases   ] GC(35)   Other: 8.2ms
[2022-04-22T06:56:45.383+0000][8][gc,heap     ] GC(35) Eden regions: 47->0(48)
[2022-04-22T06:56:45.384+0000][8][gc,heap     ] GC(35) Survivor regions: 1->1(6)
[2022-04-22T06:56:45.384+0000][8][gc,heap     ] GC(35) Old regions: 32->32
[2022-04-22T06:56:45.385+0000][8][gc,heap     ] GC(35) Archive regions: 2->2
[2022-04-22T06:56:45.386+0000][8][gc,heap     ] GC(35) Humongous regions: 16->16
[2022-04-22T06:56:45.386+0000][8][gc,metaspace] GC(35) Metaspace: 104953K(106496K)->104953K(106496K) NonClass: 90656K(91584K)->90656K(91584K) Class: 14296K(14912K)->14296K(14912K)
[2022-04-22T06:56:45.387+0000][8][gc          ] GC(35) Pause Young (Concurrent Start) (G1 Evacuation Pause) 384M->199M(512M) 17.595ms
[2022-04-22T06:56:45.388+0000][8][gc,cpu      ] GC(35) User=0.02s Sys=0.00s Real=0.02s
[2022-04-22T06:56:45.388+0000][8][safepoint   ] Safepoint "G1CollectForAllocation", Time since last: 369356792 ns, Reaching safepoint: 37916 ns, At safepoint: 19184250 ns, Total: 19222166 ns
[2022-04-22T06:56:45.388+0000][8][gc          ] GC(36) Concurrent Mark Cycle
[2022-04-22T06:56:45.391+0000][8][gc,marking  ] GC(36) Concurrent Clear Claimed Marks
[2022-04-22T06:56:45.392+0000][8][gc,marking  ] GC(36) Concurrent Clear Claimed Marks 1.111ms
[2022-04-22T06:56:45.393+0000][8][gc,marking  ] GC(36) Concurrent Scan Root Regions
[2022-04-22T06:56:45.395+0000][8][gc,marking  ] GC(36) Concurrent Scan Root Regions 2.660ms
[2022-04-22T06:56:45.396+0000][8][gc,marking  ] GC(36) Concurrent Mark
[2022-04-22T06:56:45.397+0000][8][gc,marking  ] GC(36) Concurrent Mark From Roots
[2022-04-22T06:56:45.398+0000][8][gc,task     ] GC(36) Using 1 workers of 1 for marking
[2022-04-22T06:56:45.469+0000][8][gc,marking  ] GC(36) Concurrent Mark From Roots 71.865ms
[2022-04-22T06:56:45.470+0000][8][gc,marking  ] GC(36) Concurrent Preclean
[2022-04-22T06:56:45.472+0000][8][gc,marking  ] GC(36) Concurrent Preclean 1.223ms
[2022-04-22T06:56:45.473+0000][8][gc,start    ] GC(36) Pause Remark
[2022-04-22T06:56:45.479+0000][8][gc          ] GC(36) Pause Remark 205M->165M(512M) 6.498ms
[2022-04-22T06:56:45.482+0000][8][gc,cpu      ] GC(36) User=0.02s Sys=0.00s Real=0.01s
[2022-04-22T06:56:45.483+0000][8][safepoint   ] Safepoint "G1Concurrent", Time since last: 84212917 ns, Reaching safepoint: 315250 ns, At safepoint: 9652083 ns, Total: 9967333 ns
[2022-04-22T06:56:45.484+0000][8][gc,marking  ] GC(36) Concurrent Mark 87.535ms
[2022-04-22T06:56:45.485+0000][8][gc,marking  ] GC(36) Concurrent Rebuild Remembered Sets
[2022-04-22T06:56:45.530+0000][8][gc,marking  ] GC(36) Concurrent Rebuild Remembered Sets 44.574ms
[2022-04-22T06:56:45.532+0000][8][gc,start    ] GC(36) Pause Cleanup
[2022-04-22T06:56:45.533+0000][8][gc          ] GC(36) Pause Cleanup 167M->167M(512M) 1.121ms
[2022-04-22T06:56:45.534+0000][8][gc,cpu      ] GC(36) User=0.00s Sys=0.00s Real=0.00s
[2022-04-22T06:56:45.534+0000][8][safepoint   ] Safepoint "G1Concurrent", Time since last: 48760001 ns, Reaching safepoint: 299708 ns, At safepoint: 2724542 ns, Total: 3024250 ns
[2022-04-22T06:56:45.535+0000][8][gc,marking  ] GC(36) Concurrent Cleanup for Next Mark
[2022-04-22T06:56:45.536+0000][8][gc,marking  ] GC(36) Concurrent Cleanup for Next Mark 1.213ms
[2022-04-22T06:56:45.537+0000][8][gc          ] GC(36) Concurrent Mark Cycle 148.828ms
[2022-04-22T06:56:46.536+0000][8][safepoint   ] Safepoint "Cleanup", Time since last: 1000899875 ns, Reaching safepoint: 222333 ns, At safepoint: 3750 ns, Total: 226083 ns
[2022-04-22T06:56:47.537+0000][8][safepoint   ] Safepoint "Cleanup", Time since last: 1000993042 ns, Reaching safepoint: 38750 ns, At safepoint: 3292 ns, Total: 42042 ns
[2022-04-22T06:56:48.538+0000][8][safepoint   ] Safepoint "Cleanup", Time since last: 1000812751 ns, Reaching safepoint: 207958 ns, At safepoint: 4833 ns, Total: 212791 ns
[2022-04-22T06:56:49.540+0000][8][safepoint   ] Safepoint "Cleanup", Time since last: 1001881626 ns, Reaching safepoint: 56166 ns, At safepoint: 2375 ns, Total: 58541 ns
[2022-04-22T06:56:49.814+0000][8][gc,start    ] GC(37) Pause Young (Normal) (G1 Evacuation Pause)
[2022-04-22T06:56:49.815+0000][8][gc,task     ] GC(37) Using 5 workers of 5 for evacuation
[2022-04-22T06:56:49.816+0000][8][gc,age      ] GC(37) Desired survivor size 14680064 bytes, new threshold 15 (max threshold 15)
[2022-04-22T06:56:49.821+0000][8][gc,age      ] GC(37) Age table with threshold 15 (max threshold 15)
[2022-04-22T06:56:49.822+0000][8][gc,age      ] GC(37) - age   1:   10719008 bytes,   10719008 total
[2022-04-22T06:56:49.823+0000][8][gc,age      ] GC(37) - age   2:    2032904 bytes,   12751912 total
[2022-04-22T06:56:49.823+0000][8][gc,age      ] GC(37) - age   3:       1560 bytes,   12753472 total
[2022-04-22T06:56:49.824+0000][8][gc,phases   ] GC(37)   Pre Evacuate Collection Set: 0.1ms
[2022-04-22T06:56:49.825+0000][8][gc,phases   ] GC(37)   Merge Heap Roots: 0.4ms
[2022-04-22T06:56:49.825+0000][8][gc,phases   ] GC(37)   Evacuate Collection Set: 1.6ms
[2022-04-22T06:56:49.826+0000][8][gc,phases   ] GC(37)   Post Evacuate Collection Set: 1.0ms
[2022-04-22T06:56:49.827+0000][8][gc,phases   ] GC(37)   Other: 6.8ms
[2022-04-22T06:56:49.827+0000][8][gc,heap     ] GC(37) Eden regions: 48->0(53)
[2022-04-22T06:56:49.828+0000][8][gc,heap     ] GC(37) Survivor regions: 1->4(7)
[2022-04-22T06:56:49.828+0000][8][gc,heap     ] GC(37) Old regions: 32->32
[2022-04-22T06:56:49.829+0000][8][gc,heap     ] GC(37) Archive regions: 2->2
[2022-04-22T06:56:49.829+0000][8][gc,heap     ] GC(37) Humongous regions: 6->6
[2022-04-22T06:56:49.830+0000][8][gc,metaspace] GC(37) Metaspace: 104957K(106496K)->104957K(106496K) NonClass: 90660K(91584K)->90660K(91584K) Class: 14296K(14912K)->14296K(14912K)
[2022-04-22T06:56:49.831+0000][8][gc          ] GC(37) Pause Young (Normal) (G1 Evacuation Pause) 351M->168M(512M) 16.390ms
[2022-04-22T06:56:49.831+0000][8][gc,cpu      ] GC(37) User=0.01s Sys=0.00s Real=0.02s
[2022-04-22T06:56:49.832+0000][8][safepoint   ] Safepoint "G1CollectForAllocation", Time since last: 274706126 ns, Reaching safepoint: 45166 ns, At safepoint: 17626250 ns, Total: 17671416 ns
[2022-04-22T06:56:50.087+0000][8][gc,start    ] GC(38) Pause Young (Concurrent Start) (G1 Humongous Allocation)
[2022-04-22T06:56:50.088+0000][8][gc,task     ] GC(38) Using 5 workers of 5 for evacuation
[2022-04-22T06:56:50.089+0000][8][gc,age      ] GC(38) Desired survivor size 16777216 bytes, new threshold 15 (max threshold 15)
[2022-04-22T06:56:50.092+0000][8][gc,age      ] GC(38) Age table with threshold 15 (max threshold 15)
[2022-04-22T06:56:50.093+0000][8][gc,age      ] GC(38) - age   1:     529440 bytes,     529440 total
[2022-04-22T06:56:50.094+0000][8][gc,age      ] GC(38) - age   2:   10382760 bytes,   10912200 total
[2022-04-22T06:56:50.095+0000][8][gc,age      ] GC(38) - age   3:    2019472 bytes,   12931672 total
[2022-04-22T06:56:50.096+0000][8][gc,age      ] GC(38) - age   4:       1560 bytes,   12933232 total
[2022-04-22T06:56:50.097+0000][8][gc,phases   ] GC(38)   Pre Evacuate Collection Set: 0.3ms
[2022-04-22T06:56:50.097+0000][8][gc,phases   ] GC(38)   Merge Heap Roots: 0.1ms
[2022-04-22T06:56:50.098+0000][8][gc,phases   ] GC(38)   Evacuate Collection Set: 1.5ms
[2022-04-22T06:56:50.099+0000][8][gc,phases   ] GC(38)   Post Evacuate Collection Set: 1.0ms
[2022-04-22T06:56:50.099+0000][8][gc,phases   ] GC(38)   Other: 6.5ms
[2022-04-22T06:56:50.100+0000][8][gc,heap     ] GC(38) Eden regions: 4->0(53)
[2022-04-22T06:56:50.102+0000][8][gc,heap     ] GC(38) Survivor regions: 4->4(8)
[2022-04-22T06:56:50.102+0000][8][gc,heap     ] GC(38) Old regions: 32->32
[2022-04-22T06:56:50.103+0000][8][gc,heap     ] GC(38) Archive regions: 2->2
[2022-04-22T06:56:50.104+0000][8][gc,heap     ] GC(38) Humongous regions: 6->6
[2022-04-22T06:56:50.105+0000][8][gc,metaspace] GC(38) Metaspace: 104957K(106496K)->104957K(106496K) NonClass: 90660K(91584K)->90660K(91584K) Class: 14296K(14912K)->14296K(14912K)
[2022-04-22T06:56:50.106+0000][8][gc          ] GC(38) Pause Young (Concurrent Start) (G1 Humongous Allocation) 183M->168M(512M) 18.854ms
[2022-04-22T06:56:50.107+0000][8][gc,cpu      ] GC(38) User=0.01s Sys=0.00s Real=0.02s
[2022-04-22T06:56:50.107+0000][8][safepoint   ] Safepoint "G1TryInitiateConcMark", Time since last: 254959875 ns, Reaching safepoint: 217417 ns, At safepoint: 20258583 ns, Total: 20476000 ns
[2022-04-22T06:56:50.107+0000][8][gc          ] GC(39) Concurrent Mark Cycle
[2022-04-22T06:56:50.109+0000][8][gc,marking  ] GC(39) Concurrent Clear Claimed Marks
[2022-04-22T06:56:50.109+0000][8][gc,marking  ] GC(39) Concurrent Clear Claimed Marks 0.785ms
[2022-04-22T06:56:50.110+0000][8][gc,marking  ] GC(39) Concurrent Scan Root Regions
[2022-04-22T06:56:50.113+0000][8][gc,marking  ] GC(39) Concurrent Scan Root Regions 2.178ms
[2022-04-22T06:56:50.113+0000][8][gc,marking  ] GC(39) Concurrent Mark
[2022-04-22T06:56:50.114+0000][8][gc,marking  ] GC(39) Concurrent Mark From Roots
[2022-04-22T06:56:50.115+0000][8][gc,task     ] GC(39) Using 1 workers of 1 for marking
[2022-04-22T06:56:50.181+0000][8][gc,marking  ] GC(39) Concurrent Mark From Roots 66.940ms
[2022-04-22T06:56:50.182+0000][8][gc,marking  ] GC(39) Concurrent Preclean
[2022-04-22T06:56:50.183+0000][8][gc,marking  ] GC(39) Concurrent Preclean 1.195ms
[2022-04-22T06:56:50.185+0000][8][gc,start    ] GC(39) Pause Remark
[2022-04-22T06:56:50.190+0000][8][gc          ] GC(39) Pause Remark 177M->173M(512M) 5.881ms
[2022-04-22T06:56:50.191+0000][8][gc,cpu      ] GC(39) User=0.01s Sys=0.00s Real=0.01s
[2022-04-22T06:56:50.193+0000][8][safepoint   ] Safepoint "G1Concurrent", Time since last: 77125125 ns, Reaching safepoint: 29334 ns, At safepoint: 7995875 ns, Total: 8025209 ns
[2022-04-22T06:56:50.194+0000][8][gc,marking  ] GC(39) Concurrent Mark 81.210ms
[2022-04-22T06:56:50.196+0000][8][gc,marking  ] GC(39) Concurrent Rebuild Remembered Sets
[2022-04-22T06:56:50.238+0000][8][gc,marking  ] GC(39) Concurrent Rebuild Remembered Sets 42.720ms
[2022-04-22T06:56:50.239+0000][8][gc,start    ] GC(39) Pause Cleanup
[2022-04-22T06:56:50.240+0000][8][gc          ] GC(39) Pause Cleanup 175M->175M(512M) 0.694ms
[2022-04-22T06:56:50.241+0000][8][gc,cpu      ] GC(39) User=0.00s Sys=0.00s Real=0.00s
[2022-04-22T06:56:50.242+0000][8][safepoint   ] Safepoint "G1Concurrent", Time since last: 46745083 ns, Reaching safepoint: 186708 ns, At safepoint: 2958459 ns, Total: 3145167 ns
[2022-04-22T06:56:50.243+0000][8][gc,marking  ] GC(39) Concurrent Cleanup for Next Mark
[2022-04-22T06:56:50.245+0000][8][gc,marking  ] GC(39) Concurrent Cleanup for Next Mark 1.794ms
[2022-04-22T06:56:50.246+0000][8][gc          ] GC(39) Concurrent Mark Cycle 138.838ms
[2022-04-22T06:56:52.244+0000][8][safepoint   ] Safepoint "Cleanup", Time since last: 2001202626 ns, Reaching safepoint: 66375 ns, At safepoint: 2291 ns, Total: 68666 ns
[2022-04-22T06:56:53.245+0000][8][safepoint   ] Safepoint "Cleanup", Time since last: 1001156709 ns, Reaching safepoint: 94167 ns, At safepoint: 4083 ns, Total: 98250 ns
[2022-04-22T06:56:54.247+0000][8][safepoint   ] Safepoint "Cleanup", Time since last: 1001597209 ns, Reaching safepoint: 62167 ns, At safepoint: 2500 ns, Total: 64667 ns
[2022-04-22T06:56:55.142+0000][8][gc,start    ] GC(40) Pause Young (Prepare Mixed) (G1 Evacuation Pause)
[2022-04-22T06:56:55.143+0000][8][gc,task     ] GC(40) Using 5 workers of 5 for evacuation
[2022-04-22T06:56:55.144+0000][8][gc,age      ] GC(40) Desired survivor size 16777216 bytes, new threshold 15 (max threshold 15)
[2022-04-22T06:56:55.149+0000][8][gc,age      ] GC(40) Age table with threshold 15 (max threshold 15)
[2022-04-22T06:56:55.150+0000][8][gc,age      ] GC(40) - age   1:   11904152 bytes,   11904152 total
[2022-04-22T06:56:55.151+0000][8][gc,age      ] GC(40) - age   2:     476424 bytes,   12380576 total
[2022-04-22T06:56:55.151+0000][8][gc,age      ] GC(40) - age   3:    5256320 bytes,   17636896 total
[2022-04-22T06:56:55.152+0000][8][gc,age      ] GC(40) - age   4:    2016648 bytes,   19653544 total
[2022-04-22T06:56:55.153+0000][8][gc,age      ] GC(40) - age   5:       1560 bytes,   19655104 total
[2022-04-22T06:56:55.154+0000][8][gc,phases   ] GC(40)   Pre Evacuate Collection Set: 0.2ms
[2022-04-22T06:56:55.155+0000][8][gc,phases   ] GC(40)   Merge Heap Roots: 0.1ms
[2022-04-22T06:56:55.156+0000][8][gc,phases   ] GC(40)   Evacuate Collection Set: 2.2ms
[2022-04-22T06:56:55.157+0000][8][gc,phases   ] GC(40)   Post Evacuate Collection Set: 0.6ms
[2022-04-22T06:56:55.158+0000][8][gc,phases   ] GC(40)   Other: 9.2ms
[2022-04-22T06:56:55.158+0000][8][gc,heap     ] GC(40) Eden regions: 53->0(1)
[2022-04-22T06:56:55.159+0000][8][gc,heap     ] GC(40) Survivor regions: 4->5(8)
[2022-04-22T06:56:55.159+0000][8][gc,heap     ] GC(40) Old regions: 31->31
[2022-04-22T06:56:55.160+0000][8][gc,heap     ] GC(40) Archive regions: 2->2
[2022-04-22T06:56:55.160+0000][8][gc,heap     ] GC(40) Humongous regions: 7->7
[2022-04-22T06:56:55.161+0000][8][gc,metaspace] GC(40) Metaspace: 104961K(106496K)->104961K(106496K) NonClass: 90663K(91584K)->90663K(91584K) Class: 14297K(14912K)->14297K(14912K)
[2022-04-22T06:56:55.161+0000][8][gc          ] GC(40) Pause Young (Prepare Mixed) (G1 Evacuation Pause) 380M->175M(512M) 19.523ms
[2022-04-22T06:56:55.162+0000][8][gc,cpu      ] GC(40) User=0.00s Sys=0.00s Real=0.02s
[2022-04-22T06:56:55.165+0000][8][safepoint   ] Safepoint "G1CollectForAllocation", Time since last: 895239625 ns, Reaching safepoint: 77208 ns, At safepoint: 22604375 ns, Total: 22681583 ns
[2022-04-22T06:56:55.259+0000][8][gc,start    ] GC(41) Pause Young (Mixed) (G1 Evacuation Pause)
[2022-04-22T06:56:55.259+0000][8][gc,task     ] GC(41) Using 5 workers of 5 for evacuation
[2022-04-22T06:56:55.260+0000][8][gc,age      ] GC(41) Desired survivor size 2097152 bytes, new threshold 1 (max threshold 15)
[2022-04-22T06:56:55.264+0000][8][gc,age      ] GC(41) Age table with threshold 1 (max threshold 15)
[2022-04-22T06:56:55.265+0000][8][gc,age      ] GC(41) - age   1:     149480 bytes,     149480 total
[2022-04-22T06:56:55.265+0000][8][gc,phases   ] GC(41)   Pre Evacuate Collection Set: 0.1ms
[2022-04-22T06:56:55.266+0000][8][gc,phases   ] GC(41)   Merge Heap Roots: 0.1ms
[2022-04-22T06:56:55.266+0000][8][gc,phases   ] GC(41)   Evacuate Collection Set: 1.9ms
[2022-04-22T06:56:55.267+0000][8][gc,phases   ] GC(41)   Post Evacuate Collection Set: 0.6ms
[2022-04-22T06:56:55.268+0000][8][gc,phases   ] GC(41)   Other: 4.2ms
[2022-04-22T06:56:55.268+0000][8][gc,heap     ] GC(41) Eden regions: 1->0(56)
[2022-04-22T06:56:55.269+0000][8][gc,heap     ] GC(41) Survivor regions: 5->1(1)
[2022-04-22T06:56:55.269+0000][8][gc,heap     ] GC(41) Old regions: 31->31
[2022-04-22T06:56:55.270+0000][8][gc,heap     ] GC(41) Archive regions: 2->2
[2022-04-22T06:56:55.270+0000][8][gc,heap     ] GC(41) Humongous regions: 7->7
[2022-04-22T06:56:55.271+0000][8][gc,metaspace] GC(41) Metaspace: 104961K(106496K)->104961K(106496K) NonClass: 90663K(91584K)->90663K(91584K) Class: 14297K(14912K)->14297K(14912K)
[2022-04-22T06:56:55.272+0000][8][gc          ] GC(41) Pause Young (Mixed) (G1 Evacuation Pause) 178M->155M(512M) 13.082ms
[2022-04-22T06:56:55.272+0000][8][gc,cpu      ] GC(41) User=0.01s Sys=0.01s Real=0.01s
[2022-04-22T06:56:55.273+0000][8][safepoint   ] Safepoint "G1CollectForAllocation", Time since last: 93990500 ns, Reaching safepoint: 119875 ns, At safepoint: 14577667 ns, Total: 14697542 ns
[2022-04-22T06:56:56.274+0000][8][safepoint   ] Safepoint "Cleanup", Time since last: 1000583417 ns, Reaching safepoint: 138584 ns, At safepoint: 5000 ns, Total: 143584 ns
[2022-04-22T06:56:57.276+0000][8][safepoint   ] Safepoint "Cleanup", Time since last: 1001789417 ns, Reaching safepoint: 112541 ns, At safepoint: 10084 ns, Total: 122625 ns
[2022-04-22T06:56:58.181+0000][8][gc,start    ] GC(42) Pause Young (Concurrent Start) (G1 Humongous Allocation)
[2022-04-22T06:56:58.182+0000][8][gc,task     ] GC(42) Using 5 workers of 5 for evacuation
[2022-04-22T06:56:58.183+0000][8][gc,age      ] GC(42) Desired survivor size 16777216 bytes, new threshold 15 (max threshold 15)
[2022-04-22T06:56:58.187+0000][8][gc,age      ] GC(42) Age table with threshold 15 (max threshold 15)
[2022-04-22T06:56:58.187+0000][8][gc,age      ] GC(42) - age   1:   11748904 bytes,   11748904 total
[2022-04-22T06:56:58.188+0000][8][gc,age      ] GC(42) - age   2:     108592 bytes,   11857496 total
[2022-04-22T06:56:58.189+0000][8][gc,phases   ] GC(42)   Pre Evacuate Collection Set: 0.3ms
[2022-04-22T06:56:58.190+0000][8][gc,phases   ] GC(42)   Merge Heap Roots: 0.1ms
[2022-04-22T06:56:58.191+0000][8][gc,phases   ] GC(42)   Evacuate Collection Set: 1.6ms
[2022-04-22T06:56:58.191+0000][8][gc,phases   ] GC(42)   Post Evacuate Collection Set: 0.6ms
[2022-04-22T06:56:58.192+0000][8][gc,phases   ] GC(42)   Other: 5.5ms
[2022-04-22T06:56:58.193+0000][8][gc,heap     ] GC(42) Eden regions: 34->0(53)
[2022-04-22T06:56:58.193+0000][8][gc,heap     ] GC(42) Survivor regions: 1->4(8)
[2022-04-22T06:56:58.194+0000][8][gc,heap     ] GC(42) Old regions: 31->31
[2022-04-22T06:56:58.194+0000][8][gc,heap     ] GC(42) Archive regions: 2->2
[2022-04-22T06:56:58.195+0000][8][gc,heap     ] GC(42) Humongous regions: 7->7
[2022-04-22T06:56:58.195+0000][8][gc,metaspace] GC(42) Metaspace: 104962K(106496K)->104962K(106496K) NonClass: 90665K(91584K)->90665K(91584K) Class: 14297K(14912K)->14297K(14912K)
[2022-04-22T06:56:58.196+0000][8][gc          ] GC(42) Pause Young (Concurrent Start) (G1 Humongous Allocation) 291M->168M(512M) 14.835ms
[2022-04-22T06:56:58.197+0000][8][gc,cpu      ] GC(42) User=0.00s Sys=0.00s Real=0.02s
[2022-04-22T06:56:58.198+0000][8][safepoint   ] Safepoint "G1TryInitiateConcMark", Time since last: 905119750 ns, Reaching safepoint: 52459 ns, At safepoint: 16790250 ns, Total: 16842709 ns
[2022-04-22T06:56:58.198+0000][8][gc          ] GC(43) Concurrent Mark Cycle
[2022-04-22T06:56:58.208+0000][8][gc,marking  ] GC(43) Concurrent Clear Claimed Marks
[2022-04-22T06:56:58.209+0000][8][gc,marking  ] GC(43) Concurrent Clear Claimed Marks 0.795ms
[2022-04-22T06:56:58.210+0000][8][gc,marking  ] GC(43) Concurrent Scan Root Regions
[2022-04-22T06:56:58.211+0000][8][gc,marking  ] GC(43) Concurrent Scan Root Regions 1.503ms
[2022-04-22T06:56:58.212+0000][8][gc,marking  ] GC(43) Concurrent Mark
[2022-04-22T06:56:58.213+0000][8][gc,marking  ] GC(43) Concurrent Mark From Roots
[2022-04-22T06:56:58.213+0000][8][gc,task     ] GC(43) Using 1 workers of 1 for marking
[2022-04-22T06:56:58.300+0000][8][gc,marking  ] GC(43) Concurrent Mark From Roots 86.954ms
[2022-04-22T06:56:58.301+0000][8][gc,marking  ] GC(43) Concurrent Preclean
[2022-04-22T06:56:58.302+0000][8][gc,marking  ] GC(43) Concurrent Preclean 1.575ms
[2022-04-22T06:56:58.304+0000][8][gc,start    ] GC(43) Pause Remark
[2022-04-22T06:56:58.309+0000][8][gc          ] GC(43) Pause Remark 183M->183M(512M) 5.719ms
[2022-04-22T06:56:58.310+0000][8][gc,cpu      ] GC(43) User=0.01s Sys=0.00s Real=0.01s
[2022-04-22T06:56:58.311+0000][8][safepoint   ] Safepoint "G1Concurrent", Time since last: 105428375 ns, Reaching safepoint: 276500 ns, At safepoint: 7508750 ns, Total: 7785250 ns
[2022-04-22T06:56:58.312+0000][8][gc,marking  ] GC(43) Concurrent Mark 99.859ms
[2022-04-22T06:56:58.313+0000][8][gc,marking  ] GC(43) Concurrent Rebuild Remembered Sets
[2022-04-22T06:56:58.356+0000][8][gc,marking  ] GC(43) Concurrent Rebuild Remembered Sets 42.975ms
[2022-04-22T06:56:58.358+0000][8][gc,start    ] GC(43) Pause Cleanup
[2022-04-22T06:56:58.359+0000][8][gc          ] GC(43) Pause Cleanup 185M->185M(512M) 1.402ms
[2022-04-22T06:56:58.360+0000][8][gc,cpu      ] GC(43) User=0.00s Sys=0.00s Real=0.00s
[2022-04-22T06:56:58.362+0000][8][safepoint   ] Safepoint "G1Concurrent", Time since last: 46295791 ns, Reaching safepoint: 207250 ns, At safepoint: 4054542 ns, Total: 4261792 ns
[2022-04-22T06:56:58.363+0000][8][gc,marking  ] GC(43) Concurrent Cleanup for Next Mark
[2022-04-22T06:56:58.364+0000][8][gc,marking  ] GC(43) Concurrent Cleanup for Next Mark 1.215ms
[2022-04-22T06:56:58.371+0000][8][gc          ] GC(43) Concurrent Mark Cycle 173.008ms
[2022-04-22T06:56:59.363+0000][8][safepoint   ] Safepoint "Cleanup", Time since last: 1001076458 ns, Reaching safepoint: 200417 ns, At safepoint: 9958 ns, Total: 210375 ns
[2022-04-22T06:57:01.364+0000][8][safepoint   ] Safepoint "Cleanup", Time since last: 2001056793 ns, Reaching safepoint: 379833 ns, At safepoint: 7750 ns, Total: 387583 ns
[2022-04-22T06:57:02.369+0000][8][safepoint   ] Safepoint "Cleanup", Time since last: 1005085251 ns, Reaching safepoint: 126583 ns, At safepoint: 3709 ns, Total: 130292 ns
[2022-04-22T06:57:12.390+0000][8][safepoint   ] Safepoint "Cleanup", Time since last: 10020050504 ns, Reaching safepoint: 238750 ns, At safepoint: 11084 ns, Total: 249834 ns
[2022-04-22T06:57:25.406+0000][8][safepoint   ] Safepoint "Cleanup", Time since last: 13016052298 ns, Reaching safepoint: 94166 ns, At safepoint: 2250 ns, Total: 96416 ns
[2022-04-22T06:57:26.211+0000][8][gc,start    ] GC(44) Pause Young (Prepare Mixed) (G1 Evacuation Pause)
[2022-04-22T06:57:26.211+0000][8][gc,task     ] GC(44) Using 5 workers of 5 for evacuation
[2022-04-22T06:57:26.212+0000][8][gc,age      ] GC(44) Desired survivor size 16777216 bytes, new threshold 15 (max threshold 15)
[2022-04-22T06:57:26.216+0000][8][gc,age      ] GC(44) Age table with threshold 15 (max threshold 15)
[2022-04-22T06:57:26.218+0000][8][gc,age      ] GC(44) - age   1:   14681896 bytes,   14681896 total
[2022-04-22T06:57:26.218+0000][8][gc,age      ] GC(44) - age   2:    3452576 bytes,   18134472 total
[2022-04-22T06:57:26.220+0000][8][gc,age      ] GC(44) - age   3:     108592 bytes,   18243064 total
[2022-04-22T06:57:26.221+0000][8][gc,phases   ] GC(44)   Pre Evacuate Collection Set: 0.1ms
[2022-04-22T06:57:26.222+0000][8][gc,phases   ] GC(44)   Merge Heap Roots: 0.2ms
[2022-04-22T06:57:26.223+0000][8][gc,phases   ] GC(44)   Evacuate Collection Set: 2.0ms
[2022-04-22T06:57:26.223+0000][8][gc,phases   ] GC(44)   Post Evacuate Collection Set: 0.9ms
[2022-04-22T06:57:26.224+0000][8][gc,phases   ] GC(44)   Other: 7.0ms
[2022-04-22T06:57:26.225+0000][8][gc,heap     ] GC(44) Eden regions: 53->0(1)
[2022-04-22T06:57:26.226+0000][8][gc,heap     ] GC(44) Survivor regions: 4->5(8)
[2022-04-22T06:57:26.226+0000][8][gc,heap     ] GC(44) Old regions: 31->31
[2022-04-22T06:57:26.227+0000][8][gc,heap     ] GC(44) Archive regions: 2->2
[2022-04-22T06:57:26.228+0000][8][gc,heap     ] GC(44) Humongous regions: 9->8
[2022-04-22T06:57:26.229+0000][8][gc,metaspace] GC(44) Metaspace: 104999K(106560K)->104999K(106560K) NonClass: 90700K(91648K)->90700K(91648K) Class: 14299K(14912K)->14299K(14912K)
[2022-04-22T06:57:26.230+0000][8][gc          ] GC(44) Pause Young (Prepare Mixed) (G1 Evacuation Pause) 388M->179M(512M) 19.631ms
[2022-04-22T06:57:26.231+0000][8][gc,cpu      ] GC(44) User=0.01s Sys=0.00s Real=0.02s
[2022-04-22T06:57:26.233+0000][8][safepoint   ] Safepoint "G1CollectForAllocation", Time since last: 804608751 ns, Reaching safepoint: 117166 ns, At safepoint: 22411250 ns, Total: 22528416 ns
[2022-04-22T06:57:26.267+0000][8][gc,start    ] GC(45) Pause Young (Mixed) (G1 Evacuation Pause)
[2022-04-22T06:57:26.268+0000][8][gc,task     ] GC(45) Using 5 workers of 5 for evacuation
[2022-04-22T06:57:26.269+0000][8][gc,age      ] GC(45) Desired survivor size 2097152 bytes, new threshold 1 (max threshold 15)
[2022-04-22T06:57:26.274+0000][8][gc,age      ] GC(45) Age table with threshold 1 (max threshold 15)
[2022-04-22T06:57:26.275+0000][8][gc,age      ] GC(45) - age   1:      37240 bytes,      37240 total
[2022-04-22T06:57:26.276+0000][8][gc,phases   ] GC(45)   Pre Evacuate Collection Set: 0.1ms
[2022-04-22T06:57:26.278+0000][8][gc,phases   ] GC(45)   Merge Heap Roots: 0.0ms
[2022-04-22T06:57:26.281+0000][8][gc,phases   ] GC(45)   Evacuate Collection Set: 2.5ms
[2022-04-22T06:57:26.283+0000][8][gc,phases   ] GC(45)   Post Evacuate Collection Set: 1.1ms
[2022-04-22T06:57:26.284+0000][8][gc,phases   ] GC(45)   Other: 5.6ms
[2022-04-22T06:57:26.285+0000][8][gc,heap     ] GC(45) Eden regions: 1->0(51)
[2022-04-22T06:57:26.286+0000][8][gc,heap     ] GC(45) Survivor regions: 5->1(1)
[2022-04-22T06:57:26.287+0000][8][gc,heap     ] GC(45) Old regions: 31->34
[2022-04-22T06:57:26.288+0000][8][gc,heap     ] GC(45) Archive regions: 2->2
[2022-04-22T06:57:26.289+0000][8][gc,heap     ] GC(45) Humongous regions: 8->8
[2022-04-22T06:57:26.291+0000][8][gc,metaspace] GC(45) Metaspace: 104999K(106560K)->104999K(106560K) NonClass: 90700K(91648K)->90700K(91648K) Class: 14299K(14912K)->14299K(14912K)
[2022-04-22T06:57:26.292+0000][8][gc          ] GC(45) Pause Young (Mixed) (G1 Evacuation Pause) 183M->168M(512M) 25.139ms
[2022-04-22T06:57:26.293+0000][8][gc,cpu      ] GC(45) User=0.01s Sys=0.00s Real=0.02s
[2022-04-22T06:57:26.295+0000][8][safepoint   ] Safepoint "G1CollectForAllocation", Time since last: 33701334 ns, Reaching safepoint: 40625 ns, At safepoint: 28408625 ns, Total: 28449250 ns
[2022-04-22T06:57:27.895+0000][8][gc,start    ] GC(46) Pause Young (Concurrent Start) (G1 Evacuation Pause)
[2022-04-22T06:57:27.896+0000][8][gc,task     ] GC(46) Using 5 workers of 5 for evacuation
[2022-04-22T06:57:27.897+0000][8][gc,age      ] GC(46) Desired survivor size 14680064 bytes, new threshold 15 (max threshold 15)
[2022-04-22T06:57:27.899+0000][8][gc,age      ] GC(46) Age table with threshold 15 (max threshold 15)
[2022-04-22T06:57:27.900+0000][8][gc,age      ] GC(46) - age   1:     205072 bytes,     205072 total
[2022-04-22T06:57:27.902+0000][8][gc,age      ] GC(46) - age   2:       1960 bytes,     207032 total
[2022-04-22T06:57:27.903+0000][8][gc,phases   ] GC(46)   Pre Evacuate Collection Set: 0.3ms
[2022-04-22T06:57:27.904+0000][8][gc,phases   ] GC(46)   Merge Heap Roots: 0.1ms
[2022-04-22T06:57:27.904+0000][8][gc,phases   ] GC(46)   Evacuate Collection Set: 0.8ms
[2022-04-22T06:57:27.905+0000][8][gc,phases   ] GC(46)   Post Evacuate Collection Set: 0.5ms
[2022-04-22T06:57:27.906+0000][8][gc,phases   ] GC(46)   Other: 6.1ms
[2022-04-22T06:57:27.908+0000][8][gc,heap     ] GC(46) Eden regions: 51->0(53)
[2022-04-22T06:57:27.909+0000][8][gc,heap     ] GC(46) Survivor regions: 1->1(7)
[2022-04-22T06:57:27.910+0000][8][gc,heap     ] GC(46) Old regions: 34->34
[2022-04-22T06:57:27.911+0000][8][gc,heap     ] GC(46) Archive regions: 2->2
[2022-04-22T06:57:27.912+0000][8][gc,heap     ] GC(46) Humongous regions: 8->8
[2022-04-22T06:57:27.912+0000][8][gc,metaspace] GC(46) Metaspace: 105000K(106560K)->105000K(106560K) NonClass: 90700K(91648K)->90700K(91648K) Class: 14299K(14912K)->14299K(14912K)
[2022-04-22T06:57:27.914+0000][8][gc          ] GC(46) Pause Young (Concurrent Start) (G1 Evacuation Pause) 372M->168M(512M) 18.152ms
[2022-04-22T06:57:27.915+0000][8][gc,cpu      ] GC(46) User=0.00s Sys=0.00s Real=0.02s
[2022-04-22T06:57:27.916+0000][8][gc          ] GC(47) Concurrent Mark Cycle
[2022-04-22T06:57:27.917+0000][8][gc,marking  ] GC(47) Concurrent Clear Claimed Marks
[2022-04-22T06:57:27.916+0000][8][safepoint   ] Safepoint "G1CollectForAllocation", Time since last: 1600153917 ns, Reaching safepoint: 50417 ns, At safepoint: 20827708 ns, Total: 20878125 ns
[2022-04-22T06:57:27.918+0000][8][gc,marking  ] GC(47) Concurrent Clear Claimed Marks 0.769ms
[2022-04-22T06:57:27.920+0000][8][gc,marking  ] GC(47) Concurrent Scan Root Regions
[2022-04-22T06:57:27.922+0000][8][gc,marking  ] GC(47) Concurrent Scan Root Regions 1.488ms
[2022-04-22T06:57:27.923+0000][8][gc,marking  ] GC(47) Concurrent Mark
[2022-04-22T06:57:27.924+0000][8][gc,marking  ] GC(47) Concurrent Mark From Roots
[2022-04-22T06:57:27.926+0000][8][gc,task     ] GC(47) Using 1 workers of 1 for marking
[2022-04-22T06:57:28.003+0000][8][gc,marking  ] GC(47) Concurrent Mark From Roots 79.171ms
[2022-04-22T06:57:28.004+0000][8][gc,marking  ] GC(47) Concurrent Preclean
[2022-04-22T06:57:28.007+0000][8][gc,marking  ] GC(47) Concurrent Preclean 2.448ms
[2022-04-22T06:57:28.008+0000][8][gc,start    ] GC(47) Pause Remark
[2022-04-22T06:57:28.020+0000][8][gc          ] GC(47) Pause Remark 180M->180M(512M) 12.808ms
[2022-04-22T06:57:28.022+0000][8][gc,cpu      ] GC(47) User=0.02s Sys=0.00s Real=0.01s
[2022-04-22T06:57:28.023+0000][8][safepoint   ] Safepoint "G1Concurrent", Time since last: 91219917 ns, Reaching safepoint: 47000 ns, At safepoint: 14967791 ns, Total: 15014791 ns
[2022-04-22T06:57:28.023+0000][8][gc,marking  ] GC(47) Concurrent Mark 99.984ms
[2022-04-22T06:57:28.024+0000][8][gc,marking  ] GC(47) Concurrent Rebuild Remembered Sets
[2022-04-22T06:57:28.068+0000][8][gc,marking  ] GC(47) Concurrent Rebuild Remembered Sets 43.755ms
[2022-04-22T06:57:28.069+0000][8][gc,start    ] GC(47) Pause Cleanup
[2022-04-22T06:57:28.072+0000][8][gc          ] GC(47) Pause Cleanup 188M->188M(512M) 2.627ms
[2022-04-22T06:57:28.073+0000][8][gc,cpu      ] GC(47) User=0.00s Sys=0.00s Real=0.00s
[2022-04-22T06:57:28.074+0000][8][safepoint   ] Safepoint "G1Concurrent", Time since last: 46199500 ns, Reaching safepoint: 215792 ns, At safepoint: 4580917 ns, Total: 4796709 ns
[2022-04-22T06:57:28.075+0000][8][gc,marking  ] GC(47) Concurrent Cleanup for Next Mark
[2022-04-22T06:57:28.076+0000][8][gc,marking  ] GC(47) Concurrent Cleanup for Next Mark 1.303ms
[2022-04-22T06:57:28.077+0000][8][gc          ] GC(47) Concurrent Mark Cycle 160.577ms
[2022-04-22T06:57:29.075+0000][8][safepoint   ] Safepoint "Cleanup", Time since last: 1001176000 ns, Reaching safepoint: 117583 ns, At safepoint: 8625 ns, Total: 126208 ns
[2022-04-22T06:57:30.076+0000][8][safepoint   ] Safepoint "Cleanup", Time since last: 1001328751 ns, Reaching safepoint: 206208 ns, At safepoint: 3750 ns, Total: 209958 ns
[2022-04-22T06:57:31.078+0000][8][safepoint   ] Safepoint "Cleanup", Time since last: 1001231459 ns, Reaching safepoint: 97333 ns, At safepoint: 3792 ns, Total: 101125 ns
[2022-04-22T06:57:32.082+0000][8][safepoint   ] Safepoint "Cleanup", Time since last: 1004033500 ns, Reaching safepoint: 65667 ns, At safepoint: 2333 ns, Total: 68000 ns
[2022-04-22T06:57:33.084+0000][8][safepoint   ] Safepoint "Cleanup", Time since last: 1001889293 ns, Reaching safepoint: 175833 ns, At safepoint: 3625 ns, Total: 179458 ns
[2022-04-22T06:58:26.156+0000][8][safepoint   ] Safepoint "Cleanup", Time since last: 53071795942 ns, Reaching safepoint: 167041 ns, At safepoint: 4125 ns, Total: 171166 ns
[2022-04-22T06:58:59.827+0000][8][safepoint   ] Safepoint "Cleanup", Time since last: 33671820223 ns, Reaching safepoint: 82375 ns, At safepoint: 12875 ns, Total: 95250 ns
[2022-04-22T06:59:00.833+0000][8][safepoint   ] Safepoint "Cleanup", Time since last: 1006081584 ns, Reaching safepoint: 88167 ns, At safepoint: 2208 ns, Total: 90375 ns
[2022-04-22T06:59:08.859+0000][8][safepoint   ] Safepoint "Cleanup", Time since last: 8025923337 ns, Reaching safepoint: 85167 ns, At safepoint: 2875 ns, Total: 88042 ns
[2022-04-22T06:59:26.897+0000][8][safepoint   ] Safepoint "Cleanup", Time since last: 18037354134 ns, Reaching safepoint: 104333 ns, At safepoint: 4000 ns, Total: 108333 ns
[2022-04-22T06:59:29.899+0000][8][safepoint   ] Safepoint "Cleanup", Time since last: 3002397626 ns, Reaching safepoint: 153292 ns, At safepoint: 4083 ns, Total: 157375 ns
[2022-04-22T06:59:34.915+0000][8][safepoint   ] Safepoint "Cleanup", Time since last: 5015512669 ns, Reaching safepoint: 124833 ns, At safepoint: 2292 ns, Total: 127125 ns
[2022-04-22T06:59:48.954+0000][8][safepoint   ] Safepoint "Cleanup", Time since last: 14038541757 ns, Reaching safepoint: 111250 ns, At safepoint: 2583 ns, Total: 113833 ns
[2022-04-22T06:59:54.430+0000][8][safepoint   ] Safepoint "ICBufferFull", Time since last: 5476480419 ns, Reaching safepoint: 158250 ns, At safepoint: 4459 ns, Total: 162709 ns
[2022-04-22T06:59:55.434+0000][8][safepoint   ] Safepoint "Cleanup", Time since last: 1003381125 ns, Reaching safepoint: 108209 ns, At safepoint: 4750 ns, Total: 112959 ns
[2022-04-22T06:59:56.436+0000][8][safepoint   ] Safepoint "Cleanup", Time since last: 1002175833 ns, Reaching safepoint: 152250 ns, At safepoint: 4334 ns, Total: 156584 ns
[2022-04-22T06:59:57.438+0000][8][safepoint   ] Safepoint "Cleanup", Time since last: 1001672375 ns, Reaching safepoint: 66917 ns, At safepoint: 4708 ns, Total: 71625 ns
[2022-04-22T06:59:58.886+0000][8][gc,start    ] GC(48) Pause Young (Prepare Mixed) (G1 Evacuation Pause)
[2022-04-22T06:59:58.887+0000][8][gc,task     ] GC(48) Using 5 workers of 5 for evacuation
[2022-04-22T06:59:58.888+0000][8][gc,age      ] GC(48) Desired survivor size 14680064 bytes, new threshold 15 (max threshold 15)
[2022-04-22T06:59:58.892+0000][8][gc,age      ] GC(48) Age table with threshold 15 (max threshold 15)
[2022-04-22T06:59:58.893+0000][8][gc,age      ] GC(48) - age   1:    1306304 bytes,    1306304 total
[2022-04-22T06:59:58.894+0000][8][gc,age      ] GC(48) - age   2:       5688 bytes,    1311992 total
[2022-04-22T06:59:58.895+0000][8][gc,phases   ] GC(48)   Pre Evacuate Collection Set: 0.1ms
[2022-04-22T06:59:58.896+0000][8][gc,phases   ] GC(48)   Merge Heap Roots: 0.1ms
[2022-04-22T06:59:58.896+0000][8][gc,phases   ] GC(48)   Evacuate Collection Set: 1.7ms
[2022-04-22T06:59:58.897+0000][8][gc,phases   ] GC(48)   Post Evacuate Collection Set: 0.7ms
[2022-04-22T06:59:58.898+0000][8][gc,phases   ] GC(48)   Other: 6.3ms
[2022-04-22T06:59:58.898+0000][8][gc,heap     ] GC(48) Eden regions: 53->0(5)
[2022-04-22T06:59:58.899+0000][8][gc,heap     ] GC(48) Survivor regions: 1->1(7)
[2022-04-22T06:59:58.899+0000][8][gc,heap     ] GC(48) Old regions: 34->34
[2022-04-22T06:59:58.900+0000][8][gc,heap     ] GC(48) Archive regions: 2->2
[2022-04-22T06:59:58.901+0000][8][gc,heap     ] GC(48) Humongous regions: 8->8
[2022-04-22T06:59:58.901+0000][8][gc,metaspace] GC(48) Metaspace: 105748K(107264K)->105748K(107264K) NonClass: 91360K(92288K)->91360K(92288K) Class: 14387K(14976K)->14387K(14976K)
[2022-04-22T06:59:58.902+0000][8][gc          ] GC(48) Pause Young (Prepare Mixed) (G1 Evacuation Pause) 380M->169M(512M) 16.078ms
[2022-04-22T06:59:58.903+0000][8][gc,cpu      ] GC(48) User=0.01s Sys=0.00s Real=0.01s
[2022-04-22T06:59:58.903+0000][8][safepoint   ] Safepoint "G1CollectForAllocation", Time since last: 1448106000 ns, Reaching safepoint: 71583 ns, At safepoint: 17614084 ns, Total: 17685667 ns
[2022-04-22T06:59:59.073+0000][8][gc,start    ] GC(49) Pause Young (Mixed) (G1 Evacuation Pause)
[2022-04-22T06:59:59.074+0000][8][gc,task     ] GC(49) Using 5 workers of 5 for evacuation
[2022-04-22T06:59:59.075+0000][8][gc,age      ] GC(49) Desired survivor size 2097152 bytes, new threshold 15 (max threshold 15)
[2022-04-22T06:59:59.078+0000][8][gc,age      ] GC(49) Age table with threshold 15 (max threshold 15)
[2022-04-22T06:59:59.078+0000][8][gc,age      ] GC(49) - age   1:     860672 bytes,     860672 total
[2022-04-22T06:59:59.079+0000][8][gc,age      ] GC(49) - age   2:     463008 bytes,    1323680 total
[2022-04-22T06:59:59.080+0000][8][gc,age      ] GC(49) - age   3:       5688 bytes,    1329368 total
[2022-04-22T06:59:59.080+0000][8][gc,phases   ] GC(49)   Pre Evacuate Collection Set: 0.0ms
[2022-04-22T06:59:59.081+0000][8][gc,phases   ] GC(49)   Merge Heap Roots: 0.0ms
[2022-04-22T06:59:59.082+0000][8][gc,phases   ] GC(49)   Evacuate Collection Set: 1.5ms
[2022-04-22T06:59:59.082+0000][8][gc,phases   ] GC(49)   Post Evacuate Collection Set: 0.4ms
[2022-04-22T06:59:59.083+0000][8][gc,phases   ] GC(49)   Other: 5.3ms
[2022-04-22T06:59:59.084+0000][8][gc,heap     ] GC(49) Eden regions: 5->0(56)
[2022-04-22T06:59:59.085+0000][8][gc,heap     ] GC(49) Survivor regions: 1->1(1)
[2022-04-22T06:59:59.086+0000][8][gc,heap     ] GC(49) Old regions: 34->33
[2022-04-22T06:59:59.087+0000][8][gc,heap     ] GC(49) Archive regions: 2->2
[2022-04-22T06:59:59.087+0000][8][gc,heap     ] GC(49) Humongous regions: 8->8
[2022-04-22T06:59:59.088+0000][8][gc,metaspace] GC(49) Metaspace: 105761K(107264K)->105761K(107264K) NonClass: 91374K(92288K)->91374K(92288K) Class: 14387K(14976K)->14387K(14976K)
[2022-04-22T06:59:59.089+0000][8][gc          ] GC(49) Pause Young (Mixed) (G1 Evacuation Pause) 189M->166M(512M) 16.296ms
[2022-04-22T06:59:59.090+0000][8][gc,cpu      ] GC(49) User=0.01s Sys=0.00s Real=0.02s
[2022-04-22T06:59:59.091+0000][8][safepoint   ] Safepoint "G1CollectForAllocation", Time since last: 169445333 ns, Reaching safepoint: 65375 ns, At safepoint: 17707708 ns, Total: 17773083 ns
[2022-04-22T07:00:00.093+0000][8][safepoint   ] Safepoint "Cleanup", Time since last: 1001818792 ns, Reaching safepoint: 178459 ns, At safepoint: 8125 ns, Total: 186584 ns
[2022-04-22T07:00:11.065+0000][8][safepoint   ] Safepoint "ICBufferFull", Time since last: 10971778130 ns, Reaching safepoint: 190667 ns, At safepoint: 6541 ns, Total: 197208 ns
[2022-04-22T07:00:12.066+0000][8][safepoint   ] Safepoint "Cleanup", Time since last: 1001273751 ns, Reaching safepoint: 121083 ns, At safepoint: 11625 ns, Total: 132708 ns
[2022-04-22T07:00:12.816+0000][8][gc,start    ] GC(50) Pause Young (Normal) (G1 Evacuation Pause)
[2022-04-22T07:00:12.817+0000][8][gc,task     ] GC(50) Using 5 workers of 5 for evacuation
[2022-04-22T07:00:12.817+0000][8][gc,age      ] GC(50) Desired survivor size 16777216 bytes, new threshold 15 (max threshold 15)
[2022-04-22T07:00:12.820+0000][8][gc,age      ] GC(50) Age table with threshold 15 (max threshold 15)
[2022-04-22T07:00:12.821+0000][8][gc,age      ] GC(50) - age   1:    3022696 bytes,    3022696 total
[2022-04-22T07:00:12.822+0000][8][gc,age      ] GC(50) - age   2:      24512 bytes,    3047208 total
[2022-04-22T07:00:12.823+0000][8][gc,age      ] GC(50) - age   3:     424904 bytes,    3472112 total
[2022-04-22T07:00:12.823+0000][8][gc,age      ] GC(50) - age   4:       5688 bytes,    3477800 total
[2022-04-22T07:00:12.824+0000][8][gc,phases   ] GC(50)   Pre Evacuate Collection Set: 0.0ms
[2022-04-22T07:00:12.825+0000][8][gc,phases   ] GC(50)   Merge Heap Roots: 0.1ms
[2022-04-22T07:00:12.826+0000][8][gc,phases   ] GC(50)   Evacuate Collection Set: 1.3ms
[2022-04-22T07:00:12.826+0000][8][gc,phases   ] GC(50)   Post Evacuate Collection Set: 0.6ms
[2022-04-22T07:00:12.828+0000][8][gc,phases   ] GC(50)   Other: 6.4ms
[2022-04-22T07:00:12.829+0000][8][gc,heap     ] GC(50) Eden regions: 56->0(57)
[2022-04-22T07:00:12.829+0000][8][gc,heap     ] GC(50) Survivor regions: 1->1(8)
[2022-04-22T07:00:12.830+0000][8][gc,heap     ] GC(50) Old regions: 33->33
[2022-04-22T07:00:12.831+0000][8][gc,heap     ] GC(50) Archive regions: 2->2
[2022-04-22T07:00:12.831+0000][8][gc,heap     ] GC(50) Humongous regions: 8->8
[2022-04-22T07:00:12.832+0000][8][gc,metaspace] GC(50) Metaspace: 105795K(107264K)->105795K(107264K) NonClass: 91407K(92288K)->91407K(92288K) Class: 14387K(14976K)->14387K(14976K)
[2022-04-22T07:00:12.833+0000][8][gc          ] GC(50) Pause Young (Normal) (G1 Evacuation Pause) 390M->168M(512M) 16.915ms
[2022-04-22T07:00:12.833+0000][8][gc,cpu      ] GC(50) User=0.00s Sys=0.00s Real=0.01s
[2022-04-22T07:00:12.834+0000][8][safepoint   ] Safepoint "G1CollectForAllocation", Time since last: 749032042 ns, Reaching safepoint: 561834 ns, At safepoint: 18413750 ns, Total: 18975584 ns
[2022-04-22T07:00:13.839+0000][8][safepoint   ] Safepoint "Cleanup", Time since last: 1004480250 ns, Reaching safepoint: 386917 ns, At safepoint: 3875 ns, Total: 390792 ns
[2022-04-22T07:00:15.099+0000][8][safepoint   ] Safepoint "Cleanup", Time since last: 1259375875 ns, Reaching safepoint: 189709 ns, At safepoint: 8041 ns, Total: 197750 ns
[2022-04-22T07:00:16.191+0000][8][safepoint   ] Safepoint "Cleanup", Time since last: 1092473292 ns, Reaching safepoint: 66750 ns, At safepoint: 2542 ns, Total: 69292 ns
[2022-04-22T07:00:17.192+0000][8][safepoint   ] Safepoint "Cleanup", Time since last: 1001204834 ns, Reaching safepoint: 42750 ns, At safepoint: 2167 ns, Total: 44917 ns
[2022-04-22T07:00:17.781+0000][8][gc,start    ] GC(51) Pause Young (Normal) (G1 Evacuation Pause)
[2022-04-22T07:00:17.783+0000][8][gc,task     ] GC(51) Using 5 workers of 5 for evacuation
[2022-04-22T07:00:17.784+0000][8][gc,age      ] GC(51) Desired survivor size 16777216 bytes, new threshold 15 (max threshold 15)
[2022-04-22T07:00:17.790+0000][8][gc,age      ] GC(51) Age table with threshold 15 (max threshold 15)
[2022-04-22T07:00:17.791+0000][8][gc,age      ] GC(51) - age   1:    3847952 bytes,    3847952 total
[2022-04-22T07:00:17.792+0000][8][gc,age      ] GC(51) - age   2:     760824 bytes,    4608776 total
[2022-04-22T07:00:17.793+0000][8][gc,age      ] GC(51) - age   3:      24512 bytes,    4633288 total
[2022-04-22T07:00:17.794+0000][8][gc,age      ] GC(51) - age   4:     423048 bytes,    5056336 total
[2022-04-22T07:00:17.794+0000][8][gc,age      ] GC(51) - age   5:       5688 bytes,    5062024 total
[2022-04-22T07:00:17.795+0000][8][gc,phases   ] GC(51)   Pre Evacuate Collection Set: 0.1ms
[2022-04-22T07:00:17.796+0000][8][gc,phases   ] GC(51)   Merge Heap Roots: 0.4ms
[2022-04-22T07:00:17.798+0000][8][gc,phases   ] GC(51)   Evacuate Collection Set: 1.8ms
[2022-04-22T07:00:17.799+0000][8][gc,phases   ] GC(51)   Post Evacuate Collection Set: 0.8ms
[2022-04-22T07:00:17.800+0000][8][gc,phases   ] GC(51)   Other: 10.8ms
[2022-04-22T07:00:17.801+0000][8][gc,heap     ] GC(51) Eden regions: 57->0(56)
[2022-04-22T07:00:17.802+0000][8][gc,heap     ] GC(51) Survivor regions: 1->2(8)
[2022-04-22T07:00:17.803+0000][8][gc,heap     ] GC(51) Old regions: 33->33
[2022-04-22T07:00:17.804+0000][8][gc,heap     ] GC(51) Archive regions: 2->2
[2022-04-22T07:00:17.806+0000][8][gc,heap     ] GC(51) Humongous regions: 8->8
[2022-04-22T07:00:17.807+0000][8][gc,metaspace] GC(51) Metaspace: 105880K(107392K)->105880K(107392K) NonClass: 91482K(92352K)->91482K(92352K) Class: 14397K(15040K)->14397K(15040K)
[2022-04-22T07:00:17.808+0000][8][gc          ] GC(51) Pause Young (Normal) (G1 Evacuation Pause) 396M->169M(512M) 26.661ms
[2022-04-22T07:00:17.810+0000][8][gc,cpu      ] GC(51) User=0.01s Sys=0.00s Real=0.03s
[2022-04-22T07:00:17.812+0000][8][safepoint   ] Safepoint "G1CollectForAllocation", Time since last: 588558417 ns, Reaching safepoint: 209583 ns, At safepoint: 31395208 ns, Total: 31604791 ns
[2022-04-22T07:00:18.815+0000][8][safepoint   ] Safepoint "Cleanup", Time since last: 1002404834 ns, Reaching safepoint: 152375 ns, At safepoint: 4625 ns, Total: 157000 ns
[2022-04-22T07:00:19.817+0000][8][safepoint   ] Safepoint "Cleanup", Time since last: 1001565334 ns, Reaching safepoint: 239000 ns, At safepoint: 2875 ns, Total: 241875 ns
[2022-04-22T07:00:20.824+0000][8][safepoint   ] Safepoint "Cleanup", Time since last: 1007534209 ns, Reaching safepoint: 75625 ns, At safepoint: 2333 ns, Total: 77958 ns
[2022-04-22T07:00:21.826+0000][8][safepoint   ] Safepoint "Cleanup", Time since last: 1001725334 ns, Reaching safepoint: 55333 ns, At safepoint: 2959 ns, Total: 58292 ns
[2022-04-22T07:00:22.406+0000][8][gc,start    ] GC(52) Pause Young (Concurrent Start) (G1 Evacuation Pause)
[2022-04-22T07:00:22.407+0000][8][gc,task     ] GC(52) Using 5 workers of 5 for evacuation
[2022-04-22T07:00:22.407+0000][8][gc,age      ] GC(52) Desired survivor size 16777216 bytes, new threshold 15 (max threshold 15)
[2022-04-22T07:00:22.411+0000][8][gc,age      ] GC(52) Age table with threshold 15 (max threshold 15)
[2022-04-22T07:00:22.412+0000][8][gc,age      ] GC(52) - age   1:    2823392 bytes,    2823392 total
[2022-04-22T07:00:22.414+0000][8][gc,age      ] GC(52) - age   2:     730048 bytes,    3553440 total
[2022-04-22T07:00:22.415+0000][8][gc,age      ] GC(52) - age   3:     724264 bytes,    4277704 total
[2022-04-22T07:00:22.416+0000][8][gc,age      ] GC(52) - age   4:      24512 bytes,    4302216 total
[2022-04-22T07:00:22.417+0000][8][gc,age      ] GC(52) - age   5:     422584 bytes,    4724800 total
[2022-04-22T07:00:22.417+0000][8][gc,age      ] GC(52) - age   6:       5688 bytes,    4730488 total
[2022-04-22T07:00:22.418+0000][8][gc,phases   ] GC(52)   Pre Evacuate Collection Set: 0.2ms
[2022-04-22T07:00:22.418+0000][8][gc,phases   ] GC(52)   Merge Heap Roots: 0.1ms
[2022-04-22T07:00:22.419+0000][8][gc,phases   ] GC(52)   Evacuate Collection Set: 1.7ms
[2022-04-22T07:00:22.420+0000][8][gc,phases   ] GC(52)   Post Evacuate Collection Set: 0.8ms
[2022-04-22T07:00:22.421+0000][8][gc,phases   ] GC(52)   Other: 9.4ms
[2022-04-22T07:00:22.422+0000][8][gc,heap     ] GC(52) Eden regions: 56->0(57)
[2022-04-22T07:00:22.423+0000][8][gc,heap     ] GC(52) Survivor regions: 2->2(8)
[2022-04-22T07:00:22.424+0000][8][gc,heap     ] GC(52) Old regions: 33->33
[2022-04-22T07:00:22.425+0000][8][gc,heap     ] GC(52) Archive regions: 2->2
[2022-04-22T07:00:22.426+0000][8][gc,heap     ] GC(52) Humongous regions: 8->8
[2022-04-22T07:00:22.426+0000][8][gc,metaspace] GC(52) Metaspace: 105901K(107520K)->105901K(107520K) NonClass: 91504K(92480K)->91504K(92480K) Class: 14397K(15040K)->14397K(15040K)
[2022-04-22T07:00:22.428+0000][8][gc          ] GC(52) Pause Young (Concurrent Start) (G1 Evacuation Pause) 393M->169M(512M) 22.095ms
[2022-04-22T07:00:22.428+0000][8][gc,cpu      ] GC(52) User=0.00s Sys=0.00s Real=0.02s
[2022-04-22T07:00:22.431+0000][8][safepoint   ] Safepoint "G1CollectForAllocation", Time since last: 579113291 ns, Reaching safepoint: 145834 ns, At safepoint: 25185208 ns, Total: 25331042 ns
[2022-04-22T07:00:22.431+0000][8][gc          ] GC(53) Concurrent Mark Cycle
[2022-04-22T07:00:22.434+0000][8][gc,marking  ] GC(53) Concurrent Clear Claimed Marks
[2022-04-22T07:00:22.435+0000][8][gc,marking  ] GC(53) Concurrent Clear Claimed Marks 1.029ms
[2022-04-22T07:00:22.436+0000][8][gc,marking  ] GC(53) Concurrent Scan Root Regions
[2022-04-22T07:00:22.439+0000][8][gc,marking  ] GC(53) Concurrent Scan Root Regions 3.326ms
[2022-04-22T07:00:22.441+0000][8][gc,marking  ] GC(53) Concurrent Mark
[2022-04-22T07:00:22.442+0000][8][gc,marking  ] GC(53) Concurrent Mark From Roots
[2022-04-22T07:00:22.443+0000][8][gc,task     ] GC(53) Using 1 workers of 1 for marking
[2022-04-22T07:00:22.514+0000][8][gc,marking  ] GC(53) Concurrent Mark From Roots 71.812ms
[2022-04-22T07:00:22.515+0000][8][gc,marking  ] GC(53) Concurrent Preclean
[2022-04-22T07:00:22.519+0000][8][gc,marking  ] GC(53) Concurrent Preclean 4.365ms
[2022-04-22T07:00:22.521+0000][8][gc,start    ] GC(53) Pause Remark
[2022-04-22T07:00:22.538+0000][8][gc          ] GC(53) Pause Remark 177M->165M(512M) 16.959ms
[2022-04-22T07:00:22.540+0000][8][gc,cpu      ] GC(53) User=0.05s Sys=0.00s Real=0.02s
[2022-04-22T07:00:22.541+0000][8][safepoint   ] Safepoint "G1Concurrent", Time since last: 90279209 ns, Reaching safepoint: 41791 ns, At safepoint: 20148500 ns, Total: 20190291 ns
[2022-04-22T07:00:22.542+0000][8][gc,marking  ] GC(53) Concurrent Mark 101.608ms
[2022-04-22T07:00:22.544+0000][8][gc,marking  ] GC(53) Concurrent Rebuild Remembered Sets
[2022-04-22T07:00:22.587+0000][8][gc,marking  ] GC(53) Concurrent Rebuild Remembered Sets 43.237ms
[2022-04-22T07:00:22.589+0000][8][gc,start    ] GC(53) Pause Cleanup
[2022-04-22T07:00:22.590+0000][8][gc          ] GC(53) Pause Cleanup 166M->166M(512M) 1.217ms
[2022-04-22T07:00:22.591+0000][8][gc,cpu      ] GC(53) User=0.00s Sys=0.00s Real=0.00s
[2022-04-22T07:00:22.592+0000][8][safepoint   ] Safepoint "G1Concurrent", Time since last: 47303667 ns, Reaching safepoint: 341208 ns, At safepoint: 3209917 ns, Total: 3551125 ns
[2022-04-22T07:00:22.593+0000][8][gc,marking  ] GC(53) Concurrent Cleanup for Next Mark
[2022-04-22T07:00:22.594+0000][8][gc,marking  ] GC(53) Concurrent Cleanup for Next Mark 1.087ms
[2022-04-22T07:00:22.595+0000][8][gc          ] GC(53) Concurrent Mark Cycle 163.882ms
[2022-04-22T07:00:23.593+0000][8][safepoint   ] Safepoint "Cleanup", Time since last: 1001007000 ns, Reaching safepoint: 125292 ns, At safepoint: 6667 ns, Total: 131959 ns
[2022-04-22T07:00:24.594+0000][8][safepoint   ] Safepoint "Cleanup", Time since last: 1000907084 ns, Reaching safepoint: 85333 ns, At safepoint: 3417 ns, Total: 88750 ns
[2022-04-22T07:00:25.596+0000][8][safepoint   ] Safepoint "Cleanup", Time since last: 1001649167 ns, Reaching safepoint: 107041 ns, At safepoint: 4084 ns, Total: 111125 ns
[2022-04-22T07:00:26.597+0000][8][safepoint   ] Safepoint "Cleanup", Time since last: 1000900833 ns, Reaching safepoint: 248250 ns, At safepoint: 13417 ns, Total: 261667 ns
[2022-04-22T07:00:27.669+0000][8][gc,start    ] GC(54) Pause Young (Prepare Mixed) (G1 Evacuation Pause)
[2022-04-22T07:00:27.670+0000][8][gc,task     ] GC(54) Using 5 workers of 5 for evacuation
[2022-04-22T07:00:27.671+0000][8][gc,age      ] GC(54) Desired survivor size 16777216 bytes, new threshold 15 (max threshold 15)
[2022-04-22T07:00:27.678+0000][8][gc,age      ] GC(54) Age table with threshold 15 (max threshold 15)
[2022-04-22T07:00:27.680+0000][8][gc,age      ] GC(54) - age   1:    2454192 bytes,    2454192 total
[2022-04-22T07:00:27.682+0000][8][gc,age      ] GC(54) - age   2:     630192 bytes,    3084384 total
[2022-04-22T07:00:27.683+0000][8][gc,age      ] GC(54) - age   3:     685024 bytes,    3769408 total
[2022-04-22T07:00:27.684+0000][8][gc,age      ] GC(54) - age   4:     711216 bytes,    4480624 total
[2022-04-22T07:00:27.686+0000][8][gc,age      ] GC(54) - age   5:      24512 bytes,    4505136 total
[2022-04-22T07:00:27.687+0000][8][gc,age      ] GC(54) - age   6:     196240 bytes,    4701376 total
[2022-04-22T07:00:27.688+0000][8][gc,phases   ] GC(54)   Pre Evacuate Collection Set: 0.1ms
[2022-04-22T07:00:27.689+0000][8][gc,phases   ] GC(54)   Merge Heap Roots: 0.1ms
[2022-04-22T07:00:27.690+0000][8][gc,phases   ] GC(54)   Evacuate Collection Set: 3.2ms
[2022-04-22T07:00:27.691+0000][8][gc,phases   ] GC(54)   Post Evacuate Collection Set: 1.2ms
[2022-04-22T07:00:27.691+0000][8][gc,phases   ] GC(54)   Other: 14.6ms
[2022-04-22T07:00:27.692+0000][8][gc,heap     ] GC(54) Eden regions: 57->0(4)
[2022-04-22T07:00:27.694+0000][8][gc,heap     ] GC(54) Survivor regions: 2->2(8)
[2022-04-22T07:00:27.694+0000][8][gc,heap     ] GC(54) Old regions: 32->32
[2022-04-22T07:00:27.696+0000][8][gc,heap     ] GC(54) Archive regions: 2->2
[2022-04-22T07:00:27.697+0000][8][gc,heap     ] GC(54) Humongous regions: 6->6
[2022-04-22T07:00:27.699+0000][8][gc,metaspace] GC(54) Metaspace: 105864K(107520K)->105864K(107520K) NonClass: 91484K(92480K)->91484K(92480K) Class: 14379K(15040K)->14379K(15040K)
[2022-04-22T07:00:27.700+0000][8][gc          ] GC(54) Pause Young (Prepare Mixed) (G1 Evacuation Pause) 385M->157M(512M) 31.447ms
[2022-04-22T07:00:27.702+0000][8][gc,cpu      ] GC(54) User=0.01s Sys=0.00s Real=0.03s
[2022-04-22T07:00:27.703+0000][8][safepoint   ] Safepoint "G1CollectForAllocation", Time since last: 1071049667 ns, Reaching safepoint: 329875 ns, At safepoint: 34508000 ns, Total: 34837875 ns
[2022-04-22T07:00:28.215+0000][8][gc,start    ] GC(55) Pause Young (Mixed) (G1 Evacuation Pause)
[2022-04-22T07:00:28.217+0000][8][gc,task     ] GC(55) Using 5 workers of 5 for evacuation
[2022-04-22T07:00:28.218+0000][8][gc,age      ] GC(55) Desired survivor size 2097152 bytes, new threshold 1 (max threshold 15)
[2022-04-22T07:00:28.221+0000][8][gc,age      ] GC(55) Age table with threshold 1 (max threshold 15)
[2022-04-22T07:00:28.223+0000][8][gc,age      ] GC(55) - age   1:    1504920 bytes,    1504920 total
[2022-04-22T07:00:28.224+0000][8][gc,phases   ] GC(55)   Pre Evacuate Collection Set: 0.3ms
[2022-04-22T07:00:28.224+0000][8][gc,phases   ] GC(55)   Merge Heap Roots: 0.2ms
[2022-04-22T07:00:28.225+0000][8][gc,phases   ] GC(55)   Evacuate Collection Set: 2.2ms
[2022-04-22T07:00:28.226+0000][8][gc,phases   ] GC(55)   Post Evacuate Collection Set: 0.6ms
[2022-04-22T07:00:28.227+0000][8][gc,phases   ] GC(55)   Other: 5.4ms
[2022-04-22T07:00:28.228+0000][8][gc,heap     ] GC(55) Eden regions: 4->0(63)
[2022-04-22T07:00:28.230+0000][8][gc,heap     ] GC(55) Survivor regions: 2->1(1)
[2022-04-22T07:00:28.231+0000][8][gc,heap     ] GC(55) Old regions: 32->31
[2022-04-22T07:00:28.232+0000][8][gc,heap     ] GC(55) Archive regions: 2->2
[2022-04-22T07:00:28.233+0000][8][gc,heap     ] GC(55) Humongous regions: 6->6
[2022-04-22T07:00:28.234+0000][8][gc,metaspace] GC(55) Metaspace: 105864K(107520K)->105864K(107520K) NonClass: 91484K(92480K)->91484K(92480K) Class: 14379K(15040K)->14379K(15040K)
[2022-04-22T07:00:28.235+0000][8][gc          ] GC(55) Pause Young (Mixed) (G1 Evacuation Pause) 173M->150M(512M) 20.538ms
[2022-04-22T07:00:28.236+0000][8][gc,cpu      ] GC(55) User=0.02s Sys=0.01s Real=0.03s
[2022-04-22T07:00:28.239+0000][8][safepoint   ] Safepoint "G1CollectForAllocation", Time since last: 511886417 ns, Reaching safepoint: 55875 ns, At safepoint: 23805667 ns, Total: 23861542 ns
[2022-04-22T07:00:29.240+0000][8][safepoint   ] Safepoint "Cleanup", Time since last: 1001715541 ns, Reaching safepoint: 58833 ns, At safepoint: 2542 ns, Total: 61375 ns
[2022-04-22T07:00:30.243+0000][8][safepoint   ] Safepoint "Cleanup", Time since last: 1002151126 ns, Reaching safepoint: 64666 ns, At safepoint: 2167 ns, Total: 66833 ns
[2022-04-22T07:00:30.725+0000][8][gc,start    ] GC(56) Pause Young (Normal) (G1 Evacuation Pause)
[2022-04-22T07:00:30.725+0000][8][gc,task     ] GC(56) Using 5 workers of 5 for evacuation
[2022-04-22T07:00:30.726+0000][8][gc,age      ] GC(56) Desired survivor size 16777216 bytes, new threshold 15 (max threshold 15)
[2022-04-22T07:00:30.729+0000][8][gc,age      ] GC(56) Age table with threshold 15 (max threshold 15)
[2022-04-22T07:00:30.730+0000][8][gc,age      ] GC(56) - age   1:    4600048 bytes,    4600048 total
[2022-04-22T07:00:30.731+0000][8][gc,age      ] GC(56) - age   2:    1335784 bytes,    5935832 total
[2022-04-22T07:00:30.733+0000][8][gc,phases   ] GC(56)   Pre Evacuate Collection Set: 0.2ms
[2022-04-22T07:00:30.733+0000][8][gc,phases   ] GC(56)   Merge Heap Roots: 0.2ms
[2022-04-22T07:00:30.734+0000][8][gc,phases   ] GC(56)   Evacuate Collection Set: 1.2ms
[2022-04-22T07:00:30.735+0000][8][gc,phases   ] GC(56)   Post Evacuate Collection Set: 0.8ms
[2022-04-22T07:00:30.737+0000][8][gc,phases   ] GC(56)   Other: 5.7ms
[2022-04-22T07:00:30.738+0000][8][gc,heap     ] GC(56) Eden regions: 63->0(62)
[2022-04-22T07:00:30.739+0000][8][gc,heap     ] GC(56) Survivor regions: 1->2(8)
[2022-04-22T07:00:30.739+0000][8][gc,heap     ] GC(56) Old regions: 31->31
[2022-04-22T07:00:30.740+0000][8][gc,heap     ] GC(56) Archive regions: 2->2
[2022-04-22T07:00:30.741+0000][8][gc,heap     ] GC(56) Humongous regions: 6->6
[2022-04-22T07:00:30.741+0000][8][gc,metaspace] GC(56) Metaspace: 105915K(107520K)->105915K(107520K) NonClass: 91535K(92480K)->91535K(92480K) Class: 14379K(15040K)->14379K(15040K)
[2022-04-22T07:00:30.743+0000][8][gc          ] GC(56) Pause Young (Normal) (G1 Evacuation Pause) 402M->155M(512M) 18.537ms
[2022-04-22T07:00:30.744+0000][8][gc,cpu      ] GC(56) User=0.01s Sys=0.00s Real=0.02s
[2022-04-22T07:00:30.745+0000][8][safepoint   ] Safepoint "G1CollectForAllocation", Time since last: 481834917 ns, Reaching safepoint: 75333 ns, At safepoint: 20420625 ns, Total: 20495958 ns
[2022-04-22T07:00:31.747+0000][8][safepoint   ] Safepoint "Cleanup", Time since last: 1002293209 ns, Reaching safepoint: 196708 ns, At safepoint: 9334 ns, Total: 206042 ns
[2022-04-22T07:00:32.749+0000][8][safepoint   ] Safepoint "Cleanup", Time since last: 1001317667 ns, Reaching safepoint: 55958 ns, At safepoint: 3083 ns, Total: 59041 ns
[2022-04-22T07:00:33.750+0000][8][safepoint   ] Safepoint "Cleanup", Time since last: 1001150959 ns, Reaching safepoint: 82834 ns, At safepoint: 2458 ns, Total: 85292 ns
[2022-04-22T07:00:34.752+0000][8][safepoint   ] Safepoint "Cleanup", Time since last: 1001331709 ns, Reaching safepoint: 136500 ns, At safepoint: 5208 ns, Total: 141708 ns
[2022-04-22T07:00:37.753+0000][8][safepoint   ] Safepoint "Cleanup", Time since last: 3001823710 ns, Reaching safepoint: 147708 ns, At safepoint: 13042 ns, Total: 160750 ns
[2022-04-22T07:00:38.755+0000][8][safepoint   ] Safepoint "Cleanup", Time since last: 1001100250 ns, Reaching safepoint: 85000 ns, At safepoint: 29959 ns, Total: 114959 ns
[2022-04-22T07:00:39.610+0000][8][gc,start    ] GC(57) Pause Young (Normal) (G1 Evacuation Pause)
[2022-04-22T07:00:39.611+0000][8][gc,task     ] GC(57) Using 5 workers of 5 for evacuation
[2022-04-22T07:00:39.612+0000][8][gc,age      ] GC(57) Desired survivor size 16777216 bytes, new threshold 15 (max threshold 15)
[2022-04-22T07:00:39.616+0000][8][gc,age      ] GC(57) Age table with threshold 15 (max threshold 15)
[2022-04-22T07:00:39.617+0000][8][gc,age      ] GC(57) - age   1:    8831136 bytes,    8831136 total
[2022-04-22T07:00:39.619+0000][8][gc,age      ] GC(57) - age   2:    2100672 bytes,   10931808 total
[2022-04-22T07:00:39.619+0000][8][gc,age      ] GC(57) - age   3:    1324528 bytes,   12256336 total
[2022-04-22T07:00:39.620+0000][8][gc,phases   ] GC(57)   Pre Evacuate Collection Set: 0.1ms
[2022-04-22T07:00:39.621+0000][8][gc,phases   ] GC(57)   Merge Heap Roots: 0.0ms
[2022-04-22T07:00:39.621+0000][8][gc,phases   ] GC(57)   Evacuate Collection Set: 2.5ms
[2022-04-22T07:00:39.622+0000][8][gc,phases   ] GC(57)   Post Evacuate Collection Set: 0.8ms
[2022-04-22T07:00:39.623+0000][8][gc,phases   ] GC(57)   Other: 6.5ms
[2022-04-22T07:00:39.623+0000][8][gc,heap     ] GC(57) Eden regions: 62->0(59)
[2022-04-22T07:00:39.624+0000][8][gc,heap     ] GC(57) Survivor regions: 2->4(8)
[2022-04-22T07:00:39.625+0000][8][gc,heap     ] GC(57) Old regions: 31->31
[2022-04-22T07:00:39.625+0000][8][gc,heap     ] GC(57) Archive regions: 2->2
[2022-04-22T07:00:39.626+0000][8][gc,heap     ] GC(57) Humongous regions: 6->6
[2022-04-22T07:00:39.626+0000][8][gc,metaspace] GC(57) Metaspace: 105930K(107520K)->105930K(107520K) NonClass: 91550K(92480K)->91550K(92480K) Class: 14379K(15040K)->14379K(15040K)
[2022-04-22T07:00:39.627+0000][8][gc          ] GC(57) Pause Young (Normal) (G1 Evacuation Pause) 403M->161M(512M) 16.710ms
[2022-04-22T07:00:39.628+0000][8][gc,cpu      ] GC(57) User=0.01s Sys=0.00s Real=0.02s
[2022-04-22T07:00:39.629+0000][8][safepoint   ] Safepoint "G1CollectForAllocation", Time since last: 855531458 ns, Reaching safepoint: 60667 ns, At safepoint: 18284917 ns, Total: 18345584 ns
[2022-04-22T07:00:41.630+0000][8][safepoint   ] Safepoint "Cleanup", Time since last: 2001425417 ns, Reaching safepoint: 59917 ns, At safepoint: 2250 ns, Total: 62167 ns
[2022-04-22T07:00:44.407+0000][8][gc,start    ] GC(58) Pause Young (Concurrent Start) (G1 Humongous Allocation)
[2022-04-22T07:00:44.408+0000][8][gc,task     ] GC(58) Using 5 workers of 5 for evacuation
[2022-04-22T07:00:44.409+0000][8][gc,age      ] GC(58) Desired survivor size 16777216 bytes, new threshold 15 (max threshold 15)
[2022-04-22T07:00:44.413+0000][8][gc,age      ] GC(58) Age table with threshold 15 (max threshold 15)
[2022-04-22T07:00:44.414+0000][8][gc,age      ] GC(58) - age   1:    7351496 bytes,    7351496 total
[2022-04-22T07:00:44.414+0000][8][gc,age      ] GC(58) - age   2:    5428472 bytes,   12779968 total
[2022-04-22T07:00:44.415+0000][8][gc,age      ] GC(58) - age   3:    2091824 bytes,   14871792 total
[2022-04-22T07:00:44.416+0000][8][gc,age      ] GC(58) - age   4:    1321504 bytes,   16193296 total
[2022-04-22T07:00:44.417+0000][8][gc,phases   ] GC(58)   Pre Evacuate Collection Set: 0.2ms
[2022-04-22T07:00:44.417+0000][8][gc,phases   ] GC(58)   Merge Heap Roots: 0.1ms
[2022-04-22T07:00:44.418+0000][8][gc,phases   ] GC(58)   Evacuate Collection Set: 1.5ms
[2022-04-22T07:00:44.419+0000][8][gc,phases   ] GC(58)   Post Evacuate Collection Set: 0.8ms
[2022-04-22T07:00:44.420+0000][8][gc,phases   ] GC(58)   Other: 6.8ms
[2022-04-22T07:00:44.421+0000][8][gc,heap     ] GC(58) Eden regions: 36->0(58)
[2022-04-22T07:00:44.422+0000][8][gc,heap     ] GC(58) Survivor regions: 4->5(8)
[2022-04-22T07:00:44.422+0000][8][gc,heap     ] GC(58) Old regions: 31->31
[2022-04-22T07:00:44.423+0000][8][gc,heap     ] GC(58) Archive regions: 2->2
[2022-04-22T07:00:44.425+0000][8][gc,heap     ] GC(58) Humongous regions: 6->6
[2022-04-22T07:00:44.425+0000][8][gc,metaspace] GC(58) Metaspace: 105930K(107520K)->105930K(107520K) NonClass: 91550K(92480K)->91550K(92480K) Class: 14380K(15040K)->14380K(15040K)
[2022-04-22T07:00:44.426+0000][8][gc          ] GC(58) Pause Young (Concurrent Start) (G1 Humongous Allocation) 301M->165M(512M) 19.139ms
[2022-04-22T07:00:44.427+0000][8][gc,cpu      ] GC(58) User=0.00s Sys=0.00s Real=0.02s
[2022-04-22T07:00:44.428+0000][8][gc          ] GC(59) Concurrent Mark Cycle
[2022-04-22T07:00:44.428+0000][8][gc,marking  ] GC(59) Concurrent Clear Claimed Marks
[2022-04-22T07:00:44.429+0000][8][gc,marking  ] GC(59) Concurrent Clear Claimed Marks 0.903ms
[2022-04-22T07:00:44.431+0000][8][gc,marking  ] GC(59) Concurrent Scan Root Regions
[2022-04-22T07:00:44.428+0000][8][safepoint   ] Safepoint "G1TryInitiateConcMark", Time since last: 2777006335 ns, Reaching safepoint: 215708 ns, At safepoint: 20604375 ns, Total: 20820083 ns
[2022-04-22T07:00:44.433+0000][8][gc,marking  ] GC(59) Concurrent Scan Root Regions 2.198ms
[2022-04-22T07:00:44.435+0000][8][gc,marking  ] GC(59) Concurrent Mark
[2022-04-22T07:00:44.435+0000][8][gc,marking  ] GC(59) Concurrent Mark From Roots
[2022-04-22T07:00:44.436+0000][8][gc,task     ] GC(59) Using 1 workers of 1 for marking
[2022-04-22T07:00:44.517+0000][8][gc,marking  ] GC(59) Concurrent Mark From Roots 81.684ms
[2022-04-22T07:00:44.518+0000][8][gc,marking  ] GC(59) Concurrent Preclean
[2022-04-22T07:00:44.520+0000][8][gc,marking  ] GC(59) Concurrent Preclean 1.358ms
[2022-04-22T07:00:44.521+0000][8][gc,start    ] GC(59) Pause Remark
[2022-04-22T07:00:44.529+0000][8][gc          ] GC(59) Pause Remark 173M->173M(512M) 7.940ms
[2022-04-22T07:00:44.530+0000][8][gc,cpu      ] GC(59) User=0.02s Sys=0.00s Real=0.01s
[2022-04-22T07:00:44.531+0000][8][safepoint   ] Safepoint "G1Concurrent", Time since last: 92682042 ns, Reaching safepoint: 43166 ns, At safepoint: 9899667 ns, Total: 9942833 ns
[2022-04-22T07:00:44.531+0000][8][gc,marking  ] GC(59) Concurrent Mark 96.839ms
[2022-04-22T07:00:44.532+0000][8][gc,marking  ] GC(59) Concurrent Rebuild Remembered Sets
[2022-04-22T07:00:44.574+0000][8][gc,marking  ] GC(59) Concurrent Rebuild Remembered Sets 41.888ms
[2022-04-22T07:00:44.575+0000][8][gc,start    ] GC(59) Pause Cleanup
[2022-04-22T07:00:44.576+0000][8][gc          ] GC(59) Pause Cleanup 173M->173M(512M) 0.832ms
[2022-04-22T07:00:44.577+0000][8][gc,cpu      ] GC(59) User=0.00s Sys=0.00s Real=0.01s
[2022-04-22T07:00:44.578+0000][8][safepoint   ] Safepoint "G1Concurrent", Time since last: 44402458 ns, Reaching safepoint: 181584 ns, At safepoint: 2686208 ns, Total: 2867792 ns
[2022-04-22T07:00:44.579+0000][8][gc,marking  ] GC(59) Concurrent Cleanup for Next Mark
[2022-04-22T07:00:44.580+0000][8][gc,marking  ] GC(59) Concurrent Cleanup for Next Mark 1.199ms
[2022-04-22T07:00:44.581+0000][8][gc          ] GC(59) Concurrent Mark Cycle 152.655ms
[2022-04-22T07:00:45.580+0000][8][safepoint   ] Safepoint "Cleanup", Time since last: 1001248334 ns, Reaching safepoint: 600833 ns, At safepoint: 24292 ns, Total: 625125 ns
[2022-04-22T07:00:52.377+0000][8][gc,start    ] GC(60) Pause Young (Prepare Mixed) (G1 Evacuation Pause)
[2022-04-22T07:00:52.379+0000][8][gc,task     ] GC(60) Using 5 workers of 5 for evacuation
[2022-04-22T07:00:52.380+0000][8][gc,age      ] GC(60) Desired survivor size 16777216 bytes, new threshold 15 (max threshold 15)
[2022-04-22T07:00:52.385+0000][8][gc,age      ] GC(60) Age table with threshold 15 (max threshold 15)
[2022-04-22T07:00:52.387+0000][8][gc,age      ] GC(60) - age   1:    9950696 bytes,    9950696 total
[2022-04-22T07:00:52.388+0000][8][gc,age      ] GC(60) - age   2:    2797448 bytes,   12748144 total
[2022-04-22T07:00:52.389+0000][8][gc,age      ] GC(60) - age   3:    4314608 bytes,   17062752 total
[2022-04-22T07:00:52.389+0000][8][gc,age      ] GC(60) - age   4:    2063728 bytes,   19126480 total
[2022-04-22T07:00:52.392+0000][8][gc,age      ] GC(60) - age   5:     190296 bytes,   19316776 total
[2022-04-22T07:00:52.392+0000][8][gc,phases   ] GC(60)   Pre Evacuate Collection Set: 0.2ms
[2022-04-22T07:00:52.393+0000][8][gc,phases   ] GC(60)   Merge Heap Roots: 0.0ms
[2022-04-22T07:00:52.394+0000][8][gc,phases   ] GC(60)   Evacuate Collection Set: 2.7ms
[2022-04-22T07:00:52.395+0000][8][gc,phases   ] GC(60)   Post Evacuate Collection Set: 0.9ms
[2022-04-22T07:00:52.396+0000][8][gc,phases   ] GC(60)   Other: 11.2ms
[2022-04-22T07:00:52.396+0000][8][gc,heap     ] GC(60) Eden regions: 58->0(1)
[2022-04-22T07:00:52.397+0000][8][gc,heap     ] GC(60) Survivor regions: 5->5(8)
[2022-04-22T07:00:52.398+0000][8][gc,heap     ] GC(60) Old regions: 31->31
[2022-04-22T07:00:52.399+0000][8][gc,heap     ] GC(60) Archive regions: 2->2
[2022-04-22T07:00:52.401+0000][8][gc,heap     ] GC(60) Humongous regions: 7->7
[2022-04-22T07:00:52.402+0000][8][gc,metaspace] GC(60) Metaspace: 105947K(107520K)->105947K(107520K) NonClass: 91567K(92480K)->91567K(92480K) Class: 14380K(15040K)->14380K(15040K)
[2022-04-22T07:00:52.403+0000][8][gc          ] GC(60) Pause Young (Prepare Mixed) (G1 Evacuation Pause) 401M->173M(512M) 25.533ms
[2022-04-22T07:00:52.404+0000][8][gc,cpu      ] GC(60) User=0.00s Sys=0.01s Real=0.02s
[2022-04-22T07:00:52.405+0000][8][safepoint   ] Safepoint "G1CollectForAllocation", Time since last: 6797423586 ns, Reaching safepoint: 342417 ns, At safepoint: 27141250 ns, Total: 27483667 ns
[2022-04-22T07:00:52.531+0000][8][gc,start    ] GC(61) Pause Young (Mixed) (G1 Evacuation Pause)
[2022-04-22T07:00:52.532+0000][8][gc,task     ] GC(61) Using 5 workers of 5 for evacuation
[2022-04-22T07:00:52.533+0000][8][gc,age      ] GC(61) Desired survivor size 2097152 bytes, new threshold 1 (max threshold 15)
[2022-04-22T07:00:52.537+0000][8][gc,age      ] GC(61) Age table with threshold 1 (max threshold 15)
[2022-04-22T07:00:52.538+0000][8][gc,age      ] GC(61) - age   1:     130296 bytes,     130296 total
[2022-04-22T07:00:52.539+0000][8][gc,phases   ] GC(61)   Pre Evacuate Collection Set: 0.1ms
[2022-04-22T07:00:52.540+0000][8][gc,phases   ] GC(61)   Merge Heap Roots: 0.0ms
[2022-04-22T07:00:52.541+0000][8][gc,phases   ] GC(61)   Evacuate Collection Set: 2.3ms
[2022-04-22T07:00:52.542+0000][8][gc,phases   ] GC(61)   Post Evacuate Collection Set: 0.7ms
[2022-04-22T07:00:52.543+0000][8][gc,phases   ] GC(61)   Other: 4.5ms
[2022-04-22T07:00:52.543+0000][8][gc,heap     ] GC(61) Eden regions: 1->0(61)
[2022-04-22T07:00:52.544+0000][8][gc,heap     ] GC(61) Survivor regions: 5->1(1)
[2022-04-22T07:00:52.545+0000][8][gc,heap     ] GC(61) Old regions: 31->30
[2022-04-22T07:00:52.546+0000][8][gc,heap     ] GC(61) Archive regions: 2->2
[2022-04-22T07:00:52.547+0000][8][gc,heap     ] GC(61) Humongous regions: 7->7
[2022-04-22T07:00:52.547+0000][8][gc,metaspace] GC(61) Metaspace: 105947K(107520K)->105947K(107520K) NonClass: 91567K(92480K)->91567K(92480K) Class: 14380K(15040K)->14380K(15040K)
[2022-04-22T07:00:52.548+0000][8][gc          ] GC(61) Pause Young (Mixed) (G1 Evacuation Pause) 177M->152M(512M) 16.471ms
[2022-04-22T07:00:52.549+0000][8][gc,cpu      ] GC(61) User=0.01s Sys=0.00s Real=0.02s
[2022-04-22T07:00:52.550+0000][8][safepoint   ] Safepoint "G1CollectForAllocation", Time since last: 126848959 ns, Reaching safepoint: 46083 ns, At safepoint: 18207667 ns, Total: 18253750 ns
[2022-04-22T07:00:55.552+0000][8][safepoint   ] Safepoint "Cleanup", Time since last: 3001758501 ns, Reaching safepoint: 36375 ns, At safepoint: 36125 ns, Total: 72500 ns
[2022-04-22T07:00:59.554+0000][8][safepoint   ] Safepoint "Cleanup", Time since last: 4002097293 ns, Reaching safepoint: 770708 ns, At safepoint: 19334 ns, Total: 790042 ns
[2022-04-22T07:01:01.058+0000][8][gc,start    ] GC(62) Pause Young (Normal) (G1 Evacuation Pause)
[2022-04-22T07:01:01.059+0000][8][gc,task     ] GC(62) Using 5 workers of 5 for evacuation
[2022-04-22T07:01:01.060+0000][8][gc,age      ] GC(62) Desired survivor size 16777216 bytes, new threshold 15 (max threshold 15)
[2022-04-22T07:01:01.065+0000][8][gc,age      ] GC(62) Age table with threshold 15 (max threshold 15)
[2022-04-22T07:01:01.066+0000][8][gc,age      ] GC(62) - age   1:   12456496 bytes,   12456496 total
[2022-04-22T07:01:01.067+0000][8][gc,age      ] GC(62) - age   2:     121512 bytes,   12578008 total
[2022-04-22T07:01:01.068+0000][8][gc,phases   ] GC(62)   Pre Evacuate Collection Set: 0.2ms
[2022-04-22T07:01:01.069+0000][8][gc,phases   ] GC(62)   Merge Heap Roots: 0.1ms
[2022-04-22T07:01:01.069+0000][8][gc,phases   ] GC(62)   Evacuate Collection Set: 2.4ms
[2022-04-22T07:01:01.070+0000][8][gc,phases   ] GC(62)   Post Evacuate Collection Set: 0.7ms
[2022-04-22T07:01:01.071+0000][8][gc,phases   ] GC(62)   Other: 6.4ms
[2022-04-22T07:01:01.072+0000][8][gc,heap     ] GC(62) Eden regions: 61->0(57)
[2022-04-22T07:01:01.073+0000][8][gc,heap     ] GC(62) Survivor regions: 1->4(8)
[2022-04-22T07:01:01.074+0000][8][gc,heap     ] GC(62) Old regions: 30->30
[2022-04-22T07:01:01.075+0000][8][gc,heap     ] GC(62) Archive regions: 2->2
[2022-04-22T07:01:01.076+0000][8][gc,heap     ] GC(62) Humongous regions: 7->7
[2022-04-22T07:01:01.077+0000][8][gc,metaspace] GC(62) Metaspace: 105947K(107520K)->105947K(107520K) NonClass: 91567K(92480K)->91567K(92480K) Class: 14380K(15040K)->14380K(15040K)
[2022-04-22T07:01:01.078+0000][8][gc          ] GC(62) Pause Young (Normal) (G1 Evacuation Pause) 396M->164M(512M) 19.510ms
[2022-04-22T07:01:01.079+0000][8][gc,cpu      ] GC(62) User=0.01s Sys=0.00s Real=0.02s
[2022-04-22T07:01:01.080+0000][8][safepoint   ] Safepoint "G1CollectForAllocation", Time since last: 1503601959 ns, Reaching safepoint: 311375 ns, At safepoint: 22011750 ns, Total: 22323125 ns
[2022-04-22T07:01:05.829+0000][8][gc,start    ] GC(63) Pause Young (Concurrent Start) (G1 Humongous Allocation)
[2022-04-22T07:01:05.830+0000][8][gc,task     ] GC(63) Using 5 workers of 5 for evacuation
[2022-04-22T07:01:05.832+0000][8][gc,age      ] GC(63) Desired survivor size 16777216 bytes, new threshold 15 (max threshold 15)
[2022-04-22T07:01:05.836+0000][8][gc,age      ] GC(63) Age table with threshold 15 (max threshold 15)
[2022-04-22T07:01:05.837+0000][8][gc,age      ] GC(63) - age   1:   11077360 bytes,   11077360 total
[2022-04-22T07:01:05.838+0000][8][gc,age      ] GC(63) - age   2:    4366016 bytes,   15443376 total
[2022-04-22T07:01:05.839+0000][8][gc,age      ] GC(63) - age   3:     118904 bytes,   15562280 total
[2022-04-22T07:01:05.840+0000][8][gc,phases   ] GC(63)   Pre Evacuate Collection Set: 0.6ms
[2022-04-22T07:01:05.841+0000][8][gc,phases   ] GC(63)   Merge Heap Roots: 0.1ms
[2022-04-22T07:01:05.842+0000][8][gc,phases   ] GC(63)   Evacuate Collection Set: 2.1ms
[2022-04-22T07:01:05.843+0000][8][gc,phases   ] GC(63)   Post Evacuate Collection Set: 0.6ms
[2022-04-22T07:01:05.843+0000][8][gc,phases   ] GC(63)   Other: 7.6ms
[2022-04-22T07:01:05.844+0000][8][gc,heap     ] GC(63) Eden regions: 35->0(56)
[2022-04-22T07:01:05.844+0000][8][gc,heap     ] GC(63) Survivor regions: 4->4(8)
[2022-04-22T07:01:05.845+0000][8][gc,heap     ] GC(63) Old regions: 30->30
[2022-04-22T07:01:05.845+0000][8][gc,heap     ] GC(63) Archive regions: 2->2
[2022-04-22T07:01:05.847+0000][8][gc,heap     ] GC(63) Humongous regions: 7->7
[2022-04-22T07:01:05.848+0000][8][gc,metaspace] GC(63) Metaspace: 105947K(107520K)->105947K(107520K) NonClass: 91567K(92480K)->91567K(92480K) Class: 14380K(15040K)->14380K(15040K)
[2022-04-22T07:01:05.849+0000][8][gc          ] GC(63) Pause Young (Concurrent Start) (G1 Humongous Allocation) 301M->167M(512M) 19.833ms
[2022-04-22T07:01:05.850+0000][8][gc,cpu      ] GC(63) User=0.00s Sys=0.01s Real=0.02s
[2022-04-22T07:01:05.851+0000][8][gc          ] GC(64) Concurrent Mark Cycle
[2022-04-22T07:01:05.851+0000][8][gc,marking  ] GC(64) Concurrent Clear Claimed Marks
[2022-04-22T07:01:05.852+0000][8][gc,marking  ] GC(64) Concurrent Clear Claimed Marks 1.045ms
[2022-04-22T07:01:05.853+0000][8][gc,marking  ] GC(64) Concurrent Scan Root Regions
[2022-04-22T07:01:05.851+0000][8][safepoint   ] Safepoint "G1TryInitiateConcMark", Time since last: 4749039377 ns, Reaching safepoint: 110667 ns, At safepoint: 21797875 ns, Total: 21908542 ns
[2022-04-22T07:01:05.856+0000][8][gc,marking  ] GC(64) Concurrent Scan Root Regions 2.372ms
[2022-04-22T07:01:05.856+0000][8][gc,marking  ] GC(64) Concurrent Mark
[2022-04-22T07:01:05.857+0000][8][gc,marking  ] GC(64) Concurrent Mark From Roots
[2022-04-22T07:01:05.858+0000][8][gc,task     ] GC(64) Using 1 workers of 1 for marking
[2022-04-22T07:01:05.926+0000][8][gc,marking  ] GC(64) Concurrent Mark From Roots 68.675ms
[2022-04-22T07:01:05.927+0000][8][gc,marking  ] GC(64) Concurrent Preclean
[2022-04-22T07:01:05.929+0000][8][gc,marking  ] GC(64) Concurrent Preclean 1.587ms
[2022-04-22T07:01:05.930+0000][8][gc,start    ] GC(64) Pause Remark
[2022-04-22T07:01:05.940+0000][8][gc          ] GC(64) Pause Remark 178M->178M(512M) 9.622ms
[2022-04-22T07:01:05.942+0000][8][gc,cpu      ] GC(64) User=0.02s Sys=0.00s Real=0.01s
[2022-04-22T07:01:05.943+0000][8][safepoint   ] Safepoint "G1Concurrent", Time since last: 79087875 ns, Reaching safepoint: 48541 ns, At safepoint: 13327250 ns, Total: 13375791 ns
[2022-04-22T07:01:05.944+0000][8][gc,marking  ] GC(64) Concurrent Mark 87.693ms
[2022-04-22T07:01:05.945+0000][8][gc,marking  ] GC(64) Concurrent Rebuild Remembered Sets
[2022-04-22T07:01:05.988+0000][8][gc,marking  ] GC(64) Concurrent Rebuild Remembered Sets 43.047ms
[2022-04-22T07:01:05.990+0000][8][gc,start    ] GC(64) Pause Cleanup
[2022-04-22T07:01:05.991+0000][8][gc          ] GC(64) Pause Cleanup 179M->179M(512M) 1.002ms
[2022-04-22T07:01:05.991+0000][8][gc,cpu      ] GC(64) User=0.00s Sys=0.00s Real=0.00s
[2022-04-22T07:01:05.992+0000][8][safepoint   ] Safepoint "G1Concurrent", Time since last: 46221875 ns, Reaching safepoint: 43417 ns, At safepoint: 2629458 ns, Total: 2672875 ns
[2022-04-22T07:01:05.993+0000][8][gc,marking  ] GC(64) Concurrent Cleanup for Next Mark
[2022-04-22T07:01:05.994+0000][8][gc,marking  ] GC(64) Concurrent Cleanup for Next Mark 1.054ms
[2022-04-22T07:01:05.995+0000][8][gc          ] GC(64) Concurrent Mark Cycle 144.066ms
[2022-04-22T07:01:08.993+0000][8][safepoint   ] Safepoint "Cleanup", Time since last: 3000789585 ns, Reaching safepoint: 208875 ns, At safepoint: 14500 ns, Total: 223375 ns
[2022-04-22T07:01:11.995+0000][8][safepoint   ] Safepoint "Cleanup", Time since last: 3001844418 ns, Reaching safepoint: 48625 ns, At safepoint: 2250 ns, Total: 50875 ns
[2022-04-22T07:01:13.238+0000][8][gc,start    ] GC(65) Pause Young (Prepare Mixed) (G1 Evacuation Pause)
[2022-04-22T07:01:13.239+0000][8][gc,task     ] GC(65) Using 5 workers of 5 for evacuation
[2022-04-22T07:01:13.240+0000][8][gc,age      ] GC(65) Desired survivor size 16777216 bytes, new threshold 15 (max threshold 15)
[2022-04-22T07:01:13.244+0000][8][gc,age      ] GC(65) Age table with threshold 15 (max threshold 15)
[2022-04-22T07:01:13.245+0000][8][gc,age      ] GC(65) - age   1:   15321880 bytes,   15321880 total
[2022-04-22T07:01:13.246+0000][8][gc,age      ] GC(65) - age   2:    1985936 bytes,   17307816 total
[2022-04-22T07:01:13.247+0000][8][gc,age      ] GC(65) - age   3:    4238040 bytes,   21545856 total
[2022-04-22T07:01:13.248+0000][8][gc,age      ] GC(65) - age   4:     115288 bytes,   21661144 total
[2022-04-22T07:01:13.248+0000][8][gc,phases   ] GC(65)   Pre Evacuate Collection Set: 0.1ms
[2022-04-22T07:01:13.249+0000][8][gc,phases   ] GC(65)   Merge Heap Roots: 0.1ms
[2022-04-22T07:01:13.250+0000][8][gc,phases   ] GC(65)   Evacuate Collection Set: 3.0ms
[2022-04-22T07:01:13.250+0000][8][gc,phases   ] GC(65)   Post Evacuate Collection Set: 0.7ms
[2022-04-22T07:01:13.251+0000][8][gc,phases   ] GC(65)   Other: 7.0ms
[2022-04-22T07:01:13.252+0000][8][gc,heap     ] GC(65) Eden regions: 56->0(1)
[2022-04-22T07:01:13.253+0000][8][gc,heap     ] GC(65) Survivor regions: 4->7(8)
[2022-04-22T07:01:13.254+0000][8][gc,heap     ] GC(65) Old regions: 30->30
[2022-04-22T07:01:13.254+0000][8][gc,heap     ] GC(65) Archive regions: 2->2
[2022-04-22T07:01:13.255+0000][8][gc,heap     ] GC(65) Humongous regions: 9->8
[2022-04-22T07:01:13.256+0000][8][gc,metaspace] GC(65) Metaspace: 105950K(107520K)->105950K(107520K) NonClass: 91570K(92480K)->91570K(92480K) Class: 14380K(15040K)->14380K(15040K)
[2022-04-22T07:01:13.257+0000][8][gc          ] GC(65) Pause Young (Prepare Mixed) (G1 Evacuation Pause) 399M->180M(512M) 19.737ms
[2022-04-22T07:01:13.258+0000][8][gc,cpu      ] GC(65) User=0.00s Sys=0.01s Real=0.02s
[2022-04-22T07:01:13.259+0000][8][safepoint   ] Safepoint "G1CollectForAllocation", Time since last: 1242272959 ns, Reaching safepoint: 30542 ns, At safepoint: 21816750 ns, Total: 21847292 ns
[2022-04-22T07:01:13.386+0000][8][gc,start    ] GC(66) Pause Young (Mixed) (G1 Evacuation Pause)
[2022-04-22T07:01:13.387+0000][8][gc,task     ] GC(66) Using 5 workers of 5 for evacuation
[2022-04-22T07:01:13.388+0000][8][gc,age      ] GC(66) Desired survivor size 2097152 bytes, new threshold 1 (max threshold 15)
[2022-04-22T07:01:13.393+0000][8][gc,age      ] GC(66) Age table with threshold 1 (max threshold 15)
[2022-04-22T07:01:13.394+0000][8][gc,age      ] GC(66) - age   1:      71808 bytes,      71808 total
[2022-04-22T07:01:13.394+0000][8][gc,phases   ] GC(66)   Pre Evacuate Collection Set: 0.2ms
[2022-04-22T07:01:13.395+0000][8][gc,phases   ] GC(66)   Merge Heap Roots: 0.3ms
[2022-04-22T07:01:13.396+0000][8][gc,phases   ] GC(66)   Evacuate Collection Set: 2.4ms
[2022-04-22T07:01:13.396+0000][8][gc,phases   ] GC(66)   Post Evacuate Collection Set: 0.6ms
[2022-04-22T07:01:13.397+0000][8][gc,phases   ] GC(66)   Other: 5.2ms
[2022-04-22T07:01:13.398+0000][8][gc,heap     ] GC(66) Eden regions: 1->0(53)
[2022-04-22T07:01:13.398+0000][8][gc,heap     ] GC(66) Survivor regions: 7->1(1)
[2022-04-22T07:01:13.399+0000][8][gc,heap     ] GC(66) Old regions: 30->34
[2022-04-22T07:01:13.399+0000][8][gc,heap     ] GC(66) Archive regions: 2->2
[2022-04-22T07:01:13.400+0000][8][gc,heap     ] GC(66) Humongous regions: 8->8
[2022-04-22T07:01:13.401+0000][8][gc,metaspace] GC(66) Metaspace: 105950K(107520K)->105950K(107520K) NonClass: 91570K(92480K)->91570K(92480K) Class: 14380K(15040K)->14380K(15040K)
[2022-04-22T07:01:13.402+0000][8][gc          ] GC(66) Pause Young (Mixed) (G1 Evacuation Pause) 184M->169M(512M) 15.898ms
[2022-04-22T07:01:13.402+0000][8][gc,cpu      ] GC(66) User=0.01s Sys=0.00s Real=0.01s
[2022-04-22T07:01:13.403+0000][8][safepoint   ] Safepoint "G1CollectForAllocation", Time since last: 126074958 ns, Reaching safepoint: 241625 ns, At safepoint: 17515083 ns, Total: 17756708 ns
[2022-04-22T07:01:16.405+0000][8][safepoint   ] Safepoint "Cleanup", Time since last: 3001378585 ns, Reaching safepoint: 128500 ns, At safepoint: 4709 ns, Total: 133209 ns
[2022-04-22T07:01:19.384+0000][8][gc,start    ] GC(67) Pause Young (Normal) (G1 Evacuation Pause)
[2022-04-22T07:01:19.385+0000][8][gc,task     ] GC(67) Using 5 workers of 5 for evacuation
[2022-04-22T07:01:19.386+0000][8][gc,age      ] GC(67) Desired survivor size 14680064 bytes, new threshold 15 (max threshold 15)
[2022-04-22T07:01:19.390+0000][8][gc,age      ] GC(67) Age table with threshold 15 (max threshold 15)
[2022-04-22T07:01:19.392+0000][8][gc,age      ] GC(67) - age   1:   16848240 bytes,   16848240 total
[2022-04-22T07:01:19.393+0000][8][gc,age      ] GC(67) - age   2:      51664 bytes,   16899904 total
[2022-04-22T07:01:19.394+0000][8][gc,phases   ] GC(67)   Pre Evacuate Collection Set: 0.1ms
[2022-04-22T07:01:19.395+0000][8][gc,phases   ] GC(67)   Merge Heap Roots: 0.1ms
[2022-04-22T07:01:19.396+0000][8][gc,phases   ] GC(67)   Evacuate Collection Set: 2.1ms
[2022-04-22T07:01:19.396+0000][8][gc,phases   ] GC(67)   Post Evacuate Collection Set: 0.8ms
[2022-04-22T07:01:19.397+0000][8][gc,phases   ] GC(67)   Other: 6.6ms
[2022-04-22T07:01:19.398+0000][8][gc,heap     ] GC(67) Eden regions: 53->0(48)
[2022-04-22T07:01:19.399+0000][8][gc,heap     ] GC(67) Survivor regions: 1->5(7)
[2022-04-22T07:01:19.400+0000][8][gc,heap     ] GC(67) Old regions: 34->34
[2022-04-22T07:01:19.401+0000][8][gc,heap     ] GC(67) Archive regions: 2->2
[2022-04-22T07:01:19.401+0000][8][gc,heap     ] GC(67) Humongous regions: 8->8
[2022-04-22T07:01:19.402+0000][8][gc,metaspace] GC(67) Metaspace: 105950K(107520K)->105950K(107520K) NonClass: 91570K(92480K)->91570K(92480K) Class: 14380K(15040K)->14380K(15040K)
[2022-04-22T07:01:19.403+0000][8][gc          ] GC(67) Pause Young (Normal) (G1 Evacuation Pause) 381M->187M(512M) 18.929ms
[2022-04-22T07:01:19.404+0000][8][gc,cpu      ] GC(67) User=0.01s Sys=0.00s Real=0.02s
[2022-04-22T07:01:19.405+0000][8][safepoint   ] Safepoint "G1CollectForAllocation", Time since last: 2979374543 ns, Reaching safepoint: 98458 ns, At safepoint: 21225458 ns, Total: 21323916 ns
[2022-04-22T07:01:25.026+0000][8][gc,start    ] GC(68) Pause Young (Normal) (G1 Evacuation Pause)
[2022-04-22T07:01:25.027+0000][8][gc,task     ] GC(68) Using 5 workers of 5 for evacuation
[2022-04-22T07:01:25.028+0000][8][gc,age      ] GC(68) Desired survivor size 14680064 bytes, new threshold 1 (max threshold 15)
[2022-04-22T07:01:25.034+0000][8][gc,age      ] GC(68) Age table with threshold 1 (max threshold 15)
[2022-04-22T07:01:25.035+0000][8][gc,age      ] GC(68) - age   1:   17052872 bytes,   17052872 total
[2022-04-22T07:01:25.037+0000][8][gc,phases   ] GC(68)   Pre Evacuate Collection Set: 0.9ms
[2022-04-22T07:01:25.037+0000][8][gc,phases   ] GC(68)   Merge Heap Roots: 0.1ms
[2022-04-22T07:01:25.038+0000][8][gc,phases   ] GC(68)   Evacuate Collection Set: 2.1ms
[2022-04-22T07:01:25.039+0000][8][gc,phases   ] GC(68)   Post Evacuate Collection Set: 0.8ms
[2022-04-22T07:01:25.039+0000][8][gc,phases   ] GC(68)   Other: 7.0ms
[2022-04-22T07:01:25.040+0000][8][gc,heap     ] GC(68) Eden regions: 48->0(45)
[2022-04-22T07:01:25.040+0000][8][gc,heap     ] GC(68) Survivor regions: 5->5(7)
[2022-04-22T07:01:25.041+0000][8][gc,heap     ] GC(68) Old regions: 34->35
[2022-04-22T07:01:25.041+0000][8][gc,heap     ] GC(68) Archive regions: 2->2
[2022-04-22T07:01:25.042+0000][8][gc,heap     ] GC(68) Humongous regions: 8->8
[2022-04-22T07:01:25.043+0000][8][gc,metaspace] GC(68) Metaspace: 105958K(107520K)->105958K(107520K) NonClass: 91578K(92480K)->91578K(92480K) Class: 14380K(15040K)->14380K(15040K)
[2022-04-22T07:01:25.043+0000][8][gc          ] GC(68) Pause Young (Normal) (G1 Evacuation Pause) 379M->192M(512M) 17.621ms
[2022-04-22T07:01:25.044+0000][8][gc,cpu      ] GC(68) User=0.01s Sys=0.00s Real=0.01s
[2022-04-22T07:01:25.045+0000][8][safepoint   ] Safepoint "G1CollectForAllocation", Time since last: 5620140003 ns, Reaching safepoint: 214458 ns, At safepoint: 18910084 ns, Total: 19124542 ns
[2022-04-22T07:01:26.046+0000][8][safepoint   ] Safepoint "Cleanup", Time since last: 1000665750 ns, Reaching safepoint: 474542 ns, At safepoint: 197500 ns, Total: 672042 ns
[2022-04-22T07:01:26.428+0000][8][gc,start    ] GC(69) Pause Young (Concurrent Start) (G1 Evacuation Pause)
[2022-04-22T07:01:26.428+0000][8][gc,task     ] GC(69) Using 5 workers of 5 for evacuation
[2022-04-22T07:01:26.429+0000][8][gc,age      ] GC(69) Desired survivor size 14680064 bytes, new threshold 1 (max threshold 15)
[2022-04-22T07:01:26.433+0000][8][gc,age      ] GC(69) Age table with threshold 1 (max threshold 15)
[2022-04-22T07:01:26.434+0000][8][gc,age      ] GC(69) - age   1:    4861744 bytes,    4861744 total
[2022-04-22T07:01:26.435+0000][8][gc,phases   ] GC(69)   Pre Evacuate Collection Set: 0.4ms
[2022-04-22T07:01:26.437+0000][8][gc,phases   ] GC(69)   Merge Heap Roots: 0.1ms
[2022-04-22T07:01:26.441+0000][8][gc,phases   ] GC(69)   Evacuate Collection Set: 1.7ms
[2022-04-22T07:01:26.442+0000][8][gc,phases   ] GC(69)   Post Evacuate Collection Set: 0.9ms
[2022-04-22T07:01:26.444+0000][8][gc,phases   ] GC(69)   Other: 4.6ms
[2022-04-22T07:01:26.445+0000][8][gc,heap     ] GC(69) Eden regions: 45->0(45)
[2022-04-22T07:01:26.446+0000][8][gc,heap     ] GC(69) Survivor regions: 5->2(7)
[2022-04-22T07:01:26.447+0000][8][gc,heap     ] GC(69) Old regions: 35->40
[2022-04-22T07:01:26.449+0000][8][gc,heap     ] GC(69) Archive regions: 2->2
[2022-04-22T07:01:26.449+0000][8][gc,heap     ] GC(69) Humongous regions: 8->8
[2022-04-22T07:01:26.451+0000][8][gc,metaspace] GC(69) Metaspace: 105959K(107520K)->105959K(107520K) NonClass: 91578K(92480K)->91578K(92480K) Class: 14380K(15040K)->14380K(15040K)
[2022-04-22T07:01:26.452+0000][8][gc          ] GC(69) Pause Young (Concurrent Start) (G1 Evacuation Pause) 372M->200M(512M) 24.078ms
[2022-04-22T07:01:26.452+0000][8][gc,cpu      ] GC(69) User=0.01s Sys=0.00s Real=0.02s
[2022-04-22T07:01:26.453+0000][8][gc          ] GC(70) Concurrent Mark Cycle
[2022-04-22T07:01:26.454+0000][8][gc,marking  ] GC(70) Concurrent Clear Claimed Marks
[2022-04-22T07:01:26.453+0000][8][safepoint   ] Safepoint "G1CollectForAllocation", Time since last: 381021792 ns, Reaching safepoint: 494958 ns, At safepoint: 25919458 ns, Total: 26414416 ns
[2022-04-22T07:01:26.455+0000][8][gc,marking  ] GC(70) Concurrent Clear Claimed Marks 1.148ms
[2022-04-22T07:01:26.457+0000][8][gc,marking  ] GC(70) Concurrent Scan Root Regions
[2022-04-22T07:01:26.461+0000][8][gc,marking  ] GC(70) Concurrent Scan Root Regions 3.159ms
[2022-04-22T07:01:26.463+0000][8][gc,marking  ] GC(70) Concurrent Mark
[2022-04-22T07:01:26.464+0000][8][gc,marking  ] GC(70) Concurrent Mark From Roots
[2022-04-22T07:01:26.465+0000][8][gc,task     ] GC(70) Using 1 workers of 1 for marking
[2022-04-22T07:01:26.533+0000][8][gc,marking  ] GC(70) Concurrent Mark From Roots 69.451ms
[2022-04-22T07:01:26.534+0000][8][gc,marking  ] GC(70) Concurrent Preclean
[2022-04-22T07:01:26.536+0000][8][gc,marking  ] GC(70) Concurrent Preclean 1.286ms
[2022-04-22T07:01:26.537+0000][8][gc,start    ] GC(70) Pause Remark
[2022-04-22T07:01:26.544+0000][8][gc          ] GC(70) Pause Remark 210M->210M(512M) 6.339ms
[2022-04-22T07:01:26.545+0000][8][gc,cpu      ] GC(70) User=0.02s Sys=0.00s Real=0.00s
[2022-04-22T07:01:26.546+0000][8][safepoint   ] Safepoint "G1Concurrent", Time since last: 83045000 ns, Reaching safepoint: 715209 ns, At safepoint: 8530208 ns, Total: 9245417 ns
[2022-04-22T07:01:26.547+0000][8][gc,marking  ] GC(70) Concurrent Mark 83.966ms
[2022-04-22T07:01:26.548+0000][8][gc,marking  ] GC(70) Concurrent Rebuild Remembered Sets
[2022-04-22T07:01:26.591+0000][8][gc,marking  ] GC(70) Concurrent Rebuild Remembered Sets 42.834ms
[2022-04-22T07:01:26.593+0000][8][gc,start    ] GC(70) Pause Cleanup
[2022-04-22T07:01:26.594+0000][8][gc          ] GC(70) Pause Cleanup 218M->218M(512M) 1.191ms
[2022-04-22T07:01:26.595+0000][8][gc,cpu      ] GC(70) User=0.00s Sys=0.00s Real=0.00s
[2022-04-22T07:01:26.596+0000][8][safepoint   ] Safepoint "G1Concurrent", Time since last: 46865958 ns, Reaching safepoint: 185542 ns, At safepoint: 3113833 ns, Total: 3299375 ns
[2022-04-22T07:01:26.597+0000][8][gc,marking  ] GC(70) Concurrent Cleanup for Next Mark
[2022-04-22T07:01:26.599+0000][8][gc,marking  ] GC(70) Concurrent Cleanup for Next Mark 1.497ms
[2022-04-22T07:01:26.599+0000][8][gc          ] GC(70) Concurrent Mark Cycle 145.800ms
[2022-04-22T07:01:27.575+0000][8][gc,start    ] GC(71) Pause Young (Prepare Mixed) (G1 Evacuation Pause)
[2022-04-22T07:01:27.576+0000][8][gc,task     ] GC(71) Using 5 workers of 5 for evacuation
[2022-04-22T07:01:27.577+0000][8][gc,age      ] GC(71) Desired survivor size 12582912 bytes, new threshold 15 (max threshold 15)
[2022-04-22T07:01:27.580+0000][8][gc,age      ] GC(71) Age table with threshold 15 (max threshold 15)
[2022-04-22T07:01:27.581+0000][8][gc,age      ] GC(71) - age   1:    2625008 bytes,    2625008 total
[2022-04-22T07:01:27.582+0000][8][gc,age      ] GC(71) - age   2:    3061712 bytes,    5686720 total
[2022-04-22T07:01:27.583+0000][8][gc,phases   ] GC(71)   Pre Evacuate Collection Set: 0.1ms
[2022-04-22T07:01:27.584+0000][8][gc,phases   ] GC(71)   Merge Heap Roots: 0.1ms
[2022-04-22T07:01:27.584+0000][8][gc,phases   ] GC(71)   Evacuate Collection Set: 1.2ms
[2022-04-22T07:01:27.585+0000][8][gc,phases   ] GC(71)   Post Evacuate Collection Set: 0.9ms
[2022-04-22T07:01:27.585+0000][8][gc,phases   ] GC(71)   Other: 5.3ms
[2022-04-22T07:01:27.586+0000][8][gc,heap     ] GC(71) Eden regions: 45->0(4)
[2022-04-22T07:01:27.586+0000][8][gc,heap     ] GC(71) Survivor regions: 2->2(6)
[2022-04-22T07:01:27.587+0000][8][gc,heap     ] GC(71) Old regions: 40->40
[2022-04-22T07:01:27.588+0000][8][gc,heap     ] GC(71) Archive regions: 2->2
[2022-04-22T07:01:27.588+0000][8][gc,heap     ] GC(71) Humongous regions: 8->8
[2022-04-22T07:01:27.589+0000][8][gc,metaspace] GC(71) Metaspace: 105961K(107520K)->105961K(107520K) NonClass: 91581K(92480K)->91581K(92480K) Class: 14380K(15040K)->14380K(15040K)
[2022-04-22T07:01:27.589+0000][8][gc          ] GC(71) Pause Young (Prepare Mixed) (G1 Evacuation Pause) 380M->200M(512M) 13.873ms
[2022-04-22T07:01:27.590+0000][8][gc,cpu      ] GC(71) User=0.00s Sys=0.00s Real=0.01s
[2022-04-22T07:01:27.590+0000][8][safepoint   ] Safepoint "G1CollectForAllocation", Time since last: 979386751 ns, Reaching safepoint: 33708 ns, At safepoint: 15093334 ns, Total: 15127042 ns
[2022-04-22T07:01:27.687+0000][8][gc,start    ] GC(72) Pause Young (Mixed) (G1 Evacuation Pause)
[2022-04-22T07:01:27.688+0000][8][gc,task     ] GC(72) Using 5 workers of 5 for evacuation
[2022-04-22T07:01:27.689+0000][8][gc,age      ] GC(72) Desired survivor size 2097152 bytes, new threshold 1 (max threshold 15)
[2022-04-22T07:01:27.692+0000][8][gc,age      ] GC(72) Age table with threshold 1 (max threshold 15)
[2022-04-22T07:01:27.692+0000][8][gc,age      ] GC(72) - age   1:     274624 bytes,     274624 total
[2022-04-22T07:01:27.693+0000][8][gc,phases   ] GC(72)   Pre Evacuate Collection Set: 0.1ms
[2022-04-22T07:01:27.694+0000][8][gc,phases   ] GC(72)   Merge Heap Roots: 0.0ms
[2022-04-22T07:01:27.694+0000][8][gc,phases   ] GC(72)   Evacuate Collection Set: 1.4ms
[2022-04-22T07:01:27.696+0000][8][gc,phases   ] GC(72)   Post Evacuate Collection Set: 0.5ms
[2022-04-22T07:01:27.696+0000][8][gc,phases   ] GC(72)   Other: 4.5ms
[2022-04-22T07:01:27.697+0000][8][gc,heap     ] GC(72) Eden regions: 4->0(50)
[2022-04-22T07:01:27.698+0000][8][gc,heap     ] GC(72) Survivor regions: 2->1(1)
[2022-04-22T07:01:27.698+0000][8][gc,heap     ] GC(72) Old regions: 40->38
[2022-04-22T07:01:27.699+0000][8][gc,heap     ] GC(72) Archive regions: 2->2
[2022-04-22T07:01:27.699+0000][8][gc,heap     ] GC(72) Humongous regions: 8->8
[2022-04-22T07:01:27.700+0000][8][gc,metaspace] GC(72) Metaspace: 105961K(107520K)->105961K(107520K) NonClass: 91581K(92480K)->91581K(92480K) Class: 14380K(15040K)->14380K(15040K)
[2022-04-22T07:01:27.701+0000][8][gc          ] GC(72) Pause Young (Mixed) (G1 Evacuation Pause) 216M->186M(512M) 13.919ms
[2022-04-22T07:01:27.701+0000][8][gc,cpu      ] GC(72) User=0.01s Sys=0.00s Real=0.01s
[2022-04-22T07:01:27.702+0000][8][safepoint   ] Safepoint "G1CollectForAllocation", Time since last: 96276458 ns, Reaching safepoint: 46208 ns, At safepoint: 15103875 ns, Total: 15150083 ns
[2022-04-22T07:01:28.917+0000][8][gc,start    ] GC(73) Pause Young (Normal) (G1 Evacuation Pause)
[2022-04-22T07:01:28.918+0000][8][gc,task     ] GC(73) Using 5 workers of 5 for evacuation
[2022-04-22T07:01:28.919+0000][8][gc,age      ] GC(73) Desired survivor size 14680064 bytes, new threshold 15 (max threshold 15)
[2022-04-22T07:01:28.921+0000][8][gc,age      ] GC(73) Age table with threshold 15 (max threshold 15)
[2022-04-22T07:01:28.922+0000][8][gc,age      ] GC(73) - age   1:    4771464 bytes,    4771464 total
[2022-04-22T07:01:28.923+0000][8][gc,age      ] GC(73) - age   2:     104584 bytes,    4876048 total
[2022-04-22T07:01:28.924+0000][8][gc,phases   ] GC(73)   Pre Evacuate Collection Set: 0.3ms
[2022-04-22T07:01:28.925+0000][8][gc,phases   ] GC(73)   Merge Heap Roots: 0.2ms
[2022-04-22T07:01:28.926+0000][8][gc,phases   ] GC(73)   Evacuate Collection Set: 1.0ms
[2022-04-22T07:01:28.926+0000][8][gc,phases   ] GC(73)   Post Evacuate Collection Set: 0.7ms
[2022-04-22T07:01:28.927+0000][8][gc,phases   ] GC(73)   Other: 4.6ms
[2022-04-22T07:01:28.928+0000][8][gc,heap     ] GC(73) Eden regions: 50->0(50)
[2022-04-22T07:01:28.929+0000][8][gc,heap     ] GC(73) Survivor regions: 1->2(7)
[2022-04-22T07:01:28.930+0000][8][gc,heap     ] GC(73) Old regions: 38->38
[2022-04-22T07:01:28.930+0000][8][gc,heap     ] GC(73) Archive regions: 2->2
[2022-04-22T07:01:28.931+0000][8][gc,heap     ] GC(73) Humongous regions: 8->8
[2022-04-22T07:01:28.932+0000][8][gc,metaspace] GC(73) Metaspace: 105962K(107520K)->105962K(107520K) NonClass: 91582K(92480K)->91582K(92480K) Class: 14380K(15040K)->14380K(15040K)
[2022-04-22T07:01:28.933+0000][8][gc          ] GC(73) Pause Young (Normal) (G1 Evacuation Pause) 386M->191M(512M) 15.733ms
[2022-04-22T07:01:28.933+0000][8][gc,cpu      ] GC(73) User=0.00s Sys=0.00s Real=0.01s
[2022-04-22T07:01:28.934+0000][8][safepoint   ] Safepoint "G1CollectForAllocation", Time since last: 1214702500 ns, Reaching safepoint: 39542 ns, At safepoint: 17081250 ns, Total: 17120792 ns
[2022-04-22T07:01:29.935+0000][8][safepoint   ] Safepoint "Cleanup", Time since last: 1000808375 ns, Reaching safepoint: 49417 ns, At safepoint: 2750 ns, Total: 52167 ns
[2022-04-22T07:01:30.938+0000][8][safepoint   ] Safepoint "Cleanup", Time since last: 1002498959 ns, Reaching safepoint: 172708 ns, At safepoint: 15875 ns, Total: 188583 ns
[2022-04-22T07:01:33.108+0000][8][gc,start    ] GC(74) Pause Young (Concurrent Start) (G1 Humongous Allocation)
[2022-04-22T07:01:33.110+0000][8][gc,task     ] GC(74) Using 5 workers of 5 for evacuation
[2022-04-22T07:01:33.111+0000][8][gc,age      ] GC(74) Desired survivor size 14680064 bytes, new threshold 15 (max threshold 15)
[2022-04-22T07:01:33.115+0000][8][gc,age      ] GC(74) Age table with threshold 15 (max threshold 15)
[2022-04-22T07:01:33.117+0000][8][gc,age      ] GC(74) - age   1:    8643800 bytes,    8643800 total
[2022-04-22T07:01:33.117+0000][8][gc,age      ] GC(74) - age   2:    2103000 bytes,   10746800 total
[2022-04-22T07:01:33.118+0000][8][gc,age      ] GC(74) - age   3:     104584 bytes,   10851384 total
[2022-04-22T07:01:33.119+0000][8][gc,phases   ] GC(74)   Pre Evacuate Collection Set: 0.3ms
[2022-04-22T07:01:33.120+0000][8][gc,phases   ] GC(74)   Merge Heap Roots: 0.2ms
[2022-04-22T07:01:33.121+0000][8][gc,phases   ] GC(74)   Evacuate Collection Set: 1.4ms
[2022-04-22T07:01:33.122+0000][8][gc,phases   ] GC(74)   Post Evacuate Collection Set: 0.8ms
[2022-04-22T07:01:33.123+0000][8][gc,phases   ] GC(74)   Other: 8.2ms
[2022-04-22T07:01:33.123+0000][8][gc,heap     ] GC(74) Eden regions: 50->0(49)
[2022-04-22T07:01:33.124+0000][8][gc,heap     ] GC(74) Survivor regions: 2->3(7)
[2022-04-22T07:01:33.125+0000][8][gc,heap     ] GC(74) Old regions: 38->38
[2022-04-22T07:01:33.125+0000][8][gc,heap     ] GC(74) Archive regions: 2->2
[2022-04-22T07:01:33.126+0000][8][gc,heap     ] GC(74) Humongous regions: 8->8
[2022-04-22T07:01:33.127+0000][8][gc,metaspace] GC(74) Metaspace: 105963K(107520K)->105963K(107520K) NonClass: 91582K(92480K)->91582K(92480K) Class: 14380K(15040K)->14380K(15040K)
[2022-04-22T07:01:33.128+0000][8][gc          ] GC(74) Pause Young (Concurrent Start) (G1 Humongous Allocation) 390M->197M(512M) 19.408ms
[2022-04-22T07:01:33.129+0000][8][gc,cpu      ] GC(74) User=0.01s Sys=0.01s Real=0.02s
[2022-04-22T07:01:33.129+0000][8][gc          ] GC(75) Concurrent Mark Cycle
[2022-04-22T07:01:33.130+0000][8][gc,marking  ] GC(75) Concurrent Clear Claimed Marks
[2022-04-22T07:01:33.131+0000][8][gc,marking  ] GC(75) Concurrent Clear Claimed Marks 1.022ms
[2022-04-22T07:01:33.132+0000][8][gc,marking  ] GC(75) Concurrent Scan Root Regions
[2022-04-22T07:01:33.129+0000][8][safepoint   ] Safepoint "G1TryInitiateConcMark", Time since last: 2170415376 ns, Reaching safepoint: 376417 ns, At safepoint: 21003000 ns, Total: 21379417 ns
[2022-04-22T07:01:33.134+0000][8][gc,marking  ] GC(75) Concurrent Scan Root Regions 1.628ms
[2022-04-22T07:01:33.135+0000][8][gc,marking  ] GC(75) Concurrent Mark
[2022-04-22T07:01:33.136+0000][8][gc,marking  ] GC(75) Concurrent Mark From Roots
[2022-04-22T07:01:33.137+0000][8][gc,task     ] GC(75) Using 1 workers of 1 for marking
[2022-04-22T07:01:33.211+0000][8][gc,marking  ] GC(75) Concurrent Mark From Roots 74.720ms
[2022-04-22T07:01:33.212+0000][8][gc,marking  ] GC(75) Concurrent Preclean
[2022-04-22T07:01:33.215+0000][8][gc,marking  ] GC(75) Concurrent Preclean 3.376ms
[2022-04-22T07:01:33.217+0000][8][gc,start    ] GC(75) Pause Remark
[2022-04-22T07:01:33.226+0000][8][gc          ] GC(75) Pause Remark 205M->205M(512M) 8.855ms
[2022-04-22T07:01:33.260+0000][8][gc,cpu      ] GC(75) User=0.03s Sys=0.00s Real=0.04s
[2022-04-22T07:01:33.262+0000][8][safepoint   ] Safepoint "G1Concurrent", Time since last: 87305458 ns, Reaching safepoint: 490958 ns, At safepoint: 44484875 ns, Total: 44975833 ns
[2022-04-22T07:01:33.264+0000][8][gc,marking  ] GC(75) Concurrent Mark 128.224ms
[2022-04-22T07:01:33.265+0000][8][gc,marking  ] GC(75) Concurrent Rebuild Remembered Sets
[2022-04-22T07:01:33.324+0000][8][gc,marking  ] GC(75) Concurrent Rebuild Remembered Sets 59.114ms
[2022-04-22T07:01:33.325+0000][8][gc,start    ] GC(75) Pause Cleanup
[2022-04-22T07:01:33.326+0000][8][gc          ] GC(75) Pause Cleanup 206M->206M(512M) 1.276ms
[2022-04-22T07:01:33.327+0000][8][gc,cpu      ] GC(75) User=0.00s Sys=0.00s Real=0.01s
[2022-04-22T07:01:33.330+0000][8][safepoint   ] Safepoint "G1Concurrent", Time since last: 63053750 ns, Reaching safepoint: 254417 ns, At safepoint: 5210958 ns, Total: 5465375 ns
[2022-04-22T07:01:33.332+0000][8][gc,marking  ] GC(75) Concurrent Cleanup for Next Mark
[2022-04-22T07:01:33.336+0000][8][gc,marking  ] GC(75) Concurrent Cleanup for Next Mark 4.205ms
[2022-04-22T07:01:33.337+0000][8][gc          ] GC(75) Concurrent Mark Cycle 208.122ms
[2022-04-22T07:01:35.333+0000][8][safepoint   ] Safepoint "Cleanup", Time since last: 2002435543 ns, Reaching safepoint: 221667 ns, At safepoint: 8541 ns, Total: 230208 ns
[2022-04-22T07:01:36.334+0000][8][safepoint   ] Safepoint "Cleanup", Time since last: 1001308209 ns, Reaching safepoint: 257167 ns, At safepoint: 7375 ns, Total: 264542 ns
[2022-04-22T07:01:36.502+0000][8][gc,start    ] GC(76) Pause Young (Prepare Mixed) (G1 Evacuation Pause)
[2022-04-22T07:01:36.503+0000][8][gc,task     ] GC(76) Using 5 workers of 5 for evacuation
[2022-04-22T07:01:36.503+0000][8][gc,age      ] GC(76) Desired survivor size 14680064 bytes, new threshold 15 (max threshold 15)
[2022-04-22T07:01:36.507+0000][8][gc,age      ] GC(76) Age table with threshold 15 (max threshold 15)
[2022-04-22T07:01:36.509+0000][8][gc,age      ] GC(76) - age   1:    9664984 bytes,    9664984 total
[2022-04-22T07:01:36.511+0000][8][gc,age      ] GC(76) - age   2:    4435464 bytes,   14100448 total
[2022-04-22T07:01:36.512+0000][8][gc,age      ] GC(76) - age   3:     929352 bytes,   15029800 total
[2022-04-22T07:01:36.513+0000][8][gc,age      ] GC(76) - age   4:     104584 bytes,   15134384 total
[2022-04-22T07:01:36.514+0000][8][gc,phases   ] GC(76)   Pre Evacuate Collection Set: 0.1ms
[2022-04-22T07:01:36.515+0000][8][gc,phases   ] GC(76)   Merge Heap Roots: 0.2ms
[2022-04-22T07:01:36.516+0000][8][gc,phases   ] GC(76)   Evacuate Collection Set: 2.0ms
[2022-04-22T07:01:36.517+0000][8][gc,phases   ] GC(76)   Post Evacuate Collection Set: 0.8ms
[2022-04-22T07:01:36.518+0000][8][gc,phases   ] GC(76)   Other: 8.9ms
[2022-04-22T07:01:36.519+0000][8][gc,heap     ] GC(76) Eden regions: 49->0(2)
[2022-04-22T07:01:36.520+0000][8][gc,heap     ] GC(76) Survivor regions: 3->4(7)
[2022-04-22T07:01:36.520+0000][8][gc,heap     ] GC(76) Old regions: 38->38
[2022-04-22T07:01:36.521+0000][8][gc,heap     ] GC(76) Archive regions: 2->2
[2022-04-22T07:01:36.521+0000][8][gc,heap     ] GC(76) Humongous regions: 9->9
[2022-04-22T07:01:36.522+0000][8][gc,metaspace] GC(76) Metaspace: 105978K(107520K)->105978K(107520K) NonClass: 91598K(92480K)->91598K(92480K) Class: 14380K(15040K)->14380K(15040K)
[2022-04-22T07:01:36.522+0000][8][gc          ] GC(76) Pause Young (Prepare Mixed) (G1 Evacuation Pause) 397M->205M(512M) 20.798ms
[2022-04-22T07:01:36.523+0000][8][gc,cpu      ] GC(76) User=0.01s Sys=0.01s Real=0.02s
[2022-04-22T07:01:36.524+0000][8][safepoint   ] Safepoint "G1CollectForAllocation", Time since last: 167256750 ns, Reaching safepoint: 44208 ns, At safepoint: 21919625 ns, Total: 21963833 ns
[2022-04-22T07:01:36.582+0000][8][gc,start    ] GC(77) Pause Young (Mixed) (G1 Evacuation Pause)
[2022-04-22T07:01:36.583+0000][8][gc,task     ] GC(77) Using 5 workers of 5 for evacuation
[2022-04-22T07:01:36.585+0000][8][gc,age      ] GC(77) Desired survivor size 2097152 bytes, new threshold 1 (max threshold 15)
[2022-04-22T07:01:36.591+0000][8][gc,age      ] GC(77) Age table with threshold 1 (max threshold 15)
[2022-04-22T07:01:36.592+0000][8][gc,age      ] GC(77) - age   1:     102064 bytes,     102064 total
[2022-04-22T07:01:36.594+0000][8][gc,phases   ] GC(77)   Pre Evacuate Collection Set: 0.8ms
[2022-04-22T07:01:36.596+0000][8][gc,phases   ] GC(77)   Merge Heap Roots: 0.2ms
[2022-04-22T07:01:36.597+0000][8][gc,phases   ] GC(77)   Evacuate Collection Set: 3.2ms
[2022-04-22T07:01:36.599+0000][8][gc,phases   ] GC(77)   Post Evacuate Collection Set: 0.6ms
[2022-04-22T07:01:36.600+0000][8][gc,phases   ] GC(77)   Other: 7.4ms
[2022-04-22T07:01:36.602+0000][8][gc,heap     ] GC(77) Eden regions: 2->0(47)
[2022-04-22T07:01:36.605+0000][8][gc,heap     ] GC(77) Survivor regions: 4->1(1)
[2022-04-22T07:01:36.606+0000][8][gc,heap     ] GC(77) Old regions: 38->40
[2022-04-22T07:01:36.607+0000][8][gc,heap     ] GC(77) Archive regions: 2->2
[2022-04-22T07:01:36.608+0000][8][gc,heap     ] GC(77) Humongous regions: 9->9
[2022-04-22T07:01:36.609+0000][8][gc,metaspace] GC(77) Metaspace: 105978K(107520K)->105978K(107520K) NonClass: 91598K(92480K)->91598K(92480K) Class: 14380K(15040K)->14380K(15040K)
[2022-04-22T07:01:36.610+0000][8][gc          ] GC(77) Pause Young (Mixed) (G1 Evacuation Pause) 213M->197M(512M) 27.770ms
[2022-04-22T07:01:36.610+0000][8][gc,cpu      ] GC(77) User=0.02s Sys=0.01s Real=0.03s
[2022-04-22T07:01:36.612+0000][8][safepoint   ] Safepoint "G1CollectForAllocation", Time since last: 57858417 ns, Reaching safepoint: 262458 ns, At safepoint: 29863459 ns, Total: 30125917 ns
[2022-04-22T07:01:39.299+0000][8][gc,start    ] GC(78) Pause Young (Normal) (G1 Evacuation Pause)
[2022-04-22T07:01:39.300+0000][8][gc,task     ] GC(78) Using 5 workers of 5 for evacuation
[2022-04-22T07:01:39.301+0000][8][gc,age      ] GC(78) Desired survivor size 12582912 bytes, new threshold 15 (max threshold 15)
[2022-04-22T07:01:39.304+0000][8][gc,age      ] GC(78) Age table with threshold 15 (max threshold 15)
[2022-04-22T07:01:39.305+0000][8][gc,age      ] GC(78) - age   1:    6311864 bytes,    6311864 total
[2022-04-22T07:01:39.306+0000][8][gc,age      ] GC(78) - age   2:      16624 bytes,    6328488 total
[2022-04-22T07:01:39.307+0000][8][gc,phases   ] GC(78)   Pre Evacuate Collection Set: 0.0ms
[2022-04-22T07:01:39.307+0000][8][gc,phases   ] GC(78)   Merge Heap Roots: 0.0ms
[2022-04-22T07:01:39.308+0000][8][gc,phases   ] GC(78)   Evacuate Collection Set: 1.6ms
[2022-04-22T07:01:39.309+0000][8][gc,phases   ] GC(78)   Post Evacuate Collection Set: 0.8ms
[2022-04-22T07:01:39.309+0000][8][gc,phases   ] GC(78)   Other: 5.6ms
[2022-04-22T07:01:39.310+0000][8][gc,heap     ] GC(78) Eden regions: 47->0(47)
[2022-04-22T07:01:39.311+0000][8][gc,heap     ] GC(78) Survivor regions: 1->2(6)
[2022-04-22T07:01:39.325+0000][8][gc,heap     ] GC(78) Old regions: 40->40
[2022-04-22T07:01:39.326+0000][8][gc,heap     ] GC(78) Archive regions: 2->2
[2022-04-22T07:01:39.327+0000][8][gc,heap     ] GC(78) Humongous regions: 9->9
[2022-04-22T07:01:39.328+0000][8][gc,metaspace] GC(78) Metaspace: 105986K(107584K)->105986K(107584K) NonClass: 91606K(92544K)->91606K(92544K) Class: 14380K(15040K)->14380K(15040K)
[2022-04-22T07:01:39.329+0000][8][gc          ] GC(78) Pause Young (Normal) (G1 Evacuation Pause) 385M->203M(512M) 29.892ms
[2022-04-22T07:01:39.329+0000][8][gc,cpu      ] GC(78) User=0.01s Sys=0.00s Real=0.03s
[2022-04-22T07:01:39.330+0000][8][safepoint   ] Safepoint "G1CollectForAllocation", Time since last: 2687130084 ns, Reaching safepoint: 55542 ns, At safepoint: 31611917 ns, Total: 31667459 ns
[2022-04-22T07:01:41.714+0000][8][gc,start    ] GC(79) Pause Young (Normal) (G1 Evacuation Pause)
[2022-04-22T07:01:41.716+0000][8][gc,task     ] GC(79) Using 5 workers of 5 for evacuation
[2022-04-22T07:01:41.717+0000][8][gc,age      ] GC(79) Desired survivor size 14680064 bytes, new threshold 15 (max threshold 15)
[2022-04-22T07:01:41.720+0000][8][gc,age      ] GC(79) Age table with threshold 15 (max threshold 15)
[2022-04-22T07:01:41.721+0000][8][gc,age      ] GC(79) - age   1:    6786744 bytes,    6786744 total
[2022-04-22T07:01:41.722+0000][8][gc,age      ] GC(79) - age   2:    4009416 bytes,   10796160 total
[2022-04-22T07:01:41.723+0000][8][gc,age      ] GC(79) - age   3:      16624 bytes,   10812784 total
[2022-04-22T07:01:41.725+0000][8][gc,phases   ] GC(79)   Pre Evacuate Collection Set: 0.1ms
[2022-04-22T07:01:41.726+0000][8][gc,phases   ] GC(79)   Merge Heap Roots: 0.2ms
[2022-04-22T07:01:41.727+0000][8][gc,phases   ] GC(79)   Evacuate Collection Set: 1.5ms
[2022-04-22T07:01:41.728+0000][8][gc,phases   ] GC(79)   Post Evacuate Collection Set: 0.5ms
[2022-04-22T07:01:41.729+0000][8][gc,phases   ] GC(79)   Other: 8.3ms
[2022-04-22T07:01:41.730+0000][8][gc,heap     ] GC(79) Eden regions: 47->0(46)
[2022-04-22T07:01:41.733+0000][8][gc,heap     ] GC(79) Survivor regions: 2->3(7)
[2022-04-22T07:01:41.734+0000][8][gc,heap     ] GC(79) Old regions: 40->40
[2022-04-22T07:01:41.734+0000][8][gc,heap     ] GC(79) Archive regions: 2->2
[2022-04-22T07:01:41.735+0000][8][gc,heap     ] GC(79) Humongous regions: 9->9
[2022-04-22T07:01:41.737+0000][8][gc,metaspace] GC(79) Metaspace: 105987K(107584K)->105987K(107584K) NonClass: 91606K(92544K)->91606K(92544K) Class: 14380K(15040K)->14380K(15040K)
[2022-04-22T07:01:41.738+0000][8][gc          ] GC(79) Pause Young (Normal) (G1 Evacuation Pause) 391M->208M(512M) 23.473ms
[2022-04-22T07:01:41.739+0000][8][gc,cpu      ] GC(79) User=0.01s Sys=0.00s Real=0.03s
[2022-04-22T07:01:41.740+0000][8][safepoint   ] Safepoint "G1CollectForAllocation", Time since last: 2383622209 ns, Reaching safepoint: 36917 ns, At safepoint: 25500208 ns, Total: 25537125 ns
[2022-04-22T07:01:42.741+0000][8][safepoint   ] Safepoint "Cleanup", Time since last: 1001459084 ns, Reaching safepoint: 127792 ns, At safepoint: 4458 ns, Total: 132250 ns
[2022-04-22T07:01:43.743+0000][8][safepoint   ] Safepoint "Cleanup", Time since last: 1001501125 ns, Reaching safepoint: 49042 ns, At safepoint: 2000 ns, Total: 51042 ns
[2022-04-22T07:01:44.711+0000][8][gc,start    ] GC(80) Pause Young (Concurrent Start) (G1 Evacuation Pause)
[2022-04-22T07:01:44.713+0000][8][gc,task     ] GC(80) Using 5 workers of 5 for evacuation
[2022-04-22T07:01:44.714+0000][8][gc,age      ] GC(80) Desired survivor size 14680064 bytes, new threshold 15 (max threshold 15)
[2022-04-22T07:01:44.719+0000][8][gc,age      ] GC(80) Age table with threshold 15 (max threshold 15)
[2022-04-22T07:01:44.720+0000][8][gc,age      ] GC(80) - age   1:    5257584 bytes,    5257584 total
[2022-04-22T07:01:44.721+0000][8][gc,age      ] GC(80) - age   2:    4017696 bytes,    9275280 total
[2022-04-22T07:01:44.722+0000][8][gc,age      ] GC(80) - age   3:    3817464 bytes,   13092744 total
[2022-04-22T07:01:44.723+0000][8][gc,age      ] GC(80) - age   4:      16624 bytes,   13109368 total
[2022-04-22T07:01:44.724+0000][8][gc,phases   ] GC(80)   Pre Evacuate Collection Set: 0.3ms
[2022-04-22T07:01:44.725+0000][8][gc,phases   ] GC(80)   Merge Heap Roots: 0.1ms
[2022-04-22T07:01:44.727+0000][8][gc,phases   ] GC(80)   Evacuate Collection Set: 1.6ms
[2022-04-22T07:01:44.728+0000][8][gc,phases   ] GC(80)   Post Evacuate Collection Set: 0.9ms
[2022-04-22T07:01:44.729+0000][8][gc,phases   ] GC(80)   Other: 9.5ms
[2022-04-22T07:01:44.730+0000][8][gc,heap     ] GC(80) Eden regions: 46->0(46)
[2022-04-22T07:01:44.731+0000][8][gc,heap     ] GC(80) Survivor regions: 3->4(7)
[2022-04-22T07:01:44.732+0000][8][gc,heap     ] GC(80) Old regions: 40->40
[2022-04-22T07:01:44.733+0000][8][gc,heap     ] GC(80) Archive regions: 2->2
[2022-04-22T07:01:44.735+0000][8][gc,heap     ] GC(80) Humongous regions: 9->9
[2022-04-22T07:01:44.736+0000][8][gc,metaspace] GC(80) Metaspace: 106024K(107584K)->106024K(107584K) NonClass: 91643K(92544K)->91643K(92544K) Class: 14380K(15040K)->14380K(15040K)
[2022-04-22T07:01:44.738+0000][8][gc          ] GC(80) Pause Young (Concurrent Start) (G1 Evacuation Pause) 392M->210M(512M) 26.092ms
[2022-04-22T07:01:44.739+0000][8][gc,cpu      ] GC(80) User=0.01s Sys=0.00s Real=0.03s
[2022-04-22T07:01:44.740+0000][8][gc          ] GC(81) Concurrent Mark Cycle
[2022-04-22T07:01:44.741+0000][8][gc,marking  ] GC(81) Concurrent Clear Claimed Marks
[2022-04-22T07:01:44.740+0000][8][safepoint   ] Safepoint "G1CollectForAllocation", Time since last: 968635292 ns, Reaching safepoint: 117042 ns, At safepoint: 28903375 ns, Total: 29020417 ns
[2022-04-22T07:01:44.742+0000][8][gc,marking  ] GC(81) Concurrent Clear Claimed Marks 1.269ms
[2022-04-22T07:01:44.745+0000][8][gc,marking  ] GC(81) Concurrent Scan Root Regions
[2022-04-22T07:01:44.748+0000][8][gc,marking  ] GC(81) Concurrent Scan Root Regions 2.720ms
[2022-04-22T07:01:44.749+0000][8][gc,marking  ] GC(81) Concurrent Mark
[2022-04-22T07:01:44.751+0000][8][gc,marking  ] GC(81) Concurrent Mark From Roots
[2022-04-22T07:01:44.753+0000][8][gc,task     ] GC(81) Using 1 workers of 1 for marking
[2022-04-22T07:01:44.831+0000][8][gc,marking  ] GC(81) Concurrent Mark From Roots 80.156ms
[2022-04-22T07:01:44.834+0000][8][gc,marking  ] GC(81) Concurrent Preclean
[2022-04-22T07:01:44.836+0000][8][gc,marking  ] GC(81) Concurrent Preclean 1.928ms
[2022-04-22T07:01:44.837+0000][8][gc,start    ] GC(81) Pause Remark
[2022-04-22T07:01:44.847+0000][8][gc          ] GC(81) Pause Remark 213M->193M(512M) 10.288ms
[2022-04-22T07:01:44.849+0000][8][gc,cpu      ] GC(81) User=0.03s Sys=0.00s Real=0.01s
[2022-04-22T07:01:44.850+0000][8][safepoint   ] Safepoint "G1Concurrent", Time since last: 96345667 ns, Reaching safepoint: 297791 ns, At safepoint: 12773542 ns, Total: 13071333 ns
[2022-04-22T07:01:44.851+0000][8][gc,marking  ] GC(81) Concurrent Mark 101.986ms
[2022-04-22T07:01:44.852+0000][8][gc,marking  ] GC(81) Concurrent Rebuild Remembered Sets
[2022-04-22T07:01:44.895+0000][8][gc,marking  ] GC(81) Concurrent Rebuild Remembered Sets 42.659ms
[2022-04-22T07:01:44.896+0000][8][gc,start    ] GC(81) Pause Cleanup
[2022-04-22T07:01:44.897+0000][8][gc          ] GC(81) Pause Cleanup 195M->195M(512M) 1.374ms
[2022-04-22T07:01:44.899+0000][8][gc,cpu      ] GC(81) User=0.00s Sys=0.00s Real=0.00s
[2022-04-22T07:01:44.900+0000][8][safepoint   ] Safepoint "G1Concurrent", Time since last: 46179458 ns, Reaching safepoint: 180375 ns, At safepoint: 4340667 ns, Total: 4521042 ns
[2022-04-22T07:01:44.903+0000][8][gc,marking  ] GC(81) Concurrent Cleanup for Next Mark
[2022-04-22T07:01:44.904+0000][8][gc,marking  ] GC(81) Concurrent Cleanup for Next Mark 1.308ms
[2022-04-22T07:01:44.905+0000][8][gc          ] GC(81) Concurrent Mark Cycle 164.490ms
[2022-04-22T07:01:46.903+0000][8][safepoint   ] Safepoint "Cleanup", Time since last: 2002355251 ns, Reaching safepoint: 55833 ns, At safepoint: 10583 ns, Total: 66416 ns
[2022-04-22T07:01:47.482+0000][8][gc,start    ] GC(82) Pause Young (Prepare Mixed) (G1 Evacuation Pause)
[2022-04-22T07:01:47.482+0000][8][gc,task     ] GC(82) Using 5 workers of 5 for evacuation
[2022-04-22T07:01:47.483+0000][8][gc,age      ] GC(82) Desired survivor size 14680064 bytes, new threshold 15 (max threshold 15)
[2022-04-22T07:01:47.487+0000][8][gc,age      ] GC(82) Age table with threshold 15 (max threshold 15)
[2022-04-22T07:01:47.488+0000][8][gc,age      ] GC(82) - age   1:    6229312 bytes,    6229312 total
[2022-04-22T07:01:47.489+0000][8][gc,age      ] GC(82) - age   2:     593608 bytes,    6822920 total
[2022-04-22T07:01:47.490+0000][8][gc,age      ] GC(82) - age   3:     144192 bytes,    6967112 total
[2022-04-22T07:01:47.491+0000][8][gc,age      ] GC(82) - age   4:     205440 bytes,    7172552 total
[2022-04-22T07:01:47.492+0000][8][gc,age      ] GC(82) - age   5:       1128 bytes,    7173680 total
[2022-04-22T07:01:47.492+0000][8][gc,phases   ] GC(82)   Pre Evacuate Collection Set: 0.1ms
[2022-04-22T07:01:47.493+0000][8][gc,phases   ] GC(82)   Merge Heap Roots: 0.1ms
[2022-04-22T07:01:47.494+0000][8][gc,phases   ] GC(82)   Evacuate Collection Set: 2.1ms
[2022-04-22T07:01:47.494+0000][8][gc,phases   ] GC(82)   Post Evacuate Collection Set: 0.7ms
[2022-04-22T07:01:47.495+0000][8][gc,phases   ] GC(82)   Other: 7.8ms
[2022-04-22T07:01:47.495+0000][8][gc,heap     ] GC(82) Eden regions: 46->0(4)
[2022-04-22T07:01:47.496+0000][8][gc,heap     ] GC(82) Survivor regions: 4->2(7)
[2022-04-22T07:01:47.497+0000][8][gc,heap     ] GC(82) Old regions: 38->38
[2022-04-22T07:01:47.497+0000][8][gc,heap     ] GC(82) Archive regions: 2->2
[2022-04-22T07:01:47.498+0000][8][gc,heap     ] GC(82) Humongous regions: 6->6
[2022-04-22T07:01:47.499+0000][8][gc,metaspace] GC(82) Metaspace: 106032K(107584K)->106032K(107584K) NonClass: 91651K(92544K)->91651K(92544K) Class: 14380K(15040K)->14380K(15040K)
[2022-04-22T07:01:47.499+0000][8][gc          ] GC(82) Pause Young (Prepare Mixed) (G1 Evacuation Pause) 374M->184M(512M) 17.725ms
[2022-04-22T07:01:47.500+0000][8][gc,cpu      ] GC(82) User=0.01s Sys=0.00s Real=0.02s
[2022-04-22T07:01:47.501+0000][8][safepoint   ] Safepoint "G1CollectForAllocation", Time since last: 578645584 ns, Reaching safepoint: 103917 ns, At safepoint: 18946000 ns, Total: 19049917 ns
[2022-04-22T07:01:47.588+0000][8][gc,start    ] GC(83) Pause Young (Mixed) (G1 Evacuation Pause)
[2022-04-22T07:01:47.589+0000][8][gc,task     ] GC(83) Using 5 workers of 5 for evacuation
[2022-04-22T07:01:47.590+0000][8][gc,age      ] GC(83) Desired survivor size 2097152 bytes, new threshold 1 (max threshold 15)
[2022-04-22T07:01:47.593+0000][8][gc,age      ] GC(83) Age table with threshold 1 (max threshold 15)
[2022-04-22T07:01:47.594+0000][8][gc,age      ] GC(83) - age   1:     393256 bytes,     393256 total
[2022-04-22T07:01:47.595+0000][8][gc,phases   ] GC(83)   Pre Evacuate Collection Set: 0.1ms
[2022-04-22T07:01:47.596+0000][8][gc,phases   ] GC(83)   Merge Heap Roots: 0.1ms
[2022-04-22T07:01:47.597+0000][8][gc,phases   ] GC(83)   Evacuate Collection Set: 1.8ms
[2022-04-22T07:01:47.598+0000][8][gc,phases   ] GC(83)   Post Evacuate Collection Set: 0.5ms
[2022-04-22T07:01:47.598+0000][8][gc,phases   ] GC(83)   Other: 4.5ms
[2022-04-22T07:01:47.599+0000][8][gc,heap     ] GC(83) Eden regions: 4->0(62)
[2022-04-22T07:01:47.600+0000][8][gc,heap     ] GC(83) Survivor regions: 2->1(1)
[2022-04-22T07:01:47.600+0000][8][gc,heap     ] GC(83) Old regions: 38->30
[2022-04-22T07:01:47.601+0000][8][gc,heap     ] GC(83) Archive regions: 2->2
[2022-04-22T07:01:47.601+0000][8][gc,heap     ] GC(83) Humongous regions: 6->6
[2022-04-22T07:01:47.602+0000][8][gc,metaspace] GC(83) Metaspace: 106032K(107584K)->106032K(107584K) NonClass: 91651K(92544K)->91651K(92544K) Class: 14380K(15040K)->14380K(15040K)
[2022-04-22T07:01:47.603+0000][8][gc          ] GC(83) Pause Young (Mixed) (G1 Evacuation Pause) 200M->147M(512M) 14.463ms
[2022-04-22T07:01:47.603+0000][8][gc,cpu      ] GC(83) User=0.01s Sys=0.00s Real=0.01s
[2022-04-22T07:01:47.604+0000][8][safepoint   ] Safepoint "G1CollectForAllocation", Time since last: 87375250 ns, Reaching safepoint: 191625 ns, At safepoint: 16009625 ns, Total: 16201250 ns
[2022-04-22T07:01:48.606+0000][8][safepoint   ] Safepoint "Cleanup", Time since last: 1001706084 ns, Reaching safepoint: 160083 ns, At safepoint: 5625 ns, Total: 165708 ns
[2022-04-22T07:01:49.608+0000][8][safepoint   ] Safepoint "Cleanup", Time since last: 1001854625 ns, Reaching safepoint: 128125 ns, At safepoint: 5500 ns, Total: 133625 ns
[2022-04-22T07:01:51.233+0000][8][gc,start    ] GC(84) Pause Young (Normal) (G1 Evacuation Pause)
[2022-04-22T07:01:51.234+0000][8][gc,task     ] GC(84) Using 5 workers of 5 for evacuation
[2022-04-22T07:01:51.235+0000][8][gc,age      ] GC(84) Desired survivor size 16777216 bytes, new threshold 15 (max threshold 15)
[2022-04-22T07:01:51.239+0000][8][gc,age      ] GC(84) Age table with threshold 15 (max threshold 15)
[2022-04-22T07:01:51.240+0000][8][gc,age      ] GC(84) - age   1:    9071440 bytes,    9071440 total
[2022-04-22T07:01:51.241+0000][8][gc,age      ] GC(84) - age   2:      92080 bytes,    9163520 total
[2022-04-22T07:01:51.243+0000][8][gc,phases   ] GC(84)   Pre Evacuate Collection Set: 0.1ms
[2022-04-22T07:01:51.244+0000][8][gc,phases   ] GC(84)   Merge Heap Roots: 0.1ms
[2022-04-22T07:01:51.244+0000][8][gc,phases   ] GC(84)   Evacuate Collection Set: 1.7ms
[2022-04-22T07:01:51.245+0000][8][gc,phases   ] GC(84)   Post Evacuate Collection Set: 0.8ms
[2022-04-22T07:01:51.246+0000][8][gc,phases   ] GC(84)   Other: 7.0ms
[2022-04-22T07:01:51.247+0000][8][gc,heap     ] GC(84) Eden regions: 62->0(60)
[2022-04-22T07:01:51.248+0000][8][gc,heap     ] GC(84) Survivor regions: 1->3(8)
[2022-04-22T07:01:51.249+0000][8][gc,heap     ] GC(84) Old regions: 30->30
[2022-04-22T07:01:51.249+0000][8][gc,heap     ] GC(84) Archive regions: 2->2
[2022-04-22T07:01:51.250+0000][8][gc,heap     ] GC(84) Humongous regions: 6->6
[2022-04-22T07:01:51.251+0000][8][gc,metaspace] GC(84) Metaspace: 106070K(107648K)->106070K(107648K) NonClass: 91689K(92608K)->91689K(92608K) Class: 14380K(15040K)->14380K(15040K)
[2022-04-22T07:01:51.252+0000][8][gc          ] GC(84) Pause Young (Normal) (G1 Evacuation Pause) 395M->155M(512M) 19.231ms
[2022-04-22T07:01:51.254+0000][8][gc,cpu      ] GC(84) User=0.00s Sys=0.00s Real=0.02s
[2022-04-22T07:01:51.255+0000][8][safepoint   ] Safepoint "G1CollectForAllocation", Time since last: 1624880168 ns, Reaching safepoint: 106917 ns, At safepoint: 22287125 ns, Total: 22394042 ns
[2022-04-22T07:01:52.257+0000][8][safepoint   ] Safepoint "Cleanup", Time since last: 1000834958 ns, Reaching safepoint: 329709 ns, At safepoint: 91541 ns, Total: 421250 ns
[2022-04-22T07:01:54.258+0000][8][safepoint   ] Safepoint "Cleanup", Time since last: 2001547085 ns, Reaching safepoint: 320458 ns, At safepoint: 19042 ns, Total: 339500 ns
[2022-04-22T07:01:54.287+0000][8][gc,start    ] GC(85) Pause Young (Normal) (G1 Evacuation Pause)
[2022-04-22T07:01:54.288+0000][8][gc,task     ] GC(85) Using 5 workers of 5 for evacuation
[2022-04-22T07:01:54.289+0000][8][gc,age      ] GC(85) Desired survivor size 16777216 bytes, new threshold 15 (max threshold 15)
[2022-04-22T07:01:54.292+0000][8][gc,age      ] GC(85) Age table with threshold 15 (max threshold 15)
[2022-04-22T07:01:54.293+0000][8][gc,age      ] GC(85) - age   1:    7652176 bytes,    7652176 total
[2022-04-22T07:01:54.295+0000][8][gc,age      ] GC(85) - age   2:    4941872 bytes,   12594048 total
[2022-04-22T07:01:54.295+0000][8][gc,age      ] GC(85) - age   3:      92080 bytes,   12686128 total
[2022-04-22T07:01:54.296+0000][8][gc,phases   ] GC(85)   Pre Evacuate Collection Set: 0.1ms
[2022-04-22T07:01:54.297+0000][8][gc,phases   ] GC(85)   Merge Heap Roots: 0.0ms
[2022-04-22T07:01:54.297+0000][8][gc,phases   ] GC(85)   Evacuate Collection Set: 1.6ms
[2022-04-22T07:01:54.298+0000][8][gc,phases   ] GC(85)   Post Evacuate Collection Set: 0.7ms
[2022-04-22T07:01:54.299+0000][8][gc,phases   ] GC(85)   Other: 6.0ms
[2022-04-22T07:01:54.300+0000][8][gc,heap     ] GC(85) Eden regions: 60->0(59)
[2022-04-22T07:01:54.301+0000][8][gc,heap     ] GC(85) Survivor regions: 3->4(8)
[2022-04-22T07:01:54.301+0000][8][gc,heap     ] GC(85) Old regions: 30->30
[2022-04-22T07:01:54.301+0000][8][gc,heap     ] GC(85) Archive regions: 2->2
[2022-04-22T07:01:54.302+0000][8][gc,heap     ] GC(85) Humongous regions: 6->6
[2022-04-22T07:01:54.303+0000][8][gc,metaspace] GC(85) Metaspace: 106089K(107648K)->106089K(107648K) NonClass: 91708K(92608K)->91708K(92608K) Class: 14380K(15040K)->14380K(15040K)
[2022-04-22T07:01:54.303+0000][8][gc          ] GC(85) Pause Young (Normal) (G1 Evacuation Pause) 395M->158M(512M) 16.163ms
[2022-04-22T07:01:54.304+0000][8][gc,cpu      ] GC(85) User=0.01s Sys=0.00s Real=0.01s
[2022-04-22T07:01:54.305+0000][8][safepoint   ] Safepoint "G1CollectForAllocation", Time since last: 28527875 ns, Reaching safepoint: 287125 ns, At safepoint: 17594625 ns, Total: 17881750 ns
[2022-04-22T07:01:55.306+0000][8][safepoint   ] Safepoint "Cleanup", Time since last: 1000721750 ns, Reaching safepoint: 61084 ns, At safepoint: 3541 ns, Total: 64625 ns
[2022-04-22T07:01:56.307+0000][8][safepoint   ] Safepoint "Cleanup", Time since last: 1001204126 ns, Reaching safepoint: 51166 ns, At safepoint: 2459 ns, Total: 53625 ns
[2022-04-22T07:01:57.310+0000][8][safepoint   ] Safepoint "Cleanup", Time since last: 1001175500 ns, Reaching safepoint: 2351542 ns, At safepoint: 38708 ns, Total: 2390250 ns
[2022-04-22T07:01:58.312+0000][8][safepoint   ] Safepoint "Cleanup", Time since last: 1001388042 ns, Reaching safepoint: 104250 ns, At safepoint: 3875 ns, Total: 108125 ns
[2022-04-22T07:01:58.730+0000][8][gc,start    ] GC(86) Pause Young (Concurrent Start) (G1 Evacuation Pause)
[2022-04-22T07:01:58.731+0000][8][gc,task     ] GC(86) Using 5 workers of 5 for evacuation
[2022-04-22T07:01:58.732+0000][8][gc,age      ] GC(86) Desired survivor size 16777216 bytes, new threshold 15 (max threshold 15)
[2022-04-22T07:01:58.737+0000][8][gc,age      ] GC(86) Age table with threshold 15 (max threshold 15)
[2022-04-22T07:01:58.737+0000][8][gc,age      ] GC(86) - age   1:    5471264 bytes,    5471264 total
[2022-04-22T07:01:58.738+0000][8][gc,age      ] GC(86) - age   2:     535824 bytes,    6007088 total
[2022-04-22T07:01:58.740+0000][8][gc,age      ] GC(86) - age   3:    4931608 bytes,   10938696 total
[2022-04-22T07:01:58.741+0000][8][gc,age      ] GC(86) - age   4:      92080 bytes,   11030776 total
[2022-04-22T07:01:58.742+0000][8][gc,phases   ] GC(86)   Pre Evacuate Collection Set: 0.5ms
[2022-04-22T07:01:58.743+0000][8][gc,phases   ] GC(86)   Merge Heap Roots: 0.1ms
[2022-04-22T07:01:58.744+0000][8][gc,phases   ] GC(86)   Evacuate Collection Set: 2.2ms
[2022-04-22T07:01:58.745+0000][8][gc,phases   ] GC(86)   Post Evacuate Collection Set: 1.0ms
[2022-04-22T07:01:58.745+0000][8][gc,phases   ] GC(86)   Other: 9.0ms
[2022-04-22T07:01:58.746+0000][8][gc,heap     ] GC(86) Eden regions: 59->0(60)
[2022-04-22T07:01:58.747+0000][8][gc,heap     ] GC(86) Survivor regions: 4->3(8)
[2022-04-22T07:01:58.748+0000][8][gc,heap     ] GC(86) Old regions: 30->30
[2022-04-22T07:01:58.749+0000][8][gc,heap     ] GC(86) Archive regions: 2->2
[2022-04-22T07:01:58.750+0000][8][gc,heap     ] GC(86) Humongous regions: 6->6
[2022-04-22T07:01:58.751+0000][8][gc,metaspace] GC(86) Metaspace: 106132K(107712K)->106132K(107712K) NonClass: 91751K(92672K)->91751K(92672K) Class: 14380K(15040K)->14380K(15040K)
[2022-04-22T07:01:58.752+0000][8][gc          ] GC(86) Pause Young (Concurrent Start) (G1 Evacuation Pause) 394M->157M(512M) 22.786ms
[2022-04-22T07:01:58.754+0000][8][gc,cpu      ] GC(86) User=0.01s Sys=0.00s Real=0.02s
[2022-04-22T07:01:58.755+0000][8][safepoint   ] Safepoint "G1CollectForAllocation", Time since last: 417699917 ns, Reaching safepoint: 49250 ns, At safepoint: 25024499 ns, Total: 25073749 ns
[2022-04-22T07:01:58.755+0000][8][gc          ] GC(87) Concurrent Mark Cycle
[2022-04-22T07:01:58.758+0000][8][gc,marking  ] GC(87) Concurrent Clear Claimed Marks
[2022-04-22T07:01:58.762+0000][8][gc,marking  ] GC(87) Concurrent Clear Claimed Marks 3.991ms
[2022-04-22T07:01:58.764+0000][8][gc,marking  ] GC(87) Concurrent Scan Root Regions
[2022-04-22T07:01:58.767+0000][8][gc,marking  ] GC(87) Concurrent Scan Root Regions 2.940ms
[2022-04-22T07:01:58.769+0000][8][gc,marking  ] GC(87) Concurrent Mark
[2022-04-22T07:01:58.771+0000][8][gc,marking  ] GC(87) Concurrent Mark From Roots
[2022-04-22T07:01:58.772+0000][8][gc,task     ] GC(87) Using 1 workers of 1 for marking
[2022-04-22T07:01:58.849+0000][8][gc,marking  ] GC(87) Concurrent Mark From Roots 77.826ms
[2022-04-22T07:01:58.850+0000][8][gc,marking  ] GC(87) Concurrent Preclean
[2022-04-22T07:01:58.851+0000][8][gc,marking  ] GC(87) Concurrent Preclean 1.113ms
[2022-04-22T07:01:58.852+0000][8][gc,start    ] GC(87) Pause Remark
[2022-04-22T07:01:58.859+0000][8][gc          ] GC(87) Pause Remark 172M->172M(512M) 7.018ms
[2022-04-22T07:01:58.860+0000][8][gc,cpu      ] GC(87) User=0.01s Sys=0.01s Real=0.01s
[2022-04-22T07:01:58.862+0000][8][safepoint   ] Safepoint "G1Concurrent", Time since last: 97295792 ns, Reaching safepoint: 110667 ns, At safepoint: 9620250 ns, Total: 9730917 ns
[2022-04-22T07:01:58.863+0000][8][gc,marking  ] GC(87) Concurrent Mark 93.784ms
[2022-04-22T07:01:58.864+0000][8][gc,marking  ] GC(87) Concurrent Rebuild Remembered Sets
[2022-04-22T07:01:58.908+0000][8][gc,marking  ] GC(87) Concurrent Rebuild Remembered Sets 43.786ms
[2022-04-22T07:01:58.910+0000][8][gc,start    ] GC(87) Pause Cleanup
[2022-04-22T07:01:58.910+0000][8][gc          ] GC(87) Pause Cleanup 176M->176M(512M) 0.790ms
[2022-04-22T07:01:58.911+0000][8][gc,cpu      ] GC(87) User=0.00s Sys=0.00s Real=0.00s
[2022-04-22T07:01:58.912+0000][8][safepoint   ] Safepoint "G1Concurrent", Time since last: 47821541 ns, Reaching safepoint: 152084 ns, At safepoint: 2506958 ns, Total: 2659042 ns
[2022-04-22T07:01:58.913+0000][8][gc,marking  ] GC(87) Concurrent Cleanup for Next Mark
[2022-04-22T07:01:58.916+0000][8][gc,marking  ] GC(87) Concurrent Cleanup for Next Mark 2.973ms
[2022-04-22T07:01:58.920+0000][8][gc          ] GC(87) Concurrent Mark Cycle 165.251ms
[2022-04-22T07:01:59.914+0000][8][safepoint   ] Safepoint "Cleanup", Time since last: 1001524000 ns, Reaching safepoint: 210750 ns, At safepoint: 9667 ns, Total: 220417 ns
[2022-04-22T07:02:00.677+0000][8][gc,start    ] GC(88) Pause Young (Prepare Mixed) (G1 Evacuation Pause)
[2022-04-22T07:02:00.678+0000][8][gc,task     ] GC(88) Using 5 workers of 5 for evacuation
[2022-04-22T07:02:00.679+0000][8][gc,age      ] GC(88) Desired survivor size 16777216 bytes, new threshold 15 (max threshold 15)
[2022-04-22T07:02:00.682+0000][8][gc,age      ] GC(88) Age table with threshold 15 (max threshold 15)
[2022-04-22T07:02:00.683+0000][8][gc,age      ] GC(88) - age   1:     800872 bytes,     800872 total
[2022-04-22T07:02:00.684+0000][8][gc,age      ] GC(88) - age   2:    1621440 bytes,    2422312 total
[2022-04-22T07:02:00.685+0000][8][gc,age      ] GC(88) - age   3:     535440 bytes,    2957752 total
[2022-04-22T07:02:00.687+0000][8][gc,age      ] GC(88) - age   4:     369504 bytes,    3327256 total
[2022-04-22T07:02:00.687+0000][8][gc,age      ] GC(88) - age   5:       2040 bytes,    3329296 total
[2022-04-22T07:02:00.688+0000][8][gc,phases   ] GC(88)   Pre Evacuate Collection Set: 0.2ms
[2022-04-22T07:02:00.689+0000][8][gc,phases   ] GC(88)   Merge Heap Roots: 0.1ms
[2022-04-22T07:02:00.690+0000][8][gc,phases   ] GC(88)   Evacuate Collection Set: 1.6ms
[2022-04-22T07:02:00.690+0000][8][gc,phases   ] GC(88)   Post Evacuate Collection Set: 1.1ms
[2022-04-22T07:02:00.691+0000][8][gc,phases   ] GC(88)   Other: 8.5ms
[2022-04-22T07:02:00.693+0000][8][gc,heap     ] GC(88) Eden regions: 60->0(5)
[2022-04-22T07:02:00.694+0000][8][gc,heap     ] GC(88) Survivor regions: 3->1(8)
[2022-04-22T07:02:00.694+0000][8][gc,heap     ] GC(88) Old regions: 30->30
[2022-04-22T07:02:00.695+0000][8][gc,heap     ] GC(88) Archive regions: 2->2
[2022-04-22T07:02:00.696+0000][8][gc,heap     ] GC(88) Humongous regions: 6->6
[2022-04-22T07:02:00.697+0000][8][gc,metaspace] GC(88) Metaspace: 106157K(107712K)->106157K(107712K) NonClass: 91776K(92672K)->91776K(92672K) Class: 14380K(15040K)->14380K(15040K)
[2022-04-22T07:02:00.699+0000][8][gc          ] GC(88) Pause Young (Prepare Mixed) (G1 Evacuation Pause) 397M->150M(512M) 21.868ms
[2022-04-22T07:02:00.700+0000][8][gc,cpu      ] GC(88) User=0.01s Sys=0.00s Real=0.02s
[2022-04-22T07:02:00.700+0000][8][safepoint   ] Safepoint "G1CollectForAllocation", Time since last: 762815834 ns, Reaching safepoint: 90833 ns, At safepoint: 23744958 ns, Total: 23835791 ns
[2022-04-22T07:02:00.823+0000][8][gc,start    ] GC(89) Pause Young (Mixed) (G1 Evacuation Pause)
[2022-04-22T07:02:00.824+0000][8][gc,task     ] GC(89) Using 5 workers of 5 for evacuation
[2022-04-22T07:02:00.824+0000][8][gc,age      ] GC(89) Desired survivor size 2097152 bytes, new threshold 2 (max threshold 15)
[2022-04-22T07:02:00.827+0000][8][gc,age      ] GC(89) Age table with threshold 2 (max threshold 15)
[2022-04-22T07:02:00.828+0000][8][gc,age      ] GC(89) - age   1:      44664 bytes,      44664 total
[2022-04-22T07:02:00.829+0000][8][gc,age      ] GC(89) - age   2:     710200 bytes,     754864 total
[2022-04-22T07:02:00.830+0000][8][gc,phases   ] GC(89)   Pre Evacuate Collection Set: 0.2ms
[2022-04-22T07:02:00.830+0000][8][gc,phases   ] GC(89)   Merge Heap Roots: 0.1ms
[2022-04-22T07:02:00.831+0000][8][gc,phases   ] GC(89)   Evacuate Collection Set: 1.4ms
[2022-04-22T07:02:00.832+0000][8][gc,phases   ] GC(89)   Post Evacuate Collection Set: 0.7ms
[2022-04-22T07:02:00.833+0000][8][gc,phases   ] GC(89)   Other: 4.2ms
[2022-04-22T07:02:00.833+0000][8][gc,heap     ] GC(89) Eden regions: 5->0(67)
[2022-04-22T07:02:00.834+0000][8][gc,heap     ] GC(89) Survivor regions: 1->1(1)
[2022-04-22T07:02:00.835+0000][8][gc,heap     ] GC(89) Old regions: 30->27
[2022-04-22T07:02:00.835+0000][8][gc,heap     ] GC(89) Archive regions: 2->2
[2022-04-22T07:02:00.836+0000][8][gc,heap     ] GC(89) Humongous regions: 6->6
[2022-04-22T07:02:00.836+0000][8][gc,metaspace] GC(89) Metaspace: 106157K(107712K)->106157K(107712K) NonClass: 91776K(92672K)->91776K(92672K) Class: 14380K(15040K)->14380K(15040K)
[2022-04-22T07:02:00.837+0000][8][gc          ] GC(89) Pause Young (Mixed) (G1 Evacuation Pause) 170M->134M(512M) 13.657ms
[2022-04-22T07:02:00.838+0000][8][gc,cpu      ] GC(89) User=0.01s Sys=0.00s Real=0.02s
[2022-04-22T07:02:00.839+0000][8][safepoint   ] Safepoint "G1CollectForAllocation", Time since last: 122496584 ns, Reaching safepoint: 121416 ns, At safepoint: 15548959 ns, Total: 15670375 ns
[2022-04-22T07:02:01.839+0000][8][safepoint   ] Safepoint "Cleanup", Time since last: 1000721625 ns, Reaching safepoint: 61917 ns, At safepoint: 3417 ns, Total: 65334 ns
[2022-04-22T07:02:03.205+0000][8][safepoint   ] Safepoint "Cleanup", Time since last: 1365135959 ns, Reaching safepoint: 195000 ns, At safepoint: 10041 ns, Total: 205041 ns
[2022-04-22T07:02:04.208+0000][8][safepoint   ] Safepoint "Cleanup", Time since last: 1002720001 ns, Reaching safepoint: 68750 ns, At safepoint: 2083 ns, Total: 70833 ns
[2022-04-22T07:02:11.030+0000][8][gc,heap,exit] Heap
[2022-04-22T07:02:11.032+0000][8][gc,heap,exit]  garbage-first heap   total 524288K, used 376358K [0x00000000e0000000, 0x0000000100000000)
[2022-04-22T07:02:11.032+0000][8][gc,heap,exit]   region size 4096K, 60 young (245760K), 1 survivors (4096K)
[2022-04-22T07:02:11.033+0000][8][gc,heap,exit]  Metaspace       used 106307K, committed 107776K, reserved 1146880K
[2022-04-22T07:02:11.035+0000][8][gc,heap,exit]   class space    used 14410K, committed 15040K, reserved 1048576K
