[2022-04-22T08:44:42.712+0000][9][gc] Using G1
[2022-04-22T08:44:42.757+0000][9][gc,init] Version: 17.0.2+8 (release)
[2022-04-22T08:44:42.758+0000][9][gc,init] CPUs: 5 total, 5 available
[2022-04-22T08:44:42.758+0000][9][gc,init] Memory: 7851M
[2022-04-22T08:44:42.759+0000][9][gc,init] Large Page Support: Disabled
[2022-04-22T08:44:42.760+0000][9][gc,init] NUMA Support: Disabled
[2022-04-22T08:44:42.761+0000][9][gc,init] Compressed Oops: Enabled (32-bit)
[2022-04-22T08:44:42.762+0000][9][gc,init] Heap Region Size: 4M
[2022-04-22T08:44:42.763+0000][9][gc,init] Heap Min Capacity: 512M
[2022-04-22T08:44:42.763+0000][9][gc,init] Heap Initial Capacity: 512M
[2022-04-22T08:44:42.764+0000][9][gc,init] Heap Max Capacity: 512M
[2022-04-22T08:44:42.765+0000][9][gc,init] Pre-touch: Enabled
[2022-04-22T08:44:42.766+0000][9][gc,init] Parallel Workers: 5
[2022-04-22T08:44:42.767+0000][9][gc,init] Concurrent Workers: 1
[2022-04-22T08:44:42.767+0000][9][gc,init] Concurrent Refinement Workers: 5
[2022-04-22T08:44:42.768+0000][9][gc,init] Periodic GC: Disabled
[2022-04-22T08:44:42.769+0000][9][gc,metaspace] CDS archive(s) mapped at: [0x0000000800000000-0x0000000800bd2000-0x0000000800bd2000), size 12394496, SharedBaseAddress: 0x0000000800000000, ArchiveRelocationMode: 0.
[2022-04-22T08:44:42.770+0000][9][gc,metaspace] Compressed class space mapped at: 0x0000000800c00000-0x0000000840c00000, reserved size: 1073741824
[2022-04-22T08:44:42.770+0000][9][gc,metaspace] Narrow klass base: 0x0000000800000000, Narrow klass shift: 0, Narrow klass range: 0x100000000
[2022-04-22T08:44:42.887+0000][9][safepoint   ] Safepoint "ICBufferFull", Time since last: 112917292 ns, Reaching safepoint: 137375 ns, At safepoint: 6958 ns, Total: 144333 ns
[2022-04-22T08:44:42.937+0000][9][safepoint   ] Safepoint "ICBufferFull", Time since last: 50066125 ns, Reaching safepoint: 114917 ns, At safepoint: 1416 ns, Total: 116333 ns
[2022-04-22T08:44:43.014+0000][9][safepoint   ] Safepoint "ICBufferFull", Time since last: 76752751 ns, Reaching safepoint: 99500 ns, At safepoint: 9458 ns, Total: 108958 ns
[2022-04-22T08:44:43.066+0000][9][gc,start    ] GC(0) Pause Young (Normal) (G1 Evacuation Pause)
[2022-04-22T08:44:43.067+0000][9][gc,task     ] GC(0) Using 5 workers of 5 for evacuation
[2022-04-22T08:44:43.068+0000][9][gc,age      ] GC(0) Desired survivor size 2097152 bytes, new threshold 15 (max threshold 15)
[2022-04-22T08:44:43.072+0000][9][gc,age      ] GC(0) Age table with threshold 15 (max threshold 15)
[2022-04-22T08:44:43.073+0000][9][gc,age      ] GC(0) - age   1:    4187072 bytes,    4187072 total
[2022-04-22T08:44:43.074+0000][9][gc,phases   ] GC(0)   Pre Evacuate Collection Set: 0.2ms
[2022-04-22T08:44:43.074+0000][9][gc,phases   ] GC(0)   Merge Heap Roots: 0.2ms
[2022-04-22T08:44:43.075+0000][9][gc,phases   ] GC(0)   Evacuate Collection Set: 1.9ms
[2022-04-22T08:44:43.076+0000][9][gc,phases   ] GC(0)   Post Evacuate Collection Set: 0.4ms
[2022-04-22T08:44:43.077+0000][9][gc,phases   ] GC(0)   Other: 5.3ms
[2022-04-22T08:44:43.077+0000][9][gc,heap     ] GC(0) Eden regions: 6->0(5)
[2022-04-22T08:44:43.078+0000][9][gc,heap     ] GC(0) Survivor regions: 0->1(1)
[2022-04-22T08:44:43.078+0000][9][gc,heap     ] GC(0) Old regions: 0->1
[2022-04-22T08:44:43.079+0000][9][gc,heap     ] GC(0) Archive regions: 2->2
[2022-04-22T08:44:43.080+0000][9][gc,heap     ] GC(0) Humongous regions: 0->0
[2022-04-22T08:44:43.080+0000][9][gc,metaspace] GC(0) Metaspace: 8875K(9088K)->8875K(9088K) NonClass: 7816K(7936K)->7816K(7936K) Class: 1059K(1152K)->1059K(1152K)
[2022-04-22T08:44:43.081+0000][9][gc          ] GC(0) Pause Young (Normal) (G1 Evacuation Pause) 27M->8M(512M) 14.900ms
[2022-04-22T08:44:43.082+0000][9][gc,cpu      ] GC(0) User=0.01s Sys=0.00s Real=0.01s
[2022-04-22T08:44:43.082+0000][9][safepoint   ] Safepoint "G1CollectForAllocation", Time since last: 52068458 ns, Reaching safepoint: 143000 ns, At safepoint: 16580000 ns, Total: 16723000 ns
[2022-04-22T08:44:43.205+0000][9][safepoint   ] Safepoint "ICBufferFull", Time since last: 122689542 ns, Reaching safepoint: 104042 ns, At safepoint: 2375 ns, Total: 106417 ns
[2022-04-22T08:44:43.374+0000][9][gc,start    ] GC(1) Pause Young (Normal) (G1 Evacuation Pause)
[2022-04-22T08:44:43.376+0000][9][gc,task     ] GC(1) Using 5 workers of 5 for evacuation
[2022-04-22T08:44:43.377+0000][9][gc,age      ] GC(1) Desired survivor size 2097152 bytes, new threshold 1 (max threshold 15)
[2022-04-22T08:44:43.383+0000][9][gc,age      ] GC(1) Age table with threshold 1 (max threshold 15)
[2022-04-22T08:44:43.384+0000][9][gc,age      ] GC(1) - age   1:    2032056 bytes,    2032056 total
[2022-04-22T08:44:43.384+0000][9][gc,phases   ] GC(1)   Pre Evacuate Collection Set: 0.1ms
[2022-04-22T08:44:43.387+0000][9][gc,phases   ] GC(1)   Merge Heap Roots: 0.0ms
[2022-04-22T08:44:43.388+0000][9][gc,phases   ] GC(1)   Evacuate Collection Set: 4.0ms
[2022-04-22T08:44:43.390+0000][9][gc,phases   ] GC(1)   Post Evacuate Collection Set: 1.0ms
[2022-04-22T08:44:43.391+0000][9][gc,phases   ] GC(1)   Other: 5.1ms
[2022-04-22T08:44:43.392+0000][9][gc,heap     ] GC(1) Eden regions: 5->0(7)
[2022-04-22T08:44:43.393+0000][9][gc,heap     ] GC(1) Survivor regions: 1->1(1)
[2022-04-22T08:44:43.394+0000][9][gc,heap     ] GC(1) Old regions: 1->2
[2022-04-22T08:44:43.395+0000][9][gc,heap     ] GC(1) Archive regions: 2->2
[2022-04-22T08:44:43.396+0000][9][gc,heap     ] GC(1) Humongous regions: 0->0
[2022-04-22T08:44:43.396+0000][9][gc,metaspace] GC(1) Metaspace: 12509K(12672K)->12509K(12672K) NonClass: 10978K(11072K)->10978K(11072K) Class: 1531K(1600K)->1531K(1600K)
[2022-04-22T08:44:43.398+0000][9][gc          ] GC(1) Pause Young (Normal) (G1 Evacuation Pause) 28M->10M(512M) 23.413ms
[2022-04-22T08:44:43.399+0000][9][gc,cpu      ] GC(1) User=0.00s Sys=0.00s Real=0.02s
[2022-04-22T08:44:43.399+0000][9][safepoint   ] Safepoint "G1CollectForAllocation", Time since last: 168910291 ns, Reaching safepoint: 76625 ns, At safepoint: 24757375 ns, Total: 24834000 ns
[2022-04-22T08:44:43.600+0000][9][gc,start    ] GC(2) Pause Young (Normal) (G1 Evacuation Pause)
[2022-04-22T08:44:43.601+0000][9][gc,task     ] GC(2) Using 5 workers of 5 for evacuation
[2022-04-22T08:44:43.602+0000][9][gc,age      ] GC(2) Desired survivor size 2097152 bytes, new threshold 15 (max threshold 15)
[2022-04-22T08:44:43.606+0000][9][gc,age      ] GC(2) Age table with threshold 15 (max threshold 15)
[2022-04-22T08:44:43.607+0000][9][gc,age      ] GC(2) - age   1:     915096 bytes,     915096 total
[2022-04-22T08:44:43.608+0000][9][gc,age      ] GC(2) - age   2:    1974408 bytes,    2889504 total
[2022-04-22T08:44:43.609+0000][9][gc,phases   ] GC(2)   Pre Evacuate Collection Set: 0.1ms
[2022-04-22T08:44:43.610+0000][9][gc,phases   ] GC(2)   Merge Heap Roots: 0.1ms
[2022-04-22T08:44:43.611+0000][9][gc,phases   ] GC(2)   Evacuate Collection Set: 1.9ms
[2022-04-22T08:44:43.612+0000][9][gc,phases   ] GC(2)   Post Evacuate Collection Set: 0.8ms
[2022-04-22T08:44:43.612+0000][9][gc,phases   ] GC(2)   Other: 6.7ms
[2022-04-22T08:44:43.613+0000][9][gc,heap     ] GC(2) Eden regions: 7->0(35)
[2022-04-22T08:44:43.614+0000][9][gc,heap     ] GC(2) Survivor regions: 1->1(1)
[2022-04-22T08:44:43.614+0000][9][gc,heap     ] GC(2) Old regions: 2->2
[2022-04-22T08:44:43.615+0000][9][gc,heap     ] GC(2) Archive regions: 2->2
[2022-04-22T08:44:43.616+0000][9][gc,heap     ] GC(2) Humongous regions: 0->0
[2022-04-22T08:44:43.618+0000][9][gc,metaspace] GC(2) Metaspace: 14641K(14848K)->14641K(14848K) NonClass: 12901K(12992K)->12901K(12992K) Class: 1739K(1856K)->1739K(1856K)
[2022-04-22T08:44:43.619+0000][9][gc          ] GC(2) Pause Young (Normal) (G1 Evacuation Pause) 38M->10M(512M) 18.927ms
[2022-04-22T08:44:43.619+0000][9][gc,cpu      ] GC(2) User=0.00s Sys=0.00s Real=0.02s
[2022-04-22T08:44:43.620+0000][9][safepoint   ] Safepoint "G1CollectForAllocation", Time since last: 200492292 ns, Reaching safepoint: 146667 ns, At safepoint: 20358250 ns, Total: 20504917 ns
[2022-04-22T08:44:43.803+0000][9][safepoint   ] Safepoint "ICBufferFull", Time since last: 182502083 ns, Reaching safepoint: 144667 ns, At safepoint: 4542 ns, Total: 149209 ns
[2022-04-22T08:44:43.830+0000][9][safepoint   ] Safepoint "ICBufferFull", Time since last: 27276500 ns, Reaching safepoint: 132000 ns, At safepoint: 3916 ns, Total: 135916 ns
[2022-04-22T08:44:43.837+0000][9][safepoint   ] Safepoint "ICBufferFull", Time since last: 7283417 ns, Reaching safepoint: 28958 ns, At safepoint: 1292 ns, Total: 30250 ns
[2022-04-22T08:44:43.839+0000][9][safepoint   ] Safepoint "ICBufferFull", Time since last: 1717667 ns, Reaching safepoint: 17708 ns, At safepoint: 1875 ns, Total: 19583 ns
[2022-04-22T08:44:43.840+0000][9][safepoint   ] Safepoint "ICBufferFull", Time since last: 803042 ns, Reaching safepoint: 117958 ns, At safepoint: 2042 ns, Total: 120000 ns
[2022-04-22T08:44:43.842+0000][9][safepoint   ] Safepoint "ICBufferFull", Time since last: 1541875 ns, Reaching safepoint: 24791 ns, At safepoint: 1375 ns, Total: 26166 ns
[2022-04-22T08:44:43.843+0000][9][safepoint   ] Safepoint "ICBufferFull", Time since last: 1375709 ns, Reaching safepoint: 54916 ns, At safepoint: 18084 ns, Total: 73000 ns
[2022-04-22T08:44:43.844+0000][9][safepoint   ] Safepoint "ICBufferFull", Time since last: 1086916 ns, Reaching safepoint: 50584 ns, At safepoint: 2625 ns, Total: 53209 ns
[2022-04-22T08:44:43.845+0000][9][safepoint   ] Safepoint "ICBufferFull", Time since last: 856833 ns, Reaching safepoint: 27708 ns, At safepoint: 1209 ns, Total: 28917 ns
[2022-04-22T08:44:43.846+0000][9][safepoint   ] Safepoint "ICBufferFull", Time since last: 885125 ns, Reaching safepoint: 19291 ns, At safepoint: 875 ns, Total: 20166 ns
[2022-04-22T08:44:43.847+0000][9][safepoint   ] Safepoint "ICBufferFull", Time since last: 738792 ns, Reaching safepoint: 20750 ns, At safepoint: 1000 ns, Total: 21750 ns
[2022-04-22T08:44:43.848+0000][9][safepoint   ] Safepoint "ICBufferFull", Time since last: 1076292 ns, Reaching safepoint: 29041 ns, At safepoint: 1042 ns, Total: 30083 ns
[2022-04-22T08:44:43.924+0000][9][gc,start    ] GC(3) Pause Young (Normal) (G1 Evacuation Pause)
[2022-04-22T08:44:43.925+0000][9][gc,task     ] GC(3) Using 5 workers of 5 for evacuation
[2022-04-22T08:44:43.926+0000][9][gc,age      ] GC(3) Desired survivor size 10485760 bytes, new threshold 15 (max threshold 15)
[2022-04-22T08:44:43.932+0000][9][gc,age      ] GC(3) Age table with threshold 15 (max threshold 15)
[2022-04-22T08:44:43.933+0000][9][gc,age      ] GC(3) - age   1:    3553728 bytes,    3553728 total
[2022-04-22T08:44:43.934+0000][9][gc,age      ] GC(3) - age   2:     840928 bytes,    4394656 total
[2022-04-22T08:44:43.935+0000][9][gc,age      ] GC(3) - age   3:    1972072 bytes,    6366728 total
[2022-04-22T08:44:43.936+0000][9][gc,phases   ] GC(3)   Pre Evacuate Collection Set: 0.0ms
[2022-04-22T08:44:43.936+0000][9][gc,phases   ] GC(3)   Merge Heap Roots: 0.1ms
[2022-04-22T08:44:43.937+0000][9][gc,phases   ] GC(3)   Evacuate Collection Set: 4.1ms
[2022-04-22T08:44:43.938+0000][9][gc,phases   ] GC(3)   Post Evacuate Collection Set: 0.3ms
[2022-04-22T08:44:43.939+0000][9][gc,phases   ] GC(3)   Other: 7.3ms
[2022-04-22T08:44:43.939+0000][9][gc,heap     ] GC(3) Eden regions: 35->0(74)
[2022-04-22T08:44:43.940+0000][9][gc,heap     ] GC(3) Survivor regions: 1->2(5)
[2022-04-22T08:44:43.941+0000][9][gc,heap     ] GC(3) Old regions: 2->2
[2022-04-22T08:44:43.941+0000][9][gc,heap     ] GC(3) Archive regions: 2->2
[2022-04-22T08:44:43.942+0000][9][gc,heap     ] GC(3) Humongous regions: 0->0
[2022-04-22T08:44:43.942+0000][9][gc,metaspace] GC(3) Metaspace: 17378K(17728K)->17378K(17728K) NonClass: 15325K(15488K)->15325K(15488K) Class: 2052K(2240K)->2052K(2240K)
[2022-04-22T08:44:43.943+0000][9][gc          ] GC(3) Pause Young (Normal) (G1 Evacuation Pause) 150M->14M(512M) 19.039ms
[2022-04-22T08:44:43.944+0000][9][gc,cpu      ] GC(3) User=0.01s Sys=0.01s Real=0.02s
[2022-04-22T08:44:43.944+0000][9][safepoint   ] Safepoint "G1CollectForAllocation", Time since last: 76004833 ns, Reaching safepoint: 112125 ns, At safepoint: 20161417 ns, Total: 20273542 ns
[2022-04-22T08:44:44.182+0000][9][safepoint   ] Safepoint "ICBufferFull", Time since last: 237403417 ns, Reaching safepoint: 101083 ns, At safepoint: 1458 ns, Total: 102541 ns
[2022-04-22T08:44:44.240+0000][9][gc,start    ] GC(4) Pause Young (Normal) (G1 Evacuation Pause)
[2022-04-22T08:44:44.241+0000][9][gc,task     ] GC(4) Using 5 workers of 5 for evacuation
[2022-04-22T08:44:44.242+0000][9][gc,age      ] GC(4) Desired survivor size 20971520 bytes, new threshold 15 (max threshold 15)
[2022-04-22T08:44:44.248+0000][9][gc,age      ] GC(4) Age table with threshold 15 (max threshold 15)
[2022-04-22T08:44:44.249+0000][9][gc,age      ] GC(4) - age   1:    3993200 bytes,    3993200 total
[2022-04-22T08:44:44.250+0000][9][gc,age      ] GC(4) - age   2:    3480280 bytes,    7473480 total
[2022-04-22T08:44:44.251+0000][9][gc,age      ] GC(4) - age   3:     840728 bytes,    8314208 total
[2022-04-22T08:44:44.252+0000][9][gc,age      ] GC(4) - age   4:    1971864 bytes,   10286072 total
[2022-04-22T08:44:44.253+0000][9][gc,phases   ] GC(4)   Pre Evacuate Collection Set: 0.3ms
[2022-04-22T08:44:44.254+0000][9][gc,phases   ] GC(4)   Merge Heap Roots: 0.1ms
[2022-04-22T08:44:44.254+0000][9][gc,phases   ] GC(4)   Evacuate Collection Set: 3.9ms
[2022-04-22T08:44:44.255+0000][9][gc,phases   ] GC(4)   Post Evacuate Collection Set: 0.6ms
[2022-04-22T08:44:44.255+0000][9][gc,phases   ] GC(4)   Other: 8.2ms
[2022-04-22T08:44:44.256+0000][9][gc,heap     ] GC(4) Eden regions: 74->0(73)
[2022-04-22T08:44:44.257+0000][9][gc,heap     ] GC(4) Survivor regions: 2->3(10)
[2022-04-22T08:44:44.257+0000][9][gc,heap     ] GC(4) Old regions: 2->2
[2022-04-22T08:44:44.258+0000][9][gc,heap     ] GC(4) Archive regions: 2->2
[2022-04-22T08:44:44.258+0000][9][gc,heap     ] GC(4) Humongous regions: 0->0
[2022-04-22T08:44:44.259+0000][9][gc,metaspace] GC(4) Metaspace: 18730K(19072K)->18730K(19072K) NonClass: 16456K(16640K)->16456K(16640K) Class: 2274K(2432K)->2274K(2432K)
[2022-04-22T08:44:44.259+0000][9][gc          ] GC(4) Pause Young (Normal) (G1 Evacuation Pause) 310M->18M(512M) 19.641ms
[2022-04-22T08:44:44.260+0000][9][gc,cpu      ] GC(4) User=0.02s Sys=0.00s Real=0.02s
[2022-04-22T08:44:44.261+0000][9][safepoint   ] Safepoint "G1CollectForAllocation", Time since last: 57886542 ns, Reaching safepoint: 65833 ns, At safepoint: 20942459 ns, Total: 21008292 ns
[2022-04-22T08:44:44.493+0000][9][gc,start    ] GC(5) Pause Young (Normal) (G1 Evacuation Pause)
[2022-04-22T08:44:44.494+0000][9][gc,task     ] GC(5) Using 5 workers of 5 for evacuation
[2022-04-22T08:44:44.495+0000][9][gc,age      ] GC(5) Desired survivor size 20971520 bytes, new threshold 15 (max threshold 15)
[2022-04-22T08:44:44.501+0000][9][gc,age      ] GC(5) Age table with threshold 15 (max threshold 15)
[2022-04-22T08:44:44.502+0000][9][gc,age      ] GC(5) - age   1:    1462312 bytes,    1462312 total
[2022-04-22T08:44:44.502+0000][9][gc,age      ] GC(5) - age   2:    3980640 bytes,    5442952 total
[2022-04-22T08:44:44.503+0000][9][gc,age      ] GC(5) - age   3:    3479728 bytes,    8922680 total
[2022-04-22T08:44:44.504+0000][9][gc,age      ] GC(5) - age   4:     840456 bytes,    9763136 total
[2022-04-22T08:44:44.505+0000][9][gc,age      ] GC(5) - age   5:    1971800 bytes,   11734936 total
[2022-04-22T08:44:44.506+0000][9][gc,phases   ] GC(5)   Pre Evacuate Collection Set: 0.1ms
[2022-04-22T08:44:44.507+0000][9][gc,phases   ] GC(5)   Merge Heap Roots: 0.3ms
[2022-04-22T08:44:44.507+0000][9][gc,phases   ] GC(5)   Evacuate Collection Set: 3.4ms
[2022-04-22T08:44:44.508+0000][9][gc,phases   ] GC(5)   Post Evacuate Collection Set: 0.7ms
[2022-04-22T08:44:44.508+0000][9][gc,phases   ] GC(5)   Other: 8.3ms
[2022-04-22T08:44:44.509+0000][9][gc,heap     ] GC(5) Eden regions: 73->0(73)
[2022-04-22T08:44:44.510+0000][9][gc,heap     ] GC(5) Survivor regions: 3->3(10)
[2022-04-22T08:44:44.510+0000][9][gc,heap     ] GC(5) Old regions: 2->2
[2022-04-22T08:44:44.511+0000][9][gc,heap     ] GC(5) Archive regions: 2->2
[2022-04-22T08:44:44.512+0000][9][gc,heap     ] GC(5) Humongous regions: 0->0
[2022-04-22T08:44:44.513+0000][9][gc,metaspace] GC(5) Metaspace: 19645K(20160K)->19645K(20160K) NonClass: 17231K(17536K)->17231K(17536K) Class: 2413K(2624K)->2413K(2624K)
[2022-04-22T08:44:44.515+0000][9][gc          ] GC(5) Pause Young (Normal) (G1 Evacuation Pause) 310M->19M(512M) 21.454ms
[2022-04-22T08:44:44.515+0000][9][gc,cpu      ] GC(5) User=0.04s Sys=0.00s Real=0.02s
[2022-04-22T08:44:44.516+0000][9][safepoint   ] Safepoint "G1CollectForAllocation", Time since last: 232355917 ns, Reaching safepoint: 160708 ns, At safepoint: 22524625 ns, Total: 22685333 ns
[2022-04-22T08:44:44.741+0000][9][gc,start    ] GC(6) Pause Young (Normal) (G1 Evacuation Pause)
[2022-04-22T08:44:44.742+0000][9][gc,task     ] GC(6) Using 5 workers of 5 for evacuation
[2022-04-22T08:44:44.743+0000][9][gc,age      ] GC(6) Desired survivor size 20971520 bytes, new threshold 15 (max threshold 15)
[2022-04-22T08:44:44.748+0000][9][gc,age      ] GC(6) Age table with threshold 15 (max threshold 15)
[2022-04-22T08:44:44.749+0000][9][gc,age      ] GC(6) - age   1:    3474128 bytes,    3474128 total
[2022-04-22T08:44:44.750+0000][9][gc,age      ] GC(6) - age   2:    1233544 bytes,    4707672 total
[2022-04-22T08:44:44.751+0000][9][gc,age      ] GC(6) - age   3:    3976520 bytes,    8684192 total
[2022-04-22T08:44:44.752+0000][9][gc,age      ] GC(6) - age   4:    3477328 bytes,   12161520 total
[2022-04-22T08:44:44.753+0000][9][gc,age      ] GC(6) - age   5:     839776 bytes,   13001296 total
[2022-04-22T08:44:44.753+0000][9][gc,age      ] GC(6) - age   6:    1971464 bytes,   14972760 total
[2022-04-22T08:44:44.754+0000][9][gc,phases   ] GC(6)   Pre Evacuate Collection Set: 0.0ms
[2022-04-22T08:44:44.755+0000][9][gc,phases   ] GC(6)   Merge Heap Roots: 0.1ms
[2022-04-22T08:44:44.756+0000][9][gc,phases   ] GC(6)   Evacuate Collection Set: 3.3ms
[2022-04-22T08:44:44.756+0000][9][gc,phases   ] GC(6)   Post Evacuate Collection Set: 0.9ms
[2022-04-22T08:44:44.757+0000][9][gc,phases   ] GC(6)   Other: 8.9ms
[2022-04-22T08:44:44.758+0000][9][gc,heap     ] GC(6) Eden regions: 73->0(72)
[2022-04-22T08:44:44.759+0000][9][gc,heap     ] GC(6) Survivor regions: 3->4(10)
[2022-04-22T08:44:44.759+0000][9][gc,heap     ] GC(6) Old regions: 2->2
[2022-04-22T08:44:44.760+0000][9][gc,heap     ] GC(6) Archive regions: 2->2
[2022-04-22T08:44:44.761+0000][9][gc,heap     ] GC(6) Humongous regions: 0->0
[2022-04-22T08:44:44.762+0000][9][gc,metaspace] GC(6) Metaspace: 20816K(21312K)->20816K(21312K) NonClass: 18246K(18560K)->18246K(18560K) Class: 2570K(2752K)->2570K(2752K)
[2022-04-22T08:44:44.762+0000][9][gc          ] GC(6) Pause Young (Normal) (G1 Evacuation Pause) 311M->22M(512M) 21.748ms
[2022-04-22T08:44:44.764+0000][9][gc,cpu      ] GC(6) User=0.01s Sys=0.00s Real=0.03s
[2022-04-22T08:44:44.764+0000][9][safepoint   ] Safepoint "G1CollectForAllocation", Time since last: 224968125 ns, Reaching safepoint: 146583 ns, At safepoint: 23399959 ns, Total: 23546542 ns
[2022-04-22T08:44:44.915+0000][9][gc,start    ] GC(7) Pause Young (Concurrent Start) (Metadata GC Threshold)
[2022-04-22T08:44:44.916+0000][9][gc,task     ] GC(7) Using 5 workers of 5 for evacuation
[2022-04-22T08:44:44.917+0000][9][gc,age      ] GC(7) Desired survivor size 20971520 bytes, new threshold 15 (max threshold 15)
[2022-04-22T08:44:44.922+0000][9][gc,age      ] GC(7) Age table with threshold 15 (max threshold 15)
[2022-04-22T08:44:44.923+0000][9][gc,age      ] GC(7) - age   1:     753392 bytes,     753392 total
[2022-04-22T08:44:44.925+0000][9][gc,age      ] GC(7) - age   2:    2167672 bytes,    2921064 total
[2022-04-22T08:44:44.925+0000][9][gc,age      ] GC(7) - age   3:    1233328 bytes,    4154392 total
[2022-04-22T08:44:44.926+0000][9][gc,age      ] GC(7) - age   4:    3976280 bytes,    8130672 total
[2022-04-22T08:44:44.927+0000][9][gc,age      ] GC(7) - age   5:    3477248 bytes,   11607920 total
[2022-04-22T08:44:44.927+0000][9][gc,age      ] GC(7) - age   6:     839776 bytes,   12447696 total
[2022-04-22T08:44:44.928+0000][9][gc,age      ] GC(7) - age   7:    1971464 bytes,   14419160 total
[2022-04-22T08:44:44.928+0000][9][gc,phases   ] GC(7)   Pre Evacuate Collection Set: 0.2ms
[2022-04-22T08:44:44.929+0000][9][gc,phases   ] GC(7)   Merge Heap Roots: 0.2ms
[2022-04-22T08:44:44.931+0000][9][gc,phases   ] GC(7)   Evacuate Collection Set: 3.0ms
[2022-04-22T08:44:44.932+0000][9][gc,phases   ] GC(7)   Post Evacuate Collection Set: 0.8ms
[2022-04-22T08:44:44.932+0000][9][gc,phases   ] GC(7)   Other: 9.3ms
[2022-04-22T08:44:44.933+0000][9][gc,heap     ] GC(7) Eden regions: 54->0(72)
[2022-04-22T08:44:44.933+0000][9][gc,heap     ] GC(7) Survivor regions: 4->4(10)
[2022-04-22T08:44:44.934+0000][9][gc,heap     ] GC(7) Old regions: 2->2
[2022-04-22T08:44:44.935+0000][9][gc,heap     ] GC(7) Archive regions: 2->2
[2022-04-22T08:44:44.935+0000][9][gc,heap     ] GC(7) Humongous regions: 0->0
[2022-04-22T08:44:44.936+0000][9][gc,metaspace] GC(7) Metaspace: 20935K(21504K)->20935K(21504K) NonClass: 18339K(18688K)->18339K(18688K) Class: 2595K(2816K)->2595K(2816K)
[2022-04-22T08:44:44.937+0000][9][gc          ] GC(7) Pause Young (Concurrent Start) (Metadata GC Threshold) 238M->22M(512M) 21.954ms
[2022-04-22T08:44:44.938+0000][9][gc,cpu      ] GC(7) User=0.01s Sys=0.01s Real=0.02s
[2022-04-22T08:44:44.939+0000][9][safepoint   ] Safepoint "CollectForMetadataAllocation", Time since last: 150784708 ns, Reaching safepoint: 138750 ns, At safepoint: 23871917 ns, Total: 24010667 ns
[2022-04-22T08:44:44.939+0000][9][gc          ] GC(8) Concurrent Mark Cycle
[2022-04-22T08:44:44.940+0000][9][gc,marking  ] GC(8) Concurrent Clear Claimed Marks
[2022-04-22T08:44:44.940+0000][9][safepoint   ] Safepoint "CollectForMetadataAllocation", Time since last: 851958 ns, Reaching safepoint: 379375 ns, At safepoint: 2792 ns, Total: 382167 ns
[2022-04-22T08:44:44.941+0000][9][gc,marking  ] GC(8) Concurrent Clear Claimed Marks 0.614ms
[2022-04-22T08:44:44.943+0000][9][gc,marking  ] GC(8) Concurrent Scan Root Regions
[2022-04-22T08:44:44.947+0000][9][gc,marking  ] GC(8) Concurrent Scan Root Regions 4.263ms
[2022-04-22T08:44:44.948+0000][9][gc,marking  ] GC(8) Concurrent Mark
[2022-04-22T08:44:44.948+0000][9][gc,marking  ] GC(8) Concurrent Mark From Roots
[2022-04-22T08:44:44.950+0000][9][gc,task     ] GC(8) Using 1 workers of 1 for marking
[2022-04-22T08:44:44.953+0000][9][gc,marking  ] GC(8) Concurrent Mark From Roots 4.906ms
[2022-04-22T08:44:44.954+0000][9][gc,marking  ] GC(8) Concurrent Preclean
[2022-04-22T08:44:44.955+0000][9][gc,marking  ] GC(8) Concurrent Preclean 0.943ms
[2022-04-22T08:44:44.957+0000][9][gc,start    ] GC(8) Pause Remark
[2022-04-22T08:44:44.960+0000][9][gc          ] GC(8) Pause Remark 26M->26M(512M) 3.241ms
[2022-04-22T08:44:44.961+0000][9][gc,cpu      ] GC(8) User=0.01s Sys=0.00s Real=0.00s
[2022-04-22T08:44:44.962+0000][9][safepoint   ] Safepoint "G1Concurrent", Time since last: 16409875 ns, Reaching safepoint: 451250 ns, At safepoint: 5493416 ns, Total: 5944666 ns
[2022-04-22T08:44:44.963+0000][9][gc,marking  ] GC(8) Concurrent Mark 15.405ms
[2022-04-22T08:44:44.964+0000][9][gc,marking  ] GC(8) Concurrent Rebuild Remembered Sets
[2022-04-22T08:44:44.967+0000][9][gc,marking  ] GC(8) Concurrent Rebuild Remembered Sets 2.764ms
[2022-04-22T08:44:44.968+0000][9][gc,start    ] GC(8) Pause Cleanup
[2022-04-22T08:44:44.969+0000][9][gc          ] GC(8) Pause Cleanup 26M->26M(512M) 1.223ms
[2022-04-22T08:44:44.970+0000][9][gc,cpu      ] GC(8) User=0.00s Sys=0.00s Real=0.00s
[2022-04-22T08:44:44.971+0000][9][safepoint   ] Safepoint "G1Concurrent", Time since last: 5306125 ns, Reaching safepoint: 493334 ns, At safepoint: 2721750 ns, Total: 3215084 ns
[2022-04-22T08:44:44.972+0000][9][gc,marking  ] GC(8) Concurrent Cleanup for Next Mark
[2022-04-22T08:44:44.974+0000][9][gc,marking  ] GC(8) Concurrent Cleanup for Next Mark 1.940ms
[2022-04-22T08:44:44.975+0000][9][gc          ] GC(8) Concurrent Mark Cycle 35.841ms
[2022-04-22T08:44:45.442+0000][9][safepoint   ] Safepoint "ICBufferFull", Time since last: 470723542 ns, Reaching safepoint: 146916 ns, At safepoint: 4375 ns, Total: 151291 ns
[2022-04-22T08:44:45.518+0000][9][safepoint   ] Safepoint "ICBufferFull", Time since last: 76314125 ns, Reaching safepoint: 215834 ns, At safepoint: 2916 ns, Total: 218750 ns
[2022-04-22T08:44:45.520+0000][9][safepoint   ] Safepoint "ICBufferFull", Time since last: 1459209 ns, Reaching safepoint: 99750 ns, At safepoint: 61750 ns, Total: 161500 ns
[2022-04-22T08:44:45.522+0000][9][safepoint   ] Safepoint "ICBufferFull", Time since last: 2157375 ns, Reaching safepoint: 253291 ns, At safepoint: 3209 ns, Total: 256500 ns
[2022-04-22T08:44:45.524+0000][9][safepoint   ] Safepoint "ICBufferFull", Time since last: 1149333 ns, Reaching safepoint: 137542 ns, At safepoint: 3208 ns, Total: 140750 ns
[2022-04-22T08:44:45.526+0000][9][safepoint   ] Safepoint "ICBufferFull", Time since last: 1727375 ns, Reaching safepoint: 69375 ns, At safepoint: 2833 ns, Total: 72208 ns
[2022-04-22T08:44:45.527+0000][9][safepoint   ] Safepoint "ICBufferFull", Time since last: 1540792 ns, Reaching safepoint: 155125 ns, At safepoint: 2708 ns, Total: 157833 ns
[2022-04-22T08:44:45.529+0000][9][safepoint   ] Safepoint "ICBufferFull", Time since last: 1032459 ns, Reaching safepoint: 274166 ns, At safepoint: 3625 ns, Total: 277791 ns
[2022-04-22T08:44:45.538+0000][9][safepoint   ] Safepoint "ICBufferFull", Time since last: 9785792 ns, Reaching safepoint: 182833 ns, At safepoint: 3084 ns, Total: 185917 ns
[2022-04-22T08:44:45.540+0000][9][safepoint   ] Safepoint "ICBufferFull", Time since last: 1277416 ns, Reaching safepoint: 198959 ns, At safepoint: 2875 ns, Total: 201834 ns
[2022-04-22T08:44:45.541+0000][9][safepoint   ] Safepoint "ICBufferFull", Time since last: 1043208 ns, Reaching safepoint: 81583 ns, At safepoint: 2917 ns, Total: 84500 ns
[2022-04-22T08:44:45.542+0000][9][safepoint   ] Safepoint "ICBufferFull", Time since last: 853333 ns, Reaching safepoint: 123292 ns, At safepoint: 2458 ns, Total: 125750 ns
[2022-04-22T08:44:45.557+0000][9][safepoint   ] Safepoint "ICBufferFull", Time since last: 14517084 ns, Reaching safepoint: 79125 ns, At safepoint: 9333 ns, Total: 88458 ns
[2022-04-22T08:44:45.562+0000][9][safepoint   ] Safepoint "ICBufferFull", Time since last: 4736750 ns, Reaching safepoint: 145083 ns, At safepoint: 43292 ns, Total: 188375 ns
[2022-04-22T08:44:45.563+0000][9][safepoint   ] Safepoint "ICBufferFull", Time since last: 1293583 ns, Reaching safepoint: 61459 ns, At safepoint: 8125 ns, Total: 69584 ns
[2022-04-22T08:44:45.564+0000][9][safepoint   ] Safepoint "ICBufferFull", Time since last: 1074916 ns, Reaching safepoint: 235417 ns, At safepoint: 11917 ns, Total: 247334 ns
[2022-04-22T08:44:45.568+0000][9][safepoint   ] Safepoint "ICBufferFull", Time since last: 3373958 ns, Reaching safepoint: 32042 ns, At safepoint: 1333 ns, Total: 33375 ns
[2022-04-22T08:44:45.573+0000][9][safepoint   ] Safepoint "ICBufferFull", Time since last: 5416125 ns, Reaching safepoint: 29750 ns, At safepoint: 2500 ns, Total: 32250 ns
[2022-04-22T08:44:45.656+0000][9][safepoint   ] Safepoint "ICBufferFull", Time since last: 82804125 ns, Reaching safepoint: 134042 ns, At safepoint: 9625 ns, Total: 143667 ns
[2022-04-22T08:44:45.820+0000][9][safepoint   ] Safepoint "ICBufferFull", Time since last: 163472875 ns, Reaching safepoint: 145958 ns, At safepoint: 8167 ns, Total: 154125 ns
[2022-04-22T08:44:46.138+0000][9][safepoint   ] Safepoint "ICBufferFull", Time since last: 318199375 ns, Reaching safepoint: 152000 ns, At safepoint: 3042 ns, Total: 155042 ns
[2022-04-22T08:44:46.298+0000][9][safepoint   ] Safepoint "ICBufferFull", Time since last: 159355500 ns, Reaching safepoint: 144583 ns, At safepoint: 3292 ns, Total: 147875 ns
[2022-04-22T08:44:46.429+0000][9][gc,start    ] GC(9) Pause Young (Concurrent Start) (Metadata GC Threshold)
[2022-04-22T08:44:46.430+0000][9][gc,task     ] GC(9) Using 5 workers of 5 for evacuation
[2022-04-22T08:44:46.431+0000][9][gc,age      ] GC(9) Desired survivor size 20971520 bytes, new threshold 15 (max threshold 15)
[2022-04-22T08:44:46.449+0000][9][gc,age      ] GC(9) Age table with threshold 15 (max threshold 15)
[2022-04-22T08:44:46.451+0000][9][gc,age      ] GC(9) - age   1:   27325080 bytes,   27325080 total
[2022-04-22T08:44:46.452+0000][9][gc,age      ] GC(9) - age   2:     730288 bytes,   28055368 total
[2022-04-22T08:44:46.453+0000][9][gc,age      ] GC(9) - age   3:    2133376 bytes,   30188744 total
[2022-04-22T08:44:46.454+0000][9][gc,age      ] GC(9) - age   4:    1217304 bytes,   31406048 total
[2022-04-22T08:44:46.455+0000][9][gc,age      ] GC(9) - age   5:    3948936 bytes,   35354984 total
[2022-04-22T08:44:46.456+0000][9][gc,age      ] GC(9) - age   6:    3384816 bytes,   38739800 total
[2022-04-22T08:44:46.457+0000][9][gc,age      ] GC(9) - age   7:     807560 bytes,   39547360 total
[2022-04-22T08:44:46.458+0000][9][gc,age      ] GC(9) - age   8:    1963840 bytes,   41511200 total
[2022-04-22T08:44:46.458+0000][9][gc,phases   ] GC(9)   Pre Evacuate Collection Set: 0.2ms
[2022-04-22T08:44:46.459+0000][9][gc,phases   ] GC(9)   Merge Heap Roots: 0.2ms
[2022-04-22T08:44:46.459+0000][9][gc,phases   ] GC(9)   Evacuate Collection Set: 15.4ms
[2022-04-22T08:44:46.460+0000][9][gc,phases   ] GC(9)   Post Evacuate Collection Set: 1.2ms
[2022-04-22T08:44:46.462+0000][9][gc,phases   ] GC(9)   Other: 12.5ms
[2022-04-22T08:44:46.462+0000][9][gc,heap     ] GC(9) Eden regions: 71->0(66)
[2022-04-22T08:44:46.463+0000][9][gc,heap     ] GC(9) Survivor regions: 4->10(10)
[2022-04-22T08:44:46.464+0000][9][gc,heap     ] GC(9) Old regions: 2->2
[2022-04-22T08:44:46.465+0000][9][gc,heap     ] GC(9) Archive regions: 2->2
[2022-04-22T08:44:46.465+0000][9][gc,heap     ] GC(9) Humongous regions: 0->0
[2022-04-22T08:44:46.466+0000][9][gc,metaspace] GC(9) Metaspace: 35227K(36096K)->35227K(36096K) NonClass: 30563K(31104K)->30563K(31104K) Class: 4664K(4992K)->4664K(4992K)
[2022-04-22T08:44:46.467+0000][9][gc          ] GC(9) Pause Young (Concurrent Start) (Metadata GC Threshold) 304M->48M(512M) 37.925ms
[2022-04-22T08:44:46.467+0000][9][gc,cpu      ] GC(9) User=0.06s Sys=0.00s Real=0.04s
[2022-04-22T08:44:46.468+0000][9][gc          ] GC(10) Concurrent Mark Cycle
[2022-04-22T08:44:46.470+0000][9][gc,marking  ] GC(10) Concurrent Clear Claimed Marks
[2022-04-22T08:44:46.468+0000][9][safepoint   ] Safepoint "CollectForMetadataAllocation", Time since last: 130976333 ns, Reaching safepoint: 161792 ns, At safepoint: 39500500 ns, Total: 39662292 ns
[2022-04-22T08:44:46.470+0000][9][gc,marking  ] GC(10) Concurrent Clear Claimed Marks 0.849ms
[2022-04-22T08:44:46.473+0000][9][gc,marking  ] GC(10) Concurrent Scan Root Regions
[2022-04-22T08:44:46.482+0000][9][safepoint   ] Safepoint "CollectForMetadataAllocation", Time since last: 13322125 ns, Reaching safepoint: 34125 ns, At safepoint: 31417 ns, Total: 65542 ns
[2022-04-22T08:44:46.489+0000][9][gc,marking  ] GC(10) Concurrent Scan Root Regions 16.305ms
[2022-04-22T08:44:46.490+0000][9][gc,marking  ] GC(10) Concurrent Mark
[2022-04-22T08:44:46.491+0000][9][gc,marking  ] GC(10) Concurrent Mark From Roots
[2022-04-22T08:44:46.492+0000][9][gc,task     ] GC(10) Using 1 workers of 1 for marking
[2022-04-22T08:44:46.495+0000][9][safepoint   ] Safepoint "CollectForMetadataAllocation", Time since last: 12447958 ns, Reaching safepoint: 459792 ns, At safepoint: 48166 ns, Total: 507958 ns
[2022-04-22T08:44:46.497+0000][9][gc,marking  ] GC(10) Concurrent Mark From Roots 6.234ms
[2022-04-22T08:44:46.498+0000][9][gc,marking  ] GC(10) Concurrent Preclean
[2022-04-22T08:44:46.499+0000][9][gc,marking  ] GC(10) Concurrent Preclean 0.816ms
[2022-04-22T08:44:46.500+0000][9][gc,start    ] GC(10) Pause Remark
[2022-04-22T08:44:46.503+0000][9][gc          ] GC(10) Pause Remark 52M->52M(512M) 3.079ms
[2022-04-22T08:44:46.504+0000][9][gc,cpu      ] GC(10) User=0.01s Sys=0.00s Real=0.01s
[2022-04-22T08:44:46.504+0000][9][safepoint   ] Safepoint "G1Concurrent", Time since last: 5019167 ns, Reaching safepoint: 164833 ns, At safepoint: 4502084 ns, Total: 4666917 ns
[2022-04-22T08:44:46.506+0000][9][gc,marking  ] GC(10) Concurrent Mark 15.504ms
[2022-04-22T08:44:46.507+0000][9][gc,marking  ] GC(10) Concurrent Rebuild Remembered Sets
[2022-04-22T08:44:46.510+0000][9][gc,marking  ] GC(10) Concurrent Rebuild Remembered Sets 2.919ms
[2022-04-22T08:44:46.511+0000][9][gc,start    ] GC(10) Pause Cleanup
[2022-04-22T08:44:46.512+0000][9][gc          ] GC(10) Pause Cleanup 52M->52M(512M) 0.817ms
[2022-04-22T08:44:46.514+0000][9][gc,cpu      ] GC(10) User=0.01s Sys=0.00s Real=0.01s
[2022-04-22T08:44:46.514+0000][9][safepoint   ] Safepoint "G1Concurrent", Time since last: 6589416 ns, Reaching safepoint: 209542 ns, At safepoint: 3086583 ns, Total: 3296125 ns
[2022-04-22T08:44:46.516+0000][9][gc,marking  ] GC(10) Concurrent Cleanup for Next Mark
[2022-04-22T08:44:46.517+0000][9][gc,marking  ] GC(10) Concurrent Cleanup for Next Mark 0.995ms
[2022-04-22T08:44:46.517+0000][9][gc          ] GC(10) Concurrent Mark Cycle 48.962ms
[2022-04-22T08:44:46.615+0000][9][safepoint   ] Safepoint "ICBufferFull", Time since last: 100999167 ns, Reaching safepoint: 146667 ns, At safepoint: 3375 ns, Total: 150042 ns
[2022-04-22T08:44:46.993+0000][9][safepoint   ] Safepoint "ICBufferFull", Time since last: 377351958 ns, Reaching safepoint: 230500 ns, At safepoint: 15333 ns, Total: 245833 ns
[2022-04-22T08:44:47.145+0000][9][safepoint   ] Safepoint "ICBufferFull", Time since last: 151567542 ns, Reaching safepoint: 192917 ns, At safepoint: 8541 ns, Total: 201458 ns
[2022-04-22T08:44:47.171+0000][9][safepoint   ] Safepoint "ICBufferFull", Time since last: 25904501 ns, Reaching safepoint: 215458 ns, At safepoint: 10750 ns, Total: 226208 ns
[2022-04-22T08:44:47.418+0000][9][gc,start    ] GC(11) Pause Young (Concurrent Start) (G1 Evacuation Pause)
[2022-04-22T08:44:47.420+0000][9][gc,task     ] GC(11) Using 5 workers of 5 for evacuation
[2022-04-22T08:44:47.421+0000][9][gc,age      ] GC(11) Desired survivor size 20971520 bytes, new threshold 1 (max threshold 15)
[2022-04-22T08:44:47.440+0000][9][gc,age      ] GC(11) Age table with threshold 1 (max threshold 15)
[2022-04-22T08:44:47.441+0000][9][gc,age      ] GC(11) - age   1:    6096944 bytes,    6096944 total
[2022-04-22T08:44:47.442+0000][9][gc,phases   ] GC(11)   Pre Evacuate Collection Set: 0.3ms
[2022-04-22T08:44:47.443+0000][9][gc,phases   ] GC(11)   Merge Heap Roots: 0.2ms
[2022-04-22T08:44:47.444+0000][9][gc,phases   ] GC(11)   Evacuate Collection Set: 15.9ms
[2022-04-22T08:44:47.445+0000][9][gc,phases   ] GC(11)   Post Evacuate Collection Set: 1.3ms
[2022-04-22T08:44:47.446+0000][9][gc,phases   ] GC(11)   Other: 6.6ms
[2022-04-22T08:44:47.446+0000][9][gc,heap     ] GC(11) Eden regions: 66->0(74)
[2022-04-22T08:44:47.447+0000][9][gc,heap     ] GC(11) Survivor regions: 10->2(10)
[2022-04-22T08:44:47.448+0000][9][gc,heap     ] GC(11) Old regions: 2->11
[2022-04-22T08:44:47.448+0000][9][gc,heap     ] GC(11) Archive regions: 2->2
[2022-04-22T08:44:47.449+0000][9][gc,heap     ] GC(11) Humongous regions: 0->0
[2022-04-22T08:44:47.449+0000][9][gc,metaspace] GC(11) Metaspace: 52196K(53312K)->52196K(53312K) NonClass: 45108K(45824K)->45108K(45824K) Class: 7088K(7488K)->7088K(7488K)
[2022-04-22T08:44:47.450+0000][9][gc          ] GC(11) Pause Young (Concurrent Start) (G1 Evacuation Pause) 312M->55M(512M) 32.161ms
[2022-04-22T08:44:47.451+0000][9][gc,cpu      ] GC(11) User=0.08s Sys=0.01s Real=0.03s
[2022-04-22T08:44:47.452+0000][9][safepoint   ] Safepoint "G1CollectForAllocation", Time since last: 247061833 ns, Reaching safepoint: 129042 ns, At safepoint: 33695208 ns, Total: 33824250 ns
[2022-04-22T08:44:47.452+0000][9][gc          ] GC(12) Concurrent Mark Cycle
[2022-04-22T08:44:47.453+0000][9][gc,marking  ] GC(12) Concurrent Clear Claimed Marks
[2022-04-22T08:44:47.454+0000][9][gc,marking  ] GC(12) Concurrent Clear Claimed Marks 0.821ms
[2022-04-22T08:44:47.454+0000][9][gc,marking  ] GC(12) Concurrent Scan Root Regions
[2022-04-22T08:44:47.472+0000][9][gc,marking  ] GC(12) Concurrent Scan Root Regions 18.195ms
[2022-04-22T08:44:47.473+0000][9][gc,marking  ] GC(12) Concurrent Mark
[2022-04-22T08:44:47.474+0000][9][gc,marking  ] GC(12) Concurrent Mark From Roots
[2022-04-22T08:44:47.475+0000][9][gc,task     ] GC(12) Using 1 workers of 1 for marking
[2022-04-22T08:44:47.480+0000][9][gc,marking  ] GC(12) Concurrent Mark From Roots 5.416ms
[2022-04-22T08:44:47.480+0000][9][gc,marking  ] GC(12) Concurrent Preclean
[2022-04-22T08:44:47.481+0000][9][gc,marking  ] GC(12) Concurrent Preclean 0.657ms
[2022-04-22T08:44:47.483+0000][9][gc,start    ] GC(12) Pause Remark
[2022-04-22T08:44:47.486+0000][9][gc          ] GC(12) Pause Remark 65M->65M(512M) 2.974ms
[2022-04-22T08:44:47.487+0000][9][gc,cpu      ] GC(12) User=0.00s Sys=0.00s Real=0.00s
[2022-04-22T08:44:47.488+0000][9][safepoint   ] Safepoint "G1Concurrent", Time since last: 31140000 ns, Reaching safepoint: 293250 ns, At safepoint: 4499292 ns, Total: 4792542 ns
[2022-04-22T08:44:47.489+0000][9][gc,marking  ] GC(12) Concurrent Mark 15.296ms
[2022-04-22T08:44:47.489+0000][9][gc,marking  ] GC(12) Concurrent Rebuild Remembered Sets
[2022-04-22T08:44:47.490+0000][9][gc,marking  ] GC(12) Concurrent Rebuild Remembered Sets 0.620ms
[2022-04-22T08:44:47.490+0000][9][gc,start    ] GC(12) Pause Cleanup
[2022-04-22T08:44:47.491+0000][9][gc          ] GC(12) Pause Cleanup 65M->65M(512M) 1.117ms
[2022-04-22T08:44:47.492+0000][9][gc,cpu      ] GC(12) User=0.01s Sys=0.00s Real=0.00s
[2022-04-22T08:44:47.493+0000][9][safepoint   ] Safepoint "G1Concurrent", Time since last: 2464167 ns, Reaching safepoint: 74250 ns, At safepoint: 2523916 ns, Total: 2598166 ns
[2022-04-22T08:44:47.494+0000][9][gc,marking  ] GC(12) Concurrent Cleanup for Next Mark
[2022-04-22T08:44:47.495+0000][9][gc,marking  ] GC(12) Concurrent Cleanup for Next Mark 1.235ms
[2022-04-22T08:44:47.496+0000][9][gc          ] GC(12) Concurrent Mark Cycle 43.795ms
[2022-04-22T08:44:47.847+0000][9][safepoint   ] Safepoint "ICBufferFull", Time since last: 353367500 ns, Reaching safepoint: 470500 ns, At safepoint: 8667 ns, Total: 479167 ns
[2022-04-22T08:44:48.084+0000][9][safepoint   ] Safepoint "ICBufferFull", Time since last: 236688292 ns, Reaching safepoint: 327500 ns, At safepoint: 3292 ns, Total: 330792 ns
[2022-04-22T08:44:48.441+0000][9][safepoint   ] Safepoint "ICBufferFull", Time since last: 357236000 ns, Reaching safepoint: 231625 ns, At safepoint: 6083 ns, Total: 237708 ns
[2022-04-22T08:44:48.561+0000][9][safepoint   ] Safepoint "ICBufferFull", Time since last: 119714042 ns, Reaching safepoint: 255542 ns, At safepoint: 34708 ns, Total: 290250 ns
[2022-04-22T08:44:48.738+0000][9][safepoint   ] Safepoint "ICBufferFull", Time since last: 176427167 ns, Reaching safepoint: 234958 ns, At safepoint: 15083 ns, Total: 250041 ns
[2022-04-22T08:44:48.984+0000][9][safepoint   ] Safepoint "ICBufferFull", Time since last: 246541750 ns, Reaching safepoint: 206875 ns, At safepoint: 3584 ns, Total: 210459 ns
[2022-04-22T08:44:49.086+0000][9][safepoint   ] Safepoint "ICBufferFull", Time since last: 101447250 ns, Reaching safepoint: 128041 ns, At safepoint: 3625 ns, Total: 131666 ns
[2022-04-22T08:44:49.143+0000][9][gc,start    ] GC(13) Pause Young (Normal) (G1 Evacuation Pause)
[2022-04-22T08:44:49.144+0000][9][gc,task     ] GC(13) Using 5 workers of 5 for evacuation
[2022-04-22T08:44:49.145+0000][9][gc,age      ] GC(13) Desired survivor size 20971520 bytes, new threshold 15 (max threshold 15)
[2022-04-22T08:44:49.162+0000][9][gc,age      ] GC(13) Age table with threshold 15 (max threshold 15)
[2022-04-22T08:44:49.164+0000][9][gc,age      ] GC(13) - age   1:   14032800 bytes,   14032800 total
[2022-04-22T08:44:49.164+0000][9][gc,age      ] GC(13) - age   2:    5891560 bytes,   19924360 total
[2022-04-22T08:44:49.168+0000][9][gc,phases   ] GC(13)   Pre Evacuate Collection Set: 0.1ms
[2022-04-22T08:44:49.168+0000][9][gc,phases   ] GC(13)   Merge Heap Roots: 0.5ms
[2022-04-22T08:44:49.169+0000][9][gc,phases   ] GC(13)   Evacuate Collection Set: 13.7ms
[2022-04-22T08:44:49.170+0000][9][gc,phases   ] GC(13)   Post Evacuate Collection Set: 2.1ms
[2022-04-22T08:44:49.170+0000][9][gc,phases   ] GC(13)   Other: 8.7ms
[2022-04-22T08:44:49.171+0000][9][gc,heap     ] GC(13) Eden regions: 74->0(71)
[2022-04-22T08:44:49.172+0000][9][gc,heap     ] GC(13) Survivor regions: 2->5(10)
[2022-04-22T08:44:49.172+0000][9][gc,heap     ] GC(13) Old regions: 11->11
[2022-04-22T08:44:49.173+0000][9][gc,heap     ] GC(13) Archive regions: 2->2
[2022-04-22T08:44:49.173+0000][9][gc,heap     ] GC(13) Humongous regions: 0->0
[2022-04-22T08:44:49.175+0000][9][gc,metaspace] GC(13) Metaspace: 85946K(87360K)->85946K(87360K) NonClass: 74002K(74880K)->74002K(74880K) Class: 11944K(12480K)->11944K(12480K)
[2022-04-22T08:44:49.175+0000][9][gc          ] GC(13) Pause Young (Normal) (G1 Evacuation Pause) 351M->67M(512M) 32.423ms
[2022-04-22T08:44:49.176+0000][9][gc,cpu      ] GC(13) User=0.05s Sys=0.00s Real=0.03s
[2022-04-22T08:44:49.176+0000][9][safepoint   ] Safepoint "G1CollectForAllocation", Time since last: 56487875 ns, Reaching safepoint: 127709 ns, At safepoint: 33730416 ns, Total: 33858125 ns
[2022-04-22T08:44:49.243+0000][9][safepoint   ] Safepoint "ICBufferFull", Time since last: 66702875 ns, Reaching safepoint: 344709 ns, At safepoint: 47541 ns, Total: 392250 ns
[2022-04-22T08:44:49.275+0000][9][safepoint   ] Safepoint "ICBufferFull", Time since last: 31070959 ns, Reaching safepoint: 119292 ns, At safepoint: 3791 ns, Total: 123083 ns
[2022-04-22T08:44:49.640+0000][9][gc,start    ] GC(14) Pause Young (Concurrent Start) (Metadata GC Threshold)
[2022-04-22T08:44:49.641+0000][9][gc,task     ] GC(14) Using 5 workers of 5 for evacuation
[2022-04-22T08:44:49.642+0000][9][gc,age      ] GC(14) Desired survivor size 20971520 bytes, new threshold 15 (max threshold 15)
[2022-04-22T08:44:49.654+0000][9][gc,age      ] GC(14) Age table with threshold 15 (max threshold 15)
[2022-04-22T08:44:49.656+0000][9][gc,age      ] GC(14) - age   1:     525112 bytes,     525112 total
[2022-04-22T08:44:49.657+0000][9][gc,age      ] GC(14) - age   2:   13510024 bytes,   14035136 total
[2022-04-22T08:44:49.657+0000][9][gc,age      ] GC(14) - age   3:    5866400 bytes,   19901536 total
[2022-04-22T08:44:49.658+0000][9][gc,phases   ] GC(14)   Pre Evacuate Collection Set: 0.2ms
[2022-04-22T08:44:49.659+0000][9][gc,phases   ] GC(14)   Merge Heap Roots: 0.3ms
[2022-04-22T08:44:49.660+0000][9][gc,phases   ] GC(14)   Evacuate Collection Set: 9.9ms
[2022-04-22T08:44:49.660+0000][9][gc,phases   ] GC(14)   Post Evacuate Collection Set: 1.4ms
[2022-04-22T08:44:49.661+0000][9][gc,phases   ] GC(14)   Other: 6.4ms
[2022-04-22T08:44:49.662+0000][9][gc,heap     ] GC(14) Eden regions: 6->0(70)
[2022-04-22T08:44:49.662+0000][9][gc,heap     ] GC(14) Survivor regions: 5->6(10)
[2022-04-22T08:44:49.663+0000][9][gc,heap     ] GC(14) Old regions: 11->11
[2022-04-22T08:44:49.664+0000][9][gc,heap     ] GC(14) Archive regions: 2->2
[2022-04-22T08:44:49.664+0000][9][gc,heap     ] GC(14) Humongous regions: 0->0
[2022-04-22T08:44:49.665+0000][9][gc,metaspace] GC(14) Metaspace: 87481K(88896K)->87481K(88896K) NonClass: 75331K(76160K)->75331K(76160K) Class: 12150K(12736K)->12150K(12736K)
[2022-04-22T08:44:49.665+0000][9][gc          ] GC(14) Pause Young (Concurrent Start) (Metadata GC Threshold) 90M->68M(512M) 25.395ms
[2022-04-22T08:44:49.666+0000][9][gc,cpu      ] GC(14) User=0.05s Sys=0.00s Real=0.03s
[2022-04-22T08:44:49.667+0000][9][gc          ] GC(15) Concurrent Mark Cycle
[2022-04-22T08:44:49.668+0000][9][gc,marking  ] GC(15) Concurrent Clear Claimed Marks
[2022-04-22T08:44:49.667+0000][9][safepoint   ] Safepoint "CollectForMetadataAllocation", Time since last: 365148292 ns, Reaching safepoint: 139750 ns, At safepoint: 26730250 ns, Total: 26870000 ns
[2022-04-22T08:44:49.669+0000][9][gc,marking  ] GC(15) Concurrent Clear Claimed Marks 0.836ms
[2022-04-22T08:44:49.670+0000][9][gc,marking  ] GC(15) Concurrent Scan Root Regions
[2022-04-22T08:44:49.681+0000][9][gc,marking  ] GC(15) Concurrent Scan Root Regions 11.389ms
[2022-04-22T08:44:49.682+0000][9][gc,marking  ] GC(15) Concurrent Mark
[2022-04-22T08:44:49.683+0000][9][gc,marking  ] GC(15) Concurrent Mark From Roots
[2022-04-22T08:44:49.684+0000][9][gc,task     ] GC(15) Using 1 workers of 1 for marking
[2022-04-22T08:44:49.690+0000][9][safepoint   ] Safepoint "CollectForMetadataAllocation", Time since last: 23394458 ns, Reaching safepoint: 73959 ns, At safepoint: 41750 ns, Total: 115709 ns
[2022-04-22T08:44:49.692+0000][9][safepoint   ] Safepoint "CollectForMetadataAllocation", Time since last: 1838000 ns, Reaching safepoint: 51791 ns, At safepoint: 3375 ns, Total: 55166 ns
[2022-04-22T08:44:49.724+0000][9][gc,marking  ] GC(15) Concurrent Mark From Roots 40.863ms
[2022-04-22T08:44:49.725+0000][9][gc,marking  ] GC(15) Concurrent Preclean
[2022-04-22T08:44:49.726+0000][9][gc,marking  ] GC(15) Concurrent Preclean 1.188ms
[2022-04-22T08:44:49.727+0000][9][gc,start    ] GC(15) Pause Remark
[2022-04-22T08:44:49.730+0000][9][gc          ] GC(15) Pause Remark 72M->72M(512M) 3.499ms
[2022-04-22T08:44:49.731+0000][9][gc,cpu      ] GC(15) User=0.01s Sys=0.00s Real=0.00s
[2022-04-22T08:44:49.732+0000][9][safepoint   ] Safepoint "G1Concurrent", Time since last: 34805959 ns, Reaching safepoint: 64250 ns, At safepoint: 5093375 ns, Total: 5157625 ns
[2022-04-22T08:44:49.733+0000][9][gc,marking  ] GC(15) Concurrent Mark 50.816ms
[2022-04-22T08:44:49.734+0000][9][gc,marking  ] GC(15) Concurrent Rebuild Remembered Sets
[2022-04-22T08:44:49.735+0000][9][gc,marking  ] GC(15) Concurrent Rebuild Remembered Sets 0.668ms
[2022-04-22T08:44:49.736+0000][9][gc,start    ] GC(15) Pause Cleanup
[2022-04-22T08:44:49.736+0000][9][gc          ] GC(15) Pause Cleanup 72M->72M(512M) 0.614ms
[2022-04-22T08:44:49.737+0000][9][gc,cpu      ] GC(15) User=0.00s Sys=0.00s Real=0.00s
[2022-04-22T08:44:49.738+0000][9][safepoint   ] Safepoint "G1Concurrent", Time since last: 3392750 ns, Reaching safepoint: 106875 ns, At safepoint: 2038208 ns, Total: 2145083 ns
[2022-04-22T08:44:49.739+0000][9][gc,marking  ] GC(15) Concurrent Cleanup for Next Mark
[2022-04-22T08:44:49.741+0000][9][gc,marking  ] GC(15) Concurrent Cleanup for Next Mark 1.664ms
[2022-04-22T08:44:49.741+0000][9][gc          ] GC(15) Concurrent Mark Cycle 74.824ms
[2022-04-22T08:44:50.055+0000][9][safepoint   ] Safepoint "ICBufferFull", Time since last: 316672834 ns, Reaching safepoint: 280625 ns, At safepoint: 7041 ns, Total: 287666 ns
[2022-04-22T08:44:50.120+0000][9][safepoint   ] Safepoint "ICBufferFull", Time since last: 64725875 ns, Reaching safepoint: 267500 ns, At safepoint: 5875 ns, Total: 273375 ns
[2022-04-22T08:44:50.474+0000][9][safepoint   ] Safepoint "ICBufferFull", Time since last: 354359042 ns, Reaching safepoint: 145042 ns, At safepoint: 13583 ns, Total: 158625 ns
[2022-04-22T08:44:50.691+0000][9][safepoint   ] Safepoint "ICBufferFull", Time since last: 216757417 ns, Reaching safepoint: 250958 ns, At safepoint: 15542 ns, Total: 266500 ns
[2022-04-22T08:44:50.798+0000][9][safepoint   ] Safepoint "ICBufferFull", Time since last: 106998917 ns, Reaching safepoint: 137958 ns, At safepoint: 25875 ns, Total: 163833 ns
[2022-04-22T08:44:51.150+0000][9][safepoint   ] Safepoint "ICBufferFull", Time since last: 351691292 ns, Reaching safepoint: 230208 ns, At safepoint: 4875 ns, Total: 235083 ns
[2022-04-22T08:44:51.292+0000][9][safepoint   ] Safepoint "ICBufferFull", Time since last: 141332542 ns, Reaching safepoint: 187666 ns, At safepoint: 48625 ns, Total: 236291 ns
[2022-04-22T08:44:51.630+0000][9][safepoint   ] Safepoint "ICBufferFull", Time since last: 337736376 ns, Reaching safepoint: 291291 ns, At safepoint: 4959 ns, Total: 296250 ns
[2022-04-22T08:44:51.900+0000][9][safepoint   ] Safepoint "ICBufferFull", Time since last: 269814750 ns, Reaching safepoint: 795583 ns, At safepoint: 75417 ns, Total: 871000 ns
[2022-04-22T08:44:51.951+0000][9][safepoint   ] Safepoint "ICBufferFull", Time since last: 50852458 ns, Reaching safepoint: 135708 ns, At safepoint: 35334 ns, Total: 171042 ns
[2022-04-22T08:44:52.041+0000][9][safepoint   ] Safepoint "ICBufferFull", Time since last: 88751000 ns, Reaching safepoint: 297500 ns, At safepoint: 13000 ns, Total: 310500 ns
[2022-04-22T08:44:52.046+0000][9][safepoint   ] Safepoint "ICBufferFull", Time since last: 5054833 ns, Reaching safepoint: 103500 ns, At safepoint: 2042 ns, Total: 105542 ns
[2022-04-22T08:44:52.231+0000][9][safepoint   ] Safepoint "ICBufferFull", Time since last: 184335833 ns, Reaching safepoint: 576792 ns, At safepoint: 15125 ns, Total: 591917 ns
[2022-04-22T08:44:52.625+0000][9][safepoint   ] Safepoint "ICBufferFull", Time since last: 393861875 ns, Reaching safepoint: 157208 ns, At safepoint: 8875 ns, Total: 166083 ns
[2022-04-22T08:44:53.068+0000][9][gc,start    ] GC(16) Pause Young (Concurrent Start) (G1 Evacuation Pause)
[2022-04-22T08:44:53.073+0000][9][gc,task     ] GC(16) Using 5 workers of 5 for evacuation
[2022-04-22T08:44:53.074+0000][9][gc,age      ] GC(16) Desired survivor size 20971520 bytes, new threshold 15 (max threshold 15)
[2022-04-22T08:44:53.090+0000][9][gc,age      ] GC(16) Age table with threshold 15 (max threshold 15)
[2022-04-22T08:44:53.092+0000][9][gc,age      ] GC(16) - age   1:   10260048 bytes,   10260048 total
[2022-04-22T08:44:53.093+0000][9][gc,age      ] GC(16) - age   2:     388376 bytes,   10648424 total
[2022-04-22T08:44:53.094+0000][9][gc,age      ] GC(16) - age   3:   13351160 bytes,   23999584 total
[2022-04-22T08:44:53.095+0000][9][gc,age      ] GC(16) - age   4:    5684712 bytes,   29684296 total
[2022-04-22T08:44:53.096+0000][9][gc,phases   ] GC(16)   Pre Evacuate Collection Set: 0.4ms
[2022-04-22T08:44:53.097+0000][9][gc,phases   ] GC(16)   Merge Heap Roots: 0.1ms
[2022-04-22T08:44:53.098+0000][9][gc,phases   ] GC(16)   Evacuate Collection Set: 13.1ms
[2022-04-22T08:44:53.098+0000][9][gc,phases   ] GC(16)   Post Evacuate Collection Set: 1.7ms
[2022-04-22T08:44:53.099+0000][9][gc,phases   ] GC(16)   Other: 12.4ms
[2022-04-22T08:44:53.100+0000][9][gc,heap     ] GC(16) Eden regions: 70->0(68)
[2022-04-22T08:44:53.100+0000][9][gc,heap     ] GC(16) Survivor regions: 6->8(10)
[2022-04-22T08:44:53.101+0000][9][gc,heap     ] GC(16) Old regions: 11->11
[2022-04-22T08:44:53.101+0000][9][gc,heap     ] GC(16) Archive regions: 2->2
[2022-04-22T08:44:53.102+0000][9][gc,heap     ] GC(16) Humongous regions: 6->6
[2022-04-22T08:44:53.103+0000][9][gc,metaspace] GC(16) Metaspace: 101618K(103104K)->101618K(103104K) NonClass: 87332K(88256K)->87332K(88256K) Class: 14285K(14848K)->14285K(14848K)
[2022-04-22T08:44:53.104+0000][9][gc          ] GC(16) Pause Young (Concurrent Start) (G1 Evacuation Pause) 371M->102M(512M) 35.423ms
[2022-04-22T08:44:53.105+0000][9][gc,cpu      ] GC(16) User=0.09s Sys=0.00s Real=0.04s
[2022-04-22T08:44:53.106+0000][9][gc          ] GC(17) Concurrent Mark Cycle
[2022-04-22T08:44:53.107+0000][9][gc,marking  ] GC(17) Concurrent Clear Claimed Marks
[2022-04-22T08:44:53.106+0000][9][safepoint   ] Safepoint "G1CollectForAllocation", Time since last: 443467209 ns, Reaching safepoint: 103458 ns, At safepoint: 37467292 ns, Total: 37570750 ns
[2022-04-22T08:44:53.109+0000][9][gc,marking  ] GC(17) Concurrent Clear Claimed Marks 2.242ms
[2022-04-22T08:44:53.115+0000][9][gc,marking  ] GC(17) Concurrent Scan Root Regions
[2022-04-22T08:44:53.144+0000][9][gc,marking  ] GC(17) Concurrent Scan Root Regions 29.738ms
[2022-04-22T08:44:53.152+0000][9][gc,marking  ] GC(17) Concurrent Mark
[2022-04-22T08:44:53.161+0000][9][gc,marking  ] GC(17) Concurrent Mark From Roots
[2022-04-22T08:44:53.173+0000][9][gc,task     ] GC(17) Using 1 workers of 1 for marking
[2022-04-22T08:44:53.219+0000][9][gc,marking  ] GC(17) Concurrent Mark From Roots 57.715ms
[2022-04-22T08:44:53.221+0000][9][gc,marking  ] GC(17) Concurrent Preclean
[2022-04-22T08:44:53.226+0000][9][gc,marking  ] GC(17) Concurrent Preclean 5.224ms
[2022-04-22T08:44:53.228+0000][9][gc,start    ] GC(17) Pause Remark
[2022-04-22T08:44:53.233+0000][9][gc          ] GC(17) Pause Remark 119M->119M(512M) 4.697ms
[2022-04-22T08:44:53.234+0000][9][gc,cpu      ] GC(17) User=0.01s Sys=0.00s Real=0.01s
[2022-04-22T08:44:53.234+0000][9][safepoint   ] Safepoint "G1Concurrent", Time since last: 121878875 ns, Reaching safepoint: 318500 ns, At safepoint: 6593375 ns, Total: 6911875 ns
[2022-04-22T08:44:53.241+0000][9][gc,marking  ] GC(17) Concurrent Mark 89.000ms
[2022-04-22T08:44:53.248+0000][9][gc,marking  ] GC(17) Concurrent Rebuild Remembered Sets
[2022-04-22T08:44:53.255+0000][9][gc,marking  ] GC(17) Concurrent Rebuild Remembered Sets 6.547ms
[2022-04-22T08:44:53.260+0000][9][gc,start    ] GC(17) Pause Cleanup
[2022-04-22T08:44:53.263+0000][9][gc          ] GC(17) Pause Cleanup 119M->119M(512M) 3.673ms
[2022-04-22T08:44:53.264+0000][9][gc,cpu      ] GC(17) User=0.01s Sys=0.00s Real=0.01s
[2022-04-22T08:44:53.266+0000][9][safepoint   ] Safepoint "G1Concurrent", Time since last: 24593125 ns, Reaching safepoint: 428792 ns, At safepoint: 6099708 ns, Total: 6528500 ns
[2022-04-22T08:44:53.270+0000][9][gc,marking  ] GC(17) Concurrent Cleanup for Next Mark
[2022-04-22T08:44:53.271+0000][9][gc,marking  ] GC(17) Concurrent Cleanup for Next Mark 1.534ms
[2022-04-22T08:44:53.272+0000][9][gc          ] GC(17) Concurrent Mark Cycle 166.288ms
[2022-04-22T08:44:54.167+0000][9][safepoint   ] Safepoint "ICBufferFull", Time since last: 901224751 ns, Reaching safepoint: 278125 ns, At safepoint: 5958 ns, Total: 284083 ns
[2022-04-22T08:44:54.451+0000][9][safepoint   ] Safepoint "ICBufferFull", Time since last: 283743500 ns, Reaching safepoint: 323250 ns, At safepoint: 66583 ns, Total: 389833 ns
[2022-04-22T08:44:54.593+0000][9][safepoint   ] Safepoint "ICBufferFull", Time since last: 140702375 ns, Reaching safepoint: 610125 ns, At safepoint: 24584 ns, Total: 634709 ns
[2022-04-22T08:44:55.047+0000][9][safepoint   ] Safepoint "ICBufferFull", Time since last: 453464625 ns, Reaching safepoint: 461542 ns, At safepoint: 4958 ns, Total: 466500 ns
[2022-04-22T08:44:55.123+0000][9][safepoint   ] Safepoint "ICBufferFull", Time since last: 76130125 ns, Reaching safepoint: 296292 ns, At safepoint: 48041 ns, Total: 344333 ns
[2022-04-22T08:44:55.636+0000][9][safepoint   ] Safepoint "ICBufferFull", Time since last: 512886501 ns, Reaching safepoint: 129791 ns, At safepoint: 12709 ns, Total: 142500 ns
[2022-04-22T08:44:56.639+0000][9][safepoint   ] Safepoint "Cleanup", Time since last: 1002576500 ns, Reaching safepoint: 388875 ns, At safepoint: 10417 ns, Total: 399292 ns
[2022-04-22T08:44:57.905+0000][9][safepoint   ] Safepoint "Cleanup", Time since last: 1265108417 ns, Reaching safepoint: 535708 ns, At safepoint: 7917 ns, Total: 543625 ns
[2022-04-22T08:44:58.909+0000][9][safepoint   ] Safepoint "Cleanup", Time since last: 1004167500 ns, Reaching safepoint: 104875 ns, At safepoint: 2459 ns, Total: 107334 ns
[2022-04-22T08:44:59.911+0000][9][safepoint   ] Safepoint "Cleanup", Time since last: 1001695292 ns, Reaching safepoint: 236542 ns, At safepoint: 6666 ns, Total: 243208 ns
[2022-04-22T08:45:00.867+0000][9][safepoint   ] Safepoint "ICBufferFull", Time since last: 955993876 ns, Reaching safepoint: 144708 ns, At safepoint: 2875 ns, Total: 147583 ns
[2022-04-22T08:45:01.871+0000][9][safepoint   ] Safepoint "Cleanup", Time since last: 1006008708 ns, Reaching safepoint: 528375 ns, At safepoint: 11833 ns, Total: 540208 ns
[2022-04-22T08:45:02.877+0000][9][safepoint   ] Safepoint "Cleanup", Time since last: 1006159042 ns, Reaching safepoint: 178292 ns, At safepoint: 5708 ns, Total: 184000 ns
[2022-04-22T08:45:03.881+0000][9][safepoint   ] Safepoint "Cleanup", Time since last: 1003505376 ns, Reaching safepoint: 396417 ns, At safepoint: 17541 ns, Total: 413958 ns
[2022-04-22T08:45:05.889+0000][9][safepoint   ] Safepoint "Cleanup", Time since last: 2007352918 ns, Reaching safepoint: 301625 ns, At safepoint: 4375 ns, Total: 306000 ns
[2022-04-22T08:45:06.603+0000][9][safepoint   ] Safepoint "ICBufferFull", Time since last: 713437750 ns, Reaching safepoint: 273250 ns, At safepoint: 165458 ns, Total: 438708 ns
[2022-04-22T08:45:06.830+0000][9][safepoint   ] Safepoint "ICBufferFull", Time since last: 226749667 ns, Reaching safepoint: 166084 ns, At safepoint: 131750 ns, Total: 297834 ns
[2022-04-22T08:45:07.797+0000][9][safepoint   ] Safepoint "ICBufferFull", Time since last: 966715042 ns, Reaching safepoint: 793875 ns, At safepoint: 12541 ns, Total: 806416 ns
[2022-04-22T08:45:08.801+0000][9][safepoint   ] Safepoint "Cleanup", Time since last: 1002145209 ns, Reaching safepoint: 1662667 ns, At safepoint: 15708 ns, Total: 1678375 ns
[2022-04-22T08:45:09.808+0000][9][safepoint   ] Safepoint "Cleanup", Time since last: 1006488959 ns, Reaching safepoint: 325375 ns, At safepoint: 6583 ns, Total: 331958 ns
[2022-04-22T08:45:10.810+0000][9][safepoint   ] Safepoint "Cleanup", Time since last: 1001525001 ns, Reaching safepoint: 438708 ns, At safepoint: 10083 ns, Total: 448791 ns
[2022-04-22T08:45:11.814+0000][9][safepoint   ] Safepoint "Cleanup", Time since last: 1002633584 ns, Reaching safepoint: 1806125 ns, At safepoint: 20917 ns, Total: 1827042 ns
[2022-04-22T08:45:12.825+0000][9][safepoint   ] Safepoint "Cleanup", Time since last: 1009922167 ns, Reaching safepoint: 336208 ns, At safepoint: 9917 ns, Total: 346125 ns
[2022-04-22T08:45:13.432+0000][9][safepoint   ] Safepoint "ICBufferFull", Time since last: 607088167 ns, Reaching safepoint: 178417 ns, At safepoint: 21583 ns, Total: 200000 ns
[2022-04-22T08:45:13.511+0000][9][gc,start    ] GC(18) Pause Young (Normal) (G1 Evacuation Pause)
[2022-04-22T08:45:13.511+0000][9][gc,task     ] GC(18) Using 5 workers of 5 for evacuation
[2022-04-22T08:45:13.512+0000][9][gc,age      ] GC(18) Desired survivor size 20971520 bytes, new threshold 3 (max threshold 15)
[2022-04-22T08:45:13.526+0000][9][gc,age      ] GC(18) Age table with threshold 3 (max threshold 15)
[2022-04-22T08:45:13.527+0000][9][gc,age      ] GC(18) - age   1:    4058088 bytes,    4058088 total
[2022-04-22T08:45:13.528+0000][9][gc,age      ] GC(18) - age   2:    8437160 bytes,   12495248 total
[2022-04-22T08:45:13.529+0000][9][gc,age      ] GC(18) - age   3:     374152 bytes,   12869400 total
[2022-04-22T08:45:13.530+0000][9][gc,phases   ] GC(18)   Pre Evacuate Collection Set: 0.2ms
[2022-04-22T08:45:13.531+0000][9][gc,phases   ] GC(18)   Merge Heap Roots: 0.2ms
[2022-04-22T08:45:13.532+0000][9][gc,phases   ] GC(18)   Evacuate Collection Set: 11.6ms
[2022-04-22T08:45:13.533+0000][9][gc,phases   ] GC(18)   Post Evacuate Collection Set: 1.8ms
[2022-04-22T08:45:13.534+0000][9][gc,phases   ] GC(18)   Other: 5.4ms
[2022-04-22T08:45:13.535+0000][9][gc,heap     ] GC(18) Eden regions: 68->0(72)
[2022-04-22T08:45:13.536+0000][9][gc,heap     ] GC(18) Survivor regions: 8->4(10)
[2022-04-22T08:45:13.537+0000][9][gc,heap     ] GC(18) Old regions: 11->16
[2022-04-22T08:45:13.538+0000][9][gc,heap     ] GC(18) Archive regions: 2->2
[2022-04-22T08:45:13.539+0000][9][gc,heap     ] GC(18) Humongous regions: 6->6
[2022-04-22T08:45:13.539+0000][9][gc,metaspace] GC(18) Metaspace: 106406K(108032K)->106406K(108032K) NonClass: 91591K(92544K)->91591K(92544K) Class: 14814K(15488K)->14814K(15488K)
[2022-04-22T08:45:13.540+0000][9][gc          ] GC(18) Pause Young (Normal) (G1 Evacuation Pause) 374M->105M(512M) 29.160ms
[2022-04-22T08:45:13.541+0000][9][gc,cpu      ] GC(18) User=0.05s Sys=0.00s Real=0.03s
[2022-04-22T08:45:13.542+0000][9][safepoint   ] Safepoint "G1CollectForAllocation", Time since last: 78538125 ns, Reaching safepoint: 227250 ns, At safepoint: 31171958 ns, Total: 31399208 ns
[2022-04-22T08:45:14.545+0000][9][safepoint   ] Safepoint "Cleanup", Time since last: 1003376626 ns, Reaching safepoint: 89958 ns, At safepoint: 2292 ns, Total: 92250 ns
[2022-04-22T08:45:15.550+0000][9][safepoint   ] Safepoint "Cleanup", Time since last: 1004080542 ns, Reaching safepoint: 708208 ns, At safepoint: 10292 ns, Total: 718500 ns
[2022-04-22T08:45:16.554+0000][9][safepoint   ] Safepoint "Cleanup", Time since last: 1003070667 ns, Reaching safepoint: 258334 ns, At safepoint: 7500 ns, Total: 265834 ns
[2022-04-22T08:45:17.561+0000][9][safepoint   ] Safepoint "Cleanup", Time since last: 1006849208 ns, Reaching safepoint: 640417 ns, At safepoint: 8000 ns, Total: 648417 ns
[2022-04-22T08:45:18.565+0000][9][safepoint   ] Safepoint "Cleanup", Time since last: 1003412209 ns, Reaching safepoint: 144375 ns, At safepoint: 6542 ns, Total: 150917 ns
[2022-04-22T08:45:19.566+0000][9][safepoint   ] Safepoint "Cleanup", Time since last: 1000870292 ns, Reaching safepoint: 563375 ns, At safepoint: 26458 ns, Total: 589833 ns
[2022-04-22T08:45:20.574+0000][9][safepoint   ] Safepoint "Cleanup", Time since last: 1007649000 ns, Reaching safepoint: 288709 ns, At safepoint: 8250 ns, Total: 296959 ns
[2022-04-22T08:45:21.577+0000][9][safepoint   ] Safepoint "Cleanup", Time since last: 1002431000 ns, Reaching safepoint: 326084 ns, At safepoint: 23916 ns, Total: 350000 ns
[2022-04-22T08:45:22.579+0000][9][safepoint   ] Safepoint "Cleanup", Time since last: 1001824417 ns, Reaching safepoint: 179709 ns, At safepoint: 4250 ns, Total: 183959 ns
[2022-04-22T08:45:23.581+0000][9][safepoint   ] Safepoint "Cleanup", Time since last: 1001657334 ns, Reaching safepoint: 340333 ns, At safepoint: 22792 ns, Total: 363125 ns
[2022-04-22T08:45:24.582+0000][9][safepoint   ] Safepoint "Cleanup", Time since last: 1001220708 ns, Reaching safepoint: 101000 ns, At safepoint: 3584 ns, Total: 104584 ns
[2022-04-22T08:45:25.585+0000][9][safepoint   ] Safepoint "Cleanup", Time since last: 1002223209 ns, Reaching safepoint: 132166 ns, At safepoint: 3709 ns, Total: 135875 ns
[2022-04-22T08:45:26.592+0000][9][safepoint   ] Safepoint "Cleanup", Time since last: 1002268042 ns, Reaching safepoint: 4884583 ns, At safepoint: 18333 ns, Total: 4902916 ns
[2022-04-22T08:45:27.597+0000][9][safepoint   ] Safepoint "Cleanup", Time since last: 1004688292 ns, Reaching safepoint: 190459 ns, At safepoint: 5791 ns, Total: 196250 ns
[2022-04-22T08:45:29.584+0000][9][safepoint   ] Safepoint "Cleanup", Time since last: 1986280001 ns, Reaching safepoint: 1135834 ns, At safepoint: 43833 ns, Total: 1179667 ns
[2022-04-22T08:45:30.605+0000][9][safepoint   ] Safepoint "Cleanup", Time since last: 1021225584 ns, Reaching safepoint: 119542 ns, At safepoint: 3000 ns, Total: 122542 ns
[2022-04-22T08:45:31.610+0000][9][safepoint   ] Safepoint "Cleanup", Time since last: 1003915249 ns, Reaching safepoint: 351625 ns, At safepoint: 8500 ns, Total: 360125 ns
[2022-04-22T08:45:32.616+0000][9][safepoint   ] Safepoint "Cleanup", Time since last: 1006206376 ns, Reaching safepoint: 155167 ns, At safepoint: 6125 ns, Total: 161292 ns
[2022-04-22T08:45:33.618+0000][9][safepoint   ] Safepoint "Cleanup", Time since last: 1001463875 ns, Reaching safepoint: 935500 ns, At safepoint: 7875 ns, Total: 943375 ns
[2022-04-22T08:45:35.625+0000][9][safepoint   ] Safepoint "Cleanup", Time since last: 2006098001 ns, Reaching safepoint: 154917 ns, At safepoint: 5083 ns, Total: 160000 ns
[2022-04-22T08:45:36.638+0000][9][safepoint   ] Safepoint "Cleanup", Time since last: 1013087792 ns, Reaching safepoint: 168792 ns, At safepoint: 4375 ns, Total: 173167 ns
[2022-04-22T08:45:37.643+0000][9][safepoint   ] Safepoint "Cleanup", Time since last: 1004769042 ns, Reaching safepoint: 246833 ns, At safepoint: 5000 ns, Total: 251833 ns
[2022-04-22T08:45:38.651+0000][9][safepoint   ] Safepoint "Cleanup", Time since last: 1003606126 ns, Reaching safepoint: 4190791 ns, At safepoint: 15250 ns, Total: 4206041 ns
[2022-04-22T08:45:39.663+0000][9][safepoint   ] Safepoint "Cleanup", Time since last: 1011850876 ns, Reaching safepoint: 295458 ns, At safepoint: 12167 ns, Total: 307625 ns
[2022-04-22T08:45:40.673+0000][9][safepoint   ] Safepoint "Cleanup", Time since last: 1009167709 ns, Reaching safepoint: 445750 ns, At safepoint: 37375 ns, Total: 483125 ns
[2022-04-22T08:45:41.682+0000][9][safepoint   ] Safepoint "Cleanup", Time since last: 1008985209 ns, Reaching safepoint: 363541 ns, At safepoint: 13959 ns, Total: 377500 ns
[2022-04-22T08:45:42.687+0000][9][safepoint   ] Safepoint "Cleanup", Time since last: 1005291750 ns, Reaching safepoint: 63292 ns, At safepoint: 2625 ns, Total: 65917 ns
[2022-04-22T08:45:43.688+0000][9][safepoint   ] Safepoint "Cleanup", Time since last: 1000605125 ns, Reaching safepoint: 185334 ns, At safepoint: 4625 ns, Total: 189959 ns
[2022-04-22T08:45:44.707+0000][9][safepoint   ] Safepoint "Cleanup", Time since last: 1001237625 ns, Reaching safepoint: 17379583 ns, At safepoint: 132417 ns, Total: 17512000 ns
[2022-04-22T08:45:45.710+0000][9][safepoint   ] Safepoint "Cleanup", Time since last: 1002599667 ns, Reaching safepoint: 195792 ns, At safepoint: 7666 ns, Total: 203458 ns
[2022-04-22T08:45:48.719+0000][9][safepoint   ] Safepoint "Cleanup", Time since last: 3009581002 ns, Reaching safepoint: 121958 ns, At safepoint: 2417 ns, Total: 124375 ns
[2022-04-22T08:45:49.721+0000][9][safepoint   ] Safepoint "Cleanup", Time since last: 1001715959 ns, Reaching safepoint: 425333 ns, At safepoint: 12583 ns, Total: 437916 ns
[2022-04-22T08:45:50.742+0000][9][safepoint   ] Safepoint "Cleanup", Time since last: 1020183293 ns, Reaching safepoint: 143375 ns, At safepoint: 2833 ns, Total: 146208 ns
[2022-04-22T08:45:51.748+0000][9][safepoint   ] Safepoint "Cleanup", Time since last: 1005849875 ns, Reaching safepoint: 403459 ns, At safepoint: 8625 ns, Total: 412084 ns
[2022-04-22T08:45:52.764+0000][9][safepoint   ] Safepoint "Cleanup", Time since last: 1015489125 ns, Reaching safepoint: 340584 ns, At safepoint: 13250 ns, Total: 353834 ns
[2022-04-22T08:45:53.779+0000][9][safepoint   ] Safepoint "Cleanup", Time since last: 1014917458 ns, Reaching safepoint: 624917 ns, At safepoint: 10917 ns, Total: 635834 ns
[2022-04-22T08:45:54.788+0000][9][safepoint   ] Safepoint "Cleanup", Time since last: 1008464792 ns, Reaching safepoint: 107791 ns, At safepoint: 4709 ns, Total: 112500 ns
[2022-04-22T08:45:55.791+0000][9][safepoint   ] Safepoint "Cleanup", Time since last: 1002445750 ns, Reaching safepoint: 471167 ns, At safepoint: 8375 ns, Total: 479542 ns
[2022-04-22T08:45:56.793+0000][9][safepoint   ] Safepoint "ICBufferFull", Time since last: 1001511542 ns, Reaching safepoint: 277667 ns, At safepoint: 4541 ns, Total: 282208 ns
[2022-04-22T08:45:57.796+0000][9][safepoint   ] Safepoint "Cleanup", Time since last: 1001826668 ns, Reaching safepoint: 1452458 ns, At safepoint: 17708 ns, Total: 1470166 ns
[2022-04-22T08:45:58.819+0000][9][safepoint   ] Safepoint "Cleanup", Time since last: 1022141292 ns, Reaching safepoint: 402375 ns, At safepoint: 15584 ns, Total: 417959 ns
[2022-04-22T08:45:59.832+0000][9][safepoint   ] Safepoint "Cleanup", Time since last: 1013062834 ns, Reaching safepoint: 702250 ns, At safepoint: 14833 ns, Total: 717083 ns
[2022-04-22T08:46:00.841+0000][9][safepoint   ] Safepoint "Cleanup", Time since last: 1008360209 ns, Reaching safepoint: 533125 ns, At safepoint: 5708 ns, Total: 538833 ns
[2022-04-22T08:46:01.844+0000][9][safepoint   ] Safepoint "Cleanup", Time since last: 1002703958 ns, Reaching safepoint: 125334 ns, At safepoint: 4541 ns, Total: 129875 ns
[2022-04-22T08:46:03.849+0000][9][safepoint   ] Safepoint "Cleanup", Time since last: 2004460584 ns, Reaching safepoint: 756417 ns, At safepoint: 13292 ns, Total: 769709 ns
[2022-04-22T08:46:05.865+0000][9][safepoint   ] Safepoint "Cleanup", Time since last: 2013524042 ns, Reaching safepoint: 2410125 ns, At safepoint: 48792 ns, Total: 2458917 ns
[2022-04-22T08:46:06.874+0000][9][safepoint   ] Safepoint "Cleanup", Time since last: 1009085334 ns, Reaching safepoint: 158167 ns, At safepoint: 4875 ns, Total: 163042 ns
[2022-04-22T08:46:07.876+0000][9][safepoint   ] Safepoint "Cleanup", Time since last: 1001279792 ns, Reaching safepoint: 117416 ns, At safepoint: 10250 ns, Total: 127666 ns
[2022-04-22T08:46:08.878+0000][9][safepoint   ] Safepoint "Cleanup", Time since last: 1001449584 ns, Reaching safepoint: 343709 ns, At safepoint: 14583 ns, Total: 358292 ns
[2022-04-22T08:46:09.894+0000][9][safepoint   ] Safepoint "Cleanup", Time since last: 1016111500 ns, Reaching safepoint: 406042 ns, At safepoint: 7208 ns, Total: 413250 ns
[2022-04-22T08:46:10.898+0000][9][safepoint   ] Safepoint "Cleanup", Time since last: 1003260584 ns, Reaching safepoint: 389167 ns, At safepoint: 5583 ns, Total: 394750 ns
[2022-04-22T08:46:12.901+0000][9][safepoint   ] Safepoint "Cleanup", Time since last: 2002431418 ns, Reaching safepoint: 565250 ns, At safepoint: 31000 ns, Total: 596250 ns
[2022-04-22T08:46:13.906+0000][9][safepoint   ] Safepoint "Cleanup", Time since last: 1005272542 ns, Reaching safepoint: 288708 ns, At safepoint: 20542 ns, Total: 309250 ns
[2022-04-22T08:46:15.934+0000][9][safepoint   ] Safepoint "Cleanup", Time since last: 2026737376 ns, Reaching safepoint: 339083 ns, At safepoint: 5709 ns, Total: 344792 ns
[2022-04-22T08:46:18.949+0000][9][safepoint   ] Safepoint "Cleanup", Time since last: 3015149793 ns, Reaching safepoint: 143958 ns, At safepoint: 7708 ns, Total: 151666 ns
[2022-04-22T08:46:19.954+0000][9][safepoint   ] Safepoint "Cleanup", Time since last: 1005338209 ns, Reaching safepoint: 200042 ns, At safepoint: 6958 ns, Total: 207000 ns
[2022-04-22T08:46:20.972+0000][9][safepoint   ] Safepoint "Cleanup", Time since last: 1017621626 ns, Reaching safepoint: 190375 ns, At safepoint: 4458 ns, Total: 194833 ns
[2022-04-22T08:46:21.978+0000][9][safepoint   ] Safepoint "Cleanup", Time since last: 1005920292 ns, Reaching safepoint: 310417 ns, At safepoint: 9625 ns, Total: 320042 ns
[2022-04-22T08:46:23.991+0000][9][safepoint   ] Safepoint "Cleanup", Time since last: 2012622417 ns, Reaching safepoint: 166250 ns, At safepoint: 5250 ns, Total: 171500 ns
[2022-04-22T08:46:24.994+0000][9][safepoint   ] Safepoint "Cleanup", Time since last: 1002721793 ns, Reaching safepoint: 233666 ns, At safepoint: 17750 ns, Total: 251416 ns
[2022-04-22T08:46:25.996+0000][9][safepoint   ] Safepoint "Cleanup", Time since last: 1001392751 ns, Reaching safepoint: 188708 ns, At safepoint: 10083 ns, Total: 198791 ns
[2022-04-22T08:46:27.001+0000][9][safepoint   ] Safepoint "Cleanup", Time since last: 1005340876 ns, Reaching safepoint: 81125 ns, At safepoint: 2458 ns, Total: 83583 ns
[2022-04-22T08:46:28.014+0000][9][safepoint   ] Safepoint "Cleanup", Time since last: 1012288417 ns, Reaching safepoint: 327625 ns, At safepoint: 7709 ns, Total: 335334 ns
[2022-04-22T08:46:29.023+0000][9][safepoint   ] Safepoint "Cleanup", Time since last: 1008682167 ns, Reaching safepoint: 218291 ns, At safepoint: 6250 ns, Total: 224541 ns
[2022-04-22T08:46:30.031+0000][9][safepoint   ] Safepoint "Cleanup", Time since last: 1007455668 ns, Reaching safepoint: 700291 ns, At safepoint: 7792 ns, Total: 708083 ns
[2022-04-22T08:46:31.051+0000][9][safepoint   ] Safepoint "Cleanup", Time since last: 1019895667 ns, Reaching safepoint: 236667 ns, At safepoint: 4583 ns, Total: 241250 ns
[2022-04-22T08:46:32.053+0000][9][safepoint   ] Safepoint "Cleanup", Time since last: 1001436000 ns, Reaching safepoint: 356333 ns, At safepoint: 14042 ns, Total: 370375 ns
[2022-04-22T08:46:34.078+0000][9][safepoint   ] Safepoint "Cleanup", Time since last: 2025066459 ns, Reaching safepoint: 388417 ns, At safepoint: 11417 ns, Total: 399834 ns
[2022-04-22T08:46:36.089+0000][9][safepoint   ] Safepoint "Cleanup", Time since last: 2010327959 ns, Reaching safepoint: 314167 ns, At safepoint: 12041 ns, Total: 326208 ns
[2022-04-22T08:46:36.644+0000][9][gc,start    ] GC(19) Pause Young (Normal) (G1 Evacuation Pause)
[2022-04-22T08:46:36.644+0000][9][gc,task     ] GC(19) Using 5 workers of 5 for evacuation
[2022-04-22T08:46:36.645+0000][9][gc,age      ] GC(19) Desired survivor size 20971520 bytes, new threshold 15 (max threshold 15)
[2022-04-22T08:46:36.657+0000][9][gc,age      ] GC(19) Age table with threshold 15 (max threshold 15)
[2022-04-22T08:46:36.658+0000][9][gc,age      ] GC(19) - age   1:    1616400 bytes,    1616400 total
[2022-04-22T08:46:36.659+0000][9][gc,age      ] GC(19) - age   2:    2551040 bytes,    4167440 total
[2022-04-22T08:46:36.660+0000][9][gc,age      ] GC(19) - age   3:    8385712 bytes,   12553152 total
[2022-04-22T08:46:36.661+0000][9][gc,age      ] GC(19) - age   4:     374080 bytes,   12927232 total
[2022-04-22T08:46:36.661+0000][9][gc,phases   ] GC(19)   Pre Evacuate Collection Set: 0.2ms
[2022-04-22T08:46:36.662+0000][9][gc,phases   ] GC(19)   Merge Heap Roots: 0.5ms
[2022-04-22T08:46:36.663+0000][9][gc,phases   ] GC(19)   Evacuate Collection Set: 7.8ms
[2022-04-22T08:46:36.664+0000][9][gc,phases   ] GC(19)   Post Evacuate Collection Set: 2.2ms
[2022-04-22T08:46:36.665+0000][9][gc,phases   ] GC(19)   Other: 7.0ms
[2022-04-22T08:46:36.666+0000][9][gc,heap     ] GC(19) Eden regions: 72->0(72)
[2022-04-22T08:46:36.667+0000][9][gc,heap     ] GC(19) Survivor regions: 4->4(10)
[2022-04-22T08:46:36.667+0000][9][gc,heap     ] GC(19) Old regions: 16->16
[2022-04-22T08:46:36.668+0000][9][gc,heap     ] GC(19) Archive regions: 2->2
[2022-04-22T08:46:36.668+0000][9][gc,heap     ] GC(19) Humongous regions: 6->6
[2022-04-22T08:46:36.669+0000][9][gc,metaspace] GC(19) Metaspace: 108437K(110080K)->108437K(110080K) NonClass: 93550K(94528K)->93550K(94528K) Class: 14886K(15552K)->14886K(15552K)
[2022-04-22T08:46:36.670+0000][9][gc          ] GC(19) Pause Young (Normal) (G1 Evacuation Pause) 393M->104M(512M) 26.446ms
[2022-04-22T08:46:36.671+0000][9][gc,cpu      ] GC(19) User=0.03s Sys=0.01s Real=0.03s
[2022-04-22T08:46:36.672+0000][9][safepoint   ] Safepoint "G1CollectForAllocation", Time since last: 554520292 ns, Reaching safepoint: 215375 ns, At safepoint: 27900542 ns, Total: 28115917 ns
[2022-04-22T08:46:37.675+0000][9][safepoint   ] Safepoint "Cleanup", Time since last: 1002743167 ns, Reaching safepoint: 150792 ns, At safepoint: 4125 ns, Total: 154917 ns
[2022-04-22T08:46:38.677+0000][9][safepoint   ] Safepoint "Cleanup", Time since last: 1001989417 ns, Reaching safepoint: 488000 ns, At safepoint: 13166 ns, Total: 501166 ns
[2022-04-22T08:46:39.686+0000][9][safepoint   ] Safepoint "Cleanup", Time since last: 1008625918 ns, Reaching safepoint: 230708 ns, At safepoint: 6708 ns, Total: 237416 ns
[2022-04-22T08:46:41.697+0000][9][safepoint   ] Safepoint "Cleanup", Time since last: 2010515043 ns, Reaching safepoint: 689792 ns, At safepoint: 19750 ns, Total: 709542 ns
[2022-04-22T08:46:42.704+0000][9][safepoint   ] Safepoint "Cleanup", Time since last: 1006633417 ns, Reaching safepoint: 106458 ns, At safepoint: 4042 ns, Total: 110500 ns
[2022-04-22T08:46:43.706+0000][9][safepoint   ] Safepoint "Cleanup", Time since last: 1002120125 ns, Reaching safepoint: 190917 ns, At safepoint: 3167 ns, Total: 194084 ns
[2022-04-22T08:46:44.710+0000][9][safepoint   ] Safepoint "Cleanup", Time since last: 1002647542 ns, Reaching safepoint: 793500 ns, At safepoint: 12583 ns, Total: 806083 ns
[2022-04-22T08:46:45.716+0000][9][safepoint   ] Safepoint "Cleanup", Time since last: 1005545542 ns, Reaching safepoint: 258667 ns, At safepoint: 75416 ns, Total: 334083 ns
[2022-04-22T08:46:48.727+0000][9][safepoint   ] Safepoint "Cleanup", Time since last: 3010533960 ns, Reaching safepoint: 655875 ns, At safepoint: 34042 ns, Total: 689917 ns
[2022-04-22T08:46:49.732+0000][9][safepoint   ] Safepoint "Cleanup", Time since last: 1004668417 ns, Reaching safepoint: 248625 ns, At safepoint: 8000 ns, Total: 256625 ns
[2022-04-22T08:46:50.738+0000][9][safepoint   ] Safepoint "Cleanup", Time since last: 1006032209 ns, Reaching safepoint: 94292 ns, At safepoint: 5708 ns, Total: 100000 ns
[2022-04-22T08:46:51.744+0000][9][safepoint   ] Safepoint "Cleanup", Time since last: 1005217917 ns, Reaching safepoint: 744458 ns, At safepoint: 9209 ns, Total: 753667 ns
[2022-04-22T08:46:53.750+0000][9][safepoint   ] Safepoint "Cleanup", Time since last: 2005920459 ns, Reaching safepoint: 218667 ns, At safepoint: 8458 ns, Total: 227125 ns
[2022-04-22T08:46:54.755+0000][9][safepoint   ] Safepoint "Cleanup", Time since last: 1004638375 ns, Reaching safepoint: 136334 ns, At safepoint: 35375 ns, Total: 171709 ns
[2022-04-22T08:46:55.757+0000][9][safepoint   ] Safepoint "Cleanup", Time since last: 1001683834 ns, Reaching safepoint: 163833 ns, At safepoint: 80667 ns, Total: 244500 ns
[2022-04-22T08:46:57.768+0000][9][safepoint   ] Safepoint "Cleanup", Time since last: 2010859792 ns, Reaching safepoint: 348250 ns, At safepoint: 10584 ns, Total: 358834 ns
[2022-04-22T08:46:58.777+0000][9][safepoint   ] Safepoint "Cleanup", Time since last: 1003192917 ns, Reaching safepoint: 5481541 ns, At safepoint: 20042 ns, Total: 5501583 ns
[2022-04-22T08:46:59.805+0000][9][safepoint   ] Safepoint "Cleanup", Time since last: 1028116751 ns, Reaching safepoint: 426291 ns, At safepoint: 42875 ns, Total: 469166 ns
[2022-04-22T08:47:00.814+0000][9][safepoint   ] Safepoint "Cleanup", Time since last: 1008195251 ns, Reaching safepoint: 176083 ns, At safepoint: 6958 ns, Total: 183041 ns
[2022-04-22T08:47:01.815+0000][9][safepoint   ] Safepoint "Cleanup", Time since last: 1001461751 ns, Reaching safepoint: 175791 ns, At safepoint: 5625 ns, Total: 181416 ns
[2022-04-22T08:47:03.823+0000][9][safepoint   ] Safepoint "Cleanup", Time since last: 2007600501 ns, Reaching safepoint: 724792 ns, At safepoint: 24000 ns, Total: 748792 ns
[2022-04-22T08:47:05.836+0000][9][safepoint   ] Safepoint "Cleanup", Time since last: 2011198292 ns, Reaching safepoint: 1307959 ns, At safepoint: 17708 ns, Total: 1325667 ns
[2022-04-22T08:47:06.842+0000][9][safepoint   ] Safepoint "Cleanup", Time since last: 1005790751 ns, Reaching safepoint: 66291 ns, At safepoint: 1750 ns, Total: 68041 ns
[2022-04-22T08:47:07.843+0000][9][safepoint   ] Safepoint "Cleanup", Time since last: 1001141376 ns, Reaching safepoint: 95666 ns, At safepoint: 5209 ns, Total: 100875 ns
[2022-04-22T08:47:08.845+0000][9][safepoint   ] Safepoint "Cleanup", Time since last: 1001855667 ns, Reaching safepoint: 252833 ns, At safepoint: 9375 ns, Total: 262208 ns
[2022-04-22T08:47:09.852+0000][9][safepoint   ] Safepoint "Cleanup", Time since last: 1006627667 ns, Reaching safepoint: 519250 ns, At safepoint: 20917 ns, Total: 540167 ns
[2022-04-22T08:47:10.868+0000][9][safepoint   ] Safepoint "Cleanup", Time since last: 1014779417 ns, Reaching safepoint: 734958 ns, At safepoint: 15042 ns, Total: 750000 ns
[2022-04-22T08:47:11.876+0000][9][safepoint   ] Safepoint "Cleanup", Time since last: 1007584126 ns, Reaching safepoint: 356250 ns, At safepoint: 17750 ns, Total: 374000 ns
[2022-04-22T08:47:12.884+0000][9][safepoint   ] Safepoint "Cleanup", Time since last: 1008126083 ns, Reaching safepoint: 301042 ns, At safepoint: 4542 ns, Total: 305584 ns
[2022-04-22T08:47:13.888+0000][9][safepoint   ] Safepoint "Cleanup", Time since last: 1003868709 ns, Reaching safepoint: 153291 ns, At safepoint: 6459 ns, Total: 159750 ns
[2022-04-22T08:47:15.903+0000][9][safepoint   ] Safepoint "Cleanup", Time since last: 2014506709 ns, Reaching safepoint: 253708 ns, At safepoint: 23084 ns, Total: 276792 ns
[2022-04-22T08:47:18.908+0000][9][safepoint   ] Safepoint "Cleanup", Time since last: 3004728043 ns, Reaching safepoint: 105083 ns, At safepoint: 4667 ns, Total: 109750 ns
[2022-04-22T08:47:19.910+0000][9][safepoint   ] Safepoint "Cleanup", Time since last: 1002020208 ns, Reaching safepoint: 184750 ns, At safepoint: 5084 ns, Total: 189834 ns
[2022-04-22T08:47:20.917+0000][9][safepoint   ] Safepoint "Cleanup", Time since last: 1006047250 ns, Reaching safepoint: 302459 ns, At safepoint: 132375 ns, Total: 434834 ns
[2022-04-22T08:47:21.925+0000][9][safepoint   ] Safepoint "Cleanup", Time since last: 1007372042 ns, Reaching safepoint: 802375 ns, At safepoint: 10875 ns, Total: 813250 ns
[2022-04-22T08:47:22.931+0000][9][safepoint   ] Safepoint "Cleanup", Time since last: 1005372917 ns, Reaching safepoint: 492625 ns, At safepoint: 16458 ns, Total: 509083 ns
[2022-04-22T08:47:23.943+0000][9][safepoint   ] Safepoint "Cleanup", Time since last: 1011461667 ns, Reaching safepoint: 350000 ns, At safepoint: 97375 ns, Total: 447375 ns
[2022-04-22T08:47:24.950+0000][9][safepoint   ] Safepoint "Cleanup", Time since last: 1007241334 ns, Reaching safepoint: 172167 ns, At safepoint: 9708 ns, Total: 181875 ns
[2022-04-22T08:47:25.951+0000][9][safepoint   ] Safepoint "Cleanup", Time since last: 1001036376 ns, Reaching safepoint: 184208 ns, At safepoint: 8500 ns, Total: 192708 ns
[2022-04-22T08:47:27.955+0000][9][safepoint   ] Safepoint "Cleanup", Time since last: 2003113418 ns, Reaching safepoint: 252541 ns, At safepoint: 41375 ns, Total: 293916 ns
[2022-04-22T08:47:28.957+0000][9][safepoint   ] Safepoint "Cleanup", Time since last: 1002127417 ns, Reaching safepoint: 612834 ns, At safepoint: 16833 ns, Total: 629667 ns
[2022-04-22T08:47:29.970+0000][9][safepoint   ] Safepoint "Cleanup", Time since last: 1011864459 ns, Reaching safepoint: 547083 ns, At safepoint: 13084 ns, Total: 560167 ns
[2022-04-22T08:47:30.973+0000][9][safepoint   ] Safepoint "Cleanup", Time since last: 1002463458 ns, Reaching safepoint: 177209 ns, At safepoint: 17333 ns, Total: 194542 ns
[2022-04-22T08:47:32.978+0000][9][safepoint   ] Safepoint "Cleanup", Time since last: 2005920792 ns, Reaching safepoint: 350291 ns, At safepoint: 11792 ns, Total: 362083 ns
[2022-04-22T08:47:33.994+0000][9][safepoint   ] Safepoint "Cleanup", Time since last: 1015355626 ns, Reaching safepoint: 376000 ns, At safepoint: 15541 ns, Total: 391541 ns
[2022-04-22T08:47:35.009+0000][9][safepoint   ] Safepoint "Cleanup", Time since last: 1014088126 ns, Reaching safepoint: 394500 ns, At safepoint: 14458 ns, Total: 408958 ns
[2022-04-22T08:47:36.027+0000][9][safepoint   ] Safepoint "Cleanup", Time since last: 1017695209 ns, Reaching safepoint: 567917 ns, At safepoint: 9541 ns, Total: 577458 ns
[2022-04-22T08:47:37.035+0000][9][safepoint   ] Safepoint "Cleanup", Time since last: 1007412334 ns, Reaching safepoint: 324000 ns, At safepoint: 6875 ns, Total: 330875 ns
[2022-04-22T08:47:38.036+0000][9][safepoint   ] Safepoint "Cleanup", Time since last: 1001435750 ns, Reaching safepoint: 186917 ns, At safepoint: 4417 ns, Total: 191334 ns
[2022-04-22T08:47:39.039+0000][9][safepoint   ] Safepoint "Cleanup", Time since last: 1002209334 ns, Reaching safepoint: 232791 ns, At safepoint: 9875 ns, Total: 242666 ns
[2022-04-22T08:47:40.059+0000][9][safepoint   ] Safepoint "Cleanup", Time since last: 1018564001 ns, Reaching safepoint: 1588791 ns, At safepoint: 19167 ns, Total: 1607958 ns
[2022-04-22T08:47:41.075+0000][9][safepoint   ] Safepoint "Cleanup", Time since last: 1015352709 ns, Reaching safepoint: 312000 ns, At safepoint: 20458 ns, Total: 332458 ns
[2022-04-22T08:47:43.086+0000][9][safepoint   ] Safepoint "Cleanup", Time since last: 2011148626 ns, Reaching safepoint: 285500 ns, At safepoint: 5834 ns, Total: 291334 ns
[2022-04-22T08:47:44.088+0000][9][safepoint   ] Safepoint "Cleanup", Time since last: 1001614625 ns, Reaching safepoint: 79208 ns, At safepoint: 2375 ns, Total: 81583 ns
[2022-04-22T08:47:46.092+0000][9][safepoint   ] Safepoint "Cleanup", Time since last: 2002506960 ns, Reaching safepoint: 1214208 ns, At safepoint: 19417 ns, Total: 1233625 ns
[2022-04-22T08:47:49.106+0000][9][safepoint   ] Safepoint "Cleanup", Time since last: 3014441709 ns, Reaching safepoint: 177709 ns, At safepoint: 5541 ns, Total: 183250 ns
[2022-04-22T08:47:50.108+0000][9][safepoint   ] Safepoint "Cleanup", Time since last: 1001783459 ns, Reaching safepoint: 194250 ns, At safepoint: 12500 ns, Total: 206750 ns
[2022-04-22T08:47:51.137+0000][9][safepoint   ] Safepoint "Cleanup", Time since last: 1027552751 ns, Reaching safepoint: 1014875 ns, At safepoint: 91416 ns, Total: 1106291 ns
[2022-04-22T08:47:52.141+0000][9][safepoint   ] Safepoint "Cleanup", Time since last: 1003898626 ns, Reaching safepoint: 359333 ns, At safepoint: 13000 ns, Total: 372333 ns
[2022-04-22T08:47:53.151+0000][9][safepoint   ] Safepoint "Cleanup", Time since last: 1009402292 ns, Reaching safepoint: 252459 ns, At safepoint: 8791 ns, Total: 261250 ns
[2022-04-22T08:47:54.155+0000][9][safepoint   ] Safepoint "Cleanup", Time since last: 1004296167 ns, Reaching safepoint: 260375 ns, At safepoint: 7625 ns, Total: 268000 ns
[2022-04-22T08:47:55.158+0000][9][safepoint   ] Safepoint "Cleanup", Time since last: 1002340251 ns, Reaching safepoint: 111500 ns, At safepoint: 5250 ns, Total: 116750 ns
[2022-04-22T08:47:56.159+0000][9][safepoint   ] Safepoint "Cleanup", Time since last: 1001150500 ns, Reaching safepoint: 257167 ns, At safepoint: 6833 ns, Total: 264000 ns
[2022-04-22T08:47:57.163+0000][9][safepoint   ] Safepoint "Cleanup", Time since last: 1003567918 ns, Reaching safepoint: 206333 ns, At safepoint: 6958 ns, Total: 213291 ns
[2022-04-22T08:47:58.174+0000][9][safepoint   ] Safepoint "Cleanup", Time since last: 1009837251 ns, Reaching safepoint: 697458 ns, At safepoint: 96375 ns, Total: 793833 ns
[2022-04-22T08:47:59.193+0000][9][safepoint   ] Safepoint "Cleanup", Time since last: 1018969584 ns, Reaching safepoint: 268583 ns, At safepoint: 11334 ns, Total: 279917 ns
[2022-04-22T08:47:59.579+0000][9][gc,start    ] GC(20) Pause Young (Normal) (G1 Evacuation Pause)
[2022-04-22T08:47:59.598+0000][9][gc,task     ] GC(20) Using 5 workers of 5 for evacuation
[2022-04-22T08:47:59.601+0000][9][gc,age      ] GC(20) Desired survivor size 20971520 bytes, new threshold 15 (max threshold 15)
[2022-04-22T08:47:59.613+0000][9][gc,age      ] GC(20) Age table with threshold 15 (max threshold 15)
[2022-04-22T08:47:59.617+0000][9][gc,age      ] GC(20) - age   1:     997120 bytes,     997120 total
[2022-04-22T08:47:59.618+0000][9][gc,age      ] GC(20) - age   2:     815072 bytes,    1812192 total
[2022-04-22T08:47:59.619+0000][9][gc,age      ] GC(20) - age   3:    2549648 bytes,    4361840 total
[2022-04-22T08:47:59.620+0000][9][gc,age      ] GC(20) - age   4:    8385064 bytes,   12746904 total
[2022-04-22T08:47:59.622+0000][9][gc,age      ] GC(20) - age   5:     374080 bytes,   13120984 total
[2022-04-22T08:47:59.624+0000][9][gc,phases   ] GC(20)   Pre Evacuate Collection Set: 0.3ms
[2022-04-22T08:47:59.625+0000][9][gc,phases   ] GC(20)   Merge Heap Roots: 0.2ms
[2022-04-22T08:47:59.626+0000][9][gc,phases   ] GC(20)   Evacuate Collection Set: 9.3ms
[2022-04-22T08:47:59.629+0000][9][gc,phases   ] GC(20)   Post Evacuate Collection Set: 1.4ms
[2022-04-22T08:47:59.630+0000][9][gc,phases   ] GC(20)   Other: 33.7ms
[2022-04-22T08:47:59.632+0000][9][gc,heap     ] GC(20) Eden regions: 72->0(72)
[2022-04-22T08:47:59.633+0000][9][gc,heap     ] GC(20) Survivor regions: 4->4(10)
[2022-04-22T08:47:59.634+0000][9][gc,heap     ] GC(20) Old regions: 16->16
[2022-04-22T08:47:59.635+0000][9][gc,heap     ] GC(20) Archive regions: 2->2
[2022-04-22T08:47:59.637+0000][9][gc,heap     ] GC(20) Humongous regions: 6->6
[2022-04-22T08:47:59.638+0000][9][gc,metaspace] GC(20) Metaspace: 109237K(110848K)->109237K(110848K) NonClass: 94347K(95296K)->94347K(95296K) Class: 14889K(15552K)->14889K(15552K)
[2022-04-22T08:47:59.639+0000][9][gc          ] GC(20) Pause Young (Normal) (G1 Evacuation Pause) 392M->104M(512M) 59.767ms
[2022-04-22T08:47:59.640+0000][9][gc,cpu      ] GC(20) User=0.05s Sys=0.01s Real=0.07s
[2022-04-22T08:47:59.641+0000][9][safepoint   ] Safepoint "G1CollectForAllocation", Time since last: 385830458 ns, Reaching safepoint: 141000 ns, At safepoint: 62143417 ns, Total: 62284417 ns
[2022-04-22T08:48:00.643+0000][9][safepoint   ] Safepoint "Cleanup", Time since last: 1001212167 ns, Reaching safepoint: 326125 ns, At safepoint: 19792 ns, Total: 345917 ns
[2022-04-22T08:48:01.647+0000][9][safepoint   ] Safepoint "Cleanup", Time since last: 1004215583 ns, Reaching safepoint: 584667 ns, At safepoint: 10375 ns, Total: 595042 ns
[2022-04-22T08:48:02.655+0000][9][safepoint   ] Safepoint "Cleanup", Time since last: 1007699834 ns, Reaching safepoint: 439750 ns, At safepoint: 7833 ns, Total: 447583 ns
[2022-04-22T08:48:03.663+0000][9][safepoint   ] Safepoint "Cleanup", Time since last: 1007811459 ns, Reaching safepoint: 290125 ns, At safepoint: 9416 ns, Total: 299541 ns
[2022-04-22T08:48:04.685+0000][9][safepoint   ] Safepoint "Cleanup", Time since last: 1010178084 ns, Reaching safepoint: 11719000 ns, At safepoint: 19042 ns, Total: 11738042 ns
[2022-04-22T08:48:06.688+0000][9][safepoint   ] Safepoint "Cleanup", Time since last: 2003258584 ns, Reaching safepoint: 183833 ns, At safepoint: 5084 ns, Total: 188917 ns
[2022-04-22T08:48:07.692+0000][9][safepoint   ] Safepoint "Cleanup", Time since last: 1003266459 ns, Reaching safepoint: 183916 ns, At safepoint: 4250 ns, Total: 188166 ns
[2022-04-22T08:48:08.697+0000][9][safepoint   ] Safepoint "Cleanup", Time since last: 1005093334 ns, Reaching safepoint: 106292 ns, At safepoint: 2833 ns, Total: 109125 ns
[2022-04-22T08:48:09.704+0000][9][safepoint   ] Safepoint "Cleanup", Time since last: 1007001709 ns, Reaching safepoint: 112750 ns, At safepoint: 4583 ns, Total: 117333 ns
[2022-04-22T08:48:11.739+0000][9][safepoint   ] Safepoint "Cleanup", Time since last: 2031756210 ns, Reaching safepoint: 3699750 ns, At safepoint: 80000 ns, Total: 3779750 ns
[2022-04-22T08:48:12.757+0000][9][safepoint   ] Safepoint "Cleanup", Time since last: 1017274250 ns, Reaching safepoint: 124083 ns, At safepoint: 5042 ns, Total: 129125 ns
[2022-04-22T08:48:13.758+0000][9][safepoint   ] Safepoint "Cleanup", Time since last: 1001163584 ns, Reaching safepoint: 117375 ns, At safepoint: 3625 ns, Total: 121000 ns
[2022-04-22T08:48:15.768+0000][9][safepoint   ] Safepoint "Cleanup", Time since last: 2009343126 ns, Reaching safepoint: 353500 ns, At safepoint: 35458 ns, Total: 388958 ns
[2022-04-22T08:48:16.778+0000][9][safepoint   ] Safepoint "Cleanup", Time since last: 1009599667 ns, Reaching safepoint: 403750 ns, At safepoint: 14334 ns, Total: 418084 ns
[2022-04-22T08:48:18.793+0000][9][safepoint   ] Safepoint "Cleanup", Time since last: 2014731334 ns, Reaching safepoint: 123250 ns, At safepoint: 5042 ns, Total: 128292 ns
[2022-04-22T08:48:19.797+0000][9][safepoint   ] Safepoint "Cleanup", Time since last: 1003195333 ns, Reaching safepoint: 535042 ns, At safepoint: 18625 ns, Total: 553667 ns
[2022-04-22T08:48:20.801+0000][9][safepoint   ] Safepoint "Cleanup", Time since last: 1004791251 ns, Reaching safepoint: 133041 ns, At safepoint: 7709 ns, Total: 140750 ns
[2022-04-22T08:48:21.804+0000][9][safepoint   ] Safepoint "Cleanup", Time since last: 1001937250 ns, Reaching safepoint: 246417 ns, At safepoint: 9166 ns, Total: 255583 ns
[2022-04-22T08:48:22.807+0000][9][safepoint   ] Safepoint "Cleanup", Time since last: 1002598168 ns, Reaching safepoint: 514291 ns, At safepoint: 11042 ns, Total: 525333 ns
[2022-04-22T08:48:23.812+0000][9][safepoint   ] Safepoint "Cleanup", Time since last: 1004745709 ns, Reaching safepoint: 227583 ns, At safepoint: 6833 ns, Total: 234416 ns
[2022-04-22T08:48:24.860+0000][9][safepoint   ] Safepoint "Cleanup", Time since last: 1047922334 ns, Reaching safepoint: 167667 ns, At safepoint: 9208 ns, Total: 176875 ns
[2022-04-22T08:48:25.862+0000][9][safepoint   ] Safepoint "Cleanup", Time since last: 1001798084 ns, Reaching safepoint: 373375 ns, At safepoint: 8542 ns, Total: 381917 ns
[2022-04-22T08:48:27.873+0000][9][safepoint   ] Safepoint "Cleanup", Time since last: 2010499626 ns, Reaching safepoint: 237125 ns, At safepoint: 11000 ns, Total: 248125 ns
[2022-04-22T08:48:28.879+0000][9][safepoint   ] Safepoint "Cleanup", Time since last: 1005488542 ns, Reaching safepoint: 499250 ns, At safepoint: 15666 ns, Total: 514916 ns
[2022-04-22T08:48:29.891+0000][9][safepoint   ] Safepoint "Cleanup", Time since last: 1011409501 ns, Reaching safepoint: 1119458 ns, At safepoint: 21959 ns, Total: 1141417 ns
[2022-04-22T08:48:31.877+0000][9][safepoint   ] Safepoint "Cleanup", Time since last: 1984530333 ns, Reaching safepoint: 165208 ns, At safepoint: 4417 ns, Total: 169625 ns
[2022-04-22T08:48:32.881+0000][9][safepoint   ] Safepoint "Cleanup", Time since last: 1003921959 ns, Reaching safepoint: 419833 ns, At safepoint: 18083 ns, Total: 437916 ns
[2022-04-22T08:48:33.893+0000][9][safepoint   ] Safepoint "Cleanup", Time since last: 1011236667 ns, Reaching safepoint: 545459 ns, At safepoint: 15416 ns, Total: 560875 ns
[2022-04-22T08:48:35.907+0000][9][safepoint   ] Safepoint "Cleanup", Time since last: 2014157210 ns, Reaching safepoint: 170708 ns, At safepoint: 6292 ns, Total: 177000 ns
[2022-04-22T08:48:36.909+0000][9][safepoint   ] Safepoint "Cleanup", Time since last: 1001643125 ns, Reaching safepoint: 83084 ns, At safepoint: 3708 ns, Total: 86792 ns
[2022-04-22T08:48:37.910+0000][9][safepoint   ] Safepoint "Cleanup", Time since last: 1001441500 ns, Reaching safepoint: 72125 ns, At safepoint: 2167 ns, Total: 74292 ns
[2022-04-22T08:48:38.914+0000][9][safepoint   ] Safepoint "Cleanup", Time since last: 1003223459 ns, Reaching safepoint: 363875 ns, At safepoint: 11417 ns, Total: 375292 ns
[2022-04-22T08:48:39.928+0000][9][safepoint   ] Safepoint "Cleanup", Time since last: 1013286167 ns, Reaching safepoint: 496333 ns, At safepoint: 19792 ns, Total: 516125 ns
[2022-04-22T08:48:40.935+0000][9][safepoint   ] Safepoint "Cleanup", Time since last: 1006815500 ns, Reaching safepoint: 400250 ns, At safepoint: 69834 ns, Total: 470084 ns
[2022-04-22T08:48:42.943+0000][9][safepoint   ] Safepoint "Cleanup", Time since last: 2008135667 ns, Reaching safepoint: 121042 ns, At safepoint: 4333 ns, Total: 125375 ns
[2022-04-22T08:48:43.948+0000][9][safepoint   ] Safepoint "Cleanup", Time since last: 1003536334 ns, Reaching safepoint: 739375 ns, At safepoint: 11667 ns, Total: 751042 ns
[2022-04-22T08:48:45.964+0000][9][safepoint   ] Safepoint "Cleanup", Time since last: 2015652376 ns, Reaching safepoint: 357208 ns, At safepoint: 17125 ns, Total: 374333 ns
[2022-04-22T08:48:48.989+0000][9][safepoint   ] Safepoint "Cleanup", Time since last: 3025385751 ns, Reaching safepoint: 245584 ns, At safepoint: 4000 ns, Total: 249584 ns
[2022-04-22T08:48:49.991+0000][9][safepoint   ] Safepoint "Cleanup", Time since last: 1001544167 ns, Reaching safepoint: 454125 ns, At safepoint: 5167 ns, Total: 459292 ns
[2022-04-22T08:48:50.996+0000][9][safepoint   ] Safepoint "Cleanup", Time since last: 1003147375 ns, Reaching safepoint: 1244750 ns, At safepoint: 11833 ns, Total: 1256583 ns
[2022-04-22T08:48:52.023+0000][9][safepoint   ] Safepoint "Cleanup", Time since last: 1026933834 ns, Reaching safepoint: 296708 ns, At safepoint: 8875 ns, Total: 305583 ns
[2022-04-22T08:48:53.035+0000][9][safepoint   ] Safepoint "Cleanup", Time since last: 1011732876 ns, Reaching safepoint: 246875 ns, At safepoint: 10125 ns, Total: 257000 ns
[2022-04-22T08:48:54.050+0000][9][safepoint   ] Safepoint "Cleanup", Time since last: 1014272292 ns, Reaching safepoint: 434833 ns, At safepoint: 20875 ns, Total: 455708 ns
[2022-04-22T08:48:55.056+0000][9][safepoint   ] Safepoint "Cleanup", Time since last: 1006151626 ns, Reaching safepoint: 127375 ns, At safepoint: 4667 ns, Total: 132042 ns
[2022-04-22T08:48:56.058+0000][9][safepoint   ] Safepoint "Cleanup", Time since last: 1001572250 ns, Reaching safepoint: 186417 ns, At safepoint: 4833 ns, Total: 191250 ns
[2022-04-22T08:48:58.062+0000][9][safepoint   ] Safepoint "Cleanup", Time since last: 2004049293 ns, Reaching safepoint: 532708 ns, At safepoint: 17750 ns, Total: 550458 ns
[2022-04-22T08:48:59.077+0000][9][safepoint   ] Safepoint "Cleanup", Time since last: 1013860459 ns, Reaching safepoint: 440000 ns, At safepoint: 11833 ns, Total: 451833 ns
[2022-04-22T08:49:00.093+0000][9][safepoint   ] Safepoint "Cleanup", Time since last: 1016646709 ns, Reaching safepoint: 328000 ns, At safepoint: 11208 ns, Total: 339208 ns
[2022-04-22T08:49:01.106+0000][9][safepoint   ] Safepoint "Cleanup", Time since last: 1010776834 ns, Reaching safepoint: 2288708 ns, At safepoint: 16459 ns, Total: 2305167 ns
[2022-04-22T08:49:02.109+0000][9][safepoint   ] Safepoint "Cleanup", Time since last: 1002798833 ns, Reaching safepoint: 161709 ns, At safepoint: 6500 ns, Total: 168209 ns
[2022-04-22T08:49:03.115+0000][9][safepoint   ] Safepoint "Cleanup", Time since last: 1005035375 ns, Reaching safepoint: 182583 ns, At safepoint: 7834 ns, Total: 190417 ns
[2022-04-22T08:49:04.120+0000][9][safepoint   ] Safepoint "Cleanup", Time since last: 1004849250 ns, Reaching safepoint: 191542 ns, At safepoint: 8875 ns, Total: 200417 ns
[2022-04-22T08:49:05.819+0000][9][safepoint   ] Safepoint "Cleanup", Time since last: 1696165167 ns, Reaching safepoint: 2805792 ns, At safepoint: 18167 ns, Total: 2823959 ns
[2022-04-22T08:49:06.833+0000][9][safepoint   ] Safepoint "Cleanup", Time since last: 1013930125 ns, Reaching safepoint: 225250 ns, At safepoint: 10334 ns, Total: 235584 ns
[2022-04-22T08:49:07.835+0000][9][safepoint   ] Safepoint "Cleanup", Time since last: 1001886167 ns, Reaching safepoint: 230541 ns, At safepoint: 5042 ns, Total: 235583 ns
[2022-04-22T08:49:08.837+0000][9][safepoint   ] Safepoint "Cleanup", Time since last: 1001279792 ns, Reaching safepoint: 451417 ns, At safepoint: 16500 ns, Total: 467917 ns
[2022-04-22T08:49:09.859+0000][9][safepoint   ] Safepoint "Cleanup", Time since last: 1003812959 ns, Reaching safepoint: 1257791 ns, At safepoint: 17132334 ns, Total: 18390125 ns
[2022-04-22T08:49:10.865+0000][9][safepoint   ] Safepoint "Cleanup", Time since last: 1004541375 ns, Reaching safepoint: 1301375 ns, At safepoint: 22125 ns, Total: 1323500 ns
[2022-04-22T08:49:12.875+0000][9][safepoint   ] Safepoint "Cleanup", Time since last: 2009691751 ns, Reaching safepoint: 68333 ns, At safepoint: 1959 ns, Total: 70292 ns
[2022-04-22T08:49:13.876+0000][9][safepoint   ] Safepoint "Cleanup", Time since last: 1001183542 ns, Reaching safepoint: 86750 ns, At safepoint: 3667 ns, Total: 90417 ns
[2022-04-22T08:49:15.883+0000][9][safepoint   ] Safepoint "Cleanup", Time since last: 2007070917 ns, Reaching safepoint: 355667 ns, At safepoint: 12833 ns, Total: 368500 ns
[2022-04-22T08:49:18.905+0000][9][safepoint   ] Safepoint "Cleanup", Time since last: 3021475252 ns, Reaching safepoint: 181583 ns, At safepoint: 8542 ns, Total: 190125 ns
[2022-04-22T08:49:19.907+0000][9][safepoint   ] Safepoint "Cleanup", Time since last: 1002008792 ns, Reaching safepoint: 467583 ns, At safepoint: 17083 ns, Total: 484666 ns
[2022-04-22T08:49:20.923+0000][9][safepoint   ] Safepoint "Cleanup", Time since last: 1014953043 ns, Reaching safepoint: 115791 ns, At safepoint: 3750 ns, Total: 119541 ns
[2022-04-22T08:49:21.924+0000][9][safepoint   ] Safepoint "Cleanup", Time since last: 1001680459 ns, Reaching safepoint: 240042 ns, At safepoint: 9500 ns, Total: 249542 ns
[2022-04-22T08:49:22.928+0000][9][safepoint   ] Safepoint "Cleanup", Time since last: 1003556625 ns, Reaching safepoint: 247375 ns, At safepoint: 12417 ns, Total: 259792 ns
[2022-04-22T08:49:23.936+0000][9][safepoint   ] Safepoint "Cleanup", Time since last: 1006809417 ns, Reaching safepoint: 542083 ns, At safepoint: 19000 ns, Total: 561083 ns
[2022-04-22T08:49:24.658+0000][9][gc,start    ] GC(21) Pause Young (Normal) (G1 Evacuation Pause)
[2022-04-22T08:49:24.658+0000][9][gc,task     ] GC(21) Using 5 workers of 5 for evacuation
[2022-04-22T08:49:24.659+0000][9][gc,age      ] GC(21) Desired survivor size 20971520 bytes, new threshold 15 (max threshold 15)
[2022-04-22T08:49:24.666+0000][9][gc,age      ] GC(21) Age table with threshold 15 (max threshold 15)
[2022-04-22T08:49:24.667+0000][9][gc,age      ] GC(21) - age   1:    2238456 bytes,    2238456 total
[2022-04-22T08:49:24.668+0000][9][gc,age      ] GC(21) - age   2:     186072 bytes,    2424528 total
[2022-04-22T08:49:24.669+0000][9][gc,age      ] GC(21) - age   3:     582392 bytes,    3006920 total
[2022-04-22T08:49:24.669+0000][9][gc,age      ] GC(21) - age   4:    2549096 bytes,    5556016 total
[2022-04-22T08:49:24.670+0000][9][gc,age      ] GC(21) - age   5:    8383968 bytes,   13939984 total
[2022-04-22T08:49:24.671+0000][9][gc,age      ] GC(21) - age   6:     374080 bytes,   14314064 total
[2022-04-22T08:49:24.671+0000][9][gc,phases   ] GC(21)   Pre Evacuate Collection Set: 0.1ms
[2022-04-22T08:49:24.672+0000][9][gc,phases   ] GC(21)   Merge Heap Roots: 0.1ms
[2022-04-22T08:49:24.673+0000][9][gc,phases   ] GC(21)   Evacuate Collection Set: 5.5ms
[2022-04-22T08:49:24.674+0000][9][gc,phases   ] GC(21)   Post Evacuate Collection Set: 1.2ms
[2022-04-22T08:49:24.674+0000][9][gc,phases   ] GC(21)   Other: 7.0ms
[2022-04-22T08:49:24.675+0000][9][gc,heap     ] GC(21) Eden regions: 72->0(72)
[2022-04-22T08:49:24.676+0000][9][gc,heap     ] GC(21) Survivor regions: 4->4(10)
[2022-04-22T08:49:24.676+0000][9][gc,heap     ] GC(21) Old regions: 16->16
[2022-04-22T08:49:24.677+0000][9][gc,heap     ] GC(21) Archive regions: 2->2
[2022-04-22T08:49:24.678+0000][9][gc,heap     ] GC(21) Humongous regions: 6->6
[2022-04-22T08:49:24.679+0000][9][gc,metaspace] GC(21) Metaspace: 109972K(111616K)->109972K(111616K) NonClass: 95068K(96000K)->95068K(96000K) Class: 14903K(15616K)->14903K(15616K)
[2022-04-22T08:49:24.679+0000][9][gc          ] GC(21) Pause Young (Normal) (G1 Evacuation Pause) 391M->104M(512M) 21.466ms
[2022-04-22T08:49:24.680+0000][9][gc,cpu      ] GC(21) User=0.03s Sys=0.00s Real=0.03s
[2022-04-22T08:49:24.680+0000][9][safepoint   ] Safepoint "G1CollectForAllocation", Time since last: 721717209 ns, Reaching safepoint: 146542 ns, At safepoint: 22883208 ns, Total: 23029750 ns
[2022-04-22T08:49:25.681+0000][9][safepoint   ] Safepoint "Cleanup", Time since last: 1000839501 ns, Reaching safepoint: 201041 ns, At safepoint: 5792 ns, Total: 206833 ns
[2022-04-22T08:49:26.683+0000][9][safepoint   ] Safepoint "Cleanup", Time since last: 1001520917 ns, Reaching safepoint: 190125 ns, At safepoint: 13542 ns, Total: 203667 ns
[2022-04-22T08:49:27.695+0000][9][safepoint   ] Safepoint "Cleanup", Time since last: 1011040292 ns, Reaching safepoint: 358042 ns, At safepoint: 8708 ns, Total: 366750 ns
[2022-04-22T08:49:28.699+0000][9][safepoint   ] Safepoint "Cleanup", Time since last: 1004399375 ns, Reaching safepoint: 172834 ns, At safepoint: 30666 ns, Total: 203500 ns
[2022-04-22T08:49:30.703+0000][9][safepoint   ] Safepoint "Cleanup", Time since last: 2003373918 ns, Reaching safepoint: 48042 ns, At safepoint: 2416 ns, Total: 50458 ns
[2022-04-22T08:49:31.704+0000][9][safepoint   ] Safepoint "Cleanup", Time since last: 1001506958 ns, Reaching safepoint: 132625 ns, At safepoint: 3125 ns, Total: 135750 ns
[2022-04-22T08:49:32.709+0000][9][safepoint   ] Safepoint "Cleanup", Time since last: 1003307293 ns, Reaching safepoint: 263791 ns, At safepoint: 10959 ns, Total: 274750 ns
[2022-04-22T08:49:33.716+0000][9][safepoint   ] Safepoint "Cleanup", Time since last: 1008401542 ns, Reaching safepoint: 83208 ns, At safepoint: 7625 ns, Total: 90833 ns
[2022-04-22T08:49:34.718+0000][9][safepoint   ] Safepoint "Cleanup", Time since last: 1000630334 ns, Reaching safepoint: 744583 ns, At safepoint: 18209 ns, Total: 762792 ns
[2022-04-22T08:49:36.728+0000][9][safepoint   ] Safepoint "Cleanup", Time since last: 2010693167 ns, Reaching safepoint: 157125 ns, At safepoint: 4459 ns, Total: 161584 ns
[2022-04-22T08:49:37.734+0000][9][safepoint   ] Safepoint "Cleanup", Time since last: 1004871125 ns, Reaching safepoint: 283542 ns, At safepoint: 7625 ns, Total: 291167 ns
[2022-04-22T08:49:38.741+0000][9][safepoint   ] Safepoint "Cleanup", Time since last: 1006849375 ns, Reaching safepoint: 677250 ns, At safepoint: 21333 ns, Total: 698583 ns
[2022-04-22T08:49:39.750+0000][9][safepoint   ] Safepoint "Cleanup", Time since last: 1008658834 ns, Reaching safepoint: 133500 ns, At safepoint: 3292 ns, Total: 136792 ns
[2022-04-22T08:49:40.753+0000][9][safepoint   ] Safepoint "Cleanup", Time since last: 1003072209 ns, Reaching safepoint: 187875 ns, At safepoint: 5375 ns, Total: 193250 ns
[2022-04-22T08:49:41.757+0000][9][safepoint   ] Safepoint "Cleanup", Time since last: 1003938834 ns, Reaching safepoint: 350666 ns, At safepoint: 14209 ns, Total: 364875 ns
[2022-04-22T08:49:42.766+0000][9][safepoint   ] Safepoint "Cleanup", Time since last: 1007922958 ns, Reaching safepoint: 222500 ns, At safepoint: 21459 ns, Total: 243959 ns
[2022-04-22T08:49:43.768+0000][9][safepoint   ] Safepoint "Cleanup", Time since last: 1001933375 ns, Reaching safepoint: 122667 ns, At safepoint: 4500 ns, Total: 127167 ns
[2022-04-22T08:49:45.772+0000][9][safepoint   ] Safepoint "Cleanup", Time since last: 2003824001 ns, Reaching safepoint: 232708 ns, At safepoint: 9292 ns, Total: 242000 ns
[2022-04-22T08:49:48.784+0000][9][safepoint   ] Safepoint "Cleanup", Time since last: 3011728543 ns, Reaching safepoint: 393042 ns, At safepoint: 14041 ns, Total: 407083 ns
[2022-04-22T08:49:49.785+0000][9][safepoint   ] Safepoint "Cleanup", Time since last: 1000713376 ns, Reaching safepoint: 160208 ns, At safepoint: 12083 ns, Total: 172291 ns
[2022-04-22T08:49:50.786+0000][9][safepoint   ] Safepoint "Cleanup", Time since last: 1000727834 ns, Reaching safepoint: 90959 ns, At safepoint: 2833 ns, Total: 93792 ns
[2022-04-22T08:49:51.788+0000][9][safepoint   ] Safepoint "Cleanup", Time since last: 1002181709 ns, Reaching safepoint: 562375 ns, At safepoint: 9833 ns, Total: 572208 ns
[2022-04-22T08:49:53.797+0000][9][safepoint   ] Safepoint "Cleanup", Time since last: 2008169459 ns, Reaching safepoint: 393292 ns, At safepoint: 13875 ns, Total: 407167 ns
[2022-04-22T08:49:54.803+0000][9][safepoint   ] Safepoint "Cleanup", Time since last: 1005832250 ns, Reaching safepoint: 68875 ns, At safepoint: 3125 ns, Total: 72000 ns
[2022-04-22T08:49:55.809+0000][9][safepoint   ] Safepoint "Cleanup", Time since last: 1005753001 ns, Reaching safepoint: 424708 ns, At safepoint: 7750 ns, Total: 432458 ns
[2022-04-22T08:49:57.819+0000][9][safepoint   ] Safepoint "Cleanup", Time since last: 2009580210 ns, Reaching safepoint: 526125 ns, At safepoint: 13958 ns, Total: 540083 ns
[2022-04-22T08:49:58.827+0000][9][safepoint   ] Safepoint "Cleanup", Time since last: 1007572875 ns, Reaching safepoint: 713875 ns, At safepoint: 18584 ns, Total: 732459 ns
[2022-04-22T08:49:59.854+0000][9][safepoint   ] Safepoint "Cleanup", Time since last: 1026119167 ns, Reaching safepoint: 410792 ns, At safepoint: 11375 ns, Total: 422167 ns
[2022-04-22T08:50:00.859+0000][9][safepoint   ] Safepoint "Cleanup", Time since last: 1004815917 ns, Reaching safepoint: 48791 ns, At safepoint: 2459 ns, Total: 51250 ns
[2022-04-22T08:50:01.861+0000][9][safepoint   ] Safepoint "Cleanup", Time since last: 1002068000 ns, Reaching safepoint: 122083 ns, At safepoint: 3542 ns, Total: 125625 ns
[2022-04-22T08:50:03.867+0000][9][safepoint   ] Safepoint "Cleanup", Time since last: 2005731292 ns, Reaching safepoint: 127583 ns, At safepoint: 3709 ns, Total: 131292 ns
[2022-04-22T08:50:05.893+0000][9][safepoint   ] Safepoint "Cleanup", Time since last: 2025713042 ns, Reaching safepoint: 273292 ns, At safepoint: 5375 ns, Total: 278667 ns
[2022-04-22T08:50:06.896+0000][9][safepoint   ] Safepoint "Cleanup", Time since last: 1003457126 ns, Reaching safepoint: 49000 ns, At safepoint: 2250 ns, Total: 51250 ns
[2022-04-22T08:50:07.898+0000][9][safepoint   ] Safepoint "Cleanup", Time since last: 1001431583 ns, Reaching safepoint: 196125 ns, At safepoint: 9209 ns, Total: 205334 ns
[2022-04-22T08:50:08.908+0000][9][safepoint   ] Safepoint "Cleanup", Time since last: 1009267000 ns, Reaching safepoint: 686375 ns, At safepoint: 18834 ns, Total: 705209 ns
[2022-04-22T08:50:09.912+0000][9][safepoint   ] Safepoint "Cleanup", Time since last: 1003578917 ns, Reaching safepoint: 174000 ns, At safepoint: 3833 ns, Total: 177833 ns
[2022-04-22T08:50:10.918+0000][9][safepoint   ] Safepoint "Cleanup", Time since last: 1004508751 ns, Reaching safepoint: 1419750 ns, At safepoint: 12583 ns, Total: 1432333 ns
[2022-04-22T08:50:12.924+0000][9][safepoint   ] Safepoint "Cleanup", Time since last: 2006198959 ns, Reaching safepoint: 77125 ns, At safepoint: 5208 ns, Total: 82333 ns
[2022-04-22T08:50:13.926+0000][9][safepoint   ] Safepoint "Cleanup", Time since last: 1001417084 ns, Reaching safepoint: 138250 ns, At safepoint: 4042 ns, Total: 142292 ns
[2022-04-22T08:50:15.928+0000][9][safepoint   ] Safepoint "Cleanup", Time since last: 2002274626 ns, Reaching safepoint: 400208 ns, At safepoint: 11250 ns, Total: 411458 ns
[2022-04-22T08:50:18.938+0000][9][safepoint   ] Safepoint "Cleanup", Time since last: 3010118418 ns, Reaching safepoint: 61792 ns, At safepoint: 1792 ns, Total: 63584 ns
[2022-04-22T08:50:20.941+0000][9][safepoint   ] Safepoint "Cleanup", Time since last: 2002486917 ns, Reaching safepoint: 131500 ns, At safepoint: 4084 ns, Total: 135584 ns
[2022-04-22T08:50:21.945+0000][9][safepoint   ] Safepoint "Cleanup", Time since last: 1002601208 ns, Reaching safepoint: 1027292 ns, At safepoint: 11333 ns, Total: 1038625 ns
[2022-04-22T08:50:23.952+0000][9][safepoint   ] Safepoint "Cleanup", Time since last: 2006814793 ns, Reaching safepoint: 530917 ns, At safepoint: 13833 ns, Total: 544750 ns
[2022-04-22T08:50:24.959+0000][9][safepoint   ] Safepoint "Cleanup", Time since last: 1006888751 ns, Reaching safepoint: 139250 ns, At safepoint: 4500 ns, Total: 143750 ns
[2022-04-22T08:50:25.967+0000][9][safepoint   ] Safepoint "Cleanup", Time since last: 1006449875 ns, Reaching safepoint: 1008375 ns, At safepoint: 17250 ns, Total: 1025625 ns
[2022-04-22T08:50:27.978+0000][9][safepoint   ] Safepoint "Cleanup", Time since last: 2011462501 ns, Reaching safepoint: 206958 ns, At safepoint: 6000 ns, Total: 212958 ns
[2022-04-22T08:50:28.982+0000][9][safepoint   ] Safepoint "Cleanup", Time since last: 1003623751 ns, Reaching safepoint: 318416 ns, At safepoint: 18000 ns, Total: 336416 ns
[2022-04-22T08:50:30.992+0000][9][safepoint   ] Safepoint "Cleanup", Time since last: 2009506085 ns, Reaching safepoint: 207250 ns, At safepoint: 32916 ns, Total: 240166 ns
[2022-04-22T08:50:34.004+0000][9][safepoint   ] Safepoint "Cleanup", Time since last: 3010662084 ns, Reaching safepoint: 1917042 ns, At safepoint: 12875 ns, Total: 1929917 ns
[2022-04-22T08:50:35.012+0000][9][safepoint   ] Safepoint "Cleanup", Time since last: 1007505500 ns, Reaching safepoint: 218459 ns, At safepoint: 7958 ns, Total: 226417 ns
[2022-04-22T08:50:36.031+0000][9][safepoint   ] Safepoint "Cleanup", Time since last: 1018639001 ns, Reaching safepoint: 342208 ns, At safepoint: 14583 ns, Total: 356791 ns
[2022-04-22T08:50:37.040+0000][9][safepoint   ] Safepoint "Cleanup", Time since last: 1008370084 ns, Reaching safepoint: 113917 ns, At safepoint: 3666 ns, Total: 117583 ns
[2022-04-22T08:50:37.877+0000][9][gc,start    ] GC(22) Pause Young (Normal) (G1 Evacuation Pause)
[2022-04-22T08:50:37.878+0000][9][gc,task     ] GC(22) Using 5 workers of 5 for evacuation
[2022-04-22T08:50:37.878+0000][9][gc,age      ] GC(22) Desired survivor size 20971520 bytes, new threshold 15 (max threshold 15)
[2022-04-22T08:50:37.887+0000][9][gc,age      ] GC(22) Age table with threshold 15 (max threshold 15)
[2022-04-22T08:50:37.888+0000][9][gc,age      ] GC(22) - age   1:    1952824 bytes,    1952824 total
[2022-04-22T08:50:37.889+0000][9][gc,age      ] GC(22) - age   2:     337592 bytes,    2290416 total
[2022-04-22T08:50:37.890+0000][9][gc,age      ] GC(22) - age   3:     184152 bytes,    2474568 total
[2022-04-22T08:50:37.891+0000][9][gc,age      ] GC(22) - age   4:     536016 bytes,    3010584 total
[2022-04-22T08:50:37.891+0000][9][gc,age      ] GC(22) - age   5:    2514040 bytes,    5524624 total
[2022-04-22T08:50:37.892+0000][9][gc,age      ] GC(22) - age   6:    8266304 bytes,   13790928 total
[2022-04-22T08:50:37.893+0000][9][gc,age      ] GC(22) - age   7:     374080 bytes,   14165008 total
[2022-04-22T08:50:37.893+0000][9][gc,phases   ] GC(22)   Pre Evacuate Collection Set: 0.4ms
[2022-04-22T08:50:37.894+0000][9][gc,phases   ] GC(22)   Merge Heap Roots: 0.2ms
[2022-04-22T08:50:37.895+0000][9][gc,phases   ] GC(22)   Evacuate Collection Set: 5.5ms
[2022-04-22T08:50:37.895+0000][9][gc,phases   ] GC(22)   Post Evacuate Collection Set: 1.1ms
[2022-04-22T08:50:37.896+0000][9][gc,phases   ] GC(22)   Other: 9.2ms
[2022-04-22T08:50:37.896+0000][9][gc,heap     ] GC(22) Eden regions: 72->0(72)
[2022-04-22T08:50:37.897+0000][9][gc,heap     ] GC(22) Survivor regions: 4->4(10)
[2022-04-22T08:50:37.898+0000][9][gc,heap     ] GC(22) Old regions: 16->16
[2022-04-22T08:50:37.898+0000][9][gc,heap     ] GC(22) Archive regions: 2->2
[2022-04-22T08:50:37.899+0000][9][gc,heap     ] GC(22) Humongous regions: 6->6
[2022-04-22T08:50:37.900+0000][9][gc,metaspace] GC(22) Metaspace: 110505K(112192K)->110505K(112192K) NonClass: 95598K(96576K)->95598K(96576K) Class: 14906K(15616K)->14906K(15616K)
[2022-04-22T08:50:37.900+0000][9][gc          ] GC(22) Pause Young (Normal) (G1 Evacuation Pause) 392M->105M(512M) 23.055ms
[2022-04-22T08:50:37.901+0000][9][gc,cpu      ] GC(22) User=0.02s Sys=0.01s Real=0.03s
[2022-04-22T08:50:37.901+0000][9][safepoint   ] Safepoint "G1CollectForAllocation", Time since last: 836838626 ns, Reaching safepoint: 333250 ns, At safepoint: 24626250 ns, Total: 24959500 ns
[2022-04-22T08:50:38.906+0000][9][safepoint   ] Safepoint "Cleanup", Time since last: 1004023417 ns, Reaching safepoint: 499000 ns, At safepoint: 14583 ns, Total: 513583 ns
[2022-04-22T08:50:39.912+0000][9][safepoint   ] Safepoint "Cleanup", Time since last: 1005960167 ns, Reaching safepoint: 270709 ns, At safepoint: 6166 ns, Total: 276875 ns
[2022-04-22T08:50:40.915+0000][9][safepoint   ] Safepoint "Cleanup", Time since last: 1002750126 ns, Reaching safepoint: 226708 ns, At safepoint: 7917 ns, Total: 234625 ns
[2022-04-22T08:50:42.928+0000][9][safepoint   ] Safepoint "Cleanup", Time since last: 2012709709 ns, Reaching safepoint: 235875 ns, At safepoint: 17917 ns, Total: 253792 ns
[2022-04-22T08:50:44.354+0000][9][safepoint   ] Safepoint "Cleanup", Time since last: 1425994709 ns, Reaching safepoint: 239125 ns, At safepoint: 5625 ns, Total: 244750 ns
[2022-04-22T08:50:46.366+0000][9][safepoint   ] Safepoint "Cleanup", Time since last: 2011515084 ns, Reaching safepoint: 231292 ns, At safepoint: 9958 ns, Total: 241250 ns
[2022-04-22T08:50:49.383+0000][9][safepoint   ] Safepoint "Cleanup", Time since last: 3016180002 ns, Reaching safepoint: 706708 ns, At safepoint: 14958 ns, Total: 721666 ns
[2022-04-22T08:50:50.402+0000][9][safepoint   ] Safepoint "Cleanup", Time since last: 1019004917 ns, Reaching safepoint: 75709 ns, At safepoint: 2333 ns, Total: 78042 ns
[2022-04-22T08:50:51.406+0000][9][safepoint   ] Safepoint "Cleanup", Time since last: 1003032292 ns, Reaching safepoint: 594625 ns, At safepoint: 10542 ns, Total: 605167 ns
[2022-04-22T08:50:52.412+0000][9][safepoint   ] Safepoint "Cleanup", Time since last: 1006093792 ns, Reaching safepoint: 347042 ns, At safepoint: 9791 ns, Total: 356833 ns
[2022-04-22T08:50:53.418+0000][9][safepoint   ] Safepoint "Cleanup", Time since last: 1004874501 ns, Reaching safepoint: 997875 ns, At safepoint: 13708 ns, Total: 1011583 ns
[2022-04-22T08:50:55.445+0000][9][safepoint   ] Safepoint "Cleanup", Time since last: 2026362001 ns, Reaching safepoint: 683708 ns, At safepoint: 21042 ns, Total: 704750 ns
[2022-04-22T08:50:56.454+0000][9][safepoint   ] Safepoint "Cleanup", Time since last: 1008465626 ns, Reaching safepoint: 315083 ns, At safepoint: 9833 ns, Total: 324916 ns
[2022-04-22T08:50:58.463+0000][9][safepoint   ] Safepoint "Cleanup", Time since last: 2008991210 ns, Reaching safepoint: 269375 ns, At safepoint: 10208 ns, Total: 279583 ns
[2022-04-22T08:51:00.474+0000][9][safepoint   ] Safepoint "Cleanup", Time since last: 2010437042 ns, Reaching safepoint: 461834 ns, At safepoint: 10250 ns, Total: 472084 ns
[2022-04-22T08:51:01.484+0000][9][safepoint   ] Safepoint "Cleanup", Time since last: 1009480916 ns, Reaching safepoint: 218083 ns, At safepoint: 5542 ns, Total: 223625 ns
[2022-04-22T08:51:02.094+0000][9][safepoint   ] Safepoint "ICBufferFull", Time since last: 609929750 ns, Reaching safepoint: 205584 ns, At safepoint: 5250 ns, Total: 210834 ns
[2022-04-22T08:51:02.230+0000][9][safepoint   ] Safepoint "ICBufferFull", Time since last: 135519250 ns, Reaching safepoint: 241166 ns, At safepoint: 3834 ns, Total: 245000 ns
[2022-04-22T08:51:03.233+0000][9][safepoint   ] Safepoint "Cleanup", Time since last: 1003316750 ns, Reaching safepoint: 595584 ns, At safepoint: 13000 ns, Total: 608584 ns
[2022-04-22T08:51:04.248+0000][9][safepoint   ] Safepoint "Cleanup", Time since last: 1013741250 ns, Reaching safepoint: 412167 ns, At safepoint: 15458 ns, Total: 427625 ns
[2022-04-22T08:51:05.268+0000][9][safepoint   ] Safepoint "Cleanup", Time since last: 1019623500 ns, Reaching safepoint: 611584 ns, At safepoint: 18166 ns, Total: 629750 ns
[2022-04-22T08:51:06.277+0000][9][safepoint   ] Safepoint "Cleanup", Time since last: 1007305376 ns, Reaching safepoint: 1846125 ns, At safepoint: 14708 ns, Total: 1860833 ns
[2022-04-22T08:51:07.284+0000][9][safepoint   ] Safepoint "Cleanup", Time since last: 1006996292 ns, Reaching safepoint: 102084 ns, At safepoint: 2458 ns, Total: 104542 ns
[2022-04-22T08:51:08.286+0000][9][safepoint   ] Safepoint "Cleanup", Time since last: 1001876209 ns, Reaching safepoint: 199667 ns, At safepoint: 8875 ns, Total: 208542 ns
[2022-04-22T08:51:08.812+0000][9][gc,start    ] GC(23) Pause Young (Normal) (G1 Evacuation Pause)
[2022-04-22T08:51:08.813+0000][9][gc,task     ] GC(23) Using 5 workers of 5 for evacuation
[2022-04-22T08:51:08.814+0000][9][gc,age      ] GC(23) Desired survivor size 20971520 bytes, new threshold 15 (max threshold 15)
[2022-04-22T08:51:08.823+0000][9][gc,age      ] GC(23) Age table with threshold 15 (max threshold 15)
[2022-04-22T08:51:08.824+0000][9][gc,age      ] GC(23) - age   1:    1631432 bytes,    1631432 total
[2022-04-22T08:51:08.826+0000][9][gc,age      ] GC(23) - age   2:     482360 bytes,    2113792 total
[2022-04-22T08:51:08.826+0000][9][gc,age      ] GC(23) - age   3:     137400 bytes,    2251192 total
[2022-04-22T08:51:08.827+0000][9][gc,age      ] GC(23) - age   4:     183864 bytes,    2435056 total
[2022-04-22T08:51:08.828+0000][9][gc,age      ] GC(23) - age   5:     484096 bytes,    2919152 total
[2022-04-22T08:51:08.828+0000][9][gc,age      ] GC(23) - age   6:    2446232 bytes,    5365384 total
[2022-04-22T08:51:08.829+0000][9][gc,age      ] GC(23) - age   7:    7807032 bytes,   13172416 total
[2022-04-22T08:51:08.831+0000][9][gc,age      ] GC(23) - age   8:     374080 bytes,   13546496 total
[2022-04-22T08:51:08.831+0000][9][gc,phases   ] GC(23)   Pre Evacuate Collection Set: 0.2ms
[2022-04-22T08:51:08.832+0000][9][gc,phases   ] GC(23)   Merge Heap Roots: 0.3ms
[2022-04-22T08:51:08.833+0000][9][gc,phases   ] GC(23)   Evacuate Collection Set: 6.6ms
[2022-04-22T08:51:08.833+0000][9][gc,phases   ] GC(23)   Post Evacuate Collection Set: 1.0ms
[2022-04-22T08:51:08.834+0000][9][gc,phases   ] GC(23)   Other: 11.4ms
[2022-04-22T08:51:08.835+0000][9][gc,heap     ] GC(23) Eden regions: 72->0(72)
[2022-04-22T08:51:08.835+0000][9][gc,heap     ] GC(23) Survivor regions: 4->4(10)
[2022-04-22T08:51:08.836+0000][9][gc,heap     ] GC(23) Old regions: 16->16
[2022-04-22T08:51:08.836+0000][9][gc,heap     ] GC(23) Archive regions: 2->2
[2022-04-22T08:51:08.837+0000][9][gc,heap     ] GC(23) Humongous regions: 6->6
[2022-04-22T08:51:08.838+0000][9][gc,metaspace] GC(23) Metaspace: 110773K(112384K)->110773K(112384K) NonClass: 95829K(96768K)->95829K(96768K) Class: 14944K(15616K)->14944K(15616K)
[2022-04-22T08:51:08.839+0000][9][gc          ] GC(23) Pause Young (Normal) (G1 Evacuation Pause) 393M->104M(512M) 26.648ms
[2022-04-22T08:51:08.839+0000][9][gc,cpu      ] GC(23) User=0.03s Sys=0.01s Real=0.03s
[2022-04-22T08:51:08.840+0000][9][safepoint   ] Safepoint "G1CollectForAllocation", Time since last: 525384042 ns, Reaching safepoint: 200750 ns, At safepoint: 27988625 ns, Total: 28189375 ns
[2022-04-22T08:51:09.846+0000][9][safepoint   ] Safepoint "Cleanup", Time since last: 1006050583 ns, Reaching safepoint: 184334 ns, At safepoint: 4791 ns, Total: 189125 ns
[2022-04-22T08:51:10.853+0000][9][safepoint   ] Safepoint "Cleanup", Time since last: 1006327209 ns, Reaching safepoint: 176208 ns, At safepoint: 5875 ns, Total: 182083 ns
[2022-04-22T08:51:12.856+0000][9][safepoint   ] Safepoint "Cleanup", Time since last: 2003518460 ns, Reaching safepoint: 361708 ns, At safepoint: 4083 ns, Total: 365791 ns
[2022-04-22T08:51:13.858+0000][9][safepoint   ] Safepoint "Cleanup", Time since last: 1001447209 ns, Reaching safepoint: 56000 ns, At safepoint: 2292 ns, Total: 58292 ns
[2022-04-22T08:51:15.868+0000][9][safepoint   ] Safepoint "Cleanup", Time since last: 2009928084 ns, Reaching safepoint: 125709 ns, At safepoint: 6458 ns, Total: 132167 ns
[2022-04-22T08:51:18.871+0000][9][safepoint   ] Safepoint "Cleanup", Time since last: 3002790960 ns, Reaching safepoint: 57250 ns, At safepoint: 5208 ns, Total: 62458 ns
[2022-04-22T08:51:19.873+0000][9][safepoint   ] Safepoint "Cleanup", Time since last: 1001556667 ns, Reaching safepoint: 99292 ns, At safepoint: 5000 ns, Total: 104292 ns
[2022-04-22T08:51:20.874+0000][9][safepoint   ] Safepoint "Cleanup", Time since last: 1001416625 ns, Reaching safepoint: 190667 ns, At safepoint: 7125 ns, Total: 197792 ns
[2022-04-22T08:51:21.381+0000][9][safepoint   ] Safepoint "ICBufferFull", Time since last: 506141833 ns, Reaching safepoint: 441500 ns, At safepoint: 10292 ns, Total: 451792 ns
[2022-04-22T08:51:22.132+0000][9][safepoint   ] Safepoint "ICBufferFull", Time since last: 750869709 ns, Reaching safepoint: 191792 ns, At safepoint: 10958 ns, Total: 202750 ns
[2022-04-22T08:51:23.133+0000][9][safepoint   ] Safepoint "Cleanup", Time since last: 1001212709 ns, Reaching safepoint: 255708 ns, At safepoint: 14458 ns, Total: 270166 ns
[2022-04-22T08:51:24.135+0000][9][safepoint   ] Safepoint "Cleanup", Time since last: 1001838501 ns, Reaching safepoint: 139291 ns, At safepoint: 3417 ns, Total: 142708 ns
[2022-04-22T08:51:24.757+0000][9][safepoint   ] Safepoint "ICBufferFull", Time since last: 621135709 ns, Reaching safepoint: 255375 ns, At safepoint: 9583 ns, Total: 264958 ns
[2022-04-22T08:51:25.587+0000][9][safepoint   ] Safepoint "ICBufferFull", Time since last: 829180667 ns, Reaching safepoint: 980000 ns, At safepoint: 16417 ns, Total: 996417 ns
[2022-04-22T08:51:26.269+0000][9][safepoint   ] Safepoint "ICBufferFull", Time since last: 682263708 ns, Reaching safepoint: 293792 ns, At safepoint: 6458 ns, Total: 300250 ns
[2022-04-22T08:51:26.499+0000][9][gc,start    ] GC(24) Pause Young (Normal) (G1 Evacuation Pause)
[2022-04-22T08:51:26.500+0000][9][gc,task     ] GC(24) Using 5 workers of 5 for evacuation
[2022-04-22T08:51:26.501+0000][9][gc,age      ] GC(24) Desired survivor size 20971520 bytes, new threshold 15 (max threshold 15)
[2022-04-22T08:51:26.513+0000][9][gc,age      ] GC(24) Age table with threshold 15 (max threshold 15)
[2022-04-22T08:51:26.514+0000][9][gc,age      ] GC(24) - age   1:    3001920 bytes,    3001920 total
[2022-04-22T08:51:26.515+0000][9][gc,age      ] GC(24) - age   2:     642192 bytes,    3644112 total
[2022-04-22T08:51:26.516+0000][9][gc,age      ] GC(24) - age   3:     479104 bytes,    4123216 total
[2022-04-22T08:51:26.517+0000][9][gc,age      ] GC(24) - age   4:     136912 bytes,    4260128 total
[2022-04-22T08:51:26.519+0000][9][gc,age      ] GC(24) - age   5:     183736 bytes,    4443864 total
[2022-04-22T08:51:26.520+0000][9][gc,age      ] GC(24) - age   6:     483968 bytes,    4927832 total
[2022-04-22T08:51:26.523+0000][9][gc,age      ] GC(24) - age   7:    2436608 bytes,    7364440 total
[2022-04-22T08:51:26.524+0000][9][gc,age      ] GC(24) - age   8:    7806672 bytes,   15171112 total
[2022-04-22T08:51:26.525+0000][9][gc,age      ] GC(24) - age   9:     374080 bytes,   15545192 total
[2022-04-22T08:51:26.526+0000][9][gc,phases   ] GC(24)   Pre Evacuate Collection Set: 0.1ms
[2022-04-22T08:51:26.526+0000][9][gc,phases   ] GC(24)   Merge Heap Roots: 0.2ms
[2022-04-22T08:51:26.527+0000][9][gc,phases   ] GC(24)   Evacuate Collection Set: 9.0ms
[2022-04-22T08:51:26.528+0000][9][gc,phases   ] GC(24)   Post Evacuate Collection Set: 1.2ms
[2022-04-22T08:51:26.528+0000][9][gc,phases   ] GC(24)   Other: 16.6ms
[2022-04-22T08:51:26.529+0000][9][gc,heap     ] GC(24) Eden regions: 72->0(72)
[2022-04-22T08:51:26.530+0000][9][gc,heap     ] GC(24) Survivor regions: 4->4(10)
[2022-04-22T08:51:26.530+0000][9][gc,heap     ] GC(24) Old regions: 16->16
[2022-04-22T08:51:26.531+0000][9][gc,heap     ] GC(24) Archive regions: 2->2
[2022-04-22T08:51:26.532+0000][9][gc,heap     ] GC(24) Humongous regions: 6->6
[2022-04-22T08:51:26.532+0000][9][gc,metaspace] GC(24) Metaspace: 111616K(113216K)->111616K(113216K) NonClass: 96654K(97600K)->96654K(97600K) Class: 14961K(15616K)->14961K(15616K)
[2022-04-22T08:51:26.534+0000][9][gc          ] GC(24) Pause Young (Normal) (G1 Evacuation Pause) 392M->105M(512M) 35.130ms
[2022-04-22T08:51:26.535+0000][9][gc,cpu      ] GC(24) User=0.02s Sys=0.00s Real=0.03s
[2022-04-22T08:51:26.535+0000][9][safepoint   ] Safepoint "G1CollectForAllocation", Time since last: 229139959 ns, Reaching safepoint: 56875 ns, At safepoint: 36875083 ns, Total: 36931958 ns
[2022-04-22T08:51:27.539+0000][9][safepoint   ] Safepoint "Cleanup", Time since last: 1003531584 ns, Reaching safepoint: 226542 ns, At safepoint: 43666 ns, Total: 270208 ns
[2022-04-22T08:51:28.303+0000][9][safepoint   ] Safepoint "ICBufferFull", Time since last: 762825667 ns, Reaching safepoint: 1032917 ns, At safepoint: 38000 ns, Total: 1070917 ns
[2022-04-22T08:51:29.305+0000][9][safepoint   ] Safepoint "Cleanup", Time since last: 1001502292 ns, Reaching safepoint: 302959 ns, At safepoint: 34000 ns, Total: 336959 ns
[2022-04-22T08:51:30.306+0000][9][safepoint   ] Safepoint "Cleanup", Time since last: 1001057375 ns, Reaching safepoint: 157917 ns, At safepoint: 16041 ns, Total: 173958 ns
[2022-04-22T08:51:31.307+0000][9][safepoint   ] Safepoint "Cleanup", Time since last: 1001001625 ns, Reaching safepoint: 360042 ns, At safepoint: 13333 ns, Total: 373375 ns
[2022-04-22T08:51:32.309+0000][9][safepoint   ] Safepoint "Cleanup", Time since last: 1001389209 ns, Reaching safepoint: 266167 ns, At safepoint: 8875 ns, Total: 275042 ns
[2022-04-22T08:51:33.311+0000][9][safepoint   ] Safepoint "Cleanup", Time since last: 1001306084 ns, Reaching safepoint: 156333 ns, At safepoint: 5000 ns, Total: 161333 ns
[2022-04-22T08:51:34.450+0000][9][gc,start    ] GC(25) Pause Young (Normal) (G1 Evacuation Pause)
[2022-04-22T08:51:34.452+0000][9][gc,task     ] GC(25) Using 5 workers of 5 for evacuation
[2022-04-22T08:51:34.453+0000][9][gc,age      ] GC(25) Desired survivor size 20971520 bytes, new threshold 15 (max threshold 15)
[2022-04-22T08:51:34.460+0000][9][gc,age      ] GC(25) Age table with threshold 15 (max threshold 15)
[2022-04-22T08:51:34.461+0000][9][gc,age      ] GC(25) - age   1:    1819680 bytes,    1819680 total
[2022-04-22T08:51:34.462+0000][9][gc,age      ] GC(25) - age   2:    1024096 bytes,    2843776 total
[2022-04-22T08:51:34.463+0000][9][gc,age      ] GC(25) - age   3:     549832 bytes,    3393608 total
[2022-04-22T08:51:34.464+0000][9][gc,age      ] GC(25) - age   4:     346832 bytes,    3740440 total
[2022-04-22T08:51:34.465+0000][9][gc,age      ] GC(25) - age   5:     136816 bytes,    3877256 total
[2022-04-22T08:51:34.466+0000][9][gc,age      ] GC(25) - age   6:     183736 bytes,    4060992 total
[2022-04-22T08:51:34.467+0000][9][gc,age      ] GC(25) - age   7:     483832 bytes,    4544824 total
[2022-04-22T08:51:34.467+0000][9][gc,age      ] GC(25) - age   8:    2436472 bytes,    6981296 total
[2022-04-22T08:51:34.468+0000][9][gc,age      ] GC(25) - age   9:    7806672 bytes,   14787968 total
[2022-04-22T08:51:34.469+0000][9][gc,age      ] GC(25) - age  10:     374080 bytes,   15162048 total
[2022-04-22T08:51:34.469+0000][9][gc,phases   ] GC(25)   Pre Evacuate Collection Set: 0.1ms
[2022-04-22T08:51:34.470+0000][9][gc,phases   ] GC(25)   Merge Heap Roots: 0.1ms
[2022-04-22T08:51:34.471+0000][9][gc,phases   ] GC(25)   Evacuate Collection Set: 5.5ms
[2022-04-22T08:51:34.471+0000][9][gc,phases   ] GC(25)   Post Evacuate Collection Set: 1.1ms
[2022-04-22T08:51:34.472+0000][9][gc,phases   ] GC(25)   Other: 12.8ms
[2022-04-22T08:51:34.472+0000][9][gc,heap     ] GC(25) Eden regions: 72->0(72)
[2022-04-22T08:51:34.473+0000][9][gc,heap     ] GC(25) Survivor regions: 4->4(10)
[2022-04-22T08:51:34.474+0000][9][gc,heap     ] GC(25) Old regions: 16->16
[2022-04-22T08:51:34.475+0000][9][gc,heap     ] GC(25) Archive regions: 2->2
[2022-04-22T08:51:34.475+0000][9][gc,heap     ] GC(25) Humongous regions: 6->6
[2022-04-22T08:51:34.476+0000][9][gc,metaspace] GC(25) Metaspace: 111775K(113408K)->111775K(113408K) NonClass: 96812K(97792K)->96812K(97792K) Class: 14963K(15616K)->14963K(15616K)
[2022-04-22T08:51:34.477+0000][9][gc          ] GC(25) Pause Young (Normal) (G1 Evacuation Pause) 393M->105M(512M) 26.649ms
[2022-04-22T08:51:34.477+0000][9][gc,cpu      ] GC(25) User=0.03s Sys=0.00s Real=0.02s
[2022-04-22T08:51:34.478+0000][9][safepoint   ] Safepoint "G1CollectForAllocation", Time since last: 1139019625 ns, Reaching safepoint: 184417 ns, At safepoint: 28308667 ns, Total: 28493084 ns
[2022-04-22T08:51:35.481+0000][9][safepoint   ] Safepoint "Cleanup", Time since last: 1002482500 ns, Reaching safepoint: 491792 ns, At safepoint: 52708 ns, Total: 544500 ns
[2022-04-22T08:51:36.484+0000][9][safepoint   ] Safepoint "Cleanup", Time since last: 1001984042 ns, Reaching safepoint: 639209 ns, At safepoint: 16125 ns, Total: 655334 ns
[2022-04-22T08:51:37.371+0000][9][safepoint   ] Safepoint "ICBufferFull", Time since last: 886989958 ns, Reaching safepoint: 276042 ns, At safepoint: 15083 ns, Total: 291125 ns
[2022-04-22T08:51:38.372+0000][9][safepoint   ] Safepoint "Cleanup", Time since last: 1001261876 ns, Reaching safepoint: 135000 ns, At safepoint: 6375 ns, Total: 141375 ns
[2022-04-22T08:51:39.374+0000][9][safepoint   ] Safepoint "Cleanup", Time since last: 1001338375 ns, Reaching safepoint: 79625 ns, At safepoint: 2375 ns, Total: 82000 ns
[2022-04-22T08:51:40.375+0000][9][safepoint   ] Safepoint "Cleanup", Time since last: 1001093251 ns, Reaching safepoint: 156458 ns, At safepoint: 15834 ns, Total: 172292 ns
[2022-04-22T08:51:41.376+0000][9][safepoint   ] Safepoint "Cleanup", Time since last: 1000857417 ns, Reaching safepoint: 212625 ns, At safepoint: 8541 ns, Total: 221166 ns
[2022-04-22T08:51:42.377+0000][9][safepoint   ] Safepoint "Cleanup", Time since last: 1000821126 ns, Reaching safepoint: 294417 ns, At safepoint: 4625 ns, Total: 299042 ns
[2022-04-22T08:51:42.514+0000][9][gc,start    ] GC(26) Pause Young (Normal) (G1 Evacuation Pause)
[2022-04-22T08:51:42.515+0000][9][gc,task     ] GC(26) Using 5 workers of 5 for evacuation
[2022-04-22T08:51:42.516+0000][9][gc,age      ] GC(26) Desired survivor size 20971520 bytes, new threshold 15 (max threshold 15)
[2022-04-22T08:51:42.526+0000][9][gc,age      ] GC(26) Age table with threshold 15 (max threshold 15)
[2022-04-22T08:51:42.527+0000][9][gc,age      ] GC(26) - age   1:    2980552 bytes,    2980552 total
[2022-04-22T08:51:42.527+0000][9][gc,age      ] GC(26) - age   2:     589784 bytes,    3570336 total
[2022-04-22T08:51:42.528+0000][9][gc,age      ] GC(26) - age   3:     881872 bytes,    4452208 total
[2022-04-22T08:51:42.529+0000][9][gc,age      ] GC(26) - age   4:     532792 bytes,    4985000 total
[2022-04-22T08:51:42.529+0000][9][gc,age      ] GC(26) - age   5:     346552 bytes,    5331552 total
[2022-04-22T08:51:42.530+0000][9][gc,age      ] GC(26) - age   6:     136488 bytes,    5468040 total
[2022-04-22T08:51:42.531+0000][9][gc,age      ] GC(26) - age   7:     183736 bytes,    5651776 total
[2022-04-22T08:51:42.531+0000][9][gc,age      ] GC(26) - age   8:     483536 bytes,    6135312 total
[2022-04-22T08:51:42.532+0000][9][gc,age      ] GC(26) - age   9:    2436472 bytes,    8571784 total
[2022-04-22T08:51:42.532+0000][9][gc,age      ] GC(26) - age  10:    7806672 bytes,   16378456 total
[2022-04-22T08:51:42.533+0000][9][gc,age      ] GC(26) - age  11:     374080 bytes,   16752536 total
[2022-04-22T08:51:42.534+0000][9][gc,phases   ] GC(26)   Pre Evacuate Collection Set: 0.1ms
[2022-04-22T08:51:42.534+0000][9][gc,phases   ] GC(26)   Merge Heap Roots: 0.1ms
[2022-04-22T08:51:42.535+0000][9][gc,phases   ] GC(26)   Evacuate Collection Set: 7.4ms
[2022-04-22T08:51:42.535+0000][9][gc,phases   ] GC(26)   Post Evacuate Collection Set: 1.3ms
[2022-04-22T08:51:42.536+0000][9][gc,phases   ] GC(26)   Other: 10.3ms
[2022-04-22T08:51:42.536+0000][9][gc,heap     ] GC(26) Eden regions: 72->0(71)
[2022-04-22T08:51:42.537+0000][9][gc,heap     ] GC(26) Survivor regions: 4->5(10)
[2022-04-22T08:51:42.538+0000][9][gc,heap     ] GC(26) Old regions: 16->16
[2022-04-22T08:51:42.538+0000][9][gc,heap     ] GC(26) Archive regions: 2->2
[2022-04-22T08:51:42.539+0000][9][gc,heap     ] GC(26) Humongous regions: 6->6
[2022-04-22T08:51:42.539+0000][9][gc,metaspace] GC(26) Metaspace: 111812K(113472K)->111812K(113472K) NonClass: 96846K(97792K)->96846K(97792K) Class: 14965K(15680K)->14965K(15680K)
[2022-04-22T08:51:42.540+0000][9][gc          ] GC(26) Pause Young (Normal) (G1 Evacuation Pause) 393M->107M(512M) 25.278ms
[2022-04-22T08:51:42.540+0000][9][gc,cpu      ] GC(26) User=0.03s Sys=0.00s Real=0.03s
[2022-04-22T08:51:42.541+0000][9][safepoint   ] Safepoint "G1CollectForAllocation", Time since last: 136767125 ns, Reaching safepoint: 311125 ns, At safepoint: 26500625 ns, Total: 26811750 ns
[2022-04-22T08:51:43.928+0000][9][safepoint   ] Safepoint "Cleanup", Time since last: 1386578167 ns, Reaching safepoint: 302333 ns, At safepoint: 12625 ns, Total: 314958 ns
[2022-04-22T08:51:44.929+0000][9][safepoint   ] Safepoint "Cleanup", Time since last: 1000824376 ns, Reaching safepoint: 82875 ns, At safepoint: 3583 ns, Total: 86458 ns
[2022-04-22T08:51:45.930+0000][9][safepoint   ] Safepoint "Cleanup", Time since last: 1001068001 ns, Reaching safepoint: 118041 ns, At safepoint: 4334 ns, Total: 122375 ns
[2022-04-22T08:51:46.931+0000][9][safepoint   ] Safepoint "Cleanup", Time since last: 1001196875 ns, Reaching safepoint: 303792 ns, At safepoint: 4666 ns, Total: 308458 ns
[2022-04-22T08:51:47.933+0000][9][safepoint   ] Safepoint "Cleanup", Time since last: 1000965001 ns, Reaching safepoint: 188875 ns, At safepoint: 8583 ns, Total: 197458 ns
[2022-04-22T08:51:48.934+0000][9][safepoint   ] Safepoint "Cleanup", Time since last: 1000730376 ns, Reaching safepoint: 246666 ns, At safepoint: 10334 ns, Total: 257000 ns
[2022-04-22T08:51:49.939+0000][9][safepoint   ] Safepoint "Cleanup", Time since last: 1005283542 ns, Reaching safepoint: 390750 ns, At safepoint: 14708 ns, Total: 405458 ns
[2022-04-22T08:51:50.949+0000][9][safepoint   ] Safepoint "Cleanup", Time since last: 1009217459 ns, Reaching safepoint: 255917 ns, At safepoint: 18166 ns, Total: 274083 ns
[2022-04-22T08:51:51.709+0000][9][gc,start    ] GC(27) Pause Young (Normal) (G1 Evacuation Pause)
[2022-04-22T08:51:51.711+0000][9][gc,task     ] GC(27) Using 5 workers of 5 for evacuation
[2022-04-22T08:51:51.712+0000][9][gc,age      ] GC(27) Desired survivor size 20971520 bytes, new threshold 15 (max threshold 15)
[2022-04-22T08:51:51.721+0000][9][gc,age      ] GC(27) Age table with threshold 15 (max threshold 15)
[2022-04-22T08:51:51.723+0000][9][gc,age      ] GC(27) - age   1:    4091128 bytes,    4091128 total
[2022-04-22T08:51:51.724+0000][9][gc,age      ] GC(27) - age   2:    1679328 bytes,    5770456 total
[2022-04-22T08:51:51.725+0000][9][gc,age      ] GC(27) - age   3:     464176 bytes,    6234632 total
[2022-04-22T08:51:51.726+0000][9][gc,age      ] GC(27) - age   4:     874656 bytes,    7109288 total
[2022-04-22T08:51:51.727+0000][9][gc,age      ] GC(27) - age   5:     531480 bytes,    7640768 total
[2022-04-22T08:51:51.727+0000][9][gc,age      ] GC(27) - age   6:     345960 bytes,    7986728 total
[2022-04-22T08:51:51.728+0000][9][gc,age      ] GC(27) - age   7:     136488 bytes,    8123216 total
[2022-04-22T08:51:51.729+0000][9][gc,age      ] GC(27) - age   8:     183736 bytes,    8306952 total
[2022-04-22T08:51:51.730+0000][9][gc,age      ] GC(27) - age   9:     483456 bytes,    8790408 total
[2022-04-22T08:51:51.731+0000][9][gc,age      ] GC(27) - age  10:    2373360 bytes,   11163768 total
[2022-04-22T08:51:51.732+0000][9][gc,age      ] GC(27) - age  11:    7567152 bytes,   18730920 total
[2022-04-22T08:51:51.732+0000][9][gc,age      ] GC(27) - age  12:     355528 bytes,   19086448 total
[2022-04-22T08:51:51.733+0000][9][gc,phases   ] GC(27)   Pre Evacuate Collection Set: 0.3ms
[2022-04-22T08:51:51.734+0000][9][gc,phases   ] GC(27)   Merge Heap Roots: 0.1ms
[2022-04-22T08:51:51.735+0000][9][gc,phases   ] GC(27)   Evacuate Collection Set: 6.9ms
[2022-04-22T08:51:51.735+0000][9][gc,phases   ] GC(27)   Post Evacuate Collection Set: 2.1ms
[2022-04-22T08:51:51.736+0000][9][gc,phases   ] GC(27)   Other: 14.0ms
[2022-04-22T08:51:51.737+0000][9][gc,heap     ] GC(27) Eden regions: 71->0(71)
[2022-04-22T08:51:51.738+0000][9][gc,heap     ] GC(27) Survivor regions: 5->5(10)
[2022-04-22T08:51:51.739+0000][9][gc,heap     ] GC(27) Old regions: 16->16
[2022-04-22T08:51:51.740+0000][9][gc,heap     ] GC(27) Archive regions: 2->2
[2022-04-22T08:51:51.741+0000][9][gc,heap     ] GC(27) Humongous regions: 6->6
[2022-04-22T08:51:51.741+0000][9][gc,metaspace] GC(27) Metaspace: 112202K(113920K)->112202K(113920K) NonClass: 97198K(98176K)->97198K(98176K) Class: 15004K(15744K)->15004K(15744K)
[2022-04-22T08:51:51.742+0000][9][gc          ] GC(27) Pause Young (Normal) (G1 Evacuation Pause) 391M->109M(512M) 32.636ms
[2022-04-22T08:51:51.743+0000][9][gc,cpu      ] GC(27) User=0.03s Sys=0.01s Real=0.03s
[2022-04-22T08:51:51.743+0000][9][safepoint   ] Safepoint "G1CollectForAllocation", Time since last: 760454292 ns, Reaching safepoint: 68959 ns, At safepoint: 33801333 ns, Total: 33870292 ns
[2022-04-22T08:51:52.745+0000][9][safepoint   ] Safepoint "Cleanup", Time since last: 1001896792 ns, Reaching safepoint: 118292 ns, At safepoint: 4416 ns, Total: 122708 ns
[2022-04-22T08:51:53.746+0000][9][safepoint   ] Safepoint "Cleanup", Time since last: 1001188334 ns, Reaching safepoint: 56292 ns, At safepoint: 1917 ns, Total: 58209 ns
[2022-04-22T08:51:54.748+0000][9][safepoint   ] Safepoint "Cleanup", Time since last: 1001150958 ns, Reaching safepoint: 205125 ns, At safepoint: 8959 ns, Total: 214084 ns
[2022-04-22T08:51:55.749+0000][9][safepoint   ] Safepoint "Cleanup", Time since last: 1001407000 ns, Reaching safepoint: 275625 ns, At safepoint: 35084 ns, Total: 310709 ns
[2022-04-22T08:51:56.751+0000][9][safepoint   ] Safepoint "Cleanup", Time since last: 1001459667 ns, Reaching safepoint: 245250 ns, At safepoint: 3791 ns, Total: 249041 ns
[2022-04-22T08:51:57.755+0000][9][safepoint   ] Safepoint "Cleanup", Time since last: 1002812626 ns, Reaching safepoint: 550042 ns, At safepoint: 31125 ns, Total: 581167 ns
[2022-04-22T08:51:59.740+0000][9][safepoint   ] Safepoint "Cleanup", Time since last: 1985331000 ns, Reaching safepoint: 203750 ns, At safepoint: 5084 ns, Total: 208834 ns
[2022-04-22T08:51:59.782+0000][9][gc,start    ] GC(28) Pause Young (Normal) (G1 Evacuation Pause)
[2022-04-22T08:51:59.783+0000][9][gc,task     ] GC(28) Using 5 workers of 5 for evacuation
[2022-04-22T08:51:59.784+0000][9][gc,age      ] GC(28) Desired survivor size 20971520 bytes, new threshold 15 (max threshold 15)
[2022-04-22T08:51:59.795+0000][9][gc,age      ] GC(28) Age table with threshold 15 (max threshold 15)
[2022-04-22T08:51:59.796+0000][9][gc,age      ] GC(28) - age   1:    1894336 bytes,    1894336 total
[2022-04-22T08:51:59.797+0000][9][gc,age      ] GC(28) - age   2:    1289872 bytes,    3184208 total
[2022-04-22T08:51:59.799+0000][9][gc,age      ] GC(28) - age   3:     483376 bytes,    3667584 total
[2022-04-22T08:51:59.800+0000][9][gc,age      ] GC(28) - age   4:     462496 bytes,    4130080 total
[2022-04-22T08:51:59.801+0000][9][gc,age      ] GC(28) - age   5:     873120 bytes,    5003200 total
[2022-04-22T08:51:59.802+0000][9][gc,age      ] GC(28) - age   6:     531456 bytes,    5534656 total
[2022-04-22T08:51:59.803+0000][9][gc,age      ] GC(28) - age   7:     345960 bytes,    5880616 total
[2022-04-22T08:51:59.805+0000][9][gc,age      ] GC(28) - age   8:     136488 bytes,    6017104 total
[2022-04-22T08:51:59.806+0000][9][gc,age      ] GC(28) - age   9:     183736 bytes,    6200840 total
[2022-04-22T08:51:59.807+0000][9][gc,age      ] GC(28) - age  10:     483392 bytes,    6684232 total
[2022-04-22T08:51:59.808+0000][9][gc,age      ] GC(28) - age  11:    2373360 bytes,    9057592 total
[2022-04-22T08:51:59.810+0000][9][gc,age      ] GC(28) - age  12:    7567152 bytes,   16624744 total
[2022-04-22T08:51:59.811+0000][9][gc,age      ] GC(28) - age  13:     355528 bytes,   16980272 total
[2022-04-22T08:51:59.812+0000][9][gc,phases   ] GC(28)   Pre Evacuate Collection Set: 0.1ms
[2022-04-22T08:51:59.813+0000][9][gc,phases   ] GC(28)   Merge Heap Roots: 0.1ms
[2022-04-22T08:51:59.814+0000][9][gc,phases   ] GC(28)   Evacuate Collection Set: 7.5ms
[2022-04-22T08:51:59.815+0000][9][gc,phases   ] GC(28)   Post Evacuate Collection Set: 1.7ms
[2022-04-22T08:51:59.816+0000][9][gc,phases   ] GC(28)   Other: 20.7ms
[2022-04-22T08:51:59.817+0000][9][gc,heap     ] GC(28) Eden regions: 71->0(71)
[2022-04-22T08:51:59.818+0000][9][gc,heap     ] GC(28) Survivor regions: 5->5(10)
[2022-04-22T08:51:59.819+0000][9][gc,heap     ] GC(28) Old regions: 16->16
[2022-04-22T08:51:59.820+0000][9][gc,heap     ] GC(28) Archive regions: 2->2
[2022-04-22T08:51:59.821+0000][9][gc,heap     ] GC(28) Humongous regions: 6->6
[2022-04-22T08:51:59.822+0000][9][gc,metaspace] GC(28) Metaspace: 112231K(113984K)->112231K(113984K) NonClass: 97227K(98240K)->97227K(98240K) Class: 15004K(15744K)->15004K(15744K)
[2022-04-22T08:51:59.823+0000][9][gc          ] GC(28) Pause Young (Normal) (G1 Evacuation Pause) 393M->106M(512M) 40.774ms
[2022-04-22T08:51:59.824+0000][9][gc,cpu      ] GC(28) User=0.03s Sys=0.00s Real=0.04s
[2022-04-22T08:51:59.825+0000][9][safepoint   ] Safepoint "G1CollectForAllocation", Time since last: 41486416 ns, Reaching safepoint: 235584 ns, At safepoint: 43351542 ns, Total: 43587126 ns
[2022-04-22T08:52:00.828+0000][9][safepoint   ] Safepoint "Cleanup", Time since last: 1002699958 ns, Reaching safepoint: 201125 ns, At safepoint: 9417 ns, Total: 210542 ns
[2022-04-22T08:52:01.830+0000][9][safepoint   ] Safepoint "Cleanup", Time since last: 1001408791 ns, Reaching safepoint: 69084 ns, At safepoint: 2500 ns, Total: 71584 ns
[2022-04-22T08:52:02.831+0000][9][safepoint   ] Safepoint "Cleanup", Time since last: 1001747833 ns, Reaching safepoint: 79125 ns, At safepoint: 10459 ns, Total: 89584 ns
[2022-04-22T08:52:03.833+0000][9][safepoint   ] Safepoint "Cleanup", Time since last: 1001299958 ns, Reaching safepoint: 340917 ns, At safepoint: 7292 ns, Total: 348209 ns
[2022-04-22T08:52:04.837+0000][9][safepoint   ] Safepoint "Cleanup", Time since last: 1003692584 ns, Reaching safepoint: 105958 ns, At safepoint: 3125 ns, Total: 109083 ns
[2022-04-22T08:52:05.838+0000][9][safepoint   ] Safepoint "Cleanup", Time since last: 1001148667 ns, Reaching safepoint: 466083 ns, At safepoint: 11625 ns, Total: 477708 ns
[2022-04-22T08:52:06.032+0000][9][gc,start    ] GC(29) Pause Young (Normal) (G1 Evacuation Pause)
[2022-04-22T08:52:06.033+0000][9][gc,task     ] GC(29) Using 5 workers of 5 for evacuation
[2022-04-22T08:52:06.035+0000][9][gc,age      ] GC(29) Desired survivor size 20971520 bytes, new threshold 15 (max threshold 15)
[2022-04-22T08:52:06.046+0000][9][gc,age      ] GC(29) Age table with threshold 15 (max threshold 15)
[2022-04-22T08:52:06.047+0000][9][gc,age      ] GC(29) - age   1:    3201904 bytes,    3201904 total
[2022-04-22T08:52:06.048+0000][9][gc,age      ] GC(29) - age   2:     756848 bytes,    3958752 total
[2022-04-22T08:52:06.049+0000][9][gc,age      ] GC(29) - age   3:    1289392 bytes,    5248144 total
[2022-04-22T08:52:06.051+0000][9][gc,age      ] GC(29) - age   4:     465296 bytes,    5713440 total
[2022-04-22T08:52:06.052+0000][9][gc,age      ] GC(29) - age   5:     436864 bytes,    6150304 total
[2022-04-22T08:52:06.053+0000][9][gc,age      ] GC(29) - age   6:     872344 bytes,    7022648 total
[2022-04-22T08:52:06.053+0000][9][gc,age      ] GC(29) - age   7:     531456 bytes,    7554104 total
[2022-04-22T08:52:06.054+0000][9][gc,age      ] GC(29) - age   8:     345960 bytes,    7900064 total
[2022-04-22T08:52:06.055+0000][9][gc,age      ] GC(29) - age   9:     136488 bytes,    8036552 total
[2022-04-22T08:52:06.055+0000][9][gc,age      ] GC(29) - age  10:     183736 bytes,    8220288 total
[2022-04-22T08:52:06.056+0000][9][gc,age      ] GC(29) - age  11:     481288 bytes,    8701576 total
[2022-04-22T08:52:06.057+0000][9][gc,age      ] GC(29) - age  12:    2373264 bytes,   11074840 total
[2022-04-22T08:52:06.057+0000][9][gc,age      ] GC(29) - age  13:    7556760 bytes,   18631600 total
[2022-04-22T08:52:06.058+0000][9][gc,age      ] GC(29) - age  14:     355528 bytes,   18987128 total
[2022-04-22T08:52:06.059+0000][9][gc,phases   ] GC(29)   Pre Evacuate Collection Set: 0.4ms
[2022-04-22T08:52:06.059+0000][9][gc,phases   ] GC(29)   Merge Heap Roots: 0.1ms
[2022-04-22T08:52:06.060+0000][9][gc,phases   ] GC(29)   Evacuate Collection Set: 8.3ms
[2022-04-22T08:52:06.061+0000][9][gc,phases   ] GC(29)   Post Evacuate Collection Set: 1.8ms
[2022-04-22T08:52:06.062+0000][9][gc,phases   ] GC(29)   Other: 15.8ms
[2022-04-22T08:52:06.062+0000][9][gc,heap     ] GC(29) Eden regions: 71->0(71)
[2022-04-22T08:52:06.063+0000][9][gc,heap     ] GC(29) Survivor regions: 5->5(10)
[2022-04-22T08:52:06.064+0000][9][gc,heap     ] GC(29) Old regions: 16->16
[2022-04-22T08:52:06.064+0000][9][gc,heap     ] GC(29) Archive regions: 2->2
[2022-04-22T08:52:06.065+0000][9][gc,heap     ] GC(29) Humongous regions: 6->6
[2022-04-22T08:52:06.066+0000][9][gc,metaspace] GC(29) Metaspace: 112267K(113984K)->112267K(113984K) NonClass: 97262K(98240K)->97262K(98240K) Class: 15004K(15744K)->15004K(15744K)
[2022-04-22T08:52:06.067+0000][9][gc          ] GC(29) Pause Young (Normal) (G1 Evacuation Pause) 390M->109M(512M) 35.164ms
[2022-04-22T08:52:06.068+0000][9][gc,cpu      ] GC(29) User=0.04s Sys=0.01s Real=0.03s
[2022-04-22T08:52:06.071+0000][9][safepoint   ] Safepoint "G1CollectForAllocation", Time since last: 192706376 ns, Reaching safepoint: 933875 ns, At safepoint: 39224791 ns, Total: 40158666 ns
[2022-04-22T08:52:07.074+0000][9][safepoint   ] Safepoint "Cleanup", Time since last: 1002264084 ns, Reaching safepoint: 361292 ns, At safepoint: 5875 ns, Total: 367167 ns
[2022-04-22T08:52:08.076+0000][9][safepoint   ] Safepoint "Cleanup", Time since last: 1002091750 ns, Reaching safepoint: 146208 ns, At safepoint: 4500 ns, Total: 150708 ns
[2022-04-22T08:52:09.078+0000][9][safepoint   ] Safepoint "Cleanup", Time since last: 1001957501 ns, Reaching safepoint: 310833 ns, At safepoint: 4334 ns, Total: 315167 ns
[2022-04-22T08:52:10.082+0000][9][safepoint   ] Safepoint "Cleanup", Time since last: 1003014417 ns, Reaching safepoint: 172458 ns, At safepoint: 9958 ns, Total: 182416 ns
[2022-04-22T08:52:11.084+0000][9][safepoint   ] Safepoint "Cleanup", Time since last: 1001767584 ns, Reaching safepoint: 91625 ns, At safepoint: 14875 ns, Total: 106500 ns
[2022-04-22T08:52:12.086+0000][9][safepoint   ] Safepoint "Cleanup", Time since last: 1000882084 ns, Reaching safepoint: 1055208 ns, At safepoint: 25375 ns, Total: 1080583 ns
[2022-04-22T08:52:13.087+0000][9][safepoint   ] Safepoint "Cleanup", Time since last: 1001452209 ns, Reaching safepoint: 55875 ns, At safepoint: 2584 ns, Total: 58459 ns
[2022-04-22T08:52:14.035+0000][9][gc,start    ] GC(30) Pause Young (Normal) (G1 Evacuation Pause)
[2022-04-22T08:52:14.036+0000][9][gc,task     ] GC(30) Using 5 workers of 5 for evacuation
[2022-04-22T08:52:14.037+0000][9][gc,age      ] GC(30) Desired survivor size 20971520 bytes, new threshold 15 (max threshold 15)
[2022-04-22T08:52:14.047+0000][9][gc,age      ] GC(30) Age table with threshold 15 (max threshold 15)
[2022-04-22T08:52:14.048+0000][9][gc,age      ] GC(30) - age   1:    2155256 bytes,    2155256 total
[2022-04-22T08:52:14.050+0000][9][gc,age      ] GC(30) - age   2:     517080 bytes,    2672336 total
[2022-04-22T08:52:14.050+0000][9][gc,age      ] GC(30) - age   3:     626904 bytes,    3299240 total
[2022-04-22T08:52:14.052+0000][9][gc,age      ] GC(30) - age   4:    1288920 bytes,    4588160 total
[2022-04-22T08:52:14.052+0000][9][gc,age      ] GC(30) - age   5:     373480 bytes,    4961640 total
[2022-04-22T08:52:14.054+0000][9][gc,age      ] GC(30) - age   6:     406088 bytes,    5367728 total
[2022-04-22T08:52:14.054+0000][9][gc,age      ] GC(30) - age   7:     872112 bytes,    6239840 total
[2022-04-22T08:52:14.055+0000][9][gc,age      ] GC(30) - age   8:     531296 bytes,    6771136 total
[2022-04-22T08:52:14.056+0000][9][gc,age      ] GC(30) - age   9:     345896 bytes,    7117032 total
[2022-04-22T08:52:14.057+0000][9][gc,age      ] GC(30) - age  10:     136488 bytes,    7253520 total
[2022-04-22T08:52:14.057+0000][9][gc,age      ] GC(30) - age  11:     183440 bytes,    7436960 total
[2022-04-22T08:52:14.058+0000][9][gc,age      ] GC(30) - age  12:     481288 bytes,    7918248 total
[2022-04-22T08:52:14.058+0000][9][gc,age      ] GC(30) - age  13:    2373264 bytes,   10291512 total
[2022-04-22T08:52:14.059+0000][9][gc,age      ] GC(30) - age  14:    7556760 bytes,   17848272 total
[2022-04-22T08:52:14.060+0000][9][gc,age      ] GC(30) - age  15:     355528 bytes,   18203800 total
[2022-04-22T08:52:14.060+0000][9][gc,phases   ] GC(30)   Pre Evacuate Collection Set: 0.1ms
[2022-04-22T08:52:14.063+0000][9][gc,phases   ] GC(30)   Merge Heap Roots: 0.1ms
[2022-04-22T08:52:14.064+0000][9][gc,phases   ] GC(30)   Evacuate Collection Set: 6.9ms
[2022-04-22T08:52:14.065+0000][9][gc,phases   ] GC(30)   Post Evacuate Collection Set: 1.4ms
[2022-04-22T08:52:14.066+0000][9][gc,phases   ] GC(30)   Other: 16.9ms
[2022-04-22T08:52:14.067+0000][9][gc,heap     ] GC(30) Eden regions: 71->0(71)
[2022-04-22T08:52:14.067+0000][9][gc,heap     ] GC(30) Survivor regions: 5->5(10)
[2022-04-22T08:52:14.069+0000][9][gc,heap     ] GC(30) Old regions: 16->16
[2022-04-22T08:52:14.070+0000][9][gc,heap     ] GC(30) Archive regions: 2->2
[2022-04-22T08:52:14.070+0000][9][gc,heap     ] GC(30) Humongous regions: 6->6
[2022-04-22T08:52:14.071+0000][9][gc,metaspace] GC(30) Metaspace: 112312K(114048K)->112312K(114048K) NonClass: 97306K(98304K)->97306K(98304K) Class: 15006K(15744K)->15006K(15744K)
[2022-04-22T08:52:14.071+0000][9][gc          ] GC(30) Pause Young (Normal) (G1 Evacuation Pause) 393M->109M(512M) 36.209ms
[2022-04-22T08:52:14.072+0000][9][gc,cpu      ] GC(30) User=0.04s Sys=0.00s Real=0.04s
[2022-04-22T08:52:14.073+0000][9][safepoint   ] Safepoint "G1CollectForAllocation", Time since last: 947801500 ns, Reaching safepoint: 188875 ns, At safepoint: 37545208 ns, Total: 37734083 ns
[2022-04-22T08:52:15.076+0000][9][safepoint   ] Safepoint "Cleanup", Time since last: 1002890917 ns, Reaching safepoint: 129084 ns, At safepoint: 5750 ns, Total: 134834 ns
[2022-04-22T08:52:16.077+0000][9][safepoint   ] Safepoint "Cleanup", Time since last: 1001152000 ns, Reaching safepoint: 83042 ns, At safepoint: 4125 ns, Total: 87167 ns
[2022-04-22T08:52:17.081+0000][9][safepoint   ] Safepoint "Cleanup", Time since last: 1003646417 ns, Reaching safepoint: 136125 ns, At safepoint: 2958 ns, Total: 139083 ns
[2022-04-22T08:52:18.082+0000][9][safepoint   ] Safepoint "Cleanup", Time since last: 1001336293 ns, Reaching safepoint: 88125 ns, At safepoint: 4125 ns, Total: 92250 ns
[2022-04-22T08:52:19.083+0000][9][safepoint   ] Safepoint "Cleanup", Time since last: 1001058875 ns, Reaching safepoint: 84625 ns, At safepoint: 2083 ns, Total: 86708 ns
[2022-04-22T08:52:19.866+0000][9][gc,start    ] GC(31) Pause Young (Normal) (G1 Evacuation Pause)
[2022-04-22T08:52:19.868+0000][9][gc,task     ] GC(31) Using 5 workers of 5 for evacuation
[2022-04-22T08:52:19.869+0000][9][gc,age      ] GC(31) Desired survivor size 20971520 bytes, new threshold 15 (max threshold 15)
[2022-04-22T08:52:19.882+0000][9][gc,age      ] GC(31) Age table with threshold 15 (max threshold 15)
[2022-04-22T08:52:19.884+0000][9][gc,age      ] GC(31) - age   1:    3640696 bytes,    3640696 total
[2022-04-22T08:52:19.885+0000][9][gc,age      ] GC(31) - age   2:     970176 bytes,    4610872 total
[2022-04-22T08:52:19.886+0000][9][gc,age      ] GC(31) - age   3:     477576 bytes,    5088448 total
[2022-04-22T08:52:19.888+0000][9][gc,age      ] GC(31) - age   4:     613752 bytes,    5702200 total
[2022-04-22T08:52:19.889+0000][9][gc,age      ] GC(31) - age   5:    1263040 bytes,    6965240 total
[2022-04-22T08:52:19.890+0000][9][gc,age      ] GC(31) - age   6:     331792 bytes,    7297032 total
[2022-04-22T08:52:19.892+0000][9][gc,age      ] GC(31) - age   7:     406056 bytes,    7703088 total
[2022-04-22T08:52:19.893+0000][9][gc,age      ] GC(31) - age   8:     872112 bytes,    8575200 total
[2022-04-22T08:52:19.894+0000][9][gc,age      ] GC(31) - age   9:     530696 bytes,    9105896 total
[2022-04-22T08:52:19.896+0000][9][gc,age      ] GC(31) - age  10:     345896 bytes,    9451792 total
[2022-04-22T08:52:19.897+0000][9][gc,age      ] GC(31) - age  11:     136488 bytes,    9588280 total
[2022-04-22T08:52:19.897+0000][9][gc,age      ] GC(31) - age  12:     183440 bytes,    9771720 total
[2022-04-22T08:52:19.898+0000][9][gc,age      ] GC(31) - age  13:     481088 bytes,   10252808 total
[2022-04-22T08:52:19.899+0000][9][gc,age      ] GC(31) - age  14:    2373264 bytes,   12626072 total
[2022-04-22T08:52:19.901+0000][9][gc,age      ] GC(31) - age  15:    7556720 bytes,   20182792 total
[2022-04-22T08:52:19.903+0000][9][gc,phases   ] GC(31)   Pre Evacuate Collection Set: 0.3ms
[2022-04-22T08:52:19.904+0000][9][gc,phases   ] GC(31)   Merge Heap Roots: 0.3ms
[2022-04-22T08:52:19.905+0000][9][gc,phases   ] GC(31)   Evacuate Collection Set: 9.0ms
[2022-04-22T08:52:19.906+0000][9][gc,phases   ] GC(31)   Post Evacuate Collection Set: 1.8ms
[2022-04-22T08:52:19.907+0000][9][gc,phases   ] GC(31)   Other: 25.3ms
[2022-04-22T08:52:19.908+0000][9][gc,heap     ] GC(31) Eden regions: 71->0(70)
[2022-04-22T08:52:19.909+0000][9][gc,heap     ] GC(31) Survivor regions: 5->6(10)
[2022-04-22T08:52:19.910+0000][9][gc,heap     ] GC(31) Old regions: 16->16
[2022-04-22T08:52:19.911+0000][9][gc,heap     ] GC(31) Archive regions: 2->2
[2022-04-22T08:52:19.912+0000][9][gc,heap     ] GC(31) Humongous regions: 6->6
[2022-04-22T08:52:19.913+0000][9][gc,metaspace] GC(31) Metaspace: 112363K(114048K)->112363K(114048K) NonClass: 97355K(98304K)->97355K(98304K) Class: 15008K(15744K)->15008K(15744K)
[2022-04-22T08:52:19.913+0000][9][gc          ] GC(31) Pause Young (Normal) (G1 Evacuation Pause) 393M->110M(512M) 47.533ms
[2022-04-22T08:52:19.915+0000][9][gc,cpu      ] GC(31) User=0.03s Sys=0.00s Real=0.05s
[2022-04-22T08:52:19.917+0000][9][safepoint   ] Safepoint "G1CollectForAllocation", Time since last: 782314626 ns, Reaching safepoint: 352708 ns, At safepoint: 51255583 ns, Total: 51608291 ns
[2022-04-22T08:52:20.921+0000][9][safepoint   ] Safepoint "Cleanup", Time since last: 1003777251 ns, Reaching safepoint: 186958 ns, At safepoint: 14667 ns, Total: 201625 ns
[2022-04-22T08:52:21.922+0000][9][safepoint   ] Safepoint "Cleanup", Time since last: 1000800875 ns, Reaching safepoint: 180167 ns, At safepoint: 6292 ns, Total: 186459 ns
[2022-04-22T08:52:22.924+0000][9][safepoint   ] Safepoint "Cleanup", Time since last: 1001038709 ns, Reaching safepoint: 540125 ns, At safepoint: 13000 ns, Total: 553125 ns
[2022-04-22T08:52:23.926+0000][9][safepoint   ] Safepoint "Cleanup", Time since last: 1001505292 ns, Reaching safepoint: 255458 ns, At safepoint: 66333 ns, Total: 321791 ns
[2022-04-22T08:52:24.927+0000][9][safepoint   ] Safepoint "Cleanup", Time since last: 1001064709 ns, Reaching safepoint: 87292 ns, At safepoint: 2208 ns, Total: 89500 ns
[2022-04-22T08:52:25.929+0000][9][safepoint   ] Safepoint "Cleanup", Time since last: 1001930417 ns, Reaching safepoint: 171000 ns, At safepoint: 7125 ns, Total: 178125 ns
[2022-04-22T08:52:26.931+0000][9][safepoint   ] Safepoint "Cleanup", Time since last: 1002048667 ns, Reaching safepoint: 275917 ns, At safepoint: 4792 ns, Total: 280709 ns
[2022-04-22T08:52:27.770+0000][9][gc,start    ] GC(32) Pause Young (Normal) (G1 Evacuation Pause)
[2022-04-22T08:52:27.772+0000][9][gc,task     ] GC(32) Using 5 workers of 5 for evacuation
[2022-04-22T08:52:27.773+0000][9][gc,age      ] GC(32) Desired survivor size 20971520 bytes, new threshold 15 (max threshold 15)
[2022-04-22T08:52:27.791+0000][9][gc,age      ] GC(32) Age table with threshold 15 (max threshold 15)
[2022-04-22T08:52:27.792+0000][9][gc,age      ] GC(32) - age   1:    3459264 bytes,    3459264 total
[2022-04-22T08:52:27.793+0000][9][gc,age      ] GC(32) - age   2:     501568 bytes,    3960832 total
[2022-04-22T08:52:27.794+0000][9][gc,age      ] GC(32) - age   3:     359968 bytes,    4320800 total
[2022-04-22T08:52:27.795+0000][9][gc,age      ] GC(32) - age   4:     286992 bytes,    4607792 total
[2022-04-22T08:52:27.796+0000][9][gc,age      ] GC(32) - age   5:     379352 bytes,    4987144 total
[2022-04-22T08:52:27.797+0000][9][gc,age      ] GC(32) - age   6:    1256784 bytes,    6243928 total
[2022-04-22T08:52:27.798+0000][9][gc,age      ] GC(32) - age   7:     306088 bytes,    6550016 total
[2022-04-22T08:52:27.798+0000][9][gc,age      ] GC(32) - age   8:     406056 bytes,    6956072 total
[2022-04-22T08:52:27.799+0000][9][gc,age      ] GC(32) - age   9:     871984 bytes,    7828056 total
[2022-04-22T08:52:27.800+0000][9][gc,age      ] GC(32) - age  10:     405624 bytes,    8233680 total
[2022-04-22T08:52:27.802+0000][9][gc,age      ] GC(32) - age  11:     301992 bytes,    8535672 total
[2022-04-22T08:52:27.803+0000][9][gc,age      ] GC(32) - age  12:     136264 bytes,    8671936 total
[2022-04-22T08:52:27.803+0000][9][gc,age      ] GC(32) - age  13:     183440 bytes,    8855376 total
[2022-04-22T08:52:27.804+0000][9][gc,age      ] GC(32) - age  14:     480792 bytes,    9336168 total
[2022-04-22T08:52:27.805+0000][9][gc,age      ] GC(32) - age  15:    2371896 bytes,   11708064 total
[2022-04-22T08:52:27.805+0000][9][gc,phases   ] GC(32)   Pre Evacuate Collection Set: 0.2ms
[2022-04-22T08:52:27.806+0000][9][gc,phases   ] GC(32)   Merge Heap Roots: 0.1ms
[2022-04-22T08:52:27.807+0000][9][gc,phases   ] GC(32)   Evacuate Collection Set: 15.3ms
[2022-04-22T08:52:27.808+0000][9][gc,phases   ] GC(32)   Post Evacuate Collection Set: 1.6ms
[2022-04-22T08:52:27.810+0000][9][gc,phases   ] GC(32)   Other: 18.8ms
[2022-04-22T08:52:27.811+0000][9][gc,heap     ] GC(32) Eden regions: 70->0(72)
[2022-04-22T08:52:27.811+0000][9][gc,heap     ] GC(32) Survivor regions: 6->4(10)
[2022-04-22T08:52:27.812+0000][9][gc,heap     ] GC(32) Old regions: 16->18
[2022-04-22T08:52:27.813+0000][9][gc,heap     ] GC(32) Archive regions: 2->2
[2022-04-22T08:52:27.814+0000][9][gc,heap     ] GC(32) Humongous regions: 6->6
[2022-04-22T08:52:27.815+0000][9][gc,metaspace] GC(32) Metaspace: 112570K(114368K)->112570K(114368K) NonClass: 97525K(98560K)->97525K(98560K) Class: 15044K(15808K)->15044K(15808K)
[2022-04-22T08:52:27.816+0000][9][gc          ] GC(32) Pause Young (Normal) (G1 Evacuation Pause) 390M->110M(512M) 46.523ms
[2022-04-22T08:52:27.817+0000][9][gc,cpu      ] GC(32) User=0.03s Sys=0.00s Real=0.04s
[2022-04-22T08:52:27.818+0000][9][safepoint   ] Safepoint "G1CollectForAllocation", Time since last: 838330042 ns, Reaching safepoint: 60708 ns, At safepoint: 48108959 ns, Total: 48169667 ns
[2022-04-22T08:52:28.819+0000][9][safepoint   ] Safepoint "Cleanup", Time since last: 1000857750 ns, Reaching safepoint: 121333 ns, At safepoint: 9584 ns, Total: 130917 ns
[2022-04-22T08:52:29.820+0000][9][safepoint   ] Safepoint "Cleanup", Time since last: 1001172625 ns, Reaching safepoint: 146000 ns, At safepoint: 3542 ns, Total: 149542 ns
[2022-04-22T08:52:30.822+0000][9][safepoint   ] Safepoint "Cleanup", Time since last: 1001594500 ns, Reaching safepoint: 230875 ns, At safepoint: 29709 ns, Total: 260584 ns
[2022-04-22T08:52:31.823+0000][9][safepoint   ] Safepoint "Cleanup", Time since last: 1001383208 ns, Reaching safepoint: 205666 ns, At safepoint: 29209 ns, Total: 234875 ns
[2022-04-22T08:52:33.824+0000][9][safepoint   ] Safepoint "Cleanup", Time since last: 2001000209 ns, Reaching safepoint: 100833 ns, At safepoint: 3750 ns, Total: 104583 ns
[2022-04-22T08:52:35.826+0000][9][safepoint   ] Safepoint "Cleanup", Time since last: 2001966460 ns, Reaching safepoint: 73000 ns, At safepoint: 73416 ns, Total: 146416 ns
[2022-04-22T08:52:36.827+0000][9][safepoint   ] Safepoint "Cleanup", Time since last: 1001054293 ns, Reaching safepoint: 46583 ns, At safepoint: 2083 ns, Total: 48666 ns
[2022-04-22T08:52:37.829+0000][9][safepoint   ] Safepoint "Cleanup", Time since last: 1001115751 ns, Reaching safepoint: 98708 ns, At safepoint: 9500 ns, Total: 108208 ns
[2022-04-22T08:52:38.151+0000][9][gc,start    ] GC(33) Pause Young (Normal) (G1 Evacuation Pause)
[2022-04-22T08:52:38.152+0000][9][gc,task     ] GC(33) Using 5 workers of 5 for evacuation
[2022-04-22T08:52:38.153+0000][9][gc,age      ] GC(33) Desired survivor size 20971520 bytes, new threshold 15 (max threshold 15)
[2022-04-22T08:52:38.160+0000][9][gc,age      ] GC(33) Age table with threshold 15 (max threshold 15)
[2022-04-22T08:52:38.161+0000][9][gc,age      ] GC(33) - age   1:    6872264 bytes,    6872264 total
[2022-04-22T08:52:38.162+0000][9][gc,age      ] GC(33) - age   2:    2391592 bytes,    9263856 total
[2022-04-22T08:52:38.163+0000][9][gc,age      ] GC(33) - age   3:     375920 bytes,    9639776 total
[2022-04-22T08:52:38.164+0000][9][gc,age      ] GC(33) - age   4:     359840 bytes,    9999616 total
[2022-04-22T08:52:38.164+0000][9][gc,age      ] GC(33) - age   5:     286768 bytes,   10286384 total
[2022-04-22T08:52:38.165+0000][9][gc,age      ] GC(33) - age   6:     379184 bytes,   10665568 total
[2022-04-22T08:52:38.166+0000][9][gc,age      ] GC(33) - age   7:    1256656 bytes,   11922224 total
[2022-04-22T08:52:38.166+0000][9][gc,age      ] GC(33) - age   8:     305832 bytes,   12228056 total
[2022-04-22T08:52:38.167+0000][9][gc,age      ] GC(33) - age   9:     348280 bytes,   12576336 total
[2022-04-22T08:52:38.168+0000][9][gc,age      ] GC(33) - age  10:     871728 bytes,   13448064 total
[2022-04-22T08:52:38.168+0000][9][gc,age      ] GC(33) - age  11:     405368 bytes,   13853432 total
[2022-04-22T08:52:38.169+0000][9][gc,age      ] GC(33) - age  12:     300848 bytes,   14154280 total
[2022-04-22T08:52:38.170+0000][9][gc,age      ] GC(33) - age  13:     136264 bytes,   14290544 total
[2022-04-22T08:52:38.171+0000][9][gc,age      ] GC(33) - age  14:     183440 bytes,   14473984 total
[2022-04-22T08:52:38.171+0000][9][gc,age      ] GC(33) - age  15:     480376 bytes,   14954360 total
[2022-04-22T08:52:38.172+0000][9][gc,phases   ] GC(33)   Pre Evacuate Collection Set: 0.1ms
[2022-04-22T08:52:38.172+0000][9][gc,phases   ] GC(33)   Merge Heap Roots: 0.0ms
[2022-04-22T08:52:38.173+0000][9][gc,phases   ] GC(33)   Evacuate Collection Set: 5.2ms
[2022-04-22T08:52:38.174+0000][9][gc,phases   ] GC(33)   Post Evacuate Collection Set: 1.5ms
[2022-04-22T08:52:38.175+0000][9][gc,phases   ] GC(33)   Other: 14.7ms
[2022-04-22T08:52:38.176+0000][9][gc,heap     ] GC(33) Eden regions: 72->0(72)
[2022-04-22T08:52:38.176+0000][9][gc,heap     ] GC(33) Survivor regions: 4->4(10)
[2022-04-22T08:52:38.177+0000][9][gc,heap     ] GC(33) Old regions: 18->19
[2022-04-22T08:52:38.178+0000][9][gc,heap     ] GC(33) Archive regions: 2->2
[2022-04-22T08:52:38.179+0000][9][gc,heap     ] GC(33) Humongous regions: 6->6
[2022-04-22T08:52:38.180+0000][9][gc,metaspace] GC(33) Metaspace: 112617K(114368K)->112617K(114368K) NonClass: 97572K(98560K)->97572K(98560K) Class: 15044K(15808K)->15044K(15808K)
[2022-04-22T08:52:38.181+0000][9][gc          ] GC(33) Pause Young (Normal) (G1 Evacuation Pause) 398M->115M(512M) 29.917ms
[2022-04-22T08:52:38.181+0000][9][gc,cpu      ] GC(33) User=0.03s Sys=0.00s Real=0.03s
[2022-04-22T08:52:38.182+0000][9][safepoint   ] Safepoint "G1CollectForAllocation", Time since last: 321791709 ns, Reaching safepoint: 73375 ns, At safepoint: 31322541 ns, Total: 31395916 ns
[2022-04-22T08:52:39.183+0000][9][safepoint   ] Safepoint "Cleanup", Time since last: 1001350126 ns, Reaching safepoint: 66708 ns, At safepoint: 29500 ns, Total: 96208 ns
[2022-04-22T08:52:40.185+0000][9][safepoint   ] Safepoint "Cleanup", Time since last: 1001755167 ns, Reaching safepoint: 54917 ns, At safepoint: 2166 ns, Total: 57083 ns
[2022-04-22T08:52:41.186+0000][9][safepoint   ] Safepoint "Cleanup", Time since last: 1000907501 ns, Reaching safepoint: 53000 ns, At safepoint: 2583 ns, Total: 55583 ns
[2022-04-22T08:52:43.187+0000][9][safepoint   ] Safepoint "Cleanup", Time since last: 2000768668 ns, Reaching safepoint: 67875 ns, At safepoint: 2375 ns, Total: 70250 ns
[2022-04-22T08:52:44.190+0000][9][safepoint   ] Safepoint "Cleanup", Time since last: 1002844292 ns, Reaching safepoint: 368667 ns, At safepoint: 5416 ns, Total: 374083 ns
[2022-04-22T08:52:46.192+0000][9][safepoint   ] Safepoint "Cleanup", Time since last: 2001620918 ns, Reaching safepoint: 63208 ns, At safepoint: 2125 ns, Total: 65333 ns
[2022-04-22T08:52:48.767+0000][9][gc,start    ] GC(34) Pause Young (Normal) (G1 Evacuation Pause)
[2022-04-22T08:52:48.769+0000][9][gc,task     ] GC(34) Using 5 workers of 5 for evacuation
[2022-04-22T08:52:48.770+0000][9][gc,age      ] GC(34) Desired survivor size 20971520 bytes, new threshold 15 (max threshold 15)
[2022-04-22T08:52:48.779+0000][9][gc,age      ] GC(34) Age table with threshold 15 (max threshold 15)
[2022-04-22T08:52:48.780+0000][9][gc,age      ] GC(34) - age   1:    6648416 bytes,    6648416 total
[2022-04-22T08:52:48.781+0000][9][gc,age      ] GC(34) - age   2:    4066472 bytes,   10714888 total
[2022-04-22T08:52:48.781+0000][9][gc,age      ] GC(34) - age   3:    2133912 bytes,   12848800 total
[2022-04-22T08:52:48.782+0000][9][gc,age      ] GC(34) - age   4:     337184 bytes,   13185984 total
[2022-04-22T08:52:48.782+0000][9][gc,age      ] GC(34) - age   5:     358448 bytes,   13544432 total
[2022-04-22T08:52:48.783+0000][9][gc,age      ] GC(34) - age   6:     248168 bytes,   13792600 total
[2022-04-22T08:52:48.783+0000][9][gc,age      ] GC(34) - age   7:     349224 bytes,   14141824 total
[2022-04-22T08:52:48.784+0000][9][gc,age      ] GC(34) - age   8:    1147352 bytes,   15289176 total
[2022-04-22T08:52:48.785+0000][9][gc,age      ] GC(34) - age   9:     305768 bytes,   15594944 total
[2022-04-22T08:52:48.786+0000][9][gc,age      ] GC(34) - age  10:     348280 bytes,   15943224 total
[2022-04-22T08:52:48.787+0000][9][gc,age      ] GC(34) - age  11:     871728 bytes,   16814952 total
[2022-04-22T08:52:48.787+0000][9][gc,age      ] GC(34) - age  12:     405080 bytes,   17220032 total
[2022-04-22T08:52:48.788+0000][9][gc,age      ] GC(34) - age  13:     300656 bytes,   17520688 total
[2022-04-22T08:52:48.788+0000][9][gc,age      ] GC(34) - age  14:     136144 bytes,   17656832 total
[2022-04-22T08:52:48.789+0000][9][gc,age      ] GC(34) - age  15:     183440 bytes,   17840272 total
[2022-04-22T08:52:48.790+0000][9][gc,phases   ] GC(34)   Pre Evacuate Collection Set: 0.1ms
[2022-04-22T08:52:48.791+0000][9][gc,phases   ] GC(34)   Merge Heap Roots: 0.2ms
[2022-04-22T08:52:48.792+0000][9][gc,phases   ] GC(34)   Evacuate Collection Set: 5.9ms
[2022-04-22T08:52:48.793+0000][9][gc,phases   ] GC(34)   Post Evacuate Collection Set: 1.0ms
[2022-04-22T08:52:48.793+0000][9][gc,phases   ] GC(34)   Other: 15.8ms
[2022-04-22T08:52:48.794+0000][9][gc,heap     ] GC(34) Eden regions: 72->0(71)
[2022-04-22T08:52:48.795+0000][9][gc,heap     ] GC(34) Survivor regions: 4->5(10)
[2022-04-22T08:52:48.796+0000][9][gc,heap     ] GC(34) Old regions: 19->19
[2022-04-22T08:52:48.796+0000][9][gc,heap     ] GC(34) Archive regions: 2->2
[2022-04-22T08:52:48.797+0000][9][gc,heap     ] GC(34) Humongous regions: 6->6
[2022-04-22T08:52:48.798+0000][9][gc,metaspace] GC(34) Metaspace: 112645K(114432K)->112645K(114432K) NonClass: 97601K(98624K)->97601K(98624K) Class: 15044K(15808K)->15044K(15808K)
[2022-04-22T08:52:48.798+0000][9][gc          ] GC(34) Pause Young (Normal) (G1 Evacuation Pause) 403M->118M(512M) 30.797ms
[2022-04-22T08:52:48.799+0000][9][gc,cpu      ] GC(34) User=0.02s Sys=0.00s Real=0.04s
[2022-04-22T08:52:48.800+0000][9][safepoint   ] Safepoint "G1CollectForAllocation", Time since last: 2574920793 ns, Reaching safepoint: 581750 ns, At safepoint: 32434875 ns, Total: 33016625 ns
[2022-04-22T08:52:49.801+0000][9][safepoint   ] Safepoint "Cleanup", Time since last: 1000900292 ns, Reaching safepoint: 47417 ns, At safepoint: 2083 ns, Total: 49500 ns
[2022-04-22T08:52:50.802+0000][9][safepoint   ] Safepoint "Cleanup", Time since last: 1001022918 ns, Reaching safepoint: 48666 ns, At safepoint: 2334 ns, Total: 51000 ns
[2022-04-22T08:52:51.808+0000][9][safepoint   ] Safepoint "Cleanup", Time since last: 1006251708 ns, Reaching safepoint: 133500 ns, At safepoint: 3459 ns, Total: 136959 ns
[2022-04-22T08:52:53.813+0000][9][safepoint   ] Safepoint "Cleanup", Time since last: 2003841334 ns, Reaching safepoint: 512042 ns, At safepoint: 17416 ns, Total: 529458 ns
[2022-04-22T08:52:54.823+0000][9][safepoint   ] Safepoint "Cleanup", Time since last: 1010432459 ns, Reaching safepoint: 238000 ns, At safepoint: 5125 ns, Total: 243125 ns
[2022-04-22T08:52:55.825+0000][9][safepoint   ] Safepoint "Cleanup", Time since last: 1001464876 ns, Reaching safepoint: 310916 ns, At safepoint: 23375 ns, Total: 334291 ns
[2022-04-22T08:52:57.838+0000][9][safepoint   ] Safepoint "Cleanup", Time since last: 2012371501 ns, Reaching safepoint: 299459 ns, At safepoint: 9166 ns, Total: 308625 ns
[2022-04-22T08:52:58.853+0000][9][safepoint   ] Safepoint "Cleanup", Time since last: 1014361209 ns, Reaching safepoint: 494667 ns, At safepoint: 7625 ns, Total: 502292 ns
[2022-04-22T08:52:59.859+0000][9][safepoint   ] Safepoint "Cleanup", Time since last: 1005938750 ns, Reaching safepoint: 320000 ns, At safepoint: 7500 ns, Total: 327500 ns
[2022-04-22T08:53:00.863+0000][9][safepoint   ] Safepoint "Cleanup", Time since last: 1003551876 ns, Reaching safepoint: 173458 ns, At safepoint: 5750 ns, Total: 179208 ns
[2022-04-22T08:53:01.864+0000][9][safepoint   ] Safepoint "Cleanup", Time since last: 1000990834 ns, Reaching safepoint: 207708 ns, At safepoint: 4458 ns, Total: 212166 ns
[2022-04-22T08:53:03.867+0000][9][safepoint   ] Safepoint "Cleanup", Time since last: 2002801501 ns, Reaching safepoint: 418208 ns, At safepoint: 10500 ns, Total: 428708 ns
[2022-04-22T08:53:05.876+0000][9][safepoint   ] Safepoint "Cleanup", Time since last: 2008570418 ns, Reaching safepoint: 225583 ns, At safepoint: 13084 ns, Total: 238667 ns
[2022-04-22T08:53:06.881+0000][9][safepoint   ] Safepoint "Cleanup", Time since last: 1005372375 ns, Reaching safepoint: 137584 ns, At safepoint: 4916 ns, Total: 142500 ns
[2022-04-22T08:53:07.882+0000][9][safepoint   ] Safepoint "Cleanup", Time since last: 1000878209 ns, Reaching safepoint: 190167 ns, At safepoint: 28833 ns, Total: 219000 ns
[2022-04-22T08:53:08.884+0000][9][safepoint   ] Safepoint "Cleanup", Time since last: 1001087084 ns, Reaching safepoint: 157417 ns, At safepoint: 24416 ns, Total: 181833 ns
[2022-04-22T08:53:09.889+0000][9][safepoint   ] Safepoint "Cleanup", Time since last: 1004948751 ns, Reaching safepoint: 374458 ns, At safepoint: 15792 ns, Total: 390250 ns
[2022-04-22T08:53:10.894+0000][9][safepoint   ] Safepoint "Cleanup", Time since last: 1004398375 ns, Reaching safepoint: 424208 ns, At safepoint: 15750 ns, Total: 439958 ns
[2022-04-22T08:53:12.909+0000][9][safepoint   ] Safepoint "Cleanup", Time since last: 2015089168 ns, Reaching safepoint: 156417 ns, At safepoint: 4125 ns, Total: 160542 ns
[2022-04-22T08:53:13.911+0000][9][safepoint   ] Safepoint "Cleanup", Time since last: 1001981292 ns, Reaching safepoint: 91000 ns, At safepoint: 2625 ns, Total: 93625 ns
[2022-04-22T08:53:15.916+0000][9][safepoint   ] Safepoint "Cleanup", Time since last: 2005003834 ns, Reaching safepoint: 389542 ns, At safepoint: 11792 ns, Total: 401334 ns
[2022-04-22T08:53:18.929+0000][9][safepoint   ] Safepoint "Cleanup", Time since last: 3011790834 ns, Reaching safepoint: 284250 ns, At safepoint: 9292 ns, Total: 293542 ns
[2022-04-22T08:53:19.997+0000][9][safepoint   ] Safepoint "Cleanup", Time since last: 1067949875 ns, Reaching safepoint: 175417 ns, At safepoint: 4792 ns, Total: 180209 ns
[2022-04-22T08:53:20.998+0000][9][safepoint   ] Safepoint "Cleanup", Time since last: 1001025709 ns, Reaching safepoint: 266541 ns, At safepoint: 21167 ns, Total: 287708 ns
[2022-04-22T08:53:22.001+0000][9][safepoint   ] Safepoint "Cleanup", Time since last: 1002359167 ns, Reaching safepoint: 566750 ns, At safepoint: 19667 ns, Total: 586417 ns
[2022-04-22T08:53:24.017+0000][9][safepoint   ] Safepoint "Cleanup", Time since last: 2016084417 ns, Reaching safepoint: 242417 ns, At safepoint: 11625 ns, Total: 254042 ns
[2022-04-22T08:53:25.028+0000][9][safepoint   ] Safepoint "Cleanup", Time since last: 1010471126 ns, Reaching safepoint: 164708 ns, At safepoint: 4708 ns, Total: 169416 ns
[2022-04-22T08:53:26.030+0000][9][safepoint   ] Safepoint "Cleanup", Time since last: 1001698459 ns, Reaching safepoint: 65833 ns, At safepoint: 2375 ns, Total: 68208 ns
[2022-04-22T08:53:28.033+0000][9][safepoint   ] Safepoint "Cleanup", Time since last: 2002390418 ns, Reaching safepoint: 625625 ns, At safepoint: 15958 ns, Total: 641583 ns
[2022-04-22T08:53:29.039+0000][9][safepoint   ] Safepoint "Cleanup", Time since last: 1006171209 ns, Reaching safepoint: 346958 ns, At safepoint: 11917 ns, Total: 358875 ns
[2022-04-22T08:53:31.055+0000][9][safepoint   ] Safepoint "Cleanup", Time since last: 2015273584 ns, Reaching safepoint: 149542 ns, At safepoint: 5250 ns, Total: 154792 ns
[2022-04-22T08:53:32.057+0000][9][safepoint   ] Safepoint "Cleanup", Time since last: 1002385791 ns, Reaching safepoint: 95084 ns, At safepoint: 5416 ns, Total: 100500 ns
[2022-04-22T08:53:34.063+0000][9][safepoint   ] Safepoint "Cleanup", Time since last: 2005054210 ns, Reaching safepoint: 521333 ns, At safepoint: 18958 ns, Total: 540291 ns
[2022-04-22T08:53:36.075+0000][9][safepoint   ] Safepoint "Cleanup", Time since last: 2012034376 ns, Reaching safepoint: 865417 ns, At safepoint: 8833 ns, Total: 874250 ns
[2022-04-22T08:53:37.078+0000][9][safepoint   ] Safepoint "Cleanup", Time since last: 1002428876 ns, Reaching safepoint: 73500 ns, At safepoint: 4625 ns, Total: 78125 ns
[2022-04-22T08:53:38.082+0000][9][safepoint   ] Safepoint "Cleanup", Time since last: 1004254583 ns, Reaching safepoint: 77750 ns, At safepoint: 2917 ns, Total: 80667 ns
[2022-04-22T08:53:39.086+0000][9][safepoint   ] Safepoint "Cleanup", Time since last: 1003202126 ns, Reaching safepoint: 895083 ns, At safepoint: 11250 ns, Total: 906333 ns
[2022-04-22T08:53:40.100+0000][9][safepoint   ] Safepoint "Cleanup", Time since last: 1012305584 ns, Reaching safepoint: 656083 ns, At safepoint: 503583 ns, Total: 1159666 ns
[2022-04-22T08:53:41.113+0000][9][safepoint   ] Safepoint "Cleanup", Time since last: 1012893418 ns, Reaching safepoint: 486750 ns, At safepoint: 15833 ns, Total: 502583 ns
[2022-04-22T08:53:43.122+0000][9][safepoint   ] Safepoint "Cleanup", Time since last: 2008725918 ns, Reaching safepoint: 129583 ns, At safepoint: 4583 ns, Total: 134166 ns
[2022-04-22T08:53:44.125+0000][9][safepoint   ] Safepoint "Cleanup", Time since last: 1002359167 ns, Reaching safepoint: 436542 ns, At safepoint: 4667 ns, Total: 441209 ns
[2022-04-22T08:53:46.128+0000][9][safepoint   ] Safepoint "Cleanup", Time since last: 2003388626 ns, Reaching safepoint: 82375 ns, At safepoint: 3041 ns, Total: 85416 ns
[2022-04-22T08:53:47.130+0000][9][safepoint   ] Safepoint "Cleanup", Time since last: 1001020167 ns, Reaching safepoint: 512417 ns, At safepoint: 7708 ns, Total: 520125 ns
[2022-04-22T08:53:49.139+0000][9][safepoint   ] Safepoint "Cleanup", Time since last: 2008767710 ns, Reaching safepoint: 79833 ns, At safepoint: 4167 ns, Total: 84000 ns
[2022-04-22T08:53:51.141+0000][9][safepoint   ] Safepoint "Cleanup", Time since last: 2002034709 ns, Reaching safepoint: 90792 ns, At safepoint: 3916 ns, Total: 94708 ns
[2022-04-22T08:53:51.717+0000][9][gc,start    ] GC(35) Pause Young (Normal) (G1 Evacuation Pause)
[2022-04-22T08:53:51.719+0000][9][gc,task     ] GC(35) Using 5 workers of 5 for evacuation
[2022-04-22T08:53:51.721+0000][9][gc,age      ] GC(35) Desired survivor size 20971520 bytes, new threshold 15 (max threshold 15)
[2022-04-22T08:53:51.735+0000][9][gc,age      ] GC(35) Age table with threshold 15 (max threshold 15)
[2022-04-22T08:53:51.736+0000][9][gc,age      ] GC(35) - age   1:    3882336 bytes,    3882336 total
[2022-04-22T08:53:51.737+0000][9][gc,age      ] GC(35) - age   2:    4877776 bytes,    8760112 total
[2022-04-22T08:53:51.738+0000][9][gc,age      ] GC(35) - age   3:    3802488 bytes,   12562600 total
[2022-04-22T08:53:51.740+0000][9][gc,age      ] GC(35) - age   4:    2054656 bytes,   14617256 total
[2022-04-22T08:53:51.741+0000][9][gc,age      ] GC(35) - age   5:     282080 bytes,   14899336 total
[2022-04-22T08:53:51.742+0000][9][gc,age      ] GC(35) - age   6:     357936 bytes,   15257272 total
[2022-04-22T08:53:51.743+0000][9][gc,age      ] GC(35) - age   7:     248040 bytes,   15505312 total
[2022-04-22T08:53:51.744+0000][9][gc,age      ] GC(35) - age   8:     349136 bytes,   15854448 total
[2022-04-22T08:53:51.745+0000][9][gc,age      ] GC(35) - age   9:    1146600 bytes,   17001048 total
[2022-04-22T08:53:51.745+0000][9][gc,age      ] GC(35) - age  10:     305704 bytes,   17306752 total
[2022-04-22T08:53:51.746+0000][9][gc,age      ] GC(35) - age  11:     348216 bytes,   17654968 total
[2022-04-22T08:53:51.747+0000][9][gc,age      ] GC(35) - age  12:     871448 bytes,   18526416 total
[2022-04-22T08:53:51.747+0000][9][gc,age      ] GC(35) - age  13:     404896 bytes,   18931312 total
[2022-04-22T08:53:51.748+0000][9][gc,age      ] GC(35) - age  14:     299936 bytes,   19231248 total
[2022-04-22T08:53:51.749+0000][9][gc,age      ] GC(35) - age  15:     136144 bytes,   19367392 total
[2022-04-22T08:53:51.750+0000][9][gc,phases   ] GC(35)   Pre Evacuate Collection Set: 0.2ms
[2022-04-22T08:53:51.751+0000][9][gc,phases   ] GC(35)   Merge Heap Roots: 0.1ms
[2022-04-22T08:53:51.751+0000][9][gc,phases   ] GC(35)   Evacuate Collection Set: 11.1ms
[2022-04-22T08:53:51.752+0000][9][gc,phases   ] GC(35)   Post Evacuate Collection Set: 1.3ms
[2022-04-22T08:53:51.753+0000][9][gc,phases   ] GC(35)   Other: 20.4ms
[2022-04-22T08:53:51.754+0000][9][gc,heap     ] GC(35) Eden regions: 71->0(69)
[2022-04-22T08:53:51.754+0000][9][gc,heap     ] GC(35) Survivor regions: 5->6(10)
[2022-04-22T08:53:51.755+0000][9][gc,heap     ] GC(35) Old regions: 19->19
[2022-04-22T08:53:51.756+0000][9][gc,heap     ] GC(35) Archive regions: 2->2
[2022-04-22T08:53:51.756+0000][9][gc,heap     ] GC(35) Humongous regions: 6->6
[2022-04-22T08:53:51.757+0000][9][gc,metaspace] GC(35) Metaspace: 112854K(114624K)->112854K(114624K) NonClass: 97809K(98816K)->97809K(98816K) Class: 15044K(15808K)->15044K(15808K)
[2022-04-22T08:53:51.758+0000][9][gc          ] GC(35) Pause Young (Normal) (G1 Evacuation Pause) 402M->121M(512M) 40.998ms
[2022-04-22T08:53:51.758+0000][9][gc,cpu      ] GC(35) User=0.05s Sys=0.01s Real=0.05s
[2022-04-22T08:53:51.760+0000][9][safepoint   ] Safepoint "G1CollectForAllocation", Time since last: 575733334 ns, Reaching safepoint: 91458 ns, At safepoint: 43024250 ns, Total: 43115708 ns
[2022-04-22T08:53:53.762+0000][9][safepoint   ] Safepoint "Cleanup", Time since last: 2002029210 ns, Reaching safepoint: 299541 ns, At safepoint: 12375 ns, Total: 311916 ns
[2022-04-22T08:53:54.768+0000][9][safepoint   ] Safepoint "Cleanup", Time since last: 1005317751 ns, Reaching safepoint: 91916 ns, At safepoint: 9125 ns, Total: 101041 ns
[2022-04-22T08:53:55.771+0000][9][safepoint   ] Safepoint "Cleanup", Time since last: 1002842668 ns, Reaching safepoint: 455541 ns, At safepoint: 27167 ns, Total: 482708 ns
[2022-04-22T08:53:56.775+0000][9][safepoint   ] Safepoint "Cleanup", Time since last: 1004110375 ns, Reaching safepoint: 107459 ns, At safepoint: 2500 ns, Total: 109959 ns
[2022-04-22T08:53:57.778+0000][9][safepoint   ] Safepoint "Cleanup", Time since last: 1002774875 ns, Reaching safepoint: 78042 ns, At safepoint: 2333 ns, Total: 80375 ns
[2022-04-22T08:53:58.780+0000][9][safepoint   ] Safepoint "Cleanup", Time since last: 1001645084 ns, Reaching safepoint: 329125 ns, At safepoint: 16833 ns, Total: 345958 ns
[2022-04-22T08:53:59.788+0000][9][safepoint   ] Safepoint "Cleanup", Time since last: 1007528251 ns, Reaching safepoint: 206083 ns, At safepoint: 10375 ns, Total: 216458 ns
[2022-04-22T08:54:00.801+0000][9][safepoint   ] Safepoint "Cleanup", Time since last: 1013397334 ns, Reaching safepoint: 65750 ns, At safepoint: 6375 ns, Total: 72125 ns
[2022-04-22T08:54:01.806+0000][9][safepoint   ] Safepoint "Cleanup", Time since last: 1004572958 ns, Reaching safepoint: 158417 ns, At safepoint: 5166 ns, Total: 163583 ns
[2022-04-22T08:54:03.809+0000][9][safepoint   ] Safepoint "Cleanup", Time since last: 2002882751 ns, Reaching safepoint: 72500 ns, At safepoint: 2542 ns, Total: 75042 ns
[2022-04-22T08:54:06.816+0000][9][safepoint   ] Safepoint "Cleanup", Time since last: 3007472835 ns, Reaching safepoint: 151667 ns, At safepoint: 5583 ns, Total: 157250 ns
[2022-04-22T08:54:07.818+0000][9][safepoint   ] Safepoint "Cleanup", Time since last: 1001038250 ns, Reaching safepoint: 545000 ns, At safepoint: 4917 ns, Total: 549917 ns
[2022-04-22T08:54:08.822+0000][9][safepoint   ] Safepoint "Cleanup", Time since last: 1004038709 ns, Reaching safepoint: 148291 ns, At safepoint: 6542 ns, Total: 154833 ns
[2022-04-22T08:54:09.833+0000][9][safepoint   ] Safepoint "Cleanup", Time since last: 1010913001 ns, Reaching safepoint: 78041 ns, At safepoint: 2667 ns, Total: 80708 ns
[2022-04-22T08:54:10.839+0000][9][safepoint   ] Safepoint "Cleanup", Time since last: 1005300959 ns, Reaching safepoint: 542541 ns, At safepoint: 9250 ns, Total: 551791 ns
[2022-04-22T08:54:11.869+0000][9][safepoint   ] Safepoint "Cleanup", Time since last: 1029706126 ns, Reaching safepoint: 374667 ns, At safepoint: 9208 ns, Total: 383875 ns
[2022-04-22T08:54:12.877+0000][9][safepoint   ] Safepoint "Cleanup", Time since last: 1007500375 ns, Reaching safepoint: 72084 ns, At safepoint: 4291 ns, Total: 76375 ns
[2022-04-22T08:54:13.879+0000][9][safepoint   ] Safepoint "Cleanup", Time since last: 1001688959 ns, Reaching safepoint: 875292 ns, At safepoint: 11542 ns, Total: 886834 ns
[2022-04-22T08:54:15.901+0000][9][safepoint   ] Safepoint "Cleanup", Time since last: 2020984126 ns, Reaching safepoint: 361291 ns, At safepoint: 9000 ns, Total: 370291 ns
[2022-04-22T08:54:18.909+0000][9][safepoint   ] Safepoint "Cleanup", Time since last: 3008325127 ns, Reaching safepoint: 106291 ns, At safepoint: 4500 ns, Total: 110791 ns
[2022-04-22T08:54:19.915+0000][9][safepoint   ] Safepoint "Cleanup", Time since last: 1005943376 ns, Reaching safepoint: 108083 ns, At safepoint: 4000 ns, Total: 112083 ns
[2022-04-22T08:54:20.918+0000][9][safepoint   ] Safepoint "Cleanup", Time since last: 1002538001 ns, Reaching safepoint: 161583 ns, At safepoint: 4833 ns, Total: 166416 ns
[2022-04-22T08:54:21.919+0000][9][safepoint   ] Safepoint "Cleanup", Time since last: 1001292126 ns, Reaching safepoint: 203750 ns, At safepoint: 6625 ns, Total: 210375 ns
[2022-04-22T08:54:22.923+0000][9][safepoint   ] Safepoint "Cleanup", Time since last: 1003416000 ns, Reaching safepoint: 196500 ns, At safepoint: 9584 ns, Total: 206084 ns
[2022-04-22T08:54:23.932+0000][9][safepoint   ] Safepoint "Cleanup", Time since last: 1008585833 ns, Reaching safepoint: 396917 ns, At safepoint: 12625 ns, Total: 409542 ns
[2022-04-22T08:54:24.944+0000][9][safepoint   ] Safepoint "Cleanup", Time since last: 1012363584 ns, Reaching safepoint: 116000 ns, At safepoint: 4667 ns, Total: 120667 ns
[2022-04-22T08:54:25.946+0000][9][safepoint   ] Safepoint "Cleanup", Time since last: 1001755375 ns, Reaching safepoint: 211208 ns, At safepoint: 14500 ns, Total: 225708 ns
[2022-04-22T08:54:27.949+0000][9][safepoint   ] Safepoint "Cleanup", Time since last: 2002835335 ns, Reaching safepoint: 178875 ns, At safepoint: 6708 ns, Total: 185583 ns
[2022-04-22T08:54:28.957+0000][9][safepoint   ] Safepoint "Cleanup", Time since last: 1006828125 ns, Reaching safepoint: 285834 ns, At safepoint: 179541 ns, Total: 465375 ns
[2022-04-22T08:54:30.960+0000][9][safepoint   ] Safepoint "Cleanup", Time since last: 2003566293 ns, Reaching safepoint: 124083 ns, At safepoint: 5125 ns, Total: 129208 ns
[2022-04-22T08:54:32.963+0000][9][safepoint   ] Safepoint "Cleanup", Time since last: 2002372959 ns, Reaching safepoint: 248792 ns, At safepoint: 10083 ns, Total: 258875 ns
[2022-04-22T08:54:33.974+0000][9][safepoint   ] Safepoint "Cleanup", Time since last: 1010353168 ns, Reaching safepoint: 382875 ns, At safepoint: 13083 ns, Total: 395958 ns
[2022-04-22T08:54:35.990+0000][9][safepoint   ] Safepoint "Cleanup", Time since last: 2015992001 ns, Reaching safepoint: 484000 ns, At safepoint: 23041 ns, Total: 507041 ns
[2022-04-22T08:54:36.996+0000][9][safepoint   ] Safepoint "Cleanup", Time since last: 1005483126 ns, Reaching safepoint: 55583 ns, At safepoint: 1875 ns, Total: 57458 ns
[2022-04-22T08:54:38.000+0000][9][safepoint   ] Safepoint "Cleanup", Time since last: 1003616542 ns, Reaching safepoint: 296875 ns, At safepoint: 10875 ns, Total: 307750 ns
[2022-04-22T08:54:39.003+0000][9][safepoint   ] Safepoint "Cleanup", Time since last: 1003363084 ns, Reaching safepoint: 174334 ns, At safepoint: 6250 ns, Total: 180584 ns
[2022-04-22T08:54:40.010+0000][9][safepoint   ] Safepoint "Cleanup", Time since last: 1006131750 ns, Reaching safepoint: 359208 ns, At safepoint: 7500 ns, Total: 366708 ns
[2022-04-22T08:54:41.026+0000][9][safepoint   ] Safepoint "Cleanup", Time since last: 1015910126 ns, Reaching safepoint: 269083 ns, At safepoint: 6667 ns, Total: 275750 ns
[2022-04-22T08:54:43.032+0000][9][safepoint   ] Safepoint "Cleanup", Time since last: 2005666751 ns, Reaching safepoint: 180750 ns, At safepoint: 5208 ns, Total: 185958 ns
[2022-04-22T08:54:44.036+0000][9][safepoint   ] Safepoint "Cleanup", Time since last: 1003876167 ns, Reaching safepoint: 131625 ns, At safepoint: 14375 ns, Total: 146000 ns
[2022-04-22T08:54:46.044+0000][9][safepoint   ] Safepoint "Cleanup", Time since last: 2007612251 ns, Reaching safepoint: 277417 ns, At safepoint: 8208 ns, Total: 285625 ns
[2022-04-22T08:54:49.053+0000][9][safepoint   ] Safepoint "Cleanup", Time since last: 3009436585 ns, Reaching safepoint: 72958 ns, At safepoint: 3334 ns, Total: 76292 ns
[2022-04-22T08:54:50.290+0000][9][safepoint   ] Safepoint "ICBufferFull", Time since last: 1236449750 ns, Reaching safepoint: 451667 ns, At safepoint: 43833 ns, Total: 495500 ns
[2022-04-22T08:54:51.294+0000][9][safepoint   ] Safepoint "Cleanup", Time since last: 1002834459 ns, Reaching safepoint: 879042 ns, At safepoint: 11583 ns, Total: 890625 ns
[2022-04-22T08:54:52.300+0000][9][safepoint   ] Safepoint "Cleanup", Time since last: 1005574501 ns, Reaching safepoint: 288000 ns, At safepoint: 6958 ns, Total: 294958 ns
[2022-04-22T08:54:54.312+0000][9][safepoint   ] Safepoint "Cleanup", Time since last: 2011889251 ns, Reaching safepoint: 388083 ns, At safepoint: 14500 ns, Total: 402583 ns
[2022-04-22T08:54:55.321+0000][9][safepoint   ] Safepoint "Cleanup", Time since last: 1008971626 ns, Reaching safepoint: 204541 ns, At safepoint: 8375 ns, Total: 212916 ns
[2022-04-22T08:54:56.329+0000][9][safepoint   ] Safepoint "Cleanup", Time since last: 1007618376 ns, Reaching safepoint: 241667 ns, At safepoint: 6250 ns, Total: 247917 ns
[2022-04-22T08:54:57.335+0000][9][safepoint   ] Safepoint "Cleanup", Time since last: 1004750417 ns, Reaching safepoint: 723833 ns, At safepoint: 38292 ns, Total: 762125 ns
[2022-04-22T08:54:58.340+0000][9][safepoint   ] Safepoint "Cleanup", Time since last: 1005188042 ns, Reaching safepoint: 353541 ns, At safepoint: 11750 ns, Total: 365291 ns
[2022-04-22T08:54:59.343+0000][9][safepoint   ] Safepoint "Cleanup", Time since last: 1003151876 ns, Reaching safepoint: 148417 ns, At safepoint: 8458 ns, Total: 156875 ns
[2022-04-22T08:55:00.353+0000][9][safepoint   ] Safepoint "Cleanup", Time since last: 1009505125 ns, Reaching safepoint: 289834 ns, At safepoint: 10250 ns, Total: 300084 ns
[2022-04-22T08:55:01.370+0000][9][safepoint   ] Safepoint "Cleanup", Time since last: 1016993208 ns, Reaching safepoint: 131458 ns, At safepoint: 3917 ns, Total: 135375 ns
[2022-04-22T08:55:03.375+0000][9][safepoint   ] Safepoint "Cleanup", Time since last: 2004561251 ns, Reaching safepoint: 250375 ns, At safepoint: 15333 ns, Total: 265708 ns
[2022-04-22T08:55:04.383+0000][9][safepoint   ] Safepoint "Cleanup", Time since last: 1007457417 ns, Reaching safepoint: 242792 ns, At safepoint: 8833 ns, Total: 251625 ns
[2022-04-22T08:55:06.393+0000][9][safepoint   ] Safepoint "Cleanup", Time since last: 2010271626 ns, Reaching safepoint: 325500 ns, At safepoint: 98417 ns, Total: 423917 ns
[2022-04-22T08:55:07.406+0000][9][safepoint   ] Safepoint "Cleanup", Time since last: 1012069417 ns, Reaching safepoint: 126542 ns, At safepoint: 4416 ns, Total: 130958 ns
[2022-04-22T08:55:08.408+0000][9][safepoint   ] Safepoint "Cleanup", Time since last: 1002046918 ns, Reaching safepoint: 214541 ns, At safepoint: 4917 ns, Total: 219458 ns
[2022-04-22T08:55:10.417+0000][9][safepoint   ] Safepoint "Cleanup", Time since last: 2007959793 ns, Reaching safepoint: 822333 ns, At safepoint: 20875 ns, Total: 843208 ns
[2022-04-22T08:55:11.427+0000][9][safepoint   ] Safepoint "Cleanup", Time since last: 1010202334 ns, Reaching safepoint: 184875 ns, At safepoint: 8583 ns, Total: 193458 ns
[2022-04-22T08:55:12.972+0000][9][gc,start    ] GC(36) Pause Young (Normal) (G1 Evacuation Pause)
[2022-04-22T08:55:12.973+0000][9][gc,task     ] GC(36) Using 5 workers of 5 for evacuation
[2022-04-22T08:55:12.974+0000][9][gc,age      ] GC(36) Desired survivor size 20971520 bytes, new threshold 15 (max threshold 15)
[2022-04-22T08:55:12.981+0000][9][gc,age      ] GC(36) Age table with threshold 15 (max threshold 15)
[2022-04-22T08:55:12.982+0000][9][gc,age      ] GC(36) - age   1:    1734120 bytes,    1734120 total
[2022-04-22T08:55:12.982+0000][9][gc,age      ] GC(36) - age   2:    2621176 bytes,    4355296 total
[2022-04-22T08:55:12.983+0000][9][gc,age      ] GC(36) - age   3:    4727512 bytes,    9082808 total
[2022-04-22T08:55:12.984+0000][9][gc,age      ] GC(36) - age   4:    3721576 bytes,   12804384 total
[2022-04-22T08:55:12.985+0000][9][gc,age      ] GC(36) - age   5:    2052584 bytes,   14856968 total
[2022-04-22T08:55:12.985+0000][9][gc,age      ] GC(36) - age   6:     282080 bytes,   15139048 total
[2022-04-22T08:55:12.986+0000][9][gc,age      ] GC(36) - age   7:     357872 bytes,   15496920 total
[2022-04-22T08:55:12.987+0000][9][gc,age      ] GC(36) - age   8:     248040 bytes,   15744960 total
[2022-04-22T08:55:12.987+0000][9][gc,age      ] GC(36) - age   9:     349136 bytes,   16094096 total
[2022-04-22T08:55:12.988+0000][9][gc,age      ] GC(36) - age  10:    1146200 bytes,   17240296 total
[2022-04-22T08:55:12.989+0000][9][gc,age      ] GC(36) - age  11:     305704 bytes,   17546000 total
[2022-04-22T08:55:12.989+0000][9][gc,age      ] GC(36) - age  12:     348216 bytes,   17894216 total
[2022-04-22T08:55:12.990+0000][9][gc,age      ] GC(36) - age  13:     846528 bytes,   18740744 total
[2022-04-22T08:55:12.992+0000][9][gc,age      ] GC(36) - age  14:     404632 bytes,   19145376 total
[2022-04-22T08:55:12.993+0000][9][gc,age      ] GC(36) - age  15:     298224 bytes,   19443600 total
[2022-04-22T08:55:12.993+0000][9][gc,phases   ] GC(36)   Pre Evacuate Collection Set: 0.1ms
[2022-04-22T08:55:12.994+0000][9][gc,phases   ] GC(36)   Merge Heap Roots: 0.2ms
[2022-04-22T08:55:12.995+0000][9][gc,phases   ] GC(36)   Evacuate Collection Set: 5.4ms
[2022-04-22T08:55:12.995+0000][9][gc,phases   ] GC(36)   Post Evacuate Collection Set: 0.8ms
[2022-04-22T08:55:12.996+0000][9][gc,phases   ] GC(36)   Other: 14.6ms
[2022-04-22T08:55:12.997+0000][9][gc,heap     ] GC(36) Eden regions: 69->0(71)
[2022-04-22T08:55:12.997+0000][9][gc,heap     ] GC(36) Survivor regions: 6->5(10)
[2022-04-22T08:55:12.998+0000][9][gc,heap     ] GC(36) Old regions: 19->19
[2022-04-22T08:55:12.999+0000][9][gc,heap     ] GC(36) Archive regions: 2->2
[2022-04-22T08:55:12.999+0000][9][gc,heap     ] GC(36) Humongous regions: 6->6
[2022-04-22T08:55:13.000+0000][9][gc,metaspace] GC(36) Metaspace: 113189K(114880K)->113189K(114880K) NonClass: 98114K(99072K)->98114K(99072K) Class: 15074K(15808K)->15074K(15808K)
[2022-04-22T08:55:13.001+0000][9][gc          ] GC(36) Pause Young (Normal) (G1 Evacuation Pause) 397M->121M(512M) 28.553ms
[2022-04-22T08:55:13.001+0000][9][gc,cpu      ] GC(36) User=0.02s Sys=0.00s Real=0.03s
[2022-04-22T08:55:13.002+0000][9][safepoint   ] Safepoint "G1CollectForAllocation", Time since last: 1544875959 ns, Reaching safepoint: 52125 ns, At safepoint: 29988208 ns, Total: 30040333 ns
[2022-04-22T08:55:14.004+0000][9][safepoint   ] Safepoint "Cleanup", Time since last: 1001034793 ns, Reaching safepoint: 680916 ns, At safepoint: 16834 ns, Total: 697750 ns
[2022-04-22T08:55:16.007+0000][9][safepoint   ] Safepoint "Cleanup", Time since last: 2002721334 ns, Reaching safepoint: 297875 ns, At safepoint: 20250 ns, Total: 318125 ns
[2022-04-22T08:55:17.008+0000][9][safepoint   ] Safepoint "Cleanup", Time since last: 1001169709 ns, Reaching safepoint: 183541 ns, At safepoint: 7042 ns, Total: 190583 ns
[2022-04-22T08:55:19.010+0000][9][safepoint   ] Safepoint "Cleanup", Time since last: 2001710126 ns, Reaching safepoint: 65667 ns, At safepoint: 2125 ns, Total: 67792 ns
[2022-04-22T08:55:21.013+0000][9][safepoint   ] Safepoint "Cleanup", Time since last: 2002772501 ns, Reaching safepoint: 145166 ns, At safepoint: 3917 ns, Total: 149083 ns
[2022-04-22T08:55:22.014+0000][9][safepoint   ] Safepoint "Cleanup", Time since last: 1001163292 ns, Reaching safepoint: 163875 ns, At safepoint: 6042 ns, Total: 169917 ns
[2022-04-22T08:55:23.023+0000][9][safepoint   ] Safepoint "Cleanup", Time since last: 1008324209 ns, Reaching safepoint: 261666 ns, At safepoint: 11250 ns, Total: 272916 ns
[2022-04-22T08:55:24.033+0000][9][safepoint   ] Safepoint "Cleanup", Time since last: 1009497501 ns, Reaching safepoint: 429375 ns, At safepoint: 26416 ns, Total: 455791 ns
[2022-04-22T08:55:25.040+0000][9][safepoint   ] Safepoint "Cleanup", Time since last: 1006898668 ns, Reaching safepoint: 177041 ns, At safepoint: 5459 ns, Total: 182500 ns
[2022-04-22T08:55:26.042+0000][9][safepoint   ] Safepoint "Cleanup", Time since last: 1001561125 ns, Reaching safepoint: 200625 ns, At safepoint: 19792 ns, Total: 220417 ns
[2022-04-22T08:55:28.056+0000][9][safepoint   ] Safepoint "Cleanup", Time since last: 2013680834 ns, Reaching safepoint: 1072333 ns, At safepoint: 49667 ns, Total: 1122000 ns
[2022-04-22T08:55:29.067+0000][9][safepoint   ] Safepoint "Cleanup", Time since last: 1009500917 ns, Reaching safepoint: 816500 ns, At safepoint: 23000 ns, Total: 839500 ns
[2022-04-22T08:55:31.074+0000][9][safepoint   ] Safepoint "Cleanup", Time since last: 2007144376 ns, Reaching safepoint: 346542 ns, At safepoint: 5916 ns, Total: 352458 ns
[2022-04-22T08:55:32.076+0000][9][safepoint   ] Safepoint "Cleanup", Time since last: 1001537917 ns, Reaching safepoint: 286792 ns, At safepoint: 11875 ns, Total: 298667 ns
[2022-04-22T08:55:33.079+0000][9][safepoint   ] Safepoint "Cleanup", Time since last: 1002681875 ns, Reaching safepoint: 554042 ns, At safepoint: 13666 ns, Total: 567708 ns
[2022-04-22T08:55:34.092+0000][9][safepoint   ] Safepoint "Cleanup", Time since last: 1012127168 ns, Reaching safepoint: 743500 ns, At safepoint: 14916 ns, Total: 758416 ns
[2022-04-22T08:55:36.101+0000][9][safepoint   ] Safepoint "Cleanup", Time since last: 2008591376 ns, Reaching safepoint: 291959 ns, At safepoint: 9750 ns, Total: 301709 ns
[2022-04-22T08:55:37.105+0000][9][safepoint   ] Safepoint "Cleanup", Time since last: 1004357167 ns, Reaching safepoint: 181000 ns, At safepoint: 6000 ns, Total: 187000 ns
[2022-04-22T08:55:39.108+0000][9][safepoint   ] Safepoint "Cleanup", Time since last: 2002456501 ns, Reaching safepoint: 183500 ns, At safepoint: 348833 ns, Total: 532333 ns
[2022-04-22T08:55:40.119+0000][9][safepoint   ] Safepoint "Cleanup", Time since last: 1010456334 ns, Reaching safepoint: 542500 ns, At safepoint: 15708 ns, Total: 558208 ns
[2022-04-22T08:55:41.154+0000][9][safepoint   ] Safepoint "Cleanup", Time since last: 1013331834 ns, Reaching safepoint: 21601000 ns, At safepoint: 22750 ns, Total: 21623750 ns
[2022-04-22T08:55:43.159+0000][9][safepoint   ] Safepoint "Cleanup", Time since last: 2004639168 ns, Reaching safepoint: 151375 ns, At safepoint: 5208 ns, Total: 156583 ns
[2022-04-22T08:55:44.161+0000][9][safepoint   ] Safepoint "Cleanup", Time since last: 1001571709 ns, Reaching safepoint: 302666 ns, At safepoint: 44250 ns, Total: 346916 ns
[2022-04-22T08:55:46.171+0000][9][safepoint   ] Safepoint "Cleanup", Time since last: 2009070251 ns, Reaching safepoint: 346084 ns, At safepoint: 8458 ns, Total: 354542 ns
[2022-04-22T08:55:49.181+0000][9][safepoint   ] Safepoint "Cleanup", Time since last: 3010670001 ns, Reaching safepoint: 222500 ns, At safepoint: 6042 ns, Total: 228542 ns
[2022-04-22T08:55:51.186+0000][9][safepoint   ] Safepoint "Cleanup", Time since last: 2003895876 ns, Reaching safepoint: 349583 ns, At safepoint: 11834 ns, Total: 361417 ns
[2022-04-22T08:55:52.188+0000][9][safepoint   ] Safepoint "Cleanup", Time since last: 1002368459 ns, Reaching safepoint: 220208 ns, At safepoint: 5500 ns, Total: 225708 ns
[2022-04-22T08:55:54.196+0000][9][safepoint   ] Safepoint "Cleanup", Time since last: 2007181959 ns, Reaching safepoint: 371583 ns, At safepoint: 16584 ns, Total: 388167 ns
[2022-04-22T08:55:55.201+0000][9][safepoint   ] Safepoint "Cleanup", Time since last: 1005214834 ns, Reaching safepoint: 104625 ns, At safepoint: 1750 ns, Total: 106375 ns
[2022-04-22T08:55:56.203+0000][9][safepoint   ] Safepoint "Cleanup", Time since last: 1001343500 ns, Reaching safepoint: 125667 ns, At safepoint: 6083 ns, Total: 131750 ns
[2022-04-22T08:55:58.210+0000][9][safepoint   ] Safepoint "Cleanup", Time since last: 2005410043 ns, Reaching safepoint: 1843416 ns, At safepoint: 14792 ns, Total: 1858208 ns
[2022-04-22T08:55:59.234+0000][9][safepoint   ] Safepoint "Cleanup", Time since last: 1018756584 ns, Reaching safepoint: 4841500 ns, At safepoint: 15958 ns, Total: 4857458 ns
[2022-04-22T08:56:00.249+0000][9][safepoint   ] Safepoint "Cleanup", Time since last: 1015682001 ns, Reaching safepoint: 269291 ns, At safepoint: 8459 ns, Total: 277750 ns
[2022-04-22T08:56:01.260+0000][9][safepoint   ] Safepoint "Cleanup", Time since last: 1010736750 ns, Reaching safepoint: 165083 ns, At safepoint: 7583 ns, Total: 172666 ns
[2022-04-22T08:56:04.272+0000][9][safepoint   ] Safepoint "Cleanup", Time since last: 3010168085 ns, Reaching safepoint: 1862583 ns, At safepoint: 14709 ns, Total: 1877292 ns
[2022-04-22T08:56:06.293+0000][9][safepoint   ] Safepoint "Cleanup", Time since last: 2019776167 ns, Reaching safepoint: 632750 ns, At safepoint: 12334 ns, Total: 645084 ns
[2022-04-22T08:56:07.297+0000][9][safepoint   ] Safepoint "Cleanup", Time since last: 1003967917 ns, Reaching safepoint: 97125 ns, At safepoint: 3833 ns, Total: 100958 ns
[2022-04-22T08:56:09.304+0000][9][safepoint   ] Safepoint "Cleanup", Time since last: 2001604751 ns, Reaching safepoint: 5473125 ns, At safepoint: 16125 ns, Total: 5489250 ns
[2022-04-22T08:56:10.312+0000][9][safepoint   ] Safepoint "Cleanup", Time since last: 1007925209 ns, Reaching safepoint: 397708 ns, At safepoint: 15209 ns, Total: 412917 ns
[2022-04-22T08:56:11.326+0000][9][safepoint   ] Safepoint "Cleanup", Time since last: 1012613917 ns, Reaching safepoint: 772541 ns, At safepoint: 13042 ns, Total: 785583 ns
[2022-04-22T08:56:13.338+0000][9][safepoint   ] Safepoint "Cleanup", Time since last: 2011847959 ns, Reaching safepoint: 239834 ns, At safepoint: 12250 ns, Total: 252084 ns
[2022-04-22T08:56:14.354+0000][9][safepoint   ] Safepoint "Cleanup", Time since last: 1015860958 ns, Reaching safepoint: 145667 ns, At safepoint: 5750 ns, Total: 151417 ns
[2022-04-22T08:56:16.368+0000][9][safepoint   ] Safepoint "Cleanup", Time since last: 2013874543 ns, Reaching safepoint: 218000 ns, At safepoint: 7291 ns, Total: 225291 ns
[2022-04-22T08:56:19.377+0000][9][safepoint   ] Safepoint "Cleanup", Time since last: 3009400710 ns, Reaching safepoint: 68542 ns, At safepoint: 2375 ns, Total: 70917 ns
[2022-04-22T08:56:20.257+0000][9][gc,start    ] GC(37) Pause Young (Normal) (G1 Evacuation Pause)
[2022-04-22T08:56:20.258+0000][9][gc,task     ] GC(37) Using 5 workers of 5 for evacuation
[2022-04-22T08:56:20.259+0000][9][gc,age      ] GC(37) Desired survivor size 20971520 bytes, new threshold 15 (max threshold 15)
[2022-04-22T08:56:20.268+0000][9][gc,age      ] GC(37) Age table with threshold 15 (max threshold 15)
[2022-04-22T08:56:20.269+0000][9][gc,age      ] GC(37) - age   1:     994744 bytes,     994744 total
[2022-04-22T08:56:20.270+0000][9][gc,age      ] GC(37) - age   2:     321912 bytes,    1316656 total
[2022-04-22T08:56:20.271+0000][9][gc,age      ] GC(37) - age   3:    2620152 bytes,    3936808 total
[2022-04-22T08:56:20.272+0000][9][gc,age      ] GC(37) - age   4:    4727288 bytes,    8664096 total
[2022-04-22T08:56:20.273+0000][9][gc,age      ] GC(37) - age   5:    3721512 bytes,   12385608 total
[2022-04-22T08:56:20.274+0000][9][gc,age      ] GC(37) - age   6:    2052584 bytes,   14438192 total
[2022-04-22T08:56:20.275+0000][9][gc,age      ] GC(37) - age   7:     282080 bytes,   14720272 total
[2022-04-22T08:56:20.275+0000][9][gc,age      ] GC(37) - age   8:     357872 bytes,   15078144 total
[2022-04-22T08:56:20.276+0000][9][gc,age      ] GC(37) - age   9:     248040 bytes,   15326184 total
[2022-04-22T08:56:20.277+0000][9][gc,age      ] GC(37) - age  10:     349136 bytes,   15675320 total
[2022-04-22T08:56:20.278+0000][9][gc,age      ] GC(37) - age  11:    1146128 bytes,   16821448 total
[2022-04-22T08:56:20.278+0000][9][gc,age      ] GC(37) - age  12:     305704 bytes,   17127152 total
[2022-04-22T08:56:20.279+0000][9][gc,age      ] GC(37) - age  13:     348216 bytes,   17475368 total
[2022-04-22T08:56:20.279+0000][9][gc,age      ] GC(37) - age  14:     846528 bytes,   18321896 total
[2022-04-22T08:56:20.280+0000][9][gc,age      ] GC(37) - age  15:     404632 bytes,   18726528 total
[2022-04-22T08:56:20.282+0000][9][gc,phases   ] GC(37)   Pre Evacuate Collection Set: 0.1ms
[2022-04-22T08:56:20.282+0000][9][gc,phases   ] GC(37)   Merge Heap Roots: 0.0ms
[2022-04-22T08:56:20.283+0000][9][gc,phases   ] GC(37)   Evacuate Collection Set: 6.8ms
[2022-04-22T08:56:20.284+0000][9][gc,phases   ] GC(37)   Post Evacuate Collection Set: 0.8ms
[2022-04-22T08:56:20.285+0000][9][gc,phases   ] GC(37)   Other: 16.6ms
[2022-04-22T08:56:20.285+0000][9][gc,heap     ] GC(37) Eden regions: 71->0(71)
[2022-04-22T08:56:20.286+0000][9][gc,heap     ] GC(37) Survivor regions: 5->5(10)
[2022-04-22T08:56:20.286+0000][9][gc,heap     ] GC(37) Old regions: 19->19
[2022-04-22T08:56:20.287+0000][9][gc,heap     ] GC(37) Archive regions: 2->2
[2022-04-22T08:56:20.288+0000][9][gc,heap     ] GC(37) Humongous regions: 6->6
[2022-04-22T08:56:20.288+0000][9][gc,metaspace] GC(37) Metaspace: 113281K(115072K)->113281K(115072K) NonClass: 98206K(99264K)->98206K(99264K) Class: 15074K(15808K)->15074K(15808K)
[2022-04-22T08:56:20.289+0000][9][gc          ] GC(37) Pause Young (Normal) (G1 Evacuation Pause) 405M->121M(512M) 31.886ms
[2022-04-22T08:56:20.290+0000][9][gc,cpu      ] GC(37) User=0.02s Sys=0.01s Real=0.03s
[2022-04-22T08:56:20.291+0000][9][safepoint   ] Safepoint "G1CollectForAllocation", Time since last: 879310750 ns, Reaching safepoint: 412542 ns, At safepoint: 33862917 ns, Total: 34275459 ns
[2022-04-22T08:56:21.297+0000][9][safepoint   ] Safepoint "Cleanup", Time since last: 1002525333 ns, Reaching safepoint: 3666334 ns, At safepoint: 23416 ns, Total: 3689750 ns
[2022-04-22T08:56:22.305+0000][9][safepoint   ] Safepoint "Cleanup", Time since last: 1007164834 ns, Reaching safepoint: 328000 ns, At safepoint: 11709 ns, Total: 339709 ns
[2022-04-22T08:56:24.317+0000][9][safepoint   ] Safepoint "Cleanup", Time since last: 2011779209 ns, Reaching safepoint: 342250 ns, At safepoint: 11792 ns, Total: 354042 ns
[2022-04-22T08:56:25.326+0000][9][safepoint   ] Safepoint "Cleanup", Time since last: 1009301333 ns, Reaching safepoint: 144000 ns, At safepoint: 4625 ns, Total: 148625 ns
[2022-04-22T08:56:26.333+0000][9][safepoint   ] Safepoint "Cleanup", Time since last: 1004489959 ns, Reaching safepoint: 2046292 ns, At safepoint: 17667 ns, Total: 2063959 ns
[2022-04-22T08:56:28.341+0000][9][safepoint   ] Safepoint "Cleanup", Time since last: 2007714792 ns, Reaching safepoint: 298875 ns, At safepoint: 12042 ns, Total: 310917 ns
[2022-04-22T08:56:29.351+0000][9][safepoint   ] Safepoint "Cleanup", Time since last: 1009861625 ns, Reaching safepoint: 654250 ns, At safepoint: 59000 ns, Total: 713250 ns
[2022-04-22T08:56:30.354+0000][9][safepoint   ] Safepoint "Cleanup", Time since last: 1002515959 ns, Reaching safepoint: 129750 ns, At safepoint: 2875 ns, Total: 132625 ns
[2022-04-22T08:56:31.357+0000][9][safepoint   ] Safepoint "Cleanup", Time since last: 1002977167 ns, Reaching safepoint: 282000 ns, At safepoint: 7000 ns, Total: 289000 ns
[2022-04-22T08:56:34.372+0000][9][safepoint   ] Safepoint "Cleanup", Time since last: 3014889501 ns, Reaching safepoint: 293542 ns, At safepoint: 11167 ns, Total: 304709 ns
[2022-04-22T08:56:36.381+0000][9][safepoint   ] Safepoint "Cleanup", Time since last: 2007622042 ns, Reaching safepoint: 960959 ns, At safepoint: 14416 ns, Total: 975375 ns
[2022-04-22T08:56:37.391+0000][9][safepoint   ] Safepoint "Cleanup", Time since last: 1010287709 ns, Reaching safepoint: 123833 ns, At safepoint: 4917 ns, Total: 128750 ns
[2022-04-22T08:56:39.399+0000][9][safepoint   ] Safepoint "Cleanup", Time since last: 2007213709 ns, Reaching safepoint: 170584 ns, At safepoint: 9166 ns, Total: 179750 ns
[2022-04-22T08:56:40.409+0000][9][safepoint   ] Safepoint "Cleanup", Time since last: 1009419084 ns, Reaching safepoint: 375625 ns, At safepoint: 19792 ns, Total: 395417 ns
[2022-04-22T08:56:41.428+0000][9][safepoint   ] Safepoint "Cleanup", Time since last: 1019587542 ns, Reaching safepoint: 117208 ns, At safepoint: 5292 ns, Total: 122500 ns
[2022-04-22T08:56:43.432+0000][9][safepoint   ] Safepoint "Cleanup", Time since last: 2003371168 ns, Reaching safepoint: 68375 ns, At safepoint: 4083 ns, Total: 72458 ns
[2022-04-22T08:56:45.435+0000][9][safepoint   ] Safepoint "Cleanup", Time since last: 2003499084 ns, Reaching safepoint: 156209 ns, At safepoint: 4416 ns, Total: 160625 ns
[2022-04-22T08:56:46.440+0000][9][safepoint   ] Safepoint "Cleanup", Time since last: 1004225501 ns, Reaching safepoint: 164458 ns, At safepoint: 5833 ns, Total: 170291 ns
[2022-04-22T08:56:49.471+0000][9][safepoint   ] Safepoint "Cleanup", Time since last: 3030026044 ns, Reaching safepoint: 760708 ns, At safepoint: 11583 ns, Total: 772291 ns
[2022-04-22T08:56:51.483+0000][9][safepoint   ] Safepoint "Cleanup", Time since last: 2012009543 ns, Reaching safepoint: 346500 ns, At safepoint: 10208 ns, Total: 356708 ns
[2022-04-22T08:56:52.497+0000][9][safepoint   ] Safepoint "Cleanup", Time since last: 1013732334 ns, Reaching safepoint: 385167 ns, At safepoint: 19208 ns, Total: 404375 ns
[2022-04-22T08:56:53.507+0000][9][safepoint   ] Safepoint "Cleanup", Time since last: 1009827667 ns, Reaching safepoint: 329542 ns, At safepoint: 10291 ns, Total: 339833 ns
[2022-04-22T08:56:55.513+0000][9][safepoint   ] Safepoint "Cleanup", Time since last: 2005510710 ns, Reaching safepoint: 54541 ns, At safepoint: 4167 ns, Total: 58708 ns
[2022-04-22T08:56:56.519+0000][9][safepoint   ] Safepoint "Cleanup", Time since last: 1005757959 ns, Reaching safepoint: 186917 ns, At safepoint: 11500 ns, Total: 198417 ns
[2022-04-22T08:56:58.524+0000][9][safepoint   ] Safepoint "Cleanup", Time since last: 2004873917 ns, Reaching safepoint: 384500 ns, At safepoint: 12542 ns, Total: 397042 ns
[2022-04-22T08:57:00.534+0000][9][safepoint   ] Safepoint "Cleanup", Time since last: 2009220918 ns, Reaching safepoint: 312875 ns, At safepoint: 7500 ns, Total: 320375 ns
[2022-04-22T08:57:01.541+0000][9][safepoint   ] Safepoint "Cleanup", Time since last: 1007290791 ns, Reaching safepoint: 81500 ns, At safepoint: 4458 ns, Total: 85958 ns
[2022-04-22T08:57:03.550+0000][9][safepoint   ] Safepoint "Cleanup", Time since last: 2009024293 ns, Reaching safepoint: 429708 ns, At safepoint: 14875 ns, Total: 444583 ns
[2022-04-22T08:57:04.563+0000][9][safepoint   ] Safepoint "Cleanup", Time since last: 1012597959 ns, Reaching safepoint: 274291 ns, At safepoint: 14125 ns, Total: 288416 ns
[2022-04-22T08:57:06.576+0000][9][safepoint   ] Safepoint "Cleanup", Time since last: 2012345210 ns, Reaching safepoint: 381833 ns, At safepoint: 9417 ns, Total: 391250 ns
[2022-04-22T08:57:07.589+0000][9][safepoint   ] Safepoint "Cleanup", Time since last: 1012838709 ns, Reaching safepoint: 171333 ns, At safepoint: 14583 ns, Total: 185916 ns
[2022-04-22T08:57:08.594+0000][9][safepoint   ] Safepoint "Cleanup", Time since last: 1004906667 ns, Reaching safepoint: 143792 ns, At safepoint: 5792 ns, Total: 149584 ns
[2022-04-22T08:57:10.602+0000][9][safepoint   ] Safepoint "Cleanup", Time since last: 2007531292 ns, Reaching safepoint: 215209 ns, At safepoint: 5875 ns, Total: 221084 ns
[2022-04-22T08:57:11.625+0000][9][safepoint   ] Safepoint "Cleanup", Time since last: 1022815917 ns, Reaching safepoint: 692000 ns, At safepoint: 23041 ns, Total: 715041 ns
[2022-04-22T08:57:13.639+0000][9][safepoint   ] Safepoint "Cleanup", Time since last: 2013145251 ns, Reaching safepoint: 156584 ns, At safepoint: 4916 ns, Total: 161500 ns
[2022-04-22T08:57:14.641+0000][9][safepoint   ] Safepoint "Cleanup", Time since last: 1001669959 ns, Reaching safepoint: 129584 ns, At safepoint: 5625 ns, Total: 135209 ns
[2022-04-22T08:57:15.644+0000][9][safepoint   ] Safepoint "Cleanup", Time since last: 1003543125 ns, Reaching safepoint: 311958 ns, At safepoint: 13625 ns, Total: 325583 ns
[2022-04-22T08:57:16.650+0000][9][safepoint   ] Safepoint "Cleanup", Time since last: 1005572876 ns, Reaching safepoint: 173208 ns, At safepoint: 7042 ns, Total: 180250 ns
[2022-04-22T08:57:19.668+0000][9][safepoint   ] Safepoint "Cleanup", Time since last: 3017652835 ns, Reaching safepoint: 149916 ns, At safepoint: 15209 ns, Total: 165125 ns
[2022-04-22T08:57:21.675+0000][9][safepoint   ] Safepoint "Cleanup", Time since last: 2006931959 ns, Reaching safepoint: 160875 ns, At safepoint: 9708 ns, Total: 170583 ns
[2022-04-22T08:57:22.685+0000][9][safepoint   ] Safepoint "Cleanup", Time since last: 1009282584 ns, Reaching safepoint: 177583 ns, At safepoint: 5292 ns, Total: 182875 ns
[2022-04-22T08:57:23.693+0000][9][safepoint   ] Safepoint "Cleanup", Time since last: 1005101584 ns, Reaching safepoint: 2941333 ns, At safepoint: 21709 ns, Total: 2963042 ns
[2022-04-22T08:57:25.703+0000][9][safepoint   ] Safepoint "Cleanup", Time since last: 2010264251 ns, Reaching safepoint: 189291 ns, At safepoint: 9542 ns, Total: 198833 ns
[2022-04-22T08:57:26.736+0000][9][safepoint   ] Safepoint "Cleanup", Time since last: 1032335875 ns, Reaching safepoint: 220084 ns, At safepoint: 7750 ns, Total: 227834 ns
[2022-04-22T08:57:28.759+0000][9][safepoint   ] Safepoint "Cleanup", Time since last: 2022606959 ns, Reaching safepoint: 488708 ns, At safepoint: 14000 ns, Total: 502708 ns
[2022-04-22T08:57:30.769+0000][9][safepoint   ] Safepoint "Cleanup", Time since last: 2009285168 ns, Reaching safepoint: 751875 ns, At safepoint: 154667 ns, Total: 906542 ns
[2022-04-22T08:57:31.784+0000][9][safepoint   ] Safepoint "Cleanup", Time since last: 1014593208 ns, Reaching safepoint: 144625 ns, At safepoint: 14791 ns, Total: 159416 ns
[2022-04-22T08:57:33.791+0000][9][safepoint   ] Safepoint "Cleanup", Time since last: 2006902376 ns, Reaching safepoint: 121209 ns, At safepoint: 5791 ns, Total: 127000 ns
[2022-04-22T08:57:36.799+0000][9][safepoint   ] Safepoint "Cleanup", Time since last: 3007900794 ns, Reaching safepoint: 178833 ns, At safepoint: 11333 ns, Total: 190166 ns
[2022-04-22T08:57:37.802+0000][9][safepoint   ] Safepoint "Cleanup", Time since last: 1002607876 ns, Reaching safepoint: 250333 ns, At safepoint: 4667 ns, Total: 255000 ns
[2022-04-22T08:57:38.803+0000][9][safepoint   ] Safepoint "Cleanup", Time since last: 1001259250 ns, Reaching safepoint: 57792 ns, At safepoint: 2833 ns, Total: 60625 ns
[2022-04-22T08:57:39.804+0000][9][safepoint   ] Safepoint "Cleanup", Time since last: 1001368251 ns, Reaching safepoint: 110833 ns, At safepoint: 4875 ns, Total: 115708 ns
[2022-04-22T08:57:41.817+0000][9][safepoint   ] Safepoint "Cleanup", Time since last: 2012057584 ns, Reaching safepoint: 221875 ns, At safepoint: 4500 ns, Total: 226375 ns
[2022-04-22T08:57:42.818+0000][9][safepoint   ] Safepoint "Cleanup", Time since last: 1001463084 ns, Reaching safepoint: 154792 ns, At safepoint: 6375 ns, Total: 161167 ns
[2022-04-22T08:57:43.820+0000][9][safepoint   ] Safepoint "Cleanup", Time since last: 1001051709 ns, Reaching safepoint: 96125 ns, At safepoint: 4125 ns, Total: 100250 ns
[2022-04-22T08:57:44.070+0000][9][gc,start    ] GC(38) Pause Young (Normal) (G1 Evacuation Pause)
[2022-04-22T08:57:44.072+0000][9][gc,task     ] GC(38) Using 5 workers of 5 for evacuation
[2022-04-22T08:57:44.072+0000][9][gc,age      ] GC(38) Desired survivor size 20971520 bytes, new threshold 15 (max threshold 15)
[2022-04-22T08:57:44.079+0000][9][gc,age      ] GC(38) Age table with threshold 15 (max threshold 15)
[2022-04-22T08:57:44.080+0000][9][gc,age      ] GC(38) - age   1:     688112 bytes,     688112 total
[2022-04-22T08:57:44.081+0000][9][gc,age      ] GC(38) - age   2:     115864 bytes,     803976 total
[2022-04-22T08:57:44.082+0000][9][gc,age      ] GC(38) - age   3:     117856 bytes,     921832 total
[2022-04-22T08:57:44.083+0000][9][gc,age      ] GC(38) - age   4:    2619576 bytes,    3541408 total
[2022-04-22T08:57:44.084+0000][9][gc,age      ] GC(38) - age   5:    4727168 bytes,    8268576 total
[2022-04-22T08:57:44.085+0000][9][gc,age      ] GC(38) - age   6:    3561920 bytes,   11830496 total
[2022-04-22T08:57:44.086+0000][9][gc,age      ] GC(38) - age   7:    1897672 bytes,   13728168 total
[2022-04-22T08:57:44.087+0000][9][gc,age      ] GC(38) - age   8:     282080 bytes,   14010248 total
[2022-04-22T08:57:44.088+0000][9][gc,age      ] GC(38) - age   9:     357872 bytes,   14368120 total
[2022-04-22T08:57:44.089+0000][9][gc,age      ] GC(38) - age  10:     248040 bytes,   14616160 total
[2022-04-22T08:57:44.090+0000][9][gc,age      ] GC(38) - age  11:     349136 bytes,   14965296 total
[2022-04-22T08:57:44.091+0000][9][gc,age      ] GC(38) - age  12:    1146128 bytes,   16111424 total
[2022-04-22T08:57:44.092+0000][9][gc,age      ] GC(38) - age  13:     305704 bytes,   16417128 total
[2022-04-22T08:57:44.093+0000][9][gc,age      ] GC(38) - age  14:     348216 bytes,   16765344 total
[2022-04-22T08:57:44.094+0000][9][gc,age      ] GC(38) - age  15:     846528 bytes,   17611872 total
[2022-04-22T08:57:44.095+0000][9][gc,phases   ] GC(38)   Pre Evacuate Collection Set: 0.1ms
[2022-04-22T08:57:44.096+0000][9][gc,phases   ] GC(38)   Merge Heap Roots: 0.1ms
[2022-04-22T08:57:44.097+0000][9][gc,phases   ] GC(38)   Evacuate Collection Set: 4.6ms
[2022-04-22T08:57:44.098+0000][9][gc,phases   ] GC(38)   Post Evacuate Collection Set: 1.2ms
[2022-04-22T08:57:44.099+0000][9][gc,phases   ] GC(38)   Other: 19.1ms
[2022-04-22T08:57:44.100+0000][9][gc,heap     ] GC(38) Eden regions: 71->0(71)
[2022-04-22T08:57:44.101+0000][9][gc,heap     ] GC(38) Survivor regions: 5->5(10)
[2022-04-22T08:57:44.101+0000][9][gc,heap     ] GC(38) Old regions: 19->19
[2022-04-22T08:57:44.103+0000][9][gc,heap     ] GC(38) Archive regions: 2->2
[2022-04-22T08:57:44.103+0000][9][gc,heap     ] GC(38) Humongous regions: 6->6
[2022-04-22T08:57:44.104+0000][9][gc,metaspace] GC(38) Metaspace: 113408K(115136K)->113408K(115136K) NonClass: 98333K(99328K)->98333K(99328K) Class: 15074K(15808K)->15074K(15808K)
[2022-04-22T08:57:44.105+0000][9][gc          ] GC(38) Pause Young (Normal) (G1 Evacuation Pause) 405M->120M(512M) 34.814ms
[2022-04-22T08:57:44.106+0000][9][gc,cpu      ] GC(38) User=0.02s Sys=0.00s Real=0.03s
[2022-04-22T08:57:44.107+0000][9][safepoint   ] Safepoint "G1CollectForAllocation", Time since last: 250595583 ns, Reaching safepoint: 106875 ns, At safepoint: 37216833 ns, Total: 37323708 ns
[2022-04-22T08:57:46.122+0000][9][safepoint   ] Safepoint "Cleanup", Time since last: 2014558293 ns, Reaching safepoint: 329917 ns, At safepoint: 8750 ns, Total: 338667 ns
[2022-04-22T08:57:49.135+0000][9][safepoint   ] Safepoint "Cleanup", Time since last: 3012384709 ns, Reaching safepoint: 57917 ns, At safepoint: 2125 ns, Total: 60042 ns
[2022-04-22T08:57:51.141+0000][9][safepoint   ] Safepoint "Cleanup", Time since last: 2006260334 ns, Reaching safepoint: 141167 ns, At safepoint: 7708 ns, Total: 148875 ns
[2022-04-22T08:57:52.149+0000][9][safepoint   ] Safepoint "Cleanup", Time since last: 1007342918 ns, Reaching safepoint: 261208 ns, At safepoint: 6292 ns, Total: 267500 ns
[2022-04-22T08:57:53.154+0000][9][safepoint   ] Safepoint "Cleanup", Time since last: 1005529042 ns, Reaching safepoint: 93666 ns, At safepoint: 3250 ns, Total: 96916 ns
[2022-04-22T08:57:54.156+0000][9][safepoint   ] Safepoint "Cleanup", Time since last: 1001279126 ns, Reaching safepoint: 74500 ns, At safepoint: 2666 ns, Total: 77166 ns
[2022-04-22T08:57:55.157+0000][9][safepoint   ] Safepoint "Cleanup", Time since last: 1000988376 ns, Reaching safepoint: 87750 ns, At safepoint: 2750 ns, Total: 90500 ns
[2022-04-22T08:57:56.159+0000][9][safepoint   ] Safepoint "Cleanup", Time since last: 1001715042 ns, Reaching safepoint: 171833 ns, At safepoint: 5000 ns, Total: 176833 ns
[2022-04-22T08:57:58.166+0000][9][safepoint   ] Safepoint "Cleanup", Time since last: 2007272376 ns, Reaching safepoint: 138042 ns, At safepoint: 3833 ns, Total: 141875 ns
[2022-04-22T08:57:59.168+0000][9][safepoint   ] Safepoint "Cleanup", Time since last: 1001249834 ns, Reaching safepoint: 142042 ns, At safepoint: 2542 ns, Total: 144584 ns
[2022-04-22T08:58:00.169+0000][9][safepoint   ] Safepoint "Cleanup", Time since last: 1001565708 ns, Reaching safepoint: 196292 ns, At safepoint: 5333 ns, Total: 201625 ns
[2022-04-22T08:58:01.170+0000][9][safepoint   ] Safepoint "Cleanup", Time since last: 1000861125 ns, Reaching safepoint: 316292 ns, At safepoint: 10917 ns, Total: 327209 ns
[2022-04-22T08:58:02.172+0000][9][safepoint   ] Safepoint "Cleanup", Time since last: 1001137167 ns, Reaching safepoint: 472166 ns, At safepoint: 10667 ns, Total: 482833 ns
[2022-04-22T08:58:04.180+0000][9][safepoint   ] Safepoint "Cleanup", Time since last: 2008135668 ns, Reaching safepoint: 277375 ns, At safepoint: 9791 ns, Total: 287166 ns
[2022-04-22T08:58:06.197+0000][9][safepoint   ] Safepoint "Cleanup", Time since last: 2015791085 ns, Reaching safepoint: 1297250 ns, At safepoint: 12833 ns, Total: 1310083 ns
[2022-04-22T08:58:07.202+0000][9][safepoint   ] Safepoint "Cleanup", Time since last: 1004329209 ns, Reaching safepoint: 84208 ns, At safepoint: 2375 ns, Total: 86583 ns
[2022-04-22T08:58:09.209+0000][9][safepoint   ] Safepoint "Cleanup", Time since last: 2006680918 ns, Reaching safepoint: 325708 ns, At safepoint: 18333 ns, Total: 344041 ns
[2022-04-22T08:58:10.829+0000][9][safepoint   ] Safepoint "Cleanup", Time since last: 1619601376 ns, Reaching safepoint: 879167 ns, At safepoint: 15083 ns, Total: 894250 ns
[2022-04-22T08:58:11.846+0000][9][safepoint   ] Safepoint "Cleanup", Time since last: 1017019834 ns, Reaching safepoint: 157833 ns, At safepoint: 5584 ns, Total: 163417 ns
[2022-04-22T08:58:12.853+0000][9][safepoint   ] Safepoint "Cleanup", Time since last: 1006888583 ns, Reaching safepoint: 71334 ns, At safepoint: 2125 ns, Total: 73459 ns
[2022-04-22T08:58:13.856+0000][9][safepoint   ] Safepoint "Cleanup", Time since last: 1002369292 ns, Reaching safepoint: 596833 ns, At safepoint: 12292 ns, Total: 609125 ns
[2022-04-22T08:58:15.958+0000][9][safepoint   ] Safepoint "Cleanup", Time since last: 2101975668 ns, Reaching safepoint: 88833 ns, At safepoint: 5375 ns, Total: 94208 ns
[2022-04-22T08:58:18.966+0000][9][safepoint   ] Safepoint "Cleanup", Time since last: 3007133418 ns, Reaching safepoint: 52250 ns, At safepoint: 2125 ns, Total: 54375 ns
[2022-04-22T08:58:20.968+0000][9][safepoint   ] Safepoint "Cleanup", Time since last: 2001933418 ns, Reaching safepoint: 53875 ns, At safepoint: 1916 ns, Total: 55791 ns
[2022-04-22T08:58:21.974+0000][9][safepoint   ] Safepoint "Cleanup", Time since last: 1006037501 ns, Reaching safepoint: 223750 ns, At safepoint: 8166 ns, Total: 231916 ns
[2022-04-22T08:58:22.978+0000][9][safepoint   ] Safepoint "Cleanup", Time since last: 1003951168 ns, Reaching safepoint: 254250 ns, At safepoint: 11500 ns, Total: 265750 ns
[2022-04-22T08:58:23.992+0000][9][safepoint   ] Safepoint "Cleanup", Time since last: 1013542958 ns, Reaching safepoint: 161625 ns, At safepoint: 6000 ns, Total: 167625 ns
[2022-04-22T08:58:25.004+0000][9][safepoint   ] Safepoint "Cleanup", Time since last: 1012374043 ns, Reaching safepoint: 93458 ns, At safepoint: 3042 ns, Total: 96500 ns
[2022-04-22T08:58:26.006+0000][9][safepoint   ] Safepoint "Cleanup", Time since last: 1001443417 ns, Reaching safepoint: 112500 ns, At safepoint: 5125 ns, Total: 117625 ns
[2022-04-22T08:58:28.010+0000][9][safepoint   ] Safepoint "Cleanup", Time since last: 2004263417 ns, Reaching safepoint: 175042 ns, At safepoint: 4125 ns, Total: 179167 ns
[2022-04-22T08:58:29.013+0000][9][safepoint   ] Safepoint "Cleanup", Time since last: 1002747834 ns, Reaching safepoint: 146500 ns, At safepoint: 5708 ns, Total: 152208 ns
[2022-04-22T08:58:30.023+0000][9][safepoint   ] Safepoint "Cleanup", Time since last: 1009458542 ns, Reaching safepoint: 166584 ns, At safepoint: 4833 ns, Total: 171417 ns
[2022-04-22T08:58:31.026+0000][9][safepoint   ] Safepoint "Cleanup", Time since last: 1002847459 ns, Reaching safepoint: 53541 ns, At safepoint: 2459 ns, Total: 56000 ns
[2022-04-22T08:58:32.028+0000][9][safepoint   ] Safepoint "Cleanup", Time since last: 1001609291 ns, Reaching safepoint: 580917 ns, At safepoint: 28083 ns, Total: 609000 ns
[2022-04-22T08:58:32.093+0000][9][gc,start    ] GC(39) Pause Young (Normal) (G1 Evacuation Pause)
[2022-04-22T08:58:32.095+0000][9][gc,task     ] GC(39) Using 5 workers of 5 for evacuation
[2022-04-22T08:58:32.096+0000][9][gc,age      ] GC(39) Desired survivor size 20971520 bytes, new threshold 15 (max threshold 15)
[2022-04-22T08:58:32.103+0000][9][gc,age      ] GC(39) Age table with threshold 15 (max threshold 15)
[2022-04-22T08:58:32.104+0000][9][gc,age      ] GC(39) - age   1:    1769104 bytes,    1769104 total
[2022-04-22T08:58:32.104+0000][9][gc,age      ] GC(39) - age   2:     291008 bytes,    2060112 total
[2022-04-22T08:58:32.105+0000][9][gc,age      ] GC(39) - age   3:       5088 bytes,    2065200 total
[2022-04-22T08:58:32.105+0000][9][gc,age      ] GC(39) - age   4:     116752 bytes,    2181952 total
[2022-04-22T08:58:32.106+0000][9][gc,age      ] GC(39) - age   5:     106224 bytes,    2288176 total
[2022-04-22T08:58:32.107+0000][9][gc,age      ] GC(39) - age   6:    1022240 bytes,    3310416 total
[2022-04-22T08:58:32.107+0000][9][gc,age      ] GC(39) - age   7:     899776 bytes,    4210192 total
[2022-04-22T08:58:32.108+0000][9][gc,age      ] GC(39) - age   8:     809320 bytes,    5019512 total
[2022-04-22T08:58:32.109+0000][9][gc,age      ] GC(39) - age   9:     282080 bytes,    5301592 total
[2022-04-22T08:58:32.109+0000][9][gc,age      ] GC(39) - age  10:     357872 bytes,    5659464 total
[2022-04-22T08:58:32.110+0000][9][gc,age      ] GC(39) - age  11:     248040 bytes,    5907504 total
[2022-04-22T08:58:32.110+0000][9][gc,age      ] GC(39) - age  12:     349136 bytes,    6256640 total
[2022-04-22T08:58:32.111+0000][9][gc,age      ] GC(39) - age  13:    1146128 bytes,    7402768 total
[2022-04-22T08:58:32.112+0000][9][gc,age      ] GC(39) - age  14:     305624 bytes,    7708392 total
[2022-04-22T08:58:32.113+0000][9][gc,age      ] GC(39) - age  15:     348216 bytes,    8056608 total
[2022-04-22T08:58:32.114+0000][9][gc,phases   ] GC(39)   Pre Evacuate Collection Set: 0.5ms
[2022-04-22T08:58:32.114+0000][9][gc,phases   ] GC(39)   Merge Heap Roots: 0.1ms
[2022-04-22T08:58:32.115+0000][9][gc,phases   ] GC(39)   Evacuate Collection Set: 4.4ms
[2022-04-22T08:58:32.116+0000][9][gc,phases   ] GC(39)   Post Evacuate Collection Set: 0.8ms
[2022-04-22T08:58:32.117+0000][9][gc,phases   ] GC(39)   Other: 14.6ms
[2022-04-22T08:58:32.117+0000][9][gc,heap     ] GC(39) Eden regions: 71->0(73)
[2022-04-22T08:58:32.118+0000][9][gc,heap     ] GC(39) Survivor regions: 5->3(10)
[2022-04-22T08:58:32.119+0000][9][gc,heap     ] GC(39) Old regions: 19->19
[2022-04-22T08:58:32.120+0000][9][gc,heap     ] GC(39) Archive regions: 2->2
[2022-04-22T08:58:32.120+0000][9][gc,heap     ] GC(39) Humongous regions: 6->6
[2022-04-22T08:58:32.121+0000][9][gc,metaspace] GC(39) Metaspace: 114106K(115904K)->114106K(115904K) NonClass: 98939K(99968K)->98939K(99968K) Class: 15166K(15936K)->15166K(15936K)
[2022-04-22T08:58:32.121+0000][9][gc          ] GC(39) Pause Young (Normal) (G1 Evacuation Pause) 404M->112M(512M) 28.149ms
[2022-04-22T08:58:32.122+0000][9][gc,cpu      ] GC(39) User=0.02s Sys=0.00s Real=0.03s
[2022-04-22T08:58:32.123+0000][9][safepoint   ] Safepoint "G1CollectForAllocation", Time since last: 65256792 ns, Reaching safepoint: 175375 ns, At safepoint: 29468958 ns, Total: 29644333 ns
[2022-04-22T08:58:34.125+0000][9][safepoint   ] Safepoint "Cleanup", Time since last: 2001586960 ns, Reaching safepoint: 331208 ns, At safepoint: 9083 ns, Total: 340291 ns
[2022-04-22T08:58:36.133+0000][9][safepoint   ] Safepoint "Cleanup", Time since last: 2007732293 ns, Reaching safepoint: 165458 ns, At safepoint: 30292 ns, Total: 195750 ns
[2022-04-22T08:58:37.136+0000][9][safepoint   ] Safepoint "Cleanup", Time since last: 1003544542 ns, Reaching safepoint: 275958 ns, At safepoint: 13917 ns, Total: 289875 ns
[2022-04-22T08:58:39.142+0000][9][safepoint   ] Safepoint "Cleanup", Time since last: 2005519584 ns, Reaching safepoint: 560709 ns, At safepoint: 16708 ns, Total: 577417 ns
[2022-04-22T08:58:40.154+0000][9][safepoint   ] Safepoint "Cleanup", Time since last: 1010356959 ns, Reaching safepoint: 1002625 ns, At safepoint: 20166 ns, Total: 1022791 ns
[2022-04-22T08:58:41.165+0000][9][safepoint   ] Safepoint "Cleanup", Time since last: 1010355626 ns, Reaching safepoint: 476250 ns, At safepoint: 21083 ns, Total: 497333 ns
[2022-04-22T08:58:43.174+0000][9][safepoint   ] Safepoint "Cleanup", Time since last: 2009004668 ns, Reaching safepoint: 78208 ns, At safepoint: 2792 ns, Total: 81000 ns
[2022-04-22T08:58:44.178+0000][9][safepoint   ] Safepoint "Cleanup", Time since last: 1004000250 ns, Reaching safepoint: 238542 ns, At safepoint: 19333 ns, Total: 257875 ns
[2022-04-22T08:58:46.187+0000][9][safepoint   ] Safepoint "Cleanup", Time since last: 2008036210 ns, Reaching safepoint: 449750 ns, At safepoint: 16000 ns, Total: 465750 ns
[2022-04-22T08:58:49.201+0000][9][safepoint   ] Safepoint "Cleanup", Time since last: 3014090918 ns, Reaching safepoint: 197791 ns, At safepoint: 4417 ns, Total: 202208 ns
[2022-04-22T08:58:51.208+0000][9][safepoint   ] Safepoint "Cleanup", Time since last: 2006574834 ns, Reaching safepoint: 711875 ns, At safepoint: 18375 ns, Total: 730250 ns
[2022-04-22T08:58:52.221+0000][9][safepoint   ] Safepoint "Cleanup", Time since last: 1012442709 ns, Reaching safepoint: 582875 ns, At safepoint: 19209 ns, Total: 602084 ns
[2022-04-22T08:58:54.229+0000][9][safepoint   ] Safepoint "Cleanup", Time since last: 2007528250 ns, Reaching safepoint: 438417 ns, At safepoint: 16458 ns, Total: 454875 ns
[2022-04-22T08:58:55.236+0000][9][safepoint   ] Safepoint "Cleanup", Time since last: 1006778709 ns, Reaching safepoint: 219709 ns, At safepoint: 18125 ns, Total: 237834 ns
[2022-04-22T08:58:56.239+0000][9][safepoint   ] Safepoint "Cleanup", Time since last: 1002558792 ns, Reaching safepoint: 176916 ns, At safepoint: 4500 ns, Total: 181416 ns
[2022-04-22T08:58:58.246+0000][9][safepoint   ] Safepoint "Cleanup", Time since last: 2006704210 ns, Reaching safepoint: 468125 ns, At safepoint: 15041 ns, Total: 483166 ns
[2022-04-22T08:58:59.254+0000][9][safepoint   ] Safepoint "Cleanup", Time since last: 1007567126 ns, Reaching safepoint: 509875 ns, At safepoint: 16875 ns, Total: 526750 ns
[2022-04-22T08:59:00.265+0000][9][safepoint   ] Safepoint "Cleanup", Time since last: 1009730084 ns, Reaching safepoint: 581291 ns, At safepoint: 19500 ns, Total: 600791 ns
[2022-04-22T08:59:01.269+0000][9][safepoint   ] Safepoint "Cleanup", Time since last: 1004765084 ns, Reaching safepoint: 58708 ns, At safepoint: 2208 ns, Total: 60916 ns
[2022-04-22T08:59:04.280+0000][9][safepoint   ] Safepoint "Cleanup", Time since last: 3010137210 ns, Reaching safepoint: 320917 ns, At safepoint: 13541 ns, Total: 334458 ns
[2022-04-22T08:59:06.294+0000][9][safepoint   ] Safepoint "Cleanup", Time since last: 2012971626 ns, Reaching safepoint: 1409542 ns, At safepoint: 23292 ns, Total: 1432834 ns
[2022-04-22T08:59:07.310+0000][9][safepoint   ] Safepoint "Cleanup", Time since last: 1015326042 ns, Reaching safepoint: 295666 ns, At safepoint: 6500 ns, Total: 302166 ns
[2022-04-22T08:59:09.324+0000][9][safepoint   ] Safepoint "Cleanup", Time since last: 2014100543 ns, Reaching safepoint: 100083 ns, At safepoint: 6250 ns, Total: 106333 ns
[2022-04-22T08:59:10.328+0000][9][safepoint   ] Safepoint "Cleanup", Time since last: 1003346251 ns, Reaching safepoint: 383625 ns, At safepoint: 9583 ns, Total: 393208 ns
[2022-04-22T08:59:11.334+0000][9][safepoint   ] Safepoint "Cleanup", Time since last: 1004892626 ns, Reaching safepoint: 577083 ns, At safepoint: 296208 ns, Total: 873291 ns
[2022-04-22T08:59:13.337+0000][9][safepoint   ] Safepoint "Cleanup", Time since last: 2002891668 ns, Reaching safepoint: 109667 ns, At safepoint: 3791 ns, Total: 113458 ns
[2022-04-22T08:59:14.340+0000][9][safepoint   ] Safepoint "Cleanup", Time since last: 1002473292 ns, Reaching safepoint: 791417 ns, At safepoint: 12333 ns, Total: 803750 ns
[2022-04-22T08:59:16.357+0000][9][safepoint   ] Safepoint "Cleanup", Time since last: 2017026501 ns, Reaching safepoint: 262250 ns, At safepoint: 9625 ns, Total: 271875 ns
[2022-04-22T08:59:19.368+0000][9][safepoint   ] Safepoint "Cleanup", Time since last: 3010435960 ns, Reaching safepoint: 351709 ns, At safepoint: 7041 ns, Total: 358750 ns
[2022-04-22T08:59:21.382+0000][9][safepoint   ] Safepoint "Cleanup", Time since last: 2013845334 ns, Reaching safepoint: 115750 ns, At safepoint: 5250 ns, Total: 121000 ns
[2022-04-22T08:59:22.388+0000][9][safepoint   ] Safepoint "Cleanup", Time since last: 1004586793 ns, Reaching safepoint: 1208916 ns, At safepoint: 18167 ns, Total: 1227083 ns
[2022-04-22T08:59:24.399+0000][9][safepoint   ] Safepoint "Cleanup", Time since last: 2010851668 ns, Reaching safepoint: 173750 ns, At safepoint: 7750 ns, Total: 181500 ns
[2022-04-22T08:59:25.402+0000][9][safepoint   ] Safepoint "Cleanup", Time since last: 1002617792 ns, Reaching safepoint: 277250 ns, At safepoint: 30291 ns, Total: 307541 ns
[2022-04-22T08:59:26.404+0000][9][safepoint   ] Safepoint "Cleanup", Time since last: 1002288293 ns, Reaching safepoint: 95000 ns, At safepoint: 3791 ns, Total: 98791 ns
[2022-04-22T08:59:28.413+0000][9][safepoint   ] Safepoint "Cleanup", Time since last: 2002499126 ns, Reaching safepoint: 5924000 ns, At safepoint: 103625 ns, Total: 6027625 ns
[2022-04-22T08:59:29.420+0000][9][safepoint   ] Safepoint "Cleanup", Time since last: 1006974167 ns, Reaching safepoint: 651000 ns, At safepoint: 19167 ns, Total: 670167 ns
[2022-04-22T08:59:30.436+0000][9][safepoint   ] Safepoint "Cleanup", Time since last: 1007913917 ns, Reaching safepoint: 7694500 ns, At safepoint: 37792 ns, Total: 7732292 ns
[2022-04-22T08:59:31.441+0000][9][safepoint   ] Safepoint "Cleanup", Time since last: 1004737208 ns, Reaching safepoint: 120167 ns, At safepoint: 6000 ns, Total: 126167 ns
[2022-04-22T08:59:34.452+0000][9][safepoint   ] Safepoint "Cleanup", Time since last: 3010722501 ns, Reaching safepoint: 507792 ns, At safepoint: 12917 ns, Total: 520709 ns
[2022-04-22T08:59:36.477+0000][9][safepoint   ] Safepoint "Cleanup", Time since last: 2024504251 ns, Reaching safepoint: 268000 ns, At safepoint: 8083 ns, Total: 276083 ns
[2022-04-22T08:59:37.479+0000][9][safepoint   ] Safepoint "Cleanup", Time since last: 1001758209 ns, Reaching safepoint: 177042 ns, At safepoint: 8708 ns, Total: 185750 ns
[2022-04-22T08:59:38.482+0000][9][safepoint   ] Safepoint "Cleanup", Time since last: 1002798084 ns, Reaching safepoint: 185333 ns, At safepoint: 12292 ns, Total: 197625 ns
[2022-04-22T08:59:40.491+0000][9][safepoint   ] Safepoint "Cleanup", Time since last: 2009349959 ns, Reaching safepoint: 292000 ns, At safepoint: 8583 ns, Total: 300583 ns
[2022-04-22T08:59:41.504+0000][9][safepoint   ] Safepoint "Cleanup", Time since last: 1012099001 ns, Reaching safepoint: 459916 ns, At safepoint: 9417 ns, Total: 469333 ns
[2022-04-22T08:59:43.514+0000][9][safepoint   ] Safepoint "Cleanup", Time since last: 2010255084 ns, Reaching safepoint: 249334 ns, At safepoint: 5833 ns, Total: 255167 ns
[2022-04-22T08:59:46.527+0000][9][safepoint   ] Safepoint "Cleanup", Time since last: 3012656376 ns, Reaching safepoint: 446459 ns, At safepoint: 14416 ns, Total: 460875 ns
[2022-04-22T08:59:49.540+0000][9][safepoint   ] Safepoint "Cleanup", Time since last: 3012570544 ns, Reaching safepoint: 49333 ns, At safepoint: 2542 ns, Total: 51875 ns
[2022-04-22T08:59:51.550+0000][9][safepoint   ] Safepoint "Cleanup", Time since last: 2009965584 ns, Reaching safepoint: 473333 ns, At safepoint: 13792 ns, Total: 487125 ns
[2022-04-22T08:59:52.559+0000][9][safepoint   ] Safepoint "Cleanup", Time since last: 1007979417 ns, Reaching safepoint: 317625 ns, At safepoint: 10208 ns, Total: 327833 ns
[2022-04-22T08:59:53.568+0000][9][safepoint   ] Safepoint "Cleanup", Time since last: 1008816001 ns, Reaching safepoint: 252417 ns, At safepoint: 14208 ns, Total: 266625 ns
[2022-04-22T08:59:55.582+0000][9][safepoint   ] Safepoint "Cleanup", Time since last: 2013192876 ns, Reaching safepoint: 457041 ns, At safepoint: 15542 ns, Total: 472583 ns
[2022-04-22T08:59:56.592+0000][9][safepoint   ] Safepoint "Cleanup", Time since last: 1010204292 ns, Reaching safepoint: 376125 ns, At safepoint: 7584 ns, Total: 383709 ns
[2022-04-22T08:59:58.605+0000][9][safepoint   ] Safepoint "Cleanup", Time since last: 2012358251 ns, Reaching safepoint: 313708 ns, At safepoint: 7500 ns, Total: 321208 ns
[2022-04-22T08:59:59.612+0000][9][safepoint   ] Safepoint "Cleanup", Time since last: 1007132834 ns, Reaching safepoint: 136416 ns, At safepoint: 25625 ns, Total: 162041 ns
[2022-04-22T09:00:00.970+0000][9][gc,start    ] GC(40) Pause Young (Normal) (G1 Evacuation Pause)
[2022-04-22T09:00:00.971+0000][9][gc,task     ] GC(40) Using 5 workers of 5 for evacuation
[2022-04-22T09:00:00.972+0000][9][gc,age      ] GC(40) Desired survivor size 20971520 bytes, new threshold 15 (max threshold 15)
[2022-04-22T09:00:00.977+0000][9][gc,age      ] GC(40) Age table with threshold 15 (max threshold 15)
[2022-04-22T09:00:00.978+0000][9][gc,age      ] GC(40) - age   1:    1607792 bytes,    1607792 total
[2022-04-22T09:00:00.979+0000][9][gc,age      ] GC(40) - age   2:     785784 bytes,    2393576 total
[2022-04-22T09:00:00.980+0000][9][gc,age      ] GC(40) - age   3:     167544 bytes,    2561120 total
[2022-04-22T09:00:00.981+0000][9][gc,age      ] GC(40) - age   4:       4664 bytes,    2565784 total
[2022-04-22T09:00:00.981+0000][9][gc,age      ] GC(40) - age   5:     116752 bytes,    2682536 total
[2022-04-22T09:00:00.982+0000][9][gc,age      ] GC(40) - age   6:     106224 bytes,    2788760 total
[2022-04-22T09:00:00.982+0000][9][gc,age      ] GC(40) - age   7:    1022240 bytes,    3811000 total
[2022-04-22T09:00:00.983+0000][9][gc,age      ] GC(40) - age   8:     899776 bytes,    4710776 total
[2022-04-22T09:00:00.984+0000][9][gc,age      ] GC(40) - age   9:     809320 bytes,    5520096 total
[2022-04-22T09:00:00.985+0000][9][gc,age      ] GC(40) - age  10:     282080 bytes,    5802176 total
[2022-04-22T09:00:00.986+0000][9][gc,age      ] GC(40) - age  11:     357872 bytes,    6160048 total
[2022-04-22T09:00:00.986+0000][9][gc,age      ] GC(40) - age  12:     248040 bytes,    6408088 total
[2022-04-22T09:00:00.987+0000][9][gc,age      ] GC(40) - age  13:     349136 bytes,    6757224 total
[2022-04-22T09:00:00.988+0000][9][gc,age      ] GC(40) - age  14:    1142960 bytes,    7900184 total
[2022-04-22T09:00:00.988+0000][9][gc,age      ] GC(40) - age  15:     305624 bytes,    8205808 total
[2022-04-22T09:00:00.989+0000][9][gc,phases   ] GC(40)   Pre Evacuate Collection Set: 0.1ms
[2022-04-22T09:00:00.990+0000][9][gc,phases   ] GC(40)   Merge Heap Roots: 0.2ms
[2022-04-22T09:00:00.990+0000][9][gc,phases   ] GC(40)   Evacuate Collection Set: 3.5ms
[2022-04-22T09:00:00.991+0000][9][gc,phases   ] GC(40)   Post Evacuate Collection Set: 1.2ms
[2022-04-22T09:00:00.991+0000][9][gc,phases   ] GC(40)   Other: 14.4ms
[2022-04-22T09:00:00.992+0000][9][gc,heap     ] GC(40) Eden regions: 73->0(73)
[2022-04-22T09:00:00.993+0000][9][gc,heap     ] GC(40) Survivor regions: 3->3(10)
[2022-04-22T09:00:00.993+0000][9][gc,heap     ] GC(40) Old regions: 19->19
[2022-04-22T09:00:00.994+0000][9][gc,heap     ] GC(40) Archive regions: 2->2
[2022-04-22T09:00:00.995+0000][9][gc,heap     ] GC(40) Humongous regions: 6->6
[2022-04-22T09:00:00.995+0000][9][gc,metaspace] GC(40) Metaspace: 114307K(116032K)->114307K(116032K) NonClass: 99137K(100096K)->99137K(100096K) Class: 15170K(15936K)->15170K(15936K)
[2022-04-22T09:00:00.996+0000][9][gc          ] GC(40) Pause Young (Normal) (G1 Evacuation Pause) 404M->111M(512M) 26.391ms
[2022-04-22T09:00:00.997+0000][9][gc,cpu      ] GC(40) User=0.01s Sys=0.00s Real=0.03s
[2022-04-22T09:00:00.997+0000][9][safepoint   ] Safepoint "G1CollectForAllocation", Time since last: 1357256501 ns, Reaching safepoint: 214875 ns, At safepoint: 27774125 ns, Total: 27989000 ns
[2022-04-22T09:00:02.000+0000][9][safepoint   ] Safepoint "Cleanup", Time since last: 1002871292 ns, Reaching safepoint: 171333 ns, At safepoint: 7667 ns, Total: 179000 ns
[2022-04-22T09:00:04.005+0000][9][safepoint   ] Safepoint "Cleanup", Time since last: 2004541876 ns, Reaching safepoint: 443583 ns, At safepoint: 10917 ns, Total: 454500 ns
[2022-04-22T09:00:05.006+0000][9][safepoint   ] Safepoint "Cleanup", Time since last: 1000785333 ns, Reaching safepoint: 194834 ns, At safepoint: 16166 ns, Total: 211000 ns
[2022-04-22T09:00:06.009+0000][9][safepoint   ] Safepoint "Cleanup", Time since last: 1002060959 ns, Reaching safepoint: 600750 ns, At safepoint: 10500 ns, Total: 611250 ns
[2022-04-22T09:00:07.017+0000][9][safepoint   ] Safepoint "Cleanup", Time since last: 1007725001 ns, Reaching safepoint: 377500 ns, At safepoint: 12708 ns, Total: 390208 ns
[2022-04-22T09:00:08.018+0000][9][safepoint   ] Safepoint "Cleanup", Time since last: 1001120709 ns, Reaching safepoint: 106666 ns, At safepoint: 90042 ns, Total: 196708 ns
[2022-04-22T09:00:09.021+0000][9][safepoint   ] Safepoint "Cleanup", Time since last: 1002171709 ns, Reaching safepoint: 239292 ns, At safepoint: 10166 ns, Total: 249458 ns
[2022-04-22T09:00:10.025+0000][9][safepoint   ] Safepoint "Cleanup", Time since last: 1004251292 ns, Reaching safepoint: 226250 ns, At safepoint: 8750 ns, Total: 235000 ns
[2022-04-22T09:00:11.029+0000][9][safepoint   ] Safepoint "Cleanup", Time since last: 1002991084 ns, Reaching safepoint: 382709 ns, At safepoint: 9250 ns, Total: 391959 ns
[2022-04-22T09:00:13.037+0000][9][safepoint   ] Safepoint "Cleanup", Time since last: 2006592750 ns, Reaching safepoint: 1352334 ns, At safepoint: 9333 ns, Total: 1361667 ns
[2022-04-22T09:00:14.039+0000][9][safepoint   ] Safepoint "Cleanup", Time since last: 1002177126 ns, Reaching safepoint: 303583 ns, At safepoint: 10167 ns, Total: 313750 ns
[2022-04-22T09:00:16.052+0000][9][safepoint   ] Safepoint "Cleanup", Time since last: 2012524417 ns, Reaching safepoint: 198209 ns, At safepoint: 9291 ns, Total: 207500 ns
[2022-04-22T09:00:17.057+0000][9][safepoint   ] Safepoint "Cleanup", Time since last: 1005391084 ns, Reaching safepoint: 278750 ns, At safepoint: 16083 ns, Total: 294833 ns
[2022-04-22T09:00:19.068+0000][9][safepoint   ] Safepoint "Cleanup", Time since last: 2010397835 ns, Reaching safepoint: 199250 ns, At safepoint: 5250 ns, Total: 204500 ns
[2022-04-22T09:00:20.069+0000][9][safepoint   ] Safepoint "Cleanup", Time since last: 1001156959 ns, Reaching safepoint: 176416 ns, At safepoint: 2709 ns, Total: 179125 ns
[2022-04-22T09:00:21.074+0000][9][safepoint   ] Safepoint "Cleanup", Time since last: 1004417083 ns, Reaching safepoint: 237417 ns, At safepoint: 9333 ns, Total: 246750 ns
[2022-04-22T09:00:22.077+0000][9][safepoint   ] Safepoint "Cleanup", Time since last: 1002803834 ns, Reaching safepoint: 539333 ns, At safepoint: 16584 ns, Total: 555917 ns
[2022-04-22T09:00:24.091+0000][9][safepoint   ] Safepoint "Cleanup", Time since last: 2012971709 ns, Reaching safepoint: 530000 ns, At safepoint: 83000 ns, Total: 613000 ns
[2022-04-22T09:00:25.094+0000][9][safepoint   ] Safepoint "Cleanup", Time since last: 1002730251 ns, Reaching safepoint: 47750 ns, At safepoint: 2000 ns, Total: 49750 ns
[2022-04-22T09:00:26.096+0000][9][safepoint   ] Safepoint "Cleanup", Time since last: 1002353958 ns, Reaching safepoint: 127709 ns, At safepoint: 9000 ns, Total: 136709 ns
[2022-04-22T09:00:27.101+0000][9][safepoint   ] Safepoint "Cleanup", Time since last: 1004964500 ns, Reaching safepoint: 236167 ns, At safepoint: 11333 ns, Total: 247500 ns
[2022-04-22T09:00:28.109+0000][9][safepoint   ] Safepoint "Cleanup", Time since last: 1005836626 ns, Reaching safepoint: 1519708 ns, At safepoint: 20542 ns, Total: 1540250 ns
[2022-04-22T09:00:29.120+0000][9][safepoint   ] Safepoint "Cleanup", Time since last: 1010948167 ns, Reaching safepoint: 433750 ns, At safepoint: 15250 ns, Total: 449000 ns
[2022-04-22T09:00:31.125+0000][9][safepoint   ] Safepoint "Cleanup", Time since last: 2004481542 ns, Reaching safepoint: 71167 ns, At safepoint: 2708 ns, Total: 73875 ns
[2022-04-22T09:00:32.128+0000][9][safepoint   ] Safepoint "Cleanup", Time since last: 1002366917 ns, Reaching safepoint: 649792 ns, At safepoint: 10542 ns, Total: 660334 ns
[2022-04-22T09:00:34.139+0000][9][safepoint   ] Safepoint "Cleanup", Time since last: 2011290126 ns, Reaching safepoint: 346750 ns, At safepoint: 17291 ns, Total: 364041 ns
[2022-04-22T09:00:36.153+0000][9][safepoint   ] Safepoint "Cleanup", Time since last: 2013178751 ns, Reaching safepoint: 633875 ns, At safepoint: 22875 ns, Total: 656750 ns
[2022-04-22T09:00:37.158+0000][9][safepoint   ] Safepoint "Cleanup", Time since last: 1004436917 ns, Reaching safepoint: 269417 ns, At safepoint: 11458 ns, Total: 280875 ns
[2022-04-22T09:00:39.165+0000][9][safepoint   ] Safepoint "Cleanup", Time since last: 2006485251 ns, Reaching safepoint: 193000 ns, At safepoint: 10625 ns, Total: 203625 ns
[2022-04-22T09:00:40.168+0000][9][safepoint   ] Safepoint "Cleanup", Time since last: 1002514417 ns, Reaching safepoint: 1205084 ns, At safepoint: 15916 ns, Total: 1221000 ns
[2022-04-22T09:00:41.173+0000][9][safepoint   ] Safepoint "Cleanup", Time since last: 1004243126 ns, Reaching safepoint: 713417 ns, At safepoint: 17625 ns, Total: 731042 ns
[2022-04-22T09:00:43.194+0000][9][safepoint   ] Safepoint "Cleanup", Time since last: 2020614709 ns, Reaching safepoint: 58500 ns, At safepoint: 2500 ns, Total: 61000 ns
[2022-04-22T09:00:44.196+0000][9][safepoint   ] Safepoint "Cleanup", Time since last: 1001293542 ns, Reaching safepoint: 738292 ns, At safepoint: 5000 ns, Total: 743292 ns
[2022-04-22T09:00:46.204+0000][9][safepoint   ] Safepoint "Cleanup", Time since last: 2007295834 ns, Reaching safepoint: 374792 ns, At safepoint: 8458 ns, Total: 383250 ns
[2022-04-22T09:00:49.217+0000][9][safepoint   ] Safepoint "Cleanup", Time since last: 3013140668 ns, Reaching safepoint: 132917 ns, At safepoint: 5291 ns, Total: 138208 ns
[2022-04-22T09:00:51.225+0000][9][safepoint   ] Safepoint "Cleanup", Time since last: 2007643918 ns, Reaching safepoint: 415500 ns, At safepoint: 9000 ns, Total: 424500 ns
[2022-04-22T09:00:52.231+0000][9][safepoint   ] Safepoint "Cleanup", Time since last: 1005817042 ns, Reaching safepoint: 392375 ns, At safepoint: 10584 ns, Total: 402959 ns
[2022-04-22T09:00:54.239+0000][9][safepoint   ] Safepoint "Cleanup", Time since last: 2007642792 ns, Reaching safepoint: 333834 ns, At safepoint: 10208 ns, Total: 344042 ns
[2022-04-22T09:00:55.247+0000][9][safepoint   ] Safepoint "Cleanup", Time since last: 1007818209 ns, Reaching safepoint: 73916 ns, At safepoint: 2625 ns, Total: 76541 ns
[2022-04-22T09:00:56.248+0000][9][safepoint   ] Safepoint "Cleanup", Time since last: 1000980292 ns, Reaching safepoint: 235250 ns, At safepoint: 6209 ns, Total: 241459 ns
[2022-04-22T09:00:58.252+0000][9][safepoint   ] Safepoint "Cleanup", Time since last: 2003055792 ns, Reaching safepoint: 435417 ns, At safepoint: 9583 ns, Total: 445000 ns
[2022-04-22T09:00:59.256+0000][9][safepoint   ] Safepoint "Cleanup", Time since last: 1003291209 ns, Reaching safepoint: 724875 ns, At safepoint: 15167 ns, Total: 740042 ns
[2022-04-22T09:01:00.261+0000][9][safepoint   ] Safepoint "Cleanup", Time since last: 1004656917 ns, Reaching safepoint: 518917 ns, At safepoint: 36000 ns, Total: 554917 ns
[2022-04-22T09:01:01.264+0000][9][safepoint   ] Safepoint "Cleanup", Time since last: 1002573125 ns, Reaching safepoint: 180083 ns, At safepoint: 4458 ns, Total: 184541 ns
[2022-04-22T09:01:02.267+0000][9][safepoint   ] Safepoint "Cleanup", Time since last: 1001909876 ns, Reaching safepoint: 935083 ns, At safepoint: 20167 ns, Total: 955250 ns
[2022-04-22T09:01:04.282+0000][9][safepoint   ] Safepoint "Cleanup", Time since last: 2015422084 ns, Reaching safepoint: 118875 ns, At safepoint: 7250 ns, Total: 126125 ns
[2022-04-22T09:01:06.293+0000][9][safepoint   ] Safepoint "Cleanup", Time since last: 2009376376 ns, Reaching safepoint: 890458 ns, At safepoint: 21500 ns, Total: 911958 ns
[2022-04-22T09:01:07.308+0000][9][safepoint   ] Safepoint "Cleanup", Time since last: 1015540209 ns, Reaching safepoint: 157042 ns, At safepoint: 5166 ns, Total: 162208 ns
[2022-04-22T09:01:09.316+0000][9][safepoint   ] Safepoint "Cleanup", Time since last: 2007259085 ns, Reaching safepoint: 224000 ns, At safepoint: 12250 ns, Total: 236250 ns
[2022-04-22T09:01:10.323+0000][9][safepoint   ] Safepoint "Cleanup", Time since last: 1006532375 ns, Reaching safepoint: 266917 ns, At safepoint: 15292 ns, Total: 282209 ns
[2022-04-22T09:01:11.334+0000][9][safepoint   ] Safepoint "Cleanup", Time since last: 1011293250 ns, Reaching safepoint: 423417 ns, At safepoint: 22500 ns, Total: 445917 ns
[2022-04-22T09:01:13.351+0000][9][safepoint   ] Safepoint "Cleanup", Time since last: 2016816251 ns, Reaching safepoint: 137875 ns, At safepoint: 4541 ns, Total: 142416 ns
[2022-04-22T09:01:14.358+0000][9][safepoint   ] Safepoint "Cleanup", Time since last: 1002801251 ns, Reaching safepoint: 3763500 ns, At safepoint: 22916 ns, Total: 3786416 ns
[2022-04-22T09:01:16.363+0000][9][safepoint   ] Safepoint "Cleanup", Time since last: 2004422793 ns, Reaching safepoint: 632542 ns, At safepoint: 38958 ns, Total: 671500 ns
[2022-04-22T09:01:19.102+0000][9][gc,start    ] GC(41) Pause Young (Normal) (G1 Evacuation Pause)
[2022-04-22T09:01:19.103+0000][9][gc,task     ] GC(41) Using 5 workers of 5 for evacuation
[2022-04-22T09:01:19.104+0000][9][gc,age      ] GC(41) Desired survivor size 20971520 bytes, new threshold 15 (max threshold 15)
[2022-04-22T09:01:19.110+0000][9][gc,age      ] GC(41) Age table with threshold 15 (max threshold 15)
[2022-04-22T09:01:19.111+0000][9][gc,age      ] GC(41) - age   1:    1731784 bytes,    1731784 total
[2022-04-22T09:01:19.112+0000][9][gc,age      ] GC(41) - age   2:     234544 bytes,    1966328 total
[2022-04-22T09:01:19.112+0000][9][gc,age      ] GC(41) - age   3:     784280 bytes,    2750608 total
[2022-04-22T09:01:19.113+0000][9][gc,age      ] GC(41) - age   4:     167296 bytes,    2917904 total
[2022-04-22T09:01:19.115+0000][9][gc,age      ] GC(41) - age   5:       4552 bytes,    2922456 total
[2022-04-22T09:01:19.115+0000][9][gc,age      ] GC(41) - age   6:     116456 bytes,    3038912 total
[2022-04-22T09:01:19.116+0000][9][gc,age      ] GC(41) - age   7:     106224 bytes,    3145136 total
[2022-04-22T09:01:19.116+0000][9][gc,age      ] GC(41) - age   8:    1022240 bytes,    4167376 total
[2022-04-22T09:01:19.117+0000][9][gc,age      ] GC(41) - age   9:     899776 bytes,    5067152 total
[2022-04-22T09:01:19.118+0000][9][gc,age      ] GC(41) - age  10:     804496 bytes,    5871648 total
[2022-04-22T09:01:19.118+0000][9][gc,age      ] GC(41) - age  11:     276576 bytes,    6148224 total
[2022-04-22T09:01:19.119+0000][9][gc,age      ] GC(41) - age  12:     357872 bytes,    6506096 total
[2022-04-22T09:01:19.119+0000][9][gc,age      ] GC(41) - age  13:     248040 bytes,    6754136 total
[2022-04-22T09:01:19.120+0000][9][gc,age      ] GC(41) - age  14:     348712 bytes,    7102848 total
[2022-04-22T09:01:19.121+0000][9][gc,age      ] GC(41) - age  15:    1142656 bytes,    8245504 total
[2022-04-22T09:01:19.122+0000][9][gc,phases   ] GC(41)   Pre Evacuate Collection Set: 0.1ms
[2022-04-22T09:01:19.122+0000][9][gc,phases   ] GC(41)   Merge Heap Roots: 0.1ms
[2022-04-22T09:01:19.123+0000][9][gc,phases   ] GC(41)   Evacuate Collection Set: 3.7ms
[2022-04-22T09:01:19.123+0000][9][gc,phases   ] GC(41)   Post Evacuate Collection Set: 1.3ms
[2022-04-22T09:01:19.124+0000][9][gc,phases   ] GC(41)   Other: 14.4ms
[2022-04-22T09:01:19.125+0000][9][gc,heap     ] GC(41) Eden regions: 73->0(73)
[2022-04-22T09:01:19.125+0000][9][gc,heap     ] GC(41) Survivor regions: 3->3(10)
[2022-04-22T09:01:19.126+0000][9][gc,heap     ] GC(41) Old regions: 19->19
[2022-04-22T09:01:19.126+0000][9][gc,heap     ] GC(41) Archive regions: 2->2
[2022-04-22T09:01:19.127+0000][9][gc,heap     ] GC(41) Humongous regions: 6->6
[2022-04-22T09:01:19.128+0000][9][gc,metaspace] GC(41) Metaspace: 114378K(116096K)->114378K(116096K) NonClass: 99205K(100160K)->99205K(100160K) Class: 15172K(15936K)->15172K(15936K)
[2022-04-22T09:01:19.128+0000][9][gc          ] GC(41) Pause Young (Normal) (G1 Evacuation Pause) 403M->111M(512M) 25.778ms
[2022-04-22T09:01:19.129+0000][9][gc,cpu      ] GC(41) User=0.02s Sys=0.01s Real=0.03s
[2022-04-22T09:01:19.129+0000][9][safepoint   ] Safepoint "G1CollectForAllocation", Time since last: 2739185501 ns, Reaching safepoint: 216625 ns, At safepoint: 26989584 ns, Total: 27206209 ns
[2022-04-22T09:01:21.133+0000][9][safepoint   ] Safepoint "Cleanup", Time since last: 2003036042 ns, Reaching safepoint: 155709 ns, At safepoint: 5000 ns, Total: 160709 ns
[2022-04-22T09:01:22.137+0000][9][safepoint   ] Safepoint "Cleanup", Time since last: 1003039417 ns, Reaching safepoint: 907916 ns, At safepoint: 15584 ns, Total: 923500 ns
[2022-04-22T09:01:24.148+0000][9][safepoint   ] Safepoint "Cleanup", Time since last: 2010812501 ns, Reaching safepoint: 795041 ns, At safepoint: 15875 ns, Total: 810916 ns
[2022-04-22T09:01:25.159+0000][9][safepoint   ] Safepoint "Cleanup", Time since last: 1011104501 ns, Reaching safepoint: 145917 ns, At safepoint: 4500 ns, Total: 150417 ns
[2022-04-22T09:01:26.164+0000][9][safepoint   ] Safepoint "Cleanup", Time since last: 1003649833 ns, Reaching safepoint: 629959 ns, At safepoint: 470500 ns, Total: 1100459 ns
[2022-04-22T09:01:28.171+0000][9][safepoint   ] Safepoint "Cleanup", Time since last: 2005904042 ns, Reaching safepoint: 785542 ns, At safepoint: 21000 ns, Total: 806542 ns
[2022-04-22T09:01:29.182+0000][9][safepoint   ] Safepoint "Cleanup", Time since last: 1011251167 ns, Reaching safepoint: 318875 ns, At safepoint: 11625 ns, Total: 330500 ns
[2022-04-22T09:01:31.192+0000][9][safepoint   ] Safepoint "Cleanup", Time since last: 2009765918 ns, Reaching safepoint: 239291 ns, At safepoint: 4709 ns, Total: 244000 ns
[2022-04-22T09:01:32.194+0000][9][safepoint   ] Safepoint "Cleanup", Time since last: 1001695750 ns, Reaching safepoint: 192375 ns, At safepoint: 5458 ns, Total: 197833 ns
[2022-04-22T09:01:34.197+0000][9][safepoint   ] Safepoint "Cleanup", Time since last: 2002133668 ns, Reaching safepoint: 247667 ns, At safepoint: 9875 ns, Total: 257542 ns
[2022-04-22T09:01:36.207+0000][9][safepoint   ] Safepoint "Cleanup", Time since last: 2009350751 ns, Reaching safepoint: 598125 ns, At safepoint: 24666 ns, Total: 622791 ns
[2022-04-22T09:01:37.215+0000][9][safepoint   ] Safepoint "Cleanup", Time since last: 1008626126 ns, Reaching safepoint: 173041 ns, At safepoint: 9500 ns, Total: 182541 ns
[2022-04-22T09:01:39.218+0000][9][safepoint   ] Safepoint "Cleanup", Time since last: 2002370418 ns, Reaching safepoint: 180042 ns, At safepoint: 5375 ns, Total: 185417 ns
[2022-04-22T09:01:40.223+0000][9][safepoint   ] Safepoint "Cleanup", Time since last: 1003583833 ns, Reaching safepoint: 875000 ns, At safepoint: 15375 ns, Total: 890375 ns
[2022-04-22T09:01:41.243+0000][9][safepoint   ] Safepoint "Cleanup", Time since last: 1020380959 ns, Reaching safepoint: 340667 ns, At safepoint: 15125 ns, Total: 355792 ns
[2022-04-22T09:01:43.256+0000][9][safepoint   ] Safepoint "Cleanup", Time since last: 2012931459 ns, Reaching safepoint: 141459 ns, At safepoint: 5166 ns, Total: 146625 ns
[2022-04-22T09:01:44.259+0000][9][safepoint   ] Safepoint "Cleanup", Time since last: 1002751126 ns, Reaching safepoint: 109750 ns, At safepoint: 3833 ns, Total: 113583 ns
[2022-04-22T09:01:46.266+0000][9][safepoint   ] Safepoint "Cleanup", Time since last: 2006514584 ns, Reaching safepoint: 781334 ns, At safepoint: 18666 ns, Total: 800000 ns
[2022-04-22T09:01:49.278+0000][9][safepoint   ] Safepoint "Cleanup", Time since last: 3011278210 ns, Reaching safepoint: 175667 ns, At safepoint: 4958 ns, Total: 180625 ns
[2022-04-22T09:01:51.284+0000][9][safepoint   ] Safepoint "Cleanup", Time since last: 2005657418 ns, Reaching safepoint: 631583 ns, At safepoint: 17208 ns, Total: 648791 ns
[2022-04-22T09:01:52.310+0000][9][safepoint   ] Safepoint "Cleanup", Time since last: 1025232168 ns, Reaching safepoint: 501458 ns, At safepoint: 15208 ns, Total: 516666 ns
[2022-04-22T09:01:54.337+0000][9][safepoint   ] Safepoint "Cleanup", Time since last: 2026737626 ns, Reaching safepoint: 372084 ns, At safepoint: 13750 ns, Total: 385834 ns
[2022-04-22T09:01:55.356+0000][9][safepoint   ] Safepoint "Cleanup", Time since last: 1018348000 ns, Reaching safepoint: 129750 ns, At safepoint: 5458 ns, Total: 135208 ns
[2022-04-22T09:01:56.357+0000][9][safepoint   ] Safepoint "Cleanup", Time since last: 1001659626 ns, Reaching safepoint: 46375 ns, At safepoint: 2000 ns, Total: 48375 ns
[2022-04-22T09:01:58.367+0000][9][safepoint   ] Safepoint "Cleanup", Time since last: 2008969667 ns, Reaching safepoint: 450542 ns, At safepoint: 85792 ns, Total: 536334 ns
[2022-04-22T09:01:59.387+0000][9][safepoint   ] Safepoint "Cleanup", Time since last: 1016269917 ns, Reaching safepoint: 3824917 ns, At safepoint: 31708 ns, Total: 3856625 ns
[2022-04-22T09:02:00.402+0000][9][safepoint   ] Safepoint "Cleanup", Time since last: 1014350584 ns, Reaching safepoint: 314250 ns, At safepoint: 12583 ns, Total: 326833 ns
[2022-04-22T09:02:01.404+0000][9][safepoint   ] Safepoint "Cleanup", Time since last: 1002219709 ns, Reaching safepoint: 71833 ns, At safepoint: 3250 ns, Total: 75083 ns
[2022-04-22T09:02:04.420+0000][9][safepoint   ] Safepoint "Cleanup", Time since last: 3015594876 ns, Reaching safepoint: 1175875 ns, At safepoint: 17334 ns, Total: 1193209 ns
[2022-04-22T09:02:06.431+0000][9][safepoint   ] Safepoint "Cleanup", Time since last: 2009928626 ns, Reaching safepoint: 392541 ns, At safepoint: 13375 ns, Total: 405916 ns
[2022-04-22T09:02:07.438+0000][9][safepoint   ] Safepoint "Cleanup", Time since last: 1007476917 ns, Reaching safepoint: 139125 ns, At safepoint: 5167 ns, Total: 144292 ns
[2022-04-22T09:02:09.448+0000][9][safepoint   ] Safepoint "Cleanup", Time since last: 2008910001 ns, Reaching safepoint: 414542 ns, At safepoint: 14166 ns, Total: 428708 ns
[2022-04-22T09:02:10.460+0000][9][safepoint   ] Safepoint "Cleanup", Time since last: 1012489793 ns, Reaching safepoint: 201708 ns, At safepoint: 19000 ns, Total: 220708 ns
[2022-04-22T09:02:11.464+0000][9][safepoint   ] Safepoint "Cleanup", Time since last: 1003289625 ns, Reaching safepoint: 143875 ns, At safepoint: 13000 ns, Total: 156875 ns
[2022-04-22T09:02:13.467+0000][9][safepoint   ] Safepoint "Cleanup", Time since last: 2002514126 ns, Reaching safepoint: 135625 ns, At safepoint: 4500 ns, Total: 140125 ns
[2022-04-22T09:02:14.468+0000][9][safepoint   ] Safepoint "Cleanup", Time since last: 1001561668 ns, Reaching safepoint: 109458 ns, At safepoint: 5417 ns, Total: 114875 ns
[2022-04-22T09:02:16.473+0000][9][safepoint   ] Safepoint "Cleanup", Time since last: 2003781042 ns, Reaching safepoint: 508250 ns, At safepoint: 15208 ns, Total: 523458 ns
[2022-04-22T09:02:19.488+0000][9][safepoint   ] Safepoint "Cleanup", Time since last: 3014970752 ns, Reaching safepoint: 52500 ns, At safepoint: 1917 ns, Total: 54417 ns
[2022-04-22T09:02:21.495+0000][9][safepoint   ] Safepoint "Cleanup", Time since last: 2006421167 ns, Reaching safepoint: 975959 ns, At safepoint: 10750 ns, Total: 986709 ns
[2022-04-22T09:02:22.500+0000][9][safepoint   ] Safepoint "Cleanup", Time since last: 1004858708 ns, Reaching safepoint: 413917 ns, At safepoint: 23042 ns, Total: 436959 ns
[2022-04-22T09:02:24.512+0000][9][safepoint   ] Safepoint "Cleanup", Time since last: 2010802501 ns, Reaching safepoint: 730833 ns, At safepoint: 19125 ns, Total: 749958 ns
[2022-04-22T09:02:25.524+0000][9][safepoint   ] Safepoint "Cleanup", Time since last: 1011566542 ns, Reaching safepoint: 516833 ns, At safepoint: 11584 ns, Total: 528417 ns
[2022-04-22T09:02:26.531+0000][9][safepoint   ] Safepoint "Cleanup", Time since last: 1006683750 ns, Reaching safepoint: 224375 ns, At safepoint: 7417 ns, Total: 231792 ns
[2022-04-22T09:02:28.536+0000][9][safepoint   ] Safepoint "Cleanup", Time since last: 2004353501 ns, Reaching safepoint: 478000 ns, At safepoint: 18292 ns, Total: 496292 ns
[2022-04-22T09:02:29.554+0000][9][safepoint   ] Safepoint "Cleanup", Time since last: 1018244917 ns, Reaching safepoint: 352541 ns, At safepoint: 14542 ns, Total: 367083 ns
[2022-04-22T09:02:30.563+0000][9][safepoint   ] Safepoint "Cleanup", Time since last: 1008144126 ns, Reaching safepoint: 381375 ns, At safepoint: 12750 ns, Total: 394125 ns
[2022-04-22T09:02:31.568+0000][9][safepoint   ] Safepoint "Cleanup", Time since last: 1005709541 ns, Reaching safepoint: 92250 ns, At safepoint: 2583 ns, Total: 94833 ns
[2022-04-22T09:02:33.570+0000][9][safepoint   ] Safepoint "Cleanup", Time since last: 2001448085 ns, Reaching safepoint: 250375 ns, At safepoint: 10208 ns, Total: 260583 ns
[2022-04-22T09:02:34.582+0000][9][safepoint   ] Safepoint "Cleanup", Time since last: 1011225875 ns, Reaching safepoint: 352084 ns, At safepoint: 15541 ns, Total: 367625 ns
[2022-04-22T09:02:36.590+0000][9][safepoint   ] Safepoint "Cleanup", Time since last: 2007529251 ns, Reaching safepoint: 1137375 ns, At safepoint: 20417 ns, Total: 1157792 ns
[2022-04-22T09:02:37.600+0000][9][safepoint   ] Safepoint "Cleanup", Time since last: 1008691417 ns, Reaching safepoint: 449167 ns, At safepoint: 18542 ns, Total: 467709 ns
[2022-04-22T09:02:37.936+0000][9][gc,start    ] GC(42) Pause Young (Normal) (G1 Evacuation Pause)
[2022-04-22T09:02:37.937+0000][9][gc,task     ] GC(42) Using 5 workers of 5 for evacuation
[2022-04-22T09:02:37.937+0000][9][gc,age      ] GC(42) Desired survivor size 20971520 bytes, new threshold 15 (max threshold 15)
[2022-04-22T09:02:37.945+0000][9][gc,age      ] GC(42) Age table with threshold 15 (max threshold 15)
[2022-04-22T09:02:37.946+0000][9][gc,age      ] GC(42) - age   1:     869648 bytes,     869648 total
[2022-04-22T09:02:37.947+0000][9][gc,age      ] GC(42) - age   2:      88664 bytes,     958312 total
[2022-04-22T09:02:37.948+0000][9][gc,age      ] GC(42) - age   3:     232624 bytes,    1190936 total
[2022-04-22T09:02:37.949+0000][9][gc,age      ] GC(42) - age   4:     783728 bytes,    1974664 total
[2022-04-22T09:02:37.949+0000][9][gc,age      ] GC(42) - age   5:     167144 bytes,    2141808 total
[2022-04-22T09:02:37.950+0000][9][gc,age      ] GC(42) - age   6:       4552 bytes,    2146360 total
[2022-04-22T09:02:37.952+0000][9][gc,age      ] GC(42) - age   7:     108640 bytes,    2255000 total
[2022-04-22T09:02:37.954+0000][9][gc,age      ] GC(42) - age   8:     106224 bytes,    2361224 total
[2022-04-22T09:02:37.955+0000][9][gc,age      ] GC(42) - age   9:    1022240 bytes,    3383464 total
[2022-04-22T09:02:37.956+0000][9][gc,age      ] GC(42) - age  10:     899776 bytes,    4283240 total
[2022-04-22T09:02:37.957+0000][9][gc,age      ] GC(42) - age  11:     804464 bytes,    5087704 total
[2022-04-22T09:02:37.958+0000][9][gc,age      ] GC(42) - age  12:     276576 bytes,    5364280 total
[2022-04-22T09:02:37.958+0000][9][gc,age      ] GC(42) - age  13:     357872 bytes,    5722152 total
[2022-04-22T09:02:37.959+0000][9][gc,age      ] GC(42) - age  14:     248040 bytes,    5970192 total
[2022-04-22T09:02:37.959+0000][9][gc,age      ] GC(42) - age  15:     348712 bytes,    6318904 total
[2022-04-22T09:02:37.960+0000][9][gc,phases   ] GC(42)   Pre Evacuate Collection Set: 0.1ms
[2022-04-22T09:02:37.960+0000][9][gc,phases   ] GC(42)   Merge Heap Roots: 0.2ms
[2022-04-22T09:02:37.961+0000][9][gc,phases   ] GC(42)   Evacuate Collection Set: 4.8ms
[2022-04-22T09:02:37.962+0000][9][gc,phases   ] GC(42)   Post Evacuate Collection Set: 1.3ms
[2022-04-22T09:02:37.962+0000][9][gc,phases   ] GC(42)   Other: 17.4ms
[2022-04-22T09:02:37.963+0000][9][gc,heap     ] GC(42) Eden regions: 73->0(74)
[2022-04-22T09:02:37.963+0000][9][gc,heap     ] GC(42) Survivor regions: 3->2(10)
[2022-04-22T09:02:37.964+0000][9][gc,heap     ] GC(42) Old regions: 19->20
[2022-04-22T09:02:37.965+0000][9][gc,heap     ] GC(42) Archive regions: 2->2
[2022-04-22T09:02:37.966+0000][9][gc,heap     ] GC(42) Humongous regions: 6->6
[2022-04-22T09:02:37.967+0000][9][gc,metaspace] GC(42) Metaspace: 114395K(116160K)->114395K(116160K) NonClass: 99222K(100224K)->99222K(100224K) Class: 15172K(15936K)->15172K(15936K)
[2022-04-22T09:02:37.967+0000][9][gc          ] GC(42) Pause Young (Normal) (G1 Evacuation Pause) 403M->111M(512M) 31.613ms
[2022-04-22T09:02:37.969+0000][9][gc,cpu      ] GC(42) User=0.02s Sys=0.00s Real=0.03s
[2022-04-22T09:02:37.970+0000][9][safepoint   ] Safepoint "G1CollectForAllocation", Time since last: 336211375 ns, Reaching safepoint: 65125 ns, At safepoint: 34606625 ns, Total: 34671750 ns
[2022-04-22T09:02:38.978+0000][9][safepoint   ] Safepoint "Cleanup", Time since last: 1005095167 ns, Reaching safepoint: 2403000 ns, At safepoint: 19208 ns, Total: 2422208 ns
[2022-04-22T09:02:39.991+0000][9][safepoint   ] Safepoint "Cleanup", Time since last: 1012434876 ns, Reaching safepoint: 155916 ns, At safepoint: 7375 ns, Total: 163291 ns
[2022-04-22T09:02:41.997+0000][9][safepoint   ] Safepoint "Cleanup", Time since last: 2004605460 ns, Reaching safepoint: 2167166 ns, At safepoint: 19417 ns, Total: 2186583 ns
[2022-04-22T09:02:43.004+0000][9][safepoint   ] Safepoint "Cleanup", Time since last: 1006512250 ns, Reaching safepoint: 53125 ns, At safepoint: 1959 ns, Total: 55084 ns
[2022-04-22T09:02:44.009+0000][9][safepoint   ] Safepoint "Cleanup", Time since last: 1004621834 ns, Reaching safepoint: 124833 ns, At safepoint: 10583 ns, Total: 135416 ns
[2022-04-22T09:02:45.011+0000][9][safepoint   ] Safepoint "Cleanup", Time since last: 1001754834 ns, Reaching safepoint: 198833 ns, At safepoint: 7459 ns, Total: 206292 ns
[2022-04-22T09:02:46.015+0000][9][safepoint   ] Safepoint "Cleanup", Time since last: 1004085334 ns, Reaching safepoint: 127958 ns, At safepoint: 3750 ns, Total: 131708 ns
[2022-04-22T09:02:47.018+0000][9][safepoint   ] Safepoint "Cleanup", Time since last: 1003091625 ns, Reaching safepoint: 188459 ns, At safepoint: 8125 ns, Total: 196584 ns
[2022-04-22T09:02:49.024+0000][9][safepoint   ] Safepoint "Cleanup", Time since last: 2005904792 ns, Reaching safepoint: 50459 ns, At safepoint: 2458 ns, Total: 52917 ns
[2022-04-22T09:02:51.027+0000][9][safepoint   ] Safepoint "Cleanup", Time since last: 2002246293 ns, Reaching safepoint: 368750 ns, At safepoint: 13875 ns, Total: 382625 ns
[2022-04-22T09:02:52.036+0000][9][safepoint   ] Safepoint "Cleanup", Time since last: 1007906458 ns, Reaching safepoint: 1306750 ns, At safepoint: 13417 ns, Total: 1320167 ns
[2022-04-22T09:02:54.047+0000][9][safepoint   ] Safepoint "Cleanup", Time since last: 2010893501 ns, Reaching safepoint: 358750 ns, At safepoint: 12208 ns, Total: 370958 ns
[2022-04-22T09:02:55.071+0000][9][safepoint   ] Safepoint "Cleanup", Time since last: 1023995959 ns, Reaching safepoint: 196375 ns, At safepoint: 4500 ns, Total: 200875 ns
[2022-04-22T09:02:56.072+0000][9][safepoint   ] Safepoint "Cleanup", Time since last: 1000788917 ns, Reaching safepoint: 210459 ns, At safepoint: 12958 ns, Total: 223417 ns
[2022-04-22T09:02:58.074+0000][9][safepoint   ] Safepoint "Cleanup", Time since last: 2001105251 ns, Reaching safepoint: 321208 ns, At safepoint: 14167 ns, Total: 335375 ns
[2022-04-22T09:02:59.079+0000][9][safepoint   ] Safepoint "Cleanup", Time since last: 1004898792 ns, Reaching safepoint: 247292 ns, At safepoint: 10958 ns, Total: 258250 ns
[2022-04-22T09:03:00.093+0000][9][safepoint   ] Safepoint "Cleanup", Time since last: 1013835251 ns, Reaching safepoint: 540833 ns, At safepoint: 10833 ns, Total: 551666 ns
[2022-04-22T09:03:01.100+0000][9][safepoint   ] Safepoint "Cleanup", Time since last: 1006466376 ns, Reaching safepoint: 57750 ns, At safepoint: 2625 ns, Total: 60375 ns
[2022-04-22T09:03:02.102+0000][9][safepoint   ] Safepoint "Cleanup", Time since last: 1001278708 ns, Reaching safepoint: 676375 ns, At safepoint: 20375 ns, Total: 696750 ns
[2022-04-22T09:03:04.118+0000][9][safepoint   ] Safepoint "Cleanup", Time since last: 2015926168 ns, Reaching safepoint: 358292 ns, At safepoint: 19583 ns, Total: 377875 ns
[2022-04-22T09:03:06.128+0000][9][safepoint   ] Safepoint "Cleanup", Time since last: 2009145001 ns, Reaching safepoint: 664125 ns, At safepoint: 15250 ns, Total: 679375 ns
[2022-04-22T09:03:07.134+0000][9][safepoint   ] Safepoint "Cleanup", Time since last: 1006507250 ns, Reaching safepoint: 90750 ns, At safepoint: 4500 ns, Total: 95250 ns
[2022-04-22T09:03:08.137+0000][9][safepoint   ] Safepoint "Cleanup", Time since last: 1001306917 ns, Reaching safepoint: 997584 ns, At safepoint: 48416 ns, Total: 1046000 ns
[2022-04-22T09:03:09.147+0000][9][safepoint   ] Safepoint "Cleanup", Time since last: 1009424918 ns, Reaching safepoint: 704375 ns, At safepoint: 17708 ns, Total: 722083 ns
[2022-04-22T09:03:10.161+0000][9][safepoint   ] Safepoint "Cleanup", Time since last: 1013837167 ns, Reaching safepoint: 205208 ns, At safepoint: 10625 ns, Total: 215833 ns
[2022-04-22T09:03:11.169+0000][9][safepoint   ] Safepoint "Cleanup", Time since last: 1007923543 ns, Reaching safepoint: 382250 ns, At safepoint: 9333 ns, Total: 391583 ns
[2022-04-22T09:03:13.177+0000][9][safepoint   ] Safepoint "Cleanup", Time since last: 2007222876 ns, Reaching safepoint: 120167 ns, At safepoint: 4500 ns, Total: 124667 ns
[2022-04-22T09:03:14.179+0000][9][safepoint   ] Safepoint "Cleanup", Time since last: 1002217542 ns, Reaching safepoint: 180916 ns, At safepoint: 87292 ns, Total: 268208 ns
[2022-04-22T09:03:16.183+0000][9][safepoint   ] Safepoint "Cleanup", Time since last: 2003568626 ns, Reaching safepoint: 417250 ns, At safepoint: 11250 ns, Total: 428500 ns
[2022-04-22T09:03:17.191+0000][9][safepoint   ] Safepoint "Cleanup", Time since last: 1007041750 ns, Reaching safepoint: 664417 ns, At safepoint: 17583 ns, Total: 682000 ns
[2022-04-22T09:03:19.206+0000][9][safepoint   ] Safepoint "Cleanup", Time since last: 2014908793 ns, Reaching safepoint: 118292 ns, At safepoint: 4208 ns, Total: 122500 ns
[2022-04-22T09:03:21.209+0000][9][safepoint   ] Safepoint "Cleanup", Time since last: 2002222001 ns, Reaching safepoint: 397583 ns, At safepoint: 11334 ns, Total: 408917 ns
[2022-04-22T09:03:22.218+0000][9][safepoint   ] Safepoint "Cleanup", Time since last: 1009074167 ns, Reaching safepoint: 346250 ns, At safepoint: 12292 ns, Total: 358542 ns
[2022-04-22T09:03:24.229+0000][9][safepoint   ] Safepoint "Cleanup", Time since last: 2010715375 ns, Reaching safepoint: 169500 ns, At safepoint: 9542 ns, Total: 179042 ns
[2022-04-22T09:03:25.234+0000][9][safepoint   ] Safepoint "Cleanup", Time since last: 1005486667 ns, Reaching safepoint: 44709 ns, At safepoint: 2125 ns, Total: 46834 ns
[2022-04-22T09:03:26.244+0000][9][safepoint   ] Safepoint "Cleanup", Time since last: 1008631083 ns, Reaching safepoint: 1131834 ns, At safepoint: 113791 ns, Total: 1245625 ns
[2022-04-22T09:03:28.251+0000][9][safepoint   ] Safepoint "Cleanup", Time since last: 2005847501 ns, Reaching safepoint: 718417 ns, At safepoint: 14542 ns, Total: 732959 ns
[2022-04-22T09:03:29.259+0000][9][safepoint   ] Safepoint "Cleanup", Time since last: 1007977375 ns, Reaching safepoint: 348209 ns, At safepoint: 9750 ns, Total: 357959 ns
[2022-04-22T09:03:31.276+0000][9][safepoint   ] Safepoint "Cleanup", Time since last: 2016444750 ns, Reaching safepoint: 126791 ns, At safepoint: 3875 ns, Total: 130666 ns
[2022-04-22T09:03:34.280+0000][9][safepoint   ] Safepoint "Cleanup", Time since last: 3003216668 ns, Reaching safepoint: 1035750 ns, At safepoint: 14625 ns, Total: 1050375 ns
[2022-04-22T09:03:36.292+0000][9][safepoint   ] Safepoint "Cleanup", Time since last: 2011643835 ns, Reaching safepoint: 392708 ns, At safepoint: 113333 ns, Total: 506041 ns
[2022-04-22T09:03:37.300+0000][9][safepoint   ] Safepoint "Cleanup", Time since last: 1007595251 ns, Reaching safepoint: 41041 ns, At safepoint: 2084 ns, Total: 43125 ns
[2022-04-22T09:03:39.304+0000][9][safepoint   ] Safepoint "Cleanup", Time since last: 2003160792 ns, Reaching safepoint: 555500 ns, At safepoint: 96834 ns, Total: 652334 ns
[2022-04-22T09:03:40.322+0000][9][safepoint   ] Safepoint "Cleanup", Time since last: 1018297167 ns, Reaching safepoint: 406000 ns, At safepoint: 12417 ns, Total: 418417 ns
[2022-04-22T09:03:41.336+0000][9][safepoint   ] Safepoint "Cleanup", Time since last: 1013071667 ns, Reaching safepoint: 252458 ns, At safepoint: 53000 ns, Total: 305458 ns
[2022-04-22T09:03:43.345+0000][9][safepoint   ] Safepoint "Cleanup", Time since last: 2009321959 ns, Reaching safepoint: 225250 ns, At safepoint: 14167 ns, Total: 239417 ns
[2022-04-22T09:03:44.351+0000][9][safepoint   ] Safepoint "Cleanup", Time since last: 1004695542 ns, Reaching safepoint: 399750 ns, At safepoint: 10208 ns, Total: 409958 ns
[2022-04-22T09:03:46.358+0000][9][safepoint   ] Safepoint "Cleanup", Time since last: 2006105335 ns, Reaching safepoint: 1645875 ns, At safepoint: 14000 ns, Total: 1659875 ns
[2022-04-22T09:03:49.369+0000][9][safepoint   ] Safepoint "Cleanup", Time since last: 3010710626 ns, Reaching safepoint: 172917 ns, At safepoint: 192292 ns, Total: 365209 ns
[2022-04-22T09:03:50.374+0000][9][safepoint   ] Safepoint "Cleanup", Time since last: 1004382917 ns, Reaching safepoint: 215000 ns, At safepoint: 6000 ns, Total: 221000 ns
[2022-04-22T09:03:51.376+0000][9][safepoint   ] Safepoint "Cleanup", Time since last: 1001433042 ns, Reaching safepoint: 350375 ns, At safepoint: 9125 ns, Total: 359500 ns
[2022-04-22T09:03:52.378+0000][9][safepoint   ] Safepoint "Cleanup", Time since last: 1002174375 ns, Reaching safepoint: 484792 ns, At safepoint: 16000 ns, Total: 500792 ns
[2022-04-22T09:03:54.389+0000][9][safepoint   ] Safepoint "Cleanup", Time since last: 2010222043 ns, Reaching safepoint: 349541 ns, At safepoint: 11292 ns, Total: 360833 ns
[2022-04-22T09:03:55.397+0000][9][safepoint   ] Safepoint "Cleanup", Time since last: 1007603750 ns, Reaching safepoint: 131625 ns, At safepoint: 34459 ns, Total: 166084 ns
[2022-04-22T09:03:56.399+0000][9][safepoint   ] Safepoint "Cleanup", Time since last: 1002533334 ns, Reaching safepoint: 109625 ns, At safepoint: 11708 ns, Total: 121333 ns
[2022-04-22T09:03:58.404+0000][9][safepoint   ] Safepoint "Cleanup", Time since last: 2004393584 ns, Reaching safepoint: 484458 ns, At safepoint: 16500 ns, Total: 500958 ns
[2022-04-22T09:03:59.412+0000][9][safepoint   ] Safepoint "Cleanup", Time since last: 1007329584 ns, Reaching safepoint: 294500 ns, At safepoint: 15542 ns, Total: 310042 ns
[2022-04-22T09:04:00.435+0000][9][safepoint   ] Safepoint "Cleanup", Time since last: 1022990000 ns, Reaching safepoint: 164584 ns, At safepoint: 7708 ns, Total: 172292 ns
[2022-04-22T09:04:01.450+0000][9][safepoint   ] Safepoint "Cleanup", Time since last: 1015003083 ns, Reaching safepoint: 223125 ns, At safepoint: 15333 ns, Total: 238458 ns
[2022-04-22T09:04:04.459+0000][9][safepoint   ] Safepoint "Cleanup", Time since last: 3007682085 ns, Reaching safepoint: 622667 ns, At safepoint: 13416 ns, Total: 636083 ns
[2022-04-22T09:04:06.463+0000][9][safepoint   ] Safepoint "Cleanup", Time since last: 2004688668 ns, Reaching safepoint: 233167 ns, At safepoint: 9000 ns, Total: 242167 ns
[2022-04-22T09:04:07.471+0000][9][safepoint   ] Safepoint "Cleanup", Time since last: 1007789375 ns, Reaching safepoint: 173458 ns, At safepoint: 5042 ns, Total: 178500 ns
[2022-04-22T09:04:08.004+0000][9][gc,start    ] GC(43) Pause Young (Normal) (G1 Evacuation Pause)
[2022-04-22T09:04:08.004+0000][9][gc,task     ] GC(43) Using 5 workers of 5 for evacuation
[2022-04-22T09:04:08.005+0000][9][gc,age      ] GC(43) Desired survivor size 20971520 bytes, new threshold 15 (max threshold 15)
[2022-04-22T09:04:08.011+0000][9][gc,age      ] GC(43) Age table with threshold 15 (max threshold 15)
[2022-04-22T09:04:08.012+0000][9][gc,age      ] GC(43) - age   1:    1198984 bytes,    1198984 total
[2022-04-22T09:04:08.013+0000][9][gc,age      ] GC(43) - age   2:       3320 bytes,    1202304 total
[2022-04-22T09:04:08.014+0000][9][gc,age      ] GC(43) - age   3:      86408 bytes,    1288712 total
[2022-04-22T09:04:08.015+0000][9][gc,age      ] GC(43) - age   4:     155144 bytes,    1443856 total
[2022-04-22T09:04:08.016+0000][9][gc,age      ] GC(43) - age   5:     729688 bytes,    2173544 total
[2022-04-22T09:04:08.016+0000][9][gc,age      ] GC(43) - age   6:     167112 bytes,    2340656 total
[2022-04-22T09:04:08.017+0000][9][gc,age      ] GC(43) - age   7:       4552 bytes,    2345208 total
[2022-04-22T09:04:08.018+0000][9][gc,age      ] GC(43) - age   8:     108568 bytes,    2453776 total
[2022-04-22T09:04:08.022+0000][9][gc,age      ] GC(43) - age   9:     106024 bytes,    2559800 total
[2022-04-22T09:04:08.024+0000][9][gc,age      ] GC(43) - age  10:    1022240 bytes,    3582040 total
[2022-04-22T09:04:08.025+0000][9][gc,age      ] GC(43) - age  11:     899776 bytes,    4481816 total
[2022-04-22T09:04:08.026+0000][9][gc,age      ] GC(43) - age  12:     804464 bytes,    5286280 total
[2022-04-22T09:04:08.026+0000][9][gc,age      ] GC(43) - age  13:     276576 bytes,    5562856 total
[2022-04-22T09:04:08.028+0000][9][gc,age      ] GC(43) - age  14:     357872 bytes,    5920728 total
[2022-04-22T09:04:08.029+0000][9][gc,age      ] GC(43) - age  15:     248040 bytes,    6168768 total
[2022-04-22T09:04:08.030+0000][9][gc,phases   ] GC(43)   Pre Evacuate Collection Set: 0.1ms
[2022-04-22T09:04:08.031+0000][9][gc,phases   ] GC(43)   Merge Heap Roots: 0.1ms
[2022-04-22T09:04:08.031+0000][9][gc,phases   ] GC(43)   Evacuate Collection Set: 3.0ms
[2022-04-22T09:04:08.032+0000][9][gc,phases   ] GC(43)   Post Evacuate Collection Set: 1.2ms
[2022-04-22T09:04:08.033+0000][9][gc,phases   ] GC(43)   Other: 21.6ms
[2022-04-22T09:04:08.034+0000][9][gc,heap     ] GC(43) Eden regions: 74->0(74)
[2022-04-22T09:04:08.035+0000][9][gc,heap     ] GC(43) Survivor regions: 2->2(10)
[2022-04-22T09:04:08.035+0000][9][gc,heap     ] GC(43) Old regions: 20->20
[2022-04-22T09:04:08.036+0000][9][gc,heap     ] GC(43) Archive regions: 2->2
[2022-04-22T09:04:08.037+0000][9][gc,heap     ] GC(43) Humongous regions: 6->6
[2022-04-22T09:04:08.038+0000][9][gc,metaspace] GC(43) Metaspace: 114462K(116288K)->114462K(116288K) NonClass: 99289K(100352K)->99289K(100352K) Class: 15172K(15936K)->15172K(15936K)
[2022-04-22T09:04:08.039+0000][9][gc          ] GC(43) Pause Young (Normal) (G1 Evacuation Pause) 407M->111M(512M) 35.564ms
[2022-04-22T09:04:08.040+0000][9][gc,cpu      ] GC(43) User=0.02s Sys=0.00s Real=0.04s
[2022-04-22T09:04:08.041+0000][9][safepoint   ] Safepoint "G1CollectForAllocation", Time since last: 531825334 ns, Reaching safepoint: 245916 ns, At safepoint: 37932125 ns, Total: 38178041 ns
[2022-04-22T09:04:09.046+0000][9][safepoint   ] Safepoint "Cleanup", Time since last: 1004227001 ns, Reaching safepoint: 656667 ns, At safepoint: 17750 ns, Total: 674417 ns
[2022-04-22T09:04:10.054+0000][9][safepoint   ] Safepoint "Cleanup", Time since last: 1007629833 ns, Reaching safepoint: 423834 ns, At safepoint: 25083 ns, Total: 448917 ns
[2022-04-22T09:04:11.059+0000][9][safepoint   ] Safepoint "Cleanup", Time since last: 1004817209 ns, Reaching safepoint: 214000 ns, At safepoint: 9625 ns, Total: 223625 ns
[2022-04-22T09:04:13.080+0000][9][safepoint   ] Safepoint "Cleanup", Time since last: 2020537459 ns, Reaching safepoint: 123000 ns, At safepoint: 4167 ns, Total: 127167 ns
[2022-04-22T09:04:14.085+0000][9][safepoint   ] Safepoint "Cleanup", Time since last: 1004020167 ns, Reaching safepoint: 355833 ns, At safepoint: 13500 ns, Total: 369333 ns
[2022-04-22T09:04:16.094+0000][9][safepoint   ] Safepoint "Cleanup", Time since last: 2009835793 ns, Reaching safepoint: 83250 ns, At safepoint: 3625 ns, Total: 86875 ns
[2022-04-22T09:04:17.096+0000][9][safepoint   ] Safepoint "Cleanup", Time since last: 1000922375 ns, Reaching safepoint: 552125 ns, At safepoint: 21917 ns, Total: 574042 ns
[2022-04-22T09:04:19.103+0000][9][safepoint   ] Safepoint "Cleanup", Time since last: 2006821001 ns, Reaching safepoint: 89500 ns, At safepoint: 4583 ns, Total: 94083 ns
[2022-04-22T09:04:21.104+0000][9][safepoint   ] Safepoint "Cleanup", Time since last: 2001164751 ns, Reaching safepoint: 111834 ns, At safepoint: 3916 ns, Total: 115750 ns
[2022-04-22T09:04:22.108+0000][9][safepoint   ] Safepoint "Cleanup", Time since last: 1003253459 ns, Reaching safepoint: 294167 ns, At safepoint: 10041 ns, Total: 304208 ns
[2022-04-22T09:04:23.117+0000][9][safepoint   ] Safepoint "Cleanup", Time since last: 1009158168 ns, Reaching safepoint: 429583 ns, At safepoint: 14458 ns, Total: 444041 ns
[2022-04-22T09:04:25.126+0000][9][safepoint   ] Safepoint "Cleanup", Time since last: 2008522460 ns, Reaching safepoint: 130416 ns, At safepoint: 8875 ns, Total: 139291 ns
[2022-04-22T09:04:26.127+0000][9][safepoint   ] Safepoint "Cleanup", Time since last: 1000839501 ns, Reaching safepoint: 96250 ns, At safepoint: 3375 ns, Total: 99625 ns
[2022-04-22T09:04:28.132+0000][9][safepoint   ] Safepoint "Cleanup", Time since last: 2005053792 ns, Reaching safepoint: 315500 ns, At safepoint: 12417 ns, Total: 327917 ns
[2022-04-22T09:04:29.144+0000][9][safepoint   ] Safepoint "Cleanup", Time since last: 1010722834 ns, Reaching safepoint: 704625 ns, At safepoint: 15458 ns, Total: 720083 ns
[2022-04-22T09:04:31.153+0000][9][safepoint   ] Safepoint "Cleanup", Time since last: 2008683293 ns, Reaching safepoint: 142250 ns, At safepoint: 5833 ns, Total: 148083 ns
[2022-04-22T09:04:32.159+0000][9][safepoint   ] Safepoint "Cleanup", Time since last: 1002330500 ns, Reaching safepoint: 3864250 ns, At safepoint: 23791 ns, Total: 3888041 ns
[2022-04-22T09:04:34.165+0000][9][safepoint   ] Safepoint "Cleanup", Time since last: 2004970085 ns, Reaching safepoint: 1669625 ns, At safepoint: 17916 ns, Total: 1687541 ns
[2022-04-22T09:04:36.196+0000][9][safepoint   ] Safepoint "Cleanup", Time since last: 2014418543 ns, Reaching safepoint: 16382708 ns, At safepoint: 21500 ns, Total: 16404208 ns
[2022-04-22T09:04:37.208+0000][9][safepoint   ] Safepoint "Cleanup", Time since last: 1011400292 ns, Reaching safepoint: 161375 ns, At safepoint: 3792 ns, Total: 165167 ns
[2022-04-22T09:04:39.218+0000][9][safepoint   ] Safepoint "Cleanup", Time since last: 2006912043 ns, Reaching safepoint: 3624250 ns, At safepoint: 26541 ns, Total: 3650791 ns
[2022-04-22T09:04:40.230+0000][9][safepoint   ] Safepoint "Cleanup", Time since last: 1011427126 ns, Reaching safepoint: 574166 ns, At safepoint: 34000 ns, Total: 608166 ns
[2022-04-22T09:04:41.239+0000][9][safepoint   ] Safepoint "Cleanup", Time since last: 1007997209 ns, Reaching safepoint: 427584 ns, At safepoint: 16125 ns, Total: 443709 ns
[2022-04-22T09:04:43.247+0000][9][safepoint   ] Safepoint "Cleanup", Time since last: 2008180834 ns, Reaching safepoint: 274833 ns, At safepoint: 4709 ns, Total: 279542 ns
[2022-04-22T09:04:44.249+0000][9][safepoint   ] Safepoint "Cleanup", Time since last: 1001965000 ns, Reaching safepoint: 56708 ns, At safepoint: 2167 ns, Total: 58875 ns
[2022-04-22T09:04:46.255+0000][9][safepoint   ] Safepoint "Cleanup", Time since last: 2004537084 ns, Reaching safepoint: 729542 ns, At safepoint: 20583 ns, Total: 750125 ns
[2022-04-22T09:04:49.270+0000][9][safepoint   ] Safepoint "Cleanup", Time since last: 3015279793 ns, Reaching safepoint: 60125 ns, At safepoint: 3375 ns, Total: 63500 ns
[2022-04-22T09:04:50.271+0000][9][safepoint   ] Safepoint "Cleanup", Time since last: 1001311793 ns, Reaching safepoint: 105291 ns, At safepoint: 5042 ns, Total: 110333 ns
[2022-04-22T09:04:51.273+0000][9][safepoint   ] Safepoint "Cleanup", Time since last: 1001166875 ns, Reaching safepoint: 208292 ns, At safepoint: 5250 ns, Total: 213542 ns
[2022-04-22T09:04:52.279+0000][9][safepoint   ] Safepoint "Cleanup", Time since last: 1006461001 ns, Reaching safepoint: 207625 ns, At safepoint: 11750 ns, Total: 219375 ns
[2022-04-22T09:04:55.289+0000][9][safepoint   ] Safepoint "Cleanup", Time since last: 3009817043 ns, Reaching safepoint: 219458 ns, At safepoint: 14083 ns, Total: 233541 ns
[2022-04-22T09:04:56.298+0000][9][safepoint   ] Safepoint "Cleanup", Time since last: 1004182542 ns, Reaching safepoint: 4551250 ns, At safepoint: 17667 ns, Total: 4568917 ns
[2022-04-22T09:04:58.300+0000][9][safepoint   ] Safepoint "Cleanup", Time since last: 2002100126 ns, Reaching safepoint: 186833 ns, At safepoint: 9292 ns, Total: 196125 ns
[2022-04-22T09:04:59.307+0000][9][safepoint   ] Safepoint "Cleanup", Time since last: 1006359417 ns, Reaching safepoint: 374792 ns, At safepoint: 10625 ns, Total: 385417 ns
[2022-04-22T09:05:00.318+0000][9][safepoint   ] Safepoint "Cleanup", Time since last: 1005529167 ns, Reaching safepoint: 5090958 ns, At safepoint: 91375 ns, Total: 5182333 ns
[2022-04-22T09:05:01.333+0000][9][safepoint   ] Safepoint "Cleanup", Time since last: 1015171750 ns, Reaching safepoint: 125750 ns, At safepoint: 4875 ns, Total: 130625 ns
[2022-04-22T09:05:04.335+0000][9][safepoint   ] Safepoint "Cleanup", Time since last: 3001688210 ns, Reaching safepoint: 648208 ns, At safepoint: 13000 ns, Total: 661208 ns
[2022-04-22T09:05:06.364+0000][9][safepoint   ] Safepoint "Cleanup", Time since last: 2028256293 ns, Reaching safepoint: 670167 ns, At safepoint: 19666 ns, Total: 689833 ns
[2022-04-22T09:05:07.374+0000][9][safepoint   ] Safepoint "Cleanup", Time since last: 1009335626 ns, Reaching safepoint: 94541 ns, At safepoint: 4000 ns, Total: 98541 ns
[2022-04-22T09:05:09.380+0000][9][safepoint   ] Safepoint "Cleanup", Time since last: 2005744793 ns, Reaching safepoint: 780333 ns, At safepoint: 23875 ns, Total: 804208 ns
[2022-04-22T09:05:10.390+0000][9][safepoint   ] Safepoint "Cleanup", Time since last: 1008961334 ns, Reaching safepoint: 370792 ns, At safepoint: 9083 ns, Total: 379875 ns
[2022-04-22T09:05:10.776+0000][9][gc,heap,exit] Heap
[2022-04-22T09:05:10.777+0000][9][gc,heap,exit]  garbage-first heap   total 524288K, used 358857K [0x00000000e0000000, 0x0000000100000000)
[2022-04-22T09:05:10.779+0000][9][gc,heap,exit]   region size 4096K, 62 young (253952K), 2 survivors (8192K)
[2022-04-22T09:05:10.779+0000][9][gc,heap,exit]  Metaspace       used 114639K, committed 116416K, reserved 1155072K
[2022-04-22T09:05:10.780+0000][9][gc,heap,exit]   class space    used 15202K, committed 15936K, reserved 1048576K
