[2022-04-18T09:13:26.956+0000][8][gc] Using G1
[2022-04-18T09:13:27.037+0000][8][gc,init] Version: 16+36 (release)
[2022-04-18T09:13:27.038+0000][8][gc,init] CPUs: 5 total, 5 available
[2022-04-18T09:13:27.040+0000][8][gc,init] Memory: 7851M
[2022-04-18T09:13:27.041+0000][8][gc,init] Large Page Support: Disabled
[2022-04-18T09:13:27.042+0000][8][gc,init] NUMA Support: Disabled
[2022-04-18T09:13:27.043+0000][8][gc,init] Compressed Oops: Enabled (32-bit)
[2022-04-18T09:13:27.045+0000][8][gc,init] Heap Region Size: 4M
[2022-04-18T09:13:27.047+0000][8][gc,init] Heap Min Capacity: 512M
[2022-04-18T09:13:27.049+0000][8][gc,init] Heap Initial Capacity: 512M
[2022-04-18T09:13:27.050+0000][8][gc,init] Heap Max Capacity: 512M
[2022-04-18T09:13:27.051+0000][8][gc,init] Pre-touch: Enabled
[2022-04-18T09:13:27.053+0000][8][gc,init] Parallel Workers: 5
[2022-04-18T09:13:27.053+0000][8][gc,init] Concurrent Workers: 1
[2022-04-18T09:13:27.054+0000][8][gc,init] Concurrent Refinement Workers: 5
[2022-04-18T09:13:27.055+0000][8][gc,init] Periodic GC: Disabled
[2022-04-18T09:13:27.058+0000][8][gc,metaspace] CDS archive(s) mapped at: [0x0000000800000000-0x0000000800bea000-0x0000000800bea000), size 12492800, SharedBaseAddress: 0x0000000800000000, ArchiveRelocationMode: 0.
[2022-04-18T09:13:27.059+0000][8][gc,metaspace] Compressed class space mapped at: 0x0000000800c00000-0x0000000840c00000, reserved size: 1073741824
[2022-04-18T09:13:27.061+0000][8][gc,metaspace] Narrow klass base: 0x0000000800000000, Narrow klass shift: 3, Narrow klass range: 0x100000000
[2022-04-18T09:13:27.362+0000][8][safepoint   ] Safepoint "ICBufferFull", Time since last: 294703292 ns, Reaching safepoint: 134000 ns, At safepoint: 3000 ns, Total: 137000 ns
[2022-04-18T09:13:27.437+0000][8][safepoint   ] Safepoint "ICBufferFull", Time since last: 74608208 ns, Reaching safepoint: 74417 ns, At safepoint: 4167 ns, Total: 78584 ns
[2022-04-18T09:13:27.502+0000][8][safepoint   ] Safepoint "ICBufferFull", Time since last: 65433083 ns, Reaching safepoint: 227708 ns, At safepoint: 4292 ns, Total: 232000 ns
[2022-04-18T09:13:27.573+0000][8][gc,start    ] GC(0) Pause Young (Normal) (G1 Evacuation Pause)
[2022-04-18T09:13:27.574+0000][8][gc,task     ] GC(0) Using 5 workers of 5 for evacuation
[2022-04-18T09:13:27.575+0000][8][gc,age      ] GC(0) Desired survivor size 2097152 bytes, new threshold 15 (max threshold 15)
[2022-04-18T09:13:27.581+0000][8][gc,age      ] GC(0) Age table with threshold 15 (max threshold 15)
[2022-04-18T09:13:27.582+0000][8][gc,age      ] GC(0) - age   1:    4169560 bytes,    4169560 total
[2022-04-18T09:13:27.583+0000][8][gc,phases   ] GC(0)   Pre Evacuate Collection Set: 0.0ms
[2022-04-18T09:13:27.583+0000][8][gc,phases   ] GC(0)   Merge Heap Roots: 0.0ms
[2022-04-18T09:13:27.584+0000][8][gc,phases   ] GC(0)   Evacuate Collection Set: 3.0ms
[2022-04-18T09:13:27.585+0000][8][gc,phases   ] GC(0)   Post Evacuate Collection Set: 0.6ms
[2022-04-18T09:13:27.586+0000][8][gc,phases   ] GC(0)   Other: 5.8ms
[2022-04-18T09:13:27.588+0000][8][gc,heap     ] GC(0) Eden regions: 6->0(5)
[2022-04-18T09:13:27.589+0000][8][gc,heap     ] GC(0) Survivor regions: 0->1(1)
[2022-04-18T09:13:27.590+0000][8][gc,heap     ] GC(0) Old regions: 0->1
[2022-04-18T09:13:27.591+0000][8][gc,heap     ] GC(0) Archive regions: 2->2
[2022-04-18T09:13:27.592+0000][8][gc,heap     ] GC(0) Humongous regions: 0->0
[2022-04-18T09:13:27.593+0000][8][gc,metaspace] GC(0) Metaspace: 8164K(8320K)->8164K(8320K) NonClass: 7257K(7360K)->7257K(7360K) Class: 906K(960K)->906K(960K)
[2022-04-18T09:13:27.594+0000][8][gc          ] GC(0) Pause Young (Normal) (G1 Evacuation Pause) 27M->8M(512M) 21.238ms
[2022-04-18T09:13:27.595+0000][8][gc,cpu      ] GC(0) User=0.01s Sys=0.00s Real=0.02s
[2022-04-18T09:13:27.597+0000][8][safepoint   ] Safepoint "G1CollectForAllocation", Time since last: 70634125 ns, Reaching safepoint: 55042 ns, At safepoint: 23723125 ns, Total: 23778167 ns
[2022-04-18T09:13:28.015+0000][8][safepoint   ] Safepoint "ICBufferFull", Time since last: 417978000 ns, Reaching safepoint: 144542 ns, At safepoint: 161500 ns, Total: 306042 ns
[2022-04-18T09:13:28.120+0000][8][gc,start    ] GC(1) Pause Young (Normal) (G1 Evacuation Pause)
[2022-04-18T09:13:28.122+0000][8][gc,task     ] GC(1) Using 5 workers of 5 for evacuation
[2022-04-18T09:13:28.123+0000][8][gc,age      ] GC(1) Desired survivor size 2097152 bytes, new threshold 1 (max threshold 15)
[2022-04-18T09:13:28.131+0000][8][gc,age      ] GC(1) Age table with threshold 1 (max threshold 15)
[2022-04-18T09:13:28.137+0000][8][gc,age      ] GC(1) - age   1:    1723520 bytes,    1723520 total
[2022-04-18T09:13:28.138+0000][8][gc,phases   ] GC(1)   Pre Evacuate Collection Set: 0.4ms
[2022-04-18T09:13:28.141+0000][8][gc,phases   ] GC(1)   Merge Heap Roots: 0.0ms
[2022-04-18T09:13:28.143+0000][8][gc,phases   ] GC(1)   Evacuate Collection Set: 6.1ms
[2022-04-18T09:13:28.144+0000][8][gc,phases   ] GC(1)   Post Evacuate Collection Set: 0.5ms
[2022-04-18T09:13:28.146+0000][8][gc,phases   ] GC(1)   Other: 10.3ms
[2022-04-18T09:13:28.147+0000][8][gc,heap     ] GC(1) Eden regions: 5->0(8)
[2022-04-18T09:13:28.149+0000][8][gc,heap     ] GC(1) Survivor regions: 1->1(1)
[2022-04-18T09:13:28.151+0000][8][gc,heap     ] GC(1) Old regions: 1->2
[2022-04-18T09:13:28.151+0000][8][gc,heap     ] GC(1) Archive regions: 2->2
[2022-04-18T09:13:28.153+0000][8][gc,heap     ] GC(1) Humongous regions: 0->0
[2022-04-18T09:13:28.154+0000][8][gc,metaspace] GC(1) Metaspace: 11665K(11904K)->11665K(11904K) NonClass: 10280K(10432K)->10280K(10432K) Class: 1384K(1472K)->1384K(1472K)
[2022-04-18T09:13:28.155+0000][8][gc          ] GC(1) Pause Young (Normal) (G1 Evacuation Pause) 28M->9M(512M) 34.634ms
[2022-04-18T09:13:28.156+0000][8][gc,cpu      ] GC(1) User=0.01s Sys=0.01s Real=0.04s
[2022-04-18T09:13:28.158+0000][8][safepoint   ] Safepoint "G1CollectForAllocation", Time since last: 105005958 ns, Reaching safepoint: 362292 ns, At safepoint: 37623291 ns, Total: 37985583 ns
[2022-04-18T09:13:28.558+0000][8][safepoint   ] Safepoint "ICBufferFull", Time since last: 398069917 ns, Reaching safepoint: 1505917 ns, At safepoint: 18958 ns, Total: 1524875 ns
[2022-04-18T09:13:28.690+0000][8][gc,start    ] GC(2) Pause Young (Normal) (G1 Evacuation Pause)
[2022-04-18T09:13:28.691+0000][8][gc,task     ] GC(2) Using 5 workers of 5 for evacuation
[2022-04-18T09:13:28.693+0000][8][gc,age      ] GC(2) Desired survivor size 4194304 bytes, new threshold 15 (max threshold 15)
[2022-04-18T09:13:28.698+0000][8][gc,age      ] GC(2) Age table with threshold 15 (max threshold 15)
[2022-04-18T09:13:28.699+0000][8][gc,age      ] GC(2) - age   1:     980672 bytes,     980672 total
[2022-04-18T09:13:28.701+0000][8][gc,age      ] GC(2) - age   2:    1651432 bytes,    2632104 total
[2022-04-18T09:13:28.702+0000][8][gc,phases   ] GC(2)   Pre Evacuate Collection Set: 0.0ms
[2022-04-18T09:13:28.703+0000][8][gc,phases   ] GC(2)   Merge Heap Roots: 0.0ms
[2022-04-18T09:13:28.704+0000][8][gc,phases   ] GC(2)   Evacuate Collection Set: 3.0ms
[2022-04-18T09:13:28.705+0000][8][gc,phases   ] GC(2)   Post Evacuate Collection Set: 1.2ms
[2022-04-18T09:13:28.706+0000][8][gc,phases   ] GC(2)   Other: 7.6ms
[2022-04-18T09:13:28.708+0000][8][gc,heap     ] GC(2) Eden regions: 8->0(24)
[2022-04-18T09:13:28.709+0000][8][gc,heap     ] GC(2) Survivor regions: 1->1(2)
[2022-04-18T09:13:28.710+0000][8][gc,heap     ] GC(2) Old regions: 2->2
[2022-04-18T09:13:28.711+0000][8][gc,heap     ] GC(2) Archive regions: 2->2
[2022-04-18T09:13:28.713+0000][8][gc,heap     ] GC(2) Humongous regions: 0->0
[2022-04-18T09:13:28.714+0000][8][gc,metaspace] GC(2) Metaspace: 14105K(14336K)->14105K(14336K) NonClass: 12477K(12608K)->12477K(12608K) Class: 1627K(1728K)->1627K(1728K)
[2022-04-18T09:13:28.716+0000][8][gc          ] GC(2) Pause Young (Normal) (G1 Evacuation Pause) 41M->10M(512M) 25.892ms
[2022-04-18T09:13:28.717+0000][8][gc,cpu      ] GC(2) User=0.01s Sys=0.00s Real=0.03s
[2022-04-18T09:13:28.718+0000][8][safepoint   ] Safepoint "G1CollectForAllocation", Time since last: 132147167 ns, Reaching safepoint: 166958 ns, At safepoint: 28494709 ns, Total: 28661667 ns
[2022-04-18T09:13:28.925+0000][8][safepoint   ] Safepoint "ICBufferFull", Time since last: 206288083 ns, Reaching safepoint: 89750 ns, At safepoint: 1458 ns, Total: 91208 ns
[2022-04-18T09:13:28.930+0000][8][safepoint   ] Safepoint "ICBufferFull", Time since last: 5061542 ns, Reaching safepoint: 59250 ns, At safepoint: 1375 ns, Total: 60625 ns
[2022-04-18T09:13:28.934+0000][8][safepoint   ] Safepoint "ICBufferFull", Time since last: 3721500 ns, Reaching safepoint: 22500 ns, At safepoint: 1292 ns, Total: 23792 ns
[2022-04-18T09:13:28.940+0000][8][safepoint   ] Safepoint "ICBufferFull", Time since last: 5980208 ns, Reaching safepoint: 105500 ns, At safepoint: 1625 ns, Total: 107125 ns
[2022-04-18T09:13:28.943+0000][8][safepoint   ] Safepoint "ICBufferFull", Time since last: 3016250 ns, Reaching safepoint: 40792 ns, At safepoint: 1166 ns, Total: 41958 ns
[2022-04-18T09:13:28.946+0000][8][safepoint   ] Safepoint "ICBufferFull", Time since last: 2167417 ns, Reaching safepoint: 516083 ns, At safepoint: 2167 ns, Total: 518250 ns
[2022-04-18T09:13:28.950+0000][8][safepoint   ] Safepoint "ICBufferFull", Time since last: 3515458 ns, Reaching safepoint: 824417 ns, At safepoint: 4292 ns, Total: 828709 ns
[2022-04-18T09:13:28.952+0000][8][safepoint   ] Safepoint "ICBufferFull", Time since last: 2078666 ns, Reaching safepoint: 31584 ns, At safepoint: 1875 ns, Total: 33459 ns
[2022-04-18T09:13:28.958+0000][8][safepoint   ] Safepoint "ICBufferFull", Time since last: 5116375 ns, Reaching safepoint: 313041 ns, At safepoint: 240125 ns, Total: 553166 ns
[2022-04-18T09:13:28.961+0000][8][safepoint   ] Safepoint "ICBufferFull", Time since last: 3030625 ns, Reaching safepoint: 28334 ns, At safepoint: 1333 ns, Total: 29667 ns
[2022-04-18T09:13:28.963+0000][8][safepoint   ] Safepoint "ICBufferFull", Time since last: 2293083 ns, Reaching safepoint: 68417 ns, At safepoint: 2625 ns, Total: 71042 ns
[2022-04-18T09:13:28.966+0000][8][safepoint   ] Safepoint "ICBufferFull", Time since last: 2519417 ns, Reaching safepoint: 20000 ns, At safepoint: 875 ns, Total: 20875 ns
[2022-04-18T09:13:28.967+0000][8][safepoint   ] Safepoint "ICBufferFull", Time since last: 1715291 ns, Reaching safepoint: 18250 ns, At safepoint: 1000 ns, Total: 19250 ns
[2022-04-18T09:13:28.970+0000][8][safepoint   ] Safepoint "ICBufferFull", Time since last: 2722750 ns, Reaching safepoint: 21292 ns, At safepoint: 1250 ns, Total: 22542 ns
[2022-04-18T09:13:28.974+0000][8][safepoint   ] Safepoint "ICBufferFull", Time since last: 3670667 ns, Reaching safepoint: 144833 ns, At safepoint: 3167 ns, Total: 148000 ns
[2022-04-18T09:13:28.981+0000][8][safepoint   ] Safepoint "ICBufferFull", Time since last: 6874875 ns, Reaching safepoint: 274208 ns, At safepoint: 4375 ns, Total: 278583 ns
[2022-04-18T09:13:28.986+0000][8][safepoint   ] Safepoint "ICBufferFull", Time since last: 5016042 ns, Reaching safepoint: 26875 ns, At safepoint: 1083 ns, Total: 27958 ns
[2022-04-18T09:13:28.989+0000][8][safepoint   ] Safepoint "ICBufferFull", Time since last: 2943167 ns, Reaching safepoint: 39041 ns, At safepoint: 1500 ns, Total: 40541 ns
[2022-04-18T09:13:28.991+0000][8][safepoint   ] Safepoint "ICBufferFull", Time since last: 1673625 ns, Reaching safepoint: 22042 ns, At safepoint: 1333 ns, Total: 23375 ns
[2022-04-18T09:13:28.993+0000][8][safepoint   ] Safepoint "ICBufferFull", Time since last: 2245125 ns, Reaching safepoint: 199500 ns, At safepoint: 2167 ns, Total: 201667 ns
[2022-04-18T09:13:28.997+0000][8][safepoint   ] Safepoint "ICBufferFull", Time since last: 3397542 ns, Reaching safepoint: 25875 ns, At safepoint: 1000 ns, Total: 26875 ns
[2022-04-18T09:13:28.999+0000][8][safepoint   ] Safepoint "ICBufferFull", Time since last: 2655208 ns, Reaching safepoint: 152417 ns, At safepoint: 3041 ns, Total: 155458 ns
[2022-04-18T09:13:29.002+0000][8][safepoint   ] Safepoint "ICBufferFull", Time since last: 2186959 ns, Reaching safepoint: 27875 ns, At safepoint: 1041 ns, Total: 28916 ns
[2022-04-18T09:13:29.004+0000][8][safepoint   ] Safepoint "ICBufferFull", Time since last: 2484959 ns, Reaching safepoint: 129916 ns, At safepoint: 5709 ns, Total: 135625 ns
[2022-04-18T09:13:29.008+0000][8][safepoint   ] Safepoint "ICBufferFull", Time since last: 3634375 ns, Reaching safepoint: 23083 ns, At safepoint: 1250 ns, Total: 24333 ns
[2022-04-18T09:13:29.010+0000][8][safepoint   ] Safepoint "ICBufferFull", Time since last: 1798208 ns, Reaching safepoint: 67084 ns, At safepoint: 1583 ns, Total: 68667 ns
[2022-04-18T09:13:29.012+0000][8][safepoint   ] Safepoint "ICBufferFull", Time since last: 2481333 ns, Reaching safepoint: 20042 ns, At safepoint: 1042 ns, Total: 21084 ns
[2022-04-18T09:13:29.016+0000][8][safepoint   ] Safepoint "ICBufferFull", Time since last: 3534458 ns, Reaching safepoint: 64750 ns, At safepoint: 1792 ns, Total: 66542 ns
[2022-04-18T09:13:29.019+0000][8][safepoint   ] Safepoint "ICBufferFull", Time since last: 2728583 ns, Reaching safepoint: 33792 ns, At safepoint: 1375 ns, Total: 35167 ns
[2022-04-18T09:13:29.021+0000][8][safepoint   ] Safepoint "ICBufferFull", Time since last: 2059458 ns, Reaching safepoint: 24042 ns, At safepoint: 1125 ns, Total: 25167 ns
[2022-04-18T09:13:29.023+0000][8][safepoint   ] Safepoint "ICBufferFull", Time since last: 2354875 ns, Reaching safepoint: 93125 ns, At safepoint: 1208 ns, Total: 94333 ns
[2022-04-18T09:13:29.026+0000][8][safepoint   ] Safepoint "ICBufferFull", Time since last: 2460625 ns, Reaching safepoint: 126125 ns, At safepoint: 1875 ns, Total: 128000 ns
[2022-04-18T09:13:29.029+0000][8][safepoint   ] Safepoint "ICBufferFull", Time since last: 3651875 ns, Reaching safepoint: 19083 ns, At safepoint: 1000 ns, Total: 20083 ns
[2022-04-18T09:13:29.032+0000][8][safepoint   ] Safepoint "ICBufferFull", Time since last: 2003709 ns, Reaching safepoint: 27166 ns, At safepoint: 1042 ns, Total: 28208 ns
[2022-04-18T09:13:29.033+0000][8][safepoint   ] Safepoint "ICBufferFull", Time since last: 1899375 ns, Reaching safepoint: 21375 ns, At safepoint: 1042 ns, Total: 22417 ns
[2022-04-18T09:13:29.036+0000][8][safepoint   ] Safepoint "ICBufferFull", Time since last: 3002416 ns, Reaching safepoint: 25375 ns, At safepoint: 1292 ns, Total: 26667 ns
[2022-04-18T09:13:29.040+0000][8][safepoint   ] Safepoint "ICBufferFull", Time since last: 3372292 ns, Reaching safepoint: 23583 ns, At safepoint: 1083 ns, Total: 24666 ns
[2022-04-18T09:13:29.043+0000][8][safepoint   ] Safepoint "ICBufferFull", Time since last: 3208167 ns, Reaching safepoint: 18042 ns, At safepoint: 958 ns, Total: 19000 ns
[2022-04-18T09:13:29.046+0000][8][safepoint   ] Safepoint "ICBufferFull", Time since last: 2812208 ns, Reaching safepoint: 25500 ns, At safepoint: 959 ns, Total: 26459 ns
[2022-04-18T09:13:29.047+0000][8][safepoint   ] Safepoint "ICBufferFull", Time since last: 1242500 ns, Reaching safepoint: 243875 ns, At safepoint: 1791 ns, Total: 245666 ns
[2022-04-18T09:13:29.049+0000][8][safepoint   ] Safepoint "ICBufferFull", Time since last: 1062667 ns, Reaching safepoint: 29417 ns, At safepoint: 1333 ns, Total: 30750 ns
[2022-04-18T09:13:29.050+0000][8][safepoint   ] Safepoint "ICBufferFull", Time since last: 1277583 ns, Reaching safepoint: 31334 ns, At safepoint: 1041 ns, Total: 32375 ns
[2022-04-18T09:13:29.051+0000][8][safepoint   ] Safepoint "ICBufferFull", Time since last: 1224084 ns, Reaching safepoint: 25791 ns, At safepoint: 1584 ns, Total: 27375 ns
[2022-04-18T09:13:29.052+0000][8][safepoint   ] Safepoint "ICBufferFull", Time since last: 1352666 ns, Reaching safepoint: 23459 ns, At safepoint: 1166 ns, Total: 24625 ns
[2022-04-18T09:13:29.054+0000][8][safepoint   ] Safepoint "ICBufferFull", Time since last: 1188792 ns, Reaching safepoint: 14958 ns, At safepoint: 792 ns, Total: 15750 ns
[2022-04-18T09:13:29.055+0000][8][safepoint   ] Safepoint "ICBufferFull", Time since last: 1459667 ns, Reaching safepoint: 27000 ns, At safepoint: 1208 ns, Total: 28208 ns
[2022-04-18T09:13:29.059+0000][8][safepoint   ] Safepoint "ICBufferFull", Time since last: 3628458 ns, Reaching safepoint: 17500 ns, At safepoint: 1292 ns, Total: 18792 ns
[2022-04-18T09:13:29.062+0000][8][safepoint   ] Safepoint "ICBufferFull", Time since last: 2736042 ns, Reaching safepoint: 19750 ns, At safepoint: 1250 ns, Total: 21000 ns
[2022-04-18T09:13:29.065+0000][8][safepoint   ] Safepoint "ICBufferFull", Time since last: 2951541 ns, Reaching safepoint: 23959 ns, At safepoint: 1333 ns, Total: 25292 ns
[2022-04-18T09:13:29.067+0000][8][safepoint   ] Safepoint "ICBufferFull", Time since last: 2046250 ns, Reaching safepoint: 60458 ns, At safepoint: 1584 ns, Total: 62042 ns
[2022-04-18T09:13:29.068+0000][8][safepoint   ] Safepoint "ICBufferFull", Time since last: 1361125 ns, Reaching safepoint: 15375 ns, At safepoint: 387916 ns, Total: 403291 ns
[2022-04-18T09:13:29.070+0000][8][safepoint   ] Safepoint "ICBufferFull", Time since last: 1289584 ns, Reaching safepoint: 41708 ns, At safepoint: 1417 ns, Total: 43125 ns
[2022-04-18T09:13:29.071+0000][8][safepoint   ] Safepoint "ICBufferFull", Time since last: 1707875 ns, Reaching safepoint: 26041 ns, At safepoint: 1334 ns, Total: 27375 ns
[2022-04-18T09:13:29.073+0000][8][safepoint   ] Safepoint "ICBufferFull", Time since last: 1137958 ns, Reaching safepoint: 21875 ns, At safepoint: 1250 ns, Total: 23125 ns
[2022-04-18T09:13:29.074+0000][8][safepoint   ] Safepoint "ICBufferFull", Time since last: 1801958 ns, Reaching safepoint: 25584 ns, At safepoint: 1083 ns, Total: 26667 ns
[2022-04-18T09:13:29.076+0000][8][safepoint   ] Safepoint "ICBufferFull", Time since last: 1388792 ns, Reaching safepoint: 22541 ns, At safepoint: 1375 ns, Total: 23916 ns
[2022-04-18T09:13:29.078+0000][8][safepoint   ] Safepoint "ICBufferFull", Time since last: 1909625 ns, Reaching safepoint: 46000 ns, At safepoint: 1042 ns, Total: 47042 ns
[2022-04-18T09:13:29.079+0000][8][safepoint   ] Safepoint "ICBufferFull", Time since last: 1266042 ns, Reaching safepoint: 22500 ns, At safepoint: 875 ns, Total: 23375 ns
[2022-04-18T09:13:29.081+0000][8][safepoint   ] Safepoint "ICBufferFull", Time since last: 1328791 ns, Reaching safepoint: 47500 ns, At safepoint: 1625 ns, Total: 49125 ns
[2022-04-18T09:13:29.084+0000][8][safepoint   ] Safepoint "ICBufferFull", Time since last: 3002459 ns, Reaching safepoint: 32291 ns, At safepoint: 1625 ns, Total: 33916 ns
[2022-04-18T09:13:29.086+0000][8][safepoint   ] Safepoint "ICBufferFull", Time since last: 2088875 ns, Reaching safepoint: 122959 ns, At safepoint: 2583 ns, Total: 125542 ns
[2022-04-18T09:13:29.176+0000][8][gc,start    ] GC(3) Pause Young (Normal) (G1 Evacuation Pause)
[2022-04-18T09:13:29.177+0000][8][gc,task     ] GC(3) Using 5 workers of 5 for evacuation
[2022-04-18T09:13:29.179+0000][8][gc,age      ] GC(3) Desired survivor size 8388608 bytes, new threshold 15 (max threshold 15)
[2022-04-18T09:13:29.185+0000][8][gc,age      ] GC(3) Age table with threshold 15 (max threshold 15)
[2022-04-18T09:13:29.186+0000][8][gc,age      ] GC(3) - age   1:    4131392 bytes,    4131392 total
[2022-04-18T09:13:29.187+0000][8][gc,age      ] GC(3) - age   2:     944680 bytes,    5076072 total
[2022-04-18T09:13:29.188+0000][8][gc,age      ] GC(3) - age   3:    1637224 bytes,    6713296 total
[2022-04-18T09:13:29.188+0000][8][gc,phases   ] GC(3)   Pre Evacuate Collection Set: 0.1ms
[2022-04-18T09:13:29.189+0000][8][gc,phases   ] GC(3)   Merge Heap Roots: 0.0ms
[2022-04-18T09:13:29.190+0000][8][gc,phases   ] GC(3)   Evacuate Collection Set: 4.4ms
[2022-04-18T09:13:29.191+0000][8][gc,phases   ] GC(3)   Post Evacuate Collection Set: 0.4ms
[2022-04-18T09:13:29.192+0000][8][gc,phases   ] GC(3)   Other: 7.2ms
[2022-04-18T09:13:29.193+0000][8][gc,heap     ] GC(3) Eden regions: 24->0(74)
[2022-04-18T09:13:29.194+0000][8][gc,heap     ] GC(3) Survivor regions: 1->2(4)
[2022-04-18T09:13:29.196+0000][8][gc,heap     ] GC(3) Old regions: 2->2
[2022-04-18T09:13:29.197+0000][8][gc,heap     ] GC(3) Archive regions: 2->2
[2022-04-18T09:13:29.198+0000][8][gc,heap     ] GC(3) Humongous regions: 0->0
[2022-04-18T09:13:29.200+0000][8][gc,metaspace] GC(3) Metaspace: 16296K(16576K)->16296K(16576K) NonClass: 14378K(14528K)->14378K(14528K) Class: 1918K(2048K)->1918K(2048K)
[2022-04-18T09:13:29.201+0000][8][gc          ] GC(3) Pause Young (Normal) (G1 Evacuation Pause) 106M->14M(512M) 24.688ms
[2022-04-18T09:13:29.203+0000][8][gc,cpu      ] GC(3) User=0.01s Sys=0.00s Real=0.02s
[2022-04-18T09:13:29.204+0000][8][safepoint   ] Safepoint "G1CollectForAllocation", Time since last: 90398542 ns, Reaching safepoint: 257875 ns, At safepoint: 27628375 ns, Total: 27886250 ns
[2022-04-18T09:13:29.427+0000][8][safepoint   ] Safepoint "ICBufferFull", Time since last: 222391625 ns, Reaching safepoint: 321000 ns, At safepoint: 4167 ns, Total: 325167 ns
[2022-04-18T09:13:29.663+0000][8][gc,start    ] GC(4) Pause Young (Normal) (G1 Evacuation Pause)
[2022-04-18T09:13:29.664+0000][8][gc,task     ] GC(4) Using 5 workers of 5 for evacuation
[2022-04-18T09:13:29.665+0000][8][gc,age      ] GC(4) Desired survivor size 20971520 bytes, new threshold 15 (max threshold 15)
[2022-04-18T09:13:29.673+0000][8][gc,age      ] GC(4) Age table with threshold 15 (max threshold 15)
[2022-04-18T09:13:29.674+0000][8][gc,age      ] GC(4) - age   1:    4762640 bytes,    4762640 total
[2022-04-18T09:13:29.676+0000][8][gc,age      ] GC(4) - age   2:    2194232 bytes,    6956872 total
[2022-04-18T09:13:29.677+0000][8][gc,age      ] GC(4) - age   3:     944464 bytes,    7901336 total
[2022-04-18T09:13:29.678+0000][8][gc,age      ] GC(4) - age   4:    1637024 bytes,    9538360 total
[2022-04-18T09:13:29.680+0000][8][gc,phases   ] GC(4)   Pre Evacuate Collection Set: 0.0ms
[2022-04-18T09:13:29.681+0000][8][gc,phases   ] GC(4)   Merge Heap Roots: 0.0ms
[2022-04-18T09:13:29.682+0000][8][gc,phases   ] GC(4)   Evacuate Collection Set: 4.9ms
[2022-04-18T09:13:29.683+0000][8][gc,phases   ] GC(4)   Post Evacuate Collection Set: 2.0ms
[2022-04-18T09:13:29.685+0000][8][gc,phases   ] GC(4)   Other: 10.0ms
[2022-04-18T09:13:29.685+0000][8][gc,heap     ] GC(4) Eden regions: 74->0(73)
[2022-04-18T09:13:29.687+0000][8][gc,heap     ] GC(4) Survivor regions: 2->3(10)
[2022-04-18T09:13:29.688+0000][8][gc,heap     ] GC(4) Old regions: 2->2
[2022-04-18T09:13:29.689+0000][8][gc,heap     ] GC(4) Archive regions: 2->2
[2022-04-18T09:13:29.690+0000][8][gc,heap     ] GC(4) Humongous regions: 0->0
[2022-04-18T09:13:29.691+0000][8][gc,metaspace] GC(4) Metaspace: 18827K(19200K)->18827K(19200K) NonClass: 16549K(16768K)->16549K(16768K) Class: 2277K(2432K)->2277K(2432K)
[2022-04-18T09:13:29.693+0000][8][gc          ] GC(4) Pause Young (Normal) (G1 Evacuation Pause) 310M->17M(512M) 29.786ms
[2022-04-18T09:13:29.694+0000][8][gc,cpu      ] GC(4) User=0.01s Sys=0.00s Real=0.03s
[2022-04-18T09:13:29.695+0000][8][safepoint   ] Safepoint "G1CollectForAllocation", Time since last: 235930333 ns, Reaching safepoint: 75042 ns, At safepoint: 32735916 ns, Total: 32810958 ns
[2022-04-18T09:13:30.041+0000][8][gc,start    ] GC(5) Pause Young (Normal) (G1 Evacuation Pause)
[2022-04-18T09:13:30.042+0000][8][gc,task     ] GC(5) Using 5 workers of 5 for evacuation
[2022-04-18T09:13:30.042+0000][8][gc,age      ] GC(5) Desired survivor size 20971520 bytes, new threshold 15 (max threshold 15)
[2022-04-18T09:13:30.053+0000][8][gc,age      ] GC(5) Age table with threshold 15 (max threshold 15)
[2022-04-18T09:13:30.055+0000][8][gc,age      ] GC(5) - age   1:    2902768 bytes,    2902768 total
[2022-04-18T09:13:30.055+0000][8][gc,age      ] GC(5) - age   2:    3871184 bytes,    6773952 total
[2022-04-18T09:13:30.056+0000][8][gc,age      ] GC(5) - age   3:    2193864 bytes,    8967816 total
[2022-04-18T09:13:30.057+0000][8][gc,age      ] GC(5) - age   4:     937040 bytes,    9904856 total
[2022-04-18T09:13:30.057+0000][8][gc,age      ] GC(5) - age   5:    1637024 bytes,   11541880 total
[2022-04-18T09:13:30.058+0000][8][gc,phases   ] GC(5)   Pre Evacuate Collection Set: 0.2ms
[2022-04-18T09:13:30.059+0000][8][gc,phases   ] GC(5)   Merge Heap Roots: 0.1ms
[2022-04-18T09:13:30.061+0000][8][gc,phases   ] GC(5)   Evacuate Collection Set: 8.0ms
[2022-04-18T09:13:30.061+0000][8][gc,phases   ] GC(5)   Post Evacuate Collection Set: 0.9ms
[2022-04-18T09:13:30.062+0000][8][gc,phases   ] GC(5)   Other: 8.1ms
[2022-04-18T09:13:30.063+0000][8][gc,heap     ] GC(5) Eden regions: 73->0(73)
[2022-04-18T09:13:30.064+0000][8][gc,heap     ] GC(5) Survivor regions: 3->3(10)
[2022-04-18T09:13:30.066+0000][8][gc,heap     ] GC(5) Old regions: 2->2
[2022-04-18T09:13:30.066+0000][8][gc,heap     ] GC(5) Archive regions: 2->2
[2022-04-18T09:13:30.067+0000][8][gc,heap     ] GC(5) Humongous regions: 0->0
[2022-04-18T09:13:30.068+0000][8][gc,metaspace] GC(5) Metaspace: 19488K(19904K)->19488K(19904K) NonClass: 17138K(17408K)->17138K(17408K) Class: 2350K(2496K)->2350K(2496K)
[2022-04-18T09:13:30.069+0000][8][gc          ] GC(5) Pause Young (Normal) (G1 Evacuation Pause) 309M->19M(512M) 27.748ms
[2022-04-18T09:13:30.069+0000][8][gc,cpu      ] GC(5) User=0.03s Sys=0.00s Real=0.03s
[2022-04-18T09:13:30.071+0000][8][safepoint   ] Safepoint "G1CollectForAllocation", Time since last: 345140167 ns, Reaching safepoint: 115917 ns, At safepoint: 30566625 ns, Total: 30682542 ns
[2022-04-18T09:13:30.263+0000][8][gc,start    ] GC(6) Pause Young (Normal) (G1 Evacuation Pause)
[2022-04-18T09:13:30.264+0000][8][gc,task     ] GC(6) Using 5 workers of 5 for evacuation
[2022-04-18T09:13:30.265+0000][8][gc,age      ] GC(6) Desired survivor size 20971520 bytes, new threshold 15 (max threshold 15)
[2022-04-18T09:13:30.271+0000][8][gc,age      ] GC(6) Age table with threshold 15 (max threshold 15)
[2022-04-18T09:13:30.272+0000][8][gc,age      ] GC(6) - age   1:    1120312 bytes,    1120312 total
[2022-04-18T09:13:30.272+0000][8][gc,age      ] GC(6) - age   2:    2596256 bytes,    3716568 total
[2022-04-18T09:13:30.273+0000][8][gc,age      ] GC(6) - age   3:    3870016 bytes,    7586584 total
[2022-04-18T09:13:30.274+0000][8][gc,age      ] GC(6) - age   4:    2193864 bytes,    9780448 total
[2022-04-18T09:13:30.275+0000][8][gc,age      ] GC(6) - age   5:     937040 bytes,   10717488 total
[2022-04-18T09:13:30.275+0000][8][gc,age      ] GC(6) - age   6:    1637024 bytes,   12354512 total
[2022-04-18T09:13:30.276+0000][8][gc,phases   ] GC(6)   Pre Evacuate Collection Set: 0.2ms
[2022-04-18T09:13:30.277+0000][8][gc,phases   ] GC(6)   Merge Heap Roots: 0.1ms
[2022-04-18T09:13:30.278+0000][8][gc,phases   ] GC(6)   Evacuate Collection Set: 4.3ms
[2022-04-18T09:13:30.279+0000][8][gc,phases   ] GC(6)   Post Evacuate Collection Set: 0.6ms
[2022-04-18T09:13:30.279+0000][8][gc,phases   ] GC(6)   Other: 8.2ms
[2022-04-18T09:13:30.280+0000][8][gc,heap     ] GC(6) Eden regions: 73->0(72)
[2022-04-18T09:13:30.281+0000][8][gc,heap     ] GC(6) Survivor regions: 3->4(10)
[2022-04-18T09:13:30.282+0000][8][gc,heap     ] GC(6) Old regions: 2->2
[2022-04-18T09:13:30.282+0000][8][gc,heap     ] GC(6) Archive regions: 2->2
[2022-04-18T09:13:30.283+0000][8][gc,heap     ] GC(6) Humongous regions: 0->0
[2022-04-18T09:13:30.283+0000][8][gc,metaspace] GC(6) Metaspace: 19878K(20288K)->19878K(20288K) NonClass: 17457K(17728K)->17457K(17728K) Class: 2421K(2560K)->2421K(2560K)
[2022-04-18T09:13:30.284+0000][8][gc          ] GC(6) Pause Young (Normal) (G1 Evacuation Pause) 311M->20M(512M) 21.004ms
[2022-04-18T09:13:30.284+0000][8][gc,cpu      ] GC(6) User=0.01s Sys=0.00s Real=0.02s
[2022-04-18T09:13:30.285+0000][8][safepoint   ] Safepoint "G1CollectForAllocation", Time since last: 191261542 ns, Reaching safepoint: 117916 ns, At safepoint: 22024334 ns, Total: 22142250 ns
[2022-04-18T09:13:30.446+0000][8][gc,start    ] GC(7) Pause Young (Concurrent Start) (Metadata GC Threshold)
[2022-04-18T09:13:30.447+0000][8][gc,task     ] GC(7) Using 5 workers of 5 for evacuation
[2022-04-18T09:13:30.448+0000][8][gc,age      ] GC(7) Desired survivor size 20971520 bytes, new threshold 15 (max threshold 15)
[2022-04-18T09:13:30.454+0000][8][gc,age      ] GC(7) Age table with threshold 15 (max threshold 15)
[2022-04-18T09:13:30.455+0000][8][gc,age      ] GC(7) - age   1:    2160072 bytes,    2160072 total
[2022-04-18T09:13:30.455+0000][8][gc,age      ] GC(7) - age   2:     571592 bytes,    2731664 total
[2022-04-18T09:13:30.456+0000][8][gc,age      ] GC(7) - age   3:    2595216 bytes,    5326880 total
[2022-04-18T09:13:30.457+0000][8][gc,age      ] GC(7) - age   4:    3869352 bytes,    9196232 total
[2022-04-18T09:13:30.459+0000][8][gc,age      ] GC(7) - age   5:    2193864 bytes,   11390096 total
[2022-04-18T09:13:30.460+0000][8][gc,age      ] GC(7) - age   6:     936208 bytes,   12326304 total
[2022-04-18T09:13:30.460+0000][8][gc,age      ] GC(7) - age   7:    1636800 bytes,   13963104 total
[2022-04-18T09:13:30.461+0000][8][gc,phases   ] GC(7)   Pre Evacuate Collection Set: 0.2ms
[2022-04-18T09:13:30.461+0000][8][gc,phases   ] GC(7)   Merge Heap Roots: 0.1ms
[2022-04-18T09:13:30.462+0000][8][gc,phases   ] GC(7)   Evacuate Collection Set: 4.0ms
[2022-04-18T09:13:30.463+0000][8][gc,phases   ] GC(7)   Post Evacuate Collection Set: 0.7ms
[2022-04-18T09:13:30.463+0000][8][gc,phases   ] GC(7)   Other: 10.1ms
[2022-04-18T09:13:30.464+0000][8][gc,heap     ] GC(7) Eden regions: 50->0(72)
[2022-04-18T09:13:30.464+0000][8][gc,heap     ] GC(7) Survivor regions: 4->4(10)
[2022-04-18T09:13:30.465+0000][8][gc,heap     ] GC(7) Old regions: 2->2
[2022-04-18T09:13:30.466+0000][8][gc,heap     ] GC(7) Archive regions: 2->2
[2022-04-18T09:13:30.466+0000][8][gc,heap     ] GC(7) Humongous regions: 0->0
[2022-04-18T09:13:30.466+0000][8][gc,metaspace] GC(7) Metaspace: 20887K(21248K)->20887K(21248K) NonClass: 18335K(18560K)->18335K(18560K) Class: 2551K(2688K)->2551K(2688K)
[2022-04-18T09:13:30.467+0000][8][gc          ] GC(7) Pause Young (Concurrent Start) (Metadata GC Threshold) 218M->22M(512M) 21.553ms
[2022-04-18T09:13:30.468+0000][8][gc,cpu      ] GC(7) User=0.01s Sys=0.00s Real=0.03s
[2022-04-18T09:13:30.469+0000][8][gc          ] GC(8) Concurrent Mark Cycle
[2022-04-18T09:13:30.469+0000][8][gc,marking  ] GC(8) Concurrent Clear Claimed Marks
[2022-04-18T09:13:30.470+0000][8][gc,marking  ] GC(8) Concurrent Clear Claimed Marks 0.581ms
[2022-04-18T09:13:30.471+0000][8][gc,marking  ] GC(8) Concurrent Scan Root Regions
[2022-04-18T09:13:30.469+0000][8][safepoint   ] Safepoint "CollectForMetadataAllocation", Time since last: 160905625 ns, Reaching safepoint: 84583 ns, At safepoint: 23254292 ns, Total: 23338875 ns
[2022-04-18T09:13:30.474+0000][8][gc,marking  ] GC(8) Concurrent Scan Root Regions 3.813ms
[2022-04-18T09:13:30.475+0000][8][gc,marking  ] GC(8) Concurrent Mark
[2022-04-18T09:13:30.476+0000][8][gc,marking  ] GC(8) Concurrent Mark From Roots
[2022-04-18T09:13:30.476+0000][8][gc,task     ] GC(8) Using 1 workers of 1 for marking
[2022-04-18T09:13:30.480+0000][8][gc,marking  ] GC(8) Concurrent Mark From Roots 4.050ms
[2022-04-18T09:13:30.480+0000][8][gc,marking  ] GC(8) Concurrent Preclean
[2022-04-18T09:13:30.482+0000][8][gc,marking  ] GC(8) Concurrent Preclean 1.100ms
[2022-04-18T09:13:30.483+0000][8][gc,start    ] GC(8) Pause Remark
[2022-04-18T09:13:30.486+0000][8][gc          ] GC(8) Pause Remark 40M->40M(512M) 2.963ms
[2022-04-18T09:13:30.487+0000][8][gc,cpu      ] GC(8) User=0.01s Sys=0.00s Real=0.01s
[2022-04-18T09:13:30.488+0000][8][safepoint   ] Safepoint "G1Concurrent", Time since last: 13750958 ns, Reaching safepoint: 203958 ns, At safepoint: 4670292 ns, Total: 4874250 ns
[2022-04-18T09:13:30.489+0000][8][gc,marking  ] GC(8) Concurrent Mark 13.370ms
[2022-04-18T09:13:30.489+0000][8][gc,marking  ] GC(8) Concurrent Rebuild Remembered Sets
[2022-04-18T09:13:30.491+0000][8][gc,marking  ] GC(8) Concurrent Rebuild Remembered Sets 2.106ms
[2022-04-18T09:13:30.493+0000][8][gc,start    ] GC(8) Pause Cleanup
[2022-04-18T09:13:30.494+0000][8][gc          ] GC(8) Pause Cleanup 48M->48M(512M) 0.762ms
[2022-04-18T09:13:30.494+0000][8][gc,cpu      ] GC(8) User=0.00s Sys=0.00s Real=0.00s
[2022-04-18T09:13:30.495+0000][8][safepoint   ] Safepoint "G1Concurrent", Time since last: 4944875 ns, Reaching safepoint: 239083 ns, At safepoint: 1856584 ns, Total: 2095667 ns
[2022-04-18T09:13:30.495+0000][8][gc,marking  ] GC(8) Concurrent Cleanup for Next Mark
[2022-04-18T09:13:30.496+0000][8][gc,marking  ] GC(8) Concurrent Cleanup for Next Mark 0.626ms
[2022-04-18T09:13:30.496+0000][8][gc          ] GC(8) Concurrent Mark Cycle 27.419ms
[2022-04-18T09:13:30.649+0000][8][gc,start    ] GC(9) Pause Young (Normal) (G1 Evacuation Pause)
[2022-04-18T09:13:30.651+0000][8][gc,task     ] GC(9) Using 5 workers of 5 for evacuation
[2022-04-18T09:13:30.652+0000][8][gc,age      ] GC(9) Desired survivor size 20971520 bytes, new threshold 15 (max threshold 15)
[2022-04-18T09:13:30.659+0000][8][gc,age      ] GC(9) Age table with threshold 15 (max threshold 15)
[2022-04-18T09:13:30.659+0000][8][gc,age      ] GC(9) - age   1:    2037296 bytes,    2037296 total
[2022-04-18T09:13:30.661+0000][8][gc,age      ] GC(9) - age   2:    2139112 bytes,    4176408 total
[2022-04-18T09:13:30.662+0000][8][gc,age      ] GC(9) - age   3:     571104 bytes,    4747512 total
[2022-04-18T09:13:30.662+0000][8][gc,age      ] GC(9) - age   4:    2594944 bytes,    7342456 total
[2022-04-18T09:13:30.663+0000][8][gc,age      ] GC(9) - age   5:    3869256 bytes,   11211712 total
[2022-04-18T09:13:30.664+0000][8][gc,age      ] GC(9) - age   6:    2193832 bytes,   13405544 total
[2022-04-18T09:13:30.665+0000][8][gc,age      ] GC(9) - age   7:     935664 bytes,   14341208 total
[2022-04-18T09:13:30.666+0000][8][gc,age      ] GC(9) - age   8:    1635008 bytes,   15976216 total
[2022-04-18T09:13:30.666+0000][8][gc,phases   ] GC(9)   Pre Evacuate Collection Set: 0.1ms
[2022-04-18T09:13:30.667+0000][8][gc,phases   ] GC(9)   Merge Heap Roots: 0.1ms
[2022-04-18T09:13:30.668+0000][8][gc,phases   ] GC(9)   Evacuate Collection Set: 4.5ms
[2022-04-18T09:13:30.669+0000][8][gc,phases   ] GC(9)   Post Evacuate Collection Set: 0.7ms
[2022-04-18T09:13:30.669+0000][8][gc,phases   ] GC(9)   Other: 11.6ms
[2022-04-18T09:13:30.670+0000][8][gc,heap     ] GC(9) Eden regions: 72->0(72)
[2022-04-18T09:13:30.671+0000][8][gc,heap     ] GC(9) Survivor regions: 4->4(10)
[2022-04-18T09:13:30.671+0000][8][gc,heap     ] GC(9) Old regions: 2->2
[2022-04-18T09:13:30.672+0000][8][gc,heap     ] GC(9) Archive regions: 2->2
[2022-04-18T09:13:30.673+0000][8][gc,heap     ] GC(9) Humongous regions: 0->0
[2022-04-18T09:13:30.674+0000][8][gc,metaspace] GC(9) Metaspace: 21032K(21504K)->21032K(21504K) NonClass: 18457K(18752K)->18457K(18752K) Class: 2575K(2752K)->2575K(2752K)
[2022-04-18T09:13:30.674+0000][8][gc          ] GC(9) Pause Young (Normal) (G1 Evacuation Pause) 310M->24M(512M) 25.013ms
[2022-04-18T09:13:30.676+0000][8][gc,cpu      ] GC(9) User=0.01s Sys=0.00s Real=0.02s
[2022-04-18T09:13:30.677+0000][8][safepoint   ] Safepoint "G1CollectForAllocation", Time since last: 154694125 ns, Reaching safepoint: 78458 ns, At safepoint: 27315334 ns, Total: 27393792 ns
[2022-04-18T09:13:30.770+0000][8][safepoint   ] Safepoint "ICBufferFull", Time since last: 93371291 ns, Reaching safepoint: 100959 ns, At safepoint: 118625 ns, Total: 219584 ns
[2022-04-18T09:13:30.902+0000][8][safepoint   ] Safepoint "ICBufferFull", Time since last: 131450375 ns, Reaching safepoint: 114875 ns, At safepoint: 10416 ns, Total: 125291 ns
[2022-04-18T09:13:31.038+0000][8][safepoint   ] Safepoint "ICBufferFull", Time since last: 135798084 ns, Reaching safepoint: 140375 ns, At safepoint: 9125 ns, Total: 149500 ns
[2022-04-18T09:13:31.256+0000][8][safepoint   ] Safepoint "ICBufferFull", Time since last: 217571166 ns, Reaching safepoint: 155042 ns, At safepoint: 9333 ns, Total: 164375 ns
[2022-04-18T09:13:31.347+0000][8][safepoint   ] Safepoint "ICBufferFull", Time since last: 91608209 ns, Reaching safepoint: 285375 ns, At safepoint: 9083 ns, Total: 294458 ns
[2022-04-18T09:13:31.708+0000][8][gc,start    ] GC(10) Pause Young (Normal) (G1 Evacuation Pause)
[2022-04-18T09:13:31.709+0000][8][gc,task     ] GC(10) Using 5 workers of 5 for evacuation
[2022-04-18T09:13:31.710+0000][8][gc,age      ] GC(10) Desired survivor size 20971520 bytes, new threshold 15 (max threshold 15)
[2022-04-18T09:13:31.731+0000][8][gc,age      ] GC(10) Age table with threshold 15 (max threshold 15)
[2022-04-18T09:13:31.733+0000][8][gc,age      ] GC(10) - age   1:   25458712 bytes,   25458712 total
[2022-04-18T09:13:31.733+0000][8][gc,age      ] GC(10) - age   2:     599248 bytes,   26057960 total
[2022-04-18T09:13:31.734+0000][8][gc,age      ] GC(10) - age   3:    2112648 bytes,   28170608 total
[2022-04-18T09:13:31.735+0000][8][gc,age      ] GC(10) - age   4:     556192 bytes,   28726800 total
[2022-04-18T09:13:31.737+0000][8][gc,age      ] GC(10) - age   5:    2577096 bytes,   31303896 total
[2022-04-18T09:13:31.738+0000][8][gc,age      ] GC(10) - age   6:    3846264 bytes,   35150160 total
[2022-04-18T09:13:31.738+0000][8][gc,age      ] GC(10) - age   7:    2146928 bytes,   37297088 total
[2022-04-18T09:13:31.739+0000][8][gc,age      ] GC(10) - age   8:     913464 bytes,   38210552 total
[2022-04-18T09:13:31.740+0000][8][gc,age      ] GC(10) - age   9:    1627568 bytes,   39838120 total
[2022-04-18T09:13:31.741+0000][8][gc,phases   ] GC(10)   Pre Evacuate Collection Set: 0.0ms
[2022-04-18T09:13:31.742+0000][8][gc,phases   ] GC(10)   Merge Heap Roots: 0.1ms
[2022-04-18T09:13:31.743+0000][8][gc,phases   ] GC(10)   Evacuate Collection Set: 18.8ms
[2022-04-18T09:13:31.744+0000][8][gc,phases   ] GC(10)   Post Evacuate Collection Set: 1.3ms
[2022-04-18T09:13:31.744+0000][8][gc,phases   ] GC(10)   Other: 12.4ms
[2022-04-18T09:13:31.745+0000][8][gc,heap     ] GC(10) Eden regions: 72->0(66)
[2022-04-18T09:13:31.746+0000][8][gc,heap     ] GC(10) Survivor regions: 4->10(10)
[2022-04-18T09:13:31.746+0000][8][gc,heap     ] GC(10) Old regions: 2->2
[2022-04-18T09:13:31.747+0000][8][gc,heap     ] GC(10) Archive regions: 2->2
[2022-04-18T09:13:31.749+0000][8][gc,heap     ] GC(10) Humongous regions: 0->0
[2022-04-18T09:13:31.749+0000][8][gc,metaspace] GC(10) Metaspace: 30430K(31296K)->30430K(31296K) NonClass: 26644K(27136K)->26644K(27136K) Class: 3785K(4160K)->3785K(4160K)
[2022-04-18T09:13:31.750+0000][8][gc          ] GC(10) Pause Young (Normal) (G1 Evacuation Pause) 312M->47M(512M) 41.888ms
[2022-04-18T09:13:31.750+0000][8][gc,cpu      ] GC(10) User=0.06s Sys=0.00s Real=0.04s
[2022-04-18T09:13:31.751+0000][8][safepoint   ] Safepoint "G1CollectForAllocation", Time since last: 360435125 ns, Reaching safepoint: 104334 ns, At safepoint: 42949416 ns, Total: 43053750 ns
[2022-04-18T09:13:32.095+0000][8][gc,start    ] GC(11) Pause Young (Concurrent Start) (Metadata GC Threshold)
[2022-04-18T09:13:32.096+0000][8][gc,task     ] GC(11) Using 5 workers of 5 for evacuation
[2022-04-18T09:13:32.097+0000][8][gc,age      ] GC(11) Desired survivor size 20971520 bytes, new threshold 1 (max threshold 15)
[2022-04-18T09:13:32.125+0000][8][gc,age      ] GC(11) Age table with threshold 1 (max threshold 15)
[2022-04-18T09:13:32.126+0000][8][gc,age      ] GC(11) - age   1:   14107104 bytes,   14107104 total
[2022-04-18T09:13:32.127+0000][8][gc,phases   ] GC(11)   Pre Evacuate Collection Set: 0.3ms
[2022-04-18T09:13:32.128+0000][8][gc,phases   ] GC(11)   Merge Heap Roots: 0.1ms
[2022-04-18T09:13:32.128+0000][8][gc,phases   ] GC(11)   Evacuate Collection Set: 25.8ms
[2022-04-18T09:13:32.129+0000][8][gc,phases   ] GC(11)   Post Evacuate Collection Set: 1.0ms
[2022-04-18T09:13:32.130+0000][8][gc,phases   ] GC(11)   Other: 5.1ms
[2022-04-18T09:13:32.131+0000][8][gc,heap     ] GC(11) Eden regions: 26->0(71)
[2022-04-18T09:13:32.131+0000][8][gc,heap     ] GC(11) Survivor regions: 10->5(10)
[2022-04-18T09:13:32.132+0000][8][gc,heap     ] GC(11) Old regions: 2->11
[2022-04-18T09:13:32.133+0000][8][gc,heap     ] GC(11) Archive regions: 2->2
[2022-04-18T09:13:32.134+0000][8][gc,heap     ] GC(11) Humongous regions: 0->0
[2022-04-18T09:13:32.134+0000][8][gc,metaspace] GC(11) Metaspace: 34635K(35520K)->34635K(35520K) NonClass: 30196K(30720K)->30196K(30720K) Class: 4438K(4800K)->4438K(4800K)
[2022-04-18T09:13:32.135+0000][8][gc          ] GC(11) Pause Young (Concurrent Start) (Metadata GC Threshold) 149M->63M(512M) 40.461ms
[2022-04-18T09:13:32.136+0000][8][gc,cpu      ] GC(11) User=0.08s Sys=0.00s Real=0.04s
[2022-04-18T09:13:32.137+0000][8][gc          ] GC(12) Concurrent Mark Cycle
[2022-04-18T09:13:32.137+0000][8][gc,marking  ] GC(12) Concurrent Clear Claimed Marks
[2022-04-18T09:13:32.138+0000][8][gc,marking  ] GC(12) Concurrent Clear Claimed Marks 1.055ms
[2022-04-18T09:13:32.139+0000][8][gc,marking  ] GC(12) Concurrent Scan Root Regions
[2022-04-18T09:13:32.137+0000][8][safepoint   ] Safepoint "CollectForMetadataAllocation", Time since last: 343531376 ns, Reaching safepoint: 125166 ns, At safepoint: 42115292 ns, Total: 42240458 ns
[2022-04-18T09:13:32.155+0000][8][safepoint   ] Safepoint "CollectForMetadataAllocation", Time since last: 17932958 ns, Reaching safepoint: 133125 ns, At safepoint: 64834 ns, Total: 197959 ns
[2022-04-18T09:13:32.164+0000][8][gc,marking  ] GC(12) Concurrent Scan Root Regions 25.412ms
[2022-04-18T09:13:32.166+0000][8][gc,marking  ] GC(12) Concurrent Mark
[2022-04-18T09:13:32.167+0000][8][gc,marking  ] GC(12) Concurrent Mark From Roots
[2022-04-18T09:13:32.167+0000][8][gc,task     ] GC(12) Using 1 workers of 1 for marking
[2022-04-18T09:13:32.169+0000][8][safepoint   ] Safepoint "CollectForMetadataAllocation", Time since last: 14113708 ns, Reaching safepoint: 108625 ns, At safepoint: 56750 ns, Total: 165375 ns
[2022-04-18T09:13:32.172+0000][8][gc,marking  ] GC(12) Concurrent Mark From Roots 5.482ms
[2022-04-18T09:13:32.173+0000][8][gc,marking  ] GC(12) Concurrent Preclean
[2022-04-18T09:13:32.174+0000][8][gc,marking  ] GC(12) Concurrent Preclean 1.201ms
[2022-04-18T09:13:32.175+0000][8][gc,start    ] GC(12) Pause Remark
[2022-04-18T09:13:32.178+0000][8][gc          ] GC(12) Pause Remark 67M->67M(512M) 3.304ms
[2022-04-18T09:13:32.179+0000][8][gc,cpu      ] GC(12) User=0.01s Sys=0.00s Real=0.01s
[2022-04-18T09:13:32.180+0000][8][safepoint   ] Safepoint "G1Concurrent", Time since last: 5668333 ns, Reaching safepoint: 218084 ns, At safepoint: 4632833 ns, Total: 4850917 ns
[2022-04-18T09:13:32.181+0000][8][gc,marking  ] GC(12) Concurrent Mark 14.913ms
[2022-04-18T09:13:32.181+0000][8][gc,marking  ] GC(12) Concurrent Rebuild Remembered Sets
[2022-04-18T09:13:32.204+0000][8][gc,marking  ] GC(12) Concurrent Rebuild Remembered Sets 22.353ms
[2022-04-18T09:13:32.205+0000][8][gc,start    ] GC(12) Pause Cleanup
[2022-04-18T09:13:32.206+0000][8][gc          ] GC(12) Pause Cleanup 71M->71M(512M) 0.858ms
[2022-04-18T09:13:32.207+0000][8][gc,cpu      ] GC(12) User=0.00s Sys=0.00s Real=0.01s
[2022-04-18T09:13:32.208+0000][8][safepoint   ] Safepoint "G1Concurrent", Time since last: 25442917 ns, Reaching safepoint: 181083 ns, At safepoint: 2579042 ns, Total: 2760125 ns
[2022-04-18T09:13:32.208+0000][8][gc,marking  ] GC(12) Concurrent Cleanup for Next Mark
[2022-04-18T09:13:32.210+0000][8][gc,marking  ] GC(12) Concurrent Cleanup for Next Mark 1.292ms
[2022-04-18T09:13:32.211+0000][8][gc          ] GC(12) Concurrent Mark Cycle 74.011ms
[2022-04-18T09:13:32.411+0000][8][safepoint   ] Safepoint "ICBufferFull", Time since last: 203152375 ns, Reaching safepoint: 211541 ns, At safepoint: 2709 ns, Total: 214250 ns
[2022-04-18T09:13:32.739+0000][8][safepoint   ] Safepoint "ICBufferFull", Time since last: 327524208 ns, Reaching safepoint: 139958 ns, At safepoint: 18167 ns, Total: 158125 ns
[2022-04-18T09:13:32.923+0000][8][gc,start    ] GC(13) Pause Young (Concurrent Start) (G1 Evacuation Pause)
[2022-04-18T09:13:32.924+0000][8][gc,task     ] GC(13) Using 5 workers of 5 for evacuation
[2022-04-18T09:13:32.925+0000][8][gc,age      ] GC(13) Desired survivor size 20971520 bytes, new threshold 15 (max threshold 15)
[2022-04-18T09:13:32.939+0000][8][gc,age      ] GC(13) Age table with threshold 15 (max threshold 15)
[2022-04-18T09:13:32.940+0000][8][gc,age      ] GC(13) - age   1:    6210592 bytes,    6210592 total
[2022-04-18T09:13:32.941+0000][8][gc,age      ] GC(13) - age   2:   14036296 bytes,   20246888 total
[2022-04-18T09:13:32.942+0000][8][gc,phases   ] GC(13)   Pre Evacuate Collection Set: 0.3ms
[2022-04-18T09:13:32.942+0000][8][gc,phases   ] GC(13)   Merge Heap Roots: 0.1ms
[2022-04-18T09:13:32.944+0000][8][gc,phases   ] GC(13)   Evacuate Collection Set: 10.9ms
[2022-04-18T09:13:32.944+0000][8][gc,phases   ] GC(13)   Post Evacuate Collection Set: 1.2ms
[2022-04-18T09:13:32.945+0000][8][gc,phases   ] GC(13)   Other: 6.1ms
[2022-04-18T09:13:32.946+0000][8][gc,heap     ] GC(13) Eden regions: 71->0(70)
[2022-04-18T09:13:32.947+0000][8][gc,heap     ] GC(13) Survivor regions: 5->6(10)
[2022-04-18T09:13:32.948+0000][8][gc,heap     ] GC(13) Old regions: 11->11
[2022-04-18T09:13:32.950+0000][8][gc,heap     ] GC(13) Archive regions: 2->2
[2022-04-18T09:13:32.951+0000][8][gc,heap     ] GC(13) Humongous regions: 0->0
[2022-04-18T09:13:32.951+0000][8][gc,metaspace] GC(13) Metaspace: 51650K(52736K)->51650K(52736K) NonClass: 44831K(45504K)->44831K(45504K) Class: 6818K(7232K)->6818K(7232K)
[2022-04-18T09:13:32.953+0000][8][gc          ] GC(13) Pause Young (Concurrent Start) (G1 Evacuation Pause) 347M->67M(512M) 30.095ms
[2022-04-18T09:13:32.954+0000][8][gc,cpu      ] GC(13) User=0.05s Sys=0.00s Real=0.03s
[2022-04-18T09:13:32.955+0000][8][safepoint   ] Safepoint "G1CollectForAllocation", Time since last: 183990209 ns, Reaching safepoint: 121125 ns, At safepoint: 31915083 ns, Total: 32036208 ns
[2022-04-18T09:13:32.955+0000][8][gc          ] GC(14) Concurrent Mark Cycle
[2022-04-18T09:13:32.959+0000][8][gc,marking  ] GC(14) Concurrent Clear Claimed Marks
[2022-04-18T09:13:32.960+0000][8][gc,marking  ] GC(14) Concurrent Clear Claimed Marks 0.976ms
[2022-04-18T09:13:32.961+0000][8][gc,marking  ] GC(14) Concurrent Scan Root Regions
[2022-04-18T09:13:32.973+0000][8][gc,marking  ] GC(14) Concurrent Scan Root Regions 12.270ms
[2022-04-18T09:13:32.975+0000][8][gc,marking  ] GC(14) Concurrent Mark
[2022-04-18T09:13:32.976+0000][8][gc,marking  ] GC(14) Concurrent Mark From Roots
[2022-04-18T09:13:32.977+0000][8][gc,task     ] GC(14) Using 1 workers of 1 for marking
[2022-04-18T09:13:33.016+0000][8][gc,marking  ] GC(14) Concurrent Mark From Roots 40.664ms
[2022-04-18T09:13:33.017+0000][8][gc,marking  ] GC(14) Concurrent Preclean
[2022-04-18T09:13:33.018+0000][8][gc,marking  ] GC(14) Concurrent Preclean 0.923ms
[2022-04-18T09:13:33.019+0000][8][gc,start    ] GC(14) Pause Remark
[2022-04-18T09:13:33.024+0000][8][gc          ] GC(14) Pause Remark 101M->101M(512M) 4.199ms
[2022-04-18T09:13:33.025+0000][8][gc,cpu      ] GC(14) User=0.01s Sys=0.01s Real=0.00s
[2022-04-18T09:13:33.026+0000][8][safepoint   ] Safepoint "G1Concurrent", Time since last: 64038417 ns, Reaching safepoint: 395875 ns, At safepoint: 6132166 ns, Total: 6528041 ns
[2022-04-18T09:13:33.026+0000][8][gc,marking  ] GC(14) Concurrent Mark 51.266ms
[2022-04-18T09:13:33.027+0000][8][gc,marking  ] GC(14) Concurrent Rebuild Remembered Sets
[2022-04-18T09:13:33.058+0000][8][gc,marking  ] GC(14) Concurrent Rebuild Remembered Sets 30.318ms
[2022-04-18T09:13:33.059+0000][8][gc,start    ] GC(14) Pause Cleanup
[2022-04-18T09:13:33.060+0000][8][gc          ] GC(14) Pause Cleanup 111M->111M(512M) 0.961ms
[2022-04-18T09:13:33.061+0000][8][gc,cpu      ] GC(14) User=0.00s Sys=0.00s Real=0.00s
[2022-04-18T09:13:33.062+0000][8][safepoint   ] Safepoint "G1Concurrent", Time since last: 33268459 ns, Reaching safepoint: 136875 ns, At safepoint: 3234791 ns, Total: 3371666 ns
[2022-04-18T09:13:33.064+0000][8][gc,marking  ] GC(14) Concurrent Cleanup for Next Mark
[2022-04-18T09:13:33.067+0000][8][gc,marking  ] GC(14) Concurrent Cleanup for Next Mark 3.142ms
[2022-04-18T09:13:33.068+0000][8][gc          ] GC(14) Concurrent Mark Cycle 112.867ms
[2022-04-18T09:13:33.207+0000][8][safepoint   ] Safepoint "ICBufferFull", Time since last: 144671667 ns, Reaching safepoint: 623333 ns, At safepoint: 9250 ns, Total: 632583 ns
[2022-04-18T09:13:33.413+0000][8][safepoint   ] Safepoint "ICBufferFull", Time since last: 204967042 ns, Reaching safepoint: 243583 ns, At safepoint: 15292 ns, Total: 258875 ns
[2022-04-18T09:13:33.838+0000][8][safepoint   ] Safepoint "ICBufferFull", Time since last: 425462459 ns, Reaching safepoint: 333083 ns, At safepoint: 2917 ns, Total: 336000 ns
[2022-04-18T09:13:33.907+0000][8][safepoint   ] Safepoint "ICBufferFull", Time since last: 68796958 ns, Reaching safepoint: 130042 ns, At safepoint: 2208 ns, Total: 132250 ns
[2022-04-18T09:13:34.082+0000][8][safepoint   ] Safepoint "ICBufferFull", Time since last: 174466000 ns, Reaching safepoint: 217833 ns, At safepoint: 19917 ns, Total: 237750 ns
[2022-04-18T09:13:34.287+0000][8][safepoint   ] Safepoint "ICBufferFull", Time since last: 204610042 ns, Reaching safepoint: 665208 ns, At safepoint: 4750 ns, Total: 669958 ns
[2022-04-18T09:13:34.399+0000][8][safepoint   ] Safepoint "ICBufferFull", Time since last: 111530209 ns, Reaching safepoint: 275625 ns, At safepoint: 143625 ns, Total: 419250 ns
[2022-04-18T09:13:34.740+0000][8][safepoint   ] Safepoint "ICBufferFull", Time since last: 340164625 ns, Reaching safepoint: 110416 ns, At safepoint: 1709 ns, Total: 112125 ns
[2022-04-18T09:13:34.947+0000][8][safepoint   ] Safepoint "ICBufferFull", Time since last: 207046583 ns, Reaching safepoint: 284792 ns, At safepoint: 16708 ns, Total: 301500 ns
[2022-04-18T09:13:34.959+0000][8][safepoint   ] Safepoint "ICBufferFull", Time since last: 11847917 ns, Reaching safepoint: 287917 ns, At safepoint: 28666 ns, Total: 316583 ns
[2022-04-18T09:13:35.025+0000][8][gc,start    ] GC(15) Pause Young (Concurrent Start) (Metadata GC Threshold)
[2022-04-18T09:13:35.027+0000][8][gc,task     ] GC(15) Using 5 workers of 5 for evacuation
[2022-04-18T09:13:35.029+0000][8][gc,age      ] GC(15) Desired survivor size 20971520 bytes, new threshold 15 (max threshold 15)
[2022-04-18T09:13:35.052+0000][8][gc,age      ] GC(15) Age table with threshold 15 (max threshold 15)
[2022-04-18T09:13:35.053+0000][8][gc,age      ] GC(15) - age   1:   14266528 bytes,   14266528 total
[2022-04-18T09:13:35.054+0000][8][gc,age      ] GC(15) - age   2:    5900040 bytes,   20166568 total
[2022-04-18T09:13:35.055+0000][8][gc,age      ] GC(15) - age   3:   14020320 bytes,   34186888 total
[2022-04-18T09:13:35.056+0000][8][gc,phases   ] GC(15)   Pre Evacuate Collection Set: 0.3ms
[2022-04-18T09:13:35.057+0000][8][gc,phases   ] GC(15)   Merge Heap Roots: 0.2ms
[2022-04-18T09:13:35.058+0000][8][gc,phases   ] GC(15)   Evacuate Collection Set: 19.2ms
[2022-04-18T09:13:35.059+0000][8][gc,phases   ] GC(15)   Post Evacuate Collection Set: 2.1ms
[2022-04-18T09:13:35.059+0000][8][gc,phases   ] GC(15)   Other: 9.0ms
[2022-04-18T09:13:35.060+0000][8][gc,heap     ] GC(15) Eden regions: 69->0(67)
[2022-04-18T09:13:35.061+0000][8][gc,heap     ] GC(15) Survivor regions: 6->9(10)
[2022-04-18T09:13:35.062+0000][8][gc,heap     ] GC(15) Old regions: 11->11
[2022-04-18T09:13:35.063+0000][8][gc,heap     ] GC(15) Archive regions: 2->2
[2022-04-18T09:13:35.064+0000][8][gc,heap     ] GC(15) Humongous regions: 0->0
[2022-04-18T09:13:35.065+0000][8][gc,metaspace] GC(15) Metaspace: 86619K(87936K)->86619K(87936K) NonClass: 74802K(75584K)->74802K(75584K) Class: 11817K(12352K)->11817K(12352K)
[2022-04-18T09:13:35.066+0000][8][gc          ] GC(15) Pause Young (Concurrent Start) (Metadata GC Threshold) 341M->80M(512M) 40.966ms
[2022-04-18T09:13:35.067+0000][8][gc,cpu      ] GC(15) User=0.06s Sys=0.00s Real=0.05s
[2022-04-18T09:13:35.068+0000][8][safepoint   ] Safepoint "CollectForMetadataAllocation", Time since last: 65915417 ns, Reaching safepoint: 228042 ns, At safepoint: 42458916 ns, Total: 42686958 ns
[2022-04-18T09:13:35.068+0000][8][gc          ] GC(16) Concurrent Mark Cycle
[2022-04-18T09:13:35.073+0000][8][gc,marking  ] GC(16) Concurrent Clear Claimed Marks
[2022-04-18T09:13:35.075+0000][8][gc,marking  ] GC(16) Concurrent Clear Claimed Marks 1.440ms
[2022-04-18T09:13:35.076+0000][8][gc,marking  ] GC(16) Concurrent Scan Root Regions
[2022-04-18T09:13:35.086+0000][8][safepoint   ] Safepoint "CollectForMetadataAllocation", Time since last: 18376334 ns, Reaching safepoint: 45000 ns, At safepoint: 38000 ns, Total: 83000 ns
[2022-04-18T09:13:35.094+0000][8][gc,marking  ] GC(16) Concurrent Scan Root Regions 17.993ms
[2022-04-18T09:13:35.096+0000][8][gc,marking  ] GC(16) Concurrent Mark
[2022-04-18T09:13:35.096+0000][8][gc,marking  ] GC(16) Concurrent Mark From Roots
[2022-04-18T09:13:35.097+0000][8][gc,task     ] GC(16) Using 1 workers of 1 for marking
[2022-04-18T09:13:35.098+0000][8][safepoint   ] Safepoint "CollectForMetadataAllocation", Time since last: 11412416 ns, Reaching safepoint: 53917 ns, At safepoint: 32292 ns, Total: 86209 ns
[2022-04-18T09:13:35.132+0000][8][safepoint   ] Safepoint "CollectForMetadataAllocation", Time since last: 34220125 ns, Reaching safepoint: 154541 ns, At safepoint: 34959 ns, Total: 189500 ns
[2022-04-18T09:13:35.134+0000][8][gc,marking  ] GC(16) Concurrent Mark From Roots 37.796ms
[2022-04-18T09:13:35.135+0000][8][gc,marking  ] GC(16) Concurrent Preclean
[2022-04-18T09:13:35.137+0000][8][gc,marking  ] GC(16) Concurrent Preclean 1.167ms
[2022-04-18T09:13:35.138+0000][8][gc,start    ] GC(16) Pause Remark
[2022-04-18T09:13:35.142+0000][8][gc          ] GC(16) Pause Remark 87M->87M(512M) 4.084ms
[2022-04-18T09:13:35.143+0000][8][gc,cpu      ] GC(16) User=0.01s Sys=0.00s Real=0.00s
[2022-04-18T09:13:35.143+0000][8][safepoint   ] Safepoint "G1Concurrent", Time since last: 5365833 ns, Reaching safepoint: 63583 ns, At safepoint: 5955667 ns, Total: 6019250 ns
[2022-04-18T09:13:35.144+0000][8][gc,marking  ] GC(16) Concurrent Mark 48.651ms
[2022-04-18T09:13:35.145+0000][8][gc,marking  ] GC(16) Concurrent Rebuild Remembered Sets
[2022-04-18T09:13:35.172+0000][8][gc,marking  ] GC(16) Concurrent Rebuild Remembered Sets 26.830ms
[2022-04-18T09:13:35.175+0000][8][gc,start    ] GC(16) Pause Cleanup
[2022-04-18T09:13:35.175+0000][8][gc          ] GC(16) Pause Cleanup 88M->88M(512M) 0.737ms
[2022-04-18T09:13:35.176+0000][8][gc,cpu      ] GC(16) User=0.00s Sys=0.00s Real=0.00s
[2022-04-18T09:13:35.177+0000][8][safepoint   ] Safepoint "G1Concurrent", Time since last: 31084583 ns, Reaching safepoint: 122000 ns, At safepoint: 2704417 ns, Total: 2826417 ns
[2022-04-18T09:13:35.179+0000][8][gc,marking  ] GC(16) Concurrent Cleanup for Next Mark
[2022-04-18T09:13:35.180+0000][8][gc,marking  ] GC(16) Concurrent Cleanup for Next Mark 1.086ms
[2022-04-18T09:13:35.180+0000][8][gc          ] GC(16) Concurrent Mark Cycle 112.335ms
[2022-04-18T09:13:36.181+0000][8][safepoint   ] Safepoint "Cleanup", Time since last: 1003460167 ns, Reaching safepoint: 167708 ns, At safepoint: 4542 ns, Total: 172250 ns
[2022-04-18T09:13:39.189+0000][8][safepoint   ] Safepoint "Cleanup", Time since last: 3008208835 ns, Reaching safepoint: 129375 ns, At safepoint: 6292 ns, Total: 135667 ns
[2022-04-18T09:13:40.196+0000][8][safepoint   ] Safepoint "Cleanup", Time since last: 1006947958 ns, Reaching safepoint: 56834 ns, At safepoint: 1916 ns, Total: 58750 ns
[2022-04-18T09:13:43.204+0000][8][safepoint   ] Safepoint "Cleanup", Time since last: 3009002460 ns, Reaching safepoint: 54250 ns, At safepoint: 2292 ns, Total: 56542 ns
[2022-04-18T09:13:49.214+0000][8][safepoint   ] Safepoint "Cleanup", Time since last: 6009535252 ns, Reaching safepoint: 124625 ns, At safepoint: 4000 ns, Total: 128625 ns
[2022-04-18T09:13:51.222+0000][8][safepoint   ] Safepoint "Cleanup", Time since last: 2007775668 ns, Reaching safepoint: 62417 ns, At safepoint: 2083 ns, Total: 64500 ns
[2022-04-18T09:13:53.106+0000][8][safepoint   ] Safepoint "Cleanup", Time since last: 1883638376 ns, Reaching safepoint: 175708 ns, At safepoint: 3459 ns, Total: 179167 ns
[2022-04-18T09:14:03.128+0000][8][safepoint   ] Safepoint "Cleanup", Time since last: 10021431296 ns, Reaching safepoint: 342333 ns, At safepoint: 3334 ns, Total: 345667 ns
[2022-04-18T09:14:05.136+0000][8][safepoint   ] Safepoint "Cleanup", Time since last: 2007953501 ns, Reaching safepoint: 195666 ns, At safepoint: 4042 ns, Total: 199708 ns
[2022-04-18T09:14:06.138+0000][8][safepoint   ] Safepoint "Cleanup", Time since last: 1001701417 ns, Reaching safepoint: 125042 ns, At safepoint: 4250 ns, Total: 129292 ns
[2022-04-18T09:14:07.140+0000][8][safepoint   ] Safepoint "Cleanup", Time since last: 1002111917 ns, Reaching safepoint: 100792 ns, At safepoint: 4166 ns, Total: 104958 ns
[2022-04-18T09:14:11.149+0000][8][safepoint   ] Safepoint "Cleanup", Time since last: 4009435794 ns, Reaching safepoint: 114042 ns, At safepoint: 3708 ns, Total: 117750 ns
[2022-04-18T09:14:21.182+0000][8][safepoint   ] Safepoint "Cleanup", Time since last: 10033442671 ns, Reaching safepoint: 140833 ns, At safepoint: 4959 ns, Total: 145792 ns
[2022-04-18T09:14:28.189+0000][8][safepoint   ] Safepoint "Cleanup", Time since last: 7007280045 ns, Reaching safepoint: 85458 ns, At safepoint: 4042 ns, Total: 89500 ns
[2022-04-18T09:14:29.202+0000][8][safepoint   ] Safepoint "Cleanup", Time since last: 1012447750 ns, Reaching safepoint: 58917 ns, At safepoint: 1833 ns, Total: 60750 ns
[2022-04-18T09:14:31.209+0000][8][safepoint   ] Safepoint "Cleanup", Time since last: 2006801668 ns, Reaching safepoint: 57125 ns, At safepoint: 2041 ns, Total: 59166 ns
[2022-04-18T09:14:32.213+0000][8][safepoint   ] Safepoint "Cleanup", Time since last: 1003785251 ns, Reaching safepoint: 148917 ns, At safepoint: 6625 ns, Total: 155542 ns
[2022-04-18T09:14:33.217+0000][8][safepoint   ] Safepoint "Cleanup", Time since last: 1004196917 ns, Reaching safepoint: 114458 ns, At safepoint: 5958 ns, Total: 120416 ns
[2022-04-18T09:14:45.238+0000][8][safepoint   ] Safepoint "Cleanup", Time since last: 12021804381 ns, Reaching safepoint: 55750 ns, At safepoint: 2125 ns, Total: 57875 ns
[2022-04-18T09:14:52.258+0000][8][safepoint   ] Safepoint "Cleanup", Time since last: 7020398670 ns, Reaching safepoint: 197417 ns, At safepoint: 4666 ns, Total: 202083 ns
[2022-04-18T09:14:55.267+0000][8][safepoint   ] Safepoint "Cleanup", Time since last: 3008787710 ns, Reaching safepoint: 154708 ns, At safepoint: 3667 ns, Total: 158375 ns
[2022-04-18T09:15:03.287+0000][8][safepoint   ] Safepoint "Cleanup", Time since last: 8019266254 ns, Reaching safepoint: 110458 ns, At safepoint: 8958 ns, Total: 119416 ns
[2022-04-18T09:15:05.292+0000][8][safepoint   ] Safepoint "Cleanup", Time since last: 2005138835 ns, Reaching safepoint: 111083 ns, At safepoint: 25833 ns, Total: 136916 ns
[2022-04-18T09:15:10.298+0000][8][safepoint   ] Safepoint "Cleanup", Time since last: 5006099461 ns, Reaching safepoint: 80458 ns, At safepoint: 2875 ns, Total: 83333 ns
[2022-04-18T09:15:17.320+0000][8][safepoint   ] Safepoint "Cleanup", Time since last: 7022951420 ns, Reaching safepoint: 179042 ns, At safepoint: 5125 ns, Total: 184167 ns
[2022-04-18T09:15:18.325+0000][8][safepoint   ] Safepoint "Cleanup", Time since last: 1004147334 ns, Reaching safepoint: 99708 ns, At safepoint: 3333 ns, Total: 103041 ns
[2022-04-18T09:15:21.338+0000][8][safepoint   ] Safepoint "Cleanup", Time since last: 3013072752 ns, Reaching safepoint: 128416 ns, At safepoint: 63500 ns, Total: 191916 ns
[2022-04-18T09:15:25.356+0000][8][safepoint   ] Safepoint "Cleanup", Time since last: 4017641002 ns, Reaching safepoint: 181667 ns, At safepoint: 4667 ns, Total: 186334 ns
[2022-04-18T09:15:33.377+0000][8][safepoint   ] Safepoint "Cleanup", Time since last: 8021408003 ns, Reaching safepoint: 93709 ns, At safepoint: 3375 ns, Total: 97084 ns
[2022-04-18T09:15:35.392+0000][8][safepoint   ] Safepoint "Cleanup", Time since last: 2014114459 ns, Reaching safepoint: 198417 ns, At safepoint: 3625 ns, Total: 202042 ns
[2022-04-18T09:15:38.404+0000][8][safepoint   ] Safepoint "Cleanup", Time since last: 3012673835 ns, Reaching safepoint: 56375 ns, At safepoint: 1916 ns, Total: 58291 ns
[2022-04-18T09:15:41.418+0000][8][safepoint   ] Safepoint "Cleanup", Time since last: 3013470210 ns, Reaching safepoint: 87500 ns, At safepoint: 4333 ns, Total: 91833 ns
[2022-04-18T09:15:42.425+0000][8][safepoint   ] Safepoint "Cleanup", Time since last: 1007150376 ns, Reaching safepoint: 169333 ns, At safepoint: 8417 ns, Total: 177750 ns
[2022-04-18T09:15:47.443+0000][8][safepoint   ] Safepoint "Cleanup", Time since last: 5018857168 ns, Reaching safepoint: 119042 ns, At safepoint: 10916 ns, Total: 129958 ns
[2022-04-18T09:16:05.492+0000][8][safepoint   ] Safepoint "Cleanup", Time since last: 18048257467 ns, Reaching safepoint: 235292 ns, At safepoint: 4958 ns, Total: 240250 ns
[2022-04-18T09:16:12.498+0000][8][safepoint   ] Safepoint "Cleanup", Time since last: 7005870920 ns, Reaching safepoint: 82417 ns, At safepoint: 2041 ns, Total: 84458 ns
[2022-04-18T09:16:18.501+0000][8][safepoint   ] Safepoint "Cleanup", Time since last: 6004843794 ns, Reaching safepoint: 64125 ns, At safepoint: 2000 ns, Total: 66125 ns
[2022-04-18T09:16:33.513+0000][8][safepoint   ] Safepoint "Cleanup", Time since last: 15011906091 ns, Reaching safepoint: 61250 ns, At safepoint: 1958 ns, Total: 63208 ns
[2022-04-18T09:16:35.518+0000][8][safepoint   ] Safepoint "Cleanup", Time since last: 2004462959 ns, Reaching safepoint: 159500 ns, At safepoint: 9208 ns, Total: 168708 ns
[2022-04-18T09:16:37.521+0000][8][safepoint   ] Safepoint "Cleanup", Time since last: 2003122710 ns, Reaching safepoint: 402541 ns, At safepoint: 5000 ns, Total: 407541 ns
[2022-04-18T09:16:46.530+0000][8][safepoint   ] Safepoint "Cleanup", Time since last: 9009012463 ns, Reaching safepoint: 118750 ns, At safepoint: 11125 ns, Total: 129875 ns
[2022-04-18T09:17:46.644+0000][8][safepoint   ] Safepoint "Cleanup", Time since last: 60115836569 ns, Reaching safepoint: 96416 ns, At safepoint: 2209 ns, Total: 98625 ns
[2022-04-18T09:18:12.093+0000][8][gc,heap,exit] Heap
[2022-04-18T09:18:12.094+0000][8][gc,heap,exit]  garbage-first heap   total 524288K, used 128046K [0x00000000e0000000, 0x0000000100000000)
[2022-04-18T09:18:12.095+0000][8][gc,heap,exit]   region size 4096K, 21 young (86016K), 9 survivors (36864K)
[2022-04-18T09:18:12.095+0000][8][gc,heap,exit]  Metaspace       used 89819K, committed 91264K, reserved 1130496K
[2022-04-18T09:18:12.096+0000][8][gc,heap,exit]   class space    used 12258K, committed 12864K, reserved 1048576K
