[2022-04-18T23:50:39.108+0000][7][gc] Using G1
[2022-04-18T23:50:39.229+0000][7][gc,init] Version: 17.0.2+8 (release)
[2022-04-18T23:50:39.230+0000][7][gc,init] CPUs: 5 total, 5 available
[2022-04-18T23:50:39.231+0000][7][gc,init] Memory: 7851M
[2022-04-18T23:50:39.232+0000][7][gc,init] Large Page Support: Disabled
[2022-04-18T23:50:39.235+0000][7][gc,init] NUMA Support: Disabled
[2022-04-18T23:50:39.236+0000][7][gc,init] Compressed Oops: Enabled (32-bit)
[2022-04-18T23:50:39.237+0000][7][gc,init] Heap Region Size: 4M
[2022-04-18T23:50:39.238+0000][7][gc,init] Heap Min Capacity: 512M
[2022-04-18T23:50:39.239+0000][7][gc,init] Heap Initial Capacity: 512M
[2022-04-18T23:50:39.240+0000][7][gc,init] Heap Max Capacity: 512M
[2022-04-18T23:50:39.241+0000][7][gc,init] Pre-touch: Enabled
[2022-04-18T23:50:39.242+0000][7][gc,init] Parallel Workers: 5
[2022-04-18T23:50:39.244+0000][7][gc,init] Concurrent Workers: 1
[2022-04-18T23:50:39.246+0000][7][gc,init] Concurrent Refinement Workers: 5
[2022-04-18T23:50:39.247+0000][7][gc,init] Periodic GC: Disabled
[2022-04-18T23:50:39.248+0000][7][gc,metaspace] CDS archive(s) mapped at: [0x0000000800000000-0x0000000800bd2000-0x0000000800bd2000), size 12394496, SharedBaseAddress: 0x0000000800000000, ArchiveRelocationMode: 0.
[2022-04-18T23:50:39.250+0000][7][gc,metaspace] Compressed class space mapped at: 0x0000000800c00000-0x0000000840c00000, reserved size: 1073741824
[2022-04-18T23:50:39.251+0000][7][gc,metaspace] Narrow klass base: 0x0000000800000000, Narrow klass shift: 0, Narrow klass range: 0x100000000
[2022-04-18T23:50:39.577+0000][7][safepoint   ] Safepoint "ICBufferFull", Time since last: 314571333 ns, Reaching safepoint: 201459 ns, At safepoint: 2666 ns, Total: 204125 ns
[2022-04-18T23:50:39.749+0000][7][safepoint   ] Safepoint "ICBufferFull", Time since last: 172133876 ns, Reaching safepoint: 857000 ns, At safepoint: 3416 ns, Total: 860416 ns
[2022-04-18T23:50:39.926+0000][7][safepoint   ] Safepoint "ICBufferFull", Time since last: 175589709 ns, Reaching safepoint: 1138875 ns, At safepoint: 23583 ns, Total: 1162458 ns
[2022-04-18T23:50:39.991+0000][7][gc,start    ] GC(0) Pause Young (Normal) (G1 Evacuation Pause)
[2022-04-18T23:50:39.992+0000][7][gc,task     ] GC(0) Using 5 workers of 5 for evacuation
[2022-04-18T23:50:39.993+0000][7][gc,age      ] GC(0) Desired survivor size 2097152 bytes, new threshold 15 (max threshold 15)
[2022-04-18T23:50:39.997+0000][7][gc,age      ] GC(0) Age table with threshold 15 (max threshold 15)
[2022-04-18T23:50:39.998+0000][7][gc,age      ] GC(0) - age   1:    4137568 bytes,    4137568 total
[2022-04-18T23:50:39.999+0000][7][gc,phases   ] GC(0)   Pre Evacuate Collection Set: 0.1ms
[2022-04-18T23:50:40.000+0000][7][gc,phases   ] GC(0)   Merge Heap Roots: 0.0ms
[2022-04-18T23:50:40.001+0000][7][gc,phases   ] GC(0)   Evacuate Collection Set: 3.2ms
[2022-04-18T23:50:40.002+0000][7][gc,phases   ] GC(0)   Post Evacuate Collection Set: 0.5ms
[2022-04-18T23:50:40.003+0000][7][gc,phases   ] GC(0)   Other: 4.2ms
[2022-04-18T23:50:40.004+0000][7][gc,heap     ] GC(0) Eden regions: 6->0(5)
[2022-04-18T23:50:40.005+0000][7][gc,heap     ] GC(0) Survivor regions: 0->1(1)
[2022-04-18T23:50:40.006+0000][7][gc,heap     ] GC(0) Old regions: 0->1
[2022-04-18T23:50:40.007+0000][7][gc,heap     ] GC(0) Archive regions: 2->2
[2022-04-18T23:50:40.007+0000][7][gc,heap     ] GC(0) Humongous regions: 0->0
[2022-04-18T23:50:40.008+0000][7][gc,metaspace] GC(0) Metaspace: 8909K(9152K)->8909K(9152K) NonClass: 7844K(8000K)->7844K(8000K) Class: 1064K(1152K)->1064K(1152K)
[2022-04-18T23:50:40.009+0000][7][gc          ] GC(0) Pause Young (Normal) (G1 Evacuation Pause) 27M->8M(512M) 18.000ms
[2022-04-18T23:50:40.010+0000][7][gc,cpu      ] GC(0) User=0.02s Sys=0.00s Real=0.02s
[2022-04-18T23:50:40.011+0000][7][safepoint   ] Safepoint "G1CollectForAllocation", Time since last: 63962042 ns, Reaching safepoint: 688000 ns, At safepoint: 20066500 ns, Total: 20754500 ns
[2022-04-18T23:50:40.312+0000][7][safepoint   ] Safepoint "ICBufferFull", Time since last: 301135958 ns, Reaching safepoint: 105667 ns, At safepoint: 36083 ns, Total: 141750 ns
[2022-04-18T23:50:40.364+0000][7][gc,start    ] GC(1) Pause Young (Normal) (G1 Evacuation Pause)
[2022-04-18T23:50:40.364+0000][7][gc,task     ] GC(1) Using 5 workers of 5 for evacuation
[2022-04-18T23:50:40.366+0000][7][gc,age      ] GC(1) Desired survivor size 2097152 bytes, new threshold 1 (max threshold 15)
[2022-04-18T23:50:40.375+0000][7][gc,age      ] GC(1) Age table with threshold 1 (max threshold 15)
[2022-04-18T23:50:40.376+0000][7][gc,age      ] GC(1) - age   1:    1893272 bytes,    1893272 total
[2022-04-18T23:50:40.377+0000][7][gc,phases   ] GC(1)   Pre Evacuate Collection Set: 0.0ms
[2022-04-18T23:50:40.380+0000][7][gc,phases   ] GC(1)   Merge Heap Roots: 0.0ms
[2022-04-18T23:50:40.380+0000][7][gc,phases   ] GC(1)   Evacuate Collection Set: 6.5ms
[2022-04-18T23:50:40.381+0000][7][gc,phases   ] GC(1)   Post Evacuate Collection Set: 2.0ms
[2022-04-18T23:50:40.383+0000][7][gc,phases   ] GC(1)   Other: 5.0ms
[2022-04-18T23:50:40.384+0000][7][gc,heap     ] GC(1) Eden regions: 5->0(7)
[2022-04-18T23:50:40.385+0000][7][gc,heap     ] GC(1) Survivor regions: 1->1(1)
[2022-04-18T23:50:40.386+0000][7][gc,heap     ] GC(1) Old regions: 1->2
[2022-04-18T23:50:40.386+0000][7][gc,heap     ] GC(1) Archive regions: 2->2
[2022-04-18T23:50:40.387+0000][7][gc,heap     ] GC(1) Humongous regions: 0->0
[2022-04-18T23:50:40.388+0000][7][gc,metaspace] GC(1) Metaspace: 12253K(12544K)->12253K(12544K) NonClass: 10750K(10880K)->10750K(10880K) Class: 1502K(1664K)->1502K(1664K)
[2022-04-18T23:50:40.388+0000][7][gc          ] GC(1) Pause Young (Normal) (G1 Evacuation Pause) 28M->9M(512M) 24.625ms
[2022-04-18T23:50:40.389+0000][7][gc,cpu      ] GC(1) User=0.01s Sys=0.00s Real=0.03s
[2022-04-18T23:50:40.390+0000][7][safepoint   ] Safepoint "G1CollectForAllocation", Time since last: 51148958 ns, Reaching safepoint: 447250 ns, At safepoint: 26554876 ns, Total: 27002126 ns
[2022-04-18T23:50:40.919+0000][7][gc,start    ] GC(2) Pause Young (Normal) (G1 Evacuation Pause)
[2022-04-18T23:50:40.920+0000][7][gc,task     ] GC(2) Using 5 workers of 5 for evacuation
[2022-04-18T23:50:40.923+0000][7][gc,age      ] GC(2) Desired survivor size 2097152 bytes, new threshold 15 (max threshold 15)
[2022-04-18T23:50:40.932+0000][7][gc,age      ] GC(2) Age table with threshold 15 (max threshold 15)
[2022-04-18T23:50:40.934+0000][7][gc,age      ] GC(2) - age   1:     892016 bytes,     892016 total
[2022-04-18T23:50:40.935+0000][7][gc,age      ] GC(2) - age   2:    1877096 bytes,    2769112 total
[2022-04-18T23:50:40.936+0000][7][gc,phases   ] GC(2)   Pre Evacuate Collection Set: 0.0ms
[2022-04-18T23:50:40.937+0000][7][gc,phases   ] GC(2)   Merge Heap Roots: 0.1ms
[2022-04-18T23:50:40.937+0000][7][gc,phases   ] GC(2)   Evacuate Collection Set: 4.6ms
[2022-04-18T23:50:40.939+0000][7][gc,phases   ] GC(2)   Post Evacuate Collection Set: 2.4ms
[2022-04-18T23:50:40.940+0000][7][gc,phases   ] GC(2)   Other: 9.9ms
[2022-04-18T23:50:40.940+0000][7][gc,heap     ] GC(2) Eden regions: 7->0(26)
[2022-04-18T23:50:40.942+0000][7][gc,heap     ] GC(2) Survivor regions: 1->1(1)
[2022-04-18T23:50:40.943+0000][7][gc,heap     ] GC(2) Old regions: 2->2
[2022-04-18T23:50:40.944+0000][7][gc,heap     ] GC(2) Archive regions: 2->2
[2022-04-18T23:50:40.945+0000][7][gc,heap     ] GC(2) Humongous regions: 0->0
[2022-04-18T23:50:40.946+0000][7][gc,metaspace] GC(2) Metaspace: 14672K(14976K)->14672K(14976K) NonClass: 12922K(13056K)->12922K(13056K) Class: 1750K(1920K)->1750K(1920K)
[2022-04-18T23:50:40.947+0000][7][gc          ] GC(2) Pause Young (Normal) (G1 Evacuation Pause) 37M->11M(512M) 28.087ms
[2022-04-18T23:50:40.948+0000][7][gc,cpu      ] GC(2) User=0.01s Sys=0.00s Real=0.03s
[2022-04-18T23:50:40.949+0000][7][safepoint   ] Safepoint "G1CollectForAllocation", Time since last: 527653416 ns, Reaching safepoint: 891250 ns, At safepoint: 30016667 ns, Total: 30907917 ns
[2022-04-18T23:50:41.285+0000][7][safepoint   ] Safepoint "ICBufferFull", Time since last: 335954125 ns, Reaching safepoint: 115875 ns, At safepoint: 2292 ns, Total: 118167 ns
[2022-04-18T23:50:41.547+0000][7][safepoint   ] Safepoint "ICBufferFull", Time since last: 261857958 ns, Reaching safepoint: 191459 ns, At safepoint: 134583 ns, Total: 326042 ns
[2022-04-18T23:50:41.557+0000][7][safepoint   ] Safepoint "ICBufferFull", Time since last: 9938417 ns, Reaching safepoint: 40333 ns, At safepoint: 2042 ns, Total: 42375 ns
[2022-04-18T23:50:41.562+0000][7][safepoint   ] Safepoint "ICBufferFull", Time since last: 4159875 ns, Reaching safepoint: 953000 ns, At safepoint: 141375 ns, Total: 1094375 ns
[2022-04-18T23:50:41.567+0000][7][safepoint   ] Safepoint "ICBufferFull", Time since last: 4405250 ns, Reaching safepoint: 52666 ns, At safepoint: 2875 ns, Total: 55541 ns
[2022-04-18T23:50:41.570+0000][7][safepoint   ] Safepoint "ICBufferFull", Time since last: 3224584 ns, Reaching safepoint: 341083 ns, At safepoint: 2625 ns, Total: 343708 ns
[2022-04-18T23:50:41.573+0000][7][safepoint   ] Safepoint "ICBufferFull", Time since last: 2702625 ns, Reaching safepoint: 67750 ns, At safepoint: 3542 ns, Total: 71292 ns
[2022-04-18T23:50:41.577+0000][7][safepoint   ] Safepoint "ICBufferFull", Time since last: 3559541 ns, Reaching safepoint: 34334 ns, At safepoint: 2000 ns, Total: 36334 ns
[2022-04-18T23:50:41.579+0000][7][safepoint   ] Safepoint "ICBufferFull", Time since last: 1992666 ns, Reaching safepoint: 226750 ns, At safepoint: 16042 ns, Total: 242792 ns
[2022-04-18T23:50:41.582+0000][7][safepoint   ] Safepoint "ICBufferFull", Time since last: 2680917 ns, Reaching safepoint: 61916 ns, At safepoint: 2125 ns, Total: 64041 ns
[2022-04-18T23:50:41.592+0000][7][safepoint   ] Safepoint "ICBufferFull", Time since last: 10016792 ns, Reaching safepoint: 24958 ns, At safepoint: 2000 ns, Total: 26958 ns
[2022-04-18T23:50:41.594+0000][7][safepoint   ] Safepoint "ICBufferFull", Time since last: 2100000 ns, Reaching safepoint: 21417 ns, At safepoint: 1708 ns, Total: 23125 ns
[2022-04-18T23:50:41.657+0000][7][gc,start    ] GC(3) Pause Young (Normal) (G1 Evacuation Pause)
[2022-04-18T23:50:41.659+0000][7][gc,task     ] GC(3) Using 5 workers of 5 for evacuation
[2022-04-18T23:50:41.660+0000][7][gc,age      ] GC(3) Desired survivor size 8388608 bytes, new threshold 15 (max threshold 15)
[2022-04-18T23:50:41.670+0000][7][gc,age      ] GC(3) Age table with threshold 15 (max threshold 15)
[2022-04-18T23:50:41.671+0000][7][gc,age      ] GC(3) - age   1:    2608728 bytes,    2608728 total
[2022-04-18T23:50:41.673+0000][7][gc,age      ] GC(3) - age   2:     827312 bytes,    3436040 total
[2022-04-18T23:50:41.674+0000][7][gc,age      ] GC(3) - age   3:    1875456 bytes,    5311496 total
[2022-04-18T23:50:41.676+0000][7][gc,phases   ] GC(3)   Pre Evacuate Collection Set: 0.1ms
[2022-04-18T23:50:41.677+0000][7][gc,phases   ] GC(3)   Merge Heap Roots: 0.0ms
[2022-04-18T23:50:41.678+0000][7][gc,phases   ] GC(3)   Evacuate Collection Set: 7.5ms
[2022-04-18T23:50:41.679+0000][7][gc,phases   ] GC(3)   Post Evacuate Collection Set: 1.0ms
[2022-04-18T23:50:41.680+0000][7][gc,phases   ] GC(3)   Other: 10.7ms
[2022-04-18T23:50:41.681+0000][7][gc,heap     ] GC(3) Eden regions: 26->0(74)
[2022-04-18T23:50:41.683+0000][7][gc,heap     ] GC(3) Survivor regions: 1->2(4)
[2022-04-18T23:50:41.684+0000][7][gc,heap     ] GC(3) Old regions: 2->2
[2022-04-18T23:50:41.685+0000][7][gc,heap     ] GC(3) Archive regions: 2->2
[2022-04-18T23:50:41.686+0000][7][gc,heap     ] GC(3) Humongous regions: 0->0
[2022-04-18T23:50:41.687+0000][7][gc,metaspace] GC(3) Metaspace: 17128K(17408K)->17128K(17408K) NonClass: 15089K(15232K)->15089K(15232K) Class: 2039K(2176K)->2039K(2176K)
[2022-04-18T23:50:41.689+0000][7][gc          ] GC(3) Pause Young (Normal) (G1 Evacuation Pause) 115M->13M(512M) 32.151ms
[2022-04-18T23:50:41.690+0000][7][gc,cpu      ] GC(3) User=0.03s Sys=0.00s Real=0.04s
[2022-04-18T23:50:41.691+0000][7][safepoint   ] Safepoint "G1CollectForAllocation", Time since last: 62162250 ns, Reaching safepoint: 645375 ns, At safepoint: 34430459 ns, Total: 35075834 ns
[2022-04-18T23:50:41.831+0000][7][safepoint   ] Safepoint "ICBufferFull", Time since last: 139945125 ns, Reaching safepoint: 246542 ns, At safepoint: 7458 ns, Total: 254000 ns
[2022-04-18T23:50:42.265+0000][7][gc,start    ] GC(4) Pause Young (Normal) (G1 Evacuation Pause)
[2022-04-18T23:50:42.266+0000][7][gc,task     ] GC(4) Using 5 workers of 5 for evacuation
[2022-04-18T23:50:42.267+0000][7][gc,age      ] GC(4) Desired survivor size 20971520 bytes, new threshold 15 (max threshold 15)
[2022-04-18T23:50:42.273+0000][7][gc,age      ] GC(4) Age table with threshold 15 (max threshold 15)
[2022-04-18T23:50:42.274+0000][7][gc,age      ] GC(4) - age   1:    5997472 bytes,    5997472 total
[2022-04-18T23:50:42.275+0000][7][gc,age      ] GC(4) - age   2:    2315256 bytes,    8312728 total
[2022-04-18T23:50:42.276+0000][7][gc,age      ] GC(4) - age   3:     826984 bytes,    9139712 total
[2022-04-18T23:50:42.277+0000][7][gc,age      ] GC(4) - age   4:    1874640 bytes,   11014352 total
[2022-04-18T23:50:42.278+0000][7][gc,phases   ] GC(4)   Pre Evacuate Collection Set: 0.0ms
[2022-04-18T23:50:42.279+0000][7][gc,phases   ] GC(4)   Merge Heap Roots: 0.1ms
[2022-04-18T23:50:42.280+0000][7][gc,phases   ] GC(4)   Evacuate Collection Set: 4.8ms
[2022-04-18T23:50:42.280+0000][7][gc,phases   ] GC(4)   Post Evacuate Collection Set: 0.4ms
[2022-04-18T23:50:42.281+0000][7][gc,phases   ] GC(4)   Other: 7.6ms
[2022-04-18T23:50:42.282+0000][7][gc,heap     ] GC(4) Eden regions: 74->0(73)
[2022-04-18T23:50:42.282+0000][7][gc,heap     ] GC(4) Survivor regions: 2->3(10)
[2022-04-18T23:50:42.283+0000][7][gc,heap     ] GC(4) Old regions: 2->2
[2022-04-18T23:50:42.284+0000][7][gc,heap     ] GC(4) Archive regions: 2->2
[2022-04-18T23:50:42.285+0000][7][gc,heap     ] GC(4) Humongous regions: 0->0
[2022-04-18T23:50:42.285+0000][7][gc,metaspace] GC(4) Metaspace: 18749K(19072K)->18749K(19072K) NonClass: 16464K(16640K)->16464K(16640K) Class: 2284K(2432K)->2284K(2432K)
[2022-04-18T23:50:42.286+0000][7][gc          ] GC(4) Pause Young (Normal) (G1 Evacuation Pause) 309M->19M(512M) 21.171ms
[2022-04-18T23:50:42.287+0000][7][gc,cpu      ] GC(4) User=0.01s Sys=0.01s Real=0.02s
[2022-04-18T23:50:42.287+0000][7][safepoint   ] Safepoint "G1CollectForAllocation", Time since last: 433209292 ns, Reaching safepoint: 137833 ns, At safepoint: 22897333 ns, Total: 23035166 ns
[2022-04-18T23:50:42.522+0000][7][gc,start    ] GC(5) Pause Young (Normal) (G1 Evacuation Pause)
[2022-04-18T23:50:42.524+0000][7][gc,task     ] GC(5) Using 5 workers of 5 for evacuation
[2022-04-18T23:50:42.524+0000][7][gc,age      ] GC(5) Desired survivor size 20971520 bytes, new threshold 15 (max threshold 15)
[2022-04-18T23:50:42.530+0000][7][gc,age      ] GC(5) Age table with threshold 15 (max threshold 15)
[2022-04-18T23:50:42.531+0000][7][gc,age      ] GC(5) - age   1:    1961520 bytes,    1961520 total
[2022-04-18T23:50:42.532+0000][7][gc,age      ] GC(5) - age   2:    5114088 bytes,    7075608 total
[2022-04-18T23:50:42.533+0000][7][gc,age      ] GC(5) - age   3:    2314792 bytes,    9390400 total
[2022-04-18T23:50:42.534+0000][7][gc,age      ] GC(5) - age   4:     826712 bytes,   10217112 total
[2022-04-18T23:50:42.535+0000][7][gc,age      ] GC(5) - age   5:    1874576 bytes,   12091688 total
[2022-04-18T23:50:42.536+0000][7][gc,phases   ] GC(5)   Pre Evacuate Collection Set: 0.1ms
[2022-04-18T23:50:42.537+0000][7][gc,phases   ] GC(5)   Merge Heap Roots: 0.3ms
[2022-04-18T23:50:42.537+0000][7][gc,phases   ] GC(5)   Evacuate Collection Set: 4.3ms
[2022-04-18T23:50:42.538+0000][7][gc,phases   ] GC(5)   Post Evacuate Collection Set: 0.7ms
[2022-04-18T23:50:42.539+0000][7][gc,phases   ] GC(5)   Other: 8.2ms
[2022-04-18T23:50:42.539+0000][7][gc,heap     ] GC(5) Eden regions: 73->0(73)
[2022-04-18T23:50:42.540+0000][7][gc,heap     ] GC(5) Survivor regions: 3->3(10)
[2022-04-18T23:50:42.540+0000][7][gc,heap     ] GC(5) Old regions: 2->2
[2022-04-18T23:50:42.541+0000][7][gc,heap     ] GC(5) Archive regions: 2->2
[2022-04-18T23:50:42.542+0000][7][gc,heap     ] GC(5) Humongous regions: 0->0
[2022-04-18T23:50:42.542+0000][7][gc,metaspace] GC(5) Metaspace: 19706K(20160K)->19706K(20160K) NonClass: 17283K(17536K)->17283K(17536K) Class: 2423K(2624K)->2423K(2624K)
[2022-04-18T23:50:42.543+0000][7][gc          ] GC(5) Pause Young (Normal) (G1 Evacuation Pause) 311M->20M(512M) 21.349ms
[2022-04-18T23:50:42.544+0000][7][gc,cpu      ] GC(5) User=0.01s Sys=0.00s Real=0.02s
[2022-04-18T23:50:42.545+0000][7][safepoint   ] Safepoint "G1CollectForAllocation", Time since last: 234472376 ns, Reaching safepoint: 84333 ns, At safepoint: 22656875 ns, Total: 22741208 ns
[2022-04-18T23:50:42.792+0000][7][safepoint   ] Safepoint "ICBufferFull", Time since last: 247367750 ns, Reaching safepoint: 103542 ns, At safepoint: 2416 ns, Total: 105958 ns
[2022-04-18T23:50:42.806+0000][7][gc,start    ] GC(6) Pause Young (Normal) (G1 Evacuation Pause)
[2022-04-18T23:50:42.807+0000][7][gc,task     ] GC(6) Using 5 workers of 5 for evacuation
[2022-04-18T23:50:42.808+0000][7][gc,age      ] GC(6) Desired survivor size 20971520 bytes, new threshold 15 (max threshold 15)
[2022-04-18T23:50:42.814+0000][7][gc,age      ] GC(6) Age table with threshold 15 (max threshold 15)
[2022-04-18T23:50:42.815+0000][7][gc,age      ] GC(6) - age   1:    4223680 bytes,    4223680 total
[2022-04-18T23:50:42.816+0000][7][gc,age      ] GC(6) - age   2:    1331456 bytes,    5555136 total
[2022-04-18T23:50:42.817+0000][7][gc,age      ] GC(6) - age   3:    5108992 bytes,   10664128 total
[2022-04-18T23:50:42.817+0000][7][gc,age      ] GC(6) - age   4:    2313368 bytes,   12977496 total
[2022-04-18T23:50:42.818+0000][7][gc,age      ] GC(6) - age   5:     826032 bytes,   13803528 total
[2022-04-18T23:50:42.818+0000][7][gc,age      ] GC(6) - age   6:    1874272 bytes,   15677800 total
[2022-04-18T23:50:42.819+0000][7][gc,phases   ] GC(6)   Pre Evacuate Collection Set: 0.3ms
[2022-04-18T23:50:42.820+0000][7][gc,phases   ] GC(6)   Merge Heap Roots: 0.0ms
[2022-04-18T23:50:42.821+0000][7][gc,phases   ] GC(6)   Evacuate Collection Set: 4.9ms
[2022-04-18T23:50:42.822+0000][7][gc,phases   ] GC(6)   Post Evacuate Collection Set: 0.5ms
[2022-04-18T23:50:42.822+0000][7][gc,phases   ] GC(6)   Other: 7.8ms
[2022-04-18T23:50:42.823+0000][7][gc,heap     ] GC(6) Eden regions: 73->0(71)
[2022-04-18T23:50:42.823+0000][7][gc,heap     ] GC(6) Survivor regions: 3->5(10)
[2022-04-18T23:50:42.824+0000][7][gc,heap     ] GC(6) Old regions: 2->2
[2022-04-18T23:50:42.825+0000][7][gc,heap     ] GC(6) Archive regions: 2->2
[2022-04-18T23:50:42.826+0000][7][gc,heap     ] GC(6) Humongous regions: 0->0
[2022-04-18T23:50:42.826+0000][7][gc,metaspace] GC(6) Metaspace: 20874K(21440K)->20874K(21440K) NonClass: 18295K(18624K)->18295K(18624K) Class: 2579K(2816K)->2579K(2816K)
[2022-04-18T23:50:42.827+0000][7][gc          ] GC(6) Pause Young (Normal) (G1 Evacuation Pause) 312M->24M(512M) 20.898ms
[2022-04-18T23:50:42.827+0000][7][gc,cpu      ] GC(6) User=0.02s Sys=0.01s Real=0.03s
[2022-04-18T23:50:42.828+0000][7][safepoint   ] Safepoint "G1CollectForAllocation", Time since last: 13700542 ns, Reaching safepoint: 36708 ns, At safepoint: 22385334 ns, Total: 22422042 ns
[2022-04-18T23:50:42.951+0000][7][gc,start    ] GC(7) Pause Young (Concurrent Start) (Metadata GC Threshold)
[2022-04-18T23:50:42.952+0000][7][gc,task     ] GC(7) Using 5 workers of 5 for evacuation
[2022-04-18T23:50:42.953+0000][7][gc,age      ] GC(7) Desired survivor size 20971520 bytes, new threshold 15 (max threshold 15)
[2022-04-18T23:50:42.959+0000][7][gc,age      ] GC(7) Age table with threshold 15 (max threshold 15)
[2022-04-18T23:50:42.960+0000][7][gc,age      ] GC(7) - age   1:     518016 bytes,     518016 total
[2022-04-18T23:50:42.961+0000][7][gc,age      ] GC(7) - age   2:    2172040 bytes,    2690056 total
[2022-04-18T23:50:42.962+0000][7][gc,age      ] GC(7) - age   3:    1330912 bytes,    4020968 total
[2022-04-18T23:50:42.963+0000][7][gc,age      ] GC(7) - age   4:    5108720 bytes,    9129688 total
[2022-04-18T23:50:42.963+0000][7][gc,age      ] GC(7) - age   5:    2313288 bytes,   11442976 total
[2022-04-18T23:50:42.964+0000][7][gc,age      ] GC(7) - age   6:     826032 bytes,   12269008 total
[2022-04-18T23:50:42.965+0000][7][gc,age      ] GC(7) - age   7:    1874272 bytes,   14143280 total
[2022-04-18T23:50:42.967+0000][7][gc,phases   ] GC(7)   Pre Evacuate Collection Set: 0.3ms
[2022-04-18T23:50:42.968+0000][7][gc,phases   ] GC(7)   Merge Heap Roots: 0.2ms
[2022-04-18T23:50:42.969+0000][7][gc,phases   ] GC(7)   Evacuate Collection Set: 4.3ms
[2022-04-18T23:50:42.970+0000][7][gc,phases   ] GC(7)   Post Evacuate Collection Set: 0.5ms
[2022-04-18T23:50:42.971+0000][7][gc,phases   ] GC(7)   Other: 11.4ms
[2022-04-18T23:50:42.971+0000][7][gc,heap     ] GC(7) Eden regions: 42->0(72)
[2022-04-18T23:50:42.972+0000][7][gc,heap     ] GC(7) Survivor regions: 5->4(10)
[2022-04-18T23:50:42.972+0000][7][gc,heap     ] GC(7) Old regions: 2->2
[2022-04-18T23:50:42.974+0000][7][gc,heap     ] GC(7) Archive regions: 2->2
[2022-04-18T23:50:42.975+0000][7][gc,heap     ] GC(7) Humongous regions: 0->0
[2022-04-18T23:50:42.975+0000][7][gc,metaspace] GC(7) Metaspace: 20982K(21504K)->20982K(21504K) NonClass: 18383K(18688K)->18383K(18688K) Class: 2598K(2816K)->2598K(2816K)
[2022-04-18T23:50:42.976+0000][7][gc          ] GC(7) Pause Young (Concurrent Start) (Metadata GC Threshold) 190M->22M(512M) 25.569ms
[2022-04-18T23:50:42.977+0000][7][gc,cpu      ] GC(7) User=0.01s Sys=0.00s Real=0.02s
[2022-04-18T23:50:42.978+0000][7][gc          ] GC(8) Concurrent Mark Cycle
[2022-04-18T23:50:42.978+0000][7][gc,marking  ] GC(8) Concurrent Clear Claimed Marks
[2022-04-18T23:50:42.979+0000][7][gc,marking  ] GC(8) Concurrent Clear Claimed Marks 0.801ms
[2022-04-18T23:50:42.980+0000][7][gc,marking  ] GC(8) Concurrent Scan Root Regions
[2022-04-18T23:50:42.978+0000][7][safepoint   ] Safepoint "CollectForMetadataAllocation", Time since last: 122090000 ns, Reaching safepoint: 158000 ns, At safepoint: 27030791 ns, Total: 27188791 ns
[2022-04-18T23:50:42.986+0000][7][gc,marking  ] GC(8) Concurrent Scan Root Regions 5.692ms
[2022-04-18T23:50:42.987+0000][7][gc,marking  ] GC(8) Concurrent Mark
[2022-04-18T23:50:42.987+0000][7][gc,marking  ] GC(8) Concurrent Mark From Roots
[2022-04-18T23:50:42.989+0000][7][gc,task     ] GC(8) Using 1 workers of 1 for marking
[2022-04-18T23:50:42.993+0000][7][gc,marking  ] GC(8) Concurrent Mark From Roots 5.412ms
[2022-04-18T23:50:42.994+0000][7][gc,marking  ] GC(8) Concurrent Preclean
[2022-04-18T23:50:42.995+0000][7][gc,marking  ] GC(8) Concurrent Preclean 0.911ms
[2022-04-18T23:50:42.996+0000][7][gc,start    ] GC(8) Pause Remark
[2022-04-18T23:50:43.000+0000][7][gc          ] GC(8) Pause Remark 24M->24M(512M) 4.067ms
[2022-04-18T23:50:43.001+0000][7][gc,cpu      ] GC(8) User=0.01s Sys=0.01s Real=0.01s
[2022-04-18T23:50:43.002+0000][7][safepoint   ] Safepoint "G1Concurrent", Time since last: 18045250 ns, Reaching safepoint: 121000 ns, At safepoint: 6145209 ns, Total: 6266209 ns
[2022-04-18T23:50:43.003+0000][7][gc,marking  ] GC(8) Concurrent Mark 16.234ms
[2022-04-18T23:50:43.004+0000][7][gc,marking  ] GC(8) Concurrent Rebuild Remembered Sets
[2022-04-18T23:50:43.007+0000][7][gc,marking  ] GC(8) Concurrent Rebuild Remembered Sets 2.827ms
[2022-04-18T23:50:43.008+0000][7][gc,start    ] GC(8) Pause Cleanup
[2022-04-18T23:50:43.009+0000][7][gc          ] GC(8) Pause Cleanup 28M->28M(512M) 0.904ms
[2022-04-18T23:50:43.010+0000][7][gc,cpu      ] GC(8) User=0.00s Sys=0.00s Real=0.00s
[2022-04-18T23:50:43.010+0000][7][safepoint   ] Safepoint "G1Concurrent", Time since last: 5760875 ns, Reaching safepoint: 232500 ns, At safepoint: 2139750 ns, Total: 2372250 ns
[2022-04-18T23:50:43.011+0000][7][gc,marking  ] GC(8) Concurrent Cleanup for Next Mark
[2022-04-18T23:50:43.012+0000][7][gc,marking  ] GC(8) Concurrent Cleanup for Next Mark 1.084ms
[2022-04-18T23:50:43.013+0000][7][gc          ] GC(8) Concurrent Mark Cycle 34.976ms
[2022-04-18T23:50:43.280+0000][7][safepoint   ] Safepoint "ICBufferFull", Time since last: 270263958 ns, Reaching safepoint: 240500 ns, At safepoint: 3542 ns, Total: 244042 ns
[2022-04-18T23:50:43.362+0000][7][safepoint   ] Safepoint "ICBufferFull", Time since last: 81564250 ns, Reaching safepoint: 97750 ns, At safepoint: 8042 ns, Total: 105792 ns
[2022-04-18T23:50:43.366+0000][7][safepoint   ] Safepoint "ICBufferFull", Time since last: 3875083 ns, Reaching safepoint: 60125 ns, At safepoint: 1542 ns, Total: 61667 ns
[2022-04-18T23:50:43.368+0000][7][safepoint   ] Safepoint "ICBufferFull", Time since last: 1663750 ns, Reaching safepoint: 216166 ns, At safepoint: 2792 ns, Total: 218958 ns
[2022-04-18T23:50:43.369+0000][7][safepoint   ] Safepoint "ICBufferFull", Time since last: 933333 ns, Reaching safepoint: 121334 ns, At safepoint: 3500 ns, Total: 124834 ns
[2022-04-18T23:50:43.370+0000][7][safepoint   ] Safepoint "ICBufferFull", Time since last: 757916 ns, Reaching safepoint: 32917 ns, At safepoint: 1667 ns, Total: 34584 ns
[2022-04-18T23:50:43.371+0000][7][safepoint   ] Safepoint "ICBufferFull", Time since last: 1071000 ns, Reaching safepoint: 15750 ns, At safepoint: 1125 ns, Total: 16875 ns
[2022-04-18T23:50:43.372+0000][7][safepoint   ] Safepoint "ICBufferFull", Time since last: 943708 ns, Reaching safepoint: 24417 ns, At safepoint: 1125 ns, Total: 25542 ns
[2022-04-18T23:50:43.382+0000][7][safepoint   ] Safepoint "ICBufferFull", Time since last: 9611166 ns, Reaching safepoint: 68167 ns, At safepoint: 12583 ns, Total: 80750 ns
[2022-04-18T23:50:43.383+0000][7][safepoint   ] Safepoint "ICBufferFull", Time since last: 1041667 ns, Reaching safepoint: 24750 ns, At safepoint: 1333 ns, Total: 26083 ns
[2022-04-18T23:50:43.384+0000][7][safepoint   ] Safepoint "ICBufferFull", Time since last: 832584 ns, Reaching safepoint: 64083 ns, At safepoint: 2083 ns, Total: 66166 ns
[2022-04-18T23:50:43.385+0000][7][safepoint   ] Safepoint "ICBufferFull", Time since last: 1096834 ns, Reaching safepoint: 119833 ns, At safepoint: 1583 ns, Total: 121416 ns
[2022-04-18T23:50:43.397+0000][7][safepoint   ] Safepoint "ICBufferFull", Time since last: 12234750 ns, Reaching safepoint: 87250 ns, At safepoint: 14792 ns, Total: 102042 ns
[2022-04-18T23:50:43.402+0000][7][safepoint   ] Safepoint "ICBufferFull", Time since last: 4432375 ns, Reaching safepoint: 112708 ns, At safepoint: 3209 ns, Total: 115917 ns
[2022-04-18T23:50:43.405+0000][7][safepoint   ] Safepoint "ICBufferFull", Time since last: 3113833 ns, Reaching safepoint: 160083 ns, At safepoint: 7042 ns, Total: 167125 ns
[2022-04-18T23:50:43.407+0000][7][safepoint   ] Safepoint "ICBufferFull", Time since last: 1621833 ns, Reaching safepoint: 87417 ns, At safepoint: 2625 ns, Total: 90042 ns
[2022-04-18T23:50:43.411+0000][7][safepoint   ] Safepoint "ICBufferFull", Time since last: 4490000 ns, Reaching safepoint: 111708 ns, At safepoint: 10917 ns, Total: 122625 ns
[2022-04-18T23:50:43.417+0000][7][safepoint   ] Safepoint "ICBufferFull", Time since last: 5768292 ns, Reaching safepoint: 21666 ns, At safepoint: 6292 ns, Total: 27958 ns
[2022-04-18T23:50:43.448+0000][7][safepoint   ] Safepoint "ICBufferFull", Time since last: 30536792 ns, Reaching safepoint: 90125 ns, At safepoint: 1666 ns, Total: 91791 ns
[2022-04-18T23:50:43.455+0000][7][safepoint   ] Safepoint "ICBufferFull", Time since last: 7460834 ns, Reaching safepoint: 40958 ns, At safepoint: 1458 ns, Total: 42416 ns
[2022-04-18T23:50:43.457+0000][7][safepoint   ] Safepoint "ICBufferFull", Time since last: 1329459 ns, Reaching safepoint: 37916 ns, At safepoint: 1209 ns, Total: 39125 ns
[2022-04-18T23:50:43.458+0000][7][safepoint   ] Safepoint "ICBufferFull", Time since last: 1044875 ns, Reaching safepoint: 18291 ns, At safepoint: 1084 ns, Total: 19375 ns
[2022-04-18T23:50:43.459+0000][7][safepoint   ] Safepoint "ICBufferFull", Time since last: 1030958 ns, Reaching safepoint: 51292 ns, At safepoint: 1250 ns, Total: 52542 ns
[2022-04-18T23:50:43.460+0000][7][safepoint   ] Safepoint "ICBufferFull", Time since last: 945708 ns, Reaching safepoint: 32417 ns, At safepoint: 1125 ns, Total: 33542 ns
[2022-04-18T23:50:43.461+0000][7][safepoint   ] Safepoint "ICBufferFull", Time since last: 878541 ns, Reaching safepoint: 8292 ns, At safepoint: 875 ns, Total: 9167 ns
[2022-04-18T23:50:43.468+0000][7][safepoint   ] Safepoint "ICBufferFull", Time since last: 7496958 ns, Reaching safepoint: 91667 ns, At safepoint: 3125 ns, Total: 94792 ns
[2022-04-18T23:50:43.472+0000][7][safepoint   ] Safepoint "ICBufferFull", Time since last: 3666042 ns, Reaching safepoint: 54375 ns, At safepoint: 3291 ns, Total: 57666 ns
[2022-04-18T23:50:43.473+0000][7][safepoint   ] Safepoint "ICBufferFull", Time since last: 1188250 ns, Reaching safepoint: 41709 ns, At safepoint: 1375 ns, Total: 43084 ns
[2022-04-18T23:50:43.474+0000][7][safepoint   ] Safepoint "ICBufferFull", Time since last: 974000 ns, Reaching safepoint: 146375 ns, At safepoint: 6458 ns, Total: 152833 ns
[2022-04-18T23:50:43.517+0000][7][safepoint   ] Safepoint "ICBufferFull", Time since last: 42348250 ns, Reaching safepoint: 97125 ns, At safepoint: 3000 ns, Total: 100125 ns
[2022-04-18T23:50:43.518+0000][7][safepoint   ] Safepoint "ICBufferFull", Time since last: 1556333 ns, Reaching safepoint: 133292 ns, At safepoint: 2750 ns, Total: 136042 ns
[2022-04-18T23:50:43.520+0000][7][safepoint   ] Safepoint "ICBufferFull", Time since last: 1191208 ns, Reaching safepoint: 29959 ns, At safepoint: 1083 ns, Total: 31042 ns
[2022-04-18T23:50:43.521+0000][7][safepoint   ] Safepoint "ICBufferFull", Time since last: 995417 ns, Reaching safepoint: 57791 ns, At safepoint: 2500 ns, Total: 60291 ns
[2022-04-18T23:50:43.522+0000][7][safepoint   ] Safepoint "ICBufferFull", Time since last: 958209 ns, Reaching safepoint: 26333 ns, At safepoint: 1000 ns, Total: 27333 ns
[2022-04-18T23:50:43.523+0000][7][safepoint   ] Safepoint "ICBufferFull", Time since last: 1257083 ns, Reaching safepoint: 47875 ns, At safepoint: 1542 ns, Total: 49417 ns
[2022-04-18T23:50:43.524+0000][7][safepoint   ] Safepoint "ICBufferFull", Time since last: 1175375 ns, Reaching safepoint: 31042 ns, At safepoint: 1083 ns, Total: 32125 ns
[2022-04-18T23:50:43.525+0000][7][safepoint   ] Safepoint "ICBufferFull", Time since last: 1176250 ns, Reaching safepoint: 38750 ns, At safepoint: 1458 ns, Total: 40208 ns
[2022-04-18T23:50:43.527+0000][7][safepoint   ] Safepoint "ICBufferFull", Time since last: 1178250 ns, Reaching safepoint: 61834 ns, At safepoint: 2458 ns, Total: 64292 ns
[2022-04-18T23:50:43.528+0000][7][safepoint   ] Safepoint "ICBufferFull", Time since last: 1033083 ns, Reaching safepoint: 78459 ns, At safepoint: 3416 ns, Total: 81875 ns
[2022-04-18T23:50:43.529+0000][7][safepoint   ] Safepoint "ICBufferFull", Time since last: 899042 ns, Reaching safepoint: 223708 ns, At safepoint: 11459 ns, Total: 235167 ns
[2022-04-18T23:50:43.836+0000][7][safepoint   ] Safepoint "ICBufferFull", Time since last: 306894958 ns, Reaching safepoint: 169458 ns, At safepoint: 3667 ns, Total: 173125 ns
[2022-04-18T23:50:44.168+0000][7][gc,start    ] GC(9) Pause Young (Normal) (G1 Evacuation Pause)
[2022-04-18T23:50:44.169+0000][7][gc,task     ] GC(9) Using 5 workers of 5 for evacuation
[2022-04-18T23:50:44.170+0000][7][gc,age      ] GC(9) Desired survivor size 20971520 bytes, new threshold 15 (max threshold 15)
[2022-04-18T23:50:44.189+0000][7][gc,age      ] GC(9) Age table with threshold 15 (max threshold 15)
[2022-04-18T23:50:44.192+0000][7][gc,age      ] GC(9) - age   1:   22914584 bytes,   22914584 total
[2022-04-18T23:50:44.193+0000][7][gc,age      ] GC(9) - age   2:     493184 bytes,   23407768 total
[2022-04-18T23:50:44.194+0000][7][gc,age      ] GC(9) - age   3:    2139888 bytes,   25547656 total
[2022-04-18T23:50:44.195+0000][7][gc,age      ] GC(9) - age   4:    1315480 bytes,   26863136 total
[2022-04-18T23:50:44.195+0000][7][gc,age      ] GC(9) - age   5:    5072728 bytes,   31935864 total
[2022-04-18T23:50:44.196+0000][7][gc,age      ] GC(9) - age   6:    2237160 bytes,   34173024 total
[2022-04-18T23:50:44.197+0000][7][gc,age      ] GC(9) - age   7:     793544 bytes,   34966568 total
[2022-04-18T23:50:44.198+0000][7][gc,age      ] GC(9) - age   8:    1867064 bytes,   36833632 total
[2022-04-18T23:50:44.199+0000][7][gc,phases   ] GC(9)   Pre Evacuate Collection Set: 0.2ms
[2022-04-18T23:50:44.200+0000][7][gc,phases   ] GC(9)   Merge Heap Roots: 0.2ms
[2022-04-18T23:50:44.200+0000][7][gc,phases   ] GC(9)   Evacuate Collection Set: 16.7ms
[2022-04-18T23:50:44.202+0000][7][gc,phases   ] GC(9)   Post Evacuate Collection Set: 1.6ms
[2022-04-18T23:50:44.203+0000][7][gc,phases   ] GC(9)   Other: 12.3ms
[2022-04-18T23:50:44.204+0000][7][gc,heap     ] GC(9) Eden regions: 72->0(67)
[2022-04-18T23:50:44.204+0000][7][gc,heap     ] GC(9) Survivor regions: 4->9(10)
[2022-04-18T23:50:44.205+0000][7][gc,heap     ] GC(9) Old regions: 2->2
[2022-04-18T23:50:44.206+0000][7][gc,heap     ] GC(9) Archive regions: 2->2
[2022-04-18T23:50:44.207+0000][7][gc,heap     ] GC(9) Humongous regions: 0->0
[2022-04-18T23:50:44.208+0000][7][gc,metaspace] GC(9) Metaspace: 30645K(31552K)->30645K(31552K) NonClass: 26713K(27264K)->26713K(27264K) Class: 3932K(4288K)->3932K(4288K)
[2022-04-18T23:50:44.209+0000][7][gc          ] GC(9) Pause Young (Normal) (G1 Evacuation Pause) 310M->44M(512M) 40.859ms
[2022-04-18T23:50:44.212+0000][7][gc,cpu      ] GC(9) User=0.04s Sys=0.00s Real=0.04s
[2022-04-18T23:50:44.212+0000][7][safepoint   ] Safepoint "G1CollectForAllocation", Time since last: 331889625 ns, Reaching safepoint: 190000 ns, At safepoint: 44515083 ns, Total: 44705083 ns
[2022-04-18T23:50:44.345+0000][7][safepoint   ] Safepoint "ICBufferFull", Time since last: 132406459 ns, Reaching safepoint: 242000 ns, At safepoint: 8875 ns, Total: 250875 ns
[2022-04-18T23:50:44.436+0000][7][gc,start    ] GC(10) Pause Young (Concurrent Start) (Metadata GC Threshold)
[2022-04-18T23:50:44.437+0000][7][gc,task     ] GC(10) Using 5 workers of 5 for evacuation
[2022-04-18T23:50:44.438+0000][7][gc,age      ] GC(10) Desired survivor size 20971520 bytes, new threshold 1 (max threshold 15)
[2022-04-18T23:50:44.458+0000][7][gc,age      ] GC(10) Age table with threshold 1 (max threshold 15)
[2022-04-18T23:50:44.459+0000][7][gc,age      ] GC(10) - age   1:    5138952 bytes,    5138952 total
[2022-04-18T23:50:44.460+0000][7][gc,phases   ] GC(10)   Pre Evacuate Collection Set: 0.1ms
[2022-04-18T23:50:44.461+0000][7][gc,phases   ] GC(10)   Merge Heap Roots: 0.0ms
[2022-04-18T23:50:44.461+0000][7][gc,phases   ] GC(10)   Evacuate Collection Set: 18.2ms
[2022-04-18T23:50:44.462+0000][7][gc,phases   ] GC(10)   Post Evacuate Collection Set: 0.7ms
[2022-04-18T23:50:44.463+0000][7][gc,phases   ] GC(10)   Other: 4.8ms
[2022-04-18T23:50:44.463+0000][7][gc,heap     ] GC(10) Eden regions: 16->0(74)
[2022-04-18T23:50:44.464+0000][7][gc,heap     ] GC(10) Survivor regions: 9->2(10)
[2022-04-18T23:50:44.465+0000][7][gc,heap     ] GC(10) Old regions: 2->10
[2022-04-18T23:50:44.465+0000][7][gc,heap     ] GC(10) Archive regions: 2->2
[2022-04-18T23:50:44.466+0000][7][gc,heap     ] GC(10) Humongous regions: 0->0
[2022-04-18T23:50:44.467+0000][7][gc,metaspace] GC(10) Metaspace: 34968K(35968K)->34968K(35968K) NonClass: 30330K(30912K)->30330K(30912K) Class: 4637K(5056K)->4637K(5056K)
[2022-04-18T23:50:44.467+0000][7][gc          ] GC(10) Pause Young (Concurrent Start) (Metadata GC Threshold) 106M->51M(512M) 31.417ms
[2022-04-18T23:50:44.468+0000][7][gc,cpu      ] GC(10) User=0.05s Sys=0.00s Real=0.04s
[2022-04-18T23:50:44.469+0000][7][gc          ] GC(11) Concurrent Mark Cycle
[2022-04-18T23:50:44.469+0000][7][gc,marking  ] GC(11) Concurrent Clear Claimed Marks
[2022-04-18T23:50:44.469+0000][7][safepoint   ] Safepoint "CollectForMetadataAllocation", Time since last: 90700166 ns, Reaching safepoint: 61292 ns, At safepoint: 32677083 ns, Total: 32738375 ns
[2022-04-18T23:50:44.470+0000][7][gc,marking  ] GC(11) Concurrent Clear Claimed Marks 0.535ms
[2022-04-18T23:50:44.472+0000][7][gc,marking  ] GC(11) Concurrent Scan Root Regions
[2022-04-18T23:50:44.481+0000][7][safepoint   ] Safepoint "CollectForMetadataAllocation", Time since last: 12366084 ns, Reaching safepoint: 62708 ns, At safepoint: 27833 ns, Total: 90541 ns
[2022-04-18T23:50:44.495+0000][7][gc,marking  ] GC(11) Concurrent Scan Root Regions 22.950ms
[2022-04-18T23:50:44.496+0000][7][gc,marking  ] GC(11) Concurrent Mark
[2022-04-18T23:50:44.496+0000][7][gc,marking  ] GC(11) Concurrent Mark From Roots
[2022-04-18T23:50:44.498+0000][7][gc,task     ] GC(11) Using 1 workers of 1 for marking
[2022-04-18T23:50:44.503+0000][7][gc,marking  ] GC(11) Concurrent Mark From Roots 6.571ms
[2022-04-18T23:50:44.504+0000][7][gc,marking  ] GC(11) Concurrent Preclean
[2022-04-18T23:50:44.504+0000][7][gc,marking  ] GC(11) Concurrent Preclean 0.801ms
[2022-04-18T23:50:44.504+0000][7][safepoint   ] Safepoint "CollectForMetadataAllocation", Time since last: 22840876 ns, Reaching safepoint: 246625 ns, At safepoint: 78166 ns, Total: 324791 ns
[2022-04-18T23:50:44.506+0000][7][gc,start    ] GC(11) Pause Remark
[2022-04-18T23:50:44.512+0000][7][gc          ] GC(11) Pause Remark 55M->55M(512M) 5.531ms
[2022-04-18T23:50:44.512+0000][7][gc,cpu      ] GC(11) User=0.01s Sys=0.00s Real=0.01s
[2022-04-18T23:50:44.513+0000][7][safepoint   ] Safepoint "G1Concurrent", Time since last: 1760459 ns, Reaching safepoint: 143166 ns, At safepoint: 6831750 ns, Total: 6974916 ns
[2022-04-18T23:50:44.514+0000][7][gc,marking  ] GC(11) Concurrent Mark 18.141ms
[2022-04-18T23:50:44.514+0000][7][gc,marking  ] GC(11) Concurrent Rebuild Remembered Sets
[2022-04-18T23:50:44.515+0000][7][gc,marking  ] GC(11) Concurrent Rebuild Remembered Sets 0.599ms
[2022-04-18T23:50:44.516+0000][7][gc,start    ] GC(11) Pause Cleanup
[2022-04-18T23:50:44.517+0000][7][gc          ] GC(11) Pause Cleanup 55M->55M(512M) 0.779ms
[2022-04-18T23:50:44.517+0000][7][gc,cpu      ] GC(11) User=0.00s Sys=0.00s Real=0.01s
[2022-04-18T23:50:44.518+0000][7][safepoint   ] Safepoint "G1Concurrent", Time since last: 2698834 ns, Reaching safepoint: 162416 ns, At safepoint: 2166625 ns, Total: 2329041 ns
[2022-04-18T23:50:44.519+0000][7][gc,marking  ] GC(11) Concurrent Cleanup for Next Mark
[2022-04-18T23:50:44.520+0000][7][gc,marking  ] GC(11) Concurrent Cleanup for Next Mark 0.734ms
[2022-04-18T23:50:44.521+0000][7][gc          ] GC(11) Concurrent Mark Cycle 52.264ms
[2022-04-18T23:50:44.646+0000][7][safepoint   ] Safepoint "ICBufferFull", Time since last: 127805209 ns, Reaching safepoint: 106833 ns, At safepoint: 2458 ns, Total: 109291 ns
[2022-04-18T23:50:45.110+0000][7][safepoint   ] Safepoint "ICBufferFull", Time since last: 463549959 ns, Reaching safepoint: 200833 ns, At safepoint: 11000 ns, Total: 211833 ns
[2022-04-18T23:50:45.469+0000][7][gc,start    ] GC(12) Pause Young (Concurrent Start) (G1 Evacuation Pause)
[2022-04-18T23:50:45.471+0000][7][gc,task     ] GC(12) Using 5 workers of 5 for evacuation
[2022-04-18T23:50:45.472+0000][7][gc,age      ] GC(12) Desired survivor size 20971520 bytes, new threshold 15 (max threshold 15)
[2022-04-18T23:50:45.487+0000][7][gc,age      ] GC(12) Age table with threshold 15 (max threshold 15)
[2022-04-18T23:50:45.489+0000][7][gc,age      ] GC(12) - age   1:    6124112 bytes,    6124112 total
[2022-04-18T23:50:45.490+0000][7][gc,age      ] GC(12) - age   2:    5049144 bytes,   11173256 total
[2022-04-18T23:50:45.491+0000][7][gc,phases   ] GC(12)   Pre Evacuate Collection Set: 0.1ms
[2022-04-18T23:50:45.492+0000][7][gc,phases   ] GC(12)   Merge Heap Roots: 0.2ms
[2022-04-18T23:50:45.493+0000][7][gc,phases   ] GC(12)   Evacuate Collection Set: 10.4ms
[2022-04-18T23:50:45.493+0000][7][gc,phases   ] GC(12)   Post Evacuate Collection Set: 3.4ms
[2022-04-18T23:50:45.494+0000][7][gc,phases   ] GC(12)   Other: 7.7ms
[2022-04-18T23:50:45.495+0000][7][gc,heap     ] GC(12) Eden regions: 74->0(73)
[2022-04-18T23:50:45.496+0000][7][gc,heap     ] GC(12) Survivor regions: 2->3(10)
[2022-04-18T23:50:45.497+0000][7][gc,heap     ] GC(12) Old regions: 10->10
[2022-04-18T23:50:45.497+0000][7][gc,heap     ] GC(12) Archive regions: 2->2
[2022-04-18T23:50:45.499+0000][7][gc,heap     ] GC(12) Humongous regions: 0->0
[2022-04-18T23:50:45.500+0000][7][gc,metaspace] GC(12) Metaspace: 52201K(53376K)->52201K(53376K) NonClass: 45119K(45824K)->45119K(45824K) Class: 7082K(7552K)->7082K(7552K)
[2022-04-18T23:50:45.501+0000][7][gc          ] GC(12) Pause Young (Concurrent Start) (G1 Evacuation Pause) 347M->54M(512M) 31.409ms
[2022-04-18T23:50:45.501+0000][7][gc,cpu      ] GC(12) User=0.04s Sys=0.00s Real=0.03s
[2022-04-18T23:50:45.502+0000][7][gc          ] GC(13) Concurrent Mark Cycle
[2022-04-18T23:50:45.504+0000][7][gc,marking  ] GC(13) Concurrent Clear Claimed Marks
[2022-04-18T23:50:45.502+0000][7][safepoint   ] Safepoint "G1CollectForAllocation", Time since last: 359440959 ns, Reaching safepoint: 70625 ns, At safepoint: 33282833 ns, Total: 33353458 ns
[2022-04-18T23:50:45.505+0000][7][gc,marking  ] GC(13) Concurrent Clear Claimed Marks 0.747ms
[2022-04-18T23:50:45.507+0000][7][gc,marking  ] GC(13) Concurrent Scan Root Regions
[2022-04-18T23:50:45.514+0000][7][gc,marking  ] GC(13) Concurrent Scan Root Regions 7.482ms
[2022-04-18T23:50:45.516+0000][7][gc,marking  ] GC(13) Concurrent Mark
[2022-04-18T23:50:45.516+0000][7][gc,marking  ] GC(13) Concurrent Mark From Roots
[2022-04-18T23:50:45.518+0000][7][gc,task     ] GC(13) Using 1 workers of 1 for marking
[2022-04-18T23:50:45.553+0000][7][gc,marking  ] GC(13) Concurrent Mark From Roots 36.871ms
[2022-04-18T23:50:45.554+0000][7][gc,marking  ] GC(13) Concurrent Preclean
[2022-04-18T23:50:45.555+0000][7][gc,marking  ] GC(13) Concurrent Preclean 0.871ms
[2022-04-18T23:50:45.557+0000][7][gc,start    ] GC(13) Pause Remark
[2022-04-18T23:50:45.560+0000][7][gc          ] GC(13) Pause Remark 80M->80M(512M) 3.440ms
[2022-04-18T23:50:45.561+0000][7][gc,cpu      ] GC(13) User=0.01s Sys=0.01s Real=0.01s
[2022-04-18T23:50:45.561+0000][7][safepoint   ] Safepoint "G1Concurrent", Time since last: 53768917 ns, Reaching safepoint: 409333 ns, At safepoint: 4879500 ns, Total: 5288833 ns
[2022-04-18T23:50:45.563+0000][7][gc,marking  ] GC(13) Concurrent Mark 47.268ms
[2022-04-18T23:50:45.564+0000][7][gc,marking  ] GC(13) Concurrent Rebuild Remembered Sets
[2022-04-18T23:50:45.565+0000][7][gc,marking  ] GC(13) Concurrent Rebuild Remembered Sets 1.290ms
[2022-04-18T23:50:45.566+0000][7][gc,start    ] GC(13) Pause Cleanup
[2022-04-18T23:50:45.566+0000][7][gc          ] GC(13) Pause Cleanup 82M->82M(512M) 0.539ms
[2022-04-18T23:50:45.567+0000][7][gc,cpu      ] GC(13) User=0.00s Sys=0.00s Real=0.00s
[2022-04-18T23:50:45.567+0000][7][safepoint   ] Safepoint "G1Concurrent", Time since last: 4242750 ns, Reaching safepoint: 182458 ns, At safepoint: 1378875 ns, Total: 1561333 ns
[2022-04-18T23:50:45.568+0000][7][gc,marking  ] GC(13) Concurrent Cleanup for Next Mark
[2022-04-18T23:50:45.569+0000][7][gc,marking  ] GC(13) Concurrent Cleanup for Next Mark 0.697ms
[2022-04-18T23:50:45.570+0000][7][gc          ] GC(13) Concurrent Mark Cycle 67.257ms
[2022-04-18T23:50:45.826+0000][7][safepoint   ] Safepoint "ICBufferFull", Time since last: 258371625 ns, Reaching safepoint: 455042 ns, At safepoint: 10583 ns, Total: 465625 ns
[2022-04-18T23:50:45.956+0000][7][safepoint   ] Safepoint "ICBufferFull", Time since last: 129626584 ns, Reaching safepoint: 226333 ns, At safepoint: 9667 ns, Total: 236000 ns
[2022-04-18T23:50:46.355+0000][7][safepoint   ] Safepoint "ICBufferFull", Time since last: 398775875 ns, Reaching safepoint: 242667 ns, At safepoint: 9208 ns, Total: 251875 ns
[2022-04-18T23:50:46.508+0000][7][safepoint   ] Safepoint "ICBufferFull", Time since last: 153041000 ns, Reaching safepoint: 141958 ns, At safepoint: 2959 ns, Total: 144917 ns
[2022-04-18T23:50:46.691+0000][7][safepoint   ] Safepoint "ICBufferFull", Time since last: 182240625 ns, Reaching safepoint: 112000 ns, At safepoint: 2167 ns, Total: 114167 ns
[2022-04-18T23:50:47.000+0000][7][safepoint   ] Safepoint "ICBufferFull", Time since last: 309321833 ns, Reaching safepoint: 195208 ns, At safepoint: 10292 ns, Total: 205500 ns
[2022-04-18T23:50:47.153+0000][7][safepoint   ] Safepoint "ICBufferFull", Time since last: 152909083 ns, Reaching safepoint: 183584 ns, At safepoint: 8625 ns, Total: 192209 ns
[2022-04-18T23:50:47.194+0000][7][safepoint   ] Safepoint "ICBufferFull", Time since last: 40155041 ns, Reaching safepoint: 232042 ns, At safepoint: 7917 ns, Total: 239959 ns
[2022-04-18T23:50:47.195+0000][7][safepoint   ] Safepoint "ICBufferFull", Time since last: 1639333 ns, Reaching safepoint: 263833 ns, At safepoint: 4250 ns, Total: 268083 ns
[2022-04-18T23:50:47.509+0000][7][safepoint   ] Safepoint "ICBufferFull", Time since last: 313519501 ns, Reaching safepoint: 160000 ns, At safepoint: 3250 ns, Total: 163250 ns
[2022-04-18T23:50:47.705+0000][7][gc,start    ] GC(14) Pause Young (Concurrent Start) (Metadata GC Threshold)
[2022-04-18T23:50:47.706+0000][7][gc,task     ] GC(14) Using 5 workers of 5 for evacuation
[2022-04-18T23:50:47.707+0000][7][gc,age      ] GC(14) Desired survivor size 20971520 bytes, new threshold 15 (max threshold 15)
[2022-04-18T23:50:47.729+0000][7][gc,age      ] GC(14) Age table with threshold 15 (max threshold 15)
[2022-04-18T23:50:47.730+0000][7][gc,age      ] GC(14) - age   1:   14301400 bytes,   14301400 total
[2022-04-18T23:50:47.731+0000][7][gc,age      ] GC(14) - age   2:    5821352 bytes,   20122752 total
[2022-04-18T23:50:47.732+0000][7][gc,age      ] GC(14) - age   3:    5027696 bytes,   25150448 total
[2022-04-18T23:50:47.733+0000][7][gc,phases   ] GC(14)   Pre Evacuate Collection Set: 0.2ms
[2022-04-18T23:50:47.733+0000][7][gc,phases   ] GC(14)   Merge Heap Roots: 0.3ms
[2022-04-18T23:50:47.734+0000][7][gc,phases   ] GC(14)   Evacuate Collection Set: 19.2ms
[2022-04-18T23:50:47.735+0000][7][gc,phases   ] GC(14)   Post Evacuate Collection Set: 1.9ms
[2022-04-18T23:50:47.736+0000][7][gc,phases   ] GC(14)   Other: 6.7ms
[2022-04-18T23:50:47.737+0000][7][gc,heap     ] GC(14) Eden regions: 70->0(69)
[2022-04-18T23:50:47.737+0000][7][gc,heap     ] GC(14) Survivor regions: 3->7(10)
[2022-04-18T23:50:47.738+0000][7][gc,heap     ] GC(14) Old regions: 10->10
[2022-04-18T23:50:47.739+0000][7][gc,heap     ] GC(14) Archive regions: 2->2
[2022-04-18T23:50:47.739+0000][7][gc,heap     ] GC(14) Humongous regions: 0->0
[2022-04-18T23:50:47.740+0000][7][gc,metaspace] GC(14) Metaspace: 87652K(89088K)->87652K(89088K) NonClass: 75442K(76288K)->75442K(76288K) Class: 12210K(12800K)->12210K(12800K)
[2022-04-18T23:50:47.741+0000][7][gc          ] GC(14) Pause Young (Concurrent Start) (Metadata GC Threshold) 332M->68M(512M) 36.866ms
[2022-04-18T23:50:47.746+0000][7][gc,cpu      ] GC(14) User=0.05s Sys=0.00s Real=0.04s
[2022-04-18T23:50:47.755+0000][7][safepoint   ] Safepoint "CollectForMetadataAllocation", Time since last: 194925250 ns, Reaching safepoint: 373958 ns, At safepoint: 50057458 ns, Total: 50431416 ns
[2022-04-18T23:50:47.755+0000][7][gc          ] GC(15) Concurrent Mark Cycle
[2022-04-18T23:50:47.766+0000][7][gc,marking  ] GC(15) Concurrent Clear Claimed Marks
[2022-04-18T23:50:47.767+0000][7][gc,marking  ] GC(15) Concurrent Clear Claimed Marks 1.004ms
[2022-04-18T23:50:47.768+0000][7][gc,marking  ] GC(15) Concurrent Scan Root Regions
[2022-04-18T23:50:47.784+0000][7][safepoint   ] Safepoint "CollectForMetadataAllocation", Time since last: 28864167 ns, Reaching safepoint: 136708 ns, At safepoint: 32209 ns, Total: 168917 ns
[2022-04-18T23:50:47.791+0000][7][gc,marking  ] GC(15) Concurrent Scan Root Regions 23.477ms
[2022-04-18T23:50:47.792+0000][7][gc,marking  ] GC(15) Concurrent Mark
[2022-04-18T23:50:47.793+0000][7][gc,marking  ] GC(15) Concurrent Mark From Roots
[2022-04-18T23:50:47.795+0000][7][gc,task     ] GC(15) Using 1 workers of 1 for marking
[2022-04-18T23:50:47.810+0000][7][safepoint   ] Safepoint "CollectForMetadataAllocation", Time since last: 26458833 ns, Reaching safepoint: 142333 ns, At safepoint: 61750 ns, Total: 204083 ns
[2022-04-18T23:50:47.871+0000][7][gc,marking  ] GC(15) Concurrent Mark From Roots 77.848ms
[2022-04-18T23:50:47.872+0000][7][gc,marking  ] GC(15) Concurrent Preclean
[2022-04-18T23:50:47.873+0000][7][gc,marking  ] GC(15) Concurrent Preclean 1.243ms
[2022-04-18T23:50:47.875+0000][7][gc,start    ] GC(15) Pause Remark
[2022-04-18T23:50:47.879+0000][7][gc          ] GC(15) Pause Remark 84M->84M(512M) 4.127ms
[2022-04-18T23:50:47.880+0000][7][gc,cpu      ] GC(15) User=0.01s Sys=0.00s Real=0.01s
[2022-04-18T23:50:47.881+0000][7][safepoint   ] Safepoint "G1Concurrent", Time since last: 63697625 ns, Reaching safepoint: 946459 ns, At safepoint: 6013083 ns, Total: 6959542 ns
[2022-04-18T23:50:47.882+0000][7][gc,marking  ] GC(15) Concurrent Mark 89.504ms
[2022-04-18T23:50:47.882+0000][7][gc,marking  ] GC(15) Concurrent Rebuild Remembered Sets
[2022-04-18T23:50:47.883+0000][7][gc,marking  ] GC(15) Concurrent Rebuild Remembered Sets 1.042ms
[2022-04-18T23:50:47.885+0000][7][gc,start    ] GC(15) Pause Cleanup
[2022-04-18T23:50:47.886+0000][7][gc          ] GC(15) Pause Cleanup 84M->84M(512M) 0.584ms
[2022-04-18T23:50:47.886+0000][7][gc,cpu      ] GC(15) User=0.00s Sys=0.00s Real=0.00s
[2022-04-18T23:50:47.887+0000][7][safepoint   ] Safepoint "G1Concurrent", Time since last: 3788667 ns, Reaching safepoint: 365083 ns, At safepoint: 1818875 ns, Total: 2183958 ns
[2022-04-18T23:50:47.888+0000][7][gc,marking  ] GC(15) Concurrent Cleanup for Next Mark
[2022-04-18T23:50:47.889+0000][7][gc,marking  ] GC(15) Concurrent Cleanup for Next Mark 1.323ms
[2022-04-18T23:50:47.889+0000][7][gc          ] GC(15) Concurrent Mark Cycle 134.912ms
[2022-04-18T23:50:48.023+0000][7][safepoint   ] Safepoint "ICBufferFull", Time since last: 135795750 ns, Reaching safepoint: 161250 ns, At safepoint: 6750 ns, Total: 168000 ns
[2022-04-18T23:50:48.364+0000][7][safepoint   ] Safepoint "ICBufferFull", Time since last: 340660375 ns, Reaching safepoint: 182250 ns, At safepoint: 18000 ns, Total: 200250 ns
[2022-04-18T23:50:48.644+0000][7][safepoint   ] Safepoint "ICBufferFull", Time since last: 280154625 ns, Reaching safepoint: 116167 ns, At safepoint: 2083 ns, Total: 118250 ns
[2022-04-18T23:50:48.914+0000][7][safepoint   ] Safepoint "ICBufferFull", Time since last: 269528209 ns, Reaching safepoint: 342667 ns, At safepoint: 57000 ns, Total: 399667 ns
[2022-04-18T23:50:49.326+0000][7][safepoint   ] Safepoint "ICBufferFull", Time since last: 408008208 ns, Reaching safepoint: 3898333 ns, At safepoint: 9834 ns, Total: 3908167 ns
[2022-04-18T23:50:49.927+0000][7][safepoint   ] Safepoint "ICBufferFull", Time since last: 598845792 ns, Reaching safepoint: 2324125 ns, At safepoint: 11208 ns, Total: 2335333 ns
[2022-04-18T23:50:50.560+0000][7][safepoint   ] Safepoint "ICBufferFull", Time since last: 630216709 ns, Reaching safepoint: 2566208 ns, At safepoint: 28333 ns, Total: 2594541 ns
[2022-04-18T23:50:50.794+0000][7][safepoint   ] Safepoint "ICBufferFull", Time since last: 233582750 ns, Reaching safepoint: 162709 ns, At safepoint: 20708 ns, Total: 183417 ns
[2022-04-18T23:50:51.665+0000][7][safepoint   ] Safepoint "ICBufferFull", Time since last: 870995209 ns, Reaching safepoint: 262333 ns, At safepoint: 15667 ns, Total: 278000 ns
[2022-04-18T23:50:51.821+0000][7][safepoint   ] Safepoint "ICBufferFull", Time since last: 156085417 ns, Reaching safepoint: 160041 ns, At safepoint: 9834 ns, Total: 169875 ns
[2022-04-18T23:50:52.824+0000][7][safepoint   ] Safepoint "Cleanup", Time since last: 1002537875 ns, Reaching safepoint: 98625 ns, At safepoint: 3792 ns, Total: 102417 ns
[2022-04-18T23:50:53.830+0000][7][safepoint   ] Safepoint "Cleanup", Time since last: 1005997542 ns, Reaching safepoint: 56375 ns, At safepoint: 2292 ns, Total: 58667 ns
[2022-04-18T23:50:54.831+0000][7][safepoint   ] Safepoint "Cleanup", Time since last: 1001170875 ns, Reaching safepoint: 67708 ns, At safepoint: 3375 ns, Total: 71083 ns
[2022-04-18T23:50:56.834+0000][7][safepoint   ] Safepoint "Cleanup", Time since last: 2002416585 ns, Reaching safepoint: 56583 ns, At safepoint: 2542 ns, Total: 59125 ns
[2022-04-18T23:51:01.850+0000][7][safepoint   ] Safepoint "Cleanup", Time since last: 5016012585 ns, Reaching safepoint: 56417 ns, At safepoint: 2542 ns, Total: 58959 ns
[2022-04-18T23:51:17.866+0000][7][safepoint   ] Safepoint "Cleanup", Time since last: 16016093840 ns, Reaching safepoint: 99250 ns, At safepoint: 4917 ns, Total: 104167 ns
[2022-04-18T23:51:18.867+0000][7][safepoint   ] Safepoint "Cleanup", Time since last: 1001420459 ns, Reaching safepoint: 206542 ns, At safepoint: 10416 ns, Total: 216958 ns
[2022-04-18T23:51:20.877+0000][7][safepoint   ] Safepoint "Cleanup", Time since last: 2009521418 ns, Reaching safepoint: 67417 ns, At safepoint: 2750 ns, Total: 70167 ns
[2022-04-18T23:51:23.884+0000][7][safepoint   ] Safepoint "Cleanup", Time since last: 3007271959 ns, Reaching safepoint: 55375 ns, At safepoint: 2709 ns, Total: 58084 ns
[2022-04-18T23:51:28.898+0000][7][safepoint   ] Safepoint "Cleanup", Time since last: 5013491585 ns, Reaching safepoint: 64750 ns, At safepoint: 2834 ns, Total: 67584 ns
[2022-04-18T23:51:30.902+0000][7][safepoint   ] Safepoint "Cleanup", Time since last: 2003470876 ns, Reaching safepoint: 87666 ns, At safepoint: 4084 ns, Total: 91750 ns
[2022-04-18T23:51:39.910+0000][7][safepoint   ] Safepoint "Cleanup", Time since last: 9008006962 ns, Reaching safepoint: 94792 ns, At safepoint: 4583 ns, Total: 99375 ns
[2022-04-18T23:51:41.916+0000][7][safepoint   ] Safepoint "Cleanup", Time since last: 2006774085 ns, Reaching safepoint: 68666 ns, At safepoint: 27292 ns, Total: 95958 ns
[2022-04-18T23:51:42.920+0000][7][safepoint   ] Safepoint "Cleanup", Time since last: 1002958500 ns, Reaching safepoint: 170084 ns, At safepoint: 4375 ns, Total: 174459 ns
[2022-04-18T23:51:47.931+0000][7][safepoint   ] Safepoint "Cleanup", Time since last: 5011576460 ns, Reaching safepoint: 162666 ns, At safepoint: 9292 ns, Total: 171958 ns
[2022-04-18T23:51:49.276+0000][7][safepoint   ] Safepoint "Cleanup", Time since last: 1344103792 ns, Reaching safepoint: 198000 ns, At safepoint: 10959 ns, Total: 208959 ns
[2022-04-18T23:51:51.288+0000][7][safepoint   ] Safepoint "Cleanup", Time since last: 2011883709 ns, Reaching safepoint: 135542 ns, At safepoint: 9916 ns, Total: 145458 ns
[2022-04-18T23:51:53.281+0000][7][safepoint   ] Safepoint "Cleanup", Time since last: 1992702460 ns, Reaching safepoint: 122000 ns, At safepoint: 8875 ns, Total: 130875 ns
[2022-04-18T23:51:54.303+0000][7][safepoint   ] Safepoint "Cleanup", Time since last: 1022137709 ns, Reaching safepoint: 154291 ns, At safepoint: 4334 ns, Total: 158625 ns
[2022-04-18T23:52:08.317+0000][7][safepoint   ] Safepoint "Cleanup", Time since last: 14014487465 ns, Reaching safepoint: 121791 ns, At safepoint: 8959 ns, Total: 130750 ns
[2022-04-18T23:52:09.320+0000][7][safepoint   ] Safepoint "Cleanup", Time since last: 1002082667 ns, Reaching safepoint: 125916 ns, At safepoint: 5709 ns, Total: 131625 ns
[2022-04-18T23:52:11.325+0000][7][safepoint   ] Safepoint "Cleanup", Time since last: 2005008084 ns, Reaching safepoint: 62875 ns, At safepoint: 2708 ns, Total: 65583 ns
[2022-04-18T23:52:18.331+0000][7][safepoint   ] Safepoint "Cleanup", Time since last: 7006508003 ns, Reaching safepoint: 138708 ns, At safepoint: 3834 ns, Total: 142542 ns
[2022-04-18T23:52:48.403+0000][7][safepoint   ] Safepoint "Cleanup", Time since last: 30072031680 ns, Reaching safepoint: 94583 ns, At safepoint: 4208 ns, Total: 98791 ns
[2022-04-18T23:52:53.417+0000][7][safepoint   ] Safepoint "Cleanup", Time since last: 5013893669 ns, Reaching safepoint: 86875 ns, At safepoint: 5459 ns, Total: 92334 ns
[2022-04-18T23:52:54.423+0000][7][safepoint   ] Safepoint "Cleanup", Time since last: 1005402584 ns, Reaching safepoint: 169625 ns, At safepoint: 6833 ns, Total: 176458 ns
[2022-04-18T23:52:56.425+0000][7][safepoint   ] Safepoint "Cleanup", Time since last: 2001845168 ns, Reaching safepoint: 169708 ns, At safepoint: 6750 ns, Total: 176458 ns
[2022-04-18T23:53:11.439+0000][7][safepoint   ] Safepoint "Cleanup", Time since last: 15014012090 ns, Reaching safepoint: 85500 ns, At safepoint: 4292 ns, Total: 89792 ns
[2022-04-18T23:53:18.452+0000][7][safepoint   ] Safepoint "Cleanup", Time since last: 7012546919 ns, Reaching safepoint: 70209 ns, At safepoint: 2583 ns, Total: 72792 ns
[2022-04-18T23:53:24.460+0000][7][safepoint   ] Safepoint "Cleanup", Time since last: 6008547795 ns, Reaching safepoint: 69333 ns, At safepoint: 3167 ns, Total: 72500 ns
[2022-04-18T23:53:28.466+0000][7][safepoint   ] Safepoint "Cleanup", Time since last: 4005284335 ns, Reaching safepoint: 68583 ns, At safepoint: 2958 ns, Total: 71541 ns
[2022-04-18T23:53:43.488+0000][7][safepoint   ] Safepoint "Cleanup", Time since last: 15022396008 ns, Reaching safepoint: 54125 ns, At safepoint: 2625 ns, Total: 56750 ns
[2022-04-18T23:53:47.495+0000][7][safepoint   ] Safepoint "Cleanup", Time since last: 4006161084 ns, Reaching safepoint: 85083 ns, At safepoint: 2500 ns, Total: 87583 ns
[2022-04-18T23:53:51.504+0000][7][safepoint   ] Safepoint "Cleanup", Time since last: 4009543835 ns, Reaching safepoint: 43792 ns, At safepoint: 2292 ns, Total: 46084 ns
[2022-04-18T23:53:55.511+0000][7][safepoint   ] Safepoint "Cleanup", Time since last: 4006365377 ns, Reaching safepoint: 173375 ns, At safepoint: 6458 ns, Total: 179833 ns
[2022-04-18T23:53:56.518+0000][7][safepoint   ] Safepoint "Cleanup", Time since last: 1006856167 ns, Reaching safepoint: 189459 ns, At safepoint: 20250 ns, Total: 209709 ns
[2022-04-18T23:54:05.543+0000][7][safepoint   ] Safepoint "Cleanup", Time since last: 9024470546 ns, Reaching safepoint: 229625 ns, At safepoint: 5708 ns, Total: 235333 ns
[2022-04-18T23:54:05.652+0000][7][gc,heap,exit] Heap
[2022-04-18T23:54:05.653+0000][7][gc,heap,exit]  garbage-first heap   total 524288K, used 345658K [0x00000000e0000000, 0x0000000100000000)
[2022-04-18T23:54:05.655+0000][7][gc,heap,exit]   region size 4096K, 73 young (299008K), 7 survivors (28672K)
[2022-04-18T23:54:05.656+0000][7][gc,heap,exit]  Metaspace       used 99894K, committed 101376K, reserved 1138688K
[2022-04-18T23:54:05.657+0000][7][gc,heap,exit]   class space    used 14008K, committed 14592K, reserved 1048576K
