[2022-04-22T08:39:44.925+0000][7][gc] Using G1
[2022-04-22T08:39:45.193+0000][7][gc,init] Version: 17.0.2+8 (release)
[2022-04-22T08:39:45.194+0000][7][gc,init] CPUs: 5 total, 5 available
[2022-04-22T08:39:45.196+0000][7][gc,init] Memory: 7851M
[2022-04-22T08:39:45.197+0000][7][gc,init] Large Page Support: Disabled
[2022-04-22T08:39:45.198+0000][7][gc,init] NUMA Support: Disabled
[2022-04-22T08:39:45.200+0000][7][gc,init] Compressed Oops: Enabled (32-bit)
[2022-04-22T08:39:45.202+0000][7][gc,init] Heap Region Size: 4M
[2022-04-22T08:39:45.203+0000][7][gc,init] Heap Min Capacity: 512M
[2022-04-22T08:39:45.204+0000][7][gc,init] Heap Initial Capacity: 512M
[2022-04-22T08:39:45.205+0000][7][gc,init] Heap Max Capacity: 512M
[2022-04-22T08:39:45.206+0000][7][gc,init] Pre-touch: Enabled
[2022-04-22T08:39:45.208+0000][7][gc,init] Parallel Workers: 5
[2022-04-22T08:39:45.209+0000][7][gc,init] Concurrent Workers: 1
[2022-04-22T08:39:45.210+0000][7][gc,init] Concurrent Refinement Workers: 5
[2022-04-22T08:39:45.211+0000][7][gc,init] Periodic GC: Disabled
[2022-04-22T08:39:45.212+0000][7][gc,metaspace] CDS archive(s) mapped at: [0x0000000800000000-0x0000000800bd2000-0x0000000800bd2000), size 12394496, SharedBaseAddress: 0x0000000800000000, ArchiveRelocationMode: 0.
[2022-04-22T08:39:45.214+0000][7][gc,metaspace] Compressed class space mapped at: 0x0000000800c00000-0x0000000840c00000, reserved size: 1073741824
[2022-04-22T08:39:45.216+0000][7][gc,metaspace] Narrow klass base: 0x0000000800000000, Narrow klass shift: 0, Narrow klass range: 0x100000000
[2022-04-22T08:39:45.543+0000][7][safepoint   ] Safepoint "ICBufferFull", Time since last: 309367208 ns, Reaching safepoint: 368000 ns, At safepoint: 4042 ns, Total: 372042 ns
[2022-04-22T08:39:45.671+0000][7][safepoint   ] Safepoint "ICBufferFull", Time since last: 127426833 ns, Reaching safepoint: 501667 ns, At safepoint: 3042 ns, Total: 504709 ns
[2022-04-22T08:39:45.890+0000][7][safepoint   ] Safepoint "ICBufferFull", Time since last: 219077583 ns, Reaching safepoint: 771458 ns, At safepoint: 3209 ns, Total: 774667 ns
[2022-04-22T08:39:45.914+0000][7][gc,start    ] GC(0) Pause Young (Normal) (G1 Evacuation Pause)
[2022-04-22T08:39:45.915+0000][7][gc,task     ] GC(0) Using 5 workers of 5 for evacuation
[2022-04-22T08:39:45.915+0000][7][gc,age      ] GC(0) Desired survivor size 2097152 bytes, new threshold 15 (max threshold 15)
[2022-04-22T08:39:45.921+0000][7][gc,age      ] GC(0) Age table with threshold 15 (max threshold 15)
[2022-04-22T08:39:45.923+0000][7][gc,age      ] GC(0) - age   1:    4135864 bytes,    4135864 total
[2022-04-22T08:39:45.924+0000][7][gc,phases   ] GC(0)   Pre Evacuate Collection Set: 0.1ms
[2022-04-22T08:39:45.925+0000][7][gc,phases   ] GC(0)   Merge Heap Roots: 0.2ms
[2022-04-22T08:39:45.927+0000][7][gc,phases   ] GC(0)   Evacuate Collection Set: 2.9ms
[2022-04-22T08:39:45.928+0000][7][gc,phases   ] GC(0)   Post Evacuate Collection Set: 1.5ms
[2022-04-22T08:39:45.929+0000][7][gc,phases   ] GC(0)   Other: 5.8ms
[2022-04-22T08:39:45.930+0000][7][gc,heap     ] GC(0) Eden regions: 6->0(5)
[2022-04-22T08:39:45.931+0000][7][gc,heap     ] GC(0) Survivor regions: 0->1(1)
[2022-04-22T08:39:45.932+0000][7][gc,heap     ] GC(0) Old regions: 0->1
[2022-04-22T08:39:45.933+0000][7][gc,heap     ] GC(0) Archive regions: 2->2
[2022-04-22T08:39:45.933+0000][7][gc,heap     ] GC(0) Humongous regions: 0->0
[2022-04-22T08:39:45.934+0000][7][gc,metaspace] GC(0) Metaspace: 8898K(9088K)->8898K(9088K) NonClass: 7833K(7936K)->7833K(7936K) Class: 1064K(1152K)->1064K(1152K)
[2022-04-22T08:39:45.936+0000][7][gc          ] GC(0) Pause Young (Normal) (G1 Evacuation Pause) 27M->8M(512M) 21.679ms
[2022-04-22T08:39:45.936+0000][7][gc,cpu      ] GC(0) User=0.00s Sys=0.01s Real=0.02s
[2022-04-22T08:39:45.938+0000][7][safepoint   ] Safepoint "G1CollectForAllocation", Time since last: 23260083 ns, Reaching safepoint: 62667 ns, At safepoint: 23850250 ns, Total: 23912917 ns
[2022-04-22T08:39:46.235+0000][7][gc,start    ] GC(1) Pause Young (Normal) (G1 Evacuation Pause)
[2022-04-22T08:39:46.236+0000][7][gc,task     ] GC(1) Using 5 workers of 5 for evacuation
[2022-04-22T08:39:46.237+0000][7][gc,age      ] GC(1) Desired survivor size 2097152 bytes, new threshold 1 (max threshold 15)
[2022-04-22T08:39:46.247+0000][7][gc,age      ] GC(1) Age table with threshold 1 (max threshold 15)
[2022-04-22T08:39:46.248+0000][7][gc,age      ] GC(1) - age   1:    1944208 bytes,    1944208 total
[2022-04-22T08:39:46.250+0000][7][gc,phases   ] GC(1)   Pre Evacuate Collection Set: 0.0ms
[2022-04-22T08:39:46.251+0000][7][gc,phases   ] GC(1)   Merge Heap Roots: 0.2ms
[2022-04-22T08:39:46.253+0000][7][gc,phases   ] GC(1)   Evacuate Collection Set: 5.3ms
[2022-04-22T08:39:46.254+0000][7][gc,phases   ] GC(1)   Post Evacuate Collection Set: 1.5ms
[2022-04-22T08:39:46.255+0000][7][gc,phases   ] GC(1)   Other: 7.7ms
[2022-04-22T08:39:46.257+0000][7][gc,heap     ] GC(1) Eden regions: 5->0(7)
[2022-04-22T08:39:46.258+0000][7][gc,heap     ] GC(1) Survivor regions: 1->1(1)
[2022-04-22T08:39:46.258+0000][7][gc,heap     ] GC(1) Old regions: 1->2
[2022-04-22T08:39:46.259+0000][7][gc,heap     ] GC(1) Archive regions: 2->2
[2022-04-22T08:39:46.260+0000][7][gc,heap     ] GC(1) Humongous regions: 0->0
[2022-04-22T08:39:46.261+0000][7][gc,metaspace] GC(1) Metaspace: 12215K(12416K)->12215K(12416K) NonClass: 10715K(10816K)->10715K(10816K) Class: 1500K(1600K)->1500K(1600K)
[2022-04-22T08:39:46.263+0000][7][gc          ] GC(1) Pause Young (Normal) (G1 Evacuation Pause) 28M->10M(512M) 27.657ms
[2022-04-22T08:39:46.263+0000][7][gc,cpu      ] GC(1) User=0.01s Sys=0.00s Real=0.03s
[2022-04-22T08:39:46.264+0000][7][safepoint   ] Safepoint "G1CollectForAllocation", Time since last: 297021916 ns, Reaching safepoint: 241584 ns, At safepoint: 29330875 ns, Total: 29572459 ns
[2022-04-22T08:39:46.658+0000][7][gc,start    ] GC(2) Pause Young (Normal) (G1 Evacuation Pause)
[2022-04-22T08:39:46.659+0000][7][gc,task     ] GC(2) Using 5 workers of 5 for evacuation
[2022-04-22T08:39:46.661+0000][7][gc,age      ] GC(2) Desired survivor size 2097152 bytes, new threshold 15 (max threshold 15)
[2022-04-22T08:39:46.666+0000][7][gc,age      ] GC(2) Age table with threshold 15 (max threshold 15)
[2022-04-22T08:39:46.668+0000][7][gc,age      ] GC(2) - age   1:     926600 bytes,     926600 total
[2022-04-22T08:39:46.669+0000][7][gc,age      ] GC(2) - age   2:    1927168 bytes,    2853768 total
[2022-04-22T08:39:46.670+0000][7][gc,phases   ] GC(2)   Pre Evacuate Collection Set: 0.1ms
[2022-04-22T08:39:46.671+0000][7][gc,phases   ] GC(2)   Merge Heap Roots: 0.1ms
[2022-04-22T08:39:46.671+0000][7][gc,phases   ] GC(2)   Evacuate Collection Set: 1.9ms
[2022-04-22T08:39:46.673+0000][7][gc,phases   ] GC(2)   Post Evacuate Collection Set: 2.4ms
[2022-04-22T08:39:46.675+0000][7][gc,phases   ] GC(2)   Other: 7.0ms
[2022-04-22T08:39:46.676+0000][7][gc,heap     ] GC(2) Eden regions: 7->0(29)
[2022-04-22T08:39:46.677+0000][7][gc,heap     ] GC(2) Survivor regions: 1->1(1)
[2022-04-22T08:39:46.678+0000][7][gc,heap     ] GC(2) Old regions: 2->2
[2022-04-22T08:39:46.678+0000][7][gc,heap     ] GC(2) Archive regions: 2->2
[2022-04-22T08:39:46.679+0000][7][gc,heap     ] GC(2) Humongous regions: 0->0
[2022-04-22T08:39:46.680+0000][7][gc,metaspace] GC(2) Metaspace: 14562K(14784K)->14562K(14784K) NonClass: 12818K(12928K)->12818K(12928K) Class: 1744K(1856K)->1744K(1856K)
[2022-04-22T08:39:46.681+0000][7][gc          ] GC(2) Pause Young (Normal) (G1 Evacuation Pause) 38M->11M(512M) 23.473ms
[2022-04-22T08:39:46.682+0000][7][gc,cpu      ] GC(2) User=0.00s Sys=0.01s Real=0.03s
[2022-04-22T08:39:46.683+0000][7][safepoint   ] Safepoint "G1CollectForAllocation", Time since last: 393585375 ns, Reaching safepoint: 143708 ns, At safepoint: 25446334 ns, Total: 25590042 ns
[2022-04-22T08:39:46.901+0000][7][safepoint   ] Safepoint "ICBufferFull", Time since last: 217291583 ns, Reaching safepoint: 171208 ns, At safepoint: 3875 ns, Total: 175083 ns
[2022-04-22T08:39:47.007+0000][7][safepoint   ] Safepoint "ICBufferFull", Time since last: 105216584 ns, Reaching safepoint: 689833 ns, At safepoint: 4958 ns, Total: 694791 ns
[2022-04-22T08:39:47.014+0000][7][safepoint   ] Safepoint "ICBufferFull", Time since last: 6769875 ns, Reaching safepoint: 62709 ns, At safepoint: 2250 ns, Total: 64959 ns
[2022-04-22T08:39:47.016+0000][7][safepoint   ] Safepoint "ICBufferFull", Time since last: 2434000 ns, Reaching safepoint: 238083 ns, At safepoint: 3125 ns, Total: 241208 ns
[2022-04-22T08:39:47.018+0000][7][safepoint   ] Safepoint "ICBufferFull", Time since last: 1421833 ns, Reaching safepoint: 37792 ns, At safepoint: 4333 ns, Total: 42125 ns
[2022-04-22T08:39:47.020+0000][7][safepoint   ] Safepoint "ICBufferFull", Time since last: 1858834 ns, Reaching safepoint: 373958 ns, At safepoint: 3792 ns, Total: 377750 ns
[2022-04-22T08:39:47.022+0000][7][safepoint   ] Safepoint "ICBufferFull", Time since last: 1711833 ns, Reaching safepoint: 40500 ns, At safepoint: 3917 ns, Total: 44417 ns
[2022-04-22T08:39:47.023+0000][7][safepoint   ] Safepoint "ICBufferFull", Time since last: 1172958 ns, Reaching safepoint: 279375 ns, At safepoint: 3125 ns, Total: 282500 ns
[2022-04-22T08:39:47.025+0000][7][safepoint   ] Safepoint "ICBufferFull", Time since last: 1297958 ns, Reaching safepoint: 285167 ns, At safepoint: 36500 ns, Total: 321667 ns
[2022-04-22T08:39:47.026+0000][7][safepoint   ] Safepoint "ICBufferFull", Time since last: 1219750 ns, Reaching safepoint: 141125 ns, At safepoint: 1250 ns, Total: 142375 ns
[2022-04-22T08:39:47.028+0000][7][safepoint   ] Safepoint "ICBufferFull", Time since last: 1316125 ns, Reaching safepoint: 41958 ns, At safepoint: 1292 ns, Total: 43250 ns
[2022-04-22T08:39:47.029+0000][7][safepoint   ] Safepoint "ICBufferFull", Time since last: 1257042 ns, Reaching safepoint: 177541 ns, At safepoint: 6125 ns, Total: 183666 ns
[2022-04-22T08:39:47.079+0000][7][gc,start    ] GC(3) Pause Young (Normal) (G1 Evacuation Pause)
[2022-04-22T08:39:47.080+0000][7][gc,task     ] GC(3) Using 5 workers of 5 for evacuation
[2022-04-22T08:39:47.082+0000][7][gc,age      ] GC(3) Desired survivor size 8388608 bytes, new threshold 15 (max threshold 15)
[2022-04-22T08:39:47.088+0000][7][gc,age      ] GC(3) Age table with threshold 15 (max threshold 15)
[2022-04-22T08:39:47.088+0000][7][gc,age      ] GC(3) - age   1:    3543136 bytes,    3543136 total
[2022-04-22T08:39:47.090+0000][7][gc,age      ] GC(3) - age   2:     879720 bytes,    4422856 total
[2022-04-22T08:39:47.091+0000][7][gc,age      ] GC(3) - age   3:    1925632 bytes,    6348488 total
[2022-04-22T08:39:47.092+0000][7][gc,phases   ] GC(3)   Pre Evacuate Collection Set: 0.0ms
[2022-04-22T08:39:47.093+0000][7][gc,phases   ] GC(3)   Merge Heap Roots: 0.0ms
[2022-04-22T08:39:47.094+0000][7][gc,phases   ] GC(3)   Evacuate Collection Set: 3.5ms
[2022-04-22T08:39:47.095+0000][7][gc,phases   ] GC(3)   Post Evacuate Collection Set: 1.0ms
[2022-04-22T08:39:47.097+0000][7][gc,phases   ] GC(3)   Other: 8.3ms
[2022-04-22T08:39:47.098+0000][7][gc,heap     ] GC(3) Eden regions: 29->0(74)
[2022-04-22T08:39:47.099+0000][7][gc,heap     ] GC(3) Survivor regions: 1->2(4)
[2022-04-22T08:39:47.100+0000][7][gc,heap     ] GC(3) Old regions: 2->2
[2022-04-22T08:39:47.101+0000][7][gc,heap     ] GC(3) Archive regions: 2->2
[2022-04-22T08:39:47.102+0000][7][gc,heap     ] GC(3) Humongous regions: 0->0
[2022-04-22T08:39:47.103+0000][7][gc,metaspace] GC(3) Metaspace: 17084K(17344K)->17084K(17344K) NonClass: 15053K(15168K)->15053K(15168K) Class: 2031K(2176K)->2031K(2176K)
[2022-04-22T08:39:47.104+0000][7][gc          ] GC(3) Pause Young (Normal) (G1 Evacuation Pause) 127M->14M(512M) 25.280ms
[2022-04-22T08:39:47.105+0000][7][gc,cpu      ] GC(3) User=0.01s Sys=0.01s Real=0.03s
[2022-04-22T08:39:47.106+0000][7][safepoint   ] Safepoint "G1CollectForAllocation", Time since last: 49677167 ns, Reaching safepoint: 87792 ns, At safepoint: 27639250 ns, Total: 27727042 ns
[2022-04-22T08:39:47.502+0000][7][gc,start    ] GC(4) Pause Young (Normal) (G1 Evacuation Pause)
[2022-04-22T08:39:47.503+0000][7][gc,task     ] GC(4) Using 5 workers of 5 for evacuation
[2022-04-22T08:39:47.504+0000][7][gc,age      ] GC(4) Desired survivor size 20971520 bytes, new threshold 15 (max threshold 15)
[2022-04-22T08:39:47.512+0000][7][gc,age      ] GC(4) Age table with threshold 15 (max threshold 15)
[2022-04-22T08:39:47.513+0000][7][gc,age      ] GC(4) - age   1:    5330264 bytes,    5330264 total
[2022-04-22T08:39:47.514+0000][7][gc,age      ] GC(4) - age   2:    2216816 bytes,    7547080 total
[2022-04-22T08:39:47.514+0000][7][gc,age      ] GC(4) - age   3:     879296 bytes,    8426376 total
[2022-04-22T08:39:47.516+0000][7][gc,age      ] GC(4) - age   4:    1924848 bytes,   10351224 total
[2022-04-22T08:39:47.517+0000][7][gc,phases   ] GC(4)   Pre Evacuate Collection Set: 0.1ms
[2022-04-22T08:39:47.517+0000][7][gc,phases   ] GC(4)   Merge Heap Roots: 0.1ms
[2022-04-22T08:39:47.518+0000][7][gc,phases   ] GC(4)   Evacuate Collection Set: 5.1ms
[2022-04-22T08:39:47.519+0000][7][gc,phases   ] GC(4)   Post Evacuate Collection Set: 0.7ms
[2022-04-22T08:39:47.520+0000][7][gc,phases   ] GC(4)   Other: 8.7ms
[2022-04-22T08:39:47.520+0000][7][gc,heap     ] GC(4) Eden regions: 74->0(73)
[2022-04-22T08:39:47.521+0000][7][gc,heap     ] GC(4) Survivor regions: 2->3(10)
[2022-04-22T08:39:47.522+0000][7][gc,heap     ] GC(4) Old regions: 2->2
[2022-04-22T08:39:47.522+0000][7][gc,heap     ] GC(4) Archive regions: 2->2
[2022-04-22T08:39:47.523+0000][7][gc,heap     ] GC(4) Humongous regions: 0->0
[2022-04-22T08:39:47.524+0000][7][gc,metaspace] GC(4) Metaspace: 18707K(19072K)->18707K(19072K) NonClass: 16429K(16640K)->16429K(16640K) Class: 2277K(2432K)->2277K(2432K)
[2022-04-22T08:39:47.525+0000][7][gc          ] GC(4) Pause Young (Normal) (G1 Evacuation Pause) 310M->18M(512M) 23.051ms
[2022-04-22T08:39:47.526+0000][7][gc,cpu      ] GC(4) User=0.01s Sys=0.01s Real=0.02s
[2022-04-22T08:39:47.526+0000][7][safepoint   ] Safepoint "G1CollectForAllocation", Time since last: 395165708 ns, Reaching safepoint: 91125 ns, At safepoint: 24716792 ns, Total: 24807917 ns
[2022-04-22T08:39:47.657+0000][7][safepoint   ] Safepoint "ICBufferFull", Time since last: 129882750 ns, Reaching safepoint: 861542 ns, At safepoint: 3166 ns, Total: 864708 ns
[2022-04-22T08:39:47.842+0000][7][gc,start    ] GC(5) Pause Young (Normal) (G1 Evacuation Pause)
[2022-04-22T08:39:47.843+0000][7][gc,task     ] GC(5) Using 5 workers of 5 for evacuation
[2022-04-22T08:39:47.845+0000][7][gc,age      ] GC(5) Desired survivor size 20971520 bytes, new threshold 15 (max threshold 15)
[2022-04-22T08:39:47.852+0000][7][gc,age      ] GC(5) Age table with threshold 15 (max threshold 15)
[2022-04-22T08:39:47.853+0000][7][gc,age      ] GC(5) - age   1:    1332960 bytes,    1332960 total
[2022-04-22T08:39:47.854+0000][7][gc,age      ] GC(5) - age   2:    5131232 bytes,    6464192 total
[2022-04-22T08:39:47.855+0000][7][gc,age      ] GC(5) - age   3:    2216352 bytes,    8680544 total
[2022-04-22T08:39:47.855+0000][7][gc,age      ] GC(5) - age   4:     879024 bytes,    9559568 total
[2022-04-22T08:39:47.856+0000][7][gc,age      ] GC(5) - age   5:    1924784 bytes,   11484352 total
[2022-04-22T08:39:47.857+0000][7][gc,phases   ] GC(5)   Pre Evacuate Collection Set: 0.0ms
[2022-04-22T08:39:47.858+0000][7][gc,phases   ] GC(5)   Merge Heap Roots: 0.3ms
[2022-04-22T08:39:47.859+0000][7][gc,phases   ] GC(5)   Evacuate Collection Set: 3.9ms
[2022-04-22T08:39:47.859+0000][7][gc,phases   ] GC(5)   Post Evacuate Collection Set: 1.2ms
[2022-04-22T08:39:47.860+0000][7][gc,phases   ] GC(5)   Other: 9.4ms
[2022-04-22T08:39:47.861+0000][7][gc,heap     ] GC(5) Eden regions: 73->0(73)
[2022-04-22T08:39:47.862+0000][7][gc,heap     ] GC(5) Survivor regions: 3->3(10)
[2022-04-22T08:39:47.863+0000][7][gc,heap     ] GC(5) Old regions: 2->2
[2022-04-22T08:39:47.864+0000][7][gc,heap     ] GC(5) Archive regions: 2->2
[2022-04-22T08:39:47.865+0000][7][gc,heap     ] GC(5) Humongous regions: 0->0
[2022-04-22T08:39:47.866+0000][7][gc,metaspace] GC(5) Metaspace: 19577K(20096K)->19577K(20096K) NonClass: 17166K(17472K)->17166K(17472K) Class: 2411K(2624K)->2411K(2624K)
[2022-04-22T08:39:47.866+0000][7][gc          ] GC(5) Pause Young (Normal) (G1 Evacuation Pause) 310M->20M(512M) 24.012ms
[2022-04-22T08:39:47.868+0000][7][gc,cpu      ] GC(5) User=0.01s Sys=0.00s Real=0.02s
[2022-04-22T08:39:47.870+0000][7][safepoint   ] Safepoint "G1CollectForAllocation", Time since last: 185001459 ns, Reaching safepoint: 232417 ns, At safepoint: 27811291 ns, Total: 28043708 ns
[2022-04-22T08:39:48.155+0000][7][gc,start    ] GC(6) Pause Young (Normal) (G1 Evacuation Pause)
[2022-04-22T08:39:48.157+0000][7][gc,task     ] GC(6) Using 5 workers of 5 for evacuation
[2022-04-22T08:39:48.158+0000][7][gc,age      ] GC(6) Desired survivor size 20971520 bytes, new threshold 15 (max threshold 15)
[2022-04-22T08:39:48.166+0000][7][gc,age      ] GC(6) Age table with threshold 15 (max threshold 15)
[2022-04-22T08:39:48.167+0000][7][gc,age      ] GC(6) - age   1:    2621096 bytes,    2621096 total
[2022-04-22T08:39:48.169+0000][7][gc,age      ] GC(6) - age   2:    1318760 bytes,    3939856 total
[2022-04-22T08:39:48.170+0000][7][gc,age      ] GC(6) - age   3:    5126136 bytes,    9065992 total
[2022-04-22T08:39:48.170+0000][7][gc,age      ] GC(6) - age   4:    2214928 bytes,   11280920 total
[2022-04-22T08:39:48.171+0000][7][gc,age      ] GC(6) - age   5:     878344 bytes,   12159264 total
[2022-04-22T08:39:48.172+0000][7][gc,age      ] GC(6) - age   6:    1924448 bytes,   14083712 total
[2022-04-22T08:39:48.174+0000][7][gc,phases   ] GC(6)   Pre Evacuate Collection Set: 0.0ms
[2022-04-22T08:39:48.175+0000][7][gc,phases   ] GC(6)   Merge Heap Roots: 0.1ms
[2022-04-22T08:39:48.176+0000][7][gc,phases   ] GC(6)   Evacuate Collection Set: 5.2ms
[2022-04-22T08:39:48.177+0000][7][gc,phases   ] GC(6)   Post Evacuate Collection Set: 1.0ms
[2022-04-22T08:39:48.178+0000][7][gc,phases   ] GC(6)   Other: 12.9ms
[2022-04-22T08:39:48.180+0000][7][gc,heap     ] GC(6) Eden regions: 73->0(72)
[2022-04-22T08:39:48.181+0000][7][gc,heap     ] GC(6) Survivor regions: 3->4(10)
[2022-04-22T08:39:48.182+0000][7][gc,heap     ] GC(6) Old regions: 2->2
[2022-04-22T08:39:48.183+0000][7][gc,heap     ] GC(6) Archive regions: 2->2
[2022-04-22T08:39:48.184+0000][7][gc,heap     ] GC(6) Humongous regions: 0->0
[2022-04-22T08:39:48.186+0000][7][gc,metaspace] GC(6) Metaspace: 20781K(21312K)->20781K(21312K) NonClass: 18208K(18560K)->18208K(18560K) Class: 2572K(2752K)->2572K(2752K)
[2022-04-22T08:39:48.188+0000][7][gc          ] GC(6) Pause Young (Normal) (G1 Evacuation Pause) 312M->23M(512M) 32.763ms
[2022-04-22T08:39:48.189+0000][7][gc,cpu      ] GC(6) User=0.01s Sys=0.00s Real=0.03s
[2022-04-22T08:39:48.191+0000][7][safepoint   ] Safepoint "G1CollectForAllocation", Time since last: 284511834 ns, Reaching safepoint: 98125 ns, At safepoint: 35801541 ns, Total: 35899666 ns
[2022-04-22T08:39:48.374+0000][7][gc,start    ] GC(7) Pause Young (Concurrent Start) (Metadata GC Threshold)
[2022-04-22T08:39:48.376+0000][7][gc,task     ] GC(7) Using 5 workers of 5 for evacuation
[2022-04-22T08:39:48.377+0000][7][gc,age      ] GC(7) Desired survivor size 20971520 bytes, new threshold 15 (max threshold 15)
[2022-04-22T08:39:48.382+0000][7][gc,age      ] GC(7) Age table with threshold 15 (max threshold 15)
[2022-04-22T08:39:48.383+0000][7][gc,age      ] GC(7) - age   1:     950584 bytes,     950584 total
[2022-04-22T08:39:48.384+0000][7][gc,age      ] GC(7) - age   2:    2177512 bytes,    3128096 total
[2022-04-22T08:39:48.386+0000][7][gc,age      ] GC(7) - age   3:    1317720 bytes,    4445816 total
[2022-04-22T08:39:48.387+0000][7][gc,age      ] GC(7) - age   4:    5124768 bytes,    9570584 total
[2022-04-22T08:39:48.387+0000][7][gc,age      ] GC(7) - age   5:    2214848 bytes,   11785432 total
[2022-04-22T08:39:48.388+0000][7][gc,age      ] GC(7) - age   6:     878344 bytes,   12663776 total
[2022-04-22T08:39:48.389+0000][7][gc,age      ] GC(7) - age   7:    1924448 bytes,   14588224 total
[2022-04-22T08:39:48.390+0000][7][gc,phases   ] GC(7)   Pre Evacuate Collection Set: 0.1ms
[2022-04-22T08:39:48.391+0000][7][gc,phases   ] GC(7)   Merge Heap Roots: 0.1ms
[2022-04-22T08:39:48.397+0000][7][gc,phases   ] GC(7)   Evacuate Collection Set: 3.8ms
[2022-04-22T08:39:48.398+0000][7][gc,phases   ] GC(7)   Post Evacuate Collection Set: 0.5ms
[2022-04-22T08:39:48.400+0000][7][gc,phases   ] GC(7)   Other: 11.7ms
[2022-04-22T08:39:48.401+0000][7][gc,heap     ] GC(7) Eden regions: 57->0(72)
[2022-04-22T08:39:48.402+0000][7][gc,heap     ] GC(7) Survivor regions: 4->4(10)
[2022-04-22T08:39:48.403+0000][7][gc,heap     ] GC(7) Old regions: 2->2
[2022-04-22T08:39:48.403+0000][7][gc,heap     ] GC(7) Archive regions: 2->2
[2022-04-22T08:39:48.404+0000][7][gc,heap     ] GC(7) Humongous regions: 0->0
[2022-04-22T08:39:48.405+0000][7][gc,metaspace] GC(7) Metaspace: 20989K(21504K)->20989K(21504K) NonClass: 18376K(18688K)->18376K(18688K) Class: 2613K(2816K)->2613K(2816K)
[2022-04-22T08:39:48.406+0000][7][gc          ] GC(7) Pause Young (Concurrent Start) (Metadata GC Threshold) 249M->23M(512M) 31.571ms
[2022-04-22T08:39:48.406+0000][7][gc,cpu      ] GC(7) User=0.03s Sys=0.01s Real=0.03s
[2022-04-22T08:39:48.407+0000][7][safepoint   ] Safepoint "CollectForMetadataAllocation", Time since last: 183298667 ns, Reaching safepoint: 99292 ns, At safepoint: 32898916 ns, Total: 32998208 ns
[2022-04-22T08:39:48.407+0000][7][gc          ] GC(8) Concurrent Mark Cycle
[2022-04-22T08:39:48.408+0000][7][gc,marking  ] GC(8) Concurrent Clear Claimed Marks
[2022-04-22T08:39:48.410+0000][7][gc,marking  ] GC(8) Concurrent Clear Claimed Marks 1.943ms
[2022-04-22T08:39:48.411+0000][7][gc,marking  ] GC(8) Concurrent Scan Root Regions
[2022-04-22T08:39:48.415+0000][7][gc,marking  ] GC(8) Concurrent Scan Root Regions 4.331ms
[2022-04-22T08:39:48.416+0000][7][gc,marking  ] GC(8) Concurrent Mark
[2022-04-22T08:39:48.417+0000][7][gc,marking  ] GC(8) Concurrent Mark From Roots
[2022-04-22T08:39:48.418+0000][7][gc,task     ] GC(8) Using 1 workers of 1 for marking
[2022-04-22T08:39:48.428+0000][7][gc,marking  ] GC(8) Concurrent Mark From Roots 10.700ms
[2022-04-22T08:39:48.428+0000][7][gc,marking  ] GC(8) Concurrent Preclean
[2022-04-22T08:39:48.429+0000][7][gc,marking  ] GC(8) Concurrent Preclean 0.858ms
[2022-04-22T08:39:48.431+0000][7][gc,start    ] GC(8) Pause Remark
[2022-04-22T08:39:48.436+0000][7][gc          ] GC(8) Pause Remark 25M->25M(512M) 5.114ms
[2022-04-22T08:39:48.438+0000][7][gc,cpu      ] GC(8) User=0.01s Sys=0.00s Real=0.01s
[2022-04-22T08:39:48.441+0000][7][safepoint   ] Safepoint "G1Concurrent", Time since last: 23828500 ns, Reaching safepoint: 342792 ns, At safepoint: 10265667 ns, Total: 10608459 ns
[2022-04-22T08:39:48.453+0000][7][gc,marking  ] GC(8) Concurrent Mark 36.826ms
[2022-04-22T08:39:48.457+0000][7][gc,marking  ] GC(8) Concurrent Rebuild Remembered Sets
[2022-04-22T08:39:48.461+0000][7][gc,marking  ] GC(8) Concurrent Rebuild Remembered Sets 3.452ms
[2022-04-22T08:39:48.465+0000][7][gc,start    ] GC(8) Pause Cleanup
[2022-04-22T08:39:48.466+0000][7][gc          ] GC(8) Pause Cleanup 27M->27M(512M) 1.138ms
[2022-04-22T08:39:48.468+0000][7][gc,cpu      ] GC(8) User=0.00s Sys=0.00s Real=0.00s
[2022-04-22T08:39:48.469+0000][7][safepoint   ] Safepoint "G1Concurrent", Time since last: 23020917 ns, Reaching safepoint: 464333 ns, At safepoint: 3902542 ns, Total: 4366875 ns
[2022-04-22T08:39:48.470+0000][7][gc,marking  ] GC(8) Concurrent Cleanup for Next Mark
[2022-04-22T08:39:48.471+0000][7][gc,marking  ] GC(8) Concurrent Cleanup for Next Mark 1.033ms
[2022-04-22T08:39:48.471+0000][7][gc          ] GC(8) Concurrent Mark Cycle 64.447ms
[2022-04-22T08:39:48.769+0000][7][safepoint   ] Safepoint "ICBufferFull", Time since last: 300244833 ns, Reaching safepoint: 379500 ns, At safepoint: 13375 ns, Total: 392875 ns
[2022-04-22T08:39:48.803+0000][7][safepoint   ] Safepoint "ICBufferFull", Time since last: 33984208 ns, Reaching safepoint: 77042 ns, At safepoint: 2583 ns, Total: 79625 ns
[2022-04-22T08:39:48.805+0000][7][safepoint   ] Safepoint "ICBufferFull", Time since last: 1469542 ns, Reaching safepoint: 83542 ns, At safepoint: 1541 ns, Total: 85083 ns
[2022-04-22T08:39:48.806+0000][7][safepoint   ] Safepoint "ICBufferFull", Time since last: 922000 ns, Reaching safepoint: 435334 ns, At safepoint: 3333 ns, Total: 438667 ns
[2022-04-22T08:39:48.808+0000][7][safepoint   ] Safepoint "ICBufferFull", Time since last: 1228667 ns, Reaching safepoint: 137166 ns, At safepoint: 2667 ns, Total: 139833 ns
[2022-04-22T08:39:48.810+0000][7][safepoint   ] Safepoint "ICBufferFull", Time since last: 1929750 ns, Reaching safepoint: 150667 ns, At safepoint: 3000 ns, Total: 153667 ns
[2022-04-22T08:39:48.811+0000][7][safepoint   ] Safepoint "ICBufferFull", Time since last: 886958 ns, Reaching safepoint: 131708 ns, At safepoint: 5167 ns, Total: 136875 ns
[2022-04-22T08:39:48.812+0000][7][safepoint   ] Safepoint "ICBufferFull", Time since last: 1101000 ns, Reaching safepoint: 150083 ns, At safepoint: 2792 ns, Total: 152875 ns
[2022-04-22T08:39:48.821+0000][7][safepoint   ] Safepoint "ICBufferFull", Time since last: 8728875 ns, Reaching safepoint: 45583 ns, At safepoint: 2167 ns, Total: 47750 ns
[2022-04-22T08:39:48.822+0000][7][safepoint   ] Safepoint "ICBufferFull", Time since last: 1509083 ns, Reaching safepoint: 55417 ns, At safepoint: 2667 ns, Total: 58084 ns
[2022-04-22T08:39:48.824+0000][7][safepoint   ] Safepoint "ICBufferFull", Time since last: 1317541 ns, Reaching safepoint: 172709 ns, At safepoint: 2291 ns, Total: 175000 ns
[2022-04-22T08:39:48.827+0000][7][safepoint   ] Safepoint "ICBufferFull", Time since last: 2904000 ns, Reaching safepoint: 168959 ns, At safepoint: 4125 ns, Total: 173084 ns
[2022-04-22T08:39:48.844+0000][7][safepoint   ] Safepoint "ICBufferFull", Time since last: 16990291 ns, Reaching safepoint: 317459 ns, At safepoint: 8541 ns, Total: 326000 ns
[2022-04-22T08:39:48.851+0000][7][safepoint   ] Safepoint "ICBufferFull", Time since last: 6149667 ns, Reaching safepoint: 126917 ns, At safepoint: 3083 ns, Total: 130000 ns
[2022-04-22T08:39:48.852+0000][7][safepoint   ] Safepoint "ICBufferFull", Time since last: 1349625 ns, Reaching safepoint: 52500 ns, At safepoint: 2375 ns, Total: 54875 ns
[2022-04-22T08:39:48.853+0000][7][safepoint   ] Safepoint "ICBufferFull", Time since last: 1146083 ns, Reaching safepoint: 77625 ns, At safepoint: 2500 ns, Total: 80125 ns
[2022-04-22T08:39:48.857+0000][7][safepoint   ] Safepoint "ICBufferFull", Time since last: 3552209 ns, Reaching safepoint: 28958 ns, At safepoint: 1292 ns, Total: 30250 ns
[2022-04-22T08:39:48.869+0000][7][safepoint   ] Safepoint "ICBufferFull", Time since last: 12128166 ns, Reaching safepoint: 45500 ns, At safepoint: 1959 ns, Total: 47459 ns
[2022-04-22T08:39:48.896+0000][7][safepoint   ] Safepoint "ICBufferFull", Time since last: 27319708 ns, Reaching safepoint: 129583 ns, At safepoint: 3209 ns, Total: 132792 ns
[2022-04-22T08:39:48.901+0000][7][safepoint   ] Safepoint "ICBufferFull", Time since last: 4881041 ns, Reaching safepoint: 36584 ns, At safepoint: 1291 ns, Total: 37875 ns
[2022-04-22T08:39:48.903+0000][7][safepoint   ] Safepoint "ICBufferFull", Time since last: 1209792 ns, Reaching safepoint: 119917 ns, At safepoint: 30458 ns, Total: 150375 ns
[2022-04-22T08:39:48.904+0000][7][safepoint   ] Safepoint "ICBufferFull", Time since last: 1161875 ns, Reaching safepoint: 335792 ns, At safepoint: 30750 ns, Total: 366542 ns
[2022-04-22T08:39:48.905+0000][7][safepoint   ] Safepoint "ICBufferFull", Time since last: 1145250 ns, Reaching safepoint: 69458 ns, At safepoint: 2417 ns, Total: 71875 ns
[2022-04-22T08:39:48.907+0000][7][safepoint   ] Safepoint "ICBufferFull", Time since last: 1268916 ns, Reaching safepoint: 39875 ns, At safepoint: 1334 ns, Total: 41209 ns
[2022-04-22T08:39:48.910+0000][7][safepoint   ] Safepoint "ICBufferFull", Time since last: 3630916 ns, Reaching safepoint: 100500 ns, At safepoint: 2709 ns, Total: 103209 ns
[2022-04-22T08:39:48.917+0000][7][safepoint   ] Safepoint "ICBufferFull", Time since last: 6347041 ns, Reaching safepoint: 130625 ns, At safepoint: 18500 ns, Total: 149125 ns
[2022-04-22T08:39:48.919+0000][7][safepoint   ] Safepoint "ICBufferFull", Time since last: 1348917 ns, Reaching safepoint: 216750 ns, At safepoint: 11167 ns, Total: 227917 ns
[2022-04-22T08:39:48.920+0000][7][safepoint   ] Safepoint "ICBufferFull", Time since last: 1058250 ns, Reaching safepoint: 53458 ns, At safepoint: 1042 ns, Total: 54500 ns
[2022-04-22T08:39:48.922+0000][7][safepoint   ] Safepoint "ICBufferFull", Time since last: 2059083 ns, Reaching safepoint: 225000 ns, At safepoint: 13375 ns, Total: 238375 ns
[2022-04-22T08:39:48.977+0000][7][safepoint   ] Safepoint "ICBufferFull", Time since last: 55076167 ns, Reaching safepoint: 206333 ns, At safepoint: 11458 ns, Total: 217791 ns
[2022-04-22T08:39:49.103+0000][7][safepoint   ] Safepoint "ICBufferFull", Time since last: 125262500 ns, Reaching safepoint: 208959 ns, At safepoint: 10708 ns, Total: 219667 ns
[2022-04-22T08:39:49.861+0000][7][safepoint   ] Safepoint "ICBufferFull", Time since last: 758215751 ns, Reaching safepoint: 250458 ns, At safepoint: 2667 ns, Total: 253125 ns
[2022-04-22T08:39:50.007+0000][7][gc,start    ] GC(9) Pause Young (Concurrent Start) (Metadata GC Threshold)
[2022-04-22T08:39:50.008+0000][7][gc,task     ] GC(9) Using 5 workers of 5 for evacuation
[2022-04-22T08:39:50.009+0000][7][gc,age      ] GC(9) Desired survivor size 20971520 bytes, new threshold 15 (max threshold 15)
[2022-04-22T08:39:50.033+0000][7][gc,age      ] GC(9) Age table with threshold 15 (max threshold 15)
[2022-04-22T08:39:50.035+0000][7][gc,age      ] GC(9) - age   1:   27149984 bytes,   27149984 total
[2022-04-22T08:39:50.036+0000][7][gc,age      ] GC(9) - age   2:     901160 bytes,   28051144 total
[2022-04-22T08:39:50.037+0000][7][gc,age      ] GC(9) - age   3:    2144024 bytes,   30195168 total
[2022-04-22T08:39:50.037+0000][7][gc,age      ] GC(9) - age   4:    1302976 bytes,   31498144 total
[2022-04-22T08:39:50.038+0000][7][gc,age      ] GC(9) - age   5:    5083528 bytes,   36581672 total
[2022-04-22T08:39:50.039+0000][7][gc,age      ] GC(9) - age   6:    2138496 bytes,   38720168 total
[2022-04-22T08:39:50.040+0000][7][gc,age      ] GC(9) - age   7:     845680 bytes,   39565848 total
[2022-04-22T08:39:50.041+0000][7][gc,age      ] GC(9) - age   8:    1917176 bytes,   41483024 total
[2022-04-22T08:39:50.042+0000][7][gc,phases   ] GC(9)   Pre Evacuate Collection Set: 0.2ms
[2022-04-22T08:39:50.043+0000][7][gc,phases   ] GC(9)   Merge Heap Roots: 0.1ms
[2022-04-22T08:39:50.044+0000][7][gc,phases   ] GC(9)   Evacuate Collection Set: 20.5ms
[2022-04-22T08:39:50.045+0000][7][gc,phases   ] GC(9)   Post Evacuate Collection Set: 2.0ms
[2022-04-22T08:39:50.046+0000][7][gc,phases   ] GC(9)   Other: 12.4ms
[2022-04-22T08:39:50.047+0000][7][gc,heap     ] GC(9) Eden regions: 71->0(66)
[2022-04-22T08:39:50.047+0000][7][gc,heap     ] GC(9) Survivor regions: 4->10(10)
[2022-04-22T08:39:50.048+0000][7][gc,heap     ] GC(9) Old regions: 2->2
[2022-04-22T08:39:50.049+0000][7][gc,heap     ] GC(9) Archive regions: 2->2
[2022-04-22T08:39:50.050+0000][7][gc,heap     ] GC(9) Humongous regions: 0->0
[2022-04-22T08:39:50.050+0000][7][gc,metaspace] GC(9) Metaspace: 35249K(36096K)->35249K(36096K) NonClass: 30593K(31104K)->30593K(31104K) Class: 4656K(4992K)->4656K(4992K)
[2022-04-22T08:39:50.051+0000][7][gc          ] GC(9) Pause Young (Concurrent Start) (Metadata GC Threshold) 307M->48M(512M) 44.546ms
[2022-04-22T08:39:50.052+0000][7][gc,cpu      ] GC(9) User=0.09s Sys=0.00s Real=0.05s
[2022-04-22T08:39:50.052+0000][7][gc          ] GC(10) Concurrent Mark Cycle
[2022-04-22T08:39:50.052+0000][7][safepoint   ] Safepoint "CollectForMetadataAllocation", Time since last: 145379125 ns, Reaching safepoint: 98083 ns, At safepoint: 45685375 ns, Total: 45783458 ns
[2022-04-22T08:39:50.054+0000][7][gc,marking  ] GC(10) Concurrent Clear Claimed Marks
[2022-04-22T08:39:50.061+0000][7][gc,marking  ] GC(10) Concurrent Clear Claimed Marks 7.203ms
[2022-04-22T08:39:50.062+0000][7][gc,marking  ] GC(10) Concurrent Scan Root Regions
[2022-04-22T08:39:50.070+0000][7][safepoint   ] Safepoint "CollectForMetadataAllocation", Time since last: 17873667 ns, Reaching safepoint: 71208 ns, At safepoint: 26875 ns, Total: 98083 ns
[2022-04-22T08:39:50.079+0000][7][gc,marking  ] GC(10) Concurrent Scan Root Regions 17.265ms
[2022-04-22T08:39:50.080+0000][7][gc,marking  ] GC(10) Concurrent Mark
[2022-04-22T08:39:50.081+0000][7][gc,marking  ] GC(10) Concurrent Mark From Roots
[2022-04-22T08:39:50.083+0000][7][gc,task     ] GC(10) Using 1 workers of 1 for marking
[2022-04-22T08:39:50.080+0000][7][safepoint   ] Safepoint "CollectForMetadataAllocation", Time since last: 9780292 ns, Reaching safepoint: 25208 ns, At safepoint: 109417 ns, Total: 134625 ns
[2022-04-22T08:39:50.087+0000][7][gc,marking  ] GC(10) Concurrent Mark From Roots 5.717ms
[2022-04-22T08:39:50.088+0000][7][gc,marking  ] GC(10) Concurrent Preclean
[2022-04-22T08:39:50.089+0000][7][gc,marking  ] GC(10) Concurrent Preclean 0.729ms
[2022-04-22T08:39:50.090+0000][7][gc,start    ] GC(10) Pause Remark
[2022-04-22T08:39:50.094+0000][7][gc          ] GC(10) Pause Remark 52M->52M(512M) 4.065ms
[2022-04-22T08:39:50.094+0000][7][gc,cpu      ] GC(10) User=0.00s Sys=0.00s Real=0.01s
[2022-04-22T08:39:50.095+0000][7][safepoint   ] Safepoint "G1Concurrent", Time since last: 9185333 ns, Reaching safepoint: 204917 ns, At safepoint: 5798250 ns, Total: 6003167 ns
[2022-04-22T08:39:50.096+0000][7][gc,marking  ] GC(10) Concurrent Mark 15.589ms
[2022-04-22T08:39:50.097+0000][7][gc,marking  ] GC(10) Concurrent Rebuild Remembered Sets
[2022-04-22T08:39:50.099+0000][7][gc,marking  ] GC(10) Concurrent Rebuild Remembered Sets 2.668ms
[2022-04-22T08:39:50.100+0000][7][gc,start    ] GC(10) Pause Cleanup
[2022-04-22T08:39:50.101+0000][7][gc          ] GC(10) Pause Cleanup 52M->52M(512M) 0.562ms
[2022-04-22T08:39:50.102+0000][7][gc,cpu      ] GC(10) User=0.00s Sys=0.00s Real=0.01s
[2022-04-22T08:39:50.103+0000][7][safepoint   ] Safepoint "G1Concurrent", Time since last: 4753208 ns, Reaching safepoint: 253667 ns, At safepoint: 2202541 ns, Total: 2456208 ns
[2022-04-22T08:39:50.103+0000][7][gc,marking  ] GC(10) Concurrent Cleanup for Next Mark
[2022-04-22T08:39:50.105+0000][7][gc,marking  ] GC(10) Concurrent Cleanup for Next Mark 1.476ms
[2022-04-22T08:39:50.105+0000][7][gc          ] GC(10) Concurrent Mark Cycle 52.778ms
[2022-04-22T08:39:50.190+0000][7][safepoint   ] Safepoint "ICBufferFull", Time since last: 86717084 ns, Reaching safepoint: 139375 ns, At safepoint: 2833 ns, Total: 142208 ns
[2022-04-22T08:39:50.611+0000][7][safepoint   ] Safepoint "ICBufferFull", Time since last: 421535875 ns, Reaching safepoint: 195292 ns, At safepoint: 8167 ns, Total: 203459 ns
[2022-04-22T08:39:50.923+0000][7][gc,start    ] GC(11) Pause Young (Concurrent Start) (G1 Evacuation Pause)
[2022-04-22T08:39:50.924+0000][7][gc,task     ] GC(11) Using 5 workers of 5 for evacuation
[2022-04-22T08:39:50.925+0000][7][gc,age      ] GC(11) Desired survivor size 20971520 bytes, new threshold 1 (max threshold 15)
[2022-04-22T08:39:50.946+0000][7][gc,age      ] GC(11) Age table with threshold 1 (max threshold 15)
[2022-04-22T08:39:50.947+0000][7][gc,age      ] GC(11) - age   1:    6072200 bytes,    6072200 total
[2022-04-22T08:39:50.948+0000][7][gc,phases   ] GC(11)   Pre Evacuate Collection Set: 0.1ms
[2022-04-22T08:39:50.949+0000][7][gc,phases   ] GC(11)   Merge Heap Roots: 0.3ms
[2022-04-22T08:39:50.950+0000][7][gc,phases   ] GC(11)   Evacuate Collection Set: 18.0ms
[2022-04-22T08:39:50.951+0000][7][gc,phases   ] GC(11)   Post Evacuate Collection Set: 1.3ms
[2022-04-22T08:39:50.952+0000][7][gc,phases   ] GC(11)   Other: 6.0ms
[2022-04-22T08:39:50.953+0000][7][gc,heap     ] GC(11) Eden regions: 66->0(73)
[2022-04-22T08:39:50.954+0000][7][gc,heap     ] GC(11) Survivor regions: 10->3(10)
[2022-04-22T08:39:50.955+0000][7][gc,heap     ] GC(11) Old regions: 2->11
[2022-04-22T08:39:50.955+0000][7][gc,heap     ] GC(11) Archive regions: 2->2
[2022-04-22T08:39:50.956+0000][7][gc,heap     ] GC(11) Humongous regions: 0->0
[2022-04-22T08:39:50.956+0000][7][gc,metaspace] GC(11) Metaspace: 52106K(53248K)->52106K(53248K) NonClass: 45036K(45696K)->45036K(45696K) Class: 7069K(7552K)->7069K(7552K)
[2022-04-22T08:39:50.957+0000][7][gc          ] GC(11) Pause Young (Concurrent Start) (G1 Evacuation Pause) 312M->57M(512M) 34.579ms
[2022-04-22T08:39:50.958+0000][7][gc,cpu      ] GC(11) User=0.07s Sys=0.01s Real=0.03s
[2022-04-22T08:39:50.959+0000][7][safepoint   ] Safepoint "G1CollectForAllocation", Time since last: 311422375 ns, Reaching safepoint: 130416 ns, At safepoint: 36257334 ns, Total: 36387750 ns
[2022-04-22T08:39:50.959+0000][7][gc          ] GC(12) Concurrent Mark Cycle
[2022-04-22T08:39:50.963+0000][7][gc,marking  ] GC(12) Concurrent Clear Claimed Marks
[2022-04-22T08:39:50.964+0000][7][gc,marking  ] GC(12) Concurrent Clear Claimed Marks 0.838ms
[2022-04-22T08:39:50.965+0000][7][gc,marking  ] GC(12) Concurrent Scan Root Regions
[2022-04-22T08:39:50.983+0000][7][gc,marking  ] GC(12) Concurrent Scan Root Regions 18.241ms
[2022-04-22T08:39:50.984+0000][7][gc,marking  ] GC(12) Concurrent Mark
[2022-04-22T08:39:50.985+0000][7][gc,marking  ] GC(12) Concurrent Mark From Roots
[2022-04-22T08:39:50.986+0000][7][gc,task     ] GC(12) Using 1 workers of 1 for marking
[2022-04-22T08:39:50.990+0000][7][gc,marking  ] GC(12) Concurrent Mark From Roots 5.182ms
[2022-04-22T08:39:50.991+0000][7][gc,marking  ] GC(12) Concurrent Preclean
[2022-04-22T08:39:50.992+0000][7][gc,marking  ] GC(12) Concurrent Preclean 1.510ms
[2022-04-22T08:39:50.994+0000][7][gc,start    ] GC(12) Pause Remark
[2022-04-22T08:39:51.000+0000][7][gc          ] GC(12) Pause Remark 75M->75M(512M) 5.913ms
[2022-04-22T08:39:51.001+0000][7][gc,cpu      ] GC(12) User=0.01s Sys=0.00s Real=0.00s
[2022-04-22T08:39:51.002+0000][7][safepoint   ] Safepoint "G1Concurrent", Time since last: 34313333 ns, Reaching safepoint: 448250 ns, At safepoint: 8050542 ns, Total: 8498792 ns
[2022-04-22T08:39:51.003+0000][7][gc,marking  ] GC(12) Concurrent Mark 18.731ms
[2022-04-22T08:39:51.003+0000][7][gc,marking  ] GC(12) Concurrent Rebuild Remembered Sets
[2022-04-22T08:39:51.005+0000][7][gc,marking  ] GC(12) Concurrent Rebuild Remembered Sets 1.694ms
[2022-04-22T08:39:51.006+0000][7][gc,start    ] GC(12) Pause Cleanup
[2022-04-22T08:39:51.007+0000][7][gc          ] GC(12) Pause Cleanup 77M->77M(512M) 0.815ms
[2022-04-22T08:39:51.008+0000][7][gc,cpu      ] GC(12) User=0.00s Sys=0.00s Real=0.00s
[2022-04-22T08:39:51.009+0000][7][safepoint   ] Safepoint "G1Concurrent", Time since last: 3691000 ns, Reaching safepoint: 122708 ns, At safepoint: 3040625 ns, Total: 3163333 ns
[2022-04-22T08:39:51.010+0000][7][gc,marking  ] GC(12) Concurrent Cleanup for Next Mark
[2022-04-22T08:39:51.018+0000][7][gc,marking  ] GC(12) Concurrent Cleanup for Next Mark 7.733ms
[2022-04-22T08:39:51.019+0000][7][gc          ] GC(12) Concurrent Mark Cycle 59.524ms
[2022-04-22T08:39:51.228+0000][7][safepoint   ] Safepoint "ICBufferFull", Time since last: 219229417 ns, Reaching safepoint: 131958 ns, At safepoint: 8583 ns, Total: 140541 ns
[2022-04-22T08:39:51.418+0000][7][safepoint   ] Safepoint "ICBufferFull", Time since last: 189737917 ns, Reaching safepoint: 582625 ns, At safepoint: 3125 ns, Total: 585750 ns
[2022-04-22T08:39:51.848+0000][7][safepoint   ] Safepoint "ICBufferFull", Time since last: 428836750 ns, Reaching safepoint: 265834 ns, At safepoint: 12500 ns, Total: 278334 ns
[2022-04-22T08:39:51.982+0000][7][safepoint   ] Safepoint "ICBufferFull", Time since last: 133886417 ns, Reaching safepoint: 163416 ns, At safepoint: 2959 ns, Total: 166375 ns
[2022-04-22T08:39:52.093+0000][7][safepoint   ] Safepoint "ICBufferFull", Time since last: 111089750 ns, Reaching safepoint: 159375 ns, At safepoint: 7083 ns, Total: 166458 ns
[2022-04-22T08:39:52.427+0000][7][safepoint   ] Safepoint "ICBufferFull", Time since last: 333898583 ns, Reaching safepoint: 120709 ns, At safepoint: 2791 ns, Total: 123500 ns
[2022-04-22T08:39:52.709+0000][7][safepoint   ] Safepoint "ICBufferFull", Time since last: 281851626 ns, Reaching safepoint: 330833 ns, At safepoint: 8208 ns, Total: 339041 ns
[2022-04-22T08:39:52.771+0000][7][gc,start    ] GC(13) Pause Young (Normal) (G1 Evacuation Pause)
[2022-04-22T08:39:52.772+0000][7][gc,task     ] GC(13) Using 5 workers of 5 for evacuation
[2022-04-22T08:39:52.773+0000][7][gc,age      ] GC(13) Desired survivor size 20971520 bytes, new threshold 15 (max threshold 15)
[2022-04-22T08:39:52.792+0000][7][gc,age      ] GC(13) Age table with threshold 15 (max threshold 15)
[2022-04-22T08:39:52.794+0000][7][gc,age      ] GC(13) - age   1:   13580856 bytes,   13580856 total
[2022-04-22T08:39:52.795+0000][7][gc,age      ] GC(13) - age   2:    5875864 bytes,   19456720 total
[2022-04-22T08:39:52.796+0000][7][gc,phases   ] GC(13)   Pre Evacuate Collection Set: 0.1ms
[2022-04-22T08:39:52.796+0000][7][gc,phases   ] GC(13)   Merge Heap Roots: 0.1ms
[2022-04-22T08:39:52.798+0000][7][gc,phases   ] GC(13)   Evacuate Collection Set: 12.4ms
[2022-04-22T08:39:52.798+0000][7][gc,phases   ] GC(13)   Post Evacuate Collection Set: 4.9ms
[2022-04-22T08:39:52.800+0000][7][gc,phases   ] GC(13)   Other: 7.3ms
[2022-04-22T08:39:52.801+0000][7][gc,heap     ] GC(13) Eden regions: 73->0(71)
[2022-04-22T08:39:52.801+0000][7][gc,heap     ] GC(13) Survivor regions: 3->5(10)
[2022-04-22T08:39:52.802+0000][7][gc,heap     ] GC(13) Old regions: 11->11
[2022-04-22T08:39:52.803+0000][7][gc,heap     ] GC(13) Archive regions: 2->2
[2022-04-22T08:39:52.804+0000][7][gc,heap     ] GC(13) Humongous regions: 0->0
[2022-04-22T08:39:52.805+0000][7][gc,metaspace] GC(13) Metaspace: 85209K(86656K)->85209K(86656K) NonClass: 73395K(74240K)->73395K(74240K) Class: 11813K(12416K)->11813K(12416K)
[2022-04-22T08:39:52.806+0000][7][gc          ] GC(13) Pause Young (Normal) (G1 Evacuation Pause) 349M->67M(512M) 35.131ms
[2022-04-22T08:39:52.807+0000][7][gc,cpu      ] GC(13) User=0.04s Sys=0.00s Real=0.04s
[2022-04-22T08:39:52.808+0000][7][safepoint   ] Safepoint "G1CollectForAllocation", Time since last: 61648875 ns, Reaching safepoint: 166209 ns, At safepoint: 36675041 ns, Total: 36841250 ns
[2022-04-22T08:39:52.838+0000][7][safepoint   ] Safepoint "ICBufferFull", Time since last: 29816584 ns, Reaching safepoint: 219375 ns, At safepoint: 3208 ns, Total: 222583 ns
[2022-04-22T08:39:53.312+0000][7][safepoint   ] Safepoint "ICBufferFull", Time since last: 474380292 ns, Reaching safepoint: 142666 ns, At safepoint: 4292 ns, Total: 146958 ns
[2022-04-22T08:39:53.320+0000][7][gc,start    ] GC(14) Pause Young (Concurrent Start) (Metadata GC Threshold)
[2022-04-22T08:39:53.321+0000][7][gc,task     ] GC(14) Using 5 workers of 5 for evacuation
[2022-04-22T08:39:53.322+0000][7][gc,age      ] GC(14) Desired survivor size 20971520 bytes, new threshold 15 (max threshold 15)
[2022-04-22T08:39:53.333+0000][7][gc,age      ] GC(14) Age table with threshold 15 (max threshold 15)
[2022-04-22T08:39:53.336+0000][7][gc,age      ] GC(14) - age   1:     688832 bytes,     688832 total
[2022-04-22T08:39:53.336+0000][7][gc,age      ] GC(14) - age   2:   13306176 bytes,   13995008 total
[2022-04-22T08:39:53.337+0000][7][gc,age      ] GC(14) - age   3:    5849952 bytes,   19844960 total
[2022-04-22T08:39:53.338+0000][7][gc,phases   ] GC(14)   Pre Evacuate Collection Set: 0.2ms
[2022-04-22T08:39:53.339+0000][7][gc,phases   ] GC(14)   Merge Heap Roots: 0.2ms
[2022-04-22T08:39:53.339+0000][7][gc,phases   ] GC(14)   Evacuate Collection Set: 7.3ms
[2022-04-22T08:39:53.340+0000][7][gc,phases   ] GC(14)   Post Evacuate Collection Set: 1.6ms
[2022-04-22T08:39:53.341+0000][7][gc,phases   ] GC(14)   Other: 8.7ms
[2022-04-22T08:39:53.342+0000][7][gc,heap     ] GC(14) Eden regions: 5->0(71)
[2022-04-22T08:39:53.343+0000][7][gc,heap     ] GC(14) Survivor regions: 5->5(10)
[2022-04-22T08:39:53.343+0000][7][gc,heap     ] GC(14) Old regions: 11->11
[2022-04-22T08:39:53.344+0000][7][gc,heap     ] GC(14) Archive regions: 2->2
[2022-04-22T08:39:53.344+0000][7][gc,heap     ] GC(14) Humongous regions: 0->0
[2022-04-22T08:39:53.345+0000][7][gc,metaspace] GC(14) Metaspace: 87333K(88768K)->87333K(88768K) NonClass: 75182K(75968K)->75182K(75968K) Class: 12150K(12800K)->12150K(12800K)
[2022-04-22T08:39:53.345+0000][7][gc          ] GC(14) Pause Young (Concurrent Start) (Metadata GC Threshold) 85M->67M(512M) 25.304ms
[2022-04-22T08:39:53.346+0000][7][gc,cpu      ] GC(14) User=0.03s Sys=0.00s Real=0.03s
[2022-04-22T08:39:53.347+0000][7][gc          ] GC(15) Concurrent Mark Cycle
[2022-04-22T08:39:53.347+0000][7][gc,marking  ] GC(15) Concurrent Clear Claimed Marks
[2022-04-22T08:39:53.347+0000][7][safepoint   ] Safepoint "CollectForMetadataAllocation", Time since last: 7841208 ns, Reaching safepoint: 85125 ns, At safepoint: 26656542 ns, Total: 26741667 ns
[2022-04-22T08:39:53.349+0000][7][gc,marking  ] GC(15) Concurrent Clear Claimed Marks 1.225ms
[2022-04-22T08:39:53.350+0000][7][gc,marking  ] GC(15) Concurrent Scan Root Regions
[2022-04-22T08:39:53.362+0000][7][gc,marking  ] GC(15) Concurrent Scan Root Regions 11.288ms
[2022-04-22T08:39:53.363+0000][7][gc,marking  ] GC(15) Concurrent Mark
[2022-04-22T08:39:53.368+0000][7][gc,marking  ] GC(15) Concurrent Mark From Roots
[2022-04-22T08:39:53.369+0000][7][gc,task     ] GC(15) Using 1 workers of 1 for marking
[2022-04-22T08:39:53.423+0000][7][gc,marking  ] GC(15) Concurrent Mark From Roots 55.245ms
[2022-04-22T08:39:53.424+0000][7][gc,marking  ] GC(15) Concurrent Preclean
[2022-04-22T08:39:53.425+0000][7][gc,marking  ] GC(15) Concurrent Preclean 0.999ms
[2022-04-22T08:39:53.430+0000][7][gc,start    ] GC(15) Pause Remark
[2022-04-22T08:39:53.434+0000][7][gc          ] GC(15) Pause Remark 71M->71M(512M) 3.818ms
[2022-04-22T08:39:53.435+0000][7][gc,cpu      ] GC(15) User=0.01s Sys=0.00s Real=0.01s
[2022-04-22T08:39:53.436+0000][7][safepoint   ] Safepoint "G1Concurrent", Time since last: 82539167 ns, Reaching safepoint: 1191792 ns, At safepoint: 5444000 ns, Total: 6635792 ns
[2022-04-22T08:39:53.437+0000][7][gc,marking  ] GC(15) Concurrent Mark 73.850ms
[2022-04-22T08:39:53.437+0000][7][gc,marking  ] GC(15) Concurrent Rebuild Remembered Sets
[2022-04-22T08:39:53.438+0000][7][gc,marking  ] GC(15) Concurrent Rebuild Remembered Sets 0.808ms
[2022-04-22T08:39:53.439+0000][7][gc,start    ] GC(15) Pause Cleanup
[2022-04-22T08:39:53.440+0000][7][gc          ] GC(15) Pause Cleanup 71M->71M(512M) 0.741ms
[2022-04-22T08:39:53.441+0000][7][gc,cpu      ] GC(15) User=0.00s Sys=0.00s Real=0.00s
[2022-04-22T08:39:53.441+0000][7][safepoint   ] Safepoint "G1Concurrent", Time since last: 3206583 ns, Reaching safepoint: 306000 ns, At safepoint: 2036250 ns, Total: 2342250 ns
[2022-04-22T08:39:53.442+0000][7][gc,marking  ] GC(15) Concurrent Cleanup for Next Mark
[2022-04-22T08:39:53.443+0000][7][gc,marking  ] GC(15) Concurrent Cleanup for Next Mark 0.957ms
[2022-04-22T08:39:53.444+0000][7][gc          ] GC(15) Concurrent Mark Cycle 97.270ms
[2022-04-22T08:39:53.729+0000][7][safepoint   ] Safepoint "ICBufferFull", Time since last: 287097083 ns, Reaching safepoint: 378834 ns, At safepoint: 26541 ns, Total: 405375 ns
[2022-04-22T08:39:54.084+0000][7][safepoint   ] Safepoint "ICBufferFull", Time since last: 354951626 ns, Reaching safepoint: 149958 ns, At safepoint: 11708 ns, Total: 161666 ns
[2022-04-22T08:39:54.304+0000][7][safepoint   ] Safepoint "ICBufferFull", Time since last: 218919792 ns, Reaching safepoint: 547083 ns, At safepoint: 19875 ns, Total: 566958 ns
[2022-04-22T08:39:54.524+0000][7][safepoint   ] Safepoint "ICBufferFull", Time since last: 220437042 ns, Reaching safepoint: 264167 ns, At safepoint: 5333 ns, Total: 269500 ns
[2022-04-22T08:39:55.065+0000][7][safepoint   ] Safepoint "ICBufferFull", Time since last: 539974209 ns, Reaching safepoint: 376250 ns, At safepoint: 53375 ns, Total: 429625 ns
[2022-04-22T08:39:55.532+0000][7][safepoint   ] Safepoint "ICBufferFull", Time since last: 466865833 ns, Reaching safepoint: 182167 ns, At safepoint: 2167 ns, Total: 184334 ns
[2022-04-22T08:39:56.295+0000][7][safepoint   ] Safepoint "ICBufferFull", Time since last: 762729667 ns, Reaching safepoint: 337958 ns, At safepoint: 28292 ns, Total: 366250 ns
[2022-04-22T08:39:56.648+0000][7][safepoint   ] Safepoint "ICBufferFull", Time since last: 352564833 ns, Reaching safepoint: 377708 ns, At safepoint: 13250 ns, Total: 390958 ns
[2022-04-22T08:39:56.693+0000][7][safepoint   ] Safepoint "ICBufferFull", Time since last: 45176709 ns, Reaching safepoint: 189875 ns, At safepoint: 18833 ns, Total: 208708 ns
[2022-04-22T08:39:56.946+0000][7][safepoint   ] Safepoint "ICBufferFull", Time since last: 252557125 ns, Reaching safepoint: 564917 ns, At safepoint: 6750 ns, Total: 571667 ns
[2022-04-22T08:39:57.412+0000][7][safepoint   ] Safepoint "ICBufferFull", Time since last: 465808458 ns, Reaching safepoint: 333750 ns, At safepoint: 6459 ns, Total: 340209 ns
[2022-04-22T08:39:57.914+0000][7][safepoint   ] Safepoint "ICBufferFull", Time since last: 501620833 ns, Reaching safepoint: 443875 ns, At safepoint: 8625 ns, Total: 452500 ns
[2022-04-22T08:39:58.288+0000][7][gc,start    ] GC(16) Pause Young (Normal) (G1 Evacuation Pause)
[2022-04-22T08:39:58.289+0000][7][gc,task     ] GC(16) Using 5 workers of 5 for evacuation
[2022-04-22T08:39:58.290+0000][7][gc,age      ] GC(16) Desired survivor size 20971520 bytes, new threshold 15 (max threshold 15)
[2022-04-22T08:39:58.310+0000][7][gc,age      ] GC(16) Age table with threshold 15 (max threshold 15)
[2022-04-22T08:39:58.311+0000][7][gc,age      ] GC(16) - age   1:    6782248 bytes,    6782248 total
[2022-04-22T08:39:58.312+0000][7][gc,age      ] GC(16) - age   2:     555416 bytes,    7337664 total
[2022-04-22T08:39:58.313+0000][7][gc,age      ] GC(16) - age   3:   13157176 bytes,   20494840 total
[2022-04-22T08:39:58.313+0000][7][gc,age      ] GC(16) - age   4:    5667368 bytes,   26162208 total
[2022-04-22T08:39:58.314+0000][7][gc,phases   ] GC(16)   Pre Evacuate Collection Set: 0.3ms
[2022-04-22T08:39:58.315+0000][7][gc,phases   ] GC(16)   Merge Heap Roots: 0.3ms
[2022-04-22T08:39:58.316+0000][7][gc,phases   ] GC(16)   Evacuate Collection Set: 16.5ms
[2022-04-22T08:39:58.316+0000][7][gc,phases   ] GC(16)   Post Evacuate Collection Set: 1.9ms
[2022-04-22T08:39:58.317+0000][7][gc,phases   ] GC(16)   Other: 7.8ms
[2022-04-22T08:39:58.318+0000][7][gc,heap     ] GC(16) Eden regions: 71->0(69)
[2022-04-22T08:39:58.319+0000][7][gc,heap     ] GC(16) Survivor regions: 5->7(10)
[2022-04-22T08:39:58.319+0000][7][gc,heap     ] GC(16) Old regions: 11->11
[2022-04-22T08:39:58.320+0000][7][gc,heap     ] GC(16) Archive regions: 2->2
[2022-04-22T08:39:58.320+0000][7][gc,heap     ] GC(16) Humongous regions: 2->2
[2022-04-22T08:39:58.321+0000][7][gc,metaspace] GC(16) Metaspace: 98113K(99584K)->98113K(99584K) NonClass: 84325K(85184K)->84325K(85184K) Class: 13788K(14400K)->13788K(14400K)
[2022-04-22T08:39:58.321+0000][7][gc          ] GC(16) Pause Young (Normal) (G1 Evacuation Pause) 359M->82M(512M) 33.797ms
[2022-04-22T08:39:58.322+0000][7][gc,cpu      ] GC(16) User=0.04s Sys=0.00s Real=0.04s
[2022-04-22T08:39:58.323+0000][7][safepoint   ] Safepoint "G1CollectForAllocation", Time since last: 372926751 ns, Reaching safepoint: 146458 ns, At safepoint: 35900708 ns, Total: 36047166 ns
[2022-04-22T08:39:58.944+0000][7][safepoint   ] Safepoint "ICBufferFull", Time since last: 619695751 ns, Reaching safepoint: 894291 ns, At safepoint: 8625 ns, Total: 902916 ns
[2022-04-22T08:39:59.551+0000][7][safepoint   ] Safepoint "ICBufferFull", Time since last: 606275792 ns, Reaching safepoint: 434333 ns, At safepoint: 13167 ns, Total: 447500 ns
[2022-04-22T08:39:59.710+0000][7][safepoint   ] Safepoint "ICBufferFull", Time since last: 158922875 ns, Reaching safepoint: 392834 ns, At safepoint: 239833 ns, Total: 632667 ns
[2022-04-22T08:39:59.822+0000][7][safepoint   ] Safepoint "ICBufferFull", Time since last: 111652000 ns, Reaching safepoint: 245125 ns, At safepoint: 15708 ns, Total: 260833 ns
[2022-04-22T08:40:00.151+0000][7][safepoint   ] Safepoint "ICBufferFull", Time since last: 328130542 ns, Reaching safepoint: 536042 ns, At safepoint: 140916 ns, Total: 676958 ns
[2022-04-22T08:40:00.379+0000][7][safepoint   ] Safepoint "ICBufferFull", Time since last: 226035792 ns, Reaching safepoint: 2141667 ns, At safepoint: 15708 ns, Total: 2157375 ns
[2022-04-22T08:40:01.086+0000][7][safepoint   ] Safepoint "ICBufferFull", Time since last: 706910833 ns, Reaching safepoint: 482125 ns, At safepoint: 4000 ns, Total: 486125 ns
[2022-04-22T08:40:01.492+0000][7][safepoint   ] Safepoint "ICBufferFull", Time since last: 404873375 ns, Reaching safepoint: 546250 ns, At safepoint: 32625 ns, Total: 578875 ns
[2022-04-22T08:40:01.516+0000][7][safepoint   ] Safepoint "ICBufferFull", Time since last: 23705709 ns, Reaching safepoint: 548375 ns, At safepoint: 340000 ns, Total: 888375 ns
[2022-04-22T08:40:01.591+0000][7][safepoint   ] Safepoint "ICBufferFull", Time since last: 74306458 ns, Reaching safepoint: 693583 ns, At safepoint: 31625 ns, Total: 725208 ns
[2022-04-22T08:40:01.863+0000][7][safepoint   ] Safepoint "ICBufferFull", Time since last: 268895709 ns, Reaching safepoint: 843583 ns, At safepoint: 1875792 ns, Total: 2719375 ns
[2022-04-22T08:40:02.228+0000][7][safepoint   ] Safepoint "ICBufferFull", Time since last: 364307333 ns, Reaching safepoint: 128084 ns, At safepoint: 3250 ns, Total: 131334 ns
[2022-04-22T08:40:02.580+0000][7][gc,start    ] GC(17) Pause Young (Normal) (G1 Evacuation Pause)
[2022-04-22T08:40:02.582+0000][7][gc,task     ] GC(17) Using 5 workers of 5 for evacuation
[2022-04-22T08:40:02.583+0000][7][gc,age      ] GC(17) Desired survivor size 20971520 bytes, new threshold 4 (max threshold 15)
[2022-04-22T08:40:02.602+0000][7][gc,age      ] GC(17) Age table with threshold 4 (max threshold 15)
[2022-04-22T08:40:02.604+0000][7][gc,age      ] GC(17) - age   1:   15991256 bytes,   15991256 total
[2022-04-22T08:40:02.605+0000][7][gc,age      ] GC(17) - age   2:    5944512 bytes,   21935768 total
[2022-04-22T08:40:02.606+0000][7][gc,age      ] GC(17) - age   3:     552480 bytes,   22488248 total
[2022-04-22T08:40:02.607+0000][7][gc,age      ] GC(17) - age   4:   13150048 bytes,   35638296 total
[2022-04-22T08:40:02.608+0000][7][gc,phases   ] GC(17)   Pre Evacuate Collection Set: 0.2ms
[2022-04-22T08:40:02.609+0000][7][gc,phases   ] GC(17)   Merge Heap Roots: 0.3ms
[2022-04-22T08:40:02.610+0000][7][gc,phases   ] GC(17)   Evacuate Collection Set: 15.7ms
[2022-04-22T08:40:02.612+0000][7][gc,phases   ] GC(17)   Post Evacuate Collection Set: 2.5ms
[2022-04-22T08:40:02.614+0000][7][gc,phases   ] GC(17)   Other: 10.1ms
[2022-04-22T08:40:02.615+0000][7][gc,heap     ] GC(17) Eden regions: 69->0(67)
[2022-04-22T08:40:02.617+0000][7][gc,heap     ] GC(17) Survivor regions: 7->9(10)
[2022-04-22T08:40:02.618+0000][7][gc,heap     ] GC(17) Old regions: 11->13
[2022-04-22T08:40:02.619+0000][7][gc,heap     ] GC(17) Archive regions: 2->2
[2022-04-22T08:40:02.621+0000][7][gc,heap     ] GC(17) Humongous regions: 2->2
[2022-04-22T08:40:02.622+0000][7][gc,metaspace] GC(17) Metaspace: 104021K(105600K)->104021K(105600K) NonClass: 89456K(90368K)->89456K(90368K) Class: 14564K(15232K)->14564K(15232K)
[2022-04-22T08:40:02.623+0000][7][gc          ] GC(17) Pause Young (Normal) (G1 Evacuation Pause) 358M->97M(512M) 43.177ms
[2022-04-22T08:40:02.625+0000][7][gc,cpu      ] GC(17) User=0.06s Sys=0.00s Real=0.05s
[2022-04-22T08:40:02.626+0000][7][safepoint   ] Safepoint "G1CollectForAllocation", Time since last: 351836333 ns, Reaching safepoint: 197334 ns, At safepoint: 46694541 ns, Total: 46891875 ns
[2022-04-22T08:40:02.955+0000][7][safepoint   ] Safepoint "ICBufferFull", Time since last: 328438084 ns, Reaching safepoint: 402250 ns, At safepoint: 55875 ns, Total: 458125 ns
[2022-04-22T08:40:02.956+0000][7][safepoint   ] Safepoint "ICBufferFull", Time since last: 1138166 ns, Reaching safepoint: 65250 ns, At safepoint: 3292 ns, Total: 68542 ns
[2022-04-22T08:40:03.476+0000][7][safepoint   ] Safepoint "ICBufferFull", Time since last: 519143209 ns, Reaching safepoint: 400875 ns, At safepoint: 4166 ns, Total: 405041 ns
[2022-04-22T08:40:04.054+0000][7][safepoint   ] Safepoint "ICBufferFull", Time since last: 578235334 ns, Reaching safepoint: 265375 ns, At safepoint: 20292 ns, Total: 285667 ns
[2022-04-22T08:40:04.320+0000][7][safepoint   ] Safepoint "ICBufferFull", Time since last: 265275166 ns, Reaching safepoint: 139542 ns, At safepoint: 12208 ns, Total: 151750 ns
[2022-04-22T08:40:04.714+0000][7][safepoint   ] Safepoint "ICBufferFull", Time since last: 393601292 ns, Reaching safepoint: 311375 ns, At safepoint: 5250 ns, Total: 316625 ns
[2022-04-22T08:40:05.408+0000][7][safepoint   ] Safepoint "ICBufferFull", Time since last: 693134084 ns, Reaching safepoint: 584083 ns, At safepoint: 6084 ns, Total: 590167 ns
[2022-04-22T08:40:05.605+0000][7][safepoint   ] Safepoint "ICBufferFull", Time since last: 197765833 ns, Reaching safepoint: 185458 ns, At safepoint: 7459 ns, Total: 192917 ns
[2022-04-22T08:40:05.898+0000][7][safepoint   ] Safepoint "ICBufferFull", Time since last: 292659458 ns, Reaching safepoint: 134542 ns, At safepoint: 4083 ns, Total: 138625 ns
[2022-04-22T08:40:06.035+0000][7][safepoint   ] Safepoint "ICBufferFull", Time since last: 136294959 ns, Reaching safepoint: 264375 ns, At safepoint: 20750 ns, Total: 285125 ns
[2022-04-22T08:40:06.136+0000][7][safepoint   ] Safepoint "ICBufferFull", Time since last: 100623791 ns, Reaching safepoint: 577959 ns, At safepoint: 20041 ns, Total: 598000 ns
[2022-04-22T08:40:06.639+0000][7][safepoint   ] Safepoint "ICBufferFull", Time since last: 502510417 ns, Reaching safepoint: 328625 ns, At safepoint: 68167 ns, Total: 396792 ns
[2022-04-22T08:40:07.619+0000][7][safepoint   ] Safepoint "ICBufferFull", Time since last: 979862084 ns, Reaching safepoint: 442541 ns, At safepoint: 13167 ns, Total: 455708 ns
[2022-04-22T08:40:08.572+0000][7][safepoint   ] Safepoint "ICBufferFull", Time since last: 952396750 ns, Reaching safepoint: 232792 ns, At safepoint: 33083 ns, Total: 265875 ns
[2022-04-22T08:40:08.932+0000][7][safepoint   ] Safepoint "ICBufferFull", Time since last: 359666751 ns, Reaching safepoint: 504541 ns, At safepoint: 28667 ns, Total: 533208 ns
[2022-04-22T08:40:09.011+0000][7][safepoint   ] Safepoint "ICBufferFull", Time since last: 78525042 ns, Reaching safepoint: 240333 ns, At safepoint: 117167 ns, Total: 357500 ns
[2022-04-22T08:40:09.113+0000][7][safepoint   ] Safepoint "ICBufferFull", Time since last: 101419208 ns, Reaching safepoint: 199583 ns, At safepoint: 6417 ns, Total: 206000 ns
[2022-04-22T08:40:10.115+0000][7][safepoint   ] Safepoint "Cleanup", Time since last: 1001716126 ns, Reaching safepoint: 378625 ns, At safepoint: 10125 ns, Total: 388750 ns
[2022-04-22T08:40:11.120+0000][7][safepoint   ] Safepoint "Cleanup", Time since last: 1004862417 ns, Reaching safepoint: 263916 ns, At safepoint: 14584 ns, Total: 278500 ns
[2022-04-22T08:40:12.124+0000][7][safepoint   ] Safepoint "Cleanup", Time since last: 1003344333 ns, Reaching safepoint: 337334 ns, At safepoint: 8166 ns, Total: 345500 ns
[2022-04-22T08:40:13.140+0000][7][safepoint   ] Safepoint "Cleanup", Time since last: 1015863501 ns, Reaching safepoint: 130583 ns, At safepoint: 4042 ns, Total: 134625 ns
[2022-04-22T08:40:14.619+0000][7][gc,start    ] GC(18) Pause Young (Normal) (G1 Evacuation Pause)
[2022-04-22T08:40:14.620+0000][7][gc,task     ] GC(18) Using 5 workers of 5 for evacuation
[2022-04-22T08:40:14.621+0000][7][gc,age      ] GC(18) Desired survivor size 20971520 bytes, new threshold 2 (max threshold 15)
[2022-04-22T08:40:14.638+0000][7][gc,age      ] GC(18) Age table with threshold 2 (max threshold 15)
[2022-04-22T08:40:14.641+0000][7][gc,age      ] GC(18) - age   1:    4465304 bytes,    4465304 total
[2022-04-22T08:40:14.641+0000][7][gc,age      ] GC(18) - age   2:    6682344 bytes,   11147648 total
[2022-04-22T08:40:14.643+0000][7][gc,phases   ] GC(18)   Pre Evacuate Collection Set: 0.2ms
[2022-04-22T08:40:14.644+0000][7][gc,phases   ] GC(18)   Merge Heap Roots: 0.2ms
[2022-04-22T08:40:14.645+0000][7][gc,phases   ] GC(18)   Evacuate Collection Set: 13.5ms
[2022-04-22T08:40:14.646+0000][7][gc,phases   ] GC(18)   Post Evacuate Collection Set: 1.5ms
[2022-04-22T08:40:14.647+0000][7][gc,phases   ] GC(18)   Other: 8.7ms
[2022-04-22T08:40:14.648+0000][7][gc,heap     ] GC(18) Eden regions: 67->0(72)
[2022-04-22T08:40:14.648+0000][7][gc,heap     ] GC(18) Survivor regions: 9->4(10)
[2022-04-22T08:40:14.649+0000][7][gc,heap     ] GC(18) Old regions: 13->18
[2022-04-22T08:40:14.650+0000][7][gc,heap     ] GC(18) Archive regions: 2->2
[2022-04-22T08:40:14.650+0000][7][gc,heap     ] GC(18) Humongous regions: 2->2
[2022-04-22T08:40:14.651+0000][7][gc,metaspace] GC(18) Metaspace: 108519K(110272K)->108519K(110272K) NonClass: 93415K(94464K)->93415K(94464K) Class: 15103K(15808K)->15103K(15808K)
[2022-04-22T08:40:14.652+0000][7][gc          ] GC(18) Pause Young (Normal) (G1 Evacuation Pause) 365M->93M(512M) 33.158ms
[2022-04-22T08:40:14.653+0000][7][gc,cpu      ] GC(18) User=0.07s Sys=0.01s Real=0.04s
[2022-04-22T08:40:14.654+0000][7][safepoint   ] Safepoint "G1CollectForAllocation", Time since last: 1478585751 ns, Reaching safepoint: 386583 ns, At safepoint: 35261417 ns, Total: 35648000 ns
[2022-04-22T08:40:15.656+0000][7][safepoint   ] Safepoint "Cleanup", Time since last: 1001434375 ns, Reaching safepoint: 418875 ns, At safepoint: 8042 ns, Total: 426917 ns
[2022-04-22T08:40:16.662+0000][7][safepoint   ] Safepoint "Cleanup", Time since last: 1006339792 ns, Reaching safepoint: 360833 ns, At safepoint: 7792 ns, Total: 368625 ns
[2022-04-22T08:40:17.667+0000][7][safepoint   ] Safepoint "Cleanup", Time since last: 1004036459 ns, Reaching safepoint: 125958 ns, At safepoint: 3042 ns, Total: 129000 ns
[2022-04-22T08:40:20.674+0000][7][safepoint   ] Safepoint "Cleanup", Time since last: 3005898043 ns, Reaching safepoint: 1093125 ns, At safepoint: 8750 ns, Total: 1101875 ns
[2022-04-22T08:40:21.401+0000][7][safepoint   ] Safepoint "ICBufferFull", Time since last: 727053042 ns, Reaching safepoint: 166500 ns, At safepoint: 82083 ns, Total: 248583 ns
[2022-04-22T08:40:21.951+0000][7][safepoint   ] Safepoint "ICBufferFull", Time since last: 549836417 ns, Reaching safepoint: 274250 ns, At safepoint: 4459 ns, Total: 278709 ns
[2022-04-22T08:40:22.958+0000][7][safepoint   ] Safepoint "Cleanup", Time since last: 1006315083 ns, Reaching safepoint: 720917 ns, At safepoint: 18333 ns, Total: 739250 ns
[2022-04-22T08:40:23.969+0000][7][safepoint   ] Safepoint "Cleanup", Time since last: 1011131084 ns, Reaching safepoint: 237042 ns, At safepoint: 4083 ns, Total: 241125 ns
[2022-04-22T08:40:24.973+0000][7][safepoint   ] Safepoint "Cleanup", Time since last: 1002887292 ns, Reaching safepoint: 788709 ns, At safepoint: 10541 ns, Total: 799250 ns
[2022-04-22T08:40:25.980+0000][7][safepoint   ] Safepoint "Cleanup", Time since last: 1006333876 ns, Reaching safepoint: 281708 ns, At safepoint: 11625 ns, Total: 293333 ns
[2022-04-22T08:40:26.984+0000][7][safepoint   ] Safepoint "Cleanup", Time since last: 1003914959 ns, Reaching safepoint: 120042 ns, At safepoint: 2875 ns, Total: 122917 ns
[2022-04-22T08:40:27.987+0000][7][safepoint   ] Safepoint "Cleanup", Time since last: 1002724417 ns, Reaching safepoint: 201250 ns, At safepoint: 6791 ns, Total: 208041 ns
[2022-04-22T08:40:28.991+0000][7][safepoint   ] Safepoint "Cleanup", Time since last: 1003695334 ns, Reaching safepoint: 136709 ns, At safepoint: 2958 ns, Total: 139667 ns
[2022-04-22T08:40:30.728+0000][7][safepoint   ] Safepoint "Cleanup", Time since last: 1736667292 ns, Reaching safepoint: 337000 ns, At safepoint: 5792 ns, Total: 342792 ns
[2022-04-22T08:40:31.732+0000][7][safepoint   ] Safepoint "Cleanup", Time since last: 1004163917 ns, Reaching safepoint: 151375 ns, At safepoint: 4625 ns, Total: 156000 ns
[2022-04-22T08:40:32.735+0000][7][safepoint   ] Safepoint "Cleanup", Time since last: 1002854208 ns, Reaching safepoint: 112375 ns, At safepoint: 5292 ns, Total: 117667 ns
[2022-04-22T08:40:33.045+0000][7][safepoint   ] Safepoint "ICBufferFull", Time since last: 309916625 ns, Reaching safepoint: 154333 ns, At safepoint: 9834 ns, Total: 164167 ns
[2022-04-22T08:40:34.047+0000][7][safepoint   ] Safepoint "Cleanup", Time since last: 1002168834 ns, Reaching safepoint: 104291 ns, At safepoint: 2959 ns, Total: 107250 ns
[2022-04-22T08:40:35.052+0000][7][safepoint   ] Safepoint "Cleanup", Time since last: 1004300167 ns, Reaching safepoint: 145250 ns, At safepoint: 4458 ns, Total: 149708 ns
[2022-04-22T08:40:36.053+0000][7][safepoint   ] Safepoint "Cleanup", Time since last: 1001040667 ns, Reaching safepoint: 276375 ns, At safepoint: 5792 ns, Total: 282167 ns
[2022-04-22T08:40:37.056+0000][7][safepoint   ] Safepoint "Cleanup", Time since last: 1002466375 ns, Reaching safepoint: 245042 ns, At safepoint: 4542 ns, Total: 249584 ns
[2022-04-22T08:40:38.057+0000][7][safepoint   ] Safepoint "Cleanup", Time since last: 1001243375 ns, Reaching safepoint: 139000 ns, At safepoint: 2834 ns, Total: 141834 ns
[2022-04-22T08:40:39.060+0000][7][safepoint   ] Safepoint "Cleanup", Time since last: 1002883917 ns, Reaching safepoint: 134666 ns, At safepoint: 1875 ns, Total: 136541 ns
[2022-04-22T08:40:40.062+0000][7][safepoint   ] Safepoint "Cleanup", Time since last: 1001823251 ns, Reaching safepoint: 394791 ns, At safepoint: 11834 ns, Total: 406625 ns
[2022-04-22T08:40:41.072+0000][7][safepoint   ] Safepoint "Cleanup", Time since last: 1009077334 ns, Reaching safepoint: 424000 ns, At safepoint: 7458 ns, Total: 431458 ns
[2022-04-22T08:40:42.089+0000][7][safepoint   ] Safepoint "Cleanup", Time since last: 1005661292 ns, Reaching safepoint: 11536583 ns, At safepoint: 39250 ns, Total: 11575833 ns
[2022-04-22T08:40:43.095+0000][7][safepoint   ] Safepoint "Cleanup", Time since last: 1005395668 ns, Reaching safepoint: 656000 ns, At safepoint: 13458 ns, Total: 669458 ns
[2022-04-22T08:40:45.102+0000][7][safepoint   ] Safepoint "Cleanup", Time since last: 2006700918 ns, Reaching safepoint: 290791 ns, At safepoint: 5250 ns, Total: 296041 ns
[2022-04-22T08:40:46.107+0000][7][safepoint   ] Safepoint "Cleanup", Time since last: 1004591376 ns, Reaching safepoint: 195166 ns, At safepoint: 4542 ns, Total: 199708 ns
[2022-04-22T08:40:47.112+0000][7][safepoint   ] Safepoint "Cleanup", Time since last: 1005057459 ns, Reaching safepoint: 172167 ns, At safepoint: 5916 ns, Total: 178083 ns
[2022-04-22T08:40:48.122+0000][7][safepoint   ] Safepoint "Cleanup", Time since last: 1008681959 ns, Reaching safepoint: 725458 ns, At safepoint: 11125 ns, Total: 736583 ns
[2022-04-22T08:40:50.138+0000][7][safepoint   ] Safepoint "Cleanup", Time since last: 2015843126 ns, Reaching safepoint: 278667 ns, At safepoint: 9500 ns, Total: 288167 ns
[2022-04-22T08:40:51.144+0000][7][safepoint   ] Safepoint "Cleanup", Time since last: 1006481375 ns, Reaching safepoint: 247000 ns, At safepoint: 8292 ns, Total: 255292 ns
[2022-04-22T08:40:52.147+0000][7][safepoint   ] Safepoint "Cleanup", Time since last: 1002166959 ns, Reaching safepoint: 456250 ns, At safepoint: 27500 ns, Total: 483750 ns
[2022-04-22T08:40:53.154+0000][7][safepoint   ] Safepoint "Cleanup", Time since last: 1006136500 ns, Reaching safepoint: 419167 ns, At safepoint: 17292 ns, Total: 436459 ns
[2022-04-22T08:40:54.166+0000][7][safepoint   ] Safepoint "Cleanup", Time since last: 1011982917 ns, Reaching safepoint: 349750 ns, At safepoint: 8625 ns, Total: 358375 ns
[2022-04-22T08:40:57.011+0000][7][safepoint   ] Safepoint "ICBufferFull", Time since last: 2844223251 ns, Reaching safepoint: 233209 ns, At safepoint: 3958 ns, Total: 237167 ns
[2022-04-22T08:40:58.013+0000][7][safepoint   ] Safepoint "Cleanup", Time since last: 1002595542 ns, Reaching safepoint: 345042 ns, At safepoint: 27041 ns, Total: 372083 ns
[2022-04-22T08:40:59.016+0000][7][safepoint   ] Safepoint "Cleanup", Time since last: 1002264209 ns, Reaching safepoint: 334417 ns, At safepoint: 12917 ns, Total: 347334 ns
[2022-04-22T08:41:00.412+0000][7][safepoint   ] Safepoint "Cleanup", Time since last: 1395948084 ns, Reaching safepoint: 202750 ns, At safepoint: 4458 ns, Total: 207208 ns
[2022-04-22T08:41:01.415+0000][7][safepoint   ] Safepoint "Cleanup", Time since last: 1002506916 ns, Reaching safepoint: 176834 ns, At safepoint: 3208 ns, Total: 180042 ns
[2022-04-22T08:41:02.420+0000][7][safepoint   ] Safepoint "Cleanup", Time since last: 1005113251 ns, Reaching safepoint: 148208 ns, At safepoint: 5583 ns, Total: 153791 ns
[2022-04-22T08:41:03.444+0000][7][safepoint   ] Safepoint "Cleanup", Time since last: 1024044417 ns, Reaching safepoint: 262459 ns, At safepoint: 4750 ns, Total: 267209 ns
[2022-04-22T08:41:04.447+0000][7][safepoint   ] Safepoint "Cleanup", Time since last: 1002563708 ns, Reaching safepoint: 391750 ns, At safepoint: 12667 ns, Total: 404417 ns
[2022-04-22T08:41:05.470+0000][7][safepoint   ] Safepoint "Cleanup", Time since last: 1022162626 ns, Reaching safepoint: 703666 ns, At safepoint: 22542 ns, Total: 726208 ns
[2022-04-22T08:41:06.483+0000][7][safepoint   ] Safepoint "Cleanup", Time since last: 1012953417 ns, Reaching safepoint: 372292 ns, At safepoint: 9083 ns, Total: 381375 ns
[2022-04-22T08:41:08.499+0000][7][safepoint   ] Safepoint "Cleanup", Time since last: 2014740793 ns, Reaching safepoint: 365791 ns, At safepoint: 18250 ns, Total: 384041 ns
[2022-04-22T08:41:09.507+0000][7][safepoint   ] Safepoint "Cleanup", Time since last: 1008490293 ns, Reaching safepoint: 308625 ns, At safepoint: 7333 ns, Total: 315958 ns
[2022-04-22T08:41:10.513+0000][7][safepoint   ] Safepoint "Cleanup", Time since last: 1005109875 ns, Reaching safepoint: 474917 ns, At safepoint: 9625 ns, Total: 484542 ns
[2022-04-22T08:41:12.213+0000][7][gc,start    ] GC(19) Pause Young (Normal) (G1 Evacuation Pause)
[2022-04-22T08:41:12.214+0000][7][gc,task     ] GC(19) Using 5 workers of 5 for evacuation
[2022-04-22T08:41:12.215+0000][7][gc,age      ] GC(19) Desired survivor size 20971520 bytes, new threshold 15 (max threshold 15)
[2022-04-22T08:41:12.222+0000][7][gc,age      ] GC(19) Age table with threshold 15 (max threshold 15)
[2022-04-22T08:41:12.223+0000][7][gc,age      ] GC(19) - age   1:    2546416 bytes,    2546416 total
[2022-04-22T08:41:12.224+0000][7][gc,age      ] GC(19) - age   2:    2845816 bytes,    5392232 total
[2022-04-22T08:41:12.225+0000][7][gc,age      ] GC(19) - age   3:    6459824 bytes,   11852056 total
[2022-04-22T08:41:12.226+0000][7][gc,phases   ] GC(19)   Pre Evacuate Collection Set: 0.1ms
[2022-04-22T08:41:12.227+0000][7][gc,phases   ] GC(19)   Merge Heap Roots: 0.3ms
[2022-04-22T08:41:12.228+0000][7][gc,phases   ] GC(19)   Evacuate Collection Set: 5.5ms
[2022-04-22T08:41:12.229+0000][7][gc,phases   ] GC(19)   Post Evacuate Collection Set: 1.0ms
[2022-04-22T08:41:12.229+0000][7][gc,phases   ] GC(19)   Other: 6.3ms
[2022-04-22T08:41:12.230+0000][7][gc,heap     ] GC(19) Eden regions: 72->0(72)
[2022-04-22T08:41:12.231+0000][7][gc,heap     ] GC(19) Survivor regions: 4->4(10)
[2022-04-22T08:41:12.232+0000][7][gc,heap     ] GC(19) Old regions: 18->18
[2022-04-22T08:41:12.232+0000][7][gc,heap     ] GC(19) Archive regions: 2->2
[2022-04-22T08:41:12.233+0000][7][gc,heap     ] GC(19) Humongous regions: 2->2
[2022-04-22T08:41:12.234+0000][7][gc,metaspace] GC(19) Metaspace: 110453K(112256K)->110453K(112256K) NonClass: 95269K(96320K)->95269K(96320K) Class: 15184K(15936K)->15184K(15936K)
[2022-04-22T08:41:12.234+0000][7][gc          ] GC(19) Pause Young (Normal) (G1 Evacuation Pause) 381M->93M(512M) 20.998ms
[2022-04-22T08:41:12.235+0000][7][gc,cpu      ] GC(19) User=0.02s Sys=0.00s Real=0.02s
[2022-04-22T08:41:12.235+0000][7][safepoint   ] Safepoint "G1CollectForAllocation", Time since last: 1700218751 ns, Reaching safepoint: 91625 ns, At safepoint: 22172167 ns, Total: 22263792 ns
[2022-04-22T08:41:13.241+0000][7][safepoint   ] Safepoint "Cleanup", Time since last: 1005335083 ns, Reaching safepoint: 535000 ns, At safepoint: 17250 ns, Total: 552250 ns
[2022-04-22T08:41:15.253+0000][7][safepoint   ] Safepoint "Cleanup", Time since last: 2011099251 ns, Reaching safepoint: 532625 ns, At safepoint: 10834 ns, Total: 543459 ns
[2022-04-22T08:41:16.264+0000][7][safepoint   ] Safepoint "Cleanup", Time since last: 1011138625 ns, Reaching safepoint: 261000 ns, At safepoint: 4542 ns, Total: 265542 ns
[2022-04-22T08:41:17.266+0000][7][safepoint   ] Safepoint "Cleanup", Time since last: 1001663792 ns, Reaching safepoint: 135667 ns, At safepoint: 2708 ns, Total: 138375 ns
[2022-04-22T08:41:18.270+0000][7][safepoint   ] Safepoint "Cleanup", Time since last: 1004035959 ns, Reaching safepoint: 158916 ns, At safepoint: 6542 ns, Total: 165458 ns
[2022-04-22T08:41:19.272+0000][7][safepoint   ] Safepoint "Cleanup", Time since last: 1001786584 ns, Reaching safepoint: 237208 ns, At safepoint: 4375 ns, Total: 241583 ns
[2022-04-22T08:41:20.278+0000][7][safepoint   ] Safepoint "Cleanup", Time since last: 1005601584 ns, Reaching safepoint: 329625 ns, At safepoint: 12167 ns, Total: 341792 ns
[2022-04-22T08:41:21.295+0000][7][safepoint   ] Safepoint "Cleanup", Time since last: 1015903000 ns, Reaching safepoint: 438625 ns, At safepoint: 7292 ns, Total: 445917 ns
[2022-04-22T08:41:21.489+0000][7][safepoint   ] Safepoint "ICBufferFull", Time since last: 194089167 ns, Reaching safepoint: 516083 ns, At safepoint: 61542 ns, Total: 577625 ns
[2022-04-22T08:41:21.499+0000][7][safepoint   ] Safepoint "ICBufferFull", Time since last: 8906833 ns, Reaching safepoint: 281667 ns, At safepoint: 28750 ns, Total: 310417 ns
[2022-04-22T08:41:21.538+0000][7][safepoint   ] Safepoint "ICBufferFull", Time since last: 39565333 ns, Reaching safepoint: 236500 ns, At safepoint: 35125 ns, Total: 271625 ns
[2022-04-22T08:41:21.764+0000][7][safepoint   ] Safepoint "ICBufferFull", Time since last: 224966833 ns, Reaching safepoint: 272709 ns, At safepoint: 3250 ns, Total: 275959 ns
[2022-04-22T08:41:22.768+0000][7][safepoint   ] Safepoint "Cleanup", Time since last: 1004144250 ns, Reaching safepoint: 202000 ns, At safepoint: 30500 ns, Total: 232500 ns
[2022-04-22T08:41:23.772+0000][7][safepoint   ] Safepoint "Cleanup", Time since last: 1003485626 ns, Reaching safepoint: 355000 ns, At safepoint: 7083 ns, Total: 362083 ns
[2022-04-22T08:41:24.777+0000][7][safepoint   ] Safepoint "Cleanup", Time since last: 1004676251 ns, Reaching safepoint: 238000 ns, At safepoint: 4291 ns, Total: 242291 ns
[2022-04-22T08:41:25.784+0000][7][safepoint   ] Safepoint "Cleanup", Time since last: 1007304417 ns, Reaching safepoint: 254417 ns, At safepoint: 8250 ns, Total: 262667 ns
[2022-04-22T08:41:26.799+0000][7][safepoint   ] Safepoint "Cleanup", Time since last: 1014204125 ns, Reaching safepoint: 96834 ns, At safepoint: 8083 ns, Total: 104917 ns
[2022-04-22T08:41:27.800+0000][7][safepoint   ] Safepoint "Cleanup", Time since last: 1001132209 ns, Reaching safepoint: 85458 ns, At safepoint: 2542 ns, Total: 88000 ns
[2022-04-22T08:41:28.803+0000][7][safepoint   ] Safepoint "Cleanup", Time since last: 1002508584 ns, Reaching safepoint: 450375 ns, At safepoint: 11958 ns, Total: 462333 ns
[2022-04-22T08:41:29.821+0000][7][safepoint   ] Safepoint "Cleanup", Time since last: 1017556959 ns, Reaching safepoint: 196000 ns, At safepoint: 4833 ns, Total: 200833 ns
[2022-04-22T08:41:30.822+0000][7][safepoint   ] Safepoint "Cleanup", Time since last: 1001431792 ns, Reaching safepoint: 172459 ns, At safepoint: 3750 ns, Total: 176209 ns
[2022-04-22T08:41:32.825+0000][7][safepoint   ] Safepoint "Cleanup", Time since last: 2003105792 ns, Reaching safepoint: 338500 ns, At safepoint: 11416 ns, Total: 349916 ns
[2022-04-22T08:41:33.827+0000][7][safepoint   ] Safepoint "Cleanup", Time since last: 1002518126 ns, Reaching safepoint: 229708 ns, At safepoint: 4459 ns, Total: 234167 ns
[2022-04-22T08:41:35.829+0000][7][safepoint   ] Safepoint "Cleanup", Time since last: 2001577625 ns, Reaching safepoint: 184750 ns, At safepoint: 4709 ns, Total: 189459 ns
[2022-04-22T08:41:38.832+0000][7][safepoint   ] Safepoint "Cleanup", Time since last: 3003177418 ns, Reaching safepoint: 160958 ns, At safepoint: 4709 ns, Total: 165667 ns
[2022-04-22T08:41:39.833+0000][7][safepoint   ] Safepoint "Cleanup", Time since last: 1000744417 ns, Reaching safepoint: 159416 ns, At safepoint: 5125 ns, Total: 164541 ns
[2022-04-22T08:41:40.836+0000][7][safepoint   ] Safepoint "Cleanup", Time since last: 1002443959 ns, Reaching safepoint: 191042 ns, At safepoint: 13583 ns, Total: 204625 ns
[2022-04-22T08:41:41.843+0000][7][safepoint   ] Safepoint "Cleanup", Time since last: 1006211459 ns, Reaching safepoint: 276083 ns, At safepoint: 10125 ns, Total: 286208 ns
[2022-04-22T08:41:43.857+0000][7][safepoint   ] Safepoint "Cleanup", Time since last: 2014211335 ns, Reaching safepoint: 337375 ns, At safepoint: 14625 ns, Total: 352000 ns
[2022-04-22T08:41:44.871+0000][7][safepoint   ] Safepoint "Cleanup", Time since last: 1014127375 ns, Reaching safepoint: 124625 ns, At safepoint: 6375 ns, Total: 131000 ns
[2022-04-22T08:41:45.099+0000][7][safepoint   ] Safepoint "ICBufferFull", Time since last: 227453917 ns, Reaching safepoint: 173542 ns, At safepoint: 4208 ns, Total: 177750 ns
[2022-04-22T08:41:46.103+0000][7][safepoint   ] Safepoint "Cleanup", Time since last: 1003877084 ns, Reaching safepoint: 139625 ns, At safepoint: 6041 ns, Total: 145666 ns
[2022-04-22T08:41:48.120+0000][7][safepoint   ] Safepoint "Cleanup", Time since last: 2016838793 ns, Reaching safepoint: 526292 ns, At safepoint: 12291 ns, Total: 538583 ns
[2022-04-22T08:41:51.136+0000][7][safepoint   ] Safepoint "Cleanup", Time since last: 3015218710 ns, Reaching safepoint: 243625 ns, At safepoint: 6792 ns, Total: 250417 ns
[2022-04-22T08:41:52.140+0000][7][safepoint   ] Safepoint "Cleanup", Time since last: 1003678625 ns, Reaching safepoint: 274750 ns, At safepoint: 72709 ns, Total: 347459 ns
[2022-04-22T08:41:52.502+0000][7][safepoint   ] Safepoint "ICBufferFull", Time since last: 362231291 ns, Reaching safepoint: 275542 ns, At safepoint: 4333 ns, Total: 279875 ns
[2022-04-22T08:41:53.338+0000][7][safepoint   ] Safepoint "ICBufferFull", Time since last: 835315626 ns, Reaching safepoint: 532791 ns, At safepoint: 10084 ns, Total: 542875 ns
[2022-04-22T08:41:53.344+0000][7][safepoint   ] Safepoint "ICBufferFull", Time since last: 5537333 ns, Reaching safepoint: 336417 ns, At safepoint: 43041 ns, Total: 379458 ns
[2022-04-22T08:41:53.349+0000][7][safepoint   ] Safepoint "ICBufferFull", Time since last: 4343625 ns, Reaching safepoint: 369292 ns, At safepoint: 83667 ns, Total: 452959 ns
[2022-04-22T08:41:53.351+0000][7][safepoint   ] Safepoint "ICBufferFull", Time since last: 2024000 ns, Reaching safepoint: 417041 ns, At safepoint: 74917 ns, Total: 491958 ns
[2022-04-22T08:41:54.237+0000][7][gc,start    ] GC(20) Pause Young (Normal) (G1 Evacuation Pause)
[2022-04-22T08:41:54.238+0000][7][gc,task     ] GC(20) Using 5 workers of 5 for evacuation
[2022-04-22T08:41:54.239+0000][7][gc,age      ] GC(20) Desired survivor size 20971520 bytes, new threshold 15 (max threshold 15)
[2022-04-22T08:41:54.246+0000][7][gc,age      ] GC(20) Age table with threshold 15 (max threshold 15)
[2022-04-22T08:41:54.247+0000][7][gc,age      ] GC(20) - age   1:    4566136 bytes,    4566136 total
[2022-04-22T08:41:54.248+0000][7][gc,age      ] GC(20) - age   2:     521096 bytes,    5087232 total
[2022-04-22T08:41:54.248+0000][7][gc,age      ] GC(20) - age   3:    2839856 bytes,    7927088 total
[2022-04-22T08:41:54.249+0000][7][gc,age      ] GC(20) - age   4:    6443992 bytes,   14371080 total
[2022-04-22T08:41:54.250+0000][7][gc,phases   ] GC(20)   Pre Evacuate Collection Set: 0.1ms
[2022-04-22T08:41:54.250+0000][7][gc,phases   ] GC(20)   Merge Heap Roots: 0.1ms
[2022-04-22T08:41:54.251+0000][7][gc,phases   ] GC(20)   Evacuate Collection Set: 5.6ms
[2022-04-22T08:41:54.252+0000][7][gc,phases   ] GC(20)   Post Evacuate Collection Set: 1.1ms
[2022-04-22T08:41:54.252+0000][7][gc,phases   ] GC(20)   Other: 5.5ms
[2022-04-22T08:41:54.253+0000][7][gc,heap     ] GC(20) Eden regions: 72->0(72)
[2022-04-22T08:41:54.254+0000][7][gc,heap     ] GC(20) Survivor regions: 4->4(10)
[2022-04-22T08:41:54.254+0000][7][gc,heap     ] GC(20) Old regions: 18->18
[2022-04-22T08:41:54.255+0000][7][gc,heap     ] GC(20) Archive regions: 2->2
[2022-04-22T08:41:54.255+0000][7][gc,heap     ] GC(20) Humongous regions: 2->2
[2022-04-22T08:41:54.256+0000][7][gc,metaspace] GC(20) Metaspace: 112903K(114688K)->112903K(114688K) NonClass: 97408K(98496K)->97408K(98496K) Class: 15495K(16192K)->15495K(16192K)
[2022-04-22T08:41:54.257+0000][7][gc          ] GC(20) Pause Young (Normal) (G1 Evacuation Pause) 381M->95M(512M) 19.404ms
[2022-04-22T08:41:54.257+0000][7][gc,cpu      ] GC(20) User=0.03s Sys=0.00s Real=0.02s
[2022-04-22T08:41:54.258+0000][7][safepoint   ] Safepoint "G1CollectForAllocation", Time since last: 885785376 ns, Reaching safepoint: 130083 ns, At safepoint: 20861583 ns, Total: 20991666 ns
[2022-04-22T08:41:55.261+0000][7][safepoint   ] Safepoint "Cleanup", Time since last: 1002500376 ns, Reaching safepoint: 455375 ns, At safepoint: 15750 ns, Total: 471125 ns
[2022-04-22T08:41:56.271+0000][7][safepoint   ] Safepoint "Cleanup", Time since last: 1008396042 ns, Reaching safepoint: 1222917 ns, At safepoint: 73833 ns, Total: 1296750 ns
[2022-04-22T08:41:56.984+0000][7][safepoint   ] Safepoint "ICBufferFull", Time since last: 713207667 ns, Reaching safepoint: 179542 ns, At safepoint: 8833 ns, Total: 188375 ns
[2022-04-22T08:41:57.987+0000][7][safepoint   ] Safepoint "Cleanup", Time since last: 1002232125 ns, Reaching safepoint: 386167 ns, At safepoint: 35750 ns, Total: 421917 ns
[2022-04-22T08:41:58.991+0000][7][safepoint   ] Safepoint "Cleanup", Time since last: 1003341376 ns, Reaching safepoint: 745625 ns, At safepoint: 9000 ns, Total: 754625 ns
[2022-04-22T08:41:59.996+0000][7][safepoint   ] Safepoint "Cleanup", Time since last: 1004131375 ns, Reaching safepoint: 318083 ns, At safepoint: 8084 ns, Total: 326167 ns
[2022-04-22T08:42:01.001+0000][7][safepoint   ] Safepoint "Cleanup", Time since last: 1004709542 ns, Reaching safepoint: 321750 ns, At safepoint: 10750 ns, Total: 332500 ns
[2022-04-22T08:42:03.015+0000][7][safepoint   ] Safepoint "Cleanup", Time since last: 2012532333 ns, Reaching safepoint: 121042 ns, At safepoint: 4083 ns, Total: 125125 ns
[2022-04-22T08:42:04.028+0000][7][safepoint   ] Safepoint "Cleanup", Time since last: 1012814251 ns, Reaching safepoint: 233583 ns, At safepoint: 9333 ns, Total: 242916 ns
[2022-04-22T08:42:06.046+0000][7][safepoint   ] Safepoint "Cleanup", Time since last: 2017146585 ns, Reaching safepoint: 617416 ns, At safepoint: 107542 ns, Total: 724958 ns
[2022-04-22T08:42:08.054+0000][7][safepoint   ] Safepoint "Cleanup", Time since last: 2007629626 ns, Reaching safepoint: 207167 ns, At safepoint: 9875 ns, Total: 217042 ns
[2022-04-22T08:42:09.063+0000][7][safepoint   ] Safepoint "Cleanup", Time since last: 1008491833 ns, Reaching safepoint: 293167 ns, At safepoint: 11167 ns, Total: 304334 ns
[2022-04-22T08:42:10.068+0000][7][safepoint   ] Safepoint "Cleanup", Time since last: 1005017042 ns, Reaching safepoint: 250625 ns, At safepoint: 14416 ns, Total: 265041 ns
[2022-04-22T08:42:11.075+0000][7][safepoint   ] Safepoint "Cleanup", Time since last: 1006483626 ns, Reaching safepoint: 268875 ns, At safepoint: 9042 ns, Total: 277917 ns
[2022-04-22T08:42:12.095+0000][7][safepoint   ] Safepoint "Cleanup", Time since last: 1019727500 ns, Reaching safepoint: 366292 ns, At safepoint: 6875 ns, Total: 373167 ns
[2022-04-22T08:42:13.108+0000][7][safepoint   ] Safepoint "Cleanup", Time since last: 1013387084 ns, Reaching safepoint: 191750 ns, At safepoint: 6375 ns, Total: 198125 ns
[2022-04-22T08:42:15.113+0000][7][safepoint   ] Safepoint "Cleanup", Time since last: 2004032917 ns, Reaching safepoint: 172709 ns, At safepoint: 4291 ns, Total: 177000 ns
[2022-04-22T08:42:16.114+0000][7][safepoint   ] Safepoint "Cleanup", Time since last: 1001352709 ns, Reaching safepoint: 195000 ns, At safepoint: 3708 ns, Total: 198708 ns
[2022-04-22T08:42:18.118+0000][7][safepoint   ] Safepoint "Cleanup", Time since last: 2003653460 ns, Reaching safepoint: 257125 ns, At safepoint: 9000 ns, Total: 266125 ns
[2022-04-22T08:42:21.146+0000][7][safepoint   ] Safepoint "Cleanup", Time since last: 3027904376 ns, Reaching safepoint: 70667 ns, At safepoint: 2250 ns, Total: 72917 ns
[2022-04-22T08:42:22.151+0000][7][safepoint   ] Safepoint "Cleanup", Time since last: 1002208834 ns, Reaching safepoint: 2992916 ns, At safepoint: 22459 ns, Total: 3015375 ns
[2022-04-22T08:42:23.169+0000][7][safepoint   ] Safepoint "Cleanup", Time since last: 1016798375 ns, Reaching safepoint: 810083 ns, At safepoint: 53209 ns, Total: 863292 ns
[2022-04-22T08:42:24.177+0000][7][safepoint   ] Safepoint "Cleanup", Time since last: 1007213584 ns, Reaching safepoint: 294166 ns, At safepoint: 14667 ns, Total: 308833 ns
[2022-04-22T08:42:26.182+0000][7][safepoint   ] Safepoint "Cleanup", Time since last: 2004960543 ns, Reaching safepoint: 259625 ns, At safepoint: 8583 ns, Total: 268208 ns
[2022-04-22T08:42:27.192+0000][7][safepoint   ] Safepoint "Cleanup", Time since last: 1010433375 ns, Reaching safepoint: 208042 ns, At safepoint: 5792 ns, Total: 213834 ns
[2022-04-22T08:42:28.196+0000][7][safepoint   ] Safepoint "Cleanup", Time since last: 1003626333 ns, Reaching safepoint: 252334 ns, At safepoint: 12583 ns, Total: 264917 ns
[2022-04-22T08:42:29.199+0000][7][safepoint   ] Safepoint "Cleanup", Time since last: 1002224167 ns, Reaching safepoint: 293750 ns, At safepoint: 5125 ns, Total: 298875 ns
[2022-04-22T08:42:30.206+0000][7][safepoint   ] Safepoint "Cleanup", Time since last: 1007459667 ns, Reaching safepoint: 168792 ns, At safepoint: 4792 ns, Total: 173584 ns
[2022-04-22T08:42:31.214+0000][7][safepoint   ] Safepoint "Cleanup", Time since last: 1002879791 ns, Reaching safepoint: 140583 ns, At safepoint: 4209 ns, Total: 144792 ns
[2022-04-22T08:42:32.686+0000][7][safepoint   ] Safepoint "Cleanup", Time since last: 1471643834 ns, Reaching safepoint: 410666 ns, At safepoint: 17875 ns, Total: 428541 ns
[2022-04-22T08:42:33.688+0000][7][safepoint   ] Safepoint "Cleanup", Time since last: 1001815376 ns, Reaching safepoint: 131500 ns, At safepoint: 12625 ns, Total: 144125 ns
[2022-04-22T08:42:34.692+0000][7][safepoint   ] Safepoint "Cleanup", Time since last: 1003252834 ns, Reaching safepoint: 691916 ns, At safepoint: 12000 ns, Total: 703916 ns
[2022-04-22T08:42:35.704+0000][7][safepoint   ] Safepoint "Cleanup", Time since last: 1010843792 ns, Reaching safepoint: 645209 ns, At safepoint: 14166 ns, Total: 659375 ns
[2022-04-22T08:42:38.713+0000][7][safepoint   ] Safepoint "Cleanup", Time since last: 3009297293 ns, Reaching safepoint: 189709 ns, At safepoint: 4541 ns, Total: 194250 ns
[2022-04-22T08:42:39.717+0000][7][safepoint   ] Safepoint "Cleanup", Time since last: 1003237126 ns, Reaching safepoint: 548750 ns, At safepoint: 11417 ns, Total: 560167 ns
[2022-04-22T08:42:40.720+0000][7][safepoint   ] Safepoint "Cleanup", Time since last: 1003235417 ns, Reaching safepoint: 121250 ns, At safepoint: 2958 ns, Total: 124208 ns
[2022-04-22T08:42:41.722+0000][7][safepoint   ] Safepoint "Cleanup", Time since last: 1001486459 ns, Reaching safepoint: 84167 ns, At safepoint: 2291 ns, Total: 86458 ns
[2022-04-22T08:42:43.726+0000][7][safepoint   ] Safepoint "Cleanup", Time since last: 2003630710 ns, Reaching safepoint: 383375 ns, At safepoint: 14625 ns, Total: 398000 ns
[2022-04-22T08:42:44.736+0000][7][safepoint   ] Safepoint "Cleanup", Time since last: 1009638708 ns, Reaching safepoint: 119750 ns, At safepoint: 11334 ns, Total: 131084 ns
[2022-04-22T08:42:45.737+0000][7][safepoint   ] Safepoint "Cleanup", Time since last: 1000868292 ns, Reaching safepoint: 71417 ns, At safepoint: 2291 ns, Total: 73708 ns
[2022-04-22T08:42:47.743+0000][7][safepoint   ] Safepoint "Cleanup", Time since last: 2005138918 ns, Reaching safepoint: 1455125 ns, At safepoint: 11416 ns, Total: 1466541 ns
[2022-04-22T08:42:48.752+0000][7][safepoint   ] Safepoint "Cleanup", Time since last: 1007671126 ns, Reaching safepoint: 490708 ns, At safepoint: 15750 ns, Total: 506458 ns
[2022-04-22T08:42:50.763+0000][7][safepoint   ] Safepoint "Cleanup", Time since last: 2010970668 ns, Reaching safepoint: 70500 ns, At safepoint: 1917 ns, Total: 72417 ns
[2022-04-22T08:42:51.765+0000][7][safepoint   ] Safepoint "Cleanup", Time since last: 1001861458 ns, Reaching safepoint: 675875 ns, At safepoint: 6959 ns, Total: 682834 ns
[2022-04-22T08:42:52.770+0000][7][safepoint   ] Safepoint "Cleanup", Time since last: 1003957625 ns, Reaching safepoint: 620500 ns, At safepoint: 15375 ns, Total: 635875 ns
[2022-04-22T08:42:53.797+0000][7][safepoint   ] Safepoint "Cleanup", Time since last: 1026565459 ns, Reaching safepoint: 385500 ns, At safepoint: 19708 ns, Total: 405208 ns
[2022-04-22T08:42:55.806+0000][7][safepoint   ] Safepoint "Cleanup", Time since last: 2008846293 ns, Reaching safepoint: 198083 ns, At safepoint: 6834 ns, Total: 204917 ns
[2022-04-22T08:42:56.811+0000][7][safepoint   ] Safepoint "Cleanup", Time since last: 1004822000 ns, Reaching safepoint: 102458 ns, At safepoint: 5042 ns, Total: 107500 ns
[2022-04-22T08:42:57.812+0000][7][safepoint   ] Safepoint "Cleanup", Time since last: 1001461042 ns, Reaching safepoint: 283917 ns, At safepoint: 10875 ns, Total: 294792 ns
[2022-04-22T08:42:58.816+0000][7][safepoint   ] Safepoint "Cleanup", Time since last: 1002771959 ns, Reaching safepoint: 505666 ns, At safepoint: 10959 ns, Total: 516625 ns
[2022-04-22T08:42:59.824+0000][7][safepoint   ] Safepoint "Cleanup", Time since last: 1007621334 ns, Reaching safepoint: 254541 ns, At safepoint: 4959 ns, Total: 259500 ns
[2022-04-22T08:43:00.829+0000][7][safepoint   ] Safepoint "Cleanup", Time since last: 1004594042 ns, Reaching safepoint: 368875 ns, At safepoint: 13208 ns, Total: 382083 ns
[2022-04-22T08:43:02.836+0000][7][safepoint   ] Safepoint "Cleanup", Time since last: 2013361750 ns, Reaching safepoint: 63625 ns, At safepoint: 4625 ns, Total: 68250 ns
[2022-04-22T08:43:03.837+0000][7][safepoint   ] Safepoint "Cleanup", Time since last: 1001484167 ns, Reaching safepoint: 109292 ns, At safepoint: 3375 ns, Total: 112667 ns
[2022-04-22T08:43:04.839+0000][7][safepoint   ] Safepoint "Cleanup", Time since last: 1001201667 ns, Reaching safepoint: 95125 ns, At safepoint: 28834 ns, Total: 123959 ns
[2022-04-22T08:43:05.844+0000][7][safepoint   ] Safepoint "Cleanup", Time since last: 1004749792 ns, Reaching safepoint: 150500 ns, At safepoint: 15000 ns, Total: 165500 ns
[2022-04-22T08:43:08.858+0000][7][safepoint   ] Safepoint "Cleanup", Time since last: 3014281418 ns, Reaching safepoint: 180250 ns, At safepoint: 7958 ns, Total: 188208 ns
[2022-04-22T08:43:09.862+0000][7][safepoint   ] Safepoint "Cleanup", Time since last: 1003484584 ns, Reaching safepoint: 539833 ns, At safepoint: 11042 ns, Total: 550875 ns
[2022-04-22T08:43:10.872+0000][7][safepoint   ] Safepoint "Cleanup", Time since last: 1009320167 ns, Reaching safepoint: 235917 ns, At safepoint: 9625 ns, Total: 245542 ns
[2022-04-22T08:43:11.876+0000][7][safepoint   ] Safepoint "Cleanup", Time since last: 1004049959 ns, Reaching safepoint: 274583 ns, At safepoint: 27167 ns, Total: 301750 ns
[2022-04-22T08:43:13.880+0000][7][safepoint   ] Safepoint "Cleanup", Time since last: 2003346376 ns, Reaching safepoint: 549541 ns, At safepoint: 13709 ns, Total: 563250 ns
[2022-04-22T08:43:14.890+0000][7][safepoint   ] Safepoint "Cleanup", Time since last: 1009942333 ns, Reaching safepoint: 103417 ns, At safepoint: 11917 ns, Total: 115334 ns
[2022-04-22T08:43:15.364+0000][7][gc,start    ] GC(21) Pause Young (Normal) (G1 Evacuation Pause)
[2022-04-22T08:43:15.364+0000][7][gc,task     ] GC(21) Using 5 workers of 5 for evacuation
[2022-04-22T08:43:15.365+0000][7][gc,age      ] GC(21) Desired survivor size 20971520 bytes, new threshold 15 (max threshold 15)
[2022-04-22T08:43:15.372+0000][7][gc,age      ] GC(21) Age table with threshold 15 (max threshold 15)
[2022-04-22T08:43:15.374+0000][7][gc,age      ] GC(21) - age   1:    1265176 bytes,    1265176 total
[2022-04-22T08:43:15.374+0000][7][gc,age      ] GC(21) - age   2:    2751144 bytes,    4016320 total
[2022-04-22T08:43:15.375+0000][7][gc,age      ] GC(21) - age   3:     517792 bytes,    4534112 total
[2022-04-22T08:43:15.376+0000][7][gc,age      ] GC(21) - age   4:    2720592 bytes,    7254704 total
[2022-04-22T08:43:15.377+0000][7][gc,age      ] GC(21) - age   5:    6440952 bytes,   13695656 total
[2022-04-22T08:43:15.378+0000][7][gc,phases   ] GC(21)   Pre Evacuate Collection Set: 0.1ms
[2022-04-22T08:43:15.379+0000][7][gc,phases   ] GC(21)   Merge Heap Roots: 0.2ms
[2022-04-22T08:43:15.380+0000][7][gc,phases   ] GC(21)   Evacuate Collection Set: 5.0ms
[2022-04-22T08:43:15.381+0000][7][gc,phases   ] GC(21)   Post Evacuate Collection Set: 1.3ms
[2022-04-22T08:43:15.382+0000][7][gc,phases   ] GC(21)   Other: 8.0ms
[2022-04-22T08:43:15.383+0000][7][gc,heap     ] GC(21) Eden regions: 72->0(72)
[2022-04-22T08:43:15.384+0000][7][gc,heap     ] GC(21) Survivor regions: 4->4(10)
[2022-04-22T08:43:15.385+0000][7][gc,heap     ] GC(21) Old regions: 18->18
[2022-04-22T08:43:15.386+0000][7][gc,heap     ] GC(21) Archive regions: 2->2
[2022-04-22T08:43:15.387+0000][7][gc,heap     ] GC(21) Humongous regions: 2->2
[2022-04-22T08:43:15.387+0000][7][gc,metaspace] GC(21) Metaspace: 113742K(115520K)->113742K(115520K) NonClass: 98243K(99328K)->98243K(99328K) Class: 15499K(16192K)->15499K(16192K)
[2022-04-22T08:43:15.388+0000][7][gc          ] GC(21) Pause Young (Normal) (G1 Evacuation Pause) 383M->94M(512M) 24.312ms
[2022-04-22T08:43:15.389+0000][7][gc,cpu      ] GC(21) User=0.03s Sys=0.01s Real=0.02s
[2022-04-22T08:43:15.390+0000][7][safepoint   ] Safepoint "G1CollectForAllocation", Time since last: 473536750 ns, Reaching safepoint: 122167 ns, At safepoint: 26332583 ns, Total: 26454750 ns
[2022-04-22T08:43:16.392+0000][7][safepoint   ] Safepoint "Cleanup", Time since last: 1001390459 ns, Reaching safepoint: 285958 ns, At safepoint: 9292 ns, Total: 295250 ns
[2022-04-22T08:43:18.400+0000][7][safepoint   ] Safepoint "Cleanup", Time since last: 2008703584 ns, Reaching safepoint: 138792 ns, At safepoint: 2875 ns, Total: 141667 ns
[2022-04-22T08:43:19.404+0000][7][safepoint   ] Safepoint "Cleanup", Time since last: 1002805042 ns, Reaching safepoint: 599875 ns, At safepoint: 12000 ns, Total: 611875 ns
[2022-04-22T08:43:21.086+0000][7][safepoint   ] Safepoint "Cleanup", Time since last: 1681433501 ns, Reaching safepoint: 266666 ns, At safepoint: 14584 ns, Total: 281250 ns
[2022-04-22T08:43:22.090+0000][7][safepoint   ] Safepoint "Cleanup", Time since last: 1004244959 ns, Reaching safepoint: 123625 ns, At safepoint: 3625 ns, Total: 127250 ns
[2022-04-22T08:43:23.091+0000][7][safepoint   ] Safepoint "Cleanup", Time since last: 1000837167 ns, Reaching safepoint: 233708 ns, At safepoint: 12333 ns, Total: 246041 ns
[2022-04-22T08:43:24.093+0000][7][safepoint   ] Safepoint "Cleanup", Time since last: 1001851001 ns, Reaching safepoint: 174583 ns, At safepoint: 5292 ns, Total: 179875 ns
[2022-04-22T08:43:25.095+0000][7][safepoint   ] Safepoint "Cleanup", Time since last: 1001676667 ns, Reaching safepoint: 165667 ns, At safepoint: 9708 ns, Total: 175375 ns
[2022-04-22T08:43:26.098+0000][7][safepoint   ] Safepoint "Cleanup", Time since last: 1002775459 ns, Reaching safepoint: 516583 ns, At safepoint: 17458 ns, Total: 534041 ns
[2022-04-22T08:43:27.105+0000][7][safepoint   ] Safepoint "Cleanup", Time since last: 1006956543 ns, Reaching safepoint: 114708 ns, At safepoint: 2208 ns, Total: 116916 ns
[2022-04-22T08:43:28.112+0000][7][safepoint   ] Safepoint "Cleanup", Time since last: 1006246251 ns, Reaching safepoint: 277583 ns, At safepoint: 21667 ns, Total: 299250 ns
[2022-04-22T08:43:30.132+0000][7][safepoint   ] Safepoint "Cleanup", Time since last: 2019166126 ns, Reaching safepoint: 592833 ns, At safepoint: 10292 ns, Total: 603125 ns
[2022-04-22T08:43:31.138+0000][7][safepoint   ] Safepoint "Cleanup", Time since last: 1004050458 ns, Reaching safepoint: 1581000 ns, At safepoint: 11000 ns, Total: 1592000 ns
[2022-04-22T08:43:33.148+0000][7][safepoint   ] Safepoint "Cleanup", Time since last: 2009952835 ns, Reaching safepoint: 162375 ns, At safepoint: 4375 ns, Total: 166750 ns
[2022-04-22T08:43:36.156+0000][7][safepoint   ] Safepoint "Cleanup", Time since last: 3007952584 ns, Reaching safepoint: 116167 ns, At safepoint: 3458 ns, Total: 119625 ns
[2022-04-22T08:43:38.164+0000][7][safepoint   ] Safepoint "Cleanup", Time since last: 2006928335 ns, Reaching safepoint: 212333 ns, At safepoint: 6250 ns, Total: 218583 ns
[2022-04-22T08:43:39.171+0000][7][safepoint   ] Safepoint "Cleanup", Time since last: 1007128542 ns, Reaching safepoint: 92750 ns, At safepoint: 4667 ns, Total: 97417 ns
[2022-04-22T08:43:40.173+0000][7][safepoint   ] Safepoint "Cleanup", Time since last: 1002377459 ns, Reaching safepoint: 183458 ns, At safepoint: 5167 ns, Total: 188625 ns
[2022-04-22T08:43:41.180+0000][7][safepoint   ] Safepoint "Cleanup", Time since last: 1006341417 ns, Reaching safepoint: 540416 ns, At safepoint: 18375 ns, Total: 558791 ns
[2022-04-22T08:43:42.192+0000][7][safepoint   ] Safepoint "Cleanup", Time since last: 1011548959 ns, Reaching safepoint: 230083 ns, At safepoint: 9917 ns, Total: 240000 ns
[2022-04-22T08:43:43.195+0000][7][safepoint   ] Safepoint "Cleanup", Time since last: 1002540834 ns, Reaching safepoint: 322542 ns, At safepoint: 15875 ns, Total: 338417 ns
[2022-04-22T08:43:45.210+0000][7][safepoint   ] Safepoint "Cleanup", Time since last: 2014802126 ns, Reaching safepoint: 448000 ns, At safepoint: 9583 ns, Total: 457583 ns
[2022-04-22T08:43:46.220+0000][7][safepoint   ] Safepoint "Cleanup", Time since last: 1009338792 ns, Reaching safepoint: 173208 ns, At safepoint: 8792 ns, Total: 182000 ns
[2022-04-22T08:43:47.233+0000][7][safepoint   ] Safepoint "Cleanup", Time since last: 1013188167 ns, Reaching safepoint: 248959 ns, At safepoint: 11250 ns, Total: 260209 ns
[2022-04-22T08:43:48.238+0000][7][safepoint   ] Safepoint "Cleanup", Time since last: 1005025875 ns, Reaching safepoint: 229333 ns, At safepoint: 4917 ns, Total: 234250 ns
[2022-04-22T08:43:51.243+0000][7][safepoint   ] Safepoint "Cleanup", Time since last: 3003946085 ns, Reaching safepoint: 178625 ns, At safepoint: 4750 ns, Total: 183375 ns
[2022-04-22T08:43:52.247+0000][7][safepoint   ] Safepoint "Cleanup", Time since last: 1003782792 ns, Reaching safepoint: 769917 ns, At safepoint: 15041 ns, Total: 784958 ns
[2022-04-22T08:43:53.258+0000][7][safepoint   ] Safepoint "Cleanup", Time since last: 1008846167 ns, Reaching safepoint: 1710792 ns, At safepoint: 22333 ns, Total: 1733125 ns
[2022-04-22T08:43:54.275+0000][7][safepoint   ] Safepoint "Cleanup", Time since last: 1016646001 ns, Reaching safepoint: 375292 ns, At safepoint: 13041 ns, Total: 388333 ns
[2022-04-22T08:43:56.286+0000][7][safepoint   ] Safepoint "Cleanup", Time since last: 2011006710 ns, Reaching safepoint: 257958 ns, At safepoint: 13042 ns, Total: 271000 ns
[2022-04-22T08:43:57.289+0000][7][safepoint   ] Safepoint "Cleanup", Time since last: 1003220417 ns, Reaching safepoint: 151291 ns, At safepoint: 5000 ns, Total: 156291 ns
[2022-04-22T08:43:58.291+0000][7][safepoint   ] Safepoint "Cleanup", Time since last: 1001196209 ns, Reaching safepoint: 130208 ns, At safepoint: 2625 ns, Total: 132833 ns
[2022-04-22T08:44:00.298+0000][7][safepoint   ] Safepoint "Cleanup", Time since last: 2006190710 ns, Reaching safepoint: 616125 ns, At safepoint: 15750 ns, Total: 631875 ns
[2022-04-22T08:44:01.306+0000][7][safepoint   ] Safepoint "Cleanup", Time since last: 1006655083 ns, Reaching safepoint: 467209 ns, At safepoint: 14875 ns, Total: 482084 ns
[2022-04-22T08:44:03.317+0000][7][safepoint   ] Safepoint "Cleanup", Time since last: 2011018126 ns, Reaching safepoint: 161791 ns, At safepoint: 7834 ns, Total: 169625 ns
[2022-04-22T08:44:04.321+0000][7][safepoint   ] Safepoint "Cleanup", Time since last: 1002997750 ns, Reaching safepoint: 967792 ns, At safepoint: 10125 ns, Total: 977917 ns
[2022-04-22T08:44:06.329+0000][7][safepoint   ] Safepoint "Cleanup", Time since last: 2007690459 ns, Reaching safepoint: 515792 ns, At safepoint: 9750 ns, Total: 525542 ns
[2022-04-22T08:44:08.339+0000][7][safepoint   ] Safepoint "Cleanup", Time since last: 2009592167 ns, Reaching safepoint: 52959 ns, At safepoint: 2666 ns, Total: 55625 ns
[2022-04-22T08:44:09.340+0000][7][safepoint   ] Safepoint "Cleanup", Time since last: 1001389834 ns, Reaching safepoint: 131875 ns, At safepoint: 4833 ns, Total: 136708 ns
[2022-04-22T08:44:10.350+0000][7][safepoint   ] Safepoint "Cleanup", Time since last: 1009521334 ns, Reaching safepoint: 173125 ns, At safepoint: 51542 ns, Total: 224667 ns
[2022-04-22T08:44:11.352+0000][7][safepoint   ] Safepoint "Cleanup", Time since last: 1001242959 ns, Reaching safepoint: 135666 ns, At safepoint: 68667 ns, Total: 204333 ns
[2022-04-22T08:44:12.354+0000][7][safepoint   ] Safepoint "Cleanup", Time since last: 1002297667 ns, Reaching safepoint: 250250 ns, At safepoint: 9542 ns, Total: 259792 ns
[2022-04-22T08:44:13.365+0000][7][safepoint   ] Safepoint "Cleanup", Time since last: 1010564500 ns, Reaching safepoint: 376917 ns, At safepoint: 14333 ns, Total: 391250 ns
[2022-04-22T08:44:15.371+0000][7][safepoint   ] Safepoint "Cleanup", Time since last: 2005841543 ns, Reaching safepoint: 376708 ns, At safepoint: 8334 ns, Total: 385042 ns
[2022-04-22T08:44:16.376+0000][7][safepoint   ] Safepoint "Cleanup", Time since last: 1003986917 ns, Reaching safepoint: 976208 ns, At safepoint: 18417 ns, Total: 994625 ns
[2022-04-22T08:44:17.385+0000][7][safepoint   ] Safepoint "Cleanup", Time since last: 1008024667 ns, Reaching safepoint: 694750 ns, At safepoint: 17792 ns, Total: 712542 ns
[2022-04-22T08:44:18.400+0000][7][safepoint   ] Safepoint "Cleanup", Time since last: 1014690625 ns, Reaching safepoint: 359125 ns, At safepoint: 24625 ns, Total: 383750 ns
[2022-04-22T08:44:20.786+0000][7][gc,start    ] GC(22) Pause Young (Normal) (G1 Evacuation Pause)
[2022-04-22T08:44:20.787+0000][7][gc,task     ] GC(22) Using 5 workers of 5 for evacuation
[2022-04-22T08:44:20.788+0000][7][gc,age      ] GC(22) Desired survivor size 20971520 bytes, new threshold 15 (max threshold 15)
[2022-04-22T08:44:20.796+0000][7][gc,age      ] GC(22) Age table with threshold 15 (max threshold 15)
[2022-04-22T08:44:20.797+0000][7][gc,age      ] GC(22) - age   1:    2408520 bytes,    2408520 total
[2022-04-22T08:44:20.798+0000][7][gc,age      ] GC(22) - age   2:     365264 bytes,    2773784 total
[2022-04-22T08:44:20.799+0000][7][gc,age      ] GC(22) - age   3:    2693464 bytes,    5467248 total
[2022-04-22T08:44:20.800+0000][7][gc,age      ] GC(22) - age   4:     517320 bytes,    5984568 total
[2022-04-22T08:44:20.801+0000][7][gc,age      ] GC(22) - age   5:    2720480 bytes,    8705048 total
[2022-04-22T08:44:20.801+0000][7][gc,age      ] GC(22) - age   6:    6440952 bytes,   15146000 total
[2022-04-22T08:44:20.802+0000][7][gc,phases   ] GC(22)   Pre Evacuate Collection Set: 0.1ms
[2022-04-22T08:44:20.803+0000][7][gc,phases   ] GC(22)   Merge Heap Roots: 0.2ms
[2022-04-22T08:44:20.804+0000][7][gc,phases   ] GC(22)   Evacuate Collection Set: 6.0ms
[2022-04-22T08:44:20.805+0000][7][gc,phases   ] GC(22)   Post Evacuate Collection Set: 1.0ms
[2022-04-22T08:44:20.806+0000][7][gc,phases   ] GC(22)   Other: 9.1ms
[2022-04-22T08:44:20.806+0000][7][gc,heap     ] GC(22) Eden regions: 72->0(72)
[2022-04-22T08:44:20.807+0000][7][gc,heap     ] GC(22) Survivor regions: 4->4(10)
[2022-04-22T08:44:20.808+0000][7][gc,heap     ] GC(22) Old regions: 18->18
[2022-04-22T08:44:20.808+0000][7][gc,heap     ] GC(22) Archive regions: 2->2
[2022-04-22T08:44:20.809+0000][7][gc,heap     ] GC(22) Humongous regions: 2->2
[2022-04-22T08:44:20.809+0000][7][gc,metaspace] GC(22) Metaspace: 114448K(116224K)->114448K(116224K) NonClass: 98944K(100032K)->98944K(100032K) Class: 15503K(16192K)->15503K(16192K)
[2022-04-22T08:44:20.810+0000][7][gc          ] GC(22) Pause Young (Normal) (G1 Evacuation Pause) 382M->95M(512M) 23.975ms
[2022-04-22T08:44:20.811+0000][7][gc,cpu      ] GC(22) User=0.03s Sys=0.00s Real=0.02s
[2022-04-22T08:44:20.811+0000][7][safepoint   ] Safepoint "G1CollectForAllocation", Time since last: 2385636793 ns, Reaching safepoint: 220875 ns, At safepoint: 25323708 ns, Total: 25544583 ns
[2022-04-22T08:44:21.812+0000][7][safepoint   ] Safepoint "Cleanup", Time since last: 1000775917 ns, Reaching safepoint: 96125 ns, At safepoint: 4459 ns, Total: 100584 ns
[2022-04-22T08:44:22.819+0000][7][safepoint   ] Safepoint "Cleanup", Time since last: 1006170250 ns, Reaching safepoint: 241375 ns, At safepoint: 8875 ns, Total: 250250 ns
[2022-04-22T08:44:23.838+0000][7][safepoint   ] Safepoint "Cleanup", Time since last: 1019241542 ns, Reaching safepoint: 212667 ns, At safepoint: 8583 ns, Total: 221250 ns
[2022-04-22T08:44:24.847+0000][7][safepoint   ] Safepoint "Cleanup", Time since last: 1008813709 ns, Reaching safepoint: 176625 ns, At safepoint: 8625 ns, Total: 185250 ns
[2022-04-22T08:44:25.850+0000][7][safepoint   ] Safepoint "Cleanup", Time since last: 1002828167 ns, Reaching safepoint: 265834 ns, At safepoint: 13583 ns, Total: 279417 ns
[2022-04-22T08:44:26.862+0000][7][safepoint   ] Safepoint "Cleanup", Time since last: 1012166209 ns, Reaching safepoint: 174958 ns, At safepoint: 6292 ns, Total: 181250 ns
[2022-04-22T08:44:27.864+0000][7][safepoint   ] Safepoint "Cleanup", Time since last: 1000932000 ns, Reaching safepoint: 227667 ns, At safepoint: 11042 ns, Total: 238709 ns
[2022-04-22T08:44:28.874+0000][7][safepoint   ] Safepoint "Cleanup", Time since last: 1009803458 ns, Reaching safepoint: 328125 ns, At safepoint: 13334 ns, Total: 341459 ns
[2022-04-22T08:44:29.878+0000][7][safepoint   ] Safepoint "Cleanup", Time since last: 1003937459 ns, Reaching safepoint: 517833 ns, At safepoint: 15042 ns, Total: 532875 ns
[2022-04-22T08:44:30.891+0000][7][safepoint   ] Safepoint "Cleanup", Time since last: 1012087917 ns, Reaching safepoint: 169458 ns, At safepoint: 8792 ns, Total: 178250 ns
[2022-04-22T08:44:32.901+0000][7][safepoint   ] Safepoint "Cleanup", Time since last: 2009773583 ns, Reaching safepoint: 141208 ns, At safepoint: 5250 ns, Total: 146458 ns
[2022-04-22T08:44:33.906+0000][7][safepoint   ] Safepoint "Cleanup", Time since last: 1004953376 ns, Reaching safepoint: 159500 ns, At safepoint: 9833 ns, Total: 169333 ns
[2022-04-22T08:44:35.911+0000][7][safepoint   ] Safepoint "Cleanup", Time since last: 2004854168 ns, Reaching safepoint: 271750 ns, At safepoint: 9125 ns, Total: 280875 ns
[2022-04-22T08:44:38.922+0000][7][safepoint   ] Safepoint "Cleanup", Time since last: 3011526751 ns, Reaching safepoint: 50334 ns, At safepoint: 2166 ns, Total: 52500 ns
[2022-04-22T08:44:39.924+0000][7][safepoint   ] Safepoint "Cleanup", Time since last: 1000956626 ns, Reaching safepoint: 218416 ns, At safepoint: 12334 ns, Total: 230750 ns
[2022-04-22T08:44:40.927+0000][7][safepoint   ] Safepoint "Cleanup", Time since last: 1002872292 ns, Reaching safepoint: 210083 ns, At safepoint: 4625 ns, Total: 214708 ns
[2022-04-22T08:44:41.383+0000][7][gc,heap,exit] Heap
[2022-04-22T08:44:41.385+0000][7][gc,heap,exit]  garbage-first heap   total 524288K, used 193366K [0x00000000e0000000, 0x0000000100000000)
[2022-04-22T08:44:41.386+0000][7][gc,heap,exit]   region size 4096K, 28 young (114688K), 4 survivors (16384K)
[2022-04-22T08:44:41.387+0000][7][gc,heap,exit]  Metaspace       used 114665K, committed 116416K, reserved 1155072K
[2022-04-22T08:44:41.388+0000][7][gc,heap,exit]   class space    used 15535K, committed 16256K, reserved 1048576K
