[2022-05-19T10:11:13.244+0000][163][gc] Using G1
[2022-05-19T10:11:13.290+0000][163][gc,init] Version: 17.0.2+8 (release)
[2022-05-19T10:11:13.291+0000][163][gc,init] CPUs: 12 total, 12 available
[2022-05-19T10:11:13.291+0000][163][gc,init] Memory: 25532M
[2022-05-19T10:11:13.291+0000][163][gc,init] Large Page Support: Disabled
[2022-05-19T10:11:13.291+0000][163][gc,init] NUMA Support: Disabled
[2022-05-19T10:11:13.291+0000][163][gc,init] Compressed Oops: Enabled (32-bit)
[2022-05-19T10:11:13.292+0000][163][gc,init] Heap Region Size: 4M
[2022-05-19T10:11:13.292+0000][163][gc,init] Heap Min Capacity: 512M
[2022-05-19T10:11:13.292+0000][163][gc,init] Heap Initial Capacity: 512M
[2022-05-19T10:11:13.293+0000][163][gc,init] Heap Max Capacity: 512M
[2022-05-19T10:11:13.293+0000][163][gc,init] Pre-touch: Enabled
[2022-05-19T10:11:13.293+0000][163][gc,init] Parallel Workers: 10
[2022-05-19T10:11:13.293+0000][163][gc,init] Concurrent Workers: 3
[2022-05-19T10:11:13.293+0000][163][gc,init] Concurrent Refinement Workers: 10
[2022-05-19T10:11:13.293+0000][163][gc,init] Periodic GC: Disabled
[2022-05-19T10:11:13.294+0000][163][gc,metaspace] CDS archive(s) mapped at: [0x0000000800000000-0x0000000800bd2000-0x0000000800bd2000), size 12394496, SharedBaseAddress: 0x0000000800000000, ArchiveRelocationMode: 0.
[2022-05-19T10:11:13.294+0000][163][gc,metaspace] Compressed class space mapped at: 0x0000000800c00000-0x0000000840c00000, reserved size: 1073741824
[2022-05-19T10:11:13.294+0000][163][gc,metaspace] Narrow klass base: 0x0000000800000000, Narrow klass shift: 0, Narrow klass range: 0x100000000
[2022-05-19T10:11:13.567+0000][163][safepoint   ] Safepoint "ICBufferFull", Time since last: 268290200 ns, Reaching safepoint: 190600 ns, At safepoint: 18300 ns, Total: 208900 ns
[2022-05-19T10:11:13.805+0000][163][gc,start    ] GC(0) Pause Young (Normal) (G1 Evacuation Pause)
[2022-05-19T10:11:13.805+0000][163][gc,task     ] GC(0) Using 10 workers of 10 for evacuation
[2022-05-19T10:11:13.805+0000][163][gc,age      ] GC(0) Desired survivor size 2097152 bytes, new threshold 15 (max threshold 15)
[2022-05-19T10:11:13.808+0000][163][gc,age      ] GC(0) Age table with threshold 15 (max threshold 15)
[2022-05-19T10:11:13.808+0000][163][gc,age      ] GC(0) - age   1:    4186360 bytes,    4186360 total
[2022-05-19T10:11:13.808+0000][163][gc,phases   ] GC(0)   Pre Evacuate Collection Set: 0.2ms
[2022-05-19T10:11:13.808+0000][163][gc,phases   ] GC(0)   Merge Heap Roots: 0.1ms
[2022-05-19T10:11:13.809+0000][163][gc,phases   ] GC(0)   Evacuate Collection Set: 1.5ms
[2022-05-19T10:11:13.809+0000][163][gc,phases   ] GC(0)   Post Evacuate Collection Set: 0.6ms
[2022-05-19T10:11:13.809+0000][163][gc,phases   ] GC(0)   Other: 1.0ms
[2022-05-19T10:11:13.809+0000][163][gc,heap     ] GC(0) Eden regions: 6->0(5)
[2022-05-19T10:11:13.809+0000][163][gc,heap     ] GC(0) Survivor regions: 0->1(1)
[2022-05-19T10:11:13.809+0000][163][gc,heap     ] GC(0) Old regions: 0->1
[2022-05-19T10:11:13.809+0000][163][gc,heap     ] GC(0) Archive regions: 2->2
[2022-05-19T10:11:13.809+0000][163][gc,heap     ] GC(0) Humongous regions: 0->0
[2022-05-19T10:11:13.809+0000][163][gc,metaspace] GC(0) Metaspace: 9360K(9536K)->9360K(9536K) NonClass: 8285K(8384K)->8285K(8384K) Class: 1075K(1152K)->1075K(1152K)
[2022-05-19T10:11:13.810+0000][163][gc          ] GC(0) Pause Young (Normal) (G1 Evacuation Pause) 27M->8M(512M) 4.690ms
[2022-05-19T10:11:13.810+0000][163][gc,cpu      ] GC(0) User=0.01s Sys=0.01s Real=0.00s
[2022-05-19T10:11:13.810+0000][163][safepoint   ] Safepoint "G1CollectForAllocation", Time since last: 237343600 ns, Reaching safepoint: 115900 ns, At safepoint: 4988300 ns, Total: 5104200 ns
[2022-05-19T10:11:14.050+0000][163][gc,start    ] GC(1) Pause Young (Normal) (G1 Evacuation Pause)
[2022-05-19T10:11:14.051+0000][163][gc,task     ] GC(1) Using 10 workers of 10 for evacuation
[2022-05-19T10:11:14.051+0000][163][gc,age      ] GC(1) Desired survivor size 2097152 bytes, new threshold 1 (max threshold 15)
[2022-05-19T10:11:14.054+0000][163][gc,age      ] GC(1) Age table with threshold 1 (max threshold 15)
[2022-05-19T10:11:14.054+0000][163][gc,age      ] GC(1) - age   1:    1844352 bytes,    1844352 total
[2022-05-19T10:11:14.054+0000][163][gc,phases   ] GC(1)   Pre Evacuate Collection Set: 0.2ms
[2022-05-19T10:11:14.054+0000][163][gc,phases   ] GC(1)   Merge Heap Roots: 0.2ms
[2022-05-19T10:11:14.054+0000][163][gc,phases   ] GC(1)   Evacuate Collection Set: 1.8ms
[2022-05-19T10:11:14.054+0000][163][gc,phases   ] GC(1)   Post Evacuate Collection Set: 0.6ms
[2022-05-19T10:11:14.055+0000][163][gc,phases   ] GC(1)   Other: 1.0ms
[2022-05-19T10:11:14.055+0000][163][gc,heap     ] GC(1) Eden regions: 5->0(11)
[2022-05-19T10:11:14.055+0000][163][gc,heap     ] GC(1) Survivor regions: 1->1(1)
[2022-05-19T10:11:14.055+0000][163][gc,heap     ] GC(1) Old regions: 1->2
[2022-05-19T10:11:14.055+0000][163][gc,heap     ] GC(1) Archive regions: 2->2
[2022-05-19T10:11:14.055+0000][163][gc,heap     ] GC(1) Humongous regions: 0->0
[2022-05-19T10:11:14.055+0000][163][gc,metaspace] GC(1) Metaspace: 12605K(12800K)->12605K(12800K) NonClass: 11059K(11136K)->11059K(11136K) Class: 1546K(1664K)->1546K(1664K)
[2022-05-19T10:11:14.055+0000][163][gc          ] GC(1) Pause Young (Normal) (G1 Evacuation Pause) 28M->10M(512M) 5.015ms
[2022-05-19T10:11:14.056+0000][163][gc,cpu      ] GC(1) User=0.01s Sys=0.03s Real=0.01s
[2022-05-19T10:11:14.056+0000][163][safepoint   ] Safepoint "G1CollectForAllocation", Time since last: 240335600 ns, Reaching safepoint: 170500 ns, At safepoint: 5311200 ns, Total: 5481700 ns
[2022-05-19T10:11:14.206+0000][163][safepoint   ] Safepoint "ICBufferFull", Time since last: 149784100 ns, Reaching safepoint: 174000 ns, At safepoint: 4600 ns, Total: 178600 ns
[2022-05-19T10:11:14.499+0000][163][gc,start    ] GC(2) Pause Young (Normal) (G1 Evacuation Pause)
[2022-05-19T10:11:14.499+0000][163][gc,task     ] GC(2) Using 10 workers of 10 for evacuation
[2022-05-19T10:11:14.499+0000][163][gc,age      ] GC(2) Desired survivor size 4194304 bytes, new threshold 15 (max threshold 15)
[2022-05-19T10:11:14.503+0000][163][gc,age      ] GC(2) Age table with threshold 15 (max threshold 15)
[2022-05-19T10:11:14.503+0000][163][gc,age      ] GC(2) - age   1:    1263184 bytes,    1263184 total
[2022-05-19T10:11:14.503+0000][163][gc,age      ] GC(2) - age   2:    1820816 bytes,    3084000 total
[2022-05-19T10:11:14.503+0000][163][gc,phases   ] GC(2)   Pre Evacuate Collection Set: 0.2ms
[2022-05-19T10:11:14.503+0000][163][gc,phases   ] GC(2)   Merge Heap Roots: 0.2ms
[2022-05-19T10:11:14.504+0000][163][gc,phases   ] GC(2)   Evacuate Collection Set: 1.5ms
[2022-05-19T10:11:14.504+0000][163][gc,phases   ] GC(2)   Post Evacuate Collection Set: 1.2ms
[2022-05-19T10:11:14.504+0000][163][gc,phases   ] GC(2)   Other: 1.2ms
[2022-05-19T10:11:14.504+0000][163][gc,heap     ] GC(2) Eden regions: 11->0(60)
[2022-05-19T10:11:14.504+0000][163][gc,heap     ] GC(2) Survivor regions: 1->1(2)
[2022-05-19T10:11:14.504+0000][163][gc,heap     ] GC(2) Old regions: 2->2
[2022-05-19T10:11:14.504+0000][163][gc,heap     ] GC(2) Archive regions: 2->2
[2022-05-19T10:11:14.505+0000][163][gc,heap     ] GC(2) Humongous regions: 0->0
[2022-05-19T10:11:14.505+0000][163][gc,metaspace] GC(2) Metaspace: 15172K(15424K)->15172K(15424K) NonClass: 13384K(13504K)->13384K(13504K) Class: 1788K(1920K)->1788K(1920K)
[2022-05-19T10:11:14.505+0000][163][gc          ] GC(2) Pause Young (Normal) (G1 Evacuation Pause) 54M->11M(512M) 6.093ms
[2022-05-19T10:11:14.505+0000][163][gc,cpu      ] GC(2) User=0.01s Sys=0.04s Real=0.01s
[2022-05-19T10:11:14.505+0000][163][safepoint   ] Safepoint "G1CollectForAllocation", Time since last: 292886000 ns, Reaching safepoint: 323300 ns, At safepoint: 6540400 ns, Total: 6863700 ns
[2022-05-19T10:11:14.810+0000][163][safepoint   ] Safepoint "ICBufferFull", Time since last: 304237400 ns, Reaching safepoint: 200700 ns, At safepoint: 18700 ns, Total: 219400 ns
[2022-05-19T10:11:14.811+0000][163][safepoint   ] Safepoint "ICBufferFull", Time since last: 856300 ns, Reaching safepoint: 200400 ns, At safepoint: 5800 ns, Total: 206200 ns
[2022-05-19T10:11:14.814+0000][163][safepoint   ] Safepoint "ICBufferFull", Time since last: 2536800 ns, Reaching safepoint: 300600 ns, At safepoint: 42500 ns, Total: 343100 ns
[2022-05-19T10:11:14.816+0000][163][safepoint   ] Safepoint "ICBufferFull", Time since last: 1484000 ns, Reaching safepoint: 249000 ns, At safepoint: 6400 ns, Total: 255400 ns
[2022-05-19T10:11:14.817+0000][163][safepoint   ] Safepoint "ICBufferFull", Time since last: 1257200 ns, Reaching safepoint: 249100 ns, At safepoint: 7800 ns, Total: 256900 ns
[2022-05-19T10:11:14.900+0000][163][safepoint   ] Safepoint "ICBufferFull", Time since last: 83025200 ns, Reaching safepoint: 213200 ns, At safepoint: 6300 ns, Total: 219500 ns
[2022-05-19T10:11:15.070+0000][163][gc,start    ] GC(3) Pause Young (Normal) (G1 Evacuation Pause)
[2022-05-19T10:11:15.071+0000][163][gc,task     ] GC(3) Using 10 workers of 10 for evacuation
[2022-05-19T10:11:15.071+0000][163][gc,age      ] GC(3) Desired survivor size 16777216 bytes, new threshold 15 (max threshold 15)
[2022-05-19T10:11:15.074+0000][163][gc,age      ] GC(3) Age table with threshold 15 (max threshold 15)
[2022-05-19T10:11:15.074+0000][163][gc,age      ] GC(3) - age   1:    3767024 bytes,    3767024 total
[2022-05-19T10:11:15.074+0000][163][gc,age      ] GC(3) - age   2:    1241192 bytes,    5008216 total
[2022-05-19T10:11:15.074+0000][163][gc,age      ] GC(3) - age   3:    1819424 bytes,    6827640 total
[2022-05-19T10:11:15.075+0000][163][gc,phases   ] GC(3)   Pre Evacuate Collection Set: 0.2ms
[2022-05-19T10:11:15.075+0000][163][gc,phases   ] GC(3)   Merge Heap Roots: 0.2ms
[2022-05-19T10:11:15.075+0000][163][gc,phases   ] GC(3)   Evacuate Collection Set: 2.0ms
[2022-05-19T10:11:15.075+0000][163][gc,phases   ] GC(3)   Post Evacuate Collection Set: 0.7ms
[2022-05-19T10:11:15.075+0000][163][gc,phases   ] GC(3)   Other: 1.1ms
[2022-05-19T10:11:15.075+0000][163][gc,heap     ] GC(3) Eden regions: 60->0(74)
[2022-05-19T10:11:15.075+0000][163][gc,heap     ] GC(3) Survivor regions: 1->2(8)
[2022-05-19T10:11:15.075+0000][163][gc,heap     ] GC(3) Old regions: 2->2
[2022-05-19T10:11:15.076+0000][163][gc,heap     ] GC(3) Archive regions: 2->2
[2022-05-19T10:11:15.076+0000][163][gc,heap     ] GC(3) Humongous regions: 0->0
[2022-05-19T10:11:15.076+0000][163][gc,metaspace] GC(3) Metaspace: 17996K(18304K)->17996K(18304K) NonClass: 15822K(16000K)->15822K(16000K) Class: 2173K(2304K)->2173K(2304K)
[2022-05-19T10:11:15.076+0000][163][gc          ] GC(3) Pause Young (Normal) (G1 Evacuation Pause) 251M->15M(512M) 5.445ms
[2022-05-19T10:11:15.076+0000][163][gc,cpu      ] GC(3) User=0.01s Sys=0.03s Real=0.01s
[2022-05-19T10:11:15.076+0000][163][safepoint   ] Safepoint "G1CollectForAllocation", Time since last: 169922200 ns, Reaching safepoint: 185800 ns, At safepoint: 5750300 ns, Total: 5936100 ns
[2022-05-19T10:11:15.406+0000][163][gc,start    ] GC(4) Pause Young (Normal) (G1 Evacuation Pause)
[2022-05-19T10:11:15.406+0000][163][gc,task     ] GC(4) Using 10 workers of 10 for evacuation
[2022-05-19T10:11:15.407+0000][163][gc,age      ] GC(4) Desired survivor size 20971520 bytes, new threshold 15 (max threshold 15)
[2022-05-19T10:11:15.410+0000][163][gc,age      ] GC(4) Age table with threshold 15 (max threshold 15)
[2022-05-19T10:11:15.410+0000][163][gc,age      ] GC(4) - age   1:    3827648 bytes,    3827648 total
[2022-05-19T10:11:15.411+0000][163][gc,age      ] GC(4) - age   2:    3731104 bytes,    7558752 total
[2022-05-19T10:11:15.411+0000][163][gc,age      ] GC(4) - age   3:    1241192 bytes,    8799944 total
[2022-05-19T10:11:15.411+0000][163][gc,age      ] GC(4) - age   4:    1819424 bytes,   10619368 total
[2022-05-19T10:11:15.411+0000][163][gc,phases   ] GC(4)   Pre Evacuate Collection Set: 0.2ms
[2022-05-19T10:11:15.411+0000][163][gc,phases   ] GC(4)   Merge Heap Roots: 0.1ms
[2022-05-19T10:11:15.411+0000][163][gc,phases   ] GC(4)   Evacuate Collection Set: 2.3ms
[2022-05-19T10:11:15.411+0000][163][gc,phases   ] GC(4)   Post Evacuate Collection Set: 0.8ms
[2022-05-19T10:11:15.412+0000][163][gc,phases   ] GC(4)   Other: 1.6ms
[2022-05-19T10:11:15.412+0000][163][gc,heap     ] GC(4) Eden regions: 74->0(73)
[2022-05-19T10:11:15.412+0000][163][gc,heap     ] GC(4) Survivor regions: 2->3(10)
[2022-05-19T10:11:15.412+0000][163][gc,heap     ] GC(4) Old regions: 2->2
[2022-05-19T10:11:15.412+0000][163][gc,heap     ] GC(4) Archive regions: 2->2
[2022-05-19T10:11:15.412+0000][163][gc,heap     ] GC(4) Humongous regions: 0->0
[2022-05-19T10:11:15.413+0000][163][gc,metaspace] GC(4) Metaspace: 18875K(19328K)->18875K(19328K) NonClass: 16576K(16832K)->16576K(16832K) Class: 2299K(2496K)->2299K(2496K)
[2022-05-19T10:11:15.413+0000][163][gc          ] GC(4) Pause Young (Normal) (G1 Evacuation Pause) 311M->19M(512M) 6.779ms
[2022-05-19T10:11:15.413+0000][163][gc,cpu      ] GC(4) User=0.05s Sys=0.00s Real=0.01s
[2022-05-19T10:11:15.413+0000][163][safepoint   ] Safepoint "G1CollectForAllocation", Time since last: 329610100 ns, Reaching safepoint: 204700 ns, At safepoint: 7274700 ns, Total: 7479400 ns
[2022-05-19T10:11:15.747+0000][163][gc,start    ] GC(5) Pause Young (Normal) (G1 Evacuation Pause)
[2022-05-19T10:11:15.747+0000][163][gc,task     ] GC(5) Using 10 workers of 10 for evacuation
[2022-05-19T10:11:15.747+0000][163][gc,age      ] GC(5) Desired survivor size 20971520 bytes, new threshold 15 (max threshold 15)
[2022-05-19T10:11:15.751+0000][163][gc,age      ] GC(5) Age table with threshold 15 (max threshold 15)
[2022-05-19T10:11:15.751+0000][163][gc,age      ] GC(5) - age   1:     673272 bytes,     673272 total
[2022-05-19T10:11:15.752+0000][163][gc,age      ] GC(5) - age   2:    3807208 bytes,    4480480 total
[2022-05-19T10:11:15.752+0000][163][gc,age      ] GC(5) - age   3:    3730608 bytes,    8211088 total
[2022-05-19T10:11:15.752+0000][163][gc,age      ] GC(5) - age   4:    1240952 bytes,    9452040 total
[2022-05-19T10:11:15.752+0000][163][gc,age      ] GC(5) - age   5:    1819360 bytes,   11271400 total
[2022-05-19T10:11:15.752+0000][163][gc,phases   ] GC(5)   Pre Evacuate Collection Set: 0.2ms
[2022-05-19T10:11:15.752+0000][163][gc,phases   ] GC(5)   Merge Heap Roots: 0.2ms
[2022-05-19T10:11:15.752+0000][163][gc,phases   ] GC(5)   Evacuate Collection Set: 2.6ms
[2022-05-19T10:11:15.752+0000][163][gc,phases   ] GC(5)   Post Evacuate Collection Set: 0.7ms
[2022-05-19T10:11:15.753+0000][163][gc,phases   ] GC(5)   Other: 1.4ms
[2022-05-19T10:11:15.753+0000][163][gc,heap     ] GC(5) Eden regions: 73->0(73)
[2022-05-19T10:11:15.753+0000][163][gc,heap     ] GC(5) Survivor regions: 3->3(10)
[2022-05-19T10:11:15.753+0000][163][gc,heap     ] GC(5) Old regions: 2->2
[2022-05-19T10:11:15.753+0000][163][gc,heap     ] GC(5) Archive regions: 2->2
[2022-05-19T10:11:15.753+0000][163][gc,heap     ] GC(5) Humongous regions: 0->0
[2022-05-19T10:11:15.753+0000][163][gc,metaspace] GC(5) Metaspace: 19741K(20224K)->19741K(20224K) NonClass: 17313K(17600K)->17313K(17600K) Class: 2428K(2624K)->2428K(2624K)
[2022-05-19T10:11:15.753+0000][163][gc          ] GC(5) Pause Young (Normal) (G1 Evacuation Pause) 311M->19M(512M) 6.251ms
[2022-05-19T10:11:15.753+0000][163][gc,cpu      ] GC(5) User=0.01s Sys=0.02s Real=0.01s
[2022-05-19T10:11:15.754+0000][163][safepoint   ] Safepoint "G1CollectForAllocation", Time since last: 333619600 ns, Reaching safepoint: 188900 ns, At safepoint: 6527100 ns, Total: 6716000 ns
[2022-05-19T10:11:16.064+0000][163][gc,start    ] GC(6) Pause Young (Normal) (G1 Evacuation Pause)
[2022-05-19T10:11:16.064+0000][163][gc,task     ] GC(6) Using 10 workers of 10 for evacuation
[2022-05-19T10:11:16.064+0000][163][gc,age      ] GC(6) Desired survivor size 20971520 bytes, new threshold 15 (max threshold 15)
[2022-05-19T10:11:16.069+0000][163][gc,age      ] GC(6) Age table with threshold 15 (max threshold 15)
[2022-05-19T10:11:16.069+0000][163][gc,age      ] GC(6) - age   1:    4170504 bytes,    4170504 total
[2022-05-19T10:11:16.069+0000][163][gc,age      ] GC(6) - age   2:     660152 bytes,    4830656 total
[2022-05-19T10:11:16.070+0000][163][gc,age      ] GC(6) - age   3:    3803368 bytes,    8634024 total
[2022-05-19T10:11:16.070+0000][163][gc,age      ] GC(6) - age   4:    3727928 bytes,   12361952 total
[2022-05-19T10:11:16.070+0000][163][gc,age      ] GC(6) - age   5:    1240848 bytes,   13602800 total
[2022-05-19T10:11:16.070+0000][163][gc,age      ] GC(6) - age   6:    1819360 bytes,   15422160 total
[2022-05-19T10:11:16.071+0000][163][gc,phases   ] GC(6)   Pre Evacuate Collection Set: 0.2ms
[2022-05-19T10:11:16.071+0000][163][gc,phases   ] GC(6)   Merge Heap Roots: 0.1ms
[2022-05-19T10:11:16.071+0000][163][gc,phases   ] GC(6)   Evacuate Collection Set: 3.2ms
[2022-05-19T10:11:16.071+0000][163][gc,phases   ] GC(6)   Post Evacuate Collection Set: 0.9ms
[2022-05-19T10:11:16.071+0000][163][gc,phases   ] GC(6)   Other: 2.3ms
[2022-05-19T10:11:16.071+0000][163][gc,heap     ] GC(6) Eden regions: 73->0(72)
[2022-05-19T10:11:16.072+0000][163][gc,heap     ] GC(6) Survivor regions: 3->4(10)
[2022-05-19T10:11:16.072+0000][163][gc,heap     ] GC(6) Old regions: 2->2
[2022-05-19T10:11:16.072+0000][163][gc,heap     ] GC(6) Archive regions: 2->2
[2022-05-19T10:11:16.072+0000][163][gc,heap     ] GC(6) Humongous regions: 0->0
[2022-05-19T10:11:16.072+0000][163][gc,metaspace] GC(6) Metaspace: 20827K(21312K)->20827K(21312K) NonClass: 18254K(18560K)->18254K(18560K) Class: 2572K(2752K)->2572K(2752K)
[2022-05-19T10:11:16.072+0000][163][gc          ] GC(6) Pause Young (Normal) (G1 Evacuation Pause) 311M->23M(512M) 8.382ms
[2022-05-19T10:11:16.072+0000][163][gc,cpu      ] GC(6) User=0.04s Sys=0.00s Real=0.01s
[2022-05-19T10:11:16.073+0000][163][safepoint   ] Safepoint "G1CollectForAllocation", Time since last: 310114700 ns, Reaching safepoint: 221700 ns, At safepoint: 8699000 ns, Total: 8920700 ns
[2022-05-19T10:11:16.308+0000][163][gc,start    ] GC(7) Pause Young (Concurrent Start) (Metadata GC Threshold)
[2022-05-19T10:11:16.308+0000][163][gc,task     ] GC(7) Using 10 workers of 10 for evacuation
[2022-05-19T10:11:16.308+0000][163][gc,age      ] GC(7) Desired survivor size 20971520 bytes, new threshold 15 (max threshold 15)
[2022-05-19T10:11:16.312+0000][163][gc,age      ] GC(7) Age table with threshold 15 (max threshold 15)
[2022-05-19T10:11:16.313+0000][163][gc,age      ] GC(7) - age   1:     589352 bytes,     589352 total
[2022-05-19T10:11:16.313+0000][163][gc,age      ] GC(7) - age   2:    2087496 bytes,    2676848 total
[2022-05-19T10:11:16.313+0000][163][gc,age      ] GC(7) - age   3:     659608 bytes,    3336456 total
[2022-05-19T10:11:16.314+0000][163][gc,age      ] GC(7) - age   4:    3803096 bytes,    7139552 total
[2022-05-19T10:11:16.314+0000][163][gc,age      ] GC(7) - age   5:    3727928 bytes,   10867480 total
[2022-05-19T10:11:16.314+0000][163][gc,age      ] GC(7) - age   6:    1240848 bytes,   12108328 total
[2022-05-19T10:11:16.314+0000][163][gc,age      ] GC(7) - age   7:    1819360 bytes,   13927688 total
[2022-05-19T10:11:16.314+0000][163][gc,phases   ] GC(7)   Pre Evacuate Collection Set: 0.2ms
[2022-05-19T10:11:16.315+0000][163][gc,phases   ] GC(7)   Merge Heap Roots: 0.1ms
[2022-05-19T10:11:16.315+0000][163][gc,phases   ] GC(7)   Evacuate Collection Set: 2.7ms
[2022-05-19T10:11:16.315+0000][163][gc,phases   ] GC(7)   Post Evacuate Collection Set: 0.8ms
[2022-05-19T10:11:16.315+0000][163][gc,phases   ] GC(7)   Other: 2.9ms
[2022-05-19T10:11:16.315+0000][163][gc,heap     ] GC(7) Eden regions: 70->0(72)
[2022-05-19T10:11:16.315+0000][163][gc,heap     ] GC(7) Survivor regions: 4->4(10)
[2022-05-19T10:11:16.316+0000][163][gc,heap     ] GC(7) Old regions: 2->2
[2022-05-19T10:11:16.316+0000][163][gc,heap     ] GC(7) Archive regions: 2->2
[2022-05-19T10:11:16.316+0000][163][gc,heap     ] GC(7) Humongous regions: 0->0
[2022-05-19T10:11:16.316+0000][163][gc,metaspace] GC(7) Metaspace: 21010K(21504K)->21010K(21504K) NonClass: 18407K(18688K)->18407K(18688K) Class: 2602K(2816K)->2602K(2816K)
[2022-05-19T10:11:16.316+0000][163][gc          ] GC(7) Pause Young (Concurrent Start) (Metadata GC Threshold) 303M->22M(512M) 8.483ms
[2022-05-19T10:11:16.316+0000][163][gc,cpu      ] GC(7) User=0.02s Sys=0.01s Real=0.01s
[2022-05-19T10:11:16.316+0000][163][gc          ] GC(8) Concurrent Mark Cycle
[2022-05-19T10:11:16.317+0000][163][gc,marking  ] GC(8) Concurrent Clear Claimed Marks
[2022-05-19T10:11:16.317+0000][163][safepoint   ] Safepoint "CollectForMetadataAllocation", Time since last: 234852300 ns, Reaching safepoint: 178200 ns, At safepoint: 8874600 ns, Total: 9052800 ns
[2022-05-19T10:11:16.317+0000][163][gc,marking  ] GC(8) Concurrent Clear Claimed Marks 0.166ms
[2022-05-19T10:11:16.317+0000][163][gc,marking  ] GC(8) Concurrent Scan Root Regions
[2022-05-19T10:11:16.319+0000][163][gc,marking  ] GC(8) Concurrent Scan Root Regions 2.111ms
[2022-05-19T10:11:16.319+0000][163][gc,marking  ] GC(8) Concurrent Mark
[2022-05-19T10:11:16.319+0000][163][gc,marking  ] GC(8) Concurrent Mark From Roots
[2022-05-19T10:11:16.320+0000][163][gc,task     ] GC(8) Using 3 workers of 3 for marking
[2022-05-19T10:11:16.323+0000][163][gc,marking  ] GC(8) Concurrent Mark From Roots 3.153ms
[2022-05-19T10:11:16.323+0000][163][gc,marking  ] GC(8) Concurrent Preclean
[2022-05-19T10:11:16.323+0000][163][gc,marking  ] GC(8) Concurrent Preclean 0.444ms
[2022-05-19T10:11:16.324+0000][163][gc,start    ] GC(8) Pause Remark
[2022-05-19T10:11:16.326+0000][163][gc          ] GC(8) Pause Remark 30M->30M(512M) 2.145ms
[2022-05-19T10:11:16.326+0000][163][gc,cpu      ] GC(8) User=0.01s Sys=0.00s Real=0.00s
[2022-05-19T10:11:16.326+0000][163][safepoint   ] Safepoint "G1Concurrent", Time since last: 6955300 ns, Reaching safepoint: 165200 ns, At safepoint: 2644500 ns, Total: 2809700 ns
[2022-05-19T10:11:16.327+0000][163][gc,marking  ] GC(8) Concurrent Mark 7.212ms
[2022-05-19T10:11:16.327+0000][163][gc,marking  ] GC(8) Concurrent Rebuild Remembered Sets
[2022-05-19T10:11:16.329+0000][163][gc,marking  ] GC(8) Concurrent Rebuild Remembered Sets 1.947ms
[2022-05-19T10:11:16.329+0000][163][gc,start    ] GC(8) Pause Cleanup
[2022-05-19T10:11:16.330+0000][163][gc          ] GC(8) Pause Cleanup 34M->34M(512M) 0.317ms
[2022-05-19T10:11:16.330+0000][163][gc,cpu      ] GC(8) User=0.00s Sys=0.00s Real=0.00s
[2022-05-19T10:11:16.330+0000][163][safepoint   ] Safepoint "G1Concurrent", Time since last: 2617700 ns, Reaching safepoint: 266300 ns, At safepoint: 676900 ns, Total: 943200 ns
[2022-05-19T10:11:16.330+0000][163][gc,marking  ] GC(8) Concurrent Cleanup for Next Mark
[2022-05-19T10:11:16.330+0000][163][gc,marking  ] GC(8) Concurrent Cleanup for Next Mark 0.348ms
[2022-05-19T10:11:16.331+0000][163][gc          ] GC(8) Concurrent Mark Cycle 14.058ms
[2022-05-19T10:11:16.816+0000][163][safepoint   ] Safepoint "ICBufferFull", Time since last: 485501200 ns, Reaching safepoint: 202600 ns, At safepoint: 5300 ns, Total: 207900 ns
[2022-05-19T10:11:16.817+0000][163][safepoint   ] Safepoint "ICBufferFull", Time since last: 774400 ns, Reaching safepoint: 180800 ns, At safepoint: 5700 ns, Total: 186500 ns
[2022-05-19T10:11:16.818+0000][163][safepoint   ] Safepoint "ICBufferFull", Time since last: 814700 ns, Reaching safepoint: 180100 ns, At safepoint: 4900 ns, Total: 185000 ns
[2022-05-19T10:11:16.818+0000][163][safepoint   ] Safepoint "ICBufferFull", Time since last: 708300 ns, Reaching safepoint: 181800 ns, At safepoint: 5000 ns, Total: 186800 ns
[2022-05-19T10:11:16.832+0000][163][safepoint   ] Safepoint "ICBufferFull", Time since last: 13298000 ns, Reaching safepoint: 182400 ns, At safepoint: 4600 ns, Total: 187000 ns
[2022-05-19T10:11:16.833+0000][163][safepoint   ] Safepoint "ICBufferFull", Time since last: 827100 ns, Reaching safepoint: 207600 ns, At safepoint: 5700 ns, Total: 213300 ns
[2022-05-19T10:11:16.863+0000][163][safepoint   ] Safepoint "ICBufferFull", Time since last: 29280600 ns, Reaching safepoint: 288300 ns, At safepoint: 32400 ns, Total: 320700 ns
[2022-05-19T10:11:16.868+0000][163][safepoint   ] Safepoint "ICBufferFull", Time since last: 5521700 ns, Reaching safepoint: 227600 ns, At safepoint: 8900 ns, Total: 236500 ns
[2022-05-19T10:11:16.880+0000][163][safepoint   ] Safepoint "ICBufferFull", Time since last: 11902100 ns, Reaching safepoint: 230500 ns, At safepoint: 24100 ns, Total: 254600 ns
[2022-05-19T10:11:16.929+0000][163][safepoint   ] Safepoint "ICBufferFull", Time since last: 48311500 ns, Reaching safepoint: 180700 ns, At safepoint: 4600 ns, Total: 185300 ns
[2022-05-19T10:11:16.930+0000][163][safepoint   ] Safepoint "ICBufferFull", Time since last: 698200 ns, Reaching safepoint: 157000 ns, At safepoint: 4000 ns, Total: 161000 ns
[2022-05-19T10:11:16.931+0000][163][safepoint   ] Safepoint "ICBufferFull", Time since last: 809200 ns, Reaching safepoint: 237000 ns, At safepoint: 28800 ns, Total: 265800 ns
[2022-05-19T10:11:16.941+0000][163][safepoint   ] Safepoint "ICBufferFull", Time since last: 10322600 ns, Reaching safepoint: 251400 ns, At safepoint: 19300 ns, Total: 270700 ns
[2022-05-19T10:11:16.942+0000][163][safepoint   ] Safepoint "ICBufferFull", Time since last: 811000 ns, Reaching safepoint: 152500 ns, At safepoint: 28500 ns, Total: 181000 ns
[2022-05-19T10:11:17.026+0000][163][safepoint   ] Safepoint "ICBufferFull", Time since last: 83037700 ns, Reaching safepoint: 170900 ns, At safepoint: 4500 ns, Total: 175400 ns
[2022-05-19T10:11:17.487+0000][163][safepoint   ] Safepoint "ICBufferFull", Time since last: 460593000 ns, Reaching safepoint: 201200 ns, At safepoint: 18500 ns, Total: 219700 ns
[2022-05-19T10:11:17.996+0000][163][gc,start    ] GC(9) Pause Young (Normal) (G1 Evacuation Pause)
[2022-05-19T10:11:17.997+0000][163][gc,task     ] GC(9) Using 10 workers of 10 for evacuation
[2022-05-19T10:11:17.997+0000][163][gc,age      ] GC(9) Desired survivor size 20971520 bytes, new threshold 15 (max threshold 15)
[2022-05-19T10:11:18.008+0000][163][gc,age      ] GC(9) Age table with threshold 15 (max threshold 15)
[2022-05-19T10:11:18.008+0000][163][gc,age      ] GC(9) - age   1:   20308152 bytes,   20308152 total
[2022-05-19T10:11:18.008+0000][163][gc,age      ] GC(9) - age   2:     571512 bytes,   20879664 total
[2022-05-19T10:11:18.009+0000][163][gc,age      ] GC(9) - age   3:    2059592 bytes,   22939256 total
[2022-05-19T10:11:18.009+0000][163][gc,age      ] GC(9) - age   4:     646312 bytes,   23585568 total
[2022-05-19T10:11:18.009+0000][163][gc,age      ] GC(9) - age   5:    3785480 bytes,   27371048 total
[2022-05-19T10:11:18.009+0000][163][gc,age      ] GC(9) - age   6:    3649768 bytes,   31020816 total
[2022-05-19T10:11:18.009+0000][163][gc,age      ] GC(9) - age   7:    1187064 bytes,   32207880 total
[2022-05-19T10:11:18.009+0000][163][gc,age      ] GC(9) - age   8:    1811984 bytes,   34019864 total
[2022-05-19T10:11:18.010+0000][163][gc,phases   ] GC(9)   Pre Evacuate Collection Set: 0.3ms
[2022-05-19T10:11:18.010+0000][163][gc,phases   ] GC(9)   Merge Heap Roots: 0.2ms
[2022-05-19T10:11:18.010+0000][163][gc,phases   ] GC(9)   Evacuate Collection Set: 8.9ms
[2022-05-19T10:11:18.010+0000][163][gc,phases   ] GC(9)   Post Evacuate Collection Set: 1.4ms
[2022-05-19T10:11:18.010+0000][163][gc,phases   ] GC(9)   Other: 2.7ms
[2022-05-19T10:11:18.010+0000][163][gc,heap     ] GC(9) Eden regions: 72->0(67)
[2022-05-19T10:11:18.010+0000][163][gc,heap     ] GC(9) Survivor regions: 4->9(10)
[2022-05-19T10:11:18.011+0000][163][gc,heap     ] GC(9) Old regions: 2->2
[2022-05-19T10:11:18.011+0000][163][gc,heap     ] GC(9) Archive regions: 2->2
[2022-05-19T10:11:18.011+0000][163][gc,heap     ] GC(9) Humongous regions: 0->0
[2022-05-19T10:11:18.011+0000][163][gc,metaspace] GC(9) Metaspace: 30735K(31680K)->30735K(31680K) NonClass: 26781K(27392K)->26781K(27392K) Class: 3954K(4288K)->3954K(4288K)
[2022-05-19T10:11:18.011+0000][163][gc          ] GC(9) Pause Young (Normal) (G1 Evacuation Pause) 310M->41M(512M) 14.822ms
[2022-05-19T10:11:18.011+0000][163][gc,cpu      ] GC(9) User=0.11s Sys=0.00s Real=0.02s
[2022-05-19T10:11:18.011+0000][163][safepoint   ] Safepoint "G1CollectForAllocation", Time since last: 509453800 ns, Reaching safepoint: 226700 ns, At safepoint: 15168800 ns, Total: 15395500 ns
[2022-05-19T10:11:18.494+0000][163][gc,start    ] GC(10) Pause Young (Concurrent Start) (Metadata GC Threshold)
[2022-05-19T10:11:18.494+0000][163][gc,task     ] GC(10) Using 10 workers of 10 for evacuation
[2022-05-19T10:11:18.494+0000][163][gc,age      ] GC(10) Desired survivor size 20971520 bytes, new threshold 3 (max threshold 15)
[2022-05-19T10:11:18.506+0000][163][gc,age      ] GC(10) Age table with threshold 3 (max threshold 15)
[2022-05-19T10:11:18.506+0000][163][gc,age      ] GC(10) - age   1:    7838272 bytes,    7838272 total
[2022-05-19T10:11:18.506+0000][163][gc,age      ] GC(10) - age   2:   19879208 bytes,   27717480 total
[2022-05-19T10:11:18.506+0000][163][gc,age      ] GC(10) - age   3:     571448 bytes,   28288928 total
[2022-05-19T10:11:18.506+0000][163][gc,phases   ] GC(10)   Pre Evacuate Collection Set: 0.2ms
[2022-05-19T10:11:18.507+0000][163][gc,phases   ] GC(10)   Merge Heap Roots: 0.2ms
[2022-05-19T10:11:18.507+0000][163][gc,phases   ] GC(10)   Evacuate Collection Set: 9.7ms
[2022-05-19T10:11:18.507+0000][163][gc,phases   ] GC(10)   Post Evacuate Collection Set: 1.0ms
[2022-05-19T10:11:18.507+0000][163][gc,phases   ] GC(10)   Other: 1.4ms
[2022-05-19T10:11:18.507+0000][163][gc,heap     ] GC(10) Eden regions: 23->0(68)
[2022-05-19T10:11:18.507+0000][163][gc,heap     ] GC(10) Survivor regions: 9->8(10)
[2022-05-19T10:11:18.507+0000][163][gc,heap     ] GC(10) Old regions: 2->5
[2022-05-19T10:11:18.507+0000][163][gc,heap     ] GC(10) Archive regions: 2->2
[2022-05-19T10:11:18.508+0000][163][gc,heap     ] GC(10) Humongous regions: 0->0
[2022-05-19T10:11:18.508+0000][163][gc,metaspace] GC(10) Metaspace: 35043K(35968K)->35043K(35968K) NonClass: 30385K(30976K)->30385K(30976K) Class: 4658K(4992K)->4658K(4992K)
[2022-05-19T10:11:18.508+0000][163][gc          ] GC(10) Pause Young (Concurrent Start) (Metadata GC Threshold) 133M->50M(512M) 13.961ms
[2022-05-19T10:11:18.508+0000][163][gc,cpu      ] GC(10) User=0.11s Sys=0.00s Real=0.01s
[2022-05-19T10:11:18.508+0000][163][gc          ] GC(11) Concurrent Mark Cycle
[2022-05-19T10:11:18.508+0000][163][gc,marking  ] GC(11) Concurrent Clear Claimed Marks
[2022-05-19T10:11:18.508+0000][163][safepoint   ] Safepoint "CollectForMetadataAllocation", Time since last: 482261800 ns, Reaching safepoint: 182700 ns, At safepoint: 14358500 ns, Total: 14541200 ns
[2022-05-19T10:11:18.508+0000][163][gc,marking  ] GC(11) Concurrent Clear Claimed Marks 0.175ms
[2022-05-19T10:11:18.509+0000][163][gc,marking  ] GC(11) Concurrent Scan Root Regions
[2022-05-19T10:11:18.516+0000][163][gc,marking  ] GC(11) Concurrent Scan Root Regions 7.269ms
[2022-05-19T10:11:18.516+0000][163][gc,marking  ] GC(11) Concurrent Mark
[2022-05-19T10:11:18.516+0000][163][gc,marking  ] GC(11) Concurrent Mark From Roots
[2022-05-19T10:11:18.516+0000][163][gc,task     ] GC(11) Using 3 workers of 3 for marking
[2022-05-19T10:11:18.518+0000][163][safepoint   ] Safepoint "CollectForMetadataAllocation", Time since last: 9626300 ns, Reaching safepoint: 238100 ns, At safepoint: 111900 ns, Total: 350000 ns
[2022-05-19T10:11:18.520+0000][163][gc,marking  ] GC(11) Concurrent Mark From Roots 4.041ms
[2022-05-19T10:11:18.521+0000][163][gc,marking  ] GC(11) Concurrent Preclean
[2022-05-19T10:11:18.521+0000][163][gc,marking  ] GC(11) Concurrent Preclean 0.440ms
[2022-05-19T10:11:18.522+0000][163][gc,start    ] GC(11) Pause Remark
[2022-05-19T10:11:18.524+0000][163][gc          ] GC(11) Pause Remark 52M->52M(512M) 2.139ms
[2022-05-19T10:11:18.524+0000][163][gc,cpu      ] GC(11) User=0.01s Sys=0.00s Real=0.00s
[2022-05-19T10:11:18.524+0000][163][safepoint   ] Safepoint "G1Concurrent", Time since last: 3059100 ns, Reaching safepoint: 335000 ns, At safepoint: 2569100 ns, Total: 2904100 ns
[2022-05-19T10:11:18.524+0000][163][gc,marking  ] GC(11) Concurrent Mark 8.128ms
[2022-05-19T10:11:18.524+0000][163][gc,marking  ] GC(11) Concurrent Rebuild Remembered Sets
[2022-05-19T10:11:18.529+0000][163][gc,marking  ] GC(11) Concurrent Rebuild Remembered Sets 4.900ms
[2022-05-19T10:11:18.530+0000][163][gc,start    ] GC(11) Pause Cleanup
[2022-05-19T10:11:18.530+0000][163][gc          ] GC(11) Pause Cleanup 52M->52M(512M) 0.336ms
[2022-05-19T10:11:18.530+0000][163][gc,cpu      ] GC(11) User=0.00s Sys=0.00s Real=0.00s
[2022-05-19T10:11:18.531+0000][163][safepoint   ] Safepoint "G1Concurrent", Time since last: 5506000 ns, Reaching safepoint: 276100 ns, At safepoint: 708300 ns, Total: 984400 ns
[2022-05-19T10:11:18.531+0000][163][gc,marking  ] GC(11) Concurrent Cleanup for Next Mark
[2022-05-19T10:11:18.531+0000][163][gc,marking  ] GC(11) Concurrent Cleanup for Next Mark 0.418ms
[2022-05-19T10:11:18.531+0000][163][gc          ] GC(11) Concurrent Mark Cycle 23.404ms
[2022-05-19T10:11:19.393+0000][163][safepoint   ] Safepoint "ICBufferFull", Time since last: 862721300 ns, Reaching safepoint: 165900 ns, At safepoint: 4400 ns, Total: 170300 ns
[2022-05-19T10:11:19.936+0000][163][gc,start    ] GC(12) Pause Young (Concurrent Start) (G1 Evacuation Pause)
[2022-05-19T10:11:19.937+0000][163][gc,task     ] GC(12) Using 10 workers of 10 for evacuation
[2022-05-19T10:11:19.937+0000][163][gc,age      ] GC(12) Desired survivor size 20971520 bytes, new threshold 2 (max threshold 15)
[2022-05-19T10:11:19.948+0000][163][gc,age      ] GC(12) Age table with threshold 2 (max threshold 15)
[2022-05-19T10:11:19.949+0000][163][gc,age      ] GC(12) - age   1:    6152456 bytes,    6152456 total
[2022-05-19T10:11:19.949+0000][163][gc,age      ] GC(12) - age   2:    7687864 bytes,   13840320 total
[2022-05-19T10:11:19.949+0000][163][gc,phases   ] GC(12)   Pre Evacuate Collection Set: 0.2ms
[2022-05-19T10:11:19.950+0000][163][gc,phases   ] GC(12)   Merge Heap Roots: 0.1ms
[2022-05-19T10:11:19.950+0000][163][gc,phases   ] GC(12)   Evacuate Collection Set: 9.8ms
[2022-05-19T10:11:19.950+0000][163][gc,phases   ] GC(12)   Post Evacuate Collection Set: 1.4ms
[2022-05-19T10:11:19.950+0000][163][gc,phases   ] GC(12)   Other: 1.4ms
[2022-05-19T10:11:19.950+0000][163][gc,heap     ] GC(12) Eden regions: 68->0(71)
[2022-05-19T10:11:19.951+0000][163][gc,heap     ] GC(12) Survivor regions: 8->5(10)
[2022-05-19T10:11:19.951+0000][163][gc,heap     ] GC(12) Old regions: 5->10
[2022-05-19T10:11:19.951+0000][163][gc,heap     ] GC(12) Archive regions: 2->2
[2022-05-19T10:11:19.951+0000][163][gc,heap     ] GC(12) Humongous regions: 0->0
[2022-05-19T10:11:19.951+0000][163][gc,metaspace] GC(12) Metaspace: 52305K(53504K)->52305K(53504K) NonClass: 45199K(45952K)->45199K(45952K) Class: 7105K(7552K)->7105K(7552K)
[2022-05-19T10:11:19.952+0000][163][gc          ] GC(12) Pause Young (Concurrent Start) (G1 Evacuation Pause) 322M->57M(512M) 15.277ms
[2022-05-19T10:11:19.952+0000][163][gc,cpu      ] GC(12) User=0.14s Sys=0.00s Real=0.02s
[2022-05-19T10:11:19.952+0000][163][gc          ] GC(13) Concurrent Mark Cycle
[2022-05-19T10:11:19.952+0000][163][safepoint   ] Safepoint "G1CollectForAllocation", Time since last: 542694300 ns, Reaching safepoint: 177900 ns, At safepoint: 15604500 ns, Total: 15782400 ns
[2022-05-19T10:11:19.952+0000][163][gc,marking  ] GC(13) Concurrent Clear Claimed Marks
[2022-05-19T10:11:19.952+0000][163][gc,marking  ] GC(13) Concurrent Clear Claimed Marks 0.393ms
[2022-05-19T10:11:19.953+0000][163][gc,marking  ] GC(13) Concurrent Scan Root Regions
[2022-05-19T10:11:19.960+0000][163][gc,marking  ] GC(13) Concurrent Scan Root Regions 7.679ms
[2022-05-19T10:11:19.961+0000][163][gc,marking  ] GC(13) Concurrent Mark
[2022-05-19T10:11:19.961+0000][163][gc,marking  ] GC(13) Concurrent Mark From Roots
[2022-05-19T10:11:19.961+0000][163][gc,task     ] GC(13) Using 3 workers of 3 for marking
[2022-05-19T10:11:19.969+0000][163][gc,marking  ] GC(13) Concurrent Mark From Roots 8.098ms
[2022-05-19T10:11:19.969+0000][163][gc,marking  ] GC(13) Concurrent Preclean
[2022-05-19T10:11:19.970+0000][163][gc,marking  ] GC(13) Concurrent Preclean 0.829ms
[2022-05-19T10:11:19.971+0000][163][gc,start    ] GC(13) Pause Remark
[2022-05-19T10:11:19.974+0000][163][gc          ] GC(13) Pause Remark 63M->63M(512M) 3.132ms
[2022-05-19T10:11:19.974+0000][163][gc,cpu      ] GC(13) User=0.04s Sys=0.00s Real=0.01s
[2022-05-19T10:11:19.975+0000][163][safepoint   ] Safepoint "G1Concurrent", Time since last: 18737400 ns, Reaching safepoint: 328800 ns, At safepoint: 3637100 ns, Total: 3965900 ns
[2022-05-19T10:11:19.975+0000][163][gc,marking  ] GC(13) Concurrent Mark 14.129ms
[2022-05-19T10:11:19.975+0000][163][gc,marking  ] GC(13) Concurrent Rebuild Remembered Sets
[2022-05-19T10:11:19.986+0000][163][gc,marking  ] GC(13) Concurrent Rebuild Remembered Sets 11.145ms
[2022-05-19T10:11:19.987+0000][163][gc,start    ] GC(13) Pause Cleanup
[2022-05-19T10:11:19.987+0000][163][gc          ] GC(13) Pause Cleanup 65M->65M(512M) 0.455ms
[2022-05-19T10:11:19.988+0000][163][gc,cpu      ] GC(13) User=0.00s Sys=0.00s Real=0.00s
[2022-05-19T10:11:19.988+0000][163][safepoint   ] Safepoint "G1Concurrent", Time since last: 11882000 ns, Reaching safepoint: 287000 ns, At safepoint: 954200 ns, Total: 1241200 ns
[2022-05-19T10:11:19.988+0000][163][gc,marking  ] GC(13) Concurrent Cleanup for Next Mark
[2022-05-19T10:11:19.988+0000][163][gc,marking  ] GC(13) Concurrent Cleanup for Next Mark 0.381ms
[2022-05-19T10:11:19.989+0000][163][gc          ] GC(13) Concurrent Mark Cycle 36.603ms
[2022-05-19T10:11:20.675+0000][163][safepoint   ] Safepoint "ICBufferFull", Time since last: 685940200 ns, Reaching safepoint: 782400 ns, At safepoint: 59900 ns, Total: 842300 ns
[2022-05-19T10:11:21.496+0000][163][safepoint   ] Safepoint "ICBufferFull", Time since last: 820844300 ns, Reaching safepoint: 298600 ns, At safepoint: 20500 ns, Total: 319100 ns
[2022-05-19T10:11:22.367+0000][163][safepoint   ] Safepoint "ICBufferFull", Time since last: 870957400 ns, Reaching safepoint: 242900 ns, At safepoint: 18100 ns, Total: 261000 ns
[2022-05-19T10:11:22.611+0000][163][gc,start    ] GC(14) Pause Young (Normal) (G1 Evacuation Pause)
[2022-05-19T10:11:22.611+0000][163][gc,task     ] GC(14) Using 10 workers of 10 for evacuation
[2022-05-19T10:11:22.611+0000][163][gc,age      ] GC(14) Desired survivor size 20971520 bytes, new threshold 15 (max threshold 15)
[2022-05-19T10:11:22.623+0000][163][gc,age      ] GC(14) Age table with threshold 15 (max threshold 15)
[2022-05-19T10:11:22.623+0000][163][gc,age      ] GC(14) - age   1:   14067232 bytes,   14067232 total
[2022-05-19T10:11:22.623+0000][163][gc,age      ] GC(14) - age   2:    5846984 bytes,   19914216 total
[2022-05-19T10:11:22.624+0000][163][gc,age      ] GC(14) - age   3:    7667840 bytes,   27582056 total
[2022-05-19T10:11:22.624+0000][163][gc,phases   ] GC(14)   Pre Evacuate Collection Set: 0.2ms
[2022-05-19T10:11:22.624+0000][163][gc,phases   ] GC(14)   Merge Heap Roots: 0.1ms
[2022-05-19T10:11:22.624+0000][163][gc,phases   ] GC(14)   Evacuate Collection Set: 9.6ms
[2022-05-19T10:11:22.625+0000][163][gc,phases   ] GC(14)   Post Evacuate Collection Set: 1.9ms
[2022-05-19T10:11:22.625+0000][163][gc,phases   ] GC(14)   Other: 1.5ms
[2022-05-19T10:11:22.625+0000][163][gc,heap     ] GC(14) Eden regions: 71->0(69)
[2022-05-19T10:11:22.625+0000][163][gc,heap     ] GC(14) Survivor regions: 5->7(10)
[2022-05-19T10:11:22.625+0000][163][gc,heap     ] GC(14) Old regions: 10->10
[2022-05-19T10:11:22.625+0000][163][gc,heap     ] GC(14) Archive regions: 2->2
[2022-05-19T10:11:22.626+0000][163][gc,heap     ] GC(14) Humongous regions: 0->0
[2022-05-19T10:11:22.626+0000][163][gc,metaspace] GC(14) Metaspace: 86351K(87872K)->86351K(87872K) NonClass: 74347K(75264K)->74347K(75264K) Class: 12004K(12608K)->12004K(12608K)
[2022-05-19T10:11:22.626+0000][163][gc          ] GC(14) Pause Young (Normal) (G1 Evacuation Pause) 341M->68M(512M) 15.196ms
[2022-05-19T10:11:22.626+0000][163][gc,cpu      ] GC(14) User=0.09s Sys=0.02s Real=0.02s
[2022-05-19T10:11:22.626+0000][163][safepoint   ] Safepoint "G1CollectForAllocation", Time since last: 243422800 ns, Reaching safepoint: 188400 ns, At safepoint: 15510200 ns, Total: 15698600 ns
[2022-05-19T10:11:23.152+0000][163][gc,start    ] GC(15) Pause Young (Concurrent Start) (Metadata GC Threshold)
[2022-05-19T10:11:23.152+0000][163][gc,task     ] GC(15) Using 10 workers of 10 for evacuation
[2022-05-19T10:11:23.153+0000][163][gc,age      ] GC(15) Desired survivor size 20971520 bytes, new threshold 3 (max threshold 15)
[2022-05-19T10:11:23.165+0000][163][gc,age      ] GC(15) Age table with threshold 3 (max threshold 15)
[2022-05-19T10:11:23.165+0000][163][gc,age      ] GC(15) - age   1:     529800 bytes,     529800 total
[2022-05-19T10:11:23.165+0000][163][gc,age      ] GC(15) - age   2:   13601704 bytes,   14131504 total
[2022-05-19T10:11:23.166+0000][163][gc,age      ] GC(15) - age   3:    5821776 bytes,   19953280 total
[2022-05-19T10:11:23.166+0000][163][gc,phases   ] GC(15)   Pre Evacuate Collection Set: 0.2ms
[2022-05-19T10:11:23.166+0000][163][gc,phases   ] GC(15)   Merge Heap Roots: 0.1ms
[2022-05-19T10:11:23.166+0000][163][gc,phases   ] GC(15)   Evacuate Collection Set: 10.0ms
[2022-05-19T10:11:23.166+0000][163][gc,phases   ] GC(15)   Post Evacuate Collection Set: 1.3ms
[2022-05-19T10:11:23.167+0000][163][gc,phases   ] GC(15)   Other: 2.2ms
[2022-05-19T10:11:23.167+0000][163][gc,heap     ] GC(15) Eden regions: 5->0(70)
[2022-05-19T10:11:23.167+0000][163][gc,heap     ] GC(15) Survivor regions: 7->6(10)
[2022-05-19T10:11:23.167+0000][163][gc,heap     ] GC(15) Old regions: 10->12
[2022-05-19T10:11:23.167+0000][163][gc,heap     ] GC(15) Archive regions: 2->2
[2022-05-19T10:11:23.167+0000][163][gc,heap     ] GC(15) Humongous regions: 0->0
[2022-05-19T10:11:23.167+0000][163][gc,metaspace] GC(15) Metaspace: 87680K(89216K)->87680K(89216K) NonClass: 75455K(76352K)->75455K(76352K) Class: 12225K(12864K)->12225K(12864K)
[2022-05-19T10:11:23.167+0000][163][gc          ] GC(15) Pause Young (Concurrent Start) (Metadata GC Threshold) 85M->70M(512M) 15.316ms
[2022-05-19T10:11:23.168+0000][163][gc,cpu      ] GC(15) User=0.02s Sys=0.09s Real=0.01s
[2022-05-19T10:11:23.168+0000][163][gc          ] GC(16) Concurrent Mark Cycle
[2022-05-19T10:11:23.168+0000][163][gc,marking  ] GC(16) Concurrent Clear Claimed Marks
[2022-05-19T10:11:23.168+0000][163][safepoint   ] Safepoint "CollectForMetadataAllocation", Time since last: 525715800 ns, Reaching safepoint: 282800 ns, At safepoint: 15859000 ns, Total: 16141800 ns
[2022-05-19T10:11:23.168+0000][163][gc,marking  ] GC(16) Concurrent Clear Claimed Marks 0.244ms
[2022-05-19T10:11:23.169+0000][163][gc,marking  ] GC(16) Concurrent Scan Root Regions
[2022-05-19T10:11:23.177+0000][163][gc,marking  ] GC(16) Concurrent Scan Root Regions 8.813ms
[2022-05-19T10:11:23.178+0000][163][gc,marking  ] GC(16) Concurrent Mark
[2022-05-19T10:11:23.178+0000][163][gc,marking  ] GC(16) Concurrent Mark From Roots
[2022-05-19T10:11:23.178+0000][163][gc,task     ] GC(16) Using 3 workers of 3 for marking
[2022-05-19T10:11:23.191+0000][163][safepoint   ] Safepoint "CollectForMetadataAllocation", Time since last: 22085500 ns, Reaching safepoint: 402100 ns, At safepoint: 199100 ns, Total: 601200 ns
[2022-05-19T10:11:23.205+0000][163][safepoint   ] Safepoint "CollectForMetadataAllocation", Time since last: 13522800 ns, Reaching safepoint: 1120300 ns, At safepoint: 130400 ns, Total: 1250700 ns
[2022-05-19T10:11:23.208+0000][163][safepoint   ] Safepoint "CollectForMetadataAllocation", Time since last: 493000 ns, Reaching safepoint: 1598600 ns, At safepoint: 119900 ns, Total: 1718500 ns
[2022-05-19T10:11:23.209+0000][163][gc,marking  ] GC(16) Concurrent Mark From Roots 30.736ms
[2022-05-19T10:11:23.209+0000][163][gc,marking  ] GC(16) Concurrent Preclean
[2022-05-19T10:11:23.210+0000][163][gc,marking  ] GC(16) Concurrent Preclean 0.781ms
[2022-05-19T10:11:23.210+0000][163][gc,start    ] GC(16) Pause Remark
[2022-05-19T10:11:23.213+0000][163][gc          ] GC(16) Pause Remark 82M->82M(512M) 2.587ms
[2022-05-19T10:11:23.213+0000][163][gc,cpu      ] GC(16) User=0.05s Sys=0.00s Real=0.01s
[2022-05-19T10:11:23.213+0000][163][safepoint   ] Safepoint "G1Concurrent", Time since last: 2299700 ns, Reaching safepoint: 341700 ns, At safepoint: 2988300 ns, Total: 3330000 ns
[2022-05-19T10:11:23.213+0000][163][gc,marking  ] GC(16) Concurrent Mark 35.828ms
[2022-05-19T10:11:23.214+0000][163][gc,marking  ] GC(16) Concurrent Rebuild Remembered Sets
[2022-05-19T10:11:23.228+0000][163][gc,marking  ] GC(16) Concurrent Rebuild Remembered Sets 14.030ms
[2022-05-19T10:11:23.228+0000][163][gc,start    ] GC(16) Pause Cleanup
[2022-05-19T10:11:23.229+0000][163][gc          ] GC(16) Pause Cleanup 84M->84M(512M) 0.423ms
[2022-05-19T10:11:23.229+0000][163][gc,cpu      ] GC(16) User=0.01s Sys=0.00s Real=0.00s
[2022-05-19T10:11:23.229+0000][163][safepoint   ] Safepoint "G1Concurrent", Time since last: 14678900 ns, Reaching safepoint: 377400 ns, At safepoint: 849300 ns, Total: 1226700 ns
[2022-05-19T10:11:23.229+0000][163][gc,marking  ] GC(16) Concurrent Cleanup for Next Mark
[2022-05-19T10:11:23.230+0000][163][gc,marking  ] GC(16) Concurrent Cleanup for Next Mark 0.624ms
[2022-05-19T10:11:23.230+0000][163][gc          ] GC(16) Concurrent Mark Cycle 62.414ms
[2022-05-19T10:11:23.468+0000][163][safepoint   ] Safepoint "ICBufferFull", Time since last: 238866400 ns, Reaching safepoint: 395300 ns, At safepoint: 57400 ns, Total: 452700 ns
[2022-05-19T10:11:24.463+0000][163][safepoint   ] Safepoint "ICBufferFull", Time since last: 994712600 ns, Reaching safepoint: 192500 ns, At safepoint: 5800 ns, Total: 198300 ns
[2022-05-19T10:11:25.131+0000][163][safepoint   ] Safepoint "ICBufferFull", Time since last: 667786700 ns, Reaching safepoint: 178800 ns, At safepoint: 19200 ns, Total: 198000 ns
[2022-05-19T10:11:25.436+0000][163][safepoint   ] Safepoint "ICBufferFull", Time since last: 304701300 ns, Reaching safepoint: 207400 ns, At safepoint: 37400 ns, Total: 244800 ns
[2022-05-19T10:11:26.198+0000][163][safepoint   ] Safepoint "ICBufferFull", Time since last: 761131700 ns, Reaching safepoint: 260400 ns, At safepoint: 38100 ns, Total: 298500 ns
[2022-05-19T10:11:27.198+0000][163][safepoint   ] Safepoint "Cleanup", Time since last: 1000316800 ns, Reaching safepoint: 242000 ns, At safepoint: 6500 ns, Total: 248500 ns
[2022-05-19T10:11:28.199+0000][163][safepoint   ] Safepoint "Cleanup", Time since last: 1000503400 ns, Reaching safepoint: 177000 ns, At safepoint: 5900 ns, Total: 182900 ns
[2022-05-19T10:11:29.200+0000][163][safepoint   ] Safepoint "Cleanup", Time since last: 1000424900 ns, Reaching safepoint: 290200 ns, At safepoint: 23700 ns, Total: 313900 ns
[2022-05-19T10:11:30.201+0000][163][safepoint   ] Safepoint "Cleanup", Time since last: 1000539800 ns, Reaching safepoint: 283900 ns, At safepoint: 6300 ns, Total: 290200 ns
[2022-05-19T10:11:31.201+0000][163][safepoint   ] Safepoint "Cleanup", Time since last: 1000494600 ns, Reaching safepoint: 249400 ns, At safepoint: 6400 ns, Total: 255800 ns
[2022-05-19T10:11:32.202+0000][163][safepoint   ] Safepoint "Cleanup", Time since last: 1000521800 ns, Reaching safepoint: 227600 ns, At safepoint: 6900 ns, Total: 234500 ns
[2022-05-19T10:11:33.203+0000][163][safepoint   ] Safepoint "Cleanup", Time since last: 1000417500 ns, Reaching safepoint: 202000 ns, At safepoint: 7200 ns, Total: 209200 ns
[2022-05-19T10:11:34.203+0000][163][safepoint   ] Safepoint "Cleanup", Time since last: 1000527800 ns, Reaching safepoint: 234800 ns, At safepoint: 19700 ns, Total: 254500 ns
[2022-05-19T10:11:36.204+0000][163][safepoint   ] Safepoint "Cleanup", Time since last: 2000560700 ns, Reaching safepoint: 291800 ns, At safepoint: 6300 ns, Total: 298100 ns
[2022-05-19T10:11:37.205+0000][163][safepoint   ] Safepoint "Cleanup", Time since last: 1000491100 ns, Reaching safepoint: 188600 ns, At safepoint: 6100 ns, Total: 194700 ns
[2022-05-19T10:11:38.291+0000][163][safepoint   ] Safepoint "Cleanup", Time since last: 1085667900 ns, Reaching safepoint: 241900 ns, At safepoint: 22800 ns, Total: 264700 ns
[2022-05-19T10:11:39.292+0000][163][safepoint   ] Safepoint "Cleanup", Time since last: 1001053400 ns, Reaching safepoint: 218600 ns, At safepoint: 7200 ns, Total: 225800 ns
[2022-05-19T10:11:44.293+0000][163][safepoint   ] Safepoint "Cleanup", Time since last: 5000817900 ns, Reaching safepoint: 200800 ns, At safepoint: 6900 ns, Total: 207700 ns
[2022-05-19T10:11:47.294+0000][163][safepoint   ] Safepoint "Cleanup", Time since last: 3000687800 ns, Reaching safepoint: 173700 ns, At safepoint: 5500 ns, Total: 179200 ns
[2022-05-19T10:11:48.295+0000][163][safepoint   ] Safepoint "Cleanup", Time since last: 1000368900 ns, Reaching safepoint: 180500 ns, At safepoint: 5900 ns, Total: 186400 ns
[2022-05-19T10:11:49.998+0000][163][safepoint   ] Safepoint "Cleanup", Time since last: 1702880600 ns, Reaching safepoint: 262200 ns, At safepoint: 8800 ns, Total: 271000 ns
[2022-05-19T10:11:50.999+0000][163][safepoint   ] Safepoint "Cleanup", Time since last: 1000546400 ns, Reaching safepoint: 266600 ns, At safepoint: 8000 ns, Total: 274600 ns
[2022-05-19T10:11:52.274+0000][163][safepoint   ] Safepoint "Cleanup", Time since last: 1275002800 ns, Reaching safepoint: 335700 ns, At safepoint: 36400 ns, Total: 372100 ns
[2022-05-19T10:11:53.275+0000][163][safepoint   ] Safepoint "Cleanup", Time since last: 1000361100 ns, Reaching safepoint: 188200 ns, At safepoint: 19200 ns, Total: 207400 ns
[2022-05-19T10:11:55.276+0000][163][safepoint   ] Safepoint "Cleanup", Time since last: 2000814200 ns, Reaching safepoint: 201000 ns, At safepoint: 6300 ns, Total: 207300 ns
[2022-05-19T10:11:56.514+0000][163][safepoint   ] Safepoint "ICBufferFull", Time since last: 1237679100 ns, Reaching safepoint: 211700 ns, At safepoint: 5900 ns, Total: 217600 ns
[2022-05-19T10:11:56.762+0000][163][gc,start    ] GC(17) Pause Young (Concurrent Start) (G1 Evacuation Pause)
[2022-05-19T10:11:56.762+0000][163][gc,task     ] GC(17) Using 10 workers of 10 for evacuation
[2022-05-19T10:11:56.762+0000][163][gc,age      ] GC(17) Desired survivor size 20971520 bytes, new threshold 15 (max threshold 15)
[2022-05-19T10:11:56.775+0000][163][gc,age      ] GC(17) Age table with threshold 15 (max threshold 15)
[2022-05-19T10:11:56.775+0000][163][gc,age      ] GC(17) - age   1:    6618176 bytes,    6618176 total
[2022-05-19T10:11:56.775+0000][163][gc,age      ] GC(17) - age   2:     412472 bytes,    7030648 total
[2022-05-19T10:11:56.776+0000][163][gc,age      ] GC(17) - age   3:   13401824 bytes,   20432472 total
[2022-05-19T10:11:56.776+0000][163][gc,age      ] GC(17) - age   4:    5643000 bytes,   26075472 total
[2022-05-19T10:11:56.776+0000][163][gc,phases   ] GC(17)   Pre Evacuate Collection Set: 0.3ms
[2022-05-19T10:11:56.776+0000][163][gc,phases   ] GC(17)   Merge Heap Roots: 0.2ms
[2022-05-19T10:11:56.776+0000][163][gc,phases   ] GC(17)   Evacuate Collection Set: 10.4ms
[2022-05-19T10:11:56.776+0000][163][gc,phases   ] GC(17)   Post Evacuate Collection Set: 1.7ms
[2022-05-19T10:11:56.777+0000][163][gc,phases   ] GC(17)   Other: 1.5ms
[2022-05-19T10:11:56.777+0000][163][gc,heap     ] GC(17) Eden regions: 70->0(69)
[2022-05-19T10:11:56.777+0000][163][gc,heap     ] GC(17) Survivor regions: 6->7(10)
[2022-05-19T10:11:56.777+0000][163][gc,heap     ] GC(17) Old regions: 12->12
[2022-05-19T10:11:56.777+0000][163][gc,heap     ] GC(17) Archive regions: 2->2
[2022-05-19T10:11:56.777+0000][163][gc,heap     ] GC(17) Humongous regions: 6->6
[2022-05-19T10:11:56.777+0000][163][gc,metaspace] GC(17) Metaspace: 98950K(100544K)->98950K(100544K) NonClass: 85121K(86080K)->85121K(86080K) Class: 13828K(14464K)->13828K(14464K)
[2022-05-19T10:11:56.778+0000][163][gc          ] GC(17) Pause Young (Concurrent Start) (G1 Evacuation Pause) 374M->99M(512M) 15.794ms
[2022-05-19T10:11:56.778+0000][163][gc,cpu      ] GC(17) User=0.07s Sys=0.03s Real=0.01s
[2022-05-19T10:11:56.778+0000][163][gc          ] GC(18) Concurrent Mark Cycle
[2022-05-19T10:11:56.778+0000][163][safepoint   ] Safepoint "G1CollectForAllocation", Time since last: 248072200 ns, Reaching safepoint: 213100 ns, At safepoint: 16340000 ns, Total: 16553100 ns
[2022-05-19T10:11:56.778+0000][163][gc,marking  ] GC(18) Concurrent Clear Claimed Marks
[2022-05-19T10:11:56.779+0000][163][gc,marking  ] GC(18) Concurrent Clear Claimed Marks 0.529ms
[2022-05-19T10:11:56.779+0000][163][gc,marking  ] GC(18) Concurrent Scan Root Regions
[2022-05-19T10:11:56.787+0000][163][gc,marking  ] GC(18) Concurrent Scan Root Regions 8.024ms
[2022-05-19T10:11:56.787+0000][163][gc,marking  ] GC(18) Concurrent Mark
[2022-05-19T10:11:56.788+0000][163][gc,marking  ] GC(18) Concurrent Mark From Roots
[2022-05-19T10:11:56.788+0000][163][gc,task     ] GC(18) Using 3 workers of 3 for marking
[2022-05-19T10:11:56.821+0000][163][gc,marking  ] GC(18) Concurrent Mark From Roots 33.127ms
[2022-05-19T10:11:56.821+0000][163][gc,marking  ] GC(18) Concurrent Preclean
[2022-05-19T10:11:56.822+0000][163][gc,marking  ] GC(18) Concurrent Preclean 0.757ms
[2022-05-19T10:11:56.822+0000][163][gc,start    ] GC(18) Pause Remark
[2022-05-19T10:11:56.825+0000][163][gc          ] GC(18) Pause Remark 171M->171M(512M) 2.613ms
[2022-05-19T10:11:56.825+0000][163][gc,cpu      ] GC(18) User=0.01s Sys=0.00s Real=0.00s
[2022-05-19T10:11:56.825+0000][163][safepoint   ] Safepoint "G1Concurrent", Time since last: 43863000 ns, Reaching safepoint: 335600 ns, At safepoint: 3031800 ns, Total: 3367400 ns
[2022-05-19T10:11:56.826+0000][163][gc,marking  ] GC(18) Concurrent Mark 38.138ms
[2022-05-19T10:11:56.826+0000][163][gc,marking  ] GC(18) Concurrent Rebuild Remembered Sets
[2022-05-19T10:11:56.842+0000][163][gc,marking  ] GC(18) Concurrent Rebuild Remembered Sets 16.718ms
[2022-05-19T10:11:56.843+0000][163][gc,start    ] GC(18) Pause Cleanup
[2022-05-19T10:11:56.843+0000][163][gc          ] GC(18) Pause Cleanup 193M->193M(512M) 0.319ms
[2022-05-19T10:11:56.843+0000][163][gc,cpu      ] GC(18) User=0.00s Sys=0.00s Real=0.00s
[2022-05-19T10:11:56.844+0000][163][safepoint   ] Safepoint "G1Concurrent", Time since last: 17335900 ns, Reaching safepoint: 273500 ns, At safepoint: 633500 ns, Total: 907000 ns
[2022-05-19T10:11:56.844+0000][163][gc,marking  ] GC(18) Concurrent Cleanup for Next Mark
[2022-05-19T10:11:56.844+0000][163][gc,marking  ] GC(18) Concurrent Cleanup for Next Mark 0.383ms
[2022-05-19T10:11:56.844+0000][163][gc          ] GC(18) Concurrent Mark Cycle 66.338ms
[2022-05-19T10:11:57.844+0000][163][safepoint   ] Safepoint "Cleanup", Time since last: 1000335100 ns, Reaching safepoint: 191200 ns, At safepoint: 6900 ns, Total: 198100 ns
[2022-05-19T10:11:58.845+0000][163][safepoint   ] Safepoint "Cleanup", Time since last: 1000338600 ns, Reaching safepoint: 246500 ns, At safepoint: 7900 ns, Total: 254400 ns
[2022-05-19T10:11:59.689+0000][163][safepoint   ] Safepoint "ICBufferFull", Time since last: 843727300 ns, Reaching safepoint: 283800 ns, At safepoint: 47300 ns, Total: 331100 ns
[2022-05-19T10:12:00.628+0000][163][gc,start    ] GC(19) Pause Young (Normal) (G1 Evacuation Pause)
[2022-05-19T10:12:00.628+0000][163][gc,task     ] GC(19) Using 10 workers of 10 for evacuation
[2022-05-19T10:12:00.629+0000][163][gc,age      ] GC(19) Desired survivor size 20971520 bytes, new threshold 4 (max threshold 15)
[2022-05-19T10:12:00.640+0000][163][gc,age      ] GC(19) Age table with threshold 4 (max threshold 15)
[2022-05-19T10:12:00.641+0000][163][gc,age      ] GC(19) - age   1:    7977112 bytes,    7977112 total
[2022-05-19T10:12:00.641+0000][163][gc,age      ] GC(19) - age   2:    5617840 bytes,   13594952 total
[2022-05-19T10:12:00.641+0000][163][gc,age      ] GC(19) - age   3:     412120 bytes,   14007072 total
[2022-05-19T10:12:00.641+0000][163][gc,age      ] GC(19) - age   4:   13365440 bytes,   27372512 total
[2022-05-19T10:12:00.641+0000][163][gc,phases   ] GC(19)   Pre Evacuate Collection Set: 0.2ms
[2022-05-19T10:12:00.642+0000][163][gc,phases   ] GC(19)   Merge Heap Roots: 0.1ms
[2022-05-19T10:12:00.642+0000][163][gc,phases   ] GC(19)   Evacuate Collection Set: 9.5ms
[2022-05-19T10:12:00.642+0000][163][gc,phases   ] GC(19)   Post Evacuate Collection Set: 1.4ms
[2022-05-19T10:12:00.642+0000][163][gc,phases   ] GC(19)   Other: 2.1ms
[2022-05-19T10:12:00.642+0000][163][gc,heap     ] GC(19) Eden regions: 69->0(68)
[2022-05-19T10:12:00.643+0000][163][gc,heap     ] GC(19) Survivor regions: 7->8(10)
[2022-05-19T10:12:00.643+0000][163][gc,heap     ] GC(19) Old regions: 12->13
[2022-05-19T10:12:00.643+0000][163][gc,heap     ] GC(19) Archive regions: 2->2
[2022-05-19T10:12:00.643+0000][163][gc,heap     ] GC(19) Humongous regions: 6->6
[2022-05-19T10:12:00.643+0000][163][gc,metaspace] GC(19) Metaspace: 99521K(101120K)->99521K(101120K) NonClass: 85638K(86592K)->85638K(86592K) Class: 13882K(14528K)->13882K(14528K)
[2022-05-19T10:12:00.643+0000][163][gc          ] GC(19) Pause Young (Normal) (G1 Evacuation Pause) 375M->107M(512M) 15.102ms
[2022-05-19T10:12:00.643+0000][163][gc,cpu      ] GC(19) User=0.09s Sys=0.00s Real=0.02s
[2022-05-19T10:12:00.644+0000][163][safepoint   ] Safepoint "G1CollectForAllocation", Time since last: 938943300 ns, Reaching safepoint: 223400 ns, At safepoint: 15467200 ns, Total: 15690600 ns
[2022-05-19T10:12:01.644+0000][163][safepoint   ] Safepoint "Cleanup", Time since last: 1000240600 ns, Reaching safepoint: 204000 ns, At safepoint: 33000 ns, Total: 237000 ns
[2022-05-19T10:12:05.645+0000][163][safepoint   ] Safepoint "Cleanup", Time since last: 4000597500 ns, Reaching safepoint: 187200 ns, At safepoint: 7300 ns, Total: 194500 ns
[2022-05-19T10:12:11.646+0000][163][safepoint   ] Safepoint "Cleanup", Time since last: 6000949100 ns, Reaching safepoint: 329100 ns, At safepoint: 13600 ns, Total: 342700 ns
[2022-05-19T10:12:15.647+0000][163][safepoint   ] Safepoint "Cleanup", Time since last: 4000841000 ns, Reaching safepoint: 183000 ns, At safepoint: 6300 ns, Total: 189300 ns
[2022-05-19T10:12:16.648+0000][163][safepoint   ] Safepoint "Cleanup", Time since last: 1000506300 ns, Reaching safepoint: 205700 ns, At safepoint: 5900 ns, Total: 211600 ns
[2022-05-19T10:12:20.649+0000][163][safepoint   ] Safepoint "Cleanup", Time since last: 4000979800 ns, Reaching safepoint: 264500 ns, At safepoint: 9500 ns, Total: 274000 ns
[2022-05-19T10:12:22.650+0000][163][safepoint   ] Safepoint "Cleanup", Time since last: 2000614700 ns, Reaching safepoint: 201800 ns, At safepoint: 8500 ns, Total: 210300 ns
[2022-05-19T10:12:23.651+0000][163][safepoint   ] Safepoint "Cleanup", Time since last: 1000501400 ns, Reaching safepoint: 241400 ns, At safepoint: 5500 ns, Total: 246900 ns
[2022-05-19T10:12:24.651+0000][163][safepoint   ] Safepoint "Cleanup", Time since last: 1000500300 ns, Reaching safepoint: 280800 ns, At safepoint: 6000 ns, Total: 286800 ns
[2022-05-19T10:12:31.653+0000][163][safepoint   ] Safepoint "Cleanup", Time since last: 7001164000 ns, Reaching safepoint: 195900 ns, At safepoint: 6800 ns, Total: 202700 ns
[2022-05-19T10:12:33.653+0000][163][safepoint   ] Safepoint "Cleanup", Time since last: 2000440700 ns, Reaching safepoint: 194700 ns, At safepoint: 6900 ns, Total: 201600 ns
[2022-05-19T10:12:39.655+0000][163][safepoint   ] Safepoint "Cleanup", Time since last: 6001095500 ns, Reaching safepoint: 259000 ns, At safepoint: 6600 ns, Total: 265600 ns
[2022-05-19T10:12:41.656+0000][163][safepoint   ] Safepoint "Cleanup", Time since last: 2000648600 ns, Reaching safepoint: 286900 ns, At safepoint: 22100 ns, Total: 309000 ns
[2022-05-19T10:12:42.657+0000][163][safepoint   ] Safepoint "Cleanup", Time since last: 1000493700 ns, Reaching safepoint: 268000 ns, At safepoint: 6700 ns, Total: 274700 ns
[2022-05-19T10:12:44.657+0000][163][safepoint   ] Safepoint "Cleanup", Time since last: 2000548000 ns, Reaching safepoint: 178000 ns, At safepoint: 19200 ns, Total: 197200 ns
[2022-05-19T10:12:45.050+0000][163][gc,start    ] GC(20) Pause Young (Normal) (G1 Evacuation Pause)
[2022-05-19T10:12:45.051+0000][163][gc,task     ] GC(20) Using 10 workers of 10 for evacuation
[2022-05-19T10:12:45.051+0000][163][gc,age      ] GC(20) Desired survivor size 20971520 bytes, new threshold 4 (max threshold 15)
[2022-05-19T10:12:45.060+0000][163][gc,age      ] GC(20) Age table with threshold 4 (max threshold 15)
[2022-05-19T10:12:45.060+0000][163][gc,age      ] GC(20) - age   1:   11225344 bytes,   11225344 total
[2022-05-19T10:12:45.061+0000][163][gc,age      ] GC(20) - age   2:    1992528 bytes,   13217872 total
[2022-05-19T10:12:45.061+0000][163][gc,age      ] GC(20) - age   3:    5610608 bytes,   18828480 total
[2022-05-19T10:12:45.061+0000][163][gc,age      ] GC(20) - age   4:     412120 bytes,   19240600 total
[2022-05-19T10:12:45.061+0000][163][gc,phases   ] GC(20)   Pre Evacuate Collection Set: 0.2ms
[2022-05-19T10:12:45.062+0000][163][gc,phases   ] GC(20)   Merge Heap Roots: 0.2ms
[2022-05-19T10:12:45.062+0000][163][gc,phases   ] GC(20)   Evacuate Collection Set: 7.1ms
[2022-05-19T10:12:45.062+0000][163][gc,phases   ] GC(20)   Post Evacuate Collection Set: 1.1ms
[2022-05-19T10:12:45.062+0000][163][gc,phases   ] GC(20)   Other: 2.4ms
[2022-05-19T10:12:45.063+0000][163][gc,heap     ] GC(20) Eden regions: 68->0(69)
[2022-05-19T10:12:45.063+0000][163][gc,heap     ] GC(20) Survivor regions: 8->6(10)
[2022-05-19T10:12:45.063+0000][163][gc,heap     ] GC(20) Old regions: 13->16
[2022-05-19T10:12:45.063+0000][163][gc,heap     ] GC(20) Archive regions: 2->2
[2022-05-19T10:12:45.063+0000][163][gc,heap     ] GC(20) Humongous regions: 6->6
[2022-05-19T10:12:45.064+0000][163][gc,metaspace] GC(20) Metaspace: 100068K(101696K)->100068K(101696K) NonClass: 86163K(87168K)->86163K(87168K) Class: 13905K(14528K)->13905K(14528K)
[2022-05-19T10:12:45.064+0000][163][gc          ] GC(20) Pause Young (Normal) (G1 Evacuation Pause) 379M->111M(512M) 13.317ms
[2022-05-19T10:12:45.064+0000][163][gc,cpu      ] GC(20) User=0.07s Sys=0.01s Real=0.02s
[2022-05-19T10:12:45.064+0000][163][safepoint   ] Safepoint "G1CollectForAllocation", Time since last: 392896500 ns, Reaching safepoint: 183200 ns, At safepoint: 13733300 ns, Total: 13916500 ns
[2022-05-19T10:12:46.065+0000][163][safepoint   ] Safepoint "Cleanup", Time since last: 1000267600 ns, Reaching safepoint: 247600 ns, At safepoint: 20200 ns, Total: 267800 ns
[2022-05-19T10:12:47.065+0000][163][safepoint   ] Safepoint "Cleanup", Time since last: 1000450000 ns, Reaching safepoint: 230900 ns, At safepoint: 8500 ns, Total: 239400 ns
[2022-05-19T10:12:51.066+0000][163][safepoint   ] Safepoint "Cleanup", Time since last: 4000803300 ns, Reaching safepoint: 259200 ns, At safepoint: 6600 ns, Total: 265800 ns
[2022-05-19T10:12:52.067+0000][163][safepoint   ] Safepoint "Cleanup", Time since last: 1000441500 ns, Reaching safepoint: 333600 ns, At safepoint: 11300 ns, Total: 344900 ns
[2022-05-19T10:12:53.068+0000][163][safepoint   ] Safepoint "Cleanup", Time since last: 1000511200 ns, Reaching safepoint: 319300 ns, At safepoint: 24800 ns, Total: 344100 ns
[2022-05-19T10:12:54.069+0000][163][safepoint   ] Safepoint "Cleanup", Time since last: 1000512900 ns, Reaching safepoint: 297700 ns, At safepoint: 6700 ns, Total: 304400 ns
[2022-05-19T10:12:55.070+0000][163][safepoint   ] Safepoint "Cleanup", Time since last: 1000467600 ns, Reaching safepoint: 198700 ns, At safepoint: 7300 ns, Total: 206000 ns
[2022-05-19T10:12:56.070+0000][163][safepoint   ] Safepoint "Cleanup", Time since last: 1000410000 ns, Reaching safepoint: 289600 ns, At safepoint: 6700 ns, Total: 296300 ns
[2022-05-19T10:12:57.071+0000][163][safepoint   ] Safepoint "Cleanup", Time since last: 1000460100 ns, Reaching safepoint: 239600 ns, At safepoint: 20500 ns, Total: 260100 ns
[2022-05-19T10:13:00.073+0000][163][safepoint   ] Safepoint "Cleanup", Time since last: 3000873200 ns, Reaching safepoint: 275100 ns, At safepoint: 6400 ns, Total: 281500 ns
[2022-05-19T10:13:02.073+0000][163][safepoint   ] Safepoint "Cleanup", Time since last: 2000550900 ns, Reaching safepoint: 302300 ns, At safepoint: 25400 ns, Total: 327700 ns
[2022-05-19T10:13:03.229+0000][163][gc,start    ] GC(21) Pause Young (Normal) (G1 Evacuation Pause)
[2022-05-19T10:13:03.229+0000][163][gc,task     ] GC(21) Using 10 workers of 10 for evacuation
[2022-05-19T10:13:03.229+0000][163][gc,age      ] GC(21) Desired survivor size 20971520 bytes, new threshold 15 (max threshold 15)
[2022-05-19T10:13:03.236+0000][163][gc,age      ] GC(21) Age table with threshold 15 (max threshold 15)
[2022-05-19T10:13:03.236+0000][163][gc,age      ] GC(21) - age   1:   17020912 bytes,   17020912 total
[2022-05-19T10:13:03.237+0000][163][gc,age      ] GC(21) - age   2:    7090904 bytes,   24111816 total
[2022-05-19T10:13:03.237+0000][163][gc,age      ] GC(21) - age   3:    1992528 bytes,   26104344 total
[2022-05-19T10:13:03.237+0000][163][gc,age      ] GC(21) - age   4:    5610608 bytes,   31714952 total
[2022-05-19T10:13:03.237+0000][163][gc,age      ] GC(21) - age   5:     412120 bytes,   32127072 total
[2022-05-19T10:13:03.238+0000][163][gc,phases   ] GC(21)   Pre Evacuate Collection Set: 0.3ms
[2022-05-19T10:13:03.238+0000][163][gc,phases   ] GC(21)   Merge Heap Roots: 0.2ms
[2022-05-19T10:13:03.238+0000][163][gc,phases   ] GC(21)   Evacuate Collection Set: 4.8ms
[2022-05-19T10:13:03.238+0000][163][gc,phases   ] GC(21)   Post Evacuate Collection Set: 0.9ms
[2022-05-19T10:13:03.239+0000][163][gc,phases   ] GC(21)   Other: 2.9ms
[2022-05-19T10:13:03.239+0000][163][gc,heap     ] GC(21) Eden regions: 69->0(62)
[2022-05-19T10:13:03.239+0000][163][gc,heap     ] GC(21) Survivor regions: 6->9(10)
[2022-05-19T10:13:03.239+0000][163][gc,heap     ] GC(21) Old regions: 16->16
[2022-05-19T10:13:03.239+0000][163][gc,heap     ] GC(21) Archive regions: 2->2
[2022-05-19T10:13:03.239+0000][163][gc,heap     ] GC(21) Humongous regions: 14->9
[2022-05-19T10:13:03.240+0000][163][gc,metaspace] GC(21) Metaspace: 100240K(101824K)->100240K(101824K) NonClass: 86335K(87296K)->86335K(87296K) Class: 13905K(14528K)->13905K(14528K)
[2022-05-19T10:13:03.240+0000][163][gc          ] GC(21) Pause Young (Normal) (G1 Evacuation Pause) 419M->135M(512M) 11.004ms
[2022-05-19T10:13:03.240+0000][163][gc,cpu      ] GC(21) User=0.05s Sys=0.00s Real=0.01s
[2022-05-19T10:13:03.240+0000][163][safepoint   ] Safepoint "G1CollectForAllocation", Time since last: 1155117000 ns, Reaching safepoint: 185500 ns, At safepoint: 11344500 ns, Total: 11530000 ns
[2022-05-19T10:13:04.981+0000][163][gc,start    ] GC(22) Pause Young (Normal) (G1 Evacuation Pause)
[2022-05-19T10:13:04.982+0000][163][gc,task     ] GC(22) Using 10 workers of 10 for evacuation
[2022-05-19T10:13:04.982+0000][163][gc,age      ] GC(22) Desired survivor size 18874368 bytes, new threshold 2 (max threshold 15)
[2022-05-19T10:13:04.989+0000][163][gc,age      ] GC(22) Age table with threshold 2 (max threshold 15)
[2022-05-19T10:13:04.989+0000][163][gc,age      ] GC(22) - age   1:    7671296 bytes,    7671296 total
[2022-05-19T10:13:04.990+0000][163][gc,age      ] GC(22) - age   2:   14741848 bytes,   22413144 total
[2022-05-19T10:13:04.990+0000][163][gc,phases   ] GC(22)   Pre Evacuate Collection Set: 0.3ms
[2022-05-19T10:13:04.990+0000][163][gc,phases   ] GC(22)   Merge Heap Roots: 0.3ms
[2022-05-19T10:13:04.991+0000][163][gc,phases   ] GC(22)   Evacuate Collection Set: 5.2ms
[2022-05-19T10:13:04.991+0000][163][gc,phases   ] GC(22)   Post Evacuate Collection Set: 1.2ms
[2022-05-19T10:13:04.991+0000][163][gc,phases   ] GC(22)   Other: 2.0ms
[2022-05-19T10:13:04.992+0000][163][gc,heap     ] GC(22) Eden regions: 62->0(63)
[2022-05-19T10:13:04.992+0000][163][gc,heap     ] GC(22) Survivor regions: 9->7(9)
[2022-05-19T10:13:04.992+0000][163][gc,heap     ] GC(22) Old regions: 16->20
[2022-05-19T10:13:04.992+0000][163][gc,heap     ] GC(22) Archive regions: 2->2
[2022-05-19T10:13:04.992+0000][163][gc,heap     ] GC(22) Humongous regions: 10->6
[2022-05-19T10:13:04.993+0000][163][gc,metaspace] GC(22) Metaspace: 100257K(101824K)->100257K(101824K) NonClass: 86352K(87296K)->86352K(87296K) Class: 13905K(14528K)->13905K(14528K)
[2022-05-19T10:13:04.993+0000][163][gc          ] GC(22) Pause Young (Normal) (G1 Evacuation Pause) 387M->129M(512M) 11.648ms
[2022-05-19T10:13:04.993+0000][163][gc,cpu      ] GC(22) User=0.05s Sys=0.00s Real=0.02s
[2022-05-19T10:13:04.993+0000][163][safepoint   ] Safepoint "G1CollectForAllocation", Time since last: 1740792900 ns, Reaching safepoint: 273700 ns, At safepoint: 12150000 ns, Total: 12423700 ns
[2022-05-19T10:13:05.994+0000][163][safepoint   ] Safepoint "Cleanup", Time since last: 1000379800 ns, Reaching safepoint: 343200 ns, At safepoint: 60500 ns, Total: 403700 ns
[2022-05-19T10:13:06.792+0000][163][gc,start    ] GC(23) Pause Young (Normal) (G1 Evacuation Pause)
[2022-05-19T10:13:06.792+0000][163][gc,task     ] GC(23) Using 10 workers of 10 for evacuation
[2022-05-19T10:13:06.792+0000][163][gc,age      ] GC(23) Desired survivor size 18874368 bytes, new threshold 2 (max threshold 15)
[2022-05-19T10:13:06.798+0000][163][gc,age      ] GC(23) Age table with threshold 2 (max threshold 15)
[2022-05-19T10:13:06.798+0000][163][gc,age      ] GC(23) - age   1:    3763712 bytes,    3763712 total
[2022-05-19T10:13:06.798+0000][163][gc,age      ] GC(23) - age   2:    7278696 bytes,   11042408 total
[2022-05-19T10:13:06.799+0000][163][gc,phases   ] GC(23)   Pre Evacuate Collection Set: 0.3ms
[2022-05-19T10:13:06.799+0000][163][gc,phases   ] GC(23)   Merge Heap Roots: 0.2ms
[2022-05-19T10:13:06.799+0000][163][gc,phases   ] GC(23)   Evacuate Collection Set: 3.7ms
[2022-05-19T10:13:06.799+0000][163][gc,phases   ] GC(23)   Post Evacuate Collection Set: 0.8ms
[2022-05-19T10:13:06.800+0000][163][gc,phases   ] GC(23)   Other: 1.7ms
[2022-05-19T10:13:06.800+0000][163][gc,heap     ] GC(23) Eden regions: 63->0(62)
[2022-05-19T10:13:06.800+0000][163][gc,heap     ] GC(23) Survivor regions: 7->3(9)
[2022-05-19T10:13:06.800+0000][163][gc,heap     ] GC(23) Old regions: 20->24
[2022-05-19T10:13:06.800+0000][163][gc,heap     ] GC(23) Archive regions: 2->2
[2022-05-19T10:13:06.800+0000][163][gc,heap     ] GC(23) Humongous regions: 14->9
[2022-05-19T10:13:06.801+0000][163][gc,metaspace] GC(23) Metaspace: 100315K(101888K)->100315K(101888K) NonClass: 86410K(87360K)->86410K(87360K) Class: 13905K(14528K)->13905K(14528K)
[2022-05-19T10:13:06.801+0000][163][gc          ] GC(23) Pause Young (Normal) (G1 Evacuation Pause) 413M->143M(512M) 8.958ms
[2022-05-19T10:13:06.801+0000][163][gc,cpu      ] GC(23) User=0.04s Sys=0.00s Real=0.00s
[2022-05-19T10:13:06.801+0000][163][safepoint   ] Safepoint "G1CollectForAllocation", Time since last: 797459800 ns, Reaching safepoint: 308100 ns, At safepoint: 9339200 ns, Total: 9647300 ns
[2022-05-19T10:13:08.802+0000][163][safepoint   ] Safepoint "Cleanup", Time since last: 2000406900 ns, Reaching safepoint: 235100 ns, At safepoint: 8400 ns, Total: 243500 ns
[2022-05-19T10:13:12.803+0000][163][safepoint   ] Safepoint "Cleanup", Time since last: 4000954300 ns, Reaching safepoint: 253100 ns, At safepoint: 22400 ns, Total: 275500 ns
[2022-05-19T10:13:14.804+0000][163][safepoint   ] Safepoint "Cleanup", Time since last: 2000635100 ns, Reaching safepoint: 397000 ns, At safepoint: 11600 ns, Total: 408600 ns
[2022-05-19T10:13:15.805+0000][163][safepoint   ] Safepoint "Cleanup", Time since last: 1000510700 ns, Reaching safepoint: 189600 ns, At safepoint: 6600 ns, Total: 196200 ns
[2022-05-19T10:13:20.806+0000][163][safepoint   ] Safepoint "Cleanup", Time since last: 5001020900 ns, Reaching safepoint: 291100 ns, At safepoint: 6100 ns, Total: 297200 ns
[2022-05-19T10:13:29.809+0000][163][safepoint   ] Safepoint "Cleanup", Time since last: 9001631300 ns, Reaching safepoint: 268200 ns, At safepoint: 6700 ns, Total: 274900 ns
[2022-05-19T10:13:31.810+0000][163][safepoint   ] Safepoint "Cleanup", Time since last: 2000603300 ns, Reaching safepoint: 245600 ns, At safepoint: 6400 ns, Total: 252000 ns
[2022-05-19T10:13:32.810+0000][163][safepoint   ] Safepoint "Cleanup", Time since last: 1000493000 ns, Reaching safepoint: 311400 ns, At safepoint: 7900 ns, Total: 319300 ns
[2022-05-19T10:13:33.811+0000][163][safepoint   ] Safepoint "Cleanup", Time since last: 1000447300 ns, Reaching safepoint: 300400 ns, At safepoint: 7400 ns, Total: 307800 ns
[2022-05-19T10:13:38.524+0000][163][gc,start    ] GC(24) Pause Young (Normal) (G1 Evacuation Pause)
[2022-05-19T10:13:38.524+0000][163][gc,task     ] GC(24) Using 10 workers of 10 for evacuation
[2022-05-19T10:13:38.524+0000][163][gc,age      ] GC(24) Desired survivor size 18874368 bytes, new threshold 15 (max threshold 15)
[2022-05-19T10:13:38.528+0000][163][gc,age      ] GC(24) Age table with threshold 15 (max threshold 15)
[2022-05-19T10:13:38.528+0000][163][gc,age      ] GC(24) - age   1:    8192960 bytes,    8192960 total
[2022-05-19T10:13:38.529+0000][163][gc,age      ] GC(24) - age   2:    3683320 bytes,   11876280 total
[2022-05-19T10:13:38.529+0000][163][gc,age      ] GC(24) - age   3:    3709912 bytes,   15586192 total
[2022-05-19T10:13:38.529+0000][163][gc,phases   ] GC(24)   Pre Evacuate Collection Set: 0.2ms
[2022-05-19T10:13:38.529+0000][163][gc,phases   ] GC(24)   Merge Heap Roots: 0.2ms
[2022-05-19T10:13:38.529+0000][163][gc,phases   ] GC(24)   Evacuate Collection Set: 2.1ms
[2022-05-19T10:13:38.529+0000][163][gc,phases   ] GC(24)   Post Evacuate Collection Set: 0.8ms
[2022-05-19T10:13:38.530+0000][163][gc,phases   ] GC(24)   Other: 1.7ms
[2022-05-19T10:13:38.530+0000][163][gc,heap     ] GC(24) Eden regions: 62->0(64)
[2022-05-19T10:13:38.530+0000][163][gc,heap     ] GC(24) Survivor regions: 3->4(9)
[2022-05-19T10:13:38.530+0000][163][gc,heap     ] GC(24) Old regions: 24->24
[2022-05-19T10:13:38.531+0000][163][gc,heap     ] GC(24) Archive regions: 2->2
[2022-05-19T10:13:38.531+0000][163][gc,heap     ] GC(24) Humongous regions: 10->6
[2022-05-19T10:13:38.531+0000][163][gc,metaspace] GC(24) Metaspace: 100391K(102016K)->100391K(102016K) NonClass: 86485K(87488K)->86485K(87488K) Class: 13905K(14528K)->13905K(14528K)
[2022-05-19T10:13:38.531+0000][163][gc          ] GC(24) Pause Young (Normal) (G1 Evacuation Pause) 395M->135M(512M) 7.197ms
[2022-05-19T10:13:38.531+0000][163][gc,cpu      ] GC(24) User=0.02s Sys=0.00s Real=0.00s
[2022-05-19T10:13:38.531+0000][163][safepoint   ] Safepoint "G1CollectForAllocation", Time since last: 4712482200 ns, Reaching safepoint: 276000 ns, At safepoint: 7588300 ns, Total: 7864300 ns
[2022-05-19T10:13:38.637+0000][163][gc,start    ] GC(25) Pause Young (Concurrent Start) (G1 Humongous Allocation)
[2022-05-19T10:13:38.637+0000][163][gc,task     ] GC(25) Using 10 workers of 10 for evacuation
[2022-05-19T10:13:38.637+0000][163][gc,age      ] GC(25) Desired survivor size 18874368 bytes, new threshold 15 (max threshold 15)
[2022-05-19T10:13:38.642+0000][163][gc,age      ] GC(25) Age table with threshold 15 (max threshold 15)
[2022-05-19T10:13:38.643+0000][163][gc,age      ] GC(25) - age   1:   12783944 bytes,   12783944 total
[2022-05-19T10:13:38.643+0000][163][gc,age      ] GC(25) - age   2:    8192392 bytes,   20976336 total
[2022-05-19T10:13:38.643+0000][163][gc,age      ] GC(25) - age   3:    3683280 bytes,   24659616 total
[2022-05-19T10:13:38.643+0000][163][gc,age      ] GC(25) - age   4:    3706224 bytes,   28365840 total
[2022-05-19T10:13:38.644+0000][163][gc,phases   ] GC(25)   Pre Evacuate Collection Set: 0.3ms
[2022-05-19T10:13:38.644+0000][163][gc,phases   ] GC(25)   Merge Heap Roots: 0.2ms
[2022-05-19T10:13:38.644+0000][163][gc,phases   ] GC(25)   Evacuate Collection Set: 3.7ms
[2022-05-19T10:13:38.644+0000][163][gc,phases   ] GC(25)   Post Evacuate Collection Set: 0.8ms
[2022-05-19T10:13:38.645+0000][163][gc,phases   ] GC(25)   Other: 2.1ms
[2022-05-19T10:13:38.645+0000][163][gc,heap     ] GC(25) Eden regions: 6->0(31)
[2022-05-19T10:13:38.645+0000][163][gc,heap     ] GC(25) Survivor regions: 4->7(9)
[2022-05-19T10:13:38.645+0000][163][gc,heap     ] GC(25) Old regions: 24->24
[2022-05-19T10:13:38.645+0000][163][gc,heap     ] GC(25) Archive regions: 2->2
[2022-05-19T10:13:38.645+0000][163][gc,heap     ] GC(25) Humongous regions: 12->9
[2022-05-19T10:13:38.646+0000][163][gc,metaspace] GC(25) Metaspace: 100440K(102080K)->100440K(102080K) NonClass: 86534K(87552K)->86534K(87552K) Class: 13905K(14528K)->13905K(14528K)
[2022-05-19T10:13:38.646+0000][163][gc          ] GC(25) Pause Young (Concurrent Start) (G1 Humongous Allocation) 182M->159M(512M) 9.068ms
[2022-05-19T10:13:38.646+0000][163][gc,cpu      ] GC(25) User=0.02s Sys=0.02s Real=0.01s
[2022-05-19T10:13:38.646+0000][163][gc          ] GC(26) Concurrent Undo Cycle
[2022-05-19T10:13:38.646+0000][163][safepoint   ] Safepoint "G1TryInitiateConcMark", Time since last: 104944100 ns, Reaching safepoint: 283800 ns, At safepoint: 9550200 ns, Total: 9834000 ns
[2022-05-19T10:13:38.646+0000][163][gc,marking  ] GC(26) Concurrent Cleanup for Next Mark
[2022-05-19T10:13:38.647+0000][163][gc,marking  ] GC(26) Concurrent Cleanup for Next Mark 0.874ms
[2022-05-19T10:13:38.648+0000][163][gc          ] GC(26) Concurrent Undo Cycle 1.495ms
[2022-05-19T10:13:39.514+0000][163][gc,start    ] GC(27) Pause Young (Normal) (G1 Evacuation Pause)
[2022-05-19T10:13:39.514+0000][163][gc,task     ] GC(27) Using 10 workers of 10 for evacuation
[2022-05-19T10:13:39.514+0000][163][gc,age      ] GC(27) Desired survivor size 10485760 bytes, new threshold 1 (max threshold 15)
[2022-05-19T10:13:39.519+0000][163][gc,age      ] GC(27) Age table with threshold 1 (max threshold 15)
[2022-05-19T10:13:39.519+0000][163][gc,age      ] GC(27) - age   1:    1415848 bytes,    1415848 total
[2022-05-19T10:13:39.520+0000][163][gc,phases   ] GC(27)   Pre Evacuate Collection Set: 0.2ms
[2022-05-19T10:13:39.520+0000][163][gc,phases   ] GC(27)   Merge Heap Roots: 0.2ms
[2022-05-19T10:13:39.520+0000][163][gc,phases   ] GC(27)   Evacuate Collection Set: 3.0ms
[2022-05-19T10:13:39.520+0000][163][gc,phases   ] GC(27)   Post Evacuate Collection Set: 0.9ms
[2022-05-19T10:13:39.520+0000][163][gc,phases   ] GC(27)   Other: 1.4ms
[2022-05-19T10:13:39.521+0000][163][gc,heap     ] GC(27) Eden regions: 31->0(35)
[2022-05-19T10:13:39.521+0000][163][gc,heap     ] GC(27) Survivor regions: 7->1(5)
[2022-05-19T10:13:39.521+0000][163][gc,heap     ] GC(27) Old regions: 24->29
[2022-05-19T10:13:39.522+0000][163][gc,heap     ] GC(27) Archive regions: 2->2
[2022-05-19T10:13:39.522+0000][163][gc,heap     ] GC(27) Humongous regions: 11->9
[2022-05-19T10:13:39.522+0000][163][gc,metaspace] GC(27) Metaspace: 100440K(102080K)->100440K(102080K) NonClass: 86534K(87552K)->86534K(87552K) Class: 13905K(14528K)->13905K(14528K)
[2022-05-19T10:13:39.522+0000][163][gc          ] GC(27) Pause Young (Normal) (G1 Evacuation Pause) 291M->156M(512M) 8.267ms
[2022-05-19T10:13:39.522+0000][163][gc,cpu      ] GC(27) User=0.03s Sys=0.00s Real=0.00s
[2022-05-19T10:13:39.522+0000][163][safepoint   ] Safepoint "G1CollectForAllocation", Time since last: 867380600 ns, Reaching safepoint: 183600 ns, At safepoint: 8733700 ns, Total: 8917300 ns
[2022-05-19T10:13:40.555+0000][163][gc,start    ] GC(28) Pause Young (Concurrent Start) (G1 Evacuation Pause)
[2022-05-19T10:13:40.555+0000][163][gc,task     ] GC(28) Using 10 workers of 10 for evacuation
[2022-05-19T10:13:40.555+0000][163][gc,age      ] GC(28) Desired survivor size 10485760 bytes, new threshold 15 (max threshold 15)
[2022-05-19T10:13:40.558+0000][163][gc,age      ] GC(28) Age table with threshold 15 (max threshold 15)
[2022-05-19T10:13:40.558+0000][163][gc,age      ] GC(28) - age   1:    1528640 bytes,    1528640 total
[2022-05-19T10:13:40.558+0000][163][gc,age      ] GC(28) - age   2:    1408600 bytes,    2937240 total
[2022-05-19T10:13:40.558+0000][163][gc,phases   ] GC(28)   Pre Evacuate Collection Set: 0.3ms
[2022-05-19T10:13:40.559+0000][163][gc,phases   ] GC(28)   Merge Heap Roots: 0.2ms
[2022-05-19T10:13:40.559+0000][163][gc,phases   ] GC(28)   Evacuate Collection Set: 1.2ms
[2022-05-19T10:13:40.559+0000][163][gc,phases   ] GC(28)   Post Evacuate Collection Set: 0.7ms
[2022-05-19T10:13:40.559+0000][163][gc,phases   ] GC(28)   Other: 1.4ms
[2022-05-19T10:13:40.559+0000][163][gc,heap     ] GC(28) Eden regions: 35->0(39)
[2022-05-19T10:13:40.559+0000][163][gc,heap     ] GC(28) Survivor regions: 1->1(5)
[2022-05-19T10:13:40.559+0000][163][gc,heap     ] GC(28) Old regions: 29->29
[2022-05-19T10:13:40.560+0000][163][gc,heap     ] GC(28) Archive regions: 2->2
[2022-05-19T10:13:40.560+0000][163][gc,heap     ] GC(28) Humongous regions: 9->9
[2022-05-19T10:13:40.560+0000][163][gc,metaspace] GC(28) Metaspace: 100440K(102080K)->100440K(102080K) NonClass: 86534K(87552K)->86534K(87552K) Class: 13905K(14528K)->13905K(14528K)
[2022-05-19T10:13:40.560+0000][163][gc          ] GC(28) Pause Young (Concurrent Start) (G1 Evacuation Pause) 296M->157M(512M) 5.244ms
[2022-05-19T10:13:40.560+0000][163][gc,cpu      ] GC(28) User=0.01s Sys=0.00s Real=0.00s
[2022-05-19T10:13:40.560+0000][163][gc          ] GC(29) Concurrent Mark Cycle
[2022-05-19T10:13:40.560+0000][163][gc,marking  ] GC(29) Concurrent Clear Claimed Marks
[2022-05-19T10:13:40.560+0000][163][safepoint   ] Safepoint "G1CollectForAllocation", Time since last: 1032020200 ns, Reaching safepoint: 183900 ns, At safepoint: 5576300 ns, Total: 5760200 ns
[2022-05-19T10:13:40.561+0000][163][gc,marking  ] GC(29) Concurrent Clear Claimed Marks 0.232ms
[2022-05-19T10:13:40.561+0000][163][gc,marking  ] GC(29) Concurrent Scan Root Regions
[2022-05-19T10:13:40.562+0000][163][gc,marking  ] GC(29) Concurrent Scan Root Regions 1.074ms
[2022-05-19T10:13:40.562+0000][163][gc,marking  ] GC(29) Concurrent Mark
[2022-05-19T10:13:40.562+0000][163][gc,marking  ] GC(29) Concurrent Mark From Roots
[2022-05-19T10:13:40.562+0000][163][gc,task     ] GC(29) Using 3 workers of 3 for marking
[2022-05-19T10:13:40.604+0000][163][gc,marking  ] GC(29) Concurrent Mark From Roots 41.911ms
[2022-05-19T10:13:40.605+0000][163][gc,marking  ] GC(29) Concurrent Preclean
[2022-05-19T10:13:40.605+0000][163][gc,marking  ] GC(29) Concurrent Preclean 0.593ms
[2022-05-19T10:13:40.606+0000][163][gc,start    ] GC(29) Pause Remark
[2022-05-19T10:13:40.613+0000][163][gc          ] GC(29) Pause Remark 161M->161M(512M) 7.131ms
[2022-05-19T10:13:40.613+0000][163][gc,cpu      ] GC(29) User=0.06s Sys=0.00s Real=0.01s
[2022-05-19T10:13:40.613+0000][163][safepoint   ] Safepoint "G1Concurrent", Time since last: 45022500 ns, Reaching safepoint: 359700 ns, At safepoint: 7783200 ns, Total: 8142900 ns
[2022-05-19T10:13:40.614+0000][163][gc,marking  ] GC(29) Concurrent Mark 51.537ms
[2022-05-19T10:13:40.614+0000][163][gc,marking  ] GC(29) Concurrent Rebuild Remembered Sets
[2022-05-19T10:13:40.637+0000][163][gc,marking  ] GC(29) Concurrent Rebuild Remembered Sets 22.787ms
[2022-05-19T10:13:40.637+0000][163][gc,start    ] GC(29) Pause Cleanup
[2022-05-19T10:13:40.638+0000][163][gc          ] GC(29) Pause Cleanup 165M->165M(512M) 0.344ms
[2022-05-19T10:13:40.638+0000][163][gc,cpu      ] GC(29) User=0.00s Sys=0.00s Real=0.00s
[2022-05-19T10:13:40.638+0000][163][safepoint   ] Safepoint "G1Concurrent", Time since last: 23533100 ns, Reaching safepoint: 263300 ns, At safepoint: 789100 ns, Total: 1052400 ns
[2022-05-19T10:13:40.638+0000][163][gc,marking  ] GC(29) Concurrent Cleanup for Next Mark
[2022-05-19T10:13:40.639+0000][163][gc,marking  ] GC(29) Concurrent Cleanup for Next Mark 0.345ms
[2022-05-19T10:13:40.639+0000][163][gc          ] GC(29) Concurrent Mark Cycle 78.480ms
[2022-05-19T10:13:41.645+0000][163][gc,start    ] GC(30) Pause Young (Concurrent Start) (G1 Humongous Allocation)
[2022-05-19T10:13:41.645+0000][163][gc,task     ] GC(30) Using 10 workers of 10 for evacuation
[2022-05-19T10:13:41.645+0000][163][gc,age      ] GC(30) Desired survivor size 10485760 bytes, new threshold 15 (max threshold 15)
[2022-05-19T10:13:41.648+0000][163][gc,age      ] GC(30) Age table with threshold 15 (max threshold 15)
[2022-05-19T10:13:41.649+0000][163][gc,age      ] GC(30) - age   1:    1494672 bytes,    1494672 total
[2022-05-19T10:13:41.649+0000][163][gc,age      ] GC(30) - age   2:    1525896 bytes,    3020568 total
[2022-05-19T10:13:41.649+0000][163][gc,age      ] GC(30) - age   3:    1394776 bytes,    4415344 total
[2022-05-19T10:13:41.649+0000][163][gc,phases   ] GC(30)   Pre Evacuate Collection Set: 0.3ms
[2022-05-19T10:13:41.649+0000][163][gc,phases   ] GC(30)   Merge Heap Roots: 0.2ms
[2022-05-19T10:13:41.649+0000][163][gc,phases   ] GC(30)   Evacuate Collection Set: 1.6ms
[2022-05-19T10:13:41.650+0000][163][gc,phases   ] GC(30)   Post Evacuate Collection Set: 0.8ms
[2022-05-19T10:13:41.650+0000][163][gc,phases   ] GC(30)   Other: 1.4ms
[2022-05-19T10:13:41.650+0000][163][gc,heap     ] GC(30) Eden regions: 34->0(42)
[2022-05-19T10:13:41.650+0000][163][gc,heap     ] GC(30) Survivor regions: 1->2(5)
[2022-05-19T10:13:41.650+0000][163][gc,heap     ] GC(30) Old regions: 29->29
[2022-05-19T10:13:41.650+0000][163][gc,heap     ] GC(30) Archive regions: 2->2
[2022-05-19T10:13:41.650+0000][163][gc,heap     ] GC(30) Humongous regions: 9->9
[2022-05-19T10:13:41.651+0000][163][gc,metaspace] GC(30) Metaspace: 100435K(102080K)->100435K(102080K) NonClass: 86531K(87552K)->86531K(87552K) Class: 13904K(14528K)->13904K(14528K)
[2022-05-19T10:13:41.651+0000][163][gc          ] GC(30) Pause Young (Concurrent Start) (G1 Humongous Allocation) 293M->158M(512M) 5.958ms
[2022-05-19T10:13:41.651+0000][163][gc,cpu      ] GC(30) User=0.02s Sys=0.00s Real=0.00s
[2022-05-19T10:13:41.651+0000][163][gc          ] GC(31) Concurrent Mark Cycle
[2022-05-19T10:13:41.651+0000][163][safepoint   ] Safepoint "G1TryInitiateConcMark", Time since last: 1006508400 ns, Reaching safepoint: 252800 ns, At safepoint: 6319700 ns, Total: 6572500 ns
[2022-05-19T10:13:41.651+0000][163][gc,marking  ] GC(31) Concurrent Clear Claimed Marks
[2022-05-19T10:13:41.652+0000][163][gc,marking  ] GC(31) Concurrent Clear Claimed Marks 0.377ms
[2022-05-19T10:13:41.652+0000][163][gc,marking  ] GC(31) Concurrent Scan Root Regions
[2022-05-19T10:13:41.653+0000][163][gc,marking  ] GC(31) Concurrent Scan Root Regions 1.124ms
[2022-05-19T10:13:41.653+0000][163][gc,marking  ] GC(31) Concurrent Mark
[2022-05-19T10:13:41.653+0000][163][gc,marking  ] GC(31) Concurrent Mark From Roots
[2022-05-19T10:13:41.653+0000][163][gc,task     ] GC(31) Using 3 workers of 3 for marking
[2022-05-19T10:13:41.703+0000][163][gc,marking  ] GC(31) Concurrent Mark From Roots 49.881ms
[2022-05-19T10:13:41.703+0000][163][gc,marking  ] GC(31) Concurrent Preclean
[2022-05-19T10:13:41.704+0000][163][gc,marking  ] GC(31) Concurrent Preclean 0.647ms
[2022-05-19T10:13:41.704+0000][163][gc,start    ] GC(31) Pause Remark
[2022-05-19T10:13:41.708+0000][163][gc          ] GC(31) Pause Remark 164M->164M(512M) 3.163ms
[2022-05-19T10:13:41.708+0000][163][gc,cpu      ] GC(31) User=0.02s Sys=0.00s Real=0.00s
[2022-05-19T10:13:41.708+0000][163][safepoint   ] Safepoint "G1Concurrent", Time since last: 53061600 ns, Reaching safepoint: 295400 ns, At safepoint: 3593200 ns, Total: 3888600 ns
[2022-05-19T10:13:41.708+0000][163][gc,marking  ] GC(31) Concurrent Mark 55.206ms
[2022-05-19T10:13:41.708+0000][163][gc,marking  ] GC(31) Concurrent Rebuild Remembered Sets
[2022-05-19T10:13:41.733+0000][163][gc,marking  ] GC(31) Concurrent Rebuild Remembered Sets 24.431ms
[2022-05-19T10:13:41.733+0000][163][gc,start    ] GC(31) Pause Cleanup
[2022-05-19T10:13:41.734+0000][163][gc          ] GC(31) Pause Cleanup 173M->173M(512M) 0.413ms
[2022-05-19T10:13:41.734+0000][163][gc,cpu      ] GC(31) User=0.00s Sys=0.00s Real=0.00s
[2022-05-19T10:13:41.734+0000][163][safepoint   ] Safepoint "G1Concurrent", Time since last: 25019900 ns, Reaching safepoint: 259800 ns, At safepoint: 864900 ns, Total: 1124700 ns
[2022-05-19T10:13:41.734+0000][163][gc,marking  ] GC(31) Concurrent Cleanup for Next Mark
[2022-05-19T10:13:41.735+0000][163][gc,marking  ] GC(31) Concurrent Cleanup for Next Mark 0.637ms
[2022-05-19T10:13:41.735+0000][163][gc          ] GC(31) Concurrent Mark Cycle 84.237ms
[2022-05-19T10:13:41.932+0000][163][gc,start    ] GC(32) Pause Young (Concurrent Start) (G1 Humongous Allocation)
[2022-05-19T10:13:41.932+0000][163][gc,task     ] GC(32) Using 10 workers of 10 for evacuation
[2022-05-19T10:13:41.932+0000][163][gc,age      ] GC(32) Desired survivor size 12582912 bytes, new threshold 15 (max threshold 15)
[2022-05-19T10:13:41.935+0000][163][gc,age      ] GC(32) Age table with threshold 15 (max threshold 15)
[2022-05-19T10:13:41.935+0000][163][gc,age      ] GC(32) - age   1:    9243144 bytes,    9243144 total
[2022-05-19T10:13:41.936+0000][163][gc,age      ] GC(32) - age   2:    1493616 bytes,   10736760 total
[2022-05-19T10:13:41.936+0000][163][gc,age      ] GC(32) - age   3:    1525864 bytes,   12262624 total
[2022-05-19T10:13:41.936+0000][163][gc,age      ] GC(32) - age   4:    1394320 bytes,   13656944 total
[2022-05-19T10:13:41.936+0000][163][gc,phases   ] GC(32)   Pre Evacuate Collection Set: 0.3ms
[2022-05-19T10:13:41.936+0000][163][gc,phases   ] GC(32)   Merge Heap Roots: 0.2ms
[2022-05-19T10:13:41.936+0000][163][gc,phases   ] GC(32)   Evacuate Collection Set: 2.1ms
[2022-05-19T10:13:41.937+0000][163][gc,phases   ] GC(32)   Post Evacuate Collection Set: 0.6ms
[2022-05-19T10:13:41.937+0000][163][gc,phases   ] GC(32)   Other: 1.5ms
[2022-05-19T10:13:41.937+0000][163][gc,heap     ] GC(32) Eden regions: 10->0(33)
[2022-05-19T10:13:41.937+0000][163][gc,heap     ] GC(32) Survivor regions: 2->4(6)
[2022-05-19T10:13:41.937+0000][163][gc,heap     ] GC(32) Old regions: 29->29
[2022-05-19T10:13:41.937+0000][163][gc,heap     ] GC(32) Archive regions: 2->2
[2022-05-19T10:13:41.937+0000][163][gc,heap     ] GC(32) Humongous regions: 10->9
[2022-05-19T10:13:41.937+0000][163][gc,metaspace] GC(32) Metaspace: 100449K(102080K)->100449K(102080K) NonClass: 86545K(87552K)->86545K(87552K) Class: 13904K(14528K)->13904K(14528K)
[2022-05-19T10:13:41.937+0000][163][gc          ] GC(32) Pause Young (Concurrent Start) (G1 Humongous Allocation) 202M->167M(512M) 5.832ms
[2022-05-19T10:13:41.938+0000][163][gc,cpu      ] GC(32) User=0.01s Sys=0.01s Real=0.01s
[2022-05-19T10:13:41.938+0000][163][safepoint   ] Safepoint "G1TryInitiateConcMark", Time since last: 197178800 ns, Reaching safepoint: 195800 ns, At safepoint: 6133000 ns, Total: 6328800 ns
[2022-05-19T10:13:41.938+0000][163][gc          ] GC(33) Concurrent Mark Cycle
[2022-05-19T10:13:41.938+0000][163][gc,marking  ] GC(33) Concurrent Clear Claimed Marks
[2022-05-19T10:13:41.938+0000][163][gc,marking  ] GC(33) Concurrent Clear Claimed Marks 0.175ms
[2022-05-19T10:13:41.938+0000][163][gc,marking  ] GC(33) Concurrent Scan Root Regions
[2022-05-19T10:13:41.939+0000][163][gc,marking  ] GC(33) Concurrent Scan Root Regions 0.957ms
[2022-05-19T10:13:41.939+0000][163][gc,marking  ] GC(33) Concurrent Mark
[2022-05-19T10:13:41.939+0000][163][gc,marking  ] GC(33) Concurrent Mark From Roots
[2022-05-19T10:13:41.940+0000][163][gc,task     ] GC(33) Using 3 workers of 3 for marking
[2022-05-19T10:13:41.981+0000][163][gc,marking  ] GC(33) Concurrent Mark From Roots 41.855ms
[2022-05-19T10:13:41.982+0000][163][gc,marking  ] GC(33) Concurrent Preclean
[2022-05-19T10:13:41.982+0000][163][gc,marking  ] GC(33) Concurrent Preclean 0.576ms
[2022-05-19T10:13:41.983+0000][163][gc,start    ] GC(33) Pause Remark
[2022-05-19T10:13:41.986+0000][163][gc          ] GC(33) Pause Remark 175M->175M(512M) 2.780ms
[2022-05-19T10:13:41.986+0000][163][gc,cpu      ] GC(33) User=0.01s Sys=0.00s Real=0.00s
[2022-05-19T10:13:41.986+0000][163][safepoint   ] Safepoint "G1Concurrent", Time since last: 44770300 ns, Reaching safepoint: 312300 ns, At safepoint: 3264800 ns, Total: 3577100 ns
[2022-05-19T10:13:41.986+0000][163][gc,marking  ] GC(33) Concurrent Mark 46.902ms
[2022-05-19T10:13:41.986+0000][163][gc,marking  ] GC(33) Concurrent Rebuild Remembered Sets
[2022-05-19T10:13:42.015+0000][163][gc,marking  ] GC(33) Concurrent Rebuild Remembered Sets 28.939ms
[2022-05-19T10:13:42.016+0000][163][gc,start    ] GC(33) Pause Cleanup
[2022-05-19T10:13:42.016+0000][163][gc          ] GC(33) Pause Cleanup 181M->181M(512M) 0.428ms
[2022-05-19T10:13:42.017+0000][163][gc,cpu      ] GC(33) User=0.00s Sys=0.00s Real=0.00s
[2022-05-19T10:13:42.017+0000][163][safepoint   ] Safepoint "G1Concurrent", Time since last: 29630600 ns, Reaching safepoint: 322500 ns, At safepoint: 925500 ns, Total: 1248000 ns
[2022-05-19T10:13:42.017+0000][163][gc,marking  ] GC(33) Concurrent Cleanup for Next Mark
[2022-05-19T10:13:42.018+0000][163][gc,marking  ] GC(33) Concurrent Cleanup for Next Mark 0.557ms
[2022-05-19T10:13:42.018+0000][163][gc          ] GC(33) Concurrent Mark Cycle 80.238ms
[2022-05-19T10:13:43.018+0000][163][safepoint   ] Safepoint "Cleanup", Time since last: 1000329500 ns, Reaching safepoint: 314500 ns, At safepoint: 22900 ns, Total: 337400 ns
[2022-05-19T10:13:43.048+0000][163][gc,start    ] GC(34) Pause Young (Normal) (G1 Evacuation Pause)
[2022-05-19T10:13:43.049+0000][163][gc,task     ] GC(34) Using 10 workers of 10 for evacuation
[2022-05-19T10:13:43.049+0000][163][gc,age      ] GC(34) Desired survivor size 10485760 bytes, new threshold 2 (max threshold 15)
[2022-05-19T10:13:43.052+0000][163][gc,age      ] GC(34) Age table with threshold 2 (max threshold 15)
[2022-05-19T10:13:43.053+0000][163][gc,age      ] GC(34) - age   1:    7795832 bytes,    7795832 total
[2022-05-19T10:13:43.053+0000][163][gc,age      ] GC(34) - age   2:    3805792 bytes,   11601624 total
[2022-05-19T10:13:43.053+0000][163][gc,phases   ] GC(34)   Pre Evacuate Collection Set: 0.2ms
[2022-05-19T10:13:43.054+0000][163][gc,phases   ] GC(34)   Merge Heap Roots: 0.1ms
[2022-05-19T10:13:43.054+0000][163][gc,phases   ] GC(34)   Evacuate Collection Set: 2.1ms
[2022-05-19T10:13:43.054+0000][163][gc,phases   ] GC(34)   Post Evacuate Collection Set: 0.8ms
[2022-05-19T10:13:43.054+0000][163][gc,phases   ] GC(34)   Other: 1.8ms
[2022-05-19T10:13:43.055+0000][163][gc,heap     ] GC(34) Eden regions: 33->0(36)
[2022-05-19T10:13:43.055+0000][163][gc,heap     ] GC(34) Survivor regions: 4->3(5)
[2022-05-19T10:13:43.055+0000][163][gc,heap     ] GC(34) Old regions: 29->30
[2022-05-19T10:13:43.055+0000][163][gc,heap     ] GC(34) Archive regions: 2->2
[2022-05-19T10:13:43.055+0000][163][gc,heap     ] GC(34) Humongous regions: 10->10
[2022-05-19T10:13:43.055+0000][163][gc,metaspace] GC(34) Metaspace: 100456K(102080K)->100456K(102080K) NonClass: 86552K(87552K)->86552K(87552K) Class: 13904K(14528K)->13904K(14528K)
[2022-05-19T10:13:43.056+0000][163][gc          ] GC(34) Pause Young (Normal) (G1 Evacuation Pause) 303M->174M(512M) 7.215ms
[2022-05-19T10:13:43.056+0000][163][gc,cpu      ] GC(34) User=0.01s Sys=0.01s Real=0.01s
[2022-05-19T10:13:43.056+0000][163][safepoint   ] Safepoint "G1CollectForAllocation", Time since last: 30333900 ns, Reaching safepoint: 372500 ns, At safepoint: 7634600 ns, Total: 8007100 ns
[2022-05-19T10:13:44.057+0000][163][safepoint   ] Safepoint "Cleanup", Time since last: 1000314800 ns, Reaching safepoint: 333600 ns, At safepoint: 41000 ns, Total: 374600 ns
[2022-05-19T10:13:44.265+0000][163][gc,start    ] GC(35) Pause Young (Concurrent Start) (G1 Evacuation Pause)
[2022-05-19T10:13:44.266+0000][163][gc,task     ] GC(35) Using 10 workers of 10 for evacuation
[2022-05-19T10:13:44.266+0000][163][gc,age      ] GC(35) Desired survivor size 10485760 bytes, new threshold 2 (max threshold 15)
[2022-05-19T10:13:44.270+0000][163][gc,age      ] GC(35) Age table with threshold 2 (max threshold 15)
[2022-05-19T10:13:44.270+0000][163][gc,age      ] GC(35) - age   1:    9420792 bytes,    9420792 total
[2022-05-19T10:13:44.270+0000][163][gc,age      ] GC(35) - age   2:    2775144 bytes,   12195936 total
[2022-05-19T10:13:44.271+0000][163][gc,phases   ] GC(35)   Pre Evacuate Collection Set: 0.3ms
[2022-05-19T10:13:44.271+0000][163][gc,phases   ] GC(35)   Merge Heap Roots: 0.2ms
[2022-05-19T10:13:44.271+0000][163][gc,phases   ] GC(35)   Evacuate Collection Set: 2.3ms
[2022-05-19T10:13:44.271+0000][163][gc,phases   ] GC(35)   Post Evacuate Collection Set: 0.8ms
[2022-05-19T10:13:44.271+0000][163][gc,phases   ] GC(35)   Other: 1.6ms
[2022-05-19T10:13:44.271+0000][163][gc,heap     ] GC(35) Eden regions: 36->0(38)
[2022-05-19T10:13:44.272+0000][163][gc,heap     ] GC(35) Survivor regions: 3->3(5)
[2022-05-19T10:13:44.272+0000][163][gc,heap     ] GC(35) Old regions: 30->31
[2022-05-19T10:13:44.272+0000][163][gc,heap     ] GC(35) Archive regions: 2->2
[2022-05-19T10:13:44.272+0000][163][gc,heap     ] GC(35) Humongous regions: 10->10
[2022-05-19T10:13:44.272+0000][163][gc,metaspace] GC(35) Metaspace: 100485K(102080K)->100485K(102080K) NonClass: 86581K(87552K)->86581K(87552K) Class: 13904K(14528K)->13904K(14528K)
[2022-05-19T10:13:44.272+0000][163][gc          ] GC(35) Pause Young (Concurrent Start) (G1 Evacuation Pause) 318M->178M(512M) 6.915ms
[2022-05-19T10:13:44.273+0000][163][gc,cpu      ] GC(35) User=0.02s Sys=0.00s Real=0.01s
[2022-05-19T10:13:44.273+0000][163][gc          ] GC(36) Concurrent Mark Cycle
[2022-05-19T10:13:44.273+0000][163][gc,marking  ] GC(36) Concurrent Clear Claimed Marks
[2022-05-19T10:13:44.273+0000][163][safepoint   ] Safepoint "G1CollectForAllocation", Time since last: 208507300 ns, Reaching safepoint: 295800 ns, At safepoint: 7292400 ns, Total: 7588200 ns
[2022-05-19T10:13:44.273+0000][163][gc,marking  ] GC(36) Concurrent Clear Claimed Marks 0.178ms
[2022-05-19T10:13:44.273+0000][163][gc,marking  ] GC(36) Concurrent Scan Root Regions
[2022-05-19T10:13:44.274+0000][163][gc,marking  ] GC(36) Concurrent Scan Root Regions 0.907ms
[2022-05-19T10:13:44.274+0000][163][gc,marking  ] GC(36) Concurrent Mark
[2022-05-19T10:13:44.274+0000][163][gc,marking  ] GC(36) Concurrent Mark From Roots
[2022-05-19T10:13:44.275+0000][163][gc,task     ] GC(36) Using 3 workers of 3 for marking
[2022-05-19T10:13:44.320+0000][163][gc,marking  ] GC(36) Concurrent Mark From Roots 45.800ms
[2022-05-19T10:13:44.321+0000][163][gc,marking  ] GC(36) Concurrent Preclean
[2022-05-19T10:13:44.321+0000][163][gc,marking  ] GC(36) Concurrent Preclean 0.630ms
[2022-05-19T10:13:44.322+0000][163][gc,start    ] GC(36) Pause Remark
[2022-05-19T10:13:44.325+0000][163][gc          ] GC(36) Pause Remark 184M->172M(512M) 3.264ms
[2022-05-19T10:13:44.325+0000][163][gc,cpu      ] GC(36) User=0.01s Sys=0.01s Real=0.01s
[2022-05-19T10:13:44.326+0000][163][safepoint   ] Safepoint "G1Concurrent", Time since last: 48880300 ns, Reaching safepoint: 318900 ns, At safepoint: 3771900 ns, Total: 4090800 ns
[2022-05-19T10:13:44.326+0000][163][gc,marking  ] GC(36) Concurrent Mark 51.625ms
[2022-05-19T10:13:44.326+0000][163][gc,marking  ] GC(36) Concurrent Rebuild Remembered Sets
[2022-05-19T10:13:44.346+0000][163][gc,marking  ] GC(36) Concurrent Rebuild Remembered Sets 19.801ms
[2022-05-19T10:13:44.347+0000][163][gc,start    ] GC(36) Pause Cleanup
[2022-05-19T10:13:44.348+0000][163][gc          ] GC(36) Pause Cleanup 174M->174M(512M) 0.677ms
[2022-05-19T10:13:44.348+0000][163][gc,cpu      ] GC(36) User=0.00s Sys=0.00s Real=0.00s
[2022-05-19T10:13:44.348+0000][163][safepoint   ] Safepoint "G1Concurrent", Time since last: 20796400 ns, Reaching safepoint: 352300 ns, At safepoint: 1557300 ns, Total: 1909600 ns
[2022-05-19T10:13:44.349+0000][163][gc,marking  ] GC(36) Concurrent Cleanup for Next Mark
[2022-05-19T10:13:44.349+0000][163][gc,marking  ] GC(36) Concurrent Cleanup for Next Mark 0.500ms
[2022-05-19T10:13:44.349+0000][163][gc          ] GC(36) Concurrent Mark Cycle 76.733ms
[2022-05-19T10:13:45.349+0000][163][safepoint   ] Safepoint "Cleanup", Time since last: 1000405300 ns, Reaching safepoint: 474500 ns, At safepoint: 26500 ns, Total: 501000 ns
[2022-05-19T10:13:45.914+0000][163][gc,start    ] GC(37) Pause Young (Normal) (G1 Evacuation Pause)
[2022-05-19T10:13:45.914+0000][163][gc,task     ] GC(37) Using 10 workers of 10 for evacuation
[2022-05-19T10:13:45.915+0000][163][gc,age      ] GC(37) Desired survivor size 12582912 bytes, new threshold 15 (max threshold 15)
[2022-05-19T10:13:45.919+0000][163][gc,age      ] GC(37) Age table with threshold 15 (max threshold 15)
[2022-05-19T10:13:45.919+0000][163][gc,age      ] GC(37) - age   1:   16260792 bytes,   16260792 total
[2022-05-19T10:13:45.920+0000][163][gc,age      ] GC(37) - age   2:    3570744 bytes,   19831536 total
[2022-05-19T10:13:45.920+0000][163][gc,age      ] GC(37) - age   3:    2576160 bytes,   22407696 total
[2022-05-19T10:13:45.920+0000][163][gc,phases   ] GC(37)   Pre Evacuate Collection Set: 0.3ms
[2022-05-19T10:13:45.920+0000][163][gc,phases   ] GC(37)   Merge Heap Roots: 0.2ms
[2022-05-19T10:13:45.920+0000][163][gc,phases   ] GC(37)   Evacuate Collection Set: 3.0ms
[2022-05-19T10:13:45.921+0000][163][gc,phases   ] GC(37)   Post Evacuate Collection Set: 0.8ms
[2022-05-19T10:13:45.921+0000][163][gc,phases   ] GC(37)   Other: 2.0ms
[2022-05-19T10:13:45.921+0000][163][gc,heap     ] GC(37) Eden regions: 38->0(39)
[2022-05-19T10:13:45.921+0000][163][gc,heap     ] GC(37) Survivor regions: 3->6(6)
[2022-05-19T10:13:45.921+0000][163][gc,heap     ] GC(37) Old regions: 31->31
[2022-05-19T10:13:45.921+0000][163][gc,heap     ] GC(37) Archive regions: 2->2
[2022-05-19T10:13:45.921+0000][163][gc,heap     ] GC(37) Humongous regions: 7->7
[2022-05-19T10:13:45.921+0000][163][gc,metaspace] GC(37) Metaspace: 100543K(102144K)->100543K(102144K) NonClass: 86639K(87616K)->86639K(87616K) Class: 13904K(14528K)->13904K(14528K)
[2022-05-19T10:13:45.922+0000][163][gc          ] GC(37) Pause Young (Normal) (G1 Evacuation Pause) 318M->176M(512M) 7.691ms
[2022-05-19T10:13:45.922+0000][163][gc,cpu      ] GC(37) User=0.03s Sys=0.00s Real=0.00s
[2022-05-19T10:13:45.922+0000][163][safepoint   ] Safepoint "G1CollectForAllocation", Time since last: 564383800 ns, Reaching safepoint: 183000 ns, At safepoint: 7969400 ns, Total: 8152400 ns
[2022-05-19T10:13:46.071+0000][163][gc,start    ] GC(38) Pause Young (Concurrent Start) (G1 Humongous Allocation)
[2022-05-19T10:13:46.071+0000][163][gc,task     ] GC(38) Using 10 workers of 10 for evacuation
[2022-05-19T10:13:46.072+0000][163][gc,age      ] GC(38) Desired survivor size 12582912 bytes, new threshold 1 (max threshold 15)
[2022-05-19T10:13:46.076+0000][163][gc,age      ] GC(38) Age table with threshold 1 (max threshold 15)
[2022-05-19T10:13:46.076+0000][163][gc,age      ] GC(38) - age   1:     569488 bytes,     569488 total
[2022-05-19T10:13:46.076+0000][163][gc,phases   ] GC(38)   Pre Evacuate Collection Set: 0.2ms
[2022-05-19T10:13:46.077+0000][163][gc,phases   ] GC(38)   Merge Heap Roots: 0.2ms
[2022-05-19T10:13:46.077+0000][163][gc,phases   ] GC(38)   Evacuate Collection Set: 2.8ms
[2022-05-19T10:13:46.077+0000][163][gc,phases   ] GC(38)   Post Evacuate Collection Set: 0.6ms
[2022-05-19T10:13:46.077+0000][163][gc,phases   ] GC(38)   Other: 1.6ms
[2022-05-19T10:13:46.077+0000][163][gc,heap     ] GC(38) Eden regions: 6->0(41)
[2022-05-19T10:13:46.078+0000][163][gc,heap     ] GC(38) Survivor regions: 6->1(6)
[2022-05-19T10:13:46.078+0000][163][gc,heap     ] GC(38) Old regions: 31->37
[2022-05-19T10:13:46.078+0000][163][gc,heap     ] GC(38) Archive regions: 2->2
[2022-05-19T10:13:46.078+0000][163][gc,heap     ] GC(38) Humongous regions: 7->7
[2022-05-19T10:13:46.078+0000][163][gc,metaspace] GC(38) Metaspace: 100543K(102144K)->100543K(102144K) NonClass: 86639K(87616K)->86639K(87616K) Class: 13904K(14528K)->13904K(14528K)
[2022-05-19T10:13:46.079+0000][163][gc          ] GC(38) Pause Young (Concurrent Start) (G1 Humongous Allocation) 197M->176M(512M) 7.624ms
[2022-05-19T10:13:46.079+0000][163][gc,cpu      ] GC(38) User=0.02s Sys=0.01s Real=0.01s
[2022-05-19T10:13:46.079+0000][163][gc          ] GC(39) Concurrent Mark Cycle
[2022-05-19T10:13:46.079+0000][163][gc,marking  ] GC(39) Concurrent Clear Claimed Marks
[2022-05-19T10:13:46.079+0000][163][safepoint   ] Safepoint "G1TryInitiateConcMark", Time since last: 148803300 ns, Reaching safepoint: 194800 ns, At safepoint: 8066300 ns, Total: 8261100 ns
[2022-05-19T10:13:46.079+0000][163][gc,marking  ] GC(39) Concurrent Clear Claimed Marks 0.199ms
[2022-05-19T10:13:46.079+0000][163][gc,marking  ] GC(39) Concurrent Scan Root Regions
[2022-05-19T10:13:46.081+0000][163][gc,marking  ] GC(39) Concurrent Scan Root Regions 1.143ms
[2022-05-19T10:13:46.081+0000][163][gc,marking  ] GC(39) Concurrent Mark
[2022-05-19T10:13:46.081+0000][163][gc,marking  ] GC(39) Concurrent Mark From Roots
[2022-05-19T10:13:46.081+0000][163][gc,task     ] GC(39) Using 3 workers of 3 for marking
[2022-05-19T10:13:46.123+0000][163][gc,marking  ] GC(39) Concurrent Mark From Roots 41.778ms
[2022-05-19T10:13:46.123+0000][163][gc,marking  ] GC(39) Concurrent Preclean
[2022-05-19T10:13:46.124+0000][163][gc,marking  ] GC(39) Concurrent Preclean 0.492ms
[2022-05-19T10:13:46.124+0000][163][gc,start    ] GC(39) Pause Remark
[2022-05-19T10:13:46.127+0000][163][gc          ] GC(39) Pause Remark 216M->216M(512M) 3.071ms
[2022-05-19T10:13:46.128+0000][163][gc,cpu      ] GC(39) User=0.02s Sys=0.00s Real=0.00s
[2022-05-19T10:13:46.128+0000][163][safepoint   ] Safepoint "G1Concurrent", Time since last: 44991100 ns, Reaching safepoint: 303600 ns, At safepoint: 3718100 ns, Total: 4021700 ns
[2022-05-19T10:13:46.128+0000][163][gc,marking  ] GC(39) Concurrent Mark 47.355ms
[2022-05-19T10:13:46.128+0000][163][gc,marking  ] GC(39) Concurrent Rebuild Remembered Sets
[2022-05-19T10:13:46.148+0000][163][gc,marking  ] GC(39) Concurrent Rebuild Remembered Sets 19.649ms
[2022-05-19T10:13:46.149+0000][163][gc,start    ] GC(39) Pause Cleanup
[2022-05-19T10:13:46.149+0000][163][gc          ] GC(39) Pause Cleanup 219M->219M(512M) 0.524ms
[2022-05-19T10:13:46.150+0000][163][gc,cpu      ] GC(39) User=0.00s Sys=0.00s Real=0.00s
[2022-05-19T10:13:46.150+0000][163][safepoint   ] Safepoint "G1Concurrent", Time since last: 20531800 ns, Reaching safepoint: 445800 ns, At safepoint: 1173200 ns, Total: 1619000 ns
[2022-05-19T10:13:46.150+0000][163][gc,marking  ] GC(39) Concurrent Cleanup for Next Mark
[2022-05-19T10:13:46.151+0000][163][gc,marking  ] GC(39) Concurrent Cleanup for Next Mark 0.398ms
[2022-05-19T10:13:46.151+0000][163][gc          ] GC(39) Concurrent Mark Cycle 72.019ms
[2022-05-19T10:13:47.294+0000][163][gc,start    ] GC(40) Pause Young (Normal) (G1 Evacuation Pause)
[2022-05-19T10:13:47.295+0000][163][gc,task     ] GC(40) Using 10 workers of 10 for evacuation
[2022-05-19T10:13:47.295+0000][163][gc,age      ] GC(40) Desired survivor size 12582912 bytes, new threshold 15 (max threshold 15)
[2022-05-19T10:13:47.297+0000][163][gc,age      ] GC(40) Age table with threshold 15 (max threshold 15)
[2022-05-19T10:13:47.298+0000][163][gc,age      ] GC(40) - age   1:    1863048 bytes,    1863048 total
[2022-05-19T10:13:47.298+0000][163][gc,age      ] GC(40) - age   2:     457176 bytes,    2320224 total
[2022-05-19T10:13:47.298+0000][163][gc,phases   ] GC(40)   Pre Evacuate Collection Set: 0.2ms
[2022-05-19T10:13:47.298+0000][163][gc,phases   ] GC(40)   Merge Heap Roots: 0.3ms
[2022-05-19T10:13:47.298+0000][163][gc,phases   ] GC(40)   Evacuate Collection Set: 0.7ms
[2022-05-19T10:13:47.298+0000][163][gc,phases   ] GC(40)   Post Evacuate Collection Set: 0.8ms
[2022-05-19T10:13:47.298+0000][163][gc,phases   ] GC(40)   Other: 1.6ms
[2022-05-19T10:13:47.299+0000][163][gc,heap     ] GC(40) Eden regions: 41->0(42)
[2022-05-19T10:13:47.299+0000][163][gc,heap     ] GC(40) Survivor regions: 1->1(6)
[2022-05-19T10:13:47.299+0000][163][gc,heap     ] GC(40) Old regions: 37->37
[2022-05-19T10:13:47.299+0000][163][gc,heap     ] GC(40) Archive regions: 2->2
[2022-05-19T10:13:47.299+0000][163][gc,heap     ] GC(40) Humongous regions: 15->10
[2022-05-19T10:13:47.299+0000][163][gc,metaspace] GC(40) Metaspace: 100544K(102144K)->100544K(102144K) NonClass: 86640K(87616K)->86640K(87616K) Class: 13904K(14528K)->13904K(14528K)
[2022-05-19T10:13:47.299+0000][163][gc          ] GC(40) Pause Young (Normal) (G1 Evacuation Pause) 372M->190M(512M) 4.902ms
[2022-05-19T10:13:47.299+0000][163][gc,cpu      ] GC(40) User=0.01s Sys=0.00s Real=0.00s
[2022-05-19T10:13:47.300+0000][163][safepoint   ] Safepoint "G1CollectForAllocation", Time since last: 1143959500 ns, Reaching safepoint: 277900 ns, At safepoint: 5187700 ns, Total: 5465600 ns
[2022-05-19T10:13:48.531+0000][163][gc,start    ] GC(41) Pause Young (Concurrent Start) (G1 Evacuation Pause)
[2022-05-19T10:13:48.531+0000][163][gc,task     ] GC(41) Using 10 workers of 10 for evacuation
[2022-05-19T10:13:48.532+0000][163][gc,age      ] GC(41) Desired survivor size 12582912 bytes, new threshold 15 (max threshold 15)
[2022-05-19T10:13:48.534+0000][163][gc,age      ] GC(41) Age table with threshold 15 (max threshold 15)
[2022-05-19T10:13:48.535+0000][163][gc,age      ] GC(41) - age   1:    1882024 bytes,    1882024 total
[2022-05-19T10:13:48.535+0000][163][gc,age      ] GC(41) - age   2:    1850952 bytes,    3732976 total
[2022-05-19T10:13:48.535+0000][163][gc,age      ] GC(41) - age   3:     452696 bytes,    4185672 total
[2022-05-19T10:13:48.535+0000][163][gc,phases   ] GC(41)   Pre Evacuate Collection Set: 0.3ms
[2022-05-19T10:13:48.535+0000][163][gc,phases   ] GC(41)   Merge Heap Roots: 0.2ms
[2022-05-19T10:13:48.536+0000][163][gc,phases   ] GC(41)   Evacuate Collection Set: 1.5ms
[2022-05-19T10:13:48.536+0000][163][gc,phases   ] GC(41)   Post Evacuate Collection Set: 0.6ms
[2022-05-19T10:13:48.536+0000][163][gc,phases   ] GC(41)   Other: 1.6ms
[2022-05-19T10:13:48.536+0000][163][gc,heap     ] GC(41) Eden regions: 42->0(44)
[2022-05-19T10:13:48.536+0000][163][gc,heap     ] GC(41) Survivor regions: 1->2(6)
[2022-05-19T10:13:48.536+0000][163][gc,heap     ] GC(41) Old regions: 37->37
[2022-05-19T10:13:48.537+0000][163][gc,heap     ] GC(41) Archive regions: 2->2
[2022-05-19T10:13:48.537+0000][163][gc,heap     ] GC(41) Humongous regions: 10->10
[2022-05-19T10:13:48.537+0000][163][gc,metaspace] GC(41) Metaspace: 100544K(102144K)->100544K(102144K) NonClass: 86640K(87616K)->86640K(87616K) Class: 13904K(14528K)->13904K(14528K)
[2022-05-19T10:13:48.537+0000][163][gc          ] GC(41) Pause Young (Concurrent Start) (G1 Evacuation Pause) 358M->192M(512M) 6.226ms
[2022-05-19T10:13:48.538+0000][163][gc,cpu      ] GC(41) User=0.00s Sys=0.01s Real=0.01s
[2022-05-19T10:13:48.538+0000][163][safepoint   ] Safepoint "G1CollectForAllocation", Time since last: 1231391400 ns, Reaching safepoint: 222000 ns, At safepoint: 6648200 ns, Total: 6870200 ns
[2022-05-19T10:13:48.538+0000][163][gc          ] GC(42) Concurrent Mark Cycle
[2022-05-19T10:13:48.538+0000][163][gc,marking  ] GC(42) Concurrent Clear Claimed Marks
[2022-05-19T10:13:48.538+0000][163][gc,marking  ] GC(42) Concurrent Clear Claimed Marks 0.196ms
[2022-05-19T10:13:48.538+0000][163][gc,marking  ] GC(42) Concurrent Scan Root Regions
[2022-05-19T10:13:48.540+0000][163][gc,marking  ] GC(42) Concurrent Scan Root Regions 1.131ms
[2022-05-19T10:13:48.540+0000][163][gc,marking  ] GC(42) Concurrent Mark
[2022-05-19T10:13:48.540+0000][163][gc,marking  ] GC(42) Concurrent Mark From Roots
[2022-05-19T10:13:48.540+0000][163][gc,task     ] GC(42) Using 3 workers of 3 for marking
[2022-05-19T10:13:48.585+0000][163][gc,marking  ] GC(42) Concurrent Mark From Roots 44.986ms
[2022-05-19T10:13:48.585+0000][163][gc,marking  ] GC(42) Concurrent Preclean
[2022-05-19T10:13:48.586+0000][163][gc,marking  ] GC(42) Concurrent Preclean 0.613ms
[2022-05-19T10:13:48.586+0000][163][gc,start    ] GC(42) Pause Remark
[2022-05-19T10:13:48.590+0000][163][gc          ] GC(42) Pause Remark 198M->198M(512M) 3.317ms
[2022-05-19T10:13:48.590+0000][163][gc,cpu      ] GC(42) User=0.02s Sys=0.01s Real=0.00s
[2022-05-19T10:13:48.590+0000][163][safepoint   ] Safepoint "G1Concurrent", Time since last: 48168700 ns, Reaching safepoint: 292300 ns, At safepoint: 3907600 ns, Total: 4199900 ns
[2022-05-19T10:13:48.590+0000][163][gc,marking  ] GC(42) Concurrent Mark 50.723ms
[2022-05-19T10:13:48.591+0000][163][gc,marking  ] GC(42) Concurrent Rebuild Remembered Sets
[2022-05-19T10:13:48.616+0000][163][gc,marking  ] GC(42) Concurrent Rebuild Remembered Sets 25.256ms
[2022-05-19T10:13:48.616+0000][163][gc,start    ] GC(42) Pause Cleanup
[2022-05-19T10:13:48.617+0000][163][gc          ] GC(42) Pause Cleanup 202M->202M(512M) 0.435ms
[2022-05-19T10:13:48.617+0000][163][gc,cpu      ] GC(42) User=0.00s Sys=0.00s Real=0.00s
[2022-05-19T10:13:48.618+0000][163][safepoint   ] Safepoint "G1Concurrent", Time since last: 26028400 ns, Reaching safepoint: 267600 ns, At safepoint: 1193700 ns, Total: 1461300 ns
[2022-05-19T10:13:48.618+0000][163][gc,marking  ] GC(42) Concurrent Cleanup for Next Mark
[2022-05-19T10:13:48.618+0000][163][gc,marking  ] GC(42) Concurrent Cleanup for Next Mark 0.460ms
[2022-05-19T10:13:48.619+0000][163][gc          ] GC(42) Concurrent Mark Cycle 80.740ms
[2022-05-19T10:13:49.618+0000][163][safepoint   ] Safepoint "Cleanup", Time since last: 1000298400 ns, Reaching safepoint: 315700 ns, At safepoint: 24700 ns, Total: 340400 ns
[2022-05-19T10:13:49.982+0000][163][gc,start    ] GC(43) Pause Young (Prepare Mixed) (G1 Evacuation Pause)
[2022-05-19T10:13:49.982+0000][163][gc,task     ] GC(43) Using 10 workers of 10 for evacuation
[2022-05-19T10:13:49.982+0000][163][gc,age      ] GC(43) Desired survivor size 12582912 bytes, new threshold 15 (max threshold 15)
[2022-05-19T10:13:49.985+0000][163][gc,age      ] GC(43) Age table with threshold 15 (max threshold 15)
[2022-05-19T10:13:49.986+0000][163][gc,age      ] GC(43) - age   1:    7157032 bytes,    7157032 total
[2022-05-19T10:13:49.986+0000][163][gc,age      ] GC(43) - age   2:    1845472 bytes,    9002504 total
[2022-05-19T10:13:49.986+0000][163][gc,age      ] GC(43) - age   3:    1651272 bytes,   10653776 total
[2022-05-19T10:13:49.986+0000][163][gc,age      ] GC(43) - age   4:     354656 bytes,   11008432 total
[2022-05-19T10:13:49.986+0000][163][gc,phases   ] GC(43)   Pre Evacuate Collection Set: 0.2ms
[2022-05-19T10:13:49.987+0000][163][gc,phases   ] GC(43)   Merge Heap Roots: 0.1ms
[2022-05-19T10:13:49.987+0000][163][gc,phases   ] GC(43)   Evacuate Collection Set: 1.6ms
[2022-05-19T10:13:49.987+0000][163][gc,phases   ] GC(43)   Post Evacuate Collection Set: 0.7ms
[2022-05-19T10:13:49.987+0000][163][gc,phases   ] GC(43)   Other: 2.0ms
[2022-05-19T10:13:49.987+0000][163][gc,heap     ] GC(43) Eden regions: 44->0(3)
[2022-05-19T10:13:49.988+0000][163][gc,heap     ] GC(43) Survivor regions: 2->3(6)
[2022-05-19T10:13:49.988+0000][163][gc,heap     ] GC(43) Old regions: 37->37
[2022-05-19T10:13:49.988+0000][163][gc,heap     ] GC(43) Archive regions: 2->2
[2022-05-19T10:13:49.988+0000][163][gc,heap     ] GC(43) Humongous regions: 19->10
[2022-05-19T10:13:49.988+0000][163][gc,metaspace] GC(43) Metaspace: 100600K(102208K)->100600K(102208K) NonClass: 86696K(87680K)->86696K(87680K) Class: 13904K(14528K)->13904K(14528K)
[2022-05-19T10:13:49.989+0000][163][gc          ] GC(43) Pause Young (Prepare Mixed) (G1 Evacuation Pause) 404M->198M(512M) 6.848ms
[2022-05-19T10:13:49.989+0000][163][gc,cpu      ] GC(43) User=0.02s Sys=0.00s Real=0.01s
[2022-05-19T10:13:49.989+0000][163][safepoint   ] Safepoint "G1CollectForAllocation", Time since last: 363190800 ns, Reaching safepoint: 260800 ns, At safepoint: 7201400 ns, Total: 7462200 ns
[2022-05-19T10:13:50.075+0000][163][gc,start    ] GC(44) Pause Young (Mixed) (G1 Evacuation Pause)
[2022-05-19T10:13:50.075+0000][163][gc,task     ] GC(44) Using 10 workers of 10 for evacuation
[2022-05-19T10:13:50.076+0000][163][gc,age      ] GC(44) Desired survivor size 2097152 bytes, new threshold 1 (max threshold 15)
[2022-05-19T10:13:50.079+0000][163][gc,age      ] GC(44) Age table with threshold 1 (max threshold 15)
[2022-05-19T10:13:50.079+0000][163][gc,age      ] GC(44) - age   1:     131720 bytes,     131720 total
[2022-05-19T10:13:50.079+0000][163][gc,phases   ] GC(44)   Pre Evacuate Collection Set: 0.2ms
[2022-05-19T10:13:50.079+0000][163][gc,phases   ] GC(44)   Merge Heap Roots: 0.2ms
[2022-05-19T10:13:50.079+0000][163][gc,phases   ] GC(44)   Evacuate Collection Set: 1.7ms
[2022-05-19T10:13:50.080+0000][163][gc,phases   ] GC(44)   Post Evacuate Collection Set: 0.7ms
[2022-05-19T10:13:50.080+0000][163][gc,phases   ] GC(44)   Other: 1.1ms
[2022-05-19T10:13:50.080+0000][163][gc,heap     ] GC(44) Eden regions: 3->0(45)
[2022-05-19T10:13:50.080+0000][163][gc,heap     ] GC(44) Survivor regions: 3->1(1)
[2022-05-19T10:13:50.080+0000][163][gc,heap     ] GC(44) Old regions: 37->38
[2022-05-19T10:13:50.080+0000][163][gc,heap     ] GC(44) Archive regions: 2->2
[2022-05-19T10:13:50.080+0000][163][gc,heap     ] GC(44) Humongous regions: 10->10
[2022-05-19T10:13:50.080+0000][163][gc,metaspace] GC(44) Metaspace: 100600K(102208K)->100600K(102208K) NonClass: 86696K(87680K)->86696K(87680K) Class: 13904K(14528K)->13904K(14528K)
[2022-05-19T10:13:50.080+0000][163][gc          ] GC(44) Pause Young (Mixed) (G1 Evacuation Pause) 210M->195M(512M) 5.322ms
[2022-05-19T10:13:50.081+0000][163][gc,cpu      ] GC(44) User=0.01s Sys=0.00s Real=0.00s
[2022-05-19T10:13:50.081+0000][163][safepoint   ] Safepoint "G1CollectForAllocation", Time since last: 85965500 ns, Reaching safepoint: 189800 ns, At safepoint: 5603600 ns, Total: 5793400 ns
[2022-05-19T10:13:51.444+0000][163][gc,start    ] GC(45) Pause Young (Concurrent Start) (G1 Evacuation Pause)
[2022-05-19T10:13:51.444+0000][163][gc,task     ] GC(45) Using 10 workers of 10 for evacuation
[2022-05-19T10:13:51.444+0000][163][gc,age      ] GC(45) Desired survivor size 12582912 bytes, new threshold 15 (max threshold 15)
[2022-05-19T10:13:51.447+0000][163][gc,age      ] GC(45) Age table with threshold 15 (max threshold 15)
[2022-05-19T10:13:51.447+0000][163][gc,age      ] GC(45) - age   1:    1949200 bytes,    1949200 total
[2022-05-19T10:13:51.447+0000][163][gc,age      ] GC(45) - age   2:     131136 bytes,    2080336 total
[2022-05-19T10:13:51.447+0000][163][gc,phases   ] GC(45)   Pre Evacuate Collection Set: 0.3ms
[2022-05-19T10:13:51.447+0000][163][gc,phases   ] GC(45)   Merge Heap Roots: 0.1ms
[2022-05-19T10:13:51.448+0000][163][gc,phases   ] GC(45)   Evacuate Collection Set: 1.0ms
[2022-05-19T10:13:51.448+0000][163][gc,phases   ] GC(45)   Post Evacuate Collection Set: 0.6ms
[2022-05-19T10:13:51.448+0000][163][gc,phases   ] GC(45)   Other: 1.4ms
[2022-05-19T10:13:51.448+0000][163][gc,heap     ] GC(45) Eden regions: 45->0(47)
[2022-05-19T10:13:51.448+0000][163][gc,heap     ] GC(45) Survivor regions: 1->1(6)
[2022-05-19T10:13:51.448+0000][163][gc,heap     ] GC(45) Old regions: 38->38
[2022-05-19T10:13:51.449+0000][163][gc,heap     ] GC(45) Archive regions: 2->2
[2022-05-19T10:13:51.449+0000][163][gc,heap     ] GC(45) Humongous regions: 10->10
[2022-05-19T10:13:51.449+0000][163][gc,metaspace] GC(45) Metaspace: 100600K(102208K)->100600K(102208K) NonClass: 86696K(87680K)->86696K(87680K) Class: 13904K(14528K)->13904K(14528K)
[2022-05-19T10:13:51.449+0000][163][gc          ] GC(45) Pause Young (Concurrent Start) (G1 Evacuation Pause) 375M->197M(512M) 5.168ms
[2022-05-19T10:13:51.449+0000][163][gc,cpu      ] GC(45) User=0.01s Sys=0.00s Real=0.00s
[2022-05-19T10:13:51.449+0000][163][safepoint   ] Safepoint "G1CollectForAllocation", Time since last: 1362964500 ns, Reaching safepoint: 198600 ns, At safepoint: 5511800 ns, Total: 5710400 ns
[2022-05-19T10:13:51.449+0000][163][gc          ] GC(46) Concurrent Mark Cycle
[2022-05-19T10:13:51.450+0000][163][gc,marking  ] GC(46) Concurrent Clear Claimed Marks
[2022-05-19T10:13:51.450+0000][163][gc,marking  ] GC(46) Concurrent Clear Claimed Marks 0.167ms
[2022-05-19T10:13:51.450+0000][163][gc,marking  ] GC(46) Concurrent Scan Root Regions
[2022-05-19T10:13:51.451+0000][163][gc,marking  ] GC(46) Concurrent Scan Root Regions 0.923ms
[2022-05-19T10:13:51.451+0000][163][gc,marking  ] GC(46) Concurrent Mark
[2022-05-19T10:13:51.451+0000][163][gc,marking  ] GC(46) Concurrent Mark From Roots
[2022-05-19T10:13:51.451+0000][163][gc,task     ] GC(46) Using 3 workers of 3 for marking
[2022-05-19T10:13:51.493+0000][163][gc,marking  ] GC(46) Concurrent Mark From Roots 42.147ms
[2022-05-19T10:13:51.494+0000][163][gc,marking  ] GC(46) Concurrent Preclean
[2022-05-19T10:13:51.494+0000][163][gc,marking  ] GC(46) Concurrent Preclean 0.553ms
[2022-05-19T10:13:51.495+0000][163][gc,start    ] GC(46) Pause Remark
[2022-05-19T10:13:51.498+0000][163][gc          ] GC(46) Pause Remark 203M->203M(512M) 2.830ms
[2022-05-19T10:13:51.498+0000][163][gc,cpu      ] GC(46) User=0.02s Sys=0.00s Real=0.00s
[2022-05-19T10:13:51.498+0000][163][safepoint   ] Safepoint "G1Concurrent", Time since last: 45097200 ns, Reaching safepoint: 292100 ns, At safepoint: 3368900 ns, Total: 3661000 ns
[2022-05-19T10:13:51.498+0000][163][gc,marking  ] GC(46) Concurrent Mark 47.384ms
[2022-05-19T10:13:51.499+0000][163][gc,marking  ] GC(46) Concurrent Rebuild Remembered Sets
[2022-05-19T10:13:51.516+0000][163][gc,marking  ] GC(46) Concurrent Rebuild Remembered Sets 17.977ms
[2022-05-19T10:13:51.517+0000][163][gc,start    ] GC(46) Pause Cleanup
[2022-05-19T10:13:51.518+0000][163][gc          ] GC(46) Pause Cleanup 205M->205M(512M) 0.547ms
[2022-05-19T10:13:51.518+0000][163][gc,cpu      ] GC(46) User=0.00s Sys=0.00s Real=0.00s
[2022-05-19T10:13:51.518+0000][163][safepoint   ] Safepoint "G1Concurrent", Time since last: 18704600 ns, Reaching safepoint: 272000 ns, At safepoint: 1124300 ns, Total: 1396300 ns
[2022-05-19T10:13:51.518+0000][163][gc,marking  ] GC(46) Concurrent Cleanup for Next Mark
[2022-05-19T10:13:51.519+0000][163][gc,marking  ] GC(46) Concurrent Cleanup for Next Mark 0.337ms
[2022-05-19T10:13:51.519+0000][163][gc          ] GC(46) Concurrent Mark Cycle 69.554ms
[2022-05-19T10:13:52.889+0000][163][gc,start    ] GC(47) Pause Young (Prepare Mixed) (G1 Evacuation Pause)
[2022-05-19T10:13:52.889+0000][163][gc,task     ] GC(47) Using 10 workers of 10 for evacuation
[2022-05-19T10:13:52.889+0000][163][gc,age      ] GC(47) Desired survivor size 12582912 bytes, new threshold 15 (max threshold 15)
[2022-05-19T10:13:52.893+0000][163][gc,age      ] GC(47) Age table with threshold 15 (max threshold 15)
[2022-05-19T10:13:52.893+0000][163][gc,age      ] GC(47) - age   1:    5654312 bytes,    5654312 total
[2022-05-19T10:13:52.894+0000][163][gc,age      ] GC(47) - age   2:    1946432 bytes,    7600744 total
[2022-05-19T10:13:52.894+0000][163][gc,age      ] GC(47) - age   3:     131136 bytes,    7731880 total
[2022-05-19T10:13:52.894+0000][163][gc,phases   ] GC(47)   Pre Evacuate Collection Set: 0.3ms
[2022-05-19T10:13:52.895+0000][163][gc,phases   ] GC(47)   Merge Heap Roots: 0.3ms
[2022-05-19T10:13:52.895+0000][163][gc,phases   ] GC(47)   Evacuate Collection Set: 2.2ms
[2022-05-19T10:13:52.895+0000][163][gc,phases   ] GC(47)   Post Evacuate Collection Set: 0.7ms
[2022-05-19T10:13:52.895+0000][163][gc,phases   ] GC(47)   Other: 2.0ms
[2022-05-19T10:13:52.895+0000][163][gc,heap     ] GC(47) Eden regions: 47->0(4)
[2022-05-19T10:13:52.896+0000][163][gc,heap     ] GC(47) Survivor regions: 1->2(6)
[2022-05-19T10:13:52.896+0000][163][gc,heap     ] GC(47) Old regions: 38->38
[2022-05-19T10:13:52.896+0000][163][gc,heap     ] GC(47) Archive regions: 2->2
[2022-05-19T10:13:52.896+0000][163][gc,heap     ] GC(47) Humongous regions: 11->10
[2022-05-19T10:13:52.896+0000][163][gc,metaspace] GC(47) Metaspace: 100600K(102208K)->100600K(102208K) NonClass: 86696K(87680K)->86696K(87680K) Class: 13904K(14528K)->13904K(14528K)
[2022-05-19T10:13:52.896+0000][163][gc          ] GC(47) Pause Young (Prepare Mixed) (G1 Evacuation Pause) 389M->203M(512M) 7.435ms
[2022-05-19T10:13:52.897+0000][163][gc,cpu      ] GC(47) User=0.00s Sys=0.02s Real=0.01s
[2022-05-19T10:13:52.897+0000][163][safepoint   ] Safepoint "G1CollectForAllocation", Time since last: 1370470000 ns, Reaching safepoint: 199100 ns, At safepoint: 7805100 ns, Total: 8004200 ns
[2022-05-19T10:13:53.897+0000][163][safepoint   ] Safepoint "Cleanup", Time since last: 1000275900 ns, Reaching safepoint: 234700 ns, At safepoint: 6600 ns, Total: 241300 ns
[2022-05-19T10:13:54.898+0000][163][safepoint   ] Safepoint "Cleanup", Time since last: 1000480000 ns, Reaching safepoint: 283700 ns, At safepoint: 8200 ns, Total: 291900 ns
[2022-05-19T10:13:55.899+0000][163][safepoint   ] Safepoint "Cleanup", Time since last: 1000566900 ns, Reaching safepoint: 263900 ns, At safepoint: 14000 ns, Total: 277900 ns
[2022-05-19T10:13:56.899+0000][163][safepoint   ] Safepoint "Cleanup", Time since last: 1000437100 ns, Reaching safepoint: 215500 ns, At safepoint: 8200 ns, Total: 223700 ns
[2022-05-19T10:13:59.901+0000][163][safepoint   ] Safepoint "Cleanup", Time since last: 3000635000 ns, Reaching safepoint: 188300 ns, At safepoint: 6600 ns, Total: 194900 ns
[2022-05-19T10:14:06.902+0000][163][safepoint   ] Safepoint "Cleanup", Time since last: 7001246000 ns, Reaching safepoint: 314400 ns, At safepoint: 16600 ns, Total: 331000 ns
[2022-05-19T10:14:07.903+0000][163][safepoint   ] Safepoint "Cleanup", Time since last: 1000375600 ns, Reaching safepoint: 217700 ns, At safepoint: 6800 ns, Total: 224500 ns
[2022-05-19T10:14:13.904+0000][163][safepoint   ] Safepoint "Cleanup", Time since last: 6001177700 ns, Reaching safepoint: 249400 ns, At safepoint: 6600 ns, Total: 256000 ns
[2022-05-19T10:14:15.660+0000][163][gc,start    ] GC(48) Pause Young (Mixed) (G1 Evacuation Pause)
[2022-05-19T10:14:15.661+0000][163][gc,task     ] GC(48) Using 10 workers of 10 for evacuation
[2022-05-19T10:14:15.661+0000][163][gc,age      ] GC(48) Desired survivor size 2097152 bytes, new threshold 1 (max threshold 15)
[2022-05-19T10:14:15.664+0000][163][gc,age      ] GC(48) Age table with threshold 1 (max threshold 15)
[2022-05-19T10:14:15.665+0000][163][gc,age      ] GC(48) - age   1:    2507680 bytes,    2507680 total
[2022-05-19T10:14:15.665+0000][163][gc,phases   ] GC(48)   Pre Evacuate Collection Set: 0.2ms
[2022-05-19T10:14:15.665+0000][163][gc,phases   ] GC(48)   Merge Heap Roots: 0.2ms
[2022-05-19T10:14:15.666+0000][163][gc,phases   ] GC(48)   Evacuate Collection Set: 1.8ms
[2022-05-19T10:14:15.666+0000][163][gc,phases   ] GC(48)   Post Evacuate Collection Set: 0.9ms
[2022-05-19T10:14:15.666+0000][163][gc,phases   ] GC(48)   Other: 1.7ms
[2022-05-19T10:14:15.666+0000][163][gc,heap     ] GC(48) Eden regions: 4->0(46)
[2022-05-19T10:14:15.666+0000][163][gc,heap     ] GC(48) Survivor regions: 2->1(1)
[2022-05-19T10:14:15.666+0000][163][gc,heap     ] GC(48) Old regions: 38->40
[2022-05-19T10:14:15.667+0000][163][gc,heap     ] GC(48) Archive regions: 2->2
[2022-05-19T10:14:15.667+0000][163][gc,heap     ] GC(48) Humongous regions: 10->10
[2022-05-19T10:14:15.667+0000][163][gc,metaspace] GC(48) Metaspace: 100654K(102272K)->100654K(102272K) NonClass: 86750K(87744K)->86750K(87744K) Class: 13904K(14528K)->13904K(14528K)
[2022-05-19T10:14:15.668+0000][163][gc          ] GC(48) Pause Young (Mixed) (G1 Evacuation Pause) 219M->202M(512M) 7.310ms
[2022-05-19T10:14:15.668+0000][163][gc,cpu      ] GC(48) User=0.02s Sys=0.00s Real=0.01s
[2022-05-19T10:14:15.668+0000][163][safepoint   ] Safepoint "G1CollectForAllocation", Time since last: 1755572700 ns, Reaching safepoint: 178100 ns, At safepoint: 8159800 ns, Total: 8337900 ns
[2022-05-19T10:14:16.669+0000][163][safepoint   ] Safepoint "Cleanup", Time since last: 1000406300 ns, Reaching safepoint: 297000 ns, At safepoint: 25100 ns, Total: 322100 ns
[2022-05-19T10:14:17.670+0000][163][safepoint   ] Safepoint "Cleanup", Time since last: 1000361600 ns, Reaching safepoint: 191900 ns, At safepoint: 6500 ns, Total: 198400 ns
[2022-05-19T10:14:20.671+0000][163][safepoint   ] Safepoint "Cleanup", Time since last: 3000742900 ns, Reaching safepoint: 232000 ns, At safepoint: 6400 ns, Total: 238400 ns
[2022-05-19T10:14:22.672+0000][163][safepoint   ] Safepoint "Cleanup", Time since last: 2000577200 ns, Reaching safepoint: 303200 ns, At safepoint: 24400 ns, Total: 327600 ns
[2022-05-19T10:14:23.267+0000][163][gc,start    ] GC(49) Pause Young (Concurrent Start) (G1 Evacuation Pause)
[2022-05-19T10:14:23.268+0000][163][gc,task     ] GC(49) Using 10 workers of 10 for evacuation
[2022-05-19T10:14:23.268+0000][163][gc,age      ] GC(49) Desired survivor size 12582912 bytes, new threshold 15 (max threshold 15)
[2022-05-19T10:14:23.272+0000][163][gc,age      ] GC(49) Age table with threshold 15 (max threshold 15)
[2022-05-19T10:14:23.272+0000][163][gc,age      ] GC(49) - age   1:   20228568 bytes,   20228568 total
[2022-05-19T10:14:23.273+0000][163][gc,age      ] GC(49) - age   2:     363088 bytes,   20591656 total
[2022-05-19T10:14:23.273+0000][163][gc,phases   ] GC(49)   Pre Evacuate Collection Set: 0.3ms
[2022-05-19T10:14:23.273+0000][163][gc,phases   ] GC(49)   Merge Heap Roots: 0.2ms
[2022-05-19T10:14:23.273+0000][163][gc,phases   ] GC(49)   Evacuate Collection Set: 2.8ms
[2022-05-19T10:14:23.273+0000][163][gc,phases   ] GC(49)   Post Evacuate Collection Set: 0.8ms
[2022-05-19T10:14:23.274+0000][163][gc,phases   ] GC(49)   Other: 1.5ms
[2022-05-19T10:14:23.274+0000][163][gc,heap     ] GC(49) Eden regions: 46->0(39)
[2022-05-19T10:14:23.274+0000][163][gc,heap     ] GC(49) Survivor regions: 1->6(6)
[2022-05-19T10:14:23.274+0000][163][gc,heap     ] GC(49) Old regions: 40->40
[2022-05-19T10:14:23.274+0000][163][gc,heap     ] GC(49) Archive regions: 2->2
[2022-05-19T10:14:23.274+0000][163][gc,heap     ] GC(49) Humongous regions: 10->10
[2022-05-19T10:14:23.274+0000][163][gc,metaspace] GC(49) Metaspace: 100747K(102336K)->100747K(102336K) NonClass: 86841K(87808K)->86841K(87808K) Class: 13905K(14528K)->13905K(14528K)
[2022-05-19T10:14:23.275+0000][163][gc          ] GC(49) Pause Young (Concurrent Start) (G1 Evacuation Pause) 386M->221M(512M) 7.080ms
[2022-05-19T10:14:23.275+0000][163][gc,cpu      ] GC(49) User=0.03s Sys=0.00s Real=0.01s
[2022-05-19T10:14:23.275+0000][163][gc          ] GC(50) Concurrent Mark Cycle
[2022-05-19T10:14:23.275+0000][163][gc,marking  ] GC(50) Concurrent Clear Claimed Marks
[2022-05-19T10:14:23.275+0000][163][safepoint   ] Safepoint "G1CollectForAllocation", Time since last: 595586600 ns, Reaching safepoint: 233500 ns, At safepoint: 7395800 ns, Total: 7629300 ns
[2022-05-19T10:14:23.275+0000][163][gc,marking  ] GC(50) Concurrent Clear Claimed Marks 0.223ms
[2022-05-19T10:14:23.275+0000][163][gc,marking  ] GC(50) Concurrent Scan Root Regions
[2022-05-19T10:14:23.277+0000][163][gc,marking  ] GC(50) Concurrent Scan Root Regions 1.344ms
[2022-05-19T10:14:23.277+0000][163][gc,marking  ] GC(50) Concurrent Mark
[2022-05-19T10:14:23.277+0000][163][gc,marking  ] GC(50) Concurrent Mark From Roots
[2022-05-19T10:14:23.277+0000][163][gc,task     ] GC(50) Using 3 workers of 3 for marking
[2022-05-19T10:14:23.321+0000][163][gc,marking  ] GC(50) Concurrent Mark From Roots 44.344ms
[2022-05-19T10:14:23.322+0000][163][gc,marking  ] GC(50) Concurrent Preclean
[2022-05-19T10:14:23.323+0000][163][gc,marking  ] GC(50) Concurrent Preclean 0.715ms
[2022-05-19T10:14:23.323+0000][163][gc,start    ] GC(50) Pause Remark
[2022-05-19T10:14:23.326+0000][163][gc          ] GC(50) Pause Remark 262M->250M(512M) 3.168ms
[2022-05-19T10:14:23.327+0000][163][gc,cpu      ] GC(50) User=0.02s Sys=0.00s Real=0.00s
[2022-05-19T10:14:23.327+0000][163][safepoint   ] Safepoint "G1Concurrent", Time since last: 48086300 ns, Reaching safepoint: 294300 ns, At safepoint: 3753100 ns, Total: 4047400 ns
[2022-05-19T10:14:23.327+0000][163][gc,marking  ] GC(50) Concurrent Mark 50.246ms
[2022-05-19T10:14:23.327+0000][163][gc,marking  ] GC(50) Concurrent Rebuild Remembered Sets
[2022-05-19T10:14:23.348+0000][163][gc,marking  ] GC(50) Concurrent Rebuild Remembered Sets 20.333ms
[2022-05-19T10:14:23.348+0000][163][gc,start    ] GC(50) Pause Cleanup
[2022-05-19T10:14:23.349+0000][163][gc          ] GC(50) Pause Cleanup 252M->252M(512M) 0.460ms
[2022-05-19T10:14:23.349+0000][163][gc,cpu      ] GC(50) User=0.00s Sys=0.00s Real=0.00s
[2022-05-19T10:14:23.349+0000][163][safepoint   ] Safepoint "G1Concurrent", Time since last: 20955100 ns, Reaching safepoint: 288900 ns, At safepoint: 838100 ns, Total: 1127000 ns
[2022-05-19T10:14:23.349+0000][163][gc,marking  ] GC(50) Concurrent Cleanup for Next Mark
[2022-05-19T10:14:23.350+0000][163][gc,marking  ] GC(50) Concurrent Cleanup for Next Mark 0.327ms
[2022-05-19T10:14:23.350+0000][163][gc          ] GC(50) Concurrent Mark Cycle 74.876ms
[2022-05-19T10:14:24.350+0000][163][safepoint   ] Safepoint "Cleanup", Time since last: 1000284100 ns, Reaching safepoint: 319400 ns, At safepoint: 23000 ns, Total: 342400 ns
[2022-05-19T10:14:24.377+0000][163][gc,start    ] GC(51) Pause Young (Prepare Mixed) (G1 Evacuation Pause)
[2022-05-19T10:14:24.377+0000][163][gc,task     ] GC(51) Using 10 workers of 10 for evacuation
[2022-05-19T10:14:24.377+0000][163][gc,age      ] GC(51) Desired survivor size 12582912 bytes, new threshold 1 (max threshold 15)
[2022-05-19T10:14:24.382+0000][163][gc,age      ] GC(51) Age table with threshold 1 (max threshold 15)
[2022-05-19T10:14:24.382+0000][163][gc,age      ] GC(51) - age   1:    1885224 bytes,    1885224 total
[2022-05-19T10:14:24.382+0000][163][gc,phases   ] GC(51)   Pre Evacuate Collection Set: 0.2ms
[2022-05-19T10:14:24.382+0000][163][gc,phases   ] GC(51)   Merge Heap Roots: 0.2ms
[2022-05-19T10:14:24.383+0000][163][gc,phases   ] GC(51)   Evacuate Collection Set: 2.7ms
[2022-05-19T10:14:24.383+0000][163][gc,phases   ] GC(51)   Post Evacuate Collection Set: 0.8ms
[2022-05-19T10:14:24.383+0000][163][gc,phases   ] GC(51)   Other: 1.4ms
[2022-05-19T10:14:24.383+0000][163][gc,heap     ] GC(51) Eden regions: 39->0(5)
[2022-05-19T10:14:24.383+0000][163][gc,heap     ] GC(51) Survivor regions: 6->1(6)
[2022-05-19T10:14:24.384+0000][163][gc,heap     ] GC(51) Old regions: 40->45
[2022-05-19T10:14:24.384+0000][163][gc,heap     ] GC(51) Archive regions: 2->2
[2022-05-19T10:14:24.384+0000][163][gc,heap     ] GC(51) Humongous regions: 15->10
[2022-05-19T10:14:24.384+0000][163][gc,metaspace] GC(51) Metaspace: 100750K(102336K)->100750K(102336K) NonClass: 86844K(87808K)->86844K(87808K) Class: 13905K(14528K)->13905K(14528K)
[2022-05-19T10:14:24.384+0000][163][gc          ] GC(51) Pause Young (Prepare Mixed) (G1 Evacuation Pause) 397M->223M(512M) 7.336ms
[2022-05-19T10:14:24.384+0000][163][gc,cpu      ] GC(51) User=0.02s Sys=0.01s Real=0.01s
[2022-05-19T10:14:24.385+0000][163][safepoint   ] Safepoint "G1CollectForAllocation", Time since last: 27021700 ns, Reaching safepoint: 207200 ns, At safepoint: 7681400 ns, Total: 7888600 ns
[2022-05-19T10:14:24.547+0000][163][gc,start    ] GC(52) Pause Young (Mixed) (G1 Evacuation Pause)
[2022-05-19T10:14:24.547+0000][163][gc,task     ] GC(52) Using 10 workers of 10 for evacuation
[2022-05-19T10:14:24.548+0000][163][gc,age      ] GC(52) Desired survivor size 2097152 bytes, new threshold 15 (max threshold 15)
[2022-05-19T10:14:24.550+0000][163][gc,age      ] GC(52) Age table with threshold 15 (max threshold 15)
[2022-05-19T10:14:24.550+0000][163][gc,age      ] GC(52) - age   1:     230104 bytes,     230104 total
[2022-05-19T10:14:24.550+0000][163][gc,age      ] GC(52) - age   2:    1884696 bytes,    2114800 total
[2022-05-19T10:14:24.551+0000][163][gc,phases   ] GC(52)   Pre Evacuate Collection Set: 0.2ms
[2022-05-19T10:14:24.551+0000][163][gc,phases   ] GC(52)   Merge Heap Roots: 0.1ms
[2022-05-19T10:14:24.551+0000][163][gc,phases   ] GC(52)   Evacuate Collection Set: 1.1ms
[2022-05-19T10:14:24.552+0000][163][gc,phases   ] GC(52)   Post Evacuate Collection Set: 0.7ms
[2022-05-19T10:14:24.552+0000][163][gc,phases   ] GC(52)   Other: 1.7ms
[2022-05-19T10:14:24.552+0000][163][gc,heap     ] GC(52) Eden regions: 5->0(42)
[2022-05-19T10:14:24.552+0000][163][gc,heap     ] GC(52) Survivor regions: 1->1(1)
[2022-05-19T10:14:24.552+0000][163][gc,heap     ] GC(52) Old regions: 45->44
[2022-05-19T10:14:24.553+0000][163][gc,heap     ] GC(52) Archive regions: 2->2
[2022-05-19T10:14:24.553+0000][163][gc,heap     ] GC(52) Humongous regions: 10->10
[2022-05-19T10:14:24.553+0000][163][gc,metaspace] GC(52) Metaspace: 100750K(102336K)->100750K(102336K) NonClass: 86844K(87808K)->86844K(87808K) Class: 13905K(14528K)->13905K(14528K)
[2022-05-19T10:14:24.553+0000][163][gc          ] GC(52) Pause Young (Mixed) (G1 Evacuation Pause) 243M->218M(512M) 6.195ms
[2022-05-19T10:14:24.553+0000][163][gc,cpu      ] GC(52) User=0.01s Sys=0.00s Real=0.01s
[2022-05-19T10:14:24.553+0000][163][safepoint   ] Safepoint "G1CollectForAllocation", Time since last: 162147200 ns, Reaching safepoint: 191600 ns, At safepoint: 6556000 ns, Total: 6747600 ns
[2022-05-19T10:14:25.554+0000][163][safepoint   ] Safepoint "Cleanup", Time since last: 1000308500 ns, Reaching safepoint: 339400 ns, At safepoint: 36600 ns, Total: 376000 ns
[2022-05-19T10:14:25.786+0000][163][gc,start    ] GC(53) Pause Young (Concurrent Start) (G1 Evacuation Pause)
[2022-05-19T10:14:25.786+0000][163][gc,task     ] GC(53) Using 10 workers of 10 for evacuation
[2022-05-19T10:14:25.787+0000][163][gc,age      ] GC(53) Desired survivor size 12582912 bytes, new threshold 15 (max threshold 15)
[2022-05-19T10:14:25.790+0000][163][gc,age      ] GC(53) Age table with threshold 15 (max threshold 15)
[2022-05-19T10:14:25.790+0000][163][gc,age      ] GC(53) - age   1:    1776192 bytes,    1776192 total
[2022-05-19T10:14:25.791+0000][163][gc,age      ] GC(53) - age   2:     229488 bytes,    2005680 total
[2022-05-19T10:14:25.791+0000][163][gc,age      ] GC(53) - age   3:    1873384 bytes,    3879064 total
[2022-05-19T10:14:25.791+0000][163][gc,phases   ] GC(53)   Pre Evacuate Collection Set: 0.3ms
[2022-05-19T10:14:25.792+0000][163][gc,phases   ] GC(53)   Merge Heap Roots: 0.2ms
[2022-05-19T10:14:25.792+0000][163][gc,phases   ] GC(53)   Evacuate Collection Set: 1.5ms
[2022-05-19T10:14:25.792+0000][163][gc,phases   ] GC(53)   Post Evacuate Collection Set: 1.0ms
[2022-05-19T10:14:25.792+0000][163][gc,phases   ] GC(53)   Other: 2.4ms
[2022-05-19T10:14:25.793+0000][163][gc,heap     ] GC(53) Eden regions: 42->0(43)
[2022-05-19T10:14:25.793+0000][163][gc,heap     ] GC(53) Survivor regions: 1->1(6)
[2022-05-19T10:14:25.793+0000][163][gc,heap     ] GC(53) Old regions: 44->44
[2022-05-19T10:14:25.793+0000][163][gc,heap     ] GC(53) Archive regions: 2->2
[2022-05-19T10:14:25.794+0000][163][gc,heap     ] GC(53) Humongous regions: 10->10
[2022-05-19T10:14:25.794+0000][163][gc,metaspace] GC(53) Metaspace: 100752K(102336K)->100752K(102336K) NonClass: 86846K(87808K)->86846K(87808K) Class: 13905K(14528K)->13905K(14528K)
[2022-05-19T10:14:25.794+0000][163][gc          ] GC(53) Pause Young (Concurrent Start) (G1 Evacuation Pause) 386M->219M(512M) 8.099ms
[2022-05-19T10:14:25.794+0000][163][gc,cpu      ] GC(53) User=0.01s Sys=0.01s Real=0.01s
[2022-05-19T10:14:25.794+0000][163][gc          ] GC(54) Concurrent Mark Cycle
[2022-05-19T10:14:25.794+0000][163][safepoint   ] Safepoint "G1CollectForAllocation", Time since last: 231386800 ns, Reaching safepoint: 329100 ns, At safepoint: 8523400 ns, Total: 8852500 ns
[2022-05-19T10:14:25.795+0000][163][gc,marking  ] GC(54) Concurrent Clear Claimed Marks
[2022-05-19T10:14:25.795+0000][163][gc,marking  ] GC(54) Concurrent Clear Claimed Marks 0.436ms
[2022-05-19T10:14:25.795+0000][163][gc,marking  ] GC(54) Concurrent Scan Root Regions
[2022-05-19T10:14:25.796+0000][163][gc,marking  ] GC(54) Concurrent Scan Root Regions 1.143ms
[2022-05-19T10:14:25.796+0000][163][gc,marking  ] GC(54) Concurrent Mark
[2022-05-19T10:14:25.797+0000][163][gc,marking  ] GC(54) Concurrent Mark From Roots
[2022-05-19T10:14:25.797+0000][163][gc,task     ] GC(54) Using 3 workers of 3 for marking
[2022-05-19T10:14:25.840+0000][163][gc,marking  ] GC(54) Concurrent Mark From Roots 43.555ms
[2022-05-19T10:14:25.841+0000][163][gc,marking  ] GC(54) Concurrent Preclean
[2022-05-19T10:14:25.841+0000][163][gc,marking  ] GC(54) Concurrent Preclean 0.530ms
[2022-05-19T10:14:25.842+0000][163][gc,start    ] GC(54) Pause Remark
[2022-05-19T10:14:25.845+0000][163][gc          ] GC(54) Pause Remark 225M->225M(512M) 3.129ms
[2022-05-19T10:14:25.845+0000][163][gc,cpu      ] GC(54) User=0.02s Sys=0.01s Real=0.01s
[2022-05-19T10:14:25.845+0000][163][safepoint   ] Safepoint "G1Concurrent", Time since last: 46990800 ns, Reaching safepoint: 338400 ns, At safepoint: 3651300 ns, Total: 3989700 ns
[2022-05-19T10:14:25.846+0000][163][gc,marking  ] GC(54) Concurrent Mark 49.111ms
[2022-05-19T10:14:25.846+0000][163][gc,marking  ] GC(54) Concurrent Rebuild Remembered Sets
[2022-05-19T10:14:25.864+0000][163][gc,marking  ] GC(54) Concurrent Rebuild Remembered Sets 18.240ms
[2022-05-19T10:14:25.865+0000][163][gc,start    ] GC(54) Pause Cleanup
[2022-05-19T10:14:25.865+0000][163][gc          ] GC(54) Pause Cleanup 227M->227M(512M) 0.368ms
[2022-05-19T10:14:25.865+0000][163][gc,cpu      ] GC(54) User=0.00s Sys=0.00s Real=0.00s
[2022-05-19T10:14:25.865+0000][163][safepoint   ] Safepoint "G1Concurrent", Time since last: 19029600 ns, Reaching safepoint: 291300 ns, At safepoint: 772200 ns, Total: 1063500 ns
[2022-05-19T10:14:25.866+0000][163][gc,marking  ] GC(54) Concurrent Cleanup for Next Mark
[2022-05-19T10:14:25.866+0000][163][gc,marking  ] GC(54) Concurrent Cleanup for Next Mark 0.333ms
[2022-05-19T10:14:25.866+0000][163][gc          ] GC(54) Concurrent Mark Cycle 71.802ms
[2022-05-19T10:14:27.342+0000][163][safepoint   ] Safepoint "Cleanup", Time since last: 1475871900 ns, Reaching safepoint: 314300 ns, At safepoint: 35700 ns, Total: 350000 ns
[2022-05-19T10:14:28.441+0000][163][gc,start    ] GC(55) Pause Young (Prepare Mixed) (G1 Evacuation Pause)
[2022-05-19T10:14:28.442+0000][163][gc,task     ] GC(55) Using 10 workers of 10 for evacuation
[2022-05-19T10:14:28.442+0000][163][gc,age      ] GC(55) Desired survivor size 12582912 bytes, new threshold 15 (max threshold 15)
[2022-05-19T10:14:28.445+0000][163][gc,age      ] GC(55) Age table with threshold 15 (max threshold 15)
[2022-05-19T10:14:28.445+0000][163][gc,age      ] GC(55) - age   1:    1092560 bytes,    1092560 total
[2022-05-19T10:14:28.445+0000][163][gc,age      ] GC(55) - age   2:    1773344 bytes,    2865904 total
[2022-05-19T10:14:28.445+0000][163][gc,age      ] GC(55) - age   3:     229488 bytes,    3095392 total
[2022-05-19T10:14:28.446+0000][163][gc,age      ] GC(55) - age   4:    1861744 bytes,    4957136 total
[2022-05-19T10:14:28.446+0000][163][gc,phases   ] GC(55)   Pre Evacuate Collection Set: 0.2ms
[2022-05-19T10:14:28.446+0000][163][gc,phases   ] GC(55)   Merge Heap Roots: 0.2ms
[2022-05-19T10:14:28.446+0000][163][gc,phases   ] GC(55)   Evacuate Collection Set: 1.5ms
[2022-05-19T10:14:28.446+0000][163][gc,phases   ] GC(55)   Post Evacuate Collection Set: 0.9ms
[2022-05-19T10:14:28.447+0000][163][gc,phases   ] GC(55)   Other: 1.7ms
[2022-05-19T10:14:28.447+0000][163][gc,heap     ] GC(55) Eden regions: 43->0(4)
[2022-05-19T10:14:28.447+0000][163][gc,heap     ] GC(55) Survivor regions: 1->2(6)
[2022-05-19T10:14:28.447+0000][163][gc,heap     ] GC(55) Old regions: 44->44
[2022-05-19T10:14:28.447+0000][163][gc,heap     ] GC(55) Archive regions: 2->2
[2022-05-19T10:14:28.447+0000][163][gc,heap     ] GC(55) Humongous regions: 11->10
[2022-05-19T10:14:28.448+0000][163][gc,metaspace] GC(55) Metaspace: 100773K(102336K)->100773K(102336K) NonClass: 86867K(87808K)->86867K(87808K) Class: 13905K(14528K)->13905K(14528K)
[2022-05-19T10:14:28.448+0000][163][gc          ] GC(55) Pause Young (Prepare Mixed) (G1 Evacuation Pause) 395M->220M(512M) 6.322ms
[2022-05-19T10:14:28.448+0000][163][gc,cpu      ] GC(55) User=0.05s Sys=0.00s Real=0.01s
[2022-05-19T10:14:28.448+0000][163][safepoint   ] Safepoint "G1CollectForAllocation", Time since last: 1099417300 ns, Reaching safepoint: 288200 ns, At safepoint: 6789900 ns, Total: 7078100 ns
[2022-05-19T10:14:28.527+0000][163][gc,start    ] GC(56) Pause Young (Mixed) (G1 Evacuation Pause)
[2022-05-19T10:14:28.527+0000][163][gc,task     ] GC(56) Using 10 workers of 10 for evacuation
[2022-05-19T10:14:28.527+0000][163][gc,age      ] GC(56) Desired survivor size 2097152 bytes, new threshold 2 (max threshold 15)
[2022-05-19T10:14:28.530+0000][163][gc,age      ] GC(56) Age table with threshold 2 (max threshold 15)
[2022-05-19T10:14:28.530+0000][163][gc,age      ] GC(56) - age   1:      35864 bytes,      35864 total
[2022-05-19T10:14:28.530+0000][163][gc,age      ] GC(56) - age   2:    1068304 bytes,    1104168 total
[2022-05-19T10:14:28.530+0000][163][gc,phases   ] GC(56)   Pre Evacuate Collection Set: 0.2ms
[2022-05-19T10:14:28.530+0000][163][gc,phases   ] GC(56)   Merge Heap Roots: 0.1ms
[2022-05-19T10:14:28.530+0000][163][gc,phases   ] GC(56)   Evacuate Collection Set: 1.5ms
[2022-05-19T10:14:28.531+0000][163][gc,phases   ] GC(56)   Post Evacuate Collection Set: 0.6ms
[2022-05-19T10:14:28.531+0000][163][gc,phases   ] GC(56)   Other: 0.9ms
[2022-05-19T10:14:28.531+0000][163][gc,heap     ] GC(56) Eden regions: 4->0(47)
[2022-05-19T10:14:28.531+0000][163][gc,heap     ] GC(56) Survivor regions: 2->1(1)
[2022-05-19T10:14:28.531+0000][163][gc,heap     ] GC(56) Old regions: 44->42
[2022-05-19T10:14:28.531+0000][163][gc,heap     ] GC(56) Archive regions: 2->2
[2022-05-19T10:14:28.531+0000][163][gc,heap     ] GC(56) Humongous regions: 10->10
[2022-05-19T10:14:28.531+0000][163][gc,metaspace] GC(56) Metaspace: 100773K(102336K)->100773K(102336K) NonClass: 86867K(87808K)->86867K(87808K) Class: 13905K(14528K)->13905K(14528K)
[2022-05-19T10:14:28.532+0000][163][gc          ] GC(56) Pause Young (Mixed) (G1 Evacuation Pause) 236M->212M(512M) 4.514ms
[2022-05-19T10:14:28.532+0000][163][gc,cpu      ] GC(56) User=0.03s Sys=0.00s Real=0.00s
[2022-05-19T10:14:28.532+0000][163][safepoint   ] Safepoint "G1CollectForAllocation", Time since last: 78632400 ns, Reaching safepoint: 193500 ns, At safepoint: 4814100 ns, Total: 5007600 ns
[2022-05-19T10:14:29.368+0000][163][gc,start    ] GC(57) Pause Young (Normal) (G1 Evacuation Pause)
[2022-05-19T10:14:29.368+0000][163][gc,task     ] GC(57) Using 10 workers of 10 for evacuation
[2022-05-19T10:14:29.368+0000][163][gc,age      ] GC(57) Desired survivor size 12582912 bytes, new threshold 15 (max threshold 15)
[2022-05-19T10:14:29.370+0000][163][gc,age      ] GC(57) Age table with threshold 15 (max threshold 15)
[2022-05-19T10:14:29.370+0000][163][gc,age      ] GC(57) - age   1:      88256 bytes,      88256 total
[2022-05-19T10:14:29.370+0000][163][gc,age      ] GC(57) - age   2:       5176 bytes,      93432 total
[2022-05-19T10:14:29.370+0000][163][gc,age      ] GC(57) - age   3:    1065112 bytes,    1158544 total
[2022-05-19T10:14:29.370+0000][163][gc,phases   ] GC(57)   Pre Evacuate Collection Set: 0.2ms
[2022-05-19T10:14:29.370+0000][163][gc,phases   ] GC(57)   Merge Heap Roots: 0.2ms
[2022-05-19T10:14:29.370+0000][163][gc,phases   ] GC(57)   Evacuate Collection Set: 0.6ms
[2022-05-19T10:14:29.371+0000][163][gc,phases   ] GC(57)   Post Evacuate Collection Set: 0.6ms
[2022-05-19T10:14:29.371+0000][163][gc,phases   ] GC(57)   Other: 1.1ms
[2022-05-19T10:14:29.371+0000][163][gc,heap     ] GC(57) Eden regions: 47->0(48)
[2022-05-19T10:14:29.371+0000][163][gc,heap     ] GC(57) Survivor regions: 1->1(6)
[2022-05-19T10:14:29.371+0000][163][gc,heap     ] GC(57) Old regions: 42->42
[2022-05-19T10:14:29.371+0000][163][gc,heap     ] GC(57) Archive regions: 2->2
[2022-05-19T10:14:29.371+0000][163][gc,heap     ] GC(57) Humongous regions: 10->10
[2022-05-19T10:14:29.371+0000][163][gc,metaspace] GC(57) Metaspace: 100781K(102336K)->100781K(102336K) NonClass: 86875K(87808K)->86875K(87808K) Class: 13905K(14528K)->13905K(14528K)
[2022-05-19T10:14:29.372+0000][163][gc          ] GC(57) Pause Young (Normal) (G1 Evacuation Pause) 400M->212M(512M) 4.057ms
[2022-05-19T10:14:29.372+0000][163][gc,cpu      ] GC(57) User=0.01s Sys=0.00s Real=0.00s
[2022-05-19T10:14:29.372+0000][163][safepoint   ] Safepoint "G1CollectForAllocation", Time since last: 835265800 ns, Reaching safepoint: 267800 ns, At safepoint: 4385900 ns, Total: 4653700 ns
[2022-05-19T10:14:30.372+0000][163][safepoint   ] Safepoint "Cleanup", Time since last: 1000247400 ns, Reaching safepoint: 211600 ns, At safepoint: 40100 ns, Total: 251700 ns
[2022-05-19T10:14:31.373+0000][163][safepoint   ] Safepoint "Cleanup", Time since last: 1000265000 ns, Reaching safepoint: 306700 ns, At safepoint: 37100 ns, Total: 343800 ns
[2022-05-19T10:14:31.736+0000][163][gc,start    ] GC(58) Pause Young (Normal) (G1 Evacuation Pause)
[2022-05-19T10:14:31.736+0000][163][gc,task     ] GC(58) Using 10 workers of 10 for evacuation
[2022-05-19T10:14:31.737+0000][163][gc,age      ] GC(58) Desired survivor size 14680064 bytes, new threshold 15 (max threshold 15)
[2022-05-19T10:14:31.740+0000][163][gc,age      ] GC(58) Age table with threshold 15 (max threshold 15)
[2022-05-19T10:14:31.740+0000][163][gc,age      ] GC(58) - age   1:   11041136 bytes,   11041136 total
[2022-05-19T10:14:31.741+0000][163][gc,age      ] GC(58) - age   2:        160 bytes,   11041296 total
[2022-05-19T10:14:31.741+0000][163][gc,age      ] GC(58) - age   3:        104 bytes,   11041400 total
[2022-05-19T10:14:31.741+0000][163][gc,age      ] GC(58) - age   4:     642272 bytes,   11683672 total
[2022-05-19T10:14:31.741+0000][163][gc,phases   ] GC(58)   Pre Evacuate Collection Set: 0.2ms
[2022-05-19T10:14:31.742+0000][163][gc,phases   ] GC(58)   Merge Heap Roots: 0.2ms
[2022-05-19T10:14:31.742+0000][163][gc,phases   ] GC(58)   Evacuate Collection Set: 1.8ms
[2022-05-19T10:14:31.742+0000][163][gc,phases   ] GC(58)   Post Evacuate Collection Set: 0.8ms
[2022-05-19T10:14:31.742+0000][163][gc,phases   ] GC(58)   Other: 2.4ms
[2022-05-19T10:14:31.742+0000][163][gc,heap     ] GC(58) Eden regions: 48->0(45)
[2022-05-19T10:14:31.742+0000][163][gc,heap     ] GC(58) Survivor regions: 1->3(7)
[2022-05-19T10:14:31.743+0000][163][gc,heap     ] GC(58) Old regions: 42->42
[2022-05-19T10:14:31.743+0000][163][gc,heap     ] GC(58) Archive regions: 2->2
[2022-05-19T10:14:31.743+0000][163][gc,heap     ] GC(58) Humongous regions: 10->10
[2022-05-19T10:14:31.743+0000][163][gc,metaspace] GC(58) Metaspace: 100805K(102400K)->100805K(102400K) NonClass: 86899K(87872K)->86899K(87872K) Class: 13905K(14528K)->13905K(14528K)
[2022-05-19T10:14:31.743+0000][163][gc          ] GC(58) Pause Young (Normal) (G1 Evacuation Pause) 404M->222M(512M) 6.939ms
[2022-05-19T10:14:31.743+0000][163][gc,cpu      ] GC(58) User=0.02s Sys=0.00s Real=0.01s
[2022-05-19T10:14:31.743+0000][163][safepoint   ] Safepoint "G1CollectForAllocation", Time since last: 362613000 ns, Reaching safepoint: 420400 ns, At safepoint: 7249100 ns, Total: 7669500 ns
[2022-05-19T10:14:32.744+0000][163][safepoint   ] Safepoint "Cleanup", Time since last: 1000259500 ns, Reaching safepoint: 397700 ns, At safepoint: 36800 ns, Total: 434500 ns
[2022-05-19T10:14:33.140+0000][163][gc,start    ] GC(59) Pause Young (Concurrent Start) (G1 Evacuation Pause)
[2022-05-19T10:14:33.140+0000][163][gc,task     ] GC(59) Using 10 workers of 10 for evacuation
[2022-05-19T10:14:33.141+0000][163][gc,age      ] GC(59) Desired survivor size 12582912 bytes, new threshold 15 (max threshold 15)
[2022-05-19T10:14:33.145+0000][163][gc,age      ] GC(59) Age table with threshold 15 (max threshold 15)
[2022-05-19T10:14:33.146+0000][163][gc,age      ] GC(59) - age   1:   11122904 bytes,   11122904 total
[2022-05-19T10:14:33.146+0000][163][gc,age      ] GC(59) - age   2:    8264768 bytes,   19387672 total
[2022-05-19T10:14:33.146+0000][163][gc,age      ] GC(59) - age   3:        160 bytes,   19387832 total
[2022-05-19T10:14:33.147+0000][163][gc,age      ] GC(59) - age   4:        104 bytes,   19387936 total
[2022-05-19T10:14:33.147+0000][163][gc,age      ] GC(59) - age   5:     638968 bytes,   20026904 total
[2022-05-19T10:14:33.147+0000][163][gc,phases   ] GC(59)   Pre Evacuate Collection Set: 0.3ms
[2022-05-19T10:14:33.147+0000][163][gc,phases   ] GC(59)   Merge Heap Roots: 0.2ms
[2022-05-19T10:14:33.148+0000][163][gc,phases   ] GC(59)   Evacuate Collection Set: 2.8ms
[2022-05-19T10:14:33.148+0000][163][gc,phases   ] GC(59)   Post Evacuate Collection Set: 1.0ms
[2022-05-19T10:14:33.148+0000][163][gc,phases   ] GC(59)   Other: 2.8ms
[2022-05-19T10:14:33.148+0000][163][gc,heap     ] GC(59) Eden regions: 45->0(42)
[2022-05-19T10:14:33.148+0000][163][gc,heap     ] GC(59) Survivor regions: 3->5(6)
[2022-05-19T10:14:33.148+0000][163][gc,heap     ] GC(59) Old regions: 42->42
[2022-05-19T10:14:33.149+0000][163][gc,heap     ] GC(59) Archive regions: 2->2
[2022-05-19T10:14:33.149+0000][163][gc,heap     ] GC(59) Humongous regions: 10->10
[2022-05-19T10:14:33.149+0000][163][gc,metaspace] GC(59) Metaspace: 100805K(102400K)->100805K(102400K) NonClass: 86900K(87872K)->86900K(87872K) Class: 13905K(14528K)->13905K(14528K)
[2022-05-19T10:14:33.149+0000][163][gc          ] GC(59) Pause Young (Concurrent Start) (G1 Evacuation Pause) 402M->231M(512M) 8.934ms
[2022-05-19T10:14:33.149+0000][163][gc,cpu      ] GC(59) User=0.03s Sys=0.00s Real=0.01s
[2022-05-19T10:14:33.149+0000][163][gc          ] GC(60) Concurrent Mark Cycle
[2022-05-19T10:14:33.150+0000][163][gc,marking  ] GC(60) Concurrent Clear Claimed Marks
[2022-05-19T10:14:33.149+0000][163][safepoint   ] Safepoint "G1CollectForAllocation", Time since last: 395838500 ns, Reaching safepoint: 270600 ns, At safepoint: 9325000 ns, Total: 9595600 ns
[2022-05-19T10:14:33.150+0000][163][gc,marking  ] GC(60) Concurrent Clear Claimed Marks 0.212ms
[2022-05-19T10:14:33.150+0000][163][gc,marking  ] GC(60) Concurrent Scan Root Regions
[2022-05-19T10:14:33.151+0000][163][gc,marking  ] GC(60) Concurrent Scan Root Regions 0.923ms
[2022-05-19T10:14:33.151+0000][163][gc,marking  ] GC(60) Concurrent Mark
[2022-05-19T10:14:33.151+0000][163][gc,marking  ] GC(60) Concurrent Mark From Roots
[2022-05-19T10:14:33.151+0000][163][gc,task     ] GC(60) Using 3 workers of 3 for marking
[2022-05-19T10:14:33.191+0000][163][gc,marking  ] GC(60) Concurrent Mark From Roots 40.023ms
[2022-05-19T10:14:33.192+0000][163][gc,marking  ] GC(60) Concurrent Preclean
[2022-05-19T10:14:33.192+0000][163][gc,marking  ] GC(60) Concurrent Preclean 0.588ms
[2022-05-19T10:14:33.193+0000][163][gc,start    ] GC(60) Pause Remark
[2022-05-19T10:14:33.196+0000][163][gc          ] GC(60) Pause Remark 239M->207M(512M) 3.026ms
[2022-05-19T10:14:33.196+0000][163][gc,cpu      ] GC(60) User=0.01s Sys=0.01s Real=0.01s
[2022-05-19T10:14:33.196+0000][163][safepoint   ] Safepoint "G1Concurrent", Time since last: 43146200 ns, Reaching safepoint: 255700 ns, At safepoint: 3679300 ns, Total: 3935000 ns
[2022-05-19T10:14:33.197+0000][163][gc,marking  ] GC(60) Concurrent Mark 45.685ms
[2022-05-19T10:14:33.197+0000][163][gc,marking  ] GC(60) Concurrent Rebuild Remembered Sets
[2022-05-19T10:14:33.224+0000][163][gc,marking  ] GC(60) Concurrent Rebuild Remembered Sets 26.613ms
[2022-05-19T10:14:33.225+0000][163][gc,start    ] GC(60) Pause Cleanup
[2022-05-19T10:14:33.225+0000][163][gc          ] GC(60) Pause Cleanup 209M->209M(512M) 0.564ms
[2022-05-19T10:14:33.226+0000][163][gc,cpu      ] GC(60) User=0.01s Sys=0.00s Real=0.00s
[2022-05-19T10:14:33.226+0000][163][safepoint   ] Safepoint "G1Concurrent", Time since last: 27816500 ns, Reaching safepoint: 523300 ns, At safepoint: 1229600 ns, Total: 1752900 ns
[2022-05-19T10:14:33.226+0000][163][gc,marking  ] GC(60) Concurrent Cleanup for Next Mark
[2022-05-19T10:14:33.227+0000][163][gc,marking  ] GC(60) Concurrent Cleanup for Next Mark 0.354ms
[2022-05-19T10:14:33.227+0000][163][gc          ] GC(60) Concurrent Mark Cycle 77.389ms
[2022-05-19T10:14:34.227+0000][163][safepoint   ] Safepoint "Cleanup", Time since last: 1000312500 ns, Reaching safepoint: 294100 ns, At safepoint: 25700 ns, Total: 319800 ns
[2022-05-19T10:14:35.227+0000][163][safepoint   ] Safepoint "Cleanup", Time since last: 1000327500 ns, Reaching safepoint: 250000 ns, At safepoint: 6100 ns, Total: 256100 ns
[2022-05-19T10:14:47.230+0000][163][safepoint   ] Safepoint "Cleanup", Time since last: 12001865900 ns, Reaching safepoint: 528100 ns, At safepoint: 40700 ns, Total: 568800 ns
[2022-05-19T10:14:47.379+0000][163][gc,start    ] GC(61) Pause Young (Prepare Mixed) (G1 Evacuation Pause)
[2022-05-19T10:14:47.380+0000][163][gc,task     ] GC(61) Using 10 workers of 10 for evacuation
[2022-05-19T10:14:47.380+0000][163][gc,age      ] GC(61) Desired survivor size 12582912 bytes, new threshold 2 (max threshold 15)
[2022-05-19T10:14:47.384+0000][163][gc,age      ] GC(61) Age table with threshold 2 (max threshold 15)
[2022-05-19T10:14:47.384+0000][163][gc,age      ] GC(61) - age   1:   12007288 bytes,   12007288 total
[2022-05-19T10:14:47.385+0000][163][gc,age      ] GC(61) - age   2:    4565136 bytes,   16572424 total
[2022-05-19T10:14:47.385+0000][163][gc,phases   ] GC(61)   Pre Evacuate Collection Set: 0.2ms
[2022-05-19T10:14:47.385+0000][163][gc,phases   ] GC(61)   Merge Heap Roots: 0.2ms
[2022-05-19T10:14:47.385+0000][163][gc,phases   ] GC(61)   Evacuate Collection Set: 2.9ms
[2022-05-19T10:14:47.385+0000][163][gc,phases   ] GC(61)   Post Evacuate Collection Set: 0.9ms
[2022-05-19T10:14:47.386+0000][163][gc,phases   ] GC(61)   Other: 1.7ms
[2022-05-19T10:14:47.386+0000][163][gc,heap     ] GC(61) Eden regions: 42->0(1)
[2022-05-19T10:14:47.386+0000][163][gc,heap     ] GC(61) Survivor regions: 5->5(6)
[2022-05-19T10:14:47.386+0000][163][gc,heap     ] GC(61) Old regions: 38->40
[2022-05-19T10:14:47.386+0000][163][gc,heap     ] GC(61) Archive regions: 2->2
[2022-05-19T10:14:47.386+0000][163][gc,heap     ] GC(61) Humongous regions: 7->7
[2022-05-19T10:14:47.387+0000][163][gc,metaspace] GC(61) Metaspace: 100818K(102400K)->100818K(102400K) NonClass: 86911K(87872K)->86911K(87872K) Class: 13907K(14528K)->13907K(14528K)
[2022-05-19T10:14:47.387+0000][163][gc          ] GC(61) Pause Young (Prepare Mixed) (G1 Evacuation Pause) 371M->205M(512M) 7.468ms
[2022-05-19T10:14:47.387+0000][163][gc,cpu      ] GC(61) User=0.01s Sys=0.01s Real=0.01s
[2022-05-19T10:14:47.387+0000][163][safepoint   ] Safepoint "G1CollectForAllocation", Time since last: 149304700 ns, Reaching safepoint: 264700 ns, At safepoint: 7937300 ns, Total: 8202000 ns
[2022-05-19T10:14:47.417+0000][163][gc,start    ] GC(62) Pause Young (Mixed) (G1 Evacuation Pause)
[2022-05-19T10:14:47.417+0000][163][gc,task     ] GC(62) Using 10 workers of 10 for evacuation
[2022-05-19T10:14:47.417+0000][163][gc,age      ] GC(62) Desired survivor size 2097152 bytes, new threshold 1 (max threshold 15)
[2022-05-19T10:14:47.421+0000][163][gc,age      ] GC(62) Age table with threshold 1 (max threshold 15)
[2022-05-19T10:14:47.422+0000][163][gc,age      ] GC(62) - age   1:      99128 bytes,      99128 total
[2022-05-19T10:14:47.422+0000][163][gc,phases   ] GC(62)   Pre Evacuate Collection Set: 0.3ms
[2022-05-19T10:14:47.422+0000][163][gc,phases   ] GC(62)   Merge Heap Roots: 0.2ms
[2022-05-19T10:14:47.423+0000][163][gc,phases   ] GC(62)   Evacuate Collection Set: 2.8ms
[2022-05-19T10:14:47.423+0000][163][gc,phases   ] GC(62)   Post Evacuate Collection Set: 0.8ms
[2022-05-19T10:14:47.423+0000][163][gc,phases   ] GC(62)   Other: 1.7ms
[2022-05-19T10:14:47.423+0000][163][gc,heap     ] GC(62) Eden regions: 1->0(55)
[2022-05-19T10:14:47.423+0000][163][gc,heap     ] GC(62) Survivor regions: 5->1(1)
[2022-05-19T10:14:47.424+0000][163][gc,heap     ] GC(62) Old regions: 40->34
[2022-05-19T10:14:47.424+0000][163][gc,heap     ] GC(62) Archive regions: 2->2
[2022-05-19T10:14:47.424+0000][163][gc,heap     ] GC(62) Humongous regions: 7->7
[2022-05-19T10:14:47.424+0000][163][gc,metaspace] GC(62) Metaspace: 100818K(102400K)->100818K(102400K) NonClass: 86911K(87872K)->86911K(87872K) Class: 13907K(14528K)->13907K(14528K)
[2022-05-19T10:14:47.424+0000][163][gc          ] GC(62) Pause Young (Mixed) (G1 Evacuation Pause) 209M->164M(512M) 7.635ms
[2022-05-19T10:14:47.424+0000][163][gc,cpu      ] GC(62) User=0.03s Sys=0.00s Real=0.01s
[2022-05-19T10:14:47.424+0000][163][safepoint   ] Safepoint "G1CollectForAllocation", Time since last: 29101200 ns, Reaching safepoint: 186100 ns, At safepoint: 7919200 ns, Total: 8105300 ns
[2022-05-19T10:14:48.425+0000][163][safepoint   ] Safepoint "Cleanup", Time since last: 1000279100 ns, Reaching safepoint: 306300 ns, At safepoint: 23500 ns, Total: 329800 ns
[2022-05-19T10:14:49.426+0000][163][safepoint   ] Safepoint "Cleanup", Time since last: 1000488100 ns, Reaching safepoint: 197800 ns, At safepoint: 6700 ns, Total: 204500 ns
[2022-05-19T10:14:50.069+0000][163][gc,start    ] GC(63) Pause Young (Normal) (G1 Evacuation Pause)
[2022-05-19T10:14:50.069+0000][163][gc,task     ] GC(63) Using 10 workers of 10 for evacuation
[2022-05-19T10:14:50.070+0000][163][gc,age      ] GC(63) Desired survivor size 14680064 bytes, new threshold 15 (max threshold 15)
[2022-05-19T10:14:50.073+0000][163][gc,age      ] GC(63) Age table with threshold 15 (max threshold 15)
[2022-05-19T10:14:50.073+0000][163][gc,age      ] GC(63) - age   1:   10999832 bytes,   10999832 total
[2022-05-19T10:14:50.073+0000][163][gc,age      ] GC(63) - age   2:      98352 bytes,   11098184 total
[2022-05-19T10:14:50.073+0000][163][gc,phases   ] GC(63)   Pre Evacuate Collection Set: 0.2ms
[2022-05-19T10:14:50.073+0000][163][gc,phases   ] GC(63)   Merge Heap Roots: 0.1ms
[2022-05-19T10:14:50.073+0000][163][gc,phases   ] GC(63)   Evacuate Collection Set: 1.6ms
[2022-05-19T10:14:50.074+0000][163][gc,phases   ] GC(63)   Post Evacuate Collection Set: 0.8ms
[2022-05-19T10:14:50.074+0000][163][gc,phases   ] GC(63)   Other: 1.6ms
[2022-05-19T10:14:50.074+0000][163][gc,heap     ] GC(63) Eden regions: 55->0(53)
[2022-05-19T10:14:50.074+0000][163][gc,heap     ] GC(63) Survivor regions: 1->3(7)
[2022-05-19T10:14:50.074+0000][163][gc,heap     ] GC(63) Old regions: 34->34
[2022-05-19T10:14:50.074+0000][163][gc,heap     ] GC(63) Archive regions: 2->2
[2022-05-19T10:14:50.074+0000][163][gc,heap     ] GC(63) Humongous regions: 7->7
[2022-05-19T10:14:50.075+0000][163][gc,metaspace] GC(63) Metaspace: 100823K(102400K)->100823K(102400K) NonClass: 86916K(87872K)->86916K(87872K) Class: 13907K(14528K)->13907K(14528K)
[2022-05-19T10:14:50.075+0000][163][gc          ] GC(63) Pause Young (Normal) (G1 Evacuation Pause) 384M->175M(512M) 5.843ms
[2022-05-19T10:14:50.075+0000][163][gc,cpu      ] GC(63) User=0.02s Sys=0.00s Real=0.01s
[2022-05-19T10:14:50.075+0000][163][safepoint   ] Safepoint "G1CollectForAllocation", Time since last: 642870600 ns, Reaching safepoint: 269900 ns, At safepoint: 6166000 ns, Total: 6435900 ns
[2022-05-19T10:14:51.075+0000][163][safepoint   ] Safepoint "Cleanup", Time since last: 1000241900 ns, Reaching safepoint: 199800 ns, At safepoint: 7000 ns, Total: 206800 ns
[2022-05-19T10:14:52.076+0000][163][safepoint   ] Safepoint "Cleanup", Time since last: 1000341900 ns, Reaching safepoint: 227300 ns, At safepoint: 13800 ns, Total: 241100 ns
[2022-05-19T10:15:20.082+0000][163][safepoint   ] Safepoint "Cleanup", Time since last: 28004097400 ns, Reaching safepoint: 412700 ns, At safepoint: 54200 ns, Total: 466900 ns
[2022-05-19T10:15:20.137+0000][163][gc,start    ] GC(64) Pause Young (Concurrent Start) (G1 Humongous Allocation)
[2022-05-19T10:15:20.138+0000][163][gc,task     ] GC(64) Using 10 workers of 10 for evacuation
[2022-05-19T10:15:20.138+0000][163][gc,age      ] GC(64) Desired survivor size 14680064 bytes, new threshold 15 (max threshold 15)
[2022-05-19T10:15:20.146+0000][163][gc,age      ] GC(64) Age table with threshold 15 (max threshold 15)
[2022-05-19T10:15:20.147+0000][163][gc,age      ] GC(64) - age   1:   25127640 bytes,   25127640 total
[2022-05-19T10:15:20.147+0000][163][gc,age      ] GC(64) - age   2:    3633584 bytes,   28761224 total
[2022-05-19T10:15:20.147+0000][163][gc,age      ] GC(64) - age   3:      98352 bytes,   28859576 total
[2022-05-19T10:15:20.147+0000][163][gc,phases   ] GC(64)   Pre Evacuate Collection Set: 0.3ms
[2022-05-19T10:15:20.148+0000][163][gc,phases   ] GC(64)   Merge Heap Roots: 0.2ms
[2022-05-19T10:15:20.148+0000][163][gc,phases   ] GC(64)   Evacuate Collection Set: 6.5ms
[2022-05-19T10:15:20.148+0000][163][gc,phases   ] GC(64)   Post Evacuate Collection Set: 0.8ms
[2022-05-19T10:15:20.148+0000][163][gc,phases   ] GC(64)   Other: 2.2ms
[2022-05-19T10:15:20.148+0000][163][gc,heap     ] GC(64) Eden regions: 35->0(33)
[2022-05-19T10:15:20.148+0000][163][gc,heap     ] GC(64) Survivor regions: 3->7(7)
[2022-05-19T10:15:20.149+0000][163][gc,heap     ] GC(64) Old regions: 34->40
[2022-05-19T10:15:20.149+0000][163][gc,heap     ] GC(64) Archive regions: 2->2
[2022-05-19T10:15:20.149+0000][163][gc,heap     ] GC(64) Humongous regions: 7->7
[2022-05-19T10:15:20.149+0000][163][gc,metaspace] GC(64) Metaspace: 100872K(102464K)->100872K(102464K) NonClass: 86965K(87936K)->86965K(87936K) Class: 13907K(14528K)->13907K(14528K)
[2022-05-19T10:15:20.149+0000][163][gc          ] GC(64) Pause Young (Concurrent Start) (G1 Humongous Allocation) 314M->219M(512M) 11.735ms
[2022-05-19T10:15:20.149+0000][163][gc,cpu      ] GC(64) User=0.06s Sys=0.00s Real=0.01s
[2022-05-19T10:15:20.149+0000][163][gc          ] GC(65) Concurrent Mark Cycle
[2022-05-19T10:15:20.149+0000][163][safepoint   ] Safepoint "G1TryInitiateConcMark", Time since last: 55336800 ns, Reaching safepoint: 335900 ns, At safepoint: 12063000 ns, Total: 12398900 ns
[2022-05-19T10:15:20.150+0000][163][gc,marking  ] GC(65) Concurrent Clear Claimed Marks
[2022-05-19T10:15:20.150+0000][163][gc,marking  ] GC(65) Concurrent Clear Claimed Marks 0.342ms
[2022-05-19T10:15:20.150+0000][163][gc,marking  ] GC(65) Concurrent Scan Root Regions
[2022-05-19T10:15:20.151+0000][163][gc,marking  ] GC(65) Concurrent Scan Root Regions 0.947ms
[2022-05-19T10:15:20.151+0000][163][gc,marking  ] GC(65) Concurrent Mark
[2022-05-19T10:15:20.151+0000][163][gc,marking  ] GC(65) Concurrent Mark From Roots
[2022-05-19T10:15:20.151+0000][163][gc,task     ] GC(65) Using 3 workers of 3 for marking
[2022-05-19T10:15:20.197+0000][163][gc,marking  ] GC(65) Concurrent Mark From Roots 45.367ms
[2022-05-19T10:15:20.197+0000][163][gc,marking  ] GC(65) Concurrent Preclean
[2022-05-19T10:15:20.198+0000][163][gc,marking  ] GC(65) Concurrent Preclean 0.604ms
[2022-05-19T10:15:20.198+0000][163][gc,start    ] GC(65) Pause Remark
[2022-05-19T10:15:20.201+0000][163][gc          ] GC(65) Pause Remark 229M->229M(512M) 3.039ms
[2022-05-19T10:15:20.201+0000][163][gc,cpu      ] GC(65) User=0.02s Sys=0.00s Real=0.00s
[2022-05-19T10:15:20.202+0000][163][safepoint   ] Safepoint "G1Concurrent", Time since last: 48306600 ns, Reaching safepoint: 257100 ns, At safepoint: 3725700 ns, Total: 3982800 ns
[2022-05-19T10:15:20.202+0000][163][gc,marking  ] GC(65) Concurrent Mark 50.999ms
[2022-05-19T10:15:20.202+0000][163][gc,marking  ] GC(65) Concurrent Rebuild Remembered Sets
[2022-05-19T10:15:20.225+0000][163][gc,marking  ] GC(65) Concurrent Rebuild Remembered Sets 23.183ms
[2022-05-19T10:15:20.226+0000][163][gc,start    ] GC(65) Pause Cleanup
[2022-05-19T10:15:20.226+0000][163][gc          ] GC(65) Pause Cleanup 231M->231M(512M) 0.400ms
[2022-05-19T10:15:20.227+0000][163][gc,cpu      ] GC(65) User=0.00s Sys=0.00s Real=0.00s
[2022-05-19T10:15:20.227+0000][163][safepoint   ] Safepoint "G1Concurrent", Time since last: 24033500 ns, Reaching safepoint: 264100 ns, At safepoint: 824400 ns, Total: 1088500 ns
[2022-05-19T10:15:20.227+0000][163][gc,marking  ] GC(65) Concurrent Cleanup for Next Mark
[2022-05-19T10:15:20.228+0000][163][gc,marking  ] GC(65) Concurrent Cleanup for Next Mark 0.376ms
[2022-05-19T10:15:20.228+0000][163][gc          ] GC(65) Concurrent Mark Cycle 78.300ms
[2022-05-19T10:15:21.228+0000][163][safepoint   ] Safepoint "Cleanup", Time since last: 1000345300 ns, Reaching safepoint: 280700 ns, At safepoint: 20400 ns, Total: 301100 ns
[2022-05-19T10:15:21.284+0000][163][gc,start    ] GC(66) Pause Young (Prepare Mixed) (G1 Evacuation Pause)
[2022-05-19T10:15:21.285+0000][163][gc,task     ] GC(66) Using 10 workers of 10 for evacuation
[2022-05-19T10:15:21.285+0000][163][gc,age      ] GC(66) Desired survivor size 10485760 bytes, new threshold 1 (max threshold 15)
[2022-05-19T10:15:21.292+0000][163][gc,age      ] GC(66) Age table with threshold 1 (max threshold 15)
[2022-05-19T10:15:21.292+0000][163][gc,age      ] GC(66) - age   1:   12748920 bytes,   12748920 total
[2022-05-19T10:15:21.292+0000][163][gc,phases   ] GC(66)   Pre Evacuate Collection Set: 0.3ms
[2022-05-19T10:15:21.292+0000][163][gc,phases   ] GC(66)   Merge Heap Roots: 0.2ms
[2022-05-19T10:15:21.292+0000][163][gc,phases   ] GC(66)   Evacuate Collection Set: 5.3ms
[2022-05-19T10:15:21.293+0000][163][gc,phases   ] GC(66)   Post Evacuate Collection Set: 0.8ms
[2022-05-19T10:15:21.293+0000][163][gc,phases   ] GC(66)   Other: 1.3ms
[2022-05-19T10:15:21.293+0000][163][gc,heap     ] GC(66) Eden regions: 33->0(2)
[2022-05-19T10:15:21.293+0000][163][gc,heap     ] GC(66) Survivor regions: 7->4(5)
[2022-05-19T10:15:21.293+0000][163][gc,heap     ] GC(66) Old regions: 40->47
[2022-05-19T10:15:21.293+0000][163][gc,heap     ] GC(66) Archive regions: 2->2
[2022-05-19T10:15:21.293+0000][163][gc,heap     ] GC(66) Humongous regions: 9->8
[2022-05-19T10:15:21.293+0000][163][gc,metaspace] GC(66) Metaspace: 100873K(102464K)->100873K(102464K) NonClass: 86966K(87936K)->86966K(87936K) Class: 13907K(14528K)->13907K(14528K)
[2022-05-19T10:15:21.294+0000][163][gc          ] GC(66) Pause Young (Prepare Mixed) (G1 Evacuation Pause) 359M->235M(512M) 9.377ms
[2022-05-19T10:15:21.294+0000][163][gc,cpu      ] GC(66) User=0.05s Sys=0.00s Real=0.00s
[2022-05-19T10:15:21.294+0000][163][safepoint   ] Safepoint "G1CollectForAllocation", Time since last: 56426900 ns, Reaching safepoint: 262500 ns, At safepoint: 9686900 ns, Total: 9949400 ns
[2022-05-19T10:15:21.370+0000][163][gc,start    ] GC(67) Pause Young (Mixed) (G1 Evacuation Pause)
[2022-05-19T10:15:21.370+0000][163][gc,task     ] GC(67) Using 10 workers of 10 for evacuation
[2022-05-19T10:15:21.371+0000][163][gc,age      ] GC(67) Desired survivor size 2097152 bytes, new threshold 1 (max threshold 15)
[2022-05-19T10:15:21.374+0000][163][gc,age      ] GC(67) Age table with threshold 1 (max threshold 15)
[2022-05-19T10:15:21.374+0000][163][gc,age      ] GC(67) - age   1:     132584 bytes,     132584 total
[2022-05-19T10:15:21.375+0000][163][gc,phases   ] GC(67)   Pre Evacuate Collection Set: 0.2ms
[2022-05-19T10:15:21.375+0000][163][gc,phases   ] GC(67)   Merge Heap Roots: 0.2ms
[2022-05-19T10:15:21.375+0000][163][gc,phases   ] GC(67)   Evacuate Collection Set: 2.3ms
[2022-05-19T10:15:21.375+0000][163][gc,phases   ] GC(67)   Post Evacuate Collection Set: 0.7ms
[2022-05-19T10:15:21.375+0000][163][gc,phases   ] GC(67)   Other: 1.3ms
[2022-05-19T10:15:21.376+0000][163][gc,heap     ] GC(67) Eden regions: 2->0(32)
[2022-05-19T10:15:21.376+0000][163][gc,heap     ] GC(67) Survivor regions: 4->1(1)
[2022-05-19T10:15:21.376+0000][163][gc,heap     ] GC(67) Old regions: 47->48
[2022-05-19T10:15:21.376+0000][163][gc,heap     ] GC(67) Archive regions: 2->2
[2022-05-19T10:15:21.376+0000][163][gc,heap     ] GC(67) Humongous regions: 8->8
[2022-05-19T10:15:21.376+0000][163][gc,metaspace] GC(67) Metaspace: 100873K(102464K)->100873K(102464K) NonClass: 86966K(87936K)->86966K(87936K) Class: 13907K(14528K)->13907K(14528K)
[2022-05-19T10:15:21.377+0000][163][gc          ] GC(67) Pause Young (Mixed) (G1 Evacuation Pause) 243M->225M(512M) 6.584ms
[2022-05-19T10:15:21.377+0000][163][gc,cpu      ] GC(67) User=0.00s Sys=0.03s Real=0.01s
[2022-05-19T10:15:21.377+0000][163][safepoint   ] Safepoint "G1CollectForAllocation", Time since last: 75960400 ns, Reaching safepoint: 204200 ns, At safepoint: 7014500 ns, Total: 7218700 ns
[2022-05-19T10:15:21.658+0000][163][gc,start    ] GC(68) Pause Young (Concurrent Start) (G1 Humongous Allocation)
[2022-05-19T10:15:21.658+0000][163][gc,task     ] GC(68) Using 10 workers of 10 for evacuation
[2022-05-19T10:15:21.659+0000][163][gc,age      ] GC(68) Desired survivor size 10485760 bytes, new threshold 15 (max threshold 15)
[2022-05-19T10:15:21.670+0000][163][gc,age      ] GC(68) Age table with threshold 15 (max threshold 15)
[2022-05-19T10:15:21.670+0000][163][gc,age      ] GC(68) - age   1:   20261016 bytes,   20261016 total
[2022-05-19T10:15:21.671+0000][163][gc,age      ] GC(68) - age   2:     132200 bytes,   20393216 total
[2022-05-19T10:15:21.671+0000][163][gc,phases   ] GC(68)   Pre Evacuate Collection Set: 0.3ms
[2022-05-19T10:15:21.671+0000][163][gc,phases   ] GC(68)   Merge Heap Roots: 0.2ms
[2022-05-19T10:15:21.672+0000][163][gc,phases   ] GC(68)   Evacuate Collection Set: 9.6ms
[2022-05-19T10:15:21.672+0000][163][gc,phases   ] GC(68)   Post Evacuate Collection Set: 0.7ms
[2022-05-19T10:15:21.672+0000][163][gc,phases   ] GC(68)   Other: 2.0ms
[2022-05-19T10:15:21.672+0000][163][gc,heap     ] GC(68) Eden regions: 23->0(6)
[2022-05-19T10:15:21.672+0000][163][gc,heap     ] GC(68) Survivor regions: 1->5(5)
[2022-05-19T10:15:21.672+0000][163][gc,heap     ] GC(68) Old regions: 48->60
[2022-05-19T10:15:21.673+0000][163][gc,heap     ] GC(68) Archive regions: 2->2
[2022-05-19T10:15:21.673+0000][163][gc,heap     ] GC(68) Humongous regions: 36->26
[2022-05-19T10:15:21.673+0000][163][gc,metaspace] GC(68) Metaspace: 100873K(102464K)->100873K(102464K) NonClass: 86966K(87936K)->86966K(87936K) Class: 13907K(14528K)->13907K(14528K)
[2022-05-19T10:15:21.673+0000][163][gc          ] GC(68) Pause Young (Concurrent Start) (G1 Humongous Allocation) 426M->364M(512M) 14.880ms
[2022-05-19T10:15:21.673+0000][163][gc,cpu      ] GC(68) User=0.10s Sys=0.00s Real=0.01s
[2022-05-19T10:15:21.673+0000][163][gc          ] GC(69) Concurrent Undo Cycle
[2022-05-19T10:15:21.673+0000][163][safepoint   ] Safepoint "G1TryInitiateConcMark", Time since last: 280811300 ns, Reaching safepoint: 198500 ns, At safepoint: 15228300 ns, Total: 15426800 ns
[2022-05-19T10:15:21.673+0000][163][gc,marking  ] GC(69) Concurrent Cleanup for Next Mark
[2022-05-19T10:15:21.674+0000][163][gc,marking  ] GC(69) Concurrent Cleanup for Next Mark 0.569ms
[2022-05-19T10:15:21.674+0000][163][gc          ] GC(69) Concurrent Undo Cycle 1.072ms
[2022-05-19T10:15:21.696+0000][163][gc,start    ] GC(70) Pause Young (Concurrent Start) (G1 Humongous Allocation)
[2022-05-19T10:15:21.696+0000][163][gc,task     ] GC(70) Using 10 workers of 10 for evacuation
[2022-05-19T10:15:21.696+0000][163][gc,age      ] GC(70) Desired survivor size 4194304 bytes, new threshold 1 (max threshold 15)
[2022-05-19T10:15:21.701+0000][163][gc,age      ] GC(70) Age table with threshold 1 (max threshold 15)
[2022-05-19T10:15:21.702+0000][163][gc,phases   ] GC(70)   Pre Evacuate Collection Set: 0.4ms
[2022-05-19T10:15:21.702+0000][163][gc,phases   ] GC(70)   Merge Heap Roots: 0.2ms
[2022-05-19T10:15:21.702+0000][163][gc,phases   ] GC(70)   Evacuate Collection Set: 3.4ms
[2022-05-19T10:15:21.703+0000][163][gc,phases   ] GC(70)   Post Evacuate Collection Set: 0.7ms
[2022-05-19T10:15:21.703+0000][163][gc,phases   ] GC(70)   Other: 1.2ms
[2022-05-19T10:15:21.703+0000][163][gc,heap     ] GC(70) Eden regions: 0->0(6)
[2022-05-19T10:15:21.703+0000][163][gc,heap     ] GC(70) Survivor regions: 5->0(2)
[2022-05-19T10:15:21.703+0000][163][gc,heap     ] GC(70) Old regions: 60->65
[2022-05-19T10:15:21.703+0000][163][gc,heap     ] GC(70) Archive regions: 2->2
[2022-05-19T10:15:21.704+0000][163][gc,heap     ] GC(70) Humongous regions: 43->34
[2022-05-19T10:15:21.704+0000][163][gc,metaspace] GC(70) Metaspace: 100873K(102464K)->100873K(102464K) NonClass: 86966K(87936K)->86966K(87936K) Class: 13907K(14528K)->13907K(14528K)
[2022-05-19T10:15:21.704+0000][163][gc          ] GC(70) Pause Young (Concurrent Start) (G1 Humongous Allocation) 432M->396M(512M) 7.933ms
[2022-05-19T10:15:21.704+0000][163][gc,cpu      ] GC(70) User=0.03s Sys=0.00s Real=0.00s
[2022-05-19T10:15:21.704+0000][163][gc          ] GC(71) Concurrent Mark Cycle
[2022-05-19T10:15:21.704+0000][163][gc,marking  ] GC(71) Concurrent Clear Claimed Marks
[2022-05-19T10:15:21.704+0000][163][safepoint   ] Safepoint "G1TryInitiateConcMark", Time since last: 22389100 ns, Reaching safepoint: 193900 ns, At safepoint: 8353000 ns, Total: 8546900 ns
[2022-05-19T10:15:21.705+0000][163][gc,marking  ] GC(71) Concurrent Clear Claimed Marks 0.250ms
[2022-05-19T10:15:21.705+0000][163][gc,marking  ] GC(71) Concurrent Scan Root Regions
[2022-05-19T10:15:21.707+0000][163][gc,marking  ] GC(71) Concurrent Scan Root Regions 1.760ms
[2022-05-19T10:15:21.707+0000][163][gc,marking  ] GC(71) Concurrent Mark
[2022-05-19T10:15:21.707+0000][163][gc,marking  ] GC(71) Concurrent Mark From Roots
[2022-05-19T10:15:21.707+0000][163][gc,task     ] GC(71) Using 3 workers of 3 for marking
[2022-05-19T10:15:21.707+0000][163][gc,start    ] GC(72) Pause Young (Normal) (G1 Preventive Collection)
[2022-05-19T10:15:21.708+0000][163][gc,task     ] GC(72) Using 10 workers of 10 for evacuation
[2022-05-19T10:15:21.708+0000][163][gc,age      ] GC(72) Desired survivor size 2097152 bytes, new threshold 15 (max threshold 15)
[2022-05-19T10:15:21.709+0000][163][gc,age      ] GC(72) Age table with threshold 15 (max threshold 15)
[2022-05-19T10:15:21.709+0000][163][gc,age      ] GC(72) - age   1:         24 bytes,         24 total
[2022-05-19T10:15:21.709+0000][163][gc,phases   ] GC(72)   Pre Evacuate Collection Set: 0.2ms
[2022-05-19T10:15:21.709+0000][163][gc,phases   ] GC(72)   Merge Heap Roots: 0.1ms
[2022-05-19T10:15:21.710+0000][163][gc,phases   ] GC(72)   Evacuate Collection Set: 0.4ms
[2022-05-19T10:15:21.710+0000][163][gc,phases   ] GC(72)   Post Evacuate Collection Set: 0.5ms
[2022-05-19T10:15:21.710+0000][163][gc,phases   ] GC(72)   Other: 1.2ms
[2022-05-19T10:15:21.710+0000][163][gc,heap     ] GC(72) Eden regions: 1->0(5)
[2022-05-19T10:15:21.710+0000][163][gc,heap     ] GC(72) Survivor regions: 0->1(1)
[2022-05-19T10:15:21.710+0000][163][gc,heap     ] GC(72) Old regions: 65->65
[2022-05-19T10:15:21.710+0000][163][gc,heap     ] GC(72) Archive regions: 2->2
[2022-05-19T10:15:21.710+0000][163][gc,heap     ] GC(72) Humongous regions: 43->34
[2022-05-19T10:15:21.710+0000][163][gc,metaspace] GC(72) Metaspace: 100873K(102464K)->100873K(102464K) NonClass: 86966K(87936K)->86966K(87936K) Class: 13907K(14528K)->13907K(14528K)
[2022-05-19T10:15:21.711+0000][163][gc          ] GC(72) Pause Young (Normal) (G1 Preventive Collection) 433M->396M(512M) 3.710ms
[2022-05-19T10:15:21.711+0000][163][gc,cpu      ] GC(72) User=0.00s Sys=0.00s Real=0.00s
[2022-05-19T10:15:21.711+0000][163][gc,ergo     ] Attempting full compaction
[2022-05-19T10:15:21.711+0000][163][gc,task     ] GC(73) Using 10 workers of 10 for full compaction
[2022-05-19T10:15:21.716+0000][163][gc,start    ] GC(73) Pause Full (G1 Compaction Pause)
[2022-05-19T10:15:21.717+0000][163][gc,phases,start] GC(73) Phase 1: Mark live objects
[2022-05-19T10:15:21.744+0000][163][gc,phases      ] GC(73) Phase 1: Mark live objects 27.187ms
[2022-05-19T10:15:21.744+0000][163][gc,phases,start] GC(73) Phase 2: Prepare for compaction
[2022-05-19T10:15:21.748+0000][163][gc,phases      ] GC(73) Phase 2: Prepare for compaction 3.603ms
[2022-05-19T10:15:21.748+0000][163][gc,phases,start] GC(73) Phase 3: Adjust pointers
[2022-05-19T10:15:21.757+0000][163][gc,phases      ] GC(73) Phase 3: Adjust pointers 9.230ms
[2022-05-19T10:15:21.758+0000][163][gc,phases,start] GC(73) Phase 4: Compact heap
[2022-05-19T10:15:21.767+0000][163][gc,phases      ] GC(73) Phase 4: Compact heap 8.960ms
[2022-05-19T10:15:21.772+0000][163][gc,heap        ] GC(73) Eden regions: 0->0(6)
[2022-05-19T10:15:21.772+0000][163][gc,heap        ] GC(73) Survivor regions: 1->0(1)
[2022-05-19T10:15:21.773+0000][163][gc,heap        ] GC(73) Old regions: 65->57
[2022-05-19T10:15:21.773+0000][163][gc,heap        ] GC(73) Archive regions: 2->2
[2022-05-19T10:15:21.773+0000][163][gc,heap        ] GC(73) Humongous regions: 34->34
[2022-05-19T10:15:21.774+0000][163][gc,metaspace   ] GC(73) Metaspace: 100873K(102464K)->100792K(102464K) NonClass: 86966K(87936K)->86902K(87936K) Class: 13907K(14528K)->13889K(14528K)
[2022-05-19T10:15:21.774+0000][163][gc             ] GC(73) Pause Full (G1 Compaction Pause) 396M->352M(512M) 57.914ms
[2022-05-19T10:15:21.774+0000][163][gc,cpu         ] GC(73) User=0.36s Sys=0.05s Real=0.07s
[2022-05-19T10:15:21.775+0000][163][gc,ergo        ] Attempting maximum full compaction clearing soft references
[2022-05-19T10:15:21.775+0000][163][gc,task        ] GC(74) Using 10 workers of 10 for full compaction
[2022-05-19T10:15:21.775+0000][163][gc,start       ] GC(74) Pause Full (G1 Compaction Pause)
[2022-05-19T10:15:21.775+0000][163][gc,phases,start] GC(74) Phase 1: Mark live objects
[2022-05-19T10:15:21.796+0000][163][gc,phases      ] GC(74) Phase 1: Mark live objects 20.918ms
[2022-05-19T10:15:21.797+0000][163][gc,phases,start] GC(74) Phase 2: Prepare for compaction
[2022-05-19T10:15:21.801+0000][163][gc,phases      ] GC(74) Phase 2: Prepare for compaction 4.203ms
[2022-05-19T10:15:21.801+0000][163][gc,phases,start] GC(74) Phase 3: Adjust pointers
[2022-05-19T10:15:21.810+0000][163][gc,phases      ] GC(74) Phase 3: Adjust pointers 9.006ms
[2022-05-19T10:15:21.811+0000][163][gc,phases,start] GC(74) Phase 4: Compact heap
[2022-05-19T10:15:21.826+0000][163][gc,phases      ] GC(74) Phase 4: Compact heap 15.834ms
[2022-05-19T10:15:21.832+0000][163][gc,heap        ] GC(74) Eden regions: 0->0(7)
[2022-05-19T10:15:21.832+0000][163][gc,heap        ] GC(74) Survivor regions: 0->0(1)
[2022-05-19T10:15:21.832+0000][163][gc,heap        ] GC(74) Old regions: 57->55
[2022-05-19T10:15:21.832+0000][163][gc,heap        ] GC(74) Archive regions: 2->2
[2022-05-19T10:15:21.832+0000][163][gc,heap        ] GC(74) Humongous regions: 34->34
[2022-05-19T10:15:21.832+0000][163][gc,metaspace   ] GC(74) Metaspace: 100792K(102464K)->100792K(102464K) NonClass: 86902K(87936K)->86902K(87936K) Class: 13889K(14528K)->13889K(14528K)
[2022-05-19T10:15:21.832+0000][163][gc             ] GC(74) Pause Full (G1 Compaction Pause) 352M->348M(512M) 57.350ms
[2022-05-19T10:15:21.833+0000][163][gc,cpu         ] GC(74) User=0.32s Sys=0.05s Real=0.05s
[2022-05-19T10:15:21.833+0000][163][safepoint      ] Safepoint "G1CollectForAllocation", Time since last: 2368000 ns, Reaching safepoint: 203800 ns, At safepoint: 126053100 ns, Total: 126256900 ns
[2022-05-19T10:15:21.833+0000][163][gc,marking     ] GC(71) Concurrent Mark From Roots 125.732ms
[2022-05-19T10:15:21.833+0000][163][gc,marking     ] GC(71) Concurrent Mark Abort
[2022-05-19T10:15:21.833+0000][163][gc             ] GC(71) Concurrent Mark Cycle 129.034ms
[2022-05-19T10:15:21.849+0000][163][gc,start       ] GC(75) Pause Young (Normal) (G1 Evacuation Pause)
[2022-05-19T10:15:21.850+0000][163][gc,task        ] GC(75) Using 10 workers of 10 for evacuation
[2022-05-19T10:15:21.850+0000][163][gc,age         ] GC(75) Desired survivor size 2097152 bytes, new threshold 15 (max threshold 15)
[2022-05-19T10:15:21.852+0000][163][gc,age         ] GC(75) Age table with threshold 15 (max threshold 15)
[2022-05-19T10:15:21.853+0000][163][gc,age         ] GC(75) - age   1:    4070504 bytes,    4070504 total
[2022-05-19T10:15:21.853+0000][163][gc,phases      ] GC(75)   Pre Evacuate Collection Set: 0.2ms
[2022-05-19T10:15:21.853+0000][163][gc,phases      ] GC(75)   Merge Heap Roots: 0.2ms
[2022-05-19T10:15:21.853+0000][163][gc,phases      ] GC(75)   Evacuate Collection Set: 1.6ms
[2022-05-19T10:15:21.853+0000][163][gc,phases      ] GC(75)   Post Evacuate Collection Set: 0.6ms
[2022-05-19T10:15:21.853+0000][163][gc,phases      ] GC(75)   Other: 0.8ms
[2022-05-19T10:15:21.853+0000][163][gc,heap        ] GC(75) Eden regions: 7->0(5)
[2022-05-19T10:15:21.853+0000][163][gc,heap        ] GC(75) Survivor regions: 0->1(1)
[2022-05-19T10:15:21.854+0000][163][gc,heap        ] GC(75) Old regions: 55->58
[2022-05-19T10:15:21.854+0000][163][gc,heap        ] GC(75) Archive regions: 2->2
[2022-05-19T10:15:21.854+0000][163][gc,heap        ] GC(75) Humongous regions: 51->51
[2022-05-19T10:15:21.854+0000][163][gc,metaspace   ] GC(75) Metaspace: 100792K(102464K)->100792K(102464K) NonClass: 86902K(87936K)->86902K(87936K) Class: 13889K(14528K)->13889K(14528K)
[2022-05-19T10:15:21.854+0000][163][gc             ] GC(75) Pause Young (Normal) (G1 Evacuation Pause) 444M->429M(512M) 4.556ms
[2022-05-19T10:15:21.854+0000][163][gc,cpu         ] GC(75) User=0.02s Sys=0.00s Real=0.01s
[2022-05-19T10:15:21.854+0000][163][safepoint      ] Safepoint "G1CollectForAllocation", Time since last: 14313900 ns, Reaching safepoint: 2273900 ns, At safepoint: 4889800 ns, Total: 7163700 ns
[2022-05-19T10:15:21.857+0000][163][gc,start       ] GC(76) Pause Young (Concurrent Start) (G1 Evacuation Pause)
[2022-05-19T10:15:21.858+0000][163][gc,task        ] GC(76) Using 10 workers of 10 for evacuation
[2022-05-19T10:15:21.858+0000][163][gc,age         ] GC(76) Desired survivor size 2097152 bytes, new threshold 1 (max threshold 15)
[2022-05-19T10:15:21.861+0000][163][gc,age         ] GC(76) Age table with threshold 1 (max threshold 15)
[2022-05-19T10:15:21.862+0000][163][gc,age         ] GC(76) - age   1:    3936600 bytes,    3936600 total
[2022-05-19T10:15:21.862+0000][163][gc,phases      ] GC(76)   Pre Evacuate Collection Set: 0.2ms
[2022-05-19T10:15:21.862+0000][163][gc,phases      ] GC(76)   Merge Heap Roots: 0.2ms
[2022-05-19T10:15:21.862+0000][163][gc,phases      ] GC(76)   Evacuate Collection Set: 2.6ms
[2022-05-19T10:15:21.862+0000][163][gc,phases      ] GC(76)   Post Evacuate Collection Set: 0.6ms
[2022-05-19T10:15:21.862+0000][163][gc,phases      ] GC(76)   Other: 0.8ms
[2022-05-19T10:15:21.862+0000][163][gc,heap        ] GC(76) Eden regions: 5->0(5)
[2022-05-19T10:15:21.862+0000][163][gc,heap        ] GC(76) Survivor regions: 1->1(1)
[2022-05-19T10:15:21.863+0000][163][gc,heap        ] GC(76) Old regions: 58->62
[2022-05-19T10:15:21.863+0000][163][gc,heap        ] GC(76) Archive regions: 2->2
[2022-05-19T10:15:21.863+0000][163][gc,heap        ] GC(76) Humongous regions: 51->51
[2022-05-19T10:15:21.863+0000][163][gc,metaspace   ] GC(76) Metaspace: 100792K(102464K)->100792K(102464K) NonClass: 86902K(87936K)->86902K(87936K) Class: 13889K(14528K)->13889K(14528K)
[2022-05-19T10:15:21.863+0000][163][gc             ] GC(76) Pause Young (Concurrent Start) (G1 Evacuation Pause) 449M->446M(512M) 5.689ms
[2022-05-19T10:15:21.863+0000][163][gc,cpu         ] GC(76) User=0.02s Sys=0.00s Real=0.00s
[2022-05-19T10:15:21.863+0000][163][gc             ] GC(77) Concurrent Mark Cycle
[2022-05-19T10:15:21.863+0000][163][safepoint      ] Safepoint "G1CollectForAllocation", Time since last: 2754500 ns, Reaching safepoint: 206200 ns, At safepoint: 5995900 ns, Total: 6202100 ns
[2022-05-19T10:15:21.863+0000][163][gc,marking     ] GC(77) Concurrent Clear Claimed Marks
[2022-05-19T10:15:21.864+0000][163][gc,marking     ] GC(77) Concurrent Clear Claimed Marks 0.404ms
[2022-05-19T10:15:21.864+0000][163][gc,marking     ] GC(77) Concurrent Scan Root Regions
[2022-05-19T10:15:21.865+0000][163][gc,marking     ] GC(77) Concurrent Scan Root Regions 0.971ms
[2022-05-19T10:15:21.865+0000][163][gc,marking     ] GC(77) Concurrent Mark
[2022-05-19T10:15:21.865+0000][163][gc,marking     ] GC(77) Concurrent Mark From Roots
[2022-05-19T10:15:21.865+0000][163][gc,task        ] GC(77) Using 3 workers of 3 for marking
[2022-05-19T10:15:21.866+0000][163][gc,start       ] GC(78) Pause Young (Normal) (G1 Evacuation Pause)
[2022-05-19T10:15:21.866+0000][163][gc,task        ] GC(78) Using 10 workers of 10 for evacuation
[2022-05-19T10:15:21.866+0000][163][gc,age         ] GC(78) Desired survivor size 2097152 bytes, new threshold 1 (max threshold 15)
[2022-05-19T10:15:21.870+0000][163][gc,age         ] GC(78) Age table with threshold 1 (max threshold 15)
[2022-05-19T10:15:21.870+0000][163][gc,age         ] GC(78) - age   1:    3934600 bytes,    3934600 total
[2022-05-19T10:15:21.870+0000][163][gc,phases      ] GC(78)   Pre Evacuate Collection Set: 0.2ms
[2022-05-19T10:15:21.870+0000][163][gc,phases      ] GC(78)   Merge Heap Roots: 0.1ms
[2022-05-19T10:15:21.870+0000][163][gc,phases      ] GC(78)   Evacuate Collection Set: 2.4ms
[2022-05-19T10:15:21.871+0000][163][gc,phases      ] GC(78)   Post Evacuate Collection Set: 0.6ms
[2022-05-19T10:15:21.871+0000][163][gc,phases      ] GC(78)   Other: 0.7ms
[2022-05-19T10:15:21.871+0000][163][gc,heap        ] GC(78) Eden regions: 5->0(5)
[2022-05-19T10:15:21.871+0000][163][gc,heap        ] GC(78) Survivor regions: 1->1(1)
[2022-05-19T10:15:21.871+0000][163][gc,heap        ] GC(78) Old regions: 62->66
[2022-05-19T10:15:21.871+0000][163][gc,heap        ] GC(78) Archive regions: 2->2
[2022-05-19T10:15:21.871+0000][163][gc,heap        ] GC(78) Humongous regions: 51->51
[2022-05-19T10:15:21.871+0000][163][gc,metaspace   ] GC(78) Metaspace: 100792K(102464K)->100792K(102464K) NonClass: 86902K(87936K)->86902K(87936K) Class: 13889K(14528K)->13889K(14528K)
[2022-05-19T10:15:21.871+0000][163][gc             ] GC(78) Pause Young (Normal) (G1 Evacuation Pause) 465M->463M(512M) 5.281ms
[2022-05-19T10:15:21.872+0000][163][gc,cpu         ] GC(78) User=0.03s Sys=0.00s Real=0.00s
[2022-05-19T10:15:21.872+0000][163][safepoint      ] Safepoint "G1CollectForAllocation", Time since last: 2647800 ns, Reaching safepoint: 230800 ns, At safepoint: 5692100 ns, Total: 5922900 ns
[2022-05-19T10:15:21.874+0000][163][gc,start       ] GC(79) Pause Young (Normal) (G1 Preventive Collection)
[2022-05-19T10:15:21.874+0000][163][gc,task        ] GC(79) Using 10 workers of 10 for evacuation
[2022-05-19T10:15:21.874+0000][163][gc,age         ] GC(79) Desired survivor size 2097152 bytes, new threshold 1 (max threshold 15)
[2022-05-19T10:15:21.877+0000][163][gc,age         ] GC(79) Age table with threshold 1 (max threshold 15)
[2022-05-19T10:15:21.877+0000][163][gc,age         ] GC(79) - age   1:    3670968 bytes,    3670968 total
[2022-05-19T10:15:21.878+0000][163][gc,phases      ] GC(79)   Pre Evacuate Collection Set: 0.3ms
[2022-05-19T10:15:21.878+0000][163][gc,phases      ] GC(79)   Merge Heap Roots: 0.2ms
[2022-05-19T10:15:21.878+0000][163][gc,phases      ] GC(79)   Evacuate Collection Set: 1.7ms
[2022-05-19T10:15:21.878+0000][163][gc,phases      ] GC(79)   Post Evacuate Collection Set: 0.7ms
[2022-05-19T10:15:21.878+0000][163][gc,phases      ] GC(79)   Other: 0.9ms
[2022-05-19T10:15:21.878+0000][163][gc,heap        ] GC(79) Eden regions: 3->0(5)
[2022-05-19T10:15:21.878+0000][163][gc,heap        ] GC(79) Survivor regions: 1->1(1)
[2022-05-19T10:15:21.879+0000][163][gc,heap        ] GC(79) Old regions: 66->69
[2022-05-19T10:15:21.879+0000][163][gc,heap        ] GC(79) Archive regions: 2->2
[2022-05-19T10:15:21.879+0000][163][gc,heap        ] GC(79) Humongous regions: 51->51
[2022-05-19T10:15:21.879+0000][163][gc,metaspace   ] GC(79) Metaspace: 100792K(102464K)->100792K(102464K) NonClass: 86902K(87936K)->86902K(87936K) Class: 13889K(14528K)->13889K(14528K)
[2022-05-19T10:15:21.879+0000][163][gc             ] GC(79) Pause Young (Normal) (G1 Preventive Collection) 474M->473M(512M) 5.362ms
[2022-05-19T10:15:21.879+0000][163][gc,cpu         ] GC(79) User=0.02s Sys=0.00s Real=0.01s
[2022-05-19T10:15:21.879+0000][163][safepoint      ] Safepoint "G1CollectForAllocation", Time since last: 1599200 ns, Reaching safepoint: 251200 ns, At safepoint: 5709200 ns, Total: 5960400 ns
[2022-05-19T10:15:21.881+0000][163][gc,start       ] GC(80) Pause Young (Normal) (G1 Preventive Collection)
[2022-05-19T10:15:21.881+0000][163][gc,task        ] GC(80) Using 10 workers of 10 for evacuation
[2022-05-19T10:15:21.881+0000][163][gc,age         ] GC(80) Desired survivor size 2097152 bytes, new threshold 1 (max threshold 15)
[2022-05-19T10:15:21.884+0000][163][gc,age         ] GC(80) Age table with threshold 1 (max threshold 15)
[2022-05-19T10:15:21.884+0000][163][gc,age         ] GC(80) - age   1:    3670800 bytes,    3670800 total
[2022-05-19T10:15:21.884+0000][163][gc,phases      ] GC(80)   Pre Evacuate Collection Set: 0.2ms
[2022-05-19T10:15:21.884+0000][163][gc,phases      ] GC(80)   Merge Heap Roots: 0.2ms
[2022-05-19T10:15:21.884+0000][163][gc,phases      ] GC(80)   Evacuate Collection Set: 1.4ms
[2022-05-19T10:15:21.884+0000][163][gc,phases      ] GC(80)   Post Evacuate Collection Set: 0.5ms
[2022-05-19T10:15:21.884+0000][163][gc,phases      ] GC(80)   Other: 0.7ms
[2022-05-19T10:15:21.884+0000][163][gc,heap        ] GC(80) Eden regions: 2->0(5)
[2022-05-19T10:15:21.885+0000][163][gc,heap        ] GC(80) Survivor regions: 1->1(1)
[2022-05-19T10:15:21.885+0000][163][gc,heap        ] GC(80) Old regions: 69->71
[2022-05-19T10:15:21.885+0000][163][gc,heap        ] GC(80) Archive regions: 2->2
[2022-05-19T10:15:21.885+0000][163][gc,heap        ] GC(80) Humongous regions: 51->51
[2022-05-19T10:15:21.885+0000][163][gc,metaspace   ] GC(80) Metaspace: 100792K(102464K)->100792K(102464K) NonClass: 86902K(87936K)->86902K(87936K) Class: 13889K(14528K)->13889K(14528K)
[2022-05-19T10:15:21.885+0000][163][gc             ] GC(80) Pause Young (Normal) (G1 Preventive Collection) 480M->481M(512M) 4.301ms
[2022-05-19T10:15:21.885+0000][163][gc,cpu         ] GC(80) User=0.01s Sys=0.00s Real=0.01s
[2022-05-19T10:15:21.885+0000][163][safepoint      ] Safepoint "G1CollectForAllocation", Time since last: 1146200 ns, Reaching safepoint: 222700 ns, At safepoint: 4632900 ns, Total: 4855600 ns
[2022-05-19T10:15:21.921+0000][163][gc,marking     ] GC(77) Concurrent Mark From Roots 55.972ms
[2022-05-19T10:15:21.921+0000][163][gc,marking     ] GC(77) Concurrent Preclean
[2022-05-19T10:15:21.922+0000][163][gc,start       ] GC(81) Pause Young (Normal) (G1 Preventive Collection)
[2022-05-19T10:15:21.922+0000][163][gc,task        ] GC(81) Using 10 workers of 10 for evacuation
[2022-05-19T10:15:21.922+0000][163][gc,age         ] GC(81) Desired survivor size 2097152 bytes, new threshold 1 (max threshold 15)
[2022-05-19T10:15:21.924+0000][163][gc,age         ] GC(81) Age table with threshold 1 (max threshold 15)
[2022-05-19T10:15:21.924+0000][163][gc,age         ] GC(81) - age   1:     595032 bytes,     595032 total
[2022-05-19T10:15:21.924+0000][163][gc,phases      ] GC(81)   Pre Evacuate Collection Set: 0.2ms
[2022-05-19T10:15:21.924+0000][163][gc,phases      ] GC(81)   Merge Heap Roots: 0.1ms
[2022-05-19T10:15:21.924+0000][163][gc,phases      ] GC(81)   Evacuate Collection Set: 0.8ms
[2022-05-19T10:15:21.925+0000][163][gc,phases      ] GC(81)   Post Evacuate Collection Set: 0.5ms
[2022-05-19T10:15:21.925+0000][163][gc,phases      ] GC(81)   Other: 0.7ms
[2022-05-19T10:15:21.925+0000][163][gc,heap        ] GC(81) Eden regions: 1->0(5)
[2022-05-19T10:15:21.925+0000][163][gc,heap        ] GC(81) Survivor regions: 1->1(1)
[2022-05-19T10:15:21.925+0000][163][gc,heap        ] GC(81) Old regions: 71->72
[2022-05-19T10:15:21.925+0000][163][gc,heap        ] GC(81) Archive regions: 2->2
[2022-05-19T10:15:21.925+0000][163][gc,heap        ] GC(81) Humongous regions: 51->51
[2022-05-19T10:15:21.925+0000][163][gc,metaspace   ] GC(81) Metaspace: 100792K(102464K)->100792K(102464K) NonClass: 86902K(87936K)->86902K(87936K) Class: 13889K(14528K)->13889K(14528K)
[2022-05-19T10:15:21.925+0000][163][gc             ] GC(81) Pause Young (Normal) (G1 Preventive Collection) 485M->482M(512M) 3.529ms
[2022-05-19T10:15:21.926+0000][163][gc,cpu         ] GC(81) User=0.01s Sys=0.00s Real=0.01s
[2022-05-19T10:15:21.926+0000][163][safepoint      ] Safepoint "G1CollectForAllocation", Time since last: 36225800 ns, Reaching safepoint: 202200 ns, At safepoint: 3821200 ns, Total: 4023400 ns
[2022-05-19T10:15:21.926+0000][163][gc,marking     ] GC(77) Concurrent Preclean 4.540ms
[2022-05-19T10:15:21.926+0000][163][gc,start       ] GC(77) Pause Remark
[2022-05-19T10:15:21.929+0000][163][gc             ] GC(77) Pause Remark 482M->364M(512M) 2.640ms
[2022-05-19T10:15:21.929+0000][163][gc,cpu         ] GC(77) User=0.02s Sys=0.00s Real=0.00s
[2022-05-19T10:15:21.929+0000][163][safepoint      ] Safepoint "G1Concurrent", Time since last: 418500 ns, Reaching safepoint: 238900 ns, At safepoint: 2966300 ns, Total: 3205200 ns
[2022-05-19T10:15:21.929+0000][163][gc,marking     ] GC(77) Concurrent Mark 64.343ms
[2022-05-19T10:15:21.930+0000][163][gc,marking     ] GC(77) Concurrent Rebuild Remembered Sets
[2022-05-19T10:15:21.951+0000][163][gc,marking     ] GC(77) Concurrent Rebuild Remembered Sets 21.732ms
[2022-05-19T10:15:21.952+0000][163][gc,start       ] GC(77) Pause Cleanup
[2022-05-19T10:15:21.952+0000][163][gc             ] GC(77) Pause Cleanup 366M->366M(512M) 0.462ms
[2022-05-19T10:15:21.953+0000][163][gc,cpu         ] GC(77) User=0.00s Sys=0.00s Real=0.00s
[2022-05-19T10:15:21.953+0000][163][safepoint      ] Safepoint "G1Concurrent", Time since last: 22286500 ns, Reaching safepoint: 264800 ns, At safepoint: 911500 ns, Total: 1176300 ns
[2022-05-19T10:15:21.953+0000][163][gc,marking     ] GC(77) Concurrent Cleanup for Next Mark
[2022-05-19T10:15:21.953+0000][163][gc,marking     ] GC(77) Concurrent Cleanup for Next Mark 0.407ms
[2022-05-19T10:15:21.954+0000][163][gc             ] GC(77) Concurrent Mark Cycle 90.352ms
[2022-05-19T10:15:22.081+0000][163][gc,start       ] GC(82) Pause Young (Prepare Mixed) (G1 Evacuation Pause)
[2022-05-19T10:15:22.081+0000][163][gc,task        ] GC(82) Using 10 workers of 10 for evacuation
[2022-05-19T10:15:22.081+0000][163][gc,age         ] GC(82) Desired survivor size 2097152 bytes, new threshold 15 (max threshold 15)
[2022-05-19T10:15:22.083+0000][163][gc,age         ] GC(82) Age table with threshold 15 (max threshold 15)
[2022-05-19T10:15:22.083+0000][163][gc,age         ] GC(82) - age   1:     361488 bytes,     361488 total
[2022-05-19T10:15:22.084+0000][163][gc,age         ] GC(82) - age   2:     594624 bytes,     956112 total
[2022-05-19T10:15:22.084+0000][163][gc,phases      ] GC(82)   Pre Evacuate Collection Set: 0.2ms
[2022-05-19T10:15:22.084+0000][163][gc,phases      ] GC(82)   Merge Heap Roots: 0.2ms
[2022-05-19T10:15:22.084+0000][163][gc,phases      ] GC(82)   Evacuate Collection Set: 0.6ms
[2022-05-19T10:15:22.084+0000][163][gc,phases      ] GC(82)   Post Evacuate Collection Set: 0.6ms
[2022-05-19T10:15:22.085+0000][163][gc,phases      ] GC(82)   Other: 1.8ms
[2022-05-19T10:15:22.085+0000][163][gc,heap        ] GC(82) Eden regions: 5->0(5)
[2022-05-19T10:15:22.085+0000][163][gc,heap        ] GC(82) Survivor regions: 1->1(1)
[2022-05-19T10:15:22.085+0000][163][gc,heap        ] GC(82) Old regions: 58->58
[2022-05-19T10:15:22.085+0000][163][gc,heap        ] GC(82) Archive regions: 2->2
[2022-05-19T10:15:22.085+0000][163][gc,heap        ] GC(82) Humongous regions: 34->34
[2022-05-19T10:15:22.086+0000][163][gc,metaspace   ] GC(82) Metaspace: 100792K(102464K)->100792K(102464K) NonClass: 86902K(87936K)->86902K(87936K) Class: 13889K(14528K)->13889K(14528K)
[2022-05-19T10:15:22.086+0000][163][gc             ] GC(82) Pause Young (Prepare Mixed) (G1 Evacuation Pause) 383M->364M(512M) 5.036ms
[2022-05-19T10:15:22.086+0000][163][gc,cpu         ] GC(82) User=0.01s Sys=0.00s Real=0.01s
[2022-05-19T10:15:22.086+0000][163][safepoint      ] Safepoint "G1CollectForAllocation", Time since last: 127525200 ns, Reaching safepoint: 291800 ns, At safepoint: 5630400 ns, Total: 5922200 ns
[2022-05-19T10:15:22.232+0000][163][gc,start       ] GC(83) Pause Young (Mixed) (G1 Evacuation Pause)
[2022-05-19T10:15:22.232+0000][163][gc,task        ] GC(83) Using 10 workers of 10 for evacuation
[2022-05-19T10:15:22.233+0000][163][gc,age         ] GC(83) Desired survivor size 2097152 bytes, new threshold 15 (max threshold 15)
[2022-05-19T10:15:22.235+0000][163][gc,age         ] GC(83) Age table with threshold 15 (max threshold 15)
[2022-05-19T10:15:22.235+0000][163][gc,age         ] GC(83) - age   1:     298096 bytes,     298096 total
[2022-05-19T10:15:22.235+0000][163][gc,age         ] GC(83) - age   2:     361136 bytes,     659232 total
[2022-05-19T10:15:22.236+0000][163][gc,age         ] GC(83) - age   3:     594624 bytes,    1253856 total
[2022-05-19T10:15:22.236+0000][163][gc,phases      ] GC(83)   Pre Evacuate Collection Set: 0.2ms
[2022-05-19T10:15:22.236+0000][163][gc,phases      ] GC(83)   Merge Heap Roots: 0.2ms
[2022-05-19T10:15:22.236+0000][163][gc,phases      ] GC(83)   Evacuate Collection Set: 0.9ms
[2022-05-19T10:15:22.237+0000][163][gc,phases      ] GC(83)   Post Evacuate Collection Set: 0.7ms
[2022-05-19T10:15:22.237+0000][163][gc,phases      ] GC(83)   Other: 2.2ms
[2022-05-19T10:15:22.237+0000][163][gc,heap        ] GC(83) Eden regions: 5->0(5)
[2022-05-19T10:15:22.237+0000][163][gc,heap        ] GC(83) Survivor regions: 1->1(1)
[2022-05-19T10:15:22.237+0000][163][gc,heap        ] GC(83) Old regions: 58->57
[2022-05-19T10:15:22.237+0000][163][gc,heap        ] GC(83) Archive regions: 2->2
[2022-05-19T10:15:22.237+0000][163][gc,heap        ] GC(83) Humongous regions: 34->34
[2022-05-19T10:15:22.238+0000][163][gc,metaspace   ] GC(83) Metaspace: 100792K(102464K)->100792K(102464K) NonClass: 86902K(87936K)->86902K(87936K) Class: 13889K(14528K)->13889K(14528K)
[2022-05-19T10:15:22.238+0000][163][gc             ] GC(83) Pause Young (Mixed) (G1 Evacuation Pause) 384M->360M(512M) 5.827ms
[2022-05-19T10:15:22.238+0000][163][gc,cpu         ] GC(83) User=0.00s Sys=0.01s Real=0.01s
[2022-05-19T10:15:22.238+0000][163][safepoint      ] Safepoint "G1CollectForAllocation", Time since last: 145203300 ns, Reaching safepoint: 452600 ns, At safepoint: 6134500 ns, Total: 6587100 ns
[2022-05-19T10:15:22.410+0000][163][gc,start       ] GC(84) Pause Young (Concurrent Start) (G1 Evacuation Pause)
[2022-05-19T10:15:22.410+0000][163][gc,task        ] GC(84) Using 10 workers of 10 for evacuation
[2022-05-19T10:15:22.410+0000][163][gc,age         ] GC(84) Desired survivor size 2097152 bytes, new threshold 15 (max threshold 15)
[2022-05-19T10:15:22.413+0000][163][gc,age         ] GC(84) Age table with threshold 15 (max threshold 15)
[2022-05-19T10:15:22.414+0000][163][gc,age         ] GC(84) - age   1:     269544 bytes,     269544 total
[2022-05-19T10:15:22.414+0000][163][gc,age         ] GC(84) - age   2:     297616 bytes,     567160 total
[2022-05-19T10:15:22.414+0000][163][gc,age         ] GC(84) - age   3:     361104 bytes,     928264 total
[2022-05-19T10:15:22.414+0000][163][gc,age         ] GC(84) - age   4:     594624 bytes,    1522888 total
[2022-05-19T10:15:22.414+0000][163][gc,phases      ] GC(84)   Pre Evacuate Collection Set: 0.3ms
[2022-05-19T10:15:22.414+0000][163][gc,phases      ] GC(84)   Merge Heap Roots: 0.2ms
[2022-05-19T10:15:22.415+0000][163][gc,phases      ] GC(84)   Evacuate Collection Set: 1.7ms
[2022-05-19T10:15:22.415+0000][163][gc,phases      ] GC(84)   Post Evacuate Collection Set: 0.6ms
[2022-05-19T10:15:22.415+0000][163][gc,phases      ] GC(84)   Other: 1.6ms
[2022-05-19T10:15:22.415+0000][163][gc,heap        ] GC(84) Eden regions: 5->0(5)
[2022-05-19T10:15:22.415+0000][163][gc,heap        ] GC(84) Survivor regions: 1->1(1)
[2022-05-19T10:15:22.415+0000][163][gc,heap        ] GC(84) Old regions: 57->57
[2022-05-19T10:15:22.416+0000][163][gc,heap        ] GC(84) Archive regions: 2->2
[2022-05-19T10:15:22.416+0000][163][gc,heap        ] GC(84) Humongous regions: 34->34
[2022-05-19T10:15:22.416+0000][163][gc,metaspace   ] GC(84) Metaspace: 100799K(102464K)->100799K(102464K) NonClass: 86908K(87936K)->86908K(87936K) Class: 13891K(14528K)->13891K(14528K)
[2022-05-19T10:15:22.416+0000][163][gc             ] GC(84) Pause Young (Concurrent Start) (G1 Evacuation Pause) 380M->360M(512M) 6.132ms
[2022-05-19T10:15:22.416+0000][163][gc,cpu         ] GC(84) User=0.01s Sys=0.00s Real=0.01s
[2022-05-19T10:15:22.416+0000][163][gc             ] GC(85) Concurrent Mark Cycle
[2022-05-19T10:15:22.416+0000][163][gc,marking     ] GC(85) Concurrent Clear Claimed Marks
[2022-05-19T10:15:22.416+0000][163][safepoint      ] Safepoint "G1CollectForAllocation", Time since last: 171657000 ns, Reaching safepoint: 205200 ns, At safepoint: 6471300 ns, Total: 6676500 ns
[2022-05-19T10:15:22.417+0000][163][gc,marking     ] GC(85) Concurrent Clear Claimed Marks 0.228ms
[2022-05-19T10:15:22.417+0000][163][gc,marking     ] GC(85) Concurrent Scan Root Regions
[2022-05-19T10:15:22.418+0000][163][gc,marking     ] GC(85) Concurrent Scan Root Regions 1.155ms
[2022-05-19T10:15:22.418+0000][163][gc,marking     ] GC(85) Concurrent Mark
[2022-05-19T10:15:22.418+0000][163][gc,marking     ] GC(85) Concurrent Mark From Roots
[2022-05-19T10:15:22.418+0000][163][gc,task        ] GC(85) Using 3 workers of 3 for marking
[2022-05-19T10:15:22.465+0000][163][gc,marking     ] GC(85) Concurrent Mark From Roots 46.834ms
[2022-05-19T10:15:22.465+0000][163][gc,marking     ] GC(85) Concurrent Preclean
[2022-05-19T10:15:22.466+0000][163][gc,marking     ] GC(85) Concurrent Preclean 0.717ms
[2022-05-19T10:15:22.467+0000][163][gc,start       ] GC(85) Pause Remark
[2022-05-19T10:15:22.470+0000][163][gc             ] GC(85) Pause Remark 364M->344M(512M) 3.519ms
[2022-05-19T10:15:22.471+0000][163][gc,cpu         ] GC(85) User=0.02s Sys=0.00s Real=0.00s
[2022-05-19T10:15:22.471+0000][163][safepoint      ] Safepoint "G1Concurrent", Time since last: 50161600 ns, Reaching safepoint: 337500 ns, At safepoint: 4078400 ns, Total: 4415900 ns
[2022-05-19T10:15:22.471+0000][163][gc,marking     ] GC(85) Concurrent Mark 52.963ms
[2022-05-19T10:15:22.471+0000][163][gc,marking     ] GC(85) Concurrent Rebuild Remembered Sets
[2022-05-19T10:15:22.490+0000][163][gc,marking     ] GC(85) Concurrent Rebuild Remembered Sets 18.600ms
[2022-05-19T10:15:22.490+0000][163][gc,start       ] GC(85) Pause Cleanup
[2022-05-19T10:15:22.491+0000][163][gc             ] GC(85) Pause Cleanup 347M->347M(512M) 0.310ms
[2022-05-19T10:15:22.491+0000][163][gc,cpu         ] GC(85) User=0.00s Sys=0.00s Real=0.00s
[2022-05-19T10:15:22.491+0000][163][safepoint      ] Safepoint "G1Concurrent", Time since last: 19299000 ns, Reaching safepoint: 263700 ns, At safepoint: 673900 ns, Total: 937600 ns
[2022-05-19T10:15:22.491+0000][163][gc,marking     ] GC(85) Concurrent Cleanup for Next Mark
[2022-05-19T10:15:22.492+0000][163][gc,marking     ] GC(85) Concurrent Cleanup for Next Mark 0.328ms
[2022-05-19T10:15:22.492+0000][163][gc             ] GC(85) Concurrent Mark Cycle 75.456ms
[2022-05-19T10:15:22.598+0000][163][gc,start       ] GC(86) Pause Young (Prepare Mixed) (G1 Evacuation Pause)
[2022-05-19T10:15:22.598+0000][163][gc,task        ] GC(86) Using 10 workers of 10 for evacuation
[2022-05-19T10:15:22.598+0000][163][gc,age         ] GC(86) Desired survivor size 2097152 bytes, new threshold 15 (max threshold 15)
[2022-05-19T10:15:22.600+0000][163][gc,age         ] GC(86) Age table with threshold 15 (max threshold 15)
[2022-05-19T10:15:22.600+0000][163][gc,age         ] GC(86) - age   1:     295344 bytes,     295344 total
[2022-05-19T10:15:22.601+0000][163][gc,age         ] GC(86) - age   2:     269120 bytes,     564464 total
[2022-05-19T10:15:22.601+0000][163][gc,age         ] GC(86) - age   3:     297616 bytes,     862080 total
[2022-05-19T10:15:22.601+0000][163][gc,age         ] GC(86) - age   4:     361056 bytes,    1223136 total
[2022-05-19T10:15:22.601+0000][163][gc,age         ] GC(86) - age   5:     594624 bytes,    1817760 total
[2022-05-19T10:15:22.601+0000][163][gc,phases      ] GC(86)   Pre Evacuate Collection Set: 0.2ms
[2022-05-19T10:15:22.601+0000][163][gc,phases      ] GC(86)   Merge Heap Roots: 0.1ms
[2022-05-19T10:15:22.601+0000][163][gc,phases      ] GC(86)   Evacuate Collection Set: 0.8ms
[2022-05-19T10:15:22.601+0000][163][gc,phases      ] GC(86)   Post Evacuate Collection Set: 0.6ms
[2022-05-19T10:15:22.601+0000][163][gc,phases      ] GC(86)   Other: 1.7ms
[2022-05-19T10:15:22.602+0000][163][gc,heap        ] GC(86) Eden regions: 5->0(5)
[2022-05-19T10:15:22.602+0000][163][gc,heap        ] GC(86) Survivor regions: 1->1(1)
[2022-05-19T10:15:22.602+0000][163][gc,heap        ] GC(86) Old regions: 52->52
[2022-05-19T10:15:22.602+0000][163][gc,heap        ] GC(86) Archive regions: 2->2
[2022-05-19T10:15:22.602+0000][163][gc,heap        ] GC(86) Humongous regions: 34->34
[2022-05-19T10:15:22.602+0000][163][gc,metaspace   ] GC(86) Metaspace: 100799K(102464K)->100799K(102464K) NonClass: 86908K(87936K)->86908K(87936K) Class: 13891K(14528K)->13891K(14528K)
[2022-05-19T10:15:22.602+0000][163][gc             ] GC(86) Pause Young (Prepare Mixed) (G1 Evacuation Pause) 360M->341M(512M) 4.459ms
[2022-05-19T10:15:22.602+0000][163][gc,cpu         ] GC(86) User=0.01s Sys=0.00s Real=0.00s
[2022-05-19T10:15:22.602+0000][163][safepoint      ] Safepoint "G1CollectForAllocation", Time since last: 106311600 ns, Reaching safepoint: 260800 ns, At safepoint: 4749600 ns, Total: 5010400 ns
[2022-05-19T10:15:22.756+0000][163][gc,start       ] GC(87) Pause Young (Mixed) (G1 Evacuation Pause)
[2022-05-19T10:15:22.756+0000][163][gc,task        ] GC(87) Using 10 workers of 10 for evacuation
[2022-05-19T10:15:22.757+0000][163][gc,age         ] GC(87) Desired survivor size 2097152 bytes, new threshold 15 (max threshold 15)
[2022-05-19T10:15:22.759+0000][163][gc,age         ] GC(87) Age table with threshold 15 (max threshold 15)
[2022-05-19T10:15:22.759+0000][163][gc,age         ] GC(87) - age   1:     295408 bytes,     295408 total
[2022-05-19T10:15:22.759+0000][163][gc,age         ] GC(87) - age   2:     295056 bytes,     590464 total
[2022-05-19T10:15:22.759+0000][163][gc,age         ] GC(87) - age   3:     269120 bytes,     859584 total
[2022-05-19T10:15:22.760+0000][163][gc,age         ] GC(87) - age   4:     297616 bytes,    1157200 total
[2022-05-19T10:15:22.760+0000][163][gc,age         ] GC(87) - age   5:     361056 bytes,    1518256 total
[2022-05-19T10:15:22.760+0000][163][gc,age         ] GC(87) - age   6:     594624 bytes,    2112880 total
[2022-05-19T10:15:22.760+0000][163][gc,phases      ] GC(87)   Pre Evacuate Collection Set: 0.2ms
[2022-05-19T10:15:22.760+0000][163][gc,phases      ] GC(87)   Merge Heap Roots: 0.2ms
[2022-05-19T10:15:22.760+0000][163][gc,phases      ] GC(87)   Evacuate Collection Set: 0.9ms
[2022-05-19T10:15:22.760+0000][163][gc,phases      ] GC(87)   Post Evacuate Collection Set: 0.6ms
[2022-05-19T10:15:22.761+0000][163][gc,phases      ] GC(87)   Other: 2.4ms
[2022-05-19T10:15:22.761+0000][163][gc,heap        ] GC(87) Eden regions: 5->0(11)
[2022-05-19T10:15:22.761+0000][163][gc,heap        ] GC(87) Survivor regions: 1->1(1)
[2022-05-19T10:15:22.761+0000][163][gc,heap        ] GC(87) Old regions: 52->51
[2022-05-19T10:15:22.761+0000][163][gc,heap        ] GC(87) Archive regions: 2->2
[2022-05-19T10:15:22.761+0000][163][gc,heap        ] GC(87) Humongous regions: 34->34
[2022-05-19T10:15:22.761+0000][163][gc,metaspace   ] GC(87) Metaspace: 100799K(102464K)->100799K(102464K) NonClass: 86908K(87936K)->86908K(87936K) Class: 13891K(14528K)->13891K(14528K)
[2022-05-19T10:15:22.761+0000][163][gc             ] GC(87) Pause Young (Mixed) (G1 Evacuation Pause) 361M->337M(512M) 5.432ms
[2022-05-19T10:15:22.761+0000][163][gc,cpu         ] GC(87) User=0.01s Sys=0.00s Real=0.00s
[2022-05-19T10:15:22.762+0000][163][safepoint      ] Safepoint "G1CollectForAllocation", Time since last: 153219900 ns, Reaching safepoint: 188200 ns, At safepoint: 5702600 ns, Total: 5890800 ns
[2022-05-19T10:15:23.134+0000][163][gc,start       ] GC(88) Pause Young (Concurrent Start) (G1 Evacuation Pause)
[2022-05-19T10:15:23.134+0000][163][gc,task        ] GC(88) Using 10 workers of 10 for evacuation
[2022-05-19T10:15:23.134+0000][163][gc,age         ] GC(88) Desired survivor size 4194304 bytes, new threshold 15 (max threshold 15)
[2022-05-19T10:15:23.136+0000][163][gc,age         ] GC(88) Age table with threshold 15 (max threshold 15)
[2022-05-19T10:15:23.137+0000][163][gc,age         ] GC(88) - age   1:     624008 bytes,     624008 total
[2022-05-19T10:15:23.137+0000][163][gc,age         ] GC(88) - age   2:     295056 bytes,     919064 total
[2022-05-19T10:15:23.137+0000][163][gc,age         ] GC(88) - age   3:     295056 bytes,    1214120 total
[2022-05-19T10:15:23.137+0000][163][gc,age         ] GC(88) - age   4:     269088 bytes,    1483208 total
[2022-05-19T10:15:23.138+0000][163][gc,age         ] GC(88) - age   5:     297616 bytes,    1780824 total
[2022-05-19T10:15:23.138+0000][163][gc,age         ] GC(88) - age   6:     360688 bytes,    2141512 total
[2022-05-19T10:15:23.138+0000][163][gc,age         ] GC(88) - age   7:     594624 bytes,    2736136 total
[2022-05-19T10:15:23.138+0000][163][gc,phases      ] GC(88)   Pre Evacuate Collection Set: 0.3ms
[2022-05-19T10:15:23.138+0000][163][gc,phases      ] GC(88)   Merge Heap Roots: 0.2ms
[2022-05-19T10:15:23.138+0000][163][gc,phases      ] GC(88)   Evacuate Collection Set: 1.2ms
[2022-05-19T10:15:23.138+0000][163][gc,phases      ] GC(88)   Post Evacuate Collection Set: 0.5ms
[2022-05-19T10:15:23.139+0000][163][gc,phases      ] GC(88)   Other: 2.3ms
[2022-05-19T10:15:23.139+0000][163][gc,heap        ] GC(88) Eden regions: 11->0(5)
[2022-05-19T10:15:23.139+0000][163][gc,heap        ] GC(88) Survivor regions: 1->1(2)
[2022-05-19T10:15:23.139+0000][163][gc,heap        ] GC(88) Old regions: 51->51
[2022-05-19T10:15:23.139+0000][163][gc,heap        ] GC(88) Archive regions: 2->2
[2022-05-19T10:15:23.139+0000][163][gc,heap        ] GC(88) Humongous regions: 34->34
[2022-05-19T10:15:23.139+0000][163][gc,metaspace   ] GC(88) Metaspace: 100799K(102464K)->100799K(102464K) NonClass: 86908K(87936K)->86908K(87936K) Class: 13891K(14528K)->13891K(14528K)
[2022-05-19T10:15:23.139+0000][163][gc             ] GC(88) Pause Young (Concurrent Start) (G1 Evacuation Pause) 381M->337M(512M) 5.685ms
[2022-05-19T10:15:23.140+0000][163][gc,cpu         ] GC(88) User=0.01s Sys=0.00s Real=0.01s
[2022-05-19T10:15:23.140+0000][163][gc             ] GC(89) Concurrent Mark Cycle
[2022-05-19T10:15:23.140+0000][163][gc,marking     ] GC(89) Concurrent Clear Claimed Marks
[2022-05-19T10:15:23.140+0000][163][safepoint      ] Safepoint "G1CollectForAllocation", Time since last: 371795700 ns, Reaching safepoint: 270500 ns, At safepoint: 6027000 ns, Total: 6297500 ns
[2022-05-19T10:15:23.140+0000][163][gc,marking     ] GC(89) Concurrent Clear Claimed Marks 0.232ms
[2022-05-19T10:15:23.140+0000][163][gc,marking     ] GC(89) Concurrent Scan Root Regions
[2022-05-19T10:15:23.142+0000][163][gc,marking     ] GC(89) Concurrent Scan Root Regions 1.362ms
[2022-05-19T10:15:23.142+0000][163][gc,marking     ] GC(89) Concurrent Mark
[2022-05-19T10:15:23.142+0000][163][gc,marking     ] GC(89) Concurrent Mark From Roots
[2022-05-19T10:15:23.142+0000][163][gc,task        ] GC(89) Using 3 workers of 3 for marking
[2022-05-19T10:15:23.180+0000][163][gc,marking     ] GC(89) Concurrent Mark From Roots 38.219ms
[2022-05-19T10:15:23.181+0000][163][gc,marking     ] GC(89) Concurrent Preclean
[2022-05-19T10:15:23.181+0000][163][gc,marking     ] GC(89) Concurrent Preclean 0.682ms
[2022-05-19T10:15:23.182+0000][163][gc,start       ] GC(89) Pause Remark
[2022-05-19T10:15:23.185+0000][163][gc             ] GC(89) Pause Remark 342M->342M(512M) 2.967ms
[2022-05-19T10:15:23.185+0000][163][gc,cpu         ] GC(89) User=0.02s Sys=0.00s Real=0.01s
[2022-05-19T10:15:23.185+0000][163][safepoint      ] Safepoint "G1Concurrent", Time since last: 41930900 ns, Reaching safepoint: 307600 ns, At safepoint: 3467000 ns, Total: 3774600 ns
[2022-05-19T10:15:23.186+0000][163][gc,marking     ] GC(89) Concurrent Mark 43.734ms
[2022-05-19T10:15:23.186+0000][163][gc,marking     ] GC(89) Concurrent Rebuild Remembered Sets
[2022-05-19T10:15:23.205+0000][163][gc,marking     ] GC(89) Concurrent Rebuild Remembered Sets 18.778ms
[2022-05-19T10:15:23.205+0000][163][gc,start       ] GC(89) Pause Cleanup
[2022-05-19T10:15:23.206+0000][163][gc             ] GC(89) Pause Cleanup 345M->345M(512M) 0.375ms
[2022-05-19T10:15:23.206+0000][163][gc,cpu         ] GC(89) User=0.00s Sys=0.00s Real=0.00s
[2022-05-19T10:15:23.206+0000][163][safepoint      ] Safepoint "G1Concurrent", Time since last: 19599900 ns, Reaching safepoint: 270100 ns, At safepoint: 669500 ns, Total: 939600 ns
[2022-05-19T10:15:23.206+0000][163][gc,marking     ] GC(89) Concurrent Cleanup for Next Mark
[2022-05-19T10:15:23.207+0000][163][gc,marking     ] GC(89) Concurrent Cleanup for Next Mark 0.327ms
[2022-05-19T10:15:23.207+0000][163][gc             ] GC(89) Concurrent Mark Cycle 67.005ms
[2022-05-19T10:15:23.301+0000][163][gc,start       ] GC(90) Pause Young (Normal) (G1 Evacuation Pause)
[2022-05-19T10:15:23.301+0000][163][gc,task        ] GC(90) Using 10 workers of 10 for evacuation
[2022-05-19T10:15:23.301+0000][163][gc,age         ] GC(90) Desired survivor size 2097152 bytes, new threshold 6 (max threshold 15)
[2022-05-19T10:15:23.304+0000][163][gc,age         ] GC(90) Age table with threshold 6 (max threshold 15)
[2022-05-19T10:15:23.304+0000][163][gc,age         ] GC(90) - age   1:     298552 bytes,     298552 total
[2022-05-19T10:15:23.304+0000][163][gc,age         ] GC(90) - age   2:     623712 bytes,     922264 total
[2022-05-19T10:15:23.304+0000][163][gc,age         ] GC(90) - age   3:     295056 bytes,    1217320 total
[2022-05-19T10:15:23.305+0000][163][gc,age         ] GC(90) - age   4:     295056 bytes,    1512376 total
[2022-05-19T10:15:23.305+0000][163][gc,age         ] GC(90) - age   5:     269088 bytes,    1781464 total
[2022-05-19T10:15:23.305+0000][163][gc,age         ] GC(90) - age   6:     297616 bytes,    2079080 total
[2022-05-19T10:15:23.305+0000][163][gc,phases      ] GC(90)   Pre Evacuate Collection Set: 0.2ms
[2022-05-19T10:15:23.305+0000][163][gc,phases      ] GC(90)   Merge Heap Roots: 0.2ms
[2022-05-19T10:15:23.306+0000][163][gc,phases      ] GC(90)   Evacuate Collection Set: 1.0ms
[2022-05-19T10:15:23.306+0000][163][gc,phases      ] GC(90)   Post Evacuate Collection Set: 0.7ms
[2022-05-19T10:15:23.306+0000][163][gc,phases      ] GC(90)   Other: 2.3ms
[2022-05-19T10:15:23.306+0000][163][gc,heap        ] GC(90) Eden regions: 5->0(13)
[2022-05-19T10:15:23.306+0000][163][gc,heap        ] GC(90) Survivor regions: 1->1(1)
[2022-05-19T10:15:23.306+0000][163][gc,heap        ] GC(90) Old regions: 51->51
[2022-05-19T10:15:23.306+0000][163][gc,heap        ] GC(90) Archive regions: 2->2
[2022-05-19T10:15:23.307+0000][163][gc,heap        ] GC(90) Humongous regions: 34->34
[2022-05-19T10:15:23.307+0000][163][gc,metaspace   ] GC(90) Metaspace: 100799K(102464K)->100799K(102464K) NonClass: 86908K(87936K)->86908K(87936K) Class: 13891K(14528K)->13891K(14528K)
[2022-05-19T10:15:23.307+0000][163][gc             ] GC(90) Pause Young (Normal) (G1 Evacuation Pause) 357M->338M(512M) 6.024ms
[2022-05-19T10:15:23.307+0000][163][gc,cpu         ] GC(90) User=0.01s Sys=0.00s Real=0.01s
[2022-05-19T10:15:23.307+0000][163][safepoint      ] Safepoint "G1CollectForAllocation", Time since last: 94650000 ns, Reaching safepoint: 195400 ns, At safepoint: 6461400 ns, Total: 6656800 ns
[2022-05-19T10:15:23.726+0000][163][gc,start       ] GC(91) Pause Young (Concurrent Start) (G1 Evacuation Pause)
[2022-05-19T10:15:23.726+0000][163][gc,task        ] GC(91) Using 10 workers of 10 for evacuation
[2022-05-19T10:15:23.726+0000][163][gc,age         ] GC(91) Desired survivor size 4194304 bytes, new threshold 15 (max threshold 15)
[2022-05-19T10:15:23.729+0000][163][gc,age         ] GC(91) Age table with threshold 15 (max threshold 15)
[2022-05-19T10:15:23.729+0000][163][gc,age         ] GC(91) - age   1:     758584 bytes,     758584 total
[2022-05-19T10:15:23.730+0000][163][gc,age         ] GC(91) - age   2:     298224 bytes,    1056808 total
[2022-05-19T10:15:23.730+0000][163][gc,age         ] GC(91) - age   3:     623712 bytes,    1680520 total
[2022-05-19T10:15:23.730+0000][163][gc,age         ] GC(91) - age   4:     295056 bytes,    1975576 total
[2022-05-19T10:15:23.730+0000][163][gc,age         ] GC(91) - age   5:     295056 bytes,    2270632 total
[2022-05-19T10:15:23.730+0000][163][gc,age         ] GC(91) - age   6:     267728 bytes,    2538360 total
[2022-05-19T10:15:23.731+0000][163][gc,age         ] GC(91) - age   7:     295056 bytes,    2833416 total
[2022-05-19T10:15:23.731+0000][163][gc,phases      ] GC(91)   Pre Evacuate Collection Set: 0.3ms
[2022-05-19T10:15:23.731+0000][163][gc,phases      ] GC(91)   Merge Heap Roots: 0.2ms
[2022-05-19T10:15:23.731+0000][163][gc,phases      ] GC(91)   Evacuate Collection Set: 1.4ms
[2022-05-19T10:15:23.731+0000][163][gc,phases      ] GC(91)   Post Evacuate Collection Set: 0.6ms
[2022-05-19T10:15:23.732+0000][163][gc,phases      ] GC(91)   Other: 2.7ms
[2022-05-19T10:15:23.732+0000][163][gc,heap        ] GC(91) Eden regions: 13->0(8)
[2022-05-19T10:15:23.732+0000][163][gc,heap        ] GC(91) Survivor regions: 1->1(2)
[2022-05-19T10:15:23.732+0000][163][gc,heap        ] GC(91) Old regions: 51->51
[2022-05-19T10:15:23.732+0000][163][gc,heap        ] GC(91) Archive regions: 2->2
[2022-05-19T10:15:23.732+0000][163][gc,heap        ] GC(91) Humongous regions: 34->34
[2022-05-19T10:15:23.732+0000][163][gc,metaspace   ] GC(91) Metaspace: 100799K(102464K)->100799K(102464K) NonClass: 86908K(87936K)->86908K(87936K) Class: 13891K(14528K)->13891K(14528K)
[2022-05-19T10:15:23.733+0000][163][gc             ] GC(91) Pause Young (Concurrent Start) (G1 Evacuation Pause) 390M->338M(512M) 6.876ms
[2022-05-19T10:15:23.733+0000][163][gc,cpu         ] GC(91) User=0.01s Sys=0.01s Real=0.00s
[2022-05-19T10:15:23.733+0000][163][gc             ] GC(92) Concurrent Mark Cycle
[2022-05-19T10:15:23.733+0000][163][gc,marking     ] GC(92) Concurrent Clear Claimed Marks
[2022-05-19T10:15:23.733+0000][163][safepoint      ] Safepoint "G1CollectForAllocation", Time since last: 418299700 ns, Reaching safepoint: 257800 ns, At safepoint: 7235700 ns, Total: 7493500 ns
[2022-05-19T10:15:23.733+0000][163][gc,marking     ] GC(92) Concurrent Clear Claimed Marks 0.215ms
[2022-05-19T10:15:23.734+0000][163][gc,marking     ] GC(92) Concurrent Scan Root Regions
[2022-05-19T10:15:23.735+0000][163][gc,marking     ] GC(92) Concurrent Scan Root Regions 1.395ms
[2022-05-19T10:15:23.735+0000][163][gc,marking     ] GC(92) Concurrent Mark
[2022-05-19T10:15:23.735+0000][163][gc,marking     ] GC(92) Concurrent Mark From Roots
[2022-05-19T10:15:23.736+0000][163][gc,task        ] GC(92) Using 3 workers of 3 for marking
[2022-05-19T10:15:23.788+0000][163][gc,marking     ] GC(92) Concurrent Mark From Roots 52.298ms
[2022-05-19T10:15:23.788+0000][163][gc,marking     ] GC(92) Concurrent Preclean
[2022-05-19T10:15:23.789+0000][163][gc,marking     ] GC(92) Concurrent Preclean 0.679ms
[2022-05-19T10:15:23.789+0000][163][gc,start       ] GC(92) Pause Remark
[2022-05-19T10:15:23.793+0000][163][gc             ] GC(92) Pause Remark 343M->343M(512M) 3.362ms
[2022-05-19T10:15:23.793+0000][163][gc,cpu         ] GC(92) User=0.02s Sys=0.00s Real=0.00s
[2022-05-19T10:15:23.793+0000][163][safepoint      ] Safepoint "G1Concurrent", Time since last: 55777800 ns, Reaching safepoint: 344100 ns, At safepoint: 3808900 ns, Total: 4153000 ns
[2022-05-19T10:15:23.793+0000][163][gc,marking     ] GC(92) Concurrent Mark 57.934ms
[2022-05-19T10:15:23.793+0000][163][gc,marking     ] GC(92) Concurrent Rebuild Remembered Sets
[2022-05-19T10:15:23.816+0000][163][gc,marking     ] GC(92) Concurrent Rebuild Remembered Sets 22.610ms
[2022-05-19T10:15:23.817+0000][163][gc,start       ] GC(92) Pause Cleanup
[2022-05-19T10:15:23.817+0000][163][gc             ] GC(92) Pause Cleanup 345M->345M(512M) 0.390ms
[2022-05-19T10:15:23.817+0000][163][gc,cpu         ] GC(92) User=0.00s Sys=0.00s Real=0.00s
[2022-05-19T10:15:23.817+0000][163][safepoint      ] Safepoint "G1Concurrent", Time since last: 23286500 ns, Reaching safepoint: 298200 ns, At safepoint: 784200 ns, Total: 1082400 ns
[2022-05-19T10:15:23.818+0000][163][gc,marking     ] GC(92) Concurrent Cleanup for Next Mark
[2022-05-19T10:15:23.818+0000][163][gc,marking     ] GC(92) Concurrent Cleanup for Next Mark 0.415ms
[2022-05-19T10:15:23.818+0000][163][gc             ] GC(92) Concurrent Mark Cycle 85.093ms
[2022-05-19T10:15:24.016+0000][163][gc,start       ] GC(93) Pause Young (Normal) (G1 Evacuation Pause)
[2022-05-19T10:15:24.016+0000][163][gc,task        ] GC(93) Using 10 workers of 10 for evacuation
[2022-05-19T10:15:24.016+0000][163][gc,age         ] GC(93) Desired survivor size 4194304 bytes, new threshold 15 (max threshold 15)
[2022-05-19T10:15:24.019+0000][163][gc,age         ] GC(93) Age table with threshold 15 (max threshold 15)
[2022-05-19T10:15:24.019+0000][163][gc,age         ] GC(93) - age   1:     460112 bytes,     460112 total
[2022-05-19T10:15:24.019+0000][163][gc,age         ] GC(93) - age   2:     758272 bytes,    1218384 total
[2022-05-19T10:15:24.019+0000][163][gc,age         ] GC(93) - age   3:     298224 bytes,    1516608 total
[2022-05-19T10:15:24.019+0000][163][gc,age         ] GC(93) - age   4:     622960 bytes,    2139568 total
[2022-05-19T10:15:24.020+0000][163][gc,age         ] GC(93) - age   5:     295056 bytes,    2434624 total
[2022-05-19T10:15:24.020+0000][163][gc,age         ] GC(93) - age   6:     295056 bytes,    2729680 total
[2022-05-19T10:15:24.020+0000][163][gc,age         ] GC(93) - age   7:     267728 bytes,    2997408 total
[2022-05-19T10:15:24.020+0000][163][gc,age         ] GC(93) - age   8:     295056 bytes,    3292464 total
[2022-05-19T10:15:24.020+0000][163][gc,phases      ] GC(93)   Pre Evacuate Collection Set: 0.2ms
[2022-05-19T10:15:24.020+0000][163][gc,phases      ] GC(93)   Merge Heap Roots: 0.2ms
[2022-05-19T10:15:24.020+0000][163][gc,phases      ] GC(93)   Evacuate Collection Set: 1.1ms
[2022-05-19T10:15:24.021+0000][163][gc,phases      ] GC(93)   Post Evacuate Collection Set: 0.6ms
[2022-05-19T10:15:24.021+0000][163][gc,phases      ] GC(93)   Other: 2.1ms
[2022-05-19T10:15:24.021+0000][163][gc,heap        ] GC(93) Eden regions: 8->0(15)
[2022-05-19T10:15:24.021+0000][163][gc,heap        ] GC(93) Survivor regions: 1->1(2)
[2022-05-19T10:15:24.021+0000][163][gc,heap        ] GC(93) Old regions: 51->51
[2022-05-19T10:15:24.021+0000][163][gc,heap        ] GC(93) Archive regions: 2->2
[2022-05-19T10:15:24.021+0000][163][gc,heap        ] GC(93) Humongous regions: 34->34
[2022-05-19T10:15:24.021+0000][163][gc,metaspace   ] GC(93) Metaspace: 100799K(102464K)->100799K(102464K) NonClass: 86908K(87936K)->86908K(87936K) Class: 13891K(14528K)->13891K(14528K)
[2022-05-19T10:15:24.022+0000][163][gc             ] GC(93) Pause Young (Normal) (G1 Evacuation Pause) 370M->339M(512M) 5.514ms
[2022-05-19T10:15:24.022+0000][163][gc,cpu         ] GC(93) User=0.01s Sys=0.00s Real=0.00s
[2022-05-19T10:15:24.022+0000][163][safepoint      ] Safepoint "G1CollectForAllocation", Time since last: 198360500 ns, Reaching safepoint: 283100 ns, At safepoint: 5820500 ns, Total: 6103600 ns
[2022-05-19T10:15:24.519+0000][163][gc,start       ] GC(94) Pause Young (Concurrent Start) (G1 Evacuation Pause)
[2022-05-19T10:15:24.519+0000][163][gc,task        ] GC(94) Using 10 workers of 10 for evacuation
[2022-05-19T10:15:24.519+0000][163][gc,age         ] GC(94) Desired survivor size 4194304 bytes, new threshold 15 (max threshold 15)
[2022-05-19T10:15:24.522+0000][163][gc,age         ] GC(94) Age table with threshold 15 (max threshold 15)
[2022-05-19T10:15:24.522+0000][163][gc,age         ] GC(94) - age   1:     855056 bytes,     855056 total
[2022-05-19T10:15:24.522+0000][163][gc,age         ] GC(94) - age   2:     459792 bytes,    1314848 total
[2022-05-19T10:15:24.522+0000][163][gc,age         ] GC(94) - age   3:     756912 bytes,    2071760 total
[2022-05-19T10:15:24.523+0000][163][gc,age         ] GC(94) - age   4:     298224 bytes,    2369984 total
[2022-05-19T10:15:24.523+0000][163][gc,age         ] GC(94) - age   5:     622960 bytes,    2992944 total
[2022-05-19T10:15:24.523+0000][163][gc,age         ] GC(94) - age   6:     295056 bytes,    3288000 total
[2022-05-19T10:15:24.523+0000][163][gc,age         ] GC(94) - age   7:     295056 bytes,    3583056 total
[2022-05-19T10:15:24.523+0000][163][gc,age         ] GC(94) - age   8:     267664 bytes,    3850720 total
[2022-05-19T10:15:24.523+0000][163][gc,age         ] GC(94) - age   9:     295056 bytes,    4145776 total
[2022-05-19T10:15:24.523+0000][163][gc,phases      ] GC(94)   Pre Evacuate Collection Set: 0.3ms
[2022-05-19T10:15:24.523+0000][163][gc,phases      ] GC(94)   Merge Heap Roots: 0.2ms
[2022-05-19T10:15:24.524+0000][163][gc,phases      ] GC(94)   Evacuate Collection Set: 1.4ms
[2022-05-19T10:15:24.524+0000][163][gc,phases      ] GC(94)   Post Evacuate Collection Set: 0.6ms
[2022-05-19T10:15:24.524+0000][163][gc,phases      ] GC(94)   Other: 2.0ms
[2022-05-19T10:15:24.524+0000][163][gc,heap        ] GC(94) Eden regions: 15->0(10)
[2022-05-19T10:15:24.524+0000][163][gc,heap        ] GC(94) Survivor regions: 1->1(2)
[2022-05-19T10:15:24.524+0000][163][gc,heap        ] GC(94) Old regions: 51->51
[2022-05-19T10:15:24.524+0000][163][gc,heap        ] GC(94) Archive regions: 2->2
[2022-05-19T10:15:24.524+0000][163][gc,heap        ] GC(94) Humongous regions: 34->34
[2022-05-19T10:15:24.525+0000][163][gc,metaspace   ] GC(94) Metaspace: 100799K(102464K)->100799K(102464K) NonClass: 86908K(87936K)->86908K(87936K) Class: 13891K(14528K)->13891K(14528K)
[2022-05-19T10:15:24.525+0000][163][gc             ] GC(94) Pause Young (Concurrent Start) (G1 Evacuation Pause) 399M->340M(512M) 5.731ms
[2022-05-19T10:15:24.525+0000][163][gc,cpu         ] GC(94) User=0.01s Sys=0.00s Real=0.01s
[2022-05-19T10:15:24.525+0000][163][gc             ] GC(95) Concurrent Mark Cycle
[2022-05-19T10:15:24.525+0000][163][safepoint      ] Safepoint "G1CollectForAllocation", Time since last: 496885800 ns, Reaching safepoint: 223800 ns, At safepoint: 6056000 ns, Total: 6279800 ns
[2022-05-19T10:15:24.525+0000][163][gc,marking     ] GC(95) Concurrent Clear Claimed Marks
[2022-05-19T10:15:24.525+0000][163][gc,marking     ] GC(95) Concurrent Clear Claimed Marks 0.342ms
[2022-05-19T10:15:24.526+0000][163][gc,marking     ] GC(95) Concurrent Scan Root Regions
[2022-05-19T10:15:24.527+0000][163][gc,marking     ] GC(95) Concurrent Scan Root Regions 0.961ms
[2022-05-19T10:15:24.527+0000][163][gc,marking     ] GC(95) Concurrent Mark
[2022-05-19T10:15:24.527+0000][163][gc,marking     ] GC(95) Concurrent Mark From Roots
[2022-05-19T10:15:24.527+0000][163][gc,task        ] GC(95) Using 3 workers of 3 for marking
[2022-05-19T10:15:24.566+0000][163][gc,marking     ] GC(95) Concurrent Mark From Roots 39.486ms
[2022-05-19T10:15:24.567+0000][163][gc,marking     ] GC(95) Concurrent Preclean
[2022-05-19T10:15:24.567+0000][163][gc,marking     ] GC(95) Concurrent Preclean 0.673ms
[2022-05-19T10:15:24.568+0000][163][gc,start       ] GC(95) Pause Remark
[2022-05-19T10:15:24.571+0000][163][gc             ] GC(95) Pause Remark 344M->344M(512M) 3.205ms
[2022-05-19T10:15:24.571+0000][163][gc,cpu         ] GC(95) User=0.03s Sys=0.00s Real=0.00s
[2022-05-19T10:15:24.571+0000][163][safepoint      ] Safepoint "G1Concurrent", Time since last: 42467300 ns, Reaching safepoint: 267400 ns, At safepoint: 3606000 ns, Total: 3873400 ns
[2022-05-19T10:15:24.571+0000][163][gc,marking     ] GC(95) Concurrent Mark 44.839ms
[2022-05-19T10:15:24.572+0000][163][gc,marking     ] GC(95) Concurrent Rebuild Remembered Sets
[2022-05-19T10:15:24.594+0000][163][gc,marking     ] GC(95) Concurrent Rebuild Remembered Sets 22.102ms
[2022-05-19T10:15:24.594+0000][163][gc,start       ] GC(95) Pause Cleanup
[2022-05-19T10:15:24.595+0000][163][gc             ] GC(95) Pause Cleanup 347M->347M(512M) 0.323ms
[2022-05-19T10:15:24.595+0000][163][gc,cpu         ] GC(95) User=0.01s Sys=0.00s Real=0.00s
[2022-05-19T10:15:24.595+0000][163][safepoint      ] Safepoint "G1Concurrent", Time since last: 22699300 ns, Reaching safepoint: 289500 ns, At safepoint: 627700 ns, Total: 917200 ns
[2022-05-19T10:15:24.595+0000][163][gc,marking     ] GC(95) Concurrent Cleanup for Next Mark
[2022-05-19T10:15:24.595+0000][163][gc,marking     ] GC(95) Concurrent Cleanup for Next Mark 0.358ms
[2022-05-19T10:15:24.596+0000][163][gc             ] GC(95) Concurrent Mark Cycle 70.662ms
[2022-05-19T10:15:24.847+0000][163][gc,start       ] GC(96) Pause Young (Normal) (G1 Evacuation Pause)
[2022-05-19T10:15:24.847+0000][163][gc,task        ] GC(96) Using 10 workers of 10 for evacuation
[2022-05-19T10:15:24.848+0000][163][gc,age         ] GC(96) Desired survivor size 4194304 bytes, new threshold 15 (max threshold 15)
[2022-05-19T10:15:24.850+0000][163][gc,age         ] GC(96) Age table with threshold 15 (max threshold 15)
[2022-05-19T10:15:24.851+0000][163][gc,age         ] GC(96) - age   1:     558352 bytes,     558352 total
[2022-05-19T10:15:24.851+0000][163][gc,age         ] GC(96) - age   2:     854704 bytes,    1413056 total
[2022-05-19T10:15:24.851+0000][163][gc,age         ] GC(96) - age   3:     459408 bytes,    1872464 total
[2022-05-19T10:15:24.851+0000][163][gc,age         ] GC(96) - age   4:     756912 bytes,    2629376 total
[2022-05-19T10:15:24.852+0000][163][gc,age         ] GC(96) - age   5:     298224 bytes,    2927600 total
[2022-05-19T10:15:24.852+0000][163][gc,age         ] GC(96) - age   6:     622960 bytes,    3550560 total
[2022-05-19T10:15:24.852+0000][163][gc,age         ] GC(96) - age   7:     295056 bytes,    3845616 total
[2022-05-19T10:15:24.852+0000][163][gc,age         ] GC(96) - age   8:     295056 bytes,    4140672 total
[2022-05-19T10:15:24.853+0000][163][gc,age         ] GC(96) - age   9:     267664 bytes,    4408336 total
[2022-05-19T10:15:24.853+0000][163][gc,age         ] GC(96) - age  10:     295056 bytes,    4703392 total
[2022-05-19T10:15:24.853+0000][163][gc,phases      ] GC(96)   Pre Evacuate Collection Set: 0.3ms
[2022-05-19T10:15:24.853+0000][163][gc,phases      ] GC(96)   Merge Heap Roots: 0.3ms
[2022-05-19T10:15:24.853+0000][163][gc,phases      ] GC(96)   Evacuate Collection Set: 0.9ms
[2022-05-19T10:15:24.854+0000][163][gc,phases      ] GC(96)   Post Evacuate Collection Set: 0.7ms
[2022-05-19T10:15:24.854+0000][163][gc,phases      ] GC(96)   Other: 3.9ms
[2022-05-19T10:15:24.854+0000][163][gc,heap        ] GC(96) Eden regions: 10->0(15)
[2022-05-19T10:15:24.854+0000][163][gc,heap        ] GC(96) Survivor regions: 1->2(2)
[2022-05-19T10:15:24.854+0000][163][gc,heap        ] GC(96) Old regions: 51->51
[2022-05-19T10:15:24.854+0000][163][gc,heap        ] GC(96) Archive regions: 2->2
[2022-05-19T10:15:24.854+0000][163][gc,heap        ] GC(96) Humongous regions: 34->34
[2022-05-19T10:15:24.855+0000][163][gc,metaspace   ] GC(96) Metaspace: 100799K(102464K)->100799K(102464K) NonClass: 86908K(87936K)->86908K(87936K) Class: 13891K(14528K)->13891K(14528K)
[2022-05-19T10:15:24.855+0000][163][gc             ] GC(96) Pause Young (Normal) (G1 Evacuation Pause) 380M->340M(512M) 7.497ms
[2022-05-19T10:15:24.855+0000][163][gc,cpu         ] GC(96) User=0.01s Sys=0.00s Real=0.01s
[2022-05-19T10:15:24.855+0000][163][safepoint      ] Safepoint "G1CollectForAllocation", Time since last: 252039800 ns, Reaching safepoint: 181200 ns, At safepoint: 7774100 ns, Total: 7955300 ns
[2022-05-19T10:15:25.304+0000][163][gc,start       ] GC(97) Pause Young (Concurrent Start) (G1 Evacuation Pause)
[2022-05-19T10:15:25.304+0000][163][gc,task        ] GC(97) Using 10 workers of 10 for evacuation
[2022-05-19T10:15:25.304+0000][163][gc,age         ] GC(97) Desired survivor size 6291456 bytes, new threshold 15 (max threshold 15)
[2022-05-19T10:15:25.307+0000][163][gc,age         ] GC(97) Age table with threshold 15 (max threshold 15)
[2022-05-19T10:15:25.307+0000][163][gc,age         ] GC(97) - age   1:     889424 bytes,     889424 total
[2022-05-19T10:15:25.307+0000][163][gc,age         ] GC(97) - age   2:     557712 bytes,    1447136 total
[2022-05-19T10:15:25.307+0000][163][gc,age         ] GC(97) - age   3:     854704 bytes,    2301840 total
[2022-05-19T10:15:25.307+0000][163][gc,age         ] GC(97) - age   4:     459040 bytes,    2760880 total
[2022-05-19T10:15:25.308+0000][163][gc,age         ] GC(97) - age   5:     754032 bytes,    3514912 total
[2022-05-19T10:15:25.308+0000][163][gc,age         ] GC(97) - age   6:     298224 bytes,    3813136 total
[2022-05-19T10:15:25.308+0000][163][gc,age         ] GC(97) - age   7:     622928 bytes,    4436064 total
[2022-05-19T10:15:25.308+0000][163][gc,age         ] GC(97) - age   8:     295056 bytes,    4731120 total
[2022-05-19T10:15:25.308+0000][163][gc,age         ] GC(97) - age   9:     295056 bytes,    5026176 total
[2022-05-19T10:15:25.308+0000][163][gc,age         ] GC(97) - age  10:     267632 bytes,    5293808 total
[2022-05-19T10:15:25.308+0000][163][gc,age         ] GC(97) - age  11:     295056 bytes,    5588864 total
[2022-05-19T10:15:25.309+0000][163][gc,phases      ] GC(97)   Pre Evacuate Collection Set: 0.3ms
[2022-05-19T10:15:25.309+0000][163][gc,phases      ] GC(97)   Merge Heap Roots: 0.2ms
[2022-05-19T10:15:25.309+0000][163][gc,phases      ] GC(97)   Evacuate Collection Set: 1.4ms
[2022-05-19T10:15:25.309+0000][163][gc,phases      ] GC(97)   Post Evacuate Collection Set: 0.6ms
[2022-05-19T10:15:25.309+0000][163][gc,phases      ] GC(97)   Other: 2.5ms
[2022-05-19T10:15:25.309+0000][163][gc,heap        ] GC(97) Eden regions: 15->0(8)
[2022-05-19T10:15:25.310+0000][163][gc,heap        ] GC(97) Survivor regions: 2->2(3)
[2022-05-19T10:15:25.310+0000][163][gc,heap        ] GC(97) Old regions: 51->51
[2022-05-19T10:15:25.310+0000][163][gc,heap        ] GC(97) Archive regions: 2->2
[2022-05-19T10:15:25.310+0000][163][gc,heap        ] GC(97) Humongous regions: 34->34
[2022-05-19T10:15:25.310+0000][163][gc,metaspace   ] GC(97) Metaspace: 100799K(102464K)->100799K(102464K) NonClass: 86908K(87936K)->86908K(87936K) Class: 13891K(14528K)->13891K(14528K)
[2022-05-19T10:15:25.310+0000][163][gc             ] GC(97) Pause Young (Concurrent Start) (G1 Evacuation Pause) 400M->341M(512M) 6.641ms
[2022-05-19T10:15:25.310+0000][163][gc,cpu         ] GC(97) User=0.01s Sys=0.00s Real=0.01s
[2022-05-19T10:15:25.311+0000][163][gc             ] GC(98) Concurrent Mark Cycle
[2022-05-19T10:15:25.311+0000][163][gc,marking     ] GC(98) Concurrent Clear Claimed Marks
[2022-05-19T10:15:25.311+0000][163][safepoint      ] Safepoint "G1CollectForAllocation", Time since last: 448581400 ns, Reaching safepoint: 191700 ns, At safepoint: 6973900 ns, Total: 7165600 ns
[2022-05-19T10:15:25.311+0000][163][gc,marking     ] GC(98) Concurrent Clear Claimed Marks 0.193ms
[2022-05-19T10:15:25.311+0000][163][gc,marking     ] GC(98) Concurrent Scan Root Regions
[2022-05-19T10:15:25.312+0000][163][gc,marking     ] GC(98) Concurrent Scan Root Regions 0.971ms
[2022-05-19T10:15:25.312+0000][163][gc,marking     ] GC(98) Concurrent Mark
[2022-05-19T10:15:25.312+0000][163][gc,marking     ] GC(98) Concurrent Mark From Roots
[2022-05-19T10:15:25.313+0000][163][gc,task        ] GC(98) Using 3 workers of 3 for marking
[2022-05-19T10:15:25.353+0000][163][gc,marking     ] GC(98) Concurrent Mark From Roots 40.908ms
[2022-05-19T10:15:25.354+0000][163][gc,marking     ] GC(98) Concurrent Preclean
[2022-05-19T10:15:25.354+0000][163][gc,marking     ] GC(98) Concurrent Preclean 0.546ms
[2022-05-19T10:15:25.355+0000][163][gc,start       ] GC(98) Pause Remark
[2022-05-19T10:15:25.358+0000][163][gc             ] GC(98) Pause Remark 345M->345M(512M) 3.259ms
[2022-05-19T10:15:25.358+0000][163][gc,cpu         ] GC(98) User=0.02s Sys=0.00s Real=0.00s
[2022-05-19T10:15:25.358+0000][163][safepoint      ] Safepoint "G1Concurrent", Time since last: 43723000 ns, Reaching safepoint: 299200 ns, At safepoint: 3805300 ns, Total: 4104500 ns
[2022-05-19T10:15:25.359+0000][163][gc,marking     ] GC(98) Concurrent Mark 46.462ms
[2022-05-19T10:15:25.359+0000][163][gc,marking     ] GC(98) Concurrent Rebuild Remembered Sets
[2022-05-19T10:15:25.384+0000][163][gc,marking     ] GC(98) Concurrent Rebuild Remembered Sets 24.790ms
[2022-05-19T10:15:25.385+0000][163][gc,start       ] GC(98) Pause Cleanup
[2022-05-19T10:15:25.385+0000][163][gc             ] GC(98) Pause Cleanup 348M->348M(512M) 0.419ms
[2022-05-19T10:15:25.385+0000][163][gc,cpu         ] GC(98) User=0.00s Sys=0.00s Real=0.00s
[2022-05-19T10:15:25.385+0000][163][safepoint      ] Safepoint "G1Concurrent", Time since last: 25625700 ns, Reaching safepoint: 415400 ns, At safepoint: 855800 ns, Total: 1271200 ns
[2022-05-19T10:15:25.386+0000][163][gc,marking     ] GC(98) Concurrent Cleanup for Next Mark
[2022-05-19T10:15:25.386+0000][163][gc,marking     ] GC(98) Concurrent Cleanup for Next Mark 0.417ms
[2022-05-19T10:15:25.386+0000][163][gc             ] GC(98) Concurrent Mark Cycle 75.526ms
[2022-05-19T10:15:25.587+0000][163][gc,start       ] GC(99) Pause Young (Normal) (G1 Evacuation Pause)
[2022-05-19T10:15:25.587+0000][163][gc,task        ] GC(99) Using 10 workers of 10 for evacuation
[2022-05-19T10:15:25.587+0000][163][gc,age         ] GC(99) Desired survivor size 4194304 bytes, new threshold 7 (max threshold 15)
[2022-05-19T10:15:25.590+0000][163][gc,age         ] GC(99) Age table with threshold 7 (max threshold 15)
[2022-05-19T10:15:25.590+0000][163][gc,age         ] GC(99) - age   1:     460720 bytes,     460720 total
[2022-05-19T10:15:25.590+0000][163][gc,age         ] GC(99) - age   2:     889024 bytes,    1349744 total
[2022-05-19T10:15:25.590+0000][163][gc,age         ] GC(99) - age   3:     557712 bytes,    1907456 total
[2022-05-19T10:15:25.591+0000][163][gc,age         ] GC(99) - age   4:     853344 bytes,    2760800 total
[2022-05-19T10:15:25.591+0000][163][gc,age         ] GC(99) - age   5:     459040 bytes,    3219840 total
[2022-05-19T10:15:25.591+0000][163][gc,age         ] GC(99) - age   6:     754032 bytes,    3973872 total
[2022-05-19T10:15:25.591+0000][163][gc,age         ] GC(99) - age   7:     298224 bytes,    4272096 total
[2022-05-19T10:15:25.591+0000][163][gc,phases      ] GC(99)   Pre Evacuate Collection Set: 0.2ms
[2022-05-19T10:15:25.592+0000][163][gc,phases      ] GC(99)   Merge Heap Roots: 0.2ms
[2022-05-19T10:15:25.592+0000][163][gc,phases      ] GC(99)   Evacuate Collection Set: 1.2ms
[2022-05-19T10:15:25.592+0000][163][gc,phases      ] GC(99)   Post Evacuate Collection Set: 0.7ms
[2022-05-19T10:15:25.592+0000][163][gc,phases      ] GC(99)   Other: 2.5ms
[2022-05-19T10:15:25.592+0000][163][gc,heap        ] GC(99) Eden regions: 8->0(16)
[2022-05-19T10:15:25.592+0000][163][gc,heap        ] GC(99) Survivor regions: 2->2(2)
[2022-05-19T10:15:25.592+0000][163][gc,heap        ] GC(99) Old regions: 51->51
[2022-05-19T10:15:25.593+0000][163][gc,heap        ] GC(99) Archive regions: 2->2
[2022-05-19T10:15:25.593+0000][163][gc,heap        ] GC(99) Humongous regions: 34->34
[2022-05-19T10:15:25.593+0000][163][gc,metaspace   ] GC(99) Metaspace: 100799K(102464K)->100799K(102464K) NonClass: 86908K(87936K)->86908K(87936K) Class: 13891K(14528K)->13891K(14528K)
[2022-05-19T10:15:25.593+0000][163][gc             ] GC(99) Pause Young (Normal) (G1 Evacuation Pause) 373M->341M(512M) 6.388ms
[2022-05-19T10:15:25.593+0000][163][gc,cpu         ] GC(99) User=0.01s Sys=0.00s Real=0.00s
[2022-05-19T10:15:25.593+0000][163][safepoint      ] Safepoint "G1CollectForAllocation", Time since last: 200995400 ns, Reaching safepoint: 183100 ns, At safepoint: 6673000 ns, Total: 6856100 ns
[2022-05-19T10:15:26.087+0000][163][gc,start       ] GC(100) Pause Young (Concurrent Start) (G1 Evacuation Pause)
[2022-05-19T10:15:26.087+0000][163][gc,task        ] GC(100) Using 10 workers of 10 for evacuation
[2022-05-19T10:15:26.088+0000][163][gc,age         ] GC(100) Desired survivor size 6291456 bytes, new threshold 15 (max threshold 15)
[2022-05-19T10:15:26.092+0000][163][gc,age         ] GC(100) Age table with threshold 15 (max threshold 15)
[2022-05-19T10:15:26.092+0000][163][gc,age         ] GC(100) - age   1:     919368 bytes,     919368 total
[2022-05-19T10:15:26.092+0000][163][gc,age         ] GC(100) - age   2:     460336 bytes,    1379704 total
[2022-05-19T10:15:26.092+0000][163][gc,age         ] GC(100) - age   3:     888656 bytes,    2268360 total
[2022-05-19T10:15:26.093+0000][163][gc,age         ] GC(100) - age   4:     557328 bytes,    2825688 total
[2022-05-19T10:15:26.093+0000][163][gc,age         ] GC(100) - age   5:     853344 bytes,    3679032 total
[2022-05-19T10:15:26.093+0000][163][gc,age         ] GC(100) - age   6:     459008 bytes,    4138040 total
[2022-05-19T10:15:26.094+0000][163][gc,age         ] GC(100) - age   7:     754032 bytes,    4892072 total
[2022-05-19T10:15:26.094+0000][163][gc,age         ] GC(100) - age   8:     298224 bytes,    5190296 total
[2022-05-19T10:15:26.094+0000][163][gc,phases      ] GC(100)   Pre Evacuate Collection Set: 0.5ms
[2022-05-19T10:15:26.094+0000][163][gc,phases      ] GC(100)   Merge Heap Roots: 0.2ms
[2022-05-19T10:15:26.095+0000][163][gc,phases      ] GC(100)   Evacuate Collection Set: 1.7ms
[2022-05-19T10:15:26.095+0000][163][gc,phases      ] GC(100)   Post Evacuate Collection Set: 0.9ms
[2022-05-19T10:15:26.095+0000][163][gc,phases      ] GC(100)   Other: 3.9ms
[2022-05-19T10:15:26.095+0000][163][gc,heap        ] GC(100) Eden regions: 16->0(12)
[2022-05-19T10:15:26.096+0000][163][gc,heap        ] GC(100) Survivor regions: 2->2(3)
[2022-05-19T10:15:26.096+0000][163][gc,heap        ] GC(100) Old regions: 51->51
[2022-05-19T10:15:26.096+0000][163][gc,heap        ] GC(100) Archive regions: 2->2
[2022-05-19T10:15:26.096+0000][163][gc,heap        ] GC(100) Humongous regions: 34->34
[2022-05-19T10:15:26.096+0000][163][gc,metaspace   ] GC(100) Metaspace: 100799K(102464K)->100799K(102464K) NonClass: 86908K(87936K)->86908K(87936K) Class: 13891K(14528K)->13891K(14528K)
[2022-05-19T10:15:26.097+0000][163][gc             ] GC(100) Pause Young (Concurrent Start) (G1 Evacuation Pause) 405M->342M(512M) 9.707ms
[2022-05-19T10:15:26.097+0000][163][gc,cpu         ] GC(100) User=0.01s Sys=0.00s Real=0.01s
[2022-05-19T10:15:26.097+0000][163][safepoint      ] Safepoint "G1CollectForAllocation", Time since last: 493265600 ns, Reaching safepoint: 435200 ns, At safepoint: 10163100 ns, Total: 10598300 ns
[2022-05-19T10:15:26.097+0000][163][gc             ] GC(101) Concurrent Mark Cycle
[2022-05-19T10:15:26.098+0000][163][gc,marking     ] GC(101) Concurrent Clear Claimed Marks
[2022-05-19T10:15:26.098+0000][163][gc,marking     ] GC(101) Concurrent Clear Claimed Marks 0.238ms
[2022-05-19T10:15:26.098+0000][163][gc,marking     ] GC(101) Concurrent Scan Root Regions
[2022-05-19T10:15:26.100+0000][163][gc,marking     ] GC(101) Concurrent Scan Root Regions 1.948ms
[2022-05-19T10:15:26.100+0000][163][gc,marking     ] GC(101) Concurrent Mark
[2022-05-19T10:15:26.100+0000][163][gc,marking     ] GC(101) Concurrent Mark From Roots
[2022-05-19T10:15:26.101+0000][163][gc,task        ] GC(101) Using 3 workers of 3 for marking
[2022-05-19T10:15:26.150+0000][163][gc,marking     ] GC(101) Concurrent Mark From Roots 49.222ms
[2022-05-19T10:15:26.150+0000][163][gc,marking     ] GC(101) Concurrent Preclean
[2022-05-19T10:15:26.151+0000][163][gc,marking     ] GC(101) Concurrent Preclean 0.775ms
[2022-05-19T10:15:26.151+0000][163][gc,start       ] GC(101) Pause Remark
[2022-05-19T10:15:26.155+0000][163][gc             ] GC(101) Pause Remark 346M->346M(512M) 3.950ms
[2022-05-19T10:15:26.155+0000][163][gc,cpu         ] GC(101) User=0.02s Sys=0.01s Real=0.01s
[2022-05-19T10:15:26.156+0000][163][safepoint      ] Safepoint "G1Concurrent", Time since last: 53781000 ns, Reaching safepoint: 300700 ns, At safepoint: 4420400 ns, Total: 4721100 ns
[2022-05-19T10:15:26.156+0000][163][gc,marking     ] GC(101) Concurrent Mark 55.679ms
[2022-05-19T10:15:26.156+0000][163][gc,marking     ] GC(101) Concurrent Rebuild Remembered Sets
[2022-05-19T10:15:26.181+0000][163][gc,marking     ] GC(101) Concurrent Rebuild Remembered Sets 25.215ms
[2022-05-19T10:15:26.182+0000][163][gc,start       ] GC(101) Pause Cleanup
[2022-05-19T10:15:26.182+0000][163][gc             ] GC(101) Pause Cleanup 348M->348M(512M) 0.479ms
[2022-05-19T10:15:26.182+0000][163][gc,cpu         ] GC(101) User=0.00s Sys=0.00s Real=0.00s
[2022-05-19T10:15:26.183+0000][163][safepoint      ] Safepoint "G1Concurrent", Time since last: 25897600 ns, Reaching safepoint: 299000 ns, At safepoint: 923200 ns, Total: 1222200 ns
[2022-05-19T10:15:26.183+0000][163][gc,marking     ] GC(101) Concurrent Cleanup for Next Mark
[2022-05-19T10:15:26.183+0000][163][gc,marking     ] GC(101) Concurrent Cleanup for Next Mark 0.489ms
[2022-05-19T10:15:26.184+0000][163][gc             ] GC(101) Concurrent Mark Cycle 86.551ms
[2022-05-19T10:15:26.551+0000][163][gc,start       ] GC(102) Pause Young (Normal) (G1 Evacuation Pause)
[2022-05-19T10:15:26.551+0000][163][gc,task        ] GC(102) Using 10 workers of 10 for evacuation
[2022-05-19T10:15:26.551+0000][163][gc,age         ] GC(102) Desired survivor size 4194304 bytes, new threshold 7 (max threshold 15)
[2022-05-19T10:15:26.554+0000][163][gc,age         ] GC(102) Age table with threshold 7 (max threshold 15)
[2022-05-19T10:15:26.554+0000][163][gc,age         ] GC(102) - age   1:     690280 bytes,     690280 total
[2022-05-19T10:15:26.554+0000][163][gc,age         ] GC(102) - age   2:     919024 bytes,    1609304 total
[2022-05-19T10:15:26.555+0000][163][gc,age         ] GC(102) - age   3:     458976 bytes,    2068280 total
[2022-05-19T10:15:26.555+0000][163][gc,age         ] GC(102) - age   4:     888656 bytes,    2956936 total
[2022-05-19T10:15:26.555+0000][163][gc,age         ] GC(102) - age   5:     557328 bytes,    3514264 total
[2022-05-19T10:15:26.555+0000][163][gc,age         ] GC(102) - age   6:     853344 bytes,    4367608 total
[2022-05-19T10:15:26.555+0000][163][gc,age         ] GC(102) - age   7:     459008 bytes,    4826616 total
[2022-05-19T10:15:26.556+0000][163][gc,phases      ] GC(102)   Pre Evacuate Collection Set: 0.3ms
[2022-05-19T10:15:26.556+0000][163][gc,phases      ] GC(102)   Merge Heap Roots: 0.3ms
[2022-05-19T10:15:26.556+0000][163][gc,phases      ] GC(102)   Evacuate Collection Set: 1.3ms
[2022-05-19T10:15:26.556+0000][163][gc,phases      ] GC(102)   Post Evacuate Collection Set: 0.7ms
[2022-05-19T10:15:26.556+0000][163][gc,phases      ] GC(102)   Other: 2.2ms
[2022-05-19T10:15:26.556+0000][163][gc,heap        ] GC(102) Eden regions: 12->0(16)
[2022-05-19T10:15:26.557+0000][163][gc,heap        ] GC(102) Survivor regions: 2->2(2)
[2022-05-19T10:15:26.557+0000][163][gc,heap        ] GC(102) Old regions: 51->52
[2022-05-19T10:15:26.557+0000][163][gc,heap        ] GC(102) Archive regions: 2->2
[2022-05-19T10:15:26.557+0000][163][gc,heap        ] GC(102) Humongous regions: 34->34
[2022-05-19T10:15:26.557+0000][163][gc,metaspace   ] GC(102) Metaspace: 100799K(102464K)->100799K(102464K) NonClass: 86908K(87936K)->86908K(87936K) Class: 13891K(14528K)->13891K(14528K)
[2022-05-19T10:15:26.557+0000][163][gc             ] GC(102) Pause Young (Normal) (G1 Evacuation Pause) 390M->343M(512M) 6.470ms
[2022-05-19T10:15:26.557+0000][163][gc,cpu         ] GC(102) User=0.02s Sys=0.00s Real=0.01s
[2022-05-19T10:15:26.558+0000][163][safepoint      ] Safepoint "G1CollectForAllocation", Time since last: 367829400 ns, Reaching safepoint: 256200 ns, At safepoint: 6828100 ns, Total: 7084300 ns
[2022-05-19T10:15:27.126+0000][163][gc,start       ] GC(103) Pause Young (Concurrent Start) (G1 Evacuation Pause)
[2022-05-19T10:15:27.126+0000][163][gc,task        ] GC(103) Using 10 workers of 10 for evacuation
[2022-05-19T10:15:27.126+0000][163][gc,age         ] GC(103) Desired survivor size 6291456 bytes, new threshold 15 (max threshold 15)
[2022-05-19T10:15:27.129+0000][163][gc,age         ] GC(103) Age table with threshold 15 (max threshold 15)
[2022-05-19T10:15:27.129+0000][163][gc,age         ] GC(103) - age   1:     923496 bytes,     923496 total
[2022-05-19T10:15:27.129+0000][163][gc,age         ] GC(103) - age   2:     689824 bytes,    1613320 total
[2022-05-19T10:15:27.129+0000][163][gc,age         ] GC(103) - age   3:     918272 bytes,    2531592 total
[2022-05-19T10:15:27.130+0000][163][gc,age         ] GC(103) - age   4:     458976 bytes,    2990568 total
[2022-05-19T10:15:27.130+0000][163][gc,age         ] GC(103) - age   5:     885384 bytes,    3875952 total
[2022-05-19T10:15:27.130+0000][163][gc,age         ] GC(103) - age   6:     557328 bytes,    4433280 total
[2022-05-19T10:15:27.130+0000][163][gc,age         ] GC(103) - age   7:     853344 bytes,    5286624 total
[2022-05-19T10:15:27.130+0000][163][gc,age         ] GC(103) - age   8:     459008 bytes,    5745632 total
[2022-05-19T10:15:27.130+0000][163][gc,phases      ] GC(103)   Pre Evacuate Collection Set: 0.2ms
[2022-05-19T10:15:27.131+0000][163][gc,phases      ] GC(103)   Merge Heap Roots: 0.2ms
[2022-05-19T10:15:27.131+0000][163][gc,phases      ] GC(103)   Evacuate Collection Set: 1.4ms
[2022-05-19T10:15:27.131+0000][163][gc,phases      ] GC(103)   Post Evacuate Collection Set: 0.6ms
[2022-05-19T10:15:27.131+0000][163][gc,phases      ] GC(103)   Other: 2.2ms
[2022-05-19T10:15:27.131+0000][163][gc,heap        ] GC(103) Eden regions: 16->0(16)
[2022-05-19T10:15:27.131+0000][163][gc,heap        ] GC(103) Survivor regions: 2->2(3)
[2022-05-19T10:15:27.131+0000][163][gc,heap        ] GC(103) Old regions: 52->52
[2022-05-19T10:15:27.132+0000][163][gc,heap        ] GC(103) Archive regions: 2->2
[2022-05-19T10:15:27.132+0000][163][gc,heap        ] GC(103) Humongous regions: 34->34
[2022-05-19T10:15:27.132+0000][163][gc,metaspace   ] GC(103) Metaspace: 100799K(102464K)->100799K(102464K) NonClass: 86908K(87936K)->86908K(87936K) Class: 13891K(14528K)->13891K(14528K)
[2022-05-19T10:15:27.132+0000][163][gc             ] GC(103) Pause Young (Concurrent Start) (G1 Evacuation Pause) 407M->344M(512M) 6.031ms
[2022-05-19T10:15:27.132+0000][163][gc,cpu         ] GC(103) User=0.01s Sys=0.00s Real=0.00s
[2022-05-19T10:15:27.132+0000][163][gc             ] GC(104) Concurrent Mark Cycle
[2022-05-19T10:15:27.132+0000][163][gc,marking     ] GC(104) Concurrent Clear Claimed Marks
[2022-05-19T10:15:27.132+0000][163][safepoint      ] Safepoint "G1CollectForAllocation", Time since last: 568105700 ns, Reaching safepoint: 197500 ns, At safepoint: 6367700 ns, Total: 6565200 ns
[2022-05-19T10:15:27.133+0000][163][gc,marking     ] GC(104) Concurrent Clear Claimed Marks 0.201ms
[2022-05-19T10:15:27.133+0000][163][gc,marking     ] GC(104) Concurrent Scan Root Regions
[2022-05-19T10:15:27.134+0000][163][gc,marking     ] GC(104) Concurrent Scan Root Regions 1.073ms
[2022-05-19T10:15:27.134+0000][163][gc,marking     ] GC(104) Concurrent Mark
[2022-05-19T10:15:27.134+0000][163][gc,marking     ] GC(104) Concurrent Mark From Roots
[2022-05-19T10:15:27.134+0000][163][gc,task        ] GC(104) Using 3 workers of 3 for marking
[2022-05-19T10:15:27.177+0000][163][gc,marking     ] GC(104) Concurrent Mark From Roots 42.548ms
[2022-05-19T10:15:27.177+0000][163][gc,marking     ] GC(104) Concurrent Preclean
[2022-05-19T10:15:27.178+0000][163][gc,marking     ] GC(104) Concurrent Preclean 0.775ms
[2022-05-19T10:15:27.178+0000][163][gc,start       ] GC(104) Pause Remark
[2022-05-19T10:15:27.182+0000][163][gc             ] GC(104) Pause Remark 349M->349M(512M) 3.114ms
[2022-05-19T10:15:27.182+0000][163][gc,cpu         ] GC(104) User=0.02s Sys=0.00s Real=0.00s
[2022-05-19T10:15:27.182+0000][163][safepoint      ] Safepoint "G1Concurrent", Time since last: 45830100 ns, Reaching safepoint: 301200 ns, At safepoint: 3610800 ns, Total: 3912000 ns
[2022-05-19T10:15:27.182+0000][163][gc,marking     ] GC(104) Concurrent Mark 48.160ms
[2022-05-19T10:15:27.182+0000][163][gc,marking     ] GC(104) Concurrent Rebuild Remembered Sets
[2022-05-19T10:15:27.204+0000][163][gc,marking     ] GC(104) Concurrent Rebuild Remembered Sets 21.581ms
[2022-05-19T10:15:27.205+0000][163][gc,start       ] GC(104) Pause Cleanup
[2022-05-19T10:15:27.205+0000][163][gc             ] GC(104) Pause Cleanup 352M->352M(512M) 0.453ms
[2022-05-19T10:15:27.205+0000][163][gc,cpu         ] GC(104) User=0.00s Sys=0.00s Real=0.00s
[2022-05-19T10:15:27.206+0000][163][safepoint      ] Safepoint "G1Concurrent", Time since last: 22319600 ns, Reaching safepoint: 332000 ns, At safepoint: 1060200 ns, Total: 1392200 ns
[2022-05-19T10:15:27.206+0000][163][gc,marking     ] GC(104) Concurrent Cleanup for Next Mark
[2022-05-19T10:15:27.207+0000][163][gc,marking     ] GC(104) Concurrent Cleanup for Next Mark 0.569ms
[2022-05-19T10:15:27.207+0000][163][gc             ] GC(104) Concurrent Mark Cycle 74.503ms
[2022-05-19T10:15:27.704+0000][163][gc,start       ] GC(105) Pause Young (Normal) (G1 Evacuation Pause)
[2022-05-19T10:15:27.705+0000][163][gc,task        ] GC(105) Using 10 workers of 10 for evacuation
[2022-05-19T10:15:27.705+0000][163][gc,age         ] GC(105) Desired survivor size 6291456 bytes, new threshold 15 (max threshold 15)
[2022-05-19T10:15:27.707+0000][163][gc,age         ] GC(105) Age table with threshold 15 (max threshold 15)
[2022-05-19T10:15:27.707+0000][163][gc,age         ] GC(105) - age   1:     919664 bytes,     919664 total
[2022-05-19T10:15:27.708+0000][163][gc,age         ] GC(105) - age   2:     923080 bytes,    1842744 total
[2022-05-19T10:15:27.708+0000][163][gc,age         ] GC(105) - age   3:     688464 bytes,    2531208 total
[2022-05-19T10:15:27.708+0000][163][gc,age         ] GC(105) - age   4:     918272 bytes,    3449480 total
[2022-05-19T10:15:27.708+0000][163][gc,age         ] GC(105) - age   5:     458976 bytes,    3908456 total
[2022-05-19T10:15:27.708+0000][163][gc,age         ] GC(105) - age   6:     885384 bytes,    4793840 total
[2022-05-19T10:15:27.708+0000][163][gc,age         ] GC(105) - age   7:     557328 bytes,    5351168 total
[2022-05-19T10:15:27.708+0000][163][gc,age         ] GC(105) - age   8:     853344 bytes,    6204512 total
[2022-05-19T10:15:27.709+0000][163][gc,age         ] GC(105) - age   9:     458976 bytes,    6663488 total
[2022-05-19T10:15:27.709+0000][163][gc,phases      ] GC(105)   Pre Evacuate Collection Set: 0.2ms
[2022-05-19T10:15:27.709+0000][163][gc,phases      ] GC(105)   Merge Heap Roots: 0.2ms
[2022-05-19T10:15:27.709+0000][163][gc,phases      ] GC(105)   Evacuate Collection Set: 1.3ms
[2022-05-19T10:15:27.709+0000][163][gc,phases      ] GC(105)   Post Evacuate Collection Set: 0.6ms
[2022-05-19T10:15:27.709+0000][163][gc,phases      ] GC(105)   Other: 2.1ms
[2022-05-19T10:15:27.709+0000][163][gc,heap        ] GC(105) Eden regions: 16->0(16)
[2022-05-19T10:15:27.710+0000][163][gc,heap        ] GC(105) Survivor regions: 2->2(3)
[2022-05-19T10:15:27.710+0000][163][gc,heap        ] GC(105) Old regions: 52->52
[2022-05-19T10:15:27.710+0000][163][gc,heap        ] GC(105) Archive regions: 2->2
[2022-05-19T10:15:27.710+0000][163][gc,heap        ] GC(105) Humongous regions: 34->34
[2022-05-19T10:15:27.710+0000][163][gc,metaspace   ] GC(105) Metaspace: 100799K(102464K)->100799K(102464K) NonClass: 86908K(87936K)->86908K(87936K) Class: 13891K(14528K)->13891K(14528K)
[2022-05-19T10:15:27.710+0000][163][gc             ] GC(105) Pause Young (Normal) (G1 Evacuation Pause) 408M->345M(512M) 5.999ms
[2022-05-19T10:15:27.711+0000][163][gc,cpu         ] GC(105) User=0.02s Sys=0.00s Real=0.00s
[2022-05-19T10:15:27.711+0000][163][safepoint      ] Safepoint "G1CollectForAllocation", Time since last: 498358400 ns, Reaching safepoint: 217300 ns, At safepoint: 6409600 ns, Total: 6626900 ns
[2022-05-19T10:15:28.232+0000][163][gc,start       ] GC(106) Pause Young (Concurrent Start) (G1 Evacuation Pause)
[2022-05-19T10:15:28.233+0000][163][gc,task        ] GC(106) Using 10 workers of 10 for evacuation
[2022-05-19T10:15:28.233+0000][163][gc,age         ] GC(106) Desired survivor size 6291456 bytes, new threshold 9 (max threshold 15)
[2022-05-19T10:15:28.236+0000][163][gc,age         ] GC(106) Age table with threshold 9 (max threshold 15)
[2022-05-19T10:15:28.236+0000][163][gc,age         ] GC(106) - age   1:     919112 bytes,     919112 total
[2022-05-19T10:15:28.236+0000][163][gc,age         ] GC(106) - age   2:     919312 bytes,    1838424 total
[2022-05-19T10:15:28.237+0000][163][gc,age         ] GC(106) - age   3:     922328 bytes,    2760752 total
[2022-05-19T10:15:28.237+0000][163][gc,age         ] GC(106) - age   4:     688464 bytes,    3449216 total
[2022-05-19T10:15:28.237+0000][163][gc,age         ] GC(106) - age   5:     918240 bytes,    4367456 total
[2022-05-19T10:15:28.237+0000][163][gc,age         ] GC(106) - age   6:     458976 bytes,    4826432 total
[2022-05-19T10:15:28.237+0000][163][gc,age         ] GC(106) - age   7:     885384 bytes,    5711816 total
[2022-05-19T10:15:28.237+0000][163][gc,age         ] GC(106) - age   8:     557328 bytes,    6269144 total
[2022-05-19T10:15:28.238+0000][163][gc,age         ] GC(106) - age   9:     853312 bytes,    7122456 total
[2022-05-19T10:15:28.238+0000][163][gc,phases      ] GC(106)   Pre Evacuate Collection Set: 0.3ms
[2022-05-19T10:15:28.238+0000][163][gc,phases      ] GC(106)   Merge Heap Roots: 0.2ms
[2022-05-19T10:15:28.238+0000][163][gc,phases      ] GC(106)   Evacuate Collection Set: 1.6ms
[2022-05-19T10:15:28.238+0000][163][gc,phases      ] GC(106)   Post Evacuate Collection Set: 0.7ms
[2022-05-19T10:15:28.238+0000][163][gc,phases      ] GC(106)   Other: 2.6ms
[2022-05-19T10:15:28.238+0000][163][gc,heap        ] GC(106) Eden regions: 16->0(15)
[2022-05-19T10:15:28.239+0000][163][gc,heap        ] GC(106) Survivor regions: 2->2(3)
[2022-05-19T10:15:28.239+0000][163][gc,heap        ] GC(106) Old regions: 52->52
[2022-05-19T10:15:28.239+0000][163][gc,heap        ] GC(106) Archive regions: 2->2
[2022-05-19T10:15:28.239+0000][163][gc,heap        ] GC(106) Humongous regions: 34->34
[2022-05-19T10:15:28.239+0000][163][gc,metaspace   ] GC(106) Metaspace: 100799K(102464K)->100799K(102464K) NonClass: 86908K(87936K)->86908K(87936K) Class: 13891K(14528K)->13891K(14528K)
[2022-05-19T10:15:28.239+0000][163][gc             ] GC(106) Pause Young (Concurrent Start) (G1 Evacuation Pause) 409M->346M(512M) 6.966ms
[2022-05-19T10:15:28.240+0000][163][gc,cpu         ] GC(106) User=0.01s Sys=0.00s Real=0.01s
[2022-05-19T10:15:28.240+0000][163][gc             ] GC(107) Concurrent Mark Cycle
[2022-05-19T10:15:28.240+0000][163][gc,marking     ] GC(107) Concurrent Clear Claimed Marks
[2022-05-19T10:15:28.240+0000][163][safepoint      ] Safepoint "G1CollectForAllocation", Time since last: 521354100 ns, Reaching safepoint: 280900 ns, At safepoint: 7367400 ns, Total: 7648300 ns
[2022-05-19T10:15:28.240+0000][163][gc,marking     ] GC(107) Concurrent Clear Claimed Marks 0.212ms
[2022-05-19T10:15:28.240+0000][163][gc,marking     ] GC(107) Concurrent Scan Root Regions
[2022-05-19T10:15:28.241+0000][163][gc,marking     ] GC(107) Concurrent Scan Root Regions 0.965ms
[2022-05-19T10:15:28.241+0000][163][gc,marking     ] GC(107) Concurrent Mark
[2022-05-19T10:15:28.242+0000][163][gc,marking     ] GC(107) Concurrent Mark From Roots
[2022-05-19T10:15:28.242+0000][163][gc,task        ] GC(107) Using 3 workers of 3 for marking
[2022-05-19T10:15:28.285+0000][163][gc,marking     ] GC(107) Concurrent Mark From Roots 43.602ms
[2022-05-19T10:15:28.286+0000][163][gc,marking     ] GC(107) Concurrent Preclean
[2022-05-19T10:15:28.287+0000][163][gc,marking     ] GC(107) Concurrent Preclean 0.981ms
[2022-05-19T10:15:28.287+0000][163][gc,start       ] GC(107) Pause Remark
[2022-05-19T10:15:28.291+0000][163][gc             ] GC(107) Pause Remark 360M->360M(512M) 3.162ms
[2022-05-19T10:15:28.291+0000][163][gc,cpu         ] GC(107) User=0.02s Sys=0.00s Real=0.00s
[2022-05-19T10:15:28.291+0000][163][safepoint      ] Safepoint "G1Concurrent", Time since last: 47254900 ns, Reaching safepoint: 476000 ns, At safepoint: 3727400 ns, Total: 4203400 ns
[2022-05-19T10:15:28.291+0000][163][gc,marking     ] GC(107) Concurrent Mark 50.025ms
[2022-05-19T10:15:28.292+0000][163][gc,marking     ] GC(107) Concurrent Rebuild Remembered Sets
[2022-05-19T10:15:28.313+0000][163][gc,marking     ] GC(107) Concurrent Rebuild Remembered Sets 21.420ms
[2022-05-19T10:15:28.314+0000][163][gc,start       ] GC(107) Pause Cleanup
[2022-05-19T10:15:28.315+0000][163][gc             ] GC(107) Pause Cleanup 363M->363M(512M) 0.584ms
[2022-05-19T10:15:28.315+0000][163][gc,cpu         ] GC(107) User=0.00s Sys=0.00s Real=0.01s
[2022-05-19T10:15:28.315+0000][163][safepoint      ] Safepoint "G1Concurrent", Time since last: 22322700 ns, Reaching safepoint: 465600 ns, At safepoint: 1189800 ns, Total: 1655400 ns
[2022-05-19T10:15:28.316+0000][163][gc,marking     ] GC(107) Concurrent Cleanup for Next Mark
[2022-05-19T10:15:28.316+0000][163][gc,marking     ] GC(107) Concurrent Cleanup for Next Mark 0.577ms
[2022-05-19T10:15:28.316+0000][163][gc             ] GC(107) Concurrent Mark Cycle 76.670ms
[2022-05-19T10:15:28.621+0000][163][gc,start       ] GC(108) Pause Young (Normal) (G1 Evacuation Pause)
[2022-05-19T10:15:28.621+0000][163][gc,task        ] GC(108) Using 10 workers of 10 for evacuation
[2022-05-19T10:15:28.621+0000][163][gc,age         ] GC(108) Desired survivor size 6291456 bytes, new threshold 9 (max threshold 15)
[2022-05-19T10:15:28.627+0000][163][gc,age         ] GC(108) Age table with threshold 9 (max threshold 15)
[2022-05-19T10:15:28.628+0000][163][gc,age         ] GC(108) - age   1:   11581304 bytes,   11581304 total
[2022-05-19T10:15:28.628+0000][163][gc,age         ] GC(108) - age   2:        816 bytes,   11582120 total
[2022-05-19T10:15:28.628+0000][163][gc,age         ] GC(108) - age   4:       4376 bytes,   11586496 total
[2022-05-19T10:15:28.628+0000][163][gc,age         ] GC(108) - age   6:        288 bytes,   11586784 total
[2022-05-19T10:15:28.628+0000][163][gc,age         ] GC(108) - age   8:        216 bytes,   11587000 total
[2022-05-19T10:15:28.628+0000][163][gc,phases      ] GC(108)   Pre Evacuate Collection Set: 0.2ms
[2022-05-19T10:15:28.628+0000][163][gc,phases      ] GC(108)   Merge Heap Roots: 0.2ms
[2022-05-19T10:15:28.629+0000][163][gc,phases      ] GC(108)   Evacuate Collection Set: 4.5ms
[2022-05-19T10:15:28.629+0000][163][gc,phases      ] GC(108)   Post Evacuate Collection Set: 0.8ms
[2022-05-19T10:15:28.629+0000][163][gc,phases      ] GC(108)   Other: 1.5ms
[2022-05-19T10:15:28.629+0000][163][gc,heap        ] GC(108) Eden regions: 16->0(12)
[2022-05-19T10:15:28.629+0000][163][gc,heap        ] GC(108) Survivor regions: 2->3(3)
[2022-05-19T10:15:28.629+0000][163][gc,heap        ] GC(108) Old regions: 52->54
[2022-05-19T10:15:28.629+0000][163][gc,heap        ] GC(108) Archive regions: 2->2
[2022-05-19T10:15:28.629+0000][163][gc,heap        ] GC(108) Humongous regions: 34->34
[2022-05-19T10:15:28.629+0000][163][gc,metaspace   ] GC(108) Metaspace: 100802K(102464K)->100802K(102464K) NonClass: 86911K(87936K)->86911K(87936K) Class: 13891K(14528K)->13891K(14528K)
[2022-05-19T10:15:28.630+0000][163][gc             ] GC(108) Pause Young (Normal) (G1 Evacuation Pause) 410M->360M(512M) 8.452ms
[2022-05-19T10:15:28.630+0000][163][gc,cpu         ] GC(108) User=0.05s Sys=0.00s Real=0.01s
[2022-05-19T10:15:28.630+0000][163][safepoint      ] Safepoint "G1CollectForAllocation", Time since last: 305572200 ns, Reaching safepoint: 298000 ns, At safepoint: 8745900 ns, Total: 9043900 ns
[2022-05-19T10:15:28.825+0000][163][gc,start       ] GC(109) Pause Young (Concurrent Start) (G1 Evacuation Pause)
[2022-05-19T10:15:28.825+0000][163][gc,task        ] GC(109) Using 10 workers of 10 for evacuation
[2022-05-19T10:15:28.826+0000][163][gc,age         ] GC(109) Desired survivor size 4194304 bytes, new threshold 1 (max threshold 15)
[2022-05-19T10:15:28.830+0000][163][gc,age         ] GC(109) Age table with threshold 1 (max threshold 15)
[2022-05-19T10:15:28.831+0000][163][gc,age         ] GC(109) - age   1:    2038408 bytes,    2038408 total
[2022-05-19T10:15:28.831+0000][163][gc,phases      ] GC(109)   Pre Evacuate Collection Set: 0.4ms
[2022-05-19T10:15:28.831+0000][163][gc,phases      ] GC(109)   Merge Heap Roots: 0.2ms
[2022-05-19T10:15:28.831+0000][163][gc,phases      ] GC(109)   Evacuate Collection Set: 2.7ms
[2022-05-19T10:15:28.832+0000][163][gc,phases      ] GC(109)   Post Evacuate Collection Set: 0.9ms
[2022-05-19T10:15:28.832+0000][163][gc,phases      ] GC(109)   Other: 2.0ms
[2022-05-19T10:15:28.832+0000][163][gc,heap        ] GC(109) Eden regions: 12->0(11)
[2022-05-19T10:15:28.832+0000][163][gc,heap        ] GC(109) Survivor regions: 3->1(2)
[2022-05-19T10:15:28.832+0000][163][gc,heap        ] GC(109) Old regions: 54->57
[2022-05-19T10:15:28.833+0000][163][gc,heap        ] GC(109) Archive regions: 2->2
[2022-05-19T10:15:28.833+0000][163][gc,heap        ] GC(109) Humongous regions: 34->34
[2022-05-19T10:15:28.833+0000][163][gc,metaspace   ] GC(109) Metaspace: 100802K(102464K)->100802K(102464K) NonClass: 86911K(87936K)->86911K(87936K) Class: 13891K(14528K)->13891K(14528K)
[2022-05-19T10:15:28.833+0000][163][gc             ] GC(109) Pause Young (Concurrent Start) (G1 Evacuation Pause) 408M->362M(512M) 8.195ms
[2022-05-19T10:15:28.833+0000][163][gc,cpu         ] GC(109) User=0.02s Sys=0.00s Real=0.00s
[2022-05-19T10:15:28.833+0000][163][gc             ] GC(110) Concurrent Mark Cycle
[2022-05-19T10:15:28.833+0000][163][gc,marking     ] GC(110) Concurrent Clear Claimed Marks
[2022-05-19T10:15:28.833+0000][163][safepoint      ] Safepoint "G1CollectForAllocation", Time since last: 194583500 ns, Reaching safepoint: 303600 ns, At safepoint: 8524200 ns, Total: 8827800 ns
[2022-05-19T10:15:28.834+0000][163][gc,marking     ] GC(110) Concurrent Clear Claimed Marks 0.209ms
[2022-05-19T10:15:28.834+0000][163][gc,marking     ] GC(110) Concurrent Scan Root Regions
[2022-05-19T10:15:28.835+0000][163][gc,marking     ] GC(110) Concurrent Scan Root Regions 0.939ms
[2022-05-19T10:15:28.835+0000][163][gc,marking     ] GC(110) Concurrent Mark
[2022-05-19T10:15:28.835+0000][163][gc,marking     ] GC(110) Concurrent Mark From Roots
[2022-05-19T10:15:28.835+0000][163][gc,task        ] GC(110) Using 3 workers of 3 for marking
[2022-05-19T10:15:28.885+0000][163][gc,marking     ] GC(110) Concurrent Mark From Roots 49.654ms
[2022-05-19T10:15:28.885+0000][163][gc,marking     ] GC(110) Concurrent Preclean
[2022-05-19T10:15:28.886+0000][163][gc,marking     ] GC(110) Concurrent Preclean 0.691ms
[2022-05-19T10:15:28.886+0000][163][gc,start       ] GC(110) Pause Remark
[2022-05-19T10:15:28.890+0000][163][gc             ] GC(110) Pause Remark 374M->374M(512M) 3.741ms
[2022-05-19T10:15:28.890+0000][163][gc,cpu         ] GC(110) User=0.03s Sys=0.00s Real=0.00s
[2022-05-19T10:15:28.890+0000][163][safepoint      ] Safepoint "G1Concurrent", Time since last: 52568700 ns, Reaching safepoint: 259400 ns, At safepoint: 4455900 ns, Total: 4715300 ns
[2022-05-19T10:15:28.891+0000][163][gc,marking     ] GC(110) Concurrent Mark 56.007ms
[2022-05-19T10:15:28.891+0000][163][gc,marking     ] GC(110) Concurrent Rebuild Remembered Sets
[2022-05-19T10:15:28.914+0000][163][gc,marking     ] GC(110) Concurrent Rebuild Remembered Sets 23.401ms
[2022-05-19T10:15:28.915+0000][163][gc,start       ] GC(110) Pause Cleanup
[2022-05-19T10:15:28.915+0000][163][gc             ] GC(110) Pause Cleanup 380M->380M(512M) 0.353ms
[2022-05-19T10:15:28.915+0000][163][gc,cpu         ] GC(110) User=0.00s Sys=0.00s Real=0.00s
[2022-05-19T10:15:28.916+0000][163][safepoint      ] Safepoint "G1Concurrent", Time since last: 24118000 ns, Reaching safepoint: 256200 ns, At safepoint: 729500 ns, Total: 985700 ns
[2022-05-19T10:15:28.916+0000][163][gc,marking     ] GC(110) Concurrent Cleanup for Next Mark
[2022-05-19T10:15:28.916+0000][163][gc,marking     ] GC(110) Concurrent Cleanup for Next Mark 0.467ms
[2022-05-19T10:15:28.917+0000][163][gc             ] GC(110) Concurrent Mark Cycle 83.409ms
[2022-05-19T10:15:29.040+0000][163][gc,start       ] GC(111) Pause Young (Prepare Mixed) (G1 Evacuation Pause)
[2022-05-19T10:15:29.040+0000][163][gc,task        ] GC(111) Using 10 workers of 10 for evacuation
[2022-05-19T10:15:29.041+0000][163][gc,age         ] GC(111) Desired survivor size 4194304 bytes, new threshold 15 (max threshold 15)
[2022-05-19T10:15:29.043+0000][163][gc,age         ] GC(111) Age table with threshold 15 (max threshold 15)
[2022-05-19T10:15:29.044+0000][163][gc,age         ] GC(111) - age   1:    2075416 bytes,    2075416 total
[2022-05-19T10:15:29.044+0000][163][gc,age         ] GC(111) - age   2:    1252040 bytes,    3327456 total
[2022-05-19T10:15:29.044+0000][163][gc,phases      ] GC(111)   Pre Evacuate Collection Set: 0.3ms
[2022-05-19T10:15:29.044+0000][163][gc,phases      ] GC(111)   Merge Heap Roots: 0.3ms
[2022-05-19T10:15:29.045+0000][163][gc,phases      ] GC(111)   Evacuate Collection Set: 1.0ms
[2022-05-19T10:15:29.045+0000][163][gc,phases      ] GC(111)   Post Evacuate Collection Set: 0.9ms
[2022-05-19T10:15:29.045+0000][163][gc,phases      ] GC(111)   Other: 1.9ms
[2022-05-19T10:15:29.045+0000][163][gc,heap        ] GC(111) Eden regions: 11->0(5)
[2022-05-19T10:15:29.045+0000][163][gc,heap        ] GC(111) Survivor regions: 1->1(2)
[2022-05-19T10:15:29.045+0000][163][gc,heap        ] GC(111) Old regions: 57->57
[2022-05-19T10:15:29.046+0000][163][gc,heap        ] GC(111) Archive regions: 2->2
[2022-05-19T10:15:29.046+0000][163][gc,heap        ] GC(111) Humongous regions: 34->34
[2022-05-19T10:15:29.046+0000][163][gc,metaspace   ] GC(111) Metaspace: 100802K(102464K)->100802K(102464K) NonClass: 86911K(87936K)->86911K(87936K) Class: 13891K(14528K)->13891K(14528K)
[2022-05-19T10:15:29.046+0000][163][gc             ] GC(111) Pause Young (Prepare Mixed) (G1 Evacuation Pause) 406M->364M(512M) 6.247ms
[2022-05-19T10:15:29.046+0000][163][gc,cpu         ] GC(111) User=0.01s Sys=0.00s Real=0.01s
[2022-05-19T10:15:29.046+0000][163][safepoint      ] Safepoint "G1CollectForAllocation", Time since last: 123610800 ns, Reaching safepoint: 536600 ns, At safepoint: 6598300 ns, Total: 7134900 ns
[2022-05-19T10:15:29.126+0000][163][gc,start       ] GC(112) Pause Young (Mixed) (G1 Evacuation Pause)
[2022-05-19T10:15:29.126+0000][163][gc,task        ] GC(112) Using 10 workers of 10 for evacuation
[2022-05-19T10:15:29.127+0000][163][gc,age         ] GC(112) Desired survivor size 2097152 bytes, new threshold 2 (max threshold 15)
[2022-05-19T10:15:29.129+0000][163][gc,age         ] GC(112) Age table with threshold 2 (max threshold 15)
[2022-05-19T10:15:29.129+0000][163][gc,age         ] GC(112) - age   1:     486424 bytes,     486424 total
[2022-05-19T10:15:29.129+0000][163][gc,age         ] GC(112) - age   2:    1866672 bytes,    2353096 total
[2022-05-19T10:15:29.129+0000][163][gc,phases      ] GC(112)   Pre Evacuate Collection Set: 0.2ms
[2022-05-19T10:15:29.129+0000][163][gc,phases      ] GC(112)   Merge Heap Roots: 0.1ms
[2022-05-19T10:15:29.130+0000][163][gc,phases      ] GC(112)   Evacuate Collection Set: 1.0ms
[2022-05-19T10:15:29.130+0000][163][gc,phases      ] GC(112)   Post Evacuate Collection Set: 0.6ms
[2022-05-19T10:15:29.130+0000][163][gc,phases      ] GC(112)   Other: 1.2ms
[2022-05-19T10:15:29.130+0000][163][gc,heap        ] GC(112) Eden regions: 5->0(12)
[2022-05-19T10:15:29.130+0000][163][gc,heap        ] GC(112) Survivor regions: 1->1(1)
[2022-05-19T10:15:29.130+0000][163][gc,heap        ] GC(112) Old regions: 57->56
[2022-05-19T10:15:29.130+0000][163][gc,heap        ] GC(112) Archive regions: 2->2
[2022-05-19T10:15:29.130+0000][163][gc,heap        ] GC(112) Humongous regions: 34->34
[2022-05-19T10:15:29.130+0000][163][gc,metaspace   ] GC(112) Metaspace: 100802K(102464K)->100802K(102464K) NonClass: 86911K(87936K)->86911K(87936K) Class: 13891K(14528K)->13891K(14528K)
[2022-05-19T10:15:29.131+0000][163][gc             ] GC(112) Pause Young (Mixed) (G1 Evacuation Pause) 384M->360M(512M) 4.435ms
[2022-05-19T10:15:29.131+0000][163][gc,cpu         ] GC(112) User=0.01s Sys=0.00s Real=0.00s
[2022-05-19T10:15:29.131+0000][163][safepoint      ] Safepoint "G1CollectForAllocation", Time since last: 79432300 ns, Reaching safepoint: 277000 ns, At safepoint: 4724300 ns, Total: 5001300 ns
[2022-05-19T10:15:29.322+0000][163][gc,start       ] GC(113) Pause Young (Concurrent Start) (G1 Evacuation Pause)
[2022-05-19T10:15:29.322+0000][163][gc,task        ] GC(113) Using 10 workers of 10 for evacuation
[2022-05-19T10:15:29.323+0000][163][gc,age         ] GC(113) Desired survivor size 4194304 bytes, new threshold 15 (max threshold 15)
[2022-05-19T10:15:29.327+0000][163][gc,age         ] GC(113) Age table with threshold 15 (max threshold 15)
[2022-05-19T10:15:29.327+0000][163][gc,age         ] GC(113) - age   1:    1859224 bytes,    1859224 total
[2022-05-19T10:15:29.328+0000][163][gc,age         ] GC(113) - age   2:     301008 bytes,    2160232 total
[2022-05-19T10:15:29.328+0000][163][gc,age         ] GC(113) - age   3:    1049904 bytes,    3210136 total
[2022-05-19T10:15:29.328+0000][163][gc,phases      ] GC(113)   Pre Evacuate Collection Set: 0.4ms
[2022-05-19T10:15:29.328+0000][163][gc,phases      ] GC(113)   Merge Heap Roots: 0.3ms
[2022-05-19T10:15:29.328+0000][163][gc,phases      ] GC(113)   Evacuate Collection Set: 2.5ms
[2022-05-19T10:15:29.329+0000][163][gc,phases      ] GC(113)   Post Evacuate Collection Set: 0.7ms
[2022-05-19T10:15:29.329+0000][163][gc,phases      ] GC(113)   Other: 2.6ms
[2022-05-19T10:15:29.329+0000][163][gc,heap        ] GC(113) Eden regions: 12->0(12)
[2022-05-19T10:15:29.329+0000][163][gc,heap        ] GC(113) Survivor regions: 1->1(2)
[2022-05-19T10:15:29.329+0000][163][gc,heap        ] GC(113) Old regions: 56->56
[2022-05-19T10:15:29.329+0000][163][gc,heap        ] GC(113) Archive regions: 2->2
[2022-05-19T10:15:29.329+0000][163][gc,heap        ] GC(113) Humongous regions: 34->34
[2022-05-19T10:15:29.329+0000][163][gc,metaspace   ] GC(113) Metaspace: 100803K(102464K)->100803K(102464K) NonClass: 86912K(87936K)->86912K(87936K) Class: 13891K(14528K)->13891K(14528K)
[2022-05-19T10:15:29.330+0000][163][gc             ] GC(113) Pause Young (Concurrent Start) (G1 Evacuation Pause) 408M->361M(512M) 7.844ms
[2022-05-19T10:15:29.330+0000][163][gc,cpu         ] GC(113) User=0.02s Sys=0.00s Real=0.01s
[2022-05-19T10:15:29.330+0000][163][gc             ] GC(114) Concurrent Mark Cycle
[2022-05-19T10:15:29.330+0000][163][gc,marking     ] GC(114) Concurrent Clear Claimed Marks
[2022-05-19T10:15:29.330+0000][163][safepoint      ] Safepoint "G1CollectForAllocation", Time since last: 189996800 ns, Reaching safepoint: 261300 ns, At safepoint: 8200200 ns, Total: 8461500 ns
[2022-05-19T10:15:29.330+0000][163][gc,marking     ] GC(114) Concurrent Clear Claimed Marks 0.248ms
[2022-05-19T10:15:29.331+0000][163][gc,marking     ] GC(114) Concurrent Scan Root Regions
[2022-05-19T10:15:29.332+0000][163][gc,marking     ] GC(114) Concurrent Scan Root Regions 1.017ms
[2022-05-19T10:15:29.332+0000][163][gc,marking     ] GC(114) Concurrent Mark
[2022-05-19T10:15:29.332+0000][163][gc,marking     ] GC(114) Concurrent Mark From Roots
[2022-05-19T10:15:29.332+0000][163][gc,task        ] GC(114) Using 3 workers of 3 for marking
[2022-05-19T10:15:29.380+0000][163][gc,marking     ] GC(114) Concurrent Mark From Roots 47.940ms
[2022-05-19T10:15:29.380+0000][163][gc,marking     ] GC(114) Concurrent Preclean
[2022-05-19T10:15:29.381+0000][163][gc,marking     ] GC(114) Concurrent Preclean 0.605ms
[2022-05-19T10:15:29.381+0000][163][gc,start       ] GC(114) Pause Remark
[2022-05-19T10:15:29.384+0000][163][gc             ] GC(114) Pause Remark 370M->370M(512M) 3.216ms
[2022-05-19T10:15:29.385+0000][163][gc,cpu         ] GC(114) User=0.02s Sys=0.01s Real=0.00s
[2022-05-19T10:15:29.385+0000][163][safepoint      ] Safepoint "G1Concurrent", Time since last: 51050800 ns, Reaching safepoint: 270800 ns, At safepoint: 3750400 ns, Total: 4021200 ns
[2022-05-19T10:15:29.385+0000][163][gc,marking     ] GC(114) Concurrent Mark 53.464ms
[2022-05-19T10:15:29.385+0000][163][gc,marking     ] GC(114) Concurrent Rebuild Remembered Sets
[2022-05-19T10:15:29.409+0000][163][gc,marking     ] GC(114) Concurrent Rebuild Remembered Sets 23.824ms
[2022-05-19T10:15:29.410+0000][163][gc,start       ] GC(114) Pause Cleanup
[2022-05-19T10:15:29.410+0000][163][gc             ] GC(114) Pause Cleanup 374M->374M(512M) 0.393ms
[2022-05-19T10:15:29.410+0000][163][gc,cpu         ] GC(114) User=0.00s Sys=0.00s Real=0.00s
[2022-05-19T10:15:29.411+0000][163][safepoint      ] Safepoint "G1Concurrent", Time since last: 24590700 ns, Reaching safepoint: 322100 ns, At safepoint: 848800 ns, Total: 1170900 ns
[2022-05-19T10:15:29.411+0000][163][gc,marking     ] GC(114) Concurrent Cleanup for Next Mark
[2022-05-19T10:15:29.411+0000][163][gc,marking     ] GC(114) Concurrent Cleanup for Next Mark 0.386ms
[2022-05-19T10:15:29.411+0000][163][gc             ] GC(114) Concurrent Mark Cycle 81.609ms
[2022-05-19T10:15:29.576+0000][163][gc,start       ] GC(115) Pause Young (Prepare Mixed) (G1 Evacuation Pause)
[2022-05-19T10:15:29.577+0000][163][gc,task        ] GC(115) Using 10 workers of 10 for evacuation
[2022-05-19T10:15:29.577+0000][163][gc,age         ] GC(115) Desired survivor size 4194304 bytes, new threshold 15 (max threshold 15)
[2022-05-19T10:15:29.579+0000][163][gc,age         ] GC(115) Age table with threshold 15 (max threshold 15)
[2022-05-19T10:15:29.579+0000][163][gc,age         ] GC(115) - age   1:     700952 bytes,     700952 total
[2022-05-19T10:15:29.579+0000][163][gc,age         ] GC(115) - age   2:    1638760 bytes,    2339712 total
[2022-05-19T10:15:29.579+0000][163][gc,age         ] GC(115) - age   3:     299808 bytes,    2639520 total
[2022-05-19T10:15:29.579+0000][163][gc,age         ] GC(115) - age   4:    1049056 bytes,    3688576 total
[2022-05-19T10:15:29.579+0000][163][gc,phases      ] GC(115)   Pre Evacuate Collection Set: 0.2ms
[2022-05-19T10:15:29.579+0000][163][gc,phases      ] GC(115)   Merge Heap Roots: 0.2ms
[2022-05-19T10:15:29.579+0000][163][gc,phases      ] GC(115)   Evacuate Collection Set: 0.9ms
[2022-05-19T10:15:29.579+0000][163][gc,phases      ] GC(115)   Post Evacuate Collection Set: 0.6ms
[2022-05-19T10:15:29.580+0000][163][gc,phases      ] GC(115)   Other: 1.1ms
[2022-05-19T10:15:29.580+0000][163][gc,heap        ] GC(115) Eden regions: 12->0(5)
[2022-05-19T10:15:29.580+0000][163][gc,heap        ] GC(115) Survivor regions: 1->1(2)
[2022-05-19T10:15:29.580+0000][163][gc,heap        ] GC(115) Old regions: 56->56
[2022-05-19T10:15:29.580+0000][163][gc,heap        ] GC(115) Archive regions: 2->2
[2022-05-19T10:15:29.580+0000][163][gc,heap        ] GC(115) Humongous regions: 34->34
[2022-05-19T10:15:29.580+0000][163][gc,metaspace   ] GC(115) Metaspace: 100803K(102464K)->100803K(102464K) NonClass: 86912K(87936K)->86912K(87936K) Class: 13891K(14528K)->13891K(14528K)
[2022-05-19T10:15:29.580+0000][163][gc             ] GC(115) Pause Young (Prepare Mixed) (G1 Evacuation Pause) 409M->361M(512M) 4.085ms
[2022-05-19T10:15:29.581+0000][163][gc,cpu         ] GC(115) User=0.01s Sys=0.00s Real=0.00s
[2022-05-19T10:15:29.581+0000][163][safepoint      ] Safepoint "G1CollectForAllocation", Time since last: 165359500 ns, Reaching safepoint: 192200 ns, At safepoint: 4359800 ns, Total: 4552000 ns
[2022-05-19T10:15:29.739+0000][163][gc,start       ] GC(116) Pause Young (Mixed) (G1 Evacuation Pause)
[2022-05-19T10:15:29.739+0000][163][gc,task        ] GC(116) Using 10 workers of 10 for evacuation
[2022-05-19T10:15:29.740+0000][163][gc,age         ] GC(116) Desired survivor size 2097152 bytes, new threshold 2 (max threshold 15)
[2022-05-19T10:15:29.742+0000][163][gc,age         ] GC(116) Age table with threshold 2 (max threshold 15)
[2022-05-19T10:15:29.742+0000][163][gc,age         ] GC(116) - age   1:     311712 bytes,     311712 total
[2022-05-19T10:15:29.742+0000][163][gc,age         ] GC(116) - age   2:     699648 bytes,    1011360 total
[2022-05-19T10:15:29.742+0000][163][gc,phases      ] GC(116)   Pre Evacuate Collection Set: 0.2ms
[2022-05-19T10:15:29.742+0000][163][gc,phases      ] GC(116)   Merge Heap Roots: 0.2ms
[2022-05-19T10:15:29.742+0000][163][gc,phases      ] GC(116)   Evacuate Collection Set: 1.0ms
[2022-05-19T10:15:29.742+0000][163][gc,phases      ] GC(116)   Post Evacuate Collection Set: 0.5ms
[2022-05-19T10:15:29.743+0000][163][gc,phases      ] GC(116)   Other: 1.0ms
[2022-05-19T10:15:29.743+0000][163][gc,heap        ] GC(116) Eden regions: 5->0(13)
[2022-05-19T10:15:29.743+0000][163][gc,heap        ] GC(116) Survivor regions: 1->1(1)
[2022-05-19T10:15:29.743+0000][163][gc,heap        ] GC(116) Old regions: 56->56
[2022-05-19T10:15:29.743+0000][163][gc,heap        ] GC(116) Archive regions: 2->2
[2022-05-19T10:15:29.743+0000][163][gc,heap        ] GC(116) Humongous regions: 34->34
[2022-05-19T10:15:29.743+0000][163][gc,metaspace   ] GC(116) Metaspace: 100804K(102464K)->100804K(102464K) NonClass: 86913K(87936K)->86913K(87936K) Class: 13891K(14528K)->13891K(14528K)
[2022-05-19T10:15:29.744+0000][163][gc             ] GC(116) Pause Young (Mixed) (G1 Evacuation Pause) 381M->358M(512M) 4.320ms
[2022-05-19T10:15:29.744+0000][163][gc,cpu         ] GC(116) User=0.01s Sys=0.00s Real=0.00s
[2022-05-19T10:15:29.744+0000][163][safepoint      ] Safepoint "G1CollectForAllocation", Time since last: 158393700 ns, Reaching safepoint: 189700 ns, At safepoint: 4633200 ns, Total: 4822900 ns
[2022-05-19T10:15:30.131+0000][163][gc,start       ] GC(117) Pause Young (Concurrent Start) (G1 Evacuation Pause)
[2022-05-19T10:15:30.131+0000][163][gc,task        ] GC(117) Using 10 workers of 10 for evacuation
[2022-05-19T10:15:30.131+0000][163][gc,age         ] GC(117) Desired survivor size 4194304 bytes, new threshold 15 (max threshold 15)
[2022-05-19T10:15:30.134+0000][163][gc,age         ] GC(117) Age table with threshold 15 (max threshold 15)
[2022-05-19T10:15:30.135+0000][163][gc,age         ] GC(117) - age   1:     788088 bytes,     788088 total
[2022-05-19T10:15:30.135+0000][163][gc,age         ] GC(117) - age   2:     311352 bytes,    1099440 total
[2022-05-19T10:15:30.135+0000][163][gc,age         ] GC(117) - age   3:     699616 bytes,    1799056 total
[2022-05-19T10:15:30.136+0000][163][gc,phases      ] GC(117)   Pre Evacuate Collection Set: 0.3ms
[2022-05-19T10:15:30.136+0000][163][gc,phases      ] GC(117)   Merge Heap Roots: 0.3ms
[2022-05-19T10:15:30.136+0000][163][gc,phases      ] GC(117)   Evacuate Collection Set: 1.2ms
[2022-05-19T10:15:30.136+0000][163][gc,phases      ] GC(117)   Post Evacuate Collection Set: 1.0ms
[2022-05-19T10:15:30.136+0000][163][gc,phases      ] GC(117)   Other: 2.1ms
[2022-05-19T10:15:30.137+0000][163][gc,heap        ] GC(117) Eden regions: 13->0(13)
[2022-05-19T10:15:30.137+0000][163][gc,heap        ] GC(117) Survivor regions: 1->1(2)
[2022-05-19T10:15:30.137+0000][163][gc,heap        ] GC(117) Old regions: 56->56
[2022-05-19T10:15:30.137+0000][163][gc,heap        ] GC(117) Archive regions: 2->2
[2022-05-19T10:15:30.137+0000][163][gc,heap        ] GC(117) Humongous regions: 34->34
[2022-05-19T10:15:30.137+0000][163][gc,metaspace   ] GC(117) Metaspace: 100804K(102464K)->100804K(102464K) NonClass: 86913K(87936K)->86913K(87936K) Class: 13891K(14528K)->13891K(14528K)
[2022-05-19T10:15:30.138+0000][163][gc             ] GC(117) Pause Young (Concurrent Start) (G1 Evacuation Pause) 410M->358M(512M) 6.907ms
[2022-05-19T10:15:30.138+0000][163][gc,cpu         ] GC(117) User=0.02s Sys=0.00s Real=0.01s
[2022-05-19T10:15:30.138+0000][163][gc             ] GC(118) Concurrent Mark Cycle
[2022-05-19T10:15:30.138+0000][163][gc,marking     ] GC(118) Concurrent Clear Claimed Marks
[2022-05-19T10:15:30.138+0000][163][safepoint      ] Safepoint "G1CollectForAllocation", Time since last: 386440900 ns, Reaching safepoint: 311600 ns, At safepoint: 7237300 ns, Total: 7548900 ns
[2022-05-19T10:15:30.138+0000][163][gc,marking     ] GC(118) Concurrent Clear Claimed Marks 0.210ms
[2022-05-19T10:15:30.138+0000][163][gc,marking     ] GC(118) Concurrent Scan Root Regions
[2022-05-19T10:15:30.139+0000][163][gc,marking     ] GC(118) Concurrent Scan Root Regions 0.902ms
[2022-05-19T10:15:30.139+0000][163][gc,marking     ] GC(118) Concurrent Mark
[2022-05-19T10:15:30.140+0000][163][gc,marking     ] GC(118) Concurrent Mark From Roots
[2022-05-19T10:15:30.140+0000][163][gc,task        ] GC(118) Using 3 workers of 3 for marking
[2022-05-19T10:15:30.176+0000][163][gc,marking     ] GC(118) Concurrent Mark From Roots 36.474ms
[2022-05-19T10:15:30.176+0000][163][gc,marking     ] GC(118) Concurrent Preclean
[2022-05-19T10:15:30.177+0000][163][gc,marking     ] GC(118) Concurrent Preclean 0.528ms
[2022-05-19T10:15:30.177+0000][163][gc,start       ] GC(118) Pause Remark
[2022-05-19T10:15:30.180+0000][163][gc             ] GC(118) Pause Remark 363M->363M(512M) 2.868ms
[2022-05-19T10:15:30.181+0000][163][gc,cpu         ] GC(118) User=0.01s Sys=0.00s Real=0.00s
[2022-05-19T10:15:30.181+0000][163][safepoint      ] Safepoint "G1Concurrent", Time since last: 39316900 ns, Reaching safepoint: 294700 ns, At safepoint: 3349900 ns, Total: 3644600 ns
[2022-05-19T10:15:30.181+0000][163][gc,marking     ] GC(118) Concurrent Mark 41.506ms
[2022-05-19T10:15:30.181+0000][163][gc,marking     ] GC(118) Concurrent Rebuild Remembered Sets
[2022-05-19T10:15:30.200+0000][163][gc,marking     ] GC(118) Concurrent Rebuild Remembered Sets 18.579ms
[2022-05-19T10:15:30.200+0000][163][gc,start       ] GC(118) Pause Cleanup
[2022-05-19T10:15:30.201+0000][163][gc             ] GC(118) Pause Cleanup 366M->366M(512M) 0.478ms
[2022-05-19T10:15:30.201+0000][163][gc,cpu         ] GC(118) User=0.00s Sys=0.00s Real=0.00s
[2022-05-19T10:15:30.202+0000][163][safepoint      ] Safepoint "G1Concurrent", Time since last: 19330600 ns, Reaching safepoint: 254700 ns, At safepoint: 1135400 ns, Total: 1390100 ns
[2022-05-19T10:15:30.202+0000][163][gc,marking     ] GC(118) Concurrent Cleanup for Next Mark
[2022-05-19T10:15:30.202+0000][163][gc,marking     ] GC(118) Concurrent Cleanup for Next Mark 0.456ms
[2022-05-19T10:15:30.203+0000][163][gc             ] GC(118) Concurrent Mark Cycle 64.710ms
[2022-05-19T10:15:30.608+0000][163][gc,start       ] GC(119) Pause Young (Prepare Mixed) (G1 Evacuation Pause)
[2022-05-19T10:15:30.608+0000][163][gc,task        ] GC(119) Using 10 workers of 10 for evacuation
[2022-05-19T10:15:30.608+0000][163][gc,age         ] GC(119) Desired survivor size 4194304 bytes, new threshold 15 (max threshold 15)
[2022-05-19T10:15:30.610+0000][163][gc,age         ] GC(119) Age table with threshold 15 (max threshold 15)
[2022-05-19T10:15:30.610+0000][163][gc,age         ] GC(119) - age   1:     755976 bytes,     755976 total
[2022-05-19T10:15:30.610+0000][163][gc,age         ] GC(119) - age   2:     787632 bytes,    1543608 total
[2022-05-19T10:15:30.610+0000][163][gc,age         ] GC(119) - age   3:     311352 bytes,    1854960 total
[2022-05-19T10:15:30.611+0000][163][gc,age         ] GC(119) - age   4:     697624 bytes,    2552584 total
[2022-05-19T10:15:30.611+0000][163][gc,phases      ] GC(119)   Pre Evacuate Collection Set: 0.2ms
[2022-05-19T10:15:30.611+0000][163][gc,phases      ] GC(119)   Merge Heap Roots: 0.2ms
[2022-05-19T10:15:30.611+0000][163][gc,phases      ] GC(119)   Evacuate Collection Set: 1.0ms
[2022-05-19T10:15:30.611+0000][163][gc,phases      ] GC(119)   Post Evacuate Collection Set: 0.6ms
[2022-05-19T10:15:30.611+0000][163][gc,phases      ] GC(119)   Other: 1.3ms
[2022-05-19T10:15:30.611+0000][163][gc,heap        ] GC(119) Eden regions: 13->0(5)
[2022-05-19T10:15:30.612+0000][163][gc,heap        ] GC(119) Survivor regions: 1->1(2)
[2022-05-19T10:15:30.612+0000][163][gc,heap        ] GC(119) Old regions: 56->56
[2022-05-19T10:15:30.612+0000][163][gc,heap        ] GC(119) Archive regions: 2->2
[2022-05-19T10:15:30.612+0000][163][gc,heap        ] GC(119) Humongous regions: 34->34
[2022-05-19T10:15:30.612+0000][163][gc,metaspace   ] GC(119) Metaspace: 100804K(102464K)->100804K(102464K) NonClass: 86913K(87936K)->86913K(87936K) Class: 13891K(14528K)->13891K(14528K)
[2022-05-19T10:15:30.612+0000][163][gc             ] GC(119) Pause Young (Prepare Mixed) (G1 Evacuation Pause) 410M->359M(512M) 4.599ms
[2022-05-19T10:15:30.612+0000][163][gc,cpu         ] GC(119) User=0.01s Sys=0.00s Real=0.00s
[2022-05-19T10:15:30.612+0000][163][safepoint      ] Safepoint "G1CollectForAllocation", Time since last: 405763500 ns, Reaching safepoint: 216700 ns, At safepoint: 4884400 ns, Total: 5101100 ns
[2022-05-19T10:15:30.766+0000][163][gc,start       ] GC(120) Pause Young (Mixed) (G1 Evacuation Pause)
[2022-05-19T10:15:30.766+0000][163][gc,task        ] GC(120) Using 10 workers of 10 for evacuation
[2022-05-19T10:15:30.766+0000][163][gc,age         ] GC(120) Desired survivor size 2097152 bytes, new threshold 4 (max threshold 15)
[2022-05-19T10:15:30.769+0000][163][gc,age         ] GC(120) Age table with threshold 4 (max threshold 15)
[2022-05-19T10:15:30.769+0000][163][gc,age         ] GC(120) - age   1:     295400 bytes,     295400 total
[2022-05-19T10:15:30.769+0000][163][gc,age         ] GC(120) - age   2:     755632 bytes,    1051032 total
[2022-05-19T10:15:30.769+0000][163][gc,age         ] GC(120) - age   3:     787632 bytes,    1838664 total
[2022-05-19T10:15:30.769+0000][163][gc,age         ] GC(120) - age   4:     311352 bytes,    2150016 total
[2022-05-19T10:15:30.770+0000][163][gc,phases      ] GC(120)   Pre Evacuate Collection Set: 0.2ms
[2022-05-19T10:15:30.770+0000][163][gc,phases      ] GC(120)   Merge Heap Roots: 0.1ms
[2022-05-19T10:15:30.770+0000][163][gc,phases      ] GC(120)   Evacuate Collection Set: 1.1ms
[2022-05-19T10:15:30.770+0000][163][gc,phases      ] GC(120)   Post Evacuate Collection Set: 0.6ms
[2022-05-19T10:15:30.770+0000][163][gc,phases      ] GC(120)   Other: 1.8ms
[2022-05-19T10:15:30.770+0000][163][gc,heap        ] GC(120) Eden regions: 5->0(14)
[2022-05-19T10:15:30.770+0000][163][gc,heap        ] GC(120) Survivor regions: 1->1(1)
[2022-05-19T10:15:30.771+0000][163][gc,heap        ] GC(120) Old regions: 56->55
[2022-05-19T10:15:30.771+0000][163][gc,heap        ] GC(120) Archive regions: 2->2
[2022-05-19T10:15:30.771+0000][163][gc,heap        ] GC(120) Humongous regions: 34->34
[2022-05-19T10:15:30.771+0000][163][gc,metaspace   ] GC(120) Metaspace: 100804K(102464K)->100804K(102464K) NonClass: 86913K(87936K)->86913K(87936K) Class: 13891K(14528K)->13891K(14528K)
[2022-05-19T10:15:30.771+0000][163][gc             ] GC(120) Pause Young (Mixed) (G1 Evacuation Pause) 379M->357M(512M) 5.149ms
[2022-05-19T10:15:30.771+0000][163][gc,cpu         ] GC(120) User=0.01s Sys=0.00s Real=0.00s
[2022-05-19T10:15:30.771+0000][163][safepoint      ] Safepoint "G1CollectForAllocation", Time since last: 153203900 ns, Reaching safepoint: 185000 ns, At safepoint: 5547600 ns, Total: 5732600 ns
[2022-05-19T10:15:31.204+0000][163][gc,start       ] GC(121) Pause Young (Concurrent Start) (G1 Evacuation Pause)
[2022-05-19T10:15:31.205+0000][163][gc,task        ] GC(121) Using 10 workers of 10 for evacuation
[2022-05-19T10:15:31.205+0000][163][gc,age         ] GC(121) Desired survivor size 4194304 bytes, new threshold 15 (max threshold 15)
[2022-05-19T10:15:31.208+0000][163][gc,age         ] GC(121) Age table with threshold 15 (max threshold 15)
[2022-05-19T10:15:31.208+0000][163][gc,age         ] GC(121) - age   1:     788328 bytes,     788328 total
[2022-05-19T10:15:31.208+0000][163][gc,age         ] GC(121) - age   2:     295056 bytes,    1083384 total
[2022-05-19T10:15:31.208+0000][163][gc,age         ] GC(121) - age   3:     755600 bytes,    1838984 total
[2022-05-19T10:15:31.209+0000][163][gc,age         ] GC(121) - age   4:     786880 bytes,    2625864 total
[2022-05-19T10:15:31.209+0000][163][gc,age         ] GC(121) - age   5:     311352 bytes,    2937216 total
[2022-05-19T10:15:31.209+0000][163][gc,phases      ] GC(121)   Pre Evacuate Collection Set: 0.2ms
[2022-05-19T10:15:31.209+0000][163][gc,phases      ] GC(121)   Merge Heap Roots: 0.2ms
[2022-05-19T10:15:31.209+0000][163][gc,phases      ] GC(121)   Evacuate Collection Set: 1.2ms
[2022-05-19T10:15:31.209+0000][163][gc,phases      ] GC(121)   Post Evacuate Collection Set: 0.7ms
[2022-05-19T10:15:31.210+0000][163][gc,phases      ] GC(121)   Other: 2.2ms
[2022-05-19T10:15:31.210+0000][163][gc,heap        ] GC(121) Eden regions: 14->0(14)
[2022-05-19T10:15:31.210+0000][163][gc,heap        ] GC(121) Survivor regions: 1->1(2)
[2022-05-19T10:15:31.210+0000][163][gc,heap        ] GC(121) Old regions: 55->55
[2022-05-19T10:15:31.210+0000][163][gc,heap        ] GC(121) Archive regions: 2->2
[2022-05-19T10:15:31.211+0000][163][gc,heap        ] GC(121) Humongous regions: 34->34
[2022-05-19T10:15:31.211+0000][163][gc,metaspace   ] GC(121) Metaspace: 100804K(102464K)->100804K(102464K) NonClass: 86913K(87936K)->86913K(87936K) Class: 13891K(14528K)->13891K(14528K)
[2022-05-19T10:15:31.211+0000][163][gc             ] GC(121) Pause Young (Concurrent Start) (G1 Evacuation Pause) 413M->358M(512M) 6.601ms
[2022-05-19T10:15:31.211+0000][163][gc,cpu         ] GC(121) User=0.00s Sys=0.01s Real=0.01s
[2022-05-19T10:15:31.211+0000][163][gc             ] GC(122) Concurrent Mark Cycle
[2022-05-19T10:15:31.212+0000][163][gc,marking     ] GC(122) Concurrent Clear Claimed Marks
[2022-05-19T10:15:31.211+0000][163][safepoint      ] Safepoint "G1CollectForAllocation", Time since last: 432907200 ns, Reaching safepoint: 187600 ns, At safepoint: 7055400 ns, Total: 7243000 ns
[2022-05-19T10:15:31.212+0000][163][gc,marking     ] GC(122) Concurrent Clear Claimed Marks 0.223ms
[2022-05-19T10:15:31.212+0000][163][gc,marking     ] GC(122) Concurrent Scan Root Regions
[2022-05-19T10:15:31.213+0000][163][gc,marking     ] GC(122) Concurrent Scan Root Regions 0.863ms
[2022-05-19T10:15:31.213+0000][163][gc,marking     ] GC(122) Concurrent Mark
[2022-05-19T10:15:31.213+0000][163][gc,marking     ] GC(122) Concurrent Mark From Roots
[2022-05-19T10:15:31.214+0000][163][gc,task        ] GC(122) Using 3 workers of 3 for marking
[2022-05-19T10:15:31.252+0000][163][gc,marking     ] GC(122) Concurrent Mark From Roots 38.588ms
[2022-05-19T10:15:31.252+0000][163][gc,marking     ] GC(122) Concurrent Preclean
[2022-05-19T10:15:31.253+0000][163][gc,marking     ] GC(122) Concurrent Preclean 0.994ms
[2022-05-19T10:15:31.254+0000][163][gc,start       ] GC(122) Pause Remark
[2022-05-19T10:15:31.258+0000][163][gc             ] GC(122) Pause Remark 363M->363M(512M) 3.567ms
[2022-05-19T10:15:31.258+0000][163][gc,cpu         ] GC(122) User=0.00s Sys=0.02s Real=0.01s
[2022-05-19T10:15:31.258+0000][163][safepoint      ] Safepoint "G1Concurrent", Time since last: 42144800 ns, Reaching safepoint: 399800 ns, At safepoint: 4293300 ns, Total: 4693100 ns
[2022-05-19T10:15:31.259+0000][163][gc,marking     ] GC(122) Concurrent Mark 45.516ms
[2022-05-19T10:15:31.259+0000][163][gc,marking     ] GC(122) Concurrent Rebuild Remembered Sets
[2022-05-19T10:15:31.280+0000][163][gc,marking     ] GC(122) Concurrent Rebuild Remembered Sets 21.302ms
[2022-05-19T10:15:31.281+0000][163][gc,start       ] GC(122) Pause Cleanup
[2022-05-19T10:15:31.282+0000][163][gc             ] GC(122) Pause Cleanup 365M->365M(512M) 0.508ms
[2022-05-19T10:15:31.282+0000][163][gc,cpu         ] GC(122) User=0.00s Sys=0.00s Real=0.00s
[2022-05-19T10:15:31.282+0000][163][safepoint      ] Safepoint "G1Concurrent", Time since last: 22334600 ns, Reaching safepoint: 350700 ns, At safepoint: 1176200 ns, Total: 1526900 ns
[2022-05-19T10:15:31.282+0000][163][gc,marking     ] GC(122) Concurrent Cleanup for Next Mark
[2022-05-19T10:15:31.283+0000][163][gc,marking     ] GC(122) Concurrent Cleanup for Next Mark 0.601ms
[2022-05-19T10:15:31.283+0000][163][gc             ] GC(122) Concurrent Mark Cycle 71.925ms
[2022-05-19T10:15:31.676+0000][163][gc,start       ] GC(123) Pause Young (Prepare Mixed) (G1 Evacuation Pause)
[2022-05-19T10:15:31.677+0000][163][gc,task        ] GC(123) Using 10 workers of 10 for evacuation
[2022-05-19T10:15:31.677+0000][163][gc,age         ] GC(123) Desired survivor size 4194304 bytes, new threshold 15 (max threshold 15)
[2022-05-19T10:15:31.680+0000][163][gc,age         ] GC(123) Age table with threshold 15 (max threshold 15)
[2022-05-19T10:15:31.680+0000][163][gc,age         ] GC(123) - age   1:     793256 bytes,     793256 total
[2022-05-19T10:15:31.680+0000][163][gc,age         ] GC(123) - age   2:     787888 bytes,    1581144 total
[2022-05-19T10:15:31.681+0000][163][gc,age         ] GC(123) - age   3:     295056 bytes,    1876200 total
[2022-05-19T10:15:31.681+0000][163][gc,age         ] GC(123) - age   4:     754216 bytes,    2630416 total
[2022-05-19T10:15:31.681+0000][163][gc,age         ] GC(123) - age   5:     786880 bytes,    3417296 total
[2022-05-19T10:15:31.681+0000][163][gc,age         ] GC(123) - age   6:     311328 bytes,    3728624 total
[2022-05-19T10:15:31.681+0000][163][gc,phases      ] GC(123)   Pre Evacuate Collection Set: 0.2ms
[2022-05-19T10:15:31.682+0000][163][gc,phases      ] GC(123)   Merge Heap Roots: 0.2ms
[2022-05-19T10:15:31.682+0000][163][gc,phases      ] GC(123)   Evacuate Collection Set: 1.0ms
[2022-05-19T10:15:31.682+0000][163][gc,phases      ] GC(123)   Post Evacuate Collection Set: 0.8ms
[2022-05-19T10:15:31.682+0000][163][gc,phases      ] GC(123)   Other: 2.6ms
[2022-05-19T10:15:31.682+0000][163][gc,heap        ] GC(123) Eden regions: 14->0(5)
[2022-05-19T10:15:31.682+0000][163][gc,heap        ] GC(123) Survivor regions: 1->1(2)
[2022-05-19T10:15:31.683+0000][163][gc,heap        ] GC(123) Old regions: 55->55
[2022-05-19T10:15:31.683+0000][163][gc,heap        ] GC(123) Archive regions: 2->2
[2022-05-19T10:15:31.683+0000][163][gc,heap        ] GC(123) Humongous regions: 34->34
[2022-05-19T10:15:31.683+0000][163][gc,metaspace   ] GC(123) Metaspace: 100804K(102464K)->100804K(102464K) NonClass: 86913K(87936K)->86913K(87936K) Class: 13891K(14528K)->13891K(14528K)
[2022-05-19T10:15:31.683+0000][163][gc             ] GC(123) Pause Young (Prepare Mixed) (G1 Evacuation Pause) 414M->359M(512M) 6.653ms
[2022-05-19T10:15:31.683+0000][163][gc,cpu         ] GC(123) User=0.01s Sys=0.00s Real=0.00s
[2022-05-19T10:15:31.684+0000][163][safepoint      ] Safepoint "G1CollectForAllocation", Time since last: 393933500 ns, Reaching safepoint: 362800 ns, At safepoint: 7030600 ns, Total: 7393400 ns
[2022-05-19T10:15:31.835+0000][163][gc,start       ] GC(124) Pause Young (Mixed) (G1 Evacuation Pause)
[2022-05-19T10:15:31.835+0000][163][gc,task        ] GC(124) Using 10 workers of 10 for evacuation
[2022-05-19T10:15:31.835+0000][163][gc,age         ] GC(124) Desired survivor size 2097152 bytes, new threshold 4 (max threshold 15)
[2022-05-19T10:15:31.838+0000][163][gc,age         ] GC(124) Age table with threshold 4 (max threshold 15)
[2022-05-19T10:15:31.838+0000][163][gc,age         ] GC(124) - age   1:     295352 bytes,     295352 total
[2022-05-19T10:15:31.838+0000][163][gc,age         ] GC(124) - age   2:     792792 bytes,    1088144 total
[2022-05-19T10:15:31.838+0000][163][gc,age         ] GC(124) - age   3:     787888 bytes,    1876032 total
[2022-05-19T10:15:31.838+0000][163][gc,age         ] GC(124) - age   4:     295056 bytes,    2171088 total
[2022-05-19T10:15:31.839+0000][163][gc,phases      ] GC(124)   Pre Evacuate Collection Set: 0.2ms
[2022-05-19T10:15:31.839+0000][163][gc,phases      ] GC(124)   Merge Heap Roots: 0.1ms
[2022-05-19T10:15:31.839+0000][163][gc,phases      ] GC(124)   Evacuate Collection Set: 1.1ms
[2022-05-19T10:15:31.839+0000][163][gc,phases      ] GC(124)   Post Evacuate Collection Set: 0.6ms
[2022-05-19T10:15:31.839+0000][163][gc,phases      ] GC(124)   Other: 2.0ms
[2022-05-19T10:15:31.839+0000][163][gc,heap        ] GC(124) Eden regions: 5->0(14)
[2022-05-19T10:15:31.839+0000][163][gc,heap        ] GC(124) Survivor regions: 1->1(1)
[2022-05-19T10:15:31.840+0000][163][gc,heap        ] GC(124) Old regions: 55->55
[2022-05-19T10:15:31.840+0000][163][gc,heap        ] GC(124) Archive regions: 2->2
[2022-05-19T10:15:31.840+0000][163][gc,heap        ] GC(124) Humongous regions: 34->34
[2022-05-19T10:15:31.840+0000][163][gc,metaspace   ] GC(124) Metaspace: 100804K(102464K)->100804K(102464K) NonClass: 86913K(87936K)->86913K(87936K) Class: 13891K(14528K)->13891K(14528K)
[2022-05-19T10:15:31.840+0000][163][gc             ] GC(124) Pause Young (Mixed) (G1 Evacuation Pause) 379M->356M(512M) 5.279ms
[2022-05-19T10:15:31.840+0000][163][gc,cpu         ] GC(124) User=0.01s Sys=0.00s Real=0.01s
[2022-05-19T10:15:31.840+0000][163][safepoint      ] Safepoint "G1CollectForAllocation", Time since last: 150878100 ns, Reaching safepoint: 295900 ns, At safepoint: 5576200 ns, Total: 5872100 ns
[2022-05-19T10:15:32.255+0000][163][gc,start       ] GC(125) Pause Young (Concurrent Start) (G1 Evacuation Pause)
[2022-05-19T10:15:32.255+0000][163][gc,task        ] GC(125) Using 10 workers of 10 for evacuation
[2022-05-19T10:15:32.256+0000][163][gc,age         ] GC(125) Desired survivor size 4194304 bytes, new threshold 15 (max threshold 15)
[2022-05-19T10:15:32.259+0000][163][gc,age         ] GC(125) Age table with threshold 15 (max threshold 15)
[2022-05-19T10:15:32.259+0000][163][gc,age         ] GC(125) - age   1:     821200 bytes,     821200 total
[2022-05-19T10:15:32.259+0000][163][gc,age         ] GC(125) - age   2:     295056 bytes,    1116256 total
[2022-05-19T10:15:32.259+0000][163][gc,age         ] GC(125) - age   3:     792792 bytes,    1909048 total
[2022-05-19T10:15:32.259+0000][163][gc,age         ] GC(125) - age   4:     787136 bytes,    2696184 total
[2022-05-19T10:15:32.260+0000][163][gc,age         ] GC(125) - age   5:     295056 bytes,    2991240 total
[2022-05-19T10:15:32.260+0000][163][gc,phases      ] GC(125)   Pre Evacuate Collection Set: 0.3ms
[2022-05-19T10:15:32.260+0000][163][gc,phases      ] GC(125)   Merge Heap Roots: 0.2ms
[2022-05-19T10:15:32.260+0000][163][gc,phases      ] GC(125)   Evacuate Collection Set: 1.4ms
[2022-05-19T10:15:32.260+0000][163][gc,phases      ] GC(125)   Post Evacuate Collection Set: 0.8ms
[2022-05-19T10:15:32.260+0000][163][gc,phases      ] GC(125)   Other: 2.2ms
[2022-05-19T10:15:32.261+0000][163][gc,heap        ] GC(125) Eden regions: 14->0(14)
[2022-05-19T10:15:32.261+0000][163][gc,heap        ] GC(125) Survivor regions: 1->1(2)
[2022-05-19T10:15:32.261+0000][163][gc,heap        ] GC(125) Old regions: 55->55
[2022-05-19T10:15:32.261+0000][163][gc,heap        ] GC(125) Archive regions: 2->2
[2022-05-19T10:15:32.261+0000][163][gc,heap        ] GC(125) Humongous regions: 34->34
[2022-05-19T10:15:32.261+0000][163][gc,metaspace   ] GC(125) Metaspace: 100804K(102464K)->100804K(102464K) NonClass: 86913K(87936K)->86913K(87936K) Class: 13891K(14528K)->13891K(14528K)
[2022-05-19T10:15:32.261+0000][163][gc             ] GC(125) Pause Young (Concurrent Start) (G1 Evacuation Pause) 412M->356M(512M) 6.446ms
[2022-05-19T10:15:32.262+0000][163][gc,cpu         ] GC(125) User=0.01s Sys=0.00s Real=0.00s
[2022-05-19T10:15:32.262+0000][163][safepoint      ] Safepoint "G1CollectForAllocation", Time since last: 414409400 ns, Reaching safepoint: 285000 ns, At safepoint: 6832000 ns, Total: 7117000 ns
[2022-05-19T10:15:32.262+0000][163][gc             ] GC(126) Concurrent Mark Cycle
[2022-05-19T10:15:32.262+0000][163][gc,marking     ] GC(126) Concurrent Clear Claimed Marks
[2022-05-19T10:15:32.262+0000][163][gc,marking     ] GC(126) Concurrent Clear Claimed Marks 0.148ms
[2022-05-19T10:15:32.262+0000][163][gc,marking     ] GC(126) Concurrent Scan Root Regions
[2022-05-19T10:15:32.263+0000][163][gc,marking     ] GC(126) Concurrent Scan Root Regions 0.900ms
[2022-05-19T10:15:32.263+0000][163][gc,marking     ] GC(126) Concurrent Mark
[2022-05-19T10:15:32.263+0000][163][gc,marking     ] GC(126) Concurrent Mark From Roots
[2022-05-19T10:15:32.264+0000][163][gc,task        ] GC(126) Using 3 workers of 3 for marking
[2022-05-19T10:15:32.302+0000][163][gc,marking     ] GC(126) Concurrent Mark From Roots 38.902ms
[2022-05-19T10:15:32.303+0000][163][gc,marking     ] GC(126) Concurrent Preclean
[2022-05-19T10:15:32.303+0000][163][gc,marking     ] GC(126) Concurrent Preclean 0.642ms
[2022-05-19T10:15:32.304+0000][163][gc,start       ] GC(126) Pause Remark
[2022-05-19T10:15:32.307+0000][163][gc             ] GC(126) Pause Remark 362M->362M(512M) 3.247ms
[2022-05-19T10:15:32.307+0000][163][gc,cpu         ] GC(126) User=0.01s Sys=0.01s Real=0.01s
[2022-05-19T10:15:32.308+0000][163][safepoint      ] Safepoint "G1Concurrent", Time since last: 41876000 ns, Reaching safepoint: 342600 ns, At safepoint: 3740000 ns, Total: 4082600 ns
[2022-05-19T10:15:32.308+0000][163][gc,marking     ] GC(126) Concurrent Mark 44.680ms
[2022-05-19T10:15:32.308+0000][163][gc,marking     ] GC(126) Concurrent Rebuild Remembered Sets
[2022-05-19T10:15:32.327+0000][163][gc,marking     ] GC(126) Concurrent Rebuild Remembered Sets 18.924ms
[2022-05-19T10:15:32.328+0000][163][gc,start       ] GC(126) Pause Cleanup
[2022-05-19T10:15:32.328+0000][163][gc             ] GC(126) Pause Cleanup 364M->364M(512M) 0.440ms
[2022-05-19T10:15:32.329+0000][163][gc,cpu         ] GC(126) User=0.00s Sys=0.00s Real=0.00s
[2022-05-19T10:15:32.329+0000][163][safepoint      ] Safepoint "G1Concurrent", Time since last: 19832500 ns, Reaching safepoint: 311300 ns, At safepoint: 877500 ns, Total: 1188800 ns
[2022-05-19T10:15:32.329+0000][163][gc,marking     ] GC(126) Concurrent Cleanup for Next Mark
[2022-05-19T10:15:32.330+0000][163][gc,marking     ] GC(126) Concurrent Cleanup for Next Mark 0.476ms
[2022-05-19T10:15:32.330+0000][163][gc             ] GC(126) Concurrent Mark Cycle 68.024ms
[2022-05-19T10:15:32.706+0000][163][gc,start       ] GC(127) Pause Young (Prepare Mixed) (G1 Evacuation Pause)
[2022-05-19T10:15:32.706+0000][163][gc,task        ] GC(127) Using 10 workers of 10 for evacuation
[2022-05-19T10:15:32.707+0000][163][gc,age         ] GC(127) Desired survivor size 4194304 bytes, new threshold 15 (max threshold 15)
[2022-05-19T10:15:32.709+0000][163][gc,age         ] GC(127) Age table with threshold 15 (max threshold 15)
[2022-05-19T10:15:32.709+0000][163][gc,age         ] GC(127) - age   1:     821736 bytes,     821736 total
[2022-05-19T10:15:32.710+0000][163][gc,age         ] GC(127) - age   2:     820600 bytes,    1642336 total
[2022-05-19T10:15:32.710+0000][163][gc,age         ] GC(127) - age   3:     295056 bytes,    1937392 total
[2022-05-19T10:15:32.710+0000][163][gc,age         ] GC(127) - age   4:     791432 bytes,    2728824 total
[2022-05-19T10:15:32.711+0000][163][gc,age         ] GC(127) - age   5:     787136 bytes,    3515960 total
[2022-05-19T10:15:32.711+0000][163][gc,age         ] GC(127) - age   6:     295056 bytes,    3811016 total
[2022-05-19T10:15:32.711+0000][163][gc,phases      ] GC(127)   Pre Evacuate Collection Set: 0.2ms
[2022-05-19T10:15:32.711+0000][163][gc,phases      ] GC(127)   Merge Heap Roots: 0.2ms
[2022-05-19T10:15:32.711+0000][163][gc,phases      ] GC(127)   Evacuate Collection Set: 1.1ms
[2022-05-19T10:15:32.712+0000][163][gc,phases      ] GC(127)   Post Evacuate Collection Set: 0.8ms
[2022-05-19T10:15:32.712+0000][163][gc,phases      ] GC(127)   Other: 3.0ms
[2022-05-19T10:15:32.712+0000][163][gc,heap        ] GC(127) Eden regions: 14->0(5)
[2022-05-19T10:15:32.712+0000][163][gc,heap        ] GC(127) Survivor regions: 1->1(2)
[2022-05-19T10:15:32.712+0000][163][gc,heap        ] GC(127) Old regions: 55->55
[2022-05-19T10:15:32.712+0000][163][gc,heap        ] GC(127) Archive regions: 2->2
[2022-05-19T10:15:32.713+0000][163][gc,heap        ] GC(127) Humongous regions: 34->34
[2022-05-19T10:15:32.713+0000][163][gc,metaspace   ] GC(127) Metaspace: 100804K(102464K)->100804K(102464K) NonClass: 86913K(87936K)->86913K(87936K) Class: 13891K(14528K)->13891K(14528K)
[2022-05-19T10:15:32.713+0000][163][gc             ] GC(127) Pause Young (Prepare Mixed) (G1 Evacuation Pause) 412M->357M(512M) 7.159ms
[2022-05-19T10:15:32.713+0000][163][gc,cpu         ] GC(127) User=0.01s Sys=0.00s Real=0.00s
[2022-05-19T10:15:32.713+0000][163][safepoint      ] Safepoint "G1CollectForAllocation", Time since last: 376726700 ns, Reaching safepoint: 248900 ns, At safepoint: 7544000 ns, Total: 7792900 ns
[2022-05-19T10:15:32.862+0000][163][gc,start       ] GC(128) Pause Young (Mixed) (G1 Evacuation Pause)
[2022-05-19T10:15:32.862+0000][163][gc,task        ] GC(128) Using 10 workers of 10 for evacuation
[2022-05-19T10:15:32.862+0000][163][gc,age         ] GC(128) Desired survivor size 2097152 bytes, new threshold 4 (max threshold 15)
[2022-05-19T10:15:32.865+0000][163][gc,age         ] GC(128) Age table with threshold 4 (max threshold 15)
[2022-05-19T10:15:32.866+0000][163][gc,age         ] GC(128) - age   1:     263096 bytes,     263096 total
[2022-05-19T10:15:32.866+0000][163][gc,age         ] GC(128) - age   2:     821200 bytes,    1084296 total
[2022-05-19T10:15:32.866+0000][163][gc,age         ] GC(128) - age   3:     820216 bytes,    1904512 total
[2022-05-19T10:15:32.866+0000][163][gc,age         ] GC(128) - age   4:     295056 bytes,    2199568 total
[2022-05-19T10:15:32.866+0000][163][gc,phases      ] GC(128)   Pre Evacuate Collection Set: 0.3ms
[2022-05-19T10:15:32.867+0000][163][gc,phases      ] GC(128)   Merge Heap Roots: 0.3ms
[2022-05-19T10:15:32.867+0000][163][gc,phases      ] GC(128)   Evacuate Collection Set: 1.3ms
[2022-05-19T10:15:32.867+0000][163][gc,phases      ] GC(128)   Post Evacuate Collection Set: 0.8ms
[2022-05-19T10:15:32.867+0000][163][gc,phases      ] GC(128)   Other: 1.9ms
[2022-05-19T10:15:32.867+0000][163][gc,heap        ] GC(128) Eden regions: 5->0(15)
[2022-05-19T10:15:32.867+0000][163][gc,heap        ] GC(128) Survivor regions: 1->1(1)
[2022-05-19T10:15:32.868+0000][163][gc,heap        ] GC(128) Old regions: 55->55
[2022-05-19T10:15:32.868+0000][163][gc,heap        ] GC(128) Archive regions: 2->2
[2022-05-19T10:15:32.868+0000][163][gc,heap        ] GC(128) Humongous regions: 34->34
[2022-05-19T10:15:32.868+0000][163][gc,metaspace   ] GC(128) Metaspace: 100804K(102464K)->100804K(102464K) NonClass: 86913K(87936K)->86913K(87936K) Class: 13891K(14528K)->13891K(14528K)
[2022-05-19T10:15:32.868+0000][163][gc             ] GC(128) Pause Young (Mixed) (G1 Evacuation Pause) 377M->354M(512M) 6.295ms
[2022-05-19T10:15:32.868+0000][163][gc,cpu         ] GC(128) User=0.01s Sys=0.00s Real=0.01s
[2022-05-19T10:15:32.868+0000][163][safepoint      ] Safepoint "G1CollectForAllocation", Time since last: 148275500 ns, Reaching safepoint: 209500 ns, At safepoint: 6626200 ns, Total: 6835700 ns
[2022-05-19T10:15:33.308+0000][163][gc,start       ] GC(129) Pause Young (Concurrent Start) (G1 Evacuation Pause)
[2022-05-19T10:15:33.308+0000][163][gc,task        ] GC(129) Using 10 workers of 10 for evacuation
[2022-05-19T10:15:33.309+0000][163][gc,age         ] GC(129) Desired survivor size 4194304 bytes, new threshold 15 (max threshold 15)
[2022-05-19T10:15:33.312+0000][163][gc,age         ] GC(129) Age table with threshold 15 (max threshold 15)
[2022-05-19T10:15:33.312+0000][163][gc,age         ] GC(129) - age   1:     885904 bytes,     885904 total
[2022-05-19T10:15:33.312+0000][163][gc,age         ] GC(129) - age   2:     262656 bytes,    1148560 total
[2022-05-19T10:15:33.312+0000][163][gc,age         ] GC(129) - age   3:     821200 bytes,    1969760 total
[2022-05-19T10:15:33.313+0000][163][gc,age         ] GC(129) - age   4:     819848 bytes,    2789608 total
[2022-05-19T10:15:33.313+0000][163][gc,age         ] GC(129) - age   5:     295056 bytes,    3084664 total
[2022-05-19T10:15:33.313+0000][163][gc,phases      ] GC(129)   Pre Evacuate Collection Set: 0.3ms
[2022-05-19T10:15:33.313+0000][163][gc,phases      ] GC(129)   Merge Heap Roots: 0.2ms
[2022-05-19T10:15:33.313+0000][163][gc,phases      ] GC(129)   Evacuate Collection Set: 1.3ms
[2022-05-19T10:15:33.313+0000][163][gc,phases      ] GC(129)   Post Evacuate Collection Set: 1.0ms
[2022-05-19T10:15:33.314+0000][163][gc,phases      ] GC(129)   Other: 2.1ms
[2022-05-19T10:15:33.314+0000][163][gc,heap        ] GC(129) Eden regions: 15->0(15)
[2022-05-19T10:15:33.314+0000][163][gc,heap        ] GC(129) Survivor regions: 1->1(2)
[2022-05-19T10:15:33.314+0000][163][gc,heap        ] GC(129) Old regions: 55->55
[2022-05-19T10:15:33.314+0000][163][gc,heap        ] GC(129) Archive regions: 2->2
[2022-05-19T10:15:33.314+0000][163][gc,heap        ] GC(129) Humongous regions: 34->34
[2022-05-19T10:15:33.315+0000][163][gc,metaspace   ] GC(129) Metaspace: 100804K(102464K)->100804K(102464K) NonClass: 86913K(87936K)->86913K(87936K) Class: 13891K(14528K)->13891K(14528K)
[2022-05-19T10:15:33.315+0000][163][gc             ] GC(129) Pause Young (Concurrent Start) (G1 Evacuation Pause) 414M->355M(512M) 6.811ms
[2022-05-19T10:15:33.315+0000][163][gc,cpu         ] GC(129) User=0.01s Sys=0.00s Real=0.01s
[2022-05-19T10:15:33.315+0000][163][safepoint      ] Safepoint "G1CollectForAllocation", Time since last: 439177400 ns, Reaching safepoint: 359300 ns, At safepoint: 7222100 ns, Total: 7581400 ns
[2022-05-19T10:15:33.315+0000][163][gc             ] GC(130) Concurrent Mark Cycle
[2022-05-19T10:15:33.315+0000][163][gc,marking     ] GC(130) Concurrent Clear Claimed Marks
[2022-05-19T10:15:33.316+0000][163][gc,marking     ] GC(130) Concurrent Clear Claimed Marks 0.167ms
[2022-05-19T10:15:33.316+0000][163][gc,marking     ] GC(130) Concurrent Scan Root Regions
[2022-05-19T10:15:33.317+0000][163][gc,marking     ] GC(130) Concurrent Scan Root Regions 0.860ms
[2022-05-19T10:15:33.317+0000][163][gc,marking     ] GC(130) Concurrent Mark
[2022-05-19T10:15:33.317+0000][163][gc,marking     ] GC(130) Concurrent Mark From Roots
[2022-05-19T10:15:33.317+0000][163][gc,task        ] GC(130) Using 3 workers of 3 for marking
[2022-05-19T10:15:33.363+0000][163][gc,marking     ] GC(130) Concurrent Mark From Roots 45.939ms
[2022-05-19T10:15:33.363+0000][163][gc,marking     ] GC(130) Concurrent Preclean
[2022-05-19T10:15:33.364+0000][163][gc,marking     ] GC(130) Concurrent Preclean 1.125ms
[2022-05-19T10:15:33.365+0000][163][gc,start       ] GC(130) Pause Remark
[2022-05-19T10:15:33.368+0000][163][gc             ] GC(130) Pause Remark 360M->360M(512M) 3.375ms
[2022-05-19T10:15:33.369+0000][163][gc,cpu         ] GC(130) User=0.02s Sys=0.00s Real=0.00s
[2022-05-19T10:15:33.369+0000][163][safepoint      ] Safepoint "G1Concurrent", Time since last: 49551500 ns, Reaching safepoint: 392300 ns, At safepoint: 4206300 ns, Total: 4598600 ns
[2022-05-19T10:15:33.370+0000][163][gc,marking     ] GC(130) Concurrent Mark 52.931ms
[2022-05-19T10:15:33.370+0000][163][gc,marking     ] GC(130) Concurrent Rebuild Remembered Sets
[2022-05-19T10:15:33.391+0000][163][gc,marking     ] GC(130) Concurrent Rebuild Remembered Sets 21.575ms
[2022-05-19T10:15:33.392+0000][163][gc,start       ] GC(130) Pause Cleanup
[2022-05-19T10:15:33.393+0000][163][gc             ] GC(130) Pause Cleanup 361M->361M(512M) 0.568ms
[2022-05-19T10:15:33.393+0000][163][gc,cpu         ] GC(130) User=0.00s Sys=0.00s Real=0.00s
[2022-05-19T10:15:33.393+0000][163][safepoint      ] Safepoint "G1Concurrent", Time since last: 22634400 ns, Reaching safepoint: 306300 ns, At safepoint: 1240800 ns, Total: 1547100 ns
[2022-05-19T10:15:33.394+0000][163][gc,marking     ] GC(130) Concurrent Cleanup for Next Mark
[2022-05-19T10:15:33.394+0000][163][gc,marking     ] GC(130) Concurrent Cleanup for Next Mark 0.513ms
[2022-05-19T10:15:33.395+0000][163][gc             ] GC(130) Concurrent Mark Cycle 79.404ms
[2022-05-19T10:15:33.828+0000][163][gc,start       ] GC(131) Pause Young (Prepare Mixed) (G1 Evacuation Pause)
[2022-05-19T10:15:33.828+0000][163][gc,task        ] GC(131) Using 10 workers of 10 for evacuation
[2022-05-19T10:15:33.828+0000][163][gc,age         ] GC(131) Desired survivor size 4194304 bytes, new threshold 15 (max threshold 15)
[2022-05-19T10:15:33.831+0000][163][gc,age         ] GC(131) Age table with threshold 15 (max threshold 15)
[2022-05-19T10:15:33.831+0000][163][gc,age         ] GC(131) - age   1:     859296 bytes,     859296 total
[2022-05-19T10:15:33.832+0000][163][gc,age         ] GC(131) - age   2:     885600 bytes,    1744896 total
[2022-05-19T10:15:33.832+0000][163][gc,age         ] GC(131) - age   3:     262656 bytes,    2007552 total
[2022-05-19T10:15:33.832+0000][163][gc,age         ] GC(131) - age   4:     819816 bytes,    2827368 total
[2022-05-19T10:15:33.832+0000][163][gc,age         ] GC(131) - age   5:     819848 bytes,    3647216 total
[2022-05-19T10:15:33.833+0000][163][gc,age         ] GC(131) - age   6:     295056 bytes,    3942272 total
[2022-05-19T10:15:33.833+0000][163][gc,phases      ] GC(131)   Pre Evacuate Collection Set: 0.2ms
[2022-05-19T10:15:33.833+0000][163][gc,phases      ] GC(131)   Merge Heap Roots: 0.2ms
[2022-05-19T10:15:33.833+0000][163][gc,phases      ] GC(131)   Evacuate Collection Set: 1.1ms
[2022-05-19T10:15:33.833+0000][163][gc,phases      ] GC(131)   Post Evacuate Collection Set: 1.0ms
[2022-05-19T10:15:33.833+0000][163][gc,phases      ] GC(131)   Other: 2.6ms
[2022-05-19T10:15:33.833+0000][163][gc,heap        ] GC(131) Eden regions: 15->0(5)
[2022-05-19T10:15:33.834+0000][163][gc,heap        ] GC(131) Survivor regions: 1->1(2)
[2022-05-19T10:15:33.834+0000][163][gc,heap        ] GC(131) Old regions: 55->55
[2022-05-19T10:15:33.834+0000][163][gc,heap        ] GC(131) Archive regions: 2->2
[2022-05-19T10:15:33.834+0000][163][gc,heap        ] GC(131) Humongous regions: 34->34
[2022-05-19T10:15:33.834+0000][163][gc,metaspace   ] GC(131) Metaspace: 100804K(102464K)->100804K(102464K) NonClass: 86913K(87936K)->86913K(87936K) Class: 13891K(14528K)->13891K(14528K)
[2022-05-19T10:15:33.835+0000][163][gc             ] GC(131) Pause Young (Prepare Mixed) (G1 Evacuation Pause) 415M->356M(512M) 6.997ms
[2022-05-19T10:15:33.835+0000][163][gc,cpu         ] GC(131) User=0.02s Sys=0.00s Real=0.00s
[2022-05-19T10:15:33.835+0000][163][safepoint      ] Safepoint "G1CollectForAllocation", Time since last: 433799900 ns, Reaching safepoint: 254200 ns, At safepoint: 7501100 ns, Total: 7755300 ns
[2022-05-19T10:15:33.982+0000][163][gc,start       ] GC(132) Pause Young (Mixed) (G1 Evacuation Pause)
[2022-05-19T10:15:33.982+0000][163][gc,task        ] GC(132) Using 10 workers of 10 for evacuation
[2022-05-19T10:15:33.982+0000][163][gc,age         ] GC(132) Desired survivor size 2097152 bytes, new threshold 4 (max threshold 15)
[2022-05-19T10:15:33.986+0000][163][gc,age         ] GC(132) Age table with threshold 4 (max threshold 15)
[2022-05-19T10:15:33.986+0000][163][gc,age         ] GC(132) - age   1:     263384 bytes,     263384 total
[2022-05-19T10:15:33.986+0000][163][gc,age         ] GC(132) - age   2:     858936 bytes,    1122320 total
[2022-05-19T10:15:33.986+0000][163][gc,age         ] GC(132) - age   3:     885232 bytes,    2007552 total
[2022-05-19T10:15:33.987+0000][163][gc,age         ] GC(132) - age   4:     262272 bytes,    2269824 total
[2022-05-19T10:15:33.987+0000][163][gc,phases      ] GC(132)   Pre Evacuate Collection Set: 0.3ms
[2022-05-19T10:15:33.987+0000][163][gc,phases      ] GC(132)   Merge Heap Roots: 0.2ms
[2022-05-19T10:15:33.987+0000][163][gc,phases      ] GC(132)   Evacuate Collection Set: 1.5ms
[2022-05-19T10:15:33.988+0000][163][gc,phases      ] GC(132)   Post Evacuate Collection Set: 0.8ms
[2022-05-19T10:15:33.988+0000][163][gc,phases      ] GC(132)   Other: 2.4ms
[2022-05-19T10:15:33.988+0000][163][gc,heap        ] GC(132) Eden regions: 5->0(16)
[2022-05-19T10:15:33.988+0000][163][gc,heap        ] GC(132) Survivor regions: 1->1(1)
[2022-05-19T10:15:33.988+0000][163][gc,heap        ] GC(132) Old regions: 55->54
[2022-05-19T10:15:33.988+0000][163][gc,heap        ] GC(132) Archive regions: 2->2
[2022-05-19T10:15:33.989+0000][163][gc,heap        ] GC(132) Humongous regions: 34->34
[2022-05-19T10:15:33.989+0000][163][gc,metaspace   ] GC(132) Metaspace: 100804K(102464K)->100804K(102464K) NonClass: 86913K(87936K)->86913K(87936K) Class: 13891K(14528K)->13891K(14528K)
[2022-05-19T10:15:33.989+0000][163][gc             ] GC(132) Pause Young (Mixed) (G1 Evacuation Pause) 376M->354M(512M) 7.041ms
[2022-05-19T10:15:33.989+0000][163][gc,cpu         ] GC(132) User=0.01s Sys=0.01s Real=0.01s
[2022-05-19T10:15:33.989+0000][163][safepoint      ] Safepoint "G1CollectForAllocation", Time since last: 146441200 ns, Reaching safepoint: 284600 ns, At safepoint: 7423000 ns, Total: 7707600 ns
[2022-05-19T10:15:34.473+0000][163][gc,start       ] GC(133) Pause Young (Concurrent Start) (G1 Evacuation Pause)
[2022-05-19T10:15:34.473+0000][163][gc,task        ] GC(133) Using 10 workers of 10 for evacuation
[2022-05-19T10:15:34.474+0000][163][gc,age         ] GC(133) Desired survivor size 6291456 bytes, new threshold 15 (max threshold 15)
[2022-05-19T10:15:34.476+0000][163][gc,age         ] GC(133) Age table with threshold 15 (max threshold 15)
[2022-05-19T10:15:34.476+0000][163][gc,age         ] GC(133) - age   1:     886904 bytes,     886904 total
[2022-05-19T10:15:34.477+0000][163][gc,age         ] GC(133) - age   2:     263088 bytes,    1149992 total
[2022-05-19T10:15:34.477+0000][163][gc,age         ] GC(133) - age   3:     857576 bytes,    2007568 total
[2022-05-19T10:15:34.477+0000][163][gc,age         ] GC(133) - age   4:     885232 bytes,    2892800 total
[2022-05-19T10:15:34.477+0000][163][gc,age         ] GC(133) - age   5:     262272 bytes,    3155072 total
[2022-05-19T10:15:34.477+0000][163][gc,phases      ] GC(133)   Pre Evacuate Collection Set: 0.3ms
[2022-05-19T10:15:34.477+0000][163][gc,phases      ] GC(133)   Merge Heap Roots: 0.2ms
[2022-05-19T10:15:34.478+0000][163][gc,phases      ] GC(133)   Evacuate Collection Set: 1.2ms
[2022-05-19T10:15:34.478+0000][163][gc,phases      ] GC(133)   Post Evacuate Collection Set: 0.6ms
[2022-05-19T10:15:34.478+0000][163][gc,phases      ] GC(133)   Other: 1.9ms
[2022-05-19T10:15:34.478+0000][163][gc,heap        ] GC(133) Eden regions: 16->0(16)
[2022-05-19T10:15:34.478+0000][163][gc,heap        ] GC(133) Survivor regions: 1->1(3)
[2022-05-19T10:15:34.478+0000][163][gc,heap        ] GC(133) Old regions: 54->54
[2022-05-19T10:15:34.479+0000][163][gc,heap        ] GC(133) Archive regions: 2->2
[2022-05-19T10:15:34.479+0000][163][gc,heap        ] GC(133) Humongous regions: 34->34
[2022-05-19T10:15:34.479+0000][163][gc,metaspace   ] GC(133) Metaspace: 100806K(102464K)->100806K(102464K) NonClass: 86915K(87936K)->86915K(87936K) Class: 13891K(14528K)->13891K(14528K)
[2022-05-19T10:15:34.479+0000][163][gc             ] GC(133) Pause Young (Concurrent Start) (G1 Evacuation Pause) 418M->354M(512M) 5.851ms
[2022-05-19T10:15:34.479+0000][163][gc,cpu         ] GC(133) User=0.01s Sys=0.00s Real=0.01s
[2022-05-19T10:15:34.479+0000][163][safepoint      ] Safepoint "G1CollectForAllocation", Time since last: 483823200 ns, Reaching safepoint: 191000 ns, At safepoint: 6230000 ns, Total: 6421000 ns
[2022-05-19T10:15:34.479+0000][163][gc             ] GC(134) Concurrent Mark Cycle
[2022-05-19T10:15:34.480+0000][163][gc,marking     ] GC(134) Concurrent Clear Claimed Marks
[2022-05-19T10:15:34.480+0000][163][gc,marking     ] GC(134) Concurrent Clear Claimed Marks 0.195ms
[2022-05-19T10:15:34.480+0000][163][gc,marking     ] GC(134) Concurrent Scan Root Regions
[2022-05-19T10:15:34.481+0000][163][gc,marking     ] GC(134) Concurrent Scan Root Regions 1.119ms
[2022-05-19T10:15:34.481+0000][163][gc,marking     ] GC(134) Concurrent Mark
[2022-05-19T10:15:34.481+0000][163][gc,marking     ] GC(134) Concurrent Mark From Roots
[2022-05-19T10:15:34.482+0000][163][gc,task        ] GC(134) Using 3 workers of 3 for marking
[2022-05-19T10:15:34.527+0000][163][gc,marking     ] GC(134) Concurrent Mark From Roots 45.292ms
[2022-05-19T10:15:34.527+0000][163][gc,marking     ] GC(134) Concurrent Preclean
[2022-05-19T10:15:34.528+0000][163][gc,marking     ] GC(134) Concurrent Preclean 0.773ms
[2022-05-19T10:15:34.528+0000][163][gc,start       ] GC(134) Pause Remark
[2022-05-19T10:15:34.532+0000][163][gc             ] GC(134) Pause Remark 360M->360M(512M) 3.753ms
[2022-05-19T10:15:34.532+0000][163][gc,cpu         ] GC(134) User=0.02s Sys=0.00s Real=0.00s
[2022-05-19T10:15:34.533+0000][163][safepoint      ] Safepoint "G1Concurrent", Time since last: 48642800 ns, Reaching safepoint: 351800 ns, At safepoint: 4295900 ns, Total: 4647700 ns
[2022-05-19T10:15:34.533+0000][163][gc,marking     ] GC(134) Concurrent Mark 51.624ms
[2022-05-19T10:15:34.533+0000][163][gc,marking     ] GC(134) Concurrent Rebuild Remembered Sets
[2022-05-19T10:15:34.553+0000][163][gc,marking     ] GC(134) Concurrent Rebuild Remembered Sets 20.143ms
[2022-05-19T10:15:34.554+0000][163][gc,start       ] GC(134) Pause Cleanup
[2022-05-19T10:15:34.555+0000][163][gc             ] GC(134) Pause Cleanup 362M->362M(512M) 0.488ms
[2022-05-19T10:15:34.555+0000][163][gc,cpu         ] GC(134) User=0.00s Sys=0.00s Real=0.00s
[2022-05-19T10:15:34.555+0000][163][safepoint      ] Safepoint "G1Concurrent", Time since last: 21002800 ns, Reaching safepoint: 309600 ns, At safepoint: 891900 ns, Total: 1201500 ns
[2022-05-19T10:15:34.555+0000][163][gc,marking     ] GC(134) Concurrent Cleanup for Next Mark
[2022-05-19T10:15:34.556+0000][163][gc,marking     ] GC(134) Concurrent Cleanup for Next Mark 0.407ms
[2022-05-19T10:15:34.556+0000][163][gc             ] GC(134) Concurrent Mark Cycle 76.334ms
[2022-05-19T10:15:34.975+0000][163][gc,start       ] GC(135) Pause Young (Normal) (G1 Evacuation Pause)
[2022-05-19T10:15:34.976+0000][163][gc,task        ] GC(135) Using 10 workers of 10 for evacuation
[2022-05-19T10:15:34.976+0000][163][gc,age         ] GC(135) Desired survivor size 6291456 bytes, new threshold 15 (max threshold 15)
[2022-05-19T10:15:34.979+0000][163][gc,age         ] GC(135) Age table with threshold 15 (max threshold 15)
[2022-05-19T10:15:34.979+0000][163][gc,age         ] GC(135) - age   1:     919136 bytes,     919136 total
[2022-05-19T10:15:34.979+0000][163][gc,age         ] GC(135) - age   2:     886528 bytes,    1805664 total
[2022-05-19T10:15:34.979+0000][163][gc,age         ] GC(135) - age   3:     262336 bytes,    2068000 total
[2022-05-19T10:15:34.980+0000][163][gc,age         ] GC(135) - age   4:     857576 bytes,    2925576 total
[2022-05-19T10:15:34.980+0000][163][gc,age         ] GC(135) - age   5:     885200 bytes,    3810776 total
[2022-05-19T10:15:34.980+0000][163][gc,age         ] GC(135) - age   6:     262272 bytes,    4073048 total
[2022-05-19T10:15:34.980+0000][163][gc,phases      ] GC(135)   Pre Evacuate Collection Set: 0.2ms
[2022-05-19T10:15:34.981+0000][163][gc,phases      ] GC(135)   Merge Heap Roots: 0.2ms
[2022-05-19T10:15:34.981+0000][163][gc,phases      ] GC(135)   Evacuate Collection Set: 1.0ms
[2022-05-19T10:15:34.981+0000][163][gc,phases      ] GC(135)   Post Evacuate Collection Set: 0.9ms
[2022-05-19T10:15:34.981+0000][163][gc,phases      ] GC(135)   Other: 2.7ms
[2022-05-19T10:15:34.981+0000][163][gc,heap        ] GC(135) Eden regions: 16->0(16)
[2022-05-19T10:15:34.981+0000][163][gc,heap        ] GC(135) Survivor regions: 1->1(3)
[2022-05-19T10:15:34.981+0000][163][gc,heap        ] GC(135) Old regions: 54->54
[2022-05-19T10:15:34.982+0000][163][gc,heap        ] GC(135) Archive regions: 2->2
[2022-05-19T10:15:34.982+0000][163][gc,heap        ] GC(135) Humongous regions: 34->34
[2022-05-19T10:15:34.982+0000][163][gc,metaspace   ] GC(135) Metaspace: 100806K(102464K)->100806K(102464K) NonClass: 86915K(87936K)->86915K(87936K) Class: 13891K(14528K)->13891K(14528K)
[2022-05-19T10:15:34.982+0000][163][gc             ] GC(135) Pause Young (Normal) (G1 Evacuation Pause) 418M->355M(512M) 6.704ms
[2022-05-19T10:15:34.982+0000][163][gc,cpu         ] GC(135) User=0.01s Sys=0.00s Real=0.00s
[2022-05-19T10:15:34.982+0000][163][safepoint      ] Safepoint "G1CollectForAllocation", Time since last: 420178600 ns, Reaching safepoint: 226700 ns, At safepoint: 7058000 ns, Total: 7284700 ns
[2022-05-19T10:15:35.464+0000][163][gc,start       ] GC(136) Pause Young (Concurrent Start) (G1 Evacuation Pause)
[2022-05-19T10:15:35.465+0000][163][gc,task        ] GC(136) Using 10 workers of 10 for evacuation
[2022-05-19T10:15:35.465+0000][163][gc,age         ] GC(136) Desired survivor size 6291456 bytes, new threshold 15 (max threshold 15)
[2022-05-19T10:15:35.467+0000][163][gc,age         ] GC(136) Age table with threshold 15 (max threshold 15)
[2022-05-19T10:15:35.468+0000][163][gc,age         ] GC(136) - age   1:     920128 bytes,     920128 total
[2022-05-19T10:15:35.468+0000][163][gc,age         ] GC(136) - age   2:     918768 bytes,    1838896 total
[2022-05-19T10:15:35.468+0000][163][gc,age         ] GC(136) - age   3:     885168 bytes,    2724064 total
[2022-05-19T10:15:35.468+0000][163][gc,age         ] GC(136) - age   4:     262336 bytes,    2986400 total
[2022-05-19T10:15:35.469+0000][163][gc,age         ] GC(136) - age   5:     857576 bytes,    3843976 total
[2022-05-19T10:15:35.469+0000][163][gc,age         ] GC(136) - age   6:     885200 bytes,    4729176 total
[2022-05-19T10:15:35.469+0000][163][gc,age         ] GC(136) - age   7:     262272 bytes,    4991448 total
[2022-05-19T10:15:35.469+0000][163][gc,phases      ] GC(136)   Pre Evacuate Collection Set: 0.3ms
[2022-05-19T10:15:35.469+0000][163][gc,phases      ] GC(136)   Merge Heap Roots: 0.2ms
[2022-05-19T10:15:35.469+0000][163][gc,phases      ] GC(136)   Evacuate Collection Set: 1.3ms
[2022-05-19T10:15:35.469+0000][163][gc,phases      ] GC(136)   Post Evacuate Collection Set: 0.6ms
[2022-05-19T10:15:35.470+0000][163][gc,phases      ] GC(136)   Other: 2.5ms
[2022-05-19T10:15:35.470+0000][163][gc,heap        ] GC(136) Eden regions: 16->0(14)
[2022-05-19T10:15:35.470+0000][163][gc,heap        ] GC(136) Survivor regions: 1->2(3)
[2022-05-19T10:15:35.470+0000][163][gc,heap        ] GC(136) Old regions: 54->54
[2022-05-19T10:15:35.470+0000][163][gc,heap        ] GC(136) Archive regions: 2->2
[2022-05-19T10:15:35.470+0000][163][gc,heap        ] GC(136) Humongous regions: 34->34
[2022-05-19T10:15:35.470+0000][163][gc,metaspace   ] GC(136) Metaspace: 100808K(102464K)->100808K(102464K) NonClass: 86917K(87936K)->86917K(87936K) Class: 13891K(14528K)->13891K(14528K)
[2022-05-19T10:15:35.471+0000][163][gc             ] GC(136) Pause Young (Concurrent Start) (G1 Evacuation Pause) 419M->356M(512M) 6.432ms
[2022-05-19T10:15:35.471+0000][163][gc,cpu         ] GC(136) User=0.01s Sys=0.00s Real=0.01s
[2022-05-19T10:15:35.471+0000][163][gc             ] GC(137) Concurrent Mark Cycle
[2022-05-19T10:15:35.471+0000][163][gc,marking     ] GC(137) Concurrent Clear Claimed Marks
[2022-05-19T10:15:35.471+0000][163][safepoint      ] Safepoint "G1CollectForAllocation", Time since last: 481562800 ns, Reaching safepoint: 190900 ns, At safepoint: 6797400 ns, Total: 6988300 ns
[2022-05-19T10:15:35.471+0000][163][gc,marking     ] GC(137) Concurrent Clear Claimed Marks 0.220ms
[2022-05-19T10:15:35.472+0000][163][gc,marking     ] GC(137) Concurrent Scan Root Regions
[2022-05-19T10:15:35.473+0000][163][gc,marking     ] GC(137) Concurrent Scan Root Regions 1.536ms
[2022-05-19T10:15:35.473+0000][163][gc,marking     ] GC(137) Concurrent Mark
[2022-05-19T10:15:35.473+0000][163][gc,marking     ] GC(137) Concurrent Mark From Roots
[2022-05-19T10:15:35.473+0000][163][gc,task        ] GC(137) Using 3 workers of 3 for marking
[2022-05-19T10:15:35.515+0000][163][gc,marking     ] GC(137) Concurrent Mark From Roots 42.142ms
[2022-05-19T10:15:35.516+0000][163][gc,marking     ] GC(137) Concurrent Preclean
[2022-05-19T10:15:35.516+0000][163][gc,marking     ] GC(137) Concurrent Preclean 0.697ms
[2022-05-19T10:15:35.517+0000][163][gc,start       ] GC(137) Pause Remark
[2022-05-19T10:15:35.520+0000][163][gc             ] GC(137) Pause Remark 361M->361M(512M) 3.057ms
[2022-05-19T10:15:35.520+0000][163][gc,cpu         ] GC(137) User=0.02s Sys=0.00s Real=0.00s
[2022-05-19T10:15:35.520+0000][163][safepoint      ] Safepoint "G1Concurrent", Time since last: 45581700 ns, Reaching safepoint: 302000 ns, At safepoint: 3595900 ns, Total: 3897900 ns
[2022-05-19T10:15:35.521+0000][163][gc,marking     ] GC(137) Concurrent Mark 47.449ms
[2022-05-19T10:15:35.521+0000][163][gc,marking     ] GC(137) Concurrent Rebuild Remembered Sets
[2022-05-19T10:15:35.542+0000][163][gc,marking     ] GC(137) Concurrent Rebuild Remembered Sets 20.840ms
[2022-05-19T10:15:35.542+0000][163][gc,start       ] GC(137) Pause Cleanup
[2022-05-19T10:15:35.543+0000][163][gc             ] GC(137) Pause Cleanup 362M->362M(512M) 0.356ms
[2022-05-19T10:15:35.543+0000][163][gc,cpu         ] GC(137) User=0.00s Sys=0.00s Real=0.00s
[2022-05-19T10:15:35.543+0000][163][safepoint      ] Safepoint "G1Concurrent", Time since last: 21465200 ns, Reaching safepoint: 294200 ns, At safepoint: 833600 ns, Total: 1127800 ns
[2022-05-19T10:15:35.543+0000][163][gc,marking     ] GC(137) Concurrent Cleanup for Next Mark
[2022-05-19T10:15:35.544+0000][163][gc,marking     ] GC(137) Concurrent Cleanup for Next Mark 0.446ms
[2022-05-19T10:15:35.544+0000][163][gc             ] GC(137) Concurrent Mark Cycle 72.968ms
[2022-05-19T10:15:35.924+0000][163][gc,start       ] GC(138) Pause Young (Normal) (G1 Evacuation Pause)
[2022-05-19T10:15:35.925+0000][163][gc,task        ] GC(138) Using 10 workers of 10 for evacuation
[2022-05-19T10:15:35.925+0000][163][gc,age         ] GC(138) Desired survivor size 4194304 bytes, new threshold 6 (max threshold 15)
[2022-05-19T10:15:35.927+0000][163][gc,age         ] GC(138) Age table with threshold 6 (max threshold 15)
[2022-05-19T10:15:35.928+0000][163][gc,age         ] GC(138) - age   1:     787784 bytes,     787784 total
[2022-05-19T10:15:35.928+0000][163][gc,age         ] GC(138) - age   2:     919528 bytes,    1707312 total
[2022-05-19T10:15:35.928+0000][163][gc,age         ] GC(138) - age   3:     918384 bytes,    2625696 total
[2022-05-19T10:15:35.928+0000][163][gc,age         ] GC(138) - age   4:     885168 bytes,    3510864 total
[2022-05-19T10:15:35.929+0000][163][gc,age         ] GC(138) - age   5:     262336 bytes,    3773200 total
[2022-05-19T10:15:35.929+0000][163][gc,age         ] GC(138) - age   6:     857576 bytes,    4630776 total
[2022-05-19T10:15:35.929+0000][163][gc,phases      ] GC(138)   Pre Evacuate Collection Set: 0.2ms
[2022-05-19T10:15:35.929+0000][163][gc,phases      ] GC(138)   Merge Heap Roots: 0.2ms
[2022-05-19T10:15:35.929+0000][163][gc,phases      ] GC(138)   Evacuate Collection Set: 1.1ms
[2022-05-19T10:15:35.929+0000][163][gc,phases      ] GC(138)   Post Evacuate Collection Set: 0.7ms
[2022-05-19T10:15:35.930+0000][163][gc,phases      ] GC(138)   Other: 2.4ms
[2022-05-19T10:15:35.930+0000][163][gc,heap        ] GC(138) Eden regions: 14->0(13)
[2022-05-19T10:15:35.930+0000][163][gc,heap        ] GC(138) Survivor regions: 2->2(2)
[2022-05-19T10:15:35.930+0000][163][gc,heap        ] GC(138) Old regions: 54->55
[2022-05-19T10:15:35.930+0000][163][gc,heap        ] GC(138) Archive regions: 2->2
[2022-05-19T10:15:35.930+0000][163][gc,heap        ] GC(138) Humongous regions: 34->34
[2022-05-19T10:15:35.930+0000][163][gc,metaspace   ] GC(138) Metaspace: 100808K(102464K)->100808K(102464K) NonClass: 86917K(87936K)->86917K(87936K) Class: 13891K(14528K)->13891K(14528K)
[2022-05-19T10:15:35.930+0000][163][gc             ] GC(138) Pause Young (Normal) (G1 Evacuation Pause) 412M->357M(512M) 6.099ms
[2022-05-19T10:15:35.931+0000][163][gc,cpu         ] GC(138) User=0.01s Sys=0.00s Real=0.01s
[2022-05-19T10:15:35.931+0000][163][safepoint      ] Safepoint "G1CollectForAllocation", Time since last: 381109500 ns, Reaching safepoint: 185800 ns, At safepoint: 6372600 ns, Total: 6558400 ns
[2022-05-19T10:15:36.322+0000][163][gc,start       ] GC(139) Pause Young (Concurrent Start) (G1 Evacuation Pause)
[2022-05-19T10:15:36.322+0000][163][gc,task        ] GC(139) Using 10 workers of 10 for evacuation
[2022-05-19T10:15:36.323+0000][163][gc,age         ] GC(139) Desired survivor size 4194304 bytes, new threshold 6 (max threshold 15)
[2022-05-19T10:15:36.326+0000][163][gc,age         ] GC(139) Age table with threshold 6 (max threshold 15)
[2022-05-19T10:15:36.326+0000][163][gc,age         ] GC(139) - age   1:     728040 bytes,     728040 total
[2022-05-19T10:15:36.327+0000][163][gc,age         ] GC(139) - age   2:     787456 bytes,    1515496 total
[2022-05-19T10:15:36.327+0000][163][gc,age         ] GC(139) - age   3:     919528 bytes,    2435024 total
[2022-05-19T10:15:36.327+0000][163][gc,age         ] GC(139) - age   4:     918016 bytes,    3353040 total
[2022-05-19T10:15:36.327+0000][163][gc,age         ] GC(139) - age   5:     885168 bytes,    4238208 total
[2022-05-19T10:15:36.328+0000][163][gc,age         ] GC(139) - age   6:     262304 bytes,    4500512 total
[2022-05-19T10:15:36.328+0000][163][gc,phases      ] GC(139)   Pre Evacuate Collection Set: 0.4ms
[2022-05-19T10:15:36.328+0000][163][gc,phases      ] GC(139)   Merge Heap Roots: 0.2ms
[2022-05-19T10:15:36.328+0000][163][gc,phases      ] GC(139)   Evacuate Collection Set: 1.5ms
[2022-05-19T10:15:36.328+0000][163][gc,phases      ] GC(139)   Post Evacuate Collection Set: 1.0ms
[2022-05-19T10:15:36.328+0000][163][gc,phases      ] GC(139)   Other: 2.7ms
[2022-05-19T10:15:36.328+0000][163][gc,heap        ] GC(139) Eden regions: 13->0(13)
[2022-05-19T10:15:36.329+0000][163][gc,heap        ] GC(139) Survivor regions: 2->2(2)
[2022-05-19T10:15:36.329+0000][163][gc,heap        ] GC(139) Old regions: 55->55
[2022-05-19T10:15:36.329+0000][163][gc,heap        ] GC(139) Archive regions: 2->2
[2022-05-19T10:15:36.329+0000][163][gc,heap        ] GC(139) Humongous regions: 34->34
[2022-05-19T10:15:36.329+0000][163][gc,metaspace   ] GC(139) Metaspace: 100808K(102464K)->100808K(102464K) NonClass: 86917K(87936K)->86917K(87936K) Class: 13891K(14528K)->13891K(14528K)
[2022-05-19T10:15:36.329+0000][163][gc             ] GC(139) Pause Young (Concurrent Start) (G1 Evacuation Pause) 409M->358M(512M) 7.053ms
[2022-05-19T10:15:36.329+0000][163][gc,cpu         ] GC(139) User=0.01s Sys=0.00s Real=0.01s
[2022-05-19T10:15:36.329+0000][163][gc             ] GC(140) Concurrent Mark Cycle
[2022-05-19T10:15:36.329+0000][163][safepoint      ] Safepoint "G1CollectForAllocation", Time since last: 390971900 ns, Reaching safepoint: 356500 ns, At safepoint: 7375600 ns, Total: 7732100 ns
[2022-05-19T10:15:36.330+0000][163][gc,marking     ] GC(140) Concurrent Clear Claimed Marks
[2022-05-19T10:15:36.330+0000][163][gc,marking     ] GC(140) Concurrent Clear Claimed Marks 0.427ms
[2022-05-19T10:15:36.330+0000][163][gc,marking     ] GC(140) Concurrent Scan Root Regions
[2022-05-19T10:15:36.331+0000][163][gc,marking     ] GC(140) Concurrent Scan Root Regions 0.960ms
[2022-05-19T10:15:36.331+0000][163][gc,marking     ] GC(140) Concurrent Mark
[2022-05-19T10:15:36.331+0000][163][gc,marking     ] GC(140) Concurrent Mark From Roots
[2022-05-19T10:15:36.331+0000][163][gc,task        ] GC(140) Using 3 workers of 3 for marking
[2022-05-19T10:15:36.372+0000][163][gc,marking     ] GC(140) Concurrent Mark From Roots 40.198ms
[2022-05-19T10:15:36.372+0000][163][gc,marking     ] GC(140) Concurrent Preclean
[2022-05-19T10:15:36.372+0000][163][gc,marking     ] GC(140) Concurrent Preclean 0.538ms
[2022-05-19T10:15:36.373+0000][163][gc,start       ] GC(140) Pause Remark
[2022-05-19T10:15:36.376+0000][163][gc             ] GC(140) Pause Remark 362M->362M(512M) 3.199ms
[2022-05-19T10:15:36.376+0000][163][gc,cpu         ] GC(140) User=0.02s Sys=0.00s Real=0.01s
[2022-05-19T10:15:36.376+0000][163][safepoint      ] Safepoint "G1Concurrent", Time since last: 43081500 ns, Reaching safepoint: 259800 ns, At safepoint: 3726700 ns, Total: 3986500 ns
[2022-05-19T10:15:36.377+0000][163][gc,marking     ] GC(140) Concurrent Mark 45.414ms
[2022-05-19T10:15:36.377+0000][163][gc,marking     ] GC(140) Concurrent Rebuild Remembered Sets
[2022-05-19T10:15:36.397+0000][163][gc,marking     ] GC(140) Concurrent Rebuild Remembered Sets 19.803ms
[2022-05-19T10:15:36.397+0000][163][gc,start       ] GC(140) Pause Cleanup
[2022-05-19T10:15:36.398+0000][163][gc             ] GC(140) Pause Cleanup 365M->365M(512M) 0.538ms
[2022-05-19T10:15:36.398+0000][163][gc,cpu         ] GC(140) User=0.00s Sys=0.00s Real=0.00s
[2022-05-19T10:15:36.398+0000][163][safepoint      ] Safepoint "G1Concurrent", Time since last: 20502100 ns, Reaching safepoint: 375000 ns, At safepoint: 1142000 ns, Total: 1517000 ns
[2022-05-19T10:15:36.399+0000][163][gc,marking     ] GC(140) Concurrent Cleanup for Next Mark
[2022-05-19T10:15:36.399+0000][163][gc,marking     ] GC(140) Concurrent Cleanup for Next Mark 0.405ms
[2022-05-19T10:15:36.399+0000][163][gc             ] GC(140) Concurrent Mark Cycle 70.000ms
[2022-05-19T10:15:36.756+0000][163][gc,start       ] GC(141) Pause Young (Normal) (G1 Evacuation Pause)
[2022-05-19T10:15:36.756+0000][163][gc,task        ] GC(141) Using 10 workers of 10 for evacuation
[2022-05-19T10:15:36.756+0000][163][gc,age         ] GC(141) Desired survivor size 4194304 bytes, new threshold 5 (max threshold 15)
[2022-05-19T10:15:36.759+0000][163][gc,age         ] GC(141) Age table with threshold 5 (max threshold 15)
[2022-05-19T10:15:36.759+0000][163][gc,age         ] GC(141) - age   1:     755736 bytes,     755736 total
[2022-05-19T10:15:36.759+0000][163][gc,age         ] GC(141) - age   2:     727520 bytes,    1483256 total
[2022-05-19T10:15:36.759+0000][163][gc,age         ] GC(141) - age   3:     787456 bytes,    2270712 total
[2022-05-19T10:15:36.760+0000][163][gc,age         ] GC(141) - age   4:     918168 bytes,    3188880 total
[2022-05-19T10:15:36.760+0000][163][gc,age         ] GC(141) - age   5:     918016 bytes,    4106896 total
[2022-05-19T10:15:36.760+0000][163][gc,phases      ] GC(141)   Pre Evacuate Collection Set: 0.2ms
[2022-05-19T10:15:36.760+0000][163][gc,phases      ] GC(141)   Merge Heap Roots: 0.2ms
[2022-05-19T10:15:36.760+0000][163][gc,phases      ] GC(141)   Evacuate Collection Set: 1.0ms
[2022-05-19T10:15:36.760+0000][163][gc,phases      ] GC(141)   Post Evacuate Collection Set: 0.8ms
[2022-05-19T10:15:36.761+0000][163][gc,phases      ] GC(141)   Other: 1.9ms
[2022-05-19T10:15:36.761+0000][163][gc,heap        ] GC(141) Eden regions: 13->0(15)
[2022-05-19T10:15:36.761+0000][163][gc,heap        ] GC(141) Survivor regions: 2->1(2)
[2022-05-19T10:15:36.761+0000][163][gc,heap        ] GC(141) Old regions: 55->55
[2022-05-19T10:15:36.761+0000][163][gc,heap        ] GC(141) Archive regions: 2->2
[2022-05-19T10:15:36.761+0000][163][gc,heap        ] GC(141) Humongous regions: 34->34
[2022-05-19T10:15:36.761+0000][163][gc,metaspace   ] GC(141) Metaspace: 100811K(102464K)->100811K(102464K) NonClass: 86919K(87936K)->86919K(87936K) Class: 13891K(14528K)->13891K(14528K)
[2022-05-19T10:15:36.762+0000][163][gc             ] GC(141) Pause Young (Normal) (G1 Evacuation Pause) 410M->358M(512M) 5.719ms
[2022-05-19T10:15:36.762+0000][163][gc,cpu         ] GC(141) User=0.01s Sys=0.00s Real=0.00s
[2022-05-19T10:15:36.762+0000][163][safepoint      ] Safepoint "G1CollectForAllocation", Time since last: 357039000 ns, Reaching safepoint: 337700 ns, At safepoint: 6006900 ns, Total: 6344600 ns
[2022-05-19T10:15:37.203+0000][163][gc,start       ] GC(142) Pause Young (Concurrent Start) (G1 Evacuation Pause)
[2022-05-19T10:15:37.203+0000][163][gc,task        ] GC(142) Using 10 workers of 10 for evacuation
[2022-05-19T10:15:37.204+0000][163][gc,age         ] GC(142) Desired survivor size 4194304 bytes, new threshold 15 (max threshold 15)
[2022-05-19T10:15:37.207+0000][163][gc,age         ] GC(142) Age table with threshold 15 (max threshold 15)
[2022-05-19T10:15:37.207+0000][163][gc,age         ] GC(142) - age   1:     821000 bytes,     821000 total
[2022-05-19T10:15:37.207+0000][163][gc,age         ] GC(142) - age   2:     755392 bytes,    1576392 total
[2022-05-19T10:15:37.207+0000][163][gc,age         ] GC(142) - age   3:     727152 bytes,    2303544 total
[2022-05-19T10:15:37.207+0000][163][gc,age         ] GC(142) - age   4:     787072 bytes,    3090616 total
[2022-05-19T10:15:37.208+0000][163][gc,age         ] GC(142) - age   5:     918168 bytes,    4008784 total
[2022-05-19T10:15:37.208+0000][163][gc,age         ] GC(142) - age   6:     917984 bytes,    4926768 total
[2022-05-19T10:15:37.208+0000][163][gc,phases      ] GC(142)   Pre Evacuate Collection Set: 0.3ms
[2022-05-19T10:15:37.208+0000][163][gc,phases      ] GC(142)   Merge Heap Roots: 0.2ms
[2022-05-19T10:15:37.208+0000][163][gc,phases      ] GC(142)   Evacuate Collection Set: 1.4ms
[2022-05-19T10:15:37.209+0000][163][gc,phases      ] GC(142)   Post Evacuate Collection Set: 0.7ms
[2022-05-19T10:15:37.209+0000][163][gc,phases      ] GC(142)   Other: 2.6ms
[2022-05-19T10:15:37.209+0000][163][gc,heap        ] GC(142) Eden regions: 15->0(13)
[2022-05-19T10:15:37.209+0000][163][gc,heap        ] GC(142) Survivor regions: 1->2(2)
[2022-05-19T10:15:37.209+0000][163][gc,heap        ] GC(142) Old regions: 55->55
[2022-05-19T10:15:37.209+0000][163][gc,heap        ] GC(142) Archive regions: 2->2
[2022-05-19T10:15:37.209+0000][163][gc,heap        ] GC(142) Humongous regions: 34->34
[2022-05-19T10:15:37.210+0000][163][gc,metaspace   ] GC(142) Metaspace: 100811K(102464K)->100811K(102464K) NonClass: 86919K(87936K)->86919K(87936K) Class: 13891K(14528K)->13891K(14528K)
[2022-05-19T10:15:37.210+0000][163][gc             ] GC(142) Pause Young (Concurrent Start) (G1 Evacuation Pause) 418M->359M(512M) 6.917ms
[2022-05-19T10:15:37.210+0000][163][gc,cpu         ] GC(142) User=0.01s Sys=0.00s Real=0.01s
[2022-05-19T10:15:37.210+0000][163][safepoint      ] Safepoint "G1CollectForAllocation", Time since last: 440659700 ns, Reaching safepoint: 239800 ns, At safepoint: 7215700 ns, Total: 7455500 ns
[2022-05-19T10:15:37.210+0000][163][gc             ] GC(143) Concurrent Mark Cycle
[2022-05-19T10:15:37.210+0000][163][gc,marking     ] GC(143) Concurrent Clear Claimed Marks
[2022-05-19T10:15:37.210+0000][163][gc,marking     ] GC(143) Concurrent Clear Claimed Marks 0.135ms
[2022-05-19T10:15:37.210+0000][163][gc,marking     ] GC(143) Concurrent Scan Root Regions
[2022-05-19T10:15:37.211+0000][163][gc,marking     ] GC(143) Concurrent Scan Root Regions 0.928ms
[2022-05-19T10:15:37.211+0000][163][gc,marking     ] GC(143) Concurrent Mark
[2022-05-19T10:15:37.212+0000][163][gc,marking     ] GC(143) Concurrent Mark From Roots
[2022-05-19T10:15:37.212+0000][163][gc,task        ] GC(143) Using 3 workers of 3 for marking
[2022-05-19T10:15:37.252+0000][163][gc,marking     ] GC(143) Concurrent Mark From Roots 40.149ms
[2022-05-19T10:15:37.252+0000][163][gc,marking     ] GC(143) Concurrent Preclean
[2022-05-19T10:15:37.253+0000][163][gc,marking     ] GC(143) Concurrent Preclean 0.607ms
[2022-05-19T10:15:37.253+0000][163][gc,start       ] GC(143) Pause Remark
[2022-05-19T10:15:37.256+0000][163][gc             ] GC(143) Pause Remark 364M->364M(512M) 3.198ms
[2022-05-19T10:15:37.257+0000][163][gc,cpu         ] GC(143) User=0.02s Sys=0.00s Real=0.01s
[2022-05-19T10:15:37.257+0000][163][safepoint      ] Safepoint "G1Concurrent", Time since last: 42951000 ns, Reaching safepoint: 289900 ns, At safepoint: 3795500 ns, Total: 4085400 ns
[2022-05-19T10:15:37.257+0000][163][gc,marking     ] GC(143) Concurrent Mark 45.772ms
[2022-05-19T10:15:37.257+0000][163][gc,marking     ] GC(143) Concurrent Rebuild Remembered Sets
[2022-05-19T10:15:37.276+0000][163][gc,marking     ] GC(143) Concurrent Rebuild Remembered Sets 18.817ms
[2022-05-19T10:15:37.277+0000][163][gc,start       ] GC(143) Pause Cleanup
[2022-05-19T10:15:37.278+0000][163][gc             ] GC(143) Pause Cleanup 366M->366M(512M) 0.547ms
[2022-05-19T10:15:37.278+0000][163][gc,cpu         ] GC(143) User=0.00s Sys=0.00s Real=0.00s
[2022-05-19T10:15:37.278+0000][163][safepoint      ] Safepoint "G1Concurrent", Time since last: 19611600 ns, Reaching safepoint: 364500 ns, At safepoint: 1091200 ns, Total: 1455700 ns
[2022-05-19T10:15:37.278+0000][163][gc,marking     ] GC(143) Concurrent Cleanup for Next Mark
[2022-05-19T10:15:37.279+0000][163][gc,marking     ] GC(143) Concurrent Cleanup for Next Mark 0.405ms
[2022-05-19T10:15:37.279+0000][163][gc             ] GC(143) Concurrent Mark Cycle 68.943ms
[2022-05-19T10:15:37.635+0000][163][gc,start       ] GC(144) Pause Young (Normal) (G1 Evacuation Pause)
[2022-05-19T10:15:37.635+0000][163][gc,task        ] GC(144) Using 10 workers of 10 for evacuation
[2022-05-19T10:15:37.636+0000][163][gc,age         ] GC(144) Desired survivor size 4194304 bytes, new threshold 6 (max threshold 15)
[2022-05-19T10:15:37.638+0000][163][gc,age         ] GC(144) Age table with threshold 6 (max threshold 15)
[2022-05-19T10:15:37.638+0000][163][gc,age         ] GC(144) - age   1:     788528 bytes,     788528 total
[2022-05-19T10:15:37.638+0000][163][gc,age         ] GC(144) - age   2:     820600 bytes,    1609128 total
[2022-05-19T10:15:37.639+0000][163][gc,age         ] GC(144) - age   3:     754032 bytes,    2363160 total
[2022-05-19T10:15:37.639+0000][163][gc,age         ] GC(144) - age   4:     727152 bytes,    3090312 total
[2022-05-19T10:15:37.639+0000][163][gc,age         ] GC(144) - age   5:     787072 bytes,    3877384 total
[2022-05-19T10:15:37.639+0000][163][gc,age         ] GC(144) - age   6:     918168 bytes,    4795552 total
[2022-05-19T10:15:37.639+0000][163][gc,phases      ] GC(144)   Pre Evacuate Collection Set: 0.2ms
[2022-05-19T10:15:37.639+0000][163][gc,phases      ] GC(144)   Merge Heap Roots: 0.1ms
[2022-05-19T10:15:37.640+0000][163][gc,phases      ] GC(144)   Evacuate Collection Set: 1.0ms
[2022-05-19T10:15:37.640+0000][163][gc,phases      ] GC(144)   Post Evacuate Collection Set: 0.6ms
[2022-05-19T10:15:37.640+0000][163][gc,phases      ] GC(144)   Other: 2.2ms
[2022-05-19T10:15:37.640+0000][163][gc,heap        ] GC(144) Eden regions: 13->0(13)
[2022-05-19T10:15:37.640+0000][163][gc,heap        ] GC(144) Survivor regions: 2->2(2)
[2022-05-19T10:15:37.640+0000][163][gc,heap        ] GC(144) Old regions: 55->55
[2022-05-19T10:15:37.640+0000][163][gc,heap        ] GC(144) Archive regions: 2->2
[2022-05-19T10:15:37.640+0000][163][gc,heap        ] GC(144) Humongous regions: 34->34
[2022-05-19T10:15:37.641+0000][163][gc,metaspace   ] GC(144) Metaspace: 100812K(102464K)->100812K(102464K) NonClass: 86920K(87936K)->86920K(87936K) Class: 13891K(14528K)->13891K(14528K)
[2022-05-19T10:15:37.641+0000][163][gc             ] GC(144) Pause Young (Normal) (G1 Evacuation Pause) 411M->360M(512M) 5.675ms
[2022-05-19T10:15:37.641+0000][163][gc,cpu         ] GC(144) User=0.01s Sys=0.00s Real=0.00s
[2022-05-19T10:15:37.641+0000][163][safepoint      ] Safepoint "G1CollectForAllocation", Time since last: 356782300 ns, Reaching safepoint: 183100 ns, At safepoint: 5963400 ns, Total: 6146500 ns
[2022-05-19T10:15:38.034+0000][163][gc,start       ] GC(145) Pause Young (Concurrent Start) (G1 Evacuation Pause)
[2022-05-19T10:15:38.034+0000][163][gc,task        ] GC(145) Using 10 workers of 10 for evacuation
[2022-05-19T10:15:38.034+0000][163][gc,age         ] GC(145) Desired survivor size 4194304 bytes, new threshold 6 (max threshold 15)
[2022-05-19T10:15:38.038+0000][163][gc,age         ] GC(145) Age table with threshold 6 (max threshold 15)
[2022-05-19T10:15:38.038+0000][163][gc,age         ] GC(145) - age   1:     722672 bytes,     722672 total
[2022-05-19T10:15:38.038+0000][163][gc,age         ] GC(145) - age   2:     788176 bytes,    1510848 total
[2022-05-19T10:15:38.039+0000][163][gc,age         ] GC(145) - age   3:     819848 bytes,    2330696 total
[2022-05-19T10:15:38.039+0000][163][gc,age         ] GC(145) - age   4:     754032 bytes,    3084728 total
[2022-05-19T10:15:38.039+0000][163][gc,age         ] GC(145) - age   5:     727120 bytes,    3811848 total
[2022-05-19T10:15:38.039+0000][163][gc,age         ] GC(145) - age   6:     787072 bytes,    4598920 total
[2022-05-19T10:15:38.039+0000][163][gc,phases      ] GC(145)   Pre Evacuate Collection Set: 0.4ms
[2022-05-19T10:15:38.040+0000][163][gc,phases      ] GC(145)   Merge Heap Roots: 0.2ms
[2022-05-19T10:15:38.040+0000][163][gc,phases      ] GC(145)   Evacuate Collection Set: 1.6ms
[2022-05-19T10:15:38.040+0000][163][gc,phases      ] GC(145)   Post Evacuate Collection Set: 1.0ms
[2022-05-19T10:15:38.040+0000][163][gc,phases      ] GC(145)   Other: 2.7ms
[2022-05-19T10:15:38.040+0000][163][gc,heap        ] GC(145) Eden regions: 13->0(13)
[2022-05-19T10:15:38.040+0000][163][gc,heap        ] GC(145) Survivor regions: 2->2(2)
[2022-05-19T10:15:38.040+0000][163][gc,heap        ] GC(145) Old regions: 55->55
[2022-05-19T10:15:38.040+0000][163][gc,heap        ] GC(145) Archive regions: 2->2
[2022-05-19T10:15:38.041+0000][163][gc,heap        ] GC(145) Humongous regions: 34->34
[2022-05-19T10:15:38.041+0000][163][gc,metaspace   ] GC(145) Metaspace: 100814K(102464K)->100814K(102464K) NonClass: 86923K(87936K)->86923K(87936K) Class: 13891K(14528K)->13891K(14528K)
[2022-05-19T10:15:38.041+0000][163][gc             ] GC(145) Pause Young (Concurrent Start) (G1 Evacuation Pause) 412M->361M(512M) 7.186ms
[2022-05-19T10:15:38.041+0000][163][gc,cpu         ] GC(145) User=0.00s Sys=0.01s Real=0.01s
[2022-05-19T10:15:38.041+0000][163][gc             ] GC(146) Concurrent Mark Cycle
[2022-05-19T10:15:38.041+0000][163][safepoint      ] Safepoint "G1CollectForAllocation", Time since last: 392350900 ns, Reaching safepoint: 254600 ns, At safepoint: 7535400 ns, Total: 7790000 ns
[2022-05-19T10:15:38.041+0000][163][gc,marking     ] GC(146) Concurrent Clear Claimed Marks
[2022-05-19T10:15:38.042+0000][163][gc,marking     ] GC(146) Concurrent Clear Claimed Marks 0.306ms
[2022-05-19T10:15:38.042+0000][163][gc,marking     ] GC(146) Concurrent Scan Root Regions
[2022-05-19T10:15:38.043+0000][163][gc,marking     ] GC(146) Concurrent Scan Root Regions 0.812ms
[2022-05-19T10:15:38.043+0000][163][gc,marking     ] GC(146) Concurrent Mark
[2022-05-19T10:15:38.043+0000][163][gc,marking     ] GC(146) Concurrent Mark From Roots
[2022-05-19T10:15:38.043+0000][163][gc,task        ] GC(146) Using 3 workers of 3 for marking
[2022-05-19T10:15:38.086+0000][163][gc,marking     ] GC(146) Concurrent Mark From Roots 43.653ms
[2022-05-19T10:15:38.087+0000][163][gc,marking     ] GC(146) Concurrent Preclean
[2022-05-19T10:15:38.087+0000][163][gc,marking     ] GC(146) Concurrent Preclean 0.652ms
[2022-05-19T10:15:38.088+0000][163][gc,start       ] GC(146) Pause Remark
[2022-05-19T10:15:38.091+0000][163][gc             ] GC(146) Pause Remark 367M->367M(512M) 3.063ms
[2022-05-19T10:15:38.091+0000][163][gc,cpu         ] GC(146) User=0.02s Sys=0.00s Real=0.00s
[2022-05-19T10:15:38.091+0000][163][safepoint      ] Safepoint "G1Concurrent", Time since last: 46349700 ns, Reaching safepoint: 256700 ns, At safepoint: 3738200 ns, Total: 3994900 ns
[2022-05-19T10:15:38.092+0000][163][gc,marking     ] GC(146) Concurrent Mark 49.175ms
[2022-05-19T10:15:38.092+0000][163][gc,marking     ] GC(146) Concurrent Rebuild Remembered Sets
[2022-05-19T10:15:38.109+0000][163][gc,marking     ] GC(146) Concurrent Rebuild Remembered Sets 17.329ms
[2022-05-19T10:15:38.110+0000][163][gc,start       ] GC(146) Pause Cleanup
[2022-05-19T10:15:38.110+0000][163][gc             ] GC(146) Pause Cleanup 369M->369M(512M) 0.471ms
[2022-05-19T10:15:38.111+0000][163][gc,cpu         ] GC(146) User=0.00s Sys=0.00s Real=0.00s
[2022-05-19T10:15:38.111+0000][163][safepoint      ] Safepoint "G1Concurrent", Time since last: 18159000 ns, Reaching safepoint: 289800 ns, At safepoint: 891900 ns, Total: 1181700 ns
[2022-05-19T10:15:38.111+0000][163][gc,marking     ] GC(146) Concurrent Cleanup for Next Mark
[2022-05-19T10:15:38.111+0000][163][gc,marking     ] GC(146) Concurrent Cleanup for Next Mark 0.377ms
[2022-05-19T10:15:38.112+0000][163][gc             ] GC(146) Concurrent Mark Cycle 70.483ms
[2022-05-19T10:15:38.441+0000][163][gc,start       ] GC(147) Pause Young (Normal) (G1 Evacuation Pause)
[2022-05-19T10:15:38.441+0000][163][gc,task        ] GC(147) Using 10 workers of 10 for evacuation
[2022-05-19T10:15:38.441+0000][163][gc,age         ] GC(147) Desired survivor size 4194304 bytes, new threshold 6 (max threshold 15)
[2022-05-19T10:15:38.444+0000][163][gc,age         ] GC(147) Age table with threshold 6 (max threshold 15)
[2022-05-19T10:15:38.444+0000][163][gc,age         ] GC(147) - age   1:     722952 bytes,     722952 total
[2022-05-19T10:15:38.444+0000][163][gc,age         ] GC(147) - age   2:     722064 bytes,    1445016 total
[2022-05-19T10:15:38.444+0000][163][gc,age         ] GC(147) - age   3:     786816 bytes,    2231832 total
[2022-05-19T10:15:38.445+0000][163][gc,age         ] GC(147) - age   4:     819848 bytes,    3051680 total
[2022-05-19T10:15:38.445+0000][163][gc,age         ] GC(147) - age   5:     754032 bytes,    3805712 total
[2022-05-19T10:15:38.445+0000][163][gc,age         ] GC(147) - age   6:     727120 bytes,    4532832 total
[2022-05-19T10:15:38.445+0000][163][gc,phases      ] GC(147)   Pre Evacuate Collection Set: 0.3ms
[2022-05-19T10:15:38.445+0000][163][gc,phases      ] GC(147)   Merge Heap Roots: 0.2ms
[2022-05-19T10:15:38.446+0000][163][gc,phases      ] GC(147)   Evacuate Collection Set: 1.1ms
[2022-05-19T10:15:38.446+0000][163][gc,phases      ] GC(147)   Post Evacuate Collection Set: 0.8ms
[2022-05-19T10:15:38.446+0000][163][gc,phases      ] GC(147)   Other: 2.2ms
[2022-05-19T10:15:38.446+0000][163][gc,heap        ] GC(147) Eden regions: 13->0(12)
[2022-05-19T10:15:38.446+0000][163][gc,heap        ] GC(147) Survivor regions: 2->2(2)
[2022-05-19T10:15:38.446+0000][163][gc,heap        ] GC(147) Old regions: 55->56
[2022-05-19T10:15:38.446+0000][163][gc,heap        ] GC(147) Archive regions: 2->2
[2022-05-19T10:15:38.447+0000][163][gc,heap        ] GC(147) Humongous regions: 34->34
[2022-05-19T10:15:38.447+0000][163][gc,metaspace   ] GC(147) Metaspace: 100819K(102464K)->100819K(102464K) NonClass: 86928K(87936K)->86928K(87936K) Class: 13891K(14528K)->13891K(14528K)
[2022-05-19T10:15:38.447+0000][163][gc             ] GC(147) Pause Young (Normal) (G1 Evacuation Pause) 413M->361M(512M) 6.162ms
[2022-05-19T10:15:38.447+0000][163][gc,cpu         ] GC(147) User=0.01s Sys=0.00s Real=0.01s
[2022-05-19T10:15:38.447+0000][163][safepoint      ] Safepoint "G1CollectForAllocation", Time since last: 329643300 ns, Reaching safepoint: 186300 ns, At safepoint: 6459400 ns, Total: 6645700 ns
[2022-05-19T10:15:38.819+0000][163][gc,start       ] GC(148) Pause Young (Concurrent Start) (G1 Evacuation Pause)
[2022-05-19T10:15:38.819+0000][163][gc,task        ] GC(148) Using 10 workers of 10 for evacuation
[2022-05-19T10:15:38.819+0000][163][gc,age         ] GC(148) Desired survivor size 4194304 bytes, new threshold 6 (max threshold 15)
[2022-05-19T10:15:38.823+0000][163][gc,age         ] GC(148) Age table with threshold 6 (max threshold 15)
[2022-05-19T10:15:38.823+0000][163][gc,age         ] GC(148) - age   1:     688800 bytes,     688800 total
[2022-05-19T10:15:38.823+0000][163][gc,age         ] GC(148) - age   2:     722640 bytes,    1411440 total
[2022-05-19T10:15:38.823+0000][163][gc,age         ] GC(148) - age   3:     722064 bytes,    2133504 total
[2022-05-19T10:15:38.824+0000][163][gc,age         ] GC(148) - age   4:     786816 bytes,    2920320 total
[2022-05-19T10:15:38.824+0000][163][gc,age         ] GC(148) - age   5:     819848 bytes,    3740168 total
[2022-05-19T10:15:38.824+0000][163][gc,age         ] GC(148) - age   6:     754032 bytes,    4494200 total
[2022-05-19T10:15:38.824+0000][163][gc,phases      ] GC(148)   Pre Evacuate Collection Set: 0.3ms
[2022-05-19T10:15:38.824+0000][163][gc,phases      ] GC(148)   Merge Heap Roots: 0.2ms
[2022-05-19T10:15:38.825+0000][163][gc,phases      ] GC(148)   Evacuate Collection Set: 1.7ms
[2022-05-19T10:15:38.825+0000][163][gc,phases      ] GC(148)   Post Evacuate Collection Set: 0.8ms
[2022-05-19T10:15:38.825+0000][163][gc,phases      ] GC(148)   Other: 2.5ms
[2022-05-19T10:15:38.825+0000][163][gc,heap        ] GC(148) Eden regions: 12->0(12)
[2022-05-19T10:15:38.825+0000][163][gc,heap        ] GC(148) Survivor regions: 2->2(2)
[2022-05-19T10:15:38.825+0000][163][gc,heap        ] GC(148) Old regions: 56->56
[2022-05-19T10:15:38.826+0000][163][gc,heap        ] GC(148) Archive regions: 2->2
[2022-05-19T10:15:38.826+0000][163][gc,heap        ] GC(148) Humongous regions: 34->34
[2022-05-19T10:15:38.826+0000][163][gc,metaspace   ] GC(148) Metaspace: 100819K(102464K)->100819K(102464K) NonClass: 86928K(87936K)->86928K(87936K) Class: 13891K(14528K)->13891K(14528K)
[2022-05-19T10:15:38.826+0000][163][gc             ] GC(148) Pause Young (Concurrent Start) (G1 Evacuation Pause) 409M->362M(512M) 7.313ms
[2022-05-19T10:15:38.826+0000][163][gc,cpu         ] GC(148) User=0.02s Sys=0.00s Real=0.01s
[2022-05-19T10:15:38.826+0000][163][gc             ] GC(149) Concurrent Mark Cycle
[2022-05-19T10:15:38.826+0000][163][gc,marking     ] GC(149) Concurrent Clear Claimed Marks
[2022-05-19T10:15:38.826+0000][163][safepoint      ] Safepoint "G1CollectForAllocation", Time since last: 371256800 ns, Reaching safepoint: 292600 ns, At safepoint: 7630100 ns, Total: 7922700 ns
[2022-05-19T10:15:38.827+0000][163][gc,marking     ] GC(149) Concurrent Clear Claimed Marks 0.198ms
[2022-05-19T10:15:38.827+0000][163][gc,marking     ] GC(149) Concurrent Scan Root Regions
[2022-05-19T10:15:38.828+0000][163][gc,marking     ] GC(149) Concurrent Scan Root Regions 0.873ms
[2022-05-19T10:15:38.828+0000][163][gc,marking     ] GC(149) Concurrent Mark
[2022-05-19T10:15:38.828+0000][163][gc,marking     ] GC(149) Concurrent Mark From Roots
[2022-05-19T10:15:38.828+0000][163][gc,task        ] GC(149) Using 3 workers of 3 for marking
[2022-05-19T10:15:38.869+0000][163][gc,marking     ] GC(149) Concurrent Mark From Roots 40.596ms
[2022-05-19T10:15:38.869+0000][163][gc,marking     ] GC(149) Concurrent Preclean
[2022-05-19T10:15:38.869+0000][163][gc,marking     ] GC(149) Concurrent Preclean 0.610ms
[2022-05-19T10:15:38.870+0000][163][gc,start       ] GC(149) Pause Remark
[2022-05-19T10:15:38.873+0000][163][gc             ] GC(149) Pause Remark 366M->366M(512M) 2.743ms
[2022-05-19T10:15:38.873+0000][163][gc,cpu         ] GC(149) User=0.02s Sys=0.00s Real=0.00s
[2022-05-19T10:15:38.873+0000][163][safepoint      ] Safepoint "G1Concurrent", Time since last: 43304700 ns, Reaching safepoint: 252100 ns, At safepoint: 3163800 ns, Total: 3415900 ns
[2022-05-19T10:15:38.873+0000][163][gc,marking     ] GC(149) Concurrent Mark 45.348ms
[2022-05-19T10:15:38.873+0000][163][gc,marking     ] GC(149) Concurrent Rebuild Remembered Sets
[2022-05-19T10:15:38.894+0000][163][gc,marking     ] GC(149) Concurrent Rebuild Remembered Sets 20.675ms
[2022-05-19T10:15:38.894+0000][163][gc,start       ] GC(149) Pause Cleanup
[2022-05-19T10:15:38.895+0000][163][gc             ] GC(149) Pause Cleanup 369M->369M(512M) 0.468ms
[2022-05-19T10:15:38.895+0000][163][gc,cpu         ] GC(149) User=0.00s Sys=0.00s Real=0.01s
[2022-05-19T10:15:38.895+0000][163][safepoint      ] Safepoint "G1Concurrent", Time since last: 21211400 ns, Reaching safepoint: 260600 ns, At safepoint: 847800 ns, Total: 1108400 ns
[2022-05-19T10:15:38.896+0000][163][gc,marking     ] GC(149) Concurrent Cleanup for Next Mark
[2022-05-19T10:15:38.896+0000][163][gc,marking     ] GC(149) Concurrent Cleanup for Next Mark 0.382ms
[2022-05-19T10:15:38.896+0000][163][gc             ] GC(149) Concurrent Mark Cycle 69.808ms
[2022-05-19T10:15:39.208+0000][163][gc,start       ] GC(150) Pause Young (Normal) (G1 Evacuation Pause)
[2022-05-19T10:15:39.208+0000][163][gc,task        ] GC(150) Using 10 workers of 10 for evacuation
[2022-05-19T10:15:39.209+0000][163][gc,age         ] GC(150) Desired survivor size 4194304 bytes, new threshold 6 (max threshold 15)
[2022-05-19T10:15:39.211+0000][163][gc,age         ] GC(150) Age table with threshold 6 (max threshold 15)
[2022-05-19T10:15:39.212+0000][163][gc,age         ] GC(150) - age   1:     696520 bytes,     696520 total
[2022-05-19T10:15:39.212+0000][163][gc,age         ] GC(150) - age   2:     688464 bytes,    1384984 total
[2022-05-19T10:15:39.212+0000][163][gc,age         ] GC(150) - age   3:     722608 bytes,    2107592 total
[2022-05-19T10:15:39.212+0000][163][gc,age         ] GC(150) - age   4:     721312 bytes,    2828904 total
[2022-05-19T10:15:39.213+0000][163][gc,age         ] GC(150) - age   5:     786816 bytes,    3615720 total
[2022-05-19T10:15:39.213+0000][163][gc,age         ] GC(150) - age   6:     819816 bytes,    4435536 total
[2022-05-19T10:15:39.213+0000][163][gc,phases      ] GC(150)   Pre Evacuate Collection Set: 0.2ms
[2022-05-19T10:15:39.213+0000][163][gc,phases      ] GC(150)   Merge Heap Roots: 0.2ms
[2022-05-19T10:15:39.213+0000][163][gc,phases      ] GC(150)   Evacuate Collection Set: 1.2ms
[2022-05-19T10:15:39.214+0000][163][gc,phases      ] GC(150)   Post Evacuate Collection Set: 0.9ms
[2022-05-19T10:15:39.214+0000][163][gc,phases      ] GC(150)   Other: 2.7ms
[2022-05-19T10:15:39.214+0000][163][gc,heap        ] GC(150) Eden regions: 12->0(12)
[2022-05-19T10:15:39.214+0000][163][gc,heap        ] GC(150) Survivor regions: 2->2(2)
[2022-05-19T10:15:39.214+0000][163][gc,heap        ] GC(150) Old regions: 56->56
[2022-05-19T10:15:39.214+0000][163][gc,heap        ] GC(150) Archive regions: 2->2
[2022-05-19T10:15:39.214+0000][163][gc,heap        ] GC(150) Humongous regions: 34->34
[2022-05-19T10:15:39.214+0000][163][gc,metaspace   ] GC(150) Metaspace: 100827K(102464K)->100827K(102464K) NonClass: 86936K(87936K)->86936K(87936K) Class: 13891K(14528K)->13891K(14528K)
[2022-05-19T10:15:39.215+0000][163][gc             ] GC(150) Pause Young (Normal) (G1 Evacuation Pause) 410M->363M(512M) 6.669ms
[2022-05-19T10:15:39.215+0000][163][gc,cpu         ] GC(150) User=0.02s Sys=0.00s Real=0.00s
[2022-05-19T10:15:39.215+0000][163][safepoint      ] Safepoint "G1CollectForAllocation", Time since last: 312237600 ns, Reaching safepoint: 287000 ns, At safepoint: 6966300 ns, Total: 7253300 ns
[2022-05-19T10:15:39.596+0000][163][gc,start       ] GC(151) Pause Young (Concurrent Start) (G1 Evacuation Pause)
[2022-05-19T10:15:39.596+0000][163][gc,task        ] GC(151) Using 10 workers of 10 for evacuation
[2022-05-19T10:15:39.596+0000][163][gc,age         ] GC(151) Desired survivor size 4194304 bytes, new threshold 6 (max threshold 15)
[2022-05-19T10:15:39.599+0000][163][gc,age         ] GC(151) Age table with threshold 6 (max threshold 15)
[2022-05-19T10:15:39.599+0000][163][gc,age         ] GC(151) - age   1:     690368 bytes,     690368 total
[2022-05-19T10:15:39.599+0000][163][gc,age         ] GC(151) - age   2:     696240 bytes,    1386608 total
[2022-05-19T10:15:39.599+0000][163][gc,age         ] GC(151) - age   3:     688464 bytes,    2075072 total
[2022-05-19T10:15:39.600+0000][163][gc,age         ] GC(151) - age   4:     721248 bytes,    2796320 total
[2022-05-19T10:15:39.600+0000][163][gc,age         ] GC(151) - age   5:     721312 bytes,    3517632 total
[2022-05-19T10:15:39.600+0000][163][gc,age         ] GC(151) - age   6:     786816 bytes,    4304448 total
[2022-05-19T10:15:39.600+0000][163][gc,phases      ] GC(151)   Pre Evacuate Collection Set: 0.3ms
[2022-05-19T10:15:39.600+0000][163][gc,phases      ] GC(151)   Merge Heap Roots: 0.2ms
[2022-05-19T10:15:39.600+0000][163][gc,phases      ] GC(151)   Evacuate Collection Set: 1.4ms
[2022-05-19T10:15:39.601+0000][163][gc,phases      ] GC(151)   Post Evacuate Collection Set: 0.5ms
[2022-05-19T10:15:39.601+0000][163][gc,phases      ] GC(151)   Other: 1.9ms
[2022-05-19T10:15:39.601+0000][163][gc,heap        ] GC(151) Eden regions: 12->0(12)
[2022-05-19T10:15:39.601+0000][163][gc,heap        ] GC(151) Survivor regions: 2->2(2)
[2022-05-19T10:15:39.601+0000][163][gc,heap        ] GC(151) Old regions: 56->56
[2022-05-19T10:15:39.601+0000][163][gc,heap        ] GC(151) Archive regions: 2->2
[2022-05-19T10:15:39.601+0000][163][gc,heap        ] GC(151) Humongous regions: 34->34
[2022-05-19T10:15:39.601+0000][163][gc,metaspace   ] GC(151) Metaspace: 100827K(102464K)->100827K(102464K) NonClass: 86936K(87936K)->86936K(87936K) Class: 13891K(14528K)->13891K(14528K)
[2022-05-19T10:15:39.602+0000][163][gc             ] GC(151) Pause Young (Concurrent Start) (G1 Evacuation Pause) 411M->363M(512M) 5.681ms
[2022-05-19T10:15:39.602+0000][163][gc,cpu         ] GC(151) User=0.01s Sys=0.00s Real=0.00s
[2022-05-19T10:15:39.602+0000][163][gc             ] GC(152) Concurrent Mark Cycle
[2022-05-19T10:15:39.602+0000][163][safepoint      ] Safepoint "G1CollectForAllocation", Time since last: 380770300 ns, Reaching safepoint: 192800 ns, At safepoint: 5989800 ns, Total: 6182600 ns
[2022-05-19T10:15:39.602+0000][163][gc,marking     ] GC(152) Concurrent Clear Claimed Marks
[2022-05-19T10:15:39.602+0000][163][gc,marking     ] GC(152) Concurrent Clear Claimed Marks 0.322ms
[2022-05-19T10:15:39.602+0000][163][gc,marking     ] GC(152) Concurrent Scan Root Regions
[2022-05-19T10:15:39.603+0000][163][gc,marking     ] GC(152) Concurrent Scan Root Regions 0.939ms
[2022-05-19T10:15:39.603+0000][163][gc,marking     ] GC(152) Concurrent Mark
[2022-05-19T10:15:39.604+0000][163][gc,marking     ] GC(152) Concurrent Mark From Roots
[2022-05-19T10:15:39.604+0000][163][gc,task        ] GC(152) Using 3 workers of 3 for marking
[2022-05-19T10:15:39.643+0000][163][gc,marking     ] GC(152) Concurrent Mark From Roots 39.773ms
[2022-05-19T10:15:39.644+0000][163][gc,marking     ] GC(152) Concurrent Preclean
[2022-05-19T10:15:39.644+0000][163][gc,marking     ] GC(152) Concurrent Preclean 0.638ms
[2022-05-19T10:15:39.645+0000][163][gc,start       ] GC(152) Pause Remark
[2022-05-19T10:15:39.648+0000][163][gc             ] GC(152) Pause Remark 367M->367M(512M) 2.980ms
[2022-05-19T10:15:39.648+0000][163][gc,cpu         ] GC(152) User=0.02s Sys=0.00s Real=0.00s
[2022-05-19T10:15:39.648+0000][163][safepoint      ] Safepoint "G1Concurrent", Time since last: 42830200 ns, Reaching safepoint: 286700 ns, At safepoint: 3573900 ns, Total: 3860600 ns
[2022-05-19T10:15:39.649+0000][163][gc,marking     ] GC(152) Concurrent Mark 45.333ms
[2022-05-19T10:15:39.649+0000][163][gc,marking     ] GC(152) Concurrent Rebuild Remembered Sets
[2022-05-19T10:15:39.667+0000][163][gc,marking     ] GC(152) Concurrent Rebuild Remembered Sets 18.355ms
[2022-05-19T10:15:39.668+0000][163][gc,start       ] GC(152) Pause Cleanup
[2022-05-19T10:15:39.668+0000][163][gc             ] GC(152) Pause Cleanup 370M->370M(512M) 0.466ms
[2022-05-19T10:15:39.669+0000][163][gc,cpu         ] GC(152) User=0.00s Sys=0.00s Real=0.00s
[2022-05-19T10:15:39.669+0000][163][safepoint      ] Safepoint "G1Concurrent", Time since last: 19160000 ns, Reaching safepoint: 251800 ns, At safepoint: 1083600 ns, Total: 1335400 ns
[2022-05-19T10:15:39.669+0000][163][gc,marking     ] GC(152) Concurrent Cleanup for Next Mark
[2022-05-19T10:15:39.670+0000][163][gc,marking     ] GC(152) Concurrent Cleanup for Next Mark 0.515ms
[2022-05-19T10:15:39.670+0000][163][gc             ] GC(152) Concurrent Mark Cycle 68.241ms
[2022-05-19T10:15:39.986+0000][163][gc,start       ] GC(153) Pause Young (Normal) (G1 Evacuation Pause)
[2022-05-19T10:15:39.986+0000][163][gc,task        ] GC(153) Using 10 workers of 10 for evacuation
[2022-05-19T10:15:39.986+0000][163][gc,age         ] GC(153) Desired survivor size 4194304 bytes, new threshold 6 (max threshold 15)
[2022-05-19T10:15:39.988+0000][163][gc,age         ] GC(153) Age table with threshold 6 (max threshold 15)
[2022-05-19T10:15:39.989+0000][163][gc,age         ] GC(153) - age   1:     689680 bytes,     689680 total
[2022-05-19T10:15:39.989+0000][163][gc,age         ] GC(153) - age   2:     689824 bytes,    1379504 total
[2022-05-19T10:15:39.989+0000][163][gc,age         ] GC(153) - age   3:     695488 bytes,    2074992 total
[2022-05-19T10:15:39.989+0000][163][gc,age         ] GC(153) - age   4:     688464 bytes,    2763456 total
[2022-05-19T10:15:39.989+0000][163][gc,age         ] GC(153) - age   5:     721248 bytes,    3484704 total
[2022-05-19T10:15:39.989+0000][163][gc,age         ] GC(153) - age   6:     721280 bytes,    4205984 total
[2022-05-19T10:15:39.989+0000][163][gc,phases      ] GC(153)   Pre Evacuate Collection Set: 0.2ms
[2022-05-19T10:15:39.989+0000][163][gc,phases      ] GC(153)   Merge Heap Roots: 0.2ms
[2022-05-19T10:15:39.990+0000][163][gc,phases      ] GC(153)   Evacuate Collection Set: 0.9ms
[2022-05-19T10:15:39.990+0000][163][gc,phases      ] GC(153)   Post Evacuate Collection Set: 0.5ms
[2022-05-19T10:15:39.990+0000][163][gc,phases      ] GC(153)   Other: 1.8ms
[2022-05-19T10:15:39.990+0000][163][gc,heap        ] GC(153) Eden regions: 12->0(12)
[2022-05-19T10:15:39.990+0000][163][gc,heap        ] GC(153) Survivor regions: 2->2(2)
[2022-05-19T10:15:39.990+0000][163][gc,heap        ] GC(153) Old regions: 56->56
[2022-05-19T10:15:39.990+0000][163][gc,heap        ] GC(153) Archive regions: 2->2
[2022-05-19T10:15:39.990+0000][163][gc,heap        ] GC(153) Humongous regions: 34->34
[2022-05-19T10:15:39.990+0000][163][gc,metaspace   ] GC(153) Metaspace: 100827K(102464K)->100827K(102464K) NonClass: 86936K(87936K)->86936K(87936K) Class: 13891K(14528K)->13891K(14528K)
[2022-05-19T10:15:39.991+0000][163][gc             ] GC(153) Pause Young (Normal) (G1 Evacuation Pause) 411M->364M(512M) 4.907ms
[2022-05-19T10:15:39.991+0000][163][gc,cpu         ] GC(153) User=0.01s Sys=0.00s Real=0.00s
[2022-05-19T10:15:39.991+0000][163][safepoint      ] Safepoint "G1CollectForAllocation", Time since last: 316411200 ns, Reaching safepoint: 282400 ns, At safepoint: 5184200 ns, Total: 5466600 ns
[2022-05-19T10:15:40.343+0000][163][gc,start       ] GC(154) Pause Young (Concurrent Start) (G1 Evacuation Pause)
[2022-05-19T10:15:40.343+0000][163][gc,task        ] GC(154) Using 10 workers of 10 for evacuation
[2022-05-19T10:15:40.343+0000][163][gc,age         ] GC(154) Desired survivor size 4194304 bytes, new threshold 6 (max threshold 15)
[2022-05-19T10:15:40.346+0000][163][gc,age         ] GC(154) Age table with threshold 6 (max threshold 15)
[2022-05-19T10:15:40.346+0000][163][gc,age         ] GC(154) - age   1:     689048 bytes,     689048 total
[2022-05-19T10:15:40.347+0000][163][gc,age         ] GC(154) - age   2:     689280 bytes,    1378328 total
[2022-05-19T10:15:40.347+0000][163][gc,age         ] GC(154) - age   3:     689824 bytes,    2068152 total
[2022-05-19T10:15:40.347+0000][163][gc,age         ] GC(154) - age   4:     695488 bytes,    2763640 total
[2022-05-19T10:15:40.347+0000][163][gc,age         ] GC(154) - age   5:     688464 bytes,    3452104 total
[2022-05-19T10:15:40.347+0000][163][gc,age         ] GC(154) - age   6:     721248 bytes,    4173352 total
[2022-05-19T10:15:40.347+0000][163][gc,phases      ] GC(154)   Pre Evacuate Collection Set: 0.3ms
[2022-05-19T10:15:40.348+0000][163][gc,phases      ] GC(154)   Merge Heap Roots: 0.2ms
[2022-05-19T10:15:40.348+0000][163][gc,phases      ] GC(154)   Evacuate Collection Set: 1.3ms
[2022-05-19T10:15:40.348+0000][163][gc,phases      ] GC(154)   Post Evacuate Collection Set: 0.7ms
[2022-05-19T10:15:40.348+0000][163][gc,phases      ] GC(154)   Other: 2.1ms
[2022-05-19T10:15:40.348+0000][163][gc,heap        ] GC(154) Eden regions: 12->0(13)
[2022-05-19T10:15:40.348+0000][163][gc,heap        ] GC(154) Survivor regions: 2->1(2)
[2022-05-19T10:15:40.348+0000][163][gc,heap        ] GC(154) Old regions: 56->57
[2022-05-19T10:15:40.348+0000][163][gc,heap        ] GC(154) Archive regions: 2->2
[2022-05-19T10:15:40.349+0000][163][gc,heap        ] GC(154) Humongous regions: 34->34
[2022-05-19T10:15:40.349+0000][163][gc,metaspace   ] GC(154) Metaspace: 100827K(102464K)->100827K(102464K) NonClass: 86936K(87936K)->86936K(87936K) Class: 13891K(14528K)->13891K(14528K)
[2022-05-19T10:15:40.349+0000][163][gc             ] GC(154) Pause Young (Concurrent Start) (G1 Evacuation Pause) 412M->365M(512M) 5.779ms
[2022-05-19T10:15:40.349+0000][163][gc,cpu         ] GC(154) User=0.01s Sys=0.00s Real=0.01s
[2022-05-19T10:15:40.349+0000][163][gc             ] GC(155) Concurrent Mark Cycle
[2022-05-19T10:15:40.349+0000][163][gc,marking     ] GC(155) Concurrent Clear Claimed Marks
[2022-05-19T10:15:40.349+0000][163][safepoint      ] Safepoint "G1CollectForAllocation", Time since last: 351850900 ns, Reaching safepoint: 235700 ns, At safepoint: 6121800 ns, Total: 6357500 ns
[2022-05-19T10:15:40.349+0000][163][gc,marking     ] GC(155) Concurrent Clear Claimed Marks 0.227ms
[2022-05-19T10:15:40.350+0000][163][gc,marking     ] GC(155) Concurrent Scan Root Regions
[2022-05-19T10:15:40.350+0000][163][gc,marking     ] GC(155) Concurrent Scan Root Regions 0.876ms
[2022-05-19T10:15:40.351+0000][163][gc,marking     ] GC(155) Concurrent Mark
[2022-05-19T10:15:40.351+0000][163][gc,marking     ] GC(155) Concurrent Mark From Roots
[2022-05-19T10:15:40.351+0000][163][gc,task        ] GC(155) Using 3 workers of 3 for marking
[2022-05-19T10:15:40.387+0000][163][gc,marking     ] GC(155) Concurrent Mark From Roots 36.655ms
[2022-05-19T10:15:40.388+0000][163][gc,marking     ] GC(155) Concurrent Preclean
[2022-05-19T10:15:40.388+0000][163][gc,marking     ] GC(155) Concurrent Preclean 0.532ms
[2022-05-19T10:15:40.389+0000][163][gc,start       ] GC(155) Pause Remark
[2022-05-19T10:15:40.392+0000][163][gc             ] GC(155) Pause Remark 370M->370M(512M) 3.095ms
[2022-05-19T10:15:40.392+0000][163][gc,cpu         ] GC(155) User=0.02s Sys=0.00s Real=0.00s
[2022-05-19T10:15:40.392+0000][163][safepoint      ] Safepoint "G1Concurrent", Time since last: 39265400 ns, Reaching safepoint: 264000 ns, At safepoint: 3524400 ns, Total: 3788400 ns
[2022-05-19T10:15:40.392+0000][163][gc,marking     ] GC(155) Concurrent Mark 41.659ms
[2022-05-19T10:15:40.392+0000][163][gc,marking     ] GC(155) Concurrent Rebuild Remembered Sets
[2022-05-19T10:15:40.416+0000][163][gc,marking     ] GC(155) Concurrent Rebuild Remembered Sets 23.265ms
[2022-05-19T10:15:40.416+0000][163][gc,start       ] GC(155) Pause Cleanup
[2022-05-19T10:15:40.417+0000][163][gc             ] GC(155) Pause Cleanup 372M->372M(512M) 0.532ms
[2022-05-19T10:15:40.417+0000][163][gc,cpu         ] GC(155) User=0.00s Sys=0.00s Real=0.00s
[2022-05-19T10:15:40.417+0000][163][safepoint      ] Safepoint "G1Concurrent", Time since last: 23787300 ns, Reaching safepoint: 301700 ns, At safepoint: 1045800 ns, Total: 1347500 ns
[2022-05-19T10:15:40.417+0000][163][gc,marking     ] GC(155) Concurrent Cleanup for Next Mark
[2022-05-19T10:15:40.418+0000][163][gc,marking     ] GC(155) Concurrent Cleanup for Next Mark 0.306ms
[2022-05-19T10:15:40.418+0000][163][gc             ] GC(155) Concurrent Mark Cycle 68.838ms
[2022-05-19T10:15:40.780+0000][163][gc,start       ] GC(156) Pause Young (Normal) (G1 Evacuation Pause)
[2022-05-19T10:15:40.781+0000][163][gc,task        ] GC(156) Using 10 workers of 10 for evacuation
[2022-05-19T10:15:40.781+0000][163][gc,age         ] GC(156) Desired survivor size 4194304 bytes, new threshold 15 (max threshold 15)
[2022-05-19T10:15:40.784+0000][163][gc,age         ] GC(156) Age table with threshold 15 (max threshold 15)
[2022-05-19T10:15:40.784+0000][163][gc,age         ] GC(156) - age   1:     722976 bytes,     722976 total
[2022-05-19T10:15:40.784+0000][163][gc,age         ] GC(156) - age   2:     688648 bytes,    1411624 total
[2022-05-19T10:15:40.784+0000][163][gc,age         ] GC(156) - age   3:     689280 bytes,    2100904 total
[2022-05-19T10:15:40.785+0000][163][gc,age         ] GC(156) - age   4:     688464 bytes,    2789368 total
[2022-05-19T10:15:40.785+0000][163][gc,age         ] GC(156) - age   5:     695488 bytes,    3484856 total
[2022-05-19T10:15:40.785+0000][163][gc,age         ] GC(156) - age   6:     688464 bytes,    4173320 total
[2022-05-19T10:15:40.785+0000][163][gc,age         ] GC(156) - age   7:     721248 bytes,    4894568 total
[2022-05-19T10:15:40.785+0000][163][gc,phases      ] GC(156)   Pre Evacuate Collection Set: 0.2ms
[2022-05-19T10:15:40.786+0000][163][gc,phases      ] GC(156)   Merge Heap Roots: 0.4ms
[2022-05-19T10:15:40.786+0000][163][gc,phases      ] GC(156)   Evacuate Collection Set: 1.1ms
[2022-05-19T10:15:40.786+0000][163][gc,phases      ] GC(156)   Post Evacuate Collection Set: 0.9ms
[2022-05-19T10:15:40.786+0000][163][gc,phases      ] GC(156)   Other: 2.6ms
[2022-05-19T10:15:40.786+0000][163][gc,heap        ] GC(156) Eden regions: 13->0(11)
[2022-05-19T10:15:40.786+0000][163][gc,heap        ] GC(156) Survivor regions: 1->2(2)
[2022-05-19T10:15:40.787+0000][163][gc,heap        ] GC(156) Old regions: 57->57
[2022-05-19T10:15:40.787+0000][163][gc,heap        ] GC(156) Archive regions: 2->2
[2022-05-19T10:15:40.787+0000][163][gc,heap        ] GC(156) Humongous regions: 34->34
[2022-05-19T10:15:40.787+0000][163][gc,metaspace   ] GC(156) Metaspace: 100827K(102464K)->100827K(102464K) NonClass: 86936K(87936K)->86936K(87936K) Class: 13891K(14528K)->13891K(14528K)
[2022-05-19T10:15:40.787+0000][163][gc             ] GC(156) Pause Young (Normal) (G1 Evacuation Pause) 417M->365M(512M) 7.007ms
[2022-05-19T10:15:40.787+0000][163][gc,cpu         ] GC(156) User=0.01s Sys=0.00s Real=0.01s
[2022-05-19T10:15:40.788+0000][163][safepoint      ] Safepoint "G1CollectForAllocation", Time since last: 362730400 ns, Reaching safepoint: 243700 ns, At safepoint: 7366500 ns, Total: 7610200 ns
[2022-05-19T10:15:41.121+0000][163][gc,start       ] GC(157) Pause Young (Concurrent Start) (G1 Evacuation Pause)
[2022-05-19T10:15:41.121+0000][163][gc,task        ] GC(157) Using 10 workers of 10 for evacuation
[2022-05-19T10:15:41.122+0000][163][gc,age         ] GC(157) Desired survivor size 4194304 bytes, new threshold 7 (max threshold 15)
[2022-05-19T10:15:41.125+0000][163][gc,age         ] GC(157) Age table with threshold 7 (max threshold 15)
[2022-05-19T10:15:41.125+0000][163][gc,age         ] GC(157) - age   1:     624352 bytes,     624352 total
[2022-05-19T10:15:41.125+0000][163][gc,age         ] GC(157) - age   2:     722640 bytes,    1346992 total
[2022-05-19T10:15:41.126+0000][163][gc,age         ] GC(157) - age   3:     688648 bytes,    2035640 total
[2022-05-19T10:15:41.126+0000][163][gc,age         ] GC(157) - age   4:     688528 bytes,    2724168 total
[2022-05-19T10:15:41.126+0000][163][gc,age         ] GC(157) - age   5:     688464 bytes,    3412632 total
[2022-05-19T10:15:41.127+0000][163][gc,age         ] GC(157) - age   6:     695456 bytes,    4108088 total
[2022-05-19T10:15:41.127+0000][163][gc,age         ] GC(157) - age   7:     688464 bytes,    4796552 total
[2022-05-19T10:15:41.127+0000][163][gc,phases      ] GC(157)   Pre Evacuate Collection Set: 0.3ms
[2022-05-19T10:15:41.127+0000][163][gc,phases      ] GC(157)   Merge Heap Roots: 0.3ms
[2022-05-19T10:15:41.127+0000][163][gc,phases      ] GC(157)   Evacuate Collection Set: 1.4ms
[2022-05-19T10:15:41.128+0000][163][gc,phases      ] GC(157)   Post Evacuate Collection Set: 0.8ms
[2022-05-19T10:15:41.128+0000][163][gc,phases      ] GC(157)   Other: 3.5ms
[2022-05-19T10:15:41.128+0000][163][gc,heap        ] GC(157) Eden regions: 11->0(11)
[2022-05-19T10:15:41.128+0000][163][gc,heap        ] GC(157) Survivor regions: 2->2(2)
[2022-05-19T10:15:41.128+0000][163][gc,heap        ] GC(157) Old regions: 57->57
[2022-05-19T10:15:41.129+0000][163][gc,heap        ] GC(157) Archive regions: 2->2
[2022-05-19T10:15:41.129+0000][163][gc,heap        ] GC(157) Humongous regions: 34->34
[2022-05-19T10:15:41.129+0000][163][gc,metaspace   ] GC(157) Metaspace: 100827K(102464K)->100827K(102464K) NonClass: 86936K(87936K)->86936K(87936K) Class: 13891K(14528K)->13891K(14528K)
[2022-05-19T10:15:41.129+0000][163][gc             ] GC(157) Pause Young (Concurrent Start) (G1 Evacuation Pause) 409M->366M(512M) 8.188ms
[2022-05-19T10:15:41.129+0000][163][gc,cpu         ] GC(157) User=0.01s Sys=0.00s Real=0.01s
[2022-05-19T10:15:41.129+0000][163][safepoint      ] Safepoint "G1CollectForAllocation", Time since last: 333013700 ns, Reaching safepoint: 233100 ns, At safepoint: 8632000 ns, Total: 8865100 ns
[2022-05-19T10:15:41.129+0000][163][gc             ] GC(158) Concurrent Mark Cycle
[2022-05-19T10:15:41.130+0000][163][gc,marking     ] GC(158) Concurrent Clear Claimed Marks
[2022-05-19T10:15:41.130+0000][163][gc,marking     ] GC(158) Concurrent Clear Claimed Marks 0.181ms
[2022-05-19T10:15:41.130+0000][163][gc,marking     ] GC(158) Concurrent Scan Root Regions
[2022-05-19T10:15:41.131+0000][163][gc,marking     ] GC(158) Concurrent Scan Root Regions 0.957ms
[2022-05-19T10:15:41.131+0000][163][gc,marking     ] GC(158) Concurrent Mark
[2022-05-19T10:15:41.131+0000][163][gc,marking     ] GC(158) Concurrent Mark From Roots
[2022-05-19T10:15:41.132+0000][163][gc,task        ] GC(158) Using 3 workers of 3 for marking
[2022-05-19T10:15:41.169+0000][163][gc,marking     ] GC(158) Concurrent Mark From Roots 37.112ms
[2022-05-19T10:15:41.169+0000][163][gc,marking     ] GC(158) Concurrent Preclean
[2022-05-19T10:15:41.169+0000][163][gc,marking     ] GC(158) Concurrent Preclean 0.517ms
[2022-05-19T10:15:41.170+0000][163][gc,start       ] GC(158) Pause Remark
[2022-05-19T10:15:41.174+0000][163][gc             ] GC(158) Pause Remark 371M->371M(512M) 3.592ms
[2022-05-19T10:15:41.174+0000][163][gc,cpu         ] GC(158) User=0.02s Sys=0.00s Real=0.00s
[2022-05-19T10:15:41.174+0000][163][safepoint      ] Safepoint "G1Concurrent", Time since last: 40043600 ns, Reaching safepoint: 460400 ns, At safepoint: 4122800 ns, Total: 4583200 ns
[2022-05-19T10:15:41.174+0000][163][gc,marking     ] GC(158) Concurrent Mark 43.075ms
[2022-05-19T10:15:41.175+0000][163][gc,marking     ] GC(158) Concurrent Rebuild Remembered Sets
[2022-05-19T10:15:41.197+0000][163][gc,marking     ] GC(158) Concurrent Rebuild Remembered Sets 22.412ms
[2022-05-19T10:15:41.198+0000][163][gc,start       ] GC(158) Pause Cleanup
[2022-05-19T10:15:41.198+0000][163][gc             ] GC(158) Pause Cleanup 373M->373M(512M) 0.632ms
[2022-05-19T10:15:41.199+0000][163][gc,cpu         ] GC(158) User=0.00s Sys=0.00s Real=0.00s
[2022-05-19T10:15:41.199+0000][163][safepoint      ] Safepoint "G1Concurrent", Time since last: 23233900 ns, Reaching safepoint: 304100 ns, At safepoint: 1212300 ns, Total: 1516400 ns
[2022-05-19T10:15:41.199+0000][163][gc,marking     ] GC(158) Concurrent Cleanup for Next Mark
[2022-05-19T10:15:41.200+0000][163][gc,marking     ] GC(158) Concurrent Cleanup for Next Mark 0.510ms
[2022-05-19T10:15:41.200+0000][163][gc             ] GC(158) Concurrent Mark Cycle 70.388ms
[2022-05-19T10:15:41.477+0000][163][gc,start       ] GC(159) Pause Young (Normal) (G1 Evacuation Pause)
[2022-05-19T10:15:41.478+0000][163][gc,task        ] GC(159) Using 10 workers of 10 for evacuation
[2022-05-19T10:15:41.478+0000][163][gc,age         ] GC(159) Desired survivor size 4194304 bytes, new threshold 7 (max threshold 15)
[2022-05-19T10:15:41.480+0000][163][gc,age         ] GC(159) Age table with threshold 7 (max threshold 15)
[2022-05-19T10:15:41.480+0000][163][gc,age         ] GC(159) - age   1:     657480 bytes,     657480 total
[2022-05-19T10:15:41.481+0000][163][gc,age         ] GC(159) - age   2:     623968 bytes,    1281448 total
[2022-05-19T10:15:41.481+0000][163][gc,age         ] GC(159) - age   3:     721280 bytes,    2002728 total
[2022-05-19T10:15:41.481+0000][163][gc,age         ] GC(159) - age   4:     688648 bytes,    2691376 total
[2022-05-19T10:15:41.481+0000][163][gc,age         ] GC(159) - age   5:     688528 bytes,    3379904 total
[2022-05-19T10:15:41.481+0000][163][gc,age         ] GC(159) - age   6:     688464 bytes,    4068368 total
[2022-05-19T10:15:41.481+0000][163][gc,age         ] GC(159) - age   7:     695456 bytes,    4763824 total
[2022-05-19T10:15:41.482+0000][163][gc,phases      ] GC(159)   Pre Evacuate Collection Set: 0.2ms
[2022-05-19T10:15:41.482+0000][163][gc,phases      ] GC(159)   Merge Heap Roots: 0.2ms
[2022-05-19T10:15:41.482+0000][163][gc,phases      ] GC(159)   Evacuate Collection Set: 1.1ms
[2022-05-19T10:15:41.482+0000][163][gc,phases      ] GC(159)   Post Evacuate Collection Set: 0.6ms
[2022-05-19T10:15:41.482+0000][163][gc,phases      ] GC(159)   Other: 2.1ms
[2022-05-19T10:15:41.482+0000][163][gc,heap        ] GC(159) Eden regions: 11->0(11)
[2022-05-19T10:15:41.482+0000][163][gc,heap        ] GC(159) Survivor regions: 2->2(2)
[2022-05-19T10:15:41.482+0000][163][gc,heap        ] GC(159) Old regions: 57->57
[2022-05-19T10:15:41.483+0000][163][gc,heap        ] GC(159) Archive regions: 2->2
[2022-05-19T10:15:41.483+0000][163][gc,heap        ] GC(159) Humongous regions: 34->34
[2022-05-19T10:15:41.483+0000][163][gc,metaspace   ] GC(159) Metaspace: 100827K(102464K)->100827K(102464K) NonClass: 86936K(87936K)->86936K(87936K) Class: 13891K(14528K)->13891K(14528K)
[2022-05-19T10:15:41.483+0000][163][gc             ] GC(159) Pause Young (Normal) (G1 Evacuation Pause) 410M->367M(512M) 5.628ms
[2022-05-19T10:15:41.483+0000][163][gc,cpu         ] GC(159) User=0.01s Sys=0.00s Real=0.00s
[2022-05-19T10:15:41.483+0000][163][safepoint      ] Safepoint "G1CollectForAllocation", Time since last: 278289400 ns, Reaching safepoint: 202800 ns, At safepoint: 5915400 ns, Total: 6118200 ns
[2022-05-19T10:15:41.824+0000][163][gc,start       ] GC(160) Pause Young (Concurrent Start) (G1 Evacuation Pause)
[2022-05-19T10:15:41.825+0000][163][gc,task        ] GC(160) Using 10 workers of 10 for evacuation
[2022-05-19T10:15:41.825+0000][163][gc,age         ] GC(160) Desired survivor size 4194304 bytes, new threshold 7 (max threshold 15)
[2022-05-19T10:15:41.828+0000][163][gc,age         ] GC(160) Age table with threshold 7 (max threshold 15)
[2022-05-19T10:15:41.829+0000][163][gc,age         ] GC(160) - age   1:     623248 bytes,     623248 total
[2022-05-19T10:15:41.829+0000][163][gc,age         ] GC(160) - age   2:     657072 bytes,    1280320 total
[2022-05-19T10:15:41.829+0000][163][gc,age         ] GC(160) - age   3:     623968 bytes,    1904288 total
[2022-05-19T10:15:41.829+0000][163][gc,age         ] GC(160) - age   4:     721280 bytes,    2625568 total
[2022-05-19T10:15:41.829+0000][163][gc,age         ] GC(160) - age   5:     688648 bytes,    3314216 total
[2022-05-19T10:15:41.830+0000][163][gc,age         ] GC(160) - age   6:     688528 bytes,    4002744 total
[2022-05-19T10:15:41.830+0000][163][gc,age         ] GC(160) - age   7:     688464 bytes,    4691208 total
[2022-05-19T10:15:41.830+0000][163][gc,phases      ] GC(160)   Pre Evacuate Collection Set: 0.3ms
[2022-05-19T10:15:41.830+0000][163][gc,phases      ] GC(160)   Merge Heap Roots: 0.3ms
[2022-05-19T10:15:41.830+0000][163][gc,phases      ] GC(160)   Evacuate Collection Set: 1.5ms
[2022-05-19T10:15:41.831+0000][163][gc,phases      ] GC(160)   Post Evacuate Collection Set: 0.8ms
[2022-05-19T10:15:41.831+0000][163][gc,phases      ] GC(160)   Other: 2.9ms
[2022-05-19T10:15:41.831+0000][163][gc,heap        ] GC(160) Eden regions: 11->0(11)
[2022-05-19T10:15:41.831+0000][163][gc,heap        ] GC(160) Survivor regions: 2->2(2)
[2022-05-19T10:15:41.831+0000][163][gc,heap        ] GC(160) Old regions: 57->57
[2022-05-19T10:15:41.831+0000][163][gc,heap        ] GC(160) Archive regions: 2->2
[2022-05-19T10:15:41.831+0000][163][gc,heap        ] GC(160) Humongous regions: 34->34
[2022-05-19T10:15:41.831+0000][163][gc,metaspace   ] GC(160) Metaspace: 100827K(102464K)->100827K(102464K) NonClass: 86936K(87936K)->86936K(87936K) Class: 13891K(14528K)->13891K(14528K)
[2022-05-19T10:15:41.831+0000][163][gc             ] GC(160) Pause Young (Concurrent Start) (G1 Evacuation Pause) 411M->367M(512M) 6.973ms
[2022-05-19T10:15:41.832+0000][163][gc,cpu         ] GC(160) User=0.02s Sys=0.00s Real=0.01s
[2022-05-19T10:15:41.832+0000][163][gc             ] GC(161) Concurrent Mark Cycle
[2022-05-19T10:15:41.832+0000][163][safepoint      ] Safepoint "G1CollectForAllocation", Time since last: 340898200 ns, Reaching safepoint: 238200 ns, At safepoint: 7338300 ns, Total: 7576500 ns
[2022-05-19T10:15:41.832+0000][163][gc,marking     ] GC(161) Concurrent Clear Claimed Marks
[2022-05-19T10:15:41.832+0000][163][gc,marking     ] GC(161) Concurrent Clear Claimed Marks 0.288ms
[2022-05-19T10:15:41.832+0000][163][gc,marking     ] GC(161) Concurrent Scan Root Regions
[2022-05-19T10:15:41.833+0000][163][gc,marking     ] GC(161) Concurrent Scan Root Regions 0.820ms
[2022-05-19T10:15:41.833+0000][163][gc,marking     ] GC(161) Concurrent Mark
[2022-05-19T10:15:41.833+0000][163][gc,marking     ] GC(161) Concurrent Mark From Roots
[2022-05-19T10:15:41.833+0000][163][gc,task        ] GC(161) Using 3 workers of 3 for marking
[2022-05-19T10:15:41.875+0000][163][gc,marking     ] GC(161) Concurrent Mark From Roots 41.863ms
[2022-05-19T10:15:41.875+0000][163][gc,marking     ] GC(161) Concurrent Preclean
[2022-05-19T10:15:41.876+0000][163][gc,marking     ] GC(161) Concurrent Preclean 0.614ms
[2022-05-19T10:15:41.876+0000][163][gc,start       ] GC(161) Pause Remark
[2022-05-19T10:15:41.880+0000][163][gc             ] GC(161) Pause Remark 372M->372M(512M) 3.155ms
[2022-05-19T10:15:41.880+0000][163][gc,cpu         ] GC(161) User=0.02s Sys=0.00s Real=0.00s
[2022-05-19T10:15:41.880+0000][163][safepoint      ] Safepoint "G1Concurrent", Time since last: 44459900 ns, Reaching safepoint: 297200 ns, At safepoint: 3660300 ns, Total: 3957500 ns
[2022-05-19T10:15:41.880+0000][163][gc,marking     ] GC(161) Concurrent Mark 47.177ms
[2022-05-19T10:15:41.880+0000][163][gc,marking     ] GC(161) Concurrent Rebuild Remembered Sets
[2022-05-19T10:15:41.899+0000][163][gc,marking     ] GC(161) Concurrent Rebuild Remembered Sets 18.102ms
[2022-05-19T10:15:41.899+0000][163][gc,start       ] GC(161) Pause Cleanup
[2022-05-19T10:15:41.900+0000][163][gc             ] GC(161) Pause Cleanup 375M->375M(512M) 0.479ms
[2022-05-19T10:15:41.900+0000][163][gc,cpu         ] GC(161) User=0.00s Sys=0.00s Real=0.00s
[2022-05-19T10:15:41.900+0000][163][safepoint      ] Safepoint "G1Concurrent", Time since last: 18845900 ns, Reaching safepoint: 291900 ns, At safepoint: 987500 ns, Total: 1279400 ns
[2022-05-19T10:15:41.901+0000][163][gc,marking     ] GC(161) Concurrent Cleanup for Next Mark
[2022-05-19T10:15:41.901+0000][163][gc,marking     ] GC(161) Concurrent Cleanup for Next Mark 0.391ms
[2022-05-19T10:15:41.901+0000][163][gc             ] GC(161) Concurrent Mark Cycle 69.435ms
[2022-05-19T10:15:42.178+0000][163][gc,start       ] GC(162) Pause Young (Normal) (G1 Evacuation Pause)
[2022-05-19T10:15:42.178+0000][163][gc,task        ] GC(162) Using 10 workers of 10 for evacuation
[2022-05-19T10:15:42.178+0000][163][gc,age         ] GC(162) Desired survivor size 4194304 bytes, new threshold 7 (max threshold 15)
[2022-05-19T10:15:42.181+0000][163][gc,age         ] GC(162) Age table with threshold 7 (max threshold 15)
[2022-05-19T10:15:42.182+0000][163][gc,age         ] GC(162) - age   1:     624264 bytes,     624264 total
[2022-05-19T10:15:42.182+0000][163][gc,age         ] GC(162) - age   2:     622896 bytes,    1247160 total
[2022-05-19T10:15:42.182+0000][163][gc,age         ] GC(162) - age   3:     657040 bytes,    1904200 total
[2022-05-19T10:15:42.182+0000][163][gc,age         ] GC(162) - age   4:     623216 bytes,    2527416 total
[2022-05-19T10:15:42.183+0000][163][gc,age         ] GC(162) - age   5:     721280 bytes,    3248696 total
[2022-05-19T10:15:42.183+0000][163][gc,age         ] GC(162) - age   6:     688648 bytes,    3937344 total
[2022-05-19T10:15:42.183+0000][163][gc,age         ] GC(162) - age   7:     688496 bytes,    4625840 total
[2022-05-19T10:15:42.183+0000][163][gc,phases      ] GC(162)   Pre Evacuate Collection Set: 0.3ms
[2022-05-19T10:15:42.184+0000][163][gc,phases      ] GC(162)   Merge Heap Roots: 0.3ms
[2022-05-19T10:15:42.184+0000][163][gc,phases      ] GC(162)   Evacuate Collection Set: 1.1ms
[2022-05-19T10:15:42.184+0000][163][gc,phases      ] GC(162)   Post Evacuate Collection Set: 0.8ms
[2022-05-19T10:15:42.184+0000][163][gc,phases      ] GC(162)   Other: 3.2ms
[2022-05-19T10:15:42.184+0000][163][gc,heap        ] GC(162) Eden regions: 11->0(11)
[2022-05-19T10:15:42.185+0000][163][gc,heap        ] GC(162) Survivor regions: 2->2(2)
[2022-05-19T10:15:42.185+0000][163][gc,heap        ] GC(162) Old regions: 57->57
[2022-05-19T10:15:42.185+0000][163][gc,heap        ] GC(162) Archive regions: 2->2
[2022-05-19T10:15:42.185+0000][163][gc,heap        ] GC(162) Humongous regions: 34->34
[2022-05-19T10:15:42.185+0000][163][gc,metaspace   ] GC(162) Metaspace: 100827K(102464K)->100827K(102464K) NonClass: 86936K(87936K)->86936K(87936K) Class: 13891K(14528K)->13891K(14528K)
[2022-05-19T10:15:42.185+0000][163][gc             ] GC(162) Pause Young (Normal) (G1 Evacuation Pause) 411M->368M(512M) 7.596ms
[2022-05-19T10:15:42.186+0000][163][gc,cpu         ] GC(162) User=0.02s Sys=0.00s Real=0.01s
[2022-05-19T10:15:42.186+0000][163][safepoint      ] Safepoint "G1CollectForAllocation", Time since last: 277229900 ns, Reaching safepoint: 238300 ns, At safepoint: 7997400 ns, Total: 8235700 ns
[2022-05-19T10:15:42.521+0000][163][gc,start       ] GC(163) Pause Young (Concurrent Start) (G1 Evacuation Pause)
[2022-05-19T10:15:42.521+0000][163][gc,task        ] GC(163) Using 10 workers of 10 for evacuation
[2022-05-19T10:15:42.522+0000][163][gc,age         ] GC(163) Desired survivor size 4194304 bytes, new threshold 7 (max threshold 15)
[2022-05-19T10:15:42.524+0000][163][gc,age         ] GC(163) Age table with threshold 7 (max threshold 15)
[2022-05-19T10:15:42.524+0000][163][gc,age         ] GC(163) - age   1:     665080 bytes,     665080 total
[2022-05-19T10:15:42.524+0000][163][gc,age         ] GC(163) - age   2:     623920 bytes,    1289000 total
[2022-05-19T10:15:42.525+0000][163][gc,age         ] GC(163) - age   3:     622896 bytes,    1911896 total
[2022-05-19T10:15:42.525+0000][163][gc,age         ] GC(163) - age   4:     655680 bytes,    2567576 total
[2022-05-19T10:15:42.525+0000][163][gc,age         ] GC(163) - age   5:     623216 bytes,    3190792 total
[2022-05-19T10:15:42.525+0000][163][gc,age         ] GC(163) - age   6:     721248 bytes,    3912040 total
[2022-05-19T10:15:42.525+0000][163][gc,age         ] GC(163) - age   7:     688648 bytes,    4600688 total
[2022-05-19T10:15:42.525+0000][163][gc,phases      ] GC(163)   Pre Evacuate Collection Set: 0.3ms
[2022-05-19T10:15:42.525+0000][163][gc,phases      ] GC(163)   Merge Heap Roots: 0.1ms
[2022-05-19T10:15:42.525+0000][163][gc,phases      ] GC(163)   Evacuate Collection Set: 1.4ms
[2022-05-19T10:15:42.526+0000][163][gc,phases      ] GC(163)   Post Evacuate Collection Set: 0.6ms
[2022-05-19T10:15:42.526+0000][163][gc,phases      ] GC(163)   Other: 1.8ms
[2022-05-19T10:15:42.526+0000][163][gc,heap        ] GC(163) Eden regions: 11->0(11)
[2022-05-19T10:15:42.526+0000][163][gc,heap        ] GC(163) Survivor regions: 2->2(2)
[2022-05-19T10:15:42.526+0000][163][gc,heap        ] GC(163) Old regions: 57->57
[2022-05-19T10:15:42.526+0000][163][gc,heap        ] GC(163) Archive regions: 2->2
[2022-05-19T10:15:42.526+0000][163][gc,heap        ] GC(163) Humongous regions: 34->34
[2022-05-19T10:15:42.526+0000][163][gc,metaspace   ] GC(163) Metaspace: 100827K(102464K)->100827K(102464K) NonClass: 86936K(87936K)->86936K(87936K) Class: 13891K(14528K)->13891K(14528K)
[2022-05-19T10:15:42.527+0000][163][gc             ] GC(163) Pause Young (Concurrent Start) (G1 Evacuation Pause) 412M->368M(512M) 5.395ms
[2022-05-19T10:15:42.527+0000][163][gc,cpu         ] GC(163) User=0.02s Sys=0.00s Real=0.01s
[2022-05-19T10:15:42.527+0000][163][safepoint      ] Safepoint "G1CollectForAllocation", Time since last: 335206200 ns, Reaching safepoint: 183300 ns, At safepoint: 5764400 ns, Total: 5947700 ns
[2022-05-19T10:15:42.527+0000][163][gc             ] GC(164) Concurrent Mark Cycle
[2022-05-19T10:15:42.527+0000][163][gc,marking     ] GC(164) Concurrent Clear Claimed Marks
[2022-05-19T10:15:42.527+0000][163][gc,marking     ] GC(164) Concurrent Clear Claimed Marks 0.156ms
[2022-05-19T10:15:42.527+0000][163][gc,marking     ] GC(164) Concurrent Scan Root Regions
[2022-05-19T10:15:42.528+0000][163][gc,marking     ] GC(164) Concurrent Scan Root Regions 1.018ms
[2022-05-19T10:15:42.529+0000][163][gc,marking     ] GC(164) Concurrent Mark
[2022-05-19T10:15:42.529+0000][163][gc,marking     ] GC(164) Concurrent Mark From Roots
[2022-05-19T10:15:42.529+0000][163][gc,task        ] GC(164) Using 3 workers of 3 for marking
[2022-05-19T10:15:42.575+0000][163][gc,marking     ] GC(164) Concurrent Mark From Roots 46.130ms
[2022-05-19T10:15:42.575+0000][163][gc,marking     ] GC(164) Concurrent Preclean
[2022-05-19T10:15:42.576+0000][163][gc,marking     ] GC(164) Concurrent Preclean 0.730ms
[2022-05-19T10:15:42.576+0000][163][gc,start       ] GC(164) Pause Remark
[2022-05-19T10:15:42.579+0000][163][gc             ] GC(164) Pause Remark 372M->372M(512M) 3.184ms
[2022-05-19T10:15:42.580+0000][163][gc,cpu         ] GC(164) User=0.03s Sys=0.00s Real=0.00s
[2022-05-19T10:15:42.580+0000][163][safepoint      ] Safepoint "G1Concurrent", Time since last: 49101600 ns, Reaching safepoint: 285700 ns, At safepoint: 3696100 ns, Total: 3981800 ns
[2022-05-19T10:15:42.580+0000][163][gc,marking     ] GC(164) Concurrent Mark 51.654ms
[2022-05-19T10:15:42.580+0000][163][gc,marking     ] GC(164) Concurrent Rebuild Remembered Sets
[2022-05-19T10:15:42.604+0000][163][gc,marking     ] GC(164) Concurrent Rebuild Remembered Sets 23.345ms
[2022-05-19T10:15:42.604+0000][163][gc,start       ] GC(164) Pause Cleanup
[2022-05-19T10:15:42.605+0000][163][gc             ] GC(164) Pause Cleanup 374M->374M(512M) 0.372ms
[2022-05-19T10:15:42.605+0000][163][gc,cpu         ] GC(164) User=0.00s Sys=0.00s Real=0.01s
[2022-05-19T10:15:42.605+0000][163][safepoint      ] Safepoint "G1Concurrent", Time since last: 24035300 ns, Reaching safepoint: 295100 ns, At safepoint: 726000 ns, Total: 1021100 ns
[2022-05-19T10:15:42.605+0000][163][gc,marking     ] GC(164) Concurrent Cleanup for Next Mark
[2022-05-19T10:15:42.606+0000][163][gc,marking     ] GC(164) Concurrent Cleanup for Next Mark 0.338ms
[2022-05-19T10:15:42.606+0000][163][gc             ] GC(164) Concurrent Mark Cycle 78.812ms
[2022-05-19T10:15:42.888+0000][163][gc,start       ] GC(165) Pause Young (Normal) (G1 Evacuation Pause)
[2022-05-19T10:15:42.889+0000][163][gc,task        ] GC(165) Using 10 workers of 10 for evacuation
[2022-05-19T10:15:42.889+0000][163][gc,age         ] GC(165) Desired survivor size 4194304 bytes, new threshold 7 (max threshold 15)
[2022-05-19T10:15:42.892+0000][163][gc,age         ] GC(165) Age table with threshold 7 (max threshold 15)
[2022-05-19T10:15:42.892+0000][163][gc,age         ] GC(165) - age   1:     623656 bytes,     623656 total
[2022-05-19T10:15:42.892+0000][163][gc,age         ] GC(165) - age   2:     664688 bytes,    1288344 total
[2022-05-19T10:15:42.893+0000][163][gc,age         ] GC(165) - age   3:     623512 bytes,    1911856 total
[2022-05-19T10:15:42.893+0000][163][gc,age         ] GC(165) - age   4:     622896 bytes,    2534752 total
[2022-05-19T10:15:42.893+0000][163][gc,age         ] GC(165) - age   5:     655680 bytes,    3190432 total
[2022-05-19T10:15:42.893+0000][163][gc,age         ] GC(165) - age   6:     623216 bytes,    3813648 total
[2022-05-19T10:15:42.894+0000][163][gc,age         ] GC(165) - age   7:     721248 bytes,    4534896 total
[2022-05-19T10:15:42.894+0000][163][gc,phases      ] GC(165)   Pre Evacuate Collection Set: 0.2ms
[2022-05-19T10:15:42.894+0000][163][gc,phases      ] GC(165)   Merge Heap Roots: 0.3ms
[2022-05-19T10:15:42.894+0000][163][gc,phases      ] GC(165)   Evacuate Collection Set: 1.1ms
[2022-05-19T10:15:42.894+0000][163][gc,phases      ] GC(165)   Post Evacuate Collection Set: 0.9ms
[2022-05-19T10:15:42.895+0000][163][gc,phases      ] GC(165)   Other: 3.2ms
[2022-05-19T10:15:42.895+0000][163][gc,heap        ] GC(165) Eden regions: 11->0(10)
[2022-05-19T10:15:42.895+0000][163][gc,heap        ] GC(165) Survivor regions: 2->2(2)
[2022-05-19T10:15:42.895+0000][163][gc,heap        ] GC(165) Old regions: 57->58
[2022-05-19T10:15:42.895+0000][163][gc,heap        ] GC(165) Archive regions: 2->2
[2022-05-19T10:15:42.895+0000][163][gc,heap        ] GC(165) Humongous regions: 34->34
[2022-05-19T10:15:42.896+0000][163][gc,metaspace   ] GC(165) Metaspace: 100827K(102464K)->100827K(102464K) NonClass: 86936K(87936K)->86936K(87936K) Class: 13891K(14528K)->13891K(14528K)
[2022-05-19T10:15:42.896+0000][163][gc             ] GC(165) Pause Young (Normal) (G1 Evacuation Pause) 412M->369M(512M) 7.349ms
[2022-05-19T10:15:42.896+0000][163][gc,cpu         ] GC(165) User=0.01s Sys=0.00s Real=0.01s
[2022-05-19T10:15:42.896+0000][163][safepoint      ] Safepoint "G1CollectForAllocation", Time since last: 283070600 ns, Reaching safepoint: 236700 ns, At safepoint: 7736000 ns, Total: 7972700 ns
[2022-05-19T10:15:43.202+0000][163][gc,start       ] GC(166) Pause Young (Concurrent Start) (G1 Evacuation Pause)
[2022-05-19T10:15:43.202+0000][163][gc,task        ] GC(166) Using 10 workers of 10 for evacuation
[2022-05-19T10:15:43.202+0000][163][gc,age         ] GC(166) Desired survivor size 4194304 bytes, new threshold 7 (max threshold 15)
[2022-05-19T10:15:43.206+0000][163][gc,age         ] GC(166) Age table with threshold 7 (max threshold 15)
[2022-05-19T10:15:43.206+0000][163][gc,age         ] GC(166) - age   1:     558296 bytes,     558296 total
[2022-05-19T10:15:43.207+0000][163][gc,age         ] GC(166) - age   2:     623280 bytes,    1181576 total
[2022-05-19T10:15:43.207+0000][163][gc,age         ] GC(166) - age   3:     664688 bytes,    1846264 total
[2022-05-19T10:15:43.207+0000][163][gc,age         ] GC(166) - age   4:     623144 bytes,    2469408 total
[2022-05-19T10:15:43.207+0000][163][gc,age         ] GC(166) - age   5:     622896 bytes,    3092304 total
[2022-05-19T10:15:43.208+0000][163][gc,age         ] GC(166) - age   6:     655680 bytes,    3747984 total
[2022-05-19T10:15:43.208+0000][163][gc,age         ] GC(166) - age   7:     623184 bytes,    4371168 total
[2022-05-19T10:15:43.208+0000][163][gc,phases      ] GC(166)   Pre Evacuate Collection Set: 0.4ms
[2022-05-19T10:15:43.208+0000][163][gc,phases      ] GC(166)   Merge Heap Roots: 0.2ms
[2022-05-19T10:15:43.209+0000][163][gc,phases      ] GC(166)   Evacuate Collection Set: 2.2ms
[2022-05-19T10:15:43.209+0000][163][gc,phases      ] GC(166)   Post Evacuate Collection Set: 0.8ms
[2022-05-19T10:15:43.209+0000][163][gc,phases      ] GC(166)   Other: 3.2ms
[2022-05-19T10:15:43.209+0000][163][gc,heap        ] GC(166) Eden regions: 10->0(10)
[2022-05-19T10:15:43.209+0000][163][gc,heap        ] GC(166) Survivor regions: 2->2(2)
[2022-05-19T10:15:43.209+0000][163][gc,heap        ] GC(166) Old regions: 58->58
[2022-05-19T10:15:43.210+0000][163][gc,heap        ] GC(166) Archive regions: 2->2
[2022-05-19T10:15:43.210+0000][163][gc,heap        ] GC(166) Humongous regions: 34->34
[2022-05-19T10:15:43.210+0000][163][gc,metaspace   ] GC(166) Metaspace: 100827K(102464K)->100827K(102464K) NonClass: 86936K(87936K)->86936K(87936K) Class: 13891K(14528K)->13891K(14528K)
[2022-05-19T10:15:43.210+0000][163][gc             ] GC(166) Pause Young (Concurrent Start) (G1 Evacuation Pause) 409M->370M(512M) 8.455ms
[2022-05-19T10:15:43.210+0000][163][gc,cpu         ] GC(166) User=0.01s Sys=0.00s Real=0.01s
[2022-05-19T10:15:43.210+0000][163][gc             ] GC(167) Concurrent Mark Cycle
[2022-05-19T10:15:43.210+0000][163][safepoint      ] Safepoint "G1CollectForAllocation", Time since last: 305160700 ns, Reaching safepoint: 247000 ns, At safepoint: 8823300 ns, Total: 9070300 ns
[2022-05-19T10:15:43.210+0000][163][gc,marking     ] GC(167) Concurrent Clear Claimed Marks
[2022-05-19T10:15:43.211+0000][163][gc,marking     ] GC(167) Concurrent Clear Claimed Marks 0.284ms
[2022-05-19T10:15:43.211+0000][163][gc,marking     ] GC(167) Concurrent Scan Root Regions
[2022-05-19T10:15:43.212+0000][163][gc,marking     ] GC(167) Concurrent Scan Root Regions 0.911ms
[2022-05-19T10:15:43.212+0000][163][gc,marking     ] GC(167) Concurrent Mark
[2022-05-19T10:15:43.212+0000][163][gc,marking     ] GC(167) Concurrent Mark From Roots
[2022-05-19T10:15:43.212+0000][163][gc,task        ] GC(167) Using 3 workers of 3 for marking
[2022-05-19T10:15:43.256+0000][163][gc,marking     ] GC(167) Concurrent Mark From Roots 44.401ms
[2022-05-19T10:15:43.257+0000][163][gc,marking     ] GC(167) Concurrent Preclean
[2022-05-19T10:15:43.257+0000][163][gc,marking     ] GC(167) Concurrent Preclean 0.515ms
[2022-05-19T10:15:43.257+0000][163][gc,start       ] GC(167) Pause Remark
[2022-05-19T10:15:43.260+0000][163][gc             ] GC(167) Pause Remark 374M->374M(512M) 2.809ms
[2022-05-19T10:15:43.261+0000][163][gc,cpu         ] GC(167) User=0.01s Sys=0.00s Real=0.00s
[2022-05-19T10:15:43.261+0000][163][safepoint      ] Safepoint "G1Concurrent", Time since last: 46927700 ns, Reaching safepoint: 256800 ns, At safepoint: 3325800 ns, Total: 3582600 ns
[2022-05-19T10:15:43.261+0000][163][gc,marking     ] GC(167) Concurrent Mark 49.151ms
[2022-05-19T10:15:43.261+0000][163][gc,marking     ] GC(167) Concurrent Rebuild Remembered Sets
[2022-05-19T10:15:43.279+0000][163][gc,marking     ] GC(167) Concurrent Rebuild Remembered Sets 18.317ms
[2022-05-19T10:15:43.280+0000][163][gc,start       ] GC(167) Pause Cleanup
[2022-05-19T10:15:43.281+0000][163][gc             ] GC(167) Pause Cleanup 377M->377M(512M) 0.502ms
[2022-05-19T10:15:43.281+0000][163][gc,cpu         ] GC(167) User=0.00s Sys=0.00s Real=0.00s
[2022-05-19T10:15:43.281+0000][163][safepoint      ] Safepoint "G1Concurrent", Time since last: 18954100 ns, Reaching safepoint: 360600 ns, At safepoint: 1087200 ns, Total: 1447800 ns
[2022-05-19T10:15:43.281+0000][163][gc,marking     ] GC(167) Concurrent Cleanup for Next Mark
[2022-05-19T10:15:43.282+0000][163][gc,marking     ] GC(167) Concurrent Cleanup for Next Mark 0.398ms
[2022-05-19T10:15:43.282+0000][163][gc             ] GC(167) Concurrent Mark Cycle 71.737ms
[2022-05-19T10:15:43.530+0000][163][gc,start       ] GC(168) Pause Young (Normal) (G1 Evacuation Pause)
[2022-05-19T10:15:43.530+0000][163][gc,task        ] GC(168) Using 10 workers of 10 for evacuation
[2022-05-19T10:15:43.530+0000][163][gc,age         ] GC(168) Desired survivor size 4194304 bytes, new threshold 7 (max threshold 15)
[2022-05-19T10:15:43.532+0000][163][gc,age         ] GC(168) Age table with threshold 7 (max threshold 15)
[2022-05-19T10:15:43.533+0000][163][gc,age         ] GC(168) - age   1:     591816 bytes,     591816 total
[2022-05-19T10:15:43.533+0000][163][gc,age         ] GC(168) - age   2:     557760 bytes,    1149576 total
[2022-05-19T10:15:43.533+0000][163][gc,age         ] GC(168) - age   3:     623280 bytes,    1772856 total
[2022-05-19T10:15:43.534+0000][163][gc,age         ] GC(168) - age   4:     663328 bytes,    2436184 total
[2022-05-19T10:15:43.534+0000][163][gc,age         ] GC(168) - age   5:     623144 bytes,    3059328 total
[2022-05-19T10:15:43.534+0000][163][gc,age         ] GC(168) - age   6:     622896 bytes,    3682224 total
[2022-05-19T10:15:43.534+0000][163][gc,age         ] GC(168) - age   7:     655680 bytes,    4337904 total
[2022-05-19T10:15:43.534+0000][163][gc,phases      ] GC(168)   Pre Evacuate Collection Set: 0.2ms
[2022-05-19T10:15:43.535+0000][163][gc,phases      ] GC(168)   Merge Heap Roots: 0.2ms
[2022-05-19T10:15:43.535+0000][163][gc,phases      ] GC(168)   Evacuate Collection Set: 0.9ms
[2022-05-19T10:15:43.535+0000][163][gc,phases      ] GC(168)   Post Evacuate Collection Set: 0.6ms
[2022-05-19T10:15:43.535+0000][163][gc,phases      ] GC(168)   Other: 2.7ms
[2022-05-19T10:15:43.535+0000][163][gc,heap        ] GC(168) Eden regions: 10->0(10)
[2022-05-19T10:15:43.535+0000][163][gc,heap        ] GC(168) Survivor regions: 2->2(2)
[2022-05-19T10:15:43.535+0000][163][gc,heap        ] GC(168) Old regions: 58->58
[2022-05-19T10:15:43.535+0000][163][gc,heap        ] GC(168) Archive regions: 2->2
[2022-05-19T10:15:43.535+0000][163][gc,heap        ] GC(168) Humongous regions: 34->34
[2022-05-19T10:15:43.536+0000][163][gc,metaspace   ] GC(168) Metaspace: 100827K(102464K)->100827K(102464K) NonClass: 86936K(87936K)->86936K(87936K) Class: 13891K(14528K)->13891K(14528K)
[2022-05-19T10:15:43.536+0000][163][gc             ] GC(168) Pause Young (Normal) (G1 Evacuation Pause) 410M->370M(512M) 6.069ms
[2022-05-19T10:15:43.536+0000][163][gc,cpu         ] GC(168) User=0.01s Sys=0.00s Real=0.01s
[2022-05-19T10:15:43.536+0000][163][safepoint      ] Safepoint "G1CollectForAllocation", Time since last: 248239600 ns, Reaching safepoint: 192300 ns, At safepoint: 6392600 ns, Total: 6584900 ns
[2022-05-19T10:15:43.857+0000][163][gc,start       ] GC(169) Pause Young (Concurrent Start) (G1 Evacuation Pause)
[2022-05-19T10:15:43.857+0000][163][gc,task        ] GC(169) Using 10 workers of 10 for evacuation
[2022-05-19T10:15:43.858+0000][163][gc,age         ] GC(169) Desired survivor size 4194304 bytes, new threshold 7 (max threshold 15)
[2022-05-19T10:15:43.861+0000][163][gc,age         ] GC(169) Age table with threshold 7 (max threshold 15)
[2022-05-19T10:15:43.861+0000][163][gc,age         ] GC(169) - age   1:     590952 bytes,     590952 total
[2022-05-19T10:15:43.861+0000][163][gc,age         ] GC(169) - age   2:     591472 bytes,    1182424 total
[2022-05-19T10:15:43.862+0000][163][gc,age         ] GC(169) - age   3:     557760 bytes,    1740184 total
[2022-05-19T10:15:43.862+0000][163][gc,age         ] GC(169) - age   4:     622896 bytes,    2363080 total
[2022-05-19T10:15:43.862+0000][163][gc,age         ] GC(169) - age   5:     663328 bytes,    3026408 total
[2022-05-19T10:15:43.863+0000][163][gc,age         ] GC(169) - age   6:     623144 bytes,    3649552 total
[2022-05-19T10:15:43.863+0000][163][gc,age         ] GC(169) - age   7:     622896 bytes,    4272448 total
[2022-05-19T10:15:43.863+0000][163][gc,phases      ] GC(169)   Pre Evacuate Collection Set: 0.3ms
[2022-05-19T10:15:43.863+0000][163][gc,phases      ] GC(169)   Merge Heap Roots: 0.2ms
[2022-05-19T10:15:43.863+0000][163][gc,phases      ] GC(169)   Evacuate Collection Set: 1.5ms
[2022-05-19T10:15:43.864+0000][163][gc,phases      ] GC(169)   Post Evacuate Collection Set: 0.8ms
[2022-05-19T10:15:43.864+0000][163][gc,phases      ] GC(169)   Other: 3.2ms
[2022-05-19T10:15:43.864+0000][163][gc,heap        ] GC(169) Eden regions: 10->0(10)
[2022-05-19T10:15:43.864+0000][163][gc,heap        ] GC(169) Survivor regions: 2->2(2)
[2022-05-19T10:15:43.864+0000][163][gc,heap        ] GC(169) Old regions: 58->58
[2022-05-19T10:15:43.864+0000][163][gc,heap        ] GC(169) Archive regions: 2->2
[2022-05-19T10:15:43.865+0000][163][gc,heap        ] GC(169) Humongous regions: 34->34
[2022-05-19T10:15:43.865+0000][163][gc,metaspace   ] GC(169) Metaspace: 100827K(102464K)->100827K(102464K) NonClass: 86936K(87936K)->86936K(87936K) Class: 13891K(14528K)->13891K(14528K)
[2022-05-19T10:15:43.865+0000][163][gc             ] GC(169) Pause Young (Concurrent Start) (G1 Evacuation Pause) 410M->371M(512M) 7.710ms
[2022-05-19T10:15:43.865+0000][163][gc,cpu         ] GC(169) User=0.01s Sys=0.01s Real=0.01s
[2022-05-19T10:15:43.865+0000][163][gc             ] GC(170) Concurrent Mark Cycle
[2022-05-19T10:15:43.865+0000][163][gc,marking     ] GC(170) Concurrent Clear Claimed Marks
[2022-05-19T10:15:43.865+0000][163][safepoint      ] Safepoint "G1CollectForAllocation", Time since last: 320762600 ns, Reaching safepoint: 221400 ns, At safepoint: 8084900 ns, Total: 8306300 ns
[2022-05-19T10:15:43.865+0000][163][gc,marking     ] GC(170) Concurrent Clear Claimed Marks 0.183ms
[2022-05-19T10:15:43.866+0000][163][gc,marking     ] GC(170) Concurrent Scan Root Regions
[2022-05-19T10:15:43.867+0000][163][gc,marking     ] GC(170) Concurrent Scan Root Regions 1.061ms
[2022-05-19T10:15:43.867+0000][163][gc,marking     ] GC(170) Concurrent Mark
[2022-05-19T10:15:43.867+0000][163][gc,marking     ] GC(170) Concurrent Mark From Roots
[2022-05-19T10:15:43.867+0000][163][gc,task        ] GC(170) Using 3 workers of 3 for marking
[2022-05-19T10:15:43.905+0000][163][gc,marking     ] GC(170) Concurrent Mark From Roots 38.236ms
[2022-05-19T10:15:43.906+0000][163][gc,marking     ] GC(170) Concurrent Preclean
[2022-05-19T10:15:43.906+0000][163][gc,marking     ] GC(170) Concurrent Preclean 0.621ms
[2022-05-19T10:15:43.907+0000][163][gc,start       ] GC(170) Pause Remark
[2022-05-19T10:15:43.910+0000][163][gc             ] GC(170) Pause Remark 375M->375M(512M) 3.338ms
[2022-05-19T10:15:43.911+0000][163][gc,cpu         ] GC(170) User=0.02s Sys=0.00s Real=0.00s
[2022-05-19T10:15:43.911+0000][163][safepoint      ] Safepoint "G1Concurrent", Time since last: 41382800 ns, Reaching safepoint: 342700 ns, At safepoint: 4010500 ns, Total: 4353200 ns
[2022-05-19T10:15:43.911+0000][163][gc,marking     ] GC(170) Concurrent Mark 44.321ms
[2022-05-19T10:15:43.911+0000][163][gc,marking     ] GC(170) Concurrent Rebuild Remembered Sets
[2022-05-19T10:15:43.930+0000][163][gc,marking     ] GC(170) Concurrent Rebuild Remembered Sets 18.621ms
[2022-05-19T10:15:43.931+0000][163][gc,start       ] GC(170) Pause Cleanup
[2022-05-19T10:15:43.932+0000][163][gc             ] GC(170) Pause Cleanup 377M->377M(512M) 0.725ms
[2022-05-19T10:15:43.932+0000][163][gc,cpu         ] GC(170) User=0.00s Sys=0.00s Real=0.00s
[2022-05-19T10:15:43.932+0000][163][safepoint      ] Safepoint "G1Concurrent", Time since last: 19521000 ns, Reaching safepoint: 379300 ns, At safepoint: 1345700 ns, Total: 1725000 ns
[2022-05-19T10:15:43.932+0000][163][gc,marking     ] GC(170) Concurrent Cleanup for Next Mark
[2022-05-19T10:15:43.933+0000][163][gc,marking     ] GC(170) Concurrent Cleanup for Next Mark 0.424ms
[2022-05-19T10:15:43.933+0000][163][gc             ] GC(170) Concurrent Mark Cycle 68.002ms
[2022-05-19T10:15:44.209+0000][163][gc,start       ] GC(171) Pause Young (Normal) (G1 Evacuation Pause)
[2022-05-19T10:15:44.209+0000][163][gc,task        ] GC(171) Using 10 workers of 10 for evacuation
[2022-05-19T10:15:44.210+0000][163][gc,age         ] GC(171) Desired survivor size 4194304 bytes, new threshold 7 (max threshold 15)
[2022-05-19T10:15:44.212+0000][163][gc,age         ] GC(171) Age table with threshold 7 (max threshold 15)
[2022-05-19T10:15:44.212+0000][163][gc,age         ] GC(171) - age   1:     590872 bytes,     590872 total
[2022-05-19T10:15:44.213+0000][163][gc,age         ] GC(171) - age   2:     590496 bytes,    1181368 total
[2022-05-19T10:15:44.213+0000][163][gc,age         ] GC(171) - age   3:     591472 bytes,    1772840 total
[2022-05-19T10:15:44.213+0000][163][gc,age         ] GC(171) - age   4:     557392 bytes,    2330232 total
[2022-05-19T10:15:44.213+0000][163][gc,age         ] GC(171) - age   5:     622896 bytes,    2953128 total
[2022-05-19T10:15:44.213+0000][163][gc,age         ] GC(171) - age   6:     663328 bytes,    3616456 total
[2022-05-19T10:15:44.213+0000][163][gc,age         ] GC(171) - age   7:     623112 bytes,    4239568 total
[2022-05-19T10:15:44.214+0000][163][gc,phases      ] GC(171)   Pre Evacuate Collection Set: 0.2ms
[2022-05-19T10:15:44.214+0000][163][gc,phases      ] GC(171)   Merge Heap Roots: 0.2ms
[2022-05-19T10:15:44.214+0000][163][gc,phases      ] GC(171)   Evacuate Collection Set: 1.1ms
[2022-05-19T10:15:44.214+0000][163][gc,phases      ] GC(171)   Post Evacuate Collection Set: 0.6ms
[2022-05-19T10:15:44.214+0000][163][gc,phases      ] GC(171)   Other: 2.5ms
[2022-05-19T10:15:44.214+0000][163][gc,heap        ] GC(171) Eden regions: 10->0(10)
[2022-05-19T10:15:44.215+0000][163][gc,heap        ] GC(171) Survivor regions: 2->2(2)
[2022-05-19T10:15:44.215+0000][163][gc,heap        ] GC(171) Old regions: 58->58
[2022-05-19T10:15:44.215+0000][163][gc,heap        ] GC(171) Archive regions: 2->2
[2022-05-19T10:15:44.215+0000][163][gc,heap        ] GC(171) Humongous regions: 34->34
[2022-05-19T10:15:44.215+0000][163][gc,metaspace   ] GC(171) Metaspace: 100827K(102464K)->100827K(102464K) NonClass: 86936K(87936K)->86936K(87936K) Class: 13891K(14528K)->13891K(14528K)
[2022-05-19T10:15:44.215+0000][163][gc             ] GC(171) Pause Young (Normal) (G1 Evacuation Pause) 411M->371M(512M) 6.303ms
[2022-05-19T10:15:44.216+0000][163][gc,cpu         ] GC(171) User=0.02s Sys=0.00s Real=0.01s
[2022-05-19T10:15:44.216+0000][163][safepoint      ] Safepoint "G1CollectForAllocation", Time since last: 276635700 ns, Reaching safepoint: 302400 ns, At safepoint: 6671200 ns, Total: 6973600 ns
[2022-05-19T10:15:44.518+0000][163][gc,start       ] GC(172) Pause Young (Concurrent Start) (G1 Evacuation Pause)
[2022-05-19T10:15:44.519+0000][163][gc,task        ] GC(172) Using 10 workers of 10 for evacuation
[2022-05-19T10:15:44.519+0000][163][gc,age         ] GC(172) Desired survivor size 4194304 bytes, new threshold 7 (max threshold 15)
[2022-05-19T10:15:44.522+0000][163][gc,age         ] GC(172) Age table with threshold 7 (max threshold 15)
[2022-05-19T10:15:44.522+0000][163][gc,age         ] GC(172) - age   1:     591768 bytes,     591768 total
[2022-05-19T10:15:44.523+0000][163][gc,age         ] GC(172) - age   2:     590544 bytes,    1182312 total
[2022-05-19T10:15:44.523+0000][163][gc,age         ] GC(172) - age   3:     590496 bytes,    1772808 total
[2022-05-19T10:15:44.523+0000][163][gc,age         ] GC(172) - age   4:     590112 bytes,    2362920 total
[2022-05-19T10:15:44.523+0000][163][gc,age         ] GC(172) - age   5:     557392 bytes,    2920312 total
[2022-05-19T10:15:44.523+0000][163][gc,age         ] GC(172) - age   6:     622896 bytes,    3543208 total
[2022-05-19T10:15:44.523+0000][163][gc,age         ] GC(172) - age   7:     663328 bytes,    4206536 total
[2022-05-19T10:15:44.523+0000][163][gc,phases      ] GC(172)   Pre Evacuate Collection Set: 0.3ms
[2022-05-19T10:15:44.524+0000][163][gc,phases      ] GC(172)   Merge Heap Roots: 0.2ms
[2022-05-19T10:15:44.524+0000][163][gc,phases      ] GC(172)   Evacuate Collection Set: 1.8ms
[2022-05-19T10:15:44.524+0000][163][gc,phases      ] GC(172)   Post Evacuate Collection Set: 0.5ms
[2022-05-19T10:15:44.524+0000][163][gc,phases      ] GC(172)   Other: 2.4ms
[2022-05-19T10:15:44.524+0000][163][gc,heap        ] GC(172) Eden regions: 10->0(10)
[2022-05-19T10:15:44.524+0000][163][gc,heap        ] GC(172) Survivor regions: 2->2(2)
[2022-05-19T10:15:44.524+0000][163][gc,heap        ] GC(172) Old regions: 58->58
[2022-05-19T10:15:44.524+0000][163][gc,heap        ] GC(172) Archive regions: 2->2
[2022-05-19T10:15:44.525+0000][163][gc,heap        ] GC(172) Humongous regions: 34->34
[2022-05-19T10:15:44.525+0000][163][gc,metaspace   ] GC(172) Metaspace: 100827K(102464K)->100827K(102464K) NonClass: 86936K(87936K)->86936K(87936K) Class: 13891K(14528K)->13891K(14528K)
[2022-05-19T10:15:44.525+0000][163][gc             ] GC(172) Pause Young (Concurrent Start) (G1 Evacuation Pause) 411M->372M(512M) 6.505ms
[2022-05-19T10:15:44.525+0000][163][gc,cpu         ] GC(172) User=0.01s Sys=0.00s Real=0.01s
[2022-05-19T10:15:44.525+0000][163][gc             ] GC(173) Concurrent Mark Cycle
[2022-05-19T10:15:44.525+0000][163][safepoint      ] Safepoint "G1CollectForAllocation", Time since last: 302407000 ns, Reaching safepoint: 198200 ns, At safepoint: 6804600 ns, Total: 7002800 ns
[2022-05-19T10:15:44.525+0000][163][gc,marking     ] GC(173) Concurrent Clear Claimed Marks
[2022-05-19T10:15:44.526+0000][163][gc,marking     ] GC(173) Concurrent Clear Claimed Marks 0.289ms
[2022-05-19T10:15:44.526+0000][163][gc,marking     ] GC(173) Concurrent Scan Root Regions
[2022-05-19T10:15:44.527+0000][163][gc,marking     ] GC(173) Concurrent Scan Root Regions 1.173ms
[2022-05-19T10:15:44.527+0000][163][gc,marking     ] GC(173) Concurrent Mark
[2022-05-19T10:15:44.527+0000][163][gc,marking     ] GC(173) Concurrent Mark From Roots
[2022-05-19T10:15:44.527+0000][163][gc,task        ] GC(173) Using 3 workers of 3 for marking
[2022-05-19T10:15:44.569+0000][163][gc,marking     ] GC(173) Concurrent Mark From Roots 41.898ms
[2022-05-19T10:15:44.569+0000][163][gc,marking     ] GC(173) Concurrent Preclean
[2022-05-19T10:15:44.570+0000][163][gc,marking     ] GC(173) Concurrent Preclean 0.835ms
[2022-05-19T10:15:44.571+0000][163][gc,start       ] GC(173) Pause Remark
[2022-05-19T10:15:44.574+0000][163][gc             ] GC(173) Pause Remark 376M->376M(512M) 3.027ms
[2022-05-19T10:15:44.574+0000][163][gc,cpu         ] GC(173) User=0.02s Sys=0.00s Real=0.00s
[2022-05-19T10:15:44.574+0000][163][safepoint      ] Safepoint "G1Concurrent", Time since last: 45114700 ns, Reaching safepoint: 307200 ns, At safepoint: 3616600 ns, Total: 3923800 ns
[2022-05-19T10:15:44.574+0000][163][gc,marking     ] GC(173) Concurrent Mark 47.529ms
[2022-05-19T10:15:44.575+0000][163][gc,marking     ] GC(173) Concurrent Rebuild Remembered Sets
[2022-05-19T10:15:44.600+0000][163][gc,marking     ] GC(173) Concurrent Rebuild Remembered Sets 25.581ms
[2022-05-19T10:15:44.601+0000][163][gc,start       ] GC(173) Pause Cleanup
[2022-05-19T10:15:44.601+0000][163][gc             ] GC(173) Pause Cleanup 378M->378M(512M) 0.485ms
[2022-05-19T10:15:44.602+0000][163][gc,cpu         ] GC(173) User=0.00s Sys=0.00s Real=0.00s
[2022-05-19T10:15:44.602+0000][163][safepoint      ] Safepoint "G1Concurrent", Time since last: 26391500 ns, Reaching safepoint: 314100 ns, At safepoint: 954300 ns, Total: 1268400 ns
[2022-05-19T10:15:44.602+0000][163][gc,marking     ] GC(173) Concurrent Cleanup for Next Mark
[2022-05-19T10:15:44.603+0000][163][gc,marking     ] GC(173) Concurrent Cleanup for Next Mark 0.543ms
[2022-05-19T10:15:44.603+0000][163][gc             ] GC(173) Concurrent Mark Cycle 77.728ms
[2022-05-19T10:15:44.871+0000][163][gc,start       ] GC(174) Pause Young (Normal) (G1 Evacuation Pause)
[2022-05-19T10:15:44.871+0000][163][gc,task        ] GC(174) Using 10 workers of 10 for evacuation
[2022-05-19T10:15:44.871+0000][163][gc,age         ] GC(174) Desired survivor size 4194304 bytes, new threshold 7 (max threshold 15)
[2022-05-19T10:15:44.874+0000][163][gc,age         ] GC(174) Age table with threshold 7 (max threshold 15)
[2022-05-19T10:15:44.875+0000][163][gc,age         ] GC(174) - age   1:     558008 bytes,     558008 total
[2022-05-19T10:15:44.875+0000][163][gc,age         ] GC(174) - age   2:     591472 bytes,    1149480 total
[2022-05-19T10:15:44.875+0000][163][gc,age         ] GC(174) - age   3:     590544 bytes,    1740024 total
[2022-05-19T10:15:44.875+0000][163][gc,age         ] GC(174) - age   4:     590112 bytes,    2330136 total
[2022-05-19T10:15:44.876+0000][163][gc,age         ] GC(174) - age   5:     590112 bytes,    2920248 total
[2022-05-19T10:15:44.876+0000][163][gc,age         ] GC(174) - age   6:     557392 bytes,    3477640 total
[2022-05-19T10:15:44.876+0000][163][gc,age         ] GC(174) - age   7:     622896 bytes,    4100536 total
[2022-05-19T10:15:44.876+0000][163][gc,phases      ] GC(174)   Pre Evacuate Collection Set: 0.3ms
[2022-05-19T10:15:44.877+0000][163][gc,phases      ] GC(174)   Merge Heap Roots: 0.3ms
[2022-05-19T10:15:44.877+0000][163][gc,phases      ] GC(174)   Evacuate Collection Set: 1.3ms
[2022-05-19T10:15:44.877+0000][163][gc,phases      ] GC(174)   Post Evacuate Collection Set: 0.9ms
[2022-05-19T10:15:44.877+0000][163][gc,phases      ] GC(174)   Other: 3.1ms
[2022-05-19T10:15:44.877+0000][163][gc,heap        ] GC(174) Eden regions: 10->0(11)
[2022-05-19T10:15:44.878+0000][163][gc,heap        ] GC(174) Survivor regions: 2->1(2)
[2022-05-19T10:15:44.878+0000][163][gc,heap        ] GC(174) Old regions: 58->59
[2022-05-19T10:15:44.878+0000][163][gc,heap        ] GC(174) Archive regions: 2->2
[2022-05-19T10:15:44.878+0000][163][gc,heap        ] GC(174) Humongous regions: 34->34
[2022-05-19T10:15:44.878+0000][163][gc,metaspace   ] GC(174) Metaspace: 100827K(102464K)->100827K(102464K) NonClass: 86936K(87936K)->86936K(87936K) Class: 13891K(14528K)->13891K(14528K)
[2022-05-19T10:15:44.879+0000][163][gc             ] GC(174) Pause Young (Normal) (G1 Evacuation Pause) 412M->372M(512M) 8.029ms
[2022-05-19T10:15:44.879+0000][163][gc,cpu         ] GC(174) User=0.02s Sys=0.00s Real=0.01s
[2022-05-19T10:15:44.879+0000][163][safepoint      ] Safepoint "G1CollectForAllocation", Time since last: 268515000 ns, Reaching safepoint: 242300 ns, At safepoint: 8423400 ns, Total: 8665700 ns
[2022-05-19T10:15:45.210+0000][163][gc,start       ] GC(175) Pause Young (Concurrent Start) (G1 Evacuation Pause)
[2022-05-19T10:15:45.210+0000][163][gc,task        ] GC(175) Using 10 workers of 10 for evacuation
[2022-05-19T10:15:45.210+0000][163][gc,age         ] GC(175) Desired survivor size 4194304 bytes, new threshold 15 (max threshold 15)
[2022-05-19T10:15:45.213+0000][163][gc,age         ] GC(175) Age table with threshold 15 (max threshold 15)
[2022-05-19T10:15:45.214+0000][163][gc,age         ] GC(175) - age   1:     623696 bytes,     623696 total
[2022-05-19T10:15:45.214+0000][163][gc,age         ] GC(175) - age   2:     557712 bytes,    1181408 total
[2022-05-19T10:15:45.214+0000][163][gc,age         ] GC(175) - age   3:     591472 bytes,    1772880 total
[2022-05-19T10:15:45.214+0000][163][gc,age         ] GC(175) - age   4:     590176 bytes,    2363056 total
[2022-05-19T10:15:45.214+0000][163][gc,age         ] GC(175) - age   5:     590112 bytes,    2953168 total
[2022-05-19T10:15:45.215+0000][163][gc,age         ] GC(175) - age   6:     590112 bytes,    3543280 total
[2022-05-19T10:15:45.215+0000][163][gc,age         ] GC(175) - age   7:     557360 bytes,    4100640 total
[2022-05-19T10:15:45.215+0000][163][gc,age         ] GC(175) - age   8:     622896 bytes,    4723536 total
[2022-05-19T10:15:45.215+0000][163][gc,phases      ] GC(175)   Pre Evacuate Collection Set: 0.4ms
[2022-05-19T10:15:45.215+0000][163][gc,phases      ] GC(175)   Merge Heap Roots: 0.3ms
[2022-05-19T10:15:45.215+0000][163][gc,phases      ] GC(175)   Evacuate Collection Set: 1.4ms
[2022-05-19T10:15:45.215+0000][163][gc,phases      ] GC(175)   Post Evacuate Collection Set: 0.8ms
[2022-05-19T10:15:45.215+0000][163][gc,phases      ] GC(175)   Other: 2.4ms
[2022-05-19T10:15:45.216+0000][163][gc,heap        ] GC(175) Eden regions: 11->0(9)
[2022-05-19T10:15:45.216+0000][163][gc,heap        ] GC(175) Survivor regions: 1->2(2)
[2022-05-19T10:15:45.216+0000][163][gc,heap        ] GC(175) Old regions: 59->59
[2022-05-19T10:15:45.216+0000][163][gc,heap        ] GC(175) Archive regions: 2->2
[2022-05-19T10:15:45.216+0000][163][gc,heap        ] GC(175) Humongous regions: 34->34
[2022-05-19T10:15:45.216+0000][163][gc,metaspace   ] GC(175) Metaspace: 100827K(102464K)->100827K(102464K) NonClass: 86936K(87936K)->86936K(87936K) Class: 13891K(14528K)->13891K(14528K)
[2022-05-19T10:15:45.216+0000][163][gc             ] GC(175) Pause Young (Concurrent Start) (G1 Evacuation Pause) 416M->373M(512M) 6.648ms
[2022-05-19T10:15:45.216+0000][163][gc,cpu         ] GC(175) User=0.01s Sys=0.00s Real=0.01s
[2022-05-19T10:15:45.216+0000][163][safepoint      ] Safepoint "G1CollectForAllocation", Time since last: 330340800 ns, Reaching safepoint: 229800 ns, At safepoint: 6936500 ns, Total: 7166300 ns
[2022-05-19T10:15:45.216+0000][163][gc             ] GC(176) Concurrent Mark Cycle
[2022-05-19T10:15:45.217+0000][163][gc,marking     ] GC(176) Concurrent Clear Claimed Marks
[2022-05-19T10:15:45.217+0000][163][gc,marking     ] GC(176) Concurrent Clear Claimed Marks 0.154ms
[2022-05-19T10:15:45.217+0000][163][gc,marking     ] GC(176) Concurrent Scan Root Regions
[2022-05-19T10:15:45.218+0000][163][gc,marking     ] GC(176) Concurrent Scan Root Regions 0.822ms
[2022-05-19T10:15:45.218+0000][163][gc,marking     ] GC(176) Concurrent Mark
[2022-05-19T10:15:45.218+0000][163][gc,marking     ] GC(176) Concurrent Mark From Roots
[2022-05-19T10:15:45.218+0000][163][gc,task        ] GC(176) Using 3 workers of 3 for marking
[2022-05-19T10:15:45.255+0000][163][gc,marking     ] GC(176) Concurrent Mark From Roots 37.134ms
[2022-05-19T10:15:45.255+0000][163][gc,marking     ] GC(176) Concurrent Preclean
[2022-05-19T10:15:45.256+0000][163][gc,marking     ] GC(176) Concurrent Preclean 0.629ms
[2022-05-19T10:15:45.257+0000][163][gc,start       ] GC(176) Pause Remark
[2022-05-19T10:15:45.260+0000][163][gc             ] GC(176) Pause Remark 378M->378M(512M) 3.299ms
[2022-05-19T10:15:45.260+0000][163][gc,cpu         ] GC(176) User=0.02s Sys=0.00s Real=0.00s
[2022-05-19T10:15:45.261+0000][163][safepoint      ] Safepoint "G1Concurrent", Time since last: 39850500 ns, Reaching safepoint: 312600 ns, At safepoint: 3908000 ns, Total: 4220600 ns
[2022-05-19T10:15:45.261+0000][163][gc,marking     ] GC(176) Concurrent Mark 42.944ms
[2022-05-19T10:15:45.261+0000][163][gc,marking     ] GC(176) Concurrent Rebuild Remembered Sets
[2022-05-19T10:15:45.283+0000][163][gc,marking     ] GC(176) Concurrent Rebuild Remembered Sets 22.110ms
[2022-05-19T10:15:45.284+0000][163][gc,start       ] GC(176) Pause Cleanup
[2022-05-19T10:15:45.284+0000][163][gc             ] GC(176) Pause Cleanup 381M->381M(512M) 0.483ms
[2022-05-19T10:15:45.285+0000][163][gc,cpu         ] GC(176) User=0.00s Sys=0.00s Real=0.00s
[2022-05-19T10:15:45.285+0000][163][safepoint      ] Safepoint "G1Concurrent", Time since last: 23037000 ns, Reaching safepoint: 348700 ns, At safepoint: 960700 ns, Total: 1309400 ns
[2022-05-19T10:15:45.285+0000][163][gc,marking     ] GC(176) Concurrent Cleanup for Next Mark
[2022-05-19T10:15:45.285+0000][163][gc,marking     ] GC(176) Concurrent Cleanup for Next Mark 0.370ms
[2022-05-19T10:15:45.286+0000][163][gc             ] GC(176) Concurrent Mark Cycle 69.186ms
[2022-05-19T10:15:45.511+0000][163][gc,start       ] GC(177) Pause Young (Normal) (G1 Evacuation Pause)
[2022-05-19T10:15:45.512+0000][163][gc,task        ] GC(177) Using 10 workers of 10 for evacuation
[2022-05-19T10:15:45.512+0000][163][gc,age         ] GC(177) Desired survivor size 4194304 bytes, new threshold 8 (max threshold 15)
[2022-05-19T10:15:45.515+0000][163][gc,age         ] GC(177) Age table with threshold 8 (max threshold 15)
[2022-05-19T10:15:45.515+0000][163][gc,age         ] GC(177) - age   1:     526496 bytes,     526496 total
[2022-05-19T10:15:45.515+0000][163][gc,age         ] GC(177) - age   2:     623328 bytes,    1149824 total
[2022-05-19T10:15:45.515+0000][163][gc,age         ] GC(177) - age   3:     557712 bytes,    1707536 total
[2022-05-19T10:15:45.515+0000][163][gc,age         ] GC(177) - age   4:     590112 bytes,    2297648 total
[2022-05-19T10:15:45.516+0000][163][gc,age         ] GC(177) - age   5:     590176 bytes,    2887824 total
[2022-05-19T10:15:45.516+0000][163][gc,age         ] GC(177) - age   6:     590112 bytes,    3477936 total
[2022-05-19T10:15:45.516+0000][163][gc,age         ] GC(177) - age   7:     590112 bytes,    4068048 total
[2022-05-19T10:15:45.516+0000][163][gc,age         ] GC(177) - age   8:     557360 bytes,    4625408 total
[2022-05-19T10:15:45.516+0000][163][gc,phases      ] GC(177)   Pre Evacuate Collection Set: 0.2ms
[2022-05-19T10:15:45.517+0000][163][gc,phases      ] GC(177)   Merge Heap Roots: 0.2ms
[2022-05-19T10:15:45.517+0000][163][gc,phases      ] GC(177)   Evacuate Collection Set: 1.2ms
[2022-05-19T10:15:45.517+0000][163][gc,phases      ] GC(177)   Post Evacuate Collection Set: 0.9ms
[2022-05-19T10:15:45.517+0000][163][gc,phases      ] GC(177)   Other: 2.6ms
[2022-05-19T10:15:45.517+0000][163][gc,heap        ] GC(177) Eden regions: 9->0(9)
[2022-05-19T10:15:45.517+0000][163][gc,heap        ] GC(177) Survivor regions: 2->2(2)
[2022-05-19T10:15:45.518+0000][163][gc,heap        ] GC(177) Old regions: 59->59
[2022-05-19T10:15:45.518+0000][163][gc,heap        ] GC(177) Archive regions: 2->2
[2022-05-19T10:15:45.518+0000][163][gc,heap        ] GC(177) Humongous regions: 34->34
[2022-05-19T10:15:45.518+0000][163][gc,metaspace   ] GC(177) Metaspace: 100827K(102464K)->100827K(102464K) NonClass: 86936K(87936K)->86936K(87936K) Class: 13891K(14528K)->13891K(14528K)
[2022-05-19T10:15:45.518+0000][163][gc             ] GC(177) Pause Young (Normal) (G1 Evacuation Pause) 409M->373M(512M) 6.917ms
[2022-05-19T10:15:45.518+0000][163][gc,cpu         ] GC(177) User=0.02s Sys=0.00s Real=0.01s
[2022-05-19T10:15:45.519+0000][163][safepoint      ] Safepoint "G1CollectForAllocation", Time since last: 225979500 ns, Reaching safepoint: 309700 ns, At safepoint: 7375300 ns, Total: 7685000 ns
[2022-05-19T10:15:45.797+0000][163][gc,start       ] GC(178) Pause Young (Concurrent Start) (G1 Evacuation Pause)
[2022-05-19T10:15:45.797+0000][163][gc,task        ] GC(178) Using 10 workers of 10 for evacuation
[2022-05-19T10:15:45.798+0000][163][gc,age         ] GC(178) Desired survivor size 4194304 bytes, new threshold 8 (max threshold 15)
[2022-05-19T10:15:45.801+0000][163][gc,age         ] GC(178) Age table with threshold 8 (max threshold 15)
[2022-05-19T10:15:45.801+0000][163][gc,age         ] GC(178) - age   1:     524840 bytes,     524840 total
[2022-05-19T10:15:45.801+0000][163][gc,age         ] GC(178) - age   2:     526144 bytes,    1050984 total
[2022-05-19T10:15:45.802+0000][163][gc,age         ] GC(178) - age   3:     623328 bytes,    1674312 total
[2022-05-19T10:15:45.802+0000][163][gc,age         ] GC(178) - age   4:     557712 bytes,    2232024 total
[2022-05-19T10:15:45.802+0000][163][gc,age         ] GC(178) - age   5:     590112 bytes,    2822136 total
[2022-05-19T10:15:45.802+0000][163][gc,age         ] GC(178) - age   6:     590176 bytes,    3412312 total
[2022-05-19T10:15:45.802+0000][163][gc,age         ] GC(178) - age   7:     590112 bytes,    4002424 total
[2022-05-19T10:15:45.802+0000][163][gc,age         ] GC(178) - age   8:     590112 bytes,    4592536 total
[2022-05-19T10:15:45.803+0000][163][gc,phases      ] GC(178)   Pre Evacuate Collection Set: 0.3ms
[2022-05-19T10:15:45.803+0000][163][gc,phases      ] GC(178)   Merge Heap Roots: 0.3ms
[2022-05-19T10:15:45.803+0000][163][gc,phases      ] GC(178)   Evacuate Collection Set: 1.4ms
[2022-05-19T10:15:45.803+0000][163][gc,phases      ] GC(178)   Post Evacuate Collection Set: 0.7ms
[2022-05-19T10:15:45.803+0000][163][gc,phases      ] GC(178)   Other: 3.1ms
[2022-05-19T10:15:45.803+0000][163][gc,heap        ] GC(178) Eden regions: 9->0(9)
[2022-05-19T10:15:45.804+0000][163][gc,heap        ] GC(178) Survivor regions: 2->2(2)
[2022-05-19T10:15:45.804+0000][163][gc,heap        ] GC(178) Old regions: 59->59
[2022-05-19T10:15:45.804+0000][163][gc,heap        ] GC(178) Archive regions: 2->2
[2022-05-19T10:15:45.804+0000][163][gc,heap        ] GC(178) Humongous regions: 34->34
[2022-05-19T10:15:45.804+0000][163][gc,metaspace   ] GC(178) Metaspace: 100827K(102464K)->100827K(102464K) NonClass: 86936K(87936K)->86936K(87936K) Class: 13891K(14528K)->13891K(14528K)
[2022-05-19T10:15:45.804+0000][163][gc             ] GC(178) Pause Young (Concurrent Start) (G1 Evacuation Pause) 409M->374M(512M) 7.397ms
[2022-05-19T10:15:45.804+0000][163][gc,cpu         ] GC(178) User=0.02s Sys=0.00s Real=0.00s
[2022-05-19T10:15:45.805+0000][163][safepoint      ] Safepoint "G1CollectForAllocation", Time since last: 277993300 ns, Reaching safepoint: 245500 ns, At safepoint: 7815800 ns, Total: 8061300 ns
[2022-05-19T10:15:45.805+0000][163][gc             ] GC(179) Concurrent Mark Cycle
[2022-05-19T10:15:45.805+0000][163][gc,marking     ] GC(179) Concurrent Clear Claimed Marks
[2022-05-19T10:15:45.805+0000][163][gc,marking     ] GC(179) Concurrent Clear Claimed Marks 0.143ms
[2022-05-19T10:15:45.805+0000][163][gc,marking     ] GC(179) Concurrent Scan Root Regions
[2022-05-19T10:15:45.806+0000][163][gc,marking     ] GC(179) Concurrent Scan Root Regions 0.816ms
[2022-05-19T10:15:45.806+0000][163][gc,marking     ] GC(179) Concurrent Mark
[2022-05-19T10:15:45.806+0000][163][gc,marking     ] GC(179) Concurrent Mark From Roots
[2022-05-19T10:15:45.806+0000][163][gc,task        ] GC(179) Using 3 workers of 3 for marking
[2022-05-19T10:15:45.843+0000][163][gc,marking     ] GC(179) Concurrent Mark From Roots 36.320ms
[2022-05-19T10:15:45.843+0000][163][gc,marking     ] GC(179) Concurrent Preclean
[2022-05-19T10:15:45.844+0000][163][gc,marking     ] GC(179) Concurrent Preclean 0.769ms
[2022-05-19T10:15:45.844+0000][163][gc,start       ] GC(179) Pause Remark
[2022-05-19T10:15:45.847+0000][163][gc             ] GC(179) Pause Remark 379M->379M(512M) 3.084ms
[2022-05-19T10:15:45.848+0000][163][gc,cpu         ] GC(179) User=0.00s Sys=0.02s Real=0.01s
[2022-05-19T10:15:45.848+0000][163][safepoint      ] Safepoint "G1Concurrent", Time since last: 39240800 ns, Reaching safepoint: 347200 ns, At safepoint: 3544000 ns, Total: 3891200 ns
[2022-05-19T10:15:45.848+0000][163][gc,marking     ] GC(179) Concurrent Mark 41.859ms
[2022-05-19T10:15:45.848+0000][163][gc,marking     ] GC(179) Concurrent Rebuild Remembered Sets
[2022-05-19T10:15:45.867+0000][163][gc,marking     ] GC(179) Concurrent Rebuild Remembered Sets 18.779ms
[2022-05-19T10:15:45.868+0000][163][gc,start       ] GC(179) Pause Cleanup
[2022-05-19T10:15:45.868+0000][163][gc             ] GC(179) Pause Cleanup 381M->381M(512M) 0.580ms
[2022-05-19T10:15:45.869+0000][163][gc,cpu         ] GC(179) User=0.00s Sys=0.00s Real=0.00s
[2022-05-19T10:15:45.869+0000][163][safepoint      ] Safepoint "G1Concurrent", Time since last: 19559700 ns, Reaching safepoint: 349200 ns, At safepoint: 1187000 ns, Total: 1536200 ns
[2022-05-19T10:15:45.869+0000][163][gc,marking     ] GC(179) Concurrent Cleanup for Next Mark
[2022-05-19T10:15:45.870+0000][163][gc,marking     ] GC(179) Concurrent Cleanup for Next Mark 0.448ms
[2022-05-19T10:15:45.870+0000][163][gc             ] GC(179) Concurrent Mark Cycle 65.065ms
[2022-05-19T10:15:45.984+0000][163][gc,start       ] GC(180) Pause Young (Concurrent Start) (G1 Humongous Allocation)
[2022-05-19T10:15:45.984+0000][163][gc,task        ] GC(180) Using 10 workers of 10 for evacuation
[2022-05-19T10:15:45.985+0000][163][gc,age         ] GC(180) Desired survivor size 4194304 bytes, new threshold 8 (max threshold 15)
[2022-05-19T10:15:45.988+0000][163][gc,age         ] GC(180) Age table with threshold 8 (max threshold 15)
[2022-05-19T10:15:45.988+0000][163][gc,age         ] GC(180) - age   1:     331328 bytes,     331328 total
[2022-05-19T10:15:45.988+0000][163][gc,age         ] GC(180) - age   2:     524544 bytes,     855872 total
[2022-05-19T10:15:45.989+0000][163][gc,age         ] GC(180) - age   3:     526088 bytes,    1381960 total
[2022-05-19T10:15:45.989+0000][163][gc,age         ] GC(180) - age   4:     622960 bytes,    2004920 total
[2022-05-19T10:15:45.989+0000][163][gc,age         ] GC(180) - age   5:     557328 bytes,    2562248 total
[2022-05-19T10:15:45.989+0000][163][gc,age         ] GC(180) - age   6:     590112 bytes,    3152360 total
[2022-05-19T10:15:45.990+0000][163][gc,age         ] GC(180) - age   7:     590144 bytes,    3742504 total
[2022-05-19T10:15:45.990+0000][163][gc,age         ] GC(180) - age   8:     590112 bytes,    4332616 total
[2022-05-19T10:15:45.990+0000][163][gc,phases      ] GC(180)   Pre Evacuate Collection Set: 0.3ms
[2022-05-19T10:15:45.990+0000][163][gc,phases      ] GC(180)   Merge Heap Roots: 0.3ms
[2022-05-19T10:15:45.990+0000][163][gc,phases      ] GC(180)   Evacuate Collection Set: 1.5ms
[2022-05-19T10:15:45.991+0000][163][gc,phases      ] GC(180)   Post Evacuate Collection Set: 0.8ms
[2022-05-19T10:15:45.991+0000][163][gc,phases      ] GC(180)   Other: 3.4ms
[2022-05-19T10:15:45.991+0000][163][gc,heap        ] GC(180) Eden regions: 6->0(9)
[2022-05-19T10:15:45.991+0000][163][gc,heap        ] GC(180) Survivor regions: 2->2(2)
[2022-05-19T10:15:45.991+0000][163][gc,heap        ] GC(180) Old regions: 59->59
[2022-05-19T10:15:45.991+0000][163][gc,heap        ] GC(180) Archive regions: 2->2
[2022-05-19T10:15:45.991+0000][163][gc,heap        ] GC(180) Humongous regions: 34->34
[2022-05-19T10:15:45.992+0000][163][gc,metaspace   ] GC(180) Metaspace: 100827K(102464K)->100827K(102464K) NonClass: 86936K(87936K)->86936K(87936K) Class: 13891K(14528K)->13891K(14528K)
[2022-05-19T10:15:45.992+0000][163][gc             ] GC(180) Pause Young (Concurrent Start) (G1 Humongous Allocation) 396M->374M(512M) 7.811ms
[2022-05-19T10:15:45.992+0000][163][gc,cpu         ] GC(180) User=0.01s Sys=0.01s Real=0.01s
[2022-05-19T10:15:45.992+0000][163][gc             ] GC(181) Concurrent Mark Cycle
[2022-05-19T10:15:45.992+0000][163][gc,marking     ] GC(181) Concurrent Clear Claimed Marks
[2022-05-19T10:15:45.992+0000][163][safepoint      ] Safepoint "G1TryInitiateConcMark", Time since last: 114717900 ns, Reaching safepoint: 251700 ns, At safepoint: 8133400 ns, Total: 8385100 ns
[2022-05-19T10:15:45.992+0000][163][gc,marking     ] GC(181) Concurrent Clear Claimed Marks 0.171ms
[2022-05-19T10:15:45.992+0000][163][gc,marking     ] GC(181) Concurrent Scan Root Regions
[2022-05-19T10:15:45.994+0000][163][gc,marking     ] GC(181) Concurrent Scan Root Regions 1.202ms
[2022-05-19T10:15:45.994+0000][163][gc,marking     ] GC(181) Concurrent Mark
[2022-05-19T10:15:45.994+0000][163][gc,marking     ] GC(181) Concurrent Mark From Roots
[2022-05-19T10:15:45.994+0000][163][gc,task        ] GC(181) Using 3 workers of 3 for marking
[2022-05-19T10:15:46.032+0000][163][gc,marking     ] GC(181) Concurrent Mark From Roots 38.460ms
[2022-05-19T10:15:46.033+0000][163][gc,marking     ] GC(181) Concurrent Preclean
[2022-05-19T10:15:46.034+0000][163][gc,marking     ] GC(181) Concurrent Preclean 0.797ms
[2022-05-19T10:15:46.034+0000][163][gc,start       ] GC(181) Pause Remark
[2022-05-19T10:15:46.038+0000][163][gc             ] GC(181) Pause Remark 411M->411M(512M) 3.521ms
[2022-05-19T10:15:46.038+0000][163][gc,cpu         ] GC(181) User=0.01s Sys=0.01s Real=0.01s
[2022-05-19T10:15:46.038+0000][163][safepoint      ] Safepoint "G1Concurrent", Time since last: 41959400 ns, Reaching safepoint: 291300 ns, At safepoint: 4193600 ns, Total: 4484900 ns
[2022-05-19T10:15:46.039+0000][163][gc,marking     ] GC(181) Concurrent Mark 44.811ms
[2022-05-19T10:15:46.039+0000][163][gc,marking     ] GC(181) Concurrent Rebuild Remembered Sets
[2022-05-19T10:15:46.059+0000][163][gc,marking     ] GC(181) Concurrent Rebuild Remembered Sets 19.796ms
[2022-05-19T10:15:46.059+0000][163][gc,start       ] GC(181) Pause Cleanup
[2022-05-19T10:15:46.060+0000][163][gc             ] GC(181) Pause Cleanup 411M->411M(512M) 0.348ms
[2022-05-19T10:15:46.060+0000][163][gc,cpu         ] GC(181) User=0.00s Sys=0.00s Real=0.00s
[2022-05-19T10:15:46.060+0000][163][safepoint      ] Safepoint "G1Concurrent", Time since last: 20591200 ns, Reaching safepoint: 313300 ns, At safepoint: 710600 ns, Total: 1023900 ns
[2022-05-19T10:15:46.060+0000][163][gc,marking     ] GC(181) Concurrent Cleanup for Next Mark
[2022-05-19T10:15:46.061+0000][163][gc,marking     ] GC(181) Concurrent Cleanup for Next Mark 0.413ms
[2022-05-19T10:15:46.061+0000][163][gc             ] GC(181) Concurrent Mark Cycle 68.842ms
[2022-05-19T10:15:46.560+0000][163][gc,start       ] GC(182) Pause Young (Normal) (G1 Evacuation Pause)
[2022-05-19T10:15:46.560+0000][163][gc,task        ] GC(182) Using 10 workers of 10 for evacuation
[2022-05-19T10:15:46.561+0000][163][gc,age         ] GC(182) Desired survivor size 4194304 bytes, new threshold 8 (max threshold 15)
[2022-05-19T10:15:46.563+0000][163][gc,age         ] GC(182) Age table with threshold 8 (max threshold 15)
[2022-05-19T10:15:46.563+0000][163][gc,age         ] GC(182) - age   1:     400448 bytes,     400448 total
[2022-05-19T10:15:46.563+0000][163][gc,age         ] GC(182) - age   2:     331080 bytes,     731528 total
[2022-05-19T10:15:46.563+0000][163][gc,age         ] GC(182) - age   3:     524544 bytes,    1256072 total
[2022-05-19T10:15:46.563+0000][163][gc,age         ] GC(182) - age   4:     524728 bytes,    1780800 total
[2022-05-19T10:15:46.564+0000][163][gc,age         ] GC(182) - age   5:     622960 bytes,    2403760 total
[2022-05-19T10:15:46.564+0000][163][gc,age         ] GC(182) - age   6:     557328 bytes,    2961088 total
[2022-05-19T10:15:46.564+0000][163][gc,age         ] GC(182) - age   7:     590112 bytes,    3551200 total
[2022-05-19T10:15:46.564+0000][163][gc,age         ] GC(182) - age   8:     590144 bytes,    4141344 total
[2022-05-19T10:15:46.564+0000][163][gc,phases      ] GC(182)   Pre Evacuate Collection Set: 0.2ms
[2022-05-19T10:15:46.564+0000][163][gc,phases      ] GC(182)   Merge Heap Roots: 0.1ms
[2022-05-19T10:15:46.564+0000][163][gc,phases      ] GC(182)   Evacuate Collection Set: 0.9ms
[2022-05-19T10:15:46.565+0000][163][gc,phases      ] GC(182)   Post Evacuate Collection Set: 0.6ms
[2022-05-19T10:15:46.565+0000][163][gc,phases      ] GC(182)   Other: 2.2ms
[2022-05-19T10:15:46.565+0000][163][gc,heap        ] GC(182) Eden regions: 9->0(11)
[2022-05-19T10:15:46.565+0000][163][gc,heap        ] GC(182) Survivor regions: 2->1(2)
[2022-05-19T10:15:46.565+0000][163][gc,heap        ] GC(182) Old regions: 59->59
[2022-05-19T10:15:46.565+0000][163][gc,heap        ] GC(182) Archive regions: 2->2
[2022-05-19T10:15:46.565+0000][163][gc,heap        ] GC(182) Humongous regions: 43->34
[2022-05-19T10:15:46.565+0000][163][gc,metaspace   ] GC(182) Metaspace: 100829K(102464K)->100829K(102464K) NonClass: 86938K(87936K)->86938K(87936K) Class: 13891K(14528K)->13891K(14528K)
[2022-05-19T10:15:46.566+0000][163][gc             ] GC(182) Pause Young (Normal) (G1 Evacuation Pause) 446M->375M(512M) 5.425ms
[2022-05-19T10:15:46.566+0000][163][gc,cpu         ] GC(182) User=0.01s Sys=0.00s Real=0.01s
[2022-05-19T10:15:46.566+0000][163][safepoint      ] Safepoint "G1CollectForAllocation", Time since last: 499966600 ns, Reaching safepoint: 199200 ns, At safepoint: 5723600 ns, Total: 5922800 ns
[2022-05-19T10:15:46.737+0000][163][gc,start       ] GC(183) Pause Young (Concurrent Start) (G1 Evacuation Pause)
[2022-05-19T10:15:46.737+0000][163][gc,task        ] GC(183) Using 10 workers of 10 for evacuation
[2022-05-19T10:15:46.737+0000][163][gc,age         ] GC(183) Desired survivor size 4194304 bytes, new threshold 15 (max threshold 15)
[2022-05-19T10:15:46.740+0000][163][gc,age         ] GC(183) Age table with threshold 15 (max threshold 15)
[2022-05-19T10:15:46.740+0000][163][gc,age         ] GC(183) - age   1:      30752 bytes,      30752 total
[2022-05-19T10:15:46.740+0000][163][gc,age         ] GC(183) - age   2:     359808 bytes,     390560 total
[2022-05-19T10:15:46.740+0000][163][gc,age         ] GC(183) - age   3:     331080 bytes,     721640 total
[2022-05-19T10:15:46.740+0000][163][gc,age         ] GC(183) - age   4:     524544 bytes,    1246184 total
[2022-05-19T10:15:46.741+0000][163][gc,age         ] GC(183) - age   5:     524728 bytes,    1770912 total
[2022-05-19T10:15:46.741+0000][163][gc,age         ] GC(183) - age   6:     622960 bytes,    2393872 total
[2022-05-19T10:15:46.741+0000][163][gc,age         ] GC(183) - age   7:     557328 bytes,    2951200 total
[2022-05-19T10:15:46.741+0000][163][gc,age         ] GC(183) - age   8:     590112 bytes,    3541312 total
[2022-05-19T10:15:46.741+0000][163][gc,age         ] GC(183) - age   9:     590144 bytes,    4131456 total
[2022-05-19T10:15:46.741+0000][163][gc,phases      ] GC(183)   Pre Evacuate Collection Set: 0.2ms
[2022-05-19T10:15:46.741+0000][163][gc,phases      ] GC(183)   Merge Heap Roots: 0.2ms
[2022-05-19T10:15:46.742+0000][163][gc,phases      ] GC(183)   Evacuate Collection Set: 1.3ms
[2022-05-19T10:15:46.742+0000][163][gc,phases      ] GC(183)   Post Evacuate Collection Set: 0.6ms
[2022-05-19T10:15:46.742+0000][163][gc,phases      ] GC(183)   Other: 2.5ms
[2022-05-19T10:15:46.742+0000][163][gc,heap        ] GC(183) Eden regions: 11->0(11)
[2022-05-19T10:15:46.742+0000][163][gc,heap        ] GC(183) Survivor regions: 1->1(2)
[2022-05-19T10:15:46.742+0000][163][gc,heap        ] GC(183) Old regions: 59->59
[2022-05-19T10:15:46.743+0000][163][gc,heap        ] GC(183) Archive regions: 2->2
[2022-05-19T10:15:46.743+0000][163][gc,heap        ] GC(183) Humongous regions: 34->34
[2022-05-19T10:15:46.743+0000][163][gc,metaspace   ] GC(183) Metaspace: 100829K(102464K)->100829K(102464K) NonClass: 86938K(87936K)->86938K(87936K) Class: 13891K(14528K)->13891K(14528K)
[2022-05-19T10:15:46.743+0000][163][gc             ] GC(183) Pause Young (Concurrent Start) (G1 Evacuation Pause) 419M->375M(512M) 6.435ms
[2022-05-19T10:15:46.743+0000][163][gc,cpu         ] GC(183) User=0.02s Sys=0.00s Real=0.00s
[2022-05-19T10:15:46.743+0000][163][gc             ] GC(184) Concurrent Mark Cycle
[2022-05-19T10:15:46.743+0000][163][gc,marking     ] GC(184) Concurrent Clear Claimed Marks
[2022-05-19T10:15:46.743+0000][163][safepoint      ] Safepoint "G1CollectForAllocation", Time since last: 170475400 ns, Reaching safepoint: 185100 ns, At safepoint: 6764800 ns, Total: 6949900 ns
[2022-05-19T10:15:46.744+0000][163][gc,marking     ] GC(184) Concurrent Clear Claimed Marks 0.186ms
[2022-05-19T10:15:46.744+0000][163][gc,marking     ] GC(184) Concurrent Scan Root Regions
[2022-05-19T10:15:46.745+0000][163][gc,marking     ] GC(184) Concurrent Scan Root Regions 0.900ms
[2022-05-19T10:15:46.745+0000][163][gc,marking     ] GC(184) Concurrent Mark
[2022-05-19T10:15:46.745+0000][163][gc,marking     ] GC(184) Concurrent Mark From Roots
[2022-05-19T10:15:46.745+0000][163][gc,task        ] GC(184) Using 3 workers of 3 for marking
[2022-05-19T10:15:46.790+0000][163][gc,marking     ] GC(184) Concurrent Mark From Roots 45.273ms
[2022-05-19T10:15:46.791+0000][163][gc,marking     ] GC(184) Concurrent Preclean
[2022-05-19T10:15:46.791+0000][163][gc,marking     ] GC(184) Concurrent Preclean 0.633ms
[2022-05-19T10:15:46.792+0000][163][gc,start       ] GC(184) Pause Remark
[2022-05-19T10:15:46.795+0000][163][gc             ] GC(184) Pause Remark 393M->393M(512M) 3.271ms
[2022-05-19T10:15:46.795+0000][163][gc,cpu         ] GC(184) User=0.02s Sys=0.01s Real=0.01s
[2022-05-19T10:15:46.796+0000][163][safepoint      ] Safepoint "G1Concurrent", Time since last: 48043300 ns, Reaching safepoint: 306200 ns, At safepoint: 3856900 ns, Total: 4163100 ns
[2022-05-19T10:15:46.796+0000][163][gc,marking     ] GC(184) Concurrent Mark 50.894ms
[2022-05-19T10:15:46.796+0000][163][gc,marking     ] GC(184) Concurrent Rebuild Remembered Sets
[2022-05-19T10:15:46.818+0000][163][gc,marking     ] GC(184) Concurrent Rebuild Remembered Sets 22.038ms
[2022-05-19T10:15:46.819+0000][163][gc,start       ] GC(184) Pause Cleanup
[2022-05-19T10:15:46.819+0000][163][gc             ] GC(184) Pause Cleanup 400M->400M(512M) 0.489ms
[2022-05-19T10:15:46.819+0000][163][gc,cpu         ] GC(184) User=0.00s Sys=0.00s Real=0.00s
[2022-05-19T10:15:46.820+0000][163][safepoint      ] Safepoint "G1Concurrent", Time since last: 22796100 ns, Reaching safepoint: 287400 ns, At safepoint: 1182500 ns, Total: 1469900 ns
[2022-05-19T10:15:46.820+0000][163][gc,marking     ] GC(184) Concurrent Cleanup for Next Mark
[2022-05-19T10:15:46.821+0000][163][gc,marking     ] GC(184) Concurrent Cleanup for Next Mark 0.552ms
[2022-05-19T10:15:46.821+0000][163][gc             ] GC(184) Concurrent Mark Cycle 77.640ms
[2022-05-19T10:15:46.906+0000][163][gc,start       ] GC(185) Pause Young (Normal) (G1 Evacuation Pause)
[2022-05-19T10:15:46.906+0000][163][gc,task        ] GC(185) Using 10 workers of 10 for evacuation
[2022-05-19T10:15:46.906+0000][163][gc,age         ] GC(185) Desired survivor size 4194304 bytes, new threshold 15 (max threshold 15)
[2022-05-19T10:15:46.908+0000][163][gc,age         ] GC(185) Age table with threshold 15 (max threshold 15)
[2022-05-19T10:15:46.908+0000][163][gc,age         ] GC(185) - age   1:      44000 bytes,      44000 total
[2022-05-19T10:15:46.909+0000][163][gc,age         ] GC(185) - age   2:      13816 bytes,      57816 total
[2022-05-19T10:15:46.909+0000][163][gc,age         ] GC(185) - age   3:     358816 bytes,     416632 total
[2022-05-19T10:15:46.909+0000][163][gc,age         ] GC(185) - age   4:     330696 bytes,     747328 total
[2022-05-19T10:15:46.909+0000][163][gc,age         ] GC(185) - age   5:     524544 bytes,    1271872 total
[2022-05-19T10:15:46.909+0000][163][gc,age         ] GC(185) - age   6:     524728 bytes,    1796600 total
[2022-05-19T10:15:46.909+0000][163][gc,age         ] GC(185) - age   7:     622960 bytes,    2419560 total
[2022-05-19T10:15:46.910+0000][163][gc,age         ] GC(185) - age   8:     557328 bytes,    2976888 total
[2022-05-19T10:15:46.910+0000][163][gc,age         ] GC(185) - age   9:     590112 bytes,    3567000 total
[2022-05-19T10:15:46.910+0000][163][gc,age         ] GC(185) - age  10:     590144 bytes,    4157144 total
[2022-05-19T10:15:46.910+0000][163][gc,phases      ] GC(185)   Pre Evacuate Collection Set: 0.2ms
[2022-05-19T10:15:46.910+0000][163][gc,phases      ] GC(185)   Merge Heap Roots: 0.1ms
[2022-05-19T10:15:46.910+0000][163][gc,phases      ] GC(185)   Evacuate Collection Set: 0.9ms
[2022-05-19T10:15:46.911+0000][163][gc,phases      ] GC(185)   Post Evacuate Collection Set: 0.6ms
[2022-05-19T10:15:46.911+0000][163][gc,phases      ] GC(185)   Other: 2.2ms
[2022-05-19T10:15:46.911+0000][163][gc,heap        ] GC(185) Eden regions: 11->0(11)
[2022-05-19T10:15:46.911+0000][163][gc,heap        ] GC(185) Survivor regions: 1->1(2)
[2022-05-19T10:15:46.911+0000][163][gc,heap        ] GC(185) Old regions: 59->59
[2022-05-19T10:15:46.911+0000][163][gc,heap        ] GC(185) Archive regions: 2->2
[2022-05-19T10:15:46.911+0000][163][gc,heap        ] GC(185) Humongous regions: 34->34
[2022-05-19T10:15:46.911+0000][163][gc,metaspace   ] GC(185) Metaspace: 100829K(102464K)->100829K(102464K) NonClass: 86938K(87936K)->86938K(87936K) Class: 13891K(14528K)->13891K(14528K)
[2022-05-19T10:15:46.912+0000][163][gc             ] GC(185) Pause Young (Normal) (G1 Evacuation Pause) 419M->375M(512M) 5.584ms
[2022-05-19T10:15:46.912+0000][163][gc,cpu         ] GC(185) User=0.02s Sys=0.00s Real=0.00s
[2022-05-19T10:15:46.912+0000][163][safepoint      ] Safepoint "G1CollectForAllocation", Time since last: 86025500 ns, Reaching safepoint: 192400 ns, At safepoint: 5898400 ns, Total: 6090800 ns
[2022-05-19T10:15:47.034+0000][163][gc,start       ] GC(186) Pause Young (Concurrent Start) (G1 Evacuation Pause)
[2022-05-19T10:15:47.034+0000][163][gc,task        ] GC(186) Using 10 workers of 10 for evacuation
[2022-05-19T10:15:47.034+0000][163][gc,age         ] GC(186) Desired survivor size 4194304 bytes, new threshold 15 (max threshold 15)
[2022-05-19T10:15:47.037+0000][163][gc,age         ] GC(186) Age table with threshold 15 (max threshold 15)
[2022-05-19T10:15:47.037+0000][163][gc,age         ] GC(186) - age   1:      40496 bytes,      40496 total
[2022-05-19T10:15:47.037+0000][163][gc,age         ] GC(186) - age   2:      10496 bytes,      50992 total
[2022-05-19T10:15:47.038+0000][163][gc,age         ] GC(186) - age   3:      13816 bytes,      64808 total
[2022-05-19T10:15:47.038+0000][163][gc,age         ] GC(186) - age   4:     358816 bytes,     423624 total
[2022-05-19T10:15:47.038+0000][163][gc,age         ] GC(186) - age   5:     330328 bytes,     753952 total
[2022-05-19T10:15:47.038+0000][163][gc,age         ] GC(186) - age   6:     524544 bytes,    1278496 total
[2022-05-19T10:15:47.038+0000][163][gc,age         ] GC(186) - age   7:     524728 bytes,    1803224 total
[2022-05-19T10:15:47.038+0000][163][gc,age         ] GC(186) - age   8:     622928 bytes,    2426152 total
[2022-05-19T10:15:47.038+0000][163][gc,age         ] GC(186) - age   9:     557328 bytes,    2983480 total
[2022-05-19T10:15:47.038+0000][163][gc,age         ] GC(186) - age  10:     590112 bytes,    3573592 total
[2022-05-19T10:15:47.039+0000][163][gc,age         ] GC(186) - age  11:     590144 bytes,    4163736 total
[2022-05-19T10:15:47.039+0000][163][gc,phases      ] GC(186)   Pre Evacuate Collection Set: 0.3ms
[2022-05-19T10:15:47.039+0000][163][gc,phases      ] GC(186)   Merge Heap Roots: 0.1ms
[2022-05-19T10:15:47.039+0000][163][gc,phases      ] GC(186)   Evacuate Collection Set: 1.4ms
[2022-05-19T10:15:47.039+0000][163][gc,phases      ] GC(186)   Post Evacuate Collection Set: 0.6ms
[2022-05-19T10:15:47.039+0000][163][gc,phases      ] GC(186)   Other: 2.5ms
[2022-05-19T10:15:47.039+0000][163][gc,heap        ] GC(186) Eden regions: 11->0(11)
[2022-05-19T10:15:47.039+0000][163][gc,heap        ] GC(186) Survivor regions: 1->1(2)
[2022-05-19T10:15:47.040+0000][163][gc,heap        ] GC(186) Old regions: 59->59
[2022-05-19T10:15:47.040+0000][163][gc,heap        ] GC(186) Archive regions: 2->2
[2022-05-19T10:15:47.040+0000][163][gc,heap        ] GC(186) Humongous regions: 34->34
[2022-05-19T10:15:47.040+0000][163][gc,metaspace   ] GC(186) Metaspace: 100829K(102464K)->100829K(102464K) NonClass: 86938K(87936K)->86938K(87936K) Class: 13891K(14528K)->13891K(14528K)
[2022-05-19T10:15:47.040+0000][163][gc             ] GC(186) Pause Young (Concurrent Start) (G1 Evacuation Pause) 419M->375M(512M) 6.203ms
[2022-05-19T10:15:47.040+0000][163][gc,cpu         ] GC(186) User=0.01s Sys=0.00s Real=0.01s
[2022-05-19T10:15:47.040+0000][163][gc             ] GC(187) Concurrent Mark Cycle
[2022-05-19T10:15:47.040+0000][163][safepoint      ] Safepoint "G1CollectForAllocation", Time since last: 121699400 ns, Reaching safepoint: 179500 ns, At safepoint: 6522900 ns, Total: 6702400 ns
[2022-05-19T10:15:47.040+0000][163][gc,marking     ] GC(187) Concurrent Clear Claimed Marks
[2022-05-19T10:15:47.041+0000][163][gc,marking     ] GC(187) Concurrent Clear Claimed Marks 0.323ms
[2022-05-19T10:15:47.041+0000][163][gc,marking     ] GC(187) Concurrent Scan Root Regions
[2022-05-19T10:15:47.042+0000][163][gc,marking     ] GC(187) Concurrent Scan Root Regions 0.929ms
[2022-05-19T10:15:47.042+0000][163][gc,marking     ] GC(187) Concurrent Mark
[2022-05-19T10:15:47.042+0000][163][gc,marking     ] GC(187) Concurrent Mark From Roots
[2022-05-19T10:15:47.042+0000][163][gc,task        ] GC(187) Using 3 workers of 3 for marking
[2022-05-19T10:15:47.079+0000][163][gc,marking     ] GC(187) Concurrent Mark From Roots 37.056ms
[2022-05-19T10:15:47.079+0000][163][gc,marking     ] GC(187) Concurrent Preclean
[2022-05-19T10:15:47.080+0000][163][gc,marking     ] GC(187) Concurrent Preclean 0.575ms
[2022-05-19T10:15:47.080+0000][163][gc,start       ] GC(187) Pause Remark
[2022-05-19T10:15:47.083+0000][163][gc             ] GC(187) Pause Remark 386M->386M(512M) 2.726ms
[2022-05-19T10:15:47.083+0000][163][gc,cpu         ] GC(187) User=0.03s Sys=0.00s Real=0.00s
[2022-05-19T10:15:47.084+0000][163][safepoint      ] Safepoint "G1Concurrent", Time since last: 39812300 ns, Reaching safepoint: 258500 ns, At safepoint: 3138100 ns, Total: 3396600 ns
[2022-05-19T10:15:47.084+0000][163][gc,marking     ] GC(187) Concurrent Mark 41.775ms
[2022-05-19T10:15:47.084+0000][163][gc,marking     ] GC(187) Concurrent Rebuild Remembered Sets
[2022-05-19T10:15:47.103+0000][163][gc,marking     ] GC(187) Concurrent Rebuild Remembered Sets 18.709ms
[2022-05-19T10:15:47.103+0000][163][gc,start       ] GC(187) Pause Cleanup
[2022-05-19T10:15:47.104+0000][163][gc             ] GC(187) Pause Cleanup 393M->393M(512M) 0.424ms
[2022-05-19T10:15:47.104+0000][163][gc,cpu         ] GC(187) User=0.00s Sys=0.00s Real=0.00s
[2022-05-19T10:15:47.104+0000][163][safepoint      ] Safepoint "G1Concurrent", Time since last: 19383600 ns, Reaching safepoint: 307400 ns, At safepoint: 873000 ns, Total: 1180400 ns
[2022-05-19T10:15:47.104+0000][163][gc,marking     ] GC(187) Concurrent Cleanup for Next Mark
[2022-05-19T10:15:47.105+0000][163][gc,marking     ] GC(187) Concurrent Cleanup for Next Mark 0.311ms
[2022-05-19T10:15:47.105+0000][163][gc             ] GC(187) Concurrent Mark Cycle 64.466ms
[2022-05-19T10:15:47.231+0000][163][gc,start       ] GC(188) Pause Young (Normal) (G1 Evacuation Pause)
[2022-05-19T10:15:47.231+0000][163][gc,task        ] GC(188) Using 10 workers of 10 for evacuation
[2022-05-19T10:15:47.231+0000][163][gc,age         ] GC(188) Desired survivor size 4194304 bytes, new threshold 15 (max threshold 15)
[2022-05-19T10:15:47.233+0000][163][gc,age         ] GC(188) Age table with threshold 15 (max threshold 15)
[2022-05-19T10:15:47.233+0000][163][gc,age         ] GC(188) - age   1:      61776 bytes,      61776 total
[2022-05-19T10:15:47.233+0000][163][gc,age         ] GC(188) - age   2:      12848 bytes,      74624 total
[2022-05-19T10:15:47.234+0000][163][gc,age         ] GC(188) - age   3:      10472 bytes,      85096 total
[2022-05-19T10:15:47.234+0000][163][gc,age         ] GC(188) - age   4:      13816 bytes,      98912 total
[2022-05-19T10:15:47.234+0000][163][gc,age         ] GC(188) - age   5:     357416 bytes,     456328 total
[2022-05-19T10:15:47.234+0000][163][gc,age         ] GC(188) - age   6:     330328 bytes,     786656 total
[2022-05-19T10:15:47.234+0000][163][gc,age         ] GC(188) - age   7:     524544 bytes,    1311200 total
[2022-05-19T10:15:47.234+0000][163][gc,age         ] GC(188) - age   8:     524728 bytes,    1835928 total
[2022-05-19T10:15:47.234+0000][163][gc,age         ] GC(188) - age   9:     622928 bytes,    2458856 total
[2022-05-19T10:15:47.234+0000][163][gc,age         ] GC(188) - age  10:     557328 bytes,    3016184 total
[2022-05-19T10:15:47.235+0000][163][gc,age         ] GC(188) - age  11:     590112 bytes,    3606296 total
[2022-05-19T10:15:47.235+0000][163][gc,age         ] GC(188) - age  12:     590144 bytes,    4196440 total
[2022-05-19T10:15:47.235+0000][163][gc,phases      ] GC(188)   Pre Evacuate Collection Set: 0.2ms
[2022-05-19T10:15:47.235+0000][163][gc,phases      ] GC(188)   Merge Heap Roots: 0.2ms
[2022-05-19T10:15:47.235+0000][163][gc,phases      ] GC(188)   Evacuate Collection Set: 0.9ms
[2022-05-19T10:15:47.235+0000][163][gc,phases      ] GC(188)   Post Evacuate Collection Set: 0.6ms
[2022-05-19T10:15:47.235+0000][163][gc,phases      ] GC(188)   Other: 2.2ms
[2022-05-19T10:15:47.235+0000][163][gc,heap        ] GC(188) Eden regions: 11->0(9)
[2022-05-19T10:15:47.236+0000][163][gc,heap        ] GC(188) Survivor regions: 1->2(2)
[2022-05-19T10:15:47.236+0000][163][gc,heap        ] GC(188) Old regions: 59->59
[2022-05-19T10:15:47.236+0000][163][gc,heap        ] GC(188) Archive regions: 2->2
[2022-05-19T10:15:47.236+0000][163][gc,heap        ] GC(188) Humongous regions: 34->34
[2022-05-19T10:15:47.236+0000][163][gc,metaspace   ] GC(188) Metaspace: 100829K(102464K)->100829K(102464K) NonClass: 86938K(87936K)->86938K(87936K) Class: 13891K(14528K)->13891K(14528K)
[2022-05-19T10:15:47.236+0000][163][gc             ] GC(188) Pause Young (Normal) (G1 Evacuation Pause) 419M->375M(512M) 5.267ms
[2022-05-19T10:15:47.236+0000][163][gc,cpu         ] GC(188) User=0.01s Sys=0.00s Real=0.01s
[2022-05-19T10:15:47.236+0000][163][safepoint      ] Safepoint "G1CollectForAllocation", Time since last: 126568200 ns, Reaching safepoint: 184000 ns, At safepoint: 5580000 ns, Total: 5764000 ns
[2022-05-19T10:15:47.416+0000][163][gc,start       ] GC(189) Pause Young (Concurrent Start) (G1 Evacuation Pause)
[2022-05-19T10:15:47.416+0000][163][gc,task        ] GC(189) Using 10 workers of 10 for evacuation
[2022-05-19T10:15:47.416+0000][163][gc,age         ] GC(189) Desired survivor size 4194304 bytes, new threshold 12 (max threshold 15)
[2022-05-19T10:15:47.418+0000][163][gc,age         ] GC(189) Age table with threshold 12 (max threshold 15)
[2022-05-19T10:15:47.418+0000][163][gc,age         ] GC(189) - age   1:      45640 bytes,      45640 total
[2022-05-19T10:15:47.419+0000][163][gc,age         ] GC(189) - age   2:      12344 bytes,      57984 total
[2022-05-19T10:15:47.419+0000][163][gc,age         ] GC(189) - age   3:      12816 bytes,      70800 total
[2022-05-19T10:15:47.419+0000][163][gc,age         ] GC(189) - age   4:      10472 bytes,      81272 total
[2022-05-19T10:15:47.419+0000][163][gc,age         ] GC(189) - age   5:      13816 bytes,      95088 total
[2022-05-19T10:15:47.419+0000][163][gc,age         ] GC(189) - age   6:     356056 bytes,     451144 total
[2022-05-19T10:15:47.419+0000][163][gc,age         ] GC(189) - age   7:     330328 bytes,     781472 total
[2022-05-19T10:15:47.419+0000][163][gc,age         ] GC(189) - age   8:     524544 bytes,    1306016 total
[2022-05-19T10:15:47.419+0000][163][gc,age         ] GC(189) - age   9:     524728 bytes,    1830744 total
[2022-05-19T10:15:47.419+0000][163][gc,age         ] GC(189) - age  10:     622928 bytes,    2453672 total
[2022-05-19T10:15:47.420+0000][163][gc,age         ] GC(189) - age  11:     557328 bytes,    3011000 total
[2022-05-19T10:15:47.420+0000][163][gc,age         ] GC(189) - age  12:     590112 bytes,    3601112 total
[2022-05-19T10:15:47.420+0000][163][gc,phases      ] GC(189)   Pre Evacuate Collection Set: 0.2ms
[2022-05-19T10:15:47.420+0000][163][gc,phases      ] GC(189)   Merge Heap Roots: 0.2ms
[2022-05-19T10:15:47.420+0000][163][gc,phases      ] GC(189)   Evacuate Collection Set: 1.2ms
[2022-05-19T10:15:47.420+0000][163][gc,phases      ] GC(189)   Post Evacuate Collection Set: 0.6ms
[2022-05-19T10:15:47.420+0000][163][gc,phases      ] GC(189)   Other: 2.1ms
[2022-05-19T10:15:47.420+0000][163][gc,heap        ] GC(189) Eden regions: 9->0(11)
[2022-05-19T10:15:47.421+0000][163][gc,heap        ] GC(189) Survivor regions: 2->1(2)
[2022-05-19T10:15:47.421+0000][163][gc,heap        ] GC(189) Old regions: 59->59
[2022-05-19T10:15:47.421+0000][163][gc,heap        ] GC(189) Archive regions: 2->2
[2022-05-19T10:15:47.421+0000][163][gc,heap        ] GC(189) Humongous regions: 34->34
[2022-05-19T10:15:47.421+0000][163][gc,metaspace   ] GC(189) Metaspace: 100829K(102464K)->100829K(102464K) NonClass: 86938K(87936K)->86938K(87936K) Class: 13891K(14528K)->13891K(14528K)
[2022-05-19T10:15:47.421+0000][163][gc             ] GC(189) Pause Young (Concurrent Start) (G1 Evacuation Pause) 411M->375M(512M) 5.664ms
[2022-05-19T10:15:47.421+0000][163][gc,cpu         ] GC(189) User=0.01s Sys=0.00s Real=0.00s
[2022-05-19T10:15:47.422+0000][163][safepoint      ] Safepoint "G1CollectForAllocation", Time since last: 178881400 ns, Reaching safepoint: 184300 ns, At safepoint: 6026800 ns, Total: 6211100 ns
[2022-05-19T10:15:47.422+0000][163][gc             ] GC(190) Concurrent Mark Cycle
[2022-05-19T10:15:47.422+0000][163][gc,marking     ] GC(190) Concurrent Clear Claimed Marks
[2022-05-19T10:15:47.422+0000][163][gc,marking     ] GC(190) Concurrent Clear Claimed Marks 0.173ms
[2022-05-19T10:15:47.422+0000][163][gc,marking     ] GC(190) Concurrent Scan Root Regions
[2022-05-19T10:15:47.423+0000][163][gc,marking     ] GC(190) Concurrent Scan Root Regions 0.968ms
[2022-05-19T10:15:47.423+0000][163][gc,marking     ] GC(190) Concurrent Mark
[2022-05-19T10:15:47.423+0000][163][gc,marking     ] GC(190) Concurrent Mark From Roots
[2022-05-19T10:15:47.424+0000][163][gc,task        ] GC(190) Using 3 workers of 3 for marking
[2022-05-19T10:15:47.472+0000][163][gc,marking     ] GC(190) Concurrent Mark From Roots 48.430ms
[2022-05-19T10:15:47.472+0000][163][gc,marking     ] GC(190) Concurrent Preclean
[2022-05-19T10:15:47.473+0000][163][gc,marking     ] GC(190) Concurrent Preclean 0.690ms
[2022-05-19T10:15:47.473+0000][163][gc,start       ] GC(190) Pause Remark
[2022-05-19T10:15:47.477+0000][163][gc             ] GC(190) Pause Remark 388M->388M(512M) 3.261ms
[2022-05-19T10:15:47.477+0000][163][gc,cpu         ] GC(190) User=0.03s Sys=0.00s Real=0.01s
[2022-05-19T10:15:47.477+0000][163][safepoint      ] Safepoint "G1Concurrent", Time since last: 51462200 ns, Reaching safepoint: 275400 ns, At safepoint: 3823500 ns, Total: 4098900 ns
[2022-05-19T10:15:47.477+0000][163][gc,marking     ] GC(190) Concurrent Mark 54.054ms
[2022-05-19T10:15:47.477+0000][163][gc,marking     ] GC(190) Concurrent Rebuild Remembered Sets
[2022-05-19T10:15:47.498+0000][163][gc,marking     ] GC(190) Concurrent Rebuild Remembered Sets 20.072ms
[2022-05-19T10:15:47.498+0000][163][gc,start       ] GC(190) Pause Cleanup
[2022-05-19T10:15:47.498+0000][163][gc             ] GC(190) Pause Cleanup 390M->390M(512M) 0.390ms
[2022-05-19T10:15:47.499+0000][163][gc,cpu         ] GC(190) User=0.00s Sys=0.00s Real=0.00s
[2022-05-19T10:15:47.499+0000][163][safepoint      ] Safepoint "G1Concurrent", Time since last: 20776400 ns, Reaching safepoint: 192500 ns, At safepoint: 873200 ns, Total: 1065700 ns
[2022-05-19T10:15:47.499+0000][163][gc,marking     ] GC(190) Concurrent Cleanup for Next Mark
[2022-05-19T10:15:47.500+0000][163][gc,marking     ] GC(190) Concurrent Cleanup for Next Mark 0.499ms
[2022-05-19T10:15:47.500+0000][163][gc             ] GC(190) Concurrent Mark Cycle 78.367ms
[2022-05-19T10:15:47.626+0000][163][gc,start       ] GC(191) Pause Young (Normal) (G1 Evacuation Pause)
[2022-05-19T10:15:47.627+0000][163][gc,task        ] GC(191) Using 10 workers of 10 for evacuation
[2022-05-19T10:15:47.627+0000][163][gc,age         ] GC(191) Desired survivor size 4194304 bytes, new threshold 15 (max threshold 15)
[2022-05-19T10:15:47.629+0000][163][gc,age         ] GC(191) Age table with threshold 15 (max threshold 15)
[2022-05-19T10:15:47.630+0000][163][gc,age         ] GC(191) - age   1:      69496 bytes,      69496 total
[2022-05-19T10:15:47.630+0000][163][gc,age         ] GC(191) - age   2:      11208 bytes,      80704 total
[2022-05-19T10:15:47.630+0000][163][gc,age         ] GC(191) - age   3:      12200 bytes,      92904 total
[2022-05-19T10:15:47.630+0000][163][gc,age         ] GC(191) - age   4:      12816 bytes,     105720 total
[2022-05-19T10:15:47.630+0000][163][gc,age         ] GC(191) - age   5:      10472 bytes,     116192 total
[2022-05-19T10:15:47.630+0000][163][gc,age         ] GC(191) - age   6:      11408 bytes,     127600 total
[2022-05-19T10:15:47.630+0000][163][gc,age         ] GC(191) - age   7:     356056 bytes,     483656 total
[2022-05-19T10:15:47.631+0000][163][gc,age         ] GC(191) - age   8:     330328 bytes,     813984 total
[2022-05-19T10:15:47.631+0000][163][gc,age         ] GC(191) - age   9:     524544 bytes,    1338528 total
[2022-05-19T10:15:47.631+0000][163][gc,age         ] GC(191) - age  10:     524728 bytes,    1863256 total
[2022-05-19T10:15:47.631+0000][163][gc,age         ] GC(191) - age  11:     622928 bytes,    2486184 total
[2022-05-19T10:15:47.631+0000][163][gc,age         ] GC(191) - age  12:     557328 bytes,    3043512 total
[2022-05-19T10:15:47.632+0000][163][gc,age         ] GC(191) - age  13:     590112 bytes,    3633624 total
[2022-05-19T10:15:47.632+0000][163][gc,phases      ] GC(191)   Pre Evacuate Collection Set: 0.2ms
[2022-05-19T10:15:47.632+0000][163][gc,phases      ] GC(191)   Merge Heap Roots: 0.2ms
[2022-05-19T10:15:47.632+0000][163][gc,phases      ] GC(191)   Evacuate Collection Set: 1.1ms
[2022-05-19T10:15:47.632+0000][163][gc,phases      ] GC(191)   Post Evacuate Collection Set: 0.8ms
[2022-05-19T10:15:47.632+0000][163][gc,phases      ] GC(191)   Other: 3.2ms
[2022-05-19T10:15:47.632+0000][163][gc,heap        ] GC(191) Eden regions: 11->0(11)
[2022-05-19T10:15:47.633+0000][163][gc,heap        ] GC(191) Survivor regions: 1->1(2)
[2022-05-19T10:15:47.633+0000][163][gc,heap        ] GC(191) Old regions: 59->59
[2022-05-19T10:15:47.633+0000][163][gc,heap        ] GC(191) Archive regions: 2->2
[2022-05-19T10:15:47.633+0000][163][gc,heap        ] GC(191) Humongous regions: 34->34
[2022-05-19T10:15:47.633+0000][163][gc,metaspace   ] GC(191) Metaspace: 100829K(102464K)->100829K(102464K) NonClass: 86938K(87936K)->86938K(87936K) Class: 13891K(14528K)->13891K(14528K)
[2022-05-19T10:15:47.633+0000][163][gc             ] GC(191) Pause Young (Normal) (G1 Evacuation Pause) 419M->375M(512M) 7.082ms
[2022-05-19T10:15:47.634+0000][163][gc,cpu         ] GC(191) User=0.01s Sys=0.00s Real=0.00s
[2022-05-19T10:15:47.634+0000][163][safepoint      ] Safepoint "G1CollectForAllocation", Time since last: 127236000 ns, Reaching safepoint: 213800 ns, At safepoint: 7539100 ns, Total: 7752900 ns
[2022-05-19T10:15:47.793+0000][163][gc,start       ] GC(192) Pause Young (Concurrent Start) (G1 Evacuation Pause)
[2022-05-19T10:15:47.793+0000][163][gc,task        ] GC(192) Using 10 workers of 10 for evacuation
[2022-05-19T10:15:47.794+0000][163][gc,age         ] GC(192) Desired survivor size 4194304 bytes, new threshold 15 (max threshold 15)
[2022-05-19T10:15:47.796+0000][163][gc,age         ] GC(192) Age table with threshold 15 (max threshold 15)
[2022-05-19T10:15:47.796+0000][163][gc,age         ] GC(192) - age   1:      46368 bytes,      46368 total
[2022-05-19T10:15:47.796+0000][163][gc,age         ] GC(192) - age   2:      18912 bytes,      65280 total
[2022-05-19T10:15:47.797+0000][163][gc,age         ] GC(192) - age   3:      11208 bytes,      76488 total
[2022-05-19T10:15:47.797+0000][163][gc,age         ] GC(192) - age   4:      12200 bytes,      88688 total
[2022-05-19T10:15:47.797+0000][163][gc,age         ] GC(192) - age   5:      12816 bytes,     101504 total
[2022-05-19T10:15:47.797+0000][163][gc,age         ] GC(192) - age   6:      10472 bytes,     111976 total
[2022-05-19T10:15:47.797+0000][163][gc,age         ] GC(192) - age   7:      11408 bytes,     123384 total
[2022-05-19T10:15:47.797+0000][163][gc,age         ] GC(192) - age   8:     356056 bytes,     479440 total
[2022-05-19T10:15:47.798+0000][163][gc,age         ] GC(192) - age   9:     330328 bytes,     809768 total
[2022-05-19T10:15:47.798+0000][163][gc,age         ] GC(192) - age  10:     524544 bytes,    1334312 total
[2022-05-19T10:15:47.798+0000][163][gc,age         ] GC(192) - age  11:     524728 bytes,    1859040 total
[2022-05-19T10:15:47.798+0000][163][gc,age         ] GC(192) - age  12:     622928 bytes,    2481968 total
[2022-05-19T10:15:47.798+0000][163][gc,age         ] GC(192) - age  13:     557328 bytes,    3039296 total
[2022-05-19T10:15:47.798+0000][163][gc,age         ] GC(192) - age  14:     590112 bytes,    3629408 total
[2022-05-19T10:15:47.798+0000][163][gc,phases      ] GC(192)   Pre Evacuate Collection Set: 0.2ms
[2022-05-19T10:15:47.799+0000][163][gc,phases      ] GC(192)   Merge Heap Roots: 0.1ms
[2022-05-19T10:15:47.799+0000][163][gc,phases      ] GC(192)   Evacuate Collection Set: 1.2ms
[2022-05-19T10:15:47.799+0000][163][gc,phases      ] GC(192)   Post Evacuate Collection Set: 0.6ms
[2022-05-19T10:15:47.799+0000][163][gc,phases      ] GC(192)   Other: 3.1ms
[2022-05-19T10:15:47.799+0000][163][gc,heap        ] GC(192) Eden regions: 11->0(11)
[2022-05-19T10:15:47.799+0000][163][gc,heap        ] GC(192) Survivor regions: 1->1(2)
[2022-05-19T10:15:47.799+0000][163][gc,heap        ] GC(192) Old regions: 59->59
[2022-05-19T10:15:47.799+0000][163][gc,heap        ] GC(192) Archive regions: 2->2
[2022-05-19T10:15:47.800+0000][163][gc,heap        ] GC(192) Humongous regions: 34->34
[2022-05-19T10:15:47.800+0000][163][gc,metaspace   ] GC(192) Metaspace: 100829K(102464K)->100829K(102464K) NonClass: 86938K(87936K)->86938K(87936K) Class: 13891K(14528K)->13891K(14528K)
[2022-05-19T10:15:47.800+0000][163][gc             ] GC(192) Pause Young (Concurrent Start) (G1 Evacuation Pause) 419M->375M(512M) 6.573ms
[2022-05-19T10:15:47.800+0000][163][gc,cpu         ] GC(192) User=0.01s Sys=0.00s Real=0.01s
[2022-05-19T10:15:47.800+0000][163][safepoint      ] Safepoint "G1CollectForAllocation", Time since last: 159068900 ns, Reaching safepoint: 210900 ns, At safepoint: 6876200 ns, Total: 7087100 ns
[2022-05-19T10:15:47.800+0000][163][gc             ] GC(193) Concurrent Mark Cycle
[2022-05-19T10:15:47.800+0000][163][gc,marking     ] GC(193) Concurrent Clear Claimed Marks
[2022-05-19T10:15:47.801+0000][163][gc,marking     ] GC(193) Concurrent Clear Claimed Marks 0.192ms
[2022-05-19T10:15:47.801+0000][163][gc,marking     ] GC(193) Concurrent Scan Root Regions
[2022-05-19T10:15:47.802+0000][163][gc,marking     ] GC(193) Concurrent Scan Root Regions 0.969ms
[2022-05-19T10:15:47.802+0000][163][gc,marking     ] GC(193) Concurrent Mark
[2022-05-19T10:15:47.802+0000][163][gc,marking     ] GC(193) Concurrent Mark From Roots
[2022-05-19T10:15:47.802+0000][163][gc,task        ] GC(193) Using 3 workers of 3 for marking
[2022-05-19T10:15:47.839+0000][163][gc,marking     ] GC(193) Concurrent Mark From Roots 37.420ms
[2022-05-19T10:15:47.840+0000][163][gc,marking     ] GC(193) Concurrent Preclean
[2022-05-19T10:15:47.841+0000][163][gc,marking     ] GC(193) Concurrent Preclean 0.757ms
[2022-05-19T10:15:47.841+0000][163][gc,start       ] GC(193) Pause Remark
[2022-05-19T10:15:47.844+0000][163][gc             ] GC(193) Pause Remark 393M->393M(512M) 3.282ms
[2022-05-19T10:15:47.845+0000][163][gc,cpu         ] GC(193) User=0.02s Sys=0.00s Real=0.00s
[2022-05-19T10:15:47.845+0000][163][safepoint      ] Safepoint "G1Concurrent", Time since last: 40714000 ns, Reaching safepoint: 192300 ns, At safepoint: 3875600 ns, Total: 4067900 ns
[2022-05-19T10:15:47.845+0000][163][gc,marking     ] GC(193) Concurrent Mark 43.199ms
[2022-05-19T10:15:47.845+0000][163][gc,marking     ] GC(193) Concurrent Rebuild Remembered Sets
[2022-05-19T10:15:47.869+0000][163][gc,marking     ] GC(193) Concurrent Rebuild Remembered Sets 23.253ms
[2022-05-19T10:15:47.869+0000][163][gc,start       ] GC(193) Pause Cleanup
[2022-05-19T10:15:47.870+0000][163][gc             ] GC(193) Pause Cleanup 400M->400M(512M) 0.432ms
[2022-05-19T10:15:47.870+0000][163][gc,cpu         ] GC(193) User=0.00s Sys=0.00s Real=0.00s
[2022-05-19T10:15:47.870+0000][163][safepoint      ] Safepoint "G1Concurrent", Time since last: 24014100 ns, Reaching safepoint: 288800 ns, At safepoint: 878900 ns, Total: 1167700 ns
[2022-05-19T10:15:47.870+0000][163][gc,marking     ] GC(193) Concurrent Cleanup for Next Mark
[2022-05-19T10:15:47.871+0000][163][gc,marking     ] GC(193) Concurrent Cleanup for Next Mark 0.477ms
[2022-05-19T10:15:47.871+0000][163][gc             ] GC(193) Concurrent Mark Cycle 70.932ms
[2022-05-19T10:15:47.918+0000][163][gc,start       ] GC(194) Pause Young (Normal) (G1 Evacuation Pause)
[2022-05-19T10:15:47.919+0000][163][gc,task        ] GC(194) Using 10 workers of 10 for evacuation
[2022-05-19T10:15:47.919+0000][163][gc,age         ] GC(194) Desired survivor size 4194304 bytes, new threshold 15 (max threshold 15)
[2022-05-19T10:15:47.921+0000][163][gc,age         ] GC(194) Age table with threshold 15 (max threshold 15)
[2022-05-19T10:15:47.921+0000][163][gc,age         ] GC(194) - age   1:      52752 bytes,      52752 total
[2022-05-19T10:15:47.921+0000][163][gc,age         ] GC(194) - age   2:      23616 bytes,      76368 total
[2022-05-19T10:15:47.921+0000][163][gc,age         ] GC(194) - age   3:      18912 bytes,      95280 total
[2022-05-19T10:15:47.921+0000][163][gc,age         ] GC(194) - age   4:      11176 bytes,     106456 total
[2022-05-19T10:15:47.921+0000][163][gc,age         ] GC(194) - age   5:      12200 bytes,     118656 total
[2022-05-19T10:15:47.922+0000][163][gc,age         ] GC(194) - age   6:      12816 bytes,     131472 total
[2022-05-19T10:15:47.922+0000][163][gc,age         ] GC(194) - age   7:      10088 bytes,     141560 total
[2022-05-19T10:15:47.922+0000][163][gc,age         ] GC(194) - age   8:      11408 bytes,     152968 total
[2022-05-19T10:15:47.922+0000][163][gc,age         ] GC(194) - age   9:     356056 bytes,     509024 total
[2022-05-19T10:15:47.922+0000][163][gc,age         ] GC(194) - age  10:     330328 bytes,     839352 total
[2022-05-19T10:15:47.922+0000][163][gc,age         ] GC(194) - age  11:     524544 bytes,    1363896 total
[2022-05-19T10:15:47.922+0000][163][gc,age         ] GC(194) - age  12:     524728 bytes,    1888624 total
[2022-05-19T10:15:47.923+0000][163][gc,age         ] GC(194) - age  13:     622928 bytes,    2511552 total
[2022-05-19T10:15:47.923+0000][163][gc,age         ] GC(194) - age  14:     557328 bytes,    3068880 total
[2022-05-19T10:15:47.923+0000][163][gc,age         ] GC(194) - age  15:     590112 bytes,    3658992 total
[2022-05-19T10:15:47.923+0000][163][gc,phases      ] GC(194)   Pre Evacuate Collection Set: 0.2ms
[2022-05-19T10:15:47.923+0000][163][gc,phases      ] GC(194)   Merge Heap Roots: 0.1ms
[2022-05-19T10:15:47.923+0000][163][gc,phases      ] GC(194)   Evacuate Collection Set: 0.8ms
[2022-05-19T10:15:47.924+0000][163][gc,phases      ] GC(194)   Post Evacuate Collection Set: 0.6ms
[2022-05-19T10:15:47.924+0000][163][gc,phases      ] GC(194)   Other: 2.9ms
[2022-05-19T10:15:47.924+0000][163][gc,heap        ] GC(194) Eden regions: 11->0(11)
[2022-05-19T10:15:47.924+0000][163][gc,heap        ] GC(194) Survivor regions: 1->1(2)
[2022-05-19T10:15:47.924+0000][163][gc,heap        ] GC(194) Old regions: 59->59
[2022-05-19T10:15:47.924+0000][163][gc,heap        ] GC(194) Archive regions: 2->2
[2022-05-19T10:15:47.924+0000][163][gc,heap        ] GC(194) Humongous regions: 34->34
[2022-05-19T10:15:47.925+0000][163][gc,metaspace   ] GC(194) Metaspace: 100829K(102464K)->100829K(102464K) NonClass: 86938K(87936K)->86938K(87936K) Class: 13891K(14528K)->13891K(14528K)
[2022-05-19T10:15:47.925+0000][163][gc             ] GC(194) Pause Young (Normal) (G1 Evacuation Pause) 419M->375M(512M) 6.341ms
[2022-05-19T10:15:47.925+0000][163][gc,cpu         ] GC(194) User=0.01s Sys=0.00s Real=0.01s
[2022-05-19T10:15:47.925+0000][163][safepoint      ] Safepoint "G1CollectForAllocation", Time since last: 48246000 ns, Reaching safepoint: 181900 ns, At safepoint: 6880800 ns, Total: 7062700 ns
[2022-05-19T10:15:48.718+0000][163][gc,start       ] GC(195) Pause Young (Concurrent Start) (G1 Evacuation Pause)
[2022-05-19T10:15:48.718+0000][163][gc,task        ] GC(195) Using 10 workers of 10 for evacuation
[2022-05-19T10:15:48.719+0000][163][gc,age         ] GC(195) Desired survivor size 4194304 bytes, new threshold 15 (max threshold 15)
[2022-05-19T10:15:48.723+0000][163][gc,age         ] GC(195) Age table with threshold 15 (max threshold 15)
[2022-05-19T10:15:48.723+0000][163][gc,age         ] GC(195) - age   1:    6293616 bytes,    6293616 total
[2022-05-19T10:15:48.723+0000][163][gc,age         ] GC(195) - age   2:        384 bytes,    6294000 total
[2022-05-19T10:15:48.724+0000][163][gc,age         ] GC(195) - age   7:        192 bytes,    6294192 total
[2022-05-19T10:15:48.724+0000][163][gc,age         ] GC(195) - age   8:        184 bytes,    6294376 total
[2022-05-19T10:15:48.724+0000][163][gc,age         ] GC(195) - age   9:        184 bytes,    6294560 total
[2022-05-19T10:15:48.724+0000][163][gc,age         ] GC(195) - age  10:       6112 bytes,    6300672 total
[2022-05-19T10:15:48.724+0000][163][gc,age         ] GC(195) - age  11:     330296 bytes,    6630968 total
[2022-05-19T10:15:48.724+0000][163][gc,age         ] GC(195) - age  12:     524544 bytes,    7155512 total
[2022-05-19T10:15:48.724+0000][163][gc,age         ] GC(195) - age  13:     295240 bytes,    7450752 total
[2022-05-19T10:15:48.725+0000][163][gc,age         ] GC(195) - age  14:     295088 bytes,    7745840 total
[2022-05-19T10:15:48.725+0000][163][gc,age         ] GC(195) - age  15:     557328 bytes,    8303168 total
[2022-05-19T10:15:48.725+0000][163][gc,phases      ] GC(195)   Pre Evacuate Collection Set: 0.2ms
[2022-05-19T10:15:48.725+0000][163][gc,phases      ] GC(195)   Merge Heap Roots: 0.2ms
[2022-05-19T10:15:48.725+0000][163][gc,phases      ] GC(195)   Evacuate Collection Set: 2.9ms
[2022-05-19T10:15:48.725+0000][163][gc,phases      ] GC(195)   Post Evacuate Collection Set: 0.9ms
[2022-05-19T10:15:48.725+0000][163][gc,phases      ] GC(195)   Other: 2.5ms
[2022-05-19T10:15:48.726+0000][163][gc,heap        ] GC(195) Eden regions: 11->0(4)
[2022-05-19T10:15:48.726+0000][163][gc,heap        ] GC(195) Survivor regions: 1->2(2)
[2022-05-19T10:15:48.726+0000][163][gc,heap        ] GC(195) Old regions: 59->63
[2022-05-19T10:15:48.726+0000][163][gc,heap        ] GC(195) Archive regions: 2->2
[2022-05-19T10:15:48.726+0000][163][gc,heap        ] GC(195) Humongous regions: 34->34
[2022-05-19T10:15:48.727+0000][163][gc,metaspace   ] GC(195) Metaspace: 100834K(102464K)->100834K(102464K) NonClass: 86943K(87936K)->86943K(87936K) Class: 13891K(14528K)->13891K(14528K)
[2022-05-19T10:15:48.727+0000][163][gc             ] GC(195) Pause Young (Concurrent Start) (G1 Evacuation Pause) 419M->393M(512M) 8.470ms
[2022-05-19T10:15:48.727+0000][163][gc,cpu         ] GC(195) User=0.03s Sys=0.00s Real=0.01s
[2022-05-19T10:15:48.727+0000][163][safepoint      ] Safepoint "G1CollectForAllocation", Time since last: 792774400 ns, Reaching safepoint: 189400 ns, At safepoint: 8973400 ns, Total: 9162800 ns
[2022-05-19T10:15:48.727+0000][163][gc             ] GC(196) Concurrent Mark Cycle
[2022-05-19T10:15:48.728+0000][163][gc,marking     ] GC(196) Concurrent Clear Claimed Marks
[2022-05-19T10:15:48.728+0000][163][gc,marking     ] GC(196) Concurrent Clear Claimed Marks 0.264ms
[2022-05-19T10:15:48.728+0000][163][gc,marking     ] GC(196) Concurrent Scan Root Regions
[2022-05-19T10:15:48.730+0000][163][gc,marking     ] GC(196) Concurrent Scan Root Regions 1.545ms
[2022-05-19T10:15:48.730+0000][163][gc,marking     ] GC(196) Concurrent Mark
[2022-05-19T10:15:48.730+0000][163][gc,marking     ] GC(196) Concurrent Mark From Roots
[2022-05-19T10:15:48.730+0000][163][gc,task        ] GC(196) Using 3 workers of 3 for marking
[2022-05-19T10:15:48.737+0000][163][gc,start       ] GC(197) Pause Young (Normal) (G1 Evacuation Pause)
[2022-05-19T10:15:48.738+0000][163][gc,task        ] GC(197) Using 10 workers of 10 for evacuation
[2022-05-19T10:15:48.738+0000][163][gc,age         ] GC(197) Desired survivor size 2097152 bytes, new threshold 1 (max threshold 15)
[2022-05-19T10:15:48.742+0000][163][gc,age         ] GC(197) Age table with threshold 1 (max threshold 15)
[2022-05-19T10:15:48.743+0000][163][gc,age         ] GC(197) - age   1:    4095792 bytes,    4095792 total
[2022-05-19T10:15:48.743+0000][163][gc,phases      ] GC(197)   Pre Evacuate Collection Set: 0.2ms
[2022-05-19T10:15:48.743+0000][163][gc,phases      ] GC(197)   Merge Heap Roots: 0.2ms
[2022-05-19T10:15:48.743+0000][163][gc,phases      ] GC(197)   Evacuate Collection Set: 3.1ms
[2022-05-19T10:15:48.743+0000][163][gc,phases      ] GC(197)   Post Evacuate Collection Set: 0.7ms
[2022-05-19T10:15:48.744+0000][163][gc,phases      ] GC(197)   Other: 1.7ms
[2022-05-19T10:15:48.744+0000][163][gc,heap        ] GC(197) Eden regions: 4->0(5)
[2022-05-19T10:15:48.744+0000][163][gc,heap        ] GC(197) Survivor regions: 2->1(1)
[2022-05-19T10:15:48.744+0000][163][gc,heap        ] GC(197) Old regions: 63->68
[2022-05-19T10:15:48.744+0000][163][gc,heap        ] GC(197) Archive regions: 2->2
[2022-05-19T10:15:48.744+0000][163][gc,heap        ] GC(197) Humongous regions: 34->34
[2022-05-19T10:15:48.744+0000][163][gc,metaspace   ] GC(197) Metaspace: 100834K(102464K)->100834K(102464K) NonClass: 86943K(87936K)->86943K(87936K) Class: 13891K(14528K)->13891K(14528K)
[2022-05-19T10:15:48.745+0000][163][gc             ] GC(197) Pause Young (Normal) (G1 Evacuation Pause) 409M->410M(512M) 7.578ms
[2022-05-19T10:15:48.745+0000][163][gc,cpu         ] GC(197) User=0.03s Sys=0.00s Real=0.00s
[2022-05-19T10:15:48.745+0000][163][safepoint      ] Safepoint "G1CollectForAllocation", Time since last: 9422300 ns, Reaching safepoint: 303100 ns, At safepoint: 7984200 ns, Total: 8287300 ns
[2022-05-19T10:15:48.749+0000][163][gc,start       ] GC(198) Pause Young (Normal) (G1 Evacuation Pause)
[2022-05-19T10:15:48.749+0000][163][gc,task        ] GC(198) Using 10 workers of 10 for evacuation
[2022-05-19T10:15:48.749+0000][163][gc,age         ] GC(198) Desired survivor size 2097152 bytes, new threshold 1 (max threshold 15)
[2022-05-19T10:15:48.753+0000][163][gc,age         ] GC(198) Age table with threshold 1 (max threshold 15)
[2022-05-19T10:15:48.753+0000][163][gc,age         ] GC(198) - age   1:    4181472 bytes,    4181472 total
[2022-05-19T10:15:48.754+0000][163][gc,phases      ] GC(198)   Pre Evacuate Collection Set: 0.2ms
[2022-05-19T10:15:48.754+0000][163][gc,phases      ] GC(198)   Merge Heap Roots: 0.1ms
[2022-05-19T10:15:48.754+0000][163][gc,phases      ] GC(198)   Evacuate Collection Set: 3.0ms
[2022-05-19T10:15:48.754+0000][163][gc,phases      ] GC(198)   Post Evacuate Collection Set: 0.6ms
[2022-05-19T10:15:48.755+0000][163][gc,phases      ] GC(198)   Other: 1.3ms
[2022-05-19T10:15:48.755+0000][163][gc,heap        ] GC(198) Eden regions: 5->0(5)
[2022-05-19T10:15:48.755+0000][163][gc,heap        ] GC(198) Survivor regions: 1->1(1)
[2022-05-19T10:15:48.755+0000][163][gc,heap        ] GC(198) Old regions: 68->73
[2022-05-19T10:15:48.755+0000][163][gc,heap        ] GC(198) Archive regions: 2->2
[2022-05-19T10:15:48.756+0000][163][gc,heap        ] GC(198) Humongous regions: 34->34
[2022-05-19T10:15:48.756+0000][163][gc,metaspace   ] GC(198) Metaspace: 100834K(102464K)->100834K(102464K) NonClass: 86943K(87936K)->86943K(87936K) Class: 13891K(14528K)->13891K(14528K)
[2022-05-19T10:15:48.756+0000][163][gc             ] GC(198) Pause Young (Normal) (G1 Evacuation Pause) 430M->431M(512M) 7.327ms
[2022-05-19T10:15:48.756+0000][163][gc,cpu         ] GC(198) User=0.03s Sys=0.00s Real=0.01s
[2022-05-19T10:15:48.756+0000][163][safepoint      ] Safepoint "G1CollectForAllocation", Time since last: 3360300 ns, Reaching safepoint: 227000 ns, At safepoint: 7841600 ns, Total: 8068600 ns
[2022-05-19T10:15:48.788+0000][163][gc,marking     ] GC(196) Concurrent Mark From Roots 58.151ms
[2022-05-19T10:15:48.789+0000][163][gc,marking     ] GC(196) Concurrent Preclean
[2022-05-19T10:15:48.789+0000][163][gc,marking     ] GC(196) Concurrent Preclean 0.696ms
[2022-05-19T10:15:48.790+0000][163][gc,start       ] GC(196) Pause Remark
[2022-05-19T10:15:48.793+0000][163][gc             ] GC(196) Pause Remark 441M->385M(512M) 2.846ms
[2022-05-19T10:15:48.793+0000][163][gc,cpu         ] GC(196) User=0.02s Sys=0.00s Real=0.00s
[2022-05-19T10:15:48.793+0000][163][safepoint      ] Safepoint "G1Concurrent", Time since last: 33136700 ns, Reaching safepoint: 177600 ns, At safepoint: 3222100 ns, Total: 3399700 ns
[2022-05-19T10:15:48.793+0000][163][gc,marking     ] GC(196) Concurrent Mark 63.259ms
[2022-05-19T10:15:48.793+0000][163][gc,marking     ] GC(196) Concurrent Rebuild Remembered Sets
[2022-05-19T10:15:48.813+0000][163][gc,marking     ] GC(196) Concurrent Rebuild Remembered Sets 19.722ms
[2022-05-19T10:15:48.814+0000][163][gc,start       ] GC(196) Pause Cleanup
[2022-05-19T10:15:48.814+0000][163][gc             ] GC(196) Pause Cleanup 385M->385M(512M) 0.311ms
[2022-05-19T10:15:48.814+0000][163][gc,cpu         ] GC(196) User=0.00s Sys=0.00s Real=0.00s
[2022-05-19T10:15:48.814+0000][163][safepoint      ] Safepoint "G1Concurrent", Time since last: 20396100 ns, Reaching safepoint: 189300 ns, At safepoint: 594700 ns, Total: 784000 ns
[2022-05-19T10:15:48.814+0000][163][gc,marking     ] GC(196) Concurrent Cleanup for Next Mark
[2022-05-19T10:15:48.815+0000][163][gc,marking     ] GC(196) Concurrent Cleanup for Next Mark 0.339ms
[2022-05-19T10:15:48.815+0000][163][gc             ] GC(196) Concurrent Mark Cycle 87.679ms
[2022-05-19T10:15:48.968+0000][163][gc,start       ] GC(199) Pause Young (Prepare Mixed) (G1 Evacuation Pause)
[2022-05-19T10:15:48.968+0000][163][gc,task        ] GC(199) Using 10 workers of 10 for evacuation
[2022-05-19T10:15:48.968+0000][163][gc,age         ] GC(199) Desired survivor size 2097152 bytes, new threshold 1 (max threshold 15)
[2022-05-19T10:15:48.973+0000][163][gc,age         ] GC(199) Age table with threshold 1 (max threshold 15)
[2022-05-19T10:15:48.974+0000][163][gc,age         ] GC(199) - age   1:    4184056 bytes,    4184056 total
[2022-05-19T10:15:48.974+0000][163][gc,phases      ] GC(199)   Pre Evacuate Collection Set: 0.2ms
[2022-05-19T10:15:48.974+0000][163][gc,phases      ] GC(199)   Merge Heap Roots: 0.2ms
[2022-05-19T10:15:48.975+0000][163][gc,phases      ] GC(199)   Evacuate Collection Set: 3.5ms
[2022-05-19T10:15:48.975+0000][163][gc,phases      ] GC(199)   Post Evacuate Collection Set: 0.8ms
[2022-05-19T10:15:48.975+0000][163][gc,phases      ] GC(199)   Other: 1.4ms
[2022-05-19T10:15:48.975+0000][163][gc,heap        ] GC(199) Eden regions: 5->0(5)
[2022-05-19T10:15:48.976+0000][163][gc,heap        ] GC(199) Survivor regions: 1->1(1)
[2022-05-19T10:15:48.976+0000][163][gc,heap        ] GC(199) Old regions: 61->64
[2022-05-19T10:15:48.976+0000][163][gc,heap        ] GC(199) Archive regions: 2->2
[2022-05-19T10:15:48.976+0000][163][gc,heap        ] GC(199) Humongous regions: 32->32
[2022-05-19T10:15:48.976+0000][163][gc,metaspace   ] GC(199) Metaspace: 100834K(102464K)->100834K(102464K) NonClass: 86943K(87936K)->86943K(87936K) Class: 13891K(14528K)->13891K(14528K)
[2022-05-19T10:15:48.977+0000][163][gc             ] GC(199) Pause Young (Prepare Mixed) (G1 Evacuation Pause) 395M->388M(512M) 8.520ms
[2022-05-19T10:15:48.977+0000][163][gc,cpu         ] GC(199) User=0.04s Sys=0.00s Real=0.01s
[2022-05-19T10:15:48.977+0000][163][safepoint      ] Safepoint "G1CollectForAllocation", Time since last: 153575000 ns, Reaching safepoint: 257100 ns, At safepoint: 9050300 ns, Total: 9307400 ns
[2022-05-19T10:15:49.133+0000][163][gc,start       ] GC(200) Pause Young (Mixed) (G1 Evacuation Pause)
[2022-05-19T10:15:49.133+0000][163][gc,task        ] GC(200) Using 10 workers of 10 for evacuation
[2022-05-19T10:15:49.133+0000][163][gc,age         ] GC(200) Desired survivor size 2097152 bytes, new threshold 1 (max threshold 15)
[2022-05-19T10:15:49.137+0000][163][gc,age         ] GC(200) Age table with threshold 1 (max threshold 15)
[2022-05-19T10:15:49.137+0000][163][gc,age         ] GC(200) - age   1:    1834936 bytes,    1834936 total
[2022-05-19T10:15:49.137+0000][163][gc,phases      ] GC(200)   Pre Evacuate Collection Set: 0.3ms
[2022-05-19T10:15:49.138+0000][163][gc,phases      ] GC(200)   Merge Heap Roots: 0.2ms
[2022-05-19T10:15:49.138+0000][163][gc,phases      ] GC(200)   Evacuate Collection Set: 1.9ms
[2022-05-19T10:15:49.138+0000][163][gc,phases      ] GC(200)   Post Evacuate Collection Set: 0.7ms
[2022-05-19T10:15:49.138+0000][163][gc,phases      ] GC(200)   Other: 1.4ms
[2022-05-19T10:15:49.139+0000][163][gc,heap        ] GC(200) Eden regions: 5->0(7)
[2022-05-19T10:15:49.139+0000][163][gc,heap        ] GC(200) Survivor regions: 1->1(1)
[2022-05-19T10:15:49.139+0000][163][gc,heap        ] GC(200) Old regions: 64->55
[2022-05-19T10:15:49.139+0000][163][gc,heap        ] GC(200) Archive regions: 2->2
[2022-05-19T10:15:49.139+0000][163][gc,heap        ] GC(200) Humongous regions: 32->32
[2022-05-19T10:15:49.139+0000][163][gc,metaspace   ] GC(200) Metaspace: 100834K(102464K)->100834K(102464K) NonClass: 86943K(87936K)->86943K(87936K) Class: 13891K(14528K)->13891K(14528K)
[2022-05-19T10:15:49.139+0000][163][gc             ] GC(200) Pause Young (Mixed) (G1 Evacuation Pause) 408M->348M(512M) 6.503ms
[2022-05-19T10:15:49.140+0000][163][gc,cpu         ] GC(200) User=0.02s Sys=0.00s Real=0.01s
[2022-05-19T10:15:49.140+0000][163][safepoint      ] Safepoint "G1CollectForAllocation", Time since last: 155708800 ns, Reaching safepoint: 197700 ns, At safepoint: 6944600 ns, Total: 7142300 ns
[2022-05-19T10:15:49.330+0000][163][gc,start       ] GC(201) Pause Young (Concurrent Start) (G1 Evacuation Pause)
[2022-05-19T10:15:49.330+0000][163][gc,task        ] GC(201) Using 10 workers of 10 for evacuation
[2022-05-19T10:15:49.330+0000][163][gc,age         ] GC(201) Desired survivor size 2097152 bytes, new threshold 15 (max threshold 15)
[2022-05-19T10:15:49.333+0000][163][gc,age         ] GC(201) Age table with threshold 15 (max threshold 15)
[2022-05-19T10:15:49.334+0000][163][gc,age         ] GC(201) - age   1:    2744352 bytes,    2744352 total
[2022-05-19T10:15:49.334+0000][163][gc,age         ] GC(201) - age   2:     531776 bytes,    3276128 total
[2022-05-19T10:15:49.334+0000][163][gc,phases      ] GC(201)   Pre Evacuate Collection Set: 0.4ms
[2022-05-19T10:15:49.335+0000][163][gc,phases      ] GC(201)   Merge Heap Roots: 0.2ms
[2022-05-19T10:15:49.335+0000][163][gc,phases      ] GC(201)   Evacuate Collection Set: 1.2ms
[2022-05-19T10:15:49.335+0000][163][gc,phases      ] GC(201)   Post Evacuate Collection Set: 0.8ms
[2022-05-19T10:15:49.335+0000][163][gc,phases      ] GC(201)   Other: 2.0ms
[2022-05-19T10:15:49.335+0000][163][gc,heap        ] GC(201) Eden regions: 7->0(5)
[2022-05-19T10:15:49.336+0000][163][gc,heap        ] GC(201) Survivor regions: 1->1(1)
[2022-05-19T10:15:49.336+0000][163][gc,heap        ] GC(201) Old regions: 55->55
[2022-05-19T10:15:49.336+0000][163][gc,heap        ] GC(201) Archive regions: 2->2
[2022-05-19T10:15:49.336+0000][163][gc,heap        ] GC(201) Humongous regions: 32->32
[2022-05-19T10:15:49.336+0000][163][gc,metaspace   ] GC(201) Metaspace: 100834K(102464K)->100834K(102464K) NonClass: 86943K(87936K)->86943K(87936K) Class: 13891K(14528K)->13891K(14528K)
[2022-05-19T10:15:49.337+0000][163][gc             ] GC(201) Pause Young (Concurrent Start) (G1 Evacuation Pause) 376M->349M(512M) 6.899ms
[2022-05-19T10:15:49.337+0000][163][gc,cpu         ] GC(201) User=0.02s Sys=0.00s Real=0.01s
[2022-05-19T10:15:49.337+0000][163][safepoint      ] Safepoint "G1CollectForAllocation", Time since last: 189605900 ns, Reaching safepoint: 235200 ns, At safepoint: 7314900 ns, Total: 7550100 ns
[2022-05-19T10:15:49.337+0000][163][gc             ] GC(202) Concurrent Mark Cycle
[2022-05-19T10:15:49.337+0000][163][gc,marking     ] GC(202) Concurrent Clear Claimed Marks
[2022-05-19T10:15:49.338+0000][163][gc,marking     ] GC(202) Concurrent Clear Claimed Marks 0.193ms
[2022-05-19T10:15:49.338+0000][163][gc,marking     ] GC(202) Concurrent Scan Root Regions
[2022-05-19T10:15:49.339+0000][163][gc,marking     ] GC(202) Concurrent Scan Root Regions 0.910ms
[2022-05-19T10:15:49.339+0000][163][gc,marking     ] GC(202) Concurrent Mark
[2022-05-19T10:15:49.339+0000][163][gc,marking     ] GC(202) Concurrent Mark From Roots
[2022-05-19T10:15:49.339+0000][163][gc,task        ] GC(202) Using 3 workers of 3 for marking
[2022-05-19T10:15:49.377+0000][163][gc,marking     ] GC(202) Concurrent Mark From Roots 37.832ms
[2022-05-19T10:15:49.377+0000][163][gc,marking     ] GC(202) Concurrent Preclean
[2022-05-19T10:15:49.378+0000][163][gc,marking     ] GC(202) Concurrent Preclean 0.613ms
[2022-05-19T10:15:49.378+0000][163][gc,start       ] GC(202) Pause Remark
[2022-05-19T10:15:49.382+0000][163][gc             ] GC(202) Pause Remark 354M->198M(512M) 3.270ms
[2022-05-19T10:15:49.382+0000][163][gc,cpu         ] GC(202) User=0.02s Sys=0.00s Real=0.00s
[2022-05-19T10:15:49.382+0000][163][safepoint      ] Safepoint "G1Concurrent", Time since last: 40804700 ns, Reaching safepoint: 430800 ns, At safepoint: 3840300 ns, Total: 4271100 ns
[2022-05-19T10:15:49.382+0000][163][gc,marking     ] GC(202) Concurrent Mark 43.639ms
[2022-05-19T10:15:49.383+0000][163][gc,marking     ] GC(202) Concurrent Rebuild Remembered Sets
[2022-05-19T10:15:49.407+0000][163][gc,marking     ] GC(202) Concurrent Rebuild Remembered Sets 24.519ms
[2022-05-19T10:15:49.408+0000][163][gc,start       ] GC(202) Pause Cleanup
[2022-05-19T10:15:49.408+0000][163][gc             ] GC(202) Pause Cleanup 199M->199M(512M) 0.428ms
[2022-05-19T10:15:49.408+0000][163][gc,cpu         ] GC(202) User=0.01s Sys=0.00s Real=0.00s
[2022-05-19T10:15:49.409+0000][163][safepoint      ] Safepoint "G1Concurrent", Time since last: 25401700 ns, Reaching safepoint: 214800 ns, At safepoint: 830000 ns, Total: 1044800 ns
[2022-05-19T10:15:49.409+0000][163][gc,marking     ] GC(202) Concurrent Cleanup for Next Mark
[2022-05-19T10:15:49.409+0000][163][gc,marking     ] GC(202) Concurrent Cleanup for Next Mark 0.604ms
[2022-05-19T10:15:49.410+0000][163][gc             ] GC(202) Concurrent Mark Cycle 72.683ms
[2022-05-19T10:15:50.409+0000][163][safepoint      ] Safepoint "Cleanup", Time since last: 1000406400 ns, Reaching safepoint: 236100 ns, At safepoint: 7000 ns, Total: 243100 ns
[2022-05-19T10:15:51.410+0000][163][safepoint      ] Safepoint "Cleanup", Time since last: 1000509500 ns, Reaching safepoint: 307400 ns, At safepoint: 6600 ns, Total: 314000 ns
[2022-05-19T10:15:57.411+0000][163][safepoint      ] Safepoint "Cleanup", Time since last: 6001062100 ns, Reaching safepoint: 263200 ns, At safepoint: 7100 ns, Total: 270300 ns
[2022-05-19T10:15:59.930+0000][163][gc,start       ] GC(203) Pause Young (Prepare Mixed) (G1 Evacuation Pause)
[2022-05-19T10:15:59.931+0000][163][gc,task        ] GC(203) Using 10 workers of 10 for evacuation
[2022-05-19T10:15:59.931+0000][163][gc,age         ] GC(203) Desired survivor size 4194304 bytes, new threshold 15 (max threshold 15)
[2022-05-19T10:15:59.934+0000][163][gc,age         ] GC(203) Age table with threshold 15 (max threshold 15)
[2022-05-19T10:15:59.934+0000][163][gc,age         ] GC(203) - age   1:    3601912 bytes,    3601912 total
[2022-05-19T10:15:59.934+0000][163][gc,age         ] GC(203) - age   2:     782584 bytes,    4384496 total
[2022-05-19T10:15:59.935+0000][163][gc,age         ] GC(203) - age   3:     531680 bytes,    4916176 total
[2022-05-19T10:15:59.935+0000][163][gc,phases      ] GC(203)   Pre Evacuate Collection Set: 0.2ms
[2022-05-19T10:15:59.935+0000][163][gc,phases      ] GC(203)   Merge Heap Roots: 0.2ms
[2022-05-19T10:15:59.936+0000][163][gc,phases      ] GC(203)   Evacuate Collection Set: 1.2ms
[2022-05-19T10:15:59.936+0000][163][gc,phases      ] GC(203)   Post Evacuate Collection Set: 0.9ms
[2022-05-19T10:15:59.936+0000][163][gc,phases      ] GC(203)   Other: 2.3ms
[2022-05-19T10:15:59.936+0000][163][gc,heap        ] GC(203) Eden regions: 8->0(4)
[2022-05-19T10:15:59.936+0000][163][gc,heap        ] GC(203) Survivor regions: 1->2(2)
[2022-05-19T10:15:59.936+0000][163][gc,heap        ] GC(203) Old regions: 42->42
[2022-05-19T10:15:59.937+0000][163][gc,heap        ] GC(203) Archive regions: 2->2
[2022-05-19T10:15:59.937+0000][163][gc,heap        ] GC(203) Humongous regions: 6->6
[2022-05-19T10:15:59.937+0000][163][gc,metaspace   ] GC(203) Metaspace: 100843K(102464K)->100843K(102464K) NonClass: 86951K(87936K)->86951K(87936K) Class: 13891K(14528K)->13891K(14528K)
[2022-05-19T10:15:59.937+0000][163][gc             ] GC(203) Pause Young (Prepare Mixed) (G1 Evacuation Pause) 225M->195M(512M) 6.735ms
[2022-05-19T10:15:59.937+0000][163][gc,cpu         ] GC(203) User=0.01s Sys=0.00s Real=0.01s
[2022-05-19T10:15:59.937+0000][163][safepoint      ] Safepoint "G1CollectForAllocation", Time since last: 2517962800 ns, Reaching safepoint: 381800 ns, At safepoint: 7072000 ns, Total: 7453800 ns
[2022-05-19T10:16:00.938+0000][163][safepoint      ] Safepoint "Cleanup", Time since last: 1000304500 ns, Reaching safepoint: 220900 ns, At safepoint: 6100 ns, Total: 227000 ns
[2022-05-19T10:16:23.941+0000][163][safepoint      ] Safepoint "Cleanup", Time since last: 23003363600 ns, Reaching safepoint: 202300 ns, At safepoint: 8200 ns, Total: 210500 ns
[2022-05-19T10:16:30.114+0000][163][gc,start       ] GC(204) Pause Young (Mixed) (G1 Evacuation Pause)
[2022-05-19T10:16:30.115+0000][163][gc,task        ] GC(204) Using 10 workers of 10 for evacuation
[2022-05-19T10:16:30.115+0000][163][gc,age         ] GC(204) Desired survivor size 2097152 bytes, new threshold 1 (max threshold 15)
[2022-05-19T10:16:30.118+0000][163][gc,age         ] GC(204) Age table with threshold 1 (max threshold 15)
[2022-05-19T10:16:30.119+0000][163][gc,age         ] GC(204) - age   1:    3962640 bytes,    3962640 total
[2022-05-19T10:16:30.119+0000][163][gc,phases      ] GC(204)   Pre Evacuate Collection Set: 0.2ms
[2022-05-19T10:16:30.119+0000][163][gc,phases      ] GC(204)   Merge Heap Roots: 0.2ms
[2022-05-19T10:16:30.119+0000][163][gc,phases      ] GC(204)   Evacuate Collection Set: 1.8ms
[2022-05-19T10:16:30.120+0000][163][gc,phases      ] GC(204)   Post Evacuate Collection Set: 0.9ms
[2022-05-19T10:16:30.120+0000][163][gc,phases      ] GC(204)   Other: 1.7ms
[2022-05-19T10:16:30.120+0000][163][gc,heap        ] GC(204) Eden regions: 4->0(34)
[2022-05-19T10:16:30.120+0000][163][gc,heap        ] GC(204) Survivor regions: 2->1(1)
[2022-05-19T10:16:30.120+0000][163][gc,heap        ] GC(204) Old regions: 42->38
[2022-05-19T10:16:30.121+0000][163][gc,heap        ] GC(204) Archive regions: 2->2
[2022-05-19T10:16:30.121+0000][163][gc,heap        ] GC(204) Humongous regions: 6->6
[2022-05-19T10:16:30.121+0000][163][gc,metaspace   ] GC(204) Metaspace: 100860K(102464K)->100860K(102464K) NonClass: 86968K(87936K)->86968K(87936K) Class: 13892K(14528K)->13892K(14528K)
[2022-05-19T10:16:30.121+0000][163][gc             ] GC(204) Pause Young (Mixed) (G1 Evacuation Pause) 211M->178M(512M) 6.681ms
[2022-05-19T10:16:30.121+0000][163][gc,cpu         ] GC(204) User=0.00s Sys=0.02s Real=0.01s
[2022-05-19T10:16:30.121+0000][163][safepoint      ] Safepoint "G1CollectForAllocation", Time since last: 6171880600 ns, Reaching safepoint: 301500 ns, At safepoint: 7019900 ns, Total: 7321400 ns
[2022-05-19T10:16:31.122+0000][163][safepoint      ] Safepoint "Cleanup", Time since last: 1000298300 ns, Reaching safepoint: 221300 ns, At safepoint: 8900 ns, Total: 230200 ns
[2022-05-19T10:16:43.124+0000][163][safepoint      ] Safepoint "Cleanup", Time since last: 12001817700 ns, Reaching safepoint: 308600 ns, At safepoint: 7400 ns, Total: 316000 ns
[2022-05-19T10:16:57.126+0000][163][safepoint      ] Safepoint "Cleanup", Time since last: 14002254800 ns, Reaching safepoint: 239900 ns, At safepoint: 9900 ns, Total: 249800 ns
[2022-05-19T10:17:01.128+0000][163][safepoint      ] Safepoint "Cleanup", Time since last: 4000662900 ns, Reaching safepoint: 222000 ns, At safepoint: 7200 ns, Total: 229200 ns
[2022-05-19T10:17:04.129+0000][163][safepoint      ] Safepoint "Cleanup", Time since last: 3000576500 ns, Reaching safepoint: 257600 ns, At safepoint: 6900 ns, Total: 264500 ns
[2022-05-19T10:17:05.130+0000][163][safepoint      ] Safepoint "Cleanup", Time since last: 1000514500 ns, Reaching safepoint: 186300 ns, At safepoint: 7900 ns, Total: 194200 ns
[2022-05-19T10:17:06.130+0000][163][safepoint      ] Safepoint "Cleanup", Time since last: 1000522500 ns, Reaching safepoint: 198500 ns, At safepoint: 6700 ns, Total: 205200 ns
[2022-05-19T10:17:07.131+0000][163][safepoint      ] Safepoint "Cleanup", Time since last: 1000369600 ns, Reaching safepoint: 193700 ns, At safepoint: 7400 ns, Total: 201100 ns
[2022-05-19T10:17:12.132+0000][163][safepoint      ] Safepoint "Cleanup", Time since last: 5000906400 ns, Reaching safepoint: 247100 ns, At safepoint: 13500 ns, Total: 260600 ns
[2022-05-19T10:17:13.133+0000][163][safepoint      ] Safepoint "Cleanup", Time since last: 1000492100 ns, Reaching safepoint: 205400 ns, At safepoint: 8400 ns, Total: 213800 ns
[2022-05-19T10:17:14.133+0000][163][safepoint      ] Safepoint "Cleanup", Time since last: 1000466000 ns, Reaching safepoint: 275400 ns, At safepoint: 7000 ns, Total: 282400 ns
[2022-05-19T10:17:18.135+0000][163][safepoint      ] Safepoint "Cleanup", Time since last: 4000790700 ns, Reaching safepoint: 262600 ns, At safepoint: 7500 ns, Total: 270100 ns
[2022-05-19T10:17:23.136+0000][163][safepoint      ] Safepoint "Cleanup", Time since last: 5001055200 ns, Reaching safepoint: 265000 ns, At safepoint: 6200 ns, Total: 271200 ns
[2022-05-19T10:17:28.137+0000][163][safepoint      ] Safepoint "Cleanup", Time since last: 5001044800 ns, Reaching safepoint: 334900 ns, At safepoint: 7000 ns, Total: 341900 ns
[2022-05-19T10:17:31.139+0000][163][safepoint      ] Safepoint "Cleanup", Time since last: 3000772400 ns, Reaching safepoint: 194700 ns, At safepoint: 7400 ns, Total: 202100 ns
[2022-05-19T10:17:36.140+0000][163][safepoint      ] Safepoint "Cleanup", Time since last: 5000960300 ns, Reaching safepoint: 193600 ns, At safepoint: 7000 ns, Total: 200600 ns
[2022-05-19T10:17:38.141+0000][163][safepoint      ] Safepoint "Cleanup", Time since last: 2000668000 ns, Reaching safepoint: 192500 ns, At safepoint: 7100 ns, Total: 199600 ns
[2022-05-19T10:17:41.142+0000][163][safepoint      ] Safepoint "Cleanup", Time since last: 3000883400 ns, Reaching safepoint: 385300 ns, At safepoint: 13600 ns, Total: 398900 ns
[2022-05-19T10:17:55.145+0000][163][safepoint      ] Safepoint "Cleanup", Time since last: 14002185300 ns, Reaching safepoint: 227500 ns, At safepoint: 9300 ns, Total: 236800 ns
[2022-05-19T10:18:01.147+0000][163][safepoint      ] Safepoint "Cleanup", Time since last: 6001070900 ns, Reaching safepoint: 288500 ns, At safepoint: 43300 ns, Total: 331800 ns
[2022-05-19T10:18:01.202+0000][163][gc,start       ] GC(205) Pause Young (Normal) (G1 Evacuation Pause)
[2022-05-19T10:18:01.202+0000][163][gc,task        ] GC(205) Using 10 workers of 10 for evacuation
[2022-05-19T10:18:01.202+0000][163][gc,age         ] GC(205) Desired survivor size 10485760 bytes, new threshold 15 (max threshold 15)
[2022-05-19T10:18:01.206+0000][163][gc,age         ] GC(205) Age table with threshold 15 (max threshold 15)
[2022-05-19T10:18:01.206+0000][163][gc,age         ] GC(205) - age   1:   14622312 bytes,   14622312 total
[2022-05-19T10:18:01.206+0000][163][gc,age         ] GC(205) - age   2:    1659360 bytes,   16281672 total
[2022-05-19T10:18:01.206+0000][163][gc,phases      ] GC(205)   Pre Evacuate Collection Set: 0.2ms
[2022-05-19T10:18:01.206+0000][163][gc,phases      ] GC(205)   Merge Heap Roots: 0.1ms
[2022-05-19T10:18:01.207+0000][163][gc,phases      ] GC(205)   Evacuate Collection Set: 2.2ms
[2022-05-19T10:18:01.207+0000][163][gc,phases      ] GC(205)   Post Evacuate Collection Set: 0.6ms
[2022-05-19T10:18:01.207+0000][163][gc,phases      ] GC(205)   Other: 1.5ms
[2022-05-19T10:18:01.207+0000][163][gc,heap        ] GC(205) Eden regions: 34->0(32)
[2022-05-19T10:18:01.207+0000][163][gc,heap        ] GC(205) Survivor regions: 1->4(5)
[2022-05-19T10:18:01.207+0000][163][gc,heap        ] GC(205) Old regions: 38->38
[2022-05-19T10:18:01.207+0000][163][gc,heap        ] GC(205) Archive regions: 2->2
[2022-05-19T10:18:01.208+0000][163][gc,heap        ] GC(205) Humongous regions: 14->9
[2022-05-19T10:18:01.208+0000][163][gc,metaspace   ] GC(205) Metaspace: 100959K(102528K)->100959K(102528K) NonClass: 87067K(88000K)->87067K(88000K) Class: 13892K(14528K)->13892K(14528K)
[2022-05-19T10:18:01.208+0000][163][gc             ] GC(205) Pause Young (Normal) (G1 Evacuation Pause) 346M->202M(512M) 6.161ms
[2022-05-19T10:18:01.208+0000][163][gc,cpu         ] GC(205) User=0.02s Sys=0.00s Real=0.01s
[2022-05-19T10:18:01.208+0000][163][safepoint      ] Safepoint "G1CollectForAllocation", Time since last: 54844600 ns, Reaching safepoint: 195500 ns, At safepoint: 6460800 ns, Total: 6656300 ns
[2022-05-19T10:18:02.155+0000][163][gc,start       ] GC(206) Pause Young (Normal) (G1 Evacuation Pause)
[2022-05-19T10:18:02.156+0000][163][gc,task        ] GC(206) Using 10 workers of 10 for evacuation
[2022-05-19T10:18:02.156+0000][163][gc,age         ] GC(206) Desired survivor size 10485760 bytes, new threshold 1 (max threshold 15)
[2022-05-19T10:18:02.160+0000][163][gc,age         ] GC(206) Age table with threshold 1 (max threshold 15)
[2022-05-19T10:18:02.160+0000][163][gc,age         ] GC(206) - age   1:    1512256 bytes,    1512256 total
[2022-05-19T10:18:02.160+0000][163][gc,phases      ] GC(206)   Pre Evacuate Collection Set: 0.2ms
[2022-05-19T10:18:02.161+0000][163][gc,phases      ] GC(206)   Merge Heap Roots: 0.1ms
[2022-05-19T10:18:02.161+0000][163][gc,phases      ] GC(206)   Evacuate Collection Set: 2.3ms
[2022-05-19T10:18:02.161+0000][163][gc,phases      ] GC(206)   Post Evacuate Collection Set: 0.8ms
[2022-05-19T10:18:02.161+0000][163][gc,phases      ] GC(206)   Other: 1.7ms
[2022-05-19T10:18:02.162+0000][163][gc,heap        ] GC(206) Eden regions: 32->0(35)
[2022-05-19T10:18:02.162+0000][163][gc,heap        ] GC(206) Survivor regions: 4->1(5)
[2022-05-19T10:18:02.162+0000][163][gc,heap        ] GC(206) Old regions: 38->42
[2022-05-19T10:18:02.162+0000][163][gc,heap        ] GC(206) Archive regions: 2->2
[2022-05-19T10:18:02.162+0000][163][gc,heap        ] GC(206) Humongous regions: 9->9
[2022-05-19T10:18:02.162+0000][163][gc,metaspace   ] GC(206) Metaspace: 100959K(102528K)->100959K(102528K) NonClass: 87067K(88000K)->87067K(88000K) Class: 13892K(14528K)->13892K(14528K)
[2022-05-19T10:18:02.162+0000][163][gc             ] GC(206) Pause Young (Normal) (G1 Evacuation Pause) 330M->204M(512M) 6.955ms
[2022-05-19T10:18:02.163+0000][163][gc,cpu         ] GC(206) User=0.03s Sys=0.00s Real=0.01s
[2022-05-19T10:18:02.163+0000][163][safepoint      ] Safepoint "G1CollectForAllocation", Time since last: 947077400 ns, Reaching safepoint: 199900 ns, At safepoint: 7407500 ns, Total: 7607400 ns
[2022-05-19T10:18:03.202+0000][163][gc,start       ] GC(207) Pause Young (Concurrent Start) (G1 Evacuation Pause)
[2022-05-19T10:18:03.202+0000][163][gc,task        ] GC(207) Using 10 workers of 10 for evacuation
[2022-05-19T10:18:03.202+0000][163][gc,age         ] GC(207) Desired survivor size 10485760 bytes, new threshold 15 (max threshold 15)
[2022-05-19T10:18:03.205+0000][163][gc,age         ] GC(207) Age table with threshold 15 (max threshold 15)
[2022-05-19T10:18:03.205+0000][163][gc,age         ] GC(207) - age   1:    4612304 bytes,    4612304 total
[2022-05-19T10:18:03.205+0000][163][gc,age         ] GC(207) - age   2:    1508576 bytes,    6120880 total
[2022-05-19T10:18:03.205+0000][163][gc,phases      ] GC(207)   Pre Evacuate Collection Set: 0.3ms
[2022-05-19T10:18:03.206+0000][163][gc,phases      ] GC(207)   Merge Heap Roots: 0.2ms
[2022-05-19T10:18:03.206+0000][163][gc,phases      ] GC(207)   Evacuate Collection Set: 1.4ms
[2022-05-19T10:18:03.206+0000][163][gc,phases      ] GC(207)   Post Evacuate Collection Set: 0.6ms
[2022-05-19T10:18:03.206+0000][163][gc,phases      ] GC(207)   Other: 1.5ms
[2022-05-19T10:18:03.206+0000][163][gc,heap        ] GC(207) Eden regions: 35->0(8)
[2022-05-19T10:18:03.207+0000][163][gc,heap        ] GC(207) Survivor regions: 1->2(5)
[2022-05-19T10:18:03.207+0000][163][gc,heap        ] GC(207) Old regions: 42->42
[2022-05-19T10:18:03.207+0000][163][gc,heap        ] GC(207) Archive regions: 2->2
[2022-05-19T10:18:03.207+0000][163][gc,heap        ] GC(207) Humongous regions: 9->9
[2022-05-19T10:18:03.207+0000][163][gc,metaspace   ] GC(207) Metaspace: 100959K(102528K)->100959K(102528K) NonClass: 87067K(88000K)->87067K(88000K) Class: 13892K(14528K)->13892K(14528K)
[2022-05-19T10:18:03.207+0000][163][gc             ] GC(207) Pause Young (Concurrent Start) (G1 Evacuation Pause) 344M->208M(512M) 5.741ms
[2022-05-19T10:18:03.207+0000][163][gc,cpu         ] GC(207) User=0.01s Sys=0.00s Real=0.00s
[2022-05-19T10:18:03.208+0000][163][safepoint      ] Safepoint "G1CollectForAllocation", Time since last: 1038609000 ns, Reaching safepoint: 189600 ns, At safepoint: 6083000 ns, Total: 6272600 ns
[2022-05-19T10:18:03.208+0000][163][gc             ] GC(208) Concurrent Mark Cycle
[2022-05-19T10:18:03.208+0000][163][gc,marking     ] GC(208) Concurrent Clear Claimed Marks
[2022-05-19T10:18:03.208+0000][163][gc,marking     ] GC(208) Concurrent Clear Claimed Marks 0.169ms
[2022-05-19T10:18:03.208+0000][163][gc,marking     ] GC(208) Concurrent Scan Root Regions
[2022-05-19T10:18:03.209+0000][163][gc,marking     ] GC(208) Concurrent Scan Root Regions 0.854ms
[2022-05-19T10:18:03.209+0000][163][gc,marking     ] GC(208) Concurrent Mark
[2022-05-19T10:18:03.209+0000][163][gc,marking     ] GC(208) Concurrent Mark From Roots
[2022-05-19T10:18:03.209+0000][163][gc,task        ] GC(208) Using 3 workers of 3 for marking
[2022-05-19T10:18:03.252+0000][163][gc,marking     ] GC(208) Concurrent Mark From Roots 42.592ms
[2022-05-19T10:18:03.252+0000][163][gc,marking     ] GC(208) Concurrent Preclean
[2022-05-19T10:18:03.253+0000][163][gc,marking     ] GC(208) Concurrent Preclean 0.644ms
[2022-05-19T10:18:03.253+0000][163][gc,start       ] GC(208) Pause Remark
[2022-05-19T10:18:03.256+0000][163][gc             ] GC(208) Pause Remark 213M->201M(512M) 3.044ms
[2022-05-19T10:18:03.257+0000][163][gc,cpu         ] GC(208) User=0.02s Sys=0.00s Real=0.00s
[2022-05-19T10:18:03.257+0000][163][safepoint      ] Safepoint "G1Concurrent", Time since last: 45513100 ns, Reaching safepoint: 264700 ns, At safepoint: 3631800 ns, Total: 3896500 ns
[2022-05-19T10:18:03.257+0000][163][gc,marking     ] GC(208) Concurrent Mark 48.097ms
[2022-05-19T10:18:03.257+0000][163][gc,marking     ] GC(208) Concurrent Rebuild Remembered Sets
[2022-05-19T10:18:03.281+0000][163][gc,marking     ] GC(208) Concurrent Rebuild Remembered Sets 23.197ms
[2022-05-19T10:18:03.281+0000][163][gc,start       ] GC(208) Pause Cleanup
[2022-05-19T10:18:03.282+0000][163][gc             ] GC(208) Pause Cleanup 204M->204M(512M) 0.406ms
[2022-05-19T10:18:03.282+0000][163][gc,cpu         ] GC(208) User=0.00s Sys=0.00s Real=0.00s
[2022-05-19T10:18:03.282+0000][163][safepoint      ] Safepoint "G1Concurrent", Time since last: 23951000 ns, Reaching safepoint: 263800 ns, At safepoint: 890400 ns, Total: 1154200 ns
[2022-05-19T10:18:03.282+0000][163][gc,marking     ] GC(208) Concurrent Cleanup for Next Mark
[2022-05-19T10:18:03.283+0000][163][gc,marking     ] GC(208) Concurrent Cleanup for Next Mark 0.349ms
[2022-05-19T10:18:03.283+0000][163][gc             ] GC(208) Concurrent Mark Cycle 75.212ms
[2022-05-19T10:18:03.463+0000][163][gc,start       ] GC(209) Pause Young (Prepare Mixed) (G1 Evacuation Pause)
[2022-05-19T10:18:03.463+0000][163][gc,task        ] GC(209) Using 10 workers of 10 for evacuation
[2022-05-19T10:18:03.463+0000][163][gc,age         ] GC(209) Desired survivor size 4194304 bytes, new threshold 1 (max threshold 15)
[2022-05-19T10:18:03.466+0000][163][gc,age         ] GC(209) Age table with threshold 1 (max threshold 15)
[2022-05-19T10:18:03.466+0000][163][gc,age         ] GC(209) - age   1:     362584 bytes,     362584 total
[2022-05-19T10:18:03.466+0000][163][gc,phases      ] GC(209)   Pre Evacuate Collection Set: 0.2ms
[2022-05-19T10:18:03.466+0000][163][gc,phases      ] GC(209)   Merge Heap Roots: 0.1ms
[2022-05-19T10:18:03.467+0000][163][gc,phases      ] GC(209)   Evacuate Collection Set: 1.2ms
[2022-05-19T10:18:03.467+0000][163][gc,phases      ] GC(209)   Post Evacuate Collection Set: 0.7ms
[2022-05-19T10:18:03.467+0000][163][gc,phases      ] GC(209)   Other: 1.3ms
[2022-05-19T10:18:03.467+0000][163][gc,heap        ] GC(209) Eden regions: 8->0(5)
[2022-05-19T10:18:03.467+0000][163][gc,heap        ] GC(209) Survivor regions: 2->1(2)
[2022-05-19T10:18:03.468+0000][163][gc,heap        ] GC(209) Old regions: 39->40
[2022-05-19T10:18:03.468+0000][163][gc,heap        ] GC(209) Archive regions: 2->2
[2022-05-19T10:18:03.468+0000][163][gc,heap        ] GC(209) Humongous regions: 9->9
[2022-05-19T10:18:03.468+0000][163][gc,metaspace   ] GC(209) Metaspace: 100959K(102528K)->100959K(102528K) NonClass: 87067K(88000K)->87067K(88000K) Class: 13892K(14528K)->13892K(14528K)
[2022-05-19T10:18:03.468+0000][163][gc             ] GC(209) Pause Young (Prepare Mixed) (G1 Evacuation Pause) 228M->197M(512M) 5.487ms
[2022-05-19T10:18:03.468+0000][163][gc,cpu         ] GC(209) User=0.02s Sys=0.00s Real=0.01s
[2022-05-19T10:18:03.468+0000][163][safepoint      ] Safepoint "G1CollectForAllocation", Time since last: 180355200 ns, Reaching safepoint: 188100 ns, At safepoint: 5824100 ns, Total: 6012200 ns
[2022-05-19T10:18:03.622+0000][163][gc,start       ] GC(210) Pause Young (Mixed) (G1 Evacuation Pause)
[2022-05-19T10:18:03.622+0000][163][gc,task        ] GC(210) Using 10 workers of 10 for evacuation
[2022-05-19T10:18:03.622+0000][163][gc,age         ] GC(210) Desired survivor size 2097152 bytes, new threshold 15 (max threshold 15)
[2022-05-19T10:18:03.624+0000][163][gc,age         ] GC(210) Age table with threshold 15 (max threshold 15)
[2022-05-19T10:18:03.625+0000][163][gc,age         ] GC(210) - age   1:     230280 bytes,     230280 total
[2022-05-19T10:18:03.625+0000][163][gc,age         ] GC(210) - age   2:     361784 bytes,     592064 total
[2022-05-19T10:18:03.625+0000][163][gc,phases      ] GC(210)   Pre Evacuate Collection Set: 0.2ms
[2022-05-19T10:18:03.625+0000][163][gc,phases      ] GC(210)   Merge Heap Roots: 0.2ms
[2022-05-19T10:18:03.625+0000][163][gc,phases      ] GC(210)   Evacuate Collection Set: 1.1ms
[2022-05-19T10:18:03.625+0000][163][gc,phases      ] GC(210)   Post Evacuate Collection Set: 0.6ms
[2022-05-19T10:18:03.625+0000][163][gc,phases      ] GC(210)   Other: 1.2ms
[2022-05-19T10:18:03.626+0000][163][gc,heap        ] GC(210) Eden regions: 5->0(47)
[2022-05-19T10:18:03.626+0000][163][gc,heap        ] GC(210) Survivor regions: 1->1(1)
[2022-05-19T10:18:03.626+0000][163][gc,heap        ] GC(210) Old regions: 40->33
[2022-05-19T10:18:03.626+0000][163][gc,heap        ] GC(210) Archive regions: 2->2
[2022-05-19T10:18:03.626+0000][163][gc,heap        ] GC(210) Humongous regions: 9->9
[2022-05-19T10:18:03.626+0000][163][gc,metaspace   ] GC(210) Metaspace: 100959K(102528K)->100959K(102528K) NonClass: 87067K(88000K)->87067K(88000K) Class: 13892K(14528K)->13892K(14528K)
[2022-05-19T10:18:03.626+0000][163][gc             ] GC(210) Pause Young (Mixed) (G1 Evacuation Pause) 217M->167M(512M) 4.856ms
[2022-05-19T10:18:03.627+0000][163][gc,cpu         ] GC(210) User=0.01s Sys=0.00s Real=0.00s
[2022-05-19T10:18:03.627+0000][163][safepoint      ] Safepoint "G1CollectForAllocation", Time since last: 152828300 ns, Reaching safepoint: 241900 ns, At safepoint: 5180500 ns, Total: 5422400 ns
[2022-05-19T10:18:04.627+0000][163][safepoint      ] Safepoint "Cleanup", Time since last: 1000285500 ns, Reaching safepoint: 351000 ns, At safepoint: 24600 ns, Total: 375600 ns
[2022-05-19T10:18:05.111+0000][163][gc,start       ] GC(211) Pause Young (Normal) (G1 Evacuation Pause)
[2022-05-19T10:18:05.112+0000][163][gc,task        ] GC(211) Using 10 workers of 10 for evacuation
[2022-05-19T10:18:05.112+0000][163][gc,age         ] GC(211) Desired survivor size 12582912 bytes, new threshold 15 (max threshold 15)
[2022-05-19T10:18:05.116+0000][163][gc,age         ] GC(211) Age table with threshold 15 (max threshold 15)
[2022-05-19T10:18:05.117+0000][163][gc,age         ] GC(211) - age   1:    7080240 bytes,    7080240 total
[2022-05-19T10:18:05.117+0000][163][gc,age         ] GC(211) - age   2:     229488 bytes,    7309728 total
[2022-05-19T10:18:05.117+0000][163][gc,age         ] GC(211) - age   3:     360680 bytes,    7670408 total
[2022-05-19T10:18:05.117+0000][163][gc,phases      ] GC(211)   Pre Evacuate Collection Set: 0.3ms
[2022-05-19T10:18:05.118+0000][163][gc,phases      ] GC(211)   Merge Heap Roots: 0.2ms
[2022-05-19T10:18:05.118+0000][163][gc,phases      ] GC(211)   Evacuate Collection Set: 2.3ms
[2022-05-19T10:18:05.118+0000][163][gc,phases      ] GC(211)   Post Evacuate Collection Set: 1.1ms
[2022-05-19T10:18:05.118+0000][163][gc,phases      ] GC(211)   Other: 2.2ms
[2022-05-19T10:18:05.119+0000][163][gc,heap        ] GC(211) Eden regions: 47->0(45)
[2022-05-19T10:18:05.119+0000][163][gc,heap        ] GC(211) Survivor regions: 1->2(6)
[2022-05-19T10:18:05.119+0000][163][gc,heap        ] GC(211) Old regions: 33->33
[2022-05-19T10:18:05.120+0000][163][gc,heap        ] GC(211) Archive regions: 2->2
[2022-05-19T10:18:05.120+0000][163][gc,heap        ] GC(211) Humongous regions: 18->12
[2022-05-19T10:18:05.120+0000][163][gc,metaspace   ] GC(211) Metaspace: 100960K(102528K)->100960K(102528K) NonClass: 87067K(88000K)->87067K(88000K) Class: 13892K(14528K)->13892K(14528K)
[2022-05-19T10:18:05.120+0000][163][gc             ] GC(211) Pause Young (Normal) (G1 Evacuation Pause) 391M->186M(512M) 9.178ms
[2022-05-19T10:18:05.121+0000][163][gc,cpu         ] GC(211) User=0.03s Sys=0.00s Real=0.01s
[2022-05-19T10:18:05.121+0000][163][safepoint      ] Safepoint "G1CollectForAllocation", Time since last: 483536000 ns, Reaching safepoint: 290000 ns, At safepoint: 9714400 ns, Total: 10004400 ns
[2022-05-19T10:18:06.122+0000][163][safepoint      ] Safepoint "Cleanup", Time since last: 1000313800 ns, Reaching safepoint: 331000 ns, At safepoint: 25200 ns, Total: 356200 ns
[2022-05-19T10:18:06.514+0000][163][gc,start       ] GC(212) Pause Young (Normal) (G1 Evacuation Pause)
[2022-05-19T10:18:06.514+0000][163][gc,task        ] GC(212) Using 10 workers of 10 for evacuation
[2022-05-19T10:18:06.515+0000][163][gc,age         ] GC(212) Desired survivor size 12582912 bytes, new threshold 15 (max threshold 15)
[2022-05-19T10:18:06.518+0000][163][gc,age         ] GC(212) Age table with threshold 15 (max threshold 15)
[2022-05-19T10:18:06.518+0000][163][gc,age         ] GC(212) - age   1:    1907744 bytes,    1907744 total
[2022-05-19T10:18:06.518+0000][163][gc,age         ] GC(212) - age   2:    7076104 bytes,    8983848 total
[2022-05-19T10:18:06.518+0000][163][gc,age         ] GC(212) - age   3:     229488 bytes,    9213336 total
[2022-05-19T10:18:06.519+0000][163][gc,age         ] GC(212) - age   4:     360680 bytes,    9574016 total
[2022-05-19T10:18:06.519+0000][163][gc,phases      ] GC(212)   Pre Evacuate Collection Set: 0.2ms
[2022-05-19T10:18:06.519+0000][163][gc,phases      ] GC(212)   Merge Heap Roots: 0.2ms
[2022-05-19T10:18:06.519+0000][163][gc,phases      ] GC(212)   Evacuate Collection Set: 1.6ms
[2022-05-19T10:18:06.519+0000][163][gc,phases      ] GC(212)   Post Evacuate Collection Set: 0.7ms
[2022-05-19T10:18:06.519+0000][163][gc,phases      ] GC(212)   Other: 2.3ms
[2022-05-19T10:18:06.520+0000][163][gc,heap        ] GC(212) Eden regions: 45->0(46)
[2022-05-19T10:18:06.520+0000][163][gc,heap        ] GC(212) Survivor regions: 2->3(6)
[2022-05-19T10:18:06.520+0000][163][gc,heap        ] GC(212) Old regions: 33->33
[2022-05-19T10:18:06.520+0000][163][gc,heap        ] GC(212) Archive regions: 2->2
[2022-05-19T10:18:06.520+0000][163][gc,heap        ] GC(212) Humongous regions: 12->12
[2022-05-19T10:18:06.520+0000][163][gc,metaspace   ] GC(212) Metaspace: 100975K(102528K)->100975K(102528K) NonClass: 87082K(88000K)->87082K(88000K) Class: 13892K(14528K)->13892K(14528K)
[2022-05-19T10:18:06.521+0000][163][gc             ] GC(212) Pause Young (Normal) (G1 Evacuation Pause) 366M->188M(512M) 6.799ms
[2022-05-19T10:18:06.521+0000][163][gc,cpu         ] GC(212) User=0.02s Sys=0.00s Real=0.01s
[2022-05-19T10:18:06.521+0000][163][safepoint      ] Safepoint "G1CollectForAllocation", Time since last: 391856400 ns, Reaching safepoint: 246500 ns, At safepoint: 7172200 ns, Total: 7418700 ns
[2022-05-19T10:18:07.522+0000][163][safepoint      ] Safepoint "Cleanup", Time since last: 1000309700 ns, Reaching safepoint: 346400 ns, At safepoint: 29700 ns, Total: 376100 ns
[2022-05-19T10:18:07.715+0000][163][gc,start       ] GC(213) Pause Young (Concurrent Start) (G1 Humongous Allocation)
[2022-05-19T10:18:07.715+0000][163][gc,task        ] GC(213) Using 10 workers of 10 for evacuation
[2022-05-19T10:18:07.716+0000][163][gc,age         ] GC(213) Desired survivor size 14680064 bytes, new threshold 15 (max threshold 15)
[2022-05-19T10:18:07.719+0000][163][gc,age         ] GC(213) Age table with threshold 15 (max threshold 15)
[2022-05-19T10:18:07.719+0000][163][gc,age         ] GC(213) - age   1:    1709760 bytes,    1709760 total
[2022-05-19T10:18:07.720+0000][163][gc,age         ] GC(213) - age   2:    1902512 bytes,    3612272 total
[2022-05-19T10:18:07.720+0000][163][gc,age         ] GC(213) - age   3:    7071968 bytes,   10684240 total
[2022-05-19T10:18:07.720+0000][163][gc,age         ] GC(213) - age   4:     229488 bytes,   10913728 total
[2022-05-19T10:18:07.720+0000][163][gc,age         ] GC(213) - age   5:     360680 bytes,   11274408 total
[2022-05-19T10:18:07.721+0000][163][gc,phases      ] GC(213)   Pre Evacuate Collection Set: 0.3ms
[2022-05-19T10:18:07.721+0000][163][gc,phases      ] GC(213)   Merge Heap Roots: 0.2ms
[2022-05-19T10:18:07.721+0000][163][gc,phases      ] GC(213)   Evacuate Collection Set: 2.0ms
[2022-05-19T10:18:07.721+0000][163][gc,phases      ] GC(213)   Post Evacuate Collection Set: 0.7ms
[2022-05-19T10:18:07.721+0000][163][gc,phases      ] GC(213)   Other: 2.5ms
[2022-05-19T10:18:07.721+0000][163][gc,heap        ] GC(213) Eden regions: 40->0(8)
[2022-05-19T10:18:07.721+0000][163][gc,heap        ] GC(213) Survivor regions: 3->3(7)
[2022-05-19T10:18:07.721+0000][163][gc,heap        ] GC(213) Old regions: 33->33
[2022-05-19T10:18:07.722+0000][163][gc,heap        ] GC(213) Archive regions: 2->2
[2022-05-19T10:18:07.722+0000][163][gc,heap        ] GC(213) Humongous regions: 12->12
[2022-05-19T10:18:07.722+0000][163][gc,metaspace   ] GC(213) Metaspace: 100976K(102528K)->100976K(102528K) NonClass: 87083K(88000K)->87083K(88000K) Class: 13892K(14528K)->13892K(14528K)
[2022-05-19T10:18:07.722+0000][163][gc             ] GC(213) Pause Young (Concurrent Start) (G1 Humongous Allocation) 348M->189M(512M) 6.971ms
[2022-05-19T10:18:07.722+0000][163][gc,cpu         ] GC(213) User=0.02s Sys=0.00s Real=0.01s
[2022-05-19T10:18:07.722+0000][163][gc             ] GC(214) Concurrent Mark Cycle
[2022-05-19T10:18:07.722+0000][163][safepoint      ] Safepoint "G1TryInitiateConcMark", Time since last: 193180600 ns, Reaching safepoint: 212800 ns, At safepoint: 7299900 ns, Total: 7512700 ns
[2022-05-19T10:18:07.722+0000][163][gc,marking     ] GC(214) Concurrent Clear Claimed Marks
[2022-05-19T10:18:07.723+0000][163][gc,marking     ] GC(214) Concurrent Clear Claimed Marks 0.351ms
[2022-05-19T10:18:07.723+0000][163][gc,marking     ] GC(214) Concurrent Scan Root Regions
[2022-05-19T10:18:07.724+0000][163][gc,marking     ] GC(214) Concurrent Scan Root Regions 1.495ms
[2022-05-19T10:18:07.725+0000][163][gc,marking     ] GC(214) Concurrent Mark
[2022-05-19T10:18:07.725+0000][163][gc,marking     ] GC(214) Concurrent Mark From Roots
[2022-05-19T10:18:07.725+0000][163][gc,task        ] GC(214) Using 3 workers of 3 for marking
[2022-05-19T10:18:07.770+0000][163][gc,marking     ] GC(214) Concurrent Mark From Roots 45.413ms
[2022-05-19T10:18:07.771+0000][163][gc,marking     ] GC(214) Concurrent Preclean
[2022-05-19T10:18:07.772+0000][163][gc,marking     ] GC(214) Concurrent Preclean 1.312ms
[2022-05-19T10:18:07.773+0000][163][gc,start       ] GC(214) Pause Remark
[2022-05-19T10:18:07.776+0000][163][gc             ] GC(214) Pause Remark 199M->187M(512M) 3.510ms
[2022-05-19T10:18:07.777+0000][163][gc,cpu         ] GC(214) User=0.02s Sys=0.00s Real=0.00s
[2022-05-19T10:18:07.777+0000][163][safepoint      ] Safepoint "G1Concurrent", Time since last: 50205300 ns, Reaching safepoint: 470900 ns, At safepoint: 4302300 ns, Total: 4773200 ns
[2022-05-19T10:18:07.778+0000][163][gc,marking     ] GC(214) Concurrent Mark 53.027ms
[2022-05-19T10:18:07.778+0000][163][gc,marking     ] GC(214) Concurrent Rebuild Remembered Sets
[2022-05-19T10:18:07.798+0000][163][gc,marking     ] GC(214) Concurrent Rebuild Remembered Sets 20.577ms
[2022-05-19T10:18:07.799+0000][163][gc,start       ] GC(214) Pause Cleanup
[2022-05-19T10:18:07.799+0000][163][gc             ] GC(214) Pause Cleanup 189M->189M(512M) 0.506ms
[2022-05-19T10:18:07.800+0000][163][gc,cpu         ] GC(214) User=0.00s Sys=0.00s Real=0.00s
[2022-05-19T10:18:07.800+0000][163][safepoint      ] Safepoint "G1Concurrent", Time since last: 21405500 ns, Reaching safepoint: 295500 ns, At safepoint: 1194700 ns, Total: 1490200 ns
[2022-05-19T10:18:07.800+0000][163][gc,marking     ] GC(214) Concurrent Cleanup for Next Mark
[2022-05-19T10:18:07.801+0000][163][gc,marking     ] GC(214) Concurrent Cleanup for Next Mark 0.968ms
[2022-05-19T10:18:07.802+0000][163][gc             ] GC(214) Concurrent Mark Cycle 79.616ms
[2022-05-19T10:18:23.802+0000][163][safepoint      ] Safepoint "Cleanup", Time since last: 16002097100 ns, Reaching safepoint: 195500 ns, At safepoint: 6400 ns, Total: 201900 ns
[2022-05-19T10:18:27.804+0000][163][safepoint      ] Safepoint "Cleanup", Time since last: 4000746300 ns, Reaching safepoint: 302800 ns, At safepoint: 10400 ns, Total: 313200 ns
[2022-05-19T10:18:37.806+0000][163][safepoint      ] Safepoint "Cleanup", Time since last: 10001512800 ns, Reaching safepoint: 201200 ns, At safepoint: 7400 ns, Total: 208600 ns
[2022-05-19T10:18:55.809+0000][163][safepoint      ] Safepoint "Cleanup", Time since last: 18002660600 ns, Reaching safepoint: 209500 ns, At safepoint: 7300 ns, Total: 216800 ns
[2022-05-19T10:19:13.812+0000][163][safepoint      ] Safepoint "Cleanup", Time since last: 18002473700 ns, Reaching safepoint: 190600 ns, At safepoint: 7300 ns, Total: 197900 ns
[2022-05-19T10:19:18.813+0000][163][safepoint      ] Safepoint "Cleanup", Time since last: 5000941300 ns, Reaching safepoint: 328800 ns, At safepoint: 46200 ns, Total: 375000 ns
[2022-05-19T10:19:19.047+0000][163][gc,start       ] GC(215) Pause Young (Prepare Mixed) (G1 Evacuation Pause)
[2022-05-19T10:19:19.047+0000][163][gc,task        ] GC(215) Using 10 workers of 10 for evacuation
[2022-05-19T10:19:19.048+0000][163][gc,age         ] GC(215) Desired survivor size 14680064 bytes, new threshold 15 (max threshold 15)
[2022-05-19T10:19:19.051+0000][163][gc,age         ] GC(215) Age table with threshold 15 (max threshold 15)
[2022-05-19T10:19:19.051+0000][163][gc,age         ] GC(215) - age   1:    2083544 bytes,    2083544 total
[2022-05-19T10:19:19.051+0000][163][gc,age         ] GC(215) - age   2:    1706784 bytes,    3790328 total
[2022-05-19T10:19:19.051+0000][163][gc,age         ] GC(215) - age   3:    1901888 bytes,    5692216 total
[2022-05-19T10:19:19.052+0000][163][gc,age         ] GC(215) - age   4:    7003872 bytes,   12696088 total
[2022-05-19T10:19:19.052+0000][163][gc,age         ] GC(215) - age   5:     229488 bytes,   12925576 total
[2022-05-19T10:19:19.052+0000][163][gc,age         ] GC(215) - age   6:     360624 bytes,   13286200 total
[2022-05-19T10:19:19.052+0000][163][gc,phases      ] GC(215)   Pre Evacuate Collection Set: 0.2ms
[2022-05-19T10:19:19.053+0000][163][gc,phases      ] GC(215)   Merge Heap Roots: 0.1ms
[2022-05-19T10:19:19.053+0000][163][gc,phases      ] GC(215)   Evacuate Collection Set: 2.0ms
[2022-05-19T10:19:19.053+0000][163][gc,phases      ] GC(215)   Post Evacuate Collection Set: 0.7ms
[2022-05-19T10:19:19.053+0000][163][gc,phases      ] GC(215)   Other: 2.3ms
[2022-05-19T10:19:19.053+0000][163][gc,heap        ] GC(215) Eden regions: 48->0(2)
[2022-05-19T10:19:19.053+0000][163][gc,heap        ] GC(215) Survivor regions: 3->4(7)
[2022-05-19T10:19:19.053+0000][163][gc,heap        ] GC(215) Old regions: 33->33
[2022-05-19T10:19:19.054+0000][163][gc,heap        ] GC(215) Archive regions: 2->2
[2022-05-19T10:19:19.054+0000][163][gc,heap        ] GC(215) Humongous regions: 11->7
[2022-05-19T10:19:19.054+0000][163][gc,metaspace   ] GC(215) Metaspace: 101008K(102592K)->101008K(102592K) NonClass: 87115K(88064K)->87115K(88064K) Class: 13892K(14528K)->13892K(14528K)
[2022-05-19T10:19:19.054+0000][163][gc             ] GC(215) Pause Young (Prepare Mixed) (G1 Evacuation Pause) 377M->171M(512M) 6.929ms
[2022-05-19T10:19:19.054+0000][163][gc,cpu         ] GC(215) User=0.03s Sys=0.00s Real=0.01s
[2022-05-19T10:19:19.054+0000][163][safepoint      ] Safepoint "G1CollectForAllocation", Time since last: 233461200 ns, Reaching safepoint: 179000 ns, At safepoint: 7255600 ns, Total: 7434600 ns
[2022-05-19T10:19:19.057+0000][163][gc,start       ] GC(216) Pause Young (Mixed) (G1 Evacuation Pause)
[2022-05-19T10:19:19.057+0000][163][gc,task        ] GC(216) Using 10 workers of 10 for evacuation
[2022-05-19T10:19:19.057+0000][163][gc,age         ] GC(216) Desired survivor size 2097152 bytes, new threshold 2 (max threshold 15)
[2022-05-19T10:19:19.061+0000][163][gc,age         ] GC(216) Age table with threshold 2 (max threshold 15)
[2022-05-19T10:19:19.061+0000][163][gc,age         ] GC(216) - age   1:        328 bytes,        328 total
[2022-05-19T10:19:19.061+0000][163][gc,age         ] GC(216) - age   2:    2083272 bytes,    2083600 total
[2022-05-19T10:19:19.061+0000][163][gc,phases      ] GC(216)   Pre Evacuate Collection Set: 0.2ms
[2022-05-19T10:19:19.061+0000][163][gc,phases      ] GC(216)   Merge Heap Roots: 0.1ms
[2022-05-19T10:19:19.062+0000][163][gc,phases      ] GC(216)   Evacuate Collection Set: 2.1ms
[2022-05-19T10:19:19.062+0000][163][gc,phases      ] GC(216)   Post Evacuate Collection Set: 0.6ms
[2022-05-19T10:19:19.062+0000][163][gc,phases      ] GC(216)   Other: 1.3ms
[2022-05-19T10:19:19.062+0000][163][gc,heap        ] GC(216) Eden regions: 2->0(53)
[2022-05-19T10:19:19.062+0000][163][gc,heap        ] GC(216) Survivor regions: 4->1(1)
[2022-05-19T10:19:19.062+0000][163][gc,heap        ] GC(216) Old regions: 33->35
[2022-05-19T10:19:19.063+0000][163][gc,heap        ] GC(216) Archive regions: 2->2
[2022-05-19T10:19:19.063+0000][163][gc,heap        ] GC(216) Humongous regions: 7->7
[2022-05-19T10:19:19.063+0000][163][gc,metaspace   ] GC(216) Metaspace: 101008K(102592K)->101008K(102592K) NonClass: 87115K(88064K)->87115K(88064K) Class: 13892K(14528K)->13892K(14528K)
[2022-05-19T10:19:19.063+0000][163][gc             ] GC(216) Pause Young (Mixed) (G1 Evacuation Pause) 179M->169M(512M) 6.154ms
[2022-05-19T10:19:19.063+0000][163][gc,cpu         ] GC(216) User=0.03s Sys=0.00s Real=0.01s
[2022-05-19T10:19:19.063+0000][163][safepoint      ] Safepoint "G1CollectForAllocation", Time since last: 2442600 ns, Reaching safepoint: 166100 ns, At safepoint: 6459500 ns, Total: 6625600 ns
[2022-05-19T10:19:20.064+0000][163][safepoint      ] Safepoint "Cleanup", Time since last: 1000230400 ns, Reaching safepoint: 191100 ns, At safepoint: 6700 ns, Total: 197800 ns
[2022-05-19T10:19:23.065+0000][163][safepoint      ] Safepoint "Cleanup", Time since last: 3000549500 ns, Reaching safepoint: 231500 ns, At safepoint: 9800 ns, Total: 241300 ns
[2022-05-19T10:19:24.065+0000][163][safepoint      ] Safepoint "Cleanup", Time since last: 1000342600 ns, Reaching safepoint: 353300 ns, At safepoint: 32000 ns, Total: 385300 ns
[2022-05-19T10:19:24.067+0000][163][gc,start       ] GC(217) Pause Young (Normal) (G1 Evacuation Pause)
[2022-05-19T10:19:24.068+0000][163][gc,task        ] GC(217) Using 10 workers of 10 for evacuation
[2022-05-19T10:19:24.068+0000][163][gc,age         ] GC(217) Desired survivor size 14680064 bytes, new threshold 15 (max threshold 15)
[2022-05-19T10:19:24.071+0000][163][gc,age         ] GC(217) Age table with threshold 15 (max threshold 15)
[2022-05-19T10:19:24.071+0000][163][gc,age         ] GC(217) - age   1:    6596312 bytes,    6596312 total
[2022-05-19T10:19:24.071+0000][163][gc,age         ] GC(217) - age   3:    1210736 bytes,    7807048 total
[2022-05-19T10:19:24.071+0000][163][gc,phases      ] GC(217)   Pre Evacuate Collection Set: 0.2ms
[2022-05-19T10:19:24.071+0000][163][gc,phases      ] GC(217)   Merge Heap Roots: 0.2ms
[2022-05-19T10:19:24.072+0000][163][gc,phases      ] GC(217)   Evacuate Collection Set: 1.6ms
[2022-05-19T10:19:24.072+0000][163][gc,phases      ] GC(217)   Post Evacuate Collection Set: 0.8ms
[2022-05-19T10:19:24.072+0000][163][gc,phases      ] GC(217)   Other: 1.1ms
[2022-05-19T10:19:24.072+0000][163][gc,heap        ] GC(217) Eden regions: 53->0(53)
[2022-05-19T10:19:24.072+0000][163][gc,heap        ] GC(217) Survivor regions: 1->2(7)
[2022-05-19T10:19:24.072+0000][163][gc,heap        ] GC(217) Old regions: 35->35
[2022-05-19T10:19:24.072+0000][163][gc,heap        ] GC(217) Archive regions: 2->2
[2022-05-19T10:19:24.072+0000][163][gc,heap        ] GC(217) Humongous regions: 7->7
[2022-05-19T10:19:24.073+0000][163][gc,metaspace   ] GC(217) Metaspace: 101054K(102656K)->101054K(102656K) NonClass: 87161K(88128K)->87161K(88128K) Class: 13892K(14528K)->13892K(14528K)
[2022-05-19T10:19:24.073+0000][163][gc             ] GC(217) Pause Young (Normal) (G1 Evacuation Pause) 381M->174M(512M) 5.350ms
[2022-05-19T10:19:24.073+0000][163][gc,cpu         ] GC(217) User=0.03s Sys=0.00s Real=0.01s
[2022-05-19T10:19:24.073+0000][163][safepoint      ] Safepoint "G1CollectForAllocation", Time since last: 1931000 ns, Reaching safepoint: 212300 ns, At safepoint: 5693000 ns, Total: 5905300 ns
[2022-05-19T10:19:25.236+0000][163][safepoint      ] Safepoint "ICBufferFull", Time since last: 1162639800 ns, Reaching safepoint: 240300 ns, At safepoint: 11500 ns, Total: 251800 ns
[2022-05-19T10:19:25.342+0000][163][gc,start       ] GC(218) Pause Young (Concurrent Start) (G1 Evacuation Pause)
[2022-05-19T10:19:25.343+0000][163][gc,task        ] GC(218) Using 10 workers of 10 for evacuation
[2022-05-19T10:19:25.343+0000][163][gc,age         ] GC(218) Desired survivor size 14680064 bytes, new threshold 15 (max threshold 15)
[2022-05-19T10:19:25.346+0000][163][gc,age         ] GC(218) Age table with threshold 15 (max threshold 15)
[2022-05-19T10:19:25.346+0000][163][gc,age         ] GC(218) - age   1:    7530952 bytes,    7530952 total
[2022-05-19T10:19:25.346+0000][163][gc,age         ] GC(218) - age   2:    1043304 bytes,    8574256 total
[2022-05-19T10:19:25.347+0000][163][gc,age         ] GC(218) - age   4:    1210192 bytes,    9784448 total
[2022-05-19T10:19:25.347+0000][163][gc,phases      ] GC(218)   Pre Evacuate Collection Set: 0.3ms
[2022-05-19T10:19:25.347+0000][163][gc,phases      ] GC(218)   Merge Heap Roots: 0.2ms
[2022-05-19T10:19:25.347+0000][163][gc,phases      ] GC(218)   Evacuate Collection Set: 1.9ms
[2022-05-19T10:19:25.347+0000][163][gc,phases      ] GC(218)   Post Evacuate Collection Set: 0.8ms
[2022-05-19T10:19:25.348+0000][163][gc,phases      ] GC(218)   Other: 1.3ms
[2022-05-19T10:19:25.348+0000][163][gc,heap        ] GC(218) Eden regions: 53->0(12)
[2022-05-19T10:19:25.348+0000][163][gc,heap        ] GC(218) Survivor regions: 2->3(7)
[2022-05-19T10:19:25.348+0000][163][gc,heap        ] GC(218) Old regions: 35->35
[2022-05-19T10:19:25.348+0000][163][gc,heap        ] GC(218) Archive regions: 2->2
[2022-05-19T10:19:25.348+0000][163][gc,heap        ] GC(218) Humongous regions: 7->7
[2022-05-19T10:19:25.348+0000][163][gc,metaspace   ] GC(218) Metaspace: 101096K(102656K)->101096K(102656K) NonClass: 87200K(88128K)->87200K(88128K) Class: 13896K(14528K)->13896K(14528K)
[2022-05-19T10:19:25.349+0000][163][gc             ] GC(218) Pause Young (Concurrent Start) (G1 Evacuation Pause) 386M->176M(512M) 6.201ms
[2022-05-19T10:19:25.349+0000][163][gc,cpu         ] GC(218) User=0.03s Sys=0.00s Real=0.00s
[2022-05-19T10:19:25.349+0000][163][gc             ] GC(219) Concurrent Mark Cycle
[2022-05-19T10:19:25.349+0000][163][gc,marking     ] GC(219) Concurrent Clear Claimed Marks
[2022-05-19T10:19:25.349+0000][163][safepoint      ] Safepoint "G1CollectForAllocation", Time since last: 106212600 ns, Reaching safepoint: 198300 ns, At safepoint: 6675700 ns, Total: 6874000 ns
[2022-05-19T10:19:25.349+0000][163][gc,marking     ] GC(219) Concurrent Clear Claimed Marks 0.230ms
[2022-05-19T10:19:25.350+0000][163][gc,marking     ] GC(219) Concurrent Scan Root Regions
[2022-05-19T10:19:25.351+0000][163][gc,marking     ] GC(219) Concurrent Scan Root Regions 1.273ms
[2022-05-19T10:19:25.351+0000][163][gc,marking     ] GC(219) Concurrent Mark
[2022-05-19T10:19:25.352+0000][163][gc,marking     ] GC(219) Concurrent Mark From Roots
[2022-05-19T10:19:25.352+0000][163][gc,task        ] GC(219) Using 3 workers of 3 for marking
[2022-05-19T10:19:25.403+0000][163][gc,marking     ] GC(219) Concurrent Mark From Roots 51.284ms
[2022-05-19T10:19:25.403+0000][163][gc,marking     ] GC(219) Concurrent Preclean
[2022-05-19T10:19:25.404+0000][163][gc,marking     ] GC(219) Concurrent Preclean 0.677ms
[2022-05-19T10:19:25.404+0000][163][gc,start       ] GC(219) Pause Remark
[2022-05-19T10:19:25.408+0000][163][gc             ] GC(219) Pause Remark 182M->182M(512M) 3.355ms
[2022-05-19T10:19:25.408+0000][163][gc,cpu         ] GC(219) User=0.02s Sys=0.00s Real=0.00s
[2022-05-19T10:19:25.408+0000][163][safepoint      ] Safepoint "G1Concurrent", Time since last: 54909900 ns, Reaching safepoint: 371800 ns, At safepoint: 3923600 ns, Total: 4295400 ns
[2022-05-19T10:19:25.409+0000][163][gc,marking     ] GC(219) Concurrent Mark 57.199ms
[2022-05-19T10:19:25.409+0000][163][gc,marking     ] GC(219) Concurrent Rebuild Remembered Sets
[2022-05-19T10:19:25.431+0000][163][gc,marking     ] GC(219) Concurrent Rebuild Remembered Sets 21.971ms
[2022-05-19T10:19:25.431+0000][163][gc,start       ] GC(219) Pause Cleanup
[2022-05-19T10:19:25.432+0000][163][gc             ] GC(219) Pause Cleanup 184M->184M(512M) 0.369ms
[2022-05-19T10:19:25.432+0000][163][gc,cpu         ] GC(219) User=0.00s Sys=0.00s Real=0.00s
[2022-05-19T10:19:25.432+0000][163][safepoint      ] Safepoint "G1Concurrent", Time since last: 22707500 ns, Reaching safepoint: 278900 ns, At safepoint: 715000 ns, Total: 993900 ns
[2022-05-19T10:19:25.432+0000][163][gc,marking     ] GC(219) Concurrent Cleanup for Next Mark
[2022-05-19T10:19:25.433+0000][163][gc,marking     ] GC(219) Concurrent Cleanup for Next Mark 0.430ms
[2022-05-19T10:19:25.433+0000][163][gc             ] GC(219) Concurrent Mark Cycle 83.723ms
[2022-05-19T10:19:26.433+0000][163][safepoint      ] Safepoint "Cleanup", Time since last: 1000300100 ns, Reaching safepoint: 355600 ns, At safepoint: 45800 ns, Total: 401400 ns
[2022-05-19T10:19:26.525+0000][163][gc,start       ] GC(220) Pause Young (Prepare Mixed) (G1 Evacuation Pause)
[2022-05-19T10:19:26.525+0000][163][gc,task        ] GC(220) Using 10 workers of 10 for evacuation
[2022-05-19T10:19:26.525+0000][163][gc,age         ] GC(220) Desired survivor size 14680064 bytes, new threshold 15 (max threshold 15)
[2022-05-19T10:19:26.530+0000][163][gc,age         ] GC(220) Age table with threshold 15 (max threshold 15)
[2022-05-19T10:19:26.530+0000][163][gc,age         ] GC(220) - age   1:   13243832 bytes,   13243832 total
[2022-05-19T10:19:26.530+0000][163][gc,age         ] GC(220) - age   2:    3886824 bytes,   17130656 total
[2022-05-19T10:19:26.530+0000][163][gc,age         ] GC(220) - age   3:    1042872 bytes,   18173528 total
[2022-05-19T10:19:26.530+0000][163][gc,age         ] GC(220) - age   5:    1208192 bytes,   19381720 total
[2022-05-19T10:19:26.531+0000][163][gc,phases      ] GC(220)   Pre Evacuate Collection Set: 0.2ms
[2022-05-19T10:19:26.531+0000][163][gc,phases      ] GC(220)   Merge Heap Roots: 0.2ms
[2022-05-19T10:19:26.531+0000][163][gc,phases      ] GC(220)   Evacuate Collection Set: 2.9ms
[2022-05-19T10:19:26.531+0000][163][gc,phases      ] GC(220)   Post Evacuate Collection Set: 0.9ms
[2022-05-19T10:19:26.531+0000][163][gc,phases      ] GC(220)   Other: 1.6ms
[2022-05-19T10:19:26.532+0000][163][gc,heap        ] GC(220) Eden regions: 52->0(1)
[2022-05-19T10:19:26.532+0000][163][gc,heap        ] GC(220) Survivor regions: 3->5(7)
[2022-05-19T10:19:26.532+0000][163][gc,heap        ] GC(220) Old regions: 35->35
[2022-05-19T10:19:26.532+0000][163][gc,heap        ] GC(220) Archive regions: 2->2
[2022-05-19T10:19:26.532+0000][163][gc,heap        ] GC(220) Humongous regions: 7->7
[2022-05-19T10:19:26.532+0000][163][gc,metaspace   ] GC(220) Metaspace: 101119K(102720K)->101119K(102720K) NonClass: 87222K(88192K)->87222K(88192K) Class: 13896K(14528K)->13896K(14528K)
[2022-05-19T10:19:26.533+0000][163][gc             ] GC(220) Pause Young (Prepare Mixed) (G1 Evacuation Pause) 384M->186M(512M) 7.796ms
[2022-05-19T10:19:26.533+0000][163][gc,cpu         ] GC(220) User=0.03s Sys=0.01s Real=0.01s
[2022-05-19T10:19:26.533+0000][163][safepoint      ] Safepoint "G1CollectForAllocation", Time since last: 91776900 ns, Reaching safepoint: 318600 ns, At safepoint: 8240300 ns, Total: 8558900 ns
[2022-05-19T10:19:26.543+0000][163][gc,start       ] GC(221) Pause Young (Mixed) (G1 Evacuation Pause)
[2022-05-19T10:19:26.543+0000][163][gc,task        ] GC(221) Using 10 workers of 10 for evacuation
[2022-05-19T10:19:26.543+0000][163][gc,age         ] GC(221) Desired survivor size 2097152 bytes, new threshold 1 (max threshold 15)
[2022-05-19T10:19:26.548+0000][163][gc,age         ] GC(221) Age table with threshold 1 (max threshold 15)
[2022-05-19T10:19:26.548+0000][163][gc,age         ] GC(221) - age   1:      63872 bytes,      63872 total
[2022-05-19T10:19:26.548+0000][163][gc,phases      ] GC(221)   Pre Evacuate Collection Set: 0.2ms
[2022-05-19T10:19:26.548+0000][163][gc,phases      ] GC(221)   Merge Heap Roots: 0.2ms
[2022-05-19T10:19:26.549+0000][163][gc,phases      ] GC(221)   Evacuate Collection Set: 3.0ms
[2022-05-19T10:19:26.549+0000][163][gc,phases      ] GC(221)   Post Evacuate Collection Set: 0.7ms
[2022-05-19T10:19:26.549+0000][163][gc,phases      ] GC(221)   Other: 1.2ms
[2022-05-19T10:19:26.549+0000][163][gc,heap        ] GC(221) Eden regions: 1->0(50)
[2022-05-19T10:19:26.549+0000][163][gc,heap        ] GC(221) Survivor regions: 5->1(1)
[2022-05-19T10:19:26.550+0000][163][gc,heap        ] GC(221) Old regions: 35->39
[2022-05-19T10:19:26.550+0000][163][gc,heap        ] GC(221) Archive regions: 2->2
[2022-05-19T10:19:26.550+0000][163][gc,heap        ] GC(221) Humongous regions: 7->7
[2022-05-19T10:19:26.550+0000][163][gc,metaspace   ] GC(221) Metaspace: 101119K(102720K)->101119K(102720K) NonClass: 87222K(88192K)->87222K(88192K) Class: 13896K(14528K)->13896K(14528K)
[2022-05-19T10:19:26.550+0000][163][gc             ] GC(221) Pause Young (Mixed) (G1 Evacuation Pause) 190M->183M(512M) 7.317ms
[2022-05-19T10:19:26.550+0000][163][gc,cpu         ] GC(221) User=0.04s Sys=0.00s Real=0.01s
[2022-05-19T10:19:26.551+0000][163][safepoint      ] Safepoint "G1CollectForAllocation", Time since last: 9571900 ns, Reaching safepoint: 324400 ns, At safepoint: 7784100 ns, Total: 8108500 ns
[2022-05-19T10:19:27.699+0000][163][safepoint      ] Safepoint "Cleanup", Time since last: 1147643600 ns, Reaching safepoint: 364900 ns, At safepoint: 32400 ns, Total: 397300 ns
[2022-05-19T10:19:27.749+0000][163][gc,start       ] GC(222) Pause Young (Concurrent Start) (G1 Evacuation Pause)
[2022-05-19T10:19:27.749+0000][163][gc,task        ] GC(222) Using 10 workers of 10 for evacuation
[2022-05-19T10:19:27.749+0000][163][gc,age         ] GC(222) Desired survivor size 14680064 bytes, new threshold 15 (max threshold 15)
[2022-05-19T10:19:27.752+0000][163][gc,age         ] GC(222) Age table with threshold 15 (max threshold 15)
[2022-05-19T10:19:27.753+0000][163][gc,age         ] GC(222) - age   1:   12654648 bytes,   12654648 total
[2022-05-19T10:19:27.753+0000][163][gc,age         ] GC(222) - age   2:      41064 bytes,   12695712 total
[2022-05-19T10:19:27.753+0000][163][gc,phases      ] GC(222)   Pre Evacuate Collection Set: 0.2ms
[2022-05-19T10:19:27.753+0000][163][gc,phases      ] GC(222)   Merge Heap Roots: 0.2ms
[2022-05-19T10:19:27.753+0000][163][gc,phases      ] GC(222)   Evacuate Collection Set: 2.1ms
[2022-05-19T10:19:27.753+0000][163][gc,phases      ] GC(222)   Post Evacuate Collection Set: 0.6ms
[2022-05-19T10:19:27.754+0000][163][gc,phases      ] GC(222)   Other: 1.2ms
[2022-05-19T10:19:27.754+0000][163][gc,heap        ] GC(222) Eden regions: 50->0(2)
[2022-05-19T10:19:27.754+0000][163][gc,heap        ] GC(222) Survivor regions: 1->4(7)
[2022-05-19T10:19:27.754+0000][163][gc,heap        ] GC(222) Old regions: 39->39
[2022-05-19T10:19:27.754+0000][163][gc,heap        ] GC(222) Archive regions: 2->2
[2022-05-19T10:19:27.754+0000][163][gc,heap        ] GC(222) Humongous regions: 7->7
[2022-05-19T10:19:27.754+0000][163][gc,metaspace   ] GC(222) Metaspace: 101141K(102720K)->101141K(102720K) NonClass: 87244K(88192K)->87244K(88192K) Class: 13896K(14528K)->13896K(14528K)
[2022-05-19T10:19:27.754+0000][163][gc             ] GC(222) Pause Young (Concurrent Start) (G1 Evacuation Pause) 383M->195M(512M) 5.830ms
[2022-05-19T10:19:27.755+0000][163][gc,cpu         ] GC(222) User=0.03s Sys=0.00s Real=0.01s
[2022-05-19T10:19:27.755+0000][163][gc             ] GC(223) Concurrent Mark Cycle
[2022-05-19T10:19:27.755+0000][163][gc,marking     ] GC(223) Concurrent Clear Claimed Marks
[2022-05-19T10:19:27.755+0000][163][safepoint      ] Safepoint "G1CollectForAllocation", Time since last: 49644700 ns, Reaching safepoint: 219600 ns, At safepoint: 6158800 ns, Total: 6378400 ns
[2022-05-19T10:19:27.755+0000][163][gc,marking     ] GC(223) Concurrent Clear Claimed Marks 0.195ms
[2022-05-19T10:19:27.755+0000][163][gc,marking     ] GC(223) Concurrent Scan Root Regions
[2022-05-19T10:19:27.757+0000][163][gc,marking     ] GC(223) Concurrent Scan Root Regions 1.335ms
[2022-05-19T10:19:27.757+0000][163][gc,marking     ] GC(223) Concurrent Mark
[2022-05-19T10:19:27.757+0000][163][gc,marking     ] GC(223) Concurrent Mark From Roots
[2022-05-19T10:19:27.757+0000][163][gc,task        ] GC(223) Using 3 workers of 3 for marking
[2022-05-19T10:19:27.803+0000][163][gc,marking     ] GC(223) Concurrent Mark From Roots 46.129ms
[2022-05-19T10:19:27.803+0000][163][gc,marking     ] GC(223) Concurrent Preclean
[2022-05-19T10:19:27.804+0000][163][gc,marking     ] GC(223) Concurrent Preclean 0.672ms
[2022-05-19T10:19:27.805+0000][163][gc,start       ] GC(223) Pause Remark
[2022-05-19T10:19:27.807+0000][163][gc             ] GC(223) Pause Remark 200M->200M(512M) 2.913ms
[2022-05-19T10:19:27.808+0000][163][gc,cpu         ] GC(223) User=0.02s Sys=0.00s Real=0.00s
[2022-05-19T10:19:27.808+0000][163][safepoint      ] Safepoint "G1Concurrent", Time since last: 49474600 ns, Reaching safepoint: 285900 ns, At safepoint: 3332700 ns, Total: 3618600 ns
[2022-05-19T10:19:27.808+0000][163][gc,marking     ] GC(223) Concurrent Mark 51.314ms
[2022-05-19T10:19:27.808+0000][163][gc,marking     ] GC(223) Concurrent Rebuild Remembered Sets
[2022-05-19T10:19:27.830+0000][163][gc,start       ] GC(224) Pause Young (Normal) (G1 Evacuation Pause)
[2022-05-19T10:19:27.830+0000][163][gc,task        ] GC(224) Using 10 workers of 10 for evacuation
[2022-05-19T10:19:27.831+0000][163][gc,age         ] GC(224) Desired survivor size 2097152 bytes, new threshold 1 (max threshold 15)
[2022-05-19T10:19:27.835+0000][163][gc,age         ] GC(224) Age table with threshold 1 (max threshold 15)
[2022-05-19T10:19:27.835+0000][163][gc,age         ] GC(224) - age   1:     989304 bytes,     989304 total
[2022-05-19T10:19:27.835+0000][163][gc,phases      ] GC(224)   Pre Evacuate Collection Set: 0.3ms
[2022-05-19T10:19:27.836+0000][163][gc,phases      ] GC(224)   Merge Heap Roots: 0.2ms
[2022-05-19T10:19:27.836+0000][163][gc,phases      ] GC(224)   Evacuate Collection Set: 2.5ms
[2022-05-19T10:19:27.836+0000][163][gc,phases      ] GC(224)   Post Evacuate Collection Set: 0.9ms
[2022-05-19T10:19:27.836+0000][163][gc,phases      ] GC(224)   Other: 1.3ms
[2022-05-19T10:19:27.836+0000][163][gc,heap        ] GC(224) Eden regions: 2->0(45)
[2022-05-19T10:19:27.837+0000][163][gc,heap        ] GC(224) Survivor regions: 4->1(1)
[2022-05-19T10:19:27.837+0000][163][gc,heap        ] GC(224) Old regions: 39->42
[2022-05-19T10:19:27.837+0000][163][gc,heap        ] GC(224) Archive regions: 2->2
[2022-05-19T10:19:27.837+0000][163][gc,heap        ] GC(224) Humongous regions: 7->7
[2022-05-19T10:19:27.837+0000][163][gc,metaspace   ] GC(224) Metaspace: 101141K(102720K)->101141K(102720K) NonClass: 87244K(88192K)->87244K(88192K) Class: 13896K(14528K)->13896K(14528K)
[2022-05-19T10:19:27.837+0000][163][gc             ] GC(224) Pause Young (Normal) (G1 Evacuation Pause) 203M->196M(512M) 7.159ms
[2022-05-19T10:19:27.837+0000][163][gc,cpu         ] GC(224) User=0.02s Sys=0.00s Real=0.00s
[2022-05-19T10:19:27.838+0000][163][safepoint      ] Safepoint "G1CollectForAllocation", Time since last: 21756000 ns, Reaching safepoint: 487900 ns, At safepoint: 7545300 ns, Total: 8033200 ns
[2022-05-19T10:19:27.841+0000][163][gc,marking     ] GC(223) Concurrent Rebuild Remembered Sets 33.096ms
[2022-05-19T10:19:27.842+0000][163][gc,start       ] GC(223) Pause Cleanup
[2022-05-19T10:19:27.842+0000][163][gc             ] GC(223) Pause Cleanup 197M->197M(512M) 0.424ms
[2022-05-19T10:19:27.842+0000][163][gc,cpu         ] GC(223) User=0.01s Sys=0.00s Real=0.00s
[2022-05-19T10:19:27.843+0000][163][safepoint      ] Safepoint "G1Concurrent", Time since last: 4009300 ns, Reaching safepoint: 179100 ns, At safepoint: 796300 ns, Total: 975400 ns
[2022-05-19T10:19:27.843+0000][163][gc,marking     ] GC(223) Concurrent Cleanup for Next Mark
[2022-05-19T10:19:27.843+0000][163][gc,marking     ] GC(223) Concurrent Cleanup for Next Mark 0.372ms
[2022-05-19T10:19:27.843+0000][163][gc             ] GC(223) Concurrent Mark Cycle 88.651ms
[2022-05-19T10:19:28.402+0000][163][gc,start       ] GC(225) Pause Young (Prepare Mixed) (G1 Evacuation Pause)
[2022-05-19T10:19:28.402+0000][163][gc,task        ] GC(225) Using 10 workers of 10 for evacuation
[2022-05-19T10:19:28.402+0000][163][gc,age         ] GC(225) Desired survivor size 12582912 bytes, new threshold 15 (max threshold 15)
[2022-05-19T10:19:28.405+0000][163][gc,age         ] GC(225) Age table with threshold 15 (max threshold 15)
[2022-05-19T10:19:28.406+0000][163][gc,age         ] GC(225) - age   1:    9622840 bytes,    9622840 total
[2022-05-19T10:19:28.406+0000][163][gc,age         ] GC(225) - age   2:     957208 bytes,   10580048 total
[2022-05-19T10:19:28.406+0000][163][gc,phases      ] GC(225)   Pre Evacuate Collection Set: 0.2ms
[2022-05-19T10:19:28.406+0000][163][gc,phases      ] GC(225)   Merge Heap Roots: 0.2ms
[2022-05-19T10:19:28.406+0000][163][gc,phases      ] GC(225)   Evacuate Collection Set: 1.9ms
[2022-05-19T10:19:28.406+0000][163][gc,phases      ] GC(225)   Post Evacuate Collection Set: 0.8ms
[2022-05-19T10:19:28.407+0000][163][gc,phases      ] GC(225)   Other: 1.1ms
[2022-05-19T10:19:28.407+0000][163][gc,heap        ] GC(225) Eden regions: 45->0(3)
[2022-05-19T10:19:28.407+0000][163][gc,heap        ] GC(225) Survivor regions: 1->3(6)
[2022-05-19T10:19:28.407+0000][163][gc,heap        ] GC(225) Old regions: 42->42
[2022-05-19T10:19:28.407+0000][163][gc,heap        ] GC(225) Archive regions: 2->2
[2022-05-19T10:19:28.407+0000][163][gc,heap        ] GC(225) Humongous regions: 7->7
[2022-05-19T10:19:28.407+0000][163][gc,metaspace   ] GC(225) Metaspace: 101155K(102720K)->101155K(102720K) NonClass: 87258K(88192K)->87258K(88192K) Class: 13896K(14528K)->13896K(14528K)
[2022-05-19T10:19:28.407+0000][163][gc             ] GC(225) Pause Young (Prepare Mixed) (G1 Evacuation Pause) 376M->205M(512M) 5.449ms
[2022-05-19T10:19:28.408+0000][163][gc,cpu         ] GC(225) User=0.02s Sys=0.00s Real=0.00s
[2022-05-19T10:19:28.408+0000][163][safepoint      ] Safepoint "G1CollectForAllocation", Time since last: 559005800 ns, Reaching safepoint: 280000 ns, At safepoint: 5802300 ns, Total: 6082300 ns
[2022-05-19T10:19:28.424+0000][163][gc,start       ] GC(226) Pause Young (Mixed) (G1 Evacuation Pause)
[2022-05-19T10:19:28.424+0000][163][gc,task        ] GC(226) Using 10 workers of 10 for evacuation
[2022-05-19T10:19:28.424+0000][163][gc,age         ] GC(226) Desired survivor size 2097152 bytes, new threshold 1 (max threshold 15)
[2022-05-19T10:19:28.427+0000][163][gc,age         ] GC(226) Age table with threshold 1 (max threshold 15)
[2022-05-19T10:19:28.428+0000][163][gc,age         ] GC(226) - age   1:     297664 bytes,     297664 total
[2022-05-19T10:19:28.428+0000][163][gc,phases      ] GC(226)   Pre Evacuate Collection Set: 0.2ms
[2022-05-19T10:19:28.428+0000][163][gc,phases      ] GC(226)   Merge Heap Roots: 0.2ms
[2022-05-19T10:19:28.428+0000][163][gc,phases      ] GC(226)   Evacuate Collection Set: 2.2ms
[2022-05-19T10:19:28.428+0000][163][gc,phases      ] GC(226)   Post Evacuate Collection Set: 0.6ms
[2022-05-19T10:19:28.428+0000][163][gc,phases      ] GC(226)   Other: 0.9ms
[2022-05-19T10:19:28.428+0000][163][gc,heap        ] GC(226) Eden regions: 3->0(47)
[2022-05-19T10:19:28.429+0000][163][gc,heap        ] GC(226) Survivor regions: 3->1(1)
[2022-05-19T10:19:28.429+0000][163][gc,heap        ] GC(226) Old regions: 42->42
[2022-05-19T10:19:28.429+0000][163][gc,heap        ] GC(226) Archive regions: 2->2
[2022-05-19T10:19:28.429+0000][163][gc,heap        ] GC(226) Humongous regions: 7->7
[2022-05-19T10:19:28.429+0000][163][gc,metaspace   ] GC(226) Metaspace: 101155K(102720K)->101155K(102720K) NonClass: 87258K(88192K)->87258K(88192K) Class: 13896K(14528K)->13896K(14528K)
[2022-05-19T10:19:28.429+0000][163][gc             ] GC(226) Pause Young (Mixed) (G1 Evacuation Pause) 217M->195M(512M) 5.433ms
[2022-05-19T10:19:28.429+0000][163][gc,cpu         ] GC(226) User=0.05s Sys=0.00s Real=0.01s
[2022-05-19T10:19:28.430+0000][163][safepoint      ] Safepoint "G1CollectForAllocation", Time since last: 15752300 ns, Reaching safepoint: 272900 ns, At safepoint: 5787600 ns, Total: 6060500 ns
[2022-05-19T10:19:29.431+0000][163][safepoint      ] Safepoint "Cleanup", Time since last: 1000244000 ns, Reaching safepoint: 188000 ns, At safepoint: 7800 ns, Total: 195800 ns
[2022-05-19T10:19:29.835+0000][163][gc,start       ] GC(227) Pause Young (Concurrent Start) (G1 Evacuation Pause)
[2022-05-19T10:19:29.835+0000][163][gc,task        ] GC(227) Using 10 workers of 10 for evacuation
[2022-05-19T10:19:29.835+0000][163][gc,age         ] GC(227) Desired survivor size 12582912 bytes, new threshold 15 (max threshold 15)
[2022-05-19T10:19:29.838+0000][163][gc,age         ] GC(227) Age table with threshold 15 (max threshold 15)
[2022-05-19T10:19:29.839+0000][163][gc,age         ] GC(227) - age   1:   14323264 bytes,   14323264 total
[2022-05-19T10:19:29.839+0000][163][gc,age         ] GC(227) - age   2:     163808 bytes,   14487072 total
[2022-05-19T10:19:29.839+0000][163][gc,phases      ] GC(227)   Pre Evacuate Collection Set: 0.3ms
[2022-05-19T10:19:29.839+0000][163][gc,phases      ] GC(227)   Merge Heap Roots: 0.2ms
[2022-05-19T10:19:29.839+0000][163][gc,phases      ] GC(227)   Evacuate Collection Set: 2.1ms
[2022-05-19T10:19:29.839+0000][163][gc,phases      ] GC(227)   Post Evacuate Collection Set: 0.7ms
[2022-05-19T10:19:29.840+0000][163][gc,phases      ] GC(227)   Other: 1.1ms
[2022-05-19T10:19:29.840+0000][163][gc,heap        ] GC(227) Eden regions: 47->0(12)
[2022-05-19T10:19:29.840+0000][163][gc,heap        ] GC(227) Survivor regions: 1->4(6)
[2022-05-19T10:19:29.840+0000][163][gc,heap        ] GC(227) Old regions: 42->42
[2022-05-19T10:19:29.840+0000][163][gc,heap        ] GC(227) Archive regions: 2->2
[2022-05-19T10:19:29.840+0000][163][gc,heap        ] GC(227) Humongous regions: 7->7
[2022-05-19T10:19:29.840+0000][163][gc,metaspace   ] GC(227) Metaspace: 101163K(102720K)->101163K(102720K) NonClass: 87265K(88192K)->87265K(88192K) Class: 13897K(14528K)->13897K(14528K)
[2022-05-19T10:19:29.841+0000][163][gc             ] GC(227) Pause Young (Concurrent Start) (G1 Evacuation Pause) 383M->210M(512M) 5.926ms
[2022-05-19T10:19:29.841+0000][163][gc,cpu         ] GC(227) User=0.04s Sys=0.00s Real=0.01s
[2022-05-19T10:19:29.841+0000][163][gc             ] GC(228) Concurrent Mark Cycle
[2022-05-19T10:19:29.841+0000][163][safepoint      ] Safepoint "G1CollectForAllocation", Time since last: 403722900 ns, Reaching safepoint: 218000 ns, At safepoint: 6328500 ns, Total: 6546500 ns
[2022-05-19T10:19:29.841+0000][163][gc,marking     ] GC(228) Concurrent Clear Claimed Marks
[2022-05-19T10:19:29.841+0000][163][gc,marking     ] GC(228) Concurrent Clear Claimed Marks 0.404ms
[2022-05-19T10:19:29.842+0000][163][gc,marking     ] GC(228) Concurrent Scan Root Regions
[2022-05-19T10:19:29.843+0000][163][gc,marking     ] GC(228) Concurrent Scan Root Regions 1.367ms
[2022-05-19T10:19:29.843+0000][163][gc,marking     ] GC(228) Concurrent Mark
[2022-05-19T10:19:29.843+0000][163][gc,marking     ] GC(228) Concurrent Mark From Roots
[2022-05-19T10:19:29.843+0000][163][gc,task        ] GC(228) Using 3 workers of 3 for marking
[2022-05-19T10:19:29.892+0000][163][gc,marking     ] GC(228) Concurrent Mark From Roots 48.506ms
[2022-05-19T10:19:29.892+0000][163][gc,marking     ] GC(228) Concurrent Preclean
[2022-05-19T10:19:29.893+0000][163][gc,marking     ] GC(228) Concurrent Preclean 0.624ms
[2022-05-19T10:19:29.893+0000][163][gc,start       ] GC(228) Pause Remark
[2022-05-19T10:19:29.898+0000][163][gc             ] GC(228) Pause Remark 217M->217M(512M) 4.210ms
[2022-05-19T10:19:29.898+0000][163][gc,cpu         ] GC(228) User=0.03s Sys=0.00s Real=0.00s
[2022-05-19T10:19:29.898+0000][163][safepoint      ] Safepoint "G1Concurrent", Time since last: 52206500 ns, Reaching safepoint: 266200 ns, At safepoint: 4974700 ns, Total: 5240900 ns
[2022-05-19T10:19:29.899+0000][163][gc,marking     ] GC(228) Concurrent Mark 55.399ms
[2022-05-19T10:19:29.899+0000][163][gc,marking     ] GC(228) Concurrent Rebuild Remembered Sets
[2022-05-19T10:19:29.925+0000][163][gc,marking     ] GC(228) Concurrent Rebuild Remembered Sets 26.006ms
[2022-05-19T10:19:29.926+0000][163][gc,start       ] GC(228) Pause Cleanup
[2022-05-19T10:19:29.926+0000][163][gc             ] GC(228) Pause Cleanup 219M->219M(512M) 0.432ms
[2022-05-19T10:19:29.926+0000][163][gc,cpu         ] GC(228) User=0.00s Sys=0.00s Real=0.00s
[2022-05-19T10:19:29.927+0000][163][safepoint      ] Safepoint "G1Concurrent", Time since last: 26852900 ns, Reaching safepoint: 528700 ns, At safepoint: 828200 ns, Total: 1356900 ns
[2022-05-19T10:19:29.927+0000][163][gc,marking     ] GC(228) Concurrent Cleanup for Next Mark
[2022-05-19T10:19:29.927+0000][163][gc,marking     ] GC(228) Concurrent Cleanup for Next Mark 0.441ms
[2022-05-19T10:19:29.927+0000][163][gc             ] GC(228) Concurrent Mark Cycle 86.587ms
[2022-05-19T10:19:30.026+0000][163][gc,start       ] GC(229) Pause Young (Prepare Mixed) (G1 Evacuation Pause)
[2022-05-19T10:19:30.026+0000][163][gc,task        ] GC(229) Using 10 workers of 10 for evacuation
[2022-05-19T10:19:30.026+0000][163][gc,age         ] GC(229) Desired survivor size 4194304 bytes, new threshold 1 (max threshold 15)
[2022-05-19T10:19:30.029+0000][163][gc,age         ] GC(229) Age table with threshold 1 (max threshold 15)
[2022-05-19T10:19:30.030+0000][163][gc,age         ] GC(229) - age   1:    2425968 bytes,    2425968 total
[2022-05-19T10:19:30.030+0000][163][gc,phases      ] GC(229)   Pre Evacuate Collection Set: 0.2ms
[2022-05-19T10:19:30.030+0000][163][gc,phases      ] GC(229)   Merge Heap Roots: 0.2ms
[2022-05-19T10:19:30.030+0000][163][gc,phases      ] GC(229)   Evacuate Collection Set: 2.3ms
[2022-05-19T10:19:30.030+0000][163][gc,phases      ] GC(229)   Post Evacuate Collection Set: 0.6ms
[2022-05-19T10:19:30.030+0000][163][gc,phases      ] GC(229)   Other: 0.8ms
[2022-05-19T10:19:30.030+0000][163][gc,heap        ] GC(229) Eden regions: 12->0(5)
[2022-05-19T10:19:30.031+0000][163][gc,heap        ] GC(229) Survivor regions: 4->1(2)
[2022-05-19T10:19:30.031+0000][163][gc,heap        ] GC(229) Old regions: 42->46
[2022-05-19T10:19:30.031+0000][163][gc,heap        ] GC(229) Archive regions: 2->2
[2022-05-19T10:19:30.031+0000][163][gc,heap        ] GC(229) Humongous regions: 7->7
[2022-05-19T10:19:30.031+0000][163][gc,metaspace   ] GC(229) Metaspace: 101163K(102720K)->101163K(102720K) NonClass: 87265K(88192K)->87265K(88192K) Class: 13897K(14528K)->13897K(14528K)
[2022-05-19T10:19:30.031+0000][163][gc             ] GC(229) Pause Young (Prepare Mixed) (G1 Evacuation Pause) 258M->213M(512M) 5.382ms
[2022-05-19T10:19:30.031+0000][163][gc,cpu         ] GC(229) User=0.04s Sys=0.00s Real=0.01s
[2022-05-19T10:19:30.032+0000][163][safepoint      ] Safepoint "G1CollectForAllocation", Time since last: 99002700 ns, Reaching safepoint: 270400 ns, At safepoint: 5775000 ns, Total: 6045400 ns
[2022-05-19T10:19:30.062+0000][163][gc,start       ] GC(230) Pause Young (Mixed) (G1 Evacuation Pause)
[2022-05-19T10:19:30.063+0000][163][gc,task        ] GC(230) Using 10 workers of 10 for evacuation
[2022-05-19T10:19:30.063+0000][163][gc,age         ] GC(230) Desired survivor size 2097152 bytes, new threshold 1 (max threshold 15)
[2022-05-19T10:19:30.066+0000][163][gc,age         ] GC(230) Age table with threshold 1 (max threshold 15)
[2022-05-19T10:19:30.066+0000][163][gc,age         ] GC(230) - age   1:     983488 bytes,     983488 total
[2022-05-19T10:19:30.066+0000][163][gc,phases      ] GC(230)   Pre Evacuate Collection Set: 0.2ms
[2022-05-19T10:19:30.066+0000][163][gc,phases      ] GC(230)   Merge Heap Roots: 0.2ms
[2022-05-19T10:19:30.066+0000][163][gc,phases      ] GC(230)   Evacuate Collection Set: 1.7ms
[2022-05-19T10:19:30.066+0000][163][gc,phases      ] GC(230)   Post Evacuate Collection Set: 0.7ms
[2022-05-19T10:19:30.066+0000][163][gc,phases      ] GC(230)   Other: 0.9ms
[2022-05-19T10:19:30.067+0000][163][gc,heap        ] GC(230) Eden regions: 5->0(49)
[2022-05-19T10:19:30.067+0000][163][gc,heap        ] GC(230) Survivor regions: 1->1(1)
[2022-05-19T10:19:30.067+0000][163][gc,heap        ] GC(230) Old regions: 46->40
[2022-05-19T10:19:30.067+0000][163][gc,heap        ] GC(230) Archive regions: 2->2
[2022-05-19T10:19:30.067+0000][163][gc,heap        ] GC(230) Humongous regions: 7->7
[2022-05-19T10:19:30.067+0000][163][gc,metaspace   ] GC(230) Metaspace: 101163K(102720K)->101163K(102720K) NonClass: 87265K(88192K)->87265K(88192K) Class: 13897K(14528K)->13897K(14528K)
[2022-05-19T10:19:30.067+0000][163][gc             ] GC(230) Pause Young (Mixed) (G1 Evacuation Pause) 233M->188M(512M) 4.967ms
[2022-05-19T10:19:30.067+0000][163][gc,cpu         ] GC(230) User=0.02s Sys=0.00s Real=0.00s
[2022-05-19T10:19:30.068+0000][163][safepoint      ] Safepoint "G1CollectForAllocation", Time since last: 30485400 ns, Reaching safepoint: 280500 ns, At safepoint: 5284500 ns, Total: 5565000 ns
[2022-05-19T10:19:30.841+0000][163][gc,start       ] GC(231) Pause Young (Normal) (G1 Evacuation Pause)
[2022-05-19T10:19:30.841+0000][163][gc,task        ] GC(231) Using 10 workers of 10 for evacuation
[2022-05-19T10:19:30.841+0000][163][gc,age         ] GC(231) Desired survivor size 14680064 bytes, new threshold 15 (max threshold 15)
[2022-05-19T10:19:30.844+0000][163][gc,age         ] GC(231) Age table with threshold 15 (max threshold 15)
[2022-05-19T10:19:30.844+0000][163][gc,age         ] GC(231) - age   1:   10111792 bytes,   10111792 total
[2022-05-19T10:19:30.844+0000][163][gc,age         ] GC(231) - age   2:     147144 bytes,   10258936 total
[2022-05-19T10:19:30.845+0000][163][gc,phases      ] GC(231)   Pre Evacuate Collection Set: 0.2ms
[2022-05-19T10:19:30.845+0000][163][gc,phases      ] GC(231)   Merge Heap Roots: 0.1ms
[2022-05-19T10:19:30.845+0000][163][gc,phases      ] GC(231)   Evacuate Collection Set: 1.6ms
[2022-05-19T10:19:30.845+0000][163][gc,phases      ] GC(231)   Post Evacuate Collection Set: 0.6ms
[2022-05-19T10:19:30.845+0000][163][gc,phases      ] GC(231)   Other: 1.1ms
[2022-05-19T10:19:30.845+0000][163][gc,heap        ] GC(231) Eden regions: 49->0(47)
[2022-05-19T10:19:30.845+0000][163][gc,heap        ] GC(231) Survivor regions: 1->3(7)
[2022-05-19T10:19:30.846+0000][163][gc,heap        ] GC(231) Old regions: 40->40
[2022-05-19T10:19:30.846+0000][163][gc,heap        ] GC(231) Archive regions: 2->2
[2022-05-19T10:19:30.846+0000][163][gc,heap        ] GC(231) Humongous regions: 7->7
[2022-05-19T10:19:30.846+0000][163][gc,metaspace   ] GC(231) Metaspace: 101168K(102720K)->101168K(102720K) NonClass: 87271K(88192K)->87271K(88192K) Class: 13897K(14528K)->13897K(14528K)
[2022-05-19T10:19:30.846+0000][163][gc             ] GC(231) Pause Young (Normal) (G1 Evacuation Pause) 384M->197M(512M) 5.290ms
[2022-05-19T10:19:30.846+0000][163][gc,cpu         ] GC(231) User=0.02s Sys=0.00s Real=0.00s
[2022-05-19T10:19:30.847+0000][163][safepoint      ] Safepoint "G1CollectForAllocation", Time since last: 773010400 ns, Reaching safepoint: 278400 ns, At safepoint: 5732600 ns, Total: 6011000 ns
[2022-05-19T10:19:31.784+0000][163][gc,start       ] GC(232) Pause Young (Normal) (G1 Evacuation Pause)
[2022-05-19T10:19:31.784+0000][163][gc,task        ] GC(232) Using 10 workers of 10 for evacuation
[2022-05-19T10:19:31.784+0000][163][gc,age         ] GC(232) Desired survivor size 14680064 bytes, new threshold 15 (max threshold 15)
[2022-05-19T10:19:31.788+0000][163][gc,age         ] GC(232) Age table with threshold 15 (max threshold 15)
[2022-05-19T10:19:31.788+0000][163][gc,age         ] GC(232) - age   1:   11548960 bytes,   11548960 total
[2022-05-19T10:19:31.788+0000][163][gc,age         ] GC(232) - age   2:    6963952 bytes,   18512912 total
[2022-05-19T10:19:31.788+0000][163][gc,age         ] GC(232) - age   3:     147144 bytes,   18660056 total
[2022-05-19T10:19:31.789+0000][163][gc,phases      ] GC(232)   Pre Evacuate Collection Set: 0.2ms
[2022-05-19T10:19:31.789+0000][163][gc,phases      ] GC(232)   Merge Heap Roots: 0.1ms
[2022-05-19T10:19:31.789+0000][163][gc,phases      ] GC(232)   Evacuate Collection Set: 2.4ms
[2022-05-19T10:19:31.789+0000][163][gc,phases      ] GC(232)   Post Evacuate Collection Set: 0.6ms
[2022-05-19T10:19:31.789+0000][163][gc,phases      ] GC(232)   Other: 1.2ms
[2022-05-19T10:19:31.789+0000][163][gc,heap        ] GC(232) Eden regions: 47->0(45)
[2022-05-19T10:19:31.789+0000][163][gc,heap        ] GC(232) Survivor regions: 3->5(7)
[2022-05-19T10:19:31.789+0000][163][gc,heap        ] GC(232) Old regions: 40->40
[2022-05-19T10:19:31.789+0000][163][gc,heap        ] GC(232) Archive regions: 2->2
[2022-05-19T10:19:31.790+0000][163][gc,heap        ] GC(232) Humongous regions: 7->7
[2022-05-19T10:19:31.790+0000][163][gc,metaspace   ] GC(232) Metaspace: 101173K(102784K)->101173K(102784K) NonClass: 87275K(88256K)->87275K(88256K) Class: 13898K(14528K)->13898K(14528K)
[2022-05-19T10:19:31.790+0000][163][gc             ] GC(232) Pause Young (Normal) (G1 Evacuation Pause) 385M->205M(512M) 5.767ms
[2022-05-19T10:19:31.790+0000][163][gc,cpu         ] GC(232) User=0.02s Sys=0.00s Real=0.01s
[2022-05-19T10:19:31.790+0000][163][safepoint      ] Safepoint "G1CollectForAllocation", Time since last: 937116000 ns, Reaching safepoint: 282200 ns, At safepoint: 6219300 ns, Total: 6501500 ns
[2022-05-19T10:19:32.601+0000][163][gc,start       ] GC(233) Pause Young (Concurrent Start) (G1 Evacuation Pause)
[2022-05-19T10:19:32.602+0000][163][gc,task        ] GC(233) Using 10 workers of 10 for evacuation
[2022-05-19T10:19:32.602+0000][163][gc,age         ] GC(233) Desired survivor size 14680064 bytes, new threshold 2 (max threshold 15)
[2022-05-19T10:19:32.609+0000][163][gc,age         ] GC(233) Age table with threshold 2 (max threshold 15)
[2022-05-19T10:19:32.609+0000][163][gc,age         ] GC(233) - age   1:    9024584 bytes,    9024584 total
[2022-05-19T10:19:32.609+0000][163][gc,age         ] GC(233) - age   2:    9840784 bytes,   18865368 total
[2022-05-19T10:19:32.609+0000][163][gc,phases      ] GC(233)   Pre Evacuate Collection Set: 0.3ms
[2022-05-19T10:19:32.609+0000][163][gc,phases      ] GC(233)   Merge Heap Roots: 0.2ms
[2022-05-19T10:19:32.610+0000][163][gc,phases      ] GC(233)   Evacuate Collection Set: 4.9ms
[2022-05-19T10:19:32.610+0000][163][gc,phases      ] GC(233)   Post Evacuate Collection Set: 1.1ms
[2022-05-19T10:19:32.610+0000][163][gc,phases      ] GC(233)   Other: 1.3ms
[2022-05-19T10:19:32.610+0000][163][gc,heap        ] GC(233) Eden regions: 45->0(2)
[2022-05-19T10:19:32.610+0000][163][gc,heap        ] GC(233) Survivor regions: 5->5(7)
[2022-05-19T10:19:32.610+0000][163][gc,heap        ] GC(233) Old regions: 40->41
[2022-05-19T10:19:32.610+0000][163][gc,heap        ] GC(233) Archive regions: 2->2
[2022-05-19T10:19:32.610+0000][163][gc,heap        ] GC(233) Humongous regions: 7->7
[2022-05-19T10:19:32.611+0000][163][gc,metaspace   ] GC(233) Metaspace: 101207K(102784K)->101207K(102784K) NonClass: 87309K(88256K)->87309K(88256K) Class: 13898K(14528K)->13898K(14528K)
[2022-05-19T10:19:32.611+0000][163][gc             ] GC(233) Pause Young (Concurrent Start) (G1 Evacuation Pause) 385M->210M(512M) 9.281ms
[2022-05-19T10:19:32.611+0000][163][gc,cpu         ] GC(233) User=0.05s Sys=0.00s Real=0.01s
[2022-05-19T10:19:32.611+0000][163][gc             ] GC(234) Concurrent Mark Cycle
[2022-05-19T10:19:32.611+0000][163][safepoint      ] Safepoint "G1CollectForAllocation", Time since last: 810965400 ns, Reaching safepoint: 181200 ns, At safepoint: 9603600 ns, Total: 9784800 ns
[2022-05-19T10:19:32.611+0000][163][gc,marking     ] GC(234) Concurrent Clear Claimed Marks
[2022-05-19T10:19:32.611+0000][163][gc,marking     ] GC(234) Concurrent Clear Claimed Marks 0.339ms
[2022-05-19T10:19:32.612+0000][163][gc,marking     ] GC(234) Concurrent Scan Root Regions
[2022-05-19T10:19:32.613+0000][163][gc,marking     ] GC(234) Concurrent Scan Root Regions 1.050ms
[2022-05-19T10:19:32.613+0000][163][gc,marking     ] GC(234) Concurrent Mark
[2022-05-19T10:19:32.613+0000][163][gc,marking     ] GC(234) Concurrent Mark From Roots
[2022-05-19T10:19:32.613+0000][163][gc,task        ] GC(234) Using 3 workers of 3 for marking
[2022-05-19T10:19:32.655+0000][163][gc,marking     ] GC(234) Concurrent Mark From Roots 42.378ms
[2022-05-19T10:19:32.656+0000][163][gc,marking     ] GC(234) Concurrent Preclean
[2022-05-19T10:19:32.656+0000][163][gc,marking     ] GC(234) Concurrent Preclean 0.504ms
[2022-05-19T10:19:32.656+0000][163][gc,start       ] GC(234) Pause Remark
[2022-05-19T10:19:32.659+0000][163][gc             ] GC(234) Pause Remark 214M->214M(512M) 2.949ms
[2022-05-19T10:19:32.660+0000][163][gc,cpu         ] GC(234) User=0.02s Sys=0.00s Real=0.00s
[2022-05-19T10:19:32.660+0000][163][safepoint      ] Safepoint "G1Concurrent", Time since last: 45133700 ns, Reaching safepoint: 255000 ns, At safepoint: 3403400 ns, Total: 3658400 ns
[2022-05-19T10:19:32.660+0000][163][gc,marking     ] GC(234) Concurrent Mark 47.199ms
[2022-05-19T10:19:32.660+0000][163][gc,marking     ] GC(234) Concurrent Rebuild Remembered Sets
[2022-05-19T10:19:32.683+0000][163][gc,marking     ] GC(234) Concurrent Rebuild Remembered Sets 23.358ms
[2022-05-19T10:19:32.684+0000][163][gc,start       ] GC(234) Pause Cleanup
[2022-05-19T10:19:32.684+0000][163][gc             ] GC(234) Pause Cleanup 217M->217M(512M) 0.319ms
[2022-05-19T10:19:32.684+0000][163][gc,cpu         ] GC(234) User=0.00s Sys=0.00s Real=0.00s
[2022-05-19T10:19:32.685+0000][163][safepoint      ] Safepoint "G1Concurrent", Time since last: 23905900 ns, Reaching safepoint: 248000 ns, At safepoint: 605500 ns, Total: 853500 ns
[2022-05-19T10:19:32.685+0000][163][gc,marking     ] GC(234) Concurrent Cleanup for Next Mark
[2022-05-19T10:19:32.685+0000][163][gc,marking     ] GC(234) Concurrent Cleanup for Next Mark 0.310ms
[2022-05-19T10:19:32.685+0000][163][gc             ] GC(234) Concurrent Mark Cycle 74.185ms
[2022-05-19T10:19:32.701+0000][163][gc,start       ] GC(235) Pause Young (Prepare Mixed) (G1 Evacuation Pause)
[2022-05-19T10:19:32.701+0000][163][gc,task        ] GC(235) Using 10 workers of 10 for evacuation
[2022-05-19T10:19:32.701+0000][163][gc,age         ] GC(235) Desired survivor size 2097152 bytes, new threshold 1 (max threshold 15)
[2022-05-19T10:19:32.704+0000][163][gc,age         ] GC(235) Age table with threshold 1 (max threshold 15)
[2022-05-19T10:19:32.704+0000][163][gc,age         ] GC(235) - age   1:     522912 bytes,     522912 total
[2022-05-19T10:19:32.704+0000][163][gc,phases      ] GC(235)   Pre Evacuate Collection Set: 0.2ms
[2022-05-19T10:19:32.704+0000][163][gc,phases      ] GC(235)   Merge Heap Roots: 0.1ms
[2022-05-19T10:19:32.704+0000][163][gc,phases      ] GC(235)   Evacuate Collection Set: 1.7ms
[2022-05-19T10:19:32.704+0000][163][gc,phases      ] GC(235)   Post Evacuate Collection Set: 0.5ms
[2022-05-19T10:19:32.705+0000][163][gc,phases      ] GC(235)   Other: 0.8ms
[2022-05-19T10:19:32.705+0000][163][gc,heap        ] GC(235) Eden regions: 2->0(5)
[2022-05-19T10:19:32.705+0000][163][gc,heap        ] GC(235) Survivor regions: 5->1(1)
[2022-05-19T10:19:32.705+0000][163][gc,heap        ] GC(235) Old regions: 41->44
[2022-05-19T10:19:32.705+0000][163][gc,heap        ] GC(235) Archive regions: 2->2
[2022-05-19T10:19:32.705+0000][163][gc,heap        ] GC(235) Humongous regions: 7->7
[2022-05-19T10:19:32.706+0000][163][gc,metaspace   ] GC(235) Metaspace: 101207K(102784K)->101207K(102784K) NonClass: 87309K(88256K)->87309K(88256K) Class: 13898K(14528K)->13898K(14528K)
[2022-05-19T10:19:32.706+0000][163][gc             ] GC(235) Pause Young (Prepare Mixed) (G1 Evacuation Pause) 218M->203M(512M) 4.955ms
[2022-05-19T10:19:32.706+0000][163][gc,cpu         ] GC(235) User=0.02s Sys=0.00s Real=0.00s
[2022-05-19T10:19:32.706+0000][163][safepoint      ] Safepoint "G1CollectForAllocation", Time since last: 15920400 ns, Reaching safepoint: 177400 ns, At safepoint: 5305000 ns, Total: 5482400 ns
[2022-05-19T10:19:32.846+0000][163][gc,start       ] GC(236) Pause Young (Mixed) (G1 Evacuation Pause)
[2022-05-19T10:19:32.846+0000][163][gc,task        ] GC(236) Using 10 workers of 10 for evacuation
[2022-05-19T10:19:32.846+0000][163][gc,age         ] GC(236) Desired survivor size 2097152 bytes, new threshold 15 (max threshold 15)
[2022-05-19T10:19:32.849+0000][163][gc,age         ] GC(236) Age table with threshold 15 (max threshold 15)
[2022-05-19T10:19:32.849+0000][163][gc,age         ] GC(236) - age   1:    3883224 bytes,    3883224 total
[2022-05-19T10:19:32.850+0000][163][gc,age         ] GC(236) - age   2:     279192 bytes,    4162416 total
[2022-05-19T10:19:32.850+0000][163][gc,phases      ] GC(236)   Pre Evacuate Collection Set: 0.2ms
[2022-05-19T10:19:32.850+0000][163][gc,phases      ] GC(236)   Merge Heap Roots: 0.1ms
[2022-05-19T10:19:32.850+0000][163][gc,phases      ] GC(236)   Evacuate Collection Set: 1.9ms
[2022-05-19T10:19:32.850+0000][163][gc,phases      ] GC(236)   Post Evacuate Collection Set: 0.5ms
[2022-05-19T10:19:32.850+0000][163][gc,phases      ] GC(236)   Other: 1.3ms
[2022-05-19T10:19:32.851+0000][163][gc,heap        ] GC(236) Eden regions: 5->0(47)
[2022-05-19T10:19:32.851+0000][163][gc,heap        ] GC(236) Survivor regions: 1->1(1)
[2022-05-19T10:19:32.851+0000][163][gc,heap        ] GC(236) Old regions: 44->40
[2022-05-19T10:19:32.851+0000][163][gc,heap        ] GC(236) Archive regions: 2->2
[2022-05-19T10:19:32.851+0000][163][gc,heap        ] GC(236) Humongous regions: 7->7
[2022-05-19T10:19:32.851+0000][163][gc,metaspace   ] GC(236) Metaspace: 101207K(102784K)->101207K(102784K) NonClass: 87309K(88256K)->87309K(88256K) Class: 13898K(14528K)->13898K(14528K)
[2022-05-19T10:19:32.851+0000][163][gc             ] GC(236) Pause Young (Mixed) (G1 Evacuation Pause) 223M->193M(512M) 5.611ms
[2022-05-19T10:19:32.851+0000][163][gc,cpu         ] GC(236) User=0.01s Sys=0.00s Real=0.01s
[2022-05-19T10:19:32.852+0000][163][safepoint      ] Safepoint "G1CollectForAllocation", Time since last: 139500000 ns, Reaching safepoint: 183100 ns, At safepoint: 5899900 ns, Total: 6083000 ns
[2022-05-19T10:19:33.545+0000][163][gc,start       ] GC(237) Pause Young (Normal) (G1 Evacuation Pause)
[2022-05-19T10:19:33.545+0000][163][gc,task        ] GC(237) Using 10 workers of 10 for evacuation
[2022-05-19T10:19:33.545+0000][163][gc,age         ] GC(237) Desired survivor size 12582912 bytes, new threshold 15 (max threshold 15)
[2022-05-19T10:19:33.548+0000][163][gc,age         ] GC(237) Age table with threshold 15 (max threshold 15)
[2022-05-19T10:19:33.549+0000][163][gc,age         ] GC(237) - age   1:   11747968 bytes,   11747968 total
[2022-05-19T10:19:33.549+0000][163][gc,age         ] GC(237) - age   2:     949280 bytes,   12697248 total
[2022-05-19T10:19:33.549+0000][163][gc,age         ] GC(237) - age   3:     278200 bytes,   12975448 total
[2022-05-19T10:19:33.549+0000][163][gc,phases      ] GC(237)   Pre Evacuate Collection Set: 0.2ms
[2022-05-19T10:19:33.549+0000][163][gc,phases      ] GC(237)   Merge Heap Roots: 0.2ms
[2022-05-19T10:19:33.549+0000][163][gc,phases      ] GC(237)   Evacuate Collection Set: 1.9ms
[2022-05-19T10:19:33.550+0000][163][gc,phases      ] GC(237)   Post Evacuate Collection Set: 0.7ms
[2022-05-19T10:19:33.550+0000][163][gc,phases      ] GC(237)   Other: 1.3ms
[2022-05-19T10:19:33.550+0000][163][gc,heap        ] GC(237) Eden regions: 47->0(44)
[2022-05-19T10:19:33.550+0000][163][gc,heap        ] GC(237) Survivor regions: 1->4(6)
[2022-05-19T10:19:33.550+0000][163][gc,heap        ] GC(237) Old regions: 40->40
[2022-05-19T10:19:33.550+0000][163][gc,heap        ] GC(237) Archive regions: 2->2
[2022-05-19T10:19:33.550+0000][163][gc,heap        ] GC(237) Humongous regions: 7->7
[2022-05-19T10:19:33.551+0000][163][gc,metaspace   ] GC(237) Metaspace: 101222K(102784K)->101222K(102784K) NonClass: 87323K(88256K)->87323K(88256K) Class: 13898K(14528K)->13898K(14528K)
[2022-05-19T10:19:33.551+0000][163][gc             ] GC(237) Pause Young (Normal) (G1 Evacuation Pause) 381M->202M(512M) 5.962ms
[2022-05-19T10:19:33.551+0000][163][gc,cpu         ] GC(237) User=0.02s Sys=0.01s Real=0.01s
[2022-05-19T10:19:33.551+0000][163][safepoint      ] Safepoint "G1CollectForAllocation", Time since last: 692936100 ns, Reaching safepoint: 289500 ns, At safepoint: 6328500 ns, Total: 6618000 ns
[2022-05-19T10:19:34.502+0000][163][gc,start       ] GC(238) Pause Young (Normal) (G1 Evacuation Pause)
[2022-05-19T10:19:34.502+0000][163][gc,task        ] GC(238) Using 10 workers of 10 for evacuation
[2022-05-19T10:19:34.503+0000][163][gc,age         ] GC(238) Desired survivor size 12582912 bytes, new threshold 2 (max threshold 15)
[2022-05-19T10:19:34.508+0000][163][gc,age         ] GC(238) Age table with threshold 2 (max threshold 15)
[2022-05-19T10:19:34.509+0000][163][gc,age         ] GC(238) - age   1:    9569200 bytes,    9569200 total
[2022-05-19T10:19:34.509+0000][163][gc,age         ] GC(238) - age   2:    7518096 bytes,   17087296 total
[2022-05-19T10:19:34.509+0000][163][gc,phases      ] GC(238)   Pre Evacuate Collection Set: 0.2ms
[2022-05-19T10:19:34.509+0000][163][gc,phases      ] GC(238)   Merge Heap Roots: 0.2ms
[2022-05-19T10:19:34.510+0000][163][gc,phases      ] GC(238)   Evacuate Collection Set: 3.6ms
[2022-05-19T10:19:34.510+0000][163][gc,phases      ] GC(238)   Post Evacuate Collection Set: 1.2ms
[2022-05-19T10:19:34.510+0000][163][gc,phases      ] GC(238)   Other: 2.2ms
[2022-05-19T10:19:34.510+0000][163][gc,heap        ] GC(238) Eden regions: 44->0(43)
[2022-05-19T10:19:34.510+0000][163][gc,heap        ] GC(238) Survivor regions: 4->5(6)
[2022-05-19T10:19:34.511+0000][163][gc,heap        ] GC(238) Old regions: 40->41
[2022-05-19T10:19:34.511+0000][163][gc,heap        ] GC(238) Archive regions: 2->2
[2022-05-19T10:19:34.511+0000][163][gc,heap        ] GC(238) Humongous regions: 7->7
[2022-05-19T10:19:34.511+0000][163][gc,metaspace   ] GC(238) Metaspace: 101242K(102784K)->101242K(102784K) NonClass: 87343K(88256K)->87343K(88256K) Class: 13899K(14528K)->13899K(14528K)
[2022-05-19T10:19:34.511+0000][163][gc             ] GC(238) Pause Young (Normal) (G1 Evacuation Pause) 378M->207M(512M) 9.501ms
[2022-05-19T10:19:34.511+0000][163][gc,cpu         ] GC(238) User=0.04s Sys=0.00s Real=0.01s
[2022-05-19T10:19:34.512+0000][163][safepoint      ] Safepoint "G1CollectForAllocation", Time since last: 950432400 ns, Reaching safepoint: 209100 ns, At safepoint: 9885900 ns, Total: 10095000 ns
[2022-05-19T10:19:34.754+0000][163][gc,start       ] GC(239) Pause Young (Concurrent Start) (G1 Evacuation Pause)
[2022-05-19T10:19:34.755+0000][163][gc,task        ] GC(239) Using 10 workers of 10 for evacuation
[2022-05-19T10:19:34.755+0000][163][gc,age         ] GC(239) Desired survivor size 12582912 bytes, new threshold 2 (max threshold 15)
[2022-05-19T10:19:34.759+0000][163][gc,age         ] GC(239) Age table with threshold 2 (max threshold 15)
[2022-05-19T10:19:34.759+0000][163][gc,age         ] GC(239) - age   1:     948936 bytes,     948936 total
[2022-05-19T10:19:34.759+0000][163][gc,age         ] GC(239) - age   2:    8742864 bytes,    9691800 total
[2022-05-19T10:19:34.760+0000][163][gc,phases      ] GC(239)   Pre Evacuate Collection Set: 0.2ms
[2022-05-19T10:19:34.760+0000][163][gc,phases      ] GC(239)   Merge Heap Roots: 0.2ms
[2022-05-19T10:19:34.760+0000][163][gc,phases      ] GC(239)   Evacuate Collection Set: 2.5ms
[2022-05-19T10:19:34.760+0000][163][gc,phases      ] GC(239)   Post Evacuate Collection Set: 0.8ms
[2022-05-19T10:19:34.760+0000][163][gc,phases      ] GC(239)   Other: 1.5ms
[2022-05-19T10:19:34.760+0000][163][gc,heap        ] GC(239) Eden regions: 43->0(24)
[2022-05-19T10:19:34.761+0000][163][gc,heap        ] GC(239) Survivor regions: 5->3(6)
[2022-05-19T10:19:34.761+0000][163][gc,heap        ] GC(239) Old regions: 41->43
[2022-05-19T10:19:34.761+0000][163][gc,heap        ] GC(239) Archive regions: 2->2
[2022-05-19T10:19:34.761+0000][163][gc,heap        ] GC(239) Humongous regions: 7->7
[2022-05-19T10:19:34.761+0000][163][gc,metaspace   ] GC(239) Metaspace: 101265K(102848K)->101265K(102848K) NonClass: 87366K(88320K)->87366K(88320K) Class: 13899K(14528K)->13899K(14528K)
[2022-05-19T10:19:34.761+0000][163][gc             ] GC(239) Pause Young (Concurrent Start) (G1 Evacuation Pause) 379M->207M(512M) 6.812ms
[2022-05-19T10:19:34.761+0000][163][gc,cpu         ] GC(239) User=0.03s Sys=0.00s Real=0.01s
[2022-05-19T10:19:34.762+0000][163][gc             ] GC(240) Concurrent Mark Cycle
[2022-05-19T10:19:34.762+0000][163][gc,marking     ] GC(240) Concurrent Clear Claimed Marks
[2022-05-19T10:19:34.762+0000][163][safepoint      ] Safepoint "G1CollectForAllocation", Time since last: 242560100 ns, Reaching safepoint: 201200 ns, At safepoint: 7159900 ns, Total: 7361100 ns
[2022-05-19T10:19:34.762+0000][163][gc,marking     ] GC(240) Concurrent Clear Claimed Marks 0.197ms
[2022-05-19T10:19:34.762+0000][163][gc,marking     ] GC(240) Concurrent Scan Root Regions
[2022-05-19T10:19:34.764+0000][163][gc,marking     ] GC(240) Concurrent Scan Root Regions 1.562ms
[2022-05-19T10:19:34.764+0000][163][gc,marking     ] GC(240) Concurrent Mark
[2022-05-19T10:19:34.764+0000][163][gc,marking     ] GC(240) Concurrent Mark From Roots
[2022-05-19T10:19:34.764+0000][163][gc,task        ] GC(240) Using 3 workers of 3 for marking
[2022-05-19T10:19:34.807+0000][163][gc,marking     ] GC(240) Concurrent Mark From Roots 43.387ms
[2022-05-19T10:19:34.808+0000][163][gc,marking     ] GC(240) Concurrent Preclean
[2022-05-19T10:19:34.808+0000][163][gc,marking     ] GC(240) Concurrent Preclean 0.823ms
[2022-05-19T10:19:34.809+0000][163][gc,start       ] GC(240) Pause Remark
[2022-05-19T10:19:34.813+0000][163][gc             ] GC(240) Pause Remark 213M->209M(512M) 3.854ms
[2022-05-19T10:19:34.813+0000][163][gc,cpu         ] GC(240) User=0.00s Sys=0.02s Real=0.01s
[2022-05-19T10:19:34.814+0000][163][safepoint      ] Safepoint "G1Concurrent", Time since last: 47220600 ns, Reaching safepoint: 193500 ns, At safepoint: 4574000 ns, Total: 4767500 ns
[2022-05-19T10:19:34.814+0000][163][gc,marking     ] GC(240) Concurrent Mark 50.114ms
[2022-05-19T10:19:34.814+0000][163][gc,marking     ] GC(240) Concurrent Rebuild Remembered Sets
[2022-05-19T10:19:34.835+0000][163][gc,marking     ] GC(240) Concurrent Rebuild Remembered Sets 20.863ms
[2022-05-19T10:19:34.835+0000][163][gc,start       ] GC(240) Pause Cleanup
[2022-05-19T10:19:34.836+0000][163][gc             ] GC(240) Pause Cleanup 209M->209M(512M) 0.315ms
[2022-05-19T10:19:34.836+0000][163][gc,cpu         ] GC(240) User=0.00s Sys=0.00s Real=0.00s
[2022-05-19T10:19:34.836+0000][163][safepoint      ] Safepoint "G1Concurrent", Time since last: 21688100 ns, Reaching safepoint: 181600 ns, At safepoint: 603000 ns, Total: 784600 ns
[2022-05-19T10:19:34.836+0000][163][gc,marking     ] GC(240) Concurrent Cleanup for Next Mark
[2022-05-19T10:19:34.837+0000][163][gc,marking     ] GC(240) Concurrent Cleanup for Next Mark 0.342ms
[2022-05-19T10:19:34.837+0000][163][gc             ] GC(240) Concurrent Mark Cycle 75.118ms
[2022-05-19T10:19:35.837+0000][163][safepoint      ] Safepoint "Cleanup", Time since last: 1000296900 ns, Reaching safepoint: 217000 ns, At safepoint: 9100 ns, Total: 226100 ns
[2022-05-19T10:19:36.837+0000][163][safepoint      ] Safepoint "Cleanup", Time since last: 1000461500 ns, Reaching safepoint: 237700 ns, At safepoint: 14800 ns, Total: 252500 ns
[2022-05-19T10:19:40.838+0000][163][safepoint      ] Safepoint "Cleanup", Time since last: 4000708700 ns, Reaching safepoint: 271000 ns, At safepoint: 39400 ns, Total: 310400 ns
[2022-05-19T10:19:41.785+0000][163][gc,start       ] GC(241) Pause Young (Prepare Mixed) (G1 Evacuation Pause)
[2022-05-19T10:19:41.785+0000][163][gc,task        ] GC(241) Using 10 workers of 10 for evacuation
[2022-05-19T10:19:41.785+0000][163][gc,age         ] GC(241) Desired survivor size 12582912 bytes, new threshold 15 (max threshold 15)
[2022-05-19T10:19:41.789+0000][163][gc,age         ] GC(241) Age table with threshold 15 (max threshold 15)
[2022-05-19T10:19:41.789+0000][163][gc,age         ] GC(241) - age   1:    2951296 bytes,    2951296 total
[2022-05-19T10:19:41.789+0000][163][gc,age         ] GC(241) - age   2:      59184 bytes,    3010480 total
[2022-05-19T10:19:41.789+0000][163][gc,age         ] GC(241) - age   3:    8545616 bytes,   11556096 total
[2022-05-19T10:19:41.789+0000][163][gc,phases      ] GC(241)   Pre Evacuate Collection Set: 0.2ms
[2022-05-19T10:19:41.789+0000][163][gc,phases      ] GC(241)   Merge Heap Roots: 0.2ms
[2022-05-19T10:19:41.790+0000][163][gc,phases      ] GC(241)   Evacuate Collection Set: 2.0ms
[2022-05-19T10:19:41.790+0000][163][gc,phases      ] GC(241)   Post Evacuate Collection Set: 0.8ms
[2022-05-19T10:19:41.790+0000][163][gc,phases      ] GC(241)   Other: 1.2ms
[2022-05-19T10:19:41.790+0000][163][gc,heap        ] GC(241) Eden regions: 45->0(3)
[2022-05-19T10:19:41.790+0000][163][gc,heap        ] GC(241) Survivor regions: 3->3(6)
[2022-05-19T10:19:41.790+0000][163][gc,heap        ] GC(241) Old regions: 42->42
[2022-05-19T10:19:41.791+0000][163][gc,heap        ] GC(241) Archive regions: 2->2
[2022-05-19T10:19:41.791+0000][163][gc,heap        ] GC(241) Humongous regions: 7->7
[2022-05-19T10:19:41.791+0000][163][gc,metaspace   ] GC(241) Metaspace: 101429K(102976K)->101429K(102976K) NonClass: 87512K(88448K)->87512K(88448K) Class: 13916K(14528K)->13916K(14528K)
[2022-05-19T10:19:41.791+0000][163][gc             ] GC(241) Pause Young (Prepare Mixed) (G1 Evacuation Pause) 383M->205M(512M) 6.107ms
[2022-05-19T10:19:41.791+0000][163][gc,cpu         ] GC(241) User=0.02s Sys=0.00s Real=0.01s
[2022-05-19T10:19:41.791+0000][163][safepoint      ] Safepoint "G1CollectForAllocation", Time since last: 946428600 ns, Reaching safepoint: 197400 ns, At safepoint: 6470400 ns, Total: 6667800 ns
[2022-05-19T10:19:41.796+0000][163][gc,start       ] GC(242) Pause Young (Mixed) (G1 Evacuation Pause)
[2022-05-19T10:19:41.796+0000][163][gc,task        ] GC(242) Using 10 workers of 10 for evacuation
[2022-05-19T10:19:41.796+0000][163][gc,age         ] GC(242) Desired survivor size 2097152 bytes, new threshold 1 (max threshold 15)
[2022-05-19T10:19:41.800+0000][163][gc,age         ] GC(242) Age table with threshold 1 (max threshold 15)
[2022-05-19T10:19:41.800+0000][163][gc,age         ] GC(242) - age   1:        352 bytes,        352 total
[2022-05-19T10:19:41.800+0000][163][gc,phases      ] GC(242)   Pre Evacuate Collection Set: 0.2ms
[2022-05-19T10:19:41.801+0000][163][gc,phases      ] GC(242)   Merge Heap Roots: 0.2ms
[2022-05-19T10:19:41.801+0000][163][gc,phases      ] GC(242)   Evacuate Collection Set: 2.5ms
[2022-05-19T10:19:41.801+0000][163][gc,phases      ] GC(242)   Post Evacuate Collection Set: 0.7ms
[2022-05-19T10:19:41.801+0000][163][gc,phases      ] GC(242)   Other: 1.1ms
[2022-05-19T10:19:41.801+0000][163][gc,heap        ] GC(242) Eden regions: 3->0(50)
[2022-05-19T10:19:41.801+0000][163][gc,heap        ] GC(242) Survivor regions: 3->1(1)
[2022-05-19T10:19:41.801+0000][163][gc,heap        ] GC(242) Old regions: 42->41
[2022-05-19T10:19:41.802+0000][163][gc,heap        ] GC(242) Archive regions: 2->2
[2022-05-19T10:19:41.802+0000][163][gc,heap        ] GC(242) Humongous regions: 7->7
[2022-05-19T10:19:41.802+0000][163][gc,metaspace   ] GC(242) Metaspace: 101429K(102976K)->101429K(102976K) NonClass: 87512K(88448K)->87512K(88448K) Class: 13916K(14528K)->13916K(14528K)
[2022-05-19T10:19:41.802+0000][163][gc             ] GC(242) Pause Young (Mixed) (G1 Evacuation Pause) 217M->191M(512M) 6.240ms
[2022-05-19T10:19:41.802+0000][163][gc,cpu         ] GC(242) User=0.01s Sys=0.01s Real=0.01s
[2022-05-19T10:19:41.802+0000][163][safepoint      ] Safepoint "G1CollectForAllocation", Time since last: 4173500 ns, Reaching safepoint: 238900 ns, At safepoint: 6610600 ns, Total: 6849500 ns
[2022-05-19T10:19:42.726+0000][163][gc,start       ] GC(243) Pause Young (Normal) (G1 Evacuation Pause)
[2022-05-19T10:19:42.726+0000][163][gc,task        ] GC(243) Using 10 workers of 10 for evacuation
[2022-05-19T10:19:42.727+0000][163][gc,age         ] GC(243) Desired survivor size 14680064 bytes, new threshold 15 (max threshold 15)
[2022-05-19T10:19:42.732+0000][163][gc,age         ] GC(243) Age table with threshold 15 (max threshold 15)
[2022-05-19T10:19:42.733+0000][163][gc,age         ] GC(243) - age   1:   26574768 bytes,   26574768 total
[2022-05-19T10:19:42.733+0000][163][gc,phases      ] GC(243)   Pre Evacuate Collection Set: 0.2ms
[2022-05-19T10:19:42.733+0000][163][gc,phases      ] GC(243)   Merge Heap Roots: 0.2ms
[2022-05-19T10:19:42.733+0000][163][gc,phases      ] GC(243)   Evacuate Collection Set: 4.0ms
[2022-05-19T10:19:42.733+0000][163][gc,phases      ] GC(243)   Post Evacuate Collection Set: 1.0ms
[2022-05-19T10:19:42.734+0000][163][gc,phases      ] GC(243)   Other: 1.3ms
[2022-05-19T10:19:42.734+0000][163][gc,heap        ] GC(243) Eden regions: 50->0(37)
[2022-05-19T10:19:42.734+0000][163][gc,heap        ] GC(243) Survivor regions: 1->7(7)
[2022-05-19T10:19:42.734+0000][163][gc,heap        ] GC(243) Old regions: 41->41
[2022-05-19T10:19:42.734+0000][163][gc,heap        ] GC(243) Archive regions: 2->2
[2022-05-19T10:19:42.734+0000][163][gc,heap        ] GC(243) Humongous regions: 10->9
[2022-05-19T10:19:42.735+0000][163][gc,metaspace   ] GC(243) Metaspace: 101480K(103040K)->101480K(103040K) NonClass: 87558K(88512K)->87558K(88512K) Class: 13922K(14528K)->13922K(14528K)
[2022-05-19T10:19:42.735+0000][163][gc             ] GC(243) Pause Young (Normal) (G1 Evacuation Pause) 402M->229M(512M) 8.722ms
[2022-05-19T10:19:42.735+0000][163][gc,cpu         ] GC(243) User=0.04s Sys=0.00s Real=0.01s
[2022-05-19T10:19:42.735+0000][163][safepoint      ] Safepoint "G1CollectForAllocation", Time since last: 923489100 ns, Reaching safepoint: 246400 ns, At safepoint: 9133700 ns, Total: 9380100 ns
[2022-05-19T10:19:43.170+0000][163][gc,start       ] GC(244) Pause Young (Concurrent Start) (G1 Humongous Allocation)
[2022-05-19T10:19:43.170+0000][163][gc,task        ] GC(244) Using 10 workers of 10 for evacuation
[2022-05-19T10:19:43.171+0000][163][gc,age         ] GC(244) Desired survivor size 12582912 bytes, new threshold 1 (max threshold 15)
[2022-05-19T10:19:43.178+0000][163][gc,age         ] GC(244) Age table with threshold 1 (max threshold 15)
[2022-05-19T10:19:43.182+0000][163][gc,age         ] GC(244) - age   1:   19417184 bytes,   19417184 total
[2022-05-19T10:19:43.184+0000][163][gc,phases      ] GC(244)   Pre Evacuate Collection Set: 0.4ms
[2022-05-19T10:19:43.184+0000][163][gc,phases      ] GC(244)   Merge Heap Roots: 0.2ms
[2022-05-19T10:19:43.185+0000][163][gc,phases      ] GC(244)   Evacuate Collection Set: 5.7ms
[2022-05-19T10:19:43.185+0000][163][gc,phases      ] GC(244)   Post Evacuate Collection Set: 1.0ms
[2022-05-19T10:19:43.186+0000][163][gc,phases      ] GC(244)   Other: 6.7ms
[2022-05-19T10:19:43.187+0000][163][gc,heap        ] GC(244) Eden regions: 19->0(1)
[2022-05-19T10:19:43.187+0000][163][gc,heap        ] GC(244) Survivor regions: 7->5(6)
[2022-05-19T10:19:43.188+0000][163][gc,heap        ] GC(244) Old regions: 41->44
[2022-05-19T10:19:43.188+0000][163][gc,heap        ] GC(244) Archive regions: 2->2
[2022-05-19T10:19:43.189+0000][163][gc,heap        ] GC(244) Humongous regions: 9->9
[2022-05-19T10:19:43.189+0000][163][gc,metaspace   ] GC(244) Metaspace: 101485K(103040K)->101485K(103040K) NonClass: 87563K(88512K)->87563K(88512K) Class: 13922K(14528K)->13922K(14528K)
[2022-05-19T10:19:43.190+0000][163][gc             ] GC(244) Pause Young (Concurrent Start) (G1 Humongous Allocation) 303M->231M(512M) 19.854ms
[2022-05-19T10:19:43.190+0000][163][gc,cpu         ] GC(244) User=0.06s Sys=0.00s Real=0.03s
[2022-05-19T10:19:43.191+0000][163][gc             ] GC(245) Concurrent Mark Cycle
[2022-05-19T10:19:43.191+0000][163][gc,marking     ] GC(245) Concurrent Clear Claimed Marks
[2022-05-19T10:19:43.191+0000][163][safepoint      ] Safepoint "G1TryInitiateConcMark", Time since last: 434096700 ns, Reaching safepoint: 269700 ns, At safepoint: 21069500 ns, Total: 21339200 ns
[2022-05-19T10:19:43.191+0000][163][gc,marking     ] GC(245) Concurrent Clear Claimed Marks 0.299ms
[2022-05-19T10:19:43.192+0000][163][gc,marking     ] GC(245) Concurrent Scan Root Regions
[2022-05-19T10:19:43.195+0000][163][gc,marking     ] GC(245) Concurrent Scan Root Regions 3.621ms
[2022-05-19T10:19:43.196+0000][163][gc,marking     ] GC(245) Concurrent Mark
[2022-05-19T10:19:43.198+0000][163][gc,marking     ] GC(245) Concurrent Mark From Roots
[2022-05-19T10:19:43.199+0000][163][gc,task        ] GC(245) Using 3 workers of 3 for marking
[2022-05-19T10:19:43.259+0000][163][gc,marking     ] GC(245) Concurrent Mark From Roots 61.061ms
[2022-05-19T10:19:43.259+0000][163][gc,marking     ] GC(245) Concurrent Preclean
[2022-05-19T10:19:43.259+0000][163][gc,marking     ] GC(245) Concurrent Preclean 0.536ms
[2022-05-19T10:19:43.260+0000][163][gc,start       ] GC(245) Pause Remark
[2022-05-19T10:19:43.263+0000][163][gc             ] GC(245) Pause Remark 263M->251M(512M) 3.352ms
[2022-05-19T10:19:43.264+0000][163][gc,cpu         ] GC(245) User=0.02s Sys=0.00s Real=0.00s
[2022-05-19T10:19:43.264+0000][163][safepoint      ] Safepoint "G1Concurrent", Time since last: 68913400 ns, Reaching safepoint: 285400 ns, At safepoint: 3905500 ns, Total: 4190900 ns
[2022-05-19T10:19:43.264+0000][163][gc,marking     ] GC(245) Concurrent Mark 68.412ms
[2022-05-19T10:19:43.264+0000][163][gc,marking     ] GC(245) Concurrent Rebuild Remembered Sets
[2022-05-19T10:19:43.269+0000][163][gc,start       ] GC(246) Pause Young (Normal) (G1 Evacuation Pause)
[2022-05-19T10:19:43.269+0000][163][gc,task        ] GC(246) Using 10 workers of 10 for evacuation
[2022-05-19T10:19:43.269+0000][163][gc,age         ] GC(246) Desired survivor size 2097152 bytes, new threshold 1 (max threshold 15)
[2022-05-19T10:19:43.272+0000][163][gc,age         ] GC(246) Age table with threshold 1 (max threshold 15)
[2022-05-19T10:19:43.272+0000][163][gc,age         ] GC(246) - age   1:     755944 bytes,     755944 total
[2022-05-19T10:19:43.272+0000][163][gc,phases      ] GC(246)   Pre Evacuate Collection Set: 0.2ms
[2022-05-19T10:19:43.272+0000][163][gc,phases      ] GC(246)   Merge Heap Roots: 0.2ms
[2022-05-19T10:19:43.272+0000][163][gc,phases      ] GC(246)   Evacuate Collection Set: 1.2ms
[2022-05-19T10:19:43.272+0000][163][gc,phases      ] GC(246)   Post Evacuate Collection Set: 0.6ms
[2022-05-19T10:19:43.273+0000][163][gc,phases      ] GC(246)   Other: 0.9ms
[2022-05-19T10:19:43.273+0000][163][gc,heap        ] GC(246) Eden regions: 1->0(24)
[2022-05-19T10:19:43.273+0000][163][gc,heap        ] GC(246) Survivor regions: 5->1(1)
[2022-05-19T10:19:43.273+0000][163][gc,heap        ] GC(246) Old regions: 41->43
[2022-05-19T10:19:43.273+0000][163][gc,heap        ] GC(246) Archive regions: 2->2
[2022-05-19T10:19:43.273+0000][163][gc,heap        ] GC(246) Humongous regions: 16->16
[2022-05-19T10:19:43.273+0000][163][gc,metaspace   ] GC(246) Metaspace: 101485K(103040K)->101485K(103040K) NonClass: 87563K(88512K)->87563K(88512K) Class: 13922K(14528K)->13922K(14528K)
[2022-05-19T10:19:43.273+0000][163][gc             ] GC(246) Pause Young (Normal) (G1 Evacuation Pause) 251M->234M(512M) 4.504ms
[2022-05-19T10:19:43.274+0000][163][gc,cpu         ] GC(246) User=0.01s Sys=0.01s Real=0.01s
[2022-05-19T10:19:43.274+0000][163][safepoint      ] Safepoint "G1CollectForAllocation", Time since last: 4767200 ns, Reaching safepoint: 363500 ns, At safepoint: 4884200 ns, Total: 5247700 ns
[2022-05-19T10:19:43.293+0000][163][gc,marking     ] GC(245) Concurrent Rebuild Remembered Sets 28.682ms
[2022-05-19T10:19:43.294+0000][163][gc,start       ] GC(245) Pause Cleanup
[2022-05-19T10:19:43.294+0000][163][gc             ] GC(245) Pause Cleanup 236M->236M(512M) 0.390ms
[2022-05-19T10:19:43.294+0000][163][gc,cpu         ] GC(245) User=0.00s Sys=0.00s Real=0.00s
[2022-05-19T10:19:43.294+0000][163][safepoint      ] Safepoint "G1Concurrent", Time since last: 19435500 ns, Reaching safepoint: 282800 ns, At safepoint: 803100 ns, Total: 1085900 ns
[2022-05-19T10:19:43.295+0000][163][gc,marking     ] GC(245) Concurrent Cleanup for Next Mark
[2022-05-19T10:19:43.295+0000][163][gc,marking     ] GC(245) Concurrent Cleanup for Next Mark 0.432ms
[2022-05-19T10:19:43.295+0000][163][gc             ] GC(245) Concurrent Mark Cycle 104.511ms
[2022-05-19T10:19:43.953+0000][163][gc,start       ] GC(247) Pause Young (Prepare Mixed) (G1 Evacuation Pause)
[2022-05-19T10:19:43.954+0000][163][gc,task        ] GC(247) Using 10 workers of 10 for evacuation
[2022-05-19T10:19:43.954+0000][163][gc,age         ] GC(247) Desired survivor size 8388608 bytes, new threshold 15 (max threshold 15)
[2022-05-19T10:19:43.957+0000][163][gc,age         ] GC(247) Age table with threshold 15 (max threshold 15)
[2022-05-19T10:19:43.957+0000][163][gc,age         ] GC(247) - age   1:   11359088 bytes,   11359088 total
[2022-05-19T10:19:43.957+0000][163][gc,age         ] GC(247) - age   2:     754032 bytes,   12113120 total
[2022-05-19T10:19:43.957+0000][163][gc,phases      ] GC(247)   Pre Evacuate Collection Set: 0.2ms
[2022-05-19T10:19:43.957+0000][163][gc,phases      ] GC(247)   Merge Heap Roots: 0.2ms
[2022-05-19T10:19:43.957+0000][163][gc,phases      ] GC(247)   Evacuate Collection Set: 1.8ms
[2022-05-19T10:19:43.958+0000][163][gc,phases      ] GC(247)   Post Evacuate Collection Set: 0.7ms
[2022-05-19T10:19:43.958+0000][163][gc,phases      ] GC(247)   Other: 1.0ms
[2022-05-19T10:19:43.958+0000][163][gc,heap        ] GC(247) Eden regions: 24->0(3)
[2022-05-19T10:19:43.958+0000][163][gc,heap        ] GC(247) Survivor regions: 1->3(4)
[2022-05-19T10:19:43.958+0000][163][gc,heap        ] GC(247) Old regions: 43->43
[2022-05-19T10:19:43.958+0000][163][gc,heap        ] GC(247) Archive regions: 2->2
[2022-05-19T10:19:43.958+0000][163][gc,heap        ] GC(247) Humongous regions: 26->24
[2022-05-19T10:19:43.959+0000][163][gc,metaspace   ] GC(247) Metaspace: 101502K(103040K)->101502K(103040K) NonClass: 87579K(88512K)->87579K(88512K) Class: 13922K(14528K)->13922K(14528K)
[2022-05-19T10:19:43.959+0000][163][gc             ] GC(247) Pause Young (Prepare Mixed) (G1 Evacuation Pause) 370M->277M(512M) 5.374ms
[2022-05-19T10:19:43.959+0000][163][gc,cpu         ] GC(247) User=0.01s Sys=0.00s Real=0.00s
[2022-05-19T10:19:43.959+0000][163][safepoint      ] Safepoint "G1CollectForAllocation", Time since last: 658765500 ns, Reaching safepoint: 220100 ns, At safepoint: 5711600 ns, Total: 5931700 ns
[2022-05-19T10:19:43.978+0000][163][gc,start       ] GC(248) Pause Young (Mixed) (G1 Evacuation Pause)
[2022-05-19T10:19:43.978+0000][163][gc,task        ] GC(248) Using 10 workers of 10 for evacuation
[2022-05-19T10:19:43.978+0000][163][gc,age         ] GC(248) Desired survivor size 2097152 bytes, new threshold 1 (max threshold 15)
[2022-05-19T10:19:43.982+0000][163][gc,age         ] GC(248) Age table with threshold 1 (max threshold 15)
[2022-05-19T10:19:43.982+0000][163][gc,age         ] GC(248) - age   1:      93448 bytes,      93448 total
[2022-05-19T10:19:43.982+0000][163][gc,phases      ] GC(248)   Pre Evacuate Collection Set: 0.2ms
[2022-05-19T10:19:43.982+0000][163][gc,phases      ] GC(248)   Merge Heap Roots: 0.1ms
[2022-05-19T10:19:43.982+0000][163][gc,phases      ] GC(248)   Evacuate Collection Set: 2.1ms
[2022-05-19T10:19:43.982+0000][163][gc,phases      ] GC(248)   Post Evacuate Collection Set: 0.7ms
[2022-05-19T10:19:43.983+0000][163][gc,phases      ] GC(248)   Other: 0.8ms
[2022-05-19T10:19:43.983+0000][163][gc,heap        ] GC(248) Eden regions: 3->0(27)
[2022-05-19T10:19:43.983+0000][163][gc,heap        ] GC(248) Survivor regions: 3->1(1)
[2022-05-19T10:19:43.983+0000][163][gc,heap        ] GC(248) Old regions: 43->43
[2022-05-19T10:19:43.983+0000][163][gc,heap        ] GC(248) Archive regions: 2->2
[2022-05-19T10:19:43.983+0000][163][gc,heap        ] GC(248) Humongous regions: 24->24
[2022-05-19T10:19:43.983+0000][163][gc,metaspace   ] GC(248) Metaspace: 101502K(103040K)->101502K(103040K) NonClass: 87579K(88512K)->87579K(88512K) Class: 13922K(14528K)->13922K(14528K)
[2022-05-19T10:19:43.983+0000][163][gc             ] GC(248) Pause Young (Mixed) (G1 Evacuation Pause) 289M->268M(512M) 5.373ms
[2022-05-19T10:19:43.984+0000][163][gc,cpu         ] GC(248) User=0.03s Sys=0.00s Real=0.01s
[2022-05-19T10:19:43.984+0000][163][safepoint      ] Safepoint "G1CollectForAllocation", Time since last: 18848500 ns, Reaching safepoint: 179800 ns, At safepoint: 5681500 ns, Total: 5861300 ns
[2022-05-19T10:19:44.126+0000][163][gc,start       ] GC(249) Pause Young (Concurrent Start) (G1 Evacuation Pause)
[2022-05-19T10:19:44.126+0000][163][gc,task        ] GC(249) Using 10 workers of 10 for evacuation
[2022-05-19T10:19:44.126+0000][163][gc,age         ] GC(249) Desired survivor size 8388608 bytes, new threshold 15 (max threshold 15)
[2022-05-19T10:19:44.129+0000][163][gc,age         ] GC(249) Age table with threshold 15 (max threshold 15)
[2022-05-19T10:19:44.129+0000][163][gc,age         ] GC(249) - age   1:    4445176 bytes,    4445176 total
[2022-05-19T10:19:44.129+0000][163][gc,age         ] GC(249) - age   2:       3984 bytes,    4449160 total
[2022-05-19T10:19:44.129+0000][163][gc,phases      ] GC(249)   Pre Evacuate Collection Set: 0.2ms
[2022-05-19T10:19:44.129+0000][163][gc,phases      ] GC(249)   Merge Heap Roots: 0.2ms
[2022-05-19T10:19:44.130+0000][163][gc,phases      ] GC(249)   Evacuate Collection Set: 1.5ms
[2022-05-19T10:19:44.130+0000][163][gc,phases      ] GC(249)   Post Evacuate Collection Set: 0.5ms
[2022-05-19T10:19:44.130+0000][163][gc,phases      ] GC(249)   Other: 0.9ms
[2022-05-19T10:19:44.130+0000][163][gc,heap        ] GC(249) Eden regions: 27->0(26)
[2022-05-19T10:19:44.130+0000][163][gc,heap        ] GC(249) Survivor regions: 1->2(4)
[2022-05-19T10:19:44.130+0000][163][gc,heap        ] GC(249) Old regions: 43->43
[2022-05-19T10:19:44.131+0000][163][gc,heap        ] GC(249) Archive regions: 2->2
[2022-05-19T10:19:44.131+0000][163][gc,heap        ] GC(249) Humongous regions: 24->24
[2022-05-19T10:19:44.131+0000][163][gc,metaspace   ] GC(249) Metaspace: 101502K(103040K)->101502K(103040K) NonClass: 87579K(88512K)->87579K(88512K) Class: 13922K(14528K)->13922K(14528K)
[2022-05-19T10:19:44.131+0000][163][gc             ] GC(249) Pause Young (Concurrent Start) (G1 Evacuation Pause) 376M->272M(512M) 4.903ms
[2022-05-19T10:19:44.131+0000][163][gc,cpu         ] GC(249) User=0.01s Sys=0.00s Real=0.01s
[2022-05-19T10:19:44.131+0000][163][safepoint      ] Safepoint "G1CollectForAllocation", Time since last: 142090600 ns, Reaching safepoint: 181300 ns, At safepoint: 5233700 ns, Total: 5415000 ns
[2022-05-19T10:19:44.131+0000][163][gc             ] GC(250) Concurrent Mark Cycle
[2022-05-19T10:19:44.132+0000][163][gc,marking     ] GC(250) Concurrent Clear Claimed Marks
[2022-05-19T10:19:44.132+0000][163][gc,marking     ] GC(250) Concurrent Clear Claimed Marks 0.216ms
[2022-05-19T10:19:44.132+0000][163][gc,marking     ] GC(250) Concurrent Scan Root Regions
[2022-05-19T10:19:44.133+0000][163][gc,marking     ] GC(250) Concurrent Scan Root Regions 1.180ms
[2022-05-19T10:19:44.133+0000][163][gc,marking     ] GC(250) Concurrent Mark
[2022-05-19T10:19:44.133+0000][163][gc,marking     ] GC(250) Concurrent Mark From Roots
[2022-05-19T10:19:44.134+0000][163][gc,task        ] GC(250) Using 3 workers of 3 for marking
[2022-05-19T10:19:44.180+0000][163][gc,marking     ] GC(250) Concurrent Mark From Roots 46.333ms
[2022-05-19T10:19:44.180+0000][163][gc,marking     ] GC(250) Concurrent Preclean
[2022-05-19T10:19:44.181+0000][163][gc,marking     ] GC(250) Concurrent Preclean 0.771ms
[2022-05-19T10:19:44.181+0000][163][gc,start       ] GC(250) Pause Remark
[2022-05-19T10:19:44.185+0000][163][gc             ] GC(250) Pause Remark 296M->268M(512M) 4.146ms
[2022-05-19T10:19:44.186+0000][163][gc,cpu         ] GC(250) User=0.02s Sys=0.00s Real=0.00s
[2022-05-19T10:19:44.186+0000][163][safepoint      ] Safepoint "G1Concurrent", Time since last: 49734900 ns, Reaching safepoint: 217000 ns, At safepoint: 4763900 ns, Total: 4980900 ns
[2022-05-19T10:19:44.186+0000][163][gc,marking     ] GC(250) Concurrent Mark 53.048ms
[2022-05-19T10:19:44.186+0000][163][gc,marking     ] GC(250) Concurrent Rebuild Remembered Sets
[2022-05-19T10:19:44.210+0000][163][gc,marking     ] GC(250) Concurrent Rebuild Remembered Sets 23.805ms
[2022-05-19T10:19:44.211+0000][163][gc,start       ] GC(250) Pause Cleanup
[2022-05-19T10:19:44.211+0000][163][gc             ] GC(250) Pause Cleanup 285M->285M(512M) 0.381ms
[2022-05-19T10:19:44.211+0000][163][gc,cpu         ] GC(250) User=0.00s Sys=0.00s Real=0.00s
[2022-05-19T10:19:44.211+0000][163][safepoint      ] Safepoint "G1Concurrent", Time since last: 24482500 ns, Reaching safepoint: 254500 ns, At safepoint: 754700 ns, Total: 1009200 ns
[2022-05-19T10:19:44.212+0000][163][gc,marking     ] GC(250) Concurrent Cleanup for Next Mark
[2022-05-19T10:19:44.212+0000][163][gc,marking     ] GC(250) Concurrent Cleanup for Next Mark 0.375ms
[2022-05-19T10:19:44.212+0000][163][gc             ] GC(250) Concurrent Mark Cycle 80.903ms
[2022-05-19T10:19:44.294+0000][163][gc,start       ] GC(251) Pause Young (Prepare Mixed) (G1 Evacuation Pause)
[2022-05-19T10:19:44.294+0000][163][gc,task        ] GC(251) Using 10 workers of 10 for evacuation
[2022-05-19T10:19:44.294+0000][163][gc,age         ] GC(251) Desired survivor size 8388608 bytes, new threshold 15 (max threshold 15)
[2022-05-19T10:19:44.296+0000][163][gc,age         ] GC(251) Age table with threshold 15 (max threshold 15)
[2022-05-19T10:19:44.296+0000][163][gc,age         ] GC(251) - age   1:    4854000 bytes,    4854000 total
[2022-05-19T10:19:44.297+0000][163][gc,age         ] GC(251) - age   2:     704440 bytes,    5558440 total
[2022-05-19T10:19:44.297+0000][163][gc,age         ] GC(251) - age   3:       3488 bytes,    5561928 total
[2022-05-19T10:19:44.297+0000][163][gc,phases      ] GC(251)   Pre Evacuate Collection Set: 0.2ms
[2022-05-19T10:19:44.297+0000][163][gc,phases      ] GC(251)   Merge Heap Roots: 0.1ms
[2022-05-19T10:19:44.297+0000][163][gc,phases      ] GC(251)   Evacuate Collection Set: 1.1ms
[2022-05-19T10:19:44.298+0000][163][gc,phases      ] GC(251)   Post Evacuate Collection Set: 0.7ms
[2022-05-19T10:19:44.298+0000][163][gc,phases      ] GC(251)   Other: 1.1ms
[2022-05-19T10:19:44.298+0000][163][gc,heap        ] GC(251) Eden regions: 26->0(4)
[2022-05-19T10:19:44.298+0000][163][gc,heap        ] GC(251) Survivor regions: 2->2(4)
[2022-05-19T10:19:44.298+0000][163][gc,heap        ] GC(251) Old regions: 43->43
[2022-05-19T10:19:44.298+0000][163][gc,heap        ] GC(251) Archive regions: 2->2
[2022-05-19T10:19:44.298+0000][163][gc,heap        ] GC(251) Humongous regions: 17->17
[2022-05-19T10:19:44.298+0000][163][gc,metaspace   ] GC(251) Metaspace: 101507K(103040K)->101507K(103040K) NonClass: 87584K(88512K)->87584K(88512K) Class: 13922K(14528K)->13922K(14528K)
[2022-05-19T10:19:44.299+0000][163][gc             ] GC(251) Pause Young (Prepare Mixed) (G1 Evacuation Pause) 348M->245M(512M) 4.810ms
[2022-05-19T10:19:44.299+0000][163][gc,cpu         ] GC(251) User=0.01s Sys=0.00s Real=0.00s
[2022-05-19T10:19:44.299+0000][163][safepoint      ] Safepoint "G1CollectForAllocation", Time since last: 81945000 ns, Reaching safepoint: 277200 ns, At safepoint: 5139300 ns, Total: 5416500 ns
[2022-05-19T10:19:44.325+0000][163][gc,start       ] GC(252) Pause Young (Mixed) (G1 Evacuation Pause)
[2022-05-19T10:19:44.325+0000][163][gc,task        ] GC(252) Using 10 workers of 10 for evacuation
[2022-05-19T10:19:44.325+0000][163][gc,age         ] GC(252) Desired survivor size 2097152 bytes, new threshold 1 (max threshold 15)
[2022-05-19T10:19:44.328+0000][163][gc,age         ] GC(252) Age table with threshold 1 (max threshold 15)
[2022-05-19T10:19:44.328+0000][163][gc,age         ] GC(252) - age   1:     171144 bytes,     171144 total
[2022-05-19T10:19:44.328+0000][163][gc,phases      ] GC(252)   Pre Evacuate Collection Set: 0.2ms
[2022-05-19T10:19:44.328+0000][163][gc,phases      ] GC(252)   Merge Heap Roots: 0.2ms
[2022-05-19T10:19:44.328+0000][163][gc,phases      ] GC(252)   Evacuate Collection Set: 1.4ms
[2022-05-19T10:19:44.328+0000][163][gc,phases      ] GC(252)   Post Evacuate Collection Set: 0.6ms
[2022-05-19T10:19:44.328+0000][163][gc,phases      ] GC(252)   Other: 0.8ms
[2022-05-19T10:19:44.328+0000][163][gc,heap        ] GC(252) Eden regions: 4->0(35)
[2022-05-19T10:19:44.329+0000][163][gc,heap        ] GC(252) Survivor regions: 2->1(1)
[2022-05-19T10:19:44.329+0000][163][gc,heap        ] GC(252) Old regions: 43->43
[2022-05-19T10:19:44.329+0000][163][gc,heap        ] GC(252) Archive regions: 2->2
[2022-05-19T10:19:44.329+0000][163][gc,heap        ] GC(252) Humongous regions: 17->17
[2022-05-19T10:19:44.329+0000][163][gc,metaspace   ] GC(252) Metaspace: 101507K(103040K)->101507K(103040K) NonClass: 87584K(88512K)->87584K(88512K) Class: 13922K(14528K)->13922K(14528K)
[2022-05-19T10:19:44.329+0000][163][gc             ] GC(252) Pause Young (Mixed) (G1 Evacuation Pause) 261M->240M(512M) 4.457ms
[2022-05-19T10:19:44.329+0000][163][gc,cpu         ] GC(252) User=0.02s Sys=0.00s Real=0.00s
[2022-05-19T10:19:44.330+0000][163][safepoint      ] Safepoint "G1CollectForAllocation", Time since last: 25771800 ns, Reaching safepoint: 181700 ns, At safepoint: 4765100 ns, Total: 4946800 ns
[2022-05-19T10:19:44.534+0000][163][gc,start       ] GC(253) Pause Young (Concurrent Start) (G1 Evacuation Pause)
[2022-05-19T10:19:44.534+0000][163][gc,task        ] GC(253) Using 10 workers of 10 for evacuation
[2022-05-19T10:19:44.534+0000][163][gc,age         ] GC(253) Desired survivor size 10485760 bytes, new threshold 15 (max threshold 15)
[2022-05-19T10:19:44.536+0000][163][gc,age         ] GC(253) Age table with threshold 15 (max threshold 15)
[2022-05-19T10:19:44.537+0000][163][gc,age         ] GC(253) - age   1:    5368976 bytes,    5368976 total
[2022-05-19T10:19:44.537+0000][163][gc,age         ] GC(253) - age   2:     114992 bytes,    5483968 total
[2022-05-19T10:19:44.537+0000][163][gc,phases      ] GC(253)   Pre Evacuate Collection Set: 0.3ms
[2022-05-19T10:19:44.537+0000][163][gc,phases      ] GC(253)   Merge Heap Roots: 0.2ms
[2022-05-19T10:19:44.537+0000][163][gc,phases      ] GC(253)   Evacuate Collection Set: 1.3ms
[2022-05-19T10:19:44.537+0000][163][gc,phases      ] GC(253)   Post Evacuate Collection Set: 0.5ms
[2022-05-19T10:19:44.538+0000][163][gc,phases      ] GC(253)   Other: 1.1ms
[2022-05-19T10:19:44.538+0000][163][gc,heap        ] GC(253) Eden regions: 35->0(35)
[2022-05-19T10:19:44.538+0000][163][gc,heap        ] GC(253) Survivor regions: 1->2(5)
[2022-05-19T10:19:44.538+0000][163][gc,heap        ] GC(253) Old regions: 43->43
[2022-05-19T10:19:44.538+0000][163][gc,heap        ] GC(253) Archive regions: 2->2
[2022-05-19T10:19:44.539+0000][163][gc,heap        ] GC(253) Humongous regions: 17->17
[2022-05-19T10:19:44.539+0000][163][gc,metaspace   ] GC(253) Metaspace: 101508K(103040K)->101508K(103040K) NonClass: 87585K(88512K)->87585K(88512K) Class: 13922K(14528K)->13922K(14528K)
[2022-05-19T10:19:44.539+0000][163][gc             ] GC(253) Pause Young (Concurrent Start) (G1 Evacuation Pause) 380M->245M(512M) 5.270ms
[2022-05-19T10:19:44.539+0000][163][gc,cpu         ] GC(253) User=0.01s Sys=0.00s Real=0.00s
[2022-05-19T10:19:44.539+0000][163][gc             ] GC(254) Concurrent Mark Cycle
[2022-05-19T10:19:44.539+0000][163][gc,marking     ] GC(254) Concurrent Clear Claimed Marks
[2022-05-19T10:19:44.539+0000][163][safepoint      ] Safepoint "G1CollectForAllocation", Time since last: 203785600 ns, Reaching safepoint: 180500 ns, At safepoint: 5586800 ns, Total: 5767300 ns
[2022-05-19T10:19:44.539+0000][163][gc,marking     ] GC(254) Concurrent Clear Claimed Marks 0.189ms
[2022-05-19T10:19:44.540+0000][163][gc,marking     ] GC(254) Concurrent Scan Root Regions
[2022-05-19T10:19:44.541+0000][163][gc,marking     ] GC(254) Concurrent Scan Root Regions 1.213ms
[2022-05-19T10:19:44.541+0000][163][gc,marking     ] GC(254) Concurrent Mark
[2022-05-19T10:19:44.541+0000][163][gc,marking     ] GC(254) Concurrent Mark From Roots
[2022-05-19T10:19:44.541+0000][163][gc,task        ] GC(254) Using 3 workers of 3 for marking
[2022-05-19T10:19:44.595+0000][163][gc,marking     ] GC(254) Concurrent Mark From Roots 53.925ms
[2022-05-19T10:19:44.595+0000][163][gc,marking     ] GC(254) Concurrent Preclean
[2022-05-19T10:19:44.596+0000][163][gc,marking     ] GC(254) Concurrent Preclean 0.515ms
[2022-05-19T10:19:44.596+0000][163][gc,start       ] GC(254) Pause Remark
[2022-05-19T10:19:44.600+0000][163][gc             ] GC(254) Pause Remark 271M->271M(512M) 3.486ms
[2022-05-19T10:19:44.600+0000][163][gc,cpu         ] GC(254) User=0.01s Sys=0.01s Real=0.01s
[2022-05-19T10:19:44.600+0000][163][safepoint      ] Safepoint "G1Concurrent", Time since last: 56913900 ns, Reaching safepoint: 261400 ns, At safepoint: 3922100 ns, Total: 4183500 ns
[2022-05-19T10:19:44.600+0000][163][gc,marking     ] GC(254) Concurrent Mark 59.283ms
[2022-05-19T10:19:44.600+0000][163][gc,marking     ] GC(254) Concurrent Rebuild Remembered Sets
[2022-05-19T10:19:44.625+0000][163][gc,marking     ] GC(254) Concurrent Rebuild Remembered Sets 24.992ms
[2022-05-19T10:19:44.626+0000][163][gc,start       ] GC(254) Pause Cleanup
[2022-05-19T10:19:44.627+0000][163][gc             ] GC(254) Pause Cleanup 292M->292M(512M) 0.417ms
[2022-05-19T10:19:44.627+0000][163][gc,cpu         ] GC(254) User=0.00s Sys=0.00s Real=0.00s
[2022-05-19T10:19:44.627+0000][163][safepoint      ] Safepoint "G1Concurrent", Time since last: 25632600 ns, Reaching safepoint: 343100 ns, At safepoint: 820700 ns, Total: 1163800 ns
[2022-05-19T10:19:44.627+0000][163][gc,marking     ] GC(254) Concurrent Cleanup for Next Mark
[2022-05-19T10:19:44.628+0000][163][gc,marking     ] GC(254) Concurrent Cleanup for Next Mark 0.432ms
[2022-05-19T10:19:44.628+0000][163][gc             ] GC(254) Concurrent Mark Cycle 88.790ms
[2022-05-19T10:19:45.525+0000][163][gc,start       ] GC(255) Pause Young (Prepare Mixed) (G1 Evacuation Pause)
[2022-05-19T10:19:45.526+0000][163][gc,task        ] GC(255) Using 10 workers of 10 for evacuation
[2022-05-19T10:19:45.526+0000][163][gc,age         ] GC(255) Desired survivor size 10485760 bytes, new threshold 15 (max threshold 15)
[2022-05-19T10:19:45.529+0000][163][gc,age         ] GC(255) Age table with threshold 15 (max threshold 15)
[2022-05-19T10:19:45.529+0000][163][gc,age         ] GC(255) - age   1:    9090672 bytes,    9090672 total
[2022-05-19T10:19:45.529+0000][163][gc,age         ] GC(255) - age   2:     718880 bytes,    9809552 total
[2022-05-19T10:19:45.529+0000][163][gc,age         ] GC(255) - age   3:      91112 bytes,    9900664 total
[2022-05-19T10:19:45.529+0000][163][gc,phases      ] GC(255)   Pre Evacuate Collection Set: 0.2ms
[2022-05-19T10:19:45.529+0000][163][gc,phases      ] GC(255)   Merge Heap Roots: 0.1ms
[2022-05-19T10:19:45.530+0000][163][gc,phases      ] GC(255)   Evacuate Collection Set: 1.6ms
[2022-05-19T10:19:45.530+0000][163][gc,phases      ] GC(255)   Post Evacuate Collection Set: 0.7ms
[2022-05-19T10:19:45.530+0000][163][gc,phases      ] GC(255)   Other: 1.2ms
[2022-05-19T10:19:45.530+0000][163][gc,heap        ] GC(255) Eden regions: 35->0(3)
[2022-05-19T10:19:45.530+0000][163][gc,heap        ] GC(255) Survivor regions: 2->3(5)
[2022-05-19T10:19:45.530+0000][163][gc,heap        ] GC(255) Old regions: 43->43
[2022-05-19T10:19:45.530+0000][163][gc,heap        ] GC(255) Archive regions: 2->2
[2022-05-19T10:19:45.530+0000][163][gc,heap        ] GC(255) Humongous regions: 18->18
[2022-05-19T10:19:45.531+0000][163][gc,metaspace   ] GC(255) Metaspace: 101532K(103104K)->101532K(103104K) NonClass: 87609K(88576K)->87609K(88576K) Class: 13922K(14528K)->13922K(14528K)
[2022-05-19T10:19:45.531+0000][163][gc             ] GC(255) Pause Young (Prepare Mixed) (G1 Evacuation Pause) 389M->253M(512M) 5.215ms
[2022-05-19T10:19:45.531+0000][163][gc,cpu         ] GC(255) User=0.01s Sys=0.00s Real=0.01s
[2022-05-19T10:19:45.531+0000][163][safepoint      ] Safepoint "G1CollectForAllocation", Time since last: 898247300 ns, Reaching safepoint: 210400 ns, At safepoint: 5637800 ns, Total: 5848200 ns
[2022-05-19T10:19:45.697+0000][163][gc,start       ] GC(256) Pause Young (Mixed) (G1 Evacuation Pause)
[2022-05-19T10:19:45.697+0000][163][gc,task        ] GC(256) Using 10 workers of 10 for evacuation
[2022-05-19T10:19:45.698+0000][163][gc,age         ] GC(256) Desired survivor size 2097152 bytes, new threshold 1 (max threshold 15)
[2022-05-19T10:19:45.702+0000][163][gc,age         ] GC(256) Age table with threshold 1 (max threshold 15)
[2022-05-19T10:19:45.702+0000][163][gc,age         ] GC(256) - age   1:    1211168 bytes,    1211168 total
[2022-05-19T10:19:45.702+0000][163][gc,phases      ] GC(256)   Pre Evacuate Collection Set: 0.3ms
[2022-05-19T10:19:45.702+0000][163][gc,phases      ] GC(256)   Merge Heap Roots: 0.2ms
[2022-05-19T10:19:45.702+0000][163][gc,phases      ] GC(256)   Evacuate Collection Set: 2.4ms
[2022-05-19T10:19:45.703+0000][163][gc,phases      ] GC(256)   Post Evacuate Collection Set: 0.8ms
[2022-05-19T10:19:45.703+0000][163][gc,phases      ] GC(256)   Other: 1.3ms
[2022-05-19T10:19:45.703+0000][163][gc,heap        ] GC(256) Eden regions: 3->0(34)
[2022-05-19T10:19:45.703+0000][163][gc,heap        ] GC(256) Survivor regions: 3->1(1)
[2022-05-19T10:19:45.703+0000][163][gc,heap        ] GC(256) Old regions: 43->44
[2022-05-19T10:19:45.703+0000][163][gc,heap        ] GC(256) Archive regions: 2->2
[2022-05-19T10:19:45.704+0000][163][gc,heap        ] GC(256) Humongous regions: 18->18
[2022-05-19T10:19:45.704+0000][163][gc,metaspace   ] GC(256) Metaspace: 101541K(103104K)->101541K(103104K) NonClass: 87618K(88576K)->87618K(88576K) Class: 13922K(14528K)->13922K(14528K)
[2022-05-19T10:19:45.704+0000][163][gc             ] GC(256) Pause Young (Mixed) (G1 Evacuation Pause) 265M->248M(512M) 6.766ms
[2022-05-19T10:19:45.704+0000][163][gc,cpu         ] GC(256) User=0.02s Sys=0.00s Real=0.01s
[2022-05-19T10:19:45.704+0000][163][safepoint      ] Safepoint "G1CollectForAllocation", Time since last: 165823100 ns, Reaching safepoint: 200700 ns, At safepoint: 7174100 ns, Total: 7374800 ns
[2022-05-19T10:19:46.432+0000][163][gc,start       ] GC(257) Pause Young (Concurrent Start) (G1 Evacuation Pause)
[2022-05-19T10:19:46.432+0000][163][gc,task        ] GC(257) Using 10 workers of 10 for evacuation
[2022-05-19T10:19:46.432+0000][163][gc,age         ] GC(257) Desired survivor size 10485760 bytes, new threshold 15 (max threshold 15)
[2022-05-19T10:19:46.436+0000][163][gc,age         ] GC(257) Age table with threshold 15 (max threshold 15)
[2022-05-19T10:19:46.436+0000][163][gc,age         ] GC(257) - age   1:    9873648 bytes,    9873648 total
[2022-05-19T10:19:46.436+0000][163][gc,age         ] GC(257) - age   2:     428160 bytes,   10301808 total
[2022-05-19T10:19:46.436+0000][163][gc,phases      ] GC(257)   Pre Evacuate Collection Set: 0.4ms
[2022-05-19T10:19:46.437+0000][163][gc,phases      ] GC(257)   Merge Heap Roots: 0.2ms
[2022-05-19T10:19:46.437+0000][163][gc,phases      ] GC(257)   Evacuate Collection Set: 1.9ms
[2022-05-19T10:19:46.437+0000][163][gc,phases      ] GC(257)   Post Evacuate Collection Set: 0.7ms
[2022-05-19T10:19:46.437+0000][163][gc,phases      ] GC(257)   Other: 1.3ms
[2022-05-19T10:19:46.437+0000][163][gc,heap        ] GC(257) Eden regions: 34->0(30)
[2022-05-19T10:19:46.437+0000][163][gc,heap        ] GC(257) Survivor regions: 1->3(5)
[2022-05-19T10:19:46.438+0000][163][gc,heap        ] GC(257) Old regions: 44->44
[2022-05-19T10:19:46.438+0000][163][gc,heap        ] GC(257) Archive regions: 2->2
[2022-05-19T10:19:46.438+0000][163][gc,heap        ] GC(257) Humongous regions: 18->18
[2022-05-19T10:19:46.438+0000][163][gc,metaspace   ] GC(257) Metaspace: 101575K(103168K)->101575K(103168K) NonClass: 87653K(88640K)->87653K(88640K) Class: 13922K(14528K)->13922K(14528K)
[2022-05-19T10:19:46.438+0000][163][gc             ] GC(257) Pause Young (Concurrent Start) (G1 Evacuation Pause) 384M->257M(512M) 6.096ms
[2022-05-19T10:19:46.438+0000][163][gc,cpu         ] GC(257) User=0.01s Sys=0.00s Real=0.00s
[2022-05-19T10:19:46.438+0000][163][gc             ] GC(258) Concurrent Mark Cycle
[2022-05-19T10:19:46.439+0000][163][gc,marking     ] GC(258) Concurrent Clear Claimed Marks
[2022-05-19T10:19:46.438+0000][163][safepoint      ] Safepoint "G1CollectForAllocation", Time since last: 727373300 ns, Reaching safepoint: 254600 ns, At safepoint: 6476100 ns, Total: 6730700 ns
[2022-05-19T10:19:46.439+0000][163][gc,marking     ] GC(258) Concurrent Clear Claimed Marks 0.221ms
[2022-05-19T10:19:46.439+0000][163][gc,marking     ] GC(258) Concurrent Scan Root Regions
[2022-05-19T10:19:46.441+0000][163][gc,marking     ] GC(258) Concurrent Scan Root Regions 1.640ms
[2022-05-19T10:19:46.441+0000][163][gc,marking     ] GC(258) Concurrent Mark
[2022-05-19T10:19:46.441+0000][163][gc,marking     ] GC(258) Concurrent Mark From Roots
[2022-05-19T10:19:46.441+0000][163][gc,task        ] GC(258) Using 3 workers of 3 for marking
[2022-05-19T10:19:46.497+0000][163][gc,marking     ] GC(258) Concurrent Mark From Roots 55.643ms
[2022-05-19T10:19:46.497+0000][163][gc,marking     ] GC(258) Concurrent Preclean
[2022-05-19T10:19:46.497+0000][163][gc,marking     ] GC(258) Concurrent Preclean 0.740ms
[2022-05-19T10:19:46.498+0000][163][gc,start       ] GC(258) Pause Remark
[2022-05-19T10:19:46.501+0000][163][gc             ] GC(258) Pause Remark 289M->245M(512M) 3.332ms
[2022-05-19T10:19:46.501+0000][163][gc,cpu         ] GC(258) User=0.02s Sys=0.00s Real=0.01s
[2022-05-19T10:19:46.502+0000][163][safepoint      ] Safepoint "G1Concurrent", Time since last: 59287600 ns, Reaching safepoint: 265500 ns, At safepoint: 3724900 ns, Total: 3990400 ns
[2022-05-19T10:19:46.502+0000][163][gc,marking     ] GC(258) Concurrent Mark 61.133ms
[2022-05-19T10:19:46.502+0000][163][gc,marking     ] GC(258) Concurrent Rebuild Remembered Sets
[2022-05-19T10:19:46.529+0000][163][gc,marking     ] GC(258) Concurrent Rebuild Remembered Sets 27.074ms
[2022-05-19T10:19:46.530+0000][163][gc,start       ] GC(258) Pause Cleanup
[2022-05-19T10:19:46.530+0000][163][gc             ] GC(258) Pause Cleanup 266M->266M(512M) 0.328ms
[2022-05-19T10:19:46.530+0000][163][gc,cpu         ] GC(258) User=0.00s Sys=0.00s Real=0.01s
[2022-05-19T10:19:46.530+0000][163][safepoint      ] Safepoint "G1Concurrent", Time since last: 27640100 ns, Reaching safepoint: 253800 ns, At safepoint: 624100 ns, Total: 877900 ns
[2022-05-19T10:19:46.530+0000][163][gc,marking     ] GC(258) Concurrent Cleanup for Next Mark
[2022-05-19T10:19:46.531+0000][163][gc,marking     ] GC(258) Concurrent Cleanup for Next Mark 0.441ms
[2022-05-19T10:19:46.531+0000][163][gc             ] GC(258) Concurrent Mark Cycle 92.583ms
[2022-05-19T10:19:46.661+0000][163][gc,start       ] GC(259) Pause Young (Prepare Mixed) (G1 Evacuation Pause)
[2022-05-19T10:19:46.662+0000][163][gc,task        ] GC(259) Using 10 workers of 10 for evacuation
[2022-05-19T10:19:46.662+0000][163][gc,age         ] GC(259) Desired survivor size 10485760 bytes, new threshold 15 (max threshold 15)
[2022-05-19T10:19:46.665+0000][163][gc,age         ] GC(259) Age table with threshold 15 (max threshold 15)
[2022-05-19T10:19:46.665+0000][163][gc,age         ] GC(259) - age   1:    2461920 bytes,    2461920 total
[2022-05-19T10:19:46.665+0000][163][gc,age         ] GC(259) - age   2:    8538696 bytes,   11000616 total
[2022-05-19T10:19:46.665+0000][163][gc,age         ] GC(259) - age   3:     425360 bytes,   11425976 total
[2022-05-19T10:19:46.665+0000][163][gc,phases      ] GC(259)   Pre Evacuate Collection Set: 0.2ms
[2022-05-19T10:19:46.666+0000][163][gc,phases      ] GC(259)   Merge Heap Roots: 0.2ms
[2022-05-19T10:19:46.666+0000][163][gc,phases      ] GC(259)   Evacuate Collection Set: 1.7ms
[2022-05-19T10:19:46.666+0000][163][gc,phases      ] GC(259)   Post Evacuate Collection Set: 0.7ms
[2022-05-19T10:19:46.666+0000][163][gc,phases      ] GC(259)   Other: 1.2ms
[2022-05-19T10:19:46.666+0000][163][gc,heap        ] GC(259) Eden regions: 30->0(3)
[2022-05-19T10:19:46.666+0000][163][gc,heap        ] GC(259) Survivor regions: 3->3(5)
[2022-05-19T10:19:46.667+0000][163][gc,heap        ] GC(259) Old regions: 43->43
[2022-05-19T10:19:46.667+0000][163][gc,heap        ] GC(259) Archive regions: 2->2
[2022-05-19T10:19:46.667+0000][163][gc,heap        ] GC(259) Humongous regions: 8->8
[2022-05-19T10:19:46.667+0000][163][gc,metaspace   ] GC(259) Metaspace: 101581K(103168K)->101581K(103168K) NonClass: 87658K(88640K)->87658K(88640K) Class: 13922K(14528K)->13922K(14528K)
[2022-05-19T10:19:46.667+0000][163][gc             ] GC(259) Pause Young (Prepare Mixed) (G1 Evacuation Pause) 333M->215M(512M) 5.544ms
[2022-05-19T10:19:46.667+0000][163][gc,cpu         ] GC(259) User=0.02s Sys=0.00s Real=0.00s
[2022-05-19T10:19:46.667+0000][163][safepoint      ] Safepoint "G1CollectForAllocation", Time since last: 131024200 ns, Reaching safepoint: 255200 ns, At safepoint: 5896600 ns, Total: 6151800 ns
[2022-05-19T10:19:46.830+0000][163][gc,start       ] GC(260) Pause Young (Mixed) (G1 Evacuation Pause)
[2022-05-19T10:19:46.830+0000][163][gc,task        ] GC(260) Using 10 workers of 10 for evacuation
[2022-05-19T10:19:46.831+0000][163][gc,age         ] GC(260) Desired survivor size 2097152 bytes, new threshold 1 (max threshold 15)
[2022-05-19T10:19:46.835+0000][163][gc,age         ] GC(260) Age table with threshold 1 (max threshold 15)
[2022-05-19T10:19:46.835+0000][163][gc,age         ] GC(260) - age   1:    4137832 bytes,    4137832 total
[2022-05-19T10:19:46.835+0000][163][gc,phases      ] GC(260)   Pre Evacuate Collection Set: 0.2ms
[2022-05-19T10:19:46.835+0000][163][gc,phases      ] GC(260)   Merge Heap Roots: 0.1ms
[2022-05-19T10:19:46.835+0000][163][gc,phases      ] GC(260)   Evacuate Collection Set: 2.7ms
[2022-05-19T10:19:46.836+0000][163][gc,phases      ] GC(260)   Post Evacuate Collection Set: 0.7ms
[2022-05-19T10:19:46.836+0000][163][gc,phases      ] GC(260)   Other: 1.1ms
[2022-05-19T10:19:46.836+0000][163][gc,heap        ] GC(260) Eden regions: 3->0(47)
[2022-05-19T10:19:46.836+0000][163][gc,heap        ] GC(260) Survivor regions: 3->1(1)
[2022-05-19T10:19:46.836+0000][163][gc,heap        ] GC(260) Old regions: 43->40
[2022-05-19T10:19:46.836+0000][163][gc,heap        ] GC(260) Archive regions: 2->2
[2022-05-19T10:19:46.836+0000][163][gc,heap        ] GC(260) Humongous regions: 8->8
[2022-05-19T10:19:46.837+0000][163][gc,metaspace   ] GC(260) Metaspace: 101585K(103168K)->101585K(103168K) NonClass: 87662K(88640K)->87662K(88640K) Class: 13922K(14528K)->13922K(14528K)
[2022-05-19T10:19:46.837+0000][163][gc             ] GC(260) Pause Young (Mixed) (G1 Evacuation Pause) 226M->195M(512M) 6.514ms
[2022-05-19T10:19:46.837+0000][163][gc,cpu         ] GC(260) User=0.03s Sys=0.00s Real=0.00s
[2022-05-19T10:19:46.837+0000][163][safepoint      ] Safepoint "G1CollectForAllocation", Time since last: 162654300 ns, Reaching safepoint: 216300 ns, At safepoint: 6857900 ns, Total: 7074200 ns
[2022-05-19T10:19:47.403+0000][163][gc,start       ] GC(261) Pause Young (Concurrent Start) (G1 Evacuation Pause)
[2022-05-19T10:19:47.403+0000][163][gc,task        ] GC(261) Using 10 workers of 10 for evacuation
[2022-05-19T10:19:47.404+0000][163][gc,age         ] GC(261) Desired survivor size 12582912 bytes, new threshold 15 (max threshold 15)
[2022-05-19T10:19:47.407+0000][163][gc,age         ] GC(261) Age table with threshold 15 (max threshold 15)
[2022-05-19T10:19:47.407+0000][163][gc,age         ] GC(261) - age   1:    7318376 bytes,    7318376 total
[2022-05-19T10:19:47.407+0000][163][gc,age         ] GC(261) - age   2:     738424 bytes,    8056800 total
[2022-05-19T10:19:47.408+0000][163][gc,phases      ] GC(261)   Pre Evacuate Collection Set: 0.3ms
[2022-05-19T10:19:47.408+0000][163][gc,phases      ] GC(261)   Merge Heap Roots: 0.2ms
[2022-05-19T10:19:47.408+0000][163][gc,phases      ] GC(261)   Evacuate Collection Set: 1.8ms
[2022-05-19T10:19:47.408+0000][163][gc,phases      ] GC(261)   Post Evacuate Collection Set: 0.8ms
[2022-05-19T10:19:47.408+0000][163][gc,phases      ] GC(261)   Other: 1.2ms
[2022-05-19T10:19:47.408+0000][163][gc,heap        ] GC(261) Eden regions: 47->0(44)
[2022-05-19T10:19:47.409+0000][163][gc,heap        ] GC(261) Survivor regions: 1->2(6)
[2022-05-19T10:19:47.409+0000][163][gc,heap        ] GC(261) Old regions: 40->40
[2022-05-19T10:19:47.409+0000][163][gc,heap        ] GC(261) Archive regions: 2->2
[2022-05-19T10:19:47.409+0000][163][gc,heap        ] GC(261) Humongous regions: 8->8
[2022-05-19T10:19:47.409+0000][163][gc,metaspace   ] GC(261) Metaspace: 101637K(103168K)->101637K(103168K) NonClass: 87714K(88640K)->87714K(88640K) Class: 13922K(14528K)->13922K(14528K)
[2022-05-19T10:19:47.410+0000][163][gc             ] GC(261) Pause Young (Concurrent Start) (G1 Evacuation Pause) 383M->199M(512M) 6.380ms
[2022-05-19T10:19:47.410+0000][163][gc,cpu         ] GC(261) User=0.02s Sys=0.00s Real=0.01s
[2022-05-19T10:19:47.410+0000][163][safepoint      ] Safepoint "G1CollectForAllocation", Time since last: 565919000 ns, Reaching safepoint: 248600 ns, At safepoint: 6898500 ns, Total: 7147100 ns
[2022-05-19T10:19:47.410+0000][163][gc             ] GC(262) Concurrent Mark Cycle
[2022-05-19T10:19:47.411+0000][163][gc,marking     ] GC(262) Concurrent Clear Claimed Marks
[2022-05-19T10:19:47.411+0000][163][gc,marking     ] GC(262) Concurrent Clear Claimed Marks 0.222ms
[2022-05-19T10:19:47.411+0000][163][gc,marking     ] GC(262) Concurrent Scan Root Regions
[2022-05-19T10:19:47.412+0000][163][gc,marking     ] GC(262) Concurrent Scan Root Regions 1.354ms
[2022-05-19T10:19:47.412+0000][163][gc,marking     ] GC(262) Concurrent Mark
[2022-05-19T10:19:47.413+0000][163][gc,marking     ] GC(262) Concurrent Mark From Roots
[2022-05-19T10:19:47.413+0000][163][gc,task        ] GC(262) Using 3 workers of 3 for marking
[2022-05-19T10:19:47.463+0000][163][gc,marking     ] GC(262) Concurrent Mark From Roots 50.390ms
[2022-05-19T10:19:47.463+0000][163][gc,marking     ] GC(262) Concurrent Preclean
[2022-05-19T10:19:47.464+0000][163][gc,marking     ] GC(262) Concurrent Preclean 0.544ms
[2022-05-19T10:19:47.464+0000][163][gc,start       ] GC(262) Pause Remark
[2022-05-19T10:19:47.467+0000][163][gc             ] GC(262) Pause Remark 264M->260M(512M) 3.164ms
[2022-05-19T10:19:47.468+0000][163][gc,cpu         ] GC(262) User=0.02s Sys=0.00s Real=0.00s
[2022-05-19T10:19:47.468+0000][163][safepoint      ] Safepoint "G1Concurrent", Time since last: 53776100 ns, Reaching safepoint: 174900 ns, At safepoint: 3629800 ns, Total: 3804700 ns
[2022-05-19T10:19:47.468+0000][163][gc,marking     ] GC(262) Concurrent Mark 55.428ms
[2022-05-19T10:19:47.468+0000][163][gc,marking     ] GC(262) Concurrent Rebuild Remembered Sets
[2022-05-19T10:19:47.487+0000][163][gc,marking     ] GC(262) Concurrent Rebuild Remembered Sets 19.207ms
[2022-05-19T10:19:47.488+0000][163][gc,start       ] GC(262) Pause Cleanup
[2022-05-19T10:19:47.488+0000][163][gc             ] GC(262) Pause Cleanup 261M->261M(512M) 0.311ms
[2022-05-19T10:19:47.488+0000][163][gc,cpu         ] GC(262) User=0.00s Sys=0.00s Real=0.00s
[2022-05-19T10:19:47.488+0000][163][safepoint      ] Safepoint "G1Concurrent", Time since last: 19712300 ns, Reaching safepoint: 188000 ns, At safepoint: 634100 ns, Total: 822100 ns
[2022-05-19T10:19:47.488+0000][163][gc,marking     ] GC(262) Concurrent Cleanup for Next Mark
[2022-05-19T10:19:47.489+0000][163][gc,marking     ] GC(262) Concurrent Cleanup for Next Mark 0.391ms
[2022-05-19T10:19:47.489+0000][163][gc             ] GC(262) Concurrent Mark Cycle 78.820ms
[2022-05-19T10:19:48.489+0000][163][safepoint      ] Safepoint "Cleanup", Time since last: 1000246400 ns, Reaching safepoint: 221000 ns, At safepoint: 36700 ns, Total: 257700 ns
[2022-05-19T10:19:49.490+0000][163][safepoint      ] Safepoint "Cleanup", Time since last: 1000568300 ns, Reaching safepoint: 388300 ns, At safepoint: 16300 ns, Total: 404600 ns
[2022-05-19T10:19:50.490+0000][163][safepoint      ] Safepoint "Cleanup", Time since last: 1000492400 ns, Reaching safepoint: 205400 ns, At safepoint: 7300 ns, Total: 212700 ns
[2022-05-19T10:19:51.491+0000][163][safepoint      ] Safepoint "Cleanup", Time since last: 1000380400 ns, Reaching safepoint: 221800 ns, At safepoint: 28400 ns, Total: 250200 ns
[2022-05-19T10:19:52.492+0000][163][safepoint      ] Safepoint "Cleanup", Time since last: 1000318500 ns, Reaching safepoint: 190100 ns, At safepoint: 6900 ns, Total: 197000 ns
[2022-05-19T10:19:53.492+0000][163][safepoint      ] Safepoint "Cleanup", Time since last: 1000374600 ns, Reaching safepoint: 273900 ns, At safepoint: 13900 ns, Total: 287800 ns
[2022-05-19T10:19:54.493+0000][163][safepoint      ] Safepoint "Cleanup", Time since last: 1000373500 ns, Reaching safepoint: 227200 ns, At safepoint: 7500 ns, Total: 234700 ns
[2022-05-19T10:19:57.494+0000][163][safepoint      ] Safepoint "Cleanup", Time since last: 3000586700 ns, Reaching safepoint: 267600 ns, At safepoint: 15300 ns, Total: 282900 ns
[2022-05-19T10:20:00.495+0000][163][safepoint      ] Safepoint "Cleanup", Time since last: 3000662900 ns, Reaching safepoint: 219600 ns, At safepoint: 9000 ns, Total: 228600 ns
[2022-05-19T10:20:02.495+0000][163][safepoint      ] Safepoint "Cleanup", Time since last: 2000351300 ns, Reaching safepoint: 187100 ns, At safepoint: 7700 ns, Total: 194800 ns
[2022-05-19T10:20:02.855+0000][163][gc,start       ] GC(263) Pause Young (Prepare Mixed) (G1 Evacuation Pause)
[2022-05-19T10:20:02.855+0000][163][gc,task        ] GC(263) Using 10 workers of 10 for evacuation
[2022-05-19T10:20:02.856+0000][163][gc,age         ] GC(263) Desired survivor size 12582912 bytes, new threshold 15 (max threshold 15)
[2022-05-19T10:20:02.858+0000][163][gc,age         ] GC(263) Age table with threshold 15 (max threshold 15)
[2022-05-19T10:20:02.859+0000][163][gc,age         ] GC(263) - age   1:     711576 bytes,     711576 total
[2022-05-19T10:20:02.859+0000][163][gc,age         ] GC(263) - age   2:    6360776 bytes,    7072352 total
[2022-05-19T10:20:02.859+0000][163][gc,age         ] GC(263) - age   3:     733312 bytes,    7805664 total
[2022-05-19T10:20:02.859+0000][163][gc,phases      ] GC(263)   Pre Evacuate Collection Set: 0.2ms
[2022-05-19T10:20:02.859+0000][163][gc,phases      ] GC(263)   Merge Heap Roots: 0.2ms
[2022-05-19T10:20:02.860+0000][163][gc,phases      ] GC(263)   Evacuate Collection Set: 1.6ms
[2022-05-19T10:20:02.860+0000][163][gc,phases      ] GC(263)   Post Evacuate Collection Set: 0.7ms
[2022-05-19T10:20:02.860+0000][163][gc,phases      ] GC(263)   Other: 1.5ms
[2022-05-19T10:20:02.860+0000][163][gc,heap        ] GC(263) Eden regions: 44->0(4)
[2022-05-19T10:20:02.860+0000][163][gc,heap        ] GC(263) Survivor regions: 2->2(6)
[2022-05-19T10:20:02.861+0000][163][gc,heap        ] GC(263) Old regions: 40->40
[2022-05-19T10:20:02.861+0000][163][gc,heap        ] GC(263) Archive regions: 2->2
[2022-05-19T10:20:02.861+0000][163][gc,heap        ] GC(263) Humongous regions: 7->7
[2022-05-19T10:20:02.861+0000][163][gc,metaspace   ] GC(263) Metaspace: 101890K(103488K)->101890K(103488K) NonClass: 87950K(88896K)->87950K(88896K) Class: 13940K(14592K)->13940K(14592K)
[2022-05-19T10:20:02.861+0000][163][gc             ] GC(263) Pause Young (Prepare Mixed) (G1 Evacuation Pause) 371M->195M(512M) 6.086ms
[2022-05-19T10:20:02.861+0000][163][gc,cpu         ] GC(263) User=0.02s Sys=0.00s Real=0.01s
[2022-05-19T10:20:02.862+0000][163][safepoint      ] Safepoint "G1CollectForAllocation", Time since last: 359558500 ns, Reaching safepoint: 234100 ns, At safepoint: 6499300 ns, Total: 6733400 ns
[2022-05-19T10:20:03.862+0000][163][safepoint      ] Safepoint "Cleanup", Time since last: 1000325100 ns, Reaching safepoint: 194300 ns, At safepoint: 7800 ns, Total: 202100 ns
[2022-05-19T10:20:05.863+0000][163][safepoint      ] Safepoint "Cleanup", Time since last: 2000431600 ns, Reaching safepoint: 244600 ns, At safepoint: 23000 ns, Total: 267600 ns
[2022-05-19T10:20:08.053+0000][163][gc,start       ] GC(264) Pause Young (Mixed) (G1 Evacuation Pause)
[2022-05-19T10:20:08.053+0000][163][gc,task        ] GC(264) Using 10 workers of 10 for evacuation
[2022-05-19T10:20:08.053+0000][163][gc,age         ] GC(264) Desired survivor size 2097152 bytes, new threshold 2 (max threshold 15)
[2022-05-19T10:20:08.057+0000][163][gc,age         ] GC(264) Age table with threshold 2 (max threshold 15)
[2022-05-19T10:20:08.057+0000][163][gc,age         ] GC(264) - age   1:     201752 bytes,     201752 total
[2022-05-19T10:20:08.058+0000][163][gc,age         ] GC(264) - age   2:     629128 bytes,     830880 total
[2022-05-19T10:20:08.058+0000][163][gc,phases      ] GC(264)   Pre Evacuate Collection Set: 0.2ms
[2022-05-19T10:20:08.058+0000][163][gc,phases      ] GC(264)   Merge Heap Roots: 0.2ms
[2022-05-19T10:20:08.058+0000][163][gc,phases      ] GC(264)   Evacuate Collection Set: 2.4ms
[2022-05-19T10:20:08.059+0000][163][gc,phases      ] GC(264)   Post Evacuate Collection Set: 0.8ms
[2022-05-19T10:20:08.059+0000][163][gc,phases      ] GC(264)   Other: 1.7ms
[2022-05-19T10:20:08.059+0000][163][gc,heap        ] GC(264) Eden regions: 4->0(52)
[2022-05-19T10:20:08.059+0000][163][gc,heap        ] GC(264) Survivor regions: 2->1(1)
[2022-05-19T10:20:08.059+0000][163][gc,heap        ] GC(264) Old regions: 40->38
[2022-05-19T10:20:08.059+0000][163][gc,heap        ] GC(264) Archive regions: 2->2
[2022-05-19T10:20:08.059+0000][163][gc,heap        ] GC(264) Humongous regions: 7->7
[2022-05-19T10:20:08.060+0000][163][gc,metaspace   ] GC(264) Metaspace: 102032K(103616K)->102032K(103616K) NonClass: 88076K(89024K)->88076K(89024K) Class: 13956K(14592K)->13956K(14592K)
[2022-05-19T10:20:08.060+0000][163][gc             ] GC(264) Pause Young (Mixed) (G1 Evacuation Pause) 211M->180M(512M) 7.023ms
[2022-05-19T10:20:08.060+0000][163][gc,cpu         ] GC(264) User=0.03s Sys=0.00s Real=0.00s
[2022-05-19T10:20:08.060+0000][163][safepoint      ] Safepoint "G1CollectForAllocation", Time since last: 2189655300 ns, Reaching safepoint: 178100 ns, At safepoint: 7360200 ns, Total: 7538300 ns
[2022-05-19T10:20:09.061+0000][163][safepoint      ] Safepoint "Cleanup", Time since last: 1000689100 ns, Reaching safepoint: 277500 ns, At safepoint: 7300 ns, Total: 284800 ns
[2022-05-19T10:20:11.062+0000][163][safepoint      ] Safepoint "Cleanup", Time since last: 2000615700 ns, Reaching safepoint: 192700 ns, At safepoint: 6700 ns, Total: 199400 ns
[2022-05-19T10:20:18.063+0000][163][safepoint      ] Safepoint "Cleanup", Time since last: 7001207400 ns, Reaching safepoint: 200300 ns, At safepoint: 6800 ns, Total: 207100 ns
[2022-05-19T10:20:24.064+0000][163][safepoint      ] Safepoint "Cleanup", Time since last: 6000956600 ns, Reaching safepoint: 184700 ns, At safepoint: 14800 ns, Total: 199500 ns
[2022-05-19T10:20:29.066+0000][163][safepoint      ] Safepoint "Cleanup", Time since last: 5000913900 ns, Reaching safepoint: 289700 ns, At safepoint: 10200 ns, Total: 299900 ns
[2022-05-19T10:20:30.067+0000][163][safepoint      ] Safepoint "Cleanup", Time since last: 1000314200 ns, Reaching safepoint: 212100 ns, At safepoint: 8300 ns, Total: 220400 ns
[2022-05-19T10:20:31.068+0000][163][safepoint      ] Safepoint "Cleanup", Time since last: 1000290700 ns, Reaching safepoint: 207000 ns, At safepoint: 6800 ns, Total: 213800 ns
[2022-05-19T10:20:32.068+0000][163][safepoint      ] Safepoint "Cleanup", Time since last: 1000544900 ns, Reaching safepoint: 199200 ns, At safepoint: 7300 ns, Total: 206500 ns
[2022-05-19T10:20:33.069+0000][163][safepoint      ] Safepoint "Cleanup", Time since last: 1000545500 ns, Reaching safepoint: 197700 ns, At safepoint: 7200 ns, Total: 204900 ns
[2022-05-19T10:20:34.070+0000][163][safepoint      ] Safepoint "Cleanup", Time since last: 1000390800 ns, Reaching safepoint: 253800 ns, At safepoint: 13700 ns, Total: 267500 ns
[2022-05-19T10:20:54.073+0000][163][safepoint      ] Safepoint "Cleanup", Time since last: 20002703600 ns, Reaching safepoint: 263500 ns, At safepoint: 8600 ns, Total: 272100 ns
[2022-05-19T10:20:55.073+0000][163][safepoint      ] Safepoint "Cleanup", Time since last: 1000295100 ns, Reaching safepoint: 262800 ns, At safepoint: 7900 ns, Total: 270700 ns
[2022-05-19T10:21:24.078+0000][163][safepoint      ] Safepoint "Cleanup", Time since last: 29004046700 ns, Reaching safepoint: 229500 ns, At safepoint: 6900 ns, Total: 236400 ns
[2022-05-19T10:21:31.080+0000][163][safepoint      ] Safepoint "Cleanup", Time since last: 7001128700 ns, Reaching safepoint: 282200 ns, At safepoint: 22800 ns, Total: 305000 ns
[2022-05-19T10:21:54.083+0000][163][safepoint      ] Safepoint "Cleanup", Time since last: 23003052100 ns, Reaching safepoint: 194900 ns, At safepoint: 11200 ns, Total: 206100 ns
[2022-05-19T10:22:06.991+0000][163][safepoint      ] Safepoint "Cleanup", Time since last: 12906618200 ns, Reaching safepoint: 262300 ns, At safepoint: 6800 ns, Total: 269100 ns
[2022-05-19T10:22:54.997+0000][163][safepoint      ] Safepoint "Cleanup", Time since last: 48005772600 ns, Reaching safepoint: 175100 ns, At safepoint: 6500 ns, Total: 181600 ns
[2022-05-19T10:22:56.998+0000][163][safepoint      ] Safepoint "Cleanup", Time since last: 2000537700 ns, Reaching safepoint: 254600 ns, At safepoint: 32500 ns, Total: 287100 ns
[2022-05-19T10:23:11.738+0000][163][safepoint      ] Safepoint "Cleanup", Time since last: 14738915000 ns, Reaching safepoint: 268600 ns, At safepoint: 31200 ns, Total: 299800 ns
[2022-05-19T10:23:11.831+0000][163][gc,start       ] GC(265) Pause Young (Concurrent Start) (G1 Evacuation Pause)
[2022-05-19T10:23:11.831+0000][163][gc,task        ] GC(265) Using 10 workers of 10 for evacuation
[2022-05-19T10:23:11.831+0000][163][gc,age         ] GC(265) Desired survivor size 14680064 bytes, new threshold 15 (max threshold 15)
[2022-05-19T10:23:11.833+0000][163][gc,age         ] GC(265) Age table with threshold 15 (max threshold 15)
[2022-05-19T10:23:11.834+0000][163][gc,age         ] GC(265) - age   1:     267496 bytes,     267496 total
[2022-05-19T10:23:11.834+0000][163][gc,age         ] GC(265) - age   2:     110400 bytes,     377896 total
[2022-05-19T10:23:11.834+0000][163][gc,age         ] GC(265) - age   3:     622264 bytes,    1000160 total
[2022-05-19T10:23:11.834+0000][163][gc,phases      ] GC(265)   Pre Evacuate Collection Set: 0.2ms
[2022-05-19T10:23:11.834+0000][163][gc,phases      ] GC(265)   Merge Heap Roots: 0.2ms
[2022-05-19T10:23:11.834+0000][163][gc,phases      ] GC(265)   Evacuate Collection Set: 1.1ms
[2022-05-19T10:23:11.834+0000][163][gc,phases      ] GC(265)   Post Evacuate Collection Set: 0.7ms
[2022-05-19T10:23:11.834+0000][163][gc,phases      ] GC(265)   Other: 1.0ms
[2022-05-19T10:23:11.835+0000][163][gc,heap        ] GC(265) Eden regions: 52->0(54)
[2022-05-19T10:23:11.835+0000][163][gc,heap        ] GC(265) Survivor regions: 1->1(7)
[2022-05-19T10:23:11.835+0000][163][gc,heap        ] GC(265) Old regions: 38->38
[2022-05-19T10:23:11.835+0000][163][gc,heap        ] GC(265) Archive regions: 2->2
[2022-05-19T10:23:11.835+0000][163][gc,heap        ] GC(265) Humongous regions: 7->7
[2022-05-19T10:23:11.835+0000][163][gc,metaspace   ] GC(265) Metaspace: 102273K(103872K)->102273K(103872K) NonClass: 88286K(89216K)->88286K(89216K) Class: 13987K(14656K)->13987K(14656K)
[2022-05-19T10:23:11.835+0000][163][gc             ] GC(265) Pause Young (Concurrent Start) (G1 Evacuation Pause) 388M->180M(512M) 4.581ms
[2022-05-19T10:23:11.835+0000][163][gc,cpu         ] GC(265) User=0.03s Sys=0.00s Real=0.01s
[2022-05-19T10:23:11.836+0000][163][gc             ] GC(266) Concurrent Mark Cycle
[2022-05-19T10:23:11.836+0000][163][gc,marking     ] GC(266) Concurrent Clear Claimed Marks
[2022-05-19T10:23:11.836+0000][163][safepoint      ] Safepoint "G1CollectForAllocation", Time since last: 92252100 ns, Reaching safepoint: 225300 ns, At safepoint: 4917500 ns, Total: 5142800 ns
[2022-05-19T10:23:11.836+0000][163][gc,marking     ] GC(266) Concurrent Clear Claimed Marks 0.221ms
[2022-05-19T10:23:11.836+0000][163][gc,marking     ] GC(266) Concurrent Scan Root Regions
[2022-05-19T10:23:11.838+0000][163][gc,marking     ] GC(266) Concurrent Scan Root Regions 1.973ms
[2022-05-19T10:23:11.838+0000][163][gc,marking     ] GC(266) Concurrent Mark
[2022-05-19T10:23:11.839+0000][163][gc,marking     ] GC(266) Concurrent Mark From Roots
[2022-05-19T10:23:11.839+0000][163][gc,task        ] GC(266) Using 3 workers of 3 for marking
[2022-05-19T10:23:11.881+0000][163][gc,marking     ] GC(266) Concurrent Mark From Roots 42.150ms
[2022-05-19T10:23:11.881+0000][163][gc,marking     ] GC(266) Concurrent Preclean
[2022-05-19T10:23:11.882+0000][163][gc,marking     ] GC(266) Concurrent Preclean 0.587ms
[2022-05-19T10:23:11.882+0000][163][gc,start       ] GC(266) Pause Remark
[2022-05-19T10:23:11.886+0000][163][gc             ] GC(266) Pause Remark 182M->173M(512M) 3.945ms
[2022-05-19T10:23:11.886+0000][163][gc,cpu         ] GC(266) User=0.02s Sys=0.00s Real=0.01s
[2022-05-19T10:23:11.887+0000][163][safepoint      ] Safepoint "G1Concurrent", Time since last: 46088300 ns, Reaching safepoint: 172600 ns, At safepoint: 4621500 ns, Total: 4794100 ns
[2022-05-19T10:23:11.887+0000][163][gc,marking     ] GC(266) Concurrent Mark 48.330ms
[2022-05-19T10:23:11.887+0000][163][gc,marking     ] GC(266) Concurrent Rebuild Remembered Sets
[2022-05-19T10:23:11.910+0000][163][gc,marking     ] GC(266) Concurrent Rebuild Remembered Sets 22.682ms
[2022-05-19T10:23:11.910+0000][163][gc,start       ] GC(266) Pause Cleanup
[2022-05-19T10:23:11.911+0000][163][gc             ] GC(266) Pause Cleanup 173M->173M(512M) 0.428ms
[2022-05-19T10:23:11.911+0000][163][gc,cpu         ] GC(266) User=0.00s Sys=0.00s Real=0.00s
[2022-05-19T10:23:11.911+0000][163][safepoint      ] Safepoint "G1Concurrent", Time since last: 23506800 ns, Reaching safepoint: 190500 ns, At safepoint: 843200 ns, Total: 1033700 ns
[2022-05-19T10:23:11.911+0000][163][gc,marking     ] GC(266) Concurrent Cleanup for Next Mark
[2022-05-19T10:23:11.912+0000][163][gc,marking     ] GC(266) Concurrent Cleanup for Next Mark 0.350ms
[2022-05-19T10:23:11.912+0000][163][gc             ] GC(266) Concurrent Mark Cycle 76.177ms
[2022-05-19T10:23:12.912+0000][163][safepoint      ] Safepoint "Cleanup", Time since last: 1000306700 ns, Reaching safepoint: 276400 ns, At safepoint: 7300 ns, Total: 283700 ns
[2022-05-19T10:23:26.914+0000][163][safepoint      ] Safepoint "Cleanup", Time since last: 14002246200 ns, Reaching safepoint: 205300 ns, At safepoint: 7900 ns, Total: 213200 ns
[2022-05-19T10:23:32.915+0000][163][safepoint      ] Safepoint "Cleanup", Time since last: 6000954600 ns, Reaching safepoint: 220700 ns, At safepoint: 7500 ns, Total: 228200 ns
[2022-05-19T10:23:33.916+0000][163][safepoint      ] Safepoint "Cleanup", Time since last: 1000502700 ns, Reaching safepoint: 238600 ns, At safepoint: 15400 ns, Total: 254000 ns
[2022-05-19T10:23:35.917+0000][163][safepoint      ] Safepoint "Cleanup", Time since last: 2000573900 ns, Reaching safepoint: 239800 ns, At safepoint: 6500 ns, Total: 246300 ns
[2022-05-19T10:23:36.918+0000][163][safepoint      ] Safepoint "Cleanup", Time since last: 1000554500 ns, Reaching safepoint: 256200 ns, At safepoint: 9500 ns, Total: 265700 ns
[2022-05-19T10:23:37.919+0000][163][safepoint      ] Safepoint "Cleanup", Time since last: 1000547300 ns, Reaching safepoint: 278500 ns, At safepoint: 6700 ns, Total: 285200 ns
[2022-05-19T10:23:38.919+0000][163][safepoint      ] Safepoint "Cleanup", Time since last: 1000344500 ns, Reaching safepoint: 190300 ns, At safepoint: 7400 ns, Total: 197700 ns
[2022-05-19T10:23:39.920+0000][163][safepoint      ] Safepoint "Cleanup", Time since last: 1000321500 ns, Reaching safepoint: 185000 ns, At safepoint: 8500 ns, Total: 193500 ns
[2022-05-19T10:23:40.920+0000][163][safepoint      ] Safepoint "Cleanup", Time since last: 1000277700 ns, Reaching safepoint: 240100 ns, At safepoint: 11100 ns, Total: 251200 ns
[2022-05-19T10:23:41.921+0000][163][safepoint      ] Safepoint "Cleanup", Time since last: 1000382700 ns, Reaching safepoint: 188700 ns, At safepoint: 7200 ns, Total: 195900 ns
[2022-05-19T10:23:42.921+0000][163][safepoint      ] Safepoint "Cleanup", Time since last: 1000445500 ns, Reaching safepoint: 192500 ns, At safepoint: 8000 ns, Total: 200500 ns
[2022-05-19T10:23:45.923+0000][163][safepoint      ] Safepoint "Cleanup", Time since last: 3000746900 ns, Reaching safepoint: 286700 ns, At safepoint: 13900 ns, Total: 300600 ns
[2022-05-19T10:23:53.924+0000][163][safepoint      ] Safepoint "Cleanup", Time since last: 8001359600 ns, Reaching safepoint: 188900 ns, At safepoint: 18300 ns, Total: 207200 ns
[2022-05-19T10:23:54.925+0000][163][safepoint      ] Safepoint "Cleanup", Time since last: 1000417300 ns, Reaching safepoint: 210400 ns, At safepoint: 8100 ns, Total: 218500 ns
[2022-05-19T10:24:35.932+0000][163][safepoint      ] Safepoint "Cleanup", Time since last: 41005414100 ns, Reaching safepoint: 260000 ns, At safepoint: 7200 ns, Total: 267200 ns
[2022-05-19T10:24:50.934+0000][163][safepoint      ] Safepoint "Cleanup", Time since last: 15002189000 ns, Reaching safepoint: 234500 ns, At safepoint: 11800 ns, Total: 246300 ns
[2022-05-19T10:25:15.938+0000][163][safepoint      ] Safepoint "Cleanup", Time since last: 25003260000 ns, Reaching safepoint: 210600 ns, At safepoint: 30900 ns, Total: 241500 ns
[2022-05-19T10:25:23.940+0000][163][safepoint      ] Safepoint "Cleanup", Time since last: 8001307000 ns, Reaching safepoint: 302000 ns, At safepoint: 6700 ns, Total: 308700 ns
[2022-05-19T10:25:26.941+0000][163][safepoint      ] Safepoint "Cleanup", Time since last: 3000799300 ns, Reaching safepoint: 271900 ns, At safepoint: 7300 ns, Total: 279200 ns
[2022-05-19T10:25:32.943+0000][163][safepoint      ] Safepoint "Cleanup", Time since last: 6000993100 ns, Reaching safepoint: 253100 ns, At safepoint: 7000 ns, Total: 260100 ns
[2022-05-19T10:25:47.946+0000][163][safepoint      ] Safepoint "Cleanup", Time since last: 15002356800 ns, Reaching safepoint: 327500 ns, At safepoint: 9100 ns, Total: 336600 ns
[2022-05-19T10:26:22.951+0000][163][safepoint      ] Safepoint "Cleanup", Time since last: 35004629000 ns, Reaching safepoint: 277400 ns, At safepoint: 22000 ns, Total: 299400 ns
[2022-05-19T10:26:23.952+0000][163][safepoint      ] Safepoint "Cleanup", Time since last: 1000493400 ns, Reaching safepoint: 334400 ns, At safepoint: 8000 ns, Total: 342400 ns
[2022-05-19T10:26:49.956+0000][163][safepoint      ] Safepoint "Cleanup", Time since last: 26003490300 ns, Reaching safepoint: 183600 ns, At safepoint: 9300 ns, Total: 192900 ns
[2022-05-19T10:26:54.957+0000][163][safepoint      ] Safepoint "Cleanup", Time since last: 5000804100 ns, Reaching safepoint: 280000 ns, At safepoint: 6600 ns, Total: 286600 ns
[2022-05-19T10:27:47.965+0000][163][safepoint      ] Safepoint "Cleanup", Time since last: 53006500000 ns, Reaching safepoint: 221100 ns, At safepoint: 6400 ns, Total: 227500 ns
[2022-05-19T10:27:49.966+0000][163][safepoint      ] Safepoint "Cleanup", Time since last: 2000544500 ns, Reaching safepoint: 186800 ns, At safepoint: 7000 ns, Total: 193800 ns
[2022-05-19T10:27:50.967+0000][163][safepoint      ] Safepoint "Cleanup", Time since last: 1000386000 ns, Reaching safepoint: 264700 ns, At safepoint: 7000 ns, Total: 271700 ns
[2022-05-19T10:27:51.967+0000][163][safepoint      ] Safepoint "Cleanup", Time since last: 1000395900 ns, Reaching safepoint: 211700 ns, At safepoint: 11900 ns, Total: 223600 ns
[2022-05-19T10:27:53.968+0000][163][safepoint      ] Safepoint "Cleanup", Time since last: 2000554500 ns, Reaching safepoint: 269500 ns, At safepoint: 11200 ns, Total: 280700 ns
[2022-05-19T10:27:54.969+0000][163][safepoint      ] Safepoint "Cleanup", Time since last: 1000455600 ns, Reaching safepoint: 347600 ns, At safepoint: 9400 ns, Total: 357000 ns
[2022-05-19T10:27:55.970+0000][163][safepoint      ] Safepoint "Cleanup", Time since last: 1000525800 ns, Reaching safepoint: 237500 ns, At safepoint: 6800 ns, Total: 244300 ns
[2022-05-19T10:27:56.970+0000][163][safepoint      ] Safepoint "Cleanup", Time since last: 1000536700 ns, Reaching safepoint: 218300 ns, At safepoint: 6300 ns, Total: 224600 ns
[2022-05-19T10:27:57.971+0000][163][safepoint      ] Safepoint "Cleanup", Time since last: 1000485000 ns, Reaching safepoint: 278500 ns, At safepoint: 8200 ns, Total: 286700 ns
[2022-05-19T10:27:58.972+0000][163][safepoint      ] Safepoint "Cleanup", Time since last: 1000445800 ns, Reaching safepoint: 268600 ns, At safepoint: 6100 ns, Total: 274700 ns
[2022-05-19T10:27:59.973+0000][163][safepoint      ] Safepoint "Cleanup", Time since last: 1000514400 ns, Reaching safepoint: 301200 ns, At safepoint: 13500 ns, Total: 314700 ns
[2022-05-19T10:28:00.974+0000][163][safepoint      ] Safepoint "Cleanup", Time since last: 1000453900 ns, Reaching safepoint: 181200 ns, At safepoint: 6100 ns, Total: 187300 ns
[2022-05-19T10:28:01.975+0000][163][safepoint      ] Safepoint "Cleanup", Time since last: 1000340900 ns, Reaching safepoint: 212800 ns, At safepoint: 8900 ns, Total: 221700 ns
[2022-05-19T10:28:02.975+0000][163][safepoint      ] Safepoint "Cleanup", Time since last: 1000449000 ns, Reaching safepoint: 208000 ns, At safepoint: 9300 ns, Total: 217300 ns
[2022-05-19T10:28:03.976+0000][163][safepoint      ] Safepoint "Cleanup", Time since last: 1000319300 ns, Reaching safepoint: 246900 ns, At safepoint: 6600 ns, Total: 253500 ns
[2022-05-19T10:28:04.976+0000][163][safepoint      ] Safepoint "Cleanup", Time since last: 1000426100 ns, Reaching safepoint: 236700 ns, At safepoint: 6300 ns, Total: 243000 ns
[2022-05-19T10:28:05.977+0000][163][safepoint      ] Safepoint "Cleanup", Time since last: 1000462900 ns, Reaching safepoint: 322400 ns, At safepoint: 9100 ns, Total: 331500 ns
[2022-05-19T10:28:07.448+0000][163][safepoint      ] Safepoint "Cleanup", Time since last: 1471039900 ns, Reaching safepoint: 184000 ns, At safepoint: 19900 ns, Total: 203900 ns
[2022-05-19T10:28:08.449+0000][163][safepoint      ] Safepoint "Cleanup", Time since last: 1000317700 ns, Reaching safepoint: 363000 ns, At safepoint: 6300 ns, Total: 369300 ns
[2022-05-19T10:28:09.450+0000][163][safepoint      ] Safepoint "Cleanup", Time since last: 1000437900 ns, Reaching safepoint: 227100 ns, At safepoint: 11300 ns, Total: 238400 ns
[2022-05-19T10:28:10.451+0000][163][safepoint      ] Safepoint "Cleanup", Time since last: 1000483200 ns, Reaching safepoint: 260400 ns, At safepoint: 21600 ns, Total: 282000 ns
[2022-05-19T10:28:11.903+0000][163][safepoint      ] Safepoint "Cleanup", Time since last: 1452176600 ns, Reaching safepoint: 210200 ns, At safepoint: 9300 ns, Total: 219500 ns
[2022-05-19T10:28:13.904+0000][163][safepoint      ] Safepoint "Cleanup", Time since last: 2000370900 ns, Reaching safepoint: 199600 ns, At safepoint: 6700 ns, Total: 206300 ns
[2022-05-19T10:28:15.904+0000][163][safepoint      ] Safepoint "Cleanup", Time since last: 2000494800 ns, Reaching safepoint: 249500 ns, At safepoint: 6500 ns, Total: 256000 ns
[2022-05-19T10:28:16.905+0000][163][safepoint      ] Safepoint "Cleanup", Time since last: 1000521900 ns, Reaching safepoint: 312500 ns, At safepoint: 13100 ns, Total: 325600 ns
[2022-05-19T10:28:17.906+0000][163][safepoint      ] Safepoint "Cleanup", Time since last: 1000467400 ns, Reaching safepoint: 184700 ns, At safepoint: 7300 ns, Total: 192000 ns
[2022-05-19T10:28:19.907+0000][163][safepoint      ] Safepoint "Cleanup", Time since last: 2000529000 ns, Reaching safepoint: 190000 ns, At safepoint: 6300 ns, Total: 196300 ns
[2022-05-19T10:28:20.907+0000][163][safepoint      ] Safepoint "Cleanup", Time since last: 1000419000 ns, Reaching safepoint: 333500 ns, At safepoint: 29500 ns, Total: 363000 ns
[2022-05-19T10:28:21.908+0000][163][safepoint      ] Safepoint "Cleanup", Time since last: 1000336900 ns, Reaching safepoint: 192000 ns, At safepoint: 19400 ns, Total: 211400 ns
[2022-05-19T10:28:22.908+0000][163][safepoint      ] Safepoint "Cleanup", Time since last: 1000319000 ns, Reaching safepoint: 195300 ns, At safepoint: 6400 ns, Total: 201700 ns
[2022-05-19T10:28:23.909+0000][163][safepoint      ] Safepoint "Cleanup", Time since last: 1000533700 ns, Reaching safepoint: 210000 ns, At safepoint: 7900 ns, Total: 217900 ns
[2022-05-19T10:28:24.910+0000][163][safepoint      ] Safepoint "Cleanup", Time since last: 1000378600 ns, Reaching safepoint: 227300 ns, At safepoint: 10000 ns, Total: 237300 ns
[2022-05-19T10:28:26.910+0000][163][safepoint      ] Safepoint "Cleanup", Time since last: 2000451700 ns, Reaching safepoint: 186300 ns, At safepoint: 8000 ns, Total: 194300 ns
[2022-05-19T10:28:27.911+0000][163][safepoint      ] Safepoint "Cleanup", Time since last: 1000448300 ns, Reaching safepoint: 193800 ns, At safepoint: 8800 ns, Total: 202600 ns
[2022-05-19T10:28:28.912+0000][163][safepoint      ] Safepoint "Cleanup", Time since last: 1000424400 ns, Reaching safepoint: 192800 ns, At safepoint: 7500 ns, Total: 200300 ns
[2022-05-19T10:28:29.913+0000][163][safepoint      ] Safepoint "Cleanup", Time since last: 1000503300 ns, Reaching safepoint: 188800 ns, At safepoint: 7200 ns, Total: 196000 ns
[2022-05-19T10:28:31.914+0000][163][safepoint      ] Safepoint "Cleanup", Time since last: 2000567600 ns, Reaching safepoint: 183300 ns, At safepoint: 20100 ns, Total: 203400 ns
[2022-05-19T10:28:32.914+0000][163][safepoint      ] Safepoint "Cleanup", Time since last: 1000373700 ns, Reaching safepoint: 260100 ns, At safepoint: 16300 ns, Total: 276400 ns
[2022-05-19T10:28:33.915+0000][163][safepoint      ] Safepoint "Cleanup", Time since last: 1000491800 ns, Reaching safepoint: 190700 ns, At safepoint: 7700 ns, Total: 198400 ns
[2022-05-19T10:28:34.916+0000][163][safepoint      ] Safepoint "Cleanup", Time since last: 1000406700 ns, Reaching safepoint: 213000 ns, At safepoint: 7400 ns, Total: 220400 ns
[2022-05-19T10:28:38.917+0000][163][safepoint      ] Safepoint "Cleanup", Time since last: 4000749800 ns, Reaching safepoint: 207800 ns, At safepoint: 8100 ns, Total: 215900 ns
[2022-05-19T10:28:40.917+0000][163][safepoint      ] Safepoint "Cleanup", Time since last: 2000529800 ns, Reaching safepoint: 274200 ns, At safepoint: 37200 ns, Total: 311400 ns
[2022-05-19T10:28:41.918+0000][163][safepoint      ] Safepoint "Cleanup", Time since last: 1000266400 ns, Reaching safepoint: 204900 ns, At safepoint: 21100 ns, Total: 226000 ns
[2022-05-19T10:28:42.918+0000][163][safepoint      ] Safepoint "Cleanup", Time since last: 1000305700 ns, Reaching safepoint: 195600 ns, At safepoint: 7100 ns, Total: 202700 ns
[2022-05-19T10:28:44.213+0000][163][gc,start       ] GC(267) Pause Young (Prepare Mixed) (G1 Evacuation Pause)
[2022-05-19T10:28:44.213+0000][163][gc,task        ] GC(267) Using 10 workers of 10 for evacuation
[2022-05-19T10:28:44.213+0000][163][gc,age         ] GC(267) Desired survivor size 14680064 bytes, new threshold 15 (max threshold 15)
[2022-05-19T10:28:44.215+0000][163][gc,age         ] GC(267) Age table with threshold 15 (max threshold 15)
[2022-05-19T10:28:44.215+0000][163][gc,age         ] GC(267) - age   1:     834672 bytes,     834672 total
[2022-05-19T10:28:44.215+0000][163][gc,age         ] GC(267) - age   2:     193304 bytes,    1027976 total
[2022-05-19T10:28:44.215+0000][163][gc,age         ] GC(267) - age   3:      91032 bytes,    1119008 total
[2022-05-19T10:28:44.215+0000][163][gc,age         ] GC(267) - age   4:     584792 bytes,    1703800 total
[2022-05-19T10:28:44.216+0000][163][gc,phases      ] GC(267)   Pre Evacuate Collection Set: 0.2ms
[2022-05-19T10:28:44.216+0000][163][gc,phases      ] GC(267)   Merge Heap Roots: 0.1ms
[2022-05-19T10:28:44.216+0000][163][gc,phases      ] GC(267)   Evacuate Collection Set: 1.0ms
[2022-05-19T10:28:44.216+0000][163][gc,phases      ] GC(267)   Post Evacuate Collection Set: 0.6ms
[2022-05-19T10:28:44.216+0000][163][gc,phases      ] GC(267)   Other: 1.0ms
[2022-05-19T10:28:44.216+0000][163][gc,heap        ] GC(267) Eden regions: 54->0(5)
[2022-05-19T10:28:44.216+0000][163][gc,heap        ] GC(267) Survivor regions: 1->1(7)
[2022-05-19T10:28:44.216+0000][163][gc,heap        ] GC(267) Old regions: 36->36
[2022-05-19T10:28:44.216+0000][163][gc,heap        ] GC(267) Archive regions: 2->2
[2022-05-19T10:28:44.217+0000][163][gc,heap        ] GC(267) Humongous regions: 6->6
[2022-05-19T10:28:44.217+0000][163][gc,metaspace   ] GC(267) Metaspace: 102824K(104384K)->102824K(104384K) NonClass: 88829K(89728K)->88829K(89728K) Class: 13995K(14656K)->13995K(14656K)
[2022-05-19T10:28:44.217+0000][163][gc             ] GC(267) Pause Young (Prepare Mixed) (G1 Evacuation Pause) 387M->171M(512M) 4.206ms
[2022-05-19T10:28:44.217+0000][163][gc,cpu         ] GC(267) User=0.01s Sys=0.00s Real=0.00s
[2022-05-19T10:28:44.217+0000][163][safepoint      ] Safepoint "G1CollectForAllocation", Time since last: 1293977100 ns, Reaching safepoint: 182800 ns, At safepoint: 4475300 ns, Total: 4658100 ns
[2022-05-19T10:28:45.218+0000][163][safepoint      ] Safepoint "Cleanup", Time since last: 1000260100 ns, Reaching safepoint: 234300 ns, At safepoint: 21900 ns, Total: 256200 ns
[2022-05-19T10:28:46.218+0000][163][safepoint      ] Safepoint "Cleanup", Time since last: 1000548300 ns, Reaching safepoint: 260300 ns, At safepoint: 7500 ns, Total: 267800 ns
[2022-05-19T10:28:48.219+0000][163][safepoint      ] Safepoint "Cleanup", Time since last: 2000694000 ns, Reaching safepoint: 245400 ns, At safepoint: 7500 ns, Total: 252900 ns
[2022-05-19T10:28:50.814+0000][163][gc,start       ] GC(268) Pause Young (Mixed) (G1 Evacuation Pause)
[2022-05-19T10:28:50.814+0000][163][gc,task        ] GC(268) Using 10 workers of 10 for evacuation
[2022-05-19T10:28:50.814+0000][163][gc,age         ] GC(268) Desired survivor size 2097152 bytes, new threshold 15 (max threshold 15)
[2022-05-19T10:28:50.818+0000][163][gc,age         ] GC(268) Age table with threshold 15 (max threshold 15)
[2022-05-19T10:28:50.818+0000][163][gc,age         ] GC(268) - age   1:     397248 bytes,     397248 total
[2022-05-19T10:28:50.818+0000][163][gc,age         ] GC(268) - age   2:     638080 bytes,    1035328 total
[2022-05-19T10:28:50.819+0000][163][gc,age         ] GC(268) - age   3:     180568 bytes,    1215896 total
[2022-05-19T10:28:50.819+0000][163][gc,age         ] GC(268) - age   4:      84384 bytes,    1300280 total
[2022-05-19T10:28:50.819+0000][163][gc,age         ] GC(268) - age   5:     576656 bytes,    1876936 total
[2022-05-19T10:28:50.819+0000][163][gc,phases      ] GC(268)   Pre Evacuate Collection Set: 0.2ms
[2022-05-19T10:28:50.819+0000][163][gc,phases      ] GC(268)   Merge Heap Roots: 0.1ms
[2022-05-19T10:28:50.819+0000][163][gc,phases      ] GC(268)   Evacuate Collection Set: 2.1ms
[2022-05-19T10:28:50.819+0000][163][gc,phases      ] GC(268)   Post Evacuate Collection Set: 1.3ms
[2022-05-19T10:28:50.819+0000][163][gc,phases      ] GC(268)   Other: 1.3ms
[2022-05-19T10:28:50.820+0000][163][gc,heap        ] GC(268) Eden regions: 5->0(64)
[2022-05-19T10:28:50.820+0000][163][gc,heap        ] GC(268) Survivor regions: 1->1(1)
[2022-05-19T10:28:50.820+0000][163][gc,heap        ] GC(268) Old regions: 36->29
[2022-05-19T10:28:50.820+0000][163][gc,heap        ] GC(268) Archive regions: 2->2
[2022-05-19T10:28:50.820+0000][163][gc,heap        ] GC(268) Humongous regions: 6->6
[2022-05-19T10:28:50.820+0000][163][gc,metaspace   ] GC(268) Metaspace: 102862K(104448K)->102862K(104448K) NonClass: 88867K(89792K)->88867K(89792K) Class: 13995K(14656K)->13995K(14656K)
[2022-05-19T10:28:50.820+0000][163][gc             ] GC(268) Pause Young (Mixed) (G1 Evacuation Pause) 191M->142M(512M) 6.408ms
[2022-05-19T10:28:50.821+0000][163][gc,cpu         ] GC(268) User=0.02s Sys=0.00s Real=0.01s
[2022-05-19T10:28:50.821+0000][163][safepoint      ] Safepoint "G1CollectForAllocation", Time since last: 2594465800 ns, Reaching safepoint: 183000 ns, At safepoint: 6802900 ns, Total: 6985900 ns
[2022-05-19T10:28:51.821+0000][163][safepoint      ] Safepoint "Cleanup", Time since last: 1000306300 ns, Reaching safepoint: 244300 ns, At safepoint: 21800 ns, Total: 266100 ns
[2022-05-19T10:28:52.822+0000][163][safepoint      ] Safepoint "Cleanup", Time since last: 1000509600 ns, Reaching safepoint: 388300 ns, At safepoint: 12500 ns, Total: 400800 ns
[2022-05-19T10:28:53.823+0000][163][safepoint      ] Safepoint "Cleanup", Time since last: 1000604300 ns, Reaching safepoint: 253600 ns, At safepoint: 7900 ns, Total: 261500 ns
[2022-05-19T10:28:54.824+0000][163][safepoint      ] Safepoint "Cleanup", Time since last: 1000538200 ns, Reaching safepoint: 213800 ns, At safepoint: 9100 ns, Total: 222900 ns
[2022-05-19T10:28:55.824+0000][163][safepoint      ] Safepoint "Cleanup", Time since last: 1000381800 ns, Reaching safepoint: 211500 ns, At safepoint: 7100 ns, Total: 218600 ns
[2022-05-19T10:28:56.825+0000][163][safepoint      ] Safepoint "Cleanup", Time since last: 1000405000 ns, Reaching safepoint: 188000 ns, At safepoint: 6500 ns, Total: 194500 ns
[2022-05-19T10:28:58.826+0000][163][safepoint      ] Safepoint "Cleanup", Time since last: 2000588800 ns, Reaching safepoint: 183300 ns, At safepoint: 7700 ns, Total: 191000 ns
[2022-05-19T10:29:01.827+0000][163][safepoint      ] Safepoint "Cleanup", Time since last: 3000617200 ns, Reaching safepoint: 189600 ns, At safepoint: 7100 ns, Total: 196700 ns
[2022-05-19T10:29:02.828+0000][163][safepoint      ] Safepoint "Cleanup", Time since last: 1000384400 ns, Reaching safepoint: 247800 ns, At safepoint: 7100 ns, Total: 254900 ns
[2022-05-19T10:29:05.829+0000][163][safepoint      ] Safepoint "Cleanup", Time since last: 3000797000 ns, Reaching safepoint: 273900 ns, At safepoint: 20900 ns, Total: 294800 ns
[2022-05-19T10:29:10.830+0000][163][safepoint      ] Safepoint "Cleanup", Time since last: 5000778800 ns, Reaching safepoint: 209000 ns, At safepoint: 12000 ns, Total: 221000 ns
[2022-05-19T10:29:11.831+0000][163][safepoint      ] Safepoint "Cleanup", Time since last: 1000345600 ns, Reaching safepoint: 203200 ns, At safepoint: 9000 ns, Total: 212200 ns
[2022-05-19T10:29:12.831+0000][163][safepoint      ] Safepoint "Cleanup", Time since last: 1000327800 ns, Reaching safepoint: 190500 ns, At safepoint: 7900 ns, Total: 198400 ns
[2022-05-19T10:29:13.832+0000][163][safepoint      ] Safepoint "Cleanup", Time since last: 1000364900 ns, Reaching safepoint: 201100 ns, At safepoint: 8600 ns, Total: 209700 ns
[2022-05-19T10:29:14.832+0000][163][safepoint      ] Safepoint "Cleanup", Time since last: 1000370700 ns, Reaching safepoint: 194700 ns, At safepoint: 7900 ns, Total: 202600 ns
[2022-05-19T10:29:20.833+0000][163][safepoint      ] Safepoint "Cleanup", Time since last: 6000948700 ns, Reaching safepoint: 197400 ns, At safepoint: 7300 ns, Total: 204700 ns
[2022-05-19T10:29:21.834+0000][163][safepoint      ] Safepoint "Cleanup", Time since last: 1000476000 ns, Reaching safepoint: 224200 ns, At safepoint: 7300 ns, Total: 231500 ns
[2022-05-19T10:29:22.835+0000][163][safepoint      ] Safepoint "Cleanup", Time since last: 1000377200 ns, Reaching safepoint: 199700 ns, At safepoint: 6900 ns, Total: 206600 ns
[2022-05-19T10:29:23.835+0000][163][safepoint      ] Safepoint "Cleanup", Time since last: 1000475600 ns, Reaching safepoint: 200500 ns, At safepoint: 7000 ns, Total: 207500 ns
[2022-05-19T10:29:24.836+0000][163][safepoint      ] Safepoint "Cleanup", Time since last: 1000411100 ns, Reaching safepoint: 204100 ns, At safepoint: 7200 ns, Total: 211300 ns
[2022-05-19T10:29:27.837+0000][163][safepoint      ] Safepoint "Cleanup", Time since last: 3000659500 ns, Reaching safepoint: 182800 ns, At safepoint: 7500 ns, Total: 190300 ns
[2022-05-19T10:29:29.838+0000][163][safepoint      ] Safepoint "Cleanup", Time since last: 2000570800 ns, Reaching safepoint: 191100 ns, At safepoint: 7600 ns, Total: 198700 ns
[2022-05-19T10:29:31.839+0000][163][safepoint      ] Safepoint "Cleanup", Time since last: 2000576300 ns, Reaching safepoint: 217000 ns, At safepoint: 8400 ns, Total: 225400 ns
[2022-05-19T10:29:33.840+0000][163][safepoint      ] Safepoint "Cleanup", Time since last: 2000629100 ns, Reaching safepoint: 254200 ns, At safepoint: 21400 ns, Total: 275600 ns
[2022-05-19T10:29:34.841+0000][163][safepoint      ] Safepoint "Cleanup", Time since last: 1000491700 ns, Reaching safepoint: 255900 ns, At safepoint: 6600 ns, Total: 262500 ns
[2022-05-19T10:29:37.842+0000][163][safepoint      ] Safepoint "Cleanup", Time since last: 3000733400 ns, Reaching safepoint: 256600 ns, At safepoint: 7300 ns, Total: 263900 ns
[2022-05-19T10:29:39.842+0000][163][safepoint      ] Safepoint "Cleanup", Time since last: 2000510700 ns, Reaching safepoint: 278100 ns, At safepoint: 7600 ns, Total: 285700 ns
[2022-05-19T10:29:40.843+0000][163][safepoint      ] Safepoint "Cleanup", Time since last: 1000529000 ns, Reaching safepoint: 239900 ns, At safepoint: 21500 ns, Total: 261400 ns
[2022-05-19T10:29:41.844+0000][163][safepoint      ] Safepoint "Cleanup", Time since last: 1000528200 ns, Reaching safepoint: 288400 ns, At safepoint: 7700 ns, Total: 296100 ns
[2022-05-19T10:29:45.845+0000][163][safepoint      ] Safepoint "Cleanup", Time since last: 4000868400 ns, Reaching safepoint: 289900 ns, At safepoint: 21800 ns, Total: 311700 ns
[2022-05-19T10:29:46.846+0000][163][safepoint      ] Safepoint "Cleanup", Time since last: 1000500800 ns, Reaching safepoint: 203000 ns, At safepoint: 9300 ns, Total: 212300 ns
[2022-05-19T10:29:50.847+0000][163][safepoint      ] Safepoint "Cleanup", Time since last: 4000837600 ns, Reaching safepoint: 263800 ns, At safepoint: 7100 ns, Total: 270900 ns
[2022-05-19T10:29:51.848+0000][163][safepoint      ] Safepoint "Cleanup", Time since last: 1000455900 ns, Reaching safepoint: 286600 ns, At safepoint: 7900 ns, Total: 294500 ns
[2022-05-19T10:29:52.849+0000][163][safepoint      ] Safepoint "Cleanup", Time since last: 1000468900 ns, Reaching safepoint: 309500 ns, At safepoint: 31200 ns, Total: 340700 ns
[2022-05-19T10:29:53.849+0000][163][safepoint      ] Safepoint "Cleanup", Time since last: 1000504200 ns, Reaching safepoint: 361500 ns, At safepoint: 14100 ns, Total: 375600 ns
[2022-05-19T10:29:54.850+0000][163][safepoint      ] Safepoint "Cleanup", Time since last: 1000472100 ns, Reaching safepoint: 250400 ns, At safepoint: 7700 ns, Total: 258100 ns
[2022-05-19T10:29:56.851+0000][163][safepoint      ] Safepoint "Cleanup", Time since last: 2000592300 ns, Reaching safepoint: 243500 ns, At safepoint: 15600 ns, Total: 259100 ns
[2022-05-19T10:29:57.852+0000][163][safepoint      ] Safepoint "Cleanup", Time since last: 1000394700 ns, Reaching safepoint: 201800 ns, At safepoint: 31100 ns, Total: 232900 ns
[2022-05-19T10:29:59.860+0000][163][safepoint      ] Safepoint "Cleanup", Time since last: 2007839400 ns, Reaching safepoint: 250800 ns, At safepoint: 7400 ns, Total: 258200 ns
[2022-05-19T10:30:00.861+0000][163][safepoint      ] Safepoint "Cleanup", Time since last: 1000340300 ns, Reaching safepoint: 285000 ns, At safepoint: 24400 ns, Total: 309400 ns
[2022-05-19T10:30:01.862+0000][163][safepoint      ] Safepoint "Cleanup", Time since last: 1000492600 ns, Reaching safepoint: 261700 ns, At safepoint: 9700 ns, Total: 271400 ns
[2022-05-19T10:30:02.167+0000][163][gc,start       ] GC(269) Pause Young (Concurrent Start) (G1 Evacuation Pause)
[2022-05-19T10:30:02.167+0000][163][gc,task        ] GC(269) Using 10 workers of 10 for evacuation
[2022-05-19T10:30:02.167+0000][163][gc,age         ] GC(269) Desired survivor size 18874368 bytes, new threshold 15 (max threshold 15)
[2022-05-19T10:30:02.170+0000][163][gc,age         ] GC(269) Age table with threshold 15 (max threshold 15)
[2022-05-19T10:30:02.170+0000][163][gc,age         ] GC(269) - age   1:     597624 bytes,     597624 total
[2022-05-19T10:30:02.170+0000][163][gc,age         ] GC(269) - age   2:      30928 bytes,     628552 total
[2022-05-19T10:30:02.171+0000][163][gc,age         ] GC(269) - age   3:     482448 bytes,    1111000 total
[2022-05-19T10:30:02.171+0000][163][gc,age         ] GC(269) - age   4:     180368 bytes,    1291368 total
[2022-05-19T10:30:02.171+0000][163][gc,age         ] GC(269) - age   5:      84088 bytes,    1375456 total
[2022-05-19T10:30:02.171+0000][163][gc,age         ] GC(269) - age   6:     576168 bytes,    1951624 total
[2022-05-19T10:30:02.171+0000][163][gc,phases      ] GC(269)   Pre Evacuate Collection Set: 0.3ms
[2022-05-19T10:30:02.171+0000][163][gc,phases      ] GC(269)   Merge Heap Roots: 0.2ms
[2022-05-19T10:30:02.171+0000][163][gc,phases      ] GC(269)   Evacuate Collection Set: 1.1ms
[2022-05-19T10:30:02.171+0000][163][gc,phases      ] GC(269)   Post Evacuate Collection Set: 1.0ms
[2022-05-19T10:30:02.171+0000][163][gc,phases      ] GC(269)   Other: 1.3ms
[2022-05-19T10:30:02.172+0000][163][gc,heap        ] GC(269) Eden regions: 64->0(65)
[2022-05-19T10:30:02.172+0000][163][gc,heap        ] GC(269) Survivor regions: 1->1(9)
[2022-05-19T10:30:02.172+0000][163][gc,heap        ] GC(269) Old regions: 29->29
[2022-05-19T10:30:02.172+0000][163][gc,heap        ] GC(269) Archive regions: 2->2
[2022-05-19T10:30:02.172+0000][163][gc,heap        ] GC(269) Humongous regions: 6->6
[2022-05-19T10:30:02.172+0000][163][gc,metaspace   ] GC(269) Metaspace: 103246K(104832K)->103246K(104832K) NonClass: 89251K(90176K)->89251K(90176K) Class: 13995K(14656K)->13995K(14656K)
[2022-05-19T10:30:02.172+0000][163][gc             ] GC(269) Pause Young (Concurrent Start) (G1 Evacuation Pause) 398M->143M(512M) 5.153ms
[2022-05-19T10:30:02.172+0000][163][gc,cpu         ] GC(269) User=0.01s Sys=0.00s Real=0.01s
[2022-05-19T10:30:02.173+0000][163][gc             ] GC(270) Concurrent Mark Cycle
[2022-05-19T10:30:02.173+0000][163][safepoint      ] Safepoint "G1CollectForAllocation", Time since last: 305118800 ns, Reaching safepoint: 175400 ns, At safepoint: 5564500 ns, Total: 5739900 ns
[2022-05-19T10:30:02.173+0000][163][gc,marking     ] GC(270) Concurrent Clear Claimed Marks
[2022-05-19T10:30:02.173+0000][163][gc,marking     ] GC(270) Concurrent Clear Claimed Marks 0.362ms
[2022-05-19T10:30:02.173+0000][163][gc,marking     ] GC(270) Concurrent Scan Root Regions
[2022-05-19T10:30:02.176+0000][163][gc,marking     ] GC(270) Concurrent Scan Root Regions 2.327ms
[2022-05-19T10:30:02.176+0000][163][gc,marking     ] GC(270) Concurrent Mark
[2022-05-19T10:30:02.176+0000][163][gc,marking     ] GC(270) Concurrent Mark From Roots
[2022-05-19T10:30:02.176+0000][163][gc,task        ] GC(270) Using 3 workers of 3 for marking
[2022-05-19T10:30:02.219+0000][163][gc,marking     ] GC(270) Concurrent Mark From Roots 43.410ms
[2022-05-19T10:30:02.220+0000][163][gc,marking     ] GC(270) Concurrent Preclean
[2022-05-19T10:30:02.220+0000][163][gc,marking     ] GC(270) Concurrent Preclean 0.636ms
[2022-05-19T10:30:02.221+0000][163][gc,start       ] GC(270) Pause Remark
[2022-05-19T10:30:02.225+0000][163][gc             ] GC(270) Pause Remark 146M->146M(512M) 4.172ms
[2022-05-19T10:30:02.226+0000][163][gc,cpu         ] GC(270) User=0.02s Sys=0.01s Real=0.01s
[2022-05-19T10:30:02.226+0000][163][safepoint      ] Safepoint "G1Concurrent", Time since last: 47863300 ns, Reaching safepoint: 632100 ns, At safepoint: 4757400 ns, Total: 5389500 ns
[2022-05-19T10:30:02.226+0000][163][gc,marking     ] GC(270) Concurrent Mark 50.438ms
[2022-05-19T10:30:02.226+0000][163][gc,marking     ] GC(270) Concurrent Rebuild Remembered Sets
[2022-05-19T10:30:02.248+0000][163][gc,marking     ] GC(270) Concurrent Rebuild Remembered Sets 21.820ms
[2022-05-19T10:30:02.249+0000][163][gc,start       ] GC(270) Pause Cleanup
[2022-05-19T10:30:02.249+0000][163][gc             ] GC(270) Pause Cleanup 146M->146M(512M) 0.450ms
[2022-05-19T10:30:02.249+0000][163][gc,cpu         ] GC(270) User=0.00s Sys=0.00s Real=0.00s
[2022-05-19T10:30:02.250+0000][163][safepoint      ] Safepoint "G1Concurrent", Time since last: 22582000 ns, Reaching safepoint: 181900 ns, At safepoint: 936200 ns, Total: 1118100 ns
[2022-05-19T10:30:02.250+0000][163][gc,marking     ] GC(270) Concurrent Cleanup for Next Mark
[2022-05-19T10:30:02.250+0000][163][gc,marking     ] GC(270) Concurrent Cleanup for Next Mark 0.387ms
[2022-05-19T10:30:02.250+0000][163][gc             ] GC(270) Concurrent Mark Cycle 77.784ms
[2022-05-19T10:30:03.250+0000][163][safepoint      ] Safepoint "Cleanup", Time since last: 1000298500 ns, Reaching safepoint: 242300 ns, At safepoint: 8200 ns, Total: 250500 ns
[2022-05-19T10:30:04.251+0000][163][safepoint      ] Safepoint "Cleanup", Time since last: 1000441200 ns, Reaching safepoint: 192300 ns, At safepoint: 8300 ns, Total: 200600 ns
[2022-05-19T10:30:05.252+0000][163][safepoint      ] Safepoint "Cleanup", Time since last: 1000317200 ns, Reaching safepoint: 355400 ns, At safepoint: 10800 ns, Total: 366200 ns
[2022-05-19T10:30:06.252+0000][163][safepoint      ] Safepoint "Cleanup", Time since last: 1000456500 ns, Reaching safepoint: 278300 ns, At safepoint: 7300 ns, Total: 285600 ns
[2022-05-19T10:30:07.253+0000][163][safepoint      ] Safepoint "Cleanup", Time since last: 1000478000 ns, Reaching safepoint: 226800 ns, At safepoint: 6700 ns, Total: 233500 ns
[2022-05-19T10:30:11.254+0000][163][safepoint      ] Safepoint "Cleanup", Time since last: 4000797800 ns, Reaching safepoint: 178900 ns, At safepoint: 19900 ns, Total: 198800 ns
[2022-05-19T10:30:12.254+0000][163][safepoint      ] Safepoint "Cleanup", Time since last: 1000330900 ns, Reaching safepoint: 172300 ns, At safepoint: 6800 ns, Total: 179100 ns
[2022-05-19T10:30:13.255+0000][163][safepoint      ] Safepoint "Cleanup", Time since last: 1000302300 ns, Reaching safepoint: 238000 ns, At safepoint: 7200 ns, Total: 245200 ns
[2022-05-19T10:30:18.256+0000][163][safepoint      ] Safepoint "Cleanup", Time since last: 5000931900 ns, Reaching safepoint: 185000 ns, At safepoint: 6500 ns, Total: 191500 ns
[2022-05-19T10:30:20.257+0000][163][safepoint      ] Safepoint "Cleanup", Time since last: 2000601400 ns, Reaching safepoint: 253700 ns, At safepoint: 7800 ns, Total: 261500 ns
[2022-05-19T10:30:21.258+0000][163][safepoint      ] Safepoint "Cleanup", Time since last: 1000444600 ns, Reaching safepoint: 184500 ns, At safepoint: 20400 ns, Total: 204900 ns
[2022-05-19T10:30:22.258+0000][163][safepoint      ] Safepoint "Cleanup", Time since last: 1000271500 ns, Reaching safepoint: 181200 ns, At safepoint: 7300 ns, Total: 188500 ns
[2022-05-19T10:30:23.259+0000][163][safepoint      ] Safepoint "Cleanup", Time since last: 1000331300 ns, Reaching safepoint: 245300 ns, At safepoint: 6900 ns, Total: 252200 ns
[2022-05-19T10:30:24.259+0000][163][safepoint      ] Safepoint "Cleanup", Time since last: 1000471900 ns, Reaching safepoint: 241900 ns, At safepoint: 6800 ns, Total: 248700 ns
[2022-05-19T10:30:25.260+0000][163][safepoint      ] Safepoint "Cleanup", Time since last: 1000578200 ns, Reaching safepoint: 261300 ns, At safepoint: 6600 ns, Total: 267900 ns
[2022-05-19T10:30:26.261+0000][163][safepoint      ] Safepoint "Cleanup", Time since last: 1000535400 ns, Reaching safepoint: 187500 ns, At safepoint: 7000 ns, Total: 194500 ns
[2022-05-19T10:30:27.262+0000][163][safepoint      ] Safepoint "Cleanup", Time since last: 1000499200 ns, Reaching safepoint: 210300 ns, At safepoint: 9100 ns, Total: 219400 ns
[2022-05-19T10:30:31.263+0000][163][safepoint      ] Safepoint "Cleanup", Time since last: 4000736000 ns, Reaching safepoint: 185700 ns, At safepoint: 7000 ns, Total: 192700 ns
[2022-05-19T10:30:32.264+0000][163][safepoint      ] Safepoint "Cleanup", Time since last: 1000255100 ns, Reaching safepoint: 270800 ns, At safepoint: 24100 ns, Total: 294900 ns
[2022-05-19T10:30:33.264+0000][163][safepoint      ] Safepoint "Cleanup", Time since last: 1000318600 ns, Reaching safepoint: 197400 ns, At safepoint: 7600 ns, Total: 205000 ns
[2022-05-19T10:30:34.265+0000][163][safepoint      ] Safepoint "Cleanup", Time since last: 1000347200 ns, Reaching safepoint: 230100 ns, At safepoint: 5700 ns, Total: 235800 ns
[2022-05-19T10:30:36.266+0000][163][safepoint      ] Safepoint "Cleanup", Time since last: 2000582300 ns, Reaching safepoint: 224500 ns, At safepoint: 31100 ns, Total: 255600 ns
[2022-05-19T10:30:39.266+0000][163][safepoint      ] Safepoint "Cleanup", Time since last: 3000674600 ns, Reaching safepoint: 175600 ns, At safepoint: 7200 ns, Total: 182800 ns
[2022-05-19T10:30:40.267+0000][163][safepoint      ] Safepoint "Cleanup", Time since last: 1000289600 ns, Reaching safepoint: 198200 ns, At safepoint: 8400 ns, Total: 206600 ns
[2022-05-19T10:30:41.267+0000][163][safepoint      ] Safepoint "Cleanup", Time since last: 1000268600 ns, Reaching safepoint: 180000 ns, At safepoint: 8200 ns, Total: 188200 ns
[2022-05-19T10:30:42.268+0000][163][safepoint      ] Safepoint "Cleanup", Time since last: 1000238300 ns, Reaching safepoint: 220800 ns, At safepoint: 19700 ns, Total: 240500 ns
[2022-05-19T10:30:43.269+0000][163][safepoint      ] Safepoint "Cleanup", Time since last: 1000354600 ns, Reaching safepoint: 299300 ns, At safepoint: 13300 ns, Total: 312600 ns
[2022-05-19T10:30:44.269+0000][163][safepoint      ] Safepoint "Cleanup", Time since last: 1000593900 ns, Reaching safepoint: 209800 ns, At safepoint: 7300 ns, Total: 217100 ns
[2022-05-19T10:30:45.270+0000][163][safepoint      ] Safepoint "Cleanup", Time since last: 1000471300 ns, Reaching safepoint: 237500 ns, At safepoint: 6900 ns, Total: 244400 ns
[2022-05-19T10:30:46.271+0000][163][safepoint      ] Safepoint "Cleanup", Time since last: 1000520900 ns, Reaching safepoint: 231800 ns, At safepoint: 22300 ns, Total: 254100 ns
[2022-05-19T10:30:52.272+0000][163][safepoint      ] Safepoint "Cleanup", Time since last: 6001055000 ns, Reaching safepoint: 189200 ns, At safepoint: 8700 ns, Total: 197900 ns
[2022-05-19T10:30:54.273+0000][163][safepoint      ] Safepoint "Cleanup", Time since last: 2000476700 ns, Reaching safepoint: 247900 ns, At safepoint: 22000 ns, Total: 269900 ns
[2022-05-19T10:30:58.274+0000][163][safepoint      ] Safepoint "Cleanup", Time since last: 4000853500 ns, Reaching safepoint: 311200 ns, At safepoint: 19600 ns, Total: 330800 ns
[2022-05-19T10:30:59.275+0000][163][safepoint      ] Safepoint "Cleanup", Time since last: 1000500800 ns, Reaching safepoint: 260000 ns, At safepoint: 12400 ns, Total: 272400 ns
[2022-05-19T10:31:02.276+0000][163][safepoint      ] Safepoint "Cleanup", Time since last: 3000725700 ns, Reaching safepoint: 351100 ns, At safepoint: 9900 ns, Total: 361000 ns
[2022-05-19T10:31:03.277+0000][163][safepoint      ] Safepoint "Cleanup", Time since last: 1000467300 ns, Reaching safepoint: 184100 ns, At safepoint: 6400 ns, Total: 190500 ns
[2022-05-19T10:31:04.278+0000][163][safepoint      ] Safepoint "Cleanup", Time since last: 1000323900 ns, Reaching safepoint: 349500 ns, At safepoint: 24400 ns, Total: 373900 ns
[2022-05-19T10:31:05.279+0000][163][safepoint      ] Safepoint "Cleanup", Time since last: 1000521000 ns, Reaching safepoint: 286400 ns, At safepoint: 11100 ns, Total: 297500 ns
[2022-05-19T10:31:06.279+0000][163][safepoint      ] Safepoint "Cleanup", Time since last: 1000516300 ns, Reaching safepoint: 202700 ns, At safepoint: 6500 ns, Total: 209200 ns
[2022-05-19T10:31:07.280+0000][163][safepoint      ] Safepoint "Cleanup", Time since last: 1000447100 ns, Reaching safepoint: 188500 ns, At safepoint: 6900 ns, Total: 195400 ns
[2022-05-19T10:31:08.281+0000][163][safepoint      ] Safepoint "Cleanup", Time since last: 1000452100 ns, Reaching safepoint: 258900 ns, At safepoint: 6800 ns, Total: 265700 ns
[2022-05-19T10:31:10.282+0000][163][safepoint      ] Safepoint "Cleanup", Time since last: 2000659200 ns, Reaching safepoint: 267200 ns, At safepoint: 6300 ns, Total: 273500 ns
[2022-05-19T10:31:12.282+0000][163][safepoint      ] Safepoint "Cleanup", Time since last: 2000567000 ns, Reaching safepoint: 235200 ns, At safepoint: 7400 ns, Total: 242600 ns
[2022-05-19T10:31:13.283+0000][163][safepoint      ] Safepoint "Cleanup", Time since last: 1000480600 ns, Reaching safepoint: 299000 ns, At safepoint: 7200 ns, Total: 306200 ns
[2022-05-19T10:31:14.284+0000][163][safepoint      ] Safepoint "Cleanup", Time since last: 1000491400 ns, Reaching safepoint: 274500 ns, At safepoint: 7800 ns, Total: 282300 ns
[2022-05-19T10:31:16.285+0000][163][safepoint      ] Safepoint "Cleanup", Time since last: 2000534000 ns, Reaching safepoint: 180400 ns, At safepoint: 7300 ns, Total: 187700 ns
[2022-05-19T10:31:16.907+0000][163][gc,start       ] GC(271) Pause Young (Prepare Mixed) (G1 Evacuation Pause)
[2022-05-19T10:31:16.907+0000][163][gc,task        ] GC(271) Using 10 workers of 10 for evacuation
[2022-05-19T10:31:16.908+0000][163][gc,age         ] GC(271) Desired survivor size 18874368 bytes, new threshold 15 (max threshold 15)
[2022-05-19T10:31:16.911+0000][163][gc,age         ] GC(271) Age table with threshold 15 (max threshold 15)
[2022-05-19T10:31:16.911+0000][163][gc,age         ] GC(271) - age   1:     441952 bytes,     441952 total
[2022-05-19T10:31:16.911+0000][163][gc,age         ] GC(271) - age   2:      78496 bytes,     520448 total
[2022-05-19T10:31:16.911+0000][163][gc,age         ] GC(271) - age   3:      23456 bytes,     543904 total
[2022-05-19T10:31:16.911+0000][163][gc,age         ] GC(271) - age   4:     456072 bytes,     999976 total
[2022-05-19T10:31:16.911+0000][163][gc,age         ] GC(271) - age   5:     163048 bytes,    1163024 total
[2022-05-19T10:31:16.912+0000][163][gc,age         ] GC(271) - age   6:      65008 bytes,    1228032 total
[2022-05-19T10:31:16.912+0000][163][gc,age         ] GC(271) - age   7:     550424 bytes,    1778456 total
[2022-05-19T10:31:16.912+0000][163][gc,phases      ] GC(271)   Pre Evacuate Collection Set: 0.2ms
[2022-05-19T10:31:16.912+0000][163][gc,phases      ] GC(271)   Merge Heap Roots: 0.2ms
[2022-05-19T10:31:16.912+0000][163][gc,phases      ] GC(271)   Evacuate Collection Set: 1.4ms
[2022-05-19T10:31:16.912+0000][163][gc,phases      ] GC(271)   Post Evacuate Collection Set: 1.1ms
[2022-05-19T10:31:16.912+0000][163][gc,phases      ] GC(271)   Other: 1.6ms
[2022-05-19T10:31:16.913+0000][163][gc,heap        ] GC(271) Eden regions: 65->0(5)
[2022-05-19T10:31:16.913+0000][163][gc,heap        ] GC(271) Survivor regions: 1->1(9)
[2022-05-19T10:31:16.913+0000][163][gc,heap        ] GC(271) Old regions: 29->29
[2022-05-19T10:31:16.913+0000][163][gc,heap        ] GC(271) Archive regions: 2->2
[2022-05-19T10:31:16.913+0000][163][gc,heap        ] GC(271) Humongous regions: 6->6
[2022-05-19T10:31:16.913+0000][163][gc,metaspace   ] GC(271) Metaspace: 103527K(105152K)->103527K(105152K) NonClass: 89531K(90496K)->89531K(90496K) Class: 13995K(14656K)->13995K(14656K)
[2022-05-19T10:31:16.914+0000][163][gc             ] GC(271) Pause Young (Prepare Mixed) (G1 Evacuation Pause) 403M->142M(512M) 6.250ms
[2022-05-19T10:31:16.914+0000][163][gc,cpu         ] GC(271) User=0.01s Sys=0.00s Real=0.01s
[2022-05-19T10:31:16.914+0000][163][safepoint      ] Safepoint "G1CollectForAllocation", Time since last: 622361500 ns, Reaching safepoint: 184100 ns, At safepoint: 6655900 ns, Total: 6840000 ns
[2022-05-19T10:31:17.915+0000][163][safepoint      ] Safepoint "Cleanup", Time since last: 1000301200 ns, Reaching safepoint: 233700 ns, At safepoint: 7800 ns, Total: 241500 ns
[2022-05-19T10:31:18.915+0000][163][safepoint      ] Safepoint "Cleanup", Time since last: 1000410800 ns, Reaching safepoint: 277200 ns, At safepoint: 10400 ns, Total: 287600 ns
[2022-05-19T10:31:19.916+0000][163][safepoint      ] Safepoint "Cleanup", Time since last: 1000535500 ns, Reaching safepoint: 279800 ns, At safepoint: 23200 ns, Total: 303000 ns
[2022-05-19T10:31:20.917+0000][163][safepoint      ] Safepoint "Cleanup", Time since last: 1000537200 ns, Reaching safepoint: 294700 ns, At safepoint: 7000 ns, Total: 301700 ns
[2022-05-19T10:31:21.918+0000][163][safepoint      ] Safepoint "Cleanup", Time since last: 1000387500 ns, Reaching safepoint: 303100 ns, At safepoint: 6400 ns, Total: 309500 ns
[2022-05-19T10:31:22.429+0000][163][gc,start       ] GC(272) Pause Young (Mixed) (G1 Evacuation Pause)
[2022-05-19T10:31:22.429+0000][163][gc,task        ] GC(272) Using 10 workers of 10 for evacuation
[2022-05-19T10:31:22.429+0000][163][gc,age         ] GC(272) Desired survivor size 2097152 bytes, new threshold 15 (max threshold 15)
[2022-05-19T10:31:22.432+0000][163][gc,age         ] GC(272) Age table with threshold 15 (max threshold 15)
[2022-05-19T10:31:22.432+0000][163][gc,age         ] GC(272) - age   1:     489512 bytes,     489512 total
[2022-05-19T10:31:22.432+0000][163][gc,age         ] GC(272) - age   2:     263176 bytes,     752688 total
[2022-05-19T10:31:22.432+0000][163][gc,age         ] GC(272) - age   3:      78016 bytes,     830704 total
[2022-05-19T10:31:22.432+0000][163][gc,age         ] GC(272) - age   4:      23456 bytes,     854160 total
[2022-05-19T10:31:22.432+0000][163][gc,age         ] GC(272) - age   5:     456008 bytes,    1310168 total
[2022-05-19T10:31:22.432+0000][163][gc,age         ] GC(272) - age   6:     163048 bytes,    1473216 total
[2022-05-19T10:31:22.432+0000][163][gc,age         ] GC(272) - age   7:      65008 bytes,    1538224 total
[2022-05-19T10:31:22.433+0000][163][gc,age         ] GC(272) - age   8:     550424 bytes,    2088648 total
[2022-05-19T10:31:22.433+0000][163][gc,phases      ] GC(272)   Pre Evacuate Collection Set: 0.2ms
[2022-05-19T10:31:22.433+0000][163][gc,phases      ] GC(272)   Merge Heap Roots: 0.1ms
[2022-05-19T10:31:22.433+0000][163][gc,phases      ] GC(272)   Evacuate Collection Set: 1.4ms
[2022-05-19T10:31:22.433+0000][163][gc,phases      ] GC(272)   Post Evacuate Collection Set: 1.0ms
[2022-05-19T10:31:22.433+0000][163][gc,phases      ] GC(272)   Other: 1.5ms
[2022-05-19T10:31:22.433+0000][163][gc,heap        ] GC(272) Eden regions: 5->0(66)
[2022-05-19T10:31:22.433+0000][163][gc,heap        ] GC(272) Survivor regions: 1->1(1)
[2022-05-19T10:31:22.434+0000][163][gc,heap        ] GC(272) Old regions: 29->29
[2022-05-19T10:31:22.434+0000][163][gc,heap        ] GC(272) Archive regions: 2->2
[2022-05-19T10:31:22.434+0000][163][gc,heap        ] GC(272) Humongous regions: 6->6
[2022-05-19T10:31:22.434+0000][163][gc,metaspace   ] GC(272) Metaspace: 103559K(105152K)->103559K(105152K) NonClass: 89563K(90496K)->89563K(90496K) Class: 13995K(14656K)->13995K(14656K)
[2022-05-19T10:31:22.434+0000][163][gc             ] GC(272) Pause Young (Mixed) (G1 Evacuation Pause) 162M->140M(512M) 5.499ms
[2022-05-19T10:31:22.434+0000][163][gc,cpu         ] GC(272) User=0.01s Sys=0.00s Real=0.01s
[2022-05-19T10:31:22.434+0000][163][safepoint      ] Safepoint "G1CollectForAllocation", Time since last: 510721100 ns, Reaching safepoint: 181000 ns, At safepoint: 5789300 ns, Total: 5970300 ns
[2022-05-19T10:31:23.435+0000][163][safepoint      ] Safepoint "Cleanup", Time since last: 1000256000 ns, Reaching safepoint: 243800 ns, At safepoint: 7300 ns, Total: 251100 ns
[2022-05-19T10:31:24.435+0000][163][safepoint      ] Safepoint "Cleanup", Time since last: 1000445500 ns, Reaching safepoint: 236900 ns, At safepoint: 6300 ns, Total: 243200 ns
[2022-05-19T10:31:27.437+0000][163][safepoint      ] Safepoint "Cleanup", Time since last: 3000777900 ns, Reaching safepoint: 257500 ns, At safepoint: 8200 ns, Total: 265700 ns
[2022-05-19T10:31:28.437+0000][163][safepoint      ] Safepoint "Cleanup", Time since last: 1000368500 ns, Reaching safepoint: 253300 ns, At safepoint: 35700 ns, Total: 289000 ns
[2022-05-19T10:31:29.439+0000][163][safepoint      ] Safepoint "Cleanup", Time since last: 1000535400 ns, Reaching safepoint: 257400 ns, At safepoint: 6200 ns, Total: 263600 ns
[2022-05-19T10:31:31.439+0000][163][safepoint      ] Safepoint "Cleanup", Time since last: 2000576300 ns, Reaching safepoint: 186500 ns, At safepoint: 7000 ns, Total: 193500 ns
[2022-05-19T10:31:32.440+0000][163][safepoint      ] Safepoint "Cleanup", Time since last: 1000304300 ns, Reaching safepoint: 260400 ns, At safepoint: 9700 ns, Total: 270100 ns
[2022-05-19T10:31:34.441+0000][163][safepoint      ] Safepoint "Cleanup", Time since last: 2000626500 ns, Reaching safepoint: 287300 ns, At safepoint: 6200 ns, Total: 293500 ns
[2022-05-19T10:31:35.442+0000][163][safepoint      ] Safepoint "Cleanup", Time since last: 1000460000 ns, Reaching safepoint: 271000 ns, At safepoint: 7800 ns, Total: 278800 ns
[2022-05-19T10:31:37.443+0000][163][safepoint      ] Safepoint "Cleanup", Time since last: 2000661600 ns, Reaching safepoint: 279000 ns, At safepoint: 20800 ns, Total: 299800 ns
[2022-05-19T10:31:40.444+0000][163][safepoint      ] Safepoint "Cleanup", Time since last: 3000735500 ns, Reaching safepoint: 185100 ns, At safepoint: 6800 ns, Total: 191900 ns
[2022-05-19T10:31:42.444+0000][163][safepoint      ] Safepoint "Cleanup", Time since last: 2000392300 ns, Reaching safepoint: 320800 ns, At safepoint: 14200 ns, Total: 335000 ns
[2022-05-19T10:31:43.445+0000][163][safepoint      ] Safepoint "Cleanup", Time since last: 1000410400 ns, Reaching safepoint: 244900 ns, At safepoint: 6500 ns, Total: 251400 ns
[2022-05-19T10:31:44.446+0000][163][safepoint      ] Safepoint "Cleanup", Time since last: 1000447800 ns, Reaching safepoint: 401000 ns, At safepoint: 32100 ns, Total: 433100 ns
[2022-05-19T10:31:46.447+0000][163][safepoint      ] Safepoint "Cleanup", Time since last: 2000778700 ns, Reaching safepoint: 258900 ns, At safepoint: 10700 ns, Total: 269600 ns
[2022-05-19T10:31:47.448+0000][163][safepoint      ] Safepoint "Cleanup", Time since last: 1000496700 ns, Reaching safepoint: 279500 ns, At safepoint: 24700 ns, Total: 304200 ns
[2022-05-19T10:31:48.448+0000][163][safepoint      ] Safepoint "Cleanup", Time since last: 1000494200 ns, Reaching safepoint: 250200 ns, At safepoint: 7700 ns, Total: 257900 ns
[2022-05-19T10:31:50.449+0000][163][safepoint      ] Safepoint "Cleanup", Time since last: 2000482200 ns, Reaching safepoint: 221300 ns, At safepoint: 19200 ns, Total: 240500 ns
[2022-05-19T10:31:52.450+0000][163][safepoint      ] Safepoint "Cleanup", Time since last: 2000586800 ns, Reaching safepoint: 265400 ns, At safepoint: 8200 ns, Total: 273600 ns
[2022-05-19T10:31:53.451+0000][163][safepoint      ] Safepoint "Cleanup", Time since last: 1000462500 ns, Reaching safepoint: 222200 ns, At safepoint: 7200 ns, Total: 229400 ns
[2022-05-19T10:31:54.451+0000][163][safepoint      ] Safepoint "Cleanup", Time since last: 1000446900 ns, Reaching safepoint: 183300 ns, At safepoint: 7300 ns, Total: 190600 ns
[2022-05-19T10:31:55.452+0000][163][safepoint      ] Safepoint "Cleanup", Time since last: 1000306000 ns, Reaching safepoint: 265000 ns, At safepoint: 7900 ns, Total: 272900 ns
[2022-05-19T10:31:59.453+0000][163][safepoint      ] Safepoint "Cleanup", Time since last: 4000875100 ns, Reaching safepoint: 186100 ns, At safepoint: 7100 ns, Total: 193200 ns
[2022-05-19T10:32:00.454+0000][163][safepoint      ] Safepoint "Cleanup", Time since last: 1000514900 ns, Reaching safepoint: 206700 ns, At safepoint: 7200 ns, Total: 213900 ns
[2022-05-19T10:32:02.455+0000][163][safepoint      ] Safepoint "Cleanup", Time since last: 2000537700 ns, Reaching safepoint: 256700 ns, At safepoint: 18700 ns, Total: 275400 ns
[2022-05-19T10:32:07.456+0000][163][safepoint      ] Safepoint "Cleanup", Time since last: 5001106300 ns, Reaching safepoint: 248700 ns, At safepoint: 7800 ns, Total: 256500 ns
[2022-05-19T10:32:09.457+0000][163][safepoint      ] Safepoint "Cleanup", Time since last: 2000422800 ns, Reaching safepoint: 192600 ns, At safepoint: 7400 ns, Total: 200000 ns
[2022-05-19T10:32:11.458+0000][163][safepoint      ] Safepoint "Cleanup", Time since last: 2000407800 ns, Reaching safepoint: 194200 ns, At safepoint: 7200 ns, Total: 201400 ns
[2022-05-19T10:32:12.458+0000][163][safepoint      ] Safepoint "Cleanup", Time since last: 1000539300 ns, Reaching safepoint: 380300 ns, At safepoint: 7900 ns, Total: 388200 ns
[2022-05-19T10:32:13.459+0000][163][safepoint      ] Safepoint "Cleanup", Time since last: 1000482900 ns, Reaching safepoint: 190500 ns, At safepoint: 6300 ns, Total: 196800 ns
[2022-05-19T10:32:18.460+0000][163][safepoint      ] Safepoint "Cleanup", Time since last: 5000958300 ns, Reaching safepoint: 228800 ns, At safepoint: 6900 ns, Total: 235700 ns
[2022-05-19T10:32:20.461+0000][163][safepoint      ] Safepoint "Cleanup", Time since last: 2000370400 ns, Reaching safepoint: 183400 ns, At safepoint: 7600 ns, Total: 191000 ns
[2022-05-19T10:32:21.461+0000][163][safepoint      ] Safepoint "Cleanup", Time since last: 1000288200 ns, Reaching safepoint: 192600 ns, At safepoint: 7800 ns, Total: 200400 ns
[2022-05-19T10:32:22.462+0000][163][safepoint      ] Safepoint "Cleanup", Time since last: 1000443900 ns, Reaching safepoint: 272700 ns, At safepoint: 14300 ns, Total: 287000 ns
[2022-05-19T10:32:23.463+0000][163][safepoint      ] Safepoint "Cleanup", Time since last: 1000383100 ns, Reaching safepoint: 178300 ns, At safepoint: 6800 ns, Total: 185100 ns
[2022-05-19T10:32:24.463+0000][163][safepoint      ] Safepoint "Cleanup", Time since last: 1000489800 ns, Reaching safepoint: 184700 ns, At safepoint: 6300 ns, Total: 191000 ns
[2022-05-19T10:32:27.464+0000][163][safepoint      ] Safepoint "Cleanup", Time since last: 3000711000 ns, Reaching safepoint: 177600 ns, At safepoint: 6700 ns, Total: 184300 ns
[2022-05-19T10:32:30.466+0000][163][safepoint      ] Safepoint "Cleanup", Time since last: 3000656200 ns, Reaching safepoint: 203200 ns, At safepoint: 7200 ns, Total: 210400 ns
[2022-05-19T10:32:32.466+0000][163][safepoint      ] Safepoint "Cleanup", Time since last: 2000459700 ns, Reaching safepoint: 211300 ns, At safepoint: 6700 ns, Total: 218000 ns
[2022-05-19T10:32:35.467+0000][163][safepoint      ] Safepoint "Cleanup", Time since last: 3000742100 ns, Reaching safepoint: 215800 ns, At safepoint: 9600 ns, Total: 225400 ns
[2022-05-19T10:32:39.496+0000][163][gc,start       ] GC(273) Pause Young (Concurrent Start) (G1 Evacuation Pause)
[2022-05-19T10:32:39.496+0000][163][gc,task        ] GC(273) Using 10 workers of 10 for evacuation
[2022-05-19T10:32:39.497+0000][163][gc,age         ] GC(273) Desired survivor size 18874368 bytes, new threshold 15 (max threshold 15)
[2022-05-19T10:32:39.499+0000][163][gc,age         ] GC(273) Age table with threshold 15 (max threshold 15)
[2022-05-19T10:32:39.499+0000][163][gc,age         ] GC(273) - age   1:     374064 bytes,     374064 total
[2022-05-19T10:32:39.499+0000][163][gc,age         ] GC(273) - age   2:       1736 bytes,     375800 total
[2022-05-19T10:32:39.500+0000][163][gc,age         ] GC(273) - age   3:      79344 bytes,     455144 total
[2022-05-19T10:32:39.500+0000][163][gc,age         ] GC(273) - age   4:      73624 bytes,     528768 total
[2022-05-19T10:32:39.500+0000][163][gc,age         ] GC(273) - age   5:      17216 bytes,     545984 total
[2022-05-19T10:32:39.500+0000][163][gc,age         ] GC(273) - age   6:     449936 bytes,     995920 total
[2022-05-19T10:32:39.500+0000][163][gc,age         ] GC(273) - age   7:     162288 bytes,    1158208 total
[2022-05-19T10:32:39.500+0000][163][gc,age         ] GC(273) - age   8:      65008 bytes,    1223216 total
[2022-05-19T10:32:39.500+0000][163][gc,age         ] GC(273) - age   9:     550424 bytes,    1773640 total
[2022-05-19T10:32:39.500+0000][163][gc,phases      ] GC(273)   Pre Evacuate Collection Set: 0.3ms
[2022-05-19T10:32:39.500+0000][163][gc,phases      ] GC(273)   Merge Heap Roots: 0.1ms
[2022-05-19T10:32:39.501+0000][163][gc,phases      ] GC(273)   Evacuate Collection Set: 1.3ms
[2022-05-19T10:32:39.501+0000][163][gc,phases      ] GC(273)   Post Evacuate Collection Set: 0.6ms
[2022-05-19T10:32:39.501+0000][163][gc,phases      ] GC(273)   Other: 1.7ms
[2022-05-19T10:32:39.501+0000][163][gc,heap        ] GC(273) Eden regions: 66->0(66)
[2022-05-19T10:32:39.501+0000][163][gc,heap        ] GC(273) Survivor regions: 1->1(9)
[2022-05-19T10:32:39.501+0000][163][gc,heap        ] GC(273) Old regions: 29->29
[2022-05-19T10:32:39.501+0000][163][gc,heap        ] GC(273) Archive regions: 2->2
[2022-05-19T10:32:39.501+0000][163][gc,heap        ] GC(273) Humongous regions: 6->6
[2022-05-19T10:32:39.501+0000][163][gc,metaspace   ] GC(273) Metaspace: 103868K(105472K)->103868K(105472K) NonClass: 89872K(90816K)->89872K(90816K) Class: 13995K(14656K)->13995K(14656K)
[2022-05-19T10:32:39.502+0000][163][gc             ] GC(273) Pause Young (Concurrent Start) (G1 Evacuation Pause) 404M->140M(512M) 5.279ms
[2022-05-19T10:32:39.502+0000][163][gc,cpu         ] GC(273) User=0.01s Sys=0.00s Real=0.00s
[2022-05-19T10:32:39.502+0000][163][gc             ] GC(274) Concurrent Mark Cycle
[2022-05-19T10:32:39.502+0000][163][gc,marking     ] GC(274) Concurrent Clear Claimed Marks
[2022-05-19T10:32:39.502+0000][163][safepoint      ] Safepoint "G1CollectForAllocation", Time since last: 4028638900 ns, Reaching safepoint: 257700 ns, At safepoint: 5615700 ns, Total: 5873400 ns
[2022-05-19T10:32:39.503+0000][163][gc,marking     ] GC(274) Concurrent Clear Claimed Marks 0.813ms
[2022-05-19T10:32:39.503+0000][163][gc,marking     ] GC(274) Concurrent Scan Root Regions
[2022-05-19T10:32:39.505+0000][163][gc,marking     ] GC(274) Concurrent Scan Root Regions 2.156ms
[2022-05-19T10:32:39.505+0000][163][gc,marking     ] GC(274) Concurrent Mark
[2022-05-19T10:32:39.506+0000][163][gc,marking     ] GC(274) Concurrent Mark From Roots
[2022-05-19T10:32:39.506+0000][163][gc,task        ] GC(274) Using 3 workers of 3 for marking
[2022-05-19T10:32:39.548+0000][163][gc,marking     ] GC(274) Concurrent Mark From Roots 42.849ms
[2022-05-19T10:32:39.549+0000][163][gc,marking     ] GC(274) Concurrent Preclean
[2022-05-19T10:32:39.549+0000][163][gc,marking     ] GC(274) Concurrent Preclean 0.593ms
[2022-05-19T10:32:39.550+0000][163][gc,start       ] GC(274) Pause Remark
[2022-05-19T10:32:39.554+0000][163][gc             ] GC(274) Pause Remark 141M->141M(512M) 3.678ms
[2022-05-19T10:32:39.554+0000][163][gc,cpu         ] GC(274) User=0.02s Sys=0.00s Real=0.00s
[2022-05-19T10:32:39.554+0000][163][safepoint      ] Safepoint "G1Concurrent", Time since last: 47770200 ns, Reaching safepoint: 194600 ns, At safepoint: 4309900 ns, Total: 4504500 ns
[2022-05-19T10:32:39.554+0000][163][gc,marking     ] GC(274) Concurrent Mark 49.020ms
[2022-05-19T10:32:39.555+0000][163][gc,marking     ] GC(274) Concurrent Rebuild Remembered Sets
[2022-05-19T10:32:39.576+0000][163][gc,marking     ] GC(274) Concurrent Rebuild Remembered Sets 21.671ms
[2022-05-19T10:32:39.577+0000][163][gc,start       ] GC(274) Pause Cleanup
[2022-05-19T10:32:39.577+0000][163][gc             ] GC(274) Pause Cleanup 141M->141M(512M) 0.348ms
[2022-05-19T10:32:39.577+0000][163][gc,cpu         ] GC(274) User=0.00s Sys=0.00s Real=0.00s
[2022-05-19T10:32:39.578+0000][163][safepoint      ] Safepoint "G1Concurrent", Time since last: 22529300 ns, Reaching safepoint: 176600 ns, At safepoint: 802100 ns, Total: 978700 ns
[2022-05-19T10:32:39.578+0000][163][gc,marking     ] GC(274) Concurrent Cleanup for Next Mark
[2022-05-19T10:32:39.578+0000][163][gc,marking     ] GC(274) Concurrent Cleanup for Next Mark 0.412ms
[2022-05-19T10:32:39.579+0000][163][gc             ] GC(274) Concurrent Mark Cycle 76.634ms
[2022-05-19T10:32:42.578+0000][163][safepoint      ] Safepoint "Cleanup", Time since last: 3000565300 ns, Reaching safepoint: 184600 ns, At safepoint: 6300 ns, Total: 190900 ns
[2022-05-19T10:32:43.579+0000][163][safepoint      ] Safepoint "Cleanup", Time since last: 1000431300 ns, Reaching safepoint: 176300 ns, At safepoint: 7000 ns, Total: 183300 ns
[2022-05-19T10:32:44.580+0000][163][safepoint      ] Safepoint "Cleanup", Time since last: 1000274600 ns, Reaching safepoint: 188900 ns, At safepoint: 7100 ns, Total: 196000 ns
[2022-05-19T10:32:47.581+0000][163][safepoint      ] Safepoint "Cleanup", Time since last: 3000807800 ns, Reaching safepoint: 189700 ns, At safepoint: 7000 ns, Total: 196700 ns
[2022-05-19T10:32:51.582+0000][163][safepoint      ] Safepoint "Cleanup", Time since last: 4000903000 ns, Reaching safepoint: 316000 ns, At safepoint: 21800 ns, Total: 337800 ns
[2022-05-19T10:32:52.583+0000][163][safepoint      ] Safepoint "Cleanup", Time since last: 1000522700 ns, Reaching safepoint: 254800 ns, At safepoint: 8200 ns, Total: 263000 ns
[2022-05-19T10:32:53.583+0000][163][safepoint      ] Safepoint "Cleanup", Time since last: 1000501400 ns, Reaching safepoint: 252100 ns, At safepoint: 21400 ns, Total: 273500 ns
[2022-05-19T10:32:54.584+0000][163][safepoint      ] Safepoint "Cleanup", Time since last: 1000525900 ns, Reaching safepoint: 194800 ns, At safepoint: 7600 ns, Total: 202400 ns
[2022-05-19T10:32:56.585+0000][163][safepoint      ] Safepoint "Cleanup", Time since last: 2000491500 ns, Reaching safepoint: 287700 ns, At safepoint: 8100 ns, Total: 295800 ns
[2022-05-19T10:33:00.536+0000][163][safepoint      ] Safepoint "Cleanup", Time since last: 3950803500 ns, Reaching safepoint: 287900 ns, At safepoint: 19400 ns, Total: 307300 ns
[2022-05-19T10:33:02.537+0000][163][safepoint      ] Safepoint "Cleanup", Time since last: 2000596900 ns, Reaching safepoint: 310600 ns, At safepoint: 9200 ns, Total: 319800 ns
[2022-05-19T10:33:03.538+0000][163][safepoint      ] Safepoint "Cleanup", Time since last: 1000520000 ns, Reaching safepoint: 284000 ns, At safepoint: 7800 ns, Total: 291800 ns
[2022-05-19T10:33:06.539+0000][163][safepoint      ] Safepoint "Cleanup", Time since last: 3000807400 ns, Reaching safepoint: 311700 ns, At safepoint: 6400 ns, Total: 318100 ns
[2022-05-19T10:33:15.541+0000][163][safepoint      ] Safepoint "Cleanup", Time since last: 9001349000 ns, Reaching safepoint: 181600 ns, At safepoint: 6800 ns, Total: 188400 ns
[2022-05-19T10:33:17.542+0000][163][safepoint      ] Safepoint "Cleanup", Time since last: 2000629100 ns, Reaching safepoint: 182800 ns, At safepoint: 7400 ns, Total: 190200 ns
[2022-05-19T10:33:18.542+0000][163][safepoint      ] Safepoint "Cleanup", Time since last: 1000484000 ns, Reaching safepoint: 180800 ns, At safepoint: 6400 ns, Total: 187200 ns
[2022-05-19T10:33:24.544+0000][163][safepoint      ] Safepoint "Cleanup", Time since last: 6001012800 ns, Reaching safepoint: 180400 ns, At safepoint: 6300 ns, Total: 186700 ns
[2022-05-19T10:33:32.546+0000][163][safepoint      ] Safepoint "Cleanup", Time since last: 8001265200 ns, Reaching safepoint: 210700 ns, At safepoint: 8500 ns, Total: 219200 ns
[2022-05-19T10:33:33.546+0000][163][safepoint      ] Safepoint "Cleanup", Time since last: 1000348100 ns, Reaching safepoint: 246500 ns, At safepoint: 13700 ns, Total: 260200 ns
[2022-05-19T10:33:36.547+0000][163][safepoint      ] Safepoint "Cleanup", Time since last: 3000697900 ns, Reaching safepoint: 220400 ns, At safepoint: 7500 ns, Total: 227900 ns
[2022-05-19T10:33:39.548+0000][163][safepoint      ] Safepoint "Cleanup", Time since last: 3000589500 ns, Reaching safepoint: 205800 ns, At safepoint: 9500 ns, Total: 215300 ns
[2022-05-19T10:33:45.549+0000][163][safepoint      ] Safepoint "Cleanup", Time since last: 6000894800 ns, Reaching safepoint: 361100 ns, At safepoint: 14600 ns, Total: 375700 ns
[2022-05-19T10:33:48.550+0000][163][safepoint      ] Safepoint "Cleanup", Time since last: 3000762400 ns, Reaching safepoint: 193900 ns, At safepoint: 8700 ns, Total: 202600 ns
[2022-05-19T10:33:51.551+0000][163][safepoint      ] Safepoint "Cleanup", Time since last: 3000730500 ns, Reaching safepoint: 235200 ns, At safepoint: 21700 ns, Total: 256900 ns
[2022-05-19T10:33:52.552+0000][163][safepoint      ] Safepoint "Cleanup", Time since last: 1000489300 ns, Reaching safepoint: 264000 ns, At safepoint: 24900 ns, Total: 288900 ns
[2022-05-19T10:33:53.553+0000][163][safepoint      ] Safepoint "Cleanup", Time since last: 1000514100 ns, Reaching safepoint: 183900 ns, At safepoint: 7700 ns, Total: 191600 ns
[2022-05-19T10:33:54.553+0000][163][safepoint      ] Safepoint "Cleanup", Time since last: 1000367300 ns, Reaching safepoint: 341800 ns, At safepoint: 13200 ns, Total: 355000 ns
[2022-05-19T10:33:56.147+0000][163][gc,start       ] GC(275) Pause Young (Prepare Mixed) (G1 Evacuation Pause)
[2022-05-19T10:33:56.147+0000][163][gc,task        ] GC(275) Using 10 workers of 10 for evacuation
[2022-05-19T10:33:56.147+0000][163][gc,age         ] GC(275) Desired survivor size 18874368 bytes, new threshold 15 (max threshold 15)
[2022-05-19T10:33:56.150+0000][163][gc,age         ] GC(275) Age table with threshold 15 (max threshold 15)
[2022-05-19T10:33:56.150+0000][163][gc,age         ] GC(275) - age   1:     386264 bytes,     386264 total
[2022-05-19T10:33:56.150+0000][163][gc,age         ] GC(275) - age   2:      87272 bytes,     473536 total
[2022-05-19T10:33:56.151+0000][163][gc,age         ] GC(275) - age   3:       1088 bytes,     474624 total
[2022-05-19T10:33:56.151+0000][163][gc,age         ] GC(275) - age   4:      77080 bytes,     551704 total
[2022-05-19T10:33:56.151+0000][163][gc,age         ] GC(275) - age   5:      70816 bytes,     622520 total
[2022-05-19T10:33:56.151+0000][163][gc,age         ] GC(275) - age   6:      16360 bytes,     638880 total
[2022-05-19T10:33:56.151+0000][163][gc,age         ] GC(275) - age   7:     445568 bytes,    1084448 total
[2022-05-19T10:33:56.151+0000][163][gc,age         ] GC(275) - age   8:     162288 bytes,    1246736 total
[2022-05-19T10:33:56.151+0000][163][gc,age         ] GC(275) - age   9:      65008 bytes,    1311744 total
[2022-05-19T10:33:56.151+0000][163][gc,age         ] GC(275) - age  10:     550424 bytes,    1862168 total
[2022-05-19T10:33:56.152+0000][163][gc,phases      ] GC(275)   Pre Evacuate Collection Set: 0.2ms
[2022-05-19T10:33:56.152+0000][163][gc,phases      ] GC(275)   Merge Heap Roots: 0.2ms
[2022-05-19T10:33:56.152+0000][163][gc,phases      ] GC(275)   Evacuate Collection Set: 1.5ms
[2022-05-19T10:33:56.152+0000][163][gc,phases      ] GC(275)   Post Evacuate Collection Set: 0.6ms
[2022-05-19T10:33:56.152+0000][163][gc,phases      ] GC(275)   Other: 2.0ms
[2022-05-19T10:33:56.152+0000][163][gc,heap        ] GC(275) Eden regions: 66->0(5)
[2022-05-19T10:33:56.152+0000][163][gc,heap        ] GC(275) Survivor regions: 1->1(9)
[2022-05-19T10:33:56.152+0000][163][gc,heap        ] GC(275) Old regions: 29->29
[2022-05-19T10:33:56.153+0000][163][gc,heap        ] GC(275) Archive regions: 2->2
[2022-05-19T10:33:56.153+0000][163][gc,heap        ] GC(275) Humongous regions: 6->6
[2022-05-19T10:33:56.153+0000][163][gc,metaspace   ] GC(275) Metaspace: 103926K(105536K)->103926K(105536K) NonClass: 89930K(90880K)->89930K(90880K) Class: 13995K(14656K)->13995K(14656K)
[2022-05-19T10:33:56.153+0000][163][gc             ] GC(275) Pause Young (Prepare Mixed) (G1 Evacuation Pause) 404M->140M(512M) 5.805ms
[2022-05-19T10:33:56.153+0000][163][gc,cpu         ] GC(275) User=0.01s Sys=0.00s Real=0.00s
[2022-05-19T10:33:56.153+0000][163][safepoint      ] Safepoint "G1CollectForAllocation", Time since last: 1593448800 ns, Reaching safepoint: 187400 ns, At safepoint: 6086800 ns, Total: 6274200 ns
[2022-05-19T10:33:58.154+0000][163][safepoint      ] Safepoint "Cleanup", Time since last: 2000364800 ns, Reaching safepoint: 195200 ns, At safepoint: 7200 ns, Total: 202400 ns
[2022-05-19T10:34:00.155+0000][163][safepoint      ] Safepoint "Cleanup", Time since last: 2000617900 ns, Reaching safepoint: 177200 ns, At safepoint: 6900 ns, Total: 184100 ns
[2022-05-19T10:34:01.760+0000][163][gc,start       ] GC(276) Pause Young (Mixed) (G1 Evacuation Pause)
[2022-05-19T10:34:01.760+0000][163][gc,task        ] GC(276) Using 10 workers of 10 for evacuation
[2022-05-19T10:34:01.760+0000][163][gc,age         ] GC(276) Desired survivor size 2097152 bytes, new threshold 15 (max threshold 15)
[2022-05-19T10:34:01.763+0000][163][gc,age         ] GC(276) Age table with threshold 15 (max threshold 15)
[2022-05-19T10:34:01.763+0000][163][gc,age         ] GC(276) - age   1:     929520 bytes,     929520 total
[2022-05-19T10:34:01.763+0000][163][gc,age         ] GC(276) - age   2:     175144 bytes,    1104664 total
[2022-05-19T10:34:01.763+0000][163][gc,age         ] GC(276) - age   3:      86600 bytes,    1191264 total
[2022-05-19T10:34:01.764+0000][163][gc,age         ] GC(276) - age   4:       1088 bytes,    1192352 total
[2022-05-19T10:34:01.764+0000][163][gc,age         ] GC(276) - age   5:      76952 bytes,    1269304 total
[2022-05-19T10:34:01.764+0000][163][gc,age         ] GC(276) - age   6:      70816 bytes,    1340120 total
[2022-05-19T10:34:01.764+0000][163][gc,age         ] GC(276) - age   7:      16360 bytes,    1356480 total
[2022-05-19T10:34:01.764+0000][163][gc,age         ] GC(276) - age   8:     445568 bytes,    1802048 total
[2022-05-19T10:34:01.764+0000][163][gc,age         ] GC(276) - age   9:     162288 bytes,    1964336 total
[2022-05-19T10:34:01.764+0000][163][gc,age         ] GC(276) - age  10:      65008 bytes,    2029344 total
[2022-05-19T10:34:01.764+0000][163][gc,age         ] GC(276) - age  11:     550424 bytes,    2579768 total
[2022-05-19T10:34:01.764+0000][163][gc,phases      ] GC(276)   Pre Evacuate Collection Set: 0.2ms
[2022-05-19T10:34:01.765+0000][163][gc,phases      ] GC(276)   Merge Heap Roots: 0.2ms
[2022-05-19T10:34:01.765+0000][163][gc,phases      ] GC(276)   Evacuate Collection Set: 1.7ms
[2022-05-19T10:34:01.765+0000][163][gc,phases      ] GC(276)   Post Evacuate Collection Set: 0.7ms
[2022-05-19T10:34:01.765+0000][163][gc,phases      ] GC(276)   Other: 1.9ms
[2022-05-19T10:34:01.765+0000][163][gc,heap        ] GC(276) Eden regions: 5->0(68)
[2022-05-19T10:34:01.765+0000][163][gc,heap        ] GC(276) Survivor regions: 1->1(1)
[2022-05-19T10:34:01.765+0000][163][gc,heap        ] GC(276) Old regions: 29->28
[2022-05-19T10:34:01.765+0000][163][gc,heap        ] GC(276) Archive regions: 2->2
[2022-05-19T10:34:01.766+0000][163][gc,heap        ] GC(276) Humongous regions: 6->6
[2022-05-19T10:34:01.766+0000][163][gc,metaspace   ] GC(276) Metaspace: 103947K(105600K)->103947K(105600K) NonClass: 89951K(90944K)->89951K(90944K) Class: 13995K(14656K)->13995K(14656K)
[2022-05-19T10:34:01.766+0000][163][gc             ] GC(276) Pause Young (Mixed) (G1 Evacuation Pause) 160M->138M(512M) 5.897ms
[2022-05-19T10:34:01.766+0000][163][gc,cpu         ] GC(276) User=0.01s Sys=0.01s Real=0.00s
[2022-05-19T10:34:01.766+0000][163][safepoint      ] Safepoint "G1CollectForAllocation", Time since last: 1604645900 ns, Reaching safepoint: 177200 ns, At safepoint: 6208300 ns, Total: 6385500 ns
[2022-05-19T10:34:03.767+0000][163][safepoint      ] Safepoint "Cleanup", Time since last: 2000370200 ns, Reaching safepoint: 396300 ns, At safepoint: 64000 ns, Total: 460300 ns
[2022-05-19T10:34:08.768+0000][163][safepoint      ] Safepoint "Cleanup", Time since last: 5000910000 ns, Reaching safepoint: 208600 ns, At safepoint: 20000 ns, Total: 228600 ns
[2022-05-19T10:34:09.769+0000][163][safepoint      ] Safepoint "Cleanup", Time since last: 1000262900 ns, Reaching safepoint: 399500 ns, At safepoint: 72000 ns, Total: 471500 ns
[2022-05-19T10:34:10.769+0000][163][safepoint      ] Safepoint "Cleanup", Time since last: 1000449300 ns, Reaching safepoint: 190700 ns, At safepoint: 8000 ns, Total: 198700 ns
[2022-05-19T10:34:15.771+0000][163][safepoint      ] Safepoint "Cleanup", Time since last: 5000872200 ns, Reaching safepoint: 229200 ns, At safepoint: 6800 ns, Total: 236000 ns
[2022-05-19T10:34:22.772+0000][163][safepoint      ] Safepoint "Cleanup", Time since last: 7001131000 ns, Reaching safepoint: 347100 ns, At safepoint: 11400 ns, Total: 358500 ns
[2022-05-19T10:34:23.773+0000][163][safepoint      ] Safepoint "Cleanup", Time since last: 1000502600 ns, Reaching safepoint: 230500 ns, At safepoint: 6500 ns, Total: 237000 ns
[2022-05-19T10:34:26.774+0000][163][safepoint      ] Safepoint "Cleanup", Time since last: 3000709100 ns, Reaching safepoint: 305900 ns, At safepoint: 10100 ns, Total: 316000 ns
[2022-05-19T10:34:27.775+0000][163][safepoint      ] Safepoint "Cleanup", Time since last: 1000480500 ns, Reaching safepoint: 280600 ns, At safepoint: 6100 ns, Total: 286700 ns
[2022-05-19T10:34:29.776+0000][163][safepoint      ] Safepoint "Cleanup", Time since last: 2000595400 ns, Reaching safepoint: 173100 ns, At safepoint: 7300 ns, Total: 180400 ns
[2022-05-19T10:34:32.777+0000][163][safepoint      ] Safepoint "Cleanup", Time since last: 3000634300 ns, Reaching safepoint: 175500 ns, At safepoint: 7200 ns, Total: 182700 ns
[2022-05-19T10:34:49.779+0000][163][safepoint      ] Safepoint "Cleanup", Time since last: 17002139600 ns, Reaching safepoint: 283100 ns, At safepoint: 23000 ns, Total: 306100 ns
[2022-05-19T10:34:51.780+0000][163][safepoint      ] Safepoint "Cleanup", Time since last: 2000603500 ns, Reaching safepoint: 204000 ns, At safepoint: 27800 ns, Total: 231800 ns
[2022-05-19T10:34:53.781+0000][163][safepoint      ] Safepoint "Cleanup", Time since last: 2000438800 ns, Reaching safepoint: 226700 ns, At safepoint: 7900 ns, Total: 234600 ns
[2022-05-19T10:34:54.781+0000][163][safepoint      ] Safepoint "Cleanup", Time since last: 1000483300 ns, Reaching safepoint: 247000 ns, At safepoint: 23900 ns, Total: 270900 ns
[2022-05-19T10:34:57.782+0000][163][safepoint      ] Safepoint "Cleanup", Time since last: 3000736600 ns, Reaching safepoint: 176200 ns, At safepoint: 6700 ns, Total: 182900 ns
[2022-05-19T10:35:02.784+0000][163][safepoint      ] Safepoint "Cleanup", Time since last: 5000851300 ns, Reaching safepoint: 189300 ns, At safepoint: 20500 ns, Total: 209800 ns
[2022-05-19T10:35:03.784+0000][163][safepoint      ] Safepoint "Cleanup", Time since last: 1000274700 ns, Reaching safepoint: 202600 ns, At safepoint: 9400 ns, Total: 212000 ns
[2022-05-19T10:35:05.785+0000][163][safepoint      ] Safepoint "Cleanup", Time since last: 2000629400 ns, Reaching safepoint: 187000 ns, At safepoint: 8400 ns, Total: 195400 ns
[2022-05-19T10:35:13.787+0000][163][safepoint      ] Safepoint "Cleanup", Time since last: 8001228200 ns, Reaching safepoint: 189500 ns, At safepoint: 7200 ns, Total: 196700 ns
[2022-05-19T10:35:14.787+0000][163][safepoint      ] Safepoint "Cleanup", Time since last: 1000356200 ns, Reaching safepoint: 181400 ns, At safepoint: 6900 ns, Total: 188300 ns
[2022-05-19T10:35:15.788+0000][163][safepoint      ] Safepoint "Cleanup", Time since last: 1000395700 ns, Reaching safepoint: 228400 ns, At safepoint: 10700 ns, Total: 239100 ns
[2022-05-19T10:35:18.789+0000][163][safepoint      ] Safepoint "Cleanup", Time since last: 3000580200 ns, Reaching safepoint: 225200 ns, At safepoint: 6900 ns, Total: 232100 ns
[2022-05-19T10:35:20.836+0000][163][gc,start       ] GC(277) Pause Young (Concurrent Start) (G1 Evacuation Pause)
[2022-05-19T10:35:20.837+0000][163][gc,task        ] GC(277) Using 10 workers of 10 for evacuation
[2022-05-19T10:35:20.837+0000][163][gc,age         ] GC(277) Desired survivor size 18874368 bytes, new threshold 15 (max threshold 15)
[2022-05-19T10:35:20.840+0000][163][gc,age         ] GC(277) Age table with threshold 15 (max threshold 15)
[2022-05-19T10:35:20.840+0000][163][gc,age         ] GC(277) - age   1:     361016 bytes,     361016 total
[2022-05-19T10:35:20.840+0000][163][gc,age         ] GC(277) - age   2:       1104 bytes,     362120 total
[2022-05-19T10:35:20.840+0000][163][gc,age         ] GC(277) - age   3:      19032 bytes,     381152 total
[2022-05-19T10:35:20.840+0000][163][gc,age         ] GC(277) - age   4:      83280 bytes,     464432 total
[2022-05-19T10:35:20.841+0000][163][gc,age         ] GC(277) - age   5:       1088 bytes,     465520 total
[2022-05-19T10:35:20.841+0000][163][gc,age         ] GC(277) - age   6:      74008 bytes,     539528 total
[2022-05-19T10:35:20.841+0000][163][gc,age         ] GC(277) - age   7:      65840 bytes,     605368 total
[2022-05-19T10:35:20.841+0000][163][gc,age         ] GC(277) - age   8:      16360 bytes,     621728 total
[2022-05-19T10:35:20.841+0000][163][gc,age         ] GC(277) - age   9:     443488 bytes,    1065216 total
[2022-05-19T10:35:20.841+0000][163][gc,age         ] GC(277) - age  10:     162288 bytes,    1227504 total
[2022-05-19T10:35:20.841+0000][163][gc,age         ] GC(277) - age  11:      65008 bytes,    1292512 total
[2022-05-19T10:35:20.841+0000][163][gc,age         ] GC(277) - age  12:     550424 bytes,    1842936 total
[2022-05-19T10:35:20.842+0000][163][gc,phases      ] GC(277)   Pre Evacuate Collection Set: 0.2ms
[2022-05-19T10:35:20.842+0000][163][gc,phases      ] GC(277)   Merge Heap Roots: 0.1ms
[2022-05-19T10:35:20.842+0000][163][gc,phases      ] GC(277)   Evacuate Collection Set: 1.4ms
[2022-05-19T10:35:20.842+0000][163][gc,phases      ] GC(277)   Post Evacuate Collection Set: 1.1ms
[2022-05-19T10:35:20.842+0000][163][gc,phases      ] GC(277)   Other: 2.3ms
[2022-05-19T10:35:20.842+0000][163][gc,heap        ] GC(277) Eden regions: 68->0(68)
[2022-05-19T10:35:20.842+0000][163][gc,heap        ] GC(277) Survivor regions: 1->1(9)
[2022-05-19T10:35:20.842+0000][163][gc,heap        ] GC(277) Old regions: 28->28
[2022-05-19T10:35:20.843+0000][163][gc,heap        ] GC(277) Archive regions: 2->2
[2022-05-19T10:35:20.843+0000][163][gc,heap        ] GC(277) Humongous regions: 6->6
[2022-05-19T10:35:20.843+0000][163][gc,metaspace   ] GC(277) Metaspace: 104070K(105664K)->104070K(105664K) NonClass: 90073K(91008K)->90073K(91008K) Class: 13996K(14656K)->13996K(14656K)
[2022-05-19T10:35:20.843+0000][163][gc             ] GC(277) Pause Young (Concurrent Start) (G1 Evacuation Pause) 410M->138M(512M) 6.386ms
[2022-05-19T10:35:20.843+0000][163][gc,cpu         ] GC(277) User=0.01s Sys=0.00s Real=0.01s
[2022-05-19T10:35:20.843+0000][163][gc             ] GC(278) Concurrent Mark Cycle
[2022-05-19T10:35:20.844+0000][163][gc,marking     ] GC(278) Concurrent Clear Claimed Marks
[2022-05-19T10:35:20.843+0000][163][safepoint      ] Safepoint "G1CollectForAllocation", Time since last: 2047628800 ns, Reaching safepoint: 259700 ns, At safepoint: 6710500 ns, Total: 6970200 ns
[2022-05-19T10:35:20.844+0000][163][gc,marking     ] GC(278) Concurrent Clear Claimed Marks 0.200ms
[2022-05-19T10:35:20.844+0000][163][gc,marking     ] GC(278) Concurrent Scan Root Regions
[2022-05-19T10:35:20.847+0000][163][gc,marking     ] GC(278) Concurrent Scan Root Regions 2.631ms
[2022-05-19T10:35:20.847+0000][163][gc,marking     ] GC(278) Concurrent Mark
[2022-05-19T10:35:20.847+0000][163][gc,marking     ] GC(278) Concurrent Mark From Roots
[2022-05-19T10:35:20.847+0000][163][gc,task        ] GC(278) Using 3 workers of 3 for marking
[2022-05-19T10:35:20.895+0000][163][gc,marking     ] GC(278) Concurrent Mark From Roots 48.266ms
[2022-05-19T10:35:20.896+0000][163][gc,marking     ] GC(278) Concurrent Preclean
[2022-05-19T10:35:20.896+0000][163][gc,marking     ] GC(278) Concurrent Preclean 0.692ms
[2022-05-19T10:35:20.897+0000][163][gc,start       ] GC(278) Pause Remark
[2022-05-19T10:35:20.902+0000][163][gc             ] GC(278) Pause Remark 139M->139M(512M) 5.328ms
[2022-05-19T10:35:20.902+0000][163][gc,cpu         ] GC(278) User=0.03s Sys=0.00s Real=0.01s
[2022-05-19T10:35:20.903+0000][163][safepoint      ] Safepoint "G1Concurrent", Time since last: 53290100 ns, Reaching safepoint: 222800 ns, At safepoint: 5846200 ns, Total: 6069000 ns
[2022-05-19T10:35:20.903+0000][163][gc,marking     ] GC(278) Concurrent Mark 56.056ms
[2022-05-19T10:35:20.903+0000][163][gc,marking     ] GC(278) Concurrent Rebuild Remembered Sets
[2022-05-19T10:35:20.926+0000][163][gc,marking     ] GC(278) Concurrent Rebuild Remembered Sets 23.191ms
[2022-05-19T10:35:20.927+0000][163][gc,start       ] GC(278) Pause Cleanup
[2022-05-19T10:35:20.927+0000][163][gc             ] GC(278) Pause Cleanup 139M->139M(512M) 0.426ms
[2022-05-19T10:35:20.927+0000][163][gc,cpu         ] GC(278) User=0.00s Sys=0.00s Real=0.00s
[2022-05-19T10:35:20.927+0000][163][safepoint      ] Safepoint "G1Concurrent", Time since last: 24006000 ns, Reaching safepoint: 185900 ns, At safepoint: 727300 ns, Total: 913200 ns
[2022-05-19T10:35:20.928+0000][163][gc,marking     ] GC(278) Concurrent Cleanup for Next Mark
[2022-05-19T10:35:20.928+0000][163][gc,marking     ] GC(278) Concurrent Cleanup for Next Mark 0.350ms
[2022-05-19T10:35:20.928+0000][163][gc             ] GC(278) Concurrent Mark Cycle 85.037ms
[2022-05-19T10:35:33.930+0000][163][safepoint      ] Safepoint "Cleanup", Time since last: 13001645100 ns, Reaching safepoint: 256500 ns, At safepoint: 14200 ns, Total: 270700 ns
[2022-05-19T10:35:39.931+0000][163][safepoint      ] Safepoint "Cleanup", Time since last: 6001083000 ns, Reaching safepoint: 188500 ns, At safepoint: 7000 ns, Total: 195500 ns
[2022-05-19T10:35:42.932+0000][163][safepoint      ] Safepoint "Cleanup", Time since last: 3000599600 ns, Reaching safepoint: 186000 ns, At safepoint: 7300 ns, Total: 193300 ns
[2022-05-19T10:35:43.933+0000][163][safepoint      ] Safepoint "Cleanup", Time since last: 1000551700 ns, Reaching safepoint: 190900 ns, At safepoint: 6300 ns, Total: 197200 ns
[2022-05-19T10:35:44.933+0000][163][safepoint      ] Safepoint "Cleanup", Time since last: 1000443300 ns, Reaching safepoint: 186700 ns, At safepoint: 6400 ns, Total: 193100 ns
[2022-05-19T10:35:45.934+0000][163][safepoint      ] Safepoint "Cleanup", Time since last: 1000417000 ns, Reaching safepoint: 243300 ns, At safepoint: 7400 ns, Total: 250700 ns
[2022-05-19T10:35:52.936+0000][163][safepoint      ] Safepoint "Cleanup", Time since last: 7001211200 ns, Reaching safepoint: 316400 ns, At safepoint: 5700 ns, Total: 322100 ns
[2022-05-19T10:35:56.937+0000][163][safepoint      ] Safepoint "Cleanup", Time since last: 4000889500 ns, Reaching safepoint: 187400 ns, At safepoint: 7400 ns, Total: 194800 ns
[2022-05-19T10:36:01.938+0000][163][safepoint      ] Safepoint "Cleanup", Time since last: 5000868200 ns, Reaching safepoint: 249500 ns, At safepoint: 40500 ns, Total: 290000 ns
[2022-05-19T10:36:03.939+0000][163][safepoint      ] Safepoint "Cleanup", Time since last: 2000469300 ns, Reaching safepoint: 202900 ns, At safepoint: 10300 ns, Total: 213200 ns
[2022-05-19T10:36:12.941+0000][163][safepoint      ] Safepoint "Cleanup", Time since last: 9001404200 ns, Reaching safepoint: 183200 ns, At safepoint: 6500 ns, Total: 189700 ns
[2022-05-19T10:36:17.942+0000][163][safepoint      ] Safepoint "Cleanup", Time since last: 5001011100 ns, Reaching safepoint: 210800 ns, At safepoint: 9900 ns, Total: 220700 ns
[2022-05-19T10:36:23.943+0000][163][safepoint      ] Safepoint "Cleanup", Time since last: 6001087900 ns, Reaching safepoint: 278700 ns, At safepoint: 19000 ns, Total: 297700 ns
[2022-05-19T10:36:24.944+0000][163][safepoint      ] Safepoint "Cleanup", Time since last: 1000542400 ns, Reaching safepoint: 213000 ns, At safepoint: 10700 ns, Total: 223700 ns
[2022-05-19T10:36:26.945+0000][163][safepoint      ] Safepoint "Cleanup", Time since last: 2000620100 ns, Reaching safepoint: 243300 ns, At safepoint: 10500 ns, Total: 253800 ns
[2022-05-19T10:36:32.947+0000][163][safepoint      ] Safepoint "Cleanup", Time since last: 6001026200 ns, Reaching safepoint: 207100 ns, At safepoint: 8100 ns, Total: 215200 ns
[2022-05-19T10:36:36.635+0000][163][gc,start       ] GC(279) Pause Young (Prepare Mixed) (G1 Evacuation Pause)
[2022-05-19T10:36:36.635+0000][163][gc,task        ] GC(279) Using 10 workers of 10 for evacuation
[2022-05-19T10:36:36.636+0000][163][gc,age         ] GC(279) Desired survivor size 18874368 bytes, new threshold 15 (max threshold 15)
[2022-05-19T10:36:36.639+0000][163][gc,age         ] GC(279) Age table with threshold 15 (max threshold 15)
[2022-05-19T10:36:36.639+0000][163][gc,age         ] GC(279) - age   1:     411312 bytes,     411312 total
[2022-05-19T10:36:36.639+0000][163][gc,age         ] GC(279) - age   2:      34216 bytes,     445528 total
[2022-05-19T10:36:36.639+0000][163][gc,age         ] GC(279) - age   3:        656 bytes,     446184 total
[2022-05-19T10:36:36.639+0000][163][gc,age         ] GC(279) - age   4:      16504 bytes,     462688 total
[2022-05-19T10:36:36.639+0000][163][gc,age         ] GC(279) - age   5:      82112 bytes,     544800 total
[2022-05-19T10:36:36.639+0000][163][gc,age         ] GC(279) - age   6:       1088 bytes,     545888 total
[2022-05-19T10:36:36.639+0000][163][gc,age         ] GC(279) - age   7:      71336 bytes,     617224 total
[2022-05-19T10:36:36.640+0000][163][gc,age         ] GC(279) - age   8:      61464 bytes,     678688 total
[2022-05-19T10:36:36.640+0000][163][gc,age         ] GC(279) - age   9:      16360 bytes,     695048 total
[2022-05-19T10:36:36.640+0000][163][gc,age         ] GC(279) - age  10:     439504 bytes,    1134552 total
[2022-05-19T10:36:36.640+0000][163][gc,age         ] GC(279) - age  11:     162288 bytes,    1296840 total
[2022-05-19T10:36:36.640+0000][163][gc,age         ] GC(279) - age  12:      65008 bytes,    1361848 total
[2022-05-19T10:36:36.640+0000][163][gc,age         ] GC(279) - age  13:     550424 bytes,    1912272 total
[2022-05-19T10:36:36.640+0000][163][gc,phases      ] GC(279)   Pre Evacuate Collection Set: 0.2ms
[2022-05-19T10:36:36.640+0000][163][gc,phases      ] GC(279)   Merge Heap Roots: 0.1ms
[2022-05-19T10:36:36.640+0000][163][gc,phases      ] GC(279)   Evacuate Collection Set: 1.5ms
[2022-05-19T10:36:36.641+0000][163][gc,phases      ] GC(279)   Post Evacuate Collection Set: 1.1ms
[2022-05-19T10:36:36.641+0000][163][gc,phases      ] GC(279)   Other: 2.0ms
[2022-05-19T10:36:36.641+0000][163][gc,heap        ] GC(279) Eden regions: 68->0(5)
[2022-05-19T10:36:36.641+0000][163][gc,heap        ] GC(279) Survivor regions: 1->1(9)
[2022-05-19T10:36:36.641+0000][163][gc,heap        ] GC(279) Old regions: 28->28
[2022-05-19T10:36:36.641+0000][163][gc,heap        ] GC(279) Archive regions: 2->2
[2022-05-19T10:36:36.641+0000][163][gc,heap        ] GC(279) Humongous regions: 6->6
[2022-05-19T10:36:36.641+0000][163][gc,metaspace   ] GC(279) Metaspace: 104109K(105728K)->104109K(105728K) NonClass: 90113K(91072K)->90113K(91072K) Class: 13996K(14656K)->13996K(14656K)
[2022-05-19T10:36:36.641+0000][163][gc             ] GC(279) Pause Young (Prepare Mixed) (G1 Evacuation Pause) 410M->138M(512M) 6.073ms
[2022-05-19T10:36:36.642+0000][163][gc,cpu         ] GC(279) User=0.01s Sys=0.00s Real=0.01s
[2022-05-19T10:36:36.642+0000][163][safepoint      ] Safepoint "G1CollectForAllocation", Time since last: 3688557900 ns, Reaching safepoint: 174800 ns, At safepoint: 6351200 ns, Total: 6526000 ns
[2022-05-19T10:36:37.642+0000][163][safepoint      ] Safepoint "Cleanup", Time since last: 1000246900 ns, Reaching safepoint: 249000 ns, At safepoint: 6800 ns, Total: 255800 ns
[2022-05-19T10:36:38.643+0000][163][safepoint      ] Safepoint "Cleanup", Time since last: 1000384300 ns, Reaching safepoint: 249500 ns, At safepoint: 7600 ns, Total: 257100 ns
[2022-05-19T10:36:42.268+0000][163][gc,start       ] GC(280) Pause Young (Mixed) (G1 Evacuation Pause)
[2022-05-19T10:36:42.268+0000][163][gc,task        ] GC(280) Using 10 workers of 10 for evacuation
[2022-05-19T10:36:42.268+0000][163][gc,age         ] GC(280) Desired survivor size 2097152 bytes, new threshold 15 (max threshold 15)
[2022-05-19T10:36:42.271+0000][163][gc,age         ] GC(280) Age table with threshold 15 (max threshold 15)
[2022-05-19T10:36:42.272+0000][163][gc,age         ] GC(280) - age   1:     629056 bytes,     629056 total
[2022-05-19T10:36:42.272+0000][163][gc,age         ] GC(280) - age   2:     208696 bytes,     837752 total
[2022-05-19T10:36:42.272+0000][163][gc,age         ] GC(280) - age   3:      33960 bytes,     871712 total
[2022-05-19T10:36:42.272+0000][163][gc,age         ] GC(280) - age   4:        656 bytes,     872368 total
[2022-05-19T10:36:42.272+0000][163][gc,age         ] GC(280) - age   5:      16472 bytes,     888840 total
[2022-05-19T10:36:42.272+0000][163][gc,age         ] GC(280) - age   6:      82056 bytes,     970896 total
[2022-05-19T10:36:42.273+0000][163][gc,age         ] GC(280) - age   7:       1088 bytes,     971984 total
[2022-05-19T10:36:42.273+0000][163][gc,age         ] GC(280) - age   8:      70104 bytes,    1042088 total
[2022-05-19T10:36:42.273+0000][163][gc,age         ] GC(280) - age   9:      61464 bytes,    1103552 total
[2022-05-19T10:36:42.273+0000][163][gc,age         ] GC(280) - age  10:      16360 bytes,    1119912 total
[2022-05-19T10:36:42.273+0000][163][gc,age         ] GC(280) - age  11:     439296 bytes,    1559208 total
[2022-05-19T10:36:42.273+0000][163][gc,age         ] GC(280) - age  12:     162288 bytes,    1721496 total
[2022-05-19T10:36:42.274+0000][163][gc,age         ] GC(280) - age  13:      65008 bytes,    1786504 total
[2022-05-19T10:36:42.274+0000][163][gc,age         ] GC(280) - age  14:     550424 bytes,    2336928 total
[2022-05-19T10:36:42.274+0000][163][gc,phases      ] GC(280)   Pre Evacuate Collection Set: 0.2ms
[2022-05-19T10:36:42.274+0000][163][gc,phases      ] GC(280)   Merge Heap Roots: 0.2ms
[2022-05-19T10:36:42.274+0000][163][gc,phases      ] GC(280)   Evacuate Collection Set: 1.7ms
[2022-05-19T10:36:42.274+0000][163][gc,phases      ] GC(280)   Post Evacuate Collection Set: 1.2ms
[2022-05-19T10:36:42.274+0000][163][gc,phases      ] GC(280)   Other: 2.9ms
[2022-05-19T10:36:42.275+0000][163][gc,heap        ] GC(280) Eden regions: 5->0(70)
[2022-05-19T10:36:42.275+0000][163][gc,heap        ] GC(280) Survivor regions: 1->1(1)
[2022-05-19T10:36:42.275+0000][163][gc,heap        ] GC(280) Old regions: 28->27
[2022-05-19T10:36:42.275+0000][163][gc,heap        ] GC(280) Archive regions: 2->2
[2022-05-19T10:36:42.275+0000][163][gc,heap        ] GC(280) Humongous regions: 6->6
[2022-05-19T10:36:42.275+0000][163][gc,metaspace   ] GC(280) Metaspace: 104109K(105728K)->104109K(105728K) NonClass: 90113K(91072K)->90113K(91072K) Class: 13996K(14656K)->13996K(14656K)
[2022-05-19T10:36:42.275+0000][163][gc             ] GC(280) Pause Young (Mixed) (G1 Evacuation Pause) 158M->136M(512M) 7.473ms
[2022-05-19T10:36:42.275+0000][163][gc,cpu         ] GC(280) User=0.01s Sys=0.01s Real=0.01s
[2022-05-19T10:36:42.276+0000][163][safepoint      ] Safepoint "G1CollectForAllocation", Time since last: 3624755600 ns, Reaching safepoint: 182400 ns, At safepoint: 7776100 ns, Total: 7958500 ns
[2022-05-19T10:36:50.277+0000][163][safepoint      ] Safepoint "Cleanup", Time since last: 8001062900 ns, Reaching safepoint: 324500 ns, At safepoint: 27200 ns, Total: 351700 ns
[2022-05-19T10:36:52.278+0000][163][safepoint      ] Safepoint "Cleanup", Time since last: 2000623400 ns, Reaching safepoint: 189800 ns, At safepoint: 8700 ns, Total: 198500 ns
[2022-05-19T10:37:09.281+0000][163][safepoint      ] Safepoint "Cleanup", Time since last: 17002163800 ns, Reaching safepoint: 300700 ns, At safepoint: 6500 ns, Total: 307200 ns
[2022-05-19T10:37:12.282+0000][163][safepoint      ] Safepoint "Cleanup", Time since last: 3000614300 ns, Reaching safepoint: 204700 ns, At safepoint: 39100 ns, Total: 243800 ns
[2022-05-19T10:37:13.282+0000][163][safepoint      ] Safepoint "Cleanup", Time since last: 1000256600 ns, Reaching safepoint: 175400 ns, At safepoint: 19500 ns, Total: 194900 ns
[2022-05-19T10:37:14.283+0000][163][safepoint      ] Safepoint "Cleanup", Time since last: 1000322900 ns, Reaching safepoint: 250800 ns, At safepoint: 6100 ns, Total: 256900 ns
[2022-05-19T10:37:19.284+0000][163][safepoint      ] Safepoint "Cleanup", Time since last: 5000854800 ns, Reaching safepoint: 246800 ns, At safepoint: 11200 ns, Total: 258000 ns
[2022-05-19T10:37:20.285+0000][163][safepoint      ] Safepoint "Cleanup", Time since last: 1000471700 ns, Reaching safepoint: 209800 ns, At safepoint: 11200 ns, Total: 221000 ns
[2022-05-19T10:37:23.285+0000][163][safepoint      ] Safepoint "Cleanup", Time since last: 3000533600 ns, Reaching safepoint: 191600 ns, At safepoint: 7000 ns, Total: 198600 ns
[2022-05-19T10:37:24.286+0000][163][safepoint      ] Safepoint "Cleanup", Time since last: 1000280400 ns, Reaching safepoint: 191600 ns, At safepoint: 6100 ns, Total: 197700 ns
[2022-05-19T10:37:29.288+0000][163][safepoint      ] Safepoint "Cleanup", Time since last: 5001098400 ns, Reaching safepoint: 198900 ns, At safepoint: 7700 ns, Total: 206600 ns
[2022-05-19T10:37:33.289+0000][163][safepoint      ] Safepoint "Cleanup", Time since last: 4000801700 ns, Reaching safepoint: 195800 ns, At safepoint: 7100 ns, Total: 202900 ns
[2022-05-19T10:37:53.292+0000][163][safepoint      ] Safepoint "Cleanup", Time since last: 20002644500 ns, Reaching safepoint: 284600 ns, At safepoint: 16400 ns, Total: 301000 ns
[2022-05-19T10:37:54.292+0000][163][safepoint      ] Safepoint "Cleanup", Time since last: 1000482600 ns, Reaching safepoint: 277500 ns, At safepoint: 38400 ns, Total: 315900 ns
[2022-05-19T10:37:56.293+0000][163][safepoint      ] Safepoint "Cleanup", Time since last: 2000635100 ns, Reaching safepoint: 207400 ns, At safepoint: 8400 ns, Total: 215800 ns
[2022-05-19T10:38:00.098+0000][163][gc,start       ] GC(281) Pause Young (Concurrent Start) (G1 Evacuation Pause)
[2022-05-19T10:38:00.098+0000][163][gc,task        ] GC(281) Using 10 workers of 10 for evacuation
[2022-05-19T10:38:00.098+0000][163][gc,age         ] GC(281) Desired survivor size 18874368 bytes, new threshold 15 (max threshold 15)
[2022-05-19T10:38:00.101+0000][163][gc,age         ] GC(281) Age table with threshold 15 (max threshold 15)
[2022-05-19T10:38:00.101+0000][163][gc,age         ] GC(281) - age   1:     587192 bytes,     587192 total
[2022-05-19T10:38:00.101+0000][163][gc,age         ] GC(281) - age   2:       4280 bytes,     591472 total
[2022-05-19T10:38:00.101+0000][163][gc,age         ] GC(281) - age   3:      39384 bytes,     630856 total
[2022-05-19T10:38:00.101+0000][163][gc,age         ] GC(281) - age   4:      29008 bytes,     659864 total
[2022-05-19T10:38:00.101+0000][163][gc,age         ] GC(281) - age   5:        656 bytes,     660520 total
[2022-05-19T10:38:00.102+0000][163][gc,age         ] GC(281) - age   6:      15792 bytes,     676312 total
[2022-05-19T10:38:00.102+0000][163][gc,age         ] GC(281) - age   7:      81864 bytes,     758176 total
[2022-05-19T10:38:00.102+0000][163][gc,age         ] GC(281) - age   8:       1088 bytes,     759264 total
[2022-05-19T10:38:00.102+0000][163][gc,age         ] GC(281) - age   9:      69432 bytes,     828696 total
[2022-05-19T10:38:00.102+0000][163][gc,age         ] GC(281) - age  10:      60208 bytes,     888904 total
[2022-05-19T10:38:00.102+0000][163][gc,age         ] GC(281) - age  11:      16360 bytes,     905264 total
[2022-05-19T10:38:00.102+0000][163][gc,age         ] GC(281) - age  12:     437912 bytes,    1343176 total
[2022-05-19T10:38:00.102+0000][163][gc,age         ] GC(281) - age  13:     162288 bytes,    1505464 total
[2022-05-19T10:38:00.103+0000][163][gc,age         ] GC(281) - age  14:      65008 bytes,    1570472 total
[2022-05-19T10:38:00.103+0000][163][gc,age         ] GC(281) - age  15:     502400 bytes,    2072872 total
[2022-05-19T10:38:00.103+0000][163][gc,phases      ] GC(281)   Pre Evacuate Collection Set: 0.2ms
[2022-05-19T10:38:00.103+0000][163][gc,phases      ] GC(281)   Merge Heap Roots: 0.2ms
[2022-05-19T10:38:00.103+0000][163][gc,phases      ] GC(281)   Evacuate Collection Set: 1.5ms
[2022-05-19T10:38:00.103+0000][163][gc,phases      ] GC(281)   Post Evacuate Collection Set: 0.6ms
[2022-05-19T10:38:00.103+0000][163][gc,phases      ] GC(281)   Other: 2.4ms
[2022-05-19T10:38:00.103+0000][163][gc,heap        ] GC(281) Eden regions: 70->0(70)
[2022-05-19T10:38:00.103+0000][163][gc,heap        ] GC(281) Survivor regions: 1->1(9)
[2022-05-19T10:38:00.104+0000][163][gc,heap        ] GC(281) Old regions: 27->27
[2022-05-19T10:38:00.104+0000][163][gc,heap        ] GC(281) Archive regions: 2->2
[2022-05-19T10:38:00.104+0000][163][gc,heap        ] GC(281) Humongous regions: 6->6
[2022-05-19T10:38:00.104+0000][163][gc,metaspace   ] GC(281) Metaspace: 104173K(105728K)->104173K(105728K) NonClass: 90174K(91072K)->90174K(91072K) Class: 13999K(14656K)->13999K(14656K)
[2022-05-19T10:38:00.104+0000][163][gc             ] GC(281) Pause Young (Concurrent Start) (G1 Evacuation Pause) 415M->135M(512M) 6.067ms
[2022-05-19T10:38:00.104+0000][163][gc,cpu         ] GC(281) User=0.00s Sys=0.01s Real=0.01s
[2022-05-19T10:38:00.104+0000][163][safepoint      ] Safepoint "G1CollectForAllocation", Time since last: 3803887500 ns, Reaching safepoint: 182400 ns, At safepoint: 6372600 ns, Total: 6555000 ns
[2022-05-19T10:38:00.104+0000][163][gc             ] GC(282) Concurrent Mark Cycle
[2022-05-19T10:38:00.105+0000][163][gc,marking     ] GC(282) Concurrent Clear Claimed Marks
[2022-05-19T10:38:00.105+0000][163][gc,marking     ] GC(282) Concurrent Clear Claimed Marks 0.245ms
[2022-05-19T10:38:00.105+0000][163][gc,marking     ] GC(282) Concurrent Scan Root Regions
[2022-05-19T10:38:00.107+0000][163][gc,marking     ] GC(282) Concurrent Scan Root Regions 2.294ms
[2022-05-19T10:38:00.107+0000][163][gc,marking     ] GC(282) Concurrent Mark
[2022-05-19T10:38:00.108+0000][163][gc,marking     ] GC(282) Concurrent Mark From Roots
[2022-05-19T10:38:00.108+0000][163][gc,task        ] GC(282) Using 3 workers of 3 for marking
[2022-05-19T10:38:00.153+0000][163][gc,marking     ] GC(282) Concurrent Mark From Roots 45.378ms
[2022-05-19T10:38:00.153+0000][163][gc,marking     ] GC(282) Concurrent Preclean
[2022-05-19T10:38:00.154+0000][163][gc,marking     ] GC(282) Concurrent Preclean 0.717ms
[2022-05-19T10:38:00.154+0000][163][gc,start       ] GC(282) Pause Remark
[2022-05-19T10:38:00.158+0000][163][gc             ] GC(282) Pause Remark 136M->136M(512M) 3.967ms
[2022-05-19T10:38:00.159+0000][163][gc,cpu         ] GC(282) User=0.03s Sys=0.00s Real=0.00s
[2022-05-19T10:38:00.159+0000][163][safepoint      ] Safepoint "G1Concurrent", Time since last: 49870400 ns, Reaching safepoint: 216400 ns, At safepoint: 4594400 ns, Total: 4810800 ns
[2022-05-19T10:38:00.159+0000][163][gc,marking     ] GC(282) Concurrent Mark 51.718ms
[2022-05-19T10:38:00.159+0000][163][gc,marking     ] GC(282) Concurrent Rebuild Remembered Sets
[2022-05-19T10:38:00.179+0000][163][gc,marking     ] GC(282) Concurrent Rebuild Remembered Sets 19.617ms
[2022-05-19T10:38:00.179+0000][163][gc,start       ] GC(282) Pause Cleanup
[2022-05-19T10:38:00.180+0000][163][gc             ] GC(282) Pause Cleanup 137M->137M(512M) 0.341ms
[2022-05-19T10:38:00.180+0000][163][gc,cpu         ] GC(282) User=0.00s Sys=0.00s Real=0.00s
[2022-05-19T10:38:00.180+0000][163][safepoint      ] Safepoint "G1Concurrent", Time since last: 20227600 ns, Reaching safepoint: 212200 ns, At safepoint: 670500 ns, Total: 882700 ns
[2022-05-19T10:38:00.180+0000][163][gc,marking     ] GC(282) Concurrent Cleanup for Next Mark
[2022-05-19T10:38:00.181+0000][163][gc,marking     ] GC(282) Concurrent Cleanup for Next Mark 0.425ms
[2022-05-19T10:38:00.181+0000][163][gc             ] GC(282) Concurrent Mark Cycle 76.651ms
[2022-05-19T10:38:03.181+0000][163][safepoint      ] Safepoint "Cleanup", Time since last: 3000529600 ns, Reaching safepoint: 305000 ns, At safepoint: 7300 ns, Total: 312300 ns
[2022-05-19T10:38:05.182+0000][163][safepoint      ] Safepoint "Cleanup", Time since last: 2000653100 ns, Reaching safepoint: 252100 ns, At safepoint: 23000 ns, Total: 275100 ns
[2022-05-19T10:38:06.183+0000][163][safepoint      ] Safepoint "Cleanup", Time since last: 1000551000 ns, Reaching safepoint: 321300 ns, At safepoint: 11100 ns, Total: 332400 ns
[2022-05-19T10:38:12.184+0000][163][safepoint      ] Safepoint "Cleanup", Time since last: 6001081400 ns, Reaching safepoint: 197200 ns, At safepoint: 7900 ns, Total: 205100 ns
[2022-05-19T10:38:13.185+0000][163][safepoint      ] Safepoint "Cleanup", Time since last: 1000506000 ns, Reaching safepoint: 194700 ns, At safepoint: 7300 ns, Total: 202000 ns
[2022-05-19T10:38:14.185+0000][163][safepoint      ] Safepoint "Cleanup", Time since last: 1000427400 ns, Reaching safepoint: 209800 ns, At safepoint: 8100 ns, Total: 217900 ns
[2022-05-19T10:38:24.187+0000][163][safepoint      ] Safepoint "Cleanup", Time since last: 10001519700 ns, Reaching safepoint: 234700 ns, At safepoint: 8000 ns, Total: 242700 ns
[2022-05-19T10:38:36.190+0000][163][safepoint      ] Safepoint "Cleanup", Time since last: 12001850800 ns, Reaching safepoint: 187400 ns, At safepoint: 6900 ns, Total: 194300 ns
[2022-05-19T10:38:43.191+0000][163][safepoint      ] Safepoint "Cleanup", Time since last: 7001257000 ns, Reaching safepoint: 195300 ns, At safepoint: 7900 ns, Total: 203200 ns
[2022-05-19T10:38:45.192+0000][163][safepoint      ] Safepoint "Cleanup", Time since last: 2000649900 ns, Reaching safepoint: 348400 ns, At safepoint: 8100 ns, Total: 356500 ns
[2022-05-19T10:38:52.194+0000][163][safepoint      ] Safepoint "Cleanup", Time since last: 7001238600 ns, Reaching safepoint: 237200 ns, At safepoint: 6800 ns, Total: 244000 ns
[2022-05-19T10:38:53.194+0000][163][safepoint      ] Safepoint "Cleanup", Time since last: 1000492600 ns, Reaching safepoint: 183800 ns, At safepoint: 6800 ns, Total: 190600 ns
[2022-05-19T10:38:58.196+0000][163][safepoint      ] Safepoint "Cleanup", Time since last: 5000959200 ns, Reaching safepoint: 398700 ns, At safepoint: 11200 ns, Total: 409900 ns
[2022-05-19T10:39:00.197+0000][163][safepoint      ] Safepoint "Cleanup", Time since last: 2000550600 ns, Reaching safepoint: 214900 ns, At safepoint: 21300 ns, Total: 236200 ns
[2022-05-19T10:39:01.198+0000][163][safepoint      ] Safepoint "Cleanup", Time since last: 1000530200 ns, Reaching safepoint: 191500 ns, At safepoint: 7500 ns, Total: 199000 ns
[2022-05-19T10:39:02.198+0000][163][safepoint      ] Safepoint "Cleanup", Time since last: 1000514700 ns, Reaching safepoint: 242600 ns, At safepoint: 7200 ns, Total: 249800 ns
[2022-05-19T10:39:03.199+0000][163][safepoint      ] Safepoint "Cleanup", Time since last: 1000494100 ns, Reaching safepoint: 374500 ns, At safepoint: 12600 ns, Total: 387100 ns
[2022-05-19T10:39:07.200+0000][163][safepoint      ] Safepoint "Cleanup", Time since last: 4000819100 ns, Reaching safepoint: 256700 ns, At safepoint: 16300 ns, Total: 273000 ns
[2022-05-19T10:39:08.201+0000][163][safepoint      ] Safepoint "Cleanup", Time since last: 1000414100 ns, Reaching safepoint: 182300 ns, At safepoint: 6600 ns, Total: 188900 ns
[2022-05-19T10:39:13.202+0000][163][safepoint      ] Safepoint "Cleanup", Time since last: 5000906300 ns, Reaching safepoint: 341300 ns, At safepoint: 7600 ns, Total: 348900 ns
[2022-05-19T10:39:13.603+0000][163][gc,start       ] GC(283) Pause Young (Prepare Mixed) (G1 Evacuation Pause)
[2022-05-19T10:39:13.603+0000][163][gc,task        ] GC(283) Using 10 workers of 10 for evacuation
[2022-05-19T10:39:13.604+0000][163][gc,age         ] GC(283) Desired survivor size 18874368 bytes, new threshold 15 (max threshold 15)
[2022-05-19T10:39:13.607+0000][163][gc,age         ] GC(283) Age table with threshold 15 (max threshold 15)
[2022-05-19T10:39:13.607+0000][163][gc,age         ] GC(283) - age   1:     688064 bytes,     688064 total
[2022-05-19T10:39:13.607+0000][163][gc,age         ] GC(283) - age   2:     136400 bytes,     824464 total
[2022-05-19T10:39:13.607+0000][163][gc,age         ] GC(283) - age   3:       3560 bytes,     828024 total
[2022-05-19T10:39:13.607+0000][163][gc,age         ] GC(283) - age   4:      36688 bytes,     864712 total
[2022-05-19T10:39:13.607+0000][163][gc,age         ] GC(283) - age   5:      26384 bytes,     891096 total
[2022-05-19T10:39:13.607+0000][163][gc,age         ] GC(283) - age   6:        656 bytes,     891752 total
[2022-05-19T10:39:13.608+0000][163][gc,age         ] GC(283) - age   7:      14872 bytes,     906624 total
[2022-05-19T10:39:13.608+0000][163][gc,age         ] GC(283) - age   8:      79736 bytes,     986360 total
[2022-05-19T10:39:13.608+0000][163][gc,age         ] GC(283) - age   9:       1088 bytes,     987448 total
[2022-05-19T10:39:13.608+0000][163][gc,age         ] GC(283) - age  10:      67944 bytes,    1055392 total
[2022-05-19T10:39:13.608+0000][163][gc,age         ] GC(283) - age  11:      58320 bytes,    1113712 total
[2022-05-19T10:39:13.608+0000][163][gc,age         ] GC(283) - age  12:      16360 bytes,    1130072 total
[2022-05-19T10:39:13.608+0000][163][gc,age         ] GC(283) - age  13:     436464 bytes,    1566536 total
[2022-05-19T10:39:13.608+0000][163][gc,age         ] GC(283) - age  14:     162288 bytes,    1728824 total
[2022-05-19T10:39:13.608+0000][163][gc,age         ] GC(283) - age  15:      65008 bytes,    1793832 total
[2022-05-19T10:39:13.609+0000][163][gc,phases      ] GC(283)   Pre Evacuate Collection Set: 0.2ms
[2022-05-19T10:39:13.609+0000][163][gc,phases      ] GC(283)   Merge Heap Roots: 0.1ms
[2022-05-19T10:39:13.609+0000][163][gc,phases      ] GC(283)   Evacuate Collection Set: 1.6ms
[2022-05-19T10:39:13.609+0000][163][gc,phases      ] GC(283)   Post Evacuate Collection Set: 1.1ms
[2022-05-19T10:39:13.609+0000][163][gc,phases      ] GC(283)   Other: 2.3ms
[2022-05-19T10:39:13.609+0000][163][gc,heap        ] GC(283) Eden regions: 70->0(5)
[2022-05-19T10:39:13.609+0000][163][gc,heap        ] GC(283) Survivor regions: 1->1(9)
[2022-05-19T10:39:13.609+0000][163][gc,heap        ] GC(283) Old regions: 27->28
[2022-05-19T10:39:13.609+0000][163][gc,heap        ] GC(283) Archive regions: 2->2
[2022-05-19T10:39:13.610+0000][163][gc,heap        ] GC(283) Humongous regions: 6->6
[2022-05-19T10:39:13.610+0000][163][gc,metaspace   ] GC(283) Metaspace: 104271K(105920K)->104271K(105920K) NonClass: 90272K(91264K)->90272K(91264K) Class: 13999K(14656K)->13999K(14656K)
[2022-05-19T10:39:13.610+0000][163][gc             ] GC(283) Pause Young (Prepare Mixed) (G1 Evacuation Pause) 415M->135M(512M) 6.506ms
[2022-05-19T10:39:13.610+0000][163][gc,cpu         ] GC(283) User=0.01s Sys=0.00s Real=0.00s
[2022-05-19T10:39:13.610+0000][163][safepoint      ] Safepoint "G1CollectForAllocation", Time since last: 400867300 ns, Reaching safepoint: 183500 ns, At safepoint: 6782200 ns, Total: 6965700 ns
[2022-05-19T10:39:17.611+0000][163][safepoint      ] Safepoint "Cleanup", Time since last: 4000590400 ns, Reaching safepoint: 273900 ns, At safepoint: 19600 ns, Total: 293500 ns
[2022-05-19T10:39:18.612+0000][163][safepoint      ] Safepoint "Cleanup", Time since last: 1000424600 ns, Reaching safepoint: 187300 ns, At safepoint: 6500 ns, Total: 193800 ns
[2022-05-19T10:39:20.284+0000][163][gc,start       ] GC(284) Pause Young (Mixed) (G1 Evacuation Pause)
[2022-05-19T10:39:20.284+0000][163][gc,task        ] GC(284) Using 10 workers of 10 for evacuation
[2022-05-19T10:39:20.284+0000][163][gc,age         ] GC(284) Desired survivor size 2097152 bytes, new threshold 15 (max threshold 15)
[2022-05-19T10:39:20.287+0000][163][gc,age         ] GC(284) Age table with threshold 15 (max threshold 15)
[2022-05-19T10:39:20.287+0000][163][gc,age         ] GC(284) - age   1:     520040 bytes,     520040 total
[2022-05-19T10:39:20.287+0000][163][gc,age         ] GC(284) - age   2:      74456 bytes,     594496 total
[2022-05-19T10:39:20.287+0000][163][gc,age         ] GC(284) - age   3:     135472 bytes,     729968 total
[2022-05-19T10:39:20.288+0000][163][gc,age         ] GC(284) - age   4:       3560 bytes,     733528 total
[2022-05-19T10:39:20.288+0000][163][gc,age         ] GC(284) - age   5:      36560 bytes,     770088 total
[2022-05-19T10:39:20.288+0000][163][gc,age         ] GC(284) - age   6:      26192 bytes,     796280 total
[2022-05-19T10:39:20.288+0000][163][gc,age         ] GC(284) - age   7:        656 bytes,     796936 total
[2022-05-19T10:39:20.288+0000][163][gc,age         ] GC(284) - age   8:      14872 bytes,     811808 total
[2022-05-19T10:39:20.288+0000][163][gc,age         ] GC(284) - age   9:      79736 bytes,     891544 total
[2022-05-19T10:39:20.288+0000][163][gc,age         ] GC(284) - age  10:       1088 bytes,     892632 total
[2022-05-19T10:39:20.288+0000][163][gc,age         ] GC(284) - age  11:      67944 bytes,     960576 total
[2022-05-19T10:39:20.289+0000][163][gc,age         ] GC(284) - age  12:      58128 bytes,    1018704 total
[2022-05-19T10:39:20.289+0000][163][gc,age         ] GC(284) - age  13:      16360 bytes,    1035064 total
[2022-05-19T10:39:20.289+0000][163][gc,age         ] GC(284) - age  14:     436464 bytes,    1471528 total
[2022-05-19T10:39:20.289+0000][163][gc,age         ] GC(284) - age  15:     162288 bytes,    1633816 total
[2022-05-19T10:39:20.289+0000][163][gc,phases      ] GC(284)   Pre Evacuate Collection Set: 0.2ms
[2022-05-19T10:39:20.289+0000][163][gc,phases      ] GC(284)   Merge Heap Roots: 0.1ms
[2022-05-19T10:39:20.289+0000][163][gc,phases      ] GC(284)   Evacuate Collection Set: 1.6ms
[2022-05-19T10:39:20.289+0000][163][gc,phases      ] GC(284)   Post Evacuate Collection Set: 0.6ms
[2022-05-19T10:39:20.290+0000][163][gc,phases      ] GC(284)   Other: 2.5ms
[2022-05-19T10:39:20.290+0000][163][gc,heap        ] GC(284) Eden regions: 5->0(70)
[2022-05-19T10:39:20.290+0000][163][gc,heap        ] GC(284) Survivor regions: 1->1(1)
[2022-05-19T10:39:20.290+0000][163][gc,heap        ] GC(284) Old regions: 28->27
[2022-05-19T10:39:20.290+0000][163][gc,heap        ] GC(284) Archive regions: 2->2
[2022-05-19T10:39:20.290+0000][163][gc,heap        ] GC(284) Humongous regions: 6->6
[2022-05-19T10:39:20.290+0000][163][gc,metaspace   ] GC(284) Metaspace: 104272K(105920K)->104272K(105920K) NonClass: 90273K(91264K)->90273K(91264K) Class: 13999K(14656K)->13999K(14656K)
[2022-05-19T10:39:20.290+0000][163][gc             ] GC(284) Pause Young (Mixed) (G1 Evacuation Pause) 155M->133M(512M) 6.476ms
[2022-05-19T10:39:20.291+0000][163][gc,cpu         ] GC(284) User=0.01s Sys=0.00s Real=0.00s
[2022-05-19T10:39:20.291+0000][163][safepoint      ] Safepoint "G1CollectForAllocation", Time since last: 1672228700 ns, Reaching safepoint: 186900 ns, At safepoint: 6764300 ns, Total: 6951200 ns
[2022-05-19T10:39:23.292+0000][163][safepoint      ] Safepoint "Cleanup", Time since last: 3000483900 ns, Reaching safepoint: 276400 ns, At safepoint: 5700 ns, Total: 282100 ns
[2022-05-19T10:39:42.295+0000][163][safepoint      ] Safepoint "Cleanup", Time since last: 19002810200 ns, Reaching safepoint: 242600 ns, At safepoint: 7500 ns, Total: 250100 ns
[2022-05-19T10:39:43.296+0000][163][safepoint      ] Safepoint "Cleanup", Time since last: 1000393200 ns, Reaching safepoint: 234700 ns, At safepoint: 7400 ns, Total: 242100 ns
[2022-05-19T10:39:47.297+0000][163][safepoint      ] Safepoint "Cleanup", Time since last: 4000896200 ns, Reaching safepoint: 354900 ns, At safepoint: 14400 ns, Total: 369300 ns
[2022-05-19T10:39:53.298+0000][163][safepoint      ] Safepoint "Cleanup", Time since last: 6001133300 ns, Reaching safepoint: 282600 ns, At safepoint: 7700 ns, Total: 290300 ns
[2022-05-19T10:39:56.300+0000][163][safepoint      ] Safepoint "Cleanup", Time since last: 3000917400 ns, Reaching safepoint: 277400 ns, At safepoint: 13700 ns, Total: 291100 ns
[2022-05-19T10:39:58.301+0000][163][safepoint      ] Safepoint "Cleanup", Time since last: 2000524100 ns, Reaching safepoint: 374300 ns, At safepoint: 36500 ns, Total: 410800 ns
[2022-05-19T10:39:59.302+0000][163][safepoint      ] Safepoint "Cleanup", Time since last: 1000421000 ns, Reaching safepoint: 249200 ns, At safepoint: 6900 ns, Total: 256100 ns
[2022-05-19T10:40:10.565+0000][163][safepoint      ] Safepoint "Cleanup", Time since last: 11263123000 ns, Reaching safepoint: 284900 ns, At safepoint: 26000 ns, Total: 310900 ns
[2022-05-19T10:40:11.566+0000][163][safepoint      ] Safepoint "Cleanup", Time since last: 1000405800 ns, Reaching safepoint: 194800 ns, At safepoint: 24100 ns, Total: 218900 ns
[2022-05-19T10:40:12.567+0000][163][safepoint      ] Safepoint "Cleanup", Time since last: 1000359000 ns, Reaching safepoint: 238700 ns, At safepoint: 14700 ns, Total: 253400 ns
[2022-05-19T10:40:13.567+0000][163][safepoint      ] Safepoint "Cleanup", Time since last: 1000414700 ns, Reaching safepoint: 206700 ns, At safepoint: 8400 ns, Total: 215100 ns
[2022-05-19T10:40:14.568+0000][163][safepoint      ] Safepoint "Cleanup", Time since last: 1000364900 ns, Reaching safepoint: 342400 ns, At safepoint: 27100 ns, Total: 369500 ns
[2022-05-19T10:40:30.571+0000][163][safepoint      ] Safepoint "Cleanup", Time since last: 16002512300 ns, Reaching safepoint: 199200 ns, At safepoint: 9600 ns, Total: 208800 ns
[2022-05-19T10:40:35.572+0000][163][safepoint      ] Safepoint "Cleanup", Time since last: 5000897700 ns, Reaching safepoint: 258400 ns, At safepoint: 8900 ns, Total: 267300 ns
[2022-05-19T10:40:37.573+0000][163][safepoint      ] Safepoint "Cleanup", Time since last: 2000656100 ns, Reaching safepoint: 262800 ns, At safepoint: 27900 ns, Total: 290700 ns
[2022-05-19T10:40:38.574+0000][163][safepoint      ] Safepoint "Cleanup", Time since last: 1000414800 ns, Reaching safepoint: 221600 ns, At safepoint: 7700 ns, Total: 229300 ns
[2022-05-19T10:40:54.576+0000][163][safepoint      ] Safepoint "Cleanup", Time since last: 16002336500 ns, Reaching safepoint: 233700 ns, At safepoint: 24000 ns, Total: 257700 ns
[2022-05-19T10:40:56.577+0000][163][safepoint      ] Safepoint "Cleanup", Time since last: 2000503800 ns, Reaching safepoint: 189900 ns, At safepoint: 6500 ns, Total: 196400 ns
[2022-05-19T10:40:57.578+0000][163][safepoint      ] Safepoint "Cleanup", Time since last: 1000401100 ns, Reaching safepoint: 272000 ns, At safepoint: 11200 ns, Total: 283200 ns
[2022-05-19T10:40:59.579+0000][163][safepoint      ] Safepoint "Cleanup", Time since last: 2000589900 ns, Reaching safepoint: 234100 ns, At safepoint: 6600 ns, Total: 240700 ns
[2022-05-19T10:41:02.580+0000][163][safepoint      ] Safepoint "Cleanup", Time since last: 3000708700 ns, Reaching safepoint: 320800 ns, At safepoint: 12100 ns, Total: 332900 ns
[2022-05-19T10:41:05.581+0000][163][safepoint      ] Safepoint "Cleanup", Time since last: 3000807200 ns, Reaching safepoint: 246600 ns, At safepoint: 9200 ns, Total: 255800 ns
[2022-05-19T10:41:06.582+0000][163][safepoint      ] Safepoint "Cleanup", Time since last: 1000305200 ns, Reaching safepoint: 862300 ns, At safepoint: 52100 ns, Total: 914400 ns
[2022-05-19T10:41:07.583+0000][163][safepoint      ] Safepoint "Cleanup", Time since last: 1000419100 ns, Reaching safepoint: 225100 ns, At safepoint: 23800 ns, Total: 248900 ns
[2022-05-19T10:41:08.586+0000][163][safepoint      ] Safepoint "Cleanup", Time since last: 1000286700 ns, Reaching safepoint: 2285300 ns, At safepoint: 54500 ns, Total: 2339800 ns
[2022-05-19T10:41:09.586+0000][163][safepoint      ] Safepoint "Cleanup", Time since last: 1000345900 ns, Reaching safepoint: 187800 ns, At safepoint: 7300 ns, Total: 195100 ns
[2022-05-19T10:41:10.587+0000][163][safepoint      ] Safepoint "Cleanup", Time since last: 1000322000 ns, Reaching safepoint: 245600 ns, At safepoint: 8000 ns, Total: 253600 ns
[2022-05-19T10:41:23.589+0000][163][safepoint      ] Safepoint "Cleanup", Time since last: 13002067200 ns, Reaching safepoint: 346400 ns, At safepoint: 12200 ns, Total: 358600 ns
[2022-05-19T10:41:24.590+0000][163][safepoint      ] Safepoint "Cleanup", Time since last: 1000446300 ns, Reaching safepoint: 201500 ns, At safepoint: 7400 ns, Total: 208900 ns
[2022-05-19T10:41:31.592+0000][163][safepoint      ] Safepoint "Cleanup", Time since last: 7001282000 ns, Reaching safepoint: 272400 ns, At safepoint: 6700 ns, Total: 279100 ns
[2022-05-19T10:41:33.593+0000][163][safepoint      ] Safepoint "Cleanup", Time since last: 2000664500 ns, Reaching safepoint: 216900 ns, At safepoint: 10100 ns, Total: 227000 ns
[2022-05-19T10:41:36.594+0000][163][safepoint      ] Safepoint "Cleanup", Time since last: 3000674800 ns, Reaching safepoint: 206200 ns, At safepoint: 9200 ns, Total: 215400 ns
[2022-05-19T10:41:42.595+0000][163][safepoint      ] Safepoint "Cleanup", Time since last: 6001107200 ns, Reaching safepoint: 291300 ns, At safepoint: 24600 ns, Total: 315900 ns
[2022-05-19T10:41:57.598+0000][163][safepoint      ] Safepoint "Cleanup", Time since last: 15001998900 ns, Reaching safepoint: 306900 ns, At safepoint: 13500 ns, Total: 320400 ns
[2022-05-19T10:43:24.611+0000][163][safepoint      ] Safepoint "Cleanup", Time since last: 87011376800 ns, Reaching safepoint: 206100 ns, At safepoint: 7200 ns, Total: 213300 ns
[2022-05-19T10:44:05.618+0000][163][safepoint      ] Safepoint "Cleanup", Time since last: 41005599600 ns, Reaching safepoint: 330400 ns, At safepoint: 6700 ns, Total: 337100 ns
[2022-05-19T10:44:17.620+0000][163][safepoint      ] Safepoint "Cleanup", Time since last: 12001967700 ns, Reaching safepoint: 211300 ns, At safepoint: 9700 ns, Total: 221000 ns
[2022-05-19T10:44:25.622+0000][163][safepoint      ] Safepoint "Cleanup", Time since last: 8001384000 ns, Reaching safepoint: 247600 ns, At safepoint: 8500 ns, Total: 256100 ns
[2022-05-19T10:44:26.622+0000][163][safepoint      ] Safepoint "Cleanup", Time since last: 1000517700 ns, Reaching safepoint: 191800 ns, At safepoint: 7700 ns, Total: 199500 ns
[2022-05-19T10:44:54.627+0000][163][safepoint      ] Safepoint "Cleanup", Time since last: 28003592400 ns, Reaching safepoint: 287000 ns, At safepoint: 24600 ns, Total: 311600 ns
[2022-05-19T10:45:14.461+0000][163][safepoint      ] Safepoint "Cleanup", Time since last: 19833278400 ns, Reaching safepoint: 278700 ns, At safepoint: 5700 ns, Total: 284400 ns
[2022-05-19T10:45:22.462+0000][163][safepoint      ] Safepoint "Cleanup", Time since last: 8001336400 ns, Reaching safepoint: 360700 ns, At safepoint: 9500 ns, Total: 370200 ns
[2022-05-19T10:46:24.384+0000][163][safepoint      ] Safepoint "Cleanup", Time since last: 61920226500 ns, Reaching safepoint: 211100 ns, At safepoint: 18400 ns, Total: 229500 ns
[2022-05-19T10:46:26.384+0000][163][safepoint      ] Safepoint "Cleanup", Time since last: 2000542200 ns, Reaching safepoint: 193400 ns, At safepoint: 6500 ns, Total: 199900 ns
