[2022-04-28T05:37:26.641+0000][9][gc] Using G1
[2022-04-28T05:37:26.793+0000][9][gc,init] Version: 17.0.2+8 (release)
[2022-04-28T05:37:26.794+0000][9][gc,init] CPUs: 5 total, 5 available
[2022-04-28T05:37:26.795+0000][9][gc,init] Memory: 7851M
[2022-04-28T05:37:26.796+0000][9][gc,init] Large Page Support: Disabled
[2022-04-28T05:37:26.798+0000][9][gc,init] NUMA Support: Disabled
[2022-04-28T05:37:26.799+0000][9][gc,init] Compressed Oops: Enabled (32-bit)
[2022-04-28T05:37:26.801+0000][9][gc,init] Heap Region Size: 4M
[2022-04-28T05:37:26.801+0000][9][gc,init] Heap Min Capacity: 512M
[2022-04-28T05:37:26.802+0000][9][gc,init] Heap Initial Capacity: 512M
[2022-04-28T05:37:26.804+0000][9][gc,init] Heap Max Capacity: 512M
[2022-04-28T05:37:26.805+0000][9][gc,init] Pre-touch: Enabled
[2022-04-28T05:37:26.805+0000][9][gc,init] Parallel Workers: 5
[2022-04-28T05:37:26.806+0000][9][gc,init] Concurrent Workers: 1
[2022-04-28T05:37:26.807+0000][9][gc,init] Concurrent Refinement Workers: 5
[2022-04-28T05:37:26.808+0000][9][gc,init] Periodic GC: Disabled
[2022-04-28T05:37:26.809+0000][9][gc,metaspace] CDS archive(s) mapped at: [0x0000000800000000-0x0000000800bd2000-0x0000000800bd2000), size 12394496, SharedBaseAddress: 0x0000000800000000, ArchiveRelocationMode: 0.
[2022-04-28T05:37:26.810+0000][9][gc,metaspace] Compressed class space mapped at: 0x0000000800c00000-0x0000000840c00000, reserved size: 1073741824
[2022-04-28T05:37:26.811+0000][9][gc,metaspace] Narrow klass base: 0x0000000800000000, Narrow klass shift: 0, Narrow klass range: 0x100000000
[2022-04-28T05:37:26.984+0000][9][safepoint   ] Safepoint "ICBufferFull", Time since last: 168552292 ns, Reaching safepoint: 88542 ns, At safepoint: 1416 ns, Total: 89958 ns
[2022-04-28T05:37:27.057+0000][9][safepoint   ] Safepoint "ICBufferFull", Time since last: 72459959 ns, Reaching safepoint: 105083 ns, At safepoint: 4208 ns, Total: 109291 ns
[2022-04-28T05:37:27.224+0000][9][safepoint   ] Safepoint "ICBufferFull", Time since last: 163938876 ns, Reaching safepoint: 2505541 ns, At safepoint: 6959 ns, Total: 2512500 ns
[2022-04-28T05:37:27.322+0000][9][gc,start    ] GC(0) Pause Young (Normal) (G1 Evacuation Pause)
[2022-04-28T05:37:27.323+0000][9][gc,task     ] GC(0) Using 5 workers of 5 for evacuation
[2022-04-28T05:37:27.324+0000][9][gc,age      ] GC(0) Desired survivor size 2097152 bytes, new threshold 15 (max threshold 15)
[2022-04-28T05:37:27.330+0000][9][gc,age      ] GC(0) Age table with threshold 15 (max threshold 15)
[2022-04-28T05:37:27.331+0000][9][gc,age      ] GC(0) - age   1:    4120128 bytes,    4120128 total
[2022-04-28T05:37:27.332+0000][9][gc,phases   ] GC(0)   Pre Evacuate Collection Set: 0.1ms
[2022-04-28T05:37:27.333+0000][9][gc,phases   ] GC(0)   Merge Heap Roots: 0.4ms
[2022-04-28T05:37:27.334+0000][9][gc,phases   ] GC(0)   Evacuate Collection Set: 2.9ms
[2022-04-28T05:37:27.335+0000][9][gc,phases   ] GC(0)   Post Evacuate Collection Set: 1.0ms
[2022-04-28T05:37:27.336+0000][9][gc,phases   ] GC(0)   Other: 6.1ms
[2022-04-28T05:37:27.337+0000][9][gc,heap     ] GC(0) Eden regions: 6->0(5)
[2022-04-28T05:37:27.338+0000][9][gc,heap     ] GC(0) Survivor regions: 0->1(1)
[2022-04-28T05:37:27.339+0000][9][gc,heap     ] GC(0) Old regions: 0->1
[2022-04-28T05:37:27.340+0000][9][gc,heap     ] GC(0) Archive regions: 2->2
[2022-04-28T05:37:27.340+0000][9][gc,heap     ] GC(0) Humongous regions: 0->0
[2022-04-28T05:37:27.341+0000][9][gc,metaspace] GC(0) Metaspace: 8904K(9088K)->8904K(9088K) NonClass: 7844K(7936K)->7844K(7936K) Class: 1059K(1152K)->1059K(1152K)
[2022-04-28T05:37:27.343+0000][9][gc          ] GC(0) Pause Young (Normal) (G1 Evacuation Pause) 27M->8M(512M) 21.081ms
[2022-04-28T05:37:27.343+0000][9][gc,cpu      ] GC(0) User=0.01s Sys=0.00s Real=0.03s
[2022-04-28T05:37:27.344+0000][9][safepoint   ] Safepoint "G1CollectForAllocation", Time since last: 97922708 ns, Reaching safepoint: 84417 ns, At safepoint: 22822666 ns, Total: 22907083 ns
[2022-04-28T05:37:27.579+0000][9][safepoint   ] Safepoint "ICBufferFull", Time since last: 234931792 ns, Reaching safepoint: 190042 ns, At safepoint: 3500 ns, Total: 193542 ns
[2022-04-28T05:37:27.984+0000][9][gc,start    ] GC(1) Pause Young (Normal) (G1 Evacuation Pause)
[2022-04-28T05:37:27.985+0000][9][gc,task     ] GC(1) Using 5 workers of 5 for evacuation
[2022-04-28T05:37:27.986+0000][9][gc,age      ] GC(1) Desired survivor size 2097152 bytes, new threshold 1 (max threshold 15)
[2022-04-28T05:37:27.992+0000][9][gc,age      ] GC(1) Age table with threshold 1 (max threshold 15)
[2022-04-28T05:37:27.993+0000][9][gc,age      ] GC(1) - age   1:    1978624 bytes,    1978624 total
[2022-04-28T05:37:27.994+0000][9][gc,phases   ] GC(1)   Pre Evacuate Collection Set: 0.0ms
[2022-04-28T05:37:27.995+0000][9][gc,phases   ] GC(1)   Merge Heap Roots: 0.0ms
[2022-04-28T05:37:27.996+0000][9][gc,phases   ] GC(1)   Evacuate Collection Set: 3.0ms
[2022-04-28T05:37:27.997+0000][9][gc,phases   ] GC(1)   Post Evacuate Collection Set: 1.4ms
[2022-04-28T05:37:27.998+0000][9][gc,phases   ] GC(1)   Other: 6.1ms
[2022-04-28T05:37:27.999+0000][9][gc,heap     ] GC(1) Eden regions: 5->0(7)
[2022-04-28T05:37:28.001+0000][9][gc,heap     ] GC(1) Survivor regions: 1->1(1)
[2022-04-28T05:37:28.006+0000][9][gc,heap     ] GC(1) Old regions: 1->2
[2022-04-28T05:37:28.008+0000][9][gc,heap     ] GC(1) Archive regions: 2->2
[2022-04-28T05:37:28.010+0000][9][gc,heap     ] GC(1) Humongous regions: 0->0
[2022-04-28T05:37:28.011+0000][9][gc,metaspace] GC(1) Metaspace: 12356K(12544K)->12356K(12544K) NonClass: 10840K(10944K)->10840K(10944K) Class: 1516K(1600K)->1516K(1600K)
[2022-04-28T05:37:28.012+0000][9][gc          ] GC(1) Pause Young (Normal) (G1 Evacuation Pause) 28M->10M(512M) 28.052ms
[2022-04-28T05:37:28.013+0000][9][gc,cpu      ] GC(1) User=0.01s Sys=0.00s Real=0.03s
[2022-04-28T05:37:28.014+0000][9][safepoint   ] Safepoint "G1CollectForAllocation", Time since last: 404141208 ns, Reaching safepoint: 114584 ns, At safepoint: 30578250 ns, Total: 30692834 ns
[2022-04-28T05:37:28.161+0000][9][safepoint   ] Safepoint "ICBufferFull", Time since last: 146490708 ns, Reaching safepoint: 261167 ns, At safepoint: 15291 ns, Total: 276458 ns
[2022-04-28T05:37:28.392+0000][9][gc,start    ] GC(2) Pause Young (Normal) (G1 Evacuation Pause)
[2022-04-28T05:37:28.392+0000][9][gc,task     ] GC(2) Using 5 workers of 5 for evacuation
[2022-04-28T05:37:28.397+0000][9][gc,age      ] GC(2) Desired survivor size 2097152 bytes, new threshold 15 (max threshold 15)
[2022-04-28T05:37:28.405+0000][9][gc,age      ] GC(2) Age table with threshold 15 (max threshold 15)
[2022-04-28T05:37:28.407+0000][9][gc,age      ] GC(2) - age   1:    1030144 bytes,    1030144 total
[2022-04-28T05:37:28.408+0000][9][gc,age      ] GC(2) - age   2:    1946496 bytes,    2976640 total
[2022-04-28T05:37:28.410+0000][9][gc,phases   ] GC(2)   Pre Evacuate Collection Set: 0.0ms
[2022-04-28T05:37:28.411+0000][9][gc,phases   ] GC(2)   Merge Heap Roots: 0.1ms
[2022-04-28T05:37:28.412+0000][9][gc,phases   ] GC(2)   Evacuate Collection Set: 5.8ms
[2022-04-28T05:37:28.413+0000][9][gc,phases   ] GC(2)   Post Evacuate Collection Set: 0.9ms
[2022-04-28T05:37:28.414+0000][9][gc,phases   ] GC(2)   Other: 11.1ms
[2022-04-28T05:37:28.415+0000][9][gc,heap     ] GC(2) Eden regions: 7->0(30)
[2022-04-28T05:37:28.416+0000][9][gc,heap     ] GC(2) Survivor regions: 1->1(1)
[2022-04-28T05:37:28.416+0000][9][gc,heap     ] GC(2) Old regions: 2->2
[2022-04-28T05:37:28.418+0000][9][gc,heap     ] GC(2) Archive regions: 2->2
[2022-04-28T05:37:28.419+0000][9][gc,heap     ] GC(2) Humongous regions: 0->0
[2022-04-28T05:37:28.420+0000][9][gc,metaspace] GC(2) Metaspace: 14755K(14976K)->14755K(14976K) NonClass: 13002K(13120K)->13002K(13120K) Class: 1752K(1856K)->1752K(1856K)
[2022-04-28T05:37:28.421+0000][9][gc          ] GC(2) Pause Young (Normal) (G1 Evacuation Pause) 38M->11M(512M) 29.752ms
[2022-04-28T05:37:28.423+0000][9][gc,cpu      ] GC(2) User=0.01s Sys=0.01s Real=0.03s
[2022-04-28T05:37:28.424+0000][9][safepoint   ] Safepoint "G1CollectForAllocation", Time since last: 229905542 ns, Reaching safepoint: 515333 ns, At safepoint: 32164792 ns, Total: 32680125 ns
[2022-04-28T05:37:28.721+0000][9][safepoint   ] Safepoint "ICBufferFull", Time since last: 297056084 ns, Reaching safepoint: 119791 ns, At safepoint: 1750 ns, Total: 121541 ns
[2022-04-28T05:37:28.819+0000][9][safepoint   ] Safepoint "ICBufferFull", Time since last: 97775875 ns, Reaching safepoint: 794959 ns, At safepoint: 7791 ns, Total: 802750 ns
[2022-04-28T05:37:28.826+0000][9][safepoint   ] Safepoint "ICBufferFull", Time since last: 6965834 ns, Reaching safepoint: 28833 ns, At safepoint: 2625 ns, Total: 31458 ns
[2022-04-28T05:37:28.829+0000][9][safepoint   ] Safepoint "ICBufferFull", Time since last: 1559958 ns, Reaching safepoint: 560417 ns, At safepoint: 5042 ns, Total: 565459 ns
[2022-04-28T05:37:28.830+0000][9][safepoint   ] Safepoint "ICBufferFull", Time since last: 1163875 ns, Reaching safepoint: 130833 ns, At safepoint: 5000 ns, Total: 135833 ns
[2022-04-28T05:37:28.832+0000][9][safepoint   ] Safepoint "ICBufferFull", Time since last: 1933875 ns, Reaching safepoint: 147500 ns, At safepoint: 5000 ns, Total: 152500 ns
[2022-04-28T05:37:28.834+0000][9][safepoint   ] Safepoint "ICBufferFull", Time since last: 2256042 ns, Reaching safepoint: 32666 ns, At safepoint: 1334 ns, Total: 34000 ns
[2022-04-28T05:37:28.836+0000][9][safepoint   ] Safepoint "ICBufferFull", Time since last: 1355500 ns, Reaching safepoint: 244166 ns, At safepoint: 2417 ns, Total: 246583 ns
[2022-04-28T05:37:28.837+0000][9][safepoint   ] Safepoint "ICBufferFull", Time since last: 1523250 ns, Reaching safepoint: 100875 ns, At safepoint: 2875 ns, Total: 103750 ns
[2022-04-28T05:37:28.839+0000][9][safepoint   ] Safepoint "ICBufferFull", Time since last: 1252625 ns, Reaching safepoint: 31292 ns, At safepoint: 1500 ns, Total: 32792 ns
[2022-04-28T05:37:28.840+0000][9][safepoint   ] Safepoint "ICBufferFull", Time since last: 1119000 ns, Reaching safepoint: 41333 ns, At safepoint: 1458 ns, Total: 42791 ns
[2022-04-28T05:37:28.842+0000][9][safepoint   ] Safepoint "ICBufferFull", Time since last: 1361042 ns, Reaching safepoint: 310208 ns, At safepoint: 2042 ns, Total: 312250 ns
[2022-04-28T05:37:28.928+0000][9][gc,start    ] GC(3) Pause Young (Normal) (G1 Evacuation Pause)
[2022-04-28T05:37:28.929+0000][9][gc,task     ] GC(3) Using 5 workers of 5 for evacuation
[2022-04-28T05:37:28.931+0000][9][gc,age      ] GC(3) Desired survivor size 8388608 bytes, new threshold 15 (max threshold 15)
[2022-04-28T05:37:28.937+0000][9][gc,age      ] GC(3) Age table with threshold 15 (max threshold 15)
[2022-04-28T05:37:28.938+0000][9][gc,age      ] GC(3) - age   1:    2543552 bytes,    2543552 total
[2022-04-28T05:37:28.939+0000][9][gc,age      ] GC(3) - age   2:     923512 bytes,    3467064 total
[2022-04-28T05:37:28.940+0000][9][gc,age      ] GC(3) - age   3:    1944928 bytes,    5411992 total
[2022-04-28T05:37:28.941+0000][9][gc,phases   ] GC(3)   Pre Evacuate Collection Set: 0.3ms
[2022-04-28T05:37:28.942+0000][9][gc,phases   ] GC(3)   Merge Heap Roots: 0.0ms
[2022-04-28T05:37:28.943+0000][9][gc,phases   ] GC(3)   Evacuate Collection Set: 4.0ms
[2022-04-28T05:37:28.944+0000][9][gc,phases   ] GC(3)   Post Evacuate Collection Set: 0.4ms
[2022-04-28T05:37:28.945+0000][9][gc,phases   ] GC(3)   Other: 7.7ms
[2022-04-28T05:37:28.946+0000][9][gc,heap     ] GC(3) Eden regions: 30->0(74)
[2022-04-28T05:37:28.947+0000][9][gc,heap     ] GC(3) Survivor regions: 1->2(4)
[2022-04-28T05:37:28.948+0000][9][gc,heap     ] GC(3) Old regions: 2->2
[2022-04-28T05:37:28.949+0000][9][gc,heap     ] GC(3) Archive regions: 2->2
[2022-04-28T05:37:28.949+0000][9][gc,heap     ] GC(3) Humongous regions: 0->0
[2022-04-28T05:37:28.951+0000][9][gc,metaspace] GC(3) Metaspace: 17258K(17536K)->17258K(17536K) NonClass: 15213K(15360K)->15213K(15360K) Class: 2044K(2176K)->2044K(2176K)
[2022-04-28T05:37:28.952+0000][9][gc          ] GC(3) Pause Young (Normal) (G1 Evacuation Pause) 131M->13M(512M) 23.673ms
[2022-04-28T05:37:28.953+0000][9][gc,cpu      ] GC(3) User=0.01s Sys=0.01s Real=0.02s
[2022-04-28T05:37:28.954+0000][9][safepoint   ] Safepoint "G1CollectForAllocation", Time since last: 86400042 ns, Reaching safepoint: 419541 ns, At safepoint: 25464250 ns, Total: 25883791 ns
[2022-04-28T05:37:29.209+0000][9][safepoint   ] Safepoint "ICBufferFull", Time since last: 254980625 ns, Reaching safepoint: 206667 ns, At safepoint: 11042 ns, Total: 217709 ns
[2022-04-28T05:37:29.400+0000][9][gc,start    ] GC(4) Pause Young (Normal) (G1 Evacuation Pause)
[2022-04-28T05:37:29.400+0000][9][gc,task     ] GC(4) Using 5 workers of 5 for evacuation
[2022-04-28T05:37:29.401+0000][9][gc,age      ] GC(4) Desired survivor size 20971520 bytes, new threshold 15 (max threshold 15)
[2022-04-28T05:37:29.407+0000][9][gc,age      ] GC(4) Age table with threshold 15 (max threshold 15)
[2022-04-28T05:37:29.407+0000][9][gc,age      ] GC(4) - age   1:    5985520 bytes,    5985520 total
[2022-04-28T05:37:29.408+0000][9][gc,age      ] GC(4) - age   2:    2209616 bytes,    8195136 total
[2022-04-28T05:37:29.409+0000][9][gc,age      ] GC(4) - age   3:     923216 bytes,    9118352 total
[2022-04-28T05:37:29.410+0000][9][gc,age      ] GC(4) - age   4:    1944016 bytes,   11062368 total
[2022-04-28T05:37:29.411+0000][9][gc,phases   ] GC(4)   Pre Evacuate Collection Set: 0.0ms
[2022-04-28T05:37:29.412+0000][9][gc,phases   ] GC(4)   Merge Heap Roots: 0.0ms
[2022-04-28T05:37:29.413+0000][9][gc,phases   ] GC(4)   Evacuate Collection Set: 4.1ms
[2022-04-28T05:37:29.414+0000][9][gc,phases   ] GC(4)   Post Evacuate Collection Set: 0.7ms
[2022-04-28T05:37:29.415+0000][9][gc,phases   ] GC(4)   Other: 6.4ms
[2022-04-28T05:37:29.416+0000][9][gc,heap     ] GC(4) Eden regions: 74->0(73)
[2022-04-28T05:37:29.417+0000][9][gc,heap     ] GC(4) Survivor regions: 2->3(10)
[2022-04-28T05:37:29.419+0000][9][gc,heap     ] GC(4) Old regions: 2->2
[2022-04-28T05:37:29.419+0000][9][gc,heap     ] GC(4) Archive regions: 2->2
[2022-04-28T05:37:29.420+0000][9][gc,heap     ] GC(4) Humongous regions: 0->0
[2022-04-28T05:37:29.421+0000][9][gc,metaspace] GC(4) Metaspace: 18765K(19136K)->18765K(19136K) NonClass: 16480K(16704K)->16480K(16704K) Class: 2284K(2432K)->2284K(2432K)
[2022-04-28T05:37:29.422+0000][9][gc          ] GC(4) Pause Young (Normal) (G1 Evacuation Pause) 309M->19M(512M) 22.652ms
[2022-04-28T05:37:29.423+0000][9][gc,cpu      ] GC(4) User=0.02s Sys=0.01s Real=0.03s
[2022-04-28T05:37:29.424+0000][9][safepoint   ] Safepoint "G1CollectForAllocation", Time since last: 190471375 ns, Reaching safepoint: 92708 ns, At safepoint: 24679334 ns, Total: 24772042 ns
[2022-04-28T05:37:29.771+0000][9][gc,start    ] GC(5) Pause Young (Normal) (G1 Evacuation Pause)
[2022-04-28T05:37:29.772+0000][9][gc,task     ] GC(5) Using 5 workers of 5 for evacuation
[2022-04-28T05:37:29.774+0000][9][gc,age      ] GC(5) Desired survivor size 20971520 bytes, new threshold 15 (max threshold 15)
[2022-04-28T05:37:29.779+0000][9][gc,age      ] GC(5) Age table with threshold 15 (max threshold 15)
[2022-04-28T05:37:29.780+0000][9][gc,age      ] GC(5) - age   1:    1726000 bytes,    1726000 total
[2022-04-28T05:37:29.781+0000][9][gc,age      ] GC(5) - age   2:    5702368 bytes,    7428368 total
[2022-04-28T05:37:29.782+0000][9][gc,age      ] GC(5) - age   3:    2209152 bytes,    9637520 total
[2022-04-28T05:37:29.783+0000][9][gc,age      ] GC(5) - age   4:     922944 bytes,   10560464 total
[2022-04-28T05:37:29.784+0000][9][gc,age      ] GC(5) - age   5:    1943952 bytes,   12504416 total
[2022-04-28T05:37:29.785+0000][9][gc,phases   ] GC(5)   Pre Evacuate Collection Set: 0.1ms
[2022-04-28T05:37:29.786+0000][9][gc,phases   ] GC(5)   Merge Heap Roots: 0.2ms
[2022-04-28T05:37:29.787+0000][9][gc,phases   ] GC(5)   Evacuate Collection Set: 3.9ms
[2022-04-28T05:37:29.788+0000][9][gc,phases   ] GC(5)   Post Evacuate Collection Set: 0.6ms
[2022-04-28T05:37:29.789+0000][9][gc,phases   ] GC(5)   Other: 8.9ms
[2022-04-28T05:37:29.790+0000][9][gc,heap     ] GC(5) Eden regions: 73->0(72)
[2022-04-28T05:37:29.792+0000][9][gc,heap     ] GC(5) Survivor regions: 3->4(10)
[2022-04-28T05:37:29.792+0000][9][gc,heap     ] GC(5) Old regions: 2->2
[2022-04-28T05:37:29.793+0000][9][gc,heap     ] GC(5) Archive regions: 2->2
[2022-04-28T05:37:29.794+0000][9][gc,heap     ] GC(5) Humongous regions: 0->0
[2022-04-28T05:37:29.795+0000][9][gc,metaspace] GC(5) Metaspace: 19661K(20160K)->19661K(20160K) NonClass: 17243K(17536K)->17243K(17536K) Class: 2417K(2624K)->2417K(2624K)
[2022-04-28T05:37:29.797+0000][9][gc          ] GC(5) Pause Young (Normal) (G1 Evacuation Pause) 311M->20M(512M) 25.481ms
[2022-04-28T05:37:29.798+0000][9][gc,cpu      ] GC(5) User=0.01s Sys=0.00s Real=0.03s
[2022-04-28T05:37:29.799+0000][9][safepoint   ] Safepoint "G1CollectForAllocation", Time since last: 346572083 ns, Reaching safepoint: 139500 ns, At safepoint: 27704875 ns, Total: 27844375 ns
[2022-04-28T05:37:30.033+0000][9][safepoint   ] Safepoint "ICBufferFull", Time since last: 234245125 ns, Reaching safepoint: 522750 ns, At safepoint: 5542 ns, Total: 528292 ns
[2022-04-28T05:37:30.190+0000][9][gc,start    ] GC(6) Pause Young (Normal) (G1 Evacuation Pause)
[2022-04-28T05:37:30.191+0000][9][gc,task     ] GC(6) Using 5 workers of 5 for evacuation
[2022-04-28T05:37:30.192+0000][9][gc,age      ] GC(6) Desired survivor size 20971520 bytes, new threshold 15 (max threshold 15)
[2022-04-28T05:37:30.198+0000][9][gc,age      ] GC(6) Age table with threshold 15 (max threshold 15)
[2022-04-28T05:37:30.198+0000][9][gc,age      ] GC(6) - age   1:    2362728 bytes,    2362728 total
[2022-04-28T05:37:30.200+0000][9][gc,age      ] GC(6) - age   2:     700232 bytes,    3062960 total
[2022-04-28T05:37:30.201+0000][9][gc,age      ] GC(6) - age   3:    5697336 bytes,    8760296 total
[2022-04-28T05:37:30.202+0000][9][gc,age      ] GC(6) - age   4:    2207632 bytes,   10967928 total
[2022-04-28T05:37:30.202+0000][9][gc,age      ] GC(6) - age   5:     922264 bytes,   11890192 total
[2022-04-28T05:37:30.203+0000][9][gc,age      ] GC(6) - age   6:    1943648 bytes,   13833840 total
[2022-04-28T05:37:30.204+0000][9][gc,phases   ] GC(6)   Pre Evacuate Collection Set: 0.0ms
[2022-04-28T05:37:30.206+0000][9][gc,phases   ] GC(6)   Merge Heap Roots: 0.1ms
[2022-04-28T05:37:30.207+0000][9][gc,phases   ] GC(6)   Evacuate Collection Set: 3.4ms
[2022-04-28T05:37:30.207+0000][9][gc,phases   ] GC(6)   Post Evacuate Collection Set: 1.0ms
[2022-04-28T05:37:30.208+0000][9][gc,phases   ] GC(6)   Other: 10.0ms
[2022-04-28T05:37:30.209+0000][9][gc,heap     ] GC(6) Eden regions: 72->0(72)
[2022-04-28T05:37:30.210+0000][9][gc,heap     ] GC(6) Survivor regions: 4->4(10)
[2022-04-28T05:37:30.211+0000][9][gc,heap     ] GC(6) Old regions: 2->2
[2022-04-28T05:37:30.211+0000][9][gc,heap     ] GC(6) Archive regions: 2->2
[2022-04-28T05:37:30.212+0000][9][gc,heap     ] GC(6) Humongous regions: 0->0
[2022-04-28T05:37:30.213+0000][9][gc,metaspace] GC(6) Metaspace: 20839K(21312K)->20839K(21312K) NonClass: 18261K(18560K)->18261K(18560K) Class: 2578K(2752K)->2578K(2752K)
[2022-04-28T05:37:30.214+0000][9][gc          ] GC(6) Pause Young (Normal) (G1 Evacuation Pause) 308M->22M(512M) 23.926ms
[2022-04-28T05:37:30.215+0000][9][gc,cpu      ] GC(6) User=0.01s Sys=0.00s Real=0.03s
[2022-04-28T05:37:30.216+0000][9][safepoint   ] Safepoint "G1CollectForAllocation", Time since last: 156316458 ns, Reaching safepoint: 72167 ns, At safepoint: 25734208 ns, Total: 25806375 ns
[2022-04-28T05:37:30.486+0000][9][gc,start    ] GC(7) Pause Young (Concurrent Start) (Metadata GC Threshold)
[2022-04-28T05:37:30.488+0000][9][gc,task     ] GC(7) Using 5 workers of 5 for evacuation
[2022-04-28T05:37:30.489+0000][9][gc,age      ] GC(7) Desired survivor size 20971520 bytes, new threshold 15 (max threshold 15)
[2022-04-28T05:37:30.495+0000][9][gc,age      ] GC(7) Age table with threshold 15 (max threshold 15)
[2022-04-28T05:37:30.496+0000][9][gc,age      ] GC(7) - age   1:     806272 bytes,     806272 total
[2022-04-28T05:37:30.497+0000][9][gc,age      ] GC(7) - age   2:    2177008 bytes,    2983280 total
[2022-04-28T05:37:30.498+0000][9][gc,age      ] GC(7) - age   3:     699368 bytes,    3682648 total
[2022-04-28T05:37:30.498+0000][9][gc,age      ] GC(7) - age   4:    5696288 bytes,    9378936 total
[2022-04-28T05:37:30.499+0000][9][gc,age      ] GC(7) - age   5:    2207552 bytes,   11586488 total
[2022-04-28T05:37:30.501+0000][9][gc,age      ] GC(7) - age   6:     922264 bytes,   12508752 total
[2022-04-28T05:37:30.501+0000][9][gc,age      ] GC(7) - age   7:    1943648 bytes,   14452400 total
[2022-04-28T05:37:30.503+0000][9][gc,phases   ] GC(7)   Pre Evacuate Collection Set: 0.5ms
[2022-04-28T05:37:30.504+0000][9][gc,phases   ] GC(7)   Merge Heap Roots: 0.1ms
[2022-04-28T05:37:30.504+0000][9][gc,phases   ] GC(7)   Evacuate Collection Set: 3.6ms
[2022-04-28T05:37:30.505+0000][9][gc,phases   ] GC(7)   Post Evacuate Collection Set: 0.8ms
[2022-04-28T05:37:30.506+0000][9][gc,phases   ] GC(7)   Other: 11.7ms
[2022-04-28T05:37:30.507+0000][9][gc,heap     ] GC(7) Eden regions: 57->0(72)
[2022-04-28T05:37:30.507+0000][9][gc,heap     ] GC(7) Survivor regions: 4->4(10)
[2022-04-28T05:37:30.508+0000][9][gc,heap     ] GC(7) Old regions: 2->2
[2022-04-28T05:37:30.509+0000][9][gc,heap     ] GC(7) Archive regions: 2->2
[2022-04-28T05:37:30.509+0000][9][gc,heap     ] GC(7) Humongous regions: 0->0
[2022-04-28T05:37:30.510+0000][9][gc,metaspace] GC(7) Metaspace: 20990K(21504K)->20990K(21504K) NonClass: 18383K(18688K)->18383K(18688K) Class: 2607K(2816K)->2607K(2816K)
[2022-04-28T05:37:30.510+0000][9][gc          ] GC(7) Pause Young (Concurrent Start) (Metadata GC Threshold) 248M->22M(512M) 24.157ms
[2022-04-28T05:37:30.511+0000][9][gc,cpu      ] GC(7) User=0.01s Sys=0.01s Real=0.02s
[2022-04-28T05:37:30.512+0000][9][gc          ] GC(8) Concurrent Mark Cycle
[2022-04-28T05:37:30.513+0000][9][gc,marking  ] GC(8) Concurrent Clear Claimed Marks
[2022-04-28T05:37:30.512+0000][9][safepoint   ] Safepoint "CollectForMetadataAllocation", Time since last: 270609167 ns, Reaching safepoint: 103667 ns, At safepoint: 25844333 ns, Total: 25948000 ns
[2022-04-28T05:37:30.513+0000][9][gc,marking  ] GC(8) Concurrent Clear Claimed Marks 0.690ms
[2022-04-28T05:37:30.515+0000][9][gc,marking  ] GC(8) Concurrent Scan Root Regions
[2022-04-28T05:37:30.519+0000][9][gc,marking  ] GC(8) Concurrent Scan Root Regions 3.755ms
[2022-04-28T05:37:30.520+0000][9][gc,marking  ] GC(8) Concurrent Mark
[2022-04-28T05:37:30.521+0000][9][gc,marking  ] GC(8) Concurrent Mark From Roots
[2022-04-28T05:37:30.522+0000][9][gc,task     ] GC(8) Using 1 workers of 1 for marking
[2022-04-28T05:37:30.526+0000][9][gc,marking  ] GC(8) Concurrent Mark From Roots 4.611ms
[2022-04-28T05:37:30.527+0000][9][gc,marking  ] GC(8) Concurrent Preclean
[2022-04-28T05:37:30.528+0000][9][gc,marking  ] GC(8) Concurrent Preclean 1.523ms
[2022-04-28T05:37:30.530+0000][9][gc,start    ] GC(8) Pause Remark
[2022-04-28T05:37:30.533+0000][9][gc          ] GC(8) Pause Remark 26M->26M(512M) 3.542ms
[2022-04-28T05:37:30.534+0000][9][gc,cpu      ] GC(8) User=0.01s Sys=0.00s Real=0.01s
[2022-04-28T05:37:30.535+0000][9][safepoint   ] Safepoint "G1Concurrent", Time since last: 17230375 ns, Reaching safepoint: 127583 ns, At safepoint: 5428334 ns, Total: 5555917 ns
[2022-04-28T05:37:30.536+0000][9][gc,marking  ] GC(8) Concurrent Mark 15.520ms
[2022-04-28T05:37:30.537+0000][9][gc,marking  ] GC(8) Concurrent Rebuild Remembered Sets
[2022-04-28T05:37:30.540+0000][9][gc,marking  ] GC(8) Concurrent Rebuild Remembered Sets 3.016ms
[2022-04-28T05:37:30.541+0000][9][gc,start    ] GC(8) Pause Cleanup
[2022-04-28T05:37:30.542+0000][9][gc          ] GC(8) Pause Cleanup 26M->26M(512M) 0.634ms
[2022-04-28T05:37:30.543+0000][9][gc,cpu      ] GC(8) User=0.00s Sys=0.00s Real=0.00s
[2022-04-28T05:37:30.543+0000][9][safepoint   ] Safepoint "G1Concurrent", Time since last: 5824833 ns, Reaching safepoint: 294375 ns, At safepoint: 2316375 ns, Total: 2610750 ns
[2022-04-28T05:37:30.544+0000][9][gc,marking  ] GC(8) Concurrent Cleanup for Next Mark
[2022-04-28T05:37:30.545+0000][9][gc,marking  ] GC(8) Concurrent Cleanup for Next Mark 1.009ms
[2022-04-28T05:37:30.546+0000][9][gc          ] GC(8) Concurrent Mark Cycle 33.751ms
[2022-04-28T05:37:31.083+0000][9][safepoint   ] Safepoint "ICBufferFull", Time since last: 539276917 ns, Reaching safepoint: 151500 ns, At safepoint: 11708 ns, Total: 163208 ns
[2022-04-28T05:37:31.183+0000][9][safepoint   ] Safepoint "ICBufferFull", Time since last: 99955750 ns, Reaching safepoint: 104125 ns, At safepoint: 3125 ns, Total: 107250 ns
[2022-04-28T05:37:31.185+0000][9][safepoint   ] Safepoint "ICBufferFull", Time since last: 2417667 ns, Reaching safepoint: 169917 ns, At safepoint: 8333 ns, Total: 178250 ns
[2022-04-28T05:37:31.187+0000][9][safepoint   ] Safepoint "ICBufferFull", Time since last: 1298583 ns, Reaching safepoint: 74667 ns, At safepoint: 1583 ns, Total: 76250 ns
[2022-04-28T05:37:31.189+0000][9][safepoint   ] Safepoint "ICBufferFull", Time since last: 1642417 ns, Reaching safepoint: 94458 ns, At safepoint: 3459 ns, Total: 97917 ns
[2022-04-28T05:37:31.190+0000][9][safepoint   ] Safepoint "ICBufferFull", Time since last: 1150166 ns, Reaching safepoint: 204542 ns, At safepoint: 4417 ns, Total: 208959 ns
[2022-04-28T05:37:31.192+0000][9][safepoint   ] Safepoint "ICBufferFull", Time since last: 1686125 ns, Reaching safepoint: 57375 ns, At safepoint: 2875 ns, Total: 60250 ns
[2022-04-28T05:37:31.193+0000][9][safepoint   ] Safepoint "ICBufferFull", Time since last: 1160958 ns, Reaching safepoint: 102458 ns, At safepoint: 3792 ns, Total: 106250 ns
[2022-04-28T05:37:31.203+0000][9][safepoint   ] Safepoint "ICBufferFull", Time since last: 9470792 ns, Reaching safepoint: 240958 ns, At safepoint: 11292 ns, Total: 252250 ns
[2022-04-28T05:37:31.205+0000][9][safepoint   ] Safepoint "ICBufferFull", Time since last: 1737666 ns, Reaching safepoint: 121000 ns, At safepoint: 2917 ns, Total: 123917 ns
[2022-04-28T05:37:31.206+0000][9][safepoint   ] Safepoint "ICBufferFull", Time since last: 1155917 ns, Reaching safepoint: 29833 ns, At safepoint: 958 ns, Total: 30791 ns
[2022-04-28T05:37:31.207+0000][9][safepoint   ] Safepoint "ICBufferFull", Time since last: 925875 ns, Reaching safepoint: 50542 ns, At safepoint: 1083 ns, Total: 51625 ns
[2022-04-28T05:37:31.227+0000][9][safepoint   ] Safepoint "ICBufferFull", Time since last: 19815709 ns, Reaching safepoint: 86500 ns, At safepoint: 3458 ns, Total: 89958 ns
[2022-04-28T05:37:31.233+0000][9][safepoint   ] Safepoint "ICBufferFull", Time since last: 5857125 ns, Reaching safepoint: 94250 ns, At safepoint: 24625 ns, Total: 118875 ns
[2022-04-28T05:37:31.235+0000][9][safepoint   ] Safepoint "ICBufferFull", Time since last: 2487458 ns, Reaching safepoint: 122709 ns, At safepoint: 2875 ns, Total: 125584 ns
[2022-04-28T05:37:31.237+0000][9][safepoint   ] Safepoint "ICBufferFull", Time since last: 1272041 ns, Reaching safepoint: 163959 ns, At safepoint: 4000 ns, Total: 167959 ns
[2022-04-28T05:37:31.241+0000][9][safepoint   ] Safepoint "ICBufferFull", Time since last: 3926375 ns, Reaching safepoint: 88541 ns, At safepoint: 4334 ns, Total: 92875 ns
[2022-04-28T05:37:31.258+0000][9][safepoint   ] Safepoint "ICBufferFull", Time since last: 16699791 ns, Reaching safepoint: 221084 ns, At safepoint: 6250 ns, Total: 227334 ns
[2022-04-28T05:37:31.476+0000][9][safepoint   ] Safepoint "ICBufferFull", Time since last: 218452833 ns, Reaching safepoint: 215834 ns, At safepoint: 3125 ns, Total: 218959 ns
[2022-04-28T05:37:31.760+0000][9][safepoint   ] Safepoint "ICBufferFull", Time since last: 283955250 ns, Reaching safepoint: 244125 ns, At safepoint: 10541 ns, Total: 254666 ns
[2022-04-28T05:37:31.983+0000][9][safepoint   ] Safepoint "ICBufferFull", Time since last: 222357959 ns, Reaching safepoint: 147750 ns, At safepoint: 3166 ns, Total: 150916 ns
[2022-04-28T05:37:32.054+0000][9][safepoint   ] Safepoint "ICBufferFull", Time since last: 70730542 ns, Reaching safepoint: 146292 ns, At safepoint: 2791 ns, Total: 149083 ns
[2022-04-28T05:37:32.200+0000][9][gc,start    ] GC(9) Pause Young (Concurrent Start) (Metadata GC Threshold)
[2022-04-28T05:37:32.201+0000][9][gc,task     ] GC(9) Using 5 workers of 5 for evacuation
[2022-04-28T05:37:32.202+0000][9][gc,age      ] GC(9) Desired survivor size 20971520 bytes, new threshold 15 (max threshold 15)
[2022-04-28T05:37:32.231+0000][9][gc,age      ] GC(9) Age table with threshold 15 (max threshold 15)
[2022-04-28T05:37:32.232+0000][9][gc,age      ] GC(9) - age   1:   27211488 bytes,   27211488 total
[2022-04-28T05:37:32.234+0000][9][gc,age      ] GC(9) - age   2:     780728 bytes,   27992216 total
[2022-04-28T05:37:32.235+0000][9][gc,age      ] GC(9) - age   3:    2143992 bytes,   30136208 total
[2022-04-28T05:37:32.236+0000][9][gc,age      ] GC(9) - age   4:     684016 bytes,   30820224 total
[2022-04-28T05:37:32.237+0000][9][gc,age      ] GC(9) - age   5:    5656280 bytes,   36476504 total
[2022-04-28T05:37:32.238+0000][9][gc,age      ] GC(9) - age   6:    2129184 bytes,   38605688 total
[2022-04-28T05:37:32.238+0000][9][gc,age      ] GC(9) - age   7:     889712 bytes,   39495400 total
[2022-04-28T05:37:32.239+0000][9][gc,age      ] GC(9) - age   8:    1936376 bytes,   41431776 total
[2022-04-28T05:37:32.240+0000][9][gc,phases   ] GC(9)   Pre Evacuate Collection Set: 0.3ms
[2022-04-28T05:37:32.240+0000][9][gc,phases   ] GC(9)   Merge Heap Roots: 0.1ms
[2022-04-28T05:37:32.241+0000][9][gc,phases   ] GC(9)   Evacuate Collection Set: 26.4ms
[2022-04-28T05:37:32.241+0000][9][gc,phases   ] GC(9)   Post Evacuate Collection Set: 1.4ms
[2022-04-28T05:37:32.242+0000][9][gc,phases   ] GC(9)   Other: 11.7ms
[2022-04-28T05:37:32.243+0000][9][gc,heap     ] GC(9) Eden regions: 70->0(66)
[2022-04-28T05:37:32.243+0000][9][gc,heap     ] GC(9) Survivor regions: 4->10(10)
[2022-04-28T05:37:32.244+0000][9][gc,heap     ] GC(9) Old regions: 2->2
[2022-04-28T05:37:32.245+0000][9][gc,heap     ] GC(9) Archive regions: 2->2
[2022-04-28T05:37:32.246+0000][9][gc,heap     ] GC(9) Humongous regions: 0->0
[2022-04-28T05:37:32.247+0000][9][gc,metaspace] GC(9) Metaspace: 35068K(35968K)->35068K(35968K) NonClass: 30423K(30976K)->30423K(30976K) Class: 4644K(4992K)->4644K(4992K)
[2022-04-28T05:37:32.247+0000][9][gc          ] GC(9) Pause Young (Concurrent Start) (Metadata GC Threshold) 302M->48M(512M) 47.559ms
[2022-04-28T05:37:32.248+0000][9][gc,cpu      ] GC(9) User=0.08s Sys=0.00s Real=0.05s
[2022-04-28T05:37:32.249+0000][9][gc          ] GC(10) Concurrent Mark Cycle
[2022-04-28T05:37:32.249+0000][9][gc,marking  ] GC(10) Concurrent Clear Claimed Marks
[2022-04-28T05:37:32.250+0000][9][gc,marking  ] GC(10) Concurrent Clear Claimed Marks 0.644ms
[2022-04-28T05:37:32.251+0000][9][gc,marking  ] GC(10) Concurrent Scan Root Regions
[2022-04-28T05:37:32.249+0000][9][safepoint   ] Safepoint "CollectForMetadataAllocation", Time since last: 145698584 ns, Reaching safepoint: 190792 ns, At safepoint: 49332375 ns, Total: 49523167 ns
[2022-04-28T05:37:32.264+0000][9][safepoint   ] Safepoint "CollectForMetadataAllocation", Time since last: 14306666 ns, Reaching safepoint: 129167 ns, At safepoint: 67875 ns, Total: 197042 ns
[2022-04-28T05:37:32.266+0000][9][gc,marking  ] GC(10) Concurrent Scan Root Regions 15.626ms
[2022-04-28T05:37:32.267+0000][9][gc,marking  ] GC(10) Concurrent Mark
[2022-04-28T05:37:32.268+0000][9][gc,marking  ] GC(10) Concurrent Mark From Roots
[2022-04-28T05:37:32.268+0000][9][gc,task     ] GC(10) Using 1 workers of 1 for marking
[2022-04-28T05:37:32.272+0000][9][gc,marking  ] GC(10) Concurrent Mark From Roots 4.487ms
[2022-04-28T05:37:32.273+0000][9][gc,marking  ] GC(10) Concurrent Preclean
[2022-04-28T05:37:32.274+0000][9][gc,marking  ] GC(10) Concurrent Preclean 0.995ms
[2022-04-28T05:37:32.275+0000][9][gc,start    ] GC(10) Pause Remark
[2022-04-28T05:37:32.281+0000][9][gc          ] GC(10) Pause Remark 52M->52M(512M) 5.213ms
[2022-04-28T05:37:32.282+0000][9][gc,cpu      ] GC(10) User=0.01s Sys=0.00s Real=0.00s
[2022-04-28T05:37:32.282+0000][9][safepoint   ] Safepoint "G1Concurrent", Time since last: 11471917 ns, Reaching safepoint: 446458 ns, At safepoint: 6881458 ns, Total: 7327916 ns
[2022-04-28T05:37:32.283+0000][9][gc,marking  ] GC(10) Concurrent Mark 16.148ms
[2022-04-28T05:37:32.284+0000][9][gc,marking  ] GC(10) Concurrent Rebuild Remembered Sets
[2022-04-28T05:37:32.287+0000][9][gc,marking  ] GC(10) Concurrent Rebuild Remembered Sets 3.486ms
[2022-04-28T05:37:32.288+0000][9][gc,start    ] GC(10) Pause Cleanup
[2022-04-28T05:37:32.289+0000][9][gc          ] GC(10) Pause Cleanup 52M->52M(512M) 0.746ms
[2022-04-28T05:37:32.291+0000][9][gc,cpu      ] GC(10) User=0.00s Sys=0.00s Real=0.00s
[2022-04-28T05:37:32.291+0000][9][safepoint   ] Safepoint "G1Concurrent", Time since last: 5823917 ns, Reaching safepoint: 289458 ns, At safepoint: 2777500 ns, Total: 3066958 ns
[2022-04-28T05:37:32.292+0000][9][gc,marking  ] GC(10) Concurrent Cleanup for Next Mark
[2022-04-28T05:37:32.293+0000][9][gc,marking  ] GC(10) Concurrent Cleanup for Next Mark 1.003ms
[2022-04-28T05:37:32.294+0000][9][gc          ] GC(10) Concurrent Mark Cycle 45.279ms
[2022-04-28T05:37:32.412+0000][9][safepoint   ] Safepoint "ICBufferFull", Time since last: 121038917 ns, Reaching safepoint: 145958 ns, At safepoint: 5167 ns, Total: 151125 ns
[2022-04-28T05:37:32.827+0000][9][safepoint   ] Safepoint "ICBufferFull", Time since last: 414077667 ns, Reaching safepoint: 183208 ns, At safepoint: 14042 ns, Total: 197250 ns
[2022-04-28T05:37:33.117+0000][9][safepoint   ] Safepoint "ICBufferFull", Time since last: 290219167 ns, Reaching safepoint: 190458 ns, At safepoint: 4750 ns, Total: 195208 ns
[2022-04-28T05:37:33.198+0000][9][gc,start    ] GC(11) Pause Young (Concurrent Start) (G1 Evacuation Pause)
[2022-04-28T05:37:33.200+0000][9][gc,task     ] GC(11) Using 5 workers of 5 for evacuation
[2022-04-28T05:37:33.201+0000][9][gc,age      ] GC(11) Desired survivor size 20971520 bytes, new threshold 1 (max threshold 15)
[2022-04-28T05:37:33.226+0000][9][gc,age      ] GC(11) Age table with threshold 1 (max threshold 15)
[2022-04-28T05:37:33.227+0000][9][gc,age      ] GC(11) - age   1:    6126792 bytes,    6126792 total
[2022-04-28T05:37:33.229+0000][9][gc,phases   ] GC(11)   Pre Evacuate Collection Set: 0.3ms
[2022-04-28T05:37:33.230+0000][9][gc,phases   ] GC(11)   Merge Heap Roots: 0.2ms
[2022-04-28T05:37:33.231+0000][9][gc,phases   ] GC(11)   Evacuate Collection Set: 22.9ms
[2022-04-28T05:37:33.232+0000][9][gc,phases   ] GC(11)   Post Evacuate Collection Set: 1.2ms
[2022-04-28T05:37:33.232+0000][9][gc,phases   ] GC(11)   Other: 6.0ms
[2022-04-28T05:37:33.233+0000][9][gc,heap     ] GC(11) Eden regions: 66->0(73)
[2022-04-28T05:37:33.234+0000][9][gc,heap     ] GC(11) Survivor regions: 10->3(10)
[2022-04-28T05:37:33.234+0000][9][gc,heap     ] GC(11) Old regions: 2->11
[2022-04-28T05:37:33.235+0000][9][gc,heap     ] GC(11) Archive regions: 2->2
[2022-04-28T05:37:33.236+0000][9][gc,heap     ] GC(11) Humongous regions: 0->0
[2022-04-28T05:37:33.237+0000][9][gc,metaspace] GC(11) Metaspace: 52202K(53440K)->52202K(53440K) NonClass: 45127K(45888K)->45127K(45888K) Class: 7075K(7552K)->7075K(7552K)
[2022-04-28T05:37:33.237+0000][9][gc          ] GC(11) Pause Young (Concurrent Start) (G1 Evacuation Pause) 312M->56M(512M) 39.383ms
[2022-04-28T05:37:33.238+0000][9][gc,cpu      ] GC(11) User=0.10s Sys=0.00s Real=0.04s
[2022-04-28T05:37:33.240+0000][9][safepoint   ] Safepoint "G1CollectForAllocation", Time since last: 80792958 ns, Reaching safepoint: 121625 ns, At safepoint: 41580792 ns, Total: 41702417 ns
[2022-04-28T05:37:33.240+0000][9][gc          ] GC(12) Concurrent Mark Cycle
[2022-04-28T05:37:33.242+0000][9][gc,marking  ] GC(12) Concurrent Clear Claimed Marks
[2022-04-28T05:37:33.242+0000][9][gc,marking  ] GC(12) Concurrent Clear Claimed Marks 0.894ms
[2022-04-28T05:37:33.243+0000][9][gc,marking  ] GC(12) Concurrent Scan Root Regions
[2022-04-28T05:37:33.263+0000][9][gc,marking  ] GC(12) Concurrent Scan Root Regions 19.217ms
[2022-04-28T05:37:33.264+0000][9][gc,marking  ] GC(12) Concurrent Mark
[2022-04-28T05:37:33.266+0000][9][gc,marking  ] GC(12) Concurrent Mark From Roots
[2022-04-28T05:37:33.267+0000][9][gc,task     ] GC(12) Using 1 workers of 1 for marking
[2022-04-28T05:37:33.271+0000][9][gc,marking  ] GC(12) Concurrent Mark From Roots 5.817ms
[2022-04-28T05:37:33.272+0000][9][gc,marking  ] GC(12) Concurrent Preclean
[2022-04-28T05:37:33.273+0000][9][gc,marking  ] GC(12) Concurrent Preclean 0.880ms
[2022-04-28T05:37:33.274+0000][9][gc,start    ] GC(12) Pause Remark
[2022-04-28T05:37:33.280+0000][9][gc          ] GC(12) Pause Remark 68M->68M(512M) 5.315ms
[2022-04-28T05:37:33.281+0000][9][gc,cpu      ] GC(12) User=0.01s Sys=0.01s Real=0.00s
[2022-04-28T05:37:33.282+0000][9][safepoint   ] Safepoint "G1Concurrent", Time since last: 34428083 ns, Reaching safepoint: 198375 ns, At safepoint: 7690709 ns, Total: 7889084 ns
[2022-04-28T05:37:33.283+0000][9][gc,marking  ] GC(12) Concurrent Mark 19.048ms
[2022-04-28T05:37:33.283+0000][9][gc,marking  ] GC(12) Concurrent Rebuild Remembered Sets
[2022-04-28T05:37:33.284+0000][9][gc,marking  ] GC(12) Concurrent Rebuild Remembered Sets 0.484ms
[2022-04-28T05:37:33.285+0000][9][gc,start    ] GC(12) Pause Cleanup
[2022-04-28T05:37:33.286+0000][9][gc          ] GC(12) Pause Cleanup 70M->70M(512M) 0.793ms
[2022-04-28T05:37:33.286+0000][9][gc,cpu      ] GC(12) User=0.00s Sys=0.00s Real=0.00s
[2022-04-28T05:37:33.287+0000][9][safepoint   ] Safepoint "G1Concurrent", Time since last: 2662500 ns, Reaching safepoint: 106625 ns, At safepoint: 2055583 ns, Total: 2162208 ns
[2022-04-28T05:37:33.288+0000][9][gc,marking  ] GC(12) Concurrent Cleanup for Next Mark
[2022-04-28T05:37:33.290+0000][9][gc,marking  ] GC(12) Concurrent Cleanup for Next Mark 1.394ms
[2022-04-28T05:37:33.291+0000][9][gc          ] GC(12) Concurrent Mark Cycle 50.814ms
[2022-04-28T05:37:33.520+0000][9][safepoint   ] Safepoint "ICBufferFull", Time since last: 232899584 ns, Reaching safepoint: 195583 ns, At safepoint: 8500 ns, Total: 204083 ns
[2022-04-28T05:37:33.776+0000][9][safepoint   ] Safepoint "ICBufferFull", Time since last: 255324000 ns, Reaching safepoint: 578542 ns, At safepoint: 3083 ns, Total: 581625 ns
[2022-04-28T05:37:34.218+0000][9][safepoint   ] Safepoint "ICBufferFull", Time since last: 442275500 ns, Reaching safepoint: 302292 ns, At safepoint: 4833 ns, Total: 307125 ns
[2022-04-28T05:37:34.336+0000][9][safepoint   ] Safepoint "ICBufferFull", Time since last: 117178917 ns, Reaching safepoint: 169917 ns, At safepoint: 3125 ns, Total: 173042 ns
[2022-04-28T05:37:34.735+0000][9][safepoint   ] Safepoint "ICBufferFull", Time since last: 399170625 ns, Reaching safepoint: 172958 ns, At safepoint: 2917 ns, Total: 175875 ns
[2022-04-28T05:37:34.966+0000][9][safepoint   ] Safepoint "ICBufferFull", Time since last: 230210542 ns, Reaching safepoint: 286291 ns, At safepoint: 3250 ns, Total: 289541 ns
[2022-04-28T05:37:35.006+0000][9][gc,start    ] GC(13) Pause Young (Normal) (G1 Evacuation Pause)
[2022-04-28T05:37:35.007+0000][9][gc,task     ] GC(13) Using 5 workers of 5 for evacuation
[2022-04-28T05:37:35.008+0000][9][gc,age      ] GC(13) Desired survivor size 20971520 bytes, new threshold 15 (max threshold 15)
[2022-04-28T05:37:35.029+0000][9][gc,age      ] GC(13) Age table with threshold 15 (max threshold 15)
[2022-04-28T05:37:35.030+0000][9][gc,age      ] GC(13) - age   1:   13694560 bytes,   13694560 total
[2022-04-28T05:37:35.031+0000][9][gc,age      ] GC(13) - age   2:    5904080 bytes,   19598640 total
[2022-04-28T05:37:35.032+0000][9][gc,phases   ] GC(13)   Pre Evacuate Collection Set: 0.2ms
[2022-04-28T05:37:35.033+0000][9][gc,phases   ] GC(13)   Merge Heap Roots: 0.2ms
[2022-04-28T05:37:35.033+0000][9][gc,phases   ] GC(13)   Evacuate Collection Set: 17.2ms
[2022-04-28T05:37:35.034+0000][9][gc,phases   ] GC(13)   Post Evacuate Collection Set: 2.0ms
[2022-04-28T05:37:35.034+0000][9][gc,phases   ] GC(13)   Other: 6.1ms
[2022-04-28T05:37:35.035+0000][9][gc,heap     ] GC(13) Eden regions: 73->0(71)
[2022-04-28T05:37:35.036+0000][9][gc,heap     ] GC(13) Survivor regions: 3->5(10)
[2022-04-28T05:37:35.037+0000][9][gc,heap     ] GC(13) Old regions: 11->11
[2022-04-28T05:37:35.037+0000][9][gc,heap     ] GC(13) Archive regions: 2->2
[2022-04-28T05:37:35.038+0000][9][gc,heap     ] GC(13) Humongous regions: 0->0
[2022-04-28T05:37:35.038+0000][9][gc,metaspace] GC(13) Metaspace: 84601K(86016K)->84601K(86016K) NonClass: 72878K(73664K)->72878K(73664K) Class: 11723K(12352K)->11723K(12352K)
[2022-04-28T05:37:35.039+0000][9][gc          ] GC(13) Pause Young (Normal) (G1 Evacuation Pause) 348M->67M(512M) 32.981ms
[2022-04-28T05:37:35.041+0000][9][gc,cpu      ] GC(13) User=0.05s Sys=0.00s Real=0.03s
[2022-04-28T05:37:35.043+0000][9][safepoint   ] Safepoint "G1CollectForAllocation", Time since last: 40393125 ns, Reaching safepoint: 196792 ns, At safepoint: 36512375 ns, Total: 36709167 ns
[2022-04-28T05:37:35.145+0000][9][safepoint   ] Safepoint "ICBufferFull", Time since last: 101674000 ns, Reaching safepoint: 206292 ns, At safepoint: 13166 ns, Total: 219458 ns
[2022-04-28T05:37:35.173+0000][9][safepoint   ] Safepoint "ICBufferFull", Time since last: 27967209 ns, Reaching safepoint: 214791 ns, At safepoint: 3542 ns, Total: 218333 ns
[2022-04-28T05:37:35.214+0000][9][safepoint   ] Safepoint "ICBufferFull", Time since last: 40623375 ns, Reaching safepoint: 254292 ns, At safepoint: 3750 ns, Total: 258042 ns
[2022-04-28T05:37:35.255+0000][9][safepoint   ] Safepoint "ICBufferFull", Time since last: 41323750 ns, Reaching safepoint: 184791 ns, At safepoint: 3084 ns, Total: 187875 ns
[2022-04-28T05:37:35.603+0000][9][gc,start    ] GC(14) Pause Young (Concurrent Start) (Metadata GC Threshold)
[2022-04-28T05:37:35.604+0000][9][gc,task     ] GC(14) Using 5 workers of 5 for evacuation
[2022-04-28T05:37:35.605+0000][9][gc,age      ] GC(14) Desired survivor size 20971520 bytes, new threshold 15 (max threshold 15)
[2022-04-28T05:37:35.616+0000][9][gc,age      ] GC(14) Age table with threshold 15 (max threshold 15)
[2022-04-28T05:37:35.617+0000][9][gc,age      ] GC(14) - age   1:    1035536 bytes,    1035536 total
[2022-04-28T05:37:35.618+0000][9][gc,age      ] GC(14) - age   2:   13147936 bytes,   14183472 total
[2022-04-28T05:37:35.619+0000][9][gc,age      ] GC(14) - age   3:    5877816 bytes,   20061288 total
[2022-04-28T05:37:35.620+0000][9][gc,phases   ] GC(14)   Pre Evacuate Collection Set: 0.2ms
[2022-04-28T05:37:35.621+0000][9][gc,phases   ] GC(14)   Merge Heap Roots: 0.1ms
[2022-04-28T05:37:35.622+0000][9][gc,phases   ] GC(14)   Evacuate Collection Set: 8.3ms
[2022-04-28T05:37:35.623+0000][9][gc,phases   ] GC(14)   Post Evacuate Collection Set: 1.4ms
[2022-04-28T05:37:35.624+0000][9][gc,phases   ] GC(14)   Other: 7.1ms
[2022-04-28T05:37:35.624+0000][9][gc,heap     ] GC(14) Eden regions: 9->0(70)
[2022-04-28T05:37:35.625+0000][9][gc,heap     ] GC(14) Survivor regions: 5->6(10)
[2022-04-28T05:37:35.626+0000][9][gc,heap     ] GC(14) Old regions: 11->11
[2022-04-28T05:37:35.627+0000][9][gc,heap     ] GC(14) Archive regions: 2->2
[2022-04-28T05:37:35.629+0000][9][gc,heap     ] GC(14) Humongous regions: 0->0
[2022-04-28T05:37:35.630+0000][9][gc,metaspace] GC(14) Metaspace: 87677K(89088K)->87677K(89088K) NonClass: 75492K(76288K)->75492K(76288K) Class: 12184K(12800K)->12184K(12800K)
[2022-04-28T05:37:35.630+0000][9][gc          ] GC(14) Pause Young (Concurrent Start) (Metadata GC Threshold) 102M->69M(512M) 27.313ms
[2022-04-28T05:37:35.631+0000][9][gc,cpu      ] GC(14) User=0.04s Sys=0.00s Real=0.03s
[2022-04-28T05:37:35.632+0000][9][safepoint   ] Safepoint "CollectForMetadataAllocation", Time since last: 347680583 ns, Reaching safepoint: 188500 ns, At safepoint: 28532084 ns, Total: 28720584 ns
[2022-04-28T05:37:35.632+0000][9][gc          ] GC(15) Concurrent Mark Cycle
[2022-04-28T05:37:35.633+0000][9][gc,marking  ] GC(15) Concurrent Clear Claimed Marks
[2022-04-28T05:37:35.634+0000][9][gc,marking  ] GC(15) Concurrent Clear Claimed Marks 0.972ms
[2022-04-28T05:37:35.635+0000][9][gc,marking  ] GC(15) Concurrent Scan Root Regions
[2022-04-28T05:37:35.652+0000][9][gc,marking  ] GC(15) Concurrent Scan Root Regions 16.722ms
[2022-04-28T05:37:35.653+0000][9][gc,marking  ] GC(15) Concurrent Mark
[2022-04-28T05:37:35.654+0000][9][gc,marking  ] GC(15) Concurrent Mark From Roots
[2022-04-28T05:37:35.654+0000][9][gc,task     ] GC(15) Using 1 workers of 1 for marking
[2022-04-28T05:37:35.742+0000][9][gc,marking  ] GC(15) Concurrent Mark From Roots 88.021ms
[2022-04-28T05:37:35.742+0000][9][gc,marking  ] GC(15) Concurrent Preclean
[2022-04-28T05:37:35.743+0000][9][gc,marking  ] GC(15) Concurrent Preclean 0.898ms
[2022-04-28T05:37:35.744+0000][9][gc,start    ] GC(15) Pause Remark
[2022-04-28T05:37:35.749+0000][9][gc          ] GC(15) Pause Remark 71M->71M(512M) 4.751ms
[2022-04-28T05:37:35.751+0000][9][gc,cpu      ] GC(15) User=0.01s Sys=0.00s Real=0.00s
[2022-04-28T05:37:35.751+0000][9][safepoint   ] Safepoint "G1Concurrent", Time since last: 112457458 ns, Reaching safepoint: 300042 ns, At safepoint: 7022083 ns, Total: 7322125 ns
[2022-04-28T05:37:35.752+0000][9][gc,marking  ] GC(15) Concurrent Mark 99.589ms
[2022-04-28T05:37:35.754+0000][9][gc,marking  ] GC(15) Concurrent Rebuild Remembered Sets
[2022-04-28T05:37:35.755+0000][9][gc,marking  ] GC(15) Concurrent Rebuild Remembered Sets 0.734ms
[2022-04-28T05:37:35.756+0000][9][gc,start    ] GC(15) Pause Cleanup
[2022-04-28T05:37:35.756+0000][9][gc          ] GC(15) Pause Cleanup 71M->71M(512M) 0.689ms
[2022-04-28T05:37:35.757+0000][9][gc,cpu      ] GC(15) User=0.00s Sys=0.00s Real=0.00s
[2022-04-28T05:37:35.757+0000][9][safepoint   ] Safepoint "G1Concurrent", Time since last: 4416708 ns, Reaching safepoint: 45709 ns, At safepoint: 1700833 ns, Total: 1746542 ns
[2022-04-28T05:37:35.758+0000][9][gc,marking  ] GC(15) Concurrent Cleanup for Next Mark
[2022-04-28T05:37:35.759+0000][9][gc,marking  ] GC(15) Concurrent Cleanup for Next Mark 0.945ms
[2022-04-28T05:37:35.760+0000][9][gc          ] GC(15) Concurrent Mark Cycle 128.269ms
[2022-04-28T05:37:35.996+0000][9][safepoint   ] Safepoint "ICBufferFull", Time since last: 238662792 ns, Reaching safepoint: 162958 ns, At safepoint: 16083 ns, Total: 179041 ns
[2022-04-28T05:37:36.115+0000][9][safepoint   ] Safepoint "ICBufferFull", Time since last: 118416000 ns, Reaching safepoint: 225375 ns, At safepoint: 11375 ns, Total: 236750 ns
[2022-04-28T05:37:36.506+0000][9][safepoint   ] Safepoint "ICBufferFull", Time since last: 390061042 ns, Reaching safepoint: 401875 ns, At safepoint: 81500 ns, Total: 483375 ns
[2022-04-28T05:37:36.630+0000][9][safepoint   ] Safepoint "ICBufferFull", Time since last: 123942250 ns, Reaching safepoint: 316209 ns, At safepoint: 6958 ns, Total: 323167 ns
[2022-04-28T05:37:36.771+0000][9][safepoint   ] Safepoint "ICBufferFull", Time since last: 140662375 ns, Reaching safepoint: 377583 ns, At safepoint: 10375 ns, Total: 387958 ns
[2022-04-28T05:37:37.040+0000][9][safepoint   ] Safepoint "ICBufferFull", Time since last: 268880209 ns, Reaching safepoint: 261875 ns, At safepoint: 5792 ns, Total: 267667 ns
[2022-04-28T05:37:37.255+0000][9][safepoint   ] Safepoint "ICBufferFull", Time since last: 213831166 ns, Reaching safepoint: 817125 ns, At safepoint: 80334 ns, Total: 897459 ns
[2022-04-28T05:37:37.679+0000][9][safepoint   ] Safepoint "ICBufferFull", Time since last: 424053041 ns, Reaching safepoint: 574750 ns, At safepoint: 12459 ns, Total: 587209 ns
[2022-04-28T05:37:38.088+0000][9][safepoint   ] Safepoint "ICBufferFull", Time since last: 408908083 ns, Reaching safepoint: 183084 ns, At safepoint: 9708 ns, Total: 192792 ns
[2022-04-28T05:37:38.338+0000][9][safepoint   ] Safepoint "ICBufferFull", Time since last: 248552792 ns, Reaching safepoint: 456125 ns, At safepoint: 208375 ns, Total: 664500 ns
[2022-04-28T05:37:38.834+0000][9][safepoint   ] Safepoint "ICBufferFull", Time since last: 496114583 ns, Reaching safepoint: 187250 ns, At safepoint: 29542 ns, Total: 216792 ns
[2022-04-28T05:37:39.248+0000][9][safepoint   ] Safepoint "ICBufferFull", Time since last: 413700417 ns, Reaching safepoint: 117125 ns, At safepoint: 33458 ns, Total: 150583 ns
[2022-04-28T05:37:39.583+0000][9][safepoint   ] Safepoint "ICBufferFull", Time since last: 334091875 ns, Reaching safepoint: 563917 ns, At safepoint: 9125 ns, Total: 573042 ns
[2022-04-28T05:37:39.594+0000][9][safepoint   ] Safepoint "ICBufferFull", Time since last: 10770417 ns, Reaching safepoint: 349708 ns, At safepoint: 11292 ns, Total: 361000 ns
[2022-04-28T05:37:39.625+0000][9][safepoint   ] Safepoint "G1CollectForAllocation", Time since last: 30412291 ns, Reaching safepoint: 914834 ns, At safepoint: 15458 ns, Total: 930292 ns
[2022-04-28T05:37:39.627+0000][9][gc,start    ] GC(16) Pause Young (Normal) (GCLocker Initiated GC)
[2022-04-28T05:37:39.628+0000][9][gc,task     ] GC(16) Using 5 workers of 5 for evacuation
[2022-04-28T05:37:39.629+0000][9][gc,age      ] GC(16) Desired survivor size 20971520 bytes, new threshold 15 (max threshold 15)
[2022-04-28T05:37:39.645+0000][9][gc,age      ] GC(16) Age table with threshold 15 (max threshold 15)
[2022-04-28T05:37:39.646+0000][9][gc,age      ] GC(16) - age   1:   15388800 bytes,   15388800 total
[2022-04-28T05:37:39.647+0000][9][gc,age      ] GC(16) - age   2:     813376 bytes,   16202176 total
[2022-04-28T05:37:39.649+0000][9][gc,age      ] GC(16) - age   3:   12995472 bytes,   29197648 total
[2022-04-28T05:37:39.650+0000][9][gc,age      ] GC(16) - age   4:    5696640 bytes,   34894288 total
[2022-04-28T05:37:39.650+0000][9][gc,phases   ] GC(16)   Pre Evacuate Collection Set: 0.2ms
[2022-04-28T05:37:39.651+0000][9][gc,phases   ] GC(16)   Merge Heap Roots: 0.2ms
[2022-04-28T05:37:39.652+0000][9][gc,phases   ] GC(16)   Evacuate Collection Set: 13.0ms
[2022-04-28T05:37:39.653+0000][9][gc,phases   ] GC(16)   Post Evacuate Collection Set: 1.6ms
[2022-04-28T05:37:39.654+0000][9][gc,phases   ] GC(16)   Other: 8.4ms
[2022-04-28T05:37:39.655+0000][9][gc,heap     ] GC(16) Eden regions: 70->0(67)
[2022-04-28T05:37:39.656+0000][9][gc,heap     ] GC(16) Survivor regions: 6->9(10)
[2022-04-28T05:37:39.656+0000][9][gc,heap     ] GC(16) Old regions: 11->11
[2022-04-28T05:37:39.657+0000][9][gc,heap     ] GC(16) Archive regions: 2->2
[2022-04-28T05:37:39.657+0000][9][gc,heap     ] GC(16) Humongous regions: 2->2
[2022-04-28T05:37:39.658+0000][9][gc,metaspace] GC(16) Metaspace: 101381K(102976K)->101381K(102976K) NonClass: 87176K(88128K)->87176K(88128K) Class: 14205K(14848K)->14205K(14848K)
[2022-04-28T05:37:39.659+0000][9][gc          ] GC(16) Pause Young (Normal) (GCLocker Initiated GC) 357M->90M(512M) 31.600ms
[2022-04-28T05:37:39.659+0000][9][gc,cpu      ] GC(16) User=0.05s Sys=0.00s Real=0.03s
[2022-04-28T05:37:39.660+0000][9][safepoint   ] Safepoint "G1CollectForAllocation", Time since last: 1729500 ns, Reaching safepoint: 149500 ns, At safepoint: 32723208 ns, Total: 32872708 ns
[2022-04-28T05:37:40.231+0000][9][safepoint   ] Safepoint "ICBufferFull", Time since last: 571132417 ns, Reaching safepoint: 122917 ns, At safepoint: 36250 ns, Total: 159167 ns
[2022-04-28T05:37:40.279+0000][9][safepoint   ] Safepoint "ICBufferFull", Time since last: 47794042 ns, Reaching safepoint: 232625 ns, At safepoint: 44041 ns, Total: 276666 ns
[2022-04-28T05:37:40.463+0000][9][safepoint   ] Safepoint "ICBufferFull", Time since last: 183767250 ns, Reaching safepoint: 241334 ns, At safepoint: 331416 ns, Total: 572750 ns
[2022-04-28T05:37:40.834+0000][9][safepoint   ] Safepoint "ICBufferFull", Time since last: 370681209 ns, Reaching safepoint: 450708 ns, At safepoint: 12584 ns, Total: 463292 ns
[2022-04-28T05:37:41.084+0000][9][safepoint   ] Safepoint "ICBufferFull", Time since last: 249157750 ns, Reaching safepoint: 596875 ns, At safepoint: 21750 ns, Total: 618625 ns
[2022-04-28T05:37:41.255+0000][9][safepoint   ] Safepoint "ICBufferFull", Time since last: 170125125 ns, Reaching safepoint: 231458 ns, At safepoint: 3292 ns, Total: 234750 ns
[2022-04-28T05:37:41.693+0000][9][safepoint   ] Safepoint "ICBufferFull", Time since last: 438297417 ns, Reaching safepoint: 451833 ns, At safepoint: 10208 ns, Total: 462041 ns
[2022-04-28T05:37:41.808+0000][9][safepoint   ] Safepoint "ICBufferFull", Time since last: 113467375 ns, Reaching safepoint: 671917 ns, At safepoint: 82958 ns, Total: 754875 ns
[2022-04-28T05:37:42.622+0000][9][safepoint   ] Safepoint "ICBufferFull", Time since last: 814205084 ns, Reaching safepoint: 233792 ns, At safepoint: 71250 ns, Total: 305042 ns
[2022-04-28T05:37:42.972+0000][9][safepoint   ] Safepoint "ICBufferFull", Time since last: 346983375 ns, Reaching safepoint: 2372667 ns, At safepoint: 76833 ns, Total: 2449500 ns
[2022-04-28T05:37:43.688+0000][9][safepoint   ] Safepoint "ICBufferFull", Time since last: 716725209 ns, Reaching safepoint: 148416 ns, At safepoint: 3167 ns, Total: 151583 ns
[2022-04-28T05:37:44.304+0000][9][gc,start    ] GC(17) Pause Young (Normal) (G1 Evacuation Pause)
[2022-04-28T05:37:44.307+0000][9][gc,task     ] GC(17) Using 5 workers of 5 for evacuation
[2022-04-28T05:37:44.308+0000][9][gc,age      ] GC(17) Desired survivor size 20971520 bytes, new threshold 3 (max threshold 15)
[2022-04-28T05:37:44.326+0000][9][gc,age      ] GC(17) Age table with threshold 3 (max threshold 15)
[2022-04-28T05:37:44.328+0000][9][gc,age      ] GC(17) - age   1:   12890528 bytes,   12890528 total
[2022-04-28T05:37:44.329+0000][9][gc,age      ] GC(17) - age   2:    9794520 bytes,   22685048 total
[2022-04-28T05:37:44.331+0000][9][gc,age      ] GC(17) - age   3:     809168 bytes,   23494216 total
[2022-04-28T05:37:44.332+0000][9][gc,phases   ] GC(17)   Pre Evacuate Collection Set: 0.1ms
[2022-04-28T05:37:44.334+0000][9][gc,phases   ] GC(17)   Merge Heap Roots: 0.3ms
[2022-04-28T05:37:44.335+0000][9][gc,phases   ] GC(17)   Evacuate Collection Set: 15.4ms
[2022-04-28T05:37:44.336+0000][9][gc,phases   ] GC(17)   Post Evacuate Collection Set: 1.6ms
[2022-04-28T05:37:44.337+0000][9][gc,phases   ] GC(17)   Other: 11.2ms
[2022-04-28T05:37:44.338+0000][9][gc,heap     ] GC(17) Eden regions: 67->0(70)
[2022-04-28T05:37:44.339+0000][9][gc,heap     ] GC(17) Survivor regions: 9->6(10)
[2022-04-28T05:37:44.340+0000][9][gc,heap     ] GC(17) Old regions: 11->16
[2022-04-28T05:37:44.341+0000][9][gc,heap     ] GC(17) Archive regions: 2->2
[2022-04-28T05:37:44.342+0000][9][gc,heap     ] GC(17) Humongous regions: 2->2
[2022-04-28T05:37:44.343+0000][9][gc,metaspace] GC(17) Metaspace: 104094K(105664K)->104094K(105664K) NonClass: 89640K(90560K)->89640K(90560K) Class: 14453K(15104K)->14453K(15104K)
[2022-04-28T05:37:44.344+0000][9][gc          ] GC(17) Pause Young (Normal) (G1 Evacuation Pause) 357M->97M(512M) 40.136ms
[2022-04-28T05:37:44.345+0000][9][gc,cpu      ] GC(17) User=0.04s Sys=0.00s Real=0.04s
[2022-04-28T05:37:44.350+0000][9][safepoint   ] Safepoint "G1CollectForAllocation", Time since last: 614701875 ns, Reaching safepoint: 638750 ns, At safepoint: 46617667 ns, Total: 47256417 ns
[2022-04-28T05:37:45.236+0000][9][safepoint   ] Safepoint "ICBufferFull", Time since last: 884787167 ns, Reaching safepoint: 712125 ns, At safepoint: 25833 ns, Total: 737958 ns
[2022-04-28T05:37:45.527+0000][9][safepoint   ] Safepoint "ICBufferFull", Time since last: 290556751 ns, Reaching safepoint: 122916 ns, At safepoint: 1709 ns, Total: 124625 ns
[2022-04-28T05:37:45.848+0000][9][safepoint   ] Safepoint "ICBufferFull", Time since last: 320920666 ns, Reaching safepoint: 507334 ns, At safepoint: 4416 ns, Total: 511750 ns
[2022-04-28T05:37:46.851+0000][9][safepoint   ] Safepoint "Cleanup", Time since last: 1002919293 ns, Reaching safepoint: 262000 ns, At safepoint: 4000 ns, Total: 266000 ns
[2022-04-28T05:37:47.853+0000][9][safepoint   ] Safepoint "Cleanup", Time since last: 1001403792 ns, Reaching safepoint: 76916 ns, At safepoint: 2334 ns, Total: 79250 ns
[2022-04-28T05:37:48.335+0000][9][safepoint   ] Safepoint "ICBufferFull", Time since last: 481829292 ns, Reaching safepoint: 183750 ns, At safepoint: 12000 ns, Total: 195750 ns
[2022-04-28T05:37:48.738+0000][9][safepoint   ] Safepoint "ICBufferFull", Time since last: 400274541 ns, Reaching safepoint: 2499417 ns, At safepoint: 92750 ns, Total: 2592167 ns
[2022-04-28T05:37:49.021+0000][9][safepoint   ] Safepoint "ICBufferFull", Time since last: 283201500 ns, Reaching safepoint: 280167 ns, At safepoint: 12750 ns, Total: 292917 ns
[2022-04-28T05:37:49.161+0000][9][safepoint   ] Safepoint "ICBufferFull", Time since last: 139650708 ns, Reaching safepoint: 231125 ns, At safepoint: 4459 ns, Total: 235584 ns
[2022-04-28T05:37:49.164+0000][9][safepoint   ] Safepoint "ICBufferFull", Time since last: 2525541 ns, Reaching safepoint: 356875 ns, At safepoint: 5417 ns, Total: 362292 ns
[2022-04-28T05:37:49.166+0000][9][safepoint   ] Safepoint "ICBufferFull", Time since last: 1466833 ns, Reaching safepoint: 961750 ns, At safepoint: 14250 ns, Total: 976000 ns
[2022-04-28T05:37:50.168+0000][9][safepoint   ] Safepoint "Cleanup", Time since last: 1001127209 ns, Reaching safepoint: 120125 ns, At safepoint: 19042 ns, Total: 139167 ns
[2022-04-28T05:37:51.173+0000][9][safepoint   ] Safepoint "Cleanup", Time since last: 1003364000 ns, Reaching safepoint: 2398542 ns, At safepoint: 7792 ns, Total: 2406334 ns
[2022-04-28T05:37:51.885+0000][9][safepoint   ] Safepoint "ICBufferFull", Time since last: 711015667 ns, Reaching safepoint: 547375 ns, At safepoint: 17125 ns, Total: 564500 ns
[2022-04-28T05:37:51.889+0000][9][safepoint   ] Safepoint "ICBufferFull", Time since last: 3720875 ns, Reaching safepoint: 159708 ns, At safepoint: 12917 ns, Total: 172625 ns
[2022-04-28T05:37:51.897+0000][9][safepoint   ] Safepoint "ICBufferFull", Time since last: 7617458 ns, Reaching safepoint: 823250 ns, At safepoint: 144125 ns, Total: 967375 ns
[2022-04-28T05:37:51.902+0000][9][safepoint   ] Safepoint "ICBufferFull", Time since last: 3604083 ns, Reaching safepoint: 574000 ns, At safepoint: 10459 ns, Total: 584459 ns
[2022-04-28T05:37:52.007+0000][9][gc,start    ] GC(18) Pause Young (Normal) (G1 Evacuation Pause)
[2022-04-28T05:37:52.008+0000][9][gc,task     ] GC(18) Using 5 workers of 5 for evacuation
[2022-04-28T05:37:52.010+0000][9][gc,age      ] GC(18) Desired survivor size 20971520 bytes, new threshold 2 (max threshold 15)
[2022-04-28T05:37:52.019+0000][9][gc,age      ] GC(18) Age table with threshold 2 (max threshold 15)
[2022-04-28T05:37:52.020+0000][9][gc,age      ] GC(18) - age   1:   12538336 bytes,   12538336 total
[2022-04-28T05:37:52.022+0000][9][gc,age      ] GC(18) - age   2:    7108936 bytes,   19647272 total
[2022-04-28T05:37:52.022+0000][9][gc,phases   ] GC(18)   Pre Evacuate Collection Set: 0.4ms
[2022-04-28T05:37:52.023+0000][9][gc,phases   ] GC(18)   Merge Heap Roots: 0.2ms
[2022-04-28T05:37:52.024+0000][9][gc,phases   ] GC(18)   Evacuate Collection Set: 6.5ms
[2022-04-28T05:37:52.024+0000][9][gc,phases   ] GC(18)   Post Evacuate Collection Set: 1.2ms
[2022-04-28T05:37:52.026+0000][9][gc,phases   ] GC(18)   Other: 7.1ms
[2022-04-28T05:37:52.027+0000][9][gc,heap     ] GC(18) Eden regions: 70->0(68)
[2022-04-28T05:37:52.027+0000][9][gc,heap     ] GC(18) Survivor regions: 6->6(10)
[2022-04-28T05:37:52.028+0000][9][gc,heap     ] GC(18) Old regions: 16->19
[2022-04-28T05:37:52.029+0000][9][gc,heap     ] GC(18) Archive regions: 2->2
[2022-04-28T05:37:52.029+0000][9][gc,heap     ] GC(18) Humongous regions: 2->2
[2022-04-28T05:37:52.030+0000][9][gc,metaspace] GC(18) Metaspace: 108594K(110336K)->108594K(110336K) NonClass: 93547K(94592K)->93547K(94592K) Class: 15047K(15744K)->15047K(15744K)
[2022-04-28T05:37:52.031+0000][9][gc          ] GC(18) Pause Young (Normal) (G1 Evacuation Pause) 377M->107M(512M) 23.341ms
[2022-04-28T05:37:52.031+0000][9][gc,cpu      ] GC(18) User=0.03s Sys=0.01s Real=0.02s
[2022-04-28T05:37:52.032+0000][9][safepoint   ] Safepoint "G1CollectForAllocation", Time since last: 105138000 ns, Reaching safepoint: 309708 ns, At safepoint: 25216250 ns, Total: 25525958 ns
[2022-04-28T05:37:53.035+0000][9][safepoint   ] Safepoint "Cleanup", Time since last: 1004367916 ns, Reaching safepoint: 207250 ns, At safepoint: 4292 ns, Total: 211542 ns
[2022-04-28T05:37:53.261+0000][9][safepoint   ] Safepoint "ICBufferFull", Time since last: 225758083 ns, Reaching safepoint: 435209 ns, At safepoint: 22125 ns, Total: 457334 ns
[2022-04-28T05:37:54.168+0000][9][safepoint   ] Safepoint "ICBufferFull", Time since last: 906229375 ns, Reaching safepoint: 351458 ns, At safepoint: 21959 ns, Total: 373417 ns
[2022-04-28T05:37:55.172+0000][9][safepoint   ] Safepoint "Cleanup", Time since last: 1001583542 ns, Reaching safepoint: 1765083 ns, At safepoint: 485167 ns, Total: 2250250 ns
[2022-04-28T05:37:56.178+0000][9][safepoint   ] Safepoint "Cleanup", Time since last: 1006019792 ns, Reaching safepoint: 307458 ns, At safepoint: 5334 ns, Total: 312792 ns
[2022-04-28T05:37:57.184+0000][9][safepoint   ] Safepoint "Cleanup", Time since last: 1006439833 ns, Reaching safepoint: 64167 ns, At safepoint: 2292 ns, Total: 66459 ns
[2022-04-28T05:37:58.186+0000][9][safepoint   ] Safepoint "Cleanup", Time since last: 1001369334 ns, Reaching safepoint: 117458 ns, At safepoint: 4083 ns, Total: 121541 ns
[2022-04-28T05:37:58.801+0000][9][safepoint   ] Safepoint "ICBufferFull", Time since last: 611423084 ns, Reaching safepoint: 3419292 ns, At safepoint: 80333 ns, Total: 3499625 ns
[2022-04-28T05:37:59.811+0000][9][safepoint   ] Safepoint "Cleanup", Time since last: 1007570750 ns, Reaching safepoint: 2856334 ns, At safepoint: 19916 ns, Total: 2876250 ns
[2022-04-28T05:38:00.637+0000][9][safepoint   ] Safepoint "ICBufferFull", Time since last: 825863459 ns, Reaching safepoint: 343542 ns, At safepoint: 3458 ns, Total: 347000 ns
[2022-04-28T05:38:00.835+0000][9][gc,start    ] GC(19) Pause Young (Normal) (G1 Evacuation Pause)
[2022-04-28T05:38:00.836+0000][9][gc,task     ] GC(19) Using 5 workers of 5 for evacuation
[2022-04-28T05:38:00.837+0000][9][gc,age      ] GC(19) Desired survivor size 20971520 bytes, new threshold 15 (max threshold 15)
[2022-04-28T05:38:00.844+0000][9][gc,age      ] GC(19) Age table with threshold 15 (max threshold 15)
[2022-04-28T05:38:00.845+0000][9][gc,age      ] GC(19) - age   1:    3317544 bytes,    3317544 total
[2022-04-28T05:38:00.846+0000][9][gc,age      ] GC(19) - age   2:    4881712 bytes,    8199256 total
[2022-04-28T05:38:00.847+0000][9][gc,age      ] GC(19) - age   3:    7055272 bytes,   15254528 total
[2022-04-28T05:38:00.848+0000][9][gc,phases   ] GC(19)   Pre Evacuate Collection Set: 0.3ms
[2022-04-28T05:38:00.849+0000][9][gc,phases   ] GC(19)   Merge Heap Roots: 0.2ms
[2022-04-28T05:38:00.849+0000][9][gc,phases   ] GC(19)   Evacuate Collection Set: 4.9ms
[2022-04-28T05:38:00.850+0000][9][gc,phases   ] GC(19)   Post Evacuate Collection Set: 1.1ms
[2022-04-28T05:38:00.850+0000][9][gc,phases   ] GC(19)   Other: 6.3ms
[2022-04-28T05:38:00.851+0000][9][gc,heap     ] GC(19) Eden regions: 68->0(72)
[2022-04-28T05:38:00.852+0000][9][gc,heap     ] GC(19) Survivor regions: 6->4(10)
[2022-04-28T05:38:00.852+0000][9][gc,heap     ] GC(19) Old regions: 19->19
[2022-04-28T05:38:00.853+0000][9][gc,heap     ] GC(19) Archive regions: 2->2
[2022-04-28T05:38:00.853+0000][9][gc,heap     ] GC(19) Humongous regions: 2->2
[2022-04-28T05:38:00.854+0000][9][gc,metaspace] GC(19) Metaspace: 109294K(111104K)->109294K(111104K) NonClass: 94216K(95296K)->94216K(95296K) Class: 15077K(15808K)->15077K(15808K)
[2022-04-28T05:38:00.855+0000][9][gc          ] GC(19) Pause Young (Normal) (G1 Evacuation Pause) 379M->101M(512M) 19.879ms
[2022-04-28T05:38:00.856+0000][9][gc,cpu      ] GC(19) User=0.02s Sys=0.00s Real=0.02s
[2022-04-28T05:38:00.856+0000][9][safepoint   ] Safepoint "G1CollectForAllocation", Time since last: 197566625 ns, Reaching safepoint: 80209 ns, At safepoint: 21400958 ns, Total: 21481167 ns
[2022-04-28T05:38:01.861+0000][9][safepoint   ] Safepoint "Cleanup", Time since last: 1001231959 ns, Reaching safepoint: 2972458 ns, At safepoint: 16542 ns, Total: 2989000 ns
[2022-04-28T05:38:02.868+0000][9][safepoint   ] Safepoint "Cleanup", Time since last: 1007179542 ns, Reaching safepoint: 89458 ns, At safepoint: 2459 ns, Total: 91917 ns
[2022-04-28T05:38:03.603+0000][9][safepoint   ] Safepoint "ICBufferFull", Time since last: 734110708 ns, Reaching safepoint: 819792 ns, At safepoint: 13542 ns, Total: 833334 ns
[2022-04-28T05:38:04.605+0000][9][safepoint   ] Safepoint "Cleanup", Time since last: 1001439958 ns, Reaching safepoint: 160834 ns, At safepoint: 81416 ns, Total: 242250 ns
[2022-04-28T05:38:05.607+0000][9][safepoint   ] Safepoint "Cleanup", Time since last: 1002042751 ns, Reaching safepoint: 89750 ns, At safepoint: 4458 ns, Total: 94208 ns
[2022-04-28T05:38:06.608+0000][9][safepoint   ] Safepoint "Cleanup", Time since last: 1000940917 ns, Reaching safepoint: 171375 ns, At safepoint: 5625 ns, Total: 177000 ns
[2022-04-28T05:38:07.609+0000][9][safepoint   ] Safepoint "Cleanup", Time since last: 1000868584 ns, Reaching safepoint: 159042 ns, At safepoint: 2916 ns, Total: 161958 ns
[2022-04-28T05:38:08.610+0000][9][safepoint   ] Safepoint "Cleanup", Time since last: 1000857793 ns, Reaching safepoint: 70583 ns, At safepoint: 3917 ns, Total: 74500 ns
[2022-04-28T05:38:09.612+0000][9][safepoint   ] Safepoint "Cleanup", Time since last: 1001930875 ns, Reaching safepoint: 178667 ns, At safepoint: 4000 ns, Total: 182667 ns
[2022-04-28T05:38:10.700+0000][9][safepoint   ] Safepoint "Cleanup", Time since last: 1087968084 ns, Reaching safepoint: 94416 ns, At safepoint: 2375 ns, Total: 96791 ns
[2022-04-28T05:38:12.705+0000][9][safepoint   ] Safepoint "Cleanup", Time since last: 2004512751 ns, Reaching safepoint: 236792 ns, At safepoint: 5042 ns, Total: 241834 ns
[2022-04-28T05:38:13.706+0000][9][safepoint   ] Safepoint "Cleanup", Time since last: 1001208125 ns, Reaching safepoint: 136292 ns, At safepoint: 5333 ns, Total: 141625 ns
[2022-04-28T05:38:15.708+0000][9][safepoint   ] Safepoint "Cleanup", Time since last: 2002038251 ns, Reaching safepoint: 136250 ns, At safepoint: 4375 ns, Total: 140625 ns
[2022-04-28T05:38:16.709+0000][9][safepoint   ] Safepoint "Cleanup", Time since last: 1001019084 ns, Reaching safepoint: 176416 ns, At safepoint: 4375 ns, Total: 180791 ns
[2022-04-28T05:38:17.710+0000][9][safepoint   ] Safepoint "Cleanup", Time since last: 1000765251 ns, Reaching safepoint: 134792 ns, At safepoint: 9458 ns, Total: 144250 ns
[2022-04-28T05:38:18.712+0000][9][safepoint   ] Safepoint "Cleanup", Time since last: 1001306792 ns, Reaching safepoint: 116625 ns, At safepoint: 82125 ns, Total: 198750 ns
[2022-04-28T05:38:19.716+0000][9][safepoint   ] Safepoint "Cleanup", Time since last: 1003875042 ns, Reaching safepoint: 486417 ns, At safepoint: 111333 ns, Total: 597750 ns
[2022-04-28T05:38:20.726+0000][9][safepoint   ] Safepoint "Cleanup", Time since last: 1008725626 ns, Reaching safepoint: 587833 ns, At safepoint: 17292 ns, Total: 605125 ns
[2022-04-28T05:38:21.742+0000][9][safepoint   ] Safepoint "Cleanup", Time since last: 1010859042 ns, Reaching safepoint: 5009875 ns, At safepoint: 15583 ns, Total: 5025458 ns
[2022-04-28T05:38:22.746+0000][9][safepoint   ] Safepoint "Cleanup", Time since last: 1005101209 ns, Reaching safepoint: 232875 ns, At safepoint: 11625 ns, Total: 244500 ns
[2022-04-28T05:38:24.751+0000][9][safepoint   ] Safepoint "Cleanup", Time since last: 2005005167 ns, Reaching safepoint: 355584 ns, At safepoint: 9291 ns, Total: 364875 ns
[2022-04-28T05:38:25.757+0000][9][safepoint   ] Safepoint "Cleanup", Time since last: 1004956667 ns, Reaching safepoint: 248125 ns, At safepoint: 7959 ns, Total: 256084 ns
[2022-04-28T05:38:26.766+0000][9][safepoint   ] Safepoint "Cleanup", Time since last: 1008669959 ns, Reaching safepoint: 413875 ns, At safepoint: 15625 ns, Total: 429500 ns
[2022-04-28T05:38:27.772+0000][9][safepoint   ] Safepoint "Cleanup", Time since last: 1006304625 ns, Reaching safepoint: 179500 ns, At safepoint: 4167 ns, Total: 183667 ns
[2022-04-28T05:38:28.774+0000][9][safepoint   ] Safepoint "Cleanup", Time since last: 1002069959 ns, Reaching safepoint: 196958 ns, At safepoint: 5458 ns, Total: 202416 ns
[2022-04-28T05:38:29.778+0000][9][safepoint   ] Safepoint "Cleanup", Time since last: 1002992501 ns, Reaching safepoint: 203458 ns, At safepoint: 10417 ns, Total: 213875 ns
[2022-04-28T05:38:30.786+0000][9][safepoint   ] Safepoint "Cleanup", Time since last: 1007461417 ns, Reaching safepoint: 707500 ns, At safepoint: 36667 ns, Total: 744167 ns
[2022-04-28T05:38:31.791+0000][9][safepoint   ] Safepoint "Cleanup", Time since last: 1004934792 ns, Reaching safepoint: 111791 ns, At safepoint: 2000 ns, Total: 113791 ns
[2022-04-28T05:38:32.793+0000][9][safepoint   ] Safepoint "Cleanup", Time since last: 1001537876 ns, Reaching safepoint: 767458 ns, At safepoint: 15208 ns, Total: 782666 ns
[2022-04-28T05:38:33.802+0000][9][safepoint   ] Safepoint "Cleanup", Time since last: 1008489793 ns, Reaching safepoint: 150125 ns, At safepoint: 17375 ns, Total: 167500 ns
[2022-04-28T05:38:35.810+0000][9][safepoint   ] Safepoint "Cleanup", Time since last: 2007803376 ns, Reaching safepoint: 296833 ns, At safepoint: 11458 ns, Total: 308291 ns
[2022-04-28T05:38:36.818+0000][9][safepoint   ] Safepoint "Cleanup", Time since last: 1008098251 ns, Reaching safepoint: 249291 ns, At safepoint: 5625 ns, Total: 254916 ns
[2022-04-28T05:38:37.822+0000][9][safepoint   ] Safepoint "Cleanup", Time since last: 1003407418 ns, Reaching safepoint: 252833 ns, At safepoint: 4833 ns, Total: 257666 ns
[2022-04-28T05:38:39.823+0000][9][safepoint   ] Safepoint "ICBufferFull", Time since last: 2000922543 ns, Reaching safepoint: 225667 ns, At safepoint: 15125 ns, Total: 240792 ns
[2022-04-28T05:38:40.827+0000][9][safepoint   ] Safepoint "Cleanup", Time since last: 1003751750 ns, Reaching safepoint: 243458 ns, At safepoint: 5375 ns, Total: 248833 ns
[2022-04-28T05:38:41.833+0000][9][safepoint   ] Safepoint "Cleanup", Time since last: 1005550584 ns, Reaching safepoint: 215208 ns, At safepoint: 12750 ns, Total: 227958 ns
[2022-04-28T05:38:42.284+0000][9][gc,start    ] GC(20) Pause Young (Normal) (G1 Evacuation Pause)
[2022-04-28T05:38:42.285+0000][9][gc,task     ] GC(20) Using 5 workers of 5 for evacuation
[2022-04-28T05:38:42.286+0000][9][gc,age      ] GC(20) Desired survivor size 20971520 bytes, new threshold 15 (max threshold 15)
[2022-04-28T05:38:42.291+0000][9][gc,age      ] GC(20) Age table with threshold 15 (max threshold 15)
[2022-04-28T05:38:42.292+0000][9][gc,age      ] GC(20) - age   1:    1773240 bytes,    1773240 total
[2022-04-28T05:38:42.293+0000][9][gc,age      ] GC(20) - age   2:     552392 bytes,    2325632 total
[2022-04-28T05:38:42.294+0000][9][gc,age      ] GC(20) - age   3:    4797240 bytes,    7122872 total
[2022-04-28T05:38:42.295+0000][9][gc,age      ] GC(20) - age   4:    6854648 bytes,   13977520 total
[2022-04-28T05:38:42.296+0000][9][gc,phases   ] GC(20)   Pre Evacuate Collection Set: 0.4ms
[2022-04-28T05:38:42.297+0000][9][gc,phases   ] GC(20)   Merge Heap Roots: 0.2ms
[2022-04-28T05:38:42.297+0000][9][gc,phases   ] GC(20)   Evacuate Collection Set: 3.6ms
[2022-04-28T05:38:42.298+0000][9][gc,phases   ] GC(20)   Post Evacuate Collection Set: 1.1ms
[2022-04-28T05:38:42.298+0000][9][gc,phases   ] GC(20)   Other: 6.6ms
[2022-04-28T05:38:42.299+0000][9][gc,heap     ] GC(20) Eden regions: 72->0(72)
[2022-04-28T05:38:42.300+0000][9][gc,heap     ] GC(20) Survivor regions: 4->4(10)
[2022-04-28T05:38:42.302+0000][9][gc,heap     ] GC(20) Old regions: 19->19
[2022-04-28T05:38:42.302+0000][9][gc,heap     ] GC(20) Archive regions: 2->2
[2022-04-28T05:38:42.303+0000][9][gc,heap     ] GC(20) Humongous regions: 2->2
[2022-04-28T05:38:42.304+0000][9][gc,metaspace] GC(20) Metaspace: 110174K(112000K)->110174K(112000K) NonClass: 95081K(96192K)->95081K(96192K) Class: 15093K(15808K)->15093K(15808K)
[2022-04-28T05:38:42.304+0000][9][gc          ] GC(20) Pause Young (Normal) (G1 Evacuation Pause) 389M->100M(512M) 20.229ms
[2022-04-28T05:38:42.305+0000][9][gc,cpu      ] GC(20) User=0.02s Sys=0.00s Real=0.02s
[2022-04-28T05:38:42.306+0000][9][safepoint   ] Safepoint "G1CollectForAllocation", Time since last: 450906334 ns, Reaching safepoint: 140917 ns, At safepoint: 21847875 ns, Total: 21988792 ns
[2022-04-28T05:38:43.310+0000][9][safepoint   ] Safepoint "Cleanup", Time since last: 1003372334 ns, Reaching safepoint: 327750 ns, At safepoint: 54416 ns, Total: 382166 ns
[2022-04-28T05:38:44.313+0000][9][safepoint   ] Safepoint "Cleanup", Time since last: 1002684667 ns, Reaching safepoint: 268209 ns, At safepoint: 5250 ns, Total: 273459 ns
[2022-04-28T05:38:45.317+0000][9][safepoint   ] Safepoint "Cleanup", Time since last: 1003870208 ns, Reaching safepoint: 618000 ns, At safepoint: 329459 ns, Total: 947459 ns
[2022-04-28T05:38:46.327+0000][9][safepoint   ] Safepoint "Cleanup", Time since last: 1009449125 ns, Reaching safepoint: 234625 ns, At safepoint: 5584 ns, Total: 240209 ns
[2022-04-28T05:38:48.334+0000][9][safepoint   ] Safepoint "Cleanup", Time since last: 2006357751 ns, Reaching safepoint: 353291 ns, At safepoint: 6084 ns, Total: 359375 ns
[2022-04-28T05:38:49.337+0000][9][safepoint   ] Safepoint "Cleanup", Time since last: 1002908250 ns, Reaching safepoint: 203708 ns, At safepoint: 5084 ns, Total: 208792 ns
[2022-04-28T05:38:50.339+0000][9][safepoint   ] Safepoint "Cleanup", Time since last: 1001887584 ns, Reaching safepoint: 211833 ns, At safepoint: 5042 ns, Total: 216875 ns
[2022-04-28T05:38:51.343+0000][9][safepoint   ] Safepoint "Cleanup", Time since last: 1004077375 ns, Reaching safepoint: 133792 ns, At safepoint: 3875 ns, Total: 137667 ns
[2022-04-28T05:38:52.344+0000][9][safepoint   ] Safepoint "Cleanup", Time since last: 1001152667 ns, Reaching safepoint: 144291 ns, At safepoint: 3959 ns, Total: 148250 ns
[2022-04-28T05:38:53.345+0000][9][safepoint   ] Safepoint "Cleanup", Time since last: 1001486167 ns, Reaching safepoint: 92083 ns, At safepoint: 3125 ns, Total: 95208 ns
[2022-04-28T05:38:54.347+0000][9][safepoint   ] Safepoint "Cleanup", Time since last: 1001638750 ns, Reaching safepoint: 92292 ns, At safepoint: 4375 ns, Total: 96667 ns
[2022-04-28T05:38:55.351+0000][9][safepoint   ] Safepoint "Cleanup", Time since last: 1004135001 ns, Reaching safepoint: 164500 ns, At safepoint: 4541 ns, Total: 169041 ns
[2022-04-28T05:38:56.353+0000][9][safepoint   ] Safepoint "Cleanup", Time since last: 1001672334 ns, Reaching safepoint: 61792 ns, At safepoint: 2250 ns, Total: 64042 ns
[2022-04-28T05:38:57.355+0000][9][safepoint   ] Safepoint "Cleanup", Time since last: 1002171709 ns, Reaching safepoint: 168250 ns, At safepoint: 6083 ns, Total: 174333 ns
[2022-04-28T05:38:58.365+0000][9][safepoint   ] Safepoint "Cleanup", Time since last: 1008927792 ns, Reaching safepoint: 386167 ns, At safepoint: 7041 ns, Total: 393208 ns
[2022-04-28T05:38:59.370+0000][9][safepoint   ] Safepoint "Cleanup", Time since last: 1004523418 ns, Reaching safepoint: 359708 ns, At safepoint: 7083 ns, Total: 366791 ns
[2022-04-28T05:39:00.378+0000][9][safepoint   ] Safepoint "Cleanup", Time since last: 1007697834 ns, Reaching safepoint: 386667 ns, At safepoint: 14125 ns, Total: 400792 ns
[2022-04-28T05:39:01.380+0000][9][safepoint   ] Safepoint "Cleanup", Time since last: 1002507042 ns, Reaching safepoint: 169583 ns, At safepoint: 5667 ns, Total: 175250 ns
[2022-04-28T05:39:02.389+0000][9][safepoint   ] Safepoint "Cleanup", Time since last: 1008091292 ns, Reaching safepoint: 294583 ns, At safepoint: 7500 ns, Total: 302083 ns
[2022-04-28T05:39:03.391+0000][9][safepoint   ] Safepoint "Cleanup", Time since last: 1001728209 ns, Reaching safepoint: 348292 ns, At safepoint: 9708 ns, Total: 358000 ns
[2022-04-28T05:39:04.393+0000][9][safepoint   ] Safepoint "Cleanup", Time since last: 1002018209 ns, Reaching safepoint: 277875 ns, At safepoint: 22208 ns, Total: 300083 ns
[2022-04-28T05:39:05.396+0000][9][safepoint   ] Safepoint "Cleanup", Time since last: 1002441792 ns, Reaching safepoint: 941792 ns, At safepoint: 16625 ns, Total: 958417 ns
[2022-04-28T05:39:06.410+0000][9][safepoint   ] Safepoint "Cleanup", Time since last: 1013582292 ns, Reaching safepoint: 386209 ns, At safepoint: 15958 ns, Total: 402167 ns
[2022-04-28T05:39:07.412+0000][9][safepoint   ] Safepoint "Cleanup", Time since last: 1001397334 ns, Reaching safepoint: 612583 ns, At safepoint: 12292 ns, Total: 624875 ns
[2022-04-28T05:39:08.428+0000][9][safepoint   ] Safepoint "Cleanup", Time since last: 1014915750 ns, Reaching safepoint: 379917 ns, At safepoint: 9750 ns, Total: 389667 ns
[2022-04-28T05:39:09.438+0000][9][safepoint   ] Safepoint "Cleanup", Time since last: 1009858292 ns, Reaching safepoint: 383583 ns, At safepoint: 26542 ns, Total: 410125 ns
[2022-04-28T05:39:10.447+0000][9][safepoint   ] Safepoint "Cleanup", Time since last: 1008745084 ns, Reaching safepoint: 376166 ns, At safepoint: 13917 ns, Total: 390083 ns
[2022-04-28T05:39:12.469+0000][9][safepoint   ] Safepoint "Cleanup", Time since last: 2021722584 ns, Reaching safepoint: 143167 ns, At safepoint: 6542 ns, Total: 149709 ns
[2022-04-28T05:39:13.477+0000][9][safepoint   ] Safepoint "Cleanup", Time since last: 1005848417 ns, Reaching safepoint: 1800792 ns, At safepoint: 17083 ns, Total: 1817875 ns
[2022-04-28T05:39:15.489+0000][9][safepoint   ] Safepoint "Cleanup", Time since last: 2011555918 ns, Reaching safepoint: 426791 ns, At safepoint: 4584 ns, Total: 431375 ns
[2022-04-28T05:39:16.494+0000][9][safepoint   ] Safepoint "Cleanup", Time since last: 1005389875 ns, Reaching safepoint: 160917 ns, At safepoint: 7625 ns, Total: 168542 ns
[2022-04-28T05:39:18.498+0000][9][safepoint   ] Safepoint "Cleanup", Time since last: 2003513709 ns, Reaching safepoint: 342000 ns, At safepoint: 5250 ns, Total: 347250 ns
[2022-04-28T05:39:19.499+0000][9][safepoint   ] Safepoint "Cleanup", Time since last: 1000943667 ns, Reaching safepoint: 209125 ns, At safepoint: 3833 ns, Total: 212958 ns
[2022-04-28T05:39:20.503+0000][9][safepoint   ] Safepoint "Cleanup", Time since last: 1003069293 ns, Reaching safepoint: 161333 ns, At safepoint: 20042 ns, Total: 181375 ns
[2022-04-28T05:39:21.508+0000][9][safepoint   ] Safepoint "Cleanup", Time since last: 1004826042 ns, Reaching safepoint: 283833 ns, At safepoint: 9792 ns, Total: 293625 ns
[2022-04-28T05:39:23.411+0000][9][gc,heap,exit] Heap
[2022-04-28T05:39:23.412+0000][9][gc,heap,exit]  garbage-first heap   total 524288K, used 320522K [0x00000000e0000000, 0x0000000100000000)
[2022-04-28T05:39:23.413+0000][9][gc,heap,exit]   region size 4096K, 58 young (237568K), 4 survivors (16384K)
[2022-04-28T05:39:23.414+0000][9][gc,heap,exit]  Metaspace       used 110886K, committed 112640K, reserved 1146880K
[2022-04-28T05:39:23.415+0000][9][gc,heap,exit]   class space    used 15126K, committed 15808K, reserved 1048576K
