[2022-04-25T23:45:04.275+0000][174][gc] Using G1
[2022-04-25T23:45:04.279+0000][174][gc,init] Version: 17.0.2+8 (release)
[2022-04-25T23:45:04.285+0000][174][gc,init] CPUs: 5 total, 5 available
[2022-04-25T23:45:04.287+0000][174][gc,init] Memory: 7851M
[2022-04-25T23:45:04.288+0000][174][gc,init] Large Page Support: Disabled
[2022-04-25T23:45:04.299+0000][174][gc,init] NUMA Support: Disabled
[2022-04-25T23:45:04.301+0000][174][gc,init] Compressed Oops: Enabled (32-bit)
[2022-04-25T23:45:04.302+0000][174][gc,init] Heap Region Size: 1M
[2022-04-25T23:45:04.304+0000][174][gc,init] Heap Min Capacity: 512M
[2022-04-25T23:45:04.306+0000][174][gc,init] Heap Initial Capacity: 512M
[2022-04-25T23:45:04.307+0000][174][gc,init] Heap Max Capacity: 512M
[2022-04-25T23:45:04.307+0000][174][gc,init] Pre-touch: Disabled
[2022-04-25T23:45:04.309+0000][174][gc,init] Parallel Workers: 5
[2022-04-25T23:45:04.310+0000][174][gc,init] Concurrent Workers: 1
[2022-04-25T23:45:04.311+0000][174][gc,init] Concurrent Refinement Workers: 5
[2022-04-25T23:45:04.336+0000][174][gc,init] Periodic GC: Disabled
[2022-04-25T23:45:04.376+0000][174][gc,metaspace] CDS archive(s) not mapped
[2022-04-25T23:45:04.418+0000][174][gc,metaspace] Compressed class space mapped at: 0x0000000100000000-0x0000000140000000, reserved size: 1073741824
[2022-04-25T23:45:04.492+0000][174][gc,metaspace] Narrow klass base: 0x0000000000000000, Narrow klass shift: 3, Narrow klass range: 0x140000000
[2022-04-25T23:45:04.669+0000][174][gc,heap,exit] Heap
[2022-04-25T23:45:04.701+0000][174][gc,heap,exit]  garbage-first heap   total 524288K, used 2050K [0x00000000e0000000, 0x0000000100000000)
[2022-04-25T23:45:04.774+0000][174][gc,heap,exit]   region size 1024K, 3 young (3072K), 0 survivors (0K)
[2022-04-25T23:45:04.862+0000][174][gc,heap,exit]  Metaspace       used 3462K, committed 3520K, reserved 1056768K
[2022-04-25T23:45:04.963+0000][174][gc,heap,exit]   class space    used 277K, committed 320K, reserved 1048576K
