[2022-04-18T09:05:45.885+0000][109][gc] Using Concurrent Mark Sweep
[2022-04-18T09:05:45.889+0000][109][gc,heap,coops] Heap address: 0x00000000e0000000, size: 512 MB, Compressed Oops mode: 32-bit
[2022-04-18T09:05:46.482+0000][109][safepoint    ] Safepoint "EnableBiasedLocking", Time since last: 400346042 ns, Reaching safepoint: 2115208 ns, At safepoint: 719042 ns, Total: 2834250 ns
[2022-04-18T09:05:46.514+0000][109][gc,heap,exit ] Heap
[2022-04-18T09:05:46.516+0000][109][gc,heap,exit ]  par new generation   total 157248K, used 5591K [0x00000000e0000000, 0x00000000eaaa0000, 0x00000000eaaa0000)
[2022-04-18T09:05:46.519+0000][109][gc,heap,exit ]   eden space 139776K,   4% used [0x00000000e0000000, 0x00000000e0575da0, 0x00000000e8880000)
[2022-04-18T09:05:46.520+0000][109][gc,heap,exit ]   from space 17472K,   0% used [0x00000000e8880000, 0x00000000e8880000, 0x00000000e9990000)
[2022-04-18T09:05:46.521+0000][109][gc,heap,exit ]   to   space 17472K,   0% used [0x00000000e9990000, 0x00000000e9990000, 0x00000000eaaa0000)
[2022-04-18T09:05:46.522+0000][109][gc,heap,exit ]  concurrent mark-sweep generation total 349568K, used 0K [0x00000000eaaa0000, 0x0000000100000000, 0x0000000100000000)
[2022-04-18T09:05:46.523+0000][109][gc,heap,exit ]  Metaspace       used 160K, capacity 4480K, committed 4480K, reserved 1056768K
[2022-04-18T09:05:46.524+0000][109][gc,heap,exit ]   class space    used 7K, capacity 384K, committed 384K, reserved 1048576K
