[2022-05-06T01:29:12.978+0000][160][gc] Using G1
[2022-05-06T01:29:13.028+0000][160][gc,init] Version: 17.0.2+8 (release)
[2022-05-06T01:29:13.028+0000][160][gc,init] CPUs: 5 total, 5 available
[2022-05-06T01:29:13.029+0000][160][gc,init] Memory: 7851M
[2022-05-06T01:29:13.030+0000][160][gc,init] Large Page Support: Disabled
[2022-05-06T01:29:13.031+0000][160][gc,init] NUMA Support: Disabled
[2022-05-06T01:29:13.032+0000][160][gc,init] Compressed Oops: Enabled (32-bit)
[2022-05-06T01:29:13.033+0000][160][gc,init] Heap Region Size: 4M
[2022-05-06T01:29:13.034+0000][160][gc,init] Heap Min Capacity: 512M
[2022-05-06T01:29:13.034+0000][160][gc,init] Heap Initial Capacity: 512M
[2022-05-06T01:29:13.035+0000][160][gc,init] Heap Max Capacity: 512M
[2022-05-06T01:29:13.036+0000][160][gc,init] Pre-touch: Enabled
[2022-05-06T01:29:13.036+0000][160][gc,init] Parallel Workers: 5
[2022-05-06T01:29:13.037+0000][160][gc,init] Concurrent Workers: 1
[2022-05-06T01:29:13.038+0000][160][gc,init] Concurrent Refinement Workers: 5
[2022-05-06T01:29:13.038+0000][160][gc,init] Periodic GC: Disabled
[2022-05-06T01:29:13.039+0000][160][gc,metaspace] CDS archive(s) mapped at: [0x0000000800000000-0x0000000800bd2000-0x0000000800bd2000), size 12394496, SharedBaseAddress: 0x0000000800000000, ArchiveRelocationMode: 0.
[2022-05-06T01:29:13.040+0000][160][gc,metaspace] Compressed class space mapped at: 0x0000000800c00000-0x0000000840c00000, reserved size: 1073741824
[2022-05-06T01:29:13.040+0000][160][gc,metaspace] Narrow klass base: 0x0000000800000000, Narrow klass shift: 0, Narrow klass range: 0x100000000
[2022-05-06T01:29:13.161+0000][160][safepoint   ] Safepoint "ICBufferFull", Time since last: 116428292 ns, Reaching safepoint: 117958 ns, At safepoint: 6792 ns, Total: 124750 ns
[2022-05-06T01:29:13.223+0000][160][safepoint   ] Safepoint "ICBufferFull", Time since last: 61748250 ns, Reaching safepoint: 122875 ns, At safepoint: 3417 ns, Total: 126292 ns
[2022-05-06T01:29:13.297+0000][160][safepoint   ] Safepoint "ICBufferFull", Time since last: 74013041 ns, Reaching safepoint: 251834 ns, At safepoint: 12125 ns, Total: 263959 ns
[2022-05-06T01:29:13.360+0000][160][gc,start    ] GC(0) Pause Young (Normal) (G1 Evacuation Pause)
[2022-05-06T01:29:13.361+0000][160][gc,task     ] GC(0) Using 5 workers of 5 for evacuation
[2022-05-06T01:29:13.362+0000][160][gc,age      ] GC(0) Desired survivor size 2097152 bytes, new threshold 15 (max threshold 15)
[2022-05-06T01:29:13.365+0000][160][gc,age      ] GC(0) Age table with threshold 15 (max threshold 15)
[2022-05-06T01:29:13.366+0000][160][gc,age      ] GC(0) - age   1:    4188032 bytes,    4188032 total
[2022-05-06T01:29:13.366+0000][160][gc,phases   ] GC(0)   Pre Evacuate Collection Set: 0.2ms
[2022-05-06T01:29:13.367+0000][160][gc,phases   ] GC(0)   Merge Heap Roots: 0.3ms
[2022-05-06T01:29:13.368+0000][160][gc,phases   ] GC(0)   Evacuate Collection Set: 1.4ms
[2022-05-06T01:29:13.369+0000][160][gc,phases   ] GC(0)   Post Evacuate Collection Set: 0.7ms
[2022-05-06T01:29:13.369+0000][160][gc,phases   ] GC(0)   Other: 4.2ms
[2022-05-06T01:29:13.370+0000][160][gc,heap     ] GC(0) Eden regions: 6->0(5)
[2022-05-06T01:29:13.370+0000][160][gc,heap     ] GC(0) Survivor regions: 0->1(1)
[2022-05-06T01:29:13.371+0000][160][gc,heap     ] GC(0) Old regions: 0->1
[2022-05-06T01:29:13.372+0000][160][gc,heap     ] GC(0) Archive regions: 2->2
[2022-05-06T01:29:13.372+0000][160][gc,heap     ] GC(0) Humongous regions: 0->0
[2022-05-06T01:29:13.373+0000][160][gc,metaspace] GC(0) Metaspace: 8863K(9088K)->8863K(9088K) NonClass: 7811K(7936K)->7811K(7936K) Class: 1051K(1152K)->1051K(1152K)
[2022-05-06T01:29:13.373+0000][160][gc          ] GC(0) Pause Young (Normal) (G1 Evacuation Pause) 27M->8M(512M) 13.521ms
[2022-05-06T01:29:13.374+0000][160][gc,cpu      ] GC(0) User=0.01s Sys=0.00s Real=0.01s
[2022-05-06T01:29:13.374+0000][160][safepoint   ] Safepoint "G1CollectForAllocation", Time since last: 62361125 ns, Reaching safepoint: 84458 ns, At safepoint: 14753458 ns, Total: 14837916 ns
[2022-05-06T01:29:13.499+0000][160][safepoint   ] Safepoint "ICBufferFull", Time since last: 124253126 ns, Reaching safepoint: 117625 ns, At safepoint: 7041 ns, Total: 124666 ns
[2022-05-06T01:29:13.549+0000][160][gc,start    ] GC(1) Pause Young (Normal) (G1 Evacuation Pause)
[2022-05-06T01:29:13.550+0000][160][gc,task     ] GC(1) Using 5 workers of 5 for evacuation
[2022-05-06T01:29:13.551+0000][160][gc,age      ] GC(1) Desired survivor size 2097152 bytes, new threshold 1 (max threshold 15)
[2022-05-06T01:29:13.555+0000][160][gc,age      ] GC(1) Age table with threshold 1 (max threshold 15)
[2022-05-06T01:29:13.556+0000][160][gc,age      ] GC(1) - age   1:    1922728 bytes,    1922728 total
[2022-05-06T01:29:13.557+0000][160][gc,phases   ] GC(1)   Pre Evacuate Collection Set: 0.1ms
[2022-05-06T01:29:13.558+0000][160][gc,phases   ] GC(1)   Merge Heap Roots: 0.0ms
[2022-05-06T01:29:13.558+0000][160][gc,phases   ] GC(1)   Evacuate Collection Set: 2.7ms
[2022-05-06T01:29:13.559+0000][160][gc,phases   ] GC(1)   Post Evacuate Collection Set: 0.7ms
[2022-05-06T01:29:13.560+0000][160][gc,phases   ] GC(1)   Other: 4.2ms
[2022-05-06T01:29:13.560+0000][160][gc,heap     ] GC(1) Eden regions: 5->0(7)
[2022-05-06T01:29:13.561+0000][160][gc,heap     ] GC(1) Survivor regions: 1->1(1)
[2022-05-06T01:29:13.562+0000][160][gc,heap     ] GC(1) Old regions: 1->2
[2022-05-06T01:29:13.563+0000][160][gc,heap     ] GC(1) Archive regions: 2->2
[2022-05-06T01:29:13.564+0000][160][gc,heap     ] GC(1) Humongous regions: 0->0
[2022-05-06T01:29:13.564+0000][160][gc,metaspace] GC(1) Metaspace: 12272K(12480K)->12272K(12480K) NonClass: 10775K(10880K)->10775K(10880K) Class: 1496K(1600K)->1496K(1600K)
[2022-05-06T01:29:13.565+0000][160][gc          ] GC(1) Pause Young (Normal) (G1 Evacuation Pause) 28M->9M(512M) 15.805ms
[2022-05-06T01:29:13.566+0000][160][gc,cpu      ] GC(1) User=0.01s Sys=0.00s Real=0.01s
[2022-05-06T01:29:13.566+0000][160][safepoint   ] Safepoint "G1CollectForAllocation", Time since last: 50135167 ns, Reaching safepoint: 110875 ns, At safepoint: 17120417 ns, Total: 17231292 ns
[2022-05-06T01:29:13.782+0000][160][safepoint   ] Safepoint "ICBufferFull", Time since last: 215250833 ns, Reaching safepoint: 284667 ns, At safepoint: 16875 ns, Total: 301542 ns
[2022-05-06T01:29:13.809+0000][160][gc,start    ] GC(2) Pause Young (Normal) (G1 Evacuation Pause)
[2022-05-06T01:29:13.811+0000][160][gc,task     ] GC(2) Using 5 workers of 5 for evacuation
[2022-05-06T01:29:13.813+0000][160][gc,age      ] GC(2) Desired survivor size 2097152 bytes, new threshold 15 (max threshold 15)
[2022-05-06T01:29:13.817+0000][160][gc,age      ] GC(2) Age table with threshold 15 (max threshold 15)
[2022-05-06T01:29:13.818+0000][160][gc,age      ] GC(2) - age   1:     878056 bytes,     878056 total
[2022-05-06T01:29:13.819+0000][160][gc,age      ] GC(2) - age   2:    1905952 bytes,    2784008 total
[2022-05-06T01:29:13.819+0000][160][gc,phases   ] GC(2)   Pre Evacuate Collection Set: 0.2ms
[2022-05-06T01:29:13.820+0000][160][gc,phases   ] GC(2)   Merge Heap Roots: 0.2ms
[2022-05-06T01:29:13.821+0000][160][gc,phases   ] GC(2)   Evacuate Collection Set: 1.9ms
[2022-05-06T01:29:13.822+0000][160][gc,phases   ] GC(2)   Post Evacuate Collection Set: 1.0ms
[2022-05-06T01:29:13.823+0000][160][gc,phases   ] GC(2)   Other: 6.9ms
[2022-05-06T01:29:13.823+0000][160][gc,heap     ] GC(2) Eden regions: 7->0(29)
[2022-05-06T01:29:13.824+0000][160][gc,heap     ] GC(2) Survivor regions: 1->1(1)
[2022-05-06T01:29:13.824+0000][160][gc,heap     ] GC(2) Old regions: 2->2
[2022-05-06T01:29:13.825+0000][160][gc,heap     ] GC(2) Archive regions: 2->2
[2022-05-06T01:29:13.826+0000][160][gc,heap     ] GC(2) Humongous regions: 0->0
[2022-05-06T01:29:13.826+0000][160][gc,metaspace] GC(2) Metaspace: 14621K(14912K)->14621K(14912K) NonClass: 12883K(13056K)->12883K(13056K) Class: 1737K(1856K)->1737K(1856K)
[2022-05-06T01:29:13.827+0000][160][gc          ] GC(2) Pause Young (Normal) (G1 Evacuation Pause) 37M->10M(512M) 17.873ms
[2022-05-06T01:29:13.828+0000][160][gc,cpu      ] GC(2) User=0.01s Sys=0.00s Real=0.02s
[2022-05-06T01:29:13.829+0000][160][safepoint   ] Safepoint "G1CollectForAllocation", Time since last: 27282291 ns, Reaching safepoint: 221792 ns, At safepoint: 19368208 ns, Total: 19590000 ns
[2022-05-06T01:29:14.027+0000][160][safepoint   ] Safepoint "ICBufferFull", Time since last: 197674417 ns, Reaching safepoint: 359875 ns, At safepoint: 14792 ns, Total: 374667 ns
[2022-05-06T01:29:14.051+0000][160][safepoint   ] Safepoint "ICBufferFull", Time since last: 24450000 ns, Reaching safepoint: 201625 ns, At safepoint: 9833 ns, Total: 211458 ns
[2022-05-06T01:29:14.077+0000][160][safepoint   ] Safepoint "ICBufferFull", Time since last: 25685583 ns, Reaching safepoint: 125167 ns, At safepoint: 2208 ns, Total: 127375 ns
[2022-05-06T01:29:14.079+0000][160][safepoint   ] Safepoint "ICBufferFull", Time since last: 1600042 ns, Reaching safepoint: 40458 ns, At safepoint: 1459 ns, Total: 41917 ns
[2022-05-06T01:29:14.080+0000][160][safepoint   ] Safepoint "ICBufferFull", Time since last: 1102625 ns, Reaching safepoint: 157666 ns, At safepoint: 2667 ns, Total: 160333 ns
[2022-05-06T01:29:14.081+0000][160][safepoint   ] Safepoint "ICBufferFull", Time since last: 1289667 ns, Reaching safepoint: 35666 ns, At safepoint: 1584 ns, Total: 37250 ns
[2022-05-06T01:29:14.084+0000][160][safepoint   ] Safepoint "ICBufferFull", Time since last: 2193125 ns, Reaching safepoint: 35000 ns, At safepoint: 1625 ns, Total: 36625 ns
[2022-05-06T01:29:14.085+0000][160][safepoint   ] Safepoint "ICBufferFull", Time since last: 1436500 ns, Reaching safepoint: 127208 ns, At safepoint: 9792 ns, Total: 137000 ns
[2022-05-06T01:29:14.087+0000][160][safepoint   ] Safepoint "ICBufferFull", Time since last: 1678750 ns, Reaching safepoint: 149916 ns, At safepoint: 12625 ns, Total: 162541 ns
[2022-05-06T01:29:14.088+0000][160][safepoint   ] Safepoint "ICBufferFull", Time since last: 1147500 ns, Reaching safepoint: 286417 ns, At safepoint: 2792 ns, Total: 289209 ns
[2022-05-06T01:29:14.090+0000][160][safepoint   ] Safepoint "ICBufferFull", Time since last: 1235250 ns, Reaching safepoint: 108750 ns, At safepoint: 2791 ns, Total: 111541 ns
[2022-05-06T01:29:14.091+0000][160][safepoint   ] Safepoint "ICBufferFull", Time since last: 941792 ns, Reaching safepoint: 68250 ns, At safepoint: 2542 ns, Total: 70792 ns
[2022-05-06T01:29:14.128+0000][160][gc,start    ] GC(3) Pause Young (Normal) (G1 Evacuation Pause)
[2022-05-06T01:29:14.129+0000][160][gc,task     ] GC(3) Using 5 workers of 5 for evacuation
[2022-05-06T01:29:14.130+0000][160][gc,age      ] GC(3) Desired survivor size 8388608 bytes, new threshold 15 (max threshold 15)
[2022-05-06T01:29:14.136+0000][160][gc,age      ] GC(3) Age table with threshold 15 (max threshold 15)
[2022-05-06T01:29:14.137+0000][160][gc,age      ] GC(3) - age   1:    4173176 bytes,    4173176 total
[2022-05-06T01:29:14.138+0000][160][gc,age      ] GC(3) - age   2:     801560 bytes,    4974736 total
[2022-05-06T01:29:14.139+0000][160][gc,age      ] GC(3) - age   3:    1904240 bytes,    6878976 total
[2022-05-06T01:29:14.140+0000][160][gc,phases   ] GC(3)   Pre Evacuate Collection Set: 0.0ms
[2022-05-06T01:29:14.141+0000][160][gc,phases   ] GC(3)   Merge Heap Roots: 0.2ms
[2022-05-06T01:29:14.142+0000][160][gc,phases   ] GC(3)   Evacuate Collection Set: 3.6ms
[2022-05-06T01:29:14.143+0000][160][gc,phases   ] GC(3)   Post Evacuate Collection Set: 0.7ms
[2022-05-06T01:29:14.144+0000][160][gc,phases   ] GC(3)   Other: 8.1ms
[2022-05-06T01:29:14.145+0000][160][gc,heap     ] GC(3) Eden regions: 29->0(74)
[2022-05-06T01:29:14.145+0000][160][gc,heap     ] GC(3) Survivor regions: 1->2(4)
[2022-05-06T01:29:14.146+0000][160][gc,heap     ] GC(3) Old regions: 2->2
[2022-05-06T01:29:14.147+0000][160][gc,heap     ] GC(3) Archive regions: 2->2
[2022-05-06T01:29:14.148+0000][160][gc,heap     ] GC(3) Humongous regions: 0->0
[2022-05-06T01:29:14.149+0000][160][gc,metaspace] GC(3) Metaspace: 17110K(17408K)->17110K(17408K) NonClass: 15086K(15232K)->15086K(15232K) Class: 2023K(2176K)->2023K(2176K)
[2022-05-06T01:29:14.150+0000][160][gc          ] GC(3) Pause Young (Normal) (G1 Evacuation Pause) 126M->14M(512M) 21.948ms
[2022-05-06T01:29:14.151+0000][160][gc,cpu      ] GC(3) User=0.03s Sys=0.00s Real=0.02s
[2022-05-06T01:29:14.152+0000][160][safepoint   ] Safepoint "G1CollectForAllocation", Time since last: 36578083 ns, Reaching safepoint: 233708 ns, At safepoint: 24508584 ns, Total: 24742292 ns
[2022-05-06T01:29:14.340+0000][160][safepoint   ] Safepoint "ICBufferFull", Time since last: 188035625 ns, Reaching safepoint: 214417 ns, At safepoint: 12541 ns, Total: 226958 ns
[2022-05-06T01:29:14.467+0000][160][gc,start    ] GC(4) Pause Young (Normal) (G1 Evacuation Pause)
[2022-05-06T01:29:14.468+0000][160][gc,task     ] GC(4) Using 5 workers of 5 for evacuation
[2022-05-06T01:29:14.469+0000][160][gc,age      ] GC(4) Desired survivor size 20971520 bytes, new threshold 15 (max threshold 15)
[2022-05-06T01:29:14.475+0000][160][gc,age      ] GC(4) Age table with threshold 15 (max threshold 15)
[2022-05-06T01:29:14.476+0000][160][gc,age      ] GC(4) - age   1:    5699120 bytes,    5699120 total
[2022-05-06T01:29:14.476+0000][160][gc,age      ] GC(4) - age   2:    2313288 bytes,    8012408 total
[2022-05-06T01:29:14.477+0000][160][gc,age      ] GC(4) - age   3:     801264 bytes,    8813672 total
[2022-05-06T01:29:14.477+0000][160][gc,age      ] GC(4) - age   4:    1903360 bytes,   10717032 total
[2022-05-06T01:29:14.478+0000][160][gc,phases   ] GC(4)   Pre Evacuate Collection Set: 0.2ms
[2022-05-06T01:29:14.479+0000][160][gc,phases   ] GC(4)   Merge Heap Roots: 0.0ms
[2022-05-06T01:29:14.479+0000][160][gc,phases   ] GC(4)   Evacuate Collection Set: 3.6ms
[2022-05-06T01:29:14.480+0000][160][gc,phases   ] GC(4)   Post Evacuate Collection Set: 0.7ms
[2022-05-06T01:29:14.481+0000][160][gc,phases   ] GC(4)   Other: 6.6ms
[2022-05-06T01:29:14.482+0000][160][gc,heap     ] GC(4) Eden regions: 74->0(73)
[2022-05-06T01:29:14.482+0000][160][gc,heap     ] GC(4) Survivor regions: 2->3(10)
[2022-05-06T01:29:14.483+0000][160][gc,heap     ] GC(4) Old regions: 2->2
[2022-05-06T01:29:14.483+0000][160][gc,heap     ] GC(4) Archive regions: 2->2
[2022-05-06T01:29:14.484+0000][160][gc,heap     ] GC(4) Humongous regions: 0->0
[2022-05-06T01:29:14.484+0000][160][gc,metaspace] GC(4) Metaspace: 18702K(19072K)->18702K(19072K) NonClass: 16429K(16640K)->16429K(16640K) Class: 2272K(2432K)->2272K(2432K)
[2022-05-06T01:29:14.485+0000][160][gc          ] GC(4) Pause Young (Normal) (G1 Evacuation Pause) 310M->18M(512M) 18.120ms
[2022-05-06T01:29:14.486+0000][160][gc,cpu      ] GC(4) User=0.02s Sys=0.01s Real=0.01s
[2022-05-06T01:29:14.486+0000][160][safepoint   ] Safepoint "G1CollectForAllocation", Time since last: 126210375 ns, Reaching safepoint: 131917 ns, At safepoint: 19610958 ns, Total: 19742875 ns
[2022-05-06T01:29:14.729+0000][160][gc,start    ] GC(5) Pause Young (Normal) (G1 Evacuation Pause)
[2022-05-06T01:29:14.731+0000][160][gc,task     ] GC(5) Using 5 workers of 5 for evacuation
[2022-05-06T01:29:14.732+0000][160][gc,age      ] GC(5) Desired survivor size 20971520 bytes, new threshold 15 (max threshold 15)
[2022-05-06T01:29:14.738+0000][160][gc,age      ] GC(5) Age table with threshold 15 (max threshold 15)
[2022-05-06T01:29:14.739+0000][160][gc,age      ] GC(5) - age   1:    1348728 bytes,    1348728 total
[2022-05-06T01:29:14.740+0000][160][gc,age      ] GC(5) - age   2:    5131432 bytes,    6480160 total
[2022-05-06T01:29:14.741+0000][160][gc,age      ] GC(5) - age   3:    2312824 bytes,    8792984 total
[2022-05-06T01:29:14.742+0000][160][gc,age      ] GC(5) - age   4:     800992 bytes,    9593976 total
[2022-05-06T01:29:14.743+0000][160][gc,age      ] GC(5) - age   5:    1903296 bytes,   11497272 total
[2022-05-06T01:29:14.744+0000][160][gc,phases   ] GC(5)   Pre Evacuate Collection Set: 0.4ms
[2022-05-06T01:29:14.745+0000][160][gc,phases   ] GC(5)   Merge Heap Roots: 0.2ms
[2022-05-06T01:29:14.746+0000][160][gc,phases   ] GC(5)   Evacuate Collection Set: 3.2ms
[2022-05-06T01:29:14.747+0000][160][gc,phases   ] GC(5)   Post Evacuate Collection Set: 0.9ms
[2022-05-06T01:29:14.747+0000][160][gc,phases   ] GC(5)   Other: 10.1ms
[2022-05-06T01:29:14.748+0000][160][gc,heap     ] GC(5) Eden regions: 73->0(73)
[2022-05-06T01:29:14.750+0000][160][gc,heap     ] GC(5) Survivor regions: 3->3(10)
[2022-05-06T01:29:14.750+0000][160][gc,heap     ] GC(5) Old regions: 2->2
[2022-05-06T01:29:14.751+0000][160][gc,heap     ] GC(5) Archive regions: 2->2
[2022-05-06T01:29:14.751+0000][160][gc,heap     ] GC(5) Humongous regions: 0->0
[2022-05-06T01:29:14.752+0000][160][gc,metaspace] GC(5) Metaspace: 19647K(20032K)->19647K(20032K) NonClass: 17239K(17472K)->17239K(17472K) Class: 2407K(2560K)->2407K(2560K)
[2022-05-06T01:29:14.753+0000][160][gc          ] GC(5) Pause Young (Normal) (G1 Evacuation Pause) 310M->19M(512M) 23.624ms
[2022-05-06T01:29:14.753+0000][160][gc,cpu      ] GC(5) User=0.02s Sys=0.00s Real=0.02s
[2022-05-06T01:29:14.754+0000][160][safepoint   ] Safepoint "G1CollectForAllocation", Time since last: 242644625 ns, Reaching safepoint: 129334 ns, At safepoint: 24758541 ns, Total: 24887875 ns
[2022-05-06T01:29:14.980+0000][160][safepoint   ] Safepoint "ICBufferFull", Time since last: 225730376 ns, Reaching safepoint: 140708 ns, At safepoint: 3417 ns, Total: 144125 ns
[2022-05-06T01:29:14.999+0000][160][gc,start    ] GC(6) Pause Young (Normal) (G1 Evacuation Pause)
[2022-05-06T01:29:15.000+0000][160][gc,task     ] GC(6) Using 5 workers of 5 for evacuation
[2022-05-06T01:29:15.001+0000][160][gc,age      ] GC(6) Desired survivor size 20971520 bytes, new threshold 15 (max threshold 15)
[2022-05-06T01:29:15.006+0000][160][gc,age      ] GC(6) Age table with threshold 15 (max threshold 15)
[2022-05-06T01:29:15.007+0000][160][gc,age      ] GC(6) - age   1:    2381920 bytes,    2381920 total
[2022-05-06T01:29:15.007+0000][160][gc,age      ] GC(6) - age   2:    1329768 bytes,    3711688 total
[2022-05-06T01:29:15.008+0000][160][gc,age      ] GC(6) - age   3:    5126336 bytes,    8838024 total
[2022-05-06T01:29:15.009+0000][160][gc,age      ] GC(6) - age   4:    2311400 bytes,   11149424 total
[2022-05-06T01:29:15.009+0000][160][gc,age      ] GC(6) - age   5:     800312 bytes,   11949736 total
[2022-05-06T01:29:15.010+0000][160][gc,age      ] GC(6) - age   6:    1902992 bytes,   13852728 total
[2022-05-06T01:29:15.011+0000][160][gc,phases   ] GC(6)   Pre Evacuate Collection Set: 0.0ms
[2022-05-06T01:29:15.011+0000][160][gc,phases   ] GC(6)   Merge Heap Roots: 0.1ms
[2022-05-06T01:29:15.012+0000][160][gc,phases   ] GC(6)   Evacuate Collection Set: 3.0ms
[2022-05-06T01:29:15.012+0000][160][gc,phases   ] GC(6)   Post Evacuate Collection Set: 0.9ms
[2022-05-06T01:29:15.013+0000][160][gc,phases   ] GC(6)   Other: 7.6ms
[2022-05-06T01:29:15.013+0000][160][gc,heap     ] GC(6) Eden regions: 73->0(72)
[2022-05-06T01:29:15.014+0000][160][gc,heap     ] GC(6) Survivor regions: 3->4(10)
[2022-05-06T01:29:15.014+0000][160][gc,heap     ] GC(6) Old regions: 2->2
[2022-05-06T01:29:15.015+0000][160][gc,heap     ] GC(6) Archive regions: 2->2
[2022-05-06T01:29:15.016+0000][160][gc,heap     ] GC(6) Humongous regions: 0->0
[2022-05-06T01:29:15.016+0000][160][gc,metaspace] GC(6) Metaspace: 20844K(21376K)->20844K(21376K) NonClass: 18275K(18624K)->18275K(18624K) Class: 2569K(2752K)->2569K(2752K)
[2022-05-06T01:29:15.017+0000][160][gc          ] GC(6) Pause Young (Normal) (G1 Evacuation Pause) 311M->22M(512M) 17.692ms
[2022-05-06T01:29:15.017+0000][160][gc,cpu      ] GC(6) User=0.02s Sys=0.01s Real=0.02s
[2022-05-06T01:29:15.018+0000][160][safepoint   ] Safepoint "G1CollectForAllocation", Time since last: 19223833 ns, Reaching safepoint: 48833 ns, At safepoint: 19067250 ns, Total: 19116083 ns
[2022-05-06T01:29:15.180+0000][160][gc,start    ] GC(7) Pause Young (Concurrent Start) (Metadata GC Threshold)
[2022-05-06T01:29:15.182+0000][160][gc,task     ] GC(7) Using 5 workers of 5 for evacuation
[2022-05-06T01:29:15.183+0000][160][gc,age      ] GC(7) Desired survivor size 20971520 bytes, new threshold 15 (max threshold 15)
[2022-05-06T01:29:15.188+0000][160][gc,age      ] GC(7) Age table with threshold 15 (max threshold 15)
[2022-05-06T01:29:15.189+0000][160][gc,age      ] GC(7) - age   1:     830976 bytes,     830976 total
[2022-05-06T01:29:15.191+0000][160][gc,age      ] GC(7) - age   2:    2176640 bytes,    3007616 total
[2022-05-06T01:29:15.191+0000][160][gc,age      ] GC(7) - age   3:    1328904 bytes,    4336520 total
[2022-05-06T01:29:15.192+0000][160][gc,age      ] GC(7) - age   4:    5125320 bytes,    9461840 total
[2022-05-06T01:29:15.193+0000][160][gc,age      ] GC(7) - age   5:    2311320 bytes,   11773160 total
[2022-05-06T01:29:15.193+0000][160][gc,age      ] GC(7) - age   6:     800312 bytes,   12573472 total
[2022-05-06T01:29:15.194+0000][160][gc,age      ] GC(7) - age   7:    1902992 bytes,   14476464 total
[2022-05-06T01:29:15.195+0000][160][gc,phases   ] GC(7)   Pre Evacuate Collection Set: 0.2ms
[2022-05-06T01:29:15.195+0000][160][gc,phases   ] GC(7)   Merge Heap Roots: 0.1ms
[2022-05-06T01:29:15.196+0000][160][gc,phases   ] GC(7)   Evacuate Collection Set: 2.9ms
[2022-05-06T01:29:15.197+0000][160][gc,phases   ] GC(7)   Post Evacuate Collection Set: 0.8ms
[2022-05-06T01:29:15.197+0000][160][gc,phases   ] GC(7)   Other: 10.6ms
[2022-05-06T01:29:15.198+0000][160][gc,heap     ] GC(7) Eden regions: 60->0(72)
[2022-05-06T01:29:15.199+0000][160][gc,heap     ] GC(7) Survivor regions: 4->4(10)
[2022-05-06T01:29:15.199+0000][160][gc,heap     ] GC(7) Old regions: 2->2
[2022-05-06T01:29:15.200+0000][160][gc,heap     ] GC(7) Archive regions: 2->2
[2022-05-06T01:29:15.200+0000][160][gc,heap     ] GC(7) Humongous regions: 0->0
[2022-05-06T01:29:15.201+0000][160][gc,metaspace] GC(7) Metaspace: 20994K(21504K)->20994K(21504K) NonClass: 18394K(18688K)->18394K(18688K) Class: 2599K(2816K)->2599K(2816K)
[2022-05-06T01:29:15.202+0000][160][gc          ] GC(7) Pause Young (Concurrent Start) (Metadata GC Threshold) 260M->22M(512M) 21.318ms
[2022-05-06T01:29:15.202+0000][160][gc,cpu      ] GC(7) User=0.02s Sys=0.01s Real=0.02s
[2022-05-06T01:29:15.203+0000][160][gc          ] GC(8) Concurrent Mark Cycle
[2022-05-06T01:29:15.204+0000][160][gc,marking  ] GC(8) Concurrent Clear Claimed Marks
[2022-05-06T01:29:15.204+0000][160][gc,marking  ] GC(8) Concurrent Clear Claimed Marks 0.791ms
[2022-05-06T01:29:15.205+0000][160][gc,marking  ] GC(8) Concurrent Scan Root Regions
[2022-05-06T01:29:15.203+0000][160][safepoint   ] Safepoint "CollectForMetadataAllocation", Time since last: 161896625 ns, Reaching safepoint: 222667 ns, At safepoint: 22633250 ns, Total: 22855917 ns
[2022-05-06T01:29:15.209+0000][160][gc,marking  ] GC(8) Concurrent Scan Root Regions 3.988ms
[2022-05-06T01:29:15.210+0000][160][gc,marking  ] GC(8) Concurrent Mark
[2022-05-06T01:29:15.211+0000][160][gc,marking  ] GC(8) Concurrent Mark From Roots
[2022-05-06T01:29:15.211+0000][160][gc,task     ] GC(8) Using 1 workers of 1 for marking
[2022-05-06T01:29:15.215+0000][160][gc,marking  ] GC(8) Concurrent Mark From Roots 4.011ms
[2022-05-06T01:29:15.215+0000][160][gc,marking  ] GC(8) Concurrent Preclean
[2022-05-06T01:29:15.216+0000][160][gc,marking  ] GC(8) Concurrent Preclean 0.626ms
[2022-05-06T01:29:15.217+0000][160][gc,start    ] GC(8) Pause Remark
[2022-05-06T01:29:15.220+0000][160][gc          ] GC(8) Pause Remark 24M->24M(512M) 3.072ms
[2022-05-06T01:29:15.221+0000][160][gc,cpu      ] GC(8) User=0.01s Sys=0.00s Real=0.00s
[2022-05-06T01:29:15.222+0000][160][safepoint   ] Safepoint "G1Concurrent", Time since last: 13795583 ns, Reaching safepoint: 436959 ns, At safepoint: 4537625 ns, Total: 4974584 ns
[2022-05-06T01:29:15.222+0000][160][gc,marking  ] GC(8) Concurrent Mark 12.632ms
[2022-05-06T01:29:15.223+0000][160][gc,marking  ] GC(8) Concurrent Rebuild Remembered Sets
[2022-05-06T01:29:15.226+0000][160][gc,marking  ] GC(8) Concurrent Rebuild Remembered Sets 2.523ms
[2022-05-06T01:29:15.227+0000][160][gc,start    ] GC(8) Pause Cleanup
[2022-05-06T01:29:15.228+0000][160][gc          ] GC(8) Pause Cleanup 24M->24M(512M) 0.849ms
[2022-05-06T01:29:15.229+0000][160][gc,cpu      ] GC(8) User=0.00s Sys=0.00s Real=0.00s
[2022-05-06T01:29:15.230+0000][160][safepoint   ] Safepoint "G1Concurrent", Time since last: 4802166 ns, Reaching safepoint: 437709 ns, At safepoint: 2885125 ns, Total: 3322834 ns
[2022-05-06T01:29:15.231+0000][160][gc,marking  ] GC(8) Concurrent Cleanup for Next Mark
[2022-05-06T01:29:15.233+0000][160][gc,marking  ] GC(8) Concurrent Cleanup for Next Mark 1.246ms
[2022-05-06T01:29:15.233+0000][160][gc          ] GC(8) Concurrent Mark Cycle 30.635ms
[2022-05-06T01:29:15.804+0000][160][safepoint   ] Safepoint "ICBufferFull", Time since last: 574453792 ns, Reaching safepoint: 167333 ns, At safepoint: 4042 ns, Total: 171375 ns
[2022-05-06T01:29:15.884+0000][160][safepoint   ] Safepoint "ICBufferFull", Time since last: 79841416 ns, Reaching safepoint: 212625 ns, At safepoint: 4375 ns, Total: 217000 ns
[2022-05-06T01:29:15.887+0000][160][safepoint   ] Safepoint "ICBufferFull", Time since last: 1914375 ns, Reaching safepoint: 178959 ns, At safepoint: 7083 ns, Total: 186042 ns
[2022-05-06T01:29:15.888+0000][160][safepoint   ] Safepoint "ICBufferFull", Time since last: 1496583 ns, Reaching safepoint: 50292 ns, At safepoint: 1500 ns, Total: 51792 ns
[2022-05-06T01:29:15.890+0000][160][safepoint   ] Safepoint "ICBufferFull", Time since last: 1475792 ns, Reaching safepoint: 195250 ns, At safepoint: 2500 ns, Total: 197750 ns
[2022-05-06T01:29:15.891+0000][160][safepoint   ] Safepoint "ICBufferFull", Time since last: 1285875 ns, Reaching safepoint: 114041 ns, At safepoint: 3417 ns, Total: 117458 ns
[2022-05-06T01:29:15.892+0000][160][safepoint   ] Safepoint "ICBufferFull", Time since last: 1078083 ns, Reaching safepoint: 45209 ns, At safepoint: 1875 ns, Total: 47084 ns
[2022-05-06T01:29:15.894+0000][160][safepoint   ] Safepoint "ICBufferFull", Time since last: 1645291 ns, Reaching safepoint: 199209 ns, At safepoint: 5666 ns, Total: 204875 ns
[2022-05-06T01:29:15.907+0000][160][safepoint   ] Safepoint "ICBufferFull", Time since last: 12932334 ns, Reaching safepoint: 112916 ns, At safepoint: 2792 ns, Total: 115708 ns
[2022-05-06T01:29:15.909+0000][160][safepoint   ] Safepoint "ICBufferFull", Time since last: 1791792 ns, Reaching safepoint: 28750 ns, At safepoint: 1500 ns, Total: 30250 ns
[2022-05-06T01:29:15.910+0000][160][safepoint   ] Safepoint "ICBufferFull", Time since last: 1011583 ns, Reaching safepoint: 211708 ns, At safepoint: 2834 ns, Total: 214542 ns
[2022-05-06T01:29:15.912+0000][160][safepoint   ] Safepoint "ICBufferFull", Time since last: 1305666 ns, Reaching safepoint: 39959 ns, At safepoint: 1166 ns, Total: 41125 ns
[2022-05-06T01:29:15.927+0000][160][safepoint   ] Safepoint "ICBufferFull", Time since last: 14935250 ns, Reaching safepoint: 169625 ns, At safepoint: 3084 ns, Total: 172709 ns
[2022-05-06T01:29:15.932+0000][160][safepoint   ] Safepoint "ICBufferFull", Time since last: 5640375 ns, Reaching safepoint: 71458 ns, At safepoint: 3292 ns, Total: 74750 ns
[2022-05-06T01:29:15.934+0000][160][safepoint   ] Safepoint "ICBufferFull", Time since last: 1323541 ns, Reaching safepoint: 85125 ns, At safepoint: 2709 ns, Total: 87834 ns
[2022-05-06T01:29:15.935+0000][160][safepoint   ] Safepoint "ICBufferFull", Time since last: 923875 ns, Reaching safepoint: 77375 ns, At safepoint: 8333 ns, Total: 85708 ns
[2022-05-06T01:29:15.938+0000][160][safepoint   ] Safepoint "ICBufferFull", Time since last: 3464625 ns, Reaching safepoint: 92542 ns, At safepoint: 15875 ns, Total: 108417 ns
[2022-05-06T01:29:16.033+0000][160][safepoint   ] Safepoint "ICBufferFull", Time since last: 94029875 ns, Reaching safepoint: 340458 ns, At safepoint: 17667 ns, Total: 358125 ns
[2022-05-06T01:29:16.258+0000][160][safepoint   ] Safepoint "ICBufferFull", Time since last: 225093416 ns, Reaching safepoint: 184834 ns, At safepoint: 13083 ns, Total: 197917 ns
[2022-05-06T01:29:16.495+0000][160][safepoint   ] Safepoint "ICBufferFull", Time since last: 236969125 ns, Reaching safepoint: 186584 ns, At safepoint: 15791 ns, Total: 202375 ns
[2022-05-06T01:29:16.733+0000][160][safepoint   ] Safepoint "ICBufferFull", Time since last: 237487459 ns, Reaching safepoint: 228958 ns, At safepoint: 9083 ns, Total: 238041 ns
[2022-05-06T01:29:16.878+0000][160][gc,start    ] GC(9) Pause Young (Concurrent Start) (Metadata GC Threshold)
[2022-05-06T01:29:16.880+0000][160][gc,task     ] GC(9) Using 5 workers of 5 for evacuation
[2022-05-06T01:29:16.881+0000][160][gc,age      ] GC(9) Desired survivor size 20971520 bytes, new threshold 15 (max threshold 15)
[2022-05-06T01:29:16.903+0000][160][gc,age      ] GC(9) Age table with threshold 15 (max threshold 15)
[2022-05-06T01:29:16.905+0000][160][gc,age      ] GC(9) - age   1:   27118160 bytes,   27118160 total
[2022-05-06T01:29:16.906+0000][160][gc,age      ] GC(9) - age   2:     804432 bytes,   27922592 total
[2022-05-06T01:29:16.907+0000][160][gc,age      ] GC(9) - age   3:    2143720 bytes,   30066312 total
[2022-05-06T01:29:16.908+0000][160][gc,age      ] GC(9) - age   4:    1312992 bytes,   31379304 total
[2022-05-06T01:29:16.909+0000][160][gc,age      ] GC(9) - age   5:    5083824 bytes,   36463128 total
[2022-05-06T01:29:16.909+0000][160][gc,age      ] GC(9) - age   6:    2234168 bytes,   38697296 total
[2022-05-06T01:29:16.910+0000][160][gc,age      ] GC(9) - age   7:     767600 bytes,   39464896 total
[2022-05-06T01:29:16.910+0000][160][gc,age      ] GC(9) - age   8:    1895512 bytes,   41360408 total
[2022-05-06T01:29:16.911+0000][160][gc,phases   ] GC(9)   Pre Evacuate Collection Set: 0.2ms
[2022-05-06T01:29:16.912+0000][160][gc,phases   ] GC(9)   Merge Heap Roots: 0.2ms
[2022-05-06T01:29:16.912+0000][160][gc,phases   ] GC(9)   Evacuate Collection Set: 19.4ms
[2022-05-06T01:29:16.913+0000][160][gc,phases   ] GC(9)   Post Evacuate Collection Set: 1.5ms
[2022-05-06T01:29:16.914+0000][160][gc,phases   ] GC(9)   Other: 12.3ms
[2022-05-06T01:29:16.914+0000][160][gc,heap     ] GC(9) Eden regions: 70->0(66)
[2022-05-06T01:29:16.915+0000][160][gc,heap     ] GC(9) Survivor regions: 4->10(10)
[2022-05-06T01:29:16.916+0000][160][gc,heap     ] GC(9) Old regions: 2->2
[2022-05-06T01:29:16.916+0000][160][gc,heap     ] GC(9) Archive regions: 2->2
[2022-05-06T01:29:16.917+0000][160][gc,heap     ] GC(9) Humongous regions: 0->0
[2022-05-06T01:29:16.917+0000][160][gc,metaspace] GC(9) Metaspace: 34996K(35968K)->34996K(35968K) NonClass: 30360K(30976K)->30360K(30976K) Class: 4636K(4992K)->4636K(4992K)
[2022-05-06T01:29:16.918+0000][160][gc          ] GC(9) Pause Young (Concurrent Start) (Metadata GC Threshold) 302M->48M(512M) 40.460ms
[2022-05-06T01:29:16.919+0000][160][gc,cpu      ] GC(9) User=0.10s Sys=0.00s Real=0.04s
[2022-05-06T01:29:16.919+0000][160][safepoint   ] Safepoint "CollectForMetadataAllocation", Time since last: 144392334 ns, Reaching safepoint: 220875 ns, At safepoint: 41557208 ns, Total: 41778083 ns
[2022-05-06T01:29:16.919+0000][160][gc          ] GC(10) Concurrent Mark Cycle
[2022-05-06T01:29:16.923+0000][160][gc,marking  ] GC(10) Concurrent Clear Claimed Marks
[2022-05-06T01:29:16.924+0000][160][gc,marking  ] GC(10) Concurrent Clear Claimed Marks 0.703ms
[2022-05-06T01:29:16.925+0000][160][gc,marking  ] GC(10) Concurrent Scan Root Regions
[2022-05-06T01:29:16.931+0000][160][safepoint   ] Safepoint "CollectForMetadataAllocation", Time since last: 11535583 ns, Reaching safepoint: 68875 ns, At safepoint: 41084 ns, Total: 109959 ns
[2022-05-06T01:29:16.939+0000][160][gc,marking  ] GC(10) Concurrent Scan Root Regions 14.319ms
[2022-05-06T01:29:16.940+0000][160][gc,marking  ] GC(10) Concurrent Mark
[2022-05-06T01:29:16.941+0000][160][gc,marking  ] GC(10) Concurrent Mark From Roots
[2022-05-06T01:29:16.942+0000][160][gc,task     ] GC(10) Using 1 workers of 1 for marking
[2022-05-06T01:29:16.944+0000][160][safepoint   ] Safepoint "CollectForMetadataAllocation", Time since last: 12397291 ns, Reaching safepoint: 296334 ns, At safepoint: 84666 ns, Total: 381000 ns
[2022-05-06T01:29:16.946+0000][160][gc,marking  ] GC(10) Concurrent Mark From Roots 5.302ms
[2022-05-06T01:29:16.947+0000][160][gc,marking  ] GC(10) Concurrent Preclean
[2022-05-06T01:29:16.948+0000][160][gc,marking  ] GC(10) Concurrent Preclean 1.138ms
[2022-05-06T01:29:16.950+0000][160][gc,start    ] GC(10) Pause Remark
[2022-05-06T01:29:16.953+0000][160][gc          ] GC(10) Pause Remark 52M->52M(512M) 3.336ms
[2022-05-06T01:29:16.954+0000][160][gc,cpu      ] GC(10) User=0.01s Sys=0.00s Real=0.00s
[2022-05-06T01:29:16.956+0000][160][safepoint   ] Safepoint "G1Concurrent", Time since last: 5572500 ns, Reaching safepoint: 337792 ns, At safepoint: 6530292 ns, Total: 6868084 ns
[2022-05-06T01:29:16.957+0000][160][gc,marking  ] GC(10) Concurrent Mark 16.913ms
[2022-05-06T01:29:16.958+0000][160][gc,marking  ] GC(10) Concurrent Rebuild Remembered Sets
[2022-05-06T01:29:16.965+0000][160][gc,marking  ] GC(10) Concurrent Rebuild Remembered Sets 6.776ms
[2022-05-06T01:29:16.966+0000][160][gc,start    ] GC(10) Pause Cleanup
[2022-05-06T01:29:16.967+0000][160][gc          ] GC(10) Pause Cleanup 54M->54M(512M) 1.089ms
[2022-05-06T01:29:16.968+0000][160][gc,cpu      ] GC(10) User=0.01s Sys=0.00s Real=0.01s
[2022-05-06T01:29:16.969+0000][160][safepoint   ] Safepoint "G1Concurrent", Time since last: 9995916 ns, Reaching safepoint: 228125 ns, At safepoint: 2999250 ns, Total: 3227375 ns
[2022-05-06T01:29:16.970+0000][160][gc,marking  ] GC(10) Concurrent Cleanup for Next Mark
[2022-05-06T01:29:16.972+0000][160][gc,marking  ] GC(10) Concurrent Cleanup for Next Mark 1.453ms
[2022-05-06T01:29:16.973+0000][160][gc          ] GC(10) Concurrent Mark Cycle 53.559ms
[2022-05-06T01:29:17.114+0000][160][safepoint   ] Safepoint "ICBufferFull", Time since last: 144738626 ns, Reaching safepoint: 182041 ns, At safepoint: 4167 ns, Total: 186208 ns
[2022-05-06T01:29:17.545+0000][160][safepoint   ] Safepoint "ICBufferFull", Time since last: 430736292 ns, Reaching safepoint: 202875 ns, At safepoint: 17333 ns, Total: 220208 ns
[2022-05-06T01:29:17.748+0000][160][safepoint   ] Safepoint "ICBufferFull", Time since last: 202885834 ns, Reaching safepoint: 187958 ns, At safepoint: 14500 ns, Total: 202458 ns
[2022-05-06T01:29:17.792+0000][160][gc,start    ] GC(11) Pause Young (Concurrent Start) (G1 Evacuation Pause)
[2022-05-06T01:29:17.794+0000][160][gc,task     ] GC(11) Using 5 workers of 5 for evacuation
[2022-05-06T01:29:17.795+0000][160][gc,age      ] GC(11) Desired survivor size 20971520 bytes, new threshold 1 (max threshold 15)
[2022-05-06T01:29:17.814+0000][160][gc,age      ] GC(11) Age table with threshold 1 (max threshold 15)
[2022-05-06T01:29:17.815+0000][160][gc,age      ] GC(11) - age   1:    6095000 bytes,    6095000 total
[2022-05-06T01:29:17.816+0000][160][gc,phases   ] GC(11)   Pre Evacuate Collection Set: 0.2ms
[2022-05-06T01:29:17.817+0000][160][gc,phases   ] GC(11)   Merge Heap Roots: 0.2ms
[2022-05-06T01:29:17.818+0000][160][gc,phases   ] GC(11)   Evacuate Collection Set: 16.5ms
[2022-05-06T01:29:17.819+0000][160][gc,phases   ] GC(11)   Post Evacuate Collection Set: 1.6ms
[2022-05-06T01:29:17.820+0000][160][gc,phases   ] GC(11)   Other: 5.3ms
[2022-05-06T01:29:17.821+0000][160][gc,heap     ] GC(11) Eden regions: 66->0(73)
[2022-05-06T01:29:17.822+0000][160][gc,heap     ] GC(11) Survivor regions: 10->3(10)
[2022-05-06T01:29:17.823+0000][160][gc,heap     ] GC(11) Old regions: 2->11
[2022-05-06T01:29:17.823+0000][160][gc,heap     ] GC(11) Archive regions: 2->2
[2022-05-06T01:29:17.824+0000][160][gc,heap     ] GC(11) Humongous regions: 0->0
[2022-05-06T01:29:17.825+0000][160][gc,metaspace] GC(11) Metaspace: 52207K(53440K)->52207K(53440K) NonClass: 45128K(45888K)->45128K(45888K) Class: 7078K(7552K)->7078K(7552K)
[2022-05-06T01:29:17.825+0000][160][gc          ] GC(11) Pause Young (Concurrent Start) (G1 Evacuation Pause) 312M->56M(512M) 32.679ms
[2022-05-06T01:29:17.826+0000][160][gc,cpu      ] GC(11) User=0.11s Sys=0.00s Real=0.03s
[2022-05-06T01:29:17.826+0000][160][safepoint   ] Safepoint "G1CollectForAllocation", Time since last: 44085625 ns, Reaching safepoint: 117792 ns, At safepoint: 34002333 ns, Total: 34120125 ns
[2022-05-06T01:29:17.826+0000][160][gc          ] GC(12) Concurrent Mark Cycle
[2022-05-06T01:29:17.828+0000][160][gc,marking  ] GC(12) Concurrent Clear Claimed Marks
[2022-05-06T01:29:17.829+0000][160][gc,marking  ] GC(12) Concurrent Clear Claimed Marks 0.645ms
[2022-05-06T01:29:17.829+0000][160][gc,marking  ] GC(12) Concurrent Scan Root Regions
[2022-05-06T01:29:17.849+0000][160][gc,marking  ] GC(12) Concurrent Scan Root Regions 19.451ms
[2022-05-06T01:29:17.851+0000][160][gc,marking  ] GC(12) Concurrent Mark
[2022-05-06T01:29:17.851+0000][160][gc,marking  ] GC(12) Concurrent Mark From Roots
[2022-05-06T01:29:17.852+0000][160][gc,task     ] GC(12) Using 1 workers of 1 for marking
[2022-05-06T01:29:17.857+0000][160][gc,marking  ] GC(12) Concurrent Mark From Roots 5.232ms
[2022-05-06T01:29:17.858+0000][160][gc,marking  ] GC(12) Concurrent Preclean
[2022-05-06T01:29:17.859+0000][160][gc,marking  ] GC(12) Concurrent Preclean 1.034ms
[2022-05-06T01:29:17.860+0000][160][gc,start    ] GC(12) Pause Remark
[2022-05-06T01:29:17.864+0000][160][gc          ] GC(12) Pause Remark 72M->72M(512M) 4.418ms
[2022-05-06T01:29:17.865+0000][160][gc,cpu      ] GC(12) User=0.02s Sys=0.01s Real=0.00s
[2022-05-06T01:29:17.866+0000][160][safepoint   ] Safepoint "G1Concurrent", Time since last: 33327708 ns, Reaching safepoint: 246125 ns, At safepoint: 6313125 ns, Total: 6559250 ns
[2022-05-06T01:29:17.867+0000][160][gc,marking  ] GC(12) Concurrent Mark 16.249ms
[2022-05-06T01:29:17.868+0000][160][gc,marking  ] GC(12) Concurrent Rebuild Remembered Sets
[2022-05-06T01:29:17.868+0000][160][gc,marking  ] GC(12) Concurrent Rebuild Remembered Sets 0.575ms
[2022-05-06T01:29:17.869+0000][160][gc,start    ] GC(12) Pause Cleanup
[2022-05-06T01:29:17.870+0000][160][gc          ] GC(12) Pause Cleanup 74M->74M(512M) 0.650ms
[2022-05-06T01:29:17.871+0000][160][gc,cpu      ] GC(12) User=0.01s Sys=0.00s Real=0.00s
[2022-05-06T01:29:17.872+0000][160][safepoint   ] Safepoint "G1Concurrent", Time since last: 2596709 ns, Reaching safepoint: 214166 ns, At safepoint: 2788750 ns, Total: 3002916 ns
[2022-05-06T01:29:17.873+0000][160][gc,marking  ] GC(12) Concurrent Cleanup for Next Mark
[2022-05-06T01:29:17.874+0000][160][gc,marking  ] GC(12) Concurrent Cleanup for Next Mark 1.457ms
[2022-05-06T01:29:17.875+0000][160][gc          ] GC(12) Concurrent Mark Cycle 48.637ms
[2022-05-06T01:29:18.109+0000][160][safepoint   ] Safepoint "ICBufferFull", Time since last: 236953917 ns, Reaching safepoint: 207625 ns, At safepoint: 14417 ns, Total: 222042 ns
[2022-05-06T01:29:18.405+0000][160][safepoint   ] Safepoint "ICBufferFull", Time since last: 295256791 ns, Reaching safepoint: 615791 ns, At safepoint: 4167 ns, Total: 619958 ns
[2022-05-06T01:29:18.810+0000][160][safepoint   ] Safepoint "ICBufferFull", Time since last: 404874042 ns, Reaching safepoint: 278625 ns, At safepoint: 43875 ns, Total: 322500 ns
[2022-05-06T01:29:18.936+0000][160][safepoint   ] Safepoint "ICBufferFull", Time since last: 125949458 ns, Reaching safepoint: 172292 ns, At safepoint: 10791 ns, Total: 183083 ns
[2022-05-06T01:29:19.258+0000][160][safepoint   ] Safepoint "ICBufferFull", Time since last: 321582709 ns, Reaching safepoint: 346042 ns, At safepoint: 6541 ns, Total: 352583 ns
[2022-05-06T01:29:19.453+0000][160][safepoint   ] Safepoint "ICBufferFull", Time since last: 194723209 ns, Reaching safepoint: 374791 ns, At safepoint: 3917 ns, Total: 378708 ns
[2022-05-06T01:29:19.522+0000][160][gc,start    ] GC(13) Pause Young (Normal) (G1 Evacuation Pause)
[2022-05-06T01:29:19.523+0000][160][gc,task     ] GC(13) Using 5 workers of 5 for evacuation
[2022-05-06T01:29:19.525+0000][160][gc,age      ] GC(13) Desired survivor size 20971520 bytes, new threshold 15 (max threshold 15)
[2022-05-06T01:29:19.536+0000][160][gc,age      ] GC(13) Age table with threshold 15 (max threshold 15)
[2022-05-06T01:29:19.537+0000][160][gc,age      ] GC(13) - age   1:   13823640 bytes,   13823640 total
[2022-05-06T01:29:19.538+0000][160][gc,age      ] GC(13) - age   2:    5907368 bytes,   19731008 total
[2022-05-06T01:29:19.539+0000][160][gc,phases   ] GC(13)   Pre Evacuate Collection Set: 0.2ms
[2022-05-06T01:29:19.540+0000][160][gc,phases   ] GC(13)   Merge Heap Roots: 0.1ms
[2022-05-06T01:29:19.541+0000][160][gc,phases   ] GC(13)   Evacuate Collection Set: 8.6ms
[2022-05-06T01:29:19.541+0000][160][gc,phases   ] GC(13)   Post Evacuate Collection Set: 1.8ms
[2022-05-06T01:29:19.542+0000][160][gc,phases   ] GC(13)   Other: 6.6ms
[2022-05-06T01:29:19.543+0000][160][gc,heap     ] GC(13) Eden regions: 73->0(71)
[2022-05-06T01:29:19.544+0000][160][gc,heap     ] GC(13) Survivor regions: 3->5(10)
[2022-05-06T01:29:19.544+0000][160][gc,heap     ] GC(13) Old regions: 11->11
[2022-05-06T01:29:19.545+0000][160][gc,heap     ] GC(13) Archive regions: 2->2
[2022-05-06T01:29:19.546+0000][160][gc,heap     ] GC(13) Humongous regions: 0->0
[2022-05-06T01:29:19.546+0000][160][gc,metaspace] GC(13) Metaspace: 84715K(86208K)->84715K(86208K) NonClass: 72987K(73856K)->72987K(73856K) Class: 11728K(12352K)->11728K(12352K)
[2022-05-06T01:29:19.547+0000][160][gc          ] GC(13) Pause Young (Normal) (G1 Evacuation Pause) 348M->67M(512M) 24.707ms
[2022-05-06T01:29:19.547+0000][160][gc,cpu      ] GC(13) User=0.04s Sys=0.01s Real=0.03s
[2022-05-06T01:29:19.548+0000][160][safepoint   ] Safepoint "G1CollectForAllocation", Time since last: 68585958 ns, Reaching safepoint: 219542 ns, At safepoint: 26095500 ns, Total: 26315042 ns
[2022-05-06T01:29:19.635+0000][160][safepoint   ] Safepoint "ICBufferFull", Time since last: 86760458 ns, Reaching safepoint: 299542 ns, At safepoint: 38417 ns, Total: 337959 ns
[2022-05-06T01:29:19.661+0000][160][safepoint   ] Safepoint "ICBufferFull", Time since last: 25481041 ns, Reaching safepoint: 263459 ns, At safepoint: 13250 ns, Total: 276709 ns
[2022-05-06T01:29:19.712+0000][160][safepoint   ] Safepoint "ICBufferFull", Time since last: 51082541 ns, Reaching safepoint: 177000 ns, At safepoint: 12000 ns, Total: 189000 ns
[2022-05-06T01:29:19.746+0000][160][safepoint   ] Safepoint "ICBufferFull", Time since last: 33764626 ns, Reaching safepoint: 292250 ns, At safepoint: 4541 ns, Total: 296791 ns
[2022-05-06T01:29:20.153+0000][160][gc,start    ] GC(14) Pause Young (Concurrent Start) (Metadata GC Threshold)
[2022-05-06T01:29:20.154+0000][160][gc,task     ] GC(14) Using 5 workers of 5 for evacuation
[2022-05-06T01:29:20.156+0000][160][gc,age      ] GC(14) Desired survivor size 20971520 bytes, new threshold 15 (max threshold 15)
[2022-05-06T01:29:20.166+0000][160][gc,age      ] GC(14) Age table with threshold 15 (max threshold 15)
[2022-05-06T01:29:20.167+0000][160][gc,age      ] GC(14) - age   1:     999128 bytes,     999128 total
[2022-05-06T01:29:20.168+0000][160][gc,age      ] GC(14) - age   2:   13223120 bytes,   14222248 total
[2022-05-06T01:29:20.169+0000][160][gc,age      ] GC(14) - age   3:    5881104 bytes,   20103352 total
[2022-05-06T01:29:20.171+0000][160][gc,phases   ] GC(14)   Pre Evacuate Collection Set: 0.5ms
[2022-05-06T01:29:20.172+0000][160][gc,phases   ] GC(14)   Merge Heap Roots: 0.2ms
[2022-05-06T01:29:20.173+0000][160][gc,phases   ] GC(14)   Evacuate Collection Set: 7.6ms
[2022-05-06T01:29:20.174+0000][160][gc,phases   ] GC(14)   Post Evacuate Collection Set: 0.8ms
[2022-05-06T01:29:20.175+0000][160][gc,phases   ] GC(14)   Other: 8.5ms
[2022-05-06T01:29:20.176+0000][160][gc,heap     ] GC(14) Eden regions: 9->0(70)
[2022-05-06T01:29:20.177+0000][160][gc,heap     ] GC(14) Survivor regions: 5->6(10)
[2022-05-06T01:29:20.177+0000][160][gc,heap     ] GC(14) Old regions: 11->11
[2022-05-06T01:29:20.178+0000][160][gc,heap     ] GC(14) Archive regions: 2->2
[2022-05-06T01:29:20.178+0000][160][gc,heap     ] GC(14) Humongous regions: 0->0
[2022-05-06T01:29:20.179+0000][160][gc,metaspace] GC(14) Metaspace: 87691K(89216K)->87691K(89216K) NonClass: 75520K(76416K)->75520K(76416K) Class: 12170K(12800K)->12170K(12800K)
[2022-05-06T01:29:20.180+0000][160][gc          ] GC(14) Pause Young (Concurrent Start) (Metadata GC Threshold) 101M->68M(512M) 26.782ms
[2022-05-06T01:29:20.181+0000][160][gc,cpu      ] GC(14) User=0.03s Sys=0.00s Real=0.03s
[2022-05-06T01:29:20.181+0000][160][safepoint   ] Safepoint "CollectForMetadataAllocation", Time since last: 406614292 ns, Reaching safepoint: 205917 ns, At safepoint: 28248583 ns, Total: 28454500 ns
[2022-05-06T01:29:20.182+0000][160][gc          ] GC(15) Concurrent Mark Cycle
[2022-05-06T01:29:20.184+0000][160][gc,marking  ] GC(15) Concurrent Clear Claimed Marks
[2022-05-06T01:29:20.185+0000][160][gc,marking  ] GC(15) Concurrent Clear Claimed Marks 1.015ms
[2022-05-06T01:29:20.186+0000][160][gc,marking  ] GC(15) Concurrent Scan Root Regions
[2022-05-06T01:29:20.197+0000][160][gc,marking  ] GC(15) Concurrent Scan Root Regions 10.841ms
[2022-05-06T01:29:20.198+0000][160][gc,marking  ] GC(15) Concurrent Mark
[2022-05-06T01:29:20.199+0000][160][gc,marking  ] GC(15) Concurrent Mark From Roots
[2022-05-06T01:29:20.200+0000][160][gc,task     ] GC(15) Using 1 workers of 1 for marking
[2022-05-06T01:29:20.241+0000][160][gc,marking  ] GC(15) Concurrent Mark From Roots 42.675ms
[2022-05-06T01:29:20.243+0000][160][gc,marking  ] GC(15) Concurrent Preclean
[2022-05-06T01:29:20.244+0000][160][gc,marking  ] GC(15) Concurrent Preclean 1.414ms
[2022-05-06T01:29:20.246+0000][160][gc,start    ] GC(15) Pause Remark
[2022-05-06T01:29:20.251+0000][160][gc          ] GC(15) Pause Remark 71M->71M(512M) 5.222ms
[2022-05-06T01:29:20.252+0000][160][gc,cpu      ] GC(15) User=0.02s Sys=0.00s Real=0.01s
[2022-05-06T01:29:20.253+0000][160][safepoint   ] Safepoint "G1Concurrent", Time since last: 63909125 ns, Reaching safepoint: 351125 ns, At safepoint: 7527042 ns, Total: 7878167 ns
[2022-05-06T01:29:20.254+0000][160][gc,marking  ] GC(15) Concurrent Mark 56.124ms
[2022-05-06T01:29:20.255+0000][160][gc,marking  ] GC(15) Concurrent Rebuild Remembered Sets
[2022-05-06T01:29:20.256+0000][160][gc,marking  ] GC(15) Concurrent Rebuild Remembered Sets 1.167ms
[2022-05-06T01:29:20.257+0000][160][gc,start    ] GC(15) Pause Cleanup
[2022-05-06T01:29:20.258+0000][160][gc          ] GC(15) Pause Cleanup 71M->71M(512M) 0.782ms
[2022-05-06T01:29:20.259+0000][160][gc,cpu      ] GC(15) User=0.00s Sys=0.00s Real=0.00s
[2022-05-06T01:29:20.260+0000][160][safepoint   ] Safepoint "G1Concurrent", Time since last: 3787958 ns, Reaching safepoint: 95833 ns, At safepoint: 2643375 ns, Total: 2739208 ns
[2022-05-06T01:29:20.260+0000][160][gc,marking  ] GC(15) Concurrent Cleanup for Next Mark
[2022-05-06T01:29:20.262+0000][160][gc,marking  ] GC(15) Concurrent Cleanup for Next Mark 1.699ms
[2022-05-06T01:29:20.263+0000][160][gc          ] GC(15) Concurrent Mark Cycle 80.696ms
[2022-05-06T01:29:20.703+0000][160][safepoint   ] Safepoint "ICBufferFull", Time since last: 442722292 ns, Reaching safepoint: 282584 ns, At safepoint: 9000 ns, Total: 291584 ns
[2022-05-06T01:29:20.845+0000][160][safepoint   ] Safepoint "ICBufferFull", Time since last: 142592916 ns, Reaching safepoint: 218417 ns, At safepoint: 4333 ns, Total: 222750 ns
[2022-05-06T01:29:21.119+0000][160][safepoint   ] Safepoint "ICBufferFull", Time since last: 273134167 ns, Reaching safepoint: 168833 ns, At safepoint: 13167 ns, Total: 182000 ns
[2022-05-06T01:29:21.422+0000][160][safepoint   ] Safepoint "ICBufferFull", Time since last: 302422417 ns, Reaching safepoint: 519292 ns, At safepoint: 29500 ns, Total: 548792 ns
[2022-05-06T01:29:21.662+0000][160][safepoint   ] Safepoint "ICBufferFull", Time since last: 240159625 ns, Reaching safepoint: 261583 ns, At safepoint: 9875 ns, Total: 271458 ns
[2022-05-06T01:29:21.843+0000][160][safepoint   ] Safepoint "ICBufferFull", Time since last: 180921250 ns, Reaching safepoint: 124875 ns, At safepoint: 15500 ns, Total: 140375 ns
[2022-05-06T01:29:22.175+0000][160][safepoint   ] Safepoint "ICBufferFull", Time since last: 331042667 ns, Reaching safepoint: 475417 ns, At safepoint: 9791 ns, Total: 485208 ns
[2022-05-06T01:29:22.593+0000][160][safepoint   ] Safepoint "ICBufferFull", Time since last: 418244042 ns, Reaching safepoint: 164542 ns, At safepoint: 15167 ns, Total: 179709 ns
[2022-05-06T01:29:22.639+0000][160][safepoint   ] Safepoint "ICBufferFull", Time since last: 45500583 ns, Reaching safepoint: 217750 ns, At safepoint: 22583 ns, Total: 240333 ns
[2022-05-06T01:29:22.688+0000][160][gc,start    ] GC(16) Pause Young (Normal) (G1 Evacuation Pause)
[2022-05-06T01:29:22.689+0000][160][gc,task     ] GC(16) Using 5 workers of 5 for evacuation
[2022-05-06T01:29:22.690+0000][160][gc,age      ] GC(16) Desired survivor size 20971520 bytes, new threshold 15 (max threshold 15)
[2022-05-06T01:29:22.712+0000][160][gc,age      ] GC(16) Age table with threshold 15 (max threshold 15)
[2022-05-06T01:29:22.713+0000][160][gc,age      ] GC(16) - age   1:    8620936 bytes,    8620936 total
[2022-05-06T01:29:22.715+0000][160][gc,age      ] GC(16) - age   2:     824128 bytes,    9445064 total
[2022-05-06T01:29:22.716+0000][160][gc,age      ] GC(16) - age   3:   13098424 bytes,   22543488 total
[2022-05-06T01:29:22.717+0000][160][gc,age      ] GC(16) - age   4:    5784440 bytes,   28327928 total
[2022-05-06T01:29:22.718+0000][160][gc,phases   ] GC(16)   Pre Evacuate Collection Set: 0.1ms
[2022-05-06T01:29:22.718+0000][160][gc,phases   ] GC(16)   Merge Heap Roots: 0.2ms
[2022-05-06T01:29:22.719+0000][160][gc,phases   ] GC(16)   Evacuate Collection Set: 18.7ms
[2022-05-06T01:29:22.719+0000][160][gc,phases   ] GC(16)   Post Evacuate Collection Set: 1.2ms
[2022-05-06T01:29:22.720+0000][160][gc,phases   ] GC(16)   Other: 9.4ms
[2022-05-06T01:29:22.721+0000][160][gc,heap     ] GC(16) Eden regions: 70->0(68)
[2022-05-06T01:29:22.722+0000][160][gc,heap     ] GC(16) Survivor regions: 6->8(10)
[2022-05-06T01:29:22.722+0000][160][gc,heap     ] GC(16) Old regions: 11->11
[2022-05-06T01:29:22.723+0000][160][gc,heap     ] GC(16) Archive regions: 2->2
[2022-05-06T01:29:22.724+0000][160][gc,heap     ] GC(16) Humongous regions: 6->6
[2022-05-06T01:29:22.724+0000][160][gc,metaspace] GC(16) Metaspace: 97379K(98880K)->97379K(98880K) NonClass: 83768K(84672K)->83768K(84672K) Class: 13611K(14208K)->13611K(14208K)
[2022-05-06T01:29:22.725+0000][160][gc          ] GC(16) Pause Young (Normal) (G1 Evacuation Pause) 372M->100M(512M) 37.240ms
[2022-05-06T01:29:22.726+0000][160][gc,cpu      ] GC(16) User=0.08s Sys=0.00s Real=0.03s
[2022-05-06T01:29:22.726+0000][160][safepoint   ] Safepoint "G1CollectForAllocation", Time since last: 48627959 ns, Reaching safepoint: 289750 ns, At safepoint: 38344791 ns, Total: 38634541 ns
[2022-05-06T01:29:23.311+0000][160][safepoint   ] Safepoint "ICBufferFull", Time since last: 584534876 ns, Reaching safepoint: 222791 ns, At safepoint: 4542 ns, Total: 227333 ns
[2022-05-06T01:29:23.840+0000][160][safepoint   ] Safepoint "ICBufferFull", Time since last: 528124583 ns, Reaching safepoint: 538334 ns, At safepoint: 7875 ns, Total: 546209 ns
[2022-05-06T01:29:24.849+0000][160][safepoint   ] Safepoint "Cleanup", Time since last: 1009005500 ns, Reaching safepoint: 318750 ns, At safepoint: 49584 ns, Total: 368334 ns
[2022-05-06T01:29:25.367+0000][160][safepoint   ] Safepoint "ICBufferFull", Time since last: 517587375 ns, Reaching safepoint: 206958 ns, At safepoint: 16542 ns, Total: 223500 ns
[2022-05-06T01:29:26.055+0000][160][safepoint   ] Safepoint "ICBufferFull", Time since last: 688023084 ns, Reaching safepoint: 284583 ns, At safepoint: 5792 ns, Total: 290375 ns
[2022-05-06T01:29:27.259+0000][160][safepoint   ] Safepoint "Cleanup", Time since last: 1203128750 ns, Reaching safepoint: 871458 ns, At safepoint: 10125 ns, Total: 881583 ns
[2022-05-06T01:29:28.266+0000][160][safepoint   ] Safepoint "Cleanup", Time since last: 1006882543 ns, Reaching safepoint: 225500 ns, At safepoint: 6708 ns, Total: 232208 ns
[2022-05-06T01:29:29.276+0000][160][safepoint   ] Safepoint "Cleanup", Time since last: 1009056625 ns, Reaching safepoint: 376459 ns, At safepoint: 27875 ns, Total: 404334 ns
[2022-05-06T01:29:31.285+0000][160][safepoint   ] Safepoint "Cleanup", Time since last: 2008539584 ns, Reaching safepoint: 407750 ns, At safepoint: 11417 ns, Total: 419167 ns
[2022-05-06T01:29:31.736+0000][160][safepoint   ] Safepoint "ICBufferFull", Time since last: 451281333 ns, Reaching safepoint: 245834 ns, At safepoint: 9166 ns, Total: 255000 ns
[2022-05-06T01:29:31.743+0000][160][gc,start    ] GC(17) Pause Young (Normal) (G1 Evacuation Pause)
[2022-05-06T01:29:31.744+0000][160][gc,task     ] GC(17) Using 5 workers of 5 for evacuation
[2022-05-06T01:29:31.745+0000][160][gc,age      ] GC(17) Desired survivor size 20971520 bytes, new threshold 3 (max threshold 15)
[2022-05-06T01:29:31.759+0000][160][gc,age      ] GC(17) Age table with threshold 3 (max threshold 15)
[2022-05-06T01:29:31.781+0000][160][gc,age      ] GC(17) - age   1:    4671728 bytes,    4671728 total
[2022-05-06T01:29:31.782+0000][160][gc,age      ] GC(17) - age   2:    7486360 bytes,   12158088 total
[2022-05-06T01:29:31.783+0000][160][gc,age      ] GC(17) - age   3:     810776 bytes,   12968864 total
[2022-05-06T01:29:31.783+0000][160][gc,phases   ] GC(17)   Pre Evacuate Collection Set: 0.1ms
[2022-05-06T01:29:31.785+0000][160][gc,phases   ] GC(17)   Merge Heap Roots: 0.2ms
[2022-05-06T01:29:31.786+0000][160][gc,phases   ] GC(17)   Evacuate Collection Set: 12.0ms
[2022-05-06T01:29:31.787+0000][160][gc,phases   ] GC(17)   Post Evacuate Collection Set: 1.2ms
[2022-05-06T01:29:31.787+0000][160][gc,phases   ] GC(17)   Other: 27.0ms
[2022-05-06T01:29:31.787+0000][160][gc,heap     ] GC(17) Eden regions: 68->0(72)
[2022-05-06T01:29:31.788+0000][160][gc,heap     ] GC(17) Survivor regions: 8->4(10)
[2022-05-06T01:29:31.789+0000][160][gc,heap     ] GC(17) Old regions: 11->16
[2022-05-06T01:29:31.790+0000][160][gc,heap     ] GC(17) Archive regions: 2->2
[2022-05-06T01:29:31.791+0000][160][gc,heap     ] GC(17) Humongous regions: 6->6
[2022-05-06T01:29:31.791+0000][160][gc,metaspace] GC(17) Metaspace: 101290K(102976K)->101290K(102976K) NonClass: 87142K(88128K)->87142K(88128K) Class: 14148K(14848K)->14148K(14848K)
[2022-05-06T01:29:31.792+0000][160][gc          ] GC(17) Pause Young (Normal) (G1 Evacuation Pause) 372M->105M(512M) 49.014ms
[2022-05-06T01:29:31.793+0000][160][gc,cpu      ] GC(17) User=0.05s Sys=0.00s Real=0.05s
[2022-05-06T01:29:31.795+0000][160][safepoint   ] Safepoint "G1CollectForAllocation", Time since last: 6638084 ns, Reaching safepoint: 65458 ns, At safepoint: 52139542 ns, Total: 52205000 ns
[2022-05-06T01:29:31.943+0000][160][safepoint   ] Safepoint "ICBufferFull", Time since last: 147748958 ns, Reaching safepoint: 177375 ns, At safepoint: 11042 ns, Total: 188417 ns
[2022-05-06T01:29:32.946+0000][160][safepoint   ] Safepoint "Cleanup", Time since last: 1002213208 ns, Reaching safepoint: 414375 ns, At safepoint: 18792 ns, Total: 433167 ns
[2022-05-06T01:29:35.954+0000][160][safepoint   ] Safepoint "Cleanup", Time since last: 3008088752 ns, Reaching safepoint: 509291 ns, At safepoint: 19125 ns, Total: 528416 ns
[2022-05-06T01:29:36.970+0000][160][safepoint   ] Safepoint "Cleanup", Time since last: 1015401501 ns, Reaching safepoint: 293875 ns, At safepoint: 19416 ns, Total: 313291 ns
[2022-05-06T01:29:38.979+0000][160][safepoint   ] Safepoint "Cleanup", Time since last: 2008985460 ns, Reaching safepoint: 160333 ns, At safepoint: 5083 ns, Total: 165416 ns
[2022-05-06T01:29:39.980+0000][160][safepoint   ] Safepoint "Cleanup", Time since last: 1000948084 ns, Reaching safepoint: 106750 ns, At safepoint: 3917 ns, Total: 110667 ns
[2022-05-06T01:29:40.470+0000][160][safepoint   ] Safepoint "ICBufferFull", Time since last: 489627958 ns, Reaching safepoint: 171542 ns, At safepoint: 4542 ns, Total: 176084 ns
[2022-05-06T01:29:40.495+0000][160][safepoint   ] Safepoint "ICBufferFull", Time since last: 25108166 ns, Reaching safepoint: 186167 ns, At safepoint: 9292 ns, Total: 195459 ns
[2022-05-06T01:29:40.613+0000][160][safepoint   ] Safepoint "ICBufferFull", Time since last: 117910625 ns, Reaching safepoint: 246333 ns, At safepoint: 8167 ns, Total: 254500 ns
[2022-05-06T01:29:40.880+0000][160][safepoint   ] Safepoint "ICBufferFull", Time since last: 266693125 ns, Reaching safepoint: 125667 ns, At safepoint: 9166 ns, Total: 134833 ns
[2022-05-06T01:29:40.983+0000][160][safepoint   ] Safepoint "ICBufferFull", Time since last: 102815417 ns, Reaching safepoint: 158042 ns, At safepoint: 10916 ns, Total: 168958 ns
[2022-05-06T01:29:41.140+0000][160][gc,start    ] GC(18) Pause Young (Normal) (G1 Evacuation Pause)
[2022-05-06T01:29:41.141+0000][160][gc,task     ] GC(18) Using 5 workers of 5 for evacuation
[2022-05-06T01:29:41.142+0000][160][gc,age      ] GC(18) Desired survivor size 20971520 bytes, new threshold 15 (max threshold 15)
[2022-05-06T01:29:41.150+0000][160][gc,age      ] GC(18) Age table with threshold 15 (max threshold 15)
[2022-05-06T01:29:41.153+0000][160][gc,age      ] GC(18) - age   1:    8932376 bytes,    8932376 total
[2022-05-06T01:29:41.153+0000][160][gc,age      ] GC(18) - age   2:    3640304 bytes,   12572680 total
[2022-05-06T01:29:41.154+0000][160][gc,age      ] GC(18) - age   3:    7485336 bytes,   20058016 total
[2022-05-06T01:29:41.155+0000][160][gc,age      ] GC(18) - age   4:     810584 bytes,   20868600 total
[2022-05-06T01:29:41.156+0000][160][gc,phases   ] GC(18)   Pre Evacuate Collection Set: 0.2ms
[2022-05-06T01:29:41.157+0000][160][gc,phases   ] GC(18)   Merge Heap Roots: 0.1ms
[2022-05-06T01:29:41.158+0000][160][gc,phases   ] GC(18)   Evacuate Collection Set: 5.6ms
[2022-05-06T01:29:41.159+0000][160][gc,phases   ] GC(18)   Post Evacuate Collection Set: 1.5ms
[2022-05-06T01:29:41.160+0000][160][gc,phases   ] GC(18)   Other: 9.0ms
[2022-05-06T01:29:41.161+0000][160][gc,heap     ] GC(18) Eden regions: 72->0(70)
[2022-05-06T01:29:41.162+0000][160][gc,heap     ] GC(18) Survivor regions: 4->6(10)
[2022-05-06T01:29:41.163+0000][160][gc,heap     ] GC(18) Old regions: 16->16
[2022-05-06T01:29:41.163+0000][160][gc,heap     ] GC(18) Archive regions: 2->2
[2022-05-06T01:29:41.164+0000][160][gc,heap     ] GC(18) Humongous regions: 6->6
[2022-05-06T01:29:41.165+0000][160][gc,metaspace] GC(18) Metaspace: 102634K(104192K)->102634K(104192K) NonClass: 88433K(89344K)->88433K(89344K) Class: 14200K(14848K)->14200K(14848K)
[2022-05-06T01:29:41.166+0000][160][gc          ] GC(18) Pause Young (Normal) (G1 Evacuation Pause) 393M->112M(512M) 25.761ms
[2022-05-06T01:29:41.167+0000][160][gc,cpu      ] GC(18) User=0.03s Sys=0.00s Real=0.03s
[2022-05-06T01:29:41.167+0000][160][safepoint   ] Safepoint "G1CollectForAllocation", Time since last: 156733375 ns, Reaching safepoint: 146459 ns, At safepoint: 27336583 ns, Total: 27483042 ns
[2022-05-06T01:29:41.241+0000][160][safepoint   ] Safepoint "ICBufferFull", Time since last: 73709542 ns, Reaching safepoint: 263333 ns, At safepoint: 21833 ns, Total: 285166 ns
[2022-05-06T01:29:41.593+0000][160][safepoint   ] Safepoint "ICBufferFull", Time since last: 351835542 ns, Reaching safepoint: 147292 ns, At safepoint: 29250 ns, Total: 176542 ns
[2022-05-06T01:29:41.888+0000][160][safepoint   ] Safepoint "ICBufferFull", Time since last: 294087083 ns, Reaching safepoint: 297459 ns, At safepoint: 26916 ns, Total: 324375 ns
[2022-05-06T01:29:41.968+0000][160][safepoint   ] Safepoint "ICBufferFull", Time since last: 80142292 ns, Reaching safepoint: 141875 ns, At safepoint: 128625 ns, Total: 270500 ns
[2022-05-06T01:29:42.135+0000][160][safepoint   ] Safepoint "ICBufferFull", Time since last: 166222792 ns, Reaching safepoint: 288833 ns, At safepoint: 16417 ns, Total: 305250 ns
[2022-05-06T01:29:42.322+0000][160][safepoint   ] Safepoint "ICBufferFull", Time since last: 186818083 ns, Reaching safepoint: 165250 ns, At safepoint: 4084 ns, Total: 169334 ns
[2022-05-06T01:29:42.364+0000][160][safepoint   ] Safepoint "ICBufferFull", Time since last: 41581125 ns, Reaching safepoint: 128875 ns, At safepoint: 15208 ns, Total: 144083 ns
[2022-05-06T01:29:42.627+0000][160][safepoint   ] Safepoint "ICBufferFull", Time since last: 262736875 ns, Reaching safepoint: 340375 ns, At safepoint: 77500 ns, Total: 417875 ns
[2022-05-06T01:29:42.828+0000][160][safepoint   ] Safepoint "ICBufferFull", Time since last: 200865459 ns, Reaching safepoint: 258875 ns, At safepoint: 12000 ns, Total: 270875 ns
[2022-05-06T01:29:42.836+0000][160][gc,start    ] GC(19) Pause Young (Normal) (G1 Evacuation Pause)
[2022-05-06T01:29:42.837+0000][160][gc,task     ] GC(19) Using 5 workers of 5 for evacuation
[2022-05-06T01:29:42.838+0000][160][gc,age      ] GC(19) Desired survivor size 20971520 bytes, new threshold 15 (max threshold 15)
[2022-05-06T01:29:42.846+0000][160][gc,age      ] GC(19) Age table with threshold 15 (max threshold 15)
[2022-05-06T01:29:42.847+0000][160][gc,age      ] GC(19) - age   1:   17581376 bytes,   17581376 total
[2022-05-06T01:29:42.848+0000][160][gc,age      ] GC(19) - age   2:    2758128 bytes,   20339504 total
[2022-05-06T01:29:42.850+0000][160][gc,age      ] GC(19) - age   3:    3639688 bytes,   23979192 total
[2022-05-06T01:29:42.851+0000][160][gc,age      ] GC(19) - age   4:    7439416 bytes,   31418608 total
[2022-05-06T01:29:42.852+0000][160][gc,age      ] GC(19) - age   5:     810552 bytes,   32229160 total
[2022-05-06T01:29:42.852+0000][160][gc,phases   ] GC(19)   Pre Evacuate Collection Set: 0.2ms
[2022-05-06T01:29:42.854+0000][160][gc,phases   ] GC(19)   Merge Heap Roots: 0.2ms
[2022-05-06T01:29:42.854+0000][160][gc,phases   ] GC(19)   Evacuate Collection Set: 5.9ms
[2022-05-06T01:29:42.855+0000][160][gc,phases   ] GC(19)   Post Evacuate Collection Set: 1.0ms
[2022-05-06T01:29:42.856+0000][160][gc,phases   ] GC(19)   Other: 9.6ms
[2022-05-06T01:29:42.856+0000][160][gc,heap     ] GC(19) Eden regions: 70->0(66)
[2022-05-06T01:29:42.857+0000][160][gc,heap     ] GC(19) Survivor regions: 6->9(10)
[2022-05-06T01:29:42.857+0000][160][gc,heap     ] GC(19) Old regions: 16->16
[2022-05-06T01:29:42.858+0000][160][gc,heap     ] GC(19) Archive regions: 2->2
[2022-05-06T01:29:42.859+0000][160][gc,heap     ] GC(19) Humongous regions: 6->6
[2022-05-06T01:29:42.859+0000][160][gc,metaspace] GC(19) Metaspace: 103206K(104832K)->103206K(104832K) NonClass: 88971K(89920K)->88971K(89920K) Class: 14234K(14912K)->14234K(14912K)
[2022-05-06T01:29:42.860+0000][160][gc          ] GC(19) Pause Young (Normal) (G1 Evacuation Pause) 392M->123M(512M) 24.109ms
[2022-05-06T01:29:42.860+0000][160][gc,cpu      ] GC(19) User=0.03s Sys=0.01s Real=0.03s
[2022-05-06T01:29:42.861+0000][160][safepoint   ] Safepoint "G1CollectForAllocation", Time since last: 7610666 ns, Reaching safepoint: 133125 ns, At safepoint: 25479792 ns, Total: 25612917 ns
[2022-05-06T01:29:43.170+0000][160][safepoint   ] Safepoint "ICBufferFull", Time since last: 308615542 ns, Reaching safepoint: 186708 ns, At safepoint: 48625 ns, Total: 235333 ns
[2022-05-06T01:29:43.413+0000][160][safepoint   ] Safepoint "ICBufferFull", Time since last: 242357958 ns, Reaching safepoint: 283459 ns, At safepoint: 11625 ns, Total: 295084 ns
[2022-05-06T01:29:43.844+0000][160][safepoint   ] Safepoint "ICBufferFull", Time since last: 431424583 ns, Reaching safepoint: 217000 ns, At safepoint: 11542 ns, Total: 228542 ns
[2022-05-06T01:29:44.262+0000][160][gc,start    ] GC(20) Pause Young (Normal) (G1 Evacuation Pause)
[2022-05-06T01:29:44.264+0000][160][gc,task     ] GC(20) Using 5 workers of 5 for evacuation
[2022-05-06T01:29:44.265+0000][160][gc,age      ] GC(20) Desired survivor size 20971520 bytes, new threshold 3 (max threshold 15)
[2022-05-06T01:29:44.275+0000][160][gc,age      ] GC(20) Age table with threshold 3 (max threshold 15)
[2022-05-06T01:29:44.277+0000][160][gc,age      ] GC(20) - age   1:   17322200 bytes,   17322200 total
[2022-05-06T01:29:44.279+0000][160][gc,age      ] GC(20) - age   2:   10181992 bytes,   27504192 total
[2022-05-06T01:29:44.280+0000][160][gc,age      ] GC(20) - age   3:    2569552 bytes,   30073744 total
[2022-05-06T01:29:44.282+0000][160][gc,phases   ] GC(20)   Pre Evacuate Collection Set: 0.2ms
[2022-05-06T01:29:44.283+0000][160][gc,phases   ] GC(20)   Merge Heap Roots: 0.3ms
[2022-05-06T01:29:44.284+0000][160][gc,phases   ] GC(20)   Evacuate Collection Set: 7.2ms
[2022-05-06T01:29:44.285+0000][160][gc,phases   ] GC(20)   Post Evacuate Collection Set: 1.0ms
[2022-05-06T01:29:44.286+0000][160][gc,phases   ] GC(20)   Other: 11.2ms
[2022-05-06T01:29:44.288+0000][160][gc,heap     ] GC(20) Eden regions: 66->0(61)
[2022-05-06T01:29:44.289+0000][160][gc,heap     ] GC(20) Survivor regions: 9->8(10)
[2022-05-06T01:29:44.290+0000][160][gc,heap     ] GC(20) Old regions: 16->19
[2022-05-06T01:29:44.291+0000][160][gc,heap     ] GC(20) Archive regions: 2->2
[2022-05-06T01:29:44.292+0000][160][gc,heap     ] GC(20) Humongous regions: 7->7
[2022-05-06T01:29:44.293+0000][160][gc,metaspace] GC(20) Metaspace: 103331K(104960K)->103331K(104960K) NonClass: 89096K(90048K)->89096K(90048K) Class: 14234K(14912K)->14234K(14912K)
[2022-05-06T01:29:44.294+0000][160][gc          ] GC(20) Pause Young (Normal) (G1 Evacuation Pause) 391M->136M(512M) 32.202ms
[2022-05-06T01:29:44.296+0000][160][gc,cpu      ] GC(20) User=0.06s Sys=0.00s Real=0.03s
[2022-05-06T01:29:44.297+0000][160][safepoint   ] Safepoint "G1CollectForAllocation", Time since last: 417598584 ns, Reaching safepoint: 128750 ns, At safepoint: 35578541 ns, Total: 35707291 ns
[2022-05-06T01:29:45.212+0000][160][safepoint   ] Safepoint "ICBufferFull", Time since last: 913690209 ns, Reaching safepoint: 325292 ns, At safepoint: 19708 ns, Total: 345000 ns
[2022-05-06T01:29:45.542+0000][160][gc,start    ] GC(21) Pause Young (Normal) (G1 Evacuation Pause)
[2022-05-06T01:29:45.543+0000][160][gc,task     ] GC(21) Using 5 workers of 5 for evacuation
[2022-05-06T01:29:45.544+0000][160][gc,age      ] GC(21) Desired survivor size 18874368 bytes, new threshold 2 (max threshold 15)
[2022-05-06T01:29:45.549+0000][160][gc,age      ] GC(21) Age table with threshold 2 (max threshold 15)
[2022-05-06T01:29:45.550+0000][160][gc,age      ] GC(21) - age   1:   12703272 bytes,   12703272 total
[2022-05-06T01:29:45.551+0000][160][gc,age      ] GC(21) - age   2:   12613104 bytes,   25316376 total
[2022-05-06T01:29:45.552+0000][160][gc,phases   ] GC(21)   Pre Evacuate Collection Set: 0.1ms
[2022-05-06T01:29:45.552+0000][160][gc,phases   ] GC(21)   Merge Heap Roots: 0.1ms
[2022-05-06T01:29:45.553+0000][160][gc,phases   ] GC(21)   Evacuate Collection Set: 2.7ms
[2022-05-06T01:29:45.553+0000][160][gc,phases   ] GC(21)   Post Evacuate Collection Set: 0.8ms
[2022-05-06T01:29:45.554+0000][160][gc,phases   ] GC(21)   Other: 5.7ms
[2022-05-06T01:29:45.555+0000][160][gc,heap     ] GC(21) Eden regions: 61->0(58)
[2022-05-06T01:29:45.555+0000][160][gc,heap     ] GC(21) Survivor regions: 8->7(9)
[2022-05-06T01:29:45.556+0000][160][gc,heap     ] GC(21) Old regions: 19->22
[2022-05-06T01:29:45.556+0000][160][gc,heap     ] GC(21) Archive regions: 2->2
[2022-05-06T01:29:45.557+0000][160][gc,heap     ] GC(21) Humongous regions: 8->8
[2022-05-06T01:29:45.558+0000][160][gc,metaspace] GC(21) Metaspace: 103352K(104960K)->103352K(104960K) NonClass: 89116K(90048K)->89116K(90048K) Class: 14235K(14912K)->14235K(14912K)
[2022-05-06T01:29:45.558+0000][160][gc          ] GC(21) Pause Young (Normal) (G1 Evacuation Pause) 384M->148M(512M) 16.036ms
[2022-05-06T01:29:45.559+0000][160][gc,cpu      ] GC(21) User=0.01s Sys=0.01s Real=0.02s
[2022-05-06T01:29:45.560+0000][160][safepoint   ] Safepoint "G1CollectForAllocation", Time since last: 330594750 ns, Reaching safepoint: 70875 ns, At safepoint: 17349333 ns, Total: 17420208 ns
[2022-05-06T01:29:46.565+0000][160][safepoint   ] Safepoint "ICBufferFull", Time since last: 1005707168 ns, Reaching safepoint: 220250 ns, At safepoint: 12083 ns, Total: 232333 ns
[2022-05-06T01:29:46.658+0000][160][safepoint   ] Safepoint "ICBufferFull", Time since last: 92165417 ns, Reaching safepoint: 233458 ns, At safepoint: 7750 ns, Total: 241208 ns
[2022-05-06T01:29:47.377+0000][160][gc,start    ] GC(22) Pause Young (Normal) (G1 Evacuation Pause)
[2022-05-06T01:29:47.378+0000][160][gc,task     ] GC(22) Using 5 workers of 5 for evacuation
[2022-05-06T01:29:47.380+0000][160][gc,age      ] GC(22) Desired survivor size 18874368 bytes, new threshold 2 (max threshold 15)
[2022-05-06T01:29:47.385+0000][160][gc,age      ] GC(22) Age table with threshold 2 (max threshold 15)
[2022-05-06T01:29:47.386+0000][160][gc,age      ] GC(22) - age   1:   18812520 bytes,   18812520 total
[2022-05-06T01:29:47.387+0000][160][gc,age      ] GC(22) - age   2:    5606976 bytes,   24419496 total
[2022-05-06T01:29:47.388+0000][160][gc,phases   ] GC(22)   Pre Evacuate Collection Set: 0.1ms
[2022-05-06T01:29:47.389+0000][160][gc,phases   ] GC(22)   Merge Heap Roots: 0.2ms
[2022-05-06T01:29:47.390+0000][160][gc,phases   ] GC(22)   Evacuate Collection Set: 2.7ms
[2022-05-06T01:29:47.390+0000][160][gc,phases   ] GC(22)   Post Evacuate Collection Set: 0.9ms
[2022-05-06T01:29:47.391+0000][160][gc,phases   ] GC(22)   Other: 6.6ms
[2022-05-06T01:29:47.392+0000][160][gc,heap     ] GC(22) Eden regions: 58->0(55)
[2022-05-06T01:29:47.394+0000][160][gc,heap     ] GC(22) Survivor regions: 7->7(9)
[2022-05-06T01:29:47.394+0000][160][gc,heap     ] GC(22) Old regions: 22->25
[2022-05-06T01:29:47.395+0000][160][gc,heap     ] GC(22) Archive regions: 2->2
[2022-05-06T01:29:47.396+0000][160][gc,heap     ] GC(22) Humongous regions: 8->8
[2022-05-06T01:29:47.396+0000][160][gc,metaspace] GC(22) Metaspace: 103397K(104960K)->103397K(104960K) NonClass: 89159K(90048K)->89159K(90048K) Class: 14237K(14912K)->14237K(14912K)
[2022-05-06T01:29:47.397+0000][160][gc          ] GC(22) Pause Young (Normal) (G1 Evacuation Pause) 380M->160M(512M) 20.052ms
[2022-05-06T01:29:47.398+0000][160][gc,cpu      ] GC(22) User=0.02s Sys=0.00s Real=0.02s
[2022-05-06T01:29:47.398+0000][160][safepoint   ] Safepoint "G1CollectForAllocation", Time since last: 718863875 ns, Reaching safepoint: 209292 ns, At safepoint: 21419125 ns, Total: 21628417 ns
[2022-05-06T01:29:48.005+0000][160][safepoint   ] Safepoint "ICBufferFull", Time since last: 605801834 ns, Reaching safepoint: 301250 ns, At safepoint: 21125 ns, Total: 322375 ns
[2022-05-06T01:29:48.560+0000][160][gc,start    ] GC(23) Pause Young (Normal) (G1 Evacuation Pause)
[2022-05-06T01:29:48.561+0000][160][gc,task     ] GC(23) Using 5 workers of 5 for evacuation
[2022-05-06T01:29:48.562+0000][160][gc,age      ] GC(23) Desired survivor size 16777216 bytes, new threshold 1 (max threshold 15)
[2022-05-06T01:29:48.566+0000][160][gc,age      ] GC(23) Age table with threshold 1 (max threshold 15)
[2022-05-06T01:29:48.567+0000][160][gc,age      ] GC(23) - age   1:   12710408 bytes,   12710408 total
[2022-05-06T01:29:48.568+0000][160][gc,phases   ] GC(23)   Pre Evacuate Collection Set: 0.1ms
[2022-05-06T01:29:48.568+0000][160][gc,phases   ] GC(23)   Merge Heap Roots: 0.2ms
[2022-05-06T01:29:48.569+0000][160][gc,phases   ] GC(23)   Evacuate Collection Set: 2.2ms
[2022-05-06T01:29:48.570+0000][160][gc,phases   ] GC(23)   Post Evacuate Collection Set: 0.8ms
[2022-05-06T01:29:48.571+0000][160][gc,phases   ] GC(23)   Other: 4.8ms
[2022-05-06T01:29:48.572+0000][160][gc,heap     ] GC(23) Eden regions: 55->0(53)
[2022-05-06T01:29:48.572+0000][160][gc,heap     ] GC(23) Survivor regions: 7->4(8)
[2022-05-06T01:29:48.573+0000][160][gc,heap     ] GC(23) Old regions: 25->31
[2022-05-06T01:29:48.574+0000][160][gc,heap     ] GC(23) Archive regions: 2->2
[2022-05-06T01:29:48.574+0000][160][gc,heap     ] GC(23) Humongous regions: 8->8
[2022-05-06T01:29:48.575+0000][160][gc,metaspace] GC(23) Metaspace: 103439K(105024K)->103439K(105024K) NonClass: 89201K(90112K)->89201K(90112K) Class: 14237K(14912K)->14237K(14912K)
[2022-05-06T01:29:48.576+0000][160][gc          ] GC(23) Pause Young (Normal) (G1 Evacuation Pause) 380M->171M(512M) 15.830ms
[2022-05-06T01:29:48.576+0000][160][gc,cpu      ] GC(23) User=0.01s Sys=0.01s Real=0.01s
[2022-05-06T01:29:48.577+0000][160][safepoint   ] Safepoint "G1CollectForAllocation", Time since last: 554070541 ns, Reaching safepoint: 235292 ns, At safepoint: 17082333 ns, Total: 17317625 ns
[2022-05-06T01:29:49.361+0000][160][safepoint   ] Safepoint "ICBufferFull", Time since last: 784120834 ns, Reaching safepoint: 230333 ns, At safepoint: 19250 ns, Total: 249583 ns
[2022-05-06T01:29:49.385+0000][160][gc,start    ] GC(24) Pause Young (Concurrent Start) (G1 Humongous Allocation)
[2022-05-06T01:29:49.386+0000][160][gc,task     ] GC(24) Using 5 workers of 5 for evacuation
[2022-05-06T01:29:49.386+0000][160][gc,age      ] GC(24) Desired survivor size 16777216 bytes, new threshold 15 (max threshold 15)
[2022-05-06T01:29:49.390+0000][160][gc,age      ] GC(24) Age table with threshold 15 (max threshold 15)
[2022-05-06T01:29:49.391+0000][160][gc,age      ] GC(24) - age   1:   10296816 bytes,   10296816 total
[2022-05-06T01:29:49.392+0000][160][gc,age      ] GC(24) - age   2:    8162400 bytes,   18459216 total
[2022-05-06T01:29:49.393+0000][160][gc,phases   ] GC(24)   Pre Evacuate Collection Set: 0.3ms
[2022-05-06T01:29:49.394+0000][160][gc,phases   ] GC(24)   Merge Heap Roots: 0.1ms
[2022-05-06T01:29:49.395+0000][160][gc,phases   ] GC(24)   Evacuate Collection Set: 1.4ms
[2022-05-06T01:29:49.397+0000][160][gc,phases   ] GC(24)   Post Evacuate Collection Set: 0.8ms
[2022-05-06T01:29:49.398+0000][160][gc,phases   ] GC(24)   Other: 5.7ms
[2022-05-06T01:29:49.399+0000][160][gc,heap     ] GC(24) Eden regions: 50->0(52)
[2022-05-06T01:29:49.400+0000][160][gc,heap     ] GC(24) Survivor regions: 4->5(8)
[2022-05-06T01:29:49.401+0000][160][gc,heap     ] GC(24) Old regions: 31->31
[2022-05-06T01:29:49.401+0000][160][gc,heap     ] GC(24) Archive regions: 2->2
[2022-05-06T01:29:49.403+0000][160][gc,heap     ] GC(24) Humongous regions: 8->8
[2022-05-06T01:29:49.423+0000][160][gc,metaspace] GC(24) Metaspace: 103457K(105024K)->103457K(105024K) NonClass: 89219K(90112K)->89219K(90112K) Class: 14238K(14912K)->14238K(14912K)
[2022-05-06T01:29:49.425+0000][160][gc          ] GC(24) Pause Young (Concurrent Start) (G1 Humongous Allocation) 371M->177M(512M) 39.958ms
[2022-05-06T01:29:49.425+0000][160][gc,cpu      ] GC(24) User=0.01s Sys=0.00s Real=0.04s
[2022-05-06T01:29:49.426+0000][160][safepoint   ] Safepoint "G1TryInitiateConcMark", Time since last: 23447208 ns, Reaching safepoint: 87792 ns, At safepoint: 41459875 ns, Total: 41547667 ns
[2022-05-06T01:29:49.426+0000][160][gc          ] GC(25) Concurrent Mark Cycle
[2022-05-06T01:29:49.428+0000][160][gc,marking  ] GC(25) Concurrent Clear Claimed Marks
[2022-05-06T01:29:49.429+0000][160][gc,marking  ] GC(25) Concurrent Clear Claimed Marks 0.835ms
[2022-05-06T01:29:49.429+0000][160][gc,marking  ] GC(25) Concurrent Scan Root Regions
[2022-05-06T01:29:49.432+0000][160][gc,marking  ] GC(25) Concurrent Scan Root Regions 2.382ms
[2022-05-06T01:29:49.432+0000][160][gc,marking  ] GC(25) Concurrent Mark
[2022-05-06T01:29:49.433+0000][160][gc,marking  ] GC(25) Concurrent Mark From Roots
[2022-05-06T01:29:49.434+0000][160][gc,task     ] GC(25) Using 1 workers of 1 for marking
[2022-05-06T01:29:49.505+0000][160][gc,marking  ] GC(25) Concurrent Mark From Roots 72.212ms
[2022-05-06T01:29:49.506+0000][160][gc,marking  ] GC(25) Concurrent Preclean
[2022-05-06T01:29:49.508+0000][160][gc,marking  ] GC(25) Concurrent Preclean 1.238ms
[2022-05-06T01:29:49.509+0000][160][gc,start    ] GC(25) Pause Remark
[2022-05-06T01:29:49.518+0000][160][gc          ] GC(25) Pause Remark 201M->197M(512M) 9.806ms
[2022-05-06T01:29:49.519+0000][160][gc,cpu      ] GC(25) User=0.03s Sys=0.00s Real=0.01s
[2022-05-06T01:29:49.520+0000][160][safepoint   ] Safepoint "G1Concurrent", Time since last: 81962083 ns, Reaching safepoint: 543709 ns, At safepoint: 11439625 ns, Total: 11983334 ns
[2022-05-06T01:29:49.521+0000][160][gc,marking  ] GC(25) Concurrent Mark 88.501ms
[2022-05-06T01:29:49.522+0000][160][gc,marking  ] GC(25) Concurrent Rebuild Remembered Sets
[2022-05-06T01:29:49.566+0000][160][gc,marking  ] GC(25) Concurrent Rebuild Remembered Sets 44.100ms
[2022-05-06T01:29:49.575+0000][160][gc,start    ] GC(25) Pause Cleanup
[2022-05-06T01:29:49.576+0000][160][gc          ] GC(25) Pause Cleanup 204M->204M(512M) 1.009ms
[2022-05-06T01:29:49.577+0000][160][gc,cpu      ] GC(25) User=0.00s Sys=0.00s Real=0.00s
[2022-05-06T01:29:49.577+0000][160][safepoint   ] Safepoint "G1Concurrent", Time since last: 47772000 ns, Reaching safepoint: 7104500 ns, At safepoint: 2411000 ns, Total: 9515500 ns
[2022-05-06T01:29:49.578+0000][160][gc,marking  ] GC(25) Concurrent Cleanup for Next Mark
[2022-05-06T01:29:49.580+0000][160][gc,marking  ] GC(25) Concurrent Cleanup for Next Mark 1.630ms
[2022-05-06T01:29:49.581+0000][160][gc          ] GC(25) Concurrent Mark Cycle 154.482ms
[2022-05-06T01:29:50.234+0000][160][gc,start    ] GC(26) Pause Young (Normal) (G1 Evacuation Pause)
[2022-05-06T01:29:50.235+0000][160][gc,task     ] GC(26) Using 5 workers of 5 for evacuation
[2022-05-06T01:29:50.236+0000][160][gc,age      ] GC(26) Desired survivor size 16777216 bytes, new threshold 2 (max threshold 15)
[2022-05-06T01:29:50.239+0000][160][gc,age      ] GC(26) Age table with threshold 2 (max threshold 15)
[2022-05-06T01:29:50.240+0000][160][gc,age      ] GC(26) - age   1:   11771272 bytes,   11771272 total
[2022-05-06T01:29:50.241+0000][160][gc,age      ] GC(26) - age   2:    4032808 bytes,   15804080 total
[2022-05-06T01:29:50.242+0000][160][gc,phases   ] GC(26)   Pre Evacuate Collection Set: 0.1ms
[2022-05-06T01:29:50.243+0000][160][gc,phases   ] GC(26)   Merge Heap Roots: 0.2ms
[2022-05-06T01:29:50.243+0000][160][gc,phases   ] GC(26)   Evacuate Collection Set: 1.5ms
[2022-05-06T01:29:50.244+0000][160][gc,phases   ] GC(26)   Post Evacuate Collection Set: 0.8ms
[2022-05-06T01:29:50.244+0000][160][gc,phases   ] GC(26)   Other: 5.4ms
[2022-05-06T01:29:50.245+0000][160][gc,heap     ] GC(26) Eden regions: 52->0(50)
[2022-05-06T01:29:50.245+0000][160][gc,heap     ] GC(26) Survivor regions: 5->5(8)
[2022-05-06T01:29:50.246+0000][160][gc,heap     ] GC(26) Old regions: 31->33
[2022-05-06T01:29:50.246+0000][160][gc,heap     ] GC(26) Archive regions: 2->2
[2022-05-06T01:29:50.247+0000][160][gc,heap     ] GC(26) Humongous regions: 8->8
[2022-05-06T01:29:50.247+0000][160][gc,metaspace] GC(26) Metaspace: 103462K(105088K)->103462K(105088K) NonClass: 89226K(90176K)->89226K(90176K) Class: 14236K(14912K)->14236K(14912K)
[2022-05-06T01:29:50.248+0000][160][gc          ] GC(26) Pause Young (Normal) (G1 Evacuation Pause) 385M->181M(512M) 13.943ms
[2022-05-06T01:29:50.249+0000][160][gc,cpu      ] GC(26) User=0.00s Sys=0.00s Real=0.02s
[2022-05-06T01:29:50.249+0000][160][safepoint   ] Safepoint "G1CollectForAllocation", Time since last: 656287333 ns, Reaching safepoint: 455709 ns, At safepoint: 15155875 ns, Total: 15611584 ns
[2022-05-06T01:29:50.920+0000][160][safepoint   ] Safepoint "ICBufferFull", Time since last: 670621333 ns, Reaching safepoint: 397167 ns, At safepoint: 23000 ns, Total: 420167 ns
[2022-05-06T01:29:51.238+0000][160][gc,start    ] GC(27) Pause Young (Concurrent Start) (G1 Evacuation Pause)
[2022-05-06T01:29:51.239+0000][160][gc,task     ] GC(27) Using 5 workers of 5 for evacuation
[2022-05-06T01:29:51.241+0000][160][gc,age      ] GC(27) Desired survivor size 14680064 bytes, new threshold 2 (max threshold 15)
[2022-05-06T01:29:51.244+0000][160][gc,age      ] GC(27) Age table with threshold 2 (max threshold 15)
[2022-05-06T01:29:51.245+0000][160][gc,age      ] GC(27) - age   1:    3334560 bytes,    3334560 total
[2022-05-06T01:29:51.247+0000][160][gc,age      ] GC(27) - age   2:    9151128 bytes,   12485688 total
[2022-05-06T01:29:51.247+0000][160][gc,phases   ] GC(27)   Pre Evacuate Collection Set: 0.3ms
[2022-05-06T01:29:51.248+0000][160][gc,phases   ] GC(27)   Merge Heap Roots: 0.4ms
[2022-05-06T01:29:51.249+0000][160][gc,phases   ] GC(27)   Evacuate Collection Set: 1.6ms
[2022-05-06T01:29:51.249+0000][160][gc,phases   ] GC(27)   Post Evacuate Collection Set: 0.8ms
[2022-05-06T01:29:51.250+0000][160][gc,phases   ] GC(27)   Other: 5.8ms
[2022-05-06T01:29:51.251+0000][160][gc,heap     ] GC(27) Eden regions: 50->0(51)
[2022-05-06T01:29:51.251+0000][160][gc,heap     ] GC(27) Survivor regions: 5->4(7)
[2022-05-06T01:29:51.252+0000][160][gc,heap     ] GC(27) Old regions: 33->34
[2022-05-06T01:29:51.252+0000][160][gc,heap     ] GC(27) Archive regions: 2->2
[2022-05-06T01:29:51.253+0000][160][gc,heap     ] GC(27) Humongous regions: 8->8
[2022-05-06T01:29:51.253+0000][160][gc,metaspace] GC(27) Metaspace: 103605K(105216K)->103605K(105216K) NonClass: 89352K(90304K)->89352K(90304K) Class: 14253K(14912K)->14253K(14912K)
[2022-05-06T01:29:51.254+0000][160][gc          ] GC(27) Pause Young (Concurrent Start) (G1 Evacuation Pause) 381M->181M(512M) 15.612ms
[2022-05-06T01:29:51.255+0000][160][gc,cpu      ] GC(27) User=0.01s Sys=0.00s Real=0.01s
[2022-05-06T01:29:51.255+0000][160][gc          ] GC(28) Concurrent Mark Cycle
[2022-05-06T01:29:51.256+0000][160][gc,marking  ] GC(28) Concurrent Clear Claimed Marks
[2022-05-06T01:29:51.255+0000][160][safepoint   ] Safepoint "G1CollectForAllocation", Time since last: 317782250 ns, Reaching safepoint: 234209 ns, At safepoint: 16951916 ns, Total: 17186125 ns
[2022-05-06T01:29:51.257+0000][160][gc,marking  ] GC(28) Concurrent Clear Claimed Marks 0.965ms
[2022-05-06T01:29:51.258+0000][160][gc,marking  ] GC(28) Concurrent Scan Root Regions
[2022-05-06T01:29:51.263+0000][160][gc,marking  ] GC(28) Concurrent Scan Root Regions 4.287ms
[2022-05-06T01:29:51.267+0000][160][gc,marking  ] GC(28) Concurrent Mark
[2022-05-06T01:29:51.268+0000][160][gc,marking  ] GC(28) Concurrent Mark From Roots
[2022-05-06T01:29:51.268+0000][160][gc,task     ] GC(28) Using 1 workers of 1 for marking
[2022-05-06T01:29:51.345+0000][160][gc,marking  ] GC(28) Concurrent Mark From Roots 77.474ms
[2022-05-06T01:29:51.348+0000][160][gc,marking  ] GC(28) Concurrent Preclean
[2022-05-06T01:29:51.352+0000][160][gc,marking  ] GC(28) Concurrent Preclean 3.733ms
[2022-05-06T01:29:51.355+0000][160][gc,start    ] GC(28) Pause Remark
[2022-05-06T01:29:51.360+0000][160][gc          ] GC(28) Pause Remark 282M->282M(512M) 4.817ms
[2022-05-06T01:29:51.361+0000][160][gc,cpu      ] GC(28) User=0.01s Sys=0.00s Real=0.01s
[2022-05-06T01:29:51.362+0000][160][safepoint   ] Safepoint "G1Concurrent", Time since last: 99349709 ns, Reaching safepoint: 301416 ns, At safepoint: 6740500 ns, Total: 7041916 ns
[2022-05-06T01:29:51.364+0000][160][gc,marking  ] GC(28) Concurrent Mark 97.834ms
[2022-05-06T01:29:51.365+0000][160][gc,marking  ] GC(28) Concurrent Rebuild Remembered Sets
[2022-05-06T01:29:51.415+0000][160][gc,marking  ] GC(28) Concurrent Rebuild Remembered Sets 49.783ms
[2022-05-06T01:29:51.418+0000][160][gc,start    ] GC(28) Pause Cleanup
[2022-05-06T01:29:51.420+0000][160][gc          ] GC(28) Pause Cleanup 285M->285M(512M) 1.582ms
[2022-05-06T01:29:51.421+0000][160][gc,cpu      ] GC(28) User=0.00s Sys=0.00s Real=0.00s
[2022-05-06T01:29:51.422+0000][160][safepoint   ] Safepoint "G1Concurrent", Time since last: 56380375 ns, Reaching safepoint: 245500 ns, At safepoint: 3725209 ns, Total: 3970709 ns
[2022-05-06T01:29:51.423+0000][160][gc,marking  ] GC(28) Concurrent Cleanup for Next Mark
[2022-05-06T01:29:51.425+0000][160][gc,marking  ] GC(28) Concurrent Cleanup for Next Mark 1.965ms
[2022-05-06T01:29:51.426+0000][160][gc          ] GC(28) Concurrent Mark Cycle 170.762ms
[2022-05-06T01:29:52.423+0000][160][safepoint   ] Safepoint "Cleanup", Time since last: 1000947375 ns, Reaching safepoint: 279875 ns, At safepoint: 16000 ns, Total: 295875 ns
[2022-05-06T01:29:53.152+0000][160][gc,start    ] GC(29) Pause Young (Prepare Mixed) (G1 Evacuation Pause)
[2022-05-06T01:29:53.153+0000][160][gc,task     ] GC(29) Using 5 workers of 5 for evacuation
[2022-05-06T01:29:53.154+0000][160][gc,age      ] GC(29) Desired survivor size 14680064 bytes, new threshold 15 (max threshold 15)
[2022-05-06T01:29:53.157+0000][160][gc,age      ] GC(29) Age table with threshold 15 (max threshold 15)
[2022-05-06T01:29:53.158+0000][160][gc,age      ] GC(29) - age   1:    1876344 bytes,    1876344 total
[2022-05-06T01:29:53.159+0000][160][gc,age      ] GC(29) - age   2:    2430032 bytes,    4306376 total
[2022-05-06T01:29:53.159+0000][160][gc,age      ] GC(29) - age   3:    9149640 bytes,   13456016 total
[2022-05-06T01:29:53.160+0000][160][gc,phases   ] GC(29)   Pre Evacuate Collection Set: 0.1ms
[2022-05-06T01:29:53.161+0000][160][gc,phases   ] GC(29)   Merge Heap Roots: 0.0ms
[2022-05-06T01:29:53.161+0000][160][gc,phases   ] GC(29)   Evacuate Collection Set: 1.8ms
[2022-05-06T01:29:53.162+0000][160][gc,phases   ] GC(29)   Post Evacuate Collection Set: 0.7ms
[2022-05-06T01:29:53.163+0000][160][gc,phases   ] GC(29)   Other: 5.2ms
[2022-05-06T01:29:53.163+0000][160][gc,heap     ] GC(29) Eden regions: 51->0(2)
[2022-05-06T01:29:53.163+0000][160][gc,heap     ] GC(29) Survivor regions: 4->4(7)
[2022-05-06T01:29:53.164+0000][160][gc,heap     ] GC(29) Old regions: 34->34
[2022-05-06T01:29:53.165+0000][160][gc,heap     ] GC(29) Archive regions: 2->2
[2022-05-06T01:29:53.166+0000][160][gc,heap     ] GC(29) Humongous regions: 8->8
[2022-05-06T01:29:53.166+0000][160][gc,metaspace] GC(29) Metaspace: 103779K(105344K)->103779K(105344K) NonClass: 89504K(90432K)->89504K(90432K) Class: 14275K(14912K)->14275K(14912K)
[2022-05-06T01:29:53.167+0000][160][gc          ] GC(29) Pause Young (Prepare Mixed) (G1 Evacuation Pause) 385M->181M(512M) 15.050ms
[2022-05-06T01:29:53.168+0000][160][gc,cpu      ] GC(29) User=0.01s Sys=0.00s Real=0.02s
[2022-05-06T01:29:53.169+0000][160][safepoint   ] Safepoint "G1CollectForAllocation", Time since last: 728466167 ns, Reaching safepoint: 242625 ns, At safepoint: 17074625 ns, Total: 17317250 ns
[2022-05-06T01:29:53.172+0000][160][gc,start    ] GC(30) Pause Young (Mixed) (G1 Evacuation Pause)
[2022-05-06T01:29:53.174+0000][160][gc,task     ] GC(30) Using 5 workers of 5 for evacuation
[2022-05-06T01:29:53.174+0000][160][gc,age      ] GC(30) Desired survivor size 2097152 bytes, new threshold 2 (max threshold 15)
[2022-05-06T01:29:53.177+0000][160][gc,age      ] GC(30) Age table with threshold 2 (max threshold 15)
[2022-05-06T01:29:53.178+0000][160][gc,age      ] GC(30) - age   1:      12744 bytes,      12744 total
[2022-05-06T01:29:53.179+0000][160][gc,age      ] GC(30) - age   2:    1866136 bytes,    1878880 total
[2022-05-06T01:29:53.179+0000][160][gc,phases   ] GC(30)   Pre Evacuate Collection Set: 0.1ms
[2022-05-06T01:29:53.180+0000][160][gc,phases   ] GC(30)   Merge Heap Roots: 0.1ms
[2022-05-06T01:29:53.181+0000][160][gc,phases   ] GC(30)   Evacuate Collection Set: 1.5ms
[2022-05-06T01:29:53.182+0000][160][gc,phases   ] GC(30)   Post Evacuate Collection Set: 0.8ms
[2022-05-06T01:29:53.183+0000][160][gc,phases   ] GC(30)   Other: 5.1ms
[2022-05-06T01:29:53.183+0000][160][gc,heap     ] GC(30) Eden regions: 2->0(55)
[2022-05-06T01:29:53.184+0000][160][gc,heap     ] GC(30) Survivor regions: 4->1(1)
[2022-05-06T01:29:53.185+0000][160][gc,heap     ] GC(30) Old regions: 34->35
[2022-05-06T01:29:53.185+0000][160][gc,heap     ] GC(30) Archive regions: 2->2
[2022-05-06T01:29:53.186+0000][160][gc,heap     ] GC(30) Humongous regions: 8->8
[2022-05-06T01:29:53.186+0000][160][gc,metaspace] GC(30) Metaspace: 103779K(105344K)->103779K(105344K) NonClass: 89504K(90432K)->89504K(90432K) Class: 14275K(14912K)->14275K(14912K)
[2022-05-06T01:29:53.187+0000][160][gc          ] GC(30) Pause Young (Mixed) (G1 Evacuation Pause) 189M->177M(512M) 15.476ms
[2022-05-06T01:29:53.188+0000][160][gc,cpu      ] GC(30) User=0.01s Sys=0.00s Real=0.02s
[2022-05-06T01:29:53.189+0000][160][safepoint   ] Safepoint "G1CollectForAllocation", Time since last: 2735958 ns, Reaching safepoint: 39042 ns, At safepoint: 16792625 ns, Total: 16831667 ns
[2022-05-06T01:29:53.683+0000][160][safepoint   ] Safepoint "ICBufferFull", Time since last: 493992834 ns, Reaching safepoint: 266208 ns, At safepoint: 30042 ns, Total: 296250 ns
[2022-05-06T01:29:54.512+0000][160][safepoint   ] Safepoint "ICBufferFull", Time since last: 828769250 ns, Reaching safepoint: 421333 ns, At safepoint: 44542 ns, Total: 465875 ns
[2022-05-06T01:29:55.273+0000][160][gc,start    ] GC(31) Pause Young (Concurrent Start) (G1 Evacuation Pause)
[2022-05-06T01:29:55.274+0000][160][gc,task     ] GC(31) Using 5 workers of 5 for evacuation
[2022-05-06T01:29:55.275+0000][160][gc,age      ] GC(31) Desired survivor size 14680064 bytes, new threshold 15 (max threshold 15)
[2022-05-06T01:29:55.279+0000][160][gc,age      ] GC(31) Age table with threshold 15 (max threshold 15)
[2022-05-06T01:29:55.280+0000][160][gc,age      ] GC(31) - age   1:   13800424 bytes,   13800424 total
[2022-05-06T01:29:55.281+0000][160][gc,age      ] GC(31) - age   3:     492792 bytes,   14293216 total
[2022-05-06T01:29:55.282+0000][160][gc,phases   ] GC(31)   Pre Evacuate Collection Set: 0.4ms
[2022-05-06T01:29:55.283+0000][160][gc,phases   ] GC(31)   Merge Heap Roots: 0.4ms
[2022-05-06T01:29:55.283+0000][160][gc,phases   ] GC(31)   Evacuate Collection Set: 2.1ms
[2022-05-06T01:29:55.284+0000][160][gc,phases   ] GC(31)   Post Evacuate Collection Set: 0.8ms
[2022-05-06T01:29:55.285+0000][160][gc,phases   ] GC(31)   Other: 5.1ms
[2022-05-06T01:29:55.286+0000][160][gc,heap     ] GC(31) Eden regions: 55->0(51)
[2022-05-06T01:29:55.286+0000][160][gc,heap     ] GC(31) Survivor regions: 1->4(7)
[2022-05-06T01:29:55.287+0000][160][gc,heap     ] GC(31) Old regions: 35->35
[2022-05-06T01:29:55.287+0000][160][gc,heap     ] GC(31) Archive regions: 2->2
[2022-05-06T01:29:55.289+0000][160][gc,heap     ] GC(31) Humongous regions: 8->8
[2022-05-06T01:29:55.290+0000][160][gc,metaspace] GC(31) Metaspace: 103986K(105536K)->103986K(105536K) NonClass: 89707K(90624K)->89707K(90624K) Class: 14279K(14912K)->14279K(14912K)
[2022-05-06T01:29:55.290+0000][160][gc          ] GC(31) Pause Young (Concurrent Start) (G1 Evacuation Pause) 397M->189M(512M) 17.077ms
[2022-05-06T01:29:55.291+0000][160][gc,cpu      ] GC(31) User=0.01s Sys=0.00s Real=0.02s
[2022-05-06T01:29:55.292+0000][160][safepoint   ] Safepoint "G1CollectForAllocation", Time since last: 760864709 ns, Reaching safepoint: 385166 ns, At safepoint: 18717584 ns, Total: 19102750 ns
[2022-05-06T01:29:55.292+0000][160][gc          ] GC(32) Concurrent Mark Cycle
[2022-05-06T01:29:55.296+0000][160][gc,marking  ] GC(32) Concurrent Clear Claimed Marks
[2022-05-06T01:29:55.297+0000][160][gc,marking  ] GC(32) Concurrent Clear Claimed Marks 1.096ms
[2022-05-06T01:29:55.299+0000][160][gc,marking  ] GC(32) Concurrent Scan Root Regions
[2022-05-06T01:29:55.301+0000][160][gc,marking  ] GC(32) Concurrent Scan Root Regions 2.786ms
[2022-05-06T01:29:55.302+0000][160][gc,marking  ] GC(32) Concurrent Mark
[2022-05-06T01:29:55.303+0000][160][gc,marking  ] GC(32) Concurrent Mark From Roots
[2022-05-06T01:29:55.304+0000][160][gc,task     ] GC(32) Using 1 workers of 1 for marking
[2022-05-06T01:29:55.383+0000][160][gc,marking  ] GC(32) Concurrent Mark From Roots 79.697ms
[2022-05-06T01:29:55.384+0000][160][gc,marking  ] GC(32) Concurrent Preclean
[2022-05-06T01:29:55.385+0000][160][gc,marking  ] GC(32) Concurrent Preclean 1.157ms
[2022-05-06T01:29:55.386+0000][160][gc,start    ] GC(32) Pause Remark
[2022-05-06T01:29:55.391+0000][160][gc          ] GC(32) Pause Remark 204M->188M(512M) 5.299ms
[2022-05-06T01:29:55.392+0000][160][gc,cpu      ] GC(32) User=0.01s Sys=0.01s Real=0.01s
[2022-05-06T01:29:55.393+0000][160][safepoint   ] Safepoint "G1Concurrent", Time since last: 93452708 ns, Reaching safepoint: 474084 ns, At safepoint: 6831208 ns, Total: 7305292 ns
[2022-05-06T01:29:55.394+0000][160][gc,marking  ] GC(32) Concurrent Mark 91.623ms
[2022-05-06T01:29:55.395+0000][160][gc,marking  ] GC(32) Concurrent Rebuild Remembered Sets
[2022-05-06T01:29:55.444+0000][160][gc,marking  ] GC(32) Concurrent Rebuild Remembered Sets 49.195ms
[2022-05-06T01:29:55.445+0000][160][gc,start    ] GC(32) Pause Cleanup
[2022-05-06T01:29:55.446+0000][160][gc          ] GC(32) Pause Cleanup 193M->193M(512M) 1.307ms
[2022-05-06T01:29:55.447+0000][160][gc,cpu      ] GC(32) User=0.00s Sys=0.00s Real=0.00s
[2022-05-06T01:29:55.448+0000][160][safepoint   ] Safepoint "G1Concurrent", Time since last: 51684333 ns, Reaching safepoint: 157875 ns, At safepoint: 3104417 ns, Total: 3262292 ns
[2022-05-06T01:29:55.448+0000][160][gc,marking  ] GC(32) Concurrent Cleanup for Next Mark
[2022-05-06T01:29:55.455+0000][160][gc,marking  ] GC(32) Concurrent Cleanup for Next Mark 6.062ms
[2022-05-06T01:29:55.456+0000][160][gc          ] GC(32) Concurrent Mark Cycle 163.904ms
[2022-05-06T01:29:56.449+0000][160][safepoint   ] Safepoint "Cleanup", Time since last: 1000893959 ns, Reaching safepoint: 179125 ns, At safepoint: 33208 ns, Total: 212333 ns
[2022-05-06T01:29:56.680+0000][160][gc,start    ] GC(33) Pause Young (Prepare Mixed) (G1 Evacuation Pause)
[2022-05-06T01:29:56.681+0000][160][gc,task     ] GC(33) Using 5 workers of 5 for evacuation
[2022-05-06T01:29:56.681+0000][160][gc,age      ] GC(33) Desired survivor size 14680064 bytes, new threshold 15 (max threshold 15)
[2022-05-06T01:29:56.685+0000][160][gc,age      ] GC(33) Age table with threshold 15 (max threshold 15)
[2022-05-06T01:29:56.685+0000][160][gc,age      ] GC(33) - age   1:     247864 bytes,     247864 total
[2022-05-06T01:29:56.686+0000][160][gc,age      ] GC(33) - age   2:   13258144 bytes,   13506008 total
[2022-05-06T01:29:56.687+0000][160][gc,age      ] GC(33) - age   4:     491920 bytes,   13997928 total
[2022-05-06T01:29:56.687+0000][160][gc,phases   ] GC(33)   Pre Evacuate Collection Set: 0.2ms
[2022-05-06T01:29:56.689+0000][160][gc,phases   ] GC(33)   Merge Heap Roots: 0.1ms
[2022-05-06T01:29:56.690+0000][160][gc,phases   ] GC(33)   Evacuate Collection Set: 1.4ms
[2022-05-06T01:29:56.690+0000][160][gc,phases   ] GC(33)   Post Evacuate Collection Set: 0.8ms
[2022-05-06T01:29:56.691+0000][160][gc,phases   ] GC(33)   Other: 4.7ms
[2022-05-06T01:29:56.692+0000][160][gc,heap     ] GC(33) Eden regions: 51->0(2)
[2022-05-06T01:29:56.692+0000][160][gc,heap     ] GC(33) Survivor regions: 4->4(7)
[2022-05-06T01:29:56.693+0000][160][gc,heap     ] GC(33) Old regions: 32->32
[2022-05-06T01:29:56.694+0000][160][gc,heap     ] GC(33) Archive regions: 2->2
[2022-05-06T01:29:56.695+0000][160][gc,heap     ] GC(33) Humongous regions: 7->7
[2022-05-06T01:29:56.695+0000][160][gc,metaspace] GC(33) Metaspace: 103997K(105536K)->103997K(105536K) NonClass: 89717K(90624K)->89717K(90624K) Class: 14279K(14912K)->14279K(14912K)
[2022-05-06T01:29:56.696+0000][160][gc          ] GC(33) Pause Young (Prepare Mixed) (G1 Evacuation Pause) 377M->173M(512M) 15.478ms
[2022-05-06T01:29:56.696+0000][160][gc,cpu      ] GC(33) User=0.01s Sys=0.00s Real=0.01s
[2022-05-06T01:29:56.697+0000][160][safepoint   ] Safepoint "G1CollectForAllocation", Time since last: 231155833 ns, Reaching safepoint: 200250 ns, At safepoint: 16952917 ns, Total: 17153167 ns
[2022-05-06T01:29:56.771+0000][160][gc,start    ] GC(34) Pause Young (Mixed) (G1 Evacuation Pause)
[2022-05-06T01:29:56.772+0000][160][gc,task     ] GC(34) Using 5 workers of 5 for evacuation
[2022-05-06T01:29:56.773+0000][160][gc,age      ] GC(34) Desired survivor size 2097152 bytes, new threshold 2 (max threshold 15)
[2022-05-06T01:29:56.776+0000][160][gc,age      ] GC(34) Age table with threshold 2 (max threshold 15)
[2022-05-06T01:29:56.777+0000][160][gc,age      ] GC(34) - age   1:      16408 bytes,      16408 total
[2022-05-06T01:29:56.777+0000][160][gc,age      ] GC(34) - age   2:     237472 bytes,     253880 total
[2022-05-06T01:29:56.778+0000][160][gc,phases   ] GC(34)   Pre Evacuate Collection Set: 0.1ms
[2022-05-06T01:29:56.779+0000][160][gc,phases   ] GC(34)   Merge Heap Roots: 0.1ms
[2022-05-06T01:29:56.780+0000][160][gc,phases   ] GC(34)   Evacuate Collection Set: 1.7ms
[2022-05-06T01:29:56.781+0000][160][gc,phases   ] GC(34)   Post Evacuate Collection Set: 0.8ms
[2022-05-06T01:29:56.782+0000][160][gc,phases   ] GC(34)   Other: 4.2ms
[2022-05-06T01:29:56.782+0000][160][gc,heap     ] GC(34) Eden regions: 2->0(56)
[2022-05-06T01:29:56.783+0000][160][gc,heap     ] GC(34) Survivor regions: 4->1(1)
[2022-05-06T01:29:56.784+0000][160][gc,heap     ] GC(34) Old regions: 32->35
[2022-05-06T01:29:56.784+0000][160][gc,heap     ] GC(34) Archive regions: 2->2
[2022-05-06T01:29:56.785+0000][160][gc,heap     ] GC(34) Humongous regions: 7->7
[2022-05-06T01:29:56.786+0000][160][gc,metaspace] GC(34) Metaspace: 103997K(105536K)->103997K(105536K) NonClass: 89717K(90624K)->89717K(90624K) Class: 14279K(14912K)->14279K(14912K)
[2022-05-06T01:29:56.786+0000][160][gc          ] GC(34) Pause Young (Mixed) (G1 Evacuation Pause) 181M->169M(512M) 14.797ms
[2022-05-06T01:29:56.787+0000][160][gc,cpu      ] GC(34) User=0.01s Sys=0.00s Real=0.01s
[2022-05-06T01:29:56.788+0000][160][safepoint   ] Safepoint "G1CollectForAllocation", Time since last: 74002834 ns, Reaching safepoint: 218541 ns, At safepoint: 16159167 ns, Total: 16377708 ns
[2022-05-06T01:29:57.789+0000][160][safepoint   ] Safepoint "Cleanup", Time since last: 1001200750 ns, Reaching safepoint: 143834 ns, At safepoint: 4708 ns, Total: 148542 ns
[2022-05-06T01:29:58.790+0000][160][safepoint   ] Safepoint "Cleanup", Time since last: 1000757292 ns, Reaching safepoint: 82083 ns, At safepoint: 3209 ns, Total: 85292 ns
[2022-05-06T01:29:59.796+0000][160][safepoint   ] Safepoint "Cleanup", Time since last: 1005946667 ns, Reaching safepoint: 95042 ns, At safepoint: 80666 ns, Total: 175708 ns
[2022-05-06T01:29:59.845+0000][160][gc,start    ] GC(35) Pause Young (Concurrent Start) (G1 Evacuation Pause)
[2022-05-06T01:29:59.846+0000][160][gc,task     ] GC(35) Using 5 workers of 5 for evacuation
[2022-05-06T01:29:59.848+0000][160][gc,age      ] GC(35) Desired survivor size 16777216 bytes, new threshold 15 (max threshold 15)
[2022-05-06T01:29:59.852+0000][160][gc,age      ] GC(35) Age table with threshold 15 (max threshold 15)
[2022-05-06T01:29:59.853+0000][160][gc,age      ] GC(35) - age   1:    1117896 bytes,    1117896 total
[2022-05-06T01:29:59.854+0000][160][gc,age      ] GC(35) - age   3:     103608 bytes,    1221504 total
[2022-05-06T01:29:59.855+0000][160][gc,phases   ] GC(35)   Pre Evacuate Collection Set: 0.4ms
[2022-05-06T01:29:59.855+0000][160][gc,phases   ] GC(35)   Merge Heap Roots: 0.6ms
[2022-05-06T01:29:59.856+0000][160][gc,phases   ] GC(35)   Evacuate Collection Set: 1.4ms
[2022-05-06T01:29:59.857+0000][160][gc,phases   ] GC(35)   Post Evacuate Collection Set: 0.9ms
[2022-05-06T01:29:59.857+0000][160][gc,phases   ] GC(35)   Other: 5.9ms
[2022-05-06T01:29:59.858+0000][160][gc,heap     ] GC(35) Eden regions: 56->0(57)
[2022-05-06T01:29:59.859+0000][160][gc,heap     ] GC(35) Survivor regions: 1->1(8)
[2022-05-06T01:29:59.859+0000][160][gc,heap     ] GC(35) Old regions: 35->35
[2022-05-06T01:29:59.860+0000][160][gc,heap     ] GC(35) Archive regions: 2->2
[2022-05-06T01:29:59.860+0000][160][gc,heap     ] GC(35) Humongous regions: 7->7
[2022-05-06T01:29:59.861+0000][160][gc,metaspace] GC(35) Metaspace: 104085K(105664K)->104085K(105664K) NonClass: 89803K(90752K)->89803K(90752K) Class: 14281K(14912K)->14281K(14912K)
[2022-05-06T01:29:59.861+0000][160][gc          ] GC(35) Pause Young (Concurrent Start) (G1 Evacuation Pause) 393M->170M(512M) 15.740ms
[2022-05-06T01:29:59.862+0000][160][gc,cpu      ] GC(35) User=0.01s Sys=0.00s Real=0.02s
[2022-05-06T01:29:59.862+0000][160][safepoint   ] Safepoint "G1CollectForAllocation", Time since last: 49213667 ns, Reaching safepoint: 319208 ns, At safepoint: 16973917 ns, Total: 17293125 ns
[2022-05-06T01:29:59.862+0000][160][gc          ] GC(36) Concurrent Mark Cycle
[2022-05-06T01:29:59.872+0000][160][gc,marking  ] GC(36) Concurrent Clear Claimed Marks
[2022-05-06T01:29:59.873+0000][160][gc,marking  ] GC(36) Concurrent Clear Claimed Marks 1.221ms
[2022-05-06T01:29:59.874+0000][160][gc,marking  ] GC(36) Concurrent Scan Root Regions
[2022-05-06T01:29:59.876+0000][160][gc,marking  ] GC(36) Concurrent Scan Root Regions 2.346ms
[2022-05-06T01:29:59.877+0000][160][gc,marking  ] GC(36) Concurrent Mark
[2022-05-06T01:29:59.877+0000][160][gc,marking  ] GC(36) Concurrent Mark From Roots
[2022-05-06T01:29:59.878+0000][160][gc,task     ] GC(36) Using 1 workers of 1 for marking
[2022-05-06T01:29:59.952+0000][160][gc,marking  ] GC(36) Concurrent Mark From Roots 74.327ms
[2022-05-06T01:29:59.953+0000][160][gc,marking  ] GC(36) Concurrent Preclean
[2022-05-06T01:29:59.954+0000][160][gc,marking  ] GC(36) Concurrent Preclean 0.757ms
[2022-05-06T01:29:59.955+0000][160][gc,start    ] GC(36) Pause Remark
[2022-05-06T01:29:59.961+0000][160][gc          ] GC(36) Pause Remark 253M->245M(512M) 5.140ms
[2022-05-06T01:29:59.962+0000][160][gc,cpu      ] GC(36) User=0.02s Sys=0.00s Real=0.01s
[2022-05-06T01:29:59.962+0000][160][safepoint   ] Safepoint "G1Concurrent", Time since last: 92420542 ns, Reaching safepoint: 570875 ns, At safepoint: 7084041 ns, Total: 7654916 ns
[2022-05-06T01:29:59.964+0000][160][gc,marking  ] GC(36) Concurrent Mark 87.377ms
[2022-05-06T01:29:59.965+0000][160][gc,marking  ] GC(36) Concurrent Rebuild Remembered Sets
[2022-05-06T01:30:00.013+0000][160][gc,marking  ] GC(36) Concurrent Rebuild Remembered Sets 47.782ms
[2022-05-06T01:30:00.014+0000][160][gc,start    ] GC(36) Pause Cleanup
[2022-05-06T01:30:00.015+0000][160][gc          ] GC(36) Pause Cleanup 246M->246M(512M) 0.928ms
[2022-05-06T01:30:00.016+0000][160][gc,cpu      ] GC(36) User=0.00s Sys=0.00s Real=0.00s
[2022-05-06T01:30:00.017+0000][160][safepoint   ] Safepoint "G1Concurrent", Time since last: 51212959 ns, Reaching safepoint: 52458 ns, At safepoint: 3619250 ns, Total: 3671708 ns
[2022-05-06T01:30:00.019+0000][160][gc,marking  ] GC(36) Concurrent Cleanup for Next Mark
[2022-05-06T01:30:00.022+0000][160][gc,marking  ] GC(36) Concurrent Cleanup for Next Mark 2.736ms
[2022-05-06T01:30:00.023+0000][160][gc          ] GC(36) Concurrent Mark Cycle 160.681ms
[2022-05-06T01:30:01.020+0000][160][safepoint   ] Safepoint "Cleanup", Time since last: 1001589251 ns, Reaching safepoint: 568083 ns, At safepoint: 4667 ns, Total: 572750 ns
[2022-05-06T01:30:01.275+0000][160][gc,start    ] GC(37) Pause Young (Prepare Mixed) (G1 Evacuation Pause)
[2022-05-06T01:30:01.276+0000][160][gc,task     ] GC(37) Using 5 workers of 5 for evacuation
[2022-05-06T01:30:01.277+0000][160][gc,age      ] GC(37) Desired survivor size 16777216 bytes, new threshold 15 (max threshold 15)
[2022-05-06T01:30:01.280+0000][160][gc,age      ] GC(37) Age table with threshold 15 (max threshold 15)
[2022-05-06T01:30:01.281+0000][160][gc,age      ] GC(37) - age   1:    9524904 bytes,    9524904 total
[2022-05-06T01:30:01.282+0000][160][gc,age      ] GC(37) - age   2:     156376 bytes,    9681280 total
[2022-05-06T01:30:01.282+0000][160][gc,age      ] GC(37) - age   4:      23760 bytes,    9705040 total
[2022-05-06T01:30:01.283+0000][160][gc,phases   ] GC(37)   Pre Evacuate Collection Set: 0.1ms
[2022-05-06T01:30:01.284+0000][160][gc,phases   ] GC(37)   Merge Heap Roots: 0.2ms
[2022-05-06T01:30:01.284+0000][160][gc,phases   ] GC(37)   Evacuate Collection Set: 1.5ms
[2022-05-06T01:30:01.285+0000][160][gc,phases   ] GC(37)   Post Evacuate Collection Set: 0.6ms
[2022-05-06T01:30:01.286+0000][160][gc,phases   ] GC(37)   Other: 5.4ms
[2022-05-06T01:30:01.286+0000][160][gc,heap     ] GC(37) Eden regions: 57->0(3)
[2022-05-06T01:30:01.287+0000][160][gc,heap     ] GC(37) Survivor regions: 1->3(8)
[2022-05-06T01:30:01.287+0000][160][gc,heap     ] GC(37) Old regions: 34->34
[2022-05-06T01:30:01.288+0000][160][gc,heap     ] GC(37) Archive regions: 2->2
[2022-05-06T01:30:01.289+0000][160][gc,heap     ] GC(37) Humongous regions: 6->6
[2022-05-06T01:30:01.289+0000][160][gc,metaspace] GC(37) Metaspace: 104164K(105728K)->104164K(105728K) NonClass: 89877K(90816K)->89877K(90816K) Class: 14286K(14912K)->14286K(14912K)
[2022-05-06T01:30:01.290+0000][160][gc          ] GC(37) Pause Young (Prepare Mixed) (G1 Evacuation Pause) 390M->170M(512M) 14.644ms
[2022-05-06T01:30:01.290+0000][160][gc,cpu      ] GC(37) User=0.01s Sys=0.00s Real=0.02s
[2022-05-06T01:30:01.291+0000][160][safepoint   ] Safepoint "G1CollectForAllocation", Time since last: 255453625 ns, Reaching safepoint: 247958 ns, At safepoint: 15759458 ns, Total: 16007416 ns
[2022-05-06T01:30:01.391+0000][160][gc,start    ] GC(38) Pause Young (Mixed) (G1 Evacuation Pause)
[2022-05-06T01:30:01.393+0000][160][gc,task     ] GC(38) Using 5 workers of 5 for evacuation
[2022-05-06T01:30:01.395+0000][160][gc,age      ] GC(38) Desired survivor size 2097152 bytes, new threshold 1 (max threshold 15)
[2022-05-06T01:30:01.397+0000][160][gc,age      ] GC(38) Age table with threshold 1 (max threshold 15)
[2022-05-06T01:30:01.398+0000][160][gc,age      ] GC(38) - age   1:    3060968 bytes,    3060968 total
[2022-05-06T01:30:01.399+0000][160][gc,phases   ] GC(38)   Pre Evacuate Collection Set: 0.1ms
[2022-05-06T01:30:01.400+0000][160][gc,phases   ] GC(38)   Merge Heap Roots: 0.1ms
[2022-05-06T01:30:01.400+0000][160][gc,phases   ] GC(38)   Evacuate Collection Set: 1.3ms
[2022-05-06T01:30:01.401+0000][160][gc,phases   ] GC(38)   Post Evacuate Collection Set: 0.8ms
[2022-05-06T01:30:01.402+0000][160][gc,phases   ] GC(38)   Other: 5.6ms
[2022-05-06T01:30:01.402+0000][160][gc,heap     ] GC(38) Eden regions: 3->0(60)
[2022-05-06T01:30:01.403+0000][160][gc,heap     ] GC(38) Survivor regions: 3->1(1)
[2022-05-06T01:30:01.404+0000][160][gc,heap     ] GC(38) Old regions: 34->32
[2022-05-06T01:30:01.404+0000][160][gc,heap     ] GC(38) Archive regions: 2->2
[2022-05-06T01:30:01.405+0000][160][gc,heap     ] GC(38) Humongous regions: 6->6
[2022-05-06T01:30:01.405+0000][160][gc,metaspace] GC(38) Metaspace: 104184K(105728K)->104184K(105728K) NonClass: 89898K(90816K)->89898K(90816K) Class: 14286K(14912K)->14286K(14912K)
[2022-05-06T01:30:01.406+0000][160][gc          ] GC(38) Pause Young (Mixed) (G1 Evacuation Pause) 182M->155M(512M) 14.882ms
[2022-05-06T01:30:01.407+0000][160][gc,cpu      ] GC(38) User=0.00s Sys=0.01s Real=0.01s
[2022-05-06T01:30:01.408+0000][160][safepoint   ] Safepoint "G1CollectForAllocation", Time since last: 100156417 ns, Reaching safepoint: 119083 ns, At safepoint: 16679292 ns, Total: 16798375 ns
[2022-05-06T01:30:02.410+0000][160][safepoint   ] Safepoint "Cleanup", Time since last: 1001598251 ns, Reaching safepoint: 269916 ns, At safepoint: 17084 ns, Total: 287000 ns
[2022-05-06T01:30:02.793+0000][160][gc,start    ] GC(39) Pause Young (Concurrent Start) (G1 Evacuation Pause)
[2022-05-06T01:30:02.794+0000][160][gc,task     ] GC(39) Using 5 workers of 5 for evacuation
[2022-05-06T01:30:02.794+0000][160][gc,age      ] GC(39) Desired survivor size 16777216 bytes, new threshold 15 (max threshold 15)
[2022-05-06T01:30:02.798+0000][160][gc,age      ] GC(39) Age table with threshold 15 (max threshold 15)
[2022-05-06T01:30:02.799+0000][160][gc,age      ] GC(39) - age   1:   17942096 bytes,   17942096 total
[2022-05-06T01:30:02.799+0000][160][gc,age      ] GC(39) - age   2:     416976 bytes,   18359072 total
[2022-05-06T01:30:02.800+0000][160][gc,phases   ] GC(39)   Pre Evacuate Collection Set: 0.2ms
[2022-05-06T01:30:02.801+0000][160][gc,phases   ] GC(39)   Merge Heap Roots: 0.2ms
[2022-05-06T01:30:02.801+0000][160][gc,phases   ] GC(39)   Evacuate Collection Set: 1.9ms
[2022-05-06T01:30:02.802+0000][160][gc,phases   ] GC(39)   Post Evacuate Collection Set: 0.6ms
[2022-05-06T01:30:02.803+0000][160][gc,phases   ] GC(39)   Other: 4.1ms
[2022-05-06T01:30:02.803+0000][160][gc,heap     ] GC(39) Eden regions: 60->0(53)
[2022-05-06T01:30:02.804+0000][160][gc,heap     ] GC(39) Survivor regions: 1->5(8)
[2022-05-06T01:30:02.805+0000][160][gc,heap     ] GC(39) Old regions: 32->32
[2022-05-06T01:30:02.805+0000][160][gc,heap     ] GC(39) Archive regions: 2->2
[2022-05-06T01:30:02.806+0000][160][gc,heap     ] GC(39) Humongous regions: 7->7
[2022-05-06T01:30:02.807+0000][160][gc,metaspace] GC(39) Metaspace: 104222K(105856K)->104222K(105856K) NonClass: 89935K(90880K)->89935K(90880K) Class: 14286K(14976K)->14286K(14976K)
[2022-05-06T01:30:02.807+0000][160][gc          ] GC(39) Pause Young (Concurrent Start) (G1 Evacuation Pause) 399M->174M(512M) 14.266ms
[2022-05-06T01:30:02.808+0000][160][gc,cpu      ] GC(39) User=0.01s Sys=0.00s Real=0.02s
[2022-05-06T01:30:02.808+0000][160][safepoint   ] Safepoint "G1CollectForAllocation", Time since last: 382959416 ns, Reaching safepoint: 271792 ns, At safepoint: 15406292 ns, Total: 15678084 ns
[2022-05-06T01:30:02.808+0000][160][gc          ] GC(40) Concurrent Mark Cycle
[2022-05-06T01:30:02.810+0000][160][gc,marking  ] GC(40) Concurrent Clear Claimed Marks
[2022-05-06T01:30:02.811+0000][160][gc,marking  ] GC(40) Concurrent Clear Claimed Marks 0.814ms
[2022-05-06T01:30:02.811+0000][160][gc,marking  ] GC(40) Concurrent Scan Root Regions
[2022-05-06T01:30:02.815+0000][160][gc,marking  ] GC(40) Concurrent Scan Root Regions 3.468ms
[2022-05-06T01:30:02.816+0000][160][gc,marking  ] GC(40) Concurrent Mark
[2022-05-06T01:30:02.817+0000][160][gc,marking  ] GC(40) Concurrent Mark From Roots
[2022-05-06T01:30:02.818+0000][160][gc,task     ] GC(40) Using 1 workers of 1 for marking
[2022-05-06T01:30:02.970+0000][160][gc,marking  ] GC(40) Concurrent Mark From Roots 153.867ms
[2022-05-06T01:30:02.971+0000][160][gc,marking  ] GC(40) Concurrent Preclean
[2022-05-06T01:30:02.972+0000][160][gc,marking  ] GC(40) Concurrent Preclean 1.330ms
[2022-05-06T01:30:02.974+0000][160][gc,start    ] GC(40) Pause Remark
[2022-05-06T01:30:02.979+0000][160][gc          ] GC(40) Pause Remark 222M->214M(512M) 5.482ms
[2022-05-06T01:30:02.980+0000][160][gc,cpu      ] GC(40) User=0.01s Sys=0.00s Real=0.01s
[2022-05-06T01:30:02.981+0000][160][safepoint   ] Safepoint "G1Concurrent", Time since last: 164876375 ns, Reaching safepoint: 285625 ns, At safepoint: 7869666 ns, Total: 8155291 ns
[2022-05-06T01:30:02.983+0000][160][gc,marking  ] GC(40) Concurrent Mark 166.779ms
[2022-05-06T01:30:02.985+0000][160][gc,marking  ] GC(40) Concurrent Rebuild Remembered Sets
[2022-05-06T01:30:03.030+0000][160][gc,marking  ] GC(40) Concurrent Rebuild Remembered Sets 45.524ms
[2022-05-06T01:30:03.032+0000][160][gc,start    ] GC(40) Pause Cleanup
[2022-05-06T01:30:03.033+0000][160][gc          ] GC(40) Pause Cleanup 227M->227M(512M) 0.874ms
[2022-05-06T01:30:03.034+0000][160][gc,cpu      ] GC(40) User=0.00s Sys=0.00s Real=0.00s
[2022-05-06T01:30:03.035+0000][160][safepoint   ] Safepoint "G1Concurrent", Time since last: 50618001 ns, Reaching safepoint: 288833 ns, At safepoint: 2617500 ns, Total: 2906333 ns
[2022-05-06T01:30:03.036+0000][160][gc,marking  ] GC(40) Concurrent Cleanup for Next Mark
[2022-05-06T01:30:03.037+0000][160][gc,marking  ] GC(40) Concurrent Cleanup for Next Mark 1.643ms
[2022-05-06T01:30:03.038+0000][160][gc          ] GC(40) Concurrent Mark Cycle 229.839ms
[2022-05-06T01:30:03.479+0000][160][gc,start    ] GC(41) Pause Young (Prepare Mixed) (G1 Evacuation Pause)
[2022-05-06T01:30:03.479+0000][160][gc,task     ] GC(41) Using 5 workers of 5 for evacuation
[2022-05-06T01:30:03.480+0000][160][gc,age      ] GC(41) Desired survivor size 16777216 bytes, new threshold 1 (max threshold 15)
[2022-05-06T01:30:03.483+0000][160][gc,age      ] GC(41) Age table with threshold 1 (max threshold 15)
[2022-05-06T01:30:03.484+0000][160][gc,age      ] GC(41) - age   1:   10143640 bytes,   10143640 total
[2022-05-06T01:30:03.485+0000][160][gc,phases   ] GC(41)   Pre Evacuate Collection Set: 0.1ms
[2022-05-06T01:30:03.486+0000][160][gc,phases   ] GC(41)   Merge Heap Roots: 0.1ms
[2022-05-06T01:30:03.486+0000][160][gc,phases   ] GC(41)   Evacuate Collection Set: 1.7ms
[2022-05-06T01:30:03.487+0000][160][gc,phases   ] GC(41)   Post Evacuate Collection Set: 0.6ms
[2022-05-06T01:30:03.488+0000][160][gc,phases   ] GC(41)   Other: 3.9ms
[2022-05-06T01:30:03.488+0000][160][gc,heap     ] GC(41) Eden regions: 53->0(3)
[2022-05-06T01:30:03.489+0000][160][gc,heap     ] GC(41) Survivor regions: 5->3(8)
[2022-05-06T01:30:03.490+0000][160][gc,heap     ] GC(41) Old regions: 30->33
[2022-05-06T01:30:03.491+0000][160][gc,heap     ] GC(41) Archive regions: 2->2
[2022-05-06T01:30:03.491+0000][160][gc,heap     ] GC(41) Humongous regions: 7->7
[2022-05-06T01:30:03.492+0000][160][gc,metaspace] GC(41) Metaspace: 104227K(105856K)->104227K(105856K) NonClass: 89939K(90880K)->89939K(90880K) Class: 14287K(14976K)->14287K(14976K)
[2022-05-06T01:30:03.493+0000][160][gc          ] GC(41) Pause Young (Prepare Mixed) (G1 Evacuation Pause) 378M->173M(512M) 13.987ms
[2022-05-06T01:30:03.493+0000][160][gc,cpu      ] GC(41) User=0.01s Sys=0.00s Real=0.01s
[2022-05-06T01:30:03.494+0000][160][safepoint   ] Safepoint "G1CollectForAllocation", Time since last: 443459458 ns, Reaching safepoint: 81459 ns, At safepoint: 15371416 ns, Total: 15452875 ns
[2022-05-06T01:30:03.546+0000][160][gc,start    ] GC(42) Pause Young (Mixed) (G1 Evacuation Pause)
[2022-05-06T01:30:03.547+0000][160][gc,task     ] GC(42) Using 5 workers of 5 for evacuation
[2022-05-06T01:30:03.548+0000][160][gc,age      ] GC(42) Desired survivor size 2097152 bytes, new threshold 1 (max threshold 15)
[2022-05-06T01:30:03.550+0000][160][gc,age      ] GC(42) Age table with threshold 1 (max threshold 15)
[2022-05-06T01:30:03.551+0000][160][gc,age      ] GC(42) - age   1:    1318600 bytes,    1318600 total
[2022-05-06T01:30:03.552+0000][160][gc,phases   ] GC(42)   Pre Evacuate Collection Set: 0.0ms
[2022-05-06T01:30:03.553+0000][160][gc,phases   ] GC(42)   Merge Heap Roots: 0.0ms
[2022-05-06T01:30:03.554+0000][160][gc,phases   ] GC(42)   Evacuate Collection Set: 1.1ms
[2022-05-06T01:30:03.554+0000][160][gc,phases   ] GC(42)   Post Evacuate Collection Set: 0.6ms
[2022-05-06T01:30:03.555+0000][160][gc,phases   ] GC(42)   Other: 4.3ms
[2022-05-06T01:30:03.556+0000][160][gc,heap     ] GC(42) Eden regions: 3->0(55)
[2022-05-06T01:30:03.556+0000][160][gc,heap     ] GC(42) Survivor regions: 3->1(1)
[2022-05-06T01:30:03.557+0000][160][gc,heap     ] GC(42) Old regions: 33->34
[2022-05-06T01:30:03.558+0000][160][gc,heap     ] GC(42) Archive regions: 2->2
[2022-05-06T01:30:03.559+0000][160][gc,heap     ] GC(42) Humongous regions: 7->7
[2022-05-06T01:30:03.559+0000][160][gc,metaspace] GC(42) Metaspace: 104235K(105856K)->104235K(105856K) NonClass: 89948K(90880K)->89948K(90880K) Class: 14287K(14976K)->14287K(14976K)
[2022-05-06T01:30:03.560+0000][160][gc          ] GC(42) Pause Young (Mixed) (G1 Evacuation Pause) 185M->166M(512M) 13.621ms
[2022-05-06T01:30:03.560+0000][160][gc,cpu      ] GC(42) User=0.00s Sys=0.00s Real=0.02s
[2022-05-06T01:30:03.561+0000][160][safepoint   ] Safepoint "G1CollectForAllocation", Time since last: 52082875 ns, Reaching safepoint: 49542 ns, At safepoint: 15306375 ns, Total: 15355917 ns
[2022-05-06T01:30:04.504+0000][160][gc,start    ] GC(43) Pause Young (Normal) (G1 Evacuation Pause)
[2022-05-06T01:30:04.505+0000][160][gc,task     ] GC(43) Using 5 workers of 5 for evacuation
[2022-05-06T01:30:04.506+0000][160][gc,age      ] GC(43) Desired survivor size 14680064 bytes, new threshold 15 (max threshold 15)
[2022-05-06T01:30:04.510+0000][160][gc,age      ] GC(43) Age table with threshold 15 (max threshold 15)
[2022-05-06T01:30:04.511+0000][160][gc,age      ] GC(43) - age   1:   12622976 bytes,   12622976 total
[2022-05-06T01:30:04.512+0000][160][gc,age      ] GC(43) - age   2:     157064 bytes,   12780040 total
[2022-05-06T01:30:04.513+0000][160][gc,phases   ] GC(43)   Pre Evacuate Collection Set: 0.1ms
[2022-05-06T01:30:04.514+0000][160][gc,phases   ] GC(43)   Merge Heap Roots: 0.0ms
[2022-05-06T01:30:04.515+0000][160][gc,phases   ] GC(43)   Evacuate Collection Set: 1.2ms
[2022-05-06T01:30:04.516+0000][160][gc,phases   ] GC(43)   Post Evacuate Collection Set: 0.7ms
[2022-05-06T01:30:04.517+0000][160][gc,phases   ] GC(43)   Other: 6.8ms
[2022-05-06T01:30:04.519+0000][160][gc,heap     ] GC(43) Eden regions: 55->0(51)
[2022-05-06T01:30:04.520+0000][160][gc,heap     ] GC(43) Survivor regions: 1->4(7)
[2022-05-06T01:30:04.521+0000][160][gc,heap     ] GC(43) Old regions: 34->34
[2022-05-06T01:30:04.521+0000][160][gc,heap     ] GC(43) Archive regions: 2->2
[2022-05-06T01:30:04.522+0000][160][gc,heap     ] GC(43) Humongous regions: 8->8
[2022-05-06T01:30:04.523+0000][160][gc,metaspace] GC(43) Metaspace: 104244K(105856K)->104244K(105856K) NonClass: 89957K(90880K)->89957K(90880K) Class: 14287K(14976K)->14287K(14976K)
[2022-05-06T01:30:04.524+0000][160][gc          ] GC(43) Pause Young (Normal) (G1 Evacuation Pause) 390M->181M(512M) 19.543ms
[2022-05-06T01:30:04.525+0000][160][gc,cpu      ] GC(43) User=0.00s Sys=0.00s Real=0.02s
[2022-05-06T01:30:04.526+0000][160][safepoint   ] Safepoint "G1CollectForAllocation", Time since last: 942708417 ns, Reaching safepoint: 172125 ns, At safepoint: 21426334 ns, Total: 21598459 ns
[2022-05-06T01:30:05.889+0000][160][safepoint   ] Safepoint "Cleanup", Time since last: 1363088667 ns, Reaching safepoint: 142000 ns, At safepoint: 47042 ns, Total: 189042 ns
[2022-05-06T01:30:05.947+0000][160][gc,start    ] GC(44) Pause Young (Normal) (G1 Evacuation Pause)
[2022-05-06T01:30:05.948+0000][160][gc,task     ] GC(44) Using 5 workers of 5 for evacuation
[2022-05-06T01:30:05.949+0000][160][gc,age      ] GC(44) Desired survivor size 14680064 bytes, new threshold 15 (max threshold 15)
[2022-05-06T01:30:05.953+0000][160][gc,age      ] GC(44) Age table with threshold 15 (max threshold 15)
[2022-05-06T01:30:05.954+0000][160][gc,age      ] GC(44) - age   1:   17250008 bytes,   17250008 total
[2022-05-06T01:30:05.955+0000][160][gc,age      ] GC(44) - age   2:    5279184 bytes,   22529192 total
[2022-05-06T01:30:05.956+0000][160][gc,age      ] GC(44) - age   3:     156808 bytes,   22686000 total
[2022-05-06T01:30:05.956+0000][160][gc,phases   ] GC(44)   Pre Evacuate Collection Set: 0.2ms
[2022-05-06T01:30:05.957+0000][160][gc,phases   ] GC(44)   Merge Heap Roots: 0.2ms
[2022-05-06T01:30:05.958+0000][160][gc,phases   ] GC(44)   Evacuate Collection Set: 1.7ms
[2022-05-06T01:30:05.958+0000][160][gc,phases   ] GC(44)   Post Evacuate Collection Set: 0.7ms
[2022-05-06T01:30:05.959+0000][160][gc,phases   ] GC(44)   Other: 6.7ms
[2022-05-06T01:30:05.960+0000][160][gc,heap     ] GC(44) Eden regions: 51->0(48)
[2022-05-06T01:30:05.961+0000][160][gc,heap     ] GC(44) Survivor regions: 4->6(7)
[2022-05-06T01:30:05.962+0000][160][gc,heap     ] GC(44) Old regions: 34->34
[2022-05-06T01:30:05.962+0000][160][gc,heap     ] GC(44) Archive regions: 2->2
[2022-05-06T01:30:05.963+0000][160][gc,heap     ] GC(44) Humongous regions: 8->8
[2022-05-06T01:30:05.964+0000][160][gc,metaspace] GC(44) Metaspace: 104262K(105856K)->104262K(105856K) NonClass: 89974K(90880K)->89974K(90880K) Class: 14287K(14976K)->14287K(14976K)
[2022-05-06T01:30:05.964+0000][160][gc          ] GC(44) Pause Young (Normal) (G1 Evacuation Pause) 385M->192M(512M) 17.389ms
[2022-05-06T01:30:05.965+0000][160][gc,cpu      ] GC(44) User=0.01s Sys=0.00s Real=0.02s
[2022-05-06T01:30:05.966+0000][160][safepoint   ] Safepoint "G1CollectForAllocation", Time since last: 57952833 ns, Reaching safepoint: 54958 ns, At safepoint: 18710917 ns, Total: 18765875 ns
[2022-05-06T01:30:06.967+0000][160][safepoint   ] Safepoint "Cleanup", Time since last: 1000757084 ns, Reaching safepoint: 325250 ns, At safepoint: 81541 ns, Total: 406791 ns
[2022-05-06T01:30:07.003+0000][160][gc,start    ] GC(45) Pause Young (Normal) (G1 Evacuation Pause)
[2022-05-06T01:30:07.004+0000][160][gc,task     ] GC(45) Using 5 workers of 5 for evacuation
[2022-05-06T01:30:07.005+0000][160][gc,age      ] GC(45) Desired survivor size 14680064 bytes, new threshold 1 (max threshold 15)
[2022-05-06T01:30:07.008+0000][160][gc,age      ] GC(45) Age table with threshold 1 (max threshold 15)
[2022-05-06T01:30:07.010+0000][160][gc,age      ] GC(45) - age   1:   19983400 bytes,   19983400 total
[2022-05-06T01:30:07.011+0000][160][gc,phases   ] GC(45)   Pre Evacuate Collection Set: 0.1ms
[2022-05-06T01:30:07.012+0000][160][gc,phases   ] GC(45)   Merge Heap Roots: 0.2ms
[2022-05-06T01:30:07.013+0000][160][gc,phases   ] GC(45)   Evacuate Collection Set: 1.9ms
[2022-05-06T01:30:07.013+0000][160][gc,phases   ] GC(45)   Post Evacuate Collection Set: 0.8ms
[2022-05-06T01:30:07.014+0000][160][gc,phases   ] GC(45)   Other: 4.8ms
[2022-05-06T01:30:07.015+0000][160][gc,heap     ] GC(45) Eden regions: 48->0(42)
[2022-05-06T01:30:07.016+0000][160][gc,heap     ] GC(45) Survivor regions: 6->6(7)
[2022-05-06T01:30:07.016+0000][160][gc,heap     ] GC(45) Old regions: 34->37
[2022-05-06T01:30:07.017+0000][160][gc,heap     ] GC(45) Archive regions: 2->2
[2022-05-06T01:30:07.018+0000][160][gc,heap     ] GC(45) Humongous regions: 10->9
[2022-05-06T01:30:07.018+0000][160][gc,metaspace] GC(45) Metaspace: 104272K(105856K)->104272K(105856K) NonClass: 89985K(90880K)->89985K(90880K) Class: 14287K(14976K)->14287K(14976K)
[2022-05-06T01:30:07.019+0000][160][gc          ] GC(45) Pause Young (Normal) (G1 Evacuation Pause) 392M->205M(512M) 16.063ms
[2022-05-06T01:30:07.020+0000][160][gc,cpu      ] GC(45) User=0.00s Sys=0.00s Real=0.02s
[2022-05-06T01:30:07.020+0000][160][safepoint   ] Safepoint "G1CollectForAllocation", Time since last: 35898292 ns, Reaching safepoint: 124417 ns, At safepoint: 17432916 ns, Total: 17557333 ns
[2022-05-06T01:30:07.672+0000][160][gc,start    ] GC(46) Pause Young (Concurrent Start) (G1 Evacuation Pause)
[2022-05-06T01:30:07.673+0000][160][gc,task     ] GC(46) Using 5 workers of 5 for evacuation
[2022-05-06T01:30:07.674+0000][160][gc,age      ] GC(46) Desired survivor size 12582912 bytes, new threshold 1 (max threshold 15)
[2022-05-06T01:30:07.677+0000][160][gc,age      ] GC(46) Age table with threshold 1 (max threshold 15)
[2022-05-06T01:30:07.678+0000][160][gc,age      ] GC(46) - age   1:    9718632 bytes,    9718632 total
[2022-05-06T01:30:07.678+0000][160][gc,phases   ] GC(46)   Pre Evacuate Collection Set: 0.2ms
[2022-05-06T01:30:07.679+0000][160][gc,phases   ] GC(46)   Merge Heap Roots: 0.1ms
[2022-05-06T01:30:07.680+0000][160][gc,phases   ] GC(46)   Evacuate Collection Set: 1.6ms
[2022-05-06T01:30:07.681+0000][160][gc,phases   ] GC(46)   Post Evacuate Collection Set: 0.7ms
[2022-05-06T01:30:07.681+0000][160][gc,phases   ] GC(46)   Other: 3.7ms
[2022-05-06T01:30:07.684+0000][160][gc,heap     ] GC(46) Eden regions: 42->0(42)
[2022-05-06T01:30:07.685+0000][160][gc,heap     ] GC(46) Survivor regions: 6->3(6)
[2022-05-06T01:30:07.685+0000][160][gc,heap     ] GC(46) Old regions: 37->41
[2022-05-06T01:30:07.686+0000][160][gc,heap     ] GC(46) Archive regions: 2->2
[2022-05-06T01:30:07.687+0000][160][gc,heap     ] GC(46) Humongous regions: 9->9
[2022-05-06T01:30:07.688+0000][160][gc,metaspace] GC(46) Metaspace: 104286K(105920K)->104286K(105920K) NonClass: 89999K(90944K)->89999K(90944K) Class: 14287K(14976K)->14287K(14976K)
[2022-05-06T01:30:07.688+0000][160][gc          ] GC(46) Pause Young (Concurrent Start) (G1 Evacuation Pause) 373M->211M(512M) 16.082ms
[2022-05-06T01:30:07.689+0000][160][gc,cpu      ] GC(46) User=0.01s Sys=0.00s Real=0.02s
[2022-05-06T01:30:07.690+0000][160][safepoint   ] Safepoint "G1CollectForAllocation", Time since last: 651635542 ns, Reaching safepoint: 214459 ns, At safepoint: 17507125 ns, Total: 17721584 ns
[2022-05-06T01:30:07.690+0000][160][gc          ] GC(47) Concurrent Mark Cycle
[2022-05-06T01:30:07.692+0000][160][gc,marking  ] GC(47) Concurrent Clear Claimed Marks
[2022-05-06T01:30:07.693+0000][160][gc,marking  ] GC(47) Concurrent Clear Claimed Marks 0.619ms
[2022-05-06T01:30:07.694+0000][160][gc,marking  ] GC(47) Concurrent Scan Root Regions
[2022-05-06T01:30:07.696+0000][160][gc,marking  ] GC(47) Concurrent Scan Root Regions 2.091ms
[2022-05-06T01:30:07.697+0000][160][gc,marking  ] GC(47) Concurrent Mark
[2022-05-06T01:30:07.698+0000][160][gc,marking  ] GC(47) Concurrent Mark From Roots
[2022-05-06T01:30:07.699+0000][160][gc,task     ] GC(47) Using 1 workers of 1 for marking
[2022-05-06T01:30:07.857+0000][160][gc,marking  ] GC(47) Concurrent Mark From Roots 158.736ms
[2022-05-06T01:30:07.857+0000][160][gc,marking  ] GC(47) Concurrent Preclean
[2022-05-06T01:30:07.859+0000][160][gc,marking  ] GC(47) Concurrent Preclean 1.444ms
[2022-05-06T01:30:07.861+0000][160][gc,start    ] GC(47) Pause Remark
[2022-05-06T01:30:07.867+0000][160][gc          ] GC(47) Pause Remark 259M->255M(512M) 5.279ms
[2022-05-06T01:30:07.867+0000][160][gc,cpu      ] GC(47) User=0.01s Sys=0.00s Real=0.01s
[2022-05-06T01:30:07.868+0000][160][safepoint   ] Safepoint "G1Concurrent", Time since last: 171596791 ns, Reaching safepoint: 123709 ns, At safepoint: 6909041 ns, Total: 7032750 ns
[2022-05-06T01:30:07.869+0000][160][gc,marking  ] GC(47) Concurrent Mark 172.532ms
[2022-05-06T01:30:07.870+0000][160][gc,marking  ] GC(47) Concurrent Rebuild Remembered Sets
[2022-05-06T01:30:07.917+0000][160][gc,marking  ] GC(47) Concurrent Rebuild Remembered Sets 47.143ms
[2022-05-06T01:30:07.919+0000][160][gc,start    ] GC(47) Pause Cleanup
[2022-05-06T01:30:07.920+0000][160][gc          ] GC(47) Pause Cleanup 258M->258M(512M) 0.795ms
[2022-05-06T01:30:07.920+0000][160][gc,cpu      ] GC(47) User=0.00s Sys=0.00s Real=0.00s
[2022-05-06T01:30:07.921+0000][160][safepoint   ] Safepoint "G1Concurrent", Time since last: 49865584 ns, Reaching safepoint: 536167 ns, At safepoint: 2150333 ns, Total: 2686500 ns
[2022-05-06T01:30:07.922+0000][160][gc,marking  ] GC(47) Concurrent Cleanup for Next Mark
[2022-05-06T01:30:07.923+0000][160][gc,marking  ] GC(47) Concurrent Cleanup for Next Mark 1.131ms
[2022-05-06T01:30:07.924+0000][160][gc          ] GC(47) Concurrent Mark Cycle 233.841ms
[2022-05-06T01:30:08.371+0000][160][gc,start    ] GC(48) Pause Young (Prepare Mixed) (G1 Evacuation Pause)
[2022-05-06T01:30:08.371+0000][160][gc,task     ] GC(48) Using 5 workers of 5 for evacuation
[2022-05-06T01:30:08.372+0000][160][gc,age      ] GC(48) Desired survivor size 12582912 bytes, new threshold 15 (max threshold 15)
[2022-05-06T01:30:08.375+0000][160][gc,age      ] GC(48) Age table with threshold 15 (max threshold 15)
[2022-05-06T01:30:08.376+0000][160][gc,age      ] GC(48) - age   1:    8822184 bytes,    8822184 total
[2022-05-06T01:30:08.377+0000][160][gc,age      ] GC(48) - age   2:    4853320 bytes,   13675504 total
[2022-05-06T01:30:08.377+0000][160][gc,phases   ] GC(48)   Pre Evacuate Collection Set: 0.1ms
[2022-05-06T01:30:08.379+0000][160][gc,phases   ] GC(48)   Merge Heap Roots: 0.2ms
[2022-05-06T01:30:08.380+0000][160][gc,phases   ] GC(48)   Evacuate Collection Set: 1.4ms
[2022-05-06T01:30:08.380+0000][160][gc,phases   ] GC(48)   Post Evacuate Collection Set: 0.8ms
[2022-05-06T01:30:08.381+0000][160][gc,phases   ] GC(48)   Other: 4.4ms
[2022-05-06T01:30:08.381+0000][160][gc,heap     ] GC(48) Eden regions: 42->0(2)
[2022-05-06T01:30:08.382+0000][160][gc,heap     ] GC(48) Survivor regions: 3->4(6)
[2022-05-06T01:30:08.382+0000][160][gc,heap     ] GC(48) Old regions: 41->41
[2022-05-06T01:30:08.384+0000][160][gc,heap     ] GC(48) Archive regions: 2->2
[2022-05-06T01:30:08.385+0000][160][gc,heap     ] GC(48) Humongous regions: 8->8
[2022-05-06T01:30:08.385+0000][160][gc,metaspace] GC(48) Metaspace: 104417K(105984K)->104417K(105984K) NonClass: 90110K(91008K)->90110K(91008K) Class: 14306K(14976K)->14306K(14976K)
[2022-05-06T01:30:08.386+0000][160][gc          ] GC(48) Pause Young (Prepare Mixed) (G1 Evacuation Pause) 375M->210M(512M) 15.321ms
[2022-05-06T01:30:08.387+0000][160][gc,cpu      ] GC(48) User=0.00s Sys=0.01s Real=0.01s
[2022-05-06T01:30:08.388+0000][160][safepoint   ] Safepoint "G1CollectForAllocation", Time since last: 449510792 ns, Reaching safepoint: 171916 ns, At safepoint: 17123917 ns, Total: 17295833 ns
[2022-05-06T01:30:08.430+0000][160][gc,start    ] GC(49) Pause Young (Mixed) (G1 Evacuation Pause)
[2022-05-06T01:30:08.431+0000][160][gc,task     ] GC(49) Using 5 workers of 5 for evacuation
[2022-05-06T01:30:08.431+0000][160][gc,age      ] GC(49) Desired survivor size 2097152 bytes, new threshold 1 (max threshold 15)
[2022-05-06T01:30:08.434+0000][160][gc,age      ] GC(49) Age table with threshold 1 (max threshold 15)
[2022-05-06T01:30:08.435+0000][160][gc,age      ] GC(49) - age   1:      65256 bytes,      65256 total
[2022-05-06T01:30:08.436+0000][160][gc,phases   ] GC(49)   Pre Evacuate Collection Set: 0.2ms
[2022-05-06T01:30:08.437+0000][160][gc,phases   ] GC(49)   Merge Heap Roots: 0.2ms
[2022-05-06T01:30:08.437+0000][160][gc,phases   ] GC(49)   Evacuate Collection Set: 1.5ms
[2022-05-06T01:30:08.438+0000][160][gc,phases   ] GC(49)   Post Evacuate Collection Set: 0.6ms
[2022-05-06T01:30:08.438+0000][160][gc,phases   ] GC(49)   Other: 3.7ms
[2022-05-06T01:30:08.439+0000][160][gc,heap     ] GC(49) Eden regions: 2->0(47)
[2022-05-06T01:30:08.440+0000][160][gc,heap     ] GC(49) Survivor regions: 4->1(1)
[2022-05-06T01:30:08.440+0000][160][gc,heap     ] GC(49) Old regions: 41->38
[2022-05-06T01:30:08.441+0000][160][gc,heap     ] GC(49) Archive regions: 2->2
[2022-05-06T01:30:08.441+0000][160][gc,heap     ] GC(49) Humongous regions: 9->9
[2022-05-06T01:30:08.442+0000][160][gc,metaspace] GC(49) Metaspace: 104417K(105984K)->104417K(105984K) NonClass: 90110K(91008K)->90110K(91008K) Class: 14306K(14976K)->14306K(14976K)
[2022-05-06T01:30:08.443+0000][160][gc          ] GC(49) Pause Young (Mixed) (G1 Evacuation Pause) 222M->191M(512M) 12.729ms
[2022-05-06T01:30:08.443+0000][160][gc,cpu      ] GC(49) User=0.00s Sys=0.00s Real=0.01s
[2022-05-06T01:30:08.444+0000][160][safepoint   ] Safepoint "G1CollectForAllocation", Time since last: 42047375 ns, Reaching safepoint: 130167 ns, At safepoint: 13964583 ns, Total: 14094750 ns
[2022-05-06T01:30:09.312+0000][160][gc,start    ] GC(50) Pause Young (Normal) (G1 Evacuation Pause)
[2022-05-06T01:30:09.313+0000][160][gc,task     ] GC(50) Using 5 workers of 5 for evacuation
[2022-05-06T01:30:09.314+0000][160][gc,age      ] GC(50) Desired survivor size 12582912 bytes, new threshold 15 (max threshold 15)
[2022-05-06T01:30:09.317+0000][160][gc,age      ] GC(50) Age table with threshold 15 (max threshold 15)
[2022-05-06T01:30:09.317+0000][160][gc,age      ] GC(50) - age   1:    8780856 bytes,    8780856 total
[2022-05-06T01:30:09.318+0000][160][gc,age      ] GC(50) - age   2:      37080 bytes,    8817936 total
[2022-05-06T01:30:09.319+0000][160][gc,phases   ] GC(50)   Pre Evacuate Collection Set: 0.1ms
[2022-05-06T01:30:09.319+0000][160][gc,phases   ] GC(50)   Merge Heap Roots: 0.3ms
[2022-05-06T01:30:09.320+0000][160][gc,phases   ] GC(50)   Evacuate Collection Set: 1.2ms
[2022-05-06T01:30:09.321+0000][160][gc,phases   ] GC(50)   Post Evacuate Collection Set: 0.8ms
[2022-05-06T01:30:09.321+0000][160][gc,phases   ] GC(50)   Other: 4.5ms
[2022-05-06T01:30:09.322+0000][160][gc,heap     ] GC(50) Eden regions: 47->0(46)
[2022-05-06T01:30:09.323+0000][160][gc,heap     ] GC(50) Survivor regions: 1->3(6)
[2022-05-06T01:30:09.323+0000][160][gc,heap     ] GC(50) Old regions: 38->38
[2022-05-06T01:30:09.324+0000][160][gc,heap     ] GC(50) Archive regions: 2->2
[2022-05-06T01:30:09.325+0000][160][gc,heap     ] GC(50) Humongous regions: 9->9
[2022-05-06T01:30:09.326+0000][160][gc,metaspace] GC(50) Metaspace: 104437K(106048K)->104437K(106048K) NonClass: 90129K(91072K)->90129K(91072K) Class: 14307K(14976K)->14307K(14976K)
[2022-05-06T01:30:09.326+0000][160][gc          ] GC(50) Pause Young (Normal) (G1 Evacuation Pause) 379M->200M(512M) 14.628ms
[2022-05-06T01:30:09.327+0000][160][gc,cpu      ] GC(50) User=0.01s Sys=0.00s Real=0.01s
[2022-05-06T01:30:09.328+0000][160][safepoint   ] Safepoint "G1CollectForAllocation", Time since last: 867808626 ns, Reaching safepoint: 179500 ns, At safepoint: 16146833 ns, Total: 16326333 ns
[2022-05-06T01:30:09.557+0000][160][gc,start    ] GC(51) Pause Young (Normal) (G1 Evacuation Pause)
[2022-05-06T01:30:09.558+0000][160][gc,task     ] GC(51) Using 5 workers of 5 for evacuation
[2022-05-06T01:30:09.559+0000][160][gc,age      ] GC(51) Desired survivor size 14680064 bytes, new threshold 15 (max threshold 15)
[2022-05-06T01:30:09.562+0000][160][gc,age      ] GC(51) Age table with threshold 15 (max threshold 15)
[2022-05-06T01:30:09.563+0000][160][gc,age      ] GC(51) - age   1:    1005208 bytes,    1005208 total
[2022-05-06T01:30:09.563+0000][160][gc,age      ] GC(51) - age   2:    8719568 bytes,    9724776 total
[2022-05-06T01:30:09.564+0000][160][gc,age      ] GC(51) - age   3:      35432 bytes,    9760208 total
[2022-05-06T01:30:09.564+0000][160][gc,phases   ] GC(51)   Pre Evacuate Collection Set: 0.3ms
[2022-05-06T01:30:09.565+0000][160][gc,phases   ] GC(51)   Merge Heap Roots: 0.1ms
[2022-05-06T01:30:09.566+0000][160][gc,phases   ] GC(51)   Evacuate Collection Set: 1.3ms
[2022-05-06T01:30:09.566+0000][160][gc,phases   ] GC(51)   Post Evacuate Collection Set: 0.7ms
[2022-05-06T01:30:09.567+0000][160][gc,phases   ] GC(51)   Other: 5.1ms
[2022-05-06T01:30:09.567+0000][160][gc,heap     ] GC(51) Eden regions: 46->0(48)
[2022-05-06T01:30:09.568+0000][160][gc,heap     ] GC(51) Survivor regions: 3->3(7)
[2022-05-06T01:30:09.569+0000][160][gc,heap     ] GC(51) Old regions: 38->38
[2022-05-06T01:30:09.569+0000][160][gc,heap     ] GC(51) Archive regions: 2->2
[2022-05-06T01:30:09.570+0000][160][gc,heap     ] GC(51) Humongous regions: 9->9
[2022-05-06T01:30:09.570+0000][160][gc,metaspace] GC(51) Metaspace: 104481K(106048K)->104481K(106048K) NonClass: 90174K(91072K)->90174K(91072K) Class: 14307K(14976K)->14307K(14976K)
[2022-05-06T01:30:09.571+0000][160][gc          ] GC(51) Pause Young (Normal) (G1 Evacuation Pause) 384M->201M(512M) 14.043ms
[2022-05-06T01:30:09.572+0000][160][gc,cpu      ] GC(51) User=0.00s Sys=0.00s Real=0.02s
[2022-05-06T01:30:09.572+0000][160][safepoint   ] Safepoint "G1CollectForAllocation", Time since last: 228821583 ns, Reaching safepoint: 178959 ns, At safepoint: 15125083 ns, Total: 15304042 ns
[2022-05-06T01:30:10.573+0000][160][safepoint   ] Safepoint "Cleanup", Time since last: 1000614084 ns, Reaching safepoint: 237791 ns, At safepoint: 4834 ns, Total: 242625 ns
[2022-05-06T01:30:11.363+0000][160][gc,start    ] GC(52) Pause Young (Normal) (G1 Evacuation Pause)
[2022-05-06T01:30:11.364+0000][160][gc,task     ] GC(52) Using 5 workers of 5 for evacuation
[2022-05-06T01:30:11.365+0000][160][gc,age      ] GC(52) Desired survivor size 14680064 bytes, new threshold 15 (max threshold 15)
[2022-05-06T01:30:11.368+0000][160][gc,age      ] GC(52) Age table with threshold 15 (max threshold 15)
[2022-05-06T01:30:11.369+0000][160][gc,age      ] GC(52) - age   1:    1774744 bytes,    1774744 total
[2022-05-06T01:30:11.369+0000][160][gc,age      ] GC(52) - age   2:      53488 bytes,    1828232 total
[2022-05-06T01:30:11.370+0000][160][gc,age      ] GC(52) - age   3:    8409200 bytes,   10237432 total
[2022-05-06T01:30:11.371+0000][160][gc,age      ] GC(52) - age   4:      35432 bytes,   10272864 total
[2022-05-06T01:30:11.371+0000][160][gc,phases   ] GC(52)   Pre Evacuate Collection Set: 0.1ms
[2022-05-06T01:30:11.372+0000][160][gc,phases   ] GC(52)   Merge Heap Roots: 0.1ms
[2022-05-06T01:30:11.373+0000][160][gc,phases   ] GC(52)   Evacuate Collection Set: 1.7ms
[2022-05-06T01:30:11.374+0000][160][gc,phases   ] GC(52)   Post Evacuate Collection Set: 0.7ms
[2022-05-06T01:30:11.375+0000][160][gc,phases   ] GC(52)   Other: 5.4ms
[2022-05-06T01:30:11.375+0000][160][gc,heap     ] GC(52) Eden regions: 48->0(49)
[2022-05-06T01:30:11.376+0000][160][gc,heap     ] GC(52) Survivor regions: 3->3(7)
[2022-05-06T01:30:11.376+0000][160][gc,heap     ] GC(52) Old regions: 38->38
[2022-05-06T01:30:11.377+0000][160][gc,heap     ] GC(52) Archive regions: 2->2
[2022-05-06T01:30:11.378+0000][160][gc,heap     ] GC(52) Humongous regions: 9->9
[2022-05-06T01:30:11.379+0000][160][gc,metaspace] GC(52) Metaspace: 104524K(106176K)->104524K(106176K) NonClass: 90216K(91200K)->90216K(91200K) Class: 14307K(14976K)->14307K(14976K)
[2022-05-06T01:30:11.379+0000][160][gc          ] GC(52) Pause Young (Normal) (G1 Evacuation Pause) 393M->201M(512M) 15.930ms
[2022-05-06T01:30:11.380+0000][160][gc,cpu      ] GC(52) User=0.01s Sys=0.00s Real=0.02s
[2022-05-06T01:30:11.381+0000][160][safepoint   ] Safepoint "G1CollectForAllocation", Time since last: 790194750 ns, Reaching safepoint: 354708 ns, At safepoint: 17213292 ns, Total: 17568000 ns
[2022-05-06T01:30:12.382+0000][160][safepoint   ] Safepoint "Cleanup", Time since last: 1000978167 ns, Reaching safepoint: 196209 ns, At safepoint: 5375 ns, Total: 201584 ns
[2022-05-06T01:30:13.383+0000][160][safepoint   ] Safepoint "Cleanup", Time since last: 1001369250 ns, Reaching safepoint: 71958 ns, At safepoint: 2167 ns, Total: 74125 ns
[2022-05-06T01:30:13.584+0000][160][gc,start    ] GC(53) Pause Young (Normal) (G1 Evacuation Pause)
[2022-05-06T01:30:13.585+0000][160][gc,task     ] GC(53) Using 5 workers of 5 for evacuation
[2022-05-06T01:30:13.585+0000][160][gc,age      ] GC(53) Desired survivor size 14680064 bytes, new threshold 15 (max threshold 15)
[2022-05-06T01:30:13.589+0000][160][gc,age      ] GC(53) Age table with threshold 15 (max threshold 15)
[2022-05-06T01:30:13.590+0000][160][gc,age      ] GC(53) - age   1:   11833472 bytes,   11833472 total
[2022-05-06T01:30:13.591+0000][160][gc,age      ] GC(53) - age   2:     389896 bytes,   12223368 total
[2022-05-06T01:30:13.592+0000][160][gc,age      ] GC(53) - age   3:      53056 bytes,   12276424 total
[2022-05-06T01:30:13.592+0000][160][gc,age      ] GC(53) - age   4:    8408768 bytes,   20685192 total
[2022-05-06T01:30:13.593+0000][160][gc,age      ] GC(53) - age   5:      35176 bytes,   20720368 total
[2022-05-06T01:30:13.594+0000][160][gc,phases   ] GC(53)   Pre Evacuate Collection Set: 0.1ms
[2022-05-06T01:30:13.595+0000][160][gc,phases   ] GC(53)   Merge Heap Roots: 0.1ms
[2022-05-06T01:30:13.596+0000][160][gc,phases   ] GC(53)   Evacuate Collection Set: 2.5ms
[2022-05-06T01:30:13.596+0000][160][gc,phases   ] GC(53)   Post Evacuate Collection Set: 0.9ms
[2022-05-06T01:30:13.597+0000][160][gc,phases   ] GC(53)   Other: 6.8ms
[2022-05-06T01:30:13.598+0000][160][gc,heap     ] GC(53) Eden regions: 49->0(46)
[2022-05-06T01:30:13.599+0000][160][gc,heap     ] GC(53) Survivor regions: 3->5(7)
[2022-05-06T01:30:13.599+0000][160][gc,heap     ] GC(53) Old regions: 38->38
[2022-05-06T01:30:13.600+0000][160][gc,heap     ] GC(53) Archive regions: 2->2
[2022-05-06T01:30:13.601+0000][160][gc,heap     ] GC(53) Humongous regions: 9->9
[2022-05-06T01:30:13.602+0000][160][gc,metaspace] GC(53) Metaspace: 104592K(106240K)->104592K(106240K) NonClass: 90284K(91264K)->90284K(91264K) Class: 14308K(14976K)->14308K(14976K)
[2022-05-06T01:30:13.603+0000][160][gc          ] GC(53) Pause Young (Normal) (G1 Evacuation Pause) 397M->211M(512M) 19.399ms
[2022-05-06T01:30:13.604+0000][160][gc,cpu      ] GC(53) User=0.01s Sys=0.00s Real=0.02s
[2022-05-06T01:30:13.604+0000][160][safepoint   ] Safepoint "G1CollectForAllocation", Time since last: 199765417 ns, Reaching safepoint: 531208 ns, At safepoint: 20784917 ns, Total: 21316125 ns
[2022-05-06T01:30:14.606+0000][160][safepoint   ] Safepoint "Cleanup", Time since last: 1001649125 ns, Reaching safepoint: 101417 ns, At safepoint: 7792 ns, Total: 109209 ns
[2022-05-06T01:30:15.608+0000][160][safepoint   ] Safepoint "Cleanup", Time since last: 1001432709 ns, Reaching safepoint: 161458 ns, At safepoint: 15333 ns, Total: 176791 ns
[2022-05-06T01:30:15.986+0000][160][gc,start    ] GC(54) Pause Young (Concurrent Start) (G1 Evacuation Pause)
[2022-05-06T01:30:15.987+0000][160][gc,task     ] GC(54) Using 5 workers of 5 for evacuation
[2022-05-06T01:30:15.988+0000][160][gc,age      ] GC(54) Desired survivor size 14680064 bytes, new threshold 4 (max threshold 15)
[2022-05-06T01:30:15.991+0000][160][gc,age      ] GC(54) Age table with threshold 4 (max threshold 15)
[2022-05-06T01:30:15.992+0000][160][gc,age      ] GC(54) - age   1:    2083744 bytes,    2083744 total
[2022-05-06T01:30:15.993+0000][160][gc,age      ] GC(54) - age   2:    2530768 bytes,    4614512 total
[2022-05-06T01:30:15.994+0000][160][gc,age      ] GC(54) - age   3:     351768 bytes,    4966280 total
[2022-05-06T01:30:15.995+0000][160][gc,age      ] GC(54) - age   4:      53056 bytes,    5019336 total
[2022-05-06T01:30:15.995+0000][160][gc,phases   ] GC(54)   Pre Evacuate Collection Set: 0.2ms
[2022-05-06T01:30:15.997+0000][160][gc,phases   ] GC(54)   Merge Heap Roots: 0.1ms
[2022-05-06T01:30:15.998+0000][160][gc,phases   ] GC(54)   Evacuate Collection Set: 1.9ms
[2022-05-06T01:30:15.999+0000][160][gc,phases   ] GC(54)   Post Evacuate Collection Set: 0.8ms
[2022-05-06T01:30:16.000+0000][160][gc,phases   ] GC(54)   Other: 6.4ms
[2022-05-06T01:30:16.001+0000][160][gc,heap     ] GC(54) Eden regions: 46->0(48)
[2022-05-06T01:30:16.001+0000][160][gc,heap     ] GC(54) Survivor regions: 5->2(7)
[2022-05-06T01:30:16.002+0000][160][gc,heap     ] GC(54) Old regions: 38->40
[2022-05-06T01:30:16.003+0000][160][gc,heap     ] GC(54) Archive regions: 2->2
[2022-05-06T01:30:16.003+0000][160][gc,heap     ] GC(54) Humongous regions: 9->9
[2022-05-06T01:30:16.004+0000][160][gc,metaspace] GC(54) Metaspace: 104612K(106240K)->104612K(106240K) NonClass: 90304K(91264K)->90304K(91264K) Class: 14308K(14976K)->14308K(14976K)
[2022-05-06T01:30:16.004+0000][160][gc          ] GC(54) Pause Young (Concurrent Start) (G1 Evacuation Pause) 395M->204M(512M) 18.055ms
[2022-05-06T01:30:16.005+0000][160][gc,cpu      ] GC(54) User=0.01s Sys=0.00s Real=0.02s
[2022-05-06T01:30:16.006+0000][160][safepoint   ] Safepoint "G1CollectForAllocation", Time since last: 378172959 ns, Reaching safepoint: 102458 ns, At safepoint: 19865667 ns, Total: 19968125 ns
[2022-05-06T01:30:16.006+0000][160][gc          ] GC(55) Concurrent Mark Cycle
[2022-05-06T01:30:16.008+0000][160][gc,marking  ] GC(55) Concurrent Clear Claimed Marks
[2022-05-06T01:30:16.009+0000][160][gc,marking  ] GC(55) Concurrent Clear Claimed Marks 1.343ms
[2022-05-06T01:30:16.009+0000][160][gc,marking  ] GC(55) Concurrent Scan Root Regions
[2022-05-06T01:30:16.012+0000][160][gc,marking  ] GC(55) Concurrent Scan Root Regions 2.778ms
[2022-05-06T01:30:16.013+0000][160][gc,marking  ] GC(55) Concurrent Mark
[2022-05-06T01:30:16.014+0000][160][gc,marking  ] GC(55) Concurrent Mark From Roots
[2022-05-06T01:30:16.015+0000][160][gc,task     ] GC(55) Using 1 workers of 1 for marking
[2022-05-06T01:30:16.087+0000][160][gc,marking  ] GC(55) Concurrent Mark From Roots 73.010ms
[2022-05-06T01:30:16.088+0000][160][gc,marking  ] GC(55) Concurrent Preclean
[2022-05-06T01:30:16.089+0000][160][gc,marking  ] GC(55) Concurrent Preclean 1.353ms
[2022-05-06T01:30:16.091+0000][160][gc,start    ] GC(55) Pause Remark
[2022-05-06T01:30:16.097+0000][160][gc          ] GC(55) Pause Remark 215M->207M(512M) 6.117ms
[2022-05-06T01:30:16.098+0000][160][gc,cpu      ] GC(55) User=0.02s Sys=0.00s Real=0.01s
[2022-05-06T01:30:16.099+0000][160][safepoint   ] Safepoint "G1Concurrent", Time since last: 84808083 ns, Reaching safepoint: 55000 ns, At safepoint: 8494583 ns, Total: 8549583 ns
[2022-05-06T01:30:16.100+0000][160][gc,marking  ] GC(55) Concurrent Mark 87.278ms
[2022-05-06T01:30:16.101+0000][160][gc,marking  ] GC(55) Concurrent Rebuild Remembered Sets
[2022-05-06T01:30:16.146+0000][160][gc,marking  ] GC(55) Concurrent Rebuild Remembered Sets 44.460ms
[2022-05-06T01:30:16.148+0000][160][gc,start    ] GC(55) Pause Cleanup
[2022-05-06T01:30:16.149+0000][160][gc          ] GC(55) Pause Cleanup 212M->212M(512M) 1.299ms
[2022-05-06T01:30:16.150+0000][160][gc,cpu      ] GC(55) User=0.01s Sys=0.00s Real=0.00s
[2022-05-06T01:30:16.151+0000][160][safepoint   ] Safepoint "G1Concurrent", Time since last: 47892084 ns, Reaching safepoint: 361458 ns, At safepoint: 3606250 ns, Total: 3967708 ns
[2022-05-06T01:30:16.152+0000][160][gc,marking  ] GC(55) Concurrent Cleanup for Next Mark
[2022-05-06T01:30:16.154+0000][160][gc,marking  ] GC(55) Concurrent Cleanup for Next Mark 1.499ms
[2022-05-06T01:30:16.155+0000][160][gc          ] GC(55) Concurrent Mark Cycle 149.233ms
[2022-05-06T01:30:17.152+0000][160][safepoint   ] Safepoint "Cleanup", Time since last: 1001198667 ns, Reaching safepoint: 72334 ns, At safepoint: 3000 ns, Total: 75334 ns
[2022-05-06T01:30:18.240+0000][160][safepoint   ] Safepoint "Cleanup", Time since last: 1087464083 ns, Reaching safepoint: 285792 ns, At safepoint: 5875 ns, Total: 291667 ns
[2022-05-06T01:30:19.245+0000][160][safepoint   ] Safepoint "Cleanup", Time since last: 1003567291 ns, Reaching safepoint: 183959 ns, At safepoint: 6291 ns, Total: 190250 ns
[2022-05-06T01:30:20.257+0000][160][safepoint   ] Safepoint "Cleanup", Time since last: 1005988334 ns, Reaching safepoint: 6356917 ns, At safepoint: 16125 ns, Total: 6373042 ns
[2022-05-06T01:30:21.261+0000][160][safepoint   ] Safepoint "Cleanup", Time since last: 1003801667 ns, Reaching safepoint: 388208 ns, At safepoint: 17250 ns, Total: 405458 ns
[2022-05-06T01:30:23.272+0000][160][safepoint   ] Safepoint "Cleanup", Time since last: 2010693626 ns, Reaching safepoint: 374667 ns, At safepoint: 15000 ns, Total: 389667 ns
[2022-05-06T01:30:27.288+0000][160][safepoint   ] Safepoint "Cleanup", Time since last: 4015769627 ns, Reaching safepoint: 215916 ns, At safepoint: 14084 ns, Total: 230000 ns
[2022-05-06T01:30:30.298+0000][160][safepoint   ] Safepoint "Cleanup", Time since last: 3008851585 ns, Reaching safepoint: 507041 ns, At safepoint: 31459 ns, Total: 538500 ns
[2022-05-06T01:30:33.464+0000][160][safepoint   ] Safepoint "Cleanup", Time since last: 3166130376 ns, Reaching safepoint: 248417 ns, At safepoint: 21916 ns, Total: 270333 ns
[2022-05-06T01:30:34.468+0000][160][safepoint   ] Safepoint "Cleanup", Time since last: 1001950793 ns, Reaching safepoint: 1682750 ns, At safepoint: 15166 ns, Total: 1697916 ns
[2022-05-06T01:30:47.323+0000][160][safepoint   ] Safepoint "Cleanup", Time since last: 12854959756 ns, Reaching safepoint: 127334 ns, At safepoint: 11958 ns, Total: 139292 ns
[2022-05-06T01:30:48.326+0000][160][safepoint   ] Safepoint "Cleanup", Time since last: 1002384500 ns, Reaching safepoint: 776209 ns, At safepoint: 25000 ns, Total: 801209 ns
[2022-05-06T01:30:51.342+0000][160][safepoint   ] Safepoint "Cleanup", Time since last: 3014467584 ns, Reaching safepoint: 421958 ns, At safepoint: 344417 ns, Total: 766375 ns
[2022-05-06T01:30:53.367+0000][160][safepoint   ] Safepoint "Cleanup", Time since last: 2024199501 ns, Reaching safepoint: 792375 ns, At safepoint: 18167 ns, Total: 810542 ns
[2022-05-06T01:30:55.379+0000][160][safepoint   ] Safepoint "Cleanup", Time since last: 2010587292 ns, Reaching safepoint: 589875 ns, At safepoint: 12042 ns, Total: 601917 ns
[2022-05-06T01:31:02.402+0000][160][safepoint   ] Safepoint "Cleanup", Time since last: 7023198378 ns, Reaching safepoint: 741625 ns, At safepoint: 16417 ns, Total: 758042 ns
[2022-05-06T01:31:05.429+0000][160][safepoint   ] Safepoint "Cleanup", Time since last: 3025959835 ns, Reaching safepoint: 191000 ns, At safepoint: 9583 ns, Total: 200583 ns
[2022-05-06T01:31:14.452+0000][160][safepoint   ] Safepoint "Cleanup", Time since last: 9022567879 ns, Reaching safepoint: 413625 ns, At safepoint: 17125 ns, Total: 430750 ns
[2022-05-06T01:31:23.479+0000][160][safepoint   ] Safepoint "Cleanup", Time since last: 9026504879 ns, Reaching safepoint: 331000 ns, At safepoint: 14917 ns, Total: 345917 ns
[2022-05-06T01:31:25.489+0000][160][safepoint   ] Safepoint "Cleanup", Time since last: 2009318626 ns, Reaching safepoint: 933625 ns, At safepoint: 110083 ns, Total: 1043708 ns
[2022-05-06T01:31:27.497+0000][160][safepoint   ] Safepoint "Cleanup", Time since last: 2007058626 ns, Reaching safepoint: 776417 ns, At safepoint: 49208 ns, Total: 825625 ns
[2022-05-06T01:31:28.508+0000][160][safepoint   ] Safepoint "Cleanup", Time since last: 1010861042 ns, Reaching safepoint: 171000 ns, At safepoint: 8708 ns, Total: 179708 ns
[2022-05-06T01:31:29.513+0000][160][safepoint   ] Safepoint "Cleanup", Time since last: 1004018417 ns, Reaching safepoint: 834625 ns, At safepoint: 13042 ns, Total: 847667 ns
[2022-05-06T01:31:30.524+0000][160][safepoint   ] Safepoint "Cleanup", Time since last: 1011118126 ns, Reaching safepoint: 613375 ns, At safepoint: 19833 ns, Total: 633208 ns
[2022-05-06T01:31:51.582+0000][160][safepoint   ] Safepoint "Cleanup", Time since last: 21053866260 ns, Reaching safepoint: 1040041 ns, At safepoint: 18125 ns, Total: 1058166 ns
[2022-05-06T01:31:52.595+0000][160][safepoint   ] Safepoint "Cleanup", Time since last: 1012819876 ns, Reaching safepoint: 213375 ns, At safepoint: 7833 ns, Total: 221208 ns
[2022-05-06T01:31:53.602+0000][160][safepoint   ] Safepoint "Cleanup", Time since last: 1006756292 ns, Reaching safepoint: 362500 ns, At safepoint: 46375 ns, Total: 408875 ns
[2022-05-06T01:31:57.611+0000][160][safepoint   ] Safepoint "Cleanup", Time since last: 4008995961 ns, Reaching safepoint: 123916 ns, At safepoint: 6000 ns, Total: 129916 ns
[2022-05-06T01:32:17.655+0000][160][safepoint   ] Safepoint "Cleanup", Time since last: 20043596093 ns, Reaching safepoint: 331792 ns, At safepoint: 28583 ns, Total: 360375 ns
[2022-05-06T01:32:19.665+0000][160][safepoint   ] Safepoint "Cleanup", Time since last: 2008352292 ns, Reaching safepoint: 426291 ns, At safepoint: 8667 ns, Total: 434958 ns
[2022-05-06T01:32:21.680+0000][160][safepoint   ] Safepoint "Cleanup", Time since last: 2015093376 ns, Reaching safepoint: 278833 ns, At safepoint: 8917 ns, Total: 287750 ns
[2022-05-06T01:32:22.687+0000][160][safepoint   ] Safepoint "Cleanup", Time since last: 1006818417 ns, Reaching safepoint: 456459 ns, At safepoint: 31291 ns, Total: 487750 ns
[2022-05-06T01:32:29.706+0000][160][safepoint   ] Safepoint "Cleanup", Time since last: 7017809545 ns, Reaching safepoint: 744459 ns, At safepoint: 14083 ns, Total: 758542 ns
[2022-05-06T01:32:30.722+0000][160][safepoint   ] Safepoint "Cleanup", Time since last: 1015138000 ns, Reaching safepoint: 660084 ns, At safepoint: 22083 ns, Total: 682167 ns
[2022-05-06T01:32:33.737+0000][160][safepoint   ] Safepoint "Cleanup", Time since last: 3014894585 ns, Reaching safepoint: 686833 ns, At safepoint: 9583 ns, Total: 696416 ns
[2022-05-06T01:32:39.775+0000][160][safepoint   ] Safepoint "Cleanup", Time since last: 6037890170 ns, Reaching safepoint: 196917 ns, At safepoint: 8541 ns, Total: 205458 ns
[2022-05-06T01:32:41.785+0000][160][safepoint   ] Safepoint "Cleanup", Time since last: 2009608418 ns, Reaching safepoint: 584833 ns, At safepoint: 9834 ns, Total: 594667 ns
[2022-05-06T01:32:51.883+0000][160][safepoint   ] Safepoint "Cleanup", Time since last: 10097127254 ns, Reaching safepoint: 1432833 ns, At safepoint: 15292 ns, Total: 1448125 ns
[2022-05-06T01:33:05.920+0000][160][safepoint   ] Safepoint "Cleanup", Time since last: 14036414965 ns, Reaching safepoint: 547417 ns, At safepoint: 8958 ns, Total: 556375 ns
[2022-05-06T01:33:07.108+0000][160][safepoint   ] Safepoint "Cleanup", Time since last: 1187724125 ns, Reaching safepoint: 83667 ns, At safepoint: 1250 ns, Total: 84917 ns
[2022-05-06T01:33:08.115+0000][160][safepoint   ] Safepoint "Cleanup", Time since last: 1006520251 ns, Reaching safepoint: 130416 ns, At safepoint: 5125 ns, Total: 135541 ns
[2022-05-06T01:33:09.118+0000][160][safepoint   ] Safepoint "Cleanup", Time since last: 1002385834 ns, Reaching safepoint: 624458 ns, At safepoint: 11250 ns, Total: 635708 ns
[2022-05-06T01:33:10.122+0000][160][safepoint   ] Safepoint "Cleanup", Time since last: 1003386668 ns, Reaching safepoint: 548458 ns, At safepoint: 12042 ns, Total: 560500 ns
[2022-05-06T01:33:11.130+0000][160][safepoint   ] Safepoint "Cleanup", Time since last: 1008251083 ns, Reaching safepoint: 468542 ns, At safepoint: 10792 ns, Total: 479334 ns
[2022-05-06T01:33:12.140+0000][160][safepoint   ] Safepoint "Cleanup", Time since last: 1008565458 ns, Reaching safepoint: 548917 ns, At safepoint: 28458 ns, Total: 577375 ns
[2022-05-06T01:33:14.151+0000][160][safepoint   ] Safepoint "Cleanup", Time since last: 2010495835 ns, Reaching safepoint: 462958 ns, At safepoint: 16333 ns, Total: 479291 ns
[2022-05-06T01:33:15.165+0000][160][safepoint   ] Safepoint "Cleanup", Time since last: 1013746001 ns, Reaching safepoint: 243333 ns, At safepoint: 10334 ns, Total: 253667 ns
[2022-05-06T01:33:16.167+0000][160][safepoint   ] Safepoint "Cleanup", Time since last: 1001906583 ns, Reaching safepoint: 409292 ns, At safepoint: 14417 ns, Total: 423709 ns
[2022-05-06T01:33:21.191+0000][160][safepoint   ] Safepoint "Cleanup", Time since last: 5020922502 ns, Reaching safepoint: 968291 ns, At safepoint: 13542 ns, Total: 981833 ns
[2022-05-06T01:33:26.215+0000][160][safepoint   ] Safepoint "Cleanup", Time since last: 5024211919 ns, Reaching safepoint: 461792 ns, At safepoint: 18083 ns, Total: 479875 ns
[2022-05-06T01:34:07.322+0000][160][safepoint   ] Safepoint "Cleanup", Time since last: 41102603311 ns, Reaching safepoint: 3012542 ns, At safepoint: 22792 ns, Total: 3035334 ns
[2022-05-06T01:34:21.401+0000][160][safepoint   ] Safepoint "Cleanup", Time since last: 14076375673 ns, Reaching safepoint: 272375 ns, At safepoint: 12958 ns, Total: 285333 ns
[2022-05-06T01:34:22.412+0000][160][safepoint   ] Safepoint "Cleanup", Time since last: 1010215875 ns, Reaching safepoint: 836667 ns, At safepoint: 18333 ns, Total: 855000 ns
[2022-05-06T01:34:23.428+0000][160][safepoint   ] Safepoint "Cleanup", Time since last: 1015408459 ns, Reaching safepoint: 734125 ns, At safepoint: 52084 ns, Total: 786209 ns
[2022-05-06T01:34:39.476+0000][160][safepoint   ] Safepoint "Cleanup", Time since last: 16047830424 ns, Reaching safepoint: 377042 ns, At safepoint: 17791 ns, Total: 394833 ns
[2022-05-06T01:34:40.484+0000][160][safepoint   ] Safepoint "Cleanup", Time since last: 1006794959 ns, Reaching safepoint: 763042 ns, At safepoint: 22291 ns, Total: 785333 ns
[2022-05-06T01:34:48.508+0000][160][safepoint   ] Safepoint "Cleanup", Time since last: 8023190254 ns, Reaching safepoint: 377833 ns, At safepoint: 77000 ns, Total: 454833 ns
[2022-05-06T01:34:55.534+0000][160][safepoint   ] Safepoint "Cleanup", Time since last: 7025642962 ns, Reaching safepoint: 541708 ns, At safepoint: 73000 ns, Total: 614708 ns
[2022-05-06T01:35:00.565+0000][160][safepoint   ] Safepoint "Cleanup", Time since last: 5028571628 ns, Reaching safepoint: 1602000 ns, At safepoint: 20458 ns, Total: 1622458 ns
[2022-05-06T01:35:13.608+0000][160][safepoint   ] Safepoint "Cleanup", Time since last: 13042686673 ns, Reaching safepoint: 304958 ns, At safepoint: 8750 ns, Total: 313708 ns
[2022-05-06T01:35:14.610+0000][160][safepoint   ] Safepoint "Cleanup", Time since last: 1002209084 ns, Reaching safepoint: 312833 ns, At safepoint: 9500 ns, Total: 322333 ns
[2022-05-06T01:35:18.625+0000][160][safepoint   ] Safepoint "Cleanup", Time since last: 4014476419 ns, Reaching safepoint: 505375 ns, At safepoint: 12833 ns, Total: 518208 ns
[2022-05-06T01:35:21.633+0000][160][safepoint   ] Safepoint "Cleanup", Time since last: 3007688418 ns, Reaching safepoint: 523625 ns, At safepoint: 12625 ns, Total: 536250 ns
[2022-05-06T01:35:47.720+0000][160][safepoint   ] Safepoint "Cleanup", Time since last: 26085552429 ns, Reaching safepoint: 512542 ns, At safepoint: 22125 ns, Total: 534667 ns
[2022-05-06T01:35:51.077+0000][160][gc,start    ] GC(56) Pause Young (Prepare Mixed) (G1 Evacuation Pause)
[2022-05-06T01:35:51.085+0000][160][gc,task     ] GC(56) Using 5 workers of 5 for evacuation
[2022-05-06T01:35:51.087+0000][160][gc,age      ] GC(56) Desired survivor size 14680064 bytes, new threshold 15 (max threshold 15)
[2022-05-06T01:35:51.096+0000][160][gc,age      ] GC(56) Age table with threshold 15 (max threshold 15)
[2022-05-06T01:35:51.099+0000][160][gc,age      ] GC(56) - age   1:    2584144 bytes,    2584144 total
[2022-05-06T01:35:51.101+0000][160][gc,age      ] GC(56) - age   2:      70744 bytes,    2654888 total
[2022-05-06T01:35:51.103+0000][160][gc,age      ] GC(56) - age   3:     185472 bytes,    2840360 total
[2022-05-06T01:35:51.104+0000][160][gc,age      ] GC(56) - age   4:     340760 bytes,    3181120 total
[2022-05-06T01:35:51.106+0000][160][gc,age      ] GC(56) - age   5:      51856 bytes,    3232976 total
[2022-05-06T01:35:51.107+0000][160][gc,phases   ] GC(56)   Pre Evacuate Collection Set: 0.2ms
[2022-05-06T01:35:51.108+0000][160][gc,phases   ] GC(56)   Merge Heap Roots: 0.1ms
[2022-05-06T01:35:51.109+0000][160][gc,phases   ] GC(56)   Evacuate Collection Set: 5.3ms
[2022-05-06T01:35:51.110+0000][160][gc,phases   ] GC(56)   Post Evacuate Collection Set: 2.0ms
[2022-05-06T01:35:51.111+0000][160][gc,phases   ] GC(56)   Other: 22.4ms
[2022-05-06T01:35:51.112+0000][160][gc,heap     ] GC(56) Eden regions: 48->0(5)
[2022-05-06T01:35:51.114+0000][160][gc,heap     ] GC(56) Survivor regions: 2->1(7)
[2022-05-06T01:35:51.116+0000][160][gc,heap     ] GC(56) Old regions: 40->40
[2022-05-06T01:35:51.117+0000][160][gc,heap     ] GC(56) Archive regions: 2->2
[2022-05-06T01:35:51.118+0000][160][gc,heap     ] GC(56) Humongous regions: 7->7
[2022-05-06T01:35:51.119+0000][160][gc,metaspace] GC(56) Metaspace: 106398K(107968K)->106398K(107968K) NonClass: 91885K(92800K)->91885K(92800K) Class: 14512K(15168K)->14512K(15168K)
[2022-05-06T01:35:51.120+0000][160][gc          ] GC(56) Pause Young (Prepare Mixed) (G1 Evacuation Pause) 388M->195M(512M) 42.953ms
[2022-05-06T01:35:51.121+0000][160][gc,cpu      ] GC(56) User=0.03s Sys=0.00s Real=0.05s
[2022-05-06T01:35:51.122+0000][160][safepoint   ] Safepoint "G1CollectForAllocation", Time since last: 3352487334 ns, Reaching safepoint: 2588125 ns, At safepoint: 44849292 ns, Total: 47437417 ns
[2022-05-06T01:35:52.127+0000][160][safepoint   ] Safepoint "Cleanup", Time since last: 1004432542 ns, Reaching safepoint: 988834 ns, At safepoint: 36166 ns, Total: 1025000 ns
[2022-05-06T01:35:54.139+0000][160][safepoint   ] Safepoint "Cleanup", Time since last: 2011775751 ns, Reaching safepoint: 492417 ns, At safepoint: 19167 ns, Total: 511584 ns
[2022-05-06T01:36:10.179+0000][160][safepoint   ] Safepoint "Cleanup", Time since last: 16038993341 ns, Reaching safepoint: 280416 ns, At safepoint: 12042 ns, Total: 292458 ns
[2022-05-06T01:36:13.187+0000][160][safepoint   ] Safepoint "Cleanup", Time since last: 3007799460 ns, Reaching safepoint: 384916 ns, At safepoint: 15417 ns, Total: 400333 ns
[2022-05-06T01:36:21.223+0000][160][safepoint   ] Safepoint "Cleanup", Time since last: 8035137253 ns, Reaching safepoint: 253167 ns, At safepoint: 7625 ns, Total: 260792 ns
[2022-05-06T01:36:23.237+0000][160][safepoint   ] Safepoint "Cleanup", Time since last: 2013222292 ns, Reaching safepoint: 290709 ns, At safepoint: 14958 ns, Total: 305667 ns
[2022-05-06T01:36:26.263+0000][160][safepoint   ] Safepoint "Cleanup", Time since last: 3026063085 ns, Reaching safepoint: 396042 ns, At safepoint: 17000 ns, Total: 413042 ns
[2022-05-06T01:36:30.276+0000][160][safepoint   ] Safepoint "Cleanup", Time since last: 4012166251 ns, Reaching safepoint: 240417 ns, At safepoint: 13917 ns, Total: 254334 ns
[2022-05-06T01:36:31.291+0000][160][safepoint   ] Safepoint "Cleanup", Time since last: 1014780875 ns, Reaching safepoint: 626459 ns, At safepoint: 22291 ns, Total: 648750 ns
[2022-05-06T01:37:10.396+0000][160][safepoint   ] Safepoint "Cleanup", Time since last: 39105313685 ns, Reaching safepoint: 676125 ns, At safepoint: 18958 ns, Total: 695083 ns
[2022-05-06T01:37:18.431+0000][160][safepoint   ] Safepoint "Cleanup", Time since last: 8033799004 ns, Reaching safepoint: 343833 ns, At safepoint: 188958 ns, Total: 532791 ns
[2022-05-06T01:37:23.451+0000][160][safepoint   ] Safepoint "Cleanup", Time since last: 5016668210 ns, Reaching safepoint: 414667 ns, At safepoint: 18333 ns, Total: 433000 ns
[2022-05-06T01:37:26.466+0000][160][safepoint   ] Safepoint "Cleanup", Time since last: 3014654877 ns, Reaching safepoint: 582208 ns, At safepoint: 13083 ns, Total: 595291 ns
[2022-05-06T01:37:40.503+0000][160][safepoint   ] Safepoint "Cleanup", Time since last: 14035564007 ns, Reaching safepoint: 545375 ns, At safepoint: 17167 ns, Total: 562542 ns
[2022-05-06T01:37:51.538+0000][160][safepoint   ] Safepoint "Cleanup", Time since last: 11035115546 ns, Reaching safepoint: 215833 ns, At safepoint: 98375 ns, Total: 314208 ns
[2022-05-06T01:38:00.564+0000][160][safepoint   ] Safepoint "Cleanup", Time since last: 9025732546 ns, Reaching safepoint: 261833 ns, At safepoint: 11292 ns, Total: 273125 ns
[2022-05-06T01:38:13.605+0000][160][safepoint   ] Safepoint "Cleanup", Time since last: 13040580548 ns, Reaching safepoint: 290750 ns, At safepoint: 10791 ns, Total: 301541 ns
[2022-05-06T01:38:14.609+0000][160][safepoint   ] Safepoint "Cleanup", Time since last: 1003871168 ns, Reaching safepoint: 441708 ns, At safepoint: 12708 ns, Total: 454416 ns
[2022-05-06T01:38:30.675+0000][160][safepoint   ] Safepoint "Cleanup", Time since last: 16064359216 ns, Reaching safepoint: 737083 ns, At safepoint: 19417 ns, Total: 756500 ns
[2022-05-06T01:38:39.702+0000][160][safepoint   ] Safepoint "Cleanup", Time since last: 9026668296 ns, Reaching safepoint: 257416 ns, At safepoint: 18917 ns, Total: 276333 ns
[2022-05-06T01:39:21.828+0000][160][safepoint   ] Safepoint "Cleanup", Time since last: 42124188727 ns, Reaching safepoint: 472584 ns, At safepoint: 15625 ns, Total: 488209 ns
[2022-05-06T01:39:25.847+0000][160][safepoint   ] Safepoint "Cleanup", Time since last: 4018629085 ns, Reaching safepoint: 841458 ns, At safepoint: 14667 ns, Total: 856125 ns
[2022-05-06T01:39:49.056+0000][160][gc,start    ] GC(57) Pause Young (Mixed) (G1 Evacuation Pause)
[2022-05-06T01:39:49.058+0000][160][gc,task     ] GC(57) Using 5 workers of 5 for evacuation
[2022-05-06T01:39:49.059+0000][160][gc,age      ] GC(57) Desired survivor size 2097152 bytes, new threshold 1 (max threshold 15)
[2022-05-06T01:39:49.065+0000][160][gc,age      ] GC(57) Age table with threshold 1 (max threshold 15)
[2022-05-06T01:39:49.066+0000][160][gc,age      ] GC(57) - age   1:     698832 bytes,     698832 total
[2022-05-06T01:39:49.068+0000][160][gc,phases   ] GC(57)   Pre Evacuate Collection Set: 0.1ms
[2022-05-06T01:39:49.069+0000][160][gc,phases   ] GC(57)   Merge Heap Roots: 0.3ms
[2022-05-06T01:39:49.070+0000][160][gc,phases   ] GC(57)   Evacuate Collection Set: 2.6ms
[2022-05-06T01:39:49.071+0000][160][gc,phases   ] GC(57)   Post Evacuate Collection Set: 1.1ms
[2022-05-06T01:39:49.072+0000][160][gc,phases   ] GC(57)   Other: 7.8ms
[2022-05-06T01:39:49.074+0000][160][gc,heap     ] GC(57) Eden regions: 5->0(54)
[2022-05-06T01:39:49.074+0000][160][gc,heap     ] GC(57) Survivor regions: 1->1(1)
[2022-05-06T01:39:49.076+0000][160][gc,heap     ] GC(57) Old regions: 40->38
[2022-05-06T01:39:49.077+0000][160][gc,heap     ] GC(57) Archive regions: 2->2
[2022-05-06T01:39:49.079+0000][160][gc,heap     ] GC(57) Humongous regions: 7->7
[2022-05-06T01:39:49.080+0000][160][gc,metaspace] GC(57) Metaspace: 106597K(108160K)->106597K(108160K) NonClass: 92053K(92992K)->92053K(92992K) Class: 14544K(15168K)->14544K(15168K)
[2022-05-06T01:39:49.081+0000][160][gc          ] GC(57) Pause Young (Mixed) (G1 Evacuation Pause) 215M->182M(512M) 24.735ms
[2022-05-06T01:39:49.082+0000][160][gc,cpu      ] GC(57) User=0.01s Sys=0.01s Real=0.03s
[2022-05-06T01:39:49.085+0000][160][safepoint   ] Safepoint "G1CollectForAllocation", Time since last: 25332643262 ns, Reaching safepoint: 188708 ns, At safepoint: 28468375 ns, Total: 28657083 ns
[2022-05-06T01:39:50.091+0000][160][safepoint   ] Safepoint "Cleanup", Time since last: 1006333209 ns, Reaching safepoint: 600333 ns, At safepoint: 21542 ns, Total: 621875 ns
[2022-05-06T01:39:51.103+0000][160][safepoint   ] Safepoint "Cleanup", Time since last: 1011427917 ns, Reaching safepoint: 467083 ns, At safepoint: 15000 ns, Total: 482083 ns
[2022-05-06T01:39:54.120+0000][160][safepoint   ] Safepoint "Cleanup", Time since last: 3016732169 ns, Reaching safepoint: 242166 ns, At safepoint: 10125 ns, Total: 252291 ns
[2022-05-06T01:39:55.128+0000][160][safepoint   ] Safepoint "Cleanup", Time since last: 1007089251 ns, Reaching safepoint: 561875 ns, At safepoint: 19875 ns, Total: 581750 ns
[2022-05-06T01:39:56.145+0000][160][safepoint   ] Safepoint "Cleanup", Time since last: 1016348083 ns, Reaching safepoint: 130542 ns, At safepoint: 5958 ns, Total: 136500 ns
[2022-05-06T01:40:16.192+0000][160][safepoint   ] Safepoint "Cleanup", Time since last: 20045432635 ns, Reaching safepoint: 2148750 ns, At safepoint: 19125 ns, Total: 2167875 ns
[2022-05-06T01:40:20.207+0000][160][safepoint   ] Safepoint "Cleanup", Time since last: 4014963502 ns, Reaching safepoint: 324583 ns, At safepoint: 19833 ns, Total: 344416 ns
[2022-05-06T01:40:25.223+0000][160][safepoint   ] Safepoint "Cleanup", Time since last: 5013762503 ns, Reaching safepoint: 1970708 ns, At safepoint: 21542 ns, Total: 1992250 ns
[2022-05-06T01:40:49.285+0000][160][safepoint   ] Safepoint "Cleanup", Time since last: 24060460136 ns, Reaching safepoint: 302291 ns, At safepoint: 14834 ns, Total: 317125 ns
[2022-05-06T01:40:51.298+0000][160][safepoint   ] Safepoint "Cleanup", Time since last: 2011133750 ns, Reaching safepoint: 1045750 ns, At safepoint: 14125 ns, Total: 1059875 ns
[2022-05-06T01:40:53.307+0000][160][safepoint   ] Safepoint "Cleanup", Time since last: 2009340543 ns, Reaching safepoint: 140292 ns, At safepoint: 6166 ns, Total: 146458 ns
[2022-05-06T01:41:30.413+0000][160][safepoint   ] Safepoint "Cleanup", Time since last: 37103105934 ns, Reaching safepoint: 151000 ns, At safepoint: 7709 ns, Total: 158709 ns
[2022-05-06T01:41:51.483+0000][160][safepoint   ] Safepoint "Cleanup", Time since last: 21069018801 ns, Reaching safepoint: 512666 ns, At safepoint: 22250 ns, Total: 534916 ns
[2022-05-06T01:42:08.525+0000][160][safepoint   ] Safepoint "Cleanup", Time since last: 17041646300 ns, Reaching safepoint: 240833 ns, At safepoint: 7417 ns, Total: 248250 ns
[2022-05-06T01:42:56.646+0000][160][safepoint   ] Safepoint "Cleanup", Time since last: 48123568355 ns, Reaching safepoint: 71959 ns, At safepoint: 3666 ns, Total: 75625 ns
[2022-05-06T01:43:01.660+0000][160][safepoint   ] Safepoint "Cleanup", Time since last: 5012894128 ns, Reaching safepoint: 363625 ns, At safepoint: 14000 ns, Total: 377625 ns
[2022-05-06T01:43:10.676+0000][160][safepoint   ] Safepoint "Cleanup", Time since last: 9016655087 ns, Reaching safepoint: 230417 ns, At safepoint: 6833 ns, Total: 237250 ns
[2022-05-06T01:43:11.682+0000][160][safepoint   ] Safepoint "Cleanup", Time since last: 1004693668 ns, Reaching safepoint: 412875 ns, At safepoint: 17333 ns, Total: 430208 ns
[2022-05-06T01:43:19.715+0000][160][safepoint   ] Safepoint "Cleanup", Time since last: 8029697836 ns, Reaching safepoint: 442917 ns, At safepoint: 155708 ns, Total: 598625 ns
[2022-05-06T01:43:42.778+0000][160][safepoint   ] Safepoint "Cleanup", Time since last: 23062493136 ns, Reaching safepoint: 545042 ns, At safepoint: 10667 ns, Total: 555709 ns
[2022-05-06T01:43:43.801+0000][160][safepoint   ] Safepoint "Cleanup", Time since last: 1022285875 ns, Reaching safepoint: 534792 ns, At safepoint: 22708 ns, Total: 557500 ns
[2022-05-06T01:43:49.839+0000][160][safepoint   ] Safepoint "Cleanup", Time since last: 6021848128 ns, Reaching safepoint: 14230500 ns, At safepoint: 18083 ns, Total: 14248583 ns
[2022-05-06T01:43:57.859+0000][160][safepoint   ] Safepoint "Cleanup", Time since last: 8019232754 ns, Reaching safepoint: 790542 ns, At safepoint: 14791 ns, Total: 805333 ns
[2022-05-06T01:43:58.868+0000][160][safepoint   ] Safepoint "Cleanup", Time since last: 1009004709 ns, Reaching safepoint: 586792 ns, At safepoint: 14916 ns, Total: 601708 ns
[2022-05-06T01:44:17.940+0000][160][safepoint   ] Safepoint "Cleanup", Time since last: 19067046508 ns, Reaching safepoint: 2515125 ns, At safepoint: 14625 ns, Total: 2529750 ns
[2022-05-06T01:44:19.948+0000][160][safepoint   ] Safepoint "Cleanup", Time since last: 2006860335 ns, Reaching safepoint: 1123208 ns, At safepoint: 16792 ns, Total: 1140000 ns
[2022-05-06T01:44:50.034+0000][160][safepoint   ] Safepoint "Cleanup", Time since last: 30086111972 ns, Reaching safepoint: 169917 ns, At safepoint: 5416 ns, Total: 175333 ns
[2022-05-06T01:45:46.177+0000][160][safepoint   ] Safepoint "Cleanup", Time since last: 56141127027 ns, Reaching safepoint: 331666 ns, At safepoint: 742875 ns, Total: 1074541 ns
[2022-05-06T01:45:50.195+0000][160][safepoint   ] Safepoint "Cleanup", Time since last: 4015887293 ns, Reaching safepoint: 318667 ns, At safepoint: 10416 ns, Total: 329083 ns
[2022-05-06T01:46:21.274+0000][160][safepoint   ] Safepoint "Cleanup", Time since last: 31076552222 ns, Reaching safepoint: 698125 ns, At safepoint: 23625 ns, Total: 721750 ns
[2022-05-06T01:46:28.295+0000][160][safepoint   ] Safepoint "Cleanup", Time since last: 7020797962 ns, Reaching safepoint: 693458 ns, At safepoint: 14834 ns, Total: 708292 ns
[2022-05-06T01:46:38.324+0000][160][safepoint   ] Safepoint "Cleanup", Time since last: 10027774338 ns, Reaching safepoint: 606625 ns, At safepoint: 17000 ns, Total: 623625 ns
[2022-05-06T01:46:49.355+0000][160][safepoint   ] Safepoint "Cleanup", Time since last: 11032856046 ns, Reaching safepoint: 116417 ns, At safepoint: 5375 ns, Total: 121792 ns
[2022-05-06T01:46:50.364+0000][160][safepoint   ] Safepoint "Cleanup", Time since last: 1007904251 ns, Reaching safepoint: 647750 ns, At safepoint: 16416 ns, Total: 664166 ns
[2022-05-06T01:47:20.464+0000][160][safepoint   ] Safepoint "Cleanup", Time since last: 30096256431 ns, Reaching safepoint: 554000 ns, At safepoint: 17166 ns, Total: 571166 ns
[2022-05-06T01:47:44.549+0000][160][safepoint   ] Safepoint "Cleanup", Time since last: 24084364178 ns, Reaching safepoint: 587000 ns, At safepoint: 13250 ns, Total: 600250 ns
[2022-05-06T01:47:50.562+0000][160][safepoint   ] Safepoint "Cleanup", Time since last: 6014088544 ns, Reaching safepoint: 382500 ns, At safepoint: 9167 ns, Total: 391667 ns
[2022-05-06T01:47:51.579+0000][160][safepoint   ] Safepoint "Cleanup", Time since last: 1016093000 ns, Reaching safepoint: 512667 ns, At safepoint: 15125 ns, Total: 527792 ns
[2022-05-06T01:48:19.682+0000][160][safepoint   ] Safepoint "Cleanup", Time since last: 28105731763 ns, Reaching safepoint: 1272041 ns, At safepoint: 55209 ns, Total: 1327250 ns
[2022-05-06T01:48:46.775+0000][160][safepoint   ] Safepoint "Cleanup", Time since last: 27085996679 ns, Reaching safepoint: 585625 ns, At safepoint: 19750 ns, Total: 605375 ns
[2022-05-06T01:48:49.791+0000][160][safepoint   ] Safepoint "Cleanup", Time since last: 3014193293 ns, Reaching safepoint: 2057167 ns, At safepoint: 20291 ns, Total: 2077458 ns
[2022-05-06T01:49:02.822+0000][160][safepoint   ] Safepoint "Cleanup", Time since last: 13030720590 ns, Reaching safepoint: 593958 ns, At safepoint: 29792 ns, Total: 623750 ns
[2022-05-06T01:49:18.886+0000][160][safepoint   ] Safepoint "Cleanup", Time since last: 16058483215 ns, Reaching safepoint: 881875 ns, At safepoint: 22125 ns, Total: 904000 ns
[2022-05-06T01:52:50.439+0000][160][safepoint   ] Safepoint "Cleanup", Time since last: 211550366306 ns, Reaching safepoint: 316458 ns, At safepoint: 8500 ns, Total: 324958 ns
[2022-05-06T01:53:20.522+0000][160][safepoint   ] Safepoint "Cleanup", Time since last: 30079141973 ns, Reaching safepoint: 1564458 ns, At safepoint: 14250 ns, Total: 1578708 ns
[2022-05-06T01:53:21.528+0000][160][safepoint   ] Safepoint "Cleanup", Time since last: 1005637959 ns, Reaching safepoint: 334166 ns, At safepoint: 18709 ns, Total: 352875 ns
[2022-05-06T01:53:22.541+0000][160][safepoint   ] Safepoint "Cleanup", Time since last: 1012474875 ns, Reaching safepoint: 266292 ns, At safepoint: 8625 ns, Total: 274917 ns
[2022-05-06T01:53:28.557+0000][160][safepoint   ] Safepoint "Cleanup", Time since last: 6013305503 ns, Reaching safepoint: 2565750 ns, At safepoint: 48208 ns, Total: 2613958 ns
[2022-05-06T01:53:29.562+0000][160][safepoint   ] Safepoint "Cleanup", Time since last: 1003593251 ns, Reaching safepoint: 1440083 ns, At safepoint: 17833 ns, Total: 1457916 ns
[2022-05-06T01:53:32.574+0000][160][safepoint   ] Safepoint "Cleanup", Time since last: 3011584293 ns, Reaching safepoint: 469125 ns, At safepoint: 12542 ns, Total: 481667 ns
[2022-05-06T01:53:50.607+0000][160][safepoint   ] Safepoint "Cleanup", Time since last: 18031384550 ns, Reaching safepoint: 668041 ns, At safepoint: 11417 ns, Total: 679458 ns
[2022-05-06T01:55:34.957+0000][160][safepoint   ] Safepoint "Cleanup", Time since last: 102261637089 ns, Reaching safepoint: 279375 ns, At safepoint: 12458 ns, Total: 291833 ns
[2022-05-06T01:55:44.983+0000][160][safepoint   ] Safepoint "Cleanup", Time since last: 10025508922 ns, Reaching safepoint: 175541 ns, At safepoint: 11667 ns, Total: 187208 ns
[2022-05-06T01:55:53.015+0000][160][safepoint   ] Safepoint "Cleanup", Time since last: 8030907587 ns, Reaching safepoint: 337000 ns, At safepoint: 79000 ns, Total: 416000 ns
[2022-05-06T01:56:20.079+0000][160][safepoint   ] Safepoint "Cleanup", Time since last: 27064840220 ns, Reaching safepoint: 416125 ns, At safepoint: 16417 ns, Total: 432542 ns
[2022-05-06T01:56:21.086+0000][160][safepoint   ] Safepoint "Cleanup", Time since last: 1007160084 ns, Reaching safepoint: 348333 ns, At safepoint: 21500 ns, Total: 369833 ns
[2022-05-06T01:56:50.173+0000][160][safepoint   ] Safepoint "Cleanup", Time since last: 29085026971 ns, Reaching safepoint: 372375 ns, At safepoint: 19500 ns, Total: 391875 ns
[2022-05-06T01:56:55.184+0000][160][safepoint   ] Safepoint "Cleanup", Time since last: 5010916128 ns, Reaching safepoint: 293416 ns, At safepoint: 8834 ns, Total: 302250 ns
[2022-05-06T01:57:22.265+0000][160][safepoint   ] Safepoint "Cleanup", Time since last: 27079950471 ns, Reaching safepoint: 442416 ns, At safepoint: 10209 ns, Total: 452625 ns
[2022-05-06T01:59:16.506+0000][160][safepoint   ] Safepoint "Cleanup", Time since last: 114241511969 ns, Reaching safepoint: 1035708 ns, At safepoint: 19500 ns, Total: 1055208 ns
[2022-05-06T01:59:22.534+0000][160][safepoint   ] Safepoint "Cleanup", Time since last: 6019777211 ns, Reaching safepoint: 297500 ns, At safepoint: 145042 ns, Total: 442542 ns
[2022-05-06T01:59:23.549+0000][160][safepoint   ] Safepoint "Cleanup", Time since last: 1014968542 ns, Reaching safepoint: 670166 ns, At safepoint: 19625 ns, Total: 689791 ns
[2022-05-06T01:59:58.634+0000][160][safepoint   ] Safepoint "Cleanup", Time since last: 35085895517 ns, Reaching safepoint: 327041 ns, At safepoint: 9834 ns, Total: 336875 ns
[2022-05-06T01:59:59.643+0000][160][safepoint   ] Safepoint "Cleanup", Time since last: 1009068292 ns, Reaching safepoint: 294458 ns, At safepoint: 27542 ns, Total: 322000 ns
[2022-05-06T02:00:22.702+0000][160][safepoint   ] Safepoint "Cleanup", Time since last: 23052534760 ns, Reaching safepoint: 245625 ns, At safepoint: 11667 ns, Total: 257292 ns
[2022-05-06T02:00:48.755+0000][160][safepoint   ] Safepoint "Cleanup", Time since last: 26052840887 ns, Reaching safepoint: 410042 ns, At safepoint: 13166 ns, Total: 423208 ns
[2022-05-06T02:00:49.213+0000][160][gc,start    ] GC(58) Pause Young (Normal) (G1 Evacuation Pause)
[2022-05-06T02:00:49.214+0000][160][gc,task     ] GC(58) Using 5 workers of 5 for evacuation
[2022-05-06T02:00:49.216+0000][160][gc,age      ] GC(58) Desired survivor size 14680064 bytes, new threshold 15 (max threshold 15)
[2022-05-06T02:00:49.221+0000][160][gc,age      ] GC(58) Age table with threshold 15 (max threshold 15)
[2022-05-06T02:00:49.223+0000][160][gc,age      ] GC(58) - age   1:    2086368 bytes,    2086368 total
[2022-05-06T02:00:49.224+0000][160][gc,age      ] GC(58) - age   2:     168440 bytes,    2254808 total
[2022-05-06T02:00:49.226+0000][160][gc,phases   ] GC(58)   Pre Evacuate Collection Set: 0.3ms
[2022-05-06T02:00:49.229+0000][160][gc,phases   ] GC(58)   Merge Heap Roots: 0.2ms
[2022-05-06T02:00:49.230+0000][160][gc,phases   ] GC(58)   Evacuate Collection Set: 2.0ms
[2022-05-06T02:00:49.232+0000][160][gc,phases   ] GC(58)   Post Evacuate Collection Set: 1.1ms
[2022-05-06T02:00:49.233+0000][160][gc,phases   ] GC(58)   Other: 10.2ms
[2022-05-06T02:00:49.235+0000][160][gc,heap     ] GC(58) Eden regions: 54->0(55)
[2022-05-06T02:00:49.236+0000][160][gc,heap     ] GC(58) Survivor regions: 1->1(7)
[2022-05-06T02:00:49.237+0000][160][gc,heap     ] GC(58) Old regions: 38->38
[2022-05-06T02:00:49.238+0000][160][gc,heap     ] GC(58) Archive regions: 2->2
[2022-05-06T02:00:49.239+0000][160][gc,heap     ] GC(58) Humongous regions: 7->7
[2022-05-06T02:00:49.241+0000][160][gc,metaspace] GC(58) Metaspace: 107256K(108864K)->107256K(108864K) NonClass: 92706K(93696K)->92706K(93696K) Class: 14550K(15168K)->14550K(15168K)
[2022-05-06T02:00:49.242+0000][160][gc          ] GC(58) Pause Young (Normal) (G1 Evacuation Pause) 398M->183M(512M) 29.450ms
[2022-05-06T02:00:49.243+0000][160][gc,cpu      ] GC(58) User=0.01s Sys=0.00s Real=0.03s
[2022-05-06T02:00:49.245+0000][160][safepoint   ] Safepoint "G1CollectForAllocation", Time since last: 461401709 ns, Reaching safepoint: 170208 ns, At safepoint: 32338708 ns, Total: 32508916 ns
[2022-05-06T02:00:50.254+0000][160][safepoint   ] Safepoint "Cleanup", Time since last: 1009118626 ns, Reaching safepoint: 401166 ns, At safepoint: 14792 ns, Total: 415958 ns
[2022-05-06T02:00:53.270+0000][160][safepoint   ] Safepoint "Cleanup", Time since last: 3015844252 ns, Reaching safepoint: 129083 ns, At safepoint: 7000 ns, Total: 136083 ns
[2022-05-06T02:01:49.402+0000][160][safepoint   ] Safepoint "Cleanup", Time since last: 56128373442 ns, Reaching safepoint: 395208 ns, At safepoint: 14584 ns, Total: 409792 ns
[2022-05-06T02:02:21.471+0000][160][safepoint   ] Safepoint "Cleanup", Time since last: 32068277139 ns, Reaching safepoint: 682792 ns, At safepoint: 16208 ns, Total: 699000 ns
[2022-05-06T02:02:26.486+0000][160][safepoint   ] Safepoint "Cleanup", Time since last: 5013805877 ns, Reaching safepoint: 583209 ns, At safepoint: 20583 ns, Total: 603792 ns
[2022-05-06T02:02:27.492+0000][160][safepoint   ] Safepoint "Cleanup", Time since last: 1006746626 ns, Reaching safepoint: 129625 ns, At safepoint: 4583 ns, Total: 134208 ns
[2022-05-06T02:02:52.575+0000][160][safepoint   ] Safepoint "Cleanup", Time since last: 25074484636 ns, Reaching safepoint: 379417 ns, At safepoint: 92958 ns, Total: 472375 ns
[2022-05-06T02:04:24.812+0000][160][safepoint   ] Safepoint "Cleanup", Time since last: 92240421251 ns, Reaching safepoint: 512666 ns, At safepoint: 14834 ns, Total: 527500 ns
[2022-05-06T02:04:25.818+0000][160][safepoint   ] Safepoint "Cleanup", Time since last: 1005430167 ns, Reaching safepoint: 182291 ns, At safepoint: 8500 ns, Total: 190791 ns
[2022-05-06T02:04:52.877+0000][160][safepoint   ] Safepoint "Cleanup", Time since last: 27055713471 ns, Reaching safepoint: 559041 ns, At safepoint: 10584 ns, Total: 569625 ns
[2022-05-06T02:05:42.005+0000][160][safepoint   ] Safepoint "Cleanup", Time since last: 49130124272 ns, Reaching safepoint: 993709 ns, At safepoint: 22125 ns, Total: 1015834 ns
[2022-05-06T02:05:44.017+0000][160][safepoint   ] Safepoint "Cleanup", Time since last: 2011301001 ns, Reaching safepoint: 543750 ns, At safepoint: 23250 ns, Total: 567000 ns
[2022-05-06T02:05:45.041+0000][160][safepoint   ] Safepoint "Cleanup", Time since last: 1009084709 ns, Reaching safepoint: 15438083 ns, At safepoint: 12625 ns, Total: 15450708 ns
[2022-05-06T02:05:53.067+0000][160][safepoint   ] Safepoint "Cleanup", Time since last: 8021161128 ns, Reaching safepoint: 603667 ns, At safepoint: 26041 ns, Total: 629708 ns
[2022-05-06T02:05:55.086+0000][160][safepoint   ] Safepoint "Cleanup", Time since last: 2018612043 ns, Reaching safepoint: 630083 ns, At safepoint: 24917 ns, Total: 655000 ns
[2022-05-06T02:06:23.161+0000][160][safepoint   ] Safepoint "Cleanup", Time since last: 28073687179 ns, Reaching safepoint: 654875 ns, At safepoint: 9500 ns, Total: 664375 ns
[2022-05-06T02:06:29.182+0000][160][safepoint   ] Safepoint "Cleanup", Time since last: 6020738836 ns, Reaching safepoint: 482334 ns, At safepoint: 25958 ns, Total: 508292 ns
[2022-05-06T02:06:32.201+0000][160][safepoint   ] Safepoint "Cleanup", Time since last: 3018690960 ns, Reaching safepoint: 297833 ns, At safepoint: 9875 ns, Total: 307708 ns
[2022-05-06T02:06:33.209+0000][160][safepoint   ] Safepoint "Cleanup", Time since last: 1006499834 ns, Reaching safepoint: 1116208 ns, At safepoint: 18209 ns, Total: 1134417 ns
[2022-05-06T02:06:45.249+0000][160][safepoint   ] Safepoint "Cleanup", Time since last: 12039132630 ns, Reaching safepoint: 623667 ns, At safepoint: 22375 ns, Total: 646042 ns
[2022-05-06T02:06:50.268+0000][160][safepoint   ] Safepoint "Cleanup", Time since last: 5016965335 ns, Reaching safepoint: 302959 ns, At safepoint: 11500 ns, Total: 314459 ns
[2022-05-06T02:06:53.278+0000][160][safepoint   ] Safepoint "Cleanup", Time since last: 3010427501 ns, Reaching safepoint: 352917 ns, At safepoint: 20041 ns, Total: 372958 ns
[2022-05-06T02:07:14.354+0000][160][safepoint   ] Safepoint "Cleanup", Time since last: 21074982219 ns, Reaching safepoint: 251666 ns, At safepoint: 24875 ns, Total: 276541 ns
[2022-05-06T02:07:15.362+0000][160][safepoint   ] Safepoint "Cleanup", Time since last: 1008291959 ns, Reaching safepoint: 440084 ns, At safepoint: 19666 ns, Total: 459750 ns
[2022-05-06T02:07:23.392+0000][160][safepoint   ] Safepoint "Cleanup", Time since last: 8029389212 ns, Reaching safepoint: 344917 ns, At safepoint: 177750 ns, Total: 522667 ns
[2022-05-06T02:08:19.547+0000][160][safepoint   ] Safepoint "Cleanup", Time since last: 56144838317 ns, Reaching safepoint: 569333 ns, At safepoint: 12792 ns, Total: 582125 ns
[2022-05-06T02:09:19.698+0000][160][safepoint   ] Safepoint "Cleanup", Time since last: 60156869152 ns, Reaching safepoint: 166125 ns, At safepoint: 7750 ns, Total: 173875 ns
[2022-05-06T02:09:21.705+0000][160][safepoint   ] Safepoint "Cleanup", Time since last: 2006036584 ns, Reaching safepoint: 324542 ns, At safepoint: 10167 ns, Total: 334709 ns
[2022-05-06T02:09:55.800+0000][160][safepoint   ] Safepoint "Cleanup", Time since last: 34092619891 ns, Reaching safepoint: 207416 ns, At safepoint: 7292 ns, Total: 214708 ns
[2022-05-06T02:10:09.849+0000][160][safepoint   ] Safepoint "Cleanup", Time since last: 14036735548 ns, Reaching safepoint: 12578209 ns, At safepoint: 30458 ns, Total: 12608667 ns
[2022-05-06T02:10:11.856+0000][160][safepoint   ] Safepoint "Cleanup", Time since last: 2006712418 ns, Reaching safepoint: 386583 ns, At safepoint: 12125 ns, Total: 398708 ns
[2022-05-06T02:10:12.884+0000][160][safepoint   ] Safepoint "Cleanup", Time since last: 1026524209 ns, Reaching safepoint: 1296583 ns, At safepoint: 36792 ns, Total: 1333375 ns
[2022-05-06T02:10:20.776+0000][160][safepoint   ] Safepoint "Cleanup", Time since last: 10023816213 ns, Reaching safepoint: 495375 ns, At safepoint: 11083 ns, Total: 506458 ns
[2022-05-06T02:10:47.872+0000][160][safepoint   ] Safepoint "Cleanup", Time since last: 27095413012 ns, Reaching safepoint: 438750 ns, At safepoint: 10375 ns, Total: 449125 ns
[2022-05-06T02:10:48.882+0000][160][safepoint   ] Safepoint "Cleanup", Time since last: 1009785293 ns, Reaching safepoint: 443750 ns, At safepoint: 18541 ns, Total: 462291 ns
[2022-05-06T02:10:49.886+0000][160][safepoint   ] Safepoint "Cleanup", Time since last: 1003932417 ns, Reaching safepoint: 184167 ns, At safepoint: 9083 ns, Total: 193250 ns
[2022-05-06T02:10:50.890+0000][160][safepoint   ] Safepoint "Cleanup", Time since last: 1003282376 ns, Reaching safepoint: 499042 ns, At safepoint: 21416 ns, Total: 520458 ns
[2022-05-06T02:11:22.965+0000][160][safepoint   ] Safepoint "Cleanup", Time since last: 32071651640 ns, Reaching safepoint: 446084 ns, At safepoint: 14750 ns, Total: 460834 ns
[2022-05-06T02:12:51.176+0000][160][safepoint   ] Safepoint "Cleanup", Time since last: 88209959789 ns, Reaching safepoint: 254917 ns, At safepoint: 12750 ns, Total: 267667 ns
[2022-05-06T02:14:11.377+0000][160][safepoint   ] Safepoint "Cleanup", Time since last: 80199364037 ns, Reaching safepoint: 405375 ns, At safepoint: 17458 ns, Total: 422833 ns
[2022-05-06T02:14:18.415+0000][160][safepoint   ] Safepoint "Cleanup", Time since last: 7036320253 ns, Reaching safepoint: 624209 ns, At safepoint: 24125 ns, Total: 648334 ns
[2022-05-06T02:16:09.716+0000][160][safepoint   ] Safepoint "Cleanup", Time since last: 111298492801 ns, Reaching safepoint: 400666 ns, At safepoint: 14834 ns, Total: 415500 ns
[2022-05-06T02:16:18.743+0000][160][safepoint   ] Safepoint "Cleanup", Time since last: 9025891212 ns, Reaching safepoint: 137250 ns, At safepoint: 4250 ns, Total: 141500 ns
[2022-05-06T02:16:21.753+0000][160][safepoint   ] Safepoint "Cleanup", Time since last: 3008672543 ns, Reaching safepoint: 363708 ns, At safepoint: 14084 ns, Total: 377792 ns
[2022-05-06T02:16:22.760+0000][160][safepoint   ] Safepoint "Cleanup", Time since last: 1006950458 ns, Reaching safepoint: 280125 ns, At safepoint: 68667 ns, Total: 348792 ns
[2022-05-06T02:16:27.232+0000][160][gc,start    ] GC(59) Pause Young (Concurrent Start) (G1 Evacuation Pause)
[2022-05-06T02:16:27.234+0000][160][gc,task     ] GC(59) Using 5 workers of 5 for evacuation
[2022-05-06T02:16:27.235+0000][160][gc,age      ] GC(59) Desired survivor size 14680064 bytes, new threshold 15 (max threshold 15)
[2022-05-06T02:16:27.240+0000][160][gc,age      ] GC(59) Age table with threshold 15 (max threshold 15)
[2022-05-06T02:16:27.241+0000][160][gc,age      ] GC(59) - age   1:    2139664 bytes,    2139664 total
[2022-05-06T02:16:27.242+0000][160][gc,age      ] GC(59) - age   2:     947568 bytes,    3087232 total
[2022-05-06T02:16:27.243+0000][160][gc,age      ] GC(59) - age   3:     160664 bytes,    3247896 total
[2022-05-06T02:16:27.244+0000][160][gc,phases   ] GC(59)   Pre Evacuate Collection Set: 0.2ms
[2022-05-06T02:16:27.245+0000][160][gc,phases   ] GC(59)   Merge Heap Roots: 0.1ms
[2022-05-06T02:16:27.245+0000][160][gc,phases   ] GC(59)   Evacuate Collection Set: 2.0ms
[2022-05-06T02:16:27.246+0000][160][gc,phases   ] GC(59)   Post Evacuate Collection Set: 1.3ms
[2022-05-06T02:16:27.246+0000][160][gc,phases   ] GC(59)   Other: 8.2ms
[2022-05-06T02:16:27.247+0000][160][gc,heap     ] GC(59) Eden regions: 55->0(55)
[2022-05-06T02:16:27.248+0000][160][gc,heap     ] GC(59) Survivor regions: 1->1(7)
[2022-05-06T02:16:27.248+0000][160][gc,heap     ] GC(59) Old regions: 38->38
[2022-05-06T02:16:27.249+0000][160][gc,heap     ] GC(59) Archive regions: 2->2
[2022-05-06T02:16:27.249+0000][160][gc,heap     ] GC(59) Humongous regions: 7->7
[2022-05-06T02:16:27.250+0000][160][gc,metaspace] GC(59) Metaspace: 107878K(109568K)->107878K(109568K) NonClass: 93326K(94336K)->93326K(94336K) Class: 14552K(15232K)->14552K(15232K)
[2022-05-06T02:16:27.251+0000][160][gc          ] GC(59) Pause Young (Concurrent Start) (G1 Evacuation Pause) 403M->184M(512M) 18.937ms
[2022-05-06T02:16:27.252+0000][160][gc,cpu      ] GC(59) User=0.00s Sys=0.01s Real=0.02s
[2022-05-06T02:16:27.252+0000][160][safepoint   ] Safepoint "G1CollectForAllocation", Time since last: 4472104836 ns, Reaching safepoint: 95916 ns, At safepoint: 20299584 ns, Total: 20395500 ns
[2022-05-06T02:16:27.252+0000][160][gc          ] GC(60) Concurrent Mark Cycle
[2022-05-06T02:16:27.255+0000][160][gc,marking  ] GC(60) Concurrent Clear Claimed Marks
[2022-05-06T02:16:27.256+0000][160][gc,marking  ] GC(60) Concurrent Clear Claimed Marks 1.024ms
[2022-05-06T02:16:27.257+0000][160][gc,marking  ] GC(60) Concurrent Scan Root Regions
[2022-05-06T02:16:27.260+0000][160][gc,marking  ] GC(60) Concurrent Scan Root Regions 2.739ms
[2022-05-06T02:16:27.261+0000][160][gc,marking  ] GC(60) Concurrent Mark
[2022-05-06T02:16:27.261+0000][160][gc,marking  ] GC(60) Concurrent Mark From Roots
[2022-05-06T02:16:27.263+0000][160][gc,task     ] GC(60) Using 1 workers of 1 for marking
[2022-05-06T02:16:27.327+0000][160][gc,marking  ] GC(60) Concurrent Mark From Roots 65.864ms
[2022-05-06T02:16:27.328+0000][160][gc,marking  ] GC(60) Concurrent Preclean
[2022-05-06T02:16:27.331+0000][160][gc,marking  ] GC(60) Concurrent Preclean 2.271ms
[2022-05-06T02:16:27.331+0000][160][gc,start    ] GC(60) Pause Remark
[2022-05-06T02:16:27.343+0000][160][gc          ] GC(60) Pause Remark 195M->191M(512M) 11.875ms
[2022-05-06T02:16:27.344+0000][160][gc,cpu      ] GC(60) User=0.04s Sys=0.00s Real=0.01s
[2022-05-06T02:16:27.345+0000][160][safepoint   ] Safepoint "G1Concurrent", Time since last: 79033166 ns, Reaching safepoint: 62500 ns, At safepoint: 13794500 ns, Total: 13857000 ns
[2022-05-06T02:16:27.346+0000][160][gc,marking  ] GC(60) Concurrent Mark 85.293ms
[2022-05-06T02:16:27.347+0000][160][gc,marking  ] GC(60) Concurrent Rebuild Remembered Sets
[2022-05-06T02:16:27.385+0000][160][gc,marking  ] GC(60) Concurrent Rebuild Remembered Sets 38.371ms
[2022-05-06T02:16:27.387+0000][160][gc,start    ] GC(60) Pause Cleanup
[2022-05-06T02:16:27.388+0000][160][gc          ] GC(60) Pause Cleanup 191M->191M(512M) 1.113ms
[2022-05-06T02:16:27.389+0000][160][gc,cpu      ] GC(60) User=0.00s Sys=0.00s Real=0.01s
[2022-05-06T02:16:27.390+0000][160][safepoint   ] Safepoint "G1Concurrent", Time since last: 41491125 ns, Reaching safepoint: 182417 ns, At safepoint: 2783667 ns, Total: 2966084 ns
[2022-05-06T02:16:27.391+0000][160][gc,marking  ] GC(60) Concurrent Cleanup for Next Mark
[2022-05-06T02:16:27.392+0000][160][gc,marking  ] GC(60) Concurrent Cleanup for Next Mark 1.365ms
[2022-05-06T02:16:27.393+0000][160][gc          ] GC(60) Concurrent Mark Cycle 140.868ms
[2022-05-06T02:16:28.394+0000][160][safepoint   ] Safepoint "Cleanup", Time since last: 1003177708 ns, Reaching safepoint: 630959 ns, At safepoint: 63208 ns, Total: 694167 ns
[2022-05-06T02:16:35.414+0000][160][safepoint   ] Safepoint "Cleanup", Time since last: 7020188045 ns, Reaching safepoint: 117417 ns, At safepoint: 19833 ns, Total: 137250 ns
[2022-05-06T02:16:36.416+0000][160][safepoint   ] Safepoint "Cleanup", Time since last: 1001472542 ns, Reaching safepoint: 660042 ns, At safepoint: 23125 ns, Total: 683167 ns
[2022-05-06T02:16:42.448+0000][160][safepoint   ] Safepoint "Cleanup", Time since last: 6031154003 ns, Reaching safepoint: 414958 ns, At safepoint: 15042 ns, Total: 430000 ns
[2022-05-06T02:16:44.462+0000][160][safepoint   ] Safepoint "Cleanup", Time since last: 2013296876 ns, Reaching safepoint: 753250 ns, At safepoint: 23791 ns, Total: 777041 ns
[2022-05-06T02:16:45.718+0000][160][safepoint   ] Safepoint "Cleanup", Time since last: 1255853626 ns, Reaching safepoint: 281792 ns, At safepoint: 8083 ns, Total: 289875 ns
[2022-05-06T02:16:47.728+0000][160][safepoint   ] Safepoint "Cleanup", Time since last: 2004464542 ns, Reaching safepoint: 5107834 ns, At safepoint: 66833 ns, Total: 5174667 ns
[2022-05-06T02:16:51.739+0000][160][safepoint   ] Safepoint "Cleanup", Time since last: 4010086544 ns, Reaching safepoint: 573791 ns, At safepoint: 18792 ns, Total: 592583 ns
[2022-05-06T02:17:01.778+0000][160][safepoint   ] Safepoint "Cleanup", Time since last: 10038414296 ns, Reaching safepoint: 686084 ns, At safepoint: 12250 ns, Total: 698334 ns
[2022-05-06T02:17:05.793+0000][160][safepoint   ] Safepoint "Cleanup", Time since last: 4014414668 ns, Reaching safepoint: 781834 ns, At safepoint: 12625 ns, Total: 794459 ns
[2022-05-06T02:17:21.841+0000][160][safepoint   ] Safepoint "Cleanup", Time since last: 16046894673 ns, Reaching safepoint: 273333 ns, At safepoint: 12417 ns, Total: 285750 ns
[2022-05-06T02:17:51.909+0000][160][safepoint   ] Safepoint "Cleanup", Time since last: 30071566180 ns, Reaching safepoint: 710834 ns, At safepoint: 75875 ns, Total: 786709 ns
[2022-05-06T02:20:22.242+0000][160][safepoint   ] Safepoint "Cleanup", Time since last: 150326042194 ns, Reaching safepoint: 416791 ns, At safepoint: 11125 ns, Total: 427916 ns
[2022-05-06T02:23:51.772+0000][160][safepoint   ] Safepoint "Cleanup", Time since last: 209521920929 ns, Reaching safepoint: 769667 ns, At safepoint: 22583 ns, Total: 792250 ns
[2022-05-06T02:25:22.026+0000][160][safepoint   ] Safepoint "Cleanup", Time since last: 90247306666 ns, Reaching safepoint: 499625 ns, At safepoint: 28458 ns, Total: 528083 ns
[2022-05-06T02:26:22.050+0000][160][safepoint   ] Safepoint "Cleanup", Time since last: 60182866695 ns, Reaching safepoint: 603208 ns, At safepoint: 17333 ns, Total: 620541 ns
[2022-05-06T02:26:52.153+0000][160][safepoint   ] Safepoint "Cleanup", Time since last: 30093072639 ns, Reaching safepoint: 523292 ns, At safepoint: 18875 ns, Total: 542167 ns
[2022-05-06T02:27:22.248+0000][160][safepoint   ] Safepoint "Cleanup", Time since last: 30084696430 ns, Reaching safepoint: 880834 ns, At safepoint: 18458 ns, Total: 899292 ns
[2022-05-06T02:28:28.398+0000][160][safepoint   ] Safepoint "Cleanup", Time since last: 66153899822 ns, Reaching safepoint: 822209 ns, At safepoint: 17875 ns, Total: 840084 ns
[2022-05-06T02:28:52.486+0000][160][safepoint   ] Safepoint "Cleanup", Time since last: 24090679011 ns, Reaching safepoint: 882208 ns, At safepoint: 212167 ns, Total: 1094375 ns
[2022-05-06T02:29:17.570+0000][160][safepoint   ] Safepoint "Cleanup", Time since last: 25078791344 ns, Reaching safepoint: 627792 ns, At safepoint: 14000 ns, Total: 641792 ns
[2022-05-06T02:29:18.578+0000][160][safepoint   ] Safepoint "Cleanup", Time since last: 1006762542 ns, Reaching safepoint: 467500 ns, At safepoint: 14791 ns, Total: 482291 ns
[2022-05-06T02:29:30.610+0000][160][safepoint   ] Safepoint "Cleanup", Time since last: 12032190548 ns, Reaching safepoint: 697291 ns, At safepoint: 20000 ns, Total: 717291 ns
[2022-05-06T02:33:22.208+0000][160][safepoint   ] Safepoint "Cleanup", Time since last: 231590657732 ns, Reaching safepoint: 155625 ns, At safepoint: 3250 ns, Total: 158875 ns
[2022-05-06T02:33:38.253+0000][160][safepoint   ] Safepoint "Cleanup", Time since last: 16044006675 ns, Reaching safepoint: 867166 ns, At safepoint: 140625 ns, Total: 1007791 ns
[2022-05-06T02:34:28.479+0000][160][safepoint   ] Safepoint "Cleanup", Time since last: 50223496023 ns, Reaching safepoint: 2312709 ns, At safepoint: 26833 ns, Total: 2339542 ns
[2022-05-06T02:34:52.580+0000][160][safepoint   ] Safepoint "Cleanup", Time since last: 24097961053 ns, Reaching safepoint: 754292 ns, At safepoint: 185708 ns, Total: 940000 ns
[2022-05-06T02:50:20.329+0000][160][safepoint   ] Safepoint "Cleanup", Time since last: 26131361095 ns, Reaching safepoint: 1033167 ns, At safepoint: 13875 ns, Total: 1047042 ns
[2022-05-06T03:06:15.594+0000][160][safepoint   ] Safepoint "Cleanup", Time since last: 59296235735 ns, Reaching safepoint: 493375 ns, At safepoint: 22042 ns, Total: 515417 ns
[2022-05-06T03:06:49.788+0000][160][safepoint   ] Safepoint "Cleanup", Time since last: 34191489058 ns, Reaching safepoint: 322291 ns, At safepoint: 6334 ns, Total: 328625 ns
[2022-05-06T03:23:37.442+0000][160][safepoint   ] Safepoint "Cleanup", Time since last: 86396240081 ns, Reaching safepoint: 3005958 ns, At safepoint: 96417 ns, Total: 3102375 ns
[2022-05-06T03:25:09.869+0000][160][safepoint   ] Safepoint "Cleanup", Time since last: 92425223291 ns, Reaching safepoint: 707542 ns, At safepoint: 215042 ns, Total: 922584 ns
[2022-05-06T03:25:17.904+0000][160][safepoint   ] Safepoint "Cleanup", Time since last: 8033609379 ns, Reaching safepoint: 461333 ns, At safepoint: 14208 ns, Total: 475541 ns
[2022-05-06T03:50:52.898+0000][160][safepoint   ] Safepoint "Cleanup", Time since last: 214081969682 ns, Reaching safepoint: 410208 ns, At safepoint: 99917 ns, Total: 510125 ns
[2022-05-06T04:10:42.539+0000][160][gc,start    ] GC(61) Pause Young (Prepare Mixed) (G1 Evacuation Pause)
[2022-05-06T04:10:42.544+0000][160][gc,task     ] GC(61) Using 5 workers of 5 for evacuation
[2022-05-06T04:10:42.547+0000][160][gc,age      ] GC(61) Desired survivor size 14680064 bytes, new threshold 15 (max threshold 15)
[2022-05-06T04:10:42.558+0000][160][gc,age      ] GC(61) Age table with threshold 15 (max threshold 15)
[2022-05-06T04:10:42.561+0000][160][gc,age      ] GC(61) - age   1:    1614840 bytes,    1614840 total
[2022-05-06T04:10:42.562+0000][160][gc,age      ] GC(61) - age   2:     647320 bytes,    2262160 total
[2022-05-06T04:10:42.564+0000][160][gc,age      ] GC(61) - age   3:     615456 bytes,    2877616 total
[2022-05-06T04:10:42.565+0000][160][gc,age      ] GC(61) - age   4:     136584 bytes,    3014200 total
[2022-05-06T04:10:42.567+0000][160][gc,phases   ] GC(61)   Pre Evacuate Collection Set: 0.4ms
[2022-05-06T04:10:42.568+0000][160][gc,phases   ] GC(61)   Merge Heap Roots: 1.0ms
[2022-05-06T04:10:42.569+0000][160][gc,phases   ] GC(61)   Evacuate Collection Set: 4.9ms
[2022-05-06T04:10:42.570+0000][160][gc,phases   ] GC(61)   Post Evacuate Collection Set: 1.8ms
[2022-05-06T04:10:42.572+0000][160][gc,phases   ] GC(61)   Other: 19.7ms
[2022-05-06T04:10:42.573+0000][160][gc,heap     ] GC(61) Eden regions: 55->0(5)
[2022-05-06T04:10:42.574+0000][160][gc,heap     ] GC(61) Survivor regions: 1->1(7)
[2022-05-06T04:10:42.576+0000][160][gc,heap     ] GC(61) Old regions: 38->38
[2022-05-06T04:10:42.577+0000][160][gc,heap     ] GC(61) Archive regions: 2->2
[2022-05-06T04:10:42.578+0000][160][gc,heap     ] GC(61) Humongous regions: 6->6
[2022-05-06T04:10:42.579+0000][160][gc,metaspace] GC(61) Metaspace: 108029K(109632K)->108029K(109632K) NonClass: 93494K(94400K)->93494K(94400K) Class: 14535K(15232K)->14535K(15232K)
[2022-05-06T04:10:42.580+0000][160][gc          ] GC(61) Pause Young (Prepare Mixed) (G1 Evacuation Pause) 400M->180M(512M) 41.245ms
[2022-05-06T04:10:42.581+0000][160][gc,cpu      ] GC(61) User=0.02s Sys=0.01s Real=0.04s
[2022-05-06T04:10:42.582+0000][160][safepoint   ] Safepoint "G1CollectForAllocation", Time since last: 229306137395 ns, Reaching safepoint: 171084 ns, At safepoint: 43626666 ns, Total: 43797750 ns
[2022-05-06T04:11:12.659+0000][160][safepoint   ] Safepoint "Cleanup", Time since last: 30084093222 ns, Reaching safepoint: 233042 ns, At safepoint: 183333 ns, Total: 416375 ns
[2022-05-06T04:12:58.927+0000][160][safepoint   ] Safepoint "Cleanup", Time since last: 106266673549 ns, Reaching safepoint: 1087333 ns, At safepoint: 3012000 ns, Total: 4099333 ns
[2022-05-06T04:14:41.170+0000][160][safepoint   ] Safepoint "Cleanup", Time since last: 102242014213 ns, Reaching safepoint: 793375 ns, At safepoint: 20750 ns, Total: 814125 ns
[2022-05-06T04:14:50.207+0000][160][safepoint   ] Safepoint "Cleanup", Time since last: 9037358254 ns, Reaching safepoint: 413917 ns, At safepoint: 17583 ns, Total: 431500 ns
[2022-05-06T04:15:21.291+0000][160][safepoint   ] Safepoint "Cleanup", Time since last: 31081703639 ns, Reaching safepoint: 271542 ns, At safepoint: 5333 ns, Total: 276875 ns
[2022-05-06T04:18:25.731+0000][160][safepoint   ] Safepoint "Cleanup", Time since last: 184443800085 ns, Reaching safepoint: 207583 ns, At safepoint: 4834 ns, Total: 212417 ns
[2022-05-06T04:18:26.088+0000][160][gc,start    ] GC(62) Pause Young (Mixed) (G1 Evacuation Pause)
[2022-05-06T04:18:26.090+0000][160][gc,task     ] GC(62) Using 5 workers of 5 for evacuation
[2022-05-06T04:18:26.090+0000][160][gc,age      ] GC(62) Desired survivor size 2097152 bytes, new threshold 2 (max threshold 15)
[2022-05-06T04:18:26.096+0000][160][gc,age      ] GC(62) Age table with threshold 2 (max threshold 15)
[2022-05-06T04:18:26.097+0000][160][gc,age      ] GC(62) - age   1:     191520 bytes,     191520 total
[2022-05-06T04:18:26.098+0000][160][gc,age      ] GC(62) - age   2:    1265696 bytes,    1457216 total
[2022-05-06T04:18:26.099+0000][160][gc,phases   ] GC(62)   Pre Evacuate Collection Set: 0.3ms
[2022-05-06T04:18:26.100+0000][160][gc,phases   ] GC(62)   Merge Heap Roots: 0.2ms
[2022-05-06T04:18:26.101+0000][160][gc,phases   ] GC(62)   Evacuate Collection Set: 2.5ms
[2022-05-06T04:18:26.102+0000][160][gc,phases   ] GC(62)   Post Evacuate Collection Set: 1.8ms
[2022-05-06T04:18:26.103+0000][160][gc,phases   ] GC(62)   Other: 5.8ms
[2022-05-06T04:18:26.104+0000][160][gc,heap     ] GC(62) Eden regions: 5->0(67)
[2022-05-06T04:18:26.105+0000][160][gc,heap     ] GC(62) Survivor regions: 1->1(1)
[2022-05-06T04:18:26.106+0000][160][gc,heap     ] GC(62) Old regions: 38->28
[2022-05-06T04:18:26.107+0000][160][gc,heap     ] GC(62) Archive regions: 2->2
[2022-05-06T04:18:26.108+0000][160][gc,heap     ] GC(62) Humongous regions: 6->6
[2022-05-06T04:18:26.109+0000][160][gc,metaspace] GC(62) Metaspace: 108050K(109696K)->108050K(109696K) NonClass: 93515K(94464K)->93515K(94464K) Class: 14535K(15232K)->14535K(15232K)
[2022-05-06T04:18:26.109+0000][160][gc          ] GC(62) Pause Young (Mixed) (G1 Evacuation Pause) 200M->138M(512M) 20.788ms
[2022-05-06T04:18:26.110+0000][160][gc,cpu      ] GC(62) User=0.01s Sys=0.00s Real=0.02s
[2022-05-06T04:18:26.111+0000][160][safepoint   ] Safepoint "G1CollectForAllocation", Time since last: 357629833 ns, Reaching safepoint: 168250 ns, At safepoint: 23085417 ns, Total: 23253667 ns
[2022-05-06T04:18:27.116+0000][160][safepoint   ] Safepoint "Cleanup", Time since last: 1004794417 ns, Reaching safepoint: 107583 ns, At safepoint: 2667 ns, Total: 110250 ns
[2022-05-06T04:18:43.148+0000][160][safepoint   ] Safepoint "Cleanup", Time since last: 16033402715 ns, Reaching safepoint: 548125 ns, At safepoint: 15667 ns, Total: 563792 ns
[2022-05-06T04:19:21.237+0000][160][safepoint   ] Safepoint "Cleanup", Time since last: 38087568642 ns, Reaching safepoint: 745583 ns, At safepoint: 16208 ns, Total: 761791 ns
[2022-05-06T04:24:06.923+0000][160][safepoint   ] Safepoint "Cleanup", Time since last: 285688951131 ns, Reaching safepoint: 234750 ns, At safepoint: 11125 ns, Total: 245875 ns
[2022-05-06T04:24:09.935+0000][160][safepoint   ] Safepoint "Cleanup", Time since last: 3011204375 ns, Reaching safepoint: 736542 ns, At safepoint: 35417 ns, Total: 771959 ns
[2022-05-06T04:24:10.955+0000][160][safepoint   ] Safepoint "Cleanup", Time since last: 1019932625 ns, Reaching safepoint: 325667 ns, At safepoint: 9666 ns, Total: 335333 ns
[2022-05-06T04:24:13.970+0000][160][safepoint   ] Safepoint "Cleanup", Time since last: 3013977252 ns, Reaching safepoint: 465208 ns, At safepoint: 9542 ns, Total: 474750 ns
[2022-05-06T04:28:40.617+0000][160][safepoint   ] Safepoint "Cleanup", Time since last: 266650616079 ns, Reaching safepoint: 829250 ns, At safepoint: 20792 ns, Total: 850042 ns
[2022-05-06T04:28:41.624+0000][160][safepoint   ] Safepoint "Cleanup", Time since last: 1006064292 ns, Reaching safepoint: 496375 ns, At safepoint: 25708 ns, Total: 522083 ns
[2022-05-06T04:28:43.632+0000][160][safepoint   ] Safepoint "Cleanup", Time since last: 2007727168 ns, Reaching safepoint: 442875 ns, At safepoint: 21125 ns, Total: 464000 ns
[2022-05-06T04:28:46.648+0000][160][safepoint   ] Safepoint "Cleanup", Time since last: 3015654626 ns, Reaching safepoint: 200833 ns, At safepoint: 6625 ns, Total: 207458 ns
[2022-05-06T04:28:49.659+0000][160][safepoint   ] Safepoint "Cleanup", Time since last: 3010450835 ns, Reaching safepoint: 839500 ns, At safepoint: 20334 ns, Total: 859834 ns
[2022-05-06T04:28:50.668+0000][160][safepoint   ] Safepoint "Cleanup", Time since last: 1008696750 ns, Reaching safepoint: 278542 ns, At safepoint: 8375 ns, Total: 286917 ns
[2022-05-06T04:28:55.694+0000][160][safepoint   ] Safepoint "Cleanup", Time since last: 5025117627 ns, Reaching safepoint: 328333 ns, At safepoint: 10167 ns, Total: 338500 ns
[2022-05-06T04:28:56.701+0000][160][safepoint   ] Safepoint "Cleanup", Time since last: 1007146459 ns, Reaching safepoint: 424958 ns, At safepoint: 8750 ns, Total: 433708 ns
[2022-05-06T04:29:13.744+0000][160][safepoint   ] Safepoint "Cleanup", Time since last: 17044060883 ns, Reaching safepoint: 318875 ns, At safepoint: 14500 ns, Total: 333375 ns
[2022-05-06T04:29:14.760+0000][160][safepoint   ] Safepoint "Cleanup", Time since last: 1014956042 ns, Reaching safepoint: 844500 ns, At safepoint: 12375 ns, Total: 856875 ns
[2022-05-06T04:29:20.775+0000][160][safepoint   ] Safepoint "Cleanup", Time since last: 6014487086 ns, Reaching safepoint: 408625 ns, At safepoint: 10208 ns, Total: 418833 ns
[2022-05-06T04:29:43.832+0000][160][safepoint   ] Safepoint "Cleanup", Time since last: 23056475844 ns, Reaching safepoint: 358041 ns, At safepoint: 13750 ns, Total: 371791 ns
[2022-05-06T04:29:48.855+0000][160][safepoint   ] Safepoint "Cleanup", Time since last: 5022654336 ns, Reaching safepoint: 296792 ns, At safepoint: 13916 ns, Total: 310708 ns
[2022-05-06T04:34:48.608+0000][160][safepoint   ] Safepoint "Cleanup", Time since last: 299758280095 ns, Reaching safepoint: 469500 ns, At safepoint: 17334 ns, Total: 486834 ns
[2022-05-06T04:35:13.688+0000][160][safepoint   ] Safepoint "Cleanup", Time since last: 25080074470 ns, Reaching safepoint: 136125 ns, At safepoint: 6958 ns, Total: 143083 ns
[2022-05-06T04:36:36.902+0000][160][safepoint   ] Safepoint "Cleanup", Time since last: 83211556413 ns, Reaching safepoint: 346625 ns, At safepoint: 174500 ns, Total: 521125 ns
[2022-05-06T04:37:39.073+0000][160][safepoint   ] Safepoint "Cleanup", Time since last: 62173635778 ns, Reaching safepoint: 344375 ns, At safepoint: 245000 ns, Total: 589375 ns
[2022-05-06T04:37:48.103+0000][160][safepoint   ] Safepoint "Cleanup", Time since last: 9029832838 ns, Reaching safepoint: 863666 ns, At safepoint: 21209 ns, Total: 884875 ns
[2022-05-06T04:38:12.168+0000][160][safepoint   ] Safepoint "Cleanup", Time since last: 24064451469 ns, Reaching safepoint: 461708 ns, At safepoint: 15584 ns, Total: 477292 ns
[2022-05-06T04:38:14.180+0000][160][safepoint   ] Safepoint "Cleanup", Time since last: 2012073667 ns, Reaching safepoint: 248083 ns, At safepoint: 10625 ns, Total: 258708 ns
[2022-05-06T04:42:14.742+0000][160][safepoint   ] Safepoint "Cleanup", Time since last: 240567549943 ns, Reaching safepoint: 729833 ns, At safepoint: 20000 ns, Total: 749833 ns
[2022-05-06T04:43:14.899+0000][160][safepoint   ] Safepoint "Cleanup", Time since last: 60155253402 ns, Reaching safepoint: 489000 ns, At safepoint: 34042 ns, Total: 523042 ns
[2022-05-06T04:48:14.586+0000][160][safepoint   ] Safepoint "Cleanup", Time since last: 299696151470 ns, Reaching safepoint: 480000 ns, At safepoint: 16459 ns, Total: 496459 ns
[2022-05-06T04:48:18.611+0000][160][safepoint   ] Safepoint "Cleanup", Time since last: 4024898793 ns, Reaching safepoint: 515542 ns, At safepoint: 18666 ns, Total: 534208 ns
[2022-05-06T04:48:28.647+0000][160][safepoint   ] Safepoint "Cleanup", Time since last: 10035199047 ns, Reaching safepoint: 372208 ns, At safepoint: 135209 ns, Total: 507417 ns
[2022-05-06T04:48:31.659+0000][160][safepoint   ] Safepoint "Cleanup", Time since last: 3012058626 ns, Reaching safepoint: 404375 ns, At safepoint: 21000 ns, Total: 425375 ns
[2022-05-06T04:48:44.698+0000][160][safepoint   ] Safepoint "Cleanup", Time since last: 13031640048 ns, Reaching safepoint: 1241083 ns, At safepoint: 135958 ns, Total: 1377041 ns
[2022-05-06T04:49:20.784+0000][160][safepoint   ] Safepoint "Cleanup", Time since last: 36084875058 ns, Reaching safepoint: 252125 ns, At safepoint: 13084 ns, Total: 265209 ns
[2022-05-06T04:52:39.260+0000][160][safepoint   ] Safepoint "Cleanup", Time since last: 198479096923 ns, Reaching safepoint: 210375 ns, At safepoint: 7584 ns, Total: 217959 ns
[2022-05-06T04:52:49.286+0000][160][safepoint   ] Safepoint "Cleanup", Time since last: 10025432796 ns, Reaching safepoint: 410333 ns, At safepoint: 13542 ns, Total: 423875 ns
[2022-05-06T04:52:53.300+0000][160][safepoint   ] Safepoint "Cleanup", Time since last: 4013706419 ns, Reaching safepoint: 225041 ns, At safepoint: 12834 ns, Total: 237875 ns
[2022-05-06T04:53:15.366+0000][160][safepoint   ] Safepoint "Cleanup", Time since last: 22065861968 ns, Reaching safepoint: 413041 ns, At safepoint: 19167 ns, Total: 432208 ns
[2022-05-06T04:54:11.502+0000][160][safepoint   ] Safepoint "Cleanup", Time since last: 56141387150 ns, Reaching safepoint: 214875 ns, At safepoint: 9000 ns, Total: 223875 ns
[2022-05-06T04:54:39.574+0000][160][safepoint   ] Safepoint "Cleanup", Time since last: 28060965763 ns, Reaching safepoint: 215167 ns, At safepoint: 9750 ns, Total: 224917 ns
[2022-05-06T04:55:14.660+0000][160][safepoint   ] Safepoint "Cleanup", Time since last: 35092733849 ns, Reaching safepoint: 473459 ns, At safepoint: 13291 ns, Total: 486750 ns
[2022-05-06T04:55:18.967+0000][160][gc,start    ] GC(63) Pause Young (Concurrent Start) (G1 Evacuation Pause)
[2022-05-06T04:55:18.969+0000][160][gc,task     ] GC(63) Using 5 workers of 5 for evacuation
[2022-05-06T04:55:18.971+0000][160][gc,age      ] GC(63) Desired survivor size 18874368 bytes, new threshold 15 (max threshold 15)
[2022-05-06T04:55:18.980+0000][160][gc,age      ] GC(63) Age table with threshold 15 (max threshold 15)
[2022-05-06T04:55:18.982+0000][160][gc,age      ] GC(63) - age   1:    2625216 bytes,    2625216 total
[2022-05-06T04:55:18.984+0000][160][gc,age      ] GC(63) - age   2:      18656 bytes,    2643872 total
[2022-05-06T04:55:18.985+0000][160][gc,age      ] GC(63) - age   3:     993648 bytes,    3637520 total
[2022-05-06T04:55:18.987+0000][160][gc,phases   ] GC(63)   Pre Evacuate Collection Set: 0.5ms
[2022-05-06T04:55:18.988+0000][160][gc,phases   ] GC(63)   Merge Heap Roots: 0.2ms
[2022-05-06T04:55:18.990+0000][160][gc,phases   ] GC(63)   Evacuate Collection Set: 3.1ms
[2022-05-06T04:55:18.991+0000][160][gc,phases   ] GC(63)   Post Evacuate Collection Set: 1.7ms
[2022-05-06T04:55:18.992+0000][160][gc,phases   ] GC(63)   Other: 13.8ms
[2022-05-06T04:55:18.993+0000][160][gc,heap     ] GC(63) Eden regions: 67->0(67)
[2022-05-06T04:55:18.995+0000][160][gc,heap     ] GC(63) Survivor regions: 1->1(9)
[2022-05-06T04:55:18.996+0000][160][gc,heap     ] GC(63) Old regions: 28->28
[2022-05-06T04:55:18.996+0000][160][gc,heap     ] GC(63) Archive regions: 2->2
[2022-05-06T04:55:18.997+0000][160][gc,heap     ] GC(63) Humongous regions: 6->6
[2022-05-06T04:55:18.998+0000][160][gc,metaspace] GC(63) Metaspace: 108274K(109952K)->108274K(109952K) NonClass: 93739K(94720K)->93739K(94720K) Class: 14535K(15232K)->14535K(15232K)
[2022-05-06T04:55:18.999+0000][160][gc          ] GC(63) Pause Young (Concurrent Start) (G1 Evacuation Pause) 406M->140M(512M) 31.434ms
[2022-05-06T04:55:18.999+0000][160][gc,cpu      ] GC(63) User=0.01s Sys=0.01s Real=0.03s
[2022-05-06T04:55:19.000+0000][160][gc          ] GC(64) Concurrent Mark Cycle
[2022-05-06T04:55:19.001+0000][160][gc,marking  ] GC(64) Concurrent Clear Claimed Marks
[2022-05-06T04:55:19.000+0000][160][safepoint   ] Safepoint "G1CollectForAllocation", Time since last: 4307490253 ns, Reaching safepoint: 127083 ns, At safepoint: 32640000 ns, Total: 32767083 ns
[2022-05-06T04:55:19.002+0000][160][gc,marking  ] GC(64) Concurrent Clear Claimed Marks 0.906ms
[2022-05-06T04:55:19.004+0000][160][gc,marking  ] GC(64) Concurrent Scan Root Regions
[2022-05-06T04:55:19.007+0000][160][gc,marking  ] GC(64) Concurrent Scan Root Regions 3.580ms
[2022-05-06T04:55:19.008+0000][160][gc,marking  ] GC(64) Concurrent Mark
[2022-05-06T04:55:19.009+0000][160][gc,marking  ] GC(64) Concurrent Mark From Roots
[2022-05-06T04:55:19.010+0000][160][gc,task     ] GC(64) Using 1 workers of 1 for marking
[2022-05-06T04:55:19.080+0000][160][gc,marking  ] GC(64) Concurrent Mark From Roots 71.297ms
[2022-05-06T04:55:19.081+0000][160][gc,marking  ] GC(64) Concurrent Preclean
[2022-05-06T04:55:19.083+0000][160][gc,marking  ] GC(64) Concurrent Preclean 1.483ms
[2022-05-06T04:55:19.084+0000][160][gc,start    ] GC(64) Pause Remark
[2022-05-06T04:55:19.092+0000][160][gc          ] GC(64) Pause Remark 150M->150M(512M) 8.499ms
[2022-05-06T04:55:19.093+0000][160][gc,cpu      ] GC(64) User=0.03s Sys=0.00s Real=0.01s
[2022-05-06T04:55:19.094+0000][160][safepoint   ] Safepoint "G1Concurrent", Time since last: 83786000 ns, Reaching safepoint: 39250 ns, At safepoint: 10374417 ns, Total: 10413667 ns
[2022-05-06T04:55:19.095+0000][160][gc,marking  ] GC(64) Concurrent Mark 87.078ms
[2022-05-06T04:55:19.096+0000][160][gc,marking  ] GC(64) Concurrent Rebuild Remembered Sets
[2022-05-06T04:55:19.137+0000][160][gc,marking  ] GC(64) Concurrent Rebuild Remembered Sets 40.949ms
[2022-05-06T04:55:19.139+0000][160][gc,start    ] GC(64) Pause Cleanup
[2022-05-06T04:55:19.140+0000][160][gc          ] GC(64) Pause Cleanup 160M->160M(512M) 1.374ms
[2022-05-06T04:55:19.142+0000][160][gc,cpu      ] GC(64) User=0.00s Sys=0.00s Real=0.01s
[2022-05-06T04:55:19.143+0000][160][safepoint   ] Safepoint "G1Concurrent", Time since last: 44275125 ns, Reaching safepoint: 65583 ns, At safepoint: 4720917 ns, Total: 4786500 ns
[2022-05-06T04:55:19.144+0000][160][gc,marking  ] GC(64) Concurrent Cleanup for Next Mark
[2022-05-06T04:55:19.145+0000][160][gc,marking  ] GC(64) Concurrent Cleanup for Next Mark 1.401ms
[2022-05-06T04:55:19.146+0000][160][gc          ] GC(64) Concurrent Mark Cycle 146.059ms
[2022-05-06T04:55:20.146+0000][160][safepoint   ] Safepoint "Cleanup", Time since last: 1002344042 ns, Reaching safepoint: 637666 ns, At safepoint: 15209 ns, Total: 652875 ns
[2022-05-06T04:55:44.227+0000][160][safepoint   ] Safepoint "Cleanup", Time since last: 24077943677 ns, Reaching safepoint: 2737750 ns, At safepoint: 19709 ns, Total: 2757459 ns
[2022-05-06T04:55:45.237+0000][160][safepoint   ] Safepoint "Cleanup", Time since last: 1008685917 ns, Reaching safepoint: 899166 ns, At safepoint: 11084 ns, Total: 910250 ns
