[2022-04-18T11:18:42.944+0000][174][gc] Using G1
[2022-04-18T11:18:42.949+0000][174][gc,init] Version: 17.0.2+8 (release)
[2022-04-18T11:18:42.950+0000][174][gc,init] CPUs: 5 total, 5 available
[2022-04-18T11:18:42.951+0000][174][gc,init] Memory: 7851M
[2022-04-18T11:18:42.953+0000][174][gc,init] Large Page Support: Disabled
[2022-04-18T11:18:42.953+0000][174][gc,init] NUMA Support: Disabled
[2022-04-18T11:18:42.955+0000][174][gc,init] Compressed Oops: Enabled (32-bit)
[2022-04-18T11:18:42.956+0000][174][gc,init] Heap Region Size: 1M
[2022-04-18T11:18:42.956+0000][174][gc,init] Heap Min Capacity: 512M
[2022-04-18T11:18:42.958+0000][174][gc,init] Heap Initial Capacity: 512M
[2022-04-18T11:18:42.959+0000][174][gc,init] Heap Max Capacity: 512M
[2022-04-18T11:18:42.959+0000][174][gc,init] Pre-touch: Disabled
[2022-04-18T11:18:42.960+0000][174][gc,init] Parallel Workers: 5
[2022-04-18T11:18:42.962+0000][174][gc,init] Concurrent Workers: 1
[2022-04-18T11:18:42.963+0000][174][gc,init] Concurrent Refinement Workers: 5
[2022-04-18T11:18:42.964+0000][174][gc,init] Periodic GC: Disabled
[2022-04-18T11:18:42.965+0000][174][gc,metaspace] CDS archive(s) not mapped
[2022-04-18T11:18:42.966+0000][174][gc,metaspace] Compressed class space mapped at: 0x0000000100000000-0x0000000140000000, reserved size: 1073741824
[2022-04-18T11:18:42.967+0000][174][gc,metaspace] Narrow klass base: 0x0000000000000000, Narrow klass shift: 3, Narrow klass range: 0x140000000
[2022-04-18T11:18:43.022+0000][174][gc,heap,exit] Heap
[2022-04-18T11:18:43.023+0000][174][gc,heap,exit]  garbage-first heap   total 524288K, used 2048K [0x00000000e0000000, 0x0000000100000000)
[2022-04-18T11:18:43.025+0000][174][gc,heap,exit]   region size 1024K, 2 young (2048K), 0 survivors (0K)
[2022-04-18T11:18:43.026+0000][174][gc,heap,exit]  Metaspace       used 3477K, committed 3520K, reserved 1056768K
[2022-04-18T11:18:43.027+0000][174][gc,heap,exit]   class space    used 278K, committed 320K, reserved 1048576K
