[2022-04-20T23:32:38.525+0000][174][gc] Using G1
[2022-04-20T23:32:38.529+0000][174][gc,init] Version: 17.0.2+8 (release)
[2022-04-20T23:32:38.530+0000][174][gc,init] CPUs: 5 total, 5 available
[2022-04-20T23:32:38.530+0000][174][gc,init] Memory: 7851M
[2022-04-20T23:32:38.532+0000][174][gc,init] Large Page Support: Disabled
[2022-04-20T23:32:38.533+0000][174][gc,init] NUMA Support: Disabled
[2022-04-20T23:32:38.534+0000][174][gc,init] Compressed Oops: Enabled (32-bit)
[2022-04-20T23:32:38.535+0000][174][gc,init] Heap Region Size: 1M
[2022-04-20T23:32:38.536+0000][174][gc,init] Heap Min Capacity: 512M
[2022-04-20T23:32:38.537+0000][174][gc,init] Heap Initial Capacity: 512M
[2022-04-20T23:32:38.538+0000][174][gc,init] Heap Max Capacity: 512M
[2022-04-20T23:32:38.538+0000][174][gc,init] Pre-touch: Disabled
[2022-04-20T23:32:38.539+0000][174][gc,init] Parallel Workers: 5
[2022-04-20T23:32:38.540+0000][174][gc,init] Concurrent Workers: 1
[2022-04-20T23:32:38.540+0000][174][gc,init] Concurrent Refinement Workers: 5
[2022-04-20T23:32:38.541+0000][174][gc,init] Periodic GC: Disabled
[2022-04-20T23:32:38.542+0000][174][gc,metaspace] CDS archive(s) not mapped
[2022-04-20T23:32:38.542+0000][174][gc,metaspace] Compressed class space mapped at: 0x0000000100000000-0x0000000140000000, reserved size: 1073741824
[2022-04-20T23:32:38.543+0000][174][gc,metaspace] Narrow klass base: 0x0000000000000000, Narrow klass shift: 3, Narrow klass range: 0x140000000
[2022-04-20T23:32:38.580+0000][174][gc,heap,exit] Heap
[2022-04-20T23:32:38.581+0000][174][gc,heap,exit]  garbage-first heap   total 524288K, used 2048K [0x00000000e0000000, 0x0000000100000000)
[2022-04-20T23:32:38.582+0000][174][gc,heap,exit]   region size 1024K, 2 young (2048K), 0 survivors (0K)
[2022-04-20T23:32:38.583+0000][174][gc,heap,exit]  Metaspace       used 3478K, committed 3520K, reserved 1056768K
[2022-04-20T23:32:38.584+0000][174][gc,heap,exit]   class space    used 278K, committed 320K, reserved 1048576K
