[2022-04-29T04:49:59.519+0000][82][gc] Using G1
[2022-04-29T04:49:59.562+0000][82][gc,init] Version: 17.0.2+8 (release)
[2022-04-29T04:49:59.563+0000][82][gc,init] CPUs: 5 total, 5 available
[2022-04-29T04:49:59.564+0000][82][gc,init] Memory: 7851M
[2022-04-29T04:49:59.565+0000][82][gc,init] Large Page Support: Disabled
[2022-04-29T04:49:59.566+0000][82][gc,init] NUMA Support: Disabled
[2022-04-29T04:49:59.568+0000][82][gc,init] Compressed Oops: Enabled (32-bit)
[2022-04-29T04:49:59.569+0000][82][gc,init] Heap Region Size: 4M
[2022-04-29T04:49:59.571+0000][82][gc,init] Heap Min Capacity: 512M
[2022-04-29T04:49:59.572+0000][82][gc,init] Heap Initial Capacity: 512M
[2022-04-29T04:49:59.573+0000][82][gc,init] Heap Max Capacity: 512M
[2022-04-29T04:49:59.574+0000][82][gc,init] Pre-touch: Enabled
[2022-04-29T04:49:59.574+0000][82][gc,init] Parallel Workers: 5
[2022-04-29T04:49:59.575+0000][82][gc,init] Concurrent Workers: 1
[2022-04-29T04:49:59.576+0000][82][gc,init] Concurrent Refinement Workers: 5
[2022-04-29T04:49:59.577+0000][82][gc,init] Periodic GC: Disabled
[2022-04-29T04:49:59.578+0000][82][gc,metaspace] CDS archive(s) mapped at: [0x0000000800000000-0x0000000800bd2000-0x0000000800bd2000), size 12394496, SharedBaseAddress: 0x0000000800000000, ArchiveRelocationMode: 0.
[2022-04-29T04:49:59.578+0000][82][gc,metaspace] Compressed class space mapped at: 0x0000000800c00000-0x0000000840c00000, reserved size: 1073741824
[2022-04-29T04:49:59.579+0000][82][gc,metaspace] Narrow klass base: 0x0000000800000000, Narrow klass shift: 0, Narrow klass range: 0x100000000
[2022-04-29T04:49:59.706+0000][82][safepoint   ] Safepoint "ICBufferFull", Time since last: 122736916 ns, Reaching safepoint: 124542 ns, At safepoint: 3208 ns, Total: 127750 ns
[2022-04-29T04:49:59.751+0000][82][safepoint   ] Safepoint "ICBufferFull", Time since last: 45303375 ns, Reaching safepoint: 129459 ns, At safepoint: 12083 ns, Total: 141542 ns
[2022-04-29T04:49:59.840+0000][82][safepoint   ] Safepoint "ICBufferFull", Time since last: 88273375 ns, Reaching safepoint: 91209 ns, At safepoint: 5750 ns, Total: 96959 ns
[2022-04-29T04:49:59.910+0000][82][gc,start    ] GC(0) Pause Young (Normal) (G1 Evacuation Pause)
[2022-04-29T04:49:59.911+0000][82][gc,task     ] GC(0) Using 5 workers of 5 for evacuation
[2022-04-29T04:49:59.912+0000][82][gc,age      ] GC(0) Desired survivor size 2097152 bytes, new threshold 15 (max threshold 15)
[2022-04-29T04:49:59.916+0000][82][gc,age      ] GC(0) Age table with threshold 15 (max threshold 15)
[2022-04-29T04:49:59.917+0000][82][gc,age      ] GC(0) - age   1:    4186736 bytes,    4186736 total
[2022-04-29T04:49:59.918+0000][82][gc,phases   ] GC(0)   Pre Evacuate Collection Set: 0.3ms
[2022-04-29T04:49:59.919+0000][82][gc,phases   ] GC(0)   Merge Heap Roots: 0.0ms
[2022-04-29T04:49:59.919+0000][82][gc,phases   ] GC(0)   Evacuate Collection Set: 1.7ms
[2022-04-29T04:49:59.921+0000][82][gc,phases   ] GC(0)   Post Evacuate Collection Set: 0.7ms
[2022-04-29T04:49:59.922+0000][82][gc,phases   ] GC(0)   Other: 5.0ms
[2022-04-29T04:49:59.923+0000][82][gc,heap     ] GC(0) Eden regions: 6->0(5)
[2022-04-29T04:49:59.924+0000][82][gc,heap     ] GC(0) Survivor regions: 0->1(1)
[2022-04-29T04:49:59.925+0000][82][gc,heap     ] GC(0) Old regions: 0->1
[2022-04-29T04:49:59.925+0000][82][gc,heap     ] GC(0) Archive regions: 2->2
[2022-04-29T04:49:59.926+0000][82][gc,heap     ] GC(0) Humongous regions: 0->0
[2022-04-29T04:49:59.927+0000][82][gc,metaspace] GC(0) Metaspace: 8795K(9024K)->8795K(9024K) NonClass: 7745K(7872K)->7745K(7872K) Class: 1049K(1152K)->1049K(1152K)
[2022-04-29T04:49:59.928+0000][82][gc          ] GC(0) Pause Young (Normal) (G1 Evacuation Pause) 27M->8M(512M) 18.043ms
[2022-04-29T04:49:59.929+0000][82][gc,cpu      ] GC(0) User=0.00s Sys=0.00s Real=0.02s
[2022-04-29T04:49:59.930+0000][82][safepoint   ] Safepoint "G1CollectForAllocation", Time since last: 70109250 ns, Reaching safepoint: 89083 ns, At safepoint: 19809083 ns, Total: 19898166 ns
[2022-04-29T04:50:00.046+0000][82][safepoint   ] Safepoint "ICBufferFull", Time since last: 116621209 ns, Reaching safepoint: 107583 ns, At safepoint: 1958 ns, Total: 109541 ns
[2022-04-29T04:50:00.122+0000][82][gc,start    ] GC(1) Pause Young (Normal) (G1 Evacuation Pause)
[2022-04-29T04:50:00.124+0000][82][gc,task     ] GC(1) Using 5 workers of 5 for evacuation
[2022-04-29T04:50:00.125+0000][82][gc,age      ] GC(1) Desired survivor size 2097152 bytes, new threshold 1 (max threshold 15)
[2022-04-29T04:50:00.129+0000][82][gc,age      ] GC(1) Age table with threshold 1 (max threshold 15)
[2022-04-29T04:50:00.132+0000][82][gc,age      ] GC(1) - age   1:    1910424 bytes,    1910424 total
[2022-04-29T04:50:00.132+0000][82][gc,phases   ] GC(1)   Pre Evacuate Collection Set: 0.1ms
[2022-04-29T04:50:00.134+0000][82][gc,phases   ] GC(1)   Merge Heap Roots: 0.0ms
[2022-04-29T04:50:00.135+0000][82][gc,phases   ] GC(1)   Evacuate Collection Set: 2.4ms
[2022-04-29T04:50:00.137+0000][82][gc,phases   ] GC(1)   Post Evacuate Collection Set: 0.7ms
[2022-04-29T04:50:00.137+0000][82][gc,phases   ] GC(1)   Other: 6.9ms
[2022-04-29T04:50:00.138+0000][82][gc,heap     ] GC(1) Eden regions: 5->0(7)
[2022-04-29T04:50:00.139+0000][82][gc,heap     ] GC(1) Survivor regions: 1->1(1)
[2022-04-29T04:50:00.139+0000][82][gc,heap     ] GC(1) Old regions: 1->2
[2022-04-29T04:50:00.140+0000][82][gc,heap     ] GC(1) Archive regions: 2->2
[2022-04-29T04:50:00.140+0000][82][gc,heap     ] GC(1) Humongous regions: 0->0
[2022-04-29T04:50:00.141+0000][82][gc,metaspace] GC(1) Metaspace: 12174K(12352K)->12174K(12352K) NonClass: 10685K(10752K)->10685K(10752K) Class: 1488K(1600K)->1488K(1600K)
[2022-04-29T04:50:00.141+0000][82][gc          ] GC(1) Pause Young (Normal) (G1 Evacuation Pause) 28M->10M(512M) 18.940ms
[2022-04-29T04:50:00.142+0000][82][gc,cpu      ] GC(1) User=0.01s Sys=0.00s Real=0.02s
[2022-04-29T04:50:00.142+0000][82][safepoint   ] Safepoint "G1CollectForAllocation", Time since last: 75677167 ns, Reaching safepoint: 123250 ns, At safepoint: 19830958 ns, Total: 19954208 ns
[2022-04-29T04:50:00.354+0000][82][safepoint   ] Safepoint "ICBufferFull", Time since last: 211858209 ns, Reaching safepoint: 331833 ns, At safepoint: 19583 ns, Total: 351416 ns
[2022-04-29T04:50:00.401+0000][82][gc,start    ] GC(2) Pause Young (Normal) (G1 Evacuation Pause)
[2022-04-29T04:50:00.402+0000][82][gc,task     ] GC(2) Using 5 workers of 5 for evacuation
[2022-04-29T04:50:00.403+0000][82][gc,age      ] GC(2) Desired survivor size 2097152 bytes, new threshold 15 (max threshold 15)
[2022-04-29T04:50:00.407+0000][82][gc,age      ] GC(2) Age table with threshold 15 (max threshold 15)
[2022-04-29T04:50:00.408+0000][82][gc,age      ] GC(2) - age   1:    1029192 bytes,    1029192 total
[2022-04-29T04:50:00.408+0000][82][gc,age      ] GC(2) - age   2:    1893712 bytes,    2922904 total
[2022-04-29T04:50:00.409+0000][82][gc,phases   ] GC(2)   Pre Evacuate Collection Set: 0.5ms
[2022-04-29T04:50:00.410+0000][82][gc,phases   ] GC(2)   Merge Heap Roots: 0.1ms
[2022-04-29T04:50:00.410+0000][82][gc,phases   ] GC(2)   Evacuate Collection Set: 1.7ms
[2022-04-29T04:50:00.411+0000][82][gc,phases   ] GC(2)   Post Evacuate Collection Set: 0.6ms
[2022-04-29T04:50:00.411+0000][82][gc,phases   ] GC(2)   Other: 5.0ms
[2022-04-29T04:50:00.412+0000][82][gc,heap     ] GC(2) Eden regions: 7->0(27)
[2022-04-29T04:50:00.413+0000][82][gc,heap     ] GC(2) Survivor regions: 1->1(1)
[2022-04-29T04:50:00.413+0000][82][gc,heap     ] GC(2) Old regions: 2->2
[2022-04-29T04:50:00.414+0000][82][gc,heap     ] GC(2) Archive regions: 2->2
[2022-04-29T04:50:00.415+0000][82][gc,heap     ] GC(2) Humongous regions: 0->0
[2022-04-29T04:50:00.416+0000][82][gc,metaspace] GC(2) Metaspace: 14608K(14848K)->14608K(14848K) NonClass: 12868K(12992K)->12868K(12992K) Class: 1739K(1856K)->1739K(1856K)
[2022-04-29T04:50:00.416+0000][82][gc          ] GC(2) Pause Young (Normal) (G1 Evacuation Pause) 38M->10M(512M) 15.158ms
[2022-04-29T04:50:00.417+0000][82][gc,cpu      ] GC(2) User=0.01s Sys=0.00s Real=0.02s
[2022-04-29T04:50:00.417+0000][82][safepoint   ] Safepoint "G1CollectForAllocation", Time since last: 46712625 ns, Reaching safepoint: 65209 ns, At safepoint: 16314000 ns, Total: 16379209 ns
[2022-04-29T04:50:00.584+0000][82][safepoint   ] Safepoint "ICBufferFull", Time since last: 166643208 ns, Reaching safepoint: 253209 ns, At safepoint: 16416 ns, Total: 269625 ns
[2022-04-29T04:50:00.632+0000][82][safepoint   ] Safepoint "ICBufferFull", Time since last: 48053917 ns, Reaching safepoint: 120958 ns, At safepoint: 9375 ns, Total: 130333 ns
[2022-04-29T04:50:00.635+0000][82][safepoint   ] Safepoint "ICBufferFull", Time since last: 2313084 ns, Reaching safepoint: 37250 ns, At safepoint: 19041 ns, Total: 56291 ns
[2022-04-29T04:50:00.637+0000][82][safepoint   ] Safepoint "ICBufferFull", Time since last: 1963667 ns, Reaching safepoint: 33542 ns, At safepoint: 1000 ns, Total: 34542 ns
[2022-04-29T04:50:00.638+0000][82][safepoint   ] Safepoint "ICBufferFull", Time since last: 1198583 ns, Reaching safepoint: 32083 ns, At safepoint: 2417 ns, Total: 34500 ns
[2022-04-29T04:50:00.640+0000][82][safepoint   ] Safepoint "ICBufferFull", Time since last: 2126292 ns, Reaching safepoint: 24833 ns, At safepoint: 1167 ns, Total: 26000 ns
[2022-04-29T04:50:00.641+0000][82][safepoint   ] Safepoint "ICBufferFull", Time since last: 1113625 ns, Reaching safepoint: 25291 ns, At safepoint: 1167 ns, Total: 26458 ns
[2022-04-29T04:50:00.642+0000][82][safepoint   ] Safepoint "ICBufferFull", Time since last: 841292 ns, Reaching safepoint: 26875 ns, At safepoint: 1125 ns, Total: 28000 ns
[2022-04-29T04:50:00.643+0000][82][safepoint   ] Safepoint "ICBufferFull", Time since last: 993083 ns, Reaching safepoint: 113292 ns, At safepoint: 2833 ns, Total: 116125 ns
[2022-04-29T04:50:00.645+0000][82][safepoint   ] Safepoint "ICBufferFull", Time since last: 1834875 ns, Reaching safepoint: 27042 ns, At safepoint: 1958 ns, Total: 29000 ns
[2022-04-29T04:50:00.646+0000][82][safepoint   ] Safepoint "ICBufferFull", Time since last: 1227708 ns, Reaching safepoint: 25750 ns, At safepoint: 1125 ns, Total: 26875 ns
[2022-04-29T04:50:00.647+0000][82][safepoint   ] Safepoint "ICBufferFull", Time since last: 914042 ns, Reaching safepoint: 24250 ns, At safepoint: 1292 ns, Total: 25542 ns
[2022-04-29T04:50:00.678+0000][82][gc,start    ] GC(3) Pause Young (Normal) (G1 Evacuation Pause)
[2022-04-29T04:50:00.679+0000][82][gc,task     ] GC(3) Using 5 workers of 5 for evacuation
[2022-04-29T04:50:00.680+0000][82][gc,age      ] GC(3) Desired survivor size 8388608 bytes, new threshold 15 (max threshold 15)
[2022-04-29T04:50:00.684+0000][82][gc,age      ] GC(3) Age table with threshold 15 (max threshold 15)
[2022-04-29T04:50:00.686+0000][82][gc,age      ] GC(3) - age   1:    3024456 bytes,    3024456 total
[2022-04-29T04:50:00.687+0000][82][gc,age      ] GC(3) - age   2:     977048 bytes,    4001504 total
[2022-04-29T04:50:00.688+0000][82][gc,age      ] GC(3) - age   3:    1892112 bytes,    5893616 total
[2022-04-29T04:50:00.688+0000][82][gc,phases   ] GC(3)   Pre Evacuate Collection Set: 0.1ms
[2022-04-29T04:50:00.689+0000][82][gc,phases   ] GC(3)   Merge Heap Roots: 0.0ms
[2022-04-29T04:50:00.690+0000][82][gc,phases   ] GC(3)   Evacuate Collection Set: 3.0ms
[2022-04-29T04:50:00.691+0000][82][gc,phases   ] GC(3)   Post Evacuate Collection Set: 0.5ms
[2022-04-29T04:50:00.692+0000][82][gc,phases   ] GC(3)   Other: 6.9ms
[2022-04-29T04:50:00.693+0000][82][gc,heap     ] GC(3) Eden regions: 27->0(74)
[2022-04-29T04:50:00.694+0000][82][gc,heap     ] GC(3) Survivor regions: 1->2(4)
[2022-04-29T04:50:00.694+0000][82][gc,heap     ] GC(3) Old regions: 2->2
[2022-04-29T04:50:00.695+0000][82][gc,heap     ] GC(3) Archive regions: 2->2
[2022-04-29T04:50:00.696+0000][82][gc,heap     ] GC(3) Humongous regions: 0->0
[2022-04-29T04:50:00.697+0000][82][gc,metaspace] GC(3) Metaspace: 17103K(17472K)->17103K(17472K) NonClass: 15076K(15296K)->15076K(15296K) Class: 2026K(2176K)->2026K(2176K)
[2022-04-29T04:50:00.698+0000][82][gc          ] GC(3) Pause Young (Normal) (G1 Evacuation Pause) 118M->13M(512M) 19.758ms
[2022-04-29T04:50:00.698+0000][82][gc,cpu      ] GC(3) User=0.01s Sys=0.00s Real=0.02s
[2022-04-29T04:50:00.699+0000][82][safepoint   ] Safepoint "G1CollectForAllocation", Time since last: 30400791 ns, Reaching safepoint: 123459 ns, At safepoint: 21083416 ns, Total: 21206875 ns
[2022-04-29T04:50:01.028+0000][82][safepoint   ] Safepoint "ICBufferFull", Time since last: 328946042 ns, Reaching safepoint: 148583 ns, At safepoint: 10500 ns, Total: 159083 ns
[2022-04-29T04:50:01.133+0000][82][gc,start    ] GC(4) Pause Young (Normal) (G1 Evacuation Pause)
[2022-04-29T04:50:01.135+0000][82][gc,task     ] GC(4) Using 5 workers of 5 for evacuation
[2022-04-29T04:50:01.136+0000][82][gc,age      ] GC(4) Desired survivor size 20971520 bytes, new threshold 15 (max threshold 15)
[2022-04-29T04:50:01.142+0000][82][gc,age      ] GC(4) Age table with threshold 15 (max threshold 15)
[2022-04-29T04:50:01.143+0000][82][gc,age      ] GC(4) - age   1:    5350544 bytes,    5350544 total
[2022-04-29T04:50:01.144+0000][82][gc,age      ] GC(4) - age   2:    2163280 bytes,    7513824 total
[2022-04-29T04:50:01.144+0000][82][gc,age      ] GC(4) - age   3:     976752 bytes,    8490576 total
[2022-04-29T04:50:01.145+0000][82][gc,age      ] GC(4) - age   4:    1891136 bytes,   10381712 total
[2022-04-29T04:50:01.146+0000][82][gc,phases   ] GC(4)   Pre Evacuate Collection Set: 0.1ms
[2022-04-29T04:50:01.146+0000][82][gc,phases   ] GC(4)   Merge Heap Roots: 0.0ms
[2022-04-29T04:50:01.147+0000][82][gc,phases   ] GC(4)   Evacuate Collection Set: 4.3ms
[2022-04-29T04:50:01.148+0000][82][gc,phases   ] GC(4)   Post Evacuate Collection Set: 0.6ms
[2022-04-29T04:50:01.148+0000][82][gc,phases   ] GC(4)   Other: 7.2ms
[2022-04-29T04:50:01.149+0000][82][gc,heap     ] GC(4) Eden regions: 74->0(73)
[2022-04-29T04:50:01.150+0000][82][gc,heap     ] GC(4) Survivor regions: 2->3(10)
[2022-04-29T04:50:01.150+0000][82][gc,heap     ] GC(4) Old regions: 2->2
[2022-04-29T04:50:01.151+0000][82][gc,heap     ] GC(4) Archive regions: 2->2
[2022-04-29T04:50:01.152+0000][82][gc,heap     ] GC(4) Humongous regions: 0->0
[2022-04-29T04:50:01.152+0000][82][gc,metaspace] GC(4) Metaspace: 18696K(19072K)->18696K(19072K) NonClass: 16424K(16640K)->16424K(16640K) Class: 2271K(2432K)->2271K(2432K)
[2022-04-29T04:50:01.153+0000][82][gc          ] GC(4) Pause Young (Normal) (G1 Evacuation Pause) 309M->18M(512M) 19.381ms
[2022-04-29T04:50:01.154+0000][82][gc,cpu      ] GC(4) User=0.05s Sys=0.01s Real=0.02s
[2022-04-29T04:50:01.154+0000][82][safepoint   ] Safepoint "G1CollectForAllocation", Time since last: 105235875 ns, Reaching safepoint: 74084 ns, At safepoint: 20786791 ns, Total: 20860875 ns
[2022-04-29T04:50:01.370+0000][82][gc,start    ] GC(5) Pause Young (Normal) (G1 Evacuation Pause)
[2022-04-29T04:50:01.371+0000][82][gc,task     ] GC(5) Using 5 workers of 5 for evacuation
[2022-04-29T04:50:01.373+0000][82][gc,age      ] GC(5) Desired survivor size 20971520 bytes, new threshold 15 (max threshold 15)
[2022-04-29T04:50:01.378+0000][82][gc,age      ] GC(5) Age table with threshold 15 (max threshold 15)
[2022-04-29T04:50:01.380+0000][82][gc,age      ] GC(5) - age   1:    1577392 bytes,    1577392 total
[2022-04-29T04:50:01.380+0000][82][gc,age      ] GC(5) - age   2:    5114560 bytes,    6691952 total
[2022-04-29T04:50:01.381+0000][82][gc,age      ] GC(5) - age   3:    2162816 bytes,    8854768 total
[2022-04-29T04:50:01.381+0000][82][gc,age      ] GC(5) - age   4:     976480 bytes,    9831248 total
[2022-04-29T04:50:01.382+0000][82][gc,age      ] GC(5) - age   5:    1891072 bytes,   11722320 total
[2022-04-29T04:50:01.383+0000][82][gc,phases   ] GC(5)   Pre Evacuate Collection Set: 0.1ms
[2022-04-29T04:50:01.384+0000][82][gc,phases   ] GC(5)   Merge Heap Roots: 0.1ms
[2022-04-29T04:50:01.384+0000][82][gc,phases   ] GC(5)   Evacuate Collection Set: 3.3ms
[2022-04-29T04:50:01.385+0000][82][gc,phases   ] GC(5)   Post Evacuate Collection Set: 0.8ms
[2022-04-29T04:50:01.386+0000][82][gc,phases   ] GC(5)   Other: 8.8ms
[2022-04-29T04:50:01.386+0000][82][gc,heap     ] GC(5) Eden regions: 73->0(73)
[2022-04-29T04:50:01.387+0000][82][gc,heap     ] GC(5) Survivor regions: 3->3(10)
[2022-04-29T04:50:01.388+0000][82][gc,heap     ] GC(5) Old regions: 2->2
[2022-04-29T04:50:01.389+0000][82][gc,heap     ] GC(5) Archive regions: 2->2
[2022-04-29T04:50:01.390+0000][82][gc,heap     ] GC(5) Humongous regions: 0->0
[2022-04-29T04:50:01.391+0000][82][gc,metaspace] GC(5) Metaspace: 19584K(20096K)->19584K(20096K) NonClass: 17178K(17472K)->17178K(17472K) Class: 2406K(2624K)->2406K(2624K)
[2022-04-29T04:50:01.391+0000][82][gc          ] GC(5) Pause Young (Normal) (G1 Evacuation Pause) 310M->19M(512M) 21.259ms
[2022-04-29T04:50:01.392+0000][82][gc,cpu      ] GC(5) User=0.01s Sys=0.00s Real=0.02s
[2022-04-29T04:50:01.393+0000][82][safepoint   ] Safepoint "G1CollectForAllocation", Time since last: 215787751 ns, Reaching safepoint: 165291 ns, At safepoint: 22547500 ns, Total: 22712791 ns
[2022-04-29T04:50:01.616+0000][82][gc,start    ] GC(6) Pause Young (Normal) (G1 Evacuation Pause)
[2022-04-29T04:50:01.617+0000][82][gc,task     ] GC(6) Using 5 workers of 5 for evacuation
[2022-04-29T04:50:01.618+0000][82][gc,age      ] GC(6) Desired survivor size 20971520 bytes, new threshold 15 (max threshold 15)
[2022-04-29T04:50:01.629+0000][82][gc,age      ] GC(6) Age table with threshold 15 (max threshold 15)
[2022-04-29T04:50:01.630+0000][82][gc,age      ] GC(6) - age   1:    3593184 bytes,    3593184 total
[2022-04-29T04:50:01.631+0000][82][gc,age      ] GC(6) - age   2:    1321216 bytes,    4914400 total
[2022-04-29T04:50:01.632+0000][82][gc,age      ] GC(6) - age   3:    5109464 bytes,   10023864 total
[2022-04-29T04:50:01.633+0000][82][gc,age      ] GC(6) - age   4:    2161392 bytes,   12185256 total
[2022-04-29T04:50:01.633+0000][82][gc,age      ] GC(6) - age   5:     975800 bytes,   13161056 total
[2022-04-29T04:50:01.634+0000][82][gc,age      ] GC(6) - age   6:    1890736 bytes,   15051792 total
[2022-04-29T04:50:01.635+0000][82][gc,phases   ] GC(6)   Pre Evacuate Collection Set: 0.1ms
[2022-04-29T04:50:01.635+0000][82][gc,phases   ] GC(6)   Merge Heap Roots: 0.0ms
[2022-04-29T04:50:01.636+0000][82][gc,phases   ] GC(6)   Evacuate Collection Set: 8.8ms
[2022-04-29T04:50:01.637+0000][82][gc,phases   ] GC(6)   Post Evacuate Collection Set: 0.7ms
[2022-04-29T04:50:01.638+0000][82][gc,phases   ] GC(6)   Other: 8.9ms
[2022-04-29T04:50:01.639+0000][82][gc,heap     ] GC(6) Eden regions: 73->0(72)
[2022-04-29T04:50:01.640+0000][82][gc,heap     ] GC(6) Survivor regions: 3->4(10)
[2022-04-29T04:50:01.640+0000][82][gc,heap     ] GC(6) Old regions: 2->2
[2022-04-29T04:50:01.641+0000][82][gc,heap     ] GC(6) Archive regions: 2->2
[2022-04-29T04:50:01.641+0000][82][gc,heap     ] GC(6) Humongous regions: 0->0
[2022-04-29T04:50:01.642+0000][82][gc,metaspace] GC(6) Metaspace: 20747K(21248K)->20747K(21248K) NonClass: 18184K(18496K)->18184K(18496K) Class: 2562K(2752K)->2562K(2752K)
[2022-04-29T04:50:01.643+0000][82][gc          ] GC(6) Pause Young (Normal) (G1 Evacuation Pause) 311M->23M(512M) 26.707ms
[2022-04-29T04:50:01.644+0000][82][gc,cpu      ] GC(6) User=0.02s Sys=0.00s Real=0.02s
[2022-04-29T04:50:01.644+0000][82][safepoint   ] Safepoint "G1CollectForAllocation", Time since last: 223130334 ns, Reaching safepoint: 214083 ns, At safepoint: 28185083 ns, Total: 28399166 ns
[2022-04-29T04:50:01.811+0000][82][gc,start    ] GC(7) Pause Young (Concurrent Start) (Metadata GC Threshold)
[2022-04-29T04:50:01.812+0000][82][gc,task     ] GC(7) Using 5 workers of 5 for evacuation
[2022-04-29T04:50:01.813+0000][82][gc,age      ] GC(7) Desired survivor size 20971520 bytes, new threshold 15 (max threshold 15)
[2022-04-29T04:50:01.819+0000][82][gc,age      ] GC(7) Age table with threshold 15 (max threshold 15)
[2022-04-29T04:50:01.820+0000][82][gc,age      ] GC(7) - age   1:     949376 bytes,     949376 total
[2022-04-29T04:50:01.821+0000][82][gc,age      ] GC(7) - age   2:    2172064 bytes,    3121440 total
[2022-04-29T04:50:01.822+0000][82][gc,age      ] GC(7) - age   3:    1320672 bytes,    4442112 total
[2022-04-29T04:50:01.823+0000][82][gc,age      ] GC(7) - age   4:    5108416 bytes,    9550528 total
[2022-04-29T04:50:01.824+0000][82][gc,age      ] GC(7) - age   5:    2161312 bytes,   11711840 total
[2022-04-29T04:50:01.826+0000][82][gc,age      ] GC(7) - age   6:     975800 bytes,   12687640 total
[2022-04-29T04:50:01.826+0000][82][gc,age      ] GC(7) - age   7:    1890736 bytes,   14578376 total
[2022-04-29T04:50:01.828+0000][82][gc,phases   ] GC(7)   Pre Evacuate Collection Set: 0.1ms
[2022-04-29T04:50:01.828+0000][82][gc,phases   ] GC(7)   Merge Heap Roots: 0.1ms
[2022-04-29T04:50:01.829+0000][82][gc,phases   ] GC(7)   Evacuate Collection Set: 2.8ms
[2022-04-29T04:50:01.830+0000][82][gc,phases   ] GC(7)   Post Evacuate Collection Set: 1.0ms
[2022-04-29T04:50:01.831+0000][82][gc,phases   ] GC(7)   Other: 13.2ms
[2022-04-29T04:50:01.831+0000][82][gc,heap     ] GC(7) Eden regions: 63->0(72)
[2022-04-29T04:50:01.832+0000][82][gc,heap     ] GC(7) Survivor regions: 4->4(10)
[2022-04-29T04:50:01.833+0000][82][gc,heap     ] GC(7) Old regions: 2->2
[2022-04-29T04:50:01.833+0000][82][gc,heap     ] GC(7) Archive regions: 2->2
[2022-04-29T04:50:01.834+0000][82][gc,heap     ] GC(7) Humongous regions: 0->0
[2022-04-29T04:50:01.835+0000][82][gc,metaspace] GC(7) Metaspace: 20937K(21504K)->20937K(21504K) NonClass: 18338K(18688K)->18338K(18688K) Class: 2599K(2816K)->2599K(2816K)
[2022-04-29T04:50:01.836+0000][82][gc          ] GC(7) Pause Young (Concurrent Start) (Metadata GC Threshold) 273M->23M(512M) 25.004ms
[2022-04-29T04:50:01.836+0000][82][gc,cpu      ] GC(7) User=0.02s Sys=0.01s Real=0.03s
[2022-04-29T04:50:01.837+0000][82][gc          ] GC(8) Concurrent Mark Cycle
[2022-04-29T04:50:01.838+0000][82][gc,marking  ] GC(8) Concurrent Clear Claimed Marks
[2022-04-29T04:50:01.837+0000][82][safepoint   ] Safepoint "CollectForMetadataAllocation", Time since last: 166073292 ns, Reaching safepoint: 161583 ns, At safepoint: 26540000 ns, Total: 26701583 ns
[2022-04-29T04:50:01.839+0000][82][gc,marking  ] GC(8) Concurrent Clear Claimed Marks 0.949ms
[2022-04-29T04:50:01.841+0000][82][gc,marking  ] GC(8) Concurrent Scan Root Regions
[2022-04-29T04:50:01.845+0000][82][gc,marking  ] GC(8) Concurrent Scan Root Regions 4.082ms
[2022-04-29T04:50:01.846+0000][82][gc,marking  ] GC(8) Concurrent Mark
[2022-04-29T04:50:01.847+0000][82][gc,marking  ] GC(8) Concurrent Mark From Roots
[2022-04-29T04:50:01.848+0000][82][gc,task     ] GC(8) Using 1 workers of 1 for marking
[2022-04-29T04:50:01.852+0000][82][gc,marking  ] GC(8) Concurrent Mark From Roots 4.914ms
[2022-04-29T04:50:01.852+0000][82][gc,marking  ] GC(8) Concurrent Preclean
[2022-04-29T04:50:01.854+0000][82][gc,marking  ] GC(8) Concurrent Preclean 1.779ms
[2022-04-29T04:50:01.855+0000][82][gc,start    ] GC(8) Pause Remark
[2022-04-29T04:50:01.859+0000][82][gc          ] GC(8) Pause Remark 25M->25M(512M) 3.489ms
[2022-04-29T04:50:01.860+0000][82][gc,cpu      ] GC(8) User=0.01s Sys=0.00s Real=0.00s
[2022-04-29T04:50:01.861+0000][82][safepoint   ] Safepoint "G1Concurrent", Time since last: 18207125 ns, Reaching safepoint: 244667 ns, At safepoint: 5527667 ns, Total: 5772334 ns
[2022-04-29T04:50:01.862+0000][82][gc,marking  ] GC(8) Concurrent Mark 15.907ms
[2022-04-29T04:50:01.863+0000][82][gc,marking  ] GC(8) Concurrent Rebuild Remembered Sets
[2022-04-29T04:50:01.868+0000][82][gc,marking  ] GC(8) Concurrent Rebuild Remembered Sets 5.175ms
[2022-04-29T04:50:01.869+0000][82][gc,start    ] GC(8) Pause Cleanup
[2022-04-29T04:50:01.870+0000][82][gc          ] GC(8) Pause Cleanup 25M->25M(512M) 0.737ms
[2022-04-29T04:50:01.871+0000][82][gc,cpu      ] GC(8) User=0.00s Sys=0.00s Real=0.00s
[2022-04-29T04:50:01.871+0000][82][safepoint   ] Safepoint "G1Concurrent", Time since last: 7898583 ns, Reaching safepoint: 393375 ns, At safepoint: 1792042 ns, Total: 2185417 ns
[2022-04-29T04:50:01.872+0000][82][gc,marking  ] GC(8) Concurrent Cleanup for Next Mark
[2022-04-29T04:50:01.873+0000][82][gc,marking  ] GC(8) Concurrent Cleanup for Next Mark 0.948ms
[2022-04-29T04:50:01.874+0000][82][gc          ] GC(8) Concurrent Mark Cycle 36.792ms
[2022-04-29T04:50:02.319+0000][82][safepoint   ] Safepoint "ICBufferFull", Time since last: 448037333 ns, Reaching safepoint: 146250 ns, At safepoint: 3250 ns, Total: 149500 ns
[2022-04-29T04:50:02.393+0000][82][safepoint   ] Safepoint "ICBufferFull", Time since last: 73100250 ns, Reaching safepoint: 159667 ns, At safepoint: 3000 ns, Total: 162667 ns
[2022-04-29T04:50:02.395+0000][82][safepoint   ] Safepoint "ICBufferFull", Time since last: 1717333 ns, Reaching safepoint: 302542 ns, At safepoint: 2333 ns, Total: 304875 ns
[2022-04-29T04:50:02.396+0000][82][safepoint   ] Safepoint "ICBufferFull", Time since last: 1555834 ns, Reaching safepoint: 183958 ns, At safepoint: 2542 ns, Total: 186500 ns
[2022-04-29T04:50:02.398+0000][82][safepoint   ] Safepoint "ICBufferFull", Time since last: 1112041 ns, Reaching safepoint: 170250 ns, At safepoint: 2625 ns, Total: 172875 ns
[2022-04-29T04:50:02.399+0000][82][safepoint   ] Safepoint "ICBufferFull", Time since last: 1153959 ns, Reaching safepoint: 168833 ns, At safepoint: 2583 ns, Total: 171416 ns
[2022-04-29T04:50:02.400+0000][82][safepoint   ] Safepoint "ICBufferFull", Time since last: 1038917 ns, Reaching safepoint: 217958 ns, At safepoint: 2334 ns, Total: 220292 ns
[2022-04-29T04:50:02.401+0000][82][safepoint   ] Safepoint "ICBufferFull", Time since last: 887750 ns, Reaching safepoint: 163375 ns, At safepoint: 4958 ns, Total: 168333 ns
[2022-04-29T04:50:02.408+0000][82][safepoint   ] Safepoint "ICBufferFull", Time since last: 6622417 ns, Reaching safepoint: 145541 ns, At safepoint: 2792 ns, Total: 148333 ns
[2022-04-29T04:50:02.409+0000][82][safepoint   ] Safepoint "ICBufferFull", Time since last: 1072417 ns, Reaching safepoint: 117791 ns, At safepoint: 2292 ns, Total: 120083 ns
[2022-04-29T04:50:02.410+0000][82][safepoint   ] Safepoint "ICBufferFull", Time since last: 985000 ns, Reaching safepoint: 80042 ns, At safepoint: 2458 ns, Total: 82500 ns
[2022-04-29T04:50:02.411+0000][82][safepoint   ] Safepoint "ICBufferFull", Time since last: 913083 ns, Reaching safepoint: 70209 ns, At safepoint: 2708 ns, Total: 72917 ns
[2022-04-29T04:50:02.424+0000][82][safepoint   ] Safepoint "ICBufferFull", Time since last: 12878167 ns, Reaching safepoint: 158750 ns, At safepoint: 33541 ns, Total: 192291 ns
[2022-04-29T04:50:02.430+0000][82][safepoint   ] Safepoint "ICBufferFull", Time since last: 5128417 ns, Reaching safepoint: 155917 ns, At safepoint: 3958 ns, Total: 159875 ns
[2022-04-29T04:50:02.431+0000][82][safepoint   ] Safepoint "ICBufferFull", Time since last: 1135833 ns, Reaching safepoint: 68625 ns, At safepoint: 2459 ns, Total: 71084 ns
[2022-04-29T04:50:02.432+0000][82][safepoint   ] Safepoint "ICBufferFull", Time since last: 1081583 ns, Reaching safepoint: 120625 ns, At safepoint: 2417 ns, Total: 123042 ns
[2022-04-29T04:50:02.436+0000][82][safepoint   ] Safepoint "ICBufferFull", Time since last: 3817625 ns, Reaching safepoint: 118250 ns, At safepoint: 23333 ns, Total: 141583 ns
[2022-04-29T04:50:02.615+0000][82][safepoint   ] Safepoint "ICBufferFull", Time since last: 178839708 ns, Reaching safepoint: 214625 ns, At safepoint: 3209 ns, Total: 217834 ns
[2022-04-29T04:50:02.835+0000][82][safepoint   ] Safepoint "ICBufferFull", Time since last: 220101500 ns, Reaching safepoint: 244833 ns, At safepoint: 17209 ns, Total: 262042 ns
[2022-04-29T04:50:03.047+0000][82][safepoint   ] Safepoint "ICBufferFull", Time since last: 211549708 ns, Reaching safepoint: 252375 ns, At safepoint: 15208 ns, Total: 267583 ns
[2022-04-29T04:50:03.208+0000][82][safepoint   ] Safepoint "ICBufferFull", Time since last: 160925709 ns, Reaching safepoint: 147000 ns, At safepoint: 12166 ns, Total: 159166 ns
[2022-04-29T04:50:03.343+0000][82][gc,start    ] GC(9) Pause Young (Concurrent Start) (Metadata GC Threshold)
[2022-04-29T04:50:03.344+0000][82][gc,task     ] GC(9) Using 5 workers of 5 for evacuation
[2022-04-29T04:50:03.346+0000][82][gc,age      ] GC(9) Desired survivor size 20971520 bytes, new threshold 15 (max threshold 15)
[2022-04-29T04:50:03.363+0000][82][gc,age      ] GC(9) Age table with threshold 15 (max threshold 15)
[2022-04-29T04:50:03.364+0000][82][gc,age      ] GC(9) - age   1:   27240360 bytes,   27240360 total
[2022-04-29T04:50:03.365+0000][82][gc,age      ] GC(9) - age   2:     896016 bytes,   28136376 total
[2022-04-29T04:50:03.367+0000][82][gc,age      ] GC(9) - age   3:    2138960 bytes,   30275336 total
[2022-04-29T04:50:03.368+0000][82][gc,age      ] GC(9) - age   4:    1305336 bytes,   31580672 total
[2022-04-29T04:50:03.368+0000][82][gc,age      ] GC(9) - age   5:    5067600 bytes,   36648272 total
[2022-04-29T04:50:03.369+0000][82][gc,age      ] GC(9) - age   6:    2084096 bytes,   38732368 total
[2022-04-29T04:50:03.370+0000][82][gc,age      ] GC(9) - age   7:     943120 bytes,   39675488 total
[2022-04-29T04:50:03.371+0000][82][gc,age      ] GC(9) - age   8:    1883224 bytes,   41558712 total
[2022-04-29T04:50:03.372+0000][82][gc,phases   ] GC(9)   Pre Evacuate Collection Set: 0.6ms
[2022-04-29T04:50:03.373+0000][82][gc,phases   ] GC(9)   Merge Heap Roots: 0.0ms
[2022-04-29T04:50:03.374+0000][82][gc,phases   ] GC(9)   Evacuate Collection Set: 14.5ms
[2022-04-29T04:50:03.375+0000][82][gc,phases   ] GC(9)   Post Evacuate Collection Set: 1.5ms
[2022-04-29T04:50:03.375+0000][82][gc,phases   ] GC(9)   Other: 12.1ms
[2022-04-29T04:50:03.376+0000][82][gc,heap     ] GC(9) Eden regions: 71->0(66)
[2022-04-29T04:50:03.377+0000][82][gc,heap     ] GC(9) Survivor regions: 4->10(10)
[2022-04-29T04:50:03.377+0000][82][gc,heap     ] GC(9) Old regions: 2->2
[2022-04-29T04:50:03.378+0000][82][gc,heap     ] GC(9) Archive regions: 2->2
[2022-04-29T04:50:03.378+0000][82][gc,heap     ] GC(9) Humongous regions: 0->0
[2022-04-29T04:50:03.379+0000][82][gc,metaspace] GC(9) Metaspace: 35219K(36096K)->35219K(36096K) NonClass: 30569K(31104K)->30569K(31104K) Class: 4650K(4992K)->4650K(4992K)
[2022-04-29T04:50:03.379+0000][82][gc          ] GC(9) Pause Young (Concurrent Start) (Metadata GC Threshold) 305M->48M(512M) 36.256ms
[2022-04-29T04:50:03.380+0000][82][gc,cpu      ] GC(9) User=0.10s Sys=0.00s Real=0.04s
[2022-04-29T04:50:03.381+0000][82][gc          ] GC(10) Concurrent Mark Cycle
[2022-04-29T04:50:03.382+0000][82][gc,marking  ] GC(10) Concurrent Clear Claimed Marks
[2022-04-29T04:50:03.381+0000][82][safepoint   ] Safepoint "CollectForMetadataAllocation", Time since last: 134663334 ns, Reaching safepoint: 213583 ns, At safepoint: 37838917 ns, Total: 38052500 ns
[2022-04-29T04:50:03.383+0000][82][gc,marking  ] GC(10) Concurrent Clear Claimed Marks 0.846ms
[2022-04-29T04:50:03.385+0000][82][gc,marking  ] GC(10) Concurrent Scan Root Regions
[2022-04-29T04:50:03.396+0000][82][safepoint   ] Safepoint "CollectForMetadataAllocation", Time since last: 14799333 ns, Reaching safepoint: 95750 ns, At safepoint: 43875 ns, Total: 139625 ns
[2022-04-29T04:50:03.400+0000][82][gc,marking  ] GC(10) Concurrent Scan Root Regions 15.067ms
[2022-04-29T04:50:03.401+0000][82][gc,marking  ] GC(10) Concurrent Mark
[2022-04-29T04:50:03.402+0000][82][gc,marking  ] GC(10) Concurrent Mark From Roots
[2022-04-29T04:50:03.403+0000][82][gc,task     ] GC(10) Using 1 workers of 1 for marking
[2022-04-29T04:50:03.407+0000][82][gc,marking  ] GC(10) Concurrent Mark From Roots 5.307ms
[2022-04-29T04:50:03.408+0000][82][gc,marking  ] GC(10) Concurrent Preclean
[2022-04-29T04:50:03.409+0000][82][gc,marking  ] GC(10) Concurrent Preclean 1.070ms
[2022-04-29T04:50:03.409+0000][82][safepoint   ] Safepoint "CollectForMetadataAllocation", Time since last: 12432750 ns, Reaching safepoint: 186792 ns, At safepoint: 30833 ns, Total: 217625 ns
[2022-04-29T04:50:03.411+0000][82][gc,start    ] GC(10) Pause Remark
[2022-04-29T04:50:03.414+0000][82][gc          ] GC(10) Pause Remark 52M->52M(512M) 2.737ms
[2022-04-29T04:50:03.414+0000][82][gc,cpu      ] GC(10) User=0.00s Sys=0.00s Real=0.00s
[2022-04-29T04:50:03.416+0000][82][safepoint   ] Safepoint "G1Concurrent", Time since last: 2220750 ns, Reaching safepoint: 46917 ns, At safepoint: 4722417 ns, Total: 4769334 ns
[2022-04-29T04:50:03.417+0000][82][gc,marking  ] GC(10) Concurrent Mark 15.906ms
[2022-04-29T04:50:03.418+0000][82][gc,marking  ] GC(10) Concurrent Rebuild Remembered Sets
[2022-04-29T04:50:03.420+0000][82][gc,marking  ] GC(10) Concurrent Rebuild Remembered Sets 2.323ms
[2022-04-29T04:50:03.422+0000][82][gc,start    ] GC(10) Pause Cleanup
[2022-04-29T04:50:03.423+0000][82][gc          ] GC(10) Pause Cleanup 52M->52M(512M) 0.914ms
[2022-04-29T04:50:03.424+0000][82][gc,cpu      ] GC(10) User=0.00s Sys=0.00s Real=0.00s
[2022-04-29T04:50:03.425+0000][82][safepoint   ] Safepoint "G1Concurrent", Time since last: 6095041 ns, Reaching safepoint: 216584 ns, At safepoint: 3327916 ns, Total: 3544500 ns
[2022-04-29T04:50:03.426+0000][82][gc,marking  ] GC(10) Concurrent Cleanup for Next Mark
[2022-04-29T04:50:03.427+0000][82][gc,marking  ] GC(10) Concurrent Cleanup for Next Mark 1.070ms
[2022-04-29T04:50:03.428+0000][82][gc          ] GC(10) Concurrent Mark Cycle 46.739ms
[2022-04-29T04:50:03.639+0000][82][safepoint   ] Safepoint "ICBufferFull", Time since last: 213805750 ns, Reaching safepoint: 174750 ns, At safepoint: 2750 ns, Total: 177500 ns
[2022-04-29T04:50:03.966+0000][82][safepoint   ] Safepoint "ICBufferFull", Time since last: 326570792 ns, Reaching safepoint: 300542 ns, At safepoint: 40791 ns, Total: 341333 ns
[2022-04-29T04:50:04.046+0000][82][safepoint   ] Safepoint "ICBufferFull", Time since last: 80009709 ns, Reaching safepoint: 188625 ns, At safepoint: 3292 ns, Total: 191917 ns
[2022-04-29T04:50:04.072+0000][82][safepoint   ] Safepoint "ICBufferFull", Time since last: 25449000 ns, Reaching safepoint: 180958 ns, At safepoint: 10625 ns, Total: 191583 ns
[2022-04-29T04:50:04.200+0000][82][gc,start    ] GC(11) Pause Young (Concurrent Start) (G1 Evacuation Pause)
[2022-04-29T04:50:04.201+0000][82][gc,task     ] GC(11) Using 5 workers of 5 for evacuation
[2022-04-29T04:50:04.202+0000][82][gc,age      ] GC(11) Desired survivor size 20971520 bytes, new threshold 1 (max threshold 15)
[2022-04-29T04:50:04.226+0000][82][gc,age      ] GC(11) Age table with threshold 1 (max threshold 15)
[2022-04-29T04:50:04.228+0000][82][gc,age      ] GC(11) - age   1:    6079536 bytes,    6079536 total
[2022-04-29T04:50:04.229+0000][82][gc,phases   ] GC(11)   Pre Evacuate Collection Set: 0.3ms
[2022-04-29T04:50:04.230+0000][82][gc,phases   ] GC(11)   Merge Heap Roots: 0.1ms
[2022-04-29T04:50:04.231+0000][82][gc,phases   ] GC(11)   Evacuate Collection Set: 21.3ms
[2022-04-29T04:50:04.233+0000][82][gc,phases   ] GC(11)   Post Evacuate Collection Set: 1.3ms
[2022-04-29T04:50:04.234+0000][82][gc,phases   ] GC(11)   Other: 6.6ms
[2022-04-29T04:50:04.235+0000][82][gc,heap     ] GC(11) Eden regions: 66->0(73)
[2022-04-29T04:50:04.235+0000][82][gc,heap     ] GC(11) Survivor regions: 10->3(10)
[2022-04-29T04:50:04.236+0000][82][gc,heap     ] GC(11) Old regions: 2->11
[2022-04-29T04:50:04.237+0000][82][gc,heap     ] GC(11) Archive regions: 2->2
[2022-04-29T04:50:04.238+0000][82][gc,heap     ] GC(11) Humongous regions: 0->0
[2022-04-29T04:50:04.239+0000][82][gc,metaspace] GC(11) Metaspace: 52153K(53376K)->52153K(53376K) NonClass: 45080K(45824K)->45080K(45824K) Class: 7072K(7552K)->7072K(7552K)
[2022-04-29T04:50:04.240+0000][82][gc          ] GC(11) Pause Young (Concurrent Start) (G1 Evacuation Pause) 312M->58M(512M) 40.063ms
[2022-04-29T04:50:04.240+0000][82][gc,cpu      ] GC(11) User=0.12s Sys=0.01s Real=0.04s
[2022-04-29T04:50:04.241+0000][82][safepoint   ] Safepoint "G1CollectForAllocation", Time since last: 127384417 ns, Reaching safepoint: 180708 ns, At safepoint: 41615625 ns, Total: 41796333 ns
[2022-04-29T04:50:04.241+0000][82][gc          ] GC(12) Concurrent Mark Cycle
[2022-04-29T04:50:04.243+0000][82][gc,marking  ] GC(12) Concurrent Clear Claimed Marks
[2022-04-29T04:50:04.243+0000][82][gc,marking  ] GC(12) Concurrent Clear Claimed Marks 0.652ms
[2022-04-29T04:50:04.245+0000][82][gc,marking  ] GC(12) Concurrent Scan Root Regions
[2022-04-29T04:50:04.263+0000][82][gc,marking  ] GC(12) Concurrent Scan Root Regions 18.799ms
[2022-04-29T04:50:04.265+0000][82][gc,marking  ] GC(12) Concurrent Mark
[2022-04-29T04:50:04.265+0000][82][gc,marking  ] GC(12) Concurrent Mark From Roots
[2022-04-29T04:50:04.266+0000][82][gc,task     ] GC(12) Using 1 workers of 1 for marking
[2022-04-29T04:50:04.271+0000][82][gc,marking  ] GC(12) Concurrent Mark From Roots 5.717ms
[2022-04-29T04:50:04.273+0000][82][gc,marking  ] GC(12) Concurrent Preclean
[2022-04-29T04:50:04.274+0000][82][gc,marking  ] GC(12) Concurrent Preclean 0.843ms
[2022-04-29T04:50:04.275+0000][82][gc,start    ] GC(12) Pause Remark
[2022-04-29T04:50:04.279+0000][82][gc          ] GC(12) Pause Remark 76M->76M(512M) 3.586ms
[2022-04-29T04:50:04.280+0000][82][gc,cpu      ] GC(12) User=0.01s Sys=0.00s Real=0.00s
[2022-04-29T04:50:04.281+0000][82][safepoint   ] Safepoint "G1Concurrent", Time since last: 33628667 ns, Reaching safepoint: 518000 ns, At safepoint: 5459708 ns, Total: 5977708 ns
[2022-04-29T04:50:04.281+0000][82][gc,marking  ] GC(12) Concurrent Mark 16.506ms
[2022-04-29T04:50:04.282+0000][82][gc,marking  ] GC(12) Concurrent Rebuild Remembered Sets
[2022-04-29T04:50:04.282+0000][82][gc,marking  ] GC(12) Concurrent Rebuild Remembered Sets 0.541ms
[2022-04-29T04:50:04.284+0000][82][gc,start    ] GC(12) Pause Cleanup
[2022-04-29T04:50:04.284+0000][82][gc          ] GC(12) Pause Cleanup 76M->76M(512M) 0.903ms
[2022-04-29T04:50:04.285+0000][82][gc,cpu      ] GC(12) User=0.00s Sys=0.01s Real=0.01s
[2022-04-29T04:50:04.286+0000][82][safepoint   ] Safepoint "G1Concurrent", Time since last: 2527292 ns, Reaching safepoint: 251750 ns, At safepoint: 2777666 ns, Total: 3029416 ns
[2022-04-29T04:50:04.287+0000][82][gc,marking  ] GC(12) Concurrent Cleanup for Next Mark
[2022-04-29T04:50:04.289+0000][82][gc,marking  ] GC(12) Concurrent Cleanup for Next Mark 1.158ms
[2022-04-29T04:50:04.290+0000][82][gc          ] GC(12) Concurrent Mark Cycle 48.784ms
[2022-04-29T04:50:04.536+0000][82][safepoint   ] Safepoint "ICBufferFull", Time since last: 249097917 ns, Reaching safepoint: 240667 ns, At safepoint: 10333 ns, Total: 251000 ns
[2022-04-29T04:50:04.760+0000][82][safepoint   ] Safepoint "ICBufferFull", Time since last: 223315542 ns, Reaching safepoint: 591208 ns, At safepoint: 13875 ns, Total: 605083 ns
[2022-04-29T04:50:05.202+0000][82][safepoint   ] Safepoint "ICBufferFull", Time since last: 442592125 ns, Reaching safepoint: 228792 ns, At safepoint: 4000 ns, Total: 232792 ns
[2022-04-29T04:50:05.329+0000][82][safepoint   ] Safepoint "ICBufferFull", Time since last: 126585542 ns, Reaching safepoint: 148458 ns, At safepoint: 3250 ns, Total: 151708 ns
[2022-04-29T04:50:05.511+0000][82][safepoint   ] Safepoint "ICBufferFull", Time since last: 181452209 ns, Reaching safepoint: 173166 ns, At safepoint: 3375 ns, Total: 176541 ns
[2022-04-29T04:50:05.802+0000][82][safepoint   ] Safepoint "ICBufferFull", Time since last: 291221709 ns, Reaching safepoint: 346333 ns, At safepoint: 5417 ns, Total: 351750 ns
[2022-04-29T04:50:05.969+0000][82][safepoint   ] Safepoint "ICBufferFull", Time since last: 166753375 ns, Reaching safepoint: 314041 ns, At safepoint: 15709 ns, Total: 329750 ns
[2022-04-29T04:50:05.999+0000][82][gc,start    ] GC(13) Pause Young (Normal) (G1 Evacuation Pause)
[2022-04-29T04:50:06.000+0000][82][gc,task     ] GC(13) Using 5 workers of 5 for evacuation
[2022-04-29T04:50:06.001+0000][82][gc,age      ] GC(13) Desired survivor size 20971520 bytes, new threshold 15 (max threshold 15)
[2022-04-29T04:50:06.017+0000][82][gc,age      ] GC(13) Age table with threshold 15 (max threshold 15)
[2022-04-29T04:50:06.018+0000][82][gc,age      ] GC(13) - age   1:   13648560 bytes,   13648560 total
[2022-04-29T04:50:06.019+0000][82][gc,age      ] GC(13) - age   2:    5892304 bytes,   19540864 total
[2022-04-29T04:50:06.020+0000][82][gc,phases   ] GC(13)   Pre Evacuate Collection Set: 0.4ms
[2022-04-29T04:50:06.021+0000][82][gc,phases   ] GC(13)   Merge Heap Roots: 0.2ms
[2022-04-29T04:50:06.022+0000][82][gc,phases   ] GC(13)   Evacuate Collection Set: 11.8ms
[2022-04-29T04:50:06.023+0000][82][gc,phases   ] GC(13)   Post Evacuate Collection Set: 2.1ms
[2022-04-29T04:50:06.024+0000][82][gc,phases   ] GC(13)   Other: 6.4ms
[2022-04-29T04:50:06.025+0000][82][gc,heap     ] GC(13) Eden regions: 73->0(71)
[2022-04-29T04:50:06.025+0000][82][gc,heap     ] GC(13) Survivor regions: 3->5(10)
[2022-04-29T04:50:06.026+0000][82][gc,heap     ] GC(13) Old regions: 11->11
[2022-04-29T04:50:06.027+0000][82][gc,heap     ] GC(13) Archive regions: 2->2
[2022-04-29T04:50:06.028+0000][82][gc,heap     ] GC(13) Humongous regions: 0->0
[2022-04-29T04:50:06.029+0000][82][gc,metaspace] GC(13) Metaspace: 85238K(86848K)->85238K(86848K) NonClass: 73438K(74432K)->73438K(74432K) Class: 11800K(12416K)->11800K(12416K)
[2022-04-29T04:50:06.030+0000][82][gc          ] GC(13) Pause Young (Normal) (G1 Evacuation Pause) 350M->67M(512M) 30.375ms
[2022-04-29T04:50:06.030+0000][82][gc,cpu      ] GC(13) User=0.05s Sys=0.00s Real=0.03s
[2022-04-29T04:50:06.032+0000][82][safepoint   ] Safepoint "G1CollectForAllocation", Time since last: 29655875 ns, Reaching safepoint: 61958 ns, At safepoint: 32506708 ns, Total: 32568666 ns
[2022-04-29T04:50:06.090+0000][82][safepoint   ] Safepoint "ICBufferFull", Time since last: 57713667 ns, Reaching safepoint: 177042 ns, At safepoint: 14375 ns, Total: 191417 ns
[2022-04-29T04:50:06.133+0000][82][safepoint   ] Safepoint "ICBufferFull", Time since last: 43152542 ns, Reaching safepoint: 121833 ns, At safepoint: 10625 ns, Total: 132458 ns
[2022-04-29T04:50:06.147+0000][82][safepoint   ] Safepoint "ICBufferFull", Time since last: 14039750 ns, Reaching safepoint: 266542 ns, At safepoint: 5833 ns, Total: 272375 ns
[2022-04-29T04:50:06.172+0000][82][safepoint   ] Safepoint "ICBufferFull", Time since last: 24649958 ns, Reaching safepoint: 191459 ns, At safepoint: 13708 ns, Total: 205167 ns
[2022-04-29T04:50:06.526+0000][82][gc,start    ] GC(14) Pause Young (Concurrent Start) (Metadata GC Threshold)
[2022-04-29T04:50:06.527+0000][82][gc,task     ] GC(14) Using 5 workers of 5 for evacuation
[2022-04-29T04:50:06.528+0000][82][gc,age      ] GC(14) Desired survivor size 20971520 bytes, new threshold 15 (max threshold 15)
[2022-04-29T04:50:06.543+0000][82][gc,age      ] GC(14) Age table with threshold 15 (max threshold 15)
[2022-04-29T04:50:06.544+0000][82][gc,age      ] GC(14) - age   1:     709800 bytes,     709800 total
[2022-04-29T04:50:06.545+0000][82][gc,age      ] GC(14) - age   2:   13344568 bytes,   14054368 total
[2022-04-29T04:50:06.546+0000][82][gc,age      ] GC(14) - age   3:    5866216 bytes,   19920584 total
[2022-04-29T04:50:06.546+0000][82][gc,phases   ] GC(14)   Pre Evacuate Collection Set: 0.4ms
[2022-04-29T04:50:06.547+0000][82][gc,phases   ] GC(14)   Merge Heap Roots: 0.2ms
[2022-04-29T04:50:06.548+0000][82][gc,phases   ] GC(14)   Evacuate Collection Set: 11.7ms
[2022-04-29T04:50:06.548+0000][82][gc,phases   ] GC(14)   Post Evacuate Collection Set: 1.1ms
[2022-04-29T04:50:06.549+0000][82][gc,phases   ] GC(14)   Other: 7.1ms
[2022-04-29T04:50:06.550+0000][82][gc,heap     ] GC(14) Eden regions: 8->0(70)
[2022-04-29T04:50:06.550+0000][82][gc,heap     ] GC(14) Survivor regions: 5->6(10)
[2022-04-29T04:50:06.551+0000][82][gc,heap     ] GC(14) Old regions: 11->11
[2022-04-29T04:50:06.552+0000][82][gc,heap     ] GC(14) Archive regions: 2->2
[2022-04-29T04:50:06.553+0000][82][gc,heap     ] GC(14) Humongous regions: 0->0
[2022-04-29T04:50:06.554+0000][82][gc,metaspace] GC(14) Metaspace: 87424K(88960K)->87424K(88960K) NonClass: 75287K(76224K)->75287K(76224K) Class: 12136K(12736K)->12136K(12736K)
[2022-04-29T04:50:06.554+0000][82][gc          ] GC(14) Pause Young (Concurrent Start) (Metadata GC Threshold) 96M->68M(512M) 28.514ms
[2022-04-29T04:50:06.556+0000][82][gc,cpu      ] GC(14) User=0.03s Sys=0.01s Real=0.03s
[2022-04-29T04:50:06.557+0000][82][gc          ] GC(15) Concurrent Mark Cycle
[2022-04-29T04:50:06.558+0000][82][gc,marking  ] GC(15) Concurrent Clear Claimed Marks
[2022-04-29T04:50:06.557+0000][82][safepoint   ] Safepoint "CollectForMetadataAllocation", Time since last: 353696417 ns, Reaching safepoint: 80500 ns, At safepoint: 30890875 ns, Total: 30971375 ns
[2022-04-29T04:50:06.559+0000][82][gc,marking  ] GC(15) Concurrent Clear Claimed Marks 0.924ms
[2022-04-29T04:50:06.560+0000][82][gc,marking  ] GC(15) Concurrent Scan Root Regions
[2022-04-29T04:50:06.572+0000][82][gc,marking  ] GC(15) Concurrent Scan Root Regions 11.924ms
[2022-04-29T04:50:06.574+0000][82][gc,marking  ] GC(15) Concurrent Mark
[2022-04-29T04:50:06.575+0000][82][gc,marking  ] GC(15) Concurrent Mark From Roots
[2022-04-29T04:50:06.576+0000][82][gc,task     ] GC(15) Using 1 workers of 1 for marking
[2022-04-29T04:50:06.579+0000][82][safepoint   ] Safepoint "CollectForMetadataAllocation", Time since last: 21717208 ns, Reaching safepoint: 217000 ns, At safepoint: 50208 ns, Total: 267208 ns
[2022-04-29T04:50:06.617+0000][82][gc,marking  ] GC(15) Concurrent Mark From Roots 41.421ms
[2022-04-29T04:50:06.618+0000][82][gc,marking  ] GC(15) Concurrent Preclean
[2022-04-29T04:50:06.620+0000][82][gc,marking  ] GC(15) Concurrent Preclean 2.423ms
[2022-04-29T04:50:06.621+0000][82][gc,start    ] GC(15) Pause Remark
[2022-04-29T04:50:06.624+0000][82][gc          ] GC(15) Pause Remark 72M->72M(512M) 3.221ms
[2022-04-29T04:50:06.625+0000][82][gc,cpu      ] GC(15) User=0.01s Sys=0.00s Real=0.01s
[2022-04-29T04:50:06.626+0000][82][safepoint   ] Safepoint "G1Concurrent", Time since last: 42324709 ns, Reaching safepoint: 128416 ns, At safepoint: 4819334 ns, Total: 4947750 ns
[2022-04-29T04:50:06.627+0000][82][gc,marking  ] GC(15) Concurrent Mark 53.005ms
[2022-04-29T04:50:06.628+0000][82][gc,marking  ] GC(15) Concurrent Rebuild Remembered Sets
[2022-04-29T04:50:06.629+0000][82][gc,marking  ] GC(15) Concurrent Rebuild Remembered Sets 1.386ms
[2022-04-29T04:50:06.631+0000][82][gc,start    ] GC(15) Pause Cleanup
[2022-04-29T04:50:06.632+0000][82][gc          ] GC(15) Pause Cleanup 72M->72M(512M) 0.808ms
[2022-04-29T04:50:06.632+0000][82][gc,cpu      ] GC(15) User=0.01s Sys=0.00s Real=0.00s
[2022-04-29T04:50:06.633+0000][82][safepoint   ] Safepoint "G1Concurrent", Time since last: 4487208 ns, Reaching safepoint: 317083 ns, At safepoint: 1959209 ns, Total: 2276292 ns
[2022-04-29T04:50:06.634+0000][82][gc,marking  ] GC(15) Concurrent Cleanup for Next Mark
[2022-04-29T04:50:06.635+0000][82][gc,marking  ] GC(15) Concurrent Cleanup for Next Mark 1.127ms
[2022-04-29T04:50:06.636+0000][82][gc          ] GC(15) Concurrent Mark Cycle 79.082ms
[2022-04-29T04:50:07.013+0000][82][safepoint   ] Safepoint "ICBufferFull", Time since last: 379750542 ns, Reaching safepoint: 325125 ns, At safepoint: 11208 ns, Total: 336333 ns
[2022-04-29T04:50:07.074+0000][82][safepoint   ] Safepoint "ICBufferFull", Time since last: 60956958 ns, Reaching safepoint: 181834 ns, At safepoint: 6041 ns, Total: 187875 ns
[2022-04-29T04:50:07.464+0000][82][safepoint   ] Safepoint "ICBufferFull", Time since last: 390036084 ns, Reaching safepoint: 197416 ns, At safepoint: 4709 ns, Total: 202125 ns
[2022-04-29T04:50:07.797+0000][82][safepoint   ] Safepoint "ICBufferFull", Time since last: 332011583 ns, Reaching safepoint: 431709 ns, At safepoint: 8125 ns, Total: 439834 ns
[2022-04-29T04:50:08.124+0000][82][safepoint   ] Safepoint "ICBufferFull", Time since last: 327278500 ns, Reaching safepoint: 465375 ns, At safepoint: 85333 ns, Total: 550708 ns
[2022-04-29T04:50:08.326+0000][82][safepoint   ] Safepoint "ICBufferFull", Time since last: 200899042 ns, Reaching safepoint: 449167 ns, At safepoint: 42458 ns, Total: 491625 ns
[2022-04-29T04:50:08.472+0000][82][safepoint   ] Safepoint "ICBufferFull", Time since last: 145555917 ns, Reaching safepoint: 175791 ns, At safepoint: 3584 ns, Total: 179375 ns
[2022-04-29T04:50:08.568+0000][82][safepoint   ] Safepoint "ICBufferFull", Time since last: 96171000 ns, Reaching safepoint: 259541 ns, At safepoint: 11625 ns, Total: 271166 ns
[2022-04-29T04:50:08.628+0000][82][safepoint   ] Safepoint "ICBufferFull", Time since last: 59313542 ns, Reaching safepoint: 300875 ns, At safepoint: 40333 ns, Total: 341208 ns
[2022-04-29T04:50:08.698+0000][82][safepoint   ] Safepoint "ICBufferFull", Time since last: 69753292 ns, Reaching safepoint: 323917 ns, At safepoint: 24958 ns, Total: 348875 ns
[2022-04-29T04:50:08.732+0000][82][safepoint   ] Safepoint "ICBufferFull", Time since last: 34518958 ns, Reaching safepoint: 135250 ns, At safepoint: 34209 ns, Total: 169459 ns
[2022-04-29T04:50:08.829+0000][82][safepoint   ] Safepoint "ICBufferFull", Time since last: 95755875 ns, Reaching safepoint: 918375 ns, At safepoint: 15041 ns, Total: 933416 ns
[2022-04-29T04:50:08.970+0000][82][safepoint   ] Safepoint "ICBufferFull", Time since last: 140905709 ns, Reaching safepoint: 196375 ns, At safepoint: 11792 ns, Total: 208167 ns
[2022-04-29T04:50:09.172+0000][82][safepoint   ] Safepoint "ICBufferFull", Time since last: 199441500 ns, Reaching safepoint: 2312291 ns, At safepoint: 27542 ns, Total: 2339833 ns
[2022-04-29T04:50:09.393+0000][82][safepoint   ] Safepoint "ICBufferFull", Time since last: 220345833 ns, Reaching safepoint: 584542 ns, At safepoint: 8167 ns, Total: 592709 ns
[2022-04-29T04:50:09.571+0000][82][safepoint   ] Safepoint "ICBufferFull", Time since last: 177224166 ns, Reaching safepoint: 542417 ns, At safepoint: 78375 ns, Total: 620792 ns
[2022-04-29T04:50:09.579+0000][82][gc,start    ] GC(16) Pause Young (Concurrent Start) (G1 Evacuation Pause)
[2022-04-29T04:50:09.579+0000][82][gc,task     ] GC(16) Using 5 workers of 5 for evacuation
[2022-04-29T04:50:09.580+0000][82][gc,age      ] GC(16) Desired survivor size 20971520 bytes, new threshold 15 (max threshold 15)
[2022-04-29T04:50:09.596+0000][82][gc,age      ] GC(16) Age table with threshold 15 (max threshold 15)
[2022-04-29T04:50:09.597+0000][82][gc,age      ] GC(16) - age   1:    9389800 bytes,    9389800 total
[2022-04-29T04:50:09.598+0000][82][gc,age      ] GC(16) - age   2:     552344 bytes,    9942144 total
[2022-04-29T04:50:09.599+0000][82][gc,age      ] GC(16) - age   3:   13187792 bytes,   23129936 total
[2022-04-29T04:50:09.600+0000][82][gc,age      ] GC(16) - age   4:    5685520 bytes,   28815456 total
[2022-04-29T04:50:09.601+0000][82][gc,phases   ] GC(16)   Pre Evacuate Collection Set: 0.6ms
[2022-04-29T04:50:09.602+0000][82][gc,phases   ] GC(16)   Merge Heap Roots: 0.2ms
[2022-04-29T04:50:09.603+0000][82][gc,phases   ] GC(16)   Evacuate Collection Set: 12.4ms
[2022-04-29T04:50:09.604+0000][82][gc,phases   ] GC(16)   Post Evacuate Collection Set: 1.6ms
[2022-04-29T04:50:09.605+0000][82][gc,phases   ] GC(16)   Other: 8.1ms
[2022-04-29T04:50:09.606+0000][82][gc,heap     ] GC(16) Eden regions: 70->0(68)
[2022-04-29T04:50:09.607+0000][82][gc,heap     ] GC(16) Survivor regions: 6->8(10)
[2022-04-29T04:50:09.607+0000][82][gc,heap     ] GC(16) Old regions: 11->11
[2022-04-29T04:50:09.608+0000][82][gc,heap     ] GC(16) Archive regions: 2->2
[2022-04-29T04:50:09.608+0000][82][gc,heap     ] GC(16) Humongous regions: 6->6
[2022-04-29T04:50:09.609+0000][82][gc,metaspace] GC(16) Metaspace: 100973K(102592K)->100973K(102592K) NonClass: 86942K(87936K)->86942K(87936K) Class: 14030K(14656K)->14030K(14656K)
[2022-04-29T04:50:09.610+0000][82][gc          ] GC(16) Pause Young (Concurrent Start) (G1 Evacuation Pause) 372M->102M(512M) 31.064ms
[2022-04-29T04:50:09.610+0000][82][gc,cpu      ] GC(16) User=0.05s Sys=0.00s Real=0.03s
[2022-04-29T04:50:09.611+0000][82][gc          ] GC(17) Concurrent Mark Cycle
[2022-04-29T04:50:09.611+0000][82][safepoint   ] Safepoint "G1CollectForAllocation", Time since last: 7524292 ns, Reaching safepoint: 203791 ns, At safepoint: 32583834 ns, Total: 32787625 ns
[2022-04-29T04:50:09.612+0000][82][gc,marking  ] GC(17) Concurrent Clear Claimed Marks
[2022-04-29T04:50:09.614+0000][82][gc,marking  ] GC(17) Concurrent Clear Claimed Marks 2.000ms
[2022-04-29T04:50:09.617+0000][82][gc,marking  ] GC(17) Concurrent Scan Root Regions
[2022-04-29T04:50:09.633+0000][82][gc,marking  ] GC(17) Concurrent Scan Root Regions 16.503ms
[2022-04-29T04:50:09.634+0000][82][gc,marking  ] GC(17) Concurrent Mark
[2022-04-29T04:50:09.635+0000][82][gc,marking  ] GC(17) Concurrent Mark From Roots
[2022-04-29T04:50:09.636+0000][82][gc,task     ] GC(17) Using 1 workers of 1 for marking
[2022-04-29T04:50:09.658+0000][82][safepoint   ] Safepoint "ICBufferFull", Time since last: 46286208 ns, Reaching safepoint: 959459 ns, At safepoint: 86166 ns, Total: 1045625 ns
[2022-04-29T04:50:09.685+0000][82][gc,marking  ] GC(17) Concurrent Mark From Roots 49.947ms
[2022-04-29T04:50:09.686+0000][82][gc,marking  ] GC(17) Concurrent Preclean
[2022-04-29T04:50:09.689+0000][82][gc,marking  ] GC(17) Concurrent Preclean 2.649ms
[2022-04-29T04:50:09.690+0000][82][gc,start    ] GC(17) Pause Remark
[2022-04-29T04:50:09.694+0000][82][gc          ] GC(17) Pause Remark 113M->113M(512M) 4.253ms
[2022-04-29T04:50:09.695+0000][82][gc,cpu      ] GC(17) User=0.01s Sys=0.00s Real=0.01s
[2022-04-29T04:50:09.696+0000][82][safepoint   ] Safepoint "G1Concurrent", Time since last: 30938834 ns, Reaching safepoint: 279791 ns, At safepoint: 6175917 ns, Total: 6455708 ns
[2022-04-29T04:50:09.697+0000][82][gc,marking  ] GC(17) Concurrent Mark 63.312ms
[2022-04-29T04:50:09.698+0000][82][gc,marking  ] GC(17) Concurrent Rebuild Remembered Sets
[2022-04-29T04:50:09.699+0000][82][gc,marking  ] GC(17) Concurrent Rebuild Remembered Sets 0.892ms
[2022-04-29T04:50:09.700+0000][82][gc,start    ] GC(17) Pause Cleanup
[2022-04-29T04:50:09.701+0000][82][gc          ] GC(17) Pause Cleanup 114M->114M(512M) 1.023ms
[2022-04-29T04:50:09.702+0000][82][gc,cpu      ] GC(17) User=0.00s Sys=0.01s Real=0.00s
[2022-04-29T04:50:09.703+0000][82][safepoint   ] Safepoint "G1Concurrent", Time since last: 4156958 ns, Reaching safepoint: 374959 ns, At safepoint: 3039375 ns, Total: 3414334 ns
[2022-04-29T04:50:09.705+0000][82][gc,marking  ] GC(17) Concurrent Cleanup for Next Mark
[2022-04-29T04:50:09.706+0000][82][gc,marking  ] GC(17) Concurrent Cleanup for Next Mark 1.374ms
[2022-04-29T04:50:09.707+0000][82][gc          ] GC(17) Concurrent Mark Cycle 95.948ms
[2022-04-29T04:50:10.097+0000][82][safepoint   ] Safepoint "ICBufferFull", Time since last: 392780125 ns, Reaching safepoint: 740625 ns, At safepoint: 22875 ns, Total: 763500 ns
[2022-04-29T04:50:10.953+0000][82][safepoint   ] Safepoint "ICBufferFull", Time since last: 855444333 ns, Reaching safepoint: 304750 ns, At safepoint: 6917 ns, Total: 311667 ns
[2022-04-29T04:50:11.311+0000][82][safepoint   ] Safepoint "ICBufferFull", Time since last: 357921125 ns, Reaching safepoint: 222625 ns, At safepoint: 24959 ns, Total: 247584 ns
[2022-04-29T04:50:11.401+0000][82][safepoint   ] Safepoint "ICBufferFull", Time since last: 90138750 ns, Reaching safepoint: 179666 ns, At safepoint: 16375 ns, Total: 196041 ns
[2022-04-29T04:50:11.648+0000][82][safepoint   ] Safepoint "ICBufferFull", Time since last: 246155792 ns, Reaching safepoint: 947083 ns, At safepoint: 53875 ns, Total: 1000958 ns
[2022-04-29T04:50:11.942+0000][82][safepoint   ] Safepoint "ICBufferFull", Time since last: 293614542 ns, Reaching safepoint: 169209 ns, At safepoint: 44750 ns, Total: 213959 ns
[2022-04-29T04:50:12.286+0000][82][safepoint   ] Safepoint "ICBufferFull", Time since last: 343898583 ns, Reaching safepoint: 178417 ns, At safepoint: 3375 ns, Total: 181792 ns
[2022-04-29T04:50:13.293+0000][82][safepoint   ] Safepoint "Cleanup", Time since last: 1005572375 ns, Reaching safepoint: 872209 ns, At safepoint: 10083 ns, Total: 882292 ns
[2022-04-29T04:50:14.311+0000][82][safepoint   ] Safepoint "Cleanup", Time since last: 1018278875 ns, Reaching safepoint: 94167 ns, At safepoint: 6417 ns, Total: 100584 ns
[2022-04-29T04:50:15.318+0000][82][safepoint   ] Safepoint "Cleanup", Time since last: 1004321041 ns, Reaching safepoint: 1549083 ns, At safepoint: 29292 ns, Total: 1578375 ns
[2022-04-29T04:50:16.324+0000][82][safepoint   ] Safepoint "Cleanup", Time since last: 1005826584 ns, Reaching safepoint: 104625 ns, At safepoint: 6083 ns, Total: 110708 ns
[2022-04-29T04:50:17.326+0000][82][safepoint   ] Safepoint "Cleanup", Time since last: 1001865501 ns, Reaching safepoint: 102625 ns, At safepoint: 3541 ns, Total: 106166 ns
[2022-04-29T04:50:18.329+0000][82][safepoint   ] Safepoint "Cleanup", Time since last: 1002445751 ns, Reaching safepoint: 706166 ns, At safepoint: 10834 ns, Total: 717000 ns
[2022-04-29T04:50:20.333+0000][82][safepoint   ] Safepoint "Cleanup", Time since last: 2003693001 ns, Reaching safepoint: 276791 ns, At safepoint: 16709 ns, Total: 293500 ns
[2022-04-29T04:50:22.342+0000][82][safepoint   ] Safepoint "Cleanup", Time since last: 2008981042 ns, Reaching safepoint: 403667 ns, At safepoint: 63458 ns, Total: 467125 ns
[2022-04-29T04:50:23.349+0000][82][safepoint   ] Safepoint "Cleanup", Time since last: 1005818834 ns, Reaching safepoint: 606083 ns, At safepoint: 12375 ns, Total: 618458 ns
[2022-04-29T04:50:24.644+0000][82][safepoint   ] Safepoint "Cleanup", Time since last: 1294877459 ns, Reaching safepoint: 145750 ns, At safepoint: 2750 ns, Total: 148500 ns
[2022-04-29T04:50:25.645+0000][82][safepoint   ] Safepoint "Cleanup", Time since last: 1001196834 ns, Reaching safepoint: 162000 ns, At safepoint: 3917 ns, Total: 165917 ns
[2022-04-29T04:50:26.651+0000][82][safepoint   ] Safepoint "Cleanup", Time since last: 1005042125 ns, Reaching safepoint: 586584 ns, At safepoint: 86791 ns, Total: 673375 ns
[2022-04-29T04:50:27.662+0000][82][safepoint   ] Safepoint "Cleanup", Time since last: 1011000334 ns, Reaching safepoint: 460250 ns, At safepoint: 13500 ns, Total: 473750 ns
[2022-04-29T04:50:29.674+0000][82][safepoint   ] Safepoint "Cleanup", Time since last: 2011492251 ns, Reaching safepoint: 234667 ns, At safepoint: 4375 ns, Total: 239042 ns
[2022-04-29T04:50:30.675+0000][82][safepoint   ] Safepoint "Cleanup", Time since last: 1001372167 ns, Reaching safepoint: 253167 ns, At safepoint: 12916 ns, Total: 266083 ns
[2022-04-29T04:50:31.678+0000][82][safepoint   ] Safepoint "Cleanup", Time since last: 1002076584 ns, Reaching safepoint: 217750 ns, At safepoint: 6333 ns, Total: 224083 ns
[2022-04-29T04:50:32.684+0000][82][safepoint   ] Safepoint "Cleanup", Time since last: 1005633209 ns, Reaching safepoint: 496000 ns, At safepoint: 13584 ns, Total: 509584 ns
[2022-04-29T04:50:33.693+0000][82][safepoint   ] Safepoint "Cleanup", Time since last: 1009271708 ns, Reaching safepoint: 93875 ns, At safepoint: 2292 ns, Total: 96167 ns
[2022-04-29T04:50:34.699+0000][82][safepoint   ] Safepoint "Cleanup", Time since last: 1004743542 ns, Reaching safepoint: 879292 ns, At safepoint: 10333 ns, Total: 889625 ns
[2022-04-29T04:50:35.636+0000][82][safepoint   ] Safepoint "ICBufferFull", Time since last: 936638001 ns, Reaching safepoint: 153708 ns, At safepoint: 18167 ns, Total: 171875 ns
[2022-04-29T04:50:35.765+0000][82][gc,start    ] GC(18) Pause Young (Normal) (G1 Evacuation Pause)
[2022-04-29T04:50:35.766+0000][82][gc,task     ] GC(18) Using 5 workers of 5 for evacuation
[2022-04-29T04:50:35.767+0000][82][gc,age      ] GC(18) Desired survivor size 20971520 bytes, new threshold 3 (max threshold 15)
[2022-04-29T04:50:35.780+0000][82][gc,age      ] GC(18) Age table with threshold 3 (max threshold 15)
[2022-04-29T04:50:35.781+0000][82][gc,age      ] GC(18) - age   1:    5618816 bytes,    5618816 total
[2022-04-29T04:50:35.783+0000][82][gc,age      ] GC(18) - age   2:    8379968 bytes,   13998784 total
[2022-04-29T04:50:35.783+0000][82][gc,age      ] GC(18) - age   3:     538120 bytes,   14536904 total
[2022-04-29T04:50:35.784+0000][82][gc,phases   ] GC(18)   Pre Evacuate Collection Set: 0.3ms
[2022-04-29T04:50:35.785+0000][82][gc,phases   ] GC(18)   Merge Heap Roots: 0.1ms
[2022-04-29T04:50:35.785+0000][82][gc,phases   ] GC(18)   Evacuate Collection Set: 10.5ms
[2022-04-29T04:50:35.786+0000][82][gc,phases   ] GC(18)   Post Evacuate Collection Set: 1.6ms
[2022-04-29T04:50:35.787+0000][82][gc,phases   ] GC(18)   Other: 6.1ms
[2022-04-29T04:50:35.787+0000][82][gc,heap     ] GC(18) Eden regions: 68->0(71)
[2022-04-29T04:50:35.788+0000][82][gc,heap     ] GC(18) Survivor regions: 8->5(10)
[2022-04-29T04:50:35.789+0000][82][gc,heap     ] GC(18) Old regions: 11->16
[2022-04-29T04:50:35.789+0000][82][gc,heap     ] GC(18) Archive regions: 2->2
[2022-04-29T04:50:35.790+0000][82][gc,heap     ] GC(18) Humongous regions: 6->6
[2022-04-29T04:50:35.790+0000][82][gc,metaspace] GC(18) Metaspace: 105493K(107200K)->105493K(107200K) NonClass: 90912K(91968K)->90912K(91968K) Class: 14580K(15232K)->14580K(15232K)
[2022-04-29T04:50:35.791+0000][82][gc          ] GC(18) Pause Young (Normal) (G1 Evacuation Pause) 374M->106M(512M) 25.534ms
[2022-04-29T04:50:35.792+0000][82][gc,cpu      ] GC(18) User=0.05s Sys=0.01s Real=0.02s
[2022-04-29T04:50:35.793+0000][82][safepoint   ] Safepoint "G1CollectForAllocation", Time since last: 129417708 ns, Reaching safepoint: 281333 ns, At safepoint: 27112917 ns, Total: 27394250 ns
[2022-04-29T04:50:36.795+0000][82][safepoint   ] Safepoint "Cleanup", Time since last: 1002568125 ns, Reaching safepoint: 266875 ns, At safepoint: 4417 ns, Total: 271292 ns
[2022-04-29T04:50:37.797+0000][82][safepoint   ] Safepoint "Cleanup", Time since last: 1001262667 ns, Reaching safepoint: 192834 ns, At safepoint: 4791 ns, Total: 197625 ns
[2022-04-29T04:50:38.819+0000][82][safepoint   ] Safepoint "Cleanup", Time since last: 1021931709 ns, Reaching safepoint: 313083 ns, At safepoint: 7709 ns, Total: 320792 ns
[2022-04-29T04:50:39.828+0000][82][safepoint   ] Safepoint "Cleanup", Time since last: 1008781250 ns, Reaching safepoint: 129209 ns, At safepoint: 3458 ns, Total: 132667 ns
[2022-04-29T04:50:41.372+0000][82][safepoint   ] Safepoint "Cleanup", Time since last: 1544006001 ns, Reaching safepoint: 222625 ns, At safepoint: 55541 ns, Total: 278166 ns
[2022-04-29T04:50:42.724+0000][82][safepoint   ] Safepoint "Cleanup", Time since last: 1346892001 ns, Reaching safepoint: 4292083 ns, At safepoint: 17209 ns, Total: 4309292 ns
[2022-04-29T04:50:43.728+0000][82][safepoint   ] Safepoint "Cleanup", Time since last: 1004230625 ns, Reaching safepoint: 173208 ns, At safepoint: 5334 ns, Total: 178542 ns
[2022-04-29T04:50:44.732+0000][82][safepoint   ] Safepoint "Cleanup", Time since last: 1003681000 ns, Reaching safepoint: 609750 ns, At safepoint: 24209 ns, Total: 633959 ns
[2022-04-29T04:50:45.743+0000][82][safepoint   ] Safepoint "Cleanup", Time since last: 1010124249 ns, Reaching safepoint: 220167 ns, At safepoint: 9750 ns, Total: 229917 ns
[2022-04-29T04:50:47.752+0000][82][safepoint   ] Safepoint "Cleanup", Time since last: 2009131376 ns, Reaching safepoint: 131625 ns, At safepoint: 4083 ns, Total: 135708 ns
[2022-04-29T04:50:48.758+0000][82][safepoint   ] Safepoint "Cleanup", Time since last: 1006272459 ns, Reaching safepoint: 169250 ns, At safepoint: 13834 ns, Total: 183084 ns
[2022-04-29T04:50:50.762+0000][82][safepoint   ] Safepoint "Cleanup", Time since last: 2003633626 ns, Reaching safepoint: 270125 ns, At safepoint: 7708 ns, Total: 277833 ns
[2022-04-29T04:50:52.766+0000][82][safepoint   ] Safepoint "Cleanup", Time since last: 2003688417 ns, Reaching safepoint: 396542 ns, At safepoint: 9292 ns, Total: 405834 ns
[2022-04-29T04:50:53.771+0000][82][safepoint   ] Safepoint "Cleanup", Time since last: 1004500209 ns, Reaching safepoint: 148833 ns, At safepoint: 6708 ns, Total: 155541 ns
[2022-04-29T04:50:54.772+0000][82][safepoint   ] Safepoint "Cleanup", Time since last: 1000766792 ns, Reaching safepoint: 62875 ns, At safepoint: 2292 ns, Total: 65167 ns
[2022-04-29T04:50:56.774+0000][82][safepoint   ] Safepoint "Cleanup", Time since last: 2001870959 ns, Reaching safepoint: 112250 ns, At safepoint: 6584 ns, Total: 118834 ns
[2022-04-29T04:50:57.780+0000][82][safepoint   ] Safepoint "Cleanup", Time since last: 1005970584 ns, Reaching safepoint: 158083 ns, At safepoint: 8500 ns, Total: 166583 ns
[2022-04-29T04:50:58.843+0000][82][safepoint   ] Safepoint "Cleanup", Time since last: 1063296667 ns, Reaching safepoint: 97833 ns, At safepoint: 1167 ns, Total: 99000 ns
[2022-04-29T04:50:59.769+0000][82][safepoint   ] Safepoint "ICBufferFull", Time since last: 925236209 ns, Reaching safepoint: 221875 ns, At safepoint: 6375 ns, Total: 228250 ns
[2022-04-29T04:51:00.390+0000][82][safepoint   ] Safepoint "ICBufferFull", Time since last: 621037958 ns, Reaching safepoint: 267459 ns, At safepoint: 33500 ns, Total: 300959 ns
[2022-04-29T04:51:01.391+0000][82][safepoint   ] Safepoint "Cleanup", Time since last: 1001078584 ns, Reaching safepoint: 154666 ns, At safepoint: 5584 ns, Total: 160250 ns
[2022-04-29T04:51:02.393+0000][82][safepoint   ] Safepoint "Cleanup", Time since last: 1001093167 ns, Reaching safepoint: 139666 ns, At safepoint: 4792 ns, Total: 144458 ns
[2022-04-29T04:51:03.395+0000][82][safepoint   ] Safepoint "Cleanup", Time since last: 1002103292 ns, Reaching safepoint: 113500 ns, At safepoint: 9167 ns, Total: 122667 ns
[2022-04-29T04:51:04.399+0000][82][safepoint   ] Safepoint "Cleanup", Time since last: 1004043917 ns, Reaching safepoint: 264083 ns, At safepoint: 5667 ns, Total: 269750 ns
[2022-04-29T04:51:05.415+0000][82][safepoint   ] Safepoint "Cleanup", Time since last: 1015327292 ns, Reaching safepoint: 136458 ns, At safepoint: 3917 ns, Total: 140375 ns
[2022-04-29T04:51:06.419+0000][82][safepoint   ] Safepoint "Cleanup", Time since last: 1003981251 ns, Reaching safepoint: 537958 ns, At safepoint: 7500 ns, Total: 545458 ns
[2022-04-29T04:51:07.422+0000][82][safepoint   ] Safepoint "Cleanup", Time since last: 1002546125 ns, Reaching safepoint: 858917 ns, At safepoint: 13083 ns, Total: 872000 ns
[2022-04-29T04:51:08.426+0000][82][safepoint   ] Safepoint "Cleanup", Time since last: 1003064751 ns, Reaching safepoint: 266625 ns, At safepoint: 5583 ns, Total: 272208 ns
[2022-04-29T04:51:09.494+0000][82][safepoint   ] Safepoint "Cleanup", Time since last: 1067063334 ns, Reaching safepoint: 832000 ns, At safepoint: 19208 ns, Total: 851208 ns
[2022-04-29T04:51:10.509+0000][82][safepoint   ] Safepoint "Cleanup", Time since last: 1014762084 ns, Reaching safepoint: 309834 ns, At safepoint: 8083 ns, Total: 317917 ns
[2022-04-29T04:51:11.512+0000][82][safepoint   ] Safepoint "Cleanup", Time since last: 1002616500 ns, Reaching safepoint: 256584 ns, At safepoint: 6166 ns, Total: 262750 ns
[2022-04-29T04:51:12.515+0000][82][safepoint   ] Safepoint "Cleanup", Time since last: 1002821501 ns, Reaching safepoint: 224125 ns, At safepoint: 4083 ns, Total: 228208 ns
[2022-04-29T04:51:14.519+0000][82][safepoint   ] Safepoint "Cleanup", Time since last: 2003705001 ns, Reaching safepoint: 166667 ns, At safepoint: 11166 ns, Total: 177833 ns
[2022-04-29T04:51:15.521+0000][82][safepoint   ] Safepoint "Cleanup", Time since last: 1002151542 ns, Reaching safepoint: 514042 ns, At safepoint: 11750 ns, Total: 525792 ns
[2022-04-29T04:51:17.529+0000][82][safepoint   ] Safepoint "Cleanup", Time since last: 2007918751 ns, Reaching safepoint: 277208 ns, At safepoint: 6292 ns, Total: 283500 ns
[2022-04-29T04:51:18.531+0000][82][safepoint   ] Safepoint "Cleanup", Time since last: 1001360209 ns, Reaching safepoint: 514333 ns, At safepoint: 5667 ns, Total: 520000 ns
[2022-04-29T04:51:19.533+0000][82][safepoint   ] Safepoint "Cleanup", Time since last: 1002199375 ns, Reaching safepoint: 206625 ns, At safepoint: 12709 ns, Total: 219334 ns
[2022-04-29T04:51:20.543+0000][82][safepoint   ] Safepoint "Cleanup", Time since last: 1009040875 ns, Reaching safepoint: 278042 ns, At safepoint: 6916 ns, Total: 284958 ns
[2022-04-29T04:51:22.551+0000][82][safepoint   ] Safepoint "Cleanup", Time since last: 2007655293 ns, Reaching safepoint: 305875 ns, At safepoint: 7667 ns, Total: 313542 ns
[2022-04-29T04:51:23.554+0000][82][safepoint   ] Safepoint "Cleanup", Time since last: 1003683958 ns, Reaching safepoint: 116417 ns, At safepoint: 4333 ns, Total: 120750 ns
[2022-04-29T04:51:24.556+0000][82][safepoint   ] Safepoint "Cleanup", Time since last: 1001697668 ns, Reaching safepoint: 143625 ns, At safepoint: 9416 ns, Total: 153041 ns
[2022-04-29T04:51:25.563+0000][82][safepoint   ] Safepoint "Cleanup", Time since last: 1005142667 ns, Reaching safepoint: 1139709 ns, At safepoint: 12333 ns, Total: 1152042 ns
[2022-04-29T04:51:26.571+0000][82][safepoint   ] Safepoint "Cleanup", Time since last: 1008456376 ns, Reaching safepoint: 376041 ns, At safepoint: 13792 ns, Total: 389833 ns
[2022-04-29T04:51:27.582+0000][82][safepoint   ] Safepoint "Cleanup", Time since last: 1010347167 ns, Reaching safepoint: 636292 ns, At safepoint: 11125 ns, Total: 647417 ns
[2022-04-29T04:51:29.586+0000][82][safepoint   ] Safepoint "Cleanup", Time since last: 2003841417 ns, Reaching safepoint: 180459 ns, At safepoint: 3833 ns, Total: 184292 ns
[2022-04-29T04:51:30.593+0000][82][safepoint   ] Safepoint "Cleanup", Time since last: 1005785459 ns, Reaching safepoint: 629875 ns, At safepoint: 9167 ns, Total: 639042 ns
[2022-04-29T04:51:31.601+0000][82][safepoint   ] Safepoint "Cleanup", Time since last: 1006978208 ns, Reaching safepoint: 843417 ns, At safepoint: 12042 ns, Total: 855459 ns
[2022-04-29T04:51:32.611+0000][82][safepoint   ] Safepoint "Cleanup", Time since last: 1010542000 ns, Reaching safepoint: 87667 ns, At safepoint: 2708 ns, Total: 90375 ns
[2022-04-29T04:51:33.615+0000][82][safepoint   ] Safepoint "Cleanup", Time since last: 1003549001 ns, Reaching safepoint: 187416 ns, At safepoint: 16000 ns, Total: 203416 ns
[2022-04-29T04:51:35.622+0000][82][safepoint   ] Safepoint "Cleanup", Time since last: 2006234043 ns, Reaching safepoint: 509000 ns, At safepoint: 4500 ns, Total: 513500 ns
[2022-04-29T04:51:36.623+0000][82][safepoint   ] Safepoint "Cleanup", Time since last: 1000936375 ns, Reaching safepoint: 163209 ns, At safepoint: 4750 ns, Total: 167959 ns
[2022-04-29T04:51:37.626+0000][82][safepoint   ] Safepoint "Cleanup", Time since last: 1002691500 ns, Reaching safepoint: 232584 ns, At safepoint: 6875 ns, Total: 239459 ns
[2022-04-29T04:51:38.633+0000][82][safepoint   ] Safepoint "Cleanup", Time since last: 1006504833 ns, Reaching safepoint: 497417 ns, At safepoint: 12625 ns, Total: 510042 ns
[2022-04-29T04:51:40.647+0000][82][safepoint   ] Safepoint "Cleanup", Time since last: 2013964834 ns, Reaching safepoint: 222875 ns, At safepoint: 10209 ns, Total: 233084 ns
[2022-04-29T04:51:41.676+0000][82][safepoint   ] Safepoint "Cleanup", Time since last: 1028941292 ns, Reaching safepoint: 86291 ns, At safepoint: 2292 ns, Total: 88583 ns
[2022-04-29T04:51:42.678+0000][82][safepoint   ] Safepoint "Cleanup", Time since last: 1001900251 ns, Reaching safepoint: 139041 ns, At safepoint: 11667 ns, Total: 150708 ns
[2022-04-29T04:51:43.686+0000][82][safepoint   ] Safepoint "Cleanup", Time since last: 1007551625 ns, Reaching safepoint: 160709 ns, At safepoint: 40583 ns, Total: 201292 ns
[2022-04-29T04:51:44.693+0000][82][safepoint   ] Safepoint "Cleanup", Time since last: 1006466084 ns, Reaching safepoint: 780125 ns, At safepoint: 13958 ns, Total: 794083 ns
[2022-04-29T04:51:45.713+0000][82][safepoint   ] Safepoint "Cleanup", Time since last: 1013812833 ns, Reaching safepoint: 683833 ns, At safepoint: 10709 ns, Total: 694542 ns
