[2022-04-18T09:13:26.784+0000][176][gc] Using G1
[2022-04-18T09:13:26.788+0000][176][gc,init] Version: 16+36 (release)
[2022-04-18T09:13:26.789+0000][176][gc,init] CPUs: 5 total, 5 available
[2022-04-18T09:13:26.791+0000][176][gc,init] Memory: 7851M
[2022-04-18T09:13:26.791+0000][176][gc,init] Large Page Support: Disabled
[2022-04-18T09:13:26.793+0000][176][gc,init] NUMA Support: Disabled
[2022-04-18T09:13:26.794+0000][176][gc,init] Compressed Oops: Enabled (32-bit)
[2022-04-18T09:13:26.795+0000][176][gc,init] Heap Region Size: 1M
[2022-04-18T09:13:26.796+0000][176][gc,init] Heap Min Capacity: 512M
[2022-04-18T09:13:26.797+0000][176][gc,init] Heap Initial Capacity: 512M
[2022-04-18T09:13:26.798+0000][176][gc,init] Heap Max Capacity: 512M
[2022-04-18T09:13:26.800+0000][176][gc,init] Pre-touch: Disabled
[2022-04-18T09:13:26.801+0000][176][gc,init] Parallel Workers: 5
[2022-04-18T09:13:26.802+0000][176][gc,init] Concurrent Workers: 1
[2022-04-18T09:13:26.803+0000][176][gc,init] Concurrent Refinement Workers: 5
[2022-04-18T09:13:26.803+0000][176][gc,init] Periodic GC: Disabled
[2022-04-18T09:13:26.804+0000][176][gc,metaspace] CDS disabled.
[2022-04-18T09:13:26.805+0000][176][gc,metaspace] Compressed class space mapped at: 0x0000000100000000-0x0000000140000000, reserved size: 1073741824
[2022-04-18T09:13:26.805+0000][176][gc,metaspace] Narrow klass base: 0x0000000000000000, Narrow klass shift: 3, Narrow klass range: 0x140000000
[2022-04-18T09:13:26.884+0000][176][gc,heap,exit] Heap
[2022-04-18T09:13:26.886+0000][176][gc,heap,exit]  garbage-first heap   total 524288K, used 2048K [0x00000000e0000000, 0x0000000100000000)
[2022-04-18T09:13:26.886+0000][176][gc,heap,exit]   region size 1024K, 2 young (2048K), 0 survivors (0K)
[2022-04-18T09:13:26.887+0000][176][gc,heap,exit]  Metaspace       used 3556K, committed 3648K, reserved 1056768K
[2022-04-18T09:13:26.888+0000][176][gc,heap,exit]   class space    used 282K, committed 320K, reserved 1048576K
