[2022-05-23T23:29:36.878+0000][161][gc] Using G1
[2022-05-23T23:29:36.910+0000][161][gc,init] Version: 17.0.2+8 (release)
[2022-05-23T23:29:36.911+0000][161][gc,init] CPUs: 12 total, 12 available
[2022-05-23T23:29:36.911+0000][161][gc,init] Memory: 25532M
[2022-05-23T23:29:36.911+0000][161][gc,init] Large Page Support: Disabled
[2022-05-23T23:29:36.911+0000][161][gc,init] NUMA Support: Disabled
[2022-05-23T23:29:36.911+0000][161][gc,init] Compressed Oops: Enabled (32-bit)
[2022-05-23T23:29:36.912+0000][161][gc,init] Heap Region Size: 4M
[2022-05-23T23:29:36.912+0000][161][gc,init] Heap Min Capacity: 512M
[2022-05-23T23:29:36.912+0000][161][gc,init] Heap Initial Capacity: 512M
[2022-05-23T23:29:36.913+0000][161][gc,init] Heap Max Capacity: 512M
[2022-05-23T23:29:36.913+0000][161][gc,init] Pre-touch: Enabled
[2022-05-23T23:29:36.913+0000][161][gc,init] Parallel Workers: 10
[2022-05-23T23:29:36.913+0000][161][gc,init] Concurrent Workers: 3
[2022-05-23T23:29:36.913+0000][161][gc,init] Concurrent Refinement Workers: 10
[2022-05-23T23:29:36.913+0000][161][gc,init] Periodic GC: Disabled
[2022-05-23T23:29:36.913+0000][161][gc,metaspace] CDS archive(s) mapped at: [0x0000000800000000-0x0000000800bd2000-0x0000000800bd2000), size 12394496, SharedBaseAddress: 0x0000000800000000, ArchiveRelocationMode: 0.
[2022-05-23T23:29:36.914+0000][161][gc,metaspace] Compressed class space mapped at: 0x0000000800c00000-0x0000000840c00000, reserved size: 1073741824
[2022-05-23T23:29:36.914+0000][161][gc,metaspace] Narrow klass base: 0x0000000800000000, Narrow klass shift: 0, Narrow klass range: 0x100000000
[2022-05-23T23:29:37.229+0000][161][safepoint   ] Safepoint "ICBufferFull", Time since last: 310146900 ns, Reaching safepoint: 143600 ns, At safepoint: 19400 ns, Total: 163000 ns
[2022-05-23T23:29:37.495+0000][161][gc,start    ] GC(0) Pause Young (Normal) (G1 Evacuation Pause)
[2022-05-23T23:29:37.495+0000][161][gc,task     ] GC(0) Using 10 workers of 10 for evacuation
[2022-05-23T23:29:37.495+0000][161][gc,age      ] GC(0) Desired survivor size 2097152 bytes, new threshold 15 (max threshold 15)
[2022-05-23T23:29:37.498+0000][161][gc,age      ] GC(0) Age table with threshold 15 (max threshold 15)
[2022-05-23T23:29:37.499+0000][161][gc,age      ] GC(0) - age   1:    4154784 bytes,    4154784 total
[2022-05-23T23:29:37.499+0000][161][gc,phases   ] GC(0)   Pre Evacuate Collection Set: 0.2ms
[2022-05-23T23:29:37.499+0000][161][gc,phases   ] GC(0)   Merge Heap Roots: 0.1ms
[2022-05-23T23:29:37.499+0000][161][gc,phases   ] GC(0)   Evacuate Collection Set: 1.6ms
[2022-05-23T23:29:37.499+0000][161][gc,phases   ] GC(0)   Post Evacuate Collection Set: 0.8ms
[2022-05-23T23:29:37.499+0000][161][gc,phases   ] GC(0)   Other: 1.1ms
[2022-05-23T23:29:37.500+0000][161][gc,heap     ] GC(0) Eden regions: 6->0(5)
[2022-05-23T23:29:37.500+0000][161][gc,heap     ] GC(0) Survivor regions: 0->1(1)
[2022-05-23T23:29:37.500+0000][161][gc,heap     ] GC(0) Old regions: 0->1
[2022-05-23T23:29:37.500+0000][161][gc,heap     ] GC(0) Archive regions: 2->2
[2022-05-23T23:29:37.500+0000][161][gc,heap     ] GC(0) Humongous regions: 0->0
[2022-05-23T23:29:37.500+0000][161][gc,metaspace] GC(0) Metaspace: 9343K(9536K)->9343K(9536K) NonClass: 8271K(8384K)->8271K(8384K) Class: 1072K(1152K)->1072K(1152K)
[2022-05-23T23:29:37.501+0000][161][gc          ] GC(0) Pause Young (Normal) (G1 Evacuation Pause) 27M->8M(512M) 5.676ms
[2022-05-23T23:29:37.501+0000][161][gc,cpu      ] GC(0) User=0.03s Sys=0.00s Real=0.01s
[2022-05-23T23:29:37.501+0000][161][safepoint   ] Safepoint "G1CollectForAllocation", Time since last: 266217700 ns, Reaching safepoint: 143900 ns, At safepoint: 6189500 ns, Total: 6333400 ns
[2022-05-23T23:29:37.789+0000][161][gc,start    ] GC(1) Pause Young (Normal) (G1 Evacuation Pause)
[2022-05-23T23:29:37.789+0000][161][gc,task     ] GC(1) Using 10 workers of 10 for evacuation
[2022-05-23T23:29:37.789+0000][161][gc,age      ] GC(1) Desired survivor size 2097152 bytes, new threshold 1 (max threshold 15)
[2022-05-23T23:29:37.792+0000][161][gc,age      ] GC(1) Age table with threshold 1 (max threshold 15)
[2022-05-23T23:29:37.793+0000][161][gc,age      ] GC(1) - age   1:    1877576 bytes,    1877576 total
[2022-05-23T23:29:37.793+0000][161][gc,phases   ] GC(1)   Pre Evacuate Collection Set: 0.2ms
[2022-05-23T23:29:37.793+0000][161][gc,phases   ] GC(1)   Merge Heap Roots: 0.2ms
[2022-05-23T23:29:37.793+0000][161][gc,phases   ] GC(1)   Evacuate Collection Set: 2.3ms
[2022-05-23T23:29:37.793+0000][161][gc,phases   ] GC(1)   Post Evacuate Collection Set: 0.6ms
[2022-05-23T23:29:37.793+0000][161][gc,phases   ] GC(1)   Other: 1.0ms
[2022-05-23T23:29:37.793+0000][161][gc,heap     ] GC(1) Eden regions: 5->0(11)
[2022-05-23T23:29:37.794+0000][161][gc,heap     ] GC(1) Survivor regions: 1->1(1)
[2022-05-23T23:29:37.794+0000][161][gc,heap     ] GC(1) Old regions: 1->2
[2022-05-23T23:29:37.794+0000][161][gc,heap     ] GC(1) Archive regions: 2->2
[2022-05-23T23:29:37.794+0000][161][gc,heap     ] GC(1) Humongous regions: 0->0
[2022-05-23T23:29:37.794+0000][161][gc,metaspace] GC(1) Metaspace: 12767K(13056K)->12767K(13056K) NonClass: 11200K(11328K)->11200K(11328K) Class: 1567K(1728K)->1567K(1728K)
[2022-05-23T23:29:37.794+0000][161][gc          ] GC(1) Pause Young (Normal) (G1 Evacuation Pause) 28M->10M(512M) 5.835ms
[2022-05-23T23:29:37.795+0000][161][gc,cpu      ] GC(1) User=0.03s Sys=0.00s Real=0.01s
[2022-05-23T23:29:37.795+0000][161][safepoint   ] Safepoint "G1CollectForAllocation", Time since last: 287240300 ns, Reaching safepoint: 197200 ns, At safepoint: 6217900 ns, Total: 6415100 ns
[2022-05-23T23:29:38.464+0000][161][safepoint   ] Safepoint "ICBufferFull", Time since last: 668604300 ns, Reaching safepoint: 195600 ns, At safepoint: 17000 ns, Total: 212600 ns
[2022-05-23T23:29:38.801+0000][161][gc,start    ] GC(2) Pause Young (Normal) (G1 Evacuation Pause)
[2022-05-23T23:29:38.801+0000][161][gc,task     ] GC(2) Using 10 workers of 10 for evacuation
[2022-05-23T23:29:38.801+0000][161][gc,age      ] GC(2) Desired survivor size 4194304 bytes, new threshold 15 (max threshold 15)
[2022-05-23T23:29:38.804+0000][161][gc,age      ] GC(2) Age table with threshold 15 (max threshold 15)
[2022-05-23T23:29:38.805+0000][161][gc,age      ] GC(2) - age   1:    1225392 bytes,    1225392 total
[2022-05-23T23:29:38.805+0000][161][gc,age      ] GC(2) - age   2:    1852376 bytes,    3077768 total
[2022-05-23T23:29:38.805+0000][161][gc,phases   ] GC(2)   Pre Evacuate Collection Set: 0.2ms
[2022-05-23T23:29:38.805+0000][161][gc,phases   ] GC(2)   Merge Heap Roots: 0.2ms
[2022-05-23T23:29:38.805+0000][161][gc,phases   ] GC(2)   Evacuate Collection Set: 1.6ms
[2022-05-23T23:29:38.805+0000][161][gc,phases   ] GC(2)   Post Evacuate Collection Set: 1.0ms
[2022-05-23T23:29:38.805+0000][161][gc,phases   ] GC(2)   Other: 1.2ms
[2022-05-23T23:29:38.806+0000][161][gc,heap     ] GC(2) Eden regions: 11->0(58)
[2022-05-23T23:29:38.806+0000][161][gc,heap     ] GC(2) Survivor regions: 1->1(2)
[2022-05-23T23:29:38.806+0000][161][gc,heap     ] GC(2) Old regions: 2->2
[2022-05-23T23:29:38.806+0000][161][gc,heap     ] GC(2) Archive regions: 2->2
[2022-05-23T23:29:38.806+0000][161][gc,heap     ] GC(2) Humongous regions: 0->0
[2022-05-23T23:29:38.806+0000][161][gc,metaspace] GC(2) Metaspace: 15093K(15360K)->15093K(15360K) NonClass: 13311K(13440K)->13311K(13440K) Class: 1781K(1920K)->1781K(1920K)
[2022-05-23T23:29:38.807+0000][161][gc          ] GC(2) Pause Young (Normal) (G1 Evacuation Pause) 54M->11M(512M) 5.984ms
[2022-05-23T23:29:38.807+0000][161][gc,cpu      ] GC(2) User=0.04s Sys=0.01s Real=0.01s
[2022-05-23T23:29:38.807+0000][161][safepoint   ] Safepoint "G1CollectForAllocation", Time since last: 336797000 ns, Reaching safepoint: 231300 ns, At safepoint: 6342200 ns, Total: 6573500 ns
[2022-05-23T23:29:39.112+0000][161][safepoint   ] Safepoint "ICBufferFull", Time since last: 305230800 ns, Reaching safepoint: 265300 ns, At safepoint: 31600 ns, Total: 296900 ns
[2022-05-23T23:29:39.113+0000][161][safepoint   ] Safepoint "ICBufferFull", Time since last: 783200 ns, Reaching safepoint: 173000 ns, At safepoint: 17300 ns, Total: 190300 ns
[2022-05-23T23:29:39.116+0000][161][safepoint   ] Safepoint "ICBufferFull", Time since last: 1825400 ns, Reaching safepoint: 271600 ns, At safepoint: 31300 ns, Total: 302900 ns
[2022-05-23T23:29:39.117+0000][161][safepoint   ] Safepoint "ICBufferFull", Time since last: 1193100 ns, Reaching safepoint: 269700 ns, At safepoint: 19500 ns, Total: 289200 ns
[2022-05-23T23:29:39.118+0000][161][safepoint   ] Safepoint "ICBufferFull", Time since last: 973400 ns, Reaching safepoint: 169400 ns, At safepoint: 4600 ns, Total: 174000 ns
[2022-05-23T23:29:39.221+0000][161][safepoint   ] Safepoint "ICBufferFull", Time since last: 102465000 ns, Reaching safepoint: 179300 ns, At safepoint: 4400 ns, Total: 183700 ns
[2022-05-23T23:29:39.404+0000][161][gc,start    ] GC(3) Pause Young (Normal) (G1 Evacuation Pause)
[2022-05-23T23:29:39.404+0000][161][gc,task     ] GC(3) Using 10 workers of 10 for evacuation
[2022-05-23T23:29:39.404+0000][161][gc,age      ] GC(3) Desired survivor size 16777216 bytes, new threshold 15 (max threshold 15)
[2022-05-23T23:29:39.408+0000][161][gc,age      ] GC(3) Age table with threshold 15 (max threshold 15)
[2022-05-23T23:29:39.408+0000][161][gc,age      ] GC(3) - age   1:    4864640 bytes,    4864640 total
[2022-05-23T23:29:39.408+0000][161][gc,age      ] GC(3) - age   2:    1203568 bytes,    6068208 total
[2022-05-23T23:29:39.408+0000][161][gc,age      ] GC(3) - age   3:    1850952 bytes,    7919160 total
[2022-05-23T23:29:39.408+0000][161][gc,phases   ] GC(3)   Pre Evacuate Collection Set: 0.2ms
[2022-05-23T23:29:39.408+0000][161][gc,phases   ] GC(3)   Merge Heap Roots: 0.2ms
[2022-05-23T23:29:39.408+0000][161][gc,phases   ] GC(3)   Evacuate Collection Set: 2.4ms
[2022-05-23T23:29:39.409+0000][161][gc,phases   ] GC(3)   Post Evacuate Collection Set: 0.6ms
[2022-05-23T23:29:39.409+0000][161][gc,phases   ] GC(3)   Other: 1.1ms
[2022-05-23T23:29:39.409+0000][161][gc,heap     ] GC(3) Eden regions: 58->0(74)
[2022-05-23T23:29:39.409+0000][161][gc,heap     ] GC(3) Survivor regions: 1->2(8)
[2022-05-23T23:29:39.409+0000][161][gc,heap     ] GC(3) Old regions: 2->2
[2022-05-23T23:29:39.409+0000][161][gc,heap     ] GC(3) Archive regions: 2->2
[2022-05-23T23:29:39.409+0000][161][gc,heap     ] GC(3) Humongous regions: 0->0
[2022-05-23T23:29:39.409+0000][161][gc,metaspace] GC(3) Metaspace: 17911K(18176K)->17911K(18176K) NonClass: 15743K(15872K)->15743K(15872K) Class: 2167K(2304K)->2167K(2304K)
[2022-05-23T23:29:39.409+0000][161][gc          ] GC(3) Pause Young (Normal) (G1 Evacuation Pause) 243M->16M(512M) 5.791ms
[2022-05-23T23:29:39.410+0000][161][gc,cpu      ] GC(3) User=0.02s Sys=0.00s Real=0.00s
[2022-05-23T23:29:39.410+0000][161][safepoint   ] Safepoint "G1CollectForAllocation", Time since last: 182655000 ns, Reaching safepoint: 194300 ns, At safepoint: 6110700 ns, Total: 6305000 ns
[2022-05-23T23:29:39.898+0000][161][gc,start    ] GC(4) Pause Young (Normal) (G1 Evacuation Pause)
[2022-05-23T23:29:39.898+0000][161][gc,task     ] GC(4) Using 10 workers of 10 for evacuation
[2022-05-23T23:29:39.899+0000][161][gc,age      ] GC(4) Desired survivor size 20971520 bytes, new threshold 15 (max threshold 15)
[2022-05-23T23:29:39.902+0000][161][gc,age      ] GC(4) Age table with threshold 15 (max threshold 15)
[2022-05-23T23:29:39.903+0000][161][gc,age      ] GC(4) - age   1:    5098544 bytes,    5098544 total
[2022-05-23T23:29:39.903+0000][161][gc,age      ] GC(4) - age   2:    3727080 bytes,    8825624 total
[2022-05-23T23:29:39.903+0000][161][gc,age      ] GC(4) - age   3:    1203392 bytes,   10029016 total
[2022-05-23T23:29:39.903+0000][161][gc,age      ] GC(4) - age   4:    1850952 bytes,   11879968 total
[2022-05-23T23:29:39.904+0000][161][gc,phases   ] GC(4)   Pre Evacuate Collection Set: 0.2ms
[2022-05-23T23:29:39.904+0000][161][gc,phases   ] GC(4)   Merge Heap Roots: 0.1ms
[2022-05-23T23:29:39.904+0000][161][gc,phases   ] GC(4)   Evacuate Collection Set: 2.5ms
[2022-05-23T23:29:39.904+0000][161][gc,phases   ] GC(4)   Post Evacuate Collection Set: 0.7ms
[2022-05-23T23:29:39.904+0000][161][gc,phases   ] GC(4)   Other: 2.0ms
[2022-05-23T23:29:39.904+0000][161][gc,heap     ] GC(4) Eden regions: 74->0(73)
[2022-05-23T23:29:39.905+0000][161][gc,heap     ] GC(4) Survivor regions: 2->3(10)
[2022-05-23T23:29:39.905+0000][161][gc,heap     ] GC(4) Old regions: 2->2
[2022-05-23T23:29:39.905+0000][161][gc,heap     ] GC(4) Archive regions: 2->2
[2022-05-23T23:29:39.905+0000][161][gc,heap     ] GC(4) Humongous regions: 0->0
[2022-05-23T23:29:39.905+0000][161][gc,metaspace] GC(4) Metaspace: 19288K(19648K)->19288K(19648K) NonClass: 16934K(17152K)->16934K(17152K) Class: 2354K(2496K)->2354K(2496K)
[2022-05-23T23:29:39.905+0000][161][gc          ] GC(4) Pause Young (Normal) (G1 Evacuation Pause) 312M->20M(512M) 7.265ms
[2022-05-23T23:29:39.906+0000][161][gc,cpu      ] GC(4) User=0.04s Sys=0.00s Real=0.01s
[2022-05-23T23:29:39.906+0000][161][safepoint   ] Safepoint "G1CollectForAllocation", Time since last: 488177300 ns, Reaching safepoint: 180400 ns, At safepoint: 7797700 ns, Total: 7978100 ns
[2022-05-23T23:29:40.251+0000][161][gc,start    ] GC(5) Pause Young (Normal) (G1 Evacuation Pause)
[2022-05-23T23:29:40.251+0000][161][gc,task     ] GC(5) Using 10 workers of 10 for evacuation
[2022-05-23T23:29:40.251+0000][161][gc,age      ] GC(5) Desired survivor size 20971520 bytes, new threshold 15 (max threshold 15)
[2022-05-23T23:29:40.255+0000][161][gc,age      ] GC(5) Age table with threshold 15 (max threshold 15)
[2022-05-23T23:29:40.255+0000][161][gc,age      ] GC(5) - age   1:    2979456 bytes,    2979456 total
[2022-05-23T23:29:40.255+0000][161][gc,age      ] GC(5) - age   2:    4143344 bytes,    7122800 total
[2022-05-23T23:29:40.255+0000][161][gc,age      ] GC(5) - age   3:    3726600 bytes,   10849400 total
[2022-05-23T23:29:40.255+0000][161][gc,age      ] GC(5) - age   4:    1203328 bytes,   12052728 total
[2022-05-23T23:29:40.256+0000][161][gc,age      ] GC(5) - age   5:    1850888 bytes,   13903616 total
[2022-05-23T23:29:40.256+0000][161][gc,phases   ] GC(5)   Pre Evacuate Collection Set: 0.2ms
[2022-05-23T23:29:40.256+0000][161][gc,phases   ] GC(5)   Merge Heap Roots: 0.1ms
[2022-05-23T23:29:40.256+0000][161][gc,phases   ] GC(5)   Evacuate Collection Set: 2.6ms
[2022-05-23T23:29:40.256+0000][161][gc,phases   ] GC(5)   Post Evacuate Collection Set: 0.8ms
[2022-05-23T23:29:40.256+0000][161][gc,phases   ] GC(5)   Other: 1.5ms
[2022-05-23T23:29:40.256+0000][161][gc,heap     ] GC(5) Eden regions: 73->0(72)
[2022-05-23T23:29:40.256+0000][161][gc,heap     ] GC(5) Survivor regions: 3->4(10)
[2022-05-23T23:29:40.257+0000][161][gc,heap     ] GC(5) Old regions: 2->2
[2022-05-23T23:29:40.257+0000][161][gc,heap     ] GC(5) Archive regions: 2->2
[2022-05-23T23:29:40.257+0000][161][gc,heap     ] GC(5) Humongous regions: 0->0
[2022-05-23T23:29:40.257+0000][161][gc,metaspace] GC(5) Metaspace: 19797K(20224K)->19797K(20224K) NonClass: 17355K(17600K)->17355K(17600K) Class: 2442K(2624K)->2442K(2624K)
[2022-05-23T23:29:40.257+0000][161][gc          ] GC(5) Pause Young (Normal) (G1 Evacuation Pause) 312M->22M(512M) 6.531ms
[2022-05-23T23:29:40.257+0000][161][gc,cpu      ] GC(5) User=0.03s Sys=0.00s Real=0.01s
[2022-05-23T23:29:40.257+0000][161][safepoint   ] Safepoint "G1CollectForAllocation", Time since last: 344406800 ns, Reaching safepoint: 224200 ns, At safepoint: 6808800 ns, Total: 7033000 ns
[2022-05-23T23:29:40.667+0000][161][gc,start    ] GC(6) Pause Young (Concurrent Start) (Metadata GC Threshold)
[2022-05-23T23:29:40.668+0000][161][gc,task     ] GC(6) Using 10 workers of 10 for evacuation
[2022-05-23T23:29:40.668+0000][161][gc,age      ] GC(6) Desired survivor size 20971520 bytes, new threshold 15 (max threshold 15)
[2022-05-23T23:29:40.674+0000][161][gc,age      ] GC(6) Age table with threshold 15 (max threshold 15)
[2022-05-23T23:29:40.674+0000][161][gc,age      ] GC(6) - age   1:    2078240 bytes,    2078240 total
[2022-05-23T23:29:40.674+0000][161][gc,age      ] GC(6) - age   2:     662576 bytes,    2740816 total
[2022-05-23T23:29:40.674+0000][161][gc,age      ] GC(6) - age   3:    4138960 bytes,    6879776 total
[2022-05-23T23:29:40.675+0000][161][gc,age      ] GC(6) - age   4:    3723920 bytes,   10603696 total
[2022-05-23T23:29:40.675+0000][161][gc,age      ] GC(6) - age   5:    1203224 bytes,   11806920 total
[2022-05-23T23:29:40.675+0000][161][gc,age      ] GC(6) - age   6:    1850888 bytes,   13657808 total
[2022-05-23T23:29:40.675+0000][161][gc,phases   ] GC(6)   Pre Evacuate Collection Set: 0.2ms
[2022-05-23T23:29:40.675+0000][161][gc,phases   ] GC(6)   Merge Heap Roots: 0.2ms
[2022-05-23T23:29:40.676+0000][161][gc,phases   ] GC(6)   Evacuate Collection Set: 4.1ms
[2022-05-23T23:29:40.676+0000][161][gc,phases   ] GC(6)   Post Evacuate Collection Set: 1.1ms
[2022-05-23T23:29:40.676+0000][161][gc,phases   ] GC(6)   Other: 2.2ms
[2022-05-23T23:29:40.676+0000][161][gc,heap     ] GC(6) Eden regions: 67->0(72)
[2022-05-23T23:29:40.676+0000][161][gc,heap     ] GC(6) Survivor regions: 4->4(10)
[2022-05-23T23:29:40.676+0000][161][gc,heap     ] GC(6) Old regions: 2->2
[2022-05-23T23:29:40.676+0000][161][gc,heap     ] GC(6) Archive regions: 2->2
[2022-05-23T23:29:40.676+0000][161][gc,heap     ] GC(6) Humongous regions: 0->0
[2022-05-23T23:29:40.677+0000][161][gc,metaspace] GC(6) Metaspace: 20959K(21504K)->20959K(21504K) NonClass: 18365K(18688K)->18365K(18688K) Class: 2593K(2816K)->2593K(2816K)
[2022-05-23T23:29:40.677+0000][161][gc          ] GC(6) Pause Young (Concurrent Start) (Metadata GC Threshold) 290M->22M(512M) 9.204ms
[2022-05-23T23:29:40.677+0000][161][gc,cpu      ] GC(6) User=0.02s Sys=0.02s Real=0.01s
[2022-05-23T23:29:40.677+0000][161][gc          ] GC(7) Concurrent Mark Cycle
[2022-05-23T23:29:40.677+0000][161][gc,marking  ] GC(7) Concurrent Clear Claimed Marks
[2022-05-23T23:29:40.677+0000][161][safepoint   ] Safepoint "CollectForMetadataAllocation", Time since last: 409870600 ns, Reaching safepoint: 180300 ns, At safepoint: 9585800 ns, Total: 9766100 ns
[2022-05-23T23:29:40.677+0000][161][gc,marking  ] GC(7) Concurrent Clear Claimed Marks 0.165ms
[2022-05-23T23:29:40.678+0000][161][gc,marking  ] GC(7) Concurrent Scan Root Regions
[2022-05-23T23:29:40.680+0000][161][gc,marking  ] GC(7) Concurrent Scan Root Regions 2.178ms
[2022-05-23T23:29:40.680+0000][161][gc,marking  ] GC(7) Concurrent Mark
[2022-05-23T23:29:40.680+0000][161][gc,marking  ] GC(7) Concurrent Mark From Roots
[2022-05-23T23:29:40.680+0000][161][gc,task     ] GC(7) Using 3 workers of 3 for marking
[2022-05-23T23:29:40.684+0000][161][gc,marking  ] GC(7) Concurrent Mark From Roots 3.444ms
[2022-05-23T23:29:40.684+0000][161][gc,marking  ] GC(7) Concurrent Preclean
[2022-05-23T23:29:40.684+0000][161][gc,marking  ] GC(7) Concurrent Preclean 0.493ms
[2022-05-23T23:29:40.685+0000][161][gc,start    ] GC(7) Pause Remark
[2022-05-23T23:29:40.688+0000][161][gc          ] GC(7) Pause Remark 32M->32M(512M) 3.383ms
[2022-05-23T23:29:40.689+0000][161][gc,cpu      ] GC(7) User=0.01s Sys=0.00s Real=0.00s
[2022-05-23T23:29:40.689+0000][161][safepoint   ] Safepoint "G1Concurrent", Time since last: 7571900 ns, Reaching safepoint: 330900 ns, At safepoint: 4483800 ns, Total: 4814700 ns
[2022-05-23T23:29:40.690+0000][161][gc,marking  ] GC(7) Concurrent Mark 9.655ms
[2022-05-23T23:29:40.690+0000][161][gc,marking  ] GC(7) Concurrent Rebuild Remembered Sets
[2022-05-23T23:29:40.692+0000][161][gc,marking  ] GC(7) Concurrent Rebuild Remembered Sets 1.983ms
[2022-05-23T23:29:40.692+0000][161][gc,start    ] GC(7) Pause Cleanup
[2022-05-23T23:29:40.693+0000][161][gc          ] GC(7) Pause Cleanup 34M->34M(512M) 0.436ms
[2022-05-23T23:29:40.693+0000][161][gc,cpu      ] GC(7) User=0.00s Sys=0.00s Real=0.00s
[2022-05-23T23:29:40.693+0000][161][safepoint   ] Safepoint "G1Concurrent", Time since last: 2599300 ns, Reaching safepoint: 355200 ns, At safepoint: 892800 ns, Total: 1248000 ns
[2022-05-23T23:29:40.693+0000][161][gc,marking  ] GC(7) Concurrent Cleanup for Next Mark
[2022-05-23T23:29:40.694+0000][161][gc,marking  ] GC(7) Concurrent Cleanup for Next Mark 0.414ms
[2022-05-23T23:29:40.694+0000][161][gc          ] GC(7) Concurrent Mark Cycle 17.111ms
[2022-05-23T23:29:41.585+0000][161][safepoint   ] Safepoint "ICBufferFull", Time since last: 891173200 ns, Reaching safepoint: 181600 ns, At safepoint: 4600 ns, Total: 186200 ns
[2022-05-23T23:29:41.586+0000][161][safepoint   ] Safepoint "ICBufferFull", Time since last: 732000 ns, Reaching safepoint: 158200 ns, At safepoint: 4200 ns, Total: 162400 ns
[2022-05-23T23:29:41.586+0000][161][safepoint   ] Safepoint "ICBufferFull", Time since last: 695600 ns, Reaching safepoint: 196500 ns, At safepoint: 5100 ns, Total: 201600 ns
[2022-05-23T23:29:41.587+0000][161][safepoint   ] Safepoint "ICBufferFull", Time since last: 679000 ns, Reaching safepoint: 155100 ns, At safepoint: 4200 ns, Total: 159300 ns
[2022-05-23T23:29:41.610+0000][161][safepoint   ] Safepoint "ICBufferFull", Time since last: 22737800 ns, Reaching safepoint: 177000 ns, At safepoint: 4500 ns, Total: 181500 ns
[2022-05-23T23:29:41.611+0000][161][safepoint   ] Safepoint "ICBufferFull", Time since last: 721500 ns, Reaching safepoint: 188600 ns, At safepoint: 4300 ns, Total: 192900 ns
[2022-05-23T23:29:41.641+0000][161][safepoint   ] Safepoint "ICBufferFull", Time since last: 29472600 ns, Reaching safepoint: 319900 ns, At safepoint: 44000 ns, Total: 363900 ns
[2022-05-23T23:29:41.645+0000][161][safepoint   ] Safepoint "ICBufferFull", Time since last: 3830800 ns, Reaching safepoint: 210300 ns, At safepoint: 23000 ns, Total: 233300 ns
[2022-05-23T23:29:41.657+0000][161][safepoint   ] Safepoint "ICBufferFull", Time since last: 11411100 ns, Reaching safepoint: 240500 ns, At safepoint: 34200 ns, Total: 274700 ns
[2022-05-23T23:29:41.735+0000][161][safepoint   ] Safepoint "ICBufferFull", Time since last: 78476100 ns, Reaching safepoint: 188500 ns, At safepoint: 4700 ns, Total: 193200 ns
[2022-05-23T23:29:41.736+0000][161][safepoint   ] Safepoint "ICBufferFull", Time since last: 721500 ns, Reaching safepoint: 166300 ns, At safepoint: 4600 ns, Total: 170900 ns
[2022-05-23T23:29:41.737+0000][161][safepoint   ] Safepoint "ICBufferFull", Time since last: 828800 ns, Reaching safepoint: 254200 ns, At safepoint: 18400 ns, Total: 272600 ns
[2022-05-23T23:29:41.756+0000][161][safepoint   ] Safepoint "ICBufferFull", Time since last: 18409500 ns, Reaching safepoint: 192900 ns, At safepoint: 5500 ns, Total: 198400 ns
[2022-05-23T23:29:41.757+0000][161][safepoint   ] Safepoint "ICBufferFull", Time since last: 1286100 ns, Reaching safepoint: 217700 ns, At safepoint: 37100 ns, Total: 254800 ns
[2022-05-23T23:29:42.256+0000][161][safepoint   ] Safepoint "ICBufferFull", Time since last: 497825500 ns, Reaching safepoint: 285700 ns, At safepoint: 62400 ns, Total: 348100 ns
[2022-05-23T23:29:42.665+0000][161][gc,start    ] GC(8) Pause Young (Normal) (G1 Evacuation Pause)
[2022-05-23T23:29:42.666+0000][161][gc,task     ] GC(8) Using 10 workers of 10 for evacuation
[2022-05-23T23:29:42.666+0000][161][gc,age      ] GC(8) Desired survivor size 20971520 bytes, new threshold 15 (max threshold 15)
[2022-05-23T23:29:42.675+0000][161][gc,age      ] GC(8) Age table with threshold 15 (max threshold 15)
[2022-05-23T23:29:42.675+0000][161][gc,age      ] GC(8) - age   1:   15293192 bytes,   15293192 total
[2022-05-23T23:29:42.675+0000][161][gc,age      ] GC(8) - age   2:    2036104 bytes,   17329296 total
[2022-05-23T23:29:42.675+0000][161][gc,age      ] GC(8) - age   3:     646096 bytes,   17975392 total
[2022-05-23T23:29:42.676+0000][161][gc,age      ] GC(8) - age   4:    4117608 bytes,   22093000 total
[2022-05-23T23:29:42.676+0000][161][gc,age      ] GC(8) - age   5:    3646520 bytes,   25739520 total
[2022-05-23T23:29:42.676+0000][161][gc,age      ] GC(8) - age   6:    1148472 bytes,   26887992 total
[2022-05-23T23:29:42.676+0000][161][gc,age      ] GC(8) - age   7:    1842744 bytes,   28730736 total
[2022-05-23T23:29:42.676+0000][161][gc,phases   ] GC(8)   Pre Evacuate Collection Set: 0.2ms
[2022-05-23T23:29:42.677+0000][161][gc,phases   ] GC(8)   Merge Heap Roots: 0.2ms
[2022-05-23T23:29:42.677+0000][161][gc,phases   ] GC(8)   Evacuate Collection Set: 7.2ms
[2022-05-23T23:29:42.677+0000][161][gc,phases   ] GC(8)   Post Evacuate Collection Set: 1.3ms
[2022-05-23T23:29:42.677+0000][161][gc,phases   ] GC(8)   Other: 2.3ms
[2022-05-23T23:29:42.677+0000][161][gc,heap     ] GC(8) Eden regions: 72->0(68)
[2022-05-23T23:29:42.677+0000][161][gc,heap     ] GC(8) Survivor regions: 4->8(10)
[2022-05-23T23:29:42.678+0000][161][gc,heap     ] GC(8) Old regions: 2->2
[2022-05-23T23:29:42.678+0000][161][gc,heap     ] GC(8) Archive regions: 2->2
[2022-05-23T23:29:42.678+0000][161][gc,heap     ] GC(8) Humongous regions: 0->0
[2022-05-23T23:29:42.678+0000][161][gc,metaspace] GC(8) Metaspace: 30695K(31616K)->30695K(31616K) NonClass: 26747K(27328K)->26747K(27328K) Class: 3947K(4288K)->3947K(4288K)
[2022-05-23T23:29:42.679+0000][161][gc          ] GC(8) Pause Young (Normal) (G1 Evacuation Pause) 310M->36M(512M) 13.245ms
[2022-05-23T23:29:42.679+0000][161][gc,cpu      ] GC(8) User=0.09s Sys=0.01s Real=0.01s
[2022-05-23T23:29:42.679+0000][161][safepoint   ] Safepoint "G1CollectForAllocation", Time since last: 409376500 ns, Reaching safepoint: 218400 ns, At safepoint: 13573500 ns, Total: 13791900 ns
[2022-05-23T23:29:43.650+0000][161][gc,start    ] GC(9) Pause Young (Concurrent Start) (Metadata GC Threshold)
[2022-05-23T23:29:43.650+0000][161][gc,task     ] GC(9) Using 10 workers of 10 for evacuation
[2022-05-23T23:29:43.650+0000][161][gc,age      ] GC(9) Desired survivor size 20971520 bytes, new threshold 4 (max threshold 15)
[2022-05-23T23:29:43.667+0000][161][gc,age      ] GC(9) Age table with threshold 4 (max threshold 15)
[2022-05-23T23:29:43.667+0000][161][gc,age      ] GC(9) - age   1:   13175440 bytes,   13175440 total
[2022-05-23T23:29:43.667+0000][161][gc,age      ] GC(9) - age   2:   14813992 bytes,   27989432 total
[2022-05-23T23:29:43.667+0000][161][gc,age      ] GC(9) - age   3:    2035184 bytes,   30024616 total
[2022-05-23T23:29:43.667+0000][161][gc,age      ] GC(9) - age   4:     646096 bytes,   30670712 total
[2022-05-23T23:29:43.668+0000][161][gc,phases   ] GC(9)   Pre Evacuate Collection Set: 0.3ms
[2022-05-23T23:29:43.668+0000][161][gc,phases   ] GC(9)   Merge Heap Roots: 0.2ms
[2022-05-23T23:29:43.668+0000][161][gc,phases   ] GC(9)   Evacuate Collection Set: 14.4ms
[2022-05-23T23:29:43.668+0000][161][gc,phases   ] GC(9)   Post Evacuate Collection Set: 1.3ms
[2022-05-23T23:29:43.668+0000][161][gc,phases   ] GC(9)   Other: 1.6ms
[2022-05-23T23:29:43.668+0000][161][gc,heap     ] GC(9) Eden regions: 35->0(68)
[2022-05-23T23:29:43.668+0000][161][gc,heap     ] GC(9) Survivor regions: 8->8(10)
[2022-05-23T23:29:43.669+0000][161][gc,heap     ] GC(9) Old regions: 2->4
[2022-05-23T23:29:43.669+0000][161][gc,heap     ] GC(9) Archive regions: 2->2
[2022-05-23T23:29:43.669+0000][161][gc,heap     ] GC(9) Humongous regions: 0->0
[2022-05-23T23:29:43.669+0000][161][gc,metaspace] GC(9) Metaspace: 35074K(35968K)->35074K(35968K) NonClass: 30416K(30976K)->30416K(30976K) Class: 4658K(4992K)->4658K(4992K)
[2022-05-23T23:29:43.669+0000][161][gc          ] GC(9) Pause Young (Concurrent Start) (Metadata GC Threshold) 172M->49M(512M) 19.571ms
[2022-05-23T23:29:43.669+0000][161][gc,cpu      ] GC(9) User=0.15s Sys=0.01s Real=0.02s
[2022-05-23T23:29:43.670+0000][161][gc          ] GC(10) Concurrent Mark Cycle
[2022-05-23T23:29:43.670+0000][161][safepoint   ] Safepoint "CollectForMetadataAllocation", Time since last: 970650400 ns, Reaching safepoint: 218800 ns, At safepoint: 20062700 ns, Total: 20281500 ns
[2022-05-23T23:29:43.670+0000][161][gc,marking  ] GC(10) Concurrent Clear Claimed Marks
[2022-05-23T23:29:43.670+0000][161][gc,marking  ] GC(10) Concurrent Clear Claimed Marks 0.402ms
[2022-05-23T23:29:43.670+0000][161][gc,marking  ] GC(10) Concurrent Scan Root Regions
[2022-05-23T23:29:43.680+0000][161][gc,marking  ] GC(10) Concurrent Scan Root Regions 9.746ms
[2022-05-23T23:29:43.680+0000][161][gc,marking  ] GC(10) Concurrent Mark
[2022-05-23T23:29:43.681+0000][161][gc,marking  ] GC(10) Concurrent Mark From Roots
[2022-05-23T23:29:43.681+0000][161][gc,task     ] GC(10) Using 3 workers of 3 for marking
[2022-05-23T23:29:43.686+0000][161][gc,marking  ] GC(10) Concurrent Mark From Roots 4.980ms
[2022-05-23T23:29:43.686+0000][161][gc,marking  ] GC(10) Concurrent Preclean
[2022-05-23T23:29:43.687+0000][161][gc,marking  ] GC(10) Concurrent Preclean 0.562ms
[2022-05-23T23:29:43.687+0000][161][gc,start    ] GC(10) Pause Remark
[2022-05-23T23:29:43.690+0000][161][gc          ] GC(10) Pause Remark 51M->51M(512M) 2.888ms
[2022-05-23T23:29:43.690+0000][161][gc,cpu      ] GC(10) User=0.01s Sys=0.00s Real=0.00s
[2022-05-23T23:29:43.691+0000][161][safepoint   ] Safepoint "G1Concurrent", Time since last: 17013700 ns, Reaching safepoint: 261500 ns, At safepoint: 3559800 ns, Total: 3821300 ns
[2022-05-23T23:29:43.691+0000][161][gc,marking  ] GC(10) Concurrent Mark 10.368ms
[2022-05-23T23:29:43.691+0000][161][gc,marking  ] GC(10) Concurrent Rebuild Remembered Sets
[2022-05-23T23:29:43.696+0000][161][gc,marking  ] GC(10) Concurrent Rebuild Remembered Sets 4.928ms
[2022-05-23T23:29:43.697+0000][161][gc,start    ] GC(10) Pause Cleanup
[2022-05-23T23:29:43.697+0000][161][gc          ] GC(10) Pause Cleanup 51M->51M(512M) 0.397ms
[2022-05-23T23:29:43.697+0000][161][gc,cpu      ] GC(10) User=0.01s Sys=0.00s Real=0.00s
[2022-05-23T23:29:43.698+0000][161][safepoint   ] Safepoint "G1Concurrent", Time since last: 5653900 ns, Reaching safepoint: 481300 ns, At safepoint: 822000 ns, Total: 1303300 ns
[2022-05-23T23:29:43.698+0000][161][gc,marking  ] GC(10) Concurrent Cleanup for Next Mark
[2022-05-23T23:29:43.698+0000][161][gc,marking  ] GC(10) Concurrent Cleanup for Next Mark 0.440ms
[2022-05-23T23:29:43.698+0000][161][gc          ] GC(10) Concurrent Mark Cycle 28.829ms
[2022-05-23T23:29:44.775+0000][161][safepoint   ] Safepoint "Cleanup", Time since last: 1076725300 ns, Reaching safepoint: 366500 ns, At safepoint: 21700 ns, Total: 388200 ns
[2022-05-23T23:29:45.087+0000][161][safepoint   ] Safepoint "ICBufferFull", Time since last: 312217700 ns, Reaching safepoint: 211400 ns, At safepoint: 6600 ns, Total: 218000 ns
[2022-05-23T23:29:45.294+0000][161][gc,start    ] GC(11) Pause Young (Normal) (G1 Evacuation Pause)
[2022-05-23T23:29:45.294+0000][161][gc,task     ] GC(11) Using 10 workers of 10 for evacuation
[2022-05-23T23:29:45.294+0000][161][gc,age      ] GC(11) Desired survivor size 20971520 bytes, new threshold 2 (max threshold 15)
[2022-05-23T23:29:45.308+0000][161][gc,age      ] GC(11) Age table with threshold 2 (max threshold 15)
[2022-05-23T23:29:45.309+0000][161][gc,age      ] GC(11) - age   1:    6121144 bytes,    6121144 total
[2022-05-23T23:29:45.309+0000][161][gc,age      ] GC(11) - age   2:   13024416 bytes,   19145560 total
[2022-05-23T23:29:45.309+0000][161][gc,phases   ] GC(11)   Pre Evacuate Collection Set: 0.2ms
[2022-05-23T23:29:45.309+0000][161][gc,phases   ] GC(11)   Merge Heap Roots: 0.2ms
[2022-05-23T23:29:45.309+0000][161][gc,phases   ] GC(11)   Evacuate Collection Set: 12.1ms
[2022-05-23T23:29:45.310+0000][161][gc,phases   ] GC(11)   Post Evacuate Collection Set: 1.4ms
[2022-05-23T23:29:45.310+0000][161][gc,phases   ] GC(11)   Other: 1.4ms
[2022-05-23T23:29:45.310+0000][161][gc,heap     ] GC(11) Eden regions: 68->0(70)
[2022-05-23T23:29:45.310+0000][161][gc,heap     ] GC(11) Survivor regions: 8->6(10)
[2022-05-23T23:29:45.310+0000][161][gc,heap     ] GC(11) Old regions: 4->8
[2022-05-23T23:29:45.310+0000][161][gc,heap     ] GC(11) Archive regions: 2->2
[2022-05-23T23:29:45.310+0000][161][gc,heap     ] GC(11) Humongous regions: 0->0
[2022-05-23T23:29:45.311+0000][161][gc,metaspace] GC(11) Metaspace: 52315K(53504K)->52315K(53504K) NonClass: 45213K(45952K)->45213K(45952K) Class: 7102K(7552K)->7102K(7552K)
[2022-05-23T23:29:45.311+0000][161][gc          ] GC(11) Pause Young (Normal) (G1 Evacuation Pause) 321M->56M(512M) 16.871ms
[2022-05-23T23:29:45.311+0000][161][gc,cpu      ] GC(11) User=0.15s Sys=0.00s Real=0.02s
[2022-05-23T23:29:45.311+0000][161][safepoint   ] Safepoint "G1CollectForAllocation", Time since last: 206494000 ns, Reaching safepoint: 229900 ns, At safepoint: 17243100 ns, Total: 17473000 ns
[2022-05-23T23:29:46.035+0000][161][safepoint   ] Safepoint "ICBufferFull", Time since last: 723206000 ns, Reaching safepoint: 603500 ns, At safepoint: 6000 ns, Total: 609500 ns
[2022-05-23T23:29:46.070+0000][161][gc,start    ] GC(12) Pause Young (Concurrent Start) (Metadata GC Threshold)
[2022-05-23T23:29:46.070+0000][161][gc,task     ] GC(12) Using 10 workers of 10 for evacuation
[2022-05-23T23:29:46.070+0000][161][gc,age      ] GC(12) Desired survivor size 20971520 bytes, new threshold 15 (max threshold 15)
[2022-05-23T23:29:46.079+0000][161][gc,age      ] GC(12) Age table with threshold 15 (max threshold 15)
[2022-05-23T23:29:46.079+0000][161][gc,age      ] GC(12) - age   1:    3619424 bytes,    3619424 total
[2022-05-23T23:29:46.079+0000][161][gc,age      ] GC(12) - age   2:    5956128 bytes,    9575552 total
[2022-05-23T23:29:46.079+0000][161][gc,age      ] GC(12) - age   3:   13022376 bytes,   22597928 total
[2022-05-23T23:29:46.079+0000][161][gc,phases   ] GC(12)   Pre Evacuate Collection Set: 0.2ms
[2022-05-23T23:29:46.080+0000][161][gc,phases   ] GC(12)   Merge Heap Roots: 0.2ms
[2022-05-23T23:29:46.080+0000][161][gc,phases   ] GC(12)   Evacuate Collection Set: 5.8ms
[2022-05-23T23:29:46.080+0000][161][gc,phases   ] GC(12)   Post Evacuate Collection Set: 2.1ms
[2022-05-23T23:29:46.080+0000][161][gc,phases   ] GC(12)   Other: 1.4ms
[2022-05-23T23:29:46.080+0000][161][gc,heap     ] GC(12) Eden regions: 26->0(70)
[2022-05-23T23:29:46.080+0000][161][gc,heap     ] GC(12) Survivor regions: 6->6(10)
[2022-05-23T23:29:46.080+0000][161][gc,heap     ] GC(12) Old regions: 8->8
[2022-05-23T23:29:46.081+0000][161][gc,heap     ] GC(12) Archive regions: 2->2
[2022-05-23T23:29:46.081+0000][161][gc,heap     ] GC(12) Humongous regions: 0->0
[2022-05-23T23:29:46.081+0000][161][gc,metaspace] GC(12) Metaspace: 59240K(60416K)->59240K(60416K) NonClass: 51178K(51904K)->51178K(51904K) Class: 8062K(8512K)->8062K(8512K)
[2022-05-23T23:29:46.081+0000][161][gc          ] GC(12) Pause Young (Concurrent Start) (Metadata GC Threshold) 160M->59M(512M) 11.114ms
[2022-05-23T23:29:46.081+0000][161][gc,cpu      ] GC(12) User=0.05s Sys=0.01s Real=0.02s
[2022-05-23T23:29:46.081+0000][161][gc          ] GC(13) Concurrent Mark Cycle
[2022-05-23T23:29:46.081+0000][161][gc,marking  ] GC(13) Concurrent Clear Claimed Marks
[2022-05-23T23:29:46.081+0000][161][safepoint   ] Safepoint "CollectForMetadataAllocation", Time since last: 34741100 ns, Reaching safepoint: 185000 ns, At safepoint: 11469600 ns, Total: 11654600 ns
[2022-05-23T23:29:46.082+0000][161][gc,marking  ] GC(13) Concurrent Clear Claimed Marks 0.209ms
[2022-05-23T23:29:46.082+0000][161][gc,marking  ] GC(13) Concurrent Scan Root Regions
[2022-05-23T23:29:46.089+0000][161][gc,marking  ] GC(13) Concurrent Scan Root Regions 7.103ms
[2022-05-23T23:29:46.089+0000][161][gc,marking  ] GC(13) Concurrent Mark
[2022-05-23T23:29:46.089+0000][161][gc,marking  ] GC(13) Concurrent Mark From Roots
[2022-05-23T23:29:46.089+0000][161][gc,task     ] GC(13) Using 3 workers of 3 for marking
[2022-05-23T23:29:46.111+0000][161][gc,marking  ] GC(13) Concurrent Mark From Roots 21.834ms
[2022-05-23T23:29:46.111+0000][161][gc,marking  ] GC(13) Concurrent Preclean
[2022-05-23T23:29:46.112+0000][161][gc,marking  ] GC(13) Concurrent Preclean 0.618ms
[2022-05-23T23:29:46.113+0000][161][gc,start    ] GC(13) Pause Remark
[2022-05-23T23:29:46.115+0000][161][gc          ] GC(13) Pause Remark 61M->61M(512M) 2.629ms
[2022-05-23T23:29:46.115+0000][161][gc,cpu      ] GC(13) User=0.01s Sys=0.00s Real=0.00s
[2022-05-23T23:29:46.116+0000][161][safepoint   ] Safepoint "G1Concurrent", Time since last: 30980000 ns, Reaching safepoint: 282600 ns, At safepoint: 3038100 ns, Total: 3320700 ns
[2022-05-23T23:29:46.116+0000][161][gc,marking  ] GC(13) Concurrent Mark 26.552ms
[2022-05-23T23:29:46.116+0000][161][gc,marking  ] GC(13) Concurrent Rebuild Remembered Sets
[2022-05-23T23:29:46.129+0000][161][gc,marking  ] GC(13) Concurrent Rebuild Remembered Sets 12.639ms
[2022-05-23T23:29:46.129+0000][161][gc,start    ] GC(13) Pause Cleanup
[2022-05-23T23:29:46.130+0000][161][gc          ] GC(13) Pause Cleanup 61M->61M(512M) 0.388ms
[2022-05-23T23:29:46.130+0000][161][gc,cpu      ] GC(13) User=0.01s Sys=0.00s Real=0.00s
[2022-05-23T23:29:46.130+0000][161][safepoint   ] Safepoint "G1Concurrent", Time since last: 13274600 ns, Reaching safepoint: 287000 ns, At safepoint: 743400 ns, Total: 1030400 ns
[2022-05-23T23:29:46.130+0000][161][gc,marking  ] GC(13) Concurrent Cleanup for Next Mark
[2022-05-23T23:29:46.131+0000][161][gc,marking  ] GC(13) Concurrent Cleanup for Next Mark 0.409ms
[2022-05-23T23:29:46.131+0000][161][gc          ] GC(13) Concurrent Mark Cycle 49.538ms
[2022-05-23T23:29:47.111+0000][161][safepoint   ] Safepoint "ICBufferFull", Time since last: 980612800 ns, Reaching safepoint: 256100 ns, At safepoint: 24300 ns, Total: 280400 ns
[2022-05-23T23:29:47.961+0000][161][safepoint   ] Safepoint "ICBufferFull", Time since last: 850213100 ns, Reaching safepoint: 372800 ns, At safepoint: 114500 ns, Total: 487300 ns
[2022-05-23T23:29:48.215+0000][161][safepoint   ] Safepoint "ICBufferFull", Time since last: 253216800 ns, Reaching safepoint: 178100 ns, At safepoint: 4900 ns, Total: 183000 ns
[2022-05-23T23:29:49.169+0000][161][safepoint   ] Safepoint "ICBufferFull", Time since last: 953816900 ns, Reaching safepoint: 186500 ns, At safepoint: 19000 ns, Total: 205500 ns
[2022-05-23T23:29:49.897+0000][161][gc,start    ] GC(14) Pause Young (Normal) (G1 Evacuation Pause)
[2022-05-23T23:29:49.897+0000][161][gc,task     ] GC(14) Using 10 workers of 10 for evacuation
[2022-05-23T23:29:49.898+0000][161][gc,age      ] GC(14) Desired survivor size 20971520 bytes, new threshold 3 (max threshold 15)
[2022-05-23T23:29:49.910+0000][161][gc,age      ] GC(14) Age table with threshold 3 (max threshold 15)
[2022-05-23T23:29:49.910+0000][161][gc,age      ] GC(14) - age   1:   13249264 bytes,   13249264 total
[2022-05-23T23:29:49.910+0000][161][gc,age      ] GC(14) - age   2:    3508864 bytes,   16758128 total
[2022-05-23T23:29:49.911+0000][161][gc,age      ] GC(14) - age   3:    5814784 bytes,   22572912 total
[2022-05-23T23:29:49.911+0000][161][gc,phases   ] GC(14)   Pre Evacuate Collection Set: 0.2ms
[2022-05-23T23:29:49.911+0000][161][gc,phases   ] GC(14)   Merge Heap Roots: 0.2ms
[2022-05-23T23:29:49.911+0000][161][gc,phases   ] GC(14)   Evacuate Collection Set: 10.1ms
[2022-05-23T23:29:49.911+0000][161][gc,phases   ] GC(14)   Post Evacuate Collection Set: 1.6ms
[2022-05-23T23:29:49.911+0000][161][gc,phases   ] GC(14)   Other: 1.4ms
[2022-05-23T23:29:49.912+0000][161][gc,heap     ] GC(14) Eden regions: 70->0(70)
[2022-05-23T23:29:49.912+0000][161][gc,heap     ] GC(14) Survivor regions: 6->6(10)
[2022-05-23T23:29:49.912+0000][161][gc,heap     ] GC(14) Old regions: 8->12
[2022-05-23T23:29:49.912+0000][161][gc,heap     ] GC(14) Archive regions: 2->2
[2022-05-23T23:29:49.912+0000][161][gc,heap     ] GC(14) Humongous regions: 0->0
[2022-05-23T23:29:49.912+0000][161][gc,metaspace] GC(14) Metaspace: 91976K(93504K)->91976K(93504K) NonClass: 79060K(80000K)->79060K(80000K) Class: 12915K(13504K)->12915K(13504K)
[2022-05-23T23:29:49.913+0000][161][gc          ] GC(14) Pause Young (Normal) (G1 Evacuation Pause) 339M->72M(512M) 15.362ms
[2022-05-23T23:29:49.913+0000][161][gc,cpu      ] GC(14) User=0.13s Sys=0.00s Real=0.02s
[2022-05-23T23:29:49.913+0000][161][safepoint   ] Safepoint "G1CollectForAllocation", Time since last: 728047300 ns, Reaching safepoint: 235300 ns, At safepoint: 15826700 ns, Total: 16062000 ns
[2022-05-23T23:29:50.170+0000][161][safepoint   ] Safepoint "ICBufferFull", Time since last: 256518400 ns, Reaching safepoint: 195200 ns, At safepoint: 24000 ns, Total: 219200 ns
[2022-05-23T23:29:50.630+0000][161][gc,start    ] GC(15) Pause Young (Normal) (G1 Evacuation Pause)
[2022-05-23T23:29:50.630+0000][161][gc,task     ] GC(15) Using 10 workers of 10 for evacuation
[2022-05-23T23:29:50.630+0000][161][gc,age      ] GC(15) Desired survivor size 20971520 bytes, new threshold 3 (max threshold 15)
[2022-05-23T23:29:50.640+0000][161][gc,age      ] GC(15) Age table with threshold 3 (max threshold 15)
[2022-05-23T23:29:50.640+0000][161][gc,age      ] GC(15) - age   1:    3120728 bytes,    3120728 total
[2022-05-23T23:29:50.640+0000][161][gc,age      ] GC(15) - age   2:   12188640 bytes,   15309368 total
[2022-05-23T23:29:50.640+0000][161][gc,age      ] GC(15) - age   3:    3506208 bytes,   18815576 total
[2022-05-23T23:29:50.640+0000][161][gc,phases   ] GC(15)   Pre Evacuate Collection Set: 0.2ms
[2022-05-23T23:29:50.640+0000][161][gc,phases   ] GC(15)   Merge Heap Roots: 0.2ms
[2022-05-23T23:29:50.640+0000][161][gc,phases   ] GC(15)   Evacuate Collection Set: 8.0ms
[2022-05-23T23:29:50.641+0000][161][gc,phases   ] GC(15)   Post Evacuate Collection Set: 1.1ms
[2022-05-23T23:29:50.641+0000][161][gc,phases   ] GC(15)   Other: 1.3ms
[2022-05-23T23:29:50.641+0000][161][gc,heap     ] GC(15) Eden regions: 70->0(70)
[2022-05-23T23:29:50.641+0000][161][gc,heap     ] GC(15) Survivor regions: 6->6(10)
[2022-05-23T23:29:50.641+0000][161][gc,heap     ] GC(15) Old regions: 12->13
[2022-05-23T23:29:50.641+0000][161][gc,heap     ] GC(15) Archive regions: 2->2
[2022-05-23T23:29:50.641+0000][161][gc,heap     ] GC(15) Humongous regions: 6->6
[2022-05-23T23:29:50.642+0000][161][gc,metaspace] GC(15) Metaspace: 93135K(94656K)->93135K(94656K) NonClass: 80059K(80960K)->80059K(80960K) Class: 13076K(13696K)->13076K(13696K)
[2022-05-23T23:29:50.642+0000][161][gc          ] GC(15) Pause Young (Normal) (G1 Evacuation Pause) 376M->99M(512M) 12.127ms
[2022-05-23T23:29:50.642+0000][161][gc,cpu      ] GC(15) User=0.09s Sys=0.00s Real=0.02s
[2022-05-23T23:29:50.642+0000][161][safepoint   ] Safepoint "G1CollectForAllocation", Time since last: 459577100 ns, Reaching safepoint: 219900 ns, At safepoint: 12535900 ns, Total: 12755800 ns
[2022-05-23T23:29:51.497+0000][161][safepoint   ] Safepoint "ICBufferFull", Time since last: 855128400 ns, Reaching safepoint: 180300 ns, At safepoint: 17900 ns, Total: 198200 ns
[2022-05-23T23:29:52.545+0000][161][safepoint   ] Safepoint "Cleanup", Time since last: 1000287600 ns, Reaching safepoint: 47588500 ns, At safepoint: 65800 ns, Total: 47654300 ns
[2022-05-23T23:29:54.498+0000][161][safepoint   ] Safepoint "Cleanup", Time since last: 1952810900 ns, Reaching safepoint: 183400 ns, At safepoint: 5600 ns, Total: 189000 ns
[2022-05-23T23:29:55.499+0000][161][safepoint   ] Safepoint "Cleanup", Time since last: 1000298000 ns, Reaching safepoint: 188300 ns, At safepoint: 5500 ns, Total: 193800 ns
[2022-05-23T23:29:56.499+0000][161][safepoint   ] Safepoint "Cleanup", Time since last: 1000369800 ns, Reaching safepoint: 207300 ns, At safepoint: 5900 ns, Total: 213200 ns
[2022-05-23T23:30:01.500+0000][161][safepoint   ] Safepoint "Cleanup", Time since last: 5000838000 ns, Reaching safepoint: 203500 ns, At safepoint: 6000 ns, Total: 209500 ns
[2022-05-23T23:30:02.501+0000][161][safepoint   ] Safepoint "Cleanup", Time since last: 1000360200 ns, Reaching safepoint: 176900 ns, At safepoint: 5400 ns, Total: 182300 ns
[2022-05-23T23:30:07.502+0000][161][safepoint   ] Safepoint "Cleanup", Time since last: 5000785000 ns, Reaching safepoint: 282000 ns, At safepoint: 8600 ns, Total: 290600 ns
[2022-05-23T23:30:14.503+0000][161][safepoint   ] Safepoint "Cleanup", Time since last: 7000956000 ns, Reaching safepoint: 209300 ns, At safepoint: 6800 ns, Total: 216100 ns
[2022-05-23T23:30:15.504+0000][161][safepoint   ] Safepoint "Cleanup", Time since last: 1000521000 ns, Reaching safepoint: 221800 ns, At safepoint: 7000 ns, Total: 228800 ns
[2022-05-23T23:30:16.505+0000][161][safepoint   ] Safepoint "Cleanup", Time since last: 1000321900 ns, Reaching safepoint: 237900 ns, At safepoint: 8200 ns, Total: 246100 ns
[2022-05-23T23:30:19.505+0000][161][safepoint   ] Safepoint "Cleanup", Time since last: 3000613400 ns, Reaching safepoint: 195400 ns, At safepoint: 8100 ns, Total: 203500 ns
[2022-05-23T23:30:20.506+0000][161][safepoint   ] Safepoint "Cleanup", Time since last: 1000331500 ns, Reaching safepoint: 178800 ns, At safepoint: 6700 ns, Total: 185500 ns
[2022-05-23T23:30:21.506+0000][161][safepoint   ] Safepoint "Cleanup", Time since last: 1000265700 ns, Reaching safepoint: 220000 ns, At safepoint: 8200 ns, Total: 228200 ns
[2022-05-23T23:30:23.507+0000][161][safepoint   ] Safepoint "Cleanup", Time since last: 2000523400 ns, Reaching safepoint: 225500 ns, At safepoint: 5800 ns, Total: 231300 ns
[2022-05-23T23:30:24.508+0000][161][safepoint   ] Safepoint "Cleanup", Time since last: 1000502200 ns, Reaching safepoint: 196200 ns, At safepoint: 6500 ns, Total: 202700 ns
[2022-05-23T23:30:25.844+0000][161][safepoint   ] Safepoint "Cleanup", Time since last: 1335599700 ns, Reaching safepoint: 230500 ns, At safepoint: 5500 ns, Total: 236000 ns
[2022-05-23T23:30:27.913+0000][161][safepoint   ] Safepoint "Cleanup", Time since last: 2069567700 ns, Reaching safepoint: 173500 ns, At safepoint: 17500 ns, Total: 191000 ns
[2022-05-23T23:30:28.914+0000][161][safepoint   ] Safepoint "Cleanup", Time since last: 1000336200 ns, Reaching safepoint: 265900 ns, At safepoint: 6200 ns, Total: 272100 ns
[2022-05-23T23:30:29.915+0000][161][safepoint   ] Safepoint "Cleanup", Time since last: 1000505300 ns, Reaching safepoint: 280000 ns, At safepoint: 6500 ns, Total: 286500 ns
[2022-05-23T23:30:32.916+0000][161][safepoint   ] Safepoint "Cleanup", Time since last: 3000684100 ns, Reaching safepoint: 186500 ns, At safepoint: 6600 ns, Total: 193100 ns
[2022-05-23T23:30:33.916+0000][161][safepoint   ] Safepoint "Cleanup", Time since last: 1000533600 ns, Reaching safepoint: 236000 ns, At safepoint: 8000 ns, Total: 244000 ns
[2022-05-23T23:30:34.917+0000][161][safepoint   ] Safepoint "Cleanup", Time since last: 1000406900 ns, Reaching safepoint: 175500 ns, At safepoint: 6400 ns, Total: 181900 ns
[2022-05-23T23:30:35.918+0000][161][safepoint   ] Safepoint "Cleanup", Time since last: 1000570300 ns, Reaching safepoint: 183300 ns, At safepoint: 6700 ns, Total: 190000 ns
[2022-05-23T23:30:40.919+0000][161][safepoint   ] Safepoint "Cleanup", Time since last: 5000866000 ns, Reaching safepoint: 303000 ns, At safepoint: 6200 ns, Total: 309200 ns
[2022-05-23T23:30:41.920+0000][161][safepoint   ] Safepoint "Cleanup", Time since last: 1000489400 ns, Reaching safepoint: 275100 ns, At safepoint: 19900 ns, Total: 295000 ns
[2022-05-23T23:30:46.921+0000][161][safepoint   ] Safepoint "Cleanup", Time since last: 5000829300 ns, Reaching safepoint: 225500 ns, At safepoint: 5400 ns, Total: 230900 ns
[2022-05-23T23:30:47.922+0000][161][safepoint   ] Safepoint "Cleanup", Time since last: 1000493400 ns, Reaching safepoint: 314400 ns, At safepoint: 7700 ns, Total: 322100 ns
[2022-05-23T23:30:50.923+0000][161][safepoint   ] Safepoint "Cleanup", Time since last: 3000741700 ns, Reaching safepoint: 183900 ns, At safepoint: 6000 ns, Total: 189900 ns
[2022-05-23T23:30:57.924+0000][161][safepoint   ] Safepoint "Cleanup", Time since last: 7001125500 ns, Reaching safepoint: 261900 ns, At safepoint: 5500 ns, Total: 267400 ns
[2022-05-23T23:31:16.927+0000][161][safepoint   ] Safepoint "Cleanup", Time since last: 19002656800 ns, Reaching safepoint: 184800 ns, At safepoint: 6000 ns, Total: 190800 ns
[2022-05-23T23:31:17.927+0000][161][safepoint   ] Safepoint "Cleanup", Time since last: 1000444000 ns, Reaching safepoint: 227800 ns, At safepoint: 5800 ns, Total: 233600 ns
[2022-05-23T23:31:19.928+0000][161][safepoint   ] Safepoint "Cleanup", Time since last: 2000426000 ns, Reaching safepoint: 241200 ns, At safepoint: 6100 ns, Total: 247300 ns
[2022-05-23T23:31:20.929+0000][161][safepoint   ] Safepoint "Cleanup", Time since last: 1000511600 ns, Reaching safepoint: 207200 ns, At safepoint: 31900 ns, Total: 239100 ns
[2022-05-23T23:31:24.930+0000][161][safepoint   ] Safepoint "Cleanup", Time since last: 4000831500 ns, Reaching safepoint: 239400 ns, At safepoint: 21900 ns, Total: 261300 ns
[2022-05-23T23:31:46.164+0000][161][safepoint   ] Safepoint "Cleanup", Time since last: 21233973500 ns, Reaching safepoint: 223800 ns, At safepoint: 7800 ns, Total: 231600 ns
[2022-05-23T23:31:51.165+0000][161][safepoint   ] Safepoint "Cleanup", Time since last: 5000863600 ns, Reaching safepoint: 186000 ns, At safepoint: 5800 ns, Total: 191800 ns
[2022-05-23T23:31:52.882+0000][161][safepoint   ] Safepoint "Cleanup", Time since last: 1716461100 ns, Reaching safepoint: 179300 ns, At safepoint: 23700 ns, Total: 203000 ns
[2022-05-23T23:31:54.870+0000][161][safepoint   ] Safepoint "Cleanup", Time since last: 1987751400 ns, Reaching safepoint: 254100 ns, At safepoint: 5200 ns, Total: 259300 ns
[2022-05-23T23:31:56.871+0000][161][safepoint   ] Safepoint "Cleanup", Time since last: 2000494100 ns, Reaching safepoint: 179100 ns, At safepoint: 6300 ns, Total: 185400 ns
[2022-05-23T23:32:00.872+0000][161][safepoint   ] Safepoint "Cleanup", Time since last: 4000878200 ns, Reaching safepoint: 179500 ns, At safepoint: 5500 ns, Total: 185000 ns
[2022-05-23T23:32:05.873+0000][161][safepoint   ] Safepoint "Cleanup", Time since last: 5000919700 ns, Reaching safepoint: 170200 ns, At safepoint: 5600 ns, Total: 175800 ns
[2022-05-23T23:32:15.875+0000][161][safepoint   ] Safepoint "Cleanup", Time since last: 10001563500 ns, Reaching safepoint: 201300 ns, At safepoint: 8300 ns, Total: 209600 ns
[2022-05-23T23:32:19.875+0000][161][safepoint   ] Safepoint "Cleanup", Time since last: 4000602100 ns, Reaching safepoint: 212100 ns, At safepoint: 19000 ns, Total: 231100 ns
[2022-05-23T23:32:20.876+0000][161][safepoint   ] Safepoint "Cleanup", Time since last: 1000550900 ns, Reaching safepoint: 234100 ns, At safepoint: 5400 ns, Total: 239500 ns
[2022-05-23T23:32:21.877+0000][161][safepoint   ] Safepoint "Cleanup", Time since last: 1000528800 ns, Reaching safepoint: 270300 ns, At safepoint: 20300 ns, Total: 290600 ns
[2022-05-23T23:32:24.878+0000][161][safepoint   ] Safepoint "Cleanup", Time since last: 3000624200 ns, Reaching safepoint: 235000 ns, At safepoint: 5200 ns, Total: 240200 ns
[2022-05-23T23:32:28.879+0000][161][safepoint   ] Safepoint "Cleanup", Time since last: 4000657300 ns, Reaching safepoint: 188800 ns, At safepoint: 5800 ns, Total: 194600 ns
[2022-05-23T23:32:43.881+0000][161][safepoint   ] Safepoint "Cleanup", Time since last: 15001953600 ns, Reaching safepoint: 220300 ns, At safepoint: 20800 ns, Total: 241100 ns
[2022-05-23T23:32:47.882+0000][161][safepoint   ] Safepoint "Cleanup", Time since last: 4000662500 ns, Reaching safepoint: 255400 ns, At safepoint: 6500 ns, Total: 261900 ns
[2022-05-23T23:32:50.883+0000][161][safepoint   ] Safepoint "Cleanup", Time since last: 3000597900 ns, Reaching safepoint: 186900 ns, At safepoint: 6600 ns, Total: 193500 ns
[2022-05-23T23:32:52.883+0000][161][safepoint   ] Safepoint "Cleanup", Time since last: 2000399800 ns, Reaching safepoint: 191500 ns, At safepoint: 6500 ns, Total: 198000 ns
[2022-05-23T23:33:15.887+0000][161][safepoint   ] Safepoint "Cleanup", Time since last: 23003038800 ns, Reaching safepoint: 448500 ns, At safepoint: 7700 ns, Total: 456200 ns
[2022-05-23T23:33:19.888+0000][161][safepoint   ] Safepoint "Cleanup", Time since last: 4000793100 ns, Reaching safepoint: 195900 ns, At safepoint: 6900 ns, Total: 202800 ns
[2022-05-23T23:33:40.891+0000][161][safepoint   ] Safepoint "Cleanup", Time since last: 21002692400 ns, Reaching safepoint: 221700 ns, At safepoint: 5800 ns, Total: 227500 ns
[2022-05-23T23:34:12.895+0000][161][safepoint   ] Safepoint "Cleanup", Time since last: 32004267500 ns, Reaching safepoint: 290700 ns, At safepoint: 22800 ns, Total: 313500 ns
[2022-05-23T23:34:13.896+0000][161][safepoint   ] Safepoint "Cleanup", Time since last: 1000426300 ns, Reaching safepoint: 251700 ns, At safepoint: 5400 ns, Total: 257100 ns
[2022-05-23T23:34:14.897+0000][161][safepoint   ] Safepoint "Cleanup", Time since last: 1000457600 ns, Reaching safepoint: 299100 ns, At safepoint: 8500 ns, Total: 307600 ns
[2022-05-23T23:34:47.901+0000][161][safepoint   ] Safepoint "Cleanup", Time since last: 33004062100 ns, Reaching safepoint: 185100 ns, At safepoint: 7700 ns, Total: 192800 ns
[2022-05-23T23:34:49.901+0000][161][safepoint   ] Safepoint "Cleanup", Time since last: 2000381700 ns, Reaching safepoint: 192700 ns, At safepoint: 5900 ns, Total: 198600 ns
[2022-05-23T23:34:54.902+0000][161][safepoint   ] Safepoint "Cleanup", Time since last: 5000799400 ns, Reaching safepoint: 186000 ns, At safepoint: 6700 ns, Total: 192700 ns
[2022-05-23T23:34:55.903+0000][161][safepoint   ] Safepoint "Cleanup", Time since last: 1000388400 ns, Reaching safepoint: 272200 ns, At safepoint: 8800 ns, Total: 281000 ns
[2022-05-23T23:35:40.910+0000][161][safepoint   ] Safepoint "Cleanup", Time since last: 45005764300 ns, Reaching safepoint: 220300 ns, At safepoint: 20000 ns, Total: 240300 ns
[2022-05-23T23:35:41.911+0000][161][safepoint   ] Safepoint "Cleanup", Time since last: 1000347700 ns, Reaching safepoint: 250700 ns, At safepoint: 6900 ns, Total: 257600 ns
[2022-05-23T23:35:49.912+0000][161][safepoint   ] Safepoint "Cleanup", Time since last: 8001345200 ns, Reaching safepoint: 340700 ns, At safepoint: 5600 ns, Total: 346300 ns
[2022-05-23T23:35:52.913+0000][161][safepoint   ] Safepoint "Cleanup", Time since last: 3000633500 ns, Reaching safepoint: 174200 ns, At safepoint: 5800 ns, Total: 180000 ns
[2022-05-23T23:36:39.922+0000][161][safepoint   ] Safepoint "Cleanup", Time since last: 47006161700 ns, Reaching safepoint: 213200 ns, At safepoint: 22300 ns, Total: 235500 ns
[2022-05-23T23:36:50.924+0000][161][safepoint   ] Safepoint "Cleanup", Time since last: 11001574800 ns, Reaching safepoint: 429200 ns, At safepoint: 8000 ns, Total: 437200 ns
[2022-05-23T23:36:52.925+0000][161][safepoint   ] Safepoint "Cleanup", Time since last: 2000620000 ns, Reaching safepoint: 168800 ns, At safepoint: 6000 ns, Total: 174800 ns
[2022-05-23T23:37:02.926+0000][161][safepoint   ] Safepoint "Cleanup", Time since last: 10001375800 ns, Reaching safepoint: 228300 ns, At safepoint: 6100 ns, Total: 234400 ns
[2022-05-23T23:37:14.929+0000][161][safepoint   ] Safepoint "Cleanup", Time since last: 12001677400 ns, Reaching safepoint: 278600 ns, At safepoint: 5500 ns, Total: 284100 ns
[2022-05-23T23:37:19.930+0000][161][safepoint   ] Safepoint "Cleanup", Time since last: 5000839300 ns, Reaching safepoint: 235000 ns, At safepoint: 5900 ns, Total: 240900 ns
[2022-05-23T23:37:20.931+0000][161][safepoint   ] Safepoint "Cleanup", Time since last: 1000510300 ns, Reaching safepoint: 279000 ns, At safepoint: 5500 ns, Total: 284500 ns
[2022-05-23T23:37:23.932+0000][161][safepoint   ] Safepoint "Cleanup", Time since last: 3000790300 ns, Reaching safepoint: 383600 ns, At safepoint: 7500 ns, Total: 391100 ns
[2022-05-23T23:37:34.936+0000][161][safepoint   ] Safepoint "Cleanup", Time since last: 11001854400 ns, Reaching safepoint: 278000 ns, At safepoint: 25900 ns, Total: 303900 ns
[2022-05-23T23:37:41.937+0000][161][safepoint   ] Safepoint "Cleanup", Time since last: 7001281100 ns, Reaching safepoint: 178200 ns, At safepoint: 7500 ns, Total: 185700 ns
[2022-05-23T23:37:49.939+0000][161][safepoint   ] Safepoint "Cleanup", Time since last: 8001276400 ns, Reaching safepoint: 317100 ns, At safepoint: 8400 ns, Total: 325500 ns
[2022-05-23T23:37:55.940+0000][161][safepoint   ] Safepoint "Cleanup", Time since last: 6001066400 ns, Reaching safepoint: 201100 ns, At safepoint: 28900 ns, Total: 230000 ns
[2022-05-23T23:38:42.949+0000][161][safepoint   ] Safepoint "Cleanup", Time since last: 47006176700 ns, Reaching safepoint: 179000 ns, At safepoint: 6900 ns, Total: 185900 ns
[2022-05-23T23:39:02.952+0000][161][safepoint   ] Safepoint "Cleanup", Time since last: 20002833900 ns, Reaching safepoint: 183600 ns, At safepoint: 8100 ns, Total: 191700 ns
[2022-05-23T23:39:19.956+0000][161][safepoint   ] Safepoint "Cleanup", Time since last: 17002108100 ns, Reaching safepoint: 214500 ns, At safepoint: 7600 ns, Total: 222100 ns
[2022-05-23T23:39:20.956+0000][161][safepoint   ] Safepoint "Cleanup", Time since last: 1000338700 ns, Reaching safepoint: 327600 ns, At safepoint: 21600 ns, Total: 349200 ns
[2022-05-23T23:39:40.960+0000][161][safepoint   ] Safepoint "Cleanup", Time since last: 20002824400 ns, Reaching safepoint: 203300 ns, At safepoint: 5400 ns, Total: 208700 ns
[2022-05-23T23:39:49.962+0000][161][safepoint   ] Safepoint "Cleanup", Time since last: 9001564300 ns, Reaching safepoint: 233500 ns, At safepoint: 5700 ns, Total: 239200 ns
[2022-05-23T23:39:50.963+0000][161][safepoint   ] Safepoint "Cleanup", Time since last: 1000537800 ns, Reaching safepoint: 279400 ns, At safepoint: 22400 ns, Total: 301800 ns
[2022-05-23T23:40:02.965+0000][161][safepoint   ] Safepoint "Cleanup", Time since last: 12001758600 ns, Reaching safepoint: 270100 ns, At safepoint: 6700 ns, Total: 276800 ns
[2022-05-23T23:40:05.967+0000][161][safepoint   ] Safepoint "Cleanup", Time since last: 3000645800 ns, Reaching safepoint: 172000 ns, At safepoint: 6500 ns, Total: 178500 ns
[2022-05-23T23:40:10.968+0000][161][safepoint   ] Safepoint "Cleanup", Time since last: 5000893200 ns, Reaching safepoint: 237400 ns, At safepoint: 5700 ns, Total: 243100 ns
[2022-05-23T23:40:50.975+0000][161][safepoint   ] Safepoint "Cleanup", Time since last: 40005643100 ns, Reaching safepoint: 286100 ns, At safepoint: 23100 ns, Total: 309200 ns
[2022-05-23T23:41:19.979+0000][161][safepoint   ] Safepoint "Cleanup", Time since last: 29003792000 ns, Reaching safepoint: 316300 ns, At safepoint: 20700 ns, Total: 337000 ns
[2022-05-23T23:41:21.980+0000][161][safepoint   ] Safepoint "Cleanup", Time since last: 2000606600 ns, Reaching safepoint: 331600 ns, At safepoint: 20100 ns, Total: 351700 ns
[2022-05-23T23:42:19.987+0000][161][safepoint   ] Safepoint "Cleanup", Time since last: 58007493800 ns, Reaching safepoint: 294900 ns, At safepoint: 5700 ns, Total: 300600 ns
[2022-05-23T23:42:50.992+0000][161][safepoint   ] Safepoint "Cleanup", Time since last: 31004119700 ns, Reaching safepoint: 239300 ns, At safepoint: 19900 ns, Total: 259200 ns
[2022-05-23T23:43:15.996+0000][161][safepoint   ] Safepoint "Cleanup", Time since last: 25003555900 ns, Reaching safepoint: 176700 ns, At safepoint: 6100 ns, Total: 182800 ns
[2022-05-23T23:43:19.997+0000][161][safepoint   ] Safepoint "Cleanup", Time since last: 4000769200 ns, Reaching safepoint: 303700 ns, At safepoint: 23200 ns, Total: 326900 ns
[2022-05-23T23:43:20.998+0000][161][safepoint   ] Safepoint "Cleanup", Time since last: 1000500400 ns, Reaching safepoint: 269400 ns, At safepoint: 5800 ns, Total: 275200 ns
[2022-05-23T23:43:51.001+0000][161][safepoint   ] Safepoint "Cleanup", Time since last: 30004044900 ns, Reaching safepoint: 196500 ns, At safepoint: 7400 ns, Total: 203900 ns
[2022-05-23T23:43:57.003+0000][161][safepoint   ] Safepoint "Cleanup", Time since last: 6001069300 ns, Reaching safepoint: 393700 ns, At safepoint: 7600 ns, Total: 401300 ns
[2022-05-23T23:44:10.005+0000][161][safepoint   ] Safepoint "Cleanup", Time since last: 13001844900 ns, Reaching safepoint: 223400 ns, At safepoint: 8500 ns, Total: 231900 ns
[2022-05-23T23:44:20.007+0000][161][safepoint   ] Safepoint "Cleanup", Time since last: 10001282700 ns, Reaching safepoint: 211600 ns, At safepoint: 6600 ns, Total: 218200 ns
[2022-05-23T23:44:21.007+0000][161][safepoint   ] Safepoint "Cleanup", Time since last: 1000316300 ns, Reaching safepoint: 189900 ns, At safepoint: 6200 ns, Total: 196100 ns
[2022-05-23T23:44:49.011+0000][161][safepoint   ] Safepoint "Cleanup", Time since last: 28003439200 ns, Reaching safepoint: 312500 ns, At safepoint: 19900 ns, Total: 332400 ns
[2022-05-23T23:44:50.012+0000][161][safepoint   ] Safepoint "Cleanup", Time since last: 1000580300 ns, Reaching safepoint: 271700 ns, At safepoint: 6500 ns, Total: 278200 ns
[2022-05-23T23:45:11.015+0000][161][safepoint   ] Safepoint "Cleanup", Time since last: 21002924100 ns, Reaching safepoint: 270500 ns, At safepoint: 25500 ns, Total: 296000 ns
[2022-05-23T23:45:20.017+0000][161][safepoint   ] Safepoint "Cleanup", Time since last: 9001560300 ns, Reaching safepoint: 303600 ns, At safepoint: 9300 ns, Total: 312900 ns
[2022-05-23T23:45:50.021+0000][161][safepoint   ] Safepoint "Cleanup", Time since last: 30003980600 ns, Reaching safepoint: 189500 ns, At safepoint: 8200 ns, Total: 197700 ns
[2022-05-23T23:46:01.023+0000][161][safepoint   ] Safepoint "Cleanup", Time since last: 11001733400 ns, Reaching safepoint: 195400 ns, At safepoint: 5800 ns, Total: 201200 ns
[2022-05-23T23:46:21.026+0000][161][safepoint   ] Safepoint "Cleanup", Time since last: 20002926500 ns, Reaching safepoint: 236900 ns, At safepoint: 6100 ns, Total: 243000 ns
[2022-05-23T23:48:15.040+0000][161][safepoint   ] Safepoint "Cleanup", Time since last: 114013813200 ns, Reaching safepoint: 273000 ns, At safepoint: 7000 ns, Total: 280000 ns
[2022-05-23T23:48:50.045+0000][161][safepoint   ] Safepoint "Cleanup", Time since last: 35004255400 ns, Reaching safepoint: 256200 ns, At safepoint: 5600 ns, Total: 261800 ns
[2022-05-23T23:49:50.053+0000][161][safepoint   ] Safepoint "Cleanup", Time since last: 60007490900 ns, Reaching safepoint: 189600 ns, At safepoint: 6000 ns, Total: 195600 ns
[2022-05-23T23:49:51.053+0000][161][safepoint   ] Safepoint "Cleanup", Time since last: 1000287000 ns, Reaching safepoint: 229700 ns, At safepoint: 5900 ns, Total: 235600 ns
[2022-05-23T23:49:53.054+0000][161][safepoint   ] Safepoint "Cleanup", Time since last: 2000503200 ns, Reaching safepoint: 345000 ns, At safepoint: 26400 ns, Total: 371400 ns
[2022-05-23T23:49:55.055+0000][161][safepoint   ] Safepoint "Cleanup", Time since last: 2000651500 ns, Reaching safepoint: 316500 ns, At safepoint: 7700 ns, Total: 324200 ns
[2022-05-23T23:50:20.059+0000][161][safepoint   ] Safepoint "Cleanup", Time since last: 25003130400 ns, Reaching safepoint: 292400 ns, At safepoint: 5900 ns, Total: 298300 ns
[2022-05-23T23:50:50.063+0000][161][safepoint   ] Safepoint "Cleanup", Time since last: 30003748800 ns, Reaching safepoint: 274600 ns, At safepoint: 6200 ns, Total: 280800 ns
[2022-05-23T23:50:51.063+0000][161][safepoint   ] Safepoint "Cleanup", Time since last: 1000429100 ns, Reaching safepoint: 286700 ns, At safepoint: 5500 ns, Total: 292200 ns
[2022-05-23T23:51:21.068+0000][161][safepoint   ] Safepoint "Cleanup", Time since last: 30004026800 ns, Reaching safepoint: 267900 ns, At safepoint: 5900 ns, Total: 273800 ns
[2022-05-23T23:51:23.069+0000][161][safepoint   ] Safepoint "Cleanup", Time since last: 2000617900 ns, Reaching safepoint: 252900 ns, At safepoint: 8000 ns, Total: 260900 ns
[2022-05-23T23:51:51.073+0000][161][safepoint   ] Safepoint "Cleanup", Time since last: 28003836300 ns, Reaching safepoint: 198300 ns, At safepoint: 5900 ns, Total: 204200 ns
[2022-05-23T23:52:20.077+0000][161][safepoint   ] Safepoint "Cleanup", Time since last: 29003602100 ns, Reaching safepoint: 271500 ns, At safepoint: 23600 ns, Total: 295100 ns
[2022-05-23T23:52:51.081+0000][161][safepoint   ] Safepoint "Cleanup", Time since last: 31003876000 ns, Reaching safepoint: 262000 ns, At safepoint: 21100 ns, Total: 283100 ns
[2022-05-23T23:52:58.083+0000][161][safepoint   ] Safepoint "Cleanup", Time since last: 7001281800 ns, Reaching safepoint: 226700 ns, At safepoint: 7100 ns, Total: 233800 ns
[2022-05-23T23:53:20.087+0000][161][safepoint   ] Safepoint "Cleanup", Time since last: 22003009200 ns, Reaching safepoint: 228500 ns, At safepoint: 19700 ns, Total: 248200 ns
[2022-05-23T23:54:20.097+0000][161][safepoint   ] Safepoint "Cleanup", Time since last: 60007797200 ns, Reaching safepoint: 188800 ns, At safepoint: 5300 ns, Total: 194100 ns
[2022-05-23T23:54:21.098+0000][161][safepoint   ] Safepoint "Cleanup", Time since last: 1000394300 ns, Reaching safepoint: 171300 ns, At safepoint: 5900 ns, Total: 177200 ns
[2022-05-23T23:55:42.111+0000][161][safepoint   ] Safepoint "Cleanup", Time since last: 81010402200 ns, Reaching safepoint: 246300 ns, At safepoint: 6000 ns, Total: 252300 ns
[2022-05-23T23:55:50.113+0000][161][safepoint   ] Safepoint "Cleanup", Time since last: 8001356900 ns, Reaching safepoint: 346400 ns, At safepoint: 10000 ns, Total: 356400 ns
[2022-05-23T23:56:51.123+0000][161][safepoint   ] Safepoint "Cleanup", Time since last: 61007870900 ns, Reaching safepoint: 194700 ns, At safepoint: 6500 ns, Total: 201200 ns
[2022-05-23T23:58:38.138+0000][161][safepoint   ] Safepoint "Cleanup", Time since last: 107013070300 ns, Reaching safepoint: 322800 ns, At safepoint: 5700 ns, Total: 328500 ns
[2022-05-23T23:58:50.140+0000][161][safepoint   ] Safepoint "Cleanup", Time since last: 12001908400 ns, Reaching safepoint: 245600 ns, At safepoint: 5300 ns, Total: 250900 ns
[2022-05-23T23:58:57.142+0000][161][safepoint   ] Safepoint "Cleanup", Time since last: 7001199100 ns, Reaching safepoint: 277000 ns, At safepoint: 7900 ns, Total: 284900 ns
[2022-05-23T23:59:50.149+0000][161][safepoint   ] Safepoint "Cleanup", Time since last: 53007023900 ns, Reaching safepoint: 315700 ns, At safepoint: 6000 ns, Total: 321700 ns
[2022-05-24T00:00:23.154+0000][161][safepoint   ] Safepoint "Cleanup", Time since last: 33004355800 ns, Reaching safepoint: 323900 ns, At safepoint: 32300 ns, Total: 356200 ns
[2022-05-24T00:01:20.162+0000][161][safepoint   ] Safepoint "Cleanup", Time since last: 57007144400 ns, Reaching safepoint: 305800 ns, At safepoint: 6100 ns, Total: 311900 ns
[2022-05-24T00:01:21.162+0000][161][safepoint   ] Safepoint "Cleanup", Time since last: 1000415800 ns, Reaching safepoint: 265600 ns, At safepoint: 7400 ns, Total: 273000 ns
[2022-05-24T00:01:50.166+0000][161][safepoint   ] Safepoint "Cleanup", Time since last: 29003992000 ns, Reaching safepoint: 193700 ns, At safepoint: 6800 ns, Total: 200500 ns
[2022-05-24T00:02:21.171+0000][161][safepoint   ] Safepoint "Cleanup", Time since last: 31004026700 ns, Reaching safepoint: 259900 ns, At safepoint: 20300 ns, Total: 280200 ns
[2022-05-24T00:03:20.178+0000][161][safepoint   ] Safepoint "Cleanup", Time since last: 59007285600 ns, Reaching safepoint: 198100 ns, At safepoint: 8400 ns, Total: 206500 ns
[2022-05-24T00:04:19.186+0000][161][safepoint   ] Safepoint "Cleanup", Time since last: 59007515500 ns, Reaching safepoint: 260400 ns, At safepoint: 21200 ns, Total: 281600 ns
[2022-05-24T00:05:49.197+0000][161][gc,start    ] GC(16) Pause Young (Normal) (G1 Evacuation Pause)
[2022-05-24T00:05:49.197+0000][161][gc,task     ] GC(16) Using 10 workers of 10 for evacuation
[2022-05-24T00:05:49.198+0000][161][gc,age      ] GC(16) Desired survivor size 20971520 bytes, new threshold 15 (max threshold 15)
[2022-05-24T00:05:49.222+0000][161][gc,age      ] GC(16) Age table with threshold 15 (max threshold 15)
[2022-05-24T00:05:49.222+0000][161][gc,age      ] GC(16) - age   1:    4012336 bytes,    4012336 total
[2022-05-24T00:05:49.222+0000][161][gc,age      ] GC(16) - age   2:    2297336 bytes,    6309672 total
[2022-05-24T00:05:49.222+0000][161][gc,age      ] GC(16) - age   3:   11944800 bytes,   18254472 total
[2022-05-24T00:05:49.223+0000][161][gc,age      ] GC(16) - age   4:    3503136 bytes,   21757608 total
[2022-05-24T00:05:49.223+0000][161][gc,phases   ] GC(16)   Pre Evacuate Collection Set: 0.4ms
[2022-05-24T00:05:49.223+0000][161][gc,phases   ] GC(16)   Merge Heap Roots: 0.2ms
[2022-05-24T00:05:49.224+0000][161][gc,phases   ] GC(16)   Evacuate Collection Set: 20.7ms
[2022-05-24T00:05:49.224+0000][161][gc,phases   ] GC(16)   Post Evacuate Collection Set: 2.3ms
[2022-05-24T00:05:49.224+0000][161][gc,phases   ] GC(16)   Other: 2.5ms
[2022-05-24T00:05:49.224+0000][161][gc,heap     ] GC(16) Eden regions: 70->0(70)
[2022-05-24T00:05:49.225+0000][161][gc,heap     ] GC(16) Survivor regions: 6->6(10)
[2022-05-24T00:05:49.225+0000][161][gc,heap     ] GC(16) Old regions: 13->13
[2022-05-24T00:05:49.225+0000][161][gc,heap     ] GC(16) Archive regions: 2->2
[2022-05-24T00:05:49.225+0000][161][gc,heap     ] GC(16) Humongous regions: 6->6
[2022-05-24T00:05:49.225+0000][161][gc,metaspace] GC(16) Metaspace: 98664K(100160K)->98664K(100160K) NonClass: 84880K(85824K)->84880K(85824K) Class: 13784K(14336K)->13784K(14336K)
[2022-05-24T00:05:49.225+0000][161][gc          ] GC(16) Pause Young (Normal) (G1 Evacuation Pause) 379M->101M(512M) 28.463ms
[2022-05-24T00:05:49.226+0000][161][gc,cpu      ] GC(16) User=0.14s Sys=0.02s Real=0.03s
[2022-05-24T00:05:49.226+0000][161][safepoint   ] Safepoint "G1CollectForAllocation", Time since last: 90010371600 ns, Reaching safepoint: 341300 ns, At safepoint: 28820400 ns, Total: 29161700 ns
[2022-05-24T00:06:04.228+0000][161][safepoint   ] Safepoint "Cleanup", Time since last: 15002108300 ns, Reaching safepoint: 325600 ns, At safepoint: 5600 ns, Total: 331200 ns
[2022-05-24T00:06:23.231+0000][161][safepoint   ] Safepoint "Cleanup", Time since last: 19002353400 ns, Reaching safepoint: 178800 ns, At safepoint: 6300 ns, Total: 185100 ns
[2022-05-24T00:09:50.255+0000][161][safepoint   ] Safepoint "Cleanup", Time since last: 207023510100 ns, Reaching safepoint: 349000 ns, At safepoint: 9200 ns, Total: 358200 ns
[2022-05-24T00:10:38.263+0000][161][safepoint   ] Safepoint "Cleanup", Time since last: 48006759200 ns, Reaching safepoint: 331000 ns, At safepoint: 26700 ns, Total: 357700 ns
[2022-05-24T00:11:51.274+0000][161][safepoint   ] Safepoint "Cleanup", Time since last: 73008803200 ns, Reaching safepoint: 214200 ns, At safepoint: 5600 ns, Total: 219800 ns
[2022-05-24T00:12:19.278+0000][161][safepoint   ] Safepoint "Cleanup", Time since last: 28003509100 ns, Reaching safepoint: 217000 ns, At safepoint: 8400 ns, Total: 225400 ns
[2022-05-24T00:14:34.298+0000][161][safepoint   ] Safepoint "Cleanup", Time since last: 135016289200 ns, Reaching safepoint: 405500 ns, At safepoint: 18200 ns, Total: 423700 ns
[2022-05-24T00:17:37.320+0000][161][safepoint   ] Safepoint "Cleanup", Time since last: 183021306200 ns, Reaching safepoint: 357500 ns, At safepoint: 7100 ns, Total: 364600 ns
[2022-05-24T00:17:49.322+0000][161][safepoint   ] Safepoint "Cleanup", Time since last: 12001982600 ns, Reaching safepoint: 291000 ns, At safepoint: 8100 ns, Total: 299100 ns
[2022-05-24T00:18:19.327+0000][161][safepoint   ] Safepoint "Cleanup", Time since last: 30003730900 ns, Reaching safepoint: 240600 ns, At safepoint: 7000 ns, Total: 247600 ns
[2022-05-24T00:18:21.327+0000][161][safepoint   ] Safepoint "Cleanup", Time since last: 2000597700 ns, Reaching safepoint: 251700 ns, At safepoint: 5900 ns, Total: 257600 ns
[2022-05-24T00:19:19.335+0000][161][safepoint   ] Safepoint "Cleanup", Time since last: 58007202300 ns, Reaching safepoint: 432400 ns, At safepoint: 7700 ns, Total: 440100 ns
[2022-05-24T00:19:49.339+0000][161][safepoint   ] Safepoint "Cleanup", Time since last: 30003656500 ns, Reaching safepoint: 241900 ns, At safepoint: 7000 ns, Total: 248900 ns
[2022-05-24T00:20:49.347+0000][161][safepoint   ] Safepoint "Cleanup", Time since last: 60007438300 ns, Reaching safepoint: 293200 ns, At safepoint: 6800 ns, Total: 300000 ns
[2022-05-24T00:20:59.349+0000][161][safepoint   ] Safepoint "Cleanup", Time since last: 10001601200 ns, Reaching safepoint: 243800 ns, At safepoint: 6200 ns, Total: 250000 ns
[2022-05-24T00:21:39.354+0000][161][safepoint   ] Safepoint "Cleanup", Time since last: 40005385800 ns, Reaching safepoint: 256400 ns, At safepoint: 6200 ns, Total: 262600 ns
[2022-05-24T00:22:26.361+0000][161][safepoint   ] Safepoint "Cleanup", Time since last: 47006055500 ns, Reaching safepoint: 285600 ns, At safepoint: 6100 ns, Total: 291700 ns
[2022-05-24T00:22:49.364+0000][161][safepoint   ] Safepoint "Cleanup", Time since last: 23003023700 ns, Reaching safepoint: 311400 ns, At safepoint: 9500 ns, Total: 320900 ns
[2022-05-24T00:23:19.368+0000][161][safepoint   ] Safepoint "Cleanup", Time since last: 30003828100 ns, Reaching safepoint: 203900 ns, At safepoint: 6100 ns, Total: 210000 ns
[2022-05-24T00:23:23.369+0000][161][safepoint   ] Safepoint "Cleanup", Time since last: 4000876300 ns, Reaching safepoint: 272400 ns, At safepoint: 6200 ns, Total: 278600 ns
[2022-05-24T00:23:49.373+0000][161][safepoint   ] Safepoint "Cleanup", Time since last: 26003359500 ns, Reaching safepoint: 197200 ns, At safepoint: 7500 ns, Total: 204700 ns
[2022-05-24T00:24:06.376+0000][161][safepoint   ] Safepoint "Cleanup", Time since last: 17002311400 ns, Reaching safepoint: 275900 ns, At safepoint: 6700 ns, Total: 282600 ns
[2022-05-24T00:24:19.378+0000][161][safepoint   ] Safepoint "Cleanup", Time since last: 13002017900 ns, Reaching safepoint: 303500 ns, At safepoint: 22000 ns, Total: 325500 ns
[2022-05-24T00:25:16.385+0000][161][safepoint   ] Safepoint "Cleanup", Time since last: 57007104300 ns, Reaching safepoint: 221500 ns, At safepoint: 6400 ns, Total: 227900 ns
[2022-05-24T00:25:26.387+0000][161][safepoint   ] Safepoint "Cleanup", Time since last: 10001612000 ns, Reaching safepoint: 196900 ns, At safepoint: 6100 ns, Total: 203000 ns
[2022-05-24T00:26:49.398+0000][161][safepoint   ] Safepoint "Cleanup", Time since last: 83010496200 ns, Reaching safepoint: 294700 ns, At safepoint: 7800 ns, Total: 302500 ns
[2022-05-24T00:26:51.399+0000][161][safepoint   ] Safepoint "Cleanup", Time since last: 2000571100 ns, Reaching safepoint: 297000 ns, At safepoint: 8700 ns, Total: 305700 ns
[2022-05-24T00:27:49.406+0000][161][safepoint   ] Safepoint "Cleanup", Time since last: 58007152500 ns, Reaching safepoint: 200900 ns, At safepoint: 6000 ns, Total: 206900 ns
[2022-05-24T00:28:19.410+0000][161][safepoint   ] Safepoint "Cleanup", Time since last: 30003590000 ns, Reaching safepoint: 262300 ns, At safepoint: 6300 ns, Total: 268600 ns
[2022-05-24T00:28:49.414+0000][161][safepoint   ] Safepoint "Cleanup", Time since last: 30003791300 ns, Reaching safepoint: 198700 ns, At safepoint: 6000 ns, Total: 204700 ns
[2022-05-24T00:28:56.415+0000][161][safepoint   ] Safepoint "Cleanup", Time since last: 7001372600 ns, Reaching safepoint: 245100 ns, At safepoint: 5700 ns, Total: 250800 ns
