[2022-04-29T06:04:09.447+0000][326][gc] Using G1
[2022-04-29T06:04:09.450+0000][326][gc,init] Version: 17.0.2+8 (release)
[2022-04-29T06:04:09.451+0000][326][gc,init] CPUs: 5 total, 5 available
[2022-04-29T06:04:09.452+0000][326][gc,init] Memory: 7851M
[2022-04-29T06:04:09.453+0000][326][gc,init] Large Page Support: Disabled
[2022-04-29T06:04:09.454+0000][326][gc,init] NUMA Support: Disabled
[2022-04-29T06:04:09.455+0000][326][gc,init] Compressed Oops: Enabled (32-bit)
[2022-04-29T06:04:09.456+0000][326][gc,init] Heap Region Size: 1M
[2022-04-29T06:04:09.456+0000][326][gc,init] Heap Min Capacity: 512M
[2022-04-29T06:04:09.457+0000][326][gc,init] Heap Initial Capacity: 512M
[2022-04-29T06:04:09.458+0000][326][gc,init] Heap Max Capacity: 512M
[2022-04-29T06:04:09.459+0000][326][gc,init] Pre-touch: Disabled
[2022-04-29T06:04:09.459+0000][326][gc,init] Parallel Workers: 5
[2022-04-29T06:04:09.460+0000][326][gc,init] Concurrent Workers: 1
[2022-04-29T06:04:09.461+0000][326][gc,init] Concurrent Refinement Workers: 5
[2022-04-29T06:04:09.461+0000][326][gc,init] Periodic GC: Disabled
[2022-04-29T06:04:09.462+0000][326][gc,metaspace] CDS archive(s) not mapped
[2022-04-29T06:04:09.462+0000][326][gc,metaspace] Compressed class space mapped at: 0x0000000100000000-0x0000000140000000, reserved size: 1073741824
[2022-04-29T06:04:09.463+0000][326][gc,metaspace] Narrow klass base: 0x0000000000000000, Narrow klass shift: 3, Narrow klass range: 0x140000000
[2022-04-29T06:04:09.504+0000][326][gc,heap,exit] Heap
[2022-04-29T06:04:09.505+0000][326][gc,heap,exit]  garbage-first heap   total 524288K, used 2048K [0x00000000e0000000, 0x0000000100000000)
[2022-04-29T06:04:09.506+0000][326][gc,heap,exit]   region size 1024K, 2 young (2048K), 0 survivors (0K)
[2022-04-29T06:04:09.507+0000][326][gc,heap,exit]  Metaspace       used 3481K, committed 3584K, reserved 1056768K
[2022-04-29T06:04:09.508+0000][326][gc,heap,exit]   class space    used 278K, committed 320K, reserved 1048576K
