[2022-04-29T04:13:38.526+0000][82][gc] Using G1
[2022-04-29T04:13:38.567+0000][82][gc,init] Version: 17.0.2+8 (release)
[2022-04-29T04:13:38.568+0000][82][gc,init] CPUs: 5 total, 5 available
[2022-04-29T04:13:38.569+0000][82][gc,init] Memory: 7851M
[2022-04-29T04:13:38.570+0000][82][gc,init] Large Page Support: Disabled
[2022-04-29T04:13:38.571+0000][82][gc,init] NUMA Support: Disabled
[2022-04-29T04:13:38.572+0000][82][gc,init] Compressed Oops: Enabled (32-bit)
[2022-04-29T04:13:38.572+0000][82][gc,init] Heap Region Size: 4M
[2022-04-29T04:13:38.573+0000][82][gc,init] Heap Min Capacity: 512M
[2022-04-29T04:13:38.574+0000][82][gc,init] Heap Initial Capacity: 512M
[2022-04-29T04:13:38.575+0000][82][gc,init] Heap Max Capacity: 512M
[2022-04-29T04:13:38.575+0000][82][gc,init] Pre-touch: Enabled
[2022-04-29T04:13:38.576+0000][82][gc,init] Parallel Workers: 5
[2022-04-29T04:13:38.577+0000][82][gc,init] Concurrent Workers: 1
[2022-04-29T04:13:38.578+0000][82][gc,init] Concurrent Refinement Workers: 5
[2022-04-29T04:13:38.578+0000][82][gc,init] Periodic GC: Disabled
[2022-04-29T04:13:38.580+0000][82][gc,metaspace] CDS archive(s) mapped at: [0x0000000800000000-0x0000000800bd2000-0x0000000800bd2000), size 12394496, SharedBaseAddress: 0x0000000800000000, ArchiveRelocationMode: 0.
[2022-04-29T04:13:38.580+0000][82][gc,metaspace] Compressed class space mapped at: 0x0000000800c00000-0x0000000840c00000, reserved size: 1073741824
[2022-04-29T04:13:38.581+0000][82][gc,metaspace] Narrow klass base: 0x0000000800000000, Narrow klass shift: 0, Narrow klass range: 0x100000000
[2022-04-29T04:13:38.707+0000][82][safepoint   ] Safepoint "ICBufferFull", Time since last: 121976375 ns, Reaching safepoint: 120792 ns, At safepoint: 7792 ns, Total: 128584 ns
[2022-04-29T04:13:38.762+0000][82][safepoint   ] Safepoint "ICBufferFull", Time since last: 55598791 ns, Reaching safepoint: 132667 ns, At safepoint: 3000 ns, Total: 135667 ns
[2022-04-29T04:13:38.896+0000][82][gc,start    ] GC(0) Pause Young (Normal) (G1 Evacuation Pause)
[2022-04-29T04:13:38.897+0000][82][gc,task     ] GC(0) Using 5 workers of 5 for evacuation
[2022-04-29T04:13:38.898+0000][82][gc,age      ] GC(0) Desired survivor size 2097152 bytes, new threshold 15 (max threshold 15)
[2022-04-29T04:13:38.902+0000][82][gc,age      ] GC(0) Age table with threshold 15 (max threshold 15)
[2022-04-29T04:13:38.904+0000][82][gc,age      ] GC(0) - age   1:    4186240 bytes,    4186240 total
[2022-04-29T04:13:38.906+0000][82][gc,phases   ] GC(0)   Pre Evacuate Collection Set: 0.1ms
[2022-04-29T04:13:38.906+0000][82][gc,phases   ] GC(0)   Merge Heap Roots: 0.1ms
[2022-04-29T04:13:38.907+0000][82][gc,phases   ] GC(0)   Evacuate Collection Set: 1.9ms
[2022-04-29T04:13:38.907+0000][82][gc,phases   ] GC(0)   Post Evacuate Collection Set: 0.8ms
[2022-04-29T04:13:38.908+0000][82][gc,phases   ] GC(0)   Other: 7.2ms
[2022-04-29T04:13:38.909+0000][82][gc,heap     ] GC(0) Eden regions: 6->0(5)
[2022-04-29T04:13:38.909+0000][82][gc,heap     ] GC(0) Survivor regions: 0->1(1)
[2022-04-29T04:13:38.910+0000][82][gc,heap     ] GC(0) Old regions: 0->1
[2022-04-29T04:13:38.911+0000][82][gc,heap     ] GC(0) Archive regions: 2->2
[2022-04-29T04:13:38.911+0000][82][gc,heap     ] GC(0) Humongous regions: 0->0
[2022-04-29T04:13:38.912+0000][82][gc,metaspace] GC(0) Metaspace: 8773K(8960K)->8773K(8960K) NonClass: 7730K(7808K)->7730K(7808K) Class: 1043K(1152K)->1043K(1152K)
[2022-04-29T04:13:38.913+0000][82][gc          ] GC(0) Pause Young (Normal) (G1 Evacuation Pause) 27M->8M(512M) 17.116ms
[2022-04-29T04:13:38.913+0000][82][gc,cpu      ] GC(0) User=0.01s Sys=0.00s Real=0.02s
[2022-04-29T04:13:38.914+0000][82][safepoint   ] Safepoint "G1CollectForAllocation", Time since last: 133045250 ns, Reaching safepoint: 134875 ns, At safepoint: 18284125 ns, Total: 18419000 ns
[2022-04-29T04:13:39.029+0000][82][safepoint   ] Safepoint "ICBufferFull", Time since last: 114924375 ns, Reaching safepoint: 112167 ns, At safepoint: 4083 ns, Total: 116250 ns
[2022-04-29T04:13:39.087+0000][82][gc,start    ] GC(1) Pause Young (Normal) (G1 Evacuation Pause)
[2022-04-29T04:13:39.090+0000][82][gc,task     ] GC(1) Using 5 workers of 5 for evacuation
[2022-04-29T04:13:39.090+0000][82][gc,age      ] GC(1) Desired survivor size 2097152 bytes, new threshold 1 (max threshold 15)
[2022-04-29T04:13:39.095+0000][82][gc,age      ] GC(1) Age table with threshold 1 (max threshold 15)
[2022-04-29T04:13:39.096+0000][82][gc,age      ] GC(1) - age   1:    1904424 bytes,    1904424 total
[2022-04-29T04:13:39.097+0000][82][gc,phases   ] GC(1)   Pre Evacuate Collection Set: 0.0ms
[2022-04-29T04:13:39.097+0000][82][gc,phases   ] GC(1)   Merge Heap Roots: 0.1ms
[2022-04-29T04:13:39.099+0000][82][gc,phases   ] GC(1)   Evacuate Collection Set: 2.6ms
[2022-04-29T04:13:39.099+0000][82][gc,phases   ] GC(1)   Post Evacuate Collection Set: 1.3ms
[2022-04-29T04:13:39.100+0000][82][gc,phases   ] GC(1)   Other: 5.7ms
[2022-04-29T04:13:39.101+0000][82][gc,heap     ] GC(1) Eden regions: 5->0(7)
[2022-04-29T04:13:39.102+0000][82][gc,heap     ] GC(1) Survivor regions: 1->1(1)
[2022-04-29T04:13:39.103+0000][82][gc,heap     ] GC(1) Old regions: 1->2
[2022-04-29T04:13:39.104+0000][82][gc,heap     ] GC(1) Archive regions: 2->2
[2022-04-29T04:13:39.106+0000][82][gc,heap     ] GC(1) Humongous regions: 0->0
[2022-04-29T04:13:39.107+0000][82][gc,metaspace] GC(1) Metaspace: 12133K(12352K)->12133K(12352K) NonClass: 10647K(10752K)->10647K(10752K) Class: 1485K(1600K)->1485K(1600K)
[2022-04-29T04:13:39.107+0000][82][gc          ] GC(1) Pause Young (Normal) (G1 Evacuation Pause) 28M->10M(512M) 20.194ms
[2022-04-29T04:13:39.108+0000][82][gc,cpu      ] GC(1) User=0.01s Sys=0.01s Real=0.02s
[2022-04-29T04:13:39.109+0000][82][safepoint   ] Safepoint "G1CollectForAllocation", Time since last: 57995208 ns, Reaching safepoint: 226417 ns, At safepoint: 21544542 ns, Total: 21770959 ns
[2022-04-29T04:13:39.328+0000][82][safepoint   ] Safepoint "ICBufferFull", Time since last: 219257375 ns, Reaching safepoint: 245042 ns, At safepoint: 8291 ns, Total: 253333 ns
[2022-04-29T04:13:39.366+0000][82][gc,start    ] GC(2) Pause Young (Normal) (G1 Evacuation Pause)
[2022-04-29T04:13:39.367+0000][82][gc,task     ] GC(2) Using 5 workers of 5 for evacuation
[2022-04-29T04:13:39.368+0000][82][gc,age      ] GC(2) Desired survivor size 2097152 bytes, new threshold 15 (max threshold 15)
[2022-04-29T04:13:39.372+0000][82][gc,age      ] GC(2) Age table with threshold 15 (max threshold 15)
[2022-04-29T04:13:39.373+0000][82][gc,age      ] GC(2) - age   1:    1020528 bytes,    1020528 total
[2022-04-29T04:13:39.374+0000][82][gc,age      ] GC(2) - age   2:    1887536 bytes,    2908064 total
[2022-04-29T04:13:39.375+0000][82][gc,phases   ] GC(2)   Pre Evacuate Collection Set: 0.0ms
[2022-04-29T04:13:39.376+0000][82][gc,phases   ] GC(2)   Merge Heap Roots: 0.0ms
[2022-04-29T04:13:39.377+0000][82][gc,phases   ] GC(2)   Evacuate Collection Set: 2.0ms
[2022-04-29T04:13:39.377+0000][82][gc,phases   ] GC(2)   Post Evacuate Collection Set: 0.7ms
[2022-04-29T04:13:39.378+0000][82][gc,phases   ] GC(2)   Other: 6.1ms
[2022-04-29T04:13:39.378+0000][82][gc,heap     ] GC(2) Eden regions: 7->0(27)
[2022-04-29T04:13:39.379+0000][82][gc,heap     ] GC(2) Survivor regions: 1->1(1)
[2022-04-29T04:13:39.379+0000][82][gc,heap     ] GC(2) Old regions: 2->2
[2022-04-29T04:13:39.380+0000][82][gc,heap     ] GC(2) Archive regions: 2->2
[2022-04-29T04:13:39.381+0000][82][gc,heap     ] GC(2) Humongous regions: 0->0
[2022-04-29T04:13:39.382+0000][82][gc,metaspace] GC(2) Metaspace: 14548K(14848K)->14548K(14848K) NonClass: 12814K(12992K)->12814K(12992K) Class: 1734K(1856K)->1734K(1856K)
[2022-04-29T04:13:39.382+0000][82][gc          ] GC(2) Pause Young (Normal) (G1 Evacuation Pause) 38M->11M(512M) 16.272ms
[2022-04-29T04:13:39.383+0000][82][gc,cpu      ] GC(2) User=0.01s Sys=0.00s Real=0.01s
[2022-04-29T04:13:39.384+0000][82][safepoint   ] Safepoint "G1CollectForAllocation", Time since last: 37961167 ns, Reaching safepoint: 50708 ns, At safepoint: 17749334 ns, Total: 17800042 ns
[2022-04-29T04:13:39.561+0000][82][safepoint   ] Safepoint "ICBufferFull", Time since last: 176485333 ns, Reaching safepoint: 148542 ns, At safepoint: 10833 ns, Total: 159375 ns
[2022-04-29T04:13:39.601+0000][82][safepoint   ] Safepoint "ICBufferFull", Time since last: 40791000 ns, Reaching safepoint: 93792 ns, At safepoint: 4125 ns, Total: 97917 ns
[2022-04-29T04:13:39.603+0000][82][safepoint   ] Safepoint "ICBufferFull", Time since last: 1187500 ns, Reaching safepoint: 21625 ns, At safepoint: 13666 ns, Total: 35291 ns
[2022-04-29T04:13:39.604+0000][82][safepoint   ] Safepoint "ICBufferFull", Time since last: 1410792 ns, Reaching safepoint: 66458 ns, At safepoint: 1667 ns, Total: 68125 ns
[2022-04-29T04:13:39.605+0000][82][safepoint   ] Safepoint "ICBufferFull", Time since last: 1318083 ns, Reaching safepoint: 30584 ns, At safepoint: 1333 ns, Total: 31917 ns
[2022-04-29T04:13:39.607+0000][82][safepoint   ] Safepoint "ICBufferFull", Time since last: 1774583 ns, Reaching safepoint: 29625 ns, At safepoint: 7209 ns, Total: 36834 ns
[2022-04-29T04:13:39.608+0000][82][safepoint   ] Safepoint "ICBufferFull", Time since last: 885833 ns, Reaching safepoint: 111375 ns, At safepoint: 2708 ns, Total: 114083 ns
[2022-04-29T04:13:39.609+0000][82][safepoint   ] Safepoint "ICBufferFull", Time since last: 1016875 ns, Reaching safepoint: 38167 ns, At safepoint: 1292 ns, Total: 39459 ns
[2022-04-29T04:13:39.612+0000][82][safepoint   ] Safepoint "ICBufferFull", Time since last: 2724833 ns, Reaching safepoint: 108792 ns, At safepoint: 2291 ns, Total: 111083 ns
[2022-04-29T04:13:39.613+0000][82][safepoint   ] Safepoint "ICBufferFull", Time since last: 1142500 ns, Reaching safepoint: 54042 ns, At safepoint: 2875 ns, Total: 56917 ns
[2022-04-29T04:13:39.614+0000][82][safepoint   ] Safepoint "ICBufferFull", Time since last: 932625 ns, Reaching safepoint: 42542 ns, At safepoint: 1500 ns, Total: 44042 ns
[2022-04-29T04:13:39.615+0000][82][safepoint   ] Safepoint "ICBufferFull", Time since last: 988375 ns, Reaching safepoint: 29791 ns, At safepoint: 1417 ns, Total: 31208 ns
[2022-04-29T04:13:39.647+0000][82][gc,start    ] GC(3) Pause Young (Normal) (G1 Evacuation Pause)
[2022-04-29T04:13:39.648+0000][82][gc,task     ] GC(3) Using 5 workers of 5 for evacuation
[2022-04-29T04:13:39.649+0000][82][gc,age      ] GC(3) Desired survivor size 8388608 bytes, new threshold 15 (max threshold 15)
[2022-04-29T04:13:39.653+0000][82][gc,age      ] GC(3) Age table with threshold 15 (max threshold 15)
[2022-04-29T04:13:39.654+0000][82][gc,age      ] GC(3) - age   1:    3218904 bytes,    3218904 total
[2022-04-29T04:13:39.655+0000][82][gc,age      ] GC(3) - age   2:     976640 bytes,    4195544 total
[2022-04-29T04:13:39.656+0000][82][gc,age      ] GC(3) - age   3:    1885904 bytes,    6081448 total
[2022-04-29T04:13:39.657+0000][82][gc,phases   ] GC(3)   Pre Evacuate Collection Set: 0.1ms
[2022-04-29T04:13:39.657+0000][82][gc,phases   ] GC(3)   Merge Heap Roots: 0.1ms
[2022-04-29T04:13:39.658+0000][82][gc,phases   ] GC(3)   Evacuate Collection Set: 3.0ms
[2022-04-29T04:13:39.659+0000][82][gc,phases   ] GC(3)   Post Evacuate Collection Set: 0.5ms
[2022-04-29T04:13:39.659+0000][82][gc,phases   ] GC(3)   Other: 5.9ms
[2022-04-29T04:13:39.660+0000][82][gc,heap     ] GC(3) Eden regions: 27->0(74)
[2022-04-29T04:13:39.660+0000][82][gc,heap     ] GC(3) Survivor regions: 1->2(4)
[2022-04-29T04:13:39.661+0000][82][gc,heap     ] GC(3) Old regions: 2->2
[2022-04-29T04:13:39.661+0000][82][gc,heap     ] GC(3) Archive regions: 2->2
[2022-04-29T04:13:39.662+0000][82][gc,heap     ] GC(3) Humongous regions: 0->0
[2022-04-29T04:13:39.662+0000][82][gc,metaspace] GC(3) Metaspace: 17024K(17280K)->17024K(17280K) NonClass: 15004K(15168K)->15004K(15168K) Class: 2019K(2112K)->2019K(2112K)
[2022-04-29T04:13:39.663+0000][82][gc          ] GC(3) Pause Young (Normal) (G1 Evacuation Pause) 119M->14M(512M) 16.127ms
[2022-04-29T04:13:39.664+0000][82][gc,cpu      ] GC(3) User=0.02s Sys=0.00s Real=0.01s
[2022-04-29T04:13:39.664+0000][82][safepoint   ] Safepoint "G1CollectForAllocation", Time since last: 31393042 ns, Reaching safepoint: 252541 ns, At safepoint: 17313959 ns, Total: 17566500 ns
[2022-04-29T04:13:39.951+0000][82][safepoint   ] Safepoint "ICBufferFull", Time since last: 286187250 ns, Reaching safepoint: 161500 ns, At safepoint: 11833 ns, Total: 173333 ns
[2022-04-29T04:13:39.998+0000][82][gc,start    ] GC(4) Pause Young (Normal) (G1 Evacuation Pause)
[2022-04-29T04:13:39.999+0000][82][gc,task     ] GC(4) Using 5 workers of 5 for evacuation
[2022-04-29T04:13:40.001+0000][82][gc,age      ] GC(4) Desired survivor size 20971520 bytes, new threshold 15 (max threshold 15)
[2022-04-29T04:13:40.031+0000][82][gc,age      ] GC(4) Age table with threshold 15 (max threshold 15)
[2022-04-29T04:13:40.034+0000][82][gc,age      ] GC(4) - age   1:    5414744 bytes,    5414744 total
[2022-04-29T04:13:40.035+0000][82][gc,age      ] GC(4) - age   2:    2163336 bytes,    7578080 total
[2022-04-29T04:13:40.035+0000][82][gc,age      ] GC(4) - age   3:     976280 bytes,    8554360 total
[2022-04-29T04:13:40.037+0000][82][gc,age      ] GC(4) - age   4:    1885024 bytes,   10439384 total
[2022-04-29T04:13:40.037+0000][82][gc,phases   ] GC(4)   Pre Evacuate Collection Set: 3.9ms
[2022-04-29T04:13:40.038+0000][82][gc,phases   ] GC(4)   Merge Heap Roots: 3.0ms
[2022-04-29T04:13:40.039+0000][82][gc,phases   ] GC(4)   Evacuate Collection Set: 8.1ms
[2022-04-29T04:13:40.040+0000][82][gc,phases   ] GC(4)   Post Evacuate Collection Set: 9.0ms
[2022-04-29T04:13:40.041+0000][82][gc,phases   ] GC(4)   Other: 15.0ms
[2022-04-29T04:13:40.044+0000][82][gc,heap     ] GC(4) Eden regions: 74->0(73)
[2022-04-29T04:13:40.046+0000][82][gc,heap     ] GC(4) Survivor regions: 2->3(10)
[2022-04-29T04:13:40.048+0000][82][gc,heap     ] GC(4) Old regions: 2->2
[2022-04-29T04:13:40.049+0000][82][gc,heap     ] GC(4) Archive regions: 2->2
[2022-04-29T04:13:40.050+0000][82][gc,heap     ] GC(4) Humongous regions: 0->0
[2022-04-29T04:13:40.051+0000][82][gc,metaspace] GC(4) Metaspace: 18623K(19008K)->18623K(19008K) NonClass: 16356K(16576K)->16356K(16576K) Class: 2266K(2432K)->2266K(2432K)
[2022-04-29T04:13:40.052+0000][82][gc          ] GC(4) Pause Young (Normal) (G1 Evacuation Pause) 310M->18M(512M) 53.986ms
[2022-04-29T04:13:40.053+0000][82][gc,cpu      ] GC(4) User=0.01s Sys=0.00s Real=0.05s
[2022-04-29T04:13:40.054+0000][82][safepoint   ] Safepoint "G1CollectForAllocation", Time since last: 47595792 ns, Reaching safepoint: 50167 ns, At safepoint: 56071708 ns, Total: 56121875 ns
[2022-04-29T04:13:40.277+0000][82][safepoint   ] Safepoint "ICBufferFull", Time since last: 222883333 ns, Reaching safepoint: 143917 ns, At safepoint: 7625 ns, Total: 151542 ns
[2022-04-29T04:13:40.339+0000][82][gc,start    ] GC(5) Pause Young (Normal) (G1 Evacuation Pause)
[2022-04-29T04:13:40.341+0000][82][gc,task     ] GC(5) Using 5 workers of 5 for evacuation
[2022-04-29T04:13:40.342+0000][82][gc,age      ] GC(5) Desired survivor size 20971520 bytes, new threshold 15 (max threshold 15)
[2022-04-29T04:13:40.347+0000][82][gc,age      ] GC(5) Age table with threshold 15 (max threshold 15)
[2022-04-29T04:13:40.348+0000][82][gc,age      ] GC(5) - age   1:    1653560 bytes,    1653560 total
[2022-04-29T04:13:40.349+0000][82][gc,age      ] GC(5) - age   2:    5114656 bytes,    6768216 total
[2022-04-29T04:13:40.349+0000][82][gc,age      ] GC(5) - age   3:    2162872 bytes,    8931088 total
[2022-04-29T04:13:40.350+0000][82][gc,age      ] GC(5) - age   4:     976008 bytes,    9907096 total
[2022-04-29T04:13:40.351+0000][82][gc,age      ] GC(5) - age   5:    1884960 bytes,   11792056 total
[2022-04-29T04:13:40.351+0000][82][gc,phases   ] GC(5)   Pre Evacuate Collection Set: 0.1ms
[2022-04-29T04:13:40.352+0000][82][gc,phases   ] GC(5)   Merge Heap Roots: 0.0ms
[2022-04-29T04:13:40.353+0000][82][gc,phases   ] GC(5)   Evacuate Collection Set: 2.2ms
[2022-04-29T04:13:40.354+0000][82][gc,phases   ] GC(5)   Post Evacuate Collection Set: 0.9ms
[2022-04-29T04:13:40.354+0000][82][gc,phases   ] GC(5)   Other: 8.8ms
[2022-04-29T04:13:40.355+0000][82][gc,heap     ] GC(5) Eden regions: 73->0(73)
[2022-04-29T04:13:40.355+0000][82][gc,heap     ] GC(5) Survivor regions: 3->3(10)
[2022-04-29T04:13:40.356+0000][82][gc,heap     ] GC(5) Old regions: 2->2
[2022-04-29T04:13:40.357+0000][82][gc,heap     ] GC(5) Archive regions: 2->2
[2022-04-29T04:13:40.358+0000][82][gc,heap     ] GC(5) Humongous regions: 0->0
[2022-04-29T04:13:40.358+0000][82][gc,metaspace] GC(5) Metaspace: 19573K(19968K)->19573K(19968K) NonClass: 17168K(17408K)->17168K(17408K) Class: 2404K(2560K)->2404K(2560K)
[2022-04-29T04:13:40.359+0000][82][gc          ] GC(5) Pause Young (Normal) (G1 Evacuation Pause) 310M->19M(512M) 19.805ms
[2022-04-29T04:13:40.360+0000][82][gc,cpu      ] GC(5) User=0.01s Sys=0.01s Real=0.02s
[2022-04-29T04:13:40.361+0000][82][safepoint   ] Safepoint "G1CollectForAllocation", Time since last: 61668250 ns, Reaching safepoint: 136750 ns, At safepoint: 21258417 ns, Total: 21395167 ns
[2022-04-29T04:13:40.598+0000][82][gc,start    ] GC(6) Pause Young (Normal) (G1 Evacuation Pause)
[2022-04-29T04:13:40.599+0000][82][gc,task     ] GC(6) Using 5 workers of 5 for evacuation
[2022-04-29T04:13:40.600+0000][82][gc,age      ] GC(6) Desired survivor size 20971520 bytes, new threshold 15 (max threshold 15)
[2022-04-29T04:13:40.605+0000][82][gc,age      ] GC(6) Age table with threshold 15 (max threshold 15)
[2022-04-29T04:13:40.607+0000][82][gc,age      ] GC(6) - age   1:    3627072 bytes,    3627072 total
[2022-04-29T04:13:40.608+0000][82][gc,age      ] GC(6) - age   2:    1331104 bytes,    4958176 total
[2022-04-29T04:13:40.609+0000][82][gc,age      ] GC(6) - age   3:    5109560 bytes,   10067736 total
[2022-04-29T04:13:40.610+0000][82][gc,age      ] GC(6) - age   4:    2161448 bytes,   12229184 total
[2022-04-29T04:13:40.611+0000][82][gc,age      ] GC(6) - age   5:     975328 bytes,   13204512 total
[2022-04-29T04:13:40.611+0000][82][gc,age      ] GC(6) - age   6:    1884656 bytes,   15089168 total
[2022-04-29T04:13:40.612+0000][82][gc,phases   ] GC(6)   Pre Evacuate Collection Set: 0.1ms
[2022-04-29T04:13:40.613+0000][82][gc,phases   ] GC(6)   Merge Heap Roots: 0.0ms
[2022-04-29T04:13:40.613+0000][82][gc,phases   ] GC(6)   Evacuate Collection Set: 3.1ms
[2022-04-29T04:13:40.614+0000][82][gc,phases   ] GC(6)   Post Evacuate Collection Set: 0.8ms
[2022-04-29T04:13:40.614+0000][82][gc,phases   ] GC(6)   Other: 10.4ms
[2022-04-29T04:13:40.615+0000][82][gc,heap     ] GC(6) Eden regions: 73->0(72)
[2022-04-29T04:13:40.616+0000][82][gc,heap     ] GC(6) Survivor regions: 3->4(10)
[2022-04-29T04:13:40.617+0000][82][gc,heap     ] GC(6) Old regions: 2->2
[2022-04-29T04:13:40.617+0000][82][gc,heap     ] GC(6) Archive regions: 2->2
[2022-04-29T04:13:40.618+0000][82][gc,heap     ] GC(6) Humongous regions: 0->0
[2022-04-29T04:13:40.619+0000][82][gc,metaspace] GC(6) Metaspace: 20738K(21248K)->20738K(21248K) NonClass: 18175K(18496K)->18175K(18496K) Class: 2562K(2752K)->2562K(2752K)
[2022-04-29T04:13:40.619+0000][82][gc          ] GC(6) Pause Young (Normal) (G1 Evacuation Pause) 311M->23M(512M) 21.671ms
[2022-04-29T04:13:40.620+0000][82][gc,cpu      ] GC(6) User=0.02s Sys=0.00s Real=0.02s
[2022-04-29T04:13:40.620+0000][82][safepoint   ] Safepoint "G1CollectForAllocation", Time since last: 236928750 ns, Reaching safepoint: 129208 ns, At safepoint: 22870459 ns, Total: 22999667 ns
[2022-04-29T04:13:40.799+0000][82][gc,start    ] GC(7) Pause Young (Concurrent Start) (Metadata GC Threshold)
[2022-04-29T04:13:40.801+0000][82][gc,task     ] GC(7) Using 5 workers of 5 for evacuation
[2022-04-29T04:13:40.802+0000][82][gc,age      ] GC(7) Desired survivor size 20971520 bytes, new threshold 15 (max threshold 15)
[2022-04-29T04:13:40.808+0000][82][gc,age      ] GC(7) Age table with threshold 15 (max threshold 15)
[2022-04-29T04:13:40.809+0000][82][gc,age      ] GC(7) - age   1:     970744 bytes,     970744 total
[2022-04-29T04:13:40.810+0000][82][gc,age      ] GC(7) - age   2:    2171416 bytes,    3142160 total
[2022-04-29T04:13:40.811+0000][82][gc,age      ] GC(7) - age   3:    1330560 bytes,    4472720 total
[2022-04-29T04:13:40.812+0000][82][gc,age      ] GC(7) - age   4:    5108160 bytes,    9580880 total
[2022-04-29T04:13:40.813+0000][82][gc,age      ] GC(7) - age   5:    2161368 bytes,   11742248 total
[2022-04-29T04:13:40.815+0000][82][gc,age      ] GC(7) - age   6:     975328 bytes,   12717576 total
[2022-04-29T04:13:40.816+0000][82][gc,age      ] GC(7) - age   7:    1884656 bytes,   14602232 total
[2022-04-29T04:13:40.817+0000][82][gc,phases   ] GC(7)   Pre Evacuate Collection Set: 0.5ms
[2022-04-29T04:13:40.817+0000][82][gc,phases   ] GC(7)   Merge Heap Roots: 0.1ms
[2022-04-29T04:13:40.818+0000][82][gc,phases   ] GC(7)   Evacuate Collection Set: 3.2ms
[2022-04-29T04:13:40.819+0000][82][gc,phases   ] GC(7)   Post Evacuate Collection Set: 1.2ms
[2022-04-29T04:13:40.820+0000][82][gc,phases   ] GC(7)   Other: 12.5ms
[2022-04-29T04:13:40.820+0000][82][gc,heap     ] GC(7) Eden regions: 63->0(72)
[2022-04-29T04:13:40.821+0000][82][gc,heap     ] GC(7) Survivor regions: 4->4(10)
[2022-04-29T04:13:40.821+0000][82][gc,heap     ] GC(7) Old regions: 2->2
[2022-04-29T04:13:40.822+0000][82][gc,heap     ] GC(7) Archive regions: 2->2
[2022-04-29T04:13:40.823+0000][82][gc,heap     ] GC(7) Humongous regions: 0->0
[2022-04-29T04:13:40.823+0000][82][gc,metaspace] GC(7) Metaspace: 20987K(21504K)->20987K(21504K) NonClass: 18376K(18688K)->18376K(18688K) Class: 2610K(2816K)->2610K(2816K)
[2022-04-29T04:13:40.824+0000][82][gc          ] GC(7) Pause Young (Concurrent Start) (Metadata GC Threshold) 273M->22M(512M) 24.647ms
[2022-04-29T04:13:40.825+0000][82][gc,cpu      ] GC(7) User=0.01s Sys=0.01s Real=0.02s
[2022-04-29T04:13:40.825+0000][82][gc          ] GC(8) Concurrent Mark Cycle
[2022-04-29T04:13:40.826+0000][82][gc,marking  ] GC(8) Concurrent Clear Claimed Marks
[2022-04-29T04:13:40.825+0000][82][safepoint   ] Safepoint "CollectForMetadataAllocation", Time since last: 178653458 ns, Reaching safepoint: 77083 ns, At safepoint: 26027584 ns, Total: 26104667 ns
[2022-04-29T04:13:40.827+0000][82][gc,marking  ] GC(8) Concurrent Clear Claimed Marks 1.062ms
[2022-04-29T04:13:40.829+0000][82][gc,marking  ] GC(8) Concurrent Scan Root Regions
[2022-04-29T04:13:40.833+0000][82][gc,marking  ] GC(8) Concurrent Scan Root Regions 4.267ms
[2022-04-29T04:13:40.834+0000][82][gc,marking  ] GC(8) Concurrent Mark
[2022-04-29T04:13:40.835+0000][82][gc,marking  ] GC(8) Concurrent Mark From Roots
[2022-04-29T04:13:40.836+0000][82][gc,task     ] GC(8) Using 1 workers of 1 for marking
[2022-04-29T04:13:40.840+0000][82][gc,marking  ] GC(8) Concurrent Mark From Roots 5.214ms
[2022-04-29T04:13:40.841+0000][82][gc,marking  ] GC(8) Concurrent Preclean
[2022-04-29T04:13:40.842+0000][82][gc,marking  ] GC(8) Concurrent Preclean 1.580ms
[2022-04-29T04:13:40.845+0000][82][gc,start    ] GC(8) Pause Remark
[2022-04-29T04:13:40.848+0000][82][gc          ] GC(8) Pause Remark 24M->24M(512M) 3.562ms
[2022-04-29T04:13:40.849+0000][82][gc,cpu      ] GC(8) User=0.01s Sys=0.00s Real=0.01s
[2022-04-29T04:13:40.850+0000][82][safepoint   ] Safepoint "G1Concurrent", Time since last: 18568916 ns, Reaching safepoint: 789500 ns, At safepoint: 5264334 ns, Total: 6053834 ns
[2022-04-29T04:13:40.852+0000][82][gc,marking  ] GC(8) Concurrent Mark 17.424ms
[2022-04-29T04:13:40.853+0000][82][gc,marking  ] GC(8) Concurrent Rebuild Remembered Sets
[2022-04-29T04:13:40.857+0000][82][gc,marking  ] GC(8) Concurrent Rebuild Remembered Sets 4.013ms
[2022-04-29T04:13:40.859+0000][82][gc,start    ] GC(8) Pause Cleanup
[2022-04-29T04:13:40.860+0000][82][gc          ] GC(8) Pause Cleanup 24M->24M(512M) 1.188ms
[2022-04-29T04:13:40.862+0000][82][gc,cpu      ] GC(8) User=0.00s Sys=0.00s Real=0.00s
[2022-04-29T04:13:40.863+0000][82][safepoint   ] Safepoint "G1Concurrent", Time since last: 8330041 ns, Reaching safepoint: 357709 ns, At safepoint: 4811541 ns, Total: 5169250 ns
[2022-04-29T04:13:40.864+0000][82][gc,marking  ] GC(8) Concurrent Cleanup for Next Mark
[2022-04-29T04:13:40.866+0000][82][gc,marking  ] GC(8) Concurrent Cleanup for Next Mark 1.208ms
[2022-04-29T04:13:40.867+0000][82][gc          ] GC(8) Concurrent Mark Cycle 41.448ms
[2022-04-29T04:13:41.376+0000][82][safepoint   ] Safepoint "ICBufferFull", Time since last: 512142459 ns, Reaching safepoint: 161417 ns, At safepoint: 13416 ns, Total: 174833 ns
[2022-04-29T04:13:41.441+0000][82][safepoint   ] Safepoint "ICBufferFull", Time since last: 64970042 ns, Reaching safepoint: 136875 ns, At safepoint: 3333 ns, Total: 140208 ns
[2022-04-29T04:13:41.442+0000][82][safepoint   ] Safepoint "ICBufferFull", Time since last: 1550250 ns, Reaching safepoint: 108334 ns, At safepoint: 3125 ns, Total: 111459 ns
[2022-04-29T04:13:41.444+0000][82][safepoint   ] Safepoint "ICBufferFull", Time since last: 1531916 ns, Reaching safepoint: 193834 ns, At safepoint: 2583 ns, Total: 196417 ns
[2022-04-29T04:13:41.446+0000][82][safepoint   ] Safepoint "ICBufferFull", Time since last: 1316375 ns, Reaching safepoint: 33167 ns, At safepoint: 13666 ns, Total: 46833 ns
[2022-04-29T04:13:41.447+0000][82][safepoint   ] Safepoint "ICBufferFull", Time since last: 984834 ns, Reaching safepoint: 53416 ns, At safepoint: 1709 ns, Total: 55125 ns
[2022-04-29T04:13:41.448+0000][82][safepoint   ] Safepoint "ICBufferFull", Time since last: 1111208 ns, Reaching safepoint: 136042 ns, At safepoint: 2666 ns, Total: 138708 ns
[2022-04-29T04:13:41.449+0000][82][safepoint   ] Safepoint "ICBufferFull", Time since last: 930375 ns, Reaching safepoint: 16292 ns, At safepoint: 1042 ns, Total: 17334 ns
[2022-04-29T04:13:41.457+0000][82][safepoint   ] Safepoint "ICBufferFull", Time since last: 7711375 ns, Reaching safepoint: 45291 ns, At safepoint: 1500 ns, Total: 46791 ns
[2022-04-29T04:13:41.458+0000][82][safepoint   ] Safepoint "ICBufferFull", Time since last: 1269667 ns, Reaching safepoint: 36417 ns, At safepoint: 1208 ns, Total: 37625 ns
[2022-04-29T04:13:41.459+0000][82][safepoint   ] Safepoint "ICBufferFull", Time since last: 941917 ns, Reaching safepoint: 179333 ns, At safepoint: 100667 ns, Total: 280000 ns
[2022-04-29T04:13:41.461+0000][82][safepoint   ] Safepoint "ICBufferFull", Time since last: 1145166 ns, Reaching safepoint: 836625 ns, At safepoint: 9625 ns, Total: 846250 ns
[2022-04-29T04:13:41.476+0000][82][safepoint   ] Safepoint "ICBufferFull", Time since last: 14546709 ns, Reaching safepoint: 153583 ns, At safepoint: 8458 ns, Total: 162041 ns
[2022-04-29T04:13:41.481+0000][82][safepoint   ] Safepoint "ICBufferFull", Time since last: 4853834 ns, Reaching safepoint: 95916 ns, At safepoint: 3334 ns, Total: 99250 ns
[2022-04-29T04:13:41.482+0000][82][safepoint   ] Safepoint "ICBufferFull", Time since last: 1209416 ns, Reaching safepoint: 234792 ns, At safepoint: 3417 ns, Total: 238209 ns
[2022-04-29T04:13:41.484+0000][82][safepoint   ] Safepoint "ICBufferFull", Time since last: 1424708 ns, Reaching safepoint: 63500 ns, At safepoint: 2625 ns, Total: 66125 ns
[2022-04-29T04:13:41.487+0000][82][safepoint   ] Safepoint "ICBufferFull", Time since last: 3526083 ns, Reaching safepoint: 82250 ns, At safepoint: 2625 ns, Total: 84875 ns
[2022-04-29T04:13:41.515+0000][82][safepoint   ] Safepoint "ICBufferFull", Time since last: 27806417 ns, Reaching safepoint: 178083 ns, At safepoint: 2750 ns, Total: 180833 ns
[2022-04-29T04:13:41.782+0000][82][safepoint   ] Safepoint "ICBufferFull", Time since last: 266822167 ns, Reaching safepoint: 185958 ns, At safepoint: 23500 ns, Total: 209458 ns
[2022-04-29T04:13:42.039+0000][82][safepoint   ] Safepoint "ICBufferFull", Time since last: 257018126 ns, Reaching safepoint: 140666 ns, At safepoint: 8625 ns, Total: 149291 ns
[2022-04-29T04:13:42.159+0000][82][safepoint   ] Safepoint "ICBufferFull", Time since last: 119165167 ns, Reaching safepoint: 252375 ns, At safepoint: 12625 ns, Total: 265000 ns
[2022-04-29T04:13:42.240+0000][82][safepoint   ] Safepoint "ICBufferFull", Time since last: 80639333 ns, Reaching safepoint: 192542 ns, At safepoint: 3250 ns, Total: 195792 ns
[2022-04-29T04:13:42.380+0000][82][gc,start    ] GC(9) Pause Young (Concurrent Start) (Metadata GC Threshold)
[2022-04-29T04:13:42.383+0000][82][gc,task     ] GC(9) Using 5 workers of 5 for evacuation
[2022-04-29T04:13:42.384+0000][82][gc,age      ] GC(9) Desired survivor size 20971520 bytes, new threshold 15 (max threshold 15)
[2022-04-29T04:13:42.404+0000][82][gc,age      ] GC(9) Age table with threshold 15 (max threshold 15)
[2022-04-29T04:13:42.406+0000][82][gc,age      ] GC(9) - age   1:   27182960 bytes,   27182960 total
[2022-04-29T04:13:42.407+0000][82][gc,age      ] GC(9) - age   2:     947648 bytes,   28130608 total
[2022-04-29T04:13:42.407+0000][82][gc,age      ] GC(9) - age   3:    2138488 bytes,   30269096 total
[2022-04-29T04:13:42.408+0000][82][gc,age      ] GC(9) - age   4:    1315288 bytes,   31584384 total
[2022-04-29T04:13:42.409+0000][82][gc,age      ] GC(9) - age   5:    5067440 bytes,   36651824 total
[2022-04-29T04:13:42.410+0000][82][gc,age      ] GC(9) - age   6:    2084184 bytes,   38736008 total
[2022-04-29T04:13:42.410+0000][82][gc,age      ] GC(9) - age   7:     942680 bytes,   39678688 total
[2022-04-29T04:13:42.411+0000][82][gc,age      ] GC(9) - age   8:    1876952 bytes,   41555640 total
[2022-04-29T04:13:42.411+0000][82][gc,phases   ] GC(9)   Pre Evacuate Collection Set: 0.1ms
[2022-04-29T04:13:42.412+0000][82][gc,phases   ] GC(9)   Merge Heap Roots: 0.2ms
[2022-04-29T04:13:42.413+0000][82][gc,phases   ] GC(9)   Evacuate Collection Set: 16.5ms
[2022-04-29T04:13:42.414+0000][82][gc,phases   ] GC(9)   Post Evacuate Collection Set: 1.6ms
[2022-04-29T04:13:42.415+0000][82][gc,phases   ] GC(9)   Other: 13.0ms
[2022-04-29T04:13:42.417+0000][82][gc,heap     ] GC(9) Eden regions: 70->0(66)
[2022-04-29T04:13:42.418+0000][82][gc,heap     ] GC(9) Survivor regions: 4->10(10)
[2022-04-29T04:13:42.418+0000][82][gc,heap     ] GC(9) Old regions: 2->2
[2022-04-29T04:13:42.419+0000][82][gc,heap     ] GC(9) Archive regions: 2->2
[2022-04-29T04:13:42.420+0000][82][gc,heap     ] GC(9) Humongous regions: 0->0
[2022-04-29T04:13:42.420+0000][82][gc,metaspace] GC(9) Metaspace: 35218K(36096K)->35218K(36096K) NonClass: 30559K(31104K)->30559K(31104K) Class: 4659K(4992K)->4659K(4992K)
[2022-04-29T04:13:42.421+0000][82][gc          ] GC(9) Pause Young (Concurrent Start) (Metadata GC Threshold) 302M->48M(512M) 40.716ms
[2022-04-29T04:13:42.421+0000][82][gc,cpu      ] GC(9) User=0.09s Sys=0.01s Real=0.04s
[2022-04-29T04:13:42.422+0000][82][safepoint   ] Safepoint "CollectForMetadataAllocation", Time since last: 140130500 ns, Reaching safepoint: 231458 ns, At safepoint: 41836584 ns, Total: 42068042 ns
[2022-04-29T04:13:42.422+0000][82][gc          ] GC(10) Concurrent Mark Cycle
[2022-04-29T04:13:42.424+0000][82][gc,marking  ] GC(10) Concurrent Clear Claimed Marks
[2022-04-29T04:13:42.424+0000][82][gc,marking  ] GC(10) Concurrent Clear Claimed Marks 0.749ms
[2022-04-29T04:13:42.425+0000][82][gc,marking  ] GC(10) Concurrent Scan Root Regions
[2022-04-29T04:13:42.435+0000][82][safepoint   ] Safepoint "CollectForMetadataAllocation", Time since last: 12736500 ns, Reaching safepoint: 70291 ns, At safepoint: 29584 ns, Total: 99875 ns
[2022-04-29T04:13:42.440+0000][82][gc,marking  ] GC(10) Concurrent Scan Root Regions 14.886ms
[2022-04-29T04:13:42.441+0000][82][gc,marking  ] GC(10) Concurrent Mark
[2022-04-29T04:13:42.442+0000][82][gc,marking  ] GC(10) Concurrent Mark From Roots
[2022-04-29T04:13:42.443+0000][82][gc,task     ] GC(10) Using 1 workers of 1 for marking
[2022-04-29T04:13:42.446+0000][82][gc,marking  ] GC(10) Concurrent Mark From Roots 4.530ms
[2022-04-29T04:13:42.447+0000][82][gc,marking  ] GC(10) Concurrent Preclean
[2022-04-29T04:13:42.448+0000][82][gc,marking  ] GC(10) Concurrent Preclean 0.712ms
[2022-04-29T04:13:42.448+0000][82][safepoint   ] Safepoint "CollectForMetadataAllocation", Time since last: 13538208 ns, Reaching safepoint: 132292 ns, At safepoint: 41250 ns, Total: 173542 ns
[2022-04-29T04:13:42.451+0000][82][gc,start    ] GC(10) Pause Remark
[2022-04-29T04:13:42.454+0000][82][gc          ] GC(10) Pause Remark 52M->52M(512M) 3.246ms
[2022-04-29T04:13:42.456+0000][82][gc,cpu      ] GC(10) User=0.01s Sys=0.00s Real=0.01s
[2022-04-29T04:13:42.457+0000][82][safepoint   ] Safepoint "G1Concurrent", Time since last: 1947125 ns, Reaching safepoint: 249750 ns, At safepoint: 6551791 ns, Total: 6801541 ns
[2022-04-29T04:13:42.460+0000][82][gc,marking  ] GC(10) Concurrent Mark 18.429ms
[2022-04-29T04:13:42.461+0000][82][gc,marking  ] GC(10) Concurrent Rebuild Remembered Sets
[2022-04-29T04:13:42.464+0000][82][gc,marking  ] GC(10) Concurrent Rebuild Remembered Sets 3.195ms
[2022-04-29T04:13:42.465+0000][82][gc,start    ] GC(10) Pause Cleanup
[2022-04-29T04:13:42.466+0000][82][gc          ] GC(10) Pause Cleanup 52M->52M(512M) 1.228ms
[2022-04-29T04:13:42.466+0000][82][gc,cpu      ] GC(10) User=0.00s Sys=0.00s Real=0.01s
[2022-04-29T04:13:42.467+0000][82][safepoint   ] Safepoint "G1Concurrent", Time since last: 7310542 ns, Reaching safepoint: 202042 ns, At safepoint: 2515083 ns, Total: 2717125 ns
[2022-04-29T04:13:42.468+0000][82][gc,marking  ] GC(10) Concurrent Cleanup for Next Mark
[2022-04-29T04:13:42.469+0000][82][gc,marking  ] GC(10) Concurrent Cleanup for Next Mark 1.228ms
[2022-04-29T04:13:42.470+0000][82][gc          ] GC(10) Concurrent Mark Cycle 48.418ms
[2022-04-29T04:13:42.549+0000][82][safepoint   ] Safepoint "ICBufferFull", Time since last: 81667667 ns, Reaching safepoint: 234500 ns, At safepoint: 12791 ns, Total: 247291 ns
[2022-04-29T04:13:42.951+0000][82][safepoint   ] Safepoint "ICBufferFull", Time since last: 401222292 ns, Reaching safepoint: 185417 ns, At safepoint: 3875 ns, Total: 189292 ns
[2022-04-29T04:13:43.151+0000][82][safepoint   ] Safepoint "ICBufferFull", Time since last: 200228958 ns, Reaching safepoint: 140667 ns, At safepoint: 97208 ns, Total: 237875 ns
[2022-04-29T04:13:43.252+0000][82][gc,start    ] GC(11) Pause Young (Concurrent Start) (G1 Evacuation Pause)
[2022-04-29T04:13:43.253+0000][82][gc,task     ] GC(11) Using 5 workers of 5 for evacuation
[2022-04-29T04:13:43.254+0000][82][gc,age      ] GC(11) Desired survivor size 20971520 bytes, new threshold 1 (max threshold 15)
[2022-04-29T04:13:43.271+0000][82][gc,age      ] GC(11) Age table with threshold 1 (max threshold 15)
[2022-04-29T04:13:43.272+0000][82][gc,age      ] GC(11) - age   1:    6080728 bytes,    6080728 total
[2022-04-29T04:13:43.273+0000][82][gc,phases   ] GC(11)   Pre Evacuate Collection Set: 0.3ms
[2022-04-29T04:13:43.274+0000][82][gc,phases   ] GC(11)   Merge Heap Roots: 0.1ms
[2022-04-29T04:13:43.275+0000][82][gc,phases   ] GC(11)   Evacuate Collection Set: 13.7ms
[2022-04-29T04:13:43.275+0000][82][gc,phases   ] GC(11)   Post Evacuate Collection Set: 1.4ms
[2022-04-29T04:13:43.276+0000][82][gc,phases   ] GC(11)   Other: 5.3ms
[2022-04-29T04:13:43.277+0000][82][gc,heap     ] GC(11) Eden regions: 66->0(73)
[2022-04-29T04:13:43.278+0000][82][gc,heap     ] GC(11) Survivor regions: 10->3(10)
[2022-04-29T04:13:43.278+0000][82][gc,heap     ] GC(11) Old regions: 2->11
[2022-04-29T04:13:43.279+0000][82][gc,heap     ] GC(11) Archive regions: 2->2
[2022-04-29T04:13:43.280+0000][82][gc,heap     ] GC(11) Humongous regions: 0->0
[2022-04-29T04:13:43.280+0000][82][gc,metaspace] GC(11) Metaspace: 52172K(53376K)->52172K(53376K) NonClass: 45091K(45824K)->45091K(45824K) Class: 7081K(7552K)->7081K(7552K)
[2022-04-29T04:13:43.281+0000][82][gc          ] GC(11) Pause Young (Concurrent Start) (G1 Evacuation Pause) 312M->57M(512M) 28.765ms
[2022-04-29T04:13:43.282+0000][82][gc,cpu      ] GC(11) User=0.06s Sys=0.00s Real=0.03s
[2022-04-29T04:13:43.282+0000][82][gc          ] GC(12) Concurrent Mark Cycle
[2022-04-29T04:13:43.283+0000][82][gc,marking  ] GC(12) Concurrent Clear Claimed Marks
[2022-04-29T04:13:43.282+0000][82][safepoint   ] Safepoint "G1CollectForAllocation", Time since last: 100877417 ns, Reaching safepoint: 273292 ns, At safepoint: 30056541 ns, Total: 30329833 ns
[2022-04-29T04:13:43.284+0000][82][gc,marking  ] GC(12) Concurrent Clear Claimed Marks 0.777ms
[2022-04-29T04:13:43.286+0000][82][gc,marking  ] GC(12) Concurrent Scan Root Regions
[2022-04-29T04:13:43.304+0000][82][gc,marking  ] GC(12) Concurrent Scan Root Regions 17.547ms
[2022-04-29T04:13:43.305+0000][82][gc,marking  ] GC(12) Concurrent Mark
[2022-04-29T04:13:43.306+0000][82][gc,marking  ] GC(12) Concurrent Mark From Roots
[2022-04-29T04:13:43.306+0000][82][gc,task     ] GC(12) Using 1 workers of 1 for marking
[2022-04-29T04:13:43.311+0000][82][gc,marking  ] GC(12) Concurrent Mark From Roots 5.070ms
[2022-04-29T04:13:43.312+0000][82][gc,marking  ] GC(12) Concurrent Preclean
[2022-04-29T04:13:43.313+0000][82][gc,marking  ] GC(12) Concurrent Preclean 0.765ms
[2022-04-29T04:13:43.315+0000][82][gc,start    ] GC(12) Pause Remark
[2022-04-29T04:13:43.319+0000][82][gc          ] GC(12) Pause Remark 73M->73M(512M) 4.300ms
[2022-04-29T04:13:43.320+0000][82][gc,cpu      ] GC(12) User=0.02s Sys=0.00s Real=0.01s
[2022-04-29T04:13:43.321+0000][82][safepoint   ] Safepoint "G1Concurrent", Time since last: 32263584 ns, Reaching safepoint: 213500 ns, At safepoint: 6572958 ns, Total: 6786458 ns
[2022-04-29T04:13:43.322+0000][82][gc,marking  ] GC(12) Concurrent Mark 17.399ms
[2022-04-29T04:13:43.323+0000][82][gc,marking  ] GC(12) Concurrent Rebuild Remembered Sets
[2022-04-29T04:13:43.324+0000][82][gc,marking  ] GC(12) Concurrent Rebuild Remembered Sets 0.568ms
[2022-04-29T04:13:43.325+0000][82][gc,start    ] GC(12) Pause Cleanup
[2022-04-29T04:13:43.325+0000][82][gc          ] GC(12) Pause Cleanup 75M->75M(512M) 0.631ms
[2022-04-29T04:13:43.326+0000][82][gc,cpu      ] GC(12) User=0.00s Sys=0.00s Real=0.00s
[2022-04-29T04:13:43.327+0000][82][safepoint   ] Safepoint "G1Concurrent", Time since last: 3090792 ns, Reaching safepoint: 153791 ns, At safepoint: 2572500 ns, Total: 2726291 ns
[2022-04-29T04:13:43.328+0000][82][gc,marking  ] GC(12) Concurrent Cleanup for Next Mark
[2022-04-29T04:13:43.329+0000][82][gc,marking  ] GC(12) Concurrent Cleanup for Next Mark 0.969ms
[2022-04-29T04:13:43.329+0000][82][gc          ] GC(12) Concurrent Mark Cycle 47.041ms
[2022-04-29T04:13:43.543+0000][82][safepoint   ] Safepoint "ICBufferFull", Time since last: 215406084 ns, Reaching safepoint: 488083 ns, At safepoint: 7917 ns, Total: 496000 ns
[2022-04-29T04:13:43.753+0000][82][safepoint   ] Safepoint "ICBufferFull", Time since last: 209627875 ns, Reaching safepoint: 225125 ns, At safepoint: 19208 ns, Total: 244333 ns
[2022-04-29T04:13:44.088+0000][82][safepoint   ] Safepoint "ICBufferFull", Time since last: 335330251 ns, Reaching safepoint: 243541 ns, At safepoint: 5625 ns, Total: 249166 ns
[2022-04-29T04:13:44.214+0000][82][safepoint   ] Safepoint "ICBufferFull", Time since last: 125523584 ns, Reaching safepoint: 181666 ns, At safepoint: 11917 ns, Total: 193583 ns
[2022-04-29T04:13:44.455+0000][82][safepoint   ] Safepoint "ICBufferFull", Time since last: 240501042 ns, Reaching safepoint: 149083 ns, At safepoint: 1792 ns, Total: 150875 ns
[2022-04-29T04:13:44.671+0000][82][safepoint   ] Safepoint "ICBufferFull", Time since last: 216086500 ns, Reaching safepoint: 198500 ns, At safepoint: 2875 ns, Total: 201375 ns
[2022-04-29T04:13:44.801+0000][82][safepoint   ] Safepoint "ICBufferFull", Time since last: 129442458 ns, Reaching safepoint: 141667 ns, At safepoint: 3250 ns, Total: 144917 ns
[2022-04-29T04:13:44.810+0000][82][gc,start    ] GC(13) Pause Young (Normal) (G1 Evacuation Pause)
[2022-04-29T04:13:44.810+0000][82][gc,task     ] GC(13) Using 5 workers of 5 for evacuation
[2022-04-29T04:13:44.812+0000][82][gc,age      ] GC(13) Desired survivor size 20971520 bytes, new threshold 15 (max threshold 15)
[2022-04-29T04:13:44.823+0000][82][gc,age      ] GC(13) Age table with threshold 15 (max threshold 15)
[2022-04-29T04:13:44.824+0000][82][gc,age      ] GC(13) - age   1:   13660952 bytes,   13660952 total
[2022-04-29T04:13:44.825+0000][82][gc,age      ] GC(13) - age   2:    5893648 bytes,   19554600 total
[2022-04-29T04:13:44.826+0000][82][gc,phases   ] GC(13)   Pre Evacuate Collection Set: 0.2ms
[2022-04-29T04:13:44.826+0000][82][gc,phases   ] GC(13)   Merge Heap Roots: 0.3ms
[2022-04-29T04:13:44.827+0000][82][gc,phases   ] GC(13)   Evacuate Collection Set: 7.9ms
[2022-04-29T04:13:44.828+0000][82][gc,phases   ] GC(13)   Post Evacuate Collection Set: 2.0ms
[2022-04-29T04:13:44.828+0000][82][gc,phases   ] GC(13)   Other: 5.7ms
[2022-04-29T04:13:44.829+0000][82][gc,heap     ] GC(13) Eden regions: 73->0(71)
[2022-04-29T04:13:44.831+0000][82][gc,heap     ] GC(13) Survivor regions: 3->5(10)
[2022-04-29T04:13:44.832+0000][82][gc,heap     ] GC(13) Old regions: 11->11
[2022-04-29T04:13:44.833+0000][82][gc,heap     ] GC(13) Archive regions: 2->2
[2022-04-29T04:13:44.834+0000][82][gc,heap     ] GC(13) Humongous regions: 0->0
[2022-04-29T04:13:44.835+0000][82][gc,metaspace] GC(13) Metaspace: 84749K(86272K)->84749K(86272K) NonClass: 73013K(73920K)->73013K(73920K) Class: 11736K(12352K)->11736K(12352K)
[2022-04-29T04:13:44.836+0000][82][gc          ] GC(13) Pause Young (Normal) (G1 Evacuation Pause) 349M->67M(512M) 26.218ms
[2022-04-29T04:13:44.836+0000][82][gc,cpu      ] GC(13) User=0.04s Sys=0.00s Real=0.03s
[2022-04-29T04:13:44.842+0000][82][safepoint   ] Safepoint "G1CollectForAllocation", Time since last: 8652875 ns, Reaching safepoint: 240292 ns, At safepoint: 32040958 ns, Total: 32281250 ns
[2022-04-29T04:13:44.906+0000][82][safepoint   ] Safepoint "ICBufferFull", Time since last: 64580542 ns, Reaching safepoint: 194125 ns, At safepoint: 13458 ns, Total: 207583 ns
[2022-04-29T04:13:44.917+0000][82][safepoint   ] Safepoint "ICBufferFull", Time since last: 10689542 ns, Reaching safepoint: 127666 ns, At safepoint: 9042 ns, Total: 136708 ns
[2022-04-29T04:13:44.963+0000][82][safepoint   ] Safepoint "ICBufferFull", Time since last: 45490875 ns, Reaching safepoint: 151458 ns, At safepoint: 15875 ns, Total: 167333 ns
[2022-04-29T04:13:44.970+0000][82][safepoint   ] Safepoint "ICBufferFull", Time since last: 7171167 ns, Reaching safepoint: 194708 ns, At safepoint: 8834 ns, Total: 203542 ns
[2022-04-29T04:13:45.001+0000][82][safepoint   ] Safepoint "ICBufferFull", Time since last: 30780875 ns, Reaching safepoint: 195000 ns, At safepoint: 2875 ns, Total: 197875 ns
[2022-04-29T04:13:45.330+0000][82][gc,start    ] GC(14) Pause Young (Concurrent Start) (Metadata GC Threshold)
[2022-04-29T04:13:45.331+0000][82][gc,task     ] GC(14) Using 5 workers of 5 for evacuation
[2022-04-29T04:13:45.332+0000][82][gc,age      ] GC(14) Desired survivor size 20971520 bytes, new threshold 15 (max threshold 15)
[2022-04-29T04:13:45.342+0000][82][gc,age      ] GC(14) Age table with threshold 15 (max threshold 15)
[2022-04-29T04:13:45.344+0000][82][gc,age      ] GC(14) - age   1:     858864 bytes,     858864 total
[2022-04-29T04:13:45.344+0000][82][gc,age      ] GC(14) - age   2:   13225552 bytes,   14084416 total
[2022-04-29T04:13:45.345+0000][82][gc,age      ] GC(14) - age   3:    5867432 bytes,   19951848 total
[2022-04-29T04:13:45.346+0000][82][gc,phases   ] GC(14)   Pre Evacuate Collection Set: 0.2ms
[2022-04-29T04:13:45.347+0000][82][gc,phases   ] GC(14)   Merge Heap Roots: 0.2ms
[2022-04-29T04:13:45.347+0000][82][gc,phases   ] GC(14)   Evacuate Collection Set: 8.3ms
[2022-04-29T04:13:45.348+0000][82][gc,phases   ] GC(14)   Post Evacuate Collection Set: 1.2ms
[2022-04-29T04:13:45.348+0000][82][gc,phases   ] GC(14)   Other: 6.1ms
[2022-04-29T04:13:45.349+0000][82][gc,heap     ] GC(14) Eden regions: 9->0(70)
[2022-04-29T04:13:45.349+0000][82][gc,heap     ] GC(14) Survivor regions: 5->6(10)
[2022-04-29T04:13:45.350+0000][82][gc,heap     ] GC(14) Old regions: 11->11
[2022-04-29T04:13:45.351+0000][82][gc,heap     ] GC(14) Archive regions: 2->2
[2022-04-29T04:13:45.351+0000][82][gc,heap     ] GC(14) Humongous regions: 0->0
[2022-04-29T04:13:45.352+0000][82][gc,metaspace] GC(14) Metaspace: 87412K(88960K)->87412K(88960K) NonClass: 75271K(76160K)->75271K(76160K) Class: 12141K(12800K)->12141K(12800K)
[2022-04-29T04:13:45.352+0000][82][gc          ] GC(14) Pause Young (Concurrent Start) (Metadata GC Threshold) 100M->68M(512M) 22.381ms
[2022-04-29T04:13:45.353+0000][82][gc,cpu      ] GC(14) User=0.04s Sys=0.00s Real=0.02s
[2022-04-29T04:13:45.354+0000][82][safepoint   ] Safepoint "CollectForMetadataAllocation", Time since last: 328624708 ns, Reaching safepoint: 210417 ns, At safepoint: 23470958 ns, Total: 23681375 ns
[2022-04-29T04:13:45.354+0000][82][gc          ] GC(15) Concurrent Mark Cycle
[2022-04-29T04:13:45.355+0000][82][gc,marking  ] GC(15) Concurrent Clear Claimed Marks
[2022-04-29T04:13:45.356+0000][82][gc,marking  ] GC(15) Concurrent Clear Claimed Marks 0.847ms
[2022-04-29T04:13:45.358+0000][82][gc,marking  ] GC(15) Concurrent Scan Root Regions
[2022-04-29T04:13:45.369+0000][82][gc,marking  ] GC(15) Concurrent Scan Root Regions 11.350ms
[2022-04-29T04:13:45.370+0000][82][gc,marking  ] GC(15) Concurrent Mark
[2022-04-29T04:13:45.371+0000][82][gc,marking  ] GC(15) Concurrent Mark From Roots
[2022-04-29T04:13:45.371+0000][82][gc,task     ] GC(15) Using 1 workers of 1 for marking
[2022-04-29T04:13:45.377+0000][82][safepoint   ] Safepoint "CollectForMetadataAllocation", Time since last: 22761583 ns, Reaching safepoint: 188459 ns, At safepoint: 48541 ns, Total: 237000 ns
[2022-04-29T04:13:45.411+0000][82][gc,marking  ] GC(15) Concurrent Mark From Roots 40.363ms
[2022-04-29T04:13:45.412+0000][82][gc,marking  ] GC(15) Concurrent Preclean
[2022-04-29T04:13:45.413+0000][82][gc,marking  ] GC(15) Concurrent Preclean 1.364ms
[2022-04-29T04:13:45.415+0000][82][gc,start    ] GC(15) Pause Remark
[2022-04-29T04:13:45.420+0000][82][gc          ] GC(15) Pause Remark 72M->72M(512M) 4.936ms
[2022-04-29T04:13:45.421+0000][82][gc,cpu      ] GC(15) User=0.02s Sys=0.00s Real=0.01s
[2022-04-29T04:13:45.422+0000][82][safepoint   ] Safepoint "G1Concurrent", Time since last: 38133959 ns, Reaching safepoint: 654875 ns, At safepoint: 6692875 ns, Total: 7347750 ns
[2022-04-29T04:13:45.423+0000][82][gc,marking  ] GC(15) Concurrent Mark 52.577ms
[2022-04-29T04:13:45.423+0000][82][gc,marking  ] GC(15) Concurrent Rebuild Remembered Sets
[2022-04-29T04:13:45.424+0000][82][gc,marking  ] GC(15) Concurrent Rebuild Remembered Sets 0.917ms
[2022-04-29T04:13:45.425+0000][82][gc,start    ] GC(15) Pause Cleanup
[2022-04-29T04:13:45.426+0000][82][gc          ] GC(15) Pause Cleanup 72M->72M(512M) 1.053ms
[2022-04-29T04:13:45.427+0000][82][gc,cpu      ] GC(15) User=0.01s Sys=0.00s Real=0.01s
[2022-04-29T04:13:45.428+0000][82][safepoint   ] Safepoint "G1Concurrent", Time since last: 3378541 ns, Reaching safepoint: 20250 ns, At safepoint: 2622959 ns, Total: 2643209 ns
[2022-04-29T04:13:45.429+0000][82][gc,marking  ] GC(15) Concurrent Cleanup for Next Mark
[2022-04-29T04:13:45.430+0000][82][gc,marking  ] GC(15) Concurrent Cleanup for Next Mark 0.981ms
[2022-04-29T04:13:45.431+0000][82][gc          ] GC(15) Concurrent Mark Cycle 77.061ms
[2022-04-29T04:13:45.779+0000][82][safepoint   ] Safepoint "ICBufferFull", Time since last: 350698625 ns, Reaching safepoint: 322000 ns, At safepoint: 22667 ns, Total: 344667 ns
[2022-04-29T04:13:45.833+0000][82][safepoint   ] Safepoint "ICBufferFull", Time since last: 53818666 ns, Reaching safepoint: 434750 ns, At safepoint: 9209 ns, Total: 443959 ns
[2022-04-29T04:13:46.206+0000][82][safepoint   ] Safepoint "ICBufferFull", Time since last: 372543083 ns, Reaching safepoint: 290875 ns, At safepoint: 16875 ns, Total: 307750 ns
[2022-04-29T04:13:46.480+0000][82][safepoint   ] Safepoint "ICBufferFull", Time since last: 273159542 ns, Reaching safepoint: 138375 ns, At safepoint: 4208 ns, Total: 142583 ns
[2022-04-29T04:13:46.674+0000][82][safepoint   ] Safepoint "ICBufferFull", Time since last: 194350000 ns, Reaching safepoint: 468750 ns, At safepoint: 30334 ns, Total: 499084 ns
[2022-04-29T04:13:46.895+0000][82][safepoint   ] Safepoint "ICBufferFull", Time since last: 220124333 ns, Reaching safepoint: 345250 ns, At safepoint: 18667 ns, Total: 363917 ns
[2022-04-29T04:13:47.108+0000][82][safepoint   ] Safepoint "ICBufferFull", Time since last: 212262667 ns, Reaching safepoint: 471916 ns, At safepoint: 62292 ns, Total: 534208 ns
[2022-04-29T04:13:47.364+0000][82][safepoint   ] Safepoint "ICBufferFull", Time since last: 256431583 ns, Reaching safepoint: 196209 ns, At safepoint: 18041 ns, Total: 214250 ns
[2022-04-29T04:13:47.494+0000][82][safepoint   ] Safepoint "ICBufferFull", Time since last: 128607834 ns, Reaching safepoint: 747833 ns, At safepoint: 12333 ns, Total: 760166 ns
[2022-04-29T04:13:47.626+0000][82][safepoint   ] Safepoint "ICBufferFull", Time since last: 132200001 ns, Reaching safepoint: 301791 ns, At safepoint: 16959 ns, Total: 318750 ns
[2022-04-29T04:13:47.786+0000][82][safepoint   ] Safepoint "ICBufferFull", Time since last: 158612000 ns, Reaching safepoint: 910208 ns, At safepoint: 34125 ns, Total: 944333 ns
[2022-04-29T04:13:47.977+0000][82][safepoint   ] Safepoint "ICBufferFull", Time since last: 191170708 ns, Reaching safepoint: 294917 ns, At safepoint: 10667 ns, Total: 305584 ns
[2022-04-29T04:13:48.031+0000][82][safepoint   ] Safepoint "ICBufferFull", Time since last: 53607500 ns, Reaching safepoint: 263541 ns, At safepoint: 13917 ns, Total: 277458 ns
[2022-04-29T04:13:48.398+0000][82][gc,start    ] GC(16) Pause Young (Concurrent Start) (G1 Evacuation Pause)
[2022-04-29T04:13:48.406+0000][82][gc,task     ] GC(16) Using 5 workers of 5 for evacuation
[2022-04-29T04:13:48.409+0000][82][gc,age      ] GC(16) Desired survivor size 20971520 bytes, new threshold 15 (max threshold 15)
[2022-04-29T04:13:48.426+0000][82][gc,age      ] GC(16) Age table with threshold 15 (max threshold 15)
[2022-04-29T04:13:48.429+0000][82][gc,age      ] GC(16) - age   1:   11977280 bytes,   11977280 total
[2022-04-29T04:13:48.430+0000][82][gc,age      ] GC(16) - age   2:     666752 bytes,   12644032 total
[2022-04-29T04:13:48.431+0000][82][gc,age      ] GC(16) - age   3:   13071920 bytes,   25715952 total
[2022-04-29T04:13:48.432+0000][82][gc,age      ] GC(16) - age   4:    5685792 bytes,   31401744 total
[2022-04-29T04:13:48.434+0000][82][gc,phases   ] GC(16)   Pre Evacuate Collection Set: 0.4ms
[2022-04-29T04:13:48.436+0000][82][gc,phases   ] GC(16)   Merge Heap Roots: 0.4ms
[2022-04-29T04:13:48.440+0000][82][gc,phases   ] GC(16)   Evacuate Collection Set: 11.1ms
[2022-04-29T04:13:48.441+0000][82][gc,phases   ] GC(16)   Post Evacuate Collection Set: 1.8ms
[2022-04-29T04:13:48.442+0000][82][gc,phases   ] GC(16)   Other: 22.8ms
[2022-04-29T04:13:48.442+0000][82][gc,heap     ] GC(16) Eden regions: 70->0(68)
[2022-04-29T04:13:48.443+0000][82][gc,heap     ] GC(16) Survivor regions: 6->8(10)
[2022-04-29T04:13:48.443+0000][82][gc,heap     ] GC(16) Old regions: 11->11
[2022-04-29T04:13:48.444+0000][82][gc,heap     ] GC(16) Archive regions: 2->2
[2022-04-29T04:13:48.445+0000][82][gc,heap     ] GC(16) Humongous regions: 6->6
[2022-04-29T04:13:48.446+0000][82][gc,metaspace] GC(16) Metaspace: 102327K(103872K)->102327K(103872K) NonClass: 87967K(88896K)->87967K(88896K) Class: 14360K(14976K)->14360K(14976K)
[2022-04-29T04:13:48.446+0000][82][gc          ] GC(16) Pause Young (Concurrent Start) (G1 Evacuation Pause) 371M->103M(512M) 48.412ms
[2022-04-29T04:13:48.447+0000][82][gc,cpu      ] GC(16) User=0.05s Sys=0.00s Real=0.05s
[2022-04-29T04:13:48.449+0000][82][safepoint   ] Safepoint "G1CollectForAllocation", Time since last: 366411500 ns, Reaching safepoint: 223459 ns, At safepoint: 51357666 ns, Total: 51581125 ns
[2022-04-29T04:13:48.449+0000][82][gc          ] GC(17) Concurrent Mark Cycle
[2022-04-29T04:13:48.454+0000][82][gc,marking  ] GC(17) Concurrent Clear Claimed Marks
[2022-04-29T04:13:48.459+0000][82][gc,marking  ] GC(17) Concurrent Clear Claimed Marks 5.452ms
[2022-04-29T04:13:48.464+0000][82][gc,marking  ] GC(17) Concurrent Scan Root Regions
[2022-04-29T04:13:48.492+0000][82][gc,marking  ] GC(17) Concurrent Scan Root Regions 28.025ms
[2022-04-29T04:13:48.502+0000][82][gc,marking  ] GC(17) Concurrent Mark
[2022-04-29T04:13:48.511+0000][82][gc,marking  ] GC(17) Concurrent Mark From Roots
[2022-04-29T04:13:48.518+0000][82][gc,task     ] GC(17) Using 1 workers of 1 for marking
[2022-04-29T04:13:48.571+0000][82][gc,marking  ] GC(17) Concurrent Mark From Roots 60.051ms
[2022-04-29T04:13:48.581+0000][82][gc,marking  ] GC(17) Concurrent Preclean
[2022-04-29T04:13:48.588+0000][82][gc,marking  ] GC(17) Concurrent Preclean 6.378ms
[2022-04-29T04:13:48.589+0000][82][gc,start    ] GC(17) Pause Remark
[2022-04-29T04:13:48.593+0000][82][gc          ] GC(17) Pause Remark 120M->120M(512M) 3.909ms
[2022-04-29T04:13:48.595+0000][82][gc,cpu      ] GC(17) User=0.01s Sys=0.00s Real=0.00s
[2022-04-29T04:13:48.595+0000][82][safepoint   ] Safepoint "G1Concurrent", Time since last: 140260792 ns, Reaching safepoint: 128250 ns, At safepoint: 5937375 ns, Total: 6065625 ns
[2022-04-29T04:13:48.597+0000][82][gc,marking  ] GC(17) Concurrent Mark 95.388ms
[2022-04-29T04:13:48.598+0000][82][gc,marking  ] GC(17) Concurrent Rebuild Remembered Sets
[2022-04-29T04:13:48.598+0000][82][gc,marking  ] GC(17) Concurrent Rebuild Remembered Sets 0.680ms
[2022-04-29T04:13:48.599+0000][82][gc,start    ] GC(17) Pause Cleanup
[2022-04-29T04:13:48.600+0000][82][gc          ] GC(17) Pause Cleanup 121M->121M(512M) 0.803ms
[2022-04-29T04:13:48.601+0000][82][gc,cpu      ] GC(17) User=0.00s Sys=0.00s Real=0.00s
[2022-04-29T04:13:48.602+0000][82][safepoint   ] Safepoint "G1Concurrent", Time since last: 3753500 ns, Reaching safepoint: 273458 ns, At safepoint: 2463417 ns, Total: 2736875 ns
[2022-04-29T04:13:48.603+0000][82][gc,marking  ] GC(17) Concurrent Cleanup for Next Mark
[2022-04-29T04:13:48.604+0000][82][gc,marking  ] GC(17) Concurrent Cleanup for Next Mark 1.547ms
[2022-04-29T04:13:48.606+0000][82][gc          ] GC(17) Concurrent Mark Cycle 156.361ms
[2022-04-29T04:13:49.165+0000][82][safepoint   ] Safepoint "ICBufferFull", Time since last: 562816209 ns, Reaching safepoint: 560583 ns, At safepoint: 12250 ns, Total: 572833 ns
[2022-04-29T04:13:49.634+0000][82][safepoint   ] Safepoint "ICBufferFull", Time since last: 468881250 ns, Reaching safepoint: 263042 ns, At safepoint: 15416 ns, Total: 278458 ns
[2022-04-29T04:13:49.960+0000][82][safepoint   ] Safepoint "ICBufferFull", Time since last: 324569959 ns, Reaching safepoint: 502583 ns, At safepoint: 19167 ns, Total: 521750 ns
[2022-04-29T04:13:50.650+0000][82][safepoint   ] Safepoint "ICBufferFull", Time since last: 690236875 ns, Reaching safepoint: 184834 ns, At safepoint: 4041 ns, Total: 188875 ns
[2022-04-29T04:13:50.940+0000][82][safepoint   ] Safepoint "ICBufferFull", Time since last: 289787000 ns, Reaching safepoint: 154250 ns, At safepoint: 73084 ns, Total: 227334 ns
[2022-04-29T04:13:51.261+0000][82][safepoint   ] Safepoint "ICBufferFull", Time since last: 321230583 ns, Reaching safepoint: 203500 ns, At safepoint: 13334 ns, Total: 216834 ns
[2022-04-29T04:13:51.537+0000][82][safepoint   ] Safepoint "ICBufferFull", Time since last: 275249750 ns, Reaching safepoint: 155583 ns, At safepoint: 4125 ns, Total: 159708 ns
[2022-04-29T04:13:51.876+0000][82][safepoint   ] Safepoint "ICBufferFull", Time since last: 339405625 ns, Reaching safepoint: 223500 ns, At safepoint: 22417 ns, Total: 245917 ns
[2022-04-29T04:13:51.879+0000][82][safepoint   ] Safepoint "ICBufferFull", Time since last: 2644542 ns, Reaching safepoint: 56291 ns, At safepoint: 6542 ns, Total: 62833 ns
[2022-04-29T04:13:51.880+0000][82][safepoint   ] Safepoint "ICBufferFull", Time since last: 1158292 ns, Reaching safepoint: 42833 ns, At safepoint: 3375 ns, Total: 46208 ns
[2022-04-29T04:13:53.771+0000][82][safepoint   ] Safepoint "Cleanup", Time since last: 1885029667 ns, Reaching safepoint: 5468375 ns, At safepoint: 92084 ns, Total: 5560459 ns
[2022-04-29T04:13:54.780+0000][82][safepoint   ] Safepoint "Cleanup", Time since last: 1008618084 ns, Reaching safepoint: 302125 ns, At safepoint: 190791 ns, Total: 492916 ns
[2022-04-29T04:13:55.781+0000][82][safepoint   ] Safepoint "Cleanup", Time since last: 1001048417 ns, Reaching safepoint: 248209 ns, At safepoint: 5458 ns, Total: 253667 ns
[2022-04-29T04:13:56.785+0000][82][safepoint   ] Safepoint "Cleanup", Time since last: 1003059751 ns, Reaching safepoint: 199458 ns, At safepoint: 5583 ns, Total: 205041 ns
[2022-04-29T04:13:57.788+0000][82][safepoint   ] Safepoint "Cleanup", Time since last: 1002720584 ns, Reaching safepoint: 914625 ns, At safepoint: 16708 ns, Total: 931333 ns
[2022-04-29T04:13:58.796+0000][82][safepoint   ] Safepoint "Cleanup", Time since last: 1007706001 ns, Reaching safepoint: 440000 ns, At safepoint: 10000 ns, Total: 450000 ns
[2022-04-29T04:13:59.803+0000][82][safepoint   ] Safepoint "Cleanup", Time since last: 1006541167 ns, Reaching safepoint: 403167 ns, At safepoint: 15750 ns, Total: 418917 ns
[2022-04-29T04:14:00.813+0000][82][safepoint   ] Safepoint "Cleanup", Time since last: 1009746541 ns, Reaching safepoint: 202292 ns, At safepoint: 5000 ns, Total: 207292 ns
[2022-04-29T04:14:01.817+0000][82][safepoint   ] Safepoint "Cleanup", Time since last: 1003424084 ns, Reaching safepoint: 559000 ns, At safepoint: 10625 ns, Total: 569625 ns
[2022-04-29T04:14:02.825+0000][82][safepoint   ] Safepoint "Cleanup", Time since last: 1007378333 ns, Reaching safepoint: 462959 ns, At safepoint: 19875 ns, Total: 482834 ns
[2022-04-29T04:14:03.307+0000][82][safepoint   ] Safepoint "ICBufferFull", Time since last: 482424000 ns, Reaching safepoint: 183667 ns, At safepoint: 14750 ns, Total: 198417 ns
[2022-04-29T04:14:04.309+0000][82][safepoint   ] Safepoint "Cleanup", Time since last: 1001177167 ns, Reaching safepoint: 76917 ns, At safepoint: 2166 ns, Total: 79083 ns
[2022-04-29T04:14:05.312+0000][82][safepoint   ] Safepoint "Cleanup", Time since last: 1002837417 ns, Reaching safepoint: 100917 ns, At safepoint: 3458 ns, Total: 104375 ns
[2022-04-29T04:14:06.315+0000][82][safepoint   ] Safepoint "Cleanup", Time since last: 1002572251 ns, Reaching safepoint: 643833 ns, At safepoint: 12917 ns, Total: 656750 ns
[2022-04-29T04:14:07.318+0000][82][safepoint   ] Safepoint "Cleanup", Time since last: 1003199625 ns, Reaching safepoint: 292584 ns, At safepoint: 15458 ns, Total: 308042 ns
[2022-04-29T04:14:09.268+0000][82][safepoint   ] Safepoint "ICBufferFull", Time since last: 1949605709 ns, Reaching safepoint: 210750 ns, At safepoint: 5334 ns, Total: 216084 ns
[2022-04-29T04:14:10.272+0000][82][safepoint   ] Safepoint "Cleanup", Time since last: 1003285750 ns, Reaching safepoint: 427875 ns, At safepoint: 16333 ns, Total: 444208 ns
[2022-04-29T04:14:11.347+0000][82][safepoint   ] Safepoint "Cleanup", Time since last: 1055914001 ns, Reaching safepoint: 19359167 ns, At safepoint: 18291 ns, Total: 19377458 ns
[2022-04-29T04:14:12.352+0000][82][safepoint   ] Safepoint "Cleanup", Time since last: 1004298917 ns, Reaching safepoint: 366334 ns, At safepoint: 15666 ns, Total: 382000 ns
[2022-04-29T04:14:13.360+0000][82][safepoint   ] Safepoint "Cleanup", Time since last: 1006937626 ns, Reaching safepoint: 737750 ns, At safepoint: 13083 ns, Total: 750833 ns
[2022-04-29T04:14:14.369+0000][82][safepoint   ] Safepoint "Cleanup", Time since last: 1008797417 ns, Reaching safepoint: 583042 ns, At safepoint: 8792 ns, Total: 591834 ns
[2022-04-29T04:14:15.309+0000][82][safepoint   ] Safepoint "ICBufferFull", Time since last: 939713000 ns, Reaching safepoint: 259542 ns, At safepoint: 15125 ns, Total: 274667 ns
[2022-04-29T04:14:15.329+0000][82][gc,start    ] GC(18) Pause Young (Normal) (G1 Evacuation Pause)
[2022-04-29T04:14:15.330+0000][82][gc,task     ] GC(18) Using 5 workers of 5 for evacuation
[2022-04-29T04:14:15.331+0000][82][gc,age      ] GC(18) Desired survivor size 20971520 bytes, new threshold 3 (max threshold 15)
[2022-04-29T04:14:15.343+0000][82][gc,age      ] GC(18) Age table with threshold 3 (max threshold 15)
[2022-04-29T04:14:15.344+0000][82][gc,age      ] GC(18) - age   1:    5376216 bytes,    5376216 total
[2022-04-29T04:14:15.345+0000][82][gc,age      ] GC(18) - age   2:    8784432 bytes,   14160648 total
[2022-04-29T04:14:15.346+0000][82][gc,age      ] GC(18) - age   3:     648208 bytes,   14808856 total
[2022-04-29T04:14:15.347+0000][82][gc,phases   ] GC(18)   Pre Evacuate Collection Set: 0.3ms
[2022-04-29T04:14:15.348+0000][82][gc,phases   ] GC(18)   Merge Heap Roots: 0.1ms
[2022-04-29T04:14:15.349+0000][82][gc,phases   ] GC(18)   Evacuate Collection Set: 10.1ms
[2022-04-29T04:14:15.349+0000][82][gc,phases   ] GC(18)   Post Evacuate Collection Set: 1.6ms
[2022-04-29T04:14:15.350+0000][82][gc,phases   ] GC(18)   Other: 6.2ms
[2022-04-29T04:14:15.351+0000][82][gc,heap     ] GC(18) Eden regions: 68->0(70)
[2022-04-29T04:14:15.351+0000][82][gc,heap     ] GC(18) Survivor regions: 8->5(10)
[2022-04-29T04:14:15.352+0000][82][gc,heap     ] GC(18) Old regions: 11->16
[2022-04-29T04:14:15.353+0000][82][gc,heap     ] GC(18) Archive regions: 2->2
[2022-04-29T04:14:15.354+0000][82][gc,heap     ] GC(18) Humongous regions: 6->6
[2022-04-29T04:14:15.355+0000][82][gc,metaspace] GC(18) Metaspace: 106178K(107840K)->106178K(107840K) NonClass: 91432K(92416K)->91432K(92416K) Class: 14745K(15424K)->14745K(15424K)
[2022-04-29T04:14:15.356+0000][82][gc          ] GC(18) Pause Young (Normal) (G1 Evacuation Pause) 375M->107M(512M) 27.298ms
[2022-04-29T04:14:15.357+0000][82][gc,cpu      ] GC(18) User=0.06s Sys=0.00s Real=0.03s
[2022-04-29T04:14:15.358+0000][82][safepoint   ] Safepoint "G1CollectForAllocation", Time since last: 19773750 ns, Reaching safepoint: 146958 ns, At safepoint: 28892000 ns, Total: 29038958 ns
[2022-04-29T04:14:15.582+0000][82][safepoint   ] Safepoint "ICBufferFull", Time since last: 223911875 ns, Reaching safepoint: 165542 ns, At safepoint: 3542 ns, Total: 169084 ns
[2022-04-29T04:14:16.586+0000][82][safepoint   ] Safepoint "Cleanup", Time since last: 1003719917 ns, Reaching safepoint: 269958 ns, At safepoint: 5083 ns, Total: 275041 ns
[2022-04-29T04:14:17.588+0000][82][safepoint   ] Safepoint "Cleanup", Time since last: 1001409584 ns, Reaching safepoint: 278792 ns, At safepoint: 5917 ns, Total: 284709 ns
[2022-04-29T04:14:18.590+0000][82][safepoint   ] Safepoint "Cleanup", Time since last: 1001620292 ns, Reaching safepoint: 630291 ns, At safepoint: 12042 ns, Total: 642333 ns
[2022-04-29T04:14:19.597+0000][82][safepoint   ] Safepoint "Cleanup", Time since last: 1007407167 ns, Reaching safepoint: 249833 ns, At safepoint: 8875 ns, Total: 258708 ns
[2022-04-29T04:14:21.605+0000][82][safepoint   ] Safepoint "Cleanup", Time since last: 2007427210 ns, Reaching safepoint: 237916 ns, At safepoint: 4709 ns, Total: 242625 ns
[2022-04-29T04:14:23.610+0000][82][safepoint   ] Safepoint "Cleanup", Time since last: 2004881209 ns, Reaching safepoint: 213792 ns, At safepoint: 17625 ns, Total: 231417 ns
[2022-04-29T04:14:24.613+0000][82][safepoint   ] Safepoint "Cleanup", Time since last: 1002704292 ns, Reaching safepoint: 327875 ns, At safepoint: 17583 ns, Total: 345458 ns
[2022-04-29T04:14:27.633+0000][82][safepoint   ] Safepoint "Cleanup", Time since last: 3019251960 ns, Reaching safepoint: 688083 ns, At safepoint: 8875 ns, Total: 696958 ns
[2022-04-29T04:14:28.640+0000][82][safepoint   ] Safepoint "Cleanup", Time since last: 1005597626 ns, Reaching safepoint: 1078208 ns, At safepoint: 7625 ns, Total: 1085833 ns
[2022-04-29T04:14:29.644+0000][82][safepoint   ] Safepoint "Cleanup", Time since last: 1003865459 ns, Reaching safepoint: 91042 ns, At safepoint: 2666 ns, Total: 93708 ns
[2022-04-29T04:14:30.646+0000][82][safepoint   ] Safepoint "Cleanup", Time since last: 1002423875 ns, Reaching safepoint: 199959 ns, At safepoint: 5333 ns, Total: 205292 ns
[2022-04-29T04:14:31.651+0000][82][safepoint   ] Safepoint "Cleanup", Time since last: 1004762542 ns, Reaching safepoint: 390292 ns, At safepoint: 14375 ns, Total: 404667 ns
[2022-04-29T04:14:33.672+0000][82][safepoint   ] Safepoint "Cleanup", Time since last: 2020492959 ns, Reaching safepoint: 295125 ns, At safepoint: 55084 ns, Total: 350209 ns
[2022-04-29T04:14:34.678+0000][82][safepoint   ] Safepoint "Cleanup", Time since last: 1003506042 ns, Reaching safepoint: 2061750 ns, At safepoint: 26666 ns, Total: 2088416 ns
[2022-04-29T04:14:36.700+0000][82][safepoint   ] Safepoint "Cleanup", Time since last: 2022242626 ns, Reaching safepoint: 424834 ns, At safepoint: 11375 ns, Total: 436209 ns
[2022-04-29T04:14:39.365+0000][82][safepoint   ] Safepoint "ICBufferFull", Time since last: 2664332501 ns, Reaching safepoint: 467500 ns, At safepoint: 7125 ns, Total: 474625 ns
[2022-04-29T04:14:39.366+0000][82][safepoint   ] Safepoint "ICBufferFull", Time since last: 687250 ns, Reaching safepoint: 20542 ns, At safepoint: 1125 ns, Total: 21667 ns
[2022-04-29T04:14:40.367+0000][82][safepoint   ] Safepoint "Cleanup", Time since last: 1001113917 ns, Reaching safepoint: 172416 ns, At safepoint: 5125 ns, Total: 177541 ns
[2022-04-29T04:14:41.380+0000][82][safepoint   ] Safepoint "Cleanup", Time since last: 1008654126 ns, Reaching safepoint: 4070083 ns, At safepoint: 10084 ns, Total: 4080167 ns
[2022-04-29T04:14:42.924+0000][82][safepoint   ] Safepoint "Cleanup", Time since last: 1543230750 ns, Reaching safepoint: 763750 ns, At safepoint: 13875 ns, Total: 777625 ns
[2022-04-29T04:14:44.939+0000][82][safepoint   ] Safepoint "Cleanup", Time since last: 2014792293 ns, Reaching safepoint: 132750 ns, At safepoint: 4792 ns, Total: 137542 ns
[2022-04-29T04:14:45.940+0000][82][safepoint   ] Safepoint "Cleanup", Time since last: 1000709208 ns, Reaching safepoint: 381167 ns, At safepoint: 11917 ns, Total: 393084 ns
[2022-04-29T04:14:46.942+0000][82][safepoint   ] Safepoint "Cleanup", Time since last: 1002130667 ns, Reaching safepoint: 287583 ns, At safepoint: 5292 ns, Total: 292875 ns
[2022-04-29T04:14:47.944+0000][82][safepoint   ] Safepoint "Cleanup", Time since last: 1001415667 ns, Reaching safepoint: 194208 ns, At safepoint: 15375 ns, Total: 209583 ns
[2022-04-29T04:14:48.949+0000][82][safepoint   ] Safepoint "Cleanup", Time since last: 1004636709 ns, Reaching safepoint: 155875 ns, At safepoint: 6167 ns, Total: 162042 ns
[2022-04-29T04:14:49.955+0000][82][safepoint   ] Safepoint "Cleanup", Time since last: 1005169292 ns, Reaching safepoint: 889000 ns, At safepoint: 21250 ns, Total: 910250 ns
[2022-04-29T04:14:50.961+0000][82][safepoint   ] Safepoint "Cleanup", Time since last: 1005927834 ns, Reaching safepoint: 118500 ns, At safepoint: 6750 ns, Total: 125250 ns
[2022-04-29T04:14:51.964+0000][82][safepoint   ] Safepoint "Cleanup", Time since last: 1002910625 ns, Reaching safepoint: 199292 ns, At safepoint: 53792 ns, Total: 253084 ns
[2022-04-29T04:14:52.973+0000][82][safepoint   ] Safepoint "Cleanup", Time since last: 1008204667 ns, Reaching safepoint: 428416 ns, At safepoint: 14792 ns, Total: 443208 ns
[2022-04-29T04:14:53.976+0000][82][safepoint   ] Safepoint "Cleanup", Time since last: 1002602501 ns, Reaching safepoint: 259791 ns, At safepoint: 9209 ns, Total: 269000 ns
[2022-04-29T04:14:54.977+0000][82][safepoint   ] Safepoint "Cleanup", Time since last: 1001047500 ns, Reaching safepoint: 120542 ns, At safepoint: 2833 ns, Total: 123375 ns
[2022-04-29T04:14:55.979+0000][82][safepoint   ] Safepoint "Cleanup", Time since last: 1001745251 ns, Reaching safepoint: 274416 ns, At safepoint: 5542 ns, Total: 279958 ns
[2022-04-29T04:14:56.980+0000][82][safepoint   ] Safepoint "Cleanup", Time since last: 1001379250 ns, Reaching safepoint: 270334 ns, At safepoint: 5375 ns, Total: 275709 ns
[2022-04-29T04:14:57.984+0000][82][safepoint   ] Safepoint "Cleanup", Time since last: 1003220917 ns, Reaching safepoint: 200291 ns, At safepoint: 7417 ns, Total: 207708 ns
[2022-04-29T04:14:58.988+0000][82][safepoint   ] Safepoint "Cleanup", Time since last: 1004098751 ns, Reaching safepoint: 121708 ns, At safepoint: 2625 ns, Total: 124333 ns
[2022-04-29T04:14:59.991+0000][82][safepoint   ] Safepoint "Cleanup", Time since last: 1002698959 ns, Reaching safepoint: 110041 ns, At safepoint: 3667 ns, Total: 113708 ns
[2022-04-29T04:15:00.994+0000][82][safepoint   ] Safepoint "Cleanup", Time since last: 1003072417 ns, Reaching safepoint: 235000 ns, At safepoint: 4833 ns, Total: 239833 ns
[2022-04-29T04:15:01.996+0000][82][safepoint   ] Safepoint "Cleanup", Time since last: 1001923917 ns, Reaching safepoint: 350167 ns, At safepoint: 18708 ns, Total: 368875 ns
[2022-04-29T04:15:02.998+0000][82][safepoint   ] Safepoint "Cleanup", Time since last: 1001719001 ns, Reaching safepoint: 126542 ns, At safepoint: 4250 ns, Total: 130792 ns
[2022-04-29T04:15:04.000+0000][82][safepoint   ] Safepoint "Cleanup", Time since last: 1001767958 ns, Reaching safepoint: 90125 ns, At safepoint: 3417 ns, Total: 93542 ns
[2022-04-29T04:15:05.006+0000][82][safepoint   ] Safepoint "Cleanup", Time since last: 1005907876 ns, Reaching safepoint: 467625 ns, At safepoint: 26500 ns, Total: 494125 ns
[2022-04-29T04:15:06.010+0000][82][safepoint   ] Safepoint "Cleanup", Time since last: 1003291792 ns, Reaching safepoint: 182833 ns, At safepoint: 7875 ns, Total: 190708 ns
[2022-04-29T04:15:07.013+0000][82][safepoint   ] Safepoint "Cleanup", Time since last: 1003391584 ns, Reaching safepoint: 402916 ns, At safepoint: 8084 ns, Total: 411000 ns
[2022-04-29T04:15:09.022+0000][82][safepoint   ] Safepoint "Cleanup", Time since last: 2008837167 ns, Reaching safepoint: 91625 ns, At safepoint: 4167 ns, Total: 95792 ns
[2022-04-29T04:15:10.024+0000][82][safepoint   ] Safepoint "Cleanup", Time since last: 1000936459 ns, Reaching safepoint: 297208 ns, At safepoint: 10709 ns, Total: 307917 ns
[2022-04-29T04:15:11.029+0000][82][safepoint   ] Safepoint "Cleanup", Time since last: 1005193458 ns, Reaching safepoint: 132125 ns, At safepoint: 5292 ns, Total: 137417 ns
[2022-04-29T04:15:12.034+0000][82][safepoint   ] Safepoint "Cleanup", Time since last: 1004923376 ns, Reaching safepoint: 184750 ns, At safepoint: 4416 ns, Total: 189166 ns
[2022-04-29T04:15:12.861+0000][82][safepoint   ] Safepoint "ICBufferFull", Time since last: 826468917 ns, Reaching safepoint: 264042 ns, At safepoint: 12458 ns, Total: 276500 ns
[2022-04-29T04:15:13.862+0000][82][safepoint   ] Safepoint "Cleanup", Time since last: 1001444001 ns, Reaching safepoint: 244625 ns, At safepoint: 6166 ns, Total: 250791 ns
[2022-04-29T04:15:14.867+0000][82][safepoint   ] Safepoint "Cleanup", Time since last: 1004760001 ns, Reaching safepoint: 259417 ns, At safepoint: 7916 ns, Total: 267333 ns
[2022-04-29T04:15:15.873+0000][82][safepoint   ] Safepoint "Cleanup", Time since last: 1004922126 ns, Reaching safepoint: 309500 ns, At safepoint: 7000 ns, Total: 316500 ns
[2022-04-29T04:15:16.880+0000][82][safepoint   ] Safepoint "Cleanup", Time since last: 1007208709 ns, Reaching safepoint: 262208 ns, At safepoint: 12958 ns, Total: 275166 ns
[2022-04-29T04:15:17.894+0000][82][safepoint   ] Safepoint "Cleanup", Time since last: 1013651334 ns, Reaching safepoint: 89292 ns, At safepoint: 18625 ns, Total: 107917 ns
[2022-04-29T04:15:18.903+0000][82][safepoint   ] Safepoint "Cleanup", Time since last: 1008852333 ns, Reaching safepoint: 531875 ns, At safepoint: 10959 ns, Total: 542834 ns
[2022-04-29T04:15:19.931+0000][82][safepoint   ] Safepoint "Cleanup", Time since last: 1027581459 ns, Reaching safepoint: 245041 ns, At safepoint: 9750 ns, Total: 254791 ns
[2022-04-29T04:15:20.934+0000][82][safepoint   ] Safepoint "Cleanup", Time since last: 1002269251 ns, Reaching safepoint: 286666 ns, At safepoint: 5500 ns, Total: 292166 ns
[2022-04-29T04:15:21.082+0000][82][gc,start    ] GC(19) Pause Young (Normal) (G1 Evacuation Pause)
[2022-04-29T04:15:21.083+0000][82][gc,task     ] GC(19) Using 5 workers of 5 for evacuation
[2022-04-29T04:15:21.084+0000][82][gc,age      ] GC(19) Desired survivor size 20971520 bytes, new threshold 15 (max threshold 15)
[2022-04-29T04:15:21.092+0000][82][gc,age      ] GC(19) Age table with threshold 15 (max threshold 15)
[2022-04-29T04:15:21.093+0000][82][gc,age      ] GC(19) - age   1:    1256224 bytes,    1256224 total
[2022-04-29T04:15:21.094+0000][82][gc,age      ] GC(19) - age   2:    3711896 bytes,    4968120 total
[2022-04-29T04:15:21.095+0000][82][gc,age      ] GC(19) - age   3:    8685392 bytes,   13653512 total
[2022-04-29T04:15:21.096+0000][82][gc,age      ] GC(19) - age   4:     648064 bytes,   14301576 total
[2022-04-29T04:15:21.096+0000][82][gc,phases   ] GC(19)   Pre Evacuate Collection Set: 0.1ms
[2022-04-29T04:15:21.097+0000][82][gc,phases   ] GC(19)   Merge Heap Roots: 0.2ms
[2022-04-29T04:15:21.098+0000][82][gc,phases   ] GC(19)   Evacuate Collection Set: 6.4ms
[2022-04-29T04:15:21.099+0000][82][gc,phases   ] GC(19)   Post Evacuate Collection Set: 1.0ms
[2022-04-29T04:15:21.100+0000][82][gc,phases   ] GC(19)   Other: 6.7ms
[2022-04-29T04:15:21.100+0000][82][gc,heap     ] GC(19) Eden regions: 70->0(72)
[2022-04-29T04:15:21.101+0000][82][gc,heap     ] GC(19) Survivor regions: 5->4(10)
[2022-04-29T04:15:21.102+0000][82][gc,heap     ] GC(19) Old regions: 16->16
[2022-04-29T04:15:21.103+0000][82][gc,heap     ] GC(19) Archive regions: 2->2
[2022-04-29T04:15:21.104+0000][82][gc,heap     ] GC(19) Humongous regions: 6->6
[2022-04-29T04:15:21.105+0000][82][gc,metaspace] GC(19) Metaspace: 107599K(109248K)->107599K(109248K) NonClass: 92824K(93824K)->92824K(93824K) Class: 14774K(15424K)->14774K(15424K)
[2022-04-29T04:15:21.106+0000][82][gc          ] GC(19) Pause Young (Normal) (G1 Evacuation Pause) 387M->105M(512M) 24.084ms
[2022-04-29T04:15:21.107+0000][82][gc,cpu      ] GC(19) User=0.02s Sys=0.00s Real=0.03s
[2022-04-29T04:15:21.107+0000][82][safepoint   ] Safepoint "G1CollectForAllocation", Time since last: 147967167 ns, Reaching safepoint: 214709 ns, At safepoint: 25347125 ns, Total: 25561834 ns
[2022-04-29T04:15:22.111+0000][82][safepoint   ] Safepoint "Cleanup", Time since last: 1003811792 ns, Reaching safepoint: 339583 ns, At safepoint: 9833 ns, Total: 349416 ns
[2022-04-29T04:15:23.124+0000][82][safepoint   ] Safepoint "Cleanup", Time since last: 1012127792 ns, Reaching safepoint: 218209 ns, At safepoint: 7041 ns, Total: 225250 ns
[2022-04-29T04:15:24.147+0000][82][safepoint   ] Safepoint "Cleanup", Time since last: 1022074751 ns, Reaching safepoint: 769875 ns, At safepoint: 18958 ns, Total: 788833 ns
[2022-04-29T04:15:27.102+0000][82][safepoint   ] Safepoint "Cleanup", Time since last: 2954545293 ns, Reaching safepoint: 500709 ns, At safepoint: 31416 ns, Total: 532125 ns
[2022-04-29T04:15:27.127+0000][82][safepoint   ] Safepoint "ICBufferFull", Time since last: 25255959 ns, Reaching safepoint: 498166 ns, At safepoint: 4375 ns, Total: 502541 ns
[2022-04-29T04:15:27.274+0000][82][safepoint   ] Safepoint "ICBufferFull", Time since last: 146843875 ns, Reaching safepoint: 174042 ns, At safepoint: 4542 ns, Total: 178584 ns
[2022-04-29T04:15:28.277+0000][82][safepoint   ] Safepoint "Cleanup", Time since last: 1002696209 ns, Reaching safepoint: 210166 ns, At safepoint: 5875 ns, Total: 216041 ns
[2022-04-29T04:15:29.292+0000][82][safepoint   ] Safepoint "Cleanup", Time since last: 1014557376 ns, Reaching safepoint: 364750 ns, At safepoint: 12625 ns, Total: 377375 ns
[2022-04-29T04:15:30.300+0000][82][safepoint   ] Safepoint "Cleanup", Time since last: 1006899708 ns, Reaching safepoint: 566584 ns, At safepoint: 15083 ns, Total: 581667 ns
[2022-04-29T04:15:31.304+0000][82][safepoint   ] Safepoint "Cleanup", Time since last: 1004215875 ns, Reaching safepoint: 220542 ns, At safepoint: 7667 ns, Total: 228209 ns
[2022-04-29T04:15:32.307+0000][82][safepoint   ] Safepoint "Cleanup", Time since last: 1003015792 ns, Reaching safepoint: 356375 ns, At safepoint: 8625 ns, Total: 365000 ns
[2022-04-29T04:15:33.311+0000][82][safepoint   ] Safepoint "Cleanup", Time since last: 1003038209 ns, Reaching safepoint: 180875 ns, At safepoint: 4208 ns, Total: 185083 ns
[2022-04-29T04:15:34.312+0000][82][safepoint   ] Safepoint "Cleanup", Time since last: 1000995584 ns, Reaching safepoint: 242292 ns, At safepoint: 4375 ns, Total: 246667 ns
[2022-04-29T04:15:35.313+0000][82][safepoint   ] Safepoint "Cleanup", Time since last: 1001348500 ns, Reaching safepoint: 84250 ns, At safepoint: 1917 ns, Total: 86167 ns
[2022-04-29T04:15:36.316+0000][82][safepoint   ] Safepoint "Cleanup", Time since last: 1002661958 ns, Reaching safepoint: 446292 ns, At safepoint: 17125 ns, Total: 463417 ns
[2022-04-29T04:15:37.327+0000][82][safepoint   ] Safepoint "Cleanup", Time since last: 1010173251 ns, Reaching safepoint: 304125 ns, At safepoint: 7333 ns, Total: 311458 ns
[2022-04-29T04:15:39.337+0000][82][safepoint   ] Safepoint "Cleanup", Time since last: 2009888501 ns, Reaching safepoint: 218542 ns, At safepoint: 9916 ns, Total: 228458 ns
[2022-04-29T04:15:42.341+0000][82][safepoint   ] Safepoint "Cleanup", Time since last: 3003733252 ns, Reaching safepoint: 364458 ns, At safepoint: 11833 ns, Total: 376291 ns
[2022-04-29T04:15:44.353+0000][82][safepoint   ] Safepoint "Cleanup", Time since last: 2011181376 ns, Reaching safepoint: 199834 ns, At safepoint: 9375 ns, Total: 209209 ns
[2022-04-29T04:15:45.360+0000][82][safepoint   ] Safepoint "Cleanup", Time since last: 1007721333 ns, Reaching safepoint: 192250 ns, At safepoint: 12209 ns, Total: 204459 ns
[2022-04-29T04:15:46.362+0000][82][safepoint   ] Safepoint "Cleanup", Time since last: 1001522834 ns, Reaching safepoint: 283416 ns, At safepoint: 10084 ns, Total: 293500 ns
[2022-04-29T04:15:47.365+0000][82][safepoint   ] Safepoint "Cleanup", Time since last: 1002743542 ns, Reaching safepoint: 316166 ns, At safepoint: 9000 ns, Total: 325166 ns
[2022-04-29T04:15:48.372+0000][82][safepoint   ] Safepoint "Cleanup", Time since last: 1006327251 ns, Reaching safepoint: 201542 ns, At safepoint: 6291 ns, Total: 207833 ns
[2022-04-29T04:15:49.375+0000][82][safepoint   ] Safepoint "Cleanup", Time since last: 1002478917 ns, Reaching safepoint: 753042 ns, At safepoint: 18208 ns, Total: 771250 ns
[2022-04-29T04:15:51.386+0000][82][safepoint   ] Safepoint "Cleanup", Time since last: 2011264543 ns, Reaching safepoint: 73167 ns, At safepoint: 16875 ns, Total: 90042 ns
[2022-04-29T04:15:52.388+0000][82][safepoint   ] Safepoint "Cleanup", Time since last: 1001189750 ns, Reaching safepoint: 256083 ns, At safepoint: 7084 ns, Total: 263167 ns
[2022-04-29T04:15:54.395+0000][82][safepoint   ] Safepoint "Cleanup", Time since last: 2007164167 ns, Reaching safepoint: 348417 ns, At safepoint: 7708 ns, Total: 356125 ns
[2022-04-29T04:15:57.402+0000][82][safepoint   ] Safepoint "Cleanup", Time since last: 3006625377 ns, Reaching safepoint: 233417 ns, At safepoint: 5375 ns, Total: 238792 ns
[2022-04-29T04:15:58.406+0000][82][safepoint   ] Safepoint "Cleanup", Time since last: 1002973000 ns, Reaching safepoint: 227792 ns, At safepoint: 7166 ns, Total: 234958 ns
[2022-04-29T04:15:59.410+0000][82][safepoint   ] Safepoint "Cleanup", Time since last: 1003818209 ns, Reaching safepoint: 182833 ns, At safepoint: 5000 ns, Total: 187833 ns
[2022-04-29T04:16:00.417+0000][82][safepoint   ] Safepoint "Cleanup", Time since last: 1005636750 ns, Reaching safepoint: 1788334 ns, At safepoint: 8166 ns, Total: 1796500 ns
[2022-04-29T04:16:02.432+0000][82][safepoint   ] Safepoint "Cleanup", Time since last: 2015830043 ns, Reaching safepoint: 71833 ns, At safepoint: 2042 ns, Total: 73875 ns
[2022-04-29T04:16:03.435+0000][82][safepoint   ] Safepoint "Cleanup", Time since last: 1002864042 ns, Reaching safepoint: 171708 ns, At safepoint: 4917 ns, Total: 176625 ns
[2022-04-29T04:16:04.437+0000][82][safepoint   ] Safepoint "Cleanup", Time since last: 1000999084 ns, Reaching safepoint: 210000 ns, At safepoint: 5042 ns, Total: 215042 ns
[2022-04-29T04:16:06.442+0000][82][safepoint   ] Safepoint "Cleanup", Time since last: 2004703584 ns, Reaching safepoint: 146292 ns, At safepoint: 6583 ns, Total: 152875 ns
[2022-04-29T04:16:07.451+0000][82][safepoint   ] Safepoint "Cleanup", Time since last: 1009091959 ns, Reaching safepoint: 223916 ns, At safepoint: 8750 ns, Total: 232666 ns
[2022-04-29T04:16:09.460+0000][82][safepoint   ] Safepoint "Cleanup", Time since last: 2009307876 ns, Reaching safepoint: 176834 ns, At safepoint: 13000 ns, Total: 189834 ns
[2022-04-29T04:16:11.462+0000][82][safepoint   ] Safepoint "Cleanup", Time since last: 2001484667 ns, Reaching safepoint: 217792 ns, At safepoint: 7000 ns, Total: 224792 ns
[2022-04-29T04:16:12.466+0000][82][safepoint   ] Safepoint "Cleanup", Time since last: 1003680917 ns, Reaching safepoint: 321333 ns, At safepoint: 26000 ns, Total: 347333 ns
[2022-04-29T04:16:13.471+0000][82][safepoint   ] Safepoint "Cleanup", Time since last: 1004896334 ns, Reaching safepoint: 337625 ns, At safepoint: 7792 ns, Total: 345417 ns
[2022-04-29T04:16:14.485+0000][82][safepoint   ] Safepoint "Cleanup", Time since last: 1012187917 ns, Reaching safepoint: 1078542 ns, At safepoint: 7625 ns, Total: 1086167 ns
[2022-04-29T04:16:15.490+0000][82][safepoint   ] Safepoint "Cleanup", Time since last: 1005543084 ns, Reaching safepoint: 230708 ns, At safepoint: 17500 ns, Total: 248208 ns
[2022-04-29T04:16:16.493+0000][82][safepoint   ] Safepoint "Cleanup", Time since last: 1001899417 ns, Reaching safepoint: 208375 ns, At safepoint: 11667 ns, Total: 220042 ns
[2022-04-29T04:16:17.506+0000][82][safepoint   ] Safepoint "Cleanup", Time since last: 1012819583 ns, Reaching safepoint: 626250 ns, At safepoint: 15000 ns, Total: 641250 ns
[2022-04-29T04:16:18.523+0000][82][safepoint   ] Safepoint "Cleanup", Time since last: 1003654376 ns, Reaching safepoint: 13322042 ns, At safepoint: 22291 ns, Total: 13344333 ns
[2022-04-29T04:16:19.532+0000][82][safepoint   ] Safepoint "Cleanup", Time since last: 1007334834 ns, Reaching safepoint: 1276042 ns, At safepoint: 13458 ns, Total: 1289500 ns
[2022-04-29T04:16:21.539+0000][82][safepoint   ] Safepoint "Cleanup", Time since last: 2007136709 ns, Reaching safepoint: 216042 ns, At safepoint: 4833 ns, Total: 220875 ns
[2022-04-29T04:16:22.544+0000][82][safepoint   ] Safepoint "Cleanup", Time since last: 1003950918 ns, Reaching safepoint: 902833 ns, At safepoint: 13958 ns, Total: 916791 ns
[2022-04-29T04:16:24.554+0000][82][safepoint   ] Safepoint "Cleanup", Time since last: 2009618501 ns, Reaching safepoint: 197833 ns, At safepoint: 10250 ns, Total: 208083 ns
[2022-04-29T04:16:27.565+0000][82][safepoint   ] Safepoint "Cleanup", Time since last: 3011452627 ns, Reaching safepoint: 118708 ns, At safepoint: 2250 ns, Total: 120958 ns
[2022-04-29T04:16:29.569+0000][82][safepoint   ] Safepoint "Cleanup", Time since last: 2002815543 ns, Reaching safepoint: 1145250 ns, At safepoint: 19458 ns, Total: 1164708 ns
[2022-04-29T04:16:30.579+0000][82][safepoint   ] Safepoint "Cleanup", Time since last: 1009921292 ns, Reaching safepoint: 604875 ns, At safepoint: 9250 ns, Total: 614125 ns
[2022-04-29T04:16:32.586+0000][82][safepoint   ] Safepoint "Cleanup", Time since last: 2005973668 ns, Reaching safepoint: 633166 ns, At safepoint: 19375 ns, Total: 652541 ns
[2022-04-29T04:16:33.596+0000][82][safepoint   ] Safepoint "Cleanup", Time since last: 1010288084 ns, Reaching safepoint: 343417 ns, At safepoint: 4417 ns, Total: 347834 ns
