[2022-05-24T08:15:49.070+0000][164][gc] Using G1
[2022-05-24T08:15:49.104+0000][164][gc,init] Version: 17.0.2+8 (release)
[2022-05-24T08:15:49.105+0000][164][gc,init] CPUs: 12 total, 12 available
[2022-05-24T08:15:49.105+0000][164][gc,init] Memory: 25532M
[2022-05-24T08:15:49.105+0000][164][gc,init] Large Page Support: Disabled
[2022-05-24T08:15:49.105+0000][164][gc,init] NUMA Support: Disabled
[2022-05-24T08:15:49.106+0000][164][gc,init] Compressed Oops: Enabled (32-bit)
[2022-05-24T08:15:49.106+0000][164][gc,init] Heap Region Size: 4M
[2022-05-24T08:15:49.106+0000][164][gc,init] Heap Min Capacity: 512M
[2022-05-24T08:15:49.106+0000][164][gc,init] Heap Initial Capacity: 512M
[2022-05-24T08:15:49.107+0000][164][gc,init] Heap Max Capacity: 512M
[2022-05-24T08:15:49.107+0000][164][gc,init] Pre-touch: Enabled
[2022-05-24T08:15:49.107+0000][164][gc,init] Parallel Workers: 10
[2022-05-24T08:15:49.108+0000][164][gc,init] Concurrent Workers: 3
[2022-05-24T08:15:49.108+0000][164][gc,init] Concurrent Refinement Workers: 10
[2022-05-24T08:15:49.108+0000][164][gc,init] Periodic GC: Disabled
[2022-05-24T08:15:49.108+0000][164][gc,metaspace] CDS archive(s) mapped at: [0x0000000800000000-0x0000000800bd2000-0x0000000800bd2000), size 12394496, SharedBaseAddress: 0x0000000800000000, ArchiveRelocationMode: 0.
[2022-05-24T08:15:49.108+0000][164][gc,metaspace] Compressed class space mapped at: 0x0000000800c00000-0x0000000840c00000, reserved size: 1073741824
[2022-05-24T08:15:49.108+0000][164][gc,metaspace] Narrow klass base: 0x0000000800000000, Narrow klass shift: 0, Narrow klass range: 0x100000000
[2022-05-24T08:15:49.409+0000][164][safepoint   ] Safepoint "ICBufferFull", Time since last: 294669100 ns, Reaching safepoint: 192700 ns, At safepoint: 25000 ns, Total: 217700 ns
[2022-05-24T08:15:49.707+0000][164][gc,start    ] GC(0) Pause Young (Normal) (G1 Evacuation Pause)
[2022-05-24T08:15:49.707+0000][164][gc,task     ] GC(0) Using 10 workers of 10 for evacuation
[2022-05-24T08:15:49.708+0000][164][gc,age      ] GC(0) Desired survivor size 2097152 bytes, new threshold 15 (max threshold 15)
[2022-05-24T08:15:49.711+0000][164][gc,age      ] GC(0) Age table with threshold 15 (max threshold 15)
[2022-05-24T08:15:49.711+0000][164][gc,age      ] GC(0) - age   1:    4185664 bytes,    4185664 total
[2022-05-24T08:15:49.711+0000][164][gc,phases   ] GC(0)   Pre Evacuate Collection Set: 0.2ms
[2022-05-24T08:15:49.711+0000][164][gc,phases   ] GC(0)   Merge Heap Roots: 0.2ms
[2022-05-24T08:15:49.712+0000][164][gc,phases   ] GC(0)   Evacuate Collection Set: 1.7ms
[2022-05-24T08:15:49.712+0000][164][gc,phases   ] GC(0)   Post Evacuate Collection Set: 0.7ms
[2022-05-24T08:15:49.712+0000][164][gc,phases   ] GC(0)   Other: 1.2ms
[2022-05-24T08:15:49.712+0000][164][gc,heap     ] GC(0) Eden regions: 6->0(5)
[2022-05-24T08:15:49.713+0000][164][gc,heap     ] GC(0) Survivor regions: 0->1(1)
[2022-05-24T08:15:49.713+0000][164][gc,heap     ] GC(0) Old regions: 0->1
[2022-05-24T08:15:49.713+0000][164][gc,heap     ] GC(0) Archive regions: 2->2
[2022-05-24T08:15:49.713+0000][164][gc,heap     ] GC(0) Humongous regions: 0->0
[2022-05-24T08:15:49.713+0000][164][gc,metaspace] GC(0) Metaspace: 9266K(9408K)->9266K(9408K) NonClass: 8199K(8256K)->8199K(8256K) Class: 1067K(1152K)->1067K(1152K)
[2022-05-24T08:15:49.713+0000][164][gc          ] GC(0) Pause Young (Normal) (G1 Evacuation Pause) 27M->8M(512M) 6.137ms
[2022-05-24T08:15:49.713+0000][164][gc,cpu      ] GC(0) User=0.02s Sys=0.00s Real=0.01s
[2022-05-24T08:15:49.714+0000][164][safepoint   ] Safepoint "G1CollectForAllocation", Time since last: 298044300 ns, Reaching safepoint: 203200 ns, At safepoint: 6548200 ns, Total: 6751400 ns
[2022-05-24T08:15:49.950+0000][164][gc,start    ] GC(1) Pause Young (Normal) (G1 Evacuation Pause)
[2022-05-24T08:15:49.950+0000][164][gc,task     ] GC(1) Using 10 workers of 10 for evacuation
[2022-05-24T08:15:49.950+0000][164][gc,age      ] GC(1) Desired survivor size 2097152 bytes, new threshold 1 (max threshold 15)
[2022-05-24T08:15:49.953+0000][164][gc,age      ] GC(1) Age table with threshold 1 (max threshold 15)
[2022-05-24T08:15:49.953+0000][164][gc,age      ] GC(1) - age   1:    1857064 bytes,    1857064 total
[2022-05-24T08:15:49.954+0000][164][gc,phases   ] GC(1)   Pre Evacuate Collection Set: 0.2ms
[2022-05-24T08:15:49.954+0000][164][gc,phases   ] GC(1)   Merge Heap Roots: 0.2ms
[2022-05-24T08:15:49.954+0000][164][gc,phases   ] GC(1)   Evacuate Collection Set: 1.9ms
[2022-05-24T08:15:49.954+0000][164][gc,phases   ] GC(1)   Post Evacuate Collection Set: 0.6ms
[2022-05-24T08:15:49.954+0000][164][gc,phases   ] GC(1)   Other: 1.2ms
[2022-05-24T08:15:49.954+0000][164][gc,heap     ] GC(1) Eden regions: 5->0(11)
[2022-05-24T08:15:49.955+0000][164][gc,heap     ] GC(1) Survivor regions: 1->1(1)
[2022-05-24T08:15:49.955+0000][164][gc,heap     ] GC(1) Old regions: 1->2
[2022-05-24T08:15:49.955+0000][164][gc,heap     ] GC(1) Archive regions: 2->2
[2022-05-24T08:15:49.955+0000][164][gc,heap     ] GC(1) Humongous regions: 0->0
[2022-05-24T08:15:49.955+0000][164][gc,metaspace] GC(1) Metaspace: 12571K(12800K)->12571K(12800K) NonClass: 11027K(11200K)->11027K(11200K) Class: 1543K(1600K)->1543K(1600K)
[2022-05-24T08:15:49.955+0000][164][gc          ] GC(1) Pause Young (Normal) (G1 Evacuation Pause) 28M->10M(512M) 5.689ms
[2022-05-24T08:15:49.955+0000][164][gc,cpu      ] GC(1) User=0.02s Sys=0.00s Real=0.00s
[2022-05-24T08:15:49.956+0000][164][safepoint   ] Safepoint "G1CollectForAllocation", Time since last: 235895700 ns, Reaching safepoint: 171400 ns, At safepoint: 6029600 ns, Total: 6201000 ns
[2022-05-24T08:15:50.097+0000][164][safepoint   ] Safepoint "ICBufferFull", Time since last: 141463300 ns, Reaching safepoint: 181900 ns, At safepoint: 17000 ns, Total: 198900 ns
[2022-05-24T08:15:50.408+0000][164][gc,start    ] GC(2) Pause Young (Normal) (G1 Evacuation Pause)
[2022-05-24T08:15:50.408+0000][164][gc,task     ] GC(2) Using 10 workers of 10 for evacuation
[2022-05-24T08:15:50.409+0000][164][gc,age      ] GC(2) Desired survivor size 4194304 bytes, new threshold 15 (max threshold 15)
[2022-05-24T08:15:50.413+0000][164][gc,age      ] GC(2) Age table with threshold 15 (max threshold 15)
[2022-05-24T08:15:50.413+0000][164][gc,age      ] GC(2) - age   1:    1262592 bytes,    1262592 total
[2022-05-24T08:15:50.413+0000][164][gc,age      ] GC(2) - age   2:    1830040 bytes,    3092632 total
[2022-05-24T08:15:50.413+0000][164][gc,phases   ] GC(2)   Pre Evacuate Collection Set: 0.2ms
[2022-05-24T08:15:50.414+0000][164][gc,phases   ] GC(2)   Merge Heap Roots: 0.2ms
[2022-05-24T08:15:50.414+0000][164][gc,phases   ] GC(2)   Evacuate Collection Set: 2.1ms
[2022-05-24T08:15:50.414+0000][164][gc,phases   ] GC(2)   Post Evacuate Collection Set: 1.5ms
[2022-05-24T08:15:50.414+0000][164][gc,phases   ] GC(2)   Other: 1.6ms
[2022-05-24T08:15:50.415+0000][164][gc,heap     ] GC(2) Eden regions: 11->0(58)
[2022-05-24T08:15:50.415+0000][164][gc,heap     ] GC(2) Survivor regions: 1->1(2)
[2022-05-24T08:15:50.415+0000][164][gc,heap     ] GC(2) Old regions: 2->2
[2022-05-24T08:15:50.415+0000][164][gc,heap     ] GC(2) Archive regions: 2->2
[2022-05-24T08:15:50.415+0000][164][gc,heap     ] GC(2) Humongous regions: 0->0
[2022-05-24T08:15:50.415+0000][164][gc,metaspace] GC(2) Metaspace: 15120K(15360K)->15120K(15360K) NonClass: 13341K(13440K)->13341K(13440K) Class: 1779K(1920K)->1779K(1920K)
[2022-05-24T08:15:50.416+0000][164][gc          ] GC(2) Pause Young (Normal) (G1 Evacuation Pause) 54M->11M(512M) 7.694ms
[2022-05-24T08:15:50.416+0000][164][gc,cpu      ] GC(2) User=0.03s Sys=0.01s Real=0.01s
[2022-05-24T08:15:50.416+0000][164][safepoint   ] Safepoint "G1CollectForAllocation", Time since last: 310387500 ns, Reaching safepoint: 220100 ns, At safepoint: 8072500 ns, Total: 8292600 ns
[2022-05-24T08:15:50.676+0000][164][safepoint   ] Safepoint "ICBufferFull", Time since last: 259785700 ns, Reaching safepoint: 238900 ns, At safepoint: 7200 ns, Total: 246100 ns
[2022-05-24T08:15:50.678+0000][164][safepoint   ] Safepoint "ICBufferFull", Time since last: 1251100 ns, Reaching safepoint: 264100 ns, At safepoint: 19400 ns, Total: 283500 ns
[2022-05-24T08:15:50.680+0000][164][safepoint   ] Safepoint "ICBufferFull", Time since last: 1732900 ns, Reaching safepoint: 191700 ns, At safepoint: 26400 ns, Total: 218100 ns
[2022-05-24T08:15:50.681+0000][164][safepoint   ] Safepoint "ICBufferFull", Time since last: 993400 ns, Reaching safepoint: 167900 ns, At safepoint: 18000 ns, Total: 185900 ns
[2022-05-24T08:15:50.682+0000][164][safepoint   ] Safepoint "ICBufferFull", Time since last: 701100 ns, Reaching safepoint: 252900 ns, At safepoint: 19300 ns, Total: 272200 ns
[2022-05-24T08:15:50.761+0000][164][safepoint   ] Safepoint "ICBufferFull", Time since last: 78931200 ns, Reaching safepoint: 272300 ns, At safepoint: 19700 ns, Total: 292000 ns
[2022-05-24T08:15:50.972+0000][164][gc,start    ] GC(3) Pause Young (Normal) (G1 Evacuation Pause)
[2022-05-24T08:15:50.972+0000][164][gc,task     ] GC(3) Using 10 workers of 10 for evacuation
[2022-05-24T08:15:50.972+0000][164][gc,age      ] GC(3) Desired survivor size 16777216 bytes, new threshold 15 (max threshold 15)
[2022-05-24T08:15:50.976+0000][164][gc,age      ] GC(3) Age table with threshold 15 (max threshold 15)
[2022-05-24T08:15:50.976+0000][164][gc,age      ] GC(3) - age   1:    4596568 bytes,    4596568 total
[2022-05-24T08:15:50.976+0000][164][gc,age      ] GC(3) - age   2:    1240592 bytes,    5837160 total
[2022-05-24T08:15:50.977+0000][164][gc,age      ] GC(3) - age   3:    1828584 bytes,    7665744 total
[2022-05-24T08:15:50.977+0000][164][gc,phases   ] GC(3)   Pre Evacuate Collection Set: 0.2ms
[2022-05-24T08:15:50.977+0000][164][gc,phases   ] GC(3)   Merge Heap Roots: 0.2ms
[2022-05-24T08:15:50.977+0000][164][gc,phases   ] GC(3)   Evacuate Collection Set: 2.1ms
[2022-05-24T08:15:50.977+0000][164][gc,phases   ] GC(3)   Post Evacuate Collection Set: 0.8ms
[2022-05-24T08:15:50.977+0000][164][gc,phases   ] GC(3)   Other: 2.0ms
[2022-05-24T08:15:50.978+0000][164][gc,heap     ] GC(3) Eden regions: 58->0(74)
[2022-05-24T08:15:50.978+0000][164][gc,heap     ] GC(3) Survivor regions: 1->2(8)
[2022-05-24T08:15:50.978+0000][164][gc,heap     ] GC(3) Old regions: 2->2
[2022-05-24T08:15:50.978+0000][164][gc,heap     ] GC(3) Archive regions: 2->2
[2022-05-24T08:15:50.978+0000][164][gc,heap     ] GC(3) Humongous regions: 0->0
[2022-05-24T08:15:50.978+0000][164][gc,metaspace] GC(3) Metaspace: 17920K(18240K)->17920K(18240K) NonClass: 15756K(15936K)->15756K(15936K) Class: 2163K(2304K)->2163K(2304K)
[2022-05-24T08:15:50.978+0000][164][gc          ] GC(3) Pause Young (Normal) (G1 Evacuation Pause) 243M->15M(512M) 6.778ms
[2022-05-24T08:15:50.979+0000][164][gc,cpu      ] GC(3) User=0.05s Sys=0.01s Real=0.01s
[2022-05-24T08:15:50.979+0000][164][safepoint   ] Safepoint "G1CollectForAllocation", Time since last: 210401000 ns, Reaching safepoint: 267900 ns, At safepoint: 7105900 ns, Total: 7373800 ns
[2022-05-24T08:15:51.382+0000][164][gc,start    ] GC(4) Pause Young (Normal) (G1 Evacuation Pause)
[2022-05-24T08:15:51.382+0000][164][gc,task     ] GC(4) Using 10 workers of 10 for evacuation
[2022-05-24T08:15:51.382+0000][164][gc,age      ] GC(4) Desired survivor size 20971520 bytes, new threshold 15 (max threshold 15)
[2022-05-24T08:15:51.386+0000][164][gc,age      ] GC(4) Age table with threshold 15 (max threshold 15)
[2022-05-24T08:15:51.386+0000][164][gc,age      ] GC(4) - age   1:    4719112 bytes,    4719112 total
[2022-05-24T08:15:51.386+0000][164][gc,age      ] GC(4) - age   2:    3722512 bytes,    8441624 total
[2022-05-24T08:15:51.387+0000][164][gc,age      ] GC(4) - age   3:    1240416 bytes,    9682040 total
[2022-05-24T08:15:51.387+0000][164][gc,age      ] GC(4) - age   4:    1828584 bytes,   11510624 total
[2022-05-24T08:15:51.387+0000][164][gc,phases   ] GC(4)   Pre Evacuate Collection Set: 0.2ms
[2022-05-24T08:15:51.387+0000][164][gc,phases   ] GC(4)   Merge Heap Roots: 0.1ms
[2022-05-24T08:15:51.388+0000][164][gc,phases   ] GC(4)   Evacuate Collection Set: 2.3ms
[2022-05-24T08:15:51.388+0000][164][gc,phases   ] GC(4)   Post Evacuate Collection Set: 0.7ms
[2022-05-24T08:15:51.388+0000][164][gc,phases   ] GC(4)   Other: 2.2ms
[2022-05-24T08:15:51.388+0000][164][gc,heap     ] GC(4) Eden regions: 74->0(73)
[2022-05-24T08:15:51.388+0000][164][gc,heap     ] GC(4) Survivor regions: 2->3(10)
[2022-05-24T08:15:51.388+0000][164][gc,heap     ] GC(4) Old regions: 2->2
[2022-05-24T08:15:51.389+0000][164][gc,heap     ] GC(4) Archive regions: 2->2
[2022-05-24T08:15:51.389+0000][164][gc,heap     ] GC(4) Humongous regions: 0->0
[2022-05-24T08:15:51.389+0000][164][gc,metaspace] GC(4) Metaspace: 19228K(19648K)->19228K(19648K) NonClass: 16883K(17088K)->16883K(17088K) Class: 2345K(2560K)->2345K(2560K)
[2022-05-24T08:15:51.389+0000][164][gc          ] GC(4) Pause Young (Normal) (G1 Evacuation Pause) 311M->19M(512M) 7.315ms
[2022-05-24T08:15:51.389+0000][164][gc,cpu      ] GC(4) User=0.04s Sys=0.00s Real=0.01s
[2022-05-24T08:15:51.389+0000][164][safepoint   ] Safepoint "G1CollectForAllocation", Time since last: 402780100 ns, Reaching safepoint: 186800 ns, At safepoint: 7654200 ns, Total: 7841000 ns
[2022-05-24T08:15:51.723+0000][164][gc,start    ] GC(5) Pause Young (Normal) (G1 Evacuation Pause)
[2022-05-24T08:15:51.724+0000][164][gc,task     ] GC(5) Using 10 workers of 10 for evacuation
[2022-05-24T08:15:51.724+0000][164][gc,age      ] GC(5) Desired survivor size 20971520 bytes, new threshold 15 (max threshold 15)
[2022-05-24T08:15:51.729+0000][164][gc,age      ] GC(5) Age table with threshold 15 (max threshold 15)
[2022-05-24T08:15:51.730+0000][164][gc,age      ] GC(5) - age   1:    2737976 bytes,    2737976 total
[2022-05-24T08:15:51.730+0000][164][gc,age      ] GC(5) - age   2:    4133344 bytes,    6871320 total
[2022-05-24T08:15:51.731+0000][164][gc,age      ] GC(5) - age   3:    3722032 bytes,   10593352 total
[2022-05-24T08:15:51.731+0000][164][gc,age      ] GC(5) - age   4:    1240352 bytes,   11833704 total
[2022-05-24T08:15:51.731+0000][164][gc,age      ] GC(5) - age   5:    1828520 bytes,   13662224 total
[2022-05-24T08:15:51.732+0000][164][gc,phases   ] GC(5)   Pre Evacuate Collection Set: 0.2ms
[2022-05-24T08:15:51.732+0000][164][gc,phases   ] GC(5)   Merge Heap Roots: 0.1ms
[2022-05-24T08:15:51.732+0000][164][gc,phases   ] GC(5)   Evacuate Collection Set: 3.2ms
[2022-05-24T08:15:51.733+0000][164][gc,phases   ] GC(5)   Post Evacuate Collection Set: 1.5ms
[2022-05-24T08:15:51.733+0000][164][gc,phases   ] GC(5)   Other: 3.4ms
[2022-05-24T08:15:51.733+0000][164][gc,heap     ] GC(5) Eden regions: 73->0(72)
[2022-05-24T08:15:51.733+0000][164][gc,heap     ] GC(5) Survivor regions: 3->4(10)
[2022-05-24T08:15:51.733+0000][164][gc,heap     ] GC(5) Old regions: 2->2
[2022-05-24T08:15:51.733+0000][164][gc,heap     ] GC(5) Archive regions: 2->2
[2022-05-24T08:15:51.734+0000][164][gc,heap     ] GC(5) Humongous regions: 0->0
[2022-05-24T08:15:51.734+0000][164][gc,metaspace] GC(5) Metaspace: 19736K(20224K)->19736K(20224K) NonClass: 17303K(17600K)->17303K(17600K) Class: 2433K(2624K)->2433K(2624K)
[2022-05-24T08:15:51.734+0000][164][gc          ] GC(5) Pause Young (Normal) (G1 Evacuation Pause) 311M->21M(512M) 10.530ms
[2022-05-24T08:15:51.734+0000][164][gc,cpu      ] GC(5) User=0.04s Sys=0.01s Real=0.01s
[2022-05-24T08:15:51.734+0000][164][safepoint   ] Safepoint "G1CollectForAllocation", Time since last: 333817000 ns, Reaching safepoint: 263100 ns, At safepoint: 10889300 ns, Total: 11152400 ns
[2022-05-24T08:15:52.079+0000][164][gc,start    ] GC(6) Pause Young (Normal) (G1 Evacuation Pause)
[2022-05-24T08:15:52.079+0000][164][gc,task     ] GC(6) Using 10 workers of 10 for evacuation
[2022-05-24T08:15:52.079+0000][164][gc,age      ] GC(6) Desired survivor size 20971520 bytes, new threshold 15 (max threshold 15)
[2022-05-24T08:15:52.084+0000][164][gc,age      ] GC(6) Age table with threshold 15 (max threshold 15)
[2022-05-24T08:15:52.084+0000][164][gc,age      ] GC(6) - age   1:    2744648 bytes,    2744648 total
[2022-05-24T08:15:52.084+0000][164][gc,age      ] GC(6) - age   2:     662968 bytes,    3407616 total
[2022-05-24T08:15:52.085+0000][164][gc,age      ] GC(6) - age   3:    4128960 bytes,    7536576 total
[2022-05-24T08:15:52.085+0000][164][gc,age      ] GC(6) - age   4:    3719352 bytes,   11255928 total
[2022-05-24T08:15:52.085+0000][164][gc,age      ] GC(6) - age   5:    1240248 bytes,   12496176 total
[2022-05-24T08:15:52.085+0000][164][gc,age      ] GC(6) - age   6:    1828488 bytes,   14324664 total
[2022-05-24T08:15:52.085+0000][164][gc,phases   ] GC(6)   Pre Evacuate Collection Set: 0.2ms
[2022-05-24T08:15:52.086+0000][164][gc,phases   ] GC(6)   Merge Heap Roots: 0.2ms
[2022-05-24T08:15:52.086+0000][164][gc,phases   ] GC(6)   Evacuate Collection Set: 2.9ms
[2022-05-24T08:15:52.086+0000][164][gc,phases   ] GC(6)   Post Evacuate Collection Set: 0.9ms
[2022-05-24T08:15:52.086+0000][164][gc,phases   ] GC(6)   Other: 2.3ms
[2022-05-24T08:15:52.086+0000][164][gc,heap     ] GC(6) Eden regions: 72->0(72)
[2022-05-24T08:15:52.087+0000][164][gc,heap     ] GC(6) Survivor regions: 4->4(10)
[2022-05-24T08:15:52.087+0000][164][gc,heap     ] GC(6) Old regions: 2->2
[2022-05-24T08:15:52.087+0000][164][gc,heap     ] GC(6) Archive regions: 2->2
[2022-05-24T08:15:52.087+0000][164][gc,heap     ] GC(6) Humongous regions: 0->0
[2022-05-24T08:15:52.087+0000][164][gc,metaspace] GC(6) Metaspace: 20887K(21440K)->20887K(21440K) NonClass: 18303K(18624K)->18303K(18624K) Class: 2584K(2816K)->2584K(2816K)
[2022-05-24T08:15:52.088+0000][164][gc          ] GC(6) Pause Young (Normal) (G1 Evacuation Pause) 309M->22M(512M) 8.525ms
[2022-05-24T08:15:52.088+0000][164][gc,cpu      ] GC(6) User=0.03s Sys=0.01s Real=0.00s
[2022-05-24T08:15:52.088+0000][164][safepoint   ] Safepoint "G1CollectForAllocation", Time since last: 344584900 ns, Reaching safepoint: 176800 ns, At safepoint: 8895700 ns, Total: 9072500 ns
[2022-05-24T08:15:52.209+0000][164][gc,start    ] GC(7) Pause Young (Concurrent Start) (Metadata GC Threshold)
[2022-05-24T08:15:52.210+0000][164][gc,task     ] GC(7) Using 10 workers of 10 for evacuation
[2022-05-24T08:15:52.210+0000][164][gc,age      ] GC(7) Desired survivor size 20971520 bytes, new threshold 15 (max threshold 15)
[2022-05-24T08:15:52.215+0000][164][gc,age      ] GC(7) Age table with threshold 15 (max threshold 15)
[2022-05-24T08:15:52.216+0000][164][gc,age      ] GC(7) - age   1:     709792 bytes,     709792 total
[2022-05-24T08:15:52.216+0000][164][gc,age      ] GC(7) - age   2:    2068728 bytes,    2778520 total
[2022-05-24T08:15:52.216+0000][164][gc,age      ] GC(7) - age   3:     662864 bytes,    3441384 total
[2022-05-24T08:15:52.217+0000][164][gc,age      ] GC(7) - age   4:    4128112 bytes,    7569496 total
[2022-05-24T08:15:52.217+0000][164][gc,age      ] GC(7) - age   5:    3719072 bytes,   11288568 total
[2022-05-24T08:15:52.217+0000][164][gc,age      ] GC(7) - age   6:    1240248 bytes,   12528816 total
[2022-05-24T08:15:52.217+0000][164][gc,age      ] GC(7) - age   7:    1828488 bytes,   14357304 total
[2022-05-24T08:15:52.217+0000][164][gc,phases   ] GC(7)   Pre Evacuate Collection Set: 0.2ms
[2022-05-24T08:15:52.218+0000][164][gc,phases   ] GC(7)   Merge Heap Roots: 0.2ms
[2022-05-24T08:15:52.218+0000][164][gc,phases   ] GC(7)   Evacuate Collection Set: 3.4ms
[2022-05-24T08:15:52.218+0000][164][gc,phases   ] GC(7)   Post Evacuate Collection Set: 1.0ms
[2022-05-24T08:15:52.218+0000][164][gc,phases   ] GC(7)   Other: 3.2ms
[2022-05-24T08:15:52.218+0000][164][gc,heap     ] GC(7) Eden regions: 32->0(72)
[2022-05-24T08:15:52.218+0000][164][gc,heap     ] GC(7) Survivor regions: 4->4(10)
[2022-05-24T08:15:52.219+0000][164][gc,heap     ] GC(7) Old regions: 2->2
[2022-05-24T08:15:52.219+0000][164][gc,heap     ] GC(7) Archive regions: 2->2
[2022-05-24T08:15:52.219+0000][164][gc,heap     ] GC(7) Humongous regions: 0->0
[2022-05-24T08:15:52.219+0000][164][gc,metaspace] GC(7) Metaspace: 21016K(21504K)->21016K(21504K) NonClass: 18405K(18688K)->18405K(18688K) Class: 2611K(2816K)->2611K(2816K)
[2022-05-24T08:15:52.219+0000][164][gc          ] GC(7) Pause Young (Concurrent Start) (Metadata GC Threshold) 150M->23M(512M) 10.015ms
[2022-05-24T08:15:52.220+0000][164][gc,cpu      ] GC(7) User=0.04s Sys=0.01s Real=0.01s
[2022-05-24T08:15:52.220+0000][164][gc          ] GC(8) Concurrent Mark Cycle
[2022-05-24T08:15:52.220+0000][164][safepoint   ] Safepoint "CollectForMetadataAllocation", Time since last: 121299600 ns, Reaching safepoint: 212100 ns, At safepoint: 10529800 ns, Total: 10741900 ns
[2022-05-24T08:15:52.220+0000][164][gc,marking  ] GC(8) Concurrent Clear Claimed Marks
[2022-05-24T08:15:52.221+0000][164][gc,marking  ] GC(8) Concurrent Clear Claimed Marks 0.455ms
[2022-05-24T08:15:52.221+0000][164][gc,marking  ] GC(8) Concurrent Scan Root Regions
[2022-05-24T08:15:52.221+0000][164][safepoint   ] Safepoint "CollectForMetadataAllocation", Time since last: 692500 ns, Reaching safepoint: 250400 ns, At safepoint: 38700 ns, Total: 289100 ns
[2022-05-24T08:15:52.223+0000][164][gc,marking  ] GC(8) Concurrent Scan Root Regions 2.497ms
[2022-05-24T08:15:52.224+0000][164][gc,marking  ] GC(8) Concurrent Mark
[2022-05-24T08:15:52.224+0000][164][gc,marking  ] GC(8) Concurrent Mark From Roots
[2022-05-24T08:15:52.224+0000][164][gc,task     ] GC(8) Using 3 workers of 3 for marking
[2022-05-24T08:15:52.228+0000][164][gc,marking  ] GC(8) Concurrent Mark From Roots 4.381ms
[2022-05-24T08:15:52.229+0000][164][gc,marking  ] GC(8) Concurrent Preclean
[2022-05-24T08:15:52.229+0000][164][gc,marking  ] GC(8) Concurrent Preclean 0.573ms
[2022-05-24T08:15:52.230+0000][164][gc,start    ] GC(8) Pause Remark
[2022-05-24T08:15:52.232+0000][164][gc          ] GC(8) Pause Remark 25M->25M(512M) 2.301ms
[2022-05-24T08:15:52.232+0000][164][gc,cpu      ] GC(8) User=0.01s Sys=0.00s Real=0.00s
[2022-05-24T08:15:52.233+0000][164][safepoint   ] Safepoint "G1Concurrent", Time since last: 8476200 ns, Reaching safepoint: 255500 ns, At safepoint: 2897400 ns, Total: 3152900 ns
[2022-05-24T08:15:52.233+0000][164][gc,marking  ] GC(8) Concurrent Mark 9.051ms
[2022-05-24T08:15:52.233+0000][164][gc,marking  ] GC(8) Concurrent Rebuild Remembered Sets
[2022-05-24T08:15:52.235+0000][164][gc,marking  ] GC(8) Concurrent Rebuild Remembered Sets 2.067ms
[2022-05-24T08:15:52.235+0000][164][gc,start    ] GC(8) Pause Cleanup
[2022-05-24T08:15:52.236+0000][164][gc          ] GC(8) Pause Cleanup 25M->25M(512M) 0.473ms
[2022-05-24T08:15:52.236+0000][164][gc,cpu      ] GC(8) User=0.00s Sys=0.00s Real=0.00s
[2022-05-24T08:15:52.236+0000][164][safepoint   ] Safepoint "G1Concurrent", Time since last: 2668200 ns, Reaching safepoint: 258500 ns, At safepoint: 902100 ns, Total: 1160600 ns
[2022-05-24T08:15:52.237+0000][164][gc,marking  ] GC(8) Concurrent Cleanup for Next Mark
[2022-05-24T08:15:52.237+0000][164][gc,marking  ] GC(8) Concurrent Cleanup for Next Mark 0.506ms
[2022-05-24T08:15:52.237+0000][164][gc          ] GC(8) Concurrent Mark Cycle 17.507ms
[2022-05-24T08:15:52.868+0000][164][safepoint   ] Safepoint "ICBufferFull", Time since last: 630978900 ns, Reaching safepoint: 267700 ns, At safepoint: 6200 ns, Total: 273900 ns
[2022-05-24T08:15:52.869+0000][164][safepoint   ] Safepoint "ICBufferFull", Time since last: 951400 ns, Reaching safepoint: 178400 ns, At safepoint: 4800 ns, Total: 183200 ns
[2022-05-24T08:15:52.870+0000][164][safepoint   ] Safepoint "ICBufferFull", Time since last: 993400 ns, Reaching safepoint: 227100 ns, At safepoint: 5900 ns, Total: 233000 ns
[2022-05-24T08:15:52.871+0000][164][safepoint   ] Safepoint "ICBufferFull", Time since last: 842300 ns, Reaching safepoint: 180600 ns, At safepoint: 6500 ns, Total: 187100 ns
[2022-05-24T08:15:52.886+0000][164][safepoint   ] Safepoint "ICBufferFull", Time since last: 15173300 ns, Reaching safepoint: 176700 ns, At safepoint: 4600 ns, Total: 181300 ns
[2022-05-24T08:15:52.887+0000][164][safepoint   ] Safepoint "ICBufferFull", Time since last: 864300 ns, Reaching safepoint: 156100 ns, At safepoint: 4400 ns, Total: 160500 ns
[2022-05-24T08:15:52.917+0000][164][safepoint   ] Safepoint "ICBufferFull", Time since last: 29782000 ns, Reaching safepoint: 259300 ns, At safepoint: 34300 ns, Total: 293600 ns
[2022-05-24T08:15:52.919+0000][164][safepoint   ] Safepoint "ICBufferFull", Time since last: 946400 ns, Reaching safepoint: 233100 ns, At safepoint: 6500 ns, Total: 239600 ns
[2022-05-24T08:15:53.094+0000][164][safepoint   ] Safepoint "ICBufferFull", Time since last: 174805200 ns, Reaching safepoint: 266900 ns, At safepoint: 21900 ns, Total: 288800 ns
[2022-05-24T08:15:53.912+0000][164][safepoint   ] Safepoint "ICBufferFull", Time since last: 817779100 ns, Reaching safepoint: 269100 ns, At safepoint: 7800 ns, Total: 276900 ns
[2022-05-24T08:15:54.649+0000][164][safepoint   ] Safepoint "ICBufferFull", Time since last: 737187900 ns, Reaching safepoint: 344700 ns, At safepoint: 45500 ns, Total: 390200 ns
[2022-05-24T08:15:54.667+0000][164][gc,start    ] GC(9) Pause Young (Concurrent Start) (Metadata GC Threshold)
[2022-05-24T08:15:54.668+0000][164][gc,task     ] GC(9) Using 10 workers of 10 for evacuation
[2022-05-24T08:15:54.668+0000][164][gc,age      ] GC(9) Desired survivor size 20971520 bytes, new threshold 15 (max threshold 15)
[2022-05-24T08:15:54.680+0000][164][gc,age      ] GC(9) Age table with threshold 15 (max threshold 15)
[2022-05-24T08:15:54.681+0000][164][gc,age      ] GC(9) - age   1:   27206488 bytes,   27206488 total
[2022-05-24T08:15:54.681+0000][164][gc,age      ] GC(9) - age   2:     687016 bytes,   27893504 total
[2022-05-24T08:15:54.681+0000][164][gc,age      ] GC(9) - age   3:    2036104 bytes,   29929608 total
[2022-05-24T08:15:54.682+0000][164][gc,age      ] GC(9) - age   4:     646424 bytes,   30576032 total
[2022-05-24T08:15:54.682+0000][164][gc,age      ] GC(9) - age   5:    4105712 bytes,   34681744 total
[2022-05-24T08:15:54.682+0000][164][gc,age      ] GC(9) - age   6:    3639840 bytes,   38321584 total
[2022-05-24T08:15:54.682+0000][164][gc,age      ] GC(9) - age   7:    1183096 bytes,   39504680 total
[2022-05-24T08:15:54.683+0000][164][gc,age      ] GC(9) - age   8:    1820616 bytes,   41325296 total
[2022-05-24T08:15:54.683+0000][164][gc,phases   ] GC(9)   Pre Evacuate Collection Set: 0.4ms
[2022-05-24T08:15:54.683+0000][164][gc,phases   ] GC(9)   Merge Heap Roots: 0.2ms
[2022-05-24T08:15:54.684+0000][164][gc,phases   ] GC(9)   Evacuate Collection Set: 9.5ms
[2022-05-24T08:15:54.684+0000][164][gc,phases   ] GC(9)   Post Evacuate Collection Set: 1.6ms
[2022-05-24T08:15:54.684+0000][164][gc,phases   ] GC(9)   Other: 4.0ms
[2022-05-24T08:15:54.684+0000][164][gc,heap     ] GC(9) Eden regions: 71->0(66)
[2022-05-24T08:15:54.685+0000][164][gc,heap     ] GC(9) Survivor regions: 4->10(10)
[2022-05-24T08:15:54.685+0000][164][gc,heap     ] GC(9) Old regions: 2->2
[2022-05-24T08:15:54.685+0000][164][gc,heap     ] GC(9) Archive regions: 2->2
[2022-05-24T08:15:54.685+0000][164][gc,heap     ] GC(9) Humongous regions: 0->0
[2022-05-24T08:15:54.685+0000][164][gc,metaspace] GC(9) Metaspace: 35140K(36096K)->35140K(36096K) NonClass: 30485K(31040K)->30485K(31040K) Class: 4655K(5056K)->4655K(5056K)
[2022-05-24T08:15:54.686+0000][164][gc          ] GC(9) Pause Young (Concurrent Start) (Metadata GC Threshold) 307M->48M(512M) 18.343ms
[2022-05-24T08:15:54.686+0000][164][gc,cpu      ] GC(9) User=0.13s Sys=0.00s Real=0.02s
[2022-05-24T08:15:54.686+0000][164][gc          ] GC(10) Concurrent Mark Cycle
[2022-05-24T08:15:54.686+0000][164][gc,marking  ] GC(10) Concurrent Clear Claimed Marks
[2022-05-24T08:15:54.686+0000][164][safepoint   ] Safepoint "CollectForMetadataAllocation", Time since last: 17655400 ns, Reaching safepoint: 203100 ns, At safepoint: 18977400 ns, Total: 19180500 ns
[2022-05-24T08:15:54.687+0000][164][gc,marking  ] GC(10) Concurrent Clear Claimed Marks 0.275ms
[2022-05-24T08:15:54.687+0000][164][gc,marking  ] GC(10) Concurrent Scan Root Regions
[2022-05-24T08:15:54.695+0000][164][gc,marking  ] GC(10) Concurrent Scan Root Regions 7.780ms
[2022-05-24T08:15:54.695+0000][164][gc,marking  ] GC(10) Concurrent Mark
[2022-05-24T08:15:54.696+0000][164][gc,marking  ] GC(10) Concurrent Mark From Roots
[2022-05-24T08:15:54.696+0000][164][gc,task     ] GC(10) Using 3 workers of 3 for marking
[2022-05-24T08:15:54.701+0000][164][gc,marking  ] GC(10) Concurrent Mark From Roots 5.350ms
[2022-05-24T08:15:54.701+0000][164][gc,marking  ] GC(10) Concurrent Preclean
[2022-05-24T08:15:54.702+0000][164][gc,marking  ] GC(10) Concurrent Preclean 0.500ms
[2022-05-24T08:15:54.703+0000][164][gc,start    ] GC(10) Pause Remark
[2022-05-24T08:15:54.705+0000][164][gc          ] GC(10) Pause Remark 50M->50M(512M) 2.844ms
[2022-05-24T08:15:54.706+0000][164][gc,cpu      ] GC(10) User=0.02s Sys=0.00s Real=0.00s
[2022-05-24T08:15:54.706+0000][164][safepoint   ] Safepoint "G1Concurrent", Time since last: 15906600 ns, Reaching safepoint: 426400 ns, At safepoint: 3582700 ns, Total: 4009100 ns
[2022-05-24T08:15:54.706+0000][164][gc,marking  ] GC(10) Concurrent Mark 11.140ms
[2022-05-24T08:15:54.707+0000][164][gc,marking  ] GC(10) Concurrent Rebuild Remembered Sets
[2022-05-24T08:15:54.709+0000][164][gc,marking  ] GC(10) Concurrent Rebuild Remembered Sets 2.117ms
[2022-05-24T08:15:54.710+0000][164][gc,start    ] GC(10) Pause Cleanup
[2022-05-24T08:15:54.710+0000][164][gc          ] GC(10) Pause Cleanup 50M->50M(512M) 0.560ms
[2022-05-24T08:15:54.710+0000][164][gc,cpu      ] GC(10) User=0.01s Sys=0.00s Real=0.00s
[2022-05-24T08:15:54.711+0000][164][safepoint   ] Safepoint "G1Concurrent", Time since last: 3091300 ns, Reaching safepoint: 379600 ns, At safepoint: 1164800 ns, Total: 1544400 ns
[2022-05-24T08:15:54.711+0000][164][gc,marking  ] GC(10) Concurrent Cleanup for Next Mark
[2022-05-24T08:15:54.712+0000][164][gc,marking  ] GC(10) Concurrent Cleanup for Next Mark 0.543ms
[2022-05-24T08:15:54.712+0000][164][gc          ] GC(10) Concurrent Mark Cycle 25.813ms
[2022-05-24T08:15:55.658+0000][164][safepoint   ] Safepoint "ICBufferFull", Time since last: 947373900 ns, Reaching safepoint: 227600 ns, At safepoint: 34500 ns, Total: 262100 ns
[2022-05-24T08:15:55.928+0000][164][safepoint   ] Safepoint "ICBufferFull", Time since last: 269231500 ns, Reaching safepoint: 262800 ns, At safepoint: 21200 ns, Total: 284000 ns
[2022-05-24T08:15:56.090+0000][164][gc,start    ] GC(11) Pause Young (Normal) (G1 Evacuation Pause)
[2022-05-24T08:15:56.091+0000][164][gc,task     ] GC(11) Using 10 workers of 10 for evacuation
[2022-05-24T08:15:56.091+0000][164][gc,age      ] GC(11) Desired survivor size 20971520 bytes, new threshold 1 (max threshold 15)
[2022-05-24T08:15:56.106+0000][164][gc,age      ] GC(11) Age table with threshold 1 (max threshold 15)
[2022-05-24T08:15:56.106+0000][164][gc,age      ] GC(11) - age   1:    6121328 bytes,    6121328 total
[2022-05-24T08:15:56.106+0000][164][gc,phases   ] GC(11)   Pre Evacuate Collection Set: 0.3ms
[2022-05-24T08:15:56.107+0000][164][gc,phases   ] GC(11)   Merge Heap Roots: 0.2ms
[2022-05-24T08:15:56.107+0000][164][gc,phases   ] GC(11)   Evacuate Collection Set: 12.4ms
[2022-05-24T08:15:56.107+0000][164][gc,phases   ] GC(11)   Post Evacuate Collection Set: 1.5ms
[2022-05-24T08:15:56.107+0000][164][gc,phases   ] GC(11)   Other: 1.7ms
[2022-05-24T08:15:56.108+0000][164][gc,heap     ] GC(11) Eden regions: 66->0(73)
[2022-05-24T08:15:56.108+0000][164][gc,heap     ] GC(11) Survivor regions: 10->3(10)
[2022-05-24T08:15:56.108+0000][164][gc,heap     ] GC(11) Old regions: 2->12
[2022-05-24T08:15:56.108+0000][164][gc,heap     ] GC(11) Archive regions: 2->2
[2022-05-24T08:15:56.108+0000][164][gc,heap     ] GC(11) Humongous regions: 0->0
[2022-05-24T08:15:56.109+0000][164][gc,metaspace] GC(11) Metaspace: 52196K(53440K)->52196K(53440K) NonClass: 45111K(45888K)->45111K(45888K) Class: 7085K(7552K)->7085K(7552K)
[2022-05-24T08:15:56.109+0000][164][gc          ] GC(11) Pause Young (Normal) (G1 Evacuation Pause) 312M->57M(512M) 18.411ms
[2022-05-24T08:15:56.109+0000][164][gc,cpu      ] GC(11) User=0.15s Sys=0.00s Real=0.02s
[2022-05-24T08:15:56.109+0000][164][safepoint   ] Safepoint "G1CollectForAllocation", Time since last: 162049400 ns, Reaching safepoint: 340900 ns, At safepoint: 18883300 ns, Total: 19224200 ns
[2022-05-24T08:15:56.515+0000][164][safepoint   ] Safepoint "ICBufferFull", Time since last: 405340800 ns, Reaching safepoint: 249500 ns, At safepoint: 21500 ns, Total: 271000 ns
[2022-05-24T08:15:56.747+0000][164][gc,start    ] GC(12) Pause Young (Concurrent Start) (Metadata GC Threshold)
[2022-05-24T08:15:56.747+0000][164][gc,task     ] GC(12) Using 10 workers of 10 for evacuation
[2022-05-24T08:15:56.748+0000][164][gc,age      ] GC(12) Desired survivor size 20971520 bytes, new threshold 15 (max threshold 15)
[2022-05-24T08:15:56.754+0000][164][gc,age      ] GC(12) Age table with threshold 15 (max threshold 15)
[2022-05-24T08:15:56.754+0000][164][gc,age      ] GC(12) - age   1:    3897960 bytes,    3897960 total
[2022-05-24T08:15:56.754+0000][164][gc,age      ] GC(12) - age   2:    5939328 bytes,    9837288 total
[2022-05-24T08:15:56.754+0000][164][gc,phases   ] GC(12)   Pre Evacuate Collection Set: 0.3ms
[2022-05-24T08:15:56.755+0000][164][gc,phases   ] GC(12)   Merge Heap Roots: 0.2ms
[2022-05-24T08:15:56.755+0000][164][gc,phases   ] GC(12)   Evacuate Collection Set: 3.7ms
[2022-05-24T08:15:56.755+0000][164][gc,phases   ] GC(12)   Post Evacuate Collection Set: 1.5ms
[2022-05-24T08:15:56.755+0000][164][gc,phases   ] GC(12)   Other: 1.6ms
[2022-05-24T08:15:56.755+0000][164][gc,heap     ] GC(12) Eden regions: 28->0(73)
[2022-05-24T08:15:56.756+0000][164][gc,heap     ] GC(12) Survivor regions: 3->3(10)
[2022-05-24T08:15:56.756+0000][164][gc,heap     ] GC(12) Old regions: 12->12
[2022-05-24T08:15:56.756+0000][164][gc,heap     ] GC(12) Archive regions: 2->2
[2022-05-24T08:15:56.756+0000][164][gc,heap     ] GC(12) Humongous regions: 0->0
[2022-05-24T08:15:56.756+0000][164][gc,metaspace] GC(12) Metaspace: 59422K(60608K)->59422K(60608K) NonClass: 51337K(52096K)->51337K(52096K) Class: 8084K(8512K)->8084K(8512K)
[2022-05-24T08:15:56.757+0000][164][gc          ] GC(12) Pause Young (Concurrent Start) (Metadata GC Threshold) 169M->58M(512M) 9.364ms
[2022-05-24T08:15:56.757+0000][164][gc,cpu      ] GC(12) User=0.04s Sys=0.01s Real=0.01s
[2022-05-24T08:15:56.757+0000][164][gc          ] GC(13) Concurrent Mark Cycle
[2022-05-24T08:15:56.757+0000][164][gc,marking  ] GC(13) Concurrent Clear Claimed Marks
[2022-05-24T08:15:56.757+0000][164][safepoint   ] Safepoint "CollectForMetadataAllocation", Time since last: 231426200 ns, Reaching safepoint: 869000 ns, At safepoint: 9822500 ns, Total: 10691500 ns
[2022-05-24T08:15:56.757+0000][164][gc,marking  ] GC(13) Concurrent Clear Claimed Marks 0.281ms
[2022-05-24T08:15:56.758+0000][164][gc,marking  ] GC(13) Concurrent Scan Root Regions
[2022-05-24T08:15:56.762+0000][164][gc,marking  ] GC(13) Concurrent Scan Root Regions 4.352ms
[2022-05-24T08:15:56.762+0000][164][gc,marking  ] GC(13) Concurrent Mark
[2022-05-24T08:15:56.763+0000][164][gc,marking  ] GC(13) Concurrent Mark From Roots
[2022-05-24T08:15:56.763+0000][164][gc,task     ] GC(13) Using 3 workers of 3 for marking
[2022-05-24T08:15:56.784+0000][164][safepoint   ] Safepoint "CollectForMetadataAllocation", Time since last: 27000900 ns, Reaching safepoint: 387900 ns, At safepoint: 106700 ns, Total: 494600 ns
[2022-05-24T08:15:56.793+0000][164][gc,marking  ] GC(13) Concurrent Mark From Roots 30.102ms
[2022-05-24T08:15:56.793+0000][164][gc,marking  ] GC(13) Concurrent Preclean
[2022-05-24T08:15:56.794+0000][164][gc,marking  ] GC(13) Concurrent Preclean 0.696ms
[2022-05-24T08:15:56.794+0000][164][gc,start    ] GC(13) Pause Remark
[2022-05-24T08:15:56.797+0000][164][gc          ] GC(13) Pause Remark 62M->62M(512M) 2.955ms
[2022-05-24T08:15:56.798+0000][164][gc,cpu      ] GC(13) User=0.01s Sys=0.00s Real=0.00s
[2022-05-24T08:15:56.798+0000][164][safepoint   ] Safepoint "G1Concurrent", Time since last: 9523600 ns, Reaching safepoint: 331100 ns, At safepoint: 3593000 ns, Total: 3924100 ns
[2022-05-24T08:15:56.798+0000][164][gc,marking  ] GC(13) Concurrent Mark 35.829ms
[2022-05-24T08:15:56.798+0000][164][gc,marking  ] GC(13) Concurrent Rebuild Remembered Sets
[2022-05-24T08:15:56.814+0000][164][gc,marking  ] GC(13) Concurrent Rebuild Remembered Sets 15.144ms
[2022-05-24T08:15:56.814+0000][164][gc,start    ] GC(13) Pause Cleanup
[2022-05-24T08:15:56.815+0000][164][gc          ] GC(13) Pause Cleanup 62M->62M(512M) 0.441ms
[2022-05-24T08:15:56.815+0000][164][gc,cpu      ] GC(13) User=0.00s Sys=0.00s Real=0.00s
[2022-05-24T08:15:56.815+0000][164][safepoint   ] Safepoint "G1Concurrent", Time since last: 16054200 ns, Reaching safepoint: 308900 ns, At safepoint: 903100 ns, Total: 1212000 ns
[2022-05-24T08:15:56.815+0000][164][gc,marking  ] GC(13) Concurrent Cleanup for Next Mark
[2022-05-24T08:15:56.816+0000][164][gc,marking  ] GC(13) Concurrent Cleanup for Next Mark 0.578ms
[2022-05-24T08:15:56.816+0000][164][gc          ] GC(13) Concurrent Mark Cycle 59.463ms
[2022-05-24T08:15:57.589+0000][164][safepoint   ] Safepoint "ICBufferFull", Time since last: 773147200 ns, Reaching safepoint: 328500 ns, At safepoint: 34900 ns, Total: 363400 ns
[2022-05-24T08:15:58.543+0000][164][safepoint   ] Safepoint "ICBufferFull", Time since last: 954253900 ns, Reaching safepoint: 316600 ns, At safepoint: 6600 ns, Total: 323200 ns
[2022-05-24T08:15:59.178+0000][164][safepoint   ] Safepoint "ICBufferFull", Time since last: 634822400 ns, Reaching safepoint: 200200 ns, At safepoint: 5400 ns, Total: 205600 ns
[2022-05-24T08:15:59.756+0000][164][safepoint   ] Safepoint "ICBufferFull", Time since last: 577693000 ns, Reaching safepoint: 223900 ns, At safepoint: 39400 ns, Total: 263300 ns
[2022-05-24T08:16:00.253+0000][164][gc,start    ] GC(14) Pause Young (Concurrent Start) (G1 Evacuation Pause)
[2022-05-24T08:16:00.253+0000][164][gc,task     ] GC(14) Using 10 workers of 10 for evacuation
[2022-05-24T08:16:00.253+0000][164][gc,age      ] GC(14) Desired survivor size 20971520 bytes, new threshold 15 (max threshold 15)
[2022-05-24T08:16:00.266+0000][164][gc,age      ] GC(14) Age table with threshold 15 (max threshold 15)
[2022-05-24T08:16:00.266+0000][164][gc,age      ] GC(14) - age   1:   13508208 bytes,   13508208 total
[2022-05-24T08:16:00.266+0000][164][gc,age      ] GC(14) - age   2:    3756368 bytes,   17264576 total
[2022-05-24T08:16:00.266+0000][164][gc,age      ] GC(14) - age   3:    5781984 bytes,   23046560 total
[2022-05-24T08:16:00.267+0000][164][gc,phases   ] GC(14)   Pre Evacuate Collection Set: 0.3ms
[2022-05-24T08:16:00.267+0000][164][gc,phases   ] GC(14)   Merge Heap Roots: 0.2ms
[2022-05-24T08:16:00.267+0000][164][gc,phases   ] GC(14)   Evacuate Collection Set: 10.0ms
[2022-05-24T08:16:00.267+0000][164][gc,phases   ] GC(14)   Post Evacuate Collection Set: 1.9ms
[2022-05-24T08:16:00.268+0000][164][gc,phases   ] GC(14)   Other: 2.0ms
[2022-05-24T08:16:00.268+0000][164][gc,heap     ] GC(14) Eden regions: 73->0(70)
[2022-05-24T08:16:00.268+0000][164][gc,heap     ] GC(14) Survivor regions: 3->6(10)
[2022-05-24T08:16:00.268+0000][164][gc,heap     ] GC(14) Old regions: 12->12
[2022-05-24T08:16:00.268+0000][164][gc,heap     ] GC(14) Archive regions: 2->2
[2022-05-24T08:16:00.269+0000][164][gc,heap     ] GC(14) Humongous regions: 0->0
[2022-05-24T08:16:00.269+0000][164][gc,metaspace] GC(14) Metaspace: 93183K(94656K)->93183K(94656K) NonClass: 80115K(81024K)->80115K(81024K) Class: 13068K(13632K)->13068K(13632K)
[2022-05-24T08:16:00.269+0000][164][gc          ] GC(14) Pause Young (Concurrent Start) (G1 Evacuation Pause) 350M->70M(512M) 16.337ms
[2022-05-24T08:16:00.269+0000][164][gc,cpu      ] GC(14) User=0.11s Sys=0.00s Real=0.02s
[2022-05-24T08:16:00.269+0000][164][gc          ] GC(15) Concurrent Mark Cycle
[2022-05-24T08:16:00.269+0000][164][gc,marking  ] GC(15) Concurrent Clear Claimed Marks
[2022-05-24T08:16:00.269+0000][164][safepoint   ] Safepoint "G1CollectForAllocation", Time since last: 495989400 ns, Reaching safepoint: 252100 ns, At safepoint: 16828600 ns, Total: 17080700 ns
[2022-05-24T08:16:00.270+0000][164][gc,marking  ] GC(15) Concurrent Clear Claimed Marks 0.221ms
[2022-05-24T08:16:00.270+0000][164][gc,marking  ] GC(15) Concurrent Scan Root Regions
[2022-05-24T08:16:00.282+0000][164][gc,marking  ] GC(15) Concurrent Scan Root Regions 11.874ms
[2022-05-24T08:16:00.282+0000][164][gc,marking  ] GC(15) Concurrent Mark
[2022-05-24T08:16:00.282+0000][164][gc,marking  ] GC(15) Concurrent Mark From Roots
[2022-05-24T08:16:00.282+0000][164][gc,task     ] GC(15) Using 3 workers of 3 for marking
[2022-05-24T08:16:00.323+0000][164][gc,marking  ] GC(15) Concurrent Mark From Roots 41.080ms
[2022-05-24T08:16:00.324+0000][164][gc,marking  ] GC(15) Concurrent Preclean
[2022-05-24T08:16:00.324+0000][164][gc,marking  ] GC(15) Concurrent Preclean 0.821ms
[2022-05-24T08:16:00.325+0000][164][gc,start    ] GC(15) Pause Remark
[2022-05-24T08:16:00.328+0000][164][gc          ] GC(15) Pause Remark 128M->128M(512M) 2.843ms
[2022-05-24T08:16:00.328+0000][164][gc,cpu      ] GC(15) User=0.02s Sys=0.00s Real=0.00s
[2022-05-24T08:16:00.328+0000][164][safepoint   ] Safepoint "G1Concurrent", Time since last: 55358400 ns, Reaching safepoint: 290100 ns, At safepoint: 3250300 ns, Total: 3540400 ns
[2022-05-24T08:16:00.328+0000][164][gc,marking  ] GC(15) Concurrent Mark 46.399ms
[2022-05-24T08:16:00.329+0000][164][gc,marking  ] GC(15) Concurrent Rebuild Remembered Sets
[2022-05-24T08:16:00.344+0000][164][gc,marking  ] GC(15) Concurrent Rebuild Remembered Sets 15.463ms
[2022-05-24T08:16:00.345+0000][164][gc,start    ] GC(15) Pause Cleanup
[2022-05-24T08:16:00.345+0000][164][gc          ] GC(15) Pause Cleanup 135M->135M(512M) 0.440ms
[2022-05-24T08:16:00.345+0000][164][gc,cpu      ] GC(15) User=0.00s Sys=0.00s Real=0.00s
[2022-05-24T08:16:00.345+0000][164][safepoint   ] Safepoint "G1Concurrent", Time since last: 16101000 ns, Reaching safepoint: 214500 ns, At safepoint: 870700 ns, Total: 1085200 ns
[2022-05-24T08:16:00.346+0000][164][gc,marking  ] GC(15) Concurrent Cleanup for Next Mark
[2022-05-24T08:16:00.346+0000][164][gc,marking  ] GC(15) Concurrent Cleanup for Next Mark 0.482ms
[2022-05-24T08:16:00.346+0000][164][gc          ] GC(15) Concurrent Mark Cycle 77.115ms
[2022-05-24T08:16:00.504+0000][164][safepoint   ] Safepoint "ICBufferFull", Time since last: 158447900 ns, Reaching safepoint: 187000 ns, At safepoint: 18300 ns, Total: 205300 ns
[2022-05-24T08:16:00.982+0000][164][gc,start    ] GC(16) Pause Young (Normal) (G1 Evacuation Pause)
[2022-05-24T08:16:00.982+0000][164][gc,task     ] GC(16) Using 10 workers of 10 for evacuation
[2022-05-24T08:16:00.982+0000][164][gc,age      ] GC(16) Desired survivor size 20971520 bytes, new threshold 3 (max threshold 15)
[2022-05-24T08:16:00.992+0000][164][gc,age      ] GC(16) Age table with threshold 3 (max threshold 15)
[2022-05-24T08:16:00.992+0000][164][gc,age      ] GC(16) - age   1:    2927712 bytes,    2927712 total
[2022-05-24T08:16:00.992+0000][164][gc,age      ] GC(16) - age   2:   12407040 bytes,   15334752 total
[2022-05-24T08:16:00.992+0000][164][gc,age      ] GC(16) - age   3:    3754640 bytes,   19089392 total
[2022-05-24T08:16:00.993+0000][164][gc,phases   ] GC(16)   Pre Evacuate Collection Set: 0.2ms
[2022-05-24T08:16:00.993+0000][164][gc,phases   ] GC(16)   Merge Heap Roots: 0.2ms
[2022-05-24T08:16:00.993+0000][164][gc,phases   ] GC(16)   Evacuate Collection Set: 7.6ms
[2022-05-24T08:16:00.993+0000][164][gc,phases   ] GC(16)   Post Evacuate Collection Set: 1.2ms
[2022-05-24T08:16:00.994+0000][164][gc,phases   ] GC(16)   Other: 1.8ms
[2022-05-24T08:16:00.994+0000][164][gc,heap     ] GC(16) Eden regions: 70->0(70)
[2022-05-24T08:16:00.994+0000][164][gc,heap     ] GC(16) Survivor regions: 6->6(10)
[2022-05-24T08:16:00.994+0000][164][gc,heap     ] GC(16) Old regions: 12->13
[2022-05-24T08:16:00.994+0000][164][gc,heap     ] GC(16) Archive regions: 2->2
[2022-05-24T08:16:00.995+0000][164][gc,heap     ] GC(16) Humongous regions: 6->6
[2022-05-24T08:16:00.995+0000][164][gc,metaspace] GC(16) Metaspace: 94343K(95872K)->94343K(95872K) NonClass: 81115K(82048K)->81115K(82048K) Class: 13227K(13824K)->13227K(13824K)
[2022-05-24T08:16:00.995+0000][164][gc          ] GC(16) Pause Young (Normal) (G1 Evacuation Pause) 374M->98M(512M) 13.225ms
[2022-05-24T08:16:00.995+0000][164][gc,cpu      ] GC(16) User=0.08s Sys=0.00s Real=0.01s
[2022-05-24T08:16:00.996+0000][164][safepoint   ] Safepoint "G1CollectForAllocation", Time since last: 477590000 ns, Reaching safepoint: 181600 ns, At safepoint: 13724900 ns, Total: 13906500 ns
[2022-05-24T08:16:01.829+0000][164][safepoint   ] Safepoint "ICBufferFull", Time since last: 829546100 ns, Reaching safepoint: 3457600 ns, At safepoint: 33300 ns, Total: 3490900 ns
[2022-05-24T08:16:02.829+0000][164][safepoint   ] Safepoint "Cleanup", Time since last: 1000363900 ns, Reaching safepoint: 178600 ns, At safepoint: 6600 ns, Total: 185200 ns
[2022-05-24T08:16:03.830+0000][164][safepoint   ] Safepoint "Cleanup", Time since last: 1000489300 ns, Reaching safepoint: 821100 ns, At safepoint: 24500 ns, Total: 845600 ns
[2022-05-24T08:16:05.832+0000][164][safepoint   ] Safepoint "Cleanup", Time since last: 2001574400 ns, Reaching safepoint: 201500 ns, At safepoint: 6300 ns, Total: 207800 ns
[2022-05-24T08:16:06.833+0000][164][safepoint   ] Safepoint "Cleanup", Time since last: 1000457000 ns, Reaching safepoint: 314500 ns, At safepoint: 8400 ns, Total: 322900 ns
[2022-05-24T08:16:07.834+0000][164][safepoint   ] Safepoint "Cleanup", Time since last: 1000695500 ns, Reaching safepoint: 372000 ns, At safepoint: 11600 ns, Total: 383600 ns
[2022-05-24T08:16:10.836+0000][164][safepoint   ] Safepoint "Cleanup", Time since last: 3001530000 ns, Reaching safepoint: 242300 ns, At safepoint: 8000 ns, Total: 250300 ns
[2022-05-24T08:16:14.838+0000][164][safepoint   ] Safepoint "Cleanup", Time since last: 4001550300 ns, Reaching safepoint: 232600 ns, At safepoint: 6100 ns, Total: 238700 ns
[2022-05-24T08:16:15.838+0000][164][safepoint   ] Safepoint "Cleanup", Time since last: 1000511100 ns, Reaching safepoint: 203400 ns, At safepoint: 6700 ns, Total: 210100 ns
[2022-05-24T08:16:19.185+0000][164][safepoint   ] Safepoint "Cleanup", Time since last: 3346711300 ns, Reaching safepoint: 232900 ns, At safepoint: 39500 ns, Total: 272400 ns
[2022-05-24T08:16:19.748+0000][164][gc,start    ] GC(17) Pause Young (Normal) (G1 Evacuation Pause)
[2022-05-24T08:16:19.749+0000][164][gc,task     ] GC(17) Using 10 workers of 10 for evacuation
[2022-05-24T08:16:19.749+0000][164][gc,age      ] GC(17) Desired survivor size 20971520 bytes, new threshold 15 (max threshold 15)
[2022-05-24T08:16:19.758+0000][164][gc,age      ] GC(17) Age table with threshold 15 (max threshold 15)
[2022-05-24T08:16:19.758+0000][164][gc,age      ] GC(17) - age   1:    3772152 bytes,    3772152 total
[2022-05-24T08:16:19.759+0000][164][gc,age      ] GC(17) - age   2:    1809560 bytes,    5581712 total
[2022-05-24T08:16:19.759+0000][164][gc,age      ] GC(17) - age   3:   12235496 bytes,   17817208 total
[2022-05-24T08:16:19.759+0000][164][gc,age      ] GC(17) - age   4:    3751160 bytes,   21568368 total
[2022-05-24T08:16:19.759+0000][164][gc,phases   ] GC(17)   Pre Evacuate Collection Set: 0.2ms
[2022-05-24T08:16:19.759+0000][164][gc,phases   ] GC(17)   Merge Heap Roots: 0.2ms
[2022-05-24T08:16:19.760+0000][164][gc,phases   ] GC(17)   Evacuate Collection Set: 7.1ms
[2022-05-24T08:16:19.760+0000][164][gc,phases   ] GC(17)   Post Evacuate Collection Set: 1.3ms
[2022-05-24T08:16:19.760+0000][164][gc,phases   ] GC(17)   Other: 2.1ms
[2022-05-24T08:16:19.760+0000][164][gc,heap     ] GC(17) Eden regions: 70->0(70)
[2022-05-24T08:16:19.761+0000][164][gc,heap     ] GC(17) Survivor regions: 6->6(10)
[2022-05-24T08:16:19.761+0000][164][gc,heap     ] GC(17) Old regions: 13->13
[2022-05-24T08:16:19.761+0000][164][gc,heap     ] GC(17) Archive regions: 2->2
[2022-05-24T08:16:19.761+0000][164][gc,heap     ] GC(17) Humongous regions: 6->6
[2022-05-24T08:16:19.761+0000][164][gc,metaspace] GC(17) Metaspace: 96537K(98048K)->96537K(98048K) NonClass: 83018K(83968K)->83018K(83968K) Class: 13518K(14080K)->13518K(14080K)
[2022-05-24T08:16:19.761+0000][164][gc          ] GC(17) Pause Young (Normal) (G1 Evacuation Pause) 378M->99M(512M) 13.024ms
[2022-05-24T08:16:19.762+0000][164][gc,cpu      ] GC(17) User=0.07s Sys=0.00s Real=0.02s
[2022-05-24T08:16:19.762+0000][164][safepoint   ] Safepoint "G1CollectForAllocation", Time since last: 562620700 ns, Reaching safepoint: 277300 ns, At safepoint: 13449500 ns, Total: 13726800 ns
[2022-05-24T08:16:20.762+0000][164][safepoint   ] Safepoint "Cleanup", Time since last: 1000337200 ns, Reaching safepoint: 215200 ns, At safepoint: 5800 ns, Total: 221000 ns
[2022-05-24T08:16:21.763+0000][164][safepoint   ] Safepoint "Cleanup", Time since last: 1000398100 ns, Reaching safepoint: 347500 ns, At safepoint: 11900 ns, Total: 359400 ns
[2022-05-24T08:16:23.628+0000][164][safepoint   ] Safepoint "Cleanup", Time since last: 1864172400 ns, Reaching safepoint: 242100 ns, At safepoint: 24100 ns, Total: 266200 ns
[2022-05-24T08:16:23.770+0000][164][safepoint   ] Safepoint "ICBufferFull", Time since last: 141815700 ns, Reaching safepoint: 277500 ns, At safepoint: 23300 ns, Total: 300800 ns
[2022-05-24T08:16:24.103+0000][164][safepoint   ] Safepoint "ICBufferFull", Time since last: 333257500 ns, Reaching safepoint: 200700 ns, At safepoint: 23200 ns, Total: 223900 ns
[2022-05-24T08:16:24.233+0000][164][safepoint   ] Safepoint "ICBufferFull", Time since last: 129886100 ns, Reaching safepoint: 307800 ns, At safepoint: 21000 ns, Total: 328800 ns
[2022-05-24T08:16:24.826+0000][164][safepoint   ] Safepoint "ICBufferFull", Time since last: 591964800 ns, Reaching safepoint: 215800 ns, At safepoint: 62100 ns, Total: 277900 ns
[2022-05-24T08:16:25.244+0000][164][safepoint   ] Safepoint "ICBufferFull", Time since last: 417983100 ns, Reaching safepoint: 392200 ns, At safepoint: 29100 ns, Total: 421300 ns
[2022-05-24T08:16:25.329+0000][164][gc,start    ] GC(18) Pause Young (Normal) (G1 Evacuation Pause)
[2022-05-24T08:16:25.329+0000][164][gc,task     ] GC(18) Using 10 workers of 10 for evacuation
[2022-05-24T08:16:25.330+0000][164][gc,age      ] GC(18) Desired survivor size 20971520 bytes, new threshold 4 (max threshold 15)
[2022-05-24T08:16:25.339+0000][164][gc,age      ] GC(18) Age table with threshold 4 (max threshold 15)
[2022-05-24T08:16:25.340+0000][164][gc,age      ] GC(18) - age   1:   10250896 bytes,   10250896 total
[2022-05-24T08:16:25.340+0000][164][gc,age      ] GC(18) - age   2:    2718008 bytes,   12968904 total
[2022-05-24T08:16:25.340+0000][164][gc,age      ] GC(18) - age   3:    1809352 bytes,   14778256 total
[2022-05-24T08:16:25.340+0000][164][gc,age      ] GC(18) - age   4:   12230784 bytes,   27009040 total
[2022-05-24T08:16:25.341+0000][164][gc,phases   ] GC(18)   Pre Evacuate Collection Set: 0.3ms
[2022-05-24T08:16:25.341+0000][164][gc,phases   ] GC(18)   Merge Heap Roots: 0.2ms
[2022-05-24T08:16:25.341+0000][164][gc,phases   ] GC(18)   Evacuate Collection Set: 7.3ms
[2022-05-24T08:16:25.342+0000][164][gc,phases   ] GC(18)   Post Evacuate Collection Set: 1.3ms
[2022-05-24T08:16:25.342+0000][164][gc,phases   ] GC(18)   Other: 2.8ms
[2022-05-24T08:16:25.342+0000][164][gc,heap     ] GC(18) Eden regions: 70->0(69)
[2022-05-24T08:16:25.342+0000][164][gc,heap     ] GC(18) Survivor regions: 6->7(10)
[2022-05-24T08:16:25.343+0000][164][gc,heap     ] GC(18) Old regions: 13->14
[2022-05-24T08:16:25.343+0000][164][gc,heap     ] GC(18) Archive regions: 2->2
[2022-05-24T08:16:25.343+0000][164][gc,heap     ] GC(18) Humongous regions: 6->6
[2022-05-24T08:16:25.343+0000][164][gc,metaspace] GC(18) Metaspace: 99262K(100864K)->99262K(100864K) NonClass: 85536K(86464K)->85536K(86464K) Class: 13725K(14400K)->13725K(14400K)
[2022-05-24T08:16:25.344+0000][164][gc          ] GC(18) Pause Young (Normal) (G1 Evacuation Pause) 379M->108M(512M) 14.398ms
[2022-05-24T08:16:25.344+0000][164][gc,cpu      ] GC(18) User=0.07s Sys=0.00s Real=0.01s
[2022-05-24T08:16:25.344+0000][164][safepoint   ] Safepoint "G1CollectForAllocation", Time since last: 84674100 ns, Reaching safepoint: 330200 ns, At safepoint: 14860700 ns, Total: 15190900 ns
[2022-05-24T08:16:25.567+0000][164][safepoint   ] Safepoint "ICBufferFull", Time since last: 222508400 ns, Reaching safepoint: 291700 ns, At safepoint: 21300 ns, Total: 313000 ns
[2022-05-24T08:16:26.039+0000][164][safepoint   ] Safepoint "ICBufferFull", Time since last: 469559000 ns, Reaching safepoint: 2301400 ns, At safepoint: 62400 ns, Total: 2363800 ns
[2022-05-24T08:16:26.365+0000][164][safepoint   ] Safepoint "ICBufferFull", Time since last: 325647400 ns, Reaching safepoint: 381400 ns, At safepoint: 47300 ns, Total: 428700 ns
[2022-05-24T08:16:26.982+0000][164][safepoint   ] Safepoint "ICBufferFull", Time since last: 616959200 ns, Reaching safepoint: 373800 ns, At safepoint: 37800 ns, Total: 411600 ns
[2022-05-24T08:16:27.035+0000][164][gc,start    ] GC(19) Pause Young (Normal) (G1 Evacuation Pause)
[2022-05-24T08:16:27.035+0000][164][gc,task     ] GC(19) Using 10 workers of 10 for evacuation
[2022-05-24T08:16:27.035+0000][164][gc,age      ] GC(19) Desired survivor size 20971520 bytes, new threshold 4 (max threshold 15)
[2022-05-24T08:16:27.043+0000][164][gc,age      ] GC(19) Age table with threshold 4 (max threshold 15)
[2022-05-24T08:16:27.044+0000][164][gc,age      ] GC(19) - age   1:   14590312 bytes,   14590312 total
[2022-05-24T08:16:27.044+0000][164][gc,age      ] GC(19) - age   2:    2699896 bytes,   17290208 total
[2022-05-24T08:16:27.044+0000][164][gc,age      ] GC(19) - age   3:    2717296 bytes,   20007504 total
[2022-05-24T08:16:27.044+0000][164][gc,age      ] GC(19) - age   4:    1809352 bytes,   21816856 total
[2022-05-24T08:16:27.045+0000][164][gc,phases   ] GC(19)   Pre Evacuate Collection Set: 0.2ms
[2022-05-24T08:16:27.045+0000][164][gc,phases   ] GC(19)   Merge Heap Roots: 0.2ms
[2022-05-24T08:16:27.045+0000][164][gc,phases   ] GC(19)   Evacuate Collection Set: 6.6ms
[2022-05-24T08:16:27.046+0000][164][gc,phases   ] GC(19)   Post Evacuate Collection Set: 0.9ms
[2022-05-24T08:16:27.046+0000][164][gc,phases   ] GC(19)   Other: 2.1ms
[2022-05-24T08:16:27.046+0000][164][gc,heap     ] GC(19) Eden regions: 69->0(68)
[2022-05-24T08:16:27.046+0000][164][gc,heap     ] GC(19) Survivor regions: 7->6(10)
[2022-05-24T08:16:27.046+0000][164][gc,heap     ] GC(19) Old regions: 14->17
[2022-05-24T08:16:27.047+0000][164][gc,heap     ] GC(19) Archive regions: 2->2
[2022-05-24T08:16:27.047+0000][164][gc,heap     ] GC(19) Humongous regions: 6->6
[2022-05-24T08:16:27.047+0000][164][gc,metaspace] GC(19) Metaspace: 99536K(101120K)->99536K(101120K) NonClass: 85795K(86720K)->85795K(86720K) Class: 13740K(14400K)->13740K(14400K)
[2022-05-24T08:16:27.047+0000][164][gc          ] GC(19) Pause Young (Normal) (G1 Evacuation Pause) 384M->117M(512M) 12.383ms
[2022-05-24T08:16:27.047+0000][164][gc,cpu      ] GC(19) User=0.07s Sys=0.00s Real=0.01s
[2022-05-24T08:16:27.048+0000][164][safepoint   ] Safepoint "G1CollectForAllocation", Time since last: 52490400 ns, Reaching safepoint: 171300 ns, At safepoint: 12771700 ns, Total: 12943000 ns
[2022-05-24T08:16:28.168+0000][164][safepoint   ] Safepoint "ICBufferFull", Time since last: 1120402500 ns, Reaching safepoint: 181300 ns, At safepoint: 42800 ns, Total: 224100 ns
[2022-05-24T08:16:28.510+0000][164][gc,start    ] GC(20) Pause Young (Normal) (G1 Evacuation Pause)
[2022-05-24T08:16:28.511+0000][164][gc,task     ] GC(20) Using 10 workers of 10 for evacuation
[2022-05-24T08:16:28.511+0000][164][gc,age      ] GC(20) Desired survivor size 20971520 bytes, new threshold 4 (max threshold 15)
[2022-05-24T08:16:28.517+0000][164][gc,age      ] GC(20) Age table with threshold 4 (max threshold 15)
[2022-05-24T08:16:28.517+0000][164][gc,age      ] GC(20) - age   1:   13195824 bytes,   13195824 total
[2022-05-24T08:16:28.517+0000][164][gc,age      ] GC(20) - age   2:    2850864 bytes,   16046688 total
[2022-05-24T08:16:28.518+0000][164][gc,age      ] GC(20) - age   3:    2699392 bytes,   18746080 total
[2022-05-24T08:16:28.518+0000][164][gc,age      ] GC(20) - age   4:    2712024 bytes,   21458104 total
[2022-05-24T08:16:28.518+0000][164][gc,phases   ] GC(20)   Pre Evacuate Collection Set: 0.2ms
[2022-05-24T08:16:28.518+0000][164][gc,phases   ] GC(20)   Merge Heap Roots: 0.2ms
[2022-05-24T08:16:28.519+0000][164][gc,phases   ] GC(20)   Evacuate Collection Set: 4.1ms
[2022-05-24T08:16:28.519+0000][164][gc,phases   ] GC(20)   Post Evacuate Collection Set: 1.2ms
[2022-05-24T08:16:28.519+0000][164][gc,phases   ] GC(20)   Other: 2.3ms
[2022-05-24T08:16:28.519+0000][164][gc,heap     ] GC(20) Eden regions: 68->0(68)
[2022-05-24T08:16:28.519+0000][164][gc,heap     ] GC(20) Survivor regions: 6->6(10)
[2022-05-24T08:16:28.519+0000][164][gc,heap     ] GC(20) Old regions: 17->17
[2022-05-24T08:16:28.520+0000][164][gc,heap     ] GC(20) Archive regions: 2->2
[2022-05-24T08:16:28.520+0000][164][gc,heap     ] GC(20) Humongous regions: 6->6
[2022-05-24T08:16:28.520+0000][164][gc,metaspace] GC(20) Metaspace: 99647K(101248K)->99647K(101248K) NonClass: 85899K(86848K)->85899K(86848K) Class: 13747K(14400K)->13747K(14400K)
[2022-05-24T08:16:28.520+0000][164][gc          ] GC(20) Pause Young (Normal) (G1 Evacuation Pause) 389M->117M(512M) 9.792ms
[2022-05-24T08:16:28.520+0000][164][gc,cpu      ] GC(20) User=0.05s Sys=0.00s Real=0.01s
[2022-05-24T08:16:28.520+0000][164][safepoint   ] Safepoint "G1CollectForAllocation", Time since last: 341837800 ns, Reaching safepoint: 254000 ns, At safepoint: 10143800 ns, Total: 10397800 ns
[2022-05-24T08:16:29.524+0000][164][safepoint   ] Safepoint "Cleanup", Time since last: 1000243900 ns, Reaching safepoint: 3507300 ns, At safepoint: 88800 ns, Total: 3596100 ns
[2022-05-24T08:16:29.741+0000][164][gc,start    ] GC(21) Pause Young (Normal) (G1 Evacuation Pause)
[2022-05-24T08:16:29.742+0000][164][gc,task     ] GC(21) Using 10 workers of 10 for evacuation
[2022-05-24T08:16:29.742+0000][164][gc,age      ] GC(21) Desired survivor size 20971520 bytes, new threshold 4 (max threshold 15)
[2022-05-24T08:16:29.747+0000][164][gc,age      ] GC(21) Age table with threshold 4 (max threshold 15)
[2022-05-24T08:16:29.747+0000][164][gc,age      ] GC(21) - age   1:   11590384 bytes,   11590384 total
[2022-05-24T08:16:29.748+0000][164][gc,age      ] GC(21) - age   2:    2246168 bytes,   13836552 total
[2022-05-24T08:16:29.748+0000][164][gc,age      ] GC(21) - age   3:    2849824 bytes,   16686376 total
[2022-05-24T08:16:29.748+0000][164][gc,age      ] GC(21) - age   4:    2632648 bytes,   19319024 total
[2022-05-24T08:16:29.748+0000][164][gc,phases   ] GC(21)   Pre Evacuate Collection Set: 0.2ms
[2022-05-24T08:16:29.749+0000][164][gc,phases   ] GC(21)   Merge Heap Roots: 0.2ms
[2022-05-24T08:16:29.749+0000][164][gc,phases   ] GC(21)   Evacuate Collection Set: 3.3ms
[2022-05-24T08:16:29.749+0000][164][gc,phases   ] GC(21)   Post Evacuate Collection Set: 0.9ms
[2022-05-24T08:16:29.749+0000][164][gc,phases   ] GC(21)   Other: 2.2ms
[2022-05-24T08:16:29.750+0000][164][gc,heap     ] GC(21) Eden regions: 68->0(67)
[2022-05-24T08:16:29.750+0000][164][gc,heap     ] GC(21) Survivor regions: 6->6(10)
[2022-05-24T08:16:29.750+0000][164][gc,heap     ] GC(21) Old regions: 17->18
[2022-05-24T08:16:29.750+0000][164][gc,heap     ] GC(21) Archive regions: 2->2
[2022-05-24T08:16:29.750+0000][164][gc,heap     ] GC(21) Humongous regions: 6->6
[2022-05-24T08:16:29.750+0000][164][gc,metaspace] GC(21) Metaspace: 99817K(101376K)->99817K(101376K) NonClass: 86052K(86976K)->86052K(86976K) Class: 13765K(14400K)->13765K(14400K)
[2022-05-24T08:16:29.751+0000][164][gc          ] GC(21) Pause Young (Normal) (G1 Evacuation Pause) 389M->119M(512M) 9.118ms
[2022-05-24T08:16:29.751+0000][164][gc,cpu      ] GC(21) User=0.05s Sys=0.00s Real=0.01s
[2022-05-24T08:16:29.751+0000][164][safepoint   ] Safepoint "G1CollectForAllocation", Time since last: 217001000 ns, Reaching safepoint: 190400 ns, At safepoint: 9525000 ns, Total: 9715400 ns
[2022-05-24T08:16:30.752+0000][164][safepoint   ] Safepoint "Cleanup", Time since last: 1000331400 ns, Reaching safepoint: 270100 ns, At safepoint: 26700 ns, Total: 296800 ns
[2022-05-24T08:16:31.094+0000][164][gc,start    ] GC(22) Pause Young (Normal) (G1 Evacuation Pause)
[2022-05-24T08:16:31.094+0000][164][gc,task     ] GC(22) Using 10 workers of 10 for evacuation
[2022-05-24T08:16:31.095+0000][164][gc,age      ] GC(22) Desired survivor size 20971520 bytes, new threshold 15 (max threshold 15)
[2022-05-24T08:16:31.100+0000][164][gc,age      ] GC(22) Age table with threshold 15 (max threshold 15)
[2022-05-24T08:16:31.100+0000][164][gc,age      ] GC(22) - age   1:   15662424 bytes,   15662424 total
[2022-05-24T08:16:31.101+0000][164][gc,age      ] GC(22) - age   2:    6185376 bytes,   21847800 total
[2022-05-24T08:16:31.101+0000][164][gc,age      ] GC(22) - age   3:    2246040 bytes,   24093840 total
[2022-05-24T08:16:31.101+0000][164][gc,age      ] GC(22) - age   4:    2791400 bytes,   26885240 total
[2022-05-24T08:16:31.101+0000][164][gc,age      ] GC(22) - age   5:    2592736 bytes,   29477976 total
[2022-05-24T08:16:31.102+0000][164][gc,phases   ] GC(22)   Pre Evacuate Collection Set: 0.2ms
[2022-05-24T08:16:31.102+0000][164][gc,phases   ] GC(22)   Merge Heap Roots: 0.1ms
[2022-05-24T08:16:31.102+0000][164][gc,phases   ] GC(22)   Evacuate Collection Set: 4.1ms
[2022-05-24T08:16:31.102+0000][164][gc,phases   ] GC(22)   Post Evacuate Collection Set: 0.8ms
[2022-05-24T08:16:31.102+0000][164][gc,phases   ] GC(22)   Other: 2.2ms
[2022-05-24T08:16:31.103+0000][164][gc,heap     ] GC(22) Eden regions: 67->0(64)
[2022-05-24T08:16:31.103+0000][164][gc,heap     ] GC(22) Survivor regions: 6->8(10)
[2022-05-24T08:16:31.103+0000][164][gc,heap     ] GC(22) Old regions: 18->18
[2022-05-24T08:16:31.103+0000][164][gc,heap     ] GC(22) Archive regions: 2->2
[2022-05-24T08:16:31.103+0000][164][gc,heap     ] GC(22) Humongous regions: 6->6
[2022-05-24T08:16:31.103+0000][164][gc,metaspace] GC(22) Metaspace: 99889K(101504K)->99889K(101504K) NonClass: 86111K(87040K)->86111K(87040K) Class: 13777K(14464K)->13777K(14464K)
[2022-05-24T08:16:31.104+0000][164][gc          ] GC(22) Pause Young (Normal) (G1 Evacuation Pause) 387M->128M(512M) 9.355ms
[2022-05-24T08:16:31.104+0000][164][gc,cpu      ] GC(22) User=0.06s Sys=0.00s Real=0.01s
[2022-05-24T08:16:31.104+0000][164][safepoint   ] Safepoint "G1CollectForAllocation", Time since last: 342412900 ns, Reaching safepoint: 190100 ns, At safepoint: 9777400 ns, Total: 9967500 ns
[2022-05-24T08:16:32.633+0000][164][gc,start    ] GC(23) Pause Young (Normal) (G1 Evacuation Pause)
[2022-05-24T08:16:32.633+0000][164][gc,task     ] GC(23) Using 10 workers of 10 for evacuation
[2022-05-24T08:16:32.633+0000][164][gc,age      ] GC(23) Desired survivor size 18874368 bytes, new threshold 2 (max threshold 15)
[2022-05-24T08:16:32.638+0000][164][gc,age      ] GC(23) Age table with threshold 2 (max threshold 15)
[2022-05-24T08:16:32.639+0000][164][gc,age      ] GC(23) - age   1:   15828712 bytes,   15828712 total
[2022-05-24T08:16:32.639+0000][164][gc,age      ] GC(23) - age   2:    2853800 bytes,   18682512 total
[2022-05-24T08:16:32.639+0000][164][gc,phases   ] GC(23)   Pre Evacuate Collection Set: 0.2ms
[2022-05-24T08:16:32.639+0000][164][gc,phases   ] GC(23)   Merge Heap Roots: 0.2ms
[2022-05-24T08:16:32.640+0000][164][gc,phases   ] GC(23)   Evacuate Collection Set: 3.6ms
[2022-05-24T08:16:32.640+0000][164][gc,phases   ] GC(23)   Post Evacuate Collection Set: 0.8ms
[2022-05-24T08:16:32.640+0000][164][gc,phases   ] GC(23)   Other: 1.9ms
[2022-05-24T08:16:32.640+0000][164][gc,heap     ] GC(23) Eden regions: 64->0(64)
[2022-05-24T08:16:32.641+0000][164][gc,heap     ] GC(23) Survivor regions: 8->5(9)
[2022-05-24T08:16:32.641+0000][164][gc,heap     ] GC(23) Old regions: 18->20
[2022-05-24T08:16:32.641+0000][164][gc,heap     ] GC(23) Archive regions: 2->2
[2022-05-24T08:16:32.641+0000][164][gc,heap     ] GC(23) Humongous regions: 6->6
[2022-05-24T08:16:32.641+0000][164][gc,metaspace] GC(23) Metaspace: 99912K(101568K)->99912K(101568K) NonClass: 86134K(87104K)->86134K(87104K) Class: 13777K(14464K)->13777K(14464K)
[2022-05-24T08:16:32.641+0000][164][gc          ] GC(23) Pause Young (Normal) (G1 Evacuation Pause) 384M->126M(512M) 8.846ms
[2022-05-24T08:16:32.642+0000][164][gc,cpu      ] GC(23) User=0.04s Sys=0.00s Real=0.01s
[2022-05-24T08:16:32.642+0000][164][safepoint   ] Safepoint "G1CollectForAllocation", Time since last: 1528226100 ns, Reaching safepoint: 362400 ns, At safepoint: 9234000 ns, Total: 9596400 ns
[2022-05-24T08:16:33.608+0000][164][gc,start    ] GC(24) Pause Young (Normal) (G1 Evacuation Pause)
[2022-05-24T08:16:33.608+0000][164][gc,task     ] GC(24) Using 10 workers of 10 for evacuation
[2022-05-24T08:16:33.609+0000][164][gc,age      ] GC(24) Desired survivor size 18874368 bytes, new threshold 15 (max threshold 15)
[2022-05-24T08:16:33.612+0000][164][gc,age      ] GC(24) Age table with threshold 15 (max threshold 15)
[2022-05-24T08:16:33.612+0000][164][gc,age      ] GC(24) - age   1:   10750096 bytes,   10750096 total
[2022-05-24T08:16:33.612+0000][164][gc,age      ] GC(24) - age   2:    2014488 bytes,   12764584 total
[2022-05-24T08:16:33.613+0000][164][gc,age      ] GC(24) - age   3:    1192432 bytes,   13957016 total
[2022-05-24T08:16:33.613+0000][164][gc,phases   ] GC(24)   Pre Evacuate Collection Set: 0.2ms
[2022-05-24T08:16:33.613+0000][164][gc,phases   ] GC(24)   Merge Heap Roots: 0.1ms
[2022-05-24T08:16:33.613+0000][164][gc,phases   ] GC(24)   Evacuate Collection Set: 2.1ms
[2022-05-24T08:16:33.613+0000][164][gc,phases   ] GC(24)   Post Evacuate Collection Set: 0.8ms
[2022-05-24T08:16:33.613+0000][164][gc,phases   ] GC(24)   Other: 1.4ms
[2022-05-24T08:16:33.614+0000][164][gc,heap     ] GC(24) Eden regions: 64->0(65)
[2022-05-24T08:16:33.614+0000][164][gc,heap     ] GC(24) Survivor regions: 5->4(9)
[2022-05-24T08:16:33.614+0000][164][gc,heap     ] GC(24) Old regions: 20->20
[2022-05-24T08:16:33.614+0000][164][gc,heap     ] GC(24) Archive regions: 2->2
[2022-05-24T08:16:33.614+0000][164][gc,heap     ] GC(24) Humongous regions: 6->6
[2022-05-24T08:16:33.615+0000][164][gc,metaspace] GC(24) Metaspace: 99937K(101568K)->99937K(101568K) NonClass: 86158K(87104K)->86158K(87104K) Class: 13778K(14464K)->13778K(14464K)
[2022-05-24T08:16:33.615+0000][164][gc          ] GC(24) Pause Young (Normal) (G1 Evacuation Pause) 382M->122M(512M) 6.600ms
[2022-05-24T08:16:33.615+0000][164][gc,cpu      ] GC(24) User=0.05s Sys=0.00s Real=0.01s
[2022-05-24T08:16:33.615+0000][164][safepoint   ] Safepoint "G1CollectForAllocation", Time since last: 966201500 ns, Reaching safepoint: 208800 ns, At safepoint: 6964100 ns, Total: 7172900 ns
[2022-05-24T08:16:34.684+0000][164][gc,start    ] GC(25) Pause Young (Normal) (G1 Evacuation Pause)
[2022-05-24T08:16:34.684+0000][164][gc,task     ] GC(25) Using 10 workers of 10 for evacuation
[2022-05-24T08:16:34.684+0000][164][gc,age      ] GC(25) Desired survivor size 18874368 bytes, new threshold 15 (max threshold 15)
[2022-05-24T08:16:34.689+0000][164][gc,age      ] GC(25) Age table with threshold 15 (max threshold 15)
[2022-05-24T08:16:34.689+0000][164][gc,age      ] GC(25) - age   1:   14853080 bytes,   14853080 total
[2022-05-24T08:16:34.689+0000][164][gc,age      ] GC(25) - age   2:    5708688 bytes,   20561768 total
[2022-05-24T08:16:34.690+0000][164][gc,age      ] GC(25) - age   3:    1840752 bytes,   22402520 total
[2022-05-24T08:16:34.690+0000][164][gc,age      ] GC(25) - age   4:    1192400 bytes,   23594920 total
[2022-05-24T08:16:34.690+0000][164][gc,phases   ] GC(25)   Pre Evacuate Collection Set: 0.2ms
[2022-05-24T08:16:34.690+0000][164][gc,phases   ] GC(25)   Merge Heap Roots: 0.2ms
[2022-05-24T08:16:34.691+0000][164][gc,phases   ] GC(25)   Evacuate Collection Set: 3.1ms
[2022-05-24T08:16:34.691+0000][164][gc,phases   ] GC(25)   Post Evacuate Collection Set: 0.8ms
[2022-05-24T08:16:34.691+0000][164][gc,phases   ] GC(25)   Other: 2.1ms
[2022-05-24T08:16:34.691+0000][164][gc,heap     ] GC(25) Eden regions: 65->0(63)
[2022-05-24T08:16:34.692+0000][164][gc,heap     ] GC(25) Survivor regions: 4->6(9)
[2022-05-24T08:16:34.692+0000][164][gc,heap     ] GC(25) Old regions: 20->20
[2022-05-24T08:16:34.692+0000][164][gc,heap     ] GC(25) Archive regions: 2->2
[2022-05-24T08:16:34.692+0000][164][gc,heap     ] GC(25) Humongous regions: 6->6
[2022-05-24T08:16:34.692+0000][164][gc,metaspace] GC(25) Metaspace: 99954K(101568K)->99954K(101568K) NonClass: 86175K(87104K)->86175K(87104K) Class: 13778K(14464K)->13778K(14464K)
[2022-05-24T08:16:34.692+0000][164][gc          ] GC(25) Pause Young (Normal) (G1 Evacuation Pause) 382M->131M(512M) 8.437ms
[2022-05-24T08:16:34.692+0000][164][gc,cpu      ] GC(25) User=0.03s Sys=0.01s Real=0.01s
[2022-05-24T08:16:34.693+0000][164][safepoint   ] Safepoint "G1CollectForAllocation", Time since last: 1068407400 ns, Reaching safepoint: 303800 ns, At safepoint: 8799700 ns, Total: 9103500 ns
[2022-05-24T08:16:35.693+0000][164][safepoint   ] Safepoint "Cleanup", Time since last: 1000285700 ns, Reaching safepoint: 352600 ns, At safepoint: 10000 ns, Total: 362600 ns
[2022-05-24T08:16:36.098+0000][164][gc,start    ] GC(26) Pause Young (Normal) (G1 Evacuation Pause)
[2022-05-24T08:16:36.099+0000][164][gc,task     ] GC(26) Using 10 workers of 10 for evacuation
[2022-05-24T08:16:36.099+0000][164][gc,age      ] GC(26) Desired survivor size 18874368 bytes, new threshold 2 (max threshold 15)
[2022-05-24T08:16:36.103+0000][164][gc,age      ] GC(26) Age table with threshold 2 (max threshold 15)
[2022-05-24T08:16:36.104+0000][164][gc,age      ] GC(26) - age   1:   10733904 bytes,   10733904 total
[2022-05-24T08:16:36.104+0000][164][gc,age      ] GC(26) - age   2:    3267536 bytes,   14001440 total
[2022-05-24T08:16:36.104+0000][164][gc,phases   ] GC(26)   Pre Evacuate Collection Set: 0.2ms
[2022-05-24T08:16:36.104+0000][164][gc,phases   ] GC(26)   Merge Heap Roots: 0.2ms
[2022-05-24T08:16:36.105+0000][164][gc,phases   ] GC(26)   Evacuate Collection Set: 2.6ms
[2022-05-24T08:16:36.105+0000][164][gc,phases   ] GC(26)   Post Evacuate Collection Set: 0.8ms
[2022-05-24T08:16:36.105+0000][164][gc,phases   ] GC(26)   Other: 1.9ms
[2022-05-24T08:16:36.105+0000][164][gc,heap     ] GC(26) Eden regions: 63->0(64)
[2022-05-24T08:16:36.106+0000][164][gc,heap     ] GC(26) Survivor regions: 6->4(9)
[2022-05-24T08:16:36.106+0000][164][gc,heap     ] GC(26) Old regions: 20->21
[2022-05-24T08:16:36.106+0000][164][gc,heap     ] GC(26) Archive regions: 2->2
[2022-05-24T08:16:36.106+0000][164][gc,heap     ] GC(26) Humongous regions: 6->6
[2022-05-24T08:16:36.106+0000][164][gc,metaspace] GC(26) Metaspace: 100023K(101632K)->100023K(101632K) NonClass: 86244K(87168K)->86244K(87168K) Class: 13778K(14464K)->13778K(14464K)
[2022-05-24T08:16:36.106+0000][164][gc          ] GC(26) Pause Young (Normal) (G1 Evacuation Pause) 383M->123M(512M) 8.123ms
[2022-05-24T08:16:36.107+0000][164][gc,cpu      ] GC(26) User=0.03s Sys=0.00s Real=0.01s
[2022-05-24T08:16:36.107+0000][164][safepoint   ] Safepoint "G1CollectForAllocation", Time since last: 404841800 ns, Reaching safepoint: 189200 ns, At safepoint: 8482600 ns, Total: 8671800 ns
[2022-05-24T08:16:38.068+0000][164][safepoint   ] Safepoint "Cleanup", Time since last: 1960466100 ns, Reaching safepoint: 321700 ns, At safepoint: 14000 ns, Total: 335700 ns
[2022-05-24T08:16:39.069+0000][164][safepoint   ] Safepoint "Cleanup", Time since last: 1000555700 ns, Reaching safepoint: 241600 ns, At safepoint: 13500 ns, Total: 255100 ns
[2022-05-24T08:16:40.070+0000][164][safepoint   ] Safepoint "Cleanup", Time since last: 1000436800 ns, Reaching safepoint: 432100 ns, At safepoint: 14700 ns, Total: 446800 ns
[2022-05-24T08:16:41.071+0000][164][safepoint   ] Safepoint "Cleanup", Time since last: 1000841500 ns, Reaching safepoint: 601700 ns, At safepoint: 18600 ns, Total: 620300 ns
[2022-05-24T08:16:43.895+0000][164][gc,start    ] GC(27) Pause Young (Normal) (G1 Evacuation Pause)
[2022-05-24T08:16:43.895+0000][164][gc,task     ] GC(27) Using 10 workers of 10 for evacuation
[2022-05-24T08:16:43.896+0000][164][gc,age      ] GC(27) Desired survivor size 18874368 bytes, new threshold 15 (max threshold 15)
[2022-05-24T08:16:43.899+0000][164][gc,age      ] GC(27) Age table with threshold 15 (max threshold 15)
[2022-05-24T08:16:43.899+0000][164][gc,age      ] GC(27) - age   1:    1994624 bytes,    1994624 total
[2022-05-24T08:16:43.899+0000][164][gc,age      ] GC(27) - age   2:    1012224 bytes,    3006848 total
[2022-05-24T08:16:43.899+0000][164][gc,age      ] GC(27) - age   3:    1015392 bytes,    4022240 total
[2022-05-24T08:16:43.899+0000][164][gc,phases   ] GC(27)   Pre Evacuate Collection Set: 0.2ms
[2022-05-24T08:16:43.899+0000][164][gc,phases   ] GC(27)   Merge Heap Roots: 0.2ms
[2022-05-24T08:16:43.900+0000][164][gc,phases   ] GC(27)   Evacuate Collection Set: 1.3ms
[2022-05-24T08:16:43.900+0000][164][gc,phases   ] GC(27)   Post Evacuate Collection Set: 1.0ms
[2022-05-24T08:16:43.900+0000][164][gc,phases   ] GC(27)   Other: 1.5ms
[2022-05-24T08:16:43.900+0000][164][gc,heap     ] GC(27) Eden regions: 64->0(68)
[2022-05-24T08:16:43.900+0000][164][gc,heap     ] GC(27) Survivor regions: 4->2(9)
[2022-05-24T08:16:43.901+0000][164][gc,heap     ] GC(27) Old regions: 21->21
[2022-05-24T08:16:43.901+0000][164][gc,heap     ] GC(27) Archive regions: 2->2
[2022-05-24T08:16:43.901+0000][164][gc,heap     ] GC(27) Humongous regions: 6->6
[2022-05-24T08:16:43.901+0000][164][gc,metaspace] GC(27) Metaspace: 100492K(102080K)->100492K(102080K) NonClass: 86656K(87616K)->86656K(87616K) Class: 13836K(14464K)->13836K(14464K)
[2022-05-24T08:16:43.901+0000][164][gc          ] GC(27) Pause Young (Normal) (G1 Evacuation Pause) 379M->114M(512M) 6.098ms
[2022-05-24T08:16:43.901+0000][164][gc,cpu      ] GC(27) User=0.01s Sys=0.00s Real=0.01s
[2022-05-24T08:16:43.902+0000][164][safepoint   ] Safepoint "G1CollectForAllocation", Time since last: 2823633100 ns, Reaching safepoint: 326100 ns, At safepoint: 6495900 ns, Total: 6822000 ns
[2022-05-24T08:16:44.728+0000][164][gc,start    ] GC(28) Pause Young (Normal) (G1 Evacuation Pause)
[2022-05-24T08:16:44.729+0000][164][gc,task     ] GC(28) Using 10 workers of 10 for evacuation
[2022-05-24T08:16:44.729+0000][164][gc,age      ] GC(28) Desired survivor size 18874368 bytes, new threshold 15 (max threshold 15)
[2022-05-24T08:16:44.734+0000][164][gc,age      ] GC(28) Age table with threshold 15 (max threshold 15)
[2022-05-24T08:16:44.735+0000][164][gc,age      ] GC(28) - age   1:   24352384 bytes,   24352384 total
[2022-05-24T08:16:44.735+0000][164][gc,age      ] GC(28) - age   2:    1947912 bytes,   26300296 total
[2022-05-24T08:16:44.735+0000][164][gc,age      ] GC(28) - age   3:    1012024 bytes,   27312320 total
[2022-05-24T08:16:44.736+0000][164][gc,age      ] GC(28) - age   4:    1015392 bytes,   28327712 total
[2022-05-24T08:16:44.736+0000][164][gc,phases   ] GC(28)   Pre Evacuate Collection Set: 0.3ms
[2022-05-24T08:16:44.736+0000][164][gc,phases   ] GC(28)   Merge Heap Roots: 0.3ms
[2022-05-24T08:16:44.736+0000][164][gc,phases   ] GC(28)   Evacuate Collection Set: 3.4ms
[2022-05-24T08:16:44.737+0000][164][gc,phases   ] GC(28)   Post Evacuate Collection Set: 0.9ms
[2022-05-24T08:16:44.737+0000][164][gc,phases   ] GC(28)   Other: 2.6ms
[2022-05-24T08:16:44.737+0000][164][gc,heap     ] GC(28) Eden regions: 68->0(57)
[2022-05-24T08:16:44.737+0000][164][gc,heap     ] GC(28) Survivor regions: 2->8(9)
[2022-05-24T08:16:44.738+0000][164][gc,heap     ] GC(28) Old regions: 21->21
[2022-05-24T08:16:44.738+0000][164][gc,heap     ] GC(28) Archive regions: 2->2
[2022-05-24T08:16:44.738+0000][164][gc,heap     ] GC(28) Humongous regions: 9->8
[2022-05-24T08:16:44.739+0000][164][gc,metaspace] GC(28) Metaspace: 100602K(102144K)->100602K(102144K) NonClass: 86750K(87680K)->86750K(87680K) Class: 13851K(14464K)->13851K(14464K)
[2022-05-24T08:16:44.739+0000][164][gc          ] GC(28) Pause Young (Normal) (G1 Evacuation Pause) 398M->147M(512M) 10.618ms
[2022-05-24T08:16:44.739+0000][164][gc,cpu      ] GC(28) User=0.04s Sys=0.00s Real=0.02s
[2022-05-24T08:16:44.739+0000][164][safepoint   ] Safepoint "G1CollectForAllocation", Time since last: 826448000 ns, Reaching safepoint: 308400 ns, At safepoint: 11133600 ns, Total: 11442000 ns
[2022-05-24T08:16:45.016+0000][164][gc,start    ] GC(29) Pause Young (Concurrent Start) (G1 Humongous Allocation)
[2022-05-24T08:16:45.016+0000][164][gc,task     ] GC(29) Using 10 workers of 10 for evacuation
[2022-05-24T08:16:45.016+0000][164][gc,age      ] GC(29) Desired survivor size 18874368 bytes, new threshold 1 (max threshold 15)
[2022-05-24T08:16:45.021+0000][164][gc,age      ] GC(29) Age table with threshold 1 (max threshold 15)
[2022-05-24T08:16:45.022+0000][164][gc,age      ] GC(29) - age   1:    6265368 bytes,    6265368 total
[2022-05-24T08:16:45.022+0000][164][gc,phases   ] GC(29)   Pre Evacuate Collection Set: 0.3ms
[2022-05-24T08:16:45.022+0000][164][gc,phases   ] GC(29)   Merge Heap Roots: 0.3ms
[2022-05-24T08:16:45.022+0000][164][gc,phases   ] GC(29)   Evacuate Collection Set: 3.2ms
[2022-05-24T08:16:45.023+0000][164][gc,phases   ] GC(29)   Post Evacuate Collection Set: 0.9ms
[2022-05-24T08:16:45.023+0000][164][gc,phases   ] GC(29)   Other: 1.5ms
[2022-05-24T08:16:45.023+0000][164][gc,heap     ] GC(29) Eden regions: 19->0(48)
[2022-05-24T08:16:45.023+0000][164][gc,heap     ] GC(29) Survivor regions: 8->2(9)
[2022-05-24T08:16:45.024+0000][164][gc,heap     ] GC(29) Old regions: 21->26
[2022-05-24T08:16:45.024+0000][164][gc,heap     ] GC(29) Archive regions: 2->2
[2022-05-24T08:16:45.024+0000][164][gc,heap     ] GC(29) Humongous regions: 15->15
[2022-05-24T08:16:45.024+0000][164][gc,metaspace] GC(29) Metaspace: 100602K(102144K)->100602K(102144K) NonClass: 86750K(87680K)->86750K(87680K) Class: 13851K(14464K)->13851K(14464K)
[2022-05-24T08:16:45.024+0000][164][gc          ] GC(29) Pause Young (Concurrent Start) (G1 Humongous Allocation) 249M->171M(512M) 8.660ms
[2022-05-24T08:16:45.025+0000][164][gc,cpu      ] GC(29) User=0.03s Sys=0.00s Real=0.01s
[2022-05-24T08:16:45.025+0000][164][safepoint   ] Safepoint "G1TryInitiateConcMark", Time since last: 275788600 ns, Reaching safepoint: 339800 ns, At safepoint: 9159300 ns, Total: 9499100 ns
[2022-05-24T08:16:45.025+0000][164][gc          ] GC(30) Concurrent Mark Cycle
[2022-05-24T08:16:45.025+0000][164][gc,marking  ] GC(30) Concurrent Clear Claimed Marks
[2022-05-24T08:16:45.026+0000][164][gc,marking  ] GC(30) Concurrent Clear Claimed Marks 0.382ms
[2022-05-24T08:16:45.026+0000][164][gc,marking  ] GC(30) Concurrent Scan Root Regions
[2022-05-24T08:16:45.027+0000][164][gc,marking  ] GC(30) Concurrent Scan Root Regions 1.622ms
[2022-05-24T08:16:45.028+0000][164][gc,marking  ] GC(30) Concurrent Mark
[2022-05-24T08:16:45.028+0000][164][gc,marking  ] GC(30) Concurrent Mark From Roots
[2022-05-24T08:16:45.028+0000][164][gc,task     ] GC(30) Using 3 workers of 3 for marking
[2022-05-24T08:16:45.092+0000][164][gc,marking  ] GC(30) Concurrent Mark From Roots 64.659ms
[2022-05-24T08:16:45.093+0000][164][gc,marking  ] GC(30) Concurrent Preclean
[2022-05-24T08:16:45.094+0000][164][gc,marking  ] GC(30) Concurrent Preclean 0.689ms
[2022-05-24T08:16:45.094+0000][164][gc,start    ] GC(30) Pause Remark
[2022-05-24T08:16:45.103+0000][164][gc          ] GC(30) Pause Remark 183M->183M(512M) 8.262ms
[2022-05-24T08:16:45.103+0000][164][gc,cpu      ] GC(30) User=0.06s Sys=0.00s Real=0.01s
[2022-05-24T08:16:45.103+0000][164][safepoint   ] Safepoint "G1Concurrent", Time since last: 69189200 ns, Reaching safepoint: 354400 ns, At safepoint: 9005200 ns, Total: 9359600 ns
[2022-05-24T08:16:45.104+0000][164][gc,marking  ] GC(30) Concurrent Mark 75.908ms
[2022-05-24T08:16:45.104+0000][164][gc,marking  ] GC(30) Concurrent Rebuild Remembered Sets
[2022-05-24T08:16:45.125+0000][164][gc,marking  ] GC(30) Concurrent Rebuild Remembered Sets 21.110ms
[2022-05-24T08:16:45.125+0000][164][gc,start    ] GC(30) Pause Cleanup
[2022-05-24T08:16:45.126+0000][164][gc          ] GC(30) Pause Cleanup 183M->183M(512M) 0.461ms
[2022-05-24T08:16:45.126+0000][164][gc,cpu      ] GC(30) User=0.00s Sys=0.00s Real=0.00s
[2022-05-24T08:16:45.126+0000][164][safepoint   ] Safepoint "G1Concurrent", Time since last: 21818000 ns, Reaching safepoint: 255300 ns, At safepoint: 1056000 ns, Total: 1311300 ns
[2022-05-24T08:16:45.127+0000][164][gc,marking  ] GC(30) Concurrent Cleanup for Next Mark
[2022-05-24T08:16:45.127+0000][164][gc,marking  ] GC(30) Concurrent Cleanup for Next Mark 0.406ms
[2022-05-24T08:16:45.127+0000][164][gc          ] GC(30) Concurrent Mark Cycle 102.530ms
[2022-05-24T08:16:45.191+0000][164][gc,start    ] GC(31) Pause Young (Concurrent Start) (G1 Humongous Allocation)
[2022-05-24T08:16:45.192+0000][164][gc,task     ] GC(31) Using 10 workers of 10 for evacuation
[2022-05-24T08:16:45.192+0000][164][gc,age      ] GC(31) Desired survivor size 14680064 bytes, new threshold 15 (max threshold 15)
[2022-05-24T08:16:45.195+0000][164][gc,age      ] GC(31) Age table with threshold 15 (max threshold 15)
[2022-05-24T08:16:45.195+0000][164][gc,age      ] GC(31) - age   1:     820984 bytes,     820984 total
[2022-05-24T08:16:45.195+0000][164][gc,age      ] GC(31) - age   2:    6264960 bytes,    7085944 total
[2022-05-24T08:16:45.195+0000][164][gc,phases   ] GC(31)   Pre Evacuate Collection Set: 0.2ms
[2022-05-24T08:16:45.196+0000][164][gc,phases   ] GC(31)   Merge Heap Roots: 0.1ms
[2022-05-24T08:16:45.196+0000][164][gc,phases   ] GC(31)   Evacuate Collection Set: 1.5ms
[2022-05-24T08:16:45.196+0000][164][gc,phases   ] GC(31)   Post Evacuate Collection Set: 0.6ms
[2022-05-24T08:16:45.196+0000][164][gc,phases   ] GC(31)   Other: 1.7ms
[2022-05-24T08:16:45.197+0000][164][gc,heap     ] GC(31) Eden regions: 2->0(46)
[2022-05-24T08:16:45.197+0000][164][gc,heap     ] GC(31) Survivor regions: 2->2(7)
[2022-05-24T08:16:45.197+0000][164][gc,heap     ] GC(31) Old regions: 26->26
[2022-05-24T08:16:45.197+0000][164][gc,heap     ] GC(31) Archive regions: 2->2
[2022-05-24T08:16:45.197+0000][164][gc,heap     ] GC(31) Humongous regions: 18->16
[2022-05-24T08:16:45.197+0000][164][gc,metaspace] GC(31) Metaspace: 100595K(102144K)->100595K(102144K) NonClass: 86745K(87680K)->86745K(87680K) Class: 13849K(14464K)->13849K(14464K)
[2022-05-24T08:16:45.197+0000][164][gc          ] GC(31) Pause Young (Concurrent Start) (G1 Humongous Allocation) 188M->176M(512M) 6.189ms
[2022-05-24T08:16:45.198+0000][164][gc,cpu      ] GC(31) User=0.01s Sys=0.00s Real=0.00s
[2022-05-24T08:16:45.198+0000][164][safepoint   ] Safepoint "G1TryInitiateConcMark", Time since last: 64621300 ns, Reaching safepoint: 182000 ns, At safepoint: 6537000 ns, Total: 6719000 ns
[2022-05-24T08:16:45.198+0000][164][gc          ] GC(32) Concurrent Mark Cycle
[2022-05-24T08:16:45.198+0000][164][gc,marking  ] GC(32) Concurrent Clear Claimed Marks
[2022-05-24T08:16:45.198+0000][164][gc,marking  ] GC(32) Concurrent Clear Claimed Marks 0.170ms
[2022-05-24T08:16:45.198+0000][164][gc,marking  ] GC(32) Concurrent Scan Root Regions
[2022-05-24T08:16:45.200+0000][164][gc,marking  ] GC(32) Concurrent Scan Root Regions 1.227ms
[2022-05-24T08:16:45.200+0000][164][gc,marking  ] GC(32) Concurrent Mark
[2022-05-24T08:16:45.200+0000][164][gc,marking  ] GC(32) Concurrent Mark From Roots
[2022-05-24T08:16:45.200+0000][164][gc,task     ] GC(32) Using 3 workers of 3 for marking
[2022-05-24T08:16:45.242+0000][164][gc,marking  ] GC(32) Concurrent Mark From Roots 41.944ms
[2022-05-24T08:16:45.242+0000][164][gc,marking  ] GC(32) Concurrent Preclean
[2022-05-24T08:16:45.243+0000][164][gc,marking  ] GC(32) Concurrent Preclean 0.533ms
[2022-05-24T08:16:45.243+0000][164][gc,start    ] GC(32) Pause Remark
[2022-05-24T08:16:45.246+0000][164][gc          ] GC(32) Pause Remark 209M->209M(512M) 2.816ms
[2022-05-24T08:16:45.246+0000][164][gc,cpu      ] GC(32) User=0.02s Sys=0.00s Real=0.00s
[2022-05-24T08:16:45.246+0000][164][safepoint   ] Safepoint "G1Concurrent", Time since last: 45004800 ns, Reaching safepoint: 261000 ns, At safepoint: 3204200 ns, Total: 3465200 ns
[2022-05-24T08:16:45.246+0000][164][gc,marking  ] GC(32) Concurrent Mark 46.713ms
[2022-05-24T08:16:45.247+0000][164][gc,marking  ] GC(32) Concurrent Rebuild Remembered Sets
[2022-05-24T08:16:45.267+0000][164][gc,marking  ] GC(32) Concurrent Rebuild Remembered Sets 19.976ms
[2022-05-24T08:16:45.267+0000][164][gc,start    ] GC(32) Pause Cleanup
[2022-05-24T08:16:45.268+0000][164][gc          ] GC(32) Pause Cleanup 209M->209M(512M) 0.365ms
[2022-05-24T08:16:45.268+0000][164][gc,cpu      ] GC(32) User=0.00s Sys=0.00s Real=0.00s
[2022-05-24T08:16:45.268+0000][164][safepoint   ] Safepoint "G1Concurrent", Time since last: 20755100 ns, Reaching safepoint: 216800 ns, At safepoint: 702900 ns, Total: 919700 ns
[2022-05-24T08:16:45.268+0000][164][gc,marking  ] GC(32) Concurrent Cleanup for Next Mark
[2022-05-24T08:16:45.269+0000][164][gc,marking  ] GC(32) Concurrent Cleanup for Next Mark 0.402ms
[2022-05-24T08:16:45.269+0000][164][gc          ] GC(32) Concurrent Mark Cycle 71.031ms
[2022-05-24T08:16:45.910+0000][164][gc,start    ] GC(33) Pause Young (Normal) (G1 Evacuation Pause)
[2022-05-24T08:16:45.911+0000][164][gc,task     ] GC(33) Using 10 workers of 10 for evacuation
[2022-05-24T08:16:45.911+0000][164][gc,age      ] GC(33) Desired survivor size 12582912 bytes, new threshold 15 (max threshold 15)
[2022-05-24T08:16:45.915+0000][164][gc,age      ] GC(33) Age table with threshold 15 (max threshold 15)
[2022-05-24T08:16:45.915+0000][164][gc,age      ] GC(33) - age   1:   11878128 bytes,   11878128 total
[2022-05-24T08:16:45.916+0000][164][gc,age      ] GC(33) - age   2:     820464 bytes,   12698592 total
[2022-05-24T08:16:45.916+0000][164][gc,age      ] GC(33) - age   3:    6262936 bytes,   18961528 total
[2022-05-24T08:16:45.916+0000][164][gc,phases   ] GC(33)   Pre Evacuate Collection Set: 0.2ms
[2022-05-24T08:16:45.916+0000][164][gc,phases   ] GC(33)   Merge Heap Roots: 0.2ms
[2022-05-24T08:16:45.917+0000][164][gc,phases   ] GC(33)   Evacuate Collection Set: 2.6ms
[2022-05-24T08:16:45.917+0000][164][gc,phases   ] GC(33)   Post Evacuate Collection Set: 0.8ms
[2022-05-24T08:16:45.917+0000][164][gc,phases   ] GC(33)   Other: 1.9ms
[2022-05-24T08:16:45.917+0000][164][gc,heap     ] GC(33) Eden regions: 46->0(45)
[2022-05-24T08:16:45.917+0000][164][gc,heap     ] GC(33) Survivor regions: 2->5(6)
[2022-05-24T08:16:45.918+0000][164][gc,heap     ] GC(33) Old regions: 26->26
[2022-05-24T08:16:45.918+0000][164][gc,heap     ] GC(33) Archive regions: 2->2
[2022-05-24T08:16:45.918+0000][164][gc,heap     ] GC(33) Humongous regions: 23->16
[2022-05-24T08:16:45.918+0000][164][gc,metaspace] GC(33) Metaspace: 100652K(102208K)->100652K(102208K) NonClass: 86802K(87744K)->86802K(87744K) Class: 13850K(14464K)->13850K(14464K)
[2022-05-24T08:16:45.918+0000][164][gc          ] GC(33) Pause Young (Normal) (G1 Evacuation Pause) 388M->187M(512M) 7.745ms
[2022-05-24T08:16:45.918+0000][164][gc,cpu      ] GC(33) User=0.03s Sys=0.00s Real=0.00s
[2022-05-24T08:16:45.919+0000][164][safepoint   ] Safepoint "G1CollectForAllocation", Time since last: 642251300 ns, Reaching safepoint: 285200 ns, At safepoint: 8181800 ns, Total: 8467000 ns
[2022-05-24T08:16:46.198+0000][164][gc,start    ] GC(34) Pause Young (Concurrent Start) (G1 Evacuation Pause)
[2022-05-24T08:16:46.198+0000][164][gc,task     ] GC(34) Using 10 workers of 10 for evacuation
[2022-05-24T08:16:46.199+0000][164][gc,age      ] GC(34) Desired survivor size 14680064 bytes, new threshold 3 (max threshold 15)
[2022-05-24T08:16:46.203+0000][164][gc,age      ] GC(34) Age table with threshold 3 (max threshold 15)
[2022-05-24T08:16:46.203+0000][164][gc,age      ] GC(34) - age   1:    5087768 bytes,    5087768 total
[2022-05-24T08:16:46.203+0000][164][gc,age      ] GC(34) - age   2:    8171080 bytes,   13258848 total
[2022-05-24T08:16:46.203+0000][164][gc,age      ] GC(34) - age   3:     819712 bytes,   14078560 total
[2022-05-24T08:16:46.203+0000][164][gc,phases   ] GC(34)   Pre Evacuate Collection Set: 0.3ms
[2022-05-24T08:16:46.203+0000][164][gc,phases   ] GC(34)   Merge Heap Roots: 0.2ms
[2022-05-24T08:16:46.203+0000][164][gc,phases   ] GC(34)   Evacuate Collection Set: 2.8ms
[2022-05-24T08:16:46.204+0000][164][gc,phases   ] GC(34)   Post Evacuate Collection Set: 0.6ms
[2022-05-24T08:16:46.204+0000][164][gc,phases   ] GC(34)   Other: 1.1ms
[2022-05-24T08:16:46.204+0000][164][gc,heap     ] GC(34) Eden regions: 45->0(46)
[2022-05-24T08:16:46.204+0000][164][gc,heap     ] GC(34) Survivor regions: 5->4(7)
[2022-05-24T08:16:46.204+0000][164][gc,heap     ] GC(34) Old regions: 26->27
[2022-05-24T08:16:46.204+0000][164][gc,heap     ] GC(34) Archive regions: 2->2
[2022-05-24T08:16:46.204+0000][164][gc,heap     ] GC(34) Humongous regions: 16->16
[2022-05-24T08:16:46.205+0000][164][gc,metaspace] GC(34) Metaspace: 100660K(102208K)->100660K(102208K) NonClass: 86808K(87744K)->86808K(87744K) Class: 13851K(14464K)->13851K(14464K)
[2022-05-24T08:16:46.205+0000][164][gc          ] GC(34) Pause Young (Concurrent Start) (G1 Evacuation Pause) 367M->190M(512M) 6.403ms
[2022-05-24T08:16:46.205+0000][164][gc,cpu      ] GC(34) User=0.02s Sys=0.01s Real=0.01s
[2022-05-24T08:16:46.205+0000][164][gc          ] GC(35) Concurrent Mark Cycle
[2022-05-24T08:16:46.205+0000][164][safepoint   ] Safepoint "G1CollectForAllocation", Time since last: 279391700 ns, Reaching safepoint: 187900 ns, At safepoint: 6741400 ns, Total: 6929300 ns
[2022-05-24T08:16:46.205+0000][164][gc,marking  ] GC(35) Concurrent Clear Claimed Marks
[2022-05-24T08:16:46.205+0000][164][gc,marking  ] GC(35) Concurrent Clear Claimed Marks 0.339ms
[2022-05-24T08:16:46.206+0000][164][gc,marking  ] GC(35) Concurrent Scan Root Regions
[2022-05-24T08:16:46.206+0000][164][gc,marking  ] GC(35) Concurrent Scan Root Regions 0.921ms
[2022-05-24T08:16:46.207+0000][164][gc,marking  ] GC(35) Concurrent Mark
[2022-05-24T08:16:46.207+0000][164][gc,marking  ] GC(35) Concurrent Mark From Roots
[2022-05-24T08:16:46.207+0000][164][gc,task     ] GC(35) Using 3 workers of 3 for marking
[2022-05-24T08:16:46.251+0000][164][gc,marking  ] GC(35) Concurrent Mark From Roots 43.866ms
[2022-05-24T08:16:46.251+0000][164][gc,marking  ] GC(35) Concurrent Preclean
[2022-05-24T08:16:46.251+0000][164][gc,marking  ] GC(35) Concurrent Preclean 0.491ms
[2022-05-24T08:16:46.252+0000][164][gc,start    ] GC(35) Pause Remark
[2022-05-24T08:16:46.255+0000][164][gc          ] GC(35) Pause Remark 218M->218M(512M) 2.790ms
[2022-05-24T08:16:46.255+0000][164][gc,cpu      ] GC(35) User=0.02s Sys=0.00s Real=0.00s
[2022-05-24T08:16:46.255+0000][164][safepoint   ] Safepoint "G1Concurrent", Time since last: 46540700 ns, Reaching safepoint: 267600 ns, At safepoint: 3143000 ns, Total: 3410600 ns
[2022-05-24T08:16:46.255+0000][164][gc,marking  ] GC(35) Concurrent Mark 48.454ms
[2022-05-24T08:16:46.255+0000][164][gc,marking  ] GC(35) Concurrent Rebuild Remembered Sets
[2022-05-24T08:16:46.275+0000][164][gc,marking  ] GC(35) Concurrent Rebuild Remembered Sets 19.402ms
[2022-05-24T08:16:46.275+0000][164][gc,start    ] GC(35) Pause Cleanup
[2022-05-24T08:16:46.276+0000][164][gc          ] GC(35) Pause Cleanup 232M->232M(512M) 0.472ms
[2022-05-24T08:16:46.276+0000][164][gc,cpu      ] GC(35) User=0.00s Sys=0.00s Real=0.00s
[2022-05-24T08:16:46.276+0000][164][safepoint   ] Safepoint "G1Concurrent", Time since last: 19932700 ns, Reaching safepoint: 436600 ns, At safepoint: 1038000 ns, Total: 1474600 ns
[2022-05-24T08:16:46.277+0000][164][gc,marking  ] GC(35) Concurrent Cleanup for Next Mark
[2022-05-24T08:16:46.277+0000][164][gc,marking  ] GC(35) Concurrent Cleanup for Next Mark 0.443ms
[2022-05-24T08:16:46.277+0000][164][gc          ] GC(35) Concurrent Mark Cycle 72.348ms
[2022-05-24T08:16:46.650+0000][164][gc,start    ] GC(36) Pause Young (Concurrent Start) (G1 Humongous Allocation)
[2022-05-24T08:16:46.650+0000][164][gc,task     ] GC(36) Using 10 workers of 10 for evacuation
[2022-05-24T08:16:46.650+0000][164][gc,age      ] GC(36) Desired survivor size 14680064 bytes, new threshold 15 (max threshold 15)
[2022-05-24T08:16:46.654+0000][164][gc,age      ] GC(36) Age table with threshold 15 (max threshold 15)
[2022-05-24T08:16:46.654+0000][164][gc,age      ] GC(36) - age   1:    5966864 bytes,    5966864 total
[2022-05-24T08:16:46.654+0000][164][gc,age      ] GC(36) - age   2:     923976 bytes,    6890840 total
[2022-05-24T08:16:46.655+0000][164][gc,age      ] GC(36) - age   3:    7079144 bytes,   13969984 total
[2022-05-24T08:16:46.655+0000][164][gc,age      ] GC(36) - age   4:     819712 bytes,   14789696 total
[2022-05-24T08:16:46.655+0000][164][gc,phases   ] GC(36)   Pre Evacuate Collection Set: 0.2ms
[2022-05-24T08:16:46.655+0000][164][gc,phases   ] GC(36)   Merge Heap Roots: 0.2ms
[2022-05-24T08:16:46.655+0000][164][gc,phases   ] GC(36)   Evacuate Collection Set: 2.3ms
[2022-05-24T08:16:46.655+0000][164][gc,phases   ] GC(36)   Post Evacuate Collection Set: 0.6ms
[2022-05-24T08:16:46.656+0000][164][gc,phases   ] GC(36)   Other: 1.7ms
[2022-05-24T08:16:46.656+0000][164][gc,heap     ] GC(36) Eden regions: 42->0(47)
[2022-05-24T08:16:46.656+0000][164][gc,heap     ] GC(36) Survivor regions: 4->4(7)
[2022-05-24T08:16:46.656+0000][164][gc,heap     ] GC(36) Old regions: 27->27
[2022-05-24T08:16:46.656+0000][164][gc,heap     ] GC(36) Archive regions: 2->2
[2022-05-24T08:16:46.656+0000][164][gc,heap     ] GC(36) Humongous regions: 16->16
[2022-05-24T08:16:46.657+0000][164][gc,metaspace] GC(36) Metaspace: 100682K(102272K)->100682K(102272K) NonClass: 86831K(87808K)->86831K(87808K) Class: 13851K(14464K)->13851K(14464K)
[2022-05-24T08:16:46.657+0000][164][gc          ] GC(36) Pause Young (Concurrent Start) (G1 Humongous Allocation) 356M->189M(512M) 6.742ms
[2022-05-24T08:16:46.657+0000][164][gc,cpu      ] GC(36) User=0.02s Sys=0.00s Real=0.00s
[2022-05-24T08:16:46.657+0000][164][gc          ] GC(37) Concurrent Mark Cycle
[2022-05-24T08:16:46.657+0000][164][gc,marking  ] GC(37) Concurrent Clear Claimed Marks
[2022-05-24T08:16:46.657+0000][164][safepoint   ] Safepoint "G1TryInitiateConcMark", Time since last: 371168500 ns, Reaching safepoint: 2434800 ns, At safepoint: 7133400 ns, Total: 9568200 ns
[2022-05-24T08:16:46.658+0000][164][gc,marking  ] GC(37) Concurrent Clear Claimed Marks 0.276ms
[2022-05-24T08:16:46.658+0000][164][gc,marking  ] GC(37) Concurrent Scan Root Regions
[2022-05-24T08:16:46.659+0000][164][gc,marking  ] GC(37) Concurrent Scan Root Regions 1.205ms
[2022-05-24T08:16:46.659+0000][164][gc,marking  ] GC(37) Concurrent Mark
[2022-05-24T08:16:46.659+0000][164][gc,marking  ] GC(37) Concurrent Mark From Roots
[2022-05-24T08:16:46.659+0000][164][gc,task     ] GC(37) Using 3 workers of 3 for marking
[2022-05-24T08:16:46.706+0000][164][gc,marking  ] GC(37) Concurrent Mark From Roots 46.782ms
[2022-05-24T08:16:46.706+0000][164][gc,marking  ] GC(37) Concurrent Preclean
[2022-05-24T08:16:46.707+0000][164][gc,marking  ] GC(37) Concurrent Preclean 0.582ms
[2022-05-24T08:16:46.713+0000][164][gc,start    ] GC(37) Pause Remark
[2022-05-24T08:16:46.716+0000][164][gc          ] GC(37) Pause Remark 200M->200M(512M) 2.899ms
[2022-05-24T08:16:46.716+0000][164][gc,cpu      ] GC(37) User=0.02s Sys=0.00s Real=0.00s
[2022-05-24T08:16:46.716+0000][164][safepoint   ] Safepoint "G1Concurrent", Time since last: 50161900 ns, Reaching safepoint: 5497200 ns, At safepoint: 3359100 ns, Total: 8856300 ns
[2022-05-24T08:16:46.716+0000][164][gc,marking  ] GC(37) Concurrent Mark 57.078ms
[2022-05-24T08:16:46.716+0000][164][gc,marking  ] GC(37) Concurrent Rebuild Remembered Sets
[2022-05-24T08:16:46.744+0000][164][gc,marking  ] GC(37) Concurrent Rebuild Remembered Sets 27.925ms
[2022-05-24T08:16:46.750+0000][164][gc,start    ] GC(37) Pause Cleanup
[2022-05-24T08:16:46.751+0000][164][gc          ] GC(37) Pause Cleanup 208M->208M(512M) 0.414ms
[2022-05-24T08:16:46.751+0000][164][gc,cpu      ] GC(37) User=0.00s Sys=0.00s Real=0.00s
[2022-05-24T08:16:46.751+0000][164][safepoint   ] Safepoint "G1Concurrent", Time since last: 28612000 ns, Reaching safepoint: 5527200 ns, At safepoint: 1002900 ns, Total: 6530100 ns
[2022-05-24T08:16:46.751+0000][164][gc,marking  ] GC(37) Concurrent Cleanup for Next Mark
[2022-05-24T08:16:46.752+0000][164][gc,marking  ] GC(37) Concurrent Cleanup for Next Mark 0.591ms
[2022-05-24T08:16:46.752+0000][164][gc          ] GC(37) Concurrent Mark Cycle 95.300ms
[2022-05-24T08:16:47.752+0000][164][safepoint   ] Safepoint "Cleanup", Time since last: 1000395200 ns, Reaching safepoint: 419000 ns, At safepoint: 12700 ns, Total: 431700 ns
[2022-05-24T08:16:48.202+0000][164][gc,start    ] GC(38) Pause Young (Normal) (G1 Evacuation Pause)
[2022-05-24T08:16:48.202+0000][164][gc,task     ] GC(38) Using 10 workers of 10 for evacuation
[2022-05-24T08:16:48.203+0000][164][gc,age      ] GC(38) Desired survivor size 14680064 bytes, new threshold 4 (max threshold 15)
[2022-05-24T08:16:48.207+0000][164][gc,age      ] GC(38) Age table with threshold 4 (max threshold 15)
[2022-05-24T08:16:48.208+0000][164][gc,age      ] GC(38) - age   1:   13064088 bytes,   13064088 total
[2022-05-24T08:16:48.208+0000][164][gc,age      ] GC(38) - age   2:    1323592 bytes,   14387680 total
[2022-05-24T08:16:48.208+0000][164][gc,age      ] GC(38) - age   3:     836784 bytes,   15224464 total
[2022-05-24T08:16:48.208+0000][164][gc,age      ] GC(38) - age   4:    5648280 bytes,   20872744 total
[2022-05-24T08:16:48.209+0000][164][gc,phases   ] GC(38)   Pre Evacuate Collection Set: 0.2ms
[2022-05-24T08:16:48.209+0000][164][gc,phases   ] GC(38)   Merge Heap Roots: 0.2ms
[2022-05-24T08:16:48.209+0000][164][gc,phases   ] GC(38)   Evacuate Collection Set: 3.0ms
[2022-05-24T08:16:48.209+0000][164][gc,phases   ] GC(38)   Post Evacuate Collection Set: 0.9ms
[2022-05-24T08:16:48.209+0000][164][gc,phases   ] GC(38)   Other: 2.1ms
[2022-05-24T08:16:48.209+0000][164][gc,heap     ] GC(38) Eden regions: 47->0(44)
[2022-05-24T08:16:48.210+0000][164][gc,heap     ] GC(38) Survivor regions: 4->6(7)
[2022-05-24T08:16:48.210+0000][164][gc,heap     ] GC(38) Old regions: 27->28
[2022-05-24T08:16:48.210+0000][164][gc,heap     ] GC(38) Archive regions: 2->2
[2022-05-24T08:16:48.210+0000][164][gc,heap     ] GC(38) Humongous regions: 17->17
[2022-05-24T08:16:48.210+0000][164][gc,metaspace] GC(38) Metaspace: 100762K(102336K)->100762K(102336K) NonClass: 86910K(87872K)->86910K(87872K) Class: 13851K(14464K)->13851K(14464K)
[2022-05-24T08:16:48.211+0000][164][gc          ] GC(38) Pause Young (Normal) (G1 Evacuation Pause) 381M->201M(512M) 8.473ms
[2022-05-24T08:16:48.211+0000][164][gc,cpu      ] GC(38) User=0.04s Sys=0.00s Real=0.01s
[2022-05-24T08:16:48.211+0000][164][safepoint   ] Safepoint "G1CollectForAllocation", Time since last: 449716500 ns, Reaching safepoint: 328700 ns, At safepoint: 8930200 ns, Total: 9258900 ns
[2022-05-24T08:16:48.569+0000][164][gc,start    ] GC(39) Pause Young (Concurrent Start) (G1 Evacuation Pause)
[2022-05-24T08:16:48.569+0000][164][gc,task     ] GC(39) Using 10 workers of 10 for evacuation
[2022-05-24T08:16:48.569+0000][164][gc,age      ] GC(39) Desired survivor size 14680064 bytes, new threshold 3 (max threshold 15)
[2022-05-24T08:16:48.573+0000][164][gc,age      ] GC(39) Age table with threshold 3 (max threshold 15)
[2022-05-24T08:16:48.574+0000][164][gc,age      ] GC(39) - age   1:    5620520 bytes,    5620520 total
[2022-05-24T08:16:48.574+0000][164][gc,age      ] GC(39) - age   2:   11217736 bytes,   16838256 total
[2022-05-24T08:16:48.574+0000][164][gc,age      ] GC(39) - age   3:    1321632 bytes,   18159888 total
[2022-05-24T08:16:48.574+0000][164][gc,phases   ] GC(39)   Pre Evacuate Collection Set: 0.2ms
[2022-05-24T08:16:48.575+0000][164][gc,phases   ] GC(39)   Merge Heap Roots: 0.2ms
[2022-05-24T08:16:48.575+0000][164][gc,phases   ] GC(39)   Evacuate Collection Set: 3.0ms
[2022-05-24T08:16:48.575+0000][164][gc,phases   ] GC(39)   Post Evacuate Collection Set: 0.9ms
[2022-05-24T08:16:48.575+0000][164][gc,phases   ] GC(39)   Other: 1.4ms
[2022-05-24T08:16:48.575+0000][164][gc,heap     ] GC(39) Eden regions: 44->0(45)
[2022-05-24T08:16:48.575+0000][164][gc,heap     ] GC(39) Survivor regions: 6->5(7)
[2022-05-24T08:16:48.575+0000][164][gc,heap     ] GC(39) Old regions: 28->29
[2022-05-24T08:16:48.575+0000][164][gc,heap     ] GC(39) Archive regions: 2->2
[2022-05-24T08:16:48.575+0000][164][gc,heap     ] GC(39) Humongous regions: 17->17
[2022-05-24T08:16:48.576+0000][164][gc,metaspace] GC(39) Metaspace: 100776K(102336K)->100776K(102336K) NonClass: 86924K(87872K)->86924K(87872K) Class: 13851K(14464K)->13851K(14464K)
[2022-05-24T08:16:48.576+0000][164][gc          ] GC(39) Pause Young (Concurrent Start) (G1 Evacuation Pause) 377M->204M(512M) 7.019ms
[2022-05-24T08:16:48.576+0000][164][gc,cpu      ] GC(39) User=0.03s Sys=0.00s Real=0.01s
[2022-05-24T08:16:48.576+0000][164][safepoint   ] Safepoint "G1CollectForAllocation", Time since last: 357534300 ns, Reaching safepoint: 177800 ns, At safepoint: 7528100 ns, Total: 7705900 ns
[2022-05-24T08:16:48.576+0000][164][gc          ] GC(40) Concurrent Mark Cycle
[2022-05-24T08:16:48.577+0000][164][gc,marking  ] GC(40) Concurrent Clear Claimed Marks
[2022-05-24T08:16:48.577+0000][164][gc,marking  ] GC(40) Concurrent Clear Claimed Marks 0.230ms
[2022-05-24T08:16:48.577+0000][164][gc,marking  ] GC(40) Concurrent Scan Root Regions
[2022-05-24T08:16:48.578+0000][164][gc,marking  ] GC(40) Concurrent Scan Root Regions 1.173ms
[2022-05-24T08:16:48.578+0000][164][gc,marking  ] GC(40) Concurrent Mark
[2022-05-24T08:16:48.579+0000][164][gc,marking  ] GC(40) Concurrent Mark From Roots
[2022-05-24T08:16:48.579+0000][164][gc,task     ] GC(40) Using 3 workers of 3 for marking
[2022-05-24T08:16:48.625+0000][164][gc,marking  ] GC(40) Concurrent Mark From Roots 46.640ms
[2022-05-24T08:16:48.625+0000][164][gc,marking  ] GC(40) Concurrent Preclean
[2022-05-24T08:16:48.626+0000][164][gc,marking  ] GC(40) Concurrent Preclean 0.554ms
[2022-05-24T08:16:48.626+0000][164][gc,start    ] GC(40) Pause Remark
[2022-05-24T08:16:48.630+0000][164][gc          ] GC(40) Pause Remark 218M->178M(512M) 3.169ms
[2022-05-24T08:16:48.630+0000][164][gc,cpu      ] GC(40) User=0.02s Sys=0.00s Real=0.01s
[2022-05-24T08:16:48.630+0000][164][safepoint   ] Safepoint "G1Concurrent", Time since last: 49962700 ns, Reaching safepoint: 276400 ns, At safepoint: 3689700 ns, Total: 3966100 ns
[2022-05-24T08:16:48.630+0000][164][gc,marking  ] GC(40) Concurrent Mark 52.007ms
[2022-05-24T08:16:48.631+0000][164][gc,marking  ] GC(40) Concurrent Rebuild Remembered Sets
[2022-05-24T08:16:48.657+0000][164][gc,marking  ] GC(40) Concurrent Rebuild Remembered Sets 26.622ms
[2022-05-24T08:16:48.658+0000][164][gc,start    ] GC(40) Pause Cleanup
[2022-05-24T08:16:48.658+0000][164][gc          ] GC(40) Pause Cleanup 184M->184M(512M) 0.351ms
[2022-05-24T08:16:48.658+0000][164][gc,cpu      ] GC(40) User=0.00s Sys=0.00s Real=0.00s
[2022-05-24T08:16:48.659+0000][164][safepoint   ] Safepoint "G1Concurrent", Time since last: 27368500 ns, Reaching safepoint: 231200 ns, At safepoint: 736800 ns, Total: 968000 ns
[2022-05-24T08:16:48.659+0000][164][gc,marking  ] GC(40) Concurrent Cleanup for Next Mark
[2022-05-24T08:16:48.659+0000][164][gc,marking  ] GC(40) Concurrent Cleanup for Next Mark 0.408ms
[2022-05-24T08:16:48.659+0000][164][gc          ] GC(40) Concurrent Mark Cycle 83.137ms
[2022-05-24T08:16:49.582+0000][164][gc,start    ] GC(41) Pause Young (Prepare Mixed) (G1 Evacuation Pause)
[2022-05-24T08:16:49.582+0000][164][gc,task     ] GC(41) Using 10 workers of 10 for evacuation
[2022-05-24T08:16:49.582+0000][164][gc,age      ] GC(41) Desired survivor size 14680064 bytes, new threshold 2 (max threshold 15)
[2022-05-24T08:16:49.588+0000][164][gc,age      ] GC(41) Age table with threshold 2 (max threshold 15)
[2022-05-24T08:16:49.588+0000][164][gc,age      ] GC(41) - age   1:    6357096 bytes,    6357096 total
[2022-05-24T08:16:49.588+0000][164][gc,age      ] GC(41) - age   2:    2209936 bytes,    8567032 total
[2022-05-24T08:16:49.589+0000][164][gc,phases   ] GC(41)   Pre Evacuate Collection Set: 0.3ms
[2022-05-24T08:16:49.589+0000][164][gc,phases   ] GC(41)   Merge Heap Roots: 0.3ms
[2022-05-24T08:16:49.589+0000][164][gc,phases   ] GC(41)   Evacuate Collection Set: 3.3ms
[2022-05-24T08:16:49.589+0000][164][gc,phases   ] GC(41)   Post Evacuate Collection Set: 1.0ms
[2022-05-24T08:16:49.590+0000][164][gc,phases   ] GC(41)   Other: 2.0ms
[2022-05-24T08:16:49.590+0000][164][gc,heap     ] GC(41) Eden regions: 45->0(3)
[2022-05-24T08:16:49.590+0000][164][gc,heap     ] GC(41) Survivor regions: 5->3(7)
[2022-05-24T08:16:49.591+0000][164][gc,heap     ] GC(41) Old regions: 29->32
[2022-05-24T08:16:49.591+0000][164][gc,heap     ] GC(41) Archive regions: 2->2
[2022-05-24T08:16:49.591+0000][164][gc,heap     ] GC(41) Humongous regions: 7->7
[2022-05-24T08:16:49.591+0000][164][gc,metaspace] GC(41) Metaspace: 100838K(102336K)->100838K(102336K) NonClass: 86986K(87872K)->86986K(87872K) Class: 13851K(14464K)->13851K(14464K)
[2022-05-24T08:16:49.592+0000][164][gc          ] GC(41) Pause Young (Prepare Mixed) (G1 Evacuation Pause) 344M->167M(512M) 9.896ms
[2022-05-24T08:16:49.592+0000][164][gc,cpu      ] GC(41) User=0.03s Sys=0.01s Real=0.01s
[2022-05-24T08:16:49.592+0000][164][safepoint   ] Safepoint "G1CollectForAllocation", Time since last: 922868000 ns, Reaching safepoint: 295800 ns, At safepoint: 10388900 ns, Total: 10684700 ns
[2022-05-24T08:16:49.596+0000][164][gc,start    ] GC(42) Pause Young (Mixed) (G1 Evacuation Pause)
[2022-05-24T08:16:49.596+0000][164][gc,task     ] GC(42) Using 10 workers of 10 for evacuation
[2022-05-24T08:16:49.596+0000][164][gc,age      ] GC(42) Desired survivor size 2097152 bytes, new threshold 1 (max threshold 15)
[2022-05-24T08:16:49.600+0000][164][gc,age      ] GC(42) Age table with threshold 1 (max threshold 15)
[2022-05-24T08:16:49.600+0000][164][gc,age      ] GC(42) - age   1:       8480 bytes,       8480 total
[2022-05-24T08:16:49.600+0000][164][gc,phases   ] GC(42)   Pre Evacuate Collection Set: 0.2ms
[2022-05-24T08:16:49.601+0000][164][gc,phases   ] GC(42)   Merge Heap Roots: 0.2ms
[2022-05-24T08:16:49.601+0000][164][gc,phases   ] GC(42)   Evacuate Collection Set: 1.5ms
[2022-05-24T08:16:49.601+0000][164][gc,phases   ] GC(42)   Post Evacuate Collection Set: 0.9ms
[2022-05-24T08:16:49.601+0000][164][gc,phases   ] GC(42)   Other: 1.5ms
[2022-05-24T08:16:49.602+0000][164][gc,heap     ] GC(42) Eden regions: 3->0(54)
[2022-05-24T08:16:49.602+0000][164][gc,heap     ] GC(42) Survivor regions: 3->1(1)
[2022-05-24T08:16:49.602+0000][164][gc,heap     ] GC(42) Old regions: 32->33
[2022-05-24T08:16:49.602+0000][164][gc,heap     ] GC(42) Archive regions: 2->2
[2022-05-24T08:16:49.602+0000][164][gc,heap     ] GC(42) Humongous regions: 7->7
[2022-05-24T08:16:49.602+0000][164][gc,metaspace] GC(42) Metaspace: 100838K(102336K)->100838K(102336K) NonClass: 86986K(87872K)->86986K(87872K) Class: 13851K(14464K)->13851K(14464K)
[2022-05-24T08:16:49.602+0000][164][gc          ] GC(42) Pause Young (Mixed) (G1 Evacuation Pause) 179M->163M(512M) 6.557ms
[2022-05-24T08:16:49.603+0000][164][gc,cpu      ] GC(42) User=0.01s Sys=0.00s Real=0.01s
[2022-05-24T08:16:49.603+0000][164][safepoint   ] Safepoint "G1CollectForAllocation", Time since last: 3587800 ns, Reaching safepoint: 211600 ns, At safepoint: 6860600 ns, Total: 7072200 ns
[2022-05-24T08:16:50.603+0000][164][safepoint   ] Safepoint "Cleanup", Time since last: 1000219000 ns, Reaching safepoint: 269700 ns, At safepoint: 7100 ns, Total: 276800 ns
[2022-05-24T08:16:51.604+0000][164][safepoint   ] Safepoint "Cleanup", Time since last: 1000527000 ns, Reaching safepoint: 257000 ns, At safepoint: 9900 ns, Total: 266900 ns
[2022-05-24T08:16:52.606+0000][164][safepoint   ] Safepoint "Cleanup", Time since last: 1000764700 ns, Reaching safepoint: 915600 ns, At safepoint: 27900 ns, Total: 943500 ns
[2022-05-24T08:16:58.608+0000][164][safepoint   ] Safepoint "Cleanup", Time since last: 6002165500 ns, Reaching safepoint: 329600 ns, At safepoint: 11100 ns, Total: 340700 ns
[2022-05-24T08:16:59.610+0000][164][safepoint   ] Safepoint "Cleanup", Time since last: 1000543300 ns, Reaching safepoint: 713000 ns, At safepoint: 22500 ns, Total: 735500 ns
[2022-05-24T08:17:04.613+0000][164][safepoint   ] Safepoint "Cleanup", Time since last: 5002230800 ns, Reaching safepoint: 1001600 ns, At safepoint: 31200 ns, Total: 1032800 ns
[2022-05-24T08:17:06.614+0000][164][safepoint   ] Safepoint "Cleanup", Time since last: 2001318900 ns, Reaching safepoint: 278000 ns, At safepoint: 29300 ns, Total: 307300 ns
[2022-05-24T08:17:08.616+0000][164][safepoint   ] Safepoint "Cleanup", Time since last: 2000896800 ns, Reaching safepoint: 273900 ns, At safepoint: 10000 ns, Total: 283900 ns
[2022-05-24T08:17:13.619+0000][164][safepoint   ] Safepoint "Cleanup", Time since last: 5002044500 ns, Reaching safepoint: 815500 ns, At safepoint: 121300 ns, Total: 936800 ns
[2022-05-24T08:17:29.623+0000][164][safepoint   ] Safepoint "Cleanup", Time since last: 16003965700 ns, Reaching safepoint: 201600 ns, At safepoint: 7900 ns, Total: 209500 ns
[2022-05-24T08:17:58.630+0000][164][safepoint   ] Safepoint "Cleanup", Time since last: 29007009000 ns, Reaching safepoint: 301500 ns, At safepoint: 15300 ns, Total: 316800 ns
[2022-05-24T08:17:59.631+0000][164][safepoint   ] Safepoint "Cleanup", Time since last: 1000693100 ns, Reaching safepoint: 276100 ns, At safepoint: 12700 ns, Total: 288800 ns
[2022-05-24T08:18:04.633+0000][164][safepoint   ] Safepoint "Cleanup", Time since last: 5001193500 ns, Reaching safepoint: 610700 ns, At safepoint: 26700 ns, Total: 637400 ns
[2022-05-24T08:18:05.635+0000][164][safepoint   ] Safepoint "Cleanup", Time since last: 1001089200 ns, Reaching safepoint: 854100 ns, At safepoint: 26700 ns, Total: 880800 ns
[2022-05-24T08:18:29.651+0000][164][safepoint   ] Safepoint "Cleanup", Time since last: 24014622000 ns, Reaching safepoint: 328300 ns, At safepoint: 8700 ns, Total: 337000 ns
[2022-05-24T08:18:35.652+0000][164][safepoint   ] Safepoint "Cleanup", Time since last: 6000969300 ns, Reaching safepoint: 224900 ns, At safepoint: 7600 ns, Total: 232500 ns
[2022-05-24T08:18:54.657+0000][164][safepoint   ] Safepoint "Cleanup", Time since last: 19004043200 ns, Reaching safepoint: 906800 ns, At safepoint: 28800 ns, Total: 935600 ns
[2022-05-24T08:18:55.658+0000][164][safepoint   ] Safepoint "Cleanup", Time since last: 1001266800 ns, Reaching safepoint: 260500 ns, At safepoint: 14900 ns, Total: 275400 ns
[2022-05-24T08:18:58.660+0000][164][safepoint   ] Safepoint "Cleanup", Time since last: 3001229600 ns, Reaching safepoint: 214000 ns, At safepoint: 8500 ns, Total: 222500 ns
[2022-05-24T08:19:02.662+0000][164][safepoint   ] Safepoint "Cleanup", Time since last: 4001489100 ns, Reaching safepoint: 264500 ns, At safepoint: 9100 ns, Total: 273600 ns
[2022-05-24T08:19:03.676+0000][164][safepoint   ] Safepoint "Cleanup", Time since last: 1013899700 ns, Reaching safepoint: 269000 ns, At safepoint: 22200 ns, Total: 291200 ns
[2022-05-24T08:19:04.677+0000][164][safepoint   ] Safepoint "Cleanup", Time since last: 1000471900 ns, Reaching safepoint: 886300 ns, At safepoint: 32100 ns, Total: 918400 ns
[2022-05-24T08:19:29.685+0000][164][safepoint   ] Safepoint "Cleanup", Time since last: 25007002600 ns, Reaching safepoint: 200700 ns, At safepoint: 9200 ns, Total: 209900 ns
[2022-05-24T08:19:40.687+0000][164][safepoint   ] Safepoint "Cleanup", Time since last: 11002092600 ns, Reaching safepoint: 247400 ns, At safepoint: 7300 ns, Total: 254700 ns
[2022-05-24T08:19:43.689+0000][164][safepoint   ] Safepoint "Cleanup", Time since last: 3001224300 ns, Reaching safepoint: 339900 ns, At safepoint: 25400 ns, Total: 365300 ns
[2022-05-24T08:19:46.690+0000][164][safepoint   ] Safepoint "Cleanup", Time since last: 3001249400 ns, Reaching safepoint: 258300 ns, At safepoint: 7000 ns, Total: 265300 ns
[2022-05-24T08:19:58.695+0000][164][safepoint   ] Safepoint "Cleanup", Time since last: 12003503100 ns, Reaching safepoint: 948500 ns, At safepoint: 30600 ns, Total: 979100 ns
[2022-05-24T08:19:59.697+0000][164][safepoint   ] Safepoint "Cleanup", Time since last: 1001354100 ns, Reaching safepoint: 409400 ns, At safepoint: 20100 ns, Total: 429500 ns
[2022-05-24T08:20:09.700+0000][164][safepoint   ] Safepoint "Cleanup", Time since last: 10003261800 ns, Reaching safepoint: 233500 ns, At safepoint: 7300 ns, Total: 240800 ns
[2022-05-24T08:20:10.702+0000][164][safepoint   ] Safepoint "Cleanup", Time since last: 1000681800 ns, Reaching safepoint: 848500 ns, At safepoint: 27000 ns, Total: 875500 ns
[2022-05-24T08:20:11.704+0000][164][safepoint   ] Safepoint "Cleanup", Time since last: 1001441400 ns, Reaching safepoint: 825700 ns, At safepoint: 83200 ns, Total: 908900 ns
[2022-05-24T08:20:31.713+0000][164][safepoint   ] Safepoint "Cleanup", Time since last: 20008249500 ns, Reaching safepoint: 355200 ns, At safepoint: 12700 ns, Total: 367900 ns
[2022-05-24T08:20:36.715+0000][164][safepoint   ] Safepoint "Cleanup", Time since last: 5001416300 ns, Reaching safepoint: 814400 ns, At safepoint: 34800 ns, Total: 849200 ns
[2022-05-24T08:20:59.724+0000][164][safepoint   ] Safepoint "Cleanup", Time since last: 23007897300 ns, Reaching safepoint: 957600 ns, At safepoint: 29500 ns, Total: 987100 ns
[2022-05-24T08:21:01.727+0000][164][safepoint   ] Safepoint "Cleanup", Time since last: 2001848200 ns, Reaching safepoint: 876400 ns, At safepoint: 27600 ns, Total: 904000 ns
[2022-05-24T08:21:06.731+0000][164][safepoint   ] Safepoint "Cleanup", Time since last: 5002706500 ns, Reaching safepoint: 907400 ns, At safepoint: 27200 ns, Total: 934600 ns
[2022-05-24T08:21:21.739+0000][164][safepoint   ] Safepoint "Cleanup", Time since last: 15006654200 ns, Reaching safepoint: 955300 ns, At safepoint: 28500 ns, Total: 983800 ns
[2022-05-24T08:21:29.743+0000][164][safepoint   ] Safepoint "Cleanup", Time since last: 8004106000 ns, Reaching safepoint: 524800 ns, At safepoint: 18500 ns, Total: 543300 ns
[2022-05-24T08:21:31.744+0000][164][safepoint   ] Safepoint "Cleanup", Time since last: 2001047800 ns, Reaching safepoint: 204500 ns, At safepoint: 6500 ns, Total: 211000 ns
[2022-05-24T08:21:32.746+0000][164][safepoint   ] Safepoint "Cleanup", Time since last: 1000729500 ns, Reaching safepoint: 1209200 ns, At safepoint: 47200 ns, Total: 1256400 ns
[2022-05-24T08:21:51.753+0000][164][safepoint   ] Safepoint "Cleanup", Time since last: 19006372300 ns, Reaching safepoint: 264700 ns, At safepoint: 7100 ns, Total: 271800 ns
[2022-05-24T08:21:53.756+0000][164][safepoint   ] Safepoint "Cleanup", Time since last: 2001250200 ns, Reaching safepoint: 1018700 ns, At safepoint: 30500 ns, Total: 1049200 ns
[2022-05-24T08:21:54.758+0000][164][safepoint   ] Safepoint "Cleanup", Time since last: 1001426500 ns, Reaching safepoint: 1176600 ns, At safepoint: 32900 ns, Total: 1209500 ns
[2022-05-24T08:21:55.760+0000][164][safepoint   ] Safepoint "Cleanup", Time since last: 1001264400 ns, Reaching safepoint: 294700 ns, At safepoint: 13000 ns, Total: 307700 ns
[2022-05-24T08:21:56.762+0000][164][safepoint   ] Safepoint "Cleanup", Time since last: 1001020400 ns, Reaching safepoint: 813200 ns, At safepoint: 25800 ns, Total: 839000 ns
[2022-05-24T08:21:57.764+0000][164][safepoint   ] Safepoint "Cleanup", Time since last: 1001714500 ns, Reaching safepoint: 1021100 ns, At safepoint: 29200 ns, Total: 1050300 ns
[2022-05-24T08:21:58.766+0000][164][safepoint   ] Safepoint "Cleanup", Time since last: 1001339100 ns, Reaching safepoint: 417300 ns, At safepoint: 13100 ns, Total: 430400 ns
[2022-05-24T08:21:59.767+0000][164][safepoint   ] Safepoint "Cleanup", Time since last: 1000654800 ns, Reaching safepoint: 251100 ns, At safepoint: 10100 ns, Total: 261200 ns
[2022-05-24T08:22:01.768+0000][164][safepoint   ] Safepoint "Cleanup", Time since last: 2000883600 ns, Reaching safepoint: 403400 ns, At safepoint: 13300 ns, Total: 416700 ns
[2022-05-24T08:22:07.771+0000][164][safepoint   ] Safepoint "Cleanup", Time since last: 6002377800 ns, Reaching safepoint: 318600 ns, At safepoint: 11200 ns, Total: 329800 ns
[2022-05-24T08:22:09.773+0000][164][safepoint   ] Safepoint "Cleanup", Time since last: 2001054700 ns, Reaching safepoint: 224200 ns, At safepoint: 7200 ns, Total: 231400 ns
[2022-05-24T08:22:10.773+0000][164][safepoint   ] Safepoint "Cleanup", Time since last: 1000547800 ns, Reaching safepoint: 182600 ns, At safepoint: 7800 ns, Total: 190400 ns
[2022-05-24T08:22:13.774+0000][164][safepoint   ] Safepoint "Cleanup", Time since last: 3000520100 ns, Reaching safepoint: 280500 ns, At safepoint: 45400 ns, Total: 325900 ns
[2022-05-24T08:22:19.776+0000][164][safepoint   ] Safepoint "Cleanup", Time since last: 6001098700 ns, Reaching safepoint: 201500 ns, At safepoint: 6100 ns, Total: 207600 ns
[2022-05-24T08:22:29.778+0000][164][safepoint   ] Safepoint "Cleanup", Time since last: 10001508700 ns, Reaching safepoint: 326200 ns, At safepoint: 24800 ns, Total: 351000 ns
[2022-05-24T08:22:59.785+0000][164][safepoint   ] Safepoint "Cleanup", Time since last: 30007014700 ns, Reaching safepoint: 226600 ns, At safepoint: 7600 ns, Total: 234200 ns
[2022-05-24T08:23:34.797+0000][164][safepoint   ] Safepoint "Cleanup", Time since last: 35010702000 ns, Reaching safepoint: 1100900 ns, At safepoint: 33000 ns, Total: 1133900 ns
[2022-05-24T08:24:03.807+0000][164][safepoint   ] Safepoint "Cleanup", Time since last: 29009110400 ns, Reaching safepoint: 832400 ns, At safepoint: 26400 ns, Total: 858800 ns
[2022-05-24T08:24:36.819+0000][164][safepoint   ] Safepoint "Cleanup", Time since last: 33010831000 ns, Reaching safepoint: 243200 ns, At safepoint: 8400 ns, Total: 251600 ns
[2022-05-24T08:24:41.820+0000][164][safepoint   ] Safepoint "Cleanup", Time since last: 5001454200 ns, Reaching safepoint: 192300 ns, At safepoint: 9200 ns, Total: 201500 ns
[2022-05-24T08:25:01.824+0000][164][safepoint   ] Safepoint "Cleanup", Time since last: 20003442100 ns, Reaching safepoint: 632800 ns, At safepoint: 19800 ns, Total: 652600 ns
[2022-05-24T08:25:02.826+0000][164][safepoint   ] Safepoint "Cleanup", Time since last: 1001022400 ns, Reaching safepoint: 886900 ns, At safepoint: 31100 ns, Total: 918000 ns
[2022-05-24T08:25:22.835+0000][164][safepoint   ] Safepoint "Cleanup", Time since last: 20007848000 ns, Reaching safepoint: 962200 ns, At safepoint: 29300 ns, Total: 991500 ns
[2022-05-24T08:25:28.838+0000][164][safepoint   ] Safepoint "Cleanup", Time since last: 6002398300 ns, Reaching safepoint: 511300 ns, At safepoint: 18100 ns, Total: 529400 ns
[2022-05-24T08:25:35.840+0000][164][safepoint   ] Safepoint "Cleanup", Time since last: 7001902400 ns, Reaching safepoint: 292600 ns, At safepoint: 25200 ns, Total: 317800 ns
[2022-05-24T08:25:37.842+0000][164][safepoint   ] Safepoint "Cleanup", Time since last: 2000876900 ns, Reaching safepoint: 267800 ns, At safepoint: 24400 ns, Total: 292200 ns
[2022-05-24T08:25:38.843+0000][164][safepoint   ] Safepoint "Cleanup", Time since last: 1000719300 ns, Reaching safepoint: 358800 ns, At safepoint: 11700 ns, Total: 370500 ns
[2022-05-24T08:25:39.844+0000][164][safepoint   ] Safepoint "Cleanup", Time since last: 1000716500 ns, Reaching safepoint: 459600 ns, At safepoint: 38900 ns, Total: 498500 ns
[2022-05-24T08:25:42.846+0000][164][safepoint   ] Safepoint "Cleanup", Time since last: 3001424600 ns, Reaching safepoint: 203500 ns, At safepoint: 7500 ns, Total: 211000 ns
[2022-05-24T08:25:49.850+0000][164][safepoint   ] Safepoint "Cleanup", Time since last: 7002997700 ns, Reaching safepoint: 816500 ns, At safepoint: 88900 ns, Total: 905400 ns
[2022-05-24T08:25:59.853+0000][164][safepoint   ] Safepoint "Cleanup", Time since last: 10003337700 ns, Reaching safepoint: 246800 ns, At safepoint: 7700 ns, Total: 254500 ns
[2022-05-24T08:26:00.854+0000][164][safepoint   ] Safepoint "Cleanup", Time since last: 1000593200 ns, Reaching safepoint: 233100 ns, At safepoint: 26700 ns, Total: 259800 ns
[2022-05-24T08:26:13.250+0000][164][safepoint   ] Safepoint "Cleanup", Time since last: 12394887100 ns, Reaching safepoint: 275500 ns, At safepoint: 24000 ns, Total: 299500 ns
[2022-05-24T08:26:14.251+0000][164][safepoint   ] Safepoint "Cleanup", Time since last: 1000763100 ns, Reaching safepoint: 207500 ns, At safepoint: 7700 ns, Total: 215200 ns
[2022-05-24T08:26:15.251+0000][164][safepoint   ] Safepoint "Cleanup", Time since last: 1000615300 ns, Reaching safepoint: 201000 ns, At safepoint: 7900 ns, Total: 208900 ns
[2022-05-24T08:26:16.256+0000][164][gc,start    ] GC(43) Pause Young (Concurrent Start) (G1 Evacuation Pause)
[2022-05-24T08:26:16.256+0000][164][gc,task     ] GC(43) Using 10 workers of 10 for evacuation
[2022-05-24T08:26:16.256+0000][164][gc,age      ] GC(43) Desired survivor size 14680064 bytes, new threshold 15 (max threshold 15)
[2022-05-24T08:26:16.259+0000][164][gc,age      ] GC(43) Age table with threshold 15 (max threshold 15)
[2022-05-24T08:26:16.259+0000][164][gc,age      ] GC(43) - age   1:    1637360 bytes,    1637360 total
[2022-05-24T08:26:16.259+0000][164][gc,phases   ] GC(43)   Pre Evacuate Collection Set: 0.3ms
[2022-05-24T08:26:16.260+0000][164][gc,phases   ] GC(43)   Merge Heap Roots: 0.2ms
[2022-05-24T08:26:16.260+0000][164][gc,phases   ] GC(43)   Evacuate Collection Set: 1.4ms
[2022-05-24T08:26:16.260+0000][164][gc,phases   ] GC(43)   Post Evacuate Collection Set: 0.7ms
[2022-05-24T08:26:16.260+0000][164][gc,phases   ] GC(43)   Other: 1.2ms
[2022-05-24T08:26:16.260+0000][164][gc,heap     ] GC(43) Eden regions: 54->0(56)
[2022-05-24T08:26:16.260+0000][164][gc,heap     ] GC(43) Survivor regions: 1->1(7)
[2022-05-24T08:26:16.261+0000][164][gc,heap     ] GC(43) Old regions: 33->33
[2022-05-24T08:26:16.261+0000][164][gc,heap     ] GC(43) Archive regions: 2->2
[2022-05-24T08:26:16.261+0000][164][gc,heap     ] GC(43) Humongous regions: 7->7
[2022-05-24T08:26:16.261+0000][164][gc,metaspace] GC(43) Metaspace: 102976K(104640K)->102976K(104640K) NonClass: 88852K(89856K)->88852K(89856K) Class: 14123K(14784K)->14123K(14784K)
[2022-05-24T08:26:16.261+0000][164][gc          ] GC(43) Pause Young (Concurrent Start) (G1 Evacuation Pause) 379M->165M(512M) 5.676ms
[2022-05-24T08:26:16.261+0000][164][gc,cpu      ] GC(43) User=0.02s Sys=0.00s Real=0.00s
[2022-05-24T08:26:16.262+0000][164][gc          ] GC(44) Concurrent Mark Cycle
[2022-05-24T08:26:16.262+0000][164][gc,marking  ] GC(44) Concurrent Clear Claimed Marks
[2022-05-24T08:26:16.262+0000][164][safepoint   ] Safepoint "G1CollectForAllocation", Time since last: 1003932300 ns, Reaching safepoint: 268300 ns, At safepoint: 6095900 ns, Total: 6364200 ns
[2022-05-24T08:26:16.262+0000][164][gc,marking  ] GC(44) Concurrent Clear Claimed Marks 0.217ms
[2022-05-24T08:26:16.263+0000][164][gc,marking  ] GC(44) Concurrent Scan Root Regions
[2022-05-24T08:26:16.265+0000][164][gc,marking  ] GC(44) Concurrent Scan Root Regions 2.319ms
[2022-05-24T08:26:16.265+0000][164][gc,marking  ] GC(44) Concurrent Mark
[2022-05-24T08:26:16.265+0000][164][gc,marking  ] GC(44) Concurrent Mark From Roots
[2022-05-24T08:26:16.265+0000][164][gc,task     ] GC(44) Using 3 workers of 3 for marking
[2022-05-24T08:26:16.305+0000][164][gc,marking  ] GC(44) Concurrent Mark From Roots 40.093ms
[2022-05-24T08:26:16.306+0000][164][gc,marking  ] GC(44) Concurrent Preclean
[2022-05-24T08:26:16.307+0000][164][gc,marking  ] GC(44) Concurrent Preclean 1.159ms
[2022-05-24T08:26:16.308+0000][164][gc,start    ] GC(44) Pause Remark
[2022-05-24T08:26:16.316+0000][164][gc          ] GC(44) Pause Remark 166M->150M(512M) 8.139ms
[2022-05-24T08:26:16.316+0000][164][gc,cpu      ] GC(44) User=0.06s Sys=0.00s Real=0.01s
[2022-05-24T08:26:16.317+0000][164][safepoint   ] Safepoint "G1Concurrent", Time since last: 45751300 ns, Reaching safepoint: 254100 ns, At safepoint: 8895700 ns, Total: 9149800 ns
[2022-05-24T08:26:16.317+0000][164][gc,marking  ] GC(44) Concurrent Mark 51.823ms
[2022-05-24T08:26:16.317+0000][164][gc,marking  ] GC(44) Concurrent Rebuild Remembered Sets
[2022-05-24T08:26:16.337+0000][164][gc,marking  ] GC(44) Concurrent Rebuild Remembered Sets 20.004ms
[2022-05-24T08:26:16.338+0000][164][gc,start    ] GC(44) Pause Cleanup
[2022-05-24T08:26:16.338+0000][164][gc          ] GC(44) Pause Cleanup 150M->150M(512M) 0.482ms
[2022-05-24T08:26:16.339+0000][164][gc,cpu      ] GC(44) User=0.01s Sys=0.00s Real=0.00s
[2022-05-24T08:26:16.339+0000][164][safepoint   ] Safepoint "G1Concurrent", Time since last: 21160000 ns, Reaching safepoint: 187200 ns, At safepoint: 1138000 ns, Total: 1325200 ns
[2022-05-24T08:26:16.339+0000][164][gc,marking  ] GC(44) Concurrent Cleanup for Next Mark
[2022-05-24T08:26:16.340+0000][164][gc,marking  ] GC(44) Concurrent Cleanup for Next Mark 0.544ms
[2022-05-24T08:26:16.340+0000][164][gc          ] GC(44) Concurrent Mark Cycle 78.631ms
[2022-05-24T08:26:18.340+0000][164][safepoint   ] Safepoint "Cleanup", Time since last: 2000557400 ns, Reaching safepoint: 322900 ns, At safepoint: 9100 ns, Total: 332000 ns
[2022-05-24T08:26:19.341+0000][164][safepoint   ] Safepoint "Cleanup", Time since last: 1000514600 ns, Reaching safepoint: 292300 ns, At safepoint: 9400 ns, Total: 301700 ns
[2022-05-24T08:26:20.342+0000][164][safepoint   ] Safepoint "Cleanup", Time since last: 1000739800 ns, Reaching safepoint: 246900 ns, At safepoint: 12900 ns, Total: 259800 ns
[2022-05-24T08:26:21.343+0000][164][safepoint   ] Safepoint "Cleanup", Time since last: 1000657400 ns, Reaching safepoint: 336700 ns, At safepoint: 26400 ns, Total: 363100 ns
[2022-05-24T08:26:22.344+0000][164][safepoint   ] Safepoint "Cleanup", Time since last: 1000659100 ns, Reaching safepoint: 912700 ns, At safepoint: 100900 ns, Total: 1013600 ns
[2022-05-24T08:26:23.347+0000][164][safepoint   ] Safepoint "Cleanup", Time since last: 1001500700 ns, Reaching safepoint: 893600 ns, At safepoint: 26900 ns, Total: 920500 ns
[2022-05-24T08:26:24.348+0000][164][safepoint   ] Safepoint "Cleanup", Time since last: 1001365000 ns, Reaching safepoint: 282300 ns, At safepoint: 9900 ns, Total: 292200 ns
[2022-05-24T08:26:26.239+0000][164][safepoint   ] Safepoint "Cleanup", Time since last: 1890466100 ns, Reaching safepoint: 228100 ns, At safepoint: 20900 ns, Total: 249000 ns
[2022-05-24T08:26:27.240+0000][164][safepoint   ] Safepoint "Cleanup", Time since last: 1000323300 ns, Reaching safepoint: 281700 ns, At safepoint: 24300 ns, Total: 306000 ns
[2022-05-24T08:26:28.241+0000][164][safepoint   ] Safepoint "Cleanup", Time since last: 1000476600 ns, Reaching safepoint: 291200 ns, At safepoint: 8900 ns, Total: 300100 ns
[2022-05-24T08:26:29.242+0000][164][safepoint   ] Safepoint "Cleanup", Time since last: 1000784700 ns, Reaching safepoint: 482200 ns, At safepoint: 17100 ns, Total: 499300 ns
[2022-05-24T08:26:30.244+0000][164][safepoint   ] Safepoint "Cleanup", Time since last: 1001362100 ns, Reaching safepoint: 819700 ns, At safepoint: 28500 ns, Total: 848200 ns
[2022-05-24T08:26:33.247+0000][164][safepoint   ] Safepoint "Cleanup", Time since last: 3002274300 ns, Reaching safepoint: 857800 ns, At safepoint: 27200 ns, Total: 885000 ns
[2022-05-24T08:26:34.249+0000][164][safepoint   ] Safepoint "Cleanup", Time since last: 1001251800 ns, Reaching safepoint: 175700 ns, At safepoint: 6200 ns, Total: 181900 ns
[2022-05-24T08:26:35.369+0000][164][safepoint   ] Safepoint "Cleanup", Time since last: 1120083000 ns, Reaching safepoint: 245500 ns, At safepoint: 54800 ns, Total: 300300 ns
[2022-05-24T08:26:36.371+0000][164][safepoint   ] Safepoint "Cleanup", Time since last: 1001094800 ns, Reaching safepoint: 1001500 ns, At safepoint: 40500 ns, Total: 1042000 ns
[2022-05-24T08:26:37.373+0000][164][safepoint   ] Safepoint "Cleanup", Time since last: 1001221700 ns, Reaching safepoint: 290800 ns, At safepoint: 10100 ns, Total: 300900 ns
[2022-05-24T08:26:38.374+0000][164][safepoint   ] Safepoint "Cleanup", Time since last: 1000567300 ns, Reaching safepoint: 257100 ns, At safepoint: 25000 ns, Total: 282100 ns
[2022-05-24T08:26:39.375+0000][164][safepoint   ] Safepoint "Cleanup", Time since last: 1000595100 ns, Reaching safepoint: 461400 ns, At safepoint: 19100 ns, Total: 480500 ns
[2022-05-24T08:26:40.376+0000][164][safepoint   ] Safepoint "Cleanup", Time since last: 1001063700 ns, Reaching safepoint: 344100 ns, At safepoint: 40900 ns, Total: 385000 ns
[2022-05-24T08:26:41.377+0000][164][safepoint   ] Safepoint "Cleanup", Time since last: 1000675400 ns, Reaching safepoint: 309500 ns, At safepoint: 11200 ns, Total: 320700 ns
[2022-05-24T08:26:42.379+0000][164][safepoint   ] Safepoint "Cleanup", Time since last: 1000943800 ns, Reaching safepoint: 308000 ns, At safepoint: 13900 ns, Total: 321900 ns
[2022-05-24T08:26:43.379+0000][164][safepoint   ] Safepoint "Cleanup", Time since last: 1000676100 ns, Reaching safepoint: 259500 ns, At safepoint: 11000 ns, Total: 270500 ns
[2022-05-24T08:26:44.380+0000][164][safepoint   ] Safepoint "Cleanup", Time since last: 1000435400 ns, Reaching safepoint: 279100 ns, At safepoint: 25600 ns, Total: 304700 ns
[2022-05-24T08:26:45.381+0000][164][safepoint   ] Safepoint "Cleanup", Time since last: 1000514000 ns, Reaching safepoint: 205700 ns, At safepoint: 7300 ns, Total: 213000 ns
[2022-05-24T08:26:46.382+0000][164][safepoint   ] Safepoint "Cleanup", Time since last: 1000588300 ns, Reaching safepoint: 218800 ns, At safepoint: 6200 ns, Total: 225000 ns
[2022-05-24T08:26:47.383+0000][164][safepoint   ] Safepoint "Cleanup", Time since last: 1000595100 ns, Reaching safepoint: 265700 ns, At safepoint: 8100 ns, Total: 273800 ns
[2022-05-24T08:26:48.384+0000][164][safepoint   ] Safepoint "Cleanup", Time since last: 1000581300 ns, Reaching safepoint: 308500 ns, At safepoint: 9800 ns, Total: 318300 ns
[2022-05-24T08:26:49.385+0000][164][safepoint   ] Safepoint "Cleanup", Time since last: 1000696200 ns, Reaching safepoint: 791100 ns, At safepoint: 26100 ns, Total: 817200 ns
[2022-05-24T08:26:50.387+0000][164][safepoint   ] Safepoint "Cleanup", Time since last: 1001257300 ns, Reaching safepoint: 437100 ns, At safepoint: 14600 ns, Total: 451700 ns
[2022-05-24T08:26:52.389+0000][164][safepoint   ] Safepoint "Cleanup", Time since last: 2001167300 ns, Reaching safepoint: 1154100 ns, At safepoint: 102400 ns, Total: 1256500 ns
[2022-05-24T08:26:54.391+0000][164][safepoint   ] Safepoint "Cleanup", Time since last: 2001558800 ns, Reaching safepoint: 353800 ns, At safepoint: 11900 ns, Total: 365700 ns
[2022-05-24T08:26:55.393+0000][164][safepoint   ] Safepoint "Cleanup", Time since last: 1000859900 ns, Reaching safepoint: 947500 ns, At safepoint: 26600 ns, Total: 974100 ns
[2022-05-24T08:26:56.396+0000][164][safepoint   ] Safepoint "Cleanup", Time since last: 1001695800 ns, Reaching safepoint: 816800 ns, At safepoint: 28300 ns, Total: 845100 ns
[2022-05-24T08:26:57.398+0000][164][safepoint   ] Safepoint "Cleanup", Time since last: 1001789400 ns, Reaching safepoint: 609400 ns, At safepoint: 21000 ns, Total: 630400 ns
[2022-05-24T08:26:58.399+0000][164][safepoint   ] Safepoint "Cleanup", Time since last: 1001283200 ns, Reaching safepoint: 301100 ns, At safepoint: 10200 ns, Total: 311300 ns
[2022-05-24T08:26:59.400+0000][164][safepoint   ] Safepoint "Cleanup", Time since last: 1000728100 ns, Reaching safepoint: 188600 ns, At safepoint: 7100 ns, Total: 195700 ns
[2022-05-24T08:27:00.401+0000][164][safepoint   ] Safepoint "Cleanup", Time since last: 1000285600 ns, Reaching safepoint: 189800 ns, At safepoint: 19700 ns, Total: 209500 ns
[2022-05-24T08:27:03.403+0000][164][safepoint   ] Safepoint "Cleanup", Time since last: 3000780000 ns, Reaching safepoint: 892500 ns, At safepoint: 79600 ns, Total: 972100 ns
[2022-05-24T08:27:04.405+0000][164][safepoint   ] Safepoint "Cleanup", Time since last: 1001481300 ns, Reaching safepoint: 928300 ns, At safepoint: 30100 ns, Total: 958400 ns
[2022-05-24T08:27:05.407+0000][164][safepoint   ] Safepoint "Cleanup", Time since last: 1001301600 ns, Reaching safepoint: 285600 ns, At safepoint: 31500 ns, Total: 317100 ns
[2022-05-24T08:27:06.409+0000][164][safepoint   ] Safepoint "Cleanup", Time since last: 1000884300 ns, Reaching safepoint: 967400 ns, At safepoint: 29700 ns, Total: 997100 ns
[2022-05-24T08:27:07.411+0000][164][safepoint   ] Safepoint "Cleanup", Time since last: 1001722000 ns, Reaching safepoint: 610000 ns, At safepoint: 21400 ns, Total: 631400 ns
[2022-05-24T08:27:08.413+0000][164][safepoint   ] Safepoint "Cleanup", Time since last: 1001006200 ns, Reaching safepoint: 264800 ns, At safepoint: 34400 ns, Total: 299200 ns
[2022-05-24T08:27:09.413+0000][164][safepoint   ] Safepoint "Cleanup", Time since last: 1000251000 ns, Reaching safepoint: 183500 ns, At safepoint: 6000 ns, Total: 189500 ns
[2022-05-24T08:27:10.414+0000][164][safepoint   ] Safepoint "Cleanup", Time since last: 1000702900 ns, Reaching safepoint: 321900 ns, At safepoint: 22000 ns, Total: 343900 ns
[2022-05-24T08:27:11.415+0000][164][safepoint   ] Safepoint "Cleanup", Time since last: 1000566700 ns, Reaching safepoint: 228100 ns, At safepoint: 7400 ns, Total: 235500 ns
[2022-05-24T08:27:13.416+0000][164][safepoint   ] Safepoint "Cleanup", Time since last: 2000843200 ns, Reaching safepoint: 191500 ns, At safepoint: 6100 ns, Total: 197600 ns
[2022-05-24T08:27:14.417+0000][164][safepoint   ] Safepoint "Cleanup", Time since last: 1000414900 ns, Reaching safepoint: 655600 ns, At safepoint: 22800 ns, Total: 678400 ns
[2022-05-24T08:27:16.418+0000][164][safepoint   ] Safepoint "Cleanup", Time since last: 2001241900 ns, Reaching safepoint: 186800 ns, At safepoint: 21900 ns, Total: 208700 ns
[2022-05-24T08:27:17.419+0000][164][safepoint   ] Safepoint "Cleanup", Time since last: 1000274100 ns, Reaching safepoint: 227500 ns, At safepoint: 10900 ns, Total: 238400 ns
[2022-05-24T08:27:20.420+0000][164][safepoint   ] Safepoint "Cleanup", Time since last: 3001059000 ns, Reaching safepoint: 199700 ns, At safepoint: 6300 ns, Total: 206000 ns
[2022-05-24T08:27:21.422+0000][164][safepoint   ] Safepoint "Cleanup", Time since last: 1000838600 ns, Reaching safepoint: 886600 ns, At safepoint: 28600 ns, Total: 915200 ns
[2022-05-24T08:27:24.424+0000][164][safepoint   ] Safepoint "Cleanup", Time since last: 3001680300 ns, Reaching safepoint: 282900 ns, At safepoint: 11500 ns, Total: 294400 ns
[2022-05-24T08:27:25.439+0000][164][gc,start    ] GC(45) Pause Young (Prepare Mixed) (G1 Evacuation Pause)
[2022-05-24T08:27:25.439+0000][164][gc,task     ] GC(45) Using 10 workers of 10 for evacuation
[2022-05-24T08:27:25.440+0000][164][gc,age      ] GC(45) Desired survivor size 16777216 bytes, new threshold 15 (max threshold 15)
[2022-05-24T08:27:25.443+0000][164][gc,age      ] GC(45) Age table with threshold 15 (max threshold 15)
[2022-05-24T08:27:25.443+0000][164][gc,age      ] GC(45) - age   1:     801680 bytes,     801680 total
[2022-05-24T08:27:25.444+0000][164][gc,age      ] GC(45) - age   2:    1344880 bytes,    2146560 total
[2022-05-24T08:27:25.444+0000][164][gc,phases   ] GC(45)   Pre Evacuate Collection Set: 0.3ms
[2022-05-24T08:27:25.444+0000][164][gc,phases   ] GC(45)   Merge Heap Roots: 0.3ms
[2022-05-24T08:27:25.444+0000][164][gc,phases   ] GC(45)   Evacuate Collection Set: 1.5ms
[2022-05-24T08:27:25.444+0000][164][gc,phases   ] GC(45)   Post Evacuate Collection Set: 1.3ms
[2022-05-24T08:27:25.444+0000][164][gc,phases   ] GC(45)   Other: 1.0ms
[2022-05-24T08:27:25.445+0000][164][gc,heap     ] GC(45) Eden regions: 56->0(5)
[2022-05-24T08:27:25.445+0000][164][gc,heap     ] GC(45) Survivor regions: 1->1(8)
[2022-05-24T08:27:25.445+0000][164][gc,heap     ] GC(45) Old regions: 30->30
[2022-05-24T08:27:25.445+0000][164][gc,heap     ] GC(45) Archive regions: 2->2
[2022-05-24T08:27:25.445+0000][164][gc,heap     ] GC(45) Humongous regions: 6->6
[2022-05-24T08:27:25.446+0000][164][gc,metaspace] GC(45) Metaspace: 103616K(105216K)->103616K(105216K) NonClass: 89452K(90368K)->89452K(90368K) Class: 14163K(14848K)->14163K(14848K)
[2022-05-24T08:27:25.446+0000][164][gc          ] GC(45) Pause Young (Prepare Mixed) (G1 Evacuation Pause) 373M->149M(512M) 6.546ms
[2022-05-24T08:27:25.446+0000][164][gc,cpu      ] GC(45) User=0.02s Sys=0.00s Real=0.01s
[2022-05-24T08:27:25.446+0000][164][safepoint   ] Safepoint "G1CollectForAllocation", Time since last: 1014979800 ns, Reaching safepoint: 321800 ns, At safepoint: 6946000 ns, Total: 7267800 ns
[2022-05-24T08:27:26.448+0000][164][safepoint   ] Safepoint "Cleanup", Time since last: 1000538100 ns, Reaching safepoint: 1015300 ns, At safepoint: 33300 ns, Total: 1048600 ns
[2022-05-24T08:27:27.449+0000][164][safepoint   ] Safepoint "Cleanup", Time since last: 1001244000 ns, Reaching safepoint: 292700 ns, At safepoint: 10600 ns, Total: 303300 ns
[2022-05-24T08:27:30.451+0000][164][safepoint   ] Safepoint "Cleanup", Time since last: 3001748900 ns, Reaching safepoint: 234700 ns, At safepoint: 7200 ns, Total: 241900 ns
[2022-05-24T08:27:31.137+0000][164][gc,start    ] GC(46) Pause Young (Mixed) (G1 Evacuation Pause)
[2022-05-24T08:27:31.138+0000][164][gc,task     ] GC(46) Using 10 workers of 10 for evacuation
[2022-05-24T08:27:31.138+0000][164][gc,age      ] GC(46) Desired survivor size 2097152 bytes, new threshold 2 (max threshold 15)
[2022-05-24T08:27:31.140+0000][164][gc,age      ] GC(46) Age table with threshold 2 (max threshold 15)
[2022-05-24T08:27:31.141+0000][164][gc,age      ] GC(46) - age   1:     307784 bytes,     307784 total
[2022-05-24T08:27:31.141+0000][164][gc,age      ] GC(46) - age   2:     378032 bytes,     685816 total
[2022-05-24T08:27:31.141+0000][164][gc,phases   ] GC(46)   Pre Evacuate Collection Set: 0.2ms
[2022-05-24T08:27:31.141+0000][164][gc,phases   ] GC(46)   Merge Heap Roots: 0.2ms
[2022-05-24T08:27:31.142+0000][164][gc,phases   ] GC(46)   Evacuate Collection Set: 1.3ms
[2022-05-24T08:27:31.142+0000][164][gc,phases   ] GC(46)   Post Evacuate Collection Set: 0.8ms
[2022-05-24T08:27:31.142+0000][164][gc,phases   ] GC(46)   Other: 1.4ms
[2022-05-24T08:27:31.142+0000][164][gc,heap     ] GC(46) Eden regions: 5->0(63)
[2022-05-24T08:27:31.143+0000][164][gc,heap     ] GC(46) Survivor regions: 1->1(1)
[2022-05-24T08:27:31.143+0000][164][gc,heap     ] GC(46) Old regions: 30->28
[2022-05-24T08:27:31.143+0000][164][gc,heap     ] GC(46) Archive regions: 2->2
[2022-05-24T08:27:31.143+0000][164][gc,heap     ] GC(46) Humongous regions: 6->6
[2022-05-24T08:27:31.143+0000][164][gc,metaspace] GC(46) Metaspace: 103643K(105216K)->103643K(105216K) NonClass: 89480K(90368K)->89480K(90368K) Class: 14163K(14848K)->14163K(14848K)
[2022-05-24T08:27:31.143+0000][164][gc          ] GC(46) Pause Young (Mixed) (G1 Evacuation Pause) 169M->138M(512M) 5.982ms
[2022-05-24T08:27:31.143+0000][164][gc,cpu      ] GC(46) User=0.02s Sys=0.00s Real=0.00s
[2022-05-24T08:27:31.144+0000][164][safepoint   ] Safepoint "G1CollectForAllocation", Time since last: 685830500 ns, Reaching safepoint: 203400 ns, At safepoint: 6396200 ns, Total: 6599600 ns
[2022-05-24T08:27:34.145+0000][164][safepoint   ] Safepoint "Cleanup", Time since last: 3000755400 ns, Reaching safepoint: 221500 ns, At safepoint: 8400 ns, Total: 229900 ns
[2022-05-24T08:27:36.147+0000][164][safepoint   ] Safepoint "Cleanup", Time since last: 2001050400 ns, Reaching safepoint: 880300 ns, At safepoint: 27300 ns, Total: 907600 ns
[2022-05-24T08:27:37.149+0000][164][safepoint   ] Safepoint "Cleanup", Time since last: 1001282700 ns, Reaching safepoint: 944200 ns, At safepoint: 28500 ns, Total: 972700 ns
[2022-05-24T08:27:38.151+0000][164][safepoint   ] Safepoint "Cleanup", Time since last: 1001540700 ns, Reaching safepoint: 244300 ns, At safepoint: 8400 ns, Total: 252700 ns
[2022-05-24T08:27:42.153+0000][164][safepoint   ] Safepoint "Cleanup", Time since last: 4001321500 ns, Reaching safepoint: 349400 ns, At safepoint: 10200 ns, Total: 359600 ns
[2022-05-24T08:27:44.154+0000][164][safepoint   ] Safepoint "Cleanup", Time since last: 2000815100 ns, Reaching safepoint: 443000 ns, At safepoint: 11400 ns, Total: 454400 ns
[2022-05-24T08:27:45.155+0000][164][safepoint   ] Safepoint "Cleanup", Time since last: 1000595400 ns, Reaching safepoint: 495100 ns, At safepoint: 38400 ns, Total: 533500 ns
[2022-05-24T08:27:47.157+0000][164][safepoint   ] Safepoint "Cleanup", Time since last: 2001250500 ns, Reaching safepoint: 224600 ns, At safepoint: 7600 ns, Total: 232200 ns
[2022-05-24T08:27:49.158+0000][164][safepoint   ] Safepoint "Cleanup", Time since last: 2000790700 ns, Reaching safepoint: 218600 ns, At safepoint: 6300 ns, Total: 224900 ns
[2022-05-24T08:27:50.159+0000][164][safepoint   ] Safepoint "Cleanup", Time since last: 1000701900 ns, Reaching safepoint: 793800 ns, At safepoint: 26500 ns, Total: 820300 ns
[2022-05-24T08:27:51.161+0000][164][safepoint   ] Safepoint "Cleanup", Time since last: 1001520000 ns, Reaching safepoint: 707700 ns, At safepoint: 24300 ns, Total: 732000 ns
[2022-05-24T08:27:52.163+0000][164][safepoint   ] Safepoint "Cleanup", Time since last: 1001178700 ns, Reaching safepoint: 438600 ns, At safepoint: 23900 ns, Total: 462500 ns
[2022-05-24T08:27:53.165+0000][164][safepoint   ] Safepoint "Cleanup", Time since last: 1000811100 ns, Reaching safepoint: 955000 ns, At safepoint: 98100 ns, Total: 1053100 ns
[2022-05-24T08:27:54.166+0000][164][safepoint   ] Safepoint "Cleanup", Time since last: 1001274600 ns, Reaching safepoint: 402400 ns, At safepoint: 19400 ns, Total: 421800 ns
[2022-05-24T08:27:58.168+0000][164][safepoint   ] Safepoint "Cleanup", Time since last: 4001171600 ns, Reaching safepoint: 797100 ns, At safepoint: 24400 ns, Total: 821500 ns
[2022-05-24T08:27:59.170+0000][164][safepoint   ] Safepoint "Cleanup", Time since last: 1001291900 ns, Reaching safepoint: 371200 ns, At safepoint: 13100 ns, Total: 384300 ns
[2022-05-24T08:28:00.172+0000][164][safepoint   ] Safepoint "Cleanup", Time since last: 1001139000 ns, Reaching safepoint: 817800 ns, At safepoint: 27200 ns, Total: 845000 ns
[2022-05-24T08:28:01.174+0000][164][safepoint   ] Safepoint "Cleanup", Time since last: 1001317200 ns, Reaching safepoint: 193600 ns, At safepoint: 7500 ns, Total: 201100 ns
[2022-05-24T08:28:04.175+0000][164][safepoint   ] Safepoint "Cleanup", Time since last: 3001022500 ns, Reaching safepoint: 178300 ns, At safepoint: 6100 ns, Total: 184400 ns
[2022-05-24T08:28:06.176+0000][164][safepoint   ] Safepoint "Cleanup", Time since last: 2000720100 ns, Reaching safepoint: 205200 ns, At safepoint: 7800 ns, Total: 213000 ns
[2022-05-24T08:28:07.177+0000][164][safepoint   ] Safepoint "Cleanup", Time since last: 1000587400 ns, Reaching safepoint: 221000 ns, At safepoint: 7100 ns, Total: 228100 ns
[2022-05-24T08:28:08.178+0000][164][safepoint   ] Safepoint "Cleanup", Time since last: 1000789700 ns, Reaching safepoint: 226700 ns, At safepoint: 7700 ns, Total: 234400 ns
[2022-05-24T08:28:09.179+0000][164][safepoint   ] Safepoint "Cleanup", Time since last: 1000795900 ns, Reaching safepoint: 199700 ns, At safepoint: 6700 ns, Total: 206400 ns
[2022-05-24T08:28:10.180+0000][164][safepoint   ] Safepoint "Cleanup", Time since last: 1000757200 ns, Reaching safepoint: 213400 ns, At safepoint: 7400 ns, Total: 220800 ns
[2022-05-24T08:28:12.181+0000][164][safepoint   ] Safepoint "Cleanup", Time since last: 2000843900 ns, Reaching safepoint: 177300 ns, At safepoint: 20100 ns, Total: 197400 ns
[2022-05-24T08:28:13.181+0000][164][safepoint   ] Safepoint "Cleanup", Time since last: 1000293600 ns, Reaching safepoint: 263600 ns, At safepoint: 6700 ns, Total: 270300 ns
[2022-05-24T08:28:15.182+0000][164][safepoint   ] Safepoint "Cleanup", Time since last: 2000510100 ns, Reaching safepoint: 222700 ns, At safepoint: 7400 ns, Total: 230100 ns
[2022-05-24T08:28:16.183+0000][164][safepoint   ] Safepoint "Cleanup", Time since last: 1000461200 ns, Reaching safepoint: 248500 ns, At safepoint: 7100 ns, Total: 255600 ns
[2022-05-24T08:28:18.184+0000][164][safepoint   ] Safepoint "Cleanup", Time since last: 2000767800 ns, Reaching safepoint: 363200 ns, At safepoint: 6700 ns, Total: 369900 ns
[2022-05-24T08:28:20.185+0000][164][safepoint   ] Safepoint "Cleanup", Time since last: 2000618600 ns, Reaching safepoint: 193000 ns, At safepoint: 7200 ns, Total: 200200 ns
[2022-05-24T08:28:21.186+0000][164][safepoint   ] Safepoint "Cleanup", Time since last: 1000492900 ns, Reaching safepoint: 293300 ns, At safepoint: 8200 ns, Total: 301500 ns
[2022-05-24T08:28:27.188+0000][164][safepoint   ] Safepoint "Cleanup", Time since last: 6001656200 ns, Reaching safepoint: 278500 ns, At safepoint: 8500 ns, Total: 287000 ns
[2022-05-24T08:28:28.188+0000][164][safepoint   ] Safepoint "Cleanup", Time since last: 1000537300 ns, Reaching safepoint: 266600 ns, At safepoint: 9700 ns, Total: 276300 ns
[2022-05-24T08:28:30.190+0000][164][safepoint   ] Safepoint "Cleanup", Time since last: 2000945000 ns, Reaching safepoint: 209600 ns, At safepoint: 7400 ns, Total: 217000 ns
[2022-05-24T08:28:34.191+0000][164][safepoint   ] Safepoint "Cleanup", Time since last: 4001544000 ns, Reaching safepoint: 328600 ns, At safepoint: 11100 ns, Total: 339700 ns
[2022-05-24T08:28:38.193+0000][164][safepoint   ] Safepoint "Cleanup", Time since last: 4001394900 ns, Reaching safepoint: 223500 ns, At safepoint: 18600 ns, Total: 242100 ns
[2022-05-24T08:28:39.194+0000][164][safepoint   ] Safepoint "Cleanup", Time since last: 1000313800 ns, Reaching safepoint: 390100 ns, At safepoint: 15500 ns, Total: 405600 ns
[2022-05-24T08:28:40.195+0000][164][safepoint   ] Safepoint "Cleanup", Time since last: 1000702000 ns, Reaching safepoint: 282900 ns, At safepoint: 9300 ns, Total: 292200 ns
[2022-05-24T08:28:42.196+0000][164][safepoint   ] Safepoint "Cleanup", Time since last: 2000669000 ns, Reaching safepoint: 205100 ns, At safepoint: 9700 ns, Total: 214800 ns
[2022-05-24T08:28:45.197+0000][164][safepoint   ] Safepoint "Cleanup", Time since last: 3000932500 ns, Reaching safepoint: 274500 ns, At safepoint: 10400 ns, Total: 284900 ns
[2022-05-24T08:28:47.198+0000][164][safepoint   ] Safepoint "Cleanup", Time since last: 2000702600 ns, Reaching safepoint: 333200 ns, At safepoint: 14500 ns, Total: 347700 ns
[2022-05-24T08:28:47.380+0000][164][gc,start    ] GC(47) Pause Young (Normal) (G1 Evacuation Pause)
[2022-05-24T08:28:47.380+0000][164][gc,task     ] GC(47) Using 10 workers of 10 for evacuation
[2022-05-24T08:28:47.380+0000][164][gc,age      ] GC(47) Desired survivor size 16777216 bytes, new threshold 15 (max threshold 15)
[2022-05-24T08:28:47.382+0000][164][gc,age      ] GC(47) Age table with threshold 15 (max threshold 15)
[2022-05-24T08:28:47.382+0000][164][gc,age      ] GC(47) - age   1:     397200 bytes,     397200 total
[2022-05-24T08:28:47.383+0000][164][gc,age      ] GC(47) - age   2:       4712 bytes,     401912 total
[2022-05-24T08:28:47.383+0000][164][gc,age      ] GC(47) - age   3:     312536 bytes,     714448 total
[2022-05-24T08:28:47.383+0000][164][gc,phases   ] GC(47)   Pre Evacuate Collection Set: 0.2ms
[2022-05-24T08:28:47.383+0000][164][gc,phases   ] GC(47)   Merge Heap Roots: 0.2ms
[2022-05-24T08:28:47.383+0000][164][gc,phases   ] GC(47)   Evacuate Collection Set: 0.8ms
[2022-05-24T08:28:47.384+0000][164][gc,phases   ] GC(47)   Post Evacuate Collection Set: 0.8ms
[2022-05-24T08:28:47.384+0000][164][gc,phases   ] GC(47)   Other: 1.5ms
[2022-05-24T08:28:47.384+0000][164][gc,heap     ] GC(47) Eden regions: 63->0(64)
[2022-05-24T08:28:47.384+0000][164][gc,heap     ] GC(47) Survivor regions: 1->1(8)
[2022-05-24T08:28:47.384+0000][164][gc,heap     ] GC(47) Old regions: 28->28
[2022-05-24T08:28:47.384+0000][164][gc,heap     ] GC(47) Archive regions: 2->2
[2022-05-24T08:28:47.385+0000][164][gc,heap     ] GC(47) Humongous regions: 6->6
[2022-05-24T08:28:47.385+0000][164][gc,metaspace] GC(47) Metaspace: 104011K(105600K)->104011K(105600K) NonClass: 89847K(90752K)->89847K(90752K) Class: 14164K(14848K)->14164K(14848K)
[2022-05-24T08:28:47.385+0000][164][gc          ] GC(47) Pause Young (Normal) (G1 Evacuation Pause) 390M->138M(512M) 5.472ms
[2022-05-24T08:28:47.385+0000][164][gc,cpu      ] GC(47) User=0.01s Sys=0.00s Real=0.01s
[2022-05-24T08:28:47.385+0000][164][safepoint   ] Safepoint "G1CollectForAllocation", Time since last: 181220100 ns, Reaching safepoint: 190500 ns, At safepoint: 5824700 ns, Total: 6015200 ns
[2022-05-24T08:28:48.387+0000][164][safepoint   ] Safepoint "Cleanup", Time since last: 1001031100 ns, Reaching safepoint: 306100 ns, At safepoint: 24500 ns, Total: 330600 ns
[2022-05-24T08:28:49.387+0000][164][safepoint   ] Safepoint "Cleanup", Time since last: 1000319600 ns, Reaching safepoint: 196700 ns, At safepoint: 8300 ns, Total: 205000 ns
[2022-05-24T08:28:50.388+0000][164][safepoint   ] Safepoint "Cleanup", Time since last: 1000597800 ns, Reaching safepoint: 305900 ns, At safepoint: 10400 ns, Total: 316300 ns
[2022-05-24T08:28:53.390+0000][164][safepoint   ] Safepoint "Cleanup", Time since last: 3001178700 ns, Reaching safepoint: 194900 ns, At safepoint: 22700 ns, Total: 217600 ns
[2022-05-24T08:28:57.391+0000][164][safepoint   ] Safepoint "Cleanup", Time since last: 4001008600 ns, Reaching safepoint: 275500 ns, At safepoint: 11200 ns, Total: 286700 ns
[2022-05-24T08:28:58.392+0000][164][safepoint   ] Safepoint "Cleanup", Time since last: 1000387100 ns, Reaching safepoint: 310300 ns, At safepoint: 9300 ns, Total: 319600 ns
[2022-05-24T08:28:59.392+0000][164][safepoint   ] Safepoint "Cleanup", Time since last: 1000495400 ns, Reaching safepoint: 270000 ns, At safepoint: 12400 ns, Total: 282400 ns
[2022-05-24T08:29:00.393+0000][164][safepoint   ] Safepoint "Cleanup", Time since last: 1000556600 ns, Reaching safepoint: 243500 ns, At safepoint: 9000 ns, Total: 252500 ns
[2022-05-24T08:29:01.394+0000][164][safepoint   ] Safepoint "Cleanup", Time since last: 1000566600 ns, Reaching safepoint: 336100 ns, At safepoint: 10100 ns, Total: 346200 ns
[2022-05-24T08:29:02.395+0000][164][safepoint   ] Safepoint "Cleanup", Time since last: 1000742400 ns, Reaching safepoint: 595400 ns, At safepoint: 20900 ns, Total: 616300 ns
[2022-05-24T08:29:03.397+0000][164][safepoint   ] Safepoint "Cleanup", Time since last: 1001067500 ns, Reaching safepoint: 277500 ns, At safepoint: 13000 ns, Total: 290500 ns
[2022-05-24T08:29:09.399+0000][164][safepoint   ] Safepoint "Cleanup", Time since last: 6002005900 ns, Reaching safepoint: 490200 ns, At safepoint: 16800 ns, Total: 507000 ns
[2022-05-24T08:29:10.401+0000][164][safepoint   ] Safepoint "Cleanup", Time since last: 1001225600 ns, Reaching safepoint: 212500 ns, At safepoint: 7900 ns, Total: 220400 ns
[2022-05-24T08:29:11.402+0000][164][safepoint   ] Safepoint "Cleanup", Time since last: 1000564300 ns, Reaching safepoint: 251400 ns, At safepoint: 12900 ns, Total: 264300 ns
[2022-05-24T08:29:12.403+0000][164][safepoint   ] Safepoint "Cleanup", Time since last: 1000765100 ns, Reaching safepoint: 300100 ns, At safepoint: 12500 ns, Total: 312600 ns
[2022-05-24T08:29:17.404+0000][164][safepoint   ] Safepoint "Cleanup", Time since last: 5001462400 ns, Reaching safepoint: 207600 ns, At safepoint: 6900 ns, Total: 214500 ns
[2022-05-24T08:29:18.405+0000][164][safepoint   ] Safepoint "Cleanup", Time since last: 1000454700 ns, Reaching safepoint: 251200 ns, At safepoint: 8000 ns, Total: 259200 ns
[2022-05-24T08:29:19.406+0000][164][safepoint   ] Safepoint "Cleanup", Time since last: 1000491400 ns, Reaching safepoint: 222800 ns, At safepoint: 8700 ns, Total: 231500 ns
[2022-05-24T08:29:23.408+0000][164][safepoint   ] Safepoint "Cleanup", Time since last: 4001403100 ns, Reaching safepoint: 968500 ns, At safepoint: 32300 ns, Total: 1000800 ns
[2022-05-24T08:29:24.411+0000][164][safepoint   ] Safepoint "Cleanup", Time since last: 1001442100 ns, Reaching safepoint: 904900 ns, At safepoint: 28800 ns, Total: 933700 ns
[2022-05-24T08:29:27.413+0000][164][safepoint   ] Safepoint "Cleanup", Time since last: 3001704300 ns, Reaching safepoint: 383300 ns, At safepoint: 13200 ns, Total: 396500 ns
[2022-05-24T08:29:29.414+0000][164][safepoint   ] Safepoint "Cleanup", Time since last: 2000926200 ns, Reaching safepoint: 187500 ns, At safepoint: 6600 ns, Total: 194100 ns
[2022-05-24T08:29:30.415+0000][164][safepoint   ] Safepoint "Cleanup", Time since last: 1000411300 ns, Reaching safepoint: 996800 ns, At safepoint: 25900 ns, Total: 1022700 ns
[2022-05-24T08:29:33.416+0000][164][safepoint   ] Safepoint "Cleanup", Time since last: 3000626200 ns, Reaching safepoint: 227700 ns, At safepoint: 10100 ns, Total: 237800 ns
[2022-05-24T08:29:36.418+0000][164][safepoint   ] Safepoint "Cleanup", Time since last: 3001091900 ns, Reaching safepoint: 276300 ns, At safepoint: 8700 ns, Total: 285000 ns
[2022-05-24T08:29:40.419+0000][164][safepoint   ] Safepoint "Cleanup", Time since last: 4001082900 ns, Reaching safepoint: 191300 ns, At safepoint: 6900 ns, Total: 198200 ns
[2022-05-24T08:29:41.419+0000][164][safepoint   ] Safepoint "Cleanup", Time since last: 1000290600 ns, Reaching safepoint: 207400 ns, At safepoint: 6400 ns, Total: 213800 ns
[2022-05-24T08:29:42.420+0000][164][safepoint   ] Safepoint "Cleanup", Time since last: 1000481200 ns, Reaching safepoint: 200400 ns, At safepoint: 8000 ns, Total: 208400 ns
[2022-05-24T08:29:43.421+0000][164][safepoint   ] Safepoint "Cleanup", Time since last: 1000444900 ns, Reaching safepoint: 217200 ns, At safepoint: 6600 ns, Total: 223800 ns
[2022-05-24T08:29:45.422+0000][164][safepoint   ] Safepoint "Cleanup", Time since last: 2000696400 ns, Reaching safepoint: 229300 ns, At safepoint: 5900 ns, Total: 235200 ns
[2022-05-24T08:29:46.423+0000][164][safepoint   ] Safepoint "Cleanup", Time since last: 1000571000 ns, Reaching safepoint: 203400 ns, At safepoint: 8000 ns, Total: 211400 ns
[2022-05-24T08:29:48.423+0000][164][safepoint   ] Safepoint "Cleanup", Time since last: 2000560400 ns, Reaching safepoint: 276300 ns, At safepoint: 21600 ns, Total: 297900 ns
[2022-05-24T08:29:49.424+0000][164][safepoint   ] Safepoint "Cleanup", Time since last: 1000511400 ns, Reaching safepoint: 311300 ns, At safepoint: 7000 ns, Total: 318300 ns
[2022-05-24T08:29:50.425+0000][164][safepoint   ] Safepoint "Cleanup", Time since last: 1000505500 ns, Reaching safepoint: 192100 ns, At safepoint: 6300 ns, Total: 198400 ns
[2022-05-24T08:29:51.426+0000][164][safepoint   ] Safepoint "Cleanup", Time since last: 1000512200 ns, Reaching safepoint: 281000 ns, At safepoint: 7800 ns, Total: 288800 ns
[2022-05-24T08:29:52.426+0000][164][safepoint   ] Safepoint "Cleanup", Time since last: 1000352200 ns, Reaching safepoint: 252800 ns, At safepoint: 7900 ns, Total: 260700 ns
[2022-05-24T08:29:53.427+0000][164][safepoint   ] Safepoint "Cleanup", Time since last: 1000550300 ns, Reaching safepoint: 294100 ns, At safepoint: 7400 ns, Total: 301500 ns
[2022-05-24T08:29:59.429+0000][164][safepoint   ] Safepoint "Cleanup", Time since last: 6001300200 ns, Reaching safepoint: 301300 ns, At safepoint: 23700 ns, Total: 325000 ns
[2022-05-24T08:30:00.430+0000][164][safepoint   ] Safepoint "Cleanup", Time since last: 1000561500 ns, Reaching safepoint: 201900 ns, At safepoint: 22500 ns, Total: 224400 ns
[2022-05-24T08:30:01.430+0000][164][safepoint   ] Safepoint "Cleanup", Time since last: 1000501200 ns, Reaching safepoint: 216700 ns, At safepoint: 7100 ns, Total: 223800 ns
[2022-05-24T08:30:02.431+0000][164][safepoint   ] Safepoint "Cleanup", Time since last: 1000559900 ns, Reaching safepoint: 201900 ns, At safepoint: 7100 ns, Total: 209000 ns
[2022-05-24T08:30:03.221+0000][164][gc,start    ] GC(48) Pause Young (Normal) (G1 Evacuation Pause)
[2022-05-24T08:30:03.221+0000][164][gc,task     ] GC(48) Using 10 workers of 10 for evacuation
[2022-05-24T08:30:03.222+0000][164][gc,age      ] GC(48) Desired survivor size 18874368 bytes, new threshold 15 (max threshold 15)
[2022-05-24T08:30:03.224+0000][164][gc,age      ] GC(48) Age table with threshold 15 (max threshold 15)
[2022-05-24T08:30:03.224+0000][164][gc,age      ] GC(48) - age   1:     539848 bytes,     539848 total
[2022-05-24T08:30:03.225+0000][164][gc,age      ] GC(48) - age   2:      83184 bytes,     623032 total
[2022-05-24T08:30:03.225+0000][164][gc,age      ] GC(48) - age   3:       3952 bytes,     626984 total
[2022-05-24T08:30:03.225+0000][164][gc,age      ] GC(48) - age   4:     284912 bytes,     911896 total
[2022-05-24T08:30:03.225+0000][164][gc,phases   ] GC(48)   Pre Evacuate Collection Set: 0.2ms
[2022-05-24T08:30:03.225+0000][164][gc,phases   ] GC(48)   Merge Heap Roots: 0.2ms
[2022-05-24T08:30:03.225+0000][164][gc,phases   ] GC(48)   Evacuate Collection Set: 1.0ms
[2022-05-24T08:30:03.226+0000][164][gc,phases   ] GC(48)   Post Evacuate Collection Set: 0.7ms
[2022-05-24T08:30:03.226+0000][164][gc,phases   ] GC(48)   Other: 1.7ms
[2022-05-24T08:30:03.226+0000][164][gc,heap     ] GC(48) Eden regions: 64->0(66)
[2022-05-24T08:30:03.226+0000][164][gc,heap     ] GC(48) Survivor regions: 1->1(9)
[2022-05-24T08:30:03.226+0000][164][gc,heap     ] GC(48) Old regions: 28->28
[2022-05-24T08:30:03.226+0000][164][gc,heap     ] GC(48) Archive regions: 2->2
[2022-05-24T08:30:03.227+0000][164][gc,heap     ] GC(48) Humongous regions: 6->6
[2022-05-24T08:30:03.227+0000][164][gc,metaspace] GC(48) Metaspace: 104324K(105984K)->104324K(105984K) NonClass: 90160K(91136K)->90160K(91136K) Class: 14164K(14848K)->14164K(14848K)
[2022-05-24T08:30:03.227+0000][164][gc          ] GC(48) Pause Young (Normal) (G1 Evacuation Pause) 394M->138M(512M) 5.665ms
[2022-05-24T08:30:03.227+0000][164][gc,cpu      ] GC(48) User=0.01s Sys=0.00s Real=0.01s
[2022-05-24T08:30:03.227+0000][164][safepoint   ] Safepoint "G1CollectForAllocation", Time since last: 789908800 ns, Reaching safepoint: 245500 ns, At safepoint: 6111700 ns, Total: 6357200 ns
[2022-05-24T08:30:05.228+0000][164][safepoint   ] Safepoint "Cleanup", Time since last: 2000469800 ns, Reaching safepoint: 275400 ns, At safepoint: 24300 ns, Total: 299700 ns
[2022-05-24T08:30:06.229+0000][164][safepoint   ] Safepoint "Cleanup", Time since last: 1000477500 ns, Reaching safepoint: 246500 ns, At safepoint: 9200 ns, Total: 255700 ns
[2022-05-24T08:30:08.230+0000][164][safepoint   ] Safepoint "Cleanup", Time since last: 2000870700 ns, Reaching safepoint: 224400 ns, At safepoint: 8500 ns, Total: 232900 ns
[2022-05-24T08:30:09.231+0000][164][safepoint   ] Safepoint "Cleanup", Time since last: 1000874300 ns, Reaching safepoint: 270900 ns, At safepoint: 9900 ns, Total: 280800 ns
[2022-05-24T08:30:10.232+0000][164][safepoint   ] Safepoint "Cleanup", Time since last: 1000702700 ns, Reaching safepoint: 269300 ns, At safepoint: 16900 ns, Total: 286200 ns
[2022-05-24T08:30:11.233+0000][164][safepoint   ] Safepoint "Cleanup", Time since last: 1000432600 ns, Reaching safepoint: 328600 ns, At safepoint: 29300 ns, Total: 357900 ns
[2022-05-24T08:30:13.234+0000][164][safepoint   ] Safepoint "Cleanup", Time since last: 2000535800 ns, Reaching safepoint: 269300 ns, At safepoint: 6400 ns, Total: 275700 ns
[2022-05-24T08:30:14.235+0000][164][safepoint   ] Safepoint "Cleanup", Time since last: 1000471300 ns, Reaching safepoint: 227900 ns, At safepoint: 7000 ns, Total: 234900 ns
[2022-05-24T08:30:15.236+0000][164][safepoint   ] Safepoint "Cleanup", Time since last: 1000680400 ns, Reaching safepoint: 280600 ns, At safepoint: 9100 ns, Total: 289700 ns
[2022-05-24T08:30:19.238+0000][164][safepoint   ] Safepoint "Cleanup", Time since last: 4001838700 ns, Reaching safepoint: 851100 ns, At safepoint: 27300 ns, Total: 878400 ns
[2022-05-24T08:30:20.240+0000][164][safepoint   ] Safepoint "Cleanup", Time since last: 1001233300 ns, Reaching safepoint: 180500 ns, At safepoint: 5900 ns, Total: 186400 ns
[2022-05-24T08:30:21.240+0000][164][safepoint   ] Safepoint "Cleanup", Time since last: 1000235700 ns, Reaching safepoint: 220500 ns, At safepoint: 9300 ns, Total: 229800 ns
[2022-05-24T08:30:22.242+0000][164][safepoint   ] Safepoint "Cleanup", Time since last: 1000588300 ns, Reaching safepoint: 853300 ns, At safepoint: 27400 ns, Total: 880700 ns
[2022-05-24T08:30:24.244+0000][164][safepoint   ] Safepoint "Cleanup", Time since last: 2001745900 ns, Reaching safepoint: 816700 ns, At safepoint: 35500 ns, Total: 852200 ns
[2022-05-24T08:30:25.246+0000][164][safepoint   ] Safepoint "Cleanup", Time since last: 1001401200 ns, Reaching safepoint: 290000 ns, At safepoint: 12100 ns, Total: 302100 ns
[2022-05-24T08:30:26.248+0000][164][safepoint   ] Safepoint "Cleanup", Time since last: 1000744700 ns, Reaching safepoint: 837800 ns, At safepoint: 28500 ns, Total: 866300 ns
[2022-05-24T08:30:30.251+0000][164][safepoint   ] Safepoint "Cleanup", Time since last: 4002115300 ns, Reaching safepoint: 909200 ns, At safepoint: 30200 ns, Total: 939400 ns
[2022-05-24T08:30:31.253+0000][164][safepoint   ] Safepoint "Cleanup", Time since last: 1001642800 ns, Reaching safepoint: 232000 ns, At safepoint: 7200 ns, Total: 239200 ns
[2022-05-24T08:30:32.253+0000][164][safepoint   ] Safepoint "Cleanup", Time since last: 1000582800 ns, Reaching safepoint: 218400 ns, At safepoint: 6400 ns, Total: 224800 ns
[2022-05-24T08:30:33.254+0000][164][safepoint   ] Safepoint "Cleanup", Time since last: 1000725700 ns, Reaching safepoint: 224700 ns, At safepoint: 8200 ns, Total: 232900 ns
[2022-05-24T08:30:34.256+0000][164][safepoint   ] Safepoint "Cleanup", Time since last: 1000993000 ns, Reaching safepoint: 800500 ns, At safepoint: 83300 ns, Total: 883800 ns
[2022-05-24T08:30:37.258+0000][164][safepoint   ] Safepoint "Cleanup", Time since last: 3001612600 ns, Reaching safepoint: 240200 ns, At safepoint: 34000 ns, Total: 274200 ns
[2022-05-24T08:30:39.259+0000][164][safepoint   ] Safepoint "Cleanup", Time since last: 2000699600 ns, Reaching safepoint: 219100 ns, At safepoint: 6400 ns, Total: 225500 ns
[2022-05-24T08:30:40.260+0000][164][safepoint   ] Safepoint "Cleanup", Time since last: 1000597800 ns, Reaching safepoint: 195900 ns, At safepoint: 7100 ns, Total: 203000 ns
[2022-05-24T08:30:41.261+0000][164][safepoint   ] Safepoint "Cleanup", Time since last: 1000520600 ns, Reaching safepoint: 207000 ns, At safepoint: 7900 ns, Total: 214900 ns
[2022-05-24T08:30:42.261+0000][164][safepoint   ] Safepoint "Cleanup", Time since last: 1000388000 ns, Reaching safepoint: 222700 ns, At safepoint: 9500 ns, Total: 232200 ns
[2022-05-24T08:30:45.262+0000][164][safepoint   ] Safepoint "Cleanup", Time since last: 3000796300 ns, Reaching safepoint: 203000 ns, At safepoint: 24300 ns, Total: 227300 ns
[2022-05-24T08:30:46.263+0000][164][safepoint   ] Safepoint "Cleanup", Time since last: 1000434600 ns, Reaching safepoint: 578500 ns, At safepoint: 32800 ns, Total: 611300 ns
[2022-05-24T08:30:47.266+0000][164][safepoint   ] Safepoint "Cleanup", Time since last: 1001077900 ns, Reaching safepoint: 977600 ns, At safepoint: 29800 ns, Total: 1007400 ns
[2022-05-24T08:30:48.267+0000][164][safepoint   ] Safepoint "Cleanup", Time since last: 1001315100 ns, Reaching safepoint: 301500 ns, At safepoint: 12100 ns, Total: 313600 ns
[2022-05-24T08:30:49.269+0000][164][safepoint   ] Safepoint "Cleanup", Time since last: 1000642300 ns, Reaching safepoint: 909100 ns, At safepoint: 28500 ns, Total: 937600 ns
[2022-05-24T08:30:51.271+0000][164][safepoint   ] Safepoint "Cleanup", Time since last: 2001669500 ns, Reaching safepoint: 872600 ns, At safepoint: 26200 ns, Total: 898800 ns
[2022-05-24T08:30:52.273+0000][164][safepoint   ] Safepoint "Cleanup", Time since last: 1001361800 ns, Reaching safepoint: 242400 ns, At safepoint: 7900 ns, Total: 250300 ns
[2022-05-24T08:30:53.274+0000][164][safepoint   ] Safepoint "Cleanup", Time since last: 1000639900 ns, Reaching safepoint: 207000 ns, At safepoint: 9100 ns, Total: 216100 ns
[2022-05-24T08:30:57.276+0000][164][safepoint   ] Safepoint "Cleanup", Time since last: 4001596900 ns, Reaching safepoint: 195300 ns, At safepoint: 6400 ns, Total: 201700 ns
[2022-05-24T08:31:00.277+0000][164][safepoint   ] Safepoint "Cleanup", Time since last: 3001073900 ns, Reaching safepoint: 242700 ns, At safepoint: 8900 ns, Total: 251600 ns
[2022-05-24T08:31:01.278+0000][164][safepoint   ] Safepoint "Cleanup", Time since last: 1000849100 ns, Reaching safepoint: 200500 ns, At safepoint: 7000 ns, Total: 207500 ns
[2022-05-24T08:31:05.280+0000][164][safepoint   ] Safepoint "Cleanup", Time since last: 4001231400 ns, Reaching safepoint: 642600 ns, At safepoint: 56800 ns, Total: 699400 ns
[2022-05-24T08:31:06.282+0000][164][safepoint   ] Safepoint "Cleanup", Time since last: 1001226300 ns, Reaching safepoint: 862800 ns, At safepoint: 27700 ns, Total: 890500 ns
[2022-05-24T08:31:08.285+0000][164][safepoint   ] Safepoint "Cleanup", Time since last: 2001831400 ns, Reaching safepoint: 843500 ns, At safepoint: 26400 ns, Total: 869900 ns
[2022-05-24T08:31:10.288+0000][164][safepoint   ] Safepoint "Cleanup", Time since last: 2001908600 ns, Reaching safepoint: 1027500 ns, At safepoint: 33600 ns, Total: 1061100 ns
[2022-05-24T08:31:12.290+0000][164][safepoint   ] Safepoint "Cleanup", Time since last: 2001365400 ns, Reaching safepoint: 302600 ns, At safepoint: 20100 ns, Total: 322700 ns
[2022-05-24T08:31:13.291+0000][164][safepoint   ] Safepoint "Cleanup", Time since last: 1000516600 ns, Reaching safepoint: 749000 ns, At safepoint: 23700 ns, Total: 772700 ns
[2022-05-24T08:31:16.293+0000][164][safepoint   ] Safepoint "Cleanup", Time since last: 3001718100 ns, Reaching safepoint: 215700 ns, At safepoint: 8700 ns, Total: 224400 ns
[2022-05-24T08:31:20.296+0000][164][safepoint   ] Safepoint "Cleanup", Time since last: 4001742800 ns, Reaching safepoint: 1218600 ns, At safepoint: 49800 ns, Total: 1268400 ns
[2022-05-24T08:31:21.298+0000][164][safepoint   ] Safepoint "Cleanup", Time since last: 1001580100 ns, Reaching safepoint: 889200 ns, At safepoint: 27900 ns, Total: 917100 ns
[2022-05-24T08:31:22.300+0000][164][safepoint   ] Safepoint "Cleanup", Time since last: 1001546400 ns, Reaching safepoint: 236900 ns, At safepoint: 7700 ns, Total: 244600 ns
[2022-05-24T08:31:22.839+0000][164][gc,start    ] GC(49) Pause Young (Normal) (G1 Evacuation Pause)
[2022-05-24T08:31:22.840+0000][164][gc,task     ] GC(49) Using 10 workers of 10 for evacuation
[2022-05-24T08:31:22.840+0000][164][gc,age      ] GC(49) Desired survivor size 18874368 bytes, new threshold 15 (max threshold 15)
[2022-05-24T08:31:22.842+0000][164][gc,age      ] GC(49) Age table with threshold 15 (max threshold 15)
[2022-05-24T08:31:22.842+0000][164][gc,age      ] GC(49) - age   1:     208080 bytes,     208080 total
[2022-05-24T08:31:22.842+0000][164][gc,age      ] GC(49) - age   2:      77712 bytes,     285792 total
[2022-05-24T08:31:22.843+0000][164][gc,age      ] GC(49) - age   3:      80800 bytes,     366592 total
[2022-05-24T08:31:22.843+0000][164][gc,age      ] GC(49) - age   4:       3920 bytes,     370512 total
[2022-05-24T08:31:22.843+0000][164][gc,age      ] GC(49) - age   5:     280832 bytes,     651344 total
[2022-05-24T08:31:22.843+0000][164][gc,phases   ] GC(49)   Pre Evacuate Collection Set: 0.2ms
[2022-05-24T08:31:22.843+0000][164][gc,phases   ] GC(49)   Merge Heap Roots: 0.1ms
[2022-05-24T08:31:22.843+0000][164][gc,phases   ] GC(49)   Evacuate Collection Set: 1.0ms
[2022-05-24T08:31:22.843+0000][164][gc,phases   ] GC(49)   Post Evacuate Collection Set: 0.8ms
[2022-05-24T08:31:22.844+0000][164][gc,phases   ] GC(49)   Other: 1.6ms
[2022-05-24T08:31:22.844+0000][164][gc,heap     ] GC(49) Eden regions: 66->0(66)
[2022-05-24T08:31:22.844+0000][164][gc,heap     ] GC(49) Survivor regions: 1->1(9)
[2022-05-24T08:31:22.844+0000][164][gc,heap     ] GC(49) Old regions: 28->28
[2022-05-24T08:31:22.844+0000][164][gc,heap     ] GC(49) Archive regions: 2->2
[2022-05-24T08:31:22.844+0000][164][gc,heap     ] GC(49) Humongous regions: 6->6
[2022-05-24T08:31:22.844+0000][164][gc,metaspace] GC(49) Metaspace: 104645K(106240K)->104645K(106240K) NonClass: 90478K(91392K)->90478K(91392K) Class: 14166K(14848K)->14166K(14848K)
[2022-05-24T08:31:22.845+0000][164][gc          ] GC(49) Pause Young (Normal) (G1 Evacuation Pause) 402M->138M(512M) 5.325ms
[2022-05-24T08:31:22.845+0000][164][gc,cpu      ] GC(49) User=0.01s Sys=0.00s Real=0.00s
[2022-05-24T08:31:22.845+0000][164][safepoint   ] Safepoint "G1CollectForAllocation", Time since last: 538953600 ns, Reaching safepoint: 182000 ns, At safepoint: 5662700 ns, Total: 5844700 ns
[2022-05-24T08:31:24.846+0000][164][safepoint   ] Safepoint "Cleanup", Time since last: 2000310900 ns, Reaching safepoint: 330100 ns, At safepoint: 24800 ns, Total: 354900 ns
[2022-05-24T08:31:26.847+0000][164][safepoint   ] Safepoint "Cleanup", Time since last: 2001163600 ns, Reaching safepoint: 225300 ns, At safepoint: 7700 ns, Total: 233000 ns
[2022-05-24T08:31:27.848+0000][164][safepoint   ] Safepoint "Cleanup", Time since last: 1000783700 ns, Reaching safepoint: 214400 ns, At safepoint: 7100 ns, Total: 221500 ns
[2022-05-24T08:31:28.849+0000][164][safepoint   ] Safepoint "Cleanup", Time since last: 1000589000 ns, Reaching safepoint: 188200 ns, At safepoint: 6500 ns, Total: 194700 ns
[2022-05-24T08:31:31.851+0000][164][safepoint   ] Safepoint "Cleanup", Time since last: 3001451000 ns, Reaching safepoint: 217500 ns, At safepoint: 20500 ns, Total: 238000 ns
[2022-05-24T08:31:32.851+0000][164][safepoint   ] Safepoint "Cleanup", Time since last: 1000325300 ns, Reaching safepoint: 460000 ns, At safepoint: 17100 ns, Total: 477100 ns
[2022-05-24T08:31:33.852+0000][164][safepoint   ] Safepoint "Cleanup", Time since last: 1000882600 ns, Reaching safepoint: 268000 ns, At safepoint: 9000 ns, Total: 277000 ns
[2022-05-24T08:31:34.854+0000][164][safepoint   ] Safepoint "Cleanup", Time since last: 1000863500 ns, Reaching safepoint: 237000 ns, At safepoint: 8300 ns, Total: 245300 ns
[2022-05-24T08:31:36.333+0000][164][safepoint   ] Safepoint "Cleanup", Time since last: 1478995400 ns, Reaching safepoint: 455600 ns, At safepoint: 55000 ns, Total: 510600 ns
[2022-05-24T08:31:38.334+0000][164][safepoint   ] Safepoint "Cleanup", Time since last: 2000848900 ns, Reaching safepoint: 280700 ns, At safepoint: 9400 ns, Total: 290100 ns
[2022-05-24T08:31:39.335+0000][164][safepoint   ] Safepoint "Cleanup", Time since last: 1000655600 ns, Reaching safepoint: 217500 ns, At safepoint: 7000 ns, Total: 224500 ns
[2022-05-24T08:31:42.338+0000][164][safepoint   ] Safepoint "Cleanup", Time since last: 3001421700 ns, Reaching safepoint: 802200 ns, At safepoint: 27600 ns, Total: 829800 ns
[2022-05-24T08:31:43.339+0000][164][safepoint   ] Safepoint "Cleanup", Time since last: 1001540900 ns, Reaching safepoint: 199300 ns, At safepoint: 26300 ns, Total: 225600 ns
[2022-05-24T08:31:45.340+0000][164][safepoint   ] Safepoint "Cleanup", Time since last: 2000704200 ns, Reaching safepoint: 199900 ns, At safepoint: 8500 ns, Total: 208400 ns
[2022-05-24T08:31:49.342+0000][164][safepoint   ] Safepoint "Cleanup", Time since last: 4001090600 ns, Reaching safepoint: 256800 ns, At safepoint: 9500 ns, Total: 266300 ns
[2022-05-24T08:31:52.343+0000][164][safepoint   ] Safepoint "Cleanup", Time since last: 3001165600 ns, Reaching safepoint: 238800 ns, At safepoint: 12100 ns, Total: 250900 ns
[2022-05-24T08:31:55.344+0000][164][safepoint   ] Safepoint "Cleanup", Time since last: 3001052100 ns, Reaching safepoint: 234000 ns, At safepoint: 10100 ns, Total: 244100 ns
[2022-05-24T08:31:56.345+0000][164][safepoint   ] Safepoint "Cleanup", Time since last: 1000424700 ns, Reaching safepoint: 194600 ns, At safepoint: 7400 ns, Total: 202000 ns
[2022-05-24T08:32:03.346+0000][164][safepoint   ] Safepoint "Cleanup", Time since last: 7001064500 ns, Reaching safepoint: 224400 ns, At safepoint: 7000 ns, Total: 231400 ns
[2022-05-24T08:32:09.348+0000][164][safepoint   ] Safepoint "Cleanup", Time since last: 6001299400 ns, Reaching safepoint: 321100 ns, At safepoint: 8000 ns, Total: 329100 ns
[2022-05-24T08:32:13.349+0000][164][safepoint   ] Safepoint "Cleanup", Time since last: 4000888600 ns, Reaching safepoint: 273500 ns, At safepoint: 8900 ns, Total: 282400 ns
[2022-05-24T08:32:14.350+0000][164][safepoint   ] Safepoint "Cleanup", Time since last: 1000512400 ns, Reaching safepoint: 257300 ns, At safepoint: 20700 ns, Total: 278000 ns
[2022-05-24T08:32:23.352+0000][164][safepoint   ] Safepoint "Cleanup", Time since last: 9002081500 ns, Reaching safepoint: 319300 ns, At safepoint: 11300 ns, Total: 330600 ns
[2022-05-24T08:32:24.353+0000][164][safepoint   ] Safepoint "Cleanup", Time since last: 1000622200 ns, Reaching safepoint: 203600 ns, At safepoint: 7100 ns, Total: 210700 ns
[2022-05-24T08:32:30.356+0000][164][safepoint   ] Safepoint "Cleanup", Time since last: 6001639500 ns, Reaching safepoint: 989900 ns, At safepoint: 29700 ns, Total: 1019600 ns
[2022-05-24T08:32:31.357+0000][164][safepoint   ] Safepoint "Cleanup", Time since last: 1001109400 ns, Reaching safepoint: 256100 ns, At safepoint: 9100 ns, Total: 265200 ns
[2022-05-24T08:32:32.358+0000][164][safepoint   ] Safepoint "Cleanup", Time since last: 1000730300 ns, Reaching safepoint: 483600 ns, At safepoint: 16500 ns, Total: 500100 ns
[2022-05-24T08:32:33.360+0000][164][safepoint   ] Safepoint "Cleanup", Time since last: 1001107000 ns, Reaching safepoint: 762800 ns, At safepoint: 26100 ns, Total: 788900 ns
[2022-05-24T08:32:34.362+0000][164][safepoint   ] Safepoint "Cleanup", Time since last: 1001399800 ns, Reaching safepoint: 374100 ns, At safepoint: 13000 ns, Total: 387100 ns
[2022-05-24T08:32:36.363+0000][164][safepoint   ] Safepoint "Cleanup", Time since last: 2001015500 ns, Reaching safepoint: 269400 ns, At safepoint: 9600 ns, Total: 279000 ns
[2022-05-24T08:32:39.365+0000][164][safepoint   ] Safepoint "Cleanup", Time since last: 3000822300 ns, Reaching safepoint: 184900 ns, At safepoint: 5900 ns, Total: 190800 ns
[2022-05-24T08:32:40.365+0000][164][safepoint   ] Safepoint "Cleanup", Time since last: 1000490900 ns, Reaching safepoint: 271600 ns, At safepoint: 7200 ns, Total: 278800 ns
[2022-05-24T08:32:41.366+0000][164][safepoint   ] Safepoint "Cleanup", Time since last: 1000791200 ns, Reaching safepoint: 364600 ns, At safepoint: 16200 ns, Total: 380800 ns
[2022-05-24T08:32:43.140+0000][164][gc,start    ] GC(50) Pause Young (Normal) (G1 Evacuation Pause)
[2022-05-24T08:32:43.140+0000][164][gc,task     ] GC(50) Using 10 workers of 10 for evacuation
[2022-05-24T08:32:43.140+0000][164][gc,age      ] GC(50) Desired survivor size 18874368 bytes, new threshold 15 (max threshold 15)
[2022-05-24T08:32:43.142+0000][164][gc,age      ] GC(50) Age table with threshold 15 (max threshold 15)
[2022-05-24T08:32:43.143+0000][164][gc,age      ] GC(50) - age   1:     959488 bytes,     959488 total
[2022-05-24T08:32:43.143+0000][164][gc,age      ] GC(50) - age   2:      28312 bytes,     987800 total
[2022-05-24T08:32:43.143+0000][164][gc,age      ] GC(50) - age   3:      75976 bytes,    1063776 total
[2022-05-24T08:32:43.143+0000][164][gc,age      ] GC(50) - age   4:      78320 bytes,    1142096 total
[2022-05-24T08:32:43.143+0000][164][gc,age      ] GC(50) - age   5:       3920 bytes,    1146016 total
[2022-05-24T08:32:43.144+0000][164][gc,age      ] GC(50) - age   6:     275112 bytes,    1421128 total
[2022-05-24T08:32:43.144+0000][164][gc,phases   ] GC(50)   Pre Evacuate Collection Set: 0.2ms
[2022-05-24T08:32:43.144+0000][164][gc,phases   ] GC(50)   Merge Heap Roots: 0.2ms
[2022-05-24T08:32:43.144+0000][164][gc,phases   ] GC(50)   Evacuate Collection Set: 1.2ms
[2022-05-24T08:32:43.145+0000][164][gc,phases   ] GC(50)   Post Evacuate Collection Set: 0.8ms
[2022-05-24T08:32:43.145+0000][164][gc,phases   ] GC(50)   Other: 2.1ms
[2022-05-24T08:32:43.145+0000][164][gc,heap     ] GC(50) Eden regions: 66->0(67)
[2022-05-24T08:32:43.145+0000][164][gc,heap     ] GC(50) Survivor regions: 1->1(9)
[2022-05-24T08:32:43.145+0000][164][gc,heap     ] GC(50) Old regions: 28->28
[2022-05-24T08:32:43.145+0000][164][gc,heap     ] GC(50) Archive regions: 2->2
[2022-05-24T08:32:43.146+0000][164][gc,heap     ] GC(50) Humongous regions: 6->6
[2022-05-24T08:32:43.146+0000][164][gc,metaspace] GC(50) Metaspace: 104771K(106368K)->104771K(106368K) NonClass: 90605K(91520K)->90605K(91520K) Class: 14166K(14848K)->14166K(14848K)
[2022-05-24T08:32:43.146+0000][164][gc          ] GC(50) Pause Young (Normal) (G1 Evacuation Pause) 401M->138M(512M) 6.384ms
[2022-05-24T08:32:43.146+0000][164][gc,cpu      ] GC(50) User=0.01s Sys=0.00s Real=0.01s
[2022-05-24T08:32:43.146+0000][164][safepoint   ] Safepoint "G1CollectForAllocation", Time since last: 1772777700 ns, Reaching safepoint: 229000 ns, At safepoint: 6883900 ns, Total: 7112900 ns
[2022-05-24T08:32:44.147+0000][164][safepoint   ] Safepoint "Cleanup", Time since last: 1000303800 ns, Reaching safepoint: 182200 ns, At safepoint: 8200 ns, Total: 190400 ns
[2022-05-24T08:32:45.147+0000][164][safepoint   ] Safepoint "Cleanup", Time since last: 1000307300 ns, Reaching safepoint: 226100 ns, At safepoint: 6300 ns, Total: 232400 ns
[2022-05-24T08:32:49.149+0000][164][safepoint   ] Safepoint "Cleanup", Time since last: 4000976900 ns, Reaching safepoint: 491200 ns, At safepoint: 29500 ns, Total: 520700 ns
[2022-05-24T08:32:54.150+0000][164][safepoint   ] Safepoint "Cleanup", Time since last: 5001245300 ns, Reaching safepoint: 232500 ns, At safepoint: 8100 ns, Total: 240600 ns
[2022-05-24T08:32:55.151+0000][164][safepoint   ] Safepoint "Cleanup", Time since last: 1000461600 ns, Reaching safepoint: 200900 ns, At safepoint: 7600 ns, Total: 208500 ns
[2022-05-24T08:32:56.152+0000][164][safepoint   ] Safepoint "Cleanup", Time since last: 1000486400 ns, Reaching safepoint: 266600 ns, At safepoint: 7300 ns, Total: 273900 ns
[2022-05-24T08:32:57.153+0000][164][safepoint   ] Safepoint "Cleanup", Time since last: 1000515100 ns, Reaching safepoint: 237300 ns, At safepoint: 11900 ns, Total: 249200 ns
[2022-05-24T08:32:58.153+0000][164][safepoint   ] Safepoint "Cleanup", Time since last: 1000463600 ns, Reaching safepoint: 193000 ns, At safepoint: 8700 ns, Total: 201700 ns
[2022-05-24T08:33:03.155+0000][164][safepoint   ] Safepoint "Cleanup", Time since last: 5000957700 ns, Reaching safepoint: 1122900 ns, At safepoint: 43400 ns, Total: 1166300 ns
[2022-05-24T08:33:04.157+0000][164][safepoint   ] Safepoint "Cleanup", Time since last: 1001206400 ns, Reaching safepoint: 200200 ns, At safepoint: 7400 ns, Total: 207600 ns
[2022-05-24T08:33:05.158+0000][164][safepoint   ] Safepoint "Cleanup", Time since last: 1000587900 ns, Reaching safepoint: 197900 ns, At safepoint: 6900 ns, Total: 204800 ns
[2022-05-24T08:33:06.159+0000][164][safepoint   ] Safepoint "Cleanup", Time since last: 1000560100 ns, Reaching safepoint: 392900 ns, At safepoint: 22800 ns, Total: 415700 ns
[2022-05-24T08:33:14.162+0000][164][safepoint   ] Safepoint "Cleanup", Time since last: 8002681100 ns, Reaching safepoint: 421900 ns, At safepoint: 13900 ns, Total: 435800 ns
[2022-05-24T08:33:18.164+0000][164][safepoint   ] Safepoint "Cleanup", Time since last: 4001904300 ns, Reaching safepoint: 224400 ns, At safepoint: 6000 ns, Total: 230400 ns
[2022-05-24T08:33:21.166+0000][164][safepoint   ] Safepoint "Cleanup", Time since last: 3000882200 ns, Reaching safepoint: 1044700 ns, At safepoint: 28400 ns, Total: 1073100 ns
[2022-05-24T08:33:23.168+0000][164][safepoint   ] Safepoint "Cleanup", Time since last: 2001817200 ns, Reaching safepoint: 323100 ns, At safepoint: 10900 ns, Total: 334000 ns
[2022-05-24T08:33:24.169+0000][164][safepoint   ] Safepoint "Cleanup", Time since last: 1000669300 ns, Reaching safepoint: 278700 ns, At safepoint: 11000 ns, Total: 289700 ns
[2022-05-24T08:33:30.171+0000][164][safepoint   ] Safepoint "Cleanup", Time since last: 6001929300 ns, Reaching safepoint: 312000 ns, At safepoint: 11100 ns, Total: 323100 ns
[2022-05-24T08:33:36.174+0000][164][safepoint   ] Safepoint "Cleanup", Time since last: 6002074700 ns, Reaching safepoint: 955800 ns, At safepoint: 32600 ns, Total: 988400 ns
[2022-05-24T08:33:37.177+0000][164][safepoint   ] Safepoint "Cleanup", Time since last: 1001585800 ns, Reaching safepoint: 951300 ns, At safepoint: 27300 ns, Total: 978600 ns
[2022-05-24T08:33:38.179+0000][164][safepoint   ] Safepoint "Cleanup", Time since last: 1001491300 ns, Reaching safepoint: 214100 ns, At safepoint: 8000 ns, Total: 222100 ns
[2022-05-24T08:33:44.181+0000][164][safepoint   ] Safepoint "Cleanup", Time since last: 6001594000 ns, Reaching safepoint: 750300 ns, At safepoint: 29600 ns, Total: 779900 ns
[2022-05-24T08:33:45.183+0000][164][safepoint   ] Safepoint "Cleanup", Time since last: 1000783500 ns, Reaching safepoint: 996800 ns, At safepoint: 29900 ns, Total: 1026700 ns
[2022-05-24T08:33:46.185+0000][164][safepoint   ] Safepoint "Cleanup", Time since last: 1001544400 ns, Reaching safepoint: 856200 ns, At safepoint: 31600 ns, Total: 887800 ns
[2022-05-24T08:33:54.189+0000][164][safepoint   ] Safepoint "Cleanup", Time since last: 8002857800 ns, Reaching safepoint: 373800 ns, At safepoint: 20600 ns, Total: 394400 ns
[2022-05-24T08:33:55.190+0000][164][safepoint   ] Safepoint "Cleanup", Time since last: 1000930300 ns, Reaching safepoint: 265000 ns, At safepoint: 8900 ns, Total: 273900 ns
[2022-05-24T08:33:56.191+0000][164][safepoint   ] Safepoint "Cleanup", Time since last: 1000616400 ns, Reaching safepoint: 198900 ns, At safepoint: 6600 ns, Total: 205500 ns
[2022-05-24T08:34:00.193+0000][164][safepoint   ] Safepoint "Cleanup", Time since last: 4001729400 ns, Reaching safepoint: 412600 ns, At safepoint: 14500 ns, Total: 427100 ns
[2022-05-24T08:34:04.472+0000][164][gc,start    ] GC(51) Pause Young (Normal) (G1 Evacuation Pause)
[2022-05-24T08:34:04.472+0000][164][gc,task     ] GC(51) Using 10 workers of 10 for evacuation
[2022-05-24T08:34:04.472+0000][164][gc,age      ] GC(51) Desired survivor size 18874368 bytes, new threshold 15 (max threshold 15)
[2022-05-24T08:34:04.476+0000][164][gc,age      ] GC(51) Age table with threshold 15 (max threshold 15)
[2022-05-24T08:34:04.476+0000][164][gc,age      ] GC(51) - age   1:     798488 bytes,     798488 total
[2022-05-24T08:34:04.477+0000][164][gc,age      ] GC(51) - age   2:      21072 bytes,     819560 total
[2022-05-24T08:34:04.477+0000][164][gc,age      ] GC(51) - age   3:      26928 bytes,     846488 total
[2022-05-24T08:34:04.477+0000][164][gc,age      ] GC(51) - age   4:      72616 bytes,     919104 total
[2022-05-24T08:34:04.477+0000][164][gc,age      ] GC(51) - age   5:      74784 bytes,     993888 total
[2022-05-24T08:34:04.478+0000][164][gc,age      ] GC(51) - age   6:       3920 bytes,     997808 total
[2022-05-24T08:34:04.478+0000][164][gc,age      ] GC(51) - age   7:     269792 bytes,    1267600 total
[2022-05-24T08:34:04.478+0000][164][gc,phases   ] GC(51)   Pre Evacuate Collection Set: 0.3ms
[2022-05-24T08:34:04.478+0000][164][gc,phases   ] GC(51)   Merge Heap Roots: 0.2ms
[2022-05-24T08:34:04.479+0000][164][gc,phases   ] GC(51)   Evacuate Collection Set: 1.3ms
[2022-05-24T08:34:04.479+0000][164][gc,phases   ] GC(51)   Post Evacuate Collection Set: 1.7ms
[2022-05-24T08:34:04.479+0000][164][gc,phases   ] GC(51)   Other: 3.1ms
[2022-05-24T08:34:04.479+0000][164][gc,heap     ] GC(51) Eden regions: 67->0(68)
[2022-05-24T08:34:04.479+0000][164][gc,heap     ] GC(51) Survivor regions: 1->1(9)
[2022-05-24T08:34:04.480+0000][164][gc,heap     ] GC(51) Old regions: 28->28
[2022-05-24T08:34:04.480+0000][164][gc,heap     ] GC(51) Archive regions: 2->2
[2022-05-24T08:34:04.480+0000][164][gc,heap     ] GC(51) Humongous regions: 6->6
[2022-05-24T08:34:04.480+0000][164][gc,metaspace] GC(51) Metaspace: 104893K(106560K)->104893K(106560K) NonClass: 90726K(91712K)->90726K(91712K) Class: 14166K(14848K)->14166K(14848K)
[2022-05-24T08:34:04.480+0000][164][gc          ] GC(51) Pause Young (Normal) (G1 Evacuation Pause) 406M->138M(512M) 8.522ms
[2022-05-24T08:34:04.480+0000][164][gc,cpu      ] GC(51) User=0.00s Sys=0.02s Real=0.01s
[2022-05-24T08:34:04.480+0000][164][safepoint   ] Safepoint "G1CollectForAllocation", Time since last: 4278345900 ns, Reaching safepoint: 295000 ns, At safepoint: 8877700 ns, Total: 9172700 ns
[2022-05-24T08:34:13.483+0000][164][safepoint   ] Safepoint "Cleanup", Time since last: 9001698200 ns, Reaching safepoint: 872200 ns, At safepoint: 27200 ns, Total: 899400 ns
[2022-05-24T08:34:15.485+0000][164][safepoint   ] Safepoint "Cleanup", Time since last: 2001487900 ns, Reaching safepoint: 241000 ns, At safepoint: 7200 ns, Total: 248200 ns
[2022-05-24T08:34:18.486+0000][164][safepoint   ] Safepoint "Cleanup", Time since last: 3001126100 ns, Reaching safepoint: 300600 ns, At safepoint: 6800 ns, Total: 307400 ns
[2022-05-24T08:34:24.489+0000][164][safepoint   ] Safepoint "Cleanup", Time since last: 6002071100 ns, Reaching safepoint: 287900 ns, At safepoint: 12700 ns, Total: 300600 ns
[2022-05-24T08:34:25.490+0000][164][safepoint   ] Safepoint "Cleanup", Time since last: 1000574500 ns, Reaching safepoint: 334300 ns, At safepoint: 11200 ns, Total: 345500 ns
[2022-05-24T08:34:26.491+0000][164][safepoint   ] Safepoint "Cleanup", Time since last: 1000882900 ns, Reaching safepoint: 855600 ns, At safepoint: 27900 ns, Total: 883500 ns
[2022-05-24T08:34:30.495+0000][164][safepoint   ] Safepoint "Cleanup", Time since last: 4002275100 ns, Reaching safepoint: 965200 ns, At safepoint: 31000 ns, Total: 996200 ns
[2022-05-24T08:34:32.497+0000][164][safepoint   ] Safepoint "Cleanup", Time since last: 2001998600 ns, Reaching safepoint: 211100 ns, At safepoint: 7000 ns, Total: 218100 ns
[2022-05-24T08:34:34.498+0000][164][safepoint   ] Safepoint "Cleanup", Time since last: 2000970300 ns, Reaching safepoint: 306700 ns, At safepoint: 11200 ns, Total: 317900 ns
[2022-05-24T08:34:35.499+0000][164][safepoint   ] Safepoint "Cleanup", Time since last: 1000616100 ns, Reaching safepoint: 183900 ns, At safepoint: 6700 ns, Total: 190600 ns
[2022-05-24T08:34:37.501+0000][164][safepoint   ] Safepoint "Cleanup", Time since last: 2000494300 ns, Reaching safepoint: 1070100 ns, At safepoint: 43200 ns, Total: 1113300 ns
[2022-05-24T08:34:39.502+0000][164][safepoint   ] Safepoint "Cleanup", Time since last: 2001475000 ns, Reaching safepoint: 347300 ns, At safepoint: 11300 ns, Total: 358600 ns
[2022-05-24T08:34:40.504+0000][164][safepoint   ] Safepoint "Cleanup", Time since last: 1000876500 ns, Reaching safepoint: 205900 ns, At safepoint: 7200 ns, Total: 213100 ns
[2022-05-24T08:34:41.505+0000][164][safepoint   ] Safepoint "Cleanup", Time since last: 1000683100 ns, Reaching safepoint: 334000 ns, At safepoint: 11600 ns, Total: 345600 ns
[2022-05-24T08:34:45.506+0000][164][safepoint   ] Safepoint "Cleanup", Time since last: 4001709300 ns, Reaching safepoint: 180000 ns, At safepoint: 31800 ns, Total: 211800 ns
[2022-05-24T08:34:59.512+0000][164][safepoint   ] Safepoint "Cleanup", Time since last: 14004421700 ns, Reaching safepoint: 899000 ns, At safepoint: 30900 ns, Total: 929900 ns
[2022-05-24T08:35:02.514+0000][164][safepoint   ] Safepoint "Cleanup", Time since last: 3001970600 ns, Reaching safepoint: 294600 ns, At safepoint: 13000 ns, Total: 307600 ns
[2022-05-24T08:35:05.515+0000][164][safepoint   ] Safepoint "Cleanup", Time since last: 3000844600 ns, Reaching safepoint: 285000 ns, At safepoint: 10700 ns, Total: 295700 ns
[2022-05-24T08:35:06.516+0000][164][safepoint   ] Safepoint "Cleanup", Time since last: 1000607200 ns, Reaching safepoint: 179900 ns, At safepoint: 7000 ns, Total: 186900 ns
[2022-05-24T08:35:07.517+0000][164][safepoint   ] Safepoint "Cleanup", Time since last: 1000512000 ns, Reaching safepoint: 194000 ns, At safepoint: 7600 ns, Total: 201600 ns
[2022-05-24T08:35:13.518+0000][164][safepoint   ] Safepoint "Cleanup", Time since last: 6001124500 ns, Reaching safepoint: 276100 ns, At safepoint: 10800 ns, Total: 286900 ns
[2022-05-24T08:35:14.519+0000][164][safepoint   ] Safepoint "Cleanup", Time since last: 1000450800 ns, Reaching safepoint: 229900 ns, At safepoint: 10000 ns, Total: 239900 ns
[2022-05-24T08:35:16.520+0000][164][safepoint   ] Safepoint "Cleanup", Time since last: 2000500200 ns, Reaching safepoint: 235300 ns, At safepoint: 9700 ns, Total: 245000 ns
[2022-05-24T08:35:22.521+0000][164][safepoint   ] Safepoint "Cleanup", Time since last: 6000979900 ns, Reaching safepoint: 269900 ns, At safepoint: 6800 ns, Total: 276700 ns
[2022-05-24T08:35:22.860+0000][164][gc,start    ] GC(52) Pause Young (Normal) (G1 Evacuation Pause)
[2022-05-24T08:35:22.860+0000][164][gc,task     ] GC(52) Using 10 workers of 10 for evacuation
[2022-05-24T08:35:22.860+0000][164][gc,age      ] GC(52) Desired survivor size 18874368 bytes, new threshold 15 (max threshold 15)
[2022-05-24T08:35:22.863+0000][164][gc,age      ] GC(52) Age table with threshold 15 (max threshold 15)
[2022-05-24T08:35:22.863+0000][164][gc,age      ] GC(52) - age   1:     305688 bytes,     305688 total
[2022-05-24T08:35:22.863+0000][164][gc,age      ] GC(52) - age   2:      30592 bytes,     336280 total
[2022-05-24T08:35:22.863+0000][164][gc,age      ] GC(52) - age   3:      17224 bytes,     353504 total
[2022-05-24T08:35:22.864+0000][164][gc,age      ] GC(52) - age   4:      26488 bytes,     379992 total
[2022-05-24T08:35:22.864+0000][164][gc,age      ] GC(52) - age   5:      69728 bytes,     449720 total
[2022-05-24T08:35:22.864+0000][164][gc,age      ] GC(52) - age   6:      71328 bytes,     521048 total
[2022-05-24T08:35:22.864+0000][164][gc,age      ] GC(52) - age   7:       3128 bytes,     524176 total
[2022-05-24T08:35:22.864+0000][164][gc,age      ] GC(52) - age   8:     263120 bytes,     787296 total
[2022-05-24T08:35:22.864+0000][164][gc,phases   ] GC(52)   Pre Evacuate Collection Set: 0.2ms
[2022-05-24T08:35:22.864+0000][164][gc,phases   ] GC(52)   Merge Heap Roots: 0.1ms
[2022-05-24T08:35:22.864+0000][164][gc,phases   ] GC(52)   Evacuate Collection Set: 1.0ms
[2022-05-24T08:35:22.865+0000][164][gc,phases   ] GC(52)   Post Evacuate Collection Set: 1.0ms
[2022-05-24T08:35:22.865+0000][164][gc,phases   ] GC(52)   Other: 1.7ms
[2022-05-24T08:35:22.865+0000][164][gc,heap     ] GC(52) Eden regions: 68->0(68)
[2022-05-24T08:35:22.865+0000][164][gc,heap     ] GC(52) Survivor regions: 1->1(9)
[2022-05-24T08:35:22.865+0000][164][gc,heap     ] GC(52) Old regions: 28->28
[2022-05-24T08:35:22.865+0000][164][gc,heap     ] GC(52) Archive regions: 2->2
[2022-05-24T08:35:22.865+0000][164][gc,heap     ] GC(52) Humongous regions: 6->6
[2022-05-24T08:35:22.865+0000][164][gc,metaspace] GC(52) Metaspace: 104965K(106624K)->104965K(106624K) NonClass: 90798K(91776K)->90798K(91776K) Class: 14166K(14848K)->14166K(14848K)
[2022-05-24T08:35:22.865+0000][164][gc          ] GC(52) Pause Young (Normal) (G1 Evacuation Pause) 410M->138M(512M) 5.360ms
[2022-05-24T08:35:22.866+0000][164][gc,cpu      ] GC(52) User=0.01s Sys=0.00s Real=0.00s
[2022-05-24T08:35:22.866+0000][164][safepoint   ] Safepoint "G1CollectForAllocation", Time since last: 338838500 ns, Reaching safepoint: 181600 ns, At safepoint: 5659900 ns, Total: 5841500 ns
[2022-05-24T08:35:26.867+0000][164][safepoint   ] Safepoint "Cleanup", Time since last: 4001080200 ns, Reaching safepoint: 208700 ns, At safepoint: 7200 ns, Total: 215900 ns
[2022-05-24T08:35:27.868+0000][164][safepoint   ] Safepoint "Cleanup", Time since last: 1000507600 ns, Reaching safepoint: 272200 ns, At safepoint: 7100 ns, Total: 279300 ns
[2022-05-24T08:35:28.869+0000][164][safepoint   ] Safepoint "Cleanup", Time since last: 1000604200 ns, Reaching safepoint: 196200 ns, At safepoint: 6600 ns, Total: 202800 ns
[2022-05-24T08:35:35.873+0000][164][safepoint   ] Safepoint "Cleanup", Time since last: 7003063800 ns, Reaching safepoint: 807600 ns, At safepoint: 28300 ns, Total: 835900 ns
[2022-05-24T08:35:37.524+0000][164][safepoint   ] Safepoint "Cleanup", Time since last: 1651319900 ns, Reaching safepoint: 231900 ns, At safepoint: 19600 ns, Total: 251500 ns
[2022-05-24T08:35:42.526+0000][164][safepoint   ] Safepoint "Cleanup", Time since last: 5001660300 ns, Reaching safepoint: 224600 ns, At safepoint: 9900 ns, Total: 234500 ns
[2022-05-24T08:35:56.531+0000][164][safepoint   ] Safepoint "Cleanup", Time since last: 14003849100 ns, Reaching safepoint: 636700 ns, At safepoint: 22100 ns, Total: 658800 ns
[2022-05-24T08:35:57.532+0000][164][safepoint   ] Safepoint "Cleanup", Time since last: 1001089100 ns, Reaching safepoint: 263600 ns, At safepoint: 7000 ns, Total: 270600 ns
[2022-05-24T08:35:58.533+0000][164][safepoint   ] Safepoint "Cleanup", Time since last: 1000572200 ns, Reaching safepoint: 272600 ns, At safepoint: 23600 ns, Total: 296200 ns
[2022-05-24T08:36:00.534+0000][164][safepoint   ] Safepoint "Cleanup", Time since last: 2000939900 ns, Reaching safepoint: 491000 ns, At safepoint: 16500 ns, Total: 507500 ns
[2022-05-24T08:36:06.538+0000][164][safepoint   ] Safepoint "Cleanup", Time since last: 6002255900 ns, Reaching safepoint: 899300 ns, At safepoint: 70800 ns, Total: 970100 ns
[2022-05-24T08:36:07.540+0000][164][safepoint   ] Safepoint "Cleanup", Time since last: 1001456000 ns, Reaching safepoint: 318800 ns, At safepoint: 11300 ns, Total: 330100 ns
[2022-05-24T08:36:08.541+0000][164][safepoint   ] Safepoint "Cleanup", Time since last: 1000694700 ns, Reaching safepoint: 173400 ns, At safepoint: 6400 ns, Total: 179800 ns
[2022-05-24T08:36:15.543+0000][164][safepoint   ] Safepoint "Cleanup", Time since last: 7002226900 ns, Reaching safepoint: 284000 ns, At safepoint: 33000 ns, Total: 317000 ns
[2022-05-24T08:36:38.548+0000][164][safepoint   ] Safepoint "Cleanup", Time since last: 23004556200 ns, Reaching safepoint: 214700 ns, At safepoint: 7100 ns, Total: 221800 ns
[2022-05-24T08:36:40.073+0000][164][gc,start    ] GC(53) Pause Young (Normal) (G1 Evacuation Pause)
[2022-05-24T08:36:40.073+0000][164][gc,task     ] GC(53) Using 10 workers of 10 for evacuation
[2022-05-24T08:36:40.073+0000][164][gc,age      ] GC(53) Desired survivor size 18874368 bytes, new threshold 15 (max threshold 15)
[2022-05-24T08:36:40.076+0000][164][gc,age      ] GC(53) Age table with threshold 15 (max threshold 15)
[2022-05-24T08:36:40.076+0000][164][gc,age      ] GC(53) - age   1:     495016 bytes,     495016 total
[2022-05-24T08:36:40.076+0000][164][gc,age      ] GC(53) - age   2:      39672 bytes,     534688 total
[2022-05-24T08:36:40.076+0000][164][gc,age      ] GC(53) - age   3:      26424 bytes,     561112 total
[2022-05-24T08:36:40.076+0000][164][gc,age      ] GC(53) - age   4:      16888 bytes,     578000 total
[2022-05-24T08:36:40.077+0000][164][gc,age      ] GC(53) - age   5:      26360 bytes,     604360 total
[2022-05-24T08:36:40.077+0000][164][gc,age      ] GC(53) - age   6:      69056 bytes,     673416 total
[2022-05-24T08:36:40.077+0000][164][gc,age      ] GC(53) - age   7:      70992 bytes,     744408 total
[2022-05-24T08:36:40.077+0000][164][gc,age      ] GC(53) - age   8:       3128 bytes,     747536 total
[2022-05-24T08:36:40.077+0000][164][gc,age      ] GC(53) - age   9:     260192 bytes,    1007728 total
[2022-05-24T08:36:40.077+0000][164][gc,phases   ] GC(53)   Pre Evacuate Collection Set: 0.2ms
[2022-05-24T08:36:40.077+0000][164][gc,phases   ] GC(53)   Merge Heap Roots: 0.2ms
[2022-05-24T08:36:40.077+0000][164][gc,phases   ] GC(53)   Evacuate Collection Set: 1.2ms
[2022-05-24T08:36:40.078+0000][164][gc,phases   ] GC(53)   Post Evacuate Collection Set: 0.9ms
[2022-05-24T08:36:40.078+0000][164][gc,phases   ] GC(53)   Other: 1.9ms
[2022-05-24T08:36:40.078+0000][164][gc,heap     ] GC(53) Eden regions: 68->0(69)
[2022-05-24T08:36:40.078+0000][164][gc,heap     ] GC(53) Survivor regions: 1->1(9)
[2022-05-24T08:36:40.078+0000][164][gc,heap     ] GC(53) Old regions: 28->28
[2022-05-24T08:36:40.078+0000][164][gc,heap     ] GC(53) Archive regions: 2->2
[2022-05-24T08:36:40.078+0000][164][gc,heap     ] GC(53) Humongous regions: 6->6
[2022-05-24T08:36:40.078+0000][164][gc,metaspace] GC(53) Metaspace: 105010K(106624K)->105010K(106624K) NonClass: 90843K(91776K)->90843K(91776K) Class: 14166K(14848K)->14166K(14848K)
[2022-05-24T08:36:40.079+0000][164][gc          ] GC(53) Pause Young (Normal) (G1 Evacuation Pause) 410M->138M(512M) 5.725ms
[2022-05-24T08:36:40.079+0000][164][gc,cpu      ] GC(53) User=0.01s Sys=0.00s Real=0.01s
[2022-05-24T08:36:40.079+0000][164][safepoint   ] Safepoint "G1CollectForAllocation", Time since last: 1524826300 ns, Reaching safepoint: 291000 ns, At safepoint: 6073300 ns, Total: 6364300 ns
[2022-05-24T08:36:43.080+0000][164][safepoint   ] Safepoint "Cleanup", Time since last: 3000868000 ns, Reaching safepoint: 229100 ns, At safepoint: 22800 ns, Total: 251900 ns
[2022-05-24T08:36:48.081+0000][164][safepoint   ] Safepoint "Cleanup", Time since last: 5000863500 ns, Reaching safepoint: 267700 ns, At safepoint: 20500 ns, Total: 288200 ns
[2022-05-24T08:36:51.082+0000][164][safepoint   ] Safepoint "Cleanup", Time since last: 3000598800 ns, Reaching safepoint: 299900 ns, At safepoint: 33000 ns, Total: 332900 ns
[2022-05-24T08:36:56.837+0000][164][safepoint   ] Safepoint "Cleanup", Time since last: 5754089400 ns, Reaching safepoint: 1155400 ns, At safepoint: 31600 ns, Total: 1187000 ns
[2022-05-24T08:37:08.842+0000][164][safepoint   ] Safepoint "Cleanup", Time since last: 12003756400 ns, Reaching safepoint: 326200 ns, At safepoint: 10700 ns, Total: 336900 ns
[2022-05-24T08:37:09.843+0000][164][safepoint   ] Safepoint "Cleanup", Time since last: 1000698500 ns, Reaching safepoint: 414400 ns, At safepoint: 13900 ns, Total: 428300 ns
[2022-05-24T08:37:18.846+0000][164][safepoint   ] Safepoint "Cleanup", Time since last: 9002932100 ns, Reaching safepoint: 194300 ns, At safepoint: 6100 ns, Total: 200400 ns
[2022-05-24T08:37:23.848+0000][164][safepoint   ] Safepoint "Cleanup", Time since last: 5001427400 ns, Reaching safepoint: 326500 ns, At safepoint: 11200 ns, Total: 337700 ns
[2022-05-24T08:37:25.849+0000][164][safepoint   ] Safepoint "Cleanup", Time since last: 2000993700 ns, Reaching safepoint: 252400 ns, At safepoint: 7000 ns, Total: 259400 ns
[2022-05-24T08:37:27.850+0000][164][safepoint   ] Safepoint "Cleanup", Time since last: 2000763600 ns, Reaching safepoint: 359200 ns, At safepoint: 23200 ns, Total: 382400 ns
[2022-05-24T08:37:32.852+0000][164][safepoint   ] Safepoint "Cleanup", Time since last: 5001578300 ns, Reaching safepoint: 318900 ns, At safepoint: 12300 ns, Total: 331200 ns
[2022-05-24T08:37:37.854+0000][164][safepoint   ] Safepoint "Cleanup", Time since last: 5001580700 ns, Reaching safepoint: 376400 ns, At safepoint: 24200 ns, Total: 400600 ns
[2022-05-24T08:37:39.856+0000][164][safepoint   ] Safepoint "Cleanup", Time since last: 2001042800 ns, Reaching safepoint: 896400 ns, At safepoint: 32200 ns, Total: 928600 ns
[2022-05-24T08:37:49.861+0000][164][safepoint   ] Safepoint "Cleanup", Time since last: 10003437800 ns, Reaching safepoint: 988100 ns, At safepoint: 30100 ns, Total: 1018200 ns
[2022-05-24T08:37:58.864+0000][164][safepoint   ] Safepoint "Cleanup", Time since last: 9003101400 ns, Reaching safepoint: 375700 ns, At safepoint: 15800 ns, Total: 391500 ns
[2022-05-24T08:37:59.276+0000][164][gc,start    ] GC(54) Pause Young (Normal) (G1 Evacuation Pause)
[2022-05-24T08:37:59.276+0000][164][gc,task     ] GC(54) Using 10 workers of 10 for evacuation
[2022-05-24T08:37:59.277+0000][164][gc,age      ] GC(54) Desired survivor size 18874368 bytes, new threshold 15 (max threshold 15)
[2022-05-24T08:37:59.280+0000][164][gc,age      ] GC(54) Age table with threshold 15 (max threshold 15)
[2022-05-24T08:37:59.280+0000][164][gc,age      ] GC(54) - age   1:     395928 bytes,     395928 total
[2022-05-24T08:37:59.280+0000][164][gc,age      ] GC(54) - age   2:      58960 bytes,     454888 total
[2022-05-24T08:37:59.280+0000][164][gc,age      ] GC(54) - age   3:      37464 bytes,     492352 total
[2022-05-24T08:37:59.280+0000][164][gc,age      ] GC(54) - age   4:      23192 bytes,     515544 total
[2022-05-24T08:37:59.281+0000][164][gc,age      ] GC(54) - age   5:      16040 bytes,     531584 total
[2022-05-24T08:37:59.281+0000][164][gc,age      ] GC(54) - age   6:      22272 bytes,     553856 total
[2022-05-24T08:37:59.281+0000][164][gc,age      ] GC(54) - age   7:      68544 bytes,     622400 total
[2022-05-24T08:37:59.281+0000][164][gc,age      ] GC(54) - age   8:      69312 bytes,     691712 total
[2022-05-24T08:37:59.281+0000][164][gc,age      ] GC(54) - age   9:       3128 bytes,     694840 total
[2022-05-24T08:37:59.281+0000][164][gc,age      ] GC(54) - age  10:     256768 bytes,     951608 total
[2022-05-24T08:37:59.281+0000][164][gc,phases   ] GC(54)   Pre Evacuate Collection Set: 0.2ms
[2022-05-24T08:37:59.281+0000][164][gc,phases   ] GC(54)   Merge Heap Roots: 0.2ms
[2022-05-24T08:37:59.282+0000][164][gc,phases   ] GC(54)   Evacuate Collection Set: 1.3ms
[2022-05-24T08:37:59.282+0000][164][gc,phases   ] GC(54)   Post Evacuate Collection Set: 1.2ms
[2022-05-24T08:37:59.282+0000][164][gc,phases   ] GC(54)   Other: 2.4ms
[2022-05-24T08:37:59.282+0000][164][gc,heap     ] GC(54) Eden regions: 69->0(69)
[2022-05-24T08:37:59.282+0000][164][gc,heap     ] GC(54) Survivor regions: 1->1(9)
[2022-05-24T08:37:59.282+0000][164][gc,heap     ] GC(54) Old regions: 28->28
[2022-05-24T08:37:59.282+0000][164][gc,heap     ] GC(54) Archive regions: 2->2
[2022-05-24T08:37:59.282+0000][164][gc,heap     ] GC(54) Humongous regions: 6->6
[2022-05-24T08:37:59.283+0000][164][gc,metaspace] GC(54) Metaspace: 105090K(106688K)->105090K(106688K) NonClass: 90923K(91840K)->90923K(91840K) Class: 14166K(14848K)->14166K(14848K)
[2022-05-24T08:37:59.283+0000][164][gc          ] GC(54) Pause Young (Normal) (G1 Evacuation Pause) 414M->138M(512M) 6.564ms
[2022-05-24T08:37:59.283+0000][164][gc,cpu      ] GC(54) User=0.01s Sys=0.01s Real=0.01s
[2022-05-24T08:37:59.283+0000][164][safepoint   ] Safepoint "G1CollectForAllocation", Time since last: 411445600 ns, Reaching safepoint: 341400 ns, At safepoint: 6976500 ns, Total: 7317900 ns
[2022-05-24T08:38:00.284+0000][164][safepoint   ] Safepoint "Cleanup", Time since last: 1000279900 ns, Reaching safepoint: 226500 ns, At safepoint: 5700 ns, Total: 232200 ns
[2022-05-24T08:38:01.285+0000][164][safepoint   ] Safepoint "Cleanup", Time since last: 1000586500 ns, Reaching safepoint: 844900 ns, At safepoint: 27500 ns, Total: 872400 ns
[2022-05-24T08:38:09.648+0000][164][safepoint   ] Safepoint "ICBufferFull", Time since last: 8362704100 ns, Reaching safepoint: 206100 ns, At safepoint: 23700 ns, Total: 229800 ns
[2022-05-24T08:38:10.649+0000][164][safepoint   ] Safepoint "Cleanup", Time since last: 1000345400 ns, Reaching safepoint: 212800 ns, At safepoint: 7400 ns, Total: 220200 ns
[2022-05-24T08:38:11.256+0000][164][gc,start    ] GC(55) Pause Young (Normal) (G1 Evacuation Pause)
[2022-05-24T08:38:11.257+0000][164][gc,task     ] GC(55) Using 10 workers of 10 for evacuation
[2022-05-24T08:38:11.257+0000][164][gc,age      ] GC(55) Desired survivor size 18874368 bytes, new threshold 15 (max threshold 15)
[2022-05-24T08:38:11.259+0000][164][gc,age      ] GC(55) Age table with threshold 15 (max threshold 15)
[2022-05-24T08:38:11.260+0000][164][gc,age      ] GC(55) - age   1:    1005112 bytes,    1005112 total
[2022-05-24T08:38:11.260+0000][164][gc,age      ] GC(55) - age   2:      63920 bytes,    1069032 total
[2022-05-24T08:38:11.260+0000][164][gc,age      ] GC(55) - age   3:      58712 bytes,    1127744 total
[2022-05-24T08:38:11.260+0000][164][gc,age      ] GC(55) - age   4:      37400 bytes,    1165144 total
[2022-05-24T08:38:11.260+0000][164][gc,age      ] GC(55) - age   5:      23160 bytes,    1188304 total
[2022-05-24T08:38:11.260+0000][164][gc,age      ] GC(55) - age   6:      16040 bytes,    1204344 total
[2022-05-24T08:38:11.261+0000][164][gc,age      ] GC(55) - age   7:      22016 bytes,    1226360 total
[2022-05-24T08:38:11.261+0000][164][gc,age      ] GC(55) - age   8:      68344 bytes,    1294704 total
[2022-05-24T08:38:11.261+0000][164][gc,age      ] GC(55) - age   9:      69208 bytes,    1363912 total
[2022-05-24T08:38:11.261+0000][164][gc,age      ] GC(55) - age  10:       3128 bytes,    1367040 total
[2022-05-24T08:38:11.261+0000][164][gc,age      ] GC(55) - age  11:     255864 bytes,    1622904 total
[2022-05-24T08:38:11.261+0000][164][gc,phases   ] GC(55)   Pre Evacuate Collection Set: 0.2ms
[2022-05-24T08:38:11.261+0000][164][gc,phases   ] GC(55)   Merge Heap Roots: 0.2ms
[2022-05-24T08:38:11.261+0000][164][gc,phases   ] GC(55)   Evacuate Collection Set: 1.2ms
[2022-05-24T08:38:11.262+0000][164][gc,phases   ] GC(55)   Post Evacuate Collection Set: 0.9ms
[2022-05-24T08:38:11.262+0000][164][gc,phases   ] GC(55)   Other: 2.6ms
[2022-05-24T08:38:11.262+0000][164][gc,heap     ] GC(55) Eden regions: 69->0(69)
[2022-05-24T08:38:11.262+0000][164][gc,heap     ] GC(55) Survivor regions: 1->1(9)
[2022-05-24T08:38:11.262+0000][164][gc,heap     ] GC(55) Old regions: 28->28
[2022-05-24T08:38:11.262+0000][164][gc,heap     ] GC(55) Archive regions: 2->2
[2022-05-24T08:38:11.262+0000][164][gc,heap     ] GC(55) Humongous regions: 6->6
[2022-05-24T08:38:11.262+0000][164][gc,metaspace] GC(55) Metaspace: 105139K(106752K)->105139K(106752K) NonClass: 90971K(91904K)->90971K(91904K) Class: 14168K(14848K)->14168K(14848K)
[2022-05-24T08:38:11.262+0000][164][gc          ] GC(55) Pause Young (Normal) (G1 Evacuation Pause) 414M->138M(512M) 6.289ms
[2022-05-24T08:38:11.263+0000][164][gc,cpu      ] GC(55) User=0.01s Sys=0.01s Real=0.01s
[2022-05-24T08:38:11.263+0000][164][safepoint   ] Safepoint "G1CollectForAllocation", Time since last: 607333600 ns, Reaching safepoint: 214100 ns, At safepoint: 6614700 ns, Total: 6828800 ns
[2022-05-24T08:38:12.263+0000][164][safepoint   ] Safepoint "Cleanup", Time since last: 1000338900 ns, Reaching safepoint: 278500 ns, At safepoint: 7300 ns, Total: 285800 ns
[2022-05-24T08:38:31.269+0000][164][safepoint   ] Safepoint "Cleanup", Time since last: 19004763700 ns, Reaching safepoint: 306100 ns, At safepoint: 24800 ns, Total: 330900 ns
[2022-05-24T08:39:01.277+0000][164][safepoint   ] Safepoint "Cleanup", Time since last: 30008229900 ns, Reaching safepoint: 219800 ns, At safepoint: 7600 ns, Total: 227400 ns
[2022-05-24T08:39:50.288+0000][164][safepoint   ] Safepoint "Cleanup", Time since last: 49010763200 ns, Reaching safepoint: 194300 ns, At safepoint: 7800 ns, Total: 202100 ns
[2022-05-24T08:39:57.290+0000][164][safepoint   ] Safepoint "Cleanup", Time since last: 7001328300 ns, Reaching safepoint: 230600 ns, At safepoint: 7200 ns, Total: 237800 ns
[2022-05-24T08:39:59.291+0000][164][safepoint   ] Safepoint "Cleanup", Time since last: 2000832900 ns, Reaching safepoint: 240700 ns, At safepoint: 7400 ns, Total: 248100 ns
[2022-05-24T08:40:15.296+0000][164][safepoint   ] Safepoint "Cleanup", Time since last: 16003572300 ns, Reaching safepoint: 954100 ns, At safepoint: 29800 ns, Total: 983900 ns
[2022-05-24T08:40:17.298+0000][164][safepoint   ] Safepoint "Cleanup", Time since last: 2001928600 ns, Reaching safepoint: 271400 ns, At safepoint: 15400 ns, Total: 286800 ns
[2022-05-24T08:40:18.298+0000][164][safepoint   ] Safepoint "Cleanup", Time since last: 1000298900 ns, Reaching safepoint: 196500 ns, At safepoint: 20200 ns, Total: 216700 ns
[2022-05-24T08:40:19.299+0000][164][safepoint   ] Safepoint "Cleanup", Time since last: 1000381800 ns, Reaching safepoint: 458900 ns, At safepoint: 27300 ns, Total: 486200 ns
[2022-05-24T08:41:18.311+0000][164][safepoint   ] Safepoint "Cleanup", Time since last: 59011584800 ns, Reaching safepoint: 195300 ns, At safepoint: 19600 ns, Total: 214900 ns
[2022-05-24T08:41:18.927+0000][164][gc,start    ] GC(56) Pause Young (Normal) (G1 Evacuation Pause)
[2022-05-24T08:41:18.927+0000][164][gc,task     ] GC(56) Using 10 workers of 10 for evacuation
[2022-05-24T08:41:18.928+0000][164][gc,age      ] GC(56) Desired survivor size 18874368 bytes, new threshold 15 (max threshold 15)
[2022-05-24T08:41:18.930+0000][164][gc,age      ] GC(56) Age table with threshold 15 (max threshold 15)
[2022-05-24T08:41:18.931+0000][164][gc,age      ] GC(56) - age   1:     683056 bytes,     683056 total
[2022-05-24T08:41:18.931+0000][164][gc,age      ] GC(56) - age   2:     555120 bytes,    1238176 total
[2022-05-24T08:41:18.931+0000][164][gc,age      ] GC(56) - age   3:      61168 bytes,    1299344 total
[2022-05-24T08:41:18.932+0000][164][gc,age      ] GC(56) - age   4:      58120 bytes,    1357464 total
[2022-05-24T08:41:18.932+0000][164][gc,age      ] GC(56) - age   5:      37400 bytes,    1394864 total
[2022-05-24T08:41:18.932+0000][164][gc,age      ] GC(56) - age   6:      23160 bytes,    1418024 total
[2022-05-24T08:41:18.932+0000][164][gc,age      ] GC(56) - age   7:      16040 bytes,    1434064 total
[2022-05-24T08:41:18.933+0000][164][gc,age      ] GC(56) - age   8:      22016 bytes,    1456080 total
[2022-05-24T08:41:18.933+0000][164][gc,age      ] GC(56) - age   9:      68344 bytes,    1524424 total
[2022-05-24T08:41:18.933+0000][164][gc,age      ] GC(56) - age  10:      69208 bytes,    1593632 total
[2022-05-24T08:41:18.934+0000][164][gc,age      ] GC(56) - age  11:       3128 bytes,    1596760 total
[2022-05-24T08:41:18.934+0000][164][gc,age      ] GC(56) - age  12:     255864 bytes,    1852624 total
[2022-05-24T08:41:18.934+0000][164][gc,phases   ] GC(56)   Pre Evacuate Collection Set: 0.2ms
[2022-05-24T08:41:18.934+0000][164][gc,phases   ] GC(56)   Merge Heap Roots: 0.2ms
[2022-05-24T08:41:18.935+0000][164][gc,phases   ] GC(56)   Evacuate Collection Set: 1.3ms
[2022-05-24T08:41:18.935+0000][164][gc,phases   ] GC(56)   Post Evacuate Collection Set: 0.8ms
[2022-05-24T08:41:18.935+0000][164][gc,phases   ] GC(56)   Other: 4.7ms
[2022-05-24T08:41:18.935+0000][164][gc,heap     ] GC(56) Eden regions: 69->0(69)
[2022-05-24T08:41:18.936+0000][164][gc,heap     ] GC(56) Survivor regions: 1->1(9)
[2022-05-24T08:41:18.936+0000][164][gc,heap     ] GC(56) Old regions: 28->28
[2022-05-24T08:41:18.936+0000][164][gc,heap     ] GC(56) Archive regions: 2->2
[2022-05-24T08:41:18.936+0000][164][gc,heap     ] GC(56) Humongous regions: 6->6
[2022-05-24T08:41:18.936+0000][164][gc,metaspace] GC(56) Metaspace: 105216K(106816K)->105216K(106816K) NonClass: 91048K(91968K)->91048K(91968K) Class: 14168K(14848K)->14168K(14848K)
[2022-05-24T08:41:18.936+0000][164][gc          ] GC(56) Pause Young (Normal) (G1 Evacuation Pause) 414M->139M(512M) 9.501ms
[2022-05-24T08:41:18.937+0000][164][gc,cpu      ] GC(56) User=0.02s Sys=0.00s Real=0.01s
[2022-05-24T08:41:18.937+0000][164][safepoint   ] Safepoint "G1CollectForAllocation", Time since last: 615600600 ns, Reaching safepoint: 182000 ns, At safepoint: 9797900 ns, Total: 9979900 ns
[2022-05-24T08:41:19.937+0000][164][safepoint   ] Safepoint "Cleanup", Time since last: 1000224700 ns, Reaching safepoint: 222300 ns, At safepoint: 7400 ns, Total: 229700 ns
[2022-05-24T08:41:20.938+0000][164][safepoint   ] Safepoint "Cleanup", Time since last: 1000372700 ns, Reaching safepoint: 258500 ns, At safepoint: 23400 ns, Total: 281900 ns
[2022-05-24T08:41:30.940+0000][164][safepoint   ] Safepoint "Cleanup", Time since last: 10002212700 ns, Reaching safepoint: 264800 ns, At safepoint: 6400 ns, Total: 271200 ns
[2022-05-24T08:42:00.948+0000][164][safepoint   ] Safepoint "Cleanup", Time since last: 30006548900 ns, Reaching safepoint: 1121500 ns, At safepoint: 41000 ns, Total: 1162500 ns
[2022-05-24T08:42:19.954+0000][164][safepoint   ] Safepoint "Cleanup", Time since last: 19005050900 ns, Reaching safepoint: 209900 ns, At safepoint: 22900 ns, Total: 232800 ns
[2022-05-24T08:42:20.215+0000][164][gc,start    ] GC(57) Pause Young (Normal) (G1 Evacuation Pause)
[2022-05-24T08:42:20.216+0000][164][gc,task     ] GC(57) Using 10 workers of 10 for evacuation
[2022-05-24T08:42:20.216+0000][164][gc,age      ] GC(57) Desired survivor size 18874368 bytes, new threshold 15 (max threshold 15)
[2022-05-24T08:42:20.220+0000][164][gc,age      ] GC(57) Age table with threshold 15 (max threshold 15)
[2022-05-24T08:42:20.220+0000][164][gc,age      ] GC(57) - age   1:     578088 bytes,     578088 total
[2022-05-24T08:42:20.220+0000][164][gc,age      ] GC(57) - age   2:     199448 bytes,     777536 total
[2022-05-24T08:42:20.221+0000][164][gc,age      ] GC(57) - age   3:     555120 bytes,    1332656 total
[2022-05-24T08:42:20.221+0000][164][gc,age      ] GC(57) - age   4:      61168 bytes,    1393824 total
[2022-05-24T08:42:20.221+0000][164][gc,age      ] GC(57) - age   5:      58120 bytes,    1451944 total
[2022-05-24T08:42:20.221+0000][164][gc,age      ] GC(57) - age   6:      37400 bytes,    1489344 total
[2022-05-24T08:42:20.222+0000][164][gc,age      ] GC(57) - age   7:      23160 bytes,    1512504 total
[2022-05-24T08:42:20.222+0000][164][gc,age      ] GC(57) - age   8:      16040 bytes,    1528544 total
[2022-05-24T08:42:20.222+0000][164][gc,age      ] GC(57) - age   9:      22016 bytes,    1550560 total
[2022-05-24T08:42:20.222+0000][164][gc,age      ] GC(57) - age  10:      68344 bytes,    1618904 total
[2022-05-24T08:42:20.223+0000][164][gc,age      ] GC(57) - age  11:      69208 bytes,    1688112 total
[2022-05-24T08:42:20.223+0000][164][gc,age      ] GC(57) - age  12:       3128 bytes,    1691240 total
[2022-05-24T08:42:20.223+0000][164][gc,age      ] GC(57) - age  13:     254096 bytes,    1945336 total
[2022-05-24T08:42:20.223+0000][164][gc,phases   ] GC(57)   Pre Evacuate Collection Set: 0.2ms
[2022-05-24T08:42:20.223+0000][164][gc,phases   ] GC(57)   Merge Heap Roots: 0.2ms
[2022-05-24T08:42:20.224+0000][164][gc,phases   ] GC(57)   Evacuate Collection Set: 1.4ms
[2022-05-24T08:42:20.224+0000][164][gc,phases   ] GC(57)   Post Evacuate Collection Set: 1.6ms
[2022-05-24T08:42:20.224+0000][164][gc,phases   ] GC(57)   Other: 4.7ms
[2022-05-24T08:42:20.224+0000][164][gc,heap     ] GC(57) Eden regions: 69->0(69)
[2022-05-24T08:42:20.225+0000][164][gc,heap     ] GC(57) Survivor regions: 1->1(9)
[2022-05-24T08:42:20.225+0000][164][gc,heap     ] GC(57) Old regions: 28->28
[2022-05-24T08:42:20.225+0000][164][gc,heap     ] GC(57) Archive regions: 2->2
[2022-05-24T08:42:20.225+0000][164][gc,heap     ] GC(57) Humongous regions: 6->6
[2022-05-24T08:42:20.225+0000][164][gc,metaspace] GC(57) Metaspace: 105259K(106880K)->105259K(106880K) NonClass: 91090K(92032K)->91090K(92032K) Class: 14168K(14848K)->14168K(14848K)
[2022-05-24T08:42:20.226+0000][164][gc          ] GC(57) Pause Young (Normal) (G1 Evacuation Pause) 415M->139M(512M) 10.592ms
[2022-05-24T08:42:20.226+0000][164][gc,cpu      ] GC(57) User=0.02s Sys=0.00s Real=0.01s
[2022-05-24T08:42:20.226+0000][164][safepoint   ] Safepoint "G1CollectForAllocation", Time since last: 260430300 ns, Reaching safepoint: 298000 ns, At safepoint: 11103300 ns, Total: 11401300 ns
[2022-05-24T08:42:21.227+0000][164][safepoint   ] Safepoint "Cleanup", Time since last: 1000398400 ns, Reaching safepoint: 267800 ns, At safepoint: 10300 ns, Total: 278100 ns
[2022-05-24T08:42:22.228+0000][164][safepoint   ] Safepoint "Cleanup", Time since last: 1000468500 ns, Reaching safepoint: 276500 ns, At safepoint: 11500 ns, Total: 288000 ns
[2022-05-24T08:43:12.240+0000][164][safepoint   ] Safepoint "Cleanup", Time since last: 50010909500 ns, Reaching safepoint: 257200 ns, At safepoint: 7200 ns, Total: 264400 ns
[2022-05-24T08:43:56.254+0000][164][safepoint   ] Safepoint "Cleanup", Time since last: 44012722700 ns, Reaching safepoint: 332000 ns, At safepoint: 9100 ns, Total: 341100 ns
[2022-05-24T08:44:01.256+0000][164][safepoint   ] Safepoint "Cleanup", Time since last: 5001118400 ns, Reaching safepoint: 178100 ns, At safepoint: 7300 ns, Total: 185400 ns
[2022-05-24T08:44:52.273+0000][164][safepoint   ] Safepoint "Cleanup", Time since last: 51016124200 ns, Reaching safepoint: 224300 ns, At safepoint: 8400 ns, Total: 232700 ns
[2022-05-24T08:44:55.275+0000][164][safepoint   ] Safepoint "Cleanup", Time since last: 3000895500 ns, Reaching safepoint: 290600 ns, At safepoint: 9600 ns, Total: 300200 ns
[2022-05-24T08:44:57.275+0000][164][safepoint   ] Safepoint "Cleanup", Time since last: 2000635400 ns, Reaching safepoint: 218100 ns, At safepoint: 6900 ns, Total: 225000 ns
[2022-05-24T08:45:01.278+0000][164][safepoint   ] Safepoint "Cleanup", Time since last: 4001230300 ns, Reaching safepoint: 860900 ns, At safepoint: 28100 ns, Total: 889000 ns
[2022-05-24T08:45:27.289+0000][164][safepoint   ] Safepoint "Cleanup", Time since last: 26010220500 ns, Reaching safepoint: 473600 ns, At safepoint: 15400 ns, Total: 489000 ns
[2022-05-24T08:46:00.300+0000][164][safepoint   ] Safepoint "Cleanup", Time since last: 33010379400 ns, Reaching safepoint: 231900 ns, At safepoint: 8000 ns, Total: 239900 ns
[2022-05-24T08:46:31.307+0000][164][safepoint   ] Safepoint "Cleanup", Time since last: 31006313700 ns, Reaching safepoint: 292100 ns, At safepoint: 24300 ns, Total: 316400 ns
[2022-05-24T08:46:33.308+0000][164][safepoint   ] Safepoint "Cleanup", Time since last: 2000564800 ns, Reaching safepoint: 274600 ns, At safepoint: 11000 ns, Total: 285600 ns
[2022-05-24T08:47:45.331+0000][164][safepoint   ] Safepoint "Cleanup", Time since last: 72020110300 ns, Reaching safepoint: 393200 ns, At safepoint: 12900 ns, Total: 406100 ns
[2022-05-24T08:47:46.332+0000][164][safepoint   ] Safepoint "Cleanup", Time since last: 1000755500 ns, Reaching safepoint: 245700 ns, At safepoint: 8100 ns, Total: 253800 ns
[2022-05-24T08:47:57.418+0000][164][gc,start    ] GC(58) Pause Young (Normal) (G1 Evacuation Pause)
[2022-05-24T08:47:57.418+0000][164][gc,task     ] GC(58) Using 10 workers of 10 for evacuation
[2022-05-24T08:47:57.419+0000][164][gc,age      ] GC(58) Desired survivor size 18874368 bytes, new threshold 15 (max threshold 15)
[2022-05-24T08:47:57.423+0000][164][gc,age      ] GC(58) Age table with threshold 15 (max threshold 15)
[2022-05-24T08:47:57.423+0000][164][gc,age      ] GC(58) - age   1:    9969784 bytes,    9969784 total
[2022-05-24T08:47:57.423+0000][164][gc,age      ] GC(58) - age   2:     102856 bytes,   10072640 total
[2022-05-24T08:47:57.424+0000][164][gc,age      ] GC(58) - age   3:     198544 bytes,   10271184 total
[2022-05-24T08:47:57.424+0000][164][gc,age      ] GC(58) - age   4:     303672 bytes,   10574856 total
[2022-05-24T08:47:57.424+0000][164][gc,age      ] GC(58) - age   5:      27616 bytes,   10602472 total
[2022-05-24T08:47:57.424+0000][164][gc,age      ] GC(58) - age   6:      56192 bytes,   10658664 total
[2022-05-24T08:47:57.425+0000][164][gc,age      ] GC(58) - age   7:      37016 bytes,   10695680 total
[2022-05-24T08:47:57.425+0000][164][gc,age      ] GC(58) - age   8:      22968 bytes,   10718648 total
[2022-05-24T08:47:57.425+0000][164][gc,age      ] GC(58) - age   9:      16040 bytes,   10734688 total
[2022-05-24T08:47:57.425+0000][164][gc,age      ] GC(58) - age  10:      21368 bytes,   10756056 total
[2022-05-24T08:47:57.425+0000][164][gc,age      ] GC(58) - age  11:      66760 bytes,   10822816 total
[2022-05-24T08:47:57.426+0000][164][gc,age      ] GC(58) - age  12:      69208 bytes,   10892024 total
[2022-05-24T08:47:57.426+0000][164][gc,age      ] GC(58) - age  13:       3128 bytes,   10895152 total
[2022-05-24T08:47:57.426+0000][164][gc,age      ] GC(58) - age  14:     252016 bytes,   11147168 total
[2022-05-24T08:47:57.426+0000][164][gc,phases   ] GC(58)   Pre Evacuate Collection Set: 0.3ms
[2022-05-24T08:47:57.427+0000][164][gc,phases   ] GC(58)   Merge Heap Roots: 0.2ms
[2022-05-24T08:47:57.427+0000][164][gc,phases   ] GC(58)   Evacuate Collection Set: 2.2ms
[2022-05-24T08:47:57.427+0000][164][gc,phases   ] GC(58)   Post Evacuate Collection Set: 1.1ms
[2022-05-24T08:47:57.427+0000][164][gc,phases   ] GC(58)   Other: 4.9ms
[2022-05-24T08:47:57.428+0000][164][gc,heap     ] GC(58) Eden regions: 69->0(65)
[2022-05-24T08:47:57.428+0000][164][gc,heap     ] GC(58) Survivor regions: 1->3(9)
[2022-05-24T08:47:57.428+0000][164][gc,heap     ] GC(58) Old regions: 28->28
[2022-05-24T08:47:57.428+0000][164][gc,heap     ] GC(58) Archive regions: 2->2
[2022-05-24T08:47:57.429+0000][164][gc,heap     ] GC(58) Humongous regions: 6->6
[2022-05-24T08:47:57.429+0000][164][gc,metaspace] GC(58) Metaspace: 105339K(106944K)->105339K(106944K) NonClass: 91171K(92096K)->91171K(92096K) Class: 14168K(14848K)->14168K(14848K)
[2022-05-24T08:47:57.429+0000][164][gc          ] GC(58) Pause Young (Normal) (G1 Evacuation Pause) 415M->148M(512M) 11.432ms
[2022-05-24T08:47:57.429+0000][164][gc,cpu      ] GC(58) User=0.02s Sys=0.00s Real=0.01s
[2022-05-24T08:47:57.430+0000][164][safepoint   ] Safepoint "G1CollectForAllocation", Time since last: 11085565800 ns, Reaching safepoint: 322700 ns, At safepoint: 12243200 ns, Total: 12565900 ns
[2022-05-24T08:48:58.449+0000][164][safepoint   ] Safepoint "Cleanup", Time since last: 61017002100 ns, Reaching safepoint: 911600 ns, At safepoint: 27400 ns, Total: 939000 ns
[2022-05-24T08:49:28.462+0000][164][safepoint   ] Safepoint "Cleanup", Time since last: 30011797700 ns, Reaching safepoint: 692900 ns, At safepoint: 35100 ns, Total: 728000 ns
[2022-05-24T08:49:34.465+0000][164][safepoint   ] Safepoint "Cleanup", Time since last: 6002584100 ns, Reaching safepoint: 241400 ns, At safepoint: 9000 ns, Total: 250400 ns
[2022-05-24T08:49:35.466+0000][164][safepoint   ] Safepoint "Cleanup", Time since last: 1000600200 ns, Reaching safepoint: 277800 ns, At safepoint: 11600 ns, Total: 289400 ns
[2022-05-24T08:50:28.482+0000][164][safepoint   ] Safepoint "Cleanup", Time since last: 53014474200 ns, Reaching safepoint: 256800 ns, At safepoint: 22200 ns, Total: 279000 ns
[2022-05-24T08:51:29.500+0000][164][safepoint   ] Safepoint "Cleanup", Time since last: 61015944300 ns, Reaching safepoint: 998100 ns, At safepoint: 29700 ns, Total: 1027800 ns
[2022-05-24T08:51:44.507+0000][164][safepoint   ] Safepoint "Cleanup", Time since last: 15005368800 ns, Reaching safepoint: 343000 ns, At safepoint: 8400 ns, Total: 351400 ns
[2022-05-24T08:51:45.507+0000][164][safepoint   ] Safepoint "Cleanup", Time since last: 1000460700 ns, Reaching safepoint: 303200 ns, At safepoint: 11200 ns, Total: 314400 ns
[2022-05-24T08:51:46.508+0000][164][safepoint   ] Safepoint "Cleanup", Time since last: 1000344200 ns, Reaching safepoint: 204100 ns, At safepoint: 10500 ns, Total: 214600 ns
[2022-05-24T08:51:47.509+0000][164][safepoint   ] Safepoint "Cleanup", Time since last: 1000443800 ns, Reaching safepoint: 280900 ns, At safepoint: 6000 ns, Total: 286900 ns
[2022-05-24T08:52:14.515+0000][164][safepoint   ] Safepoint "Cleanup", Time since last: 27005874300 ns, Reaching safepoint: 258200 ns, At safepoint: 7000 ns, Total: 265200 ns
[2022-05-24T08:52:43.526+0000][164][safepoint   ] Safepoint "Cleanup", Time since last: 29009856600 ns, Reaching safepoint: 337800 ns, At safepoint: 9500 ns, Total: 347300 ns
[2022-05-24T08:52:47.527+0000][164][safepoint   ] Safepoint "Cleanup", Time since last: 4000936100 ns, Reaching safepoint: 194500 ns, At safepoint: 7300 ns, Total: 201800 ns
[2022-05-24T08:52:49.528+0000][164][safepoint   ] Safepoint "Cleanup", Time since last: 2000625300 ns, Reaching safepoint: 287600 ns, At safepoint: 9900 ns, Total: 297500 ns
[2022-05-24T08:52:53.529+0000][164][safepoint   ] Safepoint "Cleanup", Time since last: 4001375900 ns, Reaching safepoint: 223400 ns, At safepoint: 7900 ns, Total: 231300 ns
[2022-05-24T08:52:55.532+0000][164][safepoint   ] Safepoint "Cleanup", Time since last: 2000887300 ns, Reaching safepoint: 1159800 ns, At safepoint: 37800 ns, Total: 1197600 ns
[2022-05-24T08:52:59.534+0000][164][safepoint   ] Safepoint "Cleanup", Time since last: 4002030000 ns, Reaching safepoint: 251800 ns, At safepoint: 8000 ns, Total: 259800 ns
[2022-05-24T08:53:20.542+0000][164][safepoint   ] Safepoint "Cleanup", Time since last: 21006909800 ns, Reaching safepoint: 484200 ns, At safepoint: 16700 ns, Total: 500900 ns
[2022-05-24T08:53:22.320+0000][164][safepoint   ] Safepoint "Cleanup", Time since last: 1778115200 ns, Reaching safepoint: 206700 ns, At safepoint: 6500 ns, Total: 213200 ns
[2022-05-24T08:53:23.321+0000][164][safepoint   ] Safepoint "Cleanup", Time since last: 1000510600 ns, Reaching safepoint: 416200 ns, At safepoint: 15600 ns, Total: 431800 ns
[2022-05-24T08:53:29.322+0000][164][safepoint   ] Safepoint "Cleanup", Time since last: 6001220300 ns, Reaching safepoint: 316200 ns, At safepoint: 31200 ns, Total: 347400 ns
[2022-05-24T08:53:31.323+0000][164][safepoint   ] Safepoint "Cleanup", Time since last: 2000678600 ns, Reaching safepoint: 190900 ns, At safepoint: 6400 ns, Total: 197300 ns
[2022-05-24T08:54:20.337+0000][164][safepoint   ] Safepoint "Cleanup", Time since last: 49011232800 ns, Reaching safepoint: 925900 ns, At safepoint: 29000 ns, Total: 954900 ns
[2022-05-24T08:54:30.019+0000][164][gc,start    ] GC(59) Pause Young (Normal) (G1 Evacuation Pause)
[2022-05-24T08:54:30.019+0000][164][gc,task     ] GC(59) Using 10 workers of 10 for evacuation
[2022-05-24T08:54:30.020+0000][164][gc,age      ] GC(59) Desired survivor size 18874368 bytes, new threshold 15 (max threshold 15)
[2022-05-24T08:54:30.026+0000][164][gc,age      ] GC(59) Age table with threshold 15 (max threshold 15)
[2022-05-24T08:54:30.026+0000][164][gc,age      ] GC(59) - age   1:   18926920 bytes,   18926920 total
[2022-05-24T08:54:30.026+0000][164][gc,age      ] GC(59) - age   2:    5701560 bytes,   24628480 total
[2022-05-24T08:54:30.027+0000][164][gc,age      ] GC(59) - age   3:      84968 bytes,   24713448 total
[2022-05-24T08:54:30.027+0000][164][gc,age      ] GC(59) - age   4:     180936 bytes,   24894384 total
[2022-05-24T08:54:30.027+0000][164][gc,age      ] GC(59) - age   5:     281696 bytes,   25176080 total
[2022-05-24T08:54:30.028+0000][164][gc,age      ] GC(59) - age   6:      27072 bytes,   25203152 total
[2022-05-24T08:54:30.028+0000][164][gc,age      ] GC(59) - age   7:      56064 bytes,   25259216 total
[2022-05-24T08:54:30.028+0000][164][gc,age      ] GC(59) - age   8:      36888 bytes,   25296104 total
[2022-05-24T08:54:30.028+0000][164][gc,age      ] GC(59) - age   9:      22968 bytes,   25319072 total
[2022-05-24T08:54:30.028+0000][164][gc,age      ] GC(59) - age  10:      15912 bytes,   25334984 total
[2022-05-24T08:54:30.029+0000][164][gc,age      ] GC(59) - age  11:      21304 bytes,   25356288 total
[2022-05-24T08:54:30.029+0000][164][gc,age      ] GC(59) - age  12:      66760 bytes,   25423048 total
[2022-05-24T08:54:30.029+0000][164][gc,age      ] GC(59) - age  13:      69208 bytes,   25492256 total
[2022-05-24T08:54:30.029+0000][164][gc,age      ] GC(59) - age  14:       3128 bytes,   25495384 total
[2022-05-24T08:54:30.030+0000][164][gc,age      ] GC(59) - age  15:     250704 bytes,   25746088 total
[2022-05-24T08:54:30.030+0000][164][gc,phases   ] GC(59)   Pre Evacuate Collection Set: 0.2ms
[2022-05-24T08:54:30.030+0000][164][gc,phases   ] GC(59)   Merge Heap Roots: 0.2ms
[2022-05-24T08:54:30.031+0000][164][gc,phases   ] GC(59)   Evacuate Collection Set: 3.5ms
[2022-05-24T08:54:30.031+0000][164][gc,phases   ] GC(59)   Post Evacuate Collection Set: 1.7ms
[2022-05-24T08:54:30.031+0000][164][gc,phases   ] GC(59)   Other: 5.3ms
[2022-05-24T08:54:30.031+0000][164][gc,heap     ] GC(59) Eden regions: 65->0(57)
[2022-05-24T08:54:30.031+0000][164][gc,heap     ] GC(59) Survivor regions: 3->7(9)
[2022-05-24T08:54:30.031+0000][164][gc,heap     ] GC(59) Old regions: 28->28
[2022-05-24T08:54:30.032+0000][164][gc,heap     ] GC(59) Archive regions: 2->2
[2022-05-24T08:54:30.032+0000][164][gc,heap     ] GC(59) Humongous regions: 7->7
[2022-05-24T08:54:30.032+0000][164][gc,metaspace] GC(59) Metaspace: 105504K(107072K)->105504K(107072K) NonClass: 91335K(92224K)->91335K(92224K) Class: 14168K(14848K)->14168K(14848K)
[2022-05-24T08:54:30.032+0000][164][gc          ] GC(59) Pause Young (Normal) (G1 Evacuation Pause) 412M->166M(512M) 12.950ms
[2022-05-24T08:54:30.032+0000][164][gc,cpu      ] GC(59) User=0.02s Sys=0.02s Real=0.01s
[2022-05-24T08:54:30.032+0000][164][safepoint   ] Safepoint "G1CollectForAllocation", Time since last: 9682069300 ns, Reaching safepoint: 239800 ns, At safepoint: 13313800 ns, Total: 13553600 ns
[2022-05-24T08:54:31.033+0000][164][safepoint   ] Safepoint "Cleanup", Time since last: 1000321500 ns, Reaching safepoint: 282000 ns, At safepoint: 11300 ns, Total: 293300 ns
[2022-05-24T08:54:54.039+0000][164][safepoint   ] Safepoint "Cleanup", Time since last: 23004818600 ns, Reaching safepoint: 289100 ns, At safepoint: 12400 ns, Total: 301500 ns
[2022-05-24T08:54:54.701+0000][164][gc,start    ] GC(60) Pause Young (Normal) (G1 Evacuation Pause)
[2022-05-24T08:54:54.701+0000][164][gc,task     ] GC(60) Using 10 workers of 10 for evacuation
[2022-05-24T08:54:54.702+0000][164][gc,age      ] GC(60) Desired survivor size 16777216 bytes, new threshold 1 (max threshold 15)
[2022-05-24T08:54:54.707+0000][164][gc,age      ] GC(60) Age table with threshold 1 (max threshold 15)
[2022-05-24T08:54:54.707+0000][164][gc,age      ] GC(60) - age   1:    4954592 bytes,    4954592 total
[2022-05-24T08:54:54.707+0000][164][gc,phases   ] GC(60)   Pre Evacuate Collection Set: 0.2ms
[2022-05-24T08:54:54.708+0000][164][gc,phases   ] GC(60)   Merge Heap Roots: 0.2ms
[2022-05-24T08:54:54.708+0000][164][gc,phases   ] GC(60)   Evacuate Collection Set: 3.6ms
[2022-05-24T08:54:54.708+0000][164][gc,phases   ] GC(60)   Post Evacuate Collection Set: 0.8ms
[2022-05-24T08:54:54.709+0000][164][gc,phases   ] GC(60)   Other: 1.6ms
[2022-05-24T08:54:54.709+0000][164][gc,heap     ] GC(60) Eden regions: 57->0(57)
[2022-05-24T08:54:54.709+0000][164][gc,heap     ] GC(60) Survivor regions: 7->2(8)
[2022-05-24T08:54:54.709+0000][164][gc,heap     ] GC(60) Old regions: 28->33
[2022-05-24T08:54:54.710+0000][164][gc,heap     ] GC(60) Archive regions: 2->2
[2022-05-24T08:54:54.710+0000][164][gc,heap     ] GC(60) Humongous regions: 7->7
[2022-05-24T08:54:54.710+0000][164][gc,metaspace] GC(60) Metaspace: 105509K(107072K)->105509K(107072K) NonClass: 91339K(92224K)->91339K(92224K) Class: 14169K(14848K)->14169K(14848K)
[2022-05-24T08:54:54.710+0000][164][gc          ] GC(60) Pause Young (Normal) (G1 Evacuation Pause) 394M->167M(512M) 9.267ms
[2022-05-24T08:54:54.711+0000][164][gc,cpu      ] GC(60) User=0.01s Sys=0.03s Real=0.01s
[2022-05-24T08:54:54.711+0000][164][safepoint   ] Safepoint "G1CollectForAllocation", Time since last: 662108400 ns, Reaching safepoint: 188800 ns, At safepoint: 9708700 ns, Total: 9897500 ns
[2022-05-24T08:54:55.711+0000][164][safepoint   ] Safepoint "Cleanup", Time since last: 1000379300 ns, Reaching safepoint: 187000 ns, At safepoint: 6200 ns, Total: 193200 ns
[2022-05-24T08:55:00.713+0000][164][safepoint   ] Safepoint "Cleanup", Time since last: 5001845500 ns, Reaching safepoint: 281300 ns, At safepoint: 20700 ns, Total: 302000 ns
[2022-05-24T08:55:55.726+0000][164][safepoint   ] Safepoint "Cleanup", Time since last: 55010663000 ns, Reaching safepoint: 1072600 ns, At safepoint: 29100 ns, Total: 1101700 ns
[2022-05-24T08:56:00.730+0000][164][safepoint   ] Safepoint "Cleanup", Time since last: 5002420600 ns, Reaching safepoint: 840500 ns, At safepoint: 26900 ns, Total: 867400 ns
[2022-05-24T08:56:01.731+0000][164][safepoint   ] Safepoint "Cleanup", Time since last: 1001080100 ns, Reaching safepoint: 241900 ns, At safepoint: 7100 ns, Total: 249000 ns
[2022-05-24T08:56:02.732+0000][164][safepoint   ] Safepoint "Cleanup", Time since last: 1000592600 ns, Reaching safepoint: 237700 ns, At safepoint: 7600 ns, Total: 245300 ns
[2022-05-24T08:56:03.733+0000][164][safepoint   ] Safepoint "Cleanup", Time since last: 1000742400 ns, Reaching safepoint: 762100 ns, At safepoint: 25500 ns, Total: 787600 ns
[2022-05-24T08:56:04.735+0000][164][safepoint   ] Safepoint "Cleanup", Time since last: 1001065700 ns, Reaching safepoint: 268300 ns, At safepoint: 6600 ns, Total: 274900 ns
[2022-05-24T08:56:07.737+0000][164][safepoint   ] Safepoint "Cleanup", Time since last: 3001170300 ns, Reaching safepoint: 214800 ns, At safepoint: 7500 ns, Total: 222300 ns
[2022-05-24T08:56:30.744+0000][164][safepoint   ] Safepoint "Cleanup", Time since last: 23006994800 ns, Reaching safepoint: 372200 ns, At safepoint: 45100 ns, Total: 417300 ns
[2022-05-24T08:57:31.767+0000][164][safepoint   ] Safepoint "Cleanup", Time since last: 61020772700 ns, Reaching safepoint: 1070900 ns, At safepoint: 33400 ns, Total: 1104300 ns
[2022-05-24T08:58:31.393+0000][164][gc,start    ] GC(61) Pause Young (Concurrent Start) (G1 Evacuation Pause)
[2022-05-24T08:58:31.394+0000][164][gc,task     ] GC(61) Using 10 workers of 10 for evacuation
[2022-05-24T08:58:31.394+0000][164][gc,age      ] GC(61) Desired survivor size 16777216 bytes, new threshold 15 (max threshold 15)
[2022-05-24T08:58:31.398+0000][164][gc,age      ] GC(61) Age table with threshold 15 (max threshold 15)
[2022-05-24T08:58:31.398+0000][164][gc,age      ] GC(61) - age   1:    7785384 bytes,    7785384 total
[2022-05-24T08:58:31.398+0000][164][gc,age      ] GC(61) - age   2:    4499840 bytes,   12285224 total
[2022-05-24T08:58:31.399+0000][164][gc,phases   ] GC(61)   Pre Evacuate Collection Set: 0.2ms
[2022-05-24T08:58:31.399+0000][164][gc,phases   ] GC(61)   Merge Heap Roots: 0.1ms
[2022-05-24T08:58:31.399+0000][164][gc,phases   ] GC(61)   Evacuate Collection Set: 1.9ms
[2022-05-24T08:58:31.399+0000][164][gc,phases   ] GC(61)   Post Evacuate Collection Set: 0.9ms
[2022-05-24T08:58:31.400+0000][164][gc,phases   ] GC(61)   Other: 2.0ms
[2022-05-24T08:58:31.400+0000][164][gc,heap     ] GC(61) Eden regions: 57->0(55)
[2022-05-24T08:58:31.400+0000][164][gc,heap     ] GC(61) Survivor regions: 2->4(8)
[2022-05-24T08:58:31.401+0000][164][gc,heap     ] GC(61) Old regions: 33->33
[2022-05-24T08:58:31.401+0000][164][gc,heap     ] GC(61) Archive regions: 2->2
[2022-05-24T08:58:31.401+0000][164][gc,heap     ] GC(61) Humongous regions: 7->7
[2022-05-24T08:58:31.401+0000][164][gc,metaspace] GC(61) Metaspace: 105562K(107136K)->105562K(107136K) NonClass: 91392K(92288K)->91392K(92288K) Class: 14169K(14848K)->14169K(14848K)
[2022-05-24T08:58:31.402+0000][164][gc          ] GC(61) Pause Young (Concurrent Start) (G1 Evacuation Pause) 395M->174M(512M) 8.325ms
[2022-05-24T08:58:31.402+0000][164][gc,cpu      ] GC(61) User=0.02s Sys=0.00s Real=0.01s
[2022-05-24T08:58:31.402+0000][164][safepoint   ] Safepoint "G1CollectForAllocation", Time since last: 59625348900 ns, Reaching safepoint: 273800 ns, At safepoint: 8928300 ns, Total: 9202100 ns
[2022-05-24T08:58:31.402+0000][164][gc          ] GC(62) Concurrent Mark Cycle
[2022-05-24T08:58:31.403+0000][164][gc,marking  ] GC(62) Concurrent Clear Claimed Marks
[2022-05-24T08:58:31.403+0000][164][gc,marking  ] GC(62) Concurrent Clear Claimed Marks 0.327ms
[2022-05-24T08:58:31.404+0000][164][gc,marking  ] GC(62) Concurrent Scan Root Regions
[2022-05-24T08:58:31.405+0000][164][gc,marking  ] GC(62) Concurrent Scan Root Regions 1.158ms
[2022-05-24T08:58:31.405+0000][164][gc,marking  ] GC(62) Concurrent Mark
[2022-05-24T08:58:31.405+0000][164][gc,marking  ] GC(62) Concurrent Mark From Roots
[2022-05-24T08:58:31.405+0000][164][gc,task     ] GC(62) Using 3 workers of 3 for marking
[2022-05-24T08:58:31.449+0000][164][gc,marking  ] GC(62) Concurrent Mark From Roots 43.411ms
[2022-05-24T08:58:31.449+0000][164][gc,marking  ] GC(62) Concurrent Preclean
[2022-05-24T08:58:31.450+0000][164][gc,marking  ] GC(62) Concurrent Preclean 0.707ms
[2022-05-24T08:58:31.450+0000][164][gc,start    ] GC(62) Pause Remark
[2022-05-24T08:58:31.455+0000][164][gc          ] GC(62) Pause Remark 180M->176M(512M) 4.440ms
[2022-05-24T08:58:31.455+0000][164][gc,cpu      ] GC(62) User=0.03s Sys=0.00s Real=0.00s
[2022-05-24T08:58:31.456+0000][164][safepoint   ] Safepoint "G1Concurrent", Time since last: 47756500 ns, Reaching safepoint: 366200 ns, At safepoint: 5124800 ns, Total: 5491000 ns
[2022-05-24T08:58:31.456+0000][164][gc,marking  ] GC(62) Concurrent Mark 50.989ms
[2022-05-24T08:58:31.456+0000][164][gc,marking  ] GC(62) Concurrent Rebuild Remembered Sets
[2022-05-24T08:58:31.475+0000][164][gc,marking  ] GC(62) Concurrent Rebuild Remembered Sets 19.226ms
[2022-05-24T08:58:31.476+0000][164][gc,start    ] GC(62) Pause Cleanup
[2022-05-24T08:58:31.477+0000][164][gc          ] GC(62) Pause Cleanup 178M->178M(512M) 0.545ms
[2022-05-24T08:58:31.477+0000][164][gc,cpu      ] GC(62) User=0.00s Sys=0.00s Real=0.00s
[2022-05-24T08:58:31.477+0000][164][safepoint   ] Safepoint "G1Concurrent", Time since last: 20307300 ns, Reaching safepoint: 255800 ns, At safepoint: 1099300 ns, Total: 1355100 ns
[2022-05-24T08:58:31.478+0000][164][gc,marking  ] GC(62) Concurrent Cleanup for Next Mark
[2022-05-24T08:58:31.478+0000][164][gc,marking  ] GC(62) Concurrent Cleanup for Next Mark 0.542ms
[2022-05-24T08:58:31.478+0000][164][gc          ] GC(62) Concurrent Mark Cycle 76.053ms
[2022-05-24T08:58:36.479+0000][164][safepoint   ] Safepoint "Cleanup", Time since last: 5001207100 ns, Reaching safepoint: 294400 ns, At safepoint: 10800 ns, Total: 305200 ns
[2022-05-24T08:59:31.495+0000][164][safepoint   ] Safepoint "Cleanup", Time since last: 55015207100 ns, Reaching safepoint: 413500 ns, At safepoint: 8700 ns, Total: 422200 ns
[2022-05-24T08:59:32.496+0000][164][safepoint   ] Safepoint "Cleanup", Time since last: 1000523000 ns, Reaching safepoint: 291800 ns, At safepoint: 8200 ns, Total: 300000 ns
[2022-05-24T08:59:53.502+0000][164][safepoint   ] Safepoint "Cleanup", Time since last: 21005523100 ns, Reaching safepoint: 203700 ns, At safepoint: 7400 ns, Total: 211100 ns
[2022-05-24T08:59:56.504+0000][164][safepoint   ] Safepoint "Cleanup", Time since last: 3001194700 ns, Reaching safepoint: 484000 ns, At safepoint: 22300 ns, Total: 506300 ns
[2022-05-24T08:59:58.505+0000][164][safepoint   ] Safepoint "Cleanup", Time since last: 2000996400 ns, Reaching safepoint: 263800 ns, At safepoint: 9100 ns, Total: 272900 ns
[2022-05-24T09:00:00.506+0000][164][safepoint   ] Safepoint "Cleanup", Time since last: 2000908900 ns, Reaching safepoint: 255700 ns, At safepoint: 15200 ns, Total: 270900 ns
[2022-05-24T09:00:02.508+0000][164][safepoint   ] Safepoint "Cleanup", Time since last: 2000883200 ns, Reaching safepoint: 252500 ns, At safepoint: 35400 ns, Total: 287900 ns
[2022-05-24T09:00:45.520+0000][164][safepoint   ] Safepoint "Cleanup", Time since last: 43011293800 ns, Reaching safepoint: 298500 ns, At safepoint: 7300 ns, Total: 305800 ns
[2022-05-24T09:00:49.521+0000][164][safepoint   ] Safepoint "Cleanup", Time since last: 4000943400 ns, Reaching safepoint: 255400 ns, At safepoint: 27700 ns, Total: 283100 ns
[2022-05-24T09:00:59.523+0000][164][safepoint   ] Safepoint "Cleanup", Time since last: 10001842500 ns, Reaching safepoint: 286200 ns, At safepoint: 13100 ns, Total: 299300 ns
[2022-05-24T09:01:04.525+0000][164][safepoint   ] Safepoint "Cleanup", Time since last: 5001358900 ns, Reaching safepoint: 805900 ns, At safepoint: 28500 ns, Total: 834400 ns
[2022-05-24T09:01:12.022+0000][164][safepoint   ] Safepoint "Cleanup", Time since last: 7495398200 ns, Reaching safepoint: 683600 ns, At safepoint: 22100 ns, Total: 705700 ns
[2022-05-24T09:01:16.024+0000][164][safepoint   ] Safepoint "Cleanup", Time since last: 4001812500 ns, Reaching safepoint: 250500 ns, At safepoint: 8200 ns, Total: 258700 ns
[2022-05-24T09:01:31.028+0000][164][safepoint   ] Safepoint "Cleanup", Time since last: 15003309900 ns, Reaching safepoint: 908100 ns, At safepoint: 35500 ns, Total: 943600 ns
[2022-05-24T09:01:33.030+0000][164][safepoint   ] Safepoint "Cleanup", Time since last: 2001654300 ns, Reaching safepoint: 219500 ns, At safepoint: 25100 ns, Total: 244600 ns
[2022-05-24T09:01:38.033+0000][164][safepoint   ] Safepoint "Cleanup", Time since last: 5001654200 ns, Reaching safepoint: 298900 ns, At safepoint: 11600 ns, Total: 310500 ns
[2022-05-24T09:01:44.185+0000][164][safepoint   ] Safepoint "Cleanup", Time since last: 6151922700 ns, Reaching safepoint: 210700 ns, At safepoint: 18600 ns, Total: 229300 ns
[2022-05-24T09:01:44.623+0000][164][gc,start    ] GC(63) Pause Young (Prepare Mixed) (G1 Evacuation Pause)
[2022-05-24T09:01:44.623+0000][164][gc,task     ] GC(63) Using 10 workers of 10 for evacuation
[2022-05-24T09:01:44.623+0000][164][gc,age      ] GC(63) Desired survivor size 16777216 bytes, new threshold 15 (max threshold 15)
[2022-05-24T09:01:44.626+0000][164][gc,age      ] GC(63) Age table with threshold 15 (max threshold 15)
[2022-05-24T09:01:44.627+0000][164][gc,age      ] GC(63) - age   1:    3005032 bytes,    3005032 total
[2022-05-24T09:01:44.627+0000][164][gc,age      ] GC(63) - age   2:    1672096 bytes,    4677128 total
[2022-05-24T09:01:44.627+0000][164][gc,age      ] GC(63) - age   3:      70088 bytes,    4747216 total
[2022-05-24T09:01:44.628+0000][164][gc,phases   ] GC(63)   Pre Evacuate Collection Set: 0.2ms
[2022-05-24T09:01:44.628+0000][164][gc,phases   ] GC(63)   Merge Heap Roots: 0.1ms
[2022-05-24T09:01:44.628+0000][164][gc,phases   ] GC(63)   Evacuate Collection Set: 1.5ms
[2022-05-24T09:01:44.628+0000][164][gc,phases   ] GC(63)   Post Evacuate Collection Set: 0.8ms
[2022-05-24T09:01:44.628+0000][164][gc,phases   ] GC(63)   Other: 2.3ms
[2022-05-24T09:01:44.629+0000][164][gc,heap     ] GC(63) Eden regions: 55->0(4)
[2022-05-24T09:01:44.629+0000][164][gc,heap     ] GC(63) Survivor regions: 4->2(8)
[2022-05-24T09:01:44.629+0000][164][gc,heap     ] GC(63) Old regions: 33->33
[2022-05-24T09:01:44.629+0000][164][gc,heap     ] GC(63) Archive regions: 2->2
[2022-05-24T09:01:44.629+0000][164][gc,heap     ] GC(63) Humongous regions: 6->6
[2022-05-24T09:01:44.630+0000][164][gc,metaspace] GC(63) Metaspace: 106222K(107776K)->106222K(107776K) NonClass: 91944K(92864K)->91944K(92864K) Class: 14278K(14912K)->14278K(14912K)
[2022-05-24T09:01:44.630+0000][164][gc          ] GC(63) Pause Young (Prepare Mixed) (G1 Evacuation Pause) 390M->162M(512M) 7.164ms
[2022-05-24T09:01:44.630+0000][164][gc,cpu      ] GC(63) User=0.02s Sys=0.01s Real=0.00s
[2022-05-24T09:01:44.630+0000][164][safepoint   ] Safepoint "G1CollectForAllocation", Time since last: 437450100 ns, Reaching safepoint: 182300 ns, At safepoint: 7588400 ns, Total: 7770700 ns
[2022-05-24T09:01:44.635+0000][164][gc,start    ] GC(64) Pause Young (Mixed) (G1 Evacuation Pause)
[2022-05-24T09:01:44.636+0000][164][gc,task     ] GC(64) Using 10 workers of 10 for evacuation
[2022-05-24T09:01:44.636+0000][164][gc,age      ] GC(64) Desired survivor size 2097152 bytes, new threshold 1 (max threshold 15)
[2022-05-24T09:01:44.639+0000][164][gc,age      ] GC(64) Age table with threshold 1 (max threshold 15)
[2022-05-24T09:01:44.639+0000][164][gc,phases   ] GC(64)   Pre Evacuate Collection Set: 0.2ms
[2022-05-24T09:01:44.640+0000][164][gc,phases   ] GC(64)   Merge Heap Roots: 0.2ms
[2022-05-24T09:01:44.640+0000][164][gc,phases   ] GC(64)   Evacuate Collection Set: 1.6ms
[2022-05-24T09:01:44.640+0000][164][gc,phases   ] GC(64)   Post Evacuate Collection Set: 0.8ms
[2022-05-24T09:01:44.641+0000][164][gc,phases   ] GC(64)   Other: 1.4ms
[2022-05-24T09:01:44.641+0000][164][gc,heap     ] GC(64) Eden regions: 4->0(62)
[2022-05-24T09:01:44.641+0000][164][gc,heap     ] GC(64) Survivor regions: 2->0(1)
[2022-05-24T09:01:44.641+0000][164][gc,heap     ] GC(64) Old regions: 33->32
[2022-05-24T09:01:44.641+0000][164][gc,heap     ] GC(64) Archive regions: 2->2
[2022-05-24T09:01:44.642+0000][164][gc,heap     ] GC(64) Humongous regions: 6->6
[2022-05-24T09:01:44.642+0000][164][gc,metaspace] GC(64) Metaspace: 106222K(107776K)->106222K(107776K) NonClass: 91944K(92864K)->91944K(92864K) Class: 14278K(14912K)->14278K(14912K)
[2022-05-24T09:01:44.642+0000][164][gc          ] GC(64) Pause Young (Mixed) (G1 Evacuation Pause) 178M->152M(512M) 6.844ms
[2022-05-24T09:01:44.642+0000][164][gc,cpu      ] GC(64) User=0.02s Sys=0.00s Real=0.01s
[2022-05-24T09:01:44.643+0000][164][safepoint   ] Safepoint "G1CollectForAllocation", Time since last: 4958700 ns, Reaching safepoint: 160200 ns, At safepoint: 7307800 ns, Total: 7468000 ns
[2022-05-24T09:01:45.644+0000][164][safepoint   ] Safepoint "Cleanup", Time since last: 1000365800 ns, Reaching safepoint: 587400 ns, At safepoint: 155300 ns, Total: 742700 ns
[2022-05-24T09:01:46.474+0000][164][gc,start    ] GC(65) Pause Young (Concurrent Start) (G1 Evacuation Pause)
[2022-05-24T09:01:46.474+0000][164][gc,task     ] GC(65) Using 10 workers of 10 for evacuation
[2022-05-24T09:01:46.475+0000][164][gc,age      ] GC(65) Desired survivor size 16777216 bytes, new threshold 15 (max threshold 15)
[2022-05-24T09:01:46.477+0000][164][gc,age      ] GC(65) Age table with threshold 15 (max threshold 15)
[2022-05-24T09:01:46.478+0000][164][gc,age      ] GC(65) - age   1:    1406816 bytes,    1406816 total
[2022-05-24T09:01:46.478+0000][164][gc,phases   ] GC(65)   Pre Evacuate Collection Set: 0.3ms
[2022-05-24T09:01:46.478+0000][164][gc,phases   ] GC(65)   Merge Heap Roots: 0.2ms
[2022-05-24T09:01:46.478+0000][164][gc,phases   ] GC(65)   Evacuate Collection Set: 1.3ms
[2022-05-24T09:01:46.478+0000][164][gc,phases   ] GC(65)   Post Evacuate Collection Set: 0.7ms
[2022-05-24T09:01:46.478+0000][164][gc,phases   ] GC(65)   Other: 1.0ms
[2022-05-24T09:01:46.478+0000][164][gc,heap     ] GC(65) Eden regions: 62->0(62)
[2022-05-24T09:01:46.479+0000][164][gc,heap     ] GC(65) Survivor regions: 0->1(8)
[2022-05-24T09:01:46.479+0000][164][gc,heap     ] GC(65) Old regions: 32->32
[2022-05-24T09:01:46.479+0000][164][gc,heap     ] GC(65) Archive regions: 2->2
[2022-05-24T09:01:46.479+0000][164][gc,heap     ] GC(65) Humongous regions: 6->6
[2022-05-24T09:01:46.479+0000][164][gc,metaspace] GC(65) Metaspace: 106369K(107968K)->106369K(107968K) NonClass: 92075K(92992K)->92075K(92992K) Class: 14293K(14976K)->14293K(14976K)
[2022-05-24T09:01:46.479+0000][164][gc          ] GC(65) Pause Young (Concurrent Start) (G1 Evacuation Pause) 400M->153M(512M) 4.961ms
[2022-05-24T09:01:46.479+0000][164][gc,cpu      ] GC(65) User=0.01s Sys=0.00s Real=0.00s
[2022-05-24T09:01:46.480+0000][164][gc          ] GC(66) Concurrent Mark Cycle
[2022-05-24T09:01:46.480+0000][164][gc,marking  ] GC(66) Concurrent Clear Claimed Marks
[2022-05-24T09:01:46.480+0000][164][safepoint   ] Safepoint "G1CollectForAllocation", Time since last: 830238700 ns, Reaching safepoint: 332300 ns, At safepoint: 5343800 ns, Total: 5676100 ns
[2022-05-24T09:01:46.480+0000][164][gc,marking  ] GC(66) Concurrent Clear Claimed Marks 0.249ms
[2022-05-24T09:01:46.481+0000][164][gc,marking  ] GC(66) Concurrent Scan Root Regions
[2022-05-24T09:01:46.483+0000][164][gc,marking  ] GC(66) Concurrent Scan Root Regions 2.310ms
[2022-05-24T09:01:46.483+0000][164][gc,marking  ] GC(66) Concurrent Mark
[2022-05-24T09:01:46.483+0000][164][gc,marking  ] GC(66) Concurrent Mark From Roots
[2022-05-24T09:01:46.484+0000][164][gc,task     ] GC(66) Using 3 workers of 3 for marking
[2022-05-24T09:01:46.555+0000][164][gc,marking  ] GC(66) Concurrent Mark From Roots 71.739ms
[2022-05-24T09:01:46.555+0000][164][gc,marking  ] GC(66) Concurrent Preclean
[2022-05-24T09:01:46.556+0000][164][gc,marking  ] GC(66) Concurrent Preclean 0.796ms
[2022-05-24T09:01:46.557+0000][164][gc,start    ] GC(66) Pause Remark
[2022-05-24T09:01:46.562+0000][164][gc          ] GC(66) Pause Remark 154M->154M(512M) 5.596ms
[2022-05-24T09:01:46.563+0000][164][gc,cpu      ] GC(66) User=0.04s Sys=0.00s Real=0.01s
[2022-05-24T09:01:46.563+0000][164][safepoint   ] Safepoint "G1Concurrent", Time since last: 76883500 ns, Reaching safepoint: 234200 ns, At safepoint: 6194200 ns, Total: 6428400 ns
[2022-05-24T09:01:46.563+0000][164][gc,marking  ] GC(66) Concurrent Mark 79.869ms
[2022-05-24T09:01:46.563+0000][164][gc,marking  ] GC(66) Concurrent Rebuild Remembered Sets
[2022-05-24T09:01:46.589+0000][164][gc,marking  ] GC(66) Concurrent Rebuild Remembered Sets 25.857ms
[2022-05-24T09:01:46.590+0000][164][gc,start    ] GC(66) Pause Cleanup
[2022-05-24T09:01:46.590+0000][164][gc          ] GC(66) Pause Cleanup 154M->154M(512M) 0.352ms
[2022-05-24T09:01:46.590+0000][164][gc,cpu      ] GC(66) User=0.00s Sys=0.00s Real=0.00s
[2022-05-24T09:01:46.590+0000][164][safepoint   ] Safepoint "G1Concurrent", Time since last: 26535000 ns, Reaching safepoint: 195000 ns, At safepoint: 705200 ns, Total: 900200 ns
[2022-05-24T09:01:46.591+0000][164][gc,marking  ] GC(66) Concurrent Cleanup for Next Mark
[2022-05-24T09:01:46.591+0000][164][gc,marking  ] GC(66) Concurrent Cleanup for Next Mark 0.389ms
[2022-05-24T09:01:46.591+0000][164][gc          ] GC(66) Concurrent Mark Cycle 111.712ms
[2022-05-24T09:01:47.591+0000][164][safepoint   ] Safepoint "Cleanup", Time since last: 1000340400 ns, Reaching safepoint: 228800 ns, At safepoint: 31500 ns, Total: 260300 ns
[2022-05-24T09:01:48.591+0000][164][safepoint   ] Safepoint "Cleanup", Time since last: 1000303100 ns, Reaching safepoint: 207200 ns, At safepoint: 8500 ns, Total: 215700 ns
[2022-05-24T09:01:50.592+0000][164][safepoint   ] Safepoint "Cleanup", Time since last: 2000465400 ns, Reaching safepoint: 194200 ns, At safepoint: 20500 ns, Total: 214700 ns
[2022-05-24T09:01:51.594+0000][164][safepoint   ] Safepoint "Cleanup", Time since last: 1000668000 ns, Reaching safepoint: 813100 ns, At safepoint: 28800 ns, Total: 841900 ns
[2022-05-24T09:01:52.595+0000][164][safepoint   ] Safepoint "Cleanup", Time since last: 1001537100 ns, Reaching safepoint: 216800 ns, At safepoint: 6400 ns, Total: 223200 ns
[2022-05-24T09:01:53.596+0000][164][safepoint   ] Safepoint "Cleanup", Time since last: 1000509900 ns, Reaching safepoint: 240000 ns, At safepoint: 9000 ns, Total: 249000 ns
[2022-05-24T09:01:54.597+0000][164][safepoint   ] Safepoint "Cleanup", Time since last: 1000475900 ns, Reaching safepoint: 216000 ns, At safepoint: 8500 ns, Total: 224500 ns
[2022-05-24T09:01:55.599+0000][164][safepoint   ] Safepoint "Cleanup", Time since last: 1000906100 ns, Reaching safepoint: 1019900 ns, At safepoint: 36400 ns, Total: 1056300 ns
[2022-05-24T09:01:56.600+0000][164][safepoint   ] Safepoint "Cleanup", Time since last: 1001275800 ns, Reaching safepoint: 340900 ns, At safepoint: 7200 ns, Total: 348100 ns
[2022-05-24T09:01:57.602+0000][164][safepoint   ] Safepoint "Cleanup", Time since last: 1000756500 ns, Reaching safepoint: 695400 ns, At safepoint: 32200 ns, Total: 727600 ns
[2022-05-24T09:01:58.604+0000][164][safepoint   ] Safepoint "Cleanup", Time since last: 1001231400 ns, Reaching safepoint: 977100 ns, At safepoint: 32400 ns, Total: 1009500 ns
[2022-05-24T09:02:02.729+0000][164][safepoint   ] Safepoint "Cleanup", Time since last: 4125006500 ns, Reaching safepoint: 252100 ns, At safepoint: 24300 ns, Total: 276400 ns
[2022-05-24T09:02:02.768+0000][164][gc,start    ] GC(67) Pause Young (Prepare Mixed) (G1 Evacuation Pause)
[2022-05-24T09:02:02.769+0000][164][gc,task     ] GC(67) Using 10 workers of 10 for evacuation
[2022-05-24T09:02:02.769+0000][164][gc,age      ] GC(67) Desired survivor size 16777216 bytes, new threshold 15 (max threshold 15)
[2022-05-24T09:02:02.772+0000][164][gc,age      ] GC(67) Age table with threshold 15 (max threshold 15)
[2022-05-24T09:02:02.772+0000][164][gc,age      ] GC(67) - age   1:    2719592 bytes,    2719592 total
[2022-05-24T09:02:02.773+0000][164][gc,age      ] GC(67) - age   2:    1042368 bytes,    3761960 total
[2022-05-24T09:02:02.773+0000][164][gc,phases   ] GC(67)   Pre Evacuate Collection Set: 0.3ms
[2022-05-24T09:02:02.773+0000][164][gc,phases   ] GC(67)   Merge Heap Roots: 0.3ms
[2022-05-24T09:02:02.774+0000][164][gc,phases   ] GC(67)   Evacuate Collection Set: 1.3ms
[2022-05-24T09:02:02.774+0000][164][gc,phases   ] GC(67)   Post Evacuate Collection Set: 1.1ms
[2022-05-24T09:02:02.774+0000][164][gc,phases   ] GC(67)   Other: 1.9ms
[2022-05-24T09:02:02.774+0000][164][gc,heap     ] GC(67) Eden regions: 62->0(5)
[2022-05-24T09:02:02.774+0000][164][gc,heap     ] GC(67) Survivor regions: 1->1(8)
[2022-05-24T09:02:02.775+0000][164][gc,heap     ] GC(67) Old regions: 32->32
[2022-05-24T09:02:02.775+0000][164][gc,heap     ] GC(67) Archive regions: 2->2
[2022-05-24T09:02:02.775+0000][164][gc,heap     ] GC(67) Humongous regions: 6->6
[2022-05-24T09:02:02.775+0000][164][gc,metaspace] GC(67) Metaspace: 106499K(108096K)->106499K(108096K) NonClass: 92199K(93120K)->92199K(93120K) Class: 14299K(14976K)->14299K(14976K)
[2022-05-24T09:02:02.775+0000][164][gc          ] GC(67) Pause Young (Prepare Mixed) (G1 Evacuation Pause) 401M->155M(512M) 7.286ms
[2022-05-24T09:02:02.776+0000][164][gc,cpu      ] GC(67) User=0.01s Sys=0.01s Real=0.01s
[2022-05-24T09:02:02.776+0000][164][safepoint   ] Safepoint "G1CollectForAllocation", Time since last: 38391800 ns, Reaching safepoint: 245700 ns, At safepoint: 7799300 ns, Total: 8045000 ns
[2022-05-24T09:02:03.019+0000][164][gc,start    ] GC(68) Pause Young (Mixed) (G1 Evacuation Pause)
[2022-05-24T09:02:03.020+0000][164][gc,task     ] GC(68) Using 10 workers of 10 for evacuation
[2022-05-24T09:02:03.020+0000][164][gc,age      ] GC(68) Desired survivor size 2097152 bytes, new threshold 1 (max threshold 15)
[2022-05-24T09:02:03.023+0000][164][gc,age      ] GC(68) Age table with threshold 1 (max threshold 15)
[2022-05-24T09:02:03.023+0000][164][gc,age      ] GC(68) - age   1:     577696 bytes,     577696 total
[2022-05-24T09:02:03.023+0000][164][gc,phases   ] GC(68)   Pre Evacuate Collection Set: 0.2ms
[2022-05-24T09:02:03.024+0000][164][gc,phases   ] GC(68)   Merge Heap Roots: 0.2ms
[2022-05-24T09:02:03.024+0000][164][gc,phases   ] GC(68)   Evacuate Collection Set: 1.7ms
[2022-05-24T09:02:03.024+0000][164][gc,phases   ] GC(68)   Post Evacuate Collection Set: 0.8ms
[2022-05-24T09:02:03.024+0000][164][gc,phases   ] GC(68)   Other: 1.1ms
[2022-05-24T09:02:03.024+0000][164][gc,heap     ] GC(68) Eden regions: 5->0(68)
[2022-05-24T09:02:03.025+0000][164][gc,heap     ] GC(68) Survivor regions: 1->1(1)
[2022-05-24T09:02:03.025+0000][164][gc,heap     ] GC(68) Old regions: 32->26
[2022-05-24T09:02:03.025+0000][164][gc,heap     ] GC(68) Archive regions: 2->2
[2022-05-24T09:02:03.025+0000][164][gc,heap     ] GC(68) Humongous regions: 6->6
[2022-05-24T09:02:03.025+0000][164][gc,metaspace] GC(68) Metaspace: 106513K(108160K)->106513K(108160K) NonClass: 92214K(93184K)->92214K(93184K) Class: 14299K(14976K)->14299K(14976K)
[2022-05-24T09:02:03.025+0000][164][gc          ] GC(68) Pause Young (Mixed) (G1 Evacuation Pause) 175M->132M(512M) 5.950ms
[2022-05-24T09:02:03.026+0000][164][gc,cpu      ] GC(68) User=0.02s Sys=0.00s Real=0.01s
[2022-05-24T09:02:03.026+0000][164][safepoint   ] Safepoint "G1CollectForAllocation", Time since last: 243273200 ns, Reaching safepoint: 271700 ns, At safepoint: 6363800 ns, Total: 6635500 ns
[2022-05-24T09:02:03.866+0000][164][gc,start    ] GC(69) Pause Young (Concurrent Start) (G1 Humongous Allocation)
[2022-05-24T09:02:03.866+0000][164][gc,task     ] GC(69) Using 10 workers of 10 for evacuation
[2022-05-24T09:02:03.867+0000][164][gc,age      ] GC(69) Desired survivor size 18874368 bytes, new threshold 15 (max threshold 15)
[2022-05-24T09:02:03.870+0000][164][gc,age      ] GC(69) Age table with threshold 15 (max threshold 15)
[2022-05-24T09:02:03.870+0000][164][gc,age      ] GC(69) - age   1:    4683416 bytes,    4683416 total
[2022-05-24T09:02:03.871+0000][164][gc,age      ] GC(69) - age   2:     437864 bytes,    5121280 total
[2022-05-24T09:02:03.871+0000][164][gc,phases   ] GC(69)   Pre Evacuate Collection Set: 0.3ms
[2022-05-24T09:02:03.871+0000][164][gc,phases   ] GC(69)   Merge Heap Roots: 0.2ms
[2022-05-24T09:02:03.872+0000][164][gc,phases   ] GC(69)   Evacuate Collection Set: 1.7ms
[2022-05-24T09:02:03.872+0000][164][gc,phases   ] GC(69)   Post Evacuate Collection Set: 0.9ms
[2022-05-24T09:02:03.872+0000][164][gc,phases   ] GC(69)   Other: 1.9ms
[2022-05-24T09:02:03.872+0000][164][gc,heap     ] GC(69) Eden regions: 10->0(66)
[2022-05-24T09:02:03.872+0000][164][gc,heap     ] GC(69) Survivor regions: 1->2(9)
[2022-05-24T09:02:03.873+0000][164][gc,heap     ] GC(69) Old regions: 26->26
[2022-05-24T09:02:03.873+0000][164][gc,heap     ] GC(69) Archive regions: 2->2
[2022-05-24T09:02:03.873+0000][164][gc,heap     ] GC(69) Humongous regions: 6->6
[2022-05-24T09:02:03.873+0000][164][gc,metaspace] GC(69) Metaspace: 106536K(108160K)->106536K(108160K) NonClass: 92234K(93184K)->92234K(93184K) Class: 14302K(14976K)->14302K(14976K)
[2022-05-24T09:02:03.873+0000][164][gc          ] GC(69) Pause Young (Concurrent Start) (G1 Humongous Allocation) 171M->136M(512M) 7.312ms
[2022-05-24T09:02:03.874+0000][164][gc,cpu      ] GC(69) User=0.03s Sys=0.00s Real=0.01s
[2022-05-24T09:02:03.874+0000][164][gc          ] GC(70) Concurrent Mark Cycle
[2022-05-24T09:02:03.874+0000][164][safepoint   ] Safepoint "G1TryInitiateConcMark", Time since last: 839946000 ns, Reaching safepoint: 324800 ns, At safepoint: 7690200 ns, Total: 8015000 ns
[2022-05-24T09:02:03.881+0000][164][gc,marking  ] GC(70) Concurrent Clear Claimed Marks
[2022-05-24T09:02:03.882+0000][164][gc,marking  ] GC(70) Concurrent Clear Claimed Marks 0.655ms
[2022-05-24T09:02:03.882+0000][164][gc,marking  ] GC(70) Concurrent Scan Root Regions
[2022-05-24T09:02:03.885+0000][164][gc,marking  ] GC(70) Concurrent Scan Root Regions 2.155ms
[2022-05-24T09:02:03.885+0000][164][gc,marking  ] GC(70) Concurrent Mark
[2022-05-24T09:02:03.885+0000][164][gc,marking  ] GC(70) Concurrent Mark From Roots
[2022-05-24T09:02:03.885+0000][164][gc,task     ] GC(70) Using 3 workers of 3 for marking
[2022-05-24T09:02:03.944+0000][164][gc,marking  ] GC(70) Concurrent Mark From Roots 58.522ms
[2022-05-24T09:02:03.944+0000][164][gc,marking  ] GC(70) Concurrent Preclean
[2022-05-24T09:02:03.945+0000][164][gc,marking  ] GC(70) Concurrent Preclean 0.734ms
[2022-05-24T09:02:03.945+0000][164][gc,start    ] GC(70) Pause Remark
[2022-05-24T09:02:03.950+0000][164][gc          ] GC(70) Pause Remark 474M->474M(512M) 4.676ms
[2022-05-24T09:02:03.950+0000][164][gc,cpu      ] GC(70) User=0.03s Sys=0.00s Real=0.00s
[2022-05-24T09:02:03.951+0000][164][safepoint   ] Safepoint "G1Concurrent", Time since last: 71216800 ns, Reaching safepoint: 367300 ns, At safepoint: 5424300 ns, Total: 5791600 ns
[2022-05-24T09:02:03.951+0000][164][gc,marking  ] GC(70) Concurrent Mark 66.191ms
[2022-05-24T09:02:03.951+0000][164][gc,marking  ] GC(70) Concurrent Rebuild Remembered Sets
[2022-05-24T09:02:03.955+0000][164][gc,start    ] GC(71) Pause Young (Normal) (G1 Preventive Collection)
[2022-05-24T09:02:03.955+0000][164][gc,task     ] GC(71) Using 10 workers of 10 for evacuation
[2022-05-24T09:02:03.956+0000][164][gc,age      ] GC(71) Desired survivor size 18874368 bytes, new threshold 15 (max threshold 15)
[2022-05-24T09:02:03.959+0000][164][gc,age      ] GC(71) Age table with threshold 15 (max threshold 15)
[2022-05-24T09:02:03.959+0000][164][gc,age      ] GC(71) - age   1:    5772184 bytes,    5772184 total
[2022-05-24T09:02:03.959+0000][164][gc,age      ] GC(71) - age   2:    1968728 bytes,    7740912 total
[2022-05-24T09:02:03.960+0000][164][gc,age      ] GC(71) - age   3:     397992 bytes,    8138904 total
[2022-05-24T09:02:03.960+0000][164][gc          ] GC(71) To-space exhausted
[2022-05-24T09:02:03.960+0000][164][gc,phases   ] GC(71)   Pre Evacuate Collection Set: 0.2ms
[2022-05-24T09:02:03.961+0000][164][gc,phases   ] GC(71)   Merge Heap Roots: 0.2ms
[2022-05-24T09:02:03.961+0000][164][gc,phases   ] GC(71)   Evacuate Collection Set: 1.6ms
[2022-05-24T09:02:03.961+0000][164][gc,phases   ] GC(71)   Post Evacuate Collection Set: 1.0ms
[2022-05-24T09:02:03.961+0000][164][gc,phases   ] GC(71)   Other: 2.4ms
[2022-05-24T09:02:03.961+0000][164][gc,heap     ] GC(71) Eden regions: 8->0(52)
[2022-05-24T09:02:03.962+0000][164][gc,heap     ] GC(71) Survivor regions: 2->2(2)
[2022-05-24T09:02:03.962+0000][164][gc,heap     ] GC(71) Old regions: 26->31
[2022-05-24T09:02:03.962+0000][164][gc,heap     ] GC(71) Archive regions: 2->2
[2022-05-24T09:02:03.962+0000][164][gc,heap     ] GC(71) Humongous regions: 88->15
[2022-05-24T09:02:03.962+0000][164][gc,metaspace] GC(71) Metaspace: 106538K(108160K)->106538K(108160K) NonClass: 92235K(93184K)->92235K(93184K) Class: 14302K(14976K)->14302K(14976K)
[2022-05-24T09:02:03.963+0000][164][gc          ] GC(71) Pause Young (Normal) (G1 Preventive Collection) 496M->195M(512M) 7.665ms
[2022-05-24T09:02:03.963+0000][164][gc,cpu      ] GC(71) User=0.02s Sys=0.01s Real=0.01s
[2022-05-24T09:02:03.963+0000][164][safepoint   ] Safepoint "G1CollectForAllocation", Time since last: 3637100 ns, Reaching safepoint: 494400 ns, At safepoint: 8248000 ns, Total: 8742400 ns
[2022-05-24T09:02:03.990+0000][164][gc,marking  ] GC(70) Concurrent Rebuild Remembered Sets 38.605ms
[2022-05-24T09:02:03.990+0000][164][gc,start    ] GC(70) Pause Cleanup
[2022-05-24T09:02:03.991+0000][164][gc          ] GC(70) Pause Cleanup 287M->287M(512M) 0.440ms
[2022-05-24T09:02:03.991+0000][164][gc,cpu      ] GC(70) User=0.00s Sys=0.00s Real=0.00s
[2022-05-24T09:02:03.991+0000][164][safepoint   ] Safepoint "G1Concurrent", Time since last: 27012800 ns, Reaching safepoint: 205800 ns, At safepoint: 1001900 ns, Total: 1207700 ns
[2022-05-24T09:02:03.992+0000][164][gc,marking  ] GC(70) Concurrent Cleanup for Next Mark
[2022-05-24T09:02:03.992+0000][164][gc,marking  ] GC(70) Concurrent Cleanup for Next Mark 0.351ms
[2022-05-24T09:02:03.992+0000][164][gc          ] GC(70) Concurrent Mark Cycle 118.354ms
[2022-05-24T09:02:04.994+0000][164][safepoint   ] Safepoint "Cleanup", Time since last: 1000262200 ns, Reaching safepoint: 2284800 ns, At safepoint: 27700 ns, Total: 2312500 ns
[2022-05-24T09:02:06.827+0000][164][gc,start    ] GC(72) Pause Young (Prepare Mixed) (G1 Evacuation Pause)
[2022-05-24T09:02:06.827+0000][164][gc,task     ] GC(72) Using 10 workers of 10 for evacuation
[2022-05-24T09:02:06.827+0000][164][gc,age      ] GC(72) Desired survivor size 14680064 bytes, new threshold 15 (max threshold 15)
[2022-05-24T09:02:06.830+0000][164][gc,age      ] GC(72) Age table with threshold 15 (max threshold 15)
[2022-05-24T09:02:06.830+0000][164][gc,age      ] GC(72) - age   1:     800232 bytes,     800232 total
[2022-05-24T09:02:06.830+0000][164][gc,age      ] GC(72) - age   2:         64 bytes,     800296 total
[2022-05-24T09:02:06.830+0000][164][gc,age      ] GC(72) - age   3:    1694728 bytes,    2495024 total
[2022-05-24T09:02:06.831+0000][164][gc,age      ] GC(72) - age   4:     300928 bytes,    2795952 total
[2022-05-24T09:02:06.831+0000][164][gc,phases   ] GC(72)   Pre Evacuate Collection Set: 0.2ms
[2022-05-24T09:02:06.831+0000][164][gc,phases   ] GC(72)   Merge Heap Roots: 0.3ms
[2022-05-24T09:02:06.831+0000][164][gc,phases   ] GC(72)   Evacuate Collection Set: 0.9ms
[2022-05-24T09:02:06.831+0000][164][gc,phases   ] GC(72)   Post Evacuate Collection Set: 0.8ms
[2022-05-24T09:02:06.832+0000][164][gc,phases   ] GC(72)   Other: 2.0ms
[2022-05-24T09:02:06.832+0000][164][gc,heap     ] GC(72) Eden regions: 52->0(5)
[2022-05-24T09:02:06.832+0000][164][gc,heap     ] GC(72) Survivor regions: 2->1(7)
[2022-05-24T09:02:06.832+0000][164][gc,heap     ] GC(72) Old regions: 31->31
[2022-05-24T09:02:06.832+0000][164][gc,heap     ] GC(72) Archive regions: 2->2
[2022-05-24T09:02:06.833+0000][164][gc,heap     ] GC(72) Humongous regions: 33->17
[2022-05-24T09:02:06.833+0000][164][gc,metaspace] GC(72) Metaspace: 106597K(108224K)->106597K(108224K) NonClass: 92292K(93248K)->92292K(93248K) Class: 14305K(14976K)->14305K(14976K)
[2022-05-24T09:02:06.833+0000][164][gc          ] GC(72) Pause Young (Prepare Mixed) (G1 Evacuation Pause) 475M->198M(512M) 6.126ms
[2022-05-24T09:02:06.833+0000][164][gc,cpu      ] GC(72) User=0.01s Sys=0.00s Real=0.01s
[2022-05-24T09:02:06.833+0000][164][safepoint   ] Safepoint "G1CollectForAllocation", Time since last: 1832504700 ns, Reaching safepoint: 273900 ns, At safepoint: 6429600 ns, Total: 6703500 ns
[2022-05-24T09:02:06.886+0000][164][gc,start    ] GC(73) Pause Young (Mixed) (G1 Evacuation Pause)
[2022-05-24T09:02:06.886+0000][164][gc,task     ] GC(73) Using 10 workers of 10 for evacuation
[2022-05-24T09:02:06.886+0000][164][gc,age      ] GC(73) Desired survivor size 2097152 bytes, new threshold 3 (max threshold 15)
[2022-05-24T09:02:06.889+0000][164][gc,age      ] GC(73) Age table with threshold 3 (max threshold 15)
[2022-05-24T09:02:06.889+0000][164][gc,age      ] GC(73) - age   1:      36632 bytes,      36632 total
[2022-05-24T09:02:06.889+0000][164][gc,age      ] GC(73) - age   2:     793576 bytes,     830208 total
[2022-05-24T09:02:06.890+0000][164][gc,age      ] GC(73) - age   3:         64 bytes,     830272 total
[2022-05-24T09:02:06.890+0000][164][gc,phases   ] GC(73)   Pre Evacuate Collection Set: 0.2ms
[2022-05-24T09:02:06.890+0000][164][gc,phases   ] GC(73)   Merge Heap Roots: 0.2ms
[2022-05-24T09:02:06.891+0000][164][gc,phases   ] GC(73)   Evacuate Collection Set: 1.0ms
[2022-05-24T09:02:06.891+0000][164][gc,phases   ] GC(73)   Post Evacuate Collection Set: 0.8ms
[2022-05-24T09:02:06.891+0000][164][gc,phases   ] GC(73)   Other: 2.2ms
[2022-05-24T09:02:06.891+0000][164][gc,heap     ] GC(73) Eden regions: 5->0(52)
[2022-05-24T09:02:06.891+0000][164][gc,heap     ] GC(73) Survivor regions: 1->1(1)
[2022-05-24T09:02:06.891+0000][164][gc,heap     ] GC(73) Old regions: 31->31
[2022-05-24T09:02:06.891+0000][164][gc,heap     ] GC(73) Archive regions: 2->2
[2022-05-24T09:02:06.892+0000][164][gc,heap     ] GC(73) Humongous regions: 17->17
[2022-05-24T09:02:06.892+0000][164][gc,metaspace] GC(73) Metaspace: 106597K(108224K)->106597K(108224K) NonClass: 92292K(93248K)->92292K(93248K) Class: 14305K(14976K)->14305K(14976K)
[2022-05-24T09:02:06.892+0000][164][gc          ] GC(73) Pause Young (Mixed) (G1 Evacuation Pause) 218M->194M(512M) 6.223ms
[2022-05-24T09:02:06.892+0000][164][gc,cpu      ] GC(73) User=0.01s Sys=0.00s Real=0.01s
[2022-05-24T09:02:06.892+0000][164][safepoint   ] Safepoint "G1CollectForAllocation", Time since last: 52232800 ns, Reaching safepoint: 208500 ns, At safepoint: 6506700 ns, Total: 6715200 ns
[2022-05-24T09:02:07.990+0000][164][gc,start    ] GC(74) Pause Young (Concurrent Start) (G1 Evacuation Pause)
[2022-05-24T09:02:07.990+0000][164][gc,task     ] GC(74) Using 10 workers of 10 for evacuation
[2022-05-24T09:02:07.990+0000][164][gc,age      ] GC(74) Desired survivor size 14680064 bytes, new threshold 15 (max threshold 15)
[2022-05-24T09:02:07.993+0000][164][gc,age      ] GC(74) Age table with threshold 15 (max threshold 15)
[2022-05-24T09:02:07.994+0000][164][gc,age      ] GC(74) - age   1:      92848 bytes,      92848 total
[2022-05-24T09:02:07.994+0000][164][gc,age      ] GC(74) - age   3:     774168 bytes,     867016 total
[2022-05-24T09:02:07.994+0000][164][gc,age      ] GC(74) - age   4:         64 bytes,     867080 total
[2022-05-24T09:02:07.994+0000][164][gc,phases   ] GC(74)   Pre Evacuate Collection Set: 0.4ms
[2022-05-24T09:02:07.995+0000][164][gc,phases   ] GC(74)   Merge Heap Roots: 0.2ms
[2022-05-24T09:02:07.995+0000][164][gc,phases   ] GC(74)   Evacuate Collection Set: 1.2ms
[2022-05-24T09:02:07.995+0000][164][gc,phases   ] GC(74)   Post Evacuate Collection Set: 1.0ms
[2022-05-24T09:02:07.995+0000][164][gc,phases   ] GC(74)   Other: 1.9ms
[2022-05-24T09:02:07.996+0000][164][gc,heap     ] GC(74) Eden regions: 52->0(53)
[2022-05-24T09:02:07.996+0000][164][gc,heap     ] GC(74) Survivor regions: 1->1(7)
[2022-05-24T09:02:07.996+0000][164][gc,heap     ] GC(74) Old regions: 31->31
[2022-05-24T09:02:07.996+0000][164][gc,heap     ] GC(74) Archive regions: 2->2
[2022-05-24T09:02:07.996+0000][164][gc,heap     ] GC(74) Humongous regions: 17->17
[2022-05-24T09:02:07.997+0000][164][gc,metaspace] GC(74) Metaspace: 106598K(108224K)->106598K(108224K) NonClass: 92292K(93248K)->92292K(93248K) Class: 14305K(14976K)->14305K(14976K)
[2022-05-24T09:02:07.997+0000][164][gc          ] GC(74) Pause Young (Concurrent Start) (G1 Evacuation Pause) 402M->194M(512M) 7.162ms
[2022-05-24T09:02:07.997+0000][164][gc,cpu      ] GC(74) User=0.01s Sys=0.00s Real=0.01s
[2022-05-24T09:02:07.997+0000][164][safepoint   ] Safepoint "G1CollectForAllocation", Time since last: 1096972600 ns, Reaching safepoint: 287000 ns, At safepoint: 7676700 ns, Total: 7963700 ns
[2022-05-24T09:02:07.997+0000][164][gc          ] GC(75) Concurrent Mark Cycle
[2022-05-24T09:02:07.998+0000][164][gc,marking  ] GC(75) Concurrent Clear Claimed Marks
[2022-05-24T09:02:07.998+0000][164][gc,marking  ] GC(75) Concurrent Clear Claimed Marks 0.253ms
[2022-05-24T09:02:07.998+0000][164][gc,marking  ] GC(75) Concurrent Scan Root Regions
[2022-05-24T09:02:07.999+0000][164][gc,marking  ] GC(75) Concurrent Scan Root Regions 1.131ms
[2022-05-24T09:02:08.000+0000][164][gc,marking  ] GC(75) Concurrent Mark
[2022-05-24T09:02:08.000+0000][164][gc,marking  ] GC(75) Concurrent Mark From Roots
[2022-05-24T09:02:08.000+0000][164][gc,task     ] GC(75) Using 3 workers of 3 for marking
[2022-05-24T09:02:08.041+0000][164][gc,marking  ] GC(75) Concurrent Mark From Roots 41.102ms
[2022-05-24T09:02:08.041+0000][164][gc,marking  ] GC(75) Concurrent Preclean
[2022-05-24T09:02:08.042+0000][164][gc,marking  ] GC(75) Concurrent Preclean 0.665ms
[2022-05-24T09:02:08.043+0000][164][gc,start    ] GC(75) Pause Remark
[2022-05-24T09:02:08.047+0000][164][gc          ] GC(75) Pause Remark 208M->189M(512M) 4.433ms
[2022-05-24T09:02:08.048+0000][164][gc,cpu      ] GC(75) User=0.02s Sys=0.01s Real=0.00s
[2022-05-24T09:02:08.048+0000][164][safepoint   ] Safepoint "G1Concurrent", Time since last: 45052600 ns, Reaching safepoint: 274000 ns, At safepoint: 5175600 ns, Total: 5449600 ns
[2022-05-24T09:02:08.048+0000][164][gc,marking  ] GC(75) Concurrent Mark 48.512ms
[2022-05-24T09:02:08.049+0000][164][gc,marking  ] GC(75) Concurrent Rebuild Remembered Sets
[2022-05-24T09:02:08.073+0000][164][gc,marking  ] GC(75) Concurrent Rebuild Remembered Sets 24.483ms
[2022-05-24T09:02:08.074+0000][164][gc,start    ] GC(75) Pause Cleanup
[2022-05-24T09:02:08.074+0000][164][gc          ] GC(75) Pause Cleanup 191M->191M(512M) 0.497ms
[2022-05-24T09:02:08.074+0000][164][gc,cpu      ] GC(75) User=0.01s Sys=0.00s Real=0.00s
[2022-05-24T09:02:08.075+0000][164][safepoint   ] Safepoint "G1Concurrent", Time since last: 25563700 ns, Reaching safepoint: 260200 ns, At safepoint: 1096700 ns, Total: 1356900 ns
[2022-05-24T09:02:08.075+0000][164][gc,marking  ] GC(75) Concurrent Cleanup for Next Mark
[2022-05-24T09:02:08.076+0000][164][gc,marking  ] GC(75) Concurrent Cleanup for Next Mark 0.560ms
[2022-05-24T09:02:08.076+0000][164][gc          ] GC(75) Concurrent Mark Cycle 78.601ms
[2022-05-24T09:02:08.750+0000][164][gc,start    ] GC(76) Pause Young (Prepare Mixed) (G1 Evacuation Pause)
[2022-05-24T09:02:08.751+0000][164][gc,task     ] GC(76) Using 10 workers of 10 for evacuation
[2022-05-24T09:02:08.751+0000][164][gc,age      ] GC(76) Desired survivor size 14680064 bytes, new threshold 15 (max threshold 15)
[2022-05-24T09:02:08.753+0000][164][gc,age      ] GC(76) Age table with threshold 15 (max threshold 15)
[2022-05-24T09:02:08.754+0000][164][gc,age      ] GC(76) - age   1:     129488 bytes,     129488 total
[2022-05-24T09:02:08.754+0000][164][gc,age      ] GC(76) - age   2:      70304 bytes,     199792 total
[2022-05-24T09:02:08.754+0000][164][gc,age      ] GC(76) - age   4:     765216 bytes,     965008 total
[2022-05-24T09:02:08.754+0000][164][gc,age      ] GC(76) - age   5:         64 bytes,     965072 total
[2022-05-24T09:02:08.755+0000][164][gc,phases   ] GC(76)   Pre Evacuate Collection Set: 0.2ms
[2022-05-24T09:02:08.755+0000][164][gc,phases   ] GC(76)   Merge Heap Roots: 0.3ms
[2022-05-24T09:02:08.755+0000][164][gc,phases   ] GC(76)   Evacuate Collection Set: 0.8ms
[2022-05-24T09:02:08.755+0000][164][gc,phases   ] GC(76)   Post Evacuate Collection Set: 0.8ms
[2022-05-24T09:02:08.755+0000][164][gc,phases   ] GC(76)   Other: 2.0ms
[2022-05-24T09:02:08.756+0000][164][gc,heap     ] GC(76) Eden regions: 53->0(5)
[2022-05-24T09:02:08.756+0000][164][gc,heap     ] GC(76) Survivor regions: 1->1(7)
[2022-05-24T09:02:08.756+0000][164][gc,heap     ] GC(76) Old regions: 26->26
[2022-05-24T09:02:08.756+0000][164][gc,heap     ] GC(76) Archive regions: 2->2
[2022-05-24T09:02:08.756+0000][164][gc,heap     ] GC(76) Humongous regions: 17->17
[2022-05-24T09:02:08.757+0000][164][gc,metaspace] GC(76) Metaspace: 106598K(108224K)->106598K(108224K) NonClass: 92292K(93248K)->92292K(93248K) Class: 14305K(14976K)->14305K(14976K)
[2022-05-24T09:02:08.757+0000][164][gc          ] GC(76) Pause Young (Prepare Mixed) (G1 Evacuation Pause) 387M->175M(512M) 6.321ms
[2022-05-24T09:02:08.757+0000][164][gc,cpu      ] GC(76) User=0.00s Sys=0.01s Real=0.01s
[2022-05-24T09:02:08.757+0000][164][safepoint   ] Safepoint "G1CollectForAllocation", Time since last: 675495500 ns, Reaching safepoint: 177500 ns, At safepoint: 6776600 ns, Total: 6954100 ns
[2022-05-24T09:02:08.820+0000][164][gc,start    ] GC(77) Pause Young (Mixed) (G1 Evacuation Pause)
[2022-05-24T09:02:08.821+0000][164][gc,task     ] GC(77) Using 10 workers of 10 for evacuation
[2022-05-24T09:02:08.821+0000][164][gc,age      ] GC(77) Desired survivor size 2097152 bytes, new threshold 15 (max threshold 15)
[2022-05-24T09:02:08.823+0000][164][gc,age      ] GC(77) Age table with threshold 15 (max threshold 15)
[2022-05-24T09:02:08.823+0000][164][gc,age      ] GC(77) - age   1:      32040 bytes,      32040 total
[2022-05-24T09:02:08.823+0000][164][gc,age      ] GC(77) - age   2:     122312 bytes,     154352 total
[2022-05-24T09:02:08.824+0000][164][gc,age      ] GC(77) - age   3:      69256 bytes,     223608 total
[2022-05-24T09:02:08.824+0000][164][gc,age      ] GC(77) - age   5:     764872 bytes,     988480 total
[2022-05-24T09:02:08.824+0000][164][gc,age      ] GC(77) - age   6:         64 bytes,     988544 total
[2022-05-24T09:02:08.824+0000][164][gc,phases   ] GC(77)   Pre Evacuate Collection Set: 0.2ms
[2022-05-24T09:02:08.824+0000][164][gc,phases   ] GC(77)   Merge Heap Roots: 0.2ms
[2022-05-24T09:02:08.824+0000][164][gc,phases   ] GC(77)   Evacuate Collection Set: 1.0ms
[2022-05-24T09:02:08.825+0000][164][gc,phases   ] GC(77)   Post Evacuate Collection Set: 0.7ms
[2022-05-24T09:02:08.825+0000][164][gc,phases   ] GC(77)   Other: 1.7ms
[2022-05-24T09:02:08.825+0000][164][gc,heap     ] GC(77) Eden regions: 5->0(60)
[2022-05-24T09:02:08.825+0000][164][gc,heap     ] GC(77) Survivor regions: 1->1(1)
[2022-05-24T09:02:08.825+0000][164][gc,heap     ] GC(77) Old regions: 26->25
[2022-05-24T09:02:08.825+0000][164][gc,heap     ] GC(77) Archive regions: 2->2
[2022-05-24T09:02:08.826+0000][164][gc,heap     ] GC(77) Humongous regions: 17->17
[2022-05-24T09:02:08.826+0000][164][gc,metaspace] GC(77) Metaspace: 106598K(108224K)->106598K(108224K) NonClass: 92292K(93248K)->92292K(93248K) Class: 14305K(14976K)->14305K(14976K)
[2022-05-24T09:02:08.826+0000][164][gc          ] GC(77) Pause Young (Mixed) (G1 Evacuation Pause) 195M->171M(512M) 5.516ms
[2022-05-24T09:02:08.826+0000][164][gc,cpu      ] GC(77) User=0.01s Sys=0.00s Real=0.01s
[2022-05-24T09:02:08.826+0000][164][safepoint   ] Safepoint "G1CollectForAllocation", Time since last: 62764300 ns, Reaching safepoint: 307100 ns, At safepoint: 5830400 ns, Total: 6137500 ns
[2022-05-24T09:02:10.368+0000][164][safepoint   ] Safepoint "Cleanup", Time since last: 1541190700 ns, Reaching safepoint: 193200 ns, At safepoint: 7000 ns, Total: 200200 ns
[2022-05-24T09:02:20.371+0000][164][safepoint   ] Safepoint "Cleanup", Time since last: 10002997300 ns, Reaching safepoint: 331500 ns, At safepoint: 12900 ns, Total: 344400 ns
[2022-05-24T09:02:23.373+0000][164][safepoint   ] Safepoint "Cleanup", Time since last: 3001683200 ns, Reaching safepoint: 369800 ns, At safepoint: 13100 ns, Total: 382900 ns
[2022-05-24T09:02:33.377+0000][164][safepoint   ] Safepoint "Cleanup", Time since last: 10003658000 ns, Reaching safepoint: 269100 ns, At safepoint: 19900 ns, Total: 289000 ns
[2022-05-24T09:02:58.385+0000][164][safepoint   ] Safepoint "Cleanup", Time since last: 25007829100 ns, Reaching safepoint: 279400 ns, At safepoint: 13300 ns, Total: 292700 ns
[2022-05-24T09:03:03.543+0000][164][safepoint   ] Safepoint "Cleanup", Time since last: 5157506900 ns, Reaching safepoint: 295100 ns, At safepoint: 45600 ns, Total: 340700 ns
[2022-05-24T09:03:04.544+0000][164][safepoint   ] Safepoint "Cleanup", Time since last: 1000555300 ns, Reaching safepoint: 829300 ns, At safepoint: 29100 ns, Total: 858400 ns
[2022-05-24T09:03:26.551+0000][164][safepoint   ] Safepoint "Cleanup", Time since last: 22005486000 ns, Reaching safepoint: 915800 ns, At safepoint: 29800 ns, Total: 945600 ns
[2022-05-24T09:03:28.554+0000][164][safepoint   ] Safepoint "Cleanup", Time since last: 2001656100 ns, Reaching safepoint: 664500 ns, At safepoint: 64100 ns, Total: 728600 ns
[2022-05-24T09:03:30.556+0000][164][safepoint   ] Safepoint "Cleanup", Time since last: 2001341000 ns, Reaching safepoint: 952900 ns, At safepoint: 32600 ns, Total: 985500 ns
[2022-05-24T09:03:32.410+0000][164][safepoint   ] Safepoint "Cleanup", Time since last: 1851213000 ns, Reaching safepoint: 2368100 ns, At safepoint: 39300 ns, Total: 2407400 ns
[2022-05-24T09:03:33.410+0000][164][safepoint   ] Safepoint "Cleanup", Time since last: 1000386000 ns, Reaching safepoint: 222200 ns, At safepoint: 10600 ns, Total: 232800 ns
[2022-05-24T09:03:34.415+0000][164][safepoint   ] Safepoint "Cleanup", Time since last: 1000403300 ns, Reaching safepoint: 4537700 ns, At safepoint: 74400 ns, Total: 4612100 ns
[2022-05-24T09:03:35.416+0000][164][safepoint   ] Safepoint "Cleanup", Time since last: 1000416900 ns, Reaching safepoint: 218400 ns, At safepoint: 7200 ns, Total: 225600 ns
[2022-05-24T09:03:36.417+0000][164][safepoint   ] Safepoint "Cleanup", Time since last: 1000484400 ns, Reaching safepoint: 199800 ns, At safepoint: 6800 ns, Total: 206600 ns
[2022-05-24T09:03:46.420+0000][164][safepoint   ] Safepoint "Cleanup", Time since last: 10002319900 ns, Reaching safepoint: 248400 ns, At safepoint: 6700 ns, Total: 255100 ns
[2022-05-24T09:04:01.425+0000][164][safepoint   ] Safepoint "Cleanup", Time since last: 15004724400 ns, Reaching safepoint: 212300 ns, At safepoint: 9600 ns, Total: 221900 ns
[2022-05-24T09:04:02.426+0000][164][safepoint   ] Safepoint "Cleanup", Time since last: 1000900000 ns, Reaching safepoint: 422400 ns, At safepoint: 16400 ns, Total: 438800 ns
[2022-05-24T09:04:04.427+0000][164][safepoint   ] Safepoint "Cleanup", Time since last: 2001085500 ns, Reaching safepoint: 266800 ns, At safepoint: 9600 ns, Total: 276400 ns
[2022-05-24T09:05:04.539+0000][164][gc,start    ] GC(78) Pause Young (Concurrent Start) (G1 Evacuation Pause)
[2022-05-24T09:05:04.539+0000][164][gc,task     ] GC(78) Using 10 workers of 10 for evacuation
[2022-05-24T09:05:04.540+0000][164][gc,age      ] GC(78) Desired survivor size 16777216 bytes, new threshold 15 (max threshold 15)
[2022-05-24T09:05:04.543+0000][164][gc,age      ] GC(78) Age table with threshold 15 (max threshold 15)
[2022-05-24T09:05:04.543+0000][164][gc,age      ] GC(78) - age   1:    6031560 bytes,    6031560 total
[2022-05-24T09:05:04.543+0000][164][gc,age      ] GC(78) - age   3:         48 bytes,    6031608 total
[2022-05-24T09:05:04.544+0000][164][gc,age      ] GC(78) - age   4:         32 bytes,    6031640 total
[2022-05-24T09:05:04.544+0000][164][gc,age      ] GC(78) - age   6:     281176 bytes,    6312816 total
[2022-05-24T09:05:04.544+0000][164][gc,age      ] GC(78) - age   7:         64 bytes,    6312880 total
[2022-05-24T09:05:04.545+0000][164][gc,phases   ] GC(78)   Pre Evacuate Collection Set: 0.3ms
[2022-05-24T09:05:04.545+0000][164][gc,phases   ] GC(78)   Merge Heap Roots: 0.2ms
[2022-05-24T09:05:04.545+0000][164][gc,phases   ] GC(78)   Evacuate Collection Set: 1.6ms
[2022-05-24T09:05:04.545+0000][164][gc,phases   ] GC(78)   Post Evacuate Collection Set: 1.0ms
[2022-05-24T09:05:04.546+0000][164][gc,phases   ] GC(78)   Other: 2.8ms
[2022-05-24T09:05:04.546+0000][164][gc,heap     ] GC(78) Eden regions: 60->0(58)
[2022-05-24T09:05:04.546+0000][164][gc,heap     ] GC(78) Survivor regions: 1->2(8)
[2022-05-24T09:05:04.546+0000][164][gc,heap     ] GC(78) Old regions: 25->25
[2022-05-24T09:05:04.547+0000][164][gc,heap     ] GC(78) Archive regions: 2->2
[2022-05-24T09:05:04.547+0000][164][gc,heap     ] GC(78) Humongous regions: 17->17
[2022-05-24T09:05:04.547+0000][164][gc,metaspace] GC(78) Metaspace: 107225K(108800K)->107225K(108800K) NonClass: 92823K(93760K)->92823K(93760K) Class: 14402K(15040K)->14402K(15040K)
[2022-05-24T09:05:04.547+0000][164][gc          ] GC(78) Pause Young (Concurrent Start) (G1 Evacuation Pause) 411M->177M(512M) 8.467ms
[2022-05-24T09:05:04.548+0000][164][gc,cpu      ] GC(78) User=0.02s Sys=0.00s Real=0.01s
[2022-05-24T09:05:04.548+0000][164][safepoint   ] Safepoint "G1CollectForAllocation", Time since last: 60110306600 ns, Reaching safepoint: 322800 ns, At safepoint: 8991500 ns, Total: 9314300 ns
[2022-05-24T09:05:04.548+0000][164][gc          ] GC(79) Concurrent Mark Cycle
[2022-05-24T09:05:04.548+0000][164][gc,marking  ] GC(79) Concurrent Clear Claimed Marks
[2022-05-24T09:05:04.549+0000][164][gc,marking  ] GC(79) Concurrent Clear Claimed Marks 0.282ms
[2022-05-24T09:05:04.549+0000][164][gc,marking  ] GC(79) Concurrent Scan Root Regions
[2022-05-24T09:05:04.551+0000][164][gc,marking  ] GC(79) Concurrent Scan Root Regions 1.772ms
[2022-05-24T09:05:04.551+0000][164][gc,marking  ] GC(79) Concurrent Mark
[2022-05-24T09:05:04.551+0000][164][gc,marking  ] GC(79) Concurrent Mark From Roots
[2022-05-24T09:05:04.551+0000][164][gc,task     ] GC(79) Using 3 workers of 3 for marking
[2022-05-24T09:05:04.590+0000][164][gc,marking  ] GC(79) Concurrent Mark From Roots 39.232ms
[2022-05-24T09:05:04.591+0000][164][gc,marking  ] GC(79) Concurrent Preclean
[2022-05-24T09:05:04.591+0000][164][gc,marking  ] GC(79) Concurrent Preclean 0.669ms
[2022-05-24T09:05:04.592+0000][164][gc,start    ] GC(79) Pause Remark
[2022-05-24T09:05:04.600+0000][164][gc          ] GC(79) Pause Remark 182M->138M(512M) 8.645ms
[2022-05-24T09:05:04.601+0000][164][gc,cpu      ] GC(79) User=0.06s Sys=0.00s Real=0.01s
[2022-05-24T09:05:04.601+0000][164][safepoint   ] Safepoint "G1Concurrent", Time since last: 43813100 ns, Reaching safepoint: 205200 ns, At safepoint: 9373800 ns, Total: 9579000 ns
[2022-05-24T09:05:04.602+0000][164][gc,marking  ] GC(79) Concurrent Mark 50.849ms
[2022-05-24T09:05:04.602+0000][164][gc,marking  ] GC(79) Concurrent Rebuild Remembered Sets
[2022-05-24T09:05:04.624+0000][164][gc,marking  ] GC(79) Concurrent Rebuild Remembered Sets 21.931ms
[2022-05-24T09:05:04.627+0000][164][gc,start    ] GC(79) Pause Cleanup
[2022-05-24T09:05:04.627+0000][164][gc          ] GC(79) Pause Cleanup 138M->138M(512M) 0.602ms
[2022-05-24T09:05:04.628+0000][164][gc,cpu      ] GC(79) User=0.00s Sys=0.00s Real=0.00s
[2022-05-24T09:05:04.628+0000][164][safepoint   ] Safepoint "G1Concurrent", Time since last: 23066000 ns, Reaching safepoint: 2442900 ns, At safepoint: 1164300 ns, Total: 3607200 ns
[2022-05-24T09:05:04.628+0000][164][gc,marking  ] GC(79) Concurrent Cleanup for Next Mark
[2022-05-24T09:05:04.629+0000][164][gc,marking  ] GC(79) Concurrent Cleanup for Next Mark 0.448ms
[2022-05-24T09:05:04.629+0000][164][gc          ] GC(79) Concurrent Mark Cycle 81.229ms
[2022-05-24T09:05:15.632+0000][164][safepoint   ] Safepoint "Cleanup", Time since last: 11003006400 ns, Reaching safepoint: 193300 ns, At safepoint: 7000 ns, Total: 200300 ns
[2022-05-24T09:05:35.636+0000][164][safepoint   ] Safepoint "Cleanup", Time since last: 20003965800 ns, Reaching safepoint: 300200 ns, At safepoint: 11200 ns, Total: 311400 ns
[2022-05-24T09:06:08.644+0000][164][safepoint   ] Safepoint "Cleanup", Time since last: 33006754000 ns, Reaching safepoint: 231600 ns, At safepoint: 7300 ns, Total: 238900 ns
[2022-05-24T09:06:10.645+0000][164][safepoint   ] Safepoint "Cleanup", Time since last: 2000739200 ns, Reaching safepoint: 230800 ns, At safepoint: 7100 ns, Total: 237900 ns
[2022-05-24T09:06:11.646+0000][164][safepoint   ] Safepoint "Cleanup", Time since last: 1000705600 ns, Reaching safepoint: 856500 ns, At safepoint: 28900 ns, Total: 885400 ns
[2022-05-24T09:06:25.650+0000][164][safepoint   ] Safepoint "Cleanup", Time since last: 14003888600 ns, Reaching safepoint: 231700 ns, At safepoint: 7900 ns, Total: 239600 ns
[2022-05-24T09:06:42.655+0000][164][safepoint   ] Safepoint "Cleanup", Time since last: 17004501200 ns, Reaching safepoint: 274200 ns, At safepoint: 8900 ns, Total: 283100 ns
[2022-05-24T09:06:51.658+0000][164][safepoint   ] Safepoint "Cleanup", Time since last: 9002350900 ns, Reaching safepoint: 277100 ns, At safepoint: 6900 ns, Total: 284000 ns
