[2022-04-22T05:25:09.451+0000][7][gc] Using G1
[2022-04-22T05:25:09.518+0000][7][gc,init] Version: 17.0.2+8 (release)
[2022-04-22T05:25:09.519+0000][7][gc,init] CPUs: 5 total, 5 available
[2022-04-22T05:25:09.520+0000][7][gc,init] Memory: 7851M
[2022-04-22T05:25:09.521+0000][7][gc,init] Large Page Support: Disabled
[2022-04-22T05:25:09.522+0000][7][gc,init] NUMA Support: Disabled
[2022-04-22T05:25:09.523+0000][7][gc,init] Compressed Oops: Enabled (32-bit)
[2022-04-22T05:25:09.524+0000][7][gc,init] Heap Region Size: 4M
[2022-04-22T05:25:09.525+0000][7][gc,init] Heap Min Capacity: 512M
[2022-04-22T05:25:09.526+0000][7][gc,init] Heap Initial Capacity: 512M
[2022-04-22T05:25:09.528+0000][7][gc,init] Heap Max Capacity: 512M
[2022-04-22T05:25:09.529+0000][7][gc,init] Pre-touch: Enabled
[2022-04-22T05:25:09.531+0000][7][gc,init] Parallel Workers: 5
[2022-04-22T05:25:09.532+0000][7][gc,init] Concurrent Workers: 1
[2022-04-22T05:25:09.533+0000][7][gc,init] Concurrent Refinement Workers: 5
[2022-04-22T05:25:09.534+0000][7][gc,init] Periodic GC: Disabled
[2022-04-22T05:25:09.536+0000][7][gc,metaspace] CDS archive(s) mapped at: [0x0000000800000000-0x0000000800bd2000-0x0000000800bd2000), size 12394496, SharedBaseAddress: 0x0000000800000000, ArchiveRelocationMode: 0.
[2022-04-22T05:25:09.537+0000][7][gc,metaspace] Compressed class space mapped at: 0x0000000800c00000-0x0000000840c00000, reserved size: 1073741824
[2022-04-22T05:25:09.538+0000][7][gc,metaspace] Narrow klass base: 0x0000000800000000, Narrow klass shift: 0, Narrow klass range: 0x100000000
[2022-04-22T05:25:09.801+0000][7][safepoint   ] Safepoint "ICBufferFull", Time since last: 255675917 ns, Reaching safepoint: 328458 ns, At safepoint: 16500 ns, Total: 344958 ns
[2022-04-22T05:25:09.886+0000][7][safepoint   ] Safepoint "ICBufferFull", Time since last: 85013083 ns, Reaching safepoint: 374209 ns, At safepoint: 14791 ns, Total: 389000 ns
[2022-04-22T05:25:10.022+0000][7][safepoint   ] Safepoint "ICBufferFull", Time since last: 135147042 ns, Reaching safepoint: 197750 ns, At safepoint: 3833 ns, Total: 201583 ns
[2022-04-22T05:25:10.170+0000][7][gc,start    ] GC(0) Pause Young (Normal) (G1 Evacuation Pause)
[2022-04-22T05:25:10.171+0000][7][gc,task     ] GC(0) Using 5 workers of 5 for evacuation
[2022-04-22T05:25:10.172+0000][7][gc,age      ] GC(0) Desired survivor size 2097152 bytes, new threshold 15 (max threshold 15)
[2022-04-22T05:25:10.179+0000][7][gc,age      ] GC(0) Age table with threshold 15 (max threshold 15)
[2022-04-22T05:25:10.180+0000][7][gc,age      ] GC(0) - age   1:    4159664 bytes,    4159664 total
[2022-04-22T05:25:10.182+0000][7][gc,phases   ] GC(0)   Pre Evacuate Collection Set: 0.1ms
[2022-04-22T05:25:10.183+0000][7][gc,phases   ] GC(0)   Merge Heap Roots: 0.1ms
[2022-04-22T05:25:10.185+0000][7][gc,phases   ] GC(0)   Evacuate Collection Set: 3.4ms
[2022-04-22T05:25:10.186+0000][7][gc,phases   ] GC(0)   Post Evacuate Collection Set: 1.4ms
[2022-04-22T05:25:10.188+0000][7][gc,phases   ] GC(0)   Other: 6.2ms
[2022-04-22T05:25:10.189+0000][7][gc,heap     ] GC(0) Eden regions: 6->0(5)
[2022-04-22T05:25:10.191+0000][7][gc,heap     ] GC(0) Survivor regions: 0->1(1)
[2022-04-22T05:25:10.192+0000][7][gc,heap     ] GC(0) Old regions: 0->1
[2022-04-22T05:25:10.193+0000][7][gc,heap     ] GC(0) Archive regions: 2->2
[2022-04-22T05:25:10.194+0000][7][gc,heap     ] GC(0) Humongous regions: 0->0
[2022-04-22T05:25:10.195+0000][7][gc,metaspace] GC(0) Metaspace: 8831K(9024K)->8831K(9024K) NonClass: 7772K(7872K)->7772K(7872K) Class: 1058K(1152K)->1058K(1152K)
[2022-04-22T05:25:10.196+0000][7][gc          ] GC(0) Pause Young (Normal) (G1 Evacuation Pause) 27M->8M(512M) 25.772ms
[2022-04-22T05:25:10.197+0000][7][gc,cpu      ] GC(0) User=0.01s Sys=0.00s Real=0.02s
[2022-04-22T05:25:10.198+0000][7][safepoint   ] Safepoint "G1CollectForAllocation", Time since last: 148450167 ns, Reaching safepoint: 396667 ns, At safepoint: 27852500 ns, Total: 28249167 ns
[2022-04-22T05:25:10.388+0000][7][safepoint   ] Safepoint "ICBufferFull", Time since last: 189485292 ns, Reaching safepoint: 111375 ns, At safepoint: 2708 ns, Total: 114083 ns
[2022-04-22T05:25:10.474+0000][7][gc,start    ] GC(1) Pause Young (Normal) (G1 Evacuation Pause)
[2022-04-22T05:25:10.475+0000][7][gc,task     ] GC(1) Using 5 workers of 5 for evacuation
[2022-04-22T05:25:10.476+0000][7][gc,age      ] GC(1) Desired survivor size 2097152 bytes, new threshold 1 (max threshold 15)
[2022-04-22T05:25:10.483+0000][7][gc,age      ] GC(1) Age table with threshold 1 (max threshold 15)
[2022-04-22T05:25:10.484+0000][7][gc,age      ] GC(1) - age   1:    1940248 bytes,    1940248 total
[2022-04-22T05:25:10.485+0000][7][gc,phases   ] GC(1)   Pre Evacuate Collection Set: 0.1ms
[2022-04-22T05:25:10.486+0000][7][gc,phases   ] GC(1)   Merge Heap Roots: 0.0ms
[2022-04-22T05:25:10.487+0000][7][gc,phases   ] GC(1)   Evacuate Collection Set: 2.6ms
[2022-04-22T05:25:10.488+0000][7][gc,phases   ] GC(1)   Post Evacuate Collection Set: 1.2ms
[2022-04-22T05:25:10.489+0000][7][gc,phases   ] GC(1)   Other: 7.0ms
[2022-04-22T05:25:10.490+0000][7][gc,heap     ] GC(1) Eden regions: 5->0(7)
[2022-04-22T05:25:10.491+0000][7][gc,heap     ] GC(1) Survivor regions: 1->1(1)
[2022-04-22T05:25:10.492+0000][7][gc,heap     ] GC(1) Old regions: 1->2
[2022-04-22T05:25:10.494+0000][7][gc,heap     ] GC(1) Archive regions: 2->2
[2022-04-22T05:25:10.496+0000][7][gc,heap     ] GC(1) Humongous regions: 0->0
[2022-04-22T05:25:10.497+0000][7][gc,metaspace] GC(1) Metaspace: 12143K(12416K)->12143K(12416K) NonClass: 10647K(10816K)->10647K(10816K) Class: 1495K(1600K)->1495K(1600K)
[2022-04-22T05:25:10.499+0000][7][gc          ] GC(1) Pause Young (Normal) (G1 Evacuation Pause) 28M->10M(512M) 24.797ms
[2022-04-22T05:25:10.499+0000][7][gc,cpu      ] GC(1) User=0.01s Sys=0.01s Real=0.03s
[2022-04-22T05:25:10.500+0000][7][safepoint   ] Safepoint "G1CollectForAllocation", Time since last: 85170708 ns, Reaching safepoint: 856834 ns, At safepoint: 26406625 ns, Total: 27263459 ns
[2022-04-22T05:25:11.005+0000][7][safepoint   ] Safepoint "ICBufferFull", Time since last: 504487250 ns, Reaching safepoint: 328958 ns, At safepoint: 186417 ns, Total: 515375 ns
[2022-04-22T05:25:11.056+0000][7][gc,start    ] GC(2) Pause Young (Normal) (G1 Evacuation Pause)
[2022-04-22T05:25:11.057+0000][7][gc,task     ] GC(2) Using 5 workers of 5 for evacuation
[2022-04-22T05:25:11.059+0000][7][gc,age      ] GC(2) Desired survivor size 2097152 bytes, new threshold 15 (max threshold 15)
[2022-04-22T05:25:11.065+0000][7][gc,age      ] GC(2) Age table with threshold 15 (max threshold 15)
[2022-04-22T05:25:11.066+0000][7][gc,age      ] GC(2) - age   1:     881224 bytes,     881224 total
[2022-04-22T05:25:11.067+0000][7][gc,age      ] GC(2) - age   2:    1894312 bytes,    2775536 total
[2022-04-22T05:25:11.068+0000][7][gc,phases   ] GC(2)   Pre Evacuate Collection Set: 0.1ms
[2022-04-22T05:25:11.069+0000][7][gc,phases   ] GC(2)   Merge Heap Roots: 0.1ms
[2022-04-22T05:25:11.071+0000][7][gc,phases   ] GC(2)   Evacuate Collection Set: 2.5ms
[2022-04-22T05:25:11.072+0000][7][gc,phases   ] GC(2)   Post Evacuate Collection Set: 2.2ms
[2022-04-22T05:25:11.073+0000][7][gc,phases   ] GC(2)   Other: 7.1ms
[2022-04-22T05:25:11.076+0000][7][gc,heap     ] GC(2) Eden regions: 7->0(28)
[2022-04-22T05:25:11.077+0000][7][gc,heap     ] GC(2) Survivor regions: 1->1(1)
[2022-04-22T05:25:11.078+0000][7][gc,heap     ] GC(2) Old regions: 2->2
[2022-04-22T05:25:11.079+0000][7][gc,heap     ] GC(2) Archive regions: 2->2
[2022-04-22T05:25:11.080+0000][7][gc,heap     ] GC(2) Humongous regions: 0->0
[2022-04-22T05:25:11.081+0000][7][gc,metaspace] GC(2) Metaspace: 14420K(14656K)->14420K(14656K) NonClass: 12683K(12800K)->12683K(12800K) Class: 1737K(1856K)->1737K(1856K)
[2022-04-22T05:25:11.083+0000][7][gc          ] GC(2) Pause Young (Normal) (G1 Evacuation Pause) 38M->10M(512M) 26.578ms
[2022-04-22T05:25:11.084+0000][7][gc,cpu      ] GC(2) User=0.01s Sys=0.00s Real=0.03s
[2022-04-22T05:25:11.085+0000][7][safepoint   ] Safepoint "G1CollectForAllocation", Time since last: 50694875 ns, Reaching safepoint: 166833 ns, At safepoint: 28555334 ns, Total: 28722167 ns
[2022-04-22T05:25:11.293+0000][7][safepoint   ] Safepoint "ICBufferFull", Time since last: 207071791 ns, Reaching safepoint: 859584 ns, At safepoint: 5458 ns, Total: 865042 ns
[2022-04-22T05:25:11.442+0000][7][safepoint   ] Safepoint "ICBufferFull", Time since last: 149238375 ns, Reaching safepoint: 159292 ns, At safepoint: 84458 ns, Total: 243750 ns
[2022-04-22T05:25:11.446+0000][7][safepoint   ] Safepoint "ICBufferFull", Time since last: 3898958 ns, Reaching safepoint: 35167 ns, At safepoint: 2375 ns, Total: 37542 ns
[2022-04-22T05:25:11.448+0000][7][safepoint   ] Safepoint "ICBufferFull", Time since last: 1655708 ns, Reaching safepoint: 24375 ns, At safepoint: 1500 ns, Total: 25875 ns
[2022-04-22T05:25:11.450+0000][7][safepoint   ] Safepoint "ICBufferFull", Time since last: 1367084 ns, Reaching safepoint: 467333 ns, At safepoint: 4500 ns, Total: 471833 ns
[2022-04-22T05:25:11.453+0000][7][safepoint   ] Safepoint "ICBufferFull", Time since last: 3056417 ns, Reaching safepoint: 106416 ns, At safepoint: 61334 ns, Total: 167750 ns
[2022-04-22T05:25:11.455+0000][7][safepoint   ] Safepoint "ICBufferFull", Time since last: 2097625 ns, Reaching safepoint: 438666 ns, At safepoint: 15417 ns, Total: 454083 ns
[2022-04-22T05:25:11.457+0000][7][safepoint   ] Safepoint "ICBufferFull", Time since last: 1627667 ns, Reaching safepoint: 218583 ns, At safepoint: 13833 ns, Total: 232416 ns
[2022-04-22T05:25:11.459+0000][7][safepoint   ] Safepoint "ICBufferFull", Time since last: 1805167 ns, Reaching safepoint: 463583 ns, At safepoint: 5750 ns, Total: 469333 ns
[2022-04-22T05:25:11.461+0000][7][safepoint   ] Safepoint "ICBufferFull", Time since last: 1145292 ns, Reaching safepoint: 312708 ns, At safepoint: 2959 ns, Total: 315667 ns
[2022-04-22T05:25:11.462+0000][7][safepoint   ] Safepoint "ICBufferFull", Time since last: 1171291 ns, Reaching safepoint: 289667 ns, At safepoint: 3667 ns, Total: 293334 ns
[2022-04-22T05:25:11.465+0000][7][safepoint   ] Safepoint "ICBufferFull", Time since last: 1814000 ns, Reaching safepoint: 635166 ns, At safepoint: 4584 ns, Total: 639750 ns
[2022-04-22T05:25:11.508+0000][7][gc,start    ] GC(3) Pause Young (Normal) (G1 Evacuation Pause)
[2022-04-22T05:25:11.509+0000][7][gc,task     ] GC(3) Using 5 workers of 5 for evacuation
[2022-04-22T05:25:11.510+0000][7][gc,age      ] GC(3) Desired survivor size 8388608 bytes, new threshold 15 (max threshold 15)
[2022-04-22T05:25:11.516+0000][7][gc,age      ] GC(3) Age table with threshold 15 (max threshold 15)
[2022-04-22T05:25:11.517+0000][7][gc,age      ] GC(3) - age   1:    2992640 bytes,    2992640 total
[2022-04-22T05:25:11.518+0000][7][gc,age      ] GC(3) - age   2:     798952 bytes,    3791592 total
[2022-04-22T05:25:11.520+0000][7][gc,age      ] GC(3) - age   3:    1892776 bytes,    5684368 total
[2022-04-22T05:25:11.520+0000][7][gc,phases   ] GC(3)   Pre Evacuate Collection Set: 0.1ms
[2022-04-22T05:25:11.521+0000][7][gc,phases   ] GC(3)   Merge Heap Roots: 0.0ms
[2022-04-22T05:25:11.522+0000][7][gc,phases   ] GC(3)   Evacuate Collection Set: 4.0ms
[2022-04-22T05:25:11.524+0000][7][gc,phases   ] GC(3)   Post Evacuate Collection Set: 0.7ms
[2022-04-22T05:25:11.524+0000][7][gc,phases   ] GC(3)   Other: 7.4ms
[2022-04-22T05:25:11.525+0000][7][gc,heap     ] GC(3) Eden regions: 28->0(74)
[2022-04-22T05:25:11.526+0000][7][gc,heap     ] GC(3) Survivor regions: 1->2(4)
[2022-04-22T05:25:11.527+0000][7][gc,heap     ] GC(3) Old regions: 2->2
[2022-04-22T05:25:11.528+0000][7][gc,heap     ] GC(3) Archive regions: 2->2
[2022-04-22T05:25:11.529+0000][7][gc,heap     ] GC(3) Humongous regions: 0->0
[2022-04-22T05:25:11.530+0000][7][gc,metaspace] GC(3) Metaspace: 16969K(17280K)->16969K(17280K) NonClass: 14946K(15104K)->14946K(15104K) Class: 2023K(2176K)->2023K(2176K)
[2022-04-22T05:25:11.531+0000][7][gc          ] GC(3) Pause Young (Normal) (G1 Evacuation Pause) 122M->13M(512M) 23.507ms
[2022-04-22T05:25:11.533+0000][7][gc,cpu      ] GC(3) User=0.02s Sys=0.01s Real=0.03s
[2022-04-22T05:25:11.534+0000][7][safepoint   ] Safepoint "G1CollectForAllocation", Time since last: 42901500 ns, Reaching safepoint: 208916 ns, At safepoint: 26281417 ns, Total: 26490333 ns
[2022-04-22T05:25:11.881+0000][7][safepoint   ] Safepoint "ICBufferFull", Time since last: 346048959 ns, Reaching safepoint: 731583 ns, At safepoint: 18708 ns, Total: 750291 ns
[2022-04-22T05:25:11.997+0000][7][gc,start    ] GC(4) Pause Young (Normal) (G1 Evacuation Pause)
[2022-04-22T05:25:11.998+0000][7][gc,task     ] GC(4) Using 5 workers of 5 for evacuation
[2022-04-22T05:25:11.999+0000][7][gc,age      ] GC(4) Desired survivor size 20971520 bytes, new threshold 15 (max threshold 15)
[2022-04-22T05:25:12.007+0000][7][gc,age      ] GC(4) Age table with threshold 15 (max threshold 15)
[2022-04-22T05:25:12.009+0000][7][gc,age      ] GC(4) - age   1:    6123720 bytes,    6123720 total
[2022-04-22T05:25:12.010+0000][7][gc,age      ] GC(4) - age   2:    2323712 bytes,    8447432 total
[2022-04-22T05:25:12.012+0000][7][gc,age      ] GC(4) - age   3:     798688 bytes,    9246120 total
[2022-04-22T05:25:12.013+0000][7][gc,age      ] GC(4) - age   4:    1891896 bytes,   11138016 total
[2022-04-22T05:25:12.014+0000][7][gc,phases   ] GC(4)   Pre Evacuate Collection Set: 0.5ms
[2022-04-22T05:25:12.016+0000][7][gc,phases   ] GC(4)   Merge Heap Roots: 0.0ms
[2022-04-22T05:25:12.017+0000][7][gc,phases   ] GC(4)   Evacuate Collection Set: 5.1ms
[2022-04-22T05:25:12.018+0000][7][gc,phases   ] GC(4)   Post Evacuate Collection Set: 1.5ms
[2022-04-22T05:25:12.019+0000][7][gc,phases   ] GC(4)   Other: 10.1ms
[2022-04-22T05:25:12.020+0000][7][gc,heap     ] GC(4) Eden regions: 74->0(73)
[2022-04-22T05:25:12.021+0000][7][gc,heap     ] GC(4) Survivor regions: 2->3(10)
[2022-04-22T05:25:12.022+0000][7][gc,heap     ] GC(4) Old regions: 2->2
[2022-04-22T05:25:12.023+0000][7][gc,heap     ] GC(4) Archive regions: 2->2
[2022-04-22T05:25:12.024+0000][7][gc,heap     ] GC(4) Humongous regions: 0->0
[2022-04-22T05:25:12.025+0000][7][gc,metaspace] GC(4) Metaspace: 18573K(19008K)->18573K(19008K) NonClass: 16303K(16576K)->16303K(16576K) Class: 2270K(2432K)->2270K(2432K)
[2022-04-22T05:25:12.026+0000][7][gc          ] GC(4) Pause Young (Normal) (G1 Evacuation Pause) 309M->19M(512M) 28.522ms
[2022-04-22T05:25:12.027+0000][7][gc,cpu      ] GC(4) User=0.01s Sys=0.01s Real=0.03s
[2022-04-22T05:25:12.027+0000][7][safepoint   ] Safepoint "G1CollectForAllocation", Time since last: 115876125 ns, Reaching safepoint: 77917 ns, At safepoint: 30240292 ns, Total: 30318209 ns
[2022-04-22T05:25:12.324+0000][7][gc,start    ] GC(5) Pause Young (Normal) (G1 Evacuation Pause)
[2022-04-22T05:25:12.325+0000][7][gc,task     ] GC(5) Using 5 workers of 5 for evacuation
[2022-04-22T05:25:12.326+0000][7][gc,age      ] GC(5) Desired survivor size 20971520 bytes, new threshold 15 (max threshold 15)
[2022-04-22T05:25:12.331+0000][7][gc,age      ] GC(5) Age table with threshold 15 (max threshold 15)
[2022-04-22T05:25:12.332+0000][7][gc,age      ] GC(5) - age   1:    1725160 bytes,    1725160 total
[2022-04-22T05:25:12.333+0000][7][gc,age      ] GC(5) - age   2:    5114424 bytes,    6839584 total
[2022-04-22T05:25:12.334+0000][7][gc,age      ] GC(5) - age   3:    2323248 bytes,    9162832 total
[2022-04-22T05:25:12.335+0000][7][gc,age      ] GC(5) - age   4:     798416 bytes,    9961248 total
[2022-04-22T05:25:12.336+0000][7][gc,age      ] GC(5) - age   5:    1891832 bytes,   11853080 total
[2022-04-22T05:25:12.337+0000][7][gc,phases   ] GC(5)   Pre Evacuate Collection Set: 0.1ms
[2022-04-22T05:25:12.338+0000][7][gc,phases   ] GC(5)   Merge Heap Roots: 0.1ms
[2022-04-22T05:25:12.339+0000][7][gc,phases   ] GC(5)   Evacuate Collection Set: 2.8ms
[2022-04-22T05:25:12.340+0000][7][gc,phases   ] GC(5)   Post Evacuate Collection Set: 1.2ms
[2022-04-22T05:25:12.340+0000][7][gc,phases   ] GC(5)   Other: 9.0ms
[2022-04-22T05:25:12.341+0000][7][gc,heap     ] GC(5) Eden regions: 73->0(73)
[2022-04-22T05:25:12.342+0000][7][gc,heap     ] GC(5) Survivor regions: 3->3(10)
[2022-04-22T05:25:12.343+0000][7][gc,heap     ] GC(5) Old regions: 2->2
[2022-04-22T05:25:12.344+0000][7][gc,heap     ] GC(5) Archive regions: 2->2
[2022-04-22T05:25:12.344+0000][7][gc,heap     ] GC(5) Humongous regions: 0->0
[2022-04-22T05:25:12.346+0000][7][gc,metaspace] GC(5) Metaspace: 19520K(20032K)->19520K(20032K) NonClass: 17112K(17408K)->17112K(17408K) Class: 2408K(2624K)->2408K(2624K)
[2022-04-22T05:25:12.347+0000][7][gc          ] GC(5) Pause Young (Normal) (G1 Evacuation Pause) 311M->20M(512M) 23.256ms
[2022-04-22T05:25:12.348+0000][7][gc,cpu      ] GC(5) User=0.03s Sys=0.00s Real=0.02s
[2022-04-22T05:25:12.349+0000][7][safepoint   ] Safepoint "G1CollectForAllocation", Time since last: 296262500 ns, Reaching safepoint: 115416 ns, At safepoint: 25055084 ns, Total: 25170500 ns
[2022-04-22T05:25:12.639+0000][7][gc,start    ] GC(6) Pause Young (Normal) (G1 Evacuation Pause)
[2022-04-22T05:25:12.640+0000][7][gc,task     ] GC(6) Using 5 workers of 5 for evacuation
[2022-04-22T05:25:12.641+0000][7][gc,age      ] GC(6) Desired survivor size 20971520 bytes, new threshold 15 (max threshold 15)
[2022-04-22T05:25:12.647+0000][7][gc,age      ] GC(6) Age table with threshold 15 (max threshold 15)
[2022-04-22T05:25:12.648+0000][7][gc,age      ] GC(6) - age   1:    3742656 bytes,    3742656 total
[2022-04-22T05:25:12.649+0000][7][gc,age      ] GC(6) - age   2:    1331712 bytes,    5074368 total
[2022-04-22T05:25:12.650+0000][7][gc,age      ] GC(6) - age   3:    5109328 bytes,   10183696 total
[2022-04-22T05:25:12.651+0000][7][gc,age      ] GC(6) - age   4:    2321824 bytes,   12505520 total
[2022-04-22T05:25:12.652+0000][7][gc,age      ] GC(6) - age   5:     797736 bytes,   13303256 total
[2022-04-22T05:25:12.653+0000][7][gc,age      ] GC(6) - age   6:    1891528 bytes,   15194784 total
[2022-04-22T05:25:12.654+0000][7][gc,phases   ] GC(6)   Pre Evacuate Collection Set: 0.3ms
[2022-04-22T05:25:12.655+0000][7][gc,phases   ] GC(6)   Merge Heap Roots: 0.2ms
[2022-04-22T05:25:12.656+0000][7][gc,phases   ] GC(6)   Evacuate Collection Set: 3.3ms
[2022-04-22T05:25:12.657+0000][7][gc,phases   ] GC(6)   Post Evacuate Collection Set: 0.7ms
[2022-04-22T05:25:12.658+0000][7][gc,phases   ] GC(6)   Other: 10.5ms
[2022-04-22T05:25:12.658+0000][7][gc,heap     ] GC(6) Eden regions: 73->0(72)
[2022-04-22T05:25:12.659+0000][7][gc,heap     ] GC(6) Survivor regions: 3->4(10)
[2022-04-22T05:25:12.660+0000][7][gc,heap     ] GC(6) Old regions: 2->2
[2022-04-22T05:25:12.661+0000][7][gc,heap     ] GC(6) Archive regions: 2->2
[2022-04-22T05:25:12.662+0000][7][gc,heap     ] GC(6) Humongous regions: 0->0
[2022-04-22T05:25:12.662+0000][7][gc,metaspace] GC(6) Metaspace: 20680K(21184K)->20680K(21184K) NonClass: 18113K(18432K)->18113K(18432K) Class: 2567K(2752K)->2567K(2752K)
[2022-04-22T05:25:12.663+0000][7][gc          ] GC(6) Pause Young (Normal) (G1 Evacuation Pause) 312M->23M(512M) 24.096ms
[2022-04-22T05:25:12.664+0000][7][gc,cpu      ] GC(6) User=0.02s Sys=0.00s Real=0.02s
[2022-04-22T05:25:12.664+0000][7][safepoint   ] Safepoint "G1CollectForAllocation", Time since last: 289941667 ns, Reaching safepoint: 166500 ns, At safepoint: 25540000 ns, Total: 25706500 ns
[2022-04-22T05:25:12.854+0000][7][gc,start    ] GC(7) Pause Young (Concurrent Start) (Metadata GC Threshold)
[2022-04-22T05:25:12.855+0000][7][gc,task     ] GC(7) Using 5 workers of 5 for evacuation
[2022-04-22T05:25:12.855+0000][7][gc,age      ] GC(7) Desired survivor size 20971520 bytes, new threshold 15 (max threshold 15)
[2022-04-22T05:25:12.860+0000][7][gc,age      ] GC(7) Age table with threshold 15 (max threshold 15)
[2022-04-22T05:25:12.861+0000][7][gc,age      ] GC(7) - age   1:     968136 bytes,     968136 total
[2022-04-22T05:25:12.862+0000][7][gc,age      ] GC(7) - age   2:    2157640 bytes,    3125776 total
[2022-04-22T05:25:12.863+0000][7][gc,age      ] GC(7) - age   3:    1318248 bytes,    4444024 total
[2022-04-22T05:25:12.864+0000][7][gc,age      ] GC(7) - age   4:    5096352 bytes,    9540376 total
[2022-04-22T05:25:12.864+0000][7][gc,age      ] GC(7) - age   5:    2317744 bytes,   11858120 total
[2022-04-22T05:25:12.865+0000][7][gc,age      ] GC(7) - age   6:     797736 bytes,   12655856 total
[2022-04-22T05:25:12.866+0000][7][gc,age      ] GC(7) - age   7:    1891528 bytes,   14547384 total
[2022-04-22T05:25:12.867+0000][7][gc,phases   ] GC(7)   Pre Evacuate Collection Set: 0.3ms
[2022-04-22T05:25:12.867+0000][7][gc,phases   ] GC(7)   Merge Heap Roots: 0.1ms
[2022-04-22T05:25:12.868+0000][7][gc,phases   ] GC(7)   Evacuate Collection Set: 2.7ms
[2022-04-22T05:25:12.869+0000][7][gc,phases   ] GC(7)   Post Evacuate Collection Set: 0.8ms
[2022-04-22T05:25:12.869+0000][7][gc,phases   ] GC(7)   Other: 9.6ms
[2022-04-22T05:25:12.870+0000][7][gc,heap     ] GC(7) Eden regions: 60->0(72)
[2022-04-22T05:25:12.870+0000][7][gc,heap     ] GC(7) Survivor regions: 4->4(10)
[2022-04-22T05:25:12.871+0000][7][gc,heap     ] GC(7) Old regions: 2->2
[2022-04-22T05:25:12.871+0000][7][gc,heap     ] GC(7) Archive regions: 2->2
[2022-04-22T05:25:12.872+0000][7][gc,heap     ] GC(7) Humongous regions: 0->0
[2022-04-22T05:25:12.872+0000][7][gc,metaspace] GC(7) Metaspace: 21002K(21504K)->21002K(21504K) NonClass: 18374K(18688K)->18374K(18688K) Class: 2628K(2816K)->2628K(2816K)
[2022-04-22T05:25:12.873+0000][7][gc          ] GC(7) Pause Young (Concurrent Start) (Metadata GC Threshold) 261M->22M(512M) 19.466ms
[2022-04-22T05:25:12.874+0000][7][gc,cpu      ] GC(7) User=0.02s Sys=0.01s Real=0.02s
[2022-04-22T05:25:12.875+0000][7][gc          ] GC(8) Concurrent Mark Cycle
[2022-04-22T05:25:12.875+0000][7][gc,marking  ] GC(8) Concurrent Clear Claimed Marks
[2022-04-22T05:25:12.876+0000][7][gc,marking  ] GC(8) Concurrent Clear Claimed Marks 0.898ms
[2022-04-22T05:25:12.877+0000][7][gc,marking  ] GC(8) Concurrent Scan Root Regions
[2022-04-22T05:25:12.875+0000][7][safepoint   ] Safepoint "CollectForMetadataAllocation", Time since last: 188908416 ns, Reaching safepoint: 68459 ns, At safepoint: 21349458 ns, Total: 21417917 ns
[2022-04-22T05:25:12.884+0000][7][gc,marking  ] GC(8) Concurrent Scan Root Regions 7.598ms
[2022-04-22T05:25:12.885+0000][7][gc,marking  ] GC(8) Concurrent Mark
[2022-04-22T05:25:12.886+0000][7][gc,marking  ] GC(8) Concurrent Mark From Roots
[2022-04-22T05:25:12.888+0000][7][gc,task     ] GC(8) Using 1 workers of 1 for marking
[2022-04-22T05:25:12.892+0000][7][gc,marking  ] GC(8) Concurrent Mark From Roots 6.066ms
[2022-04-22T05:25:12.894+0000][7][gc,marking  ] GC(8) Concurrent Preclean
[2022-04-22T05:25:12.895+0000][7][gc,marking  ] GC(8) Concurrent Preclean 1.132ms
[2022-04-22T05:25:12.896+0000][7][gc,start    ] GC(8) Pause Remark
[2022-04-22T05:25:12.900+0000][7][gc          ] GC(8) Pause Remark 24M->24M(512M) 3.484ms
[2022-04-22T05:25:12.901+0000][7][gc,cpu      ] GC(8) User=0.00s Sys=0.00s Real=0.01s
[2022-04-22T05:25:12.902+0000][7][safepoint   ] Safepoint "G1Concurrent", Time since last: 21394917 ns, Reaching safepoint: 333791 ns, At safepoint: 5668084 ns, Total: 6001875 ns
[2022-04-22T05:25:12.903+0000][7][gc,marking  ] GC(8) Concurrent Mark 17.266ms
[2022-04-22T05:25:12.903+0000][7][gc,marking  ] GC(8) Concurrent Rebuild Remembered Sets
[2022-04-22T05:25:12.906+0000][7][gc,marking  ] GC(8) Concurrent Rebuild Remembered Sets 2.777ms
[2022-04-22T05:25:12.907+0000][7][gc,start    ] GC(8) Pause Cleanup
[2022-04-22T05:25:12.909+0000][7][gc          ] GC(8) Pause Cleanup 24M->24M(512M) 1.159ms
[2022-04-22T05:25:12.909+0000][7][gc,cpu      ] GC(8) User=0.00s Sys=0.00s Real=0.01s
[2022-04-22T05:25:12.911+0000][7][safepoint   ] Safepoint "G1Concurrent", Time since last: 5193083 ns, Reaching safepoint: 262208 ns, At safepoint: 3044750 ns, Total: 3306958 ns
[2022-04-22T05:25:12.911+0000][7][gc,marking  ] GC(8) Concurrent Cleanup for Next Mark
[2022-04-22T05:25:12.913+0000][7][gc,marking  ] GC(8) Concurrent Cleanup for Next Mark 1.451ms
[2022-04-22T05:25:12.914+0000][7][gc          ] GC(8) Concurrent Mark Cycle 39.205ms
[2022-04-22T05:25:13.279+0000][7][safepoint   ] Safepoint "ICBufferFull", Time since last: 368605542 ns, Reaching safepoint: 153792 ns, At safepoint: 15292 ns, Total: 169084 ns
[2022-04-22T05:25:13.340+0000][7][safepoint   ] Safepoint "ICBufferFull", Time since last: 60676250 ns, Reaching safepoint: 65000 ns, At safepoint: 7166 ns, Total: 72166 ns
[2022-04-22T05:25:13.354+0000][7][safepoint   ] Safepoint "ICBufferFull", Time since last: 13440500 ns, Reaching safepoint: 554125 ns, At safepoint: 5625 ns, Total: 559750 ns
[2022-04-22T05:25:13.356+0000][7][safepoint   ] Safepoint "ICBufferFull", Time since last: 1838209 ns, Reaching safepoint: 47041 ns, At safepoint: 63417 ns, Total: 110458 ns
[2022-04-22T05:25:13.359+0000][7][safepoint   ] Safepoint "ICBufferFull", Time since last: 2717833 ns, Reaching safepoint: 109584 ns, At safepoint: 3416 ns, Total: 113000 ns
[2022-04-22T05:25:13.361+0000][7][safepoint   ] Safepoint "ICBufferFull", Time since last: 1706209 ns, Reaching safepoint: 107041 ns, At safepoint: 7000 ns, Total: 114041 ns
[2022-04-22T05:25:13.362+0000][7][safepoint   ] Safepoint "ICBufferFull", Time since last: 1274292 ns, Reaching safepoint: 131083 ns, At safepoint: 2875 ns, Total: 133958 ns
[2022-04-22T05:25:13.363+0000][7][safepoint   ] Safepoint "ICBufferFull", Time since last: 945959 ns, Reaching safepoint: 204083 ns, At safepoint: 2250 ns, Total: 206333 ns
[2022-04-22T05:25:13.374+0000][7][safepoint   ] Safepoint "ICBufferFull", Time since last: 10535542 ns, Reaching safepoint: 167916 ns, At safepoint: 64084 ns, Total: 232000 ns
[2022-04-22T05:25:13.376+0000][7][safepoint   ] Safepoint "ICBufferFull", Time since last: 1312916 ns, Reaching safepoint: 333084 ns, At safepoint: 3333 ns, Total: 336417 ns
[2022-04-22T05:25:13.377+0000][7][safepoint   ] Safepoint "ICBufferFull", Time since last: 1301083 ns, Reaching safepoint: 127875 ns, At safepoint: 2750 ns, Total: 130625 ns
[2022-04-22T05:25:13.378+0000][7][safepoint   ] Safepoint "ICBufferFull", Time since last: 1094584 ns, Reaching safepoint: 217791 ns, At safepoint: 6250 ns, Total: 224041 ns
[2022-04-22T05:25:13.398+0000][7][safepoint   ] Safepoint "ICBufferFull", Time since last: 19833042 ns, Reaching safepoint: 66750 ns, At safepoint: 20583 ns, Total: 87333 ns
[2022-04-22T05:25:13.403+0000][7][safepoint   ] Safepoint "ICBufferFull", Time since last: 4883625 ns, Reaching safepoint: 109042 ns, At safepoint: 9000 ns, Total: 118042 ns
[2022-04-22T05:25:13.405+0000][7][safepoint   ] Safepoint "ICBufferFull", Time since last: 1362292 ns, Reaching safepoint: 130458 ns, At safepoint: 3250 ns, Total: 133708 ns
[2022-04-22T05:25:13.406+0000][7][safepoint   ] Safepoint "ICBufferFull", Time since last: 1229583 ns, Reaching safepoint: 89167 ns, At safepoint: 2500 ns, Total: 91667 ns
[2022-04-22T05:25:13.411+0000][7][safepoint   ] Safepoint "ICBufferFull", Time since last: 4408000 ns, Reaching safepoint: 97958 ns, At safepoint: 3792 ns, Total: 101750 ns
[2022-04-22T05:25:13.425+0000][7][safepoint   ] Safepoint "ICBufferFull", Time since last: 14353083 ns, Reaching safepoint: 157625 ns, At safepoint: 3417 ns, Total: 161042 ns
[2022-04-22T05:25:13.578+0000][7][safepoint   ] Safepoint "ICBufferFull", Time since last: 152219833 ns, Reaching safepoint: 435209 ns, At safepoint: 13208 ns, Total: 448417 ns
[2022-04-22T05:25:13.824+0000][7][safepoint   ] Safepoint "ICBufferFull", Time since last: 246065209 ns, Reaching safepoint: 205875 ns, At safepoint: 8666 ns, Total: 214541 ns
[2022-04-22T05:25:14.033+0000][7][safepoint   ] Safepoint "ICBufferFull", Time since last: 208360875 ns, Reaching safepoint: 256209 ns, At safepoint: 3416 ns, Total: 259625 ns
[2022-04-22T05:25:14.232+0000][7][safepoint   ] Safepoint "ICBufferFull", Time since last: 198995459 ns, Reaching safepoint: 264250 ns, At safepoint: 33875 ns, Total: 298125 ns
[2022-04-22T05:25:14.404+0000][7][gc,start    ] GC(9) Pause Young (Concurrent Start) (Metadata GC Threshold)
[2022-04-22T05:25:14.405+0000][7][gc,task     ] GC(9) Using 5 workers of 5 for evacuation
[2022-04-22T05:25:14.407+0000][7][gc,age      ] GC(9) Desired survivor size 20971520 bytes, new threshold 15 (max threshold 15)
[2022-04-22T05:25:14.428+0000][7][gc,age      ] GC(9) Age table with threshold 15 (max threshold 15)
[2022-04-22T05:25:14.429+0000][7][gc,age      ] GC(9) - age   1:   27110848 bytes,   27110848 total
[2022-04-22T05:25:14.430+0000][7][gc,age      ] GC(9) - age   2:     957712 bytes,   28068560 total
[2022-04-22T05:25:14.433+0000][7][gc,age      ] GC(9) - age   3:    2138504 bytes,   30207064 total
[2022-04-22T05:25:14.434+0000][7][gc,age      ] GC(9) - age   4:    1315640 bytes,   31522704 total
[2022-04-22T05:25:14.435+0000][7][gc,age      ] GC(9) - age   5:    5067720 bytes,   36590424 total
[2022-04-22T05:25:14.436+0000][7][gc,age      ] GC(9) - age   6:    2245264 bytes,   38835688 total
[2022-04-22T05:25:14.437+0000][7][gc,age      ] GC(9) - age   7:     765056 bytes,   39600744 total
[2022-04-22T05:25:14.437+0000][7][gc,age      ] GC(9) - age   8:    1884304 bytes,   41485048 total
[2022-04-22T05:25:14.438+0000][7][gc,phases   ] GC(9)   Pre Evacuate Collection Set: 0.5ms
[2022-04-22T05:25:14.438+0000][7][gc,phases   ] GC(9)   Merge Heap Roots: 0.2ms
[2022-04-22T05:25:14.439+0000][7][gc,phases   ] GC(9)   Evacuate Collection Set: 17.3ms
[2022-04-22T05:25:14.440+0000][7][gc,phases   ] GC(9)   Post Evacuate Collection Set: 2.1ms
[2022-04-22T05:25:14.440+0000][7][gc,phases   ] GC(9)   Other: 13.7ms
[2022-04-22T05:25:14.441+0000][7][gc,heap     ] GC(9) Eden regions: 70->0(66)
[2022-04-22T05:25:14.442+0000][7][gc,heap     ] GC(9) Survivor regions: 4->10(10)
[2022-04-22T05:25:14.443+0000][7][gc,heap     ] GC(9) Old regions: 2->2
[2022-04-22T05:25:14.443+0000][7][gc,heap     ] GC(9) Archive regions: 2->2
[2022-04-22T05:25:14.444+0000][7][gc,heap     ] GC(9) Humongous regions: 0->0
[2022-04-22T05:25:14.445+0000][7][gc,metaspace] GC(9) Metaspace: 35483K(36416K)->35483K(36416K) NonClass: 30790K(31360K)->30790K(31360K) Class: 4693K(5056K)->4693K(5056K)
[2022-04-22T05:25:14.446+0000][7][gc          ] GC(9) Pause Young (Concurrent Start) (Metadata GC Threshold) 300M->48M(512M) 41.659ms
[2022-04-22T05:25:14.447+0000][7][gc,cpu      ] GC(9) User=0.07s Sys=0.00s Real=0.04s
[2022-04-22T05:25:14.448+0000][7][safepoint   ] Safepoint "CollectForMetadataAllocation", Time since last: 171718500 ns, Reaching safepoint: 155541 ns, At safepoint: 43921125 ns, Total: 44076666 ns
[2022-04-22T05:25:14.448+0000][7][gc          ] GC(10) Concurrent Mark Cycle
[2022-04-22T05:25:14.450+0000][7][gc,marking  ] GC(10) Concurrent Clear Claimed Marks
[2022-04-22T05:25:14.451+0000][7][gc,marking  ] GC(10) Concurrent Clear Claimed Marks 1.113ms
[2022-04-22T05:25:14.452+0000][7][gc,marking  ] GC(10) Concurrent Scan Root Regions
[2022-04-22T05:25:14.460+0000][7][safepoint   ] Safepoint "CollectForMetadataAllocation", Time since last: 11725792 ns, Reaching safepoint: 159917 ns, At safepoint: 34625 ns, Total: 194542 ns
[2022-04-22T05:25:14.466+0000][7][gc,marking  ] GC(10) Concurrent Scan Root Regions 14.457ms
[2022-04-22T05:25:14.467+0000][7][gc,marking  ] GC(10) Concurrent Mark
[2022-04-22T05:25:14.468+0000][7][gc,marking  ] GC(10) Concurrent Mark From Roots
[2022-04-22T05:25:14.469+0000][7][gc,task     ] GC(10) Using 1 workers of 1 for marking
[2022-04-22T05:25:14.471+0000][7][safepoint   ] Safepoint "CollectForMetadataAllocation", Time since last: 10699708 ns, Reaching safepoint: 265917 ns, At safepoint: 34000 ns, Total: 299917 ns
[2022-04-22T05:25:14.473+0000][7][gc,marking  ] GC(10) Concurrent Mark From Roots 5.121ms
[2022-04-22T05:25:14.474+0000][7][gc,marking  ] GC(10) Concurrent Preclean
[2022-04-22T05:25:14.475+0000][7][gc,marking  ] GC(10) Concurrent Preclean 1.066ms
[2022-04-22T05:25:14.476+0000][7][gc,start    ] GC(10) Pause Remark
[2022-04-22T05:25:14.479+0000][7][gc          ] GC(10) Pause Remark 52M->52M(512M) 3.623ms
[2022-04-22T05:25:14.481+0000][7][gc,cpu      ] GC(10) User=0.01s Sys=0.00s Real=0.01s
[2022-04-22T05:25:14.484+0000][7][safepoint   ] Safepoint "G1Concurrent", Time since last: 4885500 ns, Reaching safepoint: 167541 ns, At safepoint: 8137000 ns, Total: 8304541 ns
[2022-04-22T05:25:14.486+0000][7][gc,marking  ] GC(10) Concurrent Mark 18.437ms
[2022-04-22T05:25:14.486+0000][7][gc,marking  ] GC(10) Concurrent Rebuild Remembered Sets
[2022-04-22T05:25:14.495+0000][7][gc,marking  ] GC(10) Concurrent Rebuild Remembered Sets 8.474ms
[2022-04-22T05:25:14.496+0000][7][gc,start    ] GC(10) Pause Cleanup
[2022-04-22T05:25:14.497+0000][7][gc          ] GC(10) Pause Cleanup 52M->52M(512M) 1.334ms
[2022-04-22T05:25:14.500+0000][7][gc,cpu      ] GC(10) User=0.00s Sys=0.00s Real=0.01s
[2022-04-22T05:25:14.501+0000][7][safepoint   ] Safepoint "G1Concurrent", Time since last: 11982917 ns, Reaching safepoint: 119458 ns, At safepoint: 5367417 ns, Total: 5486875 ns
[2022-04-22T05:25:14.502+0000][7][gc,marking  ] GC(10) Concurrent Cleanup for Next Mark
[2022-04-22T05:25:14.506+0000][7][gc,marking  ] GC(10) Concurrent Cleanup for Next Mark 3.918ms
[2022-04-22T05:25:14.507+0000][7][gc          ] GC(10) Concurrent Mark Cycle 59.396ms
[2022-04-22T05:25:14.600+0000][7][safepoint   ] Safepoint "ICBufferFull", Time since last: 98850417 ns, Reaching safepoint: 162000 ns, At safepoint: 9083 ns, Total: 171083 ns
[2022-04-22T05:25:15.101+0000][7][safepoint   ] Safepoint "ICBufferFull", Time since last: 500371875 ns, Reaching safepoint: 137459 ns, At safepoint: 13041 ns, Total: 150500 ns
[2022-04-22T05:25:15.354+0000][7][safepoint   ] Safepoint "ICBufferFull", Time since last: 252359501 ns, Reaching safepoint: 314791 ns, At safepoint: 20375 ns, Total: 335166 ns
[2022-04-22T05:25:15.407+0000][7][gc,start    ] GC(11) Pause Young (Concurrent Start) (G1 Evacuation Pause)
[2022-04-22T05:25:15.409+0000][7][gc,task     ] GC(11) Using 5 workers of 5 for evacuation
[2022-04-22T05:25:15.410+0000][7][gc,age      ] GC(11) Desired survivor size 20971520 bytes, new threshold 1 (max threshold 15)
[2022-04-22T05:25:15.443+0000][7][gc,age      ] GC(11) Age table with threshold 1 (max threshold 15)
[2022-04-22T05:25:15.445+0000][7][gc,age      ] GC(11) - age   1:    6004376 bytes,    6004376 total
[2022-04-22T05:25:15.445+0000][7][gc,phases   ] GC(11)   Pre Evacuate Collection Set: 0.3ms
[2022-04-22T05:25:15.447+0000][7][gc,phases   ] GC(11)   Merge Heap Roots: 0.2ms
[2022-04-22T05:25:15.448+0000][7][gc,phases   ] GC(11)   Evacuate Collection Set: 25.9ms
[2022-04-22T05:25:15.449+0000][7][gc,phases   ] GC(11)   Post Evacuate Collection Set: 5.3ms
[2022-04-22T05:25:15.451+0000][7][gc,phases   ] GC(11)   Other: 6.3ms
[2022-04-22T05:25:15.452+0000][7][gc,heap     ] GC(11) Eden regions: 66->0(73)
[2022-04-22T05:25:15.453+0000][7][gc,heap     ] GC(11) Survivor regions: 10->3(10)
[2022-04-22T05:25:15.453+0000][7][gc,heap     ] GC(11) Old regions: 2->11
[2022-04-22T05:25:15.454+0000][7][gc,heap     ] GC(11) Archive regions: 2->2
[2022-04-22T05:25:15.454+0000][7][gc,heap     ] GC(11) Humongous regions: 0->0
[2022-04-22T05:25:15.455+0000][7][gc,metaspace] GC(11) Metaspace: 52078K(53312K)->52078K(53312K) NonClass: 45006K(45760K)->45006K(45760K) Class: 7072K(7552K)->7072K(7552K)
[2022-04-22T05:25:15.456+0000][7][gc          ] GC(11) Pause Young (Concurrent Start) (G1 Evacuation Pause) 312M->56M(512M) 48.219ms
[2022-04-22T05:25:15.456+0000][7][gc,cpu      ] GC(11) User=0.09s Sys=0.00s Real=0.05s
[2022-04-22T05:25:15.457+0000][7][gc          ] GC(12) Concurrent Mark Cycle
[2022-04-22T05:25:15.459+0000][7][gc,marking  ] GC(12) Concurrent Clear Claimed Marks
[2022-04-22T05:25:15.457+0000][7][safepoint   ] Safepoint "G1CollectForAllocation", Time since last: 53708084 ns, Reaching safepoint: 130166 ns, At safepoint: 49720042 ns, Total: 49850208 ns
[2022-04-22T05:25:15.460+0000][7][gc,marking  ] GC(12) Concurrent Clear Claimed Marks 1.032ms
[2022-04-22T05:25:15.461+0000][7][gc,marking  ] GC(12) Concurrent Scan Root Regions
[2022-04-22T05:25:15.480+0000][7][gc,marking  ] GC(12) Concurrent Scan Root Regions 19.629ms
[2022-04-22T05:25:15.482+0000][7][gc,marking  ] GC(12) Concurrent Mark
[2022-04-22T05:25:15.483+0000][7][gc,marking  ] GC(12) Concurrent Mark From Roots
[2022-04-22T05:25:15.484+0000][7][gc,task     ] GC(12) Using 1 workers of 1 for marking
[2022-04-22T05:25:15.489+0000][7][gc,marking  ] GC(12) Concurrent Mark From Roots 5.933ms
[2022-04-22T05:25:15.490+0000][7][gc,marking  ] GC(12) Concurrent Preclean
[2022-04-22T05:25:15.490+0000][7][gc,marking  ] GC(12) Concurrent Preclean 0.531ms
[2022-04-22T05:25:15.491+0000][7][gc,start    ] GC(12) Pause Remark
[2022-04-22T05:25:15.495+0000][7][gc          ] GC(12) Pause Remark 72M->72M(512M) 3.863ms
[2022-04-22T05:25:15.497+0000][7][gc,cpu      ] GC(12) User=0.01s Sys=0.00s Real=0.00s
[2022-04-22T05:25:15.497+0000][7][safepoint   ] Safepoint "G1Concurrent", Time since last: 33690042 ns, Reaching safepoint: 312000 ns, At safepoint: 6312833 ns, Total: 6624833 ns
[2022-04-22T05:25:15.498+0000][7][gc,marking  ] GC(12) Concurrent Mark 16.227ms
[2022-04-22T05:25:15.499+0000][7][gc,marking  ] GC(12) Concurrent Rebuild Remembered Sets
[2022-04-22T05:25:15.500+0000][7][gc,marking  ] GC(12) Concurrent Rebuild Remembered Sets 0.666ms
[2022-04-22T05:25:15.501+0000][7][gc,start    ] GC(12) Pause Cleanup
[2022-04-22T05:25:15.501+0000][7][gc          ] GC(12) Pause Cleanup 74M->74M(512M) 0.681ms
[2022-04-22T05:25:15.502+0000][7][gc,cpu      ] GC(12) User=0.00s Sys=0.00s Real=0.00s
[2022-04-22T05:25:15.503+0000][7][safepoint   ] Safepoint "G1Concurrent", Time since last: 2690917 ns, Reaching safepoint: 441291 ns, At safepoint: 2389542 ns, Total: 2830833 ns
[2022-04-22T05:25:15.504+0000][7][gc,marking  ] GC(12) Concurrent Cleanup for Next Mark
[2022-04-22T05:25:15.505+0000][7][gc,marking  ] GC(12) Concurrent Cleanup for Next Mark 1.255ms
[2022-04-22T05:25:15.505+0000][7][gc          ] GC(12) Concurrent Mark Cycle 48.361ms
[2022-04-22T05:25:15.706+0000][7][safepoint   ] Safepoint "ICBufferFull", Time since last: 202156542 ns, Reaching safepoint: 378875 ns, At safepoint: 41875 ns, Total: 420750 ns
[2022-04-22T05:25:15.751+0000][7][safepoint   ] Safepoint "ICBufferFull", Time since last: 44690791 ns, Reaching safepoint: 247375 ns, At safepoint: 10709 ns, Total: 258084 ns
[2022-04-22T05:25:16.035+0000][7][safepoint   ] Safepoint "ICBufferFull", Time since last: 283775708 ns, Reaching safepoint: 556709 ns, At safepoint: 15500 ns, Total: 572209 ns
[2022-04-22T05:25:16.407+0000][7][safepoint   ] Safepoint "ICBufferFull", Time since last: 371755833 ns, Reaching safepoint: 221042 ns, At safepoint: 11375 ns, Total: 232417 ns
[2022-04-22T05:25:16.606+0000][7][safepoint   ] Safepoint "ICBufferFull", Time since last: 199244666 ns, Reaching safepoint: 345292 ns, At safepoint: 15583 ns, Total: 360875 ns
[2022-04-22T05:25:16.841+0000][7][safepoint   ] Safepoint "ICBufferFull", Time since last: 233923209 ns, Reaching safepoint: 222125 ns, At safepoint: 3083 ns, Total: 225208 ns
[2022-04-22T05:25:17.011+0000][7][safepoint   ] Safepoint "ICBufferFull", Time since last: 169859167 ns, Reaching safepoint: 293875 ns, At safepoint: 16125 ns, Total: 310000 ns
[2022-04-22T05:25:17.114+0000][7][safepoint   ] Safepoint "ICBufferFull", Time since last: 102644583 ns, Reaching safepoint: 238959 ns, At safepoint: 2958 ns, Total: 241917 ns
[2022-04-22T05:25:17.192+0000][7][gc,start    ] GC(13) Pause Young (Normal) (G1 Evacuation Pause)
[2022-04-22T05:25:17.192+0000][7][gc,task     ] GC(13) Using 5 workers of 5 for evacuation
[2022-04-22T05:25:17.193+0000][7][gc,age      ] GC(13) Desired survivor size 20971520 bytes, new threshold 15 (max threshold 15)
[2022-04-22T05:25:17.203+0000][7][gc,age      ] GC(13) Age table with threshold 15 (max threshold 15)
[2022-04-22T05:25:17.204+0000][7][gc,age      ] GC(13) - age   1:   14114792 bytes,   14114792 total
[2022-04-22T05:25:17.205+0000][7][gc,age      ] GC(13) - age   2:    5820752 bytes,   19935544 total
[2022-04-22T05:25:17.206+0000][7][gc,phases   ] GC(13)   Pre Evacuate Collection Set: 0.1ms
[2022-04-22T05:25:17.207+0000][7][gc,phases   ] GC(13)   Merge Heap Roots: 0.2ms
[2022-04-22T05:25:17.208+0000][7][gc,phases   ] GC(13)   Evacuate Collection Set: 7.7ms
[2022-04-22T05:25:17.208+0000][7][gc,phases   ] GC(13)   Post Evacuate Collection Set: 1.7ms
[2022-04-22T05:25:17.209+0000][7][gc,phases   ] GC(13)   Other: 4.7ms
[2022-04-22T05:25:17.209+0000][7][gc,heap     ] GC(13) Eden regions: 73->0(71)
[2022-04-22T05:25:17.210+0000][7][gc,heap     ] GC(13) Survivor regions: 3->5(10)
[2022-04-22T05:25:17.211+0000][7][gc,heap     ] GC(13) Old regions: 11->11
[2022-04-22T05:25:17.211+0000][7][gc,heap     ] GC(13) Archive regions: 2->2
[2022-04-22T05:25:17.212+0000][7][gc,heap     ] GC(13) Humongous regions: 0->0
[2022-04-22T05:25:17.213+0000][7][gc,metaspace] GC(13) Metaspace: 86434K(87936K)->86434K(87936K) NonClass: 74432K(75328K)->74432K(75328K) Class: 12001K(12608K)->12001K(12608K)
[2022-04-22T05:25:17.214+0000][7][gc          ] GC(13) Pause Young (Normal) (G1 Evacuation Pause) 348M->67M(512M) 22.409ms
[2022-04-22T05:25:17.215+0000][7][gc,cpu      ] GC(13) User=0.04s Sys=0.00s Real=0.02s
[2022-04-22T05:25:17.215+0000][7][safepoint   ] Safepoint "G1CollectForAllocation", Time since last: 77902167 ns, Reaching safepoint: 119166 ns, At safepoint: 23797125 ns, Total: 23916291 ns
[2022-04-22T05:25:17.423+0000][7][gc,start    ] GC(14) Pause Young (Concurrent Start) (Metadata GC Threshold)
[2022-04-22T05:25:17.424+0000][7][gc,task     ] GC(14) Using 5 workers of 5 for evacuation
[2022-04-22T05:25:17.425+0000][7][gc,age      ] GC(14) Desired survivor size 20971520 bytes, new threshold 15 (max threshold 15)
[2022-04-22T05:25:17.434+0000][7][gc,age      ] GC(14) Age table with threshold 15 (max threshold 15)
[2022-04-22T05:25:17.435+0000][7][gc,age      ] GC(14) - age   1:     504528 bytes,     504528 total
[2022-04-22T05:25:17.436+0000][7][gc,age      ] GC(14) - age   2:   13663856 bytes,   14168384 total
[2022-04-22T05:25:17.437+0000][7][gc,age      ] GC(14) - age   3:    5795640 bytes,   19964024 total
[2022-04-22T05:25:17.438+0000][7][gc,phases   ] GC(14)   Pre Evacuate Collection Set: 0.4ms
[2022-04-22T05:25:17.439+0000][7][gc,phases   ] GC(14)   Merge Heap Roots: 0.4ms
[2022-04-22T05:25:17.439+0000][7][gc,phases   ] GC(14)   Evacuate Collection Set: 6.9ms
[2022-04-22T05:25:17.440+0000][7][gc,phases   ] GC(14)   Post Evacuate Collection Set: 1.1ms
[2022-04-22T05:25:17.441+0000][7][gc,phases   ] GC(14)   Other: 6.4ms
[2022-04-22T05:25:17.442+0000][7][gc,heap     ] GC(14) Eden regions: 3->0(70)
[2022-04-22T05:25:17.443+0000][7][gc,heap     ] GC(14) Survivor regions: 5->6(10)
[2022-04-22T05:25:17.443+0000][7][gc,heap     ] GC(14) Old regions: 11->11
[2022-04-22T05:25:17.444+0000][7][gc,heap     ] GC(14) Archive regions: 2->2
[2022-04-22T05:25:17.445+0000][7][gc,heap     ] GC(14) Humongous regions: 0->0
[2022-04-22T05:25:17.445+0000][7][gc,metaspace] GC(14) Metaspace: 87485K(88896K)->87485K(88896K) NonClass: 75307K(76160K)->75307K(76160K) Class: 12177K(12736K)->12177K(12736K)
[2022-04-22T05:25:17.446+0000][7][gc          ] GC(14) Pause Young (Concurrent Start) (Metadata GC Threshold) 79M->68M(512M) 23.556ms
[2022-04-22T05:25:17.447+0000][7][gc,cpu      ] GC(14) User=0.04s Sys=0.00s Real=0.02s
[2022-04-22T05:25:17.448+0000][7][gc          ] GC(15) Concurrent Mark Cycle
[2022-04-22T05:25:17.448+0000][7][gc,marking  ] GC(15) Concurrent Clear Claimed Marks
[2022-04-22T05:25:17.448+0000][7][safepoint   ] Safepoint "CollectForMetadataAllocation", Time since last: 206814501 ns, Reaching safepoint: 216083 ns, At safepoint: 25044250 ns, Total: 25260333 ns
[2022-04-22T05:25:17.449+0000][7][gc,marking  ] GC(15) Concurrent Clear Claimed Marks 0.952ms
[2022-04-22T05:25:17.450+0000][7][gc,marking  ] GC(15) Concurrent Scan Root Regions
[2022-04-22T05:25:17.469+0000][7][gc,marking  ] GC(15) Concurrent Scan Root Regions 18.584ms
[2022-04-22T05:25:17.470+0000][7][gc,marking  ] GC(15) Concurrent Mark
[2022-04-22T05:25:17.471+0000][7][gc,marking  ] GC(15) Concurrent Mark From Roots
[2022-04-22T05:25:17.472+0000][7][gc,task     ] GC(15) Using 1 workers of 1 for marking
[2022-04-22T05:25:17.513+0000][7][gc,marking  ] GC(15) Concurrent Mark From Roots 41.511ms
[2022-04-22T05:25:17.514+0000][7][gc,marking  ] GC(15) Concurrent Preclean
[2022-04-22T05:25:17.515+0000][7][gc,marking  ] GC(15) Concurrent Preclean 1.218ms
[2022-04-22T05:25:17.516+0000][7][gc,start    ] GC(15) Pause Remark
[2022-04-22T05:25:17.520+0000][7][gc          ] GC(15) Pause Remark 69M->69M(512M) 3.835ms
[2022-04-22T05:25:17.521+0000][7][gc,cpu      ] GC(15) User=0.00s Sys=0.00s Real=0.01s
[2022-04-22T05:25:17.521+0000][7][safepoint   ] Safepoint "G1Concurrent", Time since last: 68385042 ns, Reaching safepoint: 201625 ns, At safepoint: 5331875 ns, Total: 5533500 ns
[2022-04-22T05:25:17.524+0000][7][gc,marking  ] GC(15) Concurrent Mark 53.669ms
[2022-04-22T05:25:17.524+0000][7][gc,marking  ] GC(15) Concurrent Rebuild Remembered Sets
[2022-04-22T05:25:17.525+0000][7][gc,marking  ] GC(15) Concurrent Rebuild Remembered Sets 1.121ms
[2022-04-22T05:25:17.526+0000][7][gc,start    ] GC(15) Pause Cleanup
[2022-04-22T05:25:17.528+0000][7][gc          ] GC(15) Pause Cleanup 70M->70M(512M) 1.327ms
[2022-04-22T05:25:17.528+0000][7][gc,cpu      ] GC(15) User=0.00s Sys=0.00s Real=0.00s
[2022-04-22T05:25:17.529+0000][7][safepoint   ] Safepoint "G1Concurrent", Time since last: 4780041 ns, Reaching safepoint: 110209 ns, At safepoint: 2384291 ns, Total: 2494500 ns
[2022-04-22T05:25:17.529+0000][7][gc,marking  ] GC(15) Concurrent Cleanup for Next Mark
[2022-04-22T05:25:17.530+0000][7][gc,marking  ] GC(15) Concurrent Cleanup for Next Mark 1.063ms
[2022-04-22T05:25:17.531+0000][7][gc          ] GC(15) Concurrent Mark Cycle 83.753ms
[2022-04-22T05:25:17.801+0000][7][safepoint   ] Safepoint "ICBufferFull", Time since last: 271953834 ns, Reaching safepoint: 166583 ns, At safepoint: 9833 ns, Total: 176416 ns
[2022-04-22T05:25:18.241+0000][7][safepoint   ] Safepoint "ICBufferFull", Time since last: 439880917 ns, Reaching safepoint: 197375 ns, At safepoint: 19000 ns, Total: 216375 ns
[2022-04-22T05:25:18.493+0000][7][safepoint   ] Safepoint "ICBufferFull", Time since last: 251665042 ns, Reaching safepoint: 600917 ns, At safepoint: 23208 ns, Total: 624125 ns
[2022-04-22T05:25:18.687+0000][7][safepoint   ] Safepoint "ICBufferFull", Time since last: 193357958 ns, Reaching safepoint: 498250 ns, At safepoint: 65292 ns, Total: 563542 ns
[2022-04-22T05:25:19.184+0000][7][safepoint   ] Safepoint "ICBufferFull", Time since last: 496477750 ns, Reaching safepoint: 198875 ns, At safepoint: 1959 ns, Total: 200834 ns
[2022-04-22T05:25:19.937+0000][7][safepoint   ] Safepoint "ICBufferFull", Time since last: 751935208 ns, Reaching safepoint: 1266292 ns, At safepoint: 18958 ns, Total: 1285250 ns
[2022-04-22T05:25:20.132+0000][7][safepoint   ] Safepoint "ICBufferFull", Time since last: 194473917 ns, Reaching safepoint: 299000 ns, At safepoint: 26125 ns, Total: 325125 ns
[2022-04-22T05:25:20.878+0000][7][safepoint   ] Safepoint "ICBufferFull", Time since last: 745291876 ns, Reaching safepoint: 424583 ns, At safepoint: 26667 ns, Total: 451250 ns
[2022-04-22T05:25:21.568+0000][7][safepoint   ] Safepoint "ICBufferFull", Time since last: 690270542 ns, Reaching safepoint: 321416 ns, At safepoint: 62250 ns, Total: 383666 ns
[2022-04-22T05:25:22.028+0000][7][safepoint   ] Safepoint "ICBufferFull", Time since last: 458848084 ns, Reaching safepoint: 815583 ns, At safepoint: 8500 ns, Total: 824083 ns
[2022-04-22T05:25:23.064+0000][7][safepoint   ] Safepoint "Cleanup", Time since last: 1036011959 ns, Reaching safepoint: 192375 ns, At safepoint: 5875 ns, Total: 198250 ns
[2022-04-22T05:25:24.069+0000][7][safepoint   ] Safepoint "Cleanup", Time since last: 1004030584 ns, Reaching safepoint: 355708 ns, At safepoint: 9417 ns, Total: 365125 ns
[2022-04-22T05:25:27.090+0000][7][safepoint   ] Safepoint "Cleanup", Time since last: 3019587917 ns, Reaching safepoint: 1026333 ns, At safepoint: 8792 ns, Total: 1035125 ns
[2022-04-22T05:25:30.098+0000][7][safepoint   ] Safepoint "Cleanup", Time since last: 3007887835 ns, Reaching safepoint: 131250 ns, At safepoint: 6208 ns, Total: 137458 ns
[2022-04-22T05:25:36.126+0000][7][safepoint   ] Safepoint "Cleanup", Time since last: 6027561294 ns, Reaching safepoint: 274667 ns, At safepoint: 9708 ns, Total: 284375 ns
[2022-04-22T05:25:41.155+0000][7][safepoint   ] Safepoint "Cleanup", Time since last: 5028623420 ns, Reaching safepoint: 409333 ns, At safepoint: 66000 ns, Total: 475333 ns
[2022-04-22T05:25:45.169+0000][7][safepoint   ] Safepoint "Cleanup", Time since last: 4013687752 ns, Reaching safepoint: 859083 ns, At safepoint: 7875 ns, Total: 866958 ns
[2022-04-22T05:25:46.190+0000][7][safepoint   ] Safepoint "Cleanup", Time since last: 1019806001 ns, Reaching safepoint: 297833 ns, At safepoint: 15917 ns, Total: 313750 ns
[2022-04-22T05:25:47.213+0000][7][safepoint   ] Safepoint "Cleanup", Time since last: 1022639500 ns, Reaching safepoint: 1166125 ns, At safepoint: 10000 ns, Total: 1176125 ns
[2022-04-22T05:25:48.222+0000][7][safepoint   ] Safepoint "Cleanup", Time since last: 1007872292 ns, Reaching safepoint: 394209 ns, At safepoint: 15458 ns, Total: 409667 ns
[2022-04-22T05:25:49.228+0000][7][safepoint   ] Safepoint "Cleanup", Time since last: 1005354709 ns, Reaching safepoint: 635041 ns, At safepoint: 19459 ns, Total: 654500 ns
[2022-04-22T05:25:50.237+0000][7][safepoint   ] Safepoint "Cleanup", Time since last: 1008913542 ns, Reaching safepoint: 574917 ns, At safepoint: 20125 ns, Total: 595042 ns
[2022-04-22T05:25:51.249+0000][7][safepoint   ] Safepoint "Cleanup", Time since last: 1010819917 ns, Reaching safepoint: 466125 ns, At safepoint: 14583 ns, Total: 480708 ns
[2022-04-22T05:25:56.266+0000][7][safepoint   ] Safepoint "Cleanup", Time since last: 5017057377 ns, Reaching safepoint: 644584 ns, At safepoint: 14375 ns, Total: 658959 ns
[2022-04-22T05:26:06.302+0000][7][safepoint   ] Safepoint "Cleanup", Time since last: 10035968546 ns, Reaching safepoint: 630667 ns, At safepoint: 19583 ns, Total: 650250 ns
[2022-04-22T05:26:11.317+0000][7][safepoint   ] Safepoint "Cleanup", Time since last: 5012709377 ns, Reaching safepoint: 1449667 ns, At safepoint: 20125 ns, Total: 1469792 ns
[2022-04-22T05:26:13.328+0000][7][safepoint   ] Safepoint "Cleanup", Time since last: 2011697084 ns, Reaching safepoint: 179167 ns, At safepoint: 9292 ns, Total: 188459 ns
[2022-04-22T05:26:16.339+0000][7][safepoint   ] Safepoint "Cleanup", Time since last: 3009645834 ns, Reaching safepoint: 663542 ns, At safepoint: 14667 ns, Total: 678209 ns
[2022-04-22T05:26:18.353+0000][7][safepoint   ] Safepoint "Cleanup", Time since last: 2013834917 ns, Reaching safepoint: 445417 ns, At safepoint: 13667 ns, Total: 459084 ns
[2022-04-22T05:26:32.416+0000][7][safepoint   ] Safepoint "Cleanup", Time since last: 14061705506 ns, Reaching safepoint: 460458 ns, At safepoint: 12292 ns, Total: 472750 ns
[2022-04-22T05:26:39.448+0000][7][safepoint   ] Safepoint "Cleanup", Time since last: 7031739628 ns, Reaching safepoint: 238375 ns, At safepoint: 9792 ns, Total: 248167 ns
[2022-04-22T05:26:45.465+0000][7][safepoint   ] Safepoint "Cleanup", Time since last: 6016818045 ns, Reaching safepoint: 240208 ns, At safepoint: 13583 ns, Total: 253791 ns
[2022-04-22T05:26:48.489+0000][7][safepoint   ] Safepoint "Cleanup", Time since last: 3023396335 ns, Reaching safepoint: 691833 ns, At safepoint: 20834 ns, Total: 712667 ns
[2022-04-22T05:26:51.513+0000][7][safepoint   ] Safepoint "Cleanup", Time since last: 3022885251 ns, Reaching safepoint: 224417 ns, At safepoint: 12666 ns, Total: 237083 ns
[2022-04-22T05:26:55.527+0000][7][safepoint   ] Safepoint "Cleanup", Time since last: 4013377711 ns, Reaching safepoint: 1352041 ns, At safepoint: 38625 ns, Total: 1390666 ns
[2022-04-22T05:26:56.535+0000][7][safepoint   ] Safepoint "Cleanup", Time since last: 1007629709 ns, Reaching safepoint: 232875 ns, At safepoint: 7000 ns, Total: 239875 ns
[2022-04-22T05:26:57.550+0000][7][safepoint   ] Safepoint "Cleanup", Time since last: 1013152708 ns, Reaching safepoint: 188167 ns, At safepoint: 11750 ns, Total: 199917 ns
[2022-04-22T05:27:01.257+0000][7][gc,heap,exit] Heap
[2022-04-22T05:27:01.259+0000][7][gc,heap,exit]  garbage-first heap   total 524288K, used 353588K [0x00000000e0000000, 0x0000000100000000)
[2022-04-22T05:27:01.260+0000][7][gc,heap,exit]   region size 4096K, 74 young (303104K), 6 survivors (24576K)
[2022-04-22T05:27:01.261+0000][7][gc,heap,exit]  Metaspace       used 98726K, committed 100224K, reserved 1138688K
[2022-04-22T05:27:01.261+0000][7][gc,heap,exit]   class space    used 13876K, committed 14464K, reserved 1048576K
